{
 "id": 649381,
 "bug_id": 164773,
 "attachment_id": 0,
 "creation_time": "2012-02-04T21:00:22Z",
 "creator": "jshupe@hermetek.com",
 "text": "I attempted to update a HP DL145 G3 server from 8.1p5 to 9.0p0 today and\nfound that it hangs at \"Root mount waiting for: usbus2\".\n\nThe issue was incurred after running:\nfreebsd-update upgrade -r 9.0-RELEASE\nfreebsd-update install\nshutdown -r now\n\nI tried various things to disable USB in the boot loader, like:\nset hint.usb.0.disabled=1\nset hint.ehci.0.disabled=1\n\nAnd also things like:\nset vfs.root.mountfrom=ufs:/dev/da0s1a\nset rootdev=disk0s1a\n\nbut it seemed to ignore them and the result was the exact same each time.\n\nI've attached a working 8.1 /var/run/dmesg.boot along with the output of\nthe 9.0 dmesg. Also, disabling ACPI causes 9.0 to panic and reboot.\n\n----------------------------------------------------------------\n\nCopyright (c) 1992-2010 The FreeBSD Project.\nCopyright (c) 1979, 1980, 1983, 1986, 1988, 1989, 1991, 1992, 1993, 1994\n\tThe Regents of the University of California. All rights reserved.\nFreeBSD is a registered trademark of The FreeBSD Foundation.\nFreeBSD 8.1-RELEASE-p5 #0: Tue Sep 27 16:49:00 UTC 2011\n    root@amd64-builder.daemonology.net:/usr/obj/usr/src/sys/GENERIC amd64\nTimecounter \"i8254\" frequency 1193182 Hz quality 0\nCPU: Dual-Core AMD Opteron(tm) Processor 2214 HE (2194.51-MHz K8-class CPU)\n  Origin = \"AuthenticAMD\"  Id = 0x40f12  Family = f  Model = 41  Stepping = 2\n  Features=0x178bfbff\u003cFPU,VME,DE,PSE,TSC,MSR,PAE,MCE,CX8,APIC,SEP,MTRR,PGE,MCA,CMOV,PAT,PSE36,CLFLUSH,MMX,FXSR,SSE,SSE2,HTT\u003e\n  Features2=0x2001\u003cSSE3,CX16\u003e\n  AMD Features=0xea500800\u003cSYSCALL,NX,MMX+,FFXSR,RDTSCP,LM,3DNow!+,3DNow!\u003e\n  AMD Features2=0x1f\u003cLAHF,CMP,SVM,ExtAPIC,CR8\u003e\nreal memory  = 2147483648 (2048 MB)\navail memory = 2047459328 (1952 MB)\nACPI APIC Table: \u003cPTLTD    APIC  \u003e\nFreeBSD/SMP: Multiprocessor System Detected: 2 CPUs\nFreeBSD/SMP: 1 package(s) x 2 core(s)\n cpu0 (BSP): APIC ID:  0\n cpu1 (AP): APIC ID:  1\nMADT: Forcing active-low polarity and level trigger for SCI\nioapic0 \u003cVersion 1.1\u003e irqs 0-15 on motherboard\nioapic1 \u003cVersion 1.1\u003e irqs 16-31 on motherboard\nioapic2 \u003cVersion 1.1\u003e irqs 32-47 on motherboard\nkbd1 at kbdmux0\nacpi0: \u003cPTLTD \t XSDT\u003e on motherboard\nacpi0: [ITHREAD]\nacpi0: Power Button (fixed)\nunknown: I/O range not supported\nTimecounter \"ACPI-safe\" frequency 3579545 Hz quality 850\nacpi_timer0: \u003c32-bit timer at 3.579545MHz\u003e port 0x508-0x50b on acpi0\ncpu0: \u003cACPI CPU\u003e on acpi0\ncpu1: \u003cACPI CPU\u003e on acpi0\nacpi_hpet0: \u003cHigh Precision Event Timer\u003e iomem 0xfed00000-0xfed003ff on acpi0\nTimecounter \"HPET\" frequency 14318180 Hz quality 900\npcib0: \u003cACPI Host-PCI bridge\u003e on acpi0\npci0: \u003cACPI PCI bus\u003e on pcib0\npcib1: \u003cACPI PCI-PCI bridge\u003e at device 1.0 on pci0\npci1: \u003cACPI PCI bus\u003e on pcib1\npcib2: \u003cACPI PCI-PCI bridge\u003e at device 13.0 on pci1\npci2: \u003cACPI PCI bus\u003e on pcib2\nmpt0: \u003cLSILogic SAS/SATA Adapter\u003e port 0x2000-0x20ff mem 0xdfa10000-0xdfa13fff,0xdfa00000-0xdfa0ffff irq 16 at device 1.0 on pci2\nmpt0: [ITHREAD]\nmpt0: MPI Version=1.5.13.0\nmpt0: Capabilities: ( RAID-0 RAID-1E RAID-1 )\nmpt0: 1 Active Volume (2 Max)\nmpt0: 2 Hidden Drive Members (10 Max)\natapci0: \u003cServerWorks HT1000 UDMA100 controller\u003e port 0x1f0-0x1f7,0x3f6,0x170-0x177,0x376,0x1c00-0x1c0f at device 2.1 on pci0\nata0: \u003cATA channel 0\u003e on atapci0\nata0: [ITHREAD]\nata1: \u003cATA channel 1\u003e on atapci0\nata1: [ITHREAD]\nisab0: \u003cPCI-ISA bridge\u003e at device 2.2 on pci0\nisa0: \u003cISA bus\u003e on isab0\nohci0: \u003cOHCI (generic) USB controller\u003e port 0x1000-0x10ff mem 0xdfc05000-0xdfc05fff irq 10 at device 3.0 on pci0\nohci0: [ITHREAD]\nusbus0: \u003cOHCI (generic) USB controller\u003e on ohci0\nohci1: \u003cOHCI (generic) USB controller\u003e port 0x1400-0x14ff mem 0xdfc06000-0xdfc06fff irq 10 at device 3.1 on pci0\nohci1: [ITHREAD]\nusbus1: \u003cOHCI (generic) USB controller\u003e on ohci1\nehci0: \u003cEHCI (generic) USB 2.0 controller\u003e port 0x1800-0x18ff mem 0xdfc07000-0xdfc07fff irq 10 at device 3.2 on pci0\nehci0: [ITHREAD]\nusbus2: EHCI version 1.0\nusbus2: \u003cEHCI (generic) USB 2.0 controller\u003e on ehci0\nvgapci0: \u003cVGA-compatible display\u003e mem 0xde000000-0xdeffffff,0xdfc00000-0xdfc03fff,0xdf000000-0xdf7fffff irq 23 at device 4.0 on pci0\npcib3: \u003cACPI PCI-PCI bridge\u003e irq 32 at device 6.0 on pci0\npci3: \u003cACPI PCI bus\u003e on pcib3\npcib4: \u003cACPI PCI-PCI bridge\u003e irq 32 at device 7.0 on pci0\npci4: \u003cACPI PCI bus\u003e on pcib4\npcib5: \u003cACPI PCI-PCI bridge\u003e irq 32 at device 8.0 on pci0\npci5: \u003cACPI PCI bus\u003e on pcib5\npcib6: \u003cACPI PCI-PCI bridge\u003e irq 32 at device 9.0 on pci0\npci6: \u003cACPI PCI bus\u003e on pcib6\npcib7: \u003cACPI PCI-PCI bridge\u003e irq 32 at device 10.0 on pci0\npci7: \u003cACPI PCI bus\u003e on pcib7\npcib8: \u003cACPI PCI-PCI bridge\u003e at device 0.0 on pci7\npci8: \u003cACPI PCI bus\u003e on pcib8\nbge0: \u003cBroadcom NetXtreme Gigabit Ethernet Controller, ASIC rev. 0x009003\u003e mem 0xdfb10000-0xdfb1ffff,0xdfb00000-0xdfb0ffff irq 36 at device 4.0 on pci8\nmiibus0: \u003cMII bus\u003e on bge0\nbrgphy0: \u003cBCM5714 10/100/1000baseTX PHY\u003e PHY 1 on miibus0\nbrgphy0:  10baseT, 10baseT-FDX, 100baseTX, 100baseTX-FDX, 1000baseT, 1000baseT-FDX, auto\nbge0: Ethernet address: 00:18:71:87:00:37\nbge0: [ITHREAD]\nbge1: \u003cBroadcom NetXtreme Gigabit Ethernet Controller, ASIC rev. 0x009003\u003e mem 0xdfb30000-0xdfb3ffff,0xdfb20000-0xdfb2ffff irq 36 at device 4.1 on pci8\nmiibus1: \u003cMII bus\u003e on bge1\nbrgphy1: \u003cBCM5714 10/100/1000baseTX PHY\u003e PHY 1 on miibus1\nbrgphy1:  10baseT, 10baseT-FDX, 100baseTX, 100baseTX-FDX, 1000baseT, 1000baseT-FDX, auto\nbge1: Ethernet address: 00:18:71:87:52:d8\nbge1: [ITHREAD]\natrtc0: \u003cAT realtime clock\u003e port 0x70-0x71,0x72-0x73 on acpi0\natkbdc0: \u003cKeyboard controller (i8042)\u003e port 0x60,0x64 irq 1 on acpi0\natkbd0: \u003cAT Keyboard\u003e irq 1 on atkbdc0\nkbd0 at atkbd0\natkbd0: [GIANT-LOCKED]\natkbd0: [ITHREAD]\nuart0: \u003c16550 or compatible\u003e port 0x3f8-0x3ff irq 4 flags 0x10 on acpi0\nuart0: [FILTER]\nuart0: console (9600,n,8,1)\norm0: \u003cISA Option ROM\u003e at iomem 0xc0000-0xc7fff on isa0\nsc0: \u003cSystem console\u003e at flags 0x100 on isa0\nsc0: VGA \u003c16 virtual consoles, flags=0x300\u003e\nvga0: \u003cGeneric ISA VGA\u003e at port 0x3c0-0x3df iomem 0xa0000-0xbffff on isa0\nppc0: cannot reserve I/O port range\npowernow0: \u003cPowerNow! K8\u003e on cpu0\npowernow1: \u003cPowerNow! K8\u003e on cpu1\nTimecounters tick every 1.000 msec\nusbus0: 12Mbps Full Speed USB v1.0\nusbus1: 12Mbps Full Speed USB v1.0\nusbus2: 480Mbps High Speed USB v2.0\nugen0.1: \u003c(0x1166)\u003e at usbus0\nuhub0: \u003c(0x1166) OHCI root HUB, class 9/0, rev 1.00/1.00, addr 1\u003e on usbus0\nugen1.1: \u003c(0x1166)\u003e at usbus1\nuhub1: \u003c(0x1166) OHCI root HUB, class 9/0, rev 1.00/1.00, addr 1\u003e on usbus1\nugen2.1: \u003c(0x1166)\u003e at usbus2\nuhub2: \u003c(0x1166) EHCI root HUB, class 9/0, rev 2.00/1.00, addr 1\u003e on usbus2\nmpt0: mpt_read_cfg_page: Config Info Status 22\nmpt0:vol0(mpt0:0:0): mpt_refresh_raid_vol: Failed to read RAID Vol Page(0)\nmpt0:vol0(mpt0:0:0): Settings ( )\nmpt0:vol0(mpt0:0:0): 0 Members:\nmpt0:vol0(mpt0:0:0): RAID-0 - Optimal\n(mpt0:0:9): Physical (mpt0:0:9:0), Pass-thru (mpt0:1:0:0)\n(mpt0:0:9): Online\n(mpt0:0:2): Physical (mpt0:0:2:0), Pass-thru (mpt0:1:1:0)\n(mpt0:0:2): Online\nuhub0: 2 ports with 2 removable, self powered\nuhub1: 2 ports with 2 removable, self powered\nuhub2: 4 ports with 4 removable, self powered\nugen2.2: \u003cvendor 0x04cc\u003e at usbus2\nuhub3: \u003cvendor 0x04cc product 0x1520, class 9/0, rev 2.00/2.00, addr 2\u003e on usbus2\nuhub3: 3 ports with 3 removable, self powered\nda0 at mpt0 bus 0 scbus0 target 1 lun 0\nda0: \u003cLSILOGIC Logical Volume 3000\u003e Fixed Direct Access SCSI-2 device \nda0: 300.000MB/s transfers\nda0: Command Queueing enabled\nda0: 75340MB (154296320 512 byte sectors: 255H 63S/T 9604C)\nSMP: AP CPU #1 Launched!\nTrying to mount root from ufs:/dev/da0s1a\nugen1.2: \u003cServerEngines\u003e at usbus1\nukbd0: \u003cServerEngines SE USB Device, class 0/0, rev 1.10/0.01, addr 2\u003e on usbus1\nkbd2 at ukbd0\nums0: \u003cServerEngines SE USB Device, class 0/0, rev 1.10/0.01, addr 2\u003e on usbus1\nums0: 8 buttons and [XYZ] coordinates ID=0\n\n----------------------------------------------------------------\n\nFreeBSD 9.0 boot output (captured via serial console):\n\nCopyright (c) 1992-2012 The FreeBSD Project.\nCopyright (c) 1979, 1980, 1983, 1986, 1988, 1989, 1991, 1992, 1993, 1994\n\tThe Regents of the University of California. All rights reserved.\nFreeBSD is a registered trademark of The FreeBSD Foundation.\nFreeBSD 9.0-RELEASE #0: Tue Jan  3 07:46:30 UTC 2012\n    root@farrell.cse.buffalo.edu:/usr/obj/usr/src/sys/GENERIC amd64\nCPU: Dual-Core AMD Opteron(tm) Processor 2214 HE (2194.56-MHz K8-class CPU)\n  Origin = \"AuthenticAMD\"  Id = 0x40f12  Family = f  Model = 41  Stepping = 2\n  Features=0x178bfbff\u003cFPU,VME,DE,PSE,TSC,MSR,PAE,MCE,CX8,APIC,SEP,MTRR,PGE,MCA,CMOV,PAT,PSE36,CLFLUSH,MMX,FXSR,SSE,SSE2,HTT\u003e\n  Features2=0x2001\u003cSSE3,CX16\u003e\n  AMD Features=0xea500800\u003cSYSCALL,NX,MMX+,FFXSR,RDTSCP,LM,3DNow!+,3DNow!\u003e\n  AMD Features2=0x1f\u003cLAHF,CMP,SVM,ExtAPIC,CR8\u003e\nreal memory  = 2147483648 (2048 MB)\navail memory = 2038542336 (1944 MB)\nEvent timer \"LAPIC\" quality 400\nACPI APIC Table: \u003cPTLTD    APIC  \u003e\nFreeBSD/SMP: Multiprocessor System Detected: 2 CPUs\nFreeBSD/SMP: 1 package(s) x 2 core(s)\n cpu0 (BSP): APIC ID:  0\n cpu1 (AP): APIC ID:  1\nMADT: Forcing active-low polarity and level trigger for SCI\nioapic0 \u003cVersion 1.1\u003e irqs 0-15 on motherboard\nioapic1 \u003cVersion 1.1\u003e irqs 16-31 on motherboard\nioapic2 \u003cVersion 1.1\u003e irqs 32-47 on motherboard\nkbd1 at kbdmux0\nacpi0: \u003cPTLTD \t XSDT\u003e on motherboard\nacpi0: Power Button (fixed)\nunknown: I/O range not supported\nTimecounter \"ACPI-safe\" frequency 3579545 Hz quality 850\nacpi_timer0: \u003c32-bit timer at 3.579545MHz\u003e port 0x508-0x50b on acpi0\ncpu0: \u003cACPI CPU\u003e on acpi0\ncpu1: \u003cACPI CPU\u003e on acpi0\nhpet0: \u003cHigh Precision Event Timer\u003e iomem 0xfed00000-0xfed003ff on acpi0\nTimecounter \"HPET\" frequency 14318180 Hz quality 950\nEvent timer \"HPET\" frequency 14318180 Hz quality 450\nEvent timer \"HPET1\" frequency 14318180 Hz quality 450\nEvent timer \"HPET2\" frequency 14318180 Hz quality 450\npcib0: \u003cACPI Host-PCI bridge\u003e on acpi0\npci0: \u003cACPI PCI bus\u003e on pcib0\npcib1: \u003cACPI PCI-PCI bridge\u003e at device 1.0 on pci0\npci1: \u003cACPI PCI bus\u003e on pcib1\npcib2: \u003cACPI PCI-PCI bridge\u003e at device 13.0 on pci1\npci2: \u003cACPI PCI bus\u003e on pcib2\nmpt0: \u003cLSILogic SAS/SATA Adapter\u003e port 0x2000-0x20ff mem 0xdfa10000-0xdfa13fff,0xdfa00000-0xdfa0ffff irq 16 at device 1.0 on pci2\nmpt0: MPI Version=1.5.13.0\nmpt0: Capabilities: ( RAID-0 RAID-1E RAID-1 )\nmpt0: 1 Active Volume (2 Max)\nmpt0: 2 Hidden Drive Members (10 Max)\natapci0: \u003cServerWorks HT1000 UDMA100 controller\u003e port 0x1f0-0x1f7,0x3f6,0x170-0x177,0x376,0x1c00-0x1c0f at device 2.1 on pci0\nata0: \u003cATA channel 0\u003e on atapci0\nata1: \u003cATA channel 1\u003e on atapci0\nisab0: \u003cPCI-ISA bridge\u003e at device 2.2 on pci0\nisa0: \u003cISA bus\u003e on isab0\nohci0: \u003cOHCI (generic) USB controller\u003e port 0x1000-0x10ff mem 0xdfc05000-0xdfc05fff irq 10 at device 3.0 on pci0\nusbus0: \u003cOHCI (generic) USB controller\u003e on ohci0\nohci1: \u003cOHCI (generic) USB controller\u003e port 0x1400-0x14ff mem 0xdfc06000-0xdfc06fff irq 10 at device 3.1 on pci0\nusbus1: \u003cOHCI (generic) USB controller\u003e on ohci1\nehci0: \u003cEHCI (generic) USB 2.0 controller\u003e port 0x1800-0x18ff mem 0xdfc07000-0xdfc07fff irq 10 at device 3.2 on pci0\nusbus2: EHCI version 1.0\nusbus2: \u003cEHCI (generic) USB 2.0 controller\u003e on ehci0\nvgapci0: \u003cVGA-compatible display\u003e mem 0xde000000-0xdeffffff,0xdfc00000-0xdfc03fff,0xdf000000-0xdf7fffff irq 23 at device 4.0 on pci0\npcib3: \u003cACPI PCI-PCI bridge\u003e irq 32 at device 6.0 on pci0\npci3: \u003cACPI PCI bus\u003e on pcib3\npcib4: \u003cACPI PCI-PCI bridge\u003e irq 32 at device 7.0 on pci0\npci4: \u003cACPI PCI bus\u003e on pcib4\npcib5: \u003cACPI PCI-PCI bridge\u003e irq 32 at device 8.0 on pci0\npci5: \u003cACPI PCI bus\u003e on pcib5\npcib6: \u003cACPI PCI-PCI bridge\u003e irq 32 at device 9.0 on pci0\npci6: \u003cACPI PCI bus\u003e on pcib6\npcib7: \u003cACPI PCI-PCI bridge\u003e irq 32 at device 10.0 on pci0\npci7: \u003cACPI PCI bus\u003e on pcib7\npcib8: \u003cACPI PCI-PCI bridge\u003e at device 0.0 on pci7\npci8: \u003cACPI PCI bus\u003e on pcib8\nbge0: \u003cBroadcom NetXtreme Gigabit Ethernet Controller, ASIC rev. 0x009003\u003e mem 0xdfb10000-0xdfb1ffff,0xdfb00000-0xdfb0ffff irq 36 at device 4.0 on pci8\nbge0: CHIP ID 0x00009003; ASIC REV 0x09; CHIP REV 0x90; PCI-X\nmiibus0: \u003cMII bus\u003e on bge0\nbrgphy0: \u003cBCM5714 1000BASE-T media interface\u003e PHY 1 on miibus0\nbrgphy0:  10baseT, 10baseT-FDX, 100baseTX, 100baseTX-FDX, 1000baseT, 1000baseT-master, 1000baseT-FDX, 1000baseT-FDX-master, auto, auto-flow\nbge0: Ethernet address: 00:18:71:87:00:37\nbge1: \u003cBroadcom NetXtreme Gigabit Ethernet Controller, ASIC rev. 0x009003\u003e mem 0xdfb30000-0xdfb3ffff,0xdfb20000-0xdfb2ffff irq 36 at device 4.1 on pci8\nbge1: CHIP ID 0x00009003; ASIC REV 0x09; CHIP REV 0x90; PCI-X\nmiibus1: \u003cMII bus\u003e on bge1\nbrgphy1: \u003cBCM5714 1000BASE-T media interface\u003e PHY 1 on miibus1\nbrgphy1:  10baseT, 10baseT-FDX, 100baseTX, 100baseTX-FDX, 1000baseT, 1000baseT-master, 1000baseT-FDX, 1000baseT-FDX-master, auto, auto-flow\nbge1: Ethernet address: 00:18:71:87:52:d8\natrtc0: \u003cAT realtime clock\u003e port 0x70-0x71,0x72-0x73 on acpi0\nEvent timer \"RTC\" frequency 32768 Hz quality 0\nattimer0: \u003cAT timer\u003e port 0x40-0x43 on acpi0\nTimecounter \"i8254\" frequency 1193182 Hz quality 0\nEvent timer \"i8254\" frequency 1193182 Hz quality 100\natkbdc0: \u003cKeyboard controller (i8042)\u003e port 0x60,0x64 irq 1 on acpi0\natkbd0: \u003cAT Keyboard\u003e irq 1 on atkbdc0\nkbd0 at atkbd0\natkbd0: [GIANT-LOCKED]\nuart0: \u003c16550 or compatible\u003e port 0x3f8-0x3ff irq 4 flags 0x10 on acpi0\nuart0: console (9600,n,8,1)\nsc0: \u003cSystem console\u003e at flags 0x100 on isa0\nsc0: VGA \u003c16 virtual consoles, flags=0x300\u003e\nvga0: \u003cGeneric ISA VGA\u003e at port 0x3c0-0x3df iomem 0xa0000-0xbffff on isa0\nppc0: cannot reserve I/O port range\npowernow0: \u003cPowerNow! K8\u003e on cpu0\npowernow1: \u003cPowerNow! K8\u003e on cpu1\nTimecounters tick every 1.000 msec\nusbus0: 12Mbps Full Speed USB v1.0\nusbus1: 12Mbps Full Speed USB v1.0\nusbus2: 480Mbps High Speed USB v2.0\nugen0.1: \u003c0x1166\u003e at usbus0\nuhub0: \u003c0x1166 OHCI root HUB, class 9/0, rev 1.00/1.00, addr 1\u003e on usbus0\nugen1.1: \u003c0x1166\u003e at usbus1\nuhub1: \u003c0x1166 OHCI root HUB, class 9/0, rev 1.00/1.00, addr 1\u003e on usbus1\nugen2.1: \u003c0x1166\u003e at usbus2\nuhub2: \u003c0x1166 EHCI root HUB, class 9/0, rev 2.00/1.00, addr 1\u003e on usbus2\nmpt0: mpt_read_cfg_page: Config Info Status 22\nmpt0:vol0(mpt0:0:0): mpt_refresh_raid_vol: Failed to read RAID Vol Page(0)\nmpt0:vol0(mpt0:0:0): Settings ( )\nmpt0:vol0(mpt0:0:0): 0 Members:\nmpt0:vol0(mpt0:0:0): RAID-0 - Optimal\n(mpt0:0:9): Physical (mpt0:0:9:0), Pass-thru (mpt0:1:0:0)\n(mpt0:0:9): Online\n(mpt0:0:2): Physical (mpt0:0:2:0), Pass-thru (mpt0:1:1:0)\n(mpt0:0:2): Online\nuhub0: 2 ports with 2 removable, self powered\nuhub1: 2 ports with 2 removable, self powered\nda0 at mpt0 bus 0 scbus0 target 1 lun 0\nda0: \u003cLSILOGIC Logical Volume 3000\u003e Fixed Direct Access SCSI-2 device \nda0: 300.000MB/s transfers\nda0: Command Queueing enabled\nda0: 75340MB (154296320 512 byte sectors: 255H 63S/T 9604C)\nSMP: AP CPU #1 Launched!\nRoot mount waiting for: usbus2\n\nFix: \n\nI rolled back to 8.1 but am willing to provide any additional information\nyou may need, as well as try patches on a spare server.\nHow-To-Repeat: Attempt to boot 9.0-GENERIC amd64 on a HP DL145 G3 machine."
}