{
 "id": 1170205,
 "bug_id": 257161,
 "attachment_id": 226433,
 "creation_time": "2021-07-13T18:53:18Z",
 "creator": "freebsd@charles.lecklider.org",
 "text": "Created attachment 226433\nscreenshot of trap\n\nAs in #257149, I changed the default to i586, built world+kernel twice in a VM, did installkernel over nfs.\n\nHopefully the screenshot will mean something to someone. The following is dmesg from 11.4:\n\nFirmware Error (ACPI): A valid RSDP was not found (20171214/tbxfroot-369)\nCopyright (c) 1992-2021 The FreeBSD Project.\nCopyright (c) 1979, 1980, 1983, 1986, 1988, 1989, 1991, 1992, 1993, 1994\n\tThe Regents of the University of California. All rights reserved.\nFreeBSD is a registered trademark of The FreeBSD Foundation.\nFreeBSD 11.4-STABLE #0 stable/11-n1-27e18c06f-dirty: Mon Jul 12 21:34:42 BST 2021\n    root@pentium-mmx:/usr/obj/usr/src/sys/PURPLE i386\nFreeBSD clang version 10.0.1 (git@github.com:llvm/llvm-project.git llvmorg-10.0.1-0-gef32c611aa2)\nVT(vga): resolution 640x480\nCPU: Pentium/P55C (232.68-MHz 586-class CPU)\n  Origin=\"GenuineIntel\"  Id=0x543  Family=0x5  Model=0x4  Stepping=3\n  Features=0x8003bf\u003cFPU,VME,DE,PSE,TSC,MSR,MCE,CX8,APIC,MMX\u003e\nreal memory  = 536870912 (512 MB)\navail memory = 481697792 (459 MB)\nMPTable: \u003cOEM00000 PROD00000000\u003e\nEvent timer \"LAPIC\" quality 100\nFreeBSD/SMP: Multiprocessor System Detected: 2 CPUs\nFreeBSD/SMP: 2 package(s)\nIntel Pentium detected, installing workaround for F00F bug\nioapic0: Assuming intbase of 0\nioapic0 \u003cVersion 1.1\u003e irqs 0-23 on motherboard\nSMP: AP CPU #1 Launched!\nrandom: entropy device external interface\nkbd1 at kbdmux0\nmodule_register_init: MOD_LOAD (vesa, 0xc18c61c0, 0) error 19\nFirmware Error (ACPI): A valid RSDP was not found (20171214/tbxfroot-369)\nACPI: Table initialisation failed: AE_NOT_FOUND\nACPI: Try disabling either ACPI or apic support.\nvtvga0: \u003cVT VGA driver\u003e on motherboard\ncryptosoft0: \u003csoftware crypto\u003e on motherboard\npcib0 pcibus 0 on motherboard\npir0: \u003cPCI Interrupt Routing Table: 5 Entries\u003e on motherboard\npci0: \u003cPCI bus\u003e on pcib0\nisab0: \u003cPCI-ISA bridge\u003e at device 7.0 on pci0\nisa0: \u003cISA bus\u003e on isab0\natapci0: \u003cIntel PIIX3 WDMA2 controller\u003e port 0x1f0-0x1f7,0x3f6,0x170-0x177,0x376,0xf000-0xf00f at device 7.1 on pci0\nata0: \u003cATA channel\u003e at channel 0 on atapci0\nata1: \u003cATA channel\u003e at channel 1 on atapci0\n3ware device driver for 9000 series storage controllers, version: 3.80.06.003\ntwa0: \u003c3ware 9000 series Storage Controller\u003e port 0x6400-0x64ff mem 0xe106a000-0xe106a0ff,0xe0000000-0xe07fffff irq 12 at device 17.0 on pci0\ntwa0: INFO: (0x15: 0x1300): Controller details:: Model 9500S-4LP, 4 ports, Firmware FE9X 2.06.00.009, BIOS BE9X 2.03.01.051\npci0: \u003cprocessor\u003e at device 18.0 (no driver attached)\ntwa1: \u003c3ware 9000 series Storage Controller\u003e port 0x6800-0x68ff mem 0xe106c000-0xe106c0ff,0xe0800000-0xe0ffffff irq 11 at device 19.0 on pci0\ntwa1: INFO: (0x15: 0x1300): Controller details:: Model 9500S-4LP, 4 ports, Firmware FE9X 2.08.00.009, BIOS BE9X 2.03.01.052\nem0: \u003cIntel(R) PRO/1000 Legacy Network Connection 1.1.0\u003e port 0x6c00-0x6c3f mem 0xe1040000-0xe105ffff,0xe1000000-0xe103ffff irq 15 at device 20.0 on pci0\nem0: Ethernet address: 00:04:23:d7:6b:e2\ncpu0 on motherboard\ncpu1 on motherboard\nunknown: failed to write ivar ISA_IVAR_PNPBIOS_HANDLE on bus isa0, error = 2\nunknown: failed to write ivar ISA_IVAR_PNPBIOS_HANDLE on bus isa0, error = 2\nunknown: failed to write ivar ISA_IVAR_PNPBIOS_HANDLE on bus isa0, error = 2\nunknown: failed to write ivar ISA_IVAR_PNPBIOS_HANDLE on bus isa0, error = 2\nunknown: failed to write ivar ISA_IVAR_PNPBIOS_HANDLE on bus isa0, error = 2\nunknown: failed to write ivar ISA_IVAR_PNPBIOS_HANDLE on bus isa0, error = 2\nunknown: failed to write ivar ISA_IVAR_PNPBIOS_HANDLE on bus isa0, error = 2\nunknown: failed to write ivar ISA_IVAR_PNPBIOS_HANDLE on bus isa0, error = 2\nunknown: failed to write ivar ISA_IVAR_PNPBIOS_HANDLE on bus isa0, error = 2\nunknown: failed to write ivar ISA_IVAR_PNPBIOS_HANDLE on bus isa0, error = 2\nunknown: failed to write ivar ISA_IVAR_PNPBIOS_HANDLE on bus isa0, error = 2\nunknown: failed to write ivar ISA_IVAR_PNPBIOS_HANDLE on bus isa0, error = 2\npmtimer0 on isa0\nattimer0: \u003cAT timer\u003e at port 0x40-0x43 irq 0 pnpid PNP0100 on isa0\nTimecounter \"i8254\" frequency 1193182 Hz quality 0\nEvent timer \"i8254\" frequency 1193182 Hz quality 100\natrtc0: \u003cAT realtime clock\u003e at port 0x70-0x71 irq 8 pnpid PNP0b00 on isa0\natrtc0: registered as a time-of-day clock, resolution 1.000000s\nEvent timer \"RTC\" frequency 32768 Hz quality 0\natkbdc0: \u003cKeyboard controller (i8042)\u003e at port 0x60,0x64 irq 1 pnpid PNP0303 on isa0\natkbd0: \u003cAT Keyboard\u003e irq 1 on atkbdc0\nkbd0 at atkbd0\natkbd0: [GIANT-LOCKED]\nunknown: \u003cPNP0c01\u003e can't assign resources (memory)\nuart0: \u003c16550 or compatible\u003e at port 0x3f8-0x3ff irq 4 flags 0x10 pnpid PNP0501 on isa0\nfdc0: \u003cEnhanced floppy controller\u003e at port 0x3f2-0x3f5,0x3f7 irq 6 drq 2 pnpid PNP0700 on isa0\nfd0: \u003c1440-KB 3.5\" drive\u003e on fdc0 drive 0\nppc0: \u003cECP parallel printer port\u003e at port 0x378-0x37f,0x778-0x77a irq 7 drq 3 pnpid PNP0401 on isa0\nppc0: SMC-like chipset (ECP/EPP/PS2/NIBBLE) in COMPATIBLE mode\nppc0: FIFO with 16/16/15 bytes threshold\nppbus0: \u003cParallel port bus\u003e on ppc0\nlpt0: \u003cPrinter\u003e on ppbus0\nlpt0: Interrupt-driven port\nppi0: \u003cParallel I/O\u003e on ppbus0\nuart1: \u003c16550 or compatible\u003e at port 0x2f8-0x2ff irq 3 pnpid PNP0501 on isa0\norm0: \u003cISA Option ROMs\u003e at iomem 0xc0000-0xc7fff,0xc8000-0xd3fff,0xd4000-0xdffff pnpid ORM0000 on isa0\nunknown: \u003cPNP0c01\u003e can't assign resources (memory)"
}