{
 "id": 1274746,
 "bug_id": 273809,
 "attachment_id": 0,
 "creation_time": "2023-09-15T01:55:49Z",
 "creator": "jwb@freebsd.org",
 "text": "Built-in speakers have always worked fine on this laptop, but headphones do not work.  https://wiki.freebsd.org/Laptops/Thinkpad_T430s seems to suggest that it should work out of the box, but it does not.  I tried playing with hw.snd.default_unit={0,1,2}, but it seems to have no effect.\n\nFreeBSD moray.acadix  bacon ~ 1008: sysctl hw.snd\nhw.snd.maxautovchans: 16\nhw.snd.default_unit: 0\nhw.snd.version: 2009061500/amd64\nhw.snd.default_auto: 1\nhw.snd.verbose: 0\nhw.snd.vpc_mixer_bypass: 1\nhw.snd.feeder_rate_quality: 1\nhw.snd.feeder_rate_round: 25\nhw.snd.feeder_rate_max: 2016000\nhw.snd.feeder_rate_min: 1\nhw.snd.feeder_rate_polyphase_max: 183040\nhw.snd.feeder_rate_presets: 100:8:0.85 100:36:0.92 100:164:0.97\nhw.snd.feeder_eq_exact_rate: 0\nhw.snd.feeder_eq_presets: PEQ:16000,0.2500,62,0.2500:-9,9,1.0:44100,48000,88200,96000,176400,192000\nhw.snd.basename_clone: 1\nhw.snd.compat_linux_mmap: 0\nhw.snd.syncdelay: -1\nhw.snd.usefrags: 0\nhw.snd.vpc_reset: 0\nhw.snd.vpc_0db: 45\nhw.snd.vpc_autoreset: 1\nhw.snd.timeout: 5\nhw.snd.latency_profile: 1\nhw.snd.latency: 2\nhw.snd.report_soft_matrix: 1\nhw.snd.report_soft_formats: 1\n\nFreeBSD moray.acadix  bacon ~ 1009: cat /dev/sndstat \nInstalled devices:\npcm0: \u003cRealtek ALC269 (Analog)\u003e (play/rec) default\npcm1: \u003cRealtek ALC269 (Analog)\u003e (play/rec)\npcm2: \u003cIntel Panther Point (HDMI/DP 8ch)\u003e (play)\npcm3: \u003cIntel Panther Point (HDMI/DP 8ch)\u003e (play)\npcm4: \u003cIntel Panther Point (HDMI/DP 8ch)\u003e (play)\nNo devices installed from userspace.\n\nFreeBSD moray.acadix  bacon ~ 1011: cat /var/run/dmesg.boot \nCopyright (c) 1992-2021 The FreeBSD Project.\nCopyright (c) 1979, 1980, 1983, 1986, 1988, 1989, 1991, 1992, 1993, 1994\n        The Regents of the University of California. All rights reserved.\nFreeBSD is a registered trademark of The FreeBSD Foundation.\nFreeBSD 13.2-RELEASE-p3 GENERIC amd64\nFreeBSD clang version 14.0.5 (https://github.com/llvm/llvm-project.git llvmorg-14.0.5-0-gc12386ae247c)\nVT(vga): resolution 640x480\nmodule iwn already present!\nCPU: Intel(R) Core(TM) i5-3320M CPU @ 2.60GHz (2594.25-MHz K8-class CPU)\n  Origin=\"GenuineIntel\"  Id=0x306a9  Family=0x6  Model=0x3a  Stepping=9\n  Features=0xbfebfbff\u003cFPU,VME,DE,PSE,TSC,MSR,PAE,MCE,CX8,APIC,SEP,MTRR,PGE,MCA,CMOV,PAT,PSE36,CLFLUSH,DTS,ACPI,MMX,FXSR,SSE,SSE2,SS,HTT,TM,PBE\u003e\n  Features2=0x7fbae3ff\u003cSSE3,PCLMULQDQ,DTES64,MON,DS_CPL,VMX,SMX,EST,TM2,SSSE3,CX16,xTPR,PDCM,PCID,SSE4.1,SSE4.2,x2APIC,POPCNT,TSCDLT,AESNI,XSAVE,OSXSAVE,AVX,F16C,RDRAND\u003e\n  AMD Features=0x28100800\u003cSYSCALL,NX,RDTSCP,LM\u003e\n  AMD Features2=0x1\u003cLAHF\u003e\n  Structured Extended Features=0x281\u003cFSGSBASE,SMEP,ERMS\u003e\n  Structured Extended Features3=0x9c000400\u003cMD_CLEAR,IBPB,STIBP,L1DFL,SSBD\u003e\n  XSAVE Features=0x1\u003cXSAVEOPT\u003e\n  VT-x: PAT,HLT,MTF,PAUSE,EPT,UG,VPID\n  TSC: P-state invariant, performance statistics\nreal memory  = 8589934592 (8192 MB)\navail memory = 7952818176 (7584 MB)\nEvent timer \"LAPIC\" quality 600\nACPI APIC Table: \u003cLENOVO TP-G1   \u003e\nFreeBSD/SMP: Multiprocessor System Detected: 4 CPUs\nFreeBSD/SMP: 1 package(s) x 2 core(s) x 2 hardware threads\nrandom: registering fast source Intel Secure Key RNG\nrandom: fast provider: \"Intel Secure Key RNG\"\nrandom: unblocking device.\nioapic0 \u003cVersion 2.0\u003e irqs 0-23\nLaunching APs: 1 2 3\nCuse v0.1.37 @ /dev/cuse\nrandom: entropy device external interface\nkbd1 at kbdmux0\nvtvga0: \u003cVT VGA driver\u003e\nsmbios0: \u003cSystem Management BIOS\u003e at iomem 0xf00e0-0xf00fe\nsmbios0: Version: 2.7, BCD Revision: 2.7\naesni0: \u003cAES-CBC,AES-CCM,AES-GCM,AES-ICM,AES-XTS\u003e\nacpi0: \u003cLENOVO TP-G1\u003e\nacpi_ec0: \u003cEmbedded Controller: GPE 0x11, ECDT\u003e port 0x62,0x66 on acpi0\nacpi0: Power Button (fixed)\ncpu0: \u003cACPI CPU\u003e on acpi0\nattimer0: \u003cAT timer\u003e port 0x40-0x43 irq 0 on acpi0\nTimecounter \"i8254\" frequency 1193182 Hz quality 0\nEvent timer \"i8254\" frequency 1193182 Hz quality 100\nhpet0: \u003cHigh Precision Event Timer\u003e iomem 0xfed00000-0xfed003ff on acpi0\nTimecounter \"HPET\" frequency 14318180 Hz quality 950\nEvent timer \"HPET\" frequency 14318180 Hz quality 550\nEvent timer \"HPET1\" frequency 14318180 Hz quality 440\nEvent timer \"HPET2\" frequency 14318180 Hz quality 440\nEvent timer \"HPET3\" frequency 14318180 Hz quality 440\nEvent timer \"HPET4\" frequency 14318180 Hz quality 440\natrtc0: \u003cAT realtime clock\u003e port 0x70-0x71 irq 8 on acpi0\natrtc0: registered as a time-of-day clock, resolution 1.000000s\nEvent timer \"RTC\" frequency 32768 Hz quality 0\nTimecounter \"ACPI-fast\" frequency 3579545 Hz quality 900\nacpi_timer0: \u003c24-bit timer at 3.579545MHz\u003e port 0x408-0x40b on acpi0\nacpi_lid0: \u003cControl Method Lid Switch\u003e on acpi0\nacpi_button0: \u003cSleep Button\u003e on acpi0\npcib0: \u003cACPI Host-PCI bridge\u003e port 0xcf8-0xcff on acpi0\npci0: \u003cACPI PCI bus\u003e on pcib0\nvgapci0: \u003cVGA-compatible display\u003e port 0x6000-0x603f mem 0xf0000000-0xf03fffff,0xe0000000-0xefffffff irq 16 at device 2.0 on pci0\nvgapci0: Boot video device\nxhci0: \u003cIntel Panther Point USB 3.0 controller\u003e mem 0xf2520000-0xf252ffff irq 16 at device 20.0 on pci0\nxhci0: 32 bytes context size, 64-bit DMA\nxhci0: Port routing mask set to 0xffffffff\nusbus0 on xhci0\nusbus0: 5.0Gbps Super Speed USB v3.0\npci0: \u003csimple comms\u003e at device 22.0 (no driver attached)\nuart2: \u003cIntel Panther Point KT Controller\u003e port 0x60b0-0x60b7 mem 0xf253c000-0xf253cfff irq 19 at device 22.3 on pci0\nuart2: Using 1 MSI message\nem0: \u003cIntel(R) 82579LM\u003e port 0x6080-0x609f mem 0xf2500000-0xf251ffff,0xf253b000-0xf253bfff irq 20 at device 25.0 on pci0\nem0: EEPROM V0.13-3\nem0: Using 1024 TX descriptors and 1024 RX descriptors\nem0: Using an MSI interrupt\nem0: Ethernet address: 28:d2:44:15:22:cc\nem0: netmap queues/slots: TX 1/1024, RX 1/1024\nehci0: \u003cIntel Panther Point USB 2.0 controller\u003e mem 0xf253a000-0xf253a3ff irq 16 at device 26.0 on pci0\nusbus1: EHCI version 1.0\nusbus1 on ehci0\nusbus1: 480Mbps High Speed USB v2.0\nhdac0: \u003cIntel Panther Point HDA Controller\u003e mem 0xf2530000-0xf2533fff irq 22 at device 27.0 on pci0\npcib1: \u003cACPI PCI-PCI bridge\u003e irq 16 at device 28.0 on pci0\npci1: \u003cACPI PCI bus\u003e on pcib1\nsdhci_pci0: \u003cRICOH R5CE823 SD\u003e mem 0xf1d00000-0xf1d000ff irq 16 at device 0.0 on pci1\nsdhci_pci0: 1 slot(s) allocated\npcib2: \u003cACPI PCI-PCI bridge\u003e irq 17 at device 28.1 on pci0\npci2: \u003cACPI PCI bus\u003e on pcib2\niwn0: \u003cIntel Centrino Advanced-N 6205\u003e mem 0xf1c00000-0xf1c01fff irq 17 at device 0.0 on pci2\npcib3: \u003cACPI PCI-PCI bridge\u003e irq 18 at device 28.2 on pci0\nehci1: \u003cIntel Panther Point USB 2.0 controller\u003e mem 0xf2539000-0xf25393ff irq 23 at device 29.0 on pci0\nusbus2: EHCI version 1.0\nusbus2 on ehci1\nusbus2: 480Mbps High Speed USB v2.0\nisab0: \u003cPCI-ISA bridge\u003e at device 31.0 on pci0\nisa0: \u003cISA bus\u003e on isab0\nahci0: \u003cIntel Panther Point AHCI SATA controller\u003e port 0x60a8-0x60af,0x60bc-0x60bf,0x60a0-0x60a7,0x60b8-0x60bb,0x6060-0x607f mem 0xf2538000-0xf25387ff irq 19 at device 31.2 on pci0\nahci0: AHCI v1.30 with 6 6Gbps ports, Port Multiplier not supported\nahcich0: \u003cAHCI channel\u003e at channel 0 on ahci0\nahcich1: \u003cAHCI channel\u003e at channel 1 on ahci0\nahcich4: \u003cAHCI channel\u003e at channel 4 on ahci0\nahciem0: \u003cAHCI enclosure management bridge\u003e on ahci0\nacpi_tz0: \u003cThermal Zone\u003e on acpi0\nacpi_tz0: _CRT value is absurd, ignored (200.1C)\natkbdc0: \u003cKeyboard controller (i8042)\u003e port 0x60,0x64 irq 1 on acpi0\natkbd0: \u003cAT Keyboard\u003e irq 1 on atkbdc0\nkbd0 at atkbd0\natkbd0: [GIANT-LOCKED]\npsm0: \u003cPS/2 Mouse\u003e irq 12 on atkbdc0\npsm0: [GIANT-LOCKED]\nWARNING: Device \"psm\" is Giant locked and may be deleted before FreeBSD 14.0.\npsm0: model Synaptics Touchpad, device ID 0\nbattery0: \u003cACPI Control Method Battery\u003e on acpi0\nacpi_acad0: \u003cAC Adapter\u003e on acpi0\norm0: \u003cISA Option ROM\u003e at iomem 0xc0000-0xcffff pnpid ORM0000 on isa0\nest0: \u003cEnhanced SpeedStep Frequency Control\u003e on cpu0\nTimecounter \"TSC-low\" frequency 1297055654 Hz quality 1000\nTimecounters tick every 1.000 msec\nhdacc0: \u003cRealtek ALC269 HDA CODEC\u003e at cad 0 on hdac0\nhdaa0: \u003cRealtek ALC269 Audio Function Group\u003e at nid 1 on hdacc0\npcm0: \u003cRealtek ALC269 (Analog)\u003e at nid 20 and 24 on hdaa0\npcm1: \u003cRealtek ALC269 (Analog)\u003e at nid 21 and 18 on hdaa0\nhdacc1: \u003cIntel Panther Point HDA CODEC\u003e at cad 3 on hdac0\nhdaa1: \u003cIntel Panther Point Audio Function Group\u003e at nid 1 on hdacc1\npcm2: \u003cIntel Panther Point (HDMI/DP 8ch)\u003e at nid 5 on hdaa1\npcm3: \u003cIntel Panther Point (HDMI/DP 8ch)\u003e at nid 6 on hdaa1\npcm4: \u003cIntel Panther Point (HDMI/DP 8ch)\u003e at nid 7 on hdaa1\nses0 at ahciem0 bus 0 scbus3 target 0 lun 0\nses0: \u003cAHCI SGPIO Enclosure 2.00 0001\u003e SEMB S-E-S 2.00 device\nses0: SEMB SES Device\nada0 at ahcich0 bus 0 scbus0 target 0 lun 0\nada0: \u003cHGST HTS725050A7E630 GS2OA340\u003e ACS-2 ATA SATA 3.x device\nada0: Serial Number RC250FCB2TV7SK\nada0: 600.000MB/s transfers (SATA 3.x, UDMA6, PIO 8192bytes)\nada0: Command Queueing enabled\nada0: 476940MB (976773168 512 byte sectors)\nses0: ada0,pass0 in 'Slot 00', SATA Slot: scbus0 target 0\nses0: pass1,cd0 in 'Slot 01', SATA Slot: scbus1 target 0\ncd0 at ahcich1 bus 0 scbus1 target 0 lun 0\ncd0: \u003cPLDS DVD-RW DS8A8SH KU54\u003e Removable CD-ROM SCSI device\ncd0: 150.000MB/s transfers (SATA 1.x, UDMA5, ATAPI 12bytes, PIO 8192bytes)\ncd0: Attempt to query device size failed: NOT READY, Medium not present - tray closed\nugen2.1: \u003cIntel EHCI root HUB\u003e at usbus2\nugen0.1: \u003cIntel XHCI root HUB\u003e at usbus0\nugen1.1: \u003cIntel EHCI root HUB\u003e at usbus1\nuhub0 on usbus2\nuhub0: \u003cIntel EHCI root HUB, class 9/0, rev 2.00/1.00, addr 1\u003e on usbus2\nTrying to mount root from ufs:/dev/ada0p2 [rw]...\nuhub1 on usbus1\nuhub1: \u003cIntel EHCI root HUB, class 9/0, rev 2.00/1.00, addr 1\u003e on usbus1\nuhub2 on usbus0\nuhub2: \u003cIntel XHCI root HUB, class 9/0, rev 3.00/1.00, addr 1\u003e on usbus0\nuhub2: 8 ports with 8 removable, self powered\nuhub1: 3 ports with 3 removable, self powered\nuhub0: 3 ports with 3 removable, self powered\nugen2.2: \u003cvendor 0x8087 product 0x0024\u003e at usbus2\nuhub3 on uhub0\nuhub3: \u003cvendor 0x8087 product 0x0024, class 9/0, rev 2.00/0.00, addr 2\u003e on usbus2\nugen1.2: \u003cvendor 0x8087 product 0x0024\u003e at usbus1\nuhub4 on uhub1\nuhub4: \u003cvendor 0x8087 product 0x0024, class 9/0, rev 2.00/0.00, addr 2\u003e on usbus1\nuhub4: 6 ports with 6 removable, self powered\nuhub3: 8 ports with 8 removable, self powered\nugen1.3: \u003cAuth Biometric Coprocessor\u003e at usbus1\nugen1.4: \u003cBroadcom Corp BCM20702A0\u003e at usbus1\nugen1.5: \u003cRicoh Company Ltd. Integrated Camera\u003e at usbus1\nWARNING: attempt to domain_add(netlink) after domainfinalize()\n[nl_generic] genl_register_family: Registered family nlctrl id 16\n[nl_generic] genl_register_cmds: Adding cmd GETFAMILY(3) to family nlctrl\ndrmn0: \u003cdrmn\u003e on vgapci0\nvgapci0: child drmn0 requested pci_enable_io\nvgapci0: child drmn0 requested pci_enable_io\n[drm] Unable to create a private tmpfs mount, hugepage support will be disabled(-19).\n[drm] Got stolen memory base 0xdba00000, size 0x4000000\nsysctl_warn_reuse: can't re-use a leaf (hw.dri.debug)!\n[drm] Initialized i915 1.6.0 20200917 for drmn0 on minor 0\nVT: Replacing driver \"vga\" with new \"fb\".\nstart FB_INFO:\ntype=11 height=900 width=1600 depth=32\npbase=0xe000d000 vbase=0xfffff800e000d000\nname=drmn0 flags=0x0 stride=6400 bpp=32\nend FB_INFO\nacpi_wmi0: \u003cACPI-WMI mapping\u003e on acpi0\nacpi_wmi0: Embedded MOF found\nACPI: \\134_SB.WMI1.WQBA: 1 arguments were passed to a non-method ACPI object (Buffer) (20201113/nsarguments-361)\nacpi_wmi1: \u003cACPI-WMI mapping\u003e on acpi0\nacpi_wmi1: Embedded MOF found\nACPI: \\134_SB.WMI2.WQBB: 1 arguments were passed to a non-method ACPI object (Buffer) (20201113/nsarguments-361)\nacpi_wmi2: \u003cACPI-WMI mapping\u003e on acpi0\nacpi_wmi2: Embedded MOF found\nACPI: \\134_SB.WMI3.WQBC: 1 arguments were passed to a non-method ACPI object (Buffer) (20201113/nsarguments-361)\nichsmb0: \u003cIntel Panther Point SMBus controller\u003e port 0xefa0-0xefbf mem 0xf2534000-0xf25340ff irq 18 at device 31.3 on pci0\nsmbus0: \u003cSystem Management Bus\u003e on ichsmb0\nwlan0: Ethernet address: 6c:88:14:a7:59:0c\nlo0: link state changed to UP\niwn0: iwn_read_firmware: ucode rev=0x12a80601\nlagg0: link state changed to DOWN\niwn0: iwn_read_firmware: ucode rev=0x12a80601\nwlan0: link state changed to UP\nlagg0: link state changed to UP\nubt0 on uhub4\nubt0: \u003cBroadcom Corp BCM20702A0, rev 2.00/1.12, addr 4\u003e on usbus1\ng_vfs_done():cd0[READ(offset=524288, length=2048)]error = 6\nWARNING: attempt to domain_add(bluetooth) after domainfinalize()\nWARNING: attempt to domain_add(netgraph) after domainfinalize()"
}