{
 "id": 376194,
 "bug_id": 109044,
 "attachment_id": 0,
 "creation_time": "2007-02-11T11:20:06Z",
 "creator": "freebsd@skyhawk.ca",
 "text": "To start off with I'm not certain if this is FreeBSD's fault, the\ncontroller's fault, or the drive's fault, or some combination of the\nabove. My only defense is \"It works fine in Windows\".\n\nThe setup is a dual-core Pentium 4 (Pentium D I think Intel calls them)\non an Intel DG965OT motherboard. There's a SATA harddrive and a Pioneer\nDVR-111D PATA optical drive. Like most (all?) i965 chipset motherboards,\nthis board uses a very new Marvell controller chip to provide it's PATA\nconnector.\n\nFreeBSD 6.2 does not have a driver for this controller chip. The optical\ndrive was not detected or usable. When I booted the install CD, sysinstall\nwould lock up after a few seconds. When I booted without ACPI, everything\nwas peachy. I put this down to a faulty GENERIC driver that wasn't working\nright with the Marvell controller. This behavior was consistent with both\nthe i386 and amd64 install discs.\n\nAfter install, I discovered I could boot with ACPI and have a usable\nmachine - it would just lock up when I tried to shut it down. Top showed\na consistent 40% interrupt time, and vmstat -i showed about 50,000\ninterrupts per whatever interval it uses on the atapci0 controller -\nthe unrecognized Marvell chip. Booting without ACPI gave a usable system\nbut an error message on the console -\nInterrupt storm detected on \"irq10:\"; throttling interrupt source\n\nAfter grabbing sys/dev/ata/ata-pci.h and ata-chipset.c from FreeBSD-CURRENT\nand recompiling, FreeBSD recognized the Marvell controller. But the machine\nhardlocked just prior to detecting the optical drive! Booting without ACPI\ngave a working arrangement, with working optical drive, but with the same\nInterrupt storm message.\n\nI swapped the Pio-111 for another one I have lying around - same problem.\nThis tells me it's the make and model of the drive, not a faulty unit.\nThen I swapped it for an old BenQ 52x32x52 CDRW drive and *everything\nworked fine*. I plan to swap a few more drives in there and see what happens.\n\n---\nThe SATA harddrive in the machine runs Windows. FreeBSD is installed on\nan 80GB USB harddrive, and was installed via a USB optical drive, which\nwas not attached when this dmesg was taken.\n\nCopyright (c) 1992-2007 The FreeBSD Project.\nCopyright (c) 1979, 1980, 1983, 1986, 1988, 1989, 1991, 1992, 1993, 1994\n        The Regents of the University of California. All rights reserved.\nFreeBSD is a registered trademark of The FreeBSD Foundation.\nFreeBSD 6.2-RELEASE-p1 #2: Sun Feb 11 01:04:20 PST 2007\n    skyhawk@:/usr/obj/usr/src/sys/GENERIC\nTimecounter \"i8254\" frequency 1193182 Hz quality 0\nCPU: Intel(R) Pentium(R) D CPU 2.80GHz (2800.02-MHz K8-class CPU)\n  Origin = \"GenuineIntel\"  Id = 0xf47  Stepping = 7\n  Features=0xbfebfbff\u003cFPU,VME,DE,PSE,TSC,MSR,PAE,MCE,CX8,APIC,SEP,MTRR,PGE,MCA,CMOV,PAT,PSE36,CLFLUSH,DTS,ACPI,MMX,FXSR,SSE,SSE2,SS,HTT,TM,PBE\u003e\n  Features2=0x641d\u003cSSE3,RSVD2,MON,DS_CPL,CNTX-ID,CX16,\u003cb14\u003e\u003e\n  AMD Features=0x20100800\u003cSYSCALL,NX,LM\u003e\n  AMD Features2=0x1\u003cLAHF\u003e\n  Cores per package: 2\nreal memory  = 1046843392 (998 MB)\navail memory = 998174720 (951 MB)\nkbd1 at kbdmux0\nath_hal: 0.9.17.2 (AR5210, AR5211, AR5212, RF5111, RF5112, RF2413, RF5413)\ncpu0 on motherboard\npcib0: \u003cHost to PCI bridge\u003e pcibus 0 on motherboard\npci0: \u003cPCI bus\u003e on pcib0\npci0: \u003cdisplay, VGA\u003e at device 2.0 (no driver attached)\npci0: \u003csimple comms\u003e at device 3.0 (no driver attached)\nem0: \u003cIntel(R) PRO/1000 Network Connection Version - 6.2.9\u003e port 0x20c0-0x20df mem 0x50300000-0x5031ffff,0x50324000-0x50324fff irq 9 at device 25.0 on pci0\nem0: Ethernet address: 00:16:76:e1:88:6e\nuhci0: \u003cUHCI (generic) USB controller\u003e port 0x20a0-0x20bf irq 11 at device 26.0 on pci0\nuhci0: [GIANT-LOCKED]\nusb0: \u003cUHCI (generic) USB controller\u003e on uhci0\nusb0: USB revision 1.0\nuhub0: Intel UHCI root hub, class 9/0, rev 1.00/1.00, addr 1\nuhub0: 2 ports with 2 removable, self powered\nuhci1: \u003cUHCI (generic) USB controller\u003e port 0x2080-0x209f irq 10 at device 26.1 on pci0\nuhci1: [GIANT-LOCKED]\nusb1: \u003cUHCI (generic) USB controller\u003e on uhci1\nusb1: USB revision 1.0\nuhub1: Intel UHCI root hub, class 9/0, rev 1.00/1.00, addr 1\nuhub1: 2 ports with 2 removable, self powered\nehci0: \u003cEHCI (generic) USB 2.0 controller\u003e mem 0x50325400-0x503257ff irq 11 at device 26.7 on pci0\nehci0: [GIANT-LOCKED]\nusb2: EHCI version 1.0\nusb2: companion controllers, 2 ports each: usb0 usb1\nusb2: \u003cEHCI (generic) USB 2.0 controller\u003e on ehci0\nusb2: USB revision 2.0\nuhub2: Intel EHCI root hub, class 9/0, rev 2.00/1.00, addr 1\nuhub2: 4 ports with 4 removable, self powered\npci0: \u003cmultimedia\u003e at device 27.0 (no driver attached)\npcib1: \u003cPCI-PCI bridge\u003e at device 28.0 on pci0\npci1: \u003cPCI bus\u003e on pcib1\npcib2: \u003cPCI-PCI bridge\u003e at device 28.1 on pci0\npci2: \u003cPCI bus\u003e on pcib2\natapci0: \u003cMarvell 88SX6101 UDMA133 controller\u003e port 0x1018-0x101f,0x1024-0x1027,0x1010-0x1017,0x1020-0x1023,0x1000-0x100f mem 0x50100000-0x501001ff irq 10 at device 0.0 on pci2\nata2: \u003cATA channel 0\u003e on atapci0\npcib3: \u003cPCI-PCI bridge\u003e at device 28.2 on pci0\npci3: \u003cPCI bus\u003e on pcib3\npcib4: \u003cPCI-PCI bridge\u003e at device 28.3 on pci0\npci4: \u003cPCI bus\u003e on pcib4\npcib5: \u003cPCI-PCI bridge\u003e at device 28.4 on pci0\npci5: \u003cPCI bus\u003e on pcib5\nuhci2: \u003cUHCI (generic) USB controller\u003e port 0x2060-0x207f irq 11 at device 29.0 on pci0\nuhci2: [GIANT-LOCKED]\nusb3: \u003cUHCI (generic) USB controller\u003e on uhci2\nusb3: USB revision 1.0\nuhub3: Intel UHCI root hub, class 9/0, rev 1.00/1.00, addr 1\nuhub3: 2 ports with 2 removable, self powered\nuhci3: \u003cUHCI (generic) USB controller\u003e port 0x2040-0x205f irq 11 at device 29.1 on pci0\nuhci3: [GIANT-LOCKED]\nusb4: \u003cUHCI (generic) USB controller\u003e on uhci3\nusb4: USB revision 1.0\nuhub4: Intel UHCI root hub, class 9/0, rev 1.00/1.00, addr 1\nuhub4: 2 ports with 2 removable, self powered\nuhci4: \u003cUHCI (generic) USB controller\u003e port 0x2020-0x203f irq 11 at device 29.2 on pci0\nuhci4: [GIANT-LOCKED]\nusb5: \u003cUHCI (generic) USB controller\u003e on uhci4\nusb5: USB revision 1.0\nuhub5: Intel UHCI root hub, class 9/0, rev 1.00/1.00, addr 1\nuhub5: 2 ports with 2 removable, self powered\nehci1: \u003cEHCI (generic) USB 2.0 controller\u003e mem 0x50325000-0x503253ff irq 11 at device 29.7 on pci0\nehci1: [GIANT-LOCKED]\nusb6: EHCI version 1.0\nusb6: companion controllers, 2 ports each: usb3 usb4 usb5\nusb6: \u003cEHCI (generic) USB 2.0 controller\u003e on ehci1\nusb6: USB revision 2.0\nuhub6: Intel EHCI root hub, class 9/0, rev 2.00/1.00, addr 1\nuhub6: 6 ports with 6 removable, self powered\numass0: vendor 0x04b4 Cypress AT2LP RC42, rev 2.00/4.20, addr 2\npcib6: \u003cPCI-PCI bridge\u003e at device 30.0 on pci0\npci6: \u003cPCI bus\u003e on pcib6\nfwohci0: \u003cTexas Instruments TSB43AB22/A\u003e mem 0x50004000-0x500047ff,0x50000000-0x50003fff irq 11 at device 3.0 on pci6\nfwohci0: OHCI version 1.10 (ROM=0)\nfwohci0: No. of Isochronous channels is 4.\nfwohci0: EUI64 00:90:27:00:01:b7:8b:62\nfwohci0: Phy 1394a available S400, 2 ports.\nfwohci0: Link S400, max_rec 2048 bytes.\nfirewire0: \u003cIEEE1394(FireWire) bus\u003e on fwohci0\nfwe0: \u003cEthernet over FireWire\u003e on firewire0\nif_fwe0: Fake Ethernet address: 02:90:27:b7:8b:62\nfwe0: Ethernet address: 02:90:27:b7:8b:62\nfwe0: if_start running deferred for Giant\nsbp0: \u003cSBP-2/SCSI over FireWire\u003e on firewire0\nfwohci0: Initiate bus reset\nfwohci0: node_id=0xc800ffc0, gen=1, CYCLEMASTER mode\nfirewire0: 1 nodes, maxhop \u003c= 0, cable IRM = 0 (me)\nfirewire0: bus manager 0 (me)\nisab0: \u003cPCI-ISA bridge\u003e at device 31.0 on pci0\nisa0: \u003cISA bus\u003e on isab0\natapci1: \u003cIntel ICH8 SATA300 controller\u003e port 0x2138-0x213f,0x2154-0x2157,0x2130-0x2137,0x2150-0x2153,0x2110-0x211f,0x2100-0x210f irq 11 at device 31.2 on pci0\nata3: \u003cATA channel 0\u003e on atapci1\nata4: \u003cATA channel 1\u003e on atapci1\npci0: \u003cserial bus, SMBus\u003e at device 31.3 (no driver attached)\natapci2: \u003cIntel ICH8 SATA300 controller\u003e port 0x2128-0x212f,0x214c-0x214f,0x2120-0x2127,0x2148-0x214b,0x20f0-0x20ff,0x20e0-0x20ef irq 11 at device 31.5 on pci0\nata5: \u003cATA channel 0\u003e on atapci2\nata6: \u003cATA channel 1\u003e on atapci2\norm0: \u003cISA Option ROM\u003e at iomem 0xc0000-0xcafff on isa0\natkbdc0: \u003cKeyboard controller (i8042)\u003e at port 0x60,0x64 on isa0\natkbd0: \u003cAT Keyboard\u003e irq 1 on atkbdc0\nkbd0 at atkbd0\natkbd0: [GIANT-LOCKED]\npsm0: \u003cPS/2 Mouse\u003e irq 12 on atkbdc0\npsm0: [GIANT-LOCKED]\npsm0: model IntelliMouse Explorer, device ID 4\nppc0: cannot reserve I/O port range\nsc0: \u003cSystem console\u003e at flags 0x100 on isa0\nsc0: VGA \u003c16 virtual consoles, flags=0x300\u003e\nsio0 at port 0x3f8-0x3ff irq 4 flags 0x10 on isa0\nsio0: type 16550A\nsio1: configured irq 3 not in bitmap of probed irqs 0\nsio1: port may not be enabled\nvga0: \u003cGeneric ISA VGA\u003e at port 0x3c0-0x3df iomem 0xa0000-0xbffff on isa0\nRTC BIOS diagnostic error 80\u003cclock_battery\u003e\nTimecounter \"TSC\" frequency 2800020622 Hz quality 800\nTimecounters tick every 1.000 msec\nInterrupt storm detected on \"irq10:\"; throttling interrupt source\nacd0: DVDR \u003cPIONEER DVD-RW DVR-111D/1.23\u003e at ata2-master UDMA66\nad6: 152627MB \u003cSeagate ST3160811AS 3.AAE\u003e at ata3-master SATA150\nda0 at umass-sim0 bus 0 target 0 lun 0\nda0: \u003cST380011 A 0000\u003e Fixed Direct Access SCSI-0 device\nda0: 40.000MB/s transfers\nda0: 76319MB (156301488 512 byte sectors: 255H 63S/T 9729C)\nTrying to mount root from ufs:/dev/da0s1a\n\nHow-To-Repeat: Attach a Pioneer 111D recorder to the PATA header on an Intel DG965OT\nmotherboard. I would guess this problem would apply to any i965 motherboard\nusing the Marvell 88SX6101 controller chip.\n\nActually compiling in the new driver for the controller chip changes the\nsituation from a 40% CPU-eating interrupt storm to a hardlock on boot just\nprior to detection of the drive."
}