{
 "id": 541534,
 "bug_id": 143294,
 "attachment_id": 0,
 "creation_time": "2010-01-29T05:54:29Z",
 "creator": "crazyalexnt@inbox.ru",
 "text": "\u003e Hi,\n\u003e \n\u003e Your USB 2.0 controller most likely has the lost interrupt bug. Try adding \n\u003e your USB 2.0 controller to the list of devices quirked in:\n\u003e \n\u003e src/sys/dev/usb/controller/ehci_pci.c:\n\u003e \n\u003e /* Dropped interrupts workaround */\n\u003e switch (pci_get_vendor(self)) {\n\u003e case PCI_EHCI_VENDORID_ATI:\n\u003e case PCI_EHCI_VENDORID_VIA:\n\u003e sc-\u003esc_flags |= EHCI_SCFLG_LOSTINTRBUG;\n\u003e if (bootverbose)\n\u003e device_printf(self,\n\u003e \"Dropped interrupts workaround enabled\\n\");\n\u003e break;\n\u003e default:\n\u003e break;\n\u003e }\n\nHello\n\nI adding my USB 2.0 controller to the list of devices quirked in:\n\n         /* Dropped interrupts workaround */\n         switch (pci_get_vendor(self)) {\n         case PCI_EHCI_VENDORID_ATI:\n         case PCI_EHCI_VENDORID_VIA:\n         case PCI_EHCI_VENDORID_NVIDIA:\n         case PCI_EHCI_VENDORID_NVIDIA2:\n                 sc-\u003esc_flags |= EHCI_SCFLG_LOSTINTRBUG;\n                 if (bootverbose)\n                         device_printf(self,\n                             \"Dropped interrupts workaround enabled\\n\");\n                 break;\n         default:\n                 break;\n         }\n\n... and recompile the kernel. This correctly?\nThen the problem has not disappeared, when copying from usb stick and usb hdd copy process\nstops at the time from several seconds to several minutes.\n\nI added in /boot/loader.conf options:\nboot_verbose=\"YES\"\ndebug.bootverbose=\"1\"\n\nI tried to work with the usb disks, here is my dmesg:\n\nCopyright (c) 1992-2010 The FreeBSD Project.\nCopyright (c) 1979, 1980, 1983, 1986, 1988, 1989, 1991, 1992, 1993, 1994\n\tThe Regents of the University of California. All rights reserved.\nFreeBSD is a registered trademark of The FreeBSD Foundation.\nFreeBSD 8.0-STABLE-201001 #1: Thu Jan 28 11:22:51 YEKT 2010\n     alex@ALEXF.WORKGROUP:/usr/src/sys/i386/compile/ALEX_USB i386\nPreloaded elf kernel \"/boot/kernel/kernel\" at 0xc0f79000.\nTimecounter \"i8254\" frequency 1193182 Hz quality 0\nCalibrating TSC clock ... TSC clock: 2104398412 Hz\nCPU: AMD Athlon(tm) 64 X2 Dual Core Processor 4000+ (2104.40-MHz 686-class CPU)\n   Origin = \"AuthenticAMD\"  Id = 0x60fb1  Stepping = 1\n   Features=0x178bfbff\u003cFPU,VME,DE,PSE,TSC,MSR,PAE,MCE,CX8,APIC,SEP,MTRR,PGE,MCA,CMOV,PAT,PSE36,CLFLUSH,MMX,FXSR,SSE,SSE2,HTT\u003e\n   Features2=0x2001\u003cSSE3,CX16\u003e\n   AMD Features=0xea500800\u003cSYSCALL,NX,MMX+,FFXSR,RDTSCP,LM,3DNow!+,3DNow!\u003e\n   AMD Features2=0x11f\u003cLAHF,CMP,SVM,ExtAPIC,CR8,Prefetch\u003e\nData TLB: 32 entries, fully associative\nInstruction TLB: 32 entries, fully associative\nL1 data cache: 64 kbytes, 64 bytes/line, 1 lines/tag, 2-way associative\nL1 instruction cache: 64 kbytes, 64 bytes/line, 1 lines/tag, 2-way associative\nL2 internal cache: 512 kbytes, 64 bytes/line, 1 lines/tag, 8-way associative\nreal memory  = 2147483648 (2048 MB)\nPhysical memory chunk(s):\n0x0000000000001000 - 0x000000000009dfff, 643072 bytes (157 pages)\n0x0000000000100000 - 0x00000000003fffff, 3145728 bytes (768 pages)\n0x0000000001026000 - 0x000000007da9ffff, 2091360256 bytes (510586 pages)\navail memory = 2090049536 (1993 MB)\nTable 'FACP' at 0x7fef9d80\nTable 'HPET' at 0x7fef9f80\nTable 'MCFG' at 0x7fefa000\nTable 'APIC' at 0x7fef9ec0\nAPIC: Found table at 0x7fef9ec0\nMP Configuration Table version 1.4 found at 0xc00f1400\nAPIC: Using the MADT enumerator.\nMADT: Found CPU APIC ID 0 ACPI ID 0: enabled\nSMP: Added CPU 0 (AP)\nMADT: Found CPU APIC ID 1 ACPI ID 1: enabled\nSMP: Added CPU 1 (AP)\nACPI APIC Table: \u003cNvidia ASUSACPI\u003e\nINTR: Adding local APIC 1 as a target\nFreeBSD/SMP: Multiprocessor System Detected: 2 CPUs\nFreeBSD/SMP: 1 package(s) x 2 core(s)\n  cpu0 (BSP): APIC ID:  0\n  cpu1 (AP): APIC ID:  1\nAPIC: CPU 0 has ACPI ID 0\nAPIC: CPU 1 has ACPI ID 1\nbios32: Found BIOS32 Service Directory header at 0xc00fb7d0\nbios32: Entry = 0xf2030 (c00f2030)  Rev = 0  Len = 1\npcibios: PCI BIOS entry at 0xf0000+0x2060\npnpbios: Found PnP BIOS data at 0xc00fc330\npnpbios: Entry = f0000:c360  Rev = 1.0\nOther BIOS signatures found:\nULE: setup cpu 0\nULE: setup cpu 1\nACPI: RSDP 0xf75e0 00024 (v2 Nvidia)\nACPI: XSDT 0x7fef3100 00044 (v1 Nvidia ASUSACPI 42302E31 AWRD 00000000)\nACPI: FACP 0x7fef9d80 000F4 (v3 Nvidia ASUSACPI 42302E31 AWRD 00000000)\nACPI: DSDT 0x7fef3280 06AC0 (v1 NVIDIA ASUSACPI 00001000 MSFT 03000000)\nACPI: FACS 0x7fef0000 00040\nACPI: HPET 0x7fef9f80 00038 (v1 Nvidia ASUSACPI 42302E31 AWRD 00000098)\nACPI: MCFG 0x7fefa000 0003C (v1 Nvidia ASUSACPI 42302E31 AWRD 00000000)\nACPI: APIC 0x7fef9ec0 0007C (v1 Nvidia ASUSACPI 42302E31 AWRD 00000000)\nMADT: Found IO APIC ID 2, Interrupt 0 at 0xfec00000\nioapic0: Changing APIC ID to 2\nioapic0: Routing external 8259A's -\u003e intpin 0\nMADT: Interrupt override: source 0, irq 2\nioapic0: Routing IRQ 0 -\u003e intpin 2\nMADT: Interrupt override: source 9, irq 9\nioapic0: intpin 9 trigger: level\nMADT: Interrupt override: source 14, irq 14\nMADT: Interrupt override: source 15, irq 15\nlapic0: Routing NMI -\u003e LINT1\nlapic0: LINT1 trigger: edge\nlapic0: LINT1 polarity: high\nlapic1: Routing NMI -\u003e LINT1\nlapic1: LINT1 trigger: edge\nlapic1: LINT1 polarity: high\nioapic0 \u003cVersion 1.1\u003e irqs 0-23 on motherboard\ncpu0 BSP:\n      ID: 0x00000000   VER: 0x80050010 LDR: 0x00000000 DFR: 0xffffffff\n   lint0: 0x00010700 lint1: 0x00000400 TPR: 0x00000000 SVR: 0x000001ff\n   timer: 0x000100ef therm: 0x00010000 err: 0x00010000 pcm: 0x00010400\nwlan: \u003c802.11 Link Layer\u003e\nnull: \u003cnull device, zero device\u003e\nrandom: \u003centropy source, Software, Yarrow\u003e\nnfslock: pseudo-device\nio: \u003cI/O\u003e\nkbd: new array size 4\nkbd1 at kbdmux0\nmem: \u003cmemory\u003e\nPentium Pro MTRR support enabled\nhptrr: RocketRAID 17xx/2xxx SATA controller driver v1.2\nnpx0: INT 16 interface\nacpi0: \u003cNvidia ASUSACPI\u003e on motherboard\nPCIe: Memory Mapped configuration base @ 0xe0000000\npcibios: BIOS version 3.00\nioapic0: routing intpin 9 (ISA IRQ 9) to lapic 0 vector 48\nacpi0: [MPSAFE]\nacpi0: [ITHREAD]\nAcpiOsDerivePciId: \\\\_SB_.PCI0.SMB0.SMCA -\u003e bus 0 dev 10 func 1\nacpi0: Power Button (fixed)\nacpi0: wakeup code va 0xc50bc000 pa 0x1000\nAcpiOsDerivePciId: \\\\_SB_.PCI0.IGPU.GPUR -\u003e bus 0 dev 5 func 0\nAcpiOsDerivePciId: \\\\_SB_.PCI0.VT86.PIO1 -\u003e bus 0 dev 10 func 0\nAcpiOsDerivePciId: \\\\_SB_.PCI0.VT86.PIRQ -\u003e bus 0 dev 10 func 0\nacpi0: reservation of 0, a0000 (3) failed\nacpi0: reservation of 100000, 7fdf0000 (3) failed\nACPI timer: 1/1 1/1 1/1 1/1 1/1 1/1 1/1 1/1 1/1 1/1 -\u003e 10\nTimecounter \"ACPI-fast\" frequency 3579545 Hz quality 1000\nacpi_timer0: \u003c24-bit timer at 3.579545MHz\u003e port 0x4008-0x400b on acpi0\npci_link0:        Index  IRQ  Rtd  Ref  IRQs\n   Initial Probe       0  255   N     0  5 7 9 10 11 14 15\n   Validation          0  255   N     0  5 7 9 10 11 14 15\n   After Disable       0  255   N     0  5 7 9 10 11 14 15\npci_link1:        Index  IRQ  Rtd  Ref  IRQs\n   Initial Probe       0    5   N     0  5 7 9 10 11 14 15\n   Validation          0    5   N     0  5 7 9 10 11 14 15\n   After Disable       0  255   N     0  5 7 9 10 11 14 15\npci_link2:        Index  IRQ  Rtd  Ref  IRQs\n   Initial Probe       0  255   N     0  5 7 9 10 11 14 15\n   Validation          0  255   N     0  5 7 9 10 11 14 15\n   After Disable       0  255   N     0  5 7 9 10 11 14 15\npci_link3:        Index  IRQ  Rtd  Ref  IRQs\n   Initial Probe       0  255   N     0  5 7 9 10 11 14 15\n   Validation          0  255   N     0  5 7 9 10 11 14 15\n   After Disable       0  255   N     0  5 7 9 10 11 14 15\npci_link4:        Index  IRQ  Rtd  Ref  IRQs\n   Initial Probe       0   11   N     0  5 7 9 10 11 14 15\n   Validation          0   11   N     0  5 7 9 10 11 14 15\n   After Disable       0  255   N     0  5 7 9 10 11 14 15\npci_link5:        Index  IRQ  Rtd  Ref  IRQs\n   Initial Probe       0  255   N     0  5 7 9 10 11 14 15\n   Validation          0  255   N     0  5 7 9 10 11 14 15\n   After Disable       0  255   N     0  5 7 9 10 11 14 15\npci_link6:        Index  IRQ  Rtd  Ref  IRQs\n   Initial Probe       0  255   N     0  5 7 9 10 11 14 15\n   Validation          0  255   N     0  5 7 9 10 11 14 15\n   After Disable       0  255   N     0  5 7 9 10 11 14 15\npci_link7:        Index  IRQ  Rtd  Ref  IRQs\n   Initial Probe       0  255   N     0  5 7 9 10 11 14 15\n   Validation          0  255   N     0  5 7 9 10 11 14 15\n   After Disable       0  255   N     0  5 7 9 10 11 14 15\npci_link8:        Index  IRQ  Rtd  Ref  IRQs\n   Initial Probe       0  255   N     0  5 7 9 10 11 14 15\n   Validation          0  255   N     0  5 7 9 10 11 14 15\n   After Disable       0  255   N     0  5 7 9 10 11 14 15\npci_link9:        Index  IRQ  Rtd  Ref  IRQs\n   Initial Probe       0  255   N     0  5 7 9 10 11 14 15\n   Validation          0  255   N     0  5 7 9 10 11 14 15\n   After Disable       0  255   N     0  5 7 9 10 11 14 15\npci_link10:       Index  IRQ  Rtd  Ref  IRQs\n   Initial Probe       0   11   N     0  5 7 9 10 11 14 15\n   Validation          0   11   N     0  5 7 9 10 11 14 15\n   After Disable       0  255   N     0  5 7 9 10 11 14 15\npci_link11:       Index  IRQ  Rtd  Ref  IRQs\n   Initial Probe       0  255   N     0  5 7 9 10 11 14 15\n   Validation          0  255   N     0  5 7 9 10 11 14 15\n   After Disable       0  255   N     0  5 7 9 10 11 14 15\npci_link12:       Index  IRQ  Rtd  Ref  IRQs\n   Initial Probe       0   10   N     0  5 7 9 10 11 14 15\n   Validation          0   10   N     0  5 7 9 10 11 14 15\n   After Disable       0  255   N     0  5 7 9 10 11 14 15\npci_link13:       Index  IRQ  Rtd  Ref  IRQs\n   Initial Probe       0  255   N     0  5 7 9 10 11 14 15\n   Validation          0  255   N     0  5 7 9 10 11 14 15\n   After Disable       0  255   N     0  5 7 9 10 11 14 15\npci_link14:       Index  IRQ  Rtd  Ref  IRQs\n   Initial Probe       0  255   N     0  5 7 9 10 11 14 15\n   Validation          0  255   N     0  5 7 9 10 11 14 15\n   After Disable       0  255   N     0  5 7 9 10 11 14 15\npci_link15:       Index  IRQ  Rtd  Ref  IRQs\n   Initial Probe       0  255   N     0  5 7 9 10 11 14 15\n   Validation          0  255   N     0  5 7 9 10 11 14 15\n   After Disable       0  255   N     0  5 7 9 10 11 14 15\npci_link16:       Index  IRQ  Rtd  Ref  IRQs\n   Initial Probe       0  255   N     0  5 7 9 10 11 14 15\n   Validation          0  255   N     0  5 7 9 10 11 14 15\n   After Disable       0  255   N     0  5 7 9 10 11 14 15\npci_link17:       Index  IRQ  Rtd  Ref  IRQs\n   Initial Probe       0  255   N     0  5 7 9 10 11 14 15\n   Validation          0  255   N     0  5 7 9 10 11 14 15\n   After Disable       0  255   N     0  5 7 9 10 11 14 15\npci_link18:       Index  IRQ  Rtd  Ref  IRQs\n   Initial Probe       0    5   N     0  5 7 9 10 11 14 15\n   Validation          0    5   N     0  5 7 9 10 11 14 15\n   After Disable       0  255   N     0  5 7 9 10 11 14 15\npci_link19:       Index  IRQ  Rtd  Ref  IRQs\n   Initial Probe       0    5   N     0  5 7 9 10 11 14 15\n   Validation          0    5   N     0  5 7 9 10 11 14 15\n   After Disable       0  255   N     0  5 7 9 10 11 14 15\npci_link20:       Index  IRQ  Rtd  Ref  IRQs\n   Initial Probe       0  255   N     0  16\n   Validation          0  255   N     0  16\n   After Disable       0  255   N     0  16\npci_link21:       Index  IRQ  Rtd  Ref  IRQs\n   Initial Probe       0  255   N     0  17\n   Validation          0  255   N     0  17\n   After Disable       0  255   N     0  17\npci_link22:       Index  IRQ  Rtd  Ref  IRQs\n   Initial Probe       0  255   N     0  18\n   Validation          0  255   N     0  18\n   After Disable       0  255   N     0  18\npci_link23:       Index  IRQ  Rtd  Ref  IRQs\n   Initial Probe       0  255   N     0  19\n   Validation          0  255   N     0  19\n   After Disable       0  255   N     0  19\npci_link24:       Index  IRQ  Rtd  Ref  IRQs\n   Initial Probe       0  255   N     0  16\n   Validation          0  255   N     0  16\n   After Disable       0  255   N     0  16\npci_link25:       Index  IRQ  Rtd  Ref  IRQs\n   Initial Probe       0  255   N     0  16\n   Validation          0  255   N     0  16\n   After Disable       0  255   N     0  16\npci_link26:       Index  IRQ  Rtd  Ref  IRQs\n   Initial Probe       0  255   N     0  16\n   Validation          0  255   N     0  16\n   After Disable       0  255   N     0  16\npci_link27:       Index  IRQ  Rtd  Ref  IRQs\n   Initial Probe       0  255   N     0  16\n   Validation          0  255   N     0  16\n   After Disable       0  255   N     0  16\npci_link28:       Index  IRQ  Rtd  Ref  IRQs\n   Initial Probe       0  255   N     0  20 21 22 23\n   Validation          0  255   N     0  20 21 22 23\n   After Disable       0  255   N     0  20 21 22 23\npci_link29:       Index  IRQ  Rtd  Ref  IRQs\n   Initial Probe       0  255   N     0  20 21 22 23\n   Validation          0  255   N     0  20 21 22 23\n   After Disable       0  255   N     0  20 21 22 23\npci_link30:       Index  IRQ  Rtd  Ref  IRQs\n   Initial Probe       0  255   N     0  20 21 22 23\n   Validation          0  255   N     0  20 21 22 23\n   After Disable       0  255   N     0  20 21 22 23\npci_link31:       Index  IRQ  Rtd  Ref  IRQs\n   Initial Probe       0  255   N     0  20 21 22 23\n   Validation          0  255   N     0  20 21 22 23\n   After Disable       0  255   N     0  20 21 22 23\npci_link32:       Index  IRQ  Rtd  Ref  IRQs\n   Initial Probe       0  255   N     0  20 21 22 23\n   Validation          0  255   N     0  20 21 22 23\n   After Disable       0  255   N     0  20 21 22 23\npci_link33:       Index  IRQ  Rtd  Ref  IRQs\n   Initial Probe       0  255   N     0  20 21 22 23\n   Validation          0  255   N     0  20 21 22 23\n   After Disable       0  255   N     0  20 21 22 23\npci_link34:       Index  IRQ  Rtd  Ref  IRQs\n   Initial Probe       0  255   N     0  20 21 22 23\n   Validation          0  255   N     0  20 21 22 23\n   After Disable       0  255   N     0  20 21 22 23\npci_link35:       Index  IRQ  Rtd  Ref  IRQs\n   Initial Probe       0  255   N     0  20 21 22 23\n   Validation          0  255   N     0  20 21 22 23\n   After Disable       0  255   N     0  20 21 22 23\npci_link36:       Index  IRQ  Rtd  Ref  IRQs\n   Initial Probe       0  255   N     0  20 21 22 23\n   Validation          0  255   N     0  20 21 22 23\n   After Disable       0  255   N     0  20 21 22 23\npci_link37:       Index  IRQ  Rtd  Ref  IRQs\n   Initial Probe       0  255   N     0  20 21 22 23\n   Validation          0  255   N     0  20 21 22 23\n   After Disable       0  255   N     0  20 21 22 23\npci_link38:       Index  IRQ  Rtd  Ref  IRQs\n   Initial Probe       0  255   N     0  20 21 22 23\n   Validation          0  255   N     0  20 21 22 23\n   After Disable       0  255   N     0  20 21 22 23\npci_link39:       Index  IRQ  Rtd  Ref  IRQs\n   Initial Probe       0  255   N     0  20 21 22 23\n   Validation          0  255   N     0  20 21 22 23\n   After Disable       0  255   N     0  20 21 22 23\npci_link40:       Index  IRQ  Rtd  Ref  IRQs\n   Initial Probe       0  255   N     0  20 21 22 23\n   Validation          0  255   N     0  20 21 22 23\n   After Disable       0  255   N     0  20 21 22 23\nacpi_hpet0: \u003cHigh Precision Event Timer\u003e iomem 0xfefff000-0xfefff3ff on acpi0\nacpi_hpet0: vend: 0x10de rev: 0x1 num: 2 hz: 25000000 opts: legacy_route\nTimecounter \"HPET\" frequency 25000000 Hz quality 900\nacpi_button0: \u003cPower Button\u003e on acpi0\npcib0: \u003cACPI Host-PCI bridge\u003e port 0xcf8-0xcff on acpi0\npci0: \u003cACPI PCI bus\u003e on pcib0\npci0: domain=0, physical bus=0\nfound-\u003e\tvendor=0x10de, dev=0x02f0, revid=0xa2\n\tdomain=0, bus=0, slot=0, func=0\n\tclass=05-00-00, hdrtype=0x00, mfdev=1\n\tcmdreg=0x0006, statreg=0x00b0, cachelnsz=0 (dwords)\n\tlattimer=0x00 (0 ns), mingnt=0x00 (0 ns), maxlat=0x00 (0 ns)\nfound-\u003e\tvendor=0x10de, dev=0x02fa, revid=0xa2\n\tdomain=0, bus=0, slot=0, func=1\n\tclass=05-00-00, hdrtype=0x00, mfdev=1\n\tcmdreg=0x0100, statreg=0x4020, cachelnsz=0 (dwords)\n\tlattimer=0x00 (0 ns), mingnt=0x00 (0 ns), maxlat=0x00 (0 ns)\nfound-\u003e\tvendor=0x10de, dev=0x02fe, revid=0xa2\n\tdomain=0, bus=0, slot=0, func=2\n\tclass=05-00-00, hdrtype=0x00, mfdev=1\n\tcmdreg=0x0000, statreg=0x0020, cachelnsz=0 (dwords)\n\tlattimer=0x00 (0 ns), mingnt=0x00 (0 ns), maxlat=0x00 (0 ns)\nfound-\u003e\tvendor=0x10de, dev=0x02f8, revid=0xa2\n\tdomain=0, bus=0, slot=0, func=3\n\tclass=05-00-00, hdrtype=0x00, mfdev=1\n\tcmdreg=0x0000, statreg=0x00a0, cachelnsz=0 (dwords)\n\tlattimer=0x00 (0 ns), mingnt=0x00 (0 ns), maxlat=0x00 (0 ns)\nfound-\u003e\tvendor=0x10de, dev=0x02f9, revid=0xa2\n\tdomain=0, bus=0, slot=0, func=4\n\tclass=05-00-00, hdrtype=0x00, mfdev=0\n\tcmdreg=0x0006, statreg=0x00a0, cachelnsz=0 (dwords)\n\tlattimer=0x00 (0 ns), mingnt=0x00 (0 ns), maxlat=0x00 (0 ns)\nfound-\u003e\tvendor=0x10de, dev=0x02ff, revid=0xa2\n\tdomain=0, bus=0, slot=0, func=5\n\tclass=05-00-00, hdrtype=0x00, mfdev=1\n\tcmdreg=0x0006, statreg=0x00b0, cachelnsz=0 (dwords)\n\tlattimer=0x00 (0 ns), mingnt=0x00 (0 ns), maxlat=0x00 (0 ns)\nfound-\u003e\tvendor=0x10de, dev=0x027f, revid=0xa2\n\tdomain=0, bus=0, slot=0, func=6\n\tclass=05-00-00, hdrtype=0x00, mfdev=1\n\tcmdreg=0x0102, statreg=0x0020, cachelnsz=0 (dwords)\n\tlattimer=0x00 (0 ns), mingnt=0x00 (0 ns), maxlat=0x00 (0 ns)\nfound-\u003e\tvendor=0x10de, dev=0x027e, revid=0xa2\n\tdomain=0, bus=0, slot=0, func=7\n\tclass=05-00-00, hdrtype=0x00, mfdev=1\n\tcmdreg=0x0000, statreg=0x0020, cachelnsz=0 (dwords)\n\tlattimer=0x00 (0 ns), mingnt=0x00 (0 ns), maxlat=0x00 (0 ns)\nfound-\u003e\tvendor=0x10de, dev=0x02fb, revid=0xa1\n\tdomain=0, bus=0, slot=4, func=0\n\tclass=06-04-00, hdrtype=0x01, mfdev=0\n\tcmdreg=0x0007, statreg=0x0010, cachelnsz=8 (dwords)\n\tlattimer=0x00 (0 ns), mingnt=0x0c (3000 ns), maxlat=0x00 (0 ns)\n\tpowerspec 2  supports D0 D3  current D0\n\tMSI supports 2 messages, 64 bit\nfound-\u003e\tvendor=0x10de, dev=0x0270, revid=0xa2\n\tdomain=0, bus=0, slot=9, func=0\n\tclass=05-00-00, hdrtype=0x00, mfdev=0\n\tcmdreg=0x0006, statreg=0x00b0, cachelnsz=0 (dwords)\n\tlattimer=0x00 (0 ns), mingnt=0x00 (0 ns), maxlat=0x00 (0 ns)\nfound-\u003e\tvendor=0x10de, dev=0x0260, revid=0xa3\n\tdomain=0, bus=0, slot=10, func=0\n\tclass=06-01-00, hdrtype=0x00, mfdev=1\n\tcmdreg=0x000f, statreg=0x00a0, cachelnsz=0 (dwords)\n\tlattimer=0x00 (0 ns), mingnt=0x00 (0 ns), maxlat=0x00 (0 ns)\nfound-\u003e\tvendor=0x10de, dev=0x0264, revid=0xa3\n\tdomain=0, bus=0, slot=10, func=1\n\tclass=0c-05-00, hdrtype=0x00, mfdev=1\n\tcmdreg=0x0001, statreg=0x00b0, cachelnsz=0 (dwords)\n\tlattimer=0x00 (0 ns), mingnt=0x00 (0 ns), maxlat=0x00 (0 ns)\n\tintpin=a, irq=255\n\tpowerspec 2  supports D0 D3  current D0\n\tmap[20]: type I/O Port, range 32, base 0x4c00, size  6, enabled\n\tmap[24]: type I/O Port, range 32, base 0x4c40, size  6, enabled\nfound-\u003e\tvendor=0x10de, dev=0x0272, revid=0xa3\n\tdomain=0, bus=0, slot=10, func=2\n\tclass=05-00-00, hdrtype=0x00, mfdev=1\n\tcmdreg=0x0400, statreg=0x00a0, cachelnsz=0 (dwords)\n\tlattimer=0x00 (0 ns), mingnt=0x00 (0 ns), maxlat=0x00 (0 ns)\nfound-\u003e\tvendor=0x10de, dev=0x026d, revid=0xa3\n\tdomain=0, bus=0, slot=11, func=0\n\tclass=0c-03-10, hdrtype=0x00, mfdev=1\n\tcmdreg=0x0007, statreg=0x00b0, cachelnsz=0 (dwords)\n\tlattimer=0x00 (0 ns), mingnt=0x03 (750 ns), maxlat=0x01 (250 ns)\n\tintpin=a, irq=255\n\tpowerspec 2  supports D0 D1 D2 D3  current D0\n\tmap[10]: type Memory, range 32, base 0xfe02f000, size 12, enabled\nunknown: Reserved 0x1000 bytes for rid 0x10 type 3 at 0xfe02f000\nohci early: SMM active, request owner change\nfound-\u003e\tvendor=0x10de, dev=0x026e, revid=0xa3\n\tdomain=0, bus=0, slot=11, func=1\n\tclass=0c-03-20, hdrtype=0x00, mfdev=1\n\tcmdreg=0x0006, statreg=0x00b0, cachelnsz=0 (dwords)\n\tlattimer=0x00 (0 ns), mingnt=0x03 (750 ns), maxlat=0x01 (250 ns)\n\tintpin=b, irq=255\n\tpowerspec 2  supports D0 D1 D2 D3  current D0\n\tmap[10]: type Memory, range 32, base 0xfe02e000, size  8, enabled\nunknown: Reserved 0x100 bytes for rid 0x10 type 3 at 0xfe02e000\nfound-\u003e\tvendor=0x10de, dev=0x0265, revid=0xa1\n\tdomain=0, bus=0, slot=13, func=0\n\tclass=01-01-8a, hdrtype=0x00, mfdev=0\n\tcmdreg=0x0005, statreg=0x00b0, cachelnsz=0 (dwords)\n\tlattimer=0x00 (0 ns), mingnt=0x03 (750 ns), maxlat=0x01 (250 ns)\n\tpowerspec 2  supports D0 D3  current D0\n\tmap[20]: type I/O Port, range 32, base 0xf400, size  4, enabled\nfound-\u003e\tvendor=0x10de, dev=0x0266, revid=0xa1\n\tdomain=0, bus=0, slot=14, func=0\n\tclass=01-01-85, hdrtype=0x00, mfdev=0\n\tcmdreg=0x0007, statreg=0x00b0, cachelnsz=0 (dwords)\n\tlattimer=0x00 (0 ns), mingnt=0x03 (750 ns), maxlat=0x01 (250 ns)\n\tintpin=a, irq=5\n\tpowerspec 2  supports D0 D3  current D0\n\tMSI supports 4 messages, 64 bit\n\tmap[10]: type I/O Port, range 32, base 0x9f0, size  3, enabled\n\tmap[14]: type I/O Port, range 32, base 0xbf0, size  2, enabled\n\tmap[18]: type I/O Port, range 32, base 0x970, size  3, enabled\n\tmap[1c]: type I/O Port, range 32, base 0xb70, size  2, enabled\n\tmap[20]: type I/O Port, range 32, base 0xe000, size  4, enabled\n\tmap[24]: type Memory, range 32, base 0xfe02d000, size 12, enabled\npcib0: matched entry for 0.14.INTA (src \\\\_SB_.PCI0.APSI:0)\npci_link39: Picked IRQ 20 with weight 0\npcib0: slot 14 INTA routed to irq 20 via \\\\_SB_.PCI0.APSI\nfound-\u003e\tvendor=0x10de, dev=0x0267, revid=0xa1\n\tdomain=0, bus=0, slot=15, func=0\n\tclass=01-01-85, hdrtype=0x00, mfdev=0\n\tcmdreg=0x0007, statreg=0x00b0, cachelnsz=0 (dwords)\n\tlattimer=0x00 (0 ns), mingnt=0x03 (750 ns), maxlat=0x01 (250 ns)\n\tintpin=a, irq=5\n\tpowerspec 2  supports D0 D3  current D0\n\tMSI supports 4 messages, 64 bit\n\tmap[10]: type I/O Port, range 32, base 0x9e0, size  3, enabled\n\tmap[14]: type I/O Port, range 32, base 0xbe0, size  2, enabled\n\tmap[18]: type I/O Port, range 32, base 0x960, size  3, enabled\n\tmap[1c]: type I/O Port, range 32, base 0xb60, size  2, enabled\n\tmap[20]: type I/O Port, range 32, base 0xcc00, size  4, enabled\n\tmap[24]: type Memory, range 32, base 0xfe02c000, size 12, enabled\npcib0: matched entry for 0.15.INTA (src \\\\_SB_.PCI0.APSJ:0)\npci_link40: Picked IRQ 21 with weight 0\npcib0: slot 15 INTA routed to irq 21 via \\\\_SB_.PCI0.APSJ\nfound-\u003e\tvendor=0x10de, dev=0x026f, revid=0xa2\n\tdomain=0, bus=0, slot=16, func=0\n\tclass=06-04-01, hdrtype=0x01, mfdev=1\n\tcmdreg=0x0007, statreg=0x00b0, cachelnsz=0 (dwords)\n\tlattimer=0x00 (0 ns), mingnt=0x04 (1000 ns), maxlat=0x02 (500 ns)\nfound-\u003e\tvendor=0x10de, dev=0x026c, revid=0xa2\n\tdomain=0, bus=0, slot=16, func=1\n\tclass=04-03-00, hdrtype=0x00, mfdev=1\n\tcmdreg=0x0006, statreg=0x00b0, cachelnsz=0 (dwords)\n\tlattimer=0x00 (0 ns), mingnt=0x02 (500 ns), maxlat=0x05 (1250 ns)\n\tintpin=b, irq=10\n\tpowerspec 2  supports D0 D3  current D0\n\tMSI supports 1 message, 64 bit, vector masks\n\tmap[10]: type Memory, range 32, base 0xfe024000, size 14, enabled\npcib0: matched entry for 0.16.INTB (src \\\\_SB_.PCI0.AAZA:0)\npci_link33: Picked IRQ 22 with weight 0\npcib0: slot 16 INTB routed to irq 22 via \\\\_SB_.PCI0.AAZA\nfound-\u003e\tvendor=0x10de, dev=0x0269, revid=0xa3\n\tdomain=0, bus=0, slot=20, func=0\n\tclass=06-80-00, hdrtype=0x00, mfdev=0\n\tcmdreg=0x0007, statreg=0x00b0, cachelnsz=0 (dwords)\n\tlattimer=0x00 (0 ns), mingnt=0x01 (250 ns), maxlat=0x14 (5000 ns)\n\tintpin=a, irq=11\n\tpowerspec 2  supports D0 D1 D2 D3  current D0\n\tmap[10]: type Memory, range 32, base 0xfe02b000, size 12, enabled\n\tmap[14]: type I/O Port, range 32, base 0xc800, size  3, enabled\npcib0: matched entry for 0.20.INTA (src \\\\_SB_.PCI0.APCH:0)\npci_link30: Picked IRQ 23 with weight 0\npcib0: slot 20 INTA routed to irq 23 via \\\\_SB_.PCI0.APCH\nfound-\u003e\tvendor=0x1022, dev=0x1100, revid=0x00\n\tdomain=0, bus=0, slot=24, func=0\n\tclass=06-00-00, hdrtype=0x00, mfdev=1\n\tcmdreg=0x0000, statreg=0x0010, cachelnsz=0 (dwords)\n\tlattimer=0x00 (0 ns), mingnt=0x00 (0 ns), maxlat=0x00 (0 ns)\nfound-\u003e\tvendor=0x1022, dev=0x1101, revid=0x00\n\tdomain=0, bus=0, slot=24, func=1\n\tclass=06-00-00, hdrtype=0x00, mfdev=1\n\tcmdreg=0x0000, statreg=0x0000, cachelnsz=0 (dwords)\n\tlattimer=0x00 (0 ns), mingnt=0x00 (0 ns), maxlat=0x00 (0 ns)\nfound-\u003e\tvendor=0x1022, dev=0x1102, revid=0x00\n\tdomain=0, bus=0, slot=24, func=2\n\tclass=06-00-00, hdrtype=0x00, mfdev=1\n\tcmdreg=0x0000, statreg=0x0000, cachelnsz=0 (dwords)\n\tlattimer=0x00 (0 ns), mingnt=0x00 (0 ns), maxlat=0x00 (0 ns)\nfound-\u003e\tvendor=0x1022, dev=0x1103, revid=0x00\n\tdomain=0, bus=0, slot=24, func=3\n\tclass=06-00-00, hdrtype=0x00, mfdev=1\n\tcmdreg=0x0000, statreg=0x0010, cachelnsz=0 (dwords)\n\tlattimer=0x00 (0 ns), mingnt=0x00 (0 ns), maxlat=0x00 (0 ns)\npci0: \u003cmemory, RAM\u003e at device 0.0 (no driver attached)\npci0: \u003cmemory, RAM\u003e at device 0.1 (no driver attached)\npci0: \u003cmemory, RAM\u003e at device 0.2 (no driver attached)\npci0: \u003cmemory, RAM\u003e at device 0.3 (no driver attached)\npci0: \u003cmemory, RAM\u003e at device 0.4 (no driver attached)\npci0: \u003cmemory, RAM\u003e at device 0.5 (no driver attached)\npci0: \u003cmemory, RAM\u003e at device 0.6 (no driver attached)\npci0: \u003cmemory, RAM\u003e at device 0.7 (no driver attached)\npcib1: \u003cACPI PCI-PCI bridge\u003e at device 4.0 on pci0\npcib1:   domain            0\npcib1:   secondary bus     1\npcib1:   subordinate bus   1\npcib1:   I/O decode        0xa000-0xafff\npcib1:   memory decode     0xfa000000-0xfcffffff\npcib1:   prefetched decode 0xd0000000-0xdfffffff\npcib1: could not get PCI interrupt routing table for \\\\_SB_.PCI0.XVRA - AE_NOT_FOUND\npci1: \u003cACPI PCI bus\u003e on pcib1\npci1: domain=0, physical bus=1\nfound-\u003e\tvendor=0x10de, dev=0x0392, revid=0xa1\n\tdomain=0, bus=1, slot=0, func=0\n\tclass=03-00-00, hdrtype=0x00, mfdev=0\n\tcmdreg=0x0007, statreg=0x0010, cachelnsz=8 (dwords)\n\tlattimer=0x00 (0 ns), mingnt=0x00 (0 ns), maxlat=0x00 (0 ns)\n\tintpin=a, irq=11\n\tpowerspec 2  supports D0 D3  current D0\n\tMSI supports 1 message, 64 bit\n\tmap[10]: type Memory, range 32, base 0xfa000000, size 24, enabled\npcib1: requested memory range 0xfa000000-0xfaffffff: good\n\tmap[14]: type Prefetchable Memory, range 64, base 0xd0000000, size 28, enabled\npcib1: requested memory range 0xd0000000-0xdfffffff: good\n\tmap[1c]: type Memory, range 64, base 0xfb000000, size 24, enabled\npcib1: requested memory range 0xfb000000-0xfbffffff: good\n\tmap[24]: type I/O Port, range 32, base 0xac00, size  7, enabled\npcib1: requested I/O range 0xac00-0xac7f: in range\npcib0: matched entry for 0.4.INTA (src \\\\_SB_.PCI0.APC5:0)\npci_link24: Picked IRQ 16 with weight 0\npcib0: slot 4 INTA routed to irq 16 via \\\\_SB_.PCI0.APC5\npcib1: slot 0 INTA is routed to irq 16\nvgapci0: \u003cVGA-compatible display\u003e port 0xac00-0xac7f mem 0xfa000000-0xfaffffff,0xd0000000-0xdfffffff,0xfb000000-0xfbffffff irq 16 at device 0.0 on pci1\npci0: \u003cmemory, RAM\u003e at device 9.0 (no driver attached)\nisab0: \u003cPCI-ISA bridge\u003e at device 10.0 on pci0\nisa0: \u003cISA bus\u003e on isab0\npci0: \u003cserial bus, SMBus\u003e at device 10.1 (no driver attached)\npci0: \u003cmemory, RAM\u003e at device 10.2 (no driver attached)\nohci0: \u003cOHCI (generic) USB controller\u003e mem 0xfe02f000-0xfe02ffff at device 11.0 on pci0\npcib0: matched entry for 0.11.INTA (src \\\\_SB_.PCI0.APCF:0)\npci_link28: Picked IRQ 20 with weight 1\npcib0: slot 11 INTA routed to irq 20 via \\\\_SB_.PCI0.APCF\nioapic0: routing intpin 20 (PCI IRQ 20) to lapic 0 vector 49\nohci0: [MPSAFE]\nohci0: [ITHREAD]\nusbus0: \u003cOHCI (generic) USB controller\u003e on ohci0\nehci0: \u003cEHCI (generic) USB 2.0 controller\u003e mem 0xfe02e000-0xfe02e0ff at device 11.1 on pci0\npcib0: matched entry for 0.11.INTB (src \\\\_SB_.PCI0.APCL:0)\npci_link36: Picked IRQ 21 with weight 1\npcib0: slot 11 INTB routed to irq 21 via \\\\_SB_.PCI0.APCL\nioapic0: routing intpin 21 (PCI IRQ 21) to lapic 0 vector 50\nehci0: [MPSAFE]\nehci0: [ITHREAD]\nehci0: Dropped interrupts workaround enabled\nusbus1: EHCI version 1.0\nusbus1: \u003cEHCI (generic) USB 2.0 controller\u003e on ehci0\natapci0: \u003cnVidia nForce MCP51 UDMA133 controller\u003e port 0x1f0-0x1f7,0x3f6,0x170-0x177,0x376,0xf400-0xf40f at device 13.0 on pci0\natapci0: Reserved 0x10 bytes for rid 0x20 type 4 at 0xf400\nata0: \u003cATA channel 0\u003e on atapci0\natapci0: Reserved 0x8 bytes for rid 0x10 type 4 at 0x1f0\natapci0: Reserved 0x1 bytes for rid 0x14 type 4 at 0x3f6\nata0: reset tp1 mask=03 ostat0=50 ostat1=00\nata0: stat0=0x90 err=0x90 lsb=0x90 msb=0x90\nata0: stat0=0x50 err=0x01 lsb=0x00 msb=0x00\nata0: stat1=0x00 err=0x01 lsb=0x00 msb=0x00\nata0: reset tp2 stat0=50 stat1=00 devices=0x1\nioapic0: routing intpin 14 (ISA IRQ 14) to lapic 0 vector 51\nata0: [MPSAFE]\nata0: [ITHREAD]\nata1: \u003cATA channel 1\u003e on atapci0\natapci0: Reserved 0x8 bytes for rid 0x18 type 4 at 0x170\natapci0: Reserved 0x1 bytes for rid 0x1c type 4 at 0x376\nata1: reset tp1 mask=03 ostat0=7f ostat1=50\nata1: stat0=0x7f err=0x7f lsb=0x7f msb=0x7f\nata1: stat0=0x7f err=0x7f lsb=0x7f msb=0x7f\nata1: stat0=0x7f err=0x7f lsb=0x7f msb=0x7f\nata1: stat0=0x7f err=0x7f lsb=0x7f msb=0x7f\nata1: stat0=0x7f err=0x7f lsb=0x7f msb=0x7f\nata1: stat0=0x7f err=0x7f lsb=0x7f msb=0x7f\nata1: stat0=0x7f err=0x7f lsb=0x7f msb=0x7f\nata1: stat0=0x7f err=0x7f lsb=0x7f msb=0x7f\nata1: stat0=0x7f err=0x7f lsb=0x7f msb=0x7f\nata1: stat0=0x7f err=0x7f lsb=0x7f msb=0x7f\nata1: stat0=0x7f err=0x7f lsb=0x7f msb=0x7f\nata1: stat0=0x7f err=0x7f lsb=0x7f msb=0x7f\nata1: stat1=0x00 err=0x01 lsb=0x14 msb=0xeb\nata1: reset tp2 stat0=ff stat1=00 devices=0x20000\nioapic0: routing intpin 15 (ISA IRQ 15) to lapic 0 vector 52\nata1: [MPSAFE]\nata1: [ITHREAD]\natapci1: \u003cnVidia nForce MCP51 SATA300 controller\u003e port 0x9f0-0x9f7,0xbf0-0xbf3,0x970-0x977,0xb70-0xb73,0xe000-0xe00f mem 0xfe02d000-0xfe02dfff irq 20 at device \n14.0 on pci0\natapci1: Reserved 0x10 bytes for rid 0x20 type 4 at 0xe000\natapci1: [MPSAFE]\natapci1: [ITHREAD]\natapci1: Reserved 0x1000 bytes for rid 0x24 type 3 at 0xfe02d000\nata2: \u003cATA channel 0\u003e on atapci1\natapci1: Reserved 0x8 bytes for rid 0x10 type 4 at 0x9f0\natapci1: Reserved 0x4 bytes for rid 0x14 type 4 at 0xbf0\nata2: SATA connect time=0ms status=00000123\nata2: reset tp1 mask=01 ostat0=50 ostat1=00\nata2: stat0=0x50 err=0x01 lsb=0x00 msb=0x00\nata2: reset tp2 stat0=50 stat1=00 devices=0x1\nata2: [MPSAFE]\nata2: [ITHREAD]\nata3: \u003cATA channel 1\u003e on atapci1\natapci1: Reserved 0x8 bytes for rid 0x18 type 4 at 0x970\natapci1: Reserved 0x4 bytes for rid 0x1c type 4 at 0xb70\nata3: SATA connect time=0ms status=00000123\nata3: reset tp1 mask=01 ostat0=50 ostat1=00\nata3: stat0=0x50 err=0x01 lsb=0x00 msb=0x00\nata3: reset tp2 stat0=50 stat1=00 devices=0x1\nata3: [MPSAFE]\nata3: [ITHREAD]\natapci2: \u003cnVidia nForce MCP51 SATA300 controller\u003e port 0x9e0-0x9e7,0xbe0-0xbe3,0x960-0x967,0xb60-0xb63,0xcc00-0xcc0f mem 0xfe02c000-0xfe02cfff irq 21 at device \n15.0 on pci0\natapci2: Reserved 0x10 bytes for rid 0x20 type 4 at 0xcc00\natapci2: [MPSAFE]\natapci2: [ITHREAD]\natapci2: Reserved 0x1000 bytes for rid 0x24 type 3 at 0xfe02c000\nata4: \u003cATA channel 0\u003e on atapci2\natapci2: Reserved 0x8 bytes for rid 0x10 type 4 at 0x9e0\natapci2: Reserved 0x4 bytes for rid 0x14 type 4 at 0xbe0\nata4: SATA connect timeout status=00000000\nata4: [MPSAFE]\nata4: [ITHREAD]\nata5: \u003cATA channel 1\u003e on atapci2\natapci2: Reserved 0x8 bytes for rid 0x18 type 4 at 0x960\natapci2: Reserved 0x4 bytes for rid 0x1c type 4 at 0xb60\nata5: SATA connect timeout status=00000000\nata5: [MPSAFE]\nata5: [ITHREAD]\npcib2: \u003cACPI PCI-PCI bridge\u003e at device 16.0 on pci0\npcib2:   domain            0\npcib2:   secondary bus     2\npcib2:   subordinate bus   2\npcib2:   I/O decode        0xb000-0xbfff\npcib2:   memory decode     0xfde00000-0xfdefffff\npcib2:   prefetched decode 0xfdd00000-0xfddfffff\npcib2:   Subtractively decoded bridge.\npci2: \u003cACPI PCI bus\u003e on pcib2\npci2: domain=0, physical bus=2\nfound-\u003e\tvendor=0x10ec, dev=0x8139, revid=0x10\n\tdomain=0, bus=2, slot=9, func=0\n\tclass=02-00-00, hdrtype=0x00, mfdev=0\n\tcmdreg=0x0007, statreg=0x0290, cachelnsz=0 (dwords)\n\tlattimer=0x20 (960 ns), mingnt=0x20 (8000 ns), maxlat=0x40 (16000 ns)\n\tintpin=a, irq=5\n\tpowerspec 2  supports D0 D1 D2 D3  current D0\n\tmap[10]: type I/O Port, range 32, base 0xbc00, size  8, enabled\npcib2: requested I/O range 0xbc00-0xbcff: in range\n\tmap[14]: type Memory, range 32, base 0xfdeff000, size  8, enabled\npcib2: requested memory range 0xfdeff000-0xfdeff0ff: good\npcib2: matched entry for 2.9.INTA (src \\\\_SB_.PCI0.APC2:0)\npci_link21: Picked IRQ 17 with weight 0\npcib2: slot 9 INTA routed to irq 17 via \\\\_SB_.PCI0.APC2\nrl0: \u003cRealTek 8139 10/100BaseTX\u003e port 0xbc00-0xbcff mem 0xfdeff000-0xfdeff0ff irq 17 at device 9.0 on pci2\nrl0: Reserved 0x100 bytes for rid 0x10 type 4 at 0xbc00\nmiibus0: \u003cMII bus\u003e on rl0\nrlphy0: \u003cRealTek internal media interface\u003e PHY 0 on miibus0\nrlphy0:  10baseT, 10baseT-FDX, 100baseTX, 100baseTX-FDX, auto\nrl0: bpf attached\nrl0: Ethernet address: 00:c0:df:13:4a:77\nioapic0: routing intpin 17 (PCI IRQ 17) to lapic 0 vector 53\nrl0: [MPSAFE]\nrl0: [ITHREAD]\npci0: \u003cmultimedia, HDA\u003e at device 16.1 (no driver attached)\nnfe0: \u003cNVIDIA nForce 430 MCP13 Networking Adapter\u003e port 0xc800-0xc807 mem 0xfe02b000-0xfe02bfff irq 23 at device 20.0 on pci0\nnfe0: Reserved 0x1000 bytes for rid 0x10 type 3 at 0xfe02b000\nmiibus1: \u003cMII bus\u003e on nfe0\ne1000phy0: \u003cMarvell 88E1116 Gigabit PHY\u003e PHY 1 on miibus1\ne1000phy0:  10baseT, 10baseT-FDX, 100baseTX, 100baseTX-FDX, 1000baseT, 1000baseT-FDX, auto\nnfe0: bpf attached\nnfe0: Ethernet address: 00:1a:92:7c:06:8d\nioapic0: routing intpin 23 (PCI IRQ 23) to lapic 0 vector 54\nnfe0: [MPSAFE]\nnfe0: [FILTER]\nacpi_tz0: \u003cThermal Zone\u003e on acpi0\natrtc0: \u003cAT realtime clock\u003e port 0x70-0x73 on acpi0\natrtc0: registered as a time-of-day clock (resolution 1000000us)\nuart0: \u003c16550 or compatible\u003e port 0x3f8-0x3ff irq 4 flags 0x10 on acpi0\nioapic0: routing intpin 4 (ISA IRQ 4) to lapic 0 vector 55\nuart0: [FILTER]\nuart0: fast interrupt\nuart1: \u003c16550 or compatible\u003e port 0x2f8-0x2ff irq 3 on acpi0\nioapic0: routing intpin 3 (ISA IRQ 3) to lapic 0 vector 56\nuart1: [FILTER]\nuart1: fast interrupt\nppc0: using extended I/O port range\nppc0: SPP EPP\nppc0: \u003cParallel port\u003e port 0x378-0x37f irq 7 on acpi0\nppc0: Generic chipset (EPP/NIBBLE) in COMPATIBLE mode\nioapic0: routing intpin 7 (ISA IRQ 7) to lapic 0 vector 57\nppc0: [MPSAFE]\nppc0: [ITHREAD]\nppbus0: \u003cParallel port bus\u003e on ppc0\nplip0: \u003cPLIP network interface\u003e on ppbus0\nplip0: bpf attached\nplip0: [MPSAFE]\nplip0: [ITHREAD]\nlpt0: \u003cPrinter\u003e on ppbus0\nlpt0: [MPSAFE]\nlpt0: [ITHREAD]\nlpt0: Interrupt-driven port\nppi0: \u003cParallel I/O\u003e on ppbus0\npsmcpnp0: \u003cPS/2 mouse port\u003e irq 12 on acpi0\natkbdc0: \u003cKeyboard controller (i8042)\u003e port 0x60,0x64 irq 1 on acpi0\natkbd0: \u003cAT Keyboard\u003e irq 1 on atkbdc0\natkbd: the current kbd controller command byte 0047\natkbd: keyboard ID 0x41ab (2)\nkbd0 at atkbd0\nkbd0: atkbd0, AT 101/102 (2), config:0x0, flags:0x3d0000\nioapic0: routing intpin 1 (ISA IRQ 1) to lapic 0 vector 58\natkbd0: [GIANT-LOCKED]\natkbd0: [ITHREAD]\npsm0: current command byte:0047\npsm0: \u003cPS/2 Mouse\u003e irq 12 on atkbdc0\nioapic0: routing intpin 12 (ISA IRQ 12) to lapic 0 vector 59\npsm0: [GIANT-LOCKED]\npsm0: [ITHREAD]\npsm0: model IntelliMouse, device ID 3-00, 3 buttons\npsm0: config:00000000, flags:00000008, packet size:4\npsm0: syncmask:08, syncbits:00\ncpu0: \u003cACPI CPU\u003e on acpi0\ncpu0: switching to generic Cx mode\npowernow0: \u003cPowerNow! K8\u003e on cpu0\npowernow0: STATUS: 0x310a120c0a0d020d\npowernow0: STATUS: maxfid: 0x0d\npowernow0: STATUS: maxvid: 0x0a\ndevice_attach: powernow0 attach returned 6\ncpu1: \u003cACPI CPU\u003e on acpi0\npowernow1: \u003cPowerNow! K8\u003e on cpu1\npowernow1: STATUS: 0x310a120c0a0d020d\npowernow1: STATUS: maxfid: 0x0d\npowernow1: STATUS: maxvid: 0x0a\ndevice_attach: powernow1 attach returned 6\nunknown: status reg test failed ff\nunknown: status reg test failed ff\nunknown: status reg test failed ff\nunknown: status reg test failed ff\nunknown: status reg test failed ff\nunknown: status reg test failed ff\nahc_isa_probe 0: ioport 0xc00 alloc failed\nahc_isa_probe 4: ioport 0x4c00 alloc failed\nahc_isa_probe 10: ioport 0xac00 alloc failed\nahc_isa_probe 11: ioport 0xbc00 alloc failed\nahc_isa_probe 12: ioport 0xcc00 alloc failed\npnp_identify: Trying Read_Port at 203\npnp_identify: Trying Read_Port at 243\npnp_identify: Trying Read_Port at 283\npnp_identify: Trying Read_Port at 2c3\npnp_identify: Trying Read_Port at 303\npnp_identify: Trying Read_Port at 343\npnp_identify: Trying Read_Port at 383\npnp_identify: Trying Read_Port at 3c3\nPNP Identify complete\nex_isa_identify()\nisa_probe_children: disabling PnP devices\npmtimer0 on isa0\nata: ata0 already exists; skipping it\nata: ata1 already exists; skipping it\natkbdc: atkbdc0 already exists; skipping it\natrtc: atrtc0 already exists; skipping it\nppc: ppc0 already exists; skipping it\nsc: sc0 already exists; skipping it\nuart: uart0 already exists; skipping it\nuart: uart1 already exists; skipping it\nisa_probe_children: probing non-PnP devices\norm0: \u003cISA Option ROM\u003e at iomem 0xd0000-0xd3fff pnpid ORM0000 on isa0\nsc0: \u003cSystem console\u003e at flags 0x100 on isa0\nsc0: VGA \u003c16 virtual consoles, flags=0x300\u003e\nsc0: fb0, kbd1, terminal emulator: scteken (teken terminal)\nvga0: \u003cGeneric ISA VGA\u003e at port 0x3c0-0x3df iomem 0xa0000-0xbffff on isa0\nfdc0 failed to probe at port 0x3f0-0x3f5,0x3f7 irq 6 drq 2 on isa0\nisa_probe_children: probing PnP devices\nDevice configuration finished.\nReducing kern.maxvnodes 134041 -\u003e 100000\nprocfs registered\nlapic: Divisor 2, Frequency 100209460 hz\nTimecounter \"TSC\" frequency 2104398412 Hz quality -100\nTimecounters tick every 1.000 msec\nlo0: bpf attached\nhptrr: no controller detected.\nata0: Identifying devices: 00000001\nata0: New devices: 00000001\nusbus0: 12Mbps Full Speed USB v1.0\nusbus1: 480Mbps High Speed USB v2.0\nata0-master: pio=PIO4 wdma=WDMA2 udma=UDMA100 cable=80 wire\nad0: setting UDMA100\nad0: 114473MB \u003cSeagate ST3120026A 3.06\u003e at ata0-master UDMA100\nad0: 234441648 sectors [232581C/16H/63S] 16 sectors/interrupt 1 depth queue\nGEOM: new disk ad0\nugen0.1: \u003cnVidia\u003e at usbus0\nuhub0: \u003cnVidia OHCI root HUB, class 9/0, rev 1.00/1.00, addr 1\u003e on usbus0\nugen1.1: \u003cnVidia\u003e at usbus1\nuhub1: \u003cnVidia EHCI root HUB, class 9/0, rev 2.00/1.00, addr 1\u003e on usbus1\nad0: nVidia check1 failed\nad0: Adaptec check1 failed\nad0: LSI (v3) check1 failed\nad0: LSI (v2) check1 failed\nad0: FreeBSD check1 failed\nata1: Identifying devices: 00020000\nata1: New devices: 00020000\nata1-slave: pio=PIO4 wdma=WDMA2 udma=UDMA66 cable=80 wire\nacd0: setting UDMA66\nacd0: \u003cPLEXTOR DVDR PX-755A/1.07\u003e DVDR drive at ata1 as slave\nacd0: read 6890KB/s (6890KB/s) write 8268KB/s (8268KB/s), 2048KB buffer, UDMA66\nacd0: Reads: CDR, CDRW, CDDA stream, DVDROM, DVDR, packet\nacd0: Writes: CDR, CDRW, DVDR, test write, burnproof\nacd0: Audio: play, 256 volume levels\nacd0: Mechanism: ejectable tray, unlocked\nacd0: Medium: no/blank disc\nata2: Identifying devices: 00000001\nata2: New devices: 00000001\nata2-master: pio=PIO4 wdma=WDMA2 udma=UDMA133 cable=40 wire\nad4: setting UDMA100\nad4: 76319MB \u003cSAMSUNG HD082GJ JE100-19\u003e at ata2-master UDMA100 SATA 3Gb/s\nad4: 156301488 sectors [155061C/16H/63S] 16 sectors/interrupt 1 depth queue\nad4: nVidia check1 failed\nad4: Adaptec check1 failed\nad4: LSI (v3) check1 failed\nad4: LSI (v2) check1 failed\nad4: FreeBSD check1 failed\nata3: Identifying devices: 00000001\nata3: New devices: 00000001\nata3-master: pio=PIO4 wdma=WDMA2 udma=UDMA133 cable=40 wire\nad6: setting UDMA100\nad6: 715404MB \u003cSeagate ST3750330AS SD15\u003e at ata3-master UDMA100 SATA 3Gb/s\nad6: 1465149168 sectors [1453521C/16H/63S] 16 sectors/interrupt 1 depth queue\nad6: nVidia check1 failed\nad6: Adaptec check1 failed\nad6: LSI (v3) check1 failed\nad6: LSI (v2) check1 failed\nad6: FreeBSD check1 failed\nata4: Identifying devices: 00000000\nata4: New devices: 00000000\nata5: Identifying devices: 00000000\nata5: New devices: 00000000\nATA PseudoRAID loaded\nSMP: AP CPU #1 Launched!\ncpu1 AP:\n      ID: 0x01000000   VER: 0x80050010 LDR: 0x00000000 DFR: 0xffffffff\n   lint0: 0x00010700 lint1: 0x00000400 TPR: 0x00000000 SVR: 0x000001ff\n   timer: 0x000200ef therm: 0x00010000 err: 0x00010000 pcm: 0x00010400\nioapic0: routing intpin 3 (ISA IRQ 3) to lapic 1 vector 48\nioapic0: routing intpin 7 (ISA IRQ 7) to lapic 1 vector 49\nioapic0: routing intpin 12 (ISA IRQ 12) to lapic 1 vector 50\nioapic0: routing intpin 15 (ISA IRQ 15) to lapic 1 vector 51\nioapic0: routing intpin 20 (PCI IRQ 20) to lapic 1 vector 52\nioapic0: routing intpin 23 (PCI IRQ 23) to lapic 1 vector 53\nGEOM: new disk ad4\nGEOM: new disk ad6\nuhub0: 8 ports with 8 removable, self powered\nuhub1: 8 ports with 8 removable, self powered\nugen1.2: \u003cSeagate\u003e at usbus1\numass0: \u003cSeagate FreeAgent, class 0/0, rev 2.00/1.32, addr 2\u003e on usbus1\numass0:  SCSI over Bulk-Only; quirks = 0x0000\numass0:0:0:-1: Attached to scbus0\npass0 at umass-sim0 bus 0 scbus0 target 0 lun 0\npass0: \u003cSeagate FreeAgent 0132\u003e Fixed Direct Access SCSI-4 device\npass0: Serial Number 2GEWDLZ4\npass0: 40.000MB/s transfers\nGEOM: new disk da0\nda0 at umass-sim0 bus 0 scbus0 target 0 lun 0\nda0: \u003cSeagate FreeAgent 0132\u003e Fixed Direct Access SCSI-4 device\nda0: Serial Number 2GEWDLZ4\nda0: 40.000MB/s transfers\nda0: 476940MB (976773168 512 byte sectors: 255H 63S/T 60801C)\nTrying to mount root from ufs:/dev/da0s1a\nct_to_ts([2010-01-29 07:10:24]) = 1264749024.000000000\nstart_init: trying /sbin/init\nLinux ELF exec handler installed\nlinprocfs registered\nrl0: link state changed to UP\nsplash: image decoder found: daemon_saver\nugen1.3: \u003cJetFlash\u003e at usbus1\numass1: \u003cJetFlash Mass Storage Device, class 0/0, rev 2.00/1.41, addr 3\u003e on usbus1\numass1:  SCSI over Bulk-Only; quirks = 0x0100\numass1:1:1:-1: Attached to scbus1\n(probe0:umass-sim1:1:0:0): TEST UNIT READY. CDB: 0 0 0 0 0 0\n(probe0:umass-sim1:1:0:0): CAM Status: SCSI Status Error\n(probe0:umass-sim1:1:0:0): SCSI Status: Check Condition\n(probe0:umass-sim1:1:0:0): UNIT ATTENTION asc:28,0\n(probe0:umass-sim1:1:0:0): Not ready to ready change, medium may have changed\n(probe0:umass-sim1:1:0:0): (probe0:umass-sim1:1:0:0): TEST UNIT READY. CDB: 0 0 0 0 0 0\n(probe0:umass-sim1:1:0:0): UNIT ATTENTION asc:28,0\n(probe0:umass-sim1:1:0:0): Not ready to ready change, medium may have changed\nRetrying Command (per Sense Data)\n(probe0:umass-sim1:1:0:0): Retrying Command\npass1 at umass-sim1 bus 1 scbus1 target 0 lun 0\npass1: \u003cJetFlash TS2GJFV10 8.07\u003e Removable Direct Access SCSI-2 device\npass1: Serial Number 00000000\npass1: 40.000MB/s transfers\nGEOM: new disk da1\nda1 at umass-sim1 bus 1 scbus1 target 0 lun 0\nda1: \u003cJetFlash TS2GJFV10 8.07\u003e Removable Direct Access SCSI-2 device\nda1: Serial Number 00000000\nda1: 40.000MB/s transfers\nda1: 1960MB (4014080 512 byte sectors: 255H 63S/T 249C)\n(da0:umass-sim0:0:0:0): Request completed with CAM_REQ_CMP_ERR\n(da0:umass-sim0:0:0:0): Retrying Command\n(da0:umass-sim0:0:0:0): Request completed with CAM_REQ_CMP_ERR\n(da0:umass-sim0:0:0:0): Retrying Command\n(da0:umass-sim0:0:0:0): Retrying Command\n(da1:umass-sim1:1:0:0): Request completed with CAM_REQ_CMP_ERR\n(da1:umass-sim1:1:0:0): Retrying Command\n\nlines \"Request completed with CAM_REQ_CMP_ERR\" appear at the time of stopping copying.\n\n---\n\nThen I removed from / boot / loader.conf line debugging, reboot, and changed the\nsetting hw.usb.ehci.debug = 1.\n\nDmesg:\nCopyright (c) 1992-2010 The FreeBSD Project.\nCopyright (c) 1979, 1980, 1983, 1986, 1988, 1989, 1991, 1992, 1993, 1994\n\tThe Regents of the University of California. All rights reserved.\nFreeBSD is a registered trademark of The FreeBSD Foundation.\nFreeBSD 8.0-STABLE-201001 #1: Thu Jan 28 11:22:51 YEKT 2010\n     alex@ALEXF.WORKGROUP:/usr/src/sys/i386/compile/ALEX_USB i386\nTimecounter \"i8254\" frequency 1193182 Hz quality 0\nCPU: AMD Athlon(tm) 64 X2 Dual Core Processor 4000+ (2104.40-MHz 686-class CPU)\n   Origin = \"AuthenticAMD\"  Id = 0x60fb1  Stepping = 1\n   Features=0x178bfbff\u003cFPU,VME,DE,PSE,TSC,MSR,PAE,MCE,CX8,APIC,SEP,MTRR,PGE,MCA,CMOV,PAT,PSE36,CLFLUSH,MMX,FXSR,SSE,SSE2,HTT\u003e\n   Features2=0x2001\u003cSSE3,CX16\u003e\n   AMD Features=0xea500800\u003cSYSCALL,NX,MMX+,FFXSR,RDTSCP,LM,3DNow!+,3DNow!\u003e\n   AMD Features2=0x11f\u003cLAHF,CMP,SVM,ExtAPIC,CR8,Prefetch\u003e\nreal memory  = 2147483648 (2048 MB)\navail memory = 2090049536 (1993 MB)\nACPI APIC Table: \u003cNvidia ASUSACPI\u003e\nFreeBSD/SMP: Multiprocessor System Detected: 2 CPUs\nFreeBSD/SMP: 1 package(s) x 2 core(s)\n  cpu0 (BSP): APIC ID:  0\n  cpu1 (AP): APIC ID:  1\nioapic0: Changing APIC ID to 2\nioapic0 \u003cVersion 1.1\u003e irqs 0-23 on motherboard\nkbd1 at kbdmux0\nacpi0: \u003cNvidia ASUSACPI\u003e on motherboard\nacpi0: [ITHREAD]\nacpi0: Power Button (fixed)\nacpi0: reservation of 0, a0000 (3) failed\nacpi0: reservation of 100000, 7fdf0000 (3) failed\nTimecounter \"ACPI-fast\" frequency 3579545 Hz quality 1000\nacpi_timer0: \u003c24-bit timer at 3.579545MHz\u003e port 0x4008-0x400b on acpi0\nacpi_hpet0: \u003cHigh Precision Event Timer\u003e iomem 0xfefff000-0xfefff3ff on acpi0\nTimecounter \"HPET\" frequency 25000000 Hz quality 900\nacpi_button0: \u003cPower Button\u003e on acpi0\npcib0: \u003cACPI Host-PCI bridge\u003e port 0xcf8-0xcff on acpi0\npci0: \u003cACPI PCI bus\u003e on pcib0\npci0: \u003cmemory, RAM\u003e at device 0.0 (no driver attached)\npci0: \u003cmemory, RAM\u003e at device 0.1 (no driver attached)\npci0: \u003cmemory, RAM\u003e at device 0.2 (no driver attached)\npci0: \u003cmemory, RAM\u003e at device 0.3 (no driver attached)\npci0: \u003cmemory, RAM\u003e at device 0.4 (no driver attached)\npci0: \u003cmemory, RAM\u003e at device 0.5 (no driver attached)\npci0: \u003cmemory, RAM\u003e at device 0.6 (no driver attached)\npci0: \u003cmemory, RAM\u003e at device 0.7 (no driver attached)\npcib1: \u003cACPI PCI-PCI bridge\u003e at device 4.0 on pci0\npci1: \u003cACPI PCI bus\u003e on pcib1\nvgapci0: \u003cVGA-compatible display\u003e port 0xac00-0xac7f mem 0xfa000000-0xfaffffff,0xd0000000-0xdfffffff,0xfb000000-0xfbffffff irq 16 at device 0.0 on pci1\npci0: \u003cmemory, RAM\u003e at device 9.0 (no driver attached)\nisab0: \u003cPCI-ISA bridge\u003e at device 10.0 on pci0\nisa0: \u003cISA bus\u003e on isab0\npci0: \u003cserial bus, SMBus\u003e at device 10.1 (no driver attached)\npci0: \u003cmemory, RAM\u003e at device 10.2 (no driver attached)\nohci0: \u003cOHCI (generic) USB controller\u003e mem 0xfe02f000-0xfe02ffff at device 11.0 on pci0\nohci0: [ITHREAD]\nusbus0: \u003cOHCI (generic) USB controller\u003e on ohci0\nehci0: \u003cEHCI (generic) USB 2.0 controller\u003e mem 0xfe02e000-0xfe02e0ff at device 11.1 on pci0\nehci0: [ITHREAD]\nusbus1: EHCI version 1.0\nusbus1: \u003cEHCI (generic) USB 2.0 controller\u003e on ehci0\natapci0: \u003cnVidia nForce MCP51 UDMA133 controller\u003e port 0x1f0-0x1f7,0x3f6,0x170-0x177,0x376,0xf400-0xf40f at device 13.0 on pci0\nata0: \u003cATA channel 0\u003e on atapci0\nata0: [ITHREAD]\nata1: \u003cATA channel 1\u003e on atapci0\nata1: [ITHREAD]\natapci1: \u003cnVidia nForce MCP51 SATA300 controller\u003e port 0x9f0-0x9f7,0xbf0-0xbf3,0x970-0x977,0xb70-0xb73,0xe000-0xe00f mem 0xfe02d000-0xfe02dfff irq 20 at device \n14.0 on pci0\natapci1: [ITHREAD]\nata2: \u003cATA channel 0\u003e on atapci1\nata2: [ITHREAD]\nata3: \u003cATA channel 1\u003e on atapci1\nata3: [ITHREAD]\natapci2: \u003cnVidia nForce MCP51 SATA300 controller\u003e port 0x9e0-0x9e7,0xbe0-0xbe3,0x960-0x967,0xb60-0xb63,0xcc00-0xcc0f mem 0xfe02c000-0xfe02cfff irq 21 at device \n15.0 on pci0\natapci2: [ITHREAD]\nata4: \u003cATA channel 0\u003e on atapci2\nata4: [ITHREAD]\nata5: \u003cATA channel 1\u003e on atapci2\nata5: [ITHREAD]\npcib2: \u003cACPI PCI-PCI bridge\u003e at device 16.0 on pci0\npci2: \u003cACPI PCI bus\u003e on pcib2\nrl0: \u003cRealTek 8139 10/100BaseTX\u003e port 0xbc00-0xbcff mem 0xfdeff000-0xfdeff0ff irq 17 at device 9.0 on pci2\nmiibus0: \u003cMII bus\u003e on rl0\nrlphy0: \u003cRealTek internal media interface\u003e PHY 0 on miibus0\nrlphy0:  10baseT, 10baseT-FDX, 100baseTX, 100baseTX-FDX, auto\nrl0: Ethernet address: 00:c0:df:13:4a:77\nrl0: [ITHREAD]\npci0: \u003cmultimedia, HDA\u003e at device 16.1 (no driver attached)\nnfe0: \u003cNVIDIA nForce 430 MCP13 Networking Adapter\u003e port 0xc800-0xc807 mem 0xfe02b000-0xfe02bfff irq 23 at device 20.0 on pci0\nmiibus1: \u003cMII bus\u003e on nfe0\ne1000phy0: \u003cMarvell 88E1116 Gigabit PHY\u003e PHY 1 on miibus1\ne1000phy0:  10baseT, 10baseT-FDX, 100baseTX, 100baseTX-FDX, 1000baseT, 1000baseT-FDX, auto\nnfe0: Ethernet address: 00:1a:92:7c:06:8d\nnfe0: [FILTER]\nacpi_tz0: \u003cThermal Zone\u003e on acpi0\natrtc0: \u003cAT realtime clock\u003e port 0x70-0x73 on acpi0\nuart0: \u003c16550 or compatible\u003e port 0x3f8-0x3ff irq 4 flags 0x10 on acpi0\nuart0: [FILTER]\nuart1: \u003c16550 or compatible\u003e port 0x2f8-0x2ff irq 3 on acpi0\nuart1: [FILTER]\nppc0: \u003cParallel port\u003e port 0x378-0x37f irq 7 on acpi0\nppc0: Generic chipset (EPP/NIBBLE) in COMPATIBLE mode\nppc0: [ITHREAD]\nppbus0: \u003cParallel port bus\u003e on ppc0\nplip0: \u003cPLIP network interface\u003e on ppbus0\nplip0: [ITHREAD]\nlpt0: \u003cPrinter\u003e on ppbus0\nlpt0: [ITHREAD]\nlpt0: Interrupt-driven port\nppi0: \u003cParallel I/O\u003e on ppbus0\natkbdc0: \u003cKeyboard controller (i8042)\u003e port 0x60,0x64 irq 1 on acpi0\natkbd0: \u003cAT Keyboard\u003e irq 1 on atkbdc0\nkbd0 at atkbd0\natkbd0: [GIANT-LOCKED]\natkbd0: [ITHREAD]\npsm0: \u003cPS/2 Mouse\u003e irq 12 on atkbdc0\npsm0: [GIANT-LOCKED]\npsm0: [ITHREAD]\npsm0: model IntelliMouse, device ID 3\ncpu0: \u003cACPI CPU\u003e on acpi0\npowernow0: \u003cPowerNow! K8\u003e on cpu0\ndevice_attach: powernow0 attach returned 6\ncpu1: \u003cACPI CPU\u003e on acpi0\npowernow1: \u003cPowerNow! K8\u003e on cpu1\ndevice_attach: powernow1 attach returned 6\npmtimer0 on isa0\norm0: \u003cISA Option ROM\u003e at iomem 0xd0000-0xd3fff pnpid ORM0000 on isa0\nsc0: \u003cSystem console\u003e at flags 0x100 on isa0\nsc0: VGA \u003c16 virtual consoles, flags=0x300\u003e\nvga0: \u003cGeneric ISA VGA\u003e at port 0x3c0-0x3df iomem 0xa0000-0xbffff on isa0\nTimecounters tick every 1.000 msec\nusbus0: 12Mbps Full Speed USB v1.0\nusbus1: 480Mbps High Speed USB v2.0\nad0: 114473MB \u003cSeagate ST3120026A 3.06\u003e at ata0-master UDMA100\nugen0.1: \u003cnVidia\u003e at usbus0\nuhub0: \u003cnVidia OHCI root HUB, class 9/0, rev 1.00/1.00, addr 1\u003e on usbus0\nugen1.1: \u003cnVidia\u003e at usbus1\nuhub1: \u003cnVidia EHCI root HUB, class 9/0, rev 2.00/1.00, addr 1\u003e on usbus1\nacd0: DVDR \u003cPLEXTOR DVDR PX-755A/1.07\u003e at ata1-slave UDMA66\nad4: 76319MB \u003cSAMSUNG HD082GJ JE100-19\u003e at ata2-master UDMA100 SATA 3Gb/s\nad6: 715404MB \u003cSeagate ST3750330AS SD15\u003e at ata3-master UDMA100 SATA 3Gb/s\nSMP: AP CPU #1 Launched!\nuhub0: 8 ports with 8 removable, self powered\nuhub1: 8 ports with 8 removable, self powered\nugen1.2: \u003cSeagate\u003e at usbus1\numass0: \u003cSeagate FreeAgent, class 0/0, rev 2.00/1.32, addr 2\u003e on usbus1\numass0:  SCSI over Bulk-Only; quirks = 0x0000\numass0:0:0:-1: Attached to scbus0\nda0 at umass-sim0 bus 0 scbus0 target 0 lun 0\nda0: \u003cSeagate FreeAgent 0132\u003e Fixed Direct Access SCSI-4 device\nda0: 40.000MB/s transfers\nda0: 476940MB (976773168 512 byte sectors: 255H 63S/T 60801C)\nTrying to mount root from ufs:/dev/da0s1a\nrl0: link state changed to UP\nugen1.3: \u003cJetFlash\u003e at usbus1\numass1: \u003cJetFlash Mass Storage Device, class 0/0, rev 2.00/1.41, addr 3\u003e on usbus1\numass1:  SCSI over Bulk-Only; quirks = 0x0100\numass1:1:1:-1: Attached to scbus1\n(probe0:umass-sim1:1:0:0): TEST UNIT READY. CDB: 0 0 0 0 0 0\n(probe0:umass-sim1:1:0:0): CAM Status: SCSI Status Error\n(probe0:umass-sim1:1:0:0): SCSI Status: Check Condition\n(probe0:umass-sim1:1:0:0): UNIT ATTENTION asc:28,0\n(probe0:umass-sim1:1:0:0): Not ready to ready change, medium may have changed\n(probe0:umass-sim1:1:0:0): Retrying Command (per Sense Data)\nda1 at umass-sim1 bus 1 scbus1 target 0 lun 0\nda1: \u003cJetFlash TS2GJFV10 8.07\u003e Removable Direct Access SCSI-2 device\nda1: 40.000MB/s transfers\nda1: 1960MB (4014080 512 byte sectors: 255H 63S/T 249C)\nehci_set_hw_power:\nehci_set_hw_power:\nehci_set_hw_power: Async is active\nehci_set_hw_power:\nehci_set_hw_power:\nehci_set_hw_power: Async is active\nehci_set_hw_power:\nehci_set_hw_power: Async is active\nehci_set_hw_power:\nehci_set_hw_power:\nehci_set_hw_power: Async is active\nehci_set_hw_power:\nehci_set_hw_power:\nehci_set_hw_power: Async is active\nehci_set_hw_power:\nehci_set_hw_power:\nehci_set_hw_power: Async is active\nehci_set_hw_power:\nehci_set_hw_power: Async is active\nehci_set_hw_power:\nehci_set_hw_power:\nehci_set_hw_power: Async is active\nehci_set_hw_power:\nehci_set_hw_power:\nehci_set_hw_power: Async is active\nehci_set_hw_power:\nehci_set_hw_power: Async is active\nehci_set_hw_power:\nehci_set_hw_power:\nehci_set_hw_power: Async is active\nehci_set_hw_power:\nehci_set_hw_power: Async is active\nehci_set_hw_power:\nehci_set_hw_power: Async is active\nehci_set_hw_power:\nehci_set_hw_power: Async is active\nehci_set_hw_power:\nehci_set_hw_power: Async is active\nehci_set_hw_power:\nehci_set_hw_power: Async is active\nehci_set_hw_power:\nehci_set_hw_power: Async is active\nehci_set_hw_power:\nehci_set_hw_power: Async is active\nehci_set_hw_power:\nehci_set_hw_power: Async is active\nehci_set_hw_power:\nehci_set_hw_power: Async is active\nehci_set_hw_power:\nehci_set_hw_power: Async is active\nehci_set_hw_power:\nehci_set_hw_power: Async is active\nehci_set_hw_power:\nehci_set_hw_power: Async is active\nehci_set_hw_power:\nehci_set_hw_power: Async is active\nehci_set_hw_power:\nehci_set_hw_power: Async is active\nehci_set_hw_power:\nehci_set_hw_power: Async is active\nehci_set_hw_power:\nehci_set_hw_power: Async is active\nehci_set_hw_power:\nehci_set_hw_power: Async is active\nehci_set_hw_power:\nehci_set_hw_power: Async is active\nehci_set_hw_power:\nehci_set_hw_power: Async is active\nehci_set_hw_power:\nehci_set_hw_power: Async is active\nehci_set_hw_power:\nehci_set_hw_power: Async is active\nehci_set_hw_power:\nehci_set_hw_power: Async is active\nehci_set_hw_power:\nehci_set_hw_power: Async is active\nehci_set_hw_power:\nehci_set_hw_power: Async is active\nehci_set_hw_power:\nehci_set_hw_power: Async is active\nehci_set_hw_power:\nehci_set_hw_power: Async is active\nehci_set_hw_power:\nehci_set_hw_power: Async is active\nehci_set_hw_power:\nehci_set_hw_power: Async is active\nehci_set_hw_power:\nehci_set_hw_power: Async is active\nehci_set_hw_power:\nehci_set_hw_power: Async is active\nehci_set_hw_power:\nehci_set_hw_power: Async is active\nehci_set_hw_power:\nehci_set_hw_power: Async is active\nehci_set_hw_power:\nehci_set_hw_power: Async is active\nehci_set_hw_power:\nehci_set_hw_power: Async is active\nehci_set_hw_power:\nehci_set_hw_power: Async is active\nehci_set_hw_power:\nehci_set_hw_power: Async is active\nehci_set_hw_power:\nehci_set_hw_power: Async is active\nehci_set_hw_power:\nehci_set_hw_power: Async is active\nehci_set_hw_power:\nehci_set_hw_power: Async is active\nehci_set_hw_power:\nehci_set_hw_power: Async is active\nehci_set_hw_power:\nehci_set_hw_power: Async is active\nehci_set_hw_power:\nehci_set_hw_power: Async is active\nehci_set_hw_power:\nehci_set_hw_power:\nehci_set_hw_power: Async is active\nehci_set_hw_power:\nehci_set_hw_power: Async is active\nehci_set_hw_power:\nehci_set_hw_power:\nehci_set_hw_power: Async is active\nehci_set_hw_power:\nehci_set_hw_power:\nehci_set_hw_power: Async is active\nehci_set_hw_power:\nehci_set_hw_power:\nehci_set_hw_power: Async is active\nehci_set_hw_power:\nehci_set_hw_power:\nehci_set_hw_power: Async is active\nehci_set_hw_power:\nehci_set_hw_power:\nehci_set_hw_power: Async is active\nehci_set_hw_power:\nehci_set_hw_power: Async is active\nehci_set_hw_power:\nehci_set_hw_power: Async is active\nehci_set_hw_power:\nehci_set_hw_power: Async is active\nehci_set_hw_power:\nehci_set_hw_power: Async is active\nehci_set_hw_power:\nehci_set_hw_power: Async is active\nehci_set_hw_power:\nehci_set_hw_power: Async is active\nehci_set_hw_power:\nehci_set_hw_power: Async is active\nehci_set_hw_power:\nehci_set_hw_power: Async is active\nehci_set_hw_power:\nehci_set_hw_power: Async is active\nehci_set_hw_power:\nehci_set_hw_power: Async is active\nehci_set_hw_power:\nehci_set_hw_power: Async is active\nehci_set_hw_power:\nehci_set_hw_power: Async is active\nehci_set_hw_power:\nehci_set_hw_power: Async is active\nehci_set_hw_power:\nehci_set_hw_power: Async is active\nehci_set_hw_power:\nehci_set_hw_power: Async is active\nehci_set_hw_power:\nehci_set_hw_power: Async is active\nehci_set_hw_power:\nehci_set_hw_power: Async is active\nehci_set_hw_power:\nehci_set_hw_power: Async is active\nehci_timeout: xfer=0xc5d903c8\nehci_set_hw_power:\nehci_set_hw_power: Async is active\nehci_set_hw_power:\nehci_set_hw_power: Async is active\nehci_timeout: xfer=0xc5d906b8\nehci_set_hw_power:\nehci_set_hw_power: Async is active\nehci_set_hw_power:\nehci_set_hw_power: Async is active\nehci_timeout: xfer=0xc5d906b8\nehci_set_hw_power:\nehci_set_hw_power: Async is active\nehci_set_hw_power:\nehci_set_hw_power: Async is active\nehci_set_hw_power:\nehci_set_hw_power:\nehci_set_hw_power: Async is active\n\nLines \"ehci_timeout\" appear at the time of stopping copying.\n\n---\n\nI immediately load the FreeBSD 7.2 and is actively working with the usb stick and usb hdd,\neverything works fine. Hence, I conclude that the problem lies in the new USB subsystem of\nFreeBSD 8.0.\n\nTwo of my friends motherboards based on chipset nForce, there has been a similar problem\nwith USB devices in FreeBSD 8.0. However, when working with a motherboard based on Intel\nin FreeBSD 8.0 no problems there. From what I conclude that the blame for not working\ncorrectly USB subsystem on chip nForce ...\n\nIf in usb controllers nForce what was either a bug, it would have manifested in FreeBSD 7.2\nis not that so? I really like FreeBSD, but I am concerned about recent developments in the USB\nsubsystem. Please check carefully working USB subsystem on the chip and nForce ispravte error\nresulting in the inability to fully work with the usb hdd.\n\nSorry for my bad English... :)"
}