{
 "id": 692420,
 "bug_id": 173659,
 "attachment_id": 0,
 "creation_time": "2012-11-16T13:30:00Z",
 "creator": "eksffa@freebsdbrasil.com.br",
 "text": "        For several tests, FreeBSD is page faulting on taskq on em(4) drivers\n        only when pf firewall is up and running. The panic trace seems to be\n        related to pf_test_rule.\n\n        This problem happens from a few seconds to the first 2 minutes when\n        the server starts with PF firewall enabled. If PF is disabled (pfctl -d)\n        no page fault will happen. Its pretty much PF related.\n\n        This behavior happened exactly the same way with 3 different hardware\n        setups, Intel Server Board with Xeon processor, Gigabyte Server Board\n        with Intel Xeon processor, Asus Desktop board with Core i7 processor.\n\n        Every hardware combination had different hardware.\n\n        The network interfaces however were always controlled by em(4) driver.\n\n        Sometimes network interfaces were onboard, in other tests they were\n        PCI Express.\n\n        The problem was tested and repeats on both i386 and amd64 archs.\n\n        The environment is a 80Mbit/s Internet firewall. Maximum number of\n        pf states floats around 220.000 sessions with a 180k sessions avg.\n\n        PF firewall ruleset is made up of 99 rules plus one single rdr rule.\n\n        With just the RDR rule the problem wont happen.\n\n        Any amount of filtering rules active will make the problem happen.\n\n        Filtering rules are a few tables and simple S/SA keep state rules.\n\n        No advanced feature is in use.\n\n        I can make vmcore available for download as well as pf.conf if needed.\n\nFix: \n\nbridging-firewall.twi.com.br dumped core - see /var/crash/vmcore.1\n\nTue Oct 30 13:05:45 BRST 2012\n\nFreeBSD bridging-firewall.twi.com.br 9.1-RC2 FreeBSD 9.1-RC2 #0 r241106: Mon Oct  1 18:26:44 UTC 2012     root@farrell.cse.buffalo.edu:/usr/obj/usr/src/sys/GENERIC  amd64\n\npanic: page fault\n\nGNU gdb 6.1.1 [FreeBSD]\nCopyright 2004 Free Software Foundation, Inc.\nGDB is free software, covered by the GNU General Public License, and you are\nwelcome to change it and/or distribute copies of it under certain conditions.\nType \"show copying\" to see the conditions.\nThere is absolutely no warranty for GDB.  Type \"show warranty\" for details.\nThis GDB was configured as \"amd64-marcel-freebsd\"...\n\nUnread portion of the kernel message buffer:\n\n\nFatal trap 12: page fault while in kernel mode\ncpuid = 2; apic id = 02\nfault virtual address   = 0x10\nfault code              = supervisor read data, page not present\ninstruction pointer     = 0x20:0xffffffff81525888\nstack pointer           = 0x28:0xffffff80002e5560\nframe pointer           = 0x28:0xffffff80002e5570\ncode segment            = base 0x0, limit 0xfffff, type 0x1b\n                        = DPL 0, pres 1, long 1, def32 0, gran 1\nprocessor eflags        = interrupt enabled, resume, IOPL = 0\ncurrent process         = 0 (em4 taskq)\ntrap number             = 12\npanic: page fault\ncpuid = 2\nKDB: stack backtrace:\n#0 0xffffffff80920876 at kdb_backtrace+0x66\n#1 0xffffffff808ea88e at panic+0x1ce\n#2 0xffffffff80bd8150 at trap_fatal+0x290\n#3 0xffffffff80bd848d at trap_pfault+0x1ed\n#4 0xffffffff80bd8aae at trap+0x3ce\n#5 0xffffffff80bc306f at calltrap+0x8\n#6 0xffffffff8152fdbf at pf_test_rule+0xf2f\n#7 0xffffffff8153333c at pf_test+0xc5c\n#8 0xffffffff8153a9eb at pf_check_in+0x2b\n#9 0xffffffff809ae7ce at pfil_run_hooks+0x9e\n#10 0xffffffff80a04587 at ip_input+0x287\n#11 0xffffffff809adacb at netisr_dispatch_src+0x20b\n#12 0xffffffff809a359d at ether_demux+0x14d\n#13 0xffffffff809a3874 at ether_nh_input+0x1f4\n#14 0xffffffff809adacb at netisr_dispatch_src+0x20b\n#15 0xffffffff804bb682 at lem_handle_rxtx+0x252\n#16 0xffffffff8092cf25 at taskqueue_run_locked+0x85\n#17 0xffffffff8092dea6 at taskqueue_thread_loop+0x46\nUptime: 2m11s\nDumping 666 out of 4070 MB:..3%..13%..22%..32%..41%..51%..61%..73%..82%..92%\n\nReading symbols from /boot/kernel/pf.ko...Reading symbols from /boot/kernel/pf.ko.symbols...done.\ndone.\nLoaded symbols for /boot/kernel/pf.ko\nReading symbols from /boot/kernel/if_carp.ko...Reading symbols from /boot/kernel/if_carp.ko.symbols...done.\ndone.\nLoaded symbols for /boot/kernel/if_carp.ko\nReading symbols from /boot/kernel/pfsync.ko...Reading symbols from /boot/kernel/pfsync.ko.symbols...done.\ndone.\nLoaded symbols for /boot/kernel/pfsync.ko\nReading symbols from /boot/kernel/pflog.ko...Reading symbols from /boot/kernel/pflog.ko.symbols...done.\ndone.\nLoaded symbols for /boot/kernel/pflog.ko\nReading symbols from /boot/kernel/ipfw.ko...Reading symbols from /boot/kernel/ipfw.ko.symbols...done.\ndone.\nLoaded symbols for /boot/kernel/ipfw.ko\n#0  doadump (textdump=Variable \"textdump\" is not available.\n) at pcpu.h:224\n224     pcpu.h: No such file or directory.\n        in pcpu.h\n(kgdb) #0  doadump (textdump=Variable \"textdump\" is not available.\n) at pcpu.h:224\n#1  0xffffffff808ea371 in kern_reboot (howto=260)\n    at /usr/src/sys/kern/kern_shutdown.c:448\n#2  0xffffffff808ea867 in panic (fmt=0x1 \u003cAddress 0x1 out of bounds\u003e)\n    at /usr/src/sys/kern/kern_shutdown.c:636\n#3  0xffffffff80bd8150 in trap_fatal (frame=0xc, eva=Variable \"eva\" is not available.\n)\n    at /usr/src/sys/amd64/amd64/trap.c:857\n#4  0xffffffff80bd848d in trap_pfault (frame=0xffffff80002e54b0, usermode=0)\n    at /usr/src/sys/amd64/amd64/trap.c:773\n#5  0xffffffff80bd8aae in trap (frame=0xffffff80002e54b0)\n    at /usr/src/sys/amd64/amd64/trap.c:456\n#6  0xffffffff80bc306f in calltrap ()\n    at /usr/src/sys/amd64/amd64/exception.S:228\n#7  0xffffffff81525888 in pf_addrcpy (dst=0xfffffe0018a0ee70, src=0x10,\n    af=2 '\\002') at /usr/src/sys/modules/pf/../../contrib/pf/net/pf.c:522\n#8  0xffffffff8152fdbf in pf_test_rule (rm=0xffffff80002e5848,\n    sm=0xffffff80002e5840, direction=1, kif=0xfffffe0004c9e000,\n    m=0xfffffe000e90c400, off=20, h=0xfffffe000e940810,\n    pd=0xffffff80002e5780, am=0xffffff80002e5850, rsm=0xffffff80002e5838,\n    ifq=0x0, inp=0x0)\n    at /usr/src/sys/modules/pf/../../contrib/pf/net/pf.c:3900\n#9  0xffffffff8153333c in pf_test (dir=1, ifp=Variable \"ifp\" is not available.\n)\n    at /usr/src/sys/modules/pf/../../contrib/pf/net/pf.c:6884\n#10 0xffffffff8153a9eb in pf_check_in (arg=Variable \"arg\" is not available.\n)\n    at /usr/src/sys/modules/pf/../../contrib/pf/net/pf_ioctl.c:4131\n#11 0xffffffff809ae7ce in pfil_run_hooks (ph=Variable \"ph\" is not available.\n) at /usr/src/sys/net/pfil.c:82\n#12 0xffffffff80a04587 in ip_input (m=0xfffffe000e90c400)\n    at /usr/src/sys/netinet/ip_input.c:510\n#13 0xffffffff809adacb in netisr_dispatch_src (proto=1, source=Variable \"source\" is not available.\n)\n    at /usr/src/sys/net/netisr.c:1013\n#14 0xffffffff809a359d in ether_demux (ifp=0xfffffe0002b6c000,\n    m=0xfffffe000e90c400) at /usr/src/sys/net/if_ethersubr.c:940\n#15 0xffffffff809a3874 in ether_nh_input (m=Variable \"m\" is not available.\n)\n    at /usr/src/sys/net/if_ethersubr.c:759\n#16 0xffffffff809adacb in netisr_dispatch_src (proto=9, source=Variable \"source\" is not available.\n)\n    at /usr/src/sys/net/netisr.c:1013\n#17 0xffffffff804bb682 in lem_handle_rxtx (context=Variable \"context\" is not available.\n)\n    at /usr/src/sys/dev/e1000/if_lem.c:3630\n#18 0xffffffff8092cf25 in taskqueue_run_locked (queue=0xfffffe0002b6e100)\n    at /usr/src/sys/kern/subr_taskqueue.c:308\n#19 0xffffffff8092dea6 in taskqueue_thread_loop (arg=Variable \"arg\" is not available.\n)\n    at /usr/src/sys/kern/subr_taskqueue.c:497\n#20 0xffffffff808bb9bf in fork_exit (\n    callout=0xffffffff8092de60 \u003ctaskqueue_thread_loop\u003e,\n    arg=0xffffff80008a1830, frame=0xffffff80002e5c40)\n    at /usr/src/sys/kern/kern_fork.c:992\n#21 0xffffffff80bc359e in fork_trampoline ()\n    at /usr/src/sys/amd64/amd64/exception.S:602\n#22 0x0000000000000000 in ?? ()\n#23 0x0000000000000000 in ?? ()\n#24 0x0000000000000000 in ?? ()\n#25 0x0000000000000000 in ?? ()\n#26 0x0000000000000000 in ?? ()\n#27 0x0000000000000000 in ?? ()\n#28 0x0000000000000000 in ?? ()\n#29 0x0000000000000000 in ?? ()\n#30 0x0000000000000000 in ?? ()\n#31 0x0000000000000000 in ?? ()\n#32 0x0000000000000000 in ?? ()\n#33 0x0000000000000000 in ?? ()\n#34 0x0000000000000000 in ?? ()\n#35 0x0000000000000000 in ?? ()\n#36 0x0000000000000000 in ?? ()\n#37 0x0000000000000000 in ?? ()\n#38 0x0000000000000000 in ?? ()\n#39 0x0000000000000000 in ?? ()\n#40 0x0000000000000000 in ?? ()\n#41 0x0000000000000000 in ?? ()\n#42 0x0000000000000000 in ?? ()\n#43 0x0000000000000000 in ?? ()\n#44 0x0000000000000000 in ?? ()\n#45 0x0000000000000000 in ?? ()\n#46 0x0000000000000002 in ?? ()\n#47 0xffffffff81241b00 in tdq_cpu ()\n#48 0xfffffe0002b5a8e0 in ?? ()\n#49 0x0000000000000000 in ?? ()\n#50 0xffffff80002e5af0 in ?? ()\n#51 0xffffff80002e5a98 in ?? ()\n#52 0xfffffe000290c8e0 in ?? ()\n#53 0xffffffff809134fe in sched_switch (td=0x0, newtd=0xffffff80008a1830,\n    flags=Variable \"flags\" is not available.\n) at /usr/src/sys/kern/sched_ule.c:1921\nPrevious frame inner to this frame (corrupt stack?)\n(kgdb)\n\n------------------------------------------------------------------------\nps -axl\n\nUID  PID PPID CPU PRI NI   VSZ RSS MWCHAN   STAT TT     TIME COMMAND\n  0    0    0   0 -52  0     0   0 -        DLs  ??  0:06.79 [kernel]\n  0    1    0   0  20  0  6276   0 wait     DLs  ??  0:00.01 [init]\n  0    2    0   0 -16  0     0   0 ctl_work DL   ??  0:00.00 [ctl_thrd]\n  0    3    0   0 -16  0     0   0 pftm     DL   ??  0:00.00 [pfpurge]\n  0    4    0   0 -16  0     0   0 waiting_ DL   ??  0:00.00 [sctp_iterator]\n  0    5    0   0 -16  0     0   0 ccb_scan DL   ??  0:00.00 [xpt_thrd]\n  0    6    0   0 -16  0     0   0 psleep   DL   ??  0:00.00 [pagedaemon]\n  0    7    0   0 -16  0     0   0 psleep   DL   ??  0:00.00 [vmdaemon]\n  0    8    0   0 155  0     0   0 pgzero   DL   ??  0:00.00 [pagezero]\n  0    9    0   0 -16  0     0   0 psleep   DL   ??  0:00.00 [bufdaemon]\n  0   10    0   0 -16  0     0   0 audit_wo DL   ??  0:00.00 [audit]\n  0   11    0   0 155  0     0   0 -        RL   ??  7:57.16 [idle]\n  0   12    0   0 -72  0     0   0 -        WL   ??  0:00.75 [intr]\n  0   13    0   0  -8  0     0   0 -        DL   ??  0:00.24 [geom]\n  0   14    0   0 -16  0     0   0 -        DL   ??  0:00.19 [yarrow]\n  0   15    0   0 -68  0     0   0 -        DL   ??  0:00.00 [usb]\n  0   16    0   0  16  0     0   0 syncer   DL   ??  0:00.00 [syncer]\n  0   17    0   0 -16  0     0   0 vlruwt   DL   ??  0:00.00 [vnlru]\n  0   18    0   0 -16  0     0   0 sdflush  DL   ??  0:00.00 [softdepflush]\n  0  141    1   0  52  0  9920   0 pause    Ds   ??  0:00.00 [adjkerntz]\n  0 2078    1   0  52  0 10376   0 select   Ds   ??  0:00.00 [devd]\n  0 2331    1   0  20  0 12052   0 select   Ds   ??  0:00.01 [syslogd]\n  0 2641    1   0  52  0 46744   0 select   Ds   ??  0:00.00 [sshd]\n  0 2650    1   0  20  0 14128   0 nanslp   Ds   ??  0:00.00 [cron]\n  0 2757    1   0  24  0 41164   0 wait     Ds   ??  0:00.01 [login]\n  0 2758    1   0  52  0 12052   0 ttyin    Ds+  ??  0:00.00 [getty]\n  0 2759    1   0  52  0 12052   0 ttyin    Ds+  ??  0:00.00 [getty]\n  0 2760    1   0  52  0 12052   0 ttyin    Ds+  ??  0:00.00 [getty]\n  0 2761    1   0  52  0 12052   0 ttyin    Ds+  ??  0:00.00 [getty]\n  0 2762    1   0  52  0 12052   0 ttyin    Ds+  ??  0:00.00 [getty]\n  0 2763    1   0  52  0 12052   0 ttyin    Ds+  ??  0:00.00 [getty]\n  0 2764    1   0  52  0 12052   0 ttyin    Ds+  ??  0:00.00 [getty]\n  0 2765 2757   0  27  0 14476   0 pause    D    ??  0:00.02 [csh]\n  0 2783 2765   0  28  0 16560   0 select   D+   ??  0:00.00 [top]\n\n------------------------------------------------------------------------\nvmstat -s\n\n  1734643 cpu context switches\n   817815 device interrupts\n     9172 software interrupts\n   372650 traps\n  1175117 system calls\n       18 kernel threads created\n     2739  fork() calls\n       26 vfork() calls\n        0 rfork() calls\n        0 swap pager pageins\n        0 swap pager pages paged in\n        0 swap pager pageouts\n        0 swap pager pages paged out\n      553 vnode pager pageins\n     4197 vnode pager pages paged in\n        0 vnode pager pageouts\n        0 vnode pager pages paged out\n        0 page daemon wakeups\n        0 pages examined by the page daemon\n        0 pages reactivated\n    77807 copy-on-write faults\n      473 copy-on-write optimized faults\n   244196 zero fill pages zeroed\n        0 zero fill pages prezeroed\n        0 intransit blocking page faults\n   369885 total VM faults taken\n        0 pages affected by kernel thread creation\n  1396342 pages affected by  fork()\n    12941 pages affected by vfork()\n        0 pages affected by rfork()\n        0 pages cached\n   407542 pages freed\n        0 pages freed by daemon\n        0 pages freed by exiting processes\n     2454 pages active\n     3309 pages inactive\n        0 pages in VM cache\n   122440 pages wired down\n   871269 pages free\n     4096 bytes per page\n   502551 total name lookups\n          cache hits (99% pos + 0% neg) system 0% per-directory\n          deletions 0%, falsehits 0%, toolong 0%\n\n------------------------------------------------------------------------\nvmstat -m\n\n         Type InUse MemUse HighUse Requests  Size(s)\nCAM dev queue     5     1K       -        5  128\n  md_sii_data     0     0K       -       30  512\n      CAM XPT    59    29K       -      214  16,32,64,128,1024,2048\n       isadev     6     1K       -        6  128\n         UART     6     4K       -        6  16,512,1024\n     acpiintr     1     1K       -        1  64\n         cdev     7     2K       -        7  256\n       acpica  2248   226K       -    50869  16,32,64,128,256,512,1024\n        sigio     1     1K       -        1  64\n     filedesc    34    17K       -     2784  512\n         kenv    72    11K       -       85  16,32,64,128\n       kqueue     0     0K       -       14  256,2048\n    proc-args    16     1K       -      665  16,32,64,128,256\n        hhook     2     1K       -        2  128\n     acpitask     1     2K       -        1  2048\n      ithread   111    20K       -      111  32,128,256\n    CAM queue    21     1K       -       83  16,32\n       KTRACE   100    13K       -      100  128\n       linker   203    85K       -      217  16,32,64,128,256,512,1024,2048\n        lockf    11     2K       -       19  64,128\n   loginclass     2     1K       -        2  64\n       ip6ndp    21     2K       -       24  64,128\n         temp    75    17K       -     7120  16,32,64,128,256,512,1024,2048,4096\n       devbuf  2538 30001K       -     2629  16,32,64,128,256,512,1024,2048,4096\n       module   482    61K       -      482  128\n     mtx_pool     2    16K       -        2\n       USBdev    20     2K       -       20  64,128\n          USB    35    12K       -       35  16,32,128,2048\n     pmchooks     1     1K       -        1  128\n      subproc   122   180K       -     2872  512,4096\n         proc     2    16K       -        2\n      session    14     2K       -       15  128\n         pgrp    16     2K       -       29  128\n         cred    24     4K       -     5620  64,256\n      uidinfo     2     3K       -        2  128,2048\n       plimit    11     3K       -      152  256\n      ata_pci     2     1K       -        2  64\n      scsi_cd     0     0K       -       18  16\n    sysctltmp     0     0K       -      340  16,32,64,128,4096\n    sysctloid  5597   281K       -     5704  16,32,64,128\n       sysctl     0     0K       -      809  16,32,64\n      tidhash     1    16K       -        1\n      callout     3  1536K       -        3\n         umtx   324    41K       -      324  128\n     p1003.1b     1     1K       -        1  16\n         SWAP     2  2189K       -        2  64\n       bus-sc    94   297K       -     4607  16,32,64,128,256,512,1024,2048,4096\n          bus  1211   105K       -     7298  16,32,64,128,256,1024\n      devstat    12    25K       -       12  32,4096\n eventhandler   101     8K       -      101  64,128\n      acpisem    18     3K       -       18  128\n         kobj   329  1316K       -      672  4096\n      CAM SIM     5     2K       -        5  256\n      Per-cpu     1     1K       -        1  32\n   CAM periph     8     2K       -       26  16,32,64,128,256\n         rman   240    27K       -      639  16,32,128\n         sbuf     0     0K       -     1234  16,32,64,128,256,512,1024,2048,4096\n      entropy  1024    64K       -     1024  64\n       ctlmem  5062 10113K       -     5062  128,2048\n        stack     0     0K       -        2  256\n    taskqueue    31     3K       -       31  16,32,128\n       Unitno    14     1K       -      470  32,64\n          iov     0     0K       -      477  16,64,128,256,512\n       select    13     2K       -       13  128\n     ioctlops     0     0K       -     3412  16,32,64,128,256,512,1024,2048,4096\n          msg     4    30K       -        4  2048,4096\n          sem     4   106K       -        4  2048,4096\n          shm     1    20K       -        1\n          tty    21    21K       -       23  1024,2048\n     mbuf_tag     3     1K       -  1110584  32,64\n        shmfd     1     8K       -        1\n          pcb    14   157K       -       28  16,32,128,1024,2048,4096\n       soname     3     1K       -       95  16,32,128\n     vfscache     1  2048K       -        1\n   cl_savebuf     0     0K       -        1  64\n     vfs_hash     1  1024K       -        1\n       DEVFS1   113    57K       -      130  512\n       vnodes     2     1K       -        2  256\n       DEVFS3   136    34K       -      157  256\n        mount    61     3K       -      164  16,32,64,128,256\n  vnodemarker     0     0K       -       78  512\n          BPF    17     3K       -       17  128\n  ether_multi    89     5K       -      106  16,32,64\n       ifaddr   194    45K       -      195  32,64,128,256,512,2048,4096\n        ifnet    18    35K       -       19  128,256,2048\n        clone     9    36K       -        9  4096\n       arpcom     9     1K       -        9  16\n      lltable    80    29K       -       84  256,512\n        DEVFS    23     1K       -       24  16,128\n     routetbl   127    41K       -     1158  32,64,128,256,512\n         igmp    17     5K       -       17  256\n         ipid     2    24K       -        2\n     in_multi     6     2K       -        6  256\n    sctp_iter     0     0K       -        6  256\n     sctp_ifn     4     1K       -        4  128\n     sctp_ifa    10     2K       -       10  128\n     sctp_vrf     1     1K       -        1  64\n    sctp_a_it     0     0K       -        6  16\n    hostcache     1    28K       -        1\n     syncache     1    96K       -        1\n    in6_multi    36     5K       -       36  32,256\n          mld    17     3K       -       17  128\n          rpc     2     1K       -        2  256\naudit_evclass   179     6K       -      218  32\n      jblocks     8     2K       -        8  128,256\n     savedino     0     0K       -       20  256\n        sbdep     0     0K       -       10  64\n      jsegdep     0     0K       -     8626  64\n         jseg     0     0K       -       23  128\n    jfreefrag     0     0K       -        5  128\n      jnewblk     0     0K       -     8563  128\n      jremref     0     0K       -       19  128\n      jaddref     0     0K       -       39  128\n     freework     1     1K       -        4  64,128\n    newdirblk     0     0K       -        6  64\n       dirrem     0     0K       -       15  128\n        mkdir     0     0K       -       12  128\n       diradd     0     0K       -       27  128\n     freefile     0     0K       -       13  64\n     freeblks     0     0K       -        3  128\n     freefrag     0     0K       -        5  128\n     indirdep     0     0K       -        5  128\n       newblk     1   128K       -     8564  256\n    bmsafemap     1     8K       -       34  256\n     inodedep     1  1024K       -       41  512\n      pagedep     1   128K       -       12  256\n  ufs_dirhash    30     6K       -       30  16,32,64,128,512\n    ufs_mount    12    50K       -       13  512,4096\n    vm_pgdata     2   129K       -        2  128\n      memdesc     1     4K       -        1  4096\n     atkbddev     2     1K       -        2  64\n    pfs_nodes    21     6K       -       21  256\n       ctlblk   200  1600K       -      200\n         GEOM    92    18K       -     1149  16,32,64,128,256,512,1024,2048\n      ramdisk     1  4096K       -        1\n      acpidev    35     3K       -       35  64\n      ctlpool   532   142K       -      532  32,512\n       kbdmux     6    18K       -        6  16,512,1024,2048\n          LED    12     1K       -       12  16,128\n       apmdev     1     1K       -        1  128\n   madt_table     0     0K       -        1  4096\n       feeder     7     1K       -        7  32\n     pci_link    16     2K       -       16  16,128\n    acpi_perf     4     1K       -        4  64\n    raid_data     0     0K       -      192  32,128,256\n      io_apic     2     4K       -        2  2048\n          MCA     6     1K       -        6  128\n          msi     2     1K       -        2  128\n     nexusdev     3     1K       -        3  16\nmd_nvidia_data     0     0K       -       30  512\n         CARP     8     4K       -        8  64,256,1024\n       pfsync     1     1K       -        1  512\n  IpFw/IpAcct     6     3K       -        7  16,64,128,1024\n\n------------------------------------------------------------------------\nvmstat -z\n\nITEM                   SIZE  LIMIT     USED     FREE      REQ FAIL SLEEP\n\nUMA Kegs:               208,      0,     106,      13,     106,   0,   0\nUMA Zones:              896,      0,     106,       2,     106,   0,   0\nUMA Slabs:              568,      0,    3987,       3,    5774,   0,   0\nUMA RCntSlabs:          568,      0,    1256,       4,    1256,   0,   0\nUMA Hash:               256,      0,       3,      12,       3,   0,   0\n16 Bucket:              152,      0,     113,      12,     113,   0,   0\n32 Bucket:              280,      0,      91,       7,      91,   0,   0\n64 Bucket:              536,      0,      76,       1,      76,  80,   0\n128 Bucket:            1048,      0,     250,       2,     250, 601,   0\nVM OBJECT:              232,      0,     800,     160,   31669,   0,   0\nMAP:                    232,      0,       7,      25,       7,   0,   0\nKMAP ENTRY:             120, 149606,      42,     485,    6445,   0,   0\nMAP ENTRY:              120,      0,     350,     363,   74897,   0,   0\nfakepg:                 120,      0,       0,       0,       0,   0,   0\nmt_zone:               4112,      0,     330,      13,     330,   0,   0\n16:                      16,      0,    2400,     288,   28956,   0,   0\n32:                      32,      0,    3205,     633,   12735,   0,   0\n64:                      64,      0,    3185,    9247, 1147449,   0,   0\n128:                    128,      0,    4507,    1641,   16145,   0,   0\n256:                    256,      0,     601,    8729,   14733,   0,   0\n512:                    512,      0,     760,     185,    5568,   0,   0\n1024:                  1024,      0,      50,     190,    3361,   0,   0\n2048:                  2048,      0,    5115,     395,    5760,   0,   0\n4096:                  4096,      0,     418,      91,    9199,   0,   0\nFiles:                   80,      0,      36,     279,  128620,   0,   0\nTURNSTILE:              136,      0,     163,      37,     163,   0,   0\numtx pi:                 96,      0,       0,       0,       0,   0,   0\nMAC labels:              40,      0,       0,       0,       0,   0,   0\nPROC:                  1184,      0,      33,      54,    2783,   0,   0\nTHREAD:                1128,      0,     141,      21,     141,   0,   0\nSLEEPQUEUE:              80,      0,     163,      69,     163,   0,   0\nVMSPACE:                392,      0,      16,      84,    2767,   0,   0\ncpuset:                  72,      0,      75,      75,      75,   0,   0\naudit_record:           960,      0,       0,       0,       0,   0,   0\nmbuf_packet:            256,      0,    1540,     775,  557087,   0,   0\nmbuf:                   256,      0,       1,     650,  607598,   0,   0\nmbuf_cluster:          2048, 4194304,    2304,     208,   54137,   0,   0\nmbuf_jumbo_page:       4096,  12800,       0,       0,       0,   0,   0\nmbuf_jumbo_9k:         9216,  19200,       0,       0,       0,   0,   0\nmbuf_jumbo_16k:       16384,  12800,       0,       0,       0,   0,   0\nmbuf_ext_refcnt:          4,      0,       0,       0,       0,   0,   0\ng_bio:                  232,      0,       0,     688,   26745,   0,   0\nttyinq:                 160,      0,     120,      96,     480,   0,   0\nttyoutq:                256,      0,      64,      26,     256,   0,   0\nata_request:            328,      0,       1,      98,    9113,   0,   0\nata_composite:          336,      0,       0,       0,       0,   0,   0\nVNODE:                  480,      0,     528,      48,     543,   0,   0\nVNODEPOLL:              112,      0,       0,       0,       0,   0,   0\nNAMEI:                 1024,      0,       0,      48,  251156,   0,   0\nS VFS Cache:            108,      0,     508,     119,     971,   0,   0\nSTS VFS Cache:          148,      0,       0,       0,       0,   0,   0\nL VFS Cache:            328,      0,       0,       0,       0,   0,   0\nLTS VFS Cache:          368,      0,       0,       0,       0,   0,   0\nDIRHASH:               1024,      0,      43,      13,      43,   0,   0\nNCLNODE:                568,      0,       0,       0,       0,   0,   0\nMountpoints:            792,      0,       5,      10,       5,   0,   0\npipe:                   728,      0,       0,      55,    2131,   0,   0\nksiginfo:               112,      0,      77,     979,      82,   0,   0\nitimer:                 344,      0,       0,       0,       0,   0,   0\npfsrctrpl:              152,  10000,     165,      60,     165,   0,   0\npfrulepl:               936,      0,     178,      14,     178,   0,   0\npfstatepl:              288, 400010,   35353,     137,   35353,   0,   0\npfstatekeypl:           288,      0,   35396,     367,   38032,   0,   0\npfstateitempl:          288,      0,   35396,     302,   36246,   0,   0\npfaltqpl:               240,      0,       0,       0,       0,   0,   0\npfpooladdrpl:            88,      0,       1,      83,       1,   0,   0\npfrktable:             1296,   1002,      33,      54,      73,   0,   0\npfrkentry:              160, 200016,      86,      34,      92,   0,   0\npfrkcounters:            64,      0,       0,       0,       0,   0,   0\npffrent:                 32, 200081,       0,       0,       0,   0,   0\npffrag:                  80,      0,       0,       0,       0,   0,   0\npffrcache:               80,  10035,       0,       0,       0,   0,   0\npffrcent:                24,  50022,       0,       0,       0,   0,   0\npfstatescrub:            40,      0,       0,       0,       0,   0,   0\npfiaddrpl:              120,      0,       0,       0,       0,   0,   0\npfospfen:               112,      0,     700,      26,     700,   0,   0\npfosfp:                  40,      0,     410,      94,     410,   0,   0\nKNOTE:                  128,      0,       0,     116,      20,   0,   0\nsocket:                 680,  25602,       6,      30,     509,   0,   0\nipq:                     56, 131103,       0,       0,       0,   0,   0\nudp_inpcb:              392,  25600,       1,      49,     443,   0,   0\nudpcb:                   16,  25704,       1,     671,     443,   0,   0\ntcp_inpcb:              392,  25600,       1,      29,       2,   0,   0\ntcpcb:                  976,  25600,       1,      11,       2,   0,   0\ntcptw:                   72,   5150,       0,       0,       0,   0,   0\nsyncache:               152,  15375,       0,       0,       0,   0,   0\nhostcache:              136,  15372,       0,       0,       0,   0,   0\ntcpreass:                40, 262164,       0,       0,       0,   0,   0\nsackhole:                32,      0,       0,       0,       0,   0,   0\nsctp_ep:               1376,  25600,       0,       0,       0,   0,   0\nsctp_asoc:             2288,  40000,       0,       0,       0,   0,   0\nsctp_laddr:              48,  80064,       0,     360,       9,   0,   0\nsctp_raddr:             704,  80000,       0,       0,       0,   0,   0\nsctp_chunk:             136, 400008,       0,       0,       0,   0,   0\nsctp_readq:             104, 400032,       0,       0,       0,   0,   0\nsctp_stream_msg_out:    112, 400026,       0,       0,       0,   0,   0\nsctp_asconf:             40, 400008,       0,       0,       0,   0,   0\nsctp_asconf_ack:         48, 400032,       0,       0,       0,   0,   0\nripcb:                  392,  25600,       0,      40,       3,   0,   0\nunpcb:                  240,  25600,       4,      76,      55,   0,   0\nrtentry:                200,      0,      34,      61,      43,   0,   0\npfsync:                  88,      0,       0,       0,       0,   0,   0\nselfd:                   56,      0,      28,     287,     437,   0,   0\nSWAPMETA:               288, 116519,       0,       0,       0,   0,   0\nFFS inode:              168,      0,     487,      85,     500,   0,   0\nFFS1 dinode:            128,      0,       0,       0,       0,   0,   0\nFFS2 dinode:            256,      0,     487,      53,     500,   0,   0\nIPFW dynamic rule:      120,      0,       0,       0,       0,   0,   0\n\n\n------------------------------------------------------------------------\nvmstat -i\n\ninterrupt                          total       rate\nirq1: atkbd0                         341          6\nirq20: hpet0+                     244941       4621\nirq23: uhci0 uhci2+                    1          0\nirq25: em3                        283902       5356\nirq27: em4                        288519       5443\nirq257: em1                          111          2\nTotal                             817815      15430\n\n------------------------------------------------------------------------\npstat -T\n\n 36/12328 files\n0M/12287M swap space\n\n------------------------------------------------------------------------\npstat -s\n\nDevice          512-blocks     Used    Avail Capacity\n/dev/ada0p3       25165568        0 25165568     0%\n\n------------------------------------------------------------------------\niostat\n\niostat: kvm_read(_tk_nin): invalid address (0x0)\niostat: disabling TTY statistics\n            ada0             ada1              cd0             cpu\n  KB/t tps  MB/s   KB/t tps  MB/s   KB/t tps  MB/s  us ni sy in id\n 98.47 145 13.91   2.23   1  0.00   0.77   2  0.00   2  0  3  0 95\n\n------------------------------------------------------------------------\nipcs -a\n\nMessage Queues:\nT           ID          KEY MODE        OWNER    GROUP    CREATOR  CGROUP                 CBYTES                 QNUM               QBYTES        LSPID        LRPID STIME    RTIME    CTIME\n\nShared Memory:\nT           ID          KEY MODE        OWNER    GROUP    CREATOR  CGROUP         NATTCH        SEGSZ         CPID         LPID ATIME    DTIME    CTIME\n\nSemaphores:\nT           ID          KEY MODE        OWNER    GROUP    CREATOR  CGROUP          NSEMS OTIME    CTIME\n\n\n------------------------------------------------------------------------\nipcs -T\n\nmsginfo:\n        msgmax:        16384    (max characters in a message)\n        msgmni:           40    (# of message queues)\n        msgmnb:         2048    (max characters in a message queue)\n        msgtql:           40    (max # of messages in system)\n        msgssz:            8    (size of a message segment)\n        msgseg:         2048    (# of message segments in system)\n\nshminfo:\n        shmmax:    536870912    (max shared memory segment size)\n        shmmin:            1    (min shared memory segment size)\n        shmmni:          192    (max number of shared memory identifiers)\n        shmseg:          128    (max shared memory segments per process)\n        shmall:       131072    (max amount of shared memory in pages)\n\nseminfo:\n        semmni:           50    (# of semaphore identifiers)\n        semmns:          340    (# of semaphores in system)\n        semmnu:          150    (# of undo structures in system)\n        semmsl:          340    (max # of semaphores per id)\n        semopm:          100    (max # of operations per semop call)\n        semume:           50    (max # of undo entries per process)\n        semusz:          632    (size in bytes of undo structure)\n        semvmx:        32767    (semaphore maximum value)\n        semaem:        16384    (adjust on exit max value)\n\n\n------------------------------------------------------------------------\nnfsstat\n\nClient Info:\nRpc Counts:\n  Getattr   Setattr    Lookup  Readlink      Read     Write    Create    Remove\n        0         0         0         0         0         0         0         0\n   Rename      Link   Symlink     Mkdir     Rmdir   Readdir  RdirPlus    Access\n        0         0         0         0         0         0         0         0\n    Mknod    Fsstat    Fsinfo  PathConf    Commit\n        0         0         0         0         0\nRpc Info:\n TimedOut   Invalid X Replies   Retries  Requests\n        0         0         0         0         0\nCache Info:\nAttr Hits    Misses Lkup Hits    Misses BioR Hits    Misses BioW Hits    Misses\n        0         0         0         0         0         0         0         0\nBioRLHits    Misses BioD Hits    Misses DirE Hits    Misses Accs Hits    Misses\n        0         0         0         0         0         0         0         0\n\nServer Info:\n  Getattr   Setattr    Lookup  Readlink      Read     Write    Create    Remove\n        0         0         0         0         0         0         0         0\n   Rename      Link   Symlink     Mkdir     Rmdir   Readdir  RdirPlus    Access\n        0         0         0         0         0         0         0         0\n    Mknod    Fsstat    Fsinfo  PathConf    Commit\n        0         0         0         0         0\nServer Ret-Failed\n                0\nServer Faults\n            0\nServer Cache Stats:\n   Inprog      Idem  Non-idem    Misses\n        0         0         0         0\nServer Write Gathering:\n WriteOps  WriteRPC   Opsaved\n        0         0         0\n\n------------------------------------------------------------------------\nnetstat -s\n\ntcp:\n        0 packets sent\n                0 data packets (0 bytes)\n                0 data packets (0 bytes) retransmitted\n                0 data packets unnecessarily retransmitted\n                0 resends initiated by MTU discovery\n                0 ack-only packets (0 delayed)\n                0 URG only packets\n                0 window probe packets\n                0 window update packets\n                0 control packets\n        0 packets received\n                0 acks (for 0 bytes)\n                0 duplicate acks\n                0 acks for unsent data\n                0 packets (0 bytes) received in-sequence\n                0 completely duplicate packets (0 bytes)\n                0 old duplicate packets\n                0 packets with some dup. data (0 bytes duped)\n                0 out-of-order packets (0 bytes)\n                0 packets (0 bytes) of data after window\n                0 window probes\n                0 window update packets\n                0 packets received after close\n                0 discarded for bad checksums\n                0 discarded for bad header offset fields\n                0 discarded because packet too short\n                0 discarded due to memory problems\n        0 connection requests\n        0 connection accepts\n        0 bad connection attempts\n        0 listen queue overflows\n        0 ignored RSTs in the windows\n        0 connections established (including accepts)\n        1 connection closed (including 0 drops)\n                0 connections updated cached RTT on close\n                0 connections updated cached RTT variance on close\n                0 connections updated cached ssthresh on close\n        0 embryonic connections dropped\n        0 segments updated rtt (of 0 attempts)\n        0 retransmit timeouts\n                0 connections dropped by rexmit timeout\n        0 persist timeouts\n                0 connections dropped by persist timeout\n        0 Connections (fin_wait_2) dropped because of timeout\n        0 keepalive timeouts\n                0 keepalive probes sent\n                0 connections dropped by keepalive\n        0 correct ACK header predictions\n        0 correct data packet header predictions\n        0 syncache entries added\n                0 retransmitted\n                0 dupsyn\n                0 dropped\n                0 completed\n                0 bucket overflow\n                0 cache overflow\n                0 reset\n                0 stale\n                0 aborted\n                0 badack\n                0 unreach\n                0 zone failures\n        0 cookies sent\n        0 cookies received\n        0 hostcache entries added\n                0 bucket overflow\n        0 SACK recovery episodes\n        0 segment rexmits in SACK recovery episodes\n        0 byte rexmits in SACK recovery episodes\n        0 SACK options (SACK blocks) received\n        0 SACK options (SACK blocks) sent\n        0 SACK scoreboard overflow\n        0 packets with ECN CE bit set\n        0 packets with ECN ECT(0) bit set\n        0 packets with ECN ECT(1) bit set\n        0 successful ECN handshakes\n        0 times ECN reduced the congestion window\nudp:\n        24 datagrams received\n        0 with incomplete header\n        0 with bad data length field\n        0 with bad checksum\n        0 with no checksum\n        2 dropped due to no socket\n        15 broadcast/multicast datagrams undelivered\n        0 dropped due to full socket buffers\n        0 not for hashed pcb\n        7 delivered\n        10 datagrams output\n        0 times multicast source filter matched\nip:\n        555088 total packets received\n        0 bad header checksums\n        0 with size smaller than minimum\n        0 with data size \u003c data length\n        0 with ip length \u003e max ip packet size\n        0 with header length \u003c data size\n        0 with data length \u003c header length\n        0 with bad options\n        0 with incorrect version number\n        0 fragments received\n        0 fragments dropped (dup or out of space)\n        0 fragments dropped after timeout\n        0 packets reassembled ok\n        514 packets for this host\n        0 packets for unknown/unsupported protocol\n        545827 packets forwarded (0 packets fast forwarded)\n        4515 packets not forwardable\n        0 packets received for unknown multicast group\n        0 redirects sent\n        4659 packets sent from this host\n        0 packets sent with fabricated ip header\n        0 output packets dropped due to no bufs, etc.\n        0 output packets discarded due to no route\n        0 output datagrams fragmented\n        0 fragments created\n        0 datagrams that can't be fragmented\n        0 tunneling packets that can't find gif\n        0 datagrams with bad address in header\nicmp:\n        4601 calls to icmp_error\n        0 errors not generated in response to an icmp message\n        Output histogram:\n                echo reply: 41\n                destination unreachable: 4517\n                time exceeded: 84\n        0 messages with bad code fields\n        0 messages less than the minimum length\n        0 messages with bad checksum\n        0 messages with bad length\n        0 multicast echo requests ignored\n        0 multicast timestamp requests ignored\n        Input histogram:\n                echo reply: 2\n                echo: 41\n        41 message responses generated\n        0 invalid return addresses\n        0 no return routes\nigmp:\n        0 messages received\n        0 messages received with too few bytes\n        0 messages received with wrong TTL\n        0 messages received with bad checksum\n        0 V1/V2 membership queries received\n        0 V3 membership queries received\n        0 membership queries received with invalid field(s)\n        0 general queries received\n        0 group queries received\n        0 group-source queries received\n        0 group-source queries dropped\n        0 membership reports received\n        0 membership reports received with invalid field(s)\n        0 membership reports received for groups to which we belong\n        0 V3 reports received without Router Alert\n        3 membership reports sent\narp:\n        50 ARP requests sent\n        4 ARP replies sent\n        23 ARP requests received\n        71 ARP replies received\n        94 ARP packets received\n        406 total packets dropped due to no ARP entry\n        3 ARP entrys timed out\n        0 Duplicate IPs seen\nip6:\n        0 total packets received\n        0 with size smaller than minimum\n        0 with data size \u003c data length\n        0 with bad options\n        0 with incorrect version number\n        0 fragments received\n        0 fragments dropped (dup or out of space)\n        0 fragments dropped after timeout\n        0 fragments that exceeded limit\n        0 packets reassembled ok\n        0 packets for this host\n        0 packets forwarded\n        0 packets not forwardable\n        0 redirects sent\n        12 packets sent from this host\n        0 packets sent with fabricated ip header\n        0 output packets dropped due to no bufs, etc.\n        0 output packets discarded due to no route\n        0 output datagrams fragmented\n        0 fragments created\n        0 datagrams that can't be fragmented\n        0 packets that violated scope rules\n        0 multicast packets which we don't join\n        Mbuf statistics:\n                0 one mbuf\n                0 one ext mbuf\n                0 two or more ext mbuf\n        0 packets whose headers are not contiguous\n        0 tunneling packets that can't find gif\n        0 packets discarded because of too many headers\n        0 failures of source address selection\n        Source addresses selection rule applied:\nicmp6:\n        0 calls to icmp6_error\n        0 errors not generated in response to an icmp6 message\n        0 errors not generated because of rate limitation\n        Output histogram:\n                neighbor solicitation: 3\n        0 messages with bad code fields\n        0 messages \u003c minimum length\n        0 bad checksums\n        0 messages with bad length\n        Histogram of error messages to be generated:\n                0 no route\n                0 administratively prohibited\n                0 beyond scope\n                0 address unreachable\n                0 port unreachable\n                0 packet too big\n                0 time exceed transit\n                0 time exceed reassembly\n                0 erroneous header field\n                0 unrecognized next header\n                0 unrecognized option\n                0 redirect\n                0 unknown\n        0 message responses generated\n        0 messages with too many ND options\n        0 messages with bad ND options\n        0 bad neighbor solicitation messages\n        0 bad neighbor advertisement messages\n        0 bad router solicitation messages\n        0 bad router advertisement messages\n        0 bad redirect messages\n        0 path MTU changes\nrip6:\n        0 messages received\n        0 checksum calculations on inbound\n        0 messages with bad checksum\n        0 messages dropped due to no socket\n        0 multicast messages dropped due to no socket\n        0 messages dropped due to full socket buffers\n        0 delivered\n        0 datagrams output\n\n------------------------------------------------------------------------\nnetstat -m\n\n1541/1425/2966 mbufs in use (current/cache/total)\n1529/983/2512/4194304 mbuf clusters in use (current/cache/total/max)\n1540/775 mbuf+clusters out of packet secondary zone in use (current/cache)\n0/0/0/12800 4k (page size) jumbo clusters in use (current/cache/total/max)\n0/0/0/19200 9k jumbo clusters in use (current/cache/total/max)\n0/0/0/12800 16k jumbo clusters in use (current/cache/total/max)\n3443K/2322K/5765K bytes allocated to network (current/cache/total)\n0/0/0 requests for mbufs denied (mbufs/clusters/mbuf+clusters)\n0/0/0 requests for jumbo clusters denied (4k/9k/16k)\n0 requests for sfbufs denied\n0 requests for sfbufs delayed\n0 requests for I/O initiated by sendfile\n0 calls to protocol drain routines\n\n------------------------------------------------------------------------\nnetstat -id\n\nName    Mtu Network       Address              Ipkts Ierrs Idrop    Opkts Oerrs  Coll Drop\nem0*   1500 \u003cLink#1\u003e      00:15:17:5f:5d:c4        0     0     0        0     0     0    0\nem1    1500 \u003cLink#2\u003e      00:15:17:5f:5d:c5        0     0     0        1     0     0    0\nem1    1500 172.0.1.0\u00260xf 172.16.1.1               0     -     -        0     -     -    -\nem1    1500 fe80::215:17f fe80::215:17ff:fe        0     -     -        1     -     -    -\nem2*   1500 \u003cLink#3\u003e      00:1b:21:17:b6:92        0     0     0        0     0     0    0\nem3    1500 \u003cLink#4\u003e      00:1b:21:17:b6:93   272868     0     0   283213     0     0    0\nem3    1500 201.87.225.0  fw2                     51     -     -     4746     -     -    -\nem3    1500 fe80::21b:21f fe80::21b:21ff:fe        0     -     -        0     -     -    -\nem3    1500 201.87.226.0  10-226-87-201            0     -     -       12     -     -    -\nem4    1500 \u003cLink#5\u003e      00:1b:21:17:bd:86   282670     0     0   267145     0     0    0\nem4    1500 201.87.224.16 19-204-87-201            1     -     -      108     -     -    -\nem4    1500 fe80::21b:21f fe80::21b:21ff:fe        0     -     -        0     -     -    -\nem5*   1500 \u003cLink#6\u003e      00:1b:21:17:bd:87        0     0     0        0     0     0    0\nusbus     0 \u003cLink#7\u003e                               0     0     0        0     0     0    0\nusbus     0 \u003cLink#8\u003e                               0     0     0        0     0     0    0\nusbus     0 \u003cLink#9\u003e                               0     0     0        0     0     0    0\nusbus     0 \u003cLink#10\u003e                              0     0     0        0     0     0    0\nusbus     0 \u003cLink#11\u003e                              0     0     0        0     0     0    0\npflog 33152 \u003cLink#12\u003e                              0     0     0     8930     0     0    0\npfsyn  1500 \u003cLink#13\u003e                              0     0     0        0     0     0    0\nlo0   16384 \u003cLink#14\u003e                              0     0     0        0     0     0    0\nlo0   16384 localhost     ::1                      0     -     -        0     -     -    -\nlo0   16384 fe80::1%lo0   fe80::1                  0     -     -        0     -     -    -\nlo0   16384 your-net      localhost                0     -     -        0     -     -    -\ncarp0  1500 \u003cLink#15\u003e                              0     0     0      104     0     0    0\ncarp0  1500 201.87.224.0  18-204-87-201            0     -     -        0     -     -    -\ncarp1  1500 \u003cLink#16\u003e                              0     0     0      104     0     0    0\ncarp1  1500 201.87.226.0  1-226-87-201             0     -     -        0     -     -    -\ncarp1  1500 201.87.225.0  router                   0     -     -        0     -     -    -\nipfw0 65536 \u003cLink#17\u003e                              0     0     0        0     0     0    0\n\n------------------------------------------------------------------------\nnetstat -anr\n\nRouting tables\n\nInternet:\nDestination        Gateway            Flags    Refs      Use  Netif Expire\ndefault            201.87.224.17      UGS         0   271909    em4\n127.0.0.1          link#14            UH          0        0    lo0\n172.0.1.0\u00260xffe1ff00 link#2             U           0        0    em1\n172.16.1.1         link#2             UHS         0        0    lo0\n201.87.224.16\u00260xffffe1f0 link#5             U           0       40    em4\n201.87.224.18      link#15            UH          0        0  carp0\n201.87.224.19      link#5             UHS         0        0    lo0\n201.87.225.0/24    link#4             U           0   280742    em3\n201.87.225.1       link#16            UH          0        0  carp1\n201.87.225.10      link#4             UHS         0        0    lo0\n201.87.226.0/24    link#4             U           0     2326    em3\n201.87.226.1       link#16            UH          0        0  carp1\n201.87.226.10      link#4             UHS         0        0    lo0\n\nInternet6:\nDestination                       Gateway                       Flags      Netif Expire\n::/96                             ::1                           UGRS        lo0\n::1                               link#14                       UH          lo0\n::ffff:0.0.0.0/96                 ::1                           UGRS        lo0\nfe80::/10                         ::1                           UGRS        lo0\nfe80::%em1/64                     link#2                        U           em1\nfe80::215:17ff:fe5f:5dc5%em1      link#2                        UHS         lo0\nfe80::%em3/64                     link#4                        U           em3\nfe80::21b:21ff:fe17:b693%em3      link#4                        UHS         lo0\nfe80::%em4/64                     link#5                        U           em4\nfe80::21b:21ff:fe17:bd86%em4      link#5                        UHS         lo0\nfe80::%lo0/64                     link#14                       U           lo0\nfe80::1%lo0                       link#14                       UHS         lo0\nff01::%em1/32                     fe80::215:17ff:fe5f:5dc5%em1  U           em1\nff01::%em3/32                     fe80::21b:21ff:fe17:b693%em3  U           em3\nff01::%em4/32                     fe80::21b:21ff:fe17:bd86%em4  U           em4\nff01::%lo0/32                     ::1                           U           lo0\nff02::/16                         ::1                           UGRS        lo0\nff02::%em1/32                     fe80::215:17ff:fe5f:5dc5%em1  U           em1\nff02::%em3/32                     fe80::21b:21ff:fe17:b693%em3  U           em3\nff02::%em4/32                     fe80::21b:21ff:fe17:bd86%em4  U           em4\nff02::%lo0/32                     ::1                           U           lo0\n\n------------------------------------------------------------------------\nnetstat -anA\n\nActive Internet connections (including servers)\nTcpcb            Proto Recv-Q Send-Q Local Address      Foreign Address    (state)\nfffffe0018eb67a0 tcp4       0      0 *.22               *.*                LISTEN\nfffffe0018008ab8 udp4       0      0 127.0.0.1.514      *.*\nActive UNIX domain sockets\nAddress  Type   Recv-Q Send-Q    Inode     Conn     Refs  Nextref Addr\nfffffe00182f6000 stream      0      0 fffffe0004fdd780        0        0        0 /var/run/devd.pipe\nfffffe00184593c0 dgram       0      0        0 fffffe00182f6870        0        0\nfffffe00182f6870 dgram       0      0 fffffe0004f2d000        0 fffffe00184593c0        0 /var/run/logpriv\nfffffe00182f6960 dgram       0      0 fffffe0004f2d1e0        0        0        0 /var/run/log\n\n------------------------------------------------------------------------\nnetstat -aL\n\nCurrent listen queue sizes (qlen/incqlen/maxqlen)\nProto Listen         Local Address\ntcp4  0/0/128        *.ssh\nunix  0/0/4          /var/run/devd.pipe\n\n------------------------------------------------------------------------\nfstat\n\nUSER     CMD          PID   FD MOUNT      INUM MODE         SZ|DV R/W\nroot     top         2783 root /             2 drwxr-xr-x    1024  r\nroot     top         2783   wd /var     3691776 drwxr-x---     512  r\nroot     top         2783 text /usr     2488242 -r-xr-xr-x   54880  r\nroot     top         2783 ctty /dev         56 crw-------   ttyv0 rw\nroot     top         2783    0 /dev         56 crw-------   ttyv0 rw\nroot     top         2783    1 /dev         56 crw-------   ttyv0 rw\nroot     top         2783    2 /dev         56 crw-------   ttyv0 rw\nroot     top         2783    4 /dev         22 crw-rw-rw-    null  r\nroot     top         2783    5 /dev         22 crw-rw-rw-    null  r\nroot     csh         2765 root /             2 drwxr-xr-x    1024  r\nroot     csh         2765   wd /var     3691776 drwxr-x---     512  r\nroot     csh         2765 text /         66004 -r-xr-xr-x  382240  r\nroot     csh         2765 ctty /dev         56 crw-------   ttyv0 rw\nroot     csh         2765   15 /dev         56 crw-------   ttyv0 rw\nroot     csh         2765   16 /dev         56 crw-------   ttyv0 rw\nroot     csh         2765   17 /dev         56 crw-------   ttyv0 rw\nroot     csh         2765   18 /dev         56 crw-------   ttyv0 rw\nroot     csh         2765   19 /dev         56 crw-------   ttyv0 rw\nroot     getty       2764 root /             2 drwxr-xr-x    1024  r\nroot     getty       2764   wd /             2 drwxr-xr-x    1024  r\nroot     getty       2764 text /usr     2969483 -r-xr-xr-x   28008  r\nroot     getty       2764 ctty /dev         63 crw-------   ttyv7 rw\nroot     getty       2764    0 /dev         63 crw-------   ttyv7 rw\nroot     getty       2764    1 /dev         63 crw-------   ttyv7 rw\nroot     getty       2764    2 /dev         63 crw-------   ttyv7 rw\nroot     getty       2763 root /             2 drwxr-xr-x    1024  r\nroot     getty       2763   wd /             2 drwxr-xr-x    1024  r\nroot     getty       2763 text /usr     2969483 -r-xr-xr-x   28008  r\nroot     getty       2763 ctty /dev         62 crw-------   ttyv6 rw\nroot     getty       2763    0 /dev         62 crw-------   ttyv6 rw\nroot     getty       2763    1 /dev         62 crw-------   ttyv6 rw\nroot     getty       2763    2 /dev         62 crw-------   ttyv6 rw\nroot     getty       2762 root /             2 drwxr-xr-x    1024  r\nroot     getty       2762   wd /             2 drwxr-xr-x    1024  r\nroot     getty       2762 text /usr     2969483 -r-xr-xr-x   28008  r\nroot     getty       2762 ctty /dev         61 crw-------   ttyv5 rw\nroot     getty       2762    0 /dev         61 crw-------   ttyv5 rw\nroot     getty       2762    1 /dev         61 crw-------   ttyv5 rw\nroot     getty       2762    2 /dev         61 crw-------   ttyv5 rw\nroot     getty       2761 root /             2 drwxr-xr-x    1024  r\nroot     getty       2761   wd /             2 drwxr-xr-x    1024  r\nroot     getty       2761 text /usr     2969483 -r-xr-xr-x   28008  r\nroot     getty       2761 ctty /dev         60 crw-------   ttyv4 rw\nroot     getty       2761    0 /dev         60 crw-------   ttyv4 rw\nroot     getty       2761    1 /dev         60 crw-------   ttyv4 rw\nroot     getty       2761    2 /dev         60 crw-------   ttyv4 rw\nroot     getty       2760 root /             2 drwxr-xr-x    1024  r\nroot     getty       2760   wd /             2 drwxr-xr-x    1024  r\nroot     getty       2760 text /usr     2969483 -r-xr-xr-x   28008  r\nroot     getty       2760 ctty /dev         59 crw-------   ttyv3 rw\nroot     getty       2760    0 /dev         59 crw-------   ttyv3 rw\nroot     getty       2760    1 /dev         59 crw-------   ttyv3 rw\nroot     getty       2760    2 /dev         59 crw-------   ttyv3 rw\nroot     getty       2759 root /             2 drwxr-xr-x    1024  r\nroot     getty       2759   wd /             2 drwxr-xr-x    1024  r\nroot     getty       2759 text /usr     2969483 -r-xr-xr-x   28008  r\nroot     getty       2759 ctty /dev         58 crw-------   ttyv2 rw\nroot     getty       2759    0 /dev         58 crw-------   ttyv2 rw\nroot     getty       2759    1 /dev         58 crw-------   ttyv2 rw\nroot     getty       2759    2 /dev         58 crw-------   ttyv2 rw\nroot     getty       2758 root /             2 drwxr-xr-x    1024  r\nroot     getty       2758   wd /             2 drwxr-xr-x    1024  r\nroot     getty       2758 text /usr     2969483 -r-xr-xr-x   28008  r\nroot     getty       2758 ctty /dev         57 crw-------   ttyv1 rw\nroot     getty       2758    0 /dev         57 crw-------   ttyv1 rw\nroot     getty       2758    1 /dev         57 crw-------   ttyv1 rw\nroot     getty       2758    2 /dev         57 crw-------   ttyv1 rw\nroot     login       2757 root /             2 drwxr-xr-x    1024  r\nroot     login       2757   wd /         98308 drwxr-xr-x     512  r\nroot     login       2757 text /usr     2488156 -r-sr-xr-x   25072  r\nroot     login       2757 ctty /dev         56 crw-------   ttyv0 rw\nroot     login       2757    0 /dev         56 crw-------   ttyv0 rw\nroot     login       2757    1 /dev         56 crw-------   ttyv0 rw\nroot     login       2757    2 /dev         56 crw-------   ttyv0 rw\nroot     login       2757    3* local dgram fffffe00184593c0 \u003c-\u003e fffffe00182f6870\nroot     cron        2650 root /             2 drwxr-xr-x    1024  r\nroot     cron        2650   wd /var     1524864 drwxr-x---     512  r\nroot     cron        2650 text /usr     7142851 -r-xr-xr-x   41432  r\nroot     cron        2650    0 /dev         22 crw-rw-rw-    null rw\nroot     cron        2650    1 /dev         22 crw-rw-rw-    null rw\nroot     cron        2650    2 /dev         22 crw-rw-rw-    null rw\nroot     cron        2650    3 /var     6259991 -rw-------       4  w\nroot     sshd        2641 root /             2 drwxr-xr-x    1024  r\nroot     sshd        2641   wd /             2 drwxr-xr-x    1024  r\nroot     sshd        2641 text /usr     7142793 -r-xr-xr-x  269512  r\nroot     sshd        2641    0 /dev         22 crw-rw-rw-    null rw\nroot     sshd        2641    1 /dev         22 crw-rw-rw-    null rw\nroot     sshd        2641    2 /dev         22 crw-rw-rw-    null rw\nroot     sshd        2641    3* internet stream tcp fffffe0018eb67a0\nroot     syslogd     2331 root /             2 drwxr-xr-x    1024  r\nroot     syslogd     2331   wd /             2 drwxr-xr-x    1024  r\nroot     syslogd     2331 text /usr     7143019 -r-xr-xr-x   40664  r\nroot     syslogd     2331    0 /dev         22 crw-rw-rw-    null rw\nroot     syslogd     2331    1 /dev         22 crw-rw-rw-    null rw\nroot     syslogd     2331    2 /dev         22 crw-rw-rw-    null rw\nroot     syslogd     2331    3 /var     6259985 -rw-------       4  w\nroot     syslogd     2331    4* local dgram fffffe00182f6960\nroot     syslogd     2331    5* local dgram fffffe00182f6870\nroot     syslogd     2331    6* internet dgram udp fffffe0018008ab8\nroot     syslogd     2331    7 /dev          9 crw-------    klog  r\nroot     syslogd     2331    9 -         -         bad    -\nroot     syslogd     2331   10 /var     1203849 -rw-r--r--   67054  w\nroot     syslogd     2331   11 /var     1203851 -rw-------      58  w\nroot     syslogd     2331   12 /var     1203844 -rw-------     831  w\nroot     syslogd     2331   13 /var     1203848 -rw-r-----     223  w\nroot     syslogd     2331   14 /var     1203847 -rw-r--r--      58  w\nroot     syslogd     2331   15 /var     1203852 -rw-------      58  w\nroot     syslogd     2331   16 /var     1203845 -rw-------     398  w\nroot     syslogd     2331   17 /var     1203846 -rw-------      58  w\nroot     syslogd     2331   18 /var     1203850 -rw-r-----      58  w\nroot     devd        2078 root /             2 drwxr-xr-x    1024  r\nroot     devd        2078   wd /             2 drwxr-xr-x    1024  r\nroot     devd        2078 text /         65554 -r-xr-xr-x  453696  r\nroot     devd        2078    0 /dev         22 crw-rw-rw-    null rw\nroot     devd        2078    1 /dev         22 crw-rw-rw-    null rw\nroot     devd        2078    2 /dev         22 crw-rw-rw-    null rw\nroot     devd        2078    3 /dev          4 crw-------  devctl  r\nroot     devd        2078    4* local stream fffffe00182f6000\nroot     devd        2078    5 /var     6259979 -rw-------       4  w\nroot     adjkerntz    141 root /             2 drwxr-xr-x    1024  r\nroot     adjkerntz    141   wd /             2 drwxr-xr-x    1024  r\nroot     adjkerntz    141 text /         65543 -r-xr-xr-x    9232  r\nroot     adjkerntz    141    0 /dev         22 crw-rw-rw-    null rw\nroot     adjkerntz    141    1 /dev         22 crw-rw-rw-    null rw\nroot     adjkerntz    141    2 /dev         22 crw-rw-rw-    null rw\nroot     init           1 root /             2 drwxr-xr-x    1024  r\nroot     init           1   wd /             2 drwxr-xr-x    1024  r\nroot     init           1 text /         65580 -r-xr-xr-x  790320  r\nroot     kernel         0 root /             2 drwxr-xr-x    1024  r\nroot     kernel         0   wd /             2 drwxr-xr-x    1024  r\n\n------------------------------------------------------------------------\ndmesg\n\nCopyright (c) 1992-2012 The FreeBSD Project.\nCopyright (c) 1979, 1980, 1983, 1986, 1988, 1989, 1991, 1992, 1993, 1994\n        The Regents of the University of California. All rights reserved.\nFreeBSD is a registered trademark of The FreeBSD Foundation.\nFreeBSD 9.1-RC2 #0 r241106: Mon Oct  1 18:26:44 UTC 2012\n    root@farrell.cse.buffalo.edu:/usr/obj/usr/src/sys/GENERIC amd64\nCPU: Intel(R) Xeon(R) CPU           E5410  @ 2.33GHz (2327.55-MHz K8-class CPU)\n  Origin = \"GenuineIntel\"  Id = 0x10676  Family = 6  Model = 17  Stepping = 6\n  Features=0xbfebfbff\u003cFPU,VME,DE,PSE,TSC,MSR,PAE,MCE,CX8,APIC,SEP,MTRR,PGE,MCA,CMOV,PAT,PSE36,CLFLUSH,DTS,ACPI,MMX,FXSR,SSE,SSE2,SS,HTT,TM,PBE\u003e\n  Features2=0xce3bd\u003cSSE3,DTES64,MON,DS_CPL,VMX,EST,TM2,SSSE3,CX16,xTPR,PDCM,DCA,SSE4.1\u003e\n  AMD Features=0x20100800\u003cSYSCALL,NX,LM\u003e\n  AMD Features2=0x1\u003cLAHF\u003e\n  TSC: P-state invariant, performance statistics\nreal memory  = 4294967296 (4096 MB)\navail memory = 4063932416 (3875 MB)\nEvent timer \"LAPIC\" quality 400\nACPI APIC Table: \u003cINTEL  S5000VSA\u003e\nFreeBSD/SMP: Multiprocessor System Detected: 4 CPUs\nFreeBSD/SMP: 1 package(s) x 4 core(s)\n cpu0 (BSP): APIC ID:  0\n cpu1 (AP): APIC ID:  1\n cpu2 (AP): APIC ID:  2\n cpu3 (AP): APIC ID:  3\nioapic0 \u003cVersion 2.0\u003e irqs 0-23 on motherboard\nioapic1 \u003cVersion 2.0\u003e irqs 24-47 on motherboard\nlapic0: Forcing LINT1 to edge trigger\nkbd1 at kbdmux0\nacpi0: \u003cINTEL S5000VSA\u003e on motherboard\nacpi0: Power Button (fixed)\nacpi0: reservation of 0, a0000 (3) failed\ncpu0: \u003cACPI CPU\u003e on acpi0\ncpu1: \u003cACPI CPU\u003e on acpi0\ncpu2: \u003cACPI CPU\u003e on acpi0\ncpu3: \u003cACPI CPU\u003e on acpi0\natrtc0: \u003cAT realtime clock\u003e port 0x70-0x71,0x74-0x77 irq 8 on acpi0\nEvent timer \"RTC\" frequency 32768 Hz quality 0\nattimer0: \u003cAT timer\u003e port 0x40-0x43,0x50-0x53 irq 0 on acpi0\nTimecounter \"i8254\" frequency 1193182 Hz quality 0\nEvent timer \"i8254\" frequency 1193182 Hz quality 100\nhpet0: \u003cHigh Precision Event Timer\u003e iomem 0xfed00000-0xfed003ff on acpi0\nTimecounter \"HPET\" frequency 14318180 Hz quality 950\nEvent timer \"HPET\" frequency 14318180 Hz quality 450\nEvent timer \"HPET1\" frequency 14318180 Hz quality 440\nEvent timer \"HPET2\" frequency 14318180 Hz quality 440\nTimecounter \"ACPI-fast\" frequency 3579545 Hz quality 900\nacpi_timer0: \u003c24-bit timer at 3.579545MHz\u003e port 0x408-0x40b on acpi0\nacpi_button0: \u003cSleep Button\u003e on acpi0\npcib0: \u003cACPI Host-PCI bridge\u003e port 0xca2,0xca3,0xcf8-0xcff on acpi0\npci0: \u003cACPI PCI bus\u003e on pcib0\npcib1: \u003cACPI PCI-PCI bridge\u003e at device 2.0 on pci0\npci1: \u003cACPI PCI bus\u003e on pcib1\npcib2: \u003cACPI PCI-PCI bridge\u003e irq 16 at device 0.0 on pci1\npci2: \u003cACPI PCI bus\u003e on pcib2\npcib3: \u003cACPI PCI-PCI bridge\u003e irq 16 at device 0.0 on pci2\npci3: \u003cACPI PCI bus\u003e on pcib3\npcib4: \u003cACPI PCI-PCI bridge\u003e irq 17 at device 1.0 on pci2\npci4: \u003cACPI PCI bus\u003e on pcib4\npcib5: \u003cACPI PCI-PCI bridge\u003e irq 18 at device 2.0 on pci2\npci5: \u003cACPI PCI bus\u003e on pcib5\nem0: \u003cIntel(R) PRO/1000 Network Connection 7.3.2\u003e port 0x3020-0x303f mem 0xb8820000-0xb883ffff,0xb8400000-0xb87fffff irq 18 at device 0.0 on pci5\nem0: Using an MSI interrupt\nem0: Ethernet address: 00:15:17:5f:5d:c4\nem1: \u003cIntel(R) PRO/1000 Network Connection 7.3.2\u003e port 0x3000-0x301f mem 0xb8800000-0xb881ffff,0xb8000000-0xb83fffff irq 19 at device 0.1 on pci5\nem1: Using an MSI interrupt\nem1: Ethernet address: 00:15:17:5f:5d:c5\npcib6: \u003cACPI PCI-PCI bridge\u003e at device 0.3 on pci1\npci6: \u003cACPI PCI bus\u003e on pcib6\nem2: \u003cIntel(R) PRO/1000 Legacy Network Connection 1.0.4\u003e port 0x20c0-0x20ff mem 0xb8a00000-0xb8a1ffff,0xb8900000-0xb893ffff irq 24 at device 1.0 on pci6\nem2: Ethernet address: 00:1b:21:17:b6:92\nem3: \u003cIntel(R) PRO/1000 Legacy Network Connection 1.0.4\u003e port 0x2080-0x20bf mem 0xb8a20000-0xb8a3ffff,0xb8940000-0xb897ffff irq 25 at device 1.1 on pci6\nem3: Ethernet address: 00:1b:21:17:b6:93\nem4: \u003cIntel(R) PRO/1000 Legacy Network Connection 1.0.4\u003e port 0x2040-0x207f mem 0xb8a40000-0xb8a5ffff,0xb8980000-0xb89bffff irq 27 at device 2.0 on pci6\nem4: Ethernet address: 00:1b:21:17:bd:86\nem5: \u003cIntel(R) PRO/1000 Legacy Network Connection 1.0.4\u003e port 0x2000-0x203f mem 0xb8a60000-0xb8a7ffff,0xb89c0000-0xb89fffff irq 24 at device 2.1 on pci6\nem5: Ethernet address: 00:1b:21:17:bd:87\npcib7: \u003cPCI-PCI bridge\u003e at device 3.0 on pci0\npci7: \u003cPCI bus\u003e on pcib7\npci0: \u003cbase peripheral\u003e at device 8.0 (no driver attached)\npcib8: \u003cACPI PCI-PCI bridge\u003e irq 16 at device 28.0 on pci0\npci8: \u003cACPI PCI bus\u003e on pcib8\nuhci0: \u003cIntel 631XESB/632XESB/3100 USB controller USB-1\u003e port 0x4080-0x409f irq 23 at device 29.0 on pci0\nuhci0: LegSup = 0x3f00\nusbus0 on uhci0\nuhci1: \u003cIntel 631XESB/632XESB/3100 USB controller USB-2\u003e port 0x4060-0x407f irq 22 at device 29.1 on pci0\nuhci1: LegSup = 0x2f00\nusbus1 on uhci1\nuhci2: \u003cIntel 631XESB/632XESB/3100 USB controller USB-3\u003e port 0x4040-0x405f irq 23 at device 29.2 on pci0\nuhci2: LegSup = 0x2f00\nusbus2 on uhci2\nuhci3: \u003cIntel 631XESB/632XESB/3100 USB controller USB-4\u003e port 0x4020-0x403f irq 22 at device 29.3 on pci0\nuhci3: LegSup = 0x2f00\nusbus3 on uhci3\nehci0: \u003cIntel 63XXESB USB 2.0 controller\u003e mem 0xb8d00400-0xb8d007ff irq 23 at device 29.7 on pci0\nusbus4: EHCI version 1.0\nusbus4 on ehci0\npcib9: \u003cACPI PCI-PCI bridge\u003e at device 30.0 on pci0\npci9: \u003cACPI PCI bus\u003e on pcib9\nvgapci0: \u003cVGA-compatible display\u003e port 0x1000-0x10ff mem 0xb0000000-0xb7ffffff,0xb8c00000-0xb8c0ffff irq 17 at device 12.0 on pci9\nisab0: \u003cPCI-ISA bridge\u003e at device 31.0 on pci0\nisa0: \u003cISA bus\u003e on isab0\natapci0: \u003cIntel 63XXESB2 UDMA100 controller\u003e port 0x1f0-0x1f7,0x3f6,0x170-0x177,0x376,0x40b0-0x40bf irq 20 at device 31.1 on pci0\nata0: \u003cATA channel\u003e at channel 0 on atapci0\natapci1: \u003cIntel 63XXESB2 SATA300 controller\u003e p"
}