{
 "id": 441530,
 "bug_id": 122887,
 "attachment_id": 0,
 "creation_time": "2008-04-18T13:50:01Z",
 "creator": "jumper99@gmx.de",
 "text": "A IBM BladeCenter is capable of running multimle blades. Each Blade has a button to relocate console and cdrom.\n\nWith 7.0-RELEASE switching console from one blade to another FreeBSD panics immediately. Screenshot is available here:\n\nhttp://www.charlieroot.de/images/70_HS20_panic.jpg\n\n[root@proxy ~]# dmesg -a\nCopyright (c) 1992-2008 The FreeBSD Project.\nCopyright (c) 1979, 1980, 1983, 1986, 1988, 1989, 1991, 1992, 1993, 1994\n        The Regents of the University of California. All rights reserved.\nFreeBSD is a registered trademark of The FreeBSD Foundation.\nFreeBSD 7.0-RELEASE-p1 #0: Thu Apr 17 10:47:57 CEST 2008\n    root@BSDHelmut:/usr/obj/usr/src/sys/GENERIC-WITH-QUOTA\nTimecounter \"i8254\" frequency 1193182 Hz quality 0\nCPU: Intel(R) Xeon(TM) CPU 3.20GHz (3200.13-MHz 686-class CPU)\n  Origin = \"GenuineIntel\"  Id = 0xf4a  Stepping = 10\n  Features=0xbfebfbff\u003cFPU,VME,DE,PSE,TSC,MSR,PAE,MCE,CX8,APIC,SEP,MTRR,PGE,MCA,CMOV,PAT,PSE36,CLFLUSH,DTS,ACPI,MMX,FXSR,SSE,SSE2,SS,HTT,TM,PBE\u003e\n  Features2=0x641d\u003cSSE3,RSVD2,MON,DS_CPL,CNXT-ID,CX16,xTPR\u003e\n  AMD Features=0x20000000\u003cLM\u003e\n  AMD Features2=0x1\u003cLAHF\u003e\n  Logical CPUs per core: 2\nreal memory  = 2147155968 (2047 MB)\navail memory = 2091606016 (1994 MB)\nACPI APIC Table: \u003cIBM    SERBLADE\u003e\nFreeBSD/SMP: Multiprocessor System Detected: 4 CPUs\n cpu0 (BSP): APIC ID:  0\n cpu1 (AP): APIC ID:  1\n cpu2 (AP): APIC ID:  6\n cpu3 (AP): APIC ID:  7\nioapic3 \u003cVersion 2.0\u003e irqs 72-95 on motherboard\nioapic2 \u003cVersion 2.0\u003e irqs 48-71 on motherboard\nioapic1 \u003cVersion 2.0\u003e irqs 24-47 on motherboard\nioapic0 \u003cVersion 2.0\u003e irqs 0-23 on motherboard\nkbd1 at kbdmux0\nath_hal: 0.9.20.3 (AR5210, AR5211, AR5212, RF5111, RF5112, RF2413, RF5413)\nhptrr: HPT RocketRAID controller driver v1.1 (Apr 17 2008 10:47:26)\nacpi0: \u003cIBM SERBLADE\u003e on motherboard\nacpi0: [ITHREAD]\nacpi0: Power Button (fixed)\nTimecounter \"ACPI-fast\" frequency 3579545 Hz quality 1000\nacpi_timer0: \u003c24-bit timer at 3.579545MHz\u003e port 0x588-0x58b on acpi0\ncpu0: \u003cACPI CPU\u003e on acpi0\np4tcc0: \u003cCPU Frequency Thermal Control\u003e on cpu0\ncpu1: \u003cACPI CPU\u003e on acpi0\np4tcc1: \u003cCPU Frequency Thermal Control\u003e on cpu1\ncpu2: \u003cACPI CPU\u003e on acpi0\np4tcc2: \u003cCPU Frequency Thermal Control\u003e on cpu2\ncpu3: \u003cACPI CPU\u003e on acpi0\np4tcc3: \u003cCPU Frequency Thermal Control\u003e on cpu3\npcib0: \u003cACPI Host-PCI bridge\u003e on acpi0\npci0: \u003cACPI PCI bus\u003e on pcib0\npci0: \u003cunknown\u003e at device 0.1 (no driver attached)\npcib1: \u003cACPI PCI-PCI bridge\u003e at device 3.0 on pci0\npci4: \u003cACPI PCI bus\u003e on pcib1\npcib2: \u003cACPI PCI-PCI bridge\u003e at device 0.0 on pci4\npci6: \u003cACPI PCI bus\u003e on pcib2\npcib3: \u003cACPI PCI-PCI bridge\u003e at device 0.2 on pci4\npci5: \u003cACPI PCI bus\u003e on pcib3\nbge0: \u003cBroadcom NetXtreme Gigabit Ethernet Controller, ASIC rev. 0x2100\u003e mem 0xdcff0000-0xdcffffff irq 77 at device 1.0 on pci5\nbge0: Ethernet address: 00:14:5e:bd:7a:60\nbge0: [ITHREAD]\nbge1: \u003cBroadcom NetXtreme Gigabit Ethernet Controller, ASIC rev. 0x2100\u003e mem 0xdcfe0000-0xdcfeffff irq 78 at device 1.1 on pci5\nbge1: Ethernet address: 00:14:5e:bd:7a:61\nbge1: [ITHREAD]\npci0: \u003cbase peripheral\u003e at device 8.0 (no driver attached)\npcib4: \u003cACPI PCI-PCI bridge\u003e at device 28.0 on pci0\npci2: \u003cACPI PCI bus\u003e on pcib4\nmpt0: \u003cLSILogic 1030 Ultra4 Adapter\u003e port 0x4000-0x40ff mem 0xdeff0000-0xdeffffff,0xdefe0000-0xdefeffff irq 24 at device 1.0 on pci2\nmpt0: [ITHREAD]\nmpt0: MPI Version=1.2.15.0\nmpt0: Capabilities: ( RAID-1E RAID-1 SAFTE )\nmpt0: 1 Active Volume (1 Max)\nmpt0: 2 Hidden Drive Members (6 Max)\nuhci0: \u003cUHCI (generic) USB controller\u003e port 0x2200-0x221f irq 16 at device 29.0 on pci0\nuhci0: [GIANT-LOCKED]\nuhci0: [ITHREAD]\nusb0: \u003cUHCI (generic) USB controller\u003e on uhci0\nusb0: USB revision 1.0\nuhub0: \u003cIntel UHCI root hub, class 9/0, rev 1.00/1.00, addr 1\u003e on usb0\nuhub0: 2 ports with 2 removable, self powered\nuhci1: \u003cUHCI (generic) USB controller\u003e port 0x2600-0x261f irq 19 at device 29.1 on pci0\nuhci1: [GIANT-LOCKED]\nuhci1: [ITHREAD]\nusb1: \u003cUHCI (generic) USB controller\u003e on uhci1\nusb1: USB revision 1.0\nuhub1: \u003cIntel UHCI root hub, class 9/0, rev 1.00/1.00, addr 1\u003e on usb1\nuhub1: 2 ports with 2 removable, self powered\npci0: \u003cbase peripheral\u003e at device 29.4 (no driver attached)\npcib5: \u003cACPI PCI-PCI bridge\u003e at device 30.0 on pci0\npci1: \u003cACPI PCI bus\u003e on pcib5\nvgapci0: \u003cVGA-compatible display\u003e port 0x3000-0x30ff mem 0xf0000000-0xf7ffffff,0xf8000000-0xf800ffff irq 20 at device 1.0 on pci1\nisab0: \u003cPCI-ISA bridge\u003e at device 31.0 on pci0\nisa0: \u003cISA bus\u003e on isab0\natapci0: \u003cIntel 6300ESB UDMA100 controller\u003e port 0x1f0-0x1f7,0x3f6,0x170-0x177,0x376 at device 31.1 on pci0\nata0: \u003cATA channel 0\u003e on atapci0\nata0: [ITHREAD]\nata1: \u003cATA channel 1\u003e on atapci0\nata1: [ITHREAD]\npci0: \u003cserial bus, SMBus\u003e at device 31.3 (no driver attached)\nsio0: \u003c16550A-compatible COM port\u003e port 0x3f8-0x3ff irq 4 flags 0x10 on acpi0\nsio0: type 16550A\nsio0: [FILTER]\npmtimer0 on isa0\norm0: \u003cISA Option ROM\u003e at iomem 0xc0000-0xc8fff pnpid ORM0000 on isa0\natkbdc0: \u003cKeyboard controller (i8042)\u003e at port 0x60,0x64 on isa0\natkbd0: \u003cAT Keyboard\u003e irq 1 on atkbdc0\nkbd0 at atkbd0\natkbd0: [GIANT-LOCKED]\natkbd0: [ITHREAD]\npsm0: unable to set the command byte.\nppc0: parallel port not found.\nsc0: \u003cSystem console\u003e at flags 0x100 on isa0\nsc0: VGA \u003c16 virtual consoles, flags=0x300\u003e\nsio1: configured irq 3 not in bitmap of probed irqs 0\nsio1: port may not be enabled\nvga0: \u003cGeneric ISA VGA\u003e at port 0x3c0-0x3df iomem 0xa0000-0xbffff on isa0\nuhub2: \u003cCypress Semiconductor 4 Port Hub, class 9/0, rev 1.10/0.01, addr 2\u003e on uhub1\nuhub2: 4 ports with 4 removable, bus powered\nukbd0: \u003cIBM PPC I/F, class 0/0, rev 1.10/0.01, addr 3\u003e on uhub2\nkbd0 at ukbd0\nuhid0: \u003cIBM PPC I/F, class 0/0, rev 1.10/0.01, addr 3\u003e on uhub2\nukbd1: \u003cIBM HIDK/M, class 0/0, rev 1.10/0.01, addr 4\u003e on uhub2\nkbd2 at ukbd1\nums0: \u003cIBM HIDK/M, class 0/0, rev 1.10/0.01, addr 4\u003e on uhub2\nums0: 3 buttons and Z dir.\nTimecounters tick every 1.000 msec\nhptrr: no controller detected.\nWaiting 5 seconds for SCSI devices to settle\nmpt0:vol0(mpt0:0:0): Settings ( Hot-Plug-Spares )\nmpt0:vol0(mpt0:0:0): Using Spare Pool: 0\nmpt0:vol0(mpt0:0:0): 2 Members:\n      (mpt0:1:0:0): Primary Online\n      (mpt0:1:1:0): Secondary Online\nmpt0:vol0(mpt0:0:0): RAID-1 - Optimal\nmpt0:vol0(mpt0:0:0): Status ( Enabled )\n(mpt0:vol0:0): Physical (mpt0:0:0:0), Pass-thru (mpt0:1:0:0)\n(mpt0:vol0:0): Online\n(mpt0:vol0:1): Physical (mpt0:0:1:0), Pass-thru (mpt0:1:1:0)\n(mpt0:vol0:1): Online\nda0 at mpt0 bus 0 target 0 lun 0\nda0: \u003cLSILOGIC 1030 IM       IM 1000\u003e Fixed Direct Access SCSI-2 device\nda0: 320.000MB/s transfers (160.000MHz, offset 63, 16bit)\nda0: Command Queueing Enabled\nda0: 69878MB (143110144 512 byte sectors: 255H 63S/T 8908C)\nSMP: AP CPU #2 Launched!\nSMP: AP CPU #1 Launched!\nSMP: AP CPU #3 Launched!\nTrying to mount root from ufs:/dev/da0s1a\nWARNING: / was not properly dismounted\nWARNING: R/W mount of / denied.  Filesystem is not clean - run fsck\nWARNING: R/W mount of / denied.  Filesystem is not clean - run fsck\nWARNING: /usr was not properly dismounted\nWARNING: R/W mount of / denied.  Filesystem is not clean - run fsck\nWARNING: R/W mount of / denied.  Filesystem is not clean - run fsck\nWARNING: / was not properly dismounted\nWARNING: /tmp was not properly dismounted\nWARNING: /var was not properly dismounted\nWARNING: /var/cvs was not properly dismounted\nWARNING: /var/log was not properly dismounted\nWARNING: /var/squid was not properly dismounted\n/var/squid: lost blocks 868 files 89\nWARNING: /var/vsftpd was not properly dismounted\nWARNING: /var/www was not properly dismounted\n[root@proxy ~]#\n\nHow-To-Repeat: Switch active console from one blade to another. 6.x-RELEASE was fine."
}