{
 "id": 417059,
 "bug_id": 117820,
 "attachment_id": 0,
 "creation_time": "2007-12-30T14:05:36Z",
 "creator": "lol@chistydom.ru",
 "text": "Hi\n\nThere's one more incorrect NULL pointer operation in rum_txeof():\n\n         ieee80211_free_node(data-\u003eni);\n         data-\u003eni = NULL;\n\nWhere \"data-\u003eni\" happens to be NULL, but ieee80211_free_node() expects \"ni\" to\nbe defined. I have kernel panic every 5-10 minutes using rum. Here's backtrace:\n\n===\n%kgdb /boot/kernel.old/kernel /var/crash/vmcore.4\n[GDB will not be able to debug user-mode threads: /usr/lib/libthread_db.so:\nUndefined symbol \"ps_pglobal_lookup\"]\nGNU gdb 6.1.1 [FreeBSD]\nCopyright 2004 Free Software Foundation, Inc.\nGDB is free software, covered by the GNU General Public License, and you are\nwelcome to change it and/or distribute copies of it under certain conditions.\nType \"show copying\" to see the conditions.\nThere is absolutely no warranty for GDB.  Type \"show warranty\" for details.\nThis GDB was configured as \"i386-marcel-freebsd\".\n\nUnread portion of the kernel message buffer:\n\n\nFatal trap 12: page fault while in kernel mode\ncpuid = 1; apic id = 01\nfault virtual address   = 0x4\nfault code              = supervisor read, page not present\ninstruction pointer     = 0x20:0xc0810e02\nstack pointer           = 0x28:0xe42fabb8\nframe pointer           = 0x28:0xe42fabdc\ncode segment            = base 0x0, limit 0xfffff, type 0x1b\n                         = DPL 0, pres 1, def32 1, gran 1\nprocessor eflags        = interrupt enabled, resume, IOPL = 0\ncurrent process         = 23 (irq23: uhci0 ehci0)\ntrap number             = 12\npanic: page fault\ncpuid = 1\nUptime: 4m5s\nPhysical memory: 1002 MB\nDumping 102 MB: 87 71 55 39 23 7\n\n#0  doadump () at pcpu.h:195\n195     pcpu.h: No such file or directory.\n         in pcpu.h\n(kgdb) bt\n#0  doadump () at pcpu.h:195\n#1  0xc0753f07 in boot (howto=260) at /usr/src/sys/kern/kern_shutdown.c:409\n#2  0xc07541c9 in panic (fmt=Variable \"fmt\" is not available.\n) at /usr/src/sys/kern/kern_shutdown.c:563\n#3  0xc0a6737c in trap_fatal (frame=0xe42fab78, eva=4) at\n/usr/src/sys/i386/i386/trap.c:899\n#4  0xc0a67600 in trap_pfault (frame=0xe42fab78, usermode=0, eva=4) at\n/usr/src/sys/i386/i386/trap.c:812\n#5  0xc0a67fac in trap (frame=0xe42fab78) at /usr/src/sys/i386/i386/trap.c:490\n#6  0xc0a4df4b in calltrap () at /usr/src/sys/i386/i386/exception.s:139\n#7  0xc0810e02 in ieee80211_free_node (ni=0x0) at\n/usr/src/sys/net80211/ieee80211_node.c:1289\n#8  0xc06b9e7d in rum_txeof (xfer=0xc46f3600, priv=0xc4074498,\nstatus=USBD_NORMAL_COMPLETION) at /usr/src/sys/dev/usb/if_rum.c:861\n#9  0xc06d3605 in usb_transfer_complete (xfer=0xc46f3600) at\n/usr/src/sys/dev/usb/usbdi.c:977\n#10 0xc06a61e1 in ehci_softintr (v=0xc3fdf800) at /usr/src/sys/dev/usb/ehci.c:884\n#11 0xc06cf1b2 in usb_schedsoftintr (bus=0xc3fdf800) at\n/usr/src/sys/dev/usb/usb.c:844\n#12 0xc06a79be in ehci_intr1 (sc=0xc3fdf800) at /usr/src/sys/dev/usb/ehci.c:603\n#13 0xc06a83f5 in ehci_intr (v=0xc3fdf800) at /usr/src/sys/dev/usb/ehci.c:562\n#14 0xc073729b in ithread_loop (arg=0xc4032b60) at\n/usr/src/sys/kern/kern_intr.c:1036\n#15 0xc07341d9 in fork_exit (callout=0xc07370f0 \u003cithread_loop\u003e, arg=0xc4032b60,\nframe=0xe42fad38) at /usr/src/sys/kern/kern_fork.c:754\n#16 0xc0a4dfc0 in fork_trampoline () at /usr/src/sys/i386/i386/exception.s:205\n(kgdb) up 7\n#7  0xc0810e02 in ieee80211_free_node (ni=0x0) at\n/usr/src/sys/net80211/ieee80211_node.c:1289\n1289    {\n(kgdb) list\n1284    #ifdef IEEE80211_DEBUG_REFCNT\n1285    ieee80211_free_node_debug(struct ieee80211_node *ni, const char *func,\nint line)\n1286    #else\n1287    ieee80211_free_node(struct ieee80211_node *ni)\n1288    #endif\n1289    {\n1290            struct ieee80211_node_table *nt = ni-\u003eni_table;\n1291\n1292    #ifdef IEEE80211_DEBUG_REFCNT\n1293            IEEE80211_DPRINTF(ni-\u003eni_ic, IEEE80211_MSG_NODE,\n(kgdb) print ni\n$1 = (struct ieee80211_node *) 0x0\n(kgdb) up\n#8  0xc06b9e7d in rum_txeof (xfer=0xc46f3600, priv=0xc4074498,\nstatus=USBD_NORMAL_COMPLETION) at /usr/src/sys/dev/usb/if_rum.c:861\nwarning: Source file is more recent than executable.\n\n861             data-\u003em = NULL;\n(kgdb) list\n856                     ifp-\u003eif_oerrors++;\n857                     return;\n858             }\n859\n860             m_freem(data-\u003em);\n861             data-\u003em = NULL;\n862             ieee80211_free_node(data-\u003eni);\n863             data-\u003eni = NULL;\n864\n865             sc-\u003etx_queued--;\n(kgdb) print data-\u003eni\n$2 = (struct ieee80211_node *) 0x0\n(kgdb) quit\n%exit\n===\n\nAs a workaround I've added simple check to rum_txeof:\n\n===\n--- ./if_rum.c.orig     2007-09-17 23:07:24.000000000 +0400\n+++ ./if_rum.c  2007-12-30 13:59:34.000000000 +0300\n@@ -859,8 +858,10 @@\n\n         m_freem(data-\u003em);\n         data-\u003em = NULL;\n-       ieee80211_free_node(data-\u003eni);\n-       data-\u003eni = NULL;\n+       if (data-\u003eni != NULL) {\n+               ieee80211_free_node(data-\u003eni);\n+               data-\u003eni = NULL;\n+       }\n\n         sc-\u003etx_queued--;\n         ifp-\u003eif_opackets++;\n===\n\nAfter applying this if_rum works much better. There's no more panics and I can\neven download FreeBSD CD ISO image.\n\nI believe this workaround would as well help to fix usb/92083, because backtrace\nand ural_txeof() driver are very similar to if_rum.\n\nThere's still some questions left:\n1) Is it really expected data-\u003eni to be NULL in rum_txeof? If so, should we also\nproduce workarounds for if_ural and if_zad as the code there is very similar?\n\n2) A have transmit errors in /var/log/messages:\n\nDec 30 16:23:02 buka kernel: rum0: could not transmit buffer: SHORT_XFER\nDec 30 16:23:10 buka last message repeated 19 times\nDec 30 16:24:53 buka last message repeated 15 times\n\n%netstat -I rum0\nName    Mtu Network       Address              Ipkts Ierrs    Opkts Oerrs  Coll\nrum0   1500 \u003cLink#1\u003e      00:10:60:a1:7e:bd   791158     0 33592175  6031     0\nrum0   1500 192.168.102.0 192.168.102.102     791132     -   471156     -     -\n%\n\nCould this errors be related to the panic?\n\nWith best regards,\nAlexey Popov\n\n%uname -a; cat /var/run/dmesg.boot ; ifconfig rum0\nFreeBSD buka 7.0-PRERELEASE FreeBSD 7.0-PRERELEASE #2: Sun Dec 30 14:06:00 MSK\n2007     root@buka:/usr/obj/usr/src/sys/GENERIC  i386\nCopyright (c) 1992-2008 The FreeBSD Project.\nCopyright (c) 1979, 1980, 1983, 1986, 1988, 1989, 1991, 1992, 1993, 1994\n         The Regents of the University of California. All rights reserved.\nFreeBSD is a registered trademark of The FreeBSD Foundation.\nFreeBSD 7.0-PRERELEASE #2: Sun Dec 30 14:06:00 MSK 2007\n     root@buka:/usr/obj/usr/src/sys/GENERIC\nTimecounter \"i8254\" frequency 1193182 Hz quality 0\nCPU: Intel(R) Core(TM) Duo CPU      T2450  @ 2.00GHz (2000.09-MHz 686-class CPU)\n   Origin = \"GenuineIntel\"  Id = 0x6ec  Stepping = 12\n\nFeatures=0xbfe9fbff\u003cFPU,VME,DE,PSE,TSC,MSR,PAE,MCE,CX8,APIC,SEP,MTRR,PGE,MCA,CMOV,PAT,CLFLUSH,DTS,ACPI,MMX,FXSR,SSE,SSE2,SS,HTT,TM,PBE\u003e\n   Features2=0xc189\u003cSSE3,MON,EST,TM2,xTPR,PDCM\u003e\n   AMD Features=0x100000\u003cNX\u003e\n   Cores per package: 2\nreal memory  = 1063845888 (1014 MB)\navail memory = 1027436544 (979 MB)\nACPI APIC Table: \u003cINTEL  CALISTGA\u003e\nFreeBSD/SMP: Multiprocessor System Detected: 2 CPUs\n  cpu0 (BSP): APIC ID:  0\n  cpu1 (AP): APIC ID:  1\nioapic0: Changing APIC ID to 1\nioapic0 \u003cVersion 2.0\u003e irqs 0-23 on motherboard\nkbd1 at kbdmux0\nath_hal: 0.9.20.3 (AR5210, AR5211, AR5212, RF5111, RF5112, RF2413, RF5413)\nhptrr: HPT RocketRAID controller driver v1.1 (Dec 30 2007 14:04:44)\nacpi0: \u003cSTD STANDARD\u003e on motherboard\nacpi0: [ITHREAD]\nacpi0: Power Button (fixed)\nTimecounter \"HPET\" frequency 14318180 Hz quality 900\nTimecounter \"ACPI-fast\" frequency 3579545 Hz quality 1000\nacpi_timer0: \u003c24-bit timer at 3.579545MHz\u003e port 0x1008-0x100b on acpi0\nacpi_ec0: \u003cEmbedded Controller: GPE 0x19\u003e port 0x62,0x66 on acpi0\ncpu0: \u003cACPI CPU\u003e on acpi0\nest0: \u003cEnhanced SpeedStep Frequency Control\u003e on cpu0\np4tcc0: \u003cCPU Frequency Thermal Control\u003e on cpu0\ncpu1: \u003cACPI CPU\u003e on acpi0\nest1: \u003cEnhanced SpeedStep Frequency Control\u003e on cpu1\np4tcc1: \u003cCPU Frequency Thermal Control\u003e on cpu1\nacpi_lid0: \u003cControl Method Lid Switch\u003e on acpi0\nacpi_button0: \u003cPower Button\u003e on acpi0\nacpi_button1: \u003cSleep Button\u003e on acpi0\nacpi_acad0: \u003cAC Adapter\u003e on acpi0\nbattery0: \u003cACPI Control Method Battery\u003e on acpi0\npcib0: \u003cACPI Host-PCI bridge\u003e port 0xcf8-0xcff on acpi0\npci0: \u003cACPI PCI bus\u003e on pcib0\nvgapci0: \u003cVGA-compatible display\u003e port 0x1800-0x1807 mem\n0xb0080000-0xb00fffff,0xc0000000-0xcfffffff,0xb0040000-0xb007ffff irq 16 at\ndevice 2.0 on pci0\nagp0: \u003cIntel 82945GM (945GM GMCH) SVGA controller\u003e on vgapci0\nagp0: detected 7932k stolen memory\nagp0: aperture size is 256M\nvgapci1: \u003cVGA-compatible display\u003e mem 0xb0100000-0xb017ffff at device 2.1 on pci0\npci0: \u003cmultimedia\u003e at device 27.0 (no driver attached)\npcib1: \u003cACPI PCI-PCI bridge\u003e at device 28.0 on pci0\npci2: \u003cACPI PCI bus\u003e on pcib1\npcib2: \u003cACPI PCI-PCI bridge\u003e at device 28.1 on pci0\npci4: \u003cACPI PCI bus\u003e on pcib2\npcib3: \u003cACPI PCI-PCI bridge\u003e at device 28.2 on pci0\npci5: \u003cACPI PCI bus\u003e on pcib3\nuhci0: \u003cUHCI (generic) USB controller\u003e port 0x1820-0x183f irq 23 at device 29.0\non pci0\nuhci0: [GIANT-LOCKED]\nuhci0: [ITHREAD]\nusb0: \u003cUHCI (generic) USB controller\u003e on uhci0\nusb0: USB revision 1.0\nuhub0: \u003cIntel UHCI root hub, class 9/0, rev 1.00/1.00, addr 1\u003e on usb0\nuhub0: 2 ports with 2 removable, self powered\nuhci1: \u003cUHCI (generic) USB controller\u003e port 0x1840-0x185f irq 19 at device 29.1\non pci0\nuhci1: [GIANT-LOCKED]\nuhci1: [ITHREAD]\nusb1: \u003cUHCI (generic) USB controller\u003e on uhci1\nusb1: USB revision 1.0\nuhub1: \u003cIntel UHCI root hub, class 9/0, rev 1.00/1.00, addr 1\u003e on usb1\nuhub1: 2 ports with 2 removable, self powered\nuhci2: \u003cUHCI (generic) USB controller\u003e port 0x1860-0x187f irq 18 at device 29.2\non pci0\nuhci2: [GIANT-LOCKED]\nuhci2: [ITHREAD]\nusb2: \u003cUHCI (generic) USB controller\u003e on uhci2\nusb2: USB revision 1.0\nuhub2: \u003cIntel UHCI root hub, class 9/0, rev 1.00/1.00, addr 1\u003e on usb2\nuhub2: 2 ports with 2 removable, self powered\nuhci3: \u003cUHCI (generic) USB controller\u003e port 0x1880-0x189f irq 16 at device 29.3\non pci0\nuhci3: [GIANT-LOCKED]\nuhci3: [ITHREAD]\nusb3: \u003cUHCI (generic) USB controller\u003e on uhci3\nusb3: USB revision 1.0\nuhub3: \u003cIntel UHCI root hub, class 9/0, rev 1.00/1.00, addr 1\u003e on usb3\nuhub3: 2 ports with 2 removable, self powered\nehci0: \u003cIntel 82801GB/R (ICH7) USB 2.0 controller\u003e mem 0xf0004000-0xf00043ff irq\n23 at device 29.7 on pci0\nehci0: [GIANT-LOCKED]\nehci0: [ITHREAD]\nusb4: EHCI version 1.0\nusb4: companion controllers, 2 ports each: usb0 usb1 usb2 usb3\nusb4: \u003cIntel 82801GB/R (ICH7) USB 2.0 controller\u003e on ehci0\nusb4: USB revision 2.0\nuhub4: \u003cIntel EHCI root hub, class 9/0, rev 2.00/1.00, addr 1\u003e on usb4\nuhub4: 8 ports with 8 removable, self powered\nrum0: \u003cRalink 802.11 bg WLAN, class 0/0, rev 2.00/0.01, addr 2\u003e on uhub4\nrum0: MAC/BBP RT2573 (rev 0x2573a), RF RT2528\nrum0: Ethernet address: 00:10:60:a1:7e:bd\nrum0: if_start running deferred for Giant\npcib4: \u003cACPI PCI-PCI bridge\u003e at device 30.0 on pci0\npci6: \u003cACPI PCI bus\u003e on pcib4\nfwohci0: \u003c1394 Open Host Controller Interface\u003e mem 0xb0200000-0xb02007ff irq 18\nat device 4.0 on pci6\nfwohci0: [FILTER]\nfwohci0: OHCI version 1.10 (ROM=0)\nfwohci0: No. of Isochronous channels is 8.\nfwohci0: EUI64 00:03:0d:00:51:15:7b:6d\nfwohci0: Phy 1394a available S400, 2 ports.\nfwohci0: Link S400, max_rec 2048 bytes.\nfirewire0: \u003cIEEE1394(FireWire) bus\u003e on fwohci0\ndcons_crom0: \u003cdcons configuration ROM\u003e on firewire0\ndcons_crom0: bus_addr 0x148c000\nfwe0: \u003cEthernet over FireWire\u003e on firewire0\nif_fwe0: Fake Ethernet address: 02:03:0d:15:7b:6d\nfwe0: Ethernet address: 02:03:0d:15:7b:6d\nfwip0: \u003cIP over FireWire\u003e on firewire0\nfwip0: Firewire address: 00:03:0d:00:51:15:7b:6d @ 0xfffe00000000, S400, maxrec 2048\nsbp0: \u003cSBP-2/SCSI over FireWire\u003e on firewire0\nfwohci0: Initiate bus reset\nfwohci0: BUS reset\nfwohci0: node_id=0xc800ffc0, gen=1, CYCLEMASTER mode\npci6: \u003cbase peripheral\u003e at device 4.2 (no driver attached)\npci6: \u003cmass storage\u003e at device 4.3 (no driver attached)\nrl0: \u003cRealTek 8139 10/100BaseTX\u003e port 0x2000-0x20ff mem 0xb0200c00-0xb0200cff\nirq 16 at device 5.0 on pci6\nmiibus0: \u003cMII bus\u003e on rl0\nrlphy0: \u003cRealTek internal media interface\u003e PHY 0 on miibus0\nrlphy0:  10baseT, 10baseT-FDX, 100baseTX, 100baseTX-FDX, auto\nrl0: Ethernet address: 00:03:0d:6a:8f:79\nrl0: [ITHREAD]\nisab0: \u003cPCI-ISA bridge\u003e at device 31.0 on pci0\nisa0: \u003cISA bus\u003e on isab0\natapci0: \u003cIntel ICH7 UDMA100 controller\u003e port\n0x1f0-0x1f7,0x3f6,0x170-0x177,0x376,0x1810-0x181f at device 31.1 on pci0\nata0: \u003cATA channel 0\u003e on atapci0\nata0: [ITHREAD]\nata1: \u003cATA channel 1\u003e on atapci0\nata1: [ITHREAD]\natapci1: \u003cIntel ICH7M SATA300 controller\u003e port\n0x18d0-0x18d7,0x18c4-0x18c7,0x18c8-0x18cf,0x18c0-0x18c3,0x18b0-0x18bf mem\n0xf0004400-0xf00047ff irq 19 at device 31.2 on pci0\natapci1: [ITHREAD]\nata2: \u003cATA channel 0\u003e on atapci1\nata2: [ITHREAD]\nata3: \u003cATA channel 1\u003e on atapci1\nata3: [ITHREAD]\npci0: \u003cserial bus, SMBus\u003e at device 31.3 (no driver attached)\nacpi_tz0: \u003cThermal Zone\u003e on acpi0\natkbdc0: \u003cKeyboard controller (i8042)\u003e port 0x60,0x64 irq 1 on acpi0\natkbd0: \u003cAT Keyboard\u003e irq 1 on atkbdc0\nkbd0 at atkbd0\natkbd0: [GIANT-LOCKED]\natkbd0: [ITHREAD]\npsm0: \u003cPS/2 Mouse\u003e irq 12 on atkbdc0\npsm0: [GIANT-LOCKED]\npsm0: [ITHREAD]\npsm0: model Generic PS/2 mouse, device ID 0\npmtimer0 on isa0\norm0: \u003cISA Option ROMs\u003e at iomem 0xdc000-0xdffff,0xe4000-0xe57ff pnpid ORM0000\non isa0\nppc0: parallel port not found.\nsc0: \u003cSystem console\u003e at flags 0x100 on isa0\nsc0: VGA \u003c16 virtual consoles, flags=0x300\u003e\nsio0: configured irq 4 not in bitmap of probed irqs 0\nsio0: port may not be enabled\nsio0: configured irq 4 not in bitmap of probed irqs 0\nsio0: port may not be enabled\nsio0 at port 0x3f8-0x3ff irq 4 flags 0x10 on isa0\nsio0: type 8250 or not responding\nsio0: [FILTER]\nsio1: configured irq 3 not in bitmap of probed irqs 0\nsio1: port may not be enabled\nvga0: \u003cGeneric ISA VGA\u003e at port 0x3c0-0x3df iomem 0xa0000-0xbffff on isa0\nTimecounters tick every 1.000 msec\nhptrr: no controlfirewire0: 1 nodes, maxhop \u003c= 0, cable IRM = 0 (me)\nfirewire0: bus manager 0 (me)\nler detected.\nacd0: DVDR \u003cOptiarc DVD RW AD-7530B/NX03\u003e at ata0-master UDMA33\nad4: 114473MB \u003cFUJITSU MHW2120BH 00000012\u003e at ata2-master SATA150\nSMP: AP CPU #1 Launched!\nTrying to mount root from ufs:/dev/ad4s1a\nrum0: flags=8843\u003cUP,BROADCAST,RUNNING,SIMPLEX,MULTICAST\u003e metric 0 mtu 1500\n         ether 00:10:60:a1:7e:bd\n         inet 192.168.102.102 netmask 0xffffff00 broadcast 192.168.102.255\n         media: IEEE 802.11 Wireless Ethernet autoselect (OFDM/54Mbps)\n         status: associated\n         ssid durdom channel 2 (2417 Mhz 11g) bssid 00:1c:f0:3b:bd:c5\n         authmode WPA privacy ON deftxkey UNDEF TKIP 2:128-bit TKIP 3:128-bit\n         txpower 50 bmiss 7 scanvalid 60 bgscan bgscanintvl 300 bgscanidle 250\n         roam:rssi11g 7 roam:rate11g 5 protmode CTS roaming MANUAL\n%"
}