{
 "id": 758492,
 "bug_id": 188388,
 "attachment_id": 0,
 "creation_time": "2014-04-09T07:20:00Z",
 "creator": "Andrey.Belashov@center.rt.ru",
 "text": "The kernel regularly crashes with \"panic: double fault\" in syscall sys_sys_exit.\nSome information from core.txt.18 follows:\n\nlocalhost dumped core - see /var/crash/vmcore.18\n\nWed Apr  9 06:55:25 MSK 2014\n\nFreeBSD localhost 9.2-RELEASE-p3 FreeBSD 9.2-RELEASE-p3 #4 r260982: Mon Apr  7 14:58:17 MSK 2014     bel@localhost:/usr/obj/usr/src/sys/ENIGMA  i386\n\npanic: double fault\n\nGNU gdb 6.1.1 [FreeBSD]\nCopyright 2004 Free Software Foundation, Inc.\nGDB is free software, covered by the GNU General Public License, and you are\nwelcome to change it and/or distribute copies of it under certain conditions.\nType \"show copying\" to see the conditions.\nThere is absolutely no warranty for GDB.  Type \"show warranty\" for details.\nThis GDB was configured as \"i386-marcel-freebsd\"...\n\nUnread portion of the kernel message buffer:\n\nFatal double fault:\neip = 0xc0f65d4c\nesp = 0xf66b6000\nebp = 0xf66b6ba4\ncpuid = 1; apic id = 06\npanic: double fault\ncpuid = 1\nKDB: stack backtrace:\ndb_trace_self_wrapper(c1181b97,0,c1357708,c71e7400,0,...) at db_trace_self_wrapper+0x26/frame 0xc13576dc\nkdb_backtrace(c11c81a8,1,c11c8a47,c1357770,1,...) at kdb_backtrace+0x2a/frame 0xc1357738\npanic(c11c8a47,6,6,0,0,...) at panic+0x16f/frame 0xc1357764\ndblfault_handler() at dblfault_handler+0xa6/frame 0xc1357764\n--- trap 0x17, eip = 0xc0f65d4c, esp = 0xf66b6000, ebp = 0xf66b6ba4 ---\nXpage(f5eb7000,1,c83b6000,f66b6bd4,c0d967fb,...) at Xpage/frame 0xf66b6ba4\npmap_release(c83b60b0,1000,bfc00000,c989c2f0,0,...) at pmap_release+0x27d/frame 0xf66b6bd4\nvmspace_exit(c989c2f0,c9528000,1,0,3,...) at vmspace_exit+0xcb/frame 0xf66b6bf4\nexit1(c989c2f0,0,f66b6cfc,c0f7ca03,c989c2f0,...) at exit1+0x82a/frame 0xf66b6c38\nsys_sys_exit(c989c2f0,f66b6ccc,c87468d0,c1324f80,b,...) at sys_sys_exit+0x1d/frame 0xf66b6c48\nsyscall(f66b6d08) at syscall+0x443/frame 0xf66b6cfc\nXint0x80_syscall() at Xint0x80_syscall+0x21/frame 0xf66b6cfc\n--- syscall (1, FreeBSD ELF32, sys_sys_exit), eip = 0x282be8bf, esp = 0xbfbfcbec, ebp = 0xbfbfcbf8 ---\nUptime: 1d2h4m41s\nPhysical memory: 2027 MB\nDumping 233 MB: 218 202 186 170 154 138 122 106 90 74 58 42 26 10\n\nReading symbols from /boot/kernel/nullfs.ko...Reading symbols from /boot/kernel/nullfs.ko.symbols...done.\ndone.\nLoaded symbols for /boot/kernel/nullfs.ko\n#0  doadump (textdump=1) at pcpu.h:249\n249\tpcpu.h: No such file or directory.\n\tin pcpu.h\n(kgdb) #0  doadump (textdump=1) at pcpu.h:249\n#1  0xc0aebf85 in kern_reboot (howto=260)\n    at /usr/src/sys/kern/kern_shutdown.c:449\n#2  0xc0aec282 in panic (fmt=\u003cvalue optimized out\u003e)\n    at /usr/src/sys/kern/kern_shutdown.c:637\n#3  0xc0f7bde6 in dblfault_handler () at /usr/src/sys/i386/i386/trap.c:1077\n#4  0xc0f65d4c in Xprot () at /usr/src/sys/i386/i386/exception.s:133\n#5  0x00010006 in ?? ()\nPrevious frame inner to this frame (corrupt stack?)\n(kgdb) \n\n------------------------------------------------------------------------\nps -axl\n\n  UID   PID  PPID CPU PRI NI    VSZ     RSS MWCHAN   STAT TT        TIME COMMAND\n    0     0     0   0 -92  0      0       0 -        DLs  ??   352:41.30 [kerne\n    0     1     0   0  20  0   8036 2860048 wait     DLs  ??     0:03.32 [init]\n    0     2     0   0 -16  0      0       0 idle     DL   ??     0:00.00 [ciss_\n    0     3     0   0 -16  0      0       0 -        DL   ??     0:02.16 [fdc0]\n    0     4     0   0 -16  0      0       0 waiting_ DL   ??     0:00.00 [sctp_\n    0     5     0   0 -16  0      0       0 ccb_scan DL   ??     0:00.00 [xpt_t\n    0     6     0   0 -16  0      0       0 psleep   DL   ??     0:14.31 [paged\n    0     7     0   0 -16  0      0       0 psleep   DL   ??     0:00.80 [vmdae\n    0     8     0   0 155  0      0       0 pgzero   DL   ??     0:00.00 [pagez\n    0     9     0   0 -16  0      0       0 psleep   DL   ??     0:04.13 [bufda\n    0    10     0   0 -16  0      0       0 audit_wo DL   ??     0:00.00 [audit\n    0    11     0   0 155  0      0       0 -        RL   ??  1900:49.21 [idle]\n    0    12     0   0 -76  0      0       0 -        WL   ??    19:20.25 [intr]\n    0    13     0   0  -8  0      0       0 -        DL   ??     2:53.62 [geom]\n    0    14     0   0 -16  0      0       0 -        DL   ??     3:59.18 [yarro\n    0    15     0   0 -68  0      0       0 -        DL   ??     0:02.54 [usb]\n    0    16     0   0 -16  0      0       0 tzpoll   DL   ??     0:00.78 [acpi_\n    0    17     0   0 -16  0      0       0 cooling  DL   ??     0:00.11 [acpi_\n    0    18     0   0 -16  0      0       0 vlruwt   DL   ??     0:06.83 [vnlru\n    0    19     0   0  16  0      0       0 syncer   DL   ??     1:03.83 [synce\n    0    20     0   0 -16  0      0       0 sdflush  DL   ??     0:14.21 [softd\n    0  1623     1   0  20  0  12132 1789520 select   Ds   ??     0:00.04 [devd]\n    0  1917     1   0  20  0   9544 1787664 select   Ds   ??     1:41.06 [syslo\n    0  1920     1   0 -52  0   9540  553616 nanslp   Ds   ??     0:05.61 [watch\n   53  2067     1   0  20  0  44304 1985200 kqread   Ds   ??     1:01.14 [named\n  801  2255     1   0  52  0   9852 2865616 wait     D    ??     0:00.34 [sh]\n  801  2257     1   0  52  0   9852 1790448 wait     D    ??     0:00.36 [sh]\n    0  2367     1   0  20  0  14388 1288112 uwait    Ds   ??     0:00.13 [bacul\n    0  2613     1   0  26  0  13096 1284400 select   Ds   ??     0:00.00 [sshd]\n   25  2619     1   0  20  0  11480 2864688 pause    Ds   ??     0:00.04 [sendm\n    0  2623     1   0  20  0   9584 1986128 nanslp   Ds   ??     0:00.28 [cron]\n    0  2847     1   0  20  0   9544  546192 select   Ds   ??     0:18.89 [syslo\n   53  2853     1   0  20  0 142608  554544 kqread   Ds   ??    93:35.86 [named\n    0  2905     1   0  52  0  13096  542480 select   Ds   ??     0:00.00 [sshd]\n   25  2908     1   0  20  0  11480 2838096 pause    Ds   ??     0:00.04 [sendm\n    0  2912     1   0  20  0   9584 2836240 nanslp   Ds   ??     0:00.27 [cron]\n    0  3078     1   0  20  0   9544 1991696 select   Ds   ??     0:00.27 [syslo\n   88  3129     1   0  52  0   9852 2840880 wait     DWs  ??     0:00.00 [sh]\n    0  3144     1   0  52  0  13096 1791376 select   Ds   ??     0:00.00 [sshd]\n   25  3169     1   0  20  0  11480 1797872 pause    Ds   ??     0:00.04 [sendm\n    0  3182     1   0  20  0   9584 1993552 nanslp   Ds   ??     0:00.27 [cron]\n   88  3464  3129   0  20  0 460568 1998192 sbwait   D    ??    20:47.57 [mysql\n   58  3500 90598   0  25  0  57816 3474288 select   D    ??     6:01.61 [perl]\n   58  3501 90598   0  25  0  53720 3403504 select   D    ??     1:44.78 [perl]\n    0  3639     1   0  20  0   9544 2853552 select   Ds   ??     0:45.92 [syslo\n    0  3686     1   0  52  0  10816 2848304 kqread   Ds   ??     0:00.00 [nscd]\n    0  3697     1   0  20  0  41288 1995408 select   Ds   ??     8:30.76 [spama\n    0  3704     1   0  20  0  13228 1290896 lockf    Ds   ??     0:11.22 [sasla\n    0  3705  3704   0  20  0  13228 1798800 accept   D    ??     0:11.10 [sasla\n    0  3706  3704   0  20  0  13228 2862832 lockf    D    ??     0:10.76 [sasla\n    0  3708  3704   0  20  0  13228 2985552 lockf    D    ??     0:11.31 [sasla\n    0  3709  3704   0  20  0  13228  541552 lockf    D    ??     0:11.28 [sasla\n  785  3722     1   0  20  0 133016 2845520 select   Ds   ??     4:07.87 [perl5\n    0  3746     1   0  30  0  11072 2971024 kqread   Ds   ??     1:58.02 [dovec\n  143  3748  3746   0  20  0  11072 2970096 kqread   D    ??     0:28.98 [anvil\n    0  3749  3746   0  20  0  11072 2968240 kqread   D    ??     0:27.49 [log]\n    0  3752  3746   0  20  0  11072 2974736 kqread   D    ??     2:16.02 [confi\n  143  3755  3746   0  20  0  11276 1793232 kqread   D    ??     1:20.98 [auth]\n  106  3997     1   0  21  0 308044 2978448 uwait    Ds   ??    22:40.59 [clamd\n  106  4005     1   0  20  0  40252 1796944 select   Ds   ??     2:35.60 [clama\n  106  4009     1   0  52  0  22952 1285328 pause    Ds   ??     0:58.07 [fresh\n    0  4015     1   0  52  0  13096 1992624 select   Ds   ??     0:00.00 [sshd]\n    0  4018     1   0  20  0  14476 1987984 select   Ds   ??     1:15.53 [sendm\n   25  4021     1   0  20  0  11608 2975664 pause    Ds   ??     0:00.03 [sendm\n    0  4025     1   0  20  0   9584 1983344 nanslp   Ds   ??     0:00.32 [cron]\n    0  4200     1   0  20  0   9544 2837168 select   Ds   ??     0:00.27 [syslo\n    0  4256     1   0  30 10  67268 1990768 select   DNs  ??     0:12.63 [httpd\n    0  4263     1   0  52  0  13096 1286256 select   Ds   ??     0:00.00 [sshd]\n    0  4267     1   0  20  0   9584 2989264 nanslp   Ds   ??     0:00.27 [cron]\n    0  4435     1   0  20  0   9544  545264 select   Ds   ??     0:00.27 [syslo\n   80  4477  4256   0  30 10  79816  552688 sbwait   DN   ??     9:22.67 [httpd\n    0  4478     1   0  20  0  62960 2991120 select   Ds   ??     0:03.38 [httpd\n   80  4479  4256   0  31 10  75716 2997616 sbwait   DN   ??    10:08.72 [httpd\n   80  4480  4256   0  30 10  79688 2990192 sbwait   DN   ??     9:46.00 [httpd\n   80  4481  4256   0  30 10  79688 3017392 sbwait   DN   ??     9:52.88 [httpd\n   80  4482  4256   0  30 10  75588 2972880 sbwait   DN   ??     9:50.03 [httpd\n    0  4488     1   0  52  0  13096 3023888 select   Ds   ??     0:00.00 [sshd]\n    0  4492     1   0  20  0   9584 2973808 nanslp   Ds   ??     0:00.27 [cron]\n    0  4659     1   0  20  0   9544 2857264 select   Ds   ??     0:02.36 [syslo\n65534  4686     1   0  20  0   9720 2979376 select   Ds   ??     0:06.25 [proft\n    0  4706     1   0  52  0  13096 3019248 select   Ds   ??     0:00.00 [sshd]\n   81  4708  4478   0  20  0  67056 2855408 accept   D    ??     0:00.42 [httpd\n   81  4709  4478   0  52  0  62960 2995760 accept   DW   ??     0:00.00 [httpd\n   81  4710  4478   0  20  0  67056 2986480 accept   D    ??     0:00.33 [httpd\n   81  4711  4478   0  52  0  62960 1279760 accept   DW   ??     0:00.00 [httpd\n   81  4712  4478   0  52  0  62960 2852624 accept   DW   ??     0:00.00 [httpd\n   80  4714  4256   0  30 10  79684  548048 sbwait   DN   ??     9:57.19 [httpd\n   25  4715     1   0  20  0  11608  543408 pause    Ds   ??     0:00.03 [sendm\n    0  4719     1   0  20  0   9584 2992976 nanslp   Ds   ??     0:00.27 [cron]\n    0  4759     1   0  20  0  11256 3022960 select   Ds   ??     0:08.38 [ntpd]\n    0  4775     1   0  52  0   9608 2846448 select   Ds   ??     0:00.00 [inetd\n    0  4792     1   0  20  0  11272 3024816 select   Ds   ??     0:01.09 [bsnmp\n    0  4800     1   0  52  0   9544 1280688 ttyin    Ds+  ??     0:00.00 [getty\n    0  4801     1   0  52  0   9544  555472 ttyin    Ds+  ??     0:00.00 [getty\n    0  4802     1   0  52  0   9544 1283472 ttyin    Ds+  ??     0:00.00 [getty\n    0  4803     1   0  52  0   9544 3022032 ttyin    Ds+  ??     0:00.00 [getty\n    0  4804     1   0  52  0   9544 1281616 ttyin    Ds+  ??     0:00.00 [getty\n    0  4805     1   0  52  0   9544 1989840 ttyin    Ds+  ??     0:00.00 [getty\n    0  4806     1   0  52  0   9544 2987408 ttyin    Ds+  ??     0:00.00 [getty\n    0  4807     1   0  52  0   9544 2994832 ttyin    Ds+  ??     0:00.00 [getty\n    0  4808     1   0  52  0   9544 2839024 ttyin    Ds+  ??     0:00.00 [getty\n   80  4811  4256   0  33 10  79812 3018320 lockf    DN   ??     9:50.97 [httpd\n   80  4812  4256   0  30 10  75588 3020176 lockf    DN   ??     9:43.11 [httpd\n   80  4817  4256   0  30 10  75588 1792304 sbwait   DN   ??     9:22.27 [httpd\n   80  4828  4256   0  30 10  75588 3499952 select   DN   ??     9:23.41 [httpd\n   81  5824  4478   0  20  0  67056  691792 accept   D    ??     0:00.31 [httpd\n   81  6001  4478   0  20  0  67056 2847376 accept   D    ??     0:00.39 [httpd\n   81  6002  4478   0  20  0  67056 3410608 accept   D    ??     0:00.38 [httpd\n    0 13892  3746   0  20  0  12812 3413392 kqread   D    ??     0:00.05 [ssl-p\n   80 18975  4256   0  31 10  71364 1795088 sbwait   DN   ??     0:29.06 [httpd\n    0 21761  4018   0  20  0  14476 3486352 connec   D    ??     0:00.90 [sendm\n    0 26054  4018   0  20  0  14476   22832 connec   D    ??     0:00.57 [sendm\n32950 26548  4686   0  20  0  10020  548976 select   D    ??     0:00.04 [proft\n   80 26556  4256   0  30 10  67268 3503664 sbwait   DN   ??     0:15.71 [httpd\n   80 28226  4256   0  30 10  67268  734768 sbwait   DN   ??     0:10.25 [httpd\n   81 30151  4478   0  20  0  67056 2844592 accept   D    ??     0:00.26 [httpd\n    0 30188  4018   0  20  0  14476 2983696 connec   D    ??     0:00.35 [sendm\n  144 31778  3746   0  20  0  12968  133808 kqread   D    ??     0:00.02 [pop3-\n33471 31779  3746   0  20  0  11908 2988336 kqread   D    ??     0:00.01 [pop3]\n    0 32184  4018   0  20  0  14476 3479856 select   D    ??     0:00.02 [sendm\n    0 32185  4018   0  20  0  14476 3016464 select   D    ??     0:00.01 [sendm\n   80 32201  4256   0  30 10  67268  693648 sbwait   DN   ??     0:02.69 [httpd\n    0 32603  4018   0  20  0  14476  142160 select   D    ??     0:00.07 [sendm\n    0 32661  2623   0  21  0   9584  194096 piperd   D    ??     0:00.00 [cron]\n    0 32663 32661   0  32 10  10752 1293680 wait     DNs  ??     0:00.01 [bash]\n    0 32673 32663   0  52 10  10752  143088 wait     DN   ??     1:24.51 [bash]\n    0 32674 32663   0  30 10   9456 3418032 piperd   DN   ??     0:00.01 [mail]\n32950 35664  4686   0  20  0  10020 2252912 select   D    ??     0:00.02 [proft\n   80 39218  4256   0  31 10  75588 3026672 sbwait   DN   ??     2:36.96 [httpd\n32950 39627  4686   0  20  0  10020 2251056 select   D    ??     0:00.02 [proft\n32950 48195  4686   0  20  0  10020  549904 select   D    ??     0:00.02 [proft\n   80 48697  4256   0  30 10  75716  747440 sbwait   DN   ??     7:37.82 [httpd\n32950 49952  4686   0  20  0  10020 3422672 select   D    ??     0:00.02 [proft\n32950 51075  4686   0  20  0  10020  188528 select   D    ??     0:00.02 [proft\n32950 52088  4686   0  20  0  10020 3925936 select   D    ??     0:00.31 [proft\n32950 52421  4686   0  20  0  10020  701072 select   D    ??     0:00.02 [proft\n32950 53336  4686   0  20  0  10020 3494384 select   D    ??     0:00.02 [proft\n32950 54302  4686   0  20  0  10020 1941616 select   D    ??     0:00.02 [proft\n32950 54782  4686   0  20  0  10020 2191088 select   D    ??     0:00.02 [proft\n  801 61449  2257   0  52  0   1560  722704 nanslp   D    ??     0:00.00 [sleep\n 3596 63519  3746   0  20  0  11912  731056 kqread   D    ??     0:00.57 [pop3]\n  801 64836  2255   0  52  0   1560 2188304 nanslp   D    ??     0:00.00 [sleep\n   80 65467  4256   0  30 10  67268 3398864 sbwait   DN   ??     0:01.03 [httpd\n   80 65591  4256   0  31 10  67268 3484496 sbwait   DN   ??     0:01.00 [httpd\n    0 65800  4018   0  22  0  14476 3930576 select   D    ??     0:00.00 [sendm\n    0 68507  3746   0  20  0  11276  146800 kqread   D    ??     0:00.00 [auth]\n32950 69725  4686   0  20  0  10020 2245488 select   D    ??     0:00.00 [proft\n   80 73803  4256   0  30 10  67268  745584 sbwait   DN   ??     0:01.05 [httpd\n   80 73934  4256   0  30 10  67268 2981232 sbwait   DN   ??     0:00.00 [httpd\n   80 73935  4256   0  30 10  67268  219440 lockf    DN   ??     0:01.08 [httpd\n32950 74403  4686   0  20  0  10020   83728 select   D    ??     0:00.00 [proft\n 1576 75337  3746   0  20  0  11912   87440 kqread   D    ??     0:00.00 [pop3]\n  144 75559  3746   0  20  0  12968  550832 kqread   D    ??     0:00.00 [pop3-\n15884 75659  3746   0  20  0  11884  192240 kqread   D    ??     0:00.00 [pop3]\n32950 77833  4686   0  20  0  10020 2996688 select   D    ??     0:00.00 [proft\n 5319 80175  3746   0  20  0  11924 2109168 kqread   D    ??     0:00.37 [pop3]\n   80 81022  4256   0  30 10  67268 1935120 lockf    DN   ??     0:00.10 [httpd\n 7751 81954  3746   0  20  0  11908  675408 kqread   D    ??     0:00.55 [pop3]\n 3056 81956  3746   0  20  0  11912   21904 kqread   D    ??     0:00.55 [pop3]\n   80 82164  4256   0  30 10  71364 3481712 sbwait   DN   ??     0:00.13 [httpd\n   80 88857  4256   0  30 10  67268 3417104 lockf    DN   ??     0:00.00 [httpd\n    0 89227  4018   0  21  0  14476 1557536 select   D    ??     0:00.00 [sendm\n    0 89233 32673   0  98 10      0       0 -        RNE  ??     0:00.00 [bash]\n    0 89926  2613   0  20  0  15852  742800 select   Ds   ??     0:00.35 [sshd]\n 1005 89947 89926   0  21  0  15852 3487280 select   D    ??     0:03.74 [sshd]\n    0 89948 89947   0  20  0  10088 3392368 wait     DWs  ??     0:00.00 [su]\n    0 90018 89948   0  20  0  10752 2984624 ttyin    D+   ??     0:00.04 [bash]\n    0 90598     1   0  20  0  41432 1987056 select   Ds   ??     0:07.73 [perl]\n   80 93409  4256   0  30 10  75588  731984 sbwait   DN   ??     6:58.60 [httpd\n   81 99797  4478   0  20  0  67056   92080 accept   D    ??     0:00.30 [httpd\n\n------------------------------------------------------------------------\nvmstat -s\n\n2972408779 cpu context switches\n588568432 device interrupts\n111601679 software interrupts\n214804395 traps\n1606353512 system calls\n       20 kernel threads created\n   739539  fork() calls\n    48250 vfork() calls\n        0 rfork() calls\n      394 swap pager pageins\n      693 swap pager pages paged in\n     7724 swap pager pageouts\n    50113 swap pager pages paged out\n   143716 vnode pager pageins\n   967096 vnode pager pages paged in\n    10487 vnode pager pageouts\n    10902 vnode pager pages paged out\n      468 page daemon wakeups\n  7961594 pages examined by the page daemon\n   137087 pages reactivated\n 57584522 copy-on-write faults\n   136884 copy-on-write optimized faults\n 63122861 zero fill pages zeroed\n  2435180 zero fill pages prezeroed\n    14092 intransit blocking page faults\n150920209 total VM faults taken\n        0 pages affected by kernel thread creation\n695477044 pages affected by  fork()\n 46156572 pages affected by vfork()\n        0 pages affected by rfork()\n        0 pages cached\n155024194 pages freed\n        0 pages freed by daemon\n        0 pages freed by exiting processes\n   237349 pages active\n   188328 pages inactive\n    19767 pages in VM cache\n    61262 pages wired down\n     2876 pages free\n     4096 bytes per page\n221737715 total name lookups\n          cache hits (89% pos + 6% neg) system 0% per-directory\n          deletions 0%, falsehits 0%, toolong 0%\n\n------------------------------------------------------------------------\nvmstat -m\n\n         Type InUse MemUse HighUse Requests  Size(s)\n     acpiintr     1     1K       -        1  32\n       USBdev    20     2K       -       20  32,64,128\n       isadev     8     1K       -        8  64\n          USB    35    12K       -       35  16,32,64,2048\n       acpica  1219    60K       -    91218  16,32,64,128,256,512,1024\n         cdev     8     1K       -        8  128\n        sigio    15     1K       -    14205  32\n     filedesc   270   119K       -  1356836  16,32,64,128,256,512,1024,2048,4096\n      kdtrace   889   191K       -  1050931  64,256\n         kenv    83     7K       -       88  16,32,64,128,4096\n       kqueue    38    28K       -  1833885  128,256,1024,2048,4096\n      entropy  1024    64K       -     1024  64\n    proc-args   109     8K       -  2062457  16,32,64,128,256\n        hhook     2     1K       -        2  128\n      ithread   178    19K       -      178  16,64,128\n       prison    12    13K       -       12  16,2048\n    ciss_data    14    16K       -       16  16,128,256,512,1024,2048,4096\n       KTRACE   100    13K       -      100  128\n       kbdmux     6    18K       -        6  16,256,1024,2048\n       linker   174    34K       -      188  16,32,256,1024,4096\n        lockf   194    10K       - 54572695  32,64,128,256,512\n   loginclass     2     1K       -     3712  64\n       ip6ndp    16     2K       -       18  64,128\n       ip6opt     0     0K       -       76  256\n         temp    42   225K       -  7624434  16,32,64,128,256,512,1024,2048,4096\n       devbuf  2370  1601K       -    10026  16,32,64,128,256,512,1024,2048,4096\n          LED     4     1K       -        4  16,64\n       module   535    34K       -      535  64,128\n     mtx_pool     2     8K       -        2  4096\n     pmchooks     1     1K       -        1  64\n      subproc   787   835K       -   788429  256,4096\n         proc     2     8K       -        2  4096\n      session    62     4K       -    36007  64\n         pgrp    63     4K       -    36051  64\n         cred   684    65K       - 22924338  64,128\n      uidinfo    23     3K       -   241928  64,1024\n       plimit    35     9K       -   228376  256\n      ata_pci     1     1K       -        1  32\n     acpitask     1     2K       -        1  2048\n    sysctltmp     0     0K       -   528618  16,32,64,128\n    sysctloid  4097   128K       -     4180  16,32,64,128\n       sysctl     0     0K       -   204754  16,32,64\n      tidhash     1     8K       -        1  \n      callout     1   256K       -        1  \n         umtx  2060   194K       -     3070  64,128\n     p1003.1b     1     1K       -        1  16\n         SWAP     2   277K       -        2  64\n       bus-sc    72   246K       -     3465  16,64,128,256,512,1024,2048,4096\n          bus  1212    53K       -     5831  16,32,64,128,256,1024\n      devstat     8    17K       -        8  16,4096\n eventhandler    94     5K       -       94  32,64,128\n       feeder     7     1K       -        7  16\n         kobj   375   750K       -      552  2048\nCAM dev queue     4     1K       -        4  128\n      Per-cpu     1     1K       -        1  16\n      acpisem    19     3K       -       19  64,128\n       DEVFS1   103    26K       -      109  256\n       DEVFS3   952   119K       -      962  128\n         rman   220    13K       -      668  16,32,64\n       DEVFS2   103     4K       -      717  16,32\n         sbuf     0     0K       -     1532  16,32,64,128,256,512,1024,2048,4096\n   DEVFS_RULE    55    13K       -      107  32,256\n        DEVFS   112     3K       -      113  16,64\n        stack     0     0K       -        2  128\n    taskqueue    21     1K       -       21  16,64\n       Unitno    28     2K       -  1353611  16,64\n          iov     0     0K       - 70132091  16,64,128,256\n       select   892    56K       -     1368  64\n     ioctlops     0     0K       -  1612374  16,32,64,128,256,512,1024,2048,4096\n          msg     4    25K       -        4  1024,4096\n          sem     4   101K       -        4  1024,4096\n          shm     1    12K       -        1  \n          tty    20    10K       -       22  512,1024\n          pts     1     1K       -        1  128\n         accf     4     1K       -        4  16,32\n     mbuf_tag     0     0K       -       73  32\n        shmfd     1     4K       -        1  4096\n          pcb   117    80K       -  6481382  16,64,512,1024,2048,4096\n       soname    54     5K       - 45379046  16,32,128\n          acl     0     0K       -     1905  4096\n       biobuf     0     0K       -    69446  2048\n     vfscache     1   512K       -        1  \n   cl_savebuf     0     0K       -   302161  32,64\n     vfs_hash     1   256K       -        1  \n       vnodes     2     1K       -        2  128\n        mount   870    33K       -     1300  16,32,64,128,256,1024\n  vnodemarker     0     0K       -    69945  512\n          BPF    12     1K       -       12  64\n  ether_multi    86     4K       -      102  16,32,64\n       ifaddr   133    23K       -      133  16,32,64,128,256,512,2048\n        ifnet    13    13K       -       13  64,1024\n        clone     6    24K       -        8  16,128,4096\n       arpcom     6     1K       -        6  16\n      lltable    35     8K       -      117  128,256\n         vlan     7     1K       -        7  64\n     routetbl   110    12K       -     1093  16,32,64,128,256,512\n         igmp    12     2K       -       12  128\n     in_multi     2     1K       -        2  128\n    sctp_iter     0     0K       -       11  256\n     sctp_ifn     4     1K       -        4  128\n     sctp_ifa    13     2K       -       13  128\n     sctp_vrf     1     1K       -        1  64\n    sctp_a_it     0     0K       -       11  16\n    hostcache     1    16K       -        1  \n     syncache     1    72K       -        1  \n    in6_multi    45     6K       -       45  16,256\n          mld    12     2K       -       12  128\n     dummynet     3     2K       -        3  512\n  IpFw/IpAcct    89    39K       -      172  16,32,64,128,256,512\n     ipfw_tbl     3     1K       -        3  128\n      NFS FHA     1     1K       -        1  1024\n          rpc     2     1K       -        2  128\naudit_evclass   180     3K       -      219  16\n     savedino     0     0K       -    77317  256\n     freework    13     2K       -   712881  16,128\n    newdirblk     0     0K       -    69497  32\n       dirrem    17     2K       -   498753  64\n        mkdir     0     0K       -   138892  64\n       diradd     4     1K       -   499431  64\n     freefile    15     1K       -   412008  32\n     freeblks    10     2K       -   412023  128\n     freefrag     1     1K       -  1446595  64\n     indirdep     3     1K       -    36968  64\n       newblk    11    66K       -  4002716  128\n    bmsafemap     9     5K       -   525579  128,4096\n     inodedep    46   268K       -   619633  256\n      pagedep    13    66K       -   223428  128\n  ufs_dirhash   245   128K       -   260335  16,32,64,128,256,512,1024,2048,4096\n    ufs_quota     1   256K       -        1  \n    ufs_mount    19    58K       -       40  64,256,1024,2048,4096\n    vm_pgdata     2    65K       -        2  64\n      UMAHash     2     5K       -        7  256,512,1024,2048,4096\n    pfs_nodes    21     3K       -       21  128\n     atkbddev     2     1K       -        2  32\n         GEOM   128    30K       -      742  16,32,64,128,256,512,1024,2048\n     CAM path     9     1K       -      321  16\n      CAM CCB   351   702K       -      480  2048\n      scsi_cd     0     0K       -       10  16\n      CAM DEV     6    12K       -      204  2048\n      CAM XPT    31     2K       -      295  16,32,64,256,1024,2048\n      scsi_da     0     0K       -      144  16\n    CAM queue    18     5K       -     1217  16,32,64,128,256,2048\n      acpidev    28     1K       -       28  32\n      CAM SIM     6     1K       -        6  128\n      memdesc     1     4K       -        1  4096\n    raid_data     0     0K       -      114  16,128\n         UART     6     3K       -        6  16,256,1024\n     pci_link    16     2K       -       16  16,128\n       apmdev     1     1K       -        1  64\nmd_nvidia_data     0     0K       -       18  512\n   madt_table     0     0K       -        1  2048\n  md_sii_data     0     0K       -       18  512\n  ddb_capture     1    48K       -        1  \n      io_apic     5     5K       -        5  1024\n          MCA     4     1K       -        4  128\n     nexusdev     4     1K       -        4  16\n   CAM periph     8     1K       -      118  16,32,64,128\n  nullfs_node  1093    35K       -  1210711  32\n  nullfs_hash     1   256K       -        1  \n nullfs_mount    42     1K       -       42  16\n\n------------------------------------------------------------------------\nvmstat -z\n\nITEM                   SIZE  LIMIT     USED     FREE      REQ FAIL SLEEP\n\nUMA Kegs:               128,      0,      90,       0,      90,   0,   0\nUMA Zones:              176,      0,      90,      10,      90,   0,   0\nUMA Slabs:              284,      0,    1922,     192, 2174457,   0,   0\nUMA RCntSlabs:          544,      0,    2092,      78,  167402,   0,   0\nUMA Hash:               128,      0,       1,      29,       3,   0,   0\n16 Bucket:               76,      0,       7,      93,     107,   0,   0\n32 Bucket:              140,      0,      14,      70,     331,   0,   0\n64 Bucket:              268,      0,      15,      41,     986,  11,   0\n128 Bucket:             524,      0,     228,     206,   77727,42572,   0\nVM OBJECT:              148,      0,   45403,   32155,21646187,   0,   0\nMAP:                    140,      0,       8,      48,       8,   0,   0\nKMAP ENTRY:              72,  57505,     342,    4004,11245721,   0,   0\nMAP ENTRY:               72,      0,   11854,   12102,45842674,   0,   0\nfakepg:                  72,      0,       0,       0,       0,   0,   0\nmt_zone:               2060,      0,     332,      41,     332,   0,   0\n16:                      16,      0,    3980,    1095,114470938,   0,   0\n32:                      32,      0,    4053,    9846,17150155,   0,   0\n64:                      64,      0,    6877,    1324,65101050,   0,   0\n128:                    128,      0,    4876,    4604,22695902,   0,   0\n256:                    256,      0,    2228,     697, 2048181,   0,   0\n512:                    512,      0,     302,     546,  811439,   0,   0\n1024:                  1024,      0,      78,     394, 4543463,   0,   0\n2048:                  2048,      0,     778,     300,  165292,   0,   0\n4096:                  4096,      0,     226,     383, 1111461,   0,   0\nFiles:                   56,      0,    1106,    1038,24061924,   0,   0\nTURNSTILE:               72,      0,    1031,     289,    1536,   0,   0\nrl_entry:                28,      0,     574,     188,     574,   0,   0\numtx pi:                 52,      0,       0,       0,       0,   0,   0\nMAC labels:              20,      0,       0,       0,       0,   0,   0\nPROC:                   724,      0,     169,     446,  787809,   0,   0\nTHREAD:                 752,      0,     718,     312,  263120,   0,   0\nSLEEPQUEUE:              44,      0,    1031,     326,    1536,   0,   0\nVMSPACE:                232,      0,     150,     377,  787790,   0,   0\ncpuset:                  40,      0,      79,     197,      85,   0,   0\naudit_record:           824,      0,       0,       0,       0,   0,   0\nmbuf_packet:            256,      0,    1023,     622,879570562,   0,   0\nmbuf:                   256,      0,     904,     610,4009153898,   0,   0\nmbuf_cluster:          2048,  25600,    1411,     283,   90371,   0,   0\nmbuf_jumbo_page:       4096,  12800,     873,     372,550903050,   0,   0\nmbuf_jumbo_9k:         9216,  19200,       0,       0,       0,   0,   0\nmbuf_jumbo_16k:       16384,  12800,       0,       0,       0,   0,   0\nmbuf_ext_refcnt:          4,      0,       0,       0,       0,   0,   0\ng_bio:                  152,      0,       0,    1196,15474785,   0,   0\nttyinq:                 152,      0,     195,      65,     345,   0,   0\nttyoutq:                256,      0,     103,      17,     183,   0,   0\nata_request:            208,      0,       0,     342,   31324,   0,   0\nata_composite:          180,      0,       0,       0,       0,   0,   0\nvtnet_tx_hdr:            16,      0,       0,       0,       0,   0,   0\nVNODE:                  284,      0,   69296,   29796, 7299305,   0,   0\nVNODEPOLL:               60,      0,       0,       0,       0,   0,   0\nNAMEI:                 1024,      0,       0,     312,87350294,   0,   0\nS VFS Cache:             72,      0,   72304,   35339, 6384222,   0,   0\nSTS VFS Cache:           92,      0,       0,       0,       0,   0,   0\nL VFS Cache:            292,      0,     268,     564,  137957,   0,   0\nLTS VFS Cache:          312,      0,       0,       0,       0,   0,   0\nDIRHASH:               1024,      0,    1375,     249,  304918,   0,   0\nNCLNODE:                376,      0,       0,       0,       0,   0,   0\npipe:                   400,      0,      61,     319,  646606,   0,   0\nMountpoints:            676,      0,      56,      16,      56,   0,   0\nksiginfo:                80,      0,     603,     357,  124029,   0,   0\nitimer:                 220,      0,       1,      35,       3,   0,   0\nKNOTE:                   72,      0,     153,     642,96892315,   0,   0\nsocket:                 416,  25605,     329,    1174, 8563276,   0,   0\nunpcb:                  172,  25622,     109,     420, 1209676,   0,   0\nipq:                     32,    904,       0,     339,   38679,   0,   0\nudp_inpcb:              252,  25605,      29,     691, 6443554,   0,   0\nudpcb:                    8,  25781,      29,     783, 6443554,   0,   0\ntcp_inpcb:              252,  25605,     304,    1166,  909317,   0,   0\ntcpcb:                  688,  25600,     153,     602,  909317,   0,   0\ntcptw:                   52,   5184,     151,    1145,  441933,   0,   0\nsyncache:               120,  15360,       0,     192,  560088,   0,   0\nhostcache:               76,  15400,    1178,    1672,   29269,   0,   0\ntcpreass:                20,   1690,       0,     676,  179057,   0,   0\nsackhole:                20,      0,       0,     507,16070165,   0,   0\nsctp_ep:                936,  25600,       0,       0,       0,   0,   0\nsctp_asoc:             1504,  40000,       0,       0,       0,   0,   0\nsctp_laddr:              24,  80040,       0,     290,      12,   0,   0\nsctp_raddr:             496,  80000,       0,       0,       0,   0,   0\nsctp_chunk:              96, 400000,       0,       0,       0,   0,   0\nsctp_readq:              76, 400000,       0,       0,       0,   0,   0\nsctp_stream_msg_out:     68, 400008,       0,       0,       0,   0,   0\nsctp_asconf:             24, 400055,       0,       0,       0,   0,   0\nsctp_asconf_ack:         24, 400055,       0,       0,       0,   0,   0\nripcb:                  252,  25605,       0,      75,     717,   0,   0\nrtentry:                108,      0,      73,      71,      73,   0,   0\nIPFW dynamic rule:      108,  10008,       0,     216,     495,   0,   0\ndivcb:                  252,  25605,       0,       0,       0,   0,   0\nselfd:                   28,      0,    1407,     498,30981920,   0,   0\nSWAPMETA:               276, 131082,     231,     147,  714850,   0,   0\nFFS inode:              116,      0,   68144,   32704, 6087668,   0,   0\nFFS1 dinode:            128,      0,       0,       0,       0,   0,   0\nFFS2 dinode:            256,      0,   68144,   29926, 6087660,   0,   0\n\n\n------------------------------------------------------------------------\nvmstat -i\n\ninterrupt                          total       rate\nirq1: atkbd0                           8          0\nirq4: uart0                            8          0\nirq14: ata0                        93932       1806\nirq19: uhci1                     4395093      84521\nirq25: bge0                        10666        205\nirq51: ciss0                     3853869      74112\nirq78: em0                     580214856   11157978\ncpu0:timer                     105383166    2026599\ncpu1:timer                     105555870    2029920\nTotal                          799507468   15375143\n\n------------------------------------------------------------------------\npstat -T\n\n1106/12328 files\n4M/1999M swap space\n\n------------------------------------------------------------------------\npstat -s\n\nDevice          512-blocks     Used    Avail Capacity\n/dev/da0s1b        4095744     8664  4087080     0%\n\n------------------------------------------------------------------------\niostat\n\niostat: kvm_read(_tk_nin): invalid address (0x0)\niostat: disabling TTY statistics\n             da0              da1              cd0             cpu\n  KB/t tps  MB/s   KB/t tps  MB/s   KB/t tps  MB/s  us ni sy in id\n 23.20 60581 1372.42  36.24 13045 461.71   0.00   1  0.00  14  2 22  1 61\n\n------------------------------------------------------------------------\nipcs -a\n\nMessage Queues:\nT           ID          KEY MODE        OWNER    GROUP    CREATOR  CGROUP                 CBYTES                 QNUM               QBYTES        LSPID        LRPID STIME    RTIME    CTIME   \n\nShared Memory:\nT           ID          KEY MODE        OWNER    GROUP    CREATOR  CGROUP         NATTCH        SEGSZ         CPID         LPID ATIME    DTIME    CTIME   \n\nSemaphores:\nT           ID          KEY MODE        OWNER    GROUP    CREATOR  CGROUP          NSEMS OTIME    CTIME   \n\n\n------------------------------------------------------------------------\nipcs -T\n\nmsginfo:\n\tmsgmax:        16384\t(max characters in a message)\n\tmsgmni:           40\t(# of message queues)\n\tmsgmnb:         2048\t(max characters in a message queue)\n\tmsgtql:           40\t(max # of messages in system)\n\tmsgssz:            8\t(size of a message segment)\n\tmsgseg:         2048\t(# of message segments in system)\n\nshminfo:\n\tshmmax:    536870912\t(max shared memory segment size)\n\tshmmin:            1\t(min shared memory segment size)\n\tshmmni:          192\t(max number of shared memory identifiers)\n\tshmseg:          128\t(max shared memory segments per process)\n\tshmall:       131072\t(max amount of shared memory in pages)\n\nseminfo:\n\tsemmni:           50\t(# of semaphore identifiers)\n\tsemmns:          340\t(# of semaphores in system)\n\tsemmnu:          150\t(# of undo structures in system)\n\tsemmsl:          340\t(max # of semaphores per id)\n\tsemopm:          100\t(max # of operations per semop call)\n\tsemume:           50\t(max # of undo entries per process)\n\tsemusz:          616\t(size in bytes of undo structure)\n\tsemvmx:        32767\t(semaphore maximum value)\n\tsemaem:        16384\t(adjust on exit max value)\n\n\n------------------------------------------------------------------------\nnetstat -s\n\ntcp:\n\t1344762042 packets sent\n\t\t1330051305 data packets (2794598390 bytes)\n\t\t3556716 data packets (733539251 bytes) retransmitted\n\t\t11387 data packets unnecessarily retransmitted\n\t\t11 resends initiated by MTU discovery\n\t\t9820577 ack-only packets (2089233 delayed)\n\t\t0 URG only packets\n\t\t70 window probe packets\n\t\t281140 window update packets\n\t\t1055352 control packets\n\t697563565 packets received\n\t\t653407961 acks (for 2754784958 bytes)\n\t\t31097110 duplicate acks\n\t\t278 acks for unsent data\n\t\t17475574 packets (1263754926 bytes) received in-sequence\n\t\t47250 completely duplicate packets (7908406 bytes)\n\t\t26561 old duplicate packets\n\t\t1627 packets with some dup. data (1126363 bytes duped)\n\t\t178836 out-of-order packets (240515401 bytes)\n\t\t101 packets (140405 bytes) of data after window\n\t\t0 window probes\n\t\t1001017 window update packets\n\t\t11952 packets received after close\n\t\t70 discarded for bad checksums\n\t\t0 discarded for bad header offset fields\n\t\t0 discarded because packet too short\n\t\t660 discarded due to memory problems\n\t325084 connection requests\n\t559084 connection accepts\n\t8 bad connection attempts\n\t392 listen queue overflows\n\t69786 ignored RSTs in the windows\n\t878193 connections established (including accepts)\n\t909013 connections closed (including 57388 drops)\n\t\t726117 connections updated cached RTT on close\n\t\t727515 connections updated cached RTT variance on close\n\t\t95341 connections updated cached ssthresh on close\n\t5811 embryonic connections dropped\n\t649828138 segments updated rtt (of 637289450 attempts)\n\t125108 retransmit timeouts\n\t\t1763 connections dropped by rexmit timeout\n\t104 persist timeouts\n\t\t0 connections dropped by persist timeout\n\t0 Connections (fin_wait_2) dropped because of timeout\n\t4018 keepalive timeouts\n\t\t69 keepalive probes sent\n\t\t3949 connections dropped by keepalive\n\t553157640 correct ACK header predictions\n\t10703244 correct data packet header predictions\n\t560088 syncache entries added\n\t\t3203 retransmitted\n\t\t2704 dupsyn\n\t\t0 dropped\n\t\t559084 completed\n\t\t0 bucket overflow\n\t\t0 cache overflow\n\t\t363 reset\n\t\t305 stale\n\t\t392 aborted\n\t\t0 badack\n\t\t5 unreach\n\t\t0 zone failures\n\t560088 cookies sent\n\t64 cookies received\n\t29289 hostcache entries added\n\t\t20 bucket overflow\n\t533427 SACK recovery episodes\n\t3319097 segment rexmits in SACK recovery episodes\n\t438777876 byte rexmits in SACK recovery episodes\n\t36271961 SACK options (SACK blocks) received\n\t159294 SACK options (SACK blocks) sent\n\t0 SACK scoreboard overflow\n\t0 packets with ECN CE bit set\n\t0 packets with ECN ECT(0) bit set\n\t0 packets with ECN ECT(1) bit set\n\t0 successful ECN handshakes\n\t0 times ECN reduced the congestion window\nudp:\n\t16428995 datagrams received\n\t0 with incomplete header\n\t0 with bad data length field\n\t9 with bad checksum\n\t132967 with no checksum\n\t36420 dropped due to no socket\n\t0 broadcast/multicast datagrams undelivered\n\t0 dropped due to full socket buffers\n\t0 not for hashed pcb\n\t16392566 delivered\n\t18261421 datagrams output\n\t0 times multicast source filter matched\nip:\n\t714837936 total packets received\n\t0 bad header checksums\n\t0 with size smaller than minimum\n\t0 with data size \u003c data length\n\t0 with ip length \u003e max ip packet size\n\t0 with header length \u003c data size\n\t0 with data length \u003c header length\n\t0 with bad options\n\t0 with incorrect version number\n\t77603 fragments received\n\t5 fragments dropped (dup or out of space)\n\t51 fragments dropped after timeout\n\t38638 packets reassembled ok\n\t714031456 packets for this host\n\t687844 packets for unknown/unsupported protocol\n\t112 packets forwarded (0 packets fast forwarded)\n\t1745 packets not forwardable\n\t0 packets received for unknown multicast group\n\t0 redirects sent\n\t1363117825 packets sent from this host\n\t0 packets sent with fabricated ip header\n\t15 output packets dropped due to no bufs, etc.\n\t0 output packets discarded due to no route\n\t3808 output datagrams fragmented\n\t11414 fragments created\n\t0 datagrams that can't be fragmented\n\t0 tunneling packets that can't find gif\n\t0 datagrams with bad address in header\nicmp:\n\t38165 calls to icmp_error\n\t0 errors not generated in response to an icmp message\n\tOutput histogram:\n\t\techo reply: 36350\n\t\tdestination unreachable: 38165\n\t0 messages with bad code fields\n\t0 messages less than the minimum length\n\t2672 messages with bad checksum\n\t2 messages with bad length\n\t0 multicast echo requests ignored\n\t0 multicast timestamp requests ignored\n\tInput histogram:\n\t\techo reply: 626\n\t\tdestination unreachable: 687094\n\t\trouting redirect: 3\n\t\techo: 36350\n\t\ttime exceeded: 754\n\t36350 message responses generated\n\t0 invalid return addresses\n\t0 no return routes\nigmp:\n\t0 messages received\n\t0 messages received with too few bytes\n\t0 messages received with wrong TTL\n\t0 messages received with bad checksum\n\t0 V1/V2 membership queries received\n\t0 V3 membership queries received\n\t0 membership queries received with invalid field(s)\n\t0 general queries received\n\t0 group queries received\n\t0 group-source queries received\n\t0 group-source queries dropped\n\t0 membership reports received\n\t0 membership reports received with invalid field(s)\n\t0 membership reports received for groups to which we belong\n\t0 V3 reports received without Router Alert\n\t0 membership reports sent\narp:\n\t364 ARP requests sent\n\t78 ARP replies sent\n\t2285 ARP requests received\n\t5130 ARP replies received\n\t15589 ARP packets received\n\t1858 total packets dropped due to no ARP entry\n\t82 ARP entrys timed out\n\t0 Duplicate IPs seen\nip6:\n\t0 total packets received\n\t0 with size smaller than minimum\n\t0 with data size \u003c data length\n\t0 with bad options\n\t0 with incorrect version number\n\t0 fragments received\n\t0 fragments dropped (dup or out of space)\n\t0 fragments dropped after timeout\n\t0 fragments that exceeded limit\n\t0 packets reassembled ok\n\t0 packets for this host\n\t0 packets forwarded\n\t0 packets not forwardable\n\t0 redirects sent\n\t12 packets sent from this host\n\t0 packets sent with fabricated ip header\n\t0 output packets dropped due to no bufs, etc.\n\t168 output packets discarded due to no route\n\t0 output datagrams fragmented\n\t0 fragments created\n\t0 datagrams that can't be fragmented\n\t0 packets that violated scope rules\n\t0 multicast packets which we don't join\n\tMbuf statistics:\n\t\t0 one mbuf\n\t\t0 one ext mbuf\n\t\t0 two or more ext mbuf\n\t0 packets whose headers are not contiguous\n\t0 tunneling packets that can't find gif\n\t0 packets discarded because of too many headers\n\t0 failures of source address selection\n\tSource addresses selection rule applied:\nicmp6:\n\t0 calls to icmp6_error\n\t0 errors not generated in response to an icmp6 message\n\t0 errors not generated because of rate limitation\n\tOutput histogram:\n\t\tneighbor solicitation: 2\n\t0 messages with bad code fields\n\t0 messages \u003c minimum length\n\t0 bad checksums\n\t0 messages with bad length\n\tHistogram of error messages to be generated:\n\t\t0 no route\n\t\t0 administratively prohibited\n\t\t0 beyond scope\n\t\t0 address unreachable\n\t\t0 port unreachable\n\t\t0 packet too big\n\t\t0 time exceed transit\n\t\t0 time exceed reassembly\n\t\t0 erroneous header field\n\t\t0 unrecognized next header\n\t\t0 unrecognized option\n\t\t0 redirect\n\t\t0 unknown\n\t0 message responses generated\n\t0 messages with too many ND options\n\t0 messages with bad ND options\n\t0 bad neighbor solicitation messages\n\t0 bad neighbor advertisement messages\n\t0 bad router solicitation messages\n\t0 bad router advertisement messages\n\t0 bad redirect messages\n\t0 path MTU changes\nrip6:\n\t0 messages received\n\t0 checksum calculations on inbound\n\t0 messages with bad checksum\n\t0 messages dropped due to no socket\n\t0 multicast messages dropped due to no socket\n\t0 messages dropped due to full socket buffers\n\t0 delivered\n\t0 datagrams output\n\n------------------------------------------------------------------------\nnetstat -m\n\n1927/1232/3159 mbufs in use (current/cache/total)\n789/905/1694/25600 mbuf clusters in use (current/cache/total/max)\n1023/622 mbuf+clusters out of packet secondary zone in use (current/cache)\n873/372/1245/12800 4k (page size) jumbo clusters in use (current/cache/total/max)\n0/0/0/19200 9k jumbo clusters in use (current/cache/total/max)\n0/0/0/12800 16k jumbo clusters in use (current/cache/total/max)\n5551K/3606K/9157K bytes allocated to network (current/cache/total)\n0/0/0 requests for mbufs denied (mbufs/clusters/mbuf+clusters)\n0/0/0 requests for mbufs delayed (mbufs/clusters/mbuf+clusters)\n0/0/0 requests for jumbo clusters delayed (4k/9k/16k)\n0/0/0 requests for jumbo clusters denied (4k/9k/16k)\n0 requests for sfbufs denied\n0 requests for sfbufs delayed\n0 requests for I/O initiated by sendfile\n0 calls to protocol drain routines\n\n------------------------------------------------------------------------\ndmesg\n\nCopyright (c) 1992-2013 The FreeBSD Project.\nCopyright (c) 1979, 1980, 1983, 1986, 1988, 1989, 1991, 1992, 1993, 1994\n\tThe Regents of the University of California. All rights reserved.\nFreeBSD is a registered trademark of The FreeBSD Foundation.\nFreeBSD 9.2-RELEASE-p3 #4 r260982: Mon Apr  7 14:58:17 MSK 2014\n    bel@localhost:/usr/obj/usr/src/sys/ENIGMA i386\ngcc version 4.2.1 20070831 patched [FreeBSD]\nCPU: Intel(R) Xeon(TM) CPU 3.00GHz (3000.17-MHz 686-class CPU)\n  Origin = \"GenuineIntel\"  Id = 0xf41  Family = 0xf  Model = 0x4  Stepping = 1\n  Features=0xbfebfbff\u003cFPU,VME,DE,PSE,TSC,MSR,PAE,MCE,CX8,APIC,SEP,MTRR,PGE,MCA,CMOV,PAT,PSE36,CLFLUSH,DTS,ACPI,MMX,FXSR,SSE,SSE2,SS,HTT,TM,PBE\u003e\n  Features2=0x641d\u003cSSE3,DTES64,MON,DS_CPL,CNXT-ID,CX16,xTPR\u003e\n  AMD Features=0x20000000\u003cLM\u003e\n  TSC: P-state invariant\nreal memory  = 2147483648 (2048 MB)\navail memory = 2082476032 (1986 MB)\nEvent timer \"LAPIC\" quality 400\nACPI APIC Table: \u003cHP     00000083\u003e\nFreeBSD/SMP: Multiprocessor System Detected: 2 CPUs\nFreeBSD/SMP: 2 package(s) x 1 core(s)\n cpu0 (BSP): APIC ID:  0\n cpu1 (AP): APIC ID:  6\nACPI Warning: Invalid length for Pm1aControlBlock: 32, using default 16 (20110527/tbfadt-638)\nioapic0 \u003cVersion 2.0\u003e irqs 0-23 on motherboard\nioapic1 \u003cVersion 2.0\u003e irqs 24-47 on motherboard\nioapic2 \u003cVersion 2.0\u003e irqs 48-71 on motherboard\nioapic3 \u003cVersion 2.0\u003e irqs 72-95 on motherboard\nioapic4 \u003cVersion 2.0\u003e irqs 96-119 on motherboard\nkbd1 at kbdmux0\nacpi0: \u003cHP P51\u003e on motherboard\nacpi0: Power Button (fixed)\ncpu0: \u003cACPI CPU\u003e on acpi0\ncpu1: \u003cACPI CPU\u003e on acpi0\nattimer0: \u003cAT timer\u003e port 0x40-0x43 irq 0 on acpi0\nTimecounter \"i8254\" frequency 1193182 Hz quality 0\nEvent timer \"i8254\" frequency 1193182 Hz quality 100\nTimecounter \"ACPI-safe\" frequency 3579545 Hz quality 850\nacpi_timer0: \u003c24-bit timer at 3.579545MHz\u003e port 0x908-0x90b on acpi0\npcib0: \u003cACPI Host-PCI bridge\u003e on acpi0\npci0: \u003cACPI PCI bus\u003e on pcib0\npcib1: \u003cACPI PCI-PCI bridge\u003e at device 2.0 on pci0\npci2: \u003cACPI PCI bus\u003e on pcib1\npcib2: \u003cACPI PCI-PCI bridge\u003e at device 0.0 on pci2\npci3: \u003cACPI PCI bus\u003e on pcib2\nbge0: \u003cHP NC7782 Gigabit Server Adapter, ASIC rev. 0x002100\u003e mem 0xfddf0000-0xfddfffff irq 25 at device 1.0 on pci3\nbge0: CHIP ID 0x00002100; ASIC REV 0x02; CHIP REV 0x21; PCI-X 133 MHz\nmiibus0: \u003cMII bus\u003e on bge0\nbrgphy0: \u003cBCM5704 1000BASE-T media interface\u003e PHY 1 on miibus0\nbrgphy0:  10baseT, 10baseT-FDX, 100baseTX, 100baseTX-FDX, 1000baseT, 1000baseT-master, 1000baseT-FDX, 1000baseT-FDX-master, auto, auto-flow\nbge0: Ethernet address: 00:13:21:f2:41:51\nbge1: \u003cHP NC7782 Gigabit Server Adapter, ASIC rev. 0x002100\u003e mem 0xfdde0000-0xfddeffff irq 26 at device 1.1 on pci3\nbge1: CHIP ID 0x00002100; ASIC REV 0x02; CHIP REV 0x21; PCI-X 133 MHz\nmiibus1: \u003cMII bus\u003e on bge1\nbrgphy1: \u003cBCM5704 1000BASE-T media interface\u003e PHY 1 on miibus1\nbrgphy1:  10baseT, 10baseT-FDX, 100baseTX, 100baseTX-FDX, 1000baseT, 1000baseT-master, 1000baseT-FDX, 1000baseT-FDX-master, auto, auto-flow\nbge1: Ethernet address: 00:13:21:f2:41:50\npcib3: \u003cACPI PCI-PCI bridge\u003e at device 0.2 on pci2\npci4: \u003cACPI PCI bus\u003e on pcib3\nciss0: \u003cHP Smart Array 6i\u003e port 0x4000-0x40ff mem 0xfdef0000-0xfdef1fff,0xfde80000-0xfdebffff irq 51 at device 3.0 on pci4\nciss0: PERFORMANT Transport\nciss0: got 0 MSI messages]\npcib4: \u003cACPI PCI-PCI bridge\u003e at device 6.0 on pci0\npci5: \u003cACPI PCI bus\u003e on pcib4\npcib5: \u003cACPI PCI-PCI bridge\u003e at device 0.0 on pci5\npci6: \u003cACPI PCI bus\u003e on pcib5\nem0: \u003cIntel(R) PRO/1000 Legacy Network Connection 1.0.6\u003e port 0x5000-0x503f mem 0xfdfe0000-0xfdffffff,0xfdf80000-0xfdfbffff irq 78 at device 2.0 on pci6\nem0: Ethernet address: 00:11:0a:63:68:9c\nem1: \u003cIntel(R) PRO/1000 Legacy Network Connection 1.0.6\u003e port 0x5040-0x507f mem 0xfdf60000-0xfdf7ffff irq 77 at device 2.1 on pci6\nem1: Ethernet address: 00:11:0a:63:68:9d\npcib6: \u003cACPI PCI-PCI bridge\u003e at device 0.2 on pci5\npci10: \u003cACPI PCI bus\u003e on pcib6\nuhci0: \u003cIntel 82801EB (ICH5) USB controller USB-A\u003e port 0x3000-0x301f irq 16 at device 29.0 on pci0\nusbus0 on uhci0\nuhci1: \u003cIntel 82801EB (ICH5) USB controller USB-B\u003e port 0x3020-0x303f irq 19 at device 29.1 on pci0\nusbus1 on uhci1\nuhci2: \u003cIntel 82801EB (ICH5) USB controller USB-C\u003e port 0x3040-0x305f irq 18 at device 29.2 on pci0\nusbus2 on uhci2\nuhci3: \u003cIntel 82801EB (ICH5) USB controller USB-D\u003e port 0x3060-0x307f irq 16 at device 29.3 on pci0\nusbus3 on uhci3\nehci0: \u003cIntel 82801EB/R (ICH5) USB 2.0 controller\u003e mem 0xfbef0000-0xfbef03ff irq 23 at device 29.7 on pci0\nusbus4: EHCI version 1.0\nusbus4 on ehci0\npcib7: \u003cACPI PCI-PCI bridge\u003e at device 30.0 on pci0\npci1: \u003cACPI PCI bus\u003e on pcib7\nvgapci0: \u003cVGA-compatible display\u003e port 0x2000-0x20ff mem 0xfc000000-0xfcffffff,0xfbff0000-0xfbff0fff at device 3.0 on pci1\npci1: \u003cbase peripheral\u003e at device 4.0 (no driver attached)\npci1: \u003cbase peripheral\u003e at device 4.2 (no driver attached)\nisab0: \u003cPCI-ISA bridge\u003e at device 31.0 on pci0\nisa0: \u003cISA bus\u003e on isab0\natapci0: \u003cIntel ICH5 UDMA100 controller\u003e port 0x1f0-0x1f7,0x3f6,0x170-0x177,0x376,0x500-0x50f at device 31.1 on pci0\nata0: \u003cATA channel\u003e at channel 0 on atapci0\nata1: \u003cATA channel\u003e at channel 1 on atapci0\nacpi_tz0: \u003cThermal Zone\u003e on acpi0\natkbdc0: \u003cKeyboard controller (i8042)\u003e port 0x60,0x64 irq 1 on acpi0\natkbd0: \u003cAT Keyboard\u003e irq 1 on atkbdc0\nkbd0 at atkbd0\natkbd0: [GIANT-LOCKED]\npsm0: \u003cPS/2 Mouse\u003e irq 12 on atkbdc0\npsm0: [GIANT-LOCKED]\npsm0: model Generic PS/2 mouse, device ID 0\nuart0: \u003c16550 or compatible\u003e port 0x3f8-0x3ff irq 4 flags 0x10 on acpi0\nfdc0: \u003cfloppy drive controller (FDE)\u003e port 0x3f2-0x3f5 irq 6 drq 2 on acpi0\npmtimer0 on isa0\norm0: \u003cISA Option ROMs\u003e at iomem 0xc0000-0xc7fff,0xc8000-0xcbfff,0xcc000-0xcd7ff,0xee000-0xeffff pnpid ORM0000 on isa0\nsc0: \u003cSystem console\u003e at flags 0x100 on isa0\nsc0: VGA \u003c16 virtual consoles, flags=0x300\u003e\nvga0: \u003cGeneric ISA VGA\u003e at port 0x3c0-0x3df iomem 0xa0000-0xbffff on isa0\natrtc0: \u003cAT realtime clock\u003e at port 0x70 irq 8 on isa0\nEvent timer \"RTC\" frequency 32768 Hz quality 0\nppc0: parallel port not found.\nuart1: \u003cNon-standard ns8250 class UART with FIFOs\u003e at port 0x2f8-0x2ff irq 3 on isa0\np4tcc0: \u003cCPU Frequency Thermal Control\u003e on cpu0\np4tcc1: \u003cCPU Frequency Thermal Control\u003e on cpu1\nTimecounters tick every 1.000 msec\nipfw2 (+ipv6) initialized, divert enabled, nat loadable, default to deny, logging disabled\nDUMMYNET 0 with IPv6 initialized (100409)\nload_dn_sched dn_sched FIFO loaded\nload_dn_sched dn_sched PRIO loaded\nload_dn_sched dn_sched QFQ loaded\nload_dn_sched dn_sched RR loaded\nload_dn_sched dn_sched WF2Q+ loaded\nusbus0: 12Mbps Full Speed USB v1.0\nusbus1: 12Mbps Full Speed USB v1.0\nusbus2: 12Mbps Full Speed USB v1.0\nusbus3: 12Mbps Full Speed USB v1.0\nusbus4: 480Mbps High Speed USB v2.0\nugen0.1: \u003cIntel\u003e at usbus0\nuhub0: \u003cIntel UHCI root HUB, class 9/0, rev 1.00/1.00, addr 1\u003e on usbus0\nugen1.1: \u003cIntel\u003e at usbus1\nuhub1: \u003cIntel UHCI root HUB, class 9/0, rev 1.00/1.00, addr 1\u003e on usbus1\nugen2.1: \u003cIntel\u003e at usbus2\nuhub2: \u003cIntel UHCI root HUB, class 9/0, rev 1.00/1.00, addr 1\u003e on usbus2\nugen3.1: \u003cIntel\u003e at usbus3\nuhub3: \u003cIntel UHCI root HUB, class 9/0, rev 1.00/1.00, addr 1\u003e on usbus3\nugen4.1: \u003cIntel\u003e at usbus4\nuhub4: \u003cIntel EHCI root HUB, class 9/0, rev 2.00/1.00, addr 1\u003e on usbus4\nuhub0: 2 ports with 2 removable, self powered\nuhub1: 2 ports with 2 removable, self powered\nuhub2: 2 ports with 2 removable, self powered\nuhub3: 2 ports with 2 removable, self powered\nda0 at ciss0 bus 0 scbus0 target 0 lun 0\nda0: \u003cCOMPAQ RAID 5 OK\u003e Fixed Direct Access SCSI-4 device \nda0: 135.168MB/s transfers\nda0: Command Queueing enabled\nda0: 104183MB (213367680 512 byte sectors: 255H 32S/T 26148C)\nda0: quirks=0x1\u003cNO_SYNC_CACHE\u003e\nda1 at ciss0 bus 0 scbus0 target 1 lun 0\nda1: \u003cCOMPAQ RAID 1(1+0) OK\u003e Fixed Direct Access SCSI-4 device \nda1: 135.168MB/s transfers\nda1: Command Queueing enabled\nda1: 140006MB (286734240 512 byte sectors: 255H 32S/T 35139C)\nda1: quirks=0x1\u003cNO_SYNC_CACHE\u003e\ncd0 at ata0 bus 0 scbus3 target 0 lun 0\ncd0: \u003cCOMPAQ CD-ROM SN-124 N104\u003e Removable CD-ROM SCSI-0 device \ncd0: 16.700MB/s transfers (PIO4, ATAPI 12bytes, PIO 65534bytes)\ncd0: Attempt to query device size failed: NOT READY, Medium not present\nSMP: AP CPU #1 Launched!\nTimecounter \"TSC-low\" frequency 1500083839 Hz quality 1000\nRoot mount waiting for: usbus4\nRoot mount waiting for: usbus4\nRoot mount waiting for: usbus4\nuhub4: 8 ports with 8 removable, self powered\nTrying to mount root from ufs:/dev/da0s1a [rw]...\n------------------------------------------------------------------------\nkernel config\n\noptions\tCONFIG_AUTOGENERATED\nident ENIGMA\nmachine\ti386\ncpu\tI686_CPU\ncpu\tI586_CPU\ncpu\tI486_CPU\nmakeoptions\tWITH_CTF=1\nmakeoptions\tDEBUG=-g\noptions\tKSTACK_PAGES=4\noptions\tSW_WATCHDOG\noptions\tKDB_UNATTENDED\noptions\tDDB\noptions\tACCEPT_FILTER_HTTP\noptions\tROUTETABLES=4\noptions\tSUIDDIR\noptions\tDUMMYNET\noptions\tIPDIVERT\noptions\tIPFIREWALL_FORWARD\noptions\tIPFIREWALL_VERBOSE\noptions\tIPFIREWALL\noptions\tUSB_DEBUG\noptions\tRDRAND_RNG\noptions\tPADLOCK_RNG\noptions\tAH_SUPPORT_AR5416\noptions\tIEEE80211_SUPPORT_MESH\noptions\tIEEE80211_AMPDU_AGE\noptions\tIEEE80211_DEBUG\noptions\tSC_PIXEL_MODE\noptions\tVESA\noptions\tAHD_REG_PRETTY_PRINT\noptions\tAHC_REG_PRETTY_PRINT\noptions\tATA_STATIC_ID\noptions\tATA_CAM\noptions\tSMP\noptions\tDDB_CTF\noptions\tKDB_TRACE\noptions\tKDB\noptions\tINCLUDE_CONFIG_FILE\noptions\tKDTRACE_HOOKS\noptions\tMAC\noptions\tAUDIT\noptions\tHWPMC_HOOKS\noptions\tKBD_INSTALL_CDEV\noptions\tPRINTF_BUFR_SIZE=128\noptions\t_KPOSIX_PRIORITY_SCHEDULING\noptions\tSYSVSEM\noptions\tSYSVMSG\noptions\tSYSVSHM\noptions\tSTACK\noptions\tKTRACE\noptions\tSCSI_DELAY=5000\noptions\tCOMPAT_FREEBSD7\noptions\tCOMPAT_FREEBSD6\noptions\tCOMPAT_FREEBSD5\noptions\tCOMPAT_FREEBSD4\noptions\tGEOM_LABEL\noptions\tGEOM_RAID\noptions\tGEOM_PART_GPT\noptions\tPSEUDOFS\noptions\tPROCFS\noptions\tCD9660\noptions\tMSDOSFS\noptions\tNFS_ROOT\noptions\tNFSLOCKD\noptions\tNFSD\noptions\tNFSCL\noptions\tMD_ROOT\noptions\tQUOTA\noptions\tUFS_GJOURNAL\noptions\tUFS_DIRHASH\noptions\tUFS_ACL\noptions\tSOFTUPDATES\noptions\tFFS\noptions\tSCTP\noptions\tTCP_OFFLOAD\noptions\tINET6\noptions\tINET\noptions\tPREEMPTION\noptions\tSCHED_ULE\noptions\tNEW_PCIB\noptions\tNATIVE\noptions\tGEOM_PART_MBR\noptions\tGEOM_PART_EBR_COMPAT\noptions\tGEOM_PART_EBR\noptions\tGEOM_PART_BSD\noptions\tISAPNP\ndevice\tisa\ndevice\tnpx\ndevice\tmem\ndevice\tio\ndevice\tuart_ns8250\ndevice\tatpic\ndevice\tapic\ndevice\tcpufreq\ndevice\tacpi\ndevice\teisa\ndevice\tpci\ndevice\tfdc\ndevice\tahci\ndevice\tata\ndevice\tmvs\ndevice\tsiis\ndevice\tahb\ndevice\tahc\ndevice\tahd\ndevice\tesp\ndevice\thptiop\ndevice\tisp\ndevice\tmpt\ndevice\tsym\ndevice\ttrm\ndevice\tadv\ndevice\tadw\ndevice\taha\ndevice\taic\ndevice\tbt\ndevice\tncv\ndevice\tnsp\ndevice\tstg\ndevice\tisci\ndevice\tscbus\ndevice\tch\ndevice\tda\ndevice\tsa\ndevice\tcd\ndevice\tpass\ndevice\tses\ndevice\tamr\ndevice\tarcmsr\ndevice\tasr\ndevice\tciss\ndevice\tdpt\ndevice\thptmv\ndevice\thptnr\ndevice\thptrr\ndevice\thpt27xx\ndevice\tiir\ndevice\tips\ndevice\tmly\ndevice\ttwa\ndevice\ttws\ndevice\taac\ndevice\taacp\ndevice\taacraid\ndevice\tida\ndevice\tmfi\ndevice\tmlx\ndevice\tpst\ndevice\ttwe\ndevice\tatkbdc\ndevice\tatkbd\ndevice\tpsm\ndevice\tkbdmux\ndevice\tvga\ndevice\tsplash\ndevice\tsc\ndevice\tagp\ndevice\tpmtimer\ndevice\tcbb\ndevice\tpccard\ndevice\tcardbus\ndevice\tuart\ndevice\tppc\ndevice\tppbus\ndevice\tlpt\ndevice\tplip\ndevice\tppi\ndevice\tpuc\ndevice\tbxe\ndevice\tde\ndevice\tem\ndevice\tigb\ndevice\tixgb\ndevice\tle\ndevice\tti\ndevice\ttxp\ndevice\tvx\ndevice\tmiibus\ndevice\tae\ndevice\tage\ndevice\talc\ndevice\tale\ndevice\tbce\ndevice\tbfe\ndevice\tbge\ndevice\tcas\ndevice\tdc\ndevice\tet\ndevice\tfxp\ndevice\tgem\ndevice\thme\ndevice\tjme\ndevice\tlge\ndevice\tmsk\ndevice\tnfe\ndevice\tnge\ndevice\tpcn\ndevice\tre\ndevice\trl\ndevice\tsf\ndevice\tsge\ndevice\tsis\ndevice\tsk\ndevice\tste\ndevice\tstge\ndevice\ttl\ndevice\ttx\ndevice\tvge\ndevice\tvr\ndevice\tvte\ndevice\twb\ndevice\txl\ndevice\tcs\ndevice\ted\ndevice\tex\ndevice\tep\ndevice\tfe\ndevice\tie\ndevice\tsn\ndevice\txe\ndevice\twlan\ndevice\twlan_wep\ndevice\twlan_ccmp\ndevice\twlan_tkip\ndevice\twlan_amrr\ndevice\tan\ndevice\tath\ndevice\tath_pci\ndevice\tath_hal\ndevice\tath_rate_sample\ndevice\tipw\ndevice\tiwi\ndevice\tiwn\ndevice\tmalo\ndevice\tmwl\ndevice\tral\ndevice\twi\ndevice\twpi\ndevice\tloop\ndevice\trandom\ndevice\tether\ndevice\tvlan\ndevice\ttun\ndevice\tpty\ndevice\tmd\ndevice\tgif\ndevice\tfaith\ndevice\tfirmware\ndevice\tbpf\ndevice\tuhci\ndevice\tohci\ndevice\tehci\ndevice\txhci\ndevice\tusb\ndevice\tuhid\ndevice\tukbd\ndevice\tulpt\ndevice\tumass\ndevice\tums\ndevice\turio\ndevice\tu3g\ndevice\tuark\ndevice\tubsa\ndevice\tuftdi\ndevice\tuipaq\ndevice\tuplcom\ndevice\tuslcom\ndevice\tuvisor\ndevice\tuvscom\ndevice\taue\ndevice\taxe\ndevice\tcdce\ndevice\tcue\ndevice\tkue\ndevice\true\ndevice\tudav\ndevice\trum\ndevice\trun\ndevice\tuath\ndevice\tupgt\ndevice\tural\ndevice\turtw\ndevice\tzyd\ndevice\tsound\ndevice\tsnd_cmi\ndevice\tsnd_csa\ndevice\tsnd_emu10kx\ndevice\tsnd_es137x\ndevice\tsnd_hda\ndevice\tsnd_ich\ndevice\tsnd_uaudio\ndevice\tsnd_via8233\ndevice\tvirtio\ndevice\tvirtio_pci\ndevice\tvtnet\ndevice\tvirtio_blk\ndevice\tvirtio_scsi\ndevice\tvirtio_balloon\n\n------------------------------------------------------------------------\nddb capture buffer\n\nHow-To-Repeat: The kernel config follows:\n===\ninclude GENERIC\n\nident           ENIGMA\n\noptions         IPFIREWALL\noptions         IPFIREWALL_VERBOSE\noptions         IPFIREWALL_FORWARD\noptions         IPDIVERT\noptions         DUMMYNET\noptions         SUIDDIR\noptions         ROUTETABLES=4\noptions         ACCEPT_FILTER_HTTP\noptions         DDB\noptions         KDB_UNATTENDED\noptions         SW_WATCHDOG\noptions         KSTACK_PAGES=4\n==="
}