{
 "id": 375621,
 "bug_id": 108924,
 "attachment_id": 0,
 "creation_time": "2007-02-08T10:20:15Z",
 "creator": "taras@elantech.ru",
 "text": "FreeBSD 6.2 RELEASE sucessfully installed on RAID-1 volume (HP ProLiant\nML110G4, Intel MatrixRAID), but while I'm trying to boot without one of\ntwo RAID-1 HDDs system panics. atacontrol detach works well, but after\nreboot system panics too.\n\ndmesg.boot\n----------\nCopyright (c) 1992-2007 The FreeBSD Project.\nCopyright (c) 1979, 1980, 1983, 1986, 1988, 1989, 1991, 1992, 1993, 1994\n\tThe Regents of the University of California. All rights reserved.\nFreeBSD is a registered trademark of The FreeBSD Foundation.\nFreeBSD 6.2-RELEASE #0: Fri Jan 12 11:05:30 UTC 2007\n    root@dessler.cse.buffalo.edu:/usr/obj/usr/src/sys/SMP\nTimecounter \"i8254\" frequency 1193182 Hz quality 0\nCPU: Intel(R) Xeon(R) CPU            3040  @ 1.86GHz (1862.01-MHz 686-class CPU)\n  Origin = \"GenuineIntel\"  Id = 0x6f6  Stepping = 6\n  Features=0xbfebfbff\u003cFPU,VME,DE,PSE,TSC,MSR,PAE,MCE,CX8,APIC,SEP,MTRR,PGE,MCA,CMOV,PAT,PSE36,CLFLUSH,DTS,ACPI,MMX,FXSR,SSE,SSE2,SS,HTT,TM,PBE\u003e\n  Features2=0xe3bd\u003cSSE3,RSVD2,MON,DS_CPL,VMX,EST,TM2,\u003cb9\u003e,CX16,\u003cb14\u003e,\u003cb15\u003e\u003e\n  AMD Features=0x20100000\u003cNX,LM\u003e\n  AMD Features2=0x1\u003cLAHF\u003e\n  Cores per package: 2\nreal memory  = 535363584 (510 MB)\navail memory = 514240512 (490 MB)\nACPI APIC Table: \u003cHP ML110 G4\u003e\nFreeBSD/SMP: Multiprocessor System Detected: 2 CPUs\n cpu0 (BSP): APIC ID:  0\n cpu1 (AP): APIC ID:  1\nioapic0 \u003cVersion 2.0\u003e irqs 0-23 on motherboard\nkbd1 at kbdmux0\nath_hal: 0.9.17.2 (AR5210, AR5211, AR5212, RF5111, RF5112, RF2413, RF5413)\nacpi0: \u003cHP\u003e on motherboard\nacpi0: Power Button (fixed)\nacpi0: reservation of fed13000, 1000 (3) failed\nTimecounter \"ACPI-fast\" frequency 3579545 Hz quality 1000\nacpi_timer0: \u003c24-bit timer at 3.579545MHz\u003e port 0x1008-0x100b on acpi0\ncpu0: \u003cACPI CPU\u003e on acpi0\nacpi_throttle0: \u003cACPI CPU Throttling\u003e on cpu0\ncpu1: \u003cACPI CPU\u003e on acpi0\nacpi_throttle1: \u003cACPI CPU Throttling\u003e on cpu1\nacpi_throttle1: failed to attach P_CNT\ndevice_attach: acpi_throttle1 attach returned 6\npcib0: \u003cACPI Host-PCI bridge\u003e port 0xcf8-0xcff on acpi0\npci0: \u003cACPI PCI bus\u003e on pcib0\npcib1: \u003cACPI PCI-PCI bridge\u003e irq 16 at device 1.0 on pci0\npci1: \u003cACPI PCI bus\u003e on pcib1\npcib2: \u003cACPI PCI-PCI bridge\u003e irq 17 at device 28.0 on pci0\npci2: \u003cACPI PCI bus\u003e on pcib2\npcib3: \u003cACPI PCI-PCI bridge\u003e irq 17 at device 28.4 on pci0\npci3: \u003cACPI PCI bus\u003e on pcib3\npci3: \u003cdisplay, VGA\u003e at device 0.0 (no driver attached)\npcib4: \u003cACPI PCI-PCI bridge\u003e irq 16 at device 28.5 on pci0\npci4: \u003cACPI PCI bus\u003e on pcib4\nbge0: \u003cBroadcom BCM5750 C1, ASIC rev. 0x4201\u003e mem 0xef900000-0xef90ffff irq 17 at device 0.0 on pci4\nmiibus0: \u003cMII bus\u003e on bge0\nbrgphy0: \u003cBCM5750 10/100/1000baseTX PHY\u003e on miibus0\nbrgphy0:  10baseT, 10baseT-FDX, 100baseTX, 100baseTX-FDX, 1000baseTX, 1000baseTX-FDX, auto\nbge0: Ethernet address: 00:18:71:77:fe:11\nuhci0: \u003cUHCI (generic) USB controller\u003e port 0x3000-0x301f irq 23 at device 29.0 on pci0\nuhci0: [GIANT-LOCKED]\nusb0: \u003cUHCI (generic) USB controller\u003e on uhci0\nusb0: USB revision 1.0\nuhub0: Intel UHCI root hub, class 9/0, rev 1.00/1.00, addr 1\nuhub0: 2 ports with 2 removable, self powered\nuhci1: \u003cUHCI (generic) USB controller\u003e port 0x3020-0x303f irq 19 at device 29.1 on pci0\nuhci1: [GIANT-LOCKED]\nusb1: \u003cUHCI (generic) USB controller\u003e on uhci1\nusb1: USB revision 1.0\nuhub1: Intel UHCI root hub, class 9/0, rev 1.00/1.00, addr 1\nuhub1: 2 ports with 2 removable, self powered\nuhci2: \u003cUHCI (generic) USB controller\u003e port 0x3040-0x305f irq 18 at device 29.2 on pci0\nuhci2: [GIANT-LOCKED]\nusb2: \u003cUHCI (generic) USB controller\u003e on uhci2\nusb2: USB revision 1.0\nuhub2: Intel UHCI root hub, class 9/0, rev 1.00/1.00, addr 1\nuhub2: 2 ports with 2 removable, self powered\nuhci3: \u003cUHCI (generic) USB controller\u003e port 0x3060-0x307f irq 16 at device 29.3 on pci0\nuhci3: [GIANT-LOCKED]\nusb3: \u003cUHCI (generic) USB controller\u003e on uhci3\nusb3: USB revision 1.0\nuhub3: Intel UHCI root hub, class 9/0, rev 1.00/1.00, addr 1\nuhub3: 2 ports with 2 removable, self powered\nehci0: \u003cIntel 82801GB/R (ICH7) USB 2.0 controller\u003e mem 0xefd00000-0xefd003ff irq 23 at device 29.7 on pci0\nehci0: [GIANT-LOCKED]\nusb4: EHCI version 1.0\nusb4: companion controllers, 2 ports each: usb0 usb1 usb2 usb3\nusb4: \u003cIntel 82801GB/R (ICH7) USB 2.0 controller\u003e on ehci0\nusb4: USB revision 2.0\nuhub4: Intel EHCI root hub, class 9/0, rev 2.00/1.00, addr 1\nuhub4: 8 ports with 8 removable, self powered\npcib5: \u003cACPI PCI-PCI bridge\u003e at device 30.0 on pci0\npci10: \u003cACPI PCI bus\u003e on pcib5\nvr0: \u003cVIA VT6105 Rhine III 10/100BaseTX\u003e port 0x4000-0x40ff mem 0xefa00000-0xefa000ff irq 16 at device 0.0 on pci10\nmiibus1: \u003cMII bus\u003e on vr0\nukphy0: \u003cGeneric IEEE 802.3u media interface\u003e on miibus1\nukphy0:  10baseT, 10baseT-FDX, 100baseTX, 100baseTX-FDX, auto\nvr0: Ethernet address: 00:17:9a:bf:9c:97\nisab0: \u003cPCI-ISA bridge\u003e at device 31.0 on pci0\nisa0: \u003cISA bus\u003e on isab0\natapci0: \u003cIntel ICH7 UDMA100 controller\u003e port 0x1f0-0x1f7,0x3f6,0x170-0x177,0x376,0x3080-0x308f at device 31.1 on pci0\nata0: \u003cATA channel 0\u003e on atapci0\nata1: \u003cATA channel 1\u003e on atapci0\natapci1: \u003cIntel ICH7 SATA300 controller\u003e port 0x30c8-0x30cf,0x30bc-0x30bf,0x30c0-0x30c7,0x30b8-0x30bb,0x3090-0x309f mem 0xefd00400-0xefd007ff irq 19 at device 31.2 on pci0\natapci1: AHCI Version 01.10 controller with 4 ports detected\nata2: \u003cATA channel 0\u003e on atapci1\nata3: \u003cATA channel 1\u003e on atapci1\nata4: \u003cATA channel 2\u003e on atapci1\nata5: \u003cATA channel 3\u003e on atapci1\nacpi_button0: \u003cPower Button\u003e on acpi0\nsio0: \u003c16550A-compatible COM port\u003e port 0x3f8-0x3ff irq 4 flags 0x10 on acpi0\nsio0: type 16550A\nsio1: \u003c16550A-compatible COM port\u003e port 0x2f8-0x2ff irq 3 on acpi0\nsio1: type 16550A\npmtimer0 on isa0\norm0: \u003cISA Option ROMs\u003e at iomem 0xc0000-0xc7fff,0xdc000-0xdffff on isa0\natkbdc0: \u003cKeyboard controller (i8042)\u003e at port 0x60,0x64 on isa0\natkbd0: \u003cAT Keyboard\u003e irq 1 on atkbdc0\nkbd0 at atkbd0\natkbd0: [GIANT-LOCKED]\nppc0: parallel port not found.\nsc0: \u003cSystem console\u003e at flags 0x100 on isa0\nsc0: VGA \u003c16 virtual consoles, flags=0x300\u003e\nvga0: \u003cGeneric ISA VGA\u003e at port 0x3c0-0x3df iomem 0xa0000-0xbffff on isa0\nukbd0: ServerEngines SE USB Device, rev 1.10/0.01, addr 2, iclass 3/1\nkbd2 at ukbd0\nums0: ServerEngines SE USB Device, rev 1.10/0.01, addr 2, iclass 3/1\nums0: 8 buttons and Z dir.\nTimecounters tick every 1.000 msec\nacd0: CDRW \u003cTSSTcorp CDW/DVD TS-H492C/TB01\u003e at ata0-master UDMA33\nad4: 152627MB \u003cSeagate ST3160812AS 3.AJJ\u003e at ata2-master SATA150\nad6: 152627MB \u003cSeagate ST3160827AS 3.42\u003e at ata3-master SATA150\nar0: 152625MB \u003cIntel MatrixRAID RAID1\u003e status: READY\nar0: disk0 READY (master) using ad4 at ata2-master\nar0: disk1 READY (mirror) using ad6 at ata3-master\nSMP: AP CPU #1 Launched!\nTrying to mount root from ufs:/dev/ar0s1a\n\nHow-To-Repeat: Remove one of RAID-1 HDDs and reboot."
}