{
 "id": 84592,
 "bug_id": 27059,
 "attachment_id": 0,
 "creation_time": "2005-01-25T14:44:29Z",
 "creator": "Thomas.Hermann@wichita.edu",
 "text": "I'm running FreeBSD 5.3 SMP on a Dell Precision 530 and have experienced\nsimilar behavior. Please email me if I can help resolve this issue.\n\nCopyright (c) 1992-2004 The FreeBSD Project.\nCopyright (c) 1979, 1980, 1983, 1986, 1988, 1989, 1991, 1992, 1993, 1994\n\tThe Regents of the University of California. All rights reserved.\nFreeBSD 5.3-RELEASE-p5 #3: Mon Jan 24 08:28:42 CST 2005\n    root@:/usr/obj/usr/src/sys/ORVILLE\nACPI APIC Table: \u003cDELL   WS 530 \u003e\nTimecounter \"i8254\" frequency 1193182 Hz quality 0\nCPU: Intel(R) Xeon(TM) CPU 2.80GHz (2791.53-MHz 686-class CPU)\n  Origin = \"GenuineIntel\"  Id = 0xf27  Stepping = 7\n\nFeatures=0xbfebfbff\u003cFPU,VME,DE,PSE,TSC,MSR,PAE,MCE,CX8,APIC,SEP,MTRR,PGE,MCA,CMOV,PAT,PSE36,CLFLUSH,DTS,ACPI,MMX,FXSR,SSE,SSE2,SS,HTT,TM,PBE\u003e\n  Hyperthreading: 2 logical CPUs\nreal memory  = 1073180672 (1023 MB)\navail memory = 1036431360 (988 MB)\nFreeBSD/SMP: Multiprocessor System Detected: 2 CPUs\n cpu0 (BSP): APIC ID:  0\n cpu1 (AP): APIC ID:  2\nioapic0: Changing APIC ID to 2\nioapic0 \u003cVersion 2.0\u003e irqs 0-23 on motherboard\nnpx0: [FAST]\nnpx0: \u003cmath processor\u003e on motherboard\nnpx0: INT 16 interface\nacpi0: \u003cDELL WS 530 \u003e on motherboard\nacpi0: Power Button (fixed)\nTimecounter \"ACPI-fast\" frequency 3579545 Hz quality 1000\nacpi_timer0: \u003c24-bit timer at 3.579545MHz\u003e port 0x808-0x80b on acpi0\ncpu0: \u003cACPI CPU\u003e on acpi0\ncpu1: \u003cACPI CPU\u003e on acpi0\nacpi_button0: \u003cPower Button\u003e on acpi0\npcib0: \u003cACPI Host-PCI bridge\u003e port 0xcf8-0xcff on acpi0\npci0: \u003cACPI PCI bus\u003e on pcib0\npcib1: \u003cPCI-PCI bridge\u003e at device 1.0 on pci0\npci1: \u003cPCI bus\u003e on pcib1\nnvidia0: \u003cQuadro4 700 XGL\u003e mem\n0xf3f80000-0xf3ffffff,0xf4000000-0xf7ffffff,0xfc000000-0xfcffffff irq 16\nat device 0.0 on pci1\nnvidia0: [GIANT-LOCKED]\npcib2: \u003cACPI PCI-PCI bridge\u003e at device 2.0 on pci0\npci2: \u003cACPI PCI bus\u003e on pcib2\npcib3: \u003cACPI PCI-PCI bridge\u003e at device 31.0 on pci2\npci3: \u003cACPI PCI bus\u003e on pcib3\npci3: \u003cbase peripheral, interrupt controller\u003e at device 0.0 (no driver\nattached)\nmpt0: \u003cLSILogic 1030 Ultra4 Adapter\u003e port 0xec00-0xecff mem\n0xfe4a0000-0xfe4bffff,0xfe4c0000-0xfe4dffff irq 20 at device 12.0 on\npci3\nmpt0: [GIANT-LOCKED]\nmpt1: \u003cLSILogic 1030 Ultra4 Adapter\u003e port 0xe800-0xe8ff mem\n0xfe460000-0xfe47ffff,0xfe480000-0xfe49ffff irq 21 at device 12.1 on\npci3\nmpt1: [GIANT-LOCKED]\npcib4: \u003cACPI PCI-PCI bridge\u003e at device 30.0 on pci0\npci4: \u003cACPI PCI bus\u003e on pcib4\nxl0: \u003c3Com 3c905C-TX Fast Etherlink XL\u003e port 0xdc80-0xdcff mem\n0xfe1ffc00-0xfe1ffc7f irq 23 at device 11.0 on pci4\nmiibus0: \u003cMII bus\u003e on xl0\nukphy0: \u003cGeneric IEEE 802.3u media interface\u003e on miibus0\nukphy0:  10baseT, 10baseT-FDX, 100baseTX, 100baseTX-FDX, auto\nxl0: Ethernet address: 00:08:74:39:6e:03\npci4: \u003cserial bus, FireWire\u003e at device 12.0 (no driver attached)\npcm0: \u003cCreative EMU10K1\u003e port 0xdc60-0xdc7f irq 17 at device 13.0 on\npci4\npcm0: \u003cTriTech TR28602 AC97 Codec\u003e\nisab0: \u003cPCI-ISA bridge\u003e at device 31.0 on pci0\nisa0: \u003cISA bus\u003e on isab0\natapci0: \u003cIntel ICH2 UDMA100 controller\u003e port\n0xffa0-0xffaf,0x376,0x170-0x177,0x3f6,0x1f0-0x1f7 at device 31.1 on pci0\nata0: channel #0 on atapci0\nata1: channel #1 on atapci0\nuhci0: \u003cIntel 82801BA/BAM (ICH2) USB controller USB-A\u003e port\n0xff80-0xff9f irq 19 at device 31.2 on pci0\nuhci0: [GIANT-LOCKED]\nusb0: \u003cIntel 82801BA/BAM (ICH2) USB controller USB-A\u003e on uhci0\nusb0: USB revision 1.0\nuhub0: Intel UHCI root hub, class 9/0, rev 1.00/1.00, addr 1\nuhub0: 2 ports with 2 removable, self powered\nums0: Logitech USB-PS/2 Optical Mouse, rev 2.00/18.00, addr 2, iclass\n3/1\nums0: 7 buttons and Z dir.\npci0: \u003cserial bus, SMBus\u003e at device 31.3 (no driver attached)\nuhci1: \u003cIntel 82801BA/BAM (ICH2) USB controller USB-B\u003e port\n0xff60-0xff7f irq 23 at device 31.4 on pci0\nuhci1: [GIANT-LOCKED]\nusb1: \u003cIntel 82801BA/BAM (ICH2) USB controller USB-B\u003e on uhci1\nusb1: USB revision 1.0\nuhub1: Intel UHCI root hub, class 9/0, rev 1.00/1.00, addr 1\nuhub1: 2 ports with 2 removable, self powered\nfdc0: \u003cfloppy drive controller\u003e port 0x3f7,0x3f0-0x3f5 irq 6 drq 2 on\nacpi0\nfdc0: [FAST]\nfd0: \u003c1440-KB 3.5\" drive\u003e on fdc0 drive 0\natkbdc0: \u003cKeyboard controller (i8042)\u003e port 0x64,0x60 irq 1 on acpi0\natkbd0: \u003cAT Keyboard\u003e irq 1 on atkbdc0\nkbd0 at atkbd0\natkbd0: [GIANT-LOCKED]\nsio0: \u003c16550A-compatible COM port\u003e port 0x3f8-0x3ff irq 4 flags 0x10 on\nacpi0\nsio0: type 16550A\nsio1: \u003c16550A-compatible COM port\u003e port 0x2f8-0x2ff irq 3 on acpi0\nsio1: type 16550A\nppc0: \u003cECP parallel printer port\u003e port 0x778-0x77f,0x378-0x37f irq 7 on\nacpi0\nppc0: SMC-like chipset (ECP/EPP/PS2/NIBBLE) in COMPATIBLE mode\nppc0: FIFO with 16/16/8 bytes threshold\nppbus0: \u003cParallel port bus\u003e on ppc0\nplip0: \u003cPLIP network interface\u003e on ppbus0\nlpt0: \u003cPrinter\u003e on ppbus0\nlpt0: Interrupt-driven port\nppi0: \u003cParallel I/O\u003e on ppbus0\npmtimer0 on isa0\norm0: \u003cISA Option ROMs\u003e at iomem\n0xd2000-0xd3fff,0xce000-0xd1fff,0xc0000-0xcdfff on isa0\nsc0: \u003cSystem console\u003e at flags 0x100 on isa0\nsc0: VGA \u003c16 virtual consoles, flags=0x300\u003e\nvga0: \u003cGeneric ISA VGA\u003e at port 0x3c0-0x3df iomem 0xa0000-0xbffff on\nisa0\nTimecounters tick every 10.000 msec\nacd0: CDROM \u003cLite-On LTN486S 48x Max/YDS4\u003e at ata1-master UDMA33\nacd1: CDRW \u003cPHILIPS DVD+RW-D28/1.29\u003e at ata1-slave UDMA33\nWaiting 15 seconds for SCSI devices to settle\nSMP: AP CPU #1 Launched!\nda0 at mpt1 bus 0 target 0 lun 0\nda0: \u003cSEAGATE ST336732LW 2223\u003e Fixed Direct Access SCSI-3 device \nda0: 320.000MB/s transfers (160.000MHz, offset 63, 16bit), Tagged\nQueueing Enabled\nda0: 34732MB (71132959 512 byte sectors: 255H 63S/T 4427C)\nda1 at mpt1 bus 0 target 1 lun 0\nda1: \u003cFUJITSU MAP3147NP 5605\u003e Fixed Direct Access SCSI-3 device \nda1: 320.000MB/s transfers (160.000MHz, offset 127, 16bit), Tagged\nQueueing Enabled\nda1: 140014MB (286749480 512 byte sectors: 255H 63S/T 17849C)\nMounting root from ufs:/dev/da0s1a\n\nThank you,\n\nTom H.\n\n-- \n--------------------------\n-- Thomas M. Hermann\n-- Research Associate\n-- NIAR\n--------------------------"
}