{
 "id": 358911,
 "bug_id": 105399,
 "attachment_id": 0,
 "creation_time": "2006-11-11T15:30:17Z",
 "creator": "phoemix@harmless.hu",
 "text": "We run hosting services on this FreeBSD box, and we\nencountered strange problems.\n\nSometimes, in 4-6 weeks' time the system simply freezes.\nI use the term \"freeze\", because i feel it the proper one.\nThe console is blank, we cannot do network communication\nwith the box, there is no crash dump left of the event, the\nsystem logs are empty. We've got absolutely no clue on this at\nthe moment.\n\nThis a supermicro 5013C-MT:\nhttp://www.supermicro.com/products/system/1U/5013/SYS-5013C-MT.cfm\nwith a P4-2.4GHz, and with 4x512MB of DDR RAM.\n\nWe are using the 6300ESB SATA controller, because the marvell\none is buggy (i have already filed a bug report on that).\nAll the other hardware spec will be in the later pciiconf output\nand dmesg.\n\nThe config.\nWe are running ftp, web, email, postgresql services mostly on this\nbox. We have 6 jails on it with the pf packet filter.\n\nif anything is else is needed, please ask for the info.\n\nDmesg:\n--- chop here ---\nCopyright (c) 1992-2006 The FreeBSD Project.\nCopyright (c) 1979, 1980, 1983, 1986, 1988, 1989, 1991, 1992, 1993, 1994\n\tThe Regents of the University of California. All rights reserved.\nFreeBSD 6.1-RELEASE-p10 #0: Mon Oct  2 14:54:14 CEST 2006\n    root@marvin.harmless.hu:/usr/obj/usr/src/sys/MARVIN\nACPI APIC Table: \u003cIntelR AWRDACPI\u003e\nTimecounter \"i8254\" frequency 1193182 Hz quality 0\nCPU: Intel(R) Pentium(R) 4 CPU 2.80GHz (2795.24-MHz 686-class CPU)\n  Origin = \"GenuineIntel\"  Id = 0xf29  Stepping = 9\n  Features=0xbfebfbff\u003cFPU,VME,DE,PSE,TSC,MSR,PAE,MCE,CX8,APIC,SEP,MTRR,PGE,MCA,CMOV,PAT,PSE36,CLFLUSH,DTS,ACPI,MMX,FXSR,SSE,SSE2,SS,HTT,TM,PBE\u003e\n  Features2=0x4400\u003cCNTX-ID,\u003cb14\u003e\u003e\n  Logical CPUs per core: 2\nreal memory  = 2146304000 (2046 MB)\navail memory = 2096168960 (1999 MB)\nioapic0: Changing APIC ID to 2\nioapic0 \u003cVersion 2.0\u003e irqs 0-23 on motherboard\nioapic1 \u003cVersion 2.0\u003e irqs 24-47 on motherboard\nkbd1 at kbdmux0\nacpi0: \u003cIntelR AWRDACPI\u003e on motherboard\nacpi0: Power Button (fixed)\nTimecounter \"ACPI-fast\" frequency 3579545 Hz quality 1000\nacpi_timer0: \u003c24-bit timer at 3.579545MHz\u003e port 0x408-0x40b on acpi0\ncpu0: \u003cACPI CPU\u003e on acpi0\nacpi_button0: \u003cPower Button\u003e on acpi0\npcib0: \u003cACPI Host-PCI bridge\u003e port 0xcf8-0xcff on acpi0\npci0: \u003cACPI PCI bus\u003e on pcib0\npcib1: \u003cACPI PCI-PCI bridge\u003e at device 3.0 on pci0\npci1: \u003cACPI PCI bus\u003e on pcib1\nem0: \u003cIntel(R) PRO/1000 Network Connection Version - 3.2.18\u003e port 0xc000-0xc01f mem 0xfd500000-0xfd51ffff irq 18 at device 1.0 on pci1\nem0: Ethernet address: 00:30:48:80:aa:3e\npcib2: \u003cACPI PCI-PCI bridge\u003e at device 28.0 on pci0\npci2: \u003cACPI PCI bus\u003e on pcib2\natapci0: \u003cMarvell 88SX5041 SATA150 controller\u003e mem 0xfd400000-0xfd47ffff irq 27 at device 4.0 on pci2\nata2: \u003cATA channel 0\u003e on atapci0\nata3: \u003cATA channel 1\u003e on atapci0\nata4: \u003cATA channel 2\u003e on atapci0\nata5: \u003cATA channel 3\u003e on atapci0\npcib3: \u003cACPI PCI-PCI bridge\u003e at device 30.0 on pci0\npci3: \u003cACPI PCI bus\u003e on pcib3\npci3: \u003cdisplay, VGA\u003e at device 9.0 (no driver attached)\nem1: \u003cIntel(R) PRO/1000 Network Connection Version - 3.2.18\u003e port 0xd100-0xd13f mem 0xfc000000-0xfc01ffff irq 19 at device 10.0 on pci3\nem1: Ethernet address: 00:30:48:80:aa:3f\nisab0: \u003cPCI-ISA bridge\u003e at device 31.0 on pci0\nisa0: \u003cISA bus\u003e on isab0\natapci1: \u003cIntel 6300ESB UDMA100 controller\u003e port 0x1f0-0x1f7,0x3f6,0x170-0x177,0x376,0xf000-0xf00f at device 31.1 on pci0\nata0: \u003cATA channel 0\u003e on atapci1\nata1: \u003cATA channel 1\u003e on atapci1\natapci2: \u003cIntel 6300ESB SATA150 controller\u003e port 0xe200-0xe207,0xe300-0xe303,0xe400-0xe407,0xe500-0xe503,0xe600-0xe60f at device 31.2 on pci0\nata6: \u003cATA channel 0\u003e on atapci2\nata7: \u003cATA channel 1\u003e on atapci2\npci0: \u003cserial bus, SMBus\u003e at device 31.3 (no driver attached)\nacpi_tz0: \u003cThermal Zone\u003e on acpi0\nsio0: \u003c16550A-compatible COM port\u003e port 0x3f8-0x3ff irq 4 flags 0x10 on acpi0\nsio0: type 16550A\nsio1: \u003c16550A-compatible COM port\u003e port 0x2f8-0x2ff irq 3 on acpi0\nsio1: type 16550A\natkbdc0: \u003cKeyboard controller (i8042)\u003e port 0x60,0x64 irq 1 on acpi0\natkbd0: \u003cAT Keyboard\u003e irq 1 on atkbdc0\nkbd0 at atkbd0\natkbd0: [GIANT-LOCKED]\npmtimer0 on isa0\norm0: \u003cISA Option ROM\u003e at iomem 0xc0000-0xc7fff on isa0\nsc0: \u003cSystem console\u003e at flags 0x100 on isa0\nsc0: VGA \u003c16 virtual consoles, flags=0x300\u003e\nvga0: \u003cGeneric ISA VGA\u003e at port 0x3c0-0x3df iomem 0xa0000-0xbffff on isa0\nTimecounter \"TSC\" frequency 2795239320 Hz quality 800\nTimecounters tick every 1.000 msec\nacd0: CDROM \u003cCD-224E/1.9A\u003e at ata0-master UDMA33\nad12: 190782MB \u003cHDT722520DLA380 V44OA9BA\u003e at ata6-master SATA150\nad14: 190782MB \u003cHDT722520DLA380 V44OA96A\u003e at ata7-master SATA150\nGEOM_MIRROR: Device gm0 created (id=2141307500).\nGEOM_MIRROR: Device gm0: provider ad12 detected.\nGEOM_MIRROR: Device gm0: provider ad14 detected.\nGEOM_MIRROR: Device gm0: provider ad14 activated.\nGEOM_MIRROR: Device gm0: provider ad12 activated.\nGEOM_MIRROR: Device gm0: provider mirror/gm0 launched.\nTrying to mount root from ufs:/dev/mirror/gm0s1a\nWARNING: / was not properly dismounted\nWARNING: /var was not properly dismounted\n/var: mount pending error: blocks 36 files 3\nem1: link state changed to UP\n--- chop here ---\n\npciconf -lv:\n--- chop here ---\nhostb0@pci0:0:0:\tclass=0x060000 card=0x518015d9 chip=0x25788086 rev=0x02 hdr=0x00\n    vendor   = 'Intel Corporation'\n    device   = '82875P/E7210 DRAM Controller / Host-Hub Interface'\n    class    = bridge\n    subclass = HOST-PCI\npcib1@pci0:3:0:\tclass=0x060400 card=0x00000000 chip=0x257b8086 rev=0x02 hdr=0x01\n    vendor   = 'Intel Corporation'\n    device   = '82875P/E7210 PCI to CSA Bridge'\n    class    = bridge\n    subclass = PCI-PCI\npcib2@pci0:28:0:\tclass=0x060400 card=0x00000050 chip=0x25ae8086 rev=0x02 hdr=0x01\n    vendor   = 'Intel Corporation'\n    device   = '6300ESB Hub Interface to PCI-X Bridge'\n    class    = bridge\n    subclass = PCI-PCI\npcib3@pci0:30:0:\tclass=0x060400 card=0x00000000 chip=0x244e8086 rev=0x0a hdr=0x01\n    vendor   = 'Intel Corporation'\n    device   = '82801BA/CA/DB/DBL/EB/ER/FB (ICH2/3/4/4/5/5/6), 6300ESB Hub Interface to PCI Bridge'\n    class    = bridge\n    subclass = PCI-PCI\nisab0@pci0:31:0:\tclass=0x060100 card=0x00000000 chip=0x25a18086 rev=0x02 hdr=0x00\n    vendor   = 'Intel Corporation'\n    device   = '6300ESB LPC Interface Bridge'\n    class    = bridge\n    subclass = PCI-ISA\natapci1@pci0:31:1:\tclass=0x01018a card=0x518015d9 chip=0x25a28086 rev=0x02 hdr=0x00\n    vendor   = 'Intel Corporation'\n    device   = '6300ESB IDE Controller'\n    class    = mass storage\n    subclass = ATA\natapci2@pci0:31:2:\tclass=0x01018f card=0x518015d9 chip=0x25a38086 rev=0x02 hdr=0x00\n    vendor   = 'Intel Corporation'\n    device   = '6300ESB Serial ATA Controller'\n    class    = mass storage\n    subclass = ATA\nnone0@pci0:31:3:\tclass=0x0c0500 card=0x518015d9 chip=0x25a48086 rev=0x02 hdr=0x00\n    vendor   = 'Intel Corporation'\n    device   = '6300ESB SMBus Controller'\n    class    = serial bus\n    subclass = SMBus\nem0@pci1:1:0:\tclass=0x020000 card=0x10758086 chip=0x10758086 rev=0x00 hdr=0x00\n    vendor   = 'Intel Corporation'\n    device   = '82547EI Gigabit Ethernet Controller'\n    class    = network\n    subclass = ethernet\natapci0@pci2:4:0:\tclass=0x010000 card=0x504111ab chip=0x504111ab rev=0x03 hdr=0x00\n    vendor   = 'Marvell Semiconductor (Was: Galileo Technology Ltd)'\n    device   = 'MV88SX5041 4-port SATA PCI-X Controller'\n    class    = mass storage\n    subclass = SCSI\nnone1@pci3:9:0:\tclass=0x030000 card=0x518015d9 chip=0x47521002 rev=0x27 hdr=0x00\n    vendor   = 'ATI Technologies Inc'\n    device   = 'Rage XL PCI'\n    class    = display\n    subclass = VGA\nem1@pci3:10:0:\tclass=0x020000 card=0x10768086 chip=0x10768086 rev=0x00 hdr=0x00\n    vendor   = 'Intel Corporation'\n    device   = '82547EI Gigabit Ethernet Controller'\n    class    = network\n    subclass = ethernet\n--- chop here ---\n\nFix: \n\nnot known yet.\nHow-To-Repeat: \tcannot do it directly. it just happens sometimes"
}