{
 "id": 897987,
 "bug_id": 212718,
 "attachment_id": 0,
 "creation_time": "2016-09-16T01:25:05Z",
 "creator": "nibbana@gmx.us",
 "text": "This problem occurs when copying/moving/installing between USB devices, or USB \u003c-\u003e ATA devices, but interestingly, the problem does not occur when cat(1)ing the same files between devices.  The problem has the \"feeling/sense\" of cp/mv/install using a transfer mechanism that is much more \"stressful/intensive/demanding\" on the USB subsystems than cat(1), and that the USB hardware simply cannot function at the stress levels demanded of it.  The problem occurs 100% of the time, not intermittently.  The temporary fix has been scripts emulating cp/mv/install using cat(1), but this is not a complete solution, since ./configure scripts and Makefiles trigger the same problem occasionally, and these triggers have not been tracked down - but are very likely due to the same mechanism.  The error is as follows:\n\nFatal Trap 12: page fault while in kernel mode.\nfault virtual address = 0x24\nfault code = supervisor read, page not present.\ninstruction pointer = 0x20:0xc0776377\nstack pointer = 0x28:0xc3239c74\nframe pointer = 0x28:0xc3239c74\ncode segement = base 0x0, limit 0xfffff, type 0x1b = DPL0,\n                pres 1, def32 1, gran 1\nprocessor flags = interrupt enabled, resume, IOPL=0\ncurrent process = 12 (g_down)\ntrap number = 12\npanic: page fault\n\nFreeBSD 9.3-RELEASE #0: Tue Jul 28 04:28:10 AKDT 2015\n    root@localhost:/usr/obj/u0/src/sys/MYKERN i386\ngcc version 4.2.1 20070831 patched [FreeBSD]\nCPU: VIA Nehemiah (666.57-MHz 686-class CPU)\n  Origin = \"CentaurHauls\"  Id = 0x698  Family = 0x6  Model = 0x9  Stepping = 8\n  Features=0x381b83f\u003cFPU,VME,DE,PSE,TSC,MSR,SEP,MTRR,PGE,CMOV,PAT,MMX,FXSR,SSE\u003e\n  VIA Padlock Features=0xdd\u003cRNG,AES\u003e\nreal memory  = 536870912 (512 MB)\navail memory = 449589248 (428 MB)\ncryptosoft0: \u003csoftware crypto\u003e on motherboard\npadlock0: \u003cAES-CBC\u003e on motherboard\nacpi0: \u003cVT9174 AWRDACPI\u003e on motherboard\nacpi0: Power Button (fixed)\nacpi0: reservation of 0, a0000 (3) failed\nacpi0: reservation of 100000, 1bef0000 (3) failed\ncpu0: \u003cACPI CPU\u003e on acpi0\nattimer0: \u003cAT timer\u003e port 0x40-0x43 irq 0 on acpi0\nTimecounter \"i8254\" frequency 1193182 Hz quality 0\nEvent timer \"i8254\" frequency 1193182 Hz quality 100\natrtc0: \u003cAT realtime clock\u003e port 0x70-0x73 irq 8 on acpi0\nEvent timer \"RTC\" frequency 32768 Hz quality 0\nTimecounter \"ACPI-fast\" frequency 3579545 Hz quality 900\nacpi_timer0: \u003c24-bit timer at 3.579545MHz\u003e port 0x408-0x40b on acpi0\nacpi_button0: \u003cPower Button\u003e on acpi0\npcib0: \u003cACPI Host-PCI bridge\u003e port 0xcf8-0xcff on acpi0\npci0: \u003cACPI PCI bus\u003e on pcib0\nagp0: \u003cVIA 862x (CLE266) host to PCI bridge\u003e on hostb0\nagp0: aperture size is 64M\npcib1: \u003cPCI-PCI bridge\u003e at device 1.0 on pci0\npci1: \u003cPCI bus\u003e on pcib1\nvgapci0: \u003cVGA-compatible display\u003e mem 0xe4000000-0xe7ffffff,0xe8000000-0xe8ffffff irq 15 at device 0.0 on pci1\ndrm0: \u003cVIA CLE266\u003e on vgapci0\ninfo: [drm] AGP at 0xe0000000 64MB\ninfo: [drm] Initialized via 2.11.1 20070202\nvgapci0: Boot video device\nuhci0: \u003cVIA 83C572 USB controller\u003e port 0xd000-0xd01f irq 15 at device 16.0 on pci0\nusbus0 on uhci0\nuhci1: \u003cVIA 83C572 USB controller\u003e port 0xd400-0xd41f irq 5 at device 16.1 on pci0\nusbus1 on uhci1\nuhci2: \u003cVIA 83C572 USB controller\u003e port 0xd800-0xd81f irq 11 at device 16.2 on pci0\nusbus2 on uhci2\nehci0: \u003cVIA VT6202 USB 2.0 controller\u003e mem 0xea000000-0xea0000ff irq 10 at device 16.3 on pci0\nusbus3: EHCI version 1.0\nusbus3 on ehci0\nisab0: \u003cPCI-ISA bridge\u003e at device 17.0 on pci0\nisa0: \u003cISA bus\u003e on isab0\natapci0: \u003cVIA 8235 UDMA133 controller\u003e port 0x1f0-0x1f7,0x3f6,0x170-0x177,0x376,0xdc00-0xdc0f at device 17.1 on pci0\nata0: \u003cATA channel\u003e at channel 0 on atapci0\nata1: \u003cATA channel\u003e at channel 1 on atapci0\npcm0: \u003cVIA VT8235\u003e port 0xe000-0xe0ff irq 11 at device 17.5 on pci0\npcm0: \u003cICEnsemble VT1616 AC97 Codec\u003e\npcm0: \u003cVIA DXS Enabled: DXS 4 / SGD 1 / REC 1\u003e\nuart0: \u003c16550 or compatible\u003e port 0x3f8-0x3ff irq 4 flags 0x10 on acpi0\nppc0: \u003cParallel port\u003e port 0x378-0x37f irq 7 on acpi0\nppc0: Generic chipset (EPP/NIBBLE) in COMPATIBLE mode\nppbus0: \u003cParallel port bus\u003e on ppc0\nlpt0: \u003cPrinter\u003e on ppbus0\nlpt0: Interrupt-driven port\nppi0: \u003cParallel I/O\u003e on ppbus0\natkbdc0: \u003cKeyboard controller (i8042)\u003e port 0x60,0x64 irq 1 on acpi0\natkbd0: \u003cAT Keyboard\u003e irq 1 on atkbdc0\natkbd0: [GIANT-LOCKED]\npsm0: \u003cPS/2 Mouse\u003e irq 12 on atkbdc0\npsm0: [GIANT-LOCKED]\npsm0: model Generic PS/2 mouse, device ID 0\nsc0: \u003cSystem console\u003e at flags 0x100 on isa0\nsc0: VGA \u003c16 virtual consoles, flags=0x300\u003e\nvga0: \u003cGeneric ISA VGA\u003e at port 0x3c0-0x3df iomem 0xa0000-0xbffff on isa0\nacpi_throttle0: \u003cACPI CPU Throttling\u003e on cpu0\nTimecounters tick every 1.000 msec\nusbus0: 12Mbps Full Speed USB v1.0\nusbus1: 12Mbps Full Speed USB v1.0\nusbus2: 12Mbps Full Speed USB v1.0\nusbus3: 480Mbps High Speed USB v2.0\nugen0.1: \u003cVIA\u003e at usbus0\nuhub0: \u003cVIA UHCI root HUB, class 9/0, rev 1.00/1.00, addr 1\u003e on usbus0\nugen1.1: \u003cVIA\u003e at usbus1\nuhub1: \u003cVIA UHCI root HUB, class 9/0, rev 1.00/1.00, addr 1\u003e on usbus1\nugen2.1: \u003cVIA\u003e at usbus2\nuhub2: \u003cVIA UHCI root HUB, class 9/0, rev 1.00/1.00, addr 1\u003e on usbus2\nugen3.1: \u003cVIA\u003e at usbus3\nuhub3: \u003cVIA EHCI root HUB, class 9/0, rev 2.00/1.00, addr 1\u003e on usbus3\nuhub0: 2 ports with 2 removable, self powered\nuhub1: 2 ports with 2 removable, self powered\nuhub2: 2 ports with 2 removable, self powered\nuhub3: 6 ports with 6 removable, self powered\nugen3.2: \u003cvendor 0x05e3\u003e at usbus3\nuhub4: \u003cvendor 0x05e3 USB2.0 Hub, class 9/0, rev 2.00/85.37, addr 2\u003e on usbus3\nuhub4: 4 ports with 4 removable, self powered\nugen3.3: \u003cSanDisk\u003e at usbus3\numass0: \u003cSanDisk Cruzer Glide, class 0/0, rev 2.00/1.27, addr 3\u003e on usbus3\nugen3.4: \u003cSanDisk\u003e at usbus3\numass1: \u003cSanDisk Cruzer Glide, class 0/0, rev 2.00/1.27, addr 4\u003e on usbus3\nugen3.5: \u003cSanDisk\u003e at usbus3\numass2: \u003cSanDisk Cruzer Glide, class 0/0, rev 2.00/1.27, addr 5\u003e on usbus3\nugen3.6: \u003cGeneric\u003e at usbus3\numass3: \u003cGeneric Flash Card ReaderWriter, class 0/0, rev 2.00/1.00, addr 6\u003e on usbus3\nada0 at ata0 bus 0 scbus0 target 0 lun 0\nada0: \u003cWDC WD400AB-22CDB0 22.04A22\u003e ATA-5 device\nada0: Serial Number WD-WMA9T1222658\nada0: 100.000MB/s transfers (UDMA5, PIO 8192bytes)\nada0: 38166MB (78165360 512 byte sectors: 16H 63S/T 16383C)\nada0: Previously was known as ad0\nTimecounter \"TSC\" frequency 666565048 Hz quality 800\nda0 at umass-sim0 bus 0 scbus2 target 0 lun 0\nda0: \u003cSanDisk Cruzer Glide 1.27\u003e Removable Direct Access SCSI-6 device \nda0: Serial Number 20042401010F1771AF62\nda0: 40.000MB/s transfers\nda0: 122112MB (250085376 512 byte sectors: 255H 63S/T 15567C)\nda0: quirks=0x2\u003cNO_6_BYTE\u003e\nda2 at umass-sim2 bus 2 scbus4 target 0 lun 0\nda2: \u003cSanDisk Cruzer Glide 1.27\u003e Removable Direct Access SCSI-6 device \nda2: Serial Number 20051942530F1771BE1E\nda2: 40.000MB/s transfers\nda2: 122112MB (250085376 512 byte sectors: 255H 63S/T 15567C)\nda2: quirks=0x2\u003cNO_6_BYTE\u003e\nda1 at umass-sim1 bus 1 scbus3 target 0 lun 0\nda1: \u003cSanDisk Cruzer Glide 1.27\u003e Removable Direct Access SCSI-6 device \nda1: Serial Number 20044527120F1771BE38\nda1: 40.000MB/s transfers\nda1: 122112MB (250085376 512 byte sectors: 255H 63S/T 15567C)\nda1: quirks=0x2\u003cNO_6_BYTE\u003e\nda3 at umass-sim3 bus 3 scbus5 target 0 lun 0\nda3: \u003cMultiple Card  Reader 1.00\u003e Removable Direct Access SCSI-0 device \nda3: Serial Number 058F63666438\nda3: 40.000MB/s transfers\nda3: 30436MB (62333952 512 byte sectors: 255H 63S/T 3880C)\nda3: quirks=0x2\u003cNO_6_BYTE\u003e\nTrying to mount root from ufs:/dev/ada0p2 [rw]...\nWARNING: /mnt was not properly dismounted\nGEOM_ELI: Device ada0p3.eli created.\nGEOM_ELI: Encryption: 3DES-CBC 192\nGEOM_ELI:     Crypto: software\nGEOM_ELI: Device ada0p4.eli created.\nGEOM_ELI: Encryption: AES-XTS 128\nGEOM_ELI:     Crypto: software\nGEOM_ELI: Device da3.eli created.\nGEOM_ELI: Encryption: AES-XTS 128\nGEOM_ELI:     Crypto: software\ntun0: link state changed to UP"
}