{
 "id": 1299113,
 "bug_id": 277389,
 "attachment_id": 0,
 "creation_time": "2024-02-29T09:24:14Z",
 "creator": "pascal.guitierrez@gmail.com",
 "text": "I can reliably reproduce a freeze using iozone on 14.0-RELEASE-p5 using a simple ZFS pool backed onto SATA HDDs as such:\n\nNAME         SIZE  ALLOC   FREE  CKPOINT  EXPANDSZ   FRAG    CAP  DEDUP    HEALTH  ALTROOT\ntank        1.81T   512G  1.31T        -         -    36%    27%  1.00x    ONLINE  -\n  mirror-0  1.81T   512G  1.31T        -         -    36%  27.6%      -    ONLINE\n    ada0    1.82T      -      -        -         -      -      -      -    ONLINE\n    ada1    1.82T      -      -        -         -      -      -      -    ONLINE\n\n\nTo reproduce I create a ZFS filesystem with compression=off, then run iozone -i 0,1 -l 512 -r 4k -s 1g\n\nThe write tests execute fine (writing out 512 1g files), however when it runs the read tests (1=read/re-read) the system freezes due to an apparent low memory condition after only a few minutes.\n\nI've tried increasing the following sysctls from their defaults:\nvm.v_free_target\nvm.v_free_min\nvm.v_free_severe\nvm.v_free_reserved\nvfs.zfs.arc.sys_free\nvfs.zfs.arc.free_target\n\nand reducing the following:\nvfs.zfs.arc_max\n\nBut no effect, free memory reliably drops below 100M and does not recover and soon after the system will freeze and require a hard reset.\n\n\nThis machine has 16GB of RAM with no swap (have also tried with swap on zvol but same effect), dmesg is below:\n\n\n---\u003c\u003cBOOT\u003e\u003e---\nCopyright (c) 1992-2023 The FreeBSD Project.\nCopyright (c) 1979, 1980, 1983, 1986, 1988, 1989, 1991, 1992, 1993, 1994\n\tThe Regents of the University of California. All rights reserved.\nFreeBSD is a registered trademark of The FreeBSD Foundation.\nFreeBSD 14.0-RELEASE-p5 #0: Tue Feb 13 23:37:36 UTC 2024\n    root@amd64-builder.daemonology.net:/usr/obj/usr/src/amd64.amd64/sys/GENERIC amd64\nFreeBSD clang version 16.0.6 (https://github.com/llvm/llvm-project.git llvmorg-16.0.6-0-g7cbf1a259152)\nVT(efifb): resolution 800x600\nCPU: Intel(R) Atom(TM) CPU C3758 @ 2.20GHz (2200.21-MHz K8-class CPU)\n  Origin=\"GenuineIntel\"  Id=0x506f1  Family=0x6  Model=0x5f  Stepping=1\n  Features=0xbfebfbff\u003cFPU,VME,DE,PSE,TSC,MSR,PAE,MCE,CX8,APIC,SEP,MTRR,PGE,MCA,CMOV,PAT,PSE36,CLFLUSH,DTS,ACPI,MMX,FXSR,SSE,SSE2,SS,HTT,TM,PBE\u003e\n  Features2=0x4ff8ebbf\u003cSSE3,PCLMULQDQ,DTES64,MON,DS_CPL,VMX,EST,TM2,SSSE3,SDBG,CX16,xTPR,PDCM,SSE4.1,SSE4.2,x2APIC,MOVBE,POPCNT,TSCDLT,AESNI,XSAVE,OSXSAVE,RDRAND\u003e\n  AMD Features=0x2c100800\u003cSYSCALL,NX,Page1GB,RDTSCP,LM\u003e\n  AMD Features2=0x101\u003cLAHF,Prefetch\u003e\n  Structured Extended Features=0x2294e283\u003cFSGSBASE,TSCADJ,SMEP,ERMS,NFPUSG,MPX,PQE,RDSEED,SMAP,CLFLUSHOPT,PROCTRACE,SHA\u003e\n  Structured Extended Features3=0xac000400\u003cMD_CLEAR,IBPB,STIBP,ARCH_CAP,SSBD\u003e\n  XSAVE Features=0xf\u003cXSAVEOPT,XSAVEC,XINUSE,XSAVES\u003e\n  IA32_ARCH_CAPS=0x14000c69\u003cRDCL_NO,SKIP_L1DFL_VME,MDS_NO\u003e\n  VT-x: PAT,HLT,MTF,PAUSE,EPT,UG,VPID,VID,PostIntr\n  TSC: P-state invariant, performance statistics\nreal memory  = 17179869184 (16384 MB)\navail memory = 16552595456 (15785 MB)\nEvent timer \"LAPIC\" quality 600\nACPI APIC Table: \u003cINTEL  TIANO   \u003e\nWARNING: L1 data cache covers fewer APIC IDs than a core (0 \u003c 1)\nFreeBSD/SMP: Multiprocessor System Detected: 8 CPUs\nFreeBSD/SMP: 1 package(s) x 8 core(s)\nrandom: registering fast source Intel Secure Key RNG\nrandom: fast provider: \"Intel Secure Key RNG\"\nrandom: unblocking device.\nioapic0 \u003cVersion 2.0\u003e irqs 0-23\nLaunching APs: 2 3 5 1 4 6 7\nrandom: entropy device external interface\nkbd0 at kbdmux0\nefirtc0: \u003cEFI Realtime Clock\u003e\nefirtc0: registered as a time-of-day clock, resolution 1.000000s\nsmbios0: \u003cSystem Management BIOS\u003e at iomem 0x7f0c4000-0x7f0c401e\nsmbios0: Version: 3.0, BCD Revision: 3.0\naesni0: \u003cAES-CBC,AES-CCM,AES-GCM,AES-ICM,AES-XTS,SHA1,SHA256\u003e\nacpi0: \u003cSUPERM SMCI--MB\u003e\nacpi0: Power Button (fixed)\ncpu0: \u003cACPI CPU\u003e on acpi0\nhpet0: \u003cHigh Precision Event Timer\u003e iomem 0xfed00000-0xfed003ff on acpi0\nTimecounter \"HPET\" frequency 24000000 Hz quality 950\nEvent timer \"HPET\" frequency 24000000 Hz quality 550\natrtc0: \u003cAT realtime clock\u003e port 0x70-0x77 irq 8 on acpi0\natrtc0: Warning: Couldn't map I/O.\natrtc0: registered as a time-of-day clock, resolution 1.000000s\nEvent timer \"RTC\" frequency 32768 Hz quality 0\nattimer0: \u003cAT timer\u003e port 0x40-0x43,0x50-0x53 irq 0 on acpi0\nTimecounter \"i8254\" frequency 1193182 Hz quality 0\nEvent timer \"i8254\" frequency 1193182 Hz quality 100\nTimecounter \"ACPI-fast\" frequency 3579545 Hz quality 900\nacpi_timer0: \u003c24-bit timer at 3.579545MHz\u003e port 0x1808-0x180b on acpi0\npcib0: \u003cACPI Host-PCI bridge\u003e port 0xcf8-0xcff on acpi0\npci0: \u003cACPI PCI bus\u003e on pcib0\npcib1: \u003cACPI PCI-PCI bridge\u003e at device 6.0 on pci0\npci1: \u003cACPI PCI bus\u003e on pcib1\npci1: \u003cprocessor\u003e at device 0.0 (no driver attached)\npcib2: \u003cACPI PCI-PCI bridge\u003e mem 0xdf440000-0xdf45ffff at device 9.0 on pci0\npci2: \u003cACPI PCI bus\u003e on pcib2\npcib3: \u003cACPI PCI-PCI bridge\u003e mem 0xdf420000-0xdf43ffff at device 16.0 on pci0\npci3: \u003cACPI PCI bus\u003e on pcib3\npcib4: \u003cACPI PCI-PCI bridge\u003e mem 0xdf400000-0xdf41ffff at device 17.0 on pci0\npci4: \u003cACPI PCI bus\u003e on pcib4\npcib5: \u003cACPI PCI-PCI bridge\u003e at device 0.0 on pci4\npci5: \u003cACPI PCI bus\u003e on pcib5\nvgapci0: \u003cVGA-compatible display\u003e port 0xd000-0xd07f mem 0xde000000-0xdeffffff,0xdf000000-0xdf01ffff at device 0.0 on pci5\nahci0: \u003cIntel Denverton AHCI SATA controller\u003e port 0xe090-0xe097,0xe080-0xe083,0xe040-0xe05f mem 0xdf476000-0xdf477fff,0xdf47d000-0xdf47d0ff,0xdf47c000-0xdf47c7ff at device 19.0 on pci0\nahci0: AHCI v1.31 with 8 6Gbps ports, Port Multiplier not supported\nahcich0: \u003cAHCI channel\u003e at channel 0 on ahci0\nahcich1: \u003cAHCI channel\u003e at channel 1 on ahci0\nahcich2: \u003cAHCI channel\u003e at channel 2 on ahci0\nahcich3: \u003cAHCI channel\u003e at channel 3 on ahci0\nahcich4: \u003cAHCI channel\u003e at channel 4 on ahci0\nahcich5: \u003cAHCI channel\u003e at channel 5 on ahci0\nahcich6: \u003cAHCI channel\u003e at channel 6 on ahci0\nahcich7: \u003cAHCI channel\u003e at channel 7 on ahci0\nahciem0: \u003cAHCI enclosure management bridge\u003e on ahci0\nahci1: \u003cIntel Denverton AHCI SATA controller\u003e port 0xe070-0xe077,0xe060-0xe063,0xe020-0xe03f mem 0xdf474000-0xdf475fff,0xdf47b000-0xdf47b0ff,0xdf47a000-0xdf47a7ff at device 20.0 on pci0\nahci1: AHCI v1.31 with 4 6Gbps ports, Port Multiplier not supported\nahcich11: \u003cAHCI channel\u003e at channel 3 on ahci1\nahcich12: \u003cAHCI channel\u003e at channel 4 on ahci1\nahcich13: \u003cAHCI channel\u003e at channel 5 on ahci1\nahcich14: \u003cAHCI channel\u003e at channel 6 on ahci1\nahciem1: \u003cAHCI enclosure management bridge\u003e on ahci1\nxhci0: \u003cIntel Denverton USB 3.0 controller\u003e mem 0xdf460000-0xdf46ffff at device 21.0 on pci0\nxhci0: 32 bytes context size, 64-bit DMA\nusbus0 on xhci0\nusbus0: 5.0Gbps Super Speed USB v3.0\npcib6: \u003cACPI PCI-PCI bridge\u003e at device 22.0 on pci0\npci6: \u003cACPI PCI bus\u003e on pcib6\nix0: \u003cIntel(R) X553 (1GbE)\u003e mem 0xddc00000-0xdddfffff,0xdde04000-0xdde07fff at device 0.0 on pci6\nix0: Using 2048 TX descriptors and 2048 RX descriptors\nix0: Using 8 RX queues 8 TX queues\nix0: Using MSI-X interrupts with 9 vectors\nix0: allocated for 8 queues\nix0: allocated for 8 rx queues\nix0: Ethernet address: 3c:ec:ef:e9:aa:30\nix0: eTrack 0x80000877\nix0: netmap queues/slots: TX 8/2048, RX 8/2048\nix1: \u003cIntel(R) X553 (1GbE)\u003e mem 0xdda00000-0xddbfffff,0xdde00000-0xdde03fff at device 0.1 on pci6\nix1: Using 2048 TX descriptors and 2048 RX descriptors\nix1: Using 8 RX queues 8 TX queues\nix1: Using MSI-X interrupts with 9 vectors\nix1: allocated for 8 queues\nix1: allocated for 8 rx queues\nix1: Ethernet address: 3c:ec:ef:e9:aa:31\nix1: eTrack 0x80000877\nix1: netmap queues/slots: TX 8/2048, RX 8/2048\npcib7: \u003cACPI PCI-PCI bridge\u003e at device 23.0 on pci0\npci7: \u003cACPI PCI bus\u003e on pcib7\nix2: \u003cIntel(R) X553 (1GbE)\u003e mem 0xdd600000-0xdd7fffff,0xdd804000-0xdd807fff at device 0.0 on pci7\nix2: Using 2048 TX descriptors and 2048 RX descriptors\nix2: Using 8 RX queues 8 TX queues\nix2: Using MSI-X interrupts with 9 vectors\nix2: allocated for 8 queues\nix2: allocated for 8 rx queues\nix2: Ethernet address: 3c:ec:ef:e9:aa:32\nix2: eTrack 0x8000087c\nix2: netmap queues/slots: TX 8/2048, RX 8/2048\nix3: \u003cIntel(R) X553 (1GbE)\u003e mem 0xdd400000-0xdd5fffff,0xdd800000-0xdd803fff at device 0.1 on pci7\nix3: Using 2048 TX descriptors and 2048 RX descriptors\nix3: Using 8 RX queues 8 TX queues\nix3: Using MSI-X interrupts with 9 vectors\nix3: allocated for 8 queues\nix3: allocated for 8 rx queues\nix3: Ethernet address: 3c:ec:ef:e9:aa:33\nix3: eTrack 0x8000087c\nix3: netmap queues/slots: TX 8/2048, RX 8/2048\npci0: \u003csimple comms\u003e at device 24.0 (no driver attached)\nisab0: \u003cPCI-ISA bridge\u003e at device 31.0 on pci0\nisa0: \u003cISA bus\u003e on isab0\npci0: \u003cmemory\u003e at device 31.2 (no driver attached)\npci0: \u003cserial bus\u003e at device 31.5 (no driver attached)\napei0: \u003cACPI Platform Error Interface\u003e on acpi0\nuart0: \u003c16550 or compatible\u003e port 0x3f8-0x3ff irq 4 flags 0x10 on acpi0\nns8250: UART FCR is broken\nuart0: console (115200,n,8,1)\nuart1: \u003c16550 or compatible\u003e port 0x2f8-0x2ff irq 3 on acpi0\nest0: \u003cEnhanced SpeedStep Frequency Control\u003e on cpu0\nTimecounter \"TSC-low\" frequency 1099999978 Hz quality 1000\nTimecounters tick every 1.000 msec\nZFS filesystem version: 5\nZFS storage pool version: features support (5000)\nTrying to mount root from zfs:zroot/ROOT/default []...\nugen0.1: \u003cIntel XHCI root HUB\u003e at usbus0\nuhub0 on usbus0\nuhub0: \u003cIntel XHCI root HUB, class 9/0, rev 3.00/1.00, addr 1\u003e on usbus0\nada0 at ahcich0 bus 0 scbus0 target 0 lun 0\nada0: \u003cST2000NM001A-2J2101 SN03\u003e ACS-4 ATA SATA 3.x device\nada0: Serial Number WS10R331\nada0: 600.000MB/s transfers (SATA 3.x, UDMA6, PIO 8192bytes)\nada0: Command Queueing enabled\nada0: 1907729MB (3907029168 512 byte sectors)\nada1 at ahcich1 bus 0 scbus1 target 0 lun 0\nada1: \u003cST2000NM001A-2J2101 SN03\u003e ACS-4 ATA SATA 3.x device\nada1: Serial Number WS10R3FB\nada1: 600.000MB/s transfers (SATA 3.x, UDMA6, PIO 8192bytes)\nada1: Command Queueing enabled\nada1: 1907729MB (3907029168 512 byte sectors)\nses0 at ahciem0 bus 0 scbus8 target 0 lun 0\nses0: \u003cAHCI SGPIO Enclosure 2.00 0001\u003e SEMB S-E-S 2.00 device\nses0: SEMB SES Device\nses1 at ahciem1 bus 0 scbus13 target 0 lun 0\nses1: \u003cAHCI SGPIO Enclosure 2.00 0001\u003e SEMB S-E-S 2.00 device\nses1: SEMB SES Device\nses0: ada0,pass0 in 'Slot 00', SATA Slot: scbus0 target 0\nses0: ada1,pass1 in 'Slot 01', SATA Slot: scbus1 target 0\nuhub0: 8 ports with 8 removable, self powered\nRoot mount waiting for: usbus0\nusb_msc_auto_quirk: UQ_MSC_NO_GETMAXLUN set for USB mass storage device Generic USB Storage (0x05e3:0x0736)\nRoot mount waiting for: usbus0\nusb_msc_auto_quirk: UQ_MSC_NO_TEST_UNIT_READY set for USB mass storage device Generic USB Storage (0x05e3:0x0736)\nusb_msc_auto_quirk: UQ_MSC_NO_PREVENT_ALLOW set for USB mass storage device Generic USB Storage (0x05e3:0x0736)\nusb_msc_auto_quirk: UQ_MSC_NO_SYNC_CACHE set for USB mass storage device Generic USB Storage (0x05e3:0x0736)\nugen0.2: \u003cGeneric USB Storage\u003e at usbus0\numass0 on uhub0\numass0: \u003cGeneric USB Storage, class 0/0, rev 2.00/2.72, addr 1\u003e on usbus0\numass0:  SCSI over Bulk-Only; quirks = 0xc101\numass0:14:0: Attached to scbus14\nda0 at umass-sim0 bus 0 scbus14 target 0 lun 0\nda0: \u003cGeneric STORAGE DEVICE 0272\u003e Removable Direct Access SCSI device\nda0: Serial Number 000000000272\nda0: 40.000MB/s transfers\nda0: 3968MB (8126464 512 byte sectors)\nda0: quirks=0x3\u003cNO_SYNC_CACHE,NO_6_BYTE\u003e\nusb_msc_auto_quirk: UQ_MSC_NO_GETMAXLUN set for USB mass storage device Generic USB Storage (0x05e3:0x0736)\nRoot mount waiting for: usbus0\nusb_msc_auto_quirk: UQ_MSC_NO_TEST_UNIT_READY set for USB mass storage device Generic USB Storage (0x05e3:0x0736)\nusb_msc_auto_quirk: UQ_MSC_NO_PREVENT_ALLOW set for USB mass storage device Generic USB Storage (0x05e3:0x0736)\nusb_msc_auto_quirk: UQ_MSC_NO_SYNC_CACHE set for USB mass storage device Generic USB Storage (0x05e3:0x0736)\nugen0.3: \u003cGeneric USB Storage\u003e at usbus0\numass1 on uhub0\numass1: \u003cGeneric USB Storage, class 0/0, rev 2.00/2.72, addr 2\u003e on usbus0\numass1:  SCSI over Bulk-Only; quirks = 0xc101\numass1:15:1: Attached to scbus15\nda1 at umass-sim1 bus 1 scbus15 target 0 lun 0\nda1: \u003cGeneric STORAGE DEVICE 0272\u003e Removable Direct Access SCSI device\nda1: Serial Number 000000000272\nda1: 40.000MB/s transfers\nda1: 3968MB (8126464 512 byte sectors)\nda1: quirks=0x3\u003cNO_SYNC_CACHE,NO_6_BYTE\u003e\nugen0.4: \u003cvendor 0x05e3 USB2.0 Hub\u003e at usbus0\nuhub1 on uhub0\nuhub1: \u003cvendor 0x05e3 USB2.0 Hub, class 9/0, rev 2.00/32.98, addr 3\u003e on usbus0\nuhub1: MTT enabled\nRoot mount waiting for: usbus0\nuhub1: 4 ports with 4 removable, self powered\nRoot mount waiting for: usbus0\nugen0.5: \u003cvendor 0x0557 product 0x7000\u003e at usbus0\nuhub2 on uhub1\nuhub2: \u003cvendor 0x0557 product 0x7000, class 9/0, rev 2.00/0.00, addr 4\u003e on usbus0\nuhub2: 4 ports with 3 removable, self powered\nugen0.6: \u003cvendor 0x0557 product 0x2419\u003e at usbus0\nukbd0 on uhub2\nukbd0: \u003cvendor 0x0557 product 0x2419, class 0/0, rev 1.10/1.00, addr 5\u003e on usbus0\nkbd1 at ukbd0\nRoot mount waiting for: usbus0\nugen0.7: \u003cvendor 0x05e3 USB2.0 Hub\u003e at usbus0\nuhub3 on uhub1\nuhub3: \u003cvendor 0x05e3 USB2.0 Hub, class 9/0, rev 2.00/32.98, addr 6\u003e on usbus0\nuhub3: MTT enabled\nuhub3: 4 ports with 4 removable, self powered\nRoot mount waiting for: usbus0\nugen0.8: \u003cLogitech Logitech USB Keyboard\u003e at usbus0\nukbd1 on uhub3\nukbd1: \u003cLogitech Logitech USB Keyboard, class 0/0, rev 1.10/28.00, addr 7\u003e on usbus0\nkbd2 at ukbd1\nDual Console: Video Primary, Serial Secondary\nichsmb0: \u003cIntel Denverton SMBus controller\u003e port 0xe000-0xe01f mem 0xdf478000-0xdf4780ff at device 31.4 on pci0\nsmbus0: \u003cSystem Management Bus\u003e on ichsmb0\nlo0: link state changed to UP\nums0 on uhub2\nums0: \u003cvendor 0x0557 product 0x2419, class 0/0, rev 1.10/1.00, addr 5\u003e on usbus0\nums0: 3 buttons and [Z] coordinates ID=0\nix0: link state changed to UP"
}