{
 "id": 738286,
 "bug_id": 183803,
 "attachment_id": 0,
 "creation_time": "2013-11-08T23:40:00Z",
 "creator": "peter@syllopsium.co.uk",
 "text": "When installing 10.0 beta 2 on a P4PE motherboard with a fasttrack 376 (Promise PDC20376) SATA 1 controller, the install does not correctly detect/set up the disk slices under /etc.\n\nAn fdisk /ada0 does return the correct geometry but this is not recognised by the install. It is necessary to do a kern.geom.raid.enable=0 to disable geom.\n\nTo get a single SATA disk working on the P4PE, it is necessary to use the RAID BIOS to create a single disk 'stripe'. This may be confusing FreeBSD. Manually loading the mirror or stripe modules before kernel boot does not help.\n\npciconf -lv\nhostb0@pci0:0:0:0:      class=0x060000 card=0x80b21043 chip=0x25608086 rev=0x02 hdr=0x00\n    vendor     = 'Intel Corporation'\n    device     = '82845G/GL[Brookdale-G]/GE/PE DRAM Controller/Host-Hub Interface'\n    class      = bridge\n    subclass   = HOST-PCI\npcib1@pci0:0:1:0:       class=0x060400 card=0x00000000 chip=0x25618086 rev=0x02 hdr=0x01\n    vendor     = 'Intel Corporation'\n    device     = '82845G/GL[Brookdale-G]/GE/PE Host-to-AGP Bridge'\n    class      = bridge\n    subclass   = PCI-PCI\nuhci0@pci0:0:29:0:      class=0x0c0300 card=0x80891043 chip=0x24c28086 rev=0x02 hdr=0x00\n    vendor     = 'Intel Corporation'\n    device     = '82801DB/DBL/DBM (ICH4/ICH4-L/ICH4-M) USB UHCI Controller'\n    class      = serial bus\n    subclass   = USB\nuhci1@pci0:0:29:1:      class=0x0c0300 card=0x80891043 chip=0x24c48086 rev=0x02 hdr=0x00\n    vendor     = 'Intel Corporation'\n    device     = '82801DB/DBL/DBM (ICH4/ICH4-L/ICH4-M) USB UHCI Controller'\n    class      = serial bus\n    subclass   = USB\nuhci2@pci0:0:29:2:      class=0x0c0300 card=0x80891043 chip=0x24c78086 rev=0x02 hdr=0x00\n    vendor     = 'Intel Corporation'\n    device     = '82801DB/DBL/DBM (ICH4/ICH4-L/ICH4-M) USB UHCI Controller'\n    class      = serial bus\n    subclass   = USB\nehci0@pci0:0:29:7:      class=0x0c0320 card=0x80891043 chip=0x24cd8086 rev=0x02 hdr=0x00\n    vendor     = 'Intel Corporation'\n    device     = '82801DB/DBM (ICH4/ICH4-M) USB2 EHCI Controller'\n    class      = serial bus\n    subclass   = USB\npcib2@pci0:0:30:0:      class=0x060400 card=0x00000000 chip=0x244e8086 rev=0x82 hdr=0x01\n    vendor     = 'Intel Corporation'\n    device     = '82801 PCI Bridge'\n    class      = bridge\n    subclass   = PCI-PCI\nisab0@pci0:0:31:0:      class=0x060100 card=0x00000000 chip=0x24c08086 rev=0x02 hdr=0x00\n    vendor     = 'Intel Corporation'\n    device     = '82801DB/DBL (ICH4/ICH4-L) LPC Interface Bridge'\n    class      = bridge\n    subclass   = PCI-ISA\natapci1@pci0:0:31:1:    class=0x01018a card=0x80891043 chip=0x24cb8086 rev=0x02 hdr=0x00\n    vendor     = 'Intel Corporation'\n    device     = '82801DB (ICH4) IDE Controller'\n    class      = mass storage\n    subclass   = ATA\npcm0@pci0:0:31:5:       class=0x040100 card=0x80b01043 chip=0x24c58086 rev=0x02 hdr=0x00\n    vendor     = 'Intel Corporation'\n    device     = '82801DB/DBL/DBM (ICH4/ICH4-L/ICH4-M) AC'97 Audio Controller'\n    class      = multimedia\n    subclass   = audio\nvgapci0@pci0:1:0:0:     class=0x030000 card=0x215c1682 chip=0x022110de rev=0xa1 hdr=0x00\n    vendor     = 'NVIDIA Corporation'\n    device     = 'NV44A [GeForce 6200]'\n    class      = display\n    subclass   = VGA\nnone0@pci0:2:3:0:       class=0x0c0010 card=0x808a1043 chip=0x30441106 rev=0x80 hdr=0x00\n    vendor     = 'VIA Technologies, Inc.'\n    device     = 'VT6306/7/8 [Fire II(M)] IEEE 1394 OHCI Controller'\n    class      = serial bus\n    subclass   = FireWire\natapci0@pci0:2:4:0:     class=0x010400 card=0x809e1043 chip=0x3376105a rev=0x02 hdr=0x00\n    vendor     = 'Promise Technology, Inc.'\n    device     = 'PDC20376 (FastTrak 376)'\n    class      = mass storage\n    subclass   = RAID\nbfe0@pci0:2:5:0:        class=0x020000 card=0x80a81043 chip=0x440114e4 rev=0x01 hdr=0x00\n    vendor     = 'Broadcom Corporation'\n    device     = 'BCM4401 100Base-T'\n    class      = network\n    subclass   = ethernet\n\ndmesg\n\nCopyright (c) 1992-2013 The FreeBSD Project.\nCopyright (c) 1979, 1980, 1983, 1986, 1988, 1989, 1991, 1992, 1993, 1994\n        The Regents of the University of California. All rights reserved.\nFreeBSD is a registered trademark of The FreeBSD Foundation.\nFreeBSD 10.0-BETA2 #0 r257166: Sat Oct 26 21:52:30 UTC 2013\n    root@snap.freebsd.org:/usr/obj/usr/src/sys/GENERIC i386\nFreeBSD clang version 3.3 (tags/RELEASE_33/final 183502) 20130610\nCPU: Intel(R) Pentium(R) 4 CPU 3.00GHz (3000.16-MHz 686-class CPU)\n  Origin = \"GenuineIntel\"  Id = 0xf29  Family = 0xf  Model = 0x2  Stepping = 9\n  Features=0xbfebfbff\u003cFPU,VME,DE,PSE,TSC,MSR,PAE,MCE,CX8,APIC,SEP,MTRR,PGE,MCA,CMOV,PAT,PSE36,CLFLUSH,DTS,ACPI,MMX,FXSR,SSE,SSE2,SS,HTT,TM,PBE\u003e\n  Features2=0x4400\u003cCNXT-ID,xTPR\u003e\nreal memory  = 1073741824 (1024 MB)\navail memory = 1017126912 (970 MB)\nEvent timer \"LAPIC\" quality 400\nACPI APIC Table: \u003cASUS   P4PE    \u003e\nFreeBSD/SMP: Multiprocessor System Detected: 2 CPUs\nFreeBSD/SMP: 1 package(s) x 1 core(s) x 2 HTT threads\n cpu0 (BSP): APIC ID:  0\n cpu1 (AP/HT): APIC ID:  1\nioapic0 \u003cVersion 2.0\u003e irqs 0-23 on motherboard\nkbd1 at kbdmux0\nrandom: \u003cSoftware, Yarrow\u003e initialized\nacpi0: \u003cASUS P4PE\u003e on motherboard\nacpi0: Overriding SCI from IRQ 9 to IRQ 22\nacpi0: Power Button (fixed)\nacpi0: reservation of 0, a0000 (3) failed\nacpi0: reservation of 100000, 3ff00000 (3) failed\ncpu0: \u003cACPI CPU\u003e on acpi0\ncpu1: \u003cACPI CPU\u003e on acpi0\nattimer0: \u003cAT timer\u003e port 0x40-0x43 irq 0 on acpi0\nTimecounter \"i8254\" frequency 1193182 Hz quality 0\nEvent timer \"i8254\" frequency 1193182 Hz quality 100\natrtc0: \u003cAT realtime clock\u003e port 0x70-0x73 irq 8 on acpi0\nEvent timer \"RTC\" frequency 32768 Hz quality 0\nTimecounter \"ACPI-fast\" frequency 3579545 Hz quality 900\nacpi_timer0: \u003c24-bit timer at 3.579545MHz\u003e port 0xe408-0xe40b on acpi0\nacpi_button0: \u003cPower Button\u003e on acpi0\npcib0: \u003cACPI Host-PCI bridge\u003e port 0xcf8-0xcff on acpi0\npci0: \u003cACPI PCI bus\u003e on pcib0\npcib1: \u003cACPI PCI-PCI bridge\u003e at device 1.0 on pci0\npci1: \u003cACPI PCI bus\u003e on pcib1\nvgapci0: \u003cVGA-compatible display\u003e mem 0xde000000-0xdeffffff,0xe0000000-0xefffffff,0xdd000000-0xddffffff irq 16 at device 0.0 on pci1\nnvidia0: \u003cGeForce 6200\u003e on vgapci0\nvgapci0: child nvidia0 requested pci_enable_io\nvgapci0: child nvidia0 requested pci_enable_io\nuhci0: \u003cIntel 82801DB (ICH4) USB controller USB-A\u003e port 0xd800-0xd81f irq 16 at device 29.0 on pci0\nuhci0: LegSup = 0x2f00\nusbus0 on uhci0\nuhci1: \u003cIntel 82801DB (ICH4) USB controller USB-B\u003e port 0xd400-0xd41f irq 19 at device 29.1 on pci0\nuhci1: LegSup = 0x2f00\nusbus1 on uhci1\nuhci2: \u003cIntel 82801DB (ICH4) USB controller USB-C\u003e port 0xd000-0xd01f irq 18 at device 29.2 on pci0\nuhci2: LegSup = 0x2f00\nusbus2 on uhci2\nehci0: \u003cIntel 82801DB/L/M (ICH4) USB 2.0 controller\u003e mem 0xdc800000-0xdc8003ff at device 29.7 on pci0\nusbus3: EHCI version 1.0\nusbus3 on ehci0\npcib2: \u003cACPI PCI-PCI bridge\u003e at device 30.0 on pci0\npci2: \u003cACPI PCI bus\u003e on pcib2\npci2: \u003cserial bus, FireWire\u003e at device 3.0 (no driver attached)\natapci0: \u003cPromise PDC20376 SATA150 controller\u003e port 0xb400-0xb43f,0xb000-0xb00f,0xa800-0xa87f mem 0xdb800000-0xdb800fff,0xdb000000-0xdb01ffff irq 23 at device 4.0 on pci2\nata2: \u003cATA channel\u003e at channel 0 on atapci0\nata3: \u003cATA channel\u003e at channel 1 on atapci0\nata4: \u003cATA channel\u003e at channel 2 on atapci0\nbfe0: \u003cBroadcom BCM4401 Fast Ethernet\u003e mem 0xda800000-0xda801fff at device 5.0 on pci2\nmiibus0: \u003cMII bus\u003e on bfe0\nbmtphy0: \u003cBCM4401 10/100 media interface\u003e PHY 1 on miibus0\nbmtphy0:  none, 10baseT, 10baseT-FDX, 100baseTX, 100baseTX-FDX, auto\nbfe0: Ethernet address: 00:e0:18:af:9b:ab\nisab0: \u003cPCI-ISA bridge\u003e at device 31.0 on pci0\nisa0: \u003cISA bus\u003e on isab0\natapci1: \u003cIntel ICH4 UDMA100 controller\u003e port 0x1f0-0x1f7,0x3f6,0x170-0x177,0x376,0xf000-0xf00f irq 18 at device 31.1 on pci0\nata0: \u003cATA channel\u003e at channel 0 on atapci1\nata1: \u003cATA channel\u003e at channel 1 on atapci1\npcm0: \u003cIntel ICH4 (82801DB)\u003e port 0x9800-0x98ff,0x9400-0x943f mem 0xda000000-0xda0001ff,0xd9800000-0xd98000ff at device 31.5 on pci0\npcm0: \u003cAnalog Devices AD1980 AC97 Codec\u003e\nppc0: \u003cParallel port\u003e port 0x378-0x37f,0x778-0x77b irq 7 drq 3 on acpi0\nppc0: SMC-like chipset (ECP/EPP/PS2/NIBBLE) in COMPATIBLE mode\nppc0: FIFO with 16/16/16 bytes threshold\nppbus0: \u003cParallel port bus\u003e on ppc0\nlpt0: \u003cPrinter\u003e on ppbus0\nlpt0: Interrupt-driven port\nppi0: \u003cParallel I/O\u003e on ppbus0\nuart0: \u003c16550 or compatible\u003e port 0x3f8-0x3ff irq 4 flags 0x10 on acpi0\nuart1: \u003c16550 or compatible\u003e port 0x2f8-0x2ff irq 3 on acpi0\natkbdc0: \u003cKeyboard controller (i8042)\u003e port 0x60,0x64 irq 1 on acpi0\natkbd0: \u003cAT Keyboard\u003e irq 1 on atkbdc0\nkbd0 at atkbd0\natkbd0: [GIANT-LOCKED]\npsm0: \u003cPS/2 Mouse\u003e irq 12 on atkbdc0\npsm0: [GIANT-LOCKED]\npsm0: model IntelliMouse Explorer, device ID 4\npmtimer0 on isa0\nsc0: \u003cSystem console\u003e at flags 0x100 on isa0\nsc0: VGA \u003c16 virtual consoles, flags=0x300\u003e\nvga0: \u003cGeneric ISA VGA\u003e at port 0x3c0-0x3df iomem 0xa0000-0xbffff on isa0\nfdc0: No FDOUT register!\np4tcc0: \u003cCPU Frequency Thermal Control\u003e on cpu0\np4tcc1: \u003cCPU Frequency Thermal Control\u003e on cpu1\nTimecounters tick every 1.000 msec\nrandom: unblocking device.\nusbus0: 12Mbps Full Speed USB v1.0\nusbus1: 12Mbps Full Speed USB v1.0\nusbus2: 12Mbps Full Speed USB v1.0\nusbus3: 480Mbps High Speed USB v2.0\nugen1.1: \u003cIntel\u003e at usbus1\nuhub0: \u003cIntel UHCI root HUB, class 9/0, rev 1.00/1.00, addr 1\u003e on usbus1\nugen0.1: \u003cIntel\u003e at usbus0\nuhub1: \u003cIntel UHCI root HUB, class 9/0, rev 1.00/1.00, addr 1\u003e on usbus0\nugen3.1: \u003cIntel\u003e at usbus3\nuhub2: \u003cIntel EHCI root HUB, class 9/0, rev 2.00/1.00, addr 1\u003e on usbus3\nugen2.1: \u003cIntel\u003e at usbus2\nuhub3: \u003cIntel UHCI root HUB, class 9/0, rev 1.00/1.00, addr 1\u003e on usbus2\nuhub0: 2 ports with 2 removable, self powered\nuhub1: 2 ports with 2 removable, self powered\nuhub3: 2 ports with 2 removable, self powered\nada0 at ata2 bus 0 scbus0 target 0 lun 0\nada0: \u003cVB0250EAVER HPG8\u003e ATA-8 SATA 2.x device\nada0: Serial Number Z2AQQKVH\nada0: 150.000MB/s transfers (SATA 1.x, UDMA5, PIO 8192bytes)\nada0: 238475MB (488397168 512 byte sectors: 16H 63S/T 16383C)\nada0: Previously was known as ad4\ncd0 at ata0 bus 0 scbus3 target 0 lun 0\ncd0: \u003cPIONEER DVD-RW  DVR-108 1.18\u003e Removable CD-ROM SCSI-0 device \ncd0: Serial Number DJDC360610WL\ncd0: 66.700MB/s transfers (UDMA4, ATAPI 12bytes, PIO 65534bytes)\ncd0: Attempt to query device size failed: NOT READY, Medium not present\nSMP: AP CPU #1 Launched!\nGEOM: ada0s3: invalid disklabel.\nGEOM: diskid/DISK-Z2AQQKVHs3: invalid disklabel.\nRoot mount waiting for: usbus3\n(followed by a lot of faffing around with USB bus resets to attach a USB flash drive. snipped as it's not relevant here)\n\nFix: \n\nsetting kern.geom.raid.enable=0 is a workaround for now\nHow-To-Repeat: Run install, try to install on disk. Fail."
}