{
 "id": 445907,
 "bug_id": 123775,
 "attachment_id": 0,
 "creation_time": "2008-05-18T03:40:03Z",
 "creator": "alex@ahhyes.net",
 "text": "DRI Fails to work.\n\nHeres some info from my dmesg:\n\n[root@laptop ~]# dmesg |grep agp\nagp0: \u003cIntel 82855GME (855GME GMCH) SVGA controller\u003e on vgapci0\nagp0: detected 892k stolen memory\nagp0: aperture size is 128M\n\n[root@laptop ~]# dmesg |grep drm\ndrm0: \u003cIntel i852GM/i855GM GMCH\u003e on vgapci0\ninfo: [drm] AGP at 0xf0000000 128MB\ninfo: [drm] Initialized i915 1.5.0 20060119\ndrm1: \u003cIntel i852GM/i855GM GMCH\u003e on vgapci1\ninfo: [drm] AGP at 0xf0000000 128MB\ninfo: [drm] Initialized i915 1.5.0 20060119\n\nI notice this recurring error message in the tty too for vadious PID's\n\nerror: [drm:pid725:i915_getparam] *ERROR* i915_getparam called with no initialization \n\nFreeBSD 6.x previously did not have this problem on this very machine. I am not able to tell whether its an issue with 'stable' specifically, as I didnt test under RELEASE. I installed 7 and cvsup'd to stable straightaway and rebuilt world.\n\n------------------\nFULL dmesg output:\n------------------\n[alex@laptop ~]$ dmesg\nCopyright (c) 1992-2008 The FreeBSD Project.\nCopyright (c) 1979, 1980, 1983, 1986, 1988, 1989, 1991, 1992, 1993, 1994\n        The Regents of the University of California. All rights reserved.\nFreeBSD is a registered trademark of The FreeBSD Foundation.\nFreeBSD 7.0-STABLE #1: Thu May  8 22:33:28 EST 2008\n    root@laptop.xor.net:/usr/obj/usr/src/sys/custom\nTimecounter \"i8254\" frequency 1193182 Hz quality 0\nCPU: Intel(R) Pentium(R) M processor 1.70GHz (1693.13-MHz 686-class CPU)\n  Origin = \"GenuineIntel\"  Id = 0x6d6  Stepping = 6\n  Features=0xafe9f9bf\u003cFPU,VME,DE,PSE,TSC,MSR,MCE,CX8,SEP,MTRR,PGE,MCA,CMOV,PAT,CLFLUSH,DTS,ACPI,MMX,FXSR,SSE,SSE2,SS,TM,PBE\u003e\n  Features2=0x180\u003cEST,TM2\u003e\nreal memory  = 1072340992 (1022 MB)\navail memory = 1040187392 (992 MB)\nkbd1 at kbdmux0\nacpi0: \u003cDELL CPi R  \u003e on motherboard\nacpi0: [ITHREAD]\nacpi0: reservation of 0, 9fc00 (3) failed\nacpi0: reservation of 100000, 3fdf0000 (3) failed\nTimecounter \"ACPI-fast\" frequency 3579545 Hz quality 1000\nacpi_timer0: \u003c24-bit timer at 3.579545MHz\u003e port 0x808-0x80b on acpi0\ncpu0: \u003cACPI CPU\u003e on acpi0\nest0: \u003cEnhanced SpeedStep Frequency Control\u003e on cpu0\np4tcc0: \u003cCPU Frequency Thermal Control\u003e on cpu0\nacpi_acad0: \u003cAC Adapter\u003e on acpi0\nbattery0: \u003cACPI Control Method Battery\u003e on acpi0\nbattery1: \u003cACPI Control Method Battery\u003e on acpi0\nacpi_lid0: \u003cControl Method Lid Switch\u003e on acpi0\nacpi_button0: \u003cPower Button\u003e on acpi0\nacpi_button1: \u003cSleep Button\u003e on acpi0\npcib0: \u003cACPI Host-PCI bridge\u003e port 0xcf8-0xcff on acpi0\npci_link1: BIOS IRQ 11 for 0.31.INTB is invalid\npci0: \u003cACPI PCI bus\u003e on pcib0\npci0: \u003cbase peripheral\u003e at device 0.1 (no driver attached)\npci0: \u003cbase peripheral\u003e at device 0.3 (no driver attached)\nvgapci0: \u003cVGA-compatible display\u003e port 0xc000-0xc007 mem 0xf0000000-0xf7ffffff,0xfaf80000-0xfaffffff irq 11 at device 2.0 on pci0\nagp0: \u003cIntel 82855GME (855GME GMCH) SVGA controller\u003e on vgapci0\nagp0: detected 892k stolen memory\nagp0: aperture size is 128M\ndrm0: \u003cIntel i852GM/i855GM GMCH\u003e on vgapci0\ninfo: [drm] AGP at 0xf0000000 128MB\ninfo: [drm] Initialized i915 1.5.0 20060119\nvgapci1: \u003cVGA-compatible display\u003e mem 0xe8000000-0xefffffff,0xfaf00000-0xfaf7ffff at device 2.1 on pci0\ndrm1: \u003cIntel i852GM/i855GM GMCH\u003e on vgapci1\ninfo: [drm] AGP at 0xf0000000 128MB\ninfo: [drm] Initialized i915 1.5.0 20060119\npci0: \u003cserial bus, USB\u003e at device 29.0 (no driver attached)\npci0: \u003cserial bus, USB\u003e at device 29.1 (no driver attached)\npci0: \u003cserial bus, USB\u003e at device 29.2 (no driver attached)\npci0: \u003cserial bus, USB\u003e at device 29.7 (no driver attached)\npcib1: \u003cACPI PCI-PCI bridge\u003e at device 30.0 on pci0\npci_link1: BIOS IRQ 11 for 1.3.INTA is invalid\npci_link1: BIOS IRQ 11 for 1.8.INTA is invalid\npci1: \u003cACPI PCI bus\u003e on pcib1\npci1: \u003cbridge, PCI-CardBus\u003e at device 1.0 (no driver attached)\npci1: \u003cserial bus, FireWire\u003e at device 1.1 (no driver attached)\npci1: \u003cnetwork\u003e at device 3.0 (no driver attached)\nfxp0: \u003cIntel 82801DB (ICH4) Pro/100 VE Ethernet\u003e port 0xecc0-0xecff mem 0xfcffd000-0xfcffdfff irq 11 at device 8.0 on pci1\nmiibus0: \u003cMII bus\u003e on fxp0\ninphy0: \u003ci82562ET 10/100 media interface\u003e PHY 1 on miibus0\ninphy0:  10baseT, 10baseT-FDX, 100baseTX, 100baseTX-FDX, auto\nfxp0: Ethernet address: 00:12:3f:14:66:74\nfxp0: [ITHREAD]\nisab0: \u003cPCI-ISA bridge\u003e at device 31.0 on pci0\nisa0: \u003cISA bus\u003e on isab0\natapci0: \u003cIntel ICH4 UDMA100 controller\u003e port 0x1f0-0x1f7,0x3f6,0x170-0x177,0x376,0xbfa0-0xbfaf at device 31.1 on pci0\nata0: \u003cATA channel 0\u003e on atapci0\nata0: [ITHREAD]\nata1: \u003cATA channel 1\u003e on atapci0\nata1: [ITHREAD]\npcm0: \u003cIntel ICH4 (82801DB)\u003e port 0xd800-0xd8ff,0xdc40-0xdc7f mem 0xfaeff800-0xfaeff9ff,0xfaeff400-0xfaeff4ff irq 9 at device 31.5 on pci0\npcm0: [ITHREAD]\npcm0: \u003cSigmaTel STAC9752/53 AC97 Codec\u003e\nacpi_tz0: \u003cThermal Zone\u003e on acpi0\natkbdc0: \u003cKeyboard controller (i8042)\u003e port 0x60,0x64 irq 1 on acpi0\natkbd0: \u003cAT Keyboard\u003e irq 1 on atkbdc0\nkbd0 at atkbd0\natkbd0: [GIANT-LOCKED]\natkbd0: [ITHREAD]\npsm0: \u003cPS/2 Mouse\u003e irq 12 on atkbdc0\npsm0: [GIANT-LOCKED]\npsm0: [ITHREAD]\npsm0: model GlidePoint, device ID 0\npmtimer0 on isa0\norm0: \u003cISA Option ROMs\u003e at iomem 0xc0000-0xcd7ff,0xcd800-0xcdfff,0xce000-0xce7ff,0xce800-0xcefff,0xcf000-0xcf7ff,0xcf800-0xcffff pnpid ORM0000 on isa0\nsc0: \u003cSystem console\u003e at flags 0x100 on isa0\nsc0: VGA \u003c16 virtual consoles, flags=0x300\u003e\nvga0: \u003cGeneric ISA VGA\u003e at port 0x3c0-0x3df iomem 0xa0000-0xbffff on isa0\nTimecounter \"TSC\" frequency 1693133170 Hz quality 800\nTimecounters tick every 1.000 msec\nad0: 57231MB \u003cFUJITSU MHV2060AH 00000096\u003e at ata0-master UDMA100\nacd0: DVDR \u003cSONY DVD+/-RW DW-D56A/PDS7\u003e at ata1-master UDMA33\nTrying to mount root from ufs:/dev/ad0s1a\nacd0: FAILURE - INQUIRY ILLEGAL REQUEST asc=0x24 ascq=0x00 \ncd0 at ata1 bus 0 target 0 lun 0\ncd0: \u003cSONY DVD+-RW DW-D56A PDS7\u003e Removable CD-ROM SCSI-0 device \ncd0: 33.000MB/s transfers\ncd0: Attempt to query device size failed: NOT READY, Medium not present\nerror: [drm:pid725:i915_getparam] *ERROR* i915_getparam called with no initialization\n\nFix: \n\nnot known\nHow-To-Repeat: Install 7 stable, build with i915 DRM options in the kernel. test with Xorg installed via pkg_add -r"
}