{
 "id": 1192926,
 "bug_id": 260868,
 "attachment_id": 0,
 "creation_time": "2022-01-02T21:07:30Z",
 "creator": "mike@sentex.net",
 "text": "Arggg, very sorry. My fault, I was not paying attention to !scp this AM as I was sending the built image to the wrong location to burn the resultant image. Anyways, I can confirm the boot looks good with your patch!\n\nOK boot -v\n---\u003c\u003cBOOT\u003e\u003e---\nCopyright (c) 1992-2021 The FreeBSD Project.\nCopyright (c) 1979, 1980, 1983, 1986, 1988, 1989, 1991, 1992, 1993, 1994\n        The Regents of the University of California. All rights reserved.\nFreeBSD is a registered trademark of The FreeBSD Foundation.\nFreeBSD 13.0-STABLE #1 stable/13-682886d11-dirty: Sun Jan  2 15:52:05 EST 2022\n    mdtancsa@nano13-i386.sentex.ca:/usr/obj/nanobsd.alix2b/usr/src/i386.i386/sys/alix i386\nFreeBSD clang version 13.0.0 (git@github.com:llvm/llvm-project.git llvmorg-13.0.0-0-gd7b669b3a303)\nVT(vga): resolution 640x480\nPreloaded elf kernel \"/boot/kernel/kernel\" at 0x132c000.\nPreloaded elf module \"/boot/kernel/u3g.ko\" at 0x13348ac.\nPreloaded boot_entropy_cache \"/boot/entropy\" at 0x1334cf4.\nPreloaded TSLOG data \"TSLOG\" at 0x1334d40.\nEarly TSC frequency 498077420Hz calibrated from 8254 PIT\nCPU: Geode(TM) Integrated Processor by AMD PCS (498.08-MHz 586-class CPU)\n  Origin=\"AuthenticAMD\"  Id=0x5a2  Family=0x5  Model=0xa  Stepping=2\n  Features=0x88a93d\u003cFPU,DE,PSE,TSC,MSR,CX8,SEP,PGE,CMOV,CLFLUSH,MMX\u003e\n  AMD Features=0xc0400000\u003cMMX+,3DNow!+,3DNow!\u003e\nL1 2MB data TLB: 0 entries, 0-way associative\nL1 2MB instruction TLB: 0 entries, 0-way associative\nL1 4KB data TLB: 16 entries, fully associative\nL1 4KB instruction TLB: 16 entries, fully associative\nL1 data cache: 64 kbytes, 32 bytes/line, 1 lines/tag, 16-way associative\nL1 instruction cache: 64 kbytes, 32 bytes/line, 1 lines/tag, 16-way associative\nL2 2MB unified TLB: 4 entries, disabled/not present\nL2 4KB unified TLB: 0 entries, disabled/not present\nL2 unified cache: 128 kbytes, 32 bytes/line, 1 lines/tag, 4-way associative\nWrite Allocate Disable\nreal memory  = 268435456 (256 MB)\nPhysical memory chunk(s):\n0x0000000000001000 - 0x000000000009ffff, 651264 bytes (159 pages)\n0x0000000000100000 - 0x00000000007fffff, 7340032 bytes (1792 pages)\n0x0000000001429000 - 0x000000000fbb4fff, 242794496 bytes (59276 pages)\navail memory = 249569280 (238 MB)\nbios32: Found BIOS32 Service Directory header at 0x4fd110\nbios32: Entry = 0xfd0e4 (4fd0e4)  Rev = 0  Len = 1\npcibios: PCI BIOS entry at 0xf0000+0xcf35\npnpbios: Bad PnP BIOS data checksum\nOther BIOS signatures found:\nrandom: read 4096 bytes from preloaded cache\nrandom: unblocking device.\nhostuuid: using 00000000-0000-0000-0000-000000000000\nULE: setup cpu 0\nrandom: entropy device external interface\nnull: \u003cfull device, null device, zero device\u003e\nio: \u003cI/O\u003e\ncrypto: \u003ccrypto core\u003e\nkbd0 at kbdmux0\nmem: \u003cmemory\u003e\nK6-family MTRR support enabled (2 registers)\nvtvga0: \u003cVT VGA driver\u003e\ncrypto: assign cryptosoft0 driver id 0, flags 0x6000000\npci_open(1):    mode 1 addr port (0x0cf8) is 0x00000000\npci_open(1a):   mode1res=0x80000000 (0x80000000)\npci_cfgcheck:   device 0 1 [class=060000] [hdr=80] is there (id=20801022)\npcibios: BIOS version 2.10\npcib0 pcibus 0\npci0: \u003cPCI bus\u003e on pcib0\npci0: domain=0, physical bus=0\nfound-\u003e vendor=0x1022, dev=0x2080, revid=0x33\n        domain=0, bus=0, slot=1, func=0\n        class=06-00-00, hdrtype=0x00, mfdev=1\n        cmdreg=0x0005, statreg=0x0220, cachelnsz=8 (dwords)\n        lattimer=0xf8 (7440 ns), mingnt=0x00 (0 ns), maxlat=0x00 (0 ns)\n        map[10]: type I/O Port, range 32, base 0xac1c, size  2, enabled\nfound-\u003e vendor=0x1022, dev=0x2082, revid=0x00\n        domain=0, bus=0, slot=1, func=2\n        class=10-10-00, hdrtype=0x00, mfdev=0\n        cmdreg=0x0006, statreg=0x02a0, cachelnsz=8 (dwords)\n        lattimer=0x00 (0 ns), mingnt=0x00 (0 ns), maxlat=0x00 (0 ns)\n        intpin=a, irq=9\n        map[10]: type Memory, range 32, base 0xefff4000, size 14, enabled\nfound-\u003e vendor=0x1106, dev=0x3053, revid=0x96\n        domain=0, bus=0, slot=9, func=0\n        class=02-00-00, hdrtype=0x00, mfdev=0\n        cmdreg=0x0097, statreg=0x0210, cachelnsz=8 (dwords)\n        lattimer=0x20 (960 ns), mingnt=0x03 (750 ns), maxlat=0x08 (2000 ns)\n        intpin=a, irq=10\n        powerspec 2  supports D0 D1 D2 D3  current D0\n        map[10]: type I/O Port, range 32, base 0x1000, size  8, enabled\n        map[14]: type Memory, range 32, base 0xe0000000, size  8, enabled\nfound-\u003e vendor=0x1106, dev=0x3053, revid=0x96\n        domain=0, bus=0, slot=10, func=0\n        class=02-00-00, hdrtype=0x00, mfdev=0\n        cmdreg=0x0097, statreg=0x0210, cachelnsz=8 (dwords)\n        lattimer=0x20 (960 ns), mingnt=0x03 (750 ns), maxlat=0x08 (2000 ns)\n        intpin=a, irq=11\n        powerspec 2  supports D0 D1 D2 D3  current D0\n        map[10]: type I/O Port, range 32, base 0x1400, size  8, enabled\n        map[14]: type Memory, range 32, base 0xe0040000, size  8, enabled\nfound-\u003e vendor=0x1106, dev=0x3053, revid=0x96\n        domain=0, bus=0, slot=11, func=0\n        class=02-00-00, hdrtype=0x00, mfdev=0\n        cmdreg=0x0097, statreg=0x0210, cachelnsz=8 (dwords)\n        lattimer=0x20 (960 ns), mingnt=0x03 (750 ns), maxlat=0x08 (2000 ns)\n        intpin=a, irq=15\n        powerspec 2  supports D0 D1 D2 D3  current D0\n        map[10]: type I/O Port, range 32, base 0x1800, size  8, enabled\n        map[14]: type Memory, range 32, base 0xe0080000, size  8, enabled\nfound-\u003e vendor=0x1022, dev=0x2090, revid=0x03\n        domain=0, bus=0, slot=15, func=0\n        class=06-01-00, hdrtype=0x00, mfdev=1\n        cmdreg=0x0009, statreg=0x02a0, cachelnsz=8 (dwords)\n        lattimer=0x40 (1920 ns), mingnt=0x00 (0 ns), maxlat=0x00 (0 ns)\n        map[10]: type I/O Port, range 32, base 0x6000, size  3, enabled\n        map[14]: type I/O Port, range 32, base 0x6100, size  8, enabled\n        map[18]: type I/O Port, range 32, base 0x6200, size  6, enabled\n        map[20]: type I/O Port, range 32, base 0x9d00, size  7, enabled\n        map[24]: type I/O Port, range 32, base 0x9c00, size  6, enabled\nfound-\u003e vendor=0x1022, dev=0x209a, revid=0x01\n        domain=0, bus=0, slot=15, func=2\n        class=01-01-80, hdrtype=0x00, mfdev=0\n        cmdreg=0x0005, statreg=0x02a0, cachelnsz=8 (dwords)\n        lattimer=0xf8 (7440 ns), mingnt=0x00 (0 ns), maxlat=0x00 (0 ns)\n        map[20]: type I/O Port, range 32, base 0xff00, size  4, enabled\nfound-\u003e vendor=0x1022, dev=0x2094, revid=0x02\n        domain=0, bus=0, slot=15, func=4\n        class=0c-03-10, hdrtype=0x00, mfdev=0\n        cmdreg=0x0006, statreg=0x0230, cachelnsz=8 (dwords)\n        lattimer=0x00 (0 ns), mingnt=0x00 (0 ns), maxlat=0x00 (0 ns)\n        intpin=d, irq=12\n        powerspec 2  supports D0 D3  current D0\n        map[10]: type Memory, range 32, base 0xefffe000, size 12, enabled\nfound-\u003e vendor=0x1022, dev=0x2095, revid=0x02\n        domain=0, bus=0, slot=15, func=5\n        class=0c-03-20, hdrtype=0x00, mfdev=0\n        cmdreg=0x0006, statreg=0x0230, cachelnsz=8 (dwords)\n        lattimer=0x00 (0 ns), mingnt=0x00 (0 ns), maxlat=0x00 (0 ns)\n        intpin=d, irq=12\n        powerspec 2  supports D0 D3  current D0\n        map[10]: type Memory, range 32, base 0xefffd000, size 12, enabled\nGeode LX: PC Engines ALIX.2 v0.99m tinyBIOS V1.4a (C)1997-2007\nMFGPT bar: f00100006200\npci0: \u003cencrypt/decrypt, entertainment crypto\u003e at device 1.2 (no driver attached)\nvr0: \u003cVIA VT6105M Rhine III 10/100BaseTX\u003e port 0x1000-0x10ff mem 0xe0000000-0xe00000ff irq 10 at device 9.0 on pci0\nvr0: Quirks: 0x2\nvr0: Revision: 0x96\nmiibus0: \u003cMII bus\u003e on vr0\nukphy0: \u003cGeneric IEEE 802.3u media interface\u003e PHY 1 on miibus0\nukphy0: OUI 0x0002c6, model 0x0034, rev. 3\nukphy0:  none, 10baseT, 10baseT-FDX, 100baseTX, 100baseTX-FDX, auto, auto-flow\nvr0: bpf attached\nvr0: Ethernet address: 00:0d:b9:36:c3:1c\nvr1: \u003cVIA VT6105M Rhine III 10/100BaseTX\u003e port 0x1400-0x14ff mem 0xe0040000-0xe00400ff irq 11 at device 10.0 on pci0\nvr1: Quirks: 0x2\nvr1: Revision: 0x96\nmiibus1: \u003cMII bus\u003e on vr1\nukphy1: \u003cGeneric IEEE 802.3u media interface\u003e PHY 1 on miibus1\nukphy1: OUI 0x0002c6, model 0x0034, rev. 3\nukphy1:  none, 10baseT, 10baseT-FDX, 100baseTX, 100baseTX-FDX, auto, auto-flow\nvr1: bpf attached\nvr1: Ethernet address: 00:0d:b9:36:c3:1d\nvr2: \u003cVIA VT6105M Rhine III 10/100BaseTX\u003e port 0x1800-0x18ff mem 0xe0080000-0xe00800ff irq 15 at device 11.0 on pci0\nvr2: Quirks: 0x2\nvr2: Revision: 0x96\nmiibus2: \u003cMII bus\u003e on vr2\nukphy2: \u003cGeneric IEEE 802.3u media interface\u003e PHY 1 on miibus2\nukphy2: OUI 0x0002c6, model 0x0034, rev. 3\nukphy2:  none, 10baseT, 10baseT-FDX, 100baseTX, 100baseTX-FDX, auto, auto-flow\nvr2: bpf attached\nvr2: Ethernet address: 00:0d:b9:36:c3:1e\nisab0: \u003cPCI-ISA bridge\u003e port 0x6000-0x6007,0x6100-0x61ff,0x6200-0x623f,0x9d00-0x9d7f,0x9c00-0x9c3f at device 15.0 on pci0\nisa0: \u003cISA bus\u003e on isab0\natapci0: \u003cAMD CS5536 UDMA100 controller\u003e port 0x1f0-0x1f7,0x3f6,0x170-0x177,0x376,0xff00-0xff0f at device 15.2 on pci0\nata0: \u003cATA channel\u003e at channel 0 on atapci0\nata1: \u003cATA channel\u003e at channel 1 on atapci0\nohci0: \u003cOHCI (generic) USB controller\u003e mem 0xefffe000-0xefffefff irq 12 at device 15.4 on pci0\nusbus0 on ohci0\nohci0: usbpf: Attached\nehci0: \u003cAMD CS5536 (Geode) USB 2.0 controller\u003e mem 0xefffd000-0xefffdfff irq 12 at device 15.5 on pci0\nusbus1: EHCI version 1.0\nusbus1 on ehci0\nehci0: usbpf: Attached\ncpu0\npnp_identify: Trying Read_Port at 203\npnp_identify: Trying Read_Port at 243\npnp_identify: Trying Read_Port at 283\npnp_identify: Trying Read_Port at 2c3\npnp_identify: Trying Read_Port at 303\npnp_identify: Trying Read_Port at 343\npnp_identify: Trying Read_Port at 383\npnp_identify: Trying Read_Port at 3c3\nPNP Identify complete\nisa_probe_children: disabling PnP devices\nata: ata0 already exists; skipping it\nata: ata1 already exists; skipping it\nsc: sc0 already exists; skipping it\nisa_probe_children: probing non-PnP devices\norm0: \u003cISA Option ROM\u003e at iomem 0xe0000-0xea7ff pnpid ORM0000 on isa0\nsc0 failed to probe on isa0\nvga0 failed to probe on isa0\natkbdc0 failed to probe at port 0x60 on isa0\natrtc0: \u003cAT realtime clock\u003e at port 0x70 irq 8 on isa0\natrtc0: registered as a time-of-day clock, resolution 1.000000s\nEvent timer \"RTC\" frequency 32768 Hz quality 0\nattimer0: \u003cAT timer\u003e at port 0x40 on isa0\nTimecounter \"i8254\" frequency 1193182 Hz quality 0\nEvent timer \"i8254\" frequency 1193182 Hz quality 100\nfdc0 failed to probe at port 0x3f0 irq 6 drq 2 on isa0\nppc0 failed to probe at irq 7 on isa0\nuart0: \u003c16550 or compatible\u003e at port 0x3f8 irq 4 flags 0x10 on isa0\nuart0: console (115200,n,8,1)\nuart0: fast interrupt\nuart0: PPS capture mode: DCD\nuart1: \u003c16550 or compatible\u003e at port 0x2f8 irq 3 on isa0\nuart1: fast interrupt\nuart1: PPS capture mode: DCD\nisa_probe_children: probing PnP devices\nDevice configuration finished.\nTimecounter \"TSC\" frequency 498077420 Hz quality 800\nTimecounters tick every 1.000 msec\nvlan: initialized, using hash tables with chaining\nlo0: bpf attached\nstray irq7\ncrypto: \u003ccrypto device\u003e\nIPsec: Initialized Security Association Processing.\ntcp_init: net.inet.tcp.tcbhashsize auto tuned to 2048\nusbus0: 12Mbps Full Speed USB v1.0\nusbus1: 480Mbps High Speed USB v2.0\npflog0: bpf attached\nugen1.1: \u003cAMD EHCI root HUB\u003e at usbus1\nuhub0 on usbus1\nuhub0: \u003cAMD EHCI root HUB, class 9/0, rev 2.00/1.00, addr 1\u003e on usbus1\nugen0.1: \u003cAMD OHCI root HUB\u003e at usbus0\nuhub1 on usbus0\nuhub1: \u003cAMD OHCI root HUB, class 9/0, rev 1.00/1.00, addr 1\u003e on usbus0\nata0: reset tp1 mask=03 ostat0=50 ostat1=00\nata0: stat0=0x50 err=0x01 lsb=0x00 msb=0x00\nata0: stat1=0x00 err=0x01 lsb=0x00 msb=0x00\nata0: reset tp2 stat0=50 stat1=00 devices=0x1\nTrying to mount root from ufs:/dev/ada0s1a [ro]...\nata1: reset tp1 mask=00 ostat0=ff ostat1=ff\nRoot mount waiting for: CAM usbus0 usbus1\nada0 at ata0 bus 0 scbus0 target 0 lun 0\nada0: \u003cCF 2GB 20110221\u003e ATA-7 device\nada0: Serial Number TSS50037130117092408\nada0: 100.000MB/s transfers (UDMA5, PIO 512bytes)\nada0: 1919MB (3931200 512 byte sectors)\nGEOM: new disk ada0\npass0 at ata0 bus 0 scbus0 target 0 lun 0\npass0: \u003cCF 2GB 20110221\u003e ATA-7 device\npass0: Serial Number TSS50037130117092408\npass0: 100.000MB/s transfers (UDMA5, PIO 512bytes)\nuhub1: 4 ports with 4 removable, self powered\nRoot mount waiting for: usbus1\nuhub0: 4 ports with 4 removable, self powered\nRoot mount waiting for: usbus1\nugen1.2: \u003cSierra Wireless, Incorporated MC7700\u003e at usbus1\nu3g0 on uhub0\nu3g0: \u003cSierra Wireless, Incorporated MC7700, class 0/0, rev 2.00/0.06, addr 2\u003e on usbus1\nu3g0: port 3 supports modem control\nu3g0: port 4 supports modem control\nu3g0: port 5 supports modem control\nu3g0: Found 6 ports.\nmountroot: waiting for device /dev/ada0s1a...\natrtc0: providing initial system time\nstart_init: trying /sbin/init\nStarting file system checks:\n/dev/ada0s1a: FILE SYSTEM CLEAN; SKIPPING CHECKS\n/dev/ada0s1a: clean, 362308 free (1844 frags, 45058 blocks, 0.1% fragmentation)\n/dev/ada0s3: FILE SYSTEM CLEAN; SKIPPING CHECKS\n/dev/ada0s3: clean, 2829 free (21 frags, 351 blocks, 0.7% fragmentation)\n/etc/rc: WARNING: hostid: unable to figure out a UUID from DMI data, generating a new one\nSetting hostuuid: b9fd83f3-6c0e-11ec-8cdb-000db936c31c.\nSetting hostid: 0xd68a03f8.\nMounting local filesystems:.\nSetting hostname: kernpatch2.sentex.ca.\nSetting up harvesting: [UMA],[FS_ATIME],SWI,INTERRUPT,NET_NG,[NET_ETHER],NET_TUN,MOUSE,KEYBOARD,ATTACH,CACHED\nFeeding entropy: dd: /boot/entropy: Read-only file system\n.\nELF ldconfig path: /lib /usr/lib /usr/local/lib /usr/local/lib/ipsec /usr/local/lib/perl5/5.32/mach/CORE\n/etc/rc: WARNING: $swapfile is obsolete.  Ignored.\nlo0: link state changed to UP\nvr0: link state changed to DOWN\nvr1: link state changed to DOWN\nvr2: link state changed to DOWN\nStarting Network: lo0 vr0 vr1 vr2.\nlo0: flags=8049\u003cUP,LOOPBACK,RUNNING,MULTICAST\u003e metric 0 mtu 16384\n        options=680003\u003cRXCSUM,TXCSUM,LINKSTATE,RXCSUM_IPV6,TXCSUM_IPV6\u003e\n        inet6 ::1 prefixlen 128\n        inet6 fe80::1%lo0 prefixlen 64 scopeid 0x4\n        inet 127.0.0.1 netmask 0xff000000\n        groups: lo\n        ndvr0: link state changed to UP\n6 options=21\u003cPERFORMNUD,AUTO_LINKLOCAL\u003e\nvr0: flags=8843\u003cUP,BROADCAST,RUNNING,SIMPLEX,MULTICAST\u003e metric 0 mtu 1500\n        options=8280b\u003cRXCSUM,TXCSUM,VLAN_MTU,WOL_UCAST,WOL_MAGIC,LINKSTATE\u003e\n        ether 00:0d:b9:36:c3:1c\n        media: Ethernet autoselect (100baseTX \u003cfull-duplex\u003e)\n        status: active\n        nd6 options=29\u003cPERFORMNUD,IFDISABLED,AUTO_LINKLOCAL\u003e\nvr1: flags=8843\u003cUP,BROADCAST,RUNNING,SIMPLEX,MULTICAST\u003e metric 0 mtu 1500\n        options=8280b\u003cRXCSUM,TXCSUM,VLAN_MTU,WOL_UCAST,WOL_MAGIC,LINKSTATE\u003e\n        ether 00:0d:b9:36:c3:1d\n        inet 192.168.241.129 netmask 0xffffff00 broadcast 192.168.241.255\n        media: Ethernet autoselect (none)\n        status: no carrier\n        nd6 options=29\u003cPERFORMNUD,IFDISABLED,AUTO_LINKLOCAL\u003e\nvr2: flags=8843\u003cUP,BROADCAST,RUNNING,SIMPLEX,MULTICAST\u003e metric 0 mtu 1500\n        options=8280b\u003cRXCSUM,TXCSUM,VLAN_MTU,WOL_UCAST,WOL_MAGIC,LINKSTATE\u003e\n        ether 00:0d:b9:36:c3:1e\n        inet 192.168.1.51 netmask 0xffffff00 broadcast 192.168.1.255\n        media: Ethernet autoselect (none)\n        status: no carrier\n        nd6 options=29\u003cPERFORMNUD,IFDISABLED,AUTO_LINKLOCAL\u003e\nStarting devd.\nStarting dhclient.\nDHCPDISCOVER on vr0 to 255.255.255.255 port 67 interval 8\nDHCPDISCOVER on vr0 to 255.255.255.255 port 67 interval 13\nDHCPOFFER from 192.168.0.12\nDHCPREQUEST on vr0 to 255.255.255.255 port 67\nDHCPACK from 192.168.0.12\narp: 00:0d:b9:20:f6:b4 is using my IP address 192.168.254.2 on vr0!\nbound to 192.168.0.90 -- renewal in 1800 seconds.\nStarting pflog.\npflog0: promiscuous mode enabled\nadd host 127.0.0.1: gateway lo0 fib 0: route already in table\n2022-01-02T15:58:42.765039-05:00 kernpatch2.sentex.ca pflogd 556 - - [priv]: msg PRIV_OPEN_LOG received\nAdditional inet routing options: gateway=YES.\nadd host ::1: gateway lo0 fib 0: route already in table\nadd net fe80::: gateway ::1\nadd net ff02::: gateway ::1\nadd net ::ffff:0.0.0.0: gateway ::1\nadd net ::0.0.0.0: gateway ::1\nEnabling pf.\nClearing /tmp (X related).\nCreating and/or trimming log files.\nUpdating /var/run/os-release done.\nUpdating motd:.\nStarting syslogd.\nMounting late filesystems:.\nStarting inetd.\nConfiguring vt: blanktime.\nStarting sendmail_submit.\nStarting sendmail_msp_queue.\nStarting cron.\n\nSun Jan  2 15:59:08 EST 2022\n\nFreeBSD/i386 (kernpatch2.sentex.ca) (ttyu0)\n\nlogin: \n\n\n0(kernpatch2)# sysctl -a kern.timecounter\nkern.timecounter.tsc_shift: 1\nkern.timecounter.invariant_tsc: 0\nkern.timecounter.fast_gettime: 1\nkern.timecounter.tick: 1\nkern.timecounter.choice: TSC(800) i8254(0) dummy(-1000000)\nkern.timecounter.hardware: TSC\nkern.timecounter.alloweddeviation: 5\nkern.timecounter.timehands_count: 2\nkern.timecounter.stepwarnings: 0\nkern.timecounter.tc.TSC.quality: 800\nkern.timecounter.tc.TSC.frequency: 498077420\nkern.timecounter.tc.TSC.counter: 168552419\nkern.timecounter.tc.TSC.mask: 4294967295\nkern.timecounter.tc.i8254.quality: 0\nkern.timecounter.tc.i8254.frequency: 1193182\nkern.timecounter.tc.i8254.counter: 47506\nkern.timecounter.tc.i8254.mask: 65535\n0(kernpatch2)#"
}