{
 "id": 529316,
 "bug_id": 140796,
 "attachment_id": 0,
 "creation_time": "2009-11-22T22:30:01Z",
 "creator": "dalibor.gudzic@gmail.com",
 "text": "Upgrade from 7.1-RELEASE to 7.2-RELEASE prevents system from booting. It stops with message:\n\n..\npcib5: \u003cACPI PCI-PCI bridge\u003e at device 19.1 on pci0\npci5:  \u003cACPI PCI bus\u003e on pcib5\nath0:  \u003cAtheros 2413\u003e mem 0xc9000000-0xc900ffff irq 18 at device 1.0 on pci5\nath0:  [ITHREAD]\n\n\nFatal trap 1: privileged instruction fault while in kernel mode\ncpuid = 0; apic id = 00\ninstruction pointer             = 0x20:0x3\nstack pointer                   = 0x28:0xc1020694\nframe pointer                   = 0x28:0xc10206ac\ncode segment                    = base 0x0, limit 0xfffff, type 0x16\n                                = DPL 0, pres 1, def32 1, gran 1\nprocessor eflags                = interupt enabled, resume, IOPL = 0\ncurrent process                 = 0 (swapper)\ntrap number                     = 1\npanic: privileged instruction fault\ncpuid = 0\nUptime: 1s\nAutomatic reboot in 15 seconds - press any key on the console to abort\n\n\n\nHere is the pciconf -lv|grep -A4 ath\n\nath0@pci0:5:1:0: class=0x020000 card=0x2052168c chip=0x001a168c rev=0x01 hdr=0x00\n    vendor     = 'Atheros Communications Inc.'\n    device     = 'Atheros AR5005G Atheros AR5005G 802.11abg NIC Chipset / TP-Link (TL-WN551G)'\n    class      = network\n    subclass   = ethernet\n\n\nAnd devinfo -v|grep ath\n\n            ath0 pnpinfo vendor=0x168c device=0x001a subvendor=0x168c subdevice=0x2052 class=0x020000 at slot=1 function=0\n\n\nFull dmesg (with ath and ath_hal disabled):\n\nCopyright (c) 1992-2009 The FreeBSD Project.\nCopyright (c) 1979, 1980, 1983, 1986, 1988, 1989, 1991, 1992, 1993, 1994\n        The Regents of the University of California. All rights reserved.\nFreeBSD is a registered trademark of The FreeBSD Foundation.\nFreeBSD 7.2-RELEASE-p4 #2: Sun Nov 22 22:42:38 CET 2009\n    root@fbsd.dot.org.dot:/usr/obj/usr/src/sys/GENERIC\nTimecounter \"i8254\" frequency 1193182 Hz quality 0\nCPU: Intel(R) Celeron(R) M CPU        430  @ 1.73GHz (1729.01-MHz 686-class CPU)\n  Origin = \"GenuineIntel\"  Id = 0x6e8  Stepping = 8\n  Features=0xafe9fbff\u003cFPU,VME,DE,PSE,TSC,MSR,PAE,MCE,CX8,APIC,SEP,MTRR,PGE,MCA,CMOV,PAT,CLFLUSH,DTS,ACPI,MMX,FXS\nR,SSE,SSE2,SS,TM,PBE\u003e\n  Features2=0xc109\u003cSSE3,MON,TM2,xTPR,PDCM\u003e\n  AMD Features=0x100000\u003cNX\u003e\nreal memory  = 1541996544 (1470 MB)\navail memory = 1496993792 (1427 MB)\nACPI APIC Table: \u003cPTLTD          APIC  \u003e\nMADT: Forcing active-low polarity and level trigger for SCI\nioapic0 \u003cVersion 0.3\u003e irqs 0-23 on motherboard\nioapic1 \u003cVersion 0.3\u003e irqs 24-47 on motherboard\nkbd1 at kbdmux0\nacpi0: \u003cFSC PC\u003e on motherboard\nacpi0: [ITHREAD]\nacpi0: Power Button (fixed)\nacpi0: reservation of f0013000, 1000 (3) failed\nacpi0: reservation of 0, a0000 (3) failed\nTimecounter \"ACPI-fast\" frequency 3579545 Hz quality 1000\nacpi_timer0: \u003c24-bit timer at 3.579545MHz\u003e port 0x4008-0x400b on acpi0\nacpi_button0: \u003cPower Button\u003e on acpi0\nacpi_lid0: \u003cControl Method Lid Switch\u003e on acpi0\npcib0: \u003cACPI Host-PCI bridge\u003e port 0xcf8-0xcff on acpi0\npci0: \u003cACPI PCI bus\u003e on pcib0\npcib1: \u003cACPI PCI-PCI bridge\u003e at device 1.0 on pci0\npci1: \u003cACPI PCI bus\u003e on pcib1\nvgapci0: \u003cVGA-compatible display\u003e mem 0xa0000000-0xbfffffff,0xc8000000-0xc8ffffff irq 16 at device 0.0 on pci1\npcib2: \u003cACPI PCI-PCI bridge\u003e irq 27 at device 2.0 on pci0\npci2: \u003cACPI PCI bus\u003e on pcib2\npcib3: \u003cACPI PCI-PCI bridge\u003e irq 31 at device 3.0 on pci0\npci3: \u003cACPI PCI bus\u003e on pcib3\natapci0: \u003cVIA 8237A SATA150 controller\u003e port 0x60b8-0x60bf,0x60b0-0x60b3,0x6008-0x600f,0x6004-0x6007,0x6010-0x60\n1f,0x6400-0x64ff irq 21 at device 15.0 on pci0\natapci0: [ITHREAD]\nata2: \u003cATA channel 0\u003e on atapci0\nata2: [ITHREAD]\nata3: \u003cATA channel 1\u003e on atapci0\nata3: [ITHREAD]\natapci1: \u003cVIA 8237A UDMA133 controller\u003e port 0x1f0-0x1f7,0x3f6,0x170-0x177,0x376,0x60a0-0x60af at device 15.1 on\n pci0\nata0: \u003cATA channel 0\u003e on atapci1\nata0: [ITHREAD]\nata1: \u003cATA channel 1\u003e on atapci1\nata1: [ITHREAD]\nuhci0: \u003cVIA 83C572 USB controller\u003e port 0x6020-0x603f irq 20 at device 16.0 on pci0\nuhci0: [GIANT-LOCKED]\nuhci0: [ITHREAD]\nusb0: \u003cVIA 83C572 USB controller\u003e on uhci0\nusb0: USB revision 1.0\nuhub0: \u003cVIA UHCI root hub, class 9/0, rev 1.00/1.00, addr 1\u003e on usb0\nuhub0: 2 ports with 2 removable, self powered\nuhci1: \u003cVIA 83C572 USB controller\u003e port 0x6040-0x605f irq 22 at device 16.1 on pci0\nuhci1: [GIANT-LOCKED]\nuhci1: [ITHREAD]\nusb1: \u003cVIA 83C572 USB controller\u003e on uhci1\nusb1: USB revision 1.0\nuhub1: \u003cVIA UHCI root hub, class 9/0, rev 1.00/1.00, addr 1\u003e on usb1\nuhub1: 2 ports with 2 removable, self powered\nuhci2: \u003cVIA 83C572 USB controller\u003e port 0x6060-0x607f irq 21 at device 16.2 on pci0\nuhci2: [GIANT-LOCKED]\nuhci2: [ITHREAD]\nusb2: \u003cVIA 83C572 USB controller\u003e on uhci2\nusb2: USB revision 1.0\nuhub2: \u003cVIA UHCI root hub, class 9/0, rev 1.00/1.00, addr 1\u003e on usb2\nuhub2: 2 ports with 2 removable, self powered\nuhci3: \u003cVIA 83C572 USB controller\u003e port 0x6080-0x609f irq 23 at device 16.3 on pci0\nuhci3: [GIANT-LOCKED]\nuhci3: [ITHREAD]\nusb3: \u003cVIA 83C572 USB controller\u003e on uhci3\nusb3: USB revision 1.0\nuhub3: \u003cVIA UHCI root hub, class 9/0, rev 1.00/1.00, addr 1\u003e on usb3\nuhub3: 2 ports with 2 removable, self powered\nehci0: \u003cVIA VT6202 USB 2.0 controller\u003e mem 0xc9400000-0xc94000ff irq 21 at device 16.4 on pci0\nehci0: [GIANT-LOCKED]\nehci0: [ITHREAD]\nusb4: waiting for BIOS to give up control\nusb4: timed out waiting for BIOS\nusb4: EHCI version 1.0\nusb4: companion controllers, 2 ports each: usb0 usb1 usb2 usb3\nusb4: \u003cVIA VT6202 USB 2.0 controller\u003e on ehci0\nusb4: USB revision 2.0\nuhub4: \u003cVIA EHCI root hub, class 9/0, rev 2.00/1.00, addr 1\u003e on usb4\nuhub4: 8 ports with 8 removable, self powered\nisab0: \u003cPCI-ISA bridge\u003e at device 17.0 on pci0\nisa0: \u003cISA bus\u003e on isab0\nvr0: \u003cVIA VT6102 Rhine II 10/100BaseTX\u003e port 0x6800-0x68ff mem 0xc9400400-0xc94004ff irq 23 at device 18.0 on pc\ni0\nvr0: Quirks: 0x0\nvr0: Revision: 0x7c\nmiibus0: \u003cMII bus\u003e on vr0\nukphy0: \u003cGeneric IEEE 802.3u media interface\u003e PHY 1 on miibus0\nukphy0:  10baseT, 10baseT-FDX, 100baseTX, 100baseTX-FDX, auto\nvr0: Ethernet address: 00:14:0b:08:64:5b\nvr0: [ITHREAD]\npcib4: \u003cACPI PCI-PCI bridge\u003e at device 19.0 on pci0\npci4: \u003cACPI PCI bus\u003e on pcib4\npci4: \u003cmultimedia, HDA\u003e at device 1.0 (no driver attached)\npcib5: \u003cACPI PCI-PCI bridge\u003e at device 19.1 on pci0\npci5: \u003cACPI PCI bus\u003e on pcib5\npci5: \u003cnetwork, ethernet\u003e at device 1.0 (no driver attached)\nacpi_acad0: \u003cAC Adapter\u003e on acpi0\nbattery0: \u003cACPI Control Method Battery\u003e on acpi0\nacpi_tz0: \u003cThermal Zone\u003e on acpi0\natkbdc0: \u003cKeyboard controller (i8042)\u003e port 0x60,0x64 irq 1 on acpi0\natkbd0: \u003cAT Keyboard\u003e irq 1 on atkbdc0\nkbd0 at atkbd0\natkbd0: [GIANT-LOCKED]\natkbd0: [ITHREAD]\npsm0: \u003cPS/2 Mouse\u003e irq 12 on atkbdc0\npsm0: [GIANT-LOCKED]\npsm0: [ITHREAD]\npsm0: model GlidePoint, device ID 0\ncpu0: \u003cACPI CPU\u003e on acpi0\np4tcc0: \u003cCPU Frequency Thermal Control\u003e on cpu0\npmtimer0 on isa0\nsc0: \u003cSystem console\u003e at flags 0x100 on isa0\nsc0: VGA \u003c16 virtual consoles, flags=0x300\u003e\nsio0: configured irq 4 not in bitmap of probed irqs 0\nsio0: port may not be enabled\nsio0: configured irq 4 not in bitmap of probed irqs 0\nsio0: port may not be enabled\nsio0 at port 0x3f8-0x3ff irq 4 flags 0x10 on isa0\nsio0: type 8250 or not responding\nsio0: [FILTER]\nsio1: configured irq 3 not in bitmap of probed irqs 0\nsio1: port may not be enabled\nvga0: \u003cGeneric ISA VGA\u003e at port 0x3c0-0x3df iomem 0xa0000-0xbffff on isa0\nums0: \u003cvendor 0x15d9 USB Mouse, class 0/0, rev 1.10/1.00, addr 2\u003e on uhub0\nums0: 3 buttons and Z dir.\nTimecounter \"TSC\" frequency 1729013975 Hz quality 800\nTimecounters tick every 1.000 msec\nacd0: DVDR \u003cHL-DT-ST DVDRAM GSA-T10N/PW02\u003e at ata1-master UDMA33\nad4: 57231MB \u003cWDC WD600BEVS-07LAT0 01.06M01\u003e at ata2-master SATA150\nGEOM_LABEL: Label for provider ad4s4 is ext2fs//.\nGEOM_LABEL: Label for provider ad4s3a is ufsid/4983b0d90734c73c.\nGEOM_LABEL: Label for provider ad4s3d is ufsid/4983b0d90c339716.\nGEOM_LABEL: Label for provider ad4s3e is ufsid/4983b0d98e5b221a.\nGEOM_LABEL: Label for provider ad4s3f is ufsid/4983b0d95f2235b6.\nTrying to mount root from ufs:/dev/ad4s3a\nGEOM_LABEL: Label ufsid/4983b0d90734c73c removed.\nGEOM_LABEL: Label for provider ad4s3a is ufsid/4983b0d90734c73c.\nGEOM_LABEL: Label ufsid/4983b0d95f2235b6 removed.\nGEOM_LABEL: Label for provider ad4s3f is ufsid/4983b0d95f2235b6.\nGEOM_LABEL: Label ufsid/4983b0d98e5b221a removed.\nGEOM_LABEL: Label for provider ad4s3e is ufsid/4983b0d98e5b221a.\nGEOM_LABEL: Label ufsid/4983b0d90c339716 removed.\nGEOM_LABEL: Label for provider ad4s3d is ufsid/4983b0d90c339716.\nGEOM_LABEL: Label ufsid/4983b0d90734c73c removed.\nGEOM_LABEL: Label ufsid/4983b0d95f2235b6 removed.\nGEOM_LABEL: Label ufsid/4983b0d98e5b221a removed.\nGEOM_LABEL: Label ufsid/4983b0d90c339716 removed.\nWARNING: attempt to net_add_domain(netgraph) after domainfinalize()\numass0: \u003cvendor 0x3538 USB Mass Storage Device, class 0/0, rev 2.00/1.00, addr 2\u003e on uhub4\nda0 at umass-sim0 bus 0 target 0 lun 0\nda0: \u003cGeneric USB Flash Disk 0.00\u003e Removable Direct Access SCSI-2 device \nda0: 40.000MB/s transfers\nda0: 984MB (2015232 512 byte sectors: 64H 32S/T 984C)\nGEOM_LABEL: Label for provider da0s1 is msdosfs/NO_NAME.\nGEOM_LABEL: Label msdosfs/NO_NAME removed.\n\n\nI have submitted earlier a PR about the non-working ath (yeah, sorry for that garbage at the end):\n\nhttp://www.freebsd.org/cgi/query-pr.cgi?pr=kern/116444\n\nPls tell me if you need more output.\n\nFix: \n\nFor the moment, disabling ath in GENERIC makes the system boot:\n\n# grep ath /usr/src/sys/i386/conf/GENERIC\n\n#device         ath             # Atheros pci/cardbus NIC's\n#device         ath_hal         # Atheros HAL (Hardware Access Layer)\n#device         ath_rate_sample # SampleRate tx rate control for ath\nHow-To-Repeat: Upgrade to 7.2-RELEASE and boot."
}