{
 "id": 529320,
 "bug_id": 140796,
 "attachment_id": 0,
 "creation_time": "2009-12-30T08:58:09Z",
 "creator": "dalibor.gudzic@gmail.com",
 "text": "A small followup, I tried the new FreeBSD 8-RELEASE and now I am able\nto pass the boot. But the atheros is still not functioning. Here is\nthe full dmesg:\n\n\nCopyright (c) 1992-2009 The FreeBSD Project.\nCopyright (c) 1979, 1980, 1983, 1986, 1988, 1989, 1991, 1992, 1993, 1994\nThe Regents of the University of California. All rights reserved.\nFreeBSD is a registered trademark of The FreeBSD Foundation.\nFreeBSD 8.0-RELEASE #0: Sat Nov 21 15:48:17 UTC 2009\nroot@almeida.cse.buffalo.edu:/usr/obj/usr/src/sys/GENERIC\nTimecounter \"i8254\" frequency 1193182 Hz quality 0\nCPU: Intel(R) Celeron(R) M CPU 430 @ 1.73GHz (1729.02-MHz 686-class CPU)\nOrigin = \"GenuineIntel\" Id = 0x6e8 Stepping = 8\nFeatures=0xafe9fbff\u003cFPU,VME,DE,PSE,TSC,MSR,PAE,MCE,CX8,APIC,SEP,MTRR,PGE,MCA,CMOV,PAT,CLFLUSH,DTS,ACPI,MMX,FXSR,SSE,SSE2,SS,TM,PBE\u003e\nFeatures2=0xc109\u003cSSE3,MON,TM2,xTPR,PDCM\u003e\nAMD Features=0x100000\u003cNX\u003e\nTSC: P-state invariant\nreal memory = 1610612736 (1536 MB)\navail memory = 1496326144 (1427 MB)\nACPI APIC Table: \u003cPTLTD APIC \u003e\nMADT: Forcing active-low polarity and level trigger for SCI\nioapic0 \u003cVersion 0.3\u003e irqs 0-23 on motherboard\nioapic1 \u003cVersion 0.3\u003e irqs 24-47 on motherboard\nkbd1 at kbdmux0\nacpi0: \u003cFSC PC\u003e on motherboard\nacpi0: [ITHREAD]\nacpi0: Power Button (fixed)\nacpi0: reservation of f0013000, 1000 (3) failed\nacpi0: reservation of 0, a0000 (3) failed\nTimecounter \"ACPI-fast\" frequency 3579545 Hz quality 1000\nacpi_timer0: \u003c24-bit timer at 3.579545MHz\u003e port 0x4008-0x400b on acpi0\nacpi_button0: \u003cPower Button\u003e on acpi0\nacpi_lid0: \u003cControl Method Lid Switch\u003e on acpi0\npcib0: \u003cACPI Host-PCI bridge\u003e port 0xcf8-0xcff on acpi0\npci0: \u003cACPI PCI bus\u003e on pcib0\nagp0: \u003cVIA 3364 (P4M900) host to PCI bridge\u003e on hostb0\nagp0: aperture size is 128M\npcib1: \u003cACPI PCI-PCI bridge\u003e at device 1.0 on pci0\npci1: \u003cACPI PCI bus\u003e on pcib1\nvgapci0: \u003cVGA-compatible display\u003e mem\n0xa0000000-0xbfffffff,0xc8000000-0xc8ffffff irq 16 at device 0.0 on\npci1\npcib2: \u003cACPI PCI-PCI bridge\u003e irq 27 at device 2.0 on pci0\npci2: \u003cACPI PCI bus\u003e on pcib2\npcib3: \u003cACPI PCI-PCI bridge\u003e irq 31 at device 3.0 on pci0\npci3: \u003cACPI PCI bus\u003e on pcib3\natapci0: \u003cVIA 8237A SATA150 controller\u003e port\n0x60b8-0x60bf,0x60b0-0x60b3,0x6008-0x600f,0x6004-0x6007,0x6010-0x601f,0x6400-0x64ff\nirq 21 at device 15.0 on pci0\natapci0: [ITHREAD]\nata2: \u003cATA channel 0\u003e on atapci0\nata2: [ITHREAD]\nata3: \u003cATA channel 1\u003e on atapci0\nata3: [ITHREAD]\natapci1: \u003cVIA 8237A UDMA133 controller\u003e port\n0x1f0-0x1f7,0x3f6,0x170-0x177,0x376,0x60a0-0x60af at device 15.1 on\npci0\nata0: \u003cATA channel 0\u003e on atapci1\nata0: [ITHREAD]\nata1: \u003cATA channel 1\u003e on atapci1\nata1: [ITHREAD]\nuhci0: \u003cVIA 83C572 USB controller\u003e port 0x6020-0x603f irq 20 at device\n16.0 on pci0\nuhci0: [ITHREAD]\nusbus0: \u003cVIA 83C572 USB controller\u003e on uhci0\nuhci1: \u003cVIA 83C572 USB controller\u003e port 0x6040-0x605f irq 22 at device\n16.1 on pci0\nuhci1: [ITHREAD]\nusbus1: \u003cVIA 83C572 USB controller\u003e on uhci1\nuhci2: \u003cVIA 83C572 USB controller\u003e port 0x6060-0x607f irq 21 at device\n16.2 on pci0\nuhci2: [ITHREAD]\nusbus2: \u003cVIA 83C572 USB controller\u003e on uhci2\nuhci3: \u003cVIA 83C572 USB controller\u003e port 0x6080-0x609f irq 23 at device\n16.3 on pci0\nuhci3: [ITHREAD]\nusbus3: \u003cVIA 83C572 USB controller\u003e on uhci3\nehci0: \u003cVIA VT6202 USB 2.0 controller\u003e mem 0xc9400000-0xc94000ff irq\n21 at device 16.4 on pci0\nehci0: [ITHREAD]\nusbus4: waiting for BIOS to give up control\nusbus4: timed out waiting for BIOS\nusbus4: EHCI version 1.0\nusbus4: \u003cVIA VT6202 USB 2.0 controller\u003e on ehci0\nisab0: \u003cPCI-ISA bridge\u003e at device 17.0 on pci0\nisa0: \u003cISA bus\u003e on isab0\nvr0: \u003cVIA VT6102 Rhine II 10/100BaseTX\u003e port 0x6800-0x68ff mem\n0xc9400400-0xc94004ff irq 23 at device 18.0 on pci0\nvr0: Quirks: 0x0\nvr0: Revision: 0x7c\nmiibus0: \u003cMII bus\u003e on vr0\nukphy0: \u003cGeneric IEEE 802.3u media interface\u003e PHY 1 on miibus0\nukphy0: 10baseT, 10baseT-FDX, 100baseTX, 100baseTX-FDX, auto\nvr0: Ethernet address: 00:14:0b:08:64:5b\nvr0: [ITHREAD]\npcib4: \u003cACPI PCI-PCI bridge\u003e at device 19.0 on pci0\npci4: \u003cACPI PCI bus\u003e on pcib4\npci4: \u003cmultimedia, HDA\u003e at device 1.0 (no driver attached)\npcib5: \u003cACPI PCI-PCI bridge\u003e at device 19.1 on pci0\npci5: \u003cACPI PCI bus\u003e on pcib5\nath0: \u003cAtheros 2413\u003e mem 0xc9000000-0xc900ffff irq 18 at device 1.0 on pci5\nath0: [ITHREAD]\nath0: unable to attach hardware; HAL status 3\ndevice_attach: ath0 attach returned 6\nacpi_acad0: \u003cAC Adapter\u003e on acpi0\nbattery0: \u003cACPI Control Method Battery\u003e on acpi0\nacpi_tz0: \u003cThermal Zone\u003e on acpi0\natrtc0: \u003cAT realtime clock\u003e port 0x70-0x75 irq 8 on acpi0\natkbdc0: \u003cKeyboard controller (i8042)\u003e port 0x60,0x64 irq 1 on acpi0\natkbd0: \u003cAT Keyboard\u003e irq 1 on atkbdc0\nkbd0 at atkbd0\natkbd0: [GIANT-LOCKED]\natkbd0: [ITHREAD]\npsm0: \u003cPS/2 Mouse\u003e irq 12 on atkbdc0\npsm0: [GIANT-LOCKED]\npsm0: [ITHREAD]\npsm0: model GlidePoint, device ID 0\ncpu0: \u003cACPI CPU\u003e on acpi0\np4tcc0: \u003cCPU Frequency Thermal Control\u003e on cpu0\npmtimer0 on isa0\nsc0: \u003cSystem console\u003e at flags 0x100 on isa0\nsc0: VGA \u003c16 virtual consoles, flags=0x300\u003e\nvga0: \u003cGeneric ISA VGA\u003e at port 0x3c0-0x3df iomem 0xa0000-0xbffff on isa0\nTimecounter \"TSC\" frequency 1729023049 Hz quality 800\nTimecounters tick every 1.000 msec\nusbus0: 12Mbps Full Speed USB v1.0\nusbus1: 12Mbps Full Speed USB v1.0\nusbus2: 12Mbps Full Speed USB v1.0\nusbus3: 12Mbps Full Speed USB v1.0\nusbus4: 480Mbps High Speed USB v2.0\nugen0.1: \u003cVIA\u003e at usbus0\nuhub0: \u003cVIA UHCI root HUB, class 9/0, rev 1.00/1.00, addr 1\u003e on usbus0\nugen1.1: \u003cVIA\u003e at usbus1\nuhub1: \u003cVIA UHCI root HUB, class 9/0, rev 1.00/1.00, addr 1\u003e on usbus1\nugen2.1: \u003cVIA\u003e at usbus2\nuhub2: \u003cVIA UHCI root HUB, class 9/0, rev 1.00/1.00, addr 1\u003e on usbus2\nugen3.1: \u003cVIA\u003e at usbus3\nuhub3: \u003cVIA UHCI root HUB, class 9/0, rev 1.00/1.00, addr 1\u003e on usbus3\nugen4.1: \u003cVIA\u003e at usbus4\nuhub4: \u003cVIA EHCI root HUB, class 9/0, rev 2.00/1.00, addr 1\u003e on usbus4\nacd0: DVDR \u003cHL-DT-ST DVDRAM GSA-T10N/PW02\u003e at ata1-master UDMA33\nad4: 57231MB \u003cWDC WD600BEVS-07LAT0 01.06M01\u003e at ata2-master SATA150\nuhub0: 2 ports with 2 removable, self powered\nuhub1: 2 ports with 2 removable, self powered\nuhub2: 2 ports with 2 removable, self powered\nuhub3: 2 ports with 2 removable, self powered\nRoot mount waiting for: usbus4\nRoot mount waiting for: usbus4\nRoot mount waiting for: usbus4\nuhub4: 8 ports with 8 removable, self powered\nTrying to mount root from ufs:/dev/ad4s3a\nugen0.2: \u003cvendor 0x15d9\u003e at usbus0\nums0: \u003cvendor 0x15d9 USB Mouse, class 0/0, rev 1.10/1.00, addr 2\u003e on usbus0\nums0: 3 buttons and [XYZ] coordinates ID=0\nugen4.2: \u003cvendor 0x3538\u003e at usbus4\numass0: \u003cvendor 0x3538 USB Mass Storage Device, class 0/0, rev\n2.00/1.00, addr 2\u003e on usbus4\numass0: SCSI over Bulk-Only; quirks = 0x0000\numass0:0:0:-1: Attached to scbus0\nda0 at umass-sim0 bus 0 target 0 lun 0\nda0: \u003cGeneric USB Flash Disk 0.00\u003e Removable Direct Access SCSI-2 device\nda0: 40.000MB/s transfers\nda0: 984MB (2015232 512 byte sectors: 64H 32S/T 984C)"
}