{
 "id": 426259,
 "bug_id": 119754,
 "attachment_id": 0,
 "creation_time": "2008-01-17T19:00:01Z",
 "creator": "gilles@camtrace.com",
 "text": "Under heavy CPU and network load (combined)\nthe em0 interface hangs after the following message\n    em0: watchdog timeout -- resetting\nand cannot be restarted with ifconfig down/up\n(a reboot is necessary)\n\nHardware environment\nASUS P5VDC-TVM TE Rev.A2 mATX P4M900 (OEMed to MaxData)\nwith a core 2 duo E4400 M processor\nand an Intel PCI NIC Pro100GT LPr PWLA8391GT G1L20\nChipset PCI ID: 8086:107c\n\n/var/log/messages:\nJan 17 20:31:54 camtrace15 syslogd: kernel boot file is /boot/kernel/kernel\nJan 17 20:31:54 camtrace15 kernel: Copyright (c) 1992-2007 The FreeBSD Project.\nJan 17 20:31:54 camtrace15 kernel: Copyright (c) 1979, 1980, 1983, 1986, 1988, 1989, 1991, 1992, 1993, 1994\nJan 17 20:31:54 camtrace15 kernel: The Regents of the University of California. All rights reserved.\nJan 17 20:31:54 camtrace15 kernel: FreeBSD is a registered trademark of The FreeBSD Foundation.\nJan 17 20:31:54 camtrace15 kernel: FreeBSD 6.2-RELEASE #1: Tue Jan 15 18:01:57 CET 2008\nJan 17 20:31:54 camtrace15 kernel: root@felger.axis.fr:/usr/obj/usr/src/sys/SMP\nJan 17 20:31:54 camtrace15 kernel: WARNING: MPSAFE network stack disabled, expect reduced performance.\nJan 17 20:31:54 camtrace15 kernel: ACPI APIC Table: \u003cMaxDat MaxSys..\u003e\nJan 17 20:31:54 camtrace15 kernel: Timecounter \"i8254\" frequency 1193182 Hz quality 0\nJan 17 20:31:54 camtrace15 kernel: CPU: Intel(R) Pentium(R) Dual  CPU  E2140  @ 1.60GHz (1599.83-MHz 686-class CPU)\nJan 17 20:31:54 camtrace15 kernel: Origin = \"GenuineIntel\"  Id = 0x6fd  Stepping = 13\nJan 17 20:31:54 camtrace15 kernel: Features=0xbfebfbff\u003cFPU,VME,DE,PSE,TSC,MSR,PAE,MCE,CX8,APIC,SEP,MTRR,PGE,MCA,CMOV,PAT,PSE36,CLFLUSH,DTS,ACPI,MMX,FXSR,SSE,SSE2,SS,HTT,TM,PBE\u003e\nJan 17 20:31:54 camtrace15 kernel: Features2=0xe39d\u003cSSE3,RSVD2,MON,DS_CPL,EST,TM2,\u003cb9\u003e,CX16,\u003cb14\u003e,\u003cb15\u003e\u003e\nJan 17 20:31:54 camtrace15 kernel: AMD Features=0x20100000\u003cNX,LM\u003e\nJan 17 20:31:54 camtrace15 kernel: AMD Features2=0x1\u003cLAHF\u003e\nJan 17 20:31:54 camtrace15 kernel: Cores per package: 2\nJan 17 20:31:54 camtrace15 kernel: real memory  = 468582400 (446 MB)\nJan 17 20:31:54 camtrace15 kernel: avail memory = 448884736 (428 MB)\nJan 17 20:31:54 camtrace15 kernel: FreeBSD/SMP: Multiprocessor System Detected: 2 CPUs\nJan 17 20:31:54 camtrace15 kernel: cpu0 (BSP): APIC ID:  0\nJan 17 20:31:54 camtrace15 kernel: cpu1 (AP): APIC ID:  1\nJan 17 20:31:54 camtrace15 kernel: ioapic0: Changing APIC ID to 4\nJan 17 20:31:54 camtrace15 kernel: ioapic0 \u003cVersion 0.3\u003e irqs 0-23 on motherboard\nJan 17 20:31:54 camtrace15 kernel: ioapic1 \u003cVersion 0.3\u003e irqs 24-47 on motherboard\nJan 17 20:31:54 camtrace15 kernel: kbd1 at kbdmux0\nJan 17 20:31:54 camtrace15 kernel: ath_hal: 0.9.17.2 (AR5210, AR5211, AR5212, RF5111, RF5112, RF2413, RF5413)\nJan 17 20:31:54 camtrace15 kernel: acpi0: \u003cMaxDat MaxSys..\u003e on motherboard\nJan 17 20:31:54 camtrace15 kernel: acpi_bus_number: can't get _ADR\nJan 17 20:31:54 camtrace15 last message repeated 40 times\nJan 17 20:31:54 camtrace15 kernel: acpi0: Power Button (fixed)\nJan 17 20:31:54 camtrace15 kernel: acpi_bus_number: can't get _ADR\nJan 17 20:31:54 camtrace15 last message repeated 5 times\nJan 17 20:31:54 camtrace15 kernel: Timecounter \"ACPI-fast\" frequency 3579545 Hz quality 1000\nJan 17 20:31:54 camtrace15 kernel: acpi_timer0: \u003c24-bit timer at 3.579545MHz\u003e port 0x408-0x40b on acpi0\nJan 17 20:31:54 camtrace15 kernel: cpu0: \u003cACPI CPU\u003e on acpi0\nJan 17 20:31:54 camtrace15 kernel: cpu1: \u003cACPI CPU\u003e on acpi0\nJan 17 20:31:54 camtrace15 kernel: acpi_button0: \u003cPower Button\u003e on acpi0\nJan 17 20:31:54 camtrace15 kernel: acpi_button1: \u003cSleep Button\u003e on acpi0\nJan 17 20:31:54 camtrace15 kernel: pcib0: \u003cACPI Host-PCI bridge\u003e port 0xcf8-0xcff on acpi0\nJan 17 20:31:54 camtrace15 kernel: pci0: \u003cACPI PCI bus\u003e on pcib0\nJan 17 20:31:54 camtrace15 kernel: pci0: \u003cbase peripheral, interrupt controller\u003e at device 0.5 (no driver attached)\nJan 17 20:31:54 camtrace15 kernel: pcib1: \u003cPCI-PCI bridge\u003e at device 1.0 on pci0\nJan 17 20:31:54 camtrace15 kernel: pci1: \u003cPCI bus\u003e on pcib1\nJan 17 20:31:54 camtrace15 kernel: pci1: \u003cdisplay, VGA\u003e at device 0.0 (no driver attached)\nJan 17 20:31:54 camtrace15 kernel: pcib2: \u003cACPI PCI-PCI bridge\u003e irq 27 at device 2.0 on pci0\nJan 17 20:31:54 camtrace15 kernel: pci2: \u003cACPI PCI bus\u003e on pcib2\nJan 17 20:31:54 camtrace15 kernel: pcib3: \u003cACPI PCI-PCI bridge\u003e irq 31 at device 3.0 on pci0\nJan 17 20:31:54 camtrace15 kernel: pci3: \u003cACPI PCI bus\u003e on pcib3\nJan 17 20:31:54 camtrace15 kernel: atapci0: \u003cGENERIC ATA controller\u003e port 0xfc00-0xfc07,0xf800-0xf803,0xf400-0xf407,0xf000-0xf003,0xec00-0xec0f,0xe800-0xe8ff irq 21 at device 15.0 on pci0\nJan 17 20:31:54 camtrace15 kernel: ata2: \u003cATA channel 0\u003e on atapci0\nJan 17 20:31:54 camtrace15 kernel: ata3: \u003cATA channel 1\u003e on atapci0\nJan 17 20:31:54 camtrace15 kernel: atapci1: \u003cGENERIC ATA controller\u003e port 0x1f0-0x1f7,0x3f6,0x170-0x177,0x376,0xe400-0xe40f at device 15.1 on pci0\nJan 17 20:31:54 camtrace15 kernel: ata0: \u003cATA channel 0\u003e on atapci1\nJan 17 20:31:54 camtrace15 kernel: ata1: \u003cATA channel 1\u003e on atapci1\nJan 17 20:31:54 camtrace15 kernel: uhci0: \u003cVIA 83C572 USB controller\u003e port 0xe000-0xe01f irq 20 at device 16.0 on pci0\nJan 17 20:31:54 camtrace15 kernel: uhci0: [GIANT-LOCKED]\nJan 17 20:31:54 camtrace15 kernel: usb0: \u003cVIA 83C572 USB controller\u003e on uhci0\nJan 17 20:31:54 camtrace15 kernel: usb0: USB revision 1.0\nJan 17 20:31:54 camtrace15 kernel: uhub0: VIA UHCI root hub, class 9/0, rev 1.00/1.00, addr 1\nJan 17 20:31:54 camtrace15 kernel: uhub0: 2 ports with 2 removable, self powered\nJan 17 20:31:54 camtrace15 kernel: uhci1: \u003cVIA 83C572 USB controller\u003e port 0xdc00-0xdc1f irq 22 at device 16.1 on pci0\nJan 17 20:31:54 camtrace15 kernel: uhci1: [GIANT-LOCKED]\nJan 17 20:31:54 camtrace15 kernel: usb1: \u003cVIA 83C572 USB controller\u003e on uhci1\nJan 17 20:31:54 camtrace15 kernel: usb1: USB revision 1.0\nJan 17 20:31:54 camtrace15 kernel: uhub1: VIA UHCI root hub, class 9/0, rev 1.00/1.00, addr 1\nJan 17 20:31:54 camtrace15 kernel: uhub1: 2 ports with 2 removable, self powered\nJan 17 20:31:54 camtrace15 kernel: uhci2: \u003cVIA 83C572 USB controller\u003e port 0xd800-0xd81f irq 21 at device 16.2 on pci0\nJan 17 20:31:54 camtrace15 kernel: uhci2: [GIANT-LOCKED]\nJan 17 20:31:54 camtrace15 kernel: usb2: \u003cVIA 83C572 USB controller\u003e on uhci2\nJan 17 20:31:54 camtrace15 kernel: usb2: USB revision 1.0\nJan 17 20:31:54 camtrace15 kernel: uhub2: VIA UHCI root hub, class 9/0, rev 1.00/1.00, addr 1\nJan 17 20:31:54 camtrace15 kernel: uhub2: 2 ports with 2 removable, self powered\nJan 17 20:31:54 camtrace15 kernel: uhci3: \u003cVIA 83C572 USB controller\u003e port 0xd400-0xd41f irq 23 at device 16.3 on pci0\nJan 17 20:31:54 camtrace15 kernel: uhci3: [GIANT-LOCKED]\nJan 17 20:31:54 camtrace15 kernel: usb3: \u003cVIA 83C572 USB controller\u003e on uhci3\nJan 17 20:31:54 camtrace15 kernel: usb3: USB revision 1.0\nJan 17 20:31:54 camtrace15 kernel: uhub3: VIA UHCI root hub, class 9/0, rev 1.00/1.00, addr 1\nJan 17 20:31:54 camtrace15 kernel: uhub3: 2 ports with 2 removable, self powered\nJan 17 20:31:54 camtrace15 kernel: ehci0: \u003cVIA VT6202 USB 2.0 controller\u003e mem 0xdffff000-0xdffff0ff irq 21 at device 16.4 on pci0\nJan 17 20:31:54 camtrace15 kernel: ehci0: [GIANT-LOCKED]\nJan 17 20:31:54 camtrace15 kernel: usb4: EHCI version 1.0\nJan 17 20:31:54 camtrace15 kernel: usb4: companion controllers, 2 ports each: usb0 usb1 usb2 usb3\nJan 17 20:31:54 camtrace15 kernel: usb4: \u003cVIA VT6202 USB 2.0 controller\u003e on ehci0\nJan 17 20:31:54 camtrace15 kernel: usb4: USB revision 2.0\nJan 17 20:31:54 camtrace15 kernel: uhub4: VIA EHCI root hub, class 9/0, rev 2.00/1.00, addr 1\nJan 17 20:31:54 camtrace15 kernel: uhub4: 8 ports with 8 removable, self powered\nJan 17 20:31:54 camtrace15 kernel: isab0: \u003cPCI-ISA bridge\u003e at device 17.0 on pci0\nJan 17 20:31:54 camtrace15 kernel: isa0: \u003cISA bus\u003e on isab0\nJan 17 20:31:54 camtrace15 kernel: pcib4: \u003cACPI PCI-PCI bridge\u003e at device 19.1 on pci0\nJan 17 20:31:54 camtrace15 kernel: pci4: \u003cACPI PCI bus\u003e on pcib4\nJan 17 20:31:54 camtrace15 kernel: em0: \u003cIntel(R) PRO/1000 Network Connection Version - 6.7.2\u003e port 0xcc00-0xcc3f mem 0xdfea0000-0xdfebffff,0xdfec0000-0xdfedffff irq 17 at device 5.0 on pci4\nJan 17 20:31:54 camtrace15 kernel: em0: Ethernet address: 00:1b:21:03:4c:b5\nJan 17 20:31:54 camtrace15 kernel: em0: [GIANT-LOCKED]\nJan 17 20:31:54 camtrace15 kernel: rl0: \u003cRealTek 8139 10/100BaseTX\u003e port 0xc800-0xc8ff mem 0xdfeff000-0xdfeff0ff irq 20 at device 7.0 on pci4\nJan 17 20:31:54 camtrace15 kernel: miibus0: \u003cMII bus\u003e on rl0\nJan 17 20:31:54 camtrace15 kernel: rlphy0: \u003cRealTek internal media interface\u003e on miibus0\nJan 17 20:31:54 camtrace15 kernel: rlphy0:  10baseT, 10baseT-FDX, 100baseTX, 100baseTX-FDX, auto\nJan 17 20:31:54 camtrace15 kernel: rl0: Ethernet address: 00:1d:60:95:d9:f8\nJan 17 20:31:54 camtrace15 kernel: rl0: [GIANT-LOCKED]\nJan 17 20:31:54 camtrace15 kernel: pcib5: \u003cACPI Host-PCI bridge\u003e on acpi0\nJan 17 20:31:54 camtrace15 kernel: acpi_bus_number: can't get _ADR\nJan 17 20:31:54 camtrace15 kernel: acpi_bus_number: can't get _ADR\nJan 17 20:31:54 camtrace15 kernel: pci128: \u003cACPI PCI bus\u003e on pcib5\nJan 17 20:31:54 camtrace15 kernel: pci128: \u003cmultimedia\u003e at device 1.0 (no driver attached)\nJan 17 20:31:54 camtrace15 kernel: acpi_tz0: \u003cThermal Zone\u003e on acpi0\nJan 17 20:31:54 camtrace15 kernel: sio0: configured irq 4 not in bitmap of probed irqs 0\nJan 17 20:31:54 camtrace15 kernel: sio0: port may not be enabled\nJan 17 20:31:54 camtrace15 kernel: sio0: \u003c16550A-compatible COM port\u003e port 0x3f8-0x3ff irq 4 flags 0x10 on acpi0\nJan 17 20:31:54 camtrace15 kernel: sio0: type 16550A\nJan 17 20:31:54 camtrace15 kernel: ppc0: \u003cECP parallel printer port\u003e port 0x378-0x37f,0x778-0x77b irq 7 drq 3 on acpi0\nJan 17 20:31:54 camtrace15 kernel: ppc0: SMC-like chipset (ECP/EPP/PS2/NIBBLE) in COMPATIBLE mode\nJan 17 20:31:54 camtrace15 kernel: ppc0: FIFO with 16/16/16 bytes threshold\nJan 17 20:31:54 camtrace15 kernel: ppbus0: \u003cParallel port bus\u003e on ppc0\nJan 17 20:31:54 camtrace15 kernel: plip0: \u003cPLIP network interface\u003e on ppbus0\nJan 17 20:31:54 camtrace15 kernel: lpt0: \u003cPrinter\u003e on ppbus0\nJan 17 20:31:54 camtrace15 kernel: lpt0: Interrupt-driven port\nJan 17 20:31:54 camtrace15 kernel: ppi0: \u003cParallel I/O\u003e on ppbus0\nJan 17 20:31:54 camtrace15 kernel: atkbdc0: \u003cKeyboard controller (i8042)\u003e port 0x60,0x64 irq 1 on acpi0\nJan 17 20:31:54 camtrace15 kernel: atkbd0: \u003cAT Keyboard\u003e irq 1 on atkbdc0\nJan 17 20:31:54 camtrace15 kernel: kbd0 at atkbd0\nJan 17 20:31:54 camtrace15 kernel: atkbd0: [GIANT-LOCKED]\nJan 17 20:31:54 camtrace15 kernel: psm0: \u003cPS/2 Mouse\u003e irq 12 on atkbdc0\nJan 17 20:31:54 camtrace15 kernel: psm0: [GIANT-LOCKED]\nJan 17 20:31:54 camtrace15 kernel: psm0: model IntelliMouse Explorer, device ID 4\nJan 17 20:31:54 camtrace15 kernel: pmtimer0 on isa0\nJan 17 20:31:54 camtrace15 kernel: orm0: \u003cISA Option ROMs\u003e at iomem 0xc0000-0xc97ff,0xcc000-0xccfff,0xcd000-0xcdfff on isa0\nJan 17 20:31:54 camtrace15 kernel: sc0: \u003cSystem console\u003e at flags 0x100 on isa0\nJan 17 20:31:54 camtrace15 kernel: sc0: VGA \u003c16 virtual consoles, flags=0x300\u003e\nJan 17 20:31:54 camtrace15 kernel: sio1: configured irq 3 not in bitmap of probed irqs 0\nJan 17 20:31:54 camtrace15 kernel: sio1: port may not be enabled\nJan 17 20:31:54 camtrace15 kernel: vga0: \u003cGeneric ISA VGA\u003e at port 0x3c0-0x3df iomem 0xa0000-0xbffff on isa0\nJan 17 20:31:54 camtrace15 kernel: Timecounters tick every 1.000 msec\nJan 17 20:31:54 camtrace15 kernel: ipfw2 (+ipv6) initialized, divert loadable, rule-based forwarding disabled, default to deny, logging disabled\nJan 17 20:31:54 camtrace15 kernel: acd0: DVDR \u003cHL-DT-STDVD-RAM GSA-H55N/1.02\u003e at ata0-master UDMA33\nJan 17 20:31:54 camtrace15 kernel: ad4: 476940MB \u003cSAMSUNG HD501LJ CR100-12\u003e at ata2-master UDMA33\nJan 17 20:31:54 camtrace15 kernel: SMP: AP CPU #1 Launched!\nJan 17 20:31:54 camtrace15 kernel: Trying to mount root from ufs:/dev/ad4s1a\nJan 17 20:31:55 camtrace15 kernel: em0: link state changed to UP\nJan 17 20:31:56 camtrace15 kernel: rl0: link state changed to UP\nJan 17 20:31:56 camtrace15 ntpd[675]: ntpd 4.2.0-a Fri Jan 12 06:42:16 UTC 2007 (1)\n\nFix: \n\nnone found\nHow-To-Repeat: Combine heavy CPU and network load.\nWe do this with capturing HTTP streams from 9 IP cameras\nand display them all, both on a local Firefox under X11 and on\na remote windows client.\nOur product comes on a self installing demo CD that is\ndownloadable from our ftp site on request."
}