{
 "id": 435027,
 "bug_id": 121550,
 "attachment_id": 0,
 "creation_time": "2008-03-13T04:44:25Z",
 "creator": "mad-scientist@safe-mail.net",
 "text": "Thanks for the response.\n\nIt's been a while since I've been on a BSD, so I'm a bit rusty.  First\nlet me clarify that I'm setting the DISPLAY as:\n\nsetenv DISPLAY :0 (csh) OR\nexport DISPLAY=:0 (bash/sh)\nIf those are wrong, let me know.\n\nI tried the Xorg --configure \u0026\u0026 Xorg -config /path/to/xorg.new thing.\nWhile the X log no longer tells me it can't load the radeon driver\n(seems to be using the ati driver), it still doesn't startup.  In most\ncases, I just get a grey background, with no mouse or spinning cursor.\n\nRunning from a user account, I get the following:\n\nXorg or the xinit script:  grey screen, no mouse.  The screen appears to\n'dematerialize' over time.  startx gnome: crashes on 'illegal command\nxterm'.  Also complains at startup/shutdown about 'Bad display name :0'.\n\nRunning gdm from the root acct, I just get the grey bkgd, no mouse.\n\nSo at this point, I'm really not at all sure if this is X related (I\nthink so), or how much has to do with gnome.\n\nHere are the files you requested.  By boot-verbose, I have assumed you\nmeant boot in verbose mode, and send a copy of /var/log/messages.  But\nbefore I go off into the files, thanks guys.\n\n======================boot-verbose===================\nMar 12 23:03:14  syslogd: kernel boot file is /boot/kernel/kernel\nMar 12 23:03:14  kernel: Copyright (c) 1992-2008 The FreeBSD Project.\nMar 12 23:03:14  kernel: Copyright (c) 1979, 1980, 1983, 1986, 1988, 1989, 1991, 1992, 1993, 1994\nMar 12 23:03:14  kernel: The Regents of the University of California. All rights reserved.\nMar 12 23:03:14  kernel: FreeBSD is a registered trademark of The FreeBSD Foundation.\nMar 12 23:03:14  kernel: FreeBSD 7.0-RELEASE #0: Sun Feb 24 19:59:52 UTC 2008\nMar 12 23:03:14  kernel: root@logan.cse.buffalo.edu:/usr/obj/usr/src/sys/GENERIC\nMar 12 23:03:14  kernel: Preloaded elf kernel \"/boot/kernel/kernel\" at 0xc0d73000.\nMar 12 23:03:14  kernel: Preloaded elf module \"/boot/kernel/acpi.ko\" at 0xc0d731b0.\nMar 12 23:03:14  kernel: Calibrating clock(s) ... i8254 clock: 1193215 Hz\nMar 12 23:03:14  kernel: CLK_USE_I8254_CALIBRATION not specified - using default frequency\nMar 12 23:03:14  kernel: Timecounter \"i8254\" frequency 1193182 Hz quality 0\nMar 12 23:03:14  kernel: Calibrating TSC clock ... TSC clock: 1790842539 Hz\nMar 12 23:03:14  kernel: CPU: AMD Turion(tm) 64 Mobile Technology ML-32 (1790.84-MHz 686-class CPU)\nMar 12 23:03:14  kernel: Origin = \"AuthenticAMD\"  Id = 0x20f42  Stepping = 2\nMar 12 23:03:14  kernel: Features=0x78bfbff\u003cFPU,VME,DE,PSE,TSC,MSR,PAE,MCE,CX8,APIC,SEP,MTRR,PGE,MCA,CMOV,PAT,PSE36,CLFLUSH,MMX,FXSR,SSE,SSE2\u003e\nMar 12 23:03:14  kernel: Features2=0x1\u003cSSE3\u003e\nMar 12 23:03:14  kernel: AMD Features=0xe2500800\u003cSYSCALL,NX,MMX+,FFXSR,LM,3DNow!+,3DNow!\u003e\nMar 12 23:03:14  kernel: AMD Features2=0x1\u003cLAHF\u003e\nMar 12 23:03:14  kernel: Data TLB: 32 entries, fully associative\nMar 12 23:03:14  kernel: Instruction TLB: 32 entries, fully associative\nMar 12 23:03:14  kernel: L1 data cache: 64 kbytes, 64 bytes/line, 1 lines/tag, 2-way associative\nMar 12 23:03:14  kernel: L1 instruction cache: 64 kbytes, 64 bytes/line, 1 lines/tag, 2-way associative\nMar 12 23:03:14  kernel: L2 internal cache: 512 kbytes, 64 bytes/line, 1 lines/tag, 8-way associative\nMar 12 23:03:14  kernel: real memory  = 535429120 (510 MB)\nMar 12 23:03:14  kernel: Physical memory chunk(s):\nMar 12 23:03:14  kernel: 0x0000000000001000 - 0x000000000009efff, 647168 bytes (158 pages)\nMar 12 23:03:14  kernel: 0x0000000000100000 - 0x00000000003fffff, 3145728 bytes (768 pages)\nMar 12 23:03:14  kernel: 0x0000000001028000 - 0x000000001f561fff, 508796928 bytes (124218 pages)\nMar 12 23:03:14  kernel: avail memory = 510033920 (486 MB)\nMar 12 23:03:14  kernel: Table 'FACP' at 0x1feabe3b\nMar 12 23:03:14  kernel: Table 'SSDT' at 0x1feabeaf\nMar 12 23:03:14  kernel: Table 'APIC' at 0x1feabf7e\nMar 12 23:03:14  kernel: MADT: Found table at 0x1feabf7e\nMar 12 23:03:14  kernel: MP Configuration Table version 1.4 found at 0xc009fd70\nMar 12 23:03:14  kernel: APIC: Using the MADT enumerator.\nMar 12 23:03:14  kernel: MADT: Found CPU APIC ID 0 ACPI ID 0: enabled\nMar 12 23:03:14  kernel: SMP: Added CPU 0 (AP)\nMar 12 23:03:14  kernel: ACPI APIC Table: \u003cPTLTD  \t APIC  \u003e\nMar 12 23:03:14  kernel: bios32: Found BIOS32 Service Directory header at 0xc00f7bf0\nMar 12 23:03:14  kernel: bios32: Entry = 0xfd610 (c00fd610)  Rev = 0  Len = 1\nMar 12 23:03:14  kernel: pcibios: PCI BIOS entry at 0xfd610+0x25c\nMar 12 23:03:14  kernel: pnpbios: Found PnP BIOS data at 0xc00f7c80\nMar 12 23:03:14  kernel: pnpbios: Entry = f0000:bbfd  Rev = 1.0\nMar 12 23:03:14  kernel: Other BIOS signatures found:\nMar 12 23:03:14  kernel: APIC: CPU 0 has ACPI ID 0\nMar 12 23:03:14  kernel: ACPI: RSDP @ 0x0xf7c40/0x0014 (v  0 PTLTD )\nMar 12 23:03:14  kernel: ACPI: RSDT @ 0x0x1fea3ed4/0x0034 (v  1 PTLTD    RSDT   0x06040000  LTP 0x00000000)\nMar 12 23:03:14  kernel: ACPI: FACP @ 0x0x1feabe3b/0x0074 (v  1 HP     Piranha  0x06040000 ATI  0x000F4240)\nMar 12 23:03:14  kernel: ACPI: DSDT @ 0x0x1fea3f08/0x7F33 (v  1     HP     309B 0x06040000 MSFT 0x0100000E)\nMar 12 23:03:14  kernel: ACPI: FACS @ 0x0x1feacfc0/0x0040\nMar 12 23:03:14  kernel: ACPI: SSDT @ 0x0x1feabeaf/0x00CF (v  1 PTLTD  POWERNOW 0x06040000  LTP 0x00000001)\nMar 12 23:03:14  kernel: ACPI: APIC @ 0x0x1feabf7e/0x0046 (v  1 PTLTD  \t APIC   0x06040000  LTP 0x00000000)\nMar 12 23:03:14  kernel: ACPI: MCFG @ 0x0x1feabfc4/0x003C (v  1 HP     PORSCHE  0x06040000 LOHR 0x00000000)\nMar 12 23:03:14  kernel: MADT: Found IO APIC ID 1, Interrupt 0 at 0xfec00000\nMar 12 23:03:14  kernel: ioapic0: Routing external 8259A's -\u003e intpin 0\nMar 12 23:03:14  kernel: lapic0: Routing NMI -\u003e LINT1\nMar 12 23:03:14  kernel: lapic0: LINT1 trigger: edge\nMar 12 23:03:14  kernel: lapic0: LINT1 polarity: high\nMar 12 23:03:14  kernel: MADT: Forcing active-low polarity and level trigger for SCI\nMar 12 23:03:14  kernel: ioapic0: intpin 9 polarity: low\nMar 12 23:03:14  kernel: ioapic0: intpin 9 trigger: level\nMar 12 23:03:14  kernel: ioapic0 \u003cVersion 2.1\u003e irqs 0-23 on motherboard\nMar 12 23:03:14  kernel: cpu0 BSP:\nMar 12 23:03:14  kernel: ID: 0x00000000   VER: 0x00050010 LDR: 0x00000000 DFR: 0xffffffff\nMar 12 23:03:14  kernel: lint0: 0x00010700 lint1: 0x00000400 TPR: 0x00000000 SVR: 0x000001ff\nMar 12 23:03:14  kernel: timer: 0x000100ef therm: 0x00010000 err: 0x00010000 pcm: 0x00010000\nMar 12 23:03:14  kernel: wlan: \u003c802.11 Link Layer\u003e\nMar 12 23:03:14  kernel: ath_rate: version 1.2 \u003cSampleRate bit-rate selection algorithm\u003e\nMar 12 23:03:14  kernel: wlan_amrr: \u003cAMRR Transmit Rate Control Algorithm\u003e\nMar 12 23:03:14  kernel: random: \u003centropy source, Software, Yarrow\u003e\nMar 12 23:03:14  kernel: nfslock: pseudo-device\nMar 12 23:03:14  kernel: kbd: new array size 4\nMar 12 23:03:14  kernel: kbd1 at kbdmux0\nMar 12 23:03:14  kernel: io: \u003cI/O\u003e\nMar 12 23:03:14  kernel: mem: \u003cmemory\u003e\nMar 12 23:03:14  kernel: Pentium Pro MTRR support enabled\nMar 12 23:03:14  kernel: null: \u003cnull device, zero device\u003e\nMar 12 23:03:14  kernel: ath_hal: 0.9.20.3 (AR5210, AR5211, AR5212, RF5111, RF5112, RF2413, RF5413)\nMar 12 23:03:14  kernel: hptrr: HPT RocketRAID controller driver v1.1 (Feb 24 2008 19:59:27)\nMar 12 23:03:14  kernel: npx0: INT 16 interface\nMar 12 23:03:14  kernel: acpi0: \u003cPTLTD   RSDT\u003e on motherboard\nMar 12 23:03:14  kernel: ioapic0: routing intpin 9 (ISA IRQ 9) to vector 48\nMar 12 23:03:14  kernel: acpi0: [MPSAFE]\nMar 12 23:03:14  kernel: acpi0: [ITHREAD]\nMar 12 23:03:14  kernel: acpi0: Power Button (fixed)\nMar 12 23:03:14  kernel: acpi0: Sleep Button (fixed)\nMar 12 23:03:14  kernel: acpi0: wakeup code va 0xcd00a000 pa 0x1000\nMar 12 23:03:14  kernel: pci_open(1):\tmode 1 addr port (0x0cf8) is 0x8000a104\nMar 12 23:03:14  kernel: pci_open(1a):\tmode1res=0x80000000 (0x80000000)\nMar 12 23:03:14  kernel: pci_cfgcheck:\tdevice 0 [class=060000] [hdr=00] is there (id=59501002)\nMar 12 23:03:14  kernel: pcibios: BIOS version 2.10\nMar 12 23:03:14  kernel: AcpiOsDerivePciId: \\_SB_.PCI0.PB4_.NCRD.PCFG -\u003e bus 2 dev 0 func 0\nMar 12 23:03:14  kernel: AcpiOsDerivePciId: \\_SB_.PCI0.PB5_.NCRD.PCFG -\u003e bus 0 dev 0 func 0\nMar 12 23:03:14  kernel: AcpiOsDerivePciId: \\_SB_.PCI0.IDE_.IDE_ -\u003e bus 0 dev 20 func 1\nMar 12 23:03:14  kernel: unknown: I/O range not supported\nMar 12 23:03:14  kernel: AcpiOsDerivePciId: \\_SB_.PCI0.BAR1 -\u003e bus 0 dev 0 func 0\nMar 12 23:03:14  kernel: acpi0: reservation of 0, 1000 (3) failed\nMar 12 23:03:14  kernel: ACPI timer: 1/2 1/2 1/2 1/2 1/2 1/2 1/2 1/2 1/2 1/2 -\u003e 10\nMar 12 23:03:14  kernel: Timecounter \"ACPI-fast\" frequency 3579545 Hz quality 1000\nMar 12 23:03:14  kernel: acpi_timer0: \u003c32-bit timer at 3.579545MHz\u003e port 0x8008-0x800b on acpi0\nMar 12 23:03:14  kernel: acpi_ec0: \u003cEmbedded Controller: GPE 0x1a\u003e port 0x62,0x66 on acpi0\nMar 12 23:03:14  kernel: pci_link0:        Index  IRQ  Rtd  Ref  IRQs\nMar 12 23:03:14  kernel: Initial Probe       0  255   N     0  10 11\nMar 12 23:03:14  kernel: Validation          0  255   N     0  10 11\nMar 12 23:03:14  kernel: After Disable       0  255   N     0  10 11\nMar 12 23:03:14  kernel: pci_link1:        Index  IRQ  Rtd  Ref  IRQs\nMar 12 23:03:14  kernel: Initial Probe       0  255   N     0  10 11\nMar 12 23:03:14  kernel: Validation          0  255   N     0  10 11\nMar 12 23:03:14  kernel: After Disable       0  255   N     0  10 11\nMar 12 23:03:14  kernel: pci_link2:        Index  IRQ  Rtd  Ref  IRQs\nMar 12 23:03:14  kernel: Initial Probe       0  255   N     0  10 11\nMar 12 23:03:14  kernel: Validation          0  255   N     0  10 11\nMar 12 23:03:14  kernel: After Disable       0  255   N     0  10 11\nMar 12 23:03:14  kernel: pci_link3:        Index  IRQ  Rtd  Ref  IRQs\nMar 12 23:03:14  kernel: Initial Probe       0  255   N     0  10 11\nMar 12 23:03:14  kernel: Validation          0  255   N     0  10 11\nMar 12 23:03:14  kernel: After Disable       0  255   N     0  10 11\nMar 12 23:03:14  kernel: pci_link4:        Index  IRQ  Rtd  Ref  IRQs\nMar 12 23:03:14  kernel: Initial Probe       0  255   N     0  10 11\nMar 12 23:03:14  kernel: Validation          0  255   N     0  10 11\nMar 12 23:03:14  kernel: After Disable       0  255   N     0  10 11\nMar 12 23:03:14  kernel: pci_link5:        Index  IRQ  Rtd  Ref  IRQs\nMar 12 23:03:14  kernel: Initial Probe       0  255   N     0  10 11\nMar 12 23:03:14  kernel: Validation          0  255   N     0  10 11\nMar 12 23:03:14  kernel: After Disable       0  255   N     0  10 11\nMar 12 23:03:14  kernel: pci_link6:        Index  IRQ  Rtd  Ref  IRQs\nMar 12 23:03:14  kernel: Initial Probe       0  255   N     0  10 11\nMar 12 23:03:14  kernel: Validation          0  255   N     0  10 11\nMar 12 23:03:14  kernel: After Disable       0  255   N     0  10 11\nMar 12 23:03:14  kernel: pci_link7:        Index  IRQ  Rtd  Ref  IRQs\nMar 12 23:03:14  kernel: Initial Probe       0  255   N     0  10 11\nMar 12 23:03:14  kernel: Validation          0  255   N     0  10 11\nMar 12 23:03:14  kernel: After Disable       0  255   N     0  10 11\nMar 12 23:03:14  kernel: cpu0: \u003cACPI CPU\u003e on acpi0\nMar 12 23:03:14  kernel: cpu0: switching to generic Cx mode\nMar 12 23:03:14  kernel: powernow0: \u003cPowerNow! K8\u003e on cpu0\nMar 12 23:03:14  kernel: acpi_throttle0: \u003cACPI CPU Throttling\u003e on cpu0\nMar 12 23:03:14  kernel: acpi_throttle0: P_CNT from P_BLK 0x8010\nMar 12 23:03:14  kernel: acpi_lid0: \u003cControl Method Lid Switch\u003e on acpi0\nMar 12 23:03:14  kernel: acpi_button0: \u003cPower Button\u003e on acpi0\nMar 12 23:03:14  kernel: pcib0: \u003cACPI Host-PCI bridge\u003e port 0xcf8-0xcff on acpi0\nMar 12 23:03:14  kernel: pci0: \u003cACPI PCI bus\u003e on pcib0\nMar 12 23:03:14  kernel: pci0: domain=0, physical bus=0\nMar 12 23:03:14  kernel: found-\u003e\tvendor=0x1002, dev=0x5950, revid=0x01\nMar 12 23:03:14  kernel: domain=0, bus=0, slot=0, func=0\nMar 12 23:03:14  kernel: class=06-00-00, hdrtype=0x00, mfdev=0\nMar 12 23:03:14  kernel: cmdreg=0x0006, statreg=0x2220, cachelnsz=0 (dwords)\nMar 12 23:03:14  kernel: lattimer=0x40 (1920 ns), mingnt=0x00 (0 ns), maxlat=0x00 (0 ns)\nMar 12 23:03:14  kernel: found-\u003e\tvendor=0x1002, dev=0x5a3f, revid=0x00\nMar 12 23:03:14  kernel: domain=0, bus=0, slot=1, func=0\nMar 12 23:03:14  kernel: class=06-04-00, hdrtype=0x01, mfdev=0\nMar 12 23:03:14  kernel: cmdreg=0x0007, statreg=0x0230, cachelnsz=0 (dwords)\nMar 12 23:03:14  kernel: lattimer=0x40 (1920 ns), mingnt=0x0c (3000 ns), maxlat=0x00 (0 ns)\nMar 12 23:03:14  kernel: found-\u003e\tvendor=0x1002, dev=0x5a36, revid=0x00\nMar 12 23:03:14  kernel: domain=0, bus=0, slot=4, func=0\nMar 12 23:03:14  kernel: class=06-04-00, hdrtype=0x01, mfdev=0\nMar 12 23:03:14  kernel: cmdreg=0x0000, statreg=0x0010, cachelnsz=0 (dwords)\nMar 12 23:03:14  kernel: lattimer=0x00 (0 ns), mingnt=0x00 (0 ns), maxlat=0x00 (0 ns)\nMar 12 23:03:14  kernel: powerspec 3  supports D0 D3  current D0\nMar 12 23:03:14  kernel: MSI supports 1 message\nMar 12 23:03:14  kernel: found-\u003e\tvendor=0x1002, dev=0x4374, revid=0x00\nMar 12 23:03:14  kernel: domain=0, bus=0, slot=19, func=0\nMar 12 23:03:14  kernel: class=0c-03-10, hdrtype=0x00, mfdev=1\nMar 12 23:03:14  kernel: cmdreg=0x0017, statreg=0x02b0, cachelnsz=8 (dwords)\nMar 12 23:03:14  kernel: lattimer=0x40 (1920 ns), mingnt=0x00 (0 ns), maxlat=0x00 (0 ns)\nMar 12 23:03:14  kernel: intpin=a, irq=11\nMar 12 23:03:14  kernel: MSI supports 1 message\nMar 12 23:03:14  kernel: map[10]: type Memory, range 32, base 0xc0000000, size 12, enabled\nMar 12 23:03:14  kernel: pcib0: matched entry for 0.19.INTA\nMar 12 23:03:14  kernel: pcib0: slot 19 INTA hardwired to IRQ 19\nMar 12 23:03:14  kernel: found-\u003e\tvendor=0x1002, dev=0x4375, revid=0x00\nMar 12 23:03:14  kernel: domain=0, bus=0, slot=19, func=1\nMar 12 23:03:14  kernel: class=0c-03-10, hdrtype=0x00, mfdev=0\nMar 12 23:03:14  kernel: cmdreg=0x0017, statreg=0x02b0, cachelnsz=8 (dwords)\nMar 12 23:03:14  kernel: lattimer=0x40 (1920 ns), mingnt=0x00 (0 ns), maxlat=0x00 (0 ns)\nMar 12 23:03:14  kernel: intpin=a, irq=11\nMar 12 23:03:14  kernel: MSI supports 1 message\nMar 12 23:03:14  kernel: map[10]: type Memory, range 32, base 0xc0001000, size 12, enabled\nMar 12 23:03:14  kernel: pcib0: matched entry for 0.19.INTA\nMar 12 23:03:14  kernel: pcib0: slot 19 INTA hardwired to IRQ 19\nMar 12 23:03:14  kernel: found-\u003e\tvendor=0x1002, dev=0x4373, revid=0x00\nMar 12 23:03:14  kernel: domain=0, bus=0, slot=19, func=2\nMar 12 23:03:14  kernel: class=0c-03-20, hdrtype=0x00, mfdev=0\nMar 12 23:03:14  kernel: cmdreg=0x0017, statreg=0x02b0, cachelnsz=8 (dwords)\nMar 12 23:03:14  kernel: lattimer=0x40 (1920 ns), mingnt=0x00 (0 ns), maxlat=0x00 (0 ns)\nMar 12 23:03:14  kernel: intpin=a, irq=11\nMar 12 23:03:14  kernel: powerspec 2  supports D0 D1 D2 D3  current D0\nMar 12 23:03:14  kernel: MSI supports 1 message\nMar 12 23:03:14  kernel: map[10]: type Memory, range 32, base 0xc0002000, size 12, enabled\nMar 12 23:03:14  kernel: pcib0: matched entry for 0.19.INTA\nMar 12 23:03:14  kernel: pcib0: slot 19 INTA hardwired to IRQ 19\nMar 12 23:03:14  kernel: found-\u003e\tvendor=0x1002, dev=0x4372, revid=0x11\nMar 12 23:03:14  kernel: domain=0, bus=0, slot=20, func=0\nMar 12 23:03:14  kernel: class=0c-05-00, hdrtype=0x00, mfdev=1\nMar 12 23:03:14  kernel: cmdreg=0x0003, statreg=0x0230, cachelnsz=0 (dwords)\nMar 12 23:03:14  kernel: lattimer=0x00 (0 ns), mingnt=0x00 (0 ns), maxlat=0x00 (0 ns)\nMar 12 23:03:14  kernel: map[10]: type I/O Port, range 32, base 0x8400, size  4, enabled\nMar 12 23:03:14  kernel: map[14]: type Memory, range 32, base 0xc0003000, size 10, enabled\nMar 12 23:03:14  kernel: found-\u003e\tvendor=0x1002, dev=0x4376, revid=0x00\nMar 12 23:03:14  kernel: domain=0, bus=0, slot=20, func=1\nMar 12 23:03:14  kernel: class=01-01-8a, hdrtype=0x00, mfdev=0\nMar 12 23:03:14  kernel: cmdreg=0x0005, statreg=0x0230, cachelnsz=0 (dwords)\nMar 12 23:03:14  kernel: lattimer=0x00 (0 ns), mingnt=0x00 (0 ns), maxlat=0x00 (0 ns)\nMar 12 23:03:14  kernel: intpin=a, irq=10\nMar 12 23:03:14  kernel: MSI supports 1 message\nMar 12 23:03:14  kernel: map[20]: type I/O Port, range 32, base 0x8410, size  4, enabled\nMar 12 23:03:14  kernel: pcib0: matched entry for 0.20.INTA\nMar 12 23:03:14  kernel: pcib0: slot 20 INTA hardwired to IRQ 16\nMar 12 23:03:14  kernel: found-\u003e\tvendor=0x1002, dev=0x4377, revid=0x00\nMar 12 23:03:14  kernel: domain=0, bus=0, slot=20, func=3\nMar 12 23:03:14  kernel: class=06-01-00, hdrtype=0x00, mfdev=1\nMar 12 23:03:14  kernel: cmdreg=0x000f, statreg=0x0220, cachelnsz=0 (dwords)\nMar 12 23:03:14  kernel: lattimer=0x00 (0 ns), mingnt=0x00 (0 ns), maxlat=0x00 (0 ns)\nMar 12 23:03:14  kernel: found-\u003e\tvendor=0x1002, dev=0x4371, revid=0x00\nMar 12 23:03:14  kernel: domain=0, bus=0, slot=20, func=4\nMar 12 23:03:14  kernel: class=06-04-01, hdrtype=0x01, mfdev=1\nMar 12 23:03:14  kernel: cmdreg=0x0007, statreg=0x02a0, cachelnsz=0 (dwords)\nMar 12 23:03:14  kernel: lattimer=0x40 (1920 ns), mingnt=0x02 (500 ns), maxlat=0x00 (0 ns)\nMar 12 23:03:14  kernel: found-\u003e\tvendor=0x1002, dev=0x4370, revid=0x02\nMar 12 23:03:14  kernel: domain=0, bus=0, slot=20, func=5\nMar 12 23:03:14  kernel: class=04-01-00, hdrtype=0x00, mfdev=1\nMar 12 23:03:14  kernel: cmdreg=0x0017, statreg=0x0430, cachelnsz=8 (dwords)\nMar 12 23:03:14  kernel: lattimer=0x40 (1920 ns), mingnt=0x02 (500 ns), maxlat=0x00 (0 ns)\nMar 12 23:03:14  kernel: intpin=b, irq=7\nMar 12 23:03:14  kernel: MSI supports 1 message\nMar 12 23:03:14  kernel: map[10]: type Memory, range 32, base 0xc0003400, size  8, enabled\nMar 12 23:03:14  kernel: pcib0: matched entry for 0.20.INTB\nMar 12 23:03:14  kernel: pcib0: slot 20 INTB hardwired to IRQ 17\nMar 12 23:03:14  kernel: found-\u003e\tvendor=0x1002, dev=0x4378, revid=0x02\nMar 12 23:03:14  kernel: domain=0, bus=0, slot=20, func=6\nMar 12 23:03:14  kernel: class=07-03-00, hdrtype=0x00, mfdev=1\nMar 12 23:03:14  kernel: cmdreg=0x0017, statreg=0x0430, cachelnsz=8 (dwords)\nMar 12 23:03:14  kernel: lattimer=0x40 (1920 ns), mingnt=0x02 (500 ns), maxlat=0x00 (0 ns)\nMar 12 23:03:14  kernel: intpin=b, irq=7\nMar 12 23:03:14  kernel: MSI supports 1 message\nMar 12 23:03:14  kernel: map[10]: type Memory, range 32, base 0xc0003800, size  8, enabled\nMar 12 23:03:14  kernel: pcib0: matched entry for 0.20.INTB\nMar 12 23:03:14  kernel: pcib0: slot 20 INTB hardwired to IRQ 17\nMar 12 23:03:14  kernel: found-\u003e\tvendor=0x1022, dev=0x1100, revid=0x00\nMar 12 23:03:14  kernel: domain=0, bus=0, slot=24, func=0\nMar 12 23:03:14  kernel: class=06-00-00, hdrtype=0x00, mfdev=1\nMar 12 23:03:14  kernel: cmdreg=0x0000, statreg=0x0010, cachelnsz=0 (dwords)\nMar 12 23:03:14  kernel: lattimer=0x00 (0 ns), mingnt=0x00 (0 ns), maxlat=0x00 (0 ns)\nMar 12 23:03:14  kernel: found-\u003e\tvendor=0x1022, dev=0x1101, revid=0x00\nMar 12 23:03:14  kernel: domain=0, bus=0, slot=24, func=1\nMar 12 23:03:14  kernel: class=06-00-00, hdrtype=0x00, mfdev=1\nMar 12 23:03:14  kernel: cmdreg=0x0000, statreg=0x0000, cachelnsz=0 (dwords)\nMar 12 23:03:14  kernel: lattimer=0x00 (0 ns), mingnt=0x00 (0 ns), maxlat=0x00 (0 ns)\nMar 12 23:03:14  kernel: found-\u003e\tvendor=0x1022, dev=0x1102, revid=0x00\nMar 12 23:03:14  kernel: domain=0, bus=0, slot=24, func=2\nMar 12 23:03:14  kernel: class=06-00-00, hdrtype=0x00, mfdev=1\nMar 12 23:03:14  kernel: cmdreg=0x0000, statreg=0x0000, cachelnsz=0 (dwords)\nMar 12 23:03:14  kernel: lattimer=0x00 (0 ns), mingnt=0x00 (0 ns), maxlat=0x00 (0 ns)\nMar 12 23:03:14  kernel: found-\u003e\tvendor=0x1022, dev=0x1103, revid=0x00\nMar 12 23:03:14  kernel: domain=0, bus=0, slot=24, func=3\nMar 12 23:03:14  kernel: class=06-00-00, hdrtype=0x00, mfdev=1\nMar 12 23:03:14  kernel: cmdreg=0x0000, statreg=0x0000, cachelnsz=0 (dwords)\nMar 12 23:03:14  kernel: lattimer=0x00 (0 ns), mingnt=0x00 (0 ns), maxlat=0x00 (0 ns)\nMar 12 23:03:14  kernel: pcib1: \u003cACPI PCI-PCI bridge\u003e at device 1.0 on pci0\nMar 12 23:03:14  kernel: pcib1:   domain            0\nMar 12 23:03:14  kernel: pcib1:   secondary bus     1\nMar 12 23:03:14  kernel: pcib1:   subordinate bus   1\nMar 12 23:03:14  kernel: pcib1:   I/O decode        0x9000-0x9fff\nMar 12 23:03:14  kernel: pcib1:   memory decode     0xc0100000-0xc01fffff\nMar 12 23:03:14  kernel: pcib1:   prefetched decode 0xc8000000-0xcfffffff\nMar 12 23:03:14  kernel: pci1: \u003cACPI PCI bus\u003e on pcib1\nMar 12 23:03:14  kernel: pci1: domain=0, physical bus=1\nMar 12 23:03:14  kernel: found-\u003e\tvendor=0x1002, dev=0x5955, revid=0x00\nMar 12 23:03:14  kernel: domain=0, bus=1, slot=5, func=0\nMar 12 23:03:14  kernel: class=03-00-00, hdrtype=0x00, mfdev=0\nMar 12 23:03:14  kernel: cmdreg=0x0007, statreg=0x02b0, cachelnsz=8 (dwords)\nMar 12 23:03:14  kernel: lattimer=0x42 (1980 ns), mingnt=0x08 (2000 ns), maxlat=0x00 (0 ns)\nMar 12 23:03:14  kernel: intpin=a, irq=7\nMar 12 23:03:14  kernel: powerspec 2  supports D0 D1 D2 D3  current D0\nMar 12 23:03:14  kernel: map[10]: type Prefetchable Memory, range 32, base 0xc8000000, size 27, enabled\nMar 12 23:03:14  kernel: pcib1: requested memory range 0xc8000000-0xcfffffff: good\nMar 12 23:03:14  kernel: map[14]: type I/O Port, range 32, base 0x9000, size  8, enabled\nMar 12 23:03:14  kernel: pcib1: requested I/O range 0x9000-0x90ff: in range\nMar 12 23:03:14  kernel: map[18]: type Memory, range 32, base 0xc0100000, size 16, enabled\nMar 12 23:03:14  kernel: pcib1: requested memory range 0xc0100000-0xc010ffff: good\nMar 12 23:03:14  kernel: pcib1: matched entry for 1.5.INTA\nMar 12 23:03:14  kernel: pcib1: slot 5 INTA hardwired to IRQ 17\nMar 12 23:03:14  kernel: vgapci0: \u003cVGA-compatible display\u003e port 0x9000-0x90ff mem 0xc8000000-0xcfffffff,0xc0100000-0xc010ffff irq 17 at device 5.0 on pci1\nMar 12 23:03:14  kernel: pcib2: \u003cACPI PCI-PCI bridge\u003e at device 4.0 on pci0\nMar 12 23:03:14  kernel: pcib2:   domain            0\nMar 12 23:03:14  kernel: pcib2:   secondary bus     2\nMar 12 23:03:14  kernel: pcib2:   subordinate bus   3\nMar 12 23:03:14  kernel: pcib2:   I/O decode        0x0-0x0\nMar 12 23:03:14  kernel: pcib2:   no prefetched decode\nMar 12 23:03:14  kernel: pci2: \u003cACPI PCI bus\u003e on pcib2\nMar 12 23:03:14  kernel: pci2: domain=0, physical bus=2\nMar 12 23:03:14  kernel: ohci0: \u003cATI SB400 USB Controller\u003e mem 0xc0000000-0xc0000fff irq 19 at device 19.0 on pci0\nMar 12 23:03:14  kernel: ohci0: Reserved 0x1000 bytes for rid 0x10 type 3 at 0xc0000000\nMar 12 23:03:14  kernel: ioapic0: routing intpin 19 (PCI IRQ 19) to vector 49\nMar 12 23:03:14  kernel: ohci0: [GIANT-LOCKED]\nMar 12 23:03:14  kernel: ohci0: [ITHREAD]\nMar 12 23:03:14  kernel: usb0: OHCI version 1.0, legacy support\nMar 12 23:03:14  kernel: usb0: \u003cATI SB400 USB Controller\u003e on ohci0\nMar 12 23:03:14  kernel: usb0: USB revision 1.0\nMar 12 23:03:14  kernel: uhub0: \u003cATI OHCI root hub, class 9/0, rev 1.00/1.00, addr 1\u003e on usb0\nMar 12 23:03:14  kernel: uhub0: 4 ports with 4 removable, self powered\nMar 12 23:03:14  kernel: ohci1: \u003cATI SB400 USB Controller\u003e mem 0xc0001000-0xc0001fff irq 19 at device 19.1 on pci0\nMar 12 23:03:14  kernel: ohci1: Reserved 0x1000 bytes for rid 0x10 type 3 at 0xc0001000\nMar 12 23:03:14  kernel: ohci1: [GIANT-LOCKED]\nMar 12 23:03:14  kernel: ohci1: [ITHREAD]\nMar 12 23:03:14  kernel: usb1: OHCI version 1.0, legacy support\nMar 12 23:03:14  kernel: usb1: \u003cATI SB400 USB Controller\u003e on ohci1\nMar 12 23:03:14  kernel: usb1: USB revision 1.0\nMar 12 23:03:14  kernel: uhub1: \u003cATI OHCI root hub, class 9/0, rev 1.00/1.00, addr 1\u003e on usb1\nMar 12 23:03:14  kernel: uhub1: 4 ports with 4 removable, self powered\nMar 12 23:03:14  kernel: ehci0: \u003cATI SB400 USB 2.0 controller\u003e mem 0xc0002000-0xc0002fff irq 19 at device 19.2 on pci0\nMar 12 23:03:14  kernel: ehci0: Reserved 0x1000 bytes for rid 0x10 type 3 at 0xc0002000\nMar 12 23:03:14  kernel: ehci0: [GIANT-LOCKED]\nMar 12 23:03:14  kernel: ehci0: [ITHREAD]\nMar 12 23:03:14  kernel: ehci0: Dropped interrupts workaround enabled\nMar 12 23:03:14  kernel: usb2: EHCI version 1.0\nMar 12 23:03:14  kernel: usb2: companion controllers, 4 ports each: usb0 usb1\nMar 12 23:03:14  kernel: usb2: \u003cATI SB400 USB 2.0 controller\u003e on ehci0\nMar 12 23:03:14  kernel: usb2: USB revision 2.0\nMar 12 23:03:14  kernel: uhub2: \u003cATI EHCI root hub, class 9/0, rev 2.00/1.00, addr 1\u003e on usb2\nMar 12 23:03:14  kernel: uhub2: 8 ports with 8 removable, self powered\nMar 12 23:03:14  kernel: pci0: \u003cserial bus, SMBus\u003e at device 20.0 (no driver attached)\nMar 12 23:03:14  kernel: atapci0: \u003cATI IXP400 UDMA133 controller\u003e port 0x1f0-0x1f7,0x3f6,0x170-0x177,0x376,0x8410-0x841f irq 16 at device 20.1 on pci0\nMar 12 23:03:14  kernel: atapci0: Reserved 0x10 bytes for rid 0x20 type 4 at 0x8410\nMar 12 23:03:14  kernel: ata0: \u003cATA channel 0\u003e on atapci0\nMar 12 23:03:14  kernel: atapci0: Reserved 0x8 bytes for rid 0x10 type 4 at 0x1f0\nMar 12 23:03:14  kernel: atapci0: Reserved 0x1 bytes for rid 0x14 type 4 at 0x3f6\nMar 12 23:03:14  kernel: ata0: reset tp1 mask=03 ostat0=50 ostat1=00\nMar 12 23:03:14  kernel: ata0: stat0=0x50 err=0x01 lsb=0x00 msb=0x00\nMar 12 23:03:14  kernel: ata0: stat1=0x00 err=0x01 lsb=0x00 msb=0x00\nMar 12 23:03:14  kernel: ata0: reset tp2 stat0=50 stat1=00 devices=0x1\u003cATA_MASTER\u003e\nMar 12 23:03:14  kernel: ioapic0: routing intpin 14 (ISA IRQ 14) to vector 50\nMar 12 23:03:14  kernel: ata0: [MPSAFE]\nMar 12 23:03:14  kernel: ata0: [ITHREAD]\nMar 12 23:03:14  kernel: ata1: \u003cATA channel 1\u003e on atapci0\nMar 12 23:03:14  kernel: atapci0: Reserved 0x8 bytes for rid 0x18 type 4 at 0x170\nMar 12 23:03:14  kernel: atapci0: Reserved 0x1 bytes for rid 0x1c type 4 at 0x376\nMar 12 23:03:14  kernel: ata1: reset tp1 mask=03 ostat0=50 ostat1=00\nMar 12 23:03:14  kernel: ata1: stat0=0x00 err=0x01 lsb=0x14 msb=0xeb\nMar 12 23:03:14  kernel: ata1: stat1=0x00 err=0x00 lsb=0x00 msb=0x00\nMar 12 23:03:14  kernel: ata1: reset tp2 stat0=00 stat1=00 devices=0x4\u003cATAPI_MASTER\u003e\nMar 12 23:03:14  kernel: ioapic0: routing intpin 15 (ISA IRQ 15) to vector 51\nMar 12 23:03:14  kernel: ata1: [MPSAFE]\nMar 12 23:03:14  kernel: ata1: [ITHREAD]\nMar 12 23:03:14  kernel: isab0: \u003cPCI-ISA bridge\u003e at device 20.3 on pci0\nMar 12 23:03:14  kernel: isa0: \u003cISA bus\u003e on isab0\nMar 12 23:03:14  kernel: pcib3: \u003cACPI PCI-PCI bridge\u003e at device 20.4 on pci0\nMar 12 23:03:14  kernel: pcib3:   domain            0\nMar 12 23:03:14  kernel: pcib3:   secondary bus     6\nMar 12 23:03:14  kernel: pcib3:   subordinate bus   8\nMar 12 23:03:14  kernel: pcib3:   I/O decode        0xa000-0xafff\nMar 12 23:03:14  kernel: pcib3:   memory decode     0xc0200000-0xc02fffff\nMar 12 23:03:14  kernel: pcib3:   no prefetched decode\nMar 12 23:03:14  kernel: pcib3:   Subtractively decoded bridge.\nMar 12 23:03:14  kernel: pci6: \u003cACPI PCI bus\u003e on pcib3\nMar 12 23:03:14  kernel: pci6: domain=0, physical bus=6\nMar 12 23:03:14  kernel: found-\u003e\tvendor=0x14e4, dev=0x4318, revid=0x02\nMar 12 23:03:14  kernel: domain=0, bus=6, slot=2, func=0\nMar 12 23:03:14  kernel: class=02-80-00, hdrtype=0x00, mfdev=0\nMar 12 23:03:14  kernel: cmdreg=0x0006, statreg=0x0000, cachelnsz=0 (dwords)\nMar 12 23:03:14  kernel: lattimer=0x40 (1920 ns), mingnt=0x00 (0 ns), maxlat=0x00 (0 ns)\nMar 12 23:03:14  kernel: intpin=a, irq=10\nMar 12 23:03:14  kernel: map[10]: type Memory, range 32, base 0xc0204000, size 13, enabled\nMar 12 23:03:14  kernel: pcib3: requested memory range 0xc0204000-0xc0205fff: good\nMar 12 23:03:14  kernel: pcib3: matched entry for 6.2.INTA\nMar 12 23:03:14  kernel: pcib3: slot 2 INTA hardwired to IRQ 21\nMar 12 23:03:14  kernel: found-\u003e\tvendor=0x104c, dev=0x8031, revid=0x00\nMar 12 23:03:14  kernel: domain=0, bus=6, slot=4, func=0\nMar 12 23:03:14  kernel: class=06-07-00, hdrtype=0x02, mfdev=1\nMar 12 23:03:14  kernel: cmdreg=0x0007, statreg=0x0210, cachelnsz=8 (dwords)\nMar 12 23:03:14  kernel: lattimer=0x40 (1920 ns), mingnt=0x44 (17000 ns), maxlat=0x03 (750 ns)\nMar 12 23:03:14  kernel: intpin=a, irq=10\nMar 12 23:03:14  kernel: powerspec 2  supports D0 D1 D2 D3  current D0\nMar 12 23:03:14  kernel: map[10]: type Memory, range 32, base 0xc0208000, size 12, enabled\nMar 12 23:03:14  kernel: pcib3: requested memory range 0xc0208000-0xc0208fff: good\nMar 12 23:03:14  kernel: pcib3: matched entry for 6.4.INTA\nMar 12 23:03:14  kernel: pcib3: slot 4 INTA hardwired to IRQ 20\nMar 12 23:03:14  kernel: found-\u003e\tvendor=0x104c, dev=0x8032, revid=0x00\nMar 12 23:03:14  kernel: domain=0, bus=6, slot=4, func=2\nMar 12 23:03:14  kernel: class=0c-00-10, hdrtype=0x00, mfdev=1\nMar 12 23:03:14  kernel: cmdreg=0x0016, statreg=0x0210, cachelnsz=8 (dwords)\nMar 12 23:03:14  kernel: lattimer=0x40 (1920 ns), mingnt=0x02 (500 ns), maxlat=0x04 (1000 ns)\nMar 12 23:03:14  kernel: intpin=c, irq=10\nMar 12 23:03:14  kernel: powerspec 2  supports D0 D1 D2 D3  current D0\nMar 12 23:03:14  kernel: map[10]: type Memory, range 32, base 0xc0209000, size 11, enabled\nMar 12 23:03:14  kernel: pcib3: requested memory range 0xc0209000-0xc02097ff: good\nMar 12 23:03:14  kernel: map[14]: type Memory, range 32, base 0xc0200000, size 14, enabled\nMar 12 23:03:14  kernel: pcib3: requested memory range 0xc0200000-0xc0203fff: good\nMar 12 23:03:14  kernel: pcib3: matched entry for 6.4.INTC\nMar 12 23:03:14  kernel: pcib3: slot 4 INTC hardwired to IRQ 23\nMar 12 23:03:14  kernel: found-\u003e\tvendor=0x104c, dev=0x8033, revid=0x00\nMar 12 23:03:14  kernel: domain=0, bus=6, slot=4, func=3\nMar 12 23:03:14  kernel: class=01-80-00, hdrtype=0x00, mfdev=1\nMar 12 23:03:14  kernel: cmdreg=0x0006, statreg=0x0210, cachelnsz=8 (dwords)\nMar 12 23:03:14  kernel: lattimer=0x40 (1920 ns), mingnt=0x07 (1750 ns), maxlat=0x04 (1000 ns)\nMar 12 23:03:14  kernel: intpin=b, irq=10\nMar 12 23:03:14  kernel: powerspec 2  supports D0 D1 D2 D3  current D0\nMar 12 23:03:14  kernel: map[10]: type Memory, range 32, base 0xc0206000, size 13, enabled\nMar 12 23:03:14  kernel: pcib3: requested memory range 0xc0206000-0xc0207fff: good\nMar 12 23:03:14  kernel: pcib3: matched entry for 6.4.INTB\nMar 12 23:03:14  kernel: pcib3: slot 4 INTB hardwired to IRQ 23\nMar 12 23:03:14  kernel: found-\u003e\tvendor=0x104c, dev=0x8034, revid=0x00\nMar 12 23:03:14  kernel: domain=0, bus=6, slot=4, func=4\nMar 12 23:03:14  kernel: class=08-05-00, hdrtype=0x00, mfdev=1\nMar 12 23:03:14  kernel: cmdreg=0x0006, statreg=0x0210, cachelnsz=8 (dwords)\nMar 12 23:03:14  kernel: lattimer=0x40 (1920 ns), mingnt=0x07 (1750 ns), maxlat=0x04 (1000 ns)\nMar 12 23:03:14  kernel: intpin=a, irq=10\nMar 12 23:03:14  kernel: powerspec 2  supports D0 D1 D2 D3  current D0\nMar 12 23:03:14  kernel: map[10]: type Memory, range 32, base 0xc020a000, size  8, enabled\nMar 12 23:03:14  kernel: pcib3: requested memory range 0xc020a000-0xc020a0ff: good\nMar 12 23:03:14  kernel: map[14]: type Memory, range 32, base 0xc0209c00, size  8, enabled\nMar 12 23:03:14  kernel: pcib3: requested memory range 0xc0209c00-0xc0209cff: good\nMar 12 23:03:14  kernel: map[18]: type Memory, range 32, base 0xc0209800, size  8, enabled\nMar 12 23:03:14  kernel: pcib3: requested memory range 0xc0209800-0xc02098ff: good\nMar 12 23:03:14  kernel: pcib3: matched entry for 6.4.INTA\nMar 12 23:03:14  kernel: pcib3: slot 4 INTA hardwired to IRQ 20\nMar 12 23:03:14  kernel: found-\u003e\tvendor=0x10ec, dev=0x8139, revid=0x10\nMar 12 23:03:14  kernel: domain=0, bus=6, slot=6, func=0\nMar 12 23:03:14  kernel: class=02-00-00, hdrtype=0x00, mfdev=0\nMar 12 23:03:14  kernel: cmdreg=0x0007, statreg=0x0290, cachelnsz=0 (dwords)\nMar 12 23:03:14  kernel: lattimer=0x80 (3840 ns), mingnt=0x20 (8000 ns), maxlat=0x40 (16000 ns)\nMar 12 23:03:14  kernel: intpin=a, irq=10\nMar 12 23:03:14  kernel: powerspec 2  supports D0 D1 D2 D3  current D0\nMar 12 23:03:14  kernel: map[10]: type I/O Port, range 32, base 0xa000, size  8, enabled\nMar 12 23:03:14  kernel: pcib3: requested I/O range 0xa000-0xa0ff: in range\nMar 12 23:03:14  kernel: map[14]: type Memory, range 32, base 0xc020a400, size  8, enabled\nMar 12 23:03:14  kernel: pcib3: requested memory range 0xc020a400-0xc020a4ff: good\nMar 12 23:03:14  kernel: pcib3: matched entry for 6.6.INTA\nMar 12 23:03:14  kernel: pcib3: slot 6 INTA hardwired to IRQ 22\nMar 12 23:03:14  kernel: pci6: \u003cnetwork\u003e at device 2.0 (no driver attached)\nMar 12 23:03:14  kernel: cbb0: \u003cTI6411 PCI-CardBus Bridge\u003e mem 0xc0208000-0xc0208fff irq 20 at device 4.0 on pci6\nMar 12 23:03:14  kernel: cbb0: Reserved 0x1000 bytes for rid 0x10 type 3 at 0xc0208000\nMar 12 23:03:14  kernel: cardbus0: \u003cCardBus bus\u003e on cbb0\nMar 12 23:03:14  kernel: pccard0: \u003c16-bit PCCard bus\u003e on cbb0\nMar 12 23:03:14  kernel: ioapic0: routing intpin 20 (PCI IRQ 20) to vector 52\nMar 12 23:03:14  kernel: cbb0: [MPSAFE]\nMar 12 23:03:14  kernel: cbb0: [ITHREAD]\nMar 12 23:03:14  kernel: cbb0: PCI Configuration space:\nMar 12 23:03:14  kernel: 0x00: 0x8031104c 0x02100007 0x06070000 0x00824008 \nMar 12 23:03:14  kernel: 0x10: 0xc0208000 0x020000a0 0x20070706 0xfffff000 \nMar 12 23:03:14  kernel: 0x20: 0x00000000 0xfffff000 0x00000000 0xfffffffc \nMar 12 23:03:14  kernel: 0x30: 0x00000000 0xfffffffc 0x00000000 0x07440114 \nMar 12 23:03:14  kernel: 0x40: 0x309b103c 0x00000001 0x00000000 0x00000000 \nMar 12 23:03:14  kernel: 0x50: 0x00000000 0x00000000 0x00000000 0x00000000 \nMar 12 23:03:14  kernel: 0x60: 0x00000000 0x00000000 0x00000000 0x00000000 \nMar 12 23:03:14  kernel: 0x70: 0x00000000 0x00000000 0x00000000 0x00000000 \nMar 12 23:03:14  kernel: 0x80: 0x08409060 0x00000000 0x00070000 0x00a61b22 \nMar 12 23:03:14  kernel: 0x90: 0x006400c0 0x00000000 0x00000000 0x00000000 \nMar 12 23:03:14  kernel: 0xa0: 0xfe120001 0x00c00000 0x00000000 0x00000000 \nMar 12 23:03:14  kernel: 0xb0: 0x00000000 0x00000000 0x00000000 0x00000000 \nMar 12 23:03:14  kernel: 0xc0: 0x00000000 0x00000000 0x00000000 0x00000000 \nMar 12 23:03:14  kernel: 0xd0: 0x00000000 0x00000000 0x00000000 0x00000000 \nMar 12 23:03:14  kernel: 0xe0: 0x00000000 0x00000000 0x00000000 0x00000000 \nMar 12 23:03:14  kernel: 0xf0: 0x00000000 0x00000000 0x00000000 0x00000000 \nMar 12 23:03:14  kernel: fwohci0: vendor=104c, dev=8032\nMar 12 23:03:14  kernel: fwohci0: vendor=104c, dev=8032\nMar 12 23:03:14  kernel: fwohci0: \u003c1394 Open Host Controller Interface\u003e mem 0xc0209000-0xc02097ff,0xc0200000-0xc0203fff irq 23 at device 4.2 on pci6\nMar 12 23:03:14  kernel: fwohci0: Reserved 0x800 bytes for rid 0x10 type 3 at 0xc0209000\nMar 12 23:03:14  kernel: ioapic0: routing intpin 23 (PCI IRQ 23) to vector 53\nMar 12 23:03:14  kernel: fwohci0: [MPSAFE]\nMar 12 23:03:14  kernel: fwohci0: [FILTER]\nMar 12 23:03:14  kernel: fwohci0: OHCI version 1.10 (ROM=0)\nMar 12 23:03:14  kernel: fwohci0: No. of Isochronous channels is 4.\nMar 12 23:03:14  kernel: fwohci0: EUI64 5b:3f:02:00:51:3f:40:7a\nMar 12 23:03:14  kernel: fwohci0: Phy 1394a available S400, 2 ports.\nMar 12 23:03:14  kernel: fwohci0: Link S400, max_rec 2048 bytes.\nMar 12 23:03:14  kernel: firewire0: \u003cIEEE1394(FireWire) bus\u003e on fwohci0\nMar 12 23:03:14  kernel: dcons_crom0: \u003cdcons configuration ROM\u003e on firewire0\nMar 12 23:03:14  kernel: dcons_crom0: bus_addr 0x1f4ac000\nMar 12 23:03:14  kernel: fwe0: \u003cEthernet over FireWire\u003e on firewire0\nMar 12 23:03:14  kernel: if_fwe0: Fake Ethernet address: 5a:3f:02:3f:40:7a\nMar 12 23:03:14  kernel: fwe0: bpf attached\nMar 12 23:03:14  kernel: fwe0: Ethernet address: 5a:3f:02:3f:40:7a\nMar 12 23:03:14  kernel: fwip0: \u003cIP over FireWire\u003e on firewire0\nMar 12 23:03:14  kernel: fwip0: bpf attached\nMar 12 23:03:14  kernel: fwip0: Firewire address: 5b:3f:02:00:51:3f:40:7a @ 0xfffe00000000, S400, maxrec 2048\nMar 12 23:03:14  kernel: sbp0: \u003cSBP-2/SCSI over FireWire\u003e on firewire0\nMar 12 23:03:14  kernel: fwohci0: Initiate bus reset\nMar 12 23:03:14  kernel: fwohci0: BUS reset\nMar 12 23:03:14  kernel: fwohci0: node_id=0xc800ffc0, gen=1, CYCLEMASTER mode\nMar 12 23:03:14  kernel: pci6: \u003cmass storage\u003e at device 4.3 (no driver attached)\nMar 12 23:03:14  kernel: pci6: \u003cbase peripheral\u003e at device 4.4 (no driver attached)\nMar 12 23:03:14  kernel: re0: Reserved 0x100 bytes for rid 0x10 type 4 at 0xa000\nMar 12 23:03:14  kernel: pcib3: rl0 requested I/O range 0xa000-0xa0ff: in range\nMar 12 23:03:14  kernel: pcib3: rl0 requested I/O range 0xa000-0xa0ff: in range\nMar 12 23:03:14  kernel: rl0: \u003cRealTek 8139 10/100BaseTX\u003e port 0xa000-0xa0ff mem 0xc020a400-0xc020a4ff irq 22 at device 6.0 on pci6\nMar 12 23:03:14  kernel: pcib3: rl0 requested I/O range 0xa000-0xa0ff: in range\nMar 12 23:03:14  kernel: miibus0: \u003cMII bus\u003e on rl0\nMar 12 23:03:14  kernel: rlphy0: \u003cRealTek internal media interface\u003e PHY 0 on miibus0\nMar 12 23:03:14  kernel: rlphy0:  10baseT, 10baseT-FDX, 100baseTX, 100baseTX-FDX, auto\nMar 12 23:03:14  kernel: rl0: bpf attached\nMar 12 23:03:14  kernel: rl0: Ethernet address: 00:0f:b0:bc:04:f2\nMar 12 23:03:14  kernel: ioapic0: routing intpin 22 (PCI IRQ 22) to vector 54\nMar 12 23:03:14  kernel: rl0: [MPSAFE]\nMar 12 23:03:14  kernel: rl0: [ITHREAD]\nMar 12 23:03:14  kernel: pci0: \u003cmultimedia, audio\u003e at device 20.5 (no driver attached)\nMar 12 23:03:14  kernel: pci0: \u003csimple comms, generic modem\u003e at device 20.6 (no driver attached)\nMar 12 23:03:14  kernel: acpi_tz0: \u003cThermal Zone\u003e on acpi0\nMar 12 23:03:14  kernel: acpi_ec0: EcRead: failed waiting to get data\nMar 12 23:03:14  kernel: ACPI Exception (evregion-0529): AE_NO_HARDWARE_RESPONSE, Returned by Handler for [EmbeddedControl] [20070320]\nMar 12 23:03:14  kernel: ACPI Error (psparse-0626): Method parse/execution failed [\\_TZ_.THRM._CRT] (Node 0xc2e96640), AE_NO_HARDWARE_RESPONSE\nMar 12 23:03:14  kernel: atkbdc0: \u003cKeyboard controller (i8042)\u003e port 0x60,0x64 irq 1 on acpi0\nMar 12 23:03:14  kernel: atkbd0: \u003cAT Keyboard\u003e irq 1 on atkbdc0\nMar 12 23:03:14  kernel: atkbd: the current kbd controller command byte 0047\nMar 12 23:03:14  kernel: atkbd: keyboard ID 0x41ab (2)\nMar 12 23:03:14  kernel: kbd0 at atkbd0\nMar 12 23:03:14  kernel: kbd0: atkbd0, AT 101/102 (2), config:0x0, flags:0x3d0000\nMar 12 23:03:14  kernel: ioapic0: routing intpin 1 (ISA IRQ 1) to vector 55\nMar 12 23:03:14  kernel: atkbd0: [GIANT-LOCKED]\nMar 12 23:03:14  kernel: atkbd0: [ITHREAD]\nMar 12 23:03:14  kernel: psm0: unable to allocate IRQ\nMar 12 23:03:14  kernel: psmcpnp0: \u003cPS/2 mouse port\u003e irq 12 on acpi0\nMar 12 23:03:14  kernel: psm0: current command byte:0047\nMar 12 23:03:14  kernel: psm0: \u003cPS/2 Mouse\u003e irq 12 on atkbdc0\nMar 12 23:03:14  kernel: ioapic0: routing intpin 12 (ISA IRQ 12) to vector 56\nMar 12 23:03:14  kernel: psm0: [GIANT-LOCKED]\nMar 12 23:03:14  kernel: psm0: [ITHREAD]\nMar 12 23:03:14  kernel: psm0: model IntelliMouse, device ID 3-00, 3 buttons\nMar 12 23:03:14  kernel: psm0: config:00000000, flags:00000008, packet size:4\nMar 12 23:03:14  kernel: psm0: syncmask:08, syncbits:00\nMar 12 23:03:14  kernel: battery0: \u003cACPI Control Method Battery\u003e on acpi0\nMar 12 23:03:14  kernel: acpi_acad0: \u003cAC Adapter\u003e on acpi0\nMar 12 23:03:14  kernel: unknown: status reg test failed ff\nMar 12 23:03:14  last message repeated 5 times\nMar 12 23:03:14  kernel: ex_isa_identify()\nMar 12 23:03:14  kernel: ahc_isa_probe 0: ioport 0xc00 alloc failed\nMar 12 23:03:14  kernel: ata: ata0 already exists; skipping it\nMar 12 23:03:14  kernel: ata: ata1 already exists; skipping it\nMar 12 23:03:14  kernel: atkbdc: atkbdc0 already exists; skipping it\nMar 12 23:03:14  kernel: pnp_identify: Trying Read_Port at 203\nMar 12 23:03:14  kernel: pnp_identify: Trying Read_Port at 243\nMar 12 23:03:14  kernel: pnp_identify: Trying Read_Port at 283\nMar 12 23:03:14  kernel: pnp_identify: Trying Read_Port at 2c3\nMar 12 23:03:14  kernel: pnp_identify: Trying Read_Port at 303\nMar 12 23:03:14  kernel: pnp_identify: Trying Read_Port at 343\nMar 12 23:03:14  kernel: pnp_identify: Trying Read_Port at 383\nMar 12 23:03:14  kernel: pnp_identify: Trying Read_Port at 3c3\nMar 12 23:03:14  kernel: PNP Identify complete\nMar 12 23:03:14  kernel: sc: sc0 already exists; skipping it\nMar 12 23:03:14  kernel: vga: vga0 already exists; skipping it\nMar 12 23:03:14  kernel: isa_probe_children: disabling PnP devices\nMar 12 23:03:14  kernel: isa_probe_children: probing non-PnP devices\nMar 12 23:03:14  kernel: pmtimer0 on isa0\nMar 12 23:03:14  kernel: orm0: \u003cISA Option ROMs\u003e at iomem 0xc0000-0xcefff,0xd0000-0xd5fff,0xd7800-0xd7fff,0xd8000-0xd8fff pnpid ORM0000 on isa0\nMar 12 23:03:14  kernel: adv0: not probed (disabled)\nMar 12 23:03:14  kernel: aha0: not probed (disabled)\nMar 12 23:03:14  kernel: aic0: not probed (disabled)\nMar 12 23:03:14  kernel: bt0: not probed (disabled)\nMar 12 23:03:14  kernel: cs0: not probed (disabled)\nMar 12 23:03:14  kernel: ed0: not probed (disabled)\nMar 12 23:03:14  kernel: fdc0 failed to probe at port 0x3f0-0x3f5,0x3f7 irq 6 drq 2 on isa0\nMar 12 23:03:14  kernel: fe0: not probed (disabled)\nMar 12 23:03:14  kernel: ie0: not probed (disabled)\nMar 12 23:03:14  kernel: le0: not probed (disabled)\nMar 12 23:03:14  kernel: ppc0: parallel port not found.\nMar 12 23:03:14  kernel: ppc0: \u003cParallel port\u003e failed to probe at irq 7 on isa0\nMar 12 23:03:14  kernel: sc0: \u003cSystem console\u003e at flags 0x100 on isa0\nMar 12 23:03:14  kernel: sc0: VGA \u003c16 virtual consoles, flags=0x300\u003e\nMar 12 23:03:14  kernel: sc0: fb0, kbd1, terminal emulator: sc (syscons terminal)\nMar 12 23:03:14  kernel: sio0: configured irq 4 not in bitmap of probed irqs 0\nMar 12 23:03:14  kernel: sio0: port may not be enabled\nMar 12 23:03:14  kernel: sio0: irq maps: 0x1 0x1 0x1 0x1\nMar 12 23:03:14  kernel: sio0: probe failed test(s): 0 1 2 4 6 7 9\nMar 12 23:03:14  kernel: sio0: configured irq 4 not in bitmap of probed irqs 0\nMar 12 23:03:14  kernel: sio0: port may not be enabled\nMar 12 23:03:14  kernel: sio0: irq maps: 0x1 0x1 0x1 0x1\nMar 12 23:03:14  kernel: sio0: probe failed test(s): 0 1 2 4 6 7 9\nMar 12 23:03:14  kernel: sio0 at port 0x3f8-0x3ff irq 4 flags 0x10 on isa0\nMar 12 23:03:14  kernel: sio0: type 8250 or not responding\nMar 12 23:03:14  kernel: ioapic0: routing intpin 4 (ISA IRQ 4) to vector 57\nMar 12 23:03:14  kernel: sio0: [FILTER]\nMar 12 23:03:14  kernel: sio1: configured irq 3 not in bitmap of probed irqs 0\nMar 12 23:03:14  kernel: sio1: port may not be enabled\nMar 12 23:03:14  kernel: sio1: irq maps: 0x1 0x1 0x1 0x1\nMar 12 23:03:14  kernel: sio1: probe failed test(s): 0 1 2 4 6 7 9\nMar 12 23:03:14  kernel: sio1 failed to probe at port 0x2f8-0x2ff irq 3 on isa0\nMar 12 23:03:14  kernel: sio2: not probed (disabled)\nMar 12 23:03:14  kernel: sio3: not probed (disabled)\nMar 12 23:03:14  kernel: sn0: not probed (disabled)\nMar 12 23:03:14  kernel: vga0: \u003cGeneric ISA VGA\u003e at port 0x3c0-0x3df iomem 0xa0000-0xbffff on isa0\nMar 12 23:03:14  kernel: vt0: not probed (disabled)\nMar 12 23:03:14  kernel: isa_probe_children: probing PnP devices\nMar 12 23:03:14  kernel: ums0: \u003cKensington Kensington USB Wheel Mouse, class 0/0, rev 1.10/1.00, addr 2\u003e on uhub0\nMar 12 23:03:14  kernel: ums0: 3 buttons and Z dir.\nMar 12 23:03:14  kernel: Device configuration finished.\nMar 12 23:03:14  kernel: procfs registered\nMar 12 23:03:14  kernel: lapic: Divisor 2, Frequency 99491257 hz\nMar 12 23:03:14  kernel: Timecounter \"TSC\" frequency 1790842539 Hz quality 800\nMar 12 23:03:14  kernel: Timecounters tick every 1.000 msec\nMar 12 23:03:14  kernel: firewire0: 1 nodes, maxhop \u003c= 0, cable IRM = 0 (me)\nMar 12 23:03:14  kernel: firewire0: bus manager 0 (me)\nMar 12 23:03:14  kernel: lo0: bpf attached\nMar 12 23:03:14  kernel: hptrr: no controller detected.\nMar 12 23:03:14  kernel: battery0: battery initialization start\nMar 12 23:03:14  kernel: acpi_acad0: acline initialization start\nMar 12 23:03:14  kernel: ata0-master: pio=PIO4 wdma=WDMA2 udma=UDMA100 cable=80 wire\nMar 12 23:03:14  kernel: ad0: setting PIO4 on IXP400 chip\nMar 12 23:03:14  kernel: ad0: setting UDMA100 on IXP400 chip\nMar 12 23:03:14  kernel: acpi_acad0: On Line\nMar 12 23:03:14  kernel: acpi_acad0: acline initialization done, tried 1 times\nMar 12 23:03:14  kernel: ad0: 76319MB \u003cFUJITSU MHV2080AH 00830096\u003e at ata0-master UDMA100\nMar 12 23:03:14  kernel: ad0: 156301488 sectors [155061C/16H/63S] 16 sectors/interrupt 1 depth queue\nMar 12 23:03:14  kernel: GEOM: new disk ad0\nMar 12 23:03:14  kernel: ad0: Silicon Image check3 failed\nMar 12 23:03:14  kernel: ad0: Adaptec check1 failed\nMar 12 23:03:14  kernel: ad0: LSI (v3) check1 failed\nMar 12 23:03:14  kernel: ad0: LSI (v2) check1 failed\nMar 12 23:03:14  kernel: ad0: FreeBSD check1 failed\nMar 12 23:03:14  kernel: ata1-master: pio=PIO4 wdma=WDMA2 udma=UNSUPPORTED cable=40 wire\nMar 12 23:03:14  kernel: acd0: setting PIO4 on IXP400 chip\nMar 12 23:03:14  kernel: acd0: \u003cHL-DT-ST DVD-RW GWA-4082N/CC15\u003e DVDR drive at ata1 as master\nMar 12 23:03:14  kernel: acd0: read 4134KB/s (4134KB/s) write 4134KB/s (4134KB/s), 2048KB buffer, PIO4\nMar 12 23:03:14  kernel: acd0: Reads: CDR, CDRW, CDDA stream, DVDROM, DVDR, DVDRAM, packet\nMar 12 23:03:14  kernel: acd0: Writes: CDR, CDRW, DVDR, test write, burnproof\nMar 12 23:03:14  kernel: acd0: Audio: play, 256 volume levels\nMar 12 23:03:14  kernel: acd0: Mechanism: ejectable tray, unlocked\nMar 12 23:03:14  kernel: acd0: Medium: no/blank disc\nMar 12 23:03:14  kernel: (probe0:sbp0:0:0:0): error 22\nMar 12 23:03:14  kernel: (probe0:sbp0:0:0:0): Unretryable Error\nMar 12 23:03:14  kernel: (probe1:sbp0:0:1:0): error 22\nMar 12 23:03:14  kernel: (probe1:sbp0:0:1:0): Unretryable Error\nMar 12 23:03:14  kernel: (probe2:sbp0:0:2:0): error 22\nMar 12 23:03:14  kernel: (probe2:sbp0:0:2:0): Unretryable Error\nMar 12 23:03:14  kernel: (probe3:sbp0:0:3:0): error 22\nMar 12 23:03:14  kernel: (probe3:sbp0:0:3:0): Unretryable Error\nMar 12 23:03:14  kernel: (probe4:sbp0:0:4:0): error 22\nMar 12 23:03:14  kernel: (probe4:sbp0:0:4:0): Unretryable Error\nMar 12 23:03:14  kernel: (probe5:sbp0:0:5:0): error 22\nMar 12 23:03:14  kernel: (probe5:sbp0:0:5:0): Unretryable Error\nMar 12 23:03:14  kernel: (probe6:sbp0:0:6:0): error 22\nMar 12 23:03:14  kernel: (probe6:sbp0:0:6:0): Unretryable Error\nMar 12 23:03:14  kernel: ATA PseudoRAID loaded\nMar 12 23:03:14  kernel: Trying to mount root from ufs:/dev/ad0s2a\nMar 12 23:03:14  kernel: WARNING: / was not properly dismounted\nMar 12 23:03:14  kernel: start_init: trying /sbin/init\nMar 12 23:03:14  kernel: WARNING: /tmp was not properly dismounted\nMar 12 23:03:14  kernel: WARNING: /usr was not properly dismounted\nMar 12 23:03:14  kernel: WARNING: /var was not properly dismounted\nMar 12 23:03:14  kernel: /var: mount pending error: blocks 80 files 1\nMar 12 23:03:14  savecore: no dumps found\nMar 12 23:03:14  kernel: Linux ELF exec handler installed\nMar 12 23:03:21  login: ROOT LOGIN (root) ON ttyv0\nMar 12 23:04:05  kernel: battery0: battery initialization failed, giving up\nMar 12 23:04:17  fsck: /dev/ad0s2e: 20 files, 24 used, 225023 free (31 frags, 28124 blocks, 0.0% fragmentation)\n\n\n==============================pciconf -vl\nhostb0@pci0:0:0:0:\tclass=0x060000 card=0x309b103c chip=0x59501002 rev=0x01 hdr=0x00\n    vendor     = 'ATI Technologies Inc'\n    device     = 'RS480 Host Bridge'\n    class      = bridge\n    subclass   = HOST-PCI\npcib1@pci0:0:1:0:\tclass=0x060400 card=0x309b103c chip=0x5a3f1002 rev=0x00 hdr=0x01\n    vendor     = 'ATI Technologies Inc'\n    device     = 'RS480 PCI Bridge'\n    class      = bridge\n    subclass   = PCI-PCI\npcib2@pci0:0:4:0:\tclass=0x060400 card=0x59501002 chip=0x5a361002 rev=0x00 hdr=0x01\n    vendor     = 'ATI Technologies Inc'\n    device     = 'RS480 PCI Bridge'\n    class      = bridge\n    subclass   = PCI-PCI\nohci0@pci0:0:19:0:\tclass=0x0c0310 card=0x43741002 chip=0x43741002 rev=0x00 hdr=0x00\n    vendor     = 'ATI Technologies Inc'\n    device     = 'IXP SB400 OHCI USB Controller'\n    class      = serial bus\n    subclass   = USB\nohci1@pci0:0:19:1:\tclass=0x0c0310 card=0x43751002 chip=0x43751002 rev=0x00 hdr=0x00\n    vendor     = 'ATI Technologies Inc'\n    device     = 'IXP SB400 OHCI USB Controller'\n    class      = serial bus\n    subclass   = USB\nehci0@pci0:0:19:2:\tclass=0x0c0320 card=0x43731002 chip=0x43731002 rev=0x00 hdr=0x00\n    vendor     = 'ATI Technologies Inc'\n    device     = 'IXP SB400 EHCI USB 2.0 Controller'\n    class      = serial bus\n    subclass   = USB\nnone0@pci0:0:20:0:\tclass=0x0c0500 card=0x309b103c chip=0x43721002 rev=0x11 hdr=0x00\n    vendor     = 'ATI Technologies Inc'\n    device     = 'IXP SB400 SMBus'\n    class      = serial bus\n    subclass   = SMBus\natapci0@pci0:0:20:1:\tclass=0x01018a card=0x309b103c chip=0x43761002 rev=0x00 hdr=0x00\n    vendor     = 'ATI Technologies Inc'\n    device     = '? Radeo SB400 = RS480 Southbridge/IDE Controller'\n    class      = mass storage\n    subclass   = ATA\nisab0@pci0:0:20:3:\tclass=0x060100 card=0x00000000 chip=0x43771002 rev=0x00 hdr=0x00\n    vendor     = 'ATI Technologies Inc'\n    device     = 'IXP SB400 PCI-ISA Bridge'\n    class      = bridge\n    subclass   = PCI-ISA\npcib3@pci0:0:20:4:\tclass=0x060401 card=0x00000000 chip=0x43711002 rev=0x00 hdr=0x01\n    vendor     = 'ATI Technologies Inc'\n    device     = 'IXP SB400 PCI-PCI Bridge'\n    class      = bridge\n    subclass   = PCI-PCI\nnone1@pci0:0:20:5:\tclass=0x040100 card=0x309b103c chip=0x43701002 rev=0x02 hdr=0x00\n    vendor     = 'ATI Technologies Inc'\n    device     = 'IXP_AUDIO_400 IXP AC'97 Audio Controller'\n    class      = multimedia\n    subclass   = audio\nnone2@pci0:0:20:6:\tclass=0x070300 card=0x309b103c chip=0x43781002 rev=0x02 hdr=0x00\n    vendor     = 'ATI Technologies Inc'\n    device     = 'IXP SB400 AC'97 Modem Controller'\n    class      = simple comms\n    subclass   = generic modem\nhostb1@pci0:0:24:0:\tclass=0x060000 card=0x00000000 chip=0x11001022 rev=0x00 hdr=0x00\n    vendor     = 'Advanced Micro Devices (AMD)'\n    device     = '(K8) Athlon 64/Opteron HyperTransport Technology Configuration'\n    class      = bridge\n    subclass   = HOST-PCI\nhostb2@pci0:0:24:1:\tclass=0x060000 card=0x00000000 chip=0x11011022 rev=0x00 hdr=0x00\n    vendor     = 'Advanced Micro Devices (AMD)'\n    device     = '(K8) Athlon 64/Opteron Address Map'\n    class      = bridge\n    subclass   = HOST-PCI\nhostb3@pci0:0:24:2:\tclass=0x060000 card=0x00000000 chip=0x11021022 rev=0x00 hdr=0x00\n    vendor     = 'Advanced Micro Devices (AMD)'\n    device     = '(K8) Athlon 64/Opteron DRAM Controller'\n    class      = bridge\n    subclass   = HOST-PCI\nhostb4@pci0:0:24:3:\tclass=0x060000 card=0x00000000 chip=0x11031022 rev=0x00 hdr=0x00\n    vendor     = 'Advanced Micro Devices (AMD)'\n    device     = '(K8) Athlon 64/Opteron Miscellaneous Control'\n    class      = bridge\n    subclass   = HOST-PCI\nvgapci0@pci0:1:5:0:\tclass=0x030000 card=0x309b103c chip=0x59551002 rev=0x00 hdr=0x00\n    vendor     = 'ATI Technologies Inc'\n    device     = '??? Mobility Radeon XPRESS 200'\n    class      = display\n    subclass   = VGA\nnone3@pci0:6:2:0:\tclass=0x028000 card=0x1355103c chip=0x431814e4 rev=0x02 hdr=0x00\n    vendor     = 'Broadcom Corporation'\n    device     = 'BCM43XX Broadcom 802.11b/g'\n    class      = network\ncbb0@pci0:6:4:0:\tclass=0x060700 card=0x309b103c chip=0x8031104c rev=0x00 hdr=0x02\n    vendor     = 'Texas Instruments (TI)'\n    device     = 'PCIxx21/x515 Cardbus Controller'\n    class      = bridge\n    subclass   = PCI-CardBus\nfwohci0@pci0:6:4:2:\tclass=0x0c0010 card=0x309b103c chip=0x8032104c rev=0x00 hdr=0x00\n    vendor     = 'Texas Instruments (TI)'\n    device     = 'OHCI Compliant IEEE-1394 FireWire Controller'\n    class      = serial bus\n    subclass   = FireWire\nnone4@pci0:6:4:3:\tclass=0x018000 card=0x309b103c chip=0x8033104c rev=0x00 hdr=0x00\n    vendor     = 'Texas Instruments (TI)'\n    device     = 'PCIxx11/21 Integrated FlashMedia Controller'\n    class      = mass storage\nnone5@pci0:6:4:4:\tclass=0x080500 card=0x309b103c chip=0x8034104c rev=0x00 hdr=0x00\n    vendor     = 'Texas Instruments (TI)'\n    device     = '10981734 SDA Standard Compliant SD Host Controller'\n    class      = base peripheral\nrl0@pci0:6:6:0:\tclass=0x020000 card=0x309b103c chip=0x813910ec rev=0x10 hdr=0x00\n    vendor     = 'Realtek Semiconductor'\n    device     = 'RT8139 (A/B/C/810x/813x/C+) Fast Ethernet Adapter'\n    class      = network\n    subclass   = ethernet\n\n\n==============And just for shits, the Xorg.log\n\nX.Org X Server 1.4.0\nRelease Date: 5 September 2007\nX Protocol Version 11, Revision 0\nBuild Operating System: FreeBSD 7.0-RELEASE i386 \nCurrent Operating System: FreeBSD  7.0-RELEASE FreeBSD 7.0-RELEASE #0: Sun Feb 24 19:59:52 UTC 2008     root@logan.cse.buffalo.edu:/usr/obj/usr/src/sys/GENERIC i386\nBuild Date: 13 February 2008  05:50:12PM\n \n\tBefore reporting problems, check http://wiki.x.org\n\tto make sure that you have the latest version.\nModule Loader present\nMarkers: (--) probed, (**) from config file, (==) default setting,\n\t(++) from command line, (!!) notice, (II) informational,\n\t(WW) warning, (EE) error, (NI) not implemented, (??) unknown.\n(==) Log file: \"/var/log/Xorg.0.log\", Time: Wed Mar 12 22:51:51 2008\n(++) Using config file: \"xorg.conf.new\"\n(==) ServerLayout \"X.org Configured\"\n(**) |--\u003eScreen \"Screen0\" (0)\n(**) |   |--\u003eMonitor \"Monitor0\"\n(**) |   |--\u003eDevice \"Card0\"\n(**) |--\u003eInput Device \"Mouse0\"\n(**) |--\u003eInput Device \"Keyboard0\"\n(==) Automatically adding devices\n(==) Automatically enabling devices\n(==) Including the default font path /usr/local/lib/X11/fonts/misc/,/usr/local/lib/X11/fonts/TTF/,/usr/local/lib/X11/fonts/OTF,/usr/local/lib/X11/fonts/Type1/,/usr/local/lib/X11/fonts/100dpi/,/usr/local/lib/X11/fonts/75dpi/.\n(**) FontPath set to:\n\t/usr/local/lib/X11/fonts/misc/,\n\t/usr/local/lib/X11/fonts/TTF/,\n\t/usr/local/lib/X11/fonts/OTF,\n\t/usr/local/lib/X11/fonts/Type1/,\n\t/usr/local/lib/X11/fonts/100dpi/,\n\t/usr/local/lib/X11/fonts/75dpi/,\n\t/usr/local/lib/X11/fonts/misc/,\n\t/usr/local/lib/X11/fonts/TTF/,\n\t/usr/local/lib/X11/fonts/OTF,\n\t/usr/local/lib/X11/fonts/Type1/,\n\t/usr/local/lib/X11/fonts/100dpi/,\n\t/usr/local/lib/X11/fonts/75dpi/\n(**) RgbPath set to \"/usr/local/share/X11/rgb\"\n(**) ModulePath set to \"/usr/local/lib/xorg/modules\"\n(II) Loader magic: 0x81ce600\n(II) Module ABI versions:\n\tX.Org ANSI C Emulation: 0.3\n\tX.Org Video Driver: 2.0\n\tX.Org XInput driver : 2.0\n\tX.Org Server Extension : 0.3\n\tX.Org Font Renderer : 0.5\n(II) Loader running on freebsd\n(II) LoadModule: \"pcidata\"\n(II) Loading /usr/local/lib/xorg/modules//libpcidata.so\n(II) Module pcidata: vendor=\"X.Org Foundation\"\n\tcompiled for 1.4.0, module version = 1.0.0\n\tABI class: X.Org Video Driver, version 2.0\n(--) Using syscons driver with X support (version 2.0)\n(--) using VT number 9\n\n(II) PCI: Probing config type using method 1\n(II) PCI: Config type is 1\n(II) PCI: stages = 0x03, oldVal1 = 0x8000a108, mode1Res1 = 0x80000000\n(WW) OS did not count PCI devices, guessing wildly\n(II) PCI: PCI scan (all values are in hex)\n(II) PCI: 00:00:0: chip 1002,5950 card 103c,309b rev 01 class 06,00,00 hdr 00\n(II) PCI: 00:01:0: chip 1002,5a3f card 0000,0000 rev 00 class 06,04,00 hdr 01\n(II) PCI: 00:04:0: chip 1002,5a36 card 0000,0000 rev 00 class 06,04,00 hdr 01\n(II) PCI: 00:13:0: chip 1002,4374 card 1002,4374 rev 00 class 0c,03,10 hdr 80\n(II) PCI: 00:13:1: chip 1002,4375 card 1002,4375 rev 00 class 0c,03,10 hdr 00\n(II) PCI: 00:13:2: chip 1002,4373 card 1002,4373 rev 00 class 0c,03,20 hdr 00\n(II) PCI: 00:14:0: chip 1002,4372 card 103c,309b rev 11 class 0c,05,00 hdr 80\n(II) PCI: 00:14:1: chip 1002,4376 card 103c,309b rev 00 class 01,01,8a hdr 00\n(II) PCI: 00:14:3: chip 1002,4377 card 0000,0000 rev 00 class 06,01,00 hdr 80\n(II) PCI: 00:14:4: chip 1002,4371 card 0000,0000 rev 00 class 06,04,01 hdr 81\n(II) PCI: 00:14:5: chip 1002,4370 card 103c,309b rev 02 class 04,01,00 hdr 80\n(II) PCI: 00:14:6: chip 1002,4378 card 103c,309b rev 02 class 07,03,00 hdr 80\n(II) PCI: 00:18:0: chip 1022,1100 card 0000,0000 rev 00 class 06,00,00 hdr 80\n(II) PCI: 00:18:1: chip 1022,1101 card 0000,0000 rev 00 class 06,00,00 hdr 80\n(II) PCI: 00:18:2: chip 1022,1102 card 0000,0000 rev 00 class 06,00,00 hdr 80\n(II) PCI: 00:18:3: chip 1022,1103 card 0000,0000 rev 00 class 06,00,00 hdr 80\n(II) PCI: 01:05:0: chip 1002,5955 card 103c,309b rev 00 class 03,00,00 hdr 00\n(II) PCI: 06:02:0: chip 14e4,4318 card 103c,1355 rev 02 class 02,80,00 hdr 00\n(II) PCI: 06:04:0: chip 104c,8031 card fffc,ffff rev 00 class 06,07,00 hdr 82\n(II) PCI: 06:04:2: chip 104c,8032 card 103c,309b rev 00 class 0c,00,10 hdr 80\n(II) PCI: 06:04:3: chip 104c,8033 card 103c,309b rev 00 class 01,80,00 hdr 80\n(II) PCI: 06:04:4: chip 104c,8034 card 103c,309b rev 00 class 08,05,00 hdr 80\n(II) PCI: 06:06:0: chip 10ec,8139 card 103c,309b rev 10 class 02,00,00 hdr 00\n(II) PCI: cb:00:0: chip ffff,ffff card ffff,ffff rev ff class ff,ff,ff hdr 00\n(II) PCI: End of PCI scan\n(II) Host-to-PCI bridge:\n(II) Bus 0: bridge is at (0:0:0), (0,0,203), BCTRL: 0x0008 (VGA_EN is set)\n(II) Bus 0 I/O range:\n\t[0] -1\t0\t0x00000000 - 0x0000ffff (0x10000) IX[B]\n(II) Bus 0 non-prefetchable memory range:\n\t[0] -1\t0\t0x00000000 - 0xffffffff (0x0) MX[B]\n(II) Bus 0 prefetchable memory range:\n\t[0] -1\t0\t0x00000000 - 0xffffffff (0x0) MX[B]\n(II) PCI-to-PCI bridge:\n(II) Bus 1: bridge is at (0:1:0), (0,1,1), BCTRL: 0x000c (VGA_EN is set)\n(II) Bus 1 I/O range:\n\t[0] -1\t0\t0x00009000 - 0x000090ff (0x100) IX[B]\n\t[1] -1\t0\t0x00009400 - 0x000094ff (0x100) IX[B]\n\t[2] -1\t0\t0x00009800 - 0x000098ff (0x100) IX[B]\n\t[3] -1\t0\t0x00009c00 - 0x00009cff (0x100) IX[B]\n(II) Bus 1 non-prefetchable memory range:\n\t[0] -1\t0\t0xc0100000 - 0xc01fffff (0x100000) MX[B]\n(II) Bus 1 prefetchable memory range:\n\t[0] -1\t0\t0xc8000000 - 0xcfffffff (0x8000000) MX[B]\n(II) PCI-to-PCI bridge:\n(II) Bus 2: bridge is at (0:4:0), (0,2,3), BCTRL: 0x0000 (VGA_EN is cleared)\n(II) PCI-to-ISA bridge:\n(II) Bus -1: bridge is at (0:20:3), (0,-1,-1), BCTRL: 0x0008 (VGA_EN is set)\n(II) Subtractive PCI-to-PCI bridge:\n(II) Bus 6: bridge is at (0:20:4), (0,6,8), BCTRL: 0x0002 (VGA_EN is cleared)\n(II) Bus 6 I/O range:\n\t[0] -1\t0\t0x0000a000 - 0x0000afff (0x1000) IX[B]\n(II) Bus 6 non-prefetchable memory range:\n\t[0] -1\t0\t0xc0200000 - 0xc02fffff (0x100000) MX[B]\n(II) PCI-to-CardBus bridge:\n(II) Bus 7: bridge is at (6:4:0), (6,7,7), BCTRL: 0x0744 (VGA_EN is cleared)\n(II) Host-to-PCI bridge:\n(II) Bus 203: bridge is at (0:0:0), (203,203,0), BCTRL: 0x0008 (VGA_EN is set)\n(II) Bus 203 I/O range:\n\t[0] -1\t0\t0x00000000 - 0x0000ffff (0x10000) IX[B]\n(II) Bus 203 non-prefetchable memory range:\n\t[0] -1\t0\t0x00000000 - 0xffffffff (0x0) MX[B]\n(II) Bus 203 prefetchable memory range:\n\t[0] -1\t0\t0x00000000 - 0xffffffff (0x0) MX[B]\n(--) PCI:*(1:5:0) ATI Technologies Inc Radeon XPRESS 200M 5955 (PCIE) rev 0, Mem @ 0xc8000000/27, 0xc0100000/16, I/O @ 0x9000/8\n(II) Addressable bus resource ranges are\n\t[0] -1\t0\t0x00000000 - 0xffffffff (0x0) MX[B]\n\t[1] -1\t0\t0x00000000 - 0x0000ffff (0x10000) IX[B]\n(II) OS-reported resource ranges:\n\t[0] -1\t0\t0x00100000 - 0x3fffffff (0x3ff00000) MX[B]E(B)\n\t[1] -1\t0\t0x000f0000 - 0x000fffff (0x10000) MX[B]\n\t[2] -1\t0\t0x000c0000 - 0x000effff (0x30000) MX[B]\n\t[3] -1\t0\t0x00000000 - 0x0009ffff (0xa0000) MX[B]\n\t[4] -1\t0\t0x0000ffff - 0x0000ffff (0x1) IX[B]\n\t[5] -1\t0\t0x00000000 - 0x000000ff (0x100) IX[B]\n(II) PCI Memory resource overlap reduced 0xc0000000 from 0xffffffff to 0xc00fffff\n(II) Active PCI resource ranges:\n\t[0] -1\t0\t0xfffff800 - 0xffffffff (0x800) MX[B]E\n\t[1] -1\t0\t0xc020a400 - 0xc020a7ff (0x400) MX[B]E\n\t[2] -1\t0\t0xc0209800 - 0xc0209fff (0x800) MX[B]E\n\t[3] -1\t0\t0xc0209c00 - 0xc0209fff (0x400) MX[B]E\n\t[4] -1\t0\t0xc020a000 - 0xc020bfff (0x2000) MX[B]E\n\t[5] -1\t0\t0xc0206000 - 0xc0207fff (0x2000) MX[B]E\n\t[6] -1\t0\t0xc0200000 - 0xc03fffff (0x200000) MX[B]E\n\t[7] -1\t0\t0xc0209000 - 0xc0209fff (0x1000) MX[B]E\n\t[8] -1\t0\t0xc0204000 - 0xc0207fff (0x4000) MX[B]E\n\t[9] -1\t0\t0xc0003800 - 0xc0003fff (0x800) MX[B]E\n\t[10] -1\t0\t0xc0003400 - 0xc00037ff (0x400) MX[B]E\n\t[11] -1\t0\t0xc0003000 - 0xc0003fff (0x1000) MX[B]E\n\t[12] -1\t0\t0xc0002000 - 0xc0003fff (0x2000) MX[B]E\n\t[13] -1\t0\t0xc0001000 - 0xc0001fff (0x1000) MX[B]E\n\t[14] -1\t0\t0xc0000000 - 0xc00fffff (0x100000) MX[B]E\n\t[15] -1\t0\t0xc0100000 - 0xc010ffff (0x10000) MX[B](B)\n\t[16] -1\t0\t0xc8000000 - 0xcfffffff (0x8000000) MX[B](B)\n\t[17] -1\t0\t0xfffffffc - 0xffffffff (0x4) IX[B]E\n\t[18] -1\t0\t0xfffffffc - 0xffffffff (0x4) IX[B]E\n\t[19] -1\t0\t0xfffffffc - 0xffffffff (0x4) IX[B]E\n\t[20] -1\t0\t0xfffffffc - 0xffffffff (0x4) IX[B]E\n\t[21] -1\t0\t0xfffffffc - 0xffffffff (0x4) IX[B]E\n\t[22] -1\t0\t0xfffffffc - 0xffffffff (0x4) IX[B]E\n\t[23] -1\t0\t0x0000a000 - 0x0000a0ff (0x100) IX[B]E\n\t[24] -1\t0\t0x00008410 - 0x0000841f (0x10) IX[B]E\n\t[25] -1\t0\t0x00008420 - 0x0000843f (0x20) IX[B]E\n\t[26] -1\t0\t0x00008428 - 0x0000842f (0x8) IX[B]E\n\t[27] -1\t0\t0x00008424 - 0x00008427 (0x4) IX[B]E\n\t[28] -1\t0\t0x00008430 - 0x0000843f (0x10) IX[B]E\n\t[29] -1\t0\t0x00008400 - 0x000084ff (0x100) IX[B]E\n\t[30] -1\t0\t0x00009000 - 0x000090ff (0x100) IX[B](B)\n(II) PCI Memory resource overlap reduced 0xc0209800 from 0xc0209fff to 0xc0209bff\n(II) PCI Memory resource overlap reduced 0xc020a000 from 0xc020bfff to 0xc020a3ff\n(II) PCI Memory resource overlap reduced 0xc0200000 from 0xc03fffff to 0xc0203fff\n(II) PCI Memory resource overlap reduced 0xc0209000 from 0xc0209fff to 0xc02097ff\n(II) PCI Memory resource overlap reduced 0xc0204000 from 0xc0207fff to 0xc0205fff\n(II) PCI I/O resource overlap reduced 0x00008420 from 0x0000843f to 0x00008423\n(II) PCI Memory resource overlap reduced 0xc0003000 from 0xc0003fff to 0xc00033ff\n(II) PCI I/O resource overlap reduced 0x00008400 from 0x000084ff to 0x0000840f\n(II) PCI Memory resource overlap reduced 0xc0002000 from 0xc0003fff to 0xc0002fff\n(II) PCI Memory resource overlap reduced 0xc0000000 from 0xc00fffff to 0xc0000fff\n(II) Active PCI resource ranges after removing overlaps:\n\t[0] -1\t0\t0xfffff800 - 0xffffffff (0x800) MX[B]E\n\t[1] -1\t0\t0xc020a400 - 0xc020a7ff (0x400) MX[B]E\n\t[2] -1\t0\t0xc0209800 - 0xc0209bff (0x400) MX[B]E\n\t[3] -1\t0\t0xc0209c00 - 0xc0209fff (0x400) MX[B]E\n\t[4] -1\t0\t0xc020a000 - 0xc020a3ff (0x400) MX[B]E\n\t[5] -1\t0\t0xc0206000 - 0xc0207fff (0x2000) MX[B]E\n\t[6] -1\t0\t0xc0200000 - 0xc0203fff (0x4000) MX[B]E\n\t[7] -1\t0\t0xc0209000 - 0xc02097ff (0x800) MX[B]E\n\t[8] -1\t0\t0xc0204000 - 0xc0205fff (0x2000) MX[B]E\n\t[9] -1\t0\t0xc0003800 - 0xc0003fff (0x800) MX[B]E\n\t[10] -1\t0\t0xc0003400 - 0xc00037ff (0x400) MX[B]E\n\t[11] -1\t0\t0xc0003000 - 0xc00033ff (0x400) MX[B]E\n\t[12] -1\t0\t0xc0002000 - 0xc0002fff (0x1000) MX[B]E\n\t[13] -1\t0\t0xc0001000 - 0xc0001fff (0x1000) MX[B]E\n\t[14] -1\t0\t0xc0000000 - 0xc0000fff (0x1000) MX[B]E\n\t[15] -1\t0\t0xc0100000 - 0xc010ffff (0x10000) MX[B](B)\n\t[16] -1\t0\t0xc8000000 - 0xcfffffff (0x8000000) MX[B](B)\n\t[17] -1\t0\t0xfffffffc - 0xffffffff (0x4) IX[B]E\n\t[18] -1\t0\t0xfffffffc - 0xffffffff (0x4) IX[B]E\n\t[19] -1\t0\t0xfffffffc - 0xffffffff (0x4) IX[B]E\n\t[20] -1\t0\t0xfffffffc - 0xffffffff (0x4) IX[B]E\n\t[21] -1\t0\t0xfffffffc - 0xffffffff (0x4) IX[B]E\n\t[22] -1\t0\t0xfffffffc - 0xffffffff (0x4) IX[B]E\n\t[23] -1\t0\t0x0000a000 - 0x0000a0ff (0x100) IX[B]E\n\t[24] -1\t0\t0x00008410 - 0x0000841f (0x10) IX[B]E\n\t[25] -1\t0\t0x00008420 - 0x00008423 (0x4) IX[B]E\n\t[26] -1\t0\t0x00008428 - 0x0000842f (0x8) IX[B]E\n\t[27] -1\t0\t0x00008424 - 0x00008427 (0x4) IX[B]E\n\t[28] -1\t0\t0x00008430 - 0x0000843f (0x10) IX[B]E\n\t[29] -1\t0\t0x00008400 - 0x0000840f (0x10) IX[B]E\n\t[30] -1\t0\t0x00009000 - 0x000090ff (0x100) IX[B](B)\n(II) OS-reported resource ranges after removing overlaps with PCI:\n\t[0] -1\t0\t0x00100000 - 0x3fffffff (0x3ff00000) MX[B]E(B)\n\t[1] -1\t0\t0x000f0000 - 0x000fffff (0x10000) MX[B]\n\t[2] -1\t0\t0x000c0000 - 0x000effff (0x30000) MX[B]\n\t[3] -1\t0\t0x00000000 - 0x0009ffff (0xa0000) MX[B]\n\t[4] -1\t0\t0x0000ffff - 0x0000ffff (0x1) IX[B]\n\t[5] -1\t0\t0x00000000 - 0x000000ff (0x100) IX[B]\n(II) All system resource ranges:\n\t[0] -1\t0\t0x00100000 - 0x3fffffff (0x3ff00000) MX[B]E(B)\n\t[1] -1\t0\t0x000f0000 - 0x000fffff (0x10000) MX[B]\n\t[2] -1\t0\t0x000c0000 - 0x000effff (0x30000) MX[B]\n\t[3] -1\t0\t0x00000000 - 0x0009ffff (0xa0000) MX[B]\n\t[4] -1\t0\t0xfffff800 - 0xffffffff (0x800) MX[B]E\n\t[5] -1\t0\t0xc020a400 - 0xc020a7ff (0x400) MX[B]E\n\t[6] -1\t0\t0xc0209800 - 0xc0209bff (0x400) MX[B]E\n\t[7] -1\t0\t0xc0209c00 - 0xc0209fff (0x400) MX[B]E\n\t[8] -1\t0\t0xc020a000 - 0xc020a3ff (0x400) MX[B]E\n\t[9] -1\t0\t0xc0206000 - 0xc0207fff (0x2000) MX[B]E\n\t[10] -1\t0\t0xc0200000 - 0xc0203fff (0x4000) MX[B]E\n\t[11] -1\t0\t0xc0209000 - 0xc02097ff (0x800) MX[B]E\n\t[12] -1\t0\t0xc0204000 - 0xc0205fff (0x2000) MX[B]E\n\t[13] -1\t0\t0xc0003800 - 0xc0003fff (0x800) MX[B]E\n\t[14] -1\t0\t0xc0003400 - 0xc00037ff (0x400) MX[B]E\n\t[15] -1\t0\t0xc0003000 - 0xc00033ff (0x400) MX[B]E\n\t[16] -1\t0\t0xc0002000 - 0xc0002fff (0x1000) MX[B]E\n\t[17] -1\t0\t0xc0001000 - 0xc0001fff (0x1000) MX[B]E\n\t[18] -1\t0\t0xc0000000 - 0xc0000fff (0x1000) MX[B]E\n\t[19] -1\t0\t0xc0100000 - 0xc010ffff (0x10000) MX[B](B)\n\t[20] -1\t0\t0xc8000000 - 0xcfffffff (0x8000000) MX[B](B)\n\t[21] -1\t0\t0x0000ffff - 0x0000ffff (0x1) IX[B]\n\t[22] -1\t0\t0x00000000 - 0x000000ff (0x100) IX[B]\n\t[23] -1\t0\t0xfffffffc - 0xffffffff (0x4) IX[B]E\n\t[24] -1\t0\t0xfffffffc - 0xffffffff (0x4) IX[B]E\n\t[25] -1\t0\t0xfffffffc - 0xffffffff (0x4) IX[B]E\n\t[26] -1\t0\t0xfffffffc - 0xffffffff (0x4) IX[B]E\n\t[27] -1\t0\t0xfffffffc - 0xffffffff (0x4) IX[B]E\n\t[28] -1\t0\t0xfffffffc - 0xffffffff (0x4) IX[B]E\n\t[29] -1\t0\t0x0000a000 - 0x0000a0ff (0x100) IX[B]E\n\t[30] -1\t0\t0x00008410 - 0x0000841f (0x10) IX[B]E\n\t[31] -1\t0\t0x00008420 - 0x00008423 (0x4) IX[B]E\n\t[32] -1\t0\t0x00008428 - 0x0000842f (0x8) IX[B]E\n\t[33] -1\t0\t0x00008424 - 0x00008427 (0x4) IX[B]E\n\t[34] -1\t0\t0x00008430 - 0x0000843f (0x10) IX[B]E\n\t[35] -1\t0\t0x00008400 - 0x0000840f (0x10) IX[B]E\n\t[36] -1\t0\t0x00009000 - 0x000090ff (0x100) IX[B](B)\n(II) \"extmod\" will be loaded. This was enabled by default and also specified in the config file.\n(II) \"dbe\" will be loaded. This was enabled by default and also specified in the config file.\n(II) \"glx\" will be loaded. This was enabled by default and also specified in the config file.\n(II) \"freetype\" will be loaded. This was enabled by default and also specified in the config file.\n(II) \"type1\" will be loaded. This was enabled by default and also specified in the config file.\n(II) \"record\" will be loaded. This was enabled by default and also specified in the config file.\n(II) \"dri\" will be loaded. This was enabled by default and also specified in the config file.\n(II) LoadModule: \"dbe\"\n(II) Loading /usr/local/lib/xorg/modules/extensions//libdbe.so\n(II) Module dbe: vendor=\"X.Org Foundation\"\n\tcompiled for 1.4.0, module version = 1.0.0\n\tModule class: X.Org Server Extension\n\tABI class: X.Org Server Extension, version 0.3\n(II) Loading extension DOUBLE-BUFFER\n(II) LoadModule: \"dri\"\n(II) Loading /usr/local/lib/xorg/modules/extensions//libdri.so\n(II) Module dri: vendor=\"X.Org Foundation\"\n\tcompiled for 1.4.0, module version = 1.0.0\n\tABI class: X.Org Server Extension, version 0.3\n(II) Loading extension XFree86-DRI\n(II) LoadModule: \"extmod\"\n(II) Loading /usr/local/lib/xorg/modules/extensions//libextmod.so\n(II) Module extmod: vendor=\"X.Org Foundation\"\n\tcompiled for 1.4.0, module version = 1.0.0\n\tModule class: X.Org Server Extension\n\tABI class: X.Org Server Extension, version 0.3\n(II) Loading extension SHAPE\n(II) Loading extension MIT-SUNDRY-NONSTANDARD\n(II) Loading extension BIG-REQUESTS\n(II) Loading extension SYNC\n(II) Loading extension MIT-SCREEN-SAVER\n(II) Loading extension XC-MISC\n(II) Loading extension XFree86-VidModeExtension\n(II) Loading extension XFree86-Misc\n(II) Loading extension XFree86-DGA\n(II) Loading extension DPMS\n(II) Loading extension TOG-CUP\n(II) Loading extension Extended-Visual-Information\n(II) Loading extension XVideo\n(II) Loading extension XVideo-MotionCompensation\n(II) Loading extension X-Resource\n(II) LoadModule: \"glx\"\n(II) Loading /usr/local/lib/xorg/modules/extensions//libglx.so\n(II) Module glx: vendor=\"X.Org Foundation\"\n\tcompiled for 1.4.0, module version = 1.0.0\n\tABI class: X.Org Server Extension, version 0.3\n(==) AIGLX disabled\n(II) Loading extension GLX\n(II) LoadModule: \"record\"\n(II) Loading /usr/local/lib/xorg/modules/extensions//librecord.so\n(II) Module record: vendor=\"X.Org Foundation\"\n\tcompiled for 1.4.0, module version = 1.13.0\n\tModule class: X.Org Server Extension\n\tABI class: X.Org Server Extension, version 0.3\n(II) Loading extension RECORD\n(II) LoadModule: \"xtrap\"\n(II) Loading /usr/local/lib/xorg/modules/extensions//libxtrap.so\n(II) Module xtrap: vendor=\"X.Org Foundation\"\n\tcompiled for 1.4.0, module version = 1.0.0\n\tModule class: X.Org Server Extension\n\tABI class: X.Org Server Extension, version 0.3\n(II) Loading extension DEC-XTRAP\n(II) LoadModule: \"freetype\"\n(II) Loading /usr/local/lib/xorg/modules/fonts//libfreetype.so\n(II) Module freetype: vendor=\"X.Org Foundation \u0026 the After X-TT Project\"\n\tcompiled for 1.4.0, module version = 2.1.0\n\tModule class: X.Org Font Renderer\n\tABI class: X.Org Font Renderer, version 0.5\n(II) Loading font FreeType\n(II) LoadModule: \"type1\"\n(II) Loading /usr/local/lib/xorg/modules/fonts//libtype1.so\n(II) Module type1: vendor=\"X.Org Foundation\"\n\tcompiled for 1.4.0, module version = 1.0.2\n\tModule class: X.Org Font Renderer\n\tABI class: X.Org Font Renderer, version 0.5\n(II) Loading font Type1\n(II) LoadModule: \"ati\"\n(II) Loading /usr/local/lib/xorg/modules/drivers//ati_drv.so\n(II) Module ati: vendor=\"X.Org Foundation\"\n\tcompiled for 1.4.0, module version = 6.7.195\n\tModule class: X.Org Video Driver\n\tABI class: X.Org Video Driver, version 2.0\n(II) LoadModule: \"mouse\"\n(II) Loading /usr/local/lib/xorg/modules/input//mouse_drv.so\n(II) Module mouse: vendor=\"X.Org Foundation\"\n\tcompiled for 1.4.0, module version = 1.2.3\n\tModule class: X.Org XInput Driver\n\tABI class: X.Org XInput driver, version 2.0\n(II) LoadModule: \"kbd\"\n(II) Loading /usr/local/lib/xorg/modules/input//kbd_drv.so\n(II) Module kbd: vendor=\"X.Org Foundation\"\n\tcompiled for 1.4.0, module version = 1.2.2\n\tModule class: X.Org XInput Driver\n\tABI class: X.Org XInput driver, version 2.0\n(II) ATI: ATI driver wrapper (version 6.7.195) for chipsets: mach64, rage128, radeon\n(II) Primary Device is: PCI 01:05:0\n(II) Loading sub module \"radeon\"\n(II) LoadModule: \"radeon\"\n(II) Loading /usr/local/lib/xorg/modules/drivers//radeon_drv.so\n(II) Module radeon: vendor=\"X.Org Foundation\"\n\tcompiled for 1.4.0, module version = 4.3.0\n\tModule class: X.Org Video Driver\n\tABI class: X.Org Video Driver, version 2.0\n(II) RADEON: Driver for ATI Radeon chipsets: ATI Radeon QD (AGP),\n\tATI Radeon QE (AGP), ATI Radeon QF (AGP), ATI Radeon QG (AGP),\n\tATI Radeon VE/7000 QY (AGP/PCI), ATI Radeon VE/7000 QZ (AGP/PCI),\n\tATI ES1000 515E (PCI), ATI ES1000 5969 (PCI),\n\tATI Radeon Mobility M7 LW (AGP),\n\tATI Mobility FireGL 7800 M7 LX (AGP),\n\tATI Radeon Mobility M6 LY (AGP), ATI Radeon Mobility M6 LZ (AGP),\n\tATI Radeon IGP320 (A3) 4136, ATI Radeon IGP320M (U1) 4336,\n\tATI Radeon IGP330/340/350 (A4) 4137,\n\tATI Radeon IGP330M/340M/350M (U2) 4337,\n\tATI Radeon 7000 IGP (A4+) 4237, ATI Radeon Mobility 7000 IGP 4437,\n\tATI FireGL 8700/8800 QH (AGP), ATI Radeon 8500 QL (AGP),\n\tATI Radeon 9100 QM (AGP), ATI Radeon 8500 AIW BB (AGP),\n\tATI Radeon 8500 AIW BC (AGP), ATI Radeon 7500 QW (AGP/PCI),\n\tATI Radeon 7500 QX (AGP/PCI), ATI Radeon 9000/PRO If (AGP/PCI),\n\tATI Radeon 9000 Ig (AGP/PCI), ATI FireGL Mobility 9000 (M9) Ld (AGP),\n\tATI Radeon Mobility 9000 (M9) Lf (AGP),\n\tATI Radeon Mobility 9000 (M9) Lg (AGP),\n\tATI Radeon 9100 IGP (A5) 5834,\n\tATI Radeon Mobility 9100 IGP (U3) 5835, ATI Radeon 9100 PRO IGP 7834,\n\tATI Radeon Mobility 9200 IGP 7835, ATI Radeon 9250 5960 (AGP),\n\tATI Radeon 9200 5961 (AGP), ATI Radeon 9200 5962 (AGP),\n\tATI Radeon 9200SE 5964 (AGP), ATI FireMV 2200 (PCI),\n\tATI Radeon Mobility 9200 (M9+) 5C61 (AGP),\n\tATI Radeon Mobility 9200 (M9+) 5C63 (AGP), ATI Radeon 9500 AD (AGP),\n\tATI Radeon 9500 AE (AGP), ATI Radeon 9600TX AF (AGP),\n\tATI FireGL Z1 AG (AGP), ATI Radeon 9700 Pro ND (AGP),\n\tATI Radeon 9700/9500Pro NE (AGP), ATI Radeon 9600TX NF (AGP),\n\tATI FireGL X1 NG (AGP), ATI Radeon 9600 AP (AGP),\n\tATI Radeon 9600SE AQ (AGP), ATI Radeon 9600XT AR (AGP),\n\tATI Radeon 9600 AS (AGP), ATI FireGL T2 AT (AGP),\n\tATI FireGL RV360 AV (AGP),\n\tATI Radeon Mobility 9600/9700 (M10/M11) NP (AGP),\n\tATI Radeon Mobility 9600 (M10) NQ (AGP),\n\tATI Radeon Mobility 9600 (M11) NR (AGP),\n\tATI Radeon Mobility 9600 (M10) NS (AGP),\n\tATI FireGL Mobility T2 (M10) NT (AGP),\n\tATI FireGL Mobility T2e (M11) NV (AGP), ATI Radeon 9650,\n\tATI Radeon 9800SE AH (AGP), ATI Radeon 9800 AI (AGP),\n\tATI Radeon 9800 AJ (AGP), ATI FireGL X2 AK (AGP),\n\tATI Radeon 9800PRO NH (AGP), ATI Radeon 9800 NI (AGP),\n\tATI FireGL X2 NK (AGP), ATI Radeon 9800XT NJ (AGP),\n\tATI Radeon X600 (RV380) 3E50 (PCIE),\n\tATI FireGL V3200 (RV380) 3E54 (PCIE),\n\tATI Radeon Mobility X600 (M24) 3150 (PCIE),\n\tATI Radeon Mobility X300 (M24) 3152 (PCIE),\n\tATI FireGL M24 GL 3154 (PCIE), ATI Radeon X300 (RV370) 5B60 (PCIE),\n\tATI Radeon X600 (RV370) 5B62 (PCIE),\n\tATI Radeon X550 (RV370) 5B63 (PCIE),\n\tATI FireGL V3100 (RV370) 5B64 (PCIE),\n\tATI FireMV 2200 PCIE (RV370) 5B65 (PCIE),\n\tATI Radeon Mobility X300 (M22) 5460 (PCIE),\n\tATI Radeon Mobility X600 SE (M24C) 5462 (PCIE),\n\tATI FireGL M22 GL 5464 (PCIE), ATI Radeon XPRESS 200 5A41 (PCIE),\n\tATI Radeon XPRESS 200M 5A42 (PCIE),\n\tATI Radeon XPRESS 200 5A61 (PCIE),\n\tATI Radeon XPRESS 200M 5A62 (PCIE),\n\tATI Radeon XPRESS 200 5954 (PCIE),\n\tATI Radeon XPRESS 200M 5955 (PCIE),\n\tATI Radeon XPRESS 200 5974 (PCIE),\n\tATI Radeon XPRESS 200M 5975 (PCIE), ATI FireGL V5000 (RV410) (PCIE),\n\tATI Mobility FireGL V5000 (M26) (PCIE),\n\tATI Mobility FireGL V5000 (M26) (PCIE),\n\tATI Mobility Radeon X700 XL (M26) (PCIE),\n\tATI Mobility Radeon X700 (M26) (PCIE),\n\tATI Mobility Radeon X700 (M26) (PCIE),\n\tATI Radeon X700 PRO (RV410) (PCIE),\n\tATI Radeon X700 XT (RV410) (PCIE), ATI Radeon X700 (RV410) (PCIE),\n\tATI Radeon X700 SE (RV410) (PCIE), ATI Radeon X700 SE (RV410) (PCIE),\n\tATI Radeon X800 (R420) JH (AGP), ATI Radeon X800PRO (R420) JI (AGP),\n\tATI Radeon X800SE (R420) JJ (AGP), ATI Radeon X800 (R420) JK (AGP),\n\tATI Radeon X800 (R420) JL (AGP), ATI FireGL X3 (R420) JM (AGP),\n\tATI Radeon Mobility 9800 (M18) JN (AGP),\n\tATI Radeon X800XT (R420) JP (AGP), ATI Radeon X800 SE (R420) (AGP),\n\tATI Radeon AIW X800 VE (R420) JT (AGP),\n\tATI Radeon X800 (R423) UH (PCIE),\n\tATI Radeon X800PRO (R423) UI (PCIE),\n\tATI Radeon X800LE (R423) UJ (PCIE),\n\tATI Radeon X800SE (R423) UK (PCIE),\n\tATI FireGL V5100 (R423) UQ (PCIE),\n\tATI FireGL unknown (R423) UR (PCIE),\n\tATI FireGL unknown (R423) UT (PCIE),\n\tATI Radeon X800XT (R423) 5D57 (PCIE), ATI FireGL V7100 (R423) (PCIE),\n\tATI Mobility FireGL V5100 (M28) (PCIE),\n\tATI Mobility Radeon X800 (M28) (PCIE),\n\tATI Mobility Radeon X800 XT (M28) (PCIE),\n\tATI Radeon X800 (R430) (PCIE), ATI Radeon X800 XL (R430) (PCIE),\n\tATI Radeon X800 SE (R430) (PCIE), ATI Radeon X800 XTP (R430) (PCIE),\n\tATI Radeon X850 5D4C (PCIE),\n\tATI unknown Radeon / FireGL (R480) 5D50 (PCIE),\n\tATI Radeon X850 SE (R480) (PCIE), ATI Radeon X850 PRO (R480) (PCIE),\n\tATI Radeon X850 XT (R480) (PCIE),\n\tATI Radeon X850 XT PE (R480) (PCIE),\n\tATI Radeon X850 PRO (R480) (AGP), ATI Radeon X850 SE (R480) (AGP),\n\tATI Radeon X850 XT (R480) (AGP), ATI Radeon X850 XT PE (R480) (AGP)\n(--) Chipset ATI Radeon XPRESS 200M 5955 (PCIE) found\n(II) resource ranges after xf86ClaimFixedResources() call:\n\t[0] -1\t0\t0x00100000 - 0x3fffffff (0x3ff00000) MX[B]E(B)\n\t[1] -1\t0\t0x000f0000 - 0x000fffff (0x10000) MX[B]\n\t[2] -1\t0\t0x000c0000 - 0x000effff (0x30000) MX[B]\n\t[3] -1\t0\t0x00000000 - 0x0009ffff (0xa0000) MX[B]\n\t[4] -1\t0\t0xfffff800 - 0xffffffff (0x800) MX[B]E\n\t[5] -1\t0\t0xc020a400 - 0xc020a7ff (0x400) MX[B]E\n\t[6] -1\t0\t0xc0209800 - 0xc0209bff (0x400) MX[B]E\n\t[7] -1\t0\t0xc0209c00 - 0xc0209fff (0x400) MX[B]E\n\t[8] -1\t0\t0xc020a000 - 0xc020a3ff (0x400) MX[B]E\n\t[9] -1\t0\t0xc0206000 - 0xc0207fff (0x2000) MX[B]E\n\t[10] -1\t0\t0xc0200000 - 0xc0203fff (0x4000) MX[B]E\n\t[11] -1\t0\t0xc0209000 - 0xc02097ff (0x800) MX[B]E\n\t[12] -1\t0\t0xc0204000 - 0xc0205fff (0x2000) MX[B]E\n\t[13] -1\t0\t0xc0003800 - 0xc0003fff (0x800) MX[B]E\n\t[14] -1\t0\t0xc0003400 - 0xc00037ff (0x400) MX[B]E\n\t[15] -1\t0\t0xc0003000 - 0xc00033ff (0x400) MX[B]E\n\t[16] -1\t0\t0xc0002000 - 0xc0002fff (0x1000) MX[B]E\n\t[17] -1\t0\t0xc0001000 - 0xc0001fff (0x1000) MX[B]E\n\t[18] -1\t0\t0xc0000000 - 0xc0000fff (0x1000) MX[B]E\n\t[19] -1\t0\t0xc0100000 - 0xc010ffff (0x10000) MX[B](B)\n\t[20] -1\t0\t0xc8000000 - 0xcfffffff (0x8000000) MX[B](B)\n\t[21] -1\t0\t0x0000ffff - 0x0000ffff (0x1) IX[B]\n\t[22] -1\t0\t0x00000000 - 0x000000ff (0x100) IX[B]\n\t[23] -1\t0\t0xfffffffc - 0xffffffff (0x4) IX[B]E\n\t[24] -1\t0\t0xfffffffc - 0xffffffff (0x4) IX[B]E\n\t[25] -1\t0\t0xfffffffc - 0xffffffff (0x4) IX[B]E\n\t[26] -1\t0\t0xfffffffc - 0xffffffff (0x4) IX[B]E\n\t[27] -1\t0\t0xfffffffc - 0xffffffff (0x4) IX[B]E\n\t[28] -1\t0\t0xfffffffc - 0xffffffff (0x4) IX[B]E\n\t[29] -1\t0\t0x0000a000 - 0x0000a0ff (0x100) IX[B]E\n\t[30] -1\t0\t0x00008410 - 0x0000841f (0x10) IX[B]E\n\t[31] -1\t0\t0x00008420 - 0x00008423 (0x4) IX[B]E\n\t[32] -1\t0\t0x00008428 - 0x0000842f (0x8) IX[B]E\n\t[33] -1\t0\t0x00008424 - 0x00008427 (0x4) IX[B]E\n\t[34] -1\t0\t0x00008430 - 0x0000843f (0x10) IX[B]E\n\t[35] -1\t0\t0x00008400 - 0x0000840f (0x10) IX[B]E\n\t[36] -1\t0\t0x00009000 - 0x000090ff (0x100) IX[B](B)\n(II) resource ranges after probing:\n\t[0] -1\t0\t0x00100000 - 0x3fffffff (0x3ff00000) MX[B]E(B)\n\t[1] -1\t0\t0x000f0000 - 0x000fffff (0x10000) MX[B]\n\t[2] -1\t0\t0x000c0000 - 0x000effff (0x30000) MX[B]\n\t[3] -1\t0\t0x00000000 - 0x0009ffff (0xa0000) MX[B]\n\t[4] -1\t0\t0xfffff800 - 0xffffffff (0x800) MX[B]E\n\t[5] -1\t0\t0xc020a400 - 0xc020a7ff (0x400) MX[B]E\n\t[6] -1\t0\t0xc0209800 - 0xc0209bff (0x400) MX[B]E\n\t[7] -1\t0\t0xc0209c00 - 0xc0209fff (0x400) MX[B]E\n\t[8] -1\t0\t0xc020a000 - 0xc020a3ff (0x400) MX[B]E\n\t[9] -1\t0\t0xc0206000 - 0xc0207fff (0x2000) MX[B]E\n\t[10] -1\t0\t0xc0200000 - 0xc0203fff (0x4000) MX[B]E\n\t[11] -1\t0\t0xc0209000 - 0xc02097ff (0x800) MX[B]E\n\t[12] -1\t0\t0xc0204000 - 0xc0205fff (0x2000) MX[B]E\n\t[13] -1\t0\t0xc0003800 - 0xc0003fff (0x800) MX[B]E\n\t[14] -1\t0\t0xc0003400 - 0xc00037ff (0x400) MX[B]E\n\t[15] -1\t0\t0xc0003000 - 0xc00033ff (0x400) MX[B]E\n\t[16] -1\t0\t0xc0002000 - 0xc0002fff (0x1000) MX[B]E\n\t[17] -1\t0\t0xc0001000 - 0xc0001fff (0x1000) MX[B]E\n\t[18] -1\t0\t0xc0000000 - 0xc0000fff (0x1000) MX[B]E\n\t[19] -1\t0\t0xc0100000 - 0xc010ffff (0x10000) MX[B](B)\n\t[20] -1\t0\t0xc8000000 - 0xcfffffff (0x8000000) MX[B](B)\n\t[21] 0\t0\t0x000a0000 - 0x000affff (0x10000) MS[B]\n\t[22] 0\t0\t0x000b0000 - 0x000b7fff (0x8000) MS[B]\n\t[23] 0\t0\t0x000b8000 - 0x000bffff (0x8000) MS[B]\n\t[24] -1\t0\t0x0000ffff - 0x0000ffff (0x1) IX[B]\n\t[25] -1\t0\t0x00000000 - 0x000000ff (0x100) IX[B]\n\t[26] -1\t0\t0xfffffffc - 0xffffffff (0x4) IX[B]E\n\t[27] -1\t0\t0xfffffffc - 0xffffffff (0x4) IX[B]E\n\t[28] -1\t0\t0xfffffffc - 0xffffffff (0x4) IX[B]E\n\t[29] -1\t0\t0xfffffffc - 0xffffffff (0x4) IX[B]E\n\t[30] -1\t0\t0xfffffffc - 0xffffffff (0x4) IX[B]E\n\t[31] -1\t0\t0xfffffffc - 0xffffffff (0x4) IX[B]E\n\t[32] -1\t0\t0x0000a000 - 0x0000a0ff (0x100) IX[B]E\n\t[33] -1\t0\t0x00008410 - 0x0000841f (0x10) IX[B]E\n\t[34] -1\t0\t0x00008420 - 0x00008423 (0x4) IX[B]E\n\t[35] -1\t0\t0x00008428 - 0x0000842f (0x8) IX[B]E\n\t[36] -1\t0\t0x00008424 - 0x00008427 (0x4) IX[B]E\n\t[37] -1\t0\t0x00008430 - 0x0000843f (0x10) IX[B]E\n\t[38] -1\t0\t0x00008400 - 0x0000840f (0x10) IX[B]E\n\t[39] -1\t0\t0x00009000 - 0x000090ff (0x100) IX[B](B)\n\t[40] 0\t0\t0x000003b0 - 0x000003bb (0xc) IS[B]\n\t[41] 0\t0\t0x000003c0 - 0x000003df (0x20) IS[B]\n(II) Setting vga for screen 0.\n(II) RADEON(0): MMIO registers at 0xc0100000: size 64KB\n(==) RADEON(0): Write-combining range (0xc0100000,0x10000) was already clear\n(II) RADEON(0): PCI bus 1 card 5 func 0\n(==) RADEON(0): Depth 24, (==) framebuffer bpp 32\n(II) RADEON(0): Pixel depth = 24 bits stored in 4 bytes (32 bpp pixmaps)\n(==) RADEON(0): Default visual is TrueColor\n(II) Loading sub module \"vgahw\"\n(II) LoadModule: \"vgahw\"\n(II) Loading /usr/local/lib/xorg/modules//libvgahw.so\n(II) Module vgahw: vendor=\"X.Org Foundation\"\n\tcompiled for 1.4.0, module version = 0.1.0\n\tABI class: X.Org Video Driver, version 2.0\n(II) RADEON(0): vgaHWGetIOBase: hwp-\u003eIOBase is 0x03d0, hwp-\u003ePIOOffset is 0x0000\n(==) RADEON(0): RGB weight 888\n(II) RADEON(0): Using 8 bits per RGB (8 bit DAC)\n(II) Loading sub module \"int10\"\n(II) LoadModule: \"int10\"\n(II) Loading /usr/local/lib/xorg/modules//libint10.so\n(II) Module int10: vendor=\"X.Org Foundation\"\n\tcompiled for 1.4.0, module version = 1.0.0\n\tABI class: X.Org Video Driver, version 2.0\n(II) RADEON(0): initializing int10\n(==) RADEON(0): Write-combining range (0xa0000,0x20000) was already clear\n(==) RADEON(0): Write-combining range (0xc0000,0x40000) was already clear\n(II) RADEON(0): Primary V_BIOS segment is: 0xc000\n(==) RADEON(0): Write-combining range (0x0,0x1000) was already clear\n(--) RADEON(0): Chipset: \"ATI Radeon XPRESS 200M 5955 (PCIE)\" (ChipID = 0x5955)\n(--) RADEON(0): Linear framebuffer at 0xc8000000\n(II) RADEON(0): PCI card detected\n(II) RADEON(0): Legacy BIOS detected\ndrmOpenDevice: node name is /dev/dri/card0\ndrmOpenDevice: open result is -1, (No such file or directory)\ndrmOpenDevice: open result is -1, (No such file or directory)\ndrmOpenDevice: Open failed\n[drm] failed to load kernel module \"radeon\"\n(EE) RADEON(0): [dri] RADEONDRIGetVersion failed to open the DRM\n[dri] Disabling DRI.\n(II) RADEON(0): Detected total video RAM=131072K, accessible=131072K (PCI BAR=131072K)\n(--) RADEON(0): Mapped VideoRAM: 131072 kByte (64 bit DDR SDRAM)\n(II) RADEON(0): Color tiling enabled by default\n(II) RADEON(0): Max desktop size set to 2560x1200\n(II) RADEON(0): For a larger or smaller max desktop size, add a Virtual line to your xorg.conf\n(II) RADEON(0): If you are having trouble with 3D, reduce the desktop size by adjusting the Virtual line to your xorg.conf\n(II) Loading sub module \"ddc\"\n(II) LoadModule: \"ddc\"(II) Module \"ddc\" already built-in\n(II) Loading sub module \"i2c\"\n(II) LoadModule: \"i2c\"(II) Module \"i2c\" already built-in\n(II) RADEON(0): PLL parameters: rf=1432 rd=6 min=20000 max=40000; xclk=25000\n(WW) RADEON(0): LCD DDC Info Table found!\n(II) RADEON(0): Bios Connector table: \n(II) RADEON(0): Port0: DDCType-1, DACType-0, TMDSType-0, ConnectorType-2\n(II) RADEON(0): Port4: DDCType-5, DACType-2, TMDSType-2, ConnectorType-1\n(II) RADEON(0): Port5: DDCType-0, DACType-1, TMDSType-2, ConnectorType-6\n(II) RADEON(0): Output VGA-0 using monitor section Monitor0\n(II) RADEON(0): I2C bus \"MONID\" initialized.\n(II) RADEON(0): Output LVDS has no monitor section\n(II) RADEON(0): I2C bus \"LCD_DDC\" initialized.\n(II) RADEON(0): Panel ID string: SEC                     \n(II) RADEON(0): Panel Size from BIOS: 1440x900\n(II) RADEON(0): BIOS provided dividers will be used.\n(WW) RADEON(0): LVDS Info:\nXRes: 1440, YRes: 900, DotClock: 96310\nHBlank: 320, HOverPlus: 64, HSyncWidth: 32\nVBlank: 12, VOverPlus: 3, VSyncWidth: 3\n(II) RADEON(0): Output S-video has no monitor section\n(II) RADEON(0): Default TV standard: NTSC\n(II) RADEON(0): TV standards supported by chip: NTSC PAL PAL-M \n(II) RADEON(0): Port0:\n Monitor   -- AUTO\n Connector -- VGA\n DAC Type  -- TVDAC/ExtDAC\n TMDS Type -- None\n DDC Type  -- MONID\n(II) RADEON(0): Port1:\n Monitor   -- AUTO\n Connector -- Proprietary/LVDS\n DAC Type  -- None\n TMDS Type -- None\n DDC Type  -- LCD_DDC\n(II) RADEON(0): Port2:\n Monitor   -- AUTO\n Connector -- STV\n DAC Type  -- TVDAC/ExtDAC\n TMDS Type -- None\n DDC Type  -- None\n(II) RADEON(0): I2C device \"MONID:ddc2\" registered at address 0xA0.\n(II) RADEON(0): I2C device \"MONID:ddc2\" removed.\n(II) RADEON(0): I2C device \"MONID:ddc2\" registered at address 0xA0.\n(II) RADEON(0): I2C device \"MONID:ddc2\" removed.\n(II) RADEON(0): I2C device \"MONID:ddc2\" registered at address 0xA0.\n(II) RADEON(0): I2C device \"MONID:ddc2\" removed.\n(II) RADEON(0): DDC Type: 1, Detected Monitor Type: 0\nfinished output detect: 0\n(II) RADEON(0): I2C device \"LCD_DDC:ddc2\" registered at address 0xA0.\n(II) RADEON(0): I2C device \"LCD_DDC:ddc2\" removed.\n(II) RADEON(0): DDC Type: 5, Detected Monitor Type: 0\n(II) RADEON(0): Detected Monitor Type: 2\nfinished output detect: 1\nfinished output detect: 2\nfinished all detect\nbefore xf86InitialConfiguration\n(II) RADEON(0): I2C device \"MONID:ddc2\" registered at address 0xA0.\n(II) RADEON(0): I2C device \"MONID:ddc2\" removed.\n(II) RADEON(0): I2C device \"MONID:ddc2\" registered at address 0xA0.\n(II) RADEON(0): I2C device \"MONID:ddc2\" removed.\n(II) RADEON(0): I2C device \"MONID:ddc2\" registered at address 0xA0.\n(II) RADEON(0): I2C device \"MONID:ddc2\" removed.\n(II) RADEON(0): DDC Type: 1, Detected Monitor Type: 0\n(II) RADEON(0): I2C device \"LCD_DDC:ddc2\" registered at address 0xA0.\n(II) RADEON(0): I2C device \"LCD_DDC:ddc2\" removed.\n(II) RADEON(0): DDC Type: 5, Detected Monitor Type: 0\n(II) RADEON(0): Detected Monitor Type: 2\nin RADEONProbeOutputModes\n(II) RADEON(0): Added native panel mode: 1440x900\n(II) RADEON(0): Total number of valid Screen mode(s) added: 0\n(II) RADEON(0): Output VGA-0 disconnected\n(II) RADEON(0): Output LVDS connected\n(II) RADEON(0): Output S-video disconnected\n(II) RADEON(0): Output LVDS using initial mode 1440x900\nafter xf86InitialConfiguration\n(==) RADEON(0): DPI set to (75, 75)\n(II) Loading sub module \"fb\"\n(II) LoadModule: \"fb\"\n(II) Loading /usr/local/lib/xorg/modules//libfb.so\n(II) Module fb: vendor=\"X.Org Foundation\"\n\tcompiled for 1.4.0, module version = 1.0.0\n\tABI class: X.Org ANSI C Emulation, version 0.3\n(==) RADEON(0): Using gamma correction (1.0, 1.0, 1.0)\n(II) Loading sub module \"ramdac\"\n(II) LoadModule: \"ramdac\"(II) Module \"ramdac\" already built-in\n(==) RADEON(0): Using XAA acceleration architecture\n(II) Loading sub module \"xaa\"\n(II) LoadModule: \"xaa\"\n(II) Loading /usr/local/lib/xorg/modules//libxaa.so\n(II) Module xaa: vendor=\"X.Org Foundation\"\n\tcompiled for 1.4.0, module version = 1.2.0\n\tABI class: X.Org Video Driver, version 2.0\n(==) RADEON(0): Assuming overlay scaler buffer width is 1536\n(II) RADEON(0): No MM_TABLE found - assuming CARD is not TV-in capable.\n(==) RADEON(0): Write-combining range (0x0,0x1000) was already clear\n(!!) RADEON(0): For information on using the multimedia capabilities\n\tof this adapter, please see http://gatos.sf.net.\n(!!) RADEON(0): MergedFB support has been removed and replaced with xrandr 1.2 support\n(--) Depth 24 pixmap format is 32 bpp\n(II) do I need RAC?  No, I don't.\n(II) resource ranges after preInit:\n\t[0] 0\t0\t0xc0100000 - 0xc010ffff (0x10000) MX[B]\n\t[1] 0\t0\t0xc8000000 - 0xcfffffff (0x8000000) MX[B]\n\t[2] -1\t0\t0x00100000 - 0x3fffffff (0x3ff00000) MX[B]E(B)\n\t[3] -1\t0\t0x000f0000 - 0x000fffff (0x10000) MX[B]\n\t[4] -1\t0\t0x000c0000 - 0x000effff (0x30000) MX[B]\n\t[5] -1\t0\t0x00000000 - 0x0009ffff (0xa0000) MX[B]\n\t[6] -1\t0\t0xfffff800 - 0xffffffff (0x800) MX[B]E\n\t[7] -1\t0\t0xc020a400 - 0xc020a7ff (0x400) MX[B]E\n\t[8] -1\t0\t0xc0209800 - 0xc0209bff (0x400) MX[B]E\n\t[9] -1\t0\t0xc0209c00 - 0xc0209fff (0x400) MX[B]E\n\t[10] -1\t0\t0xc020a000 - 0xc020a3ff (0x400) MX[B]E\n\t[11] -1\t0\t0xc0206000 - 0xc0207fff (0x2000) MX[B]E\n\t[12] -1\t0\t0xc0200000 - 0xc0203fff (0x4000) MX[B]E\n\t[13] -1\t0\t0xc0209000 - 0xc02097ff (0x800) MX[B]E\n\t[14] -1\t0\t0xc0204000 - 0xc0205fff (0x2000) MX[B]E\n\t[15] -1\t0\t0xc0003800 - 0xc0003fff (0x800) MX[B]E\n\t[16] -1\t0\t0xc0003400 - 0xc00037ff (0x400) MX[B]E\n\t[17] -1\t0\t0xc0003000 - 0xc00033ff (0x400) MX[B]E\n\t[18] -1\t0\t0xc0002000 - 0xc0002fff (0x1000) MX[B]E\n\t[19] -1\t0\t0xc0001000 - 0xc0001fff (0x1000) MX[B]E\n\t[20] -1\t0\t0xc0000000 - 0xc0000fff (0x1000) MX[B]E\n\t[21] -1\t0\t0xc0100000 - 0xc010ffff (0x10000) MX[B](B)\n\t[22] -1\t0\t0xc8000000 - 0xcfffffff (0x8000000) MX[B](B)\n\t[23] 0\t0\t0x000a0000 - 0x000affff (0x10000) MS[B](OprU)\n\t[24] 0\t0\t0x000b0000 - 0x000b7fff (0x8000) MS[B](OprU)\n\t[25] 0\t0\t0x000b8000 - 0x000bffff (0x8000) MS[B](OprU)\n\t[26] 0\t0\t0x00009000 - 0x000090ff (0x100) IX[B]\n\t[27] -1\t0\t0x0000ffff - 0x0000ffff (0x1) IX[B]\n\t[28] -1\t0\t0x00000000 - 0x000000ff (0x100) IX[B]\n\t[29] -1\t0\t0xfffffffc - 0xffffffff (0x4) IX[B]E\n\t[30] -1\t0\t0xfffffffc - 0xffffffff (0x4) IX[B]E\n\t[31] -1\t0\t0xfffffffc - 0xffffffff (0x4) IX[B]E\n\t[32] -1\t0\t0xfffffffc - 0xffffffff (0x4) IX[B]E\n\t[33] -1\t0\t0xfffffffc - 0xffffffff (0x4) IX[B]E\n\t[34] -1\t0\t0xfffffffc - 0xffffffff (0x4) IX[B]E\n\t[35] -1\t0\t0x0000a000 - 0x0000a0ff (0x100) IX[B]E\n\t[36] -1\t0\t0x00008410 - 0x0000841f (0x10) IX[B]E\n\t[37] -1\t0\t0x00008420 - 0x00008423 (0x4) IX[B]E\n\t[38] -1\t0\t0x00008428 - 0x0000842f (0x8) IX[B]E\n\t[39] -1\t0\t0x00008424 - 0x00008427 (0x4) IX[B]E\n\t[40] -1\t0\t0x00008430 - 0x0000843f (0x10) IX[B]E\n\t[41] -1\t0\t0x00008400 - 0x0000840f (0x10) IX[B]E\n\t[42] -1\t0\t0x00009000 - 0x000090ff (0x100) IX[B](B)\n\t[43] 0\t0\t0x000003b0 - 0x000003bb (0xc) IS[B](OprU)\n\t[44] 0\t0\t0x000003c0 - 0x000003df (0x20) IS[B](OprU)\n(==) RADEON(0): Write-combining range (0xc0100000,0x10000) was already clear\n(==) RADEON(0): Write-combining range (0xc8000000,0x8000000)\n(==) RADEON(0): Write-combining range (0xa0000,0x10000) was already clear\nEntering TV Save\nSave TV timing tables\nsaveTimingTables: reading timing tables\nTV Save done\n(II) RADEON(0): Dynamic Clock Scaling Disabled\n(II) RADEON(0): RADEONInitMemoryMap() : \n(II) RADEON(0):   mem_size         : 0x08000000\n(II) RADEON(0):   MC_FB_LOCATION   : 0x27ff2000\n(II) RADEON(0):   MC_AGP_LOCATION  : 0xffffffc0\n(II) RADEON(0): Depth moves disabled by default\n(II) RADEON(0): Memory manager initialized to (0,0) (1472,8191)\n(II) RADEON(0): Reserved area from (0,1200) to (1472,1202)\n(II) RADEON(0): Largest offscreen area available: 1472 x 6989\ninit memmap\ninit common\ninit crtc1\ninit pll1\nrestore memmap\n(II) RADEON(0): RADEONRestoreMemMapRegisters() : \n(II) RADEON(0):   MC_FB_LOCATION   : 0x27ff2000\n(II) RADEON(0):   MC_AGP_LOCATION  : 0xffffffc0\nrestore common\nrestore crtc1\nrestore pll1\nrestore LVDS\nenable montype: 2\n(WW) RADEON(0): No crtc mode list for crtc 1,continuing with desired mode\ndisable montype: 2\n(==) RADEON(0): Backing store disabled\n(WW) RADEON(0): Direct rendering disabled\n(II) RADEON(0): Render acceleration unsupported on Radeon 9500/9700 and newer.\n(II) RADEON(0): Render acceleration disabled\n(II) RADEON(0): Using XFree86 Acceleration Architecture (XAA)\n\tScreen to screen bit blits\n\tSolid filled rectangles\n\t8x8 mono pattern filled rectangles\n\tIndirect CPU to Screen color expansion\n\tSolid Lines\n\tScanline Image Writes\n\tOffscreen Pixmaps\n\tSetting up tile and stipple cache:\n\t\t32 128x128 slots\n\t\t32 256x256 slots\n\t\t16 512x512 slots\n(II) RADEON(0): Acceleration enabled\n(==) RADEON(0): Silken mouse enabled\n(II) RADEON(0): Using hardware cursor (scanline 1202)\n(II) RADEON(0): Largest offscreen area available: 1472 x 6986\n(II) RADEON(0): No video input capabilities detected and no information is provided - disabling multimedia i2c\n(II) Loading sub module \"theatre_detect\"\n(II) LoadModule: \"theatre_detect\"\n(II) Loading /usr/local/lib/xorg/modules/multimedia//theatre_detect_drv.so\n(II) Module theatre_detect: vendor=\"X.Org Foundation\"\n\tcompiled for 1.4.0, module version = 1.0.0\n\tABI class: X.Org Video Driver, version 2.0\n(II) RADEON(0): no multimedia table present, disabling Rage Theatre.\n(II) RADEON(0): RandR 1.2 enabled, ignore the following RandR disabled message.\n(--) RandR disabled\n(II) Initializing built-in extension MIT-SHM\n(II) Initializing built-in extension XInputExtension\n(II) Initializing built-in extension XTEST\n(II) Initializing built-in extension XKEYBOARD\n(II) Initializing built-in extension XC-APPGROUP\n(II) Initializing built-in extension XAccessControlExtension\n(II) Initializing built-in extension SECURITY\n(II) Initializing built-in extension XINERAMA\n(II) Initializing built-in extension XFIXES\n(II) Initializing built-in extension XFree86-Bigfont\n(II) Initializing built-in extension RENDER\n(II) Initializing built-in extension RANDR\n(II) Initializing built-in extension COMPOSITE\n(II) Initializing built-in extension DAMAGE\n(II) Initializing built-in extension XEVIE\n(II) Loading sub module \"GLcore\"\n(II) LoadModule: \"GLcore\"\n(II) Loading /usr/local/lib/xorg/modules/extensions//libGLcore.so\n(II) Module GLcore: vendor=\"X.Org Foundation\"\n\tcompiled for 1.4.0, module version = 1.0.0\n\tABI class: X.Org Server Extension, version 0.3\n(II) GLX: Initialized MESA-PROXY GL provider for screen 0\n(II) RADEON(0): Setting screen physical size to 381 x 238\n(**) Option \"Protocol\" \"auto\"\n(**) Mouse0: Device: \"/dev/sysmouse\"\n(**) Mouse0: Protocol: \"auto\"\n(**) Option \"CorePointer\"\n(**) Mouse0: always reports core events\n(**) Option \"Device\" \"/dev/sysmouse\"\n(==) Mouse0: Emulate3Buttons, Emulate3Timeout: 50\n(**) Option \"ZAxisMapping\" \"4 5 6 7\"\n(**) Mouse0: ZAxisMapping: buttons 4, 5, 6 and 7\n(**) Mouse0: Buttons: 11\n(**) Mouse0: Sensitivity: 1\n(**) Option \"CoreKeyboard\"\n(**) Keyboard0: always reports core events\n(**) Option \"Protocol\" \"standard\"\n(**) Keyboard0: Protocol: standard\n(**) Option \"AutoRepeat\" \"500 30\"\n(**) Option \"XkbRules\" \"xorg\"\n(**) Keyboard0: XkbRules: \"xorg\"\n(**) Option \"XkbModel\" \"pc105\"\n(**) Keyboard0: XkbModel: \"pc105\"\n(**) Option \"XkbLayout\" \"us\"\n(**) Keyboard0: XkbLayout: \"us\"\n(**) Option \"CustomKeycodes\" \"off\"\n(**) Keyboard0: CustomKeycodes disabled\n(II) evaluating device (Keyboard0)\n(II) XINPUT: Adding extended input device \"Keyboard0\" (type: KEYBOARD)\n(II) evaluating device (Mouse0)\n(II) XINPUT: Adding extended input device \"Mouse0\" (type: MOUSE)\n(II) Mouse0: SetupAuto: hw.iftype is 4, hw.model is 0\n(II) Mouse0: SetupAuto: protocol is SysMouse\nenable montype: 2\ndisable montype: 2\n(II) RADEON(0): RADEONRestoreMemMapRegisters() : \n(II) RADEON(0):   MC_FB_LOCATION   : 0x27ff2000\n(II) RADEON(0):   MC_AGP_LOCATION  : 0x003f0000\nfinished PLL2\nfinished PLL1\nEntering Restore TV\nRestore TV PLL\nRestore TVHV\nRestore TV Restarts\nRestore Timing Tables\nRestore TV standard\nLeaving Restore TV\n(==) RADEON(0): Write-combining range (0xa0000,0x10000) was already clear\nFreeFontPath: FPE \"/usr/local/lib/X11/fonts/misc/\" refcount is 2, should be 1; fixing."
}