{
 "id": 462427,
 "bug_id": 127119,
 "attachment_id": 0,
 "creation_time": "2008-09-05T18:40:01Z",
 "creator": "ss666@ss666.ru",
 "text": "This bug appeared on 6 and 7 branches both. My dmesg output is listed below and the problem is in incorrect ata-device probing. CF-IDE adapters(some of them are working, some are not due to DMA-timeouts), gigabyte i-ram can not work too. In Windows(XP, Vista), Linux(Slackware, Suse, Gentoo) it all works fine without any warnings even in verbose mode. In freebsd verbose boot here's no ripple about that devices. My non-verbose dmesg is below, motherboard is VIA PC3500G :\n\nFreeBSD 6.4-PRERELEASE #0: Wed Sep  3 22:21:04 UTC 2008\n    root@:/usr/obj/usr/src/sys/BOX\nACPI APIC Table: \u003cCN896  AWRDACPI\u003e\nTimecounter \"i8254\" frequency 1193182 Hz quality 0\nCPU: VIA Esther processor 1500MHz (1499.97-MHz 686-class CPU)\n  Origin = \"CentaurHauls\"  Id = 0x6a9  Stepping = 9\n  Features=0xa7c9bbff\u003cFPU,VME,DE,PSE,TSC,MSR,PAE,MCE,CX8,APIC,SEP,MTRR,PGE,CMOV,PAT,CLFLUSH,ACPI,MMX,FXSR,SSE,SSE2,TM,PBE\u003e\n  Features2=0x1\u003cSSE3\u003e\n  VIA Padlock Features=0x3fcc\u003cRNG,AES,AES-CTR,SHA1,SHA256,RSA\u003e\nreal memory  = 1005453312 (958 MB)\navail memory = 970596352 (925 MB)\nioapic0 \u003cVersion 0.3\u003e irqs 0-23 on motherboard\nioapic1 \u003cVersion 0.3\u003e irqs 24-47 on motherboard\nkbd1 at kbdmux0\nath_hal: 0.9.20.3 (AR5210, AR5211, AR5212, RF5111, RF5112, RF2413, RF5413)\nhptrr: HPT RocketRAID controller driver v1.1 (Sep  3 2008 22:20:29)\nacpi0: \u003cCN896 AWRDACPI\u003e on motherboard\n    ACPI-0438: *** Error: Looking up [\\\\_SB_.PCI0.LNK9] in namespace, AE_NOT_FOUND\nSearchNode 0xc4d61c20 StartNode 0xc4d61c20 ReturnNode 0\n    ACPI-0438: *** Error: Looking up [\\\\_SB_.PCI0.LNK9] in namespace, AE_NOT_FOUND\nSearchNode 0xc4d61a60 StartNode 0xc4d61a60 ReturnNode 0\n    ACPI-0438: *** Error: Looking up [\\\\_SB_.PCI0.LNK9] in namespace, AE_NOT_FOUND\nSearchNode 0xc4d61620 StartNode 0xc4d61620 ReturnNode 0\n    ACPI-0438: *** Error: Looking up [\\\\_SB_.PCI0.LNK9] in namespace, AE_NOT_FOUND\nSearchNode 0xc4d637e0 StartNode 0xc4d637e0 ReturnNode 0\n    ACPI-0438: *** Error: Looking up [\\\\_SB_.PCI0.LNK9] in namespace, AE_NOT_FOUND\nSearchNode 0xc4d635e0 StartNode 0xc4d635e0 ReturnNode 0\n    ACPI-0438: *** Error: Looking up [\\\\_SB_.PCI0.LNK9] in namespace, AE_NOT_FOUND\nSearchNode 0xc4d67360 StartNode 0xc4d67360 ReturnNode 0\nacpi0: Power Button (fixed)\nTimecounter \"ACPI-fast\" frequency 3579545 Hz quality 1000\nacpi_timer0: \u003c24-bit timer at 3.579545MHz\u003e port 0x408-0x40b on acpi0\nacpi_hpet0: \u003cHigh Precision Event Timer\u003e iomem 0xfe800000-0xfe8003ff on acpi0\ndevice_attach: acpi_hpet0 attach returned 12\ncpu0: \u003cACPI CPU\u003e on acpi0\nacpi_throttle0: \u003cACPI CPU Throttling\u003e on cpu0\nacpi_button0: \u003cPower Button\u003e on acpi0\nacpi_button1: \u003cSleep Button\u003e on acpi0\npcib0: \u003cACPI Host-PCI bridge\u003e port 0xcf8-0xcff on acpi0\npci0: \u003cACPI PCI bus\u003e on pcib0\npcib1: \u003cPCI-PCI bridge\u003e at device 1.0 on pci0\npci1: \u003cPCI bus\u003e on pcib1\npci1: \u003cdisplay, VGA\u003e at device 0.0 (no driver attached)\npcib2: \u003cACPI PCI-PCI bridge\u003e irq 27 at device 2.0 on pci0\npci2: \u003cACPI PCI bus\u003e on pcib2\npcib3: \u003cACPI PCI-PCI bridge\u003e irq 31 at device 3.0 on pci0\npci3: \u003cACPI PCI bus\u003e on pcib3\natapci0: \u003cVIA 8237A SATA150 controller\u003e port 0xfc00-0xfc07,0xf800-0xf803,0xf400-0xf407,0xf000-0xf003,0xec00-0xec0f,0xe800-0xe8ff irq 21 at device 15.0 on pci0\nata2: \u003cATA channel 0\u003e on atapci0\nata3: \u003cATA channel 1\u003e on atapci0\natapci1: \u003cVIA 8237A UDMA133 controller\u003e port 0x1f0-0x1f7,0x3f6,0x170-0x177,0x376,0xe400-0xe40f at device 15.1 on pci0\nata0: \u003cATA channel 0\u003e on atapci1\nata1: \u003cATA channel 1\u003e on atapci1\nuhci0: \u003cVIA 83C572 USB controller\u003e port 0xe000-0xe01f irq 20 at device 16.0 on pci0\nuhci0: [GIANT-LOCKED]\nusb0: \u003cVIA 83C572 USB controller\u003e on uhci0\nusb0: USB revision 1.0\nuhub0: VIA UHCI root hub, class 9/0, rev 1.00/1.00, addr 1\nuhub0: 2 ports with 2 removable, self powered\nuhci1: \u003cVIA 83C572 USB controller\u003e port 0xdc00-0xdc1f irq 22 at device 16.1 on pci0\nuhci1: [GIANT-LOCKED]\nusb1: \u003cVIA 83C572 USB controller\u003e on uhci1\nusb1: USB revision 1.0\nuhub1: VIA UHCI root hub, class 9/0, rev 1.00/1.00, addr 1\nuhub1: 2 ports with 2 removable, self powered\nuhci2: \u003cVIA 83C572 USB controller\u003e port 0xd800-0xd81f irq 21 at device 16.2 on pci0\nuhci2: [GIANT-LOCKED]\nusb2: \u003cVIA 83C572 USB controller\u003e on uhci2\nusb2: USB revision 1.0\nuhub2: VIA UHCI root hub, class 9/0, rev 1.00/1.00, addr 1\nuhub2: 2 ports with 2 removable, self powered\nuhci3: \u003cVIA 83C572 USB controller\u003e port 0xd400-0xd41f irq 23 at device 16.3 on pci0\nuhci3: [GIANT-LOCKED]\nusb3: \u003cVIA 83C572 USB controller\u003e on uhci3\nusb3: USB revision 1.0\nuhub3: VIA UHCI root hub, class 9/0, rev 1.00/1.00, addr 1\nuhub3: 2 ports with 2 removable, self powered\nehci0: \u003cVIA VT6202 USB 2.0 controller\u003e mem 0xdffff000-0xdffff0ff irq 21 at device 16.4 on pci0\nehci0: [GIANT-LOCKED]\nusb4: EHCI version 1.0\nusb4: companion controllers, 2 ports each: usb0 usb1 usb2 usb3\nusb4: \u003cVIA VT6202 USB 2.0 controller\u003e on ehci0\nusb4: USB revision 2.0\nuhub4: VIA EHCI root hub, class 9/0, rev 2.00/1.00, addr 1\nuhub4: 8 ports with 8 removable, self powered\numass0: Generic       ,   . USB2.0 Card Reader, rev 2.00/1.00, addr 2\nisab0: \u003cPCI-ISA bridge\u003e at device 17.0 on pci0\nisa0: \u003cISA bus\u003e on isab0\npcib4: \u003cACPI PCI-PCI bridge\u003e at device 19.1 on pci0\npci4: \u003cACPI PCI bus\u003e on pcib4\nvr0: \u003cVIA VT6102 Rhine II 10/100BaseTX\u003e port 0x9c00-0x9cff mem 0xdfaff000-0xdfaff0ff irq 18 at device 14.0 on pci4\nvr0: Quirks: 0x0\nmiibus0: \u003cMII bus\u003e on vr0\nukphy0: \u003cGeneric IEEE 802.3u media interface\u003e on miibus0\nukphy0:  10baseT, 10baseT-FDX, 100baseTX, 100baseTX-FDX, auto\nvr0: Ethernet address: 00:1a:4d:1f:5e:ac\npcib5: \u003cACPI Host-PCI bridge\u003e on acpi0\npci128: \u003cACPI PCI bus\u003e on pcib5\npci128: \u003cmultimedia\u003e at device 1.0 (no driver attached)\nacpi_tz0: \u003cThermal Zone\u003e on acpi0\natkbdc0: \u003cKeyboard controller (i8042)\u003e port 0x60,0x64 irq 1 on acpi0\natkbd0: \u003cAT Keyboard\u003e irq 1 on atkbdc0\nkbd0 at atkbd0\natkbd0: [GIANT-LOCKED]\nacpi_hpet0: \u003cHigh Precision Event Timer\u003e iomem 0xfe800000-0xfe8003ff on acpi0\ndevice_attach: acpi_hpet0 attach returned 12\npmtimer0 on isa0\nppc0: parallel port not found.\nsc0: \u003cSystem console\u003e at flags 0x100 on isa0\nsc0: VGA \u003c16 virtual consoles, flags=0x300\u003e\nsio0: configured irq 4 not in bitmap of probed irqs 0\nsio0: port may not be enabled\nsio0 at port 0x3f8-0x3ff irq 4 flags 0x10 on isa0\nsio0: type 8250 or not responding\nsio1: configured irq 3 not in bitmap of probed irqs 0\nsio1: port may not be enabled\nvga0: \u003cGeneric ISA VGA\u003e at port 0x3c0-0x3df iomem 0xa0000-0xbffff on isa0\nTimecounter \"TSC\" frequency 1499968632 Hz quality 800\nTimecounters tick every 1.000 msec\nipfw2 (+ipv6) initialized, divert loadable, rule-based forwarding disabled, default to deny, logging disabled\nhptrr: no controller detected.\nad0: DMA limited to UDMA33, device found non-ATA66 cable\nad0: FAILURE - SET_MULTI status=51\u003cREADY,DSC,ERROR\u003e error=4\u003cABORTED\u003e\nad0: 3887MB \u003cTRANSCEND 20080128\u003e at ata0-master UDMA33\nda0 at umass-sim0 bus 0 target 0 lun 0\nda0: \u003cGeneric  6000\u003e Removable Direct Access SCSI-0 device\nda0: 40.000MB/s transfers\nda0: 1947MB (3987456 512 byte sectors: 255H 63S/T 248C)\nTrying to mount root from ufs:/dev/ad0s1a\n\nPost Scriptum ad0=CF-IDE disk, da0=Kingston microSD+usb adaper shipped with it.\n\nHow-To-Repeat: just plug it in."
}