{
 "id": 444821,
 "bug_id": 123563,
 "attachment_id": 0,
 "creation_time": "2008-05-10T00:30:04Z",
 "creator": "vibarus@googlemail.com",
 "text": "Can't use re nic on MSI p35 Neo runnig 7-STABLE.\nre = \u003cRealTek 8168/8111B PCIe Gigabit Ethernet\u003e onboard\n\nif_re.c,v 1.95.2.18 2008/04/22 (stable) causes \"re0: watchdog timeout\"\nif_re.c,v 1.95.2.3 2007/12/15 (release) causes \"re0: watchdog timeout\"\n\nI used 1.95.2.3 on 7-RELEASE before then I changed to 7-STABLE at 04/24.\n1.95.2.3 was only usable with http://people.freebsd.org/~yongari/re/re.HEAD.patch\n\nToday i found out that the release version of if_re.c 1.95.2.3 runs well on stable with the patch from last december without changing to an older version of if_rlreg.h (I use the patch only for if_re.c not for if_rlreg.h)\n\n\nverbose dmesg:\n\nCopyright (c) 1992-2008 The FreeBSD Project.\nCopyright (c) 1979, 1980, 1983, 1986, 1988, 1989, 1991, 1992, 1993, 1994\n\tThe Regents of the University of California. All rights reserved.\nFreeBSD is a registered trademark of The FreeBSD Foundation.\nFreeBSD 7.0-STABLE #3: Thu Apr 24 13:43:53 CEST 2008\n    root@hobs:/usr/obj/usr/src/sys/GENERIC\nPreloaded elf kernel \"/boot/kernel/kernel\" at 0xc163d000.\nPreloaded elf module \"/boot/kernel/snd_emu10k1.ko\" at 0xc163d188.\nPreloaded elf module \"/boot/kernel/sound.ko\" at 0xc163d238.\nPreloaded elf module \"/boot/kernel/acpi_video.ko\" at 0xc163d2e4.\nPreloaded elf module \"/boot/kernel/acpi.ko\" at 0xc163d394.\nPreloaded elf module \"/boot/modules/nvidia.ko\" at 0xc163d440.\nPreloaded elf module \"/boot/kernel/linux.ko\" at 0xc163d4ec.\nCalibrating clock(s) ... i8254 clock: 1193199 Hz\nCLK_USE_I8254_CALIBRATION not specified - using default frequency\nTimecounter \"i8254\" frequency 1193182 Hz quality 0\nCalibrating TSC clock ... TSC clock: 2669686632 Hz\nCPU: Intel(R) Core(TM)2 Duo CPU     E6750  @ 2.66GHz (2669.69-MHz 686-class CPU)\n  Origin = \"GenuineIntel\"  Id = 0x6fb  Stepping = 11\n  Features=0xbfebfbff\u003cFPU,VME,DE,PSE,TSC,MSR,PAE,MCE,CX8,APIC,SEP,MTRR,PGE,MCA,CMOV,PAT,PSE36,CLFLUSH,DTS,ACPI,MMX,FXSR,SSE,SSE2,SS,HTT,TM,PBE\u003e\n  Features2=0xe3fd\u003cSSE3,RSVD2,MON,DS_CPL,VMX,SMX,EST,TM2,SSSE3,CX16,xTPR,PDCM\u003e\n  AMD Features=0x20000000\u003cLM\u003e\n  AMD Features2=0x1\u003cLAHF\u003e\n  Cores per package: 2\n\nInstruction TLB: 4 KB Pages, 4-way set associative, 128 entries\n1st-level instruction cache: 32 KB, 8-way set associative, 64 byte line size\n1st-level data cache: 32 KB, 8-way set associative, 64 byte line size\nL2 cache: 4096 kbytes, 16-way associative, 64 bytes/line\nreal memory  = 3220897792 (3071 MB)\nPhysical memory chunk(s):\n0x0000000000001000 - 0x000000000009cfff, 638976 bytes (156 pages)\n0x0000000000100000 - 0x00000000003fffff, 3145728 bytes (768 pages)\n0x0000000001828000 - 0x00000000bc958fff, 3138588672 bytes (766257 pages)\navail memory = 3137998848 (2992 MB)\nTable 'FACP' at 0xbffb0200\nTable 'APIC' at 0xbffb0390\nMADT: Found table at 0xbffb0390\nMP Configuration Table version 1.1 found at 0xc00fc740\nAPIC: Using the MADT enumerator.\nMADT: Found CPU APIC ID 0 ACPI ID 1: enabled\nSMP: Added CPU 0 (AP)\nMADT: Found CPU APIC ID 1 ACPI ID 2: enabled\nSMP: Added CPU 1 (AP)\nMADT: Found CPU APIC ID 130 ACPI ID 3: disabled\nMADT: Found CPU APIC ID 131 ACPI ID 4: disabled\nACPI APIC Table: \u003c021908 APIC1538\u003e\nINTR: Adding local APIC 1 as a target\nFreeBSD/SMP: Multiprocessor System Detected: 2 CPUs\n cpu0 (BSP): APIC ID:  0\n cpu1 (AP): APIC ID:  1\nbios32: Found BIOS32 Service Directory header at 0xc00f0000\nbios32: Entry = 0xf0010 (c00f0010)  Rev = 0  Len = 1\npcibios: PCI BIOS entry at 0xf0000+0x31\npnpbios: Found PnP BIOS data at 0xc00f5cb0\npnpbios: Entry = f0000:6d8a  Rev = 1.0\nOther BIOS signatures found:\nAPIC: CPU 0 has ACPI ID 1\nAPIC: CPU 1 has ACPI ID 2\nULE: setup cpu group 0\nULE: setup cpu 0\nULE: adding cpu 0 to group 0: cpus 1 mask 0x1\nULE: setup cpu group 1\nULE: setup cpu 1\nULE: adding cpu 1 to group 1: cpus 1 mask 0x2\nACPI: RSDP @ 0x0xf9a90/0x0014 (v  0 ACPIAM)\nACPI: RSDT @ 0x0xbffb0000/0x0038 (v  1 021908 RSDT1538 0x20080219 MSFT 0x00000097)\nACPI: FACP @ 0x0xbffb0200/0x0084 (v  1 021908 FACP1538 0x20080219 MSFT 0x00000097)\nACPI: DSDT @ 0x0xbffb0440/0x5564 (v  1  0AAAA 0AAAA000 0x00000000 INTL 0x20051117)\nACPI: FACS @ 0x0xbffbe000/0x0040\nACPI: APIC @ 0x0xbffb0390/0x006C (v  1 021908 APIC1538 0x20080219 MSFT 0x00000097)\nACPI: MCFG @ 0x0xbffb0400/0x003C (v  1 021908 OEMMCFG  0x20080219 MSFT 0x00000097)\nACPI: OEMB @ 0x0xbffbe040/0x0071 (v  1 021908 OEMB1538 0x20080219 MSFT 0x00000097)\nACPI: GSCI @ 0x0xbffbe0c0/0x2024 (v  1 021908 GMCHSCI  0x20080219 MSFT 0x00000097)\nMADT: Found IO APIC ID 2, Interrupt 0 at 0xfec00000\nioapic0: Routing external 8259A's -\u003e intpin 0\nMADT: Interrupt override: source 0, irq 2\nioapic0: Routing IRQ 0 -\u003e intpin 2\nMADT: Interrupt override: source 9, irq 9\nioapic0: intpin 9 trigger: level\nioapic0 \u003cVersion 2.0\u003e irqs 0-23 on motherboard\ncpu0 BSP:\n     ID: 0x00000000   VER: 0x00050014 LDR: 0x00000000 DFR: 0xffffffff\n  lint0: 0x00010700 lint1: 0x00000400 TPR: 0x00000000 SVR: 0x000001ff\n  timer: 0x000100ef therm: 0x00010000 err: 0x0001000f pcm: 0x00010000\nath_rate: version 1.2 \u003cSampleRate bit-rate selection algorithm\u003e\nsnd_unit_init() u=0x00ff8000 [512] d=0x00007c00 [32] c=0x000003ff [1024]\nfeeder_register: snd_unit=-1 snd_maxautovchans=16 latency=5 feeder_buffersize=16384 feeder_rate_min=1 feeder_rate_max=2016000 feeder_rate_round=25\nwlan_amrr: \u003cAMRR Transmit Rate Control Algorithm\u003e\nwlan: \u003c802.11 Link Layer\u003e\nrandom: \u003centropy source, Software, Yarrow\u003e\nnfslock: pseudo-device\nio: \u003cI/O\u003e\nkbd: new array size 4\nkbd1 at kbdmux0\nmem: \u003cmemory\u003e\nPentium Pro MTRR support enabled\nnull: \u003cnull device, zero device\u003e\nath_hal: 0.9.20.3 (AR5210, AR5211, AR5212, RF5111, RF5112, RF2413, RF5413)\nhptrr: RocketRAID 17xx/2xxx SATA controller driver v1.2 (Apr 24 2008 13:43:42)\nnpx0: INT 16 interface\nacpi0: \u003c021908 RSDT1538\u003e on motherboard\nioapic0: routing intpin 9 (ISA IRQ 9) to vector 48\nacpi0: [MPSAFE]\nacpi0: [ITHREAD]\nacpi0: Power Button (fixed)\nacpi0: wakeup code va 0xdaaa1000 pa 0x1000\npci_open(1):\tmode 1 addr port (0x0cf8) is 0x80000090\npci_open(1a):\tmode1res=0x80000000 (0x80000000)\npci_cfgcheck:\tdevice 0 [class=060000] [hdr=00] is there (id=29c08086)\npcibios: BIOS version 3.00\nAcpiOsDerivePciId: \\\\_SB_.PCI0.SBRG.IELK.RXA0 -\u003e bus 0 dev 0 func 0\nAcpiOsDerivePciId: \\\\_SB_.PCI0.SBRG.FHR0 -\u003e bus 0 dev 31 func 0\nAcpiOsDerivePciId: \\\\_SB_.PCI0.SBRG.PIX0 -\u003e bus 0 dev 31 func 0\nacpi0: reservation of 0, a0000 (3) failed\nacpi0: reservation of 100000, bff00000 (3) failed\nACPI timer: 1/1 1/1 1/1 1/1 1/1 1/1 1/1 1/1 1/1 1/1 -\u003e 10\nTimecounter \"ACPI-fast\" frequency 3579545 Hz quality 1000\nacpi_timer0: \u003c24-bit timer at 3.579545MHz\u003e port 0x808-0x80b on acpi0\npci_link0:        Index  IRQ  Rtd  Ref  IRQs\n  Initial Probe       0   10   N     0  3 4 6 7 10 11 12 14 15\n  Validation          0   10   N     0  3 4 6 7 10 11 12 14 15\n  After Disable       0  255   N     0  3 4 6 7 10 11 12 14 15\npci_link1:        Index  IRQ  Rtd  Ref  IRQs\n  Initial Probe       0    5   N     0  5\n  Validation          0    5   N     0  5\n  After Disable       0  255   N     0  5\npci_link2:        Index  IRQ  Rtd  Ref  IRQs\n  Initial Probe       0   14   N     0  3 4 6 7 10 11 12 14 15\n  Validation          0   14   N     0  3 4 6 7 10 11 12 14 15\n  After Disable       0  255   N     0  3 4 6 7 10 11 12 14 15\npci_link3:        Index  IRQ  Rtd  Ref  IRQs\n  Initial Probe       0   11   N     0  3 4 6 7 10 11 12 14 15\n  Validation          0   11   N     0  3 4 6 7 10 11 12 14 15\n  After Disable       0  255   N     0  3 4 6 7 10 11 12 14 15\npci_link4:        Index  IRQ  Rtd  Ref  IRQs\n  Initial Probe       0  255   N     0  3 4 6 7 10 11 12 14 15\n  Validation          0  255   N     0  3 4 6 7 10 11 12 14 15\n  After Disable       0  255   N     0  3 4 6 7 10 11 12 14 15\npci_link5:        Index  IRQ  Rtd  Ref  IRQs\n  Initial Probe       0   15   N     0  3 4 6 7 10 11 12 14 15\n  Validation          0   15   N     0  3 4 6 7 10 11 12 14 15\n  After Disable       0  255   N     0  3 4 6 7 10 11 12 14 15\npci_link6:        Index  IRQ  Rtd  Ref  IRQs\n  Initial Probe       0  255   N     0  3 4 6 7 10 11 12 14 15\n  Validation          0  255   N     0  3 4 6 7 10 11 12 14 15\n  After Disable       0  255   N     0  3 4 6 7 10 11 12 14 15\npci_link7:        Index  IRQ  Rtd  Ref  IRQs\n  Initial Probe       0    3   N     0  3 4 6 7 10 11 12 14 15\n  Validation          0    3   N     0  3 4 6 7 10 11 12 14 15\n  After Disable       0  255   N     0  3 4 6 7 10 11 12 14 15\ncpu0: \u003cACPI CPU\u003e on acpi0\ncpu0: switching to generic Cx mode\nest0: \u003cEnhanced SpeedStep Frequency Control\u003e on cpu0\nest: CPU supports Enhanced Speedstep, but is not recognized.\nest: cpu_vendor GenuineIntel, msr 82a082a0600082a\ndevice_attach: est0 attach returned 6\np4tcc0: \u003cCPU Frequency Thermal Control\u003e on cpu0\ncpu1: \u003cACPI CPU\u003e on acpi0\nest1: \u003cEnhanced SpeedStep Frequency Control\u003e on cpu1\nest: CPU supports Enhanced Speedstep, but is not recognized.\nest: cpu_vendor GenuineIntel, msr 82a082a0600082a\ndevice_attach: est1 attach returned 6\np4tcc1: \u003cCPU Frequency Thermal Control\u003e on cpu1\npcib0: \u003cACPI Host-PCI bridge\u003e port 0xcf8-0xcff on acpi0\npci0: \u003cACPI PCI bus\u003e on pcib0\npci0: domain=0, physical bus=0\nfound-\u003e\tvendor=0x8086, dev=0x29c0, revid=0x02\n\tdomain=0, bus=0, slot=0, func=0\n\tclass=06-00-00, hdrtype=0x00, mfdev=0\n\tcmdreg=0x0006, statreg=0x2090, cachelnsz=0 (dwords)\n\tlattimer=0x00 (0 ns), mingnt=0x00 (0 ns), maxlat=0x00 (0 ns)\nfound-\u003e\tvendor=0x8086, dev=0x29c1, revid=0x02\n\tdomain=0, bus=0, slot=1, func=0\n\tclass=06-04-00, hdrtype=0x01, mfdev=0\n\tcmdreg=0x0107, statreg=0x0010, cachelnsz=8 (dwords)\n\tlattimer=0x00 (0 ns), mingnt=0x1a (6500 ns), maxlat=0x00 (0 ns)\n\tintpin=a, irq=10\n\tpowerspec 3  supports D0 D3  current D0\n\tMSI supports 1 message\npcib0: matched entry for 0.1.INTA\npcib0: slot 1 INTA hardwired to IRQ 16\nfound-\u003e\tvendor=0x8086, dev=0x2937, revid=0x02\n\tdomain=0, bus=0, slot=26, func=0\n\tclass=0c-03-00, hdrtype=0x00, mfdev=1\n\tcmdreg=0x0005, statreg=0x0290, cachelnsz=0 (dwords)\n\tlattimer=0x00 (0 ns), mingnt=0x00 (0 ns), maxlat=0x00 (0 ns)\n\tintpin=a, irq=10\n\tmap[20]: type I/O Port, range 32, base 0xac00, size  5, enabled\npcib0: matched entry for 0.26.INTA\npcib0: slot 26 INTA hardwired to IRQ 16\nfound-\u003e\tvendor=0x8086, dev=0x2938, revid=0x02\n\tdomain=0, bus=0, slot=26, func=1\n\tclass=0c-03-00, hdrtype=0x00, mfdev=0\n\tcmdreg=0x0005, statreg=0x0290, cachelnsz=0 (dwords)\n\tlattimer=0x00 (0 ns), mingnt=0x00 (0 ns), maxlat=0x00 (0 ns)\n\tintpin=b, irq=15\n\tmap[20]: type I/O Port, range 32, base 0xa880, size  5, enabled\npcib0: matched entry for 0.26.INTB\npcib0: slot 26 INTB hardwired to IRQ 21\nfound-\u003e\tvendor=0x8086, dev=0x293c, revid=0x02\n\tdomain=0, bus=0, slot=26, func=7\n\tclass=0c-03-20, hdrtype=0x00, mfdev=0\n\tcmdreg=0x0006, statreg=0x0290, cachelnsz=0 (dwords)\n\tlattimer=0x00 (0 ns), mingnt=0x00 (0 ns), maxlat=0x00 (0 ns)\n\tintpin=c, irq=14\n\tpowerspec 2  supports D0 D3  current D0\n\tmap[10]: type Memory, range 32, base 0xf9fffc00, size 10, enabled\npcib0: matched entry for 0.26.INTC\npcib0: slot 26 INTC hardwired to IRQ 18\nfound-\u003e\tvendor=0x8086, dev=0x2940, revid=0x02\n\tdomain=0, bus=0, slot=28, func=0\n\tclass=06-04-00, hdrtype=0x01, mfdev=1\n\tcmdreg=0x0104, statreg=0x0010, cachelnsz=8 (dwords)\n\tlattimer=0x00 (0 ns), mingnt=0x02 (500 ns), maxlat=0x00 (0 ns)\n\tintpin=a, irq=5\n\tpowerspec 2  supports D0 D3  current D0\n\tMSI supports 1 message\npcib0: matched entry for 0.28.INTA\npcib0: slot 28 INTA hardwired to IRQ 17\nfound-\u003e\tvendor=0x8086, dev=0x2948, revid=0x02\n\tdomain=0, bus=0, slot=28, func=4\n\tclass=06-04-00, hdrtype=0x01, mfdev=1\n\tcmdreg=0x0107, statreg=0x0010, cachelnsz=8 (dwords)\n\tlattimer=0x00 (0 ns), mingnt=0x02 (500 ns), maxlat=0x00 (0 ns)\n\tintpin=a, irq=5\n\tpowerspec 2  supports D0 D3  current D0\n\tMSI supports 1 message\npcib0: matched entry for 0.28.INTA\npcib0: slot 28 INTA hardwired to IRQ 17\nfound-\u003e\tvendor=0x8086, dev=0x294a, revid=0x02\n\tdomain=0, bus=0, slot=28, func=5\n\tclass=06-04-00, hdrtype=0x01, mfdev=1\n\tcmdreg=0x0107, statreg=0x0010, cachelnsz=8 (dwords)\n\tlattimer=0x00 (0 ns), mingnt=0x02 (500 ns), maxlat=0x00 (0 ns)\n\tintpin=b, irq=10\n\tpowerspec 2  supports D0 D3  current D0\n\tMSI supports 1 message\npcib0: matched entry for 0.28.INTB\npcib0: slot 28 INTB hardwired to IRQ 16\nfound-\u003e\tvendor=0x8086, dev=0x2934, revid=0x02\n\tdomain=0, bus=0, slot=29, func=0\n\tclass=0c-03-00, hdrtype=0x00, mfdev=1\n\tcmdreg=0x0005, statreg=0x0290, cachelnsz=0 (dwords)\n\tlattimer=0x00 (0 ns), mingnt=0x00 (0 ns), maxlat=0x00 (0 ns)\n\tintpin=a, irq=3\n\tmap[20]: type I/O Port, range 32, base 0xa800, size  5, enabled\npcib0: matched entry for 0.29.INTA\npcib0: slot 29 INTA hardwired to IRQ 23\nfound-\u003e\tvendor=0x8086, dev=0x2935, revid=0x02\n\tdomain=0, bus=0, slot=29, func=1\n\tclass=0c-03-00, hdrtype=0x00, mfdev=0\n\tcmdreg=0x0005, statreg=0x0290, cachelnsz=0 (dwords)\n\tlattimer=0x00 (0 ns), mingnt=0x00 (0 ns), maxlat=0x00 (0 ns)\n\tintpin=b, irq=11\n\tmap[20]: type I/O Port, range 32, base 0xa480, size  5, enabled\npcib0: matched entry for 0.29.INTB\npcib0: slot 29 INTB hardwired to IRQ 19\nfound-\u003e\tvendor=0x8086, dev=0x2936, revid=0x02\n\tdomain=0, bus=0, slot=29, func=2\n\tclass=0c-03-00, hdrtype=0x00, mfdev=0\n\tcmdreg=0x0005, statreg=0x0290, cachelnsz=0 (dwords)\n\tlattimer=0x00 (0 ns), mingnt=0x00 (0 ns), maxlat=0x00 (0 ns)\n\tintpin=c, irq=14\n\tmap[20]: type I/O Port, range 32, base 0xa400, size  5, enabled\npcib0: matched entry for 0.29.INTC\npcib0: slot 29 INTC hardwired to IRQ 18\nfound-\u003e\tvendor=0x8086, dev=0x2939, revid=0x02\n\tdomain=0, bus=0, slot=29, func=3\n\tclass=0c-03-00, hdrtype=0x00, mfdev=0\n\tcmdreg=0x0005, statreg=0x0290, cachelnsz=0 (dwords)\n\tlattimer=0x00 (0 ns), mingnt=0x00 (0 ns), maxlat=0x00 (0 ns)\n\tintpin=d, irq=10\n\tmap[20]: type I/O Port, range 32, base 0xa080, size  5, enabled\npcib0: matched entry for 0.29.INTD\npcib0: slot 29 INTD hardwired to IRQ 16\nfound-\u003e\tvendor=0x8086, dev=0x293a, revid=0x02\n\tdomain=0, bus=0, slot=29, func=7\n\tclass=0c-03-20, hdrtype=0x00, mfdev=0\n\tcmdreg=0x0006, statreg=0x0290, cachelnsz=0 (dwords)\n\tlattimer=0x00 (0 ns), mingnt=0x00 (0 ns), maxlat=0x00 (0 ns)\n\tintpin=a, irq=3\n\tpowerspec 2  supports D0 D3  current D0\n\tmap[10]: type Memory, range 32, base 0xf9fff800, size 10, enabled\npcib0: matched entry for 0.29.INTA\npcib0: slot 29 INTA hardwired to IRQ 23\nfound-\u003e\tvendor=0x8086, dev=0x244e, revid=0x92\n\tdomain=0, bus=0, slot=30, func=0\n\tclass=06-04-01, hdrtype=0x01, mfdev=0\n\tcmdreg=0x0105, statreg=0x0010, cachelnsz=0 (dwords)\n\tlattimer=0x00 (0 ns), mingnt=0x02 (500 ns), maxlat=0x00 (0 ns)\nfound-\u003e\tvendor=0x8086, dev=0x2918, revid=0x02\n\tdomain=0, bus=0, slot=31, func=0\n\tclass=06-01-00, hdrtype=0x00, mfdev=1\n\tcmdreg=0x0007, statreg=0x0210, cachelnsz=0 (dwords)\n\tlattimer=0x00 (0 ns), mingnt=0x00 (0 ns), maxlat=0x00 (0 ns)\nfound-\u003e\tvendor=0x8086, dev=0x2921, revid=0x02\n\tdomain=0, bus=0, slot=31, func=2\n\tclass=01-01-8f, hdrtype=0x00, mfdev=0\n\tcmdreg=0x0007, statreg=0x02b0, cachelnsz=0 (dwords)\n\tlattimer=0x00 (0 ns), mingnt=0x00 (0 ns), maxlat=0x00 (0 ns)\n\tintpin=b, irq=11\n\tpowerspec 3  supports D0 D3  current D0\n\tmap[10]: type I/O Port, range 32, base 0xa000, size  3, enabled\n\tmap[14]: type I/O Port, range 32, base 0x9c00, size  2, enabled\n\tmap[18]: type I/O Port, range 32, base 0x9880, size  3, enabled\n\tmap[1c]: type I/O Port, range 32, base 0x9800, size  2, enabled\n\tmap[20]: type I/O Port, range 32, base 0x9480, size  4, enabled\n\tmap[24]: type I/O Port, range 32, base 0x9400, size  4, enabled\npcib0: matched entry for 0.31.INTB\npcib0: slot 31 INTB hardwired to IRQ 19\nfound-\u003e\tvendor=0x8086, dev=0x2930, revid=0x02\n\tdomain=0, bus=0, slot=31, func=3\n\tclass=0c-05-00, hdrtype=0x00, mfdev=0\n\tcmdreg=0x0003, statreg=0x0280, cachelnsz=0 (dwords)\n\tlattimer=0x00 (0 ns), mingnt=0x00 (0 ns), maxlat=0x00 (0 ns)\n\tintpin=c, irq=11\n\tmap[10]: type Memory, range 64, base 0xf9fff400, size  8, enabled\n\tmap[20]: type I/O Port, range 32, base 0x400, size  5, enabled\npcib0: matched entry for 0.31.INTC\npcib0: slot 31 INTC hardwired to IRQ 18\nfound-\u003e\tvendor=0x8086, dev=0x2926, revid=0x02\n\tdomain=0, bus=0, slot=31, func=5\n\tclass=01-01-85, hdrtype=0x00, mfdev=0\n\tcmdreg=0x0007, statreg=0x02b0, cachelnsz=0 (dwords)\n\tlattimer=0x00 (0 ns), mingnt=0x00 (0 ns), maxlat=0x00 (0 ns)\n\tintpin=b, irq=11\n\tpowerspec 3  supports D0 D3  current D0\n\tmap[10]: type I/O Port, range 32, base 0x9000, size  3, enabled\n\tmap[14]: type I/O Port, range 32, base 0x8c00, size  2, enabled\n\tmap[18]: type I/O Port, range 32, base 0x8880, size  3, enabled\n\tmap[1c]: type I/O Port, range 32, base 0x8800, size  2, enabled\n\tmap[20]: type I/O Port, range 32, base 0x8480, size  4, enabled\n\tmap[24]: type I/O Port, range 32, base 0x8400, size  4, enabled\npcib0: matched entry for 0.31.INTB\npcib0: slot 31 INTB hardwired to IRQ 19\npcib1: \u003cACPI PCI-PCI bridge\u003e irq 16 at device 1.0 on pci0\npcib1:   domain            0\npcib1:   secondary bus     1\npcib1:   subordinate bus   1\npcib1:   I/O decode        0xb000-0xbfff\npcib1:   memory decode     0xfa000000-0xfe9fffff\npcib1:   prefetched decode 0xd0000000-0xdfffffff\npcib1: could not get PCI interrupt routing table for \\\\_SB_.PCI0.P0P2 - AE_NOT_FOUND\npci1: \u003cACPI PCI bus\u003e on pcib1\npci1: domain=0, physical bus=1\nfound-\u003e\tvendor=0x10de, dev=0x0611, revid=0xa2\n\tdomain=0, bus=1, slot=0, func=0\n\tclass=03-00-00, hdrtype=0x00, mfdev=0\n\tcmdreg=0x0007, statreg=0x0010, cachelnsz=8 (dwords)\n\tlattimer=0x00 (0 ns), mingnt=0x00 (0 ns), maxlat=0x00 (0 ns)\n\tintpin=a, irq=10\n\tpowerspec 3  supports D0 D3  current D0\n\tMSI supports 1 message, 64 bit\n\tmap[10]: type Memory, range 32, base 0xfd000000, size 24, enabled\npcib1: requested memory range 0xfd000000-0xfdffffff: good\n\tmap[14]: type Prefetchable Memory, range 64, base 0xd0000000, size 28, enabled\npcib1: requested memory range 0xd0000000-0xdfffffff: good\n\tmap[1c]: type Memory, range 64, base 0xfa000000, size 25, enabled\npcib1: requested memory range 0xfa000000-0xfbffffff: good\n\tmap[24]: type I/O Port, range 32, base 0xbc00, size  7, enabled\npcib1: requested I/O range 0xbc00-0xbc7f: in range\npcib0: matched entry for 0.1.INTA\npcib0: slot 1 INTA hardwired to IRQ 16\npcib1: slot 0 INTA is routed to irq 16\nnvidia0: \u003cGeForce 8800 GT\u003e port 0xbc00-0xbc7f mem 0xfd000000-0xfdffffff,0xd0000000-0xdfffffff,0xfa000000-0xfbffffff irq 16 at device 0.0 on pci1\nnvidia0: Reserved 0x1000000 bytes for rid 0x10 type 3 at 0xfd000000\nnvidia0: Reserved 0x10000000 bytes for rid 0x14 type 3 at 0xd0000000\nnvidia0: Reserved 0x2000000 bytes for rid 0x1c type 3 at 0xfa000000\nioapic0: routing intpin 16 (PCI IRQ 16) to vector 49\nnvidia0: [GIANT-LOCKED]\nnvidia0: [ITHREAD]\nuhci0: \u003cUHCI (generic) USB controller\u003e port 0xac00-0xac1f irq 16 at device 26.0 on pci0\nuhci0: Reserved 0x20 bytes for rid 0x20 type 4 at 0xac00\nuhci0: [GIANT-LOCKED]\nuhci0: [ITHREAD]\nusb0: \u003cUHCI (generic) USB controller\u003e on uhci0\nusb0: USB revision 1.0\nuhub0: \u003cIntel UHCI root hub, class 9/0, rev 1.00/1.00, addr 1\u003e on usb0\nuhub0: 2 ports with 2 removable, self powered\nuhci1: \u003cUHCI (generic) USB controller\u003e port 0xa880-0xa89f irq 21 at device 26.1 on pci0\nuhci1: Reserved 0x20 bytes for rid 0x20 type 4 at 0xa880\nioapic0: routing intpin 21 (PCI IRQ 21) to vector 50\nuhci1: [GIANT-LOCKED]\nuhci1: [ITHREAD]\nusb1: \u003cUHCI (generic) USB controller\u003e on uhci1\nusb1: USB revision 1.0\nuhub1: \u003cIntel UHCI root hub, class 9/0, rev 1.00/1.00, addr 1\u003e on usb1\nuhub1: 2 ports with 2 removable, self powered\nehci0: \u003cEHCI (generic) USB 2.0 controller\u003e mem 0xf9fffc00-0xf9ffffff irq 18 at device 26.7 on pci0\nehci0: Reserved 0x400 bytes for rid 0x10 type 3 at 0xf9fffc00\nioapic0: routing intpin 18 (PCI IRQ 18) to vector 51\nehci0: [GIANT-LOCKED]\nehci0: [ITHREAD]\nusb2: EHCI version 1.0\nusb2: companion controllers, 2 ports each: usb0 usb1\nusb2: \u003cEHCI (generic) USB 2.0 controller\u003e on ehci0\nusb2: USB revision 2.0\nuhub2: \u003cIntel EHCI root hub, class 9/0, rev 2.00/1.00, addr 1\u003e on usb2\nuhub2: 4 ports with 4 removable, self powered\npcib2: \u003cACPI PCI-PCI bridge\u003e irq 17 at device 28.0 on pci0\npcib2:   domain            0\npcib2:   secondary bus     2\npcib2:   subordinate bus   2\npcib2:   I/O decode        0x0-0x0\npcib2:   no prefetched decode\npci2: \u003cACPI PCI bus\u003e on pcib2\npci2: domain=0, physical bus=2\npcib3: \u003cACPI PCI-PCI bridge\u003e irq 17 at device 28.4 on pci0\npcib3:   domain            0\npcib3:   secondary bus     3\npcib3:   subordinate bus   3\npcib3:   I/O decode        0xc000-0xcfff\npcib3:   memory decode     0xfea00000-0xfeafffff\npcib3:   no prefetched decode\npci3: \u003cACPI PCI bus\u003e on pcib3\npci3: domain=0, physical bus=3\nfound-\u003e\tvendor=0x11ab, dev=0x6121, revid=0xb2\n\tdomain=0, bus=3, slot=0, func=0\n\tclass=01-01-8f, hdrtype=0x00, mfdev=0\n\tcmdreg=0x0007, statreg=0x0010, cachelnsz=8 (dwords)\n\tlattimer=0x00 (0 ns), mingnt=0x00 (0 ns), maxlat=0x00 (0 ns)\n\tintpin=a, irq=10\n\tpowerspec 2  supports D0 D1 D3  current D0\n\tMSI supports 1 message\n\tmap[10]: type I/O Port, range 32, base 0xcc00, size  3, enabled\npcib3: requested I/O range 0xcc00-0xcc07: in range\n\tmap[14]: type I/O Port, range 32, base 0xc880, size  2, enabled\npcib3: requested I/O range 0xc880-0xc883: in range\n\tmap[18]: type I/O Port, range 32, base 0xc800, size  3, enabled\npcib3: requested I/O range 0xc800-0xc807: in range\n\tmap[1c]: type I/O Port, range 32, base 0xc480, size  2, enabled\npcib3: requested I/O range 0xc480-0xc483: in range\n\tmap[20]: type I/O Port, range 32, base 0xc400, size  4, enabled\npcib3: requested I/O range 0xc400-0xc40f: in range\n\tmap[24]: type Memory, range 32, base 0xfeaffc00, size 10, enabled\npcib3: requested memory range 0xfeaffc00-0xfeafffff: good\npcib3: matched entry for 3.0.INTA\npcib3: slot 0 INTA hardwired to IRQ 16\natapci0: \u003cMarvell ATA controller\u003e port 0xcc00-0xcc07,0xc880-0xc883,0xc800-0xc807,0xc480-0xc483,0xc400-0xc40f mem 0xfeaffc00-0xfeafffff irq 16 at device 0.0 on pci3\natapci0: Reserved 0x10 bytes for rid 0x20 type 4 at 0xc400\natapci0: [MPSAFE]\natapci0: [ITHREAD]\nata2: \u003cATA channel 0\u003e on atapci0\natapci0: Reserved 0x8 bytes for rid 0x10 type 4 at 0xcc00\natapci0: Reserved 0x4 bytes for rid 0x14 type 4 at 0xc880\nata2: reset tp1 mask=03 ostat0=50 ostat1=50\nata2: stat0=0x50 err=0x01 lsb=0x00 msb=0x00\nata2: stat1=0x00 err=0x01 lsb=0x14 msb=0xeb\nata2: reset tp2 stat0=50 stat1=00 devices=0x9\u003cATAPI_SLAVE,ATA_MASTER\u003e\nata2: [MPSAFE]\nata2: [ITHREAD]\nata3: \u003cATA channel 1\u003e on atapci0\natapci0: Reserved 0x8 bytes for rid 0x18 type 4 at 0xc800\natapci0: Reserved 0x4 bytes for rid 0x1c type 4 at 0xc480\nata3: reset tp1 mask=03 ostat0=7f ostat1=7f\nata3: stat0=0x7f err=0xff lsb=0xff msb=0xff\nata3: stat0=0x7f err=0xff lsb=0xff msb=0xff\nata3: stat0=0x7f err=0xff lsb=0xff msb=0xff\nata3: stat0=0x7f err=0xff lsb=0xff msb=0xff\nata3: stat0=0x7f err=0xff lsb=0xff msb=0xff\nata3: stat0=0x7f err=0xff lsb=0xff msb=0xff\nata3: stat0=0x7f err=0xff lsb=0xff msb=0xff\nata3: stat0=0x7f err=0xff lsb=0xff msb=0xff\nata3: stat0=0x7f err=0xff lsb=0xff msb=0xff\nata3: stat0=0x7f err=0xff lsb=0xff msb=0xff\nata3: stat0=0x7f err=0xff lsb=0xff msb=0xff\nata3: stat0=0x7f err=0xff lsb=0xff msb=0xff\nata3: stat0=0x7f err=0xff lsb=0xff msb=0xff\nata3: stat0=0x7f err=0xff lsb=0xff msb=0xff\nata3: stat0=0x7f err=0xff lsb=0xff msb=0xff\nata3: stat0=0x7f err=0xff lsb=0xff msb=0xff\nata3: stat0=0x7f err=0xff lsb=0xff msb=0xff\nata3: stat0=0x7f err=0xff lsb=0xff msb=0xff\nata3: stat0=0x7f err=0xff lsb=0xff msb=0xff\nata3: stat0=0x7f err=0xff lsb=0xff msb=0xff\nata3: stat0=0x7f err=0xff lsb=0xff msb=0xff\nata3: stat0=0x7f err=0xff lsb=0xff msb=0xff\nata3: stat1=0x7f err=0xff lsb=0xff msb=0xff\nata3: reset tp2 stat0=ff stat1=ff devices=0x0\nata3: [MPSAFE]\nata3: [ITHREAD]\npcib4: \u003cACPI PCI-PCI bridge\u003e irq 16 at device 28.5 on pci0\npcib4:   domain            0\npcib4:   secondary bus     4\npcib4:   subordinate bus   4\npcib4:   I/O decode        0xd000-0xdfff\npcib4:   memory decode     0xfeb00000-0xfebfffff\npcib4:   no prefetched decode\npci4: \u003cACPI PCI bus\u003e on pcib4\npci4: domain=0, physical bus=4\nfound-\u003e\tvendor=0x10ec, dev=0x8168, revid=0x01\n\tdomain=0, bus=4, slot=0, func=0\n\tclass=02-00-00, hdrtype=0x00, mfdev=0\n\tcmdreg=0x0007, statreg=0x0010, cachelnsz=8 (dwords)\n\tlattimer=0x00 (0 ns), mingnt=0x00 (0 ns), maxlat=0x00 (0 ns)\n\tintpin=a, irq=5\n\tpowerspec 2  supports D0 D1 D2 D3  current D0\n\tMSI supports 2 messages, 64 bit\n\tmap[10]: type I/O Port, range 32, base 0xd800, size  8, enabled\npcib4: requested I/O range 0xd800-0xd8ff: in range\n\tmap[18]: type Memory, range 64, base 0xfebff000, size 12, enabled\npcib4: requested memory range 0xfebff000-0xfebfffff: good\npcib4: matched entry for 4.0.INTA\npcib4: slot 0 INTA hardwired to IRQ 17\nre0: \u003cRealTek 8168/8111B PCIe Gigabit Ethernet\u003e port 0xd800-0xd8ff mem 0xfebff000-0xfebfffff irq 17 at device 0.0 on pci4\nre0: Reserved 0x100 bytes for rid 0x10 type 4 at 0xd800\nre0: MSI count : 2\nmiibus0: \u003cMII bus\u003e on re0\nrgephy0: \u003cRTL8169S/8110S/8211B media interface\u003e PHY 1 on miibus0\nrgephy0:  10baseT, 10baseT-FDX, 100baseTX, 100baseTX-FDX, 1000baseT, 1000baseT-FDX, auto\nre0: bpf attached\nre0: Ethernet address: 00:19:db:cd:a3:46\nioapic0: routing intpin 17 (PCI IRQ 17) to vector 52\nre0: [MPSAFE]\nre0: [FILTER]\nuhci2: \u003cUHCI (generic) USB controller\u003e port 0xa800-0xa81f irq 23 at device 29.0 on pci0\nuhci2: Reserved 0x20 bytes for rid 0x20 type 4 at 0xa800\nioapic0: routing intpin 23 (PCI IRQ 23) to vector 53\nuhci2: [GIANT-LOCKED]\nuhci2: [ITHREAD]\nusb3: \u003cUHCI (generic) USB controller\u003e on uhci2\nusb3: USB revision 1.0\nuhub3: \u003cIntel UHCI root hub, class 9/0, rev 1.00/1.00, addr 1\u003e on usb3\nuhub3: 2 ports with 2 removable, self powered\nuhci3: \u003cUHCI (generic) USB controller\u003e port 0xa480-0xa49f irq 19 at device 29.1 on pci0\nuhci3: Reserved 0x20 bytes for rid 0x20 type 4 at 0xa480\nioapic0: routing intpin 19 (PCI IRQ 19) to vector 54\nuhci3: [GIANT-LOCKED]\nuhci3: [ITHREAD]\nusb4: \u003cUHCI (generic) USB controller\u003e on uhci3\nusb4: USB revision 1.0\nuhub4: \u003cIntel UHCI root hub, class 9/0, rev 1.00/1.00, addr 1\u003e on usb4\nuhub4: 2 ports with 2 removable, self powered\nuhci4: \u003cUHCI (generic) USB controller\u003e port 0xa400-0xa41f irq 18 at device 29.2 on pci0\nuhci4: Reserved 0x20 bytes for rid 0x20 type 4 at 0xa400\nuhci4: [GIANT-LOCKED]\nuhci4: [ITHREAD]\nusb5: \u003cUHCI (generic) USB controller\u003e on uhci4\nusb5: USB revision 1.0\nuhub5: \u003cIntel UHCI root hub, class 9/0, rev 1.00/1.00, addr 1\u003e on usb5\nuhub5: 2 ports with 2 removable, self powered\nuhci5: \u003cUHCI (generic) USB controller\u003e port 0xa080-0xa09f irq 16 at device 29.3 on pci0\nuhci5: Reserved 0x20 bytes for rid 0x20 type 4 at 0xa080\nuhci5: [GIANT-LOCKED]\nuhci5: [ITHREAD]\nusb6: \u003cUHCI (generic) USB controller\u003e on uhci5\nusb6: USB revision 1.0\nuhub6: \u003cIntel UHCI root hub, class 9/0, rev 1.00/1.00, addr 1\u003e on usb6\nuhub6: 2 ports with 2 removable, self powered\nehci1: \u003cEHCI (generic) USB 2.0 controller\u003e mem 0xf9fff800-0xf9fffbff irq 23 at device 29.7 on pci0\nehci1: Reserved 0x400 bytes for rid 0x10 type 3 at 0xf9fff800\nehci1: [GIANT-LOCKED]\nehci1: [ITHREAD]\nusb7: EHCI version 1.0\nusb7: companion controllers, 2 ports each: usb3 usb4 usb5 usb6\nusb7: \u003cEHCI (generic) USB 2.0 controller\u003e on ehci1\nusb7: USB revision 2.0\nuhub7: \u003cIntel EHCI root hub, class 9/0, rev 2.00/1.00, addr 1\u003e on usb7\nuhub7: 8 ports with 8 removable, self powered\npcib5: \u003cACPI PCI-PCI bridge\u003e at device 30.0 on pci0\npcib5:   domain            0\npcib5:   secondary bus     5\npcib5:   subordinate bus   5\npcib5:   I/O decode        0xe000-0xefff\npcib5:   no prefetched decode\npcib5:   Subtractively decoded bridge.\npci5: \u003cACPI PCI bus\u003e on pcib5\npci5: domain=0, physical bus=5\nfound-\u003e\tvendor=0x1102, dev=0x0002, revid=0x08\n\tdomain=0, bus=5, slot=1, func=0\n\tclass=04-01-00, hdrtype=0x00, mfdev=1\n\tcmdreg=0x0005, statreg=0x0290, cachelnsz=0 (dwords)\n\tlattimer=0x40 (1920 ns), mingnt=0x02 (500 ns), maxlat=0x14 (5000 ns)\n\tintpin=a, irq=5\n\tpowerspec 1  supports D0 D1 D2 D3  current D0\n\tmap[10]: type I/O Port, range 32, base 0xec00, size  5, enabled\npcib5: requested I/O range 0xec00-0xec1f: in range\npcib5: matched entry for 5.1.INTA\npcib5: slot 1 INTA hardwired to IRQ 17\nfound-\u003e\tvendor=0x1102, dev=0x7002, revid=0x08\n\tdomain=0, bus=5, slot=1, func=1\n\tclass=09-80-00, hdrtype=0x00, mfdev=1\n\tcmdreg=0x0005, statreg=0x0290, cachelnsz=0 (dwords)\n\tlattimer=0x40 (1920 ns), mingnt=0x00 (0 ns), maxlat=0x00 (0 ns)\n\tpowerspec 1  supports D0 D1 D2 D3  current D0\n\tmap[10]: type I/O Port, range 32, base 0xe880, size  3, enabled\npcib5: requested I/O range 0xe880-0xe887: in range\npcm0: \u003cCreative EMU10K1\u003e port 0xec00-0xec1f irq 17 at device 1.0 on pci5\npcm0: Reserved 0x20 bytes for rid 0x10 type 4 at 0xec00\nemu: setmap (1edb000, 800), nseg=1, error=0\nemu: setmap (1edc000, 1000), nseg=1, error=0\npcm0: \u003cTriTech TR28602 AC97 Codec (id = 0x54524123)\u003e\npcm0: Codec features 5 bit master volume, no 3D Stereo Enhancement\npcm0: ac97 codec dac ready count: 0\npcm0: Mixer \"vol\":\npcm0: Mixer \"pcm\":\npcm0: Mixer \"speaker\":\npcm0: Mixer \"line\":\npcm0: Mixer \"mic\":\npcm0: Mixer \"cd\":\npcm0: Mixer \"rec\":\npcm0: Mixer \"igain\":\npcm0: Mixer \"line1\":\npcm0: Mixer \"phin\":\npcm0: Mixer \"phout\":\npcm0: Mixer \"video\":\npcm0: [MPSAFE]\npcm0: [ITHREAD]\npcm0: clone manager: deadline=750ms flags=0x8000001e\nemu: setmap (1ee9000, 1000), nseg=1, error=0\nemu: setmap (1eea000, 1000), nseg=1, error=0\nemu: setmap (1eeb000, 1000), nseg=1, error=0\nemu: setmap (1eec000, 1000), nseg=1, error=0\npcm0: sndbuf_setmap 1eed000, 1000; 0xe726c000 -\u003e 1eed000\npcm0: sndbuf_setmap 1eee000, 1000; 0xe726d000 -\u003e 1eee000\nisab0: \u003cPCI-ISA bridge\u003e at device 31.0 on pci0\nisa0: \u003cISA bus\u003e on isab0\natapci1: \u003cIntel ICH9 SATA300 controller\u003e port 0xa000-0xa007,0x9c00-0x9c03,0x9880-0x9887,0x9800-0x9803,0x9480-0x948f,0x9400-0x940f irq 19 at device 31.2 on pci0\natapci1: Reserved 0x10 bytes for rid 0x20 type 4 at 0x9480\natapci1: [MPSAFE]\natapci1: [ITHREAD]\natapci1: Reserved 0x10 bytes for rid 0x24 type 4 at 0x9400\nata4: \u003cATA channel 0\u003e on atapci1\natapci1: Reserved 0x8 bytes for rid 0x10 type 4 at 0xa000\natapci1: Reserved 0x4 bytes for rid 0x14 type 4 at 0x9c00\nata4: reset tp1 mask=03 ostat0=50 ostat1=00\nata4: stat0=0x50 err=0x01 lsb=0x00 msb=0x00\nata4: stat1=0x00 err=0x01 lsb=0x00 msb=0x00\nata4: reset tp2 stat0=50 stat1=00 devices=0x1\u003cATA_MASTER\u003e\nata4: [MPSAFE]\nata4: [ITHREAD]\nata5: \u003cATA channel 1\u003e on atapci1\natapci1: Reserved 0x8 bytes for rid 0x18 type 4 at 0x9880\natapci1: Reserved 0x4 bytes for rid 0x1c type 4 at 0x9800\nata5: reset tp1 mask=03 ostat0=50 ostat1=00\nata5: stat0=0x50 err=0x01 lsb=0x00 msb=0x00\nata5: stat1=0x00 err=0x01 lsb=0x00 msb=0x00\nata5: reset tp2 stat0=50 stat1=00 devices=0x1\u003cATA_MASTER\u003e\nata5: [MPSAFE]\nata5: [ITHREAD]\npci0: \u003cserial bus, SMBus\u003e at device 31.3 (no driver attached)\natapci2: \u003cIntel ICH9 SATA300 controller\u003e port 0x9000-0x9007,0x8c00-0x8c03,0x8880-0x8887,0x8800-0x8803,0x8480-0x848f,0x8400-0x840f irq 19 at device 31.5 on pci0\natapci2: Reserved 0x10 bytes for rid 0x20 type 4 at 0x8480\natapci2: [MPSAFE]\natapci2: [ITHREAD]\natapci2: Reserved 0x10 bytes for rid 0x24 type 4 at 0x8400\nata6: \u003cATA channel 0\u003e on atapci2\natapci2: Reserved 0x8 bytes for rid 0x10 type 4 at 0x9000\natapci2: Reserved 0x4 bytes for rid 0x14 type 4 at 0x8c00\nata6: reset tp1 mask=03 ostat0=7f ostat1=7f\nata6: stat0=0x7f err=0xff lsb=0xff msb=0xff\nata6: stat0=0x7f err=0xff lsb=0xff msb=0xff\nata6: stat0=0x7f err=0xff lsb=0xff msb=0xff\nata6: stat0=0x7f err=0xff lsb=0xff msb=0xff\nata6: stat0=0x7f err=0xff lsb=0xff msb=0xff\nata6: stat0=0x7f err=0xff lsb=0xff msb=0xff\nata6: stat0=0x7f err=0xff lsb=0xff msb=0xff\nata6: stat0=0x7f err=0xff lsb=0xff msb=0xff\nata6: stat0=0x7f err=0xff lsb=0xff msb=0xff\nata6: stat0=0x7f err=0xff lsb=0xff msb=0xff\nata6: stat0=0x7f err=0xff lsb=0xff msb=0xff\nata6: stat0=0x7f err=0xff lsb=0xff msb=0xff\nata6: stat0=0x7f err=0xff lsb=0xff msb=0xff\nata6: stat0=0x7f err=0xff lsb=0xff msb=0xff\nata6: stat0=0x7f err=0xff lsb=0xff msb=0xff\nata6: stat0=0x7f err=0xff lsb=0xff msb=0xff\nata6: stat0=0x7f err=0xff lsb=0xff msb=0xff\nata6: stat0=0x7f err=0xff lsb=0xff msb=0xff\nata6: stat0=0x7f err=0xff lsb=0xff msb=0xff\nata6: stat0=0x7f err=0xff lsb=0xff msb=0xff\nata6: stat0=0x7f err=0xff lsb=0xff msb=0xff\nata6: stat0=0x7f err=0xff lsb=0xff msb=0xff\nata6: stat1=0x7f err=0xff lsb=0xff msb=0xff\nata6: reset tp2 stat0=ff stat1=ff devices=0x0\nata6: [MPSAFE]\nata6: [ITHREAD]\nata7: \u003cATA channel 1\u003e on atapci2\natapci2: Reserved 0x8 bytes for rid 0x18 type 4 at 0x8880\natapci2: Reserved 0x4 bytes for rid 0x1c type 4 at 0x8800\nata7: reset tp1 mask=03 ostat0=7f ostat1=7f\nata7: stat0=0x7f err=0xff lsb=0xff msb=0xff\nata7: stat0=0x7f err=0xff lsb=0xff msb=0xff\nata7: stat0=0x7f err=0xff lsb=0xff msb=0xff\nata7: stat0=0x7f err=0xff lsb=0xff msb=0xff\nata7: stat0=0x7f err=0xff lsb=0xff msb=0xff\nata7: stat0=0x7f err=0xff lsb=0xff msb=0xff\nata7: stat0=0x7f err=0xff lsb=0xff msb=0xff\nata7: stat0=0x7f err=0xff lsb=0xff msb=0xff\nata7: stat0=0x7f err=0xff lsb=0xff msb=0xff\nata7: stat0=0x7f err=0xff lsb=0xff msb=0xff\nata7: stat0=0x7f err=0xff lsb=0xff msb=0xff\nata7: stat0=0x7f err=0xff lsb=0xff msb=0xff\nata7: stat0=0x7f err=0xff lsb=0xff msb=0xff\nata7: stat0=0x7f err=0xff lsb=0xff msb=0xff\nata7: stat0=0x7f err=0xff lsb=0xff msb=0xff\nata7: stat0=0x7f err=0xff lsb=0xff msb=0xff\nata7: stat0=0x7f err=0xff lsb=0xff msb=0xff\nata7: stat0=0x7f err=0xff lsb=0xff msb=0xff\nata7: stat0=0x7f err=0xff lsb=0xff msb=0xff\nata7: stat0=0x7f err=0xff lsb=0xff msb=0xff\nata7: stat0=0x7f err=0xff lsb=0xff msb=0xff\nata7: stat0=0x7f err=0xff lsb=0xff msb=0xff\nata7: stat1=0x7f err=0xff lsb=0xff msb=0xff\nata7: reset tp2 stat0=ff stat1=ff devices=0x0\nata7: [MPSAFE]\nata7: [ITHREAD]\nacpi_button0: \u003cPower Button\u003e on acpi0\nsio0: configured irq 4 not in bitmap of probed irqs 0\nsio0: port may not be enabled\nsio0: irq maps: 0 0 0 0\nsio0: configured irq 4 not in bitmap of probed irqs 0\nsio0: port may not be enabled\nsio0: irq maps: 0 0 0 0\nsio0: \u003c16550A-compatible COM port\u003e port 0x3f8-0x3ff irq 4 flags 0x10 on acpi0\nsio0: type 16550A\nioapic0: routing intpin 4 (ISA IRQ 4) to vector 55\nsio0: [FILTER]\nfdc0: \u003cfloppy drive controller (FDE)\u003e port 0x3f0-0x3f5,0x3f7 irq 6 drq 2 on acpi0\nfdc0: ic_type 90 part_id 80\nioapic0: routing intpin 6 (ISA IRQ 6) to vector 56\nfdc0: [FILTER]\nfd0: \u003c1440-KB 3.5\" drive\u003e on fdc0 drive 0\nunknown: status reg test failed ff\nunknown: status reg test failed ff\nunknown: status reg test failed ff\nunknown: status reg test failed ff\nunknown: status reg test failed ff\nunknown: status reg test failed ff\nex_isa_identify()\nahc_isa_probe 8: ioport 0x8c00 alloc failed\nahc_isa_probe 9: ioport 0x9c00 alloc failed\nahc_isa_probe 10: ioport 0xac00 alloc failed\nahc_isa_probe 11: ioport 0xbc00 alloc failed\nahc_isa_probe 12: ioport 0xcc00 alloc failed\nahc_isa_probe 14: ioport 0xec00 alloc failed\nfdc: fdc0 already exists; skipping it\nsio: sio0 already exists; skipping it\npnp_identify: Trying Read_Port at 203\npnp_identify: Trying Read_Port at 243\npnp_identify: Trying Read_Port at 283\npnp_identify: Trying Read_Port at 2c3\npnp_identify: Trying Read_Port at 303\npnp_identify: Trying Read_Port at 343\npnp_identify: Trying Read_Port at 383\npnp_identify: Trying Read_Port at 3c3\nPNP Identify complete\nsc: sc0 already exists; skipping it\nvga: vga0 already exists; skipping it\nisa_probe_children: disabling PnP devices\nisa_probe_children: probing non-PnP devices\npmtimer0 on isa0\norm0: \u003cISA Option ROM\u003e at iomem 0xcd000-0xcf7ff pnpid ORM0000 on isa0\nadv0: not probed (disabled)\naha0: not probed (disabled)\naic0: not probed (disabled)\nata0 at port 0x1f0-0x1f7,0x3f6 irq 14 on isa0\nata0: reset tp1 mask=00 ostat0=ff ostat1=ff\nioapic0: routing intpin 14 (ISA IRQ 14) to vector 57\nata0: [MPSAFE]\nata0: [ITHREAD]\nata1 at port 0x170-0x177,0x376 irq 15 on isa0\nata1: reset tp1 mask=00 ostat0=ff ostat1=ff\nioapic0: routing intpin 15 (ISA IRQ 15) to vector 58\nata1: [MPSAFE]\nata1: [ITHREAD]\natkbdc0: \u003cKeyboard controller (i8042)\u003e at port 0x60,0x64 on isa0\natkbd0: \u003cAT Keyboard\u003e irq 1 on atkbdc0\nkbd0 at atkbd0\natkbd: the current kbd controller command byte 0047\natkbd: keyboard ID 0xffffffff (1)\natkbd: failed to reset the keyboard.\nkbd0: atkbd0, AT 84 (1), config:0x0, flags:0x3d0000\nioapic0: routing intpin 1 (ISA IRQ 1) to vector 59\natkbd0: [GIANT-LOCKED]\natkbd0: [ITHREAD]\npsm0: current command byte:0047\npsm0: failed to reset the aux device.\nbt0: not probed (disabled)\ncs0: not probed (disabled)\ned0: not probed (disabled)\nfe0: not probed (disabled)\nie0: not probed (disabled)\nle0: not probed (disabled)\nppc0: parallel port not found.\nppc0: \u003cParallel port\u003e failed to probe at irq 7 on isa0\nsc0: \u003cSystem console\u003e at flags 0x100 on isa0\nsc0: VGA \u003c16 virtual consoles, flags=0x300\u003e\nsc0: fb0, kbd1, terminal emulator: sc (syscons terminal)\nsio1: configured irq 3 not in bitmap of probed irqs 0\nsio1: port may not be enabled\nsio1: irq maps: 0 0 0 0\nsio1: probe failed test(s): 0 1 2 4 6 7 9\nsio1 failed to probe at port 0x2f8-0x2ff irq 3 on isa0\nsio2: not probed (disabled)\nsio3: not probed (disabled)\nsn0: not probed (disabled)\nvga0: \u003cGeneric ISA VGA\u003e at port 0x3c0-0x3df iomem 0xa0000-0xbffff on isa0\nvt0: not probed (disabled)\nisa_probe_children: probing PnP devices\nDevice configuration finished.\nReducing kern.maxvnodes 197959 -\u003e 100000\nprocfs registered\nlapic: Divisor 2, Frequency 166855425 hz\nTimecounter \"TSC\" frequency 2669686632 Hz quality -100\nTimecounters tick every 1.000 msec\nLinux ELF exec handler installed\nlo0: bpf attached\nhptrr: no controller detected.\nata4-master: pio=PIO4 wdma=WDMA2 udma=UDMA133 cable=40 wire\nad8: 239372MB \u003cMaxtor 7V250F0 VA111900\u003e at ata4-master SATA300\nad8: 490234752 sectors [486344C/16H/63S] 16 sectors/interrupt 1 depth queue\nad8: Intel check1 failed\nad8: Adaptec check1 failed\nad8: LSI (v3) check1 failed\nad8: LSI (v2) check1 failed\nad8: FreeBSD check1 failed\nata5-master: pio=PIO4 wdma=WDMA2 udma=UDMA133 cable=40 wire\nad10: 239372MB \u003cMaxtor 7V250F0 VA111900\u003e at ata5-master SATA300\nad10: 490234752 sectors [486344C/16H/63S] 16 sectors/interrupt 1 depth queue\nad10: Intel check1 failed\nad10: Adaptec check1 failed\nad10: LSI (v3) check1 failed\nad10: LSI (v2) check1 failed\nad10: FreeBSD check1 failed\nATA PseudoRAID loaded\nSMP: AP CPU #1 Launched!\ncpu1 AP:\n     ID: 0x01000000   VER: 0x00050014 LDR: 0x00000000 DFR: 0xffffffff\n  lint0: 0x00010700 lint1: 0x00000400 TPR: 0x00000000 SVR: 0x000001ff\n  timer: 0x000200ef therm: 0x00010000 err: 0x00010000 pcm: 0x00010000\nioapic0: Assigning ISA IRQ 1 to local APIC 0\nioapic0: Assigning ISA IRQ 4 to local APIC 1\nioapic0: Assigning ISA IRQ 6 to local APIC 0\nioapic0: Assigning ISA IRQ 9 to local APIC 1\nioapic0: Assigning ISA IRQ 14 to local APIC 0\nioapic0: Assigning ISA IRQ 15 to local APIC 1\nioapic0: Assigning PCI IRQ 16 to local APIC 0\nioapic0: Assigning PCI IRQ 17 to local APIC 1\nioapic0: Assigning PCI IRQ 18 to local APIC 0\nioapic0: Assigning PCI IRQ 19 to local APIC 1\nioapic0: Assigning PCI IRQ 21 to local APIC 0\nioapic0: Assigning PCI IRQ 23 to local APIC 1\nGEOM: new disk ad8\nGEOM: new disk ad10\nGEOM_LABEL: Label for provider ad8s1 is ext2fs/ext_1.\nGEOM_LABEL: Label for provider ad8s3 is msdosfs/fbsd.\nGEOM_LABEL: Label for provider ad10s5 is ext2fs/1_2.\nTrying to mount root from ufs:/dev/ad8s2a\nstart_init: trying /sbin/init\nre0: watchdog timeout\nre0: watchdog timeout\nre0: watchdog timeout\nre0: watchdog timeout\n\n\nThis is what I see while booting with (stable) if_re.c 1.95.2.18:\n\nre0: link state changed to DOWN\nre0: no link .....re0: link state changed to UP\n got link\nre0: link state changed to DOWN\nDHCPREQUEST on re0 to 255.255.255.255 port 67\nre0: link state changed to UP\nDHCPREQUEST on re0 to 255.255.255.255 port 67\nre0: watchdog timeout\nre0: link state changed to DOWN\nDHCPDISCOVER on re0 to 255.255.255.255 port 67 interval 8\nre0: link state changed to UP\nre0: watchdog timeout\nre0: link state changed to DOWN\nDHCPDISCOVER on re0 to 255.255.255.255 port 67 interval 9\nre0: link state changed to UP\nre0: watchdog timeout\nre0: link state changed to DOWN\nDHCPDISCOVER on re0 to 255.255.255.255 port 67 interval 11\nre0: link state changed to UP\nre0: watchdog timeout\nre0: link state changed to DOWN\nre0: link state changed to UP\nDHCPDISCOVER on re0 to 255.255.255.255 port 67 interval 13\nre0: watchdog timeout\nre0: link state changed to DOWN\nDHCPOFFER from 192.168.0.1\nDHCPREQUEST on re0 to 255.255.255.255 port 67\nre0: link state changed to UP\nDHCPREQUEST on re0 to 255.255.255.255 port 67\nre0: watchdog timeout\nre0: link state changed to DOWN\nDHCPACK from 192.168.0.1\nre0: link state changed to UP\nre0: watchdog timeout\nre0: link state changed to DOWN\nre0: link state changed to UP\nbound to 192.168.0.4 -- renewal in 3600 seconds.\nlo0: flags=8049\u003cUP,LOOPBACK,RUNNING,MULTICAST\u003e metric 0 mtu 16384\n        inet6 fe80::1%lo0 prefixlen 64 scopeid 0x2\n        inet6 ::1 prefixlen 128\n        inet 127.0.0.1 netmask 0xff000000\nre0: flags=8843\u003cUP,BROADCAST,RUNNING,SIMPLEX,MULTICAST\u003e metric 0 mtu 1500\n        options=399b\u003cRXCSUM,TXCSUM,VLAN_MTU,VLAN_HWTAGGING,VLAN_HWCSUM,TSO4,WOL_\nUCAST,WOL_MCAST,WOL_MAGIC\u003e\n        ether 00:19:db:cd:a3:46\n        inet 192.168.0.4 netmask 0xffffff00 broadcast 192.168.0.255\n        media: Ethernet autoselect (1000baseTX \u003cfull-duplex\u003e)\n        status: active\n\n\n\nvmstat -i:\n\ninterrupt                          total       rate\nirq1: atkbd0                          10          0\nirq6: fdc0                            10          0\nirq16: nvidia0+++                     46          0\nirq17: pcm0 re0                     3134         18\nirq18: ehci0 uhci4                     5          0\nirq19: uhci3++                      2872         16\nirq21: uhci1                         396          2\ncpu0: timer                       337131       1994\ncpu1: timer                       336954       1993\nTotal                             680558       4026\n\n\nIs this a known issue? I couldn't find a previous PR for re watchdog timeouts.\n\nRegards,\n\nVinc\n\nFix: \n\nUse if_re.c,v 1.95.2.3 with http://people.freebsd.org/~yongari/re/re.HEAD.patch\nHow-To-Repeat: Install plain 7-STABLE"
}