{
 "id": 425065,
 "bug_id": 119509,
 "attachment_id": 0,
 "creation_time": "2008-01-09T22:00:07Z",
 "creator": "baldur@foo.is",
 "text": "The USB controller of my new Dell Optiplex 755 seems to be very flaky under FreeBSD. The USB keyboard will randomly stop working, requiring me to unplug the keyboard and plug it back in. Using a different keyboard does not affect the issue.\n\nHere is a dmesg showing the hardware of the machine.\n\nCopyright (c) 1992-2007 The FreeBSD Project.\nCopyright (c) 1979, 1980, 1983, 1986, 1988, 1989, 1991, 1992, 1993, 1994\n        The Regents of the University of California. All rights reserved.\nFreeBSD is a registered trademark of The FreeBSD Foundation.\nFreeBSD 7.0-RC1 #0: Mon Dec 24 12:18:24 UTC 2007\n    root@logan.cse.buffalo.edu:/usr/obj/usr/src/sys/GENERIC\nTimecounter \"i8254\" frequency 1193182 Hz quality 0\nCPU: Intel(R) Core(TM)2 Quad CPU    Q6600  @ 2.40GHz (2394.00-MHz 686-class CPU)\n  Origin = \"GenuineIntel\"  Id = 0x6fb  Stepping = 11\n  Features=0xbfebfbff\u003cFPU,VME,DE,PSE,TSC,MSR,PAE,MCE,CX8,APIC,SEP,MTRR,PGE,MCA,CMOV,PAT,PSE36,CLFLUSH,DTS,ACPI,MMX,FXSR,SSE,SSE2,SS,HTT,TM,PBE\u003e\n  Features2=0xe3bd\u003cSSE3,RSVD2,MON,DS_CPL,VMX,EST,TM2,SSSE3,CX16,xTPR,PDCM\u003e\n  AMD Features=0x20100000\u003cNX,LM\u003e\n  AMD Features2=0x1\u003cLAHF\u003e\n  Cores per package: 4\nreal memory  = 2111827968 (2013 MB)\navail memory = 2056912896 (1961 MB)\nACPI APIC Table: \u003cDELL   B9K    \u003e\nFreeBSD/SMP: Multiprocessor System Detected: 4 CPUs\n cpu0 (BSP): APIC ID:  0\n cpu1 (AP): APIC ID:  1\n cpu2 (AP): APIC ID:  2\n cpu3 (AP): APIC ID:  3\nioapic0: Changing APIC ID to 8\nioapic0 \u003cVersion 2.0\u003e irqs 0-23 on motherboard\nlapic0: Forcing LINT1 to edge trigger\nkbd1 at kbdmux0\nath_hal: 0.9.20.3 (AR5210, AR5211, AR5212, RF5111, RF5112, RF2413, RF5413)\nhptrr: HPT RocketRAID controller driver v1.1 (Dec 24 2007 12:17:58)\nacpi0: \u003cDELL B9K    \u003e on motherboard\nacpi0: [ITHREAD]\nacpi0: Power Button (fixed)\nTimecounter \"ACPI-fast\" frequency 3579545 Hz quality 1000\nacpi_timer0: \u003c24-bit timer at 3.579545MHz\u003e port 0x808-0x80b on acpi0\nacpi_hpet0: \u003cHigh Precision Event Timer\u003e iomem 0xfed00000-0xfed003ff on acpi0\nTimecounter \"HPET\" frequency 14318180 Hz quality 900\ncpu0: \u003cACPI CPU\u003e on acpi0\nest0: \u003cEnhanced SpeedStep Frequency Control\u003e on cpu0\nest: CPU supports Enhanced Speedstep, but is not recognized.\nest: cpu_vendor GenuineIntel, msr 91e091e0600091e\ndevice_attach: est0 attach returned 6\np4tcc0: \u003cCPU Frequency Thermal Control\u003e on cpu0\ncpu1: \u003cACPI CPU\u003e on acpi0\nest1: \u003cEnhanced SpeedStep Frequency Control\u003e on cpu1\nest: CPU supports Enhanced Speedstep, but is not recognized.\nest: cpu_vendor GenuineIntel, msr 91e091e0600091e\ndevice_attach: est1 attach returned 6\np4tcc1: \u003cCPU Frequency Thermal Control\u003e on cpu1\ncpu2: \u003cACPI CPU\u003e on acpi0\nest2: \u003cEnhanced SpeedStep Frequency Control\u003e on cpu2\nest: CPU supports Enhanced Speedstep, but is not recognized.\nest: cpu_vendor GenuineIntel, msr 91e091e0600091e\ndevice_attach: est2 attach returned 6\np4tcc2: \u003cCPU Frequency Thermal Control\u003e on cpu2\ncpu3: \u003cACPI CPU\u003e on acpi0\nest3: \u003cEnhanced SpeedStep Frequency Control\u003e on cpu3\nest: CPU supports Enhanced Speedstep, but is not recognized.\nest: cpu_vendor GenuineIntel, msr 91e091e0600091e\ndevice_attach: est3 attach returned 6\np4tcc3: \u003cCPU Frequency Thermal Control\u003e on cpu3\nacpi_button0: \u003cPower Button\u003e on acpi0\npcib0: \u003cACPI Host-PCI bridge\u003e port 0xcf8-0xcff on acpi0\npci0: \u003cACPI PCI bus\u003e on pcib0\npcib1: \u003cACPI PCI-PCI bridge\u003e irq 16 at device 1.0 on pci0\npci1: \u003cACPI PCI bus\u003e on pcib1\nvgapci0: \u003cVGA-compatible display\u003e port 0xdc00-0xdcff mem 0xd0000000-0xdfffffff,0xfe9e0000-0xfe9effff irq 16 at device 0.0 on pci1\nvgapci1: \u003cVGA-compatible display\u003e mem 0xfe9f0000-0xfe9fffff at device 0.1 on pci1\npci0: \u003csimple comms\u003e at device 3.0 (no driver attached)\natapci0: \u003cIntel ATA controller\u003e port 0xfe80-0xfe87,0xfe90-0xfe93,0xfea0-0xfea7,0xfeb0-0xfeb3,0xfef0-0xfeff irq 18 at device 3.2 on pci0\natapci0: [ITHREAD]\nata2: \u003cATA channel 0\u003e on atapci0\nata2: [ITHREAD]\nata3: \u003cATA channel 1\u003e on atapci0\nata3: [ITHREAD]\npci0: \u003csimple comms, UART\u003e at device 3.3 (no driver attached)\nem0: \u003cIntel(R) PRO/1000 Network Connection Version - 6.7.3\u003e port 0xecc0-0xecdf mem 0xfebe0000-0xfebfffff,0xfebdb000-0xfebdbfff irq 21 at device 25.0 on pci0\nem0: Using MSI interrupt\nem0: Ethernet address: 00:1e:4f:92:ee:69\nem0: [FILTER]\nuhci0: \u003cUHCI (generic) USB controller\u003e port 0xff20-0xff3f irq 16 at device 26.0 on pci0\nuhci0: [GIANT-LOCKED]\nuhci0: [ITHREAD]\nusb0: \u003cUHCI (generic) USB controller\u003e on uhci0\nusb0: USB revision 1.0\nuhub0: \u003cIntel UHCI root hub, class 9/0, rev 1.00/1.00, addr 1\u003e on usb0\nuhub0: 2 ports with 2 removable, self powered\nuhci1: \u003cUHCI (generic) USB controller\u003e port 0xff00-0xff1f irq 17 at device 26.1 on pci0\nuhci1: [GIANT-LOCKED]\nuhci1: [ITHREAD]\nusb1: \u003cUHCI (generic) USB controller\u003e on uhci1\nusb1: USB revision 1.0\nuhub1: \u003cIntel UHCI root hub, class 9/0, rev 1.00/1.00, addr 1\u003e on usb1\nuhub1: 2 ports with 2 removable, self powered\nehci0: \u003cEHCI (generic) USB 2.0 controller\u003e mem 0xfebd9c00-0xfebd9fff irq 22 at device 26.7 on pci0\nehci0: [GIANT-LOCKED]\nehci0: [ITHREAD]\nusb2: EHCI version 1.0\nusb2: wrong number of companions (3 != 2)\nusb2: companion controllers, 2 ports each: usb0 usb1\nusb2: \u003cEHCI (generic) USB 2.0 controller\u003e on ehci0\nusb2: USB revision 2.0\nuhub2: \u003cIntel EHCI root hub, class 9/0, rev 2.00/1.00, addr 1\u003e on usb2\nuhub2: 6 ports with 6 removable, self powered\npci0: \u003cmultimedia\u003e at device 27.0 (no driver attached)\npcib2: \u003cACPI PCI-PCI bridge\u003e irq 16 at device 28.0 on pci0\npci2: \u003cACPI PCI bus\u003e on pcib2\nbge0: \u003cBroadcom NetXtreme PCIe Ethernet Adapter, ASIC rev. 0x4201\u003e mem 0xfe8f0000-0xfe8fffff irq 16 at device 0.0 on pci2\nmiibus0: \u003cMII bus\u003e on bge0\nbrgphy0: \u003cBCM5750 10/100/1000baseTX PHY\u003e PHY 1 on miibus0\nbrgphy0:  10baseT, 10baseT-FDX, 100baseTX, 100baseTX-FDX, 1000baseT, 1000baseT-FDX, auto\nbge0: Ethernet address: 00:10:18:31:44:39\nbge0: [ITHREAD]\nuhci2: \u003cUHCI (generic) USB controller\u003e port 0xff80-0xff9f irq 23 at device 29.0 on pci0\nuhci2: [GIANT-LOCKED]\nuhci2: [ITHREAD]\nusb3: \u003cUHCI (generic) USB controller\u003e on uhci2\nusb3: USB revision 1.0\nuhub3: \u003cIntel UHCI root hub, class 9/0, rev 1.00/1.00, addr 1\u003e on usb3\nuhub3: 2 ports with 2 removable, self powered\nuhci3: \u003cUHCI (generic) USB controller\u003e port 0xff60-0xff7f irq 17 at device 29.1 on pci0\nuhci3: [GIANT-LOCKED]\nuhci3: [ITHREAD]\nusb4: \u003cUHCI (generic) USB controller\u003e on uhci3\nusb4: USB revision 1.0\nuhub4: \u003cIntel UHCI root hub, class 9/0, rev 1.00/1.00, addr 1\u003e on usb4\nuhub4: 2 ports with 2 removable, self powered\nuhci4: \u003cUHCI (generic) USB controller\u003e port 0xff40-0xff5f irq 18 at device 29.2 on pci0\nuhci4: [GIANT-LOCKED]\nuhci4: [ITHREAD]\nusb5: \u003cUHCI (generic) USB controller\u003e on uhci4\nusb5: USB revision 1.0\nuhub5: \u003cIntel UHCI root hub, class 9/0, rev 1.00/1.00, addr 1\u003e on usb5\nuhub5: 2 ports with 2 removable, self powered\nehci1: \u003cEHCI (generic) USB 2.0 controller\u003e mem 0xff980800-0xff980bff irq 23 at device 29.7 on pci0\nehci1: [GIANT-LOCKED]\nehci1: [ITHREAD]\nusb6: EHCI version 1.0\nusb6: companion controllers, 2 ports each: usb3 usb4 usb5\nusb6: \u003cEHCI (generic) USB 2.0 controller\u003e on ehci1\nusb6: USB revision 2.0\nuhub6: \u003cIntel EHCI root hub, class 9/0, rev 2.00/1.00, addr 1\u003e on usb6\nuhub6: 6 ports with 6 removable, self powered\npcib3: \u003cACPI PCI-PCI bridge\u003e at device 30.0 on pci0\npci3: \u003cACPI PCI bus\u003e on pcib3\nisab0: \u003cPCI-ISA bridge\u003e at device 31.0 on pci0\nisa0: \u003cISA bus\u003e on isab0\natapci1: \u003cIntel ICH9 SATA300 controller\u003e port 0xfe00-0xfe07,0xfe10-0xfe13,0xfe20-0xfe27,0xfe30-0xfe33,0xfec0-0xfecf,0xeca0-0xecaf irq 18 at device 31.2 on pci0\natapci1: [ITHREAD]\nata4: \u003cATA channel 0\u003e on atapci1\nata4: [ITHREAD]\nata5: \u003cATA channel 1\u003e on atapci1\nata5: [ITHREAD]\npci0: \u003cserial bus, SMBus\u003e at device 31.3 (no driver attached)\natapci2: \u003cIntel ICH9 SATA300 controller\u003e port 0xfe40-0xfe47,0xfe50-0xfe53,0xfe60-0xfe67,0xfe70-0xfe73,0xfed0-0xfedf,0xecb0-0xecbf irq 18 at device 31.5 on pci0\natapci2: [ITHREAD]\nata6: \u003cATA channel 0\u003e on atapci2\nata6: [ITHREAD]\nata7: \u003cATA channel 1\u003e on atapci2\nata7: [ITHREAD]\nsio0: \u003c16550A-compatible COM port\u003e port 0x3f8-0x3ff irq 4 flags 0x10 on acpi0\nsio0: type 16550A\nsio0: [FILTER]\npmtimer0 on isa0\norm0: \u003cISA Option ROMs\u003e at iomem 0xc0000-0xcf7ff,0xcf800-0xd17ff,0xd1800-0xd3fff pnpid ORM0000 on isa0\nata0 at port 0x1f0-0x1f7,0x3f6 irq 14 on isa0\nata0: [ITHREAD]\nata1 at port 0x170-0x177,0x376 irq 15 on isa0\nata1: [ITHREAD]\natkbdc0: \u003cKeyboard controller (i8042)\u003e at port 0x60,0x64 on isa0\natkbd0: \u003cAT Keyboard\u003e irq 1 on atkbdc0\nkbd0 at atkbd0\natkbd0: [GIANT-LOCKED]\natkbd0: [ITHREAD]\nppc0: \u003cParallel port\u003e at port 0x378-0x37f irq 7 on isa0\nppc0: SMC-like chipset (ECP/EPP/PS2/NIBBLE) in COMPATIBLE mode\nppc0: FIFO with 16/16/8 bytes threshold\nppbus0: \u003cParallel port bus\u003e on ppc0\nplip0: \u003cPLIP network interface\u003e on ppbus0\nlpt0: \u003cPrinter\u003e on ppbus0\nlpt0: Interrupt-driven port\nppi0: \u003cParallel I/O\u003e on ppbus0\nppc0: [GIANT-LOCKED]\nppc0: [ITHREAD]\nsc0: \u003cSystem console\u003e at flags 0x100 on isa0\nsc0: VGA \u003c16 virtual consoles, flags=0x300\u003e\nsio1: configured irq 3 not in bitmap of probed irqs 0\nsio1: port may not be enabled\nvga0: \u003cGeneric ISA VGA\u003e at port 0x3c0-0x3df iomem 0xa0000-0xbffff on isa0\nukbd0: \u003cDell Dell USB Keyboard, class 0/0, rev 1.10/3.06, addr 2\u003e on uhub1\nkbd2 at ukbd0\nums0: \u003cLogitech USB-PS/2 Optical Mouse, class 0/0, rev 2.00/18.00, addr 3\u003e on uhub1\nums0: 6 buttons and Z dir.\nTimecounters tick every 1.000 msec\nhptrr: no controller detected.\nad8: 152587MB \u003cSAMSUNG HD161HJ JF100-22\u003e at ata4-master SATA300\nacd0: DVDR \u003cOptiarc DVD+/-RW AD-5170S/101B\u003e at ata5-master SATA150\nlapic1: Forcing LINT1 to edge trigger\nSMP: AP CPU #1 Launched!\nlapic3: Forcing LINT1 to edge trigger\nSMP: AP CPU #3 Launched!\nlapic2: Forcing LINT1 to edge trigger\nSMP: AP CPU #2 Launched!\nTrying to mount root from ufs:/dev/ad8s1a\nem0: link state changed to UP\nlogo_saver: the console does not support M_VGA_CG320\nmodule_register_init: MOD_LOAD (logo_saver, 0xc59287b0, 0) error 19\n\nHow-To-Repeat: Use Dell Optiplex 755 with a USB keyboard (There is no controller for other types of keyboard) and at random the keyboard will become inoperable, often repeating whatever keypress I did last. This will continue after I unplug keyboard but the repeat will stop when I plug the keyboard back in, which is when the kernel realises that the keyboard is gone."
}