{
 "id": 434320,
 "bug_id": 121410,
 "attachment_id": 0,
 "creation_time": "2008-03-05T23:00:01Z",
 "creator": "freebsd7-pr@i-cnct.com",
 "text": " Date: Wed, 5 Mar 2008 21:58:06 -0700 (MST)\n X-send-pr-version: 3.113\n X-GNATS-Notify:\n \n \u003e Submitter-Id:  current-users\n \u003e Originator:    Esoga Simmons \u003cfreebsd7-pr@i-cnct.com\u003e\n \u003e Organization:  None\n \u003e Confidential:  no\n \u003e Synopsis:      [WORKAROUND] /boot/loader Can't work out which disk to \n boot\n \u003e Severity:      serious\n \u003e Priority:      medium\n \u003e Category:      kern\n \u003e Class:         sw-bug\n \u003e Release:       FreeBSD 7.0-STABLE i386\n \u003e Environment:\n System: FreeBSD HOSTNAME 7.0-STABLE FreeBSD 7.0-STABLE #0: Wed Mar 5 18:47:36 \n MST 2008 freebsd7-pr@i-cnct.com:/usr/obj/usr/src/sys/MEG i386\n \u003e Description:\n    read /usr/src/updating\n    read all current pr reports\n    previous OS FreeBSD 6.3\n    make.conf has no build options (although have also built with NO_PROFILE=true \n and CFLAGS= -0 -pipe but no difference in results)\n \n    building from src\n \n #  1.  `cd /usr/src'       (or to the directory containing your source tree).\n #  2.  `make buildworld'\n #  3.  `make buildkernel KERNCONF=YOUR_KERNEL_HERE'     (default is GENERIC).\n #  4.  `make installkernel KERNCONF=YOUR_KERNEL_HERE'   (default is GENERIC).\n #       [steps 3. \u0026 4. can be combined by using the \"kernel\" target]\n #  5.  `reboot'        (in single user mode: boot -s from the loader prompt).\n #  6.  `mergemaster -p'\n #  7.  `make installworld'\n #  8.  `make delete-old'\n #  9.  `mergemaster'\n # 10.  `reboot'\n \n After final mergemaster and reboot, /boot/loader gives error:\n \n Guessed BIOS device 0x%x not found by probes, defaulting to disk0:\n Can't work out which disk we are booting from.\n \n [WORKAROUND]\n \n If I interrupt the boot process before this and boot from:\n \n boot: /boot/loader.old\n \n or use the fix-it disk and copy loader to loader.sav, loader.old to loader\n \n # fsck_ffs /dev/da0s\n # mkdir /mnt/root\n # mount -rw /dev/da0s1a /mnt/root\n # mv /mnt/root/boot/loader /mnt/root/boot/loader.sav\n # cp /mnt/root/boot/loader.old /mnt/root/boot/loader\n \n I can then boot\n \n # dmesg\n Copyright (c) 1992-2008 The FreeBSD Project.\n Copyright (c) 1979, 1980, 1983, 1986, 1988, 1989, 1991, 1992, 1993, 1994\n          The Regents of the University of California. All rights reserved.\n FreeBSD is a registered trademark of The FreeBSD Foundation.\n FreeBSD 7.0-STABLE #0: Wed Mar  5 18:47:36 MST 2008\n      freebsd7-pr@i-cnct.com:/usr/obj/usr/src/sys/MEG\n Timecounter \"i8254\" frequency 1193182 Hz quality 0\n CPU: Intel(R) Xeon(TM) CPU 2.40GHz (2392.95-MHz 686-class CPU)\n    Origin = \"GenuineIntel\"  Id = 0xf27  Stepping = 7\n \n Features=0xbfebfbff\u003cFPU,VME,DE,PSE,TSC,MSR,PAE,MCE,CX8,APIC,SEP,MTRR,PGE,MCA,CMOV,PAT,PSE36,CLFL\n USH,DTS,ACPI,MMX,FXSR,SSE,SSE2,SS,HTT,TM,PBE\u003e\n    Features2=0x400\u003cCNXT-ID\u003e\n    Logical CPUs per core: 2\n real memory  = 536805376 (511 MB)\n avail memory = 511320064 (487 MB)\n ACPI APIC Table: \u003cINTEL  SWV20   \u003e\n FreeBSD/SMP: Multiprocessor System Detected: 2 CPUs\n   cpu0 (BSP): APIC ID:  0\n   cpu1 (AP): APIC ID:  1\n ioapic0 \u003cVersion 2.0\u003e irqs 0-23 on motherboard\n ioapic1 \u003cVersion 2.0\u003e irqs 24-47 on motherboard\n ioapic2 \u003cVersion 2.0\u003e irqs 48-71 on motherboard\n lapic0: Forcing LINT1 to edge trigger\n kbd1 at kbdmux0\n ath_hal: 0.9.20.3 (AR5210, AR5211, AR5212, RF5111, RF5112, RF2413, RF5413)\n hptrr: HPT RocketRAID controller driver v1.1 (Mar  5 2008 18:47:05)\n acpi0: \u003cINTEL SWV20\u003e on motherboard\n ACPI Warning (dswload-0794): Type override - [DEB_] had invalid type (Integer) \n for Scope operator, changed to (Scope) [20070320]\n ACPI Warning (dswload-0794): Type override - [MLIB] had invalid type (Integer) \n for Scope operator, changed to (Scope) [20070320]\n ACPI Warning (dswload-0794): Type override - [DATA] had invalid type (String) \n for Scope operator, changed to (Scope) [20070320]\n ACPI Warning (dswload-0794): Type override - [SIO_] had invalid type (String) \n for Scope operator, changed to (Scope) [20070320]\n ACPI Warning (dswload-0794): Type override - [LEDP] had invalid type (String) \n for Scope operator, changed to (Scope) [20070320]\n ACPI Warning (dswload-0794): Type override - [GPEN] had invalid type (String) \n for Scope operator, changed to (Scope) [20070320]\n ACPI Warning (dswload-0794): Type override - [GPST] had invalid type (String) \n for Scope operator, changed to (Scope) [20070320]\n ACPI Warning (dswload-0794): Type override - [WUES] had invalid type (String) \n for Scope operator, changed to (Scope) [20070320]\n ACPI Warning (dswload-0794): Type override - [WUSE] had invalid type (String) \n for Scope operator, changed to (Scope) [20070320]\n ACPI Warning (dswload-0794): Type override - [SBID] had invalid type (String) \n for Scope operator, changed to (Scope) [20070320]\n ACPI Warning (dswload-0794): Type override - [SWCE] had invalid type (String) \n for Scope operator, changed to (Scope) [20070320]\n acpi0: [ITHREAD]\n acpi0: Power Button (fixed)\n acpi_timer0: couldn't allocate resource (port 0x408)\n acpi_ec0: \u003cEmbedded Controller: GPE 0x8\u003e port 0xca6,0xca7 on acpi0\n cpu0: \u003cACPI CPU\u003e on acpi0\n p4tcc0: \u003cCPU Frequency Thermal Control\u003e on cpu0\n cpu1: \u003cACPI CPU\u003e on acpi0\n p4tcc1: \u003cCPU Frequency Thermal Control\u003e on cpu1\n pcib0: \u003cACPI Host-PCI bridge\u003e port 0xcf8-0xcff on acpi0\n pci0: \u003cACPI PCI bus\u003e on pcib0\n pci0: \u003cunknown\u003e at device 0.1 (no driver attached)\n pcib1: \u003cACPI PCI-PCI bridge\u003e at device 3.0 on pci0\n pci2: \u003cACPI PCI bus\u003e on pcib1\n pcib2: \u003cACPI PCI-PCI bridge\u003e at device 29.0 on pci2\n pci4: \u003cACPI PCI bus\u003e on pcib2\n asr0: \u003cAdaptec Caching SCSI RAID\u003e mem \n 0xfea00000-0xfeafffff,0xfb000000-0xfbffffff,0xf8000000-0xf9ffffff irq 48 at \n device 8.0 on pci4\n asr0: [GIANT-LOCKED]\n asr0: [ITHREAD]\n asr0:   ADAPTEC 2000S FW Rev. 380E, 2 channel, 256 CCBs, Protocol I2O\n pcib3: \u003cACPI PCI-PCI bridge\u003e at device 31.0 on pci2\n pci3: \u003cACPI PCI bus\u003e on pcib3\n em0: \u003cIntel(R) PRO/1000 Network Connection Version - 6.7.3\u003e port 0x2040-0x207f \n mem 0xfe7c0000-0xfe7dffff irq 30 at device 7.0 on pci3\n em0: Ethernet address: 00:07:e9:04:93:b2\n em0: [FILTER]\n em1: \u003cIntel(R) PRO/1000 Network Connection Version - 6.7.3\u003e port 0x2000-0x203f \n mem 0xfe7e0000-0xfe7fffff irq 31 at device 7.1 on pci3\n em1: Ethernet address: 00:07:e9:04:93:b3\n em1: [FILTER]\n pci0: \u003cunknown\u003e at device 3.1 (no driver attached)\n uhci0: \u003cIntel 82801CA/CAM (ICH3) USB controller USB-A\u003e port 0x3020-0x303f irq \n 16 at device 29.0 on pci0\n uhci0: [GIANT-LOCKED]\n uhci0: [ITHREAD]\n usb0: \u003cIntel 82801CA/CAM (ICH3) USB controller USB-A\u003e on uhci0\n usb0: USB revision 1.0\n uhub0: \u003cIntel UHCI root hub, class 9/0, rev 1.00/1.00, addr 1\u003e on usb0\n uhub0: 2 ports with 2 removable, self powered\n uhci1: \u003cIntel 82801CA/CAM (ICH3) USB controller USB-B\u003e port 0x3000-0x301f irq \n 19 at device 29.1 on pci0\n uhci1: [GIANT-LOCKED]\n uhci1: [ITHREAD]\n usb1: \u003cIntel 82801CA/CAM (ICH3) USB controller USB-B\u003e on uhci1\n usb1: USB revision 1.0\n uhub1: \u003cIntel UHCI root hub, class 9/0, rev 1.00/1.00, addr 1\u003e on usb1\n uhub1: 2 ports with 2 removable, self powered\n pcib4: \u003cACPI PCI-PCI bridge\u003e at device 30.0 on pci0\n pci1: \u003cACPI PCI bus\u003e on pcib4\n vgapci0: \u003cVGA-compatible display\u003e port 0x1000-0x10ff mem \n 0xfd000000-0xfdffffff,0xfe6f0000-0xfe6f0fff irq 17 at device 12.0 on pci1\n isab0: \u003cPCI-ISA bridge\u003e at device 31.0 on pci0\n isa0: \u003cISA bus\u003e on isab0\n atapci0: \u003cIntel ICH3 UDMA100 controller\u003e port \n 0x1f0-0x1f7,0x3f6,0x170-0x177,0x376,0x3a0-0x3af at device 31.1 on pci0\n ata0: \u003cATA channel 0\u003e on atapci0\n ata0: [ITHREAD]\n ata1: \u003cATA channel 1\u003e on atapci0\n ata1: [ITHREAD]\n pci0: \u003cserial bus, SMBus\u003e at device 31.3 (no driver attached)\n atkbdc0: \u003cKeyboard controller (i8042)\u003e port 0x60,0x64 irq 1 on acpi0\n atkbd0: \u003cAT Keyboard\u003e irq 1 on atkbdc0\n kbd0 at atkbd0\n atkbd0: [GIANT-LOCKED]\n atkbd0: [ITHREAD]\n fdc0: \u003cfloppy drive controller (FDE)\u003e port 0x3f2-0x3f3,0x3f4-0x3f5,0x3f7 irq 6 \n drq 2 on acpi0\n fdc0: [FILTER]\n fd0: \u003c1440-KB 3.5\" drive\u003e on fdc0 drive 0\n sio0: \u003c16550A-compatible COM port\u003e port 0x2f8-0x2ff irq 3 flags 0x10 on acpi0\n sio0: type 16550A\n sio0: [FILTER]\n sio1: \u003c16550A-compatible COM port\u003e port 0x3f8-0x3ff irq 4 on acpi0\n sio1: type 16550A\n sio1: [FILTER]\n acpi_timer0: couldn't allocate resource (port 0x408)\n pmtimer0 on isa0\n orm0: \u003cISA Option ROMs\u003e at iomem \n 0xc0000-0xc7fff,0xc8000-0xcdfff,0xce000-0xcf7ff,0xcf800-0xd0fff,0xe4000-0xe7fff \n pnpid ORM0000 on isa0\n ppc0: parallel port not found.\n sc0: \u003cSystem console\u003e at flags 0x100 on isa0\n sc0: VGA \u003c16 virtual consoles, flags=0x300\u003e\n vga0: \u003cGeneric ISA VGA\u003e at port 0x3c0-0x3df iomem 0xa0000-0xbffff on isa0\n Timecounters tick every 1.000 msec\n hptrr: no controller detected.\n acd0: CDROM \u003cSAMSUNG CD-ROM SN-124/QM15\u003e at ata1-master PIO4\n da0 at asr0 bus 1 target 0 lun 0\n da0: \u003cADAPTEC RAID-1 380E\u003e Fixed Direct Access SCSI-2 device\n ses0 at asr0 bus 1 target 6 lun 0\n ses0: \u003cESG-SHV SCA HSBP M20 0.05\u003e Fixed Processor SCSI-2 device\n lapic1: Forcing LINT1 to edge trigger\n SMP: AP CPU #1 Launched!\n Trying to mount root from ufs:/dev/da0s1a\n em1: link state changed to UP\n \n \n \u003e How-To-Repeat:\n \n Happens on new install of FreeBSD6.3 and upgrade to FreeBSD7 using src build.\n \n Have other system that is similar, but build works.  Have seen some other \n similar problem reports\n \n http://groups.google.com/group/lucky.freebsd.questions/browse_thread/thread/f18554c471e8d29e/bbb6c94e7b6e655d?lnk=raot\n \n \n \u003e Fix:\n \n [WORKAROUND]\n \n Break out of the boot process before the failure and:\n \n boot: /boot/loader.old\n \n Then\n # mv /boot/loader /boot/loader.sav\n # cp /boot/loader.old /boot/loader"
}