{
 "id": 370577,
 "bug_id": 107858,
 "attachment_id": 0,
 "creation_time": "2007-01-13T01:30:12Z",
 "creator": "greg.lists2@btinternet.com",
 "text": "The soundcard is not recognised at all by snd_ich, the patch for snd_hd\ndoesn't seem to work anymore. The video is only recognised as a vga\ndevice, with no agpgart device.\n\nThere is also a minior problem of shutdown -p seemingly suspending instead of powering down.\n\n\n$ pciconf -lv\nhostb0@pci0:0:0:        class=0x060000 card=0x27701849 chip=0x27708086 rev=0x02 hdr=0x00\n    vendor   = 'Intel Corporation'\n    device   = '82945 Series Memory Controller Hub (MCH)'\n    class    = bridge\n    subclass = HOST-PCI\nnone0@pci0:2:0: class=0x030000 card=0x27721849 chip=0x27728086 rev=0x02 hdr=0x00\n    vendor   = 'Intel Corporation'\n    device   = 'Integrated Graphics Controller'\n    class    = display\n    subclass = VGA\nnone1@pci0:27:0:        class=0x040300 card=0x08881849 chip=0x27d88086 rev=0x01 hdr=0x00\n    vendor   = 'Intel Corporation'\n    device   = '82801G (ICH7 Family) High Definition Audio'\n    class    = multimedia\npcib1@pci0:28:0:        class=0x060400 card=0x00000040 chip=0x27d08086 rev=0x01 hdr=0x01\n    vendor   = 'Intel Corporation'\n    device   = '82801G (ICH7 Family) PCI Express Root Port'\n    class    = bridge\n    subclass = PCI-PCI\npcib2@pci0:28:1:        class=0x060400 card=0x00000040 chip=0x27d28086 rev=0x01 hdr=0x01\n    vendor   = 'Intel Corporation'\n    device   = '82801G (ICH7 Family) PCI Express Root Port'\n    class    = bridge\n    subclass = PCI-PCI\nuhci0@pci0:29:0:        class=0x0c0300 card=0x27c81849 chip=0x27c88086 rev=0x01 hdr=0x00\n    vendor   = 'Intel Corporation'\n    device   = '82801G (ICH7 Family) USB Universal Host Controller'\n    class    = serial bus\n    subclass = USB\nuhci1@pci0:29:1:        class=0x0c0300 card=0x27c91849 chip=0x27c98086 rev=0x01 hdr=0x00\n    vendor   = 'Intel Corporation'\n    device   = '82801G (ICH7 Family) USB Universal Host Controller'\n    class    = serial bus\n    subclass = USB\nuhci2@pci0:29:2:        class=0x0c0300 card=0x27ca1849 chip=0x27ca8086 rev=0x01 hdr=0x00\n    vendor   = 'Intel Corporation'\n    device   = '82801G (ICH7 Family) USB Universal Host Controller'\n    class    = serial bus\n    subclass = USB\nuhci3@pci0:29:3:        class=0x0c0300 card=0x27cb1849 chip=0x27cb8086 rev=0x01 hdr=0x00\n    vendor   = 'Intel Corporation'\n    device   = '82801G (ICH7 Family) USB Universal Host Controller'\n    class    = serial bus\n    subclass = USB\nehci0@pci0:29:7:        class=0x0c0320 card=0x27cc1849 chip=0x27cc8086 rev=0x01 hdr=0x00\n    vendor   = 'Intel Corporation'\n    device   = '82801G (ICH7 Family) USB 2.0 Enhanced Host Controller'\n    class    = serial bus\n    subclass = USB\npcib3@pci0:30:0:        class=0x060401 card=0x00000050 chip=0x244e8086 rev=0xe1 hdr=0x01\n    vendor   = 'Intel Corporation'\n    device   = '82801BA/CA/DB/DBL/EB/ER/FB (ICH2/3/4/4/5/5/6), 6300ESB Hub Interface to PCI Bridge'\n    class    = bridge\n    subclass = PCI-PCI\nisab0@pci0:31:0:        class=0x060100 card=0x27b81849 chip=0x27b88086 rev=0x01 hdr=0x00\n    vendor   = 'Intel Corporation'\n    device   = '82801GB/GR (ICH7 Family) LPC Interface Controller'\n    class    = bridge\n    subclass = PCI-ISA\natapci0@pci0:31:1:      class=0x01018a card=0x27df1849 chip=0x27df8086 rev=0x01 hdr=0x00\n    vendor   = 'Intel Corporation'\n    device   = '82801G (ICH7 Family) Ultra ATA Storage Controller'\n    class    = mass storage\n    subclass = ATA\natapci1@pci0:31:2:      class=0x01018f card=0x27c01849 chip=0x27c08086 rev=0x01 hdr=0x00\n    vendor   = 'Intel Corporation'\n    device   = '82801GB/GR/GH (ICH7 Family) Serial ATA Storage Controller'\n    class    = mass storage\n    subclass = ATA\nnone2@pci0:31:3:        class=0x0c0500 card=0x27da1849 chip=0x27da8086 rev=0x01 hdr=0x00\n    vendor   = 'Intel Corporation'\n    device   = '82801G (ICH7 Family) SMBus Controller'\n    class    = serial bus\n    subclass = SMBus\nre0@pci1:0:0:   class=0x020000 card=0x81681849 chip=0x816810ec rev=0x01 hdr=0x00\n    vendor   = 'Realtek Semiconductor'\n    class    = network\n    subclass = ethernet\nvr0@pci3:1:0:   class=0x020000 card=0x14011186 chip=0x30651106 rev=0x42 hdr=0x00\n    vendor   = 'VIA Technologies Inc'\n    device   = 'VT6102 Rhine II PCI Fast Ethernet Controller'\n    class    = network\n    subclass = ethernet\n\n\n$ dmeg -a\nCopyright (c) 1992-2007 The FreeBSD Project.\nCopyright (c) 1979, 1980, 1983, 1986, 1988, 1989, 1991, 1992, 1993, 1994\n        The Regents of the University of California. All rights reserved.\nFreeBSD is a registered trademark of The FreeBSD Foundation.\nFreeBSD 6.2-PRERELEASE #2: Fri Jan 12 19:58:49 GMT 2007\n    root@smirnoff:/usr/obj/usr/src/sys/CEIBO\nTimecounter \"i8254\" frequency 1193182 Hz quality 0\nCPU: Intel(R) Core(TM)2 CPU          6600  @ 2.40GHz (2393.38-MHz K8-class CPU)\n  Origin = \"GenuineIntel\"  Id = 0x6f6  Stepping = 6\n  Features=0xbfebfbff\u003cFPU,VME,DE,PSE,TSC,MSR,PAE,MCE,CX8,APIC,SEP,MTRR,PGE,MCA,CMOV,PAT,PSE36,CLFLUSH,DTS,ACPI,MMX,FXSR,SSE,SSE2,SS,HTT,TM,PBE\u003e\n  Features2=0xe3bd\u003cSSE3,RSVD2,MON,DS_CPL,VMX,EST,TM2,\u003cb9\u003e,CX16,XTPR,\u003cb15\u003e\u003e\n  AMD Features=0x20000800\u003cSYSCALL,LM\u003e\n  AMD Features2=0x1\u003cLAHF\u003e\n  Cores per package: 2\nreal memory  = 1065025536 (1015 MB)\navail memory = 1015099392 (968 MB)\nACPI APIC Table: \u003cA M I  OEMAPIC \u003e\nFreeBSD/SMP: Multiprocessor System Detected: 2 CPUs\n cpu0 (BSP): APIC ID:  0\n cpu1 (AP): APIC ID:  1\nioapic0 \u003cVersion 2.0\u003e irqs 0-23 on motherboard\nkbd1 at kbdmux0\nath_hal: 0.9.17.2 (AR5210, AR5211, AR5212, RF5111, RF5112, RF2413, RF5413)\nacpi0: \u003cA M I OEMRSDT\u003e on motherboard\nacpi_bus_number: can't get _ADR\nacpi_bus_number: can't get _ADR\nacpi_bus_number: can't get _ADR\nacpi_bus_number: can't get _ADR\nacpi0: Power Button (fixed)\nacpi_bus_number: can't get _ADR\nacpi_bus_number: can't get _ADR\nTimecounter \"ACPI-fast\" frequency 3579545 Hz quality 1000\nacpi_timer0: \u003c24-bit timer at 3.579545MHz\u003e port 0x808-0x80b on acpi0\ncpu0: \u003cACPI CPU\u003e on acpi0\nacpi_perf0: \u003cACPI CPU Frequency Control\u003e on cpu0\ncpu1: \u003cACPI CPU\u003e on acpi0\npcib0: \u003cACPI Host-PCI bridge\u003e port 0xcf8-0xcff on acpi0\npci0: \u003cACPI PCI bus\u003e on pcib0\npci0: \u003cdisplay, VGA\u003e at device 2.0 (no driver attached)\npci0: \u003cmultimedia\u003e at device 27.0 (no driver attached)\npcib1: \u003cACPI PCI-PCI bridge\u003e irq 16 at device 28.0 on pci0\npci2: \u003cACPI PCI bus\u003e on pcib1\npcib2: \u003cACPI PCI-PCI bridge\u003e irq 17 at device 28.1 on pci0\npci1: \u003cACPI PCI bus\u003e on pcib2\nre0: \u003cRealTek 8168B/8111B PCIe Gigabit Ethernet\u003e port 0xd800-0xd8ff mem 0xfeaff000-0xfeafffff irq 17 at device 0.0 on pci1\nmiibus0: \u003cMII bus\u003e on re0\nrgephy0: \u003cRTL8169S/8110S media interface\u003e on miibus0\nrgephy0:  10baseT, 10baseT-FDX, 100baseTX, 100baseTX-FDX, 1000baseTX, 1000baseTX-FDX, auto\nre0: Ethernet address: 00:13:8f:dd:24:49\nre0: [FAST]\nuhci0: \u003cUHCI (generic) USB controller\u003e port 0xc400-0xc41f irq 23 at device 29.0 on pci0\nuhci0: [GIANT-LOCKED]\nusb0: \u003cUHCI (generic) USB controller\u003e on uhci0\nusb0: USB revision 1.0\nuhub0: Intel UHCI root hub, class 9/0, rev 1.00/1.00, addr 1\nuhub0: 2 ports with 2 removable, self powered\nuhci1: \u003cUHCI (generic) USB controller\u003e port 0xc480-0xc49f irq 19 at device 29.1 on pci0\nuhci1: [GIANT-LOCKED]\nusb1: \u003cUHCI (generic) USB controller\u003e on uhci1\nusb1: USB revision 1.0\nuhub1: Intel UHCI root hub, class 9/0, rev 1.00/1.00, addr 1\nuhub1: 2 ports with 2 removable, self powered\nuhci2: \u003cUHCI (generic) USB controller\u003e port 0xc800-0xc81f irq 18 at device 29.2 on pci0\nuhci2: [GIANT-LOCKED]\nusb2: \u003cUHCI (generic) USB controller\u003e on uhci2\nusb2: USB revision 1.0\nuhub2: Intel UHCI root hub, class 9/0, rev 1.00/1.00, addr 1\nuhub2: 2 ports with 2 removable, self powered\nuhci3: \u003cUHCI (generic) USB controller\u003e port 0xc880-0xc89f irq 16 at device 29.3 on pci0\nuhci3: [GIANT-LOCKED]\nusb3: \u003cUHCI (generic) USB controller\u003e on uhci3\nusb3: USB revision 1.0\nuhub3: Intel UHCI root hub, class 9/0, rev 1.00/1.00, addr 1\nuhub3: 2 ports with 2 removable, self powered\nehci0: \u003cIntel 82801GB/R (ICH7) USB 2.0 controller\u003e mem 0xfe937c00-0xfe937fff irq 23 at device 29.7 on pci0\nehci0: [GIANT-LOCKED]\nusb4: EHCI version 1.0\nusb4: companion controllers, 2 ports each: usb0 usb1 usb2 usb3\nusb4: \u003cIntel 82801GB/R (ICH7) USB 2.0 controller\u003e on ehci0\nusb4: USB revision 2.0\nuhub4: Intel EHCI root hub, class 9/0, rev 2.00/1.00, addr 1\nuhub4: 8 ports with 8 removable, self powered\nuhub5: NEC Corporation USB2.0 Hub Controller, class 9/0, rev 2.00/1.00, addr 2\nuhub5: single transaction translator\nuhub5: 4 ports with 4 removable, self powered\nugen0: Sony Ericsson SEMC DSS-20 SyncStation, rev 1.10/4.00, addr 3\npcib3: \u003cACPI PCI-PCI bridge\u003e at device 30.0 on pci0\npci3: \u003cACPI PCI bus\u003e on pcib3\nvr0: \u003cVIA VT6102 Rhine II 10/100BaseTX\u003e port 0xe800-0xe8ff mem 0xfebffc00-0xfebffcff irq 22 at device 1.0 on pci3\nmiibus1: \u003cMII bus\u003e on vr0\nukphy0: \u003cGeneric IEEE 802.3u media interface\u003e on miibus1\nukphy0:  10baseT, 10baseT-FDX, 100baseTX, 100baseTX-FDX, auto\nvr0: Ethernet address: 00:50:ba:ef:f1:59\nisab0: \u003cPCI-ISA bridge\u003e at device 31.0 on pci0\nisa0: \u003cISA bus\u003e on isab0\natapci0: \u003cIntel ICH7 UDMA100 controller\u003e port 0x1f0-0x1f7,0x3f6,0x170-0x177,0x376,0xffa0-0xffaf at device 31.1 on pci0\nata0: \u003cATA channel 0\u003e on atapci0\nata1: \u003cATA channel 1\u003e on atapci0\natapci1: \u003cIntel ICH7 SATA300 controller\u003e port 0xc080-0xc087,0xc000-0xc003,0xbc00-0xbc07,0xb880-0xb883,0xb800-0xb80f irq 19 at device 31.2 on pci0\natapci1: failed to enable memory mapping!\nata2: \u003cATA channel 0\u003e on atapci1\nata3: \u003cATA channel 1\u003e on atapci1\npci0: \u003cserial bus, SMBus\u003e at device 31.3 (no driver attached)\nacpi_button0: \u003cPower Button\u003e on acpi0\nsio0: configured irq 3 not in bitmap of probed irqs 0\nsio0: port may not be enabled\nsio0: \u003cGeneric IRDA-compatible device\u003e port 0x2f8-0x2ff irq 3 flags 0x10 on acpi0\nsio0: type 16550A\nfdc0: \u003cfloppy drive controller (FDE)\u003e port 0x3f0-0x3f5,0x3f7 irq 6 drq 2 on acpi0\nfdc0: [FAST]\nppc0: \u003cECP parallel printer port\u003e port 0x378-0x37f,0x778-0x77f irq 7 drq 3 on acpi0\nppc0: SMC-like chipset (ECP/EPP/PS2/NIBBLE) in COMPATIBLE mode\nppc0: FIFO with 16/16/9 bytes threshold\nppbus0: \u003cParallel port bus\u003e on ppc0\nplip0: \u003cPLIP network interface\u003e on ppbus0\nlpt0: \u003cPrinter\u003e on ppbus0\nlpt0: Interrupt-driven port\nppi0: \u003cParallel I/O\u003e on ppbus0\natkbdc0: \u003cKeyboard controller (i8042)\u003e port 0x60,0x64 irq 1 on acpi0\natkbd0: \u003cAT Keyboard\u003e irq 1 on atkbdc0\nkbd0 at atkbd0\natkbd0: [GIANT-LOCKED]\nsio1: configured irq 4 not in bitmap of probed irqs 0\nsio1: port may not be enabled\nsio1: \u003c16550A-compatible COM port\u003e port 0x3f8-0x3ff irq 4 on acpi0\nsio1: type 16550A\nsc0: \u003cSystem console\u003e at flags 0x100 on isa0\nsc0: VGA \u003c16 virtual consoles, flags=0x300\u003e\nvga0: \u003cGeneric ISA VGA\u003e at port 0x3c0-0x3df iomem 0xa0000-0xbffff on isa0\nums0: Logitech USB Receiver, rev 1.10/16.00, addr 2, iclass 3/1\nums0: 16 buttons and Z dir.\nTimecounters tick every 1.000 msec\nad0: 152627MB \u003cSeagate ST3160023A 3.06\u003e at ata0-master UDMA100\nad4: 238475MB \u003cSeagate ST3250820AS 3.AAD\u003e at ata2-master SATA150\nSMP: AP CPU #1 Launched!\n\nFix: \n\nThere seems to plenty of patched about, perhaps it's a case of plugging\nsome of the chip identifiers into the driver, hopefully this will be of\nsome use.\nHow-To-Repeat: Replicate hardware and run RELENG_6"
}