{
 "id": 406465,
 "bug_id": 115606,
 "attachment_id": 0,
 "creation_time": "2007-08-17T17:50:00Z",
 "creator": "piso@FreeBSD.org",
 "text": "While doing some i/o work on a disk attached to an mpt controller,\nFreeBSD 6.x/7.x panic with the following message:\n\nferrettolo# kgdb /usr/obj/usr/src/sys/GENERIC/kernel.debug /var/crash/vmcore.1\n[GDB will not be able to debug user-mode threads: /usr/lib/libthread_db.so: Undefined symbol \"ps_pglobal_lookup\"]\nGNU gdb 6.1.1 [FreeBSD]\nCopyright 2004 Free Software Foundation, Inc.\nGDB is free software, covered by the GNU General Public License, and you are\nwelcome to change it and/or distribute copies of it under certain conditions.\nType \"show copying\" to see the conditions.\nThere is absolutely no warranty for GDB.  Type \"show warranty\" for details.\nThis GDB was configured as \"i386-marcel-freebsd\".\n\nUnread portion of the kernel message buffer:\nmpt0: mpt_cam_event: 0xc0\nmpt0: Unhandled Event Notify Frame. Event 0xc0afa2c0 (ACK not required).\nmpt0: completing timedout/aborted req 0xc406d450:5896\npanic: Bad link elm 0xc406d450 next-\u003eprev != elm\ncpuid = 0\nKDB: enter: panic\nDumping 1023 MB (2 chunks)\n  chunk 0: 1MB (157 pages) ... ok\n  chunk 1: 1023MB (261868 pages) 1007 991 975 959 943 927 911 895 879 863 847 831 815 799 783 767 751 735 719 703 687 671 655 639 623 607 591 575 559 543 527 511 495 479 463 447 431 415 399 383 367 351 335 319 303 287 271 255 239 223 207 191 175 159 143 127 111 95 79 63 47 31 15\n\n#0  doadump () at pcpu.h:195\n195     pcpu.h: No such file or directory.\n        in pcpu.h\n(kgdb) bt\n#0  doadump () at pcpu.h:195\n#1  0xc048cb29 in db_fncall (dummy1=-465581460, dummy2=0, dummy3=524358, dummy4=0xe43fc9d8 \"ÐíHÀ\") at /usr/src/sys/ddb/db_command.c:486\n#2  0xc048d095 in db_command_loop () at /usr/src/sys/ddb/db_command.c:401\n#3  0xc048e805 in db_trap (type=3, code=0) at /usr/src/sys/ddb/db_main.c:222\n#4  0xc0773066 in kdb_trap (type=3, code=0, tf=0xe43fcb80) at /usr/src/sys/kern/subr_kdb.c:502\n#5  0xc09fd15b in trap (frame=0xe43fcb80) at /usr/src/sys/i386/i386/trap.c:621\n#6  0xc09e2b7b in calltrap () at /usr/src/sys/i386/i386/exception.s:139\n#7  0xc07731e2 in kdb_enter (msg=0xc0a93413 \"panic\") at cpufunc.h:60\n#8  0xc074c3e4 in panic (fmt=0xc0a49d68 \"Bad link elm %p next-\u003eprev != elm\") at /usr/src/sys/kern/kern_shutdown.c:547\n#9  0xc06065c5 in mpt_scsi_reply_handler (mpt=0xc4066000, req=0xc406d450, reply_desc=65820, reply_frame=0xe43fcc58) at /usr/src/sys/dev/mpt/mpt_cam.c:2661\n#10 0xc06033be in mpt_complete_request_chain (mpt=0xc4066000, chain=0xc40663c4, iocstatus=8) at /usr/src/sys/dev/mpt/mpt.c:849\n#11 0xc0606734 in mpt_cam_ioc_reset (mpt=0xc4066000, type=0) at /usr/src/sys/dev/mpt/mpt_cam.c:3041\n#12 0xc0604acf in mpt_reset (mpt=0xc4066000, reinit=1) at /usr/src/sys/dev/mpt/mpt.c:1145\n#13 0xc0607bf2 in mpt_recovery_thread (arg=0xc4066000) at /usr/src/sys/dev/mpt/mpt_cam.c:4176\n#14 0xc072e258 in fork_exit (callout=0xc0607920 \u003cmpt_recovery_thread\u003e, arg=0xc4066000, frame=0xe43fcd38) at /usr/src/sys/kern/kern_fork.c:797\n#15 0xc09e2bf0 in fork_trampoline () at /usr/src/sys/i386/i386/exception.s:205\n\ndmesg:\nferrettolo# dmesg \nCopyright (c) 1992-2007 The FreeBSD Project.\nCopyright (c) 1979, 1980, 1983, 1986, 1988, 1989, 1991, 1992, 1993, 1994\n        The Regents of the University of California. All rights reserved.\nFreeBSD is a registered trademark of The FreeBSD Foundation.\nFreeBSD 7.0-CURRENT #1: Fri Aug 17 14:54:35 UTC 2007\n    piso@ferrettolo.tomato.lan:/usr/obj/usr/src/sys/GENERIC\nWARNING: WITNESS option enabled, expect reduced performance.\nTimecounter \"i8254\" frequency 1193182 Hz quality 0\nCPU: Intel(R) Xeon(TM) CPU 2.80GHz (2790.72-MHz 686-class CPU)\n  Origin = \"GenuineIntel\"  Id = 0xf27  Stepping = 7\n  Features=0xbfebfbff\u003cFPU,VME,DE,PSE,TSC,MSR,PAE,MCE,CX8,APIC,SEP,MTRR,PGE,MCA,CMOV,PAT,PSE36,CLFLUSH,DTS,ACPI,MMX,FXSR,SSE,SSE2,SS,HTT,TM,PBE\u003e\n  Features2=0x4400\u003cCNXT-ID,xTPR\u003e\n  Logical CPUs per core: 2\nreal memory  = 1073659904 (1023 MB)\navail memory = 1037049856 (989 MB)\nACPI APIC Table: \u003cIBM    SERONYXP\u003e\nFreeBSD/SMP: Multiprocessor System Detected: 2 CPUs\n cpu0 (BSP): APIC ID:  0\n cpu1 (AP): APIC ID:  1\nMADT: Forcing active-low polarity and level trigger for SCI\nioapic2 \u003cVersion 1.1\u003e irqs 32-47 on motherboard\nioapic1 \u003cVersion 1.1\u003e irqs 16-31 on motherboard\nioapic0 \u003cVersion 1.1\u003e irqs 0-15 on motherboard\nkbd1 at kbdmux0\nath_hal: 0.9.20.3 (AR5210, AR5211, AR5212, RF5111, RF5112, RF2413, RF5413)\nacpi0: \u003cIBM SERONYXP\u003e on motherboard\nacpi0: [ITHREAD]\nacpi0: Power Button (fixed)\nacpi0: reservation of 460, 2 (4) failed\nTimecounter \"ACPI-safe\" frequency 3579545 Hz quality 850\nacpi_timer0: \u003c32-bit timer at 3.579545MHz\u003e port 0x488-0x48b on acpi0\ncpu0: \u003cACPI CPU\u003e on acpi0\np4tcc0: \u003cCPU Frequency Thermal Control\u003e on cpu0\ncpu1: \u003cACPI CPU\u003e on acpi0\np4tcc1: \u003cCPU Frequency Thermal Control\u003e on cpu1\npcib0: \u003cACPI Host-PCI bridge\u003e on acpi0\npci0: \u003cACPI PCI bus\u003e on pcib0\nvgapci0: \u003cVGA-compatible display\u003e port 0x2200-0x22ff mem 0xfd000000-0xfdffffff,0xfebff000-0xfebfffff irq 26 at device 1.0 on pci0\natapci0: \u003cServerWorks CSB5 UDMA100 controller\u003e port 0x1f0-0x1f7,0x3f6,0x170-0x177,0x376,0x700-0x70f at device 15.1 on pci0\nata0: \u003cATA channel 0\u003e on atapci0\nata0: [ITHREAD]\nata1: \u003cATA channel 1\u003e on atapci0\nata1: [ITHREAD]\nohci0: \u003cOHCI (generic) USB controller\u003e mem 0xfebfe000-0xfebfefff irq 11 at device 15.2 on pci0\nohci0: [GIANT-LOCKED]\nohci0: [ITHREAD]\nusb0: OHCI version 1.0, legacy support\nusb0: SMM does not respond, resetting\nusb0: \u003cOHCI (generic) USB controller\u003e on ohci0\nusb0: USB revision 1.0\nuhub0: \u003c(0x1166) OHCI root hub, class 9/0, rev 1.00/1.00, addr 1\u003e on usb0\nuhub0: 4 ports with 4 removable, self powered\nisab0: \u003cPCI-ISA bridge\u003e at device 15.3 on pci0\nisa0: \u003cISA bus\u003e on isab0\npcib1: \u003cACPI Host-PCI bridge\u003e on acpi0\npci1: \u003cACPI PCI bus\u003e on pcib1\nmpt0: \u003cLSILogic 1030 Ultra4 Adapter\u003e port 0x2300-0x23ff mem 0xfbff0000-0xfbffffff,0xfbfe0000-0xfbfeffff irq 22 at device 1.0 on pci1\nmpt0: [ITHREAD]\nmpt0: MPI Version=1.2.6.0\nmpt0: Capabilities: ( RAID-1 SAFTE )\nmpt0: 1 Active Volume (1 Max)\nmpt0: 2 Hidden Drive Members (3 Max)\npcib2: \u003cACPI Host-PCI bridge\u003e on acpi0\npci2: \u003cACPI PCI bus\u003e on pcib2\npci2:1:0: bad VPD cksum, remain 14\nbge0: \u003cBroadcom NetXtreme Gigabit Ethernet Controller, ASIC rev. 0x1002\u003e mem 0xf9ff0000-0xf9ffffff irq 24 at device 1.0 on pci2\nmiibus0: \u003cMII bus\u003e on bge0\nbrgphy0: \u003cBCM5703 10/100/1000baseTX PHY\u003e PHY 1 on miibus0\nbrgphy0:  10baseT, 10baseT-FDX, 100baseTX, 100baseTX-FDX, 1000baseT, 1000baseT-FDX, auto\nbge0: Ethernet address: 00:11:25:3e:95:1e\nbge0: [ITHREAD]\npci2:2:0: bad VPD cksum, remain 14\nbge1: \u003cBroadcom NetXtreme Gigabit Ethernet Controller, ASIC rev. 0x1002\u003e mem 0xf9fe0000-0xf9feffff irq 25 at device 2.0 on pci2\nmiibus1: \u003cMII bus\u003e on bge1\nbrgphy1: \u003cBCM5703 10/100/1000baseTX PHY\u003e PHY 1 on miibus1\nbrgphy1:  10baseT, 10baseT-FDX, 100baseTX, 100baseTX-FDX, 1000baseT, 1000baseT-FDX, auto\nbge1: Ethernet address: 00:11:25:3e:95:1f\nbge1: [ITHREAD]\nfdc0: \u003cfloppy drive controller\u003e port 0x3f0-0x3f5 irq 6 drq 2 on acpi0\nfdc0: [FILTER]\nfd0: \u003c1440-KB 3.5\" drive\u003e on fdc0 drive 0\npmtimer0 on isa0\norm0: \u003cISA Option ROMs\u003e at iomem 0xc0000-0xc7fff,0xc8000-0xc97ff,0xc9800-0xcd7ff pnpid ORM0000 on isa0\natkbdc0: \u003cKeyboard controller (i8042)\u003e at port 0x60,0x64 on isa0\natkbd0: \u003cAT Keyboard\u003e irq 1 on atkbdc0\nkbd0 at atkbd0\natkbd0: [GIANT-LOCKED]\natkbd0: [ITHREAD]\npsm0: \u003cPS/2 Mouse\u003e irq 12 on atkbdc0\npsm0: [GIANT-LOCKED]\npsm0: [ITHREAD]\npsm0: model IntelliMouse, device ID 3\nppc0: parallel port not found.\nsc0: \u003cSystem console\u003e at flags 0x100 on isa0\nsc0: VGA \u003c16 virtual consoles, flags=0x300\u003e\nsio0: configured irq 4 not in bitmap of probed irqs 0\nsio0: port may not be enabled\nsio0: configured irq 4 not in bitmap of probed irqs 0\nsio0: port may not be enabled\nsio0 at port 0x3f8-0x3ff irq 4 flags 0x10 on isa0\nsio0: type 8250 or not responding\nsio0: [FILTER]\nsio1: configured irq 3 not in bitmap of probed irqs 0\nsio1: port may not be enabled\nvga0: \u003cGeneric ISA VGA\u003e at port 0x3c0-0x3df iomem 0xa0000-0xbffff on isa0\nTimecounters tick every 1.000 msec\nmpt0:vol0(mpt0:0ad2: 98166MB \u003cIC35L100AVVA07 0 VA5OA52A\u003e at ata1-master UDMA100\n:0): Settings ( Hot-Plug-Spares )\nmpt0:vol0(mpt0:0:0): Using Spare Pool: 0\nmpt0:vol0(mpt0:0:0): 2 Members:\n      (mpt0:1:0:0): Primary Online\n      (mpt0:1:1:0): Secondary Online\nmpt0:vol0(mpt0:0:0): RAID-1 - Optimal\nmpt0:vol0(mpt0:0:0): Status ( Enabled )\n(mpt0:vol0:0): Physical (mpt0:0:0:0), Pass-thru (mpt0:1:0:0)\n(mpt0:vol0:0): Online\n(mpt0:vol0:1): Physical (mpt0:0:1:0), Pass-thru (mpt0:1:1:0)\n(mpt0:vol0:1): Online\numa_zalloc_arg: zone \"1024\" with the following non-sleepable locks held:\nexclusive sleep mutex mpt r = 0 (0xc4066004) locked @ /usr/src/sys/dev/mpt/mpt_raid.c:671\nKDB: stack backtrace:\ndb_trace_self_wrapper(c0a95e89,e449ac44,c0782a3d,c0a9624c,e449ac58,...) at db_trace_self_wrapper+0x26\nkdb_backtrace(c0a9624c,e449ac58,4,1,0,...) at kdb_backtrace+0x29\nwitness_warn(5,0,c0ab40fa,c0a493c8,142e,...) at witness_warn+0x1cd\numa_zalloc_arg(c146d5a0,0,2,2,c4066000,...) at uma_zalloc_arg+0x34\nmalloc(260,c0b43880,2,29f,e449acf8,...) at malloc+0xd2\nmpt_raid_thread(c4066000,e449ad38,c0a8fda1,315,c4075ab0,...) at mpt_raid_thread+0xfb\nfork_exit(c0613610,c4066000,e449ad38) at fork_exit+0xb8\nfork_trampoline() at fork_trampoline+0x8\n--- trap 0, eip = 0, esp = 0xe449ad70, ebp = 0 ---\nacd0: DVDROM \u003cIDE DVD-ROM 16X/VER 1005\u003e at ata1-slave UDMA33\nWaiting 5 seconds for SCSI devices to settle\n(probe0:mpt0:1:0:0): Vendor Specific Command. CDB: 12 0 0 0 a4 0 \n(probe0:mpt0:1:0:0): CAM Status: SCSI Status Error\n(probe0:mpt0:1:0:0): SCSI Status: Check Condition\n(probe0:mpt0:1:0:0): ABORTED COMMAND asc:48,0\n(probe0:mpt0:1:0:0): Initiator detected error message received\n(probe0:mpt0:1:0:0): Retrying Command (per Sense Data)\n(probe0:mpt0:1:0:0): Vendor Specific Command. CDB: 12 0 0 0 a4 0 \n(probe0:mpt0:1:0:0): CAM Status: SCSI Status Error\n(probe0:mpt0:1:0:0): SCSI Status: Check Condition\n(probe0:mpt0:1:0:0): ABORTED COMMAND asc:48,0\n(probe0:mpt0:1:0:0): Initiator detected error message received\n(probe0:mpt0:1:0:0): Retrying Command (per Sense Data)\n(probe0:mpt0:1:0:0): Vendor Specific Command. CDB: 12 0 0 0 a4 0 \n(probe0:mpt0:1:0:0): CAM Status: SCSI Status Error\n(probe0:mpt0:1:0:0): SCSI Status: Check Condition\n(probe0:mpt0:1:0:0): ABORTED COMMAND asc:48,0\n(probe0:mpt0:1:0:0): Initiator detected error message received\n(probe0:mpt0:1:0:0): Retrying Command (per Sense Data)\nses0 at mpt0 bus 0 target 8 lun 0\nses0: \u003cIBM 25P3495a S320  1 1\u003e Fixed Processor SCSI-2 device \nses0: 3.300MB/s transfers\nses0: SAF-TE Compliant Device\nda0 at mpt0 bus 0 target 0 lun 0\nda0: \u003cLSILOGIC 1030 IM 1000\u003e Fixed Direct Access SCSI-2 device \nda0: 320.000MB/s transfers (160.000MHz, offset 80, 16bit)\nda0: Command Queueing Enabled\nda0: 139898MB (286511105 512 byte sectors: 255H 63S/T 17834C)\nSMP: AP CPU #1 Launched!\nWARNING: WITNESS option enabled, expect reduced performance.\nTrying to mount root from ufs:/dev/ad2s1a\nWARNING: / was not properly dismounted\nWARNING: /tmp was not properly dismounted\nWARNING: /usr was not properly dismounted\nWARNING: /var was not properly dismounted\nbge0: link state changed to UP\n\nNotice the WITNESS warning:\n\numa_zalloc_arg: zone \"1024\" with the following non-sleepable locks held:\nexclusive sleep mutex mpt r = 0 (0xc4066004) locked @ /usr/src/sys/dev/mpt/mpt_raid.c:671\nKDB: stack backtrace:\ndb_trace_self_wrapper(c0a95e89,e449ac44,c0782a3d,c0a9624c,e449ac58,...) at db_trace_self_wrapper+0x26\nkdb_backtrace(c0a9624c,e449ac58,4,1,0,...) at kdb_backtrace+0x29\nwitness_warn(5,0,c0ab40fa,c0a493c8,142e,...) at witness_warn+0x1cd\numa_zalloc_arg(c146d5a0,0,2,2,c4066000,...) at uma_zalloc_arg+0x34\nmalloc(260,c0b43880,2,29f,e449acf8,...) at malloc+0xd2\nmpt_raid_thread(c4066000,e449ad38,c0a8fda1,315,c4075ab0,...) at mpt_raid_thread+0xfb\nfork_exit(c0613610,c4066000,e449ad38) at fork_exit+0xb8\nfork_trampoline() at fork_trampoline+0x8\n--- trap 0, eip = 0, esp = 0xe449ad70, ebp = 0 ---\n\nHw:\nIBM X335 with SCSI U320\nFreeBSD 4.x works flawlessly on the same hw.\n\nYou can grab kernel.debug and vmcore.1 this way:\n\nfetch http://people.tomato.it/piso/vmcore.1.gz\nfetch http://people.tomato.it/piso/kernel.debug.gz\n\nHow-To-Repeat: Mount a disk on an mpt controller, copy /usr/src over it and enjoy \nthe panic... :)"
}