{
 "id": 370430,
 "bug_id": 107834,
 "attachment_id": 0,
 "creation_time": "2007-01-12T00:10:11Z",
 "creator": "nicole@unixgirl.com",
 "text": "Tyan Board - H2000M S3992G3NR - New AMD chip Socket F\n Works well with 6 X 2 gig dimms, one 2210 Dual Core CPU, one SATA drive, SMP KERNEL.\n\n Running a memcached server. \n All functions seem supported and running well.\n\nHow-To-Repeat: DMESG:\nCopyright (c) 1992-2006 The FreeBSD Project.\nCopyright (c) 1979, 1980, 1983, 1986, 1988, 1989, 1991, 1992, 1993, 1994\n        The Regents of the University of California. All rights reserved.\nFreeBSD is a registered trademark of The FreeBSD Foundation.\nFreeBSD 6.2-PRERELEASE #0: Tue Jan  2 13:41:50 PST 2007\n    root@:/usr/obj/usr/src/sys/WIDE\nTimecounter \"i8254\" frequency 1193182 Hz quality 0\nCPU: Dual-Core AMD Opteron(tm) Processor 2210 (1795.51-MHz K8-class CPU)\n  Origin = \"AuthenticAMD\"  Id = 0x40f12  Stepping = 2\n  Features=0x178bfbff\u003cFPU,VME,DE,PSE,TSC,MSR,PAE,MCE,CX8,APIC,SEP,MTRR,PGE,MCA,C\nMOV,PAT,PSE36,CLFLUSH,MMX,FXSR,SSE,SSE2,HTT\u003e\n  Features2=0x2001\u003cSSE3,CX16\u003e\n  AMD Features=0xea500800\u003cSYSCALL,NX,MMX+,FFXSR,RDTSCP,LM,3DNow+,3DNow\u003e\n  AMD Features2=0x1f\u003cLAHF,CMP,\u003cb2\u003e,\u003cb3\u003e,CR8\u003e\n  Cores per package: 2\nreal memory  = 13958643712 (13312 MB)\navail memory = 12456792064 (11879 MB)\nACPI APIC Table: \u003cA M I  OEMAPIC \u003e\nFreeBSD/SMP: Multiprocessor System Detected: 2 CPUs\n cpu0 (BSP): APIC ID:  0\n cpu1 (AP): APIC ID:  1\nMADT: Forcing active-low polarity and level trigger for SCI\nioapic0 \u003cVersion 1.1\u003e irqs 0-15 on motherboard\nioapic1 \u003cVersion 1.1\u003e irqs 16-31 on motherboard\nioapic2 \u003cVersion 1.1\u003e irqs 32-47 on motherboard\nkbd1 at kbdmux0\nacpi0: \u003cA M I OEMXSDT\u003e on motherboard\nacpi0: Power Button (fixed)\nacpi0: Sleep Button (fixed)\nTimecounter \"ACPI-safe\" frequency 3579545 Hz quality 1000\nacpi_timer0: \u003c32-bit timer at 3.579545MHz\u003e port 0x508-0x50b on acpi0\ncpu0: \u003cACPI CPU\u003e on acpi0\ncpu1: \u003cACPI CPU\u003e on acpi0\npcib0: \u003cACPI Host-PCI bridge\u003e port 0xcf8-0xcff on acpi0\npci0: \u003cACPI PCI bus\u003e on pcib0\npcib1: \u003cACPI PCI-PCI bridge\u003e at device 1.0 on pci0\npci1: \u003cACPI PCI bus\u003e on pcib1\npcib2: \u003cACPI PCI-PCI bridge\u003e at device 13.0 on pci1\npci2: \u003cACPI PCI bus\u003e on pcib2\natapci0: \u003cServerWorks HT1000 SATA150 controller\u003e port 0xb080-0xb087,0xb000-0xb00\n3,0xac00-0xac07,0xa880-0xa883,0xa800-0xa81f mem 0xff4fe000-0xff4fffff irq 11 at\ndevice 14.0 on pci1\nata2: \u003cATA channel 0\u003e on atapci0\nata3: \u003cATA channel 1\u003e on atapci0\nata4: \u003cATA channel 2\u003e on atapci0\nata5: \u003cATA channel 3\u003e on atapci0\natapci1: \u003cServerWorks HT1000 UDMA100 controller\u003e port 0x1f0-0x1f7,0x3f6,0x170-0x\n177,0x376,0xffa0-0xffaf at device 2.1 on pci0\nata0: \u003cATA channel 0\u003e on atapci1\nata1: \u003cATA channel 1\u003e on atapci1\nisab0: \u003cPCI-ISA bridge\u003e at device 2.2 on pci0\nisa0: \u003cISA bus\u003e on isab0\nohci0: \u003cOHCI (generic) USB controller\u003e port 0xd400-0xd4ff mem 0xff6e8000-0xff6e8\nfff irq 10 at device 3.0 on pci0\nohci0: [GIANT-LOCKED]\nusb0: OHCI version 1.0, legacy support\nusb0: SMM does not respond, resetting\nusb0: \u003cOHCI (generic) USB controller\u003e on ohci0\nusb0: USB revision 1.0\nuhub0: (0x1166) OHCI root hub, class 9/0, rev 1.00/1.00, addr 1\nuhub0: 2 ports with 2 removable, self powered\nohci1: \u003cOHCI (generic) USB controller\u003e port 0xd800-0xd8ff mem 0xff6e9000-0xff6e9\nfff irq 10 at device 3.1 on pci0\nohci1: [GIANT-LOCKED]\nusb1: OHCI version 1.0, legacy support\nusb1: SMM does not respond, resetting\nusb1: \u003cOHCI (generic) USB controller\u003e on ohci1\nusb1: USB revision 1.0\nuhub1: (0x1166) OHCI root hub, class 9/0, rev 1.00/1.00, addr 1\nuhub1: 2 ports with 2 removable, self powered\nehci0: \u003cEHCI (generic) USB 2.0 controller\u003e port 0xe800-0xe8ff mem 0xff6ea000-0xf\nf6eafff irq 10 at device 3.2 on pci0\nehci0: [GIANT-LOCKED]\nusb2: EHCI version 1.0\nusb2: companion controllers, 2 ports each: usb0 usb1\nusb2: \u003cEHCI (generic) USB 2.0 controller\u003e on ehci0\nusb2: USB revision 2.0\nuhub2: (0x1166) EHCI root hub, class 9/0, rev 2.00/1.00, addr 1\nuhub2: 4 ports with 4 removable, self powered\npcib3: \u003cACPI PCI-PCI bridge\u003e at device 6.0 on pci0\npci3: \u003cACPI PCI bus\u003e on pcib3\npcib4: \u003cACPI PCI-PCI bridge\u003e at device 7.0 on pci0\npci4: \u003cACPI PCI bus\u003e on pcib4\nbge0: \u003cBroadcom BCM5714 B3, ASIC rev. 0x8003\u003e mem 0xff5d0000-0xff5dffff,0xff5c00\n00-0xff5cffff irq 26 at device 4.0 on pci4\nmiibus0: \u003cMII bus\u003e on bge0\nbrgphy0: \u003cBCM5780 10/100/1000baseTX PHY\u003e on miibus0\nbrgphy0:  10baseT, 10baseT-FDX, 100baseTX, 100baseTX-FDX, 1000baseTX, 1000baseTX\n-FDX, auto\nbge0: Ethernet address: 00:e0:81:45:7c:8a\nbge1: \u003cBroadcom BCM5714 B3, ASIC rev. 0x8003\u003e mem 0xff5f0000-0xff5fffff,0xff5e00\n00-0xff5effff irq 27 at device 4.1 on pci4\nmiibus1: \u003cMII bus\u003e on bge1\nbrgphy1: \u003cBCM5780 10/100/1000baseTX PHY\u003e on miibus1\nbrgphy1:  10baseT, 10baseT-FDX, 100baseTX, 100baseTX-FDX, 1000baseTX, 1000baseTX\n-FDX, auto\nbge1: Ethernet address: 00:e0:81:45:7c:8b\npcib5: \u003cACPI PCI-PCI bridge\u003e at device 8.0 on pci0\npci5: \u003cACPI PCI bus\u003e on pcib5\npcib6: \u003cACPI PCI-PCI bridge\u003e at device 9.0 on pci0\npci6: \u003cACPI PCI bus\u003e on pcib6\npcib7: \u003cACPI PCI-PCI bridge\u003e at device 10.0 on pci0\npci7: \u003cACPI PCI bus\u003e on pcib7\npcib8: \u003cACPI PCI-PCI bridge\u003e at device 11.0 on pci0\npci8: \u003cACPI PCI bus\u003e on pcib8\npci0: \u003cdisplay, VGA\u003e at device 12.0 (no driver attached)\nacpi_button0: \u003cPower Button\u003e on acpi0\nsio0: configured irq 4 not in bitmap of probed irqs 0\nsio0: port may not be enabled\nsio0: \u003c16550A-compatible COM port\u003e port 0x3f8-0x3ff irq 4 flags 0x10 on acpi0\nsio0: type 16550A\nsio1: configured irq 3 not in bitmap of probed irqs 0\nsio1: port may not be enabled\nsio1: \u003c16550A-compatible COM port\u003e port 0x2f8-0x2ff irq 3 on acpi0\nsio1: type 16550A\nfdc0: \u003cfloppy drive controller (FDE)\u003e port 0x3f0-0x3f5,0x3f7 irq 6 drq 2 on acpi\n0\nfdc0: [FAST]\natkbdc0: \u003cKeyboard controller (i8042)\u003e port 0x60,0x64 irq 1 on acpi0\natkbd0: \u003cAT Keyboard\u003e flags 0x1 irq 1 on atkbdc0\nkbd0 at atkbd0\natkbd0: [GIANT-LOCKED]\norm0: \u003cISA Option ROMs\u003e at iomem 0xc0000-0xc8fff,0xc9000-0xcafff on isa0\nppc0: cannot reserve I/O port range\nsc0: \u003cSystem console\u003e at flags 0x100 on isa0\nsc0: VGA \u003c16 virtual consoles, flags=0x300\u003e\nvga0: \u003cGeneric ISA VGA\u003e at port 0x3c0-0x3df iomem 0xa0000-0xbffff on isa0\nTimecounters tick every 1.000 msec\nipfw2 (+ipv6) initialized, divert loadable, rule-based forwarding disabled, defa\nult to deny, logging limited to 100 packets/entry by default\nad4: 70911MB \u003cWDC WD740ADFD-00NLR1 20.07P20\u003e at ata2-master SATA150\nSMP: AP CPU #1 Launched!\nTrying to mount root from ufs:/dev/ad4s1a"
}