{
 "id": 466321,
 "bug_id": 127901,
 "attachment_id": 0,
 "creation_time": "2008-10-06T13:40:01Z",
 "creator": "andy@demos.su",
 "text": " \n ahd0: \u003cAdaptec AIC7902 Ultra320 SCSI adapter\u003e port 0x2400-0x24ff,0x2000-0x20ff mem 0xf8c00000-0xf8c01fff irq 16 at device 4.0 on pci13\n \n On boot:\n (probe131:ahd0:0:5:0): inquiry data fails comparison at DV1 step\n (probe131:ahd0:0:5:0): inquiry data fails comparison at DV1 step\n (probe131:ahd0:0:5:0): inquiry data fails comparison at DV1 step\n (probe131:ahd0:0:5:0): inquiry data fails comparison at DV1 step\n (probe131:ahd0:0:5:0): inquiry data fails comparison at DV1 step\n \n External RAID failed to 6.600MB/s transfers (16bit),\n under FreeBSD 6.2-STABLE worked as SCSI-4 device at 160.000MB/s.\n \n dmesg:\n\n Copyright (c) 1992-2008 The FreeBSD Project.\n Copyright (c) 1979, 1980, 1983, 1986, 1988, 1989, 1991, 1992, 1993, 1994\n \tThe Regents of the University of California. All rights reserved.\n FreeBSD is a registered trademark of The FreeBSD Foundation.\n FreeBSD 7.1-PRERELEASE #6: Wed Sep 17 23:53:59 MSD 2008\n     andy@spiritus.demos.su:/mnt/obj/usr/src/sys/SPIRITUS\n Timecounter \"i8254\" frequency 1193182 Hz quality 0\n CPU: Intel(R) Xeon(R) CPU           E5420  @ 2.50GHz (2506.24-MHz 686-class CPU)\n   Origin = \"GenuineIntel\"  Id = 0x10676  Stepping = 6\n   Features=0xbfebfbff\u003cFPU,VME,DE,PSE,TSC,MSR,PAE,MCE,CX8,APIC,SEP,MTRR,PGE,MCA,CMOV,PAT,PSE36,CLFLUSH,DTS,ACPI,MMX,FXSR,SSE,SSE2,SS,HTT,TM,PBE\u003e\n   Features2=0xce3bd\u003cSSE3,RSVD2,MON,DS_CPL,VMX,EST,TM2,SSSE3,CX16,xTPR,PDCM,DCA,\u003cb19\u003e\u003e\n   AMD Features=0x20100000\u003cNX,LM\u003e\n   AMD Features2=0x1\u003cLAHF\u003e\n   Cores per package: 4\n real memory  = 3753902080 (3580 MB)\n avail memory = 3667906560 (3497 MB)\n ACPI APIC Table: \u003cINTEL  S5000PAL\u003e\n FreeBSD/SMP: Multiprocessor System Detected: 8 CPUs\n  cpu0 (BSP): APIC ID:  0\n  cpu1 (AP): APIC ID:  1\n  cpu2 (AP): APIC ID:  2\n  cpu3 (AP): APIC ID:  3\n  cpu4 (AP): APIC ID:  4\n  cpu5 (AP): APIC ID:  5\n  cpu6 (AP): APIC ID:  6\n  cpu7 (AP): APIC ID:  7\n ioapic0 \u003cVersion 2.0\u003e irqs 0-23 on motherboard\n ioapic1 \u003cVersion 2.0\u003e irqs 24-47 on motherboard\n lapic0: Forcing LINT1 to edge trigger\n kbd1 at kbdmux0\n acpi0: \u003cINTEL S5000PAL\u003e on motherboard\n acpi0: [ITHREAD]\n acpi0: Power Button (fixed)\n Timecounter \"ACPI-fast\" frequency 3579545 Hz quality 1000\n acpi_timer0: \u003c24-bit timer at 3.579545MHz\u003e port 0x408-0x40b on acpi0\n acpi_hpet0: \u003cHigh Precision Event Timer\u003e iomem 0xfed00000-0xfed003ff on acpi0\n Timecounter \"HPET\" frequency 14318180 Hz quality 900\n acpi_button0: \u003cPower Button\u003e on acpi0\n pcib0: \u003cACPI Host-PCI bridge\u003e port 0xca2,0xca3,0xcf8-0xcff on acpi0\n pci0: \u003cACPI PCI bus\u003e on pcib0\n pcib1: \u003cACPI PCI-PCI bridge\u003e at device 2.0 on pci0\n pci1: \u003cACPI PCI bus\u003e on pcib1\n pcib2: \u003cACPI PCI-PCI bridge\u003e irq 16 at device 0.0 on pci1\n pci2: \u003cACPI PCI bus\u003e on pcib2\n pcib3: \u003cACPI PCI-PCI bridge\u003e irq 16 at device 0.0 on pci2\n pci3: \u003cACPI PCI bus\u003e on pcib3\n pcib4: \u003cACPI PCI-PCI bridge\u003e at device 0.0 on pci3\n pci4: \u003cACPI PCI bus\u003e on pcib4\n mpt0: \u003cLSILogic SAS/SATA Adapter\u003e port 0x4000-0x40ff mem 0xf8910000-0xf8913fff,0xf8900000-0xf890ffff irq 16 at device 8.0 on pci4\n mpt0: [ITHREAD]\n mpt0: MPI Version=1.5.13.0\n pcib5: \u003cPCI-PCI bridge\u003e at device 0.2 on pci3\n pci5: \u003cPCI bus\u003e on pcib5\n pcib6: \u003cACPI PCI-PCI bridge\u003e irq 16 at device 1.0 on pci2\n pci6: \u003cACPI PCI bus\u003e on pcib6\n pcib7: \u003cACPI PCI-PCI bridge\u003e irq 16 at device 2.0 on pci2\n pci7: \u003cACPI PCI bus\u003e on pcib7\n em0: \u003cIntel(R) PRO/1000 Network Connection 6.9.5\u003e port 0x3020-0x303f mem 0xf8820000-0xf883ffff,0xf8400000-0xf87fffff irq 18 at device 0.0 on pci7\n em0: Using MSI interrupt\n em0: [FILTER]\n em0: Ethernet address: 00:15:17:77:66:a4\n em1: \u003cIntel(R) PRO/1000 Network Connection 6.9.5\u003e port 0x3000-0x301f mem 0xf8800000-0xf881ffff,0xf8000000-0xf83fffff irq 19 at device 0.1 on pci7\n em1: Using MSI interrupt\n em1: [FILTER]\n em1: Ethernet address: 00:15:17:77:66:a5\n pcib8: \u003cACPI PCI-PCI bridge\u003e at device 0.3 on pci1\n pci8: \u003cACPI PCI bus\u003e on pcib8\n pcib9: \u003cPCI-PCI bridge\u003e at device 3.0 on pci0\n pci9: \u003cPCI bus\u003e on pcib9\n pcib10: \u003cACPI PCI-PCI bridge\u003e at device 4.0 on pci0\n pci10: \u003cACPI PCI bus\u003e on pcib10\n pcib11: \u003cACPI PCI-PCI bridge\u003e at device 5.0 on pci0\n pci11: \u003cACPI PCI bus\u003e on pcib11\n pcib12: \u003cACPI PCI-PCI bridge\u003e at device 6.0 on pci0\n pci12: \u003cACPI PCI bus\u003e on pcib12\n pcib13: \u003cPCI-PCI bridge\u003e mem 0xf8d00000-0xf8d01fff irq 16 at device 0.0 on pci12\n pci13: \u003cPCI bus\u003e on pcib13\n ahd0: \u003cAdaptec AIC7902 Ultra320 SCSI adapter\u003e port 0x2400-0x24ff,0x2000-0x20ff mem 0xf8c00000-0xf8c01fff irq 16 at device 4.0 on pci13\n ahd0: [ITHREAD]\n aic7902: Ultra320 Wide Channel A, SCSI Id=7, PCI-X 101-133Mhz, 512 SCBs\n pcib14: \u003cACPI PCI-PCI bridge\u003e at device 7.0 on pci0\n pci14: \u003cACPI PCI bus\u003e on pcib14\n pci0: \u003cbase peripheral\u003e at device 8.0 (no driver attached)\n uhci0: \u003cIntel 631XESB/632XESB/3100 USB controller USB-1\u003e port 0x5080-0x509f irq 23 at device 29.0 on pci0\n uhci0: [GIANT-LOCKED]\n uhci0: [ITHREAD]\n usb0: \u003cIntel 631XESB/632XESB/3100 USB controller USB-1\u003e on uhci0\n usb0: USB revision 1.0\n uhub0: \u003cIntel UHCI root hub, class 9/0, rev 1.00/1.00, addr 1\u003e on usb0\n uhub0: 2 ports with 2 removable, self powered\n uhci1: \u003cIntel 631XESB/632XESB/3100 USB controller USB-2\u003e port 0x5060-0x507f irq 22 at device 29.1 on pci0\n uhci1: [GIANT-LOCKED]\n uhci1: [ITHREAD]\n usb1: \u003cIntel 631XESB/632XESB/3100 USB controller USB-2\u003e on uhci1\n usb1: USB revision 1.0\n uhub1: \u003cIntel UHCI root hub, class 9/0, rev 1.00/1.00, addr 1\u003e on usb1\n uhub1: 2 ports with 2 removable, self powered\n uhci2: \u003cIntel 631XESB/632XESB/3100 USB controller USB-3\u003e port 0x5040-0x505f irq 23 at device 29.2 on pci0\n uhci2: [GIANT-LOCKED]\n uhci2: [ITHREAD]\n usb2: \u003cIntel 631XESB/632XESB/3100 USB controller USB-3\u003e on uhci2\n usb2: USB revision 1.0\n uhub2: \u003cIntel UHCI root hub, class 9/0, rev 1.00/1.00, addr 1\u003e on usb2\n uhub2: 2 ports with 2 removable, self powered\n uhci3: \u003cIntel 631XESB/632XESB/3100 USB controller USB-4\u003e port 0x5020-0x503f irq 22 at device 29.3 on pci0\n uhci3: [GIANT-LOCKED]\n uhci3: [ITHREAD]\n usb3: \u003cIntel 631XESB/632XESB/3100 USB controller USB-4\u003e on uhci3\n usb3: USB revision 1.0\n uhub3: \u003cIntel UHCI root hub, class 9/0, rev 1.00/1.00, addr 1\u003e on usb3\n uhub3: 2 ports with 2 removable, self powered\n ehci0: \u003cIntel 63XXESB USB 2.0 controller\u003e mem 0xf8e00400-0xf8e007ff irq 23 at device 29.7 on pci0\n ehci0: [GIANT-LOCKED]\n ehci0: [ITHREAD]\n usb4: EHCI version 1.0\n usb4: companion controllers, 2 ports each: usb0 usb1 usb2 usb3\n usb4: \u003cIntel 63XXESB USB 2.0 controller\u003e on ehci0\n usb4: USB revision 2.0\n uhub4: \u003cIntel EHCI root hub, class 9/0, rev 2.00/1.00, addr 1\u003e on usb4\n uhub4: 8 ports with 8 removable, self powered\n umass0: \u003cIntel(R) Multidevice, class 0/0, rev 2.00/0.01, addr 2\u003e on uhub4\n umass1: \u003cIntel(R) Multidevice, class 0/0, rev 2.00/0.01, addr 2\u003e on uhub4\n umass2: \u003cIntel(R) Multidevice, class 0/0, rev 2.00/0.01, addr 2\u003e on uhub4\n umass3: \u003cIntel(R) Multidevice, class 0/0, rev 2.00/0.01, addr 2\u003e on uhub4\n ums0: \u003cIntel(R) Multidevice, class 0/0, rev 2.00/0.01, addr 2\u003e on uhub4\n ums0: X report 0x0022 not supported\n device_attach: ums0 attach returned 6\n pcib15: \u003cACPI PCI-PCI bridge\u003e at device 30.0 on pci0\n pci15: \u003cACPI PCI bus\u003e on pcib15\n vgapci0: \u003cVGA-compatible display\u003e port 0x1000-0x10ff mem 0xf0000000-0xf7ffffff,0xf8b00000-0xf8b0ffff irq 17 at device 12.0 on pci15\n isab0: \u003cPCI-ISA bridge\u003e at device 31.0 on pci0\n isa0: \u003cISA bus\u003e on isab0\n atapci0: \u003cIntel 63XXESB2 UDMA100 controller\u003e port 0x1f0-0x1f7,0x3f6,0x170-0x177,0x376,0x50b0-0x50bf irq 20 at device 31.1 on pci0\n ata0: \u003cATA channel 0\u003e on atapci0\n ata0: [ITHREAD]\n ata1: \u003cATA channel 1\u003e on atapci0\n ata1: [ITHREAD]\n atapci1: \u003cIntel 63XXESB2 SATA300 controller\u003e port 0x50c8-0x50cf,0x50e4-0x50e7,0x50c0-0x50c7,0x50e0-0x50e3,0x50a0-0x50af mem 0xf8e00000-0xf8e003ff irq 20 at device 31.2 on pci0\n atapci1: [ITHREAD]\n ata2: \u003cATA channel 0\u003e on atapci1\n ata2: [ITHREAD]\n ata3: \u003cATA channel 1\u003e on atapci1\n ata3: [ITHREAD]\n ichsmb0: \u003cIntel 631xESB/6321ESB (ESB2) SMBus controller\u003e port 0x5000-0x501f irq 20 at device 31.3 on pci0\n ichsmb0: [GIANT-LOCKED]\n ichsmb0: [ITHREAD]\n smbus0: \u003cSystem Management Bus\u003e on ichsmb0\n smb0: \u003cSMBus generic I/O\u003e on smbus0\n sio0: \u003c16550A-compatible COM port\u003e port 0x3f8-0x3ff irq 4 flags 0x10 on acpi0\n sio0: type 16550A\n sio0: [FILTER]\n sio1: \u003c16550A-compatible COM port\u003e port 0x2f8-0x2ff irq 3 on acpi0\n sio1: type 16550A\n sio1: [FILTER]\n atkbdc0: \u003cKeyboard controller (i8042)\u003e port 0x60,0x64 irq 1 on acpi0\n atkbd0: \u003cAT Keyboard\u003e irq 1 on atkbdc0\n kbd0 at atkbd0\n atkbd0: [GIANT-LOCKED]\n atkbd0: [ITHREAD]\n cpu0: \u003cACPI CPU\u003e on acpi0\n device_attach: acpi_perf0 attach returned 6\n device_attach: acpi_perf0 attach returned 6\n est0: failed to enable SpeedStep\n p4tcc0: \u003cCPU Frequency Thermal Control\u003e on cpu0\n cpu1: \u003cACPI CPU\u003e on acpi0\n device_attach: acpi_perf1 attach returned 6\n device_attach: acpi_perf1 attach returned 6\n est1: failed to enable SpeedStep\n p4tcc1: \u003cCPU Frequency Thermal Control\u003e on cpu1\n cpu2: \u003cACPI CPU\u003e on acpi0\n device_attach: acpi_perf2 attach returned 6\n device_attach: acpi_perf2 attach returned 6\n est2: failed to enable SpeedStep\n p4tcc2: \u003cCPU Frequency Thermal Control\u003e on cpu2\n cpu3: \u003cACPI CPU\u003e on acpi0\n device_attach: acpi_perf3 attach returned 6\n device_attach: acpi_perf3 attach returned 6\n est3: failed to enable SpeedStep\n p4tcc3: \u003cCPU Frequency Thermal Control\u003e on cpu3\n cpu4: \u003cACPI CPU\u003e on acpi0\n device_attach: acpi_perf4 attach returned 6\n device_attach: acpi_perf4 attach returned 6\n est4: failed to enable SpeedStep\n p4tcc4: \u003cCPU Frequency Thermal Control\u003e on cpu4\n cpu5: \u003cACPI CPU\u003e on acpi0\n device_attach: acpi_perf5 attach returned 6\n device_attach: acpi_perf5 attach returned 6\n est5: failed to enable SpeedStep\n p4tcc5: \u003cCPU Frequency Thermal Control\u003e on cpu5\n cpu6: \u003cACPI CPU\u003e on acpi0\n device_attach: acpi_perf6 attach returned 6\n device_attach: acpi_perf6 attach returned 6\n est6: failed to enable SpeedStep\n p4tcc6: \u003cCPU Frequency Thermal Control\u003e on cpu6\n cpu7: \u003cACPI CPU\u003e on acpi0\n device_attach: acpi_perf7 attach returned 6\n device_attach: acpi_perf7 attach returned 6\n est7: failed to enable SpeedStep\n p4tcc7: \u003cCPU Frequency Thermal Control\u003e on cpu7\n orm0: \u003cISA Option ROM\u003e at iomem 0xc0000-0xc8fff pnpid ORM0000 on isa0\n ppc0: parallel port not found.\n sc0: \u003cSystem console\u003e at flags 0x100 on isa0\n sc0: VGA \u003c16 virtual consoles, flags=0x300\u003e\n vga0: \u003cGeneric ISA VGA\u003e at port 0x3c0-0x3df iomem 0xa0000-0xbffff on isa0\n Timecounters tick every 1.000 msec\n ipfw2 initialized, divert enabled, nat loadable, rule-based forwarding enabled, default to accept, logging disabled\n acd0: DVDROM \u003cDV-28E-V/1.AC\u003e at ata0-slave UDMA33\n Waiting 3 seconds for SCSI devices to settle\n (probe131:ahd0:0:5:0): inquiry data fails comparison at DV1 step\n (probe131:ahd0:0:5:0): inquiry data fails comparison at DV1 step\n (probe131:ahd0:0:5:0): inquiry data fails comparison at DV1 step\n (probe131:ahd0:0:5:0): inquiry data fails comparison at DV1 step\n (probe131:ahd0:0:5:0): inquiry data fails comparison at DV1 step\n ses0 at mpt0 bus 0 target 9 lun 0\n ses0: \u003cESG-SHV. SCA HSBP M11.... 1.41\u003e Fixed Enclosure Services SCSI-3 device \n ses0: 300.000MB/s transfers\n ses0: SCSI-3 SES Device\n da0 at mpt0 bus 0 target 1 lun 0\n da0: \u003cFUJITSU MBA3073RC 0103\u003e Fixed Direct Access SCSI-5 device \n da0: 300.000MB/s transfers\n da0: Command Queueing Enabled\n da0: 70136MB (143638992 512 byte sectors: 255H 63S/T 8941C)\n da1 at mpt0 bus 0 target 2 lun 0\n da1: \u003cFUJITSU MBA3073RC 0103\u003e Fixed Direct Access SCSI-5 device \n da1: 300.000MB/s transfers\n da1: Command Queueing Enabled\n da1: 70136MB (143638992 512 byte sectors: 255H 63S/T 8941C)\n da2 at mpt0 bus 0 target 3 lun 0\n da2: \u003cSEAGATE ST373455SS S515\u003e Fixed Direct Access SCSI-5 device \n da2: 300.000MB/s transfers\n da2: Command Queueing Enabled\n da2: 70007MB (143374650 512 byte sectors: 255H 63S/T 8924C)\n da3 at mpt0 bus 0 target 4 lun 0\n da3: \u003cATA ST3320620AS K\u003e Fixed Direct Access SCSI-5 device \n da3: 300.000MB/s transfers\n da3: Command Queueing Enabled\n da3: 305245MB (625142448 512 byte sectors: 255H 63S/T 38913C)\n da5 at ahd0 bus 0 target 5 lun 0\n da5: \u003cIFT IFT-7200 0145\u003e Fixed Direct Access SCSI-4 device \n da5: 6.600MB/s transfers (16bit)\n da5: Command Queueing Enabled\n da5: 457883MB (937744896 512 byte sectors: 255H 63S/T 58371C)\n cd0 at umass-sim0 bus 0 target 0 lun 0\n cd0: \u003cIntel(R) RMM2 VDrive 1 0.01\u003e Removable CD-ROM SCSI-3 device \n cd0: 40.000MB/s transfers\n cd0: Attempt to query device size failed: NOT READY, Medium not present\n cd1 at umass-sim1 bus 1 target 0 lun 0\n cd1: \u003cIntel(R) RMM2 VDrive 2 0.01\u003e Removable CD-ROM SCSI-3 device \n cd1: 40.000MB/s transfers\n cd1: Attempt to query device size failed: NOT READY, Medium not present\n cd2 at umass-sim2 bus 2 target 0 lun 0\n cd2: \u003cIntel(R) RMM2 VDrive 3 0.01\u003e Removable CD-ROM SCSI-3 device \n cd2: 40.000MB/s transfers\n cd2: Attempt to query device size failed: NOT READY, Medium not present\n cd3 at umass-sim3 bus 3 target 0 lun 0\n cd3: \u003cIntel(R) RMM2 VDrive 4 0.01\u003e Removable CD-ROM SCSI-3 device \n cd3: 40.000MB/s transfers\n cd3: Attempt to query device size failed: NOT READY, Medium not present\n lapic1: Forcing LINT1 to edge trigger\n SMP: AP CPU #1 Launched!\n lapic2: Forcing LINT1 to edge trigger\n SMP: AP CPU #2 Launched!\n lapic3: Forcing LINT1 to edge trigger\n SMP: AP CPU #3 Launched!\n lapic4: Forcing LINT1 to edge trigger\n SMP: AP CPU #4 Launched!\n lapic7: Forcing LINT1 to edge trigger\n SMP: AP CPU #7 Launched!\n lapic5: Forcing LINT1 to edge trigger\n SMP: AP CPU #5 Launched!\n lapic6: Forcing LINT1 to edge trigger\n SMP: AP CPU #6 Launched!\n Trying to mount root from ufs:/dev/da0s1a\n\nHow-To-Repeat:  Connect any external SCSI RAID to 7.1 box"
}