{
 "id": 488033,
 "bug_id": 132312,
 "attachment_id": 0,
 "creation_time": "2009-03-04T17:10:02Z",
 "creator": "opensource2005@yandex.ru",
 "text": "After perfoming upgrade to Xorg 7.4, it halts my internal USB controller completely. I have this in /var/log/messages:\n\nMar  4 19:42:51 freebsd kernel: usb3: unrecoverable error, controller halted\nMar  4 19:42:51 freebsd kernel: usb3: blocking intrs 0x10\n\nPart of my dmesg:\n\nCopyright (c) 1992-2009 The FreeBSD Project.\nCopyright (c) 1979, 1980, 1983, 1986, 1988, 1989, 1991, 1992, 1993, 1994\n        The Regents of the University of California. All rights reserved.\nFreeBSD is a registered trademark of The FreeBSD Foundation.\nFreeBSD 7.1-STABLE #0: Sun Feb 15 14:27:11 MSK 2009\n    root@freebsd.localhost:/usr/obj/usr/src/sys/I686VESA7R\nTimecounter \"i8254\" frequency 1193182 Hz quality 0\nCPU: Intel(R) Celeron(R) CPU 2.20GHz (2200.17-MHz 686-class CPU)\n  Origin = \"GenuineIntel\"  Id = 0xf29  Stepping = 9\n  Features=0xbfebfbff\u003cFPU,VME,DE,PSE,TSC,MSR,PAE,MCE,CX8,APIC,SEP,MTRR,PGE,MCA,C\nMOV,PAT,PSE36,CLFLUSH,DTS,ACPI,MMX,FXSR,SSE,SSE2,SS,HTT,TM,PBE\u003e\n  Features2=0x4400\u003cCNXT-ID,xTPR\u003e\nreal memory  = 1006612480 (959 MB)\navail memory = 975761408 (930 MB)\nACPI APIC Table: \u003cASUS   D1      \u003e\nioapic0 \u003cVersion 8.0\u003e irqs 0-23 on motherboard\nkbd1 at kbdmux0\nkqemu version 0x00010300\nkqemu: KQEMU installed, max_locked_mem=487144kB.\nacpi0: \u003cASUS D1\u003e on motherboard\nacpi0: Overriding SCI Interrupt from IRQ 9 to IRQ 20\nacpi0: [ITHREAD]\nacpi0: Power Button (fixed)\nacpi0: reservation of 0, a0000 (3) failed\nacpi0: reservation of 100000, 3bf00000 (3) failed\nTimecounter \"ACPI-fast\" frequency 3579545 Hz quality 1000\nacpi_timer0: \u003c24-bit timer at 3.579545MHz\u003e port 0xe408-0xe40b on acpi0\nacpi_acad0: \u003cAC Adapter\u003e on acpi0\nbattery0: \u003cACPI Control Method Battery\u003e on acpi0\nacpi_lid0: \u003cControl Method Lid Switch\u003e on acpi0\nacpi_button0: \u003cPower Button\u003e on acpi0\nacpi_button1: \u003cSleep Button\u003e on acpi0\npcib0: \u003cACPI Host-PCI bridge\u003e port 0xcf8-0xcff on acpi0\npci0: \u003cACPI PCI bus\u003e on pcib0\nagp0: \u003cSiS 650 host to AGP bridge\u003e on hostb0\npcib1: \u003cACPI PCI-PCI bridge\u003e at device 1.0 on pci0\npci1: \u003cACPI PCI bus\u003e on pcib1\nvgapci0: \u003cVGA-compatible display\u003e port 0xd800-0xd87f mem 0xe8000000-0xefffffff,0\nxcf800000-0xcf81ffff irq 16 at device 0.0 on pci1\nisab0: \u003cPCI-ISA bridge\u003e at device 2.0 on pci0\nisa0: \u003cISA bus\u003e on isab0\natapci0: \u003cSiS 962 UDMA133 controller\u003e port 0x1f0-0x1f7,0x3f6,0x170-0x177,0x376,0\nxa400-0xa40f irq 16 at device 2.5 on pci0\nata0: \u003cATata0: [ITHREAD]\nata1: \u003cATA channel 1\u003e on atapci0\nata1: [ITHREAD]\npcm0: \u003cSiS 7012\u003e port 0x9400-0x94ff,0x9000-0x907f irq 18 at device 2.7 on pci0\npcm0: [ITHREAD]\npcm0: \u003cAvance Logic ALC650 AC97 Codec\u003e\nohci0: \u003cSiS 5571 USB controller\u003e mem 0xce800000-0xce800fff irq 20 at device 3.0 \non pci0\nohci0: [GIANT-LOCKED]\nohci0: [ITHREAD]\nusb0: OHCI version 1.0, legacy support\nusb0: SMM does not respond, resetting\nusb0: \u003cSiS 5571 USB controller\u003e on ohci0\nusb0: USB revision 1.0\nuhub0: \u003cSiS OHCI root hub, class 9/0, rev 1.00/1.00, addr 1\u003e on usb0\nuhub0: 2 ports with 2 removable, self powered\nohci1: \u003cSiS 5571 USB controller\u003e mem 0xce000000-0xce000fff irq 21 at device 3.1 \non pci0\nohci1: [GIANT-LOCKED]\nohci1: [ITHREAD]\nusb1: OHCI version 1.0, legacy support\nusb1: SMM does not respond, resetting\nusb1: \u003cSiS 5571 USB controller\u003e on ohci1\nusb1: USB revision 1.0\nuhub1: \u003cSiS OHCI root hub, class 9/0, rev 1.00/1.00, addr 1\u003e on usb1\nuhub1: 2 ports with 2 removable, self powered\nohci2: \u003cSiS 5571 USB controller\u003e mem 0xcd800000-0xcd800fff irq 22 at device 3.2 \non pci0\nohci2: [GIANT-LOCKED]\nohci2: [ITHREAD]\nusb2: OHCI version 1.0, legacy support\nusb2: SMM does not respond, resetting\nusb2: \u003cSiS 5571 USB controller\u003e on ohci2\nusb2: USB revision 1.0\nuhub2: \u003cSiS OHCI root hub, class 9/0, rev 1.00/1.00, addr 1\u003e on usb2\nuhub2: 2 ports with 2 removable, self powered\nehci0: \u003cEHCI (generic) USB 2.0 controller\u003e mem 0xcd000000-0xcd000fff irq 23 at d\nevice 3.3 on pci0\nehci0: [GIANT-LOCKED]\nehci0: [ITHREAD]\nusb3: EHCI version 1.0\nusb3: companion controllers, 2 ports each: usb0 usb1 usb2\nusb3: \u003cEHCI (generic) USB 2.0 controller\u003e on ehci0\nusb3: USB revision 2.0\nuhub3: \u003cSiS EHCI root hub, class 9/0, rev 2.00/1.00, addr 1\u003e on usb3\nuhub3: 6 ports with 6 removable, self poweredA channel 0\u003e on atapci0\numass0: \u003cProlific Technology Inc. ATAPI-6 Bridge Controller, class 0/0, rev 2.00\n/0.01, addr 2\u003e on uhub3\nuhub4: \u003cvendor 0x05e3 USB2.0 Hub, class 9/0, rev 2.00/7.02, addr 3\u003e on uhub3\nuhub4: single transaction translator\nuhub4: 4 ports with 4 removable, self powered\nuhub5: \u003cvendor 0x05e3 USB2.0 Hub, class 9/0, rev 2.00/7.02, addr 4\u003e on uhub4\nuhub5: single transaction translator\nuhub5: 4 ports with 4 removable, self powered\n\nXorg has compiled without HAL and AIGLX options.\n\nHow-To-Repeat: start Xorg 7.4 on same hardware."
}