{
 "id": 403178,
 "bug_id": 114899,
 "attachment_id": 0,
 "creation_time": "2007-07-25T15:40:06Z",
 "creator": "stefano.guidi@it.transport.bombardier.com",
 "text": "Hello,\n\nThis is a problem report, as far as I understand, for an already known problem.\n\nSometimes we experience a lock in the ethernet card that causes our\napplication to halt. In the /var/log/messages I see the message \"bge0:\nwatchdog timeout -- resetting\".\n\nI wrote this mail because I've seen that the problem is reported in many \nails always for the FreeBSD-6.x, but we are using a previous version (5.4)\nand we got exactly the same problem. I hope that following informations\ncan help somehow.  I've not been able to find any solution in the mail\nthreads I've read, so, if someone knows how to solve it, or, meanwhile,\nit has been solved...\n\nThank you\nS.Guidi\n\nThe machine is not highly loaded (usually \u003c 10%)\nThis is the output of vmstat -i:\n\ninterrupt                          total       rate\nirq28: mpt0                        17742          0\nirq1: atkbd0                           2          0\nirq8: rtc                       24138043        128\nirq13: npx0                            1          0\nirq14: ata0                           46          0\nirq16: bge0 bge1+               23002998        121\nirq0: clk                       18856972         99\nTotal                           66015804        350\n\nAnd this is the output of dmesg (please look at the end of the file, at\nthe line stating \"Interrupt storm detected on \"irq16: bge0 bge1+\";\nthrottling interrupt source\", what does it mean?) :\n\nCopyright (c) 1992-2005 The FreeBSD Project.\nCopyright (c) 1979, 1980, 1983, 1986, 1988, 1989, 1991, 1992, 1993, 1994\n\tThe Regents of the University of California. All rights reserved.\nFreeBSD 5.4-FBSD-Bombardier #1: Fri Jul 22 14:50:49 UTC 2005\n    root@:/usr/obj/usr/src/sys/PREEMPTION\nACPI APIC Table: \u003cIBM    SERONYXP\u003e\nTimecounter \"i8254\" frequency 1193182 Hz quality 0\nCPU: Intel(R) Xeon(TM) CPU 3.00GHz (3000.12-MHz 686-class CPU)\n  Origin = \"GenuineIntel\"  Id = 0xf41  Stepping = 1\n  Features=0xbfebfbff\u003cFPU,VME,DE,PSE,TSC,MSR,PAE,MCE,CX8,APIC,SEP,MTRR,PGE,MCA,CMOV,PAT,PSE36,CLFLUSH,DTS,ACPI,MMX,FXSR,SSE,SSE2,SS,HTT,TM,PBE\u003e\n  Hyperthreading: 2 logical CPUs\nreal memory  = 1073532928 (1023 MB)\navail memory = 1040973824 (992 MB)\nioapic2 \u003cVersion 2.0\u003e irqs 48-71 on motherboard\nioapic1 \u003cVersion 2.0\u003e irqs 24-47 on motherboard\nioapic0 \u003cVersion 2.0\u003e irqs 0-23 on motherboard\nnpx0: \u003cmath processor\u003e on motherboard\nnpx0: INT 16 interface\nacpi0: \u003cIBM SERONYXP\u003e on motherboard\nacpi_bus_number: can't get _ADR\nacpi_bus_number: can't get _ADR\nacpi0: Power Button (fixed)\nacpi_bus_number: can't get _ADR\nacpi_bus_number: can't get _ADR\nTimecounter \"ACPI-fast\" frequency 3579545 Hz quality 1000\nacpi_timer0: \u003c24-bit timer at 3.579545MHz\u003e port 0x588-0x58b on acpi0\ncpu0: \u003cACPI CPU\u003e on acpi0\npcib0: \u003cACPI Host-PCI bridge\u003e on acpi0\npci0: \u003cACPI PCI bus\u003e on pcib0\npci0: \u003cunknown\u003e at device 0.1 (no driver attached)\npcib1: \u003cACPI PCI-PCI bridge\u003e at device 2.0 on pci0\npci2: \u003cACPI PCI bus\u003e on pcib1\npcib2: \u003cACPI PCI-PCI bridge\u003e at device 4.0 on pci0\npci3: \u003cACPI PCI bus\u003e on pcib2\npcib3: \u003cACPI PCI-PCI bridge\u003e at device 0.0 on pci3\npci4: \u003cACPI PCI bus\u003e on pcib3\nmpt0: \u003cLSILogic 1030 Ultra4 Adapter\u003e port 0x4000-0x40ff mem 0xcffe0000-0xcffeffff,0xcfff0000-0xcfffffff irq 28 at device 1.0 on pci4\npcib4: \u003cACPI PCI-PCI bridge\u003e at device 0.2 on pci3\npci5: \u003cACPI PCI bus\u003e on pcib4\npcib5: \u003cACPI PCI-PCI bridge\u003e at device 6.0 on pci0\npci6: \u003cACPI PCI bus\u003e on pcib5\nbge0: \u003cBroadcom BCM5721 Gigabit Ethernet, ASIC rev. 0x4101\u003e mem 0xcdff0000-0xcdffffff irq 16 at device 0.0 on pci6\nmiibus0: \u003cMII bus\u003e on bge0\nbrgphy0: \u003cBCM5750 10/100/1000baseTX PHY\u003e on miibus0\nbrgphy0:  10baseT, 10baseT-FDX, 100baseTX, 100baseTX-FDX, 1000baseTX, 1000baseTX-FDX, auto\nbge0: Ethernet address: 00:11:25:a9:6e:64\npcib6: \u003cACPI PCI-PCI bridge\u003e at device 7.0 on pci0\npci7: \u003cACPI PCI bus\u003e on pcib6\nbge1: \u003cBroadcom BCM5721 Gigabit Ethernet, ASIC rev. 0x4101\u003e mem 0xcbff0000-0xcbffffff irq 16 at device 0.0 on pci7\nmiibus1: \u003cMII bus\u003e on bge1\nbrgphy1: \u003cBCM5750 10/100/1000baseTX PHY\u003e on miibus1\nbrgphy1:  10baseT, 10baseT-FDX, 100baseTX, 100baseTX-FDX, 1000baseTX, 1000baseTX-FDX, auto\nbge1: Ethernet address: 00:11:25:a9:6e:65\npci0: \u003cbase peripheral\u003e at device 8.0 (no driver attached)\nuhci0: \u003cIntel 82801EB (ICH5) USB controller USB-A\u003e port 0x2200-0x221f irq 16 at device 29.0 on pci0\nusb0: \u003cIntel 82801EB (ICH5) USB controller USB-A\u003e on uhci0\nusb0: USB revision 1.0\nuhub0: Intel UHCI root hub, class 9/0, rev 1.00/1.00, addr 1\nuhub0: 2 ports with 2 removable, self powered\nuhci1: \u003cIntel 82801EB (ICH5) USB controller USB-B\u003e port 0x2600-0x261f irq 19 at device 29.1 on pci0\nusb1: \u003cIntel 82801EB (ICH5) USB controller USB-B\u003e on uhci1\nusb1: USB revision 1.0\nuhub1: Intel UHCI root hub, class 9/0, rev 1.00/1.00, addr 1\nuhub1: 2 ports with 2 removable, self powered\npci0: \u003cserial bus, USB\u003e at device 29.7 (no driver attached)\npcib7: \u003cACPI PCI-PCI bridge\u003e at device 30.0 on pci0\npci1: \u003cACPI PCI bus\u003e on pcib7\npci1: \u003cdisplay, VGA\u003e at device 1.0 (no driver attached)\nisab0: \u003cPCI-ISA bridge\u003e at device 31.0 on pci0\nisa0: \u003cISA bus\u003e on isab0\natapci0: \u003cIntel ICH5 SATA150 controller\u003e port 0x480-0x48f,0x376,0x170-0x177,0x3f6,0x1f0-0x1f7 at device 31.2 on pci0\nata0: channel #0 on atapci0\nata1: channel #1 on atapci0\npci0: \u003cserial bus, SMBus\u003e at device 31.3 (no driver attached)\natkbdc0: \u003cKeyboard controller (i8042)\u003e port 0x60,0x64 irq 1 on acpi0\natkbd0: \u003cAT Keyboard\u003e irq 1 on atkbdc0\natkbd: unable to set the command byte.\nkbd0 at atkbd0\npsm0: unable to set the command byte.\nsio0: \u003c16550A-compatible COM port\u003e port 0x3f8-0x3ff irq 4 flags 0x10 on acpi0\nsio0: type 16550A\norm0: \u003cISA Option ROMs\u003e at iomem 0xce000-0xd1fff,0xcc800-0xcdfff,0xcb000-0xcc7ff,0xc0000-0xcafff on isa0\npmtimer0 on isa0\nppc0: parallel port not found.\nsc0: \u003cSystem console\u003e at flags 0x100 on isa0\nsc0: VGA \u003c16 virtual consoles, flags=0x300\u003e\nsio1: configured irq 3 not in bitmap of probed irqs 0\nsio1: port may not be enabled\nvga0: \u003cGeneric ISA VGA\u003e at port 0x3c0-0x3df iomem 0xa0000-0xbffff on isa0\nTimecounter \"TSC\" frequency 3000122542 Hz quality 800\nTimecounters tick every 10.000 msec\nacd0: DVDROM \u003cHL-DT-STDVD-ROM GDR8083N/0L02\u003e at ata0-master PIO4\nWaiting 15 seconds for SCSI devices to settle\nInterrupt storm detected on \"irq16: bge0 bge1+\"; throttling interrupt source\nses0 at mpt0 bus 0 target 8 lun 0\nses0: \u003cIBM 25P3495a S320  1 1\u003e Fixed Processor SCSI-2 device \nses0: 3.300MB/s transfers\nses0: SAF-TE Compliant Device\nda0 at mpt0 bus 0 target 0 lun 0\nda0: \u003cIBM-ESXS ST373207LC    FN B269\u003e Fixed Direct Access SCSI-4 device \nda0: 320.000MB/s transfers (160.000MHz, offset 63, 16bit), Tagged Queueing Enabled\nda0: 70006MB (143374000 512 byte sectors: 255H 63S/T 8924C)\nMounting root from ufs:/dev/da0s1a\n\nFix: \n\nOne suggested workaround was to disable acpi controller including the\nline hint.apic.0.disabled=\"1\" in file /boot/loader.conf but it doesn't\nwork because we got again the same problem.\nHow-To-Repeat: I'm not able to repeat the problem, it occurs quite seldom (~once a\nmonth), but when it happens it locks our application."
}