{
 "id": 1099629,
 "bug_id": 246003,
 "attachment_id": 0,
 "creation_time": "2020-04-28T16:34:11Z",
 "creator": "freebsd@kumba.dev",
 "text": "Running an Intel NUC here (NUC8i5BEH) which has an Intel I219 V6 chip in it that the em(4) driver handles.  Very sporadically, the machine will either outright lose network connectivity, or start to experience significantly-increased latency responding to network traffic.  Almost like how a traffic jam might start, is how it feels.\n\nThe machine is a Squid proxy server for my home network, and it seems accessing websites with large amounts of resources to fetch can more easily trigger whatever this bug is, though I have also triggered the bug with something as simple as editing a text file in nano over SSH.\n\nWhen the bug happens, I sometimes see my switch, a Netgear GS324T (S350 series), change the port over from 1Gbps to 100Mbps (green to orange on the LED).  If I ping the device from another machine on the network, the ping is either lost, the host is marked as \"down\", or the ping returns upwards of a few thousand milliseconds later.\n\nRecovering from the issue is usually only done by rebooting the machine.  Sometimes, if you just wait several minutes, the machine will eventually respond and behave normally.  This to me feels like a buffer being flooded too quickly.\n\nI have been using jumbo frames w/ an MTU of 9000.  As a test, I have lowered that down to 1500 to see if the issues remain.  It feels like this MIGHT be tied to Bug #218894, per the last comment in 2018.  If it is, lowering the MTU to 1500, or staying under 6k/pkt might avoid the issue, as it smells like a buffer in em(4) is not sized correctly on I219 chips to handle 9k/pkt jumbo frames.\n\nI am experiencing this issue on both the base em(4) driver (7.6.1-k) as well as the latest intel-em-kmod driver from ports (7.7.5).\n\n\nSome technical info (IP/DNS info removed):\n\ndmesg, shwoing the device going up/down a few times, including when I tried unplugging its cable from the switch:\n---\u003c\u003cBOOT\u003e\u003e---\nCopyright (c) 1992-2019 The FreeBSD Project.\nCopyright (c) 1979, 1980, 1983, 1986, 1988, 1989, 1991, 1992, 1993, 1994\n        The Regents of the University of California. All rights reserved.\nFreeBSD is a registered trademark of The FreeBSD Foundation.\nFreeBSD 12.1-RELEASE-p4 CUSTOM-12_1 amd64\nFreeBSD clang version 8.0.1 (tags/RELEASE_801/final 366581) (based on LLVM 8.0.1)\nVT(efifb): resolution 1024x768\nmodule zfsctrl already present!\nmodule_register: cannot register pci/em from kernel; already loaded from if_em_updated.ko\nModule pci/em failed to register: 17\nCPU: Intel(R) Core(TM) i5-8259U CPU @ 2.30GHz (2304.11-MHz K8-class CPU)\n  Origin=\"GenuineIntel\"  Id=0x806ea  Family=0x6  Model=0x8e  Stepping=10\n  Features=0xbfebfbff\u003cFPU,VME,DE,PSE,TSC,MSR,PAE,MCE,CX8,APIC,SEP,MTRR,PGE,MCA,CMOV,PAT,PSE36,CLFLUSH,DTS,ACPI,MMX,FXSR,SSE,SSE2,SS,HTT,TM,PBE\u003e\n  Features2=0x7ffafbbf\u003cSSE3,PCLMULQDQ,DTES64,MON,DS_CPL,VMX,EST,TM2,SSSE3,SDBG,FMA,CX16,xTPR,PDCM,PCID,SSE4.1,SSE4.2,x2APIC,MOVBE,POPCNT,TSCDLT,AESNI,XSAVE,OSXSAVE,AVX,F16C,RDRAND\u003e\n  AMD Features=0x2c100800\u003cSYSCALL,NX,Page1GB,RDTSCP,LM\u003e\n  AMD Features2=0x121\u003cLAHF,ABM,Prefetch\u003e\n  Structured Extended Features=0x29c67af\u003cFSGSBASE,TSCADJ,SGX,BMI1,AVX2,SMEP,BMI2,ERMS,INVPCID,NFPUSG,MPX,RDSEED,ADX,SMAP,CLFLUSHOPT,PROCTRACE\u003e\n  Structured Extended Features3=0x9c002400\u003cMD_CLEAR,TSXFA,IBPB,STIBP,L1DFL,SSBD\u003e\n  XSAVE Features=0xf\u003cXSAVEOPT,XSAVEC,XINUSE,XSAVES\u003e\n  VT-x: PAT,HLT,MTF,PAUSE,EPT,UG,VPID\n  TSC: P-state invariant, performance statistics\nreal memory  = 17179869184 (16384 MB)\navail memory = 16487288832 (15723 MB)\nCPU microcode: updated from 0xc6 to 0xca\nEvent timer \"LAPIC\" quality 600\nACPI APIC Table: \u003cINTEL  NUC8i5BE\u003e\nFreeBSD/SMP: Multiprocessor System Detected: 4 CPUs\nFreeBSD/SMP: 1 package(s) x 4 core(s)\nrandom: unblocking device.\nioapic0 \u003cVersion 2.0\u003e irqs 0-119 on motherboard\nLaunching APs: 3 2 1\nTimecounter \"TSC-low\" frequency 1152052507 Hz quality 1000\nrandom: entropy device external interface\nmodule_register_init: MOD_LOAD (vesa, 0xffffffff80b2e120, 0) error 19\nkbd0 at kbdmux0\nrandom: registering fast source Intel Secure Key RNG\nrandom: fast provider: \"Intel Secure Key RNG\"\nnexus0\nefirtc0: \u003cEFI Realtime Clock\u003e on motherboard\nefirtc0: registered as a time-of-day clock, resolution 1.000000s\ncryptosoft0: \u003csoftware crypto\u003e on motherboard\naesni0: \u003cAES-CBC,AES-CCM,AES-GCM,AES-ICM,AES-XTS\u003e on motherboard\nacpi0: \u003cINTEL NUC8i5BE\u003e on motherboard\nacpi0: Power Button (fixed)\ncpu0: \u003cACPI CPU\u003e on acpi0\nhpet0: \u003cHigh Precision Event Timer\u003e iomem 0xfed00000-0xfed003ff on acpi0\nTimecounter \"HPET\" frequency 24000000 Hz quality 950\nEvent timer \"HPET\" frequency 24000000 Hz quality 550\nEvent timer \"HPET1\" frequency 24000000 Hz quality 440\nEvent timer \"HPET2\" frequency 24000000 Hz quality 440\nEvent timer \"HPET3\" frequency 24000000 Hz quality 440\nEvent timer \"HPET4\" frequency 24000000 Hz quality 440\nattimer0: \u003cAT timer\u003e port 0x40-0x43,0x50-0x53 irq 0 on acpi0\nTimecounter \"i8254\" frequency 1193182 Hz quality 0\nEvent timer \"i8254\" frequency 1193182 Hz quality 100\nTimecounter \"ACPI-fast\" frequency 3579545 Hz quality 900\nacpi_timer0: \u003c24-bit timer at 3.579545MHz\u003e port 0x1808-0x180b on acpi0\nacpi_ec0: \u003cEmbedded Controller: GPE 0x14\u003e port 0x62,0x66 on acpi0\npcib0: \u003cACPI Host-PCI bridge\u003e port 0xcf8-0xcff on acpi0\npci0: \u003cACPI PCI bus\u003e on pcib0\nvgapci0: \u003cVGA-compatible display\u003e port 0x3000-0x303f mem 0xbf000000-0xbfffffff,0x80000000-0x8fffffff at device 2.0 on pci0\nvgapci0: Boot video device\nxhci0: \u003cXHCI (generic) USB 3.0 controller\u003e mem 0x404a000000-0x404a00ffff at device 20.0 on pci0\nxhci0: 32 bytes context size, 64-bit DMA\nusbus0 on xhci0\nusbus0: 5.0Gbps Super Speed USB v3.0\npci0: \u003cmemory, RAM\u003e at device 20.2 (no driver attached)\npci0: \u003csimple comms\u003e at device 22.0 (no driver attached)\nahci0: \u003cAHCI SATA controller\u003e port 0x3090-0x3097,0x3080-0x3083,0x3060-0x307f mem 0xc0120000-0xc0121fff,0xc0123000-0xc01230ff,0xc0122000-0xc01227ff at device 23.0 on pci0\nahci0: AHCI v1.31 with 1 6Gbps ports, Port Multiplier not supported\nahcich2: \u003cAHCI channel\u003e at channel 2 on ahci0\npcib1: \u003cACPI PCI-PCI bridge\u003e at device 28.0 on pci0\npci1: \u003cACPI PCI bus\u003e on pcib1\npcib2: \u003cACPI PCI-PCI bridge\u003e at device 28.4 on pci0\npcib2: [GIANT-LOCKED]\npcib3: \u003cACPI PCI-PCI bridge\u003e at device 29.0 on pci0\npci2: \u003cACPI PCI bus\u003e on pcib3\nnvme0: \u003cGeneric NVMe Device\u003e mem 0xc0000000-0xc0003fff at device 0.0 on pci2\nisab0: \u003cPCI-ISA bridge\u003e at device 31.0 on pci0\nisa0: \u003cISA bus\u003e on isab0\npci0: \u003cserial bus\u003e at device 31.5 (no driver attached)\nem0: \u003cIntel(R) PRO/1000 Network Connection 7.7.5\u003e mem 0xc0100000-0xc011ffff at device 31.6 on pci0\nem0: Using an MSI interrupt\nem0: Ethernet address: 1c:69:7a:08:74:7e\nacpi_button0: \u003cSleep Button\u003e on acpi0\nacpi_button1: \u003cPower Button\u003e on acpi0\nacpi_tz0: \u003cThermal Zone\u003e on acpi0\nacpi_syscontainer0: \u003cSystem Container\u003e on acpi0\nacpi_tz1: \u003cThermal Zone\u003e on acpi0\nacpi_tz1: _HOT value is absurd, ignored (-73.1C)\natrtc0: \u003cAT realtime clock\u003e at port 0x70 irq 8 on isa0\natrtc0: Warning: Couldn't map I/O.\natrtc0: registered as a time-of-day clock, resolution 1.000000s\nEvent timer \"RTC\" frequency 32768 Hz quality 0\nuart0: \u003cNon-standard ns8250 class UART with FIFOs\u003e at port 0x3f8 irq 4 flags 0x10 on isa0\ncoretemp0: \u003cCPU On-Die Thermal Sensors\u003e on cpu0\nest0: \u003cEnhanced SpeedStep Frequency Control\u003e on cpu0\nZFS filesystem version: 5\nZFS storage pool version: features support (5000)\nTimecounters tick every 10.000 msec\nacpi_tz1: _TMP value is absurd, ignored (-263.1C)\nugen0.1: \u003c0x8086 XHCI root HUB\u003e at usbus0\nuhub0: \u003c0x8086 XHCI root HUB, class 9/0, rev 3.00/1.00, addr 1\u003e on usbus0\nnvd0: \u003cSamsung SSD 970 EVO 1TB\u003e NVMe namespace\nnvd0: 953869MB (1953525168 512 byte sectors)\nTrying to mount root from zfs:core/env/fbsd_12.1-20200422 []...\nRoot mount waiting for: usbus0\nRoot mount waiting for: usbus0\nuhub0: 18 ports with 18 removable, self powered\nugen0.2: \u003cCHESEN PS2 to USB Converter\u003e at usbus0\nukbd0 on uhub0\nukbd0: \u003cCHESEN PS2 to USB Converter, class 0/0, rev 1.10/0.10, addr 1\u003e on usbus0\nkbd1 at ukbd0\nGEOM_ELI: Device nvd0p2.eli created.\nGEOM_ELI: Encryption: AES-XTS 256\nGEOM_ELI:     Crypto: hardware\nlo0: link state changed to UP\nem0: link state changed to UP\nums0 on uhub0\nums0: \u003cCHESEN PS2 to USB Converter, class 0/0, rev 1.10/0.10, addr 1\u003e on usbus0\nums0: 5 buttons and [XYZ] coordinates ID=1\nipfw2 (+ipv6) initialized, divert loadable, nat loadable, default to deny, logging disabled\nem0: link state changed to DOWN\nem0: link state changed to UP\nem0: link state changed to DOWN\nem0: link state changed to UP\nem0: link state changed to DOWN\nem0: link state changed to UP\nem0: link state changed to DOWN\nem0: link state changed to UP\nem0: link state changed to DOWN\nem0: link state changed to UP\nem0: link state changed to DOWN\nem0: link state changed to UP\nem0: link state changed to DOWN\nem0: link state changed to UP\nem0: link state changed to DOWN\nem0: link state changed to UP\nem0: link state changed to DOWN\nem0: link state changed to UP\nem0: link state changed to DOWN\nem0: link state changed to UP\nem0: link state changed to DOWN\nem0: link state changed to UP\nem0: link state changed to DOWN\nem0: link state changed to UP\n\nnetstat -i shows a handful of Ierrs:\nName    Mtu Network       Address              Ipkts Ierrs Idrop    Opkts Oerrs  Coll\nem0    1500 \u003cLink#1\u003e      1c:69:7a:xx:xx:xx  5959360     4     0  5229960     0     0\nem0       - 192.168.x.0/2 xxxxxx             5896418     -     -  5201176     -     -\nem0       - fe80::%em0/64 fe80::1e69:7aff:f        0     -     -        0     -     -\nem0       - fdxx::xxxx:xx xxxxxx               28862     -     -    28369     -     -\nlo0   16384 \u003cLink#2\u003e      lo0                   1384     0     0     1384     0     0\nlo0       - localhost     localhost                0     -     -      215     -     -\nlo0       - fe80::%lo0/64 fe80::1%lo0              0     -     -        0     -     -\nlo0       - your-net      localhost               42     -     -     1384     -     -\nipfw0     - \u003cLink#3\u003e      ipfw0                    0     0     0        0     0     0\n\n\npciconf:\nem0@pci0:0:31:6:        class=0x020000 card=0x20748086 chip=0x15be8086 rev=0x30 hdr=0x00\n    vendor     = 'Intel Corporation'\n    device     = 'Ethernet Connection (6) I219-V'\n    class      = network\n    subclass   = ethernet\n\n\nsysctl -a info for em0:\n# sysctl -a | grep \"\\.em\\.\"\nhw.em.max_interrupt_rate: 8000\nhw.em.eee_setting: 1\nhw.em.rx_process_limit: -1\nhw.em.sbp: 1\nhw.em.smart_pwr_down: 0\nhw.em.rx_abs_int_delay: 66\nhw.em.tx_abs_int_delay: 66\nhw.em.rx_int_delay: 0\nhw.em.tx_int_delay: 66\nhw.em.disable_crc_stripping: 0\ndev.em.0.wake: 0\ndev.em.0.interrupts.rx_overrun: 0\ndev.em.0.interrupts.rx_desc_min_thresh: 0\ndev.em.0.interrupts.tx_queue_min_thresh: 0\ndev.em.0.interrupts.tx_queue_empty: 0\ndev.em.0.interrupts.tx_abs_timer: 0\ndev.em.0.interrupts.tx_pkt_timer: 0\ndev.em.0.interrupts.rx_abs_timer: 0\ndev.em.0.interrupts.rx_pkt_timer: 0\ndev.em.0.interrupts.asserts: 4163967\ndev.em.0.mac_stats.tx_frames_1024_1522: -1\ndev.em.0.mac_stats.tx_frames_512_1023: -1\ndev.em.0.mac_stats.tx_frames_256_511: -1\ndev.em.0.mac_stats.tx_frames_128_255: -1\ndev.em.0.mac_stats.tx_frames_65_127: -1\ndev.em.0.mac_stats.tx_frames_64: -1\ndev.em.0.mac_stats.rx_frames_1024_1522: -1\ndev.em.0.mac_stats.rx_frames_512_1023: -1\ndev.em.0.mac_stats.rx_frames_256_511: -1\ndev.em.0.mac_stats.rx_frames_128_255: -1\ndev.em.0.mac_stats.rx_frames_65_127: -1\ndev.em.0.mac_stats.rx_frames_64: -1\ndev.em.0.mac_stats.tso_ctx_fail: 0\ndev.em.0.mac_stats.tso_txd: 0\ndev.em.0.mac_stats.mcast_pkts_txd: 24\ndev.em.0.mac_stats.bcast_pkts_txd: 124\ndev.em.0.mac_stats.good_pkts_txd: 5231594\ndev.em.0.mac_stats.total_pkts_txd: 5231594\ndev.em.0.mac_stats.good_octets_txd: 6647896611\ndev.em.0.mac_stats.good_octets_recvd: 6724467487\ndev.em.0.mac_stats.mcast_pkts_recvd: 273\ndev.em.0.mac_stats.bcast_pkts_recvd: 32687\ndev.em.0.mac_stats.good_pkts_recvd: 5960900\ndev.em.0.mac_stats.total_pkts_recvd: 5960904\ndev.em.0.mac_stats.xoff_txd: 0\ndev.em.0.mac_stats.xoff_recvd: 0\ndev.em.0.mac_stats.xon_txd: 0\ndev.em.0.mac_stats.xon_recvd: 0\ndev.em.0.mac_stats.coll_ext_errs: 0\ndev.em.0.mac_stats.alignment_errs: 0\ndev.em.0.mac_stats.crc_errs: 0\ndev.em.0.mac_stats.recv_errs: 0\ndev.em.0.mac_stats.recv_jabber: 0\ndev.em.0.mac_stats.recv_oversize: 0\ndev.em.0.mac_stats.recv_fragmented: 0\ndev.em.0.mac_stats.recv_undersize: 0\ndev.em.0.mac_stats.recv_no_buff: 0\ndev.em.0.mac_stats.missed_packets: 4\ndev.em.0.mac_stats.defer_count: 0\ndev.em.0.mac_stats.sequence_errors: 0\ndev.em.0.mac_stats.symbol_errors: 0\ndev.em.0.mac_stats.collision_count: 0\ndev.em.0.mac_stats.late_coll: 0\ndev.em.0.mac_stats.multiple_coll: 0\ndev.em.0.mac_stats.single_coll: 0\ndev.em.0.mac_stats.excess_coll: 0\ndev.em.0.queue_rx_0.rx_irq: 0\ndev.em.0.queue_rx_0.rxd_tail: 1001\ndev.em.0.queue_rx_0.rxd_head: 1003\ndev.em.0.queue_tx_0.no_desc_avail: 0\ndev.em.0.queue_tx_0.tx_irq: 0\ndev.em.0.queue_tx_0.txd_tail: 537\ndev.em.0.queue_tx_0.txd_head: 538\ndev.em.0.fc_low_water: 20552\ndev.em.0.fc_high_water: 23584\ndev.em.0.rx_control: 67141634\ndev.em.0.device_control: 1573440\ndev.em.0.watchdog_timeouts: 0\ndev.em.0.rx_overruns: 4\ndev.em.0.tx_dma_fail: 0\ndev.em.0.dropped: 0\ndev.em.0.cluster_alloc_fail: 0\ndev.em.0.mbuf_alloc_fail: 0\ndev.em.0.link_irq: 0\ndev.em.0.eee_control: 1\ndev.em.0.rx_processing_limit: -1\ndev.em.0.itr: 488\ndev.em.0.tx_abs_int_delay: 66\ndev.em.0.rx_abs_int_delay: 66\ndev.em.0.tx_int_delay: 66\ndev.em.0.rx_int_delay: 0\ndev.em.0.fc: 0\ndev.em.0.debug: -1\ndev.em.0.nvm: -1\ndev.em.0.%parent: pci0\ndev.em.0.%pnpinfo: vendor=0x8086 device=0x15be subvendor=0x8086 subdevice=0x2074 class=0x020000\ndev.em.0.%location: slot=31 function=6 dbsf=pci0:0:31:6 handle=\\_SB_.PCI0.GLAN\ndev.em.0.%driver: em\ndev.em.0.%desc: Intel(R) PRO/1000 Network Connection 7.7.5\ndev.em.%parent:\n\n\nping output from another device on the network:\n# ping xxxxxx\nPING xxxxxx (192.168.x.yyy): 56 data bytes\nping: sendto: Host is down\nping: sendto: Host is down\nping: sendto: Host is down\nping: sendto: Host is down\nping: sendto: Host is down\nping: sendto: Host is down\nping: sendto: Host is down\nping: sendto: Host is down\nping: sendto: Host is down\nping: sendto: Host is down\nping: sendto: Host is down\nping: sendto: Host is down\nping: sendto: Host is down\nping: sendto: Host is down\nping: sendto: Host is down\nping: sendto: Host is down\nping: sendto: Host is down\nping: sendto: Host is down\nping: sendto: Host is down\nping: sendto: Host is down\nping: sendto: Host is down\nping: sendto: Host is down\n64 bytes from 192.168.x.yyy: icmp_seq=17 ttl=64 time=4227.244 ms\n64 bytes from 192.168.x.yyy: icmp_seq=18 ttl=64 time=3154.970 ms\n64 bytes from 192.168.x.yyy: icmp_seq=19 ttl=64 time=2143.813 ms\n64 bytes from 192.168.x.yyy: icmp_seq=20 ttl=64 time=1071.436 ms\n64 bytes from 192.168.x.yyy: icmp_seq=21 ttl=64 time=1.375 ms\n64 bytes from 192.168.x.yyy: icmp_seq=79 ttl=64 time=0.578 ms\n64 bytes from 192.168.x.yyy: icmp_seq=284 ttl=64 time=0.958 ms\n64 bytes from 192.168.x.yyy: icmp_seq=293 ttl=64 time=0.580 ms\n64 bytes from 192.168.x.yyy: icmp_seq=334 ttl=64 time=0.496 ms\n64 bytes from 192.168.x.yyy: icmp_seq=335 ttl=64 time=0.454 ms\n64 bytes from 192.168.x.yyy: icmp_seq=336 ttl=64 time=0.473 ms\n64 bytes from 192.168.x.yyy: icmp_seq=337 ttl=64 time=0.457 ms\n64 bytes from 192.168.x.yyy: icmp_seq=338 ttl=64 time=0.459 ms\n64 bytes from 192.168.x.yyy: icmp_seq=339 ttl=64 time=0.442 ms\n64 bytes from 192.168.x.yyy: icmp_seq=340 ttl=64 time=0.447 ms\n64 bytes from 192.168.x.yyy: icmp_seq=341 ttl=64 time=0.452 ms\n64 bytes from 192.168.x.yyy: icmp_seq=342 ttl=64 time=0.437 ms\n64 bytes from 192.168.x.yyy: icmp_seq=343 ttl=64 time=0.462 ms"
}