{
 "id": 745519,
 "bug_id": 185427,
 "attachment_id": 0,
 "creation_time": "2014-01-02T22:40:00Z",
 "creator": "napTu@front.ru",
 "text": "\nWith Intel 82576 igb driver, FreeBSD periodic (0.5-3 times per day) panics with \"Double fault\" message.\nWith Intel 82571 em driver same routers work fine.\n\nBoth routers on AMD platforms.\n\nFreeBSD 9.1-RELEASE and 9.2-RELEASE KDB backtraces and info files:\nhttp://icenet.net.ua/crash/core.txt.1\nhttp://icenet.net.ua/crash/core.txt.2\nhttp://icenet.net.ua/crash/core.txt.4\nhttp://icenet.net.ua/crash/core.txt.5\nhttp://icenet.net.ua/crash/core.txt.6\nhttp://icenet.net.ua/crash/core.txt.7\nhttp://icenet.net.ua/crash/core.txt.8\nhttp://icenet.net.ua/crash/core.txt.10\n\nhttp://icenet.net.ua/crash/info.1\nhttp://icenet.net.ua/crash/info.2\nhttp://icenet.net.ua/crash/info.3\nhttp://icenet.net.ua/crash/info.4\nhttp://icenet.net.ua/crash/info.5\nhttp://icenet.net.ua/crash/info.6\nhttp://icenet.net.ua/crash/info.7\nhttp://icenet.net.ua/crash/info.8\nhttp://icenet.net.ua/crash/info.10\n\nFreeBSD 8.4 crash:\nhttp://icenet.net.ua/crash/vmcore.0\n\n# kgdb kernel /var/crash/vmcore.0\nGNU gdb 6.1.1 [FreeBSD]\nCopyright 2004 Free Software Foundation, Inc.\nGDB is free software, covered by the GNU General Public License, and you are\nwelcome to change it and/or distribute copies of it under certain conditions.\nType \"show copying\" to see the conditions.\nThere is absolutely no warranty for GDB.  Type \"show warranty\" for details.\nThis GDB was configured as \"i386-marcel-freebsd\"...\n\nUnread portion of the kernel message buffer:\n\nFatal double fault:\neip = 0x808fcea5\nesp = 0x85af0f10\nebp = 0x85af102c\ncpuid = 2; apic id = 02\npanic: double fault\ncpuid = 2\nUptime: 1h25m4s\nPhysical memory: 1773 MB\nDumping 189 MB: 174 158 142 126 110 94 78 62 46 30 14\n\nReading symbols from /boot/kernel/if_em.ko...Reading symbols from /boot/kernel/if_em.ko.symbols...done.\ndone.\nLoaded symbols for /boot/kernel/if_em.ko\nReading symbols from /boot/kernel/ng_eiface.ko...Reading symbols from /boot/kernel/ng_eiface.ko.symbols...done.\ndone.\nLoaded symbols for /boot/kernel/ng_eiface.ko\nReading symbols from /boot/kernel/netgraph.ko...Reading symbols from /boot/kernel/netgraph.ko.symbols...done.\ndone.\nLoaded symbols for /boot/kernel/netgraph.ko\nReading symbols from /boot/kernel/ng_bridge.ko...Reading symbols from /boot/kernel/ng_bridge.ko.symbols...done.\ndone.\nLoaded symbols for /boot/kernel/ng_bridge.ko\nReading symbols from /boot/kernel/ng_ether.ko...Reading symbols from /boot/kernel/ng_ether.ko.symbols...done.\ndone.\nLoaded symbols for /boot/kernel/ng_ether.ko\nReading symbols from /boot/kernel/ng_netflow.ko...Reading symbols from /boot/kernel/ng_netflow.ko.symbols...done.\ndone.\nLoaded symbols for /boot/kernel/ng_netflow.ko\nReading symbols from /boot/kernel/ng_ksocket.ko...Reading symbols from /boot/kernel/ng_ksocket.ko.symbols...done.\ndone.\nLoaded symbols for /boot/kernel/ng_ksocket.ko\nReading symbols from /boot/kernel/ng_car.ko...Reading symbols from /boot/kernel/ng_car.ko.symbols...done.\ndone.\nLoaded symbols for /boot/kernel/ng_car.ko\nReading symbols from /boot/kernel/ng_ipfw.ko...Reading symbols from /boot/kernel/ng_ipfw.ko.symbols...done.\ndone.\nLoaded symbols for /boot/kernel/ng_ipfw.ko\nReading symbols from /boot/kernel/ng_socket.ko...Reading symbols from /boot/kernel/ng_socket.ko.symbols...done.\ndone.\nLoaded symbols for /boot/kernel/ng_socket.ko\nReading symbols from /boot/kernel/ng_tee.ko...Reading symbols from /boot/kernel/ng_tee.ko.symbols...done.\ndone.\nLoaded symbols for /boot/kernel/ng_tee.ko\n#0  doadump () at pcpu.h:244\n244             __asm(\"movl %%fs:0,%0\" : \"=r\" (td));\n(kgdb) where\n#0  doadump () at pcpu.h:244\n#1  0x808c81c7 in boot (howto=260) at /usr/src/sys/kern/kern_shutdown.c:443\n#2  0x808c8478 in panic (fmt=\u003cvalue optimized out\u003e) at /usr/src/sys/kern/kern_shutdown.c:634\n#3  0x80bb6b5b in dblfault_handler () at /usr/src/sys/i386/i386/trap.c:1042\n#4  0x808fcea5 in kvprintf (fmt=0x80cb188f \"kernel trap %d with interrupts disabled\\n\", func=0x808fe620 \u003cputchar\u003e, arg=0x85af1048,\n    radix=10, ap=0x85af110c \"\\f\") at /usr/src/sys/kern/subr_prf.c:545\n#5  0x808fe24b in vprintf (fmt=0x80cb188f \"kernel trap %d with interrupts disabled\\n\", ap=0x85af110c \"\\f\")\n    at /usr/src/sys/kern/subr_prf.c:330\n#6  0x808fe2bb in printf (fmt=0x80cb188f \"kernel trap %d with interrupts disabled\\n\") at /usr/src/sys/kern/subr_prf.c:301\n#7  0x80bb7949 in trap (frame=0x85af11a0) at /usr/src/sys/i386/i386/trap.c:316\n#8  0x80b9e6ac in calltrap () at /usr/src/sys/i386/i386/exception.s:168\n#9  0x808fbb18 in msgbuf_addchar (mbp=0x81862fe4, c=107) at /usr/src/sys/kern/subr_msgbuf.c:121\n#10 0x808fe5d9 in msglogchar (c=107, pri=-1) at /usr/src/sys/kern/subr_prf.c:884\n#11 0x808fe6f2 in putchar (c=107, arg=0x85af13b0) at /usr/src/sys/kern/subr_prf.c:403\n#12 0x808fcf32 in kvprintf (fmt=0x80cb1890 \"ernel trap %d with interrupts disabled\\n\", func=0x808fe620 \u003cputchar\u003e, arg=0x85af13b0,\n    radix=10, ap=0x85af1474 \"\\f\") at /usr/src/sys/kern/subr_prf.c:577\n#13 0x808fe24b in vprintf (fmt=0x80cb188f \"kernel trap %d with interrupts disabled\\n\", ap=0x85af1474 \"\\f\")\n    at /usr/src/sys/kern/subr_prf.c:330\n#14 0x808fe2bb in printf (fmt=0x80cb188f \"kernel trap %d with interrupts disabled\\n\") at /usr/src/sys/kern/subr_prf.c:301\n#15 0x80bb7949 in trap (frame=0x85af1508) at /usr/src/sys/i386/i386/trap.c:316\n#16 0x80b9e6ac in calltrap () at /usr/src/sys/i386/i386/exception.s:168\n#17 0x808fbb18 in msgbuf_addchar (mbp=0x81862fe4, c=107) at /usr/src/sys/kern/subr_msgbuf.c:121\n#18 0x808fe5d9 in msglogchar (c=107, pri=-1) at /usr/src/sys/kern/subr_prf.c:884\n#19 0x808fe6f2 in putchar (c=107, arg=0x85af1718) at /usr/src/sys/kern/subr_prf.c:403\n#20 0x808fcf32 in kvprintf (fmt=0x80cb1890 \"ernel trap %d with interrupts disabled\\n\", func=0x808fe620 \u003cputchar\u003e, arg=0x85af1718,\n    radix=10, ap=0x85af17dc \"\\f\") at /usr/src/sys/kern/subr_prf.c:577\n#21 0x808fe24b in vprintf (fmt=0x80cb188f \"kernel trap %d with interrupts disabled\\n\", ap=0x85af17dc \"\\f\")\n    at /usr/src/sys/kern/subr_prf.c:330\n#22 0x808fe2bb in printf (fmt=0x80cb188f \"kernel trap %d with interrupts disabled\\n\") at /usr/src/sys/kern/subr_prf.c:301\n#23 0x80bb7949 in trap (frame=0x85af1870) at /usr/src/sys/i386/i386/trap.c:316\n#24 0x80b9e6ac in calltrap () at /usr/src/sys/i386/i386/exception.s:168\n#25 0x808fbb18 in msgbuf_addchar (mbp=0x81862fe4, c=107) at /usr/src/sys/kern/subr_msgbuf.c:121\n#26 0x808fe5d9 in msglogchar (c=107, pri=-1) at /usr/src/sys/kern/subr_prf.c:884\n---Type \u003creturn\u003e to continue, or q \u003creturn\u003e to quit---\n#27 0x808fe6f2 in putchar (c=107, arg=0x85af1a80) at /usr/src/sys/kern/subr_prf.c:403\n#28 0x808fcf32 in kvprintf (fmt=0x80cb1890 \"ernel trap %d with interrupts disabled\\n\", func=0x808fe620 \u003cputchar\u003e, arg=0x85af1a80,\n    radix=10, ap=0x85af1b44 \"\\f\") at /usr/src/sys/kern/subr_prf.c:577\n#29 0x808fe24b in vprintf (fmt=0x80cb188f \"kernel trap %d with interrupts disabled\\n\", ap=0x85af1b44 \"\\f\")\n    at /usr/src/sys/kern/subr_prf.c:330\n#30 0x808fe2bb in printf (fmt=0x80cb188f \"kernel trap %d with interrupts disabled\\n\") at /usr/src/sys/kern/subr_prf.c:301\n#31 0x80bb7949 in trap (frame=0x85af1bd8) at /usr/src/sys/i386/i386/trap.c:316\n#32 0x80b9e6ac in calltrap () at /usr/src/sys/i386/i386/exception.s:168\n#33 0x808ebb01 in sched_choose () at /usr/src/sys/kern/sched_ule.c:2314\n#34 0x808cfba8 in choosethread () at /usr/src/sys/kern/kern_switch.c:159\n#35 0x808ee099 in sched_switch (td=0x85d438a0, newtd=0x0, flags=264) at /usr/src/sys/kern/sched_ule.c:1903\n#36 0x808d0eaa in mi_switch (flags=264, newtd=0x0) at /usr/src/sys/kern/kern_synch.c:466\n#37 0x808ecf5a in sched_idletd (dummy=0x0) at /usr/src/sys/kern/sched_ule.c:2642\n#38 0x8089cf26 in fork_exit (callout=0x808ecce0 \u003csched_idletd\u003e, arg=0x0, frame=0x85af1d28) at /usr/src/sys/kern/kern_fork.c:872\n#39 0x80b9e724 in fork_trampoline () at /usr/src/sys/i386/i386/exception.s:275\n(kgdb)\n\n\nCopyright (c) 1992-2013 The FreeBSD Project.\nCopyright (c) 1979, 1980, 1983, 1986, 1988, 1989, 1991, 1992, 1993, 1994\n        The Regents of the University of California. All rights reserved.\nFreeBSD is a registered trademark of The FreeBSD Foundation.\nFreeBSD 8.4-RELEASE-p4 #6: Fri Oct 25 06:02:16 EEST 2013\n    root@icenet.net.ua:/usr/obj/usr/src/sys/ICENET3 i386\ngcc version 4.2.1 20070831 patched [FreeBSD]\nTimecounter \"i8254\" frequency 1193182 Hz quality 0\nCPU: AMD Phenom(tm) II X4 965 Processor (3415.35-MHz 686-class CPU)\n  Origin = \"AuthenticAMD\"  Id = 0x100f43  Family = 10  Model = 4  Stepping = 3\n  Features=0x178bfbff\u003cFPU,VME,DE,PSE,TSC,MSR,PAE,MCE,CX8,APIC,SEP,MTRR,PGE,MCA,CMOV,PAT,PSE36,CLFLUSH,MMX,FXSR,SSE,SSE2,HTT\u003e\n  Features2=0x802009\u003cSSE3,MON,CX16,POPCNT\u003e\n  AMD Features=0xee500800\u003cSYSCALL,NX,MMX+,FFXSR,Page1GB,RDTSCP,LM,3DNow!+,3DNow!\u003e\n  AMD Features2=0x837ff\u003cLAHF,CMP,SVM,ExtAPIC,CR8,ABM,SSE4A,MAS,Prefetch,OSVW,IBS,SKINIT,WDT,NodeId\u003e\n  TSC: P-state invariant\nreal memory  = 2147483648 (2048 MB)\navail memory = 1819262976 (1734 MB)\nACPI APIC Table: \u003c032612 APIC0905\u003e\nFreeBSD/SMP: Multiprocessor System Detected: 4 CPUs\nFreeBSD/SMP: 1 package(s) x 4 core(s)\n cpu0 (BSP): APIC ID:  0\n cpu1 (AP): APIC ID:  1\n cpu2 (AP): APIC ID:  2\n cpu3 (AP): APIC ID:  3\nACPI Warning: Optional field Pm2ControlBlock has zero address or length: 0x0000000000000000/0x1 (20101013/tbfadt-655)\nioapic0 \u003cVersion 2.1\u003e irqs 0-23 on motherboard\nkbd1 at kbdmux0\nacpi0: \u003c032612 XSDT0905\u003e on motherboard\nacpi0: [ITHREAD]\nacpi0: Power Button (fixed)\nacpi0: reservation of fee00000, 1000 (3) failed\nacpi0: reservation of ffb80000, 80000 (3) failed\nacpi0: reservation of fec10000, 20 (3) failed\nacpi0: reservation of fed40000, 5000 (3) failed\nacpi0: reservation of 0, a0000 (3) failed\nacpi0: reservation of 100000, 6fe00000 (3) failed\nTimecounter \"ACPI-fast\" frequency 3579545 Hz quality 1000\nacpi_timer0: \u003c32-bit timer at 3.579545MHz\u003e port 0x808-0x80b on acpi0\ncpu0: \u003cACPI CPU\u003e on acpi0\ncpu1: \u003cACPI CPU\u003e on acpi0\ncpu2: \u003cACPI CPU\u003e on acpi0\ncpu3: \u003cACPI CPU\u003e on acpi0\nacpi_hpet0: \u003cHigh Precision Event Timer\u003e iomem 0xfed00000-0xfed003ff on acpi0\nTimecounter \"HPET\" frequency 14318180 Hz quality 900\npcib0: \u003cACPI Host-PCI bridge\u003e port 0xcf8-0xcff on acpi0\npci0: \u003cACPI PCI bus\u003e on pcib0\npcib1: \u003cACPI PCI-PCI bridge\u003e at device 1.0 on pci0\npci1: \u003cACPI PCI bus\u003e on pcib1\nvgapci0: \u003cVGA-compatible display\u003e port 0xb000-0xb0ff mem 0xd0000000-0xdfffffff,0xfdff0000-0xfdffffff,0xfde00000-0xfdefffff irq 18 at device 5.0 on pci\npcib2: \u003cACPI PCI-PCI bridge\u003e irq 18 at device 2.0 on pci0\npci2: \u003cACPI PCI bus\u003e on pcib2\nigb0: \u003cIntel(R) PRO/1000 Network Connection version - 2.3.9 - 8\u003e port 0xcc00-0xcc1f mem 0xfe8c0000-0xfe8dffff,0xfe400000-0xfe7fffff,0xfe8f8000-0xfe8fb\nigb0: Using MSIX interrupts with 5 vectors\nigb0: Ethernet address: 00:1b:21:8b:40:70\nigb0: [ITHREAD]\nigb0: Bound queue 0 to cpu 0\nigb0: [ITHREAD]\nigb0: Bound queue 1 to cpu 1\nigb0: [ITHREAD]\nigb0: Bound queue 2 to cpu 2\nigb0: [ITHREAD]\nigb0: Bound queue 3 to cpu 3\nigb0: [ITHREAD]\nigb1: \u003cIntel(R) PRO/1000 Network Connection version - 2.3.9 - 8\u003e port 0xc880-0xc89f mem 0xfe8a0000-0xfe8bffff,0xfe000000-0xfe3fffff,0xfe8f4000-0xfe8f7\nigb1: Using MSIX interrupts with 5 vectors\nigb1: Ethernet address: 00:1b:21:8b:40:71\nigb1: [ITHREAD]\nigb1: Bound queue 0 to cpu 0\nigb1: [ITHREAD]\nigb1: Bound queue 1 to cpu 1\nigb1: [ITHREAD]\nigb1: Bound queue 2 to cpu 2\nigb1: [ITHREAD]\nigb1: Bound queue 3 to cpu 3\nigb1: [ITHREAD]\npcib3: \u003cACPI PCI-PCI bridge\u003e irq 16 at device 4.0 on pci0\npci3: \u003cACPI PCI bus\u003e on pcib3\nre0: \u003cRealTek 8168/8111 B/C/CP/D/DP/E/F PCIe Gigabit Ethernet\u003e port 0xd800-0xd8ff mem 0xfceff000-0xfcefffff,0xfcef8000-0xfcefbfff irq 16 at device 0.0\nre0: Using 1 MSI-X message\nre0: Chip rev. 0x2c800000\nre0: MAC rev. 0x00000000\nmiibus0: \u003cMII bus\u003e on re0\nrgephy0: \u003cRTL8169S/8110S/8211B media interface\u003e PHY 1 on miibus0\nrgephy0:  none, 10baseT, 10baseT-FDX, 10baseT-FDX-flow, 100baseTX, 100baseTX-FDX, 100baseTX-FDX-flow, 1000baseT, 1000baseT-master, 1000baseT-FDX, 1000\nre0: Ethernet address: 30:85:a9:43:ef:b3\nre0: [ITHREAD]\natapci0: \u003cATI IXP700/800 SATA300 controller\u003e port 0xa000-0xa007,0x9000-0x9003,0x8000-0x8007,0x7000-0x7003,0x6000-0x600f mem 0xfddffc00-0xfddfffff irq\natapci0: [ITHREAD]\natapci0: AHCI v1.10 controller with 4 3Gbps ports, PM supported\nata2: \u003cATA channel\u003e at channel 0 on atapci0\nata2: [ITHREAD]\nata3: \u003cATA channel\u003e at channel 1 on atapci0\nata3: [ITHREAD]\nata4: \u003cATA channel\u003e at channel 2 on atapci0\nata4: [ITHREAD]\nata5: \u003cATA channel\u003e at channel 3 on atapci0\nata5: [ITHREAD]\nohci0: \u003cAMD SB7x0/SB8x0/SB9x0 USB controller\u003e mem 0xfddfe000-0xfddfefff irq 16 at device 18.0 on pci0\nohci0: [ITHREAD]\nusbus0 on ohci0\nohci1: \u003cOHCI (generic) USB controller\u003e mem 0xfddfd000-0xfddfdfff irq 16 at device 18.1 on pci0\nohci1: [ITHREAD]\nusbus1 on ohci1\nehci0: \u003cAMD SB7x0/SB8x0/SB9x0 USB 2.0 controller\u003e mem 0xfddff800-0xfddff8ff irq 17 at device 18.2 on pci0\nehci0: [ITHREAD]\nusbus2: EHCI version 1.0\nusbus2 on ehci0\nohci2: \u003cAMD SB7x0/SB8x0/SB9x0 USB controller\u003e mem 0xfddfc000-0xfddfcfff irq 18 at device 19.0 on pci0\nohci2: [ITHREAD]\nusbus3 on ohci2\nohci3: \u003cOHCI (generic) USB controller\u003e mem 0xfddfb000-0xfddfbfff irq 18 at device 19.1 on pci0\nohci3: [ITHREAD]\nusbus4 on ohci3\nehci1: \u003cAMD SB7x0/SB8x0/SB9x0 USB 2.0 controller\u003e mem 0xfddff400-0xfddff4ff irq 19 at device 19.2 on pci0\nehci1: [ITHREAD]\nusbus5: EHCI version 1.0\nusbus5 on ehci1\npci0: \u003cserial bus, SMBus\u003e at device 20.0 (no driver attached)\natapci1: \u003cATI IXP700/800 UDMA133 controller\u003e port 0x1f0-0x1f7,0x3f6,0x170-0x177,0x376,0xff00-0xff0f at device 20.1 on pci0\nata0: \u003cATA channel\u003e at channel 0 on atapci1\nata0: [ITHREAD]\nata1: \u003cATA channel\u003e at channel 1 on atapci1\nata1: [ITHREAD]\nisab0: \u003cPCI-ISA bridge\u003e at device 20.3 on pci0\nisa0: \u003cISA bus\u003e on isab0\npcib4: \u003cACPI PCI-PCI bridge\u003e at device 20.4 on pci0\npci4: \u003cACPI PCI bus\u003e on pcib4\nrl0: \u003cRealTek 8139 10/100BaseTX\u003e port 0xe800-0xe8ff mem 0xfebffc00-0xfebffcff irq 20 at device 5.0 on pci4\nmiibus1: \u003cMII bus\u003e on rl0\nrlphy0: \u003cRealTek internal media interface\u003e PHY 0 on miibus1\nrlphy0:  10baseT, 10baseT-FDX, 100baseTX, 100baseTX-FDX, auto\nrl0: Ethernet address: 00:0e:2e:d4:3c:28\nrl0: [ITHREAD]\nfxp0: \u003cIntel 82558 Pro/100 Ethernet\u003e port 0xec00-0xec1f mem 0xfcfff000-0xfcffffff,0xfea00000-0xfeafffff irq 21 at device 6.0 on pci4\nmiibus2: \u003cMII bus\u003e on fxp0\ninphy0: \u003ci82555 10/100 media interface\u003e PHY 1 on miibus2\ninphy0:  10baseT, 10baseT-FDX, 100baseTX, 100baseTX-FDX, auto, auto-flow\nfxp0: Ethernet address: 00:50:8b:5e:30:f7\nfxp0: [ITHREAD]\nohci4: \u003cAMD SB7x0/SB8x0/SB9x0 USB controller\u003e mem 0xfddfa000-0xfddfafff irq 18 at device 20.5 on pci0\nohci4: [ITHREAD]\nusbus6 on ohci4\nacpi_button0: \u003cPower Button\u003e on acpi0\natrtc0: \u003cAT realtime clock\u003e port 0x70-0x71 irq 8 on acpi0\nppc0: \u003cParallel port\u003e port 0x378-0x37f irq 7 on acpi0\nppc0: Generic chipset (NIBBLE-only) in COMPATIBLE mode\nppc0: [ITHREAD]\nppbus0: \u003cParallel port bus\u003e on ppc0\nplip0: \u003cPLIP network interface\u003e on ppbus0\nplip0: [ITHREAD]\nlpt0: \u003cPrinter\u003e on ppbus0\nlpt0: [ITHREAD]\nlpt0: Interrupt-driven port\nppi0: \u003cParallel I/O\u003e on ppbus0\nacpi_hpet1: \u003cHigh Precision Event Timer\u003e iomem 0xfed00000-0xfed003ff on acpi0\ndevice_attach: acpi_hpet1 attach returned 12\natkbdc0: \u003cKeyboard controller (i8042)\u003e port 0x60,0x64 irq 1 on acpi0\natkbd0: \u003cAT Keyboard\u003e irq 1 on atkbdc0\nkbd0 at atkbd0\natkbd0: [GIANT-LOCKED]\natkbd0: [ITHREAD]\nuart0: \u003c16550 or compatible\u003e port 0x3f8-0x3ff irq 4 flags 0x10 on acpi0\nuart0: [FILTER]\npmtimer0 on isa0\norm0: \u003cISA Option ROM\u003e at iomem 0xcf000-0xcf7ff pnpid ORM0000 on isa0\nsc0: \u003cSystem console\u003e at flags 0x100 on isa0\nsc0: VGA \u003c16 virtual consoles, flags=0x300\u003e\nvga0: \u003cGeneric ISA VGA\u003e at port 0x3c0-0x3df iomem 0xa0000-0xbffff on isa0\nacpi_throttle0: \u003cACPI CPU Throttling\u003e on cpu0\nhwpstate0: \u003cCool`n'Quiet 2.0\u003e on cpu0\nTimecounters tick every 1.000 msec\nipfw2 initialized, divert enabled, nat enabled, rule-based forwarding enabled, default to accept, logging disabled\nDUMMYNET 0 with IPv6 initialized (100409)\nload_dn_sched dn_sched QFQ loaded\nload_dn_sched dn_sched RR loaded\nload_dn_sched dn_sched WF2Q+ loaded\nload_dn_sched dn_sched FIFO loaded\nload_dn_sched dn_sched PRIO loaded\nusbus0: 12Mbps Full Speed USB v1.0\nusbus1: 12Mbps Full Speed USB v1.0\nusbus2: 480Mbps High Speed USB v2.0\nusbus3: 12Mbps Full Speed USB v1.0\nusbus4: 12Mbps Full Speed USB v1.0\nusbus5: 480Mbps High Speed USB v2.0\nusbus6: 12Mbps Full Speed USB v1.0\nugen0.1: \u003cATI\u003e at usbus0\nuhub0: \u003cATI OHCI root HUB, class 9/0, rev 1.00/1.00, addr 1\u003e on usbus0\nugen1.1: \u003cATI\u003e at usbus1\nuhub1: \u003cATI OHCI root HUB, class 9/0, rev 1.00/1.00, addr 1\u003e on usbus1\nugen2.1: \u003cATI\u003e at usbus2\nuhub2: \u003cATI EHCI root HUB, class 9/0, rev 2.00/1.00, addr 1\u003e on usbus2\nugen3.1: \u003cATI\u003e at usbus3\nuhub3: \u003cATI OHCI root HUB, class 9/0, rev 1.00/1.00, addr 1\u003e on usbus3\nugen4.1: \u003cATI\u003e at usbus4\nuhub4: \u003cATI OHCI root HUB, class 9/0, rev 1.00/1.00, addr 1\u003e on usbus4\nugen5.1: \u003cATI\u003e at usbus5\nuhub5: \u003cATI EHCI root HUB, class 9/0, rev 2.00/1.00, addr 1\u003e on usbus5\nugen6.1: \u003cATI\u003e at usbus6\nuhub6: \u003cATI OHCI root HUB, class 9/0, rev 1.00/1.00, addr 1\u003e on usbus6\nad6: 305245MB \u003cSAMSUNG HD321KJ CP100-12\u003e at ata3-master UDMA100 SATA 3Gb/s\nad10: 305245MB \u003cHitachi HCS5C3232SLA380 ST2OA37E\u003e at ata5-master UDMA100 SATA 3Gb/s\nuhub6: 2 ports with 2 removable, self powered\nuhub0: 3 ports with 3 removable, self powered\nuhub1: 3 ports with 3 removable, self powered\nuhub3: 3 ports with 3 removable, self powered\nuhub4: 3 ports with 3 removable, self powered\nuhub2: 6 ports with 6 removable, self powered\nuhub5: 6 ports with 6 removable, self powered\nSMP: AP CPU #3 Launched!\nSMP: AP CPU #2 Launched!\nSMP: AP CPU #1 Launched!\nhwpmc: TSC/1/64/0x20\u003cREA\u003e K8/4/48/0x1ff\u003cINT,USR,SYS,EDG,THR,REA,WRI,INV,QUA\u003e\nTrying to mount root from ufs:/dev/ad10s2a\nWARNING: / was not properly dismounted\nBump sched buckets to 64 (was 0)\n\nHow-To-Repeat: set Intel 82576 adapter to the FreeBSD box and run router"
}