{
 "id": 405871,
 "bug_id": 115479,
 "attachment_id": 0,
 "creation_time": "2007-08-13T22:30:01Z",
 "creator": "andriy@whitebox.color-pro.com",
 "text": "Unsupported Intel p35 chipset PATA controller (only SATA with generic driver)\n\n \u003e\u003e\u003e\u003e\u003e\u003e\n atapci0@pci3:0:0:\tclass=0x01018f card=0x82a21043 chip=0x612111ab rev=0xb1 hdr=0x00\n     vendor     = 'Marvell Semiconductor (Was: Galileo Technology Ltd)'\n     class      = mass storage\n     subclass   = ATA\n \u003c\u003c\u003c\u003c\u003c\u003c\n Bad support for ICH9 (multiple USB bugs)\n Marvell 88SE6111 PATA+SATA On-the-Go controller bug\n Unsupported onboard PCIe Gigabit LAN AI NET2\n On Marvell PATA I can`t see any HDD or ATAPI DVD 8(\n \n !Good support for ALC883 audio!\n ******\n dmesg\n ******\n Copyright (c) 1992-2007 The FreeBSD Project.\n Copyright (c) 1979, 1980, 1983, 1986, 1988, 1989, 1991, 1992, 1993, 1994\n \tThe Regents of the University of California. All rights reserved.\n FreeBSD is a registered trademark of The FreeBSD Foundation.\n FreeBSD 6.2-RELEASE-p7 #1: Mon Aug 13 21:03:26 UTC 2007\n     root@podarok.servebeer.com:/usr/obj/usr/src/sys/GENERIC\n can't re-use a leaf (mddebug)!\n link_elf_obj: symbol mix_setparentchild undefined\n KLD file snd_hda.ko - could not finalize loading\n module_register: module g_md already exists!\n Module g_md failed to register: 17\n module_register: module g_bsd already exists!\n Module g_bsd failed to register: 17\n module_register: module g_mbrext already exists!\n Module g_mbrext failed to register: 17\n module_register: module g_mbr already exists!\n Module g_mbr failed to register: 17\n ACPI APIC Table: \u003cA_M_I_ OEMAPIC \u003e\n Timecounter \"i8254\" frequency 1193182 Hz quality 0\n CPU: Intel(R) Core(TM)2 Duo CPU     E6550  @ 2.33GHz (2336.08-MHz K8-class CPU)\n   Origin = \"GenuineIntel\"  Id = 0x6fb  Stepping = 11\n   Features=0xbfebfbff\u003cFPU,VME,DE,PSE,TSC,MSR,PAE,MCE,CX8,APIC,SEP,MTRR,PGE,MCA,CMOV,PAT,PSE36,CLFLUSH,DTS,ACPI,MMX,FXSR,SSE,SSE2,SS,HTT,TM,PBE\u003e\n   Features2=0xe3fd\u003cSSE3,RSVD2,MON,DS_CPL,VMX,\u003cb6\u003e,EST,TM2,\u003cb9\u003e,CX16,\u003cb14\u003e,\u003cb15\u003e\u003e\n   AMD Features=0x20100800\u003cSYSCALL,NX,LM\u003e\n   AMD Features2=0x1\u003cLAHF\u003e\n   Cores per package: 2\n real memory  = 2146959360 (2047 MB)\n avail memory = 2061086720 (1965 MB)\n ioapic0 \u003cVersion 2.0\u003e irqs 0-23 on motherboard\n kbd1 at kbdmux0\n ichwd module loaded\n ath_hal: 0.9.17.2 (AR5210, AR5211, AR5212, RF5111, RF5112, RF2413, RF5413)\n acpi0: \u003cNEC \u003e on motherboard\n acpi_bus_number: can't get _ADR\n acpi_bus_number: can't get _ADR\n acpi_bus_number: can't get _ADR\n acpi_bus_number: can't get _ADR\n acpi0: Power Button (fixed)\n Timecounter \"ACPI-fast\" frequency 3579545 Hz quality 1000\n acpi_timer0: \u003c24-bit timer at 3.579545MHz\u003e port 0x808-0x80b on acpi0\n cpu0: \u003cACPI CPU\u003e on acpi0\n est0: \u003cEnhanced SpeedStep Frequency Control\u003e on cpu0\n p4tcc0: \u003cCPU Frequency Thermal Control\u003e on cpu0\n pcib0: \u003cACPI Host-PCI bridge\u003e port 0xcf8-0xcff on acpi0\n pci0: \u003cACPI PCI bus\u003e on pcib0\n pcib1: \u003cACPI PCI-PCI bridge\u003e irq 16 at device 1.0 on pci0\n pci1: \u003cACPI PCI bus\u003e on pcib1\n pci1: \u003cdisplay, VGA\u003e at device 0.0 (no driver attached)\n uhci0: \u003cUHCI (generic) USB controller\u003e port 0xc800-0xc81f irq 16 at device 26.0 on pci0\n uhci0: [GIANT-LOCKED]\n usb0: \u003cUHCI (generic) USB controller\u003e on uhci0\n usb0: USB revision 1.0\n uhub0: Intel UHCI root hub, class 9/0, rev 1.00/1.00, addr 1\n uhub0: 2 ports with 2 removable, self powered\n uhci1: \u003cUHCI (generic) USB controller\u003e port 0xc880-0xc89f irq 21 at device 26.1 on pci0\n uhci1: [GIANT-LOCKED]\n usb1: \u003cUHCI (generic) USB controller\u003e on uhci1\n usb1: USB revision 1.0\n uhub1: Intel UHCI root hub, class 9/0, rev 1.00/1.00, addr 1\n uhub1: 2 ports with 2 removable, self powered\n uhci2: \u003cUHCI (generic) USB controller\u003e port 0xcc00-0xcc1f irq 18 at device 26.2 on pci0\n uhci2: [GIANT-LOCKED]\n usb2: \u003cUHCI (generic) USB controller\u003e on uhci2\n usb2: USB revision 1.0\n uhub2: Intel UHCI root hub, class 9/0, rev 1.00/1.00, addr 1\n uhub2: 2 ports with 2 removable, self powered\n ehci0: \u003cEHCI (generic) USB 2.0 controller\u003e mem 0xfbfffc00-0xfbffffff irq 18 at device 26.7 on pci0\n ehci0: [GIANT-LOCKED]\n usb3: EHCI version 1.0\n usb3: companion controllers, 2 ports each: usb0 usb1 usb2\n usb3: \u003cEHCI (generic) USB 2.0 controller\u003e on ehci0\n usb3: USB revision 2.0\n uhub3: Intel EHCI root hub, class 9/0, rev 2.00/1.00, addr 1\n uhub3: 6 ports with 6 removable, self powered\n pci0: \u003cmultimedia\u003e at device 27.0 (no driver attached)\n pcib2: \u003cACPI PCI-PCI bridge\u003e irq 17 at device 28.0 on pci0\n pci4: \u003cACPI PCI bus\u003e on pcib2\n pcib3: \u003cACPI PCI-PCI bridge\u003e irq 17 at device 28.4 on pci0\n pci3: \u003cACPI PCI bus\u003e on pcib3\n atapci0: \u003cGENERIC ATA controller\u003e port 0xdc00-0xdc07,0xd880-0xd883,0xd800-0xd807,0xd480-0xd483,0xd400-0xd40f mem 0xfeaffc00-0xfeafffff irq 16 at device 0.0 on pci3\n ata2: \u003cATA channel 0\u003e on atapci0\n ata3: \u003cATA channel 1\u003e on atapci0\n pcib4: \u003cACPI PCI-PCI bridge\u003e irq 16 at device 28.5 on pci0\n pci2: \u003cACPI PCI bus\u003e on pcib4\n pci2: \u003cnetwork, ethernet\u003e at device 0.0 (no driver attached)\n uhci3: \u003cUHCI (generic) USB controller\u003e port 0xc080-0xc09f irq 23 at device 29.0 on pci0\n uhci3: [GIANT-LOCKED]\n usb4: \u003cUHCI (generic) USB controller\u003e on uhci3\n usb4: USB revision 1.0\n uhub4: Intel UHCI root hub, class 9/0, rev 1.00/1.00, addr 1\n uhub4: 2 ports with 2 removable, self powered\n uhci4: \u003cUHCI (generic) USB controller\u003e port 0xc400-0xc41f irq 19 at device 29.1 on pci0\n uhci4: [GIANT-LOCKED]\n usb5: \u003cUHCI (generic) USB controller\u003e on uhci4\n usb5: USB revision 1.0\n uhub5: Intel UHCI root hub, class 9/0, rev 1.00/1.00, addr 1\n uhub5: 2 ports with 2 removable, self powered\n uhci5: \u003cUHCI (generic) USB controller\u003e port 0xc480-0xc49f irq 18 at device 29.2 on pci0\n uhci5: [GIANT-LOCKED]\n usb6: \u003cUHCI (generic) USB controller\u003e on uhci5\n usb6: USB revision 1.0\n uhub6: Intel UHCI root hub, class 9/0, rev 1.00/1.00, addr 1\n uhub6: 2 ports with 2 removable, self powered\n ehci1: \u003cEHCI (generic) USB 2.0 controller\u003e mem 0xfbfff800-0xfbfffbff irq 23 at device 29.7 on pci0\n ehci1: [GIANT-LOCKED]\n usb7: EHCI version 1.0\n usb7: companion controllers, 2 ports each: usb4 usb5 usb6\n usb7: \u003cEHCI (generic) USB 2.0 controller\u003e on ehci1\n usb7: USB revision 2.0\n uhub7: Intel EHCI root hub, class 9/0, rev 2.00/1.00, addr 1\n uhub7: 6 ports with 6 removable, self powered\n umass0: Generic Mass Storage Device, rev 2.00/1.27, addr 2\n pcib5: \u003cACPI PCI-PCI bridge\u003e at device 30.0 on pci0\n pci5: \u003cACPI PCI bus\u003e on pcib5\n dc0: \u003cAccton EN2242 MiniPCI 10/100BaseTX\u003e port 0xe800-0xe8ff mem 0xfebffc00-0xfebfffff irq 16 at device 0.0 on pci5\n miibus0: \u003cMII bus\u003e on dc0\n ukphy0: \u003cGeneric IEEE 802.3u media interface\u003e on miibus0\n ukphy0:  10baseT, 10baseT-FDX, 100baseTX, 100baseTX-FDX, auto\n dc0: Ethernet address: 00:c0:49:b3:8a:81\n isab0: \u003cPCI-ISA bridge\u003e at device 31.0 on pci0\n isa0: \u003cISA bus\u003e on isab0\n atapci1: \u003cGENERIC ATA controller\u003e port 0xb000-0xb007,0xac00-0xac03,0xa880-0xa887,0xa800-0xa803,0xa480-0xa48f,0xa400-0xa40f irq 22 at device 31.2 on pci0\n ata4: \u003cATA channel 0\u003e on atapci1\n ata5: \u003cATA channel 1\u003e on atapci1\n ichsmb0: \u003cSMBus controller\u003e port 0x400-0x41f mem 0xfbfff400-0xfbfff4ff irq 18 at device 31.3 on pci0\n ichsmb0: [GIANT-LOCKED]\n smbus0: \u003cSystem Management Bus\u003e on ichsmb0\n smb0: \u003cSMBus generic I/O\u003e on smbus0\n atapci2: \u003cGENERIC ATA controller\u003e port 0xc000-0xc007,0xbc00-0xbc03,0xb880-0xb887,0xb800-0xb803,0xb480-0xb48f,0xb400-0xb40f irq 22 at device 31.5 on pci0\n ata6: \u003cATA channel 0\u003e on atapci2\n ata7: \u003cATA channel 1\u003e on atapci2\n acpi_button0: \u003cPower Button\u003e on acpi0\n speaker0: \u003cPC speaker\u003e port 0x61 on acpi0\n fdc0: \u003cfloppy drive controller (FDE)\u003e port 0x3f0-0x3f5,0x3f7 irq 6 drq 2 on acpi0\n fdc0: [FAST]\n sio0: configured irq 4 not in bitmap of probed irqs 0\n sio0: port may not be enabled\n sio0: \u003c16550A-compatible COM port\u003e port 0x3f8-0x3ff irq 4 flags 0x10 on acpi0\n sio0: type 16550A\n atkbdc0: \u003cKeyboard controller (i8042)\u003e port 0x60,0x64 irq 1 on acpi0\n atkbd0: \u003cAT Keyboard\u003e irq 1 on atkbdc0\n kbd0 at atkbd0\n atkbd0: [GIANT-LOCKED]\n ppc0: cannot reserve I/O port range\n sc0: \u003cSystem console\u003e at flags 0x100 on isa0\n sc0: VGA \u003c16 virtual consoles, flags=0x300\u003e\n sio1: configured irq 3 not in bitmap of probed irqs 0\n sio1: port may not be enabled\n vga0: \u003cGeneric ISA VGA\u003e at port 0x3c0-0x3df iomem 0xa0000-0xbffff on isa0\n Timecounter \"TSC\" frequency 2336083190 Hz quality 800\n Timecounters tick every 1.000 msec\n The GEOM class MD is already loaded.\n The GEOM class MBREXT is already loaded.\n The GEOM class MBR is already loaded.\n The GEOM class BSD is already loaded.\n ad8: 114473MB \u003cSeagate ST3120813AS 2AAA\u003e at ata4-master UDMA33\n ad10: 190782MB \u003cSeagate ST3200820AS 3.AAD\u003e at ata5-master UDMA33\n ad12: 114473MB \u003cSeagate ST3120813AS 2AAA\u003e at ata6-master UDMA33\n ad14: 152627MB \u003cSeagate ST3160815AS 3.AAD\u003e at ata7-master UDMA33\n da0 at umass-sim0 bus 0 target 0 lun 0\n da0: \u003cGeneric USB SD Reader 1.00\u003e Removable Direct Access SCSI-0 device \n da0: 40.000MB/s transfers\n da0: Attempt to query device size failed: NOT READY, Medium not present\n da1 at umass-sim0 bus 0 target 0 lun 1\n da1: \u003cGeneric USB CF Reader 1.01\u003e Removable Direct Access SCSI-0 device \n da1: 40.000MB/s transfers\n da1: Attempt to query device size failed: NOT READY, Medium not present\n da2 at umass-sim0 bus 0 target 0 lun 2\n da2: \u003cGeneric USB SM Reader 1.02\u003e Removable Direct Access SCSI-0 device \n da2: 40.000MB/s transfers\n da2: Attempt to query device size failed: NOT READY, Medium not present\n da3 at umass-sim0 bus 0 target 0 lun 3\n da3: \u003cGeneric USB MS Reader 1.03\u003e Removable Direct Access SCSI-0 device \n da3: 40.000MB/s transfers\n da3: Attempt to query device size failed: NOT READY, Medium not present\n \n ******\n pciconf -l -v\n \n hostb0@pci0:0:0:\tclass=0x060000 card=0x82761043 chip=0x29c08086 rev=0x02 hdr=0x00\n     vendor     = 'Intel Corporation'\n     class      = bridge\n     subclass   = HOST-PCI\n pcib1@pci0:1:0:\tclass=0x060400 card=0x00000088 chip=0x29c18086 rev=0x02 hdr=0x01\n     vendor     = 'Intel Corporation'\n     class      = bridge\n     subclass   = PCI-PCI\n uhci0@pci0:26:0:\tclass=0x0c0300 card=0x82771043 chip=0x29378086 rev=0x02 hdr=0x00\n     vendor     = 'Intel Corporation'\n     class      = serial bus\n     subclass   = USB\n uhci1@pci0:26:1:\tclass=0x0c0300 card=0x82771043 chip=0x29388086 rev=0x02 hdr=0x00\n     vendor     = 'Intel Corporation'\n     class      = serial bus\n     subclass   = USB\n uhci2@pci0:26:2:\tclass=0x0c0300 card=0x82771043 chip=0x29398086 rev=0x02 hdr=0x00\n     vendor     = 'Intel Corporation'\n     class      = serial bus\n     subclass   = USB\n ehci0@pci0:26:7:\tclass=0x0c0320 card=0x82771043 chip=0x293c8086 rev=0x02 hdr=0x00\n     vendor     = 'Intel Corporation'\n     class      = serial bus\n     subclass   = USB\n none0@pci0:27:0:\tclass=0x040300 card=0x829f1043 chip=0x293e8086 rev=0x02 hdr=0x00\n     vendor     = 'Intel Corporation'\n     class      = multimedia\n pcib2@pci0:28:0:\tclass=0x060400 card=0x00000040 chip=0x29408086 rev=0x02 hdr=0x01\n     vendor     = 'Intel Corporation'\n     class      = bridge\n     subclass   = PCI-PCI\n pcib3@pci0:28:4:\tclass=0x060400 card=0x00000040 chip=0x29488086 rev=0x02 hdr=0x01\n     vendor     = 'Intel Corporation'\n     class      = bridge\n     subclass   = PCI-PCI\n pcib4@pci0:28:5:\tclass=0x060400 card=0x00000040 chip=0x294a8086 rev=0x02 hdr=0x01\n     vendor     = 'Intel Corporation'\n     class      = bridge\n     subclass   = PCI-PCI\n uhci3@pci0:29:0:\tclass=0x0c0300 card=0x82771043 chip=0x29348086 rev=0x02 hdr=0x00\n     vendor     = 'Intel Corporation'\n     class      = serial bus\n     subclass   = USB\n uhci4@pci0:29:1:\tclass=0x0c0300 card=0x82771043 chip=0x29358086 rev=0x02 hdr=0x00\n     vendor     = 'Intel Corporation'\n     class      = serial bus\n     subclass   = USB\n uhci5@pci0:29:2:\tclass=0x0c0300 card=0x82771043 chip=0x29368086 rev=0x02 hdr=0x00\n     vendor     = 'Intel Corporation'\n     class      = serial bus\n     subclass   = USB\n ehci1@pci0:29:7:\tclass=0x0c0320 card=0x82771043 chip=0x293a8086 rev=0x02 hdr=0x00\n     vendor     = 'Intel Corporation'\n     class      = serial bus\n     subclass   = USB\n pcib5@pci0:30:0:\tclass=0x060401 card=0x00000050 chip=0x244e8086 rev=0x92 hdr=0x01\n     vendor     = 'Intel Corporation'\n     device     = '82801BA/CA/DB/DBL/EB/ER/FB (ICH2/3/4/4/5/5/6), 6300ESB Hub Interface to PCI Bridge'\n     class      = bridge\n     subclass   = PCI-PCI\n isab0@pci0:31:0:\tclass=0x060100 card=0x82771043 chip=0x29188086 rev=0x02 hdr=0x00\n     vendor     = 'Intel Corporation'\n     class      = bridge\n     subclass   = PCI-ISA\n atapci1@pci0:31:2:\tclass=0x01018f card=0x82771043 chip=0x29218086 rev=0x02 hdr=0x00\n     vendor     = 'Intel Corporation'\n     class      = mass storage\n     subclass   = ATA\n ichsmb0@pci0:31:3:\tclass=0x0c0500 card=0x82771043 chip=0x29308086 rev=0x02 hdr=0x00\n     vendor     = 'Intel Corporation'\n     class      = serial bus\n     subclass   = SMBus\n atapci2@pci0:31:5:\tclass=0x010185 card=0x82771043 chip=0x29268086 rev=0x02 hdr=0x00\n     vendor     = 'Intel Corporation'\n     class      = mass storage\n     subclass   = ATA\n none1@pci1:0:0:\tclass=0x030000 card=0x81ec1043 chip=0x016110de rev=0xa1 hdr=0x00\n     vendor     = 'NVIDIA Corporation'\n     device     = 'GeForce 6200 TurboCache(TM)'\n     class      = display\n     subclass   = VGA\n atapci0@pci3:0:0:\tclass=0x01018f card=0x82a21043 chip=0x612111ab rev=0xb1 hdr=0x00\n     vendor     = 'Marvell Semiconductor (Was: Galileo Technology Ltd)'\n     class      = mass storage\n     subclass   = ATA\n none2@pci2:0:0:\tclass=0x020000 card=0x82261043 chip=0x10481969 rev=0xb0 hdr=0x00\n     class      = network\n     subclass   = ethernet\n ******\n\nFix: \n\nneed drivers support for\nICH9\nMarvell 88SE6111\nOnboard LAN\nHow-To-Repeat: Try it\nIt mostly works with SATA drives not on Marvell"
}