{
 "id": 559430,
 "bug_id": 146941,
 "attachment_id": 0,
 "creation_time": "2010-05-25T06:20:01Z",
 "creator": "martin.minkus@punz.co.nz",
 "text": "Running the latest 8-STABLE. I've re-cvs'd and rebuilt the kernel \u0026 world\na few times the last 2 days and the problem won't go away.\n\nI recompiled with INVARIANTS, WITNESS, KDB, etc to get a backtrace and any\nother information that might be required to resolve this problem.\n\nScreenshots of the panic and backtrace:\n\nhttp://bayimg.com/oAMIiAaCP\nhttp://bayimg.com/oAmIJAAcP\nhttp://bayimg.com/oaMIKaacp\n\n\ndmesg output:\n\nCopyright (c) 1992-2010 The FreeBSD Project.\nCopyright (c) 1979, 1980, 1983, 1986, 1988, 1989, 1991, 1992, 1993, 1994\n\tThe Regents of the University of California. All rights reserved.\nFreeBSD is a registered trademark of The FreeBSD Foundation.\nFreeBSD 8.1-PRERELEASE #3: Tue May 25 14:32:02 NZST 2010\n    martinm@kinetic.pulse.local:/usr/obj/usr/src/sys/DIAMOND amd64\nWARNING: WITNESS option enabled, expect reduced performance.\nTimecounter \"i8254\" frequency 1193182 Hz quality 0\nCPU: Intel(R) Xeon(R) CPU           E5320  @ 1.86GHz (1866.43-MHz K8-class CPU)\n  Origin = \"GenuineIntel\"  Id = 0x6f8  Family = 6  Model = f  Stepping = 8\n  Features=0xfebfbff\u003cFPU,VME,DE,PSE,TSC,MSR,PAE,MCE,CX8,APIC,SEP,MTRR,PGE,MCA,CMOV,PAT,PSE36,CLFLUSH,DTS,ACPI,MMX,FXSR,SSE,SSE2,SS\u003e\n  Features2=0x2201\u003cSSE3,SSSE3,CX16\u003e\n  AMD Features=0x20100800\u003cSYSCALL,NX,LM\u003e\n  AMD Features2=0x1\u003cLAHF\u003e\n  TSC: P-state invariant\nreal memory  = 1073741824 (1024 MB)\navail memory = 1016025088 (968 MB)\nACPI APIC Table: \u003cPTLTD  \t APIC  \u003e\nMADT: Forcing active-low polarity and level trigger for SCI\nioapic0 \u003cVersion 1.1\u003e irqs 0-23 on motherboard\nkbd1 at kbdmux0\nacpi0: \u003cPTLTD   RSDT\u003e on motherboard\nacpi0: [ITHREAD]\nacpi0: Power Button (fixed)\nTimecounter \"ACPI-safe\" frequency 3579545 Hz quality 850\nacpi_timer0: \u003c24-bit timer at 3.579545MHz\u003e port 0x1008-0x100b on acpi0\ncpu0: \u003cACPI CPU\u003e on acpi0\npcib0: \u003cACPI Host-PCI bridge\u003e port 0xcf8-0xcff on acpi0\npci0: \u003cACPI PCI bus\u003e on pcib0\npcib1: \u003cACPI PCI-PCI bridge\u003e at device 1.0 on pci0\npci1: \u003cACPI PCI bus\u003e on pcib1\nisab0: \u003cPCI-ISA bridge\u003e at device 7.0 on pci0\nisa0: \u003cISA bus\u003e on isab0\natapci0: \u003cIntel PIIX4 UDMA33 controller\u003e port 0x1f0-0x1f7,0x3f6,0x170-0x177,0x376,0x1050-0x105f at device 7.1 on pci0\nata0: \u003cATA channel 0\u003e on atapci0\nata0: [ITHREAD]\nata1: \u003cATA channel 1\u003e on atapci0\nata1: [ITHREAD]\npci0: \u003cbridge\u003e at device 7.3 (no driver attached)\nvgapci0: \u003cVGA-compatible display\u003e port 0x1060-0x106f mem 0xf8000000-0xfbffffff,0xf4000000-0xf47fffff at device 15.0 on pci0\nmpt0: \u003cLSILogic 1030 Ultra4 Adapter\u003e port 0x1080-0x10ff mem 0xf4810000-0xf4810fff irq 17 at device 16.0 on pci0\nmpt0: [ITHREAD]\nmpt0: MPI Version=1.2.0.0\nem0: \u003cIntel(R) PRO/1000 Legacy Network Connection 1.0.1\u003e port 0x1400-0x143f mem 0xf4820000-0xf483ffff,0xf4800000-0xf480ffff irq 18 at device 17.0 on pci0\nem0: Memory Access and/or Bus Master bits were not set!\nem0: [FILTER]\nem0: Ethernet address: 00:50:56:a5:20:03\nacpi_acad0: \u003cAC Adapter\u003e on acpi0\natrtc0: \u003cAT realtime clock\u003e port 0x70-0x71 irq 8 on acpi0\natkbdc0: \u003cKeyboard controller (i8042)\u003e port 0x60,0x64 irq 1 on acpi0\natkbd0: \u003cAT Keyboard\u003e irq 1 on atkbdc0\nkbd0 at atkbd0\natkbd0: [GIANT-LOCKED]\natkbd0: [ITHREAD]\npsm0: \u003cPS/2 Mouse\u003e irq 12 on atkbdc0\npsm0: [GIANT-LOCKED]\npsm0: [ITHREAD]\npsm0: model IntelliMouse, device ID 3\nppc0: \u003cParallel port\u003e port 0x378-0x37f irq 7 on acpi0\nppc0: Generic chipset (NIBBLE-only) in COMPATIBLE mode\nppc0: [ITHREAD]\nppbus0: \u003cParallel port bus\u003e on ppc0\nplip0: \u003cPLIP network interface\u003e on ppbus0\nplip0: [ITHREAD]\nlpt0: \u003cPrinter\u003e on ppbus0\nlpt0: [ITHREAD]\nlpt0: Interrupt-driven port\nppi0: \u003cParallel I/O\u003e on ppbus0\nuart0: \u003c16550 or compatible\u003e port 0x3f8-0x3ff irq 4 flags 0x10 on acpi0\nuart0: [FILTER]\nuart1: \u003c16550 or compatible\u003e port 0x2f8-0x2ff irq 3 on acpi0\nuart1: [FILTER]\nfdc0: \u003cfloppy drive controller\u003e port 0x3f0-0x3f5,0x3f7 irq 6 drq 2 on acpi0\nfdc0: [FILTER]\nfd0: \u003c1440-KB 3.5\" drive\u003e on fdc0 drive 0\norm0: \u003cISA Option ROMs\u003e at iomem 0xc0000-0xc7fff,0xca000-0xcafff,0xdc000-0xdffff,0xe0000-0xe3fff on isa0\nsc0: \u003cSystem console\u003e at flags 0x100 on isa0\nsc0: VGA \u003c16 virtual consoles, flags=0x300\u003e\nvga0: \u003cGeneric ISA VGA\u003e at port 0x3c0-0x3df iomem 0xa0000-0xbffff on isa0\nacpi_throttle0: \u003cACPI CPU Throttling\u003e on cpu0\nZFS NOTICE: Prefetch is disabled by default if less than 4GB of RAM is present;\n            to enable, add \"vfs.zfs.prefetch_disable=0\" to /boot/loader.conf.\nZFS filesystem version 3\nZFS storage pool version 14\nTimecounter \"TSC\" frequency 1866434311 Hz quality 800\nTimecounters tick every 10.000 msec\nacd0: CDROM \u003cVMware Virtual IDE CDROM Drive/00000001\u003e at ata0-master UDMA33 \nda0 at mpt0 bus 0 scbus0 target 0 lun 0\nda0: \u003cVMware Virtual disk 1.0\u003e Fixed Direct Access SCSI-2 device \nda0: 320.000MB/s transfers (160.000MHz, offset 127, 16bit)\nda0: Command Queueing enabled\nda0: 8192MB (16777216 512 byte sectors: 255H 63S/T 1044C)\nda1 at mpt0 bus 0 scbus0 target 1 lun 0\nda1: \u003cVMware Virtual disk 1.0\u003e Fixed Direct Access SCSI-2 device \nda1: 320.000MB/s transfers (160.000MHz, offset 127, 16bit)\nda1: Command Queueing enabled\nda1: 143360MB (293601280 512 byte sectors: 255H 63S/T 18275C)\nWARNING: WITNESS option enabled, expect reduced performance.\nTrying to mount root from ufs:/dev/da0s1a\nWARNING: / was not properly dismounted\nVMware memory control driver initialized\n\nFatal double fault\nrip = 0xffffffff8037ff6b\nrsp = 0xffffff808d05ef40\nrbp = 0xffffff808d05f070\ncpuid = 0; apic id = 00\npanic: double fault\ncpuid = 0\nKDB: enter: panic\nUptime: 1m39s\nCannot dump. Device not defined or unavailable.\nAutomatic reboot in 15 seconds - press a key on the console to abort\nRebooting...\nCopyright (c) 1992-2010 The FreeBSD Project.\nCopyright (c) 1979, 1980, 1983, 1986, 1988, 1989, 1991, 1992, 1993, 1994\n\tThe Regents of the University of California. All rights reserved.\nFreeBSD is a registered trademark of The FreeBSD Foundation.\nFreeBSD 8.1-PRERELEASE #3: Tue May 25 14:32:02 NZST 2010\n    martinm@kinetic.pulse.local:/usr/obj/usr/src/sys/DIAMOND amd64\nWARNING: WITNESS option enabled, expect reduced performance.\nTimecounter \"i8254\" frequency 1193182 Hz quality 0\nCPU: Intel(R) Xeon(R) CPU           E5320  @ 1.86GHz (1866.46-MHz K8-class CPU)\n  Origin = \"GenuineIntel\"  Id = 0x6f8  Family = 6  Model = f  Stepping = 8\n  Features=0xfebfbff\u003cFPU,VME,DE,PSE,TSC,MSR,PAE,MCE,CX8,APIC,SEP,MTRR,PGE,MCA,CMOV,PAT,PSE36,CLFLUSH,DTS,ACPI,MMX,FXSR,SSE,SSE2,SS\u003e\n  Features2=0x2201\u003cSSE3,SSSE3,CX16\u003e\n  AMD Features=0x20100800\u003cSYSCALL,NX,LM\u003e\n  AMD Features2=0x1\u003cLAHF\u003e\n  TSC: P-state invariant\nreal memory  = 1073741824 (1024 MB)\navail memory = 1016025088 (968 MB)\nACPI APIC Table: \u003cPTLTD  \t APIC  \u003e\nMADT: Forcing active-low polarity and level trigger for SCI\nioapic0 \u003cVersion 1.1\u003e irqs 0-23 on motherboard\nkbd1 at kbdmux0\nacpi0: \u003cPTLTD   RSDT\u003e on motherboard\nacpi0: [ITHREAD]\nacpi0: Power Button (fixed)\nTimecounter \"ACPI-safe\" frequency 3579545 Hz quality 850\nacpi_timer0: \u003c24-bit timer at 3.579545MHz\u003e port 0x1008-0x100b on acpi0\ncpu0: \u003cACPI CPU\u003e on acpi0\npcib0: \u003cACPI Host-PCI bridge\u003e port 0xcf8-0xcff on acpi0\npci0: \u003cACPI PCI bus\u003e on pcib0\npcib1: \u003cACPI PCI-PCI bridge\u003e at device 1.0 on pci0\npci1: \u003cACPI PCI bus\u003e on pcib1\nisab0: \u003cPCI-ISA bridge\u003e at device 7.0 on pci0\nisa0: \u003cISA bus\u003e on isab0\natapci0: \u003cIntel PIIX4 UDMA33 controller\u003e port 0x1f0-0x1f7,0x3f6,0x170-0x177,0x376,0x1050-0x105f at device 7.1 on pci0\nata0: \u003cATA channel 0\u003e on atapci0\nata0: [ITHREAD]\nata1: \u003cATA channel 1\u003e on atapci0\nata1: [ITHREAD]\npci0: \u003cbridge\u003e at device 7.3 (no driver attached)\nvgapci0: \u003cVGA-compatible display\u003e port 0x1060-0x106f mem 0xf8000000-0xfbffffff,0xf4000000-0xf47fffff at device 15.0 on pci0\nmpt0: \u003cLSILogic 1030 Ultra4 Adapter\u003e port 0x1080-0x10ff mem 0xf4810000-0xf4810fff irq 17 at device 16.0 on pci0\nmpt0: [ITHREAD]\nmpt0: MPI Version=1.2.0.0\nem0: \u003cIntel(R) PRO/1000 Legacy Network Connection 1.0.1\u003e port 0x1400-0x143f mem 0xf4820000-0xf483ffff,0xf4800000-0xf480ffff irq 18 at device 17.0 on pci0\nem0: Memory Access and/or Bus Master bits were not set!\nem0: [FILTER]\nem0: Ethernet address: 00:50:56:a5:20:03\nacpi_acad0: \u003cAC Adapter\u003e on acpi0\natrtc0: \u003cAT realtime clock\u003e port 0x70-0x71 irq 8 on acpi0\natkbdc0: \u003cKeyboard controller (i8042)\u003e port 0x60,0x64 irq 1 on acpi0\natkbd0: \u003cAT Keyboard\u003e irq 1 on atkbdc0\nkbd0 at atkbd0\natkbd0: [GIANT-LOCKED]\natkbd0: [ITHREAD]\npsm0: \u003cPS/2 Mouse\u003e irq 12 on atkbdc0\npsm0: [GIANT-LOCKED]\npsm0: [ITHREAD]\npsm0: model IntelliMouse, device ID 3\nppc0: \u003cParallel port\u003e port 0x378-0x37f irq 7 on acpi0\nppc0: Generic chipset (NIBBLE-only) in COMPATIBLE mode\nppc0: [ITHREAD]\nppbus0: \u003cParallel port bus\u003e on ppc0\nplip0: \u003cPLIP network interface\u003e on ppbus0\nplip0: [ITHREAD]\nlpt0: \u003cPrinter\u003e on ppbus0\nlpt0: [ITHREAD]\nlpt0: Interrupt-driven port\nppi0: \u003cParallel I/O\u003e on ppbus0\nuart0: \u003c16550 or compatible\u003e port 0x3f8-0x3ff irq 4 flags 0x10 on acpi0\nuart0: [FILTER]\nuart1: \u003c16550 or compatible\u003e port 0x2f8-0x2ff irq 3 on acpi0\nuart1: [FILTER]\nfdc0: \u003cfloppy drive controller\u003e port 0x3f0-0x3f5,0x3f7 irq 6 drq 2 on acpi0\nfdc0: [FILTER]\nfd0: \u003c1440-KB 3.5\" drive\u003e on fdc0 drive 0\norm0: \u003cISA Option ROMs\u003e at iomem 0xc0000-0xc7fff,0xca000-0xcafff,0xdc000-0xdffff,0xe0000-0xe3fff on isa0\nsc0: \u003cSystem console\u003e at flags 0x100 on isa0\nsc0: VGA \u003c16 virtual consoles, flags=0x300\u003e\nvga0: \u003cGeneric ISA VGA\u003e at port 0x3c0-0x3df iomem 0xa0000-0xbffff on isa0\nacpi_throttle0: \u003cACPI CPU Throttling\u003e on cpu0\nZFS NOTICE: Prefetch is disabled by default if less than 4GB of RAM is present;\n            to enable, add \"vfs.zfs.prefetch_disable=0\" to /boot/loader.conf.\nZFS filesystem version 3\nZFS storage pool version 14\nTimecounter \"TSC\" frequency 1866457425 Hz quality 800\nTimecounters tick every 10.000 msec\nacd0: CDROM \u003cVMware Virtual IDE CDROM Drive/00000001\u003e at ata0-master UDMA33 \nda0 at mpt0 bus 0 scbus0 target 0 lun 0\nda0: \u003cVMware Virtual disk 1.0\u003e Fixed Direct Access SCSI-2 device \nda0: 320.000MB/s transfers (160.000MHz, offset 127, 16bit)\nda0: Command Queueing enabled\nda0: 8192MB (16777216 512 byte sectors: 255H 63S/T 1044C)\nda1 at mpt0 bus 0 scbus0 target 1 lun 0\nda1: \u003cVMware Virtual disk 1.0\u003e Fixed Direct Access SCSI-2 device \nda1: 320.000MB/s transfers (160.000MHz, offset 127, 16bit)\nda1: Command Queueing enabled\nda1: 143360MB (293601280 512 byte sectors: 255H 63S/T 18275C)\nWARNING: WITNESS option enabled, expect reduced performance.\nTrying to mount root from ufs:/dev/da0s1a\nWARNING: / was not properly dismounted\n/: mount pending error: blocks 444 files 29\nVMware memory control driver initialized\n\nFatal double fault\nrip = 0xffffffff8037ff6b\nrsp = 0xffffff808d05ef40\nrbp = 0xffffff808d05f070\ncpuid = 0; apic id = 00\npanic: double fault\ncpuid = 0\nKDB: enter: panic\nUptime: 1m39s\nCannot dump. Device not defined or unavailable.\nAutomatic reboot in 15 seconds - press a key on the console to abort\n--\u003e Press a key on the console to reboot,\n--\u003e or switch off the system now.\nRebooting...\nCopyright (c) 1992-2010 The FreeBSD Project.\nCopyright (c) 1979, 1980, 1983, 1986, 1988, 1989, 1991, 1992, 1993, 1994\n\tThe Regents of the University of California. All rights reserved.\nFreeBSD is a registered trademark of The FreeBSD Foundation.\nFreeBSD 8.1-PRERELEASE #3: Tue May 25 14:32:02 NZST 2010\n    martinm@kinetic.pulse.local:/usr/obj/usr/src/sys/DIAMOND amd64\nWARNING: WITNESS option enabled, expect reduced performance.\nTimecounter \"i8254\" frequency 1193182 Hz quality 0\nCPU: Intel(R) Xeon(R) CPU           E5320  @ 1.86GHz (1866.44-MHz K8-class CPU)\n  Origin = \"GenuineIntel\"  Id = 0x6f8  Family = 6  Model = f  Stepping = 8\n  Features=0xfebfbff\u003cFPU,VME,DE,PSE,TSC,MSR,PAE,MCE,CX8,APIC,SEP,MTRR,PGE,MCA,CMOV,PAT,PSE36,CLFLUSH,DTS,ACPI,MMX,FXSR,SSE,SSE2,SS\u003e\n  Features2=0x2201\u003cSSE3,SSSE3,CX16\u003e\n  AMD Features=0x20100800\u003cSYSCALL,NX,LM\u003e\n  AMD Features2=0x1\u003cLAHF\u003e\n  TSC: P-state invariant\nreal memory  = 1073741824 (1024 MB)\navail memory = 1016025088 (968 MB)\nACPI APIC Table: \u003cPTLTD  \t APIC  \u003e\nMADT: Forcing active-low polarity and level trigger for SCI\nioapic0 \u003cVersion 1.1\u003e irqs 0-23 on motherboard\nkbd1 at kbdmux0\nacpi0: \u003cPTLTD   RSDT\u003e on motherboard\nacpi0: [ITHREAD]\nacpi0: Power Button (fixed)\nTimecounter \"ACPI-safe\" frequency 3579545 Hz quality 850\nacpi_timer0: \u003c24-bit timer at 3.579545MHz\u003e port 0x1008-0x100b on acpi0\ncpu0: \u003cACPI CPU\u003e on acpi0\npcib0: \u003cACPI Host-PCI bridge\u003e port 0xcf8-0xcff on acpi0\npci0: \u003cACPI PCI bus\u003e on pcib0\npcib1: \u003cACPI PCI-PCI bridge\u003e at device 1.0 on pci0\npci1: \u003cACPI PCI bus\u003e on pcib1\nisab0: \u003cPCI-ISA bridge\u003e at device 7.0 on pci0\nisa0: \u003cISA bus\u003e on isab0\natapci0: \u003cIntel PIIX4 UDMA33 controller\u003e port 0x1f0-0x1f7,0x3f6,0x170-0x177,0x376,0x1050-0x105f at device 7.1 on pci0\nata0: \u003cATA channel 0\u003e on atapci0\nata0: [ITHREAD]\nata1: \u003cATA channel 1\u003e on atapci0\nata1: [ITHREAD]\npci0: \u003cbridge\u003e at device 7.3 (no driver attached)\nvgapci0: \u003cVGA-compatible display\u003e port 0x1060-0x106f mem 0xf8000000-0xfbffffff,0xf4000000-0xf47fffff at device 15.0 on pci0\nmpt0: \u003cLSILogic 1030 Ultra4 Adapter\u003e port 0x1080-0x10ff mem 0xf4810000-0xf4810fff irq 17 at device 16.0 on pci0\nmpt0: [ITHREAD]\nmpt0: MPI Version=1.2.0.0\nem0: \u003cIntel(R) PRO/1000 Legacy Network Connection 1.0.1\u003e port 0x1400-0x143f mem 0xf4820000-0xf483ffff,0xf4800000-0xf480ffff irq 18 at device 17.0 on pci0\nem0: Memory Access and/or Bus Master bits were not set!\nem0: [FILTER]\nem0: Ethernet address: 00:50:56:a5:20:03\nacpi_acad0: \u003cAC Adapter\u003e on acpi0\natrtc0: \u003cAT realtime clock\u003e port 0x70-0x71 irq 8 on acpi0\natkbdc0: \u003cKeyboard controller (i8042)\u003e port 0x60,0x64 irq 1 on acpi0\natkbd0: \u003cAT Keyboard\u003e irq 1 on atkbdc0\nkbd0 at atkbd0\natkbd0: [GIANT-LOCKED]\natkbd0: [ITHREAD]\npsm0: \u003cPS/2 Mouse\u003e irq 12 on atkbdc0\npsm0: [GIANT-LOCKED]\npsm0: [ITHREAD]\npsm0: model IntelliMouse, device ID 3\nppc0: \u003cParallel port\u003e port 0x378-0x37f irq 7 on acpi0\nppc0: Generic chipset (NIBBLE-only) in COMPATIBLE mode\nppc0: [ITHREAD]\nppbus0: \u003cParallel port bus\u003e on ppc0\nplip0: \u003cPLIP network interface\u003e on ppbus0\nplip0: [ITHREAD]\nlpt0: \u003cPrinter\u003e on ppbus0\nlpt0: [ITHREAD]\nlpt0: Interrupt-driven port\nppi0: \u003cParallel I/O\u003e on ppbus0\nuart0: \u003c16550 or compatible\u003e port 0x3f8-0x3ff irq 4 flags 0x10 on acpi0\nuart0: [FILTER]\nuart1: \u003c16550 or compatible\u003e port 0x2f8-0x2ff irq 3 on acpi0\nuart1: [FILTER]\nfdc0: \u003cfloppy drive controller\u003e port 0x3f0-0x3f5,0x3f7 irq 6 drq 2 on acpi0\nfdc0: [FILTER]\nfd0: \u003c1440-KB 3.5\" drive\u003e on fdc0 drive 0\norm0: \u003cISA Option ROMs\u003e at iomem 0xc0000-0xc7fff,0xca000-0xcafff,0xdc000-0xdffff,0xe0000-0xe3fff on isa0\nsc0: \u003cSystem console\u003e at flags 0x100 on isa0\nsc0: VGA \u003c16 virtual consoles, flags=0x300\u003e\nvga0: \u003cGeneric ISA VGA\u003e at port 0x3c0-0x3df iomem 0xa0000-0xbffff on isa0\nacpi_throttle0: \u003cACPI CPU Throttling\u003e on cpu0\nZFS NOTICE: Prefetch is disabled by default if less than 4GB of RAM is present;\n            to enable, add \"vfs.zfs.prefetch_disable=0\" to /boot/loader.conf.\nZFS filesystem version 3\nZFS storage pool version 14\nTimecounter \"TSC\" frequency 1866436348 Hz quality 800\nTimecounters tick every 10.000 msec\nacd0: CDROM \u003cVMware Virtual IDE CDROM Drive/00000001\u003e at ata0-master UDMA33 \nda0 at mpt0 bus 0 scbus0 target 0 lun 0\nda0: \u003cVMware Virtual disk 1.0\u003e Fixed Direct Access SCSI-2 device \nda0: 320.000MB/s transfers (160.000MHz, offset 127, 16bit)\nda0: Command Queueing enabled\nda0: 8192MB (16777216 512 byte sectors: 255H 63S/T 1044C)\nda1 at mpt0 bus 0 scbus0 target 1 lun 0\nda1: \u003cVMware Virtual disk 1.0\u003e Fixed Direct Access SCSI-2 device \nda1: 320.000MB/s transfers (160.000MHz, offset 127, 16bit)\nda1: Command Queueing enabled\nda1: 143360MB (293601280 512 byte sectors: 255H 63S/T 18275C)\nWARNING: WITNESS option enabled, expect reduced performance.\nTrying to mount root from ufs:/dev/da0s1a\nWARNING: / was not properly dismounted\n/: mount pending error: blocks 388 files 20\nVMware memory control driver initialized\n\nFatal double fault\nrip = 0xffffffff8037ff6b\nrsp = 0xffffff808d05ef40\nrbp = 0xffffff808d05f070\ncpuid = 0; apic id = 00\npanic: double fault\ncpuid = 0\nKDB: enter: panic\nUptime: 1m39s\nCannot dump. Device not defined or unavailable.\nAutomatic reboot in 15 seconds - press a key on the console to abort\n--\u003e Press a key on the console to reboot,\n--\u003e or switch off the system now.\nRebooting...\nCopyright (c) 1992-2010 The FreeBSD Project.\nCopyright (c) 1979, 1980, 1983, 1986, 1988, 1989, 1991, 1992, 1993, 1994\n\tThe Regents of the University of California. All rights reserved.\nFreeBSD is a registered trademark of The FreeBSD Foundation.\nFreeBSD 8.1-PRERELEASE #3: Tue May 25 14:32:02 NZST 2010\n    martinm@kinetic.pulse.local:/usr/obj/usr/src/sys/DIAMOND amd64\nWARNING: WITNESS option enabled, expect reduced performance.\nTimecounter \"i8254\" frequency 1193182 Hz quality 0\nCPU: Intel(R) Xeon(R) CPU           E5320  @ 1.86GHz (1866.46-MHz K8-class CPU)\n  Origin = \"GenuineIntel\"  Id = 0x6f8  Family = 6  Model = f  Stepping = 8\n  Features=0xfebfbff\u003cFPU,VME,DE,PSE,TSC,MSR,PAE,MCE,CX8,APIC,SEP,MTRR,PGE,MCA,CMOV,PAT,PSE36,CLFLUSH,DTS,ACPI,MMX,FXSR,SSE,SSE2,SS\u003e\n  Features2=0x2201\u003cSSE3,SSSE3,CX16\u003e\n  AMD Features=0x20100800\u003cSYSCALL,NX,LM\u003e\n  AMD Features2=0x1\u003cLAHF\u003e\n  TSC: P-state invariant\nreal memory  = 1073741824 (1024 MB)\navail memory = 1016025088 (968 MB)\nACPI APIC Table: \u003cPTLTD  \t APIC  \u003e\nMADT: Forcing active-low polarity and level trigger for SCI\nioapic0 \u003cVersion 1.1\u003e irqs 0-23 on motherboard\nkbd1 at kbdmux0\nacpi0: \u003cPTLTD   RSDT\u003e on motherboard\nacpi0: [ITHREAD]\nacpi0: Power Button (fixed)\nTimecounter \"ACPI-safe\" frequency 3579545 Hz quality 850\nacpi_timer0: \u003c24-bit timer at 3.579545MHz\u003e port 0x1008-0x100b on acpi0\ncpu0: \u003cACPI CPU\u003e on acpi0\npcib0: \u003cACPI Host-PCI bridge\u003e port 0xcf8-0xcff on acpi0\npci0: \u003cACPI PCI bus\u003e on pcib0\npcib1: \u003cACPI PCI-PCI bridge\u003e at device 1.0 on pci0\npci1: \u003cACPI PCI bus\u003e on pcib1\nisab0: \u003cPCI-ISA bridge\u003e at device 7.0 on pci0\nisa0: \u003cISA bus\u003e on isab0\natapci0: \u003cIntel PIIX4 UDMA33 controller\u003e port 0x1f0-0x1f7,0x3f6,0x170-0x177,0x376,0x1050-0x105f at device 7.1 on pci0\nata0: \u003cATA channel 0\u003e on atapci0\nata0: [ITHREAD]\nata1: \u003cATA channel 1\u003e on atapci0\nata1: [ITHREAD]\npci0: \u003cbridge\u003e at device 7.3 (no driver attached)\nvgapci0: \u003cVGA-compatible display\u003e port 0x1060-0x106f mem 0xf8000000-0xfbffffff,0xf4000000-0xf47fffff at device 15.0 on pci0\nmpt0: \u003cLSILogic 1030 Ultra4 Adapter\u003e port 0x1080-0x10ff mem 0xf4810000-0xf4810fff irq 17 at device 16.0 on pci0\nmpt0: [ITHREAD]\nmpt0: MPI Version=1.2.0.0\nem0: \u003cIntel(R) PRO/1000 Legacy Network Connection 1.0.1\u003e port 0x1400-0x143f mem 0xf4820000-0xf483ffff,0xf4800000-0xf480ffff irq 18 at device 17.0 on pci0\nem0: Memory Access and/or Bus Master bits were not set!\nem0: [FILTER]\nem0: Ethernet address: 00:50:56:a5:20:03\nacpi_acad0: \u003cAC Adapter\u003e on acpi0\natrtc0: \u003cAT realtime clock\u003e port 0x70-0x71 irq 8 on acpi0\natkbdc0: \u003cKeyboard controller (i8042)\u003e port 0x60,0x64 irq 1 on acpi0\natkbd0: \u003cAT Keyboard\u003e irq 1 on atkbdc0\nkbd0 at atkbd0\natkbd0: [GIANT-LOCKED]\natkbd0: [ITHREAD]\npsm0: \u003cPS/2 Mouse\u003e irq 12 on atkbdc0\npsm0: [GIANT-LOCKED]\npsm0: [ITHREAD]\npsm0: model IntelliMouse, device ID 3\nppc0: \u003cParallel port\u003e port 0x378-0x37f irq 7 on acpi0\nppc0: Generic chipset (NIBBLE-only) in COMPATIBLE mode\nppc0: [ITHREAD]\nppbus0: \u003cParallel port bus\u003e on ppc0\nplip0: \u003cPLIP network interface\u003e on ppbus0\nplip0: [ITHREAD]\nlpt0: \u003cPrinter\u003e on ppbus0\nlpt0: [ITHREAD]\nlpt0: Interrupt-driven port\nppi0: \u003cParallel I/O\u003e on ppbus0\nuart0: \u003c16550 or compatible\u003e port 0x3f8-0x3ff irq 4 flags 0x10 on acpi0\nuart0: [FILTER]\nuart1: \u003c16550 or compatible\u003e port 0x2f8-0x2ff irq 3 on acpi0\nuart1: [FILTER]\nfdc0: \u003cfloppy drive controller\u003e port 0x3f0-0x3f5,0x3f7 irq 6 drq 2 on acpi0\nfdc0: [FILTER]\nfd0: \u003c1440-KB 3.5\" drive\u003e on fdc0 drive 0\norm0: \u003cISA Option ROMs\u003e at iomem 0xc0000-0xc7fff,0xca000-0xcafff,0xdc000-0xdffff,0xe0000-0xe3fff on isa0\nsc0: \u003cSystem console\u003e at flags 0x100 on isa0\nsc0: VGA \u003c16 virtual consoles, flags=0x300\u003e\nvga0: \u003cGeneric ISA VGA\u003e at port 0x3c0-0x3df iomem 0xa0000-0xbffff on isa0\nacpi_throttle0: \u003cACPI CPU Throttling\u003e on cpu0\nZFS NOTICE: Prefetch is disabled by default if less than 4GB of RAM is present;\n            to enable, add \"vfs.zfs.prefetch_disable=0\" to /boot/loader.conf.\nZFS filesystem version 3\nZFS storage pool version 14\nTimecounter \"TSC\" frequency 1866456340 Hz quality 800\nTimecounters tick every 10.000 msec\nacd0: CDROM \u003cVMware Virtual IDE CDROM Drive/00000001\u003e at ata0-master UDMA33 \nda0 at mpt0 bus 0 scbus0 target 0 lun 0\nda0: \u003cVMware Virtual disk 1.0\u003e Fixed Direct Access SCSI-2 device \nda0: 320.000MB/s transfers (160.000MHz, offset 127, 16bit)\nda0: Command Queueing enabled\nda0: 8192MB (16777216 512 byte sectors: 255H 63S/T 1044C)\nda1 at mpt0 bus 0 scbus0 target 1 lun 0\nda1: \u003cVMware Virtual disk 1.0\u003e Fixed Direct Access SCSI-2 device \nda1: 320.000MB/s transfers (160.000MHz, offset 127, 16bit)\nda1: Command Queueing enabled\nda1: 143360MB (293601280 512 byte sectors: 255H 63S/T 18275C)\nWARNING: WITNESS option enabled, expect reduced performance.\nTrying to mount root from ufs:/dev/da0s1a\nWARNING: / was not properly dismounted\n/: mount pending error: blocks 396 files 20\n\n\n\nKINETIC kernel config:\n\n#\n# GENERIC -- Generic kernel configuration file for FreeBSD/amd64\n#\n# For more information on this file, please read the config(5) manual page,\n# and/or the handbook section on Kernel Configuration Files:\n#\n#    http://www.FreeBSD.org/doc/en_US.ISO8859-1/books/handbook/kernelconfig-config.html\n#\n# The handbook is also available locally in /usr/share/doc/handbook\n# if you've installed the doc distribution, otherwise always see the\n# FreeBSD World Wide Web server (http://www.FreeBSD.org/) for the\n# latest information.\n#\n# An exhaustive list of options and more detailed explanations of the\n# device lines is also present in the ../../conf/NOTES and NOTES files.\n# If you are in doubt as to the purpose or necessity of a line, check first\n# in NOTES.\n#\n# $FreeBSD: src/sys/amd64/conf/GENERIC,v 1.531.2.13 2010/05/02 06:24:17 imp Exp $\n\ncpu\t\tHAMMER\nident\t\tKINETIC\n\n# To statically compile in device wiring instead of /boot/device.hints\n#hints\t\t\"GENERIC.hints\"\t\t# Default places to look for devices.\n\n# Use the following to compile in values accessible to the kernel\n# through getenv() (or kenv(1) in userland). The format of the file\n# is 'variable=value', see kenv(1)\n#\n# env\t\t\"GENERIC.env\"\n\n#makeoptions\tDEBUG=-g\t\t# Build kernel with gdb(1) debug symbols\n\noptions \tSCHED_ULE\t\t# ULE scheduler\noptions \tPREEMPTION\t\t# Enable kernel thread preemption\noptions \tINET\t\t\t# InterNETworking\n#options \tINET6\t\t\t# IPv6 communications protocols\noptions \tSCTP\t\t\t# Stream Control Transmission Protocol\noptions \tFFS\t\t\t# Berkeley Fast Filesystem\noptions \tSOFTUPDATES\t\t# Enable FFS soft updates support\noptions \tUFS_ACL\t\t\t# Support for access control lists\noptions \tUFS_DIRHASH\t\t# Improve performance on big directories\noptions \tUFS_GJOURNAL\t\t# Enable gjournal-based UFS journaling\noptions \tMD_ROOT\t\t\t# MD is a potential root device\noptions \tNFSCLIENT\t\t# Network Filesystem Client\noptions \tNFSSERVER\t\t# Network Filesystem Server\noptions \tNFSLOCKD\t\t# Network Lock Manager\noptions \tNFS_ROOT\t\t# NFS usable as /, requires NFSCLIENT\noptions \tMSDOSFS\t\t\t# MSDOS Filesystem\noptions \tCD9660\t\t\t# ISO 9660 Filesystem\noptions \tPROCFS\t\t\t# Process filesystem (requires PSEUDOFS)\noptions \tPSEUDOFS\t\t# Pseudo-filesystem framework\noptions \tGEOM_PART_GPT\t\t# GUID Partition Tables.\noptions \tGEOM_LABEL\t\t# Provides labelization\noptions \tCOMPAT_43TTY\t\t# BSD 4.3 TTY compat (sgtty)\noptions \tCOMPAT_FREEBSD32\t# Compatible with i386 binaries\noptions \tCOMPAT_FREEBSD4\t\t# Compatible with FreeBSD4\noptions \tCOMPAT_FREEBSD5\t\t# Compatible with FreeBSD5\noptions \tCOMPAT_FREEBSD6\t\t# Compatible with FreeBSD6\noptions \tCOMPAT_FREEBSD7\t\t# Compatible with FreeBSD7\noptions \tSCSI_DELAY=5000\t\t# Delay (in ms) before probing SCSI\noptions \tKTRACE\t\t\t# ktrace(1) support\noptions \tSTACK\t\t\t# stack(9) support\noptions \tSYSVSHM\t\t\t# SYSV-style shared memory\noptions \tSYSVMSG\t\t\t# SYSV-style message queues\noptions \tSYSVSEM\t\t\t# SYSV-style semaphores\noptions \tP1003_1B_SEMAPHORES\t# POSIX-style semaphores\noptions \t_KPOSIX_PRIORITY_SCHEDULING # POSIX P1003_1B real-time extensions\noptions \tPRINTF_BUFR_SIZE=128\t# Prevent printf output being interspersed.\noptions \tKBD_INSTALL_CDEV\t# install a CDEV entry in /dev\noptions \tHWPMC_HOOKS\t\t# Necessary kernel hooks for hwpmc(4)\noptions \tAUDIT\t\t\t# Security event auditing\noptions \tMAC\t\t\t# TrustedBSD MAC Framework\noptions\t\tFLOWTABLE\t\t# per-cpu routing cache\n#options \tKDTRACE_FRAME\t\t# Ensure frames are compiled in\n#options \tKDTRACE_HOOKS\t\t# Kernel DTrace hooks\noptions \tINCLUDE_CONFIG_FILE     # Include this file in kernel\n\n# Make an SMP-capable kernel by default\noptions \tSMP\t\t\t# Symmetric MultiProcessor Kernel\n\n# CPU frequency control\ndevice\t\tcpufreq\n\n# Bus support.\ndevice\t\tacpi\ndevice\t\tpci\n\n# Floppy drives\ndevice\t\tfdc\n\n# ATA and ATAPI devices\ndevice\t\tata\ndevice\t\tatadisk\t\t# ATA disk drives\ndevice\t\tataraid\t\t# ATA RAID drives\ndevice\t\tatapicd\t\t# ATAPI CDROM drives\ndevice\t\tatapifd\t\t# ATAPI floppy drives\ndevice\t\tatapist\t\t# ATAPI tape drives\noptions \tATA_STATIC_ID\t# Static device numbering\n\n# SCSI Controllers\n#device\t\tahc\t\t# AHA2940 and onboard AIC7xxx devices\noptions \tAHC_REG_PRETTY_PRINT\t# Print register bitfields in debug\n\t\t\t\t\t# output.  Adds ~128k to driver.\n#device\t\tahd\t\t# AHA39320/29320 and onboard AIC79xx devices\noptions \tAHD_REG_PRETTY_PRINT\t# Print register bitfields in debug\n\t\t\t\t\t# output.  Adds ~215k to driver.\n#device\t\tamd\t\t# AMD 53C974 (Tekram DC-390(T))\n#device\t\thptiop\t\t# Highpoint RocketRaid 3xxx series\n#device\t\tisp\t\t# Qlogic family\n#device\t\tispfw\t\t# Firmware for QLogic HBAs- normally a module\n#device\t\tmpt\t\t# LSI-Logic MPT-Fusion\n#device\t\tncr\t\t# NCR/Symbios Logic\n#device\t\tsym\t\t# NCR/Symbios Logic (newer chipsets + those of `ncr')\n#device\t\ttrm\t\t# Tekram DC395U/UW/F DC315U adapters\n\n#device\t\tadv\t\t# Advansys SCSI adapters\n#device\t\tadw\t\t# Advansys wide SCSI adapters\n#device\t\taic\t\t# Adaptec 15[012]x SCSI adapters, AIC-6[23]60.\n#device\t\tbt\t\t# Buslogic/Mylex MultiMaster SCSI adapters\n\n# SCSI peripherals\ndevice\t\tscbus\t\t# SCSI bus (required for SCSI)\ndevice\t\tch\t\t# SCSI media changers\ndevice\t\tda\t\t# Direct Access (disks)\ndevice\t\tsa\t\t# Sequential Access (tape etc)\ndevice\t\tcd\t\t# CD\ndevice\t\tpass\t\t# Passthrough device (direct SCSI access)\ndevice\t\tses\t\t# SCSI Environmental Services (and SAF-TE)\n\n# RAID controllers interfaced to the SCSI subsystem\n#device\t\tamr\t\t# AMI MegaRAID\n#device\t\tarcmsr\t\t# Areca SATA II RAID\n#XXX it is not 64-bit clean, -scottl\n#device\t\tasr\t\t# DPT SmartRAID V, VI and Adaptec SCSI RAID\n#device\t\tciss\t\t# Compaq Smart RAID 5*\n#device\t\tdpt\t\t# DPT Smartcache III, IV - See NOTES for options\n#device\t\thptmv\t\t# Highpoint RocketRAID 182x\n#device\t\thptrr\t\t# Highpoint RocketRAID 17xx, 22xx, 23xx, 25xx\n#device\t\tiir\t\t# Intel Integrated RAID\n#device\t\tips\t\t# IBM (Adaptec) ServeRAID\n#device\t\tmly\t\t# Mylex AcceleRAID/eXtremeRAID\n#device\t\ttwa\t\t# 3ware 9000 series PATA/SATA RAID\n\n# RAID controllers\n#device\t\taac\t\t# Adaptec FSA RAID\n#device\t\taacp\t\t# SCSI passthrough for aac (requires CAM)\n#device\t\tida\t\t# Compaq Smart RAID\n#device\t\tmfi\t\t# LSI MegaRAID SAS\n#device\t\tmlx\t\t# Mylex DAC960 family\n#XXX pointer/int warnings\n#device\t\tpst\t\t# Promise Supertrak SX6000\n#device\t\ttwe\t\t# 3ware ATA RAID\n\n# atkbdc0 controls both the keyboard and the PS/2 mouse\ndevice\t\tatkbdc\t\t# AT keyboard controller\ndevice\t\tatkbd\t\t# AT keyboard\ndevice\t\tpsm\t\t# PS/2 mouse\n\ndevice\t\tkbdmux\t\t# keyboard multiplexer\n\ndevice\t\tvga\t\t# VGA video card driver\n\ndevice\t\tsplash\t\t# Splash screen and screen saver support\n\n# syscons is the default console driver, resembling an SCO console\ndevice\t\tsc\n\ndevice\t\tagp\t\t# support several AGP chipsets\n\n# PCCARD (PCMCIA) support\n# PCMCIA and cardbus bridge support\n#device\t\tcbb\t\t# cardbus (yenta) bridge\n#device\t\tpccard\t\t# PC Card (16-bit) bus\n#device\t\tcardbus\t\t# CardBus (32-bit) bus\n\n# Serial (COM) ports\ndevice\t\tuart\t\t# Generic UART driver\n\n# Parallel port\ndevice\t\tppc\ndevice\t\tppbus\t\t# Parallel port bus (required)\ndevice\t\tlpt\t\t# Printer\ndevice\t\tplip\t\t# TCP/IP over parallel\ndevice\t\tppi\t\t# Parallel port interface device\n#device\t\tvpo\t\t# Requires scbus and da\n\n# If you've got a \"dumb\" serial or parallel PCI card that is\n# supported by the puc(4) glue driver, uncomment the following\n# line to enable it (connects to sio, uart and/or ppc drivers):\n#device\t\tpuc\n\n# PCI Ethernet NICs.\n#device\t\tde\t\t# DEC/Intel DC21x4x (``Tulip'')\ndevice\t\tem\t\t# Intel PRO/1000 Gigabit Ethernet Family\n#device\t\tigb\t\t# Intel PRO/1000 PCIE Server Gigabit Family\n#device\t\tixgbe\t\t# Intel PRO/10GbE PCIE Ethernet Family\n#device\t\tle\t\t# AMD Am7900 LANCE and Am79C9xx PCnet\n#device\t\tti\t\t# Alteon Networks Tigon I/II gigabit Ethernet\n#device\t\ttxp\t\t# 3Com 3cR990 (``Typhoon'')\n#device\t\tvx\t\t# 3Com 3c590, 3c595 (``Vortex'')\n\n# PCI Ethernet NICs that use the common MII bus controller code.\n# NOTE: Be sure to keep the 'device miibus' line in order to use these NICs!\ndevice\t\tmiibus\t\t# MII bus support\n#device\t\tae\t\t# Attansic/Atheros L2 FastEthernet\n#device\t\tage\t\t# Attansic/Atheros L1 Gigabit Ethernet\n#device\t\talc\t\t# Atheros AR8131/AR8132 Ethernet\n#device\t\tale\t\t# Atheros AR8121/AR8113/AR8114 Ethernet\n#device\t\tbce\t\t# Broadcom BCM5706/BCM5708 Gigabit Ethernet\n#device\t\tbfe\t\t# Broadcom BCM440x 10/100 Ethernet\n#device\t\tbge\t\t# Broadcom BCM570xx Gigabit Ethernet\n#device\t\tdc\t\t# DEC/Intel 21143 and various workalikes\n#device\t\tet\t\t# Agere ET1310 10/100/Gigabit Ethernet\n#device\t\tfxp\t\t# Intel EtherExpress PRO/100B (82557, 82558)\n#device\t\tjme\t\t# JMicron JMC250 Gigabit/JMC260 Fast Ethernet\n#device\t\tlge\t\t# Level 1 LXT1001 gigabit Ethernet\n#device\t\tmsk\t\t# Marvell/SysKonnect Yukon II Gigabit Ethernet\ndevice\t\tnfe\t\t# nVidia nForce MCP on-board Ethernet\n#device\t\tnge\t\t# NatSemi DP83820 gigabit Ethernet\n#device\t\tnve\t\t# nVidia nForce MCP on-board Ethernet Networking\n#device\t\tpcn\t\t# AMD Am79C97x PCI 10/100 (precedence over 'le')\n#device\t\tre\t\t# RealTek 8139C+/8169/8169S/8110S\n#device\t\trl\t\t# RealTek 8129/8139\n#device\t\tsf\t\t# Adaptec AIC-6915 (``Starfire'')\n#device\t\tsge\t\t# Silicon Integrated Systems SiS190/191\n#device\t\tsis\t\t# Silicon Integrated Systems SiS 900/SiS 7016\n#device\t\tsk\t\t# SysKonnect SK-984x \u0026 SK-982x gigabit Ethernet\n#device\t\tste\t\t# Sundance ST201 (D-Link DFE-550TX)\n#device\t\tstge\t\t# Sundance/Tamarack TC9021 gigabit Ethernet\n#device\t\ttl\t\t# Texas Instruments ThunderLAN\n#device\t\ttx\t\t# SMC EtherPower II (83c170 ``EPIC'')\n#device\t\tvge\t\t# VIA VT612x gigabit Ethernet\n#device\t\tvr\t\t# VIA Rhine, Rhine II\n#device\t\twb\t\t# Winbond W89C840F\n#device\t\txl\t\t# 3Com 3c90x (``Boomerang'', ``Cyclone'')\n\n# ISA Ethernet NICs.  pccard NICs included.\n#device\t\tcs\t\t# Crystal Semiconductor CS89x0 NIC\n# 'device ed' requires 'device miibus'\n#device\t\ted\t\t# NE[12]000, SMC Ultra, 3c503, DS8390 cards\n#device\t\tex\t\t# Intel EtherExpress Pro/10 and Pro/10+\n#device\t\tep\t\t# Etherlink III based cards\n#device\t\tfe\t\t# Fujitsu MB8696x based cards\n#device\t\tsn\t\t# SMC's 9000 series of Ethernet chips\n#device\t\txe\t\t# Xircom pccard Ethernet\n\n# Wireless NIC cards\n#device\t\twlan\t\t# 802.11 support\noptions \tIEEE80211_DEBUG\t# enable debug msgs\noptions \tIEEE80211_AMPDU_AGE # age frames in AMPDU reorder q's\noptions \tIEEE80211_SUPPORT_MESH\t# enable 802.11s draft support\n#device\t\twlan_wep\t# 802.11 WEP support\n#device\t\twlan_ccmp\t# 802.11 CCMP support\n#device\t\twlan_tkip\t# 802.11 TKIP support\n#device\t\twlan_amrr\t# AMRR transmit rate control algorithm\n#device\t\tan\t\t# Aironet 4500/4800 802.11 wireless NICs.\n#device\t\tath\t\t# Atheros pci/cardbus NIC's\n#device\t\tath_hal\t\t# pci/cardbus chip support\noptions \tAH_SUPPORT_AR5416\t# enable AR5416 tx/rx descriptors\n#device\t\tath_rate_sample\t# SampleRate tx rate control for ath\n#device\t\tral\t\t# Ralink Technology RT2500 wireless NICs.\n#device\t\twi\t\t# WaveLAN/Intersil/Symbol 802.11 wireless NICs.\n\n# Pseudo devices.\ndevice\t\tloop\t\t# Network loopback\ndevice\t\trandom\t\t# Entropy device\ndevice\t\tether\t\t# Ethernet support\ndevice\t\tvlan\t\t# 802.1Q VLAN support\ndevice\t\ttun\t\t# Packet tunnel.\ndevice\t\tpty\t\t# BSD-style compatibility pseudo ttys\ndevice\t\tmd\t\t# Memory \"disks\"\n#device\t\tgif\t\t# IPv6 and IPv4 tunneling\n#device\t\tfaith\t\t# IPv6-to-IPv4 relaying (translation)\ndevice\t\tfirmware\t# firmware assist module\n\n# The `bpf' device enables the Berkeley Packet Filter.\n# Be aware of the administrative consequences of enabling this!\n# Note that 'bpf' is required for DHCP.\ndevice\t\tbpf\t\t# Berkeley packet filter\n\n# USB support\noptions \tUSB_DEBUG\t# enable debug msgs\ndevice\t\tuhci\t\t# UHCI PCI-\u003eUSB interface\ndevice\t\tohci\t\t# OHCI PCI-\u003eUSB interface\ndevice\t\tehci\t\t# EHCI PCI-\u003eUSB interface (USB 2.0)\ndevice\t\tusb\t\t# USB Bus (required)\n#device\t\tudbp\t\t# USB Double Bulk Pipe devices\ndevice\t\tuhid\t\t# \"Human Interface Devices\"\ndevice\t\tukbd\t\t# Keyboard\ndevice\t\tulpt\t\t# Printer\ndevice\t\tumass\t\t# Disks/Mass storage - Requires scbus and da\ndevice\t\tums\t\t# Mouse\ndevice\t\turio\t\t# Diamond Rio 500 MP3 player\n# USB Serial devices\n#device\t\tuark\t\t# Technologies ARK3116 based serial adapters\n#device\t\tubsa\t\t# Belkin F5U103 and compatible serial adapters\n#device\t\tuftdi\t\t# For FTDI usb serial adapters\n#device\t\tuipaq\t\t# Some WinCE based devices\n#device\t\tuplcom\t\t# Prolific PL-2303 serial adapters\n#device\t\tuslcom\t\t# SI Labs CP2101/CP2102 serial adapters\n#device\t\tuvisor\t\t# Visor and Palm devices\n#device\t\tuvscom\t\t# USB serial support for DDI pocket's PHS\n# USB Ethernet, requires miibus\n#device\t\taue\t\t# ADMtek USB Ethernet\n#device\t\taxe\t\t# ASIX Electronics USB Ethernet\n#device\t\tcdce\t\t# Generic USB over Ethernet\n#device\t\tcue\t\t# CATC USB Ethernet\n#device\t\tkue\t\t# Kawasaki LSI USB Ethernet\n#device\t\true\t\t# RealTek RTL8150 USB Ethernet\n#device\t\tudav\t\t# Davicom DM9601E USB\n# USB Wireless\n#device\t\trum\t\t# Ralink Technology RT2501USB wireless NICs\n#device\t\tuath\t\t# Atheros AR5523 wireless NICs\n#device\t\tural\t\t# Ralink Technology RT2500USB wireless NICs\n#device\t\tzyd\t\t# ZyDAS zb1211/zb1211b wireless NICs\n\n# FireWire support\n#device\t\tfirewire\t# FireWire bus code\n#device\t\tsbp\t\t# SCSI over FireWire (Requires scbus and da)\n#device\t\tfwe\t\t# Ethernet over FireWire (non-standard!)\n#device\t\tfwip\t\t# IP over FireWire (RFC 2734,3146)\n#device\t\tdcons\t\t# Dumb console driver\n#device\t\tdcons_crom\t# Configuration ROM for dcons\n\n-- end\n\nFix: \n\nNo, but I would like one :)\nHow-To-Repeat: The problem happens to me constantly, sometimes within minutes or seconds of booting. Would not know how you could possibly reproduce my environment."
}