{
 "id": 434682,
 "bug_id": 121485,
 "attachment_id": 0,
 "creation_time": "2008-03-08T01:20:00Z",
 "creator": "rorya+FreeBSD@TrueStep.com",
 "text": "7.0-RELEASE panic'd. I had the system configured to do a minidump. So,\nI used kgdb to get a backtrace. This is a dual processor Pentium II 375 Mhz.\nIt is on a Tyan Thunder100 motherboard. It has 1 GiB of memory and ACPI is\ndisabled both in the BIOS and in FreeBSD, as with it on, FreeBSD considers\nit to be blacklisted. This system has used FreeBSD since at least 4.1-RELEASE.\nPrevious to 7.0, it was running 6.3 and seemed to be stable, there were no\ncrashes. I think the last time it crashed was an early 6 or a 5.x release.\nThe issue back them seemed to relate to a bug in networking when running\nout of GIANT, as the only way I could keep the system stable is to boot with\ndebug.mpsafenet=\"0\" in loader.conf(5). As long as it wasn't allowed to run as\nMP safe, it was stable. With this 7.0-RELEASE I've turned off that setting,\nin hopes that the bug is now resolved.\n\nHere's the backtrace from kgdb(1). Keep in mind this is the first time I've\nhad a crash after turning on minidump support, so I'm assuming the procedures\nto analyze the core file are the same with this setting. The system was in\nthe process of recompiling ports with portupgrade(1)\n\n\u003e sudo kgdb /boot/kernel/kernel /usr/local/crash/vmcore.0 \nPassword:\n[GDB will not be able to debug user-mode threads: /usr/lib/libthread_db.so: Undefined symbol \"ps_pglobal_lookup\"]\nGNU gdb 6.1.1 [FreeBSD]\nCopyright 2004 Free Software Foundation, Inc.\nGDB is free software, covered by the GNU General Public License, and you are\nwelcome to change it and/or distribute copies of it under certain conditions.\nType \"show copying\" to see the conditions.\nThere is absolutely no warranty for GDB.  Type \"show warranty\" for details.\nThis GDB was configured as \"i386-marcel-freebsd\".\n\nUnread portion of the kernel message buffer:\npres 1, def32 1, gran 1\nprocessor eflags        = interrupt enabled, resume, IOPL = 0\ncurrent process         = 17859 (ruby18)\ntrap number             = 12\npanic: page fault\ncpuid = 0\nUptime: 1d4h38m24s\nPhysical memory: 1015 MB\nDumping 206 MB: 191 175 159 143 127 111 95 79 63 47 31 15\n\n#0  doadump () at pcpu.h:195\n195     pcpu.h: No such file or directory.\n        in pcpu.h\n(kgdb) bt\n#0  doadump () at pcpu.h:195\n#1  0xc059f866 in boot (howto=260) at /usr/src/sys/kern/kern_shutdown.c:409\n#2  0xc059fb3e in panic (fmt=Variable \"fmt\" is not available.\n) at /usr/src/sys/kern/kern_shutdown.c:563\n#3  0xc080bf9c in trap_fatal (frame=0xe66e8968, eva=0)\n    at /usr/src/sys/i386/i386/trap.c:899\n#4  0xc080c20b in trap_pfault (frame=0xe66e8968, usermode=0, eva=0)\n    at /usr/src/sys/i386/i386/trap.c:812\n#5  0xc080cc02 in trap (frame=0xe66e8968) at /usr/src/sys/i386/i386/trap.c:490\n#6  0xc07f384b in calltrap () at /usr/src/sys/i386/i386/exception.s:139\n#7  0xc0807689 in pmap_clear_modify (m=0xc1fa5ca8)\n    at /usr/src/sys/i386/i386/pmap.c:3309\n#8  0xc07ae99c in vm_page_set_validclean (m=0xc1fa5ca8, base=0, size=4096)\n    at /usr/src/sys/vm/vm_page.c:1806\n#9  0xc0600a77 in vfs_page_set_valid (bp=Variable \"bp\" is not available.\n) at /usr/src/sys/kern/vfs_bio.c:3391\n#10 0xc06072c7 in bdwrite (bp=0xd7d81074) at /usr/src/sys/kern/vfs_bio.c:3507\n#11 0xc07852c9 in ffs_write (ap=0xe66e8bbc)\n    at /usr/src/sys/ufs/ffs/ffs_vnops.c:780\n#12 0xc08222e4 in VOP_WRITE_APV (vop=0xc08b8920, a=0xe66e8bbc)\n    at vnode_if.c:691\n#13 0xc06294c1 in vn_write (fp=0xc86e3a20, uio=0xe66e8c60, \n    active_cred=0xc46e5500, flags=1, td=0xc469c630) at vnode_if.h:373\n#14 0xc05d3657 in dofilewrite (td=0xc469c630, fd=3, fp=0xc86e3a20, \n    auio=0xe66e8c60, offset=4189184, flags=1) at file.h:254\n---Type \u003creturn\u003e to continue, or q \u003creturn\u003e to quit---\n#15 0xc05d3825 in kern_pwritev (td=0xc469c630, fd=3, auio=0xe66e8c60, \n    offset=4189184) at /usr/src/sys/kern/sys_generic.c:449\n#16 0xc05d38ad in pwrite (td=0xc469c630, uap=0xe66e8cfc)\n    at /usr/src/sys/kern/sys_generic.c:350\n#17 0xc080c595 in syscall (frame=0xe66e8d38)\n    at /usr/src/sys/i386/i386/trap.c:1035\n#18 0xc07f38b0 in Xint0x80_syscall () at /usr/src/sys/i386/i386/exception.s:196\n#19 0x00000033 in ?? ()\nPrevious frame inner to this frame (corrupt stack?)\n(kgdb) \n\nLoaded KLDs:\n\n\u003e kldstat \nId Refs Address    Size     Name\n 1    8 0xc0400000 5b8030   kernel\n 2    1 0xc09b9000 5844     if_tap.ko\n 3    1 0xc3fcc000 9000     if_bridge.ko\n 4    1 0xc3fd5000 6000     bridgestp.ko\n 5    2 0xc4092000 d000     ipfw.ko\n 6    1 0xc40be000 4000     ipdivert.ko\n 7    1 0xc4514000 2000     green_saver.ko\n\nthe dmesg(1):\n\n\u003e dmesg \nCopyright (c) 1992-2008 The FreeBSD Project.\nCopyright (c) 1979, 1980, 1983, 1986, 1988, 1989, 1991, 1992, 1993, 1994\n        The Regents of the University of California. All rights reserved.\nFreeBSD is a registered trademark of The FreeBSD Foundation.\nFreeBSD 7.0-RELEASE #1: Wed Mar  5 17:52:52 EST 2008\n    root@Tserver.TrueStep.com:/mnt/obj/usr/src/sys/TSERVER-70\nTimecounter \"i8254\" frequency 1193182 Hz quality 0\nCPU: Pentium II/Pentium II Xeon/Celeron (375.04-MHz 686-class CPU)\n  Origin = \"GenuineIntel\"  Id = 0x652  Stepping = 2\n  Features=0x183fbff\u003cFPU,VME,DE,PSE,TSC,MSR,PAE,MCE,CX8,APIC,SEP,MTRR,PGE,MCA,CMOV,PAT,PSE36,MMX,FXSR\u003e\nreal memory  = 1073741824 (1024 MB)\navail memory = 1041379328 (993 MB)\nMPTable: \u003cINTEL    440GX       \u003e\nFreeBSD/SMP: Multiprocessor System Detected: 2 CPUs\n cpu0 (BSP): APIC ID:  0\n cpu1 (AP): APIC ID:  1\nioapic0: Assuming intbase of 0\nioapic0 \u003cVersion 1.1\u003e irqs 0-23 on motherboard\nkbd1 at kbdmux0\nath_hal: 0.9.20.3 (AR5210, AR5211, AR5212, RF5111, RF5112, RF2413, RF5413)\ncpu0 on motherboard\ncpu1 on motherboard\npcib0: \u003cMPTable Host-PCI bridge\u003e pcibus 0 on motherboard\npci0: \u003cPCI bus\u003e on pcib0\nagp0: \u003cIntel 82443GX host to PCI bridge\u003e on hostb0\npcib1: \u003cPCI-PCI bridge\u003e at device 1.0 on pci0\npci1: \u003cPCI bus\u003e on pcib1\nvgapci0: \u003cVGA-compatible display\u003e port 0xc800-0xc8ff mem 0xfd000000-0xfdffffff,0xfe1ff000-0xfe1fffff at device 0.0 on pci1\nisab0: \u003cPCI-ISA bridge\u003e at device 7.0 on pci0\nisa0: \u003cISA bus\u003e on isab0\natapci0: \u003cIntel PIIX4 UDMA33 controller\u003e port 0x1f0-0x1f7,0x3f6,0x170-0x177,0x376,0xffa0-0xffaf at device 7.1 on pci0\nata0: \u003cATA channel 0\u003e on atapci0\nata0: [ITHREAD]\nata1: \u003cATA channel 1\u003e on atapci0\nata1: [ITHREAD]\nuhci0: \u003cIntel 82371AB/EB (PIIX4) USB controller\u003e port 0xef80-0xef9f irq 19 at device 7.2 on pci0\nuhci0: [GIANT-LOCKED]\nuhci0: [ITHREAD]\nusb0: \u003cIntel 82371AB/EB (PIIX4) USB controller\u003e on uhci0\nusb0: USB revision 1.0\nuhub0: \u003cIntel UHCI root hub, class 9/0, rev 1.00/1.00, addr 1\u003e on usb0\nuhub0: 2 ports with 2 removable, self powered\npiix0: \u003cPIIX Timecounter\u003e port 0x440-0x44f at device 7.3 on pci0\nTimecounter \"PIIX\" frequency 3579545 Hz quality 0\npcib2: \u003cMPTable PCI-PCI bridge\u003e at device 16.0 on pci0\npci2: \u003cPCI bus\u003e on pcib2\nath0: \u003cAtheros 5212\u003e mem 0xfe6f0000-0xfe6fffff irq 16 at device 4.0 on pci2\nath0: [ITHREAD]\nath0: using obsoleted if_watchdog interface\nath0: Ethernet address: 00:0f:3d:ad:b9:f2\nath0: mac 5.9 phy 4.3 radio 4.6\nfxp0: \u003cIntel 82559 Pro/100 Ethernet\u003e port 0xdf00-0xdf3f mem 0xfe6ef000-0xfe6effff,0xfe500000-0xfe5fffff irq 17 at device 5.0 on pci2\nmiibus0: \u003cMII bus\u003e on fxp0\ninphy0: \u003ci82555 10/100 media interface\u003e PHY 1 on miibus0\ninphy0:  10baseT, 10baseT-FDX, 100baseTX, 100baseTX-FDX, auto\nfxp0: Ethernet address: 00:90:27:ee:02:97\nfxp0: [ITHREAD]\nfxp1: \u003cIntel 82558 Pro/100 Ethernet\u003e port 0xef40-0xef5f mem 0xffaff000-0xffafffff,0xfea00000-0xfeafffff irq 19 at device 17.0 on pci0\nmiibus1: \u003cMII bus\u003e on fxp1\ninphy1: \u003ci82555 10/100 media interface\u003e PHY 1 on miibus1\ninphy1:  10baseT, 10baseT-FDX, 100baseTX, 100baseTX-FDX, auto\nfxp1: Ethernet address: 00:e0:81:10:22:27\nfxp1: [ITHREAD]\nahc0: \u003cAdaptec aic7895 Ultra SCSI adapter\u003e port 0xe400-0xe4ff mem 0xfebfe000-0xfebfefff irq 16 at device 18.0 on pci0\nahc0: [ITHREAD]\naic7895C: Ultra Wide Channel A, SCSI Id=7, 32/253 SCBs\nahc1: \u003cAdaptec aic7895 Ultra SCSI adapter\u003e port 0xe800-0xe8ff mem 0xfebff000-0xfebfffff irq 16 at device 18.1 on pci0\nahc1: [ITHREAD]\naic7895C: Ultra Wide Channel B, SCSI Id=7, 32/253 SCBs\nahc2: \u003cAdaptec 2902/04/10/15/20C/30C SCSI adapter\u003e port 0xe000-0xe0ff mem 0xfebfd000-0xfebfdfff irq 16 at device 19.0 on pci0\nahc2: [ITHREAD]\naic7850: Single Channel A, SCSI Id=7, 3/253 SCBs\npmtimer0 on isa0\norm0: \u003cISA Option ROMs\u003e at iomem 0xc0000-0xcbfff,0xcc000-0xd07ff pnpid ORM0000 on isa0\natkbdc0: \u003cKeyboard controller (i8042)\u003e at port 0x60,0x64 on isa0\natkbd0: \u003cAT Keyboard\u003e irq 1 on atkbdc0\nkbd0 at atkbd0\natkbd0: [GIANT-LOCKED]\natkbd0: [ITHREAD]\nfdc0: \u003cEnhanced floppy controller\u003e at port 0x3f0-0x3f5,0x3f7 irq 6 drq 2 on isa0\nfdc0: [FILTER]\nfd0: \u003c1440-KB 3.5\" drive\u003e on fdc0 drive 0\nppc0: \u003cParallel port\u003e at port 0x378-0x37f irq 7 on isa0\nppc0: SMC-like chipset (ECP/EPP/PS2/NIBBLE) in COMPATIBLE mode\nppc0: FIFO with 16/16/8 bytes threshold\nppbus0: \u003cParallel port bus\u003e on ppc0\nppbus0: [ITHREAD]\nplip0: \u003cPLIP network interface\u003e on ppbus0\nlpt0: \u003cPrinter\u003e on ppbus0\nlpt0: Interrupt-driven port\nppi0: \u003cParallel I/O\u003e on ppbus0\nppc0: [GIANT-LOCKED]\nppc0: [ITHREAD]\nsc0: \u003cSystem console\u003e at flags 0x100 on isa0\nsc0: VGA \u003c16 virtual consoles, flags=0x300\u003e\nsio0 at port 0x3f8-0x3ff irq 4 flags 0x10 on isa0\nsio0: type 16550A, console\nsio0: [FILTER]\nsio1 at port 0x2f8-0x2ff irq 3 on isa0\nsio1: type 16550A\nsio1: [FILTER]\nvga0: \u003cGeneric ISA VGA\u003e at port 0x3c0-0x3df iomem 0xa0000-0xbffff on isa0\nunknown: \u003cPNP0c01\u003e can't assign resources (memory)\nunknown: \u003cPNP0303\u003e can't assign resources (port)\nunknown: \u003cPNP0c02\u003e can't assign resources (port)\nunknown: \u003cPNP0501\u003e can't assign resources (port)\nunknown: \u003cPNP0501\u003e can't assign resources (port)\nunknown: \u003cPNP0401\u003e can't assign resources (port)\nunknown: \u003cPNP0700\u003e can't assign resources (port)\nugen0: \u003cAmerican Power Conversion Back-UPS RS 1500 FW:8.g9 .D USB FW:g9, class 0/0, rev 1.10/1.06, addr 2\u003e on uhub0\nTimecounters tick eahc2: Someone reset channel A\nvery 1.000 msec\nWaiting 5 seconds for SCSI devices to settle\nad0: 156334MB \u003cMaxtor 6Y160P0 YAR41BW0\u003e at ata0-master UDMA33\nGEOM_LABEL: Label for provider ad0s1a is ufs/Network.\nda0 at ahc0 bus 0 target 2 lun 0\nda0: \u003cSEAGATE ST410800N 7117\u003e Fixed Direct Access SCSI-2 device \nda0: 10.000MB/s transfers (10.000MHz, offset 15)\nda0: 8347MB (17096357 512 byte sectors: 255H 63S/T 1064C)\nda1 at ahc0 bus 0 target 6 lun 0\nda1: \u003cQUANTUM FIREBALL SE8.4S PJ0A\u003e Fixed Direct Access SCSI-2 device \nda1: 20.000MB/s transfers (20.000MHz, offset 15)\nda1: Command Queueing Enabled\nda1: 8191MB (16777215 512 byte sectors: 255H 63S/T 1044C)\nSMP: AP CPU #1 Launched!\nTrying to mount root from ufs:/dev/da0s1a\nWARNING: / was not properly dismounted\nWARNING: /usr was not properly dismounted\n/usr: mount pending error: blocks 200 files 4\nWARNING: /var was not properly dismounted\n/var: mount pending error: blocks 968 files 1\nGWARNING: /Network was not properly dismounted\nEOM_LABEL: Label ufs/Network removed.\nbridge0: Ethernet address: b2:4f:63:a9:da:42\nath0: ath_chan_set: unable to reset channel 6 (2437 Mhz, flags 0x490 hal flags 0x150)\nipfw2 (+ipv6) initialized, divert loadable, rule-based forwarding disabled, default to deny, logging disabled\npid 1444 (mu-conference), uid 1012: exited on signal 11\n\n\nLastly the KERNCONF that I used to compile TSERVER-70:\n\ncpu             I686_CPU\nident           TSERVER-70\n\n\nmakeoptions     DEBUG=-g                # Build kernel with gdb(1) debug symbols\n\noptions         SCHED_4BSD              # 4BSD scheduler\noptions         PREEMPTION              # Enable kernel thread preemption\noptions         INET                    # InterNETworking\noptions         INET6                   # IPv6 communications protocols\noptions         SCTP                    # Stream Control Transmission Protocol\noptions         FFS                     # Berkeley Fast Filesystem\noptions         SOFTUPDATES             # Enable FFS soft updates support\noptions         UFS_ACL                 # Support for access control lists\noptions         UFS_DIRHASH             # Improve performance on big directories\noptions         UFS_GJOURNAL            # Enable gjournal-based UFS journaling\noptions         NFSCLIENT               # Network Filesystem Client\noptions         NFSSERVER               # Network Filesystem Server\noptions         MSDOSFS                 # MSDOS Filesystem\noptions         CD9660                  # ISO 9660 Filesystem\noptions         PROCFS                  # Process filesystem (requires PSEUDOFS)\noptions         PSEUDOFS                # Pseudo-filesystem framework\noptions         GEOM_PART_GPT           # GUID Partition Tables.\noptions         GEOM_LABEL              # Provides labelization\noptions         COMPAT_43TTY            # BSD 4.3 TTY compat [KEEP THIS!]\noptions         COMPAT_FREEBSD6         # Compatible with FreeBSD6\noptions         SCSI_DELAY=5000         # Delay (in ms) before probing SCSI\noptions         KTRACE                  # ktrace(1) support\noptions         SYSVSHM                 # SYSV-style shared memory\noptions         SYSVMSG                 # SYSV-style message queues\noptions         SYSVSEM                 # SYSV-style semaphores\noptions         _KPOSIX_PRIORITY_SCHEDULING # POSIX P1003_1B real-time extensions\noptions         KBD_INSTALL_CDEV        # install a CDEV entry in /dev\noptions         ADAPTIVE_GIANT          # Giant mutex is adaptive.\noptions         STOP_NMI                # Stop CPUS using NMI instead of IPI\noptions         AUDIT                   # Security event auditing\n\noptions         SMP                     # Symmetric MultiProcessor Kernel\ndevice          apic                    # I/O APIC\n\ndevice          cpufreq\n\ndevice          pci\n\ndevice          fdc\n\ndevice          ata\ndevice          atadisk         # ATA disk drives\ndevice          ataraid         # ATA RAID drives\ndevice          atapicd         # ATAPI CDROM drives\noptions         ATA_STATIC_ID   # Static device numbering\n\ndevice          ahc             # AHA2940 and onboard AIC7xxx devices\noptions         AHC_REG_PRETTY_PRINT    # Print register bitfields in debug\n                                        # output.  Adds ~128k to driver.\n                                        # output.  Adds ~215k to driver.\n\n\n\ndevice          scbus           # SCSI bus (required for SCSI)\ndevice          ch              # SCSI media changers\ndevice          da              # Direct Access (disks)\ndevice          sa              # Sequential Access (tape etc)\ndevice          cd              # CD\ndevice          pass            # Passthrough device (direct SCSI access)\ndevice          ses             # SCSI Environmental Services (and SAF-TE)\n\n\n\ndevice          atkbdc          # AT keyboard controller\ndevice          atkbd           # AT keyboard\ndevice          psm             # PS/2 mouse\n\ndevice          kbdmux          # keyboard multiplexer\n\ndevice          vga             # VGA video card driver\n\ndevice          splash          # Splash screen and screen saver support\n\ndevice          sc\n\ndevice          agp             # support several AGP chipsets\n\ndevice          pmtimer\n\ndevice          cbb             # cardbus (yenta) bridge\ndevice          pccard          # PC Card (16-bit) bus\ndevice          cardbus         # CardBus (32-bit) bus\n\ndevice          sio             # 8250, 16[45]50 based serial ports\ndevice          uart            # Generic UART driver\n\ndevice          ppc\ndevice          ppbus           # Parallel port bus (required)\ndevice          lpt             # Printer\ndevice          plip            # TCP/IP over parallel\ndevice          ppi             # Parallel port interface device\n\n\n\ndevice          miibus          # MII bus support\ndevice          fxp             # Intel EtherExpress PRO/100B (82557, 82558)\n\n\ndevice          wlan            # 802.11 support\ndevice          wlan_wep        # 802.11 WEP support\ndevice          wlan_ccmp       # 802.11 CCMP support\ndevice          wlan_tkip       # 802.11 TKIP support\ndevice          wlan_amrr       # AMRR transmit rate control algorithm\ndevice          wlan_scan_ap    # 802.11 AP mode scanning\ndevice          wlan_scan_sta   # 802.11 STA mode scanning\ndevice          ath             # Atheros pci/cardbus NIC's\ndevice          ath_hal         # Atheros HAL (Hardware Access Layer)\ndevice          ath_rate_sample # SampleRate tx rate control for ath\n\ndevice          loop            # Network loopback\ndevice          random          # Entropy device\ndevice          ether           # Ethernet support\ndevice          sl              # Kernel SLIP\ndevice          ppp             # Kernel PPP\ndevice          tun             # Packet tunnel.\ndevice          pty             # Pseudo-ttys (telnet etc)\ndevice          md              # Memory \"disks\"\ndevice          gif             # IPv6 and IPv4 tunneling\ndevice          faith           # IPv6-to-IPv4 relaying (translation)\ndevice          firmware        # firmware assist module\n\ndevice          bpf             # Berkeley packet filter\n\ndevice          uhci            # UHCI PCI-\u003eUSB interface\ndevice          ohci            # OHCI PCI-\u003eUSB interface\ndevice          usb             # USB Bus (required)\ndevice          ugen            # Generic\ndevice          uhid            # \"Human Interface Devices\"\ndevice          ukbd            # Keyboard\ndevice          ulpt            # Printer\ndevice          umass           # Disks/Mass storage - Requires scbus and da\ndevice          ums             # Mouse\ndevice          ural            # Ralink Technology RT2500USB wireless NICs\ndevice          rum             # Ralink Technology RT2501USB wireless NICs\n\nHow-To-Repeat: None, this has only happened once so far. The system has been running\n7.0-RELEASE for about 2 days though."
}