{
 "id": 694774,
 "bug_id": 174238,
 "attachment_id": 0,
 "creation_time": "2012-12-06T16:10:00Z",
 "creator": "aurelien@aurel32.net",
 "text": "FreeBSD 9.0 doesn't boot in QEMU 1.3.0 due to ACPI issues. The boot process hangs at:\n\nFreeBSD is a registered trademark of The FreeBSD Foundation.\nFreeBSD 9.0-RELEASE-p3 #0: Tue Jun 12 01:47:53 UTC 2012 root@i386-builder.daemonology.net:/usr/obj/usr/src/sys/GENERIC i386\nCPU: Intel(R) Core(TM) i7-2600 CPU @ 3.40GHz (3392.32-MHz 686-class CPU)\nOrigin = \"GenuineIntel\"  Id = 0x206a7  Family = 6  Model = 2a  Stepping = 7\nFeatures=0xf83fbff\u003cFPU,VME,DE,PSE,TSC,MSR,PAE,MCE,CX8,APIC,SEP,MTRR,PGE,MCA,CMOV,PAT,PSE36,MMX,FXSR,SSE,SSE2,SS\u003e\nFeatures2=0x97b82223\u003cSSE3,PCLMULQDQ,VMX,SSSE3,CX16,SSE4.1,SSE4.2,x2APIC,POPCNT,TSCDLT,AESNI,XSAVE,AVX,HV\u003e\nAMD Features=0x28100800\u003cSYSCALL,NX,RDTSCP,LM\u003e\nAMD Features2=0x1\u003cLAHF\u003e\nreal memory  = 268435456 (256 MB)\navail memory = 243380224 (232 MB)\nEvent timer \"LAPIC\" quality 400\nACPI APIC Table: \u003cBOCHS  BXPCAPIC\u003e\nioapic0 \u003cVersion 1.1\u003e irqs 0-23 on motherboard\nkbd1 at kbdmux0\nacpi0: \u003cBOCHS BXPCRSDT\u003e on motherboard\nacpi0: Power Button (fixed)\nTimecounter \"ACPI-fast\" frequency 3579545 Hz quality 900\nacpi_timer0: \u003c24-bit timer at 3.579545MHz\u003e port 0xb008-0xb00b on acpi0\ncpu0: \u003cACPI CPU\u003e on acpi0\npcib0: \u003cACPI Host-PCI bridge\u003e port 0xcf8-0xcff on acpi0\npci0: \u003cACPI PCI bus\u003e on pcib0\n\nFix: \n\nThe change that trigger the issue is the following seabios change:\n\nhttp://git.qemu.org/?p=seabios.git;a=commit;h=4540409d19a4baeec5006d925cfca19f8038a96e\n\nThat said according to the seabios developers, the real problem is on\nthe FreeBSD kernel side.\nHow-To-Repeat: Run qemu-system-x86_64 -cdrom FreeBSD-9.0-RELEASE-i386-bootonly.iso"
}