{
 "id": 399976,
 "bug_id": 114213,
 "attachment_id": 0,
 "creation_time": "2007-07-02T12:20:02Z",
 "creator": "wforms@Safe-mail.net",
 "text": "Something seems to be seriously messed up with the handling/detection\nof optical disc drives in the 6.x series of FreeBSD (at least on intel\nPII/PIII type hardware configurations).\n\nI discovered this a few weeks ago when I tried to update a FreeBSD 5.4\nsystem to 6.2R.\n\nThis is a VIA chipset Slot-1 PIII/800 system, with two 40 pin ide\nconnectors integrated on the motherboard. The system supports UATA133\nmode with 80 wire cables. I have my 80 Gigabyte Samsung harddisk on\nprimary-master and there is no device installed for primary-slave (an\nempty mobile rack is connected). Secondary-master is a Pioneer DVD-ROM\n(read only) and secondary-slave is an older 52x speed LG CD-ROM (also\nread only).\n\nI had absolutely no problems under my old FreeBSD 5.4, but when I tried\nto install 6.2R I had to realize that my DVD drive is not detected. I\nasked help in comp.unix.bsd.freebsd.misc but no reply arrived for weeks,\nso I am reporting this as a defect.\n\nPlease see my included dmesg outputs from various systems and see how\nthey detect the two optical drives!\n\nAll these dmesg outputs were generated on the same day and on the same\nhardware using the default (GENERIC) minimal install, with the only\ndifference being the disk or partition (slice) where the actual test\nsystem was installed and run from.\n \n* FreeBSD 4.11R identifies both the DVD-ROM and the CD-ROM fine. I was\n  able to do the installation from the DVD-ROM as acd0.\n* FreeBSD 5.5R identifies both the DVD-ROM and the CD-ROM fine. I was\n  able to do the installation from the DVD-ROM as acd0.\n* FreeBSD 6.2R could not identify the DVD-ROM, but it identified the\n  CD-ROM as acd0. The install CD did boot from the DVD drive and the\n  first few steps of the installation seem to work, up until I select\n  installation media as CD/DVD. After newfs running on the disk, reading\n  selected packages from source fails. Interestingly, it also fails if I\n  move the installation CD from the DVD drive (which was not detected by\n  the system) to the CD-ROM drive (which is supposed to be acd0). The\n  test system had to be installed via FTP.\n* FreeBSD 6.1R and FreeBSD 6.0R both behave the same way as 6.2R. None of\n  the 6.x series \"see\" the DVD-ROM drive, and they set the CD-ROM as acd0.\n \nAnother system, an IBM Netfinity 5000 server with dual Slot-1 PIII/500\nalso suffers from this defect. Hence the assumption that it may be\nrelated to PII/PIII era systems.\n\nThe Netfinity 5000 has only one integrated 40 pin IDE connector with\nan old-rubbish CD-ROM (read only), connected as master. The disks are\nall SCSI disks using the integrated Adaptec adapter. When I boot from\nthe FreeBSD 6.2R install CD the CD-ROM drive does not show up in dmesg,\nno acd0, therefore installation from CD is not possible. Again, this\nalso boots from the CD and gets to the main installation  menu, but\nbecause no acd0 is detected installation from CD doesn't work. However,\nboot CDs of Linux, NetBSD and OpenBSD (4.1) nicely detect the CD-ROM,\nas well as FreeBSD 4.11R.\n \nSince this optical drive issue is working fine with 4.11R and 5.5R but\nnot working with 6.0R, 6.1R and 6.2R, I assume that there is a little\nscrew-up in the 6.x series.\n\nIt would be nice to see this fixed in the upcoming 6.3R !\n\n##### FreeBSD 4.11-RELEASE (generic) dmesg:\n-------------------------------------------\nCopyright (c) 1992-2005 The FreeBSD Project.\nCopyright (c) 1979, 1980, 1983, 1986, 1988, 1989, 1991, 1992, 1993, 1994\n\tThe Regents of the University of California. All rights reserved.\nFreeBSD 4.11-RELEASE #0: Fri Jan 21 17:21:22 GMT 2005\n    root@perseus.cse.buffalo.edu:/usr/obj/usr/src/sys/GENERIC\nTimecounter \"i8254\"  frequency 1193182 Hz\nCPU: Intel Pentium III (800.03-MHz 686-class CPU)\n  Origin = \"GenuineIntel\"  Id = 0x683  Stepping = 3\n  Features=0x383f9ff\u003cFPU,VME,DE,PSE,TSC,MSR,PAE,MCE,CX8,SEP,MTRR,PGE,MCA,CMOV,PAT,PSE36,MMX,FXSR,SSE\u003e\nreal memory  = 805240832 (786368K bytes)\navail memory = 777486336 (759264K bytes)\nPreloaded elf kernel \"kernel\" at 0xc055c000.\nPentium Pro MTRR support enabled\nmd0: Malloc disk\nUsing $PIR table, 7 entries at 0xc00fddf0\nnpx0: \u003cmath processor\u003e on motherboard\nnpx0: INT 16 interface\npcib0: \u003cHost to PCI bridge\u003e on motherboard\npci0: \u003cPCI bus\u003e on pcib0\nagp0: \u003cVIA 82C691 (Apollo Pro) host to PCI bridge\u003e mem 0xd8000000-0xd9ffffff at device 0.0 on pci0\npcib2: \u003cVIA 82C598MVP (Apollo MVP3) PCI-PCI (AGP) bridge\u003e at device 1.0 on pci0\npci1: \u003cPCI bus\u003e on pcib2\npci1: \u003cATI model 5159 graphics accelerator\u003e at 0.0 irq 11\nisab0: \u003cVIA 82C596B PCI-ISA bridge\u003e at device 7.0 on pci0\nisa0: \u003cISA bus\u003e on isab0\natapci0: \u003cVIA 82C596 ATA66 controller\u003e port 0xe000-0xe00f at device 7.1 on pci0\nata0: at 0x1f0 irq 14 on atapci0\nata1: at 0x170 irq 15 on atapci0\nuhci0: \u003cVIA 83C572 USB controller\u003e port 0xe400-0xe41f irq 12 at device 7.2 on pci0\nusb0: \u003cVIA 83C572 USB controller\u003e on uhci0\nusb0: USB revision 1.0\nuhub0: VIA UHCI root hub, class 9/0, rev 1.00/1.00, addr 1\nuhub0: 2 ports with 2 removable, self powered\nuhub1: ATEN International product 0x7000, class 9/0, rev 1.10/1.00, addr 2\nuhub1: 4 ports with 4 removable, self powered\nukbd0: CHICONY HP Basic USB Keyboard, rev 1.10/3.00, addr 3, iclass 3/1\nkbd1 at ukbd0\nums0: Genius NetScroll + Mini Traveler, rev 1.10/1.10, addr 4, iclass 3/1\nums0: 3 buttons and Z dir.\nuhub2: Texas Instruments TUSB2046 hub, class 9/0, rev 1.10/1.25, addr 5\nuhub2: 4 ports with 4 removable, self powered\npci0: \u003cunknown card\u003e (vendor=0x1106, dev=0x3050) at 7.3\nrl0: \u003cRealTek 8139 10/100BaseTX\u003e port 0xe800-0xe8ff mem 0xdd002000-0xdd0020ff irq 11 at device 8.0 on pci0\nrl0: Ethernet address: 00:40:f4:64:4d:d5\nmiibus0: \u003cMII bus\u003e on rl0\nrlphy0: \u003cRealTek internal media interface\u003e on miibus0\nrlphy0:  10baseT, 10baseT-FDX, 100baseTX, 100baseTX-FDX, auto\nfwohci0: \u003cNEC uPD72873\u003e mem 0xdd000000-0xdd000fff irq 10 at device 9.0 on pci0\nfwohci0: OHCI version 1.10 (ROM=1)\nfwohci0: No. of Isochronous channel is 4.\nfwohci0: EUI64 00:00:4c:01:07:00:30:e1\nfwohci0: Phy 1394a available S400, 2 ports.\nfwohci0: Link S400, max_rec 2048 bytes.\nfirewire0: \u003cIEEE1394(FireWire) bus\u003e on fwohci0\nfwe0: \u003cEthernet over FireWire\u003e on firewire0\nif_fwe0: Fake Ethernet address: 02:00:4c:00:30:e1\nsbp0: \u003cSBP-2/SCSI over FireWire\u003e on firewire0\nfwohci0: Initiate bus reset\nfwohci0: node_id=0xc000ffc0, gen=1, CYCLEMASTER mode\nfirewire0: 1 nodes, maxhop \u003c= 0, cable IRM = 0 (me)\nfirewire0: bus manager 0 (me)\nahc0: \u003cAdaptec 2940 Ultra SCSI adapter\u003e port 0xec00-0xecff mem 0xdd001000-0xdd001fff irq 11 at device 12.0 on pci0\naic7880: Ultra Wide Channel A, SCSI Id=7, 16/253 SCBs\npcib1: \u003cHost to PCI bridge\u003e on motherboard\npci2: \u003cPCI bus\u003e on pcib1\nisa0: too many dependant configs (8)\nisa0: unexpected small tag 14\norm0: \u003cOption ROMs\u003e at iomem 0xc0000-0xccfff,0xd0000-0xd3fff,0xd4000-0xdafff on isa0\npmtimer0 on isa0\nfdc0: \u003cNEC 72065B or clone\u003e at port 0x3f0-0x3f5,0x3f7 irq 6 drq 2 on isa0\nfdc0: FIFO enabled, 8 bytes threshold\natkbdc0: \u003cKeyboard controller (i8042)\u003e at port 0x60,0x64 on isa0\natkbd0: \u003cAT Keyboard\u003e flags 0x1 irq 1 on atkbdc0\nkbd0 at atkbd0\nvga0: \u003cGeneric ISA VGA\u003e at port 0x3c0-0x3df iomem 0xa0000-0xbffff on isa0\nsc0: \u003cSystem console\u003e at flags 0x100 on isa0\nsc0: VGA \u003c16 virtual consoles, flags=0x300\u003e\nsio0 at port 0x3f8-0x3ff irq 4 flags 0x10 on isa0\nsio0: type 16550A\nsio1 at port 0x2f8-0x2ff irq 3 on isa0\nsio1: type 16550A\nppc0: \u003cParallel port\u003e at port 0x378-0x37f irq 7 on isa0\nppc0: Generic chipset (NIBBLE-only) in COMPATIBLE mode\nplip0: \u003cPLIP network interface\u003e on ppbus0\nlpt0: \u003cPrinter\u003e on ppbus0\nlpt0: Interrupt-driven port\nppi0: \u003cParallel I/O\u003e on ppbus0\nad0: 76351MB \u003cSAMSUNG SP0802N\u003e [155127/16/63] at ata0-master UDMA66\nacd0: DVD-ROM \u003cPioneer DVD-ROM ATAPIModel DVD-119 0105\u003e at ata1-master PIO4\nacd1: CDROM \u003cGCR-8521B\u003e at ata1-slave PIO4\nWaiting 15 seconds for SCSI devices to settle\nMounting root from ufs:/dev/da0s1a\nda0 at ahc0 bus 0 target 2 lun 0\nda0: \u003cQUANTUM ATLAS IV 9 WLS 0A0A\u003e Fixed Direct Access SCSI-3 device \nda0: 40.000MB/s transfers (20.000MHz, offset 8, 16bit), Tagged Queueing Enabled\nda0: 8761MB (17942584 512 byte sectors: 255H 63S/T 1116C)\n\n\n##### FreeBSD 4.11-RELEASE (generic) verbose-dmesg:\n---------------------------------------------------\nCopyright (c) 1992-2005 The FreeBSD Project.\nCopyright (c) 1979, 1980, 1983, 1986, 1988, 1989, 1991, 1992, 1993, 1994\n\tThe Regents of the University of California. All rights reserved.\nFreeBSD 4.11-RELEASE #0: Fri Jan 21 17:21:22 GMT 2005\n    root@perseus.cse.buffalo.edu:/usr/obj/usr/src/sys/GENERIC\nCalibrating clock(s) ... TSC clock: 800063175 Hz, i8254 clock: 1193234 Hz\nCLK_USE_I8254_CALIBRATION not specified - using default frequency\nTimecounter \"i8254\"  frequency 1193182 Hz\nCLK_USE_TSC_CALIBRATION not specified - using old calibration method\nCPU: Intel Pentium III (800.03-MHz 686-class CPU)\n  Origin = \"GenuineIntel\"  Id = 0x683  Stepping = 3\n  Features=0x383f9ff\u003cFPU,VME,DE,PSE,TSC,MSR,PAE,MCE,CX8,SEP,MTRR,PGE,MCA,CMOV,PAT,PSE36,MMX,FXSR,SSE\u003e\nreal memory  = 805240832 (786368K bytes)\nPhysical memory chunk(s):\n0x000001000 - 0x00009ffff, 651264 bytes (159 pages)\n0x000583000 - 0x02ffe7fff, 799428608 bytes (195173 pages)\navail memory = 777486336 (759264K bytes)\nbios32: Found BIOS32 Service Directory header at 0xc00fadc0\nbios32: Entry = 0xfb240 (c00fb240)  Rev = 0  Len = 1\npcibios: PCI BIOS entry at 0xb270\npnpbios: Found PnP BIOS data at 0xc00fbf30\npnpbios: Entry = f0000:bf58  Rev = 1.0\nOther BIOS signatures found:\nACPI: 000f7d50\nPreloaded elf kernel \"kernel\" at 0xc055c000.\nPentium Pro MTRR support enabled\nCreating DISK md0\nmd0: Malloc disk\nMath emulator present\npci_open(1):\tmode 1 addr port (0x0cf8) is 0x80000060\npci_open(1a):\tmode1res=0x80000000 (0x80000000)\npci_cfgcheck:\tdevice 0 [class=060000] [hdr=00] is there (id=06911106)\nUsing $PIR table, 7 entries at 0xc00fddf0\npcib-: pcib0 exists, using next available unit number\nnpx0: \u003cmath processor\u003e on motherboard\nnpx0: INT 16 interface\npcib0: \u003cHost to PCI bridge\u003e on motherboard\nfound-\u003e\tvendor=0x1106, dev=0x0691, revid=0x44\n\tclass=06-00-00, hdrtype=0x00, mfdev=0\n\tsubordinatebus=0 \tsecondarybus=0\n\tmap[10]: type 1, range 32, base d8000000, size 25\nfound-\u003e\tvendor=0x1106, dev=0x8598, revid=0x00\n\tclass=06-04-00, hdrtype=0x01, mfdev=0\n\tsubordinatebus=1 \tsecondarybus=1\nfound-\u003e\tvendor=0x1106, dev=0x0596, revid=0x23\n\tclass=06-01-00, hdrtype=0x00, mfdev=1\n\tsubordinatebus=0 \tsecondarybus=0\nfound-\u003e\tvendor=0x1106, dev=0x0571, revid=0x10\n\tclass=01-01-8a, hdrtype=0x00, mfdev=0\n\tsubordinatebus=0 \tsecondarybus=0\n\tmap[20]: type 1, range 32, base 0000e000, size  4\nfound-\u003e\tvendor=0x1106, dev=0x3038, revid=0x11\n\tclass=0c-03-00, hdrtype=0x00, mfdev=0\n\tsubordinatebus=0 \tsecondarybus=0\n\tintpin=d, irq=12\n\tmap[20]: type 1, range 32, base 0000e400, size  5\nfound-\u003e\tvendor=0x1106, dev=0x3050, revid=0x30\n\tclass=06-00-00, hdrtype=0x00, mfdev=0\n\tsubordinatebus=0 \tsecondarybus=0\nfound-\u003e\tvendor=0x10ec, dev=0x8139, revid=0x10\n\tclass=02-00-00, hdrtype=0x00, mfdev=0\n\tsubordinatebus=0 \tsecondarybus=0\n\tintpin=a, irq=11\n\tmap[10]: type 1, range 32, base 0000e800, size  8\n\tmap[14]: type 1, range 32, base dd002000, size  8\nfound-\u003e\tvendor=0x1033, dev=0x00e7, revid=0x01\n\tclass=0c-00-10, hdrtype=0x00, mfdev=0\n\tsubordinatebus=0 \tsecondarybus=0\n\tintpin=a, irq=10\n\tmap[10]: type 1, range 32, base dd000000, size 12\nfound-\u003e\tvendor=0x9004, dev=0x8178, revid=0x00\n\tclass=01-00-00, hdrtype=0x00, mfdev=0\n\tsubordinatebus=0 \tsecondarybus=0\n\tintpin=a, irq=11\n\tmap[10]: type 1, range 32, base 0000ec00, size  8\n\tmap[14]: type 1, range 32, base dd001000, size 12\npci0: \u003cPCI bus\u003e on pcib0\nagp0: \u003cVIA 82C691 (Apollo Pro) host to PCI bridge\u003e mem 0xd8000000-0xd9ffffff at device 0.0 on pci0\nagp0: allocating GATT for aperture of size 256M\npcib2: \u003cVIA 82C598MVP (Apollo MVP3) PCI-PCI (AGP) bridge\u003e at device 1.0 on pci0\nfound-\u003e\tvendor=0x1002, dev=0x5159, revid=0x00\n\tclass=03-00-00, hdrtype=0x00, mfdev=0\n\tsubordinatebus=0 \tsecondarybus=0\n\tintpin=a, irq=11\n\tmap[10]: type 1, range 32, base d0000000, size 27\n\tmap[14]: type 1, range 32, base 0000d000, size  8\n\tmap[18]: type 1, range 32, base db000000, size 16\npci1: \u003cPCI bus\u003e on pcib2\npci1: \u003cATI model 5159 graphics accelerator\u003e (vendor=0x1002, dev=0x5159) at 0.0 irq 11\nisab0: \u003cVIA 82C596B PCI-ISA bridge\u003e at device 7.0 on pci0\nisa0: \u003cISA bus\u003e on isab0\natapci0: \u003cVIA 82C596 ATA66 controller\u003e port 0xe000-0xe00f at device 7.1 on pci0\nata0: iobase=0x01f0 altiobase=0x03f6 bmaddr=0xe000\nata0: mask=03 ostat0=50 ostat2=00\nata0-master: ATAPI 00 00\nata0-slave: ATAPI 00 00\nata0: mask=03 stat0=50 stat1=00\nata0-master: ATA 01 a5\nata0: devices=01\nata0: at 0x1f0 irq 14 on atapci0\nata1: iobase=0x0170 altiobase=0x0376 bmaddr=0xe008\nata1: mask=03 ostat0=50 ostat2=50\nata1-master: ATAPI 14 eb\nata1-slave: ATAPI 14 eb\nata1: mask=03 stat0=00 stat1=00\nata1: devices=0c\nata1: at 0x170 irq 15 on atapci0\nuhci0: \u003cVIA 83C572 USB controller\u003e port 0xe400-0xe41f irq 12 at device 7.2 on pci0\nusb0: \u003cVIA 83C572 USB controller\u003e on uhci0\nusb0: USB revision 1.0\nuhub0: VIA UHCI root hub, class 9/0, rev 1.00/1.00, addr 1\nuhub0: 2 ports with 2 removable, self powered\nuhub1: ATEN International product 0x7000, class 9/0, rev 1.10/1.00, addr 2\nuhub1: 4 ports with 4 removable, self powered\nukbd0: CHICONY HP Basic USB Keyboard, rev 1.10/3.00, addr 3, iclass 3/1\nkbd: new array size 4\nkbd1 at ukbd0\nkbd1: ukbd0, generic (0), config:0x0, flags:0x1d0000\nums0: Genius NetScroll + Mini Traveler, rev 1.10/1.10, addr 4, iclass 3/1\nums0: 3 buttons and Z dir.\nuhub2: Texas Instruments TUSB2046 hub, class 9/0, rev 1.10/1.25, addr 5\nuhub2: 4 ports with 4 removable, self powered\npci0: \u003cunknown card\u003e (vendor=0x1106, dev=0x3050) at 7.3\nrl0: \u003cRealTek 8139 10/100BaseTX\u003e port 0xe800-0xe8ff mem 0xdd002000-0xdd0020ff irq 11 at device 8.0 on pci0\nrl0: Ethernet address: 00:40:f4:64:4d:d5\nmiibus0: \u003cMII bus\u003e on rl0\nrlphy0: \u003cRealTek internal media interface\u003e on miibus0\nrlphy0:  10baseT, 10baseT-FDX, 100baseTX, 100baseTX-FDX, auto\nbpf: rl0 attached\nfwohci0: \u003cNEC uPD72873\u003e mem 0xdd000000-0xdd000fff irq 10 at device 9.0 on pci0\nfwohci0: latency timer 32 -\u003e 32.\nfwohci0: cache size 8 -\u003e 8.\n\tusing shared irq10.\nfwohci0: OHCI version 1.10 (ROM=1)\nfwohci0: No. of Isochronous channel is 4.\nfwohci0: EUI64 00:00:4c:01:07:00:30:e1\nfwohci0: resetting OHCI...done (loop=0)\nfwohci0: phy read failed(1).\nfwohci0: fwphy_rddata: 0x2 loop=1, retry=1\nfwohci0: fwphy_rddata: 0x3 loop=1, retry=0\nfwohci0: Phy 1394a available S400, 2 ports.\nfwohci0: fwphy_rddata: 0x5 loop=1, retry=0\nfwohci0: Enable 1394a Enhancements\nfwohci0: fwphy_rddata: 0x5 loop=1, retry=0\nfwohci0: fwphy_rddata: 0x2 loop=1, retry=0\nfwohci0: fwphy_rddata: 0x4 loop=1, retry=0\nfwohci0: fwphy_rddata: 0x4 loop=1, retry=0\nfwohci0: fwphy_rddata: 0x4 loop=1, retry=0\nfwohci0: Link S400, max_rec 2048 bytes.\nfwohci0: BUS_OPT 0xf800a002 -\u003e 0xf800a002\nfwohci0: fwohci_set_intr: 1\nfirewire0: \u003cIEEE1394(FireWire) bus\u003e on fwohci0\nfwe0: \u003cEthernet over FireWire\u003e on firewire0\nif_fwe0: Fake Ethernet address: 02:00:4c:00:30:e1\nbpf: fwe0 attached\nsbp0: \u003cSBP-2/SCSI over FireWire\u003e on firewire0\nsbp_attach (cold=1)\nsbp_post_busreset\nfwohci0: Initiate bus reset\nfwohci0: fwphy_rddata: 0x1 loop=1, retry=0\nfwohci0: fwphy_rddata: 0x1 loop=1, retry=0\nfwohci0: node_id=0xc000ffc0, gen=1, CYCLEMASTER mode\nfirewire0: 1 nodes, maxhop \u003c= 0, cable IRM = 0 (me)\nfwohci0: fw_set_bus_manager: 0-\u003e0 (loop=0)\nfirewire0: bus manager 0 (me)\nsend phy_config root_node=-1 gap_count=5\nfwohci0: maxdesc: 2\nfwohci0: start AT DMA status=0\nahc0: \u003cAdaptec 2940 Ultra SCSI adapter\u003e port 0xec00-0xecff mem 0xdd001000-0xdd001fff irq 11 at device 12.0 on pci0\nahc0: Defaulting to MEMIO off\nahc0: Reading SEEPROM...done.\nahc0: internal 50 cable not present, internal 68 cable is present\nahc0: external cable not present\nahc0: BIOS eeprom is present\nahc0: High byte termination Enabled\nahc0: Low byte termination Enabled\nahc0: Downloading Sequencer Program... 449 instructions downloaded\nahc0: Features 0x10005, Bugs 0x25, Flags 0x20481540\n\tusing shared irq11.\naic7880: Ultra Wide Channel A, SCSI Id=7, 16/253 SCBs\npci-: pci1 exists, using next available unit number\npcib1: \u003cHost to PCI bridge\u003e on motherboard\npci2: \u003cPCI bus\u003e on pcib1\nex_isa_identify()\nata-: ata0 exists, using next available unit number\nata-: ata1 exists, using next available unit number\nTrying Read_Port at 203\nTrying Read_Port at 243\nCTL0045: start dependant\nCTL0045: adding irq mask 0x20\nCTL0045: adding dma mask 0x2\nCTL0045: adding dma mask 0x20\nCTL0045: adding io range 0x220-0x22f, size=0x10, align=0x1\nCTL0045: adding io range 0x330-0x331, size=0x2, align=0x1\nCTL0045: adding io range 0x388-0x38b, size=0x4, align=0x1\nCTL0045: start dependant\nCTL0045: adding irq mask 0x6a0\nCTL0045: adding dma mask 0xb\nCTL0045: adding dma mask 0xe0\nCTL0045: adding io range 0x220-0x28f, size=0x10, align=0x20\nCTL0045: adding io range 0x300-0x331, size=0x2, align=0x30\nCTL0045: adding io range 0x388-0x38b, size=0x4, align=0x1\nCTL0045: start dependant\nCTL0045: adding irq mask 0x6a0\nCTL0045: adding dma mask 0xb\nCTL0045: adding dma mask 0xe0\nCTL0045: adding io range 0x220-0x28f, size=0x10, align=0x20\nCTL0045: adding io range 0x300-0x331, size=0x2, align=0x30\nCTL0045: start dependant\nCTL0045: adding irq mask 0x6a0\nCTL0045: adding dma mask 0xb\nCTL0045: adding dma mask 0xe0\nCTL0045: adding io range 0x220-0x28f, size=0x10, align=0x20\nCTL0045: start dependant\nCTL0045: adding irq mask 0x6a0\nCTL0045: adding dma mask 0xb\nCTL0045: adding io range 0x220-0x28f, size=0x10, align=0x20\nCTL0045: adding io range 0x300-0x331, size=0x2, align=0x30\nCTL0045: adding io range 0x388-0x38b, size=0x4, align=0x1\nCTL0045: start dependant\nCTL0045: adding irq mask 0x6a0\nCTL0045: adding dma mask 0xb\nCTL0045: adding io range 0x220-0x28f, size=0x10, align=0x20\nCTL0045: adding io range 0x300-0x331, size=0x2, align=0x30\nCTL0045: start dependant\nCTL0045: adding irq mask 0x6a0\nCTL0045: adding dma mask 0xb\nCTL0045: adding io range 0x220-0x28f, size=0x10, align=0x20\nCTL0045: start dependant\nisa0: too many dependant configs (8)\nCTL7002: start dependant\nCTL7002: adding io range 0x200-0x207, size=0x8, align=0x1\nCTL7002: start dependant\nCTL7002: adding io range 0x200-0x20f, size=0x8, align=0x8\nCTL7002: end dependant\nCTL0022: start dependant\nCTL0022: adding io range 0x620-0x623, size=0x4, align=0x1\nCTL0022: start dependant\nCTL0022: adding io range 0x620-0x683, size=0x4, align=0x20\nCTL0022: end dependant\nisa0: unexpected small tag 14\nisa_probe_children: disabling PnP devices\nisa_probe_children: probing non-PnP devices\norm0: \u003cOption ROMs\u003e at iomem 0xc0000-0xccfff,0xd0000-0xd3fff,0xd4000-0xdafff on isa0\npmtimer0 on isa0\nfdc0: \u003cNEC 72065B or clone\u003e at port 0x3f0-0x3f5,0x3f7 irq 6 drq 2 on isa0\nfdc0: FIFO enabled, 8 bytes threshold\nata2 failed to probe at port 0x1f0 irq 14 on isa0\nata3 failed to probe at port 0x170 irq 15 on isa0\nadv0 failed to probe on isa0\nbt0: Failed Status Reg Test - ff\nbt_isa_probe: Probe failed at 0x330\nbt0: Failed Status Reg Test - ff\nbt_isa_probe: Probe failed at 0x334\nbt0: Failed Status Reg Test - ff\nbt_isa_probe: Probe failed at 0x230\nbt0: Failed Status Reg Test - ff\nbt_isa_probe: Probe failed at 0x234\nbt0: Failed Status Reg Test - ff\nbt_isa_probe: Probe failed at 0x130\nbt0: Failed Status Reg Test - ff\nbt_isa_probe: Probe failed at 0x134\nbt0 failed to probe at port 0x134-0x137 on isa0\naha0: status reg test failed ff\naha0: status reg test failed ff\naha0: status reg test failed ff\naha0: status reg test failed ff\naha0: status reg test failed ff\naha0: status reg test failed ff\naha0 failed to probe at port 0x134-0x137 on isa0\naic0 failed to probe at port 0x140-0x15f on isa0\natkbdc0: \u003cKeyboard controller (i8042)\u003e at port 0x60,0x64 on isa0\natkbd0: \u003cAT Keyboard\u003e flags 0x1 irq 1 on atkbdc0\natkbd: the current kbd controller command byte 0067\natkbd: keyboard ID 0x41ab (2)\nkbd0 at atkbd0\nkbd0: atkbd0, AT 101/102 (2), config:0x1, flags:0x3d0000\npsm0: current command byte:0067\npsm0: failed to reset the aux device.\nvga0: \u003cGeneric ISA VGA\u003e at port 0x3c0-0x3df iomem 0xa0000-0xbffff on isa0\nfb0: vga0, vga, type:VGA (5), flags:0x7007f\nfb0: port:0x3c0-0x3df, crtc:0x3d4, mem:0xa0000 0x20000\nfb0: init mode:24, bios mode:3, current mode:24\nfb0: window:0xc00b8000 size:32k gran:32k, buf:0 size:32k\nvga0: vga: WARNING: video mode switching is not fully supported on this adapter\nVGA parameters upon power-up\n50 18 10 00 00 00 03 00 02 27 7e 4f 4f 82 51 03 \nb8 1f 00 4f 0e 0f 00 00 05 a0 90 03 8f 28 1f 8f \nb9 a3 ff 00 01 02 03 04 05 14 07 38 39 3a 3b 3c \n3d 3e 3f 0c 00 0f 08 00 00 00 00 00 10 0e 00 ff \nVGA parameters in BIOS for mode 24\n50 18 10 00 10 00 03 00 02 67 5f 4f 50 82 55 81 \nbf 1f 00 4f 0d 0e 00 00 00 00 9c 8e 8f 28 1f 96 \nb9 a3 ff 00 01 02 03 04 05 14 07 38 39 3a 3b 3c \n3d 3e 3f 0c 00 0f 08 00 00 00 00 00 10 0e 00 ff \nEGA/VGA parameters to be used for mode 24\n50 18 10 00 00 00 03 00 02 27 7e 4f 4f 82 51 03 \nb8 1f 00 4f 0e 0f 00 00 05 a0 90 03 8f 28 1f 8f \nb9 a3 ff 00 01 02 03 04 05 14 07 38 39 3a 3b 3c \n3d 3e 3f 0c 00 0f 08 00 00 00 00 00 10 0e 00 ff \nsc0: \u003cSystem console\u003e at flags 0x100 on isa0\nsc0: VGA \u003c16 virtual consoles, flags=0x300\u003e\nsc0: fb0, kbd0, terminal emulator: sc (syscons terminal)\npcic0 failed to probe at port 0x3e0 iomem 0xd0000 on isa0\npcic1: not probed (disabled)\nsio0: irq maps: 0x461 0x471 0x461 0x461\nsio0 at port 0x3f8-0x3ff irq 4 flags 0x10 on isa0\nsio0: type 16550A\nsio1: irq maps: 0x461 0x469 0x461 0x461\nsio1 at port 0x2f8-0x2ff irq 3 on isa0\nsio1: type 16550A\nsio2: not probed (disabled)\nsio3: not probed (disabled)\nppc0: parallel port found at 0x378\nppc0: using extended I/O port range\nppc0: SPP\nppc0: \u003cParallel port\u003e at port 0x378-0x37f irq 7 on isa0\nppc0: Generic chipset (NIBBLE-only) in COMPATIBLE mode\nplip0: \u003cPLIP network interface\u003e on ppbus0\nbpf: lp0 attached\nlpt0: \u003cPrinter\u003e on ppbus0\nlpt0: Interrupt-driven port\nppi0: \u003cParallel I/O\u003e on ppbus0\ned0: not probed (disabled)\nfe0: not probed (disabled)\nie0: not probed (disabled)\nlnc0: not probed (disabled)\ncs0: not probed (disabled)\nsn0: not probed (disabled)\nisa_probe_children: probing PnP devices\nadv1: Invalid baseport of 0x220 specified. Nearest valid baseport is 0x230.  Failing probe.\nunknown: \u003cAudio\u003e failed to probe at port 0x220-0x22f,0x330-0x331,0x388-0x38b irq 5 drq 1,5 on isa0\nadv1: Invalid baseport of 0x200 specified. Nearest valid baseport is 0x210.  Failing probe.\nunknown: \u003cGame\u003e failed to probe at port 0x200-0x20f on isa0\nadv1: Invalid baseport of 0x620 specified. Nearest valid baseport is 0x330.  Failing probe.\nunknown: \u003cWaveTable\u003e failed to probe at port 0x620-0x62f on isa0\nCurrent DB 0\nch = 0\n Current OP   KEY INT BR   len     Addr   Depend Stat: Cnt\n2ea22000 OUTL ST2 ALL ALL    12 00000000 2ea22080 8411:000f RUN,ACTIVE, ack complete(11)\n0x000000e0 0x00450000 0xffbaffff 0x00000000\nBIOS Geometries:\n 0:03fefe3f 0..1022=1023 cylinders, 0..254=255 heads, 1..63=63 sectors\n 1:03fffe3f 0..1023=1024 cylinders, 0..254=255 heads, 1..63=63 sectors\n 0 accounted for\nDevice configuration finished.\nbpf: faith0 attached\nbpf: lo0 attached\nbpf: ppp0 attached\nnew masks: bio 68d440, tty 63009a, net 670c9a\nbpf: sl0 attached\nad0: success setting UDMA4 on VIA chip\nCreating DISK ad0\nar: FreeBSD check1 failed\nad0: \u003cSAMSUNG SP0802N/TK200-04\u003e ATA-7 disk at ata0-master\nad0: 76351MB (156368016 sectors), 155127 C, 16 H, 63 S, 512 B\nad0: 16 secs/int, 1 depth queue, UDMA66\nad0: piomode=4 dmamode=2 udmamode=5 cblid=1\nata1-master: piomode=4 dmamode=2 udmamode=4 dmaflag=1\nata1-master: success setting PIO4 on generic chip\nacd0: \u003cPioneer DVD-ROM ATAPIModel DVD-119 0105/E1.05\u003e DVD-ROM drive at ata1 as master\nacd0: read 1594KB/s (37026KB/s), 256KB buffer, PIO4\nacd0: Reads: CD-R, CD-RW, CD-DA stream, DVD-ROM, DVD-R, packet\nacd0: Writes:\nacd0: Audio: play, 256 volume levels\nacd0: Mechanism: ejectable tray, unlocked\nacd0: Medium: CD-ROM 120mm data disc\nata1-slave: piomode=4 dmamode=2 udmamode=-1 dmaflag=1\nata1-slave: success setting PIO4 on generic chip\nbus_explore done\nsbp_post_explore (sbp_cold=2)\nacd1: \u003cGCR-8521B/1.02\u003e CDROM drive at ata1 as slave\nacd1: read 8937KB/s (48034KB/s), 128KB buffer, PIO4\nacd1: Reads: CD-R, CD-RW, CD-DA stream, packet\nacd1: Writes:\nacd1: Audio: play, 255 volume levels\nacd1: Mechanism: ejectable tray, unlocked, lock protected\nacd1: Medium: no/blank disc\nWaiting 15 seconds for SCSI devices to settle\n(noperiph:ahc0:0:-1:-1): SCSI bus reset delivered. 0 SCBs aborted.\n(ahc0:A:2:0): Sending WDTR 1\n(ahc0:A:2:0): Received WDTR 1 filtered to 1\nahc0: target 2 using 16bit transfers\n(ahc0:A:2:0): Sending SDTR period c, offset 8\n(ahc0:A:2:0): Received SDTR period c, offset 8\n\tFiltered to period c, offset 8\nahc0: target 2 synchronous at 20.0MHz, offset = 0x8\nCreating DISK da0\npass0 at ahc0 bus 0 target 2 lun 0\npass0: \u003cQUANTUM ATLAS IV 9 WLS 0A0A\u003e Fixed Direct Access SCSI-3 device \npass0: Serial Number 369929932513\npass0: 40.000MB/s transfers (20.000MHz, offset 8, 16bit), Tagged Queueing Enabled\nda0 at ahc0 bus 0 target 2 lun 0\nda0: \u003cQUANTUM ATLAS IV 9 WLS 0A0A\u003e Fixed Direct Access SCSI-3 device \nda0: Serial Number 369929932513\nda0: 40.000MB/s transfers (20.000MHz, offset 8, 16bit), Tagged Queueing Enabled\nda0: 8761MB (17942584 512 byte sectors: 255H 63S/T 1116C)\nMounting root from ufs:/dev/da0s1a\nda0s1: type 0xa5, start 63, end = 3903794, size 3903732 : OK\nda0s2: type 0xb5, start 3903795, end = 7807589, size 3903795 : OK\nda0s3: type 0xb5, start 7807590, end = 11711384, size 3903795 : OK\nda0s4: type 0x5, start 11711385, end = 14635214, size 2923830 : OK\nda0s5: type 0x83, start 11711448, end = 14635214, size 2923767 : OK\nstart_init: trying /sbin/init\n\n\n##### FreeBSD 5.5-RELEASE (generic) dmesg:\n------------------------------------------\nCopyright (c) 1992-2006 The FreeBSD Project.\nCopyright (c) 1979, 1980, 1983, 1986, 1988, 1989, 1991, 1992, 1993, 1994\n\tThe Regents of the University of California. All rights reserved.\nFreeBSD 5.5-RELEASE #0: Tue May 23 14:58:27 UTC 2006\n    root@perseus.cse.buffalo.edu:/usr/obj/usr/src/sys/GENERIC\nTimecounter \"i8254\" frequency 1193182 Hz quality 0\nCPU: Intel Pentium III (800.03-MHz 686-class CPU)\n  Origin = \"GenuineIntel\"  Id = 0x683  Stepping = 3\n  Features=0x383f9ff\u003cFPU,VME,DE,PSE,TSC,MSR,PAE,MCE,CX8,SEP,MTRR,PGE,MCA,CMOV,PAT,PSE36,MMX,FXSR,SSE\u003e\nreal memory  = 805240832 (767 MB)\navail memory = 778223616 (742 MB)\nnpx0: \u003cmath processor\u003e on motherboard\nnpx0: INT 16 interface\nacpi0: \u003cVIA692 AWRDACPI\u003e on motherboard\nacpi0: Power Button (fixed)\nTimecounter \"ACPI-safe\" frequency 3579545 Hz quality 1000\nacpi_timer0: \u003c24-bit timer at 3.579545MHz\u003e port 0x4008-0x400b on acpi0\ncpu0: \u003cACPI CPU (3 Cx states)\u003e on acpi0\nacpi_throttle0: \u003cACPI CPU Throttling\u003e on cpu0\nacpi_button0: \u003cPower Button\u003e on acpi0\npcib0: \u003cACPI Host-PCI bridge\u003e port 0x5000-0x500f,0x4080-0x40ff,0x4000-0x407f,0xcf8-0xcff on acpi0\npci0: \u003cACPI PCI bus\u003e on pcib0\nagp0: \u003cVIA 82C691 (Apollo Pro) host to PCI bridge\u003e mem 0xd8000000-0xd9ffffff at device 0.0 on pci0\npcib1: \u003cPCI-PCI bridge\u003e at device 1.0 on pci0\npci1: \u003cPCI bus\u003e on pcib1\npci1: \u003cdisplay, VGA\u003e at device 0.0 (no driver attached)\nisab0: \u003cPCI-ISA bridge\u003e at device 7.0 on pci0\nisa0: \u003cISA bus\u003e on isab0\natapci0: \u003cVIA 82C596B UDMA66 controller\u003e port 0xe000-0xe00f,0x376,0x170-0x177,0x3f6,0x1f0-0x1f7 at device 7.1 on pci0\nata0: channel #0 on atapci0\nata1: channel #1 on atapci0\nuhci0: \u003cVIA 83C572 USB controller\u003e port 0xe400-0xe41f irq 12 at device 7.2 on pci0\nusb0: \u003cVIA 83C572 USB controller\u003e on uhci0\nusb0: USB revision 1.0\nuhub0: VIA UHCI root hub, class 9/0, rev 1.00/1.00, addr 1\nuhub0: 2 ports with 2 removable, self powered\npci0: \u003cbridge, HOST-PCI\u003e at device 7.3 (no driver attached)\nrl0: \u003cRealTek 8139 10/100BaseTX\u003e port 0xe800-0xe8ff mem 0xdd002000-0xdd0020ff irq 11 at device 8.0 on pci0\nmiibus0: \u003cMII bus\u003e on rl0\nrlphy0: \u003cRealTek internal media interface\u003e on miibus0\nrlphy0:  10baseT, 10baseT-FDX, 100baseTX, 100baseTX-FDX, auto\nrl0: Ethernet address: 00:40:f4:64:4d:d5\nfwohci0: \u003cNEC uPD72873\u003e mem 0xdd000000-0xdd000fff irq 10 at device 9.0 on pci0\nfwohci0: OHCI version 1.10 (ROM=1)\nfwohci0: No. of Isochronous channels is 4.\nfwohci0: EUI64 00:00:4c:01:07:00:30:e1\nfwohci0: Phy 1394a available S400, 2 ports.\nfwohci0: Link S400, max_rec 2048 bytes.\nfirewire0: \u003cIEEE1394(FireWire) bus\u003e on fwohci0\nfwe0: \u003cEthernet over FireWire\u003e on firewire0\nif_fwe0: Fake Ethernet address: 02:00:4c:00:30:e1\nfwe0: Ethernet address: 02:00:4c:00:30:e1\nfwe0: if_start running deferred for Giant\nsbp0: \u003cSBP-2/SCSI over FireWire\u003e on firewire0\nfwohci0: Initiate bus reset\nfwohci0: node_id=0xc000ffc0, gen=1, CYCLEMASTER mode\nfirewire0: 1 nodes, maxhop \u003c= 0, cable IRM = 0 (me)\nfirewire0: bus manager 0 (me)\nahc0: \u003cAdaptec 2940 Ultra SCSI adapter\u003e port 0xec00-0xecff mem 0xdd001000-0xdd001fff irq 11 at device 12.0 on pci0\naic7880: Ultra Wide Channel A, SCSI Id=7, 16/253 SCBs\nacpi_tz0: \u003cThermal Zone\u003e on acpi0\nfdc0: \u003cfloppy drive controller\u003e port 0x3f7,0x3f2-0x3f5 irq 6 drq 2 on acpi0\nsio0: \u003c16550A-compatible COM port\u003e port 0x3f8-0x3ff irq 4 flags 0x10 on acpi0\nsio0: type 16550A\nsio1: \u003c16550A-compatible COM port\u003e port 0x2f8-0x2ff irq 3 on acpi0\nsio1: type 16550A\nppc0: \u003cStandard parallel printer port\u003e port 0x378-0x37f irq 7 on acpi0\nppc0: Generic chipset (NIBBLE-only) in COMPATIBLE mode\nppbus0: \u003cParallel port bus\u003e on ppc0\nplip0: \u003cPLIP network interface\u003e on ppbus0\nlpt0: \u003cPrinter\u003e on ppbus0\nlpt0: Interrupt-driven port\nppi0: \u003cParallel I/O\u003e on ppbus0\natkbdc0: \u003cKeyboard controller (i8042)\u003e port 0x64,0x60 irq 1 on acpi0\natkbd0: \u003cAT Keyboard\u003e flags 0x1 irq 1 on atkbdc0\nkbd0 at atkbd0\norm0: \u003cISA Option ROMs\u003e at iomem 0xd4000-0xdafff,0xd0000-0xd3fff,0xc0000-0xccfff on isa0\npmtimer0 on isa0\nsc0: \u003cSystem console\u003e at flags 0x100 on isa0\nsc0: VGA \u003c16 virtual consoles, flags=0x300\u003e\nvga0: \u003cGeneric ISA VGA\u003e at port 0x3c0-0x3df iomem 0xa0000-0xbffff on isa0\nuhub1: ATEN International product 0x7000, class 9/0, rev 1.10/1.00, addr 2\nuhub1: 4 ports with 4 removable, self powered\nukbd0: CHICONY HP Basic USB Keyboard, rev 1.10/3.00, addr 3, iclass 3/1\nkbd1 at ukbd0\nums0: Genius NetScroll + Mini Traveler, rev 1.10/1.10, addr 4, iclass 3/1\nums0: 3 buttons and Z dir.\nuhub2: Texas Instruments TUSB2046 hub, class 9/0, rev 1.10/1.25, addr 5\nuhub2: 4 ports with 4 removable, self powered\nTimecounter \"TSC\" frequency 800032435 Hz quality 800\nTimecounters tick every 10.000 msec\nad0: 76351MB \u003cSAMSUNG SP0802N/TK200-04\u003e [155127/16/63] at ata0-master UDMA66\nacd0: DVDROM \u003cPioneer DVD-ROM ATAPIModel DVD-119 0105/E1.05\u003e at ata1-master PIO4\nacd1: CDROM \u003cGCR-8521B/1.02\u003e at ata1-slave PIO4\nWaiting 15 seconds for SCSI devices to settle\nda0 at ahc0 bus 0 target 2 lun 0\nda0: \u003cQUANTUM ATLAS IV 9 WLS 0A0A\u003e Fixed Direct Access SCSI-3 device \nda0: 40.000MB/s transfers (20.000MHz, offset 8, 16bit), Tagged Queueing Enabled\nda0: 8761MB (17942584 512 byte sectors: 255H 63S/T 1116C)\nMounting root from ufs:/dev/da0s2a\n\n\n##### FreeBSD 5.5-RELEASE (generic) verbose-dmesg:\n--------------------------------------------------\n0x0000000000001000 - 0x000000000009ffff, 651264 bytes (159 pages)\n0x0000000000100000 - 0x00000000003fffff, 3145728 bytes (768 pages)\n0x0000000000c25000 - 0x000000002f23ffff, 778153984 bytes (189979 pages)\navail memory = 778223616 (742 MB)\nbios32: Found BIOS32 Service Directory header at 0xc00fadc0\nbios32: Entry = 0xfb240 (c00fb240)  Rev = 0  Len = 1\npcibios: PCI BIOS entry at 0xf0000+0xb270\npnpbios: Found PnP BIOS data at 0xc00fbf30\npnpbios: Entry = f0000:bf58  Rev = 1.0\nOther BIOS signatures found:\nwlan: \u003c802.11 Link Layer\u003e\nrandom: \u003centropy source, Software, Yarrow\u003e\nio: \u003cI/O\u003e\nmem: \u003cmemory\u003e\nPentium Pro MTRR support enabled\nnull: \u003cnull device, zero device\u003e\nnpx0: [FAST]\nnpx0: \u003cmath processor\u003e on motherboard\nnpx0: INT 16 interface\nacpi0: \u003cVIA692 AWRDACPI\u003e on motherboard\nacpi0: [MPSAFE]\npci_open(1):\tmode 1 addr port (0x0cf8) is 0x80000060\npci_open(1a):\tmode1res=0x80000000 (0x80000000)\npci_cfgcheck:\tdevice 0 [class=060000] [hdr=00] is there (id=06911106)\npcibios: BIOS version 2.10\nFound $PIR table, 7 entries at 0xc00fddf0\nPCI-Only Interrupts: 10 11 12\nLocation  Bus Device Pin  Link  IRQs\nslot 1      0    8    A   0x01  3 4 5 7 9 10 11 12 14 15\nslot 1      0    8    B   0x02  3 4 5 7 9 10 11 12 14 15\nslot 1      0    8    C   0x03  3 4 5 7 9 10 11 12 14 15\nslot 1      0    8    D   0x05  3 4 5 7 9 10 11 12 14 15\nslot 2      0    9    A   0x02  3 4 5 7 9 10 11 12 14 15\nslot 2      0    9    B   0x03  3 4 5 7 9 10 11 12 14 15\nslot 2      0    9    C   0x05  3 4 5 7 9 10 11 12 14 15\nslot 2      0    9    D   0x01  3 4 5 7 9 10 11 12 14 15\nslot 3      0   10    A   0x03  3 4 5 7 9 10 11 12 14 15\nslot 3      0   10    B   0x05  3 4 5 7 9 10 11 12 14 15\nslot 3      0   10    C   0x01  3 4 5 7 9 10 11 12 14 15\nslot 3      0   10    D   0x02  3 4 5 7 9 10 11 12 14 15\nslot 4      0   11    A   0x05  3 4 5 7 9 10 11 12 14 15\nslot 4      0   11    B   0x01  3 4 5 7 9 10 11 12 14 15\nslot 4      0   11    C   0x02  3 4 5 7 9 10 11 12 14 15\nslot 4      0   11    D   0x03  3 4 5 7 9 10 11 12 14 15\nslot 5      0   12    A   0x01  3 4 5 7 9 10 11 12 14 15\nslot 5      0   12    B   0x02  3 4 5 7 9 10 11 12 14 15\nslot 5      0   12    C   0x03  3 4 5 7 9 10 11 12 14 15\nslot 5      0   12    D   0x05  3 4 5 7 9 10 11 12 14 15\nembedded    0    1    A   0x01  3 4 5 7 9 10 11 12 14 15\nembedded    0    1    B   0x02  3 4 5 7 9 10 11 12 14 15\nembedded    0    1    C   0x03  3 4 5 7 9 10 11 12 14 15\nembedded    0    1    D   0x05  3 4 5 7 9 10 11 12 14 15\nembedded    0    7    C   0x03  3 4 5 7 9 10 11 12 14 15\nembedded    0    7    D   0x05  3 4 5 7 9 10 11 12 14 15\nacpi_bus_number: root bus has no _BBN, assuming 0\nAcpiOsDerivePciId: bus 0 dev 7 func 0\nacpi0: Power Button (fixed)\nACPI timer: 0/3 0/6 0/3 0/3 0/3 1/1 0/5 0/3 0/3 0/3 -\u003e 1\nTimecounter \"ACPI-safe\" frequency 3579545 Hz quality 1000\nacpi_timer0: \u003c24-bit timer at 3.579545MHz\u003e port 0x4008-0x400b on acpi0\ncpu0: \u003cACPI CPU (3 Cx states)\u003e on acpi0\nacpi_throttle0: \u003cACPI CPU Throttling\u003e on cpu0\nacpi_throttle0: P_CNT from P_BLK 0x4010\nacpi_button0: \u003cPower Button\u003e on acpi0\npcib0: \u003cACPI Host-PCI bridge\u003e port 0x5000-0x500f,0x4080-0x40ff,0x4000-0x407f,0xcf8-0xcff on acpi0\nACPI PCI link initial configuration:\n\\\\_SB_.PCI0.LNKA irq  0: [ 1  3  4  5  6  7 10 11 12 14 15] 11+ low,level,sharable 0.8.0\n\\\\_SB_.PCI0.LNKB irq  0: [ 1  3  4  5  6  7 10 11 12 14 15] 10+ low,level,sharable 0.8.1\n\\\\_SB_.PCI0.LNKC irq  0: [ 1  3  4  5  6  7 10 11 12 14 15]  0+ low,level,sharable 0.8.2\n\\\\_SB_.PCI0.LNKD irq  0: [ 1  3  4  5  6  7 10 11 12 14 15] 12+ low,level,sharable 0.8.3\n\\\\_SB_.PCI0.LNKB irq  0: [ 1  3  4  5  6  7 10 11 12 14 15] 10+ low,level,sharable 0.9.0\n\\\\_SB_.PCI0.LNKC irq  0: [ 1  3  4  5  6  7 10 11 12 14 15]  0+ low,level,sharable 0.9.1\n\\\\_SB_.PCI0.LNKD irq  0: [ 1  3  4  5  6  7 10 11 12 14 15] 12+ low,level,sharable 0.9.2\n\\\\_SB_.PCI0.LNKA irq  0: [ 1  3  4  5  6  7 10 11 12 14 15] 11+ low,level,sharable 0.9.3\n\\\\_SB_.PCI0.LNKC irq  0: [ 1  3  4  5  6  7 10 11 12 14 15]  0+ low,level,sharable 0.10.0\n\\\\_SB_.PCI0.LNKD irq  0: [ 1  3  4  5  6  7 10 11 12 14 15] 12+ low,level,sharable 0.10.1\n\\\\_SB_.PCI0.LNKA irq  0: [ 1  3  4  5  6  7 10 11 12 14 15] 11+ low,level,sharable 0.10.2\n\\\\_SB_.PCI0.LNKB irq  0: [ 1  3  4  5  6  7 10 11 12 14 15] 10+ low,level,sharable 0.10.3\n\\\\_SB_.PCI0.LNKD irq  0: [ 1  3  4  5  6  7 10 11 12 14 15] 12+ low,level,sharable 0.11.0\n\\\\_SB_.PCI0.LNKA irq  0: [ 1  3  4  5  6  7 10 11 12 14 15] 11+ low,level,sharable 0.11.1\n\\\\_SB_.PCI0.LNKB irq  0: [ 1  3  4  5  6  7 10 11 12 14 15] 10+ low,level,sharable 0.11.2\n\\\\_SB_.PCI0.LNKC irq  0: [ 1  3  4  5  6  7 10 11 12 14 15]  0+ low,level,sharable 0.11.3\n\\\\_SB_.PCI0.LNKA irq  0: [ 1  3  4  5  6  7 10 11 12 14 15] 11+ low,level,sharable 0.12.0\n\\\\_SB_.PCI0.LNKB irq  0: [ 1  3  4  5  6  7 10 11 12 14 15] 10+ low,level,sharable 0.12.1\n\\\\_SB_.PCI0.LNKC irq  0: [ 1  3  4  5  6  7 10 11 12 14 15]  0+ low,level,sharable 0.12.2\n\\\\_SB_.PCI0.LNKD irq  0: [ 1  3  4  5  6  7 10 11 12 14 15] 12+ low,level,sharable 0.12.3\n\\\\_SB_.PCI0.LNKA irq  0: [ 1  3  4  5  6  7 10 11 12 14 15] 11+ low,level,sharable 0.7.0\n\\\\_SB_.PCI0.LNKB irq  0: [ 1  3  4  5  6  7 10 11 12 14 15] 10+ low,level,sharable 0.7.1\n\\\\_SB_.PCI0.LNKC irq  0: [ 1  3  4  5  6  7 10 11 12 14 15]  0+ low,level,sharable 0.7.2\n\\\\_SB_.PCI0.LNKD irq  0: [ 1  3  4  5  6  7 10 11 12 14 15] 12+ low,level,sharable 0.7.3\n\\\\_SB_.PCI0.LNKA irq  0: [ 1  3  4  5  6  7 10 11 12 14 15] 11+ low,level,sharable 0.1.0\n\\\\_SB_.PCI0.LNKB irq  0: [ 1  3  4  5  6  7 10 11 12 14 15] 10+ low,level,sharable 0.1.1\n\\\\_SB_.PCI0.LNKC irq  0: [ 1  3  4  5  6  7 10 11 12 14 15]  0+ low,level,sharable 0.1.2\n\\\\_SB_.PCI0.LNKD irq  0: [ 1  3  4  5  6  7 10 11 12 14 15] 12+ low,level,sharable 0.1.3\npci0: \u003cACPI PCI bus\u003e on pcib0\npci0: physical bus=0\n\tmap[10]: type 3, range 32, base d8000000, size 25, enabled\nfound-\u003e\tvendor=0x1106, dev=0x0691, revid=0x44\n\tbus=0, slot=0, func=0\n\tclass=06-00-00, hdrtype=0x00, mfdev=0\n\tcmdreg=0x0006, statreg=0x2210, cachelnsz=0 (dwords)\n\tlattimer=0x00 (0 ns), mingnt=0x00 (0 ns), maxlat=0x00 (0 ns)\nfound-\u003e\tvendor=0x1106, dev=0x8598, revid=0x00\n\tbus=0, slot=1, func=0\n\tclass=06-04-00, hdrtype=0x01, mfdev=0\n\tcmdreg=0x0007, statreg=0x2230, cachelnsz=0 (dwords)\n\tlattimer=0x00 (0 ns), mingnt=0x0c (3000 ns), maxlat=0x00 (0 ns)\nfound-\u003e\tvendor=0x1106, dev=0x0596, revid=0x23\n\tbus=0, slot=7, func=0\n\tclass=06-01-00, hdrtype=0x00, mfdev=1\n\tcmdreg=0x0087, statreg=0x0200, cachelnsz=0 (dwords)\n\tlattimer=0x00 (0 ns), mingnt=0x00 (0 ns), maxlat=0x00 (0 ns)\n\tmap[20]: type 4, range 32, base 0000e000, size  4, enabled\nfound-\u003e\tvendor=0x1106, dev=0x0571, revid=0x10\n\tbus=0, slot=7, func=1\n\tclass=01-01-8a, hdrtype=0x00, mfdev=0\n\tcmdreg=0x0007, statreg=0x0290, cachelnsz=0 (dwords)\n\tlattimer=0x20 (960 ns), mingnt=0x00 (0 ns), maxlat=0x00 (0 ns)\n\tpowerspec 2  supports D0 D3  current D0\n\tmap[20]: type 4, range 32, base 0000e400, size  5, enabled\npcib0: matched entry for 0.7.INTD (src \\\\_SB_.PCI0.LNKD)\npcib0: possible interrupts:  1  3  4  5  6  7 10 11 12 14 15\nACPI PCI link arbitrated settings:\n\\\\_SB_.PCI0.LNKA (references 7, priority 145173):\n\tinterrupts:\t    11    10     5    12     7     6     4     3    15    14     1\n\tpenalty:\t   280   280   330  5280  5280  5280  5280  5280 50280 50280100280\n\\\\_SB_.PCI0.LNKB (references 7, priority 145173):\n\tinterrupts:\t    11    10     5    12     7     6     4     3    15    14     1\n\tpenalty:\t   280   280   330  5280  5280  5280  5280  5280 50280 50280100280\n\\\\_SB_.PCI0.LNKC (references 7, priority 145173):\n\tinterrupts:\t    11    10     5    12     7     6     4     3    15    14     1\n\tpenalty:\t   280   280   330  5280  5280  5280  5280  5280 50280 50280100280\n\\\\_SB_.PCI0.LNKD (references 7, priority 145173):\n\tinterrupts:\t    11    10     5    12     7     6     4     3    15    14     1\n\tpenalty:\t   280   280   330  5280  5280  5280  5280  5280 50280 50280100280\npcib0: slot 7 INTD routed to irq 12 via \\\\_SB_.PCI0.LNKD\nfound-\u003e\tvendor=0x1106, dev=0x3038, revid=0x11\n\tbus=0, slot=7, func=2\n\tclass=0c-03-00, hdrtype=0x00, mfdev=0\n\tcmdreg=0x0007, statreg=0x0210, cachelnsz=8 (dwords)\n\tlattimer=0x20 (960 ns), mingnt=0x00 (0 ns), maxlat=0x00 (0 ns)\n\tintpin=d, irq=12\n\tpowerspec 2  supports D0 D3  current D0\nfound-\u003e\tvendor=0x1106, dev=0x3050, revid=0x30\n\tbus=0, slot=7, func=3\n\tclass=06-00-00, hdrtype=0x00, mfdev=0\n\tcmdreg=0x0000, statreg=0x0280, cachelnsz=0 (dwords)\n\tlattimer=0x00 (0 ns), mingnt=0x00 (0 ns), maxlat=0x00 (0 ns)\n\tmap[10]: type 4, range 32, base 0000e800, size  8, enabled\n\tmap[14]: type 1, range 32, base dd002000, size  8, enabled\npcib0: matched entry for 0.8.INTA (src \\\\_SB_.PCI0.LNKA)\npcib0: possible interrupts:  1  3  4  5  6  7 10 11 12 14 15\nACPI PCI link arbitrated settings:\n\\\\_SB_.PCI0.LNKA (references 7, priority 147178):\n\tinterrupts:\t    11    10     5     7     6     4     3    12    15    14     1\n\tpenalty:\t   560   560   610  5560  5560  5560  5560  5630 50560 50560100560\n\\\\_SB_.PCI0.LNKB (references 7, priority 147178):\n\tinterrupts:\t    11    10     5     7     6     4     3    12    15    14     1\n\tpenalty:\t   560   560   610  5560  5560  5560  5560  5630 50560 50560100560\n\\\\_SB_.PCI0.LNKC (references 7, priority 147178):\n\tinterrupts:\t    11    10     5     7     6     4     3    12    15    14     1\n\tpenalty:\t   560   560   610  5560  5560  5560  5560  5630 50560 50560100560\npcib0: slot 8 INTA routed to irq 11 via \\\\_SB_.PCI0.LNKA\nfound-\u003e\tvendor=0x10ec, dev=0x8139, revid=0x10\n\tbus=0, slot=8, func=0\n\tclass=02-00-00, hdrtype=0x00, mfdev=0\n\tcmdreg=0x0007, statreg=0x0290, cachelnsz=0 (dwords)\n\tlattimer=0x20 (960 ns), mingnt=0x20 (8000 ns), maxlat=0x40 (16000 ns)\n\tintpin=a, irq=11\n\tpowerspec 2  supports D0 D1 D2 D3  current D0\n\tmap[10]: type 1, range 32, base dd000000, size 12, enabled\npcib0: matched entry for 0.9.INTA (src \\\\_SB_.PCI0.LNKB)\npcib0: possible interrupts:  1  3  4  5  6  7 10 11 12 14 15\nACPI PCI link arbitrated settings:\n\\\\_SB_.PCI0.LNKB (references 7, priority 149182):\n\tinterrupts:\t    10     5    11     7     6     4     3    12    15    14     1\n\tpenalty:\t   840   890   910  5840  5840  5840  5840  5910 50840 50840100840\n\\\\_SB_.PCI0.LNKC (references 7, priority 149182):\n\tinterrupts:\t    10     5    11     7     6     4     3    12    15    14     1\n\tpenalty:\t   840   890   910  5840  5840  5840  5840  5910 50840 50840100840\npcib0: slot 9 INTA routed to irq 10 via \\\\_SB_.PCI0.LNKB\nfound-\u003e\tvendor=0x1033, dev=0x00e7, revid=0x01\n\tbus=0, slot=9, func=0\n\tclass=0c-00-10, hdrtype=0x00, mfdev=0\n\tcmdreg=0x0006, statreg=0x0290, cachelnsz=8 (dwords)\n\tlattimer=0x20 (960 ns), mingnt=0x00 (0 ns), maxlat=0x00 (0 ns)\n\tintpin=a, irq=10\n\tpowerspec 2  supports D0 D1 D2 D3  current D0\n\tmap[10]: type 4, range 32, base 0000ec00, size  8, enabled\n\tmap[14]: type 1, range 32, base dd001000, size 12, enabled\npcib0: matched entry for 0.12.INTA (src \\\\_SB_.PCI0.LNKA)\npcib0: slot 12 INTA is already routed to irq 11\nfound-\u003e\tvendor=0x9004, dev=0x8178, revid=0x00\n\tbus=0, slot=12, func=0\n\tclass=01-00-00, hdrtype=0x00, mfdev=0\n\tcmdreg=0x0007, statreg=0x0280, cachelnsz=8 (dwords)\n\tlattimer=0x20 (960 ns), mingnt=0x08 (2000 ns), maxlat=0x08 (2000 ns)\n\tintpin=a, irq=11\nagp0: \u003cVIA 82C691 (Apollo Pro) host to PCI bridge\u003e mem 0xd8000000-0xd9ffffff at device 0.0 on pci0\nagp0: Reserved 0x2000000 bytes for rid 0x10 type 3 at 0xd8000000\nagp0: allocating GATT for aperture of size 256M\npcib1: \u003cPCI-PCI bridge\u003e at device 1.0 on pci0\npcib1:   secondary bus     1\npcib1:   subordinate bus   1\npcib1:   I/O decode        0xd000-0xdfff\npcib1:   memory decode     0xda000000-0xdbffffff\npcib1:   prefetched decode 0xd0000000-0xd7ffffff\npci1: \u003cPCI bus\u003e on pcib1\npci1: physical bus=1\n\tmap[10]: type 3, range 32, base d0000000, size 27, enabled\npcib1: device (null) requested decoded memory range 0xd0000000-0xd7ffffff\n\tmap[14]: type 4, range 32, base 0000d000, size  8, enabled\npcib1: device (null) requested decoded I/O range 0xd000-0xd0ff\n\tmap[18]: type 1, range 32, base db000000, size 16, enabled\npcib1: device (null) requested decoded memory range 0xdb000000-0xdb00ffff\npcib0: matched entry for 0.1.INTA (src \\\\_SB_.PCI0.LNKA)\npcib0: slot 1 INTA is already routed to irq 11\npcib1: slot 0 INTA is routed to irq 11\nfound-\u003e\tvendor=0x1002, dev=0x5159, revid=0x00\n\tbus=1, slot=0, func=0\n\tclass=03-00-00, hdrtype=0x00, mfdev=0\n\tcmdreg=0x0087, statreg=0x02b0, cachelnsz=8 (dwords)\n\tlattimer=0x20 (960 ns), mingnt=0x08 (2000 ns), maxlat=0x00 (0 ns)\n\tintpin=a, irq=11\n\tpowerspec 2  supports D0 D1 D2 D3  current D0\npci1: \u003cdisplay, VGA\u003e at device 0.0 (no driver attached)\nisab0: \u003cPCI-ISA bridge\u003e at device 7.0 on pci0\nisa0: \u003cISA bus\u003e on isab0\natapci0: \u003cVIA 82C596B UDMA66 controller\u003e port 0xe000-0xe00f,0x376,0x170-0x177,0x3f6,0x1f0-0x1f7 at device 7.1 on pci0\natapci0: Reserved 0x10 bytes for rid 0x20 type 4 at 0xe000\nata0: channel #0 on atapci0\natapci0: Reserved 0x8 bytes for rid 0x10 type 4 at 0x1f0\natapci0: Reserved 0x1 bytes for rid 0x14 type 4 at 0x3f6\nata0: reset tp1 mask=03 ostat0=50 ostat1=00\nata0-master: stat=0x50 err=0x01 lsb=0x00 msb=0x00\nata0-slave:  stat=0x00 err=0x01 lsb=0x00 msb=0x00\nata0: reset tp2 stat0=50 stat1=00 devices=0x1\u003cATA_MASTER\u003e\nata0: [MPSAFE]\nata1: channel #1 on atapci0\natapci0: Reserved 0x8 bytes for rid 0x18 type 4 at 0x170\natapci0: Reserved 0x1 bytes for rid 0x1c type 4 at 0x376\nata1: reset tp1 mask=03 ostat0=50 ostat1=50\nata1-master: stat=0x00 err=0x01 lsb=0x14 msb=0xeb\nata1-slave:  stat=0x00 err=0x01 lsb=0x14 msb=0xeb\nata1: reset tp2 stat0=00 stat1=00 devices=0xc\u003cATAPI_SLAVE,ATAPI_MASTER\u003e\nata1: [MPSAFE]\nuhci0: \u003cVIA 83C572 USB controller\u003e port 0xe400-0xe41f irq 12 at device 7.2 on pci0\nuhci0: Reserved 0x20 bytes for rid 0x20 type 4 at 0xe400\nuhci0: [GIANT-LOCKED]\nusb0: \u003cVIA 83C572 USB controller\u003e on uhci0\nusb0: USB revision 1.0\nuhub0: VIA UHCI root hub, class 9/0, rev 1.00/1.00, addr 1\nuhub0: 2 ports with 2 removable, self powered\npci0: \u003cbridge, HOST-PCI\u003e at device 7.3 (no driver attached)\nre0: Reserved 0x100 bytes for rid 0x10 type 4 at 0xe800\nrl0: \u003cRealTek 8139 10/100BaseTX\u003e port 0xe800-0xe8ff mem 0xdd002000-0xdd0020ff irq 11 at device 8.0 on pci0\nmiibus0: \u003cMII bus\u003e on rl0\nrlphy0: \u003cRealTek internal media interface\u003e on miibus0\nrlphy0:  10baseT, 10baseT-FDX, 100baseTX, 100baseTX-FDX, auto\nrl0: bpf attached\nrl0: Ethernet address: 00:40:f4:64:4d:d5\nrl0: [MPSAFE]\nfwohci0: \u003cNEC uPD72873\u003e mem 0xdd000000-0xdd000fff irq 10 at device 9.0 on pci0\nfwohci0: Reserved 0x1000 bytes for rid 0x10 type 3 at 0xdd000000\nfwohci0: [MPSAFE]\nfwohci0: OHCI version 1.10 (ROM=1)\nfwohci0: No. of Isochronous channels is 4.\nfwohci0: EUI64 00:00:4c:01:07:00:30:e1\nfwohci0: Phy 1394a available S400, 2 ports.\nfwohci0: Link S400, max_rec 2048 bytes.\nfirewire0: \u003cIEEE1394(FireWire) bus\u003e on fwohci0\nfwe0: \u003cEthernet over FireWire\u003e on firewire0\nif_fwe0: Fake Ethernet address: 02:00:4c:00:30:e1\nfwe0: bpf attached\nfwe0: Ethernet address: 02:00:4c:00:30:e1\nfwe0: if_start running deferred for Giant\nsbp0: \u003cSBP-2/SCSI over FireWire\u003e on firewire0\nfwohci0: Initiate bus reset\nfwohci0: node_id=0xc000ffc0, gen=1, CYCLEMASTER mode\nfirewire0: 1 nodes, maxhop \u003c= 0, cable IRM = 0 (me)\nfirewire0: bus manager 0 (me)\nahc0: \u003cAdaptec 2940 Ultra SCSI adapter\u003e port 0xec00-0xecff mem 0xdd001000-0xdd001fff irq 11 at device 12.0 on pci0\nahc0: Defaulting to MEMIO off\nahc0: Reserved 0x100 bytes for rid 0x10 type 4 at 0xec00\nahc0: Reading SEEPROM...done.\nahc0: internal 50 cable not present, internal 68 cable is present\nahc0: external cable not present\nahc0: BIOS eeprom is present\nahc0: High byte termination Enabled\nahc0: Low byte termination Enabled\nahc0: Downloading Sequencer Program... 449 instructions downloaded\nahc0: Features 0x10005, Bugs 0x25, Flags 0x20481540\nahc0: [GIANT-LOCKED]\naic7880: Ultra Wide Channel A, SCSI Id=7, 16/253 SCBs\nacpi_tz0: \u003cThermal Zone\u003e on acpi0\nfdc0: \u003cfloppy drive controller\u003e port 0x3f7,0x3f2-0x3f5 irq 6 drq 2 on acpi0\nfdc0: ic_type 90 part_id 80\nfdc0: [MPSAFE]\nfdc0: [FAST]\nsio0: irq maps: 0x401 0x411 0x401 0x401\nsio0: \u003c16550A-compatible COM port\u003e port 0x3f8-0x3ff irq 4 flags 0x10 on acpi0\nsio0: type 16550A\nsio1: irq maps: 0x401 0x409 0x401 0x401\nsio1: \u003c16550A-compatible COM port\u003e port 0x2f8-0x2ff irq 3 on acpi0\nsio1: type 16550A\nunknown: not probed (disabled)\nppc0: using extended I/O port range\nppc0: SPP\nppc0: \u003cStandard parallel printer port\u003e port 0x378-0x37f irq 7 on acpi0\nppc0: Generic chipset (NIBBLE-only) in COMPATIBLE mode\nppbus0: \u003cParallel port bus\u003e on ppc0\nplip0: \u003cPLIP network interface\u003e on ppbus0\nplip0: bpf attached\nlpt0: \u003cPrinter\u003e on ppbus0\nlpt0: Interrupt-driven port\nppi0: \u003cParallel I/O\u003e on ppbus0\nunknown: not probed (disabled)\nunknown: not probed (disabled)\natkbdc0: \u003cKeyboard controller (i8042)\u003e port 0x64,0x60 irq 1 on acpi0\natkbd0: \u003cAT Keyboard\u003e irq 1 on atkbdc0\natkbd: the current kbd controller command byte 0067\natkbd: keyboard ID 0x41ab (2)\nkbd0 at atkbd0\nkbd0: atkbd0, AT 101/102 (2), config:0x0, flags:0x3d0000\natkbd0: [GIANT-LOCKED]\npsm0: unable to allocate IRQ\nunknown: not probed (disabled)\nunknown: not probed (disabled)\nunknown: not probed (disabled)\nata: ata0 already exists; skipping it\nata: ata1 already exists; skipping it\natkbdc: atkbdc0 already exists; skipping it\nfdc: fdc0 already exists; skipping it\nppc: ppc0 already exists; skipping it\nsio: sio0 already exists; skipping it\nsio: sio1 already exists; skipping it\nTrying Read_Port at 203\nTrying Read_Port at 243\nCTL0045: start dependent (0)\nCTL0045: adding irq mask 0x20\nCTL0045: adding dma mask 0x2\nCTL0045: adding dma mask 0x20\nCTL0045: adding io range 0x220-0x22f, size=0x10, align=0x1\nCTL0045: adding io range 0x330-0x331, size=0x2, align=0x1\nCTL0045: adding io range 0x388-0x38b, size=0x4, align=0x1\nCTL0045: start dependent (1)\nCTL0045: adding irq mask 0x6a0\nCTL0045: adding dma mask 0xb\nCTL0045: adding dma mask 0xe0\nCTL0045: adding io range 0x220-0x28f, size=0x10, align=0x20\nCTL0045: adding io range 0x300-0x331, size=0x2, align=0x30\nCTL0045: adding io range 0x388-0x38b, size=0x4, align=0x1\nCTL0045: start dependent (1)\nCTL0045: adding irq mask 0x6a0\nCTL0045: adding dma mask 0xb\nCTL0045: adding dma mask 0xe0\nCTL0045: adding io range 0x220-0x28f, size=0x10, align=0x20\nCTL0045: adding io range 0x300-0x331, size=0x2, align=0x30\nCTL0045: start dependent (1)\nCTL0045: adding irq mask 0x6a0\nCTL0045: adding dma mask 0xb\nCTL0045: adding dma mask 0xe0\nCTL0045: adding io range 0x220-0x28f, size=0x10, align=0x20\nCTL0045: start dependent (1)\nCTL0045: adding irq mask 0x6a0\nCTL0045: adding dma mask 0xb\nCTL0045: adding io range 0x220-0x28f, size=0x10, align=0x20\nCTL0045: adding io range 0x300-0x331, size=0x2, align=0x30\nCTL0045: adding io range 0x388-0x38b, size=0x4, align=0x1\nCTL0045: start dependent (1)\nCTL0045: adding irq mask 0x6a0\nCTL0045: adding dma mask 0xb\nCTL0045: adding io range 0x220-0x28f, size=0x10, align=0x20\nCTL0045: adding io range 0x300-0x331, size=0x2, align=0x30\nCTL0045: start dependent (1)\nCTL0045: adding irq mask 0x6a0\nCTL0045: adding dma mask 0xb\nCTL0045: adding io range 0x220-0x28f, size=0x10, align=0x20\nCTL0045: start dependent (2)\nCTL0045: adding irq mask 0x6a0\nCTL0045: adding dma mask 0xb\nCTL0045: adding dma mask 0xe0\nCTL0045: adding io range 0x220-0x28f, size=0x10, align=0x20\nCTL0045: adding io range 0x300-0x331, size=0x2, align=0x10\nCTL0045: adding io range 0x388-0x397, size=0x4, align=0x4\nCTL0045: end dependent\nCTL7002: start dependent (0)\nCTL7002: adding io range 0x200-0x207, size=0x8, align=0x1\nCTL7002: start dependent (1)\nCTL7002: adding io range 0x200-0x20f, size=0x8, align=0x8\nCTL7002: end dependent\nCTL0022: start dependent (0)\nCTL0022: adding io range 0x620-0x623, size=0x4, align=0x1\nCTL0022: start dependent (1)\nCTL0022: adding io range 0x620-0x683, size=0x4, align=0x20\nCTL0022: end dependent\nex_isa_identify()\nunknown: status reg test failed fe\nunknown: status reg test failed ff\nunknown: status reg test failed ff\nunknown: status reg test failed ff\nunknown: status reg test failed ff\nunknown: status reg test failed ff\nahc_isa_probe 14: ioport 0xec00 alloc failed\nsc: sc0 already exists; skipping it\nvga: vga0 already exists; skipping it\nisa_probe_children: disabling PnP devices\nisa_probe_children: probing non-PnP devices\norm0: \u003cISA Option ROMs\u003e at iomem 0xd4000-0xdafff,0xd0000-0xd3fff,0xc0000-0xccfff on isa0\npmtimer0 on isa0\nadv0: not probed (disabled)\naha0: not probed (disabled)\naic0: not probed (disabled)\nbt0: not probed (disabled)\ncs0: not probed (disabled)\ned0: not probed (disabled)\nfe0: not probed (disabled)\nie0: not probed (disabled)\nlnc0: not probed (disabled)\npcic0 failed to probe at port 0x3e0 iomem 0xd0000 on isa0\npcic1: not probed (disabled)\nsc0: \u003cSystem console\u003e at flags 0x100 on isa0\nsc0: VGA \u003c16 virtual consoles, flags=0x300\u003e\nsc0: fb0, kbd0, terminal emulator: sc (syscons terminal)\nsio2: not probed (disabled)\nsio3: not probed (disabled)\nsn0: not probed (disabled)\nvga0: \u003cGeneric ISA VGA\u003e at port 0x3c0-0x3df iomem 0xa0000-0xbffff on isa0\nfb0: vga0, vga, type:VGA (5), flags:0x7007f\nfb0: port:0x3c0-0x3df, crtc:0x3d4, mem:0xa0000 0x20000\nfb0: init mode:24, bios mode:3, current mode:24\nfb0: window:0xc00b8000 size:32k gran:32k, buf:0 size:32k\nvga0: vga: WARNING: video mode switching is not fully supported on this adapter\nVGA parameters upon power-up\n50 18 10 00 00 00 03 00 02 27 7e 4f 4f 82 51 03 \nb8 1f 00 4f 0e 0f 00 00 07 80 90 03 8f 28 1f 8f \nb9 a3 ff 00 01 02 03 04 05 14 07 38 39 3a 3b 3c \n3d 3e 3f 0c 00 0f 08 00 00 00 00 00 10 0e 00 ff \nVGA parameters in BIOS for mode 24\n50 18 10 00 10 00 03 00 02 67 5f 4f 50 82 55 81 \nbf 1f 00 4f 0d 0e 00 00 00 00 9c 8e 8f 28 1f 96 \nb9 a3 ff 00 01 02 03 04 05 14 07 38 39 3a 3b 3c \n3d 3e 3f 0c 00 0f 08 00 00 00 00 00 10 0e 00 ff \nEGA/VGA parameters to be used for mode 24\n50 18 10 00 00 00 03 00 02 27 7e 4f 4f 82 51 03 \nb8 1f 00 4f 0e 0f 00 00 07 80 90 03 8f 28 1f 8f \nb9 a3 ff 00 01 02 03 04 05 14 07 38 39 3a 3b 3c \n3d 3e 3f 0c 00 0f 08 00 00 00 00 00 10 0e 00 ff \nvt0: not probed (disabled)\nisa_probe_children: probing PnP devices\nadv1: Invalid baseport of 0x220 specified. Nearest valid baseport is 0x230.  Failing probe.\nunknown: \u003cAudio\u003e failed to probe at port 0x388-0x38b,0x330-0x331,0x220-0x22f irq 5 drq 5,1 on isa0\nadv1: Invalid baseport of 0x200 specified. Nearest valid baseport is 0x210.  Failing probe.\nunknown: \u003cGame\u003e failed to probe at port 0x200-0x207 on isa0\nadv1: Invalid baseport of 0x620 specified. Nearest valid baseport is 0x330.  Failing probe.\nunknown: \u003cWaveTable\u003e failed to probe at port 0x620-0x623 on isa0\nuhub1: ATEN International product 0x7000, class 9/0, rev 1.10/1.00, addr 2\nuhub1: 4 ports with 4 removable, self powered\nukbd0: CHICONY HP Basic USB Keyboard, rev 1.10/3.00, addr 3, iclass 3/1\nkbd: new array size 4\nkbd1 at ukbd0\nkbd1: ukbd0, generic (0), config:0x0, flags:0x1d0000\nums0: Genius NetScroll + Mini Traveler, rev 1.10/1.10, addr 4, iclass 3/1\nums0: 3 buttons and Z dir.\nuhub2: Texas Instruments TUSB2046 hub, class 9/0, rev 1.10/1.25, addr 5\nuhub2: 4 ports with 4 removable, self powered\nDevice configuration finished.\nprocfs registered\nTimecounter \"TSC\" frequency 800034252 Hz quality 800\nTimecounters tick every 10.000 msec\nlo0: bpf attached\nata0-master: pio=0x0c wdma=0x22 udma=0x45 cable=80pin\nata0-master: setting PIO4 on VIA 82C596B chip\nata0-master: setting UDMA66 on VIA 82C596B chip\nad0: \u003cSAMSUNG SP0802N/TK200-04\u003e ATA-7 disk at ata0-master\nad0: 76351MB (156368016 sectors), 155127 C, 16 H, 63 S, 512 B\nad0: 16 secs/int, 1 depth queue, UDMA66\nGEOM: new disk ad0\nar: FreeBSD check1 failed\nata1-slave: pio=0x0c wdma=0x22 udma=0xffffffff cable=40pin\nata1-master: pio=0x0c wdma=0x22 udma=0x44 cable=80pin\nata1-master: setting PIO4 on VIA 82C596B chip\nata1-slave: setting PIO4 on VIA 82C596B chip\n[0] f:00 typ:7 s(CHS):0/1/1 e(CHS):611/254/63 s:63 l:9831717\n[1] f:00 typ:6 s(CHS):612/0/1 e(CHS):651/254/63 s:9831780 l:642600\n[2] f:00 typ:15 s(CHS):652/0/1 e(CHS):1023/254/63 s:10474380 l:104936580\n[3] f:80 typ:165 s(CHS):1023/255/63 e(CHS):1023/254/63 s:115410960 l:40949685\nGEOM: Configure ad0s1, start 32256 length 5033839104 end 5033871359\nGEOM: Configure ad0s2, start 5033871360 length 329011200 end 5362882559\nGEOM: Configure ad0s3, start 5362882560 length 53727528960 end 59090411519\nGEOM: Configure ad0s4, start 59090411520 length 20966238720 end 80056650239\nMBREXT Slice 5 on ad0s3:\n[0] f:00 typ:6 s(CHS):652/1/1 e(CHS):777/254/63 s:63 l:2024127\n[1] f:00 typ:5 s(CHS):778/0/1 e(CHS):1023/254/63 s:2024190 l:4096575\nGEOM: Configure ad0s5, start 32256 length 1036353024 end 1036385279\nMBREXT Slice 6 on ad0s3:\n[0] f:00 typ:6 s(CHS):778/1/1 e(CHS):1023/254/63 s:63 l:4096512\n[1] f:00 typ:5 s(CHS):1023/0/1 e(CHS):1023/254/63 s:6120765 l:30716280\nGEOM: Configure ad0s6, start 1036417536 length 2097414144 end 3133831679\nMBREXT Slice 7 on ad0s3:\n[0] f:00 typ:7 s(CHS):1023/1/1 e(CHS):1023/254/63 s:63 l:30716217\n[1] f:00 typ:5 s(CHS):1023/0/1 e(CHS):1023/254/63 s:36837045 l:36869175\nGEOM: Configure ad0s7, start 3133863936 length 15726703104 end 18860567039\nMBREXT Slice 8 on ad0s3:\n[0] f:00 typ:7 s(CHS):1023/1/1 e(CHS):1023/254/63 s:63 l:36869112\n[1] f:00 typ:0 s(CHS):0/0/0 e(CHS):0/0/0 s:0 l:0\nGEOM: Configure ad0s8, start 18860599296 length 18876985344 end 37737584639\nGEOM: Configure ad0s4a, start 0 length 536870912 end 536870911\nGEOM: Configure ad0s4b, start 536870912 length 268435456 end 805306367\nGEOM: Configure ad0s4c, start 0 length 20966238720 end 20966238719\nGEOM: Configure ad0s4d, start 805306368 length 536870912 end 1342177279\nGEOM: Configure ad0s4e, start 1342177280 length 536870912 end 1879048191\nGEOM: Configure ad0s4f, start 1879048192 length 19087190528 end 20966238719\nacd0: \u003cPioneer DVD-ROM ATAPIModel DVD-119 0105/E1.05\u003e DVDROM drive at ata1 as master\nacd0: read 1594KB/s (6894KB/s), 256KB buffer, PIO4\nacd0: Reads: CDR, CDRW, CDDA stream, DVDROM, DVDR, packet\nacd0: Writes:\nacd0: Audio: play, 256 volume levels\nacd0: Mechanism: ejectable tray, unlocked\nacd0: Medium: CD-ROM 120mm data disc\nacd1: \u003cGCR-8521B/1.02\u003e CDROM drive at ata1 as slave\nacd1: read 8937KB/s (8937KB/s), 128KB buffer, PIO4\nacd1: Reads: CDR, CDRW, CDDA stream, packet\nacd1: Writes:\nacd1: Audio: play, 255 volume levels\nacd1: Mechanism: ejectable tray, unlocked, lock protected\nacd1: Medium: no/blank disc\nWaiting 15 seconds for SCSI devices to settle\n(noperiph:ahc0:0:-1:-1): SCSI bus reset delivered. 0 SCBs aborted.\n[0] f:61 typ:116 s(CHS):288/110/36 e(CHS):366/104/37 s:1701998624 l:1629516659\n[1] f:6e typ:101 s(CHS):107/121/32 e(CHS):10/121/13 s:1330184192 l:538976288\n[2] f:20 typ:83 s(CHS):345/32/19 e(CHS):324/77/19 s:538989391 l:1398362912\n[3] f:7f typ:187 s(CHS):65/1/0 e(CHS):128/0/7 s:-384957826 l:65344\n[0] f:61 typ:116 s(CHS):288/110/36 e(CHS):366/104/37 s:1701998624 l:1629516659\n[1] f:6e typ:101 s(CHS):107/121/32 e(CHS):10/121/13 s:1330184192 l:538976288\n[2] f:20 typ:83 s(CHS):345/32/19 e(CHS):324/77/19 s:538989391 l:1398362912\n[3] f:7f typ:187 s(CHS):65/1/0 e(CHS):128/0/7 s:-384957826 l:65344\n[0] f:69 typ:116 s(CHS):357/115/43 e(CHS):288/116/37 s:543452769 l:1953719666\n[1] f:61 typ:10 s(CHS):269/114/52 e(CHS):357/116/40 s:1937339168 l:778921332\n[2] f:0d typ:0 s(CHS):23/10/0 e(CHS):340/92/14 s:542262348 l:1663071081\n[3] f:6f typ:101 s(CHS):370/109/48 e(CHS):357/115/51 s:168636004 l:0\n[0] f:69 typ:116 s(CHS):357/115/43 e(CHS):288/116/37 s:543452769 l:1953719666\n[1] f:61 typ:10 s(CHS):269/114/52 e(CHS):357/116/40 s:1937339168 l:778921332\n[2] f:0d typ:0 s(CHS):23/10/0 e(CHS):340/92/14 s:542262348 l:1663071081\n[3] f:6f typ:101 s(CHS):370/109/48 e(CHS):357/115/51 s:168636004 l:0\n[0] f:00 typ:0 s(CHS):0/0/0 e(CHS):0/0/0 s:0 l:0\n[1] f:00 typ:0 s(CHS):0/0/0 e(CHS):0/0/0 s:0 l:0\n[2] f:00 typ:0 s(CHS):0/0/0 e(CHS):0/0/0 s:0 l:0\n[3] f:80 typ:165 s(CHS):0/0/1 e(CHS):1023/254/63 s:0 l:50000\n[0] f:00 typ:0 s(CHS):0/0/0 e(CHS):0/0/0 s:0 l:0\n[1] f:00 typ:0 s(CHS):0/0/0 e(CHS):0/0/0 s:0 l:0\n[2] f:00 typ:0 s(CHS):0/0/0 e(CHS):0/0/0 s:0 l:0\n[3] f:80 typ:165 s(CHS):0/0/1 e(CHS):1023/254/63 s:0 l:50000\n(probe0:sbp0:0:0:0): error 22\n(probe0:sbp0:0:0:0): Unretryable Error\n(probe1:sbp0:0:1:0): error 22\n(probe1:sbp0:0:1:0): Unretryable Error\n(probe2:sbp0:0:2:0): error 22\n(probe2:sbp0:0:2:0): Unretryable Error\n(probe3:sbp0:0:3:0): error 22\n(probe3:sbp0:0:3:0): Unretryable Error\n(probe4:sbp0:0:4:0): error 22\n(probe4:sbp0:0:4:0): Unretryable Error\n(probe5:sbp0:0:5:0): error 22\n(probe5:sbp0:0:5:0): Unretryable Error\n(probe6:sbp0:0:6:0): error 22\n(probe6:sbp0:0:6:0): Unretryable Error\nahc0: Selection Timeout on A:0. 0 SCBs aborted\nahc0: Selection Timeout on A:1. 0 SCBs aborted\nahc0: Selection Timeout on A:3. 0 SCBs aborted\nahc0: Selection Timeout on A:4. 0 SCBs aborted\nahc0: Selection Timeout on A:5. 0 SCBs aborted\nahc0: Selection Timeout on A:6. 0 SCBs aborted\nahc0: Selection Timeout on A:8. 0 SCBs aborted\nahc0: Selection Timeout on A:9. 0 SCBs aborted\nahc0: Selection Timeout on A:10. 0 SCBs aborted\nahc0: Selection Timeout on A:11. 0 SCBs aborted\nahc0: Selection Timeout on A:12. 0 SCBs aborted\nahc0: Selection Timeout on A:13. 0 SCBs aborted\nahc0: Selection Timeout on A:14. 0 SCBs aborted\nahc0: Selection Timeout on A:15. 0 SCBs aborted\n(probe9:ahc0:0:2:0): Retrying Command\n(ahc0:A:2:0): Sending WDTR 1\n(ahc0:A:2:0): Received WDTR 1 filtered to 1\nahc0: target 2 using 16bit transfers\n(ahc0:A:2:0): Sending SDTR period c, offset 8\n(ahc0:A:2:0): Received SDTR period c, offset 8\n\tFiltered to period c, offset 8\nahc0: target 2 synchronous at 20.0MHz, offset = 0x8\npass0 at ahc0 bus 0 target 2 lun 0\npass0: \u003cQUANTUM ATLAS IV 9 WLS 0A0A\u003e Fixed Direct Access SCSI-3 device \npass0: Serial Number 369929932513\npass0: 40.000MB/s transfers (20.000MHz, offset 8, 16bit), Tagged Queueing Enabled\nda0 at ahc0 bus 0 target 2 lun 0\nda0: \u003cQUANTUM ATLAS IV 9 WLS 0A0A\u003e Fixed Direct Access SCSI-3 device \nda0: Serial Number 369929932513\nda0: 40.000MB/s transfers (20.000MHz, offset 8, 16bit), Tagged Queueing Enabled\nda0: 8761MB (17942584 512 byte sectors: 255H 63S/T 1116C)\nGEOM: new disk da0\n[0] f:00 typ:181 s(CHS):0/1/1 e(CHS):242/254/63 s:63 l:3903732\n[1] f:80 typ:165 s(CHS):243/0/1 e(CHS):485/254/63 s:3903795 l:3903795\n[2] f:00 typ:181 s(CHS):486/0/1 e(CHS):728/254/63 s:7807590 l:3903795\n[3] f:00 typ:5 s(CHS):729/0/1 e(CHS):910/254/63 s:11711385 l:2923830\nGEOM: Configure da0s1, start 32256 length 1998710784 end 1998743039\nGEOM: Configure da0s2, start 1998743040 length 1998743040 end 3997486079\nGEOM: Configure da0s3, start 3997486080 length 1998743040 end 5996229119\nGEOM: Configure da0s4, start 5996229120 length 1497000960 end 7493230079\nGEOM: Configure da0s2a, start 0 length 1782579200 end 1782579199\nGEOM: Configure da0s2b, start 1782579200 length 216163840 end 1998743039\nGEOM: Configure da0s2c, start 0 length 1998743040 end 1998743039\nMBREXT Slice 5 on da0s4:\n[0] f:80 typ:131 s(CHS):729/1/1 e(CHS):910/254/63 s:63 l:2923767\n[1] f:00 typ:0 s(CHS):0/0/0 e(CHS):0/0/0 s:0 l:0\nGEOM: Configure da0s5, start 32256 length 1496968704 end 1497000959\n[0] f:00 typ:0 s(CHS):0/0/0 e(CHS):0/0/0 s:0 l:0\n[1] f:00 typ:0 s(CHS):0/0/0 e(CHS):0/0/0 s:0 l:0\n[2] f:00 typ:0 s(CHS):0/0/0 e(CHS):0/0/0 s:0 l:0\n[3] f:80 typ:165 s(CHS):0/0/1 e(CHS):1023/254/63 s:0 l:50000\n[0] f:00 typ:0 s(CHS):0/0/0 e(CHS):0/0/0 s:0 l:0\n[1] f:00 typ:0 s(CHS):0/0/0 e(CHS):0/0/0 s:0 l:0\n[2] f:00 typ:0 s(CHS):0/0/0 e(CHS):0/0/0 s:0 l:0\n[3] f:80 typ:165 s(CHS):0/0/1 e(CHS):1023/254/63 s:0 l:50000\n[0] f:00 typ:0 s(CHS):0/0/0 e(CHS):0/0/0 s:0 l:0\n[1] f:00 typ:0 s(CHS):0/0/0 e(CHS):0/0/0 s:0 l:0\n[2] f:00 typ:0 s(CHS):0/0/0 e(CHS):0/0/0 s:0 l:0\n[3] f:00 typ:0 s(CHS):0/0/0 e(CHS):0/0/0 s:0 l:0\nMounting root from ufs:/dev/da0s2a\nstart_init: trying /sbin/init\n\n\n##### FreeBSD 6.2-RELEASE (generic) dmesg:\n------------------------------------------\nCopyright (c) 1992-2007 The FreeBSD Project.\nCopyright (c) 1979, 1980, 1983, 1986, 1988, 1989, 1991, 1992, 1993, 1994\n\tThe Regents of the University of California. All rights reserved.\nFreeBSD is a registered trademark of The FreeBSD Foundation.\nFreeBSD 6.2-RELEASE #0: Fri Jan 12 10:40:27 UTC 2007\n    root@dessler.cse.buffalo.edu:/usr/obj/usr/src/sys/GENERIC\nTimecounter \"i8254\" frequency 1193182 Hz quality 0\nCPU: Intel Pentium III (800.04-MHz 686-class CPU)\n  Origin = \"GenuineIntel\"  Id = 0x683  Stepping = 3\n  Features=0x383f9ff\u003cFPU,VME,DE,PSE,TSC,MSR,PAE,MCE,CX8,SEP,MTRR,PGE,MCA,CMOV,PAT,PSE36,MMX,FXSR,SSE\u003e\nreal memory  = 805240832 (767 MB)\navail memory = 778620928 (742 MB)\nkbd1 at kbdmux0\nath_hal: 0.9.17.2 (AR5210, AR5211, AR5212, RF5111, RF5112, RF2413, RF5413)\nacpi0: \u003cVIA692 AWRDACPI\u003e on motherboard\nacpi0: Power Button (fixed)\nTimecounter \"ACPI-safe\" frequency 3579545 Hz quality 1000\nacpi_timer0: \u003c24-bit timer at 3.579545MHz\u003e port 0x4008-0x400b on acpi0\ncpu0: \u003cACPI CPU\u003e on acpi0\nacpi_throttle0: \u003cACPI CPU Throttling\u003e on cpu0\nacpi_button0: \u003cPower Button\u003e on acpi0\npcib0: \u003cACPI Host-PCI bridge\u003e port 0xcf8-0xcff,0x4000-0x407f,0x4080-0x40ff,0x5000-0x500f on acpi0\npci0: \u003cACPI PCI bus\u003e on pcib0\nagp0: \u003cVIA 82C691 (Apollo Pro) host to PCI bridge\u003e mem 0xd8000000-0xd9ffffff at device 0.0 on pci0\npcib1: \u003cPCI-PCI bridge\u003e at device 1.0 on pci0\npci1: \u003cPCI bus\u003e on pcib1\npci1: \u003cdisplay, VGA\u003e at device 0.0 (no driver attached)\nisab0: \u003cPCI-ISA bridge\u003e at device 7.0 on pci0\nisa0: \u003cISA bus\u003e on isab0\natapci0: \u003cVIA 82C596B UDMA66 controller\u003e port 0x1f0-0x1f7,0x3f6,0x170-0x177,0x376,0xe000-0xe00f at device 7.1 on pci0\nata0: \u003cATA channel 0\u003e on atapci0\nata1: \u003cATA channel 1\u003e on atapci0\nuhci0: \u003cVIA 83C572 USB controller\u003e port 0xe400-0xe41f irq 12 at device 7.2 on pci0\nuhci0: [GIANT-LOCKED]\nusb0: \u003cVIA 83C572 USB controller\u003e on uhci0\nusb0: USB revision 1.0\nuhub0: VIA UHCI root hub, class 9/0, rev 1.00/1.00, addr 1\nuhub0: 2 ports with 2 removable, self powered\npci0: \u003cbridge, HOST-PCI\u003e at device 7.3 (no driver attached)\nrl0: \u003cRealTek 8139 10/100BaseTX\u003e port 0xe800-0xe8ff mem 0xdd002000-0xdd0020ff irq 11 at device 8.0 on pci0\nmiibus0: \u003cMII bus\u003e on rl0\nrlphy0: \u003cRealTek internal media interface\u003e on miibus0\nrlphy0:  10baseT, 10baseT-FDX, 100baseTX, 100baseTX-FDX, auto\nrl0: Ethernet address: 00:40:f4:64:4d:d5\nfwohci0: \u003cNEC uPD72873\u003e mem 0xdd000000-0xdd000fff irq 10 at device 9.0 on pci0\nfwohci0: OHCI version 1.10 (ROM=1)\nfwohci0: No. of Isochronous channels is 4.\nfwohci0: EUI64 00:00:4c:01:07:00:30:e1\nfwohci0: Phy 1394a available S400, 2 ports.\nfwohci0: Link S400, max_rec 2048 bytes.\nfirewire0: \u003cIEEE1394(FireWire) bus\u003e on fwohci0\nfwe0: \u003cEthernet over FireWire\u003e on firewire0\nif_fwe0: Fake Ethernet address: 02:00:4c:00:30:e1\nfwe0: Ethernet address: 02:00:4c:00:30:e1\nfwe0: if_start running deferred for Giant\nsbp0: \u003cSBP-2/SCSI over FireWire\u003e on firewire0\nfwohci0: Initiate bus reset\nfwohci0: node_id=0xc000ffc0, gen=1, CYCLEMASTER mode\nfirewire0: 1 nodes, maxhop \u003c= 0, cable IRM = 0 (me)\nfirewire0: bus manager 0 (me)\nahc0: \u003cAdaptec 2940 Ultra SCSI adapter\u003e port 0xec00-0xecff mem 0xdd001000-0xdd001fff irq 11 at device 12.0 on pci0\nahc0: [GIANT-LOCKED]\naic7880: Ultra Wide Channel A, SCSI Id=7, 16/253 SCBs\nacpi_tz0: \u003cThermal Zone\u003e on acpi0\nfdc0: \u003cfloppy drive controller\u003e port 0x3f2-0x3f5,0x3f7 irq 6 drq 2 on a"
}