{
 "id": 399982,
 "bug_id": 114213,
 "attachment_id": 0,
 "creation_time": "2008-01-29T13:23:25Z",
 "creator": "wforms@Safe-mail.net",
 "text": "Re: kern/114213: [ata] optical drive not detected in the 6.x series of FreeBSD/i386 (regression)\n\nYES, it is still an issue with FreeBSD 6.3.\nI just tested 6.3 on the very same two computers (same hw config) my original report was based on.\n\n1., My old PIII/800 desktop is a Slot-1 Soltek SL67-EV1/FV1 based system with 3x256MB SD-RAM, a Samsung 160GB hdd as primary master (no primary slave device), a Pioneer DVD reader as secondary master AND an LG CD-ROM reader as secondary slave.\nI booted off of the FreeBSD 6.3-RELEASE Install CD in the DVD reader. The system nicely boots up and the first sysinstall menu is displayed, but the DVD drive did not show up in dmesg (the LG CD-ROM drive did).\nThis is exactly how 6.2R and 6.1R behaved on this hardware.\nWhen sysinstall showed up, I had to move the boot CD from the DVD reader to the CD-ROM drive and use the FIXIT shell, otherwise FIXIT didn't start either (Please insert CD ...). The verbose boot message below was generated using the FIXIT shell from the CD.\n\n\u003cinclude\u003e\nCopyright (c) 1992-2008 The FreeBSD Project.\nCopyright (c) 1979, 1980, 1983, 1986, 1988, 1989, 1991, 1992, 1993, 1994\n\tThe Regents of the University of California. All rights reserved.\nFreeBSD is a registered trademark of The FreeBSD Foundation.\nFreeBSD 6.3-RELEASE #0: Wed Jan 16 04:18:52 UTC 2008\n    root@dessler.cse.buffalo.edu:/usr/obj/usr/src/sys/GENERIC\nPreloaded elf kernel \"/boot/kernel/kernel\" at 0xc1037000.\nPreloaded mfs_root \"/boot/mfsroot\" at 0xc1037160.\nPreloaded elf module \"/boot/kernel/acpi.ko\" at 0xc10371a4.\nCalibrating clock(s) ... i8254 clock: 1193237 Hz\nCLK_USE_I8254_CALIBRATION not specified - using default frequency\nTimecounter \"i8254\" frequency 1193182 Hz quality 0\nCalibrating TSC clock ... TSC clock: 800034404 Hz\nCPU: Intel Pentium III (800.03-MHz 686-class CPU)\n  Origin = \"GenuineIntel\"  Id = 0x683  Stepping = 3\n  Features=0x383f9ff\u003cFPU,VME,DE,PSE,TSC,MSR,PAE,MCE,CX8,SEP,MTRR,PGE,MCA,CMOV,PAT,PSE36,MMX,FXSR,SSE\u003e\nreal memory  = 805240832 (767 MB)\nPhysical memory chunk(s):\n0x0000000000001000 - 0x000000000009ffff, 651264 bytes (159 pages)\n0x0000000000100000 - 0x00000000003fffff, 3145728 bytes (768 pages)\n0x0000000001425000 - 0x000000002f229fff, 769675264 bytes (187909 pages)\navail memory = 770240512 (734 MB)\nbios32: Found BIOS32 Service Directory header at 0xc00fadc0\nbios32: Entry = 0xfb240 (c00fb240)  Rev = 0  Len = 1\npcibios: PCI BIOS entry at 0xf0000+0xb270\npnpbios: Found PnP BIOS data at 0xc00fbf30\npnpbios: Entry = f0000:bf58  Rev = 1.0\nOther BIOS signatures found:\nwlan: \u003c802.11 Link Layer\u003e\nath_rate: version 1.2 \u003cSampleRate bit-rate selection algorithm\u003e\nnull: \u003cnull device, zero device\u003e\nrandom: \u003centropy source, Software, Yarrow\u003e\nnfslock: pseudo-device\nio: \u003cI/O\u003e\nkbd: new array size 4\nkbd1 at kbdmux0\nmem: \u003cmemory\u003e\nPentium Pro MTRR support enabled\nath_hal: 0.9.20.3 (AR5210, AR5211, AR5212, RF5111, RF5112, RF2413, RF5413)\nrr232x: RocketRAID 232x controller driver v1.02 (Jan 16 2008 04:16:21)\nhptrr: HPT RocketRAID controller driver v1.1 (Jan 16 2008 04:16:19)\nnpx0: INT 16 interface\nacpi0: \u003cVIA692 AWRDACPI\u003e on motherboard\nacpi0: [MPSAFE]\npci_open(1):\tmode 1 addr port (0x0cf8) is 0x80000060\npci_open(1a):\tmode1res=0x80000000 (0x80000000)\npci_cfgcheck:\tdevice 0 [class=060000] [hdr=00] is there (id=06911106)\npcibios: BIOS version 2.10\nacpi_bus_number: root bus has no _BBN, assuming 0\nAcpiOsDerivePciId: \\\\_SB_.PCI0.VT86.PIRQ -\u003e bus 0 dev 7 func 0\nacpi0: Power Button (fixed)\nacpi0: wakeup code va 0xd4145000 pa 0x9e000\nACPI timer: 0/3 0/4 0/3 0/6 0/3 0/4 0/3 0/6 1/1 0/3 -\u003e 1\nTimecounter \"ACPI-safe\" frequency 3579545 Hz quality 850\nacpi_timer0: \u003c24-bit timer at 3.579545MHz\u003e port 0x4008-0x400b on acpi0\npci_link0:        Index  IRQ  Rtd  Ref  IRQs\n  Initial Probe       0   11   N     0  1 3 4 5 6 7 10 11 12 14 15\n  Validation          0   11   N     0  1 3 4 5 6 7 10 11 12 14 15\n  After Disable       0  255   N     0  1 3 4 5 6 7 10 11 12 14 15\npci_link1:        Index  IRQ  Rtd  Ref  IRQs\n  Initial Probe       0   10   N     0  1 3 4 5 6 7 10 11 12 14 15\n  Validation          0   10   N     0  1 3 4 5 6 7 10 11 12 14 15\n  After Disable       0  255   N     0  1 3 4 5 6 7 10 11 12 14 15\npci_link2:        Index  IRQ  Rtd  Ref  IRQs\n  Initial Probe       0  255   N     0  1 3 4 5 6 7 10 11 12 14 15\n  Validation          0  255   N     0  1 3 4 5 6 7 10 11 12 14 15\n  After Disable       0  255   N     0  1 3 4 5 6 7 10 11 12 14 15\npci_link3:        Index  IRQ  Rtd  Ref  IRQs\n  Initial Probe       0   12   N     0  1 3 4 5 6 7 10 11 12 14 15\n  Validation          0   12   N     0  1 3 4 5 6 7 10 11 12 14 15\n  After Disable       0  255   N     0  1 3 4 5 6 7 10 11 12 14 15\ncpu0: \u003cACPI CPU\u003e on acpi0\ncpu0: switching to generic Cx mode\nacpi_throttle0: \u003cACPI CPU Throttling\u003e on cpu0\nacpi_throttle0: P_CNT from P_BLK 0x4010\nacpi_button0: \u003cPower Button\u003e on acpi0\npcib0: \u003cACPI Host-PCI bridge\u003e port 0xcf8-0xcff,0x4000-0x407f,0x4080-0x40ff,0x5000-0x500f on acpi0\nACPI: Found matching pin for 0.8.INTA at func 0: 11\nACPI: Found matching pin for 0.9.INTA at func 0: 10\nACPI: Found matching pin for 0.12.INTA at func 0: 11\nACPI: Found matching pin for 0.7.INTD at func 2: 12\npci0: \u003cACPI PCI bus\u003e on pcib0\npci0: physical bus=0\nfound-\u003e\tvendor=0x1106, dev=0x0691, revid=0x44\n\tbus=0, slot=0, func=0\n\tclass=06-00-00, hdrtype=0x00, mfdev=0\n\tcmdreg=0x0006, statreg=0x2210, cachelnsz=0 (dwords)\n\tlattimer=0x00 (0 ns), mingnt=0x00 (0 ns), maxlat=0x00 (0 ns)\n\tmap[10]: type 3, range 32, base d8000000, size 25, enabled\nfound-\u003e\tvendor=0x1106, dev=0x8598, revid=0x00\n\tbus=0, slot=1, func=0\n\tclass=06-04-00, hdrtype=0x01, mfdev=0\n\tcmdreg=0x0007, statreg=0x2230, cachelnsz=0 (dwords)\n\tlattimer=0x00 (0 ns), mingnt=0x0c (3000 ns), maxlat=0x00 (0 ns)\n\tpowerspec 2  supports D0 D1 D3  current D0\nfound-\u003e\tvendor=0x1106, dev=0x0596, revid=0x23\n\tbus=0, slot=7, func=0\n\tclass=06-01-00, hdrtype=0x00, mfdev=1\n\tcmdreg=0x0087, statreg=0x0200, cachelnsz=0 (dwords)\n\tlattimer=0x00 (0 ns), mingnt=0x00 (0 ns), maxlat=0x00 (0 ns)\nfound-\u003e\tvendor=0x1106, dev=0x0571, revid=0x10\n\tbus=0, slot=7, func=1\n\tclass=01-01-8a, hdrtype=0x00, mfdev=0\n\tcmdreg=0x0007, statreg=0x0290, cachelnsz=0 (dwords)\n\tlattimer=0x20 (960 ns), mingnt=0x00 (0 ns), maxlat=0x00 (0 ns)\n\tpowerspec 2  supports D0 D3  current D0\n\tmap[20]: type 4, range 32, base 0000e000, size  4, enabled\nfound-\u003e\tvendor=0x1106, dev=0x3038, revid=0x11\n\tbus=0, slot=7, func=2\n\tclass=0c-03-00, hdrtype=0x00, mfdev=0\n\tcmdreg=0x0007, statreg=0x0210, cachelnsz=8 (dwords)\n\tlattimer=0x20 (960 ns), mingnt=0x00 (0 ns), maxlat=0x00 (0 ns)\n\tintpin=d, irq=12\n\tpowerspec 2  supports D0 D3  current D0\n\tmap[20]: type 4, range 32, base 0000e400, size  5, enabled\npcib0: matched entry for 0.7.INTD (src \\\\_SB_.PCI0.LNKD:0)\npcib0: slot 7 INTD routed to irq 12 via \\\\_SB_.PCI0.LNKD\nfound-\u003e\tvendor=0x1106, dev=0x3050, revid=0x30\n\tbus=0, slot=7, func=3\n\tclass=06-00-00, hdrtype=0x00, mfdev=0\n\tcmdreg=0x0000, statreg=0x0280, cachelnsz=0 (dwords)\n\tlattimer=0x00 (0 ns), mingnt=0x00 (0 ns), maxlat=0x00 (0 ns)\nfound-\u003e\tvendor=0x10ec, dev=0x8139, revid=0x10\n\tbus=0, slot=8, func=0\n\tclass=02-00-00, hdrtype=0x00, mfdev=0\n\tcmdreg=0x0007, statreg=0x0290, cachelnsz=0 (dwords)\n\tlattimer=0x20 (960 ns), mingnt=0x20 (8000 ns), maxlat=0x40 (16000 ns)\n\tintpin=a, irq=11\n\tpowerspec 2  supports D0 D1 D2 D3  current D0\n\tmap[10]: type 4, range 32, base 0000e800, size  8, enabled\n\tmap[14]: type 1, range 32, base dd002000, size  8, enabled\npcib0: matched entry for 0.8.INTA (src \\\\_SB_.PCI0.LNKA:0)\npcib0: slot 8 INTA routed to irq 11 via \\\\_SB_.PCI0.LNKA\nfound-\u003e\tvendor=0x1033, dev=0x00e7, revid=0x01\n\tbus=0, slot=9, func=0\n\tclass=0c-00-10, hdrtype=0x00, mfdev=0\n\tcmdreg=0x0006, statreg=0x0290, cachelnsz=8 (dwords)\n\tlattimer=0x20 (960 ns), mingnt=0x00 (0 ns), maxlat=0x00 (0 ns)\n\tintpin=a, irq=10\n\tpowerspec 2  supports D0 D1 D2 D3  current D0\n\tmap[10]: type 1, range 32, base dd000000, size 12, enabled\npcib0: matched entry for 0.9.INTA (src \\\\_SB_.PCI0.LNKB:0)\npcib0: slot 9 INTA routed to irq 10 via \\\\_SB_.PCI0.LNKB\nfound-\u003e\tvendor=0x9004, dev=0x8178, revid=0x00\n\tbus=0, slot=12, func=0\n\tclass=01-00-00, hdrtype=0x00, mfdev=0\n\tcmdreg=0x0007, statreg=0x0280, cachelnsz=8 (dwords)\n\tlattimer=0x20 (960 ns), mingnt=0x08 (2000 ns), maxlat=0x08 (2000 ns)\n\tintpin=a, irq=11\n\tmap[10]: type 4, range 32, base 0000ec00, size  8, enabled\n\tmap[14]: type 1, range 32, base dd001000, size 12, enabled\npcib0: matched entry for 0.12.INTA (src \\\\_SB_.PCI0.LNKA:0)\npcib0: slot 12 INTA routed to irq 11 via \\\\_SB_.PCI0.LNKA\nagp0: \u003cVIA 82C691 (Apollo Pro) host to PCI bridge\u003e mem 0xd8000000-0xd9ffffff at device 0.0 on pci0\nagp0: Reserved 0x2000000 bytes for rid 0x10 type 3 at 0xd8000000\nagp0: allocating GATT for aperture of size 256M\npcib1: \u003cPCI-PCI bridge\u003e at device 1.0 on pci0\npcib1:   secondary bus     1\npcib1:   subordinate bus   1\npcib1:   I/O decode        0xd000-0xdfff\npcib1:   memory decode     0xda000000-0xdbffffff\npcib1:   prefetched decode 0xd0000000-0xd7ffffff\npci1: \u003cPCI bus\u003e on pcib1\npci1: physical bus=1\nfound-\u003e\tvendor=0x1002, dev=0x5159, revid=0x00\n\tbus=1, slot=0, func=0\n\tclass=03-00-00, hdrtype=0x00, mfdev=0\n\tcmdreg=0x0087, statreg=0x02b0, cachelnsz=8 (dwords)\n\tlattimer=0x20 (960 ns), mingnt=0x08 (2000 ns), maxlat=0x00 (0 ns)\n\tintpin=a, irq=11\n\tpowerspec 2  supports D0 D1 D2 D3  current D0\n\tmap[10]: type 3, range 32, base d0000000, size 27, enabled\npcib1: requested memory range 0xd0000000-0xd7ffffff: good\n\tmap[14]: type 4, range 32, base 0000d000, size  8, enabled\npcib1: requested I/O range 0xd000-0xd0ff: in range\n\tmap[18]: type 1, range 32, base db000000, size 16, enabled\npcib1: requested memory range 0xdb000000-0xdb00ffff: good\npcib0: matched entry for 0.1.INTA (src \\\\_SB_.PCI0.LNKA:0)\npcib0: slot 1 INTA routed to irq 11 via \\\\_SB_.PCI0.LNKA\npcib1: slot 0 INTA is routed to irq 11\npci1: \u003cdisplay, VGA\u003e at device 0.0 (no driver attached)\nisab0: \u003cPCI-ISA bridge\u003e at device 7.0 on pci0\nisa0: \u003cISA bus\u003e on isab0\natapci0: \u003cVIA 82C596B UDMA66 controller\u003e port 0x1f0-0x1f7,0x3f6,0x170-0x177,0x376,0xe000-0xe00f at device 7.1 on pci0\natapci0: Reserved 0x10 bytes for rid 0x20 type 4 at 0xe000\nata0: \u003cATA channel 0\u003e on atapci0\natapci0: Reserved 0x8 bytes for rid 0x10 type 4 at 0x1f0\natapci0: Reserved 0x1 bytes for rid 0x14 type 4 at 0x3f6\nata0: reset tp1 mask=03 ostat0=50 ostat1=00\nata0: stat0=0x50 err=0x01 lsb=0x00 msb=0x00\nata0: stat1=0x00 err=0x01 lsb=0x00 msb=0x00\nata0: reset tp2 stat0=50 stat1=00 devices=0x1\u003cATA_MASTER\u003e\nata0: [MPSAFE]\nata1: \u003cATA channel 1\u003e on atapci0\natapci0: Reserved 0x8 bytes for rid 0x18 type 4 at 0x170\natapci0: Reserved 0x1 bytes for rid 0x1c type 4 at 0x376\nata1: reset tp1 mask=03 ostat0=50 ostat1=50\nata1: stat0=0x00 err=0x01 lsb=0x14 msb=0xeb\nata1: stat1=0x00 err=0x01 lsb=0x14 msb=0xeb\nata1: reset tp2 stat0=00 stat1=00 devices=0xc\u003cATAPI_SLAVE,ATAPI_MASTER\u003e\nata1: [MPSAFE]\nuhci0: \u003cVIA 83C572 USB controller\u003e port 0xe400-0xe41f irq 12 at device 7.2 on pci0\nuhci0: Reserved 0x20 bytes for rid 0x20 type 4 at 0xe400\nuhci0: [GIANT-LOCKED]\nusb0: \u003cVIA 83C572 USB controller\u003e on uhci0\nusb0: USB revision 1.0\nuhub0: VIA UHCI root hub, class 9/0, rev 1.00/1.00, addr 1\nuhub0: 2 ports with 2 removable, self powered\npci0: \u003cbridge, HOST-PCI\u003e at device 7.3 (no driver attached)\nre0: Reserved 0x100 bytes for rid 0x10 type 4 at 0xe800\nrl0: \u003cRealTek 8139 10/100BaseTX\u003e port 0xe800-0xe8ff mem 0xdd002000-0xdd0020ff irq 11 at device 8.0 on pci0\nmiibus0: \u003cMII bus\u003e on rl0\nrlphy0: \u003cRealTek internal media interface\u003e on miibus0\nrlphy0:  10baseT, 10baseT-FDX, 100baseTX, 100baseTX-FDX, auto\nrl0: bpf attached\nrl0: Ethernet address: 00:40:f4:64:4d:d5\nrl0: [MPSAFE]\nfwohci0: \u003cNEC uPD72873\u003e mem 0xdd000000-0xdd000fff irq 10 at device 9.0 on pci0\nfwohci0: Reserved 0x1000 bytes for rid 0x10 type 3 at 0xdd000000\nfwohci0: [MPSAFE]\nfwohci0: OHCI version 1.10 (ROM=1)\nfwohci0: No. of Isochronous channels is 4.\nfwohci0: EUI64 00:00:4c:01:07:00:30:e1\nfwohci0: Phy 1394a available S400, 2 ports.\nfwohci0: Link S400, max_rec 2048 bytes.\nfirewire0: \u003cIEEE1394(FireWire) bus\u003e on fwohci0\nfwe0: \u003cEthernet over FireWire\u003e on firewire0\nif_fwe0: Fake Ethernet address: 02:00:4c:00:30:e1\nfwe0: bpf attached\nfwe0: Ethernet address: 02:00:4c:00:30:e1\nfwe0: if_start running deferred for Giant\nsbp0: \u003cSBP-2/SCSI over FireWire\u003e on firewire0\nfwohci0: Initiate bus reset\nfwohci0: BUS reset\nfwohci0: node_id=0xc000ffc0, gen=1, CYCLEMASTER mode\nfirewire0: 1 nodes, maxhop \u003c= 0, cable IRM = 0 (me)\nfirewire0: bus manager 0 (me)\nahc0: \u003cAdaptec 2940 Ultra SCSI adapter\u003e port 0xec00-0xecff mem 0xdd001000-0xdd001fff irq 11 at device 12.0 on pci0\nahc0: Defaulting to MEMIO off\nahc0: Reserved 0x100 bytes for rid 0x10 type 4 at 0xec00\nahc0: Reading SEEPROM...done.\nahc0: internal 50 cable not present, internal 68 cable not present\nahc0: external cable not present\nahc0: BIOS eeprom is present\nahc0: High byte termination Enabled\nahc0: Low byte termination Enabled\nahc0: Downloading Sequencer Program... 449 instructions downloaded\nahc0: Features 0x10005, Bugs 0x25, Flags 0x20481540\nahc0: [GIANT-LOCKED]\naic7880: Ultra Wide Channel A, SCSI Id=7, 16/253 SCBs\nacpi_tz0: \u003cThermal Zone\u003e on acpi0\nfdc0: \u003cfloppy drive controller\u003e port 0x3f2-0x3f5,0x3f7 irq 6 drq 2 on acpi0\nfdc0: ic_type 90 part_id 80\nfdc0: [MPSAFE]\nfdc0: [FAST]\nsio0: irq maps: 0x401 0x411 0x401 0x401\nsio0: \u003c16550A-compatible COM port\u003e port 0x3f8-0x3ff irq 4 flags 0x10 on acpi0\nsio0: type 16550A\nsio1: irq maps: 0x401 0x409 0x401 0x401\nsio1: \u003c16550A-compatible COM port\u003e port 0x2f8-0x2ff irq 3 on acpi0\nsio1: type 16550A\nppc0: using extended I/O port range\nppc0: SPP\nppc0: \u003cStandard parallel printer port\u003e port 0x378-0x37f irq 7 on acpi0\nppc0: Generic chipset (NIBBLE-only) in COMPATIBLE mode\nppbus0: \u003cParallel port bus\u003e on ppc0\nplip0: \u003cPLIP network interface\u003e on ppbus0\nplip0: bpf attached\nlpt0: \u003cPrinter\u003e on ppbus0\nlpt0: Interrupt-driven port\nppi0: \u003cParallel I/O\u003e on ppbus0\nunknown: status reg test failed fe\nunknown: status reg test failed ff\nunknown: status reg test failed ff\nunknown: status reg test failed ff\nunknown: status reg test failed ff\nunknown: status reg test failed ff\nex_isa_identify()\nata: ata0 already exists; skipping it\nata: ata1 already exists; skipping it\nfdc: fdc0 already exists; skipping it\nppc: ppc0 already exists; skipping it\nsio: sio0 already exists; skipping it\nsio: sio1 already exists; skipping it\npnp_identify: Trying Read_Port at 203\npnp_identify: Trying Read_Port at 243\nCTL0045: start dependent (0)\nCTL0045: adding irq mask 0x20\nCTL0045: adding dma mask 0x2\nCTL0045: adding dma mask 0x20\nCTL0045: adding io range 0x220-0x22f, size=0x10, align=0x1\nCTL0045: adding io range 0x330-0x331, size=0x2, align=0x1\nCTL0045: adding io range 0x388-0x38b, size=0x4, align=0x1\nCTL0045: start dependent (1)\nCTL0045: adding irq mask 0x6a0\nCTL0045: adding dma mask 0xb\nCTL0045: adding dma mask 0xe0\nCTL0045: adding io range 0x220-0x28f, size=0x10, align=0x20\nCTL0045: adding io range 0x300-0x331, size=0x2, align=0x30\nCTL0045: adding io range 0x388-0x38b, size=0x4, align=0x1\nCTL0045: start dependent (1)\nCTL0045: adding irq mask 0x6a0\nCTL0045: adding dma mask 0xb\nCTL0045: adding dma mask 0xe0\nCTL0045: adding io range 0x220-0x28f, size=0x10, align=0x20\nCTL0045: adding io range 0x300-0x331, size=0x2, align=0x30\nCTL0045: start dependent (1)\nCTL0045: adding irq mask 0x6a0\nCTL0045: adding dma mask 0xb\nCTL0045: adding dma mask 0xe0\nCTL0045: adding io range 0x220-0x28f, size=0x10, align=0x20\nCTL0045: start dependent (1)\nCTL0045: adding irq mask 0x6a0\nCTL0045: adding dma mask 0xb\nCTL0045: adding io range 0x220-0x28f, size=0x10, align=0x20\nCTL0045: adding io range 0x300-0x331, size=0x2, align=0x30\nCTL0045: adding io range 0x388-0x38b, size=0x4, align=0x1\nCTL0045: start dependent (1)\nCTL0045: adding irq mask 0x6a0\nCTL0045: adding dma mask 0xb\nCTL0045: adding io range 0x220-0x28f, size=0x10, align=0x20\nCTL0045: adding io range 0x300-0x331, size=0x2, align=0x30\nCTL0045: start dependent (1)\nCTL0045: adding irq mask 0x6a0\nCTL0045: adding dma mask 0xb\nCTL0045: adding io range 0x220-0x28f, size=0x10, align=0x20\nCTL0045: start dependent (2)\nCTL0045: adding irq mask 0x6a0\nCTL0045: adding dma mask 0xb\nCTL0045: adding dma mask 0xe0\nCTL0045: adding io range 0x220-0x28f, size=0x10, align=0x20\nCTL0045: adding io range 0x300-0x331, size=0x2, align=0x10\nCTL0045: adding io range 0x388-0x397, size=0x4, align=0x4\nCTL0045: end dependent\nCTL7002: start dependent (0)\nCTL7002: adding io range 0x200-0x207, size=0x8, align=0x1\nCTL7002: start dependent (1)\nCTL7002: adding io range 0x200-0x20f, size=0x8, align=0x8\nCTL7002: end dependent\nCTL0022: start dependent (0)\nCTL0022: adding io range 0x620-0x623, size=0x4, align=0x1\nCTL0022: start dependent (1)\nCTL0022: adding io range 0x620-0x683, size=0x4, align=0x20\nCTL0022: end dependent\nPNP Identify complete\nahc_isa_probe 14: ioport 0xec00 alloc failed\nsc: sc0 already exists; skipping it\nvga: vga0 already exists; skipping it\nisa_probe_children: disabling PnP devices\nisa_probe_children: probing non-PnP devices\npmtimer0 on isa0\norm0: \u003cISA Option ROMs\u003e at iomem 0xc0000-0xccfff,0xd0000-0xd3fff,0xd4000-0xd47ff on isa0\nadv0: not probed (disabled)\naha0: not probed (disabled)\naic0: not probed (disabled)\natkbdc0: \u003cKeyboard controller (i8042)\u003e at port 0x60,0x64 on isa0\natkbd0: \u003cAT Keyboard\u003e irq 1 on atkbdc0\nkbd0 at atkbd0\nkbd0: atkbd0, generic (0), config:0x0, flags:0x3f0000\natkbd0: [GIANT-LOCKED]\npsm0: current command byte:0067\npsm0: failed to reset the aux device.\nbt0: not probed (disabled)\ncs0: not probed (disabled)\ned0: not probed (disabled)\nfe0: not probed (disabled)\nie0: not probed (disabled)\nlnc0: not probed (disabled)\nsc0: \u003cSystem console\u003e at flags 0x100 on isa0\nsc0: VGA \u003c16 virtual consoles, flags=0x300\u003e\nsc0: fb0, kbd1, terminal emulator: sc (syscons terminal)\nsio2: not probed (disabled)\nsio3: not probed (disabled)\nsn0: not probed (disabled)\nvga0: \u003cGeneric ISA VGA\u003e at port 0x3c0-0x3df iomem 0xa0000-0xbffff on isa0\nvt0: not probed (disabled)\nisa_probe_children: probing PnP devices\nunknown: \u003cAudio\u003e failed to probe at port 0x220-0x22f,0x330-0x331,0x388-0x38b irq 5 drq 1,5 on isa0\nunknown: \u003cGame\u003e failed to probe at port 0x200-0x207 on isa0\nunknown: \u003cWaveTable\u003e failed to probe at port 0x620-0x623 on isa0\nukbd0: CHICONY HP Basic USB Keyboard, rev 1.10/3.00, addr 2, iclass 3/1\nkbd2 at ukbd0\nkbd2: ukbd0, generic (0), config:0x0, flags:0x3d0000\nuhub1: vendor 0x0451 product 0x2046, class 9/0, rev 1.10/1.25, addr 3\nuhub1: 4 ports with 4 removable, self powered\nDevice configuration finished.\nprocfs registered\nTimecounter \"TSC\" frequency 800034404 Hz quality 800\nTimecounters tick every 1.000 msec\nlo0: bpf attached\nrr232x: no controller detected.\nhptrr: no controller detected.\nWaiting 5 seconds for SCSI devices to settle\n(noperiph:ahc0:0:-1:-1): SCSI bus reset delivered. 0 SCBs aborted.\nmd0: Preloaded image \u003c/boot/mfsroot\u003e 4423680 bytes at 0xc0ba05b0\nata0-master: pio=PIO4 wdma=WDMA2 udma=UDMA100 cable=80 wire\nad0: setting PIO4 on 82C596B chip\nad0: setting UDMA66 on 82C596B chip\nad0: 76351MB \u003cSAMSUNG SP0802N TK200-04\u003e at ata0-master UDMA66\nad0: 156368016 sectors [155127C/16H/63S] 16 sectors/interrupt 1 depth queue\nGEOM: new disk ad0\nad0: VIA check1 failed\nad0: Adaptec check1 failed\nad0: LSI (v3) check1 failed\nad0: LSI (v2) check1 failed\nad0: FreeBSD check1 failed\nata1-slave: pio=PIO4 wdma=WDMA2 udma=UNSUPPORTED cable=40 wire\nunknown: timeout waiting for read DRQ\nunknown: timeout waiting for read DRQ\nacd0: setting PIO4 on 82C596B chip\nacd0: \u003cGCR-8521B/1.02\u003e CDROM drive at ata1 as slave\nacd0: read 8937KB/s (8937KB/s), 128KB buffer, PIO4\nacd0: Reads: CDR, CDRW, CDDA stream, packet\nacd0: Writes:\nacd0: Audio: play, 255 volume levels\nacd0: Mechanism: ejectable tray, unlocked, lock protected\nacd0: Medium: no/blank disc\n(probe0:sbp0:0:0:0): error 22\n(probe0:sbp0:0:0:0): Unretryable Error\n(probe1:sbp0:0:1:0): error 22\n(probe1:sbp0:0:1:0): Unretryable Error\n(probe2:sbp0:0:2:0): error 22\n(probe2:sbp0:0:2:0): Unretryable Error\n(probe3:sbp0:0:3:0): error 22\n(probe3:sbp0:0:3:0): Unretryable Error\n(probe4:sbp0:0:4:0): error 22\n(probe4:sbp0:0:4:0): Unretryable Error\n(probe5:sbp0:0:5:0): error 22\n(probe5:sbp0:0:5:0): Unretryable Error\n(probe6:sbp0:0:6:0): error 22\n(probe6:sbp0:0:6:0): Unretryable Error\nahc0: Selection Timeout on A:0. 0 SCBs aborted\nahc0: Selection Timeout on A:1. 0 SCBs aborted\nahc0: Selection Timeout on A:2. 0 SCBs aborted\nahc0: Selection Timeout on A:3. 0 SCBs aborted\nahc0: Selection Timeout on A:4. 0 SCBs aborted\nahc0: Selection Timeout on A:5. 0 SCBs aborted\nahc0: Selection Timeout on A:6. 0 SCBs aborted\nahc0: Selection Timeout on A:8. 0 SCBs aborted\nahc0: Selection Timeout on A:9. 0 SCBs aborted\nahc0: Selection Timeout on A:10. 0 SCBs aborted\nahc0: Selection Timeout on A:11. 0 SCBs aborted\nahc0: Selection Timeout on A:12. 0 SCBs aborted\nahc0: Selection Timeout on A:13. 0 SCBs aborted\nahc0: Selection Timeout on A:14. 0 SCBs aborted\nahc0: Selection Timeout on A:15. 0 SCBs aborted\nATA PseudoRAID loaded\nTrying to mount root from ufs:/dev/md0\nstart_init: trying /sbin/init\nstart_init: trying /sbin/oinit\nstart_init: trying /sbin/init.bak\nstart_init: trying /rescue/init\nstart_init: trying /stand/sysinstall\ng_vfs_done():acd0[READ(offset=32768, length=2048)]error = 5\ng_vfs_done():acd0[READ(offset=32768, length=2048)]error = 5\ng_vfs_done():acd0[READ(offset=32768, length=2048)]error = 5\ng_vfs_done():acd0[READ(offset=32768, length=2048)]error = 5\ng_vfs_done():acd0[READ(offset=36864, length=2048)]error = 5\nukbd0: at uhub0 port 1 (addr 2) disconnected\nukbd0: detached\nukbd0: CHICONY HP Basic USB Keyboard, rev 1.10/3.00, addr 2, iclass 3/1\nkbd2 at ukbd0\nkbd2: ukbd0, generic (0), config:0x0, flags:0x3d0000\numass0: vendor 0x0c76 product 0x0005, rev 1.10/1.00, addr 4\numass0:2:0:-1: Attached to scbus2\npass0 at umass-sim0 bus 0 target 0 lun 0\npass0: \u003cEasy Disk 1.00\u003e Removable Direct Access SCSI-2 device \npass0: Serial Number \npass0: 1.000MB/s transfers\nGEOM: new disk da0\nda0 at umass-sim0 bus 0 target 0 lun 0\nda0: \u003cEasy Disk 1.00\u003e Removable Direct Access SCSI-2 device \nda0: Serial Number \nda0: 1.000MB/s transfers\nda0: 15MB (31263 512 byte sectors: 64H 32S/T 15C)\n\u003c/include\u003e\n\n\n\n2., The other system is an IBM Netfinity 5000 which has an integrated Adaptec SCSI controller, 5x9GB SCSI hdd, and a single integrated IDE socket which has the old rubbis CD-ROM reader hooked up as primary master.\nJust on the side note: due to this single machine I filed more PRs here already than I did alltogether before. I begin to believe that this old machine is programmed to generate FreeBSD incompatibility problems. :-)\nJust like with earlier 6.x Install CDs, FreeBSD boots up nicely up to the first sysinstall screen, but dmesg showed no CD-ROM drive, therefore neither installation nor FIXIT works. This also meant that I was unable to save a verbose dmesg using the CD.\nTo generate the verbose dmesg below I synced the system src on the machine to RELENG_6 today and built world. This updated the installed system on the harddisk to 6.3-STABLE, which is supposed to include everything that is new in 6.3R.\n\n\u003cinclude\u003e\nCopyright (c) 1992-2008 The FreeBSD Project.\nCopyright (c) 1979, 1980, 1983, 1986, 1988, 1989, 1991, 1992, 1993, 1994\n\tThe Regents of the University of California. All rights reserved.\nFreeBSD is a registered trademark of The FreeBSD Foundation.\nFreeBSD 6.3-STABLE #10: Tue Jan 29 10:47:16 CET 2008\n    keve@netfinity5000.playground.local:/usr/obj/usr/src/sys/Nf5K\nPreloaded elf kernel \"/boot/kernel/kernel\" at 0xc0846000.\nPreloaded elf module \"/boot/kernel/nullfs.ko\" at 0xc0846180.\nPreloaded elf module \"/boot/kernel/geom_mirror.ko\" at 0xc084622c.\nPreloaded elf module \"/boot/kernel/geom_stripe.ko\" at 0xc08462dc.\nPreloaded elf module \"/boot/kernel/if_re.ko\" at 0xc084638c.\nPreloaded elf module \"/boot/kernel/acpi.ko\" at 0xc0846438.\nMP Configuration Table version 1.4 found at 0xc009e1e0\nTable 'FACP' at 0x1fffff00\nTable 'APIC' at 0x1ffffe80\nMADT: Found table at 0x1ffffe80\nAPIC: Using the MADT enumerator.\nMADT: Found CPU APIC ID 1 ACPI ID 0: enabled\nSMP: Added CPU 1 (AP)\nMADT: Found CPU APIC ID 0 ACPI ID 1: enabled\nSMP: Added CPU 0 (AP)\nINTR: Adding local APIC 1 as a target\nACPI APIC Table: \u003cIBM    SERMOHIC\u003e\nCalibrating clock(s) ... i8254 clock: 1192986 Hz\nCLK_USE_I8254_CALIBRATION not specified - using default frequency\nTimecounter \"i8254\" frequency 1193182 Hz quality 0\nCalibrating TSC clock ... TSC clock: 498670671 Hz\nCPU: Pentium III/Pentium III Xeon/Celeron (498.67-MHz 686-class CPU)\n  Origin = \"GenuineIntel\"  Id = 0x673  Stepping = 3\n  Features=0x383fbff\u003cFPU,VME,DE,PSE,TSC,MSR,PAE,MCE,CX8,APIC,SEP,MTRR,PGE,MCA,CMOV,PAT,PSE36,MMX,FXSR,SSE\u003e\nreal memory  = 536854528 (511 MB)\nPhysical memory chunk(s):\n0x0000000000001000 - 0x000000000009cfff, 638976 bytes (156 pages)\n0x0000000000100000 - 0x00000000003fffff, 3145728 bytes (768 pages)\n0x0000000000c28000 - 0x000000001f6b7fff, 514392064 bytes (125584 pages)\navail memory = 515784704 (491 MB)\nINTR: Adding local APIC 0 as a target\nFreeBSD/SMP: Multiprocessor System Detected: 2 CPUs\n cpu0 (BSP): APIC ID:  1\n cpu1 (AP): APIC ID:  0\nbios32: Found BIOS32 Service Directory header at 0xc00fd5d0\nbios32: Entry = 0xfd5e1 (c00fd5e1)  Rev = 0  Len = 1\npcibios: PCI BIOS entry at 0xf0000+0xd61c\npnpbios: Found PnP BIOS data at 0xc00fdd90\npnpbios: Entry = f0000:28a8  Rev = 1.0\nOther BIOS signatures found:\nAPIC: CPU 0 has ACPI ID 0\nAPIC: CPU 1 has ACPI ID 1\nMADT: Found IO APIC ID 14, Interrupt 0 at 0xfec00000\nioapic0: Routing external 8259A's -\u003e intpin 0\nMADT: Interrupt override: source 0, irq 2\nioapic0: Routing IRQ 0 -\u003e intpin 2\nioapic0: Routing NMI -\u003e intpin 20\nMADT: Forcing active-low polarity and level trigger for SCI\nioapic0: intpin 9 polarity: low\nioapic0: intpin 9 trigger: level\nioapic0 \u003cVersion 1.1\u003e irqs 0-23 on motherboard\ncpu0 BSP:\n     ID: 0x01000000   VER: 0x00040011 LDR: 0x00000000 DFR: 0xffffffff\n  lint0: 0x00010700 lint1: 0x00000400 TPR: 0x00000000 SVR: 0x000001ff\n  timer: 0x000100ef therm: 0x00000000 err: 0x00010000 pcm: 0x00010000\nkbd: new array size 4\nkbd1 at kbdmux0\nio: \u003cI/O\u003e\nmem: \u003cmemory\u003e\nPentium Pro MTRR support enabled\nnull: \u003cnull device, zero device\u003e\nrandom: \u003centropy source, Software, Yarrow\u003e\nnpx0: INT 16 interface\nacpi0: \u003cIBM SERMOHIC\u003e on motherboard\nioapic0: routing intpin 9 (ISA IRQ 9) to vector 48\nacpi0: [MPSAFE]\npci_open(1):\tmode 1 addr port (0x0cf8) is 0x00000070\npci_open(1a):\tmode1res=0x80000000 (0x80000000)\npci_cfgcheck:\tdevice 0 [class=060000] [hdr=80] is there (id=00071166)\npcibios: BIOS version 2.10\nAcpiOsDerivePciId: \\\\_SB_.PCI0.RCNB -\u003e bus 0 dev 0 func 0\nacpi0: Power Button (fixed)\nacpi0: wakeup code va 0xcd75b000 pa 0x9c000\nACPI timer: 0/16777192 1/1 1/1 0/16777154 0/31 0/15 1/1 1/1 1/1 1/1 -\u003e 6\nTimecounter \"ACPI-safe\" frequency 3579545 Hz quality 850\nacpi_timer0: \u003c24-bit timer at 3.579545MHz\u003e port 0xfe88-0xfe8b on acpi0\npci_link0:        Index  IRQ  Rtd  Ref  IRQs\n  Initial Probe       0   15   N     0  16\n  Validation          0  255   N     0  16\n  After Disable       0  255   N     0  16\npci_link1:        Index  IRQ  Rtd  Ref  IRQs\n  Initial Probe       0   10   N     0  16\n  Validation          0  255   N     0  16\n  After Disable       0  255   N     0  16\npci_link2:        Index  IRQ  Rtd  Ref  IRQs\n  Initial Probe       0    9   N     0  3 4 5 7 9 10 11 12 14 15\n  Validation          0    9   N     0  3 4 5 7 9 10 11 12 14 15\n  After Disable       0  255   N     0  3 4 5 7 9 10 11 12 14 15\npci_link3:        Index  IRQ  Rtd  Ref  IRQs\n  Initial Probe       0   11   N     0  17\n  Validation          0  255   N     0  17\n  After Disable       0  255   N     0  17\npci_link4:        Index  IRQ  Rtd  Ref  IRQs\n  Initial Probe       0   10   N     0  18\n  Validation          0  255   N     0  18\n  After Disable       0  255   N     0  18\npci_link5:        Index  IRQ  Rtd  Ref  IRQs\n  Initial Probe       0   11   N     0  18\n  Validation          0  255   N     0  18\n  After Disable       0  255   N     0  18\npci_link6:        Index  IRQ  Rtd  Ref  IRQs\n  Initial Probe       0  255   N     0  18\n  Validation          0  255   N     0  18\n  After Disable       0  255   N     0  18\npci_link7:        Index  IRQ  Rtd  Ref  IRQs\n  Initial Probe       0  255   N     0  18\n  Validation          0  255   N     0  18\n  After Disable       0  255   N     0  18\npci_link8:        Index  IRQ  Rtd  Ref  IRQs\n  Initial Probe       0  255   N     0  18\n  Validation          0  255   N     0  18\n  After Disable       0  255   N     0  18\npci_link9:        Index  IRQ  Rtd  Ref  IRQs\n  Initial Probe       0   15   N     0  19\n  Validation          0  255   N     0  19\n  After Disable       0  255   N     0  19\npci_link10:       Index  IRQ  Rtd  Ref  IRQs\n  Initial Probe       0  255   N     0  19\n  Validation          0  255   N     0  19\n  After Disable       0  255   N     0  19\npci_link11:       Index  IRQ  Rtd  Ref  IRQs\n  Initial Probe       0  255   N     0  19\n  Validation          0  255   N     0  19\n  After Disable       0  255   N     0  19\npci_link12:       Index  IRQ  Rtd  Ref  IRQs\n  Initial Probe       0  255   N     0  19\n  Validation          0  255   N     0  19\n  After Disable       0  255   N     0  19\npci_link13:       Index  IRQ  Rtd  Ref  IRQs\n  Initial Probe       0    9   N     0  19\n  Validation          0  255   N     0  19\n  After Disable       0  255   N     0  19\npci_link14:       Index  IRQ  Rtd  Ref  IRQs\n  Initial Probe       0  255   N     0  19\n  Validation          0  255   N     0  19\n  After Disable       0  255   N     0  19\npci_link15:       Index  IRQ  Rtd  Ref  IRQs\n  Initial Probe       0  255   N     0  19\n  Validation          0  255   N     0  19\n  After Disable       0  255   N     0  19\npci_link16:       Index  IRQ  Rtd  Ref  IRQs\n  Initial Probe       0  255   N     0  19\n  Validation          0  255   N     0  19\n  After Disable       0  255   N     0  19\npci_link17:       Index  IRQ  Rtd  Ref  IRQs\n  Initial Probe       0   10   N     0  22\n  Validation          0  255   N     0  22\n  After Disable       0  255   N     0  22\npci_link18:       Index  IRQ  Rtd  Ref  IRQs\n  Initial Probe       0  255   N     0  22\n  Validation          0  255   N     0  22\n  After Disable       0  255   N     0  22\npci_link19:       Index  IRQ  Rtd  Ref  IRQs\n  Initial Probe       0  255   N     0  22\n  Validation          0  255   N     0  22\n  After Disable       0  255   N     0  22\npci_link20:       Index  IRQ  Rtd  Ref  IRQs\n  Initial Probe       0  255   N     0  22\n  Validation          0  255   N     0  22\n  After Disable       0  255   N     0  22\npci_link21:       Index  IRQ  Rtd  Ref  IRQs\n  Initial Probe       0   11   N     0  22\n  Validation          0  255   N     0  22\n  After Disable       0  255   N     0  22\npci_link22:       Index  IRQ  Rtd  Ref  IRQs\n  Initial Probe       0  255   N     0  22\n  Validation          0  255   N     0  22\n  After Disable       0  255   N     0  22\npci_link23:       Index  IRQ  Rtd  Ref  IRQs\n  Initial Probe       0  255   N     0  22\n  Validation          0  255   N     0  22\n  After Disable       0  255   N     0  22\npci_link24:       Index  IRQ  Rtd  Ref  IRQs\n  Initial Probe       0  255   N     0  22\n  Validation          0  255   N     0  22\n  After Disable       0  255   N     0  22\ncpu0: \u003cACPI CPU\u003e on acpi0\ncpu0: switching to generic Cx mode\ncpu1: \u003cACPI CPU\u003e on acpi0\npcib0: \u003cACPI Host-PCI bridge\u003e port 0xcf8-0xcff on acpi0\nACPI: Found matching pin for 0.10.INTA at func 0: 9\npci0: \u003cACPI PCI bus\u003e on pcib0\npci0: physical bus=0\nfound-\u003e\tvendor=0x1166, dev=0x0007, revid=0x04\n\tbus=0, slot=0, func=0\n\tclass=06-00-00, hdrtype=0x00, mfdev=1\n\tcmdreg=0x0146, statreg=0x2200, cachelnsz=8 (dwords)\n\tlattimer=0x30 (1440 ns), mingnt=0x00 (0 ns), maxlat=0x00 (0 ns)\n\tmap[14]: type 1, range 32, base 00000000, size 12, enabled\nfound-\u003e\tvendor=0x1166, dev=0x0005, revid=0x02\n\tbus=0, slot=0, func=1\n\tclass=06-00-00, hdrtype=0x00, mfdev=1\n\tcmdreg=0x0147, statreg=0x2200, cachelnsz=8 (dwords)\n\tlattimer=0x50 (2400 ns), mingnt=0x00 (0 ns), maxlat=0x00 (0 ns)\nfound-\u003e\tvendor=0x10ec, dev=0x8169, revid=0x10\n\tbus=0, slot=1, func=0\n\tclass=02-00-00, hdrtype=0x00, mfdev=0\n\tcmdreg=0x0057, statreg=0x02b0, cachelnsz=8 (dwords)\n\tlattimer=0x50 (2400 ns), mingnt=0x20 (8000 ns), maxlat=0x40 (16000 ns)\n\tintpin=a, irq=11\n\tpowerspec 2  supports D0 D1 D2 D3  current D0\n\tmap[10]: type 4, range 32, base 00002000, size  8, enabled\n\tmap[14]: type 1, range 32, base febffc00, size  8, enabled\npcib0: matched entry for 0.1.INTA (src \\\\_SB_.PCI0.LK1A:0)\npci_link5: Picked IRQ 18 with weight 0\npcib0: slot 1 INTA routed to irq 18 via \\\\_SB_.PCI0.LK1A\nfound-\u003e\tvendor=0x9004, dev=0x7895, revid=0x04\n\tbus=0, slot=6, func=0\n\tclass=01-00-00, hdrtype=0x00, mfdev=1\n\tcmdreg=0x0057, statreg=0x0290, cachelnsz=0 (dwords)\n\tlattimer=0x50 (2400 ns), mingnt=0x08 (2000 ns), maxlat=0x08 (2000 ns)\n\tintpin=a, irq=15\n\tpowerspec 1  supports D0 D3  current D0\n\tmap[10]: type 4, range 32, base 00002200, size  8, enabled\n\tmap[14]: type 1, range 32, base febfe000, size 12, enabled\npcib0: matched entry for 0.6.INTA (src \\\\_SB_.PCI0.LKSA:0)\npci_link0: Picked IRQ 16 with weight 0\npcib0: slot 6 INTA routed to irq 16 via \\\\_SB_.PCI0.LKSA\nfound-\u003e\tvendor=0x9004, dev=0x7895, revid=0x04\n\tbus=0, slot=6, func=1\n\tclass=01-00-00, hdrtype=0x00, mfdev=1\n\tcmdreg=0x0057, statreg=0x0290, cachelnsz=0 (dwords)\n\tlattimer=0x50 (2400 ns), mingnt=0x08 (2000 ns), maxlat=0x08 (2000 ns)\n\tintpin=b, irq=10\n\tpowerspec 1  supports D0 D3  current D0\n\tmap[10]: type 4, range 32, base 00002300, size  8, enabled\n\tmap[14]: type 1, range 32, base febfd000, size 12, enabled\npcib0: matched entry for 0.6.INTB (src \\\\_SB_.PCI0.LKSB:0)\npci_link1: Picked IRQ 16 with weight 1\npcib0: slot 6 INTB routed to irq 16 via \\\\_SB_.PCI0.LKSB\nfound-\u003e\tvendor=0x1022, dev=0x2000, revid=0x36\n\tbus=0, slot=9, func=0\n\tclass=02-00-00, hdrtype=0x00, mfdev=0\n\tcmdreg=0x0047, statreg=0x0290, cachelnsz=0 (dwords)\n\tlattimer=0x50 (2400 ns), mingnt=0x18 (6000 ns), maxlat=0x18 (6000 ns)\n\tintpin=a, irq=11\n\tpowerspec 1  supports D0 D3  current D0\n\tmap[10]: type 4, range 32, base 00002180, size  5, enabled\n\tmap[14]: type 1, range 32, base febff800, size  5, enabled\npcib0: matched entry for 0.9.INTA (src \\\\_SB_.PCI0.LKNE:0)\npci_link3: Picked IRQ 17 with weight 0\npcib0: slot 9 INTA routed to irq 17 via \\\\_SB_.PCI0.LKNE\nfound-\u003e\tvendor=0x5333, dev=0x8901, revid=0x16\n\tbus=0, slot=10, func=0\n\tclass=03-00-00, hdrtype=0x00, mfdev=0\n\tcmdreg=0x0003, statreg=0x0200, cachelnsz=0 (dwords)\n\tlattimer=0x00 (0 ns), mingnt=0x00 (0 ns), maxlat=0x00 (0 ns)\n\tintpin=a, irq=9\n\tmap[10]: type 1, range 32, base f8000000, size 26, enabled\npcib0: matched entry for 0.10.INTA (src \\\\_SB_.PCI0.LKVI:0)\npcib0: slot 10 INTA routed to irq 9 via \\\\_SB_.PCI0.LKVI\nfound-\u003e\tvendor=0x1166, dev=0x0200, revid=0x4d\n\tbus=0, slot=15, func=0\n\tclass=06-01-00, hdrtype=0x00, mfdev=1\n\tcmdreg=0x0047, statreg=0x0200, cachelnsz=0 (dwords)\n\tlattimer=0x00 (0 ns), mingnt=0x00 (0 ns), maxlat=0x00 (0 ns)\n\tmap[90]: type 4, range 32, base 0000fe00, size  4, enabled\nfound-\u003e\tvendor=0x1166, dev=0x0210, revid=0x4a\n\tbus=0, slot=15, func=1\n\tclass=01-01-ea, hdrtype=0x00, mfdev=1\n\tcmdreg=0x0045, statreg=0x0200, cachelnsz=0 (dwords)\n\tlattimer=0x00 (0 ns), mingnt=0x00 (0 ns), maxlat=0x00 (0 ns)\n\tintpin=a, irq=14\n\tmap[20]: type 4, range 32, base 0000ffa0, size  4, enabled\npcib0: matched entry for 0.15.INTA (src \\\\_SB_.PCI0.LKUB:0)\npci_link4: Picked IRQ 18 with weight 1\npcib0: slot 15 INTA routed to irq 18 via \\\\_SB_.PCI0.LKUB\nfound-\u003e\tvendor=0x1166, dev=0x0220, revid=0x04\n\tbus=0, slot=15, func=2\n\tclass=0c-03-10, hdrtype=0x00, mfdev=0\n\tcmdreg=0x0057, statreg=0x0280, cachelnsz=8 (dwords)\n\tlattimer=0x50 (2400 ns), mingnt=0x00 (0 ns), maxlat=0x50 (20000 ns)\n\tintpin=a, irq=10\n\tmap[10]: type 1, range 32, base ff700000, size 12, enabled\npcib0: matched entry for 0.15.INTA (src \\\\_SB_.PCI0.LKUB:0)\npcib0: slot 15 INTA routed to irq 18 via \\\\_SB_.PCI0.LKUB\nre0: Reserved 0x100 bytes for rid 0x10 type 4 at 0x2000\nre0: \u003cRealTek 8169SB/8110SB Single-chip Gigabit Ethernet\u003e port 0x2000-0x20ff mem 0xfebffc00-0xfebffcff irq 18 at device 1.0 on pci0\nmiibus0: \u003cMII bus\u003e on re0\nrgephy0: \u003cRTL8169S/8110S/8211B media interface\u003e on miibus0\nrgephy0:  10baseT, 10baseT-FDX, 100baseTX, 100baseTX-FDX, 1000baseT, 1000baseT-FDX, auto\nre0: bpf attached\nre0: Ethernet address: 00:13:f7:66:b7:62\nioapic0: routing intpin 18 (PCI IRQ 18) to vector 49\nre0: [MPSAFE]\nre0: [FAST]\nahc0: \u003cAdaptec aic7895 Ultra SCSI adapter\u003e port 0x2200-0x22ff mem 0xfebfe000-0xfebfefff irq 16 at device 6.0 on pci0\nahc0: Defaulting to MEMIO off\nahc0: Reserved 0x100 bytes for rid 0x10 type 4 at 0x2200\nahc0: Reading SEEPROM...done.\nahc0: Low byte termination Enabled\nahc0: High byte termination Enabled\nahc0: Downloading Sequencer Program... 413 instructions downloaded\nahc0: Features 0x16235, Bugs 0x15, Flags 0x28485561\nioapic0: routing intpin 16 (PCI IRQ 16) to vector 50\nahc0: [GIANT-LOCKED]\naic7895C: Ultra Wide Channel A, SCSI Id=7, 32/253 SCBs\nahc1: \u003cAdaptec aic7895 Ultra SCSI adapter\u003e port 0x2300-0x23ff mem 0xfebfd000-0xfebfdfff irq 16 at device 6.1 on pci0\nahc1: Defaulting to MEMIO off\nahc1: Reserved 0x100 bytes for rid 0x10 type 4 at 0x2300\nahc1: Reading SEEPROM...done.\nahc1: Low byte termination Enabled\nahc1: High byte termination Enabled\nahc1: Downloading Sequencer Program... 413 instructions downloaded\nahc1: Features 0x16235, Bugs 0x15, Flags 0x20485561\nahc1: [GIANT-LOCKED]\naic7895C: Ultra Wide Channel B, SCSI Id=7, 32/253 SCBs\npci0: \u003cnetwork, ethernet\u003e at device 9.0 (no driver attached)\npci0: \u003cdisplay, VGA\u003e at device 10.0 (no driver attached)\nisab0: \u003cPCI-ISA bridge\u003e port 0xfe00-0xfe0f at device 15.0 on pci0\nisa0: \u003cISA bus\u003e on isab0\natapci0: \u003cServerWorks ATA controller\u003e port 0x1f0-0x1f7,0x3f6,0x170-0x177,0x376,0xffa0-0xffaf irq 18 at device 15.1 on pci0\natapci0: Reserved 0x10 bytes for rid 0x20 type 4 at 0xffa0\nata0: \u003cATA channel 0\u003e on atapci0\natapci0: Reserved 0x8 bytes for rid 0x10 type 4 at 0x1f0\natapci0: Reserved 0x1 bytes for rid 0x14 type 4 at 0x3f6\nata0: reset tp1 mask=03 ostat0=50 ostat1=00\nata0: stat0=0x00 err=0x01 lsb=0x14 msb=0xeb\nata0: stat1=0x00 err=0x01 lsb=0x00 msb=0x00\nata0: reset tp2 stat0=00 stat1=00 devices=0x4\u003cATAPI_MASTER\u003e\nioapic0: routing intpin 14 (ISA IRQ 14) to vector 51\nata0: [MPSAFE]\nata1: \u003cATA channel 1\u003e on atapci0\natapci0: Reserved 0x8 bytes for rid 0x18 type 4 at 0x170\natapci0: Reserved 0x1 bytes for rid 0x1c type 4 at 0x376\nata1: reset tp1 mask=00 ostat0=ff ostat1=ff\nioapic0: routing intpin 15 (ISA IRQ 15) to vector 52\nata1: [MPSAFE]\nohci0: \u003cOHCI (generic) USB controller\u003e mem 0xff700000-0xff700fff irq 18 at device 15.2 on pci0\nohci0: Reserved 0x1000 bytes for rid 0x10 type 3 at 0xff700000\nohci0: (New OHCI DeviceId=0x02201166)\nohci0: [GIANT-LOCKED]\nusb0: OHCI version 1.0, legacy support\nusb0: \u003cOHCI (generic) USB controller\u003e on ohci0\nusb0: USB revision 1.0\nuhub0: (0x1166) OHCI root hub, class 9/0, rev 1.00/1.00, addr 1\nuhub0: 2 ports with 2 removable, self powered\npcib1: \u003cACPI Host-PCI bridge\u003e on acpi0\npci1: \u003cACPI PCI bus\u003e on pcib1\npci1: physical bus=1\nfound-\u003e\tvendor=0x10ec, dev=0x8169, revid=0x10\n\tbus=1, slot=2, func=0\n\tclass=02-00-00, hdrtype=0x00, mfdev=0\n\tcmdreg=0x0057, statreg=0x02b0, cachelnsz=8 (dwords)\n\tlattimer=0x90 (4320 ns), mingnt=0x20 (8000 ns), maxlat=0x40 (16000 ns)\n\tintpin=a, irq=15\n\tpowerspec 2  supports D0 D1 D2 D3  current D0\n\tmap[10]: type 4, range 32, base 00004b00, size  8, enabled\n\tmap[14]: type 1, range 32, base c0fdfc00, size  8, enabled\npcib1: matched entry for 1.2.INTA (src \\\\_SB_.PCI1.LK2A:0)\npci_link9: Picked IRQ 19 with weight 0\npcib1: slot 2 INTA routed to irq 19 via \\\\_SB_.PCI1.LK2A\nfound-\u003e\tvendor=0x10ec, dev=0x8169, revid=0x10\n\tbus=1, slot=3, func=0\n\tclass=02-00-00, hdrtype=0x00, mfdev=0\n\tcmdreg=0x0057, statreg=0x02b0, cachelnsz=8 (dwords)\n\tlattimer=0x90 (4320 ns), mingnt=0x20 (8000 ns), maxlat=0x40 (16000 ns)\n\tintpin=a, irq=9\n\tpowerspec 2  supports D0 D1 D2 D3  current D0\n\tmap[10]: type 4, range 32, base 00004c00, size  8, enabled\n\tmap[14]: type 1, range 32, base c0fdf800, size  8, enabled\npcib1: matched entry for 1.3.INTA (src \\\\_SB_.PCI1.LK3A:0)\npci_link13: Picked IRQ 19 with weight 1\npcib1: slot 3 INTA routed to irq 19 via \\\\_SB_.PCI1.LK3A\nfound-\u003e\tvendor=0x10ec, dev=0x8169, revid=0x10\n\tbus=1, slot=4, func=0\n\tclass=02-00-00, hdrtype=0x00, mfdev=0\n\tcmdreg=0x0057, statreg=0x02b0, cachelnsz=8 (dwords)\n\tlattimer=0x90 (4320 ns), mingnt=0x20 (8000 ns), maxlat=0x40 (16000 ns)\n\tintpin=a, irq=10\n\tpowerspec 2  supports D0 D1 D2 D3  current D0\n\tmap[10]: type 4, range 32, base 00004d00, size  8, enabled\n\tmap[14]: type 1, range 32, base c0fdf400, size  8, enabled\npcib1: matched entry for 1.4.INTA (src \\\\_SB_.PCI1.LK4A:0)\npci_link17: Picked IRQ 22 with weight 0\npcib1: slot 4 INTA routed to irq 22 via \\\\_SB_.PCI1.LK4A\nfound-\u003e\tvendor=0x10ec, dev=0x8169, revid=0x10\n\tbus=1, slot=5, func=0\n\tclass=02-00-00, hdrtype=0x00, mfdev=0\n\tcmdreg=0x0057, statreg=0x02b0, cachelnsz=8 (dwords)\n\tlattimer=0x90 (4320 ns), mingnt=0x20 (8000 ns), maxlat=0x40 (16000 ns)\n\tintpin=a, irq=11\n\tpowerspec 2  supports D0 D1 D2 D3  current D0\n\tmap[10]: type 4, range 32, base 00004e00, size  8, enabled\n\tmap[14]: type 1, range 32, base c0fdf000, size  8, enabled\npcib1: matched entry for 1.5.INTA (src \\\\_SB_.PCI1.LK5A:0)\npci_link21: Picked IRQ 22 with weight 1\npcib1: slot 5 INTA routed to irq 22 via \\\\_SB_.PCI1.LK5A\nre1: Reserved 0x100 bytes for rid 0x10 type 4 at 0x4b00\nre1: \u003cRealTek 8169SB/8110SB Single-chip Gigabit Ethernet\u003e port 0x4b00-0x4bff mem 0xc0fdfc00-0xc0fdfcff irq 19 at device 2.0 on pci1\nmiibus1: \u003cMII bus\u003e on re1\nrgephy1: \u003cRTL8169S/8110S/8211B media interface\u003e on miibus1\nrgephy1:  10baseT, 10baseT-FDX, 100baseTX, 100baseTX-FDX, 1000baseT, 1000baseT-FDX, auto\nre1: bpf attached\nre1: Ethernet address: 00:13:f7:66:b7:82\nioapic0: routing intpin 19 (PCI IRQ 19) to vector 53\nre1: [MPSAFE]\nre1: [FAST]\nre2: Reserved 0x100 bytes for rid 0x10 type 4 at 0x4c00\nre2: \u003cRealTek 8169SB/8110SB Single-chip Gigabit Ethernet\u003e port 0x4c00-0x4cff mem 0xc0fdf800-0xc0fdf8ff irq 19 at device 3.0 on pci1\nmiibus2: \u003cMII bus\u003e on re2\nrgephy2: \u003cRTL8169S/8110S/8211B media interface\u003e on miibus2\nrgephy2:  10baseT, 10baseT-FDX, 100baseTX, 100baseTX-FDX, 1000baseT, 1000baseT-FDX, auto\nre2: bpf attached\nre2: Ethernet address: 00:13:f7:66:b8:ef\nre2: [MPSAFE]\nre2: [FAST]\nre3: Reserved 0x100 bytes for rid 0x10 type 4 at 0x4d00\nre3: \u003cRealTek 8169SB/8110SB Single-chip Gigabit Ethernet\u003e port 0x4d00-0x4dff mem 0xc0fdf400-0xc0fdf4ff irq 22 at device 4.0 on pci1\nmiibus3: \u003cMII bus\u003e on re3\nrgephy3: \u003cRTL8169S/8110S/8211B media interface\u003e on miibus3\nrgephy3:  10baseT, 10baseT-FDX, 100baseTX, 100baseTX-FDX, 1000baseT, 1000baseT-FDX, auto\nre3: bpf attached\nre3: Ethernet address: 00:13:f7:66:b8:f1\nioapic0: routing intpin 22 (PCI IRQ 22) to vector 54\nre3: [MPSAFE]\nre3: [FAST]\nre4: Reserved 0x100 bytes for rid 0x10 type 4 at 0x4e00\nre4: \u003cRealTek 8169SB/8110SB Single-chip Gigabit Ethernet\u003e port 0x4e00-0x4eff mem 0xc0fdf000-0xc0fdf0ff irq 22 at device 5.0 on pci1\nmiibus4: \u003cMII bus\u003e on re4\nrgephy4: \u003cRTL8169S/8110S/8211B media interface\u003e on miibus4\nrgephy4:  10baseT, 10baseT-FDX, 100baseTX, 100baseTX-FDX, 1000baseT, 1000baseT-FDX, auto\nre4: bpf attached\nre4: Ethernet address: 00:13:f7:66:b8:f5\nre4: [MPSAFE]\nre4: [FAST]\natkbdc0: \u003cKeyboard controller (i8042)\u003e port 0x60,0x64 irq 1 on acpi0\natkbd0: \u003cAT Keyboard\u003e irq 1 on atkbdc0\natkbd: the current kbd controller command byte 0065\natkbd: keyboard ID 0x41ab (2)\nkbd0 at atkbd0\nkbd0: atkbd0, AT 101/102 (2), config:0x0, flags:0x3d0000\nioapic0: routing intpin 1 (ISA IRQ 1) to vector 55\natkbd0: [GIANT-LOCKED]\npsm0: unable to allocate IRQ\npsmcpnp0: \u003cPS/2 mouse port\u003e irq 12 on acpi0\npsm0: current command byte:0065\npsm0: failed to reset the aux device.\nfdc0: \u003cfloppy drive controller\u003e port 0x3f0-0x3f5,0x3f7 irq 6 drq 2 on acpi0\nfdc0: ic_type 90 part_id 73\nioapic0: routing intpin 6 (ISA IRQ 6) to vector 56\nfdc0: [MPSAFE]\nfdc0: [FAST]\nfd0: \u003c1440-KB 3.5\" drive\u003e on fdc0 drive 0\nppc0: using extended I/O port range\nppc0: SPP\nppc0: \u003cStandard parallel printer port\u003e port 0x378-0x37f irq 7 on acpi0\nppc0: Generic chipset (NIBBLE-only) in COMPATIBLE mode\nppbus0: \u003cParallel port bus\u003e on ppc0\nlpt0: \u003cPrinter\u003e on ppbus0\nlpt0: Interrupt-driven port\nppi0: \u003cParallel I/O\u003e on ppbus0\nioapic0: routing intpin 7 (ISA IRQ 7) to vector 57\nsio0: irq maps: 0x4001 0x4011 0x4001 0x4001\nsio0: \u003c16550A-compatible COM port\u003e port 0x3f8-0x3ff irq 4 flags 0x10 on acpi0\nsio0: type 16550A\nioapic0: routing intpin 4 (ISA IRQ 4) to vector 58\nsio1: irq maps: 0x4001 0x4009 0x4001 0x4001\nsio1: \u003c16550A-compatible COM port\u003e port 0x2f8-0x2ff irq 3 on acpi0\nsio1: type 16550A\nioapic0: routing intpin 3 (ISA IRQ 3) to vector 59\nahc_isa_probe 4: ioport 0x4c00 alloc failed\nata: ata0 already exists; skipping it\nata: ata1 already exists; skipping it\natkbdc: atkbdc0 already exists; skipping it\nfdc: fdc0 already exists; skipping it\nppc: ppc0 already exists; skipping it\nsio: sio0 already exists; skipping it\nsio: sio1 already exists; skipping it\npnp_identify: Trying Read_Port at 203\npnp_identify: Trying Read_Port at 243\npnp_identify: Trying Read_Port at 283\npnp_identify: Trying Read_Port at 2c3\npnp_identify: Trying Read_Port at 303\npnp_identify: Trying Read_Port at 343\npnp_identify: Trying Read_Port at 383\npnp_identify: Trying Read_Port at 3c3\nPNP Identify complete\nsc: sc0 already exists; skipping it\nvga: vga0 already exists; skipping it\nisa_probe_children: disabling PnP devices\nisa_probe_children: probing non-PnP devices\npmtimer0 on isa0\norm0: \u003cISA Option ROMs\u003e at iomem 0xc0000-0xc7fff,0xc8000-0xccfff on isa0\nadv0: not probed (disabled)\naha0: not probed (disabled)\naic0: not probed (disabled)\nbt0: not probed (disabled)\ncs0: not probed (disabled)\ned0: not probed (disabled)\nfe0: not probed (disabled)\nie0: not probed (disabled)\nlnc0: not probed (disabled)\nsc0: \u003cSystem console\u003e at flags 0x100 on isa0\nsc0: VGA \u003c10 virtual consoles, flags=0x300\u003e\nsc0: fb0, kbd1, terminal emulator: sc (syscons terminal)\nsio2: not probed (disabled)\nsio3: not probed (disabled)\nsn0: not probed (disabled)\nvga0: \u003cGeneric ISA VGA\u003e at port 0x3c0-0x3df iomem 0xa0000-0xbffff on isa0\nvt0: not probed (disabled)\nisa_probe_children: probing PnP devices\nDevice configuration finished.\nprocfs registered\nlapic: Divisor 2, Frequency 49867088 hz\nTimecounter \"TSC\" frequency 498670671 Hz quality -100\nTimecounters tick every 1.000 msec\npflog0: bpf attached\nlo0: bpf attached\nipfw2 (+ipv6) initialized, divert loadable, rule-based forwarding disabled, default to accept, logging limited to 100 packets/entry by default\n(noperiph:ahc0:0:-1:-1): SCSI bus reset delivered. 0 SCBs aborted.\n(noperiph:ahc1:0:-1:-1): SCSI bus reset delivered. 0 SCBs aborted.\nahc0: Selection Timeout on A:0. 0 SCBs aborted\nahc1: Selection Timeout on A:5. 0 SCBs aborted\nahc0: Selection Timeout on A:1. 0 SCBs aborted\nahc1: Selection Timeout on A:8. 0 SCBs aborted\nahc0: Selection Timeout on A:2. 0 SCBs aborted\nahc1: Selection Timeout on A:9. 0 SCBs aborted\nahc0: Selection Timeout on A:3. 0 SCBs aborted\nahc1: Selection Timeout on A:10. 0 SCBs aborted\nahc0: Selection Timeout on A:4. 0 SCBs aborted\nahc1: Selection Timeout on A:11. 0 SCBs aborted\nahc0: Selection Timeout on A:5. 0 SCBs aborted\nahc1: Selection Timeout on A:15. 0 SCBs aborted\nahc0: Selection Timeout on A:6. 0 SCBs aborted\nahc1: Selection Timeout on A:12. 0 SCBs aborted\nahc0: Selection Timeout on A:8. 0 SCBs aborted\nahc1: Selection Timeout on A:13. 0 SCBs aborted\n(probe15:ahc1:0:0:0): Retrying Command\n(ahc1:A:6:0): Sending SDTR period 2b, offset f\n(ahc1:A:6:0): Received SDTR period 2b, offset f\n\tFiltered to period 2b, offset f\nahc1: target 6 synchronous at 5.7MHz, offset = 0xf\n(probe16:ahc1:0:1:0): Retrying Command\n(probe17:ahc1:0:2:0): Retrying Command\n(probe18:ahc1:0:3:0): Retrying Command\n(ahc1:A:6:0): Sending SDTR period 2b, offset f\n(probe19:ahc1:0:4:0): Retrying Command\n(ahc1:A:6:0): Received SDTR period 2b, offset f\n\tFiltered to period 2b, offset f\n(ahc1:A:0:0): Sending WDTR 1\n(ahc1:A:0:0): Received WDTR 1 filtered to 1\nahc1: target 0 using 16bit transfers\n(ahc1:A:0:0): Sending SDTR period 2b, offset 8\n(ahc1:A:0:0): Received SDTR period 2b, offset 8\n\tFiltered to period 2b, offset 8\nahc1: target 0 synchronous at 5.7MHz, offset = 0x8\n(ahc1:A:1:0): Sending WDTR 1\n(ahc1:A:1:0): Received WDTR 1 filtered to 1\nahc1: target 1 using 16bit transfers\n(ahc1:A:1:0): Sending SDTR period 2b, offset 8\n(ahc1:A:1:0): Received SDTR period 2b, offset 8\n\tFiltered to period 2b, offset 8\nahc1: target 1 synchronous at 5.7MHz, offset = 0x8\n(ahc1:A:2:0): Sending WDTR 1\n(ahc1:A:2:0): Received WDTR 1 filtered to 1\nahc1: target 2 using 16bit transfers\n(ahc1:A:2:0): Sending SDTR period 2b, offset 8\n(ahc1:A:2:0): Received SDTR period 2b, offset 8\n\tFiltered to period 2b, offset 8\nahc1: target 2 synchronous at 5.7MHz, offset = 0x8\n(ahc1:A:3:0): Sending WDTR 1\n(ahc1:A:3:0): Received WDTR 1 filtered to 1\nahc1: target 3 using 16bit transfers\n(ahc1:A:3:0): Sending SDTR period 2b, offset 8\n(ahc1:A:3:0): Received SDTR period 2b, offset 8\n\tFiltered to period 2b, offset 8\nahc1: target 3 synchronous at 5.7MHz, offset = 0x8\n(ahc1:A:4:0): Sending WDTR 1\n(ahc1:A:4:0): Received WDTR 1 filtered to 1\nahc1: target 4 using 16bit transfers\n(ahc1:A:4:0): Sending SDTR period 2b, offset 8\n(ahc1:A:4:0): Received SDTR period 2b, offset 8\n\tFiltered to period 2b, offset 8\nahc1: target 4 synchronous at 5.7MHz, offset = 0x8\nahc0: Selection Timeout on A:9. 0 SCBs aborted\nahc0: Selection Timeout on A:10. 0 SCBs aborted\nahc0: Selection Timeout on A:11. 0 SCBs aborted\nahc0: Selection Timeout on A:12. 0 SCBs aborted\nahc0: Selection Timeout on A:13. 0 SCBs aborted\nahc0: Selection Timeout on A:14. 0 SCBs aborted\nahc0: Selection Timeout on A:15. 0 SCBs aborted\nsa0 at ahc1 bus 0 target 6 lun 0\nsa0: \u003cSeagate STT20000N 7A64\u003e Removable Sequential Access SCSI-2 device \nsa0: Serial Number \nsa0: 5.813MB/s transfers (5.813MHz, offset 15)\npass0 at ahc1 bus 0 target 0 lun 0\npass0: \u003cQUANTUM QM39100TD-SCA N1K0\u003e Fixed Direct Access SCSI-2 device \npass0: Serial Number PCB=20-116002-05; HDA=329826751099\npass0: 11.626MB/s transfers (5.813MHz, offset 8, 16bit), Tagged Queueing Enabled\npass1 at ahc1 bus 0 target 1 lun 0\npass1: \u003cIBM-PSG DNES-309170Y  !# SAHR\u003e Fixed Direct Access SCSI-3 device \npass1: Serial Number         AJ068158\npass1: 11.626MB/s transfers (5.813MHz, offset 8, 16bit), Tagged Queueing Enabled\npass2 at ahc1 bus 0 target 2 lun 0\npass2: \u003cIBMAS400 DGVS09U S9NA\u003e Fixed Direct Access SCSI-2 device \npass2: Serial Number         00C853B0\npass2: 11.626MB/s transfers (5.813MHz, offset 8, 16bit), Tagged Queueing Enabled\npass3 at ahc1 bus 0 target 3 lun 0\npass3: \u003cIBMAS400 DGVS09U S9NA\u003e Fixed Direct Access SCSI-2 device \npass3: Serial Number         00D3645F\npass3: 11.626MB/s transfers (5.813MHz, offset 8, 16bit), Tagged Queueing Enabled\npass4 at ahc1 bus 0 target 4 lun 0\npass4: \u003cIBMAS400 DGVS09U S9NA\u003e Fixed Direct Access SCSI-2 device \npass4: Serial Number         00D219F9\npass4: 11.626MB/s transfers (5.813MHz, offset 8, 16bit), Tagged Queueing Enabled\npass5 at ahc1 bus 0 target 6 lun 0\npass5: \u003cSeagate STT20000N 7A64\u003e Removable Sequential Access SCSI-2 device \npass5: Serial Number \npass5: 5.813MB/s transfers (5.813MHz, offset 15)\npass6 at ahc1 bus 0 target 14 lun 0\npass6: \u003cSDR GEM200 2\u003e Fixed Processor SCSI-2 device \npass6: Serial Number 1\npass6: 3.300MB/s transfers\npass6 at ahc1 bus 0 target 14 lun 0\npass6: \u003cSDR GEM200 2\u003e Fixed Processor SCSI-2 device \npass6: Serial Number 1\npass6: 3.300MB/s transfers\nda0 at ahc1 bus 0 target 0 lun 0\nda0: \u003cQUANTUM QM39100TD-SCA N1K0\u003e Fixed Direct Access SCSI-2 device \nda0: Serial Number PCB=20-116002-05; HDA=329826751099\nda0: 11.626MB/s transfers (5.813MHz, offset 8, 16bit), Tagged Queueing Enabled\nda0: 8683MB (17783249 512 byte sectors: 255H 63S/T 1106C)\nda2 at ahc1 bus 0 target 2 lun 0\nda2: \u003cIBMAS400 DGVS09U S9NA\u003e Fixed Direct Access SCSI-2 device \nda2: Serial Number         00C853B0\nda2: 11.626MB/s transfers (5.813MHz, offset 8, 16bit), Tagged Queueing Enabled\nda2: 8429MB (17263908 512 byte sectors: 255H 63S/T 1074C)\nda3 at ahc1 bus 0 target 3 lun 0\nda3: \u003cIBMAS400 DGVS09U S9NA\u003e Fixed Direct Access SCSI-2 device \nda3: Serial Number         00D3645F\nda3: 11.626MB/s transfers (5.813MHz, offset 8, 16bit), Tagged Queueing Enabled\nda3: 8429MB (17263908 512 byte sectors: 255H 63S/T 1074C)\nda4 at ahc1 bus 0 target 4 lun 0\nda4: \u003cIBMAS400 DGVS09U S9NA\u003e Fixed Direct Access SCSI-2 device \nda4: Serial Number         00D219F9\nda4: 11.626MB/s transfers (5.813MHz, offset 8, 16bit), Tagged Queueing Enabled\nda4: 8429MB (17263908 512 byte sectors: 255H 63S/T 1074C)\nda1 at ahc1 bus 0 target 1 lun 0\nda1: \u003cIBM-PSG DNES-309170Y  !# SAHR\u003e Fixed Direct Access SCSI-3 device \nda1: Serial Number         AJ068158\nda1: 11.626MB/s transfers (5.813MHz, offset 8, 16bit), Tagged Queueing Enabled\nda1: 8678MB (17774160 512 byte sectors: 255H 63S/T 1106C)\nGEOM: new disk da0\nGEOM: new disk da1\nGEOM: new disk da2\nGEOM: new disk da3\nGEOM: new disk da4\nSMP: AP CPU #1 Launched!\ncpu1 AP:\n     ID: 0x00000000   VER: 0x00040011 LDR: 0x00000000 DFR: 0xffffffff\n  lint0: 0x00010700 lint1: 0x00000400 TPR: 0x00000000 SVR: 0x000001ff\n  timer: 0x000200ef therm: 0x00000000 err: 0x00010000 pcm: 0x00010000\nioapic0: Assigning ISA IRQ 1 to local APIC 1\nioapic0: Assigning ISA IRQ 3 to local APIC 0\nioapic0: Assigning ISA IRQ 4 to local APIC 1\nioapic0: Assigning ISA IRQ 6 to local APIC 0\nioapic0: Assigning ISA IRQ 7 to local APIC 1\nioapic0: Assigning ISA IRQ 9 to local APIC 0\nioapic0: Assigning ISA IRQ 14 to local APIC 1\nioapic0: Assigning ISA IRQ 15 to local APIC 0\nioapic0: Assigning PCI IRQ 16 to local APIC 1\nioapic0: Assigning PCI IRQ 18 to local APIC 0\nioapic0: Assigning PCI IRQ 19 to local APIC 1\nioapic0: Assigning PCI IRQ 22 to local APIC 0\nGEOM_MIRROR: Device gm0 created (id=3451869638).\nGEOM_MIRROR: Device gm0: provider da0 detected.\nGEOM_MIRROR: Device gm0: provider da1 detected.\nGEOM_MIRROR: Device gm0: provider da1 activated.\nGEOM_MIRROR: Device gm0: provider da0 activated.\nGEOM_MIRROR: Device gm0: provider mirror/gm0 launched.\nGEOM_STRIPE: Device gs0 created (id=3743760969).\nGEOM_STRIPE: Disk da2 attached to gs0.\nGEOM_STRIPE: Disk da3 attached to gs0.\nGEOM_STRIPE: Disk da4 attached to gs0.\nGEOM_STRIPE: Device gs0 activated.\nTrying to mount root from ufs:/dev/mirror/gm0s1a\nstart_init: trying /sbin/init\ncrypto: \u003ccrypto core\u003e\ncrypto: assign driver 0, flags 6\ncrypto: driver 0 registers alg 1 flags 0 maxoplen 0\ncrypto: driver 0 registers alg 2 flags 0 maxoplen 0\ncrypto: driver 0 registers alg 3 flags 0 maxoplen 0\ncrypto: driver 0 registers alg 4 flags 0 maxoplen 0\ncrypto: driver 0 registers alg 5 flags 0 maxoplen 0\ncrypto: driver 0 registers alg 16 flags 0 maxoplen 0\ncrypto: driver 0 registers alg 6 flags 0 maxoplen 0\ncrypto: driver 0 registers alg 7 flags 0 maxoplen 0\ncrypto: driver 0 registers alg 18 flags 0 maxoplen 0\ncrypto: driver 0 registers alg 19 flags 0 maxoplen 0\ncrypto: driver 0 registers alg 20 flags 0 maxoplen 0\ncrypto: driver 0 registers alg 8 flags 0 maxoplen 0\ncrypto: driver 0 registers alg 15 flags 0 maxoplen 0\ncrypto: driver 0 registers alg 9 flags 0 maxoplen 0\ncrypto: driver 0 registers alg 10 flags 0 maxoplen 0\ncrypto: driver 0 registers alg 13 flags 0 maxoplen 0\ncrypto: driver 0 registers alg 14 flags 0 maxoplen 0\ncrypto: driver 0 registers alg 11 flags 0 maxoplen 0\ncrypto: driver 0 registers alg 21 flags 0 maxoplen 0\ncrypto: driver 0 registers alg 17 flags 0 maxoplen 0\nGEOM_ELI: Device mirror/gm0s1b.eli created.\nGEOM_ELI: Encryption: AES-CBC 256\nGEOM_ELI:     Crypto: software\n\u003c/include\u003e\n\nCONCLUSION: The originally reported problem still exists in 6.3R, and manifests itself exactly the same way as with earlier 6.x FreeBSD versions."
}