{
 "id": 399983,
 "bug_id": 114213,
 "attachment_id": 0,
 "creation_time": "2008-01-30T11:29:30Z",
 "creator": "wforms@Safe-mail.net",
 "text": "I saved the output of dmesg under OpenBSD 4.2 (booting from the OpenBSD install CD). The \"otherwise disappearing\" optical drives nicely show up in OpenBSD's dmesg. I post it here as it might be helpful to identify our problem.\n\nThis is how my old PIII/800 desktop shows up:\n\u003cinclude\u003e\nOpenBSD 4.2 (RAMDISK_CD) #468: Tue Aug 28 11:02:17 MDT 2007\n    deraadt@i386.openbsd.org:/usr/src/sys/arch/i386/compile/RAMDISK_CD\ncpu0: Intel Pentium III (\"GenuineIntel\" 686-class) 801 MHz\ncpu0: FPU,V86,DE,PSE,TSC,MSR,PAE,MCE,CX8,SEP,MTRR,PGE,MCA,CMOV,PAT,PSE36,MMX,FXSR,SSE\nreal mem  = 804810752 (767MB)\navail mem = 771678208 (735MB)\nmainbus0 at root\nbios0 at mainbus0: AT/286+ BIOS, date 07/03/00, BIOS32 rev. 0 @ 0xfb240, SMBIOS rev. 2.2 @ 0xf0800 (43 entries)\nbios0: vendor Award Software International, Inc. version \"6.00 PG\" date 07/03/2000\nbios0: VIA Technologies, Inc. VT82C692BX\napm0 at bios0: Power Management spec V1.2\napm0: flags 70102 dobusy 1 doidle 1\npcibios0 at bios0: rev 2.1 @ 0xf0000/0xb6c8\npcibios0: PCI IRQ Routing Table rev 1.0 @ 0xfddf0/144 (7 entries)\npcibios0: PCI Exclusive IRQs: 10 11 12\npcibios0: PCI Interrupt Router at 000:07:0 (\"VIA VT82C596A ISA\" rev 0x00)\npcibios0: PCI bus #1 is the last bus\nbios0: ROM list: 0xc0000/0xd000 0xd0000/0x4000! 0xd4000/0x800\ncpu0 at mainbus0\npci0 at mainbus0 bus 0: configuration mode 1 (no bios)\npchb0 at pci0 dev 0 function 0 \"VIA VT82C691 PCI\" rev 0x44\nppb0 at pci0 dev 1 function 0 \"VIA VT82C598 AGP\" rev 0x00\npci1 at ppb0 bus 1\nvga1 at pci1 dev 0 function 0 \"ATI Radeon VE QY\" rev 0x00\nwsdisplay0 at vga1 mux 1: console (80x25, vt100 emulation)\npcib0 at pci0 dev 7 function 0 \"VIA VT82C596A ISA\" rev 0x23\npciide0 at pci0 dev 7 function 1 \"VIA VT82C571 IDE\" rev 0x10: ATA66, channel 0 configured to compatibility, channel 1 configured to compatibility\nwd0 at pciide0 channel 0 drive 0: \u003cSAMSUNG SP0802N\u003e\nwd0: 16-sector PIO, LBA48, 76351MB, 156368016 sectors\nwd0(pciide0:0:0): using PIO mode 4, Ultra-DMA mode 4\natapiscsi0 at pciide0 channel 1 drive 0\nscsibus0 at atapiscsi0: 2 targets\ncd0 at scsibus0 targ 0 lun 0: \u003cPIONEER, DVD-ROM DVD-119, 1.05\u003e SCSI0 5/cdrom removable\natapiscsi1 at pciide0 channel 1 drive 1\nscsibus1 at atapiscsi1: 2 targets\ncd1 at scsibus1 targ 0 lun 0: \u003cHL-DT-ST, CD-ROM GCR-8521B, 1.02\u003e SCSI0 5/cdrom removable\ncd0(pciide0:1:0): using PIO mode 0, Ultra-DMA mode 4\ncd1(pciide0:1:1): using PIO mode 4, DMA mode 2\nuhci0 at pci0 dev 7 function 2 \"VIA VT83C572 USB\" rev 0x11: irq 12\n\"VIA VT82C596 Power\" rev 0x30 at pci0 dev 7 function 3 not configured\nrl0 at pci0 dev 8 function 0 \"Realtek 8139\" rev 0x10: irq 11, address 00:40:f4:64:4d:d5\nrlphy0 at rl0 phy 0: RTL internal PHY\nvendor \"NEC\", unknown product 0x00e7 (class serial bus subclass Firewire, rev 0x01) at pci0 dev 9 function 0 not configured\nahc0 at pci0 dev 12 function 0 \"Adaptec AHA-2940U\" rev 0x00: irq 11\nscsibus2 at ahc0: 16 targets\nisa0 at pcib0\nisadma0 at isa0\npckbc0 at isa0 port 0x60/5\npckbd0 at pckbc0 (kbd slot)\npckbc0: using irq 1 for kbd slot\nwskbd0 at pckbd0: console keyboard, using wsdisplay0\nnpx0 at isa0 port 0xf0/16: reported by CPUID; using exception 16\npccom0 at isa0 port 0x3f8/8 irq 4: ns16550a, 16 byte fifo\npccom1 at isa0 port 0x2f8/8 irq 3: ns16550a, 16 byte fifo\nfdc0 at isa0 port 0x3f0/6 irq 6 drq 2\nisapnp0 at isa0 port 0x279: read port 0x203\nisapnp0: No current device for tag, card 1\n\"Creative AWE64 PnP, CTL0045, , Audio\" at isapnp0 port 0x220/16,0x330/2,0x388/4 irq 5 drq 1,5 not configured\n\"Creative AWE64 PnP, CTL7002, PNPB02F, Game\" at isapnp0 port 0x200/8 not configured\n\"Creative AWE64 PnP, CTL0022, , WaveTable\" at isapnp0 port 0x620/4 not configured\nusb0 at uhci0: USB revision 1.0\nuhub0 at usb0: VIA UHCI root hub, rev 1.00/1.00, addr 1\nbiomask ffe5 netmask ffe5 ttymask ffe7\nrd0: fixed, 3800 blocks\nuhub1 at uhub0 port 2: vendor 0x0451 product 0x2046, rev 1.10/1.25, addr 2\nuhidev0 at uhub1 port 4 configuration 1 interface 0\nuhidev0: CHICONY HP Basic USB Keyboard, rev 1.10/3.00, addr 3, iclass 3/1\nukbd0 at uhidev0\nwskbd1 at ukbd0 mux 1\nwskbd1: connecting to wsdisplay0\ndkcsum: wd0 matches BIOS drive 0x80\nroot on rd0a swap on rd0b dump on rd0b\n\u003c/include\u003e\n\n\nAnd this is how the Netfinity 5000 shows up:\n\u003cinclude\u003e\nOpenBSD 4.2 (RAMDISK_CD) #468: Tue Aug 28 11:02:17 MDT 2007\n    deraadt@i386.openbsd.org:/usr/src/sys/arch/i386/compile/RAMDISK_CD\ncpu0: Intel Pentium III (\"GenuineIntel\" 686-class, 512KB L2 cache) 499 MHz\ncpu0: FPU,V86,DE,PSE,TSC,MSR,PAE,MCE,CX8,APIC,SEP,MTRR,PGE,MCA,CMOV,PAT,PSE36,MMX,FXSR,SSE\nreal mem  = 536420352 (511MB)\navail mem = 512679936 (488MB)\nmainbus0 at root\nbios0 at mainbus0: AT/286+ BIOS, date 02/09/01, BIOS32 rev. 0 @ 0xfd5e1\npcibios0 at bios0: rev 2.1 @ 0xf0000/0xffff\npcibios0: PCI BIOS has 11 Interrupt Routing table entries\npcibios0: PCI Interrupt Router at 000:15:0 (\"ServerWorks OSB4\" rev 0x00)\npcibios0: PCI bus #0 is the last bus\nbios0: ROM list: 0xc0000/0x8000 0xc8000/0x5000\nacpi at mainbus0 not configured\ncpu0 at mainbus0\npci0 at mainbus0 bus 0: configuration mode 1 (no bios)\npchb0 at pci0 dev 0 function 0 \"ServerWorks CNB20-LE Host\" rev 0x04\npchb1 at pci0 dev 0 function 1 \"ServerWorks CNB20-LE Host\" rev 0x02\npci1 at pchb1 bus 1\nahc0 at pci0 dev 6 function 0 \"Adaptec AIC-7895\" rev 0x04: irq 15\nscsibus0 at ahc0: 16 targets\nahc1 at pci0 dev 6 function 1 \"Adaptec AIC-7895\" rev 0x04: irq 10\nscsibus1 at ahc1: 16 targets\nsd0 at scsibus1 targ 0 lun 0: \u003cQUANTUM, QM39100TD-SCA, N1K0\u003e SCSI2 0/direct fixed\nsd0: 8683MB, 8057 cyl, 10 head, 220 sec, 512 bytes/sec, 17783249 sec total\nsd1 at scsibus1 targ 1 lun 0: \u003cIBM-PSG, DNES-309170Y !#, SAHR\u003e SCSI3 0/direct fixed\nsd1: 8678MB, 11474 cyl, 5 head, 309 sec, 512 bytes/sec, 17774160 sec total\nsd2 at scsibus1 targ 2 lun 0: \u003cIBMAS400, DGVS09U, S9NA\u003e SCSI2 0/direct fixed\nsd2: 8429MB, 15110 cyl, 3 head, 380 sec, 512 bytes/sec, 17263908 sec total\nsd3 at scsibus1 targ 3 lun 0: \u003cIBMAS400, DGVS09U, S9NA\u003e SCSI2 0/direct fixed\nsd3: 8429MB, 15110 cyl, 3 head, 380 sec, 512 bytes/sec, 17263908 sec total\nsd4 at scsibus1 targ 4 lun 0: \u003cIBMAS400, DGVS09U, S9NA\u003e SCSI2 0/direct fixed\nsd4: 8429MB, 15110 cyl, 3 head, 380 sec, 512 bytes/sec, 17263908 sec total\nst0 at scsibus1 targ 6 lun 0: \u003cSeagate, STT20000N, 7A64\u003e SCSI2 1/sequential removable\nscsibus1 targ 14 lun 0: \u003cSDR, GEM200, 2\u003e SCSI2 3/processor fixed not configured\npcn0 at pci0 dev 9 function 0 \"AMD 79c970 PCnet-PCI\" rev 0x36, Am79c972, rev 6: irq 11, address 00:06:29:50:d9:9e\nnsphyter0 at pcn0 phy 1: DP83843 10/100 PHY, rev. 0\nukphy0 at pcn0 phy 31: Generic IEEE 802.3u media interface, rev. 1: OUI 0x00001a, model 0x0001\nvga1 at pci0 dev 10 function 0 \"S3 Trio64V2/DX\" rev 0x16\nwsdisplay0 at vga1 mux 1: console (80x25, vt100 emulation)\npcib0 at pci0 dev 15 function 0 \"ServerWorks OSB4\" rev 0x4d\npciide0 at pci0 dev 15 function 1 \"ServerWorks IDE\" rev 0x4a: DMA (unsupported), channel 0 configured to compatibility, channel 1 configured to compatibility\natapiscsi0 at pciide0 channel 0 drive 0\nscsibus2 at atapiscsi0: 2 targets\ncd0 at scsibus2 targ 0 lun 0: \u003cSONY, CD-ROM CDU701-F, 1.0s\u003e SCSI0 5/cdrom removable\npciide0: no compatibility interrupt for use by channel 1\nohci0 at pci0 dev 15 function 2 \"ServerWorks OSB4/CSB5 USB\" rev 0x04: irq 10, version 1.0, legacy support\nisa0 at pcib0\nisadma0 at isa0\npckbc0 at isa0 port 0x60/5\npckbd0 at pckbc0 (kbd slot)\npckbc0: using irq 1 for kbd slot\nwskbd0 at pckbd0: console keyboard, using wsdisplay0\nnpx0 at isa0 port 0xf0/16: reported by CPUID; using exception 16\npccom0 at isa0 port 0x3f8/8 irq 4: ns16550a, 16 byte fifo\npccom1 at isa0 port 0x2f8/8 irq 3: ns16550a, 16 byte fifo\nfdc0 at isa0 port 0x3f0/6 irq 6 drq 2\nfd0 at fdc0 drive 0: 1.44MB 80 cyl, 2 head, 18 sec\nusb0 at ohci0: USB revision 1.0\nuhub0 at usb0: ServerWorks OHCI root hub, rev 1.00/1.00, addr 1\nbiomask f5e5 netmask ffe5 ttymask ffe7\nrd0: fixed, 3800 blocks\nahc1: target 0 using 16bit transfers\nahc1: target 0 synchronous at 5.7MHz, offset = 0x8\ndkcsum: sd0 matches BIOS drive 0x80\ndkcsum: sd0 matches BIOS drive 0x81 IGNORED\nahc1: target 1 using 16bit transfers\nahc1: target 1 synchronous at 5.7MHz, offset = 0x8\ndkcsum: sd1 matches BIOS drive 0x80 IGNORED\ndkcsum: sd1 matches BIOS drive 0x81\nahc1: target 2 using 16bit transfers\nahc1: target 2 synchronous at 5.7MHz, offset = 0x8\ndkcsum: sd2 matches BIOS drive 0x82\nahc1: target 3 using 16bit transfers\nahc1: target 3 synchronous at 5.7MHz, offset = 0x8\ndkcsum: sd3 matches BIOS drive 0x83\nahc1: target 4 using 16bit transfers\nahc1: target 4 synchronous at 5.7MHz, offset = 0x8\ndkcsum: sd4 matches BIOS drive 0x84\nroot on rd0a swap on rd0b dump on rd0b\n\u003c/include\u003e"
}