{
 "id": 515722,
 "bug_id": 138002,
 "attachment_id": 0,
 "creation_time": "2009-08-30T11:29:01Z",
 "creator": "Petr.Salinger@seznam.cz",
 "text": "Similarly for me, 8.0 snapshot as of 20090829, in QEMU:\n\nlock order reversal:\n  1st 0xc3177250 bufwait (bufwait) @ kern/vfs_bio.c:2559\n  2nd 0xc35b2c00 dirhash (dirhash) @ ufs/ufs/ufs_dirhash.c:285\n\nlock order reversal:\n  1st 0xc35f49c4 ufs (ufs) @ kern/vfs_mount.c:1200\n  2nd 0xc35f4df4 devfs (devfs) @ kern/vfs_subr.c:2083\n\nWhole dmesg of boot and reboot:\n\nCopyright (c) 1992-2009 The FreeBSD Project.\nCopyright (c) 1979, 1980, 1983, 1986, 1988, 1989, 1991, 1992, 1993, 1994\n         The Regents of the University of California. All rights reserved.\nFreeBSD is a registered trademark of The FreeBSD Foundation.\n#0 Sat
Aug 29 21:10:23 CEST 2009\nWARNING: WITNESS option enabled, expect reduced performance.\nTimecounter \"i8254\" frequency 1193182 Hz quality 0\nCPU: QEMU Virtual CPU version 0.10.5 (2672.21-MHz 686-class CPU)\n   Origin = \"AuthenticAMD\"  Id = 0x623  Stepping = 3\n\nFeatures=0x78bf3fd\u003cFPU,DE,PSE,TSC,MSR,PAE,MCE,CX8,APIC,MTRR,PGE,MCA,CMOV,PAT,PSE36,CLFLUSH,MMX,FXSR,SSE,SSE2\u003e\n   Features2=0x9\u003cSSE3,MON\u003e\n   AMD Features=0xe0100800\u003cSYSCALL,NX,LM,3DNow!+,3DNow!\u003e\n   AMD Features2=0x4\u003cSVM\u003e\nreal memory  = 536805376 (511 MB)\navail memory = 507310080 (483 MB)\nACPI APIC Table: \u003cQEMU   QEMUAPIC\u003e\nMADT: Forcing active-low polarity and level trigger for SCI\nioapic0 \u003cVersion 1.1\u003e irqs 0-23 on motherboard\nkbd1 at kbdmux0\nacpi0: \u003cQEMU QEMURSDT\u003e on motherboard\nacpi0: [ITHREAD]\nTimecounter \"ACPI-safe\" frequency 3579545 Hz quality 850\nacpi_timer0: \u003c24-bit timer at 3.579545MHz\u003e port 0xb008-0xb00b on acpi0\nacpi_hpet0: \u003cHigh Precision Event Timer\u003e iomem 0xfed00000-0xfed003ff on \nacpi0\nTimecounter \"HPET\" frequency 100000000 Hz quality 900\npcib0: \u003cACPI Host-PCI bridge\u003e port 0xcf8-0xcff on acpi0\npci_link0: BIOS IRQ 9 does not match initial IRQ 11\npci0: \u003cACPI PCI bus\u003e on pcib0\nCorrecting Natoma config for non-SMP\nisab0: \u003cPCI-ISA bridge\u003e at device 1.0 on pci0\nisa0: \u003cISA bus\u003e on isab0\natapci0: \u003cIntel PIIX3 WDMA2 controller\u003e port \n0x1f0-0x1f7,0x3f6,0x170-0x177,0x376,0xc000-0xc00f at device 1.1 on pci0\nata0: \u003cATA channel 0\u003e on atapci0\nata0: [ITHREAD]\nata1: \u003cATA channel 1\u003e on atapci0\nata1: [ITHREAD]\npci0: \u003cbridge\u003e at device 1.3 (no driver attached)\nvgapci0: \u003cVGA-compatible display\u003e mem \n0xc0000000-0xc1ffffff,0xc2000000-0xc2000fff at device 2.0 on pci0\ned0: \u003cRealTek 8029\u003e port 0xc100-0xc1ff irq 11 at device 3.0 on pci0\ned0: ed_stop_hw RST never set\ned0: WARNING: using obsoleted if_watchdog interface\ned0: Ethernet address: 52:54:00:12:34:56\ned0: [ITHREAD]\npci0: \u003cmemory, RAM\u003e at device 4.0 (no driver attached)\natrtc0: \u003cAT realtime clock\u003e port 0x70-0x71,0x72-0x77 irq 8 on acpi0\natkbdc0: \u003cKeyboard controller (i8042)\u003e port 0x60,0x64 irq 1 on acpi0\natkbd0: \u003cAT Keyboard\u003e irq 1 on atkbdc0\nkbd0 at atkbd0\natkbd0: [GIANT-LOCKED]\natkbd0: [ITHREAD]\npsm0: \u003cPS/2 Mouse\u003e flags 0x100 irq 12 on atkbdc0\npsm0: [GIANT-LOCKED]\npsm0: [ITHREAD]\npsm0: model IntelliMouse Explorer, device ID 4\nppc0: \u003cParallel port\u003e port 0x378-0x37f irq 7 on acpi0\nppc0: Generic chipset (NIBBLE-only) in COMPATIBLE mode\nppc0: [ITHREAD]\nppbus0: \u003cParallel port bus\u003e on ppc0\nuart0: \u003cNon-standard ns8250 class UART with FIFOs\u003e port 0x3f8-0x3ff irq 4 \nflags 0x10 on acpi0\nuart0: [FILTER]\ncpu0: \u003cACPI CPU\u003e on acpi0\npmtimer0 on isa0\nsc0: \u003cSystem console\u003e at flags 0x100 on isa0\nsc0: VGA \u003c16 virtual consoles, flags=0x300\u003e\nvga0: \u003cGeneric ISA VGA\u003e at port 0x3c0-0x3df iomem 0xa0000-0xbffff on isa0\nTimecounter \"TSC\" frequency 2672214032 Hz quality 800\nTimecounters tick every 1.000 msec\ndriver bug: Unable to set devclass (devname: (null))\nad0: 4000MB \u003cQEMU HARDDISK 0.10.5\u003e at ata0-master WDMA2\nacd0: CDROM \u003cQEMU DVD-ROM/0.10.5\u003e at ata1-master WDMA2\nWARNING: WITNESS option enabled, expect reduced performance.\nTrying to mount root from ufs:/dev/ad0s1a\nTrying to mount root from ufs:/dev/ad0s1a\n(probe0:ata1:0:0:0): TEST UNIT READY. CDB: 0 0 0 0 0 0\n(probe0:ata1:0:0:0): CAM Status: SCSI Status Error\n(probe0:ata1:0:0:0): SCSI Status: Check Condition\n(probe0:ata1:0:0:0): NOT READY asc:3a,0\n(probe0:ata1:0:0:0): Medium not present\n(probe0:ata1:0:0:0): Unretryable error\ncd0 at ata1 bus 0 target 0 lun 0\ncd0: \u003cQEMU QEMU DVD-ROM 0.10\u003e Removable CD-ROM SCSI-0 device\ncd0: 16.000MB/s transfers\ncd0: Attempt to query device size failed: NOT READY, Medium not present\nlock order reversal:\n  1st 0xc3177250 bufwait (bufwait) @ kern/vfs_bio.c:2559\n  2nd 0xc35b2c00 dirhash (dirhash) @ ufs/ufs/ufs_dirhash.c:285\nKDB: stack backtrace:\ndb_trace_self_wrapper(d63a1a60,c08dfe38,c0c80821,c0c284c4,d63a1ac8,...) at \ndb_trace_self_wrapper+0x26\n_witness_debugger(c0c19b98,c35b2c00,c0c284c4,c342fce0,c0c80821,...) at \n_witness_debugger+0x25\nwitness_checkorder(c35b2c00,9,c0c80818,11d,0,...) at \nwitness_checkorder+0x7f6\n_sx_xlock(c35b2c00,0,c0c80818,11d,cd637490,...) at _sx_xlock+0x52\nufsdirhash_acquire(d63a1b2c,0,0,c00,490,...) at ufsdirhash_acquire+0x35\nufsdirhash_remove(c36e5bc8,cd637490,490,d63a1b60,d63a1b5c,...) at \nufsdirhash_remove+0x1d\nufs_dirremove(c35f4324,c370315c,500800c,0,c35f4324,...) at \nufs_dirremove+0x180\nufs_remove(d63a1c34,d63a1c44,d63a1c0c,d63a1c0c,c3726860,...) at \nufs_remove+0x81\nVOP_REMOVE_APV(c0d56ec0,d63a1c34,c3726860,d63a1c0c,bfbfeeec,...) at \nVOP_REMOVE_APV+0x5d\nkern_unlinkat(c3719900,ffffff9c,bfbfeeec,0,d63a1c80,...) at \nkern_unlinkat+0x23d\nkern_unlink(c3719900,bfbfeeec,0,d63a1d2c,c0b87b67,...) at kern_unlink+0x27\nunlink(c3719900,d63a1cf8,4,c0c282d2,c0d36218,...) at unlink+0x22\nsyscall(d63a1d38) at syscall+0x177\nXint0x80_syscall() at Xint0x80_syscall+0x20\n--- syscall (10, FreeBSD ELF32, unlink), eip = 0x28135c07, esp = \n0xbfbfebbc, ebp = 0xbfbfecb8 ---\ned0: ed_stop_hw RST never set\ned0: ed_stop_hw RST never set\nWaiting (max 60 seconds) for system process `vnlru' to stop...done\nWaiting (max 60 seconds) for system process `bufdaemon' to stop...done\nWaiting (max 60 seconds) for system process `syncer' to stop...\nSyncing disks, vnodes remaining...0 done\nAll buffers synced.\nlock order reversal:\n  1st 0xc35f49c4 ufs (ufs) @ kern/vfs_mount.c:1200\n  2nd 0xc35f4df4 devfs (devfs) @ kern/vfs_subr.c:2083\nKDB: stack backtrace:\ndb_trace_self_wrapper(d636e9e4,c08dfe38,c0c1e124,c0c11fcc,d636ea4c,...) at \ndb_trace_self_wrapper+0x26\n_witness_debugger(c0c19b98,c35f4df4,c0c11fcc,c342fba8,c0c1e124,...) at \n_witness_debugger+0x25\nwitness_checkorder(c35f4df4,9,c0c1e11b,823,0,...) at \nwitness_checkorder+0x7f6\n__lockmgr_args(c35f4df4,80100,c35f4e10,0,0,...) at __lockmgr_args+0xf00\nvop_stdlock(d636eb20,3,c35b0994,80000,c35f4d9c,...) at vop_stdlock+0x54\nVOP_LOCK1_APV(c0d32b00,d636eb20,c342ba40,c0d6f720,c35f4d9c,...) at \nVOP_LOCK1_APV+0x7f\n_vn_lock(c35f4d9c,80100,c0c1e11b,823,15f,...) at _vn_lock+0x49\nvget(c35f4d9c,80100,c36f5b40,15e,9d,...) at vget+0x66\ndevfs_allocv(c36dd080,c36df000,d636ebb4,9d,c35f496c,...) at \ndevfs_allocv+0x110\ndevfs_root(c36df000,80000,d636ebf0,4f5,c31b0df0,...) at devfs_root+0x4a\ndounmount(c36df000,80000,c36f5b40,c36f5b40,c3176230,...) at \ndounmount+0x53e\nvfs_unmountall(c31763e0,0,c0c174e4,129,0,...) at vfs_unmountall+0x50\nboot(c0da3a30,0,c0c174e4,ac,c0d36100,...) at boot+0x757\nreboot(c36f5b40,d636ecf8,4,c0c1add0,c0d36704,...) at reboot+0x77\nsyscall(d636ed38) at syscall+0x177\nXint0x80_syscall() at Xint0x80_syscall+0x20\n--- syscall (55, FreeBSD ELF32, reboot), eip = 0x28132687, esp = \n0xbfbfed3c, ebp = 0x1 ---\nUptime: 25m7s\nRebooting..."
}