{
 "id": 515720,
 "bug_id": 138002,
 "attachment_id": 0,
 "creation_time": "2009-08-20T21:30:01Z",
 "creator": "pcc@gmx.net",
 "text": "*** Observed three lock order reversals almost in a row. All but the second I (naively) think already have been reported elsewhere.\n\nlock order reversal:\n 1st 0xc561a270 ufs (ufs) @ /usr/Src-RELENG_8/sys/kern/vfs_mount.c:1054\n 2nd 0xc561a058 devfs (devfs) @ /usr/Src-RELENG_8/sys/kern/vfs_subr.c:2083\nKDB: stack backtrace:\ndb_trace_self_wrapper(c0c1fe7c,e7876814,c08be2a5,c08aee9b,c0c22de6,...) at db_trace_self_wrapper+0x26\nkdb_backtrace(c08aee9b,c0c22de6,c4d1f158,c4d1f088,e7876870,...) at kdb_backtrace+0x29\n_witness_debugger(c0c22de6,c561a058,c0c1176c,c4d1f088,c0c2a1f8,...) at _witness_debugger+0x25\nwitness_checkorder(c561a058,9,c0c2a1f8,823,0,...) at witness_checkorder+0x839\n__lockmgr_args(c561a058,80100,c561a074,0,0,...) at __lockmgr_args+0x7a7\nvop_stdlock(e7876978,c08be04b,c0c119af,80100,c561a000,...) at vop_stdlock+0x62\nVOP_LOCK1_APV(c0cfd660,e7876978,c52059a4,c0d38160,c561a000,...) at VOP_LOCK1_APV+0xb5\n_vn_lock(c561a000,80100,c0c2a1f8,823,8,...) at _vn_lock+0x5e\nvget(c561a000,80100,c5205900,15e,c0c118c8,...) at vget+0xb9\ndevfs_allocv(c55e2500,c519aa10,e7876a10,9d,c0edf078,...) at devfs_allocv+0x102\ndevfs_root(c519aa10,80000,e7876c30,42c,0,...) at devfs_root+0x4a\nvfs_donmount(c5205900,0,c5226180,c5226180,bfbfd7f9,...) at vfs_donmount+0x14c2\nnmount(c5205900,e7876cf8,c,c,c0d033b8,...) at nmount+0x75\nsyscall(e7876d38) at syscall+0x2a3\nXint0x80_syscall() at Xint0x80_syscall+0x20\n--- syscall (378, FreeBSD ELF32, nmount), eip = 0x280e876b, esp = 0xbfbfd7cc, ebp = 0xbfbfdd28 ---\nlock order reversal:\n 1st 0xd8d299f0 bufwait (bufwait) @ /usr/Src-RELENG_8/sys/kern/vfs_bio.c:2559\n 2nd 0xc518e200 dirhash (dirhash) @ /usr/Src-RELENG_8/sys/ufs/ufs/ufs_dirhash.c:285\nKDB: stack backtrace:\ndb_trace_self_wrapper(c0c1fe7c,e7894a74,c08be2a5,c08aee9b,c0c22de6,...) at db_trace_self_wrapper+0x26\nkdb_backtrace(c08aee9b,c0c22de6,c4d1bfc8,c4d1f1c0,e7894ad0,...) at kdb_backtrace+0x29\n_witness_debugger(c0c22de6,c518e200,c0c42b70,c4d1f1c0,c0c42800,...) at _witness_debugger+0x25\nwitness_checkorder(c518e200,9,c0c42800,11d,0,...) at witness_checkorder+0x839\n_sx_xlock(c518e200,0,c0c42800,11d,d9c2b36c,...) at _sx_xlock+0x85\nufsdirhash_acquire(0,e,c51b3000,d8d29990,d9c2b36c,...) at ufsdirhash_acquire+0x35\nufsdirhash_remove(c57050e8,d9c2b36c,36c,e7894b60,e7894b5c,...) at ufsdirhash_remove+0x14\nufs_dirremove(c56f410c,c56d8a6c,500800c,0,c56f410c,...) at ufs_dirremove+0xe5\nufs_remove(e7894c34,0,0,0,c571f53c,...) at\nufs_remove+0x6e\nVOP_REMOVE_APV(c0d1f760,e7894c34,c571f53c,e7894c0c,80f5200,...) at VOP_REMOVE_APV+0xa5\nkern_unlinkat(c570eb40,ffffff9c,80f5200,0,e7894c80,...) at kern_unlinkat+0x181\nkern_unlink(c570eb40,80f5200,0,e7894d2c,c0b5b453,...) at kern_unlink+0x27\nunlink(c570eb40,e7894cf8,4,c0c3d0bc,c0d00b78,...) at unlink+0x22\nsyscall(e7894d38) at syscall+0x2a3\nXint0x80_syscall() at Xint0x80_syscall+0x20\n--- syscall (10, FreeBSD ELF32, unlink), eip = 0x283936cf, esp = 0xbfbfc70c, ebp = 0xbfbfc738 ---\nlagg0: link state changed to DOWN\nsk1: link state changed to DOWN\nvlan0: link state changed to DOWN\nvlan2: link state changed to DOWN\nvlan3: link state changed to DOWN\nvlan1: link state changed to DOWN\nsk1: link state changed to UP\nCURVNET_SET(0xc4d450e0) in arp_ifscrub() on cpu 0, prev 0xc4d450e0 in soo_ioctl()\nlock order reversal:\n 1st 0xc5ab0164 ufs (ufs) @ /usr/Src-RELENG_8/sys/kern/vfs_subr.c:2083\n 2nd 0xd8e8e8a0 bufwait (bufwait) @ /usr/Src-RELENG_8/sys/ufs/ffs/ffs_softdep.c:6177\n 3rd 0xc6e8a6a0 ufs (ufs) @ /usr/Src-RELENG_8/sys/kern/vfs_subr.c:2083\nKDB: stack backtrace:\ndb_trace_self_wrapper(c0c1fe7c,e78fd3cc,c08be2a5,c08aee9b,c0c22dff,...) at db_trace_self_wrapper+0x26\nkdb_backtrace(c08aee9b,c0c22dff,c4d1bfc8,c4d1f158,e78fd428,...) at kdb_backtrace+0x29\n_witness_debugger(c0c22dff,c6e8a6a0,c0c15598,c4d1f158,c0c2a1f8,...) at _witness_debugger+0x25\nwitness_checkorder(c6e8a6a0,9,c0c2a1f8,823,0,...) at witness_checkorder+0x839\n__lockmgr_args(c6e8a6a0,80100,c6e8a6bc,0,0,...) at __lockmgr_args+0x7a7\nffs_lock(e78fd538,c08be04b,c0c296d0,80100,c6e8a648,...) at ffs_lock+0x8a\nVOP_LOCK1_APV(c0d1f760,e78fd538,c5a36764,c0d38160,c6e8a648,...) at VOP_LOCK1_APV+0xb5\n_vn_lock(c6e8a648,80100,c0c2a1f8,823,4,...) at _vn_lock+0x5e\nvget(c6e8a648,80100,c5a366c0,50,0,...) at vget+0xb9\nvfs_hash_get(c5459284,9701aa,80000,c5a366c0,e78fd694,...) at vfs_hash_get+0xe6\nffs_vgetf(c5459284,9701aa,80000,e78fd694,1,...) at ffs_vgetf+0x49\nsoftdep_sync_metadata(c5ab010c,0,c0c42470,146,0,...) at softdep_sync_metadata+0x5ba\nffs_syncvnode(c5ab010c,1,c0c1b267,c0c14bcd,3,...) at ffs_syncvnode+0x3e2\nffs_truncate(c5ab010c,200,0,880,c56b3100,...) at ffs_truncate+0x66a\nufs_direnter(c5ab010c,c6e8a648,e78fda1c,e78fdc00,d8f0c300,...) at ufs_direnter+0x8f6\nufs_mkdir(e78fdc28,e78fdc3c,0,0,e78fdb6c,...) at ufs_mkdir+0x8a7\nVOP_MKDIR_APV(c0d1f760,e78fdc28,e78fdc00,e78fdb6c,0,...) at VOP_MKDIR_APV+0xa5\nkern_mkdirat(c5a366c0,ffffff9c,bfbfe9fd,0,1ff,...) at kern_mkdirat+0x22b\nkern_mkdir(c5a366c0,bfbfe9fd,0,1ff,e78fdd2c,...) at kern_mkdir+0x2e\nmkdir(c5a366c0,e78fdcf8,8,c0c23750,c0d01940,...) at mkdir+0x29\nsyscall(e78fdd38) at syscall+0x2a3\nXint0x80_syscall() at Xint0x80_syscall+0x20\n--- syscall (136, FreeBSD ELF32, mkdir), eip = 0x281698e3, esp = 0xbfbfe78c, ebp = 0xbfbfe858 ---\n\n\n\n*** Corresponding kernel dmesg.\n\nCopyright (c) 1992-2009 The FreeBSD Project.\nCopyright (c) 1979, 1980, 1983, 1986, 1988, 1989, 1991, 1992, 1993, 1994\n        The Regents of the University of California. All rights reserved.\nFreeBSD is a registered trademark of The FreeBSD Foundation.\nFreeBSD 8.0-BETA2 #4: Mon Aug 17 13:46:34 UTC 2009\n    root@netserv.ka.cornelius:/usr/Obj-RELENG_8/usr/Src-RELENG_8/sys/NETSERV\nWARNING: WITNESS option enabled, expect reduced performance.\nTimecounter \"i8254\" frequency 1193182 Hz quality 0\nCPU: Intel Pentium III (1004.52-MHz 686-class CPU)\n  Origin = \"GenuineIntel\"  Id = 0x686  Stepping = 6\n  Features=0x383fbff\u003cFPU,VME,DE,PSE,TSC,MSR,PAE,MCE,CX8,APIC,SEP,MTRR,PGE,MCA,CMOV,PAT,PSE36,MMX,FXSR,SSE\u003e\nreal memory  = 1610612736 (1536 MB)\navail memory = 1559441408 (1487 MB)\nACPI APIC Table: \u003cASUS   CUV4X-D \u003e\nFreeBSD/SMP: Multiprocessor System Detected: 2 CPUs\nFreeBSD/SMP: 2 package(s) x 1 core(s)\n cpu0 (BSP): APIC ID:  3\n cpu1 (AP): APIC ID:  0\nWARNING: VIMAGE (virtualized network stack) is a highly experimental feature.\nioapic0 \u003cVersion 1.1\u003e irqs 0-23 on motherboard\nkbd1 at kbdmux0\ncryptosoft0: \u003csoftware crypto\u003e on motherboard\nacpi0: \u003cASUS CUV4X-D\u003e on motherboard\nacpi0: [ITHREAD]\nacpi0: Power Button (fixed)\nacpi0: reservation of 0, a0000 (3) failed\nacpi0: reservation of 100000, 5ff00000 (3) failed\nTimecounter \"ACPI-fast\" frequency 3579545 Hz quality 1000\nacpi_timer0: \u003c24-bit timer at 3.579545MHz\u003e port 0xe408-0xe40b on acpi0\nacpi_button0: \u003cPower Button\u003e on acpi0\npcib0: \u003cACPI Host-PCI bridge\u003e port 0xcf8-0xcff on acpi0\npci0: \u003cACPI PCI bus\u003e on pcib0\nagp0: \u003cVIA 82C691 (Apollo Pro) host to PCI bridge\u003e on hostb0\nagp0: aperture size is 256M\npcib1: \u003cACPI PCI-PCI bridge\u003e at device 1.0 on pci0\npci1: \u003cACPI PCI bus\u003e on pcib1\nvgapci0: \u003cVGA-compatible display\u003e port 0xd800-0xd8ff mem 0xfa000000-0xfaffffff,0xf9800000-0xf9800fff irq 16 at device 0.0 on\npci1\nisab0: \u003cPCI-ISA bridge\u003e at device 4.0 on pci0\nisa0: \u003cISA bus\u003e on isab0\natapci0: \u003cVIA 82C686B UDMA100 controller\u003e port 0x1f0-0x1f7,0x3f6,0x170-0x177,0x376,0xb800-0xb80f at device 4.1 on pci0\nata0: \u003cATA channel 0\u003e on atapci0\nata0: [ITHREAD]\nata1: \u003cATA channel 1\u003e on atapci0\nata1: [ITHREAD]\nuhci0: \u003cVIA 83C572 USB controller\u003e port 0xb400-0xb41f irq 5 at device 4.2 on pci0\nuhci0: [ITHREAD]\nusbus0: \u003cVIA 83C572 USB controller\u003e on uhci0\nuhci1: \u003cVIA 83C572 USB controller\u003e port 0xb000-0xb01f irq 5 at device 4.3 on pci0\nuhci1: [ITHREAD]\nusbus1: \u003cVIA 83C572 USB controller\u003e on uhci1\nskc0: \u003cD-Link DGE-530T Gigabit Ethernet\u003e port 0xa800-0xa8ff mem 0xf9000000-0xf9003fff at device 10.0 on pci0\nskc0: DGE-530T Gigabit Ethernet Adapter rev. (0x1)\nsk0: \u003cMarvell Semiconductor, Inc. Yukon\u003e on skc0\nsk0: Ethernet address: 00:13:46:6a:2d:f4\nmiibus0: \u003cMII bus\u003e on sk0\ne1000phy0: \u003cMarvell 88E1011 Gigabit PHY\u003e PHY 0 on miibus0\ne1000phy0:  10baseT, 10baseT-FDX, 100baseTX, 100baseTX-FDX, 1000baseT, 1000baseT-FDX, auto\nskc0: [ITHREAD]\nskc1: \u003cD-Link DGE-530T Gigabit Ethernet\u003e port 0xa400-0xa4ff mem 0xf8800000-0xf8803fff at device 11.0 on pci0\nskc1: DGE-530T Gigabit Ethernet Adapter rev. (0x1)\nsk1: \u003cMarvell Semiconductor, Inc. Yukon\u003e on skc1\nsk1: Ethernet address: 00:13:46:6a:2d:c6\nmiibus1: \u003cMII bus\u003e on sk1\ne1000phy1: \u003cMarvell 88E1011 Gigabit PHY\u003e PHY 0 on miibus1\ne1000phy1:  10baseT, 10baseT-FDX, 100baseTX, 100baseTX-FDX, 1000baseT, 1000baseT-FDX, auto\nskc1: [ITHREAD]\natapci1: \u003cPromise PDC20619 UDMA133 controller\u003e port 0xa000-0xa07f,0x9800-0x980f,0x9400-0x947f mem 0xf8000000-0xf8000fff,0xf7800000-0xf781ffff irq 16 at device 12.0 on pci0\natapci1: [ITHREAD]\natapci1: [ITHREAD]\nata2: \u003cATA channel 0\u003e on atapci1\nata2: [ITHREAD]\nata3: \u003cATA channel 1\u003e on atapci1\nata3: [ITHREAD]\nata4: \u003cATA channel 2\u003e on atapci1\nata4: [ITHREAD]\nata5: \u003cATA channel 3\u003e on atapci1\nata5: [ITHREAD]\nahc0: \u003cAdaptec 2940 SCSI adapter\u003e port 0x9000-0x90ff mem 0xf7000000-0xf7000fff irq 19 at device 13.0 on pci0\nahc0: [ITHREAD]\naic7870: Single Channel A, SCSI Id=7, 16/253 SCBs\natrtc0: \u003cAT realtime clock\u003e port 0x70-0x73 irq 8 on acpi0\nfdc1: \u003cfloppy drive controller\u003e port 0x3f2-0x3f5,0x3f7 irq 6 drq 2 on acpi0\nfdc1: [FILTER]\nppc0: \u003cParallel port\u003e port 0x378-0x37f,0x778-0x77b irq 7 drq 3 on acpi0\nppc0: SMC-like chipset (ECP/EPP/PS2/NIBBLE) in COMPATIBLE mode\nppc0: FIFO with 16/16/8 bytes threshold\nppc0: [ITHREAD]\nppbus0: \u003cParallel port bus\u003e on ppc0\nplip0: \u003cPLIP network interface\u003e on ppbus0\nplip0: [ITHREAD]\nlpt0: \u003cPrinter\u003e on ppbus0\nlpt0: [ITHREAD]\nlpt0: Interrupt-driven port\nppi0: \u003cParallel I/O\u003e on ppbus0\nuart0: \u003c16550 or compatible\u003e port 0x3f8-0x3ff irq 4 flags 0x10 on acpi0\nuart0: [FILTER]\nuart1: \u003c16550 or compatible\u003e port 0x2f8-0x2ff irq 3 on acpi0\nuart1: [FILTER]\natkbdc0: \u003cKeyboard controller (i8042)\u003e port 0x60,0x64 irq 1 on acpi0\natkbd0: \u003cAT Keyboard\u003e irq 1 on atkbdc0\nkbd0 at atkbd0\natkbd0: [GIANT-LOCKED]\natkbd0: [ITHREAD]\ncpu0: \u003cACPI CPU\u003e on acpi0\ncpu1: \u003cACPI CPU\u003e on acpi0\npmtimer0 on isa0\norm0: \u003cISA Option ROMs\u003e at iomem 0xc0000-0xce7ff,0xd8000-0xd87ff pnpid ORM0000 on isa0\nsc0: \u003cSystem console\u003e at flags 0x100 on isa0\nsc0: VGA \u003c16 virtual consoles, flags=0x300\u003e\nvga0: \u003cGeneric ISA VGA\u003e at port 0x3c0-0x3df iomem 0xa0000-0xbffff on isa0\nfdc0: No FDOUT register!\nTimecounters tick every 1.000 msec\nusbus0: 12Mbps Full Speed USB v1.0\nusbus1: 12Mbps Full Speed USB v1.0\nacd0: DVDR \u003cHL-DT-ST DVDRAM GSA-4040B/A301\u003e at ata1-master UDMA33\nad4: 305245MB \u003cSeagate ST3320620A 3.AAC\u003e at ata2-master UDMA100\nad6: 305245MB \u003cSeagate ST3320620A 3.AAC\u003e at ata3-master UDMA100\nWaiting 5 seconds for SCSI devices to settle\nugen0.1: \u003cVIA\u003e at usbus0\nuhub0: \u003cVIA UHCI root HUB, class 9/0, rev 1.00/1.00, addr 1\u003e on usbus0\nGEOM: ad4s1: geometry does not match label (255h,63s != 16h,63s).\nGEOM: ad6s1: geometry does not match label (255h,63s != 16h,63s).\nuhub0: 2 ports with 2 removable, self powered\nugen1.1: \u003cVIA\u003e at usbus1\nuhub1: \u003cVIA UHCI root HUB, class 9/0, rev 1.00/1.00, addr 1\u003e on usbus1\nuhub1: 2 ports with 2 removable, self powered\nar0: 305175MB \u003cPromise Fasttrak RAID1\u003e status: READY\nar0: disk0 READY (master) using ad4 at ata2-master\nar0: disk1 READY (mirror) using ad6 at ata3-master\nSMP: AP CPU #1 Launched!\nWARNING: WITNESS option enabled, expect reduced performance.\nTrying to mount root from ufs:/dev/ar0s1a\nGEOM_ELI: Device ar0s1e.eli created.\nGEOM_ELI: Encryption: AES-CBC 128\nGEOM_ELI:     Crypto: software\nGEOM_ELI: Device ar0s1f.eli created.\nGEOM_ELI: Encryption: AES-CBC 128\nGEOM_ELI:     Crypto: software\nGEOM_ELI: Device ar0s1d.eli created.\nGEOM_ELI: Encryption: AES-CBC 128\nGEOM_ELI:     Crypto: software\nGEOM_ELI: Device ar0s1b.eli created.\nGEOM_ELI: Encryption: AES-CBC 256\nGEOM_ELI:     Crypto: software\n\n\n*** Kernel config file is GENERIC with a few minor changes (please note that build no. 4 was the first one with VIMAGE turned on):\n\n# diff /usr/src/sys/i386/conf/GENERIC /usr/src/sys/i386/conf/NETSERV\n21,22c21,22\n\u003c cpu           I486_CPU\n\u003c cpu           I586_CPU\n---\n\u003e #cpu          I486_CPU\n\u003e #cpu          I586_CPU\n24c24,25\n\u003c ident         GENERIC\n---\n\u003e ident         VNETSERV\n\u003e #ident                NETSERV\n41c42,43\n\u003c options       SCTP                    # Stream Control Transmission Protocol\n---\n\u003e # SCTP is not yet compatible with VIMAGE.\n\u003e #options      SCTP                    # Stream Control Transmission Protocol\n343a346,354\n\u003e\n\u003e options               SC_NORM_ATTR=(FG_GREEN|BG_BLACK)\n\u003e options               SC_NORM_REV_ATTR=(FG_YELLOW|BG_GREEN)\n\u003e options               SC_KERNEL_CONS_ATTR=(FG_RED|BG_BLACK)\n\u003e options               SC_KERNEL_CONS_REV_ATTR=(FG_BLACK|BG_RED)\n\u003e\n\u003e # Network stack virtualisation.\n\u003e options               VIMAGE\n\u003e options               VNET_DEBUG\n\n\n*** NB. This LOR, I have also found earlier on the prior kernel build, from the log:\n\nAug 16 13:51:56 netserv syslogd: kernel boot file is /boot/kernel/kernel\nAug 16 13:51:56 netserv kernel: Copyright (c) 1992-2009 The FreeBSD Project.\nAug 16 13:51:56 netserv kernel: Copyright (c) 1979, 1980, 1983, 1986, 1988, 1989, 1991, 1992, 1993, 1994\nAug 16 13:51:56 netserv kernel: The Regents of the University of California. All rights reserved.\nAug 16 13:51:56 netserv kernel: FreeBSD is a registered trademark of The FreeBSD Foundation.\nAug 16 13:51:56 netserv kernel: FreeBSD 8.0-BETA2 #3: Sun Aug 16 10:28:08 UTC 2009\nAug 16 13:51:56 netserv kernel: root@netserv.ka.cornelius:/usr/Obj-RELENG_8/usr/Src-RELENG_8/sys/NETSERV\nAug 16 13:51:56 netserv kernel: WARNING: WITNESS option enabled, expect reduced performance.\nAug 16 13:51:56 netserv kernel: Timecounter \"i8254\" frequency 1193182 Hz quality 0\nAug 16 13:51:56 netserv kernel: CPU: Intel Pentium III (1004.52-MHz 686-class CPU)\nAug 16 13:51:56 netserv kernel: Origin = \"GenuineIntel\"  Id = 0x686  Stepping = 6\nAug 16 13:51:56 netserv kernel: Features=0x383fbff\u003cFPU,VME,DE,PSE,TSC,MSR,PAE,MCE,CX8,APIC,SEP,MTRR,PGE,MCA,CMOV,PAT,PSE36,MM\nX,FXSR,SSE\u003e\nAug 16 13:51:56 netserv kernel: real memory  = 1610612736 (1536 MB)\nAug 16 13:51:56 netserv kernel: avail memory = 1559375872 (1487 MB)\nAug 16 13:51:56 netserv kernel: ACPI APIC Table: \u003cASUS   CUV4X-D \u003e\nAug 16 13:51:56 netserv kernel: FreeBSD/SMP: Multiprocessor System Detected: 2 CPUs\nAug 16 13:51:56 netserv kernel: FreeBSD/SMP: 2 package(s) x 1 core(s)\nAug 16 13:51:56 netserv kernel: cpu0 (BSP): APIC ID:  3\nAug 16 13:51:56 netserv kernel: cpu1 (AP): APIC ID:  0\nAug 16 13:51:56 netserv kernel: ioapic0 \u003cVersion 1.1\u003e irqs 0-23 on motherboard\nAug 16 13:51:56 netserv kernel: kbd1 at kbdmux0\nAug 16 13:51:56 netserv kernel: cryptosoft0: \u003csoftware crypto\u003e on motherboard\nAug 16 13:51:56 netserv kernel: acpi0: \u003cASUS CUV4X-D\u003e on motherboard\nAug 16 13:51:56 netserv kernel: acpi0: [ITHREAD]\nAug 16 13:51:56 netserv kernel: acpi0: Power Button (fixed)\nAug 16 13:51:56 netserv kernel: acpi0: reservation of 0, a0000 (3) failed\nAug 16 13:51:56 netserv kernel: acpi0: reservation of 100000, 5ff00000 (3) failed\nAug 16 13:51:56 netserv kernel: Timecounter \"ACPI-fast\" frequency 3579545 Hz quality 1000\nAug 16 13:51:56 netserv kernel: acpi_timer0: \u003c24-bit timer at 3.579545MHz\u003e port 0xe408-0xe40b on acpi0\nAug 16 13:51:56 netserv kernel: acpi_button0: \u003cPower Button\u003e on acpi0\nAug 16 13:51:56 netserv kernel: pcib0: \u003cACPI Host-PCI bridge\u003e port 0xcf8-0xcff on acpi0\nAug 16 13:51:56 netserv kernel: pci0: \u003cACPI PCI bus\u003e on pcib0\nAug 16 13:51:56 netserv kernel: agp0: \u003cVIA 82C691 (Apollo Pro) host to PCI bridge\u003e on hostb0\nAug 16 13:51:56 netserv kernel: agp0: aperture size is 256M\nAug 16 13:51:56 netserv kernel: pcib1: \u003cACPI PCI-PCI bridge\u003e at device 1.0 on pci0\nAug 16 13:51:56 netserv kernel: pci1: \u003cACPI PCI bus\u003e on pcib1\nAug 16 13:51:56 netserv kernel: vgapci0: \u003cVGA-compatible display\u003e port 0xd800-0xd8ff mem 0xfa000000-0xfaffffff,0xf9800000-0xf\n9800fff irq 16 at device 0.0 on pci1\nAug 16 13:51:56 netserv kernel: isab0: \u003cPCI-ISA bridge\u003e at device 4.0 on pci0\nAug 16 13:51:56 netserv kernel: isa0: \u003cISA bus\u003e on isab0\nAug 16 13:51:56 netserv kernel: atapci0: \u003cVIA 82C686B UDMA100 controller\u003e port 0x1f0-0x1f7,0x3f6,0x170-0x177,0x376,0xb800-0xb\n80f at device 4.1 on pci0\nAug 16 13:51:56 netserv kernel: ata0: \u003cATA channel 0\u003e on atapci0\nAug 16 13:51:56 netserv kernel: ata0: [ITHREAD]\nAug 16 13:51:56 netserv kernel: ata1: \u003cATA channel 1\u003e on atapci0\nAug 16 13:51:56 netserv kernel: ata1: [ITHREAD]\nAug 16 13:51:56 netserv kernel: uhci0: \u003cVIA 83C572 USB controller\u003e port 0xb400-0xb41f irq 5 at device 4.2 on pci0\nAug 16 13:51:56 netserv kernel: uhci0: [ITHREAD]\nAug 16 13:51:56 netserv kernel: usbus0: \u003cVIA 83C572 USB controller\u003e on uhci0\nAug 16 13:51:56 netserv kernel: uhci1: \u003cVIA 83C572 USB controller\u003e port 0xb000-0xb01f irq 5 at device 4.3 on pci0\nAug 16 13:51:56 netserv kernel: uhci1: [ITHREAD]\nAug 16 13:51:56 netserv kernel: usbus1: \u003cVIA 83C572 USB controller\u003e on uhci1\nAug 16 13:51:56 netserv kernel: skc0: \u003cD-Link DGE-530T Gigabit Ethernet\u003e port 0xa800-0xa8ff mem 0xf9000000-0xf9003fff at devi\nce 10.0 on pci0\nAug 16 13:51:56 netserv kernel: skc0: DGE-530T Gigabit Ethernet Adapter rev. (0x1)\nAug 16 13:51:56 netserv kernel: sk0: \u003cMarvell Semiconductor, Inc. Yukon\u003e on skc0\nAug 16 13:51:56 netserv kernel: sk0: Ethernet address: 00:13:46:6a:2d:f4\nAug 16 13:51:56 netserv kernel: miibus0: \u003cMII bus\u003e on sk0\nAug 16 13:51:56 netserv kernel: e1000phy0: \u003cMarvell 88E1011 Gigabit PHY\u003e PHY 0 on miibus0\nAug 16 13:51:56 netserv kernel: e1000phy0:  10baseT, 10baseT-FDX, 100baseTX, 100baseTX-FDX, 1000baseT, 1000baseT-FDX, auto\nAug 16 13:51:56 netserv kernel: skc0: [ITHREAD]\nAug 16 13:51:56 netserv kernel: skc1: \u003cD-Link DGE-530T Gigabit Ethernet\u003e port 0xa400-0xa4ff mem 0xf8800000-0xf8803fff at device 11.0 on pci0\nAug 16 13:51:56 netserv kernel: skc1: DGE-530T Gigabit Ethernet Adapter rev. (0x1)\nAug 16 13:51:56 netserv kernel: sk1: \u003cMarvell Semiconductor, Inc. Yukon\u003e on skc1\nAug 16 13:51:56 netserv kernel: sk1: Ethernet address: 00:13:46:6a:2d:c6\nAug 16 13:51:56 netserv kernel: miibus1: \u003cMII bus\u003e on sk1\nAug 16 13:51:56 netserv kernel: e1000phy1: \u003cMarvell 88E1011 Gigabit PHY\u003e PHY 0 on miibus1\nAug 16 13:51:56 netserv kernel: e1000phy1:  10baseT, 10baseT-FDX, 100baseTX, 100baseTX-FDX, 1000baseT, 1000baseT-FDX, auto\nAug 16 13:51:56 netserv kernel: skc1: [ITHREAD]\nAug 16 13:51:56 netserv kernel: atapci1: \u003cPromise PDC20619 UDMA133 controller\u003e port 0xa000-0xa07f,0x9800-0x980f,0x9400-0x947f mem 0xf8000000-0xf8000fff,0xf7800000-0xf781ffff irq 16 at device 12.0 on pci0\nAug 16 13:51:56 netserv kernel: atapci1: [ITHREAD]\nAug 16 13:51:56 netserv kernel: atapci1: [ITHREAD]\nAug 16 13:51:56 netserv kernel: ata2: \u003cATA channel 0\u003e on atapci1\nAug 16 13:51:56 netserv kernel: ata2: [ITHREAD]\nAug 16 13:51:56 netserv kernel: ata3: \u003cATA channel 1\u003e on atapci1\nAug 16 13:51:56 netserv kernel: ata3: [ITHREAD]\nAug 16 13:51:56 netserv kernel: ata4: \u003cATA channel 2\u003e on atapci1\nAug 16 13:51:56 netserv kernel: ata4: [ITHREAD]\nAug 16 13:51:56 netserv kernel: ata5: \u003cATA channel 3\u003e on atapci1\nAug 16 13:51:56 netserv kernel: ata5: [ITHREAD]\nAug 16 13:51:56 netserv kernel: ahc0: \u003cAdaptec 2940 SCSI adapter\u003e port 0x9000-0x90ff mem 0xf7000000-0xf7000fff irq 19 at device 13.0 on pci0\nAug 16 13:51:56 netserv kernel: ahc0: [ITHREAD]\nAug 16 13:51:56 netserv kernel: aic7870: Single Channel A, SCSI Id=7, 16/253 SCBs\nAug 16 13:51:56 netserv kernel: atrtc0: \u003cAT realtime clock\u003e port 0x70-0x73 irq 8 on acpi0\nAug 16 13:51:56 netserv kernel: fdc1: \u003cfloppy drive controller\u003e port 0x3f2-0x3f5,0x3f7 irq 6 drq 2 on acpi0\nAug 16 13:51:56 netserv kernel: fdc1: [FILTER]\nAug 16 13:51:56 netserv kernel: ppc0: \u003cParallel port\u003e port 0x378-0x37f,0x778-0x77b irq 7 drq 3 on acpi0\nAug 16 13:51:56 netserv kernel: ppc0: SMC-like chipset (ECP/EPP/PS2/NIBBLE) in COMPATIBLE mode\nAug 16 13:51:56 netserv kernel: ppc0: FIFO with 16/16/8 bytes threshold\nAug 16 13:51:56 netserv kernel: ppc0: [ITHREAD]\nAug 16 13:51:56 netserv kernel: ppbus0: \u003cParallel port bus\u003e on ppc0\nAug 16 13:51:56 netserv kernel: plip0: \u003cPLIP network interface\u003e on ppbus0\nAug 16 13:51:56 netserv kernel: plip0: [ITHREAD]\nAug 16 13:51:56 netserv kernel: lpt0: \u003cPrinter\u003e on ppbus0\nAug 16 13:51:56 netserv kernel: lpt0: [ITHREAD]\nAug 16 13:51:56 netserv kernel: lpt0: Interrupt-driven port\nAug 16 13:51:56 netserv kernel: ppi0: \u003cParallel I/O\u003e on ppbus0\nAug 16 13:51:56 netserv kernel: uart0: \u003c16550 or compatible\u003e port 0x3f8-0x3ff irq 4 flags 0x10 on acpi0\nAug 16 13:51:56 netserv kernel: uart0: [FILTER]\nAug 16 13:51:56 netserv kernel: uart1: \u003c16550 or compatible\u003e port 0x2f8-0x2ff irq 3 on acpi0\nAug 16 13:51:56 netserv kernel: uart1: [FILTER]\nAug 16 13:51:56 netserv kernel: atkbdc0: \u003cKeyboard controller (i8042)\u003e port 0x60,0x64 irq 1 on acpi0\nAug 16 13:51:56 netserv kernel: atkbd0: \u003cAT Keyboard\u003e irq 1 on atkbdc0\nAug 16 13:51:56 netserv kernel: kbd0 at atkbd0\nAug 16 13:51:56 netserv kernel: atkbd0: [GIANT-LOCKED]\nAug 16 13:51:56 netserv kernel: atkbd0: [ITHREAD]\nAug 16 13:51:56 netserv kernel: cpu0: \u003cACPI CPU\u003e on acpi0\nAug 16 13:51:56 netserv kernel: cpu1: \u003cACPI CPU\u003e on acpi0\nAug 16 13:51:56 netserv kernel: pmtimer0 on isa0\nAug 16 13:51:56 netserv kernel: orm0: \u003cISA Option ROMs\u003e at iomem 0xc0000-0xce7ff,0xd8000-0xd87ff pnpid ORM0000 on isa0\nAug 16 13:51:56 netserv kernel: sc0: \u003cSystem console\u003e at flags 0x100 on isa0\nAug 16 13:51:56 netserv kernel: sc0: VGA \u003c16 virtual consoles, flags=0x300\u003e\nAug 16 13:51:56 netserv kernel: vga0: \u003cGeneric ISA VGA\u003e at port 0x3c0-0x3df iomem 0xa0000-0xbffff on isa0\nAug 16 13:51:56 netserv kernel: fdc0: No FDOUT register!\nAug 16 13:51:56 netserv kernel: Timecounters tick every 1.000 msec\nAug 16 13:51:56 netserv kernel: Waiting 5 seconds for SCSI devices to settle\nAug 16 13:51:56 netserv kernel: usbus0: 12Mbps Full Speed USB v1.0\nAug 16 13:51:56 netserv kernel: usbus1: 12Mbps Full Speed USB v1.0\nAug 16 13:51:56 netserv kernel: acd0: DVDR \u003cHL-DT-ST DVDRAM GSA-4040B/A301\u003e at ata1-master UDMA33\nAug 16 13:51:56 netserv kernel: ad4: 305245MB \u003cSeagate ST3320620A 3.AAC\u003e at ata2-master UDMA100\nAug 16 13:51:56 netserv kernel: ad6: 305245MB \u003cSeagate ST3320620A 3.AAC\u003e at ata3-master UDMA100\nAug 16 13:51:56 netserv kernel: ugen0.1: \u003cVIA\u003e at usbus0\nAug 16 13:51:56 netserv kernel: uhub0: \u003cVIA UHCI root HUB, class 9/0, rev 1.00/1.00, addr 1\u003e on usbus0\nAug 16 13:51:56 netserv kernel: GEOM: ad4s1: geometry does not match label (255h,63s != 16h,63s).\nAug 16 13:51:56 netserv kernel: GEOM: ad6s1: geometry does not match label (255h,63s != 16h,63s).\nAug 16 13:51:56 netserv kernel: uhub0: 2 ports with 2 removable, self powered\nAug 16 13:51:56 netserv kernel: ugen1.1: \u003cVIA\u003e at usbus1\nAug 16 13:51:56 netserv kernel: uhub1: \u003cVIA UHCI root HUB, class 9/0, rev 1.00/1.00, addr 1\u003e on usbus1\nAug 16 13:51:56 netserv kernel: uhub1: 2 ports with 2 removable, self powered\nAug 16 13:51:56 netserv kernel: ar0: 305175MB \u003cPromise Fasttrak RAID1\u003e status: READY\nAug 16 13:51:56 netserv kernel: ar0: disk0 READY (master) using ad4 at ata2-master\nAug 16 13:51:56 netserv kernel: ar0: disk1 READY (mirror) using ad6 at ata3-master\nAug 16 13:51:56 netserv kernel: SMP: AP CPU #1 Launched!\nAug 16 13:51:56 netserv kernel: WARNING: WITNESS option enabled, expect reduced performance.\nAug 16 13:51:56 netserv kernel: Trying to mount root from ufs:/dev/ar0s1a\nAug 16 13:51:56 netserv kernel: GEOM_ELI: Device ar0s1e.eli created.\nAug 16 13:51:56 netserv kernel: GEOM_ELI: Encryption: AES-CBC 128\nAug 16 13:51:56 netserv kernel: GEOM_ELI:     Crypto: software\nAug 16 13:51:56 netserv kernel: GEOM_ELI: Device ar0s1f.eli created.\nAug 16 13:51:56 netserv kernel: GEOM_ELI: Encryption: AES-CBC 128\nAug 16 13:51:56 netserv kernel: GEOM_ELI:     Crypto: software\nAug 16 13:51:56 netserv kernel: GEOM_ELI: Device ar0s1d.eli created.\nAug 16 13:51:56 netserv kernel: GEOM_ELI: Encryption: AES-CBC 128\nAug 16 13:51:56 netserv kernel: GEOM_ELI:     Crypto: software\nAug 16 13:51:56 netserv kernel: GEOM_ELI: Device ar0s1b.eli created.\nAug 16 13:51:56 netserv kernel: GEOM_ELI: Encryption: AES-CBC 256\nAug 16 13:51:56 netserv kernel: GEOM_ELI:     Crypto: software\nAug 16 13:51:56 netserv root: /etc/rc: WARNING: Dump device does not exist.  Savecore not run.\nAug 16 13:51:58 netserv kernel: sk1: link state changed to UP\nAug 16 13:51:58 netserv kernel: lagg0: link state changed to UP\nAug 16 13:51:58 netserv kernel: vlan0: link state changed to UP\nAug 16 13:51:58 netserv kernel: vlan2: link state changed to UP\nAug 16 13:51:58 netserv kernel: vlan3: link state changed to UP\nAug 16 13:51:58 netserv kernel: vlan1: link state changed to UP\nAug 16 13:51:59 netserv root: /etc/rc: WARNING: Ignoring scratch file /usr/local/etc/rc.d/ezjail.sh.orig\nAug 16 13:51:59 netserv sshd[1417]: error: Bind to port 22 on 192.168.10.10 failed: Can't assign requested address.\nAug 16 13:51:59 netserv sshd[1417]: fatal: Cannot bind any address.\nAug 16 13:52:03 netserv kernel: sk0: link state changed to UP\nAug 16 13:52:13 netserv login: ROOT LOGIN (root) ON ttyv1\nAug 16 13:55:17 netserv login: ROOT LOGIN (root) ON ttyv2\nAug 16 13:57:12 netserv login: ROOT LOGIN (root) ON ttyv3\nAug 16 13:58:56 netserv kernel: lock order reversal:\nAug 16 13:58:56 netserv kernel: 1st 0xd8d413f0 bufwait (bufwait) @ /usr/Src-RELENG_8/sys/kern/vfs_bio.c:2559\nAug 16 13:58:56 netserv kernel: 2nd 0xc5782000 dirhash (dirhash) @ /usr/Src-RELENG_8/sys/ufs/ufs/ufs_dirhash.c:285\nAug 16 13:58:56 netserv kernel: KDB: stack backtrace:\nAug 16 13:58:56 netserv kernel: db_trace_self_wrapper(c0c73804,e782c75c,c08c0d25,c08b1a0b,c0c7675b,...) at db_trace_self_wrapper+0x26\nAug 16 13:58:56 netserv kernel: kdb_backtrace(c08b1a0b,c0c7675b,c4d2be90,c4d2f228,e782c7b8,...) at kdb_backtrace+0x29\nAug 16 13:58:56 netserv kernel: _witness_debugger(c0c7675b,c5782000,c0c97efa,c4d2f228,c0c97b8a,...) at _witness_debugger+0x25\nAug 16 13:58:56 netserv kernel: witness_checkorder(c5782000,9,c0c97b8a,11d,0,...) at witness_checkorder+0x839\nAug 16 13:58:56 netserv kernel: _sx_xlock(c5782000,0,c0c97b8a,11d,c58d9ae0,...) at _sx_xlock+0x85\nAug 16 13:58:56 netserv kernel: ufsdirhash_acquire(d8d41390,da0ab800,200,da0ab818,e782c888,...) at ufsdirhash_acquire+0x35\nAug 16 13:58:56 netserv kernel: ufsdirhash_add(c58d9ae0,e782c8d0,818,e782c874,e782c878,...) at ufsdirhash_add+0x13\nAug 16 13:58:56 netserv kernel: ufs_direnter(c596953c,c596696c,e782c8d0,e782cbd0,0,...) at ufs_direnter+0x729\nAug 16 13:58:56 netserv kernel: ufs_makeinode(e782cbd0,0,e782cabc,e782ca18,c0bbc895,...) at\nAug 16 13:58:56 netserv kernel: ufs_makeinode+0x508\nAug 16 13:58:56 netserv kernel: ufs_create(e782cabc,e782cad4,0,0,e782cba4,...) at ufs_create+0x30\nAug 16 13:58:56 netserv kernel: VOP_CREATE_APV(c0d77740,e782cabc,e782cbd0,e782ca54,0,...) at VOP_CREATE_APV+0xa5\nAug 16 13:58:56 netserv kernel: vn_open_cred(e782cba4,e782cc5c,1a4,0,c51d2b00,...) at vn_open_cred+0x215\nAug 16 13:58:56 netserv kernel: vn_open(e782cba4,e782cc5c,1a4,c51fadc8,c0c98f76,...) at vn_open+0x3b\nAug 16 13:58:56 netserv kernel: kern_openat(c5232000,ffffff9c,28412180,0,a02,...) at kern_openat+0x11f\nAug 16 13:58:56 netserv kernel: kern_open(c5232000,28412180,0,a01,1a4,...) at kern_open+0x35\nAug 16 13:58:56 netserv kernel: open(c5232000,e782ccf8,c,c0c77024,c0d55f6c,...) at open+0x30\nAug 16 13:58:56 netserv kernel: syscall(e782cd38) at syscall+0x2a3\nAug 16 13:58:56 netserv kernel: Xint0x80_syscall() at Xint0x80_syscall+0x20\nAug 16 13:58:56 netserv kernel: --- syscall (5, FreeBSD ELF32, open), eip = 0x28335923, esp = 0xbfbfe7bc, ebp = 0xbfbfe7e8 ---\n\nHow-To-Repeat: no idea at this time. I just boot and wait..."
}