{
 "id": 437476,
 "bug_id": 122048,
 "attachment_id": 0,
 "creation_time": "2008-03-24T13:40:01Z",
 "creator": "unexpectedvalue@yahoo.com",
 "text": "The crash predictably happens during copying with scp between two\nidentical machines on the 100 MBit/s LAN. It takes between 0.07 and 17\nGbytes of data to get transferred before the crash happens on the machine\nthe data was copied FROM. scp was in the recursive mode and scp user was\non the machine the data was copied TO.\n\nThe actual transfer speed was around 70-90 mbit/sec and sshd CPU usage on\nthe source machine was near 50%.\n\nWe tried different individual file sizes between 0.5 and 150Mb and it did\nnot make a difference.\n\nSwitching the direction produces the same result - crash is allways on the\nsource machine.\n\nHere is dmesg output after the crash:\n\nCopyright (c) 1992-2008 The FreeBSD Project.\nCopyright (c) 1979, 1980, 1983, 1986, 1988, 1989, 1991, 1992, 1993, 1994\n        The Regents of the University of California. All rights reserved.\nFreeBSD is a registered trademark of The FreeBSD Foundation.\nFreeBSD 6.3-RELEASE #0: Tue Feb 19 22:30:21 UTC 2008\n    root@:/usr/src/sys/i386/compile/CUSTOM\nACPI APIC Table: \u003cHPQOEM SLIC-CPC\u003e\nTimecounter \"i8254\" frequency 1193182 Hz quality 0\nCPU: AMD Athlon(tm) 64 X2 Dual Core Processor 4000+ (2104.40-MHz 686-class CPU)\n  Origin = \"AuthenticAMD\"  Id = 0x60fb1  Stepping = 1\n  Features=0x178bfbff\u003cFPU,VME,DE,PSE,TSC,MSR,PAE,MCE,CX8,APIC,SEP,MTRR,PGE,MCA,CMOV,PAT,PSE36,CLFLUSH,MMX,FXSR,SSE,SSE2,HTT\u003e\n  Features2=0x2001\u003cSSE3,CX16\u003e\n  AMD Features=0xea500800\u003cSYSCALL,NX,MMX+,FFXSR,RDTSCP,LM,3DNow!+,3DNow!\u003e\n  AMD Features2=0x11f\u003cLAHF,CMP,SVM,ExtAPIC,CR8,Prefetch\u003e\n  Cores per package: 2\nreal memory  = 938409984 (894 MB)\navail memory = 904908800 (862 MB)\nioapic0: Changing APIC ID to 2\nioapic0 \u003cVersion 1.1\u003e irqs 0-23 on motherboard\nkbd1 at kbdmux0\nath_hal: 0.9.20.3 (AR5210, AR5211, AR5212, RF5111, RF5112, RF2413, RF5413)\nhptrr: HPT RocketRAID controller driver v1.1 (Feb 19 2008 22:30:08)\nacpi0: \u003cHPQOEM SLIC-CPC\u003e on motherboard\nacpi0: Power Button (fixed)\nTimecounter \"ACPI-fast\" frequency 3579545 Hz quality 1000\nacpi_timer0: \u003c24-bit timer at 3.579545MHz\u003e port 0x4008-0x400b on acpi0\nacpi_hpet0: \u003cHigh Precision Event Timer\u003e iomem 0xfefff000-0xfefff3ff on acpi0\nTimecounter \"HPET\" frequency 25000000 Hz quality 900\ncpu0: \u003cACPI CPU\u003e on acpi0\nacpi_button0: \u003cPower Button\u003e on acpi0\npcib0: \u003cACPI Host-PCI bridge\u003e port 0xcf8-0xcff on acpi0\npci0: \u003cACPI PCI bus\u003e on pcib0\npci0: \u003cmemory, RAM\u003e at device 0.0 (no driver attached)\npci0: \u003cmemory, RAM\u003e at device 0.1 (no driver attached)\npci0: \u003cmemory, RAM\u003e at device 0.2 (no driver attached)\npci0: \u003cmemory, RAM\u003e at device 0.3 (no driver attached)\npci0: \u003cmemory, RAM\u003e at device 0.4 (no driver attached)\npci0: \u003cmemory, RAM\u003e at device 0.5 (no driver attached)\npci0: \u003cmemory, RAM\u003e at device 0.6 (no driver attached)\npci0: \u003cmemory, RAM\u003e at device 0.7 (no driver attached)\npcib1: \u003cACPI PCI-PCI bridge\u003e at device 4.0 on pci0\npci1: \u003cACPI PCI bus\u003e on pcib1\npci0: \u003cdisplay, VGA\u003e at device 5.0 (no driver attached)\npci0: \u003cmemory, RAM\u003e at device 9.0 (no driver attached)\nisab0: \u003cPCI-ISA bridge\u003e at device 10.0 on pci0\nisa0: \u003cISA bus\u003e on isab0\npci0: \u003cserial bus, SMBus\u003e at device 10.1 (no driver attached)\npci0: \u003cmemory, RAM\u003e at device 10.2 (no driver attached)\nohci0: \u003cOHCI (generic) USB controller\u003e mem 0xfe02f000-0xfe02ffff irq 21 at device 11.0 on pci0\nohci0: [GIANT-LOCKED]\nusb0: OHCI version 1.0, legacy support\nusb0: \u003cOHCI (generic) USB controller\u003e on ohci0\nusb0: USB revision 1.0\nuhub0: nVidia OHCI root hub, class 9/0, rev 1.00/1.00, addr 1\nuhub0: 8 ports with 8 removable, self powered\nehci0: \u003cEHCI (generic) USB 2.0 controller\u003e mem 0xfe02e000-0xfe02e0ff irq 22 at device 11.1 on pci0\nehci0: [GIANT-LOCKED]\nusb1: EHCI version 1.0\nusb1: companion controller, 8 ports each: usb0\nusb1: \u003cEHCI (generic) USB 2.0 controller\u003e on ehci0\nusb1: USB revision 2.0\nuhub1: nVidia EHCI root hub, class 9/0, rev 2.00/1.00, addr 1\nuhub1: 8 ports with 8 removable, self powered\numass0: Generic Mass Storage Device, rev 2.00/1.00, addr 2\nugen0: Ralink 802.11 bg WLAN, rev 2.00/0.01, addr 3\natapci0: \u003cnVidia nForce MCP51 SATA300 controller\u003e port 0x9f0-0x9f7,0xbf0-0xbf3,0x970-0x977,0xb70-0xb73,0xe400-0xe40f mem 0xfe02d000-0xfe02dfff irq 23 at device 14.0 on pci0\nata2: \u003cATA channel 0\u003e on atapci0\nata3: \u003cATA channel 1\u003e on atapci0\natapci1: \u003cnVidia nForce MCP51 SATA300 controller\u003e port 0x9e0-0x9e7,0xbe0-0xbe3,0x960-0x967,0xb60-0xb63,0xd000-0xd00f mem 0xfe02c000-0xfe02cfff irq 20 at device 15.0 on pci0\nata4: \u003cATA channel 0\u003e on atapci1\nata5: \u003cATA channel 1\u003e on atapci1\npcib2: \u003cACPI PCI-PCI bridge\u003e at device 16.0 on pci0\npci2: \u003cACPI PCI bus\u003e on pcib2\nfwohci0: \u003cLucent FW322/323\u003e mem 0xfdbff000-0xfdbfffff irq 16 at device 5.0 on pci2\nfwohci0: OHCI version 1.0 (ROM=0)\nfwohci0: No. of Isochronous channels is 8.\nfwohci0: EUI64 00:11:d8:00:01:45:24:15\nfwohci0: Phy 1394a available S400, 2 ports.\nfwohci0: Link S400, max_rec 1024 bytes.\nfwohci0: max_rec 1024 -\u003e 2048\nfirewire0: \u003cIEEE1394(FireWire) bus\u003e on fwohci0\nfwe0: \u003cEthernet over FireWire\u003e on firewire0\nif_fwe0: Fake Ethernet address: 02:11:d8:45:24:15\nfwe0: Ethernet address: 02:11:d8:45:24:15\nfwe0: if_start running deferred for Giant\nsbp0: \u003cSBP-2/SCSI over FireWire\u003e on firewire0\nfwohci0: Initiate bus reset\nfwohci0: BUS reset\nfwohci0: node_id=0xc800ffc0, gen=1, CYCLEMASTER mode\nfirewire0: 1 nodes, maxhop \u003c= 0, cable IRM = 0 (me)\nfirewire0: bus manager 0 (me)\npci2: \u003csimple comms\u003e at device 9.0 (no driver attached)\npci0: \u003cmultimedia\u003e at device 16.1 (no driver attached)\nnve0: \u003cNVIDIA nForce MCP13 Networking Adapter\u003e port 0xcc00-0xcc07 mem 0xfe02b000-0xfe02bfff irq 22 at device 20.0 on pci0\nnve0: Ethernet address 00:1b:fc:23:b7:6e\nmiibus0: \u003cMII bus\u003e on nve0\nrlphy0: \u003cRTL8201L 10/100 media interface\u003e on miibus0\nrlphy0:  10baseT, 10baseT-FDX, 100baseTX, 100baseTX-FDX, auto\nnve0: Ethernet address: 00:1b:fc:23:b7:6e\nacpi_tz0: \u003cThermal Zone\u003e on acpi0\natkbdc0: \u003cKeyboard controller (i8042)\u003e port 0x60,0x64 irq 1 on acpi0\natkbd0: \u003cAT Keyboard\u003e irq 1 on atkbdc0\nkbd0 at atkbd0\natkbd0: [GIANT-LOCKED]\npsm0: \u003cPS/2 Mouse\u003e irq 12 on atkbdc0\npsm0: [GIANT-LOCKED]\npsm0: model IntelliMouse Explorer, device ID 4\npmtimer0 on isa0\nata0 at port 0x1f0-0x1f7,0x3f6 irq 14 on isa0\nata1 at port 0x170-0x177,0x376 irq 15 on isa0\nppc0: parallel port not found.\nsc0: \u003cSystem console\u003e at flags 0x100 on isa0\nsc0: VGA \u003c16 virtual consoles, flags=0x300\u003e\nsio0: configured irq 4 not in bitmap of probed irqs 0\nsio0: port may not be enabled\nsio0 at port 0x3f8-0x3ff irq 4 flags 0x10 on isa0\nsio0: type 8250 or not responding\nsio1: configured irq 3 not in bitmap of probed irqs 0\nsio1: port may not be enabled\nvga0: \u003cGeneric ISA VGA\u003e at port 0x3c0-0x3df iomem 0xa0000-0xbffff on isa0\nTimecounter \"TSC\" frequency 2104402604 Hz quality 800\nTimecounters tick every 1.000 msec\nipfw2 (+ipv6) initialized, divert enabled, rule-based forwarding enabled, default to deny, logging unlimited\nhptrr: no controller detected.\nad4: 953869MB \u003cWDC WD10EACS-32ZJB0 01.01B01\u003e at ata2-master SATA150\nacd0: DVDR \u003cTSSTcorpCD/DVDW TS-H653L/0514\u003e at ata3-master SATA150\nacd0: FAILURE - INQUIRY ILLEGAL REQUEST asc=0x24 ascq=0x00\nacd0: FAILURE - INQUIRY ILLEGAL REQUEST asc=0x24 ascq=0x00\ncd0 at ata3 bus 0 target 0 lun 0\ncd0: \u003cTSSTcorp CD/DVDW TS-H653L 0514\u003e Removable CD-ROM SCSI-0 device\ncd0: 3.300MB/s transfers\ncd0: Attempt to query device size failed: NOT READY, Medium not present - tray closed\nda0 at umass-sim0 bus 0 target 0 lun 0\nda0: \u003cGeneric USB SD Reader 1.00\u003e Removable Direct Access SCSI-0 device\nda0: 40.000MB/s transfers\nda0: Attempt to query device size failed: NOT READY, Medium not present\nda1 at umass-sim0 bus 0 target 0 lun 1\nda1: \u003cGeneric USB CF Reader 1.01\u003e Removable Direct Access SCSI-0 device\nda1: 40.000MB/s transfers\nda1: Attempt to query device size failed: NOT READY, Medium not present\nda2 at umass-sim0 bus 0 target 0 lun 2\nda2: \u003cGeneric USB SM Reader 1.02\u003e Removable Direct Access SCSI-0 device\nda2: 40.000MB/s transfers\nda2: Attempt to query device size failed: NOT READY, Medium not present\nda3 at umass-sim0 bus 0 target 0 lun 3\nda3: \u003cGeneric USB MS Reader 1.03\u003e Removable Direct Access SCSI-0 device\nda3: 40.000MB/s transfers\nda3: Attempt to query device size failed: NOT READY, Medium not present\nTrying to mount root from ufs:/dev/ad4s1a\nWARNING: / was not properly dismounted\nLoading configuration files.\nEntropy harvesting:\n interrupts\n ethernet\n point_to_point\n kickstart"
}