{
 "id": 869524,
 "bug_id": 207912,
 "attachment_id": 0,
 "creation_time": "2016-03-12T18:42:24Z",
 "creator": "allcoms@gmail.com",
 "text": "The patched bpi dtb works better than the previous attempt because it at least successfully boots.\n\nNow, instead of getting junk on my monitor I just get.. nothing at all. The display simply goes blank after entering the loader commands to boot the patched dtb.\n\nKDB: debugger backends: ddb\nKDB: current backend: ddb\nCopyright (c) 1992-2016 The FreeBSD Project.\nCopyright (c) 1979, 1980, 1983, 1986, 1988, 1989, 1991, 1992, 1993, 1994\n\tThe Regents of the University of California. All rights reserved.\nFreeBSD is a registered trademark of The FreeBSD Foundation.\nFreeBSD 11.0-CURRENT #0 r296485: Tue Mar  8 10:35:28 UTC 2016\n    root@releng2.nyi.freebsd.org:/usr/obj/arm.armv6/usr/src/sys/A20 arm\nFreeBSD clang version 3.8.0 (tags/RELEASE_380/final 262564) (based on LLVM 3.8.0)\nWARNING: WITNESS option enabled, expect reduced performance.\nVT: init without driver.\nCPU: Cortex A7 rev 4 (Cortex-A core)\n Supported features: ARM_ISA THUMB2 JAZELLE THUMBEE ARMv4 Security_Ext\n WB enabled LABT branch prediction disabled\nLoUU:2 LoC:3 LoUIS:2 \nCache level 1: \n 32KB/64B 4-way data cache WB Read-Alloc Write-Alloc\n 32KB/32B 2-way instruction cache Read-Alloc\nCache level 2: \n 256KB/64B 8-way unified cache WB Read-Alloc Write-Alloc\nreal memory  = 1073741824 (1024 MB)\navail memory = 1036029952 (988 MB)\nFreeBSD/SMP: Multiprocessor System Detected: 2 CPUs\nrandom: entropy device external interface\nkbd0 at kbdmux0\nofwbus0: \u003cOpen Firmware Device Tree\u003e\nsimplebus0: \u003cFlattened device tree simple bus\u003e on ofwbus0\nsimplebus0: Invalid #interrupt-cells property value \u003c3\u003e, assuming \u003c1\u003e\nsimplebus0: Invalid #interrupt-cells property value \u003c3\u003e, assuming \u003c1\u003e\na20_cpu_cfg0: \u003cA20 CPU Configuration Module\u003e mem 0x1c25c00-0x1c25fff on simplebus0\ngic0: \u003cARM Generic Interrupt Controller\u003e mem 0x1c81000-0x1c81fff,0x1c82000-0x1c820ff,0x1c84000-0x1c85fff,0x1c86000-0x1c87fff irq 4 on simplebus0\ngic0: pn 0x10, arch 0x2, rev 0x1, implementer 0x43b irqs 160\ngpio0: \u003cAllwinner GPIO/Pinmux controller\u003e mem 0x1c20800-0x1c20bff irq 11 on simplebus0\ngeneric_timer0: \u003cARMv7 Generic Timer\u003e irq 0,1,2,3 on ofwbus0\ngic0: unsupported trigger/polarity configuration 0x08\ngic0: unsupported trigger/polarity configuration 0x08\ngic0: unsupported trigger/polarity configuration 0x08\nTimecounter \"ARM MPCore Timecounter\" frequency 24000000 Hz quality 1000\nEvent timer \"ARM MPCore Eventtimer\" frequency 24000000 Hz quality 1000\na10_ccm0: \u003cAllwinner Clock Control Module\u003e mem 0x1c20000-0x1c203ff on simplebus0\na10_sramc0: \u003cAllwinner sramc module\u003e mem 0x1c00000-0x1c00fff on simplebus0\naw_wdog0: \u003cAllwinner A10 Watchdog\u003e mem 0x1c20c90-0x1c20c9f on simplebus0\ngpiobus0: \u003cOFW GPIO bus\u003e on gpio0\ngpioled0: \u003cGPIO led\u003e at pin 149 on gpiobus0\ngpioc0: \u003cGPIO controller\u003e on gpio0\nehci0: \u003cAllwinner Integrated USB 2.0 controller\u003e mem 0x1c14000-0x1c14fff irq 12 on simplebus0\nusbus0: EHCI version 1.0\nusbus0 on ehci0\nehci1: \u003cAllwinner Integrated USB 2.0 controller\u003e mem 0x1c1c000-0x1c1cfff irq 13 on simplebus0\nusbus1: EHCI version 1.0\nusbus1 on ehci1\na10_mmc0: \u003cAllwinner Integrated MMC/SD controller\u003e mem 0x1c0f000-0x1c0ffff irq 14 on simplebus0\nmmc0: \u003cMMC/SD bus\u003e on a10_mmc0\nahci0: \u003cAllwinner Integrated AHCI controller\u003e mem 0x1c18000-0x1c18fff irq 15 on simplebus0\nahci0: AHCI v1.10 with 1 3Gbps ports, Port Multiplier not supported\nahci0: quirks=0x2\u003cNOPMP\u003e\nahcich0: \u003cAHCI channel\u003e at channel 0 on ahci0\nuart0: \u003c16750 or compatible\u003e mem 0x1c28000-0x1c283ff irq 16 on simplebus0\nuart0: console (115200,n,8,1)\ndwc0: \u003cA20 Gigabit Ethernet Controller\u003e mem 0x1c50000-0x1c5ffff irq 18 on simplebus0\nmiibus0: \u003cMII bus\u003e on dwc0\nrgephy0: \u003cRTL8169S/8110S/8211 1000BASE-T media interface\u003e PHY 0 on miibus0\nrgephy0:  none, 10baseT, 10baseT-FDX, 100baseTX, 100baseTX-FDX, 1000baseT, 1000baseT-master, 1000baseT-FDX, 1000baseT-FDX-master, auto\nrgephy1: \u003cRTL8169S/8110S/8211 1000BASE-T media interface\u003e PHY 1 on miibus0\nrgephy1:  none, 10baseT, 10baseT-FDX, 100baseTX, 100baseTX-FDX, 1000baseT, 1000baseT-master, 1000baseT-FDX, 1000baseT-FDX-master, auto\ndwc0: Ethernet address: 02:09:04:c2:82:f8\na10dmac0: \u003cAllwinner DMA controller\u003e mem 0x1c02000-0x1c02fff irq 19 on simplebus0\na10hdmi0: \u003cAllwinner HDMI TX\u003e mem 0x1c16000-0x1c16fff on simplebus0\npcm0: \u003cAllwinner HDMI Audio\u003e on simplebus0\nfb0: \u003cAllwinner Framebuffer\u003e mem 0x1e60000-0x1e6ffff,0x1c0c000-0x1c0cfff on simplebus0\ncryptosoft0: \u003csoftware crypto\u003e\nTimecounters tick every 10.000 msec\nIPsec: Initialized Security Association Processing.\nusbus0: 480Mbps High Speed USB v2.0\nusbus1: 480Mbps High Speed USB v2.0\nugen0.1: \u003cAllwinner\u003e at usbus0\nuhub0: \u003cAllwinner EHCI root HUB, class 9/0, rev 2.00/1.00, addr 1\u003e on usbus0\nugen1.1: \u003cAllwinner\u003e at usbus1\nuhub1: \u003cAllwinner EHCI root HUB, class 9/0, rev 2.00/1.00, addr 1\u003e on usbus1\nmmcsd0: 4GB \u003cSDHC SA04G 0.3 SN 9C526D1E MFG 10/2009 by 2 TM\u003e at mmc0 50.0MHz/4bit/65535-block\nfbd0 on fb0\nVT: initialize with new VT driver \"fb\".\nada0 at ahcich0 bus 0 scbus0 target 0 lun 0\nada0: \u003cST2000LM003 HN-M201RAD 2BE10001\u003e ATA8-ACS SATA 3.x device\nada0: Serial Number S377J9FGC05642\nada0: 300.000MB/s transfers (SATA 2.x, UDMA6, PIO 8192bytes)\nada0: Command Queueing enabled\nada0: 1907729MB (3907029168 512 byte sectors)\nRelease APs\nWARNING: WITNESS option enabled, expect reduced performance.\nTrying to mount root from ufs:/dev/ufs/rootfs [rw]...\nuhub1: 1 port with 1 removable, self powered\nuhub0: 1 port with 1 removable, self powered\nwarning: no time-of-day clock registered, system time will not be set accurately\nrandom: unblocking device.\ndwc0: link state changed to DOWN\ndwc0: link state changed to UP"
}