{
 "id": 869548,
 "bug_id": 207912,
 "attachment_id": 0,
 "creation_time": "2016-03-12T20:27:04Z",
 "creator": "allcoms@gmail.com",
 "text": "The monitor I've been using to test only has DVI and VGA inputs so I'm using a HDMI to DVI cable to attach my BPi. fb output works fine with this cable and monitor with my BPi under every version of Linux I've tried and also NetBSD 7.\n\nKDB: debugger backends: ddb\nKDB: current backend: ddb\nCopyright (c) 1992-2016 The FreeBSD Project.\nCopyright (c) 1979, 1980, 1983, 1986, 1988, 1989, 1991, 1992, 1993, 1994\n\tThe Regents of the University of California. All rights reserved.\nFreeBSD is a registered trademark of The FreeBSD Foundation.\nFreeBSD 11.0-CURRENT #0 r296485: Tue Mar  8 10:35:28 UTC 2016\n    root@releng2.nyi.freebsd.org:/usr/obj/arm.armv6/usr/src/sys/A20 arm\nFreeBSD clang version 3.8.0 (tags/RELEASE_380/final 262564) (based on LLVM 3.8.0)\nWARNING: WITNESS option enabled, expect reduced performance.\nVT: init without driver.\nPreloaded elf kernel \"/boot/kernel/kernel\" at 0xc0a61000.\nPreloaded dtb \"/boot/dtb/bananapi-test.dtb\" at 0xc0a61748.\nCPU: Cortex A7 rev 4 (Cortex-A core)\n Supported features: ARM_ISA THUMB2 JAZELLE THUMBEE ARMv4 Security_Ext\n WB enabled LABT branch prediction disabled\nLoUU:2 LoC:3 LoUIS:2 \nCache level 1: \n 32KB/64B 4-way data cache WB Read-Alloc Write-Alloc\n 32KB/32B 2-way instruction cache Read-Alloc\nCache level 2: \n 256KB/64B 8-way unified cache WB Read-Alloc Write-Alloc\nreal memory  = 1073741824 (1024 MB)\navail memory = 1036029952 (988 MB)\nPhysical memory chunk(s):\n  0x40000000 - 0x7fffffff,  1024 MB ( 262144 pages)\nExcluded memory regions:\n  0x42200000 - 0x42b53fff,     9 MB (   2388 pages) NoAlloc \nStatic device mappings:\n  0x01c00000 - 0x01ffffff mapped at VA 0xffb00000\nFreeBSD/SMP: Multiprocessor System Detected: 2 CPUs\nULE: setup cpu 0\nULE: setup cpu 1\nsnd_unit_init() u=0x00ff8000 [512] d=0x00007c00 [32] c=0x000003ff [1024]\nfeeder_register: snd_unit=-1 snd_maxautovchans=16 latency=5 feeder_rate_min=1 feeder_rate_max=2016000 feeder_rate_round=25\nrandom: entropy device external interface\nnfslock: pseudo-device\ncrypto: \u003ccrypto core\u003e\nnull: \u003cfull device, null device, zero device\u003e\nopenfirm: \u003cOpen Firmware control device\u003e\nkbd0 at kbdmux0\nmem: \u003cmemory\u003e\nrandom: harvesting attach, 8 bytes (4 bits) from nexus0\nofwbus0: \u003cOpen Firmware Device Tree\u003e\nsimplebus0: \u003cFlattened device tree simple bus\u003e on ofwbus0\nsimplebus0: Invalid #interrupt-cells property value \u003c3\u003e, assuming \u003c1\u003e\nsimplebus0: Invalid #interrupt-cells property value \u003c3\u003e, assuming \u003c1\u003e\nrandom: harvesting attach, 8 bytes (4 bits) from simplebus0\nrandom: harvesting attach, 8 bytes (4 bits) from ofwbus0\na20_cpu_cfg0: \u003cA20 CPU Configuration Module\u003e mem 0x1c25c00-0x1c25fff on simplebus0\nrandom: harvesting attach, 8 bytes (4 bits) from a20_cpu_cfg0\ngic0: \u003cARM Generic Interrupt Controller\u003e mem 0x1c81000-0x1c81fff,0x1c82000-0x1c820ff,0x1c84000-0x1c85fff,0x1c86000-0x1c87fff irq 4 on simplebus0\ngic0: pn 0x10, arch 0x2, rev 0x1, implementer 0x43b irqs 160\nrandom: harvesting attach, 8 bytes (4 bits) from gic0\ngpio0: \u003cAllwinner GPIO/Pinmux controller\u003e mem 0x1c20800-0x1c20bff irq 11 on simplebus0\nProcessing 1 pin-config node(s) in pinctrl-0 for gmac@01c50000\nrandom: harvesting attach, 8 bytes (4 bits) from gpio0\ngeneric_timer0: \u003cARMv7 Generic Timer\u003e irq 0,1,2,3 on ofwbus0\ngic0: unsupported trigger/polarity configuration 0x08\ngic0: unsupported trigger/polarity configuration 0x08\ngic0: unsupported trigger/polarity configuration 0x08\nTimecounter \"ARM MPCore Timecounter\" frequency 24000000 Hz quality 1000\nEvent timer \"ARM MPCore Eventtimer\" frequency 24000000 Hz quality 1000\nrandom: harvesting attach, 8 bytes (4 bits) from generic_timer0\na10_ccm0: \u003cAllwinner Clock Control Module\u003e mem 0x1c20000-0x1c203ff on simplebus0\nrandom: harvesting attach, 8 bytes (4 bits) from a10_ccm0\na10_sramc0: \u003cAllwinner sramc module\u003e mem 0x1c00000-0x1c00fff on simplebus0\nrandom: harvesting attach, 8 bytes (4 bits) from a10_sramc0\nsimplebus0: \u003ctimer@01c20c00\u003e mem 0x1c20c00-0x1c20c8f irq 5,6,7,8,9,10 compat allwinner,sun4i-a10-timer (no driver attached)\naw_wdog0: \u003cAllwinner A10 Watchdog\u003e mem 0x1c20c90-0x1c20c9f on simplebus0\nrandom: harvesting attach, 8 bytes (4 bits) from aw_wdog0\ngpiobus0: \u003cOFW GPIO bus\u003e on gpio0\ngpioled0: \u003cGPIO led\u003e at pin 149 on gpiobus0\nrandom: harvesting attach, 8 bytes (4 bits) from gpioled0\nrandom: harvesting attach, 8 bytes (4 bits) from gpiobus0\ngpioc0: \u003cGPIO controller\u003e on gpio0\nrandom: harvesting attach, 8 bytes (4 bits) from gpioc0\nehci0: \u003cAllwinner Integrated USB 2.0 controller\u003e mem 0x1c14000-0x1c14fff irq 12 on simplebus0\nusbus0: EHCI version 1.0\nusbus0 on ehci0\nehci0: usbpf: Attached\nrandom: harvesting attach, 8 bytes (4 bits) from usbus0\nrandom: harvesting attach, 8 bytes (4 bits) from ehci0\nehci1: \u003cAllwinner Integrated USB 2.0 controller\u003e mem 0x1c1c000-0x1c1cfff irq 13 on simplebus0\nusbus1: EHCI version 1.0\nusbus1 on ehci1\nehci1: usbpf: Attached\nrandom: harvesting attach, 8 bytes (4 bits) from usbus1\nrandom: harvesting attach, 8 bytes (4 bits) from ehci1\na10_mmc0: \u003cAllwinner Integrated MMC/SD controller\u003e mem 0x1c0f000-0x1c0ffff irq 14 on simplebus0\na10_mmc0: DMA status: enabled\nmmc0: \u003cMMC/SD bus\u003e on a10_mmc0\nrandom: harvesting attach, 8 bytes (4 bits) from mmc0\nrandom: harvesting attach, 8 bytes (4 bits) from a10_mmc0\nahci0: \u003cAllwinner Integrated AHCI controller\u003e mem 0x1c18000-0x1c18fff irq 15 on simplebus0\nahci0: AHCI v1.10 with 1 3Gbps ports, Port Multiplier not supported\nahci0: quirks=0x2\u003cNOPMP\u003e\nahci0: Caps: NCQ SNTF SS ALP AL CLO 3Gbps PMD SSC PSC 32cmd CCC 1ports\nahcich0: \u003cAHCI channel\u003e at channel 0 on ahci0\nahcich0: Caps:\nrandom: harvesting attach, 8 bytes (4 bits) from ahcich0\nrandom: harvesting attach, 8 bytes (4 bits) from ahci0\nuart0: \u003c16750 or compatible\u003e mem 0x1c28000-0x1c283ff irq 16 on simplebus0\nuart0: console (115200,n,8,1)\nuart0: fast interrupt\nuart0: PPS capture mode: DCDinvalid\nrandom: harvesting attach, 8 bytes (4 bits) from uart0\nsimplebus0: \u003cemac@01c0b000\u003e mem 0x1c0b000-0x1c0bfff irq 17 disabled compat allwinner,sun4i-a10-emac (no driver attached)\ndwc0: \u003cA20 Gigabit Ethernet Controller\u003e mem 0x1c50000-0x1c5ffff irq 18 on simplebus0\nmiibus0: \u003cMII bus\u003e on dwc0\nrgephy0: \u003cRTL8169S/8110S/8211 1000BASE-T media interface\u003e PHY 0 on miibus0\nrgephy0: OUI 0x00e04c, model 0x0011, rev. 5\nrgephy0:  none, 10baseT, 10baseT-FDX, 100baseTX, 100baseTX-FDX, 1000baseT, 1000baseT-master, 1000baseT-FDX, 1000baseT-FDX-master, auto\nrandom: harvesting attach, 8 bytes (4 bits) from rgephy0\nrgephy1: \u003cRTL8169S/8110S/8211 1000BASE-T media interface\u003e PHY 1 on miibus0\nrgephy1: OUI 0x00e04c, model 0x0011, rev. 5\nrgephy1:  none, 10baseT, 10baseT-FDX, 100baseTX, 100baseTX-FDX, 1000baseT, 1000baseT-master, 1000baseT-FDX, 1000baseT-FDX-master, auto\nrandom: harvesting attach, 8 bytes (4 bits) from rgephy1\nrandom: harvesting attach, 8 bytes (4 bits) from miibus0\ndwc0: bpf attached\ndwc0: Ethernet address: 02:09:04:c2:82:f8\nrandom: harvesting attach, 8 bytes (4 bits) from dwc0\na10dmac0: \u003cAllwinner DMA controller\u003e mem 0x1c02000-0x1c02fff irq 19 on simplebus0\nrandom: harvesting attach, 8 bytes (4 bits) from a10dmac0\nsimplebus0: \u003ccodec@01c22c00\u003e mem 0x1c22c00-0x1c22c3f irq 20 disabled compat allwinner,sun7i-a20-codec (no driver attached)\na10hdmi0: \u003cAllwinner HDMI TX\u003e mem 0x1c16000-0x1c16fff on simplebus0\nrandom: harvesting attach, 8 bytes (4 bits) from a10hdmi0\npcm0: \u003cAllwinner HDMI Audio\u003e on simplebus0\npcm0: Mixer \"pcm\":\nrandom: harvesting attach, 8 bytes (4 bits) from pcm0\nfb0: \u003cAllwinner Framebuffer\u003e mem 0x1e60000-0x1e6ffff,0x1c0c000-0x1c0cfff on simplebus0\nrandom: harvesting attach, 8 bytes (4 bits) from fb0\nofwbus0: \u003cleds\u003e compat gpio-leds (no driver attached)\ncryptosoft0: \u003csoftware crypto\u003e\ncrypto: assign cryptosoft0 driver id 0, flags 100663296\ncrypto: cryptosoft0 registers alg 1 flags 0 maxoplen 0\ncrypto: cryptosoft0 registers alg 2 flags 0 maxoplen 0\ncrypto: cryptosoft0 registers alg 3 flags 0 maxoplen 0\ncrypto: cryptosoft0 registers alg 4 flags 0 maxoplen 0\ncrypto: cryptosoft0 registers alg 5 flags 0 maxoplen 0\ncrypto: cryptosoft0 registers alg 16 flags 0 maxoplen 0\ncrypto: cryptosoft0 registers alg 6 flags 0 maxoplen 0\ncrypto: cryptosoft0 registers alg 7 flags 0 maxoplen 0\ncrypto: cryptosoft0 registers alg 18 flags 0 maxoplen 0\ncrypto: cryptosoft0 registers alg 19 flags 0 maxoplen 0\ncrypto: cryptosoft0 registers alg 20 flags 0 maxoplen 0\ncrypto: cryptosoft0 registers alg 8 flags 0 maxoplen 0\ncrypto: cryptosoft0 registers alg 15 flags 0 maxoplen 0\ncrypto: cryptosoft0 registers alg 9 flags 0 maxoplen 0\ncrypto: cryptosoft0 registers alg 10 flags 0 maxoplen 0\ncrypto: cryptosoft0 registers alg 13 flags 0 maxoplen 0\ncrypto: cryptosoft0 registers alg 14 flags 0 maxoplen 0\ncrypto: cryptosoft0 registers alg 11 flags 0 maxoplen 0\ncrypto: cryptosoft0 registers alg 22 flags 0 maxoplen 0\ncrypto: cryptosoft0 registers alg 23 flags 0 maxoplen 0\ncrypto: cryptosoft0 registers alg 25 flags 0 maxoplen 0\ncrypto: cryptosoft0 registers alg 24 flags 0 maxoplen 0\ncrypto: cryptosoft0 registers alg 26 flags 0 maxoplen 0\ncrypto: cryptosoft0 registers alg 27 flags 0 maxoplen 0\ncrypto: cryptosoft0 registers alg 28 flags 0 maxoplen 0\ncrypto: cryptosoft0 registers alg 21 flags 0 maxoplen 0\ncrypto: cryptosoft0 registers alg 17 flags 0 maxoplen 0\nrandom: harvesting attach, 8 bytes (4 bits) from cryptosoft0\nprocfs registered\nTimecounters tick every 10.000 msec\nIPsec: Initialized Security Association Processing.\ntcp_init: net.inet.tcp.tcbhashsize auto tuned to 8192\nlo0: bpf attached\nmmc0: Probing bus\nusbus0: 480Mbps High Speed USB v2.0\nusbus1: 480Mbps High Speed USB v2.0\nahcich0: AHCI reset...\nahcich0: SATA connect time=100us status=00000123\nugen0.1: \u003cAllwinner\u003e at usbus0\nuhub0: \u003cAllwinner EHCI root HUB, class 9/0, rev 2.00/1.00, addr 1\u003e on usbus0\nugen1.1: \u003cAllwinner\u003e at usbus1\nuhub1: \u003cAllwinner EHCI root HUB, class 9/0, rev 2.00/1.00, addr 1\u003e on usbus1\nahcich0: AHCI reset: device found\nahcich0: AHCI reset: device ready after 0ms\nmmc0: SD 2.0 interface conditions: OK\nmmc0: SD probe: OK (OCR: 0x00ff8000)\nmmc0: Current OCR: 0x00ff8000\nmmc0: Probing cards\nmmc0: New card detected (CID 02544d5341303447039c526d1e009aaf)\nmmc0: New card detected (CSD 400e00325b5900001d7b7f800a40005d)\npass0 at ahcich0 bus 0 scbus0 target 0 lun 0\npass0: \u003cST2000LM003 HN-M201RAD 2BE10001\u003e ATA8-ACS SATA 3.x device\npass0: Serial Number S377J9FGC05642\npass0: 300.000MB/s transfers (SATA 2.x, UDMA6, PIO 8192bytes)\npass0: Command Queueing enabled\nmmc0: Card at relative address 0x1234 added:\nmmc0:  card: SDHC SA04G 0.3 SN 9C526D1E MFG 10/2009 by 2 TM\nmmc0:  bus: 4bit, 50MHz, high speed timing\nmmc0:  memory: 7729152 blocks, erase sector 8192 blocks\nGEOM: new disk ada0\nada0 at ahcich0 bus 0 scbus0 target 0 lun 0\nada0: mmc0: setting transfer rate to 50.000MHz (high speed timing)\nmmcsd0: 4GB \u003cSDHC SA04G 0.3 SN 9C526D1E MFG 10/2009 by 2 TM\u003e at mmc0 50.0MHz/4bit/65535-block\nrandom: harvesting attach, 8 bytes (4 bits) from mmcsd0\nedid: max_dotclock according to supported modes: 135000\nedid: max_dotclock according to supported modes: 135000\nVendor: [PGE] \nProduct: [1705] GNR TS700\nSerial number: b30a0000\nManufactured 2005 Week 44\nEDID Version 1.3\nEDID Comment: \nVideo Input: 8c\n\tDigital\nGamma: 2.20\nMax Size: 34 cm x 27 cm\nFeatures: 2e\n\tDPMS active-off\n\tRGB\n\tStandard color space\n\tPreferred timing\nChroma Info:\n\tRed X: 0.632\n\tRed Y: 0.632\n\tGrn X: 0.299\n\tGrn Y: 0.585\n\tBlu X: 0.146\n\tBlu Y: 0.102\n\tWht X: 0.313\n\tWht Y: 0.329\nRange:\n\tHorizontal: 31 - 81 kHz\n\tVertical: 56 - 75 Hz\n\tMax Dot Clock: 140 MHz\nVideo modes:\n\t720x400 @ 70Hz (28320 738 846 900 412 414 449 -H +V)\n\t640x480 @ 60Hz (25175 656 752 800 490 492 525 -H -V)\n\t640x480 @ 73Hz (31500 664 704 832 489 492 520 -H -V)\n\t640x480 @ 75Hz (31500 656 720 840 481 484 500 -H -V)\n\t800x600 @ 56Hz (36000 824 896 1024 601 603 625 +H +V)\n\t800x600 @ 60Hz (40000 840 968 1056 601 605 628 +H +V)\n\t800x600 @ 72Hz (50000 856 976 1040 637 643 666 +H +V)\n\t800x600 @ 75Hz (49500 816 896 1056 601 604 625 +H +V)\n\t832x624 @ 75Hz (57284 864 928 1152 625 628 667 -H -V)\n\t1024x768 @ 60Hz (65000 1048 1184 1344 771 777 806 -H -V)\n\t1024x768 @ 70Hz (75000 1048 1184 1328 771 777 806 -H -V)\n\t1024x768 @ 75Hz (78750 1040 1136 1312 769 772 800 +H +V)\n\t1280x1024 @ 75Hz (135000 1296 1440 1688 1025 1028 1066 +H +V)\n\t1280x1024 @ 60Hz (108000 1328 1440 1688 1025 1028 1066 +H +V)\n\t1280x960 @ 60Hz (108000 1376 1488 1800 961 964 1000 +H +V)\n\t1152x864 @ 75Hz (108000 1216 1344 1600 865 868 900 +H +V)\nPreferred mode: 1280x1024 @ 60Hz\nNumber of extension blocks: 0\nfb0: using 1280x1024\nfbd0 on fb0\nVT: initialize with new VT driver \"fb\".\nrandom: harvesting attach, 8 bytes (4 bits) from fbd0\n\u003cST2000LM003 HN-M201RAD 2BE10001\u003e ATA8-ACS SATA 3.x device\nada0: Serial Number S377J9FGC05642\nada0: 300.000MB/s transfers (SATA 2.x, UDMA6, PIO 8192bytes)\nada0: Command Queueing enabled\nada0: 1907729MB (3907029168 512 byte sectors)\nRelease APs\nWARNING: WITNESS option enabled, expect reduced performance.\nTrying to mount root from ufs:/dev/ufs/rootfs [rw]...\nGEOM: new disk mmcsd0\nuhub1: 1 port with 1 removable, self powered\nrandom: harvesting attach, 8 bytes (4 bits) from uhub1\nuhub0: 1 port with 1 removable, self powered\nrandom: harvesting attach, 8 bytes (4 bits) from uhub0\nmmc0: setting bus width to 4 bits\nGEOM_PART: partition 1 on (mmcsd0, MBR) is not aligned on 4194304 bytes\nGEOM_PART: partition 2 on (mmcsd0, MBR) is not aligned on 4194304 bytes\nGEOM_PART: partition 1 on (mmcsd0s2, BSD) is not aligned on 4194304 bytes\nGEOM_PART: partition 1 on (diskid/DISK-9C526D1E, MBR) is not aligned on 4194304 bytes\nGEOM_PART: partition 2 on (diskid/DISK-9C526D1E, MBR) is not aligned on 4194304 bytes\nGEOM_PART: partition 1 on (diskid/DISK-9C526D1Es2, BSD) is not aligned on 4194304 bytes\nwarning: no time-of-day clock registered, system time will not be set accurately\nstart_init: trying /sbin/init\nGEOM_PART: partition 1 on (diskid/DISK-9C526D1E, MBR) is not aligned on 4194304 bytes\nGEOM_PART: partition 2 on (diskid/DISK-9C526D1E, MBR) is not aligned on 4194304 bytes\nGEOM_PART: partition 1 on (diskid/DISK-9C526D1Es2, BSD) is not aligned on 4194304 bytes\nrandom: unblocking device.\ndwc0: link state changed to DOWN\ndwc0: link state changed to UP"
}