{
 "id": 871203,
 "bug_id": 207912,
 "attachment_id": 168469,
 "creation_time": "2016-03-21T23:10:00Z",
 "creator": "allcoms@gmail.com",
 "text": "Created attachment 168469\nTest dts\n\nHere is the dmesg for booting Test.dts (compiled to dtb, of course):\n\nU-Boot 2015.04 (Mar 08 2016 - 10:01:34) Allwinner Technology\n\nCPU:   Allwinner A20 (SUN7I)\nI2C:   ready\nDRAM:  1 GiB\nWARNING: Caches not enabled\nMMC:   SUNXI SD/MMC: 0\nreading u-boot.env\n\n** Unable to read \"u-boot.env\" from mmc0:1 **\nUsing default environment\n\nHDMI connected: Setting up a 1280x1024 dvi console\nIn:    serial\nOut:   vga\nErr:   vga\nSCSI:  SUNXI SCSI INIT\nSATA link 0 timeout.\nAHCI 0001.0100 32 slots 1 ports 3 Gbps 0x1 impl SATA mode\nflags: ncq stag pm led clo only pmp pio slum part ccc apst \nNet:   dwmac.1c50000\nstarting USB...\nUSB0:   USB EHCI 1.00\nscanning bus 0 for devices... 1 USB Device(s) found\nUSB1:   USB EHCI 1.00\nscanning bus 1 for devices... 1 USB Device(s) found\n       scanning usb for storage devices... 0 Storage Device(s) found\nHit any key to stop autoboot:  0 \nBooting from: mmc 0 ubldr\nreading ubldr\n262594 bytes read in 77 ms (3.3 MiB/s)\n## Starting application at 0x42000094 ...\nConsoles: U-Boot console  \nCompatible U-Boot API signature found @0x7f235458\n\nFreeBSD/armv6 U-Boot loader, Revision 1.2\n(root@releng2.nyi.freebsd.org, Tue
Mar  8 10:28:28 UTC 2016)\n\nDRAM: 1024MB\nMMC Device 1 not found\nMMC Device 2 not found\nMMC Device 3 not found\nMMC Device 1 not found\nNumber of U-Boot devices: 3\nU-Boot env: loaderdev='mmc 0'\nFound U-Boot device: disk\n  Checking unit=1 slice=\u003cauto\u003e partition=\u003cauto\u003e... good.\nBooting from disk1s2a:\n/boot/kernel/kernel data=0x61a164+0x125e9c syms=[0x4+0x86a90+0x4+0x99bf0]\n\nHit [Enter] to boot immediately, or any other key for command prompt.\nBooting [/boot/kernel/kernel] in 9 seconds... \n\nType '?' for a list of commands, 'help' for more detailed help.\nloader\u003e load -t dtb /boot/dtb/bananapi-fix.dtb\n/boot/dtb/bananapi-fix.dtb size=0x7bdf\nloader\u003e boot -v\nBooting...\nUsing DTB from loaded file '/boot/dtb/bananapi-fix.dtb'.\nKernel entry at 0x0x42200100...\nKernel args: -v\nKDB: debugger backends: ddb\nKDB: current backend: ddb\nCopyright (c) 1992-2016 The FreeBSD Project.\nCopyright (c) 1979, 1980, 1983, 1986, 1988, 1989, 1991, 1992, 1993, 1994\n\tThe Regents of the University of California. All rights reserved.\nFreeBSD is a registered trademark of The FreeBSD Foundation.\nFreeBSD 11.0-CURRENT #0 r297052: Sat Mar 19 18:46:33 GMT 2016\n    dan@pcbsd-1186:/usr/home/dan/src/obj/arm.arm/usr/home/dan/src/head/sys/A20 arm\nFreeBSD clang version 3.8.0 (tags/RELEASE_380/final 262564) (based on LLVM 3.8.0)\nWARNING: WITNESS option enabled, expect reduced performance.\nVT: init without driver.\nPreloaded elf kernel \"/boot/kernel/kernel\" at 0xc0a72000.\nPreloaded dtb \"/boot/dtb/bananapi-fix.dtb\" at 0xc0a72754.\nCPU: Cortex A7 rev 4 (Cortex-A core)\n Supported features: ARM_ISA THUMB2 JAZELLE THUMBEE ARMv4 Security_Ext\n WB enabled LABT branch prediction disabled\nLoUU:2 LoC:3 LoUIS:2 \nCache level 1: \n 32KB/64B 4-way data cache WB Read-Alloc Write-Alloc\n 32KB/32B 2-way instruction cache Read-Alloc\nCache level 2: \n 256KB/64B 8-way unified cache WB Read-Alloc Write-Alloc\nreal memory  = 1073741824 (1024 MB)\navail memory = 1036029952 (988 MB)\nPhysical memory chunk(s):\n  0x40000000 - 0x7fffffff,  1024 MB ( 262144 pages)\nExcluded memory regions:\n  0x42200000 - 0x42b53fff,     9 MB (   2388 pages) NoAlloc \nStatic device mappings:\n  0x01c00000 - 0x01ffffff mapped at VA 0xffb00000\nFreeBSD/SMP: Multiprocessor System Detected: 2 CPUs\nULE: setup cpu 0\nULE: setup cpu 1\nsnd_unit_init() u=0x00ff8000 [512] d=0x00007c00 [32] c=0x000003ff [1024]\nfeeder_register: snd_unit=-1 snd_maxautovchans=16 latency=5 feeder_rate_min=1 feeder_rate_max=2016000 feeder_rate_round=25\nrandom: entropy device external interface\nnfslock: pseudo-device\ncrypto: \u003ccrypto core\u003e\nnull: \u003cfull device, null device, zero device\u003e\nopenfirm: \u003cOpen Firmware control device\u003e\nkbd0 at kbdmux0\nmem: \u003cmemory\u003e\nrandom: harvesting attach, 8 bytes (4 bits) from nexus0\nofwbus0: \u003cOpen Firmware Device Tree\u003e\nsimplebus0: \u003cFlattened device tree simple bus\u003e on ofwbus0\nrandom: harvesting attach, 8 bytes (4 bits) from simplebus0\nrandom: harvesting attach, 8 bytes (4 bits) from ofwbus0\ngpio0: \u003cAllwinner GPIO/Pinmux controller\u003e mem 0x1c20800-0x1c20bff irq 24 on simplebus0\ngpiobus0: \u003cOFW GPIO bus\u003e on gpio0\nrandom: harvesting attach, 8 bytes (4 bits) from gpiobus0\nProcessing 3 pin-config node(s) in pinctrl-0 for spi@01c05000\nProcessing 2 pin-config node(s) in pinctrl-0 for mmc@01c0f000\nProcessing 1 pin-config node(s) in pinctrl-0 for phy@01c13400\nProcessing 1 pin-config node(s) in pinctrl-0 for ir@01c21800\nProcessing 1 pin-config node(s) in pinctrl-0 for serial@01c28000\nProcessing 1 pin-config node(s) in pinctrl-0 for i2c@01c2ac00\nProcessing 1 pin-config node(s) in pinctrl-0 for ethernet@01c50000\nProcessing 1 pin-config node(s) in pinctrl-0 for usb0-vbus\nProcessing 1 pin-config node(s) in pinctrl-0 for usb1-vbus\nProcessing 1 pin-config node(s) in pinctrl-0 for usb2-vbus\nProcessing 1 pin-config node(s) in pinctrl-0 for leds\nProcessing 1 pin-config node(s) in pinctrl-0 for gmac-3v3\nrandom: harvesting attach, 8 bytes (4 bits) from gpio0\ngic0: \u003cARM Generic Interrupt Controller\u003e mem 0x1c81000-0x1c81fff,0x1c82000-0x1c82fff,0x1c84000-0x1c85fff,0x1c86000-0x1c87fff irq 54 on simplebus0\ngic0: pn 0x10, arch 0x2, rev 0x1, implementer 0x43b irqs 160\nrandom: harvesting attach, 8 bytes (4 bits) from gic0\ngeneric_timer0: \u003cARMv7 Generic Timer\u003e irq 0,1,2,3 on ofwbus0\nTimecounter \"ARM MPCore Timecounter\" frequency 24000000 Hz quality 1000\nEvent timer \"ARM MPCore Eventtimer\" frequency 24000000 Hz quality 1000\nrandom: harvesting attach, 8 bytes (4 bits) from generic_timer0\nrtc0: \u003cAllwinner RTC\u003e mem 0x1c20d00-0x1c20d1f irq 27 on simplebus0\nrtc0: Using external oscillator\nrtc0: registered as a time-of-day clock (resolution 1000000us, adjustment 0.500000000s)\nrandom: harvesting attach, 8 bytes (4 bits) from rtc0\na10_ccm0: \u003cAllwinner Clock Control Module\u003e mem 0x1c20000-0x1c203ff on simplebus0\nrandom: harvesting attach, 8 bytes (4 bits) from a10_ccm0\ncpulist0: \u003cOpen Firmware CPU Group\u003e on ofwbus0\ncpu0: \u003cOpen Firmware CPU\u003e on cpulist0\ncpu0: missing 'clock-frequency' property\nrandom: harvesting attach, 8 bytes (4 bits) from cpu0\ncpu1: \u003cOpen Firmware CPU\u003e on cpulist0\ncpu1: missing 'clock-frequency' property\nrandom: harvesting attach, 8 bytes (4 bits) from cpu1\nrandom: harvesting attach, 8 bytes (4 bits) from cpulist0\nofwbus0: \u003cpmu\u003e irq 4,5 compat arm,cortex-a7-pmu (no driver attached)\nsimplebus0: \u003csram-controller@01c00000\u003e mem 0x1c00000-0x1c0002f compat allwinner,sun4i-a10-sram-controller (no driver attached)\nsimplebus0: \u003cinterrupt-controller@01c00030\u003e mem 0x1c00030-0x1c0003b irq 6 compat allwinner,sun7i-a20-sc-nmi (no driver attached)\na10dmac0: \u003cAllwinner DMA controller\u003e mem 0x1c02000-0x1c02fff irq 7 on simplebus0\nrandom: harvesting attach, 8 bytes (4 bits) from a10dmac0\nsimplebus0: \u003cspi@01c05000\u003e mem 0x1c05000-0x1c05fff irq 8 compat allwinner,sun4i-a10-spi (no driver attached)\nsimplebus0: \u003cspi@01c06000\u003e mem 0x1c06000-0x1c06fff irq 9 disabled compat allwinner,sun4i-a10-spi (no driver attached)\nsimplebus0: \u003cethernet@01c0b000\u003e mem 0x1c0b000-0x1c0bfff irq 10 disabled compat allwinner,sun4i-a10-emac (no driver attached)\nsimplebus0: \u003cmdio@01c0b080\u003e mem 0x1c0b080-0x1c0b093 disabled compat allwinner,sun4i-a10-mdio (no driver attached)\na10_mmc0: \u003cAllwinner Integrated MMC/SD controller\u003e mem 0x1c0f000-0x1c0ffff irq 11 on simplebus0\na10_mmc0: DMA status: enabled\nmmc0: \u003cMMC/SD bus\u003e on a10_mmc0\nrandom: harvesting attach, 8 bytes (4 bits) from mmc0\nrandom: harvesting attach, 8 bytes (4 bits) from a10_mmc0\nsimplebus0: \u003cmmc@01c10000\u003e mem 0x1c10000-0x1c10fff irq 12 disabled compat allwinner,sun5i-a13-mmc (no driver attached)\nsimplebus0: \u003cmmc@01c11000\u003e mem 0x1c11000-0x1c11fff irq 13 disabled compat allwinner,sun5i-a13-mmc (no driver attached)\nsimplebus0: \u003cmmc@01c12000\u003e mem 0x1c12000-0x1c12fff irq 14 disabled compat allwinner,sun5i-a13-mmc (no driver attached)\nsimplebus0: \u003cusb@01c13000\u003e mem 0x1c13000-0x1c133ff irq 15 compat allwinner,sun4i-a10-musb (no driver attached)\nawusbphy0: \u003cAllwinner USB PHY\u003e mem 0x1c13400-0x1c1340f,0x1c14800-0x1c14803,0x1c1c800-0x1c1c803 on simplebus0\nrandom: harvesting attach, 8 bytes (4 bits) from awusbphy0\nehci0: \u003cAllwinner Integrated USB 2.0 controller\u003e mem 0x1c14000-0x1c140ff irq 16 on simplebus0\nusbus0: EHCI version 1.0\nusbus0 on ehci0\nehci0: usbpf: Attached\nrandom: harvesting attach, 8 bytes (4 bits) from usbus0\nrandom: harvesting attach, 8 bytes (4 bits) from ehci0\nsimplebus0: \u003cusb@01c14400\u003e mem 0x1c14400-0x1c144ff irq 17 compat allwinner,sun7i-a20-ohci (no driver attached)\nsimplebus0: \u003ccrypto-engine@01c15000\u003e mem 0x1c15000-0x1c15fff irq 18 compat allwinner,sun4i-a10-crypto (no driver attached)\nsimplebus0: \u003cspi@01c17000\u003e mem 0x1c17000-0x1c17fff irq 19 disabled compat allwinner,sun4i-a10-spi (no driver attached)\nahci0: \u003cAllwinner Integrated AHCI controller\u003e mem 0x1c18000-0x1c18fff irq 20 on simplebus0\nahci0: AHCI v1.10 with 1 3Gbps ports, Port Multiplier not supported\nahci0: quirks=0x2\u003cNOPMP\u003e\nahci0: Caps: NCQ SNTF SS ALP AL CLO 3Gbps PMD SSC PSC 32cmd CCC 1ports\nahcich0: \u003cAHCI channel\u003e at channel 0 on ahci0\nahcich0: Caps:\nrandom: harvesting attach, 8 bytes (4 bits) from ahcich0\nrandom: harvesting attach, 8 bytes (4 bits) from ahci0\nehci1: \u003cAllwinner Integrated USB 2.0 controller\u003e mem 0x1c1c000-0x1c1c0ff irq 21 on simplebus0\nusbus1: EHCI version 1.0\nusbus1 on ehci1\nehci1: usbpf: Attached\nrandom: harvesting attach, 8 bytes (4 bits) from usbus1\nrandom: harvesting attach, 8 bytes (4 bits) from ehci1\nsimplebus0: \u003cusb@01c1c400\u003e mem 0x1c1c400-0x1c1c4ff irq 22 compat allwinner,sun7i-a20-ohci (no driver attached)\nsimplebus0: \u003cspi@01c1f000\u003e mem 0x1c1f000-0x1c1ffff irq 23 disabled compat allwinner,sun4i-a10-spi (no driver attached)\ngpioled0: \u003cGPIO led\u003e at pin 149 on gpiobus0\nrandom: harvesting attach, 8 bytes (4 bits) from gpioled0\ngpioc0: \u003cGPIO controller\u003e on gpio0\nrandom: harvesting attach, 8 bytes (4 bits) from gpioc0\nsimplebus0: \u003ctimer@01c20c00\u003e mem 0x1c20c00-0x1c20c8f irq 25,26,27,28,29,30 compat allwinner,sun4i-a10-timer (no driver attached)\naw_wdog0: \u003cAllwinner A10 Watchdog\u003e mem 0x1c20c90-0x1c20c9f on simplebus0\nrandom: harvesting attach, 8 bytes (4 bits) from aw_wdog0\nsimplebus0: \u003cpwm@01c20e00\u003e mem 0x1c20e00-0x1c20e0b disabled compat allwinner,sun7i-a20-pwm (no driver attached)\nsimplebus0: \u003cir@01c21800\u003e mem 0x1c21800-0x1c2183f irq 31 compat allwinner,sun4i-a10-ir (no driver attached)\nsimplebus0: \u003cir@01c21c00\u003e mem 0x1c21c00-0x1c21c3f irq 32 disabled compat allwinner,sun4i-a10-ir (no driver attached)\nsimplebus0: \u003clradc@01c22800\u003e mem 0x1c22800-0x1c228ff irq 33 disabled compat allwinner,sun4i-a10-lradc-keys (no driver attached)\npcm0: \u003cAllwinner Audio Codec\u003e mem 0x1c22c00-0x1c22c3f irq 34 on simplebus0\npcm0: Mixer \"vol\":\npcm0: Mixer \"line\":\npcm0: Mixer \"rec\":\nrandom: harvesting attach, 8 bytes (4 bits) from pcm0\nsimplebus0: \u003ceeprom@01c23800\u003e mem 0x1c23800-0x1c239ff compat allwinner,sun7i-a20-sid (no driver attached)\nsimplebus0: \u003crtp@01c25000\u003e mem 0x1c25000-0x1c250ff irq 35 compat allwinner,sun5i-a13-ts (no driver attached)\nuart0: \u003c16750 or compatible\u003e mem 0x1c28000-0x1c283ff irq 36 on simplebus0\nuart0: console (8861,n,8,1)\nuart0: fast interrupt\nuart0: PPS capture mode: DCDinvalid\nrandom: harvesting attach, 8 bytes (4 bits) from uart0\nsimplebus0: \u003cserial@01c28400\u003e mem 0x1c28400-0x1c287ff irq 37 disabled compat snps,dw-apb-uart (no driver attached)\nsimplebus0: \u003cserial@01c28800\u003e mem 0x1c28800-0x1c28bff irq 38 disabled compat snps,dw-apb-uart (no driver attached)\nsimplebus0: \u003cserial@01c28c00\u003e mem 0x1c28c00-0x1c28fff irq 39 disabled compat snps,dw-apb-uart (no driver attached)\nsimplebus0: \u003cserial@01c29000\u003e mem 0x1c29000-0x1c293ff irq 40 disabled compat snps,dw-apb-uart (no driver attached)\nsimplebus0: \u003cserial@01c29400\u003e mem 0x1c29400-0x1c297ff irq 41 disabled compat snps,dw-apb-uart (no driver attached)\nsimplebus0: \u003cserial@01c29800\u003e mem 0x1c29800-0x1c29bff irq 42 disabled compat snps,dw-apb-uart (no driver attached)\nsimplebus0: \u003cserial@01c29c00\u003e mem 0x1c29c00-0x1c29fff irq 43 disabled compat snps,dw-apb-uart (no driver attached)\niichb0: \u003cAllwinner Integrated I2C Bus Controller\u003e mem 0x1c2ac00-0x1c2afff irq 44 on simplebus0\niicbus0: \u003cOFW I2C bus\u003e on iichb0\niic0: \u003cI2C generic I/O\u003e on iicbus0\nrandom: harvesting attach, 8 bytes (4 bits) from iic0\naxp209_pmu0: \u003cX-Power AXP209 Power Management Unit\u003e at addr 0x68 irq -1064181232 on iicbus0\naxp209_pmu0: AXP209 Powered by AC and USB\nrandom: harvesting attach, 8 bytes (4 bits) from axp209_pmu0\nrandom: harvesting attach, 8 bytes (4 bits) from iicbus0\nrandom: harvesting attach, 8 bytes (4 bits) from iichb0\nsimplebus0: \u003ci2c@01c2b000\u003e mem 0x1c2b000-0x1c2b3ff irq 45 disabled compat allwinner,sun7i-a20-i2c (no driver attached)\nsimplebus0: \u003ci2c@01c2b400\u003e mem 0x1c2b400-0x1c2b7ff irq 46 disabled compat allwinner,sun7i-a20-i2c (no driver attached)\nsimplebus0: \u003ci2c@01c2b800\u003e mem 0x1c2b800-0x1c2bbff irq 47 disabled compat allwinner,sun7i-a20-i2c (no driver attached)\nsimplebus0: \u003ci2c@01c2c000\u003e mem 0x1c2c000-0x1c2c3ff irq 48 disabled compat allwinner,sun7i-a20-i2c (no driver attached)\ndwc0: \u003cA20 Gigabit Ethernet Controller\u003e mem 0x1c50000-0x1c5ffff irq 49 on simplebus0\nmiibus0: \u003cMII bus\u003e on dwc0\nrgephy0: \u003cRTL8169S/8110S/8211 1000BASE-T media interface\u003e PHY 0 on miibus0\nrgephy0: OUI 0x00e04c, model 0x0011, rev. 5\nrgephy0:  none, 10baseT, 10baseT-FDX, 100baseTX, 100baseTX-FDX, 1000baseT, 1000baseT-master, 1000baseT-FDX, 1000baseT-FDX-master, auto\nrandom: harvesting attach, 8 bytes (4 bits) from rgephy0\nrgephy1: \u003cRTL8169S/8110S/8211 1000BASE-T media interface\u003e PHY 1 on miibus0\nrgephy1: OUI 0x00e04c, model 0x0011, rev. 5\nrgephy1:  none, 10baseT, 10baseT-FDX, 100baseTX, 100baseTX-FDX, 1000baseT, 1000baseT-master, 1000baseT-FDX, 1000baseT-FDX-master, auto\nrandom: harvesting attach, 8 bytes (4 bits) from rgephy1\nrandom: harvesting attach, 8 bytes (4 bits) from miibus0\ndwc0: bpf attached\ndwc0: Ethernet address: 02:09:04:c2:82:f8\nrandom: harvesting attach, 8 bytes (4 bits) from dwc0\nsimplebus0: \u003chstimer@01c60000\u003e mem 0x1c60000-0x1c60fff irq 50,51,52,53 compat allwinner,sun7i-a20-hstimer (no driver attached)\nsimplebus0: \u003cps2@01c2a000\u003e mem 0x1c2a000-0x1c2a3ff irq 55 disabled compat allwinner,sun4i-a10-ps2 (no driver attached)\nsimplebus0: \u003cps2@01c2a400\u003e mem 0x1c2a400-0x1c2a7ff irq 56 disabled compat allwinner,sun4i-a10-ps2 (no driver attached)\na10hdmi0: \u003cAllwinner HDMI TX\u003e mem 0x1c16000-0x1c16fff on simplebus0\nrandom: harvesting attach, 8 bytes (4 bits) from a10hdmi0\npcm1: \u003cAllwinner HDMI Audio\u003e on simplebus0\npcm1: Mixer \"pcm\":\nrandom: harvesting attach, 8 bytes (4 bits) from pcm1\nfb0: \u003cAllwinner Framebuffer\u003e mem 0x1e60000-0x1e6ffff,0x1c0c000-0x1c0cfff on simplebus0\nrandom: harvesting attach, 8 bytes (4 bits) from fb0\nofwbus0: \u003cahci-5v\u003e disabled compat regulator-fixed (no driver attached)\nofwbus0: \u003cusb0-vbus\u003e compat regulator-fixed (no driver attached)\nofwbus0: \u003cusb1-vbus\u003e compat regulator-fixed (no driver attached)\nofwbus0: \u003cusb2-vbus\u003e compat regulator-fixed (no driver attached)\nofwbus0: \u003cvcc3v0\u003e compat regulator-fixed (no driver attached)\nofwbus0: \u003cvcc3v3\u003e compat regulator-fixed (no driver attached)\nofwbus0: \u003cvcc5v0\u003e compat regulator-fixed (no driver attached)\nofwbus0: \u003cleds\u003e compat gpio-leds (no driver attached)\nofwbus0: \u003cgmac-3v3\u003e compat regulator-fixed (no driver attached)\ncryptosoft0: \u003csoftware crypto\u003e\ncrypto: assign cryptosoft0 driver id 0, flags 100663296\ncrypto: cryptosoft0 registers alg 1 flags 0 maxoplen 0\ncrypto: cryptosoft0 registers alg 2 flags 0 maxoplen 0\ncrypto: cryptosoft0 registers alg 3 flags 0 maxoplen 0\ncrypto: cryptosoft0 registers alg 4 flags 0 maxoplen 0\ncrypto: cryptosoft0 registers alg 5 flags 0 maxoplen 0\ncrypto: cryptosoft0 registers alg 16 flags 0 maxoplen 0\ncrypto: cryptosoft0 registers alg 6 flags 0 maxoplen 0\ncrypto: cryptosoft0 registers alg 7 flags 0 maxoplen 0\ncrypto: cryptosoft0 registers alg 18 flags 0 maxoplen 0\ncrypto: cryptosoft0 registers alg 19 flags 0 maxoplen 0\ncrypto: cryptosoft0 registers alg 20 flags 0 maxoplen 0\ncrypto: cryptosoft0 registers alg 8 flags 0 maxoplen 0\ncrypto: cryptosoft0 registers alg 15 flags 0 maxoplen 0\ncrypto: cryptosoft0 registers alg 9 flags 0 maxoplen 0\ncrypto: cryptosoft0 registers alg 10 flags 0 maxoplen 0\ncrypto: cryptosoft0 registers alg 13 flags 0 maxoplen 0\ncrypto: cryptosoft0 registers alg 14 flags 0 maxoplen 0\ncrypto: cryptosoft0 registers alg 11 flags 0 maxoplen 0\ncrypto: cryptosoft0 registers alg 22 flags 0 maxoplen 0\ncrypto: cryptosoft0 registers alg 23 flags 0 maxoplen 0\ncrypto: cryptosoft0 registers alg 25 flags 0 maxoplen 0\ncrypto: cryptosoft0 registers alg 24 flags 0 maxoplen 0\ncrypto: cryptosoft0 registers alg 26 flags 0 maxoplen 0\ncrypto: cryptosoft0 registers alg 27 flags 0 maxoplen 0\ncrypto: cryptosoft0 registers alg 28 flags 0 maxoplen 0\ncrypto: cryptosoft0 registers alg 21 flags 0 maxoplen 0\ncrypto: cryptosoft0 registers alg 17 flags 0 maxoplen 0\nrandom: harvesting attach, 8 bytes (4 bits) from cryptosoft0\nprocfs registered\nTimecounters tick every 10.000 msec\nIPsec: Initialized Security Association Processing.\ntcp_init: net.inet.tcp.tcbhashsize auto tuned to 8192\nlo0: bpf attached\nmmc0: Probing bus\na10_mmc0: timeout updating clock\nusbus0: 480Mbps High Speed USB v2.0\nusbus1: 480Mbps High Speed USB v2.0\nahcich0: AHCI reset...\nugen1.1: \u003cAllwinner\u003e at usbus1\nuhub0: \u003cAllwinner EHCI root HUB, class 9/0, rev 2.00/1.00, addr 1\u003e on usbus1\nugen0.1: \u003cAllwinner\u003e at usbus0\nuhub1: \u003cAllwinner EHCI root HUB, class 9/0, rev 2.00/1.00, addr 1\u003e on usbus0\nahcich0: SATA connect timeout time=10000us status=00000000\nahcich0: AHCI reset: device not found\nuhub1: 1 port with 1 removable, self powered\nrandom: harvesting attach, 8 bytes (4 bits) from uhub1\nuhub0: 1 port with 1 removable, self powered\nrandom: harvesting attach, 8 bytes (4 bits) from uhub0\na10_mmc0: controller timeout\na10_mmc0: timeout updating clock\na10_mmc0: controller timeout\na10_mmc0: timeout updating clock\na10_mmc0: controller timeout\na10_mmc0: timeout updating clock\na10_mmc0: controller timeout\na10_mmc0: timeout updating clock\na10_mmc0: timeout updating clock\na10_mmc0: controller timeout\na10_mmc0: timeout updating clock\na10_mmc0: controller timeout\na10_mmc0: timeout updating clock\na10_mmc0: controller timeout\na10_mmc0: timeout updating clock\na10_mmc0: controller timeout\na10_mmc0: timeout updating clock\na10_mmc0: controller timeout\na10_mmc0: timeout updating clock\na10_mmc0: controller timeout\na10_mmc0: timeout updating clock\na10_mmc0: controller timeout\na10_mmc0: timeout updating clock\na10_mmc0: controller timeout\na10_mmc0: timeout updating clock\nmmc0: SD probe: failed\na10_mmc0: controller timeout\na10_mmc0: timeout updating clock\nrandom: unblocking device.\na10_mmc0: controller timeout\na10_mmc0: timeout updating clock\na10_mmc0: controller timeout\na10_mmc0: timeout updating clock\na10_mmc0: controller timeout\na10_mmc0: timeout updating clock\nmmc0: MMC probe: failed\nmmc0: Current OCR: 0x00000000\nmmc0: No compatible cards found on bus\nedid: max_dotclock according to supported modes: 135000\nedid: max_dotclock according to supported modes: 135000\nVendor: [PGE] \nProduct: [1705] GNR TS700\nSerial number: b30a0000\nManufactured 2005 Week 44\nEDID Version 1.3\nEDID Comment: \nVideo Input: 8c\n\tDigital\nGamma: 2.20\nMax Size: 34 cm x 27 cm\nFeatures: 2e\n\tDPMS active-off\n\tRGB\n\tStandard color space\n\tPreferred timing\nChroma Info:\n\tRed X: 0.632\n\tRed Y: 0.632\n\tGrn X: 0.299\n\tGrn Y: 0.585\n\tBlu X: 0.146\n\tBlu Y: 0.102\n\tWht X: 0.313\n\tWht Y: 0.329\nRange:\n\tHorizontal: 31 - 81 kHz\n\tVertical: 56 - 75 Hz\n\tMax Dot Clock: 140 MHz\nVideo modes:\n\t720x400 @ 70Hz (28320 738 846 900 412 414 449 -H +V)\n\t640x480 @ 60Hz (25175 656 752 800 490 492 525 -H -V)\n\t640x480 @ 73Hz (31500 664 704 832 489 492 520 -H -V)\n\t640x480 @ 75Hz (31500 656 720 840 481 484 500 -H -V)\n\t800x600 @ 56Hz (36000 824 896 1024 601 603 625 +H +V)\n\t800x600 @ 60Hz (40000 840 968 1056 601 605 628 +H +V)\n\t800x600 @ 72Hz (50000 856 976 1040 637 643 666 +H +V)\n\t800x600 @ 75Hz (49500 816 896 1056 601 604 625 +H +V)\n\t832x624 @ 75Hz (57284 864 928 1152 625 628 667 -H -V)\n\t1024x768 @ 60Hz (65000 1048 1184 1344 771 777 806 -H -V)\n\t1024x768 @ 70Hz (75000 1048 1184 1328 771 777 806 -H -V)\n\t1024x768 @ 75Hz (78750 1040 1136 1312 769 772 800 +H +V)\n\t1280x1024 @ 75Hz (135000 1296 1440 1688 1025 1028 1066 +H +V)\n\t1280x1024 @ 60Hz (108000 1328 1440 1688 1025 1028 1066 +H +V)\n\t1280x960 @ 60Hz (108000 1376 1488 1800 961 964 1000 +H +V)\n\t1152x864 @ 75Hz (108000 1216 1344 1600 865 868 900 +H +V)\nPreferred mode: 1280x1024 @ 60Hz\nNumber of extension blocks: 0\nfb0: using 1280x1024\nfbd0 on fb0\nVT: initialize with new VT driver \"fb\".\nrandom: harvesting attach, 8 bytes (4 bits) from fbd0\nRelease APs\nWARNING: WITNESS option enabled, expect reduced performance.\nTrying to mount root from ufs:/dev/ufs/rootfs [rw]...\nmountroot: waiting for device /dev/ufs/rootfs...\nMounting from ufs:/dev/ufs/rootfs failed with error 19.\n\nLoader variables:\n  vfs.root.mountfrom=ufs:/dev/ufs/rootfs\n  vfs.root.mountfrom.options=rw\n\nManual root filesystem specification:\n  \u003cfstype\u003e:\u003cdevice\u003e [options]\n      Mount \u003cdevice\u003e using filesystem \u003cfstype\u003e\n      and with the specified (optional) option list.\n\n    eg. ufs:/dev/da0s1a\n        zfs:tank\n        cd9660:/dev/cd0 ro\n          (which is equivalent to: mount -t cd9660 -o ro /dev/cd0 /)\n\n  ?               List valid disk boot devices\n  .               Yield 1 second (for background tasks)\n  \u003cempty line\u003e    Abort manual input\n\nmountroot\u003e"
}