{
 "id": 1012996,
 "bug_id": 231724,
 "attachment_id": 0,
 "creation_time": "2018-09-25T18:22:42Z",
 "creator": "yar@shvets.name",
 "text": "One of my servers (Xeon X3330 on TYAN Toledo S5211) is loaded without work consoles.\nDuring booting displays: Booting ... And nothing more.\n\nAll main services are loads: ssh, mail, etc. The server works,\nbut there are no devices created: ttyv0, ttyv1, ttyv2, … etc\nand no work consoles.\n\nIn the same time consoles works, if vt (virtual terminal console driver) to change to sc in\n/boot/loader.conf:\n\nkern.vty=sc\n\nHow to make work vt?\n\ndmesg with sc:\nCopyright (c) 1992-2018 The FreeBSD Project.\nCopyright (c) 1979, 1980, 1983, 1986, 1988, 1989, 1991, 1992, 1993, 1994\n        The Regents of the University of California. All rights reserved.\nFreeBSD is a registered trademark of The FreeBSD Foundation.\nFreeBSD 11.2-RELEASE-p3 #0 r338696: Sun Sep 16 01:28:53 EEST 2018\n    root@gw1:/usr/obj/usr/src/sys/KERNEL amd64\nFreeBSD clang version 6.0.0 (tags/RELEASE_600/final 326565) (based on LLVM 6.0.0)\nCPU: Intel(R) Xeon(R) CPU           X3330  @ 2.66GHz (2660.06-MHz K8-class CPU)\n  Origin=\"GenuineIntel\"  Id=0x1067a  Family=0x6  Model=0x17  Stepping=10\n  Features=0xbfebfbff\u003cFPU,VME,DE,PSE,TSC,MSR,PAE,MCE,CX8,APIC,SEP,MTRR,PGE,MCA,CMOV,PAT,PSE36,CLFLUSH,DTS,ACPI,MMX,FXSR,SSE,SSE2,SS,HTT,TM,PBE\u003e\n  Features2=0xc08e3fd\u003cSSE3,DTES64,MON,DS_CPL,VMX,SMX,EST,TM2,SSSE3,CX16,xTPR,PDCM,SSE4.1,XSAVE,OSXSAVE\u003e\n  AMD Features=0x20100800\u003cSYSCALL,NX,LM\u003e\n  AMD Features2=0x1\u003cLAHF\u003e\n  VT-x: HLT,PAUSE\n  TSC: P-state invariant, performance statistics\nreal memory  = 4294967296 (4096 MB)\navail memory = 4088619008 (3899 MB)\nEvent timer \"LAPIC\" quality 100\nACPI APIC Table: \u003cPTLTD          APIC  \u003e\nFreeBSD/SMP: Multiprocessor System Detected: 4 CPUs\nFreeBSD/SMP: 1 package(s) x 4 core(s)\nioapic0 \u003cVersion 2.0\u003e irqs 0-23 on motherboard\nSMP: AP CPU #3 Launched!\nSMP: AP CPU #1 Launched!\nSMP: AP CPU #2 Launched!\nTimecounter \"TSC-low\" frequency 1330027676 Hz quality 1000\nrandom: entropy device external interface\nkbd1 at kbdmux0\nnetmap: loaded module\nnexus0\nsmbios0: \u003cSystem Management BIOS\u003e at iomem 0xf6c30-0xf6c4e on motherboard\nsmbios0: Version: 2.33\ncryptosoft0: \u003csoftware crypto\u003e on motherboard\nacpi0: \u003cPTLTD    XSDT\u003e on motherboard\nacpi0: Power Button (fixed)\ncpu0: \u003cACPI CPU\u003e on acpi0\ncpu1: \u003cACPI CPU\u003e on acpi0\ncpu2: \u003cACPI CPU\u003e on acpi0\ncpu3: \u003cACPI CPU\u003e on acpi0\nhpet0: \u003cHigh Precision Event Timer\u003e iomem 0xfed00000-0xfed003ff irq 0,8 on acpi0\nTimecounter \"HPET\" frequency 14318180 Hz quality 950\nEvent timer \"HPET\" frequency 14318180 Hz quality 450\nEvent timer \"HPET1\" frequency 14318180 Hz quality 440\nEvent timer \"HPET2\" frequency 14318180 Hz quality 440\nEvent timer \"HPET3\" frequency 14318180 Hz quality 440\natrtc0: \u003cAT realtime clock\u003e port 0x70-0x71 on acpi0\natrtc0: registered as a time-of-day clock, resolution 1.000000s\nEvent timer \"RTC\" frequency 32768 Hz quality 0\nattimer0: \u003cAT timer\u003e port 0x40-0x43,0x50-0x53 on acpi0\nTimecounter \"i8254\" frequency 1193182 Hz quality 0\nEvent timer \"i8254\" frequency 1193182 Hz quality 100\nTimecounter \"ACPI-fast\" frequency 3579545 Hz quality 900\nacpi_timer0: \u003c24-bit timer at 3.579545MHz\u003e port 0x1008-0x100b on acpi0\npcib0: \u003cACPI Host-PCI bridge\u003e port 0xcf8-0xcff on acpi0\npci0: \u003cACPI PCI bus\u003e on pcib0\npcib1: \u003cACPI PCI-PCI bridge\u003e irq 16 at device 1.0 on pci0\npci1: \u003cACPI PCI bus\u003e on pcib1\nsiis0: \u003cSiI3132 SATA controller\u003e port 0x2000-0x207f mem 0xf4104000-0xf410407f,0xf4100000-0xf4103fff irq 16 at device 0.0 on pci1\nsiisch0: \u003cSIIS channel\u003e at channel 0 on siis0\nsiisch1: \u003cSIIS channel\u003e at channel 1 on siis0\n(noperiph:siisch0:0:-1:ffffffff): rescan already queued\n(noperiph:siisch1:0:-1:ffffffff): rescan already queued\nuhci0: \u003cIntel 82801I (ICH9) USB controller\u003e port 0x1820-0x183f irq 16 at device 26.0 on pci0\nusbus0 on uhci0\nusbus0: 12Mbps Full Speed USB v1.0\nuhci1: \u003cIntel 82801I (ICH9) USB controller\u003e port 0x1840-0x185f irq 17 at device 26.1 on pci0\nusbus1 on uhci1\nusbus1: 12Mbps Full Speed USB v1.0\nehci0: \u003cIntel 82801I (ICH9) USB 2.0 controller\u003e mem 0xf4601800-0xf4601bff irq 18 at device 26.7 on pci0\nusbus2: EHCI version 1.0\nusbus2 on ehci0\nusbus2: 480Mbps High Speed USB v2.0\npcib2: \u003cACPI PCI-PCI bridge\u003e irq 16 at device 28.0 on pci0\npcib2: [GIANT-LOCKED]\npci2: \u003cACPI PCI bus\u003e on pcib2\npcib3: \u003cACPI PCI-PCI bridge\u003e at device 0.0 on pci2\npci3: \u003cACPI PCI bus\u003e on pcib3\npcib4: \u003cACPI PCI-PCI bridge\u003e irq 16 at device 28.4 on pci0\npcib4: [GIANT-LOCKED]\npci4: \u003cACPI PCI bus\u003e on pcib4\nem0: \u003cIntel(R) PRO/1000 Network Connection 7.6.1-k\u003e port 0x3000-0x301f mem 0xf4080000-0xf409ffff,0xf4000000-0xf407ffff irq 16 at device 0.0 on pci4\nem0: Using an MSI interrupt\nem0: Ethernet address: 00:e0:81:ba:ad:90\nem0: netmap queues/slots: TX 1/1024, RX 1/1024\npcib5: \u003cACPI PCI-PCI bridge\u003e irq 17 at device 28.5 on pci0\npcib5: [GIANT-LOCKED]\npci5: \u003cACPI PCI bus\u003e on pcib5\nem1: \u003cIntel(R) PRO/1000 Network Connection 7.6.1-k\u003e port 0x4000-0x401f mem 0xf4280000-0xf429ffff,0xf4200000-0xf427ffff irq 17 at device 0.0 on pci5\nem1: Using an MSI interrupt\nem1: Ethernet address: 00:e0:81:ba:ad:91\nem1: netmap queues/slots: TX 1/1024, RX 1/1024\nuhci2: \u003cIntel 82801I (ICH9) USB controller\u003e port 0x1860-0x187f irq 16 at device 29.0 on pci0\nusbus3 on uhci2\nusbus3: 12Mbps Full Speed USB v1.0\nuhci3: \u003cIntel 82801I (ICH9) USB controller\u003e port 0x1880-0x189f irq 17 at device 29.1 on pci0\nusbus4 on uhci3\nusbus4: 12Mbps Full Speed USB v1.0\nuhci4: \u003cIntel 82801I (ICH9) USB controller\u003e port 0x18a0-0x18bf irq 18 at device 29.2 on pci0\nusbus5 on uhci4\nusbus5: 12Mbps Full Speed USB v1.0\nuhci5: \u003cIntel 82801I (ICH9) USB controller\u003e port 0x18c0-0x18df irq 19 at device 29.3 on pci0\nusbus6 on uhci5\nusbus6: 12Mbps Full Speed USB v1.0\nehci1: \u003cIntel 82801I (ICH9) USB 2.0 controller\u003e mem 0xf4601c00-0xf4601fff irq 16 at device 29.7 on pci0\nusbus7: EHCI version 1.0\nusbus7 on ehci1\nusbus7: 480Mbps High Speed USB v2.0\npcib6: \u003cACPI PCI-PCI bridge\u003e at device 30.0 on pci0\npci6: \u003cACPI PCI bus\u003e on pcib6\nvgapci0: \u003cVGA-compatible display\u003e port 0x5000-0x507f mem 0xf0000000-0xf3ffffff,0xf4300000-0xf433ffff at device 3.0 on pci6\nvgapci0: Boot video device\nisab0: \u003cPCI-ISA bridge\u003e at device 31.0 on pci0\nisa0: \u003cISA bus\u003e on isab0\nahci0: \u003cIntel ICH9 AHCI SATA controller\u003e port 0x1c78-0x1c7f,0x1c6c-0x1c6f,0x1c70-0x1c77,0x1c68-0x1c6b,0x18e0-0x18ff mem 0xf4601000-0xf46017ff irq 17 at device 31.2 on pci0\nahci0: AHCI v1.20 with 6 3Gbps ports, Port Multiplier supported\nahcich0: \u003cAHCI channel\u003e at channel 0 on ahci0\nahcich1: \u003cAHCI channel\u003e at channel 1 on ahci0\nahcich2: \u003cAHCI channel\u003e at channel 2 on ahci0\nahcich3: \u003cAHCI channel\u003e at channel 3 on ahci0\nahcich4: \u003cAHCI channel\u003e at channel 4 on ahci0\nahcich5: \u003cAHCI channel\u003e at channel 5 on ahci0\nacpi_button0: \u003cPower Button\u003e on acpi0\natkbdc0: \u003cKeyboard controller (i8042)\u003e port 0x60,0x64 irq 1 on acpi0\natkbd0: \u003cAT Keyboard\u003e irq 1 on atkbdc0\nkbd0 at atkbd0\natkbd0: [GIANT-LOCKED]\nacpi_syscontainer0: \u003cSystem Container\u003e on acpi0\nuart0: \u003c16550 or compatible\u003e port 0x3f8-0x3ff irq 4 flags 0x10 on acpi0\nuart1: \u003c16550 or compatible\u003e port 0x2f8-0x2ff irq 3 on acpi0\nichwd0: \u003cIntel ICH9R watchdog timer\u003e on isa0\nipmi0: \u003cIPMI System Interface\u003e on isa0\nipmi0: KCS mode found at mem 0x0 alignment 0x1 on isa\nipmi0: couldn't configure I/O resource\ndevice_attach: ipmi0 attach returned 6\nipmi0: \u003cIPMI System Interface\u003e at iomem 0-0x1 on isa0\nipmi0: KCS mode found at mem 0x0 alignment 0x1 on isa\nipmi0: couldn't configure I/O resource\ndevice_attach: ipmi0 attach returned 6\norm0: \u003cISA Option ROM\u003e at iomem 0xc0000-0xc7fff on isa0\nsc0: \u003cSystem console\u003e at flags 0x100 on isa0\nsc0: VGA \u003c16 virtual consoles, flags=0x300\u003e\nvga0: \u003cGeneric ISA VGA\u003e at port 0x3c0-0x3df iomem 0xa0000-0xbffff on isa0\nppc0: cannot reserve I/O port range\ncoretemp0: \u003cCPU On-Die Thermal Sensors\u003e on cpu0\nest0: \u003cEnhanced SpeedStep Frequency Control\u003e on cpu0\ncoretemp1: \u003cCPU On-Die Thermal Sensors\u003e on cpu1\nest1: \u003cEnhanced SpeedStep Frequency Control\u003e on cpu1\ncoretemp2: \u003cCPU On-Die Thermal Sensors\u003e on cpu2\nest2: \u003cEnhanced SpeedStep Frequency Control\u003e on cpu2\ncoretemp3: \u003cCPU On-Die Thermal Sensors\u003e on cpu3\nest3: \u003cEnhanced SpeedStep Frequency Control\u003e on cpu3\nfuse-freebsd: version 0.4.4, FUSE ABI 7.8\nTimecounters tick every 1.000 msec\nipfw2 (+ipv6) initialized, divert enabled, nat enabled, default to accept, logging disabled\nDUMMYNET 0 with IPv6 initialized (100409)\nload_dn_sched dn_sched QFQ loaded\nload_dn_sched dn_sched RR loaded\nload_dn_sched dn_sched WF2Q+ loaded\nload_dn_sched dn_sched FIFO loaded\nload_dn_sched dn_sched FQ_CODEL loaded\nload_dn_sched dn_sched FQ_PIE loaded\nload_dn_sched dn_sched PRIO loaded\nload_dn_aqm dn_aqm CODEL loaded\nload_dn_aqm dn_aqm PIE loaded\nugen5.1: \u003cIntel UHCI root HUB\u003e at usbus5\nugen7.1: \u003cIntel EHCI root HUB\u003e at usbus7\nugen4.1: \u003cIntel UHCI root HUB\u003e at usbus4\nugen6.1: \u003cIntel UHCI root HUB\u003e at usbus6\nuhub0: \u003cIntel UHCI root HUB, class 9/0, rev 1.00/1.00, addr 1\u003e on usbus5\nuhub1: \u003cIntel EHCI root HUB, class 9/0, rev 2.00/1.00, addr 1\u003e on usbus7\nuhub2: \u003cIntel UHCI root HUB, class 9/0, rev 1.00/1.00, addr 1\u003e on usbus6\nuhub3: \u003cIntel UHCI root HUB, class 9/0, rev 1.00/1.00, addr 1\u003e on usbus4\nugen0.1: \u003cIntel UHCI root HUB\u003e at usbus0\nugen2.1: \u003cIntel EHCI root HUB\u003e at usbus2\nugen3.1: \u003cIntel UHCI root HUB\u003e at usbus3\nuhub4: \u003cIntel UHCI root HUB, class 9/0, rev 1.00/1.00, addr 1\u003e on usbus0\nuhub5: \u003cIntel UHCI root HUB, class 9/0, rev 1.00/1.00, addr 1\u003e on usbus3\nuhub6: \u003cIntel EHCI root HUB, class 9/0, rev 2.00/1.00, addr 1\u003e on usbus2\nugen1.1: \u003cIntel UHCI root HUB\u003e at usbus1\nuhub7: \u003cIntel UHCI root HUB, class 9/0, rev 1.00/1.00, addr 1\u003e on usbus1\nada0 at siisch0 bus 0 scbus0 target 0 lun 0\nada0: \u003cWDC WD2000FYYZ-01UL1B1 01.01K02\u003e ATA8-ACS SATA 3.x device\nada0: Serial Number WD-WCC1P1037804\nada0: 300.000MB/s transfers (SATA 2.x, UDMA6, PIO 8192bytes)\nada0: Command Queueing enabled\nada0: 1907729MB (3907029168 512 byte sectors)\ncd0 at ahcich1 bus 0 scbus3 target 0 lun 0\nada1 at siisch1 bus 0 scbus1 target 0 lun 0\ncd0: ada1: \u003cST2000NM0033-9ZM175 SN03\u003e ACS-2 ATA SATA 3.x device\n\u003cOptiarc DVD RW AD-7240S 1.01\u003e Removable CD-ROM SCSI device\nada1: Serial Number Z1X1J9KC\nada1: 300.000MB/s transfers (SATA 2.x, UDMA6, PIO 8192bytes)\nada1: Command Queueing enabled\nada1: 1907729MB (3907029168 512 byte sectors)\nada2 at ahcich0 bus 0 scbus2 target 0 lun 0\ncd0: 150.000MB/s transfersada2: \u003cWDC WD2000FYYZ-01UL1B1 01.01K02\u003e ATA8-ACS SATA 3.x device\nada2: Serial Number WD-WCC1P1016735\nada2: 300.000MB/s transfers (SATA 2.x, UDMA6, PIO 8192bytes)\nada2: Command Queueing enabled\n(SATA 1.x, UDMA5, ATAPI 12bytes, PIO 8192bytes)\ncd0: 2611MB (1337280 2048 byte sectors)\nada2: 1907729MB (3907029168 512 byte sectors)\nhwpmc: SOFT/16/64/0x67\u003cINT,USR,SYS,REA,WRI\u003e TSC/1/64/0x20\u003cREA\u003e IAP/2/40/0x3ff\u003cINT,USR,SYS,EDG,THR,REA,WRI,INV,QUA,PRC\u003e IAF/3/40/0x67\u003cINT,USR,SYS,REA,WRI\u003e\nTrying to mount root from ufs:/dev/ada2p3 [rw]...\nuhub3: 2 ports with 2 removable, self powered\nuhub0: 2 ports with 2 removable, self powered\nuhub2: 2 ports with 2 removable, self powered\nuhub4: 2 ports with 2 removable, self powered\nuhub5: 2 ports with 2 removable, self powered\nuhub7: 2 ports with 2 removable, self powered\nuhub6: 4 ports with 4 removable, self powered\nuhub1: 8 ports with 8 removable, self powered\nugen5.2: \u003cvendor 0x0b38 product 0x0010\u003e at usbus5\nukbd0 on uhub0\nukbd0: \u003cvendor 0x0b38 product 0x0010, class 0/0, rev 1.10/1.02, addr 2\u003e on usbus5\nkbd2 at ukbd0\nGEOM_RAID: DDF-LE: Array DDF-LE created.\nGEOM_RAID: DDF-LE: Disk ada0 state changed from NONE to ACTIVE.\nGEOM_RAID: DDF-LE: Subdisk RAID1:0-ada0 state changed from NONE to ACTIVE.\nGEOM_RAID: DDF-LE: Disk ada1 state changed from NONE to ACTIVE.\nGEOM_RAID: DDF-LE: Subdisk RAID1:1-ada1 state changed from NONE to ACTIVE.\nGEOM_RAID: DDF-LE: Volume started.\nGEOM_RAID: DDF-LE: Volume RAID1 state changed from STARTING to OPTIMAL.\nGEOM_RAID: DDF-LE: Provider raid/r0 for volume RAID1 created.\nrandom: unblocking device.\nwarning: total configured swap (8388608 pages) exceeds maximum recommended amount (1973856 pages).\nwarning: increase kern.maxswzone or reduce amount of swap.\nem0: link state changed to UP\nem0: link state changed to DOWN\nem1: link state changed to UP\nem1: link state changed to DOWN\nem1: link state changed to UP\nem0: link state changed to UP\nuhid0 on uhub0\nuhid0: \u003cvendor 0x0b38 product 0x0010, class 0/0, rev 1.10/1.02, addr 2\u003e on usbus5"
}