{
 "id": 370800,
 "bug_id": 107905,
 "attachment_id": 0,
 "creation_time": "2007-01-14T12:30:29Z",
 "creator": "luka.kanduc@gmail.com",
 "text": "Kernel panics during normal operation without known reason. It is web\nserver that runs apache+ruby, postgres and mysql.\n\noutput of /var/run/dmesg.boot:\nACPI APIC Table: \u003cASUS   P4SE    \u003e\nCPU: Intel(R) Pentium(R) 4 CPU 2.00GHz (2017.98-MHz 686-class CPU)\n  Origin = \"GenuineIntel\"  Id = 0xf24  Stepping = 4\nFeatures=0x3febfbff\u003cFPU,VME,DE,PSE,TSC,MSR,PAE,MCE,CX8,APIC,SEP,MTRR,PGE,MCA,CMOV,PAT,PSE36,CLFLUSH,DTS,ACPI,MMX,FXSR,SSE,SSE2,SS,HTT,TM\u003e\nreal memory  = 1610596352 (1535 MB)\navail memory = 1564909568 (1492 MB)\nioapic0 \u003cVersion 0.0\u003e irqs 0-23 on motherboard\nkbd1 at kbdmux0\nath_hal: 0.9.17.2 (AR5210, AR5211, AR5212, RF5111, RF5112, RF2413, RF5413)\nacpi0: \u003cASUS P4SE\u003e on motherboard\nacpi0: Overriding SCI Interrupt from IRQ 9 to IRQ 20\nacpi0: Power Button (fixed)\nTimecounter \"ACPI-fast\" frequency 3579545 Hz quality 1000\nacpi_timer0: \u003c24-bit timer at 3.579545MHz\u003e port 0xe408-0xe40b on acpi0\ncpu0: \u003cACPI CPU\u003e on acpi0\nacpi_throttle0: \u003cACPI CPU Throttling\u003e on cpu0\nacpi_button0: \u003cPower Button\u003e on acpi0\npcib0: \u003cACPI Host-PCI bridge\u003e port 0xcf8-0xcff on acpi0\npci0: \u003cACPI PCI bus\u003e on pcib0\nagp0: \u003cSiS 645 host to AGP bridge\u003e mem 0xf8000000-0xfbffffff at device 0.0 on pci0\npcib1: \u003cACPI PCI-PCI bridge\u003e at device 1.0 on pci0\npci1: \u003cACPI PCI bus\u003e on pcib1\nisab0: \u003cPCI-ISA bridge\u003e at device 2.0 on pci0\nisa0: \u003cISA bus\u003e on isab0\nohci0: \u003cSiS 5571 USB controller\u003e mem 0xf7800000-0xf7800fff irq 20 at device 2.2 on pci0\nohci0: [GIANT-LOCKED]\nusb0: OHCI version 1.0, legacy support\nusb0: \u003cSiS 5571 USB controller\u003e on ohci0\nusb0: USB revision 1.0\nuhub0: SiS OHCI root hub, class 9/0, rev 1.00/1.00, addr 1\nuhub0: 3 ports with 3 removable, self powered\nohci1: \u003cSiS 5571 USB controller\u003e mem 0xf7000000-0xf7000fff irq 23 at device 2.3 on pci0\nohci1: [GIANT-LOCKED]\nusb1: OHCI version 1.0, legacy support\nusb1: \u003cSiS 5571 USB controller\u003e on ohci1\nusb1: USB revision 1.0\nuhub1: SiS OHCI root hub, class 9/0, rev 1.00/1.00, addr 1\nuhub1: 3 ports with 3 removable, self powered\natapci0: \u003cSiS 961 UDMA100 controller\u003e port 0x1f0-0x1f7,0x3f6,0x170-0x177,0x376,0xd800-0xd80f at device 2.5 on pci0\nata0: \u003cATA channel 0\u003e on atapci0\nata1: \u003cATA channel 1\u003e on atapci0\npci0: \u003cmultimedia, audio\u003e at device 2.7 (no driver attached)\npci0: \u003cdisplay, VGA\u003e at device 8.0 (no driver attached)\nxl0: \u003c3Com 3c905C-TX Fast Etherlink XL\u003e port 0xa800-0xa87f mem 0xf5000000-0xf500007f irq 18 at device 10.0 on pci0\nmiibus0: \u003cMII bus\u003e on xl0\nukphy0: \u003cGeneric IEEE 802.3u media interface\u003e on miibus0\nukphy0:  10baseT, 10baseT-FDX, 100baseTX, 100baseTX-FDX, auto\nxl0: Ethernet address: 00:04:75:d2:ff:6d\nfdc0: \u003cfloppy drive controller\u003e port 0x3f2-0x3f5,0x3f7 irq 6 drq 2 on acpi0\nfdc0: [FAST]\nppc0: \u003cECP parallel printer port\u003e port 0x378-0x37f,0x778-0x77b irq 7 drq 3 on acpi0\nppc0: SMC-like chipset (ECP/EPP/PS2/NIBBLE) in COMPATIBLE mode\nppc0: FIFO with 16/16/16 bytes threshold\nppbus0: \u003cParallel port bus\u003e on ppc0\nplip0: \u003cPLIP network interface\u003e on ppbus0\nlpt0: \u003cPrinter\u003e on ppbus0\nlpt0: Interrupt-driven port\nppi0: \u003cParallel I/O\u003e on ppbus0\nsio0: \u003c16550A-compatible COM port\u003e port 0x3f8-0x3ff irq 4 flags 0x10 on acpi0\nsio0: type 16550A\nsio1: \u003c16550A-compatible COM port\u003e port 0x2f8-0x2ff irq 3 on acpi0\nsio1: type 16550A\natkbdc0: \u003cKeyboard controller (i8042)\u003e port 0x60,0x64 irq 1 on acpi0\natkbd0: \u003cAT Keyboard\u003e irq 1 on atkbdc0\nkbd0 at atkbd0\natkbd0: [GIANT-LOCKED]\npmtimer0 on isa0\norm0: \u003cISA Option ROMs\u003e at iomem 0xc0000-0xc7fff,0xc8000-0xc87ff on isa0\nsc0: \u003cSystem console\u003e at flags 0x100 on isa0\nsc0: VGA \u003c16 virtual consoles, flags=0x300\u003e\nvga0: \u003cGeneric ISA VGA\u003e at port 0x3c0-0x3df iomem 0xa0000-0xbffff on isa0\nTimecounter \"TSC\" frequency 2017980700 Hz quality 800\nTimecounters tick every 1.000 msec\nipfw2 (+ipv6) initialized, divert loadable, rule-based forwarding enabled, default to accept, logging disabled\nad0: 76319MB \u003cWDC WD800JB-00JJC0 05.01C05\u003e at ata0-master UDMA100\nad3: 156334MB \u003cMaxtor 6Y160P0 YAR41BW0\u003e at ata1-slave UDMA100\n\nkernel config:\nGENERIC + :\noptions         IPFIREWALL\noptions         IPFIREWALL_DEFAULT_TO_ACCEPT\noptions         IPFIREWALL_VERBOSE_LIMIT=500\noptions         IPFIREWALL_FORWARD\noptions         IPDIVERT\noptions         TCP_DROP_SYNFIN\noptions         DUMMYNET\n\nkgdb backtrace:\nUnread portion of the kernel message buffer:\n\n\nFatal trap 12: page fault while in kernel mode\nfault virtual address   = 0x8\nfault code              = supervisor read, page not present\ninstruction pointer     = 0x20:0xc093fdd9\nstack pointer           = 0x28:0xec4b962c\nframe pointer           = 0x28:0xec4b9640\ncode segment            = base 0x0, limit 0xfffff, type 0x1b\n                        = DPL 0, pres 1, def32 1, gran 1\nprocessor eflags        = interrupt enabled, resume, IOPL = 0\ncurrent process         = 41881 (cvsup)\ntrap number             = 12\npanic: page fault\nUptime: 1d3h4m47s\nDumping 1535 MB (2 chunks)\n  chunk 0: 1MB (160 pages) ... ok\n  chunk 1: 1535MB (392956 pages) 1520 1504 1488 1472 1456 1440 1424 1408 1392 1376                                            1360 1344 1328 1312 1296 1280 1264 1248 1232 1216 1200 1184 1168 1152 1136 1120 110                                           4 1088 1072 1056 1040 1024 1008 992 976 960 944 928 912 896 880 864 848 832 816 800                                            784 768 752 736 720 704 688 672 656 640 624 608 592 576 560 544 528 512 496 480 46                                           4 448 432 416 400 384 368 352 336 320 304 288 272 256 240 224 208 192 176 160 144 1                                           28 112 96 80 64 48 32 16\n\n#0  doadump () at pcpu.h:165\n165             __asm __volatile(\"movl %%fs:0,%0\" : \"=r\" (td));\n\n(kgdb) bt\n#0  doadump () at pcpu.h:165\n#1  0xc06d6f78 in boot (howto=260) at /usr/src/sys/kern/kern_shutdown.c:409\n#2  0xc06d74ef in panic (fmt=0xc09a4a51 \"%s\")\n    at /usr/src/sys/kern/kern_shutdown.c:565\n#3  0xc0945220 in trap_fatal (frame=0xec4b95ec, eva=8)\n    at /usr/src/sys/i386/i386/trap.c:837\n#4  0xc09454e6 in trap_pfault (frame=0xec4b95ec, usermode=0, eva=8)\n    at /usr/src/sys/i386/i386/trap.c:745\n#5  0xc09458cf in trap (frame=\n      {tf_fs = -1052442616, tf_es = -330629080, tf_ds = -1064828888, tf_edi = 58380, tf_esi = -1062381408, tf_ebp = -330590656, tf_isp = -330590696, tf_ebx = 0, tf_edx = -1052359768, tf_ecx = -879742976, tf_eax = 24979, tf_trapno = 12, tf_err = 0, tf_eip = -1064043047, tf_cs = 32, tf_eflags = 66118, tf_esp = 0, tf_ss = -1052416448}) at /usr/src/sys/i386/i386/trap.c:435\n#6  0xc0931f8a in calltrap () at /usr/src/sys/i386/i386/exception.s:139\n#7  0xc093fdd9 in pmap_remove_entry (pmap=0xc0ad58a0, m=0xc14643a8, va=3415224320)\n    at /usr/src/sys/i386/i386/pmap.c:1503\n#8  0xc094186c in pmap_enter (pmap=0xc0ad58a0, va=3415224320, m=0xc1b31e30,\n    prot=7 '\\a', wired=1) at /usr/src/sys/i386/i386/pmap.c:1978\n#9  0xc089600f in kmem_malloc (map=0xc144b0c0, size=4096, flags=3)\n    at /usr/src/sys/vm/vm_kern.c:403\n#10 0xc088ada5 in slab_zalloc (zone=0xc1455a80, wait=3)\n    at /usr/src/sys/vm/uma_core.c:823\n#11 0xc088b29e in uma_zone_slab (zone=0xc1455a80, flags=3)\n    at /usr/src/sys/vm/uma_core.c:2025\n#12 0xc088cf2a in uma_zalloc_arg (zone=0xc1455a80, udata=0x0, flags=2)\n    at /usr/src/sys/vm/uma_core.c:2134\n#13 0xc06c9e01 in malloc (size=24979, mtp=0xc0a3c980, flags=2) at uma.h:275\n#14 0xc072a4f8 in allocbuf (bp=0xd9cc2970, size=2048)\n    at /usr/src/sys/kern/vfs_bio.c:2679\n#15 0xc072ce14 in getblk (vp=0xcad3b330, blkno=0, size=2048, slpflag=0,\n    slptimeo=0, flags=0) at /usr/src/sys/kern/vfs_bio.c:2566\n#16 0xc072ebf1 in breadn (vp=0xcad3b330, blkno=Unhandled dwarf expression opcode 0x93\n)\n    at /usr/src/sys/kern/vfs_bio.c:738\n#17 0xc072f11d in bread (vp=0x6193, blkno=Unhandled dwarf expression opcode 0x93\n) at /usr/src/sys/kern/vfs_bio.c:719\n#18 0xc0871cbe in ffs_blkatoff (vp=0xcad3b330, offset=0, res=0x0, bpp=0xec4b999c)\n    at /usr/src/sys/ufs/ffs/ffs_subr.c:87\n#19 0xc087d793 in ufs_lookup (ap=0xec4b9a3c)\n    at /usr/src/sys/ufs/ufs/ufs_lookup.c:259\n#20 0xc0958a4b in VOP_CACHEDLOOKUP_APV (vop=0x6193, a=0xcb903000)\n    at vnode_if.c:150\n#21 0xc073086c in vfs_cache_lookup (ap=0x6193) at vnode_if.h:82\n#22 0xc095943a in VOP_LOOKUP_APV (vop=0xc0a709c0, a=0xec4b9ae8) at vnode_if.c:99\n#23 0xc0735564 in lookup (ndp=0xec4b9b90) at vnode_if.h:56\n#24 0xc073622e in namei (ndp=0xec4b9b90) at /usr/src/sys/kern/vfs_lookup.c:211\n#25 0xc0747da1 in kern_lstat (td=0xc6291300,\n    path=0x6193 \u003cAddress 0x6193 out of bounds\u003e, pathseg=24979, sbp=0x6193)\n    at /usr/src/sys/kern/vfs_syscalls.c:2143\n#26 0xc0748110 in lstat (td=0x6193, uap=0xec4b9d04)\n    at /usr/src/sys/kern/vfs_syscalls.c:2126\n#27 0xc0945d3b in syscall (frame=\n      {tf_fs = 673185851, tf_es = -1078001605, tf_ds = 138346555, tf_edi = 673211427, tf_esi = -1077940976, tf_ebp = 138349372, tf_isp = -330588828, tf_ebx = 3, tf_edx = 134569641, tf_ecx = 0, tf_eax = 190, tf_trapno = 22, tf_err = 2, tf_eip = 676165563, tf_cs = 51, tf_eflags = 534, tf_esp = 138349216, tf_ss = 59})\n    at /usr/src/sys/i386/i386/trap.c:983\n#28 0xc0931fdf in Xint0x80_syscall () at /usr/src/sys/i386/i386/exception.s:200\n#29 0x00000033 in ?? ()\nPrevious frame inner to this frame (corrupt stack?)\n(kgdb) up 25\n#25 0xc0747da1 in kern_lstat (td=0xc6291300, path=0x6193 \u003cAddress 0x6193 out of bounds\u003e, pathseg=24979, sbp=0x6193)\n    at /usr/src/sys/kern/vfs_syscalls.c:2143\n2143            if ((error = namei(\u0026nd)) != 0)\n(kgdb) print nd\n$1 = {ni_dirp = 0x838bef0 \u003cAddress 0x838bef0 out of bounds\u003e, ni_segflg = UIO_USERSPACE, ni_startdir = 0x0,\n  ni_rootdir = 0xc5e07bb0, ni_topdir = 0x0, ni_vp = 0x0, ni_dvp = 0xcad3b330, ni_pathlen = 1, ni_next = 0xc5e0902c \"\",\n  ni_loopcnt = 0, ni_cnd = {cn_nameiop = 0, cn_flags = 83935236, cn_thread = 0xc6291300, cn_cred = 0xcb36cd00,\n    cn_lkflags = 2, cn_pnbuf = 0xc5e09000 \"/usr/ports/converters/py-iconvcodec/Makefile\",\n    cn_nameptr = 0xc5e09024 \"Makefile\", cn_namelen = 8, cn_consume = 0}}\n(kgdb)\n \nthis file is on partition that is also nfs exported:\n$ mount\n/dev/ad3s1a on / (ufs, local)\ndevfs on /dev (devfs, local)\n/dev/ad3s1e on /tmp (ufs, local, soft-updates)\n/dev/ad3s1f on /usr (ufs, NFS exported, local, soft-updates)\n/dev/ad3s1d on /var (ufs, local, soft-updates)\n/dev/ad0s1d on /disk2 (ufs, local, soft-updates)\n\nit might have to do something with a problem"
}