{
 "id": 416287,
 "bug_id": 117655,
 "attachment_id": 0,
 "creation_time": "2007-10-30T04:20:01Z",
 "creator": "bazzoola@gmail.com",
 "text": "The wireless device ral timeouts when is running as an access point using\nhostapd.  The access point is not accessible after upgrading from RELENG_6\nto RELENG_7. It used to work just fine with RELENG_6\n\nThe msg looks like this\n\n#dmesg | tail\nral0: device timeout\nral0: device timeout\nral0: device timeout\nral0: device timeout\nral0: device timeout\n\n#vmstat -i\ninterrupt                          total       rate\nirq0: clk                        5222685        999\nirq4: sio0                          1335          0\nirq5: ral0                         12878          2\nirq6: fdc0                             2          0\nirq7: ppc0                             1          0\nirq8: rtc                         668385        127\nirq10: skc1                        48065          9\nirq11: skc0                        48746          9\nirq14: ata0                        52436         10\nTotal                            6054533       1158\n\nThe man page states that ral0 might not be functional with PCI 2.1\nFreeBSD 7 detects my BIOS PCI as 2.1 (however I have 2.2)\n#more dmesg.txt | grep pcibios\npcibios: PCI BIOS entry at 0xf0000+0xb4f0\npcibios: BIOS version 2.10\n\nI checked the mobo's specs and they claim that they support PCI 2.2\n\nhttp://www.gigabyte.com.tw/Products/Motherboard/Products_Spec.aspx?ClassValue=Motherboard\u0026ProductID=1579\u0026ProductName=GA-5SMM\n\nBtw, I have the latest BIOS installed.\n\n\n#dmesg\nCopyright (c) 1992-2007 The FreeBSD Project.\nCopyright (c) 1979, 1980, 1983, 1986, 1988, 1989, 1991, 1992, 1993, 1994\n    The Regents of the University of California. All rights reserved.\nFreeBSD is a registered trademark of The FreeBSD Foundation.\nFreeBSD 7.0-BETA1 #3: Thu Oct 25 14:20:12 EDT 2007\n r...@nixnixnix.local:/usr/obj/usr/src/sys/GENERIC2\nTimecounter \"i8254\" frequency 1193182 Hz quality 0\nCPU: AMD-K6(tm) 3D processor (501.14-MHz 586-class CPU)\nOrigin = \"AuthenticAMD\"  Id = 0x58c  Stepping = 12\nFeatures=0x8021bf\u003cFPU,VME,DE,PSE,TSC,MSR,MCE,CX8,PGE,MMX\u003e\nAMD Features=0x80000800\u003cSYSCALL,3DNow!\u003e\nreal memory  = 266272768 (253 MB)\navail memory = 251076608 (239 MB)\nwlan: mac acl policy registered\nkbd1 at kbdmux0\nK6-family MTRR support enabled (2 registers)\nacpi0: \u003cGBT AWRDACPI\u003e on motherboard\nacpi0: [ITHREAD]\nacpi0: Power Button (fixed)\nacpi0: reservation of 0, a0000 (3) failed\nacpi0: reservation of 100000, fcf0000 (3) failed\nTimecounter \"ACPI-safe\" frequency 3579545 Hz quality 850\nacpi_timer0: \u003c24-bit timer at 3.579545MHz\u003e port 0x5008-0x500b on acpi0\ncpu0: \u003cACPI CPU\u003e on acpi0\nacpi_throttle0: \u003cACPI CPU Throttling\u003e on cpu0\nacpi_button0: \u003cPower Button\u003e on acpi0\npcib0: \u003cACPI Host-PCI bridge\u003e port 0xcf8-0xcff,0x480-0x48f,\n0x5000-0x5041 on acpi0\npci0: \u003cACPI PCI bus\u003e on pcib0\npcib0: no PRT entry for 0.0.INTA\nagp0: \u003cSiS 530 host to AGP bridge\u003e on hostb0\natapci0: \u003cSiS 530 UDMA66 controller\u003e port\n0x1f0-0x1f7,0x3f6,0x170-0x177,0x376,0x4000-0x400f irq 14 at device\n0.1 on pci0\nata0: \u003cATA channel 0\u003e on atapci0\nata0: [ITHREAD]\nata1: \u003cATA channel 1\u003e on atapci0\nata1: [ITHREAD]\nisab0: \u003cPCI-ISA bridge\u003e at device 1.0 on pci0\nisa0: \u003cISA bus\u003e on isab0\npci0: \u003cunknown\u003e at device 1.1 (no driver attached)\npci0: \u003cserial bus, USB\u003e at device 1.2 (no driver attached)\npcib1: \u003cPCI-PCI bridge\u003e at device 2.0 on pci0\npci1: \u003cPCI bus\u003e on pcib1\nvgapci0: \u003cVGA-compatible display\u003e port 0xc000-0xc07f mem\n0xe2000000-0xe27fffff,0xe2c00000-0xe2c0ffff at device 0.0 on pci1\nskc0: \u003cD-Link DGE-530T Gigabit Ethernet\u003e port 0xd000-0xd0ff mem\n0xe2d04000-0xe2d07fff irq 11 at device 9.0 on pci0\nskc0: DGE-530T Gigabit Ethernet Adapter rev. (0x9)\nsk0: \u003cMarvell Semiconductor, Inc. Yukon\u003e on skc0\nsk0: Ethernet address: XX:XX:5b:XX:XX:XX\nmiibus0: \u003cMII bus\u003e on sk0\ne1000phy0: \u003cMarvell 88E1011 Gigabit PHY\u003e PHY 0 on miibus0\ne1000phy0:  10baseT, 10baseT-FDX, 100baseTX, 100baseTX-FDX,\n1000baseTX-FDX, auto\nskc0: [ITHREAD]\nskc1: \u003cD-Link DGE-530T Gigabit Ethernet\u003e port 0xd400-0xd4ff mem\n0xe2d00000-0xe2d03fff irq 10 at device 11.0 on pci0\nskc1: DGE-530T Gigabit Ethernet Adapter rev. (0x9)\nsk1: \u003cMarvell Semiconductor, Inc. Yukon\u003e on skc1\nsk1: Ethernet address: XX:19:XX:6a:2f:XX\nmiibus1: \u003cMII bus\u003e on sk1\ne1000phy1: \u003cMarvell 88E1011 Gigabit PHY\u003e PHY 0 on miibus1\ne1000phy1:  10baseT, 10baseT-FDX, 100baseTX, 100baseTX-FDX,\n1000baseTX-FDX, auto\nskc1: [ITHREAD]\nral0: \u003cRalink Technology RT2560\u003e mem 0xe2d08000-0xe2d09fff irq 12 at\ndevice 13.0 on pci0\nral0: MAC/BBP RT2560 (rev 0x04), RF RT2525\nral0: Ethernet address: XX:12:XX:XX:XX:XX\nral0: [ITHREAD]\npci0: \u003cmultimedia, audio\u003e at device 15.0 (no driver attached)\nfdc0: \u003cfloppy drive controller\u003e port 0x3f2-0x3f5,0x3f7 irq 6 drq 2 on\nacpi0\nfdc0: [FILTER]\nsio0: \u003c16550A-compatible COM port\u003e port 0x3f8-0x3ff irq 4 flags 0x10\non acpi0\nsio0: type 16550A, console\nsio0: [FILTER]\nsio1: \u003c16550A-compatible COM port\u003e port 0x2f8-0x2ff irq 3 on acpi0\nsio1: type 16550A\nsio1: [FILTER]\natkbdc0: \u003cKeyboard controller (i8042)\u003e port 0x60,0x64 irq 1 on acpi0\natkbd0: \u003cAT Keyboard\u003e irq 1 on atkbdc0\nkbd0 at atkbd0\natkbd0: [GIANT-LOCKED]\natkbd0: [ITHREAD]\npmtimer0 on isa0\norm0: \u003cISA Option ROM\u003e at iomem 0xc0000-0xc7fff pnpid ORM0000 on isa0\nsc0: \u003cSystem console\u003e at flags 0x100 on isa0\nsc0: VGA \u003c16 virtual consoles, flags=0x100\u003e\nvga0: \u003cGeneric ISA VGA\u003e at port 0x3c0-0x3df iomem 0xa0000-0xbffff on\nisa0\nTimecounter \"TSC\" frequency 501139932 Hz quality 800\nTimecounters tick every 1.000 msec\nad0: 29311MB \u003cMaxtor 4W030H2 AAH41310\u003e at ata0-master UDMA66\nacd0: CDRW \u003cR/RW 4x4x32/C1.7\u003e at ata1-master PIO4\nTrying to mount root from ufs:/dev/ad0s1a\nLoading configuration files.\nkernel dumps on /dev/ad0s1b\nEntropy harvesting:\ninterrupts\nethernet\npoint_to_point\nkickstart"
}