{
 "id": 1057520,
 "bug_id": 239065,
 "attachment_id": 0,
 "creation_time": "2019-07-12T12:47:15Z",
 "creator": "ars.na6mg@gmail.com",
 "text": "In addition to what I've already provided, here's more.  Will provide more if requested.\n\nmotherboard is: Gigabyte A320M-SH2 rev 1.1, Bios/efi is at level F22\n\ndmesg...\n\n---\u003c\u003cBOOT\u003e\u003e---\nCopyright (c) 1992-2018 The FreeBSD Project.\nCopyright (c) 1979, 1980, 1983, 1986, 1988, 1989, 1991, 1992, 1993, 1994\n\tThe Regents of the University of California. All rights reserved.\nFreeBSD is a registered trademark of The FreeBSD Foundation.\nFreeBSD 12.0-RELEASE-p7 GENERIC amd64\nFreeBSD clang version 6.0.1 (tags/RELEASE_601/final 335540) (based on LLVM 6.0.1)\nVT(efifb): resolution 1024x768\nCPU: AMD Ryzen 3 2200G with Radeon Vega Graphics     (3493.55-MHz K8-class CPU)\n  Origin=\"AuthenticAMD\"  Id=0x810f10  Family=0x17  Model=0x11  Stepping=0\n  Features=0x178bfbff\u003cFPU,VME,DE,PSE,TSC,MSR,PAE,MCE,CX8,APIC,SEP,MTRR,PGE,MCA,CMOV,PAT,PSE36,CLFLUSH,MMX,FXSR,SSE,SSE2,HTT\u003e\n  Features2=0x7ed8320b\u003cSSE3,PCLMULQDQ,MON,SSSE3,FMA,CX16,SSE4.1,SSE4.2,MOVBE,POPCNT,AESNI,XSAVE,OSXSAVE,AVX,F16C,RDRAND\u003e\n  AMD Features=0x2e500800\u003cSYSCALL,NX,MMX+,FFXSR,Page1GB,RDTSCP,LM\u003e\n  AMD Features2=0x35c233ff\u003cLAHF,CMP,SVM,ExtAPIC,CR8,ABM,SSE4A,MAS,Prefetch,OSVW,SKINIT,WDT,TCE,Topology,PCXC,PNXC,DBE,PL2I,MWAITX\u003e\n  Structured Extended Features=0x209c01a9\u003cFSGSBASE,BMI1,AVX2,SMEP,BMI2,RDSEED,ADX,SMAP,CLFLUSHOPT,SHA\u003e\n  XSAVE Features=0xf\u003cXSAVEOPT,XSAVEC,XINUSE,XSAVES\u003e\n  AMD Extended Feature Extensions ID EBX=0x1007\u003cCLZERO,IRPerf,XSaveErPtr\u003e\n  SVM: (disabled in BIOS) NP,NRIP,VClean,AFlush,DAssist,NAsids=32768\n  TSC: P-state invariant, performance statistics\nreal memory  = 17179869184 (16384 MB)\navail memory = 15532036096 (14812 MB)\nEvent timer \"LAPIC\" quality 600\nACPI APIC Table: \u003cALASKA A M I \u003e\nFreeBSD/SMP: Multiprocessor System Detected: 4 CPUs\nFreeBSD/SMP: 1 package(s) x 4 core(s)\nrandom: unblocking device.\nFirmware Warning (ACPI): Optional FADT field Pm2ControlBlock has valid Length but zero Address: 0x0000000000000000/0x1 (20181003/tbfadt-796)\nioapic0 \u003cVersion 2.1\u003e irqs 0-23 on motherboard\nioapic1 \u003cVersion 2.1\u003e irqs 24-55 on motherboard\nLaunching APs: 2 3 1\nTimecounter \"TSC-low\" frequency 1746776412 Hz quality 1000\nrandom: entropy device external interface\nkbd1 at kbdmux0\nnetmap: loaded module\n[ath_hal] loaded\nmodule_register_init: MOD_LOAD (vesa, 0xffffffff810f9a00, 0) error 19\nrandom: registering fast source Intel Secure Key RNG\nrandom: fast provider: \"Intel Secure Key RNG\"\nnexus0\nefirtc0: \u003cEFI Realtime Clock\u003e on motherboard\nefirtc0: registered as a time-of-day clock, resolution 1.000000s\ncryptosoft0: \u003csoftware crypto\u003e on motherboard\nacpi0: \u003cALASKA A M I \u003e on motherboard\nFirmware Error (ACPI): Failure creating [\\134_SB.SMIC], AE_ALREADY_EXISTS (20181003/dswload2-468)\nACPI Error: AE_ALREADY_EXISTS, During name lookup/catalog (20181003/psobject-372)\nFirmware Error (ACPI): Failure creating [\\134_SB.SMIB], AE_ALREADY_EXISTS (20181003/dsfield-803)\nacpi0: Power Button (fixed)\ncpu0: \u003cACPI CPU\u003e on acpi0\nattimer0: \u003cAT timer\u003e port 0x40-0x43 irq 0 on acpi0\nTimecounter \"i8254\" frequency 1193182 Hz quality 0\nEvent timer \"i8254\" frequency 1193182 Hz quality 100\natrtc0: \u003cAT realtime clock\u003e port 0x70-0x71 on acpi0\natrtc0: registered as a time-of-day clock, resolution 1.000000s\nEvent timer \"RTC\" frequency 32768 Hz quality 0\nhpet0: \u003cHigh Precision Event Timer\u003e iomem 0xfed00000-0xfed003ff irq 0,8 on acpi0\nTimecounter \"HPET\" frequency 14318180 Hz quality 950\nEvent timer \"HPET\" frequency 14318180 Hz quality 450\nEvent timer \"HPET1\" frequency 14318180 Hz quality 450\nEvent timer \"HPET2\" frequency 14318180 Hz quality 450\nTimecounter \"ACPI-safe\" frequency 3579545 Hz quality 850\nacpi_timer0: \u003c32-bit timer at 3.579545MHz\u003e port 0x808-0x80b on acpi0\npcib0: \u003cACPI Host-PCI bridge\u003e port 0xcf8-0xcff on acpi0\npci0: \u003cACPI PCI bus\u003e on pcib0\npci0: \u003cbase peripheral, IOMMU\u003e at device 0.2 (no driver attached)\npcib1: \u003cACPI PCI-PCI bridge\u003e at device 1.2 on pci0\npci1: \u003cACPI PCI bus\u003e on pcib1\nxhci0: \u003cXHCI (generic) USB 3.0 controller\u003e mem 0xfe8a0000-0xfe8a7fff irq 28 at device 0.0 on pci1\nxhci0: 32 bytes context size, 64-bit DMA\nusbus0 on xhci0\nusbus0: 5.0Gbps Super Speed USB v3.0\nahci0: \u003cAHCI SATA controller\u003e mem 0xfe880000-0xfe89ffff irq 29 at device 0.1 on pci1\nahci0: AHCI v1.31 with 8 6Gbps ports, Port Multiplier supported\nahcich0: \u003cAHCI channel\u003e at channel 0 on ahci0\nahcich1: \u003cAHCI channel\u003e at channel 1 on ahci0\nahcich4: \u003cAHCI channel\u003e at channel 4 on ahci0\nahcich5: \u003cAHCI channel\u003e at channel 5 on ahci0\npcib2: \u003cACPI PCI-PCI bridge\u003e irq 30 at device 0.2 on pci1\npci2: \u003cACPI PCI bus\u003e on pcib2\npcib3: \u003cACPI PCI-PCI bridge\u003e irq 28 at device 4.0 on pci2\npci3: \u003cACPI PCI bus\u003e on pcib3\npcib4: \u003cACPI PCI-PCI bridge\u003e irq 29 at device 5.0 on pci2\npci4: \u003cACPI PCI bus\u003e on pcib4\npcib5: \u003cACPI PCI-PCI bridge\u003e irq 30 at device 6.0 on pci2\npci5: \u003cACPI PCI bus\u003e on pcib5\npcib6: \u003cACPI PCI-PCI bridge\u003e irq 31 at device 7.0 on pci2\npci6: \u003cACPI PCI bus\u003e on pcib6\nre0: \u003cRealTek 8168/8111 B/C/CP/D/DP/E/F/G PCIe Gigabit Ethernet\u003e port 0xf000-0xf0ff mem 0xfe700000-0xfe700fff,0xf0300000-0xf0303fff irq 31 at device 0.0 on pci6\nre0: Using 1 MSI-X message\nre0: Chip rev. 0x4c000000\nre0: MAC rev. 0x00000000\nmiibus0: \u003cMII bus\u003e on re0\nrgephy0: \u003cRTL8251/8153 1000BASE-T media interface\u003e PHY 1 on miibus0\nrgephy0:  none, 10baseT, 10baseT-FDX, 10baseT-FDX-flow, 100baseTX, 100baseTX-FDX, 100baseTX-FDX-flow, 1000baseT-FDX, 1000baseT-FDX-master, 1000baseT-FDX-flow, 1000baseT-FDX-flow-master, auto, auto-flow\nre0: Using defaults for TSO: 65518/35/2048\nre0: Ethernet address: e0:d5:5e:d8:db:94\nre0: netmap queues/slots: TX 1/256, RX 1/256\npcib7: \u003cACPI PCI-PCI bridge\u003e at device 8.1 on pci0\npci7: \u003cACPI PCI bus\u003e on pcib7\nvgapci0: \u003cVGA-compatible display\u003e port 0xe000-0xe0ff mem 0xe0000000-0xefffffff,0xf0000000-0xf01fffff,0xfe600000-0xfe67ffff irq 52 at device 0.0 on pci7\nvgapci0: Boot video device\nhdac0: \u003cATI (0x15de) HDA Controller\u003e mem 0xfe688000-0xfe68bfff irq 53 at device 0.1 on pci7\npci7: \u003cencrypt/decrypt\u003e at device 0.2 (no driver attached)\nxhci1: \u003cXHCI (generic) USB 3.0 controller\u003e mem 0xfe400000-0xfe4fffff irq 55 at device 0.3 on pci7\nxhci1: 64 bytes context size, 64-bit DMA\nxhci1: Unable to map MSI-X table \nusbus1 on xhci1\nusbus1: 5.0Gbps Super Speed USB v3.0\nxhci2: \u003cXHCI (generic) USB 3.0 controller\u003e mem 0xfe300000-0xfe3fffff irq 52 at device 0.4 on pci7\nxhci2: 64 bytes context size, 64-bit DMA\nxhci2: Unable to map MSI-X table \nusbus2 on xhci2\nusbus2: 5.0Gbps Super Speed USB v3.0\nhdac1: \u003cAMD (0x15e3) HDA Controller\u003e mem 0xfe680000-0xfe687fff irq 54 at device 0.6 on pci7\npcib8: \u003cACPI PCI-PCI bridge\u003e at device 8.2 on pci0\npci8: \u003cACPI PCI bus\u003e on pcib8\nahci1: \u003cAMD KERNCZ AHCI SATA controller\u003e mem 0xfe900000-0xfe9007ff irq 54 at device 0.0 on pci8\nahci1: AHCI v1.31 with 2 6Gbps ports, Port Multiplier supported with FBS\nahcich8: \u003cAHCI channel\u003e at channel 0 on ahci1\nahcich9: \u003cAHCI channel\u003e at channel 1 on ahci1\nisab0: \u003cPCI-ISA bridge\u003e at device 20.3 on pci0\nisa0: \u003cISA bus\u003e on isab0\nacpi_button0: \u003cPower Button\u003e on acpi0\nuart2: \u003c16x50 with 256 byte FIFO\u003e iomem 0xfedc9000-0xfedc9fff,0xfedc7000-0xfedc7fff irq 3 on acpi0\nuart3: \u003c16x50 with 256 byte FIFO\u003e iomem 0xfedca000-0xfedcafff,0xfedc8000-0xfedc8fff irq 4 on acpi0\nuart4: \u003c16x50 with 256 byte FIFO\u003e iomem 0xfedce000-0xfedcefff,0xfedcc000-0xfedccfff irq 15 on acpi0\nuart5: \u003c16x50 with 256 byte FIFO\u003e iomem 0xfedcf000-0xfedcffff,0xfedcd000-0xfedcdfff irq 5 on acpi0\natkbdc0: \u003cKeyboard controller (i8042)\u003e at port 0x60,0x64 on isa0\natkbd0: \u003cAT Keyboard\u003e irq 1 on atkbdc0\nkbd0 at atkbd0\natkbd0: [GIANT-LOCKED]\natkbdc0: non-PNP ISA device will be removed from GENERIC in FreeBSD 12.\nhwpstate0: \u003cCool`n'Quiet 2.0\u003e on cpu0\nTimecounters tick every 1.000 msec\nhdacc0: \u003cATI R6xx HDA CODEC\u003e at cad 0 on hdac0\nhdaa0: \u003cATI R6xx Audio Function Group\u003e at nid 1 on hdacc0\npcm0: \u003cATI R6xx (HDMI)\u003e at nid 3 on hdaa0\npcm1: \u003cATI R6xx (HDMI)\u003e at nid 5 on hdaa0\npcm2: \u003cATI R6xx (HDMI)\u003e at nid 7 on hdaa0\npcm3: \u003cATI R6xx (HDMI)\u003e at nid 9 on hdaa0\npcm4: \u003cATI R6xx (HDMI)\u003e at nid 11 on hdaa0\npcm5: \u003cATI R6xx (HDMI)\u003e at nid 13 on hdaa0\nhdacc1: \u003cRealtek ALC887 HDA CODEC\u003e at cad 0 on hdac1\nhdaa1: \u003cRealtek ALC887 Audio Function Group\u003e at nid 1 on hdacc1\npcm6: \u003cRealtek ALC887 (Rear Analog)\u003e at nid 20 and 24,26 on hdaa1\npcm7: \u003cRealtek ALC887 (Front Analog)\u003e at nid 27 and 25 on hdaa1\npcm8: \u003cRealtek ALC887 (Onboard Digital)\u003e at nid 17 on hdaa1\nugen2.1: \u003c0x1022 XHCI root HUB\u003e at usbus2\nugen0.1: \u003c0x1022 XHCI root HUB\u003e at usbus0\nugen1.1: \u003c0x1022 XHCI root HUB\u003e at usbus1\nuhub0: \u003c0x1022 XHCI root HUB, class 9/0, rev 3.00/1.00, addr 1\u003e on usbus2\nuhub2: \u003c0x1022 XHCI root HUB, class 9/0, rev 3.00/1.00, addr 1\u003e on usbus0\nuhub1: \u003c0x1022 XHCI root HUB, class 9/0, rev 3.00/1.00, addr 1\u003e on usbus1\nada0 at ahcich0 bus 0 scbus0 target 0 lun 0\nada0: \u003cWDC WD1003FZEX-00K3CA0 01.01A01\u003e ACS-3 ATA SATA 3.x device\nada0: Serial Number WD-WCC6Y7PUZFDC\nada0: 600.000MB/s transfers (SATA 3.x, UDMA6, PIO 8192bytes)\nada0: Command Queueing enabled\nada0: 953869MB (1953525168 512 byte sectors)\nada0: quirks=0x1\u003c4K\u003e\nada1 at ahcich1 bus 0 scbus1 target 0 lun 0\nada1: \u003cTOSHIBA HDWD105 MS1OA8R0\u003e ATA8-ACS SATA 3.x device\nada1: Serial Number 48UK5JAAS\nada1: 600.000MB/s transfers (SATA 3.x, UDMA6, PIO 8192bytes)\nada1: Command Queueing enabled\nada1: 476940MB (976773168 512 byte sectors)\nada2 at ahcich4 bus 0 scbus2 target 0 lun 0\nada2: \u003cWDC WD5000LPCX-22VHAT1 02.01A02\u003e ACS-3 ATA SATA 3.x device\nada2: Serial Number WD-WXP1A48KZ5JA\nada2: 600.000MB/s transfers (SATA 3.x, UDMA6, PIO 8192bytes)\nada2: Command Queueing enabled\nada2: 476940MB (976773168 512 byte sectors)\nada2: quirks=0x1\u003c4K\u003e\nTrying to mount root from ufs:/dev/ada1p3 [rw]...\nuhub0: 2 ports with 2 removable, self powered\nuhub1: 8 ports with 8 removable, self powered\nuhub2: 22 ports with 22 removable, self powered\nugen0.2: \u003cvendor 0x13fe Patriot Memory\u003e at usbus0\numass0 on uhub2\numass0: \u003cvendor 0x13fe Patriot Memory, class 0/0, rev 2.00/1.00, addr 1\u003e on usbus0\numass0:  SCSI over Bulk-Only; quirks = 0x8100\numass0:6:0: Attached to scbus6\nda0 at umass-sim0 bus 0 scbus6 target 0 lun 0\nda0: \u003c Patriot Memory PMAP\u003e Removable Direct Access SPC-2 SCSI device\nda0: Serial Number 0703952B0E3BC581\nda0: 40.000MB/s transfers\nda0: 14820MB (30351360 512 byte sectors)\nda0: quirks=0x2\u003cNO_6_BYTE\u003e\n[drm] amdgpu kernel modesetting enabled.\ndrmn0: \u003cdrmn\u003e on vgapci0\nvgapci0: child drmn0 requested pci_enable_io\nvgapci0: child drmn0 requested pci_enable_io\n[drm] initializing kernel modesetting (RAVEN 0x1002:0x15DD 0x1458:0xD000 0xC8).\n[drm] register mmio base: 0xFE600000\n[drm] register mmio size: 524288\n[drm] PCI I/O BAR is not found.\nugen0.3: \u003cUSB Device USB 2.0 Hub\u003e at usbus0\nuhub3 on uhub2\nuhub3: \u003cUSB Device USB 2.0 Hub, class 9/0, rev 2.00/0.00, addr 2\u003e on usbus0\ndrmn0: successfully loaded firmware image with name: amdgpu/raven_gpu_info.bin\n[drm] probing gen 2 caps for device 1022:15db = 700d03/e\n[drm] probing mlw for device 1002:15dd = 400d03\n[drm] VCN decode is enabled in VM mode\n[drm] VCN encode is enabled in VM mode\n[drm] BIOS signature incorrect 0 0\nATOM BIOS: 113-RAVEN-104\n[drm] vm size is 262144 GB, 4 levels, block size is 9-bit, fragment size is 9-bit\ndrmn0: VRAM: 1024M 0x000000F400000000 - 0x000000F43FFFFFFF (1024M used)\ndrmn0: GTT: 1024M 0x000000F500000000 - 0x000000F53FFFFFFF\nSuccessfully added WC MTRR for [0xe0000000-0xefffffff]: 0; \n[drm] Detected VRAM RAM=1024M, BAR=256M\n[drm] RAM width 128bits UNKNOWN\n[TTM] Zone  kernel: Available graphics memory: 7816322 kiB\n[TTM] Zone   dma32: Available graphics memory: 2097152 kiB\n[TTM] Initializing pool allocator\n[drm] amdgpu: 1024M of VRAM memory ready\n[drm] amdgpu: 3072M of GTT memory ready.\ni_size_write unimplemented\n[drm] GART: num cpu pages 262144, num gpu pages 262144\n[drm] PCIE GART of 1024M enabled (table at 0x000000F400800000).\nuhub3: 4 ports with 4 removable, self powered\ndrmn0: successfully loaded firmware image with name: amdgpu/raven_asd.bin\ndrmn0: successfully loaded firmware image with name: amdgpu/raven_pfp.bin\nugen0.4: \u003cvendor 0x1017 Gaming Keyboard\u003e at usbus0\nukbd0 on uhub3\nukbd0: \u003cvendor 0x1017 Gaming Keyboard, class 0/0, rev 2.00/1.04, addr 3\u003e on usbus0\nkbd2 at ukbd0\ndrmn0: successfully loaded firmware image with name: amdgpu/raven_me.bin\nugen0.5: \u003cLogitech USB Receiver\u003e at usbus0\nukbd1 on uhub3\nukbd1: \u003cLogitech USB Receiver, class 0/0, rev 2.00/12.03, addr 4\u003e on usbus0\ndrmn0: successfully loaded firmware image with name: amdgpu/raven_ce.bin\nkbd3 at ukbd1\ndrmn0: successfully loaded firmware image with name: amdgpu/raven_rlc.bin\ndrmn0: successfully loaded firmware image with name: amdgpu/raven_mec.bin\ndrmn0: successfully loaded firmware image with name: amdgpu/raven_mec2.bin\ni_size_write unimplemented\ni_size_write unimplemented\ni_size_write unimplemented\ni_size_write unimplemented\ni_size_write unimplemented\ni_size_write unimplemented\ni_size_write unimplemented\ni_size_write unimplemented\ni_size_write unimplemented\ni_size_write unimplemented\ndrmn0: successfully loaded firmware image with name: amdgpu/raven_sdma.bin\n[drm] use_doorbell being set to: [true]\ni_size_write unimplemented\ndrmn0: successfully loaded firmware image with name: amdgpu/raven_vcn.bin\n[drm] Found VCN firmware Version: 1.73 Family ID: 18\ni_size_write unimplemented\ni_size_write unimplemented\ni_size_write unimplemented\n[drm:construct] construct: Invalid Connector ObjectID from Adapter Service for connector index:2! type 0 expected 3\n[drm] Display Core initialized with v3.1.27!\n[drm] Connector HDMI-A-1: get mode from tunables:\n[drm]   - kern.vt.fb.modes.HDMI-A-1\n[drm]   - kern.vt.fb.default_mode\n[drm] SADs count is: 0, don't need to read it\n[drm] Connector DVI-D-1: get mode from tunables:\n[drm]   - kern.vt.fb.modes.DVI-D-1\n[drm]   - kern.vt.fb.default_mode\n[drm] Connector DP-1: get mode from tunables:\n[drm]   - kern.vt.fb.modes.DP-1\n[drm]   - kern.vt.fb.default_mode\n[drm] Supports vblank timestamp caching Rev 2 (21.10.2013).\n[drm] Driver supports precise vblank timestamp query.\n[drm] VCN decode and encode initialized successfully.\n[drm] fb mappable at 0xE1000000\n[drm] vram apper at 0xE0000000\n[drm] size 8294400\n[drm] fb depth is 24\n[drm]    pitch is 7680\nVT: Replacing driver \"efifb\" with new \"fb\".\nstart FB_INFO:\ntype=11 height=1080 width=1920 depth=32\ncmsize=16 size=8294400\npbase=0xe1000000 vbase=0xfffff800e1000000\nname=drmn0 flags=0x0 stride=7680 bpp=32\ncmap[0]=0 cmap[1]=7f0000 cmap[2]=7f00 cmap[3]=c4a000\nend FB_INFO\ndrmn0: fb0: amdgpudrmfb frame buffer device\ni_size_write unimplemented\ndrmn0: ring 0(gfx) uses VM inv eng 4 on hub 0\ndrmn0: ring 1(comp_1.0.0) uses VM inv eng 5 on hub 0\ndrmn0: ring 2(comp_1.1.0) uses VM inv eng 6 on hub 0\ndrmn0: ring 3(comp_1.2.0) uses VM inv eng 7 on hub 0\ndrmn0: ring 4(comp_1.3.0) uses VM inv eng 8 on hub 0\ndrmn0: ring 5(comp_1.0.1) uses VM inv eng 9 on hub 0\ndrmn0: ring 6(comp_1.1.1) uses VM inv eng 10 on hub 0\ndrmn0: ring 7(comp_1.2.1) uses VM inv eng 11 on hub 0\ndrmn0: ring 8(comp_1.3.1) uses VM inv eng 12 on hub 0\ndrmn0: ring 9(kiq_2.1.0) uses VM inv eng 13 on hub 0\ndrmn0: ring 10(sdma0) uses VM inv eng 4 on hub 1\ndrmn0: ring 11(vcn_dec) uses VM inv eng 5 on hub 1\ndrmn0: ring 12(vcn_enc0) uses VM inv eng 6 on hub 1\ndrmn0: ring 13(vcn_enc1) uses VM inv eng 7 on hub 1\n[drm] Initialized amdgpu 3.23.0 20150101 for drmn0 on minor 0\nlo0: link state changed to UP\nre0: link state changed to DOWN\nre0: link state changed to UP\nintsmb0: \u003cAMD FCH SMBus Controller\u003e at device 20.0 on pci0\nsmbus0: \u003cSystem Management Bus\u003e on intsmb0\nuhid0 on uhub3\nuhid0: \u003cvendor 0x1017 Gaming Keyboard, class 0/0, rev 2.00/1.04, addr 3\u003e on usbus0\nums0 on uhub3\nums0: \u003cLogitech USB Receiver, class 0/0, rev 2.00/12.03, addr 4\u003e on usbus0\nums0: 16 buttons and [XYZT] coordinates ID=2\nuhid1 on uhub3\nuhid1: \u003cLogitech USB Receiver, class 0/0, rev 2.00/12.03, addr 4\u003e on usbus0\npflog0: promiscuous mode enabled\nSecurity policy loaded: MAC/ntpd (mac_ntpd)\n[drm:generic_reg_wait] REG_WAIT timeout 1us * 10 tries - optc1_lock line:553\nWARNING !(0) failed at /usr/ports/graphics/drm-fbsd12.0-kmod/work/kms-drm-d989a80/drivers/gpu/drm/amd/display/dc/dc_helper.c:197\n[drm:generic_reg_wait] REG_WAIT timeout 1us * 10 tries - optc1_lock line:553\nWARNING !(0) failed at /usr/ports/graphics/drm-fbsd12.0-kmod/work/kms-drm-d989a80/drivers/gpu/drm/amd/display/dc/dc_helper.c:197\n\n\n/etc/rc.conf.....\n\nifconfig_re0=\"DHCP\"\nifconfig_re0_ipv6=\"inet6 accept_rtadv\"\nsshd_enable=\"YES\"\nmoused_enable=\"YES\"\nntpd_enable=\"YES\"\nntpd_sync_on_start=\"YES\"\n# Set dumpdev to \"AUTO\" to enable crash dumps, \"NO\" to disable\ndumpdev=\"AUTO\"\nkld_list=\"/boot/modules/amdgpu.ko\"\ndbus_enable=\"YES\"\npostgresql_enable=\"YES\"\nlinux_enable=\"YES\"\n#autofs_enable=\"YES\"\npf_enable=\"YES\"\npf_rules=\"/etc/pf.conf\"\npf_flags=\"\"\npflog_enable=\"YES\"\npflog_logfile=\"/var/log/pflog\"\npflog_flags=\"\""
}