{
 "id": 1060041,
 "bug_id": 239065,
 "attachment_id": 0,
 "creation_time": "2019-08-02T08:12:15Z",
 "creator": "devin@sevenlayer.studio",
 "text": "(In reply to Niclas Zeising from comment #9)\n\nHi Niclas,\n\nI'm pretty sure there is no kernel driver for the mga, and pretty sure there's no way i'm using it if it does exist.\n\nI'm not 100% sure how to know for certain but here's my dmesg if that helps:\n\nCopyright (c) 1992-2019 The FreeBSD Project.\nCopyright (c) 1979, 1980, 1983, 1986, 1988, 1989, 1991, 1992, 1993, 1994\n\tThe Regents of the University of California. All rights reserved.\nFreeBSD is a registered trademark of The FreeBSD Foundation.\nFreeBSD 11.3-STABLE #1 r350334: Fri Jul 26 18:15:07 JST 2019\n    devin@sodalime.pun-pun.prv:/usr/obj/usr/src.11/sys/SODALIME amd64\nFreeBSD clang version 8.0.1 (tags/RELEASE_801/final 366581) (based on LLVM 8.0.1)\nVT(vga): resolution 640x480\nCPU: Intel(R) Pentium(R) CPU G2020T @ 2.50GHz (2494.38-MHz K8-class CPU)\n  Origin=\"GenuineIntel\"  Id=0x306a9  Family=0x6  Model=0x3a  Stepping=9\n  Features=0xbfebfbff\u003cFPU,VME,DE,PSE,TSC,MSR,PAE,MCE,CX8,APIC,SEP,MTRR,PGE,MCA,CMOV,PAT,PSE36,CLFLUSH,DTS,ACPI,MMX,FXSR,SSE,SSE2,SS,HTT,TM,PBE\u003e\n  Features2=0xd9ae3bf\u003cSSE3,PCLMULQDQ,DTES64,MON,DS_CPL,VMX,EST,TM2,SSSE3,CX16,xTPR,PDCM,PCID,SSE4.1,SSE4.2,POPCNT,TSCDLT,XSAVE,OSXSAVE\u003e\n  AMD Features=0x28100800\u003cSYSCALL,NX,RDTSCP,LM\u003e\n  AMD Features2=0x1\u003cLAHF\u003e\n  Structured Extended Features=0x281\u003cFSGSBASE,SMEP,ERMS\u003e\n  XSAVE Features=0x1\u003cXSAVEOPT\u003e\n  VT-x: PAT,HLT,MTF,PAUSE,EPT,UG,VPID\n  TSC: P-state invariant, performance statistics\nreal memory  = 17179869184 (16384 MB)\navail memory = 16588075008 (15819 MB)\nEvent timer \"LAPIC\" quality 600\nACPI APIC Table: \u003cHP     ProLiant\u003e\nFreeBSD/SMP: Multiprocessor System Detected: 2 CPUs\nFreeBSD/SMP: 1 package(s) x 2 core(s)\nFirmware Warning (ACPI): 32/64X length mismatch in FADT/Pm1aControlBlock: 16/32 (20171214/tbfadt-748)\nFirmware Warning (ACPI): 32/64X length mismatch in FADT/Pm2ControlBlock: 8/32 (20171214/tbfadt-748)\nFirmware Warning (ACPI): Invalid length for FADT/Pm1aControlBlock: 32, using default 16 (20171214/tbfadt-850)\nFirmware Warning (ACPI): Invalid length for FADT/Pm2ControlBlock: 32, using default 8 (20171214/tbfadt-850)\nioapic0: Changing APIC ID to 8\nioapic0 \u003cVersion 2.0\u003e irqs 0-23 on motherboard\nrandom: entropy device external interface\nkbd1 at kbdmux0\nmodule_register_init: MOD_LOAD (vesa, 0xffffffff80964df0, 0) error 19\n000.000044 [4213] netmap_init               netmap: loaded module\nnexus0\nvtvga0: \u003cVT VGA driver\u003e on motherboard\nsmbios0: \u003cSystem Management BIOS\u003e at iomem 0xf4f40-0xf4f5e on motherboard\nsmbios0: Version: 2.7, BCD Revision: 2.7\ncryptosoft0: \u003csoftware crypto\u003e on motherboard\nacpi0: \u003cHP ProLiant\u003e on motherboard\nacpi0: Power Button (fixed)\ncpu0: \u003cACPI CPU\u003e on acpi0\ncpu1: \u003cACPI CPU\u003e on acpi0\nattimer0: \u003cAT timer\u003e port 0x40-0x43 irq 0 on acpi0\nTimecounter \"i8254\" frequency 1193182 Hz quality 0\nEvent timer \"i8254\" frequency 1193182 Hz quality 100\nhpet0: \u003cHigh Precision Event Timer\u003e iomem 0xfed00000-0xfed003ff on acpi0\nTimecounter \"HPET\" frequency 14318180 Hz quality 950\nEvent timer \"HPET\" frequency 14318180 Hz quality 550\nEvent timer \"HPET1\" frequency 14318180 Hz quality 440\nEvent timer \"HPET2\" frequency 14318180 Hz quality 440\nEvent timer \"HPET3\" frequency 14318180 Hz quality 440\nEvent timer \"HPET4\" frequency 14318180 Hz quality 440\nEvent timer \"HPET5\" frequency 14318180 Hz quality 440\nEvent timer \"HPET6\" frequency 14318180 Hz quality 440\natrtc0: \u003cAT realtime clock\u003e port 0x70-0x71 on acpi0\natrtc0: registered as a time-of-day clock, resolution 1.000000s\nEvent timer \"RTC\" frequency 32768 Hz quality 0\nTimecounter \"ACPI-fast\" frequency 3579545 Hz quality 900\nacpi_timer0: \u003c24-bit timer at 3.579545MHz\u003e port 0x908-0x90b on acpi0\npcib0: \u003cACPI Host-PCI bridge\u003e on acpi0\npcib0: _OSC returned error 0x10\npci0: \u003cACPI PCI bus\u003e on pcib0\npcib1: \u003cACPI PCI-PCI bridge\u003e at device 1.0 on pci0\npci1: \u003cACPI PCI bus\u003e on pcib1\npcib2: \u003cACPI PCI-PCI bridge\u003e at device 6.0 on pci0\npci2: \u003cACPI PCI bus\u003e on pcib2\nehci0: \u003cIntel Cougar Point USB 2.0 controller\u003e mem 0xfacf0000-0xfacf03ff irq 21 at device 26.0 on pci0\nusbus0: EHCI version 1.0\nusbus0 on ehci0\npcib3: \u003cACPI PCI-PCI bridge\u003e at device 28.0 on pci0\npci3: \u003cACPI PCI bus\u003e on pcib3\npcib4: \u003cACPI PCI-PCI bridge\u003e at device 28.4 on pci0\npci4: \u003cACPI PCI bus\u003e on pcib4\npci0:3:0:0: failed to read VPD data.\nbge0: \u003cBroadcom BCM5720 A0, ASIC rev. 0x5720000\u003e mem 0xfabf0000-0xfabfffff,0xfabe0000-0xfabeffff,0xfabd0000-0xfabdffff irq 16 at device 0.0 on pci4\nbge0: APE FW version: NCSI v1.1.15.0\nbge0: CHIP ID 0x05720000; ASIC REV 0x5720; CHIP REV 0x57200; PCI-E\nmiibus0: \u003cMII bus\u003e on bge0\nbrgphy0: \u003cBCM5720C 1000BASE-T media interface\u003e PHY 1 on miibus0\nbrgphy0:  10baseT, 10baseT-FDX, 100baseTX, 100baseTX-FDX, 1000baseT, 1000baseT-master, 1000baseT-FDX, 1000baseT-FDX-master, auto, auto-flow\nbge0: Using defaults for TSO: 65518/35/2048\nbge0: Ethernet address: a0:1d:48:c7:5f:14\npci0:3:0:1: failed to read VPD data.\nbge1: \u003cBroadcom BCM5720 A0, ASIC rev. 0x5720000\u003e mem 0xfabc0000-0xfabcffff,0xfabb0000-0xfabbffff,0xfaba0000-0xfabaffff irq 17 at device 0.1 on pci4\nbge1: APE FW version: NCSI v1.1.15.0\nbge1: CHIP ID 0x05720000; ASIC REV 0x5720; CHIP REV 0x57200; PCI-E\nmiibus1: \u003cMII bus\u003e on bge1\nbrgphy1: \u003cBCM5720C 1000BASE-T media interface\u003e PHY 2 on miibus1\nbrgphy1:  10baseT, 10baseT-FDX, 100baseTX, 100baseTX-FDX, 1000baseT, 1000baseT-master, 1000baseT-FDX, 1000baseT-FDX-master, auto, auto-flow\nbge1: Using defaults for TSO: 65518/35/2048\nbge1: Ethernet address: a0:1d:48:c7:5f:15\npcib5: \u003cACPI PCI-PCI bridge\u003e at device 28.6 on pci0\npci5: \u003cACPI PCI bus\u003e on pcib5\nxhci0: \u003cXHCI (generic) USB 3.0 controller\u003e mem 0xfbff0000-0xfbff1fff irq 18 at device 0.0 on pci5\nxhci0: 64 bytes context size, 32-bit DMA\nxhci0: Unable to map MSI-X table \nusbus1 on xhci0\npcib6: \u003cACPI PCI-PCI bridge\u003e at device 28.7 on pci0\npci6: \u003cACPI PCI bus\u003e on pcib6\nvgapci0: \u003cVGA-compatible display\u003e mem 0xf9000000-0xf9ffffff,0xfbee0000-0xfbee3fff,0xfb000000-0xfb7fffff irq 16 at device 0.1 on pci6\nvgapci0: Boot video device\nuhci0: \u003cHP iLO Standard Virtual USB controller\u003e port 0x3c00-0x3c1f irq 16 at device 0.4 on pci6\nusbus2 on uhci0\nehci1: \u003cIntel Cougar Point USB 2.0 controller\u003e mem 0xface0000-0xface03ff irq 20 at device 29.0 on pci0\nusbus3: EHCI version 1.0\nusbus3 on ehci1\npcib7: \u003cPCI-PCI bridge\u003e at device 30.0 on pci0\npci7: \u003cPCI bus\u003e on pcib7\nisab0: \u003cPCI-ISA bridge\u003e at device 31.0 on pci0\nisa0: \u003cISA bus\u003e on isab0\nahci0: \u003cIntel Cougar Point AHCI SATA controller\u003e port 0x10c0-0x10c7,0x10c8-0x10cb,0x10d0-0x10d7,0x10d8-0x10db,0x10e0-0x10ff mem 0xfacd0000-0xfacd07ff irq 17 at device 31.2 on pci0\nahci0: AHCI v1.30 with 6 6Gbps ports, Port Multiplier supported\nahcich0: \u003cAHCI channel\u003e at channel 0 on ahci0\nahcich1: \u003cAHCI channel\u003e at channel 1 on ahci0\nahcich2: \u003cAHCI channel\u003e at channel 2 on ahci0\nahcich3: \u003cAHCI channel\u003e at channel 3 on ahci0\nahcich4: \u003cAHCI channel\u003e at channel 4 on ahci0\nahcich5: \u003cAHCI channel\u003e at channel 5 on ahci0\nahciem0: \u003cAHCI enclosure management bridge\u003e on ahci0\nacpi_tz0: \u003cThermal Zone\u003e on acpi0\nipmi0: \u003cIPMI System Interface\u003e port 0xca2-0xca3 on acpi0\nipmi0: KCS mode found at io 0xca2 on acpi\nipmi0: KCS error: ff\nacpi_syscontainer0: \u003cSystem Container\u003e port 0x2e-0x2f on acpi0\natkbdc0: \u003cKeyboard controller (i8042)\u003e port 0x60,0x64 irq 1 on acpi0\natkbd0: \u003cAT Keyboard\u003e irq 1 on atkbdc0\nkbd0 at atkbd0\natkbd0: [GIANT-LOCKED]\norm0: \u003cISA Option ROMs\u003e at iomem 0xc0000-0xc7fff,0xc8000-0xcbfff on isa0\nuart1: \u003cNon-standard ns8250 class UART with FIFOs\u003e at port 0x2f8 irq 3 on isa0\ncoretemp0: \u003cCPU On-Die Thermal Sensors\u003e on cpu0\nest0: \u003cEnhanced SpeedStep Frequency Control\u003e on cpu0\nest: CPU supports Enhanced Speedstep, but is not recognized.\nest: cpu_vendor GenuineIntel, msr 1cd200001900\ndevice_attach: est0 attach returned 6\ncoretemp1: \u003cCPU On-Die Thermal Sensors\u003e on cpu1\nest1: \u003cEnhanced SpeedStep Frequency Control\u003e on cpu1\nest: CPU supports Enhanced Speedstep, but is not recognized.\nest: cpu_vendor GenuineIntel, msr 1cd200001900\ndevice_attach: est1 attach returned 6\nfuse-freebsd: version 0.4.4, FUSE ABI 7.8\nTimecounters tick every 1.000 msec\nipmi0: IPMI device rev. 2, firmware rev. 1.40, version 2.0\nipmi0: Number of channels 1\nipmi0: Attached watchdog\nusbus0: 480Mbps High Speed USB v2.0\nusbus1: 5.0Gbps Super Speed USB v3.0\nusbus2: 12Mbps Full Speed USB v1.0\nusbus3: 480Mbps High Speed USB v2.0\nugen0.1: \u003cIntel EHCI root HUB\u003e at usbus0\nuhub0: \u003cIntel EHCI root HUB, class 9/0, rev 2.00/1.00, addr 1\u003e on usbus0\nugen1.1: \u003c0x1912 XHCI root HUB\u003e at usbus1\nuhub1: \u003c0x1912 XHCI root HUB, class 9/0, rev 3.00/1.00, addr 1\u003e on usbus1\nugen2.1: \u003cHP UHCI root HUB\u003e at usbus2\nuhub2: \u003cHP UHCI root HUB, class 9/0, rev 1.00/1.00, addr 1\u003e on usbus2\nugen3.1: \u003cIntel EHCI root HUB\u003e at usbus3\nuhub3: \u003cIntel EHCI root HUB, class 9/0, rev 2.00/1.00, addr 1\u003e on usbus3\nuhub1: 6 ports with 6 removable, self powered\nuhub2: 2 ports with 2 removable, self powered\nuhub0: 2 ports with 2 removable, self powered\nuhub3: 2 ports with 2 removable, self powered\nugen0.2: \u003cvendor 0x8087 product 0x0024\u003e at usbus0\nuhub4 on uhub0\nuhub4: \u003cvendor 0x8087 product 0x0024, class 9/0, rev 2.00/0.00, addr 2\u003e on usbus0\nugen3.2: \u003cvendor 0x8087 product 0x0024\u003e at usbus3\nuhub5 on uhub3\nuhub5: \u003cvendor 0x8087 product 0x0024, class 9/0, rev 2.00/0.00, addr 2\u003e on usbus3\nses0 at ahciem0 bus 0 scbus6 target 0 lun 0\nses0: \u003cAHCI SGPIO Enclosure 1.00 0001\u003e SEMB S-E-S 2.00 device\nses0: SEMB SES Device\nada0 at ahcich0 bus 0 scbus0 target 0 lun 0\nada0: \u003cST4000NM0033-9ZM170 SN03\u003e ACS-2 ATA SATA 3.x device\nada0: Serial Number Z1Z31Z40\nada0: 600.000MB/s transfers (SATA 3.x, UDMA6, PIO 8192bytes)\nada0: Command Queueing enabled\nada0: 3815447MB (7814037168 512 byte sectors)\nada1 at ahcich1 bus 0 scbus1 target 0 lun 0\nada1: \u003cST4000NM0033-9ZM170 SN03\u003e ACS-2 ATA SATA 3.x device\nada1: Serial Number Z1Z31SY5\nada1: 600.000MB/s transfers (SATA 3.x, UDMA6, PIO 8192bytes)\nada1: Command Queueing enabled\nada1: 3815447MB (7814037168 512 byte sectors)\nada2 at ahcich2 bus 0 scbus2 target 0 lun 0\nada2: \u003cST4000NM0033-9ZM170 SN03\u003e ACS-2 ATA SATA 3.x device\nada2: Serial Number Z1Z300Q5\nada2: 300.000MB/s transfers (SATA 2.x, UDMA6, PIO 8192bytes)\nada2: Command Queueing enabled\nada2: 3815447MB (7814037168 512 byte sectors)\nada3 at ahcich3 bus 0 scbus3 target 0 lun 0\nada3: \u003cST4000NM0033-9ZM170 SN03\u003e ACS-2 ATA SATA 3.x device\nada3: Serial Number Z1Z340P5\nada3: 300.000MB/s transfers (SATA 2.x, UDMA6, PIO 8192bytes)\nada3: Command Queueing enabled\nada3: 3815447MB (7814037168 512 byte sectors)\nSMP: AP CPU #1 Launched!\nhwpmc: SOFT/16/64/0x67\u003cINT,USR,SYS,REA,WRI\u003e TSC/1/64/0x20\u003cREA\u003e IAP/8/48/0x3ff\u003cINT,USR,SYS,EDG,THR,REA,WRI,INV,QUA,PRC\u003e IAF/3/48/0x67\u003cINT,USR,SYS,REA,WRI\u003e\nTimecounter \"TSC-low\" frequency 1247191814 Hz quality 1000\nTrying to mount root from ufs:/dev/da0s1a [rw,noatime]...\nGEOM: ada1: the primary GPT table is corrupt or invalid.\nGEOM: ada1: using the secondary instead -- recovery strongly advised.\nGEOM: ada2: the primary GPT table is corrupt or invalid.\nGEOM: ada2: using the secondary instead -- recovery strongly advised.\nGEOM: ada3: the primary GPT table is corrupt or invalid.\nGEOM: ada3: using the secondary instead -- recovery strongly advised.\nGEOM: diskid/DISK-Z1Z31SY5: the primary GPT table is corrupt or invalid.\nGEOM: diskid/DISK-Z1Z31SY5: using the secondary instead -- recovery strongly advised.\nGEOM: diskid/DISK-Z1Z300Q5: the primary GPT table is corrupt or invalid.\nGEOM: diskid/DISK-Z1Z300Q5: using the secondary instead -- recovery strongly advised.\nGEOM: diskid/DISK-Z1Z340P5: the primary GPT table is corrupt or invalid.\nGEOM: diskid/DISK-Z1Z340P5: using the secondary instead -- recovery strongly advised.\nRoot mount waiting for: usbus3 usbus0\nuhub4: 6 ports with 6 removable, self powered\nuhub5: 6 ports with 6 removable, self powered\nugen0.3: \u003cGN Netcom GN 2000 USB OC\u003e at usbus0\nugen3.3: \u003cvendor 0x0424 product 0x2660\u003e at usbus3\nuhub6 on uhub5\nuhub6: \u003cvendor 0x0424 product 0x2660, class 9/0, rev 2.00/8.01, addr 3\u003e on usbus3\nRoot mount waiting for: usbus3 usbus0\nuhub6: 2 ports with 1 removable, self powered\nRoot mount waiting for: usbus3 usbus0\nugen0.4: \u003cTranscend StoreJet Transcend\u003e at usbus0\numass0 on uhub4\numass0: \u003cTranscend StoreJet Transcend, class 0/0, rev 2.10/10.00, addr 4\u003e on usbus0\numass0:  SCSI over Bulk-Only; quirks = 0x0100\numass0:7:0: Attached to scbus7\nda0 at umass-sim0 bus 0 scbus7 target 0 lun 0\nda0: \u003cStoreJet  0\u003e Fixed Direct Access SPC-4 SCSI device\nda0: Serial Number 4F119234F063283F0036\nda0: 40.000MB/s transfers\nda0: 114473MB (234441648 512 byte sectors)\nda0: quirks=0x2\u003cNO_6_BYTE\u003e\nugen3.4: \u003cGeneric Ultra Fast Media Reader\u003e at usbus3\numass1 on uhub6\numass1: \u003cGeneric Ultra Fast Media Reader, class 0/0, rev 2.00/2.09, addr 4\u003e on usbus3\numass1:  SCSI over Bulk-Only; quirks = 0xc100\numass1:8:1: Attached to scbus8\nda1 at umass-sim1 bus 1 scbus8 target 0 lun 0\nda1: \u003cHP iLO Internal SD-CARD 2.09\u003e Fixed Direct Access SCSI device\nda1: Serial Number 000002660A01\nda1: 40.000MB/s transfers\nda1: 7580MB (15523840 512 byte sectors)\nda1: quirks=0x2\u003cNO_6_BYTE\u003e\nugen0.5: \u003cvendor 0x0409 product 0x005a\u003e at usbus0\nuhub7 on uhub4\nuhub7: \u003cvendor 0x0409 product 0x005a, class 9/0, rev 2.00/1.00, addr 5\u003e on usbus0\nuhub7: 3 ports with 2 removable, bus powered\nRoot mount waiting for: usbus0\nugen0.6: \u003cTopre Corporation HHKB Professional\u003e at usbus0\nukbd0 on uhub7\nukbd0: \u003cTopre Corporation HHKB Professional, class 0/0, rev 1.10/1.02, addr 6\u003e on usbus0\nkbd2 at ukbd0\nugen0.7: \u003cLogitech USB Receiver\u003e at usbus0\nmountroot: waiting for device /dev/da0s1a...\nrandom: unblocking device.\nZFS filesystem version: 5\nZFS storage pool version: features support (5000)\nlo0: link state changed to UP\nbge0: link state changed to DOWN\nnd6_dad_timer: cancel DAD on vlan4 because of ND6_IFF_IFDISABLED.\nnd6_dad_timer: cancel DAD on vlan3 because of ND6_IFF_IFDISABLED.\nnd6_dad_timer: cancel DAD on vlan2 because of ND6_IFF_IFDISABLED.\nbge1: link state changed to DOWN\nbge0: link state changed to UP\nvlan1: link state changed to UP\nvlan2: link state changed to UP\nvlan3: link state changed to UP\nvlan4: link state changed to UP\nvlan5: link state changed to UP\nvlan6: link state changed to UP\nbge1: link state changed to UP\nuaudio0 on uhub4\nuaudio0: \u003cGN Netcom GN 2000 USB OC, class 0/0, rev 1.10/1.00, addr 3\u003e on usbus0\nuaudio0: Play: 48000 Hz, 2 ch, 16-bit S-LE PCM format, 2x8ms buffer.\nuaudio0: Play: 44100 Hz, 2 ch, 16-bit S-LE PCM format, 2x8ms buffer.\nuaudio0: Play: 40000 Hz, 2 ch, 16-bit S-LE PCM format, 2x8ms buffer.\nuaudio0: Play: 32000 Hz, 2 ch, 16-bit S-LE PCM format, 2x8ms buffer.\nuaudio0: Play: 24000 Hz, 2 ch, 16-bit S-LE PCM format, 2x8ms buffer.\nuaudio0: Play: 22050 Hz, 2 ch, 16-bit S-LE PCM format, 2x8ms buffer.\nuaudio0: Play: 16000 Hz, 2 ch, 16-bit S-LE PCM format, 2x8ms buffer.\nuaudio0: Play: 11025 Hz, 2 ch, 16-bit S-LE PCM format, 2x8ms buffer.\nuaudio0: Play: 8000 Hz, 2 ch, 16-bit S-LE PCM format, 2x8ms buffer.\nuaudio0: Record: 48000 Hz, 2 ch, 16-bit S-LE PCM format, 2x8ms buffer.\nuaudio0: Record: 44100 Hz, 2 ch, 16-bit S-LE PCM format, 2x8ms buffer.\nuaudio0: Record: 40000 Hz, 2 ch, 16-bit S-LE PCM format, 2x8ms buffer.\nuaudio0: Record: 32000 Hz, 2 ch, 16-bit S-LE PCM format, 2x8ms buffer.\nuaudio0: Record: 24000 Hz, 2 ch, 16-bit S-LE PCM format, 2x8ms buffer.\nuaudio0: Record: 22050 Hz, 2 ch, 16-bit S-LE PCM format, 2x8ms buffer.\nuaudio0: Record: 16000 Hz, 2 ch, 16-bit S-LE PCM format, 2x8ms buffer.\nuaudio0: Record: 11025 Hz, 2 ch, 16-bit S-LE PCM format, 2x8ms buffer.\nuaudio0: Record: 8000 Hz, 2 ch, 16-bit S-LE PCM format, 2x8ms buffer.\nuaudio0: No MIDI sequencer.\npcm0: \u003cUSB audio\u003e on uaudio0\nuaudio0: HID volume keys found.\nuhid0 on uhub7\nuhid0: \u003cLogitech USB Receiver, class 0/0, rev 2.00/5.00, addr 7\u003e on usbus0\nums0 on uhub7\nums0: \u003cLogitech USB Receiver, class 0/0, rev 2.00/5.00, addr 7\u003e on usbus0\nums0: 16 buttons and [XYZT] coordinates ID=0"
}