{
 "id": 1058967,
 "bug_id": 239065,
 "attachment_id": 0,
 "creation_time": "2019-07-24T06:08:14Z",
 "creator": "don@coleman.org",
 "text": "Same problem here.  Latest 12.0 kernel and packages, running on a 2008 Mac Mini.\nReverting to libpciaccess-0.13.5 from libpciaccess-0.14 also solves the problem.\nSame error message from xorg and symptoms (text console works fine, when switching to x11, get a momentary blank screen, and then return to text console with the specified error message).\n\n12.0-RELEASE-p7 GENERIC  i386\n\non the \"latest\" release using pkg, updated week.\n\nkernel: CPU: Genuine Intel(R) CPU            1300  @ \n1.66GHz (1666.67-MHz 686-class CPU)\nkernel:   Origin=\"GenuineIntel\"  Id=0x6e8  Family=0x6\n  Model=0xe  Stepping=8\nkernel:   Features=0xbfe9fbff\u003cFPU,VME,DE,PSE,TSC,MSR,\nPAE,MCE,CX8,APIC,SEP,MTRR,PGE,MCA,CMOV,PAT,CLFLUSH,DTS,ACPI,MMX,FXSR,SSE,SSE2,SS\n,HTT,TM,PBE\u003e\nkernel:   Features2=0xc1a9\u003cSSE3,MON,VMX,EST,TM2,xTPR,\nPDCM\u003e\nkernel:   AMD Features=0x100000\u003cNX\u003e\nkernel:   VT-x: HLT,PAUSE\nkernel:   TSC: P-state invariant, performance statist\nics\nkernel: real memory  = 2147483648 (2048 MB)\nkernel: avail memory = 2039955456 (1945 MB)\nkernel: Event timer \"LAPIC\" quality 100kernel: ACPI APIC Table: \u003cAPPLE  Apple00\u003e\nkernel: FreeBSD/SMP: Multiprocessor System Detected: \n2 CPUs\n  .\n  .\n  .\nkernel: vtvga0: \u003cVT VGA driver\u003e on motherboard\n  .\n  .\n  .\npci0: \u003cACPI PCI bus\u003e on pcib0\nkernel: vgapci0: \u003cVGA-compatible display\u003e port 0x20f0-0x20f7 mem 0x90380000-0x903fffff,0x80000000-0x8fffffff,0x90400000-0x9043ffff irq 16 at device 2.0 on pci0\nkernel: agp0: \u003cIntel 82945GM (945GM GMCH) SVGA controller\u003e on vgapci0\nkernel: agp0: aperture size is 256M, detected 16124k stolen memory\nkernel: vgapci0: Boot video device"
}