{
 "id": 578479,
 "bug_id": 150640,
 "attachment_id": 0,
 "creation_time": "2010-09-17T10:10:04Z",
 "creator": "netilesik@gmail.com",
 "text": "After a day or more of uptime this happens:\n(System not very busy. general LA is 0.5-0.8,  14 jails) \n\n\nFatal trap 9 general protection fault while in kernel mode\ncpuid = 1; acpi id = 01\ninstruction pointer = 0x20:0xffffffff8062fbd7\nstack pointer = 0x28:0xffffff8078139550\nframe pointer = 0x28:0xffffff80781395c0\ncode segment = base 0x0. limit 0xfffff. type Qx1b\n DPL Q. pres 1. long 1. def3Z 0. gran 1\n\nprocessor eflags = interrupt enabled. resume. IOPL = 0\ncurrent process = 98732 (postmap)\ntrap number = 9\npanic: general protection fault\ncpuid = 1\nUptime: 1d19h41m34s\nCannot dump. Device not defined or unavailable.\nAutomatic reboot in 15 seconds - press a key on the console to abort\n\n\n..\nand it didnt reboots after 15 sec. only hard reset helps.\nIf any more info requred to help solve this problem - just ask, and I will provide.\n\n\nDMESG:(just after reboot)\n\nCopyright (c) 1992-2010 The FreeBSD Project.\nCopyright (c) 1979, 1980, 1983, 1986, 1988, 1989, 1991, 1992, 1993, 1994\n        The Regents of the University of California. All rights reserved.\nFreeBSD is a registered trademark of The FreeBSD Foundation.\nFreeBSD 8.1-RELEASE #3: Sat Jul 31 01:53:25 EEST 2010\n    root@inkiev.net:/usr/obj/usr/src/sys/GENERIC amd64\nTimecounter \"i8254\" frequency 1193182 Hz quality 0\nCPU: Intel(R) Core(TM)2 Duo CPU     E8400  @ 3.00GHz (2997.01-MHz K8-class CPU)\n  Origin = \"GenuineIntel\"  Id = 0x1067a  Family = 6  Model = 17  Stepping = 10\n  Features=0xbfebfbff\u003cFPU,VME,DE,PSE,TSC,MSR,PAE,MCE,CX8,APIC,SEP,MTRR,PGE,MCA,CMOV,PAT,PSE36,CLFLUSH,DTS,ACPI,MMX,FXSR,SSE,SSE2,SS,HTT,TM,PBE\u003e\n  Features2=0x408e3fd\u003cSSE3,DTES64,MON,DS_CPL,VMX,SMX,EST,TM2,SSSE3,CX16,xTPR,PDCM,SSE4.1,XSAVE\u003e\n  AMD Features=0x20100800\u003cSYSCALL,NX,LM\u003e\n  AMD Features2=0x1\u003cLAHF\u003e\n  TSC: P-state invariant\nreal memory  = 4294967296 (4096 MB)\navail memory = 4105187328 (3915 MB)\nACPI APIC Table: \u003cA_M_I_ OEMAPIC \u003e\nFreeBSD/SMP: Multiprocessor System Detected: 2 CPUs\nFreeBSD/SMP: 1 package(s) x 2 core(s)\n cpu0 (BSP): APIC ID:  0\n cpu1 (AP): APIC ID:  1\nioapic0 \u003cVersion 2.0\u003e irqs 0-23 on motherboard\nkbd1 at kbdmux0\nacpi0: \u003cA_M_I_ OEMRSDT\u003e on motherboard\nacpi0: [ITHREAD]\nacpi0: Power Button (fixed)\nacpi0: reservation of 0, a0000 (3) failed\nacpi0: reservation of 100000, df600000 (3) failed\nTimecounter \"ACPI-fast\" frequency 3579545 Hz quality 1000\nacpi_timer0: \u003c24-bit timer at 3.579545MHz\u003e port 0x808-0x80b on acpi0\ncpu0: \u003cACPI CPU\u003e on acpi0\nACPI Warning: Incorrect checksum in table [OEMB] - 0xEA, should be 0xDD (20100331/tbutils-354)\ncpu1: \u003cACPI CPU\u003e on acpi0\nacpi_hpet0: \u003cHigh Precision Event Timer\u003e iomem 0xfed00000-0xfed003ff on acpi0\nTimecounter \"HPET\" frequency 14318180 Hz quality 900\npcib0: \u003cACPI Host-PCI bridge\u003e port 0xcf8-0xcff on acpi0\npci0: \u003cACPI PCI bus\u003e on pcib0\nvgapci0: \u003cVGA-compatible display\u003e port 0xec00-0xec07 mem 0xfea00000-0xfea7ffff,0xe0000000-0xefffffff,0xfe900000-0xfe9fffff irq 16 at device 2.0 on pci0\nagp0: \u003cIntel G33 SVGA controller\u003e on vgapci0\nagp0: detected 7164k stolen memory\nagp0: aperture size is 256M\nvgapci1: \u003cVGA-compatible display\u003e mem 0xfea80000-0xfeafffff at device 2.1 on pci0\npci0: \u003cmultimedia, HDA\u003e at device 27.0 (no driver attached)\npcib1: \u003cACPI PCI-PCI bridge\u003e irq 16 at device 28.0 on pci0\npci2: \u003cACPI PCI bus\u003e on pcib1\npcib2: \u003cACPI PCI-PCI bridge\u003e irq 17 at device 28.1 on pci0\npci1: \u003cACPI PCI bus\u003e on pcib2\nage0: \u003cAttansic Technology Corp, L1 Gigabit Ethernet\u003e mem 0xfebc0000-0xfebfffff irq 17 at device 0.0 on pci1\nage0: 1280 Tx FIFO, 2364 Rx FIFO\nage0: Using 1 MSI messages.\nage0: 4GB boundary crossed, switching to 32bit DMA addressing mode.\nmiibus0: \u003cMII bus\u003e on age0\natphy0: \u003cAtheros F1 10/100/1000 PHY\u003e PHY 0 on miibus0\natphy0:  10baseT, 10baseT-FDX, 100baseTX, 100baseTX-FDX, 1000baseT-FDX, auto\nage0: Ethernet address: 00:1f:c6:a8:97:43\nage0: [FILTER]\nuhci0: \u003cIntel 82801G (ICH7) USB controller USB-A\u003e port 0xe400-0xe41f irq 23 at device 29.0 on pci0\nuhci0: [ITHREAD]\nuhci0: LegSup = 0x2f00\nusbus0: \u003cIntel 82801G (ICH7) USB controller USB-A\u003e on uhci0\nuhci1: \u003cIntel 82801G (ICH7) USB controller USB-B\u003e port 0xe480-0xe49f irq 19 at device 29.1 on pci0\nuhci1: [ITHREAD]\nuhci1: LegSup = 0x2f00\nusbus1: \u003cIntel 82801G (ICH7) USB controller USB-B\u003e on uhci1\nuhci2: \u003cIntel 82801G (ICH7) USB controller USB-C\u003e port 0xe800-0xe81f irq 18 at device 29.2 on pci0\nuhci2: [ITHREAD]\nuhci2: LegSup = 0x2f00\nusbus2: \u003cIntel 82801G (ICH7) USB controller USB-C\u003e on uhci2\nuhci3: \u003cIntel 82801G (ICH7) USB controller USB-D\u003e port 0xe880-0xe89f irq 16 at device 29.3 on pci0\nuhci3: [ITHREAD]\nuhci3: LegSup = 0x2f00\nusbus3: \u003cIntel 82801G (ICH7) USB controller USB-D\u003e on uhci3\nehci0: \u003cIntel 82801GB/R (ICH7) USB 2.0 controller\u003e mem 0xfe8f7c00-0xfe8f7fff irq 23 at device 29.7 on pci0\nehci0: [ITHREAD]\nusbus4: EHCI version 1.0\nusbus4: \u003cIntel 82801GB/R (ICH7) USB 2.0 controller\u003e on ehci0\npcib3: \u003cACPI PCI-PCI bridge\u003e at device 30.0 on pci0\npci3: \u003cACPI PCI bus\u003e on pcib3\nisab0: \u003cPCI-ISA bridge\u003e at device 31.0 on pci0\nisa0: \u003cISA bus\u003e on isab0\natapci0: \u003cIntel ICH7 UDMA100 controller\u003e port 0x1f0-0x1f7,0x3f6,0x170-0x177,0x376,0xffa0-0xffaf at device 31.1 on pci0\nata0: \u003cATA channel 0\u003e on atapci0\nata0: [ITHREAD]\natapci1: \u003cIntel ICH7 SATA300 controller\u003e port 0xe080-0xe087,0xe000-0xe003,0xdc00-0xdc07,0xd880-0xd883,0xd800-0xd80f irq 19 at device 31.2 on pci0\natapci1: [ITHREAD]\nata2: \u003cATA channel 0\u003e on atapci1\nata2: [ITHREAD]\nata3: \u003cATA channel 1\u003e on atapci1\nata3: [ITHREAD]\npci0: \u003cserial bus, SMBus\u003e at device 31.3 (no driver attached)\nacpi_button0: \u003cPower Button\u003e on acpi0\natrtc0: \u003cAT realtime clock\u003e port 0x70-0x71 irq 8 on acpi0\nfdc0: \u003cfloppy drive controller (FDE)\u003e port 0x3f0-0x3f5,0x3f7 irq 6 drq 2 on acpi0\nfdc0: [FILTER]\nppc0: \u003cParallel port\u003e port 0x378-0x37f,0x778-0x77f irq 7 drq 3 on acpi0\nppc0: SMC-like chipset (ECP/EPP/PS2/NIBBLE) in COMPATIBLE mode\nppc0: FIFO with 16/16/9 bytes threshold\nppc0: [ITHREAD]\nppbus0: \u003cParallel port bus\u003e on ppc0\nplip0: \u003cPLIP network interface\u003e on ppbus0\nplip0: [ITHREAD]\nlpt0: \u003cPrinter\u003e on ppbus0\nlpt0: [ITHREAD]\nlpt0: Interrupt-driven port\nppi0: \u003cParallel I/O\u003e on ppbus0\natkbdc0: \u003cKeyboard controller (i8042)\u003e port 0x60,0x64 irq 1 on acpi0\natkbd0: \u003cAT Keyboard\u003e irq 1 on atkbdc0\nkbd0 at atkbd0\natkbd0: [GIANT-LOCKED]\natkbd0: [ITHREAD]\nuart0: \u003c16550 or compatible\u003e port 0x3f8-0x3ff irq 4 flags 0x10 on acpi0\nuart0: [FILTER]\nsc0: \u003cSystem console\u003e at flags 0x100 on isa0\nsc0: VGA \u003c16 virtual consoles, flags=0x300\u003e\nvga0: \u003cGeneric ISA VGA\u003e at port 0x3c0-0x3df iomem 0xa0000-0xbffff on isa0\nest0: \u003cEnhanced SpeedStep Frequency Control\u003e on cpu0\np4tcc0: \u003cCPU Frequency Thermal Control\u003e on cpu0\nest1: \u003cEnhanced SpeedStep Frequency Control\u003e on cpu1\np4tcc1: \u003cCPU Frequency Thermal Control\u003e on cpu1\nTimecounters tick every 1.000 msec\nusbus0: 12Mbps Full Speed USB v1.0\nusbus1: 12Mbps Full Speed USB v1.0\nusbus2: 12Mbps Full Speed USB v1.0\nusbus3: 12Mbps Full Speed USB v1.0\nusbus4: 480Mbps High Speed USB v2.0\nad4: 953869MB \u003cHitachi HDT721010SLA360 ST6OA3AA\u003e at ata2-master UDMA100 SATA\nugen0.1: \u003cIntel\u003e at usbus0\nuhub0: \u003cIntel UHCI root HUB, class 9/0, rev 1.00/1.00, addr 1\u003e on usbus0\nugen1.1: \u003cIntel\u003e at usbus1\nuhub1: \u003cIntel UHCI root HUB, class 9/0, rev 1.00/1.00, addr 1\u003e on usbus1\nugen2.1: \u003cIntel\u003e at usbus2\nuhub2: \u003cIntel UHCI root HUB, class 9/0, rev 1.00/1.00, addr 1\u003e on usbus2\nugen3.1: \u003cIntel\u003e at usbus3\nuhub3: \u003cIntel UHCI root HUB, class 9/0, rev 1.00/1.00, addr 1\u003e on usbus3\nugen4.1: \u003cIntel\u003e at usbus4\nuhub4: \u003cIntel EHCI root HUB, class 9/0, rev 2.00/1.00, addr 1\u003e on usbus4\nad5: 953869MB \u003cSAMSUNG HD103UJ 1AA01118\u003e at ata2-slave UDMA100 SATA\nad6: 953869MB \u003cHitachi HDT721010SLA360 ST6OA3AA\u003e at ata3-master UDMA100 SATA\nad7: 953869MB \u003cSAMSUNG HD103UJ 1AA01118\u003e at ata3-slave UDMA100 SATA\nSMP: AP CPU #1 Launched!\nGEOM_MIRROR: Device mirror/gm-root launched (1/2).\nGEOM_MIRROR: Device gm-root: rebuilding provider ad4s1.\nGEOM_MIRROR: Device mirror/gm1 launched (1/2).\nGEOM_MIRROR: Device gm1: rebuilding provider ad5.\nRoot mount waiting for: usbus4 usbus3 usbus2 usbus1 usbus0\nuhub0: 2 ports with 2 removable, self powered\nuhub1: 2 ports with 2 removable, self powered\nuhub2: 2 ports with 2 removable, self powered\nuhub3: 2 ports with 2 removable, self powered\nRoot mount waiting for: usbus4\nRoot mount waiting for: usbus4\nuhub4: 8 ports with 8 removable, self powered\nTrying to mount root from ufs:/dev/mirror/gm-roota\nWARNING: / was not properly dismounted\nugen1.2: \u003cAPC\u003e at usbus1\nums0: \u003cAPC Mouse\u003e on usbus1\nums0: 5 buttons and [XYZ] coordinates ID=0\nukbd0: \u003cAPC Keyboard\u003e on usbus1\nkbd2 at ukbd0\nWARNING: / was not properly dismounted\nWARNING: /raid was not properly dismounted\n/raid: mount pending error: blocks 124 files 30\ntun0: link state changed to UP"
}