{
 "id": 1234370,
 "bug_id": 267580,
 "attachment_id": 0,
 "creation_time": "2022-11-06T00:43:39Z",
 "creator": "marklmi26-fbsd@yahoo.com",
 "text": "Note: /dev/da3 below is an eMMC in a adaptor context allowing USB use.\n\nFirst how I set up the eMMC, then what the serial console reports . . .\n\n# dd if=FreeBSD-13.1-RELEASE-arm64-aarch64-ROCK64.img of=/dev/da3 bs=1m conv=fsync,sync status=progress\nGEOM: da3: the secondary GPT header is not in the last LBA. 42 MB/s\n\n3072+0 records in\n3072+0 records out\n3221225472 bytes transferred in 77.701188 secs (41456579 bytes/sec)\n\n# gpart show -p\n. . .\n=\u003e     40  6291376    da3  GPT  (116G) [CORRUPT]\n       40    32728         - free -  (16M)\n    32768   102400  da3p1  efi  (50M)\n   135168  6156160  da3p2  freebsd-ufs  (2.9G)\n  6291328       88         - free -  (44K)\n\n# gpart recover /dev/da3\nda3 recovered\n\n# gpart show -p\n. . .\n=\u003e       40  244277168    da3  GPT  (116G)\n         40      32728         - free -  (16M)\n      32768     102400  da3p1  efi  (50M)\n     135168    6156160  da3p2  freebsd-ufs  (2.9G)\n    6291328  237985880         - free -  (113G)\n\nAttempting booting via the eMMC got the following output,\nwith the output stopping after \"random: unblocking device.\":\n\nLoading kernel...\n/boot/kernel/kernel text=0x2a8 text=0x8bcbf0 text=0x1f97ac data=0x1a6ac0 data=0x0+0x381000 syms=[0x8+0x11f6a0+0x8+0x1439ea]\nLoading configured modules...\n/boot/kernel/umodem.ko text=0x2160 text=0x1440 data=0x6e8+0x10 syms=[0x8+0xf60+0x8+0xb7b]\nloading required module 'ucom'\n/boot/kernel/ucom.ko text=0x249f text=0x3840 data=0x8a0+0x858 syms=[0x8+0x1188+0x8+0xb1c]\ncan't find '/etc/hostid'\ncan't find '/boot/entropy'\n\nHit [Enter] to boot immediately, or any other key for command prompt.\nBooting [/boot/kernel/kernel]...               \nUsing DTB provided by EFI at 0x80f0000.\nEFI framebuffer information:\naddr, size     0x0, 0x0\ndimensions     0 x 0\nstride         0\nmasks          0x00000000, 0x00000000, 0x00000000, 0x00000000\n---\u003c\u003cBOOT\u003e\u003e---\nCopyright (c) 1992-2021 The FreeBSD Project.\nCopyright (c) 1979, 1980, 1983, 1986, 1988, 1989, 1991, 1992, 1993, 1994\n        The Regents of the University of California. All rights reserved.\nFreeBSD is a registered trademark of The FreeBSD Foundation.\nFreeBSD 13.1-RELEASE releng/13.1-n250148-fc952ac2212 GENERIC arm64\nFreeBSD clang version 13.0.0 (git@github.com:llvm/llvm-project.git llvmorg-13.0.0-0-gd7b669b3a303)\nVT: init without driver.\nmodule firmware already present!\nreal memory  = 4275851264 (4077 MB)\navail memory = 4146606080 (3954 MB)\nStarting CPU 1 (1)\nStarting CPU 2 (2)\nStarting CPU 3 (3)\nFreeBSD/SMP: Multiprocessor System Detected: 4 CPUs\narc4random: WARNING: initial seeding bypassed the cryptographic random device because it was not yet seeded and the knob 'bypass_before_seeding' was enabled.\nrandom: entropy device external interface\nMAP fbf1f000 mode 2 pages 1\nMAP fbf23000 mode 2 pages 3\nMAP fbf27000 mode 2 pages 4\nMAP fef40000 mode 2 pages 16\nkbd0 at kbdmux0\nofwbus0: \u003cOpen Firmware Device Tree\u003e\nsimplebus0: \u003cFlattened device tree simple bus\u003e on ofwbus0\nclk_fixed0: \u003cFixed clock\u003e on ofwbus0\nrk_grf0: \u003cRockChip General Register Files\u003e mem 0xff100000-0xff100fff on ofwbus0\nrk3328_cru0: \u003cRockchip RK3328 Clock and Reset Unit\u003e mem 0xff440000-0xff440fff on ofwbus0\nCannot set frequency for clk: aclk_bus_pre, error: 34\nrk3328_cru0: Failed to set aclk_bus_pre to a frequency of 15000000\nCannot set frequency for clk: aclk_peri_pre, error: 34\nrk3328_cru0: Failed to set aclk_peri_pre to a frequency of 15000000\nclk_fixed1: \u003cFixed clock\u003e on ofwbus0\nregfix0: \u003cFixed Regulator\u003e on ofwbus0\nregfix1: \u003cFixed Regulator\u003e on ofwbus0\nregfix2: \u003cFixed Regulator\u003e on ofwbus0\nregfix3: \u003cFixed Regulator\u003e on ofwbus0\nsimple_mfd0: \u003cSimple MFD (Multi-Functions Device)\u003e mem 0xff450000-0xff45ffff on ofwbus0\npsci0: \u003cARM Power State Co-ordination Interface Driver\u003e on ofwbus0\ngic0: \u003cARM Generic Interrupt Controller\u003e mem 0xff811000-0xff811fff,0xff812000-0xff813fff,0xff814000-0xff815fff,0xff816000-0xff817fff irq 49 on ofwbus0\ngic0: pn 0x2, arch 0x2, rev 0x1, implementer 0x43b irqs 160\nrk_pinctrl0: \u003cRockChip Pinctrl controller\u003e on ofwbus0\ngpio0: \u003cRockChip GPIO Bank controller\u003e mem 0xff210000-0xff2100ff irq 52 on rk_pinctrl0\ngpiobus0: \u003cOFW GPIO bus\u003e on gpio0\ngpio1: \u003cRockChip GPIO Bank controller\u003e mem 0xff220000-0xff2200ff irq 53 on rk_pinctrl0\ngpiobus1: \u003cOFW GPIO bus\u003e on gpio1\ngpio2: \u003cRockChip GPIO Bank controller\u003e mem 0xff230000-0xff2300ff irq 54 on rk_pinctrl0\ngpiobus2: \u003cOFW GPIO bus\u003e on gpio2\ngpio3: \u003cRockChip GPIO Bank controller\u003e mem 0xff240000-0xff2400ff irq 55 on rk_pinctrl0\ngpiobus3: \u003cOFW GPIO bus\u003e on gpio3\nrk_i2c0: \u003cRockChip I2C\u003e mem 0xff160000-0xff160fff irq 16 on ofwbus0\niicbus0: \u003cOFW I2C bus\u003e on rk_i2c0\nrk805_pmu0: \u003cRockChip RK805 PMIC\u003e at addr 0x30 irq 56 on iicbus0\ngeneric_timer0: \u003cARMv8 Generic Timer\u003e irq 4,5,6,7 on ofwbus0\nTimecounter \"ARM MPCore Timecounter\" frequency 24000000 Hz quality 1000\nEvent timer \"ARM MPCore Eventtimer\" frequency 24000000 Hz quality 1000\nrk_tsadc0: \u003cRockChip temperature sensors\u003e mem 0xff250000-0xff2500ff irq 22 on ofwbus0\ncpulist0: \u003cOpen Firmware CPU Group\u003e on ofwbus0\ncpu0: \u003cOpen Firmware CPU\u003e on cpulist0\ncpufreq_dt0: \u003cGeneric cpufreq driver\u003e on cpu0\ncpu1: \u003cOpen Firmware CPU\u003e on cpulist0\ncpufreq_dt1: \u003cGeneric cpufreq driver\u003e on cpu1\ncpu2: \u003cOpen Firmware CPU\u003e on cpulist0\ncpufreq_dt2: \u003cGeneric cpufreq driver\u003e on cpu2\ncpu3: \u003cOpen Firmware CPU\u003e on cpulist0\ncpufreq_dt3: \u003cGeneric cpufreq driver\u003e on cpu3\npmu0: \u003cPerformance Monitoring Unit\u003e irq 0,1,2,3 on ofwbus0\nuart0: \u003c16750 or compatible\u003e mem 0xff130000-0xff1300ff irq 14 on ofwbus0\nuart0: console (-1,n,8,1)\niic0: \u003cI2C generic I/O\u003e on iicbus0\nspi0: \u003cRockchip SPI\u003e mem 0xff190000-0xff190fff irq 19 on ofwbus0\nspi0: cannot get apb_pclk clock\ndevice_attach: spi0 attach returned 6\nrockchip_dwmmc0: \u003cSynopsys DesignWare Mobile Storage Host Controller (RockChip)\u003e mem 0xff500000-0xff503fff irq 41 on ofwbus0\nrockchip_dwmmc0: Hardware version ID is 270a\nrockchip_dwmmc1: \u003cSynopsys DesignWare Mobile Storage Host Controller (RockChip)\u003e mem 0xff520000-0xff523fff irq 43 on ofwbus0\nrockchip_dwmmc1: Hardware version ID is 270a\nmmc0: \u003cMMC/SD bus\u003e on rockchip_dwmmc1\ndwc0: \u003cRockchip Gigabit Ethernet Controller\u003e mem 0xff540000-0xff54ffff irq 44 on ofwbus0\nmiibus0: \u003cMII bus\u003e on dwc0\nrgephy0: \u003cRTL8169S/8110S/8211 1000BASE-T media interface\u003e PHY 0 on miibus0\nrgephy0:  none, 10baseT, 10baseT-FDX, 100baseTX, 100baseTX-FDX, 1000baseT-FDX, 1000baseT-FDX-master, auto\nrgephy1: \u003cRTL8169S/8110S/8211 1000BASE-T media interface\u003e PHY 1 on miibus0\nrgephy1:  none, 10baseT, 10baseT-FDX, 100baseTX, 100baseTX-FDX, 1000baseT-FDX, 1000baseT-FDX-master, auto\ndwc0: Ethernet address: 86:e0:c0:ea:fa:a9\ndwcotg0: \u003cDWC OTG 2.0 integrated USB controller\u003e mem 0xff580000-0xff5bffff irq 46 on ofwbus0\nusbus1 on dwcotg0\nehci0: \u003cGeneric EHCI Controller\u003e mem 0xff5c0000-0xff5cffff irq 47 on ofwbus0\nusbus2: EHCI version 1.0\nusbus2 on ehci0\nohci0: \u003cGeneric OHCI Controller\u003e mem 0xff5d0000-0xff5dffff irq 48 on ofwbus0\nusbus3 on ohci0\ngpioc0: \u003cGPIO controller\u003e on gpio0\ngpioc1: \u003cGPIO controller\u003e on gpio1\ngpioc2: \u003cGPIO controller\u003e on gpio2\ngpioc3: \u003cGPIO controller\u003e on gpio3\ngpioled0: \u003cGPIO LEDs\u003e on ofwbus0\ngpioled0: \u003cled-0\u003e failed to map pin\ngpioled0: \u003cled-1\u003e failed to map pin\narmv8crypto0: \u003cAES-CBC,AES-XTS,AES-GCM\u003e\nTimecounters tick every 1.000 msec\nrk805_pmu0: registered as a time-of-day clock, resolution 1.000000s\nusbus1: 480Mbps High Speed USB v2.0\nusbus2: 480Mbps High Speed USB v2.0\nusbus3: 12Mbps Full Speed USB v1.0\nugen2.1: \u003cGeneric EHCI root HUB\u003e at usbus2\nuhub0 on usbus2\nuhub0: \u003cGeneric EHCI root HUB, class 9/0, rev 2.00/1.00, addr 1\u003e on usbus2\nugen1.1: \u003cDWCOTG OTG Root HUB\u003e at usbus1\nuhub1 on usbus1\nuhub1: \u003cDWCOTG OTG Root HUB, class 9/0, rev 2.00/1.00, addr 1\u003e on usbus1\nugen3.1: \u003cGeneric OHCI root HUB\u003e at usbus3\nuhub2 on usbus3\nuhub2: \u003cGeneric OHCI root HUB, class 9/0, rev 1.00/1.00, addr 1\u003e on usbus3\nmmcsd0: 125GB \u003cMMCHC DJNB4R 0.7 SN DDEBE217 MFG 05/2017 by 21 0x0000\u003e at mmc0 150.0MHz/8bit/1016-block\nmmcsd0boot0: 4MB partition 1 at mmcsd0\nmmcsd0boot1: 4MB partition 2 at mmcsd0\nmmcsd0rpmb: 4MB partition 3 at mmcsd0\nCPU  0: ARM Cortex-A53 r0p4 affinity:  0\n                   Cache Type = \u003c64 byte D-cacheline,64 byte I-cacheline,VIPT ICache,64 byte ERG,64 byte CWG\u003e\n Instruction Set Attributes 0 = \u003cCRC32,SHA2,SHA1,AES+PMULL\u003e\n Instruction Set Attributes 1 = \u003c\u003e\n         Processor Features 0 = \u003cAdvSIMD,FP,EL3 32,EL2 32,EL1 32,EL0 32\u003e\n         Processor Features 1 = \u003c\u003e\n      Memory Model Features 0 = \u003cTGran4,TGran64,SNSMem,BigEnd,16bit ASID,1TB PA\u003e\n      Memory Model Featur1 = \u003c\u003e\nAArch32 Instruction Set Attributes 5 = \u003cCRC32,SHA2,SHA1,AES+VMULL,SEVL\u003e\nAArch32 Media and VFP Features 0 = \u003cFPRound,FPSqrt,FPDivide,DP VFPv3+v4,SP VFPv3+v4,AdvSIMD\u003e\nAArch32 Media and VFP Features 1 = \u003cSIMDFMAC,FPHP DP Conv,SIMDHP SP Conv,SIMDSP,SIMDInt,SIMDLS,FPDNaN,FPFtZ\u003e\nCPU  1: ARM Cortex-A53 r0p4 affinity:  1\nCPU  2: ARM Cortex-A53 r0p4 affinity:  2\nCPU  3: ARM Cortex-A53 r0p4 affinity:  3\nRelease APs...done\nTrying to mount root from ufs:/dev/ufs/rootfs [rw]...\nmmcsd0: Error indicated: 4 Failed\nrockchip_dwmmc1: Failed to update clk\nuhub2: 1 port with 1 removable, self powered\nuhub1: 1 port with 1 removable, self powered\nuhub0: 1 port with 1 removable, self powered\nrandom: unblocking device."
}