{
 "id": 483083,
 "bug_id": 131302,
 "attachment_id": 0,
 "creation_time": "2009-02-02T16:10:06Z",
 "creator": "need4spam@bk.ru",
 "text": "I have repeating errors in /var/log/messages\n\n[PH34R] ~\u003e tail -f /var/log/messages\nFeb  1 23:34:34 PH34R kernel: powernow0: set freq failed, err 6\nFeb  1 23:34:34 PH34R kernel: powernow1: set freq failed, err 6\nFeb  1 23:34:34 PH34R kernel: powernow0: set freq failed, err 6\nFeb  1 23:34:34 PH34R kernel: powernow1: set freq failed, err 6\nFeb  1 23:34:34 PH34R kernel: powernow0: set freq failed, err 6\nFeb  1 23:34:41 PH34R last message repeated 17 times \n\nsame problem on same hardware here and there\nhttp://lists.freebsd.org/pipermail/freebsd-current/2008-December/001401.html\nhttp://lists.freebsd.org/pipermail/freebsd-current/2009-January/002658.html\n\nNow deeper:\nProblem root is here:\n\t\tCF_DEBUG(\"setting abs freq %d on %s (cpu %d)\\n\", set-\u003efreq,\n\t\t    device_get_nameunit(set-\u003edev), PCPU_GET(cpuid));\n\t\terror = CPUFREQ_DRV_SET(set-\u003edev, set);\n\nCPUFREQ_DRV_SET returns != 0\n\nEven deeper:\nfirst occur of problem after boot is here(powernow.c):\n(function pn8_setfidvid, line ~407)\n(i've added some debug information)\n\n\t\t\trv = pn8_write_fidvid(val, cvid,\n\t\t\t    sc-\u003epll * (uint64_t) sc-\u003efsb,\n\t\t\t    \u0026status);\n\t\t\tif (rv) {\n\t\t\t\tsc-\u003eerrata |= PENDING_STUCK;\n\t\t\t\tprintf(\"powernow: Phase 2.1: pn8_write_fidvid error\\n\");\n\t\t\t\treturn (rv);\n\t\t\t}\n\nthen it's get stuck and always occurs here(powernow.c):\npn8_setfidvid, line 348:\n\trv = pn8_read_pending_wait(\u0026status);\n\tif (rv) {\n\t\tprintf(\"powernow: Phase 0: pn8_read_pending_wait error\\n\");\n\t\treturn (rv);\n\t}\n\n\n\nI've found comment in powernow.c for that pending error:\n#define PENDING_STUCK\t0x2\t/* With some buggy chipset and some newer AMD64\n\t\t\t\t * processor (Rev. G?):\n\t\t\t\t * the pending bit from the msr FIDVID_STATUS\n\t\t\t\t * is set forever.  No workaround :( */\n\nYeah, maybe it's buggy, but powernow works fine in Linux and Windows and worked for a long time on same hardware since FreeBSD 6.1, so maybe there IS workaround?\n\nPS, If I'm not mistaken problem first occurred when i've installed Linux 2.6.28 and rebooted from it. And it still some times disappears when i reboot from Windows.\n\nSincerely, SaveTheRbtz.\n\nHow-To-Repeat: Same hardware(dmesg boot):\nCopyright (c) 1992-2009 The FreeBSD Project.\nCopyright (c) 1979, 1980, 1983, 1986, 1988, 1989, 1991, 1992, 1993, 1994\n\tThe Regents of the University of California. All rights reserved.\nFreeBSD is a registered trademark of The FreeBSD Foundation.\nFreeBSD 8.0-CURRENT #22: Mon Feb  2 17:56:09 MSK 2009\n    savetherbtz@PH34R:/usr/obj/usr/src/sys/PH34R.8\nTimecounter \"i8254\" frequency 1193182 Hz quality 0\nCPU: AMD Turion(tm) 64 X2 Mobile Technology TL-60 (1994.92-MHz 686-class CPU)\n  Origin = \"AuthenticAMD\"  Id = 0x40f82  Stepping = 2\n  Features=0x178bfbff\u003cFPU,VME,DE,PSE,TSC,MSR,PAE,MCE,CX8,APIC,SEP,MTRR,PGE,MCA,CMOV,PAT,PSE36,CLFLUSH,MMX,FXSR,SSE,SSE2,HTT\u003e\n  Features2=0x2001\u003cSSE3,CX16\u003e\n  AMD Features=0xea500800\u003cSYSCALL,NX,MMX+,FFXSR,RDTSCP,LM,3DNow!+,3DNow!\u003e\n  AMD Features2=0x1f\u003cLAHF,CMP,SVM,ExtAPIC,CR8\u003e\n  Cores per package: 2\nreal memory  = 1476067328 (1407 MB)\navail memory = 1423880192 (1357 MB)\nACPI APIC Table: \u003cHP     0944    \u003e\nFreeBSD/SMP: Multiprocessor System Detected: 2 CPUs\n cpu0 (BSP): APIC ID:  0\n cpu1 (AP): APIC ID:  1\nACPI Error (tbfadt-0516): 32/64X address mismatch in \"Pm2ControlBlock\": [    8800] [       0    8100], using 64X [20070320]\nioapic0: Changing APIC ID to 2\nioapic0 \u003cVersion 2.1\u003e irqs 0-23 on motherboard\nkbd1 at kbdmux0\ncryptosoft0: \u003csoftware crypto\u003e on motherboard\nacpi0: \u003cHPQOEM SLIC-MPC\u003e on motherboard\nacpi0: [ITHREAD]\nacpi0: Power Button (fixed)\nunknown: I/O range not supported\nacpi0: reservation of 0, 8000000 (3) failed\nacpi0: reservation of 100000, fff00000 (3) failed\nTimecounter \"ACPI-fast\" frequency 3579545 Hz quality 1000\nacpi_timer0: \u003c32-bit timer at 3.579545MHz\u003e port 0x8008-0x800b on acpi0\nacpi_ec0: \u003cEmbedded Controller: GPE 0x11\u003e port 0x62,0x66 on acpi0\npcib0: \u003cACPI Host-PCI bridge\u003e port 0xcf8-0xcff on acpi0\npci0: \u003cACPI PCI bus\u003e on pcib0\npcib1: \u003cACPI PCI-PCI bridge\u003e at device 1.0 on pci0\npci1: \u003cACPI PCI bus\u003e on pcib1\nvgapci0: \u003cVGA-compatible display\u003e port 0x4000-0x40ff mem 0xc0000000-0xc7ffffff,0xd0200000-0xd020ffff,0xd0300000-0xd03fffff irq 19 at device 5.0 on pci1\npcib2: \u003cACPI PCI-PCI bridge\u003e at device 4.0 on pci0\npci16: \u003cACPI PCI bus\u003e on pcib2\nbge0: \u003cBroadcom BCM5906 A2, ASIC rev. 0xc002\u003e mem 0xd0000000-0xd000ffff irq 16 at device 0.0 on pci16\nmiibus0: \u003cMII bus\u003e on bge0\nbrgphy0: \u003cBCM5906 10/100baseTX PHY\u003e PHY 1 on miibus0\nbrgphy0:  10baseT, 10baseT-FDX, 100baseTX, 100baseTX-FDX, auto\nbge0: Ethernet address: 00:1a:4b:6b:88:cc\nbge0: [ITHREAD]\npcib3: \u003cACPI PCI-PCI bridge\u003e at device 5.0 on pci0\npci32: \u003cACPI PCI bus\u003e on pcib3\npcib4: \u003cACPI PCI-PCI bridge\u003e at device 6.0 on pci0\npci48: \u003cACPI PCI bus\u003e on pcib4\nndis0: \u003cBroadcom 802.11a/b/g WLAN\u003e mem 0xc8000000-0xc8003fff irq 18 at device 0.0 on pci48\nndis0: [ITHREAD]\nndis0: NDIS API version: 5.1\natapci0: \u003cATI IXP600 SATA300 controller\u003e port 0x9000-0x9007,0x9008-0x900b,0x9010-0x9017,0x5018-0x501b,0x5020-0x502f mem 0xd0409000-0xd04093ff irq 16 at device 18.0 on pci0\natapci0: [ITHREAD]\natapci0: AHCI Version 01.10 controller with 4 ports PM not supported\nata2: \u003cATA channel 0\u003e on atapci0\nata2: [ITHREAD]\nata3: \u003cATA channel 1\u003e on atapci0\nata3: port not implemented\nata3: [ITHREAD]\nata4: \u003cATA channel 2\u003e on atapci0\nata4: port not implemented\nata4: [ITHREAD]\nata5: \u003cATA channel 3\u003e on atapci0\nata5: port not implemented\nata5: [ITHREAD]\nohci0: \u003cOHCI (generic) USB controller\u003e mem 0xd0401000-0xd0401fff irq 23 at device 19.0 on pci0\nohci0: [ITHREAD]\nusbus0: \u003cOHCI (generic) USB controller\u003e on ohci0\nohci1: \u003cOHCI (generic) USB controller\u003e mem 0xd0402000-0xd0402fff irq 17 at device 19.1 on pci0\nohci1: [ITHREAD]\nusbus1: \u003cOHCI (generic) USB controller\u003e on ohci1\nohci2: \u003cOHCI (generic) USB controller\u003e mem 0xd0403000-0xd0403fff irq 17 at device 19.2 on pci0\nohci2: [ITHREAD]\nusbus2: \u003cOHCI (generic) USB controller\u003e on ohci2\nohci3: \u003cOHCI (generic) USB controller\u003e mem 0xd0404000-0xd0404fff irq 17 at device 19.3 on pci0\nohci3: [ITHREAD]\nusbus3: \u003cOHCI (generic) USB controller\u003e on ohci3\nohci4: \u003cOHCI (generic) USB controller\u003e mem 0xd0405000-0xd0405fff irq 17 at device 19.4 on pci0\nohci4: [ITHREAD]\nusbus4: \u003cOHCI (generic) USB controller\u003e on ohci4\nehci0: \u003cEHCI (generic) USB 2.0 controller\u003e mem 0xd0406000-0xd04060ff irq 23 at device 19.5 on pci0\nehci0: [ITHREAD]\nusbus5: EHCI version 1.0\nusbus5: \u003cEHCI (generic) USB 2.0 controller\u003e on ehci0\npci0: \u003cserial bus, SMBus\u003e at device 20.0 (no driver attached)\natapci1: \u003cATI IXP600 UDMA133 controller\u003e port 0x1f0-0x1f7,0x3f6,0x170-0x177,0x376,0x5040-0x504f irq 16 at device 20.1 on pci0\nata0: \u003cATA channel 0\u003e on atapci1\nata0: [ITHREAD]\nhdac0: \u003cATI SB600 High Definition Audio Controller\u003e irq 16 at device 20.2 on pci0\nhdac0: HDA Driver Revision: 20090131_0127\nhdac0: [ITHREAD]\nisab0: \u003cPCI-ISA bridge\u003e at device 20.3 on pci0\nisa0: \u003cISA bus\u003e on isab0\npcib5: \u003cACPI PCI-PCI bridge\u003e at device 20.4 on pci0\npci2: \u003cACPI PCI bus\u003e on pcib5\ncbb0: \u003cRF5C476 PCI-CardBus Bridge\u003e mem 0xd0100000-0xd0100fff irq 20 at device 4.0 on pci2\ncardbus0: \u003cCardBus bus\u003e on cbb0\npccard0: \u003c16-bit PCCard bus\u003e on cbb0\ncbb0: [FILTER]\nbattery0: \u003cACPI Control Method Battery\u003e on acpi0\nbattery1: \u003cACPI Control Method Battery\u003e on acpi0\nacpi_acad0: \u003cAC Adapter\u003e on acpi0\nacpi_button0: \u003cSleep Button\u003e on acpi0\nacpi_lid0: \u003cControl Method Lid Switch\u003e on acpi0\nacpi_tz0: \u003cThermal Zone\u003e on acpi0\natrtc0: \u003cAT realtime clock\u003e port 0x70-0x71,0x72-0x73 irq 8 on acpi0\natkbdc0: \u003cKeyboard controller (i8042)\u003e port 0x60,0x64 irq 1 on acpi0\natkbd0: \u003cAT Keyboard\u003e irq 1 on atkbdc0\nkbd0 at atkbd0\natkbd0: [GIANT-LOCKED]\natkbd0: [ITHREAD]\npsm0: \u003cPS/2 Mouse\u003e irq 12 on atkbdc0\npsm0: [GIANT-LOCKED]\npsm0: [ITHREAD]\npsm0: model Synaptics Touchpad, device ID 3\ncpu0: \u003cACPI CPU\u003e on acpi0\nacpi_throttle0: \u003cACPI CPU Throttling\u003e on cpu0\npowernow0: \u003cPowerNow! K8\u003e on cpu0\ncpu1: \u003cACPI CPU\u003e on acpi0\nacpi_throttle1: \u003cACPI CPU Throttling\u003e on cpu1\nacpi_throttle1: failed to attach P_CNT\ndevice_attach: acpi_throttle1 attach returned 6\npowernow1: \u003cPowerNow! K8\u003e on cpu1\npmtimer0 on isa0\norm0: \u003cISA Option ROM\u003e at iomem 0xd0000-0xd0fff pnpid ORM0000 on isa0\nsc0: \u003cSystem console\u003e at flags 0x100 on isa0\nsc0: VGA \u003c16 virtual consoles, flags=0x300\u003e\nvga0: \u003cGeneric ISA VGA\u003e at port 0x3c0-0x3df iomem 0xa0000-0xbffff on isa0\nppc0: parallel port not found.\nTimecounters tick every 1.000 msec\nIPsec: Initialized Security Association Processing.\nipfw2 (+ipv6) initialized, divert enabled, nat loadable, rule-based forwarding enabled, default to accept, logging limited to 10 packets/entry by default\nusbus0: 12Mbps Full Speed USB v1.0\nusbus1: 12Mbps Full Speed USB v1.0\nusbus2: 12Mbps Full Speed USB v1.0\nusbus3: 12Mbps Full Speed USB v1.0\nusbus4: 12Mbps Full Speed USB v1.0\nusbus5: 480Mbps High Speed USB v2.0\nugen0.1: \u003cATI\u003e at usbus0\nushub0: \u003cATI OHCI root HUB, class 9/0, rev 1.00/1.00, addr 1\u003e on usbus0\nugen1.1: \u003cATI\u003e at usbus1\nushub1: \u003cATI OHCI root HUB, class 9/0, rev 1.00/1.00, addr 1\u003e on usbus1\nugen2.1: \u003cATI\u003e at usbus2\nushub2: \u003cATI OHCI root HUB, class 9/0, rev 1.00/1.00, addr 1\u003e on usbus2\nugen3.1: \u003cATI\u003e at usbus3\nushub3: \u003cATI OHCI root HUB, class 9/0, rev 1.00/1.00, addr 1\u003e on usbus3\nugen4.1: \u003cATI\u003e at usbus4\nushub4: \u003cATI OHCI root HUB, class 9/0, rev 1.00/1.00, addr 1\u003e on usbus4\nugen5.1: \u003cATI\u003e at usbus5\nushub5: \u003cATI EHCI root HUB, class 9/0, rev 2.00/1.00, addr 1\u003e on usbus5\nacd0: DVDR \u003cMATSHITADVD-RAM UJ-861H/1.50\u003e at ata0-master PIO4\nad4: 152627MB \u003cSeagate ST9160827AS 3.AAA\u003e at ata2-master SATA300\nushub0: 2 ports with 2 removable, self powered\nushub1: 2 ports with 2 removable, self powered\nushub2: 2 ports with 2 removable, self powered\nushub3: 2 ports with 2 removable, self powered\nushub4: 2 ports with 2 removable, self powered\nhdac0: HDA Codec #0: Analog Devices AD1981HD\nhdac0: HDA Codec #1: Lucent/Agere Systems (Unknown)\npcm0: \u003cHDA Analog Devices AD1981HD PCM #0 Analog\u003e at cad 0 nid 1 on hdac0\nGEOM: ad4s2: geometry does not match label (255h,63s != 16h,63s).\nacd0: FAILURE - INQUIRY ILLEGAL REQUEST asc=0x24 ascq=0x00 \n(probe0:ata0:0:0:0): TEST UNIT READY. CDB: 0 0 0 0 0 0 \n(probe0:ata0:0:0:0): CAM Status: SCSI Status Error\n(probe0:ata0:0:0:0): SCSI Status: Check Condition\n(probe0:ata0:0:0:0): NOT READY asc:3a,1\n(probe0:ata0:0:0:0): Medium not present - tray closed\n(probe0:ata0:0:0:0): Unretryable error\nushub5: 10 ports with 10 removable, self powered\nacd0: FAILURE - INQUIRY ILLEGAL REQUEST asc=0x24 ascq=0x00 \n(probe0:ata0:0:0:0): TEST UNIT READY. CDB: 0 0 0 0 0 0 \n(probe0:ata0:0:0:0): CAM Status: SCSI Status Error\n(probe0:ata0:0:0:0): SCSI Status: Check Condition\n(probe0:ata0:0:0:0): NOT READY asc:3a,1\n(probe0:ata0:0:0:0): Medium not present - tray closed\n(probe0:ata0:0:0:0): Unretryable error\ncd0 at ata0 bus 0 target 0 lun 0\ncd0: \u003cMATSHITA DVD-RAM UJ-861H 1.50\u003e Removable CD-ROM SCSI-0 device \ncd0: 16.000MB/s transfers\ncd0: Attempt to query device size failed: NOT READY, Medium not present - tray closed\nSMP: AP CPU #1 Launched!\nTrying to mount root from ufs:/dev/ad4s2a\nugen0.2: \u003cBroadcom Corp\u003e at usbus0\nubt0: \u003cBroadcom Corp HP Integrated Module, class 224/1, rev 2.00/1.00, addr 2\u003e on usbus0\nGEOM_ELI: Device ad4s2f.eli created.\nGEOM_ELI: Encryption: Blowfish-CBC 448\nGEOM_ELI:     Crypto: software\nGEOM_ELI: Device ad4s2h.eli created.\nGEOM_ELI: Encryption: CAMELLIA-CBC 256\nGEOM_ELI:     Crypto: software\nGEOM_ELI: Device ad4s2b.eli created.\nGEOM_ELI: Encryption: AES-CBC 256\nGEOM_ELI:     Crypto: software\nwlan0: Ethernet address: 00:1a:73:8c:08:32\nWARNING: attempt to net_add_domain(bluetooth) after domainfinalize()"
}