{
 "id": 686387,
 "bug_id": 172199,
 "attachment_id": 0,
 "creation_time": "2012-11-22T07:09:03Z",
 "creator": "vic@lfs.net",
 "text": "\u003eHi,\r\n\u003e\r\n\u003eCan you collect some dmesg?\r\n\u003e\r\n\u003esysctl hw.usb.xhci.debug=16 ; sleep 1; sysctl hw.usb.xhci.debug=0\r\n\u003e\r\n\u003e--HPS\r\n\r\nHi,\r\n\r\nI have the same symptom, but with plugging and unplugging a monitor and also just toggling the monitor's power.\r\nWith the high interrupt happening I did your dmesg test. I got a whole bunch of :\r\nxhci_interrupt: real interrupt (sts=0x00000000, iman=0x00000002)\r\n\r\nI have seen this on a :\r\nGigabyte GA-Z77-DS3H (with Core i3-2120T)\r\nIntel DH77KC (same Core i3-2120T)\r\n\r\nI'm using the intergrated graphics on the cpu.\r\nIt doesn't matter whether the DSUB (only on the GA) or DVI port is used.\r\n\r\nCurrently I'm on the Intel board and its interrupt usage reported by systat -vmstat is :\r\nInterrupts\r\n159k total\r\natkbd0 1\r\n158k xhci0 ehci\r\n4 em1 17\r\n56 ath0 19\r\n2 ehci1 23\r\n1127 cpu0:timer\r\n2 em0 256\r\n35 ahci0 257\r\n16 cpu1:timer\r\n10 cpu3:timer\r\n22 cpu2:timer\r\n\r\nSome more info about the system follows :\r\n\r\n[root@bsd /]# uptime\r\n 6:57AM  up 11:28, 1 user, load averages: 0.51, 0.38, 0.23\r\n\r\n\r\n[root@bsd /]# uname -a\r\nFreeBSD bsd.hostname.here 9.0-RELEASE-p3 FreeBSD 9.0-RELEASE-p3 #0: Tue Jun 12 02:52:29 UTC 2012     root@amd64-builder.daemonology.net:/usr/obj/usr/src/sys/GENERIC  amd64\r\n\r\nNote that I saw the same thing when I tried 9.1RC3 amd64\r\n\r\n\r\n[root@bsd /]# dmesg\r\nCopyright (c) 1992-2012 The FreeBSD Project.\r\nCopyright (c) 1979, 1980, 1983, 1986, 1988, 1989, 1991, 1992, 1993, 1994\r\n        The Regents of the University of California. All rights reserved.\r\nFreeBSD is a registered trademark of The FreeBSD Foundation.\r\nFreeBSD 9.0-RELEASE-p3 #0: Tue Jun 12 02:52:29 UTC 2012\r\n    root@amd64-builder.daemonology.net:/usr/obj/usr/src/sys/GENERIC amd64\r\nCPU: Intel(R) Core(TM) i3-2120T CPU @ 2.60GHz (2594.16-MHz K8-class CPU)\r\n  Origin = \"GenuineIntel\"  Id = 0x206a7  Family = 6  Model = 2a  Stepping = 7\r\n  Features=0xbfebfbff\u003cFPU,VME,DE,PSE,TSC,MSR,PAE,MCE,CX8,APIC,SEP,MTRR,PGE,MCA,CMOV,PAT,PSE36,CLFLUSH,DTS,ACPI,MMX,FXSR,SSE,SSE2,SS,HTT,TM,PBE\u003e\r\n  Features2=0x159ae3bf\u003cSSE3,PCLMULQDQ,DTES64,MON,DS_CPL,VMX,EST,TM2,SSSE3,CX16,xTPR,PDCM,PCID,SSE4.1,SSE4.2,POPCNT,TSCDLT,XSAVE,AVX\u003e\r\n  AMD Features=0x28100800\u003cSYSCALL,NX,RDTSCP,LM\u003e\r\n  AMD Features2=0x1\u003cLAHF\u003e\r\n  TSC: P-state invariant, performance statistics\r\nreal memory  = 17179869184 (16384 MB)\r\navail memory = 16423026688 (15662 MB)\r\nEvent timer \"LAPIC\" quality 600\r\nACPI APIC Table: \u003cINTEL  DH77KC  \u003e\r\nFreeBSD/SMP: Multiprocessor System Detected: 4 CPUs\r\nFreeBSD/SMP: 1 package(s) x 2 core(s) x 2 SMT threads\r\n cpu0 (BSP): APIC ID:  0\r\n cpu1 (AP): APIC ID:  1\r\n cpu2 (AP): APIC ID:  2\r\n cpu3 (AP): APIC ID:  3\r\nACPI Warning: FADT (revision 5) is longer than ACPI 2.0 version, truncating length 268 to 244 (20110527/tbfadt-320)\r\nioapic0 \u003cVersion 2.0\u003e irqs 0-23 on motherboard\r\nkbd1 at kbdmux0\r\nacpi0: \u003cINTEL DH77KC\u003e on motherboard\r\nacpi0: Power Button (fixed)\r\nacpi0: reservation of 67, 1 (4) failed\r\nTimecounter \"ACPI-fast\" frequency 3579545 Hz quality 900\r\nacpi_timer0: \u003c24-bit timer at 3.579545MHz\u003e port 0x408-0x40b on acpi0\r\ncpu0: \u003cACPI CPU\u003e on acpi0\r\ncpu1: \u003cACPI CPU\u003e on acpi0\r\ncpu2: \u003cACPI CPU\u003e on acpi0\r\ncpu3: \u003cACPI CPU\u003e on acpi0\r\npcib0: \u003cACPI Host-PCI bridge\u003e port 0xcf8-0xcff on acpi0\r\npci0: \u003cACPI PCI bus\u003e on pcib0\r\nvgapci0: \u003cVGA-compatible display\u003e port 0xf000-0xf03f mem 0xf7800000-0xf7bfffff,0xe0000000-0xefffffff irq 16 at device 2.0 on pci0\r\nxhci0: \u003cXHCI (generic) USB 3.0 controller\u003e mem 0xf7d20000-0xf7d2ffff irq 16 at device 20.0 on pci0\r\nxhci0: 32 byte context size.\r\nusbus0 on xhci0\r\npci0: \u003csimple comms\u003e at device 22.0 (no driver attached)\r\nem0: \u003cIntel(R) PRO/1000 Network Connection 7.2.3\u003e port 0xf080-0xf09f mem 0xf7d00000-0xf7d1ffff,0xf7d35000-0xf7d35fff irq 20 at device 25.0 on pci0\r\nem0: Using an MSI interrupt\r\nem0: Ethernet address: e8:40:f2:ab:e1:13\r\nehci0: \u003cEHCI (generic) USB 2.0 controller\u003e mem 0xf7d34000-0xf7d343ff irq 16 at device 26.0 on pci0\r\nusbus1: EHCI version 1.0\r\nusbus1: \u003cEHCI (generic) USB 2.0 controller\u003e on ehci0\r\npcib1: \u003cACPI PCI-PCI bridge\u003e irq 16 at device 28.0 on pci0\r\npci1: \u003cACPI PCI bus\u003e on pcib1\r\npcib2: \u003cACPI PCI-PCI bridge\u003e irq 19 at device 28.7 on pci0\r\npci2: \u003cACPI PCI bus\u003e on pcib2\r\npcib3: \u003cACPI PCI-PCI bridge\u003e irq 19 at device 0.0 on pci2\r\npci3: \u003cACPI PCI bus\u003e on pcib3\r\nath0: \u003cAtheros 5212\u003e mem 0xf7c60000-0xf7c6ffff irq 19 at device 0.0 on pci3\r\nath0: AR2413 mac 7.9 RF2413 phy 4.5\r\nem1: \u003cIntel(R) PRO/1000 Legacy Network Connection 1.0.3\u003e port 0xe000-0xe03f mem 0xf7c40000-0xf7c5ffff,0xf7c20000-0xf7c3ffff irq 17 at device 2.0 on pci3\r\nem1: Ethernet address: 00:1b:21:29:a6:4c\r\nehci1: \u003cEHCI (generic) USB 2.0 controller\u003e mem 0xf7d33000-0xf7d333ff irq 23 at device 29.0 on pci0\r\nusbus2: EHCI version 1.0\r\nusbus2: \u003cEHCI (generic) USB 2.0 controller\u003e on ehci1\r\nisab0: \u003cPCI-ISA bridge\u003e at device 31.0 on pci0\r\nisa0: \u003cISA bus\u003e on isab0\r\nahci0: \u003cIntel Panther Point AHCI SATA controller\u003e port 0xf0d0-0xf0d7,0xf0c0-0xf0c3,0xf0b0-0xf0b7,0xf0a0-0xf0a3,0xf060-0xf07f mem 0xf7d32000-0xf7d327ff irq 19 at device 31.2 on pci0\r\nahci0: AHCI v1.30 with 6 6Gbps ports, Port Multiplier not supported\r\nahcich0: \u003cAHCI channel\u003e at channel 0 on ahci0\r\nahcich1: \u003cAHCI channel\u003e at channel 1 on ahci0\r\nahcich2: \u003cAHCI channel\u003e at channel 5 on ahci0\r\npci0: \u003cserial bus, SMBus\u003e at device 31.3 (no driver attached)\r\nacpi_button0: \u003cPower Button\u003e on acpi0\r\nacpi_tz0: \u003cThermal Zone\u003e on acpi0\r\nacpi_tz1: \u003cThermal Zone\u003e on acpi0\r\nhpet0: \u003cHigh Precision Event Timer\u003e iomem 0xfed00000-0xfed003ff on acpi0\r\nTimecounter \"HPET\" frequency 14318180 Hz quality 950\r\nEvent timer \"HPET\" frequency 14318180 Hz quality 550\r\nEvent timer \"HPET1\" frequency 14318180 Hz quality 440\r\nEvent timer \"HPET2\" frequency 14318180 Hz quality 440\r\nEvent timer \"HPET3\" frequency 14318180 Hz quality 440\r\nEvent timer \"HPET4\" frequency 14318180 Hz quality 440\r\natrtc0: \u003cAT realtime clock\u003e port 0x70-0x77 irq 8 on acpi0\r\natrtc0: Warning: Couldn't map I/O.\r\nEvent timer \"RTC\" frequency 32768 Hz quality 0\r\nattimer0: \u003cAT timer\u003e port 0x40-0x43,0x50-0x53 irq 0 on acpi0\r\nTimecounter \"i8254\" frequency 1193182 Hz quality 0\r\nEvent timer \"i8254\" frequency 1193182 Hz quality 100\r\natkbdc0: \u003cKeyboard controller (i8042)\u003e port 0x60,0x64 irq 1 on acpi0\r\natkbd0: \u003cAT Keyboard\u003e irq 1 on atkbdc0\r\nkbd0 at atkbd0\r\natkbd0: [GIANT-LOCKED]\r\nuart0: \u003c16550 or compatible\u003e port 0x3f8-0x3ff irq 4 flags 0x10 on acpi0\r\nsc0: \u003cSystem console\u003e at flags 0x100 on isa0\r\nsc0: VGA \u003c16 virtual consoles, flags=0x300\u003e\r\nvga0: \u003cGeneric ISA VGA\u003e at port 0x3c0-0x3df iomem 0xa0000-0xbffff on isa0\r\nppc0: cannot reserve I/O port range\r\ncoretemp0: \u003cCPU On-Die Thermal Sensors\u003e on cpu0\r\nest0: \u003cEnhanced SpeedStep Frequency Control\u003e on cpu0\r\ncoretemp1: \u003cCPU On-Die Thermal Sensors\u003e on cpu1\r\nest1: \u003cEnhanced SpeedStep Frequency Control\u003e on cpu1\r\ncoretemp2: \u003cCPU On-Die Thermal Sensors\u003e on cpu2\r\nest2: \u003cEnhanced SpeedStep Frequency Control\u003e on cpu2\r\ncoretemp3: \u003cCPU On-Die Thermal Sensors\u003e on cpu3\r\nest3: \u003cEnhanced SpeedStep Frequency Control\u003e on cpu3\r\nZFS filesystem version 5\r\nZFS storage pool version 28\r\nTimecounters tick every 1.000 msec\r\nusbus0: 5.0Gbps Super Speed USB v3.0\r\nusbus1: 480Mbps High Speed USB v2.0\r\nusbus2: 480Mbps High Speed USB v2.0\r\nugen0.1: \u003c0x8086\u003e at usbus0\r\nuhub0: \u003c0x8086 XHCI root HUB, class 9/0, rev 3.00/1.00, addr 1\u003e on usbus0\r\nugen1.1: \u003cIntel\u003e at usbus1\r\nuhub1: \u003cIntel EHCI root HUB, class 9/0, rev 2.00/1.00, addr 1\u003e on usbus1\r\nugen2.1: \u003cIntel\u003e at usbus2\r\nuhub2: \u003cIntel EHCI root HUB, class 9/0, rev 2.00/1.00, addr 1\u003e on usbus2\r\nada0 at ahcich0 bus 0 scbus0 target 0 lun 0\r\nada0: \u003cST2000DM001-9YN164 CC4H\u003e ATA-8 SATA 3.x device\r\nada0: 600.000MB/s transfers (SATA 3.x, UDMA6, PIO 8192bytes)\r\nada0: Command Queueing enabled\r\nada0: 1907729MB (3907029168 512 byte sectors: 16H 63S/T 16383C)\r\nada0: Previously was known as ad4\r\nada1 at ahcich1 bus 0 scbus1 target 0 lun 0\r\nada1: \u003cST2000DM001-1CH164 CC24\u003e ATA-8 SATA 3.x device\r\nada1: 600.000MB/s transfers (SATA 3.x, UDMA6, PIO 8192bytes)\r\nada1: Command Queueing enabled\r\nada1: 1907729MB (3907029168 512 byte sectors: 16H 63S/T 16383C)\r\nada1: Previously was known as ad6\r\nSMP: AP CPU #1 Launched!\r\nSMP: AP CPU #3 Launched!\r\nSMP: AP CPU #2 Launched!\r\nTimecounter \"TSC-low\" frequency 10133456 Hz quality 1000\r\nRoot mount waiting for: usbus2 usbus1 usbus0\r\nuhub0: 8 ports with 8 removable, self powered\r\nuhub1: 2 ports with 2 removable, self powered\r\nuhub2: 2 ports with 2 removable, self powered\r\nRoot mount waiting for: usbus2 usbus1\r\nugen1.2: \u003cvendor 0x8087\u003e at usbus1\r\nuhub3: \u003cvendor 0x8087 product 0x0024, class 9/0, rev 2.00/0.00, addr 2\u003e on usbus1\r\nugen2.2: \u003cvendor 0x8087\u003e at usbus2\r\nuhub4: \u003cvendor 0x8087 product 0x0024, class 9/0, rev 2.00/0.00, addr 2\u003e on usbus2\r\nRoot mount waiting for: usbus2 usbus1\r\nuhub3: 6 ports with 6 removable, self powered\r\nuhub4: 8 ports with 8 removable, self powered\r\nTrying to mount root from zfs:zroot []...\r\n\r\n[root@bsd /]# pciconf -lv\r\nvgapci0@pci0:0:2:0:     class=0x030000 card=0x20318086 chip=0x01028086 rev=0x09 hdr=0x00\r\n    vendor     = 'Intel Corporation'\r\n    device     = '2nd Generation Core Processor Family Integrated Graphics Controller'\r\n    class      = display\r\n    subclass   = VGA\r\n\r\nxhci0@pci0:0:20:0:      class=0x0c0330 card=0x20318086 chip=0x1e318086 rev=0x04 hdr=0x00\r\n    vendor     = 'Intel Corporation'\r\n    device     = 'Panther Point USB xHCI Host Controller'\r\n    class      = serial bus\r\n    subclass   = USB\r\n\r\n-Victor"
}