{
 "id": 406759,
 "bug_id": 115666,
 "attachment_id": 0,
 "creation_time": "2007-08-21T03:10:01Z",
 "creator": "rostyslav@optonline.net",
 "text": "My microphon does not work in Freebsd at all(skype too). I just can not\nget it work.\n -----------------------------------------------------------------------------\n#dmesg\nCopyright (c) 1992-2007 The FreeBSD Project.\nCopyright (c) 1979, 1980, 1983, 1986, 1988, 1989, 1991, 1992, 1993, 1994\n        The Regents of the University of California. All rights reserved.\nFreeBSD is a registered trademark of The FreeBSD Foundation.\nFreeBSD 6.2-RELEASE #1: Sat Aug 18 15:21:51 EDT 2007\n    root@home.openhost:/usr/obj/usr/src/sys/ROSSKERNEL\nTimecounter \"i8254\" frequency 1193182 Hz quality 0\nCPU: Intel(R) Pentium(R) 4 CPU 3.20GHz (3200.14-MHz 686-class CPU)\n  Origin = \"GenuineIntel\"  Id = 0xf49  Stepping = 9\n  Features=0xbfebfbff\u003cFPU,VME,DE,PSE,TSC,MSR,PAE,MCE,CX8,APIC,SEP,MTRR,PGE,MCA,CMOV,PAT,PSE36,CLFLUSH,DTS,ACPI,MMX,FXSR,SSE,SSE2,SS,HTT,TM,PBE\u003e\n  Features2=0x641d\u003cSSE3,RSVD2,MON,DS_CPL,CNTX-ID,CX16,\u003cb14\u003e\u003e\n  AMD Features=0x20100000\u003cNX,LM\u003e\n  AMD Features2=0x1\u003cLAHF\u003e\n  Logical CPUs per core: 2\nreal memory  = 535064576 (510 MB)\navail memory = 501182464 (477 MB)\nACPI APIC Table: \u003cINTEL  D11020M \u003e\nioapic0: Changing APIC ID to 4\nioapic0 \u003cVersion 2.1\u003e irqs 0-23 on motherboard\nkbd1 at kbdmux0\nath_hal: 0.9.17.2 (AR5210, AR5211, AR5212, RF5111, RF5112, RF2413, RF5413)\nacpi0: \u003cINTEL D11020M\u003e on motherboard\nacpi0: Overriding SCI Interrupt from IRQ 9 to IRQ 21\nacpi0: Power Button (fixed)\nacpi_bus_number: can't get _ADR\nacpi_bus_number: can't get _ADR\nacpi_bus_number: can't get _ADR\nacpi_bus_number: can't get _ADR\nunknown: I/O range not supported\nTimecounter \"ACPI-fast\" frequency 3579545 Hz quality 1000\nacpi_timer0: \u003c32-bit timer at 3.579545MHz\u003e port 0x408-0x40b on acpi0\ncpu0: \u003cACPI CPU\u003e on acpi0\nacpi_throttle0: \u003cACPI CPU Throttling\u003e on cpu0\nacpi_button0: \u003cPower Button\u003e on acpi0\npcib0: \u003cACPI Host-PCI bridge\u003e port 0xcf8-0xcff iomem 0xfff00000-0xffffffff on acpi0\npci0: \u003cACPI PCI bus\u003e on pcib0\npcib1: \u003cACPI PCI-PCI bridge\u003e at device 2.0 on pci0\npci1: \u003cACPI PCI bus\u003e on pcib1\nnvidia0: \u003cGeForce 7600 GS\u003e port 0x2000-0x207f mem 0x31000000-0x31ffffff,0x20000000-0x2fffffff,0x30000000-0x30ffffff irq 18 at device 0.0 on pci1\nnvidia0: [GIANT-LOCKED]\natapci0: \u003cATI IXP400 SATA150 controller\u003e port 0x3068-0x306f,0x3084-0x3087,0x3060-0x3067,0x3080-0x3083,0x3030-0x303f mem 0x32107600-0x321077ff irq 23 at device 17.0 on pci0\nata2: \u003cATA channel 0\u003e on atapci0\nata3: \u003cATA channel 1\u003e on atapci0\natapci1: \u003cATI IXP400 SATA150 controller\u003e port 0x3058-0x305f,0x307c-0x307f,0x3050-0x3057,0x3078-0x307b,0x3020-0x302f mem 0x32107400-0x321075ff irq 22 at device 18.0 on pci0\nata4: \u003cATA channel 0\u003e on atapci1\nata5: \u003cATA channel 1\u003e on atapci1\nohci0: \u003cATI SB400 USB Controller\u003e irq 19 at device 19.0 on pci0\nohci0: [GIANT-LOCKED]\nusb0: OHCI version 1.0, legacy support\nusb0: \u003cATI SB400 USB Controller\u003e on ohci0\nusb0: USB revision 1.0\nuhub0: ATI OHCI root hub, class 9/0, rev 1.00/1.00, addr 1\nuhub0: 4 ports with 4 removable, self powered\nohci1: \u003cATI SB400 USB Controller\u003e irq 19 at device 19.1 on pci0\nohci1: [GIANT-LOCKED]\nusb1: OHCI version 1.0, legacy support\nusb1: \u003cATI SB400 USB Controller\u003e on ohci1\nusb1: USB revision 1.0\nuhub1: ATI OHCI root hub, class 9/0, rev 1.00/1.00, addr 1\nuhub1: 4 ports with 4 removable, self powered\nehci0: \u003cATI SB400 USB 2.0 controller\u003e irq 19 at device 19.2 on pci0\nehci0: [GIANT-LOCKED]\nusb2: waiting for BIOS to give up control\nusb2: timed out waiting for BIOS\nusb2: EHCI version 1.0\nusb2: companion controllers, 4 ports each: usb0 usb1\nusb2: \u003cATI SB400 USB 2.0 controller\u003e on ehci0\nusb2: USB revision 2.0\nuhub2: ATI EHCI root hub, class 9/0, rev 2.00/1.00, addr 1\nuhub2: 8 ports with 8 removable, self powered\npci0: \u003cserial bus, SMBus\u003e at device 20.0 (no driver attached)\natapci2: \u003cATI IXP400 UDMA133 controller\u003e port 0x1f0-0x1f7,0x3f6,0x170-0x177,0x376,0x3000-0x300f at device 20.1 on pci0\nata0: \u003cATA channel 0\u003e on atapci2\nata1: \u003cATA channel 1\u003e on atapci2\npcm0: \u003cATI SB450 High Definition Audio Controller\u003e mem 0x32100000-0x32103fff irq 16 at device 20.2 on pci0\nisab0: \u003cPCI-ISA bridge\u003e at device 20.3 on pci0\nisa0: \u003cISA bus\u003e on isab0\npcib2: \u003cACPI PCI-PCI bridge\u003e at device 20.4 on pci0\npci2: \u003cACPI PCI bus\u003e on pcib2\nrl0: \u003cRealTek 8139 10/100BaseTX\u003e port 0x1000-0x10ff mem 0x32010000-0x320100ff irq 21 at device 2.0 on pci2\nmiibus0: \u003cMII bus\u003e on rl0\nrlphy0: \u003cRealTek internal media interface\u003e on miibus0\nrlphy0:  10baseT, 10baseT-FDX, 100baseTX, 100baseTX-FDX, auto\nrl0: Ethernet address: 00:16:76:6d:0a:5e\nath0: \u003cAtheros 5212\u003e mem 0x32000000-0x3200ffff irq 17 at device 4.0 on pci2\nath0: Ethernet address: 00:11:95:cf:28:ca\nath0: mac 7.9 phy 4.5 radio 5.6\natkbdc0: \u003cKeyboard controller (i8042)\u003e port 0x60,0x64 irq 1 on acpi0\natkbd0: \u003cAT Keyboard\u003e irq 1 on atkbdc0\nkbd0 at atkbd0\natkbd0: [GIANT-LOCKED]\nppc0: \u003cECP parallel printer port\u003e port 0x378-0x37f,0x778-0x77b irq 7 drq 4 on acpi0\nppc0: SMC-like chipset (ECP/EPP/PS2/NIBBLE) in COMPATIBLE mode\nppc0: FIFO with 16/16/8 bytes threshold\nppbus0: \u003cParallel port bus\u003e on ppc0\nplip0: \u003cPLIP network interface\u003e on ppbus0\nlpt0: \u003cPrinter\u003e on ppbus0\nlpt0: Interrupt-driven port\nppi0: \u003cParallel I/O\u003e on ppbus0\npmtimer0 on isa0\nsc0: \u003cSystem console\u003e at flags 0x100 on isa0\nsc0: VGA \u003c16 virtual consoles, flags=0x300\u003e\nsio0: configured irq 4 not in bitmap of probed irqs 0\nsio0: port may not be enabled\nsio0 at port 0x3f8-0x3ff irq 4 flags 0x10 on isa0\nsio0: type 8250 or not responding\nsio1: configured irq 3 not in bitmap of probed irqs 0\nsio1: port may not be enabled\nvga0: \u003cGeneric ISA VGA\u003e at port 0x3c0-0x3df iomem 0xa0000-0xbffff on isa0\nums0: vendor 0x15ca USB Optical Mouse, rev 2.00/5.12, addr 2, iclass 3/1\nums0: 3 buttons and Z dir.\nTimecounter \"TSC\" frequency 3200143760 Hz quality 800\nTimecounters tick every 1.000 msec\nath0f0: Ethernet address: 00:11:95:cf:28:ca\nath0f1: Ethernet address: 00:11:95:cf:28:ca\nath0f2: Ethernet address: 00:11:95:cf:28:ca\nath0f3: Ethernet address: 00:11:95:cf:28:ca\nrl0f0: Ethernet address: 00:16:76:6d:0a:5e\nrl0f1: Ethernet address: 00:16:76:6d:0a:5e\nrl0f2: Ethernet address: 00:16:76:6d:0a:5e\nrl0f3: Ethernet address: 00:16:76:6d:0a:5e\nacd0: CDRW \u003cSONY CD-RW CRX300E/KYS1\u003e at ata0-master UDMA33\nad3: 286168MB \u003cSeagate ST3300620A 3.AAC\u003e at ata1-slave UDMA100\nad8: 305245MB \u003cSeagate ST3320620AS 3.AAE\u003e at ata4-master SATA150\npcm0: \u003cHDA Codec: Realtek ALC883\u003e\npcm0: \u003cHDA Driver Revision: 20070710_0047\u003e\nTrying to mount root from ufs:/dev/ad8s1a"
}