{
 "id": 481963,
 "bug_id": 131087,
 "attachment_id": 0,
 "creation_time": "2009-01-28T19:00:10Z",
 "creator": "mariusz.gromada@wp.pl",
 "text": "I am running FreeBSD 7.1 STABLE on IBM T40 machine. I have Intel(R) PRO/Wireless 2100 MiniPCI card.\n\nbumper:bumper:~# dmesg | grep ipw0\nipw0: \u003cIntel(R) PRO/Wireless 2100 MiniPCI\u003e mem 0xc0210000-0xc0210fff\nirq 11 at device 2.0 on pci2\nipw0: Ethernet address: xx:xx:xx:xx:xx:xx\n\nConnection was tested using WinXP with AR5005G card.\n\nProblems description:\n\nProblem no. 1\n--------------------------------------------\nDriver is loaded, ipw0 interface can be found, adhoc\nconnection established without encryption -\u003e WinXP/AR5005G shows CRC\nerrors when receiving data from FreeBSD/ipw0, it means that I have\nassociated status in ifconfig ipw0, WinXP/AR5005G shows established\nconnection (very good level of radio signal), no packets can be sent\nor received.\n\nmy /boot/loader.conf\n\nif_ipw_load=\"YES\"\nwlan_load=\"YES\"\nfirmware_load=\"YES\"\nlegal.intel_ipw.license_ack=1\n\nipw_bss_load=\"YES\"\nipw_ibss_load=\"YES\"\nipw_monitor_load=\"YES\"\n\nAbove problem can be solved by changing /boot/loader.conf as follows\n\nif_iwi_load=\"YES\"\nwlan_load=\"YES\"\nfirmware_load=\"YES\"\nlegal.intel_iwi.license_ack=1\nlegal.intel_ipw.license_ack=1\n\niwi_bss_load=\"YES\"\niwi_ibss_load=\"YES\"\niwi_monitor_load=\"YES\"\n\niwi driver loads correctly, dmesg shows the same ipw0 Intel(R)\nPRO/Wireless 2100 MiniPCI card, now connection works properly.\n\nProblem no. 2:\n--------------------------------------------\nipw / iwi needs to be restarted to work properly\n\n- FreeBSD/ipw0 is connected to WinXP/AR5005G (adhoc mode)\n- I close the connection shutting down WinXP (or disabling AR5005G\nradio interface), FreeBSD/ipw0 stays untouched\n- I start again AR5005G on WinXP\n- connection seems to be established (signal level is good), but no\npackets can be sent or received\n\nWorkaround solution is to restart ipw0 interface\nifconfig ipw0 down\nifconfig ipw0 up -\u003e connection works properly\n\nProblem no. 3:\n--------------------------------------------\nSometimes, after ifconfig ipw0 (up/down/inet/etc..)\ncommand, kernel panics\n\nSample panic info\n\n Architecture: i386\n Architecture Version: 2\n Dump Length: 56569856B (53 MB)\n Blocksize: 512\n Dumptime: Mon
Jan 26 18:42:34 2009\n Hostname: bumper.multifraktal.net\n Magic: FreeBSD Kernel Dump\n Version String: FreeBSD 7.1-RELEASE #0: Thu Jan  1 14:37:25 UTC 2009\n   root@logan.cse.buffalo.edu:/usr/obj/usr/src/sys/GENERIC\n Panic String: page fault\n Dump Parity: 1189822569\n Bounds: 5\n Dump Status: good\n\nI have been running IBM T40 (Intel(R) PRO/Wireless 2100 MiniPCI) for\nthree years with WinXP, everything was fine. I am almost sure this is\nnot a hardware issue.\n\n--------------------------------------\ndmesg\n\nCopyright (c) 1992-2009 The FreeBSD Project.\nCopyright (c) 1979, 1980, 1983, 1986, 1988, 1989, 1991, 1992, 1993, 1994\n\tThe Regents of the University of California. All rights reserved.\nFreeBSD is a registered trademark of The FreeBSD Foundation.\nFreeBSD 7.1-STABLE #0: Tue Jan 27 18:50:42 CET 2009\n    bumper@bumper.multifraktal.net:/usr/obj/usr/src/sys/GENERIC\nTimecounter \"i8254\" frequency 1193182 Hz quality 0\nCPU: Intel(R) Pentium(R) M processor 1500MHz (1495.16-MHz 686-class CPU)\n  Origin = \"GenuineIntel\"  Id = 0x695  Stepping = 5\n  Features=0xa7e9f9bf\u003cFPU,VME,DE,PSE,TSC,MSR,MCE,CX8,SEP,MTRR,PGE,MCA,CMOV,PAT,CLFLUSH,DTS,ACPI,MMX,FXSR,SSE,SSE2,TM,PBE\u003e\n  Features2=0x180\u003cEST,TM2\u003e\nreal memory  = 1073086464 (1023 MB)\navail memory = 1036382208 (988 MB)\nkbd1 at kbdmux0\nath_hal: 0.9.20.3 (AR5210, AR5211, AR5212, RF5111, RF5112, RF2413, RF5413)\nACPI Warning (tbfadt-0505): Optional field \"Gpe1Block\" has zero address or length:        0    102C/0 [20070320]\nacpi0: \u003cIBM TP-1R\u003e on motherboard\nacpi0: [ITHREAD]\nacpi_ec0: \u003cEmbedded Controller: GPE 0x1c, ECDT\u003e port 0x62,0x66 on acpi0\nacpi0: Power Button (fixed)\nacpi0: reservation of 0, a0000 (3) failed\nacpi0: reservation of 100000, 3ff00000 (3) failed\nTimecounter \"ACPI-fast\" frequency 3579545 Hz quality 1000\nacpi_timer0: \u003c24-bit timer at 3.579545MHz\u003e port 0x1008-0x100b on acpi0\nacpi_lid0: \u003cControl Method Lid Switch\u003e on acpi0\nacpi_button0: \u003cSleep Button\u003e on acpi0\npcib0: \u003cACPI Host-PCI bridge\u003e port 0xcf8-0xcff on acpi0\npci0: \u003cACPI PCI bus\u003e on pcib0\nagp0: \u003cIntel 82855 host to AGP bridge\u003e on hostb0\npcib1: \u003cACPI PCI-PCI bridge\u003e at device 1.0 on pci0\npci1: \u003cACPI PCI bus\u003e on pcib1\nvgapci0: \u003cVGA-compatible display\u003e port 0x3000-0x30ff mem 0xe0000000-0xe7ffffff,0xc0100000-0xc010ffff irq 11 at device 0.0 on pci1\nuhci0: \u003cIntel 82801DB (ICH4) USB controller USB-A\u003e port 0x1800-0x181f irq 11 at device 29.0 on pci0\nuhci0: [GIANT-LOCKED]\nuhci0: [ITHREAD]\nusb0: \u003cIntel 82801DB (ICH4) USB controller USB-A\u003e on uhci0\nusb0: USB revision 1.0\nuhub0: \u003cIntel UHCI root hub, class 9/0, rev 1.00/1.00, addr 1\u003e on usb0\nuhub0: 2 ports with 2 removable, self powered\nuhci1: \u003cIntel 82801DB (ICH4) USB controller USB-B\u003e port 0x1820-0x183f irq 11 at device 29.1 on pci0\nuhci1: [GIANT-LOCKED]\nuhci1: [ITHREAD]\nusb1: \u003cIntel 82801DB (ICH4) USB controller USB-B\u003e on uhci1\nusb1: USB revision 1.0\nuhub1: \u003cIntel UHCI root hub, class 9/0, rev 1.00/1.00, addr 1\u003e on usb1\nuhub1: 2 ports with 2 removable, self powered\nuhci2: \u003cIntel 82801DB (ICH4) USB controller USB-C\u003e port 0x1840-0x185f irq 11 at device 29.2 on pci0\nuhci2: [GIANT-LOCKED]\nuhci2: [ITHREAD]\nusb2: \u003cIntel 82801DB (ICH4) USB controller USB-C\u003e on uhci2\nusb2: USB revision 1.0\nuhub2: \u003cIntel UHCI root hub, class 9/0, rev 1.00/1.00, addr 1\u003e on usb2\nuhub2: 2 ports with 2 removable, self powered\nehci0: \u003cIntel 82801DB/L/M (ICH4) USB 2.0 controller\u003e mem 0xc0000000-0xc00003ff irq 11 at device 29.7 on pci0\nehci0: [GIANT-LOCKED]\nehci0: [ITHREAD]\nusb3: EHCI version 1.0\nusb3: companion controllers, 2 ports each: usb0 usb1 usb2\nusb3: \u003cIntel 82801DB/L/M (ICH4) USB 2.0 controller\u003e on ehci0\nusb3: USB revision 2.0\nuhub3: \u003cIntel EHCI root hub, class 9/0, rev 2.00/1.00, addr 1\u003e on usb3\nuhub3: 6 ports with 6 removable, self powered\npcib2: \u003cACPI PCI-PCI bridge\u003e at device 30.0 on pci0\npci2: \u003cACPI PCI bus\u003e on pcib2\ncbb0: \u003cTI1520 PCI-CardBus Bridge\u003e mem 0xb0000000-0xb0000fff irq 11 at device 0.0 on pci2\ncardbus0: \u003cCardBus bus\u003e on cbb0\npccard0: \u003c16-bit PCCard bus\u003e on cbb0\ncbb0: [ITHREAD]\ncbb1: \u003cTI1520 PCI-CardBus Bridge\u003e mem 0xb1000000-0xb1000fff irq 11 at device 0.1 on pci2\ncardbus1: \u003cCardBus bus\u003e on cbb1\npccard1: \u003c16-bit PCCard bus\u003e on cbb1\ncbb1: [ITHREAD]\nem0: \u003cIntel(R) PRO/1000 Network Connection 6.9.6\u003e port 0x8000-0x803f mem 0xc0220000-0xc023ffff,0xc0200000-0xc020ffff irq 11 at device 1.0 on pci2\nem0: [FILTER]\nem0: Ethernet address: xx:xx:xx:xx:xx:xx\npci2: \u003cnetwork\u003e at device 2.0 (no driver attached)\nisab0: \u003cPCI-ISA bridge\u003e at device 31.0 on pci0\nisa0: \u003cISA bus\u003e on isab0\natapci0: \u003cIntel ICH4 UDMA100 controller\u003e port 0x1f0-0x1f7,0x3f6,0x170-0x177,0x376,0x1860-0x186f at device 31.1 on pci0\nata0: \u003cATA channel 0\u003e on atapci0\nata0: [ITHREAD]\nata1: \u003cATA channel 1\u003e on atapci0\nata1: [ITHREAD]\npci0: \u003cserial bus, SMBus\u003e at device 31.3 (no driver attached)\npci0: \u003cmultimedia, audio\u003e at device 31.5 (no driver attached)\npci0: \u003csimple comms, generic modem\u003e at device 31.6 (no driver attached)\nacpi_tz0: \u003cThermal Zone\u003e on acpi0\natkbdc0: \u003cKeyboard controller (i8042)\u003e port 0x60,0x64 irq 1 on acpi0\natkbd0: \u003cAT Keyboard\u003e irq 1 on atkbdc0\nkbd0 at atkbd0\natkbd0: [GIANT-LOCKED]\natkbd0: [ITHREAD]\npsm0: \u003cPS/2 Mouse\u003e irq 12 on atkbdc0\npsm0: [GIANT-LOCKED]\npsm0: [ITHREAD]\npsm0: model Generic PS/2 mouse, device ID 0\nfdc0: \u003cfloppy drive controller (FDE)\u003e port 0x3f0-0x3f5,0x3f7 irq 6 drq 2 on acpi0\nfdc0: [FILTER]\nsio0: configured irq 4 not in bitmap of probed irqs 0\nsio0: port may not be enabled\nsio0: configured irq 4 not in bitmap of probed irqs 0\nsio0: port may not be enabled\nsio0: \u003c16550A-compatible COM port\u003e port 0x3f8-0x3ff irq 4 flags 0x10 on acpi0\nsio0: type 8250 or not responding\nsio0: [FILTER]\nsio1: configured irq 3 not in bitmap of probed irqs 0\nsio1: port may not be enabled\nbattery0: \u003cACPI Control Method Battery\u003e on acpi0\nacpi_acad0: \u003cAC Adapter\u003e on acpi0\ncpu0: \u003cACPI CPU\u003e on acpi0\nest0: \u003cEnhanced SpeedStep Frequency Control\u003e on cpu0\np4tcc0: \u003cCPU Frequency Thermal Control\u003e on cpu0\nsio1: configured irq 3 not in bitmap of probed irqs 0\nsio1: port may not be enabled\npmtimer0 on isa0\norm0: \u003cISA Option ROMs\u003e at iomem 0xc0000-0xcffff,0xd0000-0xd0fff,0xd1000-0xd1fff,0xdc000-0xdffff,0xe0000-0xeffff pnpid ORM0000 on isa0\nppc0: \u003cParallel port\u003e at port 0x3bc-0x3c3 irq 7 on isa0\nppc0: Generic chipset (NIBBLE-only) in COMPATIBLE mode\nppbus0: \u003cParallel port bus\u003e on ppc0\nppbus0: [ITHREAD]\nplip0: \u003cPLIP network interface\u003e on ppbus0\nplip0: WARNING: using obsoleted IFF_NEEDSGIANT flag\nlpt0: \u003cPrinter\u003e on ppbus0\nlpt0: Interrupt-driven port\nppi0: \u003cParallel I/O\u003e on ppbus0\nppc0: [GIANT-LOCKED]\nppc0: [ITHREAD]\nsc0: \u003cSystem console\u003e at flags 0x100 on isa0\nsc0: VGA \u003c16 virtual consoles, flags=0x300\u003e\nsio1: configured irq 3 not in bitmap of probed irqs 0\nsio1: port may not be enabled\nvga0: \u003cGeneric ISA VGA\u003e at port 0x3c0-0x3df iomem 0xa0000-0xbffff on isa0\nums0: \u003cLogitech USB-PS/2 Optical Mouse, class 0/0, rev 2.00/11.10, addr 2\u003e on uhub1\nums0: 3 buttons and Z dir.\nTimecounter \"TSC\" frequency 1495156390 Hz quality 800\nTimecounters tick every 1.000 msec\nipfw2 (+ipv6) initialized, divert loadable, nat loadable, rule-based forwarding disabled, default to deny, logging disabled\nad0: 57231MB \u003cHTS726060M9AT00 MH4OA6AA\u003e at ata0-master UDMA100\nacd0: CDRW \u003cUJDA755zDVD/CDRW/1.20\u003e at ata1-master UDMA33\nTrying to mount root from ufs:/dev/ad0s1a\nipw0: \u003cIntel(R) PRO/Wireless 2100 MiniPCI\u003e mem 0xc0210000-0xc0210fff irq 11 at device 2.0 on pci2\nipw0: Ethernet address: xx:xx:xx:xx:xx:xx\nipw0: [ITHREAD]\n\nFix: \n\nWorkaround\nProblem no 1: use iwi instead of ipw driver\nProblem no 2: restart ipw interface (down/up)\nProblem no 3: unknown\nHow-To-Repeat: FreeBSD 7.1 STABLE, IBM T40 type 2373"
}