{
 "id": 1278117,
 "bug_id": 274237,
 "attachment_id": 0,
 "creation_time": "2023-10-03T12:43:36Z",
 "creator": "marcin.juszkiewicz@linaro.org",
 "text": "I work on SBSA Reference Platform (sbsa-ref in QEMU) and decided to check how *BSD systems work on it.\n\nNetBSD 10 boots, OpenBSD 7.3 boots, FreeBSD 14/15 boot fine.\n\nFreeBSD 13.2 hangs on initializing XHCI controller:\n\nOK set hw.usb.debug=255\nOK set hw.usb.xhci.debug=255\nOK boot\nLoading kernel...\n/boot/kernel/kernel text=0x2a8 text=0x8d5250 text=0x212d5c data=0x1ae510 data=0x\n0+0x2a9000 0x8+0x1295d0+0x8+0x14e631-\nLoading configured modules...\ncan't find '/boot/entropy'\ncan't find '/etc/hostid'\nNo valid device tree blob found!\nWARNING! Trying to fire up the kernel, but no device tree blob found!\nEFI framebuffer information:\naddr, size     0x80000000, 0x3e8000\ndimensions     1280 x 800\nstride         1280\nmasks          0x00ff0000, 0x0000ff00, 0x000000ff, 0xff000000\n---\u003c\u003cBOOT\u003e\u003e---\nCopyright (c) 1992-2021 The FreeBSD Project.\nCopyright (c) 1979, 1980, 1983, 1986, 1988, 1989, 1991, 1992, 1993, 1994\n        The Regents of the University of California. All rights reserved.\nFreeBSD is a registered trademark of The FreeBSD Foundation.\nFreeBSD 13.2-RELEASE releng/13.2-n254617-525ecfdad597 GENERIC arm64\nFreeBSD clang version 14.0.5 (https://github.com/llvm/llvm-project.git llvmorg-14.0.5-0-gc12386ae247c)\nVT(efifb): resolution 1280x800\nmodule firmware already present!\nreal memory  = 4294967296 (4096 MB)\navail memory = 4160184320 (3967 MB)\nStarting CPU 1 (1)\nFreeBSD/SMP: Multiprocessor System Detected: 2 CPUs\narc4random: WARNING: initial seeding bypassed the cryptographic random device because it was not yet seeded and the knob 'bypass_before_seeding' was enabled.\nrandom: entropy device external interface\nMAP 100fbdf0000 mode 2 pages 128\nMAP 100fbe70000 mode 2 pages 160\nMAP 100fbf10000 mode 2 pages 80\nMAP 100fbfb0000 mode 2 pages 80\nMAP 100ff500000 mode 2 pages 400\nMAP 100ff690000 mode 2 pages 592\nMAP 10000000 mode 0 pages 1728\nMAP 60010000 mode 0 pages 1\nkbd0 at kbdmux0\nacpi0: \u003cLINARO SBSAQEMU\u003e\nacpi0: Power Button (fixed)\nacpi0: Sleep Button (fixed)\nacpi0: Could not update all GPEs: AE_NOT_CONFIGURED\npsci0: \u003cARM Power State Co-ordination Interface Driver\u003e on acpi0\ngic0: \u003cARM Generic Interrupt Controller v3.0\u003e iomem 0x40060000-0x4007ffff,0x40080000-0x4407ffff on acpi0\nits0: \u003cARM GIC Interrupt Translation Service\u003e mem 0x44081000-0x440a0fff on gic0\ngeneric_timer0: \u003cARM Generic Timer\u003e irq 3,4,5 on acpi0\nTimecounter \"ARM MPCore Timecounter\" frequency 62500000 Hz quality 1000\nEvent timer \"ARM MPCore Eventtimer\" frequency 62500000 Hz quality 1000\nefirtc0: \u003cEFI Realtime Clock\u003e\nefirtc0: registered as a time-of-day clock, resolution 1.000000s\nuart0: \u003cPrimeCell UART (PL011)\u003e iomem 0x60000000-0x60000fff irq 0 on acpi0\nuart0: console (115200,n,8,1)\nahci0: \u003cAHCI SATA controller\u003e iomem 0x60100000-0x6010ffff irq 1 on acpi0\nahci0: AHCI v1.00 with 6 1.5Gbps ports, Port Multiplier not supported\nahcich0: \u003cAHCI channel\u003e at channel 0 on ahci0\nahcich1: \u003cAHCI channel\u003e at channel 1 on ahci0\nahcich2: \u003cAHCI channel\u003e at channel 2 on ahci0\nahcich3: \u003cAHCI channel\u003e at channel 3 on ahci0\nahcich4: \u003cAHCI channel\u003e at channel 4 on ahci0\nahcich5: \u003cAHCI channel\u003e at channel 5 on ahci0\nxhci0: \u003cGeneric USB 3.0 controller\u003e iomem 0x60110000-0x6011ffff irq 2 on acpi0\nxhci_init:\nxhci_init: CAPLENGTH=0x40\nxhci_init: RUNTIMEOFFSET=0x1000\nxhci_init: DOOROFFSET=0x2000\nxhci_init: xHCI version = 0x0000\nxhci_init: HCS0 = 0x00087001\nxhci0: 32 bytes context size, 32-bit DMA\nxhci_init: Max slots: 64\nxhci_init: HCS2=0x0000000f\nxhci_init: Max scratch: 0\n\n\nFreeBSD 14 it works:\n\nxhci0: \u003cGeneric USB 3.0 controller\u003e iomem 0x60110000-0x6011ffff irq 2 on acpi0\nxhci_init:\nxhci_init: CAPLENGTH=0x40\nxhci_init: RUNTIMEOFFSET=0x1000\nxhci_init: DOOROFFSET=0x2000\nxhci_init: xHCI version = 0x0000\nxhci_init: HCS0 = 0x00087001\nxhci0: 32 bytes context size, 64-bit DMA\nxhci_init: Max slots: 64\nxhci_init: HCS2=0x0000000f\nxhci_init: Max scratch: 0\nxhci_start_controller:\nxhci_reset_controller:\nxhci_start_controller: CONFIG=0x00000000 -\u003e 0x00000040\nxhci_start_controller: ERSTSZ=0x00000000 -\u003e 0x00000001\nxhci_start_controller: ERDP(0)=0x00000100fb109080\nxhci_start_controller: ERSTBA(0)=0x00000100fb109000\nxhci_start_controller: CRCR=0x00000100fb109f00\nusbus0 on xhci0\n\n\n\nPlatform is QEMU HEAD version 8.1.50 (v8.1.0-1146-g50d0bfd0ed)\n\nQEMU command line arguments:\n\n-drive file=disks/FreeBSD-13.2-RELEASE-arm64-aarch64-bootonly.iso,media=cdrom\n-machine sbsa-ref\n-m 4096\n-smp 2\n-cpu neoverse-v1\n-drive file=fat:rw:/home/marcin/devel/linaro/sbsa-qemu/sbsa-ref-status/disks/virtual/,format=raw\n-drive format=raw,file=/home/marcin/devel/linaro/sbsa-qemu/sbsa-ref-status/disks/full-debian.hddimg\n-device usb-kbd\n-device usb-tablet\n-watchdog-action none\n-no-reboot\n-monitor telnet::45454,server,nowait\n-serial stdio\n-nographic\n-drive if=pflash,file=firmware/SBSA_FLASH0.fd,format=raw\n-drive if=pflash,file=firmware/SBSA_FLASH1.fd,format=raw\n\nFirmware files are available: https://fedora.juszkiewicz.com.pl/sbsa-ref/"
}