{
 "id": 396493,
 "bug_id": 113461,
 "attachment_id": 0,
 "creation_time": "2007-06-07T18:10:03Z",
 "creator": "lasta@orion.net.id",
 "text": "Update for pages http://www.freebsd.org/platforms/amd64/motherboards.html\n\nFix: \n\nCopyright (c) 1992-2007 The FreeBSD Project.\nCopyright (c) 1979, 1980, 1983, 1986, 1988, 1989, 1991, 1992, 1993, 1994\n        The Regents of the University of California. All rights reserved.\nFreeBSD is a registered trademark of The FreeBSD Foundation.\nFreeBSD 6.2-RELEASE-p5 #0: Mon Jun  4 21:07:39 WIT 2007\n    root@BackUp.orion.net.id:/usr/obj/usr/src/sys/Orin\nTimecounter \"i8254\" frequency 1193182 Hz quality 0\nCPU: Intel(R) Xeon(R) CPU            5120  @ 1.86GHz (1861.93-MHz K8-class CPU)\n  Origin = \"GenuineIntel\"  Id = 0x6f6  Stepping = 6\n  Features=0xbfebfbff\u003cFPU,VME,DE,PSE,TSC,MSR,PAE,MCE,CX8,APIC,SEP,MTRR,PGE,MCA,CMOV,PAT,PSE36,CLFLUSH,DTS,ACPI,MMX,FXSR,SSE,SSE2,SS,HTT,TM,PBE\u003e\n  Features2=0x4e3bd\u003cSSE3,RSVD2,MON,DS_CPL,VMX,EST,TM2,\u003cb9\u003e,CX16,\u003cb14\u003e,\u003cb15\u003e,\u003cb18\u003e\u003e\n  AMD Features=0x20100800\u003cSYSCALL,NX,LM\u003e\n  AMD Features2=0x1\u003cLAHF\u003e\n  Cores per package: 2\nreal memory  = 1069547520 (1020 MB)\navail memory = 1021755392 (974 MB)\nACPI APIC Table: \u003cINTEL  S5000VSA\u003e\nFreeBSD/SMP: Multiprocessor System Detected: 4 CPUs\n cpu0 (BSP): APIC ID:  0\n cpu1 (AP): APIC ID:  1\n cpu2 (AP): APIC ID:  6\n cpu3 (AP): APIC ID:  7\nioapic0 \u003cVersion 2.0\u003e irqs 0-23 on motherboard\nioapic1 \u003cVersion 2.0\u003e irqs 24-47 on motherboard\nlapic0: Forcing LINT1 to edge trigger\nkbd1 at kbdmux0\nacpi0: \u003cINTEL S5000VSA\u003e on motherboard\nacpi0: Power Button (fixed)\nTimecounter \"ACPI-fast\" frequency 3579545 Hz quality 1000\nacpi_timer0: \u003c24-bit timer at 3.579545MHz\u003e port 0x408-0x40b on acpi0\ncpu0: \u003cACPI CPU\u003e on acpi0\nacpi_throttle0: \u003cACPI CPU Throttling\u003e on cpu0\ncpu1: \u003cACPI CPU\u003e on acpi0\nacpi_throttle1: \u003cACPI CPU Throttling\u003e on cpu1\nacpi_throttle1: failed to attach P_CNT\ndevice_attach: acpi_throttle1 attach returned 6\ncpu2: \u003cACPI CPU\u003e on acpi0\nacpi_throttle2: \u003cACPI CPU Throttling\u003e on cpu2\nacpi_throttle2: failed to attach P_CNT\ndevice_attach: acpi_throttle2 attach returned 6\ncpu3: \u003cACPI CPU\u003e on acpi0\nacpi_throttle3: \u003cACPI CPU Throttling\u003e on cpu3\nacpi_throttle3: failed to attach P_CNT\ndevice_attach: acpi_throttle3 attach returned 6\nacpi_button0: \u003cSleep Button\u003e on acpi0\npcib0: \u003cACPI Host-PCI bridge\u003e port 0xcf8-0xcff on acpi0\npci0: \u003cACPI PCI bus\u003e on pcib0\npcib1: \u003cACPI PCI-PCI bridge\u003e at device 2.0 on pci0\npci1: \u003cACPI PCI bus\u003e on pcib1\npcib2: \u003cACPI PCI-PCI bridge\u003e irq 16 at device 0.0 on pci1\npci2: \u003cACPI PCI bus\u003e on pcib2\npcib3: \u003cACPI PCI-PCI bridge\u003e irq 16 at device 0.0 on pci2\npci3: \u003cACPI PCI bus\u003e on pcib3\npcib4: \u003cACPI PCI-PCI bridge\u003e irq 17 at device 1.0 on pci2\npci4: \u003cACPI PCI bus\u003e on pcib4\npcib5: \u003cACPI PCI-PCI bridge\u003e irq 18 at device 2.0 on pci2\npci5: \u003cACPI PCI bus\u003e on pcib5\nem0: \u003cIntel(R) PRO/1000 Network Connection Version - 6.4.1\u003e port 0x3020-0x303f mem 0xb8820000-0xb883ffff,0xb8400000-0xb87fffff irq 18 at device 0.0 on pci5\nem0: Ethernet address: 00:15:17:17:b3:80\nem1: \u003cIntel(R) PRO/1000 Network Connection Version - 6.4.1\u003e port 0x3000-0x301f mem 0xb8800000-0xb881ffff,0xb8000000-0xb83fffff irq 19 at device 0.1 on pci5\nem1: Ethernet address: 00:15:17:17:b3:81\npcib6: \u003cACPI PCI-PCI bridge\u003e at device 0.3 on pci1\npci6: \u003cACPI PCI bus\u003e on pcib6\nem2: \u003cIntel(R) PRO/1000 Network Connection Version - 6.4.1\u003e port 0x2040-0x207f mem 0xb8940000-0xb895ffff,0xb8900000-0xb893ffff irq 24 at device 1.0 on pci6\nem2: Ethernet address: 00:02:a5:4e:94:a6\nem3: \u003cIntel(R) PRO/1000 Network Connection Version - 6.4.1\u003e port 0x2000-0x203f mem 0xb8960000-0xb897ffff irq 25 at device 1.1 on pci6\nem3: Ethernet address: 00:02:a5:4e:94:a7\npcib7: \u003cPCI-PCI bridge\u003e at device 3.0 on pci0\npci7: \u003cPCI bus\u003e on pcib7\npci0: \u003cbase peripheral\u003e at device 8.0 (no driver attached)\npcib8: \u003cACPI PCI-PCI bridge\u003e irq 16 at device 28.0 on pci0\npci8: \u003cACPI PCI bus\u003e on pcib8\npcib9: \u003cACPI PCI-PCI bridge\u003e at device 30.0 on pci0\npci9: \u003cACPI PCI bus\u003e on pcib9\npci9: \u003cdisplay, VGA\u003e at device 12.0 (no driver attached)\nxl0: \u003c3Com 3c905B-TX Fast Etherlink XL\u003e port 0x1400-0x147f mem 0xb8b10000-0xb8b1007f irq 16 at device 13.0 on pci9\nmiibus0: \u003cMII bus\u003e on xl0\nxlphy0: \u003c3Com internal media interface\u003e on miibus0\nxlphy0:  10baseT, 10baseT-FDX, 100baseTX, 100baseTX-FDX, auto\nxl0: Ethernet address: 00:10:5a:6d:61:67\nisab0: \u003cPCI-ISA bridge\u003e at device 31.0 on pci0\nisa0: \u003cISA bus\u003e on isab0\natapci0: \u003cIntel 63XXESB2 UDMA100 controller\u003e port 0x1f0-0x1f7,0x3f6,0x170-0x177,0x376,0x4030-0x403f irq 20 at device 31.1 on pci0\nata0: \u003cATA channel 0\u003e on atapci0\nata1: \u003cATA channel 1\u003e on atapci0\natapci1: \u003cIntel 63XXESB2 SATA300 controller\u003e port 0x4048-0x404f,0x4064-0x4067,0x4040-0x4047,0x4060-0x4063,0x4020-0x402f mem 0xb8c00000-0xb8c003ff irq 20 at device 31.2 on pci0\nata2: \u003cATA channel 0\u003e on atapci1\nata3: \u003cATA channel 1\u003e on atapci1\npci0: \u003cserial bus, SMBus\u003e at device 31.3 (no driver attached)\natkbdc0: \u003cKeyboard controller (i8042)\u003e port 0x60,0x64 irq 1 on acpi0\natkbd0: \u003cAT Keyboard\u003e irq 1 on atkbdc0\nkbd0 at atkbd0\natkbd0: [GIANT-LOCKED]\norm0: \u003cISA Option ROMs\u003e at iomem 0xc0000-0xc8fff,0xc9000-0xc9fff,0xca000-0xcafff,0xcb000-0xcc7ff on isa0\nsc0: \u003cSystem console\u003e at flags 0x100 on isa0\nsc0: VGA \u003c16 virtual consoles, flags=0x300\u003e\nvga0: \u003cGeneric ISA VGA\u003e at port 0x3c0-0x3df iomem 0xa0000-0xbffff on isa0\nTimecounters tick every 1.000 msec\nFast IPsec: Initialized Security Association Processing.\nad0: 3882MB \u003cTRANSCEND 2.0\u003e at ata0-master PIO4\nlapic1: Forcing LINT1 to edge trigger\nSMP: AP CPU #1 Launched!\nlapic6: Forcing LINT1 to edge trigger\nSMP: AP CPU #2 Launched!\nlapic7: Forcing LINT1 to edge trigger\nSMP: AP CPU #3 Launched!\nTrying to mount root from ufs:/dev/ad0s1a"
}