{
 "id": 781220,
 "bug_id": 192923,
 "attachment_id": 0,
 "creation_time": "2014-08-22T16:24:47Z",
 "creator": "kate@elide.org",
 "text": "Full dmesg up to the LOR:\n\nCopyright (c) 1992-2014 The FreeBSD Project.\nCopyright (c) 1979, 1980, 1983, 1986, 1988, 1989, 1991, 1992, 1993, 1994\n\tThe Regents of the University of California. All rights reserved.\nFreeBSD is a registered trademark of The FreeBSD Foundation.\nFreeBSD 11.0-CURRENT #0 r270176: Tue Aug 19 20:48:51 BST 2014\n    root@iona:/usr/obj/usr/src/sys/GENERIC i386\nFreeBSD clang version 3.4.1 (tags/RELEASE_34/dot1-final 208032) 20140512\nWARNING: WITNESS option enabled, expect reduced performance.\nCPU: Intel(R) Core(TM)2 Duo CPU     P7550  @ 2.26GHz (2255.39-MHz 686-class CPU)\n  Origin=\"GenuineIntel\"  Id=0x1067a  Family=0x6  Model=0x17  Stepping=10\n  Features=0xbfebfbff\u003cFPU,VME,DE,PSE,TSC,MSR,PAE,MCE,CX8,APIC,SEP,MTRR,PGE,MCA,CMOV,PAT,PSE36,CLFLUSH,DTS,ACPI,MMX,FXSR,SSE,SSE2,SS,HTT,TM,PBE\u003e\n  Features2=0x408e3bd\u003cSSE3,DTES64,MON,DS_CPL,VMX,EST,TM2,SSSE3,CX16,xTPR,PDCM,SSE4.1,XSAVE\u003e\n  AMD Features=0x20100000\u003cNX,LM\u003e\n  AMD Features2=0x1\u003cLAHF\u003e\n  TSC: P-state invariant, performance statistics\nreal memory  = 4294967296 (4096 MB)\navail memory = 2834522112 (2703 MB)\nkbd0 at kbdmux0\nrandom: \u003cSoftware, Yarrow\u003e initialized\npcib0 pcibus 0 on motherboard\npci0: \u003cPCI bus\u003e on pcib0\npci0: \u003cmemory, RAM\u003e at device 0.1 (no driver attached)\nisab0: \u003cPCI-ISA bridge\u003e port 0x2000-0x20ff at device 3.0 on pci0\nisa0: \u003cISA bus\u003e on isab0\npci0: \u003cmemory, RAM\u003e at device 3.1 (no driver attached)\npci0: \u003cmemory, RAM\u003e at device 3.3 (no driver attached)\npci0: \u003cmemory, RAM\u003e at device 3.4 (no driver attached)\npci0: \u003cprocessor\u003e at device 3.5 (no driver attached)\nohci0: \u003cnVidia nForce MCP79 USB Controller\u003e mem 0xd3388000-0xd3388fff irq 11 at device 4.0 on pci0\nusbus0 on ohci0\nehci0: \u003cNVIDIA nForce MCP79 USB 2.0 controller\u003e mem 0xd3389200-0xd33892ff irq 10 at device 4.1 on pci0\nusbus1: EHCI version 1.0\nusbus1 on ehci0\nohci1: \u003cnVidia nForce MCP79 USB Controller\u003e mem 0xd3387000-0xd3387fff irq 7 at device 6.0 on pci0\nusbus2 on ohci1\nehci1: \u003cNVIDIA nForce MCP79 USB 2.0 controller\u003e mem 0xd3389100-0xd33891ff irq 5 at device 6.1 on pci0\nusbus3: EHCI version 1.0\nusbus3 on ehci1\nhdac0: \u003cNVIDIA MCP79 HDA Controller\u003e mem 0xd3380000-0xd3383fff irq 15 at device 8.0 on pci0\npcib1: \u003cPCI-PCI bridge\u003e at device 9.0 on pci0\npci1: \u003cPCI bus\u003e on pcib1\nnfe0: \u003cNVIDIA nForce MCP79 Networking Adapter\u003e port 0x21e0-0x21e7 mem 0xd3386000-0xd3386fff,0xd3389000-0xd33890ff,0xd3389300-0xd338930f irq 14 at device 10.0 on pci0\nmiibus0: \u003cMII bus\u003e on nfe0\nrgephy0: \u003cRTL8169S/8110S/8211 1000BASE-T media interface\u003e PHY 1 on miibus0\nrgephy0:  none, 10baseT, 10baseT-FDX, 10baseT-FDX-flow, 100baseTX, 100baseTX-FDX, 100baseTX-FDX-flow, 1000baseT, 1000baseT-master, 1000baseT-FDX, 1000baseT-FDX-master, 1000baseT-FDX-flow, 1000baseT-FDX-flow-master, auto, auto-flow\nnfe0: Ethernet address: 34:15:9e:31:63:da\nahci0: \u003cNVIDIA MCP79 AHCI SATA controller\u003e port 0x21d8-0x21df,0x21ec-0x21ef,0x21d0-0x21d7,0x21e8-0x21eb,0x21c0-0x21cf mem 0xd3384000-0xd3385fff irq 11 at device 11.0 on pci0\nahci0: AHCI v1.20 with 6 3Gbps ports, Port Multiplier supported\nahci0: quirks=0x200\u003cNOAA\u003e\nahcich0: \u003cAHCI channel\u003e at channel 0 on ahci0\nahcich1: \u003cAHCI channel\u003e at channel 1 on ahci0\npcib2: \u003cPCI-PCI bridge\u003e at device 16.0 on pci0\npci2: \u003cPCI bus\u003e on pcib2\nvgapci0: \u003cVGA-compatible display\u003e port 0x1000-0x107f mem 0xd2000000-0xd2ffffff,0xc0000000-0xcfffffff,0xd0000000-0xd1ffffff irq 11 at device 0.0 on pci2\nnvidia0: \u003cGeForce 9400M\u003e on vgapci0\nvgapci0: child nvidia0 requested pci_enable_io\nvgapci0: child nvidia0 requested pci_enable_io\nvgapci0: Boot video device\npcib3: \u003cPCI-PCI bridge\u003e at device 21.0 on pci0\npci3: \u003cPCI bus\u003e on pcib3\npci3: \u003cnetwork\u003e at device 0.0 (no driver attached)\ncpu0 on motherboard\ncoretemp0: \u003cCPU On-Die Thermal Sensors\u003e on cpu0\nest0: \u003cEnhanced SpeedStep Frequency Control\u003e on cpu0\nest: CPU supports Enhanced Speedstep, but is not recognized.\nest: cpu_vendor GenuineIntel, msr 617482306004823\ndevice_attach: est0 attach returned 6\npmtimer0 on isa0\nattimer0: \u003cAT timer\u003e at port 0x40-0x5f irq 0 pnpid PNP0100 on isa0\nTimecounter \"i8254\" frequency 1193182 Hz quality 0\nEvent timer \"i8254\" frequency 1193182 Hz quality 100\norm0: \u003cISA Option ROM\u003e at iomem 0xc0000-0xce7ff pnpid ORM0000 on isa0\nsc0: \u003cSystem console\u003e at flags 0x100 on isa0\nsc0: VGA \u003c16 virtual consoles, flags=0x300\u003e\nvga0: \u003cGeneric ISA VGA\u003e at port 0x3c0-0x3df iomem 0xa0000-0xbffff on isa0\nata0: \u003cATA channel\u003e at port 0x1f0-0x1f7,0x3f6 irq 14 on isa0\nata1: \u003cATA channel\u003e at port 0x170-0x177,0x376 irq 15 on isa0\natrtc0: \u003cAT realtime clock\u003e at port 0x70 irq 8 on isa0\nEvent timer \"RTC\" frequency 32768 Hz quality 0\nppc0: parallel port not found.\nest0: \u003cEnhanced SpeedStep Frequency Control\u003e on cpu0\nest: CPU supports Enhanced Speedstep, but is not recognized.\nest: cpu_vendor GenuineIntel, msr 617482306004823\ndevice_attach: est0 attach returned 6\nTimecounters tick every 1.000 msec\nhdacc0: \u003cCirrus Logic CS4206 HDA CODEC\u003e at cad 0 on hdac0\nhdaa0: \u003cCirrus Logic CS4206 Audio Function Group\u003e at nid 1 on hdacc0\npcm0: \u003cCirrus Logic CS4206 (Internal Analog 3.1/2.0)\u003e at nid 11,10 and 13 on hdaa0\npcm1: \u003cCirrus Logic CS4206 (Rear Analog Headphones)\u003e at nid 9 on hdaa0\npcm2: \u003cCirrus Logic CS4206 (Rear Digital)\u003e at nid 16 on hdaa0\nusbus0: 12Mbps Full Speed USB v1.0\nusbus1: 480Mbps High Speed USB v2.0\nusbus2: 12Mbps Full Speed USB v1.0\nusbus3: 480Mbps High Speed USB v2.0\nugen0.1: \u003cnVidia\u003e at usbus0\nuhub0: \u003cnVidia OHCI root HUB, class 9/0, rev 1.00/1.00, addr 1\u003e on usbus0\nugen3.1: \u003cnVidia\u003e at usbus3\nuhub1: \u003cnVidia EHCI root HUB, class 9/0, rev 2.00/1.00, addr 1\u003e on usbus3\nugen2.1: \u003cnVidia\u003e at usbus2\nuhub2: \u003cnVidia OHCI root HUB, class 9/0, rev 1.00/1.00, addr 1\u003e on usbus2\nugen1.1: \u003cnVidia\u003e at usbus1\nuhub3: \u003cnVidia EHCI root HUB, class 9/0, rev 2.00/1.00, addr 1\u003e on usbus1\nada0 at ahcich0 bus 0 scbus0 target 0 lun 0\nada0: \u003cSamsung SSD 840 EVO 500GB EXT0BB6Q\u003e ATA-9 SATA 3.x device\nada0: Serial Number S1DHNSBF638894T\nada0: 300.000MB/s transfers (SATA 2.x, UDMA6, PIO 512bytes)\nada0: Command Queueing enabled\nada0: 476940MB (976773168 512 byte sectors: 16H 63S/T 16383C)\nada0: quirks=0x1\u003c4K\u003e\nada0: Previously was known as ad4\ncd0 at ahcich1 bus 0 scbus1 target 0 lun 0\ncd0: \u003cMATSHITA DVD-R   UJ-898 HD09\u003e Removable CD-ROM SCSI-0 device \ncd0: Serial Number UK25 112X5M\ncd0: 150.000MB/s transfers (SATA 1.x, UDMA5, ATAPI 12bytes, PIO 8192bytes)\ncd0: Attempt to query device size failed: NOT READY, Medium not present - tray open\nrandom: unblocking device.\nTimecounter \"TSC-low\" frequency 1127694745 Hz quality 1000\nWARNING: WITNESS option enabled, expect reduced performance.\nRoot mount waiting for: usbus3 usbus2 usbus1 usbus0\nuhub2: 5 ports with 5 removable, self powered\nuhub0: 7 ports with 7 removable, self powered\nRoot mount waiting for: usbus3 usbus1\nuhub1: 5 ports with 5 removable, self powered\nRoot mount waiting for: usbus3 usbus1\nuhub3: 7 ports with 7 removable, self powered\nRoot mount waiting for: usbus3 usbus1\nugen2.2: \u003cApple Inc.\u003e at usbus2\nuhub4: \u003cApple Inc. BRCM2070 Hub, class 9/0, rev 2.00/1.00, addr 2\u003e on usbus2\nugen3.2: \u003cvendor 0x0bda\u003e at usbus3\nugen1.2: \u003cApple Inc.\u003e at usbus1\nuhub4: 3 ports with 0 removable, self powered\nTrying to mount root from ufs:/dev/ada0s1a [rw]...\nlock order reversal:\n 1st 0xc8b317f8 ufs (ufs) @ /usr/src/sys/kern/vfs_subr.c:2137\n 2nd 0xe3d87fd8 bufwait (bufwait) @ /usr/src/sys/ufs/ffs/ffs_vnops.c:262\n 3rd 0xc8f9c6dc ufs (ufs) @ /usr/src/sys/kern/vfs_subr.c:2137\nKDB: stack backtrace:\ndb_trace_self_wrapper(c118ebb4,a,ed2412a0,c0af79e0,c8cf22f8,...) at db_trace_self_wrapper+0x2d/frame 0xed241260\nkdb_backtrace(c119281a,c8f9c6dc,c1179712,c85a3a20,c119be80,...) at kdb_backtrace+0x30/frame 0xed2412c4\nwitness_checkorder(c8f9c6dc,9,c119be80,859,c8f9c6fc,...) at witness_checkorder+0xd04/frame 0xed241310\n__lockmgr_args(c8f9c6dc,80100,c8f9c6fc,0,0,...) at __lockmgr_args+0x8f3/frame 0xed2413f0\nffs_lock(ed241470,c1198f69,c859c110,c85a1b40,c859c110,...) at ffs_lock+0x87/frame 0xed24142c\nVOP_LOCK1_APV(c1425f7c,ed241470,234,3f7,c143b768,...) at VOP_LOCK1_APV+0x10a/frame 0xed241458\n_vn_lock(c8f9c6a8,80100,c119be80,859,c119b0bd,...) at _vn_lock+0xa6/frame 0xed241498\nvget(c8f9c6a8,80100,c8d08c40,57,0,...) at vget+0x74/frame 0xed2414d0\nvfs_hash_get(c8d38d20,71e3d5,80000,c8d08c40,ed2415d0,...) at vfs_hash_get+0xfc/frame 0xed2414fc\nffs_vgetf(c8d38d20,71e3d5,80000,ed2415d0,1,...) at ffs_vgetf+0x44/frame 0xed241558\nsoftdep_sync_buf(c8b317c4,e3d87f80,1,0,0,...) at softdep_sync_buf+0xac7/frame 0xed2415e8\nffs_syncvnode(c8b317c4,1,0,c1400390,0,...) at ffs_syncvnode+0x2dd/frame 0xed241640\nffs_truncate(c8b317c4,200,0,880,c8702d80,...) at ffs_truncate+0x6eb/frame 0xed2417f0\nufs_direnter(c8b317c4,c8f9c6a8,ed2418b8,ed241bcc,0,...) at ufs_direnter+0x79e/frame 0xed241870\nufs_makeinode(ed241bb8,ed241bcc) at ufs_makeinode+0x534/frame 0xed2419f0\nufs_create(ed241ad8,669,c8d38d30,2,c8d38d74,...) at ufs_create+0x2f/frame 0xed241a04\nVOP_CREATE_APV(c1425f7c,ed241ad8,ed241bcc,ed241a68,c0af79e0,...) at VOP_CREATE_APV+0xfe/frame 0xed241a30\nvn_open_cred(ed241b70,ed241bfc,1a4,0,c8702d80,c8d5f738) at vn_open_cred+0x2f0/frame 0xed241b00\nvn_open(ed241b70,ed241bfc,1a4,c8d5f738,2882a610,...) at vn_open+0x3d/frame 0xed241b28\nkern_openat(c8d08c40,ffffff9c,2882a610,0,601,1b6) at kern_openat+0x310/frame 0xed241c1c\nsys_open(c8d08c40,ed241cc8,c134fe9a,e8,5,...) at sys_open+0x39/frame 0xed241c40\nsyscall(ed241d08) at syscall+0x30c/frame 0xed241cfc\nXint0x80_syscall() at Xint0x80_syscall+0x21/frame 0xed241cfc\n--- syscall (5, FreeBSD ELF32, sys_open), eip = 0x28210923, esp = 0xbfbfddf4, ebp = 0xbfbfdea8 ---"
}