{
 "id": 366243,
 "bug_id": 106973,
 "attachment_id": 0,
 "creation_time": "2006-12-20T12:00:32Z",
 "creator": "bdluevel@heitec.net",
 "text": "After storing files on a tape with 'tar -cv', reading the tape with\n'tar -tv' produces an error. Reading with 'pax' succeeds. The tape\ncan also be read with 'cp' or 'dd', but not with 'cat'. The success\nand failure of these tools is repeatable. I've put a session-script\ninto the \"how to repeat\"-section of this PR.\n\nThe tape drive is the device /dev/sa0, a Travan-thing on the SCSI\nbus. Here is a dmesg.boot of a verbose boot:\n\nCopyright (c) 1992-2006 The FreeBSD Project.\nCopyright (c) 1979, 1980, 1983, 1986, 1988, 1989, 1991, 1992, 1993, 1994\n\tThe Regents of the University of California. All rights reserved.\nFreeBSD is a registered trademark of The FreeBSD Foundation.\nFreeBSD 6.2-PRERELEASE #0: Fri Dec 15 16:51:04 CET 2006\n    bernd@tostan.admin.er.heitec.net:/usr/obj/usr/src/sys/TOSTAN\nPreloaded elf kernel \"/boot/kernel/kernel\" at 0xc0724000.\nPreloaded elf module \"/boot/modules/acpi.ko\" at 0xc072416c.\nCalibrating clock(s) ... i8254 clock: 1193176 Hz\nCLK_USE_I8254_CALIBRATION not specified - using default frequency\nTimecounter \"i8254\" frequency 1193182 Hz quality 0\nCalibrating TSC clock ... TSC clock: 400910795 Hz\nCPU: Pentium II/Pentium II Xeon/Celeron (400.91-MHz 686-class CPU)\n  Origin = \"GenuineIntel\"  Id = 0x651  Stepping = 1\n  Features=0x183f9ff\u003cFPU,VME,DE,PSE,TSC,MSR,PAE,MCE,CX8,SEP,MTRR,PGE,MCA,CMOV,PAT,PSE36,MMX,FXSR\u003e\nreal memory  = 268423168 (255 MB)\nPhysical memory chunk(s):\n0x0000000000001000 - 0x000000000009efff, 647168 bytes (158 pages)\n0x0000000000100000 - 0x00000000003fffff, 3145728 bytes (768 pages)\n0x0000000000825000 - 0x000000000fb3afff, 254894080 bytes (62230 pages)\navail memory = 257454080 (245 MB)\nbios32: Found BIOS32 Service Directory header at 0xc00f9d60\nbios32: Entry = 0xf0520 (c00f0520)  Rev = 0  Len = 1\npcibios: PCI BIOS entry at 0xf0000+0x720\npnpbios: Found PnP BIOS data at 0xc00fd1b0\npnpbios: Entry = f0000:d1e0  Rev = 1.0\npnpbios: OEM ID cd041\nOther BIOS signatures found:\nnetsmb_dev: loaded\nnull: \u003cnull device, zero device\u003e\nio: \u003cI/O\u003e\nrandom: \u003centropy source, Software, Yarrow\u003e\nmem: \u003cmemory\u003e\nPentium Pro MTRR support enabled\nnpx0: INT 16 interface\nacpi0: \u003cASUS P2B-LS\u003e on motherboard\nacpi0: [MPSAFE]\npci_open(1):\tmode 1 addr port (0x0cf8) is 0x80002358\npci_open(1a):\tmode1res=0x80000000 (0x80000000)\npci_cfgcheck:\tdevice 0 [class=060000] [hdr=00] is there (id=71908086)\npcibios: BIOS version 2.10\nacpi_bus_number: root bus has no _BBN, assuming 0\nAcpiOsDerivePciId: bus 0 dev 4 func 0\nacpi0: Power Button (fixed)\nacpi0: wakeup code va 0xc6fac000 pa 0x9e000\natpic: Programming IRQ9 as level/low\nacpi_bus_number: root bus has no _BBN, assuming 0\nAcpiOsDerivePciId: bus 0 dev 4 func 3\nacpi_bus_number: root bus has no _BBN, assuming 0\nAcpiOsDerivePciId: bus 0 dev 4 func 3\nACPI timer: 0/4 0/4 0/4 0/16777209 0/4 0/4 0/16777186 0/4 0/6 0/4 -\u003e 0\nTimecounter \"ACPI-safe\" frequency 3579545 Hz quality 1000\nacpi_timer0: \u003c24-bit timer at 3.579545MHz\u003e port 0xe408-0xe40b on acpi0\npci_link0:        Index  IRQ  Rtd  Ref  IRQs\n  Initial Probe       0   11   N     0  3 4 5 6 7 9 10 11 12 14 15\n  Validation          0   11   N     0  3 4 5 6 7 9 10 11 12 14 15\n  After Disable       0  255   N     0  3 4 5 6 7 9 10 11 12 14 15\npci_link1:        Index  IRQ  Rtd  Ref  IRQs\n  Initial Probe       0  255   N     0  3 4 5 6 7 9 10 11 12 14 15\n  Validation          0  255   N     0  3 4 5 6 7 9 10 11 12 14 15\n  After Disable       0  255   N     0  3 4 5 6 7 9 10 11 12 14 15\npci_link2:        Index  IRQ  Rtd  Ref  IRQs\n  Initial Probe       0   10   N     0  3 4 5 6 7 9 10 11 12 14 15\n  Validation          0   10   N     0  3 4 5 6 7 9 10 11 12 14 15\n  After Disable       0  255   N     0  3 4 5 6 7 9 10 11 12 14 15\npci_link3:        Index  IRQ  Rtd  Ref  IRQs\n  Initial Probe       0   15   N     0  3 4 5 6 7 9 10 11 12 14 15\n  Validation          0   15   N     0  3 4 5 6 7 9 10 11 12 14 15\n  After Disable       0  255   N     0  3 4 5 6 7 9 10 11 12 14 15\ncpu0: \u003cACPI CPU\u003e on acpi0\nacpi_button0: \u003cPower Button\u003e on acpi0\npcib0: \u003cACPI Host-PCI bridge\u003e port 0xcf8-0xcff on acpi0\nACPI: Found matching pin for 0.12.INTA at func 0: 11\nACPI: Found matching pin for 0.10.INTA at func 0: 10\nACPI: Found matching pin for 0.4.INTD at func 2: 255\nACPI: Found matching pin for 0.6.INTA at func 0: 15\npci0: \u003cACPI PCI bus\u003e on pcib0\npci0: physical bus=0\nfound-\u003e\tvendor=0x8086, dev=0x7190, revid=0x02\n\tbus=0, slot=0, func=0\n\tclass=06-00-00, hdrtype=0x00, mfdev=0\n\tcmdreg=0x0106, statreg=0x2210, cachelnsz=0 (dwords)\n\tlattimer=0x40 (1920 ns), mingnt=0x00 (0 ns), maxlat=0x00 (0 ns)\n\tmap[10]: type 3, range 32, base e7800000, size 22, enabled\nfound-\u003e\tvendor=0x8086, dev=0x7191, revid=0x02\n\tbus=0, slot=1, func=0\n\tclass=06-04-00, hdrtype=0x01, mfdev=0\n\tcmdreg=0x0117, statreg=0x0220, cachelnsz=0 (dwords)\n\tlattimer=0x40 (1920 ns), mingnt=0x88 (34000 ns), maxlat=0x00 (0 ns)\nfound-\u003e\tvendor=0x8086, dev=0x7110, revid=0x02\n\tbus=0, slot=4, func=0\n\tclass=06-01-00, hdrtype=0x00, mfdev=1\n\tcmdreg=0x000f, statreg=0x0280, cachelnsz=0 (dwords)\n\tlattimer=0x00 (0 ns), mingnt=0x00 (0 ns), maxlat=0x00 (0 ns)\nfound-\u003e\tvendor=0x8086, dev=0x7111, revid=0x01\n\tbus=0, slot=4, func=1\n\tclass=01-01-80, hdrtype=0x00, mfdev=0\n\tcmdreg=0x0000, statreg=0x0280, cachelnsz=0 (dwords)\n\tlattimer=0x20 (960 ns), mingnt=0x00 (0 ns), maxlat=0x00 (0 ns)\n\tmap[20]: type 4, range 32, base 0000b800, size  4, port disabled\nfound-\u003e\tvendor=0x8086, dev=0x7112, revid=0x01\n\tbus=0, slot=4, func=2\n\tclass=0c-03-00, hdrtype=0x00, mfdev=0\n\tcmdreg=0x0005, statreg=0x0280, cachelnsz=0 (dwords)\n\tlattimer=0x20 (960 ns), mingnt=0x00 (0 ns), maxlat=0x00 (0 ns)\n\tintpin=d, irq=255\n\tmap[20]: type 4, range 32, base 0000b400, size  5, enabled\nfound-\u003e\tvendor=0x8086, dev=0x7113, revid=0x02\n\tbus=0, slot=4, func=3\n\tclass=06-80-00, hdrtype=0x00, mfdev=0\n\tcmdreg=0x0003, statreg=0x0280, cachelnsz=0 (dwords)\n\tlattimer=0x00 (0 ns), mingnt=0x00 (0 ns), maxlat=0x00 (0 ns)\n\tmap[90]: type 4, range 32, base 0000e800, size  4, enabled\nfound-\u003e\tvendor=0x9005, dev=0x001f, revid=0x00\n\tbus=0, slot=6, func=0\n\tclass=01-00-00, hdrtype=0x00, mfdev=0\n\tcmdreg=0x0017, statreg=0x0290, cachelnsz=8 (dwords)\n\tlattimer=0x20 (960 ns), mingnt=0x27 (9750 ns), maxlat=0x19 (6250 ns)\n\tintpin=a, irq=15\n\tpowerspec 1  supports D0 D3  current D0\n\tmap[10]: type 4, range 32, base 0000b000, size  8, enabled\n\tmap[14]: type 1, range 64, base e3800000, size 12, enabled\npcib0: matched entry for 0.6.INTA (src \\\\_SB_.LNKD:0)\npcib0: slot 6 INTA routed to irq 15 via \\\\_SB_.LNKD\nfound-\u003e\tvendor=0x1274, dev=0x1371, revid=0x08\n\tbus=0, slot=10, func=0\n\tclass=04-01-00, hdrtype=0x00, mfdev=0\n\tcmdreg=0x0005, statreg=0x0410, cachelnsz=0 (dwords)\n\tlattimer=0x20 (960 ns), mingnt=0x0c (3000 ns), maxlat=0x80 (32000 ns)\n\tintpin=a, irq=10\n\tpowerspec 1  supports D0 D2 D3  current D0\n\tmap[10]: type 4, range 32, base 0000a800, size  6, enabled\npcib0: matched entry for 0.10.INTA (src \\\\_SB_.LNKC:0)\npcib0: slot 10 INTA routed to irq 10 via \\\\_SB_.LNKC\nfound-\u003e\tvendor=0x8086, dev=0x1229, revid=0x05\n\tbus=0, slot=12, func=0\n\tclass=02-00-00, hdrtype=0x00, mfdev=0\n\tcmdreg=0x0017, statreg=0x0290, cachelnsz=8 (dwords)\n\tlattimer=0x20 (960 ns), mingnt=0x08 (2000 ns), maxlat=0x38 (14000 ns)\n\tintpin=a, irq=11\n\tpowerspec 1  supports D0 D1 D2 D3  current D0\n\tmap[10]: type 3, range 32, base e5000000, size 12, enabled\n\tmap[14]: type 4, range 32, base 0000a400, size  5, enabled\n\tmap[18]: type 1, range 32, base e3000000, size 20, enabled\npcib0: matched entry for 0.12.INTA (src \\\\_SB_.LNKA:0)\npcib0: slot 12 INTA routed to irq 11 via \\\\_SB_.LNKA\npcib1: \u003cPCI-PCI bridge\u003e at device 1.0 on pci0\npcib1:   secondary bus     1\npcib1:   subordinate bus   1\npcib1:   I/O decode        0xd000-0xdfff\npcib1:   memory decode     0xe4000000-0xe4efffff\npcib1:   prefetched decode 0xe5f00000-0xe77fffff\npci1: \u003cPCI bus\u003e on pcib1\npci1: physical bus=1\nfound-\u003e\tvendor=0x1002, dev=0x4742, revid=0x5c\n\tbus=1, slot=0, func=0\n\tclass=03-00-00, hdrtype=0x00, mfdev=0\n\tcmdreg=0x0087, statreg=0x0290, cachelnsz=8 (dwords)\n\tlattimer=0x40 (1920 ns), mingnt=0x08 (2000 ns), maxlat=0x00 (0 ns)\n\tmap[10]: type 3, range 32, base e6000000, size 24, enabled\npcib1: requested memory range 0xe6000000-0xe6ffffff: good\n\tmap[14]: type 4, range 32, base 0000d800, size  8, enabled\npcib1: requested I/O range 0xd800-0xd8ff: in range\n\tmap[18]: type 1, range 32, base e4000000, size 12, enabled\npcib1: requested memory range 0xe4000000-0xe4000fff: good\npci1: \u003cdisplay, VGA\u003e at device 0.0 (no driver attached)\nisab0: \u003cPCI-ISA bridge\u003e at device 4.0 on pci0\nisa0: \u003cISA bus\u003e on isab0\npci0: \u003cmass storage, ATA\u003e at device 4.1 (no driver attached)\npci0: \u003cserial bus, USB\u003e at device 4.2 (no driver attached)\nintpm0: \u003cIntel 82371AB Power management controller\u003e port 0xe800-0xe80f irq 9 at device 4.3 on pci0\nintpm0: Reserved 0x10 bytes for rid 0x90 type 4 at 0xe800\nintpm0: I/O mapped e800\nintpm0: intr IRQ 9 enabled revision 0\nintpm0: [GIANT-LOCKED]\nintsmb0: \u003cIntel PIIX4 SMBUS Interface\u003e on intpm0\nsmbus1: \u003cSystem Management Bus\u003e on intsmb0\nsmb0: \u003cSMBus generic I/O\u003e on smbus1\nintpm0: PM I/O mapped e400 \nahc0: \u003cAdaptec aic7890/91 Ultra2 SCSI adapter\u003e port 0xb000-0xb0ff mem 0xe3800000-0xe3800fff irq 15 at device 6.0 on pci0\nahc0: Defaulting to MEMIO on\nahc0: Reserved 0x1000 bytes for rid 0x14 type 3 at 0xe3800000\nahc0: Reading SEEPROM...done.\nahc0: Manual SE Termination\nahc0: Manual LVD Termination\nahc0: BIOS eeprom is present\nahc0: Primary Low Byte termination Enabled\nahc0: Primary High Byte termination Enabled\nahc0: Downloading Sequencer Program... 424 instructions downloaded\nahc0: Features 0x56f6, Bugs 0x6, Flags 0x20485560\nahc0: [GIANT-LOCKED]\naic7890/91: Ultra2 Wide Channel A, SCSI Id=7, 32/253 SCBs\npcm0: \u003cAudioPCI ES1373-8\u003e port 0xa800-0xa83f irq 10 at device 10.0 on pci0\npcm0: Reserved 0x40 bytes for rid 0x10 type 4 at 0xa800\npcm0: \u003cCirrus Logic CS4297A AC97 Codec (id = 0x43525913)\u003e\npcm0: Codec features headphone, 20 bit DAC, 18 bit ADC, 6 bit master volume, Crystal Semi 3D Stereo Enhancement\npcm0: Primary codec extended features AMAP\npcm0: ac97 codec dac ready count: 0\npcm0: [MPSAFE]\npcm0: sndbuf_setmap 189000, 1000; 0xc1e35000 -\u003e 189000\npcm0: sndbuf_setmap 167000, 1000; 0xc1e33000 -\u003e 167000\npcm0: \u003cPlayback: DAC2 / Record: ADC\u003e\nfxp0: \u003cIntel 82558 Pro/100 Ethernet\u003e port 0xa400-0xa41f mem 0xe5000000-0xe5000fff,0xe3000000-0xe30fffff irq 11 at device 12.0 on pci0\nfxp0: Reserved 0x1000 bytes for rid 0x10 type 3 at 0xe5000000\nfxp0: using memory space register mapping\nfxp0: PCI IDs: 8086 1229 8086 0009 0005\nfxp0: Dynamic Standby mode is disabled\nmiibus0: \u003cMII bus\u003e on fxp0\ninphy0: \u003ci82555 10/100 media interface\u003e on miibus0\ninphy0:  10baseT, 10baseT-FDX, 100baseTX, 100baseTX-FDX, auto\nfxp0: bpf attached\nfxp0: Ethernet address: 00:90:27:2e:e0:c7\nfxp0: [MPSAFE]\nfdc0: \u003cfloppy drive controller\u003e port 0x3f2-0x3f5,0x3f7 irq 6 drq 2 on acpi0\nfdc0: ic_type 90 part_id 80\nfdc0: [MPSAFE]\nfdc0: [FAST]\nfd0: \u003c1440-KB 3.5\" drive\u003e on fdc0 drive 0\nfd1: \u003c1200-KB 5.25\" drive\u003e on fdc0 drive 1\nppc0: using extended I/O port range\nppc0: ECP SPP ECP+EPP SPP\nppc0: \u003cECP parallel printer port\u003e port 0x378-0x37b,0x778-0x77b irq 7 drq 3 flags 0xf on acpi0\nppc0: SMC-like chipset (ECP/EPP/PS2/NIBBLE) in ECP+EPP mode (EPP 1.9)\nppc0: FIFO with 16/16/9 bytes threshold\nppbus0: \u003cParallel port bus\u003e on ppc0\nlpt0: \u003cPrinter\u003e on ppbus0\nlpt0: Interrupt-driven port\nsio0: irq maps: 0x1 0x11 0x1 0x1\nsio0: \u003c16550A-compatible COM port\u003e port 0x3f8-0x3ff irq 4 flags 0x30 on acpi0\nsio0: type 16550A, console\nsio1: irq maps: 0x1 0x9 0x1 0x1\nsio1: \u003c16550A-compatible COM port\u003e port 0x2f8-0x2ff irq 3 on acpi0\nsio1: type 16550A\nfdc: fdc0 already exists; skipping it\nppc: ppc0 already exists; skipping it\nsio: sio0 already exists; skipping it\nsio: sio1 already exists; skipping it\npnp_identify: Trying Read_Port at 203\npnp_identify: Trying Read_Port at 243\npnp_identify: Trying Read_Port at 283\npnp_identify: Trying Read_Port at 2c3\npnp_identify: Trying Read_Port at 303\npnp_identify: Trying Read_Port at 343\npnp_identify: Trying Read_Port at 383\npnp_identify: Trying Read_Port at 3c3\nPNP Identify complete\nisa_probe_children: disabling PnP devices\nisa_probe_children: probing non-PnP devices\norm0: \u003cISA Option ROMs\u003e at iomem 0xc0000-0xc7fff,0xc8000-0xcd7ff on isa0\nisa_probe_children: probing PnP devices\nDevice configuration finished.\nTimecounter \"TSC\" frequency 400910795 Hz quality 800\nTimecounters tick every 1.000 msec\nlo0: bpf attached\nWaiting 2 seconds for SCSI devices to settle\n(noperiph:ahc0:0:-1:-1): SCSI bus reset delivered. 0 SCBs aborted.\nahc0: Selection Timeout on A:9. 0 SCBs aborted\nahc0: Selection Timeout on A:3. 0 SCBs aborted\nahc0: Selection Timeout on A:6. 0 SCBs aborted\nahc0: Selection Timeout on A:8. 0 SCBs aborted\nahc0: Selection Timeout on A:10. 0 SCBs aborted\nahc0: Selection Timeout on A:11. 0 SCBs aborted\nahc0: Selection Timeout on A:12. 0 SCBs aborted\nahc0: Selection Timeout on A:13. 0 SCBs aborted\nahc0: Selection Timeout on A:14. 0 SCBs aborted\nahc0: Selection Timeout on A:15. 0 SCBs aborted\n(probe5:ahc0:0:5:0): error 22\n(probe5:ahc0:0:5:0): Unretryable Error\n(ahc0:A:4:0): Sending SDTR period c, offset 7f\n(probe0:ahc0:0:0:0): Retrying Command\n(probe1:ahc0:0:1:0): Retrying Command\n(probe2:ahc0:0:2:0): Retrying Command\n(ahc0:A:4:0): Received SDTR period 19, offset f\n\tFiltered to period 19, offset f\nahc0: target 4 synchronous at 10.0MHz, offset = 0xf\n(ahc0:A:5:0): Sending SDTR period c, offset 7f\n(ahc0:A:5:0): Received SDTR period 19, offset f\n\tFiltered to period 19, offset f\nahc0: target 5 synchronous at 10.0MHz, offset = 0xf\n(ahc0:A:4:0): Sending SDTR period 19, offset f\n(ahc0:A:4:0): Received SDTR period 19, offset f\n\tFiltered to period 19, offset f\n(ahc0:A:5:0): Sending SDTR period 19, offset f\n(ahc0:A:5:0): Received SDTR period 19, offset f\n\tFiltered to period 19, offset f\n(ahc0:A:0:0): Sending WDTR 1\n(ahc0:A:0:0): Received WDTR 1 filtered to 1\nahc0: target 0 using 16bit transfers\n(ahc0:A:0:0): Sending SDTR period a, offset 7f\n(ahc0:A:0:0): Received SDTR period a, offset 3f\n\tFiltered to period a, offset 3f\nahc0: target 0 synchronous at 40.0MHz, offset = 0x3f\n(ahc0:A:1:0): Sending WDTR 1\n(ahc0:A:1:0): Received WDTR 1 filtered to 1\nahc0: target 1 using 16bit transfers\n(ahc0:A:1:0): Sending SDTR period a, offset 7f\n(ahc0:A:1:0): Received SDTR period a, offset 3f\n\tFiltered to period a, offset 3f\nahc0: target 1 synchronous at 40.0MHz, offset = 0x3f\n(ahc0:A:2:0): Sending WDTR 1\n(ahc0:A:2:0): Received WDTR 1 filtered to 1\nahc0: target 2 using 16bit transfers\n(ahc0:A:2:0): Sending SDTR period a, offset 7f\n(ahc0:A:2:0): Received SDTR period a, offset 3f\n\tFiltered to period a, offset 3f\nahc0: target 2 synchronous at 40.0MHz, offset = 0x3f\nsa0 at ahc0 bus 0 target 4 lun 0\nsa0: \u003cSeagate STT20000N 6A51\u003e Removable Sequential Access SCSI-2 device \nsa0: Serial Number \nsa0: 10.000MB/s transfers (10.000MHz, offset 15)\npass0 at ahc0 bus 0 target 0 lun 0\npass0: \u003cSEAGATE ST173404LW 0004\u003e Fixed Direct Access SCSI-3 device \npass0: Serial Number 3CE0JQZE0000712515DX\npass0: 80.000MB/s transfers (40.000MHz, offset 63, 16bit), Tagged Queueing Enabled\npass1 at ahc0 bus 0 target 1 lun 0\npass1: \u003cSEAGATE ST173404LW 0004\u003e Fixed Direct Access SCSI-3 device \npass1: Serial Number 3CE0JRBH00002126H41Y\npass1: 80.000MB/s transfers (40.000MHz, offset 63, 16bit), Tagged Queueing Enabled\npass2 at ahc0 bus 0 target 2 lun 0\npass2: \u003cSEAGATE ST373405LW 0003\u003e Fixed Direct Access SCSI-3 device \npass2: Serial Number 3EK01A9X00007222A71B\npass2: 80.000MB/s transfers (40.000MHz, offset 63, 16bit), Tagged Queueing Enabled\npass3 at ahc0 bus 0 target 4 lun 0\npass3: \u003cSeagate STT20000N 6A51\u003e Removable Sequential Access SCSI-2 device \npass3: Serial Number \npass3: 10.000MB/s transfers (10.000MHz, offset 15)\npass4 at ahc0 bus 0 target 5 lun 0\npass4: \u003cHP CD-Writer+ 9200 1.0e\u003e Removable CD-ROM SCSI-4 device \npass4: 10.000MB/s transfers (10.000MHz, offset 15)\n(ahc0:A:5:0): Sending SDTR period 19, offset f\n(ahc0:A:5:0): Received SDTR period 19, offset f\n\tFiltered to period 19, offset f\n(cd0:ahc0:0:5:0): error 6\n(cd0:ahc0:0:5:0): Unretryable Error\ncd0 at ahc0 bus 0 target 5 lun 0\ncd0: \u003cHP CD-Writer+ 9200 1.0e\u003e Removable CD-ROM SCSI-4 device \ncd0: 10.000MB/s transfers (10.000MHz, offset 15)\ncd0: Attempt to query device size failed: NOT READY, Medium not present\nda2 at ahc0 bus 0 target 2 lun 0\nda2: \u003cSEAGATE ST373405LW 0003\u003e Fixed Direct Access SCSI-3 device \nda2: Serial Number 3EK01A9X00007222A71B\nda2: 80.000MB/s transfers (40.000MHz, offset 63, 16bit), Tagged Queueing Enabled\nda2: 70007MB (143374741 512 byte sectors: 255H 63S/T 8924C)\nda1 at ahc0 bus 0 target 1 lun 0\nda1: \u003cSEAGATE ST173404LW 0004\u003e Fixed Direct Access SCSI-3 device \nda1: Serial Number 3CE0JRBH00002126H41Y\nda1: 80.000MB/s transfers (40.000MHz, offset 63, 16bit), Tagged Queueing Enabled\nda1: 70007MB (143374738 512 byte sectors: 255H 63S/T 8924C)\nda0 at ahc0 bus 0 target 0 lun 0\nda0: \u003cSEAGATE ST173404LW 0004\u003e Fixed Direct Access SCSI-3 device \nda0: Serial Number 3CE0JQZE0000712515DX\nda0: 80.000MB/s transfers (40.000MHz, offset 63, 16bit), Tagged Queueing Enabled\nda0: 70007MB (143374738 512 byte sectors: 255H 63S/T 8924C)\nGEOM: new disk cd0\nGEOM: new disk da0\nGEOM: new disk da1\nGEOM: new disk da2\n(ahc0:A:5:0): Sending SDTR period 19, offset f\n(ahc0:A:5:0): Received SDTR period 19, offset f\n\tFiltered to period 19, offset f\n(cd0:ahc0:0:5:0): error 6\n(cd0:ahc0:0:5:0): Unretryable Error\n(ahc0:A:5:0): Sending SDTR period 19, offset f\n(ahc0:A:5:0): Received SDTR period 19, offset f\n\tFiltered to period 19, offset f\n(cd0:ahc0:0:5:0): error 6\n(cd0:ahc0:0:5:0): Unretryable Error\nTrying to mount root from ufs:/dev/da0s1a\nstart_init: trying /sbin/init\nfxp0: Microcode loaded, int_delay: 1000 usec  bundle_max: 0\nfxp0: Microcode loaded, int_delay: 1000 usec  bundle_max: 0\n\nHow-To-Repeat: \nScript started on Wed Dec 20 11:40:34 2006\n#find . -ls\n  4225   4 drwxr-xr-x 3 root wheel    512 Dec 20 11:39 .\n  4230   4 drwxr-xr-x 2 root wheel    512 Dec 20 11:39 ./files\n  4229 608 -r--r--r-- 1 root wheel 284397 Dec 20 11:39 ./files/f1\n  4228 672 -r--r--r-- 1 root wheel 321748 Dec 20 11:39 ./files/f2\n  4227 672 -r--r--r-- 1 root wheel 319531 Dec 20 11:39 ./files/f3\n  4226 576 -r--r--r-- 1 root wheel 262694 Dec 20 11:39 ./files/f4\n#tar -cv files\na files\na files/f1\na files/f2\na files/f3\na files/f4\n#tar -tv\ndrwxr-xr-x  0 root   wheel       0 Dec 20 11:39 files\n-r--r--r--  0 root   wheel  284397 Dec 20 11:39 files/f1\ntar: Unrecognized archive format: Inappropriate file type or format\n#pax -v -f /dev/sa0\ndrwxr-xr-x  2 root             wheel          0 Dec 20 11:39 files\n-r--r--r--  1 root             wheel     284397 Dec 20 11:39 files/f1\n-r--r--r--  1 root             wheel     321748 Dec 20 11:39 files/f2\n-r--r--r--  1 root             wheel     319531 Dec 20 11:39 files/f3\n-r--r--r--  1 root             wheel     262694 Dec 20 11:39 files/f4\npax: Waiting for tape drive close to complete...done.\npax: ustar vol 1, 5 files, 1198080 bytes read, 0 bytes written.\n#cat /dev/sa0 \u003e f.tar\ncat: /dev/sa0: Input/output error\n#cp /dev/sa0 f.tar\n#tar -tvf f.tar\ndrwxr-xr-x  0 root   wheel       0 Dec 20 11:39 files\n-r--r--r--  0 root   wheel  284397 Dec 20 11:39 files/f1\n-r--r--r--  0 root   wheel  321748 Dec 20 11:39 files/f2\n-r--r--r--  0 root   wheel  319531 Dec 20 11:39 files/f3\n-r--r--r--  0 root   wheel  262694 Dec 20 11:39 files/f4\n#dd if=/dev/sa0 of=f.tar bs=20k\n\n0+117 records in\n0+117 records out\n1198080 bytes transferred in 3.931864 secs (304710 bytes/sec)\n#tar -tvf f.tar\ndrwxr-xr-x  0 root   wheel       0 Dec 20 11:39 files\n-r--r--r--  0 root   wheel  284397 Dec 20 11:39 files/f1\n-r--r--r--  0 root   wheel  321748 Dec 20 11:39 files/f2\n-r--r--r--  0 root   wheel  319531 Dec 20 11:39 files/f3\n-r--r--r--  0 root   wheel  262694 Dec 20 11:39 files/f4\n#exit\n\nScript done on Wed Dec 20 11:47:09 2006"
}