{
 "id": 604236,
 "bug_id": 155768,
 "attachment_id": 0,
 "creation_time": "2011-03-21T23:50:01Z",
 "creator": "artur@ybka.com",
 "text": "Hi,\n   in emails with \"security run output\" on my server (it is going to be production machine) I see many disturbing messages:\n\n+amr0: Too many retries on command 0xc7483ad8.  Controller is likely dead\n\nBelow is dmesg.boot file content:\n\nCopyright (c) 1992-2011 The FreeBSD Project.\nCopyright (c) 1979, 1980, 1983, 1986, 1988, 1989, 1991, 1992, 1993, 1994\n\tThe Regents of the University of California. All rights reserved.\nFreeBSD is a registered trademark of The FreeBSD Foundation.\nFreeBSD 8.2-RELEASE #6: Sat Mar  5 23:46:56 CET 2011\n    root@aqua.ybka.com:/usr/obj/usr/src/sys/GENERIC_AQUA i386\nTimecounter \"i8254\" frequency 1193182 Hz quality 0\nCPU: Intel(R) Xeon(R) CPU           E5405  @ 2.00GHz (2006.98-MHz 686-class CPU)\n  Origin = \"GenuineIntel\"  Id = 0x10676  Family = 6  Model = 17  Stepping = 6\n  Features=0xbfebfbff\u003cFPU,VME,DE,PSE,TSC,MSR,PAE,MCE,CX8,APIC,SEP,MTRR,PGE,MCA,CMOV,PAT,PSE36,CLFLUSH,DTS,ACPI,MMX,FXSR,SSE,SSE2,SS,HTT,TM,PBE\u003e\n  Features2=0xce33d\u003cSSE3,DTES64,MON,DS_CPL,VMX,TM2,SSSE3,CX16,xTPR,PDCM,DCA,SSE4.1\u003e\n  AMD Features=0x20100000\u003cNX,LM\u003e\n  AMD Features2=0x1\u003cLAHF\u003e\n  TSC: P-state invariant\nreal memory  = 4294967296 (4096 MB)\navail memory = 3667513344 (3497 MB)\nACPI APIC Table: \u003cINTEL  S5000VSA\u003e\nFreeBSD/SMP: Multiprocessor System Detected: 8 CPUs\nFreeBSD/SMP: 2 package(s) x 4 core(s)\n cpu0 (BSP): APIC ID:  0\n cpu1 (AP): APIC ID:  1\n cpu2 (AP): APIC ID:  2\n cpu3 (AP): APIC ID:  3\n cpu4 (AP): APIC ID:  4\n cpu5 (AP): APIC ID:  5\n cpu6 (AP): APIC ID:  6\n cpu7 (AP): APIC ID:  7\nioapic0 \u003cVersion 2.0\u003e irqs 0-23 on motherboard\nioapic1 \u003cVersion 2.0\u003e irqs 24-47 on motherboard\nlapic0: Forcing LINT1 to edge trigger\nkbd1 at kbdmux0\nacpi0: \u003cINTEL S5000VSA\u003e on motherboard\nacpi0: [ITHREAD]\nacpi0: Power Button (fixed)\nacpi0: reservation of 0, a0000 (3) failed\nTimecounter \"ACPI-fast\" frequency 3579545 Hz quality 1000\nacpi_timer0: \u003c24-bit timer at 3.579545MHz\u003e port 0x408-0x40b on acpi0\ncpu0: \u003cACPI CPU\u003e on acpi0\ncpu1: \u003cACPI CPU\u003e on acpi0\ncpu2: \u003cACPI CPU\u003e on acpi0\ncpu3: \u003cACPI CPU\u003e on acpi0\ncpu4: \u003cACPI CPU\u003e on acpi0\ncpu5: \u003cACPI CPU\u003e on acpi0\ncpu6: \u003cACPI CPU\u003e on acpi0\ncpu7: \u003cACPI CPU\u003e on acpi0\nacpi_button0: \u003cSleep Button\u003e on acpi0\npcib0: \u003cACPI Host-PCI bridge\u003e port 0xca2,0xca3,0xcf8-0xcff on acpi0\npci0: \u003cACPI PCI bus\u003e on pcib0\npcib1: \u003cACPI PCI-PCI bridge\u003e at device 2.0 on pci0\npci1: \u003cACPI PCI bus\u003e on pcib1\npcib2: \u003cACPI PCI-PCI bridge\u003e irq 16 at device 0.0 on pci1\npci2: \u003cACPI PCI bus\u003e on pcib2\npcib3: \u003cACPI PCI-PCI bridge\u003e irq 16 at device 0.0 on pci2\npci3: \u003cACPI PCI bus\u003e on pcib3\npcib4: \u003cACPI PCI-PCI bridge\u003e irq 17 at device 1.0 on pci2\npci4: \u003cACPI PCI bus\u003e on pcib4\npcib5: \u003cACPI PCI-PCI bridge\u003e irq 18 at device 2.0 on pci2\npci5: \u003cACPI PCI bus\u003e on pcib5\nem0: \u003cIntel(R) PRO/1000 Network Connection 7.1.9\u003e port 0x2020-0x203f mem 0xf8820000-0xf883ffff,0xf8400000-0xf87fffff irq 18 at device 0.0 on pci5\nem0: Using an MSI interrupt\nem0: [FILTER]\nem0: Ethernet address: 00:15:17:5f:a7:80\nem1: \u003cIntel(R) PRO/1000 Network Connection 7.1.9\u003e port 0x2000-0x201f mem 0xf8800000-0xf881ffff,0xf8000000-0xf83fffff irq 19 at device 0.1 on pci5\nem1: Using an MSI interrupt\nem1: [FILTER]\nem1: Ethernet address: 00:15:17:5f:a7:81\npcib6: \u003cACPI PCI-PCI bridge\u003e at device 0.3 on pci1\npci6: \u003cACPI PCI bus\u003e on pcib6\npcib7: \u003cPCI-PCI bridge\u003e at device 1.0 on pci6\npci7: \u003cPCI bus\u003e on pcib7\namr0: \u003cLSILogic MegaRAID 1.53\u003e mem 0xf8b00000-0xf8b0ffff,0xf8900000-0xf89fffff irq 24 at device 14.0 on pci7\namr0: [ITHREAD]\namr0: \u003cLSILogic Intel(R) RAID Controller SRCS28X\u003e Firmware 815C, BIOS H432, 128MB RAM\npcib8: \u003cPCI-PCI bridge\u003e at device 3.0 on pci0\npci8: \u003cPCI bus\u003e on pcib8\npci0: \u003cbase peripheral\u003e at device 8.0 (no driver attached)\npcib9: \u003cACPI PCI-PCI bridge\u003e irq 16 at device 28.0 on pci0\npci9: \u003cACPI PCI bus\u003e on pcib9\nuhci0: \u003cIntel 631XESB/632XESB/3100 USB controller USB-1\u003e port 0x3080-0x309f irq 23 at device 29.0 on pci0\nuhci0: [ITHREAD]\nuhci0: LegSup = 0x3f00\nusbus0: \u003cIntel 631XESB/632XESB/3100 USB controller USB-1\u003e on uhci0\nuhci1: \u003cIntel 631XESB/632XESB/3100 USB controller USB-2\u003e port 0x3060-0x307f irq 22 at device 29.1 on pci0\nuhci1: [ITHREAD]\nuhci1: LegSup = 0x2f00\nusbus1: \u003cIntel 631XESB/632XESB/3100 USB controller USB-2\u003e on uhci1\nuhci2: \u003cIntel 631XESB/632XESB/3100 USB controller USB-3\u003e port 0x3040-0x305f irq 23 at device 29.2 on pci0\nuhci2: [ITHREAD]\nuhci2: LegSup = 0x2f00\nusbus2: \u003cIntel 631XESB/632XESB/3100 USB controller USB-3\u003e on uhci2\nuhci3: \u003cIntel 631XESB/632XESB/3100 USB controller USB-4\u003e port 0x3020-0x303f irq 22 at device 29.3 on pci0\nuhci3: [ITHREAD]\nuhci3: LegSup = 0x2f00\nusbus3: \u003cIntel 631XESB/632XESB/3100 USB controller USB-4\u003e on uhci3\nehci0: \u003cIntel 63XXESB USB 2.0 controller\u003e mem 0xf8d00400-0xf8d007ff irq 23 at device 29.7 on pci0\nehci0: [ITHREAD]\nusbus4: EHCI version 1.0\nusbus4: \u003cIntel 63XXESB USB 2.0 controller\u003e on ehci0\npcib10: \u003cACPI PCI-PCI bridge\u003e at device 30.0 on pci0\npci10: \u003cACPI PCI bus\u003e on pcib10\nvgapci0: \u003cVGA-compatible display\u003e port 0x1000-0x10ff mem 0xf0000000-0xf7ffffff,0xf8c00000-0xf8c0ffff irq 17 at device 12.0 on pci10\nisab0: \u003cPCI-ISA bridge\u003e at device 31.0 on pci0\nisa0: \u003cISA bus\u003e on isab0\natapci0: \u003cIntel 63XXESB2 UDMA100 controller\u003e port 0x1f0-0x1f7,0x3f6,0x170-0x177,0x376,0x30b0-0x30bf irq 20 at device 31.1 on pci0\nata0: \u003cATA channel 0\u003e on atapci0\nata0: [ITHREAD]\natapci1: \u003cIntel 63XXESB2 SATA300 controller\u003e port 0x30c8-0x30cf,0x30e4-0x30e7,0x30c0-0x30c7,0x30e0-0x30e3,0x30a0-0x30af mem 0xf8d00000-0xf8d003ff irq 20 at device 31.2 on pci0\natapci1: [ITHREAD]\nata2: \u003cATA channel 0\u003e on atapci1\nata2: [ITHREAD]\nata3: \u003cATA channel 1\u003e on atapci1\nata3: [ITHREAD]\npci0: \u003cserial bus, SMBus\u003e at device 31.3 (no driver attached)\natrtc0: \u003cAT realtime clock\u003e port 0x70-0x71,0x74-0x77 irq 8 on acpi0\natkbdc0: \u003cKeyboard controller (i8042)\u003e port 0x60,0x64 irq 1 on acpi0\natkbd0: \u003cAT Keyboard\u003e irq 1 on atkbdc0\nkbd0 at atkbd0\natkbd0: [GIANT-LOCKED]\natkbd0: [ITHREAD]\nuart0: \u003c16550 or compatible\u003e port 0x3f8-0x3ff irq 4 flags 0x10 on acpi0\nuart0: [FILTER]\nuart1: \u003c16550 or compatible\u003e port 0x2f8-0x2ff irq 3 on acpi0\nuart1: [FILTER]\nacpi_hpet0: \u003cHigh Precision Event Timer\u003e iomem 0xfed00000-0xfed003ff on acpi0\nTimecounter \"HPET\" frequency 14318180 Hz quality 900\npmtimer0 on isa0\norm0: \u003cISA Option ROMs\u003e at iomem 0xc0000-0xc8fff,0xcb800-0xcc7ff,0xcc800-0xcd7ff pnpid ORM0000 on isa0\nsc0: \u003cSystem console\u003e at flags 0x100 on isa0\nsc0: VGA \u003c16 virtual consoles, flags=0x300\u003e\nvga0: \u003cGeneric ISA VGA\u003e at port 0x3c0-0x3df iomem 0xa0000-0xbffff on isa0\nppc0: parallel port not found.\ndevice_attach: acpi_perf0 attach returned 6\ndevice_attach: acpi_perf1 attach returned 6\ndevice_attach: acpi_perf2 attach returned 6\ndevice_attach: acpi_perf3 attach returned 6\ndevice_attach: acpi_perf4 attach returned 6\ndevice_attach: acpi_perf5 attach returned 6\ndevice_attach: acpi_perf6 attach returned 6\ndevice_attach: acpi_perf7 attach returned 6\ndevice_attach: acpi_perf0 attach returned 6\np4tcc0: \u003cCPU Frequency Thermal Control\u003e on cpu0\ndevice_attach: acpi_perf1 attach returned 6\np4tcc1: \u003cCPU Frequency Thermal Control\u003e on cpu1\ndevice_attach: acpi_perf2 attach returned 6\np4tcc2: \u003cCPU Frequency Thermal Control\u003e on cpu2\ndevice_attach: acpi_perf3 attach returned 6\np4tcc3: \u003cCPU Frequency Thermal Control\u003e on cpu3\ndevice_attach: acpi_perf4 attach returned 6\np4tcc4: \u003cCPU Frequency Thermal Control\u003e on cpu4\ndevice_attach: acpi_perf5 attach returned 6\np4tcc5: \u003cCPU Frequency Thermal Control\u003e on cpu5\ndevice_attach: acpi_perf6 attach returned 6\np4tcc6: \u003cCPU Frequency Thermal Control\u003e on cpu6\ndevice_attach: acpi_perf7 attach returned 6\np4tcc7: \u003cCPU Frequency Thermal Control\u003e on cpu7\nRTC BIOS diagnostic error 3\nTimecounters tick every 1.000 msec\nusbus0: 12Mbps Full Speed USB v1.0\nusbus1: 12Mbps Full Speed USB v1.0\nusbus2: 12Mbps Full Speed USB v1.0\nusbus3: 12Mbps Full Speed USB v1.0\nusbus4: 480Mbps High Speed USB v2.0\nugen0.1: \u003cIntel\u003e at usbus0\nuhub0: \u003cIntel UHCI root HUB, class 9/0, rev 1.00/1.00, addr 1\u003e on usbus0\nugen1.1: \u003cIntel\u003e at usbus1\nuhub1: \u003cIntel UHCI root HUB, class 9/0, rev 1.00/1.00, addr 1\u003e on usbus1\nugen2.1: \u003cIntel\u003e at usbus2\nuhub2: \u003cIntel UHCI root HUB, class 9/0, rev 1.00/1.00, addr 1\u003e on usbus2\nugen3.1: \u003cIntel\u003e at usbus3\nuhub3: \u003cIntel UHCI root HUB, class 9/0, rev 1.00/1.00, addr 1\u003e on usbus3\nugen4.1: \u003cIntel\u003e at usbus4\nuhub4: \u003cIntel EHCI root HUB, class 9/0, rev 2.00/1.00, addr 1\u003e on usbus4\nuhub0: 2 ports with 2 removable, self powered\nuhub1: 2 ports with 2 removable, self powered\nuhub2: 2 ports with 2 removable, self powered\nuhub3: 2 ports with 2 removable, self powered\nacd0: DVDR \u003cLITE-ON DVDRW LH-20A1S/9L08\u003e at ata2-master UDMA100 SATA\namrd0: \u003cLSILogic MegaRAID logical drive\u003e on amr0\namrd0: 1430511MB (2929686528 sectors) RAID 1 (optimal)\nlapic3: Forcing LINT1 to edge trigger\nSMP: AP CPU #3 Launched!\nlapic1: Forcing LINT1 to edge trigger\nSMP: AP CPU #1 Launched!\nlapic2: Forcing LINT1 to edge trigger\nSMP: AP CPU #2 Launched!\nlapic6: Forcing LINT1 to edge trigger\nSMP: AP CPU #6 Launched!\nlapic7: Forcing LINT1 to edge trigger\nSMP: AP CPU #7 Launched!\nlapic5: Forcing LINT1 to edge trigger\nSMP: AP CPU #5 Launched!\nlapic4: Forcing LINT1 to edge trigger\nSMP: AP CPU #4 Launched!\nuhub4: 8 ports with 8 removable, self powered\nTrying to mount root from ufs:/dev/amrd0s1a\nugen1.2: \u003cvendor 0x0557\u003e at usbus1\nuhub5: \u003cvendor 0x0557 product 0x7000, class 9/0, rev 1.10/1.00, addr 2\u003e on usbus1\nuhub5: 4 ports with 4 removable, self powered\nugen1.3: \u003cCHESEN\u003e at usbus1\nukbd0: \u003cCHESEN USB Keyboard, class 0/0, rev 1.10/1.10, addr 3\u003e on usbus1\nkbd2 at ukbd0\nuhid0: \u003cCHESEN USB Keyboard, class 0/0, rev 1.10/1.10, addr 3\u003e on usbus1 \n\nBest regards,\nArtur Litwinowicz"
}