{
 "id": 389465,
 "bug_id": 111952,
 "attachment_id": 0,
 "creation_time": "2007-07-06T13:18:33Z",
 "creator": "Eamon.Roque@arf.fak12.uni-muenchen.de",
 "text": "Hi,\n\nas Ralf also said, Linux can read the memory map from the BIOS.\n\nHere's the output from my current system:\n\nLinux version 2.6.21-ARCH (root@firefly) (gcc version 4.2.0) #1 SMP\nPREEMPT Tue Jun 12 02:55:15 CEST 2007\nCommand line: root=/dev/sda6 ro\nBIOS-provided physical RAM map:\n BIOS-e820: 0000000000000000 - 000000000009fc00 (usable)\n BIOS-e820: 000000000009fc00 - 00000000000a0000 (reserved)\n BIOS-e820: 00000000000e8000 - 0000000000100000 (reserved)\n BIOS-e820: 0000000000100000 - 000000007feb7f00 (usable)\n BIOS-e820: 000000007feb7f00 - 0000000080000000 (reserved)\n BIOS-e820: 00000000e0000000 - 00000000f0000000 (reserved)\n BIOS-e820: 00000000fec00000 - 00000000fed40000 (reserved)\n BIOS-e820: 00000000fed45000 - 0000000100000000 (reserved)\nEntering add_active_range(0, 0, 159) 0 entries of 256 used\nEntering add_active_range(0, 256, 523959) 1 entries of 256 used\nend_pfn_map = 1048576\nDMI 2.4 present.\nACPI: RSDP 000E7610, 0014 (r0 COMPAQ)\nACPI: RSDT 7FEC7F40, 0038 (r1 HPQOEM SLIC-BPC 20070518             0)\nACPI: FACP 7FEC7FE8, 0074 (r1 COMPAQ HP_RS485        1             0)\nACPI: DSDT 7FEC8343, 9268 (r1 COMPAQ DSDT_PRJ        1 MSFT  100000E)\nACPI: FACS 7FEC7F00, 0040\nACPI: APIC 7FEC805C, 0068 (r1 COMPAQ HP_RS485        1             0)\nACPI: ASF! 7FEC80C4, 0063 (r32 COMPAQ HP_RS485        1             0)\nACPI: MCFG 7FEC8127, 003C (r1 COMPAQ HP_RS485        1             0)\nACPI: TCPA 7FEC8163, 0032 (r1 COMPAQ HP_RS485        1             0)\nEntering add_active_range(0, 0, 159) 0 entries of 256 used\nEntering add_active_range(0, 256, 523959) 1 entries of 256 used\nNo mptable found.\nZone PFN ranges:\n  DMA             0 -\u003e     4096\n  DMA32        4096 -\u003e  1048576\n  Normal    1048576 -\u003e  1048576\nearly_node_map[2] active PFN ranges\n    0:        0 -\u003e      159\n    0:      256 -\u003e   523959\nOn node 0 totalpages: 523862\n  DMA zone: 56 pages used for memmap\n  DMA zone: 1076 pages reserved\n  DMA zone: 2867 pages, LIFO batch:0\n  DMA32 zone: 7107 pages used for memmap\n  DMA32 zone: 512756 pages, LIFO batch:31\n  Normal zone: 0 pages used for memmap\n\n\n6-Stable can only see 64MB of this by default. With ACPI enabled, the\nkernel panics, just like with the previously mentioned boot cds.\n\nHTH\n\nEamon Roque\n\n\n-- \nEamon Roque\nIT-Gruppe Geisteswissenschaften\nGeschwister-Scholl-Platz 1\nD-80539 MÃ¼nchen\n\nTelefon: 089/2180-2147\nTelefax: 089/2180-13543\n\nRoque@itg.uni-muenchen.de"
}