{
 "id": 1149996,
 "bug_id": 253983,
 "attachment_id": 0,
 "creation_time": "2021-03-04T15:37:53Z",
 "creator": "eimar.koort@tutamail.com",
 "text": "Hi,\n\n\"Screenshot\":\n\nU-Boot\u003e setenv devnum 0 \nU-Boot\u003e run mmc_boot\nswitch to partition #0, OK\nmmc0 is current device\nScanning mmc 0:1 ...\nFound EFI removable media binary efi/boot/bootaa64.efi\nlibfdt fdt_check_header(): FDT_ERR_BADMAGIC\nScanning disk mmc@7e300000.blk...\nDisk disk mmc@7e300000.blk not ready.\nScanning emmc2@7e340000.blk...\n** Unrecognized filesystem type **\nScanning disk usb_mass_storage.lun0...\n** Unrecognized filesystem type **\nScanning disk usb_mass_storage.lun0...\nERROR: failure to add disk device usb_mass_storage.lun0, r = 20\nEeror: Cannot initialize UEFI sub-system, r = 20\n1258028 bytes read in 72 ms (16.7 MiB/s)\nlibfdt fdt_check_header(): FDT_ERR_BADMAGIC\nError: Cannot initialize UEFI sub-system, r = 20\nEFI LOAD FAILED: continuing...\nU-Boot\u003e\n\nU-Boot\u003e setenv devnum 1\nends with booting from network"
}