{
 "id": 1225596,
 "bug_id": 266272,
 "attachment_id": 0,
 "creation_time": "2022-09-07T14:05:20Z",
 "creator": "eugene@zhegan.in",
 "text": "top on today's STABLE:\n\nlast pid:  3719;  load averages: 23,07, 23,36, 17,75                                           up 0+00:33:11  17:03:28\n40 processes:  1 running, 39 sleeping\nCPU: 12,4% user,  0,0% nice, 15,2% system,  0,4% interrupt, 72,0% idle\nMem: 16G Active, 6059M Inact, 883M Laundry, 14G Wired, 3311M Free\nARC: 9583M Total, 1377M MFU, 6691M MRU, 3403K Anon, 237M Header, 21M Other\n7543M Compressed, 16G Uncompressed, 2,14:1 Ratio\nSwap: 32G Total, 13G Used, 19G Free, 41% Inuse\n\n[...]\n\ndmesg:\n\n[root@db0-de:~]# grep memory /var/run/dmesg.boot\nreal memory  = 137434759168 (131068 MB)\navail memory = 133681565696 (127488 MB)\n\nvmstat:\n\n[root@db0-de:~]# vmstat -h\nprocs    memory    page                      disks     faults       cpu\nr  b  w  avm  fre  flt  re  pi  po   fr   sr nv0 nv1   in   sy   cs us sy id\n22  0  9 132G 3.0G  22K 2902 591 698  13K 338K 47132 15711 55073 132K 303K 13 16 72\n\nAlso reproducible on 13.0.\n\nuname:\n\nFreeBSD db0-de.findmykids.org 13.1-STABLE FreeBSD 13.1-STABLE #0 stable/13-n252309-f25bd922c97: Wed Sep  7 12:38:08 MSK2022     emz@balancer1-de.findmykids.org:/usr/obj/usr/src/amd64.amd64/sys/GENERIC amd64"
}