{
 "id": 388496,
 "bug_id": 111766,
 "attachment_id": 0,
 "creation_time": "2007-04-17T14:40:01Z",
 "creator": "alx@alx2.intellectronika.ru",
 "text": "panic: ffs_blkfree: freeing free block during heavy disk activity\n(while converting large video files, doing filesystem dump, etc.)\n\nThis appears after 6.1-R -\u003e 6.2-RC2 upgrade (with the same hardware).\n\nalx2# kgdb kernel.debug /usr/crashdump/vmcore.0\nkgdb: kvm_nlist(_stopped_cpus):\nkgdb: kvm_nlist(_stoppcbs):\n[GDB will not be able to debug user-mode threads: /usr/lib/libthread_db.so: Undefined symbol \"ps_pglobal_lookup\"]\nGNU gdb 6.1.1 [FreeBSD]\nCopyright 2004 Free Software Foundation, Inc.\nGDB is free software, covered by the GNU General Public License, and you are\nwelcome to change it and/or distribute copies of it under certain conditions.\nType \"show copying\" to see the conditions.\nThere is absolutely no warranty for GDB.  Type \"show warranty\" for details.\nThis GDB was configured as \"i386-marcel-freebsd\".\n\nUnread portion of the kernel message buffer:\ndev = ad0s1d, block = 67, fs = /var\npanic: ffs_blkfree: freeing free block\nUptime: 13d23h44m54s\nDumping 959 MB (2 chunks)\n  chunk 0: 1MB (159 pages) ... ok\n  chunk 1: 959MB (245440 pages) 943 927 911 895 879 863 847 831 815 799 783 767 751 735 719 703 687 671 655 639 623 607 591 575 559 543 527 511 495 479 463 447 431 415 399 383 367 351 335 319 303 287 271 255 239 223 207 191 175 159 143 127 111 95 79 63 47 31 15\n\n#0  doadump () at pcpu.h:165\n165             __asm __volatile(\"movl %%fs:0,%0\" : \"=r\" (td));\n(kgdb) bt full\n#0  doadump () at pcpu.h:165\nNo locals.\n#1  0xc06dd3ac in boot (howto=260) at /usr/src/sys/kern/kern_shutdown.c:409\n        first_buf_printf = 1\n#2  0xc06dd6f9 in panic (fmt=0xc098aa7b \"ffs_blkfree: freeing free block\")\n    at /usr/src/sys/kern/kern_shutdown.c:565\n        td = (struct thread *) 0xc5220900\n        bootopt = 260\n        newpanic = 0\n        ap = 0xc5220900 \"\"\n        buf = \"ffs_blkfree: freeing free block\", '\\0' \u003crepeats 224 times\u003e\n#3  0xc083f55a in ffs_blkfree (ump=0xc5481200, fs=0xc52f7800, devvp=0xc54ab440,\n    bno=67, size=16384, inum=165) at /usr/src/sys/ufs/ffs/ffs_alloc.c:1869\n        cgp = (struct cg *) 0xdb68a000\n        bp = (struct buf *) 0xd87492b8\n        fragno = 8\n        cgbno = 67\n        cgblkno = Unhandled dwarf expression opcode 0x93\n(kgdb) list *0xc083f55a\n0xc083f55a is in ffs_blkfree (/usr/src/sys/ufs/ffs/ffs_alloc.c:1869).\n1864                                    brelse(bp);\n1865                                    return;\n1866                            }\n1867                            printf(\"dev = %s, block = %jd, fs = %s\\n\",\n1868                                devtoname(dev), (intmax_t)bno, fs-\u003efs_fsmnt);\n1869                            panic(\"ffs_blkfree: freeing free block\");\n1870                    }\n1871                    ffs_setblock(fs, blksfree, fragno);\n1872                    ffs_clusteracct(ump, fs, cgp, fragno, 1);\n1873                    cgp-\u003ecg_cs.cs_nbfree++;\n\ndmesg:\n\nCopyright (c) 1992-2007 The FreeBSD Project.\nCopyright (c) 1979, 1980, 1983, 1986, 1988, 1989, 1991, 1992, 1993, 1994\n        The Regents of the University of California. All rights reserved.\nFreeBSD is a registered trademark of The FreeBSD Foundation.\nFreeBSD 6.2-RELEASE-p3 #3: Tue Apr  3 03:12:35 YEKST 2007\n    alx@alx2.intellectronika.ru:/usr/obj/usr/src/sys/MYKERNEL\nWARNING: MPSAFE network stack disabled, expect reduced performance.\nTimecounter \"i8254\" frequency 1193182 Hz quality 0\nCPU: AMD Athlon(tm) 64 Processor 3200+ (2009.16-MHz 686-class CPU)\n  Origin = \"AuthenticAMD\"  Id = 0x20ff2  Stepping = 2\n  Features=0x78bfbff\u003cFPU,VME,DE,PSE,TSC,MSR,PAE,MCE,CX8,APIC,SEP,MTRR,PGE,MCA,CMOV,PAT,PSE36,CLFLUSH,MMX,FXSR,SSE,SSE2\u003e\n  Features2=0x1\u003cSSE3\u003e\n  AMD Features=0xe2500800\u003cSYSCALL,NX,MMX+,FFXSR,LM,3DNow+,3DNow\u003e\n  AMD Features2=0x1\u003cLAHF\u003e\nreal memory  = 1006370816 (959 MB)\navail memory = 967323648 (922 MB)\nMPTable: \u003cTEMPLATE \u003e\nioapic0: Assuming intbase of 0\nioapic0 \u003cVersion 1.1\u003e irqs 0-23 on motherboard\nkbd1 at kbdmux0\n    ACPI-0397: *** Error: NsSearchAndEnter: Bad character in ACPI Name: 43035350\n    ACPI-0381: *** Error: Looking up [0x43035350] (NON-ASCII)\n in namespace, AE_BAD_CHARACTER\n    ACPI-0204: *** Error: AcpiLoadTables: Could not load namespace: AE_BAD_CHARACTER\n    ACPI-0213: *** Error: AcpiLoadTables: Could not load tables: AE_BAD_CHARACTER\nACPI: table load failed: AE_BAD_CHARACTER\ncpu0 on motherboard\npcib0: \u003cMPTable Host-PCI bridge\u003e pcibus 0 on motherboard\npci0: \u003cPCI bus\u003e on pcib0\npci0: \u003cmemory, RAM\u003e at device 0.0 (no driver attached)\npci0: \u003cmemory, RAM\u003e at device 0.1 (no driver attached)\npci0: \u003cmemory, RAM\u003e at device 0.2 (no driver attached)\npci0: \u003cmemory, RAM\u003e at device 0.3 (no driver attached)\npci0: \u003cmemory, RAM\u003e at device 0.4 (no driver attached)\npci0: \u003cmemory, RAM\u003e at device 0.5 (no driver attached)\npci0: \u003cmemory, RAM\u003e at device 0.6 (no driver attached)\npci0: \u003cmemory, RAM\u003e at device 0.7 (no driver attached)\npcib1: \u003cPCI-PCI bridge\u003e at device 2.0 on pci0\npci1: \u003cPCI bus\u003e on pcib1\npcib2: \u003cPCI-PCI bridge\u003e at device 3.0 on pci0\npci2: \u003cPCI bus\u003e on pcib2\npcib3: \u003cPCI-PCI bridge\u003e at device 4.0 on pci0\npci3: \u003cPCI bus\u003e on pcib3\nnvidia0: \u003cGeForce 6100\u003e mem 0xfd000000-0xfdffffff,0xd0000000-0xdfffffff,0xfc000000-0xfcffffff irq 11 at device 5.0 on pci0\nnvidia0: [GIANT-LOCKED]\npci0: \u003cmemory, RAM\u003e at device 9.0 (no driver attached)\nisab0: \u003cPCI-ISA bridge\u003e at device 10.0 on pci0\nisa0: \u003cISA bus\u003e on isab0\npci0: \u003cserial bus, SMBus\u003e at device 10.1 (no driver attached)\nohci0: \u003cOHCI (generic) USB controller\u003e mem 0xfebde000-0xfebdefff irq 5 at device 11.0 on pci0\nohci0: [GIANT-LOCKED]\nusb0: OHCI version 1.0, legacy support\nusb0: SMM does not respond, resetting\nusb0: \u003cOHCI (generic) USB controller\u003e on ohci0\nusb0: USB revision 1.0\nuhub0: nVidia OHCI root hub, class 9/0, rev 1.00/1.00, addr 1\nuhub0: 8 ports with 8 removable, self powered\nehci0: \u003cEHCI (generic) USB 2.0 controller\u003e mem 0xfebdfc00-0xfebdfcff irq 5 at device 11.1 on pci0\nehci0: [GIANT-LOCKED]\nusb1: EHCI version 1.0\nusb1: companion controller, 8 ports each: usb0\nusb1: \u003cEHCI (generic) USB 2.0 controller\u003e on ehci0\nusb1: USB revision 2.0\nuhub1: nVidia EHCI root hub, class 9/0, rev 2.00/1.00, addr 1\nuhub1: 8 ports with 8 removable, self powered\numass0: Myson Century, Inc. CS8819A2-105, rev 2.00/a2.04, addr 2\natapci0: \u003cnVidia nForce MCP51 UDMA133 controller\u003e port 0x1f0-0x1f7,0x3f6,0x170-0x177,0x376,0xffa0-0xffaf at device 13.0 on pci0\nata0: \u003cATA channel 0\u003e on atapci0\nata1: \u003cATA channel 1\u003e on atapci0\npcib4: \u003cPCI-PCI bridge\u003e at device 16.0 on pci0\npci4: \u003cPCI bus\u003e on pcib4\npcm0: \u003cNVidia MCP51 High Definition Audio Controller\u003e mem 0xfebd8000-0xfebdbfff irq 5 at device 16.1 on pci0\nnve0: \u003cNVIDIA nForce MCP13 Networking Adapter\u003e port 0xdc00-0xdc07 mem 0xfebdc000-0xfebdcfff irq 5 at device 20.0 on pci0\nnve0: Ethernet address 00:15:f2:5a:6c:da\nmiibus0: \u003cMII bus\u003e on nve0\nrlphy0: \u003cRTL8201L 10/100 media interface\u003e on miibus0\nrlphy0:  10baseT, 10baseT-FDX, 100baseTX, 100baseTX-FDX, auto\nnve0: Ethernet address: 00:15:f2:5a:6c:da\nnve0: [GIANT-LOCKED]\npmtimer0 on isa0\natkbdc0: \u003cKeyboard controller (i8042)\u003e at port 0x60,0x64 on isa0\natkbd0: \u003cAT Keyboard\u003e irq 1 on atkbdc0\nkbd0 at atkbd0\natkbd0: [GIANT-LOCKED]\npsm0: \u003cPS/2 Mouse\u003e irq 12 on atkbdc0\npsm0: [GIANT-LOCKED]\npsm0: model IntelliMouse, device ID 3\nfdc0: \u003cEnhanced floppy controller\u003e at port 0x3f0-0x3f5,0x3f7 irq 6 drq 2 on isa0\nfdc0: [FAST]\nppc0: \u003cParallel port\u003e at port 0x378-0x37f irq 7 on isa0\nppc0: SMC-like chipset (ECP/EPP/PS2/NIBBLE) in COMPATIBLE mode\nppc0: FIFO with 16/16/9 bytes threshold\nppbus0: \u003cParallel port bus\u003e on ppc0\nplip0: \u003cPLIP network interface\u003e on ppbus0\nlpt0: \u003cPrinter\u003e on ppbus0\nlpt0: Interrupt-driven port\nppi0: \u003cParallel I/O\u003e on ppbus0\nsc0: \u003cSystem console\u003e at flags 0x100 on isa0\nsc0: VGA \u003c16 virtual consoles, flags=0x300\u003e\nsio0: configured irq 4 not in bitmap of probed irqs 0\nsio0: port may not be enabled\nsio0 at port 0x3f8-0x3ff irq 4 flags 0x10 on isa0\nsio0: type 16550A\nsio1: configured irq 3 not in bitmap of probed irqs 0\nsio1: port may not be enabled\nvga0: \u003cGeneric ISA VGA\u003e at port 0x3c0-0x3df iomem 0xa0000-0xbffff on isa0\nunknown: \u003cPNP0c01\u003e can't assign resources (memory)\nunknown: \u003cPNP0700\u003e can't assign resources (port)\nunknown: \u003cPNP0401\u003e can't assign resources (port)\nunknown: \u003cPNP0c02\u003e can't assign resources (port)\nucom0: vendor 0x067b product 0x2303, rev 1.10/2.02, addr 2\nulpt0: HP Photosmart 8000 series, rev 2.00/1.00, addr 3, iclass 7/1\nulpt0: using bi-directional mode\numass1: HP Photosmart 8000 series, rev 2.00/1.00, addr 3\nugen0: American Power Conversion Back-UPS CS 350 FW:807.q5.I USB FW:q5, rev 1.10/0.06, addr 4\nTimecounter \"TSC\" frequency 2009158022 Hz quality 800\nTimecounters tick every 1.000 msec\nipfw2 (+ipv6) initialized, divert loadable, rule-based forwarding enabled, default to deny, logging limited to 100 packets/entry by default\nad0: 19092MB \u003cSeagate ST320014A 3.07\u003e at ata0-master UDMA100\nacd0: DVDROM \u003cDVD-ROM DDU1621/VER S1.6\u003e at ata1-master UDMA33\nacd1: DVDR \u003cNEC DVD RW ND-3500AG/2.16\u003e at ata1-slave UDMA33\npcm0: \u003cHDA Codec: Analog Device AD1986A\u003e\npcm0: \u003cHDA Driver Revision: 20061210_0037\u003e\ncd0 at ata1 bus 0 target 0 lun 0\ncd0: \u003cSONY DVD-ROM DDU1621 S1.6\u003e Removable CD-ROM SCSI-0 device\ncd0: 33.000MB/s transfers\ncd0: Attempt to query device size failed: NOT READY, Medium not present\ncd1 at ata1 bus 0 target 1 lun 0\ncd1: \u003c_NEC DVD_RW ND-3500AG 2.16\u003e Removable CD-ROM SCSI-0 device\ncd1: 33.000MB/s transfers\ncd1: Attempt to query device size failed: NOT READY, Medium not present\nda0 at umass-sim0 bus 0 target 0 lun 0\nda0: \u003cMyson CS8819A2-105  00 1.01\u003e Removable Direct Access SCSI-0 device\nda0: 40.000MB/s transfers\nda0: Attempt to query device size failed: NOT READY, Medium not present\nda4 at umass-sim1 bus 1 target 0 lun 0\nda4: \u003cHP Photosmart 8000 1.00\u003e Removable Direct Access SCSI-2 device\nda4: 1.000MB/s transfers\nda4: Attempt to query device size failed: NOT READY, Medium not present\nda1 at umass-sim0 bus 0 target 0 lun 1\nda1: \u003cMyson CS8819A2-105  10 1.01\u003e Removable Direct Access SCSI-0 device\nda1: 40.000MB/s transfers\nda1: Attempt to query device size failed: NOT READY, Medium not present\nda2 at umass-sim0 bus 0 target 0 lun 2\nda2: \u003cMyson CS8819A2-105  20 1.01\u003e Removable Direct Access SCSI-0 device\nda2: 40.000MB/s transfers\nda2: Attempt to query device size failed: NOT READY, Medium not present\nda3 at umass-sim0 bus 0 target 0 lun 3\nda3: \u003cMyson CS8819A2-105  30 1.01\u003e Removable Direct Access SCSI-0 device\nda3: 40.000MB/s transfers\nda3: Attempt to query device size failed: NOT READY, Medium not present\n(da0:umass-sim0:0:0:0): READ CAPACITY. CDB: 25 0 0 0 0 0 0 0 0 0\n(da0:umass-sim0:0:0:0): CAM Status: SCSI Status Error\n(da0:umass-sim0:0:0:0): SCSI Status: Check Condition\n(da0:umass-sim0:0:0:0): NOT READY asc:3a,0\n(da0:umass-sim0:0:0:0): Medium not present\n(da0:umass-sim0:0:0:0): Unretryable error\nOpened disk da0 -\u003e 6\n(da0:umass-sim0:0:0:0): READ CAPACITY. CDB: 25 0 0 0 0 0 0 0 0 0\n(da0:umass-sim0:0:0:0): CAM Status: SCSI Status Error\n(da0:umass-sim0:0:0:0): SCSI Status: Check Condition\n(da0:umass-sim0:0:0:0): NOT READY asc:3a,0\n(da0:umass-sim0:0:0:0): Medium not present\n(da0:umass-sim0:0:0:0): Unretryable error\nOpened disk da0 -\u003e 6\n(da0:umass-sim0:0:0:0): READ CAPACITY. CDB: 25 0 0 0 0 0 0 0 0 0\n(da0:umass-sim0:0:0:0): CAM Status: SCSI Status Error\n(da0:umass-sim0:0:0:0): SCSI Status: Check Condition\n(da0:umass-sim0:0:0:0): NOT READY asc:3a,0\n(da0:umass-sim0:0:0:0): Medium not present\n(da0:umass-sim0:0:0:0): Unretryable error\nOpened disk da0 -\u003e 6\n(da1:umass-sim0:0:0:1): READ CAPACITY. CDB: 25 20 0 0 0 0 0 0 0 0\n(da1:umass-sim0:0:0:1): CAM Status: SCSI Status Error\n(da1:umass-sim0:0:0:1): SCSI Status: Check Condition\n(da1:umass-sim0:0:0:1): NOT READY asc:3a,0\n(da1:umass-sim0:0:0:1): Medium not present\n(da1:umass-sim0:0:0:1): Unretryable error\nOpened disk da1 -\u003e 6\n(da1:umass-sim0:0:0:1): READ CAPACITY. CDB: 25 20 0 0 0 0 0 0 0 0\n(da1:umass-sim0:0:0:1): CAM Status: SCSI Status Error\n(da1:umass-sim0:0:0:1): SCSI Status: Check Condition\n(da1:umass-sim0:0:0:1): NOT READY asc:3a,0\n(da1:umass-sim0:0:0:1): Medium not present\n(da1:umass-sim0:0:0:1): Unretryable error\nOpened disk da1 -\u003e 6\n(da1:umass-sim0:0:0:1): READ CAPACITY. CDB: 25 20 0 0 0 0 0 0 0 0\n(da1:umass-sim0:0:0:1): CAM Status: SCSI Status Error\n(da1:umass-sim0:0:0:1): SCSI Status: Check Condition\n(da1:umass-sim0:0:0:1): NOT READY asc:3a,0\n(da1:umass-sim0:0:0:1): Medium not present\n(da1:umass-sim0:0:0:1): Unretryable error\nOpened disk da1 -\u003e 6\n(da2:umass-sim0:0:0:2): READ CAPACITY. CDB: 25 40 0 0 0 0 0 0 0 0\n(da2:umass-sim0:0:0:2): CAM Status: SCSI Status Error\n(da2:umass-sim0:0:0:2): SCSI Status: Check Condition\n(da2:umass-sim0:0:0:2): NOT READY asc:3a,0\n(da2:umass-sim0:0:0:2): Medium not present\n(da2:umass-sim0:0:0:2): Unretryable error\nOpened disk da2 -\u003e 6\n(da2:umass-sim0:0:0:2): READ CAPACITY. CDB: 25 40 0 0 0 0 0 0 0 0\n(da2:umass-sim0:0:0:2): CAM Status: SCSI Status Error\n(da2:umass-sim0:0:0:2): SCSI Status: Check Condition\n(da2:umass-sim0:0:0:2): NOT READY asc:3a,0\n(da2:umass-sim0:0:0:2): Medium not present\n(da2:umass-sim0:0:0:2): Unretryable error\nOpened disk da2 -\u003e 6\n(da2:umass-sim0:0:0:2): READ CAPACITY. CDB: 25 40 0 0 0 0 0 0 0 0\n(da2:umass-sim0:0:0:2): CAM Status: SCSI Status Error\n(da2:umass-sim0:0:0:2): SCSI Status: Check Condition\n(da2:umass-sim0:0:0:2): NOT READY asc:3a,0\n(da2:umass-sim0:0:0:2): Medium not present\n(da2:umass-sim0:0:0:2): Unretryable error\nOpened disk da2 -\u003e 6\n(da3:umass-sim0:0:0:3): READ CAPACITY. CDB: 25 60 0 0 0 0 0 0 0 0\n(da3:umass-sim0:0:0:3): CAM Status: SCSI Status Error\n(da3:umass-sim0:0:0:3): SCSI Status: Check Condition\n(da3:umass-sim0:0:0:3): NOT READY asc:3a,0\n(da3:umass-sim0:0:0:3): Medium not present\n(da3:umass-sim0:0:0:3): Unretryable error\nOpened disk da3 -\u003e 6\n(da3:umass-sim0:0:0:3): READ CAPACITY. CDB: 25 60 0 0 0 0 0 0 0 0\n(da3:umass-sim0:0:0:3): CAM Status: SCSI Status Error\n(da3:umass-sim0:0:0:3): SCSI Status: Check Condition\n(da3:umass-sim0:0:0:3): NOT READY asc:3a,0\n(da3:umass-sim0:0:0:3): Medium not present\n(da3:umass-sim0:0:0:3): Unretryable error\nOpened disk da3 -\u003e 6\n(da3:umass-sim0:0:0:3): READ CAPACITY. CDB: 25 60 0 0 0 0 0 0 0 0\n(da3:umass-sim0:0:0:3): CAM Status: SCSI Status Error\n(da3:umass-sim0:0:0:3): SCSI Status: Check Condition\n(da3:umass-sim0:0:0:3): NOT READY asc:3a,0\n(da3:umass-sim0:0:0:3): Medium not present\n(da3:umass-sim0:0:0:3): Unretryable error\nOpened disk da3 -\u003e 6\n(da4:umass-sim1:1:0:0): READ CAPACITY. CDB: 25 0 0 0 0 0 0 0 0 0\n(da4:umass-sim1:1:0:0): CAM Status: SCSI Status Error\n(da4:umass-sim1:1:0:0): SCSI Status: Check Condition\n(da4:umass-sim1:1:0:0): NOT READY asc:3a,0\n(da4:umass-sim1:1:0:0): Medium not present\n(da4:umass-sim1:1:0:0): Unretryable error\nOpened disk da4 -\u003e 6\n(da4:umass-sim1:1:0:0): READ CAPACITY. CDB: 25 0 0 0 0 0 0 0 0 0\n(da4:umass-sim1:1:0:0): CAM Status: SCSI Status Error\n(da4:umass-sim1:1:0:0): SCSI Status: Check Condition\n(da4:umass-sim1:1:0:0): NOT READY asc:3a,0\n(da4:umass-sim1:1:0:0): Medium not present\n(da4:umass-sim1:1:0:0): Unretryable error\nOpened disk da4 -\u003e 6\n(da4:umass-sim1:1:0:0): READ CAPACITY. CDB: 25 0 0 0 0 0 0 0 0 0\n(da4:umass-sim1:1:0:0): CAM Status: SCSI Status Error\n(da4:umass-sim1:1:0:0): SCSI Status: Check Condition\n(da4:umass-sim1:1:0:0): NOT READY asc:3a,0\n(da4:umass-sim1:1:0:0): Medium not present\n(da4:umass-sim1:1:0:0): Unretryable error\nOpened disk da4 -\u003e 6\nTrying to mount root from ufs:/dev/ad0s1a\nWARNING: / was not properly dismounted\n\nHow-To-Repeat: Make heavy filesystem load."
}