{
 "id": 348784,
 "bug_id": 103256,
 "attachment_id": 0,
 "creation_time": "2006-10-01T01:38:27Z",
 "creator": "robert.edmonds@gmail.com",
 "text": "Hello,\n\nI can confirm this problem on an SMP amd64 machine (Core 2 Duo,\nSupermicro PDSMI+ motherboard) with built-in Intel 82573V and 82573E\nPCI-Express gigabit NICs and an Intel 82545GM PCI-X gigabit card.\n\nBoth 6.1 and 6.2-BETA1 exhibit the same behavior: starting a download\n(e.g., portsnap fetch) is enough to trigger the timeout and a loss of\nconnectivity on the PCI-E NICs, but not the PCI-X one.\n\nThe 82545GM card works fine without debug.mpsafenet=0, but the 82573s\nwill only work with debug.mpsafenet=0.  I have several of these servers\nwhich are not in production, so I can test whatever patches may be\nnecessary.  \n\nOutput of pciconf -lv and dmesg follow.\n\nhostb0@pci0:0:0:\tclass=0x060000 card=0x798015d9 chip=0x27788086 rev=0xc0 hdr=0x00\n    vendor   = 'Intel Corporation'\n    device   = 'Server Memory Controller Hub'\n    class    = bridge\n    subclass = HOST-PCI\npcib1@pci0:1:0:\tclass=0x060400 card=0x00000088 chip=0x27798086 rev=0xc0 hdr=0x01\n    vendor   = 'Intel Corporation'\n    device   = 'PCI Express Root Port'\n    class    = bridge\n    subclass = PCI-PCI\npcib2@pci0:28:0:\tclass=0x060400 card=0x00000040 chip=0x27d08086 rev=0x01 hdr=0x01\n    vendor   = 'Intel Corporation'\n    device   = '82801G (ICH7 Family) PCI Express Root Port'\n    class    = bridge\n    subclass = PCI-PCI\npcib4@pci0:28:4:\tclass=0x060400 card=0x00000040 chip=0x27e08086 rev=0x01 hdr=0x01\n    vendor   = 'Intel Corporation'\n    device   = '82801GR/GH/GHM (ICH7 Family) PCI Express Root Port'\n    class    = bridge\n    subclass = PCI-PCI\npcib5@pci0:28:5:\tclass=0x060400 card=0x00000040 chip=0x27e28086 rev=0x01 hdr=0x01\n    vendor   = 'Intel Corporation'\n    device   = '82801GR/GH/GHM (ICH7 Family) PCI Express Root Port'\n    class    = bridge\n    subclass = PCI-PCI\nuhci0@pci0:29:0:\tclass=0x0c0300 card=0x798015d9 chip=0x27c88086 rev=0x01 hdr=0x00\n    vendor   = 'Intel Corporation'\n    device   = '82801G (ICH7 Family) USB Universal Host Controller'\n    class    = serial bus\n    subclass = USB\nuhci1@pci0:29:1:\tclass=0x0c0300 card=0x798015d9 chip=0x27c98086 rev=0x01 hdr=0x00\n    vendor   = 'Intel Corporation'\n    device   = '82801G (ICH7 Family) USB Universal Host Controller'\n    class    = serial bus\n    subclass = USB\nuhci2@pci0:29:2:\tclass=0x0c0300 card=0x798015d9 chip=0x27ca8086 rev=0x01 hdr=0x00\n    vendor   = 'Intel Corporation'\n    device   = '82801G (ICH7 Family) USB Universal Host Controller'\n    class    = serial bus\n    subclass = USB\nuhci3@pci0:29:3:\tclass=0x0c0300 card=0x798015d9 chip=0x27cb8086 rev=0x01 hdr=0x00\n    vendor   = 'Intel Corporation'\n    device   = '82801G (ICH7 Family) USB Universal Host Controller'\n    class    = serial bus\n    subclass = USB\nehci0@pci0:29:7:\tclass=0x0c0320 card=0x798015d9 chip=0x27cc8086 rev=0x01 hdr=0x00\n    vendor   = 'Intel Corporation'\n    device   = '82801G (ICH7 Family) USB 2.0 Enhanced Host Controller'\n    class    = serial bus\n    subclass = USB\npcib6@pci0:30:0:\tclass=0x060401 card=0x00000050 chip=0x244e8086 rev=0xe1 hdr=0x01\n    vendor   = 'Intel Corporation'\n    device   = '82801BA/CA/DB/DBL/EB/ER/FB (ICH2/3/4/4/5/5/6), 6300ESB Hub Interface to PCI Bridge'\n    class    = bridge\n    subclass = PCI-PCI\nisab0@pci0:31:0:\tclass=0x060100 card=0x798015d9 chip=0x27b88086 rev=0x01 hdr=0x00\n    vendor   = 'Intel Corporation'\n    device   = '82801GB/GR (ICH7 Family) LPC Interface Controller'\n    class    = bridge\n    subclass = PCI-ISA\natapci0@pci0:31:1:\tclass=0x01018a card=0x798015d9 chip=0x27df8086 rev=0x01 hdr=0x00\n    vendor   = 'Intel Corporation'\n    device   = '82801G (ICH7 Family) Ultra ATA Storage Controller'\n    class    = mass storage\n    subclass = ATA\natapci1@pci0:31:2:\tclass=0x01018f card=0x798015d9 chip=0x27c08086 rev=0x01 hdr=0x00\n    vendor   = 'Intel Corporation'\n    device   = '82801GB/GR/GH (ICH7 Family) Serial ATA Storage Controller'\n    class    = mass storage\n    subclass = ATA\nnone0@pci0:31:3:\tclass=0x0c0500 card=0x798015d9 chip=0x27da8086 rev=0x01 hdr=0x00\n    vendor   = 'Intel Corporation'\n    device   = '82801G (ICH7 Family) SMBus Controller'\n    class    = serial bus\n    subclass = SMBus\npcib3@pci9:0:0:\tclass=0x060400 card=0x00000044 chip=0x032c8086 rev=0x09 hdr=0x01\n    vendor   = 'Intel Corporation'\n    device   = '6702PXH PCI Express-to-PCI Express Bridge'\n    class    = bridge\n    subclass = PCI-PCI\nnone1@pci9:0:1:\tclass=0x080020 card=0x798015d9 chip=0x03268086 rev=0x09 hdr=0x00\n    vendor   = 'Intel Corporation'\n    device   = 'PCI Bridge Hub I/OxAPIC Interrupt Controller A'\n    class    = base peripheral\n    subclass = interrupt controller\nem0@pci10:1:0:\tclass=0x020000 card=0x10018086 chip=0x10268086 rev=0x04 hdr=0x00\n    vendor   = 'Intel Corporation'\n    device   = '82545GM Gigabit Ethernet Controller'\n    class    = network\n    subclass = ethernet\nem1@pci13:0:0:\tclass=0x020000 card=0x108c15d9 chip=0x108c8086 rev=0x03 hdr=0x00\n    vendor   = 'Intel Corporation'\n    device   = 'PRO/1000 PM'\n    class    = network\n    subclass = ethernet\nem2@pci14:0:0:\tclass=0x020000 card=0x109a15d9 chip=0x109a8086 rev=0x00 hdr=0x00\n    vendor   = 'Intel Corporation'\n    class    = network\n    subclass = ethernet\nnone2@pci15:0:0:\tclass=0x030000 card=0x515e1002 chip=0x515e1002 rev=0x02 hdr=0x00\n    vendor   = 'ATI Technologies Inc'\n    class    = display\n    subclass = VGA\n\nCopyright (c) 1992-2006 The FreeBSD Project.\nCopyright (c) 1979, 1980, 1983, 1986, 1988, 1989, 1991, 1992, 1993, 1994\n\tThe Regents of the University of California. All rights reserved.\nFreeBSD 6.2-BETA1 #0: Mon Sep 18 15:00:58 UTC 2006\n    root@meyers.cse.buffalo.edu:/usr/obj/usr/src/sys/SMP\nWARNING: MPSAFE network stack disabled, expect reduced performance.\nACPI APIC Table: \u003cPTLTD  \t APIC  \u003e\nTimecounter \"i8254\" frequency 1193182 Hz quality 0\nCPU: Intel(R) Core(TM)2 CPU          6300  @ 1.86GHz (1862.01-MHz K8-class CPU)\n  Origin = \"GenuineIntel\"  Id = 0x6f6  Stepping = 6\n  Features=0xbfebfbff\u003cFPU,VME,DE,PSE,TSC,MSR,PAE,MCE,CX8,APIC,SEP,MTRR,PGE,MCA,CMOV,PAT,PSE36,CLFLUSH,DTS,ACPI,MMX,FXSR,SSE,SSE2,SS,HTT,TM,PBE\u003e\n  Features2=0xe3bd\u003cSSE3,RSVD2,MON,DS_CPL,VMX,EST,TM2,\u003cb9\u003e,CX16,\u003cb14\u003e,\u003cb15\u003e\u003e\n  AMD Features=0x20100800\u003cSYSCALL,NX,LM\u003e\n  AMD Features2=0x1\u003cLAHF\u003e\n  Cores per package: 2\nreal memory  = 535691264 (510 MB)\navail memory = 504504320 (481 MB)\nFreeBSD/SMP: Multiprocessor System Detected: 2 CPUs\n cpu0 (BSP): APIC ID:  0\n cpu1 (AP): APIC ID:  1\nioapic0 \u003cVersion 2.0\u003e irqs 0-23 on motherboard\nioapic1 \u003cVersion 2.0\u003e irqs 24-47 on motherboard\nkbd1 at kbdmux0\nath_hal: 0.9.17.2 (AR5210, AR5211, AR5212, RF5111, RF5112, RF2413, RF5413)\nacpi0: \u003cPTLTD   RSDT\u003e on motherboard\nacpi0: Power Button (fixed)\nTimecounter \"ACPI-fast\" frequency 3579545 Hz quality 1000\nacpi_timer0: \u003c24-bit timer at 3.579545MHz\u003e port 0x1008-0x100b on acpi0\ncpu0: \u003cACPI CPU\u003e on acpi0\nacpi_throttle0: \u003cACPI CPU Throttling\u003e on cpu0\ncpu1: \u003cACPI CPU\u003e on acpi0\nacpi_throttle1: \u003cACPI CPU Throttling\u003e on cpu1\nacpi_throttle1: failed to attach P_CNT\ndevice_attach: acpi_throttle1 attach returned 6\npcib0: \u003cACPI Host-PCI bridge\u003e port 0xcf8-0xcff on acpi0\npci0: \u003cACPI PCI bus\u003e on pcib0\npcib1: \u003cACPI PCI-PCI bridge\u003e irq 16 at device 1.0 on pci0\npci1: \u003cACPI PCI bus\u003e on pcib1\npcib2: \u003cACPI PCI-PCI bridge\u003e irq 17 at device 28.0 on pci0\npci9: \u003cACPI PCI bus\u003e on pcib2\npcib3: \u003cACPI PCI-PCI bridge\u003e at device 0.0 on pci9\npci10: \u003cACPI PCI bus\u003e on pcib3\nem0: \u003cIntel(R) PRO/1000 Network Connection Version - 6.1.4\u003e port 0x4000-0x403f mem 0xe0240000-0xe025ffff,0xe0200000-0xe023ffff irq 24 at device 1.0 on pci10\nem0: Ethernet address: 00:04:23:d0:4b:aa\nem0: [FAST]\npci9: \u003cbase peripheral, interrupt controller\u003e at device 0.1 (no driver attached)\npcib4: \u003cACPI PCI-PCI bridge\u003e irq 17 at device 28.4 on pci0\npci13: \u003cACPI PCI bus\u003e on pcib4\nem1: \u003cIntel(R) PRO/1000 Network Connection Version - 6.1.4\u003e port 0x5000-0x501f mem 0xe0300000-0xe031ffff irq 16 at device 0.0 on pci13\nem1: Ethernet address: 00:30:48:89:c9:ea\nem1: [FAST]\npcib5: \u003cACPI PCI-PCI bridge\u003e irq 16 at device 28.5 on pci0\npci14: \u003cACPI PCI bus\u003e on pcib5\nem2: \u003cIntel(R) PRO/1000 Network Connection Version - 6.1.4\u003e port 0x6000-0x601f mem 0xe0400000-0xe041ffff irq 17 at device 0.0 on pci14\nem2: Ethernet address: 00:30:48:89:c9:eb\nem2: [FAST]\nuhci0: \u003cUHCI (generic) USB controller\u003e port 0x3000-0x301f irq 23 at device 29.0 on pci0\nuhci0: [GIANT-LOCKED]\nusb0: \u003cUHCI (generic) USB controller\u003e on uhci0\nusb0: USB revision 1.0\nuhub0: Intel UHCI root hub, class 9/0, rev 1.00/1.00, addr 1\nuhub0: 2 ports with 2 removable, self powered\nuhci1: \u003cUHCI (generic) USB controller\u003e port 0x3020-0x303f irq 19 at device 29.1 on pci0\nuhci1: [GIANT-LOCKED]\nusb1: \u003cUHCI (generic) USB controller\u003e on uhci1\nusb1: USB revision 1.0\nuhub1: Intel UHCI root hub, class 9/0, rev 1.00/1.00, addr 1\nuhub1: 2 ports with 2 removable, self powered\nuhci2: \u003cUHCI (generic) USB controller\u003e port 0x3040-0x305f irq 18 at device 29.2 on pci0\nuhci2: [GIANT-LOCKED]\nusb2: \u003cUHCI (generic) USB controller\u003e on uhci2\nusb2: USB revision 1.0\nuhub2: Intel UHCI root hub, class 9/0, rev 1.00/1.00, addr 1\nuhub2: 2 ports with 2 removable, self powered\nuhci3: \u003cUHCI (generic) USB controller\u003e port 0x3060-0x307f irq 16 at device 29.3 on pci0\nuhci3: [GIANT-LOCKED]\nusb3: \u003cUHCI (generic) USB controller\u003e on uhci3\nusb3: USB revision 1.0\nuhub3: Intel UHCI root hub, class 9/0, rev 1.00/1.00, addr 1\nuhub3: 2 ports with 2 removable, self powered\nehci0: \u003cIntel 82801GB/R (ICH7) USB 2.0 controller\u003e mem 0xe0000000-0xe00003ff irq 23 at device 29.7 on pci0\nehci0: [GIANT-LOCKED]\nusb4: EHCI version 1.0\nusb4: companion controllers, 2 ports each: usb0 usb1 usb2 usb3\nusb4: \u003cIntel 82801GB/R (ICH7) USB 2.0 controller\u003e on ehci0\nusb4: USB revision 2.0\nuhub4: Intel EHCI root hub, class 9/0, rev 2.00/1.00, addr 1\nuhub4: 8 ports with 8 removable, self powered\npcib6: \u003cACPI PCI-PCI bridge\u003e at device 30.0 on pci0\npci15: \u003cACPI PCI bus\u003e on pcib6\npci15: \u003cdisplay, VGA\u003e at device 0.0 (no driver attached)\nisab0: \u003cPCI-ISA bridge\u003e at device 31.0 on pci0\nisa0: \u003cISA bus\u003e on isab0\natapci0: \u003cIntel ICH7 UDMA100 controller\u003e port 0x1f0-0x1f7,0x3f6,0x170-0x177,0x376,0x30a0-0x30af at device 31.1 on pci0\nata0: \u003cATA channel 0\u003e on atapci0\nata1: \u003cATA channel 1\u003e on atapci0\natapci1: \u003cIntel ICH7 SATA300 controller\u003e port 0x30e8-0x30ef,0x30dc-0x30df,0x30e0-0x30e7,0x30d8-0x30db,0x30b0-0x30bf mem 0xe0000400-0xe00007ff irq 19 at device 31.2 on pci0\nata2: \u003cATA channel 0\u003e on atapci1\nata3: \u003cATA channel 1\u003e on atapci1\npci0: \u003cserial bus, SMBus\u003e at device 31.3 (no driver attached)\nacpi_button0: \u003cPower Button\u003e on acpi0\natkbdc0: \u003cKeyboard controller (i8042)\u003e port 0x60,0x64 irq 1 on acpi0\natkbd0: \u003cAT Keyboard\u003e flags 0x1 irq 1 on atkbdc0\nkbd0 at atkbd0\natkbd0: [GIANT-LOCKED]\nsio0: \u003c16550A-compatible COM port\u003e port 0x3f8-0x3ff irq 4 flags 0x10 on acpi0\nsio0: type 16550A\nsio1: \u003c16550A-compatible COM port\u003e port 0x2f8-0x2ff irq 3 on acpi0\nsio1: type 16550A\nppc0: \u003cECP parallel printer port\u003e port 0x378-0x37f,0x778-0x77f irq 7 drq 3 on acpi0\nppc0: SMC-like chipset (ECP/EPP/PS2/NIBBLE) in COMPATIBLE mode\nppc0: FIFO with 16/16/9 bytes threshold\nppbus0: \u003cParallel port bus\u003e on ppc0\nplip0: \u003cPLIP network interface\u003e on ppbus0\nlpt0: \u003cPrinter\u003e on ppbus0\nlpt0: Interrupt-driven port\nppi0: \u003cParallel I/O\u003e on ppbus0\norm0: \u003cISA Option ROM\u003e at iomem 0xc0000-0xcafff on isa0\nsc0: \u003cSystem console\u003e at flags 0x100 on isa0\nsc0: VGA \u003c16 virtual consoles, flags=0x300\u003e\nvga0: \u003cGeneric ISA VGA\u003e at port 0x3c0-0x3df iomem 0xa0000-0xbffff on isa0\nTimecounters tick every 1.000 msec\nad4: 239372MB \u003cWDC WD2500YD-01NVB1 10.02E01\u003e at ata2-master SATA150\nSMP: AP CPU #1 Launched!\nTrying to mount root from ufs:/dev/ad4s1a\nem1: link state changed to UP\n\n-- \nRobert Edmonds\nrobert.edmonds@gmail.com"
}