{
 "id": 348777,
 "bug_id": 103256,
 "attachment_id": 0,
 "creation_time": "2006-09-14T09:50:11Z",
 "creator": "imriz@co.zahav.net.il",
 "text": "I've recently upgraded my 6.0-STABLE machine to 6.1-STABLE, and since the upgrade i'm getting \"em0: watchdog timeout -- resetting\" messages every once in a while (sometimes twice a day, sometimes every couple of days). This causes the machine to be unstable, network-wise (connections being dropped, etc.)\n\nSep 14 06:35:41 wintergreen kernel: em0: watchdog timeout -- resetting\nSep 14 06:35:41 wintergreen kernel: em0: link state changed to DOWN\nSep 14 06:35:42 wintergreen kernel: em0: link state changed to UP\n\n\ni've found this discussion on freebsd-stable (http://www.mail-archive.com/freebsd-stable@freebsd.org/msg81865.html) indicating that i am not the only one suffering from this issue.\n\nthe output of pciconf -l -v:\nhostb0@pci0:0:0:        class=0x060000 card=0x00000000 chip=0x00141166 rev=0x33 hdr=0x00\n    vendor   = 'ServerWorks (Was: Reliance Computer Corp)'\n    device   = 'CNB20-HE Host Bridge'\n    class    = bridge\n    subclass = HOST-PCI\nhostb1@pci0:0:1:        class=0x060000 card=0x00000000 chip=0x00141166 rev=0x00 hdr=0x00\n    vendor   = 'ServerWorks (Was: Reliance Computer Corp)'\n    device   = 'CNB20-HE Host Bridge'\n    class    = bridge\n    subclass = HOST-PCI\nhostb2@pci0:0:2:        class=0x060000 card=0x00000000 chip=0x00141166 rev=0x00 hdr=0x00\n    vendor   = 'ServerWorks (Was: Reliance Computer Corp)'\n    device   = 'CNB20-HE Host Bridge'\n    class    = bridge\n    subclass = HOST-PCI\nnone0@pci0:6:0: class=0x030000 card=0x02401014 chip=0x47521002 rev=0x27 hdr=0x00\n    vendor   = 'ATI Technologies Inc'\n    device   = 'Rage XL PCI'\n    class    = display\n    subclass = VGA\nhostb3@pci0:15:0:       class=0x060000 card=0x02011166 chip=0x02011166 rev=0x93 hdr=0x00\n    vendor   = 'ServerWorks (Was: Reliance Computer Corp)'\n    device   = 'CSB5 PCI to ISA Bridge'\n    class    = bridge\n    subclass = HOST-PCI\natapci0@pci0:15:1:      class=0x010182 card=0x02121166 chip=0x02121166 rev=0x93 hdr=0x00\n    vendor   = 'ServerWorks (Was: Reliance Computer Corp)'\n    device   = 'CSB5 PCI EIDE Controller'\n    class    = mass storage\n    subclass = ATA\nohci0@pci0:15:2:        class=0x0c0310 card=0x02201166 chip=0x02201166 rev=0x05 hdr=0x00\n    vendor   = 'ServerWorks (Was: Reliance Computer Corp)'\n    device   = 'OSB4 OpenHCI Compliant USB Controller'\n    class    = serial bus\n    subclass = USB\nisab0@pci0:15:3:        class=0x060100 card=0x02301166 chip=0x02251166 rev=0x00 hdr=0x00\n    vendor   = 'ServerWorks (Was: Reliance Computer Corp)'\n    device   = 'CSB5 PCI Bridge'\n    class    = bridge\n    subclass = PCI-ISA\nhostb4@pci0:16:0:       class=0x060000 card=0x00000000 chip=0x01011166 rev=0x05 hdr=0x00\n    vendor   = 'ServerWorks (Was: Reliance Computer Corp)'\n    device   = 'CIOB-X2'\n    class    = bridge\n    subclass = HOST-PCI\nhostb5@pci0:16:2:       class=0x060000 card=0x00000000 chip=0x01011166 rev=0x05 hdr=0x00\n    vendor   = 'ServerWorks (Was: Reliance Computer Corp)'\n    device   = 'CIOB-X2'\n    class    = bridge\n    subclass = HOST-PCI\nhostb6@pci0:17:0:       class=0x060000 card=0x00000000 chip=0x01011166 rev=0x05 hdr=0x00\n    vendor   = 'ServerWorks (Was: Reliance Computer Corp)'\n    device   = 'CIOB-X2'\n    class    = bridge\n    subclass = HOST-PCI\nhostb7@pci0:17:2:       class=0x060000 card=0x00000000 chip=0x01011166 rev=0x05 hdr=0x00\n    vendor   = 'ServerWorks (Was: Reliance Computer Corp)'\n    device   = 'CIOB-X2'\n    class    = bridge\n    subclass = HOST-PCI\nem0@pci6:8:0:   class=0x020000 card=0x027c1014 chip=0x10108086 rev=0x01 hdr=0x00\n    vendor   = 'Intel Corporation'\n    device   = '82546EB Dual Port Gigabit Ethernet Controller (Copper)'\n    class    = network\n    subclass = ethernet\nem1@pci6:8:1:   class=0x020000 card=0x027c1014 chip=0x10108086 rev=0x01 hdr=0x00\n    vendor   = 'Intel Corporation'\n    device   = '82546EB Dual Port Gigabit Ethernet Controller (Copper)'\n    class    = network\n    subclass = ethernet\nips0@pci8:2:0:  class=0x010400 card=0x028c1014 chip=0x02509005 rev=0x02 hdr=0x00\n    vendor   = 'Adaptec Inc'\n    device   = 'ServeRAID Controller'\n    class    = mass storage\n    subclass = RAID\n\n\n\noutput of dmesg:\nCopyright (c) 1992-2006 The FreeBSD Project.\nCopyright (c) 1979, 1980, 1983, 1986, 1988, 1989, 1991, 1992, 1993, 1994\n        The Regents of the University of California. All rights reserved.\nFreeBSD 6.1-STABLE #1: Wed Aug 30 09:54:35 IDT 2006\n    root@wintergreen.inter.net.il:/usr/obj/usr/src/sys/IGLD\nTimecounter \"i8254\" frequency 1193182 Hz quality 0\nCPU: Intel(R) Xeon(TM) CPU 2.80GHz (2793.90-MHz 686-class CPU)\n  Origin = \"GenuineIntel\"  Id = 0xf29  Stepping = 9\n  Features=0xbfebfbff\u003cFPU,VME,DE,PSE,TSC,MSR,PAE,MCE,CX8,APIC,SEP,MTRR,PGE,MCA,CMOV,PAT,PSE36,CLFLUSH,DTS,ACPI,MMX,FXSR,SSE,SSE2,SS,HTT,TM,PBE\u003e\n  Features2=0x4400\u003cCNTX-ID,\u003cb14\u003e\u003e\nreal memory  = 1073655808 (1023 MB)\navail memory = 1041412096 (993 MB)\nACPI APIC Table: \u003cIBM    SERONYXP\u003e\nFreeBSD/SMP: Multiprocessor System Detected: 2 CPUs\n cpu0 (BSP): APIC ID:  0\n cpu1 (AP): APIC ID:  6\nMADT: Forcing active-low polarity and level trigger for SCI\nioapic2 \u003cVersion 1.1\u003e irqs 32-47 on motherboard\nioapic1 \u003cVersion 1.1\u003e irqs 16-31 on motherboard\nioapic0 \u003cVersion 1.1\u003e irqs 0-15 on motherboard\nacpi0: \u003cIBM SERONYXP\u003e on motherboard\nacpi0: Power Button (fixed)\nacpi0: reservation of 460, 2 (4) failed\nTimecounter \"ACPI-safe\" frequency 3579545 Hz quality 1000\nacpi_timer0: \u003c32-bit timer at 3.579545MHz\u003e port 0x488-0x48b on acpi0\ncpu0: \u003cACPI CPU\u003e on acpi0\ncpu1: \u003cACPI CPU\u003e on acpi0\npcib0: \u003cACPI Host-PCI bridge\u003e on acpi0\npci0: \u003cACPI PCI bus\u003e on pcib0\npci0: \u003cdisplay, VGA\u003e at device 6.0 (no driver attached)\natapci0: \u003cServerWorks CSB5 UDMA100 controller\u003e port 0x1f0-0x1f7,0x3f6,0x170-0x177,0x376,0x700-0x70f at device 15.1 on pci0\nata0: \u003cATA channel 0\u003e on atapci0\nata1: \u003cATA channel 1\u003e on atapci0\nohci0: \u003cOHCI (generic) USB controller\u003e mem 0xfebfe000-0xfebfefff irq 11 at device 15.2 on pci0\nohci0: [GIANT-LOCKED]\nusb0: OHCI version 1.0, legacy support\nusb0: SMM does not respond, resetting\nusb0: \u003cOHCI (generic) USB controller\u003e on ohci0\nusb0: USB revision 1.0\nuhub0: (0x1166) OHCI root hub, class 9/0, rev 1.00/1.00, addr 1\nuhub0: 4 ports with 4 removable, self powered\nisab0: \u003cPCI-ISA bridge\u003e at device 15.3 on pci0\nisa0: \u003cISA bus\u003e on isab0\npcib1: \u003cACPI Host-PCI bridge\u003e on acpi0\npci2: \u003cACPI PCI bus\u003e on pcib1\npcib2: \u003cACPI Host-PCI bridge\u003e on acpi0\npci4: \u003cACPI PCI bus\u003e on pcib2\npcib3: \u003cACPI Host-PCI bridge\u003e on acpi0\npci6: \u003cACPI PCI bus\u003e on pcib3\nem0: \u003cIntel(R) PRO/1000 Network Connection Version - 6.1.4\u003e port 0x2500-0x253f mem 0xfbfe0000-0xfbffffff irq 29 at device 8.0 on pci6\nem0: Ethernet address: 00:0d:60:eb:96:2a\nem1: \u003cIntel(R) PRO/1000 Network Connection Version - 6.1.4\u003e port 0x2540-0x257f mem 0xfbfc0000-0xfbfdffff irq 30 at device 8.1 on pci6\nem1: Ethernet address: 00:0d:60:eb:96:2b\npcib4: \u003cACPI Host-PCI bridge\u003e on acpi0\npci8: \u003cACPI PCI bus\u003e on pcib4\nips0: \u003cAdaptec ServeRAID Adapter\u003e mem 0xf3fff000-0xf3ffffff,0xf4000000-0xf7ffffff irq 18 at device 2.0 on pci8\nfdc0: \u003cfloppy drive controller\u003e port 0x3f0-0x3f5 irq 6 drq 2 on acpi0\nfdc0: [FAST]\nfd0: \u003c1440-KB 3.5\" drive\u003e on fdc0 drive 0\npmtimer0 on isa0\norm0: \u003cISA Option ROMs\u003e at iomem 0xc0000-0xc7fff,0xc8000-0xc97ff on isa0\natkbdc0: \u003cKeyboard controller (i8042)\u003e at port 0x60,0x64 on isa0\natkbd0: \u003cAT Keyboard\u003e irq 1 on atkbdc0\nkbd0 at atkbd0\natkbd0: [GIANT-LOCKED]\nppc0: parallel port not found.\nsc0: \u003cSystem console\u003e at flags 0x100 on isa0\nsc0: VGA \u003c16 virtual consoles, flags=0x300\u003e\nsio0: configured irq 4 not in bitmap of probed irqs 0\nsio0: port may not be enabled\nsio0 at port 0x3f8-0x3ff irq 4 flags 0x10 on isa0\nsio0: type 8250 or not responding\nsio1: configured irq 3 not in bitmap of probed irqs 0\nsio1: port may not be enabled\nvga0: \u003cGeneric ISA VGA\u003e at port 0x3c0-0x3df iomem 0xa0000-0xbffff on isa0\nTimecounters tick every 1.000 msec\nipfw2 (+ipv6) initialized, divert loadable, rule-based forwarding enabled, default to accept, logging unlimited\nacd0: CDROM \u003cCD-224E/2.9B\u003e at ata0-master UDMA33\nips0: resetting adapter, this may take up to 5 minutes\nips0: adapter type: ServeRAID 6i (sebring)\nips0: logical drives: 1\nips0: Logical Drive 0: RAID1 sectors: 35547136, state OK\nipsd0: \u003cLogical Drive\u003e on ips0\nipsd0: Logical Drive  (17357MB)\nSMP: AP CPU #1 Launched!\nTrying to mount root from ufs:/dev/ipsd0s1a"
}