{
 "id": 348787,
 "bug_id": 103256,
 "attachment_id": 0,
 "creation_time": "2007-04-30T08:20:26Z",
 "creator": "jpp@cloudview.com",
 "text": "I'm also seeing the problem  - setting mpsafenet=0 doesn't fix it for me \nbut setting sysctl dev.em.0.tx_int_delay=0 does seem to suppress the \nproblem.\n\njeeves# uname -a\nFreeBSD jeeves.localnet 6.2-STABLE FreeBSD 6.2-STABLE #24: Sun Apr 29 \n19:40:01 PDT 2007     \nroot@jeeves.localnet:/usr/src/sys/i386/compile/JEEVES  i386\njeeves# pciconf -lv\nagp0@pci0:0:0:  class=0x060000 card=0x00000000 chip=0x25708086 rev=0x02 \nhdr=0x00\n    vendor   = 'Intel Corporation'\n    device   = '82865G/PE/P, 82848P DRAM Controller / Host-Hub Interface'\n    class    = bridge\n    subclass = HOST-PCI\npcib1@pci0:1:0: class=0x060400 card=0x00000000 chip=0x25718086 rev=0x02 \nhdr=0x01\n    vendor   = 'Intel Corporation'\n    device   = '82865G/PE/P, 82848P PCI-to-AGP Bridge'\n    class    = bridge\n    subclass = PCI-PCI\npcib2@pci0:3:0: class=0x060400 card=0x00000000 chip=0x25738086 rev=0x02 \nhdr=0x01\n    vendor   = 'Intel Corporation'\n    device   = '82865G/PE/P, 82848P PCI-to-CSA Bridge'\n    class    = bridge\n    subclass = PCI-PCI\nuhci0@pci0:29:0:        class=0x0c0300 card=0x8159104d chip=0x24d28086 \nrev=0x02 hdr=0x00\n    vendor   = 'Intel Corporation'\n    device   = '82801EB/ER (ICH5/ICH5R) USB UHCI Controller'\n    class    = serial bus\n    subclass = USB\nuhci1@pci0:29:1:        class=0x0c0300 card=0x8159104d chip=0x24d48086 \nrev=0x02 hdr=0x00\n    vendor   = 'Intel Corporation'\n    device   = '82801EB/ER (ICH5/ICH5R) USB UHCI Controller'\n    class    = serial bus\n    subclass = USB\nuhci2@pci0:29:2:        class=0x0c0300 card=0x8159104d chip=0x24d78086 \nrev=0x02 hdr=0x00\n    vendor   = 'Intel Corporation'\n    device   = '82801EB/ER (ICH5/ICH5R) USB UHCI Controller'\n    class    = serial bus\n    subclass = USB\nuhci3@pci0:29:3:        class=0x0c0300 card=0x8159104d chip=0x24de8086 \nrev=0x02 hdr=0x00\n    vendor   = 'Intel Corporation'\n    device   = '82801EB/ER (ICH5/ICH5R) USB UHCI Controller'\n    class    = serial bus\n    subclass = USB\npcib3@pci0:30:0:        class=0x060400 card=0x00000000 chip=0x244e8086 \nrev=0xc2 hdr=0x01\n    vendor   = 'Intel Corporation'\n    device   = '82801BA/CA/DB/DBL/EB/ER/FB (ICH2/3/4/4/5/5/6), 6300ESB \nHub Interface to PCI Bridge'\n    class    = bridge\n    subclass = PCI-PCI\nisab0@pci0:31:0:        class=0x060100 card=0x00000000 chip=0x24d08086 \nrev=0x02 hdr=0x00\n    vendor   = 'Intel Corporation'\n    device   = '82801EB/ER (ICH5/ICH5R) LPC Interface Bridge'\n    class    = bridge\n    subclass = PCI-ISA\natapci0@pci0:31:1:      class=0x01018a card=0x8159104d chip=0x24db8086 \nrev=0x02 hdr=0x00\n    vendor   = 'Intel Corporation'\n    device   = '82801EB/ER (ICH5/ICH5R) EIDE Controller'\n    class    = mass storage\n    subclass = ATA\nnone0@pci0:31:3:        class=0x0c0500 card=0x8159104d chip=0x24d38086 \nrev=0x02 hdr=0x00\n    vendor   = 'Intel Corporation'\n    device   = '82801EB/ER (ICH5/ICH5R) SMBus Controller'\n    class    = serial bus\n    subclass = SMBus\ndrm0@pci1:0:0:  class=0x030000 card=0x013a1002 chip=0x514c1002 rev=0x00 \nhdr=0x00\n    vendor   = 'ATI Technologies Inc'\n    device   = 'R200 Radeon 8500 / 8500LE'\n    class    = display\n    subclass = VGA\nem0@pci2:1:0:   class=0x020000 card=0x815d104d chip=0x10198086 rev=0x00 \nhdr=0x00\n    vendor   = 'Intel Corporation'\n    device   = '82547EI Gigabit Ethernet Controller (LOM)'\n    class    = network\n    subclass = ethernet\ntwa0@pci3:11:0: class=0x010400 card=0x100213c1 chip=0x100213c1 rev=0x00 \nhdr=0x00\n    vendor   = '3ware Inc.'\n    device   = '9000 series SATA/PATA Storage Controller'\n    class    = mass storage\n    subclass = RAID\n\nApr 29 21:54:53 jeeves syslogd: restart\nApr 29 21:54:53 jeeves syslogd: kernel boot file is /boot/kernel/kernel\nApr 29 21:54:53 jeeves kernel: Copyright (c) 1992-2007 The FreeBSD Project.\nApr 29 21:54:53 jeeves kernel: Copyright (c) 1979, 1980, 1983, 1986, \n1988, 1989, 1991, 1992, 1993, 1994\nApr 29 21:54:53 jeeves kernel: The Regents of the University of \nCalifornia. All rights reserved.\nApr 29 21:54:53 jeeves kernel: FreeBSD is a registered trademark of The \nFreeBSD Foundation.\nApr 29 21:54:53 jeeves kernel: FreeBSD 6.2-STABLE #24: Sun Apr 29 \n19:40:01 PDT 2007\nApr 29 21:54:53 jeeves kernel: \nroot@jeeves.localnet:/usr/src/sys/i386/compile/JEEVES\nApr 29 21:54:53 jeeves kernel: WARNING: MPSAFE network stack disabled, \nexpect reduced performance.\nApr 29 21:54:53 jeeves kernel: ACPI APIC Table: \u003cA M I  OEMAPIC \u003e\nApr 29 21:54:53 jeeves kernel: Timecounter \"i8254\" frequency 1193182 Hz \nquality 0\nApr 29 21:54:53 jeeves kernel: CPU: Intel(R) Pentium(R) 4 CPU 2.60GHz \n(2593.51-MHz 686-class CPU)\nApr 29 21:54:53 jeeves kernel: Origin = \"GenuineIntel\"  Id = 0xf29  \nStepping = 9\nApr 29 21:54:53 jeeves kernel: \nFeatures=0xbfebfbff\u003cFPU,VME,DE,PSE,TSC,MSR,PAE,MCE,CX8,APIC,SEP,MTRR,PGE,MCA,CMOV,PAT,PSE36,CLFLUSH,DTS,ACPI,MMX,FXSR,SSE,SSE2,SS,HTT,TM,PBE\u003e\nApr 29 21:54:53 jeeves kernel: Features2=0x4400\u003cCNTX-ID,\u003cb14\u003e\u003e\nApr 29 21:54:53 jeeves kernel: real memory  = 2147287040 (2047 MB)\nApr 29 21:54:53 jeeves kernel: avail memory = 2096332800 (1999 MB)\nApr 29 21:54:53 jeeves kernel: ioapic0 \u003cVersion 2.0\u003e irqs 0-23 on \nmotherboard\nApr 29 21:54:53 jeeves kernel: netsmb_dev: loaded\nApr 29 21:54:53 jeeves kernel: acpi0: \u003cA M I OEMRSDT\u003e on motherboard\nApr 29 21:54:53 jeeves kernel: acpi0: Power Button (fixed)\nApr 29 21:54:53 jeeves kernel: Timecounter \"ACPI-safe\" frequency 3579545 \nHz quality 1000\nApr 29 21:54:53 jeeves kernel: acpi_timer0: \u003c24-bit timer at \n3.579545MHz\u003e port 0x808-0x80b on acpi0\nApr 29 21:54:53 jeeves kernel: cpu0: \u003cACPI CPU\u003e on acpi0\nApr 29 21:54:53 jeeves kernel: pcib0: \u003cACPI Host-PCI bridge\u003e port \n0xcf8-0xcff on acpi0\nApr 29 21:54:53 jeeves kernel: pci0: \u003cACPI PCI bus\u003e on pcib0\nApr 29 21:54:53 jeeves kernel: agp0: \u003cIntel 82865 host to AGP bridge\u003e \nmem 0xf8000000-0xfbffffff at device 0.0 on pci0\nApr 29 21:54:53 jeeves kernel: pcib1: \u003cACPI PCI-PCI bridge\u003e at device \n1.0 on pci0\nApr 29 21:54:53 jeeves kernel: pci1: \u003cACPI PCI bus\u003e on pcib1\nApr 29 21:54:53 jeeves kernel: pci1: \u003cdisplay, VGA\u003e at device 0.0 (no \ndriver attached)\nApr 29 21:54:53 jeeves kernel: pcib2: \u003cACPI PCI-PCI bridge\u003e at device \n3.0 on pci0\nApr 29 21:54:53 jeeves kernel: pci2: \u003cACPI PCI bus\u003e on pcib2\nApr 29 21:54:53 jeeves kernel: em0: \u003cIntel(R) PRO/1000 Network \nConnection Version - 6.2.9\u003e port 0xac00-0xac1f mem 0xfe9e0000-0xfe9fffff \nirq 18 at device 1.0 on pci2\nApr 29 21:54:53 jeeves kernel: em0: Ethernet address: 00:0c:6e:4d:ae:7a\nApr 29 21:54:53 jeeves kernel: em0: [GIANT-LOCKED]\nApr 29 21:54:53 jeeves kernel: uhci0: \u003cIntel 82801EB (ICH5) USB \ncontroller USB-A\u003e port 0xe000-0xe01f irq 16 at device 29.0 on pci0\nApr 29 21:54:53 jeeves kernel: uhci0: [GIANT-LOCKED]\nApr 29 21:54:53 jeeves kernel: usb0: \u003cIntel 82801EB (ICH5) USB \ncontroller USB-A\u003e on uhci0\nApr 29 21:54:53 jeeves kernel: usb0: USB revision 1.0\nApr 29 21:54:53 jeeves kernel: uhub0: Intel UHCI root hub, class 9/0, \nrev 1.00/1.00, addr 1\nApr 29 21:54:53 jeeves kernel: uhub0: 2 ports with 2 removable, self powered\nApr 29 21:54:53 jeeves kernel: uhci1: \u003cIntel 82801EB (ICH5) USB \ncontroller USB-B\u003e port 0xe400-0xe41f irq 19 at device 29.1 on pci0\nApr 29 21:54:53 jeeves kernel: uhci1: [GIANT-LOCKED]\nApr 29 21:54:53 jeeves kernel: usb1: \u003cIntel 82801EB (ICH5) USB \ncontroller USB-B\u003e on uhci1\nApr 29 21:54:53 jeeves kernel: usb1: USB revision 1.0\nApr 29 21:54:53 jeeves kernel: uhub1: Intel UHCI root hub, class 9/0, \nrev 1.00/1.00, addr 1\nApr 29 21:54:53 jeeves kernel: uhub1: 2 ports with 2 removable, self powered\nApr 29 21:54:53 jeeves kernel: uhci2: \u003cIntel 82801EB (ICH5) USB \ncontroller USB-C\u003e port 0xe800-0xe81f irq 18 at device 29.2 on pci0\nApr 29 21:54:53 jeeves kernel: uhci2: [GIANT-LOCKED]\nApr 29 21:54:53 jeeves kernel: usb2: \u003cIntel 82801EB (ICH5) USB \ncontroller USB-C\u003e on uhci2\nApr 29 21:54:53 jeeves kernel: usb2: USB revision 1.0\nApr 29 21:54:53 jeeves kernel: uhub2: Intel UHCI root hub, class 9/0, \nrev 1.00/1.00, addr 1\nApr 29 21:54:53 jeeves kernel: uhub2: 2 ports with 2 removable, self powered\nApr 29 21:54:53 jeeves kernel: uhci3: \u003cIntel 82801EB (ICH5) USB \ncontroller USB-D\u003e port 0xec00-0xec1f irq 16 at device 29.3 on pci0\nApr 29 21:54:53 jeeves kernel: uhci3: [GIANT-LOCKED]\nApr 29 21:54:53 jeeves kernel: usb3: \u003cIntel 82801EB (ICH5) USB \ncontroller USB-D\u003e on uhci3\nApr 29 21:54:53 jeeves kernel: usb3: USB revision 1.0\nApr 29 21:54:53 jeeves kernel: uhub3: Intel UHCI root hub, class 9/0, \nrev 1.00/1.00, addr 1\nApr 29 21:54:53 jeeves kernel: uhub3: 2 ports with 2 removable, self powered\nApr 29 21:54:53 jeeves kernel: pcib3: \u003cACPI PCI-PCI bridge\u003e at device \n30.0 on pci0\nApr 29 21:54:53 jeeves kernel: pci3: \u003cACPI PCI bus\u003e on pcib3\nApr 29 21:54:53 jeeves kernel: 3ware device driver for 9000 series \nstorage controllers, version: 3.60.02.012\nApr 29 21:54:53 jeeves kernel: twa0: \u003c3ware 9000 series Storage \nController\u003e port 0xb800-0xb8ff mem \n0xfeaffc00-0xfeaffcff,0xf7000000-0xf77fffff irq 23 at device 11.0 on pci3\nApr 29 21:54:53 jeeves kernel: twa0: [GIANT-LOCKED]\nApr 29 21:54:53 jeeves kernel: twa0: INFO: (0x15: 0x1300): Controller \ndetails:: Model 9500S-12, 12 ports, Firmware FE9X 2.06.00.009, BIOS BE9X \n2.03.01.051\nApr 29 21:54:53 jeeves kernel: isab0: \u003cPCI-ISA bridge\u003e at device 31.0 on \npci0\nApr 29 21:54:53 jeeves kernel: isa0: \u003cISA bus\u003e on isab0\nApr 29 21:54:53 jeeves kernel: atapci0: \u003cIntel ICH5 UDMA100 controller\u003e \nport 0x1f0-0x1f7,0x3f6,0x170-0x177,0x376,0xfc00-0xfc0f at device 31.1 on \npci0\nApr 29 21:54:53 jeeves kernel: ata0: \u003cATA channel 0\u003e on atapci0\nApr 29 21:54:53 jeeves kernel: ata1: \u003cATA channel 1\u003e on atapci0\nApr 29 21:54:53 jeeves kernel: pci0: \u003cserial bus, SMBus\u003e at device 31.3 \n(no driver attached)\nApr 29 21:54:53 jeeves kernel: acpi_button0: \u003cPower Button\u003e on acpi0\nApr 29 21:54:53 jeeves kernel: atkbdc0: \u003cKeyboard controller (i8042)\u003e \nport 0x60,0x64 irq 1 on acpi0\nApr 29 21:54:53 jeeves kernel: atkbd0: \u003cAT Keyboard\u003e irq 1 on atkbdc0\nApr 29 21:54:53 jeeves kernel: kbd0 at atkbd0\nApr 29 21:54:53 jeeves kernel: atkbd0: [GIANT-LOCKED]\nApr 29 21:54:53 jeeves kernel: psm0: \u003cPS/2 Mouse\u003e irq 12 on atkbdc0\nApr 29 21:54:53 jeeves kernel: psm0: [GIANT-LOCKED]\nApr 29 21:54:53 jeeves kernel: psm0: model IntelliMouse, device ID 3\nApr 29 21:54:53 jeeves kernel: fdc0: \u003cfloppy drive controller (FDE)\u003e \nport 0x3f0-0x3f5,0x3f7 irq 6 drq 2 on acpi0\nApr 29 21:54:53 jeeves kernel: fdc0: [FAST]\nApr 29 21:54:53 jeeves kernel: ppc0: \u003cStandard parallel printer port\u003e \nport 0x378-0x37f irq 7 on acpi0\nApr 29 21:54:53 jeeves kernel: ppc0: Generic chipset (NIBBLE-only) in \nCOMPATIBLE mode\nApr 29 21:54:53 jeeves kernel: ppbus0: \u003cParallel port bus\u003e on ppc0\nApr 29 21:54:53 jeeves kernel: plip0: \u003cPLIP network interface\u003e on ppbus0\nApr 29 21:54:53 jeeves kernel: lpt0: \u003cPrinter\u003e on ppbus0\nApr 29 21:54:53 jeeves kernel: lpt0: Interrupt-driven port\nApr 29 21:54:53 jeeves kernel: ppi0: \u003cParallel I/O\u003e on ppbus0\nApr 29 21:54:53 jeeves kernel: pps0: \u003cPulse per second Timing Interface\u003e \non ppbus0\nApr 29 21:54:53 jeeves kernel: pmtimer0 on isa0\nApr 29 21:54:53 jeeves kernel: orm0: \u003cISA Option ROMs\u003e at iomem \n0xc0000-0xcbfff,0xcc000-0xcd7ff on isa0\nApr 29 21:54:53 jeeves kernel: sc0: \u003cSystem console\u003e at flags 0x100 on isa0\nApr 29 21:54:53 jeeves kernel: sc0: VGA \u003c16 virtual consoles, flags=0x300\u003e\nApr 29 21:54:53 jeeves kernel: sio0: configured irq 4 not in bitmap of \nprobed irqs 0\nApr 29 21:54:53 jeeves kernel: sio0: port may not be enabled\nApr 29 21:54:53 jeeves kernel: sio0 at port 0x3f8-0x3ff irq 4 flags 0x10 \non isa0\nApr 29 21:54:53 jeeves kernel: sio0: type 8250 or not responding\nApr 29 21:54:53 jeeves kernel: sio1: configured irq 3 not in bitmap of \nprobed irqs 0\nApr 29 21:54:53 jeeves kernel: sio1: port may not be enabled\nApr 29 21:54:53 jeeves kernel: vga0: \u003cGeneric ISA VGA\u003e at port \n0x3c0-0x3df iomem 0xa0000-0xbffff on isa0\nApr 29 21:54:53 jeeves kernel: Timecounter \"TSC\" frequency 2593513904 Hz \nquality 800\nApr 29 21:54:53 jeeves kernel: Timecounters tick every 1.000 msec\nApr 29 21:54:53 jeeves kernel: IP Filter: v4.1.13 initialized.  Default \n= pass all, Logging = disabled\nApr 29 21:54:53 jeeves kernel: ipfw2 initialized, divert enabled, \nrule-based forwarding disabled, default to deny, logging unlimited\nApr 29 21:54:53 jeeves kernel: ad0: 76319MB \u003cWDC WD800BB-22FJA0 \n13.03G13\u003e at ata0-master UDMA100\nApr 29 21:54:53 jeeves kernel: ad2: 286188MB \u003cMaxtor 6B300R0 BAH41B70\u003e \nat ata1-master UDMA100\nApr 29 21:54:53 jeeves kernel: ad3: 286188MB \u003cMaxtor 6B300R0 BAH41B70\u003e \nat ata1-slave UDMA100\nApr 29 21:54:53 jeeves kernel: GEOM_LABEL: Label for provider ad2s1a is \nufs/data.\nApr 29 21:54:53 jeeves kernel: GEOM_MIRROR: Device data created \n(id=1078413883).\nApr 29 21:54:53 jeeves kernel: GEOM_MIRROR: Device data: provider ad2s1a \ndetected.\nApr 29 21:54:53 jeeves kernel: GEOM_MIRROR: Device data: provider ad3s1a \ndetected.\nApr 29 21:54:53 jeeves kernel: GEOM_MIRROR: Device data: provider ad3s1a \nactivated.\nApr 29 21:54:53 jeeves kernel: GEOM_MIRROR: Device data: provider ad2s1a \nactivated.\nApr 29 21:54:53 jeeves kernel: GEOM_MIRROR: Device data: provider \nmirror/data launched.\nApr 29 21:54:53 jeeves kernel: GEOM_LABEL: Label ufs/data removed.\nApr 29 21:54:53 jeeves kernel: da0 at twa0 bus 0 target 0 lun 0\nApr 29 21:54:53 jeeves kernel: da0: \u003cAMCC 9500S-12   DISK 2.06\u003e Fixed \nDirect Access SCSI-3 device\nApr 29 21:54:53 jeeves kernel: da0: 100.000MB/s transfers\nApr 29 21:54:53 jeeves kernel: da0: 1430481MB (2929625088 512 byte \nsectors: 255H 63S/T 182360C)\nApr 29 21:54:53 jeeves kernel: GEOM_LABEL: Label for provider da0 is \nlabel/c0-u0-raid10.\nApr 29 21:54:53 jeeves kernel: Trying to mount root from ufs:/dev/ad0s1a\nApr 29 21:54:53 jeeves kernel: Loading configuration files.\nApr 29 21:54:53 jeeves kernel: Entropy harvesting:\nApr 29 21:54:53 jeeves kernel: interrupts\nApr 29 21:54:53 jeeves kernel: ethernet\nApr 29 21:54:53 jeeves kernel: point_to_point\nApr 29 21:54:53 jeeves kernel: kickstart\nApr 29 21:54:53 jeeves kernel: ."
}