{
 "id": 757912,
 "bug_id": 188245,
 "attachment_id": 0,
 "creation_time": "2014-04-04T13:42:52Z",
 "creator": "gondim@intnet.com.br",
 "text": "Aditional Information:\n\ndmesg:\n\nCopyright (c) 1992-2014 The FreeBSD Project.\nCopyright (c) 1979, 1980, 1983, 1986, 1988, 1989, 1991, 1992, 1993, 1994\n     The Regents of the University of California. All rights reserved.\nFreeBSD is a registered trademark of The FreeBSD Foundation.\nFreeBSD 10.0-STABLE #5 r264032: Wed Apr  2 23:32:55 BRT 2014\n     root@rt01.intnet.com.br:/usr/obj/usr/src/sys/INTNET10 amd64\nFreeBSD clang version 3.4 (tags/RELEASE_34/final 197956) 20140216\nCPU: Intel(R) Xeon(R) CPU E31230 @ 3.20GHz (3192.82-MHz K8-class CPU)\n   Origin = \"GenuineIntel\"  Id = 0x206a7  Family = 0x6  Model = 0x2a \nStepping = 7\nFeatures=0xbfebfbff\u003cFPU,VME,DE,PSE,TSC,MSR,PAE,MCE,CX8,APIC,SEP,MTRR,PGE,MCA,CMOV,PAT,PSE36,CLFLUSH,DTS,ACPI,MMX,FXSR,SSE,SSE2,SS,HTT,TM,PBE\u003e\nFeatures2=0x1fbae3ff\u003cSSE3,PCLMULQDQ,DTES64,MON,DS_CPL,VMX,SMX,EST,TM2,SSSE3,CX16,xTPR,PDCM,PCID,SSE4.1,SSE4.2,x2APIC,POPCNT,TSCDLT,AESNI,XSAVE,OSXSAVE,AVX\u003e\n   AMD Features=0x28100800\u003cSYSCALL,NX,RDTSCP,LM\u003e\n   AMD Features2=0x1\u003cLAHF\u003e\n   TSC: P-state invariant, performance statistics\nreal memory  = 8589934592 (8192 MB)\navail memory = 7988715520 (7618 MB)\nEvent timer \"LAPIC\" quality 600\nACPI APIC Table: \u003cINTEL  S1200BTS\u003e\nFreeBSD/SMP: Multiprocessor System Detected: 4 CPUs\nFreeBSD/SMP: 1 package(s) x 4 core(s)\n  cpu0 (BSP): APIC ID:  0\n  cpu1 (AP): APIC ID:  2\n  cpu2 (AP): APIC ID:  4\n  cpu3 (AP): APIC ID:  6\nioapic0 \u003cVersion 2.0\u003e irqs 0-23 on motherboard\nkbd1 at kbdmux0\nrandom: \u003cSoftware, Yarrow\u003e initialized\ncryptosoft0: \u003csoftware crypto\u003e on motherboard\nacpi0: \u003cINTEL\u003e on motherboard\nacpi0: Power Button (fixed)\nacpi0: reservation of 0, 9d000 (3) failed\ncpu0: \u003cACPI CPU\u003e on acpi0\ncpu1: \u003cACPI CPU\u003e on acpi0\ncpu2: \u003cACPI CPU\u003e on acpi0\ncpu3: \u003cACPI CPU\u003e on acpi0\nhpet0: \u003cHigh Precision Event Timer\u003e iomem 0xfed00000-0xfed003ff on acpi0\nTimecounter \"HPET\" frequency 14318180 Hz quality 950\nEvent timer \"HPET\" frequency 14318180 Hz quality 550\nEvent timer \"HPET1\" frequency 14318180 Hz quality 440\nEvent timer \"HPET2\" frequency 14318180 Hz quality 440\nEvent timer \"HPET3\" frequency 14318180 Hz quality 440\nEvent timer \"HPET4\" frequency 14318180 Hz quality 440\natrtc0: \u003cAT realtime clock\u003e port 0x70-0x77 irq 8 on acpi0\natrtc0: Warning: Couldn't map I/O.\nEvent timer \"RTC\" frequency 32768 Hz quality 0\nattimer0: \u003cAT timer\u003e port 0x40-0x43,0x50-0x53 irq 0 on acpi0\nTimecounter \"i8254\" frequency 1193182 Hz quality 0\nEvent timer \"i8254\" frequency 1193182 Hz quality 100\nTimecounter \"ACPI-fast\" frequency 3579545 Hz quality 900\nacpi_timer0: \u003c24-bit timer at 3.579545MHz\u003e port 0x408-0x40b on acpi0\npcib0: \u003cACPI Host-PCI bridge\u003e port 0xcf8-0xcff on acpi0\npci0: \u003cACPI PCI bus\u003e on pcib0\npcib1: \u003cACPI PCI-PCI bridge\u003e irq 16 at device 1.0 on pci0\npci1: \u003cACPI PCI bus\u003e on pcib1\nem0: \u003cIntel(R) PRO/1000 Network Connection 7.3.8\u003e port 0x5020-0x503f mem \n0xc1c60000-0xc1c7ffff,0xc1c40000-0xc1c5ffff irq 16 at device 0.0 on pci1\nem0: Using an MSI interrupt\nem0: Ethernet address: 00:15:17:86:d2:de\nem1: \u003cIntel(R) PRO/1000 Network Connection 7.3.8\u003e port 0x5000-0x501f mem \n0xc1c20000-0xc1c3ffff,0xc1c00000-0xc1c1ffff irq 17 at device 0.1 on pci1\nem1: Using an MSI interrupt\nem1: Ethernet address: 00:15:17:86:d2:df\npcib2: \u003cACPI PCI-PCI bridge\u003e irq 17 at device 1.1 on pci0\npci2: \u003cACPI PCI bus\u003e on pcib2\nem2: \u003cIntel(R) PRO/1000 Network Connection 7.3.8\u003e port 0x4020-0x403f mem \n0xc1b60000-0xc1b7ffff,0xc1b40000-0xc1b5ffff irq 17 at device 0.0 on pci2\nem2: Using an MSI interrupt\nem2: Ethernet address: 00:15:17:8c:81:d6\nem3: \u003cIntel(R) PRO/1000 Network Connection 7.3.8\u003e port 0x4000-0x401f mem \n0xc1b20000-0xc1b3ffff,0xc1b00000-0xc1b1ffff irq 18 at device 0.1 on pci2\nem3: Using an MSI interrupt\nem3: Ethernet address: 00:15:17:8c:81:d7\nem4: \u003cIntel(R) PRO/1000 Network Connection 7.3.8\u003e port 0x6040-0x605f mem \n0xc1d00000-0xc1d1ffff,0xc1d70000-0xc1d70fff irq 19 at device 25.0 on pci0\nem4: Using an MSI interrupt\nem4: Ethernet address: 00:1e:67:77:de:63\nehci0: \u003cEHCI (generic) USB 2.0 controller\u003e mem 0xc1d60000-0xc1d603ff irq \n22 at device 26.0 on pci0\nusbus0: EHCI version 1.0\nusbus0 on ehci0\npcib3: \u003cACPI PCI-PCI bridge\u003e irq 16 at device 28.0 on pci0\npci3: \u003cACPI PCI bus\u003e on pcib3\nem5: \u003cIntel(R) PRO/1000 Network Connection 7.3.8\u003e port 0x3020-0x303f mem \n0xc1060000-0xc107ffff,0xc1040000-0xc105ffff irq 16 at device 0.0 on pci3\nem5: Using an MSI interrupt\nem5: Ethernet address: 00:15:17:86:b8:d6\nem6: \u003cIntel(R) PRO/1000 Network Connection 7.3.8\u003e port 0x3000-0x301f mem \n0xc1020000-0xc103ffff,0xc1000000-0xc101ffff irq 17 at device 0.1 on pci3\nem6: Using an MSI interrupt\nem6: Ethernet address: 00:15:17:86:b8:d7\npcib4: \u003cACPI PCI-PCI bridge\u003e irq 16 at device 28.4 on pci0\npci4: \u003cACPI PCI bus\u003e on pcib4\nem7: \u003cIntel(R) PRO/1000 Network Connection 7.3.8\u003e port 0x2000-0x201f mem \n0xc1a00000-0xc1a1ffff,0xc1a20000-0xc1a23fff irq 16 at device 0.0 on pci4\nem7: Using MSIX interrupts with 3 vectors\nem7: Ethernet address: 00:1e:67:77:de:62\nehci1: \u003cEHCI (generic) USB 2.0 controller\u003e mem 0xc1d50000-0xc1d503ff irq \n20 at device 29.0 on pci0\nusbus1: EHCI version 1.0\nusbus1 on ehci1\npcib5: \u003cACPI PCI-PCI bridge\u003e at device 30.0 on pci0\npci5: \u003cACPI PCI bus\u003e on pcib5\nvgapci0: \u003cVGA-compatible display\u003e mem 0xc0000000-0xc0ffffff at device \n2.0 on pci5\nvgapci0: Boot video device\nisab0: \u003cPCI-ISA bridge\u003e at device 31.0 on pci0\nisa0: \u003cISA bus\u003e on isab0\nahci0: \u003cIntel Cougar Point AHCI SATA controller\u003e port \n0x6090-0x6097,0x6080-0x6083,0x6070-0x6077,0x6060-0x6063,0x6020-0x603f \nmem 0xc1d40000-0xc1d407ff irq 21 at device 31.2 on pci0\nahci0: AHCI v1.30 with 6 3Gbps ports, Port Multiplier not supported\nahcich0: \u003cAHCI channel\u003e at channel 0 on ahci0\nahcich1: \u003cAHCI channel\u003e at channel 1 on ahci0\nahcich2: \u003cAHCI channel\u003e at channel 2 on ahci0\nahcich3: \u003cAHCI channel\u003e at channel 3 on ahci0\nahcich4: \u003cAHCI channel\u003e at channel 4 on ahci0\nahcich5: \u003cAHCI channel\u003e at channel 5 on ahci0\nahciem0: \u003cAHCI enclosure management bridge\u003e on ahci0\npci0: \u003cserial bus, SMBus\u003e at device 31.3 (no driver attached)\nacpi_button0: \u003cSleep Button\u003e on acpi0\nacpi_tz0: \u003cThermal Zone\u003e on acpi0\nacpi_tz1: \u003cThermal Zone\u003e on acpi0\nbattery0: \u003cACPI Control Method Battery\u003e on acpi0\nbattery1: \u003cACPI Control Method Battery\u003e on acpi0\nbattery2: \u003cACPI Control Method Battery\u003e on acpi0\nuart0: \u003c16550 or compatible\u003e port 0x3f8-0x3ff irq 4 flags 0x10 on acpi0\norm0: \u003cISA Option ROMs\u003e at iomem \n0xc0000-0xcbfff,0xcc000-0xccfff,0xcd000-0xcdfff,0xce000-0xcefff,0xcf000-0xcffff,0xd0000-0xd0fff,0xd1000-0xd1fff,0xd2000-0xd2fff,0xd3000-0xd3fff \non isa0\nsc0: \u003cSystem console\u003e at flags 0x100 on isa0\nsc0: VGA \u003c16 virtual consoles, flags=0x300\u003e\nvga0: \u003cGeneric ISA VGA\u003e at port 0x3c0-0x3df iomem 0xa0000-0xbffff on isa0\natkbdc0: \u003cKeyboard controller (i8042)\u003e at port 0x60,0x64 on isa0\natkbd0: \u003cAT Keyboard\u003e irq 1 on atkbdc0\nkbd0 at atkbd0\natkbd0: [GIANT-LOCKED]\nest0: \u003cEnhanced SpeedStep Frequency Control\u003e on cpu0\np4tcc0: \u003cCPU Frequency Thermal Control\u003e on cpu0\nest1: \u003cEnhanced SpeedStep Frequency Control\u003e on cpu1\np4tcc1: \u003cCPU Frequency Thermal Control\u003e on cpu1\nest2: \u003cEnhanced SpeedStep Frequency Control\u003e on cpu2\np4tcc2: \u003cCPU Frequency Thermal Control\u003e on cpu2\nest3: \u003cEnhanced SpeedStep Frequency Control\u003e on cpu3\np4tcc3: \u003cCPU Frequency Thermal Control\u003e on cpu3\nTimecounters tick every 1.000 msec\nIPsec: Initialized Security Association Processing.\nipfw2 (+ipv6) initialized, divert enabled, nat enabled, default to \naccept, logging disabled\nDUMMYNET 0 with IPv6 initialized (100409)\nload_dn_sched dn_sched FIFO loaded\nload_dn_sched dn_sched PRIO loaded\nload_dn_sched dn_sched QFQ loaded\nload_dn_sched dn_sched RR loaded\nload_dn_sched dn_sched WF2Q+ loaded\nrandom: unblocking device.\nusbus0: 480Mbps High Speed USB v2.0\nusbus1: 480Mbps High Speed USB v2.0\nugen0.1: \u003cIntel\u003e at usbus0\nuhub0: \u003cIntel EHCI root HUB, class 9/0, rev 2.00/1.00, addr 1\u003e on usbus0\nugen1.1: \u003cIntel\u003e at usbus1\nuhub1: \u003cIntel EHCI root HUB, class 9/0, rev 2.00/1.00, addr 1\u003e on usbus1\nada0 at ahcich0 bus 0 scbus0 target 0 lun 0\nada0: \u003cWDC WD10EARS-00Y5B1 80.00A80\u003e ATA-8 SATA 2.x device\nada0: Serial Number WD-WCAV5U676716\nada0: 300.000MB/s transfers (SATA 2.x, UDMA6, PIO 8192bytes)\nada0: Command Queueing enabled\nada0: 953869MB (1953525168 512 byte sectors: 16H 63S/T 16383C)\nada0: quirks=0x1\u003c4K\u003e\nada0: Previously was known as ad4\npass1 at ahciem0 bus 0 scbus6 target 0 lun 0\npass1: \u003cAHCI SGPIO Enclosure 1.00 0001\u003e SEMB S-E-S 2.00 device\nSMP: AP CPU #2 Launched!\nSMP: AP CPU #1 Launched!\nSMP: AP CPU #3 Launched!\nTimecounter \"TSC-low\" frequency 1596409044 Hz quality 1000\nRoot mount waiting for: usbus1 usbus0\nuhub1: 2 ports with 2 removable, self powered\nuhub0: 2 ports with 2 removable, self powered\nRoot mount waiting for: usbus1 usbus0\nugen1.2: \u003cvendor 0x8087\u003e at usbus1\nuhub2: \u003cvendor 0x8087 product 0x0024, class 9/0, rev 2.00/0.00, addr 2\u003e \non usbus1\nugen0.2: \u003cvendor 0x8087\u003e at usbus0\nuhub3: \u003cvendor 0x8087 product 0x0024, class 9/0, rev 2.00/0.00, addr 2\u003e \non usbus0\nRoot mount waiting for: usbus1 usbus0\nuhub2: 6 ports with 6 removable, self powered\nuhub3: 6 ports with 6 removable, self powered\nugen1.3: \u003cCypress Semiconductor\u003e at usbus1\nRoot mount waiting for: usbus1\nugen1.4: \u003cUSB\u003e at usbus1\nukbd0: \u003cUSB USB Keykoard, class 0/0, rev 1.10/1.10, addr 4\u003e on usbus1\nkbd2 at ukbd0\nTrying to mount root from ufs:/dev/label/rootfs [rw]...\nlagg1: IPv6 addresses on em2 have been removed before adding it as a \nmember to prevent IPv6 address scope violation.\nlagg1: IPv6 addresses on em5 have been removed before adding it as a \nmember to prevent IPv6 address scope violation.\nuhid0: \u003cCypress Semiconductor USB to Serial, class 0/0, rev 1.00/0.00, \naddr 3\u003e on usbus1\nuhid1: \u003cUSB USB Keykoard, class 0/0, rev 1.10/1.10, addr 4\u003e on usbus1\n\n================================================================================\n\nMy kernel:\n\ncpu        HAMMER\nident        INTNET10\noptions     SCHED_ULE        # ULE scheduler\noptions     PREEMPTION        # Enable kernel thread preemption\noptions     INET            # InterNETworking\noptions     INET6            # IPv6 communications protocols\noptions     TCP_OFFLOAD        # TCP offload\noptions     SCTP            # Stream Control Transmission Protocol\noptions     FFS            # Berkeley Fast Filesystem\noptions     SOFTUPDATES        # Enable FFS soft updates support\noptions     UFS_ACL            # Support for access control lists\noptions     UFS_DIRHASH        # Improve performance on big directories\noptions     UFS_GJOURNAL        # Enable gjournal-based UFS journaling\noptions     QUOTA            # Enable disk quotas for UFS\noptions     MD_ROOT            # MD is a potential root device\noptions     NFSCL            # New Network Filesystem Client\noptions     NFSD            # New Network Filesystem Server\noptions     NFSLOCKD        # Network Lock Manager\noptions     NFS_ROOT        # NFS usable as /, requires NFSCL\noptions     MSDOSFS            # MSDOS Filesystem\noptions     CD9660            # ISO 9660 Filesystem\noptions     PROCFS            # Process filesystem (requires PSEUDOFS)\noptions     PSEUDOFS        # Pseudo-filesystem framework\noptions     GEOM_PART_GPT        # GUID Partition Tables.\noptions     GEOM_RAID        # Soft RAID functionality.\noptions     GEOM_LABEL        # Provides labelization\noptions     COMPAT_FREEBSD32    # Compatible with i386 binaries\noptions     COMPAT_FREEBSD4        # Compatible with FreeBSD4\noptions     COMPAT_FREEBSD5        # Compatible with FreeBSD5\noptions     COMPAT_FREEBSD6        # Compatible with FreeBSD6\noptions     COMPAT_FREEBSD7        # Compatible with FreeBSD7\noptions     SCSI_DELAY=5000        # Delay (in ms) before probing SCSI\noptions     STACK            # stack(9) support\noptions     SYSVSHM            # SYSV-style shared memory\noptions     SYSVMSG            # SYSV-style message queues\noptions     SYSVSEM            # SYSV-style semaphores\noptions     _KPOSIX_PRIORITY_SCHEDULING # POSIX P1003_1B real-time \nextensions\noptions     PRINTF_BUFR_SIZE=128    # Prevent printf output being \ninterspersed.\noptions     KBD_INSTALL_CDEV    # install a CDEV entry in /dev\noptions     HWPMC_HOOKS        # Necessary kernel hooks for hwpmc(4)\noptions     CAPABILITY_MODE        # Capsicum capability mode\noptions     CAPABILITIES        # Capsicum capabilities\noptions     PROCDESC        # Support for process descriptors\noptions     INCLUDE_CONFIG_FILE     # Include this file in kernel\noptions     SMP            # Symmetric MultiProcessor Kernel\ndevice        cpufreq\ndevice        acpi\ndevice        pci\ndevice        ahci        # AHCI-compatible SATA controllers\ndevice        ata        # Legacy ATA/SATA controllers\noptions     ATA_STATIC_ID    # Static device numbering\ndevice        mvs        # Marvell 88SX50XX/88SX60XX/88SX70XX/SoC SATA\ndevice        siis        # SiliconImage SiI3124/SiI3132/SiI3531 SATA\ndevice        scbus        # SCSI bus (required for ATA/SCSI)\ndevice        da        # Direct Access (disks)\ndevice        pass        # Passthrough device (direct ATA/SCSI access)\ndevice        atkbdc        # AT keyboard controller\ndevice        atkbd        # AT keyboard\ndevice        psm        # PS/2 mouse\ndevice        kbdmux        # keyboard multiplexer\ndevice        vga        # VGA video card driver\noptions     VESA        # Add support for VESA BIOS Extensions (VBE)\ndevice        splash        # Splash screen and screen saver support\ndevice        sc\noptions     SC_PIXEL_MODE    # add support for the raster text mode\ndevice        agp        # support several AGP chipsets\ndevice        uart        # Generic UART driver\ndevice        em        # Intel PRO/1000 Gigabit Ethernet Family\ndevice        igb        # Intel PRO/1000 PCIE Server Gigabit Family\ndevice        ixgbe        # Intel PRO/10GbE PCIE Ethernet Family\ndevice        loop        # Network loopback\ndevice        random        # Entropy device\ndevice        padlock_rng    # VIA Padlock RNG\ndevice        rdrand_rng    # Intel Bull Mountain RNG\ndevice        ether        # Ethernet support\ndevice        vlan        # 802.1Q VLAN support\ndevice        tun        # Packet tunnel.\ndevice        md        # Memory \"disks\"\ndevice        gif        # IPv6 and IPv4 tunneling\ndevice        faith        # IPv6-to-IPv4 relaying (translation)\ndevice        firmware    # firmware assist module\ndevice        bpf        # Berkeley packet filter\noptions     USB_DEBUG    # enable debug msgs\ndevice        uhci        # UHCI PCI-\u003eUSB interface\ndevice        ohci        # OHCI PCI-\u003eUSB interface\ndevice        ehci        # EHCI PCI-\u003eUSB interface (USB 2.0)\ndevice        xhci        # XHCI PCI-\u003eUSB interface (USB 3.0)\ndevice        usb        # USB Bus (required)\ndevice        ukbd        # Keyboard\ndevice        umass        # Disks/Mass storage - Requires scbus and da\noptions         IPFIREWALL\noptions         IPFIREWALL_VERBOSE\noptions         IPFIREWALL_VERBOSE_LIMIT=100\noptions         IPFIREWALL_DEFAULT_TO_ACCEPT\noptions         IPFIREWALL_NAT\noptions         LIBALIAS\noptions         DUMMYNET\noptions         IPDIVERT\noptions         ROUTETABLES=2\noptions         IPSTEALTH\noptions         TCP_SIGNATURE           #include support for RFC 2385\noptions         IPSEC\ndevice          crypto\noptions         DEVICE_POLLING\noptions         HZ=3000 # (32 bits UP, HZ=2000 32bits SMP, HZ=2000 UP \n64bits, HZ=XXX - empirico, SMP 64bits)\ndevice          carp\ndevice          lagg\ndevice pf\ndevice pflog\ndevice pfsync\noptions         ALTQ\noptions         ALTQ_CBQ        # Class Bases Queuing (CBQ)\noptions         ALTQ_RED        # Random Early Detection (RED)\noptions         ALTQ_RIO        # RED In/Out\noptions         ALTQ_HFSC       # Hierarchical Packet Scheduler (HFSC)\noptions         ALTQ_PRIQ       # Priority Queuing (PRIQ)\noptions         ALTQ_NOPCC      # Required for SMP build\n\nloader.conf:\n\nloader_logo=\"beastie\"\nif_lagg_load=\"YES\"\nspeaker_load=\"YES\"\naio_load=\"YES\"                     # Async IO system calls\nautoboot_delay=\"5\"                 # reduce boot menu delay from 10 to 3 \nseconds\n\nsysctl.conf:\n\nnet.inet.ip.forwarding=1\nnet.inet.ip.fastforwarding=1\nnet.inet6.ip6.forwarding=1\nkern.ipc.somaxconn=4096 # 128 default\nnet.inet.tcp.syncookies=1\nnet.inet.ip.redirect=1                # do not send IP redirects\nnet.inet.ip.accept_sourceroute=0      # drop source routed packets since \nthey can not be trusted\nnet.inet.ip.sourceroute=0             # if source routed packets are \naccepted the route data is ignored\nnet.inet.tcp.drop_synfin=1            # SYN/FIN packets get dropped on \ninitial connection\nnet.inet.udp.blackhole=1              # drop udp packets destined for \nclosed sockets\nnet.inet.tcp.blackhole=2              # drop tcp packets destined for \nclosed ports\nsecurity.bsd.see_other_uids=0         # hide processes for root from \nuser uid's\nnet.inet.ip.fw.dyn_buckets=65536\nnet.inet.ip.fw.dyn_max=65536\nhw.intr_storm_threshold=9000\nnet.inet.ip.dummynet.pipe_slot_limit=800\nkern.ipc.nmbclusters=262144\nkern.ipc.maxsockets=204800\n\n/etc/make.conf:\n\nWITHOUT_X11=yes\nWITH_PKGNG=yes\n\n- OpenBGP compiled from ports.\n- Commodity Hardware./\n- no pfsync or carp use.\n- kernel load: 1.64\n\nhw.machine: amd64\nhw.model: Intel(R) Xeon(R) CPU E31230 @ 3.20GHz\nhw.ncpu: 4\nhw.byteorder: 1234\nhw.physmem: 8286969856/"
}