{
 "id": 1315588,
 "bug_id": 280131,
 "attachment_id": 0,
 "creation_time": "2024-07-04T22:49:11Z",
 "creator": "marklmi26-fbsd@yahoo.com",
 "text": "(In reply to Mark Millard from comment #4)\n\nRPi4B BOT with 4 GiBytes of RAM: booted just fine.\n\nFor reference:\n\nroot@generic:~ # uname -apKU\nFreeBSD generic 14.1-RELEASE FreeBSD 14.1-RELEASE releng/14.1-n267679-10e31f0946d8 GENERIC arm64 aarch64 1401000 1401000\n\nAs for earlier stages of booting (extracted from log file content):\n\n. . .\nRPi: BOOTLOADER release VERSION:e608a69d DATE: 2024/04/15 TIME: 14:12:14\nBOOTMODE: 0x06 partition 0 build-ts BUILD_TIMESTAMP=1713186734 serial 897c4fff boardrev c03111 stc 375422\n. . .\n\nSo the EEPROM content is recent.\n\nNOTE: c03111 means a RPi4B rev 1.1 : about as old as it gets.\n\nAlso:\n\n. . .\nU-Boot 2024.01 (May 31 2024 - 07:02:58 +0000)\n\nDRAM:  948 MiB (effective 3.9 GiB)\nRPI 4 Model B (0xc03111)\n. . .\n\nAnd:\n\n. . .\n---\u003c\u003cBOOT\u003e\u003e---\nWARNING: Cannot find freebsd,dts-version property, cannot check DTB compliance\nCopyright (c) 1992-2023 The FreeBSD Project.\nCopyright (c) 1979, 1980, 1983, 1986, 1988, 1989, 1991, 1992, 1993, 1994\n\tThe Regents of the University of California. All rights reserved.\nFreeBSD is a registered trademark of The FreeBSD Foundation.\nFreeBSD 14.1-RELEASE releng/14.1-n267679-10e31f0946d8 GENERIC arm64\nFreeBSD clang version 18.1.5 (https://github.com/llvm/llvm-project.git llvmorg-18.1.5-0-g617a15a9eac9)\nVT(efifb): resolution 592x448\nmodule scmi already present!\nreal memory  = 4148158464 (3955 MB)\navail memory = 4020719616 (3834 MB)\n. . .\nmmcsd0: 128GB \u003cSDHC SN128 8.0 SN 87FFDDA7 MFG 12/2019 by 3 SD\u003e at mmc1 50.0MHz/4bit/65535-block\nbcm2835_cpufreq0: ARM 600MHz, Core 200MHz, SDRAM 400MHz, Turbo OFF\nuhub0: 5 ports with 4 removable, self powered\n. . .\nWaiting 30s for the root mount holders: usbus0uhub1: 4 ports with 4 removable, self powered\nSetting hostuuid: 30303031-3030-3030-3265-373238346338.\nSetting hostid: 0xd2f9b0de.\nStarting file system checks:\n/dev/ufs/rootfs: FILE SYSTEM CLEAN; SKIPPING CHECKS\n/dev/ufs/rootfs: clean, 27333978 free (306 frags, 3416709 blocks, 0.0% fragmentation)\nMounting local filesystems:.\nELF ldconfig path: /lib /usr/lib /usr/lib/compat\n32-bit compatibility ldconfig path: /usr/lib32 /usr/lib32\nSetting hostname: generic.\n. . .\nFri May 31 11:38:51 UTC \n\nFreeBSD/arm64 (generic) (ttyu0)\n\n\n\nlogin:"
}