{
 "id": 1082284,
 "bug_id": 243125,
 "attachment_id": 0,
 "creation_time": "2020-01-06T08:55:21Z",
 "creator": "yklaxds@gmail.com",
 "text": "I tested list files:\nFreeBSD-12.1-STABLE-arm64-aarch64-RPI3-20200102-r356238.img\nFreeBSD-13.0-CURRENT-arm64-aarch64-RPI3-20200102-r356261.img\n\nRaspberry pi 3B+ needs more than 10 mins.\n\n\n-------------------------------------------------\nSerial output:\nMMC:   mmc@7e300000: 0\nLoading Environment from FAT... In:    serial\nOut:   vidconsole\nErr:   vidconsole\nNet:   No ethernet found.\nstarting USB...\nBus usb@7e980000: scanning bus usb@7e980000 for devices... Timeout poll on interrupt endpoint\nFailed to get keyboard state from device 0c45:8101\n4 USB Device(s) found\n       scanning usb for storage devices... 0 Storage Device(s) found\nHit any key to stop autoboot:  0 \nswitch to partitions #0, OK\nmmc0 is current device\nScanning mmc 0:1...\nFound EFI removable media binary efi/boot/bootaa64.efi\nlibfdt fdt_check_header(): FDT_ERR_BADMAGIC\nScanning disk mmc@7e300000.blk...\nFound 3 disks\nBootOrder not defined\nEFI boot manager: Cannot load any image\n644432 bytes read in 33 ms (18.6 MiB/s)\nlibfdt fdt_check_header(): FDT_ERR_BADMAGIC\nConsoles: EFI console  \n    Reading loader env vars from /efi/freebsd/loader.env\nSetting currdev to disk0p1:\nFreeBSD/arm64 EFI loader, Revision 1.1\n\n   Command line arguments: loader.efi\n   EFI version: 2.80\n   EFI Firmware: Das U-Boot (rev 8217.4096)\n   Console: efi (0)\n   Load Path: /efi\\boot\\bootaa64.efi\n   Load Device: /VenHw(e61d73b9-a384-4acc-aeab-82e828f3628b)/SD(0)/SD(0)/HD(1,MBR,0xf6d0be43,0x81f,0x18fa8)\nTrying ESP: /VenHw(e61d73b9-a384-4acc-aeab-82e828f3628b)/SD(0)/SD(0)/HD(1,MBR,0xf6d0be43,0x81f,0x18fa8)\nSetting currdev to disk0p1:\nTrying: /VenHw(e61d73b9-a384-4acc-aeab-82e828f3628b)/SD(0)/SD(0)/HD(2,MBR,0xf6d0be43,0x197c7,0xeb68839)\nSetting currdev to disk0p2:\nLoading /boot/defaults/loader.conf\nLoading /boot/device.hints\nLoading /boot/loader.conf\nLoading /boot/loader.conf.local\nLoading kernel...\n/boot/kernel/kernel text=0x8f4780 data=0x18d220+0x6cad44 syms=[0x8+0x12d908+0x8+0x11b827]\nLoading configured modules...\n/boot/kernel/umodem.ko text=0x1bc0 text=0xf80 data=0x102e0+0xfd28 syms=[0x8+0xe28+0x8+0xa7e]\n/boot/entropy size=0x1000\n\nHit [Enter] to boot immediately, or any other key for command prompt.\nBooting [/boot/kernel/kernel]...               \nUsing DTB provided by EFI at 0x7ef6000.\nEFI framebuffer information:\naddr, size     0x3eaf0000, 0x10a800\ndimensions     656 x 416\nstride         656\nmasks          0x00ff0000, 0x0000ff00, 0x000000ff, 0xff000000\n---\u003c\u003cBOOT\u003e\u003e---\nCopyright (c) 1992-2020 The FreeBSD Project.\nCopyright (c) 1979, 1980, 1983, 1986, 1988, 1989, 1991, 1992, 1993, 1994\n\tThe Regents of the University of California. All rights reserved.\nFreeBSD is a registered trademark of The FreeBSD Foundation.\nFreeBSD 12.1-STABLE r356238 GENERIC arm64\nFreeBSD clang version 8.0.1 (tags/RELEASE_801/final 366581) (based on LLVM 8.0.1)\nVT(efifb): resolution 656x416\nKLD file umodem.ko is missing dependencies\nStarting CPU 1 (1)\nStarting CPU 2 (2)\nStarting CPU 3 (3)\nFreeBSD/SMP: Multiprocessor System Detected: 4 CPUs\nrandom: unblocking device.\nrandom: entropy device external interface\nMAP 39f43000 mode 2 pages 1\nMAP 39f4c000 mode 2 pages 1\nMAP 3b350000 mode 2 pages 16\nMAP 3f100000 mode 1 pages 1\nkbd0 at kbdmux0\nofwbus0: \u003cOpen Firmware Device Tree\u003e\nsimplebus0: \u003cFlattened device tree simple bus\u003e on ofwbus0\nofw_clkbus0: \u003cOFW clocks bus\u003e on ofwbus0\nclk_fixed0: \u003cFixed clock\u003e on ofw_clkbus0\nclk_fixed1: \u003cFixed clock\u003e on ofw_clkbus0\nregfix0: \u003cFixed Regulator\u003e on ofwbus0\nregfix1: \u003cFixed Regulator\u003e on ofwbus0\npsci0: \u003cARM Power State Co-ordination Interface Driver\u003e on ofwbus0\nlintc0: \u003cBCM2836 Interrupt Controller\u003e mem 0x40000000-0x400000ff on simplebus0\nintc0: \u003cBCM2835 Interrupt Controller\u003e mem 0x7e00b200-0x7e00b3ff irq 48 on simplebus0\ngpio0: \u003cBCM2708/2835 GPIO controller\u003e mem 0x7e200000-0x7e2000b3 irq 24,25 on simplebus0\ngpiobus0: \u003cOFW GPIO bus\u003e on gpio0\ngeneric_timer0: \u003cARMv7 Generic Timer\u003e irq 1,2,3,4 on ofwbus0\nTimecounter \"ARM MPCore Timecounter\" frequency 54000000 Hz quality 1000\nEvent timer \"ARM MPCore Eventtimer\" frequency 54000000 Hz quality 1000\nusb_nop_xceiv0: \u003cUSB NOP PHY\u003e on ofwbus0\nbcm_dma0: \u003cBCM2835 DMA Controller\u003e mem 0x7e007000-0x7e007eff irq 6,7,8,9,10,11,12,13,14,15,16,17,18,19,20,21 on simplebus0\nChecking root against brcm,bcm2837\nbcmwd0: \u003cBCM2708/2835 Watchdog\u003e mem 0x7e100000-0x7e100113,0x7e00a000-0x7e00a023 on simplebus0\nbcm2835_clkman0: \u003cBCM283x Clock Manager\u003e mem 0x7e101000-0x7e102fff on simplebus0\nbcmrng0: \u003cBroadcom BCM2835 RNG\u003e mem 0x7e104000-0x7e10400f irq 22 on simplebus0\nmbox0: \u003cBCM2835 VideoCore Mailbox\u003e mem 0x7e00b880-0x7e00b8bf irq 23 on simplebus0\ngpioc0: \u003cGPIO controller\u003e on gpio0\nuart0: \u003cPrimeCell UART (PL011)\u003e mem 0x7e201000-0x7e2011ff irq 26 on simplebus0\nuart0: console (115200,n,8,1)\nspi0: \u003cBCM2708/2835 SPI controller\u003e mem 0x7e204000-0x7e2041ff irq 28 on simplebus0\nspibus0: \u003cOFW SPI bus\u003e on spi0\nspibus0: \u003cunknown card\u003e at cs 0 mode 0\nspibus0: \u003cunknown card\u003e at cs 1 mode 0\niichb0: \u003cBCM2708/2835 BSC controller\u003e mem 0x7e804000-0x7e804fff irq 40 on simplebus0\nbcm283x_dwcotg0: \u003cDWC OTG 2.0 integrated USB controller (bcm283x)\u003e mem 0x7e980000-0x7e98ffff,0x7e006000-0x7e006fff irq 46,47 on simplebus0\nusbus0 on bcm283x_dwcotg0\nsdhci_bcm0: \u003cBroadcom 2708 SDHCI controller\u003e mem 0x7e300000-0x7e3000ff irq 50 on simplebus0\nmmc0: \u003cMMC/SD bus\u003e on sdhci_bcm0\nfb0: \u003cBCM2835 VT framebuffer driver\u003e on simplebus0\nfbd0 on fb0\nVT: Replacing driver \"efifb\" with new \"fb\".\nfb0: 656x416(656x416@0,0) 24bpp\nfb0: fbswap: 1, pitch 1968, base 0x3eb33000, screen_size 818688\npmu0: \u003cPerformance Monitoring Unit\u003e irq 0 on ofwbus0\ncpulist0: \u003cOpen Firmware CPU Group\u003e on ofwbus0\ncpu0: \u003cOpen Firmware CPU\u003e on cpulist0\nbcm2835_cpufreq0: \u003cCPU Frequency Control\u003e on cpu0\ncpu1: \u003cOpen Firmware CPU\u003e on cpulist0\ncpu2: \u003cOpen Firmware CPU\u003e on cpulist0\ncpu3: \u003cOpen Firmware CPU\u003e on cpulist0\ngpioled0: \u003cGPIO LEDs\u003e on ofwbus0\ngpioled0: \u003cled1\u003e failed to map pin\ncryptosoft0: \u003csoftware crypto\u003e\nintc0: Stray irq 17 disabled\nTimecounters tick every 1.000 msec\niicbus0: \u003cOFW I2C bus\u003e on iichb0\niic0: \u003cI2C generic I/O\u003e on iicbus0\nusbus0: 480Mbps High Speed USB v2.0\nugen0.1: \u003cDWCOTG OTG Root HUB\u003e at usbus0\nuhub0: \u003cDWCOTG OTG Root HUB, class 9/0, rev 2.00/1.00, addr 1\u003e on usbus0\nmmcsd0: 126GB \u003cSDHC AcMKS 0.2 SN 40400CB7 MFG 06/2019 by 156 SO\u003e at mmc0 50.0MHz/4bit/65535-block\nbcm2835_cpufreq0: ARM 600MHz, Core 250MHz, SDRAM 400MHz, Turbo OFF\nmbox0: mbox response error\nbcm2835_cpufreq0: can't set clock rate (id=4)\nRelease APs...done\nCPU  0: ARM Cortex-A53 r0p4 affinity:  0\nTrying to mount root from ufs:/dev/ufs/rootfs [rw]...\n Instruction Set Attributes 0 = \u003cCRC32\u003e\n Instruction Set Attributes 1 = \u003c\u003e\n         Processor Features 0 = \u003cAdvSIMD,Float,EL3 32,EL2 32,EL1 32,EL0 32\u003e\n         Processor Features 1 = \u003c0\u003e\n      Memory Model Features 0 = \u003c4k Granule,64k Granule,S/NS Mem,MixedEndian,16bit ASID,1TB PA\u003e\n      Memory Model Features 1 = \u003c\u003e\n      Memory Model Features 2 = \u003c32b CCIDX,48b VA\u003e\n             Debug Features 0 = \u003c2 CTX Breakpoints,4 Watchpoints,6 Breakpoints,PMUv3,Debug v8\u003e\n             Debug Features 1 = \u003c0\u003e\n         Auxiliary Features 0 = \u003c0\u003e\n         Auxiliary Features 1 = \u003c0\u003e\nCPU  1: ARM Cortex-A53 r0p4 affinity:  1\nCPU  2: ARM Cortex-A53 r0p4 affinity:  2\nCPU  3: ARM Cortex-A53 r0p4 affinity:  3\nWARNING:  was not properly dismounted\nWarning: no time-of-day clock registered, system time will not be set accurately\nSetting hostuuid: 30303030-3030-3030-6239-333638386637.\nSetting hostid: 0x837a41df.\nStarting file system checks:\nuhub0: 1 port with 1 removable, self powered\n/dev/ufs/rootfs: 23455 files, 662258 used, 29221965 free (141 frags, 3652728 blocks, 0.0% fragmentation)\nMounting local filesystems:.\nELF ldconfig path: /lib /usr/lib /usr/lib/compat\nSetting hostname: generic.\nSetting up harvesting: [UMA],[FS_ATIME],SWI,INTERRUPT,NET_NG,NET_ETHER,NET_TUN,MOUSE,KEYBOARD,ATTACH,CACHED\nFeeding entropy: .\nlo0: link state changed to UP\nStarting Network: lo0.\nlo0: flags=8049\u003cUP,LOOPBACK,RUNNING,MULTICAST\u003e metric 0 mtu 16384\n\toptions=680003\u003cRXCSUM,TXCSUM,LINKSTATE,RXCSUM_IPV6,TXCSUM_IPV6\u003e\n\tinet6 ::1 prefixlen 128\n\tinet6 fe80::1%lo0 prefixlen 64 scopeid 0x1\n\tinet 127.0.0.1 netmask 0xff000000\n\tgroups: lo\n\tnd6 options=21\u003cPERFORMNUD,AUTO_LINKLOCAL\u003e\nStarting devd.\nadd host 127.0.0.1: gateway lo0 fib 0: route already in table\nadd host ::1: gateway lo0 fib 0: route already in table\nadd net fe80::: gateway ::1\nadd net ff02::: gateway ::1\nadd net ::ffff:0.0.0.0: gateway ::1\nadd net ::0.0.0.0: gateway ::1\nCreating and/or trimming log files.\nStarting syslogd.\nClearing /tmp (X related).\nUpdating motd:.\nMounting late filesystems:.\nConfiguring vt: blanktime.\nPerforming sanity check on sshd configuration.\nStarting sshd.\nStarting cron.\nStarting background file system checks in 60 seconds.\n\nThu Jan  2 07:44:33 UTC \nFreeBSD/arm64 (generic) (ttyu0)\n\nlogin: root\nPassword:\nJan  2 07:44:42 generic login[848]: ROOT LOGIN (root) ON ttyu0\nFreeBSD 12.1-STABLE r356238 GENERIC \n\nWelcome to FreeBSD!\n\nRelease Notes, Errata: https://www.FreeBSD.org/releases/\nSecurity Advisories:   https://www.FreeBSD.org/security/\nFreeBSD Handbook:      https://www.FreeBSD.org/handbook/\nFreeBSD FAQ:           https://www.FreeBSD.org/faq/\nQuestions List: https://lists.FreeBSD.org/mailman/listinfo/freebsd-questions/\nFreeBSD Forums:        https://forums.FreeBSD.org/\n\nDocuments installed with the system are in the /usr/local/share/doc/freebsd/\ndirectory, or can be installed later with:  pkg install en-freebsd-doc\nFor other languages, replace \"en\" with a language code like de or fr.\n\nShow the version of FreeBSD installed:  freebsd-version ; uname -a\nPlease include that output and any error messages when posting questions.\nIntroduction to manual pages:  man man\nFreeBSD directory layout:      man hier\n\nEdit /etc/motd to change this login announcement.\nroot@generic:~ # MMC:   mmc@7e300000: 0\nLoading Environment from FAT... In:    serial\nOut:   vidconsole\nErr:   vidconsole\nNet:   No ethernet found.\nstarting USB...\nBus usb@7e980000: scanning bus usb@7e980000 for devices... Timeout poll on interrupt endpoint\nFailed to get keyboard state from device 0c45:8101\n4 USB Device(s) found\n       scanning usb for storage devices... 0 Storage Device(s) found\nHit any key to stop autoboot:  0 \nswitch to partitions #0, OK\nmmc0 is current device\nScanning mmc 0:1...\nFound EFI removable media binary efi/boot/bootaa64.efi\nlibfdt fdt_check_header(): FDT_ERR_BADMAGIC\nScanning disk mmc@7e300000.blk...\nFound 3 disks\nBootOrder not defined\nEFI boot manager: Cannot load any image\n678632 bytes read in 33 ms (19.6 MiB/s)\nlibfdt fdt_check_header(): FDT_ERR_BADMAGIC\nConsoles: EFI console  \n    Reading loader env vars from /efi/freebsd/loader.env\nSetting currdev to disk0p1:\nFreeBSD/arm64 EFI loader, Revision 1.1\n(Thu Jan  2 07:13:51 UTC 2020 root@releng1.nyi.freebsd.org)\n\n   Command line arguments: loader.efi\n   Image base: 0x39e95000\n   EFI version: 2.80\n   EFI Firmware: Das U-Boot (rev 8217.4096)\n   Console: efi (0x1000)\n   Load Path: /efi\\boot\\bootaa64.efi\n   Load Device: /VenHw(e61d73b9-a384-4acc-aeab-82e828f3628b)/SD(0)/SD(0)/HD(1,MBR,0xf6d08651,0x81f,0x18fa8)\nTrying ESP: /VenHw(e61d73b9-a384-4acc-aeab-82e828f3628b)/SD(0)/SD(0)/HD(1,MBR,0xf6d08651,0x81f,0x18fa8)\nSetting currdev to disk0p1:\nTrying: /VenHw(e61d73b9-a384-4acc-aeab-82e828f3628b)/SD(0)/SD(0)/HD(2,MBR,0xf6d08651,0x197c7,0x5e6821)\nSetting currdev to disk0p2:\nLoading /boot/defaults/loader.conf\nLoading /boot/device.hints\nLoading /boot/loader.conf\nLoading /boot/loader.conf.local\nLoading kernel...\n/boot/kernel/kernel text=0x984b4c data=0x190898 data=0x0+0x79d260 syms=[0x8+0x10bdf8+0x8+0x130661]\nLoading configured modules...\n/boot/kernel/umodem.ko text=0x2100 text=0x13a0 data=0x6e0+0x10 syms=[0x8+0xf48+0x8+0xb6e]\ncan't find '/boot/entropy'\n\nHit [Enter] to boot immediately, or any other key for command prompt.\nBooting [/boot/kernel/kernel]...               \nUsing DTB provided by EFI at 0x7ef6000.\nEFI framebuffer information:\naddr, size     0x3eaf0000, 0x10a800\ndimensions     656 x 416\nstride         656\nmasks          0x00ff0000, 0x0000ff00, 0x000000ff, 0xff000000\n---\u003c\u003cBOOT\u003e\u003e---\nKDB: debugger backends: ddb\nKDB: current backend: ddb\nCopyright (c) 1992-2020 The FreeBSD Project.\nCopyright (c) 1979, 1980, 1983, 1986, 1988, 1989, 1991, 1992, 1993, 1994\n\tThe Regents of the University of California. All rights reserved.\nFreeBSD is a registered trademark of The FreeBSD Foundation.\nFreeBSD 13.0-CURRENT #0 r356261: Thu Jan  2 08:30:17 UTC 2020\n    root@releng1.nyi.freebsd.org:/usr/obj/usr/src/arm64.aarch64/sys/GENERIC arm64\nFreeBSD clang version 9.0.1 (git@github.com:llvm/llvm-project.git c1a0a213378a458fbea1a5c77b315c7dce08fd05) (based on LLVM 9.0.1)\nWARNING: WITNESS option enabled, expect reduced performance.\nVT(efifb): resolution 656x416\nmodule firmware already present!\nKLD file umodem.ko is missing dependencies\nStarting CPU 1 (1)\nStarting CPU 2 (2)\nStarting CPU 3 (3)\nFreeBSD/SMP: Multiprocessor System Detected: 4 CPUs\narc4random: WARNING: initial seeding bypassed the cryptographic random device because it was not yet seeded and the knob 'bypass_before_seeding' was enabled.\nrandom: entropy device external interface\nMAP 39f43000 mode 2 pages 1\nMAP 39f4c000 mode 2 pages 1\nMAP 3b350000 mode 2 pages 16\nMAP 3f100000 mode 0 pages 1\nWARNING: Device \"kbd\" is Giant locked and may be deleted before FreeBSD 13.0.\nkbd0 at kbdmux0\nWARNING: Device \"openfirm\" is Giant locked and may be deleted before FreeBSD 13.0.\nofwbus0: \u003cOpen Firmware Device Tree\u003e\nsimplebus0: \u003cFlattened device tree simple bus\u003e on ofwbus0\nofw_clkbus0: \u003cOFW clocks bus\u003e on ofwbus0\nclk_fixed0: \u003cFixed clock\u003e on ofw_clkbus0\nclk_fixed1: \u003cFixed clock\u003e on ofw_clkbus0\nregfix0: \u003cFixed Regulator\u003e on ofwbus0\nregfix1: \u003cFixed Regulator\u003e on ofwbus0\npsci0: \u003cARM Power State Co-ordination Interface Driver\u003e on ofwbus0\nlintc0: \u003cBCM2836 Interrupt Controller\u003e mem 0x40000000-0x400000ff on simplebus0\nintc0: \u003cBCM2835 Interrupt Controller\u003e mem 0x7e00b200-0x7e00b3ff irq 48 on simplebus0\ngpio0: \u003cBCM2708/2835 GPIO controller\u003e mem 0x7e200000-0x7e2000b3 irq 24,25 on simplebus0\ngpiobus0: \u003cOFW GPIO bus\u003e on gpio0\ngeneric_timer0: \u003cARMv7 Generic Timer\u003e irq 1,2,3,4 on ofwbus0\nTimecounter \"ARM MPCore Timecounter\" frequency 54000000 Hz quality 1000\nEvent timer \"ARM MPCore Eventtimer\" frequency 54000000 Hz quality 1000\nusb_nop_xceiv0: \u003cUSB NOP PHY\u003e on ofwbus0\nbcm_dma0: \u003cBCM2835 DMA Controller\u003e mem 0x7e007000-0x7e007eff irq 6,7,8,9,10,11,12,13,14,15,16,17,18,19,20,21 on simplebus0\nChecking root against brcm,bcm2837\nbcmwd0: \u003cBCM2708/2835 Watchdog\u003e mem 0x7e100000-0x7e100113,0x7e00a000-0x7e00a023 on simplebus0\nbcm2835_clkman0: \u003cBCM283x Clock Manager\u003e mem 0x7e101000-0x7e102fff on simplebus0\nbcmrng0: \u003cBroadcom BCM2835 RNG\u003e mem 0x7e104000-0x7e10400f irq 22 on simplebus0\nmbox0: \u003cBCM2835 VideoCore Mailbox\u003e mem 0x7e00b880-0x7e00b8bf irq 23 on simplebus0\ngpioc0: \u003cGPIO controller\u003e on gpio0\nuart0: \u003cPrimeCell UART (PL011)\u003e mem 0x7e201000-0x7e2011ff irq 26 on simplebus0\nuart0: console (115200,n,8,1)\nspi0: \u003cBCM2708/2835 SPI controller\u003e mem 0x7e204000-0x7e2041ff irq 28 on simplebus0\nspibus0: \u003cOFW SPI bus\u003e on spi0\nspibus0: \u003cunknown card\u003e at cs 0 mode 0\nspibus0: \u003cunknown card\u003e at cs 1 mode 0\niichb0: \u003cBCM2708/2835 BSC controller\u003e mem 0x7e804000-0x7e804fff irq 40 on simplebus0\nbcm283x_dwcotg0: \u003cDWC OTG 2.0 integrated USB controller (bcm283x)\u003e mem 0x7e980000-0x7e98ffff,0x7e006000-0x7e006fff irq 46,47 on simplebus0\nusbus0 on bcm283x_dwcotg0\nsdhci_bcm0: \u003cBroadcom 2708 SDHCI controller\u003e mem 0x7e300000-0x7e3000ff irq 50 on simplebus0\nmmc0: \u003cMMC/SD bus\u003e on sdhci_bcm0\nfb0: \u003cBCM2835 VT framebuffer driver\u003e on simplebus0\nfb0: keeping existing fb bpp of 32\nfbd0 on fb0\nWARNING: Device \"fb\" is Giant locked and may be deleted before FreeBSD 13.0.\nVT: Replacing driver \"efifb\" with new \"fb\".\nfb0: 656x416(656x416@0,0) 32bpp\nfb0: fbswap: 1, pitch 2624, base 0x3eaf0000, screen_size 1091584\npmu0: \u003cPerformance Monitoring Unit\u003e irq 0 on ofwbus0\ncpulist0: \u003cOpen Firmware CPU Group\u003e on ofwbus0\ncpu0: \u003cOpen Firmware CPU\u003e on cpulist0\nbcm2835_cpufreq0: \u003cCPU Frequency Control\u003e on cpu0\ncpu1: \u003cOpen Firmware CPU\u003e on cpulist0\ncpu2: \u003cOpen Firmware CPU\u003e on cpulist0\ncpu3: \u003cOpen Firmware CPU\u003e on cpulist0\ngpioled0: \u003cGPIO LEDs\u003e on ofwbus0\ngpioled0: \u003cled1\u003e failed to map pin\ncryptosoft0: \u003csoftware crypto\u003e\nintc0: Stray irq 17 disabled\nTimecounters tick every 1.000 msec\nObsolete code will be removed soon: random(9) is the obsolete Park-Miller LCG from 1988\nusbus0: 480Mbps High Speed USB v2.0\niicbus0: \u003cOFW I2C bus\u003e on iichb0\niic0: \u003cI2C generic I/O\u003e on iicbus0\nugen0.1: \u003cDWCOTG OTG Root HUB\u003e at usbus0\nuhub0 on usbus0\nuhub0: \u003cDWCOTG OTG Root HUB, class 9/0, rev 2.00/1.00, addr 1\u003e on usbus0\nmmcsd0: 126GB \u003cSDHC AcMKS 0.2 SN 40400CB7 MFG 06/2019 by 156 SO\u003e at mmc0 50.0MHz/4bit/65535-block\nbcm2835_cpufreq0: ARM 600MHz, Core 250MHz, SDRAM 400MHz, Turbo OFF\nRelease APs...done\nCPU  0: ARM Cortex-A53 r0p4 affinity:  0\n Instruction Set Attributes 0 = \u003cCRC32\u003e\nTrying to mount root from ufs:/dev/ufs/rootfs [rw]...\n Instruction Set Attributes 1 = \u003c\u003e\n         Processor Features 0 = \u003cAdvSIMD,FP,EL3 32,EL2 32,EL1 32,EL0 32\u003e\n         Processor Features 1 = \u003c\u003e\n      Memory Model Features 0 = \u003cTGran4,TGran64,SNSMem,BigEnd,16bit ASID,1TB PA\u003e\n      Memory Model Features 1 = \u003c8bit VMID\u003e\n      Memory Model Features 2 = \u003c32bit CCIDX,48bit VA\u003e\n             Debug Features 0 = \u003c2 CTX BKPTs,4 Watchpoints,6 Breakpoints,PMUv3,Debugv8\u003e\n             Debug Features 1 = \u003c\u003e\n         Auxiliary Features 0 = \u003c\u003e\n         Auxiliary Features 1 = \u003c\u003e\nCPU  1: ARM Cortex-A53 r0p4 affinity:  1\nCPU  2: ARM Cortex-A53 r0p4 affinity:  2\nCPU  3: ARM Cortex-A53 r0p4 affinity:  3\nWARNING: WITNESS option enabled, expect reduced performance.\nWarning: no time-of-day clock registered, system time will not be set accurately\nGrowing root partition to fill device\nuhub0: 1 port with 1 removable, self powered\nrandom: randomdev_wait_until_seeded unblock wait\nrandom: unblocking device.\nGEOM_PART: mmcsd0s2 was automatically resized.\n  Use `gpart commit mmcsd0s2` to save changes or `gpart undo mmcsd0s2` to revert them.\nmmcsd0s2 resized\nmmcsd0s2a resized\ngpart: arg0 'ufs/rootfs': Invalid argument\nsuper-block backups (for fsck_ffs -b #) at:\n 6411392, 7693632, 8975872, 10258112, 11540352, 12822592, 14104832, 15387072,\n 16669312, 17951552, 19233792, 20516032, 21798272, 23080512, 24362752,\n 25644992, 26927232, 28209472, 29491712, 30773952, 32056192, 33338432,\n 34620672, 35902912, 37185152, 38467392, 39749632, 41031872, 42314112,\n 43596352, 44878592, 46160832, 47443072, 48725312, 50007552, 51289792,\n 52572032, 53854272, 55136512, 56418752, 57700992, 58983232, 60265472,\n 61547712, 62829952, 64112192, 65394432, 66676672, 67958912, 69241152,\n 70523392, 71805632, 73087872, 74370112, 75652352, 76934592, 78216832,\n 79499072, 80781312, 82063552, 83345792, 84628032, 85910272, 87192512,\n 88474752, 89756992, 91039232, 92321472, 93603712, 94885952, 96168192,\n 97450432, 98732672, 100014912, 101297152, 102579392, 103861632, 105143872,\n 106426112, 107708352, 108990592, 110272832, 111555072, 112837312, 114119552,\n 115401792, 116684032, 117966272, 119248512, 120530752, 121812992, 123095232,\n 124377472, 125659712, 126941952, 128224192, 129506432, 130788672, 132070912,\n 133353152, 134635392, 135917632, 137199872, 138482112, 139764352, 141046592,\n 142328832, 143611072, 144893312, 146175552, 147457792, 148740032, 150022272,\n 151304512, 152586752, 153868992, 155151232, 156433472, 157715712, 158997952,\n 160280192, 161562432, 162844672, 164126912, 165409152, 166691392, 167973632,\n 169255872, 170538112, 171820352, 173102592, 174384832, 175667072, 176949312,\n 178231552, 179513792, 180796032, 182078272, 183360512, 184642752, 185924992,\n 187207232, 188489472, 189771712, 191053952, 192336192, 193618432, 194900672,\n 196182912, 197465152, 198747392, 200029632, 201311872, 202594112, 203876352,\n 205158592, 206440832, 207723072, 209005312, 210287552, 211569792, 212852032,\n 214134272, 215416512, 216698752, 217980992, 219263232, 220545472, 221827712,\n 223109952, 224392192, 225674432, 226956672, 228238912, 229521152, 230803392,\n 232085632, 233367872, 234650112, 235932352, 237214592, 238496832, 239779072,\n 241061312, 242343552, 243625792, 244908032, 246190272\nSetting hostuuid: 30303030-3030-3030-6239-333638386637.\nSetting hostid: 0x837a41df.\nNo suitable dump device was found.\nStarting file system checks:\n/dev/ufs/rootfs: FILE SYSTEM CLEAN; SKIPPING CHECKS\n/dev/ufs/rootfs: clean, 29174163 free (19 frags, 3646768 blocks, 0.0% fragmentation)\nMounting local filesystems:.\nELF ldconfig path: /lib /usr/lib /usr/lib/compat\nBuilding /boot/kernel/linker.hints\nSetting hostname: generic.\nSetting up harvesting: [UMA],[FS_ATIME],SWI,INTERRUPT,NET_NG,[NET_ETHER],NET_TUN,MOUSE,KEYBOARD,ATTACH,CACHED\nFeeding entropy: .\nlo0: link state changed to UP\nStarting Network: lo0.\nlo0: flags=8049\u003cUP,LOOPBACK,RUNNING,MULTICAST\u003e metric 0 mtu 16384\n\toptions=680003\u003cRXCSUM,TXCSUM,LINKSTATE,RXCSUM_IPV6,TXCSUM_IPV6\u003e\n\tinet6 ::1 prefixlen 128\n\tinet6 fe80::1%lo0 prefixlen 64 scopeid 0x1\n\tinet 127.0.0.1 netmask 0xff000000\n\tgroups: lo\n\tnd6 options=21\u003cPERFORMNUD,AUTO_LINKLOCAL\u003e\nStarting devd.\nadd host 127.0.0.1: gateway lo0 fib 0: route already in table\nadd host ::1: gateway lo0 fib 0: route already in table\nadd net fe80::: gateway ::1\nadd net ff02::: gateway ::1\nadd net ::ffff:0.0.0.0: gateway ::1\nadd net ::0.0.0.0: gateway ::1\nGenerating host.conf.\nCreating and/or trimming log files.\nStarting syslogd.\nClearing /tmp (X related).\nUpdating motd:.\nMounting late filesystems:.\nUpdating /var/run/os-release done.\nConfiguring vt: blanktime.\nGenerating RSA host key.\n2048 SHA256:iBKf059ObjTclVB6Nn6ItPH83BD9AdDqhib/1k+w1dM root@generic (RSA)\nGenerating ECDSA host key.\n256 SHA256:UdXXAarj5HeWKmjcSk0Vj2MwJLihJYk/Ovw2H9NQ4Wk root@generic (ECDSA)\nGenerating ED25519 host key.\n256 SHA256:Kt1YD4GmSgo10zI9lAj0ec3QmHk9sm5cr/ic/oARs+k root@generic (ED25519)\nPerforming sanity check on sshd configuration.\nStarting sshd.\nStarting cron.\nStarting background file system checks in 60 seconds.\n\nThu Jan  2 09:33:45 UTC 2020\n\nFreeBSD/arm64 (generic) (ttyu0)\n\nlogin: root\nPassword:\nLogin incorrect\nlogin: root\nPassword:\nJan  2 09:33:48 generic login[848]: ROOT LOGIN (root) ON ttyu0\nFreeBSD 13.0-CURRENT (GENERIC) #0 r356261: Thu Jan  2 08:30:17 UTC 2020\n\nWelcome to FreeBSD!\n\nRelease Notes, Errata: https://www.FreeBSD.org/releases/\nSecurity Advisories:   https://www.FreeBSD.org/security/\nFreeBSD Handbook:      https://www.FreeBSD.org/handbook/\nFreeBSD FAQ:           https://www.FreeBSD.org/faq/\nQuestions List: https://lists.FreeBSD.org/mailman/listinfo/freebsd-questions/\nFreeBSD Forums:        https://forums.FreeBSD.org/\n\nDocuments installed with the system are in the /usr/local/share/doc/freebsd/\ndirectory, or can be installed later with:  pkg install en-freebsd-doc\nFor other languages, replace \"en\" with a language code like de or fr.\n\nShow the version of FreeBSD installed:  freebsd-version ; uname -a\nPlease include that output and any error messages when posting questions.\nIntroduction to manual pages:  man man\nFreeBSD directory layout:      man hier\n\nEdit /etc/motd.template to change this login announcement.\nroot@generic:~ # ifconfig\nlo0: flags=8049\u003cUP,LOOPBACK,RUNNING,MULTICAST\u003e metric 0 mtu 16384\n        options=680003\u003cRXCSUM,TXCSUM,LINKSTATE,RXCSUM_IPV6,TXCSUM_IPV6\u003e\n        inet6 ::1 prefixlen 128\n        inet6 fe80::1%lo0 prefixlen 64 scopeid 0x1\n        inet 127.0.0.1 netmask 0xff000000\n        groups: lo\n        nd6 options=21\u003cPERFORMNUD,AUTO_LINKLOCAL\u003e\nroot@generic:~ #"
}