{
 "id": 923256,
 "bug_id": 213903,
 "attachment_id": 0,
 "creation_time": "2017-02-25T02:18:01Z",
 "creator": "woodsb02@freebsd.org",
 "text": "(In reply to Franco Fichtner from comment #7)\nIndeed, my CPU is one of these. I am experiencing this on a FreeNAS mini bought from IxSystems.\n\nSome details from my dmesg:\nCPU: Intel(R) Atom(TM) CPU  C2750  @ 2.40GHz (2400.14-MHz K8-class CPU)\n  Origin=\"GenuineIntel\"  Id=0x406d8  Family=0x6  Model=0x4d  Stepping=8\n  Features=0xbfebfbff\u003cFPU,VME,DE,PSE,TSC,MSR,PAE,MCE,CX8,APIC,SEP,MTRR,PGE,MCA,CMOV,PAT,PSE36,CLFLUSH,DTS,ACPI,MMX,FXSR,SSE,SSE2,SS,HTT,TM,PBE\u003e\n  Features2=0x43d8e3bf\u003cSSE3,PCLMULQDQ,DTES64,MON,DS_CPL,VMX,EST,TM2,SSSE3,CX16,xTPR,PDCM,SSE4.1,SSE4.2,MOVBE,POPCNT,TSCDLT,AESNI,RDRAND\u003e\n  AMD Features=0x28100800\u003cSYSCALL,NX,RDTSCP,LM\u003e\n  AMD Features2=0x101\u003cLAHF,Prefetch\u003e\n  Structured Extended Features=0x2282\u003cTSCADJ,SMEP,ERMS,NFPUSG\u003e\n  VT-x: PAT,HLT,MTF,PAUSE,EPT,UG,VPID\n  TSC: P-state invariant, performance statistics\nreal memory  = 17179869184 (16384 MB)\navail memory = 16534667264 (15768 MB)\nEvent timer \"LAPIC\" quality 600\nACPI APIC Table: \u003cINTEL  TIANO   \u003e\nWARNING: L1 data cache covers less APIC IDs than a core\n0 \u003c 1\nFreeBSD/SMP: Multiprocessor System Detected: 8 CPUs\nFreeBSD/SMP: 1 package(s) x 8 core(s)\nrandom: unblocking device.\nWARNING: VIMAGE (virtualized network stack) is a highly experimental feature.\nACPI BIOS Warning (bug): Invalid length for FADT/Pm1aControlBlock: 32, using default 16 (20170119/tbfadt-742)\nioapic0 \u003cVersion 2.0\u003e irqs 0-23 on motherboard\nSMP: AP CPU #6 Launched!\nSMP: AP CPU #7 Launched!\nSMP: AP CPU #4 Launched!\nSMP: AP CPU #5 Launched!\nSMP: AP CPU #2 Launched!\nSMP: AP CPU #1 Launched!\nSMP: AP CPU #3 Launched!"
}