{
 "id": 403649,
 "bug_id": 115011,
 "attachment_id": 0,
 "creation_time": "2007-07-29T17:50:00Z",
 "creator": "hopestar.zxj@gmail.com",
 "text": "problem1:\n#reboot \nsystem down.\n\n\nproblem2:\nmainbord RealTek 8168B/8111B PCIe Gigabit Ethernet can't ping other computers.\nping 127.0.0.1 is ok.\n\nsystem info:\nmainbord:\nTF7025-M2 \nnVIDIA GeForce7025 + nForce630a(MCP68S) \nMicro ATX support ACPI s1 s3 s1\u0026s3\nRealtek 8111B(PCI-E) Integrated 10/100/1000 Transceiver\n\nCPU:Amd64-X2 512K 4800+\n\nram:ddr2-800Mhz 1G*4\n\ndisk:Seagate 320G AC *2 RAID 1\n\n\nFreeBSD6.2 amd64\n\n\n\n\ndmesg massage:\n\nCopyright (c) 1992-2007 The FreeBSD Project. \nCopyright (c) 1979, 1980, 1983, 1986, 1988, 1989, 1991, 1992, 1993, 1994 \nThe Regents of the University of California. All rights reserved. \nFreeBSD is a registered trademark of The FreeBSD Foundation. \nFreeBSD 6.2-RELEASE #0: Fri Jan 12 08:32:24 UTC 2007 \nroot@portnoy.cse.buffalo.edu:/usr/obj/usr/src/sys/GENERIC \nTimecounter \"i8254\" frequency 1193182 Hz quality 0 \nCPU: AMD Athlon(tm) 64 X2 Dual Core Processor 4800+ (2500.02-MHz K8-class CPU) \nOrigin = \"AuthenticAMD\" Id = 0x60fb1 Stepping = 1 \nFeatures=0x178bfbff\u003cFPU,VME,DE,PSE,TSC,MSR,PAE,MCE,CX8,APIC,SEP,MTRR,PGE,MCA,CMOV,PAT,PSE36,CLFLUSH,MMX,FXSR,SSE,SSE2,HT T\u003e \nFeatures2=0x2001\u003cSSE3,CX16\u003e \nAMD Features=0xea500800\u003cSYSCALL,NX,MMX+,FFXSR,RDTSCP,LM,3DNow+,3DNow\u003e \nAMD Features2=0x11f\u003cLAHF,CMP,\u003cb2\u003e,\u003cb3\u003e,CR8,\u003cb8\u003e\u003e \nCores per package: 2 \nreal memory = 5368709120 (5120 MB) \navail memory = 4047007744 (3859 MB) \nkbd1 at kbdmux0 \nath_hal: 0.9.17.2 (AR5210, AR5211, AR5212, RF5111, RF5112, RF2413, RF5413) \nACPI-0159: *** Error: AcpiLoadTables: Could not get RSDP, AE_NO_ACPI_TABLES \nACPI-0213: *** Error: AcpiLoadTables: Could not load tables: AE_NO_ACPI_TABLES \nACPI: table load failed: AE_NO_ACPI_TABLES \ncpu0 on motherboard \npcib0: \u003cHost to PCI bridge\u003e pcibus 0 on motherboard \npci0: \u003cPCI bus\u003e on pcib0 \npci0: \u003cmemory, RAM\u003e at device 0.0 (no driver attached) \nisab0: \u003cPCI-ISA bridge\u003e at device 1.0 on pci0 \nisa0: \u003cISA bus\u003e on isab0 \npci0: \u003cserial bus, SMBus\u003e at device 1.1 (no driver attached) \npci0: \u003cmemory, RAM\u003e at device 1.2 (no driver attached) \npci0: \u003cprocessor\u003e at device 1.3 (no driver attached) \nohci0: \u003cOHCI (generic) USB controller\u003e mem 0xfe02f000-0xfe02ffff irq 7 at device 2.0 on pci0 \nohci0: [GIANT-LOCKED] \nusb0: OHCI version 1.0, legacy support \nusb0: SMM does not respond, resetting \nusb0: \u003cOHCI (generic) USB controller\u003e on ohci0 \nusb0: USB revision 1.0 \nuhub0: nVidia OHCI root hub, class 9/0, rev 1.00/1.00, addr 1 \nuhub0: 5 ports with 5 removable, self powered \nehci0: \u003cEHCI (generic) USB 2.0 controller\u003e mem 0xfe02e000-0xfe02e0ff irq 5 at device 2.1 on pci0 \nehci0: [GIANT-LOCKED] \nusb1: EHCI version 1.0 \nusb1: companion controller, 12 ports each: usb0 \nusb1: \u003cEHCI (generic) USB 2.0 controller\u003e on ehci0 \nusb1: USB revision 2.0 \nuhub1: nVidia EHCI root hub, class 9/0, rev 2.00/1.00, addr 1 \nuhub1: 5 ports with 5 removable, self powered \nohci1: \u003cOHCI (generic) USB controller\u003e mem 0xfe02d000-0xfe02dfff irq 10 at device 4.0 on pci0 \nohci1: [GIANT-LOCKED] \nusb2: OHCI version 1.0, legacy support \nusb2: SMM does not respond, resetting \nusb2: \u003cOHCI (generic) USB controller\u003e on ohci1 \nusb2: USB revision 1.0 \nuhub2: nVidia OHCI root hub, class 9/0, rev 1.00/1.00, addr 1 \nuhub2: 5 ports with 5 removable, self powered \nehci1: \u003cEHCI (generic) USB 2.0 controller\u003e mem 0xfe02c000-0xfe02c0ff irq 11 at device 4.1 on pci0 \nehci1: [GIANT-LOCKED] \nusb3: EHCI version 1.0 \nusb3: companion controller, 12 ports each: usb2 \nusb3: \u003cEHCI (generic) USB 2.0 controller\u003e on ehci1 \nusb3: USB revision 2.0 \nuhub3: nVidia EHCI root hub, class 9/0, rev 2.00/1.00, addr 1 \nuhub3: 5 ports with 5 removable, self powered \natapci0: \u003cGENERIC ATA controller\u003e port 0x1f0-0x1f7,0x3f6,0x170-0x177,0x376,0xf000-0xf00f at device 6.0 on pci0 \nata0: \u003cATA channel 0\u003e on atapci0 \nata1: \u003cATA channel 1\u003e on atapci0 \npci0: \u003cmultimedia\u003e at device 7.0 (no driver attached) \npcib1: \u003cPCI-PCI bridge\u003e at device 8.0 on pci0 \npci1: \u003cPCI bus\u003e on pcib1 \natapci1: \u003cGENERIC ATA controller\u003e port 0x9f0-0x9f7,0xbf0-0xbf3,0x970-0x977,0xb70-0xb73,0xdc00-0xdc0f mem 0xfe02a000-0xfe02bfff irq 11 at device 9.0 on pci0 \nata2: \u003cATA channel 0\u003e on atapci1 \nata3: \u003cATA channel 1\u003e on atapci1 \npcib2: \u003cPCI-PCI bridge\u003e at device 11.0 on pci0 \npci2: \u003cPCI bus\u003e on pcib2 \npcib3: \u003cPCI-PCI bridge\u003e at device 12.0 on pci0 \npci3: \u003cPCI bus\u003e on pcib3 \nre0: \u003cRealTek 8168B/8111B PCIe Gigabit Ethernet\u003e port 0xac00-0xacff mem 0xfdbff000-0xfdbfffff irq 10 at device 0.0 on pci3 \nmiibus0: \u003cMII bus\u003e on re0 \nrgephy0: \u003cRTL8169S/8110S media interface\u003e on miibus0 \nrgephy0: 10baseT, 10baseT-FDX, 100baseTX, 100baseTX-FDX, 1000baseTX, 1000baseTX-FDX, auto \nre0: Ethernet address: 00:e0:4d:27:9c:18 \nre0: [FAST] \npcib4: \u003cPCI-PCI bridge\u003e at device 13.0 on pci0 \npci4: \u003cPCI bus\u003e on pcib4 \npcib5: \u003cPCI-PCI bridge\u003e at device 14.0 on pci0 \npci5: \u003cPCI bus\u003e on pcib5 \npcib6: \u003cPCI-PCI bridge\u003e at device 15.0 on pci0 \npci6: \u003cPCI bus\u003e on pcib6 \npcib7: \u003cPCI-PCI bridge\u003e at device 16.0 on pci0 \npci7: \u003cPCI bus\u003e on pcib7 \npcib8: \u003cPCI-PCI bridge\u003e at device 17.0 on pci0 \npci8: \u003cPCI bus\u003e on pcib8 \npci0: \u003cdisplay, VGA\u003e at device 18.0 (no driver attached) \natkbdc0: \u003cKeyboard controller (i8042)\u003e at port 0x60,0x64 on isa0 \natkbd0: \u003cAT Keyboard\u003e irq 1 on atkbdc0 \nkbd0 at atkbd0 \natkbd0: [GIANT-LOCKED] \nppc0: cannot reserve I/O port range \nsc0: \u003cSystem console\u003e at flags 0x100 on isa0 \nsc0: VGA \u003c16 virtual consoles, flags=0x300\u003e \nsio0: configured irq 4 not in bitmap of probed irqs 0 \nsio0: port may not be enabled \nsio0 at port 0x3f8-0x3ff irq 4 flags 0x10 on isa0 \nsio0: type 8250 or not responding \nsio1: configured irq 3 not in bitmap of probed irqs 0 \nsio1: port may not be enabled \nvga0: \u003cGeneric ISA VGA\u003e at port 0x3c0-0x3df iomem 0xa0000-0xbffff on isa0 \nTimecounter \"TSC\" frequency 2500023067 Hz quality 800 \nTimecounters tick every 1.000 msec \nacd0: CDRW \u003cSONY CD-RW CRX210E1/2YS2\u003e at ata0-slave UDMA33 \nad4: 305245MB \u003cSeagate ST3320620AS 3.AAK\u003e at ata2-master UDMA33 \nad6: 305245MB \u003cSeagate ST3320620AS 3.AAK\u003e at ata3-master UDMA33 \nar0: 305245MB \u003cnVidia MediaShield RAID1\u003e status: READY \nar0: disk0 READY (master) using ad4 at ata2-master \nar0: disk1 READY (mirror) using ad6 at ata3-master \nTrying to mount root from ufs:/dev/ar0s1a \nWARNING: / was not properly dismounted \nWARNING: /tmp was not properly dismounted \n/tmp: mount pending error: blocks 4576 files 1 \nWARNING: /usr was not properly dismounted \nWARNING: /var was not properly dismounted \nre0: link state changed to UP \n\n\n\n\n\n\n\npciconf -lv:\nnone0@pci0:0:0: class=0x050000 card=0x34091565 chip=0x054710de rev=0xa2 hdr=0x00 \nvendor = 'NVIDIA Corporation' \nclass = memory \nsubclass = RAM \nisab0@pci0:1:0: class=0x060100 card=0x34091565 chip=0x054810de rev=0xa2 hdr=0x00 \nvendor = 'NVIDIA Corporation' \nclass = bridge \nsubclass = PCI-ISA \nnone1@pci0:1:1: class=0x0c0500 card=0x34091565 chip=0x054210de rev=0xa2 hdr=0x00 \nvendor = 'NVIDIA Corporation' \nclass = serial bus \nsubclass = SMBus \nnone2@pci0:1:2: class=0x050000 card=0x00000000 chip=0x054110de rev=0xa2 hdr=0x00 \nvendor = 'NVIDIA Corporation' \nclass = memory \nsubclass = RAM \nnone3@pci0:1:3: class=0x0b4000 card=0x00000000 chip=0x054310de rev=0xa2 hdr=0x00 \nvendor = 'NVIDIA Corporation' \nclass = processor \nohci0@pci0:2:0: class=0x0c0310 card=0x34091565 chip=0x055e10de rev=0xa2 hdr=0x00 \nvendor = 'NVIDIA Corporation' \nclass = serial bus \nsubclass = USB \nehci0@pci0:2:1: class=0x0c0320 card=0x34091565 chip=0x055f10de rev=0xa2 hdr=0x00 \nvendor = 'NVIDIA Corporation' \nclass = serial bus \nsubclass = USB \nohci1@pci0:4:0: class=0x0c0310 card=0x34091565 chip=0x055e10de rev=0xa2 hdr=0x00 \nvendor = 'NVIDIA Corporation' \nclass = serial bus \nsubclass = USB \nehci1@pci0:4:1: class=0x0c0320 card=0x34091565 chip=0x055f10de rev=0xa2 hdr=0x00 \nvendor = 'NVIDIA Corporation' \nclass = serial bus \nsubclass = USB \natapci0@pci0:6:0: class=0x01018a card=0x34091565 chip=0x056010de rev=0xa1 hdr=0x00 \nvendor = 'NVIDIA Corporation' \nclass = mass storage \nsubclass = ATA \nnone4@pci0:7:0: class=0x040300 card=0x820c1565 chip=0x055c10de rev=0xa1 hdr=0x00 \nvendor = 'NVIDIA Corporation' \nclass = multimedia \npcib1@pci0:8:0: class=0x060401 card=0x000000b8 chip=0x056110de rev=0xa2 hdr=0x01 \nvendor = 'NVIDIA Corporation' \nclass = bridge \nsubclass = PCI-PCI \natapci1@pci0:9:0: class=0x010185 card=0x54071565 chip=0x055010de rev=0xa2 hdr=0x00 \nvendor = 'NVIDIA Corporation' \nclass = mass storage \nsubclass = ATA \npcib2@pci0:11:0: class=0x060400 card=0x00000040 chip=0x056210de rev=0xa2 hdr=0x01 \nvendor = 'NVIDIA Corporation' \nclass = bridge \nsubclass = PCI-PCI \npcib3@pci0:12:0: class=0x060400 card=0x00000040 chip=0x056310de rev=0xa2 hdr=0x01 \nvendor = 'NVIDIA Corporation' \nclass = bridge \nsubclass = PCI-PCI \npcib4@pci0:13:0: class=0x060400 card=0x00000040 chip=0x056310de rev=0xa2 hdr=0x01 \nvendor = 'NVIDIA Corporation' \nclass = bridge \nsubclass = PCI-PCI \npcib5@pci0:14:0: class=0x060400 card=0x00000040 chip=0x056310de rev=0xa2 hdr=0x01 \nvendor = 'NVIDIA Corporation' \nclass = bridge \nsubclass = PCI-PCI \npcib6@pci0:15:0: class=0x060400 card=0x00000040 chip=0x056310de rev=0xa2 hdr=0x01 \nvendor = 'NVIDIA Corporation' \nclass = bridge \nsubclass = PCI-PCI \npcib7@pci0:16:0: class=0x060400 card=0x00000040 chip=0x056310de rev=0xa2 hdr=0x01 \nvendor = 'NVIDIA Corporation' \nclass = bridge \nsubclass = PCI-PCI \npcib8@pci0:17:0: class=0x060400 card=0x00000040 chip=0x056310de rev=0xa2 hdr=0x01 \nvendor = 'NVIDIA Corporation' \nclass = bridge \nsubclass = PCI-PCI \nnone5@pci0:18:0: class=0x030000 card=0x14061565 chip=0x053e10de rev=0xa2 hdr=0x00 \nvendor = 'NVIDIA Corporation' \nclass = display \nsubclass = VGA \nhostb0@pci0:24:0: class=0x060000 card=0x00000000 chip=0x11001022 rev=0x00 hdr=0x00 \nvendor = 'Advanced Micro Devices (AMD)' \ndevice = 'Athlon 64 / Opteron HyperTransport Technology Configuration' \nclass = bridge \nsubclass = HOST-PCI \nhostb1@pci0:24:1: class=0x060000 card=0x00000000 chip=0x11011022 rev=0x00 hdr=0x00 \nvendor = 'Advanced Micro Devices (AMD)' \ndevice = 'Athlon 64 / Opteron Address Map' \nclass = bridge \nsubclass = HOST-PCI \nhostb2@pci0:24:2: class=0x060000 card=0x00000000 chip=0x11021022 rev=0x00 hdr=0x00 \nvendor = 'Advanced Micro Devices (AMD)' \ndevice = 'Athlon 64 / Opteron DRAM Controller' \nclass = bridge \nsubclass = HOST-PCI \nhostb3@pci0:24:3: class=0x060000 card=0x00000000 chip=0x11031022 rev=0x00 hdr=0x00 \nvendor = 'Advanced Micro Devices (AMD)' \ndevice = 'Athlon 64 / Opteron Miscellaneous Control' \nclass = bridge \nsubclass = HOST-PCI \nre0@pci3:0:0: class=0x020000 card=0x23051565 chip=0x816810ec rev=0x01 hdr=0x00 \nvendor = 'Realtek Semiconductor' \nclass = network \nsubclass = ethernet"
}