{
 "id": 363863,
 "bug_id": 106466,
 "attachment_id": 0,
 "creation_time": "2006-12-08T02:50:08Z",
 "creator": "dorinxp2004@yahoo.com",
 "text": "Timecounter \"i8254\" frequency 1193182 Hz quality 0\nCPU: Intel(R) Pentium(R) D CPU 3.00GHz (3000.01-MHz 686-class CPU)\n  Origin = \"GenuineIntel\"  Id = 0xf62  Stepping = 2\n  Features=0xbfebfbff\u003cFPU,VME,DE,PSE,TSC,MSR,PAE,MCE,CX8,APIC,SEP,MTRR,PGE,MCA,CMOV,PAT,PSE36,CLFLUSH,DTS,ACPI,MMX,FXSR,SSE,SSE2,SS,HTT,TM,PBE\u003e\n  Features2=0xe43d\u003cSSE3,RSVD2,MON,DS_CPL,VMX,CNTX-ID,CX16,\u003cb14\u003e,\u003cb15\u003e\u003e\n  AMD Features=0x20100000\u003cNX,LM\u003e\n  AMD Features2=0x1\u003cLAHF\u003e\n  Cores per package: 2\nreal memory  = 1073545216 (1023 MB)\navail memory = 1037230080 (989 MB)\nACPI APIC Table: \u003cA M I  OEMAPIC \u003e\nFreeBSD/SMP: Multiprocessor System Detected: 2 CPUs\n cpu0 (BSP): APIC ID:  0\n cpu1 (AP): APIC ID:  1\nioapic0: Changing APIC ID to 2\nioapic0 \u003cVersion 2.0\u003e irqs 0-23 on motherboard\nkbd1 at kbdmux0\nacpi0: \u003cA M I OEMRSDT\u003e on motherboard\nacpi_bus_number: can't get _ADR\nacpi_bus_number: can't get _ADR\nacpi_bus_number: can't get _ADR\nacpi_bus_number: can't get _ADR\nacpi0: Power Button (fixed)\nacpi_bus_number: can't get _ADR\nacpi_bus_number: can't get _ADR\nTimecounter \"ACPI-fast\" frequency 3579545 Hz quality 1000\nacpi_timer0: \u003c24-bit timer at 3.579545MHz\u003e port 0x808-0x80b on acpi0\ncpu0: \u003cACPI CPU\u003e on acpi0\n    ACPI-1304: *** Error: Method execution failed [\\\\_PR_.CPU1._PDC] (Node 0xc4eeb240), AE_BAD_HEADER\nacpi_throttle0: \u003cACPI CPU Throttling\u003e on cpu0\ncpu1: \u003cACPI CPU\u003e on acpi0\n    ACPI-1304: *** Error: Method execution failed [\\\\_PR_.CPU2._PDC] (Node 0xc4eeb140), AE_BAD_HEADER\nacpi_throttle1: \u003cACPI CPU Throttling\u003e on cpu1\nacpi_throttle1: failed to attach P_CNT\n\nthis i took from /var/run/dmesg.boot\nSMP don`t works due to acpi problem .\nwhat can i do to fix it and make SMP work?"
}