{
 "id": 1003826,
 "bug_id": 230168,
 "attachment_id": 0,
 "creation_time": "2018-07-29T22:40:33Z",
 "creator": "sbruno@FreeBSD.org",
 "text": "Full boot console messages:\n\nKDB: debugger backends: ddb\nKDB: current backend: ddb\nCopyright (c) 1992-2018 The FreeBSD Project.\nCopyright (c) 1979, 1980, 1983, 1986, 1988, 1989, 1991, 1992, 1993, 1994\n        The Regents of the University of California. All rights reserved.\nFreeBSD is a registered trademark of The FreeBSD Foundation.\nFreeBSD 12.0-CURRENT #1 r336855M: Sun Jul 29 21:42:47 UTC 2018\n    sbruno@admin.nyi.freebsd.org:/var/tmp/home/sbruno/fbsd_head/powerpc.powerpc64/sys/GENERIC64 powerpc\ngcc version 4.2.1 20070831 patched [FreeBSD]\nWARNING: WITNESS option enabled, expect reduced performance.\nVT: init without driver.\ncpu0: IBM POWER8 revision 2.0, 3000.00 MHz\ncpu0: Features dc007182\u003cPPC32,PPC64,ALTIVEC,FPU,MMU,SMT,ISNOOP,ARCH205,ARCH206,VSX,TRUELE\u003e\ncpu0: Features2 ef000000\u003cARCH207,HTM,DSCR,ISEL,TAR,VCRYPTO,HTMNOSC\u003e\nreal memory  = 16987684864 (16200 MB)\navailable KVA = 34359590911 (32767 MB)\nPhysical memory chunk(s):\n0x0000000000003000 - 0x0000000000002fff, 0 bytes (0 pages)\n0x0000000000025000 - 0x0000000001bfffff, 29208576 bytes (7131 pages)\n0x000000003d441000 - 0x000000003fffffff, 45871104 bytes (11199 pages)\n0x0000000050000000 - 0x000000007ffeffff, 805240832 bytes (196592 pages)\n0x000000007fff7000 - 0x00000003e6b88fff, 14608310272 bytes (3566482 pages)\n0x00000003fdb00000 - 0x00000003ffffffff, 38797312 bytes (9472 pages)\n0x0000000003423000 - 0x000000002fffffff, 750637056 bytes (183261 pages)\navail memory = 16208437248 (15457 MB)\nFreeBSD/SMP: Multiprocessor System Detected: 32 CPUs\ncpu0: dev=60 (BSP)\ncpu1: dev=61\ncpu2: dev=62\ncpu3: dev=63\ncpu4: dev=64\ncpu5: dev=65\ncpu6: dev=66\ncpu7: dev=67\ncpu8: dev=8\ncpu9: dev=9\ncpu10: dev=a\ncpu11: dev=b\ncpu12: dev=c\ncpu13: dev=d\ncpu14: dev=e\ncpu15: dev=f\ncpu16: dev=10\ncpu17: dev=11\ncpu18: dev=12\ncpu19: dev=13\ncpu20: dev=14\ncpu21: dev=15\ncpu22: dev=16\ncpu23: dev=17\ncpu24: dev=20\ncpu25: dev=21\ncpu26: dev=22\ncpu27: dev=23\ncpu28: dev=24\ncpu29: dev=25\ncpu30: dev=26\ncpu31: dev=27\narc4random: no preloaded entropy cache\nVIMAGE (virtualized network stack) enabled\nULE: setup cpu 0\nULE: setup cpu 1\nULE: setup cpu 2\nULE: setup cpu 3\nULE: setup cpu 4\nULE: setup cpu 5\nULE: setup cpu 6\nULE: setup cpu 7\nULE: setup cpu 8\nULE: setup cpu 9\nULE: setup cpu 10\nULE: setup cpu 11\nULE: setup cpu 12\nULE: setup cpu 13\nULE: setup cpu 14\nULE: setup cpu 15\nULE: setup cpu 16\nULE: setup cpu 17\nULE: setup cpu 18\nULE: setup cpu 19\nULE: setup cpu 20\nULE: setup cpu 21\nULE: setup cpu 22\nULE: setup cpu 23\nULE: setup cpu 24\nULE: setup cpu 25\nULE: setup cpu 26\nULE: setup cpu 27\nULE: setup cpu 28\nULE: setup cpu 29\nULE: setup cpu 30\nULE: setup cpu 31\nrandom: entropy device external interface\nfirmware: 't6fw_cfg' version 0: 6024 bytes loaded at 0xc000000002c5e37c\nfirmware: 't6fw_cfg_uwire' version 0: 21901 bytes loaded at 0xc000000002c5fb04\nfirmware: 't6fw' version 0: 698368 bytes loaded at 0xc000000002c65091\nfirmware: 't4fw_cfg' version 0: 4626 bytes loaded at 0xc000000002b2a9f4\nfirmware: 't4fw_cfg_uwire' version 0: 21525 bytes loaded at 0xc000000002b2bc06\nfirmware: 't4fw' version 0: 553984 bytes loaded at 0xc000000002b3101b\nfirmware: 't5fw_cfg' version 0: 6006 bytes loaded at 0xc000000002bb8438\nfirmware: 't5fw_cfg_uwire' version 0: 21935 bytes loaded at 0xc000000002bb9bae\nfirmware: 't5fw' version 0: 651776 bytes loaded at 0xc000000002bbf15d\nsnd_unit_init() u=0x00ff8000 [512] d=0x00007c00 [32] c=0x000003ff [1024]\nfeeder_register: snd_unit=-1 snd_maxautovchans=16 latency=5 feeder_rate_min=1 feeder_rate_max=2016000 feeder_rate_round=25\nfirmware: 'isp_1040' version 1: 22944 bytes loaded at 0xc00000000293ce90\nfirmware: 'isp_1080' version 1: 31350 bytes loaded at 0xc000000002942830\nfirmware: 'isp_12160' version 1: 28050 bytes loaded at 0xc00000000294a2a6\nfirmware: 'isp_2100' version 1: 76770 bytes loaded at 0xc000000002951038\nfirmware: 'isp_2200' version 1: 84566 bytes loaded at 0xc000000002963c1a\nfirmware: 'isp_2300' version 1: 125252 bytes loaded at 0xc000000002978670\nfirmware: 'isp_2322' version 1: 120814 bytes loaded at 0xc000000002996fb4\nfirmware: 'isp_2400' version 1: 204396 bytes loaded at 0xc0000000029b831c\nfirmware: 'isp_2500' version 1: 218712 bytes loaded at 0xc0000000029f8f70\nmem: \u003cmemory\u003e\nnull: \u003cfull device, null device, zero device\u003e\nnfslock: pseudo-device\nopenfirm: \u003cOpen Firmware control device\u003e\nkbd0 at kbdmux0\nrandom: harvesting attach, 8 bytes (4 bits) from nexus0\nofwbus0: \u003cOpen Firmware Device Tree\u003e on nexus0\npcib0: \u003cOPAL Host-PCI bridge\u003e mem 0x3fffe40000000-0x3fffe40000fff on ofwbus0\npcib0: OPAL ID 0x2\nnexus mapdev: start 3fffe40000000, len 4096\npcib0: Mapping 0-0x400000000 for DMA\npcib0: Supports 2040 MSIs starting at 2048\nrandom: harvesting attach, 8 bytes (4 bits) from pcib0\npcib1: \u003cOPAL Host-PCI bridge\u003e mem 0x3fffe40100000-0x3fffe40100fff on ofwbus0\npcib1: OPAL ID 0x1\nnexus mapdev: start 3fffe40100000, len 4096\npcib1: Mapping 0-0x400000000 for DMA\npcib1: Supports 2040 MSIs starting at 4096\nrandom: harvesting attach, 8 bytes (4 bits) from pcib1\npcib2: \u003cOPAL Host-PCI bridge\u003e mem 0x3fffe40200000-0x3fffe40200fff on ofwbus0\npcib2: OPAL ID 0\nnexus mapdev: start 3fffe40200000, len 4096\npcib2: Mapping 0-0x400000000 for DMA\npcib2: Supports 2040 MSIs starting at 6144\nrandom: harvesting attach, 8 bytes (4 bits) from pcib2\nrandom: harvesting attach, 8 bytes (4 bits) from ofwbus0\nxicp0: \u003cExternal Interrupt Presentation Controller\u003e mem 0x3ffff80008000-0x3ffff80008fff,0x3ffff80009000-0x3ffff80009fff,0x3ffff8000a000-0x3ffff8000afff,0x3ffff8000b000-0x3ffff8000bfff,0x3ffff8000c000-0x3ffff8000cfff,0x3ffff8000d000-0x3ffff8000dfff,0x3ffff8000e000-0x3ffff8000efff,0x3ffff8000f000-0x3ffff8000ffff on ofwbus0\nxicp0: Handling CPUs 8-15\nnexus mapdev: start 3ffff80008000, len 4096\nnexus mapdev: start 3ffff80009000, len 4096\nnexus mapdev: start 3ffff8000a000, len 4096\nnexus mapdev: start 3ffff8000b000, len 4096\nnexus mapdev: start 3ffff8000c000, len 4096\nnexus mapdev: start 3ffff8000d000, len 4096\nnexus mapdev: start 3ffff8000e000, len 4096\nnexus mapdev: start 3ffff8000f000, len 4096\nrandom: harvesting attach, 8 bytes (4 bits) from xicp0\nxicp1: \u003cExternal Interrupt Presentation Controller\u003e mem 0x3ffff80010000-0x3ffff80010fff,0x3ffff80011000-0x3ffff80011fff,0x3ffff80012000-0x3ffff80012fff,0x3ffff80013000-0x3ffff80013fff,0x3ffff80014000-0x3ffff80014fff,0x3ffff80015000-0x3ffff80015fff,0x3ffff80016000-0x3ffff80016fff,0x3ffff80017000-0x3ffff80017fff on ofwbus0\nxicp1: Handling CPUs 16-23\nnexus mapdev: start 3ffff80010000, len 4096\nnexus mapdev: start 3ffff80011000, len 4096\nnexus mapdev: start 3ffff80012000, len 4096\nnexus mapdev: start 3ffff80013000, len 4096\nnexus mapdev: start 3ffff80014000, len 4096\nnexus mapdev: start 3ffff80015000, len 4096\nnexus mapdev: start 3ffff80016000, len 4096\nnexus mapdev: start 3ffff80017000, len 4096\nrandom: harvesting attach, 8 bytes (4 bits) from xicp1\nxicp2: \u003cExternal Interrupt Presentation Controller\u003e mem 0x3ffff80020000-0x3ffff80020fff,0x3ffff80021000-0x3ffff80021fff,0x3ffff80022000-0x3ffff80022fff,0x3ffff80023000-0x3ffff80023fff,0x3ffff80024000-0x3ffff80024fff,0x3ffff80025000-0x3ffff80025fff,0x3ffff80026000-0x3ffff80026fff,0x3ffff80027000-0x3ffff80027fff on ofwbus0\nxicp2: Handling CPUs 32-39\nnexus mapdev: start 3ffff80020000, len 4096\nnexus mapdev: start 3ffff80021000, len 4096\nnexus mapdev: start 3ffff80022000, len 4096\nnexus mapdev: start 3ffff80023000, len 4096\nnexus mapdev: start 3ffff80024000, len 4096\nnexus mapdev: start 3ffff80025000, len 4096\nnexus mapdev: start 3ffff80026000, len 4096\nnexus mapdev: start 3ffff80027000, len 4096\nrandom: harvesting attach, 8 bytes (4 bits) from xicp2\nxicp3: \u003cExternal Interrupt Presentation Controller\u003e mem 0x3ffff80060000-0x3ffff80060fff,0x3ffff80061000-0x3ffff80061fff,0x3ffff80062000-0x3ffff80062fff,0x3ffff80063000-0x3ffff80063fff,0x3ffff80064000-0x3ffff80064fff,0x3ffff80065000-0x3ffff80065fff,0x3ffff80066000-0x3ffff80066fff,0x3ffff80067000-0x3ffff80067fff on ofwbus0\nxicp3: Handling CPUs 96-103\nnexus mapdev: start 3ffff80060000, len 4096\nnexus mapdev: start 3ffff80061000, len 4096\nnexus mapdev: start 3ffff80062000, len 4096\nnexus mapdev: start 3ffff80063000, len 4096\nnexus mapdev: start 3ffff80064000, len 4096\nnexus mapdev: start 3ffff80065000, len 4096\nnexus mapdev: start 3ffff80066000, len 4096\nnexus mapdev: start 3ffff80067000, len 4096\nrandom: harvesting attach, 8 bytes (4 bits) from xicp3\nxics0: \u003cExternal Interrupt Source Controller\u003e on ofwbus0\nrandom: harvesting attach, 8 bytes (4 bits) from xics0\ncpulist0: \u003cOpen Firmware CPU Group\u003e on ofwbus0\ncpu0: \u003cOpen Firmware CPU\u003e on cpulist0\nrandom: harvesting attach, 8 bytes (4 bits) from cpu0\ncpu1: \u003cOpen Firmware CPU\u003e on cpulist0\nrandom: harvesting attach, 8 bytes (4 bits) from cpu1\ncpu2: \u003cOpen Firmware CPU\u003e on cpulist0\nrandom: harvesting attach, 8 bytes (4 bits) from cpu2\ncpu3: \u003cOpen Firmware CPU\u003e on cpulist0\nrandom: harvesting attach, 8 bytes (4 bits) from cpu3\nrandom: harvesting attach, 8 bytes (4 bits) from cpulist0\nofwbus0: \u003cpsi@3fffe80000000\u003e mem 0x3fffe80000000-0x3ffff7fffffff irq 16 compat ibm,psi (no driver attached)\npowernv_centaur0: \u003ccentaur\u003e mem 0x3e02000000000-0x3e027ffffffff on ofwbus0\nrandom: harvesting attach, 8 bytes (4 bits) from powernv_centaur0\npowernv_xscom0: \u003cxscom\u003e mem 0x3fc0000000000-0x3fc07ffffffff on ofwbus0\nrandom: harvesting attach, 8 bytes (4 bits) from powernv_xscom0\nopal0: \u003cOPAL Abstraction Firmware\u003e irq 16,17,18,19,20,21,8190,8191,6142,6143,4094,4095 on ofwbus0\nopal0: registered as a time-of-day clock, resolution 0.002000s\nofwbus0: no default resources for rid = 12, type = 1\nopalcons0: \u003cOPAL Consoles\u003e on opal0\nuart0: \u003cOPAL Serial Port\u003e on opalcons0\nuart0: console\nrandom: harvesting attach, 8 bytes (4 bits) from uart0\nrandom: harvesting attach, 8 bytes (4 bits) from opalcons0\nrandom: harvesting attach, 8 bytes (4 bits) from opal0\nofwbus0: \u003chwrng@3ffff40000000\u003e mem 0x3ffff40000000-0x3ffff40000fff compat ibm,power-rng (no driver attached)\npci0: \u003cOFW PCI bus\u003e on pcib0\npci0: domain=0, physical bus=0\nfound-\u003e vendor=0x1014, dev=0x03dc, revid=0x00\n        domain=0, bus=0, slot=0, func=0\n        class=06-04-00, hdrtype=0x01, mfdev=0\n        cmdreg=0x0146, statreg=0x0010, cachelnsz=0 (dwords)\n        lattimer=0x00 (0 ns), mingnt=0x00 (0 ns), maxlat=0x00 (0 ns)\n        powerspec 3  supports D0 D3  current D0\npcib3: \u003cOFW PCI-PCI bridge\u003e at device 0.0 on pci0\npcib3:   domain            0\npcib3:   secondary bus     1\npcib3:   subordinate bus   1\npci3: \u003cOFW PCI bus\u003e on pcib3\npci3: domain=0, physical bus=1\nrandom: harvesting attach, 8 bytes (4 bits) from pci3\nrandom: harvesting attach, 8 bytes (4 bits) from pcib3\nrandom: harvesting attach, 8 bytes (4 bits) from pci0\npci1: \u003cOFW PCI bus\u003e on pcib1\npci1: domain=1, physical bus=0\nfound-\u003e vendor=0x1014, dev=0x03dc, revid=0x00\n        domain=1, bus=0, slot=0, func=0\n        class=06-04-00, hdrtype=0x01, mfdev=0\n        cmdreg=0x0143, statreg=0x0010, cachelnsz=0 (dwords)\n        lattimer=0x00 (0 ns), mingnt=0x00 (0 ns), maxlat=0x00 (0 ns)\n        powerspec 3  supports D0 D3  current D0\npcib4: \u003cOFW PCI-PCI bridge\u003e at device 0.0 on pci1\npcib4:   domain            1\npcib4:   secondary bus     1\npcib4:   subordinate bus   7\npcib4:   memory decode     0x80000000-0x82ffffff\npcib4:   prefetched decode 0x3b1010000000-0x3b101fffffff\npci4: \u003cOFW PCI bus\u003e on pcib4\npci4: domain=1, physical bus=1\nfound-\u003e vendor=0x10b5, dev=0x8718, revid=0xaa\n        domain=1, bus=1, slot=0, func=0\n        class=06-04-00, hdrtype=0x01, mfdev=0\n        cmdreg=0x0143, statreg=0x0010, cachelnsz=0 (dwords)\n        lattimer=0x00 (0 ns), mingnt=0x00 (0 ns), maxlat=0x00 (0 ns)\n        intpin=a, irq=0\n        powerspec 3  supports D0 D3  current D0\n        MSI supports 8 messages, 64 bit, vector masks\n        map[10]: type Memory, range 32, base 0x82800000, size 18, enabled\npcib4: allocated memory range (0x82800000-0x8283ffff) for rid 10 of pci1:1:0:0\npcib5: \u003cOFW PCI-PCI bridge\u003e mem 0x82800000-0x8283ffff irq 6136 at device 0.0 on pci4\npcib4: allocated memory range (0x80000000-0x827fffff) for rid 20 of pcib5\npcib4: allocated prefetch range (0x3b1010000000-0x3b101fffffff) for rid 24 of pcib5\npcib5:   domain            1\npcib5:   secondary bus     2\npcib5:   subordinate bus   7\npcib5:   memory decode     0x80000000-0x827fffff\npcib5:   prefetched decode 0x3b1010000000-0x3b101fffffff\npci5: \u003cOFW PCI bus\u003e on pcib5\npci5: domain=1, physical bus=2\nfound-\u003e vendor=0x10b5, dev=0x8718, revid=0xaa\n        domain=1, bus=2, slot=1, func=0\n        class=06-04-00, hdrtype=0x01, mfdev=0\n        cmdreg=0x0143, statreg=0x0010, cachelnsz=0 (dwords)\n        lattimer=0x00 (0 ns), mingnt=0x00 (0 ns), maxlat=0x00 (0 ns)\n        intpin=a, irq=0\n        powerspec 3  supports D0 D3  current D0\n        MSI supports 8 messages, 64 bit, vector masks\nfound-\u003e vendor=0x10b5, dev=0x8718, revid=0xaa\n        domain=1, bus=2, slot=2, func=0\n        class=06-04-00, hdrtype=0x01, mfdev=0\n        cmdreg=0x0143, statreg=0x0010, cachelnsz=0 (dwords)\n        lattimer=0x00 (0 ns), mingnt=0x00 (0 ns), maxlat=0x00 (0 ns)\n        intpin=a, irq=0\n        powerspec 3  supports D0 D3  current D0\n        MSI supports 8 messages, 64 bit, vector masks\nfound-\u003e vendor=0x10b5, dev=0x8718, revid=0xaa\n        domain=1, bus=2, slot=3, func=0\n        class=06-04-00, hdrtype=0x01, mfdev=0\n        cmdreg=0x0143, statreg=0x0010, cachelnsz=0 (dwords)\n        lattimer=0x00 (0 ns), mingnt=0x00 (0 ns), maxlat=0x00 (0 ns)\n        intpin=a, irq=0\n        powerspec 3  supports D0 D3  current D0\n        MSI supports 8 messages, 64 bit, vector masks\nfound-\u003e vendor=0x10b5, dev=0x8718, revid=0xaa\n        domain=1, bus=2, slot=4, func=0\n        class=06-04-00, hdrtype=0x01, mfdev=0\n        cmdreg=0x0143, statreg=0x0010, cachelnsz=0 (dwords)\n        lattimer=0x00 (0 ns), mingnt=0x00 (0 ns), maxlat=0x00 (0 ns)\n        intpin=a, irq=0\n        powerspec 3  supports D0 D3  current D0\n        MSI supports 8 messages, 64 bit, vector masks\npcib6: \u003cOFW PCI-PCI bridge\u003e irq 6137 at device 1.0 on pci5\npcib5: allocated memory range (0x80000000-0x817fffff) for rid 20 of pcib6\npcib6:   domain            1\npcib6:   secondary bus     3\npcib6:   subordinate bus   4\npcib6:   memory decode     0x80000000-0x817fffff\npci6: \u003cOFW PCI bus\u003e on pcib6\npci6: domain=1, physical bus=3\nfound-\u003e vendor=0x1a03, dev=0x1150, revid=0x03\n        domain=1, bus=3, slot=0, func=0\n        class=06-04-00, hdrtype=0x01, mfdev=0\n        cmdreg=0x0143, statreg=0x0010, cachelnsz=0 (dwords)\n        lattimer=0x00 (0 ns), mingnt=0x00 (0 ns), maxlat=0x00 (0 ns)\n        powerspec 3  supports D0 D1 D2 D3  current D0\n        MSI supports 1 message, 64 bit\npcib7: \u003cOFW PCI-PCI bridge\u003e at device 0.0 on pci6\npcib6: allocated memory range (0x80000000-0x817fffff) for rid 20 of pcib7\npcib7:   domain            1\npcib7:   secondary bus     4\npcib7:   subordinate bus   4\npcib7:   memory decode     0x80000000-0x817fffff\npci7: \u003cOFW PCI bus\u003e on pcib7\npci7: domain=1, physical bus=4\nfound-\u003e vendor=0x1a03, dev=0x2000, revid=0x30\n        domain=1, bus=4, slot=0, func=0\n        class=03-00-00, hdrtype=0x00, mfdev=0\n        cmdreg=0x0143, statreg=0x0210, cachelnsz=0 (dwords)\n        lattimer=0x00 (0 ns), mingnt=0x00 (0 ns), maxlat=0x00 (0 ns)\n        intpin=a, irq=0\n        powerspec 3  supports D0 D1 D2 D3  current D0\n        MSI supports 4 messages, 64 bit\n        map[10]: type Memory, range 32, base 0x80000000, size 24, enabled\npcib7: allocated memory range (0x80000000-0x80ffffff) for rid 10 of pci1:4:0:0\n        map[14]: type Memory, range 32, base 0x81000000, size 17, enabled\npcib7: allocated memory range (0x81000000-0x8101ffff) for rid 14 of pci1:4:0:0\n        map[18]: type I/O Port, range 32, base 0, size  7, enabled\nvgapci0: \u003cVGA-compatible display\u003e mem 0x80000000-0x80ffffff,0x81000000-0x8101ffff irq 6137 at device 0.0 on pci7\nrandom: harvesting attach, 8 bytes (4 bits) from vgapci0\nrandom: harvesting attach, 8 bytes (4 bits) from pci7\nrandom: harvesting attach, 8 bytes (4 bits) from pcib7\nrandom: harvesting attach, 8 bytes (4 bits) from pci6\nrandom: harvesting attach, 8 bytes (4 bits) from pcib6\npcib8: \u003cOFW PCI-PCI bridge\u003e irq 6138 at device 2.0 on pci5\npcib5: allocated memory range (0x81800000-0x81ffffff) for rid 20 of pcib8\npcib8:   domain            1\npcib8:   secondary bus     5\npcib8:   subordinate bus   5\npcib8:   memory decode     0x81800000-0x81ffffff\npci8: \u003cOFW PCI bus\u003e on pcib8\npci8: domain=1, physical bus=5\nfound-\u003e vendor=0x104c, dev=0x8241, revid=0x02\n        domain=1, bus=5, slot=0, func=0\n        class=0c-03-30, hdrtype=0x00, mfdev=0\n        cmdreg=0x0142, statreg=0x0010, cachelnsz=0 (dwords)\n        lattimer=0x00 (0 ns), mingnt=0x00 (0 ns), maxlat=0x00 (0 ns)\n        intpin=a, irq=0\n        powerspec 3  supports D0 D1 D2 D3  current D0\n        MSI supports 8 messages, 64 bit\n        MSI-X supports 8 messages in map 0x18\n        map[10]: type Memory, range 64, base 0x81800000, size 16, enabled\npcib8: allocated memory range (0x81800000-0x8180ffff) for rid 10 of pci1:5:0:0\n        map[18]: type Memory, range 64, base 0x81810000, size 13, enabled\npcib8: allocated memory range (0x81810000-0x81811fff) for rid 18 of pci1:5:0:0\nxhci0: \u003cXHCI (generic) USB 3.0 controller\u003e mem 0x81800000-0x8180ffff,0x81810000-0x81811fff irq 6138 at device 0.0 on pci8\nofw_pci mapdev: start 3fe081800000, len 65536\nxhci0: 64 bytes context size, 64-bit DMA\nofw_pci mapdev: start 3fe081810000, len 8192\nxhci0: attempting to allocate 1 MSI-X vectors (8 supported)\nxhci0: using IRQ 33562616 for MSI-X\nxhci0: MSI-X enabled\nusbus0 on xhci0\nxhci0: usbpf: Attached\nrandom: harvesting attach, 8 bytes (4 bits) from usbus0\nrandom: harvesting attach, 8 bytes (4 bits) from xhci0\nrandom: harvesting attach, 8 bytes (4 bits) from pci8\nrandom: harvesting attach, 8 bytes (4 bits) from pcib8\npcib9: \u003cOFW PCI-PCI bridge\u003e irq 6139 at device 3.0 on pci5\npcib5: allocated prefetch range (0x3b1010000000-0x3b101fffffff) for rid 24 of pcib9\npcib9:   domain            1\npcib9:   secondary bus     6\npcib9:   subordinate bus   6\npcib9:   prefetched decode 0x3b1010000000-0x3b101fffffff\npci9: \u003cOFW PCI bus\u003e on pcib9\npci9: domain=1, physical bus=6\nfound-\u003e vendor=0x14e4, dev=0x1656, revid=0x10\n        domain=1, bus=6, slot=0, func=0\n        class=02-00-00, hdrtype=0x00, mfdev=1\n        cmdreg=0x0142, statreg=0x0010, cachelnsz=0 (dwords)\n        lattimer=0x00 (0 ns), mingnt=0x00 (0 ns), maxlat=0x00 (0 ns)\n        intpin=a, irq=0\n        powerspec 3  supports D0 D3  current D0\n        MSI supports 8 messages, 64 bit\n        MSI-X supports 17 messages in map 0x20\n        map[10]: type Prefetchable Memory, range 64, base 0x3b1010000000, size 16, enabled\npcib9: allocated prefetch range (0x3b1010000000-0x3b101000ffff) for rid 10 of pci1:6:0:0\n        map[18]: type Prefetchable Memory, range 64, base 0x3b1010010000, size 16, enabled\npcib9: allocated prefetch range (0x3b1010010000-0x3b101001ffff) for rid 18 of pci1:6:0:0\n        map[20]: type Prefetchable Memory, range 64, base 0x3b1010020000, size 16, enabled\npcib9: allocated prefetch range (0x3b1010020000-0x3b101002ffff) for rid 20 of pci1:6:0:0\nfound-\u003e vendor=0x14e4, dev=0x1656, revid=0x10\n        domain=1, bus=6, slot=0, func=1\n        class=02-00-00, hdrtype=0x00, mfdev=1\n        cmdreg=0x0142, statreg=0x0010, cachelnsz=0 (dwords)\n        lattimer=0x00 (0 ns), mingnt=0x00 (0 ns), maxlat=0x00 (0 ns)\n        intpin=b, irq=0\n        powerspec 3  supports D0 D3  current D0\n        MSI supports 8 messages, 64 bit\n        MSI-X supports 17 messages in map 0x20\n        map[10]: type Prefetchable Memory, range 64, base 0x3b1010030000, size 16, enabled\npcib9: allocated prefetch range (0x3b1010030000-0x3b101003ffff) for rid 10 of pci1:6:0:1\n        map[18]: type Prefetchable Memory, range 64, base 0x3b1010040000, size 16, enabled\npcib9: allocated prefetch range (0x3b1010040000-0x3b101004ffff) for rid 18 of pci1:6:0:1\n        map[20]: type Prefetchable Memory, range 64, base 0x3b1010050000, size 16, enabled\npcib9: allocated prefetch range (0x3b1010050000-0x3b101005ffff) for rid 20 of pci1:6:0:1\nbge0: \u003cBroadcom BCM5717 B0, ASIC rev. 0x5717100\u003e mem 0x3b1010000000-0x3b101000ffff,0x3b1010010000-0x3b101001ffff,0x3b1010020000-0x3b101002ffff irq 6139 at device 0.0 on pci9\nofw_pci mapdev: start 3b1010000000, len 65536\nofw_pci mapdev: start 3b1010010000, len 65536\nbge0: APE FW version: NCSI v1.2.45.0\nbge0: attempting to allocate 1 MSI vectors (8 supported)\nbge0: using IRQ 33562617 for MSI\nbge0: CHIP ID 0x05717100; ASIC REV 0x5717; CHIP REV 0x57171; PCI-E\nbge0: Disabling fastboot\nT-FDX-master, auto, auto-flow\nrandom: harvesting attach, 8 bytes (4 bits) from brgphy0\nrandom: harvesting attach, 8 bytes (4 bits) from miibus0\nbge0: Using defaults for TSO: 65518/35/2048\nbge0: bpf attached\nbge0: Ethernet address: a0:42:3f:28:47:1d\nrandom: harvesting attach, 8 bytes (4 bits) from bge0\nbge1: \u003cBroadcom BCM5717 B0, ASIC rev. 0x5717100\u003e mem 0x3b1010030000-0x3b101003ffff,0x3b1010040000-0x3b101004ffff,0x3b1010050000-0x3b101005ffff irq 6136 at device 0.1 on pci9\nofw_pci mapdev: start 3b1010030000, len 65536\nofw_pci mapdev: start 3b1010040000, len 65536\nbge1: APE FW version: NCSI v1.2.45.0\nbge1: attempting to allocate 1 MSI vectors (8 supported)\nbge1: using IRQ 33562618 for MSI\nbge1: CHIP ID 0x05717100; ASIC REV 0x5717; CHIP REV 0x57171; PCI-E\nbge1: Disabling fastboot\nmiibus1: \u003cMII bus\u003e on bge1\nbrgphy1: \u003cBCM5717C 1000BASE-T media interface\u003e PHY 2 on miibus1\nbrgphy1: OUI 0x001be9, model 0x0020, rev. 0\nbrgphy1:  10baseT, 10baseT-FDX, 100baseTX, 100baseTX-FDX, 1000baseT, 1000baseT-master, 1000baseT-FDX, 1000baseT-FDX-master, auto, auto-flow\nrandom: harvesting attach, 8 bytes (4 bits) from brgphy1\nrandom: harvesting attach, 8 bytes (4 bits) from miibus1\nbge1: Using defaults for TSO: 65518/35/2048\nbge1: bpf attached\nbge1: Ethernet address: a0:42:3f:28:47:1e\nrandom: harvesting attach, 8 bytes (4 bits) from bge1\nrandom: harvesting attach, 8 bytes (4 bits) from pci9\nrandom: harvesting attach, 8 bytes (4 bits) from pcib9\npcib10: \u003cOFW PCI-PCI bridge\u003e irq 6136 at device 4.0 on pci5\npcib5: allocated memory range (0x82000000-0x827fffff) for rid 20 of pcib10\npcib10:   domain            1\npcib10:   secondary bus     7\npcib10:   subordinate bus   7\npcib10:   memory decode     0x82000000-0x827fffff\npci10: \u003cOFW PCI bus\u003e on pcib10\npci10: domain=1, physical bus=7\nfound-\u003e vendor=0x1b4b, dev=0x9235, revid=0x11\n        domain=1, bus=7, slot=0, func=0\n        class=01-06-01, hdrtype=0x00, mfdev=0\n        cmdreg=0x0143, statreg=0x0010, cachelnsz=0 (dwords)\n        lattimer=0x00 (0 ns), mingnt=0x00 (0 ns), maxlat=0x00 (0 ns)\n        intpin=a, irq=0\n        powerspec 3  supports D0 D3  current D0\n        MSI supports 1 message\n        map[10]: type I/O Port, range 32, base 0x8000, size  3, enabled\npcib1: failed to reserve resource for pcib4\npcib4: failed to allocate initial I/O port window (0x8000-0x8fff,0x1000)\npcib5: failed to allocate initial I/O port window (0x8000-0x8fff,0x1000)\npcib10: failed to allocate initial I/O port window (0x8000-0x8007,0x8)\npci10: pci1:7:0:0 bar 0x10 failed to allocate\n        map[14]: type I/O Port, range 32, base 0x8040, size  2, port disabled\npcib1: failed to reserve resource for pcib4\npcib4: failed to allocate initial I/O port window (0x8000-0x8fff,0x1000)\npcib5: failed to allocate initial I/O port window (0x8000-0x8fff,0x1000)\npcib10: failed to allocate initial I/O port window (0x8040-0x8043,0x4)\npci10: pci1:7:0:0 bar 0x14 failed to allocate\n        map[18]: type I/O Port, range 32, base 0x8100, size  3, port disabled\npcib1: failed to reserve resource for pcib4\npcib4: failed to allocate initial I/O port window (0x8000-0x8fff,0x1000)\npcib5: failed to allocate initial I/O port window (0x8000-0x8fff,0x1000)\npcib10: failed to allocate initial I/O port window (0x81\npcib10: failed to allocate initial I/O port window (0x8140-0x8143,0x4)\npci10: pci1:7:0:0 bar 0x1c failed to allocate\n        map[20]: type I/O Port, range 32, base 0x800000, size  5, port disabled\npcib1: failed to reserve resource for pcib4\npcib4: failed to allocate initial I/O port window (0x800000-0x800fff,0x1000)\npcib5: failed to allocate initial I/O port window (0x800000-0x800fff,0x1000)\npcib10: failed to allocate initial I/O port window (0x800000-0x80001f,0x20)\npci10: pci1:7:0:0 bar 0x20 failed to allocate\n        map[24]: type Memory, range 32, base 0x82010000, size 11, enabled\npcib10: allocated memory range (0x82010000-0x820107ff) for rid 24 of pci1:7:0:0\nahci0: \u003cMarvell 88SE9235 AHCI SATA controller\u003e mem 0x82010000-0x820107ff irq 6136 at device 0.0 on pci10\nofw_pci mapdev: start 3fe082010000, len 2048\nahci0: attempting to allocate 1 MSI vectors (1 supported)\nahci0: using IRQ 33562619 for MSI\nahci0: AHCI v1.00 with 4 6Gbps ports, Port Multiplier supported with FBS\nahci0: Caps: 64bit NCQ SNTF AL 6Gbps PM FBS PMD SSC PSC 32cmd eSATA 4ports\nahcich0: \u003cAHCI channel\u003e at channel 0 on ahci0\nahcich0: Caps: CPD ESP FBSCP\nrandom: harvesting attach, 8 bytes (4 bits) from ahcich0\nahcich1: \u003cAHCI channel\u003e at channel 1 on ahci0\nahcich1: Caps: CPD ESP FBSCP\nrandom: harvesting attach, 8 bytes (4 bits) from ahcich1\nahcich2: \u003cAHCI channel\u003e at channel 2 on ahci0\nahcich2: Caps: CPD ESP FBSCP\nrandom: harvesting attach, 8 bytes (4 bits) from ahcich2\nahcich3: \u003cAHCI channel\u003e at channel 3 on ahci0\nahcich3: Caps: CPD ESP FBSCP\nrandom: harvesting attach, 8 bytes (4 bits) from ahcich3\nrandom: harvesting attach, 8 bytes (4 bits) from ahci0\nrandom: harvesting attach, 8 bytes (4 bits) from pci10\nrandom: harvesting attach, 8 bytes (4 bits) from pcib10\nrandom: harvesting attach, 8 bytes (4 bits) from pci5\nrandom: harvesting attach, 8 bytes (4 bits) from pcib5\nrandom: harvesting at\nTimecounters tick every 1.000 msec\nlo0: bpf attached\nvlan: initialized, using hash tables with chaining\ntcp_init: net.inet.tcp.tcbhashsize auto tuned to 131072\nusbus0: 5.0Gbps Super Speed USB v3.0\nugen0.1: \u003c0x104c XHCI root HUB\u003e at usbus0\nuhub0: \u003c0x104c XHCI root HUB, class 9/0, rev 3.00/1.00, addr 1\u003e on usbus0\nahcich0: AHCI reset...\nahcich0: SATA connect time=100us status=00000133\nahcich0: AHCI reset: device found\nahcich0: AHCI reset: device ready after 0ms\nahcich1: AHCI reset...\nahcich1: SATA connect time=600us status=00000113\nahcich1: AHCI reset: device found\nahcich2: AHCI reset...\nahcich1: AHCI reset: device ready after 100ms\nahcich2: SATA connect timeout time=100000us status=00000100\nahcich2: AHCI reset: device not found\nahcich3: AHCI reset...\nahcich3: SATA connect time=1600us status=00000113\nahcich3: AHCI reset: device found\n(aprobe1:ahcich1:0:0:0): Spinning up device\n(aprobe1:ahcich1:0:0:0): Spin-up done\nahcich3: AHCI reset: device ready after 100ms\nada0 at ahcich0 bus 0 scbus0 target 0 lun 0\nada0: \u003cWDC WD5003ABYZ-011FA0 01.01S03\u003e ATA8-ACS SATA 3.x device\nada0: Serial Number WD-WMAYP0DFN4H3\nada0: 600.000MB/s transfers (SATA 3.x, UDMA6, PIO 8192bytes)\nada0: Command Queueing enabled\nada0: 476940MB (976773168 512 byte sectors)\nGEOM: new disk ada0\nada1 at ahcich1 bus 0 scbus1 target 0 lun 0\nada1: \u003cHitachi HDS722580VLSA80 V32BC6EA\u003e ATA-6 SATA 1.x device\nada1: Serial Number VN6B9JCHC4W64C\nada1: 150.000MB/s transfers (\nbge1: Disabling fastboot\nSending DHCP Discover packet from interface bge0 (a0:42:3f:28:47:1d)\ngtask: 0xc00000000326ca90 ta_flags=0 ta_priority=0 ta_func=0 ta_context=0\npanic: queue == NULL\ncpuid = 0\ntime = 2\nKDB: stack backtrace:\n0xe000000000007ec0: at .kdb_backtrace+0x5c\n0xe000000000007ff0: at .vpanic+0x1b4\n0xe0000000000080b0: at .panic+0x38\n0xe000000000008140: at .grouptaskqueue_enqueue+0x48\n0xe0000000000081d0: at .inm_release_list_deferred+0xb8\n0xe000000000008250: at .inm_release_deferred+0xa0\n0xe0000000000082f0: at .in_leavegroup_locked+0x150\n0xe0000000000083b0: at .in_leavegroup+0x54\n0xe000000000008450: at .in_scrubprefix+0x77c\n0xe000000000008510: at .in_control+0x760\n0xe000000000008680: at .ifioctl+0x2f84\n0xe000000000008830: at .bootpc_init+0x900\n0xe000000000008a10: at .mi_startup+0x11c\n0xe000000000008aa0: at .__start+0xc4\nKDB: enter: panic\n[ thread pid 0 tid 100000 ]\nStopped at      .kdb_enter+0x60:        ld      r2, r1, 0x28\ndb\u003e"
}