{
 "id": 445386,
 "bug_id": 123674,
 "attachment_id": 0,
 "creation_time": "2008-05-14T16:50:01Z",
 "creator": "sho@sfc.wide.ad.jp",
 "text": "Our SCSI device on FreeBSD 7.0 is crushed when we use tape drive\non the SCSI card on bacula.\n\nCopyright (c) 1992-2008 The FreeBSD Project.\nCopyright (c) 1979, 1980, 1983, 1986, 1988, 1989, 1991, 1992, 1993, 1994\n        The Regents of the University of California. All rights reserved.\nFreeBSD is a registered trademark of The FreeBSD Foundation.\nFreeBSD 7.0-STABLE #0: Mon Mar 31 18:25:02 JST 2008\n    sho@hyuhyu.sfc.wide.ad.jp:/usr/obj/usr/src/sys/GENERIC\nTimecounter \"i8254\" frequency 1193182 Hz quality 0\nCPU: Intel(R) Xeon(TM) CPU 2.80GHz (2799.22-MHz 686-class CPU)\n  Origin = \"GenuineIntel\"  Id = 0xf27  Stepping = 7\n  Features=0xbfebfbff\u003cFPU,VME,DE,PSE,TSC,MSR,PAE,MCE,CX8,APIC,SEP,MTRR,PGE,MCA,CMOV,PAT,PSE36,CLFLUSH,DTS,ACPI,MMX,FXSR,SSE,SSE2,SS,HTT,TM,PBE\u003e\n  Features2=0x4400\u003cCNXT-ID,xTPR\u003e\n  Logical CPUs per core: 2\nreal memory  = 2146893824 (2047 MB)\navail memory = 2091339776 (1994 MB)\nACPI APIC Table: \u003cPTLTD          APIC  \u003e\nFreeBSD/SMP: Multiprocessor System Detected: 4 CPUs\n cpu0 (BSP): APIC ID:  0\n cpu1 (AP): APIC ID:  1\n cpu2 (AP): APIC ID:  6\n cpu3 (AP): APIC ID:  7\nioapic0 \u003cVersion 2.0\u003e irqs 0-23 on motherboard\nioapic1 \u003cVersion 2.0\u003e irqs 24-47 on motherboard\nioapic2 \u003cVersion 2.0\u003e irqs 48-71 on motherboard\nkbd1 at kbdmux0\nath_hal: 0.9.20.3 (AR5210, AR5211, AR5212, RF5111, RF5112, RF2413, RF5413)\nacpi0: \u003cPTLTD   RSDT\u003e on motherboard\nacpi0: [ITHREAD]\nacpi0: Power Button (fixed)\nTimecounter \"ACPI-fast\" frequency 3579545 Hz quality 1000\nacpi_timer0: \u003c24-bit timer at 3.579545MHz\u003e port 0x1008-0x100b on acpi0\ncpu0: \u003cACPI CPU\u003e on acpi0\np4tcc0: \u003cCPU Frequency Thermal Control\u003e on cpu0\ncpu1: \u003cACPI CPU\u003e on acpi0\np4tcc1: \u003cCPU Frequency Thermal Control\u003e on cpu1\ncpu2: \u003cACPI CPU\u003e on acpi0\np4tcc2: \u003cCPU Frequency Thermal Control\u003e on cpu2\ncpu3: \u003cACPI CPU\u003e on acpi0\np4tcc3: \u003cCPU Frequency Thermal Control\u003e on cpu3\npcib0: \u003cACPI Host-PCI bridge\u003e port 0xcf8-0xcff on acpi0\npci0: \u003cACPI PCI bus\u003e on pcib0\nagp0: \u003cIntel E7505 host to AGP bridge\u003e on hostb0\npci0: \u003cunknown\u003e at device 0.1 (no driver attached)\npcib1: \u003cACPI PCI-PCI bridge\u003e mem 0xe8000000-0xebffffff at device 1.0 on pci0\npci1: \u003cACPI PCI bus\u003e on pcib1\nvgapci0: \u003cVGA-compatible display\u003e mem 0xe1000000-0xe1ffffff,0xf0000000-0xf7ffffff irq 21 at device 0.0 on pci1\npcib2: \u003cACPI PCI-PCI bridge\u003e at device 2.0 on pci0\npci2: \u003cACPI PCI bus\u003e on pcib2\npcib3: \u003cACPI PCI-PCI bridge\u003e at device 29.0 on pci2\npci3: \u003cACPI PCI bus\u003e on pcib3\nem0: \u003cIntel(R) PRO/1000 Network Connection Version - 6.7.3\u003e mem 0xe2120000-0xe213ffff,0xe2100000-0xe210ffff irq 48 at device 1.0 on pci3\nem0: Ethernet address: 00:03:47:df:74:35\nem0: [FILTER]\nem1: \u003cIntel(R) PRO/1000 Network Connection Version - 6.7.3\u003e port 0x3000-0x303f mem 0xe2140000-0xe215ffff irq 54 at device 3.0 on pci3\nem1: Ethernet address: 00:30:48:70:06:a6\nem1: [FILTER]\npcib4: \u003cACPI PCI-PCI bridge\u003e at device 31.0 on pci2\npci4: \u003cACPI PCI bus\u003e on pcib4\nahc0: \u003cAdaptec 3960D Ultra160 SCSI adapter\u003e port 0x4000-0x40ff mem 0xe2200000-0xe2200fff irq 28 at device 2.0 on pci4\nahc0: [ITHREAD]\naic7899: Ultra160 Wide Channel A, SCSI Id=7, 32/253 SCBs\nahc1: \u003cAdaptec 3960D Ultra160 SCSI adapter\u003e port 0x4400-0x44ff mem 0xe2201000-0xe2201fff irq 29 at device 2.1 on pci4\nahc1: [ITHREAD]\naic7899: Ultra160 Wide Channel B, SCSI Id=7, 32/253 SCBs\npcib5: \u003cACPI PCI-PCI bridge\u003e at device 30.0 on pci0\npci5: \u003cACPI PCI bus\u003e on pcib5\nisab0: \u003cPCI-ISA bridge\u003e at device 31.0 on pci0\nisa0: \u003cISA bus\u003e on isab0\natapci0: \u003cIntel ICH4 UDMA100 controller\u003e port 0x1f0-0x1f7,0x3f6,0x170-0x177,0x376,0x2440-0x244f mem 0xe0000000-0xe00003ff at device 31.1 on pci0\nata0: \u003cATA channel 0\u003e on atapci0\nata0: [ITHREAD]\nata1: \u003cATA channel 1\u003e on atapci0\nata1: [ITHREAD]\npci0: \u003cserial bus, SMBus\u003e at device 31.3 (no driver attached)\npci0: \u003cmultimedia, audio\u003e at device 31.5 (no driver attached)\nacpi_button0: \u003cPower Button\u003e on acpi0\natkbdc0: \u003cKeyboard controller (i8042)\u003e port 0x60,0x64 irq 1 on acpi0\natkbd0: \u003cAT Keyboard\u003e irq 1 on atkbdc0\nkbd0 at atkbd0\natkbd0: [GIANT-LOCKED]\natkbd0: [ITHREAD]\nsio0: \u003c16550A-compatible COM port\u003e port 0x3f8-0x3ff irq 4 flags 0x10 on acpi0\nsio0: type 16550A\nsio0: [FILTER]\nsio1: \u003c16550A-compatible COM port\u003e port 0x2f8-0x2ff irq 3 on acpi0\nsio1: type 16550A\nsio1: [FILTER]\nfdc0: \u003cfloppy drive controller\u003e port 0x3f0-0x3f5,0x3f7 irq 6 drq 2 on acpi0\nfdc0: [FILTER]\nfd0: \u003c1440-KB 3.5\" drive\u003e on fdc0 drive 0\npmtimer0 on isa0\nppc0: parallel port not found.\nsc0: \u003cSystem console\u003e at flags 0x100 on isa0\nsc0: VGA \u003c16 virtual consoles, flags=0x300\u003e\nvga0: \u003cGeneric ISA VGA\u003e at port 0x3c0-0x3df iomem 0xa0000-0xbffff on isa0\nTimecounters tick every 1.000 msec\nWaiting 5 seconds for SCSI devices to settle\nad0: 76319MB \u003cWDC WD800BB-00CAA1 17.07W17\u003e at ata0-master UDMA100\nad1: 76319MB \u003cWDC WD800BB-00CAA1 17.07W17\u003e at ata0-slave UDMA100\nacd0: CDROM \u003cFX54++W/U01H\u003e at ata1-master UDMA33\n(probe15:ahc1:0:0:0): inquiry data fails comparison at DV1 step\n(probe18:ahc1:0:3:0): inquiry data fails comparison at DV1 step\n(probe15:ahc1:0:0:0): inquiry data fails comparison at DV1 step\n(probe18:ahc1:0:3:0): inquiry data fails comparison at DV1 step\n(probe15:ahc1:0:0:0): inquiry data fails comparison at DV1 step\n(probe18:ahc1:0:3:0): inquiry data fails comparison at DV1 step\n(probe15:ahc1:0:0:0): inquiry data fails comparison at DV1 step\n(probe18:ahc1:0:3:0): inquiry data fails comparison at DV1 step\n(probe15:ahc1:0:0:0): inquiry data fails comparison at DV1 step\n(probe18:ahc1:0:3:0): inquiry data fails comparison at DV1 step\nda0 at ahc0 bus 0 target 1 lun 0\nda0: \u003cCNSi JSS122 L428\u003e Fixed Direct Access SCSI-3 device\nda0: 160.000MB/s transfers (80.000MHz DT, offset 127, 16bit)\nda0: Command Queueing Enabled\nda0: 1371304MB (2808430592 512 byte sectors: 255H 63S/T 174816C)\nda1 at ahc0 bus 0 target 1 lun 1\nda1: \u003cCNSi JSS122 L428\u003e Fixed Direct Access SCSI-3 device\nda1: 160.000MB/s transfers (80.000MHz DT, offset 127, 16bit)\nda1: Command Queueing Enabled\nda1: 1663370MB (3406582272 512 byte sectors: 255H 63S/T 212049C)\nda2 at ahc1 bus 0 target 0 lun 0\nda2: \u003cADTX AXRR-K000S 0145\u003e Fixed Direct Access SCSI-4 device\nda2: 6.600MB/s transfers (16bit)\nda2: Command Queueing Enabled\nda2: 883479MB (1809365760 512 byte sectors: 255H 63S/T 112627C)\nda3 at ahc1 bus 0 target 3 lun 0\nda3: \u003cADTX AXRR-K000S 0145\u003e Fixed Direct Access SCSI-4 device\nda3: 6.600MB/s transfers (16bit)\nda3: Command Queueing Enabled\nda3: 883479MB (1809365760 512 byte sectors: 255H 63S/T 112627C)\nsa0 at ahc1 bus 0 target 5 lun 0\nsa0: \u003cSONY SDZ-100 0201\u003e Removable Sequential Access SCSI-4 device\nsa0: 160.000MB/s transfers (80.000MHz DT, offset 126, 16bit)\nSMP: AP CPU #2 Launched!\nSMP: AP CPU #1 Launched!\nSMP: AP CPU #3 Launched!\nTrying to mount root from ufs:/dev/ad0s1a\nWARNING: / was not properly dismounted\nWARNING: /tank1 was not properly dismounted\nWARNING: /tank2 was not properly dismounted\nWARNING: /mnt was not properly dismounted\nWARNING: /mnt2 was not properly dismounted\nahc1: Recovery Initiated\n\nHow-To-Repeat: Only when restoring from tape, it is occurred.\nThere is no problem when doing backup."
}