{
 "id": 483423,
 "bug_id": 131371,
 "attachment_id": 0,
 "creation_time": "2009-02-04T17:20:01Z",
 "creator": "rorya+FreeBSD.org@TrueStep.com",
 "text": "Just decided to try installing FreeBSD/sparc64 on a Tatung U4MP\n\nThe U4MP is a rackmount is based on the SUN SPARCengine UltraAXmp+ system board. This one has dual UltraSPARC II 450 MHz processors and 2048 MiB of RAM.\n\nI decided to netboot FreeBSD right from a CD image on a server, via OPB.\n\nHere's the log of the bootup with some POST output prior to kernel bootstrap:\n\nUltraAX-MP+ WorkServer (2 X UltraSPARC-II 448MHz), No Keyboard\nOpenBoot 3.10.50 ME, 2048 MB memory installed, Serial #15728707.\nEthernet address 8:0:20:f0:0:43, Host ID: 80f00043.\n\n\nInitializing1024 megs of memory at addr                 0 897\nSoftware Power ON\n\nCPU0 has assumed the role of Boot CPU\n\n@(#) UltraAX-MP+ WorkServer  3.10.50 ME created 1999/09/13 14:38\nOnline:  CPU0  UltraSPARC-II (v10.0) 5:1 4096KB 2-2 ECache MCap 10\nOnline:  CPU1  UltraSPARC-II (v10.0) 5:1 4096KB 2-2 ECache MCap 10\nOffline: CPU2\nOffline: CPU3\nEnter Checking KB\nps/2 kbd check: 0000.0000.0000.00fe\nChecking Sun KB\nMarvin SC Dtag SRAM supports upto 8192KB of ECache\nSetting system ECache size to 4096KB\nClearing DTAGS...Done\nClearing E-Cache Tags...Done\nClearing I/D TLBs...Done\nProbing Memory...\nmemory @ 0000.0000.0000.0000 :    128   128   128   128   128   128   128   128\nmemory @ 0000.0000.4000.0000 :    X   X   X   X   X   X   X   X\nmemory @ 0000.0000.8000.0000 :    128   128   128   128   128   128   128   128\nmemory @ 0000.0000.c000.0000 :    X   X   X   X   X   X   X   X\nDone\nMEM BASE = 0000.0000.8000.0000\nMEM SIZE = 0000.0000.4000.0000\nClearing Memory...Done\nMMUs ON\nCopying ROM to RAM...Done\nROM PC = 0000.01ff.f000.4730\nDcmpesig noMmry.000.00.00045a4 29KB..Doe\nSatn oth krel t00.00f057d\nttya initialized\nSC Control: EWP:0 IAP:0 FATAL:0 WAKEUP:0 BXIR:0 BPOR:0 SXIR:0 SPOR:1 POR:0\nProbing Memory Bank #0 128 128 128 128 128 128 128 128 : 1024 Megabytes\nProbing Memory Bank #1   0   0   0   0   0   0   0   0 :   0 Megabytes\nProbing Memory Bank #2 128 128 128 128 128 128 128 128 : 1024 Megabytes\nProbing Memory Bank #3   0   0   0   0   0   0   0   0 :   0 Megabytes\nSetting 60ns memory timings\n\nEnvironmental monitoring:  Disabled\ni2c adc adc adc gpio gpio\nProbing Floppy: No drives detected\nProbing UPA slots...\nUPA slot 0  cpu\nUPA slot 1  cpu\nUPA slot 4  pci pci\nUPA slot 1f  pci pci\nProbing /pci@1f,4000 at Device 1  network\nProbing /pci@1f,4000 at Device 2  Nothing there\nProbing /pci@1f,4000 at Device 3  Nothing there\nProbing /pci@1f,4000 at Device 4  Nothing there\nProbing /pci@1f,2000 at Device 1  Nothing there\nProbing /pci@4,4000 at Device 6  scsi disk tape scsi disk tape\nProbing /pci@4,4000 at Device 2  SUNW,m64Pro\nProbing /pci@4,4000 at Device 3  Nothing there\nProbing /pci@4,4000 at Device 4  Nothing there\nProbing /pci@4,4000 at Device 5  Nothing there\nProbing /pci@4,2000 at Device 1  Nothing there\nSC Control: EWP:0 IAP:0 FATAL:0 WAKEUP:0 BXIR:0 BPOR:0 SXIR:0 SPOR:1 POR:0\nProbing Memory Bank #0 128 128 128 128 128 128 128 128 : 1024 Megabytes\nProbing Memory Bank #1   0   0   0   0   0   0   0   0 :   0 Megabytes\nProbing Memory Bank #2 128 128 128 128 128 128 128 128 : 1024 Megabytes\nProbing Memory Bank #3   0   0   0   0   0   0   0   0 :   0 Megabytes\nSetting 60ns memory timings\n\nEnvironmental monitoring:  Disabled\ni2c adc adc adc gpio gpio\nProbing Floppy: No drives detected\nProbing UPA slots...\nUPA slot 0  cpu\nUPA slot 1  cpu\nUPA slot 4  pci pci\nUPA slot 1f  pci pci\nProbing /pci@1f,4000 at Device 1  network\nProbing /pci@1f,4000 at Device 2  Nothing there\nProbing /pci@1f,4000 at Device 3  Nothing there\nProbing /pci@1f,4000 at Device 4  Nothing there\nProbing /pci@1f,2000 at Device 1  Nothing there\nProbing /pci@4,4000 at Device 6  scsi disk tape scsi disk tape\nProbing /pci@4,4000 at Device 2  SUNW,m64Pro\nProbing /pci@4,4000 at Device 3  Nothing there\nProbing /pci@4,4000 at Device 4  Nothing there\nProbing /pci@4,4000 at Device 5  Nothing there\nProbing /pci@4,2000 at Device 1  Nothing there\n\nUltraAX-MP+ WorkServer (2 X UltraSPARC-II 448MHz), No Keyboard\nOpenBoot 3.10.50 ME, 2048 MB memory installed, Serial #15728707.\nEthernet address 8:0:20:f0:0:43, Host ID: 80f00043.\n\n\nExecuting last command: boot /pci@1f,4000/network@1,1:bootp,loader-sparc64\nBoot device: /pci@1f,4000/network@1,1:bootp,loader-sparc64  File and args:\nUsing Onboard Transceiver - Link Up.\n36a00\nServer  IP address: 10.101.1.1\nClient  IP address: 10.101.1.13\nGateway IP address: 10.101.1.1\nConsoles: Open Firmware console\n\nBooting with sun4u support.\n\nFreeBSD/sparc64 bootstrap loader, Revision 1.0\n(root@obrian.cse.buffalo.edu, Thu
Jan  1 08:47:00 UTC 2009)\nbootpath=\"/pci@1f,4000/network@1,1:bootp,loader-sparc64\"\nboot: ethernet address: 08:00:20:f0:00:43\nUsing Onboard Transceiver - Link Up.\nnet_open: server addr: 10.101.1.1\nnet_open: server path: /mnt/cdrom\nLoading /boot/defaults/loader.conf\n/boot/kernel/kernel data=0x739b48+0x74b38 syms=[0x8+0x7d058+0x8+0x6bd34]\n-\nHit [Enter] to boot immediately, or any other key for command prompt.\nBooting [/boot/kernel/kernel]...\njumping to kernel entry at 0xc0070000.\nstray vector interrupt 2029\nCopyright (c) 1992-2009 The FreeBSD Project.\nCopyright (c) 1979, 1980, 1983, 1986, 1988, 1989, 1991, 1992, 1993, 1994\n        The Regents of the University of California. All rights reserved.\nFreeBSD is a registered trademark of The FreeBSD Foundation.\nFreeBSD 7.1-RELEASE #0: Fri Jan  2 01:32:39 UTC 2009\n    root@obrian.cse.buffalo.edu:/usr/obj/usr/src/sys/GENERIC\nreal memory  = 2147483648 (2048 MB)\navail memory = 2075926528 (1979 MB)\ncpu0: Sun Microsystems UltraSparc-II Processor (448.00 MHz CPU)\ncpu1: Sun Microsystems UltraSparc-II Processor (448.00 MHz CPU)\nFreeBSD/SMP: Multiprocessor System Detected: 2 CPUs\nregistered firmware set \u003cisp_1000\u003e\nregistered firmware set \u003cisp_1040\u003e\nregistered firmware set \u003cisp_1040_it\u003e\nregistered firmware set \u003cisp_1080\u003e\nregistered firmware set \u003cisp_1080_it\u003e\nregistered firmware set \u003cisp_12160\u003e\nregistered firmware set \u003cisp_12160_it\u003e\nregistered firmware set \u003cisp_2100\u003e\nregistered firmware set \u003cisp_2200\u003e\nregistered firmware set \u003cisp_2300\u003e\nregistered firmware set \u003cisp_2322\u003e\nregistered firmware set \u003cisp_2400\u003e\nkbd0 at kbdmux0\nath_hal: 0.9.20.3 (AR5210, AR5211, AR5212, RF5111, RF5112, RF2413, RF5413, REGOP\nS_FUNC)\nnexus0: \u003cOpen Firmware Nexus device\u003e\npcib0: \u003cU2P UPA-PCI bridge\u003e mem 0x1fe00004000-0x1fe00005fff,0x1fe01000000-0x1fe0\n10000ff,0x1fe00000000-0x1fe0000cfff irq 2033,2030,2031,2021,2024,2034 on nexus0\npcib0: Psycho, impl 0, version 4, IGN 0x1f, bus B, 33MHz\npcib0: [FILTER]\npcib0: [FILTER]\npcib0: [GIANT-LOCKED]\npcib0: [ITHREAD]\npcib0: [GIANT-LOCKED]\npcib0: [ITHREAD]\ninitializing counter-timer\nTimecounter \"pcib0\" frequency 1000000 Hz quality 100\npcib0: DVMA map: 0xfc000000 to 0xffffffff\npcib0: [FILTER]\npci0: \u003cOFW PCI bus\u003e on pcib0\nebus0: \u003cPCI-EBus2 bridge\u003e mem 0x70000000-0x70ffffff,0x71000000-0x717fffff at dev\nice 1.0 on pci0\nauxio0: \u003cSun Auxiliary I/O\u003e addr 0x1400726000-0x1400726003,0x1400728000-0x140072\n8003,0x140072a000-0x140072a003,0x140072c000-0x140072c003,0x140072f000-0x140072f0\n03 on ebus0\nebus0: \u003cpower\u003e addr 0x1400724000-0x1400724003 irq 37 (no driver attached)\nebus0: \u003cSUNW,pll\u003e addr 0x1400504000-0x1400504002 (no driver attached)\nebus0: \u003csc\u003e addr 0x1400500000-0x1400500007 (no driver attached)\nscc0: \u003cSiemens SAB 82532 dual channel SCC\u003e addr 0x1400400000-0x140040007f irq 43\n on ebus0\nscc0: [FILTER]\nuart0: \u003cSAB 82532 v3.2, channel A\u003e on scc0\nuart0: [FILTER]\nuart0: CTS oflow\nuart0: console (9600,n,8,1)\nuart1: \u003cSAB 82532 v3.2, channel B\u003e on scc0\nuart1: [FILTER]\nuart1: CTS oflow\nuart2: \u003c16550 or compatible\u003e addr 0x14003803f8-0x14003803ff irq 41 on ebus0\nuart2: [FILTER]\nuart2: keyboard (1200,n,8,1)\nuart2: keyboard not present\nuart3: \u003c16550 or compatible\u003e addr 0x14003602f8-0x14003602ff irq 42 on ebus0\nuart3: [FILTER]\nebus0: \u003cecpp\u003e addr 0x1400340278-0x1400340287,0x140030015c-0x140030015d,0x1400700\n000-0x140070000f irq 34 (no driver attached)\nebus0: \u003cfdthree\u003e addr 0x14003203f0-0x14003203f7,0x1400706000-0x140070600f,0x1400\n720000-0x1400720003 irq 39 (no driver attached)\neeprom0: \u003cEEPROM/clock\u003e addr 0x1400000000-0x1400001fff on ebus0\neeprom0: model mk48t59\nebus0: \u003cflashprom\u003e addr 0x1000000000-0x10000fffff (no driver attached)\nebus0: \u003ci2c\u003e addr 0x1400600000-0x1400600003 irq 40 (no driver attached)\nhme0: \u003cSun HME 10/100 Ethernet\u003e mem 0x8000-0xffff at device 1.1 on pci0\nmiibus0: \u003cMII bus\u003e on hme0\nnsphy0: \u003cDP83840 10/100 media interface\u003e PHY 1 on miibus0\nnsphy0:  10baseT, 10baseT-FDX, 100baseTX, 100baseTX-FDX, auto\nhme0: Ethernet address: 08:00:20:f0:00:43\nhme0: [ITHREAD]\npcib1: \u003cU2P UPA-PCI bridge\u003e mem 0x1fe00002000-0x1fe00003fff,0x1fe01800000-0x1fe0\n18000ff,0x1fe00000000-0x1fe0000cfff irq 2032,2030,2031,2021,2024,2034 on nexus0\npcib1: Psycho, impl 0, version 4, IGN 0x1f, bus A, 66MHz\npcib1: [FILTER]\npci1: \u003cOFW PCI bus\u003e on pcib1\npcib2: \u003cU2P UPA-PCI bridge\u003e mem 0x1c800004000-0x1c800005fff,0x1c801000000-0x1c80\n10000ff,0x1c800000000-0x1c80000cfff irq 305,302,303 on nexus0\npcib2: Psycho, impl 0, version 4, IGN 0x4, bus B, 33MHz\npcib2: [FILTER]\npcib2: [FILTER]\npanic: psycho_set_intr: failed to set up interrupt 3\ncpuid = 0\nUptime: 1s\nAutomatic reboot in 15 seconds - press a key on the console to abort\nRebooting...\nResetting ...\n\nHow-To-Repeat: It panics every single time on this model, however I've ever tried any other version, either. I'll be testing with NetBSD/sparc64 4.0 next and see how it does, as it looks like the psycho driver that FreeBSD uses was derived from NetBSD. Note that the system boots and runs just fine with the copy of Solaris 8 that's installed on one of the local drives."
}