{
 "id": 1176333,
 "bug_id": 258179,
 "attachment_id": 0,
 "creation_time": "2021-08-31T06:54:56Z",
 "creator": "john@jmarshall.id.au",
 "text": "(In reply to Kevin Zheng from comment #3)\nThanks very much Kevin.  This is what I'm running on.  I'm happy to do whatever testing might help.\n\nFreeBSD 13.0-STABLE #1 stable/13-n246973-5e9c2a6a902: Sat Aug 28 10:55:18 AEST 2021\n    john@rwsrv04.gfn.riverwillow.net.au:/build/obj/john/build/src/i386.i386/sys/RWSRV04 i386\nFreeBSD clang version 12.0.1 (git@github.com:llvm/llvm-project.git llvmorg-12.0.1-0-gfed41342a82f)\nVT(vga): resolution 640x480\nCPU: Intel(R) Pentium(R) 4 CPU 2.80GHz (2800.53-MHz 686-class CPU)\n  Origin=\"GenuineIntel\"  Id=0xf33  Family=0xf  Model=0x3  Stepping=3\n  Features=0xbfebfbff\u003cFPU,VME,DE,PSE,TSC,MSR,PAE,MCE,CX8,APIC,SEP,MTRR,PGE,MCA,CMOV,PAT,PSE36,CLFLUSH,DTS,ACPI,MMX,FXSR,SSE,SSE2,SS,HTT,TM,PBE\u003e\n  Features2=0x41d\u003cSSE3,DTES64,MON,DS_CPL,CNXT-ID\u003e\n  TSC: P-state invariant\nreal memory  = 1879048192 (1792 MB)\navail memory = 1824153600 (1739 MB)\nEvent timer \"LAPIC\" quality 100\nACPI APIC Table: \u003cPTLTD  \t APIC  \u003e\nFreeBSD/SMP: Multiprocessor System Detected: 2 CPUs\nFreeBSD/SMP: 1 package(s) x 1 core(s) x 2 hardware threads"
}