{
 "id": 898839,
 "bug_id": 212872,
 "attachment_id": 0,
 "creation_time": "2016-09-22T07:51:55Z",
 "creator": "gerrit.kuehn@aei.mpg.de",
 "text": "Interestingly, we also appear to run on similar hardware. Here I have\n\n---\nCopyright (c) 1992-2016 The FreeBSD Project.\nCopyright (c) 1979, 1980, 1983, 1986, 1988, 1989, 1991, 1992, 1993, 1994\n        The Regents of the University of California. All rights reserved.\nFreeBSD is a registered trademark of The FreeBSD Foundation.\nFreeBSD 10.3-RELEASE #0 r297264: Fri Mar 25 02:10:02 UTC 2016\n    root@releng1.nyi.freebsd.org:/usr/obj/usr/src/sys/GENERIC amd64\nFreeBSD clang version 3.4.1 (tags/RELEASE_34/dot1-final 208032) 20140512\nCPU: Intel(R) Atom(TM) CPU  C2750  @ 2.40GHz (2400.06-MHz K8-class CPU)\n  Origin=\"GenuineIntel\"  Id=0x406d8  Family=0x6  Model=0x4d  Stepping=8\n  Features=0xbfebfbff\u003cFPU,VME,DE,PSE,TSC,MSR,PAE,MCE,CX8,APIC,SEP,MTRR,PGE,MCA,CMOV,PAT,PSE36,CLFLU\nSH,DTS,ACPI,MMX,FXSR,SSE,SSE2,SS,HTT,TM,PBE\u003e\n  Features2=0x43d8e3bf\u003cSSE3,PCLMULQDQ,DTES64,MON,DS_CPL,VMX,EST,TM2,SSSE3,CX16,xTPR,PDCM,SSE4.1,SSE\n4.2,MOVBE,POPCNT,TSCDLT,AESNI,RDRAND\u003e\n  AMD Features=0x28100800\u003cSYSCALL,NX,RDTSCP,LM\u003e\n  AMD Features2=0x101\u003cLAHF,Prefetch\u003e\n  Structured Extended Features=0x2282\u003cTSCADJ,SMEP,ERMS,NFPUSG\u003e\n  VT-x: PAT,HLT,MTF,PAUSE,EPT,UG,VPID\n  TSC: P-state invariant, performance statistics\nreal memory  = 8589934592 (8192 MB)\navail memory = 8207847424 (7827 MB)\nEvent timer \"LAPIC\" quality 600\nACPI APIC Table: \u003cINTEL  TIANO   \u003e\nFreeBSD/SMP: Multiprocessor System Detected: 8 CPUs\nFreeBSD/SMP: 1 package(s) x 8 core(s)\n cpu0 (BSP): APIC ID:  0\n cpu1 (AP): APIC ID:  2\n cpu2 (AP): APIC ID:  4\n cpu3 (AP): APIC ID:  6\n cpu4 (AP): APIC ID:  8\n cpu5 (AP): APIC ID: 10\n cpu6 (AP): APIC ID: 12\n cpu7 (AP): APIC ID: 14\nrandom: \u003cSoftware, Yarrow\u003e initialized\nioapic0 \u003cVersion 2.0\u003e irqs 0-23 on motherboard\nmodule_register_init: MOD_LOAD (vesa, 0xffffffff80dc6500, 0) error 19\nkbd1 at kbdmux0\ncryptosoft0: \u003csoftware crypto\u003e on motherboard\naesni0: \u003cAES-CBC,AES-XTS\u003e on motherboard\nacpi0: \u003cALASKA A M I \u003e on motherboard\nacpi0: Power Button (fixed)\ncpu0: \u003cACPI CPU\u003e on acpi0\ncpu1: \u003cACPI CPU\u003e on acpi0\ncpu2: \u003cACPI CPU\u003e on acpi0\ncpu3: \u003cACPI CPU\u003e on acpi0\ncpu4: \u003cACPI CPU\u003e on acpi0\ncpu5: \u003cACPI CPU\u003e on acpi0\ncpu6: \u003cACPI CPU\u003e on acpi0\ncpu7: \u003cACPI CPU\u003e on acpi0\n\n[...]\n\nigb0: \u003cIntel(R) PRO/1000 Network Connection, Version - 2.5.3-k\u003e port 0xe0c0-0xe0df mem 0xdf260000-0xdf27ffff,0xdf2ec000-0xdf2effff irq 20 at device 20.0 on pci0\nigb0: Using MSIX interrupts with 9 vectors\nigb0: Ethernet address: 0c:c4:7a:68:c8:60\nigb0: Bound queue 0 to cpu 0\nigb0: Bound queue 1 to cpu 1\nigb0: Bound queue 2 to cpu 2\nigb0: Bound queue 3 to cpu 3\nigb0: Bound queue 4 to cpu 4\nigb0: Bound queue 5 to cpu 5\nigb0: Bound queue 6 to cpu 6\nigb0: Bound queue 7 to cpu 7\nigb1: \u003cIntel(R) PRO/1000 Network Connection, Version - 2.5.3-k\u003e port 0xe0a0-0xe0bf mem 0xdf240000-0xdf25ffff,0xdf2e8000-0xdf2ebfff irq 21 at device 20.1 on pci0\nigb1: Using MSIX interrupts with 9 vectors\nigb1: Ethernet address: 0c:c4:7a:68:c8:61\nigb1: Bound queue 0 to cpu 0\nigb1: Bound queue 1 to cpu 1\nigb1: Bound queue 2 to cpu 2\nigb1: Bound queue 3 to cpu 3\nigb1: Bound queue 4 to cpu 4\nigb1: Bound queue 5 to cpu 5\nigb1: Bound queue 6 to cpu 6\nigb1: Bound queue 7 to cpu 7\nigb2: \u003cIntel(R) PRO/1000 Network Connection, Version - 2.5.3-k\u003e port 0xe080-0xe09f mem 0xdf220000-0xdf23ffff,0xdf2e4000-0xdf2e7fff irq 22 at device 20.2 on pci0\nigb2: Using MSIX interrupts with 9 vectors\nigb2: Ethernet address: 0c:c4:7a:68:c8:62\nigb2: Bound queue 0 to cpu 0\nigb2: Bound queue 1 to cpu 1\nigb2: Bound queue 2 to cpu 2\nigb2: Bound queue 3 to cpu 3\nigb2: Bound queue 4 to cpu 4\nigb2: Bound queue 5 to cpu 5\nigb2: Bound queue 6 to cpu 6\nigb2: Bound queue 7 to cpu 7\nigb3: \u003cIntel(R) PRO/1000 Network Connection, Version - 2.5.3-k\u003e port 0xe060-0xe07f mem 0xdf200000-0xdf21ffff,0xdf2e0000-0xdf2e3fff irq 23 at device 20.3 on pci0\nigb3: Using MSIX interrupts with 9 vectors\nigb3: Ethernet address: 0c:c4:7a:68:c8:63\nigb3: Bound queue 0 to cpu 0\nigb3: Bound queue 1 to cpu 1\nigb3: Bound queue 2 to cpu 2\nigb3: Bound queue 3 to cpu 3\nigb3: Bound queue 4 to cpu 4\nigb3: Bound queue 5 to cpu 5\nigb3: Bound queue 6 to cpu 6\nigb3: Bound queue 7 to cpu 7\n\n---\n\nThe other system is a C2758. Any chance this is somehow chipset-related (esp. igb)?"
}