{
 "id": 1152651,
 "bug_id": 251330,
 "attachment_id": 0,
 "creation_time": "2021-03-20T11:54:00Z",
 "creator": "fulda@seznam.cz",
 "text": "On my Banana PI M1\n\n12.0 RELEASE (FreeBSD-12.0-RELEASE-arm-armv7-BANANAPI.img) works fine\n12.2 RELEASE (FreeBSD-12.2-RELEASE-arm-armv7-BANANAPI.img) does not work\n13.0 CURRENT (FreeBSD-13.0-CURRENT-arm-armv7-BANANAPI-20190207-r343862.img) works fine\n\nThe issue is, that version that does not work does not recognize ahcich0\n\nWhat I see in dmesg with versions, that WORKS:\n..\nusbus1 on ohci0\nahci0: \u003cAllwinner Integrated AHCI controller\u003e mem 0x1c18000-0x1c18fff irq 25 on simplebus0\nahci0: AHCI v1.10 with 1 3Gbps ports, Port Multiplier not supported\nahci0: quirks=0x2\u003cNOPMP\u003e\nahcich0: \u003cAHCI channel\u003e at channel 0 on ahci0\nehci1: \u003cAllwinner Integrated USB 2.0 controller\u003e mem 0x1c1c000-0x1c1c0ff irq 26 on simplebus0\n..\nuhub3: \u003cGeneric OHCI root HUB, class 9/0, rev 1.00/1.00, addr 1\u003e on usbus3\nada0 at ahcich0 bus 0 scbus0 target 0 lun 0\nada0: \u003cKINGSTON SKC300S37A60G 507KC4\u003e ATA8-ACS SATA 3.x device\n..\n\nWhat I see in dmesg with versions, that DOES NOT WORK:\n..\nusbus1 on ohci0\nahci0: \u003cAllwinner Integrated AHCI controller\u003e mem 0x1c18000-0x1c18fff irq 26 on simplebus0\nahci0: AHCI v1.10 with 1 3Gbps ports, Port Multiplier not supported\nahci0: quirks=0x2\u003cNOPMP\u003e\nehci1: \u003cGeneric EHCI Controller\u003e mem 0x1c1c000-0x1c1c0ff irq 27 on simplebus0\n..\n\n\n\n\n\n=================== dmesg - 13.0 CURRENT - works ===============\n---\u003c\u003cBOOT\u003e\u003e---\nKDB: debugger backends: ddb\nKDB: current backend: ddb\nCopyright (c) 1992-2019 The FreeBSD Project.\nCopyright (c) 1979, 1980, 1983, 1986, 1988, 1989, 1991, 1992, 1993, 1994\n        The Regents of the University of California. All rights reserved.\nFreeBSD is a registered trademark of The FreeBSD Foundation.\nFreeBSD 13.0-CURRENT r343862 GENERIC arm\nFreeBSD clang version 7.0.1 (tags/RELEASE_701/final 349250) (based on LLVM 7.0.1)\nWARNING: WITNESS option enabled, expect reduced performance.\nVT: init without driver.\nmodule_register: cannot register ofwbus/pcib from kernel; already loaded from kernel\nModule ofwbus/pcib failed to register: 17\nmodule_register: cannot register simplebus/pcib from kernel; already loaded from kernel\nModule simplebus/pcib failed to register: 17\nCPU: ARM Cortex-A7 r0p4 (ECO: 0x00000000)\nCPU Features:\n  Multiprocessing, Thumb2, Security, Virtualization, Generic Timer, VMSAv7,\n  PXN, LPAE, Coherent Walk\nOptional instructions:\n  SDIV/UDIV, UMULL, SMULL, SIMD(ext)\nLoUU:2 LoC:3 LoUIS:2\nCache level 1:\n 32KB/64B 4-way data cache WB Read-Alloc Write-Alloc\n 32KB/32B 2-way instruction cache Read-Alloc\nCache level 2:\n 256KB/64B 8-way unified cache WB Read-Alloc Write-Alloc\nreal memory  = 1056813056 (1007 MB)\navail memory = 1015721984 (968 MB)\nNo PSCI/SMCCC call function found\nFreeBSD/SMP: Multiprocessor System Detected: 2 CPUs\nrandom: unblocking device.\nrandom: entropy device external interface\nkbd0 at kbdmux0\nofwbus0: \u003cOpen Firmware Device Tree\u003e\naw_ccu0: \u003cAllwinner Clock Control Unit\u003e on ofwbus0\nclk_fixed0: \u003cFixed clock\u003e on aw_ccu0\nclk_fixed1: \u003cFixed clock\u003e on aw_ccu0\nclk_fixed2: \u003cFixed clock\u003e on aw_ccu0\nclk_fixed3: \u003cFixed clock\u003e on aw_ccu0\naw_gmacclk0: \u003cAllwinner GMAC Clock\u003e mem 0x1c20164-0x1c20167 on aw_ccu0\nsimplebus0: \u003cFlattened device tree simple bus\u003e on ofwbus0\nccu_a10ng0: \u003cAllwinner A10/A20 Clock Control Unit NG\u003e mem 0x1c20000-0x1c203ff on simplebus0\niichb0: \u003cAllwinner Integrated I2C Bus Controller\u003e mem 0x1c2ac00-0x1c2afff irq 56 on simplebus0\niicbus0: \u003cOFW I2C bus\u003e on iichb0\niichb1: \u003cAllwinner Integrated I2C Bus Controller\u003e mem 0x1c2b400-0x1c2b7ff irq 58 on simplebus0\niicbus1: \u003cOFW I2C bus\u003e on iichb1\nregfix0: \u003cFixed Regulator\u003e on ofwbus0\nregfix1: \u003cFixed Regulator\u003e on ofwbus0\nregfix2: \u003cFixed Regulator\u003e on ofwbus0\nregfix3: \u003cFixed Regulator\u003e on ofwbus0\nregfix4: \u003cFixed Regulator\u003e on ofwbus0\nregfix5: \u003cFixed Regulator\u003e on ofwbus0\nregfix6: \u003cFixed Regulator\u003e on ofwbus0\naw_sid0: \u003cAllwinner Secure ID Controller\u003e mem 0x1c23800-0x1c239ff on simplebus0\ngic0: \u003cARM Generic Interrupt Controller\u003e mem 0x1c81000-0x1c81fff,0x1c82000-0x1c83fff,0x1c84000-0x1c85fff,0x1c86000-0x1c87fff irq 74 on simplebus0\ngic0: pn 0x1, arch 0x2, rev 0x1, implementer 0x43b irqs 160\naw_nmi0: \u003cAllwinner NMI Controller\u003e mem 0x1c00030-0x1c0003b irq 6 on simplebus0\ngpio0: \u003cAllwinner GPIO/Pinmux controller\u003e mem 0x1c20800-0x1c20bff irq 29 on simplebus0\ngpiobus0: \u003cOFW GPIO bus\u003e on gpio0\naxp2xx_pmu0: \u003cX-Powers AXP209 Power Management Unit\u003e at addr 0x68 irq 79 on iicbus0\ngpiobus1: \u003cOFW GPIO bus\u003e on axp2xx_pmu0\ngeneric_timer0: \u003cARMv7 Generic Timer\u003e irq 0,1,2,3 on ofwbus0\nTimecounter \"ARM MPCore Timecounter\" frequency 24000000 Hz quality 1000\nEvent timer \"ARM MPCore Eventtimer\" frequency 24000000 Hz quality 1000\nrtc0: \u003cAllwinner RTC\u003e mem 0x1c20d00-0x1c20d1f irq 36 on simplebus0\nrtc0: registered as a time-of-day clock, resolution 1.000000s\nawusbphy0: \u003cAllwinner USB PHY\u003e mem 0x1c13400-0x1c1340f,0x1c14800-0x1c14803,0x1c1c800-0x1c1c803 on simplebus0\ncpulist0: \u003cOpen Firmware CPU Group\u003e on ofwbus0\ncpu0: \u003cOpen Firmware CPU\u003e on cpulist0\ncpufreq_dt0: \u003cGeneric cpufreq driver\u003e on cpu0\ncpu1: \u003cOpen Firmware CPU\u003e on cpulist0\npmu0: \u003cPerformance Monitoring Unit\u003e irq 4,5 on ofwbus0\na10dmac0: \u003cAllwinner DMA controller\u003e mem 0x1c02000-0x1c02fff irq 7 on simplebus0\naw_mmc0: \u003cAllwinner Integrated MMC/SD controller\u003e mem 0x1c0f000-0x1c0ffff irq 15 on simplebus0\nmmc0: \u003cMMC/SD bus\u003e on aw_mmc0\nehci0: \u003cAllwinner Integrated USB 2.0 controller\u003e mem 0x1c14000-0x1c140ff irq 20 on simplebus0\nusbus0: EHCI version 1.0\nusbus0 on ehci0\nohci0: \u003cGeneric OHCI Controller\u003e mem 0x1c14400-0x1c144ff irq 21 on simplebus0\nusbus1 on ohci0\nahci0: \u003cAllwinner Integrated AHCI controller\u003e mem 0x1c18000-0x1c18fff irq 25 on simplebus0\nahci0: AHCI v1.10 with 1 3Gbps ports, Port Multiplier not supported\nahci0: quirks=0x2\u003cNOPMP\u003e\nahcich0: \u003cAHCI channel\u003e at channel 0 on ahci0\nehci1: \u003cAllwinner Integrated USB 2.0 controller\u003e mem 0x1c1c000-0x1c1c0ff irq 26 on simplebus0\nusbus2: EHCI version 1.0\nusbus2 on ehci1\nohci1: \u003cGeneric OHCI Controller\u003e mem 0x1c1c400-0x1c1c4ff irq 27 on simplebus0\nusbus3 on ohci1\ngpioc0: \u003cGPIO controller\u003e on gpio0\naw_wdog0: \u003cAllwinner A10 Watchdog\u003e mem 0x1c20c90-0x1c20c9f on simplebus0\naw_ir0: \u003cAllwinner CIR controller\u003e mem 0x1c21800-0x1c2183f irq 38 on simplebus0\npcm0: \u003cAllwinner Audio Codec\u003e mem 0x1c22c00-0x1c22c3f irq 43 on simplebus0\npcm0: cannot find codec clock\ndevice_attach: pcm0 attach returned 6\naw_ts0: \u003cAllwinner Touch Screen controller\u003e mem 0x1c25000-0x1c250ff irq 45 on simplebus0\nuart0: \u003c16750 or compatible\u003e mem 0x1c28000-0x1c283ff irq 46 on simplebus0\nuart0: console (115384,n,8,1)\nuart1: \u003c16750 or compatible\u003e mem 0x1c28c00-0x1c28fff irq 49 on simplebus0\nuart2: \u003c16750 or compatible\u003e mem 0x1c29c00-0x1c29fff irq 53 on simplebus0\ngpioc1: \u003cGPIO controller\u003e on axp2xx_pmu0\niic0: \u003cI2C generic I/O\u003e on iicbus0\niic1: \u003cI2C generic I/O\u003e on iicbus1\ndwc0: \u003cA20 Gigabit Ethernet Controller\u003e mem 0x1c50000-0x1c5ffff irq 69 on simplebus0\nmiibus0: \u003cMII bus\u003e on dwc0\nrgephy0: \u003cRTL8169S/8110S/8211 1000BASE-T media interface\u003e PHY 0 on miibus0\nrgephy0:  none, 10baseT, 10baseT-FDX, 100baseTX, 100baseTX-FDX, 1000baseT, 1000baseT-master, 1000baseT-FDX, 1000baseT-FDX-master, auto\nrgephy1: \u003cRTL8169S/8110S/8211 1000BASE-T media interface\u003e PHY 1 on miibus0\nrgephy1:  none, 10baseT, 10baseT-FDX, 100baseTX, 100baseTX-FDX, 1000baseT, 1000baseT-master, 1000baseT-FDX, 1000baseT-FDX-master, auto\ndwc0: Ethernet address: 02:51:09:c1:b4:1d\ngpioled0: \u003cGPIO LEDs\u003e on ofwbus0\ncryptosoft0: \u003csoftware crypto\u003e\nTimecounters tick every 1.000 msec\nusbus0: 480Mbps High Speed USB v2.0\nusbus1: 12Mbps Full Speed USB v1.0\nusbus2: 480Mbps High Speed USB v2.0\nusbus3: 12Mbps Full Speed USB v1.0\nugen0.1: \u003cAllwinner EHCI root HUB\u003e at usbus0\nuhub0: \u003cAllwinner EHCI root HUB, class 9/0, rev 2.00/1.00, addr 1\u003e on usbus0\nugen1.1: \u003cGeneric OHCI root HUB\u003e at usbus1\nuhub1: \u003cGeneric OHCI root HUB, class 9/0, rev 1.00/1.00, addr 1\u003e on usbus1\nugen2.1: \u003cAllwinner EHCI root HUB\u003e at usbus2\nuhub2: \u003cAllwinner EHCI root HUB, class 9/0, rev 2.00/1.00, addr 1\u003e on usbus2\nugen3.1: \u003cGeneric OHCI root HUB\u003e at usbus3\nuhub3: \u003cGeneric OHCI root HUB, class 9/0, rev 1.00/1.00, addr 1\u003e on usbus3\nada0 at ahcich0 bus 0 scbus0 target 0 lun 0\nada0: \u003cKINGSTON SKC300S37A60G 507KC4\u003e ATA8-ACS SATA 3.x device\nada0: Serial Number 50026B723B033A53\nada0: 300.000MB/s transfers (SATA 2.x, UDMA6, PIO 8192bytes)\nada0: Command Queueing enabled\nada0: 57241MB (117231408 512 byte sectors)\nmmcsd0: 8GB \u003cSDHC 00000 1.0 SN 0D28F6C8 MFG 09/2013 by 27 SM\u003e at mmc0 50.0MHz/4bit/32768-block\nRelease APs\nWARNING: WITNESS option enabled, expect reduced performance.\nTrying to mount root from ufs:/dev/ada0p4 [rw,noatime]...\nmmc0: Failed to set VCCQ for card at relative address 22964\nuhub1: 1 port with 1 removable, self powered\nuhub3: 1 port with 1 removable, self powered\nuhub0: 1 port with 1 removable, self powered\nuhub2: 1 port with 1 removable, self powered\nlock order reversal:\n 1st 0xc4f02600 bufwait (bufwait) @ /usr/src/sys/kern/vfs_bio.c:3906\n 2nd 0xd8427600 dirhash (dirhash) @ /usr/src/sys/ufs/ufs/ufs_dirhash.c:289\nstack backtrace:\nlo0: link state changed to UP\ndwc0: link state changed to DOWN\ndwc0: link state changed to UP\nSecurity policy loaded: MAC/ntpd (mac_ntpd)\n$\n\n\n=================== dmesg - 12.2 RELEASE - does not work ===============\n---\u003c\u003cBOOT\u003e\u003e---\nCopyright (c) 1992-2020 The FreeBSD Project.\nCopyright (c) 1979, 1980, 1983, 1986, 1988, 1989, 1991, 1992, 1993, 1994\n        The Regents of the University of California. All rights reserved.\nFreeBSD is a registered trademark of The FreeBSD Foundation.\nFreeBSD 12.2-RELEASE-p4 r369447 BANANAPI arm\nFreeBSD clang version 10.0.1 (git@github.com:llvm/llvm-project.git llvmorg-10.0.1-0-gef32c611aa2)\nVT: init without driver.\nCPU: ARM Cortex-A7 r0p4 (ECO: 0x00000000)\nCPU Features:\n  Multiprocessing, Thumb2, Security, Virtualization, Generic Timer, VMSAv7,\n  PXN, LPAE, Coherent Walk\nOptional instructions:\n  SDIV/UDIV, UMULL, SMULL, SIMD(ext)\nLoUU:2 LoC:3 LoUIS:2\nCache level 1:\n 32KB/64B 4-way data cache WB Read-Alloc Write-Alloc\n 32KB/32B 2-way instruction cache Read-Alloc\nCache level 2:\n 256KB/64B 8-way unified cache WB Read-Alloc Write-Alloc\nreal memory  = 1056792576 (1007 MB)\navail memory = 1019297792 (972 MB)\nNo PSCI/SMCCC call function found\nFreeBSD/SMP: Multiprocessor System Detected: 2 CPUs\nrandom: unblocking device.\nrandom: entropy device external interface\nkbd0 at kbdmux0\nofwbus0: \u003cOpen Firmware Device Tree\u003e\naw_ccu0: \u003cAllwinner Clock Control Unit\u003e on ofwbus0\nclk_fixed0: \u003cFixed clock\u003e on aw_ccu0\nclk_fixed1: \u003cFixed clock\u003e on aw_ccu0\nclk_fixed2: \u003cFixed clock\u003e on aw_ccu0\nclk_fixed3: \u003cFixed clock\u003e on aw_ccu0\nsimplebus0: \u003cFlattened device tree simple bus\u003e on ofwbus0\nregfix0: \u003cFixed Regulator\u003e on ofwbus0\nregfix1: \u003cFixed Regulator\u003e on ofwbus0\nregfix2: \u003cFixed Regulator\u003e on ofwbus0\nregfix3: \u003cFixed Regulator\u003e on ofwbus0\nregfix4: \u003cFixed Regulator\u003e on ofwbus0\nregfix5: \u003cFixed Regulator\u003e on ofwbus0\nregfix6: \u003cFixed Regulator\u003e on ofwbus0\nrtc0: \u003cAllwinner RTC\u003e mem 0x1c20d00-0x1c20d1f irq 39 on simplebus0\nrtc0: registered as a time-of-day clock, resolution 1.000000s\naw_gmacclk0: \u003cAllwinner GMAC Clock\u003e mem 0x1c20164-0x1c20167 on aw_ccu0\nccu_a10ng0: \u003cAllwinner A10/A20 Clock Control Unit NG\u003e mem 0x1c20000-0x1c203ff on simplebus0\ngic0: \u003cARM Generic Interrupt Controller\u003e mem 0x1c81000-0x1c81fff,0x1c82000-0x1c83fff,0x1c84000-0x1c85fff,0x1c86000-0x1c87fff irq 77 on simplebus0\ngic0: pn 0x1, arch 0x2, rev 0x1, implementer 0x43b irqs 160\naw_nmi0: \u003cAllwinner NMI Controller\u003e mem 0x1c00030-0x1c0003b irq 6 on simplebus0\ngpio0: \u003cAllwinner GPIO/Pinmux controller\u003e mem 0x1c20800-0x1c20bff irq 31 on simplebus0\ngpiobus0: \u003cOFW GPIO bus\u003e on gpio0\niichb0: \u003cAllwinner Integrated I2C Bus Controller\u003e mem 0x1c2ac00-0x1c2afff irq 59 on simplebus0\niicbus0: \u003cOFW I2C bus\u003e on iichb0\naxp2xx_pmu0: \u003cX-Powers AXP209 Power Management Unit\u003e at addr 0x68 irq 82 on iicbus0\ngpiobus1: \u003cOFW GPIO bus\u003e on axp2xx_pmu0\niichb1: \u003cAllwinner Integrated I2C Bus Controller\u003e mem 0x1c2b400-0x1c2b7ff irq 61 on simplebus0\niicbus1: \u003cOFW I2C bus\u003e on iichb1\ngeneric_timer0: \u003cARMv7 Generic Timer\u003e irq 0,1,2,3 on ofwbus0\nTimecounter \"ARM MPCore Timecounter\" frequency 24000000 Hz quality 1000\nEvent timer \"ARM MPCore Eventtimer\" frequency 24000000 Hz quality 1000\naw_sid0: \u003cAllwinner Secure ID Controller\u003e mem 0x1c23800-0x1c239ff on simplebus0\nawusbphy0: \u003cAllwinner USB PHY\u003e mem 0x1c13400-0x1c1340f,0x1c14800-0x1c14803,0x1c1c800-0x1c1c803 on simplebus0\ncpulist0: \u003cOpen Firmware CPU Group\u003e on ofwbus0\ncpu0: \u003cOpen Firmware CPU\u003e on cpulist0\ncpufreq_dt0: \u003cGeneric cpufreq driver\u003e on cpu0\ncpu1: \u003cOpen Firmware CPU\u003e on cpulist0\npmu0: \u003cPerformance Monitoring Unit\u003e irq 4,5 on ofwbus0\na10dmac0: \u003cAllwinner DMA controller\u003e mem 0x1c02000-0x1c02fff irq 7 on simplebus0\naw_mmc0: \u003cAllwinner Integrated MMC/SD controller\u003e mem 0x1c0f000-0x1c0ffff irq 16 on simplebus0\nehci0: \u003cGeneric EHCI Controller\u003e mem 0x1c14000-0x1c140ff irq 21 on simplebus0\nusbus0: EHCI version 1.0\nusbus0 on ehci0\nohci0: \u003cGeneric OHCI Controller\u003e mem 0x1c14400-0x1c144ff irq 22 on simplebus0\nusbus1 on ohci0\nahci0: \u003cAllwinner Integrated AHCI controller\u003e mem 0x1c18000-0x1c18fff irq 26 on simplebus0\nahci0: AHCI v1.10 with 1 3Gbps ports, Port Multiplier not supported\nahci0: quirks=0x2\u003cNOPMP\u003e\nehci1: \u003cGeneric EHCI Controller\u003e mem 0x1c1c000-0x1c1c0ff irq 27 on simplebus0\nusbus2: EHCI version 1.0\nusbus2 on ehci1\nohci1: \u003cGeneric OHCI Controller\u003e mem 0x1c1c400-0x1c1c4ff irq 28 on simplebus0\nusbus3 on ohci1\ngpioc0: \u003cGPIO controller\u003e on gpio0\naw_wdog0: \u003cAllwinner A10 Watchdog\u003e mem 0x1c20c90-0x1c20c9f irq 38 on simplebus0\naw_ir0: \u003cAllwinner CIR controller\u003e mem 0x1c21800-0x1c2183f irq 41 on simplebus0\npcm0: \u003cAllwinner Audio Codec\u003e mem 0x1c22c00-0x1c22c3f irq 46 on simplebus0\npcm0: cannot find codec clock\ndevice_attach: pcm0 attach returned 6\naw_ts0: \u003cAllwinner Touch Screen controller\u003e mem 0x1c25000-0x1c250ff irq 48 on simplebus0\nuart0: \u003c16750 or compatible\u003e mem 0x1c28000-0x1c283ff irq 49 on simplebus0\nuart0: console (115384,n,8,1)\nuart1: \u003c16750 or compatible\u003e mem 0x1c28c00-0x1c28fff irq 52 on simplebus0\nuart2: \u003c16750 or compatible\u003e mem 0x1c29c00-0x1c29fff irq 56 on simplebus0\ngpioc1: \u003cGPIO controller\u003e on axp2xx_pmu0\niic0: \u003cI2C generic I/O\u003e on iicbus0\niic1: \u003cI2C generic I/O\u003e on iicbus1\ndwc0: \u003cA20 Gigabit Ethernet Controller\u003e mem 0x1c50000-0x1c5ffff irq 72 on simplebus0\nmiibus0: \u003cMII bus\u003e on dwc0\nrgephy0: \u003cRTL8169S/8110S/8211 1000BASE-T media interface\u003e PHY 0 on miibus0\nrgephy0:  none, 10baseT, 10baseT-FDX, 100baseTX, 100baseTX-FDX, 1000baseT, 1000baseT-master, 1000baseT-FDX, 1000baseT-FDX-master, auto\nrgephy1: \u003cRTL8169S/8110S/8211 1000BASE-T media interface\u003e PHY 1 on miibus0\nrgephy1:  none, 10baseT, 10baseT-FDX, 100baseTX, 100baseTX-FDX, 1000baseT, 1000baseT-master, 1000baseT-FDX, 1000baseT-FDX-master, auto\ndwc0: Ethernet address: 02:51:09:c1:b4:1d\ngpioled0: \u003cGPIO LEDs\u003e on ofwbus0\ncryptosoft0: \u003csoftware crypto\u003e\nTimecounters tick every 1.000 msec\nusbus0: 480Mbps High Speed USB v2.0\nusbus1: 12Mbps Full Speed USB v1.0\nusbus2: 480Mbps High Speed USB v2.0\nusbus3: 12Mbps Full Speed USB v1.0\nRelease APs\nugen0.1: \u003cGeneric EHCI root HUB\u003e at usbus0\nugen1.1: \u003cGeneric OHCI root HUB\u003e at usbus1\nuhub0: \u003cGeneric EHCI root HUB, class 9/0, rev 2.00/1.00, addr 1\u003e on usbus0\nuhub1: \u003cGeneric OHCI root HUB, class 9/0, rev 1.00/1.00, addr 1\u003e on usbus1\nTrying to mount root from ufs:/dev/ufs/rootfs [rw]...\nugen2.1: \u003cGeneric EHCI root HUB\u003e at usbus2\nRoot mount waiting for:uhub2:  usbus0\u003cGeneric EHCI root HUB, class 9/0, rev 2.00/1.00, addr 1\u003e on usbus2\n usbus1ugen3.1: \u003cGeneric OHCI root HUB\u003e at usbus3\n usbus2uhub3:  usbus3\u003cGeneric OHCI root HUB, class 9/0, rev 1.00/1.00, addr 1\u003e on usbus3\n CAMmmc0:\n\u003cMMC/SD bus\u003e on aw_mmc0\nmmcsd0: 16GB \u003cSDHC SC16G 8.0 SN 3D84BB62 MFG 01/2021 by 3 SD\u003e at mmc0 50.0MHz/4bit/32768-block\nmmc0: Failed to set VCCQ for card at relative address 43690\nuhub1: 1 port with 1 removable, self powered\nuhub3: 1 port with 1 removable, self powered\nuhub0: 1 port with 1 removable, self powered\nuhub2: 1 port with 1 removable, self powered\nmountroot: waiting for device /dev/ufs/rootfs...\nlo0: link state changed to UP\ndwc0: link state changed to DOWN\ndwc0: link state changed to UP\nroot@generic:/usr/src #"
}