{
 "id": 898985,
 "bug_id": 212897,
 "attachment_id": 0,
 "creation_time": "2016-09-23T11:00:00Z",
 "creator": "luciano@vespaperitivo.it",
 "text": "Yes you're right 11.0RC3 does install. 12-Current does'nt (sparse CPU prb),\nShould I open another PR?\n\nHere's the usual output:\n\nTrying to load:  from: /vdevice/v-scsi@2000/disk@8001000000000000 ...   Successfully loaded\nConsoles: Open Firmware console  \n\nFreeBSD/powerpc64 Open Firmware loader, Revision 0.1\n(root@releng3.nyi.freebsd.org, Tue
Aug 30 00:48:53 UTC 2016)\nMemory: 2097152KB\nBooted from: /vdevice/v-scsi@2000/disk@8001000000000000\n\nLoading /boot/defaults/loader.conf\n/boot/kernel/kernel data=0xeb1988+0x4a1f38 syms=[0x8+0x14d930+0x8+0x14a72a]\n-\nHit [Enter] to boot immediately, or any other key for command prompt.\nBooting [/boot/kernel/kernel]...               \nKernel entry at 0x102500 ...\nKDB: debugger backends: ddb\nKDB: current backend: ddb\nCopyright (c) 1992-2016 The FreeBSD Project.\nCopyright (c) 1979, 1980, 1983, 1986, 1988, 1989, 1991, 1992, 1993, 1994\n\tThe Regents of the University of California. All rights reserved.\nFreeBSD is a registered trademark of The FreeBSD Foundation.\nFreeBSD 12.0-CURRENT #0 r305028: Tue Aug 30 00:55:49 UTC 2016\n    root@releng3.nyi.freebsd.org:/usr/obj/powerpc.powerpc64/usr/src/sys/GENERIC64 powerpc\ngcc version 4.2.1 20070831 patched [FreeBSD]\nWARNING: WITNESS option enabled, expect reduced performance.\nVT: init without driver.\ncpu0: IBM POWER8E revision 2.1, 3425.00 MHz\ncpu0: Features dc005180\u003cPPC32,PPC64,ALTIVEC,FPU,MMU,SMT,ARCH205,ARCH206,VSX\u003e\ncpu0: Features2 c2000000\u003cARCH207,HTM,VCRYPTO\u003e\nreal memory  = 2110447616 (2012 MB)\navail memory = 1989148672 (1897 MB)\nFreeBSD/SMP: Multiprocessor System Detected: 4 CPUs\ncpu0: dev=7e5e0090 (BSP)\ncpu8: dev=7e5e08b0\ncpu16: dev=7e5e10d0\ncpu24: dev=7e5e18f0\nrandom: entropy device external interface\nkbd0 at kbdmux0\nofwbus0: \u003cOpen Firmware Device Tree\u003e on nexus0\nxicp0: \u003cPAPR virtual interrupt controller\u003e on ofwbus0\ncpulist0: \u003cOpen Firmware CPU Group\u003e on ofwbus0\ncpu0: \u003cOpen Firmware CPU\u003e on cpulist0\ncpu1: \u003cOpen Firmware CPU\u003e on cpulist0\ncpu2: \u003cOpen Firmware CPU\u003e on cpulist0\ncpu3: \u003cOpen Firmware CPU\u003e on cpulist0\npcib0: \u003cRTAS Host-PCI bridge\u003e on ofwbus0\npci0: \u003cPOWER Hypervisor PCI bus\u003e on pcib0\npci0: \u003cold\u003e at device 3.0 (no driver attached)\nohci0: \u003cApple KeyLargo/Intrepid USB controller\u003e mem 0xc0000000-0xc00000ff irq 4100 at device 2.0 on pci0\nusbus0 on ohci0\nre0: \u003cRealTek 8139C+ 10/100BaseTX\u003e port 0x100-0x1ff mem 0xc0000100-0xc00001ff irq 4099 at device 1.0 on pci0\nre0: Chip rev. 0x74800000\nre0: MAC rev. 0x00000000\nmiibus0: \u003cMII bus\u003e on re0\nrlphy0: \u003cRealTek internal media interface\u003e PHY 0 on miibus0\nrlphy0:  10baseT, 10baseT-FDX, 100baseTX, 100baseTX-FDX, auto, auto-flow\nre0: Using defaults for TSO: 65518/35/2048\nre0: Ethernet address: 52:54:00:1a:cd:48\nrtas0: \u003cRun-Time Abstraction Services\u003e on ofwbus0\nvdevice0: \u003cPOWER Hypervisor Virtual Device Root\u003e on ofwbus0\nvscsi0: \u003cPOWER Hypervisor Virtual SCSI Bus\u003e irq 16781319 on vdevice0\nvscsi0: Queue depth 22 commands\nuart0: \u003cPOWER Hypervisor Virtual Serial Port\u003e irq 16781320 on vdevice0\nTimecounter \"timebase\" frequency 512000000 Hz quality 0\nEvent timer \"decrementer\" frequency 512000000 Hz quality 1000\nTimecounters tick every 1.000 msec\nusbus0: 12Mbps Full Speed USB v1.0\ncd0 at vscsi0 bus 0 scbus0 target 0 lun 1\ncd0: ugen0.1: \u003cApple\u003e at usbus0\nuhub0: \u003cApple OHCI root HUB, class 9/0, rev 1.00/1.00, addr 1\u003e on usbus0\n\u003cQEMU QEMU CD-ROM 2.3.\u003e Removable CD-ROM SPC-3 SCSI device\ncd0: 150.000MB/s transfers\ncd0: 544MB (278861 2048 byte sectors)\nda0 at vscsi0 bus 0 scbus0 target 0 lun 0\nda0: \u003cQEMU QEMU HARDDISK 2.3.\u003e Fixed Direct Access SPC-3 SCSI device\nda0: 150.000MB/s transfers\nda0: 20480MB (41943040 512 byte sectors)\nSMP: AP CPU #8 launched\nSMP: AP CPU #24 launched\nSMP: AP CPU #16 launched\nspin lock 0x1125d80 (sched lock 0) held by 0x50e99c0 (tid 100049) too long\nspin lock 0x1125d80 (sched lock 0) held by 0x50e99c0 (tid 100049) too long\nspin lock 0x1125d80 (sched lock 0) held by 0x50e99c0 (tid 100049) too long\ntimeout stopping cpus\npanic: spin lock held too long\ncpuid = 24\nKDB: stack backtrace:\n0xc00000004001f230: at .kdb_backtrace+0x5c\n0xc00000004001f360: at .vpanic+0x190\n0xc00000004001f420: at .panic+0x38\n0xc00000004001f4b0: at ._mtx_lock_spin_failed+0x60\n0xc00000004001f540: at ._mtx_lock_spin_cookie+0x114\n0xc00000004001f5f0: at .__mtx_lock_spin_flags+0x18c\n0xc00000004001f690: at .tdq_lock_pair+0x7c\n0xc00000004001f720: at .sched_idletd+0x238\n0xc00000004001f850: at .fork_exit+0xd0\n0xc00000004001f8f0: at .fork_trampoline+0x10\n0xc00000004001f920: at blocked_loop+0x38\nKDB: enter: panic\n[ thread pid 11 tid 100006 ]\nStopped at      .kdb_enter+0x60:        ld      r2, r1, 0x28,\ndb\u003e timeout stopping cpus\npanic: spin lock held too long\ncpuid = 8\nUptime: 1s\ntimeout stopping cpus\npanic: spin lock held too long\ncpuid = 16\nKDB: enter: panic\n[\nfatal kernel trap:\n\n   exception       = 0x700 (program)\n   srr0            = 0xe30a80\n   srr1            = 0x8000000000081032\n   lr              = 0xe30a80\n   curthread       = 0x4c31000\n          pid = 11, comm = idle: cpu24\n\npanic: program trap\ncpuid = 24\ntUSpttoipmpee:d  1as\n  generictrap+0x98:       stdu    r31, r1, 0xfd50,\ndb\u003e"
}