{
 "id": 477333,
 "bug_id": 130133,
 "attachment_id": 0,
 "creation_time": "2009-01-03T13:30:01Z",
 "creator": "g.veniamin@googlemail.com",
 "text": "Kernel panic occurs when you make clean large amounts of data. I'm cleaning editors/openoffice.org-3.\n\n#kldstat\nId Refs Address    Size     Name\n 1   19 0xc0400000 9095c8   kernel\n 2    1 0xc0d0a000 13e598   zfs.ko\n 3    2 0xc0e49000 3c80     opensolaris.ko\n 4    1 0xc0e4d000 7100     snd_ich.ko\n 5    2 0xc0e55000 4a524    sound.ko\n 6    1 0xc0ea0000 c060     i915.ko\n 7    2 0xc0ead000 161c4    drm.ko\n\n\n#cat /boot/loader.conf\nzfs_load=YES\nvfs.root.mountfrom=\"zfs:h\"\nvm.kmem_size=\"512M\"\nvm.kmem_size_max=\"512M\"\n\ni915_load=\"YES\"\ndrm_load=\"YES\"\nsnd_ich_load=\"YES\"\nlegal.intel_iwi.license_ack=1\n\n#dmesg                                                                                                   \nCopyright (c) 1992-2009 The FreeBSD Project.                                                                                                \nCopyright (c) 1979, 1980, 1983, 1986, 1988, 1989, 1991, 1992, 1993, 1994                                                                    \n        The Regents of the University of California. All rights reserved.                                                                   \nFreeBSD is a registered trademark of The FreeBSD Foundation.                                                                                \nFreeBSD 8.0-CURRENT #0: Fri Jan  2 09:21:10 KRAT 2009                                                                                       \n    root@ss.su:/usr/obj/usr/src/sys/zl0_usb2                                                                                                \nTimecounter \"i8254\" frequency 1193182 Hz quality 0                                                                                          \nCPU: Intel(R) Pentium(R) M processor 1.50GHz (1496.25-MHz 686-class CPU)                                                                    \n  Origin = \"GenuineIntel\"  Id = 0x6d8  Stepping = 8                                                                                         \n  Features=0xafe9fbff\u003cFPU,VME,DE,PSE,TSC,MSR,PAE,MCE,CX8,APIC,SEP,MTRR,PGE,MCA,CMOV,PAT,CLFLUSH,DTS,ACPI,MMX,FXSR,SSE,SSE2,SS,TM,PBE\u003e       \n  Features2=0x180\u003cEST,TM2\u003e                                                                                                                  \nreal memory  = 2112749568 (2014 MB)                                                                                                         \navail memory = 2059911168 (1964 MB)                                                                                                         \nACPI APIC Table: \u003cHP     09B8    \u003e                                                                                                          \nThis module (opensolaris) contains code covered by the                                                                                      \nCommon Development and Distribution License (CDDL)                                                                                          \nsee http://opensolaris.org/os/licensing/opensolaris_license/                                                                                \nioapic0 \u003cVersion 2.0\u003e irqs 0-23 on motherboard                                                                                              \nkbd1 at kbdmux0                                                                                                                             \ncryptosoft0: \u003csoftware crypto\u003e on motherboard                                                                                               \nacpi0: \u003cHP 09B8\u003e on motherboard                                                                                                             \nacpi0: [ITHREAD]                                                                                                                            \nacpi0: Power Button (fixed)                                                                                                                 \nTimecounter \"ACPI-fast\" frequency 3579545 Hz quality 1000                                                                                   \nacpi_timer0: \u003c24-bit timer at 3.579545MHz\u003e port 0x1008-0x100b on acpi0                                                                      \nacpi_ec0: \u003cEmbedded Controller: GPE 0x1d\u003e port 0x62,0x66 on acpi0                                                                           \nacpi_hpet0: \u003cHigh Precision Event Timer\u003e iomem 0-0x3ff on acpi0                                                                             \ndevice_attach: acpi_hpet0 attach returned 12                                                                                                \nacpi_acad0: \u003cAC Adapter\u003e on acpi0                                                                                                           \nbattery0: \u003cACPI Control Method Battery\u003e on acpi0                                                                                            \nacpi_lid0: \u003cControl Method Lid Switch\u003e on acpi0                                                                                             \nacpi_button0: \u003cSleep Button\u003e on acpi0                                                                                                       \npcib0: \u003cACPI Host-PCI bridge\u003e port 0xcf8-0xcff on acpi0                                                                                     \npci0: \u003cACPI PCI bus\u003e on pcib0                                                                                                               \npci0: \u003cbase peripheral\u003e at device 0.1 (no driver attached)                                                                                  \npci0: \u003cbase peripheral\u003e at device 0.3 (no driver attached)                                                                                  \nvgapci0: \u003cVGA-compatible display\u003e port 0x1800-0x1807 mem 0xe8000000-0xefffffff,0xe0000000-0xe007ffff irq 16 at device 2.0 on pci0           \nagp0: \u003cIntel 8285xM (85xGM GMCH) SVGA controller\u003e on vgapci0                                                                                \nagp0: detected 32636k stolen memory                                                                                                         \nagp0: aperture size is 128M                                                                                                                 \ndrm0: \u003cIntel i852GM/i855GM GMCH\u003e on vgapci0                                                                                                 \nvgapci0: child drm0 requested pci_enable_busmaster                                                                                          \ninfo: [drm] AGP at 0xe8000000 128MB                                                                                                         \ninfo: [drm] Initialized i915 1.6.0 20080730                                                                                                 \nvgapci1: \u003cVGA-compatible display\u003e mem 0xf0000000-0xf7ffffff,0xe0080000-0xe00fffff at device 2.1 on pci0                                     \nuhci0: \u003cIntel 82801DB (ICH4) USB controller USB-A\u003e port 0x1820-0x183f irq 16 at device 29.0 on pci0                                         \nuhci0: [ITHREAD]                                                                                                                            \nuhci0: LegSup = 0x003b                                                                                                                      \nusbus0: \u003cIntel 82801DB (ICH4) USB controller USB-A\u003e on uhci0                                                                                \nuhci1: \u003cIntel 82801DB (ICH4) USB controller USB-B\u003e port 0x1840-0x185f irq 19 at device 29.1 on pci0                                         \nuhci1: [ITHREAD]                                                                                                                            \nuhci1: LegSup = 0x0010                                                                                                                      \nusbus1: \u003cIntel 82801DB (ICH4) USB controller USB-B\u003e on uhci1                                                                                \nuhci2: \u003cIntel 82801DB (ICH4) USB controller USB-C\u003e port 0x1860-0x187f irq 18 at device 29.2 on pci0                                         \nuhci2: [ITHREAD]                                                                                                                            \nuhci2: LegSup = 0x0010                                                                                                                      \nusbus2: \u003cIntel 82801DB (ICH4) USB controller USB-C\u003e on uhci2                                                                                \nehci0: \u003cIntel 82801DB/L/M (ICH4) USB 2.0 controller\u003e mem 0xe0100000-0xe01003ff irq 23 at device 29.7 on pci0                                \nehci0: [ITHREAD]                                                                                                                            \nusbus3: EHCI version 1.0                                                                                                                    \nusbus3: \u003cIntel 82801DB/L/M (ICH4) USB 2.0 controller\u003e on ehci0                                                                              \npcib1: \u003cACPI PCI-PCI bridge\u003e at device 30.0 on pci0                                                                                         \npci2: \u003cACPI PCI bus\u003e on pcib1                                                                                                               \nrl0: \u003cRealTek 8139 10/100BaseTX\u003e port 0x3000-0x30ff mem 0xe0207800-0xe02078ff irq 16 at device 0.0 on pci2                                  \nmiibus0: \u003cMII bus\u003e on rl0                                                                                                                   \nrlphy0: \u003cRealTek internal media interface\u003e PHY 0 on miibus0                                                                                 \nrlphy0:  10baseT, 10baseT-FDX, 100baseTX, 100baseTX-FDX, auto                                                                               \nrl0: Ethernet address: 00:c0:9f:6b:7b:da                                                                                                    \nrl0: [ITHREAD]                                                                                                                              \niwi0: \u003cIntel(R) PRO/Wireless 2200BG\u003e mem 0xe0206000-0xe0206fff irq 18 at device 6.0 on pci2                                                 \niwi0: [ITHREAD]                                                                                                                             \ncbb0: \u003cTI6411 PCI-CardBus Bridge\u003e at device 9.0 on pci2                                                                                     \ncardbus0: \u003cCardBus bus\u003e on cbb0                                                                                                             \npccard0: \u003c16-bit PCCard bus\u003e on cbb0                                                                                                        \ncbb0: [FILTER]                                                                                                                              \nfwohci0: \u003c1394 Open Host Controller Interface\u003e mem 0xe0207000-0xe02077ff,0xe0200000-0xe0203fff irq 22 at device 9.2 on pci2                 \nfwohci0: [FILTER]                                                                                                                           \nfwohci0: OHCI version 1.10 (ROM=1)                                                                                                          \nfwohci0: No. of Isochronous channels is 4.                                                                                                  \nfwohci0: EUI64 00:c0:9f:00:00:32:ac:0c                                                                                                      \nfwohci0: Phy 1394a available S400, 2 ports.                                                                                                 \nfwohci0: Link S400, max_rec 2048 bytes.                                                                                                     \nfirewire0: \u003cIEEE1394(FireWire) bus\u003e on fwohci0                                                                                              \nfwe0: \u003cEthernet over FireWire\u003e on firewire0                                                                                                 \nif_fwe0: Fake Ethernet address: 02:c0:9f:32:ac:0c                                                                                           \nfwe0: Ethernet address: 02:c0:9f:32:ac:0c                                                                                                   \nfwip0: \u003cIP over FireWire\u003e on firewire0                                                                                                      \nfwip0: Firewire address: 00:c0:9f:00:00:32:ac:0c @ 0xfffe00000000, S400, maxrec 2048                                                        \nsbp0: \u003cSBP-2/SCSI over FireWire\u003e on firewire0                                                                                               \ndcons_crom0: \u003cdcons configuration ROM\u003e on firewire0                                                                                         \ndcons_crom0: bus_addr 0x10d8000                                                                                                             \nfwohci0: Initiate bus reset                                                                                                                 \nfwohci0: BUS reset                                                                                                                          \nfwohci0: node_id=0xc000ffc0, gen=1, CYCLEMASTER mode                                                                                        \npci2: \u003cmass storage\u003e at device 9.3 (no driver attached)                                                                                     \npci2: \u003cbase peripheral, SD host controller\u003e at device 9.4 (no driver attached)                                                              \nisab0: \u003cPCI-ISA bridge\u003e at device 31.0 on pci0                                                                                              \nisa0: \u003cISA bus\u003e on isab0                                                                                                                    \natapci0: \u003cIntel ICH4 UDMA100 controller\u003e port 0x1f0-0x1f7,0x3f6,0x170-0x177,0x376,0x1810-0x181f at device 31.1 on pci0                      \nata0: \u003cATA channel 0\u003e on atapci0                                                                                                            \nata0: [ITHREAD]                                                                                                                             \nata1: \u003cATA channel 1\u003e on atapci0                                                                                                            \nata1: [ITHREAD]                                                                                                                             \nichsmb0: \u003cIntel 82801DC (ICH4) SMBus controller\u003e port 0x1880-0x189f irq 17 at device 31.3 on pci0                                           \nichsmb0: [ITHREAD]                                                                                                                          \nsmbus0: \u003cSystem Management Bus\u003e on ichsmb0                                                                                                  \nsmb0: \u003cSMBus generic I/O\u003e on smbus0                                                                                                         \npcm0: \u003cIntel ICH4 (82801DB)\u003e port 0x1c00-0x1cff,0x18c0-0x18ff mem 0xe0100c00-0xe0100dff,0xe0100800-0xe01008ff irq 17 at device 31.5 on pci0 \npcm0: [ITHREAD]                                                                                                                             \npcm0: \u003cConexant CX20468-21 AC97 Codec\u003e                                                                                                      \npci0: \u003csimple comms, generic modem\u003e at device 31.6 (no driver attached)                                                                     \nacpi_tz0: \u003cThermal Zone\u003e on acpi0                                                                                                           \natrtc0: \u003cAT realtime clock\u003e port 0x70-0x77 irq 8 on acpi0                                                                                   \natkbdc0: \u003cKeyboard controller (i8042)\u003e port 0x60,0x64 irq 1 on acpi0                                                                        \natkbd0: \u003cAT Keyboard\u003e irq 1 on atkbdc0                                                                                                      \nkbd0 at atkbd0                                                                                                                              \natkbd0: [GIANT-LOCKED]                                                                                                                      \natkbd0: [ITHREAD]                                                                                                                           \npsm0: \u003cPS/2 Mouse\u003e irq 12 on atkbdc0                                                                                                        \npsm0: [GIANT-LOCKED]                                                                                                                        \npsm0: [ITHREAD]                                                                                                                             \npsm0: model IntelliMouse, device ID 3                                                                                                       \ncpu0: \u003cACPI CPU\u003e on acpi0                                                                                                                   \nest0: \u003cEnhanced SpeedStep Frequency Control\u003e on cpu0                                                                                        \np4tcc0: \u003cCPU Frequency Thermal Control\u003e on cpu0                                                                                             \nacpi_hpet0: \u003cHigh Precision Event Timer\u003e iomem 0-0x3ff on acpi0                                                                             \ndevice_attach: acpi_hpet0 attach returned 12                                                                                                \npmtimer0 on isa0                                                                                                                            \norm0: \u003cISA Option ROMs\u003e at iomem 0xcd000-0xcdfff,0xdf000-0xdffff,0xe0000-0xe3fff pnpid ORM0000 on isa0                                      \nsc0: \u003cSystem console\u003e at flags 0x100 on isa0                                                                                                \nsc0: VGA \u003c16 virtual consoles, flags=0x300\u003e                                                                                                 \nvga0: \u003cGeneric ISA VGA\u003e at port 0x3c0-0x3df iomem 0xa0000-0xbffff on isa0                                                                   \nWARNING: ZFS is considered to be an experimental feature in FreeBSD.                                                                        \nTimecounter \"TSC\" frequency 1496254807 Hz quality 800\nTimecounters tick every 1.000 msec\nusbus0: 12Mbps Full Speed USB v1.0\nfirewire0: 1 nodes, maxhop \u003c= 0, cable IRM = 0 (me)\nfirewire0: bus manager 0 (me)\nZFS filesystem version 13\nZFS storage pool version 13\nugen0.1: \u003cIntel\u003e at usbus0\nushub0: \u003cIntel UHCI root HUB, class 9/0, rev 1.00/1.00, addr 1\u003e on usbus0\nushub0: 2 ports with 2 removable, self powered\nusbus1: 12Mbps Full Speed USB v1.0\nugen1.1: \u003cIntel\u003e at usbus1\nushub1: \u003cIntel UHCI root HUB, class 9/0, rev 1.00/1.00, addr 1\u003e on usbus1\nushub1: 2 ports with 2 removable, self powered\nusbus2: 12Mbps Full Speed USB v1.0\nugen2.1: \u003cIntel\u003e at usbus2\nushub2: \u003cIntel UHCI root HUB, class 9/0, rev 1.00/1.00, addr 1\u003e on usbus2\nushub2: 2 ports with 2 removable, self powered\nusbus3: 480Mbps High Speed USB v2.0\nugen3.1: \u003cIntel\u003e at usbus3\nushub3: \u003cIntel EHCI root HUB, class 9/0, rev 2.00/1.00, addr 1\u003e on usbus3\nushub3: 6 ports with 6 removable, self powered\nad0: 114473MB \u003cWDC WD1200BEVE-00UYT0 01.04A01\u003e at ata0-master UDMA100\nacd0: DVDR \u003cNEC DVD+/-RW ND-6450A/2.36\u003e at ata1-master PIO4\nTrying to mount root from zfs:h\npid 1616 (console-kit-daemon), uid 0: exited on signal 11 (core dumped)\npid 87740 (typesconfig), uid 0: exited on signal 11 (core dumped)\npid 90427 (Xorg), uid 0: exited on signal 6 (core dumped)\npid 68587 (drkonqi), uid 1001: exited on signal 6 (core dumped)\npid 2127 (Xorg), uid 0: exited on signal 6 (core dumped)\ndrm0: [ITHREAD]\n\n(kgdb) core-file vmcore.1                                                                                                                   \n                                                                                                                                            \nUnread portion of the kernel message buffer:                                                                                                \npanic: kmem_malloc(36864): kmem_map too small: 502771712 total allocated                                                                    \nUptime: 6h23m11s                                                                                                                            \nPhysical memory: 2002 MB                                                                                                                    \nDumping 671 MB: 656 640 624 608 592 576 560 544 528 512 496 480 464 448 432 416 400 384 368 352 336 320 304 288 272 256 240 224 208 192 176 160 144 128 112 96 80 64 48 32 16                                                                                                           \n                                                                                                                                            \nLoaded symbols for /boot/kernel/zfs.ko                                                                                                      \nLoaded symbols for /boot/kernel/opensolaris.ko                                                                                              \nLoaded symbols for /boot/kernel/snd_ich.ko                                                                                                  \nLoaded symbols for /boot/kernel/sound.ko                                                                                                    \nLoaded symbols for /boot/kernel/i915.ko                                                                                                     \nLoaded symbols for /boot/kernel/drm.ko                                                                                                      \n#0  doadump () at pcpu.h:246                                                                                                                \n246     pcpu.h: No such file or directory.                                                                                                  \n        in pcpu.h                                                                                                                           \n(kgdb) bt 246                                                                                                                               \n#0  doadump () at pcpu.h:246\n#1  0xc0734563 in boot (howto=260) at /usr/src/sys/kern/kern_shutdown.c:420\n#2  0xc073476e in panic (fmt=Variable \"fmt\" is not available.\n) at /usr/src/sys/kern/kern_shutdown.c:576\n#3  0xc09703ca in kmem_malloc (map=0xc1454084, size=36864, flags=2)\n    at /usr/src/sys/vm/vm_kern.c:303\n#4  0xc0967127 in page_alloc (zone=0x0, bytes=36864, pflag=0xf429cb47 \"\\002\",\n    wait=2) at /usr/src/sys/vm/uma_core.c:952\n#5  0xc0969bd0 in uma_large_malloc (size=36864, wait=2)\n    at /usr/src/sys/vm/uma_core.c:2706\n#6  0xc0722ec8 in malloc (size=36864, mtp=0xc0e21080, flags=2)\n    at /usr/src/sys/kern/kern_malloc.c:393\n#7  0xc0d2e440 in zfs_kmem_alloc (size=35328, kmflags=2)\n    at /usr/src/sys/modules/zfs/../../cddl/compat/opensolaris/kern/opensolaris_kmem.c:74\n#8  0xc0da2d49 in zio_buf_alloc (size=35328)\n    at /usr/src/sys/modules/zfs/../../cddl/contrib/opensolaris/uts/common/fs/zfs/zio.c:204\n#9  0xc0d8db10 in vdev_queue_io_to_issue (vq=0xc547f32c, pending_limit=Variable \"pending_limit\" is not available.\n)\n    at /usr/src/sys/modules/zfs/../../cddl/contrib/opensolaris/uts/common/fs/zfs/vdev_queue.c:227\n#10 0xc0d8dd12 in vdev_queue_io_done (zio=0xcba9f254)\n    at /usr/src/sys/modules/zfs/../../cddl/contrib/opensolaris/uts/common/fs/zfs/vdev_queue.c:313\n#11 0xc0da5232 in zio_vdev_io_done (zio=0xcba9f254)\n    at /usr/src/sys/modules/zfs/../../cddl/contrib/opensolaris/uts/common/fs/zfs/zio.c:1845\n#12 0xc0da3602 in zio_execute (zio=0xcba9f254)\n    at /usr/src/sys/modules/zfs/../../cddl/contrib/opensolaris/uts/common/fs/zfs/zio.c:996\n#13 0xc0d33240 in taskq_thread (arg=0xc510c188)\n    at /usr/src/sys/modules/zfs/../../cddl/contrib/opensolaris/uts/common/os/tas---Type \u003creturn\u003e to continue, or q \u003creturn\u003e to quit---\nkq.c:854\n#14 0xc0711f80 in fork_exit (callout=0xc0d330a0 \u003ctaskq_thread\u003e,\n    arg=0xc510c188, frame=0xf429cd38) at /usr/src/sys/kern/kern_fork.c:821\n#15 0xc09c7db0 in fork_trampoline () at /usr/src/sys/i386/i386/exception.s:270\n(kgdb)"
}