{
 "id": 514038,
 "bug_id": 137668,
 "attachment_id": 0,
 "creation_time": "2009-08-11T14:30:04Z",
 "creator": "freebsd@amc-os.com",
 "text": "I upgraded my system from 7.2-RELEASE to 7.2-STABLE and amdpm no longer works. I tried rebooting on previous kernel and it works again. I used the same kernel config. \n\nHere is the output with 7.2-RELEASE :\nAug  4 10:25:06 vodka kernel: FreeBSD 7.2-RELEASE #0: Mon May 18 19:33:51 CEST 2009\nAug  4 10:25:06 vodka kernel: kindman@vodka.adriana.amc-os.com:/mnt/usr/obj/mnt/usr/src/sys/VODKA-1.0.6\nAug  4 10:25:06 vodka kernel: Timecounter \"i8254\" frequency 1193182 Hz quality 0\nAug  4 10:25:06 vodka kernel: CPU: AMD Athlon(TM) MP 2000+ (1666.73-MHz 686-class CPU)\nAug  4 10:25:06 vodka kernel: Origin = \"AuthenticAMD\"  Id = 0x662  Stepping = 2\nAug  4 10:25:06 vodka kernel: Features=0x383fbff\u003cFPU,VME,DE,PSE,TSC,MSR,PAE,MCE,CX8,APIC,SEP,MTRR,PGE,MCA,CMOV,PAT,PSE36,MMX,FXSR,SSE\u003e\nAug  4 10:25:06 vodka kernel: AMD Features=0xc0480800\u003cSYSCALL,MP,MMX+,3DNow!+,3DNow!\u003e\nAug  4 10:25:06 vodka kernel: real memory  = 805306368 (768 MB)\nAug  4 10:25:06 vodka kernel: avail memory = 778305536 (742 MB)\nAug  4 10:25:06 vodka kernel: MPTable: \u003cASUS     PROD00000000\u003e\nAug  4 10:25:06 vodka kernel: FreeBSD/SMP: Multiprocessor System Detected: 2 CPUs\nAug  4 10:25:06 vodka kernel: cpu0 (BSP): APIC ID:  0\nAug  4 10:25:06 vodka kernel: cpu1 (AP): APIC ID:  1\nAug  4 10:25:06 vodka kernel: ioapic0: Assuming intbase of 0\nAug  4 10:25:06 vodka kernel: ioapic0 \u003cVersion 1.1\u003e irqs 0-23 on motherboard\nAug  4 10:25:06 vodka kernel: kbd1 at kbdmux0\nAug  4 10:25:06 vodka kernel: smbios0: \u003cSystem Management BIOS\u003e at iomem 0xf3b60-0xf3b7e on motherboard\nAug  4 10:25:06 vodka kernel: smbios0: Version: 2.3, BCD Revision: 2.3\nAug  4 10:25:06 vodka kernel: cryptosoft0: \u003csoftware crypto\u003e on motherboard\nAug  4 10:25:06 vodka kernel: pcib0: \u003cMPTable Host-PCI bridge\u003e pcibus 0 on motherboard\nAug  4 10:25:06 vodka kernel: pci0: \u003cPCI bus\u003e on pcib0\nAug  4 10:25:06 vodka kernel: agp0: \u003cAMD 762 host to AGP bridge\u003e on hostb0\nAug  4 10:25:06 vodka kernel: pcib1: \u003cMPTable PCI-PCI bridge\u003e at device 1.0 on pci0\nAug  4 10:25:06 vodka kernel: pci1: \u003cPCI bus\u003e on pcib1\nAug  4 10:25:06 vodka kernel: vgapci0: \u003cVGA-compatible display\u003e port 0xd800-0xd8ff mem 0xf4000000-0xf5ffffff,0xf8000000-0xf9ffffff irq 16 at device 5.0 on pci1\nAug  4 10:25:06 vodka kernel: isab0: \u003cPCI-ISA bridge\u003e at device 7.0 on pci0\nAug  4 10:25:06 vodka kernel: isa0: \u003cISA bus\u003e on isab0\nAug  4 10:25:06 vodka kernel: atapci0: \u003cAMD 768 UDMA100 controller\u003e port 0x1f0-0x1f7,0x3f6,0x170-0x177,0x376,0xb800-0xb80f at device 7.1 on pci0\nAug  4 10:25:06 vodka kernel: ata0: \u003cATA channel 0\u003e on atapci0\nAug  4 10:25:06 vodka kernel: ata0: [ITHREAD]\nAug  4 10:25:06 vodka kernel: ata1: \u003cATA channel 1\u003e on atapci0\nAug  4 10:25:06 vodka kernel: ata1: [ITHREAD]\nAug  4 10:25:06 vodka kernel: amdpm0: \u003cAMD 756/766/768/8111 Power Management Controller\u003e port 0xe4e0-0xe4ff at device 7.3 on pci0\nAug  4 10:25:06 vodka kernel: smbus0: \u003cSystem Management Bus\u003e on amdpm0\nAug  4 10:25:06 vodka kernel: smb0: \u003cSMBus generic I/O\u003e on smbus0\nAug  4 10:25:06 vodka kernel: atapci1: \u003cMarvell 88SX6081 SATA300 controller\u003e port 0xb400-0xb4ff mem 0xf3800000-0xf38fffff irq 16 at device 8.0 on pci0\n\n\nAnd the output with 7.2-STABLE :\n\nAug  5 00:37:23 vodka kernel: FreeBSD 7.2-STABLE #0: Tue Aug  4 23:21:23 CEST 2009\nAug  5 00:37:23 vodka kernel: kindman@vodka.adriana.amc-os.com:/mnt/usr/obj/mnt/usr/src/sys/VODKA-1.0.6\nAug  5 00:37:23 vodka kernel: Timecounter \"i8254\" frequency 1193182 Hz quality 0\nAug  5 00:37:23 vodka kernel: CPU: AMD Athlon(TM) MP 2000+ (1666.73-MHz 686-class CPU)\nAug  5 00:37:23 vodka kernel: Origin = \"AuthenticAMD\"  Id = 0x662  Stepping = 2\nAug  5 00:37:23 vodka kernel: Features=0x383fbff\u003cFPU,VME,DE,PSE,TSC,MSR,PAE,MCE,CX8,APIC,SEP,MTRR,PGE,MCA,CMOV,PAT,PSE36,MMX,FXSR,SSE\u003e\nAug  5 00:37:23 vodka kernel: AMD Features=0xc0480800\u003cSYSCALL,MP,MMX+,3DNow!+,3DNow!\u003e\nAug  5 00:37:23 vodka kernel: real memory  = 805306368 (768 MB)\nAug  5 00:37:23 vodka kernel: avail memory = 778305536 (742 MB)\nAug  5 00:37:23 vodka kernel: MPTable: \u003cASUS     PROD00000000\u003e\nAug  5 00:37:23 vodka kernel: FreeBSD/SMP: Multiprocessor System Detected: 2 CPUs\nAug  5 00:37:23 vodka kernel: cpu0 (BSP): APIC ID:  0\nAug  5 00:37:23 vodka kernel: cpu1 (AP): APIC ID:  1\nAug  5 00:37:23 vodka kernel: ioapic0: Assuming intbase of 0\nAug  5 00:37:23 vodka kernel: ioapic0 \u003cVersion 1.1\u003e irqs 0-23 on motherboard\nAug  5 00:37:23 vodka kernel: kbd1 at kbdmux0\nAug  5 00:37:23 vodka kernel: smbios0: \u003cSystem Management BIOS\u003e at iomem 0xf3b60-0xf3b7e on motherboard\nAug  5 00:37:23 vodka kernel: smbios0: Version: 2.3, BCD Revision: 2.3\nAug  5 00:37:23 vodka kernel: cryptosoft0: \u003csoftware crypto\u003e on motherboard\nAug  5 00:37:23 vodka kernel: pcib0: \u003cMPTable Host-PCI bridge\u003e pcibus 0 on motherboard\nAug  5 00:37:23 vodka kernel: pci0: \u003cPCI bus\u003e on pcib0\nAug  5 00:37:23 vodka kernel: agp0: \u003cAMD 762 host to AGP bridge\u003e on hostb0\nAug  5 00:37:23 vodka kernel: pcib1: \u003cMPTable PCI-PCI bridge\u003e at device 1.0 on pci0\nAug  5 00:37:23 vodka kernel: pci1: \u003cPCI bus\u003e on pcib1\nAug  5 00:37:23 vodka kernel: vgapci0: \u003cVGA-compatible display\u003e port 0xd800-0xd8ff mem 0xf4000000-0xf5ffffff,0xf8000000-0xf9ffffff irq 16 at device 5.0 on pci1\nAug  5 00:37:23 vodka kernel: isab0: \u003cPCI-ISA bridge\u003e at device 7.0 on pci0\nAug  5 00:37:23 vodka kernel: isa0: \u003cISA bus\u003e on isab0\nAug  5 00:37:23 vodka kernel: atapci0: \u003cAMD 768 UDMA100 controller\u003e port 0x1f0-0x1f7,0x3f6,0x170-0x177,0x376,0xb800-0xb80f at device 7.1 on pci0\nAug  5 00:37:23 vodka kernel: ata0: \u003cATA channel 0\u003e on atapci0\nAug  5 00:37:23 vodka kernel: ata0: [ITHREAD]\nAug  5 00:37:23 vodka kernel: ata1: \u003cATA channel 1\u003e on atapci0\nAug  5 00:37:23 vodka kernel: ata1: [ITHREAD]\nAug  5 00:37:23 vodka kernel: amdpm0: \u003cAMD 756/766/768/8111 Power Management Controller\u003e port 0xe4e0-0xe4ff at device 7.3 on pci0\nAug  5 00:37:23 vodka kernel: amdpm0: failed to enable port mapping!\nAug  5 00:37:23 vodka kernel: amdpm0: could not map i/o space\nAug  5 00:37:23 vodka kernel: device_attach: amdpm0 attach returned 6\nAug  5 00:37:23 vodka kernel: atapci1: \u003cMarvell 88SX6081 SATA300 controller\u003e port 0xb400-0xb4ff mem 0xf3800000-0xf38fffff irq 16 at device 8.0 on pci0\n\n\nI noticed it because mbmon is no longer able to get any monitoring value from smbus :\n Testing Reg's at SMBus\nioctl(smb0:open): No such file or directory\nSMBus[AMD756/766/768/8111] found, but No HWM available on it!!\n\nHow-To-Repeat: cvsup RELENG_7 instead of RELENG_7_2\nmake buildkernel"
}