{
 "id": 514047,
 "bug_id": 137668,
 "attachment_id": 0,
 "creation_time": "2009-08-12T01:03:39Z",
 "creator": "freebsd@amc-os.com",
 "text": "Hi,\n\nHere are below the results of devinfo -rv and verbose dmesg for each kernel.\nI also pointed the differences between dmesg, but there doesn't seem to be \nany major one between them, except that as amdpm didn't attach, it created \nsysresource0 with the same I/O ports. I'll try to build another kernel to \nfigure out any difference.\n\nThanks for your help,\nAurélien\n\n--\ndmesg differences :\n\n\u003c  FreeBSD 7.2-STABLE #1: Tue Aug 11 13:43:07 CEST 2009\n--\n\u003e  FreeBSD 7.2-RELEASE #0: Mon May 18 19:33:51 CEST 2009\n\n\u003c  Preloaded elf kernel \"/boot/kernel/kernel\" at 0xc09c0000.\n\u003c  Preloaded /boot/zfs/zpool.cache \"/boot/zfs/zpool.cache\" at 0xc09c017c.\n\u003c  Calibrating clock(s) ... i8254 clock: 1193150 Hz\n--\n\u003e  Preloaded elf kernel \"/boot/kernel.stable/kernel\" at 0xc09ba000.\n\u003e  Calibrating clock(s) ... i8254 clock: 1193149 Hz\n\n\u003c  Calibrating TSC clock ... TSC clock: 1666733630 Hz\n\u003c  CPU: AMD Athlon(TM) MP 2000+ (1666.73-MHz 686-class CPU)\n--\n\u003e  Calibrating TSC clock ... TSC clock: 1666740905 Hz\n\u003e  CPU: AMD Athlon(TM) MP 2000+ (1666.74-MHz 686-class CPU)\n\n\u003c  agp0: gatt -\u003e ag_pdir 0x153f000\n--\n\u003e  agp0: gatt -\u003e ag_pdir 0x153e000\n\n\u003c  amdpm0: failed to enable port mapping!\n\u003c  amdpm0: could not map i/o space\n\u003c  device_attach: amdpm0 attach returned 6\n--\n\u003e  smbus0: \u003cSystem Management Bus\u003e on amdpm0\n\u003e  smb0: \u003cSMBus generic I/O\u003e on smbus0\n\n\u003c  sio0: irq maps: 0x4001 0x4011 0x4001 0x4001\n\u003c  sio0: irq maps: 0x4001 0x4011 0x4001 0x4001\n--\n\u003e  sio0: irq maps: 0x4003 0x4013 0x4003 0x4003\n\u003e  sio0: irq maps: 0x4003 0x4013 0x4003 0x4003\n--\n\u003c  sio1: irq maps: 0x4001 0x4001 0x4001 0x4001\n--\n\u003e  sio1: irq maps: 0x4003 0x4003 0x4003 0x4003\n\n\u003e  unknown: \u003cPNP0c02\u003e can't assign resources (port)\n\u003e  unknown: \u003cPNP0c02\u003e at port 0xe400-0xe47f,0xe4e0-0xe4ff pnpid PNP0c02 on \n\u003e isa0\n\n\n--\n\nOn 7.2-STABLE (non-working)\n\nnexus0\n  cryptosoft0\n  smbios0\n      I/O memory addresses:\n          0xf3b60-0xf3b7e\n  apic0\n      I/O memory addresses:\n          0xfec00000-0xfec0001f\n          0xfee00000-0xfee003ff\n  legacy0\n    cpu0\n    cpu1\n    pcib0\n      pci0\n          I/O ports:\n              0xb400-0xb4ff\n              0xe800-0xe803\n        hostb0 pnpinfo vendor=0x1022 device=0x700c subvendor=0x0000 \nsubdevice=0x0000 class=0x060000 at slot=0 function=0\n            I/O memory addresses:\n                0xfb800000-0xfb800fff\n                0xfc000000-0xfdffffff\n          agp0\n        pcib1 pnpinfo vendor=0x1022 device=0x700d subvendor=0x0000 \nsubdevice=0x0000 class=0x060400 at slot=1 function=0\n          pci1\n              I/O ports:\n                  0xd800-0xd8ff\n              I/O memory addresses:\n                  0xf4000000-0xf5ffffff\n                  0xf8000000-0xf9ffffff\n            vgapci0 pnpinfo vendor=0x121a device=0x0005 subvendor=0x121a \nsubdevice=0x0030 class=0x030000 at slot=5 function=0\n              drm0\n        isab0 pnpinfo vendor=0x1022 device=0x7440 subvendor=0x1043 \nsubdevice=0x8044 class=0x060100 at slot=7 function=0\n          isa0\n            adv0\n            aha0\n            aic0\n            atkbdc0\n                I/O ports:\n                    0x60\n                    0x64\n              atkbd0\n                  Interrupt request lines:\n                      1\n            bt0\n            cs0\n            ed0\n            fdc0\n                Interrupt request lines:\n                    6\n                DMA request lines:\n                    2\n                I/O ports:\n                    0x3f0-0x3f5\n                    0x3f7\n              fd0\n              fd1\n            fe0\n            ie0\n            le0\n            ppc0\n            sc0\n            sio0\n                Interrupt request lines:\n                    4\n                I/O ports:\n                    0x3f8-0x3ff\n            sio1\n            sio2\n            sio3\n            sn0\n            vga0\n                I/O ports:\n                    0x3c0-0x3df\n                I/O memory addresses:\n                    0xa0000-0xbffff\n            vt0\n            orm0 pnpinfo pnpid=ORM0000\n                I/O memory addresses:\n                    0xc0000-0xc7fff\n                    0xc8000-0xce7ff\n                    0xd0000-0xd17ff\n            unknown pnpinfo pnpid=PNP0700\n            unknown pnpinfo pnpid=PNP0f13\n                Interrupt request lines:\n                    12\n            unknown pnpinfo pnpid=PNP0c01\n            attimer0 pnpinfo pnpid=PNP0100\n                Interrupt request lines:\n                    0\n                I/O ports:\n                    0x40-0x43\n            attimer1 pnpinfo pnpid=PNP0b00\n                Interrupt request lines:\n                    8\n                I/O ports:\n                    0x70-0x75\n            unknown pnpinfo pnpid=PNP0303\n            npxisa0 pnpinfo pnpid=PNP0c04\n                Interrupt request lines:\n                    13\n                I/O ports:\n                    0xf0\n            atdma0 pnpinfo pnpid=PNP0200\n                DMA request lines:\n                    4\n                I/O ports:\n                    0x0-0xf\n                    0x80-0x90\n                    0x94-0x9f\n                    0xc0-0xde\n            unknown pnpinfo pnpid=PNP0800\n                I/O ports:\n                    0x61\n            pcibus_pnp0 pnpinfo pnpid=PNP0a03\n                I/O ports:\n                    0xcf8-0xcff\n            sysresource0 pnpinfo pnpid=PNP0c02\n                I/O ports:\n                    0xe400-0xe47f\n                    0xe4e0-0xe4ff\n            pmtimer0\n        atapci0 pnpinfo vendor=0x1022 device=0x7441 subvendor=0x1022 \nsubdevice=0x7441 class=0x01018a at slot=7 function=1\n            I/O ports:\n                0x170-0x177\n                0x1f0-0x1f7\n                0x376\n                0x3f6\n                0xb800-0xb80f\n          ata0\n              Interrupt request lines:\n                  14\n            ad0\n              subdisk0\n          ata1\n              Interrupt request lines:\n                  15\n        amdpm0 pnpinfo vendor=0x1022 device=0x7443 subvendor=0x1043 \nsubdevice=0x8044 class=0x068000 at slot=7 function=3\n        atapci1 pnpinfo vendor=0x11ab device=0x6081 subvendor=0x11ab \nsubdevice=0x11ab class=0x010000 at slot=8 function=0\n            Interrupt request lines:\n                16\n            I/O memory addresses:\n                0xf3800000-0xf38fffff\n          ata2\n            ad4\n              subdisk4\n          ata3\n            ad6\n              subdisk6\n          ata4\n            ad8\n              subdisk8\n          ata5\n            ad10\n              subdisk10\n          ata6\n          ata7\n            ad14\n              subdisk14\n          ata8\n          ata9\n        bge0 pnpinfo vendor=0x14e4 device=0x16a7 subvendor=0x14e4 \nsubdevice=0x000a class=0x020000 at slot=9 function=0\n            Interrupt request lines:\n                17\n            I/O memory addresses:\n                0xf2800000-0xf280ffff\n        pcib2 pnpinfo vendor=0x1022 device=0x7448 subvendor=0x0000 \nsubdevice=0x0000 class=0x060400 at slot=16 function=0\n          pci2\n              I/O ports:\n                  0xa800-0xa8ff\n            re0 pnpinfo vendor=0x10ec device=0x8169 subvendor=0x1385 \nsubdevice=0x311a class=0x020000 at slot=8 function=0\n                Interrupt request lines:\n                    19\n                I/O memory addresses:\n                    0xf1800000-0xf18000ff\n              miibus0\n                rgephy0 pnpinfo oui=0x732 model=0x11 rev=0x0 at phyno=1\n    eisa0\n  ram0\n      I/O memory addresses:\n          0x0-0x9efff\n          0x100000-0x2fffffff\n  npx0\n\nAug 12 01:36:51 vodka kernel: Copyright (c) 1992-2009 The FreeBSD Project.\nAug 12 01:36:51 vodka kernel: Copyright (c) 1979, 1980, 1983, 1986, 1988, \n1989, 1991, 1992, 1993, 1994\nAug 12 01:36:51 vodka kernel: The Regents of the University of California. \nAll rights reserved.\nAug 12 01:36:51 vodka kernel: FreeBSD is a registered trademark of The \nFreeBSD Foundation.\nAug 12 01:36:51 vodka kernel: FreeBSD 7.2-STABLE #1: Tue Aug 11 13:43:07 \nCEST 2009\nAug 12 01:36:51 vodka kernel: \nkindman@vodka.adriana.amc-os.com:/mnt/usr/obj/mnt/usr/src/sys/VODKA-1.0.6\nAug 12 01:36:51 vodka kernel: Preloaded elf kernel \"/boot/kernel/kernel\" at \n0xc09c0000.\nAug 12 01:36:51 vodka kernel: Preloaded /boot/zfs/zpool.cache \n\"/boot/zfs/zpool.cache\" at 0xc09c017c.\nAug 12 01:36:51 vodka kernel: Calibrating clock(s) ... i8254 clock: 1193150 \nHz\nAug 12 01:36:51 vodka kernel: CLK_USE_I8254_CALIBRATION not specified - \nusing default frequency\nAug 12 01:36:51 vodka kernel: Timecounter \"i8254\" frequency 1193182 Hz \nquality 0\nAug 12 01:36:51 vodka kernel: Calibrating TSC clock ... TSC clock: \n1666733630 Hz\nAug 12 01:36:51 vodka kernel: CPU: AMD Athlon(TM) MP 2000+ (1666.73-MHz \n686-class CPU)\nAug 12 01:36:51 vodka kernel: Origin = \"AuthenticAMD\"  Id = 0x662  Stepping \n= 2\nAug 12 01:36:51 vodka kernel: \nFeatures=0x383fbff\u003cFPU,VME,DE,PSE,TSC,MSR,PAE,MCE,CX8,APIC,SEP,MTRR,PGE,MCA,CMOV,PAT,PSE36,MMX,FXSR,SSE\u003e\nAug 12 01:36:51 vodka kernel: AMD \nFeatures=0xc0480800\u003cSYSCALL,MP,MMX+,3DNow!+,3DNow!\u003e\nAug 12 01:36:51 vodka kernel: Data TLB: 32 entries, fully associative\nAug 12 01:36:51 vodka kernel: Instruction TLB: 16 entries, fully associative\nAug 12 01:36:51 vodka kernel: L1 data cache: 64 kbytes, 64 bytes/line, 1 \nlines/tag, 2-way associative\nAug 12 01:36:51 vodka kernel: L1 instruction cache: 64 kbytes, 64 \nbytes/line, 1 lines/tag, 2-way associative\nAug 12 01:36:51 vodka kernel: L2 internal cache: 256 kbytes, 64 bytes/line, \n1 lines/tag, 8-way associative\nAug 12 01:36:51 vodka kernel: real memory  = 805306368 (768 MB)\nAug 12 01:36:51 vodka kernel: Physical memory chunk(s):\nAug 12 01:36:51 vodka kernel: 0x0000000000001000 - 0x000000000009efff, \n647168 bytes (158 pages)\nAug 12 01:36:51 vodka kernel: 0x0000000000100000 - 0x00000000003fffff, \n3145728 bytes (768 pages)\nAug 12 01:36:51 vodka kernel: 0x0000000000c25000 - 0x000000002f237fff, \n778121216 bytes (189971 pages)\nAug 12 01:36:51 vodka kernel: avail memory = 778305536 (742 MB)\nAug 12 01:36:51 vodka kernel: MP Configuration Table version 1.4 found at \n0xc00f7a80\nAug 12 01:36:51 vodka kernel: APIC: Using the MPTable enumerator.\nAug 12 01:36:51 vodka kernel: SMP: Added CPU 0 (BSP)\nAug 12 01:36:51 vodka kernel: SMP: Added CPU 1 (AP)\nAug 12 01:36:51 vodka kernel: MPTable: \u003cASUS     PROD00000000\u003e\nAug 12 01:36:51 vodka kernel: INTR: Adding local APIC 1 as a target\nAug 12 01:36:51 vodka kernel: FreeBSD/SMP: Multiprocessor System Detected: 2 \nCPUs\nAug 12 01:36:51 vodka kernel: cpu0 (BSP): APIC ID:  0\nAug 12 01:36:51 vodka kernel: cpu1 (AP): APIC ID:  1\nAug 12 01:36:51 vodka kernel: bios32: Found BIOS32 Service Directory header \nat 0xc00f2560\nAug 12 01:36:51 vodka kernel: bios32: Entry = 0xf1d20 (c00f1d20)  Rev = 0 \nLen = 1\nAug 12 01:36:51 vodka kernel: pcibios: PCI BIOS entry at 0xf0000+0x1f20\nAug 12 01:36:51 vodka kernel: pnpbios: Found PnP BIOS data at 0xc00fc5e0\nAug 12 01:36:51 vodka kernel: pnpbios: Entry = f0000:c610  Rev = 1.0\nAug 12 01:36:51 vodka kernel: pnpbios: OEM ID cd041\nAug 12 01:36:51 vodka kernel: Other BIOS signatures found:\nAug 12 01:36:51 vodka kernel: ULE: setup cpu group 0\nAug 12 01:36:51 vodka kernel: ULE: setup cpu 0\nAug 12 01:36:51 vodka kernel: ULE: adding cpu 0 to group 0: cpus 1 mask 0x1\nAug 12 01:36:51 vodka kernel: ULE: setup cpu group 1\nAug 12 01:36:51 vodka kernel: ULE: setup cpu 1\nAug 12 01:36:51 vodka kernel: ULE: adding cpu 1 to group 1: cpus 1 mask 0x2\nAug 12 01:36:51 vodka kernel: ioapic0: Assuming intbase of 0\nAug 12 01:36:51 vodka kernel: ioapic0: Routing external 8259A's -\u003e intpin 0\nAug 12 01:36:51 vodka kernel: ioapic0: Routing IRQ 0 -\u003e intpin 2\nAug 12 01:36:51 vodka kernel: lapic: Routing ExtINT -\u003e LINT0\nAug 12 01:36:51 vodka kernel: lapic: LINT0 trigger: edge\nAug 12 01:36:51 vodka kernel: lapic: LINT0 polarity: high\nAug 12 01:36:51 vodka kernel: lapic: Routing NMI -\u003e LINT1\nAug 12 01:36:51 vodka kernel: lapic: LINT1 trigger: edge\nAug 12 01:36:51 vodka kernel: lapic: LINT1 polarity: high\nAug 12 01:36:51 vodka kernel: ioapic0 \u003cVersion 1.1\u003e irqs 0-23 on motherboard\nAug 12 01:36:51 vodka kernel: cpu0 BSP:\nAug 12 01:36:51 vodka kernel: ID: 0x00000000   VER: 0x00040010 LDR: \n0x00000000 DFR: 0xffffffff\nAug 12 01:36:51 vodka kernel: lint0: 0x00010700 lint1: 0x00000400 TPR: \n0x00000000 SVR: 0x000001ff\nAug 12 01:36:51 vodka kernel: timer: 0x000100ef therm: 0x00000000 err: \n0x00010000 pcm: 0x00010000\nAug 12 01:36:51 vodka kernel: wlan_amrr: \u003cAMRR Transmit Rate Control \nAlgorithm\u003e\nAug 12 01:36:51 vodka kernel: wlan: \u003c802.11 Link Layer\u003e\nAug 12 01:36:51 vodka kernel: nfslock: pseudo-device\nAug 12 01:36:51 vodka kernel: crypto: \u003ccrypto core\u003e\nAug 12 01:36:51 vodka kernel: null: \u003cnull device, zero device\u003e\nAug 12 01:36:51 vodka kernel: kbd: new array size 4\nAug 12 01:36:51 vodka kernel: kbd1 at kbdmux0\nAug 12 01:36:51 vodka kernel: io: \u003cI/O\u003e\nAug 12 01:36:51 vodka kernel: random: \u003centropy source, Software, Yarrow\u003e\nAug 12 01:36:51 vodka kernel: mem: \u003cmemory\u003e\nAug 12 01:36:51 vodka kernel: Pentium Pro MTRR support enabled\nAug 12 01:36:51 vodka kernel: npx0: INT 16 interface\nAug 12 01:36:51 vodka kernel: smbios0: \u003cSystem Management BIOS\u003e at iomem \n0xf3b60-0xf3b7e on motherboard\nAug 12 01:36:51 vodka kernel: smbios0: Version: 2.3, BCD Revision: 2.3\nAug 12 01:36:51 vodka kernel: cryptosoft0: \u003csoftware crypto\u003e on motherboard\nAug 12 01:36:51 vodka kernel: crypto: assign cryptosoft0 driver id 0, flags \n100663296\nAug 12 01:36:51 vodka kernel: crypto: cryptosoft0 registers alg 1 flags 0 \nmaxoplen 0\nAug 12 01:36:51 vodka kernel: crypto: cryptosoft0 registers alg 2 flags 0 \nmaxoplen 0\nAug 12 01:36:51 vodka kernel: crypto: cryptosoft0 registers alg 3 flags 0 \nmaxoplen 0\nAug 12 01:36:51 vodka kernel: crypto: cryptosoft0 registers alg 4 flags 0 \nmaxoplen 0\nAug 12 01:36:51 vodka kernel: crypto: cryptosoft0 registers alg 5 flags 0 \nmaxoplen 0\nAug 12 01:36:51 vodka kernel: crypto: cryptosoft0 registers alg 16 flags 0 \nmaxoplen 0\nAug 12 01:36:51 vodka kernel: crypto: cryptosoft0 registers alg 6 flags 0 \nmaxoplen 0\nAug 12 01:36:51 vodka kernel: crypto: cryptosoft0 registers alg 7 flags 0 \nmaxoplen 0\nAug 12 01:36:51 vodka kernel: crypto: cryptosoft0 registers alg 18 flags 0 \nmaxoplen 0\nAug 12 01:36:51 vodka kernel: crypto: cryptosoft0 registers alg 19 flags 0 \nmaxoplen 0\nAug 12 01:36:51 vodka kernel: crypto: cryptosoft0 registers alg 20 flags 0 \nmaxoplen 0\nAug 12 01:36:51 vodka kernel: crypto: cryptosoft0 registers alg 8 flags 0 \nmaxoplen 0\nAug 12 01:36:51 vodka kernel: crypto: cryptosoft0 registers alg 15 flags 0 \nmaxoplen 0\nAug 12 01:36:51 vodka kernel: crypto: cryptosoft0 registers alg 9 flags 0 \nmaxoplen 0\nAug 12 01:36:51 vodka kernel: crypto: cryptosoft0 registers alg 10 flags 0 \nmaxoplen 0\nAug 12 01:36:51 vodka kernel: crypto: cryptosoft0 registers alg 13 flags 0 \nmaxoplen 0\nAug 12 01:36:51 vodka kernel: crypto: cryptosoft0 registers alg 14 flags 0 \nmaxoplen 0\nAug 12 01:36:51 vodka kernel: crypto: cryptosoft0 registers alg 11 flags 0 \nmaxoplen 0\nAug 12 01:36:51 vodka kernel: crypto: cryptosoft0 registers alg 21 flags 0 \nmaxoplen 0\nAug 12 01:36:51 vodka kernel: crypto: cryptosoft0 registers alg 17 flags 0 \nmaxoplen 0\nAug 12 01:36:51 vodka kernel: pci_open(1):      mode 1 addr port (0x0cf8) is \n0x8002403c\nAug 12 01:36:51 vodka kernel: pci_open(1a):     mode1res=0x80000000 \n(0x80000000)\nAug 12 01:36:51 vodka kernel: pci_cfgcheck:     device 0 [class=060000] \n[hdr=00] is there (id=700c1022)\nAug 12 01:36:51 vodka kernel: pcibios: BIOS version 2.10\nAug 12 01:36:51 vodka kernel: pcib0: \u003cMPTable Host-PCI bridge\u003e pcibus 0 on \nmotherboard\nAug 12 01:36:51 vodka kernel: pci0: \u003cPCI bus\u003e on pcib0\nAug 12 01:36:51 vodka kernel: pci0: domain=0, physical bus=0\nAug 12 01:36:51 vodka kernel: found-\u003e   vendor=0x1022, dev=0x700c, \nrevid=0x11\nAug 12 01:36:51 vodka kernel: domain=0, bus=0, slot=0, func=0\nAug 12 01:36:51 vodka kernel: class=06-00-00, hdrtype=0x00, mfdev=0\nAug 12 01:36:51 vodka kernel: cmdreg=0x0006, statreg=0x2230, cachelnsz=0 \n(dwords)\nAug 12 01:36:51 vodka kernel: lattimer=0x20 (960 ns), mingnt=0x00 (0 ns), \nmaxlat=0x00 (0 ns)\nAug 12 01:36:51 vodka kernel: map[10]: type Prefetchable Memory, range 32, \nbase 0xfc000000, size 25, enabled\nAug 12 01:36:51 vodka kernel: map[14]: type Prefetchable Memory, range 32, \nbase 0xfb800000, size 12, enabled\nAug 12 01:36:51 vodka kernel: map[18]: type I/O Port, range 32, base 0xe800, \nsize  2, port disabled\nAug 12 01:36:51 vodka kernel: found-\u003e   vendor=0x1022, dev=0x700d, \nrevid=0x00\nAug 12 01:36:51 vodka kernel: domain=0, bus=0, slot=1, func=0\nAug 12 01:36:51 vodka kernel: class=06-04-00, hdrtype=0x01, mfdev=0\nAug 12 01:36:51 vodka kernel: cmdreg=0x0007, statreg=0x0220, cachelnsz=0 \n(dwords)\nAug 12 01:36:51 vodka kernel: lattimer=0x00 (0 ns), mingnt=0x08 (2000 ns), \nmaxlat=0x00 (0 ns)\nAug 12 01:36:51 vodka kernel: found-\u003e   vendor=0x1022, dev=0x7440, \nrevid=0x05\nAug 12 01:36:51 vodka kernel: domain=0, bus=0, slot=7, func=0\nAug 12 01:36:51 vodka kernel: class=06-01-00, hdrtype=0x00, mfdev=1\nAug 12 01:36:51 vodka kernel: cmdreg=0x000f, statreg=0x0220, cachelnsz=0 \n(dwords)\nAug 12 01:36:51 vodka kernel: lattimer=0x00 (0 ns), mingnt=0x00 (0 ns), \nmaxlat=0x00 (0 ns)\nAug 12 01:36:51 vodka kernel: found-\u003e   vendor=0x1022, dev=0x7441, \nrevid=0x04\nAug 12 01:36:51 vodka kernel: domain=0, bus=0, slot=7, func=1\nAug 12 01:36:51 vodka kernel: class=01-01-8a, hdrtype=0x00, mfdev=0\nAug 12 01:36:51 vodka kernel: cmdreg=0x0005, statreg=0x0200, cachelnsz=0 \n(dwords)\nAug 12 01:36:51 vodka kernel: lattimer=0x20 (960 ns), mingnt=0x00 (0 ns), \nmaxlat=0x00 (0 ns)\nAug 12 01:36:51 vodka kernel: map[20]: type I/O Port, range 32, base 0xb800, \nsize  4, enabled\nAug 12 01:36:51 vodka kernel: found-\u003e   vendor=0x1022, dev=0x7443, \nrevid=0x03\nAug 12 01:36:51 vodka kernel: domain=0, bus=0, slot=7, func=3\nAug 12 01:36:51 vodka kernel: class=06-80-00, hdrtype=0x00, mfdev=0\nAug 12 01:36:51 vodka kernel: cmdreg=0x0000, statreg=0x0280, cachelnsz=0 \n(dwords)\nAug 12 01:36:51 vodka kernel: lattimer=0x20 (960 ns), mingnt=0x00 (0 ns), \nmaxlat=0x00 (0 ns)\nAug 12 01:36:51 vodka kernel: found-\u003e   vendor=0x11ab, dev=0x6081, \nrevid=0x09\nAug 12 01:36:51 vodka kernel: domain=0, bus=0, slot=8, func=0\nAug 12 01:36:51 vodka kernel: class=01-00-00, hdrtype=0x00, mfdev=0\nAug 12 01:36:51 vodka kernel: cmdreg=0x0017, statreg=0x02b0, cachelnsz=8 \n(dwords)\nAug 12 01:36:51 vodka kernel: lattimer=0x20 (960 ns), mingnt=0x00 (0 ns), \nmaxlat=0x00 (0 ns)\nAug 12 01:36:51 vodka kernel: intpin=a, irq=11\nAug 12 01:36:51 vodka kernel: powerspec 2  supports D0 D3  current D0\nAug 12 01:36:51 vodka kernel: MSI supports 1 message, 64 bit\nAug 12 01:36:51 vodka kernel: map[10]: type Memory, range 64, base \n0xf3800000, size 20, enabled\nAug 12 01:36:51 vodka kernel: map[18]: type I/O Port, range 32, base 0xb400, \nsize  8, enabled\nAug 12 01:36:51 vodka kernel: pcib0: slot 8 INTA routed to irq 16\nAug 12 01:36:51 vodka kernel: found-\u003e   vendor=0x14e4, dev=0x16a7, \nrevid=0x02\nAug 12 01:36:51 vodka kernel: domain=0, bus=0, slot=9, func=0\nAug 12 01:36:51 vodka kernel: class=02-00-00, hdrtype=0x00, mfdev=0\nAug 12 01:36:51 vodka kernel: cmdreg=0x0016, statreg=0x02b0, cachelnsz=8 \n(dwords)\nAug 12 01:36:51 vodka kernel: lattimer=0x20 (960 ns), mingnt=0x40 (16000 \nns), maxlat=0x00 (0 ns)\nAug 12 01:36:51 vodka kernel: intpin=a, irq=10\nAug 12 01:36:51 vodka kernel: powerspec 2  supports D0 D3  current D0\nAug 12 01:36:51 vodka kernel: MSI supports 8 messages, 64 bit\nAug 12 01:36:51 vodka kernel: map[10]: type Memory, range 64, base \n0xf2800000, size 16, enabled\nAug 12 01:36:51 vodka kernel: pcib0: slot 9 INTA routed to irq 17\nAug 12 01:36:51 vodka kernel: found-\u003e   vendor=0x1022, dev=0x7448, \nrevid=0x05\nAug 12 01:36:51 vodka kernel: domain=0, bus=0, slot=16, func=0\nAug 12 01:36:51 vodka kernel: class=06-04-00, hdrtype=0x01, mfdev=0\nAug 12 01:36:51 vodka kernel: cmdreg=0x0017, statreg=0x2220, cachelnsz=0 \n(dwords)\nAug 12 01:36:51 vodka kernel: lattimer=0x20 (960 ns), mingnt=0x04 (1000 ns), \nmaxlat=0x00 (0 ns)\nAug 12 01:36:51 vodka kernel: agp0: \u003cAMD 762 host to AGP bridge\u003e on hostb0\nAug 12 01:36:51 vodka kernel: hostb0: Reserved 0x2000000 bytes for rid 0x10 \ntype 3 at 0xfc000000\nAug 12 01:36:51 vodka kernel: hostb0: Reserved 0x1000 bytes for rid 0x14 \ntype 3 at 0xfb800000\nAug 12 01:36:51 vodka kernel: agp0: allocating GATT for aperture of size 32M\nAug 12 01:36:51 vodka kernel: agp0: gatt -\u003e ag_pdir 0x153f000\nAug 12 01:36:51 vodka kernel: agp0: allocating GATT for 8192 AGP page \nentries\nAug 12 01:36:51 vodka kernel: pcib1: \u003cMPTable PCI-PCI bridge\u003e at device 1.0 \non pci0\nAug 12 01:36:51 vodka kernel: pcib1:   domain            0\nAug 12 01:36:51 vodka kernel: pcib1:   secondary bus     1\nAug 12 01:36:51 vodka kernel: pcib1:   subordinate bus   1\nAug 12 01:36:51 vodka kernel: pcib1:   I/O decode        0xd000-0xdfff\nAug 12 01:36:51 vodka kernel: pcib1:   memory decode \n0xf4000000-0xf75fffff\nAug 12 01:36:51 vodka kernel: pcib1:   prefetched decode \n0xf7f00000-0xfb7fffff\nAug 12 01:36:51 vodka kernel: pci1: \u003cPCI bus\u003e on pcib1\nAug 12 01:36:51 vodka kernel: pci1: domain=0, physical bus=1\nAug 12 01:36:51 vodka kernel: found-\u003e   vendor=0x121a, dev=0x0005, \nrevid=0x01\nAug 12 01:36:51 vodka kernel: domain=0, bus=1, slot=5, func=0\nAug 12 01:36:51 vodka kernel: class=03-00-00, hdrtype=0x00, mfdev=0\nAug 12 01:36:51 vodka kernel: cmdreg=0x0003, statreg=0x80b0, cachelnsz=0 \n(dwords)\nAug 12 01:36:51 vodka kernel: lattimer=0x00 (0 ns), mingnt=0x00 (0 ns), \nmaxlat=0x00 (0 ns)\nAug 12 01:36:51 vodka kernel: intpin=a, irq=11\nAug 12 01:36:51 vodka kernel: powerspec 1  supports D0 D3  current D0\nAug 12 01:36:51 vodka kernel: map[10]: type Memory, range 32, base \n0xf4000000, size 25, enabled\nAug 12 01:36:51 vodka kernel: pcib1: requested memory range \n0xf4000000-0xf5ffffff: good\nAug 12 01:36:51 vodka kernel: map[14]: type Prefetchable Memory, range 32, \nbase 0xf8000000, size 25, enabled\nAug 12 01:36:51 vodka kernel: pcib1: requested memory range \n0xf8000000-0xf9ffffff: good\nAug 12 01:36:51 vodka kernel: map[18]: type I/O Port, range 32, base 0xd800, \nsize  8, enabled\nAug 12 01:36:51 vodka kernel: pcib1: requested I/O range 0xd800-0xd8ff: in \nrange\nAug 12 01:36:51 vodka kernel: pcib1: slot 5 INTA routed to irq 16\nAug 12 01:36:51 vodka kernel: vgapci0: \u003cVGA-compatible display\u003e port \n0xd800-0xd8ff mem 0xf4000000-0xf5ffffff,0xf8000000-0xf9ffffff irq 16 at \ndevice 5.0 on pci1\nAug 12 01:36:51 vodka kernel: isab0: \u003cPCI-ISA bridge\u003e at device 7.0 on pci0\nAug 12 01:36:51 vodka kernel: isa0: \u003cISA bus\u003e on isab0\nAug 12 01:36:51 vodka kernel: atapci0: \u003cAMD 768 UDMA100 controller\u003e port \n0x1f0-0x1f7,0x3f6,0x170-0x177,0x376,0xb800-0xb80f at device 7.1 on pci0\nAug 12 01:36:51 vodka kernel: atapci0: Reserved 0x10 bytes for rid 0x20 type \n4 at 0xb800\nAug 12 01:36:51 vodka kernel: ata0: \u003cATA channel 0\u003e on atapci0\nAug 12 01:36:51 vodka kernel: atapci0: Reserved 0x8 bytes for rid 0x10 type \n4 at 0x1f0\nAug 12 01:36:51 vodka kernel: atapci0: Reserved 0x1 bytes for rid 0x14 type \n4 at 0x3f6\nAug 12 01:36:51 vodka kernel: ata0: reset tp1 mask=03 ostat0=50 ostat1=00\nAug 12 01:36:51 vodka kernel: ata0: stat0=0x50 err=0x01 lsb=0x00 msb=0x00\nAug 12 01:36:51 vodka kernel: ata0: stat1=0x00 err=0x01 lsb=0x00 msb=0x00\nAug 12 01:36:51 vodka kernel: ata0: reset tp2 stat0=50 stat1=00 \ndevices=0x1\u003cATA_MASTER\u003e\nAug 12 01:36:51 vodka kernel: ioapic0: routing intpin 14 (ISA IRQ 14) to \nvector 48\nAug 12 01:36:51 vodka kernel: ata0: [MPSAFE]\nAug 12 01:36:51 vodka kernel: ata0: [ITHREAD]\nAug 12 01:36:51 vodka kernel: ata1: \u003cATA channel 1\u003e on atapci0\nAug 12 01:36:51 vodka kernel: atapci0: Reserved 0x8 bytes for rid 0x18 type \n4 at 0x170\nAug 12 01:36:51 vodka kernel: atapci0: Reserved 0x1 bytes for rid 0x1c type \n4 at 0x376\nAug 12 01:36:51 vodka kernel: ata1: reset tp1 mask=03 ostat0=60 ostat1=70\nAug 12 01:36:51 vodka kernel: ata1: stat0=0x20 err=0x20 lsb=0x20 msb=0x20\nAug 12 01:36:51 vodka kernel: ata1: stat1=0x30 err=0x30 lsb=0x30 msb=0x30\nAug 12 01:36:51 vodka kernel: ata1: reset tp2 stat0=20 stat1=30 devices=0x0\nAug 12 01:36:51 vodka kernel: ioapic0: routing intpin 15 (ISA IRQ 15) to \nvector 49\nAug 12 01:36:51 vodka kernel: ata1: [MPSAFE]\nAug 12 01:36:51 vodka kernel: ata1: [ITHREAD]\nAug 12 01:36:51 vodka kernel: amdpm0: \u003cAMD 756/766/768/8111 Power Management \nController\u003e port 0xe4e0-0xe4ff at device 7.3 on pci0\nAug 12 01:36:51 vodka kernel: amdpm0: failed to enable port mapping!\nAug 12 01:36:51 vodka kernel: amdpm0: could not map i/o space\nAug 12 01:36:51 vodka kernel: device_attach: amdpm0 attach returned 6\nAug 12 01:36:51 vodka kernel: atapci1: \u003cMarvell 88SX6081 SATA300 controller\u003e \nport 0xb400-0xb4ff mem 0xf3800000-0xf38fffff irq 16 at device 8.0 on pci0\nAug 12 01:36:51 vodka kernel: ioapic0: routing intpin 16 (PCI IRQ 16) to \nvector 50\nAug 12 01:36:51 vodka kernel: atapci1: [MPSAFE]\nAug 12 01:36:51 vodka kernel: atapci1: [ITHREAD]\nAug 12 01:36:51 vodka kernel: atapci1: Reserved 0x100000 bytes for rid 0x10 \ntype 3 at 0xf3800000\nAug 12 01:36:51 vodka kernel: ata2: \u003cATA channel 0\u003e on atapci1\nAug 12 01:36:51 vodka kernel: ata2: SATA connect time=0ms\nAug 12 01:36:51 vodka kernel: ata2: reset tp1 mask=01 ostat0=50 ostat1=00\nAug 12 01:36:51 vodka kernel: ata2: stat0=0x50 err=0x01 lsb=0x00 msb=0x00\nAug 12 01:36:51 vodka kernel: ata2: reset tp2 stat0=50 stat1=00 \ndevices=0x1\u003cATA_MASTER\u003e\nAug 12 01:36:51 vodka kernel: ata2: [MPSAFE]\nAug 12 01:36:51 vodka kernel: ata2: [ITHREAD]\nAug 12 01:36:51 vodka kernel: ata3: \u003cATA channel 1\u003e on atapci1\nAug 12 01:36:51 vodka kernel: ata3: SATA connect time=0ms\nAug 12 01:36:51 vodka kernel: ata3: reset tp1 mask=01 ostat0=50 ostat1=00\nAug 12 01:36:51 vodka kernel: ata3: stat0=0x50 err=0x01 lsb=0x00 msb=0x00\nAug 12 01:36:51 vodka kernel: ata3: reset tp2 stat0=50 stat1=00 \ndevices=0x1\u003cATA_MASTER\u003e\nAug 12 01:36:51 vodka kernel: ata3: [MPSAFE]\nAug 12 01:36:51 vodka kernel: ata3: [ITHREAD]\nAug 12 01:36:51 vodka kernel: ata4: \u003cATA channel 2\u003e on atapci1\nAug 12 01:36:51 vodka kernel: ata4: SATA connect time=0ms\nAug 12 01:36:51 vodka kernel: ata4: reset tp1 mask=01 ostat0=50 ostat1=00\nAug 12 01:36:51 vodka kernel: ata4: stat0=0x50 err=0x01 lsb=0x00 msb=0x00\nAug 12 01:36:51 vodka kernel: ata4: reset tp2 stat0=50 stat1=00 \ndevices=0x1\u003cATA_MASTER\u003e\nAug 12 01:36:51 vodka kernel: ata4: [MPSAFE]\nAug 12 01:36:51 vodka kernel: ata4: [ITHREAD]\nAug 12 01:36:51 vodka kernel: ata5: \u003cATA channel 3\u003e on atapci1\nAug 12 01:36:51 vodka kernel: ata5: SATA connect time=0ms\nAug 12 01:36:51 vodka kernel: ata5: reset tp1 mask=01 ostat0=50 ostat1=00\nAug 12 01:36:51 vodka kernel: ata5: stat0=0x50 err=0x01 lsb=0x00 msb=0x00\nAug 12 01:36:51 vodka kernel: ata5: reset tp2 stat0=50 stat1=00 \ndevices=0x1\u003cATA_MASTER\u003e\nAug 12 01:36:51 vodka kernel: ata5: [MPSAFE]\nAug 12 01:36:51 vodka kernel: ata5: [ITHREAD]\nAug 12 01:36:51 vodka kernel: ata6: \u003cATA channel 4\u003e on atapci1\nAug 12 01:36:51 vodka kernel: ata6: SATA connect status=00000000\nAug 12 01:36:51 vodka kernel: ata6: [MPSAFE]\nAug 12 01:36:51 vodka kernel: ata6: [ITHREAD]\nAug 12 01:36:51 vodka kernel: ata7: \u003cATA channel 5\u003e on atapci1\nAug 12 01:36:51 vodka kernel: ata7: SATA connect time=0ms\nAug 12 01:36:51 vodka kernel: ata7: reset tp1 mask=01 ostat0=50 ostat1=00\nAug 12 01:36:51 vodka kernel: ata7: stat0=0x50 err=0x01 lsb=0x00 msb=0x00\nAug 12 01:36:51 vodka kernel: ata7: reset tp2 stat0=50 stat1=00 \ndevices=0x1\u003cATA_MASTER\u003e\nAug 12 01:36:51 vodka kernel: ata7: [MPSAFE]\nAug 12 01:36:51 vodka kernel: ata7: [ITHREAD]\nAug 12 01:36:51 vodka kernel: ata8: \u003cATA channel 6\u003e on atapci1\nAug 12 01:36:51 vodka kernel: ata8: SATA connect status=00000000\nAug 12 01:36:51 vodka kernel: ata8: [MPSAFE]\nAug 12 01:36:51 vodka kernel: ata8: [ITHREAD]\nAug 12 01:36:51 vodka kernel: ata9: \u003cATA channel 7\u003e on atapci1\nAug 12 01:36:51 vodka kernel: ata9: SATA connect status=00000000\nAug 12 01:36:51 vodka kernel: ata9: [MPSAFE]\nAug 12 01:36:51 vodka kernel: ata9: [ITHREAD]\nAug 12 01:36:51 vodka kernel: pci0:0:9:0: bad VPD cksum, remain 12\nAug 12 01:36:51 vodka kernel: bge0: \u003cNetXtreme 1000SX Ethernet Adapter, ASIC \nrev. 0x1002\u003e mem 0xf2800000-0xf280ffff irq 17 at device 9.0 on pci0\nAug 12 01:36:51 vodka kernel: bge0: Reserved 0x10000 bytes for rid 0x10 type \n3 at 0xf2800000\nAug 12 01:36:51 vodka kernel: bge0: CHIP ID 0x10020000; ASIC REV 0x01; CHIP \nREV 0x10; PCI\nAug 12 01:36:51 vodka kernel: bge0: bpf attached\nAug 12 01:36:51 vodka kernel: bge0: Ethernet address: 00:10:18:00:e1:be\nAug 12 01:36:51 vodka kernel: ioapic0: routing intpin 17 (PCI IRQ 17) to \nvector 51\nAug 12 01:36:51 vodka kernel: bge0: [MPSAFE]\nAug 12 01:36:51 vodka kernel: bge0: [ITHREAD]\nAug 12 01:36:51 vodka kernel: pcib2: \u003cMPTable PCI-PCI bridge\u003e at device 16.0 \non pci0\nAug 12 01:36:51 vodka kernel: pcib2:   domain            0\nAug 12 01:36:51 vodka kernel: pcib2:   secondary bus     2\nAug 12 01:36:51 vodka kernel: pcib2:   subordinate bus   2\nAug 12 01:36:51 vodka kernel: pcib2:   I/O decode        0xa000-0xafff\nAug 12 01:36:51 vodka kernel: pcib2:   memory decode \n0xf1800000-0xf27fffff\nAug 12 01:36:51 vodka kernel: pcib2:   prefetched decode \n0xf7600000-0xf76fffff\nAug 12 01:36:51 vodka kernel: pci2: \u003cPCI bus\u003e on pcib2\nAug 12 01:36:51 vodka kernel: pci2: domain=0, physical bus=2\nAug 12 01:36:51 vodka kernel: found-\u003e   vendor=0x10ec, dev=0x8169, \nrevid=0x10\nAug 12 01:36:51 vodka kernel: domain=0, bus=2, slot=8, func=0\nAug 12 01:36:51 vodka kernel: class=02-00-00, hdrtype=0x00, mfdev=0\nAug 12 01:36:51 vodka kernel: cmdreg=0x0017, statreg=0x02b0, cachelnsz=8 \n(dwords)\nAug 12 01:36:51 vodka kernel: lattimer=0x20 (960 ns), mingnt=0x20 (8000 ns), \nmaxlat=0x40 (16000 ns)\nAug 12 01:36:51 vodka kernel: intpin=a, irq=12\nAug 12 01:36:51 vodka kernel: powerspec 2  supports D0 D1 D2 D3  current D0\nAug 12 01:36:51 vodka kernel: map[10]: type I/O Port, range 32, base 0xa800, \nsize  8, enabled\nAug 12 01:36:51 vodka kernel: pcib2: requested I/O range 0xa800-0xa8ff: in \nrange\nAug 12 01:36:51 vodka kernel: map[14]: type Memory, range 32, base \n0xf1800000, size  8, enabled\nAug 12 01:36:51 vodka kernel: pcib2: requested memory range \n0xf1800000-0xf18000ff: good\nAug 12 01:36:51 vodka kernel: pcib2: slot 8 INTA routed to irq 19\nAug 12 01:36:51 vodka kernel: re0: \u003cRealTek \n8169/8169S/8169SB(L)/8110S/8110SB(L) Gigabit Ethernet\u003e port 0xa800-0xa8ff \nmem 0xf1800000-0xf18000ff irq 19 at device 8.0 on pci2\nAug 12 01:36:51 vodka kernel: re0: Reserved 0x100 bytes for rid 0x14 type 3 \nat 0xf1800000\nAug 12 01:36:51 vodka kernel: re0: Chip rev. 0x04000000\nAug 12 01:36:51 vodka kernel: re0: MAC rev. 0x00000000\nAug 12 01:36:51 vodka kernel: miibus0: \u003cMII bus\u003e on re0\nAug 12 01:36:51 vodka kernel: rgephy0: \u003cRTL8169S/8110S/8211B media \ninterface\u003e PHY 1 on miibus0\nAug 12 01:36:51 vodka kernel: rgephy0:  10baseT, 10baseT-FDX, 100baseTX, \n100baseTX-FDX, 1000baseT, 1000baseT-FDX, auto\nAug 12 01:36:51 vodka kernel: re0: bpf attached\nAug 12 01:36:51 vodka kernel: re0: Ethernet address: 00:18:4d:79:72:65\nAug 12 01:36:51 vodka kernel: ioapic0: routing intpin 19 (PCI IRQ 19) to \nvector 52\nAug 12 01:36:51 vodka kernel: re0: [MPSAFE]\nAug 12 01:36:51 vodka kernel: re0: [FILTER]\nAug 12 01:36:51 vodka kernel: cpu0 on motherboard\nAug 12 01:36:51 vodka kernel: cpu1 on motherboard\nAug 12 01:36:51 vodka kernel: ata: ata0 already exists; skipping it\nAug 12 01:36:51 vodka kernel: ata: ata1 already exists; skipping it\nAug 12 01:36:51 vodka kernel: pnp_identify: Trying Read_Port at 203\nAug 12 01:36:51 vodka kernel: pnp_identify: Trying Read_Port at 243\nAug 12 01:36:51 vodka kernel: pnp_identify: Trying Read_Port at 283\nAug 12 01:36:51 vodka kernel: pnp_identify: Trying Read_Port at 2c3\nAug 12 01:36:51 vodka kernel: pnp_identify: Trying Read_Port at 303\nAug 12 01:36:51 vodka kernel: pnp_identify: Trying Read_Port at 343\nAug 12 01:36:51 vodka kernel: pnp_identify: Trying Read_Port at 383\nAug 12 01:36:51 vodka kernel: pnp_identify: Trying Read_Port at 3c3\nAug 12 01:36:51 vodka kernel: PNP Identify complete\nAug 12 01:36:51 vodka kernel: pnpbios: 12 devices, largest 114 bytes\nAug 12 01:36:51 vodka kernel: PNP0700: adding irq mask 0x40\nAug 12 01:36:51 vodka kernel: PNP0700: adding dma mask 0x4\nAug 12 01:36:51 vodka kernel: PNP0700: adding io range 0x3f2-0x3f5, \nsize=0x4, align=0\nAug 12 01:36:51 vodka kernel: pnpbios: handle 4 device ID PNP0700 (0007d041)\nAug 12 01:36:51 vodka kernel: PNP0f13: adding irq mask 0x1000\nAug 12 01:36:51 vodka kernel: pnpbios: handle 5 device ID PNP0f13 (130fd041)\nAug 12 01:36:51 vodka kernel: PNP0c01: adding fixed memory32 range \n0-0x9ffff, size=0xa0000\nAug 12 01:36:51 vodka kernel: PNP0c01: adding fixed memory32 range \n0x100000-0x2fffffff, size=0x2ff00000\nAug 12 01:36:51 vodka kernel: PNP0c01: adding fixed memory32 range \n0xe8000-0xeffff, size=0x8000\nAug 12 01:36:51 vodka kernel: PNP0c01: adding fixed memory32 range \n0xf0000-0xf3fff, size=0x4000\nAug 12 01:36:51 vodka kernel: PNP0c01: adding fixed memory32 range \n0xf4000-0xf7fff, size=0x4000\nAug 12 01:36:51 vodka kernel: PNP0c01: adding fixed memory32 range \n0xf8000-0xfffff, size=0x8000\nAug 12 01:36:51 vodka kernel: PNP0c01: adding fixed memory32 range \n0xd1800-0xd3fff, size=0x2800\nAug 12 01:36:51 vodka kernel: PNP0c01: adding fixed memory32 range \n0xfffe0000-0xffffffff, size=0x20000\nAug 12 01:36:51 vodka kernel: pnpbios: handle 6 device ID PNP0c01 (010cd041)\nAug 12 01:36:51 vodka kernel: PNP0100: adding irq mask 0x1\nAug 12 01:36:51 vodka kernel: PNP0100: adding io range 0x40-0x43, size=0x4, \nalign=0\nAug 12 01:36:51 vodka kernel: pnpbios: handle 8 device ID PNP0100 (0001d041)\nAug 12 01:36:51 vodka kernel: PNP0b00: adding irq mask 0x100\nAug 12 01:36:51 vodka kernel: PNP0b00: adding io range 0x70-0x75, size=0x6, \nalign=0\nAug 12 01:36:51 vodka kernel: pnpbios: handle 9 device ID PNP0b00 (000bd041)\nAug 12 01:36:51 vodka kernel: PNP0303: adding irq mask 0x2\nAug 12 01:36:51 vodka kernel: PNP0303: adding io range 0x60-0x60, size=0x1, \nalign=0\nAug 12 01:36:51 vodka kernel: PNP0303: adding io range 0x64-0x64, size=0x1, \nalign=0\nAug 12 01:36:51 vodka kernel: pnpbios: handle 10 device ID PNP0303 \n(0303d041)\nAug 12 01:36:51 vodka kernel: PNP0c04: adding irq mask 0x2000\nAug 12 01:36:51 vodka kernel: PNP0c04: adding io range 0xf0-0xf0, size=0x1, \nalign=0\nAug 12 01:36:51 vodka kernel: pnpbios: handle 11 device ID PNP0c04 \n(040cd041)\nAug 12 01:36:51 vodka kernel: PNP0200: adding dma mask 0x10\nAug 12 01:36:51 vodka kernel: PNP0200: adding io range 0-0xf, size=0x10, \nalign=0\nAug 12 01:36:51 vodka kernel: PNP0200: adding io range 0x80-0x90, size=0x11, \nalign=0\nAug 12 01:36:51 vodka kernel: PNP0200: adding io range 0x94-0x9f, size=0xc, \nalign=0\nAug 12 01:36:51 vodka kernel: PNP0200: adding io range 0xc0-0xde, size=0x1f, \nalign=0\nAug 12 01:36:51 vodka kernel: pnpbios: handle 12 device ID PNP0200 \n(0002d041)\nAug 12 01:36:51 vodka kernel: PNP0800: adding io range 0x61-0x61, size=0x1, \nalign=0x1\nAug 12 01:36:51 vodka kernel: pnpbios: handle 13 device ID PNP0800 \n(0008d041)\nAug 12 01:36:51 vodka kernel: PNP0a03: adding io range 0xcf8-0xcff, \nsize=0x8, align=0\nAug 12 01:36:51 vodka kernel: pnpbios: handle 14 device ID PNP0a03 \n(030ad041)\nAug 12 01:36:51 vodka kernel: PNP0c02: adding io range 0xe400-0xe47f, \nsize=0x80, align=0\nAug 12 01:36:51 vodka kernel: PNP0c02: adding io range 0xe4e0-0xe4ff, \nsize=0x20, align=0\nAug 12 01:36:51 vodka kernel: pnpbios: handle 15 device ID PNP0c02 \n(020cd041)\nAug 12 01:36:51 vodka kernel: sc: sc0 already exists; skipping it\nAug 12 01:36:51 vodka kernel: vga: vga0 already exists; skipping it\nAug 12 01:36:51 vodka kernel: isa_probe_children: disabling PnP devices\nAug 12 01:36:51 vodka kernel: isa_probe_children: probing non-PnP devices\nAug 12 01:36:51 vodka kernel: pmtimer0 on isa0\nAug 12 01:36:51 vodka kernel: orm0: \u003cISA Option ROMs\u003e at iomem \n0xc0000-0xc7fff,0xc8000-0xce7ff,0xd0000-0xd17ff pnpid ORM0000 on isa0\nAug 12 01:36:51 vodka kernel: adv0: not probed (disabled)\nAug 12 01:36:51 vodka kernel: aha0: not probed (disabled)\nAug 12 01:36:51 vodka kernel: aic0: not probed (disabled)\nAug 12 01:36:51 vodka kernel: atkbdc0: \u003cKeyboard controller (i8042)\u003e at port \n0x60,0x64 on isa0\nAug 12 01:36:51 vodka kernel: atkbd0: \u003cAT Keyboard\u003e irq 1 on atkbdc0\nAug 12 01:36:51 vodka kernel: atkbd: the current kbd controller command byte \n0065\nAug 12 01:36:51 vodka kernel: atkbd: keyboard ID 0x41ab (2)\nAug 12 01:36:51 vodka kernel: kbd0 at atkbd0\nAug 12 01:36:51 vodka kernel: kbd0: atkbd0, AT 101/102 (2), config:0x0, \nflags:0x3d0000\nAug 12 01:36:51 vodka kernel: ioapic0: routing intpin 1 (ISA IRQ 1) to \nvector 53\nAug 12 01:36:51 vodka kernel: atkbd0: [GIANT-LOCKED]\nAug 12 01:36:51 vodka kernel: atkbd0: [ITHREAD]\nAug 12 01:36:51 vodka kernel: bt0: not probed (disabled)\nAug 12 01:36:51 vodka kernel: cs0: not probed (disabled)\nAug 12 01:36:51 vodka kernel: ed0: not probed (disabled)\nAug 12 01:36:51 vodka kernel: fdc0: ic_type 90 part_id 80\nAug 12 01:36:51 vodka kernel: fdc0: \u003cEnhanced floppy controller\u003e at port \n0x3f0-0x3f5,0x3f7 irq 6 drq 2 on isa0\nAug 12 01:36:51 vodka kernel: fdc0: ic_type 90 part_id 80\nAug 12 01:36:51 vodka kernel: ioapic0: routing intpin 6 (ISA IRQ 6) to \nvector 54\nAug 12 01:36:51 vodka kernel: fdc0: [FILTER]\nAug 12 01:36:51 vodka kernel: fe0: not probed (disabled)\nAug 12 01:36:51 vodka kernel: ie0: not probed (disabled)\nAug 12 01:36:51 vodka kernel: le0: not probed (disabled)\nAug 12 01:36:51 vodka kernel: ppc0: parallel port not found.\nAug 12 01:36:51 vodka kernel: ppc0: \u003cParallel port\u003e failed to probe at irq 7 \non isa0\nAug 12 01:36:51 vodka kernel: sc0: \u003cSystem console\u003e at flags 0x100 on isa0\nAug 12 01:36:51 vodka kernel: sc0: VGA \u003c16 virtual consoles, flags=0x300\u003e\nAug 12 01:36:51 vodka kernel: sc0: fb0, kbd1, terminal emulator: sc (syscons \nterminal)\nAug 12 01:36:51 vodka kernel: sio0: irq maps: 0x4001 0x4011 0x4001 0x4001\nAug 12 01:36:51 vodka kernel: sio0: irq maps: 0x4001 0x4011 0x4001 0x4001\nAug 12 01:36:51 vodka kernel: sio0 at port 0x3f8-0x3ff irq 4 flags 0x10 on \nisa0\nAug 12 01:36:51 vodka kernel: sio0: type 16550A\nAug 12 01:36:51 vodka kernel: ioapic0: routing intpin 4 (ISA IRQ 4) to \nvector 55\nAug 12 01:36:51 vodka kernel: sio0: [FILTER]\nAug 12 01:36:51 vodka kernel: sio1: configured irq 3 not in bitmap of probed \nirqs 0\nAug 12 01:36:51 vodka kernel: sio1: port may not be enabled\nAug 12 01:36:51 vodka kernel: sio1: irq maps: 0x4001 0x4001 0x4001 0x4001\nAug 12 01:36:51 vodka kernel: sio1: probe failed test(s): 0 1 2 4 6 7 9\nAug 12 01:36:51 vodka kernel: sio1 failed to probe at port 0x2f8-0x2ff irq 3 \non isa0\nAug 12 01:36:51 vodka kernel: sio2: not probed (disabled)\nAug 12 01:36:51 vodka kernel: sio3: not probed (disabled)\nAug 12 01:36:51 vodka kernel: sn0: not probed (disabled)\nAug 12 01:36:51 vodka kernel: vga0: \u003cGeneric ISA VGA\u003e at port 0x3c0-0x3df \niomem 0xa0000-0xbffff on isa0\nAug 12 01:36:51 vodka kernel: vt0: not probed (disabled)\nAug 12 01:36:51 vodka kernel: isa_probe_children: probing PnP devices\nAug 12 01:36:51 vodka kernel: unknown: \u003cPNP0700\u003e can't assign resources \n(port)\nAug 12 01:36:51 vodka kernel: unknown: \u003cPNP0700\u003e at port 0x3f2-0x3f5 pnpid \nPNP0700 on isa0\nAug 12 01:36:51 vodka kernel: unknown: \u003cPNP0f13\u003e failed to probe at irq 12 \npnpid PNP0f13 on isa0\nAug 12 01:36:51 vodka kernel: unknown: \u003cPNP0c01\u003e can't assign resources \n(memory)\nAug 12 01:36:51 vodka kernel: unknown: \u003cPNP0c01\u003e at iomem 0-0x9ffff pnpid \nPNP0c01 on isa0\nAug 12 01:36:51 vodka kernel: unknown: \u003cPNP0303\u003e can't assign resources \n(port)\nAug 12 01:36:51 vodka kernel: unknown: \u003cPNP0303\u003e at port 0x60 pnpid PNP0303 \non isa0\nAug 12 01:36:51 vodka kernel: unknown: \u003cPNP0800\u003e failed to probe at port \n0x61 pnpid PNP0800 on isa0\nAug 12 01:36:51 vodka kernel: Device configuration finished.\nAug 12 01:36:51 vodka kernel: procfs registered\nAug 12 01:36:51 vodka kernel: lapic: Divisor 2, Frequency 133338725 hz\nAug 12 01:36:51 vodka kernel: Timecounter \"TSC\" frequency 1666733630 Hz \nquality -100\nAug 12 01:36:51 vodka kernel: Timecounters tick every 1.000 msec\nAug 12 01:36:51 vodka kernel: ipfw2 (+ipv6) initialized, divert loadable, \nnat loadable, rule-based forwarding disabled, default to deny, logging \nunlimited\nAug 12 01:36:51 vodka kernel: lo0: bpf attached\nAug 12 01:36:51 vodka kernel: DUMMYNET with IPv6 initialized (040826)\nAug 12 01:36:51 vodka kernel: ata0-master: pio=PIO4 wdma=WDMA2 \nudma=UNSUPPORTED cable=40 wire\nAug 12 01:36:51 vodka kernel: ad0: setting PIO4 on 768 chip\nAug 12 01:36:51 vodka kernel: ad0: setting WDMA2 on 768 chip\nAug 12 01:36:51 vodka kernel: ad0: 15488MB \u003cSMI MODEL 20071116\u003e at \nata0-master WDMA2\nAug 12 01:36:51 vodka kernel: ad0: 31719424 sectors [33565C/15H/63S] 1 \nsectors/interrupt 1 depth queue\nAug 12 01:36:51 vodka kernel: GEOM: new disk ad0ad0: FAILURE - READ_DMA \nstatus=51\u003cREADY,DSC,ERROR\u003e error=10\u003cNID_NOT_FOUND\u003e LBA=31719407\nAug 12 01:36:51 vodka kernel: ad0: Adaptec read metadata failed\nAug 12 01:36:51 vodka kernel:\nAug 12 01:36:51 vodka kernel: ad0: FAILURE - READ_DMA \nstatus=51\u003cREADY,DSC,ERROR\u003e error=10\u003cNID_NOT_FOUND\u003e LBA=31719420\nAug 12 01:36:51 vodka kernel: ad0: LSI (v3) read metadata failed\nAug 12 01:36:51 vodka kernel: ad0: FAILURE - READ_DMA \nstatus=51\u003cREADY,DSC,ERROR\u003e error=10\u003cNID_NOT_FOUND\u003e LBA=31719423\nAug 12 01:36:51 vodka kernel: ad0: LSI (v2) read metadata failed\nAug 12 01:36:51 vodka kernel: ad0: FAILURE - READ_DMA \nstatus=51\u003cREADY,DSC,ERROR\u003e error=10\u003cNID_NOT_FOUND\u003e LBA=31719423\nAug 12 01:36:51 vodka kernel: ad0: DDF read metadata failed\nAug 12 01:36:51 vodka kernel: ad0: FAILURE - READ_DMA \nstatus=51\u003cREADY,DSC,ERROR\u003e error=10\u003cNID_NOT_FOUND\u003e LBA=31719423\nAug 12 01:36:51 vodka kernel: ad0: FreeBSD check1 failed\nAug 12 01:36:51 vodka kernel: ad0: FAILURE - READ_DMA \nstatus=51\u003cREADY,DSC,ERROR\u003e error=10\u003cNID_NOT_FOUND\u003e LBA=31719423\nAug 12 01:36:51 vodka kernel: ata2-master: pio=PIO4 wdma=WDMA2 udma=UDMA133 \ncable=40 wire\nAug 12 01:36:51 vodka kernel: ad0: FAILURE - READ_DMA \nstatus=51\u003cREADY,DSC,ERROR\u003e error=10\u003cNID_NOT_FOUND\u003e LBA=31719423\nAug 12 01:36:51 vodka kernel: ad4: 476940MB \u003cHitachi HDP725050GLA360 \nGM4OA5CA\u003e at ata2-master SATA300\nAug 12 01:36:51 vodka kernel: ad4: 976773168 sectors [969021C/16H/63S] 16 \nsectors/interrupt 1 depth queue\nAug 12 01:36:51 vodka kernel: ad0: FAILURE - READ_DMA \nstatus=51\u003cREADY,DSC,ERROR\u003e error=10\u003cNID_NOT_FOUND\u003e LBA=31719423\nAug 12 01:36:51 vodka kernel: GEOM: new disk ad4\nAug 12 01:36:51 vodka kernel: ad4: Adaptec check1 failed\nAug 12 01:36:51 vodka kernel: ad4: LSI (v3) check1 failed\nAug 12 01:36:51 vodka kernel: ad4: LSI (v2) check1 failed\nAug 12 01:36:51 vodka kernel: ad4: FreeBSD check1 failed\nAug 12 01:36:51 vodka kernel: ata3-master: pio=PIO4 wdma=WDMA2 udma=UDMA133 \ncable=40 wire\nAug 12 01:36:51 vodka kernel: ad6: 953869MB \u003cWDC WD10EACS-00D6B0 01.01A01\u003e \nat ata3-master SATA300\nAug 12 01:36:51 vodka kernel: ad6: 1953525168 sectors [1938021C/16H/63S] 16 \nsectors/interrupt 1 depth queue\nAug 12 01:36:51 vodka kernel: GEOM: new disk ad6\nAug 12 01:36:51 vodka kernel: ad6: Adaptec check1 failed\nAug 12 01:36:51 vodka kernel: ad6: LSI (v3) check1 failed\nAug 12 01:36:51 vodka kernel: ad6: LSI (v2) check1 failed\nAug 12 01:36:51 vodka kernel: ad6: FreeBSD check1 failed\nAug 12 01:36:51 vodka kernel: ata4-master: pio=PIO4 wdma=WDMA2 udma=UDMA133 \ncable=40 wire\nAug 12 01:36:51 vodka kernel: ad8: 476940MB \u003cHitachi HDP725050GLA360 \nGM4OA5CA\u003e at ata4-master SATA300\nAug 12 01:36:51 vodka kernel: ad8: 976773168 sectors [969021C/16H/63S] 16 \nsectors/interrupt 1 depth queue\nAug 12 01:36:51 vodka kernel: GEOM: new disk ad8\nAug 12 01:36:51 vodka kernel: ad8: Adaptec check1 failed\nAug 12 01:36:51 vodka kernel: ad8: LSI (v3) check1 failed\nAug 12 01:36:51 vodka kernel: ad8: LSI (v2) check1 failed\nAug 12 01:36:51 vodka kernel: GEOM_MIRROR: Device mirror/raid0 launched \n(2/2).\nAug 12 01:36:51 vodka kernel: ad8: FreeBSD check1 failed\nAug 12 01:36:51 vodka kernel: ata5-master: pio=PIO4 wdma=WDMA2 udma=UDMA133 \ncable=40 wire\nAug 12 01:36:51 vodka kernel: ad10: 238475MB \u003cHitachi HDT725025VLA380 \nV5DOA7EA\u003e at ata5-master SATA300\nAug 12 01:36:51 vodka kernel: ad10: 488397168 sectors [484521C/16H/63S] 16 \nsectors/interrupt 1 depth queue\nAug 12 01:36:51 vodka kernel: ad10: Adaptec check1 failed\nAug 12 01:36:51 vodka kernel: ad10: LSI (v3) check1 failed\nAug 12 01:36:51 vodka kernel: ad10: LSI (v2) check1 failed\nAug 12 01:36:51 vodka kernel: ad10: FreeBSD check1 failed\nAug 12 01:36:51 vodka kernel: ata7-master: pio=PIO4 wdma=WDMA2 udma=UDMA133 \ncable=40 wire\nAug 12 01:36:51 vodka kernel: ad14: 476940MB \u003cHitachi HDP725050GLA360 \nGM4OA52A\u003e at ata7-master SATA300\nAug 12 01:36:51 vodka kernel: ad14: 976773168 sectors [969021C/16H/63S] 16 \nsectors/interrupt 1 depth queue\nAug 12 01:36:51 vodka kernel: GEOM: new disk ad10\nAug 12 01:36:51 vodka kernel: GEOM: new disk ad14\nAug 12 01:36:51 vodka kernel: ad14: Adaptec check1 failed\nAug 12 01:36:51 vodka kernel: ad14: LSI (v3) check1 failed\nAug 12 01:36:51 vodka kernel: ad14: LSI (v2) check1 failed\nAug 12 01:36:51 vodka kernel: ad14: FreeBSD check1 failed\nAug 12 01:36:51 vodka kernel: ATA PseudoRAID loaded\nAug 12 01:36:51 vodka kernel: SMP: AP CPU #1 Launched!\nAug 12 01:36:51 vodka kernel: cpu1 AP:\nAug 12 01:36:51 vodka kernel: ID: 0x01000000   VER: 0x00040010 LDR: \n0x00000000 DFR: 0xffffffff\nAug 12 01:36:51 vodka kernel: lint0: 0x00010700 lint1: 0x00000400 TPR: \n0x00000000 SVR: 0x000001ff\nAug 12 01:36:51 vodka kernel: timer: 0x000200ef therm: 0x00000000 err: \n0x00010000 pcm: 0x00010000\nAug 12 01:36:51 vodka kernel: ioapic0: Assigning ISA IRQ 1 to local APIC 0\nAug 12 01:36:51 vodka kernel: ioapic0: Assigning ISA IRQ 4 to local APIC 1\nAug 12 01:36:51 vodka kernel: ioapic0: Assigning ISA IRQ 6 to local APIC 0\nAug 12 01:36:51 vodka kernel: ioapic0: Assigning ISA IRQ 14 to local APIC 1\nAug 12 01:36:51 vodka kernel: ioapic0: Assigning ISA IRQ 15 to local APIC 0\nAug 12 01:36:51 vodka kernel: ioapic0: Assigning PCI IRQ 16 to local APIC 1\nAug 12 01:36:51 vodka kernel: ioapic0: Assigning PCI IRQ 17 to local APIC 0\nAug 12 01:36:51 vodka kernel: ioapic0: Assigning PCI IRQ 19 to local APIC 1\nAug 12 01:36:51 vodka kernel: Trying to mount root from ufs:/dev/ad0s1a\nAug 12 01:36:51 vodka kernel: start_init: trying /sbin/init\nAug 12 01:36:52 vodka savecore: no dumps found\nAug 12 01:36:53 vodka kernel: re0: link state changed to UP\n\n-----------------------------------------------------------------\n\nOn 7.2-RELEASE (working) :\n\nnexus0\n  cryptosoft0\n  smbios0\n      I/O memory addresses:\n          0xf3b60-0xf3b7e\n  apic0\n      I/O memory addresses:\n          0xfec00000-0xfec0001f\n          0xfee00000-0xfee003ff\n  legacy0\n    cpu0\n    cpu1\n    pcib0\n      pci0\n        hostb0 pnpinfo vendor=0x1022 device=0x700c subvendor=0x0000 \nsubdevice=0x0000 class=0x060000 at slot=0 function=0\n            I/O ports:\n                0xe800-0xe803\n            I/O memory addresses:\n                0xfb800000-0xfb800fff\n                0xfc000000-0xfdffffff\n          agp0\n        pcib1 pnpinfo vendor=0x1022 device=0x700d subvendor=0x0000 \nsubdevice=0x0000 class=0x060400 at slot=1 function=0\n          pci1\n            vgapci0 pnpinfo vendor=0x121a device=0x0005 subvendor=0x121a \nsubdevice=0x0030 class=0x030000 at slot=5 function=0\n                I/O ports:\n                    0xd800-0xd8ff\n                I/O memory addresses:\n                    0xf4000000-0xf5ffffff\n                    0xf8000000-0xf9ffffff\n              drm0\n        isab0 pnpinfo vendor=0x1022 device=0x7440 subvendor=0x1043 \nsubdevice=0x8044 class=0x060100 at slot=7 function=0\n          isa0\n            unknown pnpinfo pnpid=PNP0700\n            unknown pnpinfo pnpid=PNP0f13\n                Interrupt request lines:\n                    12\n            unknown pnpinfo pnpid=PNP0c01\n            attimer0 pnpinfo pnpid=PNP0100\n                Interrupt request lines:\n                    0\n                I/O ports:\n                    0x40-0x43\n            attimer1 pnpinfo pnpid=PNP0b00\n                Interrupt request lines:\n                    8\n                I/O ports:\n                    0x70-0x75\n            unknown pnpinfo pnpid=PNP0303\n            npxisa0 pnpinfo pnpid=PNP0c04\n                Interrupt request lines:\n                    13\n                I/O ports:\n                    0xf0\n            atdma0 pnpinfo pnpid=PNP0200\n                DMA request lines:\n                    4\n                I/O ports:\n                    0x0-0xf\n                    0x80-0x90\n                    0x94-0x9f\n                    0xc0-0xde\n            unknown pnpinfo pnpid=PNP0800\n                I/O ports:\n                    0x61\n            pcibus_pnp0 pnpinfo pnpid=PNP0a03\n                I/O ports:\n                    0xcf8-0xcff\n            unknown pnpinfo pnpid=PNP0c02\n            adv0\n            aha0\n            aic0\n            atkbdc0\n                I/O ports:\n                    0x60\n                    0x64\n              atkbd0\n                  Interrupt request lines:\n                      1\n            bt0\n            cs0\n            ed0\n            fdc0\n                Interrupt request lines:\n                    6\n                DMA request lines:\n                    2\n                I/O ports:\n                    0x3f0-0x3f5\n                    0x3f7\n              fd0\n              fd1\n            fe0\n            ie0\n            le0\n            ppc0\n            sc0\n            sio0\n                Interrupt request lines:\n                    4\n                I/O ports:\n                    0x3f8-0x3ff\n            sio1\n            sio2\n            sio3\n            sn0\n            vga0\n                I/O ports:\n                    0x3c0-0x3df\n                I/O memory addresses:\n                    0xa0000-0xbffff\n            vt0\n            orm0 pnpinfo pnpid=ORM0000\n                I/O memory addresses:\n                    0xc0000-0xc7fff\n                    0xc8000-0xce7ff\n                    0xd0000-0xd17ff\n            pmtimer0\n        atapci0 pnpinfo vendor=0x1022 device=0x7441 subvendor=0x1022 \nsubdevice=0x7441 class=0x01018a at slot=7 function=1\n            I/O ports:\n                0x170-0x177\n                0x1f0-0x1f7\n                0x376\n                0x3f6\n                0xb800-0xb80f\n          ata0\n              Interrupt request lines:\n                  14\n            ad0\n              subdisk0\n          ata1\n              Interrupt request lines:\n                  15\n        amdpm0 pnpinfo vendor=0x1022 device=0x7443 subvendor=0x1043 \nsubdevice=0x8044 class=0x068000 at slot=7 function=3\n            I/O ports:\n                0xe4e0-0xe4ff\n          smbus0\n            smb0\n        atapci1 pnpinfo vendor=0x11ab device=0x6081 subvendor=0x11ab \nsubdevice=0x11ab class=0x010000 at slot=8 function=0\n            Interrupt request lines:\n                16\n            I/O ports:\n                0xb400-0xb4ff\n            I/O memory addresses:\n                0xf3800000-0xf38fffff\n          ata2\n            ad4\n              subdisk4\n          ata3\n            ad6\n              subdisk6\n          ata4\n            ad8\n              subdisk8\n          ata5\n            ad10\n              subdisk10\n          ata6\n          ata7\n            ad14\n              subdisk14\n          ata8\n          ata9\n        bge0 pnpinfo vendor=0x14e4 device=0x16a7 subvendor=0x14e4 \nsubdevice=0x000a class=0x020000 at slot=9 function=0\n            Interrupt request lines:\n                17\n            I/O memory addresses:\n                0xf2800000-0xf280ffff\n        pcib2 pnpinfo vendor=0x1022 device=0x7448 subvendor=0x0000 \nsubdevice=0x0000 class=0x060400 at slot=16 function=0\n          pci2\n            re0 pnpinfo vendor=0x10ec device=0x8169 subvendor=0x1385 \nsubdevice=0x311a class=0x020000 at slot=8 function=0\n                Interrupt request lines:\n                    19\n                I/O ports:\n                    0xa800-0xa8ff\n                I/O memory addresses:\n                    0xf1800000-0xf18000ff\n              miibus0\n                rgephy0 pnpinfo oui=0x732 model=0x11 rev=0x0 at phyno=1\n    eisa0\n  ram0\n      I/O memory addresses:\n          0x0-0x9efff\n          0x100000-0x2fffffff\n  npx0\n\n\nAug 12 01:45:03 vodka kernel: Copyright (c) 1992-2009 The FreeBSD Project.\nAug 12 01:45:03 vodka kernel: Copyright (c) 1979, 1980, 1983, 1986, 1988, \n1989, 1991, 1992, 1993, 1994\nAug 12 01:45:03 vodka kernel: The Regents of the University of California. \nAll rights reserved.\nAug 12 01:45:03 vodka kernel: FreeBSD is a registered trademark of The \nFreeBSD Foundation.\nAug 12 01:45:03 vodka kernel: FreeBSD 7.2-RELEASE #0: Mon May 18 19:33:51 \nCEST 2009\nAug 12 01:45:03 vodka kernel: \nkindman@vodka.adriana.amc-os.com:/mnt/usr/obj/mnt/usr/src/sys/VODKA-1.0.6\nAug 12 01:45:03 vodka kernel: Preloaded elf kernel \n\"/boot/kernel.stable/kernel\" at 0xc09ba000.\nAug 12 01:45:03 vodka kernel: Calibrating clock(s) ... i8254 clock: 1193149 \nHz\nAug 12 01:45:03 vodka kernel: CLK_USE_I8254_CALIBRATION not specified - \nusing default frequency\nAug 12 01:45:03 vodka kernel: Timecounter \"i8254\" frequency 1193182 Hz \nquality 0\nAug 12 01:45:03 vodka kernel: Calibrating TSC clock ... TSC clock: \n1666740905 Hz\nAug 12 01:45:03 vodka kernel: CPU: AMD Athlon(TM) MP 2000+ (1666.74-MHz \n686-class CPU)\nAug 12 01:45:03 vodka kernel: Origin = \"AuthenticAMD\"  Id = 0x662  Stepping \n= 2\nAug 12 01:45:03 vodka kernel: \nFeatures=0x383fbff\u003cFPU,VME,DE,PSE,TSC,MSR,PAE,MCE,CX8,APIC,SEP,MTRR,PGE,MCA,CMOV,PAT,PSE36,MMX,FXSR,SSE\u003e\nAug 12 01:45:03 vodka kernel: AMD \nFeatures=0xc0480800\u003cSYSCALL,MP,MMX+,3DNow!+,3DNow!\u003e\nAug 12 01:45:03 vodka kernel: Data TLB: 32 entries, fully associative\nAug 12 01:45:03 vodka kernel: Instruction TLB: 16 entries, fully associative\nAug 12 01:45:03 vodka kernel: L1 data cache: 64 kbytes, 64 bytes/line, 1 \nlines/tag, 2-way associative\nAug 12 01:45:03 vodka kernel: L1 instruction cache: 64 kbytes, 64 \nbytes/line, 1 lines/tag, 2-way associative\nAug 12 01:45:03 vodka kernel: L2 internal cache: 256 kbytes, 64 bytes/line, \n1 lines/tag, 8-way associative\nAug 12 01:45:03 vodka kernel: real memory  = 805306368 (768 MB)\nAug 12 01:45:03 vodka kernel: Physical memory chunk(s):\nAug 12 01:45:03 vodka kernel: 0x0000000000001000 - 0x000000000009efff, \n647168 bytes (158 pages)\nAug 12 01:45:03 vodka kernel: 0x0000000000100000 - 0x00000000003fffff, \n3145728 bytes (768 pages)\nAug 12 01:45:03 vodka kernel: 0x0000000000c25000 - 0x000000002f237fff, \n778121216 bytes (189971 pages)\nAug 12 01:45:03 vodka kernel: avail memory = 778305536 (742 MB)\nAug 12 01:45:03 vodka kernel: MP Configuration Table version 1.4 found at \n0xc00f7a80\nAug 12 01:45:03 vodka kernel: APIC: Using the MPTable enumerator.\nAug 12 01:45:03 vodka kernel: SMP: Added CPU 0 (BSP)\nAug 12 01:45:03 vodka kernel: SMP: Added CPU 1 (AP)\nAug 12 01:45:03 vodka kernel: MPTable: \u003cASUS     PROD00000000\u003e\nAug 12 01:45:03 vodka kernel: INTR: Adding local APIC 1 as a target\nAug 12 01:45:03 vodka kernel: FreeBSD/SMP: Multiprocessor System Detected: 2 \nCPUs\nAug 12 01:45:03 vodka kernel: cpu0 (BSP): APIC ID:  0\nAug 12 01:45:03 vodka kernel: cpu1 (AP): APIC ID:  1\nAug 12 01:45:03 vodka kernel: bios32: Found BIOS32 Service Directory header \nat 0xc00f2560\nAug 12 01:45:03 vodka kernel: bios32: Entry = 0xf1d20 (c00f1d20)  Rev = 0 \nLen = 1\nAug 12 01:45:03 vodka kernel: pcibios: PCI BIOS entry at 0xf0000+0x1f20\nAug 12 01:45:03 vodka kernel: pnpbios: Found PnP BIOS data at 0xc00fc5e0\nAug 12 01:45:03 vodka kernel: pnpbios: Entry = f0000:c610  Rev = 1.0\nAug 12 01:45:03 vodka kernel: pnpbios: OEM ID cd041\nAug 12 01:45:03 vodka kernel: Other BIOS signatures found:\nAug 12 01:45:03 vodka kernel: ULE: setup cpu group 0\nAug 12 01:45:03 vodka kernel: ULE: setup cpu 0\nAug 12 01:45:03 vodka kernel: ULE: adding cpu 0 to group 0: cpus 1 mask 0x1\nAug 12 01:45:03 vodka kernel: ULE: setup cpu group 1\nAug 12 01:45:03 vodka kernel: ULE: setup cpu 1\nAug 12 01:45:03 vodka kernel: ULE: adding cpu 1 to group 1: cpus 1 mask 0x2\nAug 12 01:45:03 vodka kernel: ioapic0: Assuming intbase of 0\nAug 12 01:45:03 vodka kernel: ioapic0: Routing external 8259A's -\u003e intpin 0\nAug 12 01:45:03 vodka kernel: ioapic0: Routing IRQ 0 -\u003e intpin 2\nAug 12 01:45:03 vodka kernel: lapic: Routing ExtINT -\u003e LINT0\nAug 12 01:45:03 vodka kernel: lapic: LINT0 trigger: edge\nAug 12 01:45:03 vodka kernel: lapic: LINT0 polarity: high\nAug 12 01:45:03 vodka kernel: lapic: Routing NMI -\u003e LINT1\nAug 12 01:45:03 vodka kernel: lapic: LINT1 trigger: edge\nAug 12 01:45:03 vodka kernel: lapic: LINT1 polarity: high\nAug 12 01:45:03 vodka kernel: ioapic0 \u003cVersion 1.1\u003e irqs 0-23 on motherboard\nAug 12 01:45:03 vodka kernel: cpu0 BSP:\nAug 12 01:45:03 vodka kernel: ID: 0x00000000   VER: 0x00040010 LDR: \n0x00000000 DFR: 0xffffffff\nAug 12 01:45:03 vodka kernel: lint0: 0x00010700 lint1: 0x00000400 TPR: \n0x00000000 SVR: 0x000001ff\nAug 12 01:45:03 vodka kernel: timer: 0x000100ef therm: 0x00000000 err: \n0x00010000 pcm: 0x00010000\nAug 12 01:45:03 vodka kernel: wlan_amrr: \u003cAMRR Transmit Rate Control \nAlgorithm\u003e\nAug 12 01:45:03 vodka kernel: wlan: \u003c802.11 Link Layer\u003e\nAug 12 01:45:03 vodka kernel: nfslock: pseudo-device\nAug 12 01:45:03 vodka kernel: crypto: \u003ccrypto core\u003e\nAug 12 01:45:03 vodka kernel: null: \u003cnull device, zero device\u003e\nAug 12 01:45:03 vodka kernel: kbd: new array size 4\nAug 12 01:45:03 vodka kernel: kbd1 at kbdmux0\nAug 12 01:45:03 vodka kernel: io: \u003cI/O\u003e\nAug 12 01:45:03 vodka kernel: random: \u003centropy source, Software, Yarrow\u003e\nAug 12 01:45:03 vodka kernel: mem: \u003cmemory\u003e\nAug 12 01:45:03 vodka kernel: Pentium Pro MTRR support enabled\nAug 12 01:45:03 vodka kernel: npx0: INT 16 interface\nAug 12 01:45:03 vodka kernel: smbios0: \u003cSystem Management BIOS\u003e at iomem \n0xf3b60-0xf3b7e on motherboard\nAug 12 01:45:03 vodka kernel: smbios0: Version: 2.3, BCD Revision: 2.3\nAug 12 01:45:03 vodka kernel: cryptosoft0: \u003csoftware crypto\u003e on motherboard\nAug 12 01:45:03 vodka kernel: crypto: assign cryptosoft0 driver id 0, flags \n100663296\nAug 12 01:45:03 vodka kernel: crypto: cryptosoft0 registers alg 1 flags 0 \nmaxoplen 0\nAug 12 01:45:03 vodka kernel: crypto: cryptosoft0 registers alg 2 flags 0 \nmaxoplen 0\nAug 12 01:45:03 vodka kernel: crypto: cryptosoft0 registers alg 3 flags 0 \nmaxoplen 0\nAug 12 01:45:03 vodka kernel: crypto: cryptosoft0 registers alg 4 flags 0 \nmaxoplen 0\nAug 12 01:45:03 vodka kernel: crypto: cryptosoft0 registers alg 5 flags 0 \nmaxoplen 0\nAug 12 01:45:03 vodka kernel: crypto: cryptosoft0 registers alg 16 flags 0 \nmaxoplen 0\nAug 12 01:45:03 vodka kernel: crypto: cryptosoft0 registers alg 6 flags 0 \nmaxoplen 0\nAug 12 01:45:03 vodka kernel: crypto: cryptosoft0 registers alg 7 flags 0 \nmaxoplen 0\nAug 12 01:45:03 vodka kernel: crypto: cryptosoft0 registers alg 18 flags 0 \nmaxoplen 0\nAug 12 01:45:03 vodka kernel: crypto: cryptosoft0 registers alg 19 flags 0 \nmaxoplen 0\nAug 12 01:45:03 vodka kernel: crypto: cryptosoft0 registers alg 20 flags 0 \nmaxoplen 0\nAug 12 01:45:03 vodka kernel: crypto: cryptosoft0 registers alg 8 flags 0 \nmaxoplen 0\nAug 12 01:45:03 vodka kernel: crypto: cryptosoft0 registers alg 15 flags 0 \nmaxoplen 0\nAug 12 01:45:03 vodka kernel: crypto: cryptosoft0 registers alg 9 flags 0 \nmaxoplen 0\nAug 12 01:45:03 vodka kernel: crypto: cryptosoft0 registers alg 10 flags 0 \nmaxoplen 0\nAug 12 01:45:03 vodka kernel: crypto: cryptosoft0 registers alg 13 flags 0 \nmaxoplen 0\nAug 12 01:45:03 vodka kernel: crypto: cryptosoft0 registers alg 14 flags 0 \nmaxoplen 0\nAug 12 01:45:03 vodka kernel: crypto: cryptosoft0 registers alg 11 flags 0 \nmaxoplen 0\nAug 12 01:45:03 vodka kernel: crypto: cryptosoft0 registers alg 21 flags 0 \nmaxoplen 0\nAug 12 01:45:03 vodka kernel: crypto: cryptosoft0 registers alg 17 flags 0 \nmaxoplen 0\nAug 12 01:45:03 vodka kernel: pci_open(1):      mode 1 addr port (0x0cf8) is \n0x8002403c\nAug 12 01:45:03 vodka kernel: pci_open(1a):     mode1res=0x80000000 \n(0x80000000)\nAug 12 01:45:03 vodka kernel: pci_cfgcheck:     device 0 [class=060000] \n[hdr=00] is there (id=700c1022)\nAug 12 01:45:03 vodka kernel: pcibios: BIOS version 2.10\nAug 12 01:45:03 vodka kernel: pcib0: \u003cMPTable Host-PCI bridge\u003e pcibus 0 on \nmotherboard\nAug 12 01:45:03 vodka kernel: pci0: \u003cPCI bus\u003e on pcib0\nAug 12 01:45:03 vodka kernel: pci0: domain=0, physical bus=0\nAug 12 01:45:03 vodka kernel: found-\u003e   vendor=0x1022, dev=0x700c, \nrevid=0x11\nAug 12 01:45:03 vodka kernel: domain=0, bus=0, slot=0, func=0\nAug 12 01:45:03 vodka kernel: class=06-00-00, hdrtype=0x00, mfdev=0\nAug 12 01:45:03 vodka kernel: cmdreg=0x0006, statreg=0x2230, cachelnsz=0 \n(dwords)\nAug 12 01:45:03 vodka kernel: lattimer=0x20 (960 ns), mingnt=0x00 (0 ns), \nmaxlat=0x00 (0 ns)\nAug 12 01:45:03 vodka kernel: map[10]: type Prefetchable Memory, range 32, \nbase 0xfc000000, size 25, enabled\nAug 12 01:45:03 vodka kernel: map[14]: type Prefetchable Memory, range 32, \nbase 0xfb800000, size 12, enabled\nAug 12 01:45:03 vodka kernel: map[18]: type I/O Port, range 32, base 0xe800, \nsize  2, port disabled\nAug 12 01:45:03 vodka kernel: found-\u003e   vendor=0x1022, dev=0x700d, \nrevid=0x00\nAug 12 01:45:03 vodka kernel: domain=0, bus=0, slot=1, func=0\nAug 12 01:45:03 vodka kernel: class=06-04-00, hdrtype=0x01, mfdev=0\nAug 12 01:45:03 vodka kernel: cmdreg=0x0007, statreg=0x0220, cachelnsz=0 \n(dwords)\nAug 12 01:45:03 vodka kernel: lattimer=0x00 (0 ns), mingnt=0x08 (2000 ns), \nmaxlat=0x00 (0 ns)\nAug 12 01:45:03 vodka kernel: found-\u003e   vendor=0x1022, dev=0x7440, \nrevid=0x05\nAug 12 01:45:03 vodka kernel: domain=0, bus=0, slot=7, func=0\nAug 12 01:45:03 vodka kernel: class=06-01-00, hdrtype=0x00, mfdev=1\nAug 12 01:45:03 vodka kernel: cmdreg=0x000f, statreg=0x0220, cachelnsz=0 \n(dwords)\nAug 12 01:45:03 vodka kernel: lattimer=0x00 (0 ns), mingnt=0x00 (0 ns), \nmaxlat=0x00 (0 ns)\nAug 12 01:45:03 vodka kernel: found-\u003e   vendor=0x1022, dev=0x7441, \nrevid=0x04\nAug 12 01:45:03 vodka kernel: domain=0, bus=0, slot=7, func=1\nAug 12 01:45:03 vodka kernel: class=01-01-8a, hdrtype=0x00, mfdev=0\nAug 12 01:45:03 vodka kernel: cmdreg=0x0005, statreg=0x0200, cachelnsz=0 \n(dwords)\nAug 12 01:45:03 vodka kernel: lattimer=0x20 (960 ns), mingnt=0x00 (0 ns), \nmaxlat=0x00 (0 ns)\nAug 12 01:45:03 vodka kernel: map[20]: type I/O Port, range 32, base 0xb800, \nsize  4, enabled\nAug 12 01:45:03 vodka kernel: found-\u003e   vendor=0x1022, dev=0x7443, \nrevid=0x03\nAug 12 01:45:03 vodka kernel: domain=0, bus=0, slot=7, func=3\nAug 12 01:45:03 vodka kernel: class=06-80-00, hdrtype=0x00, mfdev=0\nAug 12 01:45:03 vodka kernel: cmdreg=0x0000, statreg=0x0280, cachelnsz=0 \n(dwords)\nAug 12 01:45:03 vodka kernel: lattimer=0x20 (960 ns), mingnt=0x00 (0 ns), \nmaxlat=0x00 (0 ns)\nAug 12 01:45:03 vodka kernel: found-\u003e   vendor=0x11ab, dev=0x6081, \nrevid=0x09\nAug 12 01:45:03 vodka kernel: domain=0, bus=0, slot=8, func=0\nAug 12 01:45:03 vodka kernel: class=01-00-00, hdrtype=0x00, mfdev=0\nAug 12 01:45:03 vodka kernel: cmdreg=0x0017, statreg=0x02b0, cachelnsz=8 \n(dwords)\nAug 12 01:45:03 vodka kernel: lattimer=0x20 (960 ns), mingnt=0x00 (0 ns), \nmaxlat=0x00 (0 ns)\nAug 12 01:45:03 vodka kernel: intpin=a, irq=11\nAug 12 01:45:03 vodka kernel: powerspec 2  supports D0 D3  current D0\nAug 12 01:45:03 vodka kernel: MSI supports 1 message, 64 bit\nAug 12 01:45:03 vodka kernel: map[10]: type Memory, range 64, base \n0xf3800000, size 20, enabled\nAug 12 01:45:03 vodka kernel: map[18]: type I/O Port, range 32, base 0xb400, \nsize  8, enabled\nAug 12 01:45:03 vodka kernel: pcib0: slot 8 INTA routed to irq 16\nAug 12 01:45:03 vodka kernel: found-\u003e   vendor=0x14e4, dev=0x16a7, \nrevid=0x02\nAug 12 01:45:03 vodka kernel: domain=0, bus=0, slot=9, func=0\nAug 12 01:45:03 vodka kernel: class=02-00-00, hdrtype=0x00, mfdev=0\nAug 12 01:45:03 vodka kernel: cmdreg=0x0016, statreg=0x02b0, cachelnsz=8 \n(dwords)\nAug 12 01:45:03 vodka kernel: lattimer=0x20 (960 ns), mingnt=0x40 (16000 \nns), maxlat=0x00 (0 ns)\nAug 12 01:45:03 vodka kernel: intpin=a, irq=10\nAug 12 01:45:03 vodka kernel: powerspec 2  supports D0 D3  current D0\nAug 12 01:45:03 vodka kernel: MSI supports 8 messages, 64 bit\nAug 12 01:45:03 vodka kernel: map[10]: type Memory, range 64, base \n0xf2800000, size 16, enabled\nAug 12 01:45:03 vodka kernel: pcib0: slot 9 INTA routed to irq 17\nAug 12 01:45:03 vodka kernel: found-\u003e   vendor=0x1022, dev=0x7448, \nrevid=0x05\nAug 12 01:45:03 vodka kernel: domain=0, bus=0, slot=16, func=0\nAug 12 01:45:03 vodka kernel: class=06-04-00, hdrtype=0x01, mfdev=0\nAug 12 01:45:03 vodka kernel: cmdreg=0x0017, statreg=0x2220, cachelnsz=0 \n(dwords)\nAug 12 01:45:03 vodka kernel: lattimer=0x20 (960 ns), mingnt=0x04 (1000 ns), \nmaxlat=0x00 (0 ns)\nAug 12 01:45:03 vodka kernel: agp0: \u003cAMD 762 host to AGP bridge\u003e on hostb0\nAug 12 01:45:03 vodka kernel: hostb0: Reserved 0x2000000 bytes for rid 0x10 \ntype 3 at 0xfc000000\nAug 12 01:45:03 vodka kernel: hostb0: Reserved 0x1000 bytes for rid 0x14 \ntype 3 at 0xfb800000\nAug 12 01:45:03 vodka kernel: agp0: allocating GATT for aperture of size 32M\nAug 12 01:45:03 vodka kernel: agp0: gatt -\u003e ag_pdir 0x153e000\nAug 12 01:45:03 vodka kernel: agp0: allocating GATT for 8192 AGP page \nentries\nAug 12 01:45:03 vodka kernel: pcib1: \u003cMPTable PCI-PCI bridge\u003e at device 1.0 \non pci0\nAug 12 01:45:03 vodka kernel: pcib1:   domain            0\nAug 12 01:45:03 vodka kernel: pcib1:   secondary bus     1\nAug 12 01:45:03 vodka kernel: pcib1:   subordinate bus   1\nAug 12 01:45:03 vodka kernel: pcib1:   I/O decode        0xd000-0xdfff\nAug 12 01:45:03 vodka kernel: pcib1:   memory decode \n0xf4000000-0xf75fffff\nAug 12 01:45:03 vodka kernel: pcib1:   prefetched decode \n0xf7f00000-0xfb7fffff\nAug 12 01:45:03 vodka kernel: pci1: \u003cPCI bus\u003e on pcib1\nAug 12 01:45:03 vodka kernel: pci1: domain=0, physical bus=1\nAug 12 01:45:03 vodka kernel: found-\u003e   vendor=0x121a, dev=0x0005, \nrevid=0x01\nAug 12 01:45:03 vodka kernel: domain=0, bus=1, slot=5, func=0\nAug 12 01:45:03 vodka kernel: class=03-00-00, hdrtype=0x00, mfdev=0\nAug 12 01:45:03 vodka kernel: cmdreg=0x0003, statreg=0x80b0, cachelnsz=0 \n(dwords)\nAug 12 01:45:03 vodka kernel: lattimer=0x00 (0 ns), mingnt=0x00 (0 ns), \nmaxlat=0x00 (0 ns)\nAug 12 01:45:03 vodka kernel: intpin=a, irq=11\nAug 12 01:45:03 vodka kernel: powerspec 1  supports D0 D3  current D0\nAug 12 01:45:03 vodka kernel: map[10]: type Memory, range 32, base \n0xf4000000, size 25, enabled\nAug 12 01:45:03 vodka kernel: pcib1: requested memory range \n0xf4000000-0xf5ffffff: good\nAug 12 01:45:03 vodka kernel: map[14]: type Prefetchable Memory, range 32, \nbase 0xf8000000, size 25, enabled\nAug 12 01:45:03 vodka kernel: pcib1: requested memory range \n0xf8000000-0xf9ffffff: good\nAug 12 01:45:03 vodka kernel: map[18]: type I/O Port, range 32, base 0xd800, \nsize  8, enabled\nAug 12 01:45:03 vodka kernel: pcib1: requested I/O range 0xd800-0xd8ff: in \nrange\nAug 12 01:45:03 vodka kernel: pcib1: slot 5 INTA routed to irq 16\nAug 12 01:45:03 vodka kernel: vgapci0: \u003cVGA-compatible display\u003e port \n0xd800-0xd8ff mem 0xf4000000-0xf5ffffff,0xf8000000-0xf9ffffff irq 16 at \ndevice 5.0 on pci1\nAug 12 01:45:03 vodka kernel: isab0: \u003cPCI-ISA bridge\u003e at device 7.0 on pci0\nAug 12 01:45:03 vodka kernel: isa0: \u003cISA bus\u003e on isab0\nAug 12 01:45:03 vodka kernel: atapci0: \u003cAMD 768 UDMA100 controller\u003e port \n0x1f0-0x1f7,0x3f6,0x170-0x177,0x376,0xb800-0xb80f at device 7.1 on pci0\nAug 12 01:45:03 vodka kernel: atapci0: Reserved 0x10 bytes for rid 0x20 type \n4 at 0xb800\nAug 12 01:45:03 vodka kernel: ata0: \u003cATA channel 0\u003e on atapci0\nAug 12 01:45:03 vodka kernel: atapci0: Reserved 0x8 bytes for rid 0x10 type \n4 at 0x1f0\nAug 12 01:45:03 vodka kernel: atapci0: Reserved 0x1 bytes for rid 0x14 type \n4 at 0x3f6\nAug 12 01:45:03 vodka kernel: ata0: reset tp1 mask=03 ostat0=50 ostat1=00\nAug 12 01:45:03 vodka kernel: ata0: stat0=0x50 err=0x01 lsb=0x00 msb=0x00\nAug 12 01:45:03 vodka kernel: ata0: stat1=0x00 err=0x01 lsb=0x00 msb=0x00\nAug 12 01:45:03 vodka kernel: ata0: reset tp2 stat0=50 stat1=00 \ndevices=0x1\u003cATA_MASTER\u003e\nAug 12 01:45:03 vodka kernel: ioapic0: routing intpin 14 (ISA IRQ 14) to \nvector 48\nAug 12 01:45:03 vodka kernel: ata0: [MPSAFE]\nAug 12 01:45:03 vodka kernel: ata0: [ITHREAD]\nAug 12 01:45:03 vodka kernel: ata1: \u003cATA channel 1\u003e on atapci0\nAug 12 01:45:03 vodka kernel: atapci0: Reserved 0x8 bytes for rid 0x18 type \n4 at 0x170\nAug 12 01:45:03 vodka kernel: atapci0: Reserved 0x1 bytes for rid 0x1c type \n4 at 0x376\nAug 12 01:45:03 vodka kernel: ata1: reset tp1 mask=03 ostat0=60 ostat1=70\nAug 12 01:45:03 vodka kernel: ata1: stat0=0x20 err=0x20 lsb=0x20 msb=0x20\nAug 12 01:45:03 vodka kernel: ata1: stat1=0x30 err=0x30 lsb=0x30 msb=0x30\nAug 12 01:45:03 vodka kernel: ata1: reset tp2 stat0=20 stat1=30 devices=0x0\nAug 12 01:45:03 vodka kernel: ioapic0: routing intpin 15 (ISA IRQ 15) to \nvector 49\nAug 12 01:45:03 vodka kernel: ata1: [MPSAFE]\nAug 12 01:45:03 vodka kernel: ata1: [ITHREAD]\nAug 12 01:45:03 vodka kernel: amdpm0: \u003cAMD 756/766/768/8111 Power Management \nController\u003e port 0xe4e0-0xe4ff at device 7.3 on pci0\nAug 12 01:45:03 vodka kernel: smbus0: \u003cSystem Management Bus\u003e on amdpm0\nAug 12 01:45:03 vodka kernel: smb0: \u003cSMBus generic I/O\u003e on smbus0\nAug 12 01:45:03 vodka kernel: atapci1: \u003cMarvell 88SX6081 SATA300 controller\u003e \nport 0xb400-0xb4ff mem 0xf3800000-0xf38fffff irq 16 at device 8.0 on pci0\nAug 12 01:45:03 vodka kernel: ioapic0: routing intpin 16 (PCI IRQ 16) to \nvector 50\nAug 12 01:45:03 vodka kernel: atapci1: [MPSAFE]\nAug 12 01:45:03 vodka kernel: atapci1: [ITHREAD]\nAug 12 01:45:03 vodka kernel: atapci1: Reserved 0x100000 bytes for rid 0x10 \ntype 3 at 0xf3800000\nAug 12 01:45:03 vodka kernel: ata2: \u003cATA channel 0\u003e on atapci1\nAug 12 01:45:03 vodka kernel: ata2: SATA connect time=0ms\nAug 12 01:45:03 vodka kernel: ata2: reset tp1 mask=01 ostat0=50 ostat1=00\nAug 12 01:45:03 vodka kernel: ata2: stat0=0x50 err=0x01 lsb=0x00 msb=0x00\nAug 12 01:45:03 vodka kernel: ata2: reset tp2 stat0=50 stat1=00 \ndevices=0x1\u003cATA_MASTER\u003e\nAug 12 01:45:03 vodka kernel: ata2: [MPSAFE]\nAug 12 01:45:03 vodka kernel: ata2: [ITHREAD]\nAug 12 01:45:03 vodka kernel: ata3: \u003cATA channel 1\u003e on atapci1\nAug 12 01:45:03 vodka kernel: ata3: SATA connect time=0ms\nAug 12 01:45:03 vodka kernel: ata3: reset tp1 mask=01 ostat0=50 ostat1=00\nAug 12 01:45:03 vodka kernel: ata3: stat0=0x50 err=0x01 lsb=0x00 msb=0x00\nAug 12 01:45:03 vodka kernel: ata3: reset tp2 stat0=50 stat1=00 \ndevices=0x1\u003cATA_MASTER\u003e\nAug 12 01:45:03 vodka kernel: ata3: [MPSAFE]\nAug 12 01:45:03 vodka kernel: ata3: [ITHREAD]\nAug 12 01:45:03 vodka kernel: ata4: \u003cATA channel 2\u003e on atapci1\nAug 12 01:45:03 vodka kernel: ata4: SATA connect time=0ms\nAug 12 01:45:03 vodka kernel: ata4: reset tp1 mask=01 ostat0=50 ostat1=00\nAug 12 01:45:03 vodka kernel: ata4: stat0=0x50 err=0x01 lsb=0x00 msb=0x00\nAug 12 01:45:03 vodka kernel: ata4: reset tp2 stat0=50 stat1=00 \ndevices=0x1\u003cATA_MASTER\u003e\nAug 12 01:45:03 vodka kernel: ata4: [MPSAFE]\nAug 12 01:45:03 vodka kernel: ata4: [ITHREAD]\nAug 12 01:45:03 vodka kernel: ata5: \u003cATA channel 3\u003e on atapci1\nAug 12 01:45:03 vodka kernel: ata5: SATA connect time=0ms\nAug 12 01:45:03 vodka kernel: ata5: reset tp1 mask=01 ostat0=50 ostat1=00\nAug 12 01:45:03 vodka kernel: ata5: stat0=0x50 err=0x01 lsb=0x00 msb=0x00\nAug 12 01:45:03 vodka kernel: ata5: reset tp2 stat0=50 stat1=00 \ndevices=0x1\u003cATA_MASTER\u003e\nAug 12 01:45:03 vodka kernel: ata5: [MPSAFE]\nAug 12 01:45:03 vodka kernel: ata5: [ITHREAD]\nAug 12 01:45:03 vodka kernel: ata6: \u003cATA channel 4\u003e on atapci1\nAug 12 01:45:03 vodka kernel: ata6: SATA connect status=00000000\nAug 12 01:45:03 vodka kernel: ata6: [MPSAFE]\nAug 12 01:45:03 vodka kernel: ata6: [ITHREAD]\nAug 12 01:45:03 vodka kernel: ata7: \u003cATA channel 5\u003e on atapci1\nAug 12 01:45:03 vodka kernel: ata7: SATA connect time=0ms\nAug 12 01:45:03 vodka kernel: ata7: reset tp1 mask=01 ostat0=50 ostat1=00\nAug 12 01:45:03 vodka kernel: ata7: stat0=0x50 err=0x01 lsb=0x00 msb=0x00\nAug 12 01:45:03 vodka kernel: ata7: reset tp2 stat0=50 stat1=00 \ndevices=0x1\u003cATA_MASTER\u003e\nAug 12 01:45:03 vodka kernel: ata7: [MPSAFE]\nAug 12 01:45:03 vodka kernel: ata7: [ITHREAD]\nAug 12 01:45:03 vodka kernel: ata8: \u003cATA channel 6\u003e on atapci1\nAug 12 01:45:03 vodka kernel: ata8: SATA connect status=00000000\nAug 12 01:45:03 vodka kernel: ata8: [MPSAFE]\nAug 12 01:45:03 vodka kernel: ata8: [ITHREAD]\nAug 12 01:45:03 vodka kernel: ata9: \u003cATA channel 7\u003e on atapci1\nAug 12 01:45:03 vodka kernel: ata9: SATA connect status=00000000\nAug 12 01:45:03 vodka kernel: ata9: [MPSAFE]\nAug 12 01:45:03 vodka kernel: ata9: [ITHREAD]\nAug 12 01:45:03 vodka kernel: pci0:0:9:0: bad VPD cksum, remain 12\nAug 12 01:45:03 vodka kernel: bge0: \u003cNetXtreme 1000SX Ethernet Adapter, ASIC \nrev. 0x1002\u003e mem 0xf2800000-0xf280ffff irq 17 at device 9.0 on pci0\nAug 12 01:45:03 vodka kernel: bge0: Reserved 0x10000 bytes for rid 0x10 type \n3 at 0xf2800000\nAug 12 01:45:03 vodka kernel: bge0: CHIP ID 0x10020000; ASIC REV 0x01; CHIP \nREV 0x10; PCI\nAug 12 01:45:03 vodka kernel: bge0: bpf attached\nAug 12 01:45:03 vodka kernel: bge0: Ethernet address: 00:10:18:00:e1:be\nAug 12 01:45:03 vodka kernel: ioapic0: routing intpin 17 (PCI IRQ 17) to \nvector 51\nAug 12 01:45:03 vodka kernel: bge0: [MPSAFE]\nAug 12 01:45:03 vodka kernel: bge0: [ITHREAD]\nAug 12 01:45:03 vodka kernel: pcib2: \u003cMPTable PCI-PCI bridge\u003e at device 16.0 \non pci0\nAug 12 01:45:03 vodka kernel: pcib2:   domain            0\nAug 12 01:45:03 vodka kernel: pcib2:   secondary bus     2\nAug 12 01:45:03 vodka kernel: pcib2:   subordinate bus   2\nAug 12 01:45:03 vodka kernel: pcib2:   I/O decode        0xa000-0xafff\nAug 12 01:45:03 vodka kernel: pcib2:   memory decode \n0xf1800000-0xf27fffff\nAug 12 01:45:03 vodka kernel: pcib2:   prefetched decode \n0xf7600000-0xf76fffff\nAug 12 01:45:03 vodka kernel: pci2: \u003cPCI bus\u003e on pcib2\nAug 12 01:45:03 vodka kernel: pci2: domain=0, physical bus=2\nAug 12 01:45:03 vodka kernel: found-\u003e   vendor=0x10ec, dev=0x8169, \nrevid=0x10\nAug 12 01:45:03 vodka kernel: domain=0, bus=2, slot=8, func=0\nAug 12 01:45:03 vodka kernel: class=02-00-00, hdrtype=0x00, mfdev=0\nAug 12 01:45:03 vodka kernel: cmdreg=0x0017, statreg=0x02b0, cachelnsz=8 \n(dwords)\nAug 12 01:45:03 vodka kernel: lattimer=0x20 (960 ns), mingnt=0x20 (8000 ns), \nmaxlat=0x40 (16000 ns)\nAug 12 01:45:03 vodka kernel: intpin=a, irq=12\nAug 12 01:45:03 vodka kernel: powerspec 2  supports D0 D1 D2 D3  current D0\nAug 12 01:45:03 vodka kernel: map[10]: type I/O Port, range 32, base 0xa800, \nsize  8, enabled\nAug 12 01:45:03 vodka kernel: pcib2: requested I/O range 0xa800-0xa8ff: in \nrange\nAug 12 01:45:03 vodka kernel: map[14]: type Memory, range 32, base \n0xf1800000, size  8, enabled\nAug 12 01:45:03 vodka kernel: pcib2: requested memory range \n0xf1800000-0xf18000ff: good\nAug 12 01:45:03 vodka kernel: pcib2: slot 8 INTA routed to irq 19\nAug 12 01:45:03 vodka kernel: re0: \u003cRealTek \n8169/8169S/8169SB(L)/8110S/8110SB(L) Gigabit Ethernet\u003e port 0xa800-0xa8ff \nmem 0xf1800000-0xf18000ff irq 19 at device 8.0 on pci2\nAug 12 01:45:03 vodka kernel: re0: Reserved 0x100 bytes for rid 0x14 type 3 \nat 0xf1800000\nAug 12 01:45:03 vodka kernel: re0: Chip rev. 0x04000000\nAug 12 01:45:03 vodka kernel: re0: MAC rev. 0x00000000\nAug 12 01:45:03 vodka kernel: miibus0: \u003cMII bus\u003e on re0\nAug 12 01:45:03 vodka kernel: rgephy0: \u003cRTL8169S/8110S/8211B media \ninterface\u003e PHY 1 on miibus0\nAug 12 01:45:03 vodka kernel: rgephy0:  10baseT, 10baseT-FDX, 100baseTX, \n100baseTX-FDX, 1000baseT, 1000baseT-FDX, auto\nAug 12 01:45:03 vodka kernel: re0: bpf attached\nAug 12 01:45:03 vodka kernel: re0: Ethernet address: 00:18:4d:79:72:65\nAug 12 01:45:03 vodka kernel: ioapic0: routing intpin 19 (PCI IRQ 19) to \nvector 52\nAug 12 01:45:03 vodka kernel: re0: [MPSAFE]\nAug 12 01:45:03 vodka kernel: re0: [FILTER]\nAug 12 01:45:03 vodka kernel: cpu0 on motherboard\nAug 12 01:45:03 vodka kernel: cpu1 on motherboard\nAug 12 01:45:03 vodka kernel: pnpbios: 12 devices, largest 114 bytes\nAug 12 01:45:03 vodka kernel: PNP0700: adding irq mask 0x40\nAug 12 01:45:03 vodka kernel: PNP0700: adding dma mask 0x4\nAug 12 01:45:03 vodka kernel: PNP0700: adding io range 0x3f2-0x3f5, \nsize=0x4, align=0\nAug 12 01:45:03 vodka kernel: pnpbios: handle 4 device ID PNP0700 (0007d041)\nAug 12 01:45:03 vodka kernel: PNP0f13: adding irq mask 0x1000\nAug 12 01:45:03 vodka kernel: pnpbios: handle 5 device ID PNP0f13 (130fd041)\nAug 12 01:45:03 vodka kernel: PNP0c01: adding fixed memory32 range \n0-0x9ffff, size=0xa0000\nAug 12 01:45:03 vodka kernel: PNP0c01: adding fixed memory32 range \n0x100000-0x2fffffff, size=0x2ff00000\nAug 12 01:45:03 vodka kernel: PNP0c01: adding fixed memory32 range \n0xe8000-0xeffff, size=0x8000\nAug 12 01:45:03 vodka kernel: PNP0c01: adding fixed memory32 range \n0xf0000-0xf3fff, size=0x4000\nAug 12 01:45:03 vodka kernel: PNP0c01: adding fixed memory32 range \n0xf4000-0xf7fff, size=0x4000\nAug 12 01:45:03 vodka kernel: PNP0c01: adding fixed memory32 range \n0xf8000-0xfffff, size=0x8000\nAug 12 01:45:03 vodka kernel: PNP0c01: adding fixed memory32 range \n0xd1800-0xd3fff, size=0x2800\nAug 12 01:45:03 vodka kernel: PNP0c01: adding fixed memory32 range \n0xfffe0000-0xffffffff, size=0x20000\nAug 12 01:45:03 vodka kernel: pnpbios: handle 6 device ID PNP0c01 (010cd041)\nAug 12 01:45:03 vodka kernel: PNP0100: adding irq mask 0x1\nAug 12 01:45:03 vodka kernel: PNP0100: adding io range 0x40-0x43, size=0x4, \nalign=0\nAug 12 01:45:03 vodka kernel: pnpbios: handle 8 device ID PNP0100 (0001d041)\nAug 12 01:45:03 vodka kernel: PNP0b00: adding irq mask 0x100\nAug 12 01:45:03 vodka kernel: PNP0b00: adding io range 0x70-0x75, size=0x6, \nalign=0\nAug 12 01:45:03 vodka kernel: pnpbios: handle 9 device ID PNP0b00 (000bd041)\nAug 12 01:45:03 vodka kernel: PNP0303: adding irq mask 0x2\nAug 12 01:45:03 vodka kernel: PNP0303: adding io range 0x60-0x60, size=0x1, \nalign=0\nAug 12 01:45:03 vodka kernel: PNP0303: adding io range 0x64-0x64, size=0x1, \nalign=0\nAug 12 01:45:03 vodka kernel: pnpbios: handle 10 device ID PNP0303 \n(0303d041)\nAug 12 01:45:03 vodka kernel: PNP0c04: adding irq mask 0x2000\nAug 12 01:45:03 vodka kernel: PNP0c04: adding io range 0xf0-0xf0, size=0x1, \nalign=0\nAug 12 01:45:03 vodka kernel: pnpbios: handle 11 device ID PNP0c04 \n(040cd041)\nAug 12 01:45:03 vodka kernel: PNP0200: adding dma mask 0x10\nAug 12 01:45:03 vodka kernel: PNP0200: adding io range 0-0xf, size=0x10, \nalign=0\nAug 12 01:45:03 vodka kernel: PNP0200: adding io range 0x80-0x90, size=0x11, \nalign=0\nAug 12 01:45:03 vodka kernel: PNP0200: adding io range 0x94-0x9f, size=0xc, \nalign=0\nAug 12 01:45:03 vodka kernel: PNP0200: adding io range 0xc0-0xde, size=0x1f, \nalign=0\nAug 12 01:45:03 vodka kernel: pnpbios: handle 12 device ID PNP0200 \n(0002d041)\nAug 12 01:45:03 vodka kernel: PNP0800: adding io range 0x61-0x61, size=0x1, \nalign=0x1\nAug 12 01:45:03 vodka kernel: pnpbios: handle 13 device ID PNP0800 \n(0008d041)\nAug 12 01:45:03 vodka kernel: PNP0a03: adding io range 0xcf8-0xcff, \nsize=0x8, align=0\nAug 12 01:45:03 vodka kernel: pnpbios: handle 14 device ID PNP0a03 \n(030ad041)\nAug 12 01:45:03 vodka kernel: PNP0c02: adding io range 0xe400-0xe47f, \nsize=0x80, align=0\nAug 12 01:45:03 vodka kernel: PNP0c02: adding io range 0xe4e0-0xe4ff, \nsize=0x20, align=0\nAug 12 01:45:03 vodka kernel: pnpbios: handle 15 device ID PNP0c02 \n(020cd041)\nAug 12 01:45:03 vodka kernel: ata: ata0 already exists; skipping it\nAug 12 01:45:03 vodka kernel: ata: ata1 already exists; skipping it\nAug 12 01:45:03 vodka kernel: pnp_identify: Trying Read_Port at 203\nAug 12 01:45:03 vodka kernel: pnp_identify: Trying Read_Port at 243\nAug 12 01:45:03 vodka kernel: pnp_identify: Trying Read_Port at 283\nAug 12 01:45:03 vodka kernel: pnp_identify: Trying Read_Port at 2c3\nAug 12 01:45:03 vodka kernel: pnp_identify: Trying Read_Port at 303\nAug 12 01:45:03 vodka kernel: pnp_identify: Trying Read_Port at 343\nAug 12 01:45:03 vodka kernel: pnp_identify: Trying Read_Port at 383\nAug 12 01:45:03 vodka kernel: pnp_identify: Trying Read_Port at 3c3\nAug 12 01:45:03 vodka kernel: PNP Identify complete\nAug 12 01:45:03 vodka kernel: sc: sc0 already exists; skipping it\nAug 12 01:45:03 vodka kernel: vga: vga0 already exists; skipping it\nAug 12 01:45:03 vodka kernel: isa_probe_children: disabling PnP devices\nAug 12 01:45:03 vodka kernel: isa_probe_children: probing non-PnP devices\nAug 12 01:45:03 vodka kernel: pmtimer0 on isa0\nAug 12 01:45:03 vodka kernel: orm0: \u003cISA Option ROMs\u003e at iomem \n0xc0000-0xc7fff,0xc8000-0xce7ff,0xd0000-0xd17ff pnpid ORM0000 on isa0\nAug 12 01:45:03 vodka kernel: adv0: not probed (disabled)\nAug 12 01:45:03 vodka kernel: aha0: not probed (disabled)\nAug 12 01:45:03 vodka kernel: aic0: not probed (disabled)\nAug 12 01:45:03 vodka kernel: atkbdc0: \u003cKeyboard controller (i8042)\u003e at port \n0x60,0x64 on isa0\nAug 12 01:45:03 vodka kernel: atkbd0: \u003cAT Keyboard\u003e irq 1 on atkbdc0\nAug 12 01:45:03 vodka kernel: atkbd: the current kbd controller command byte \n0065\nAug 12 01:45:03 vodka kernel: atkbd: keyboard ID 0x41ab (2)\nAug 12 01:45:03 vodka kernel: kbd0 at atkbd0\nAug 12 01:45:03 vodka kernel: kbd0: atkbd0, AT 101/102 (2), config:0x0, \nflags:0x3d0000\nAug 12 01:45:03 vodka kernel: ioapic0: routing intpin 1 (ISA IRQ 1) to \nvector 53\nAug 12 01:45:03 vodka kernel: atkbd0: [GIANT-LOCKED]\nAug 12 01:45:03 vodka kernel: atkbd0: [ITHREAD]\nAug 12 01:45:03 vodka kernel: bt0: not probed (disabled)\nAug 12 01:45:03 vodka kernel: cs0: not probed (disabled)\nAug 12 01:45:03 vodka kernel: ed0: not probed (disabled)\nAug 12 01:45:03 vodka kernel: fdc0: ic_type 90 part_id 80\nAug 12 01:45:03 vodka kernel: fdc0: \u003cEnhanced floppy controller\u003e at port \n0x3f0-0x3f5,0x3f7 irq 6 drq 2 on isa0\nAug 12 01:45:03 vodka kernel: fdc0: ic_type 90 part_id 80\nAug 12 01:45:03 vodka kernel: ioapic0: routing intpin 6 (ISA IRQ 6) to \nvector 54\nAug 12 01:45:03 vodka kernel: fdc0: [FILTER]\nAug 12 01:45:03 vodka kernel: fe0: not probed (disabled)\nAug 12 01:45:03 vodka kernel: ie0: not probed (disabled)\nAug 12 01:45:03 vodka kernel: le0: not probed (disabled)\nAug 12 01:45:03 vodka kernel: ppc0: parallel port not found.\nAug 12 01:45:03 vodka kernel: ppc0: \u003cParallel port\u003e failed to probe at irq 7 \non isa0\nAug 12 01:45:03 vodka kernel: sc0: \u003cSystem console\u003e at flags 0x100 on isa0\nAug 12 01:45:03 vodka kernel: sc0: VGA \u003c16 virtual consoles, flags=0x300\u003e\nAug 12 01:45:03 vodka kernel: sc0: fb0, kbd1, terminal emulator: sc (syscons \nterminal)\nAug 12 01:45:03 vodka kernel: sio0: irq maps: 0x4003 0x4013 0x4003 0x4003\nAug 12 01:45:03 vodka kernel: sio0: irq maps: 0x4003 0x4013 0x4003 0x4003\nAug 12 01:45:03 vodka kernel: sio0 at port 0x3f8-0x3ff irq 4 flags 0x10 on \nisa0\nAug 12 01:45:03 vodka kernel: sio0: type 16550A\nAug 12 01:45:03 vodka kernel: ioapic0: routing intpin 4 (ISA IRQ 4) to \nvector 55\nAug 12 01:45:03 vodka kernel: sio0: [FILTER]\nAug 12 01:45:03 vodka kernel: sio1: configured irq 3 not in bitmap of probed \nirqs 0\nAug 12 01:45:03 vodka kernel: sio1: port may not be enabled\nAug 12 01:45:03 vodka kernel: sio1: irq maps: 0x4003 0x4003 0x4003 0x4003\nAug 12 01:45:03 vodka kernel: sio1: probe failed test(s): 0 1 2 4 6 7 9\nAug 12 01:45:03 vodka kernel: sio1 failed to probe at port 0x2f8-0x2ff irq 3 \non isa0\nAug 12 01:45:03 vodka kernel: sio2: not probed (disabled)\nAug 12 01:45:03 vodka kernel: sio3: not probed (disabled)\nAug 12 01:45:03 vodka kernel: sn0: not probed (disabled)\nAug 12 01:45:03 vodka kernel: vga0: \u003cGeneric ISA VGA\u003e at port 0x3c0-0x3df \niomem 0xa0000-0xbffff on isa0\nAug 12 01:45:03 vodka kernel: vt0: not probed (disabled)\nAug 12 01:45:03 vodka kernel: isa_probe_children: probing PnP devices\nAug 12 01:45:03 vodka kernel: unknown: \u003cPNP0700\u003e can't assign resources \n(port)\nAug 12 01:45:03 vodka kernel: unknown: \u003cPNP0700\u003e at port 0x3f2-0x3f5 pnpid \nPNP0700 on isa0\nAug 12 01:45:03 vodka kernel: unknown: \u003cPNP0f13\u003e failed to probe at irq 12 \npnpid PNP0f13 on isa0\nAug 12 01:45:03 vodka kernel: unknown: \u003cPNP0c01\u003e can't assign resources \n(memory)\nAug 12 01:45:03 vodka kernel: unknown: \u003cPNP0c01\u003e at iomem 0-0x9ffff pnpid \nPNP0c01 on isa0\nAug 12 01:45:03 vodka kernel: unknown: \u003cPNP0303\u003e can't assign resources \n(port)\nAug 12 01:45:03 vodka kernel: unknown: \u003cPNP0303\u003e at port 0x60 pnpid PNP0303 \non isa0\nAug 12 01:45:03 vodka kernel: unknown: \u003cPNP0800\u003e failed to probe at port \n0x61 pnpid PNP0800 on isa0\nAug 12 01:45:03 vodka kernel: unknown: \u003cPNP0c02\u003e can't assign resources \n(port)\nAug 12 01:45:03 vodka kernel: unknown: \u003cPNP0c02\u003e at port \n0xe400-0xe47f,0xe4e0-0xe4ff pnpid PNP0c02 on isa0\nAug 12 01:45:03 vodka kernel: Device configuration finished.\nAug 12 01:45:03 vodka kernel: procfs registered\nAug 12 01:45:03 vodka kernel: lapic: Divisor 2, Frequency 133339309 hz\nAug 12 01:45:03 vodka kernel: Timecounter \"TSC\" frequency 1666740905 Hz \nquality -100\nAug 12 01:45:03 vodka kernel: Timecounters tick every 1.000 msec\nAug 12 01:45:03 vodka kernel: ipfw2 (+ipv6) initialized, divert loadable, \nnat loadable, rule-based forwarding disabled, default to deny, logging \nunlimited\nAug 12 01:45:03 vodka kernel: lo0: bpf attached\nAug 12 01:45:03 vodka kernel: DUMMYNET with IPv6 initialized (040826)\nAug 12 01:45:03 vodka kernel: ata0-master: pio=PIO4 wdma=WDMA2 \nudma=UNSUPPORTED cable=40 wire\nAug 12 01:45:03 vodka kernel: ad0: setting PIO4 on 768 chip\nAug 12 01:45:03 vodka kernel: ad0: setting WDMA2 on 768 chip\nAug 12 01:45:03 vodka kernel: ad0: 15488MB \u003cSMI MODEL 20071116\u003e at \nata0-master WDMA2\nAug 12 01:45:03 vodka kernel: ad0: 31719424 sectors [33565C/15H/63S] 1 \nsectors/interrupt 1 depth queue\nAug 12 01:45:03 vodka kernel: GEOM: new disk ad0\nAug 12 01:45:03 vodka kernel: ad0: FAILURE - READ_DMA \nstatus=51\u003cREADY,DSC,ERROR\u003e error=10\u003cNID_NOT_FOUND\u003e LBA=31719407\nAug 12 01:45:03 vodka kernel: ad0: Adaptec read metadata failedad0: \nFAILURE - READ_DMA status=51\u003cREA\nAug 12 01:45:03 vodka kernel: DY,DSC,ERROR\u003e error=10\u003cNID_NOT_FOUND\u003e LBA=ad0: \nFAILURE - READ_DMA status=51\u003cREADY,DSC,ERROR\u003e error=10\u003cNID_NOT_FOUND\u003e \nLBA=31719420\nAug 12 01:45:03 vodka kernel: 31719423\nAug 12 01:45:03 vodka kernel: ad0: LSI (v3) read metadata failed\nAug 12 01:45:03 vodka kernel: ad0: FAILURE - READ_DMA \nstatus=51\u003cREADY,DSC,ERROR\u003e error=10\u003cNID_NOT_FOUND\u003e LBA=31719423\nAug 12 01:45:03 vodka kernel: ad0: LSI (v2) read metadata failed\nAug 12 01:45:03 vodka kernel: ad0: FAILURE - READ_DMA \nstatus=51\u003cREADY,DSC,ERROR\u003e error=10\u003cNID_NOT_FOUND\u003e LBA=31719423\nAug 12 01:45:03 vodka kernel: ad0: DDF read metadata failedad0: FAILURE - \nREAD_DMA status=51\u003cREADY,DSC,ERROR\u003e error=10\u003cNID_NOT_FOUND\u003e LBA=31719423\nAug 12 01:45:03 vodka kernel:\nAug 12 01:45:03 vodka kernel: ad0: FreeBSD check1 failed\nAug 12 01:45:03 vodka kernel: ata2-master: pio=PIO4 wdma=WDMA2 udma=UDMA133 \ncable=40 wire\nAug 12 01:45:03 vodka kernel: ad4: 476940MB \u003cHitachi HDP725050GLA360 \nGM4OA5CA\u003e at ata2-master SATA300\nAug 12 01:45:03 vodka kernel: ad4: 976773168 sectors [969021C/16H/63S] 16 \nsectors/interrupt 1 depth queue\nAug 12 01:45:03 vodka kernel: ad0: FAILURE - READ_DMA \nstatus=51\u003cREADY,DSC,ERROR\u003e error=10\u003cNID_NOT_FOUND\u003e LBA=31719423\nAug 12 01:45:03 vodka kernel: ad0: FAILURE - READ_DMA \nstatus=51\u003cREADY,DSC,ERROR\u003e error=10\u003cNID_NOT_FOUND\u003e LBA=31719423\nAug 12 01:45:03 vodka kernel: GEOM: new disk ad4\nAug 12 01:45:03 vodka kernel: ad4: Adaptec check1 failed\nAug 12 01:45:03 vodka kernel: ad4: LSI (v3) check1 failed\nAug 12 01:45:03 vodka kernel: ad4: LSI (v2) check1 failed\nAug 12 01:45:03 vodka kernel: ad4: FreeBSD check1 failed\nAug 12 01:45:03 vodka kernel: ata3-master: pio=PIO4 wdma=WDMA2 udma=UDMA133 \ncable=40 wire\nAug 12 01:45:03 vodka kernel: ad6: 953869MB \u003cWDC WD10EACS-00D6B0 01.01A01\u003e \nat ata3-master SATA300\nAug 12 01:45:03 vodka kernel: ad6: 1953525168 sectors [1938021C/16H/63S] 16 \nsectors/interrupt 1 depth queue\nAug 12 01:45:03 vodka kernel: GEOM_LABEL: Label for provider ad0s1a is \nufsid/4881cfcd07c939dd.\nAug 12 01:45:03 vodka kernel: GEOM_LABEL: Label for provider ad0s1d is \nufsid/4881cfd849fd876a.\nAug 12 01:45:03 vodka kernel: GEOM_LABEL: Label for provider ad0s1e is \nufsid/4881cfce65e622ae.\nAug 12 01:45:03 vodka kernel: GEOM_LABEL: Label for provider ad0s1f is \nufsid/4881cfcf6df73903.\nAug 12 01:45:03 vodka kernel: GEOM: new disk ad6\nAug 12 01:45:03 vodka kernel: ad6: Adaptec check1 failed\nAug 12 01:45:03 vodka kernel: ad6: LSI (v3) check1 failed\nAug 12 01:45:03 vodka kernel: ad6: LSI (v2) check1 failed\nAug 12 01:45:03 vodka kernel: ad6: FreeBSD check1 failed\nAug 12 01:45:03 vodka kernel: ata4-master: pio=PIO4 wdma=WDMA2 udma=UDMA133 \ncable=40 wire\nAug 12 01:45:03 vodka kernel: ad8: 476940MB \u003cHitachi HDP725050GLA360 \nGM4OA5CA\u003e at ata4-master SATA300\nAug 12 01:45:03 vodka kernel: ad8: 976773168 sectors [969021C/16H/63S] 16 \nsectors/interrupt 1 depth queue\nAug 12 01:45:03 vodka kernel: GEOM: new disk ad8\nAug 12 01:45:03 vodka kernel: ad8: Adaptec check1 failed\nAug 12 01:45:03 vodka kernel: GEOM_MIRROR: Device mirror/raid0 launched \n(2/2).\nAug 12 01:45:03 vodka kernel: ad8: LSI (v3) check1 failed\nAug 12 01:45:03 vodka kernel: ad8: LSI (v2) check1 failed\nAug 12 01:45:03 vodka kernel: ad8: FreeBSD check1 failed\nAug 12 01:45:03 vodka kernel: ata5-master: pio=PIO4 wdma=WDMA2 udma=UDMA133 \ncable=40 wire\nAug 12 01:45:03 vodka kernel: ad10: 238475MB \u003cHitachi HDT725025VLA380 \nV5DOA7EA\u003e at ata5-master SATA300\nAug 12 01:45:03 vodka kernel: ad10: 488397168 sectors [484521C/16H/63S] 16 \nsectors/interrupt 1 depth queue\nAug 12 01:45:03 vodka kernel: ad10: Adaptec check1 failed\nAug 12 01:45:03 vodka kernel: ad10: LSI (v3) check1 failed\nAug 12 01:45:03 vodka kernel: ad10: LSI (v2) check1 failed\nAug 12 01:45:03 vodka kernel: ad10: FreeBSD check1 failed\nAug 12 01:45:03 vodka kernel: ata7-master: pio=PIO4 wdma=WDMA2 udma=UDMA133 \ncable=40 wire\nAug 12 01:45:03 vodka kernel: ad14: 476940MB \u003cHitachi HDP725050GLA360 \nGM4OA52A\u003e at ata7-master SATA300\nAug 12 01:45:03 vodka kernel: ad14: 976773168 sectors [969021C/16H/63S] 16 \nsectors/interrupt 1 depth queue\nAug 12 01:45:03 vodka kernel: GEOM: new disk ad10\nAug 12 01:45:03 vodka kernel: GEOM: new disk ad14\nAug 12 01:45:03 vodka kernel: ad14: Adaptec check1 failed\nAug 12 01:45:03 vodka kernel: ad14: LSI (v3) check1 failed\nAug 12 01:45:03 vodka kernel: ad14: LSI (v2) check1 failed\nAug 12 01:45:03 vodka kernel: ad14: FreeBSD check1 failed\nAug 12 01:45:03 vodka kernel: ATA PseudoRAID loaded\nAug 12 01:45:03 vodka kernel: SMP: AP CPU #1 Launched!\nAug 12 01:45:03 vodka kernel: cpu1 AP:\nAug 12 01:45:03 vodka kernel: ID: 0x01000000   VER: 0x00040010 LDR: \n0x00000000 DFR: 0xffffffff\nAug 12 01:45:03 vodka kernel: lint0: 0x00010700 lint1: 0x00000400 TPR: \n0x00000000 SVR: 0x000001ff\nAug 12 01:45:03 vodka kernel: timer: 0x000200ef therm: 0x00000000 err: \n0x00010000 pcm: 0x00010000\nAug 12 01:45:03 vodka kernel: ioapic0: Assigning ISA IRQ 1 to local APIC 0\nAug 12 01:45:03 vodka kernel: ioapic0: Assigning ISA IRQ 4 to local APIC 1\nAug 12 01:45:03 vodka kernel: ioapic0: Assigning ISA IRQ 6 to local APIC 0\nAug 12 01:45:03 vodka kernel: ioapic0: Assigning ISA IRQ 14 to local APIC 1\nAug 12 01:45:03 vodka kernel: ioapic0: Assigning ISA IRQ 15 to local APIC 0\nAug 12 01:45:03 vodka kernel: ioapic0: Assigning PCI IRQ 16 to local APIC 1\nAug 12 01:45:03 vodka kernel: ioapic0: Assigning PCI IRQ 17 to local APIC 0\nAug 12 01:45:03 vodka kernel: ioapic0: Assigning PCI IRQ 19 to local APIC 1\nAug 12 01:45:03 vodka kernel: GEOM_LABEL: Label for provider ad14s1d is \nufsid/4881fa36fb04d0ca.\nAug 12 01:45:03 vodka kernel: Trying to mount root from ufs:/dev/ad0s1a\nAug 12 01:45:03 vodka kernel: start_init: trying /sbin/init\nAug 12 01:45:03 vodka kernel: GEOM_LABEL: Label ufsid/4881cfcd07c939dd \nremoved.\nAug 12 01:45:03 vodka kernel: GEOM_LABEL: Label for provider ad0s1a is \nufsid/4881cfcd07c939dd.\nAug 12 01:45:03 vodka kernel: GEOM_LABEL: Label ufsid/4881cfce65e622ae \nremoved.\nAug 12 01:45:03 vodka kernel: GEOM_LABEL: Label for provider ad0s1e is \nufsid/4881cfce65e622ae.\nAug 12 01:45:03 vodka kernel: GEOM_LABEL: Label ufsid/4881fa36fb04d0ca \nremoved.\nAug 12 01:45:03 vodka kernel: GEOM_LABEL: Label for provider ad14s1d is \nufsid/4881fa36fb04d0ca.\nAug 12 01:45:03 vodka kernel: GEOM_LABEL: Label ufsid/4881cfcf6df73903 \nremoved.\nAug 12 01:45:03 vodka kernel: GEOM_LABEL: Label for provider ad0s1f is \nufsid/4881cfcf6df73903.\nAug 12 01:45:03 vodka kernel: GEOM_LABEL: Label ufsid/4881cfd849fd876a \nremoved.\nAug 12 01:45:03 vodka kernel: GEOM_LABEL: Label for provider ad0s1d is \nufsid/4881cfd849fd876a.\nAug 12 01:45:03 vodka kernel: GEOM_LABEL: Label ufsid/4881cfcd07c939dd \nremoved.\nAug 12 01:45:03 vodka kernel: GEOM_LABEL: Label ufsid/4881cfce65e622ae \nremoved.\nAug 12 01:45:03 vodka kernel: GEOM_LABEL: Label ufsid/4881cfcf6df73903 \nremoved.\nAug 12 01:45:03 vodka kernel: GEOM_LABEL: Label ufsid/4881cfd849fd876a \nremoved.\nAug 12 01:45:03 vodka kernel: GEOM_LABEL: Label ufsid/4881fa36fb04d0ca \nremoved.\nAug 12 01:45:03 vodka savecore: no dumps found\nAug 12 01:45:08 vodka kernel: re0: link state changed to UP\n--"
}