{
 "id": 664050,
 "bug_id": 167685,
 "attachment_id": 0,
 "creation_time": "2012-05-07T15:30:11Z",
 "creator": "freebsd@wagsky.com",
 "text": "Installing 9.0-RELEASE on a UFS filesystem then creating a ZFS filesystem on a USB drive causes no evident problems. However, after upgrading to 9.0-STABLE the machine will not shutdown or reboot, getting \"stuck\" apparently trying to shut down the USB controller.\n\nIMPACT -- Cannot reboot or shutdown machine without physical access to manually reset or power-down\n\nCan be replicated on a \"stock\" install and with a memory card (spare 2GB SD used) in a reader (Elago used) in the USB port (Intel Atom 330 CPU and ICH7 chipset). Nothing has been added to the ZFS filesystem, just creating it using zpool is sufficient.\n\nAlso reported as far back as February 11th, 2012 at http://forums.freebsd.org/showthread.php?t=29700 on different hardware and with ZFS root.\n\nNote that this does *not* require ZFS root, only that there be a ZFS filesystem on USB. I have seen this on three machines here, including both with i686 and amd64 architectures.\n\nHow-To-Repeat: Fresh install of 9.0-RELEASE off FreeBSD-9.0-RELEASE-amd64-memstick.img\nSet hostname\nDecline custom keyboard map\nSelect default distributions + src\n* games\n* lib32\n* ports\n* src\nGuided partitioning tool, accept defaults offerred\nObserve base,txz, kernel.txz, games.txz, lib32.txz, ports.txz, src.txz install\nSet root password\nConfigure IPv4 static for Class C private network and its gateway\nConfigure resolv.conf to point at DNS on local network\nTimezone; CMOS set to UTC, PDT zone selected\nServices, only default sshd\nEnable crash dumps\nAdd user 'jeff'\nApply configuration and exit\nDecline making manual changes\nReboot\n\nFirst boot:\n\nAdd jeff to wheel\nssh in and...\n\n2 GB SD card in USB reader appears as /dev/da0\n# dd if=/dev/zero of=/dev/da0 bs=64k\n\n* stick in and zeroed -- reboots fine\n\n* zfs_enable=\"YES\" -- reboots fine\n\n# zpool create stick /dev/da0\n# reboot now\n\nReboots fine\n\n# uname -a\nFreeBSD usb.wagsky.com 9.0-RELEASE FreeBSD 9.0-RELEASE #0: Tue Jan  3 07:46:30 UTC 2012     root@farrell.cse.buffalo.edu:/usr/obj/usr/src/sys/GENERIC  amd64\n\n#####\n##### Confirmed -- OK on \"stock\" 9.0-RELEASE\n#####\n\nCopy /boot/kernel to /boot/GENERIC-RELEASE\n\nMake world using distributed sources (2012-05-06-1325) \nMake GENERIC kernel using distributed sources (2012-05-06-1833)\n\nInstall as per http://www.freebsd.org/doc/en_US.ISO8859-1/books/handbook/makeworld.html 25.7.1 The Canonical Way to Update Your System\n\nReboot to single -- OK\n\nOnly thing that was reported as different in mergemaster was MOTD, left original\n\nReboot to live (no ZFS mounted)\n\nFreeBSD usb.wagsky.com 9.0-RELEASE FreeBSD 9.0-RELEASE #0: Sun May  6 18:58:31 PDT 2012     jeff@usb.wagsky.com:/usr/obj/usr/src/sys/GENERIC  amd64\n\nReboot after boot -- OK\n\n#####\n##### Confirmed -- OK on \"home-built\" 9.0-RELEASE\n#####\n\npkg_add -r cvsup-without-gui\n\ncvsup -h cvsup7.freebsd.org /usr/share/examples/cvsup/stable-supfile\n\nrun it again, just to make sure no missed commits -- Sun May  6 19:58:37 PDT 2012\n\nbuildworld, buildkernel, installkernel (GENERIC)\n\n#####\n##### FAILS -- with just new kernel\n#####\n\n(kernel alone tested as there have been many changes in /etc/rc.d/ and I wanted to see if it could be replicated without the changes)\n\ninstallworld, mergemaster\n\n#####\n##### FAILS -- with completed upgrade\n#####\n\nLog output of shutdown/boot cycle (note that reset button or power switch is required to complete shutdown/reboot process)\n\nMay  7 07:10:23 usb reboot: rebooted by jeff\nMay  7 07:10:23 usb syslogd: exiting on signal 15\nMay  7 07:11:36 usb syslogd: kernel boot file is /boot/kernel/kernel\nMay  7 07:11:36 usb kernel: Waiting (max 60 seconds) for system process `vnlru' to stop...done\nMay  7 07:11:36 usb kernel: Waiting (max 60 seconds) for system process `bufdaemon' to stop...done\nMay  7 07:11:36 usb kernel: Waiting (max 60 seconds) for system process `syncer' to stop...\nMay  7 07:11:36 usb kernel: Syncing disks, vnodes remaining...1 1 0 done\nMay  7 07:11:36 usb kernel: All buffers synced.\nMay  7 07:11:36 usb kernel: Uptime: 2m23s\nMay  7 07:11:36 usb kernel: usbus0: Controller shutdown\nMay  7 07:11:36 usb kernel: uhub0: at usbus0, port 1, addr 1 (disconnected)\nMay  7 07:11:36 usb kernel: usbus0: Controller shutdown complete\nMay  7 07:11:36 usb kernel: usbus1: Controller shutdown\nMay  7 07:11:36 usb kernel: uhub1: at usbus1, port 1, addr 1 (disconnected)\nMay  7 07:11:36 usb kernel: usbus1: Controller shutdown complete\nMay  7 07:11:36 usb kernel: usbus2: Controller shutdown\nMay  7 07:11:36 usb kernel: uhub2: at usbus2, port 1, addr 1 (disconnected)\nMay  7 07:11:36 usb kernel: usbus2: Controller shutdown complete\nMay  7 07:11:36 usb kernel: usbus3: Controller shutdown\nMay  7 07:11:36 usb kernel: uhub3: at usbus3, port 1, addr 1 (disconnected)\nMay  7 07:11:36 usb kernel: usbus3: Controller shutdown complete\nMay  7 07:11:36 usb kernel: usbus4: Controller shutdown\n\n#####\n##### -- Manual use of reset or power switch required here to complete\n#####\n\nMay  7 07:11:36 usb kernel: Copyright (c) 1992-2012 The FreeBSD Project.\nMay  7 07:11:36 usb kernel: Copyright (c) 1979, 1980, 1983, 1986, 1988, 1989, 1991, 1992, 1993, 1994\nMay  7 07:11:36 usb kernel: The Regents of the University of California. All rights reserved.\nMay  7 07:11:36 usb kernel: FreeBSD is a registered trademark of The FreeBSD Foundation.\nMay  7 07:11:36 usb kernel: FreeBSD 9.0-STABLE #0: Mon May  7 00:17:49 PDT 2012\nMay  7 07:11:36 usb kernel: jeff@usb.wagsky.com:/usr/obj/usr/src/sys/GENERIC amd64\nMay  7 07:11:36 usb kernel: CPU: Intel(R) Atom(TM) CPU  330   @ 1.60GHz (1600.03-MHz K8-class CPU)\nMay  7 07:11:36 usb kernel: Origin = \"GenuineIntel\"  Id = 0x106c2  Family = 6  Model = 1c  Stepping = 2\nMay  7 07:11:36 usb kernel: Features=0xbfe9fbff\u003cFPU,VME,DE,PSE,TSC,MSR,PAE,MCE,CX8,APIC,SEP,MTRR,PGE,MCA,CMOV,PAT,CLFLUSH,DTS,ACPI,MMX,FXSR,SSE,SSE2,SS,HTT,TM,PBE\u003e\nMay  7 07:11:36 usb kernel: Features2=0x40e31d\u003cSSE3,DTES64,MON,DS_CPL,TM2,SSSE3,CX16,xTPR,PDCM,MOVBE\u003e\nMay  7 07:11:36 usb kernel: AMD Features=0x20100800\u003cSYSCALL,NX,LM\u003e\nMay  7 07:11:36 usb kernel: AMD Features2=0x1\u003cLAHF\u003e\nMay  7 07:11:36 usb kernel: TSC: P-state invariant, performance statistics\nMay  7 07:11:36 usb kernel: real memory  = 2147483648 (2048 MB)\nMay  7 07:11:36 usb kernel: avail memory = 2037760000 (1943 MB)\nMay  7 07:11:36 usb kernel: Event timer \"LAPIC\" quality 400\nMay  7 07:11:36 usb kernel: ACPI APIC Table: \u003cA_M_I_ OEMAPIC \u003e\nMay  7 07:11:36 usb kernel: FreeBSD/SMP: Multiprocessor System Detected: 4 CPUs\nMay  7 07:11:36 usb kernel: FreeBSD/SMP: 1 package(s) x 2 core(s) x 2 HTT threads\nMay  7 07:11:36 usb kernel: cpu0 (BSP): APIC ID:  0\nMay  7 07:11:36 usb kernel: cpu1 (AP/HT): APIC ID:  1\nMay  7 07:11:36 usb kernel: cpu2 (AP): APIC ID:  2\nMay  7 07:11:36 usb kernel: cpu3 (AP/HT): APIC ID:  3\nMay  7 07:11:36 usb kernel: ioapic0: Changing APIC ID to 4\nMay  7 07:11:36 usb kernel: ioapic0 \u003cVersion 2.0\u003e irqs 0-23 on motherboard\nMay  7 07:11:36 usb kernel: kbd1 at kbdmux0\nMay  7 07:11:36 usb kernel: ctl: CAM Target Layer loaded\nMay  7 07:11:36 usb kernel: acpi0: \u003cA_M_I_ OEMXSDT\u003e on motherboard\nMay  7 07:11:36 usb kernel: acpi0: Power Button (fixed)\nMay  7 07:11:36 usb kernel: acpi0: reservation of 0, a0000 (3) failed\nMay  7 07:11:36 usb kernel: acpi0: reservation of 100000, 7f700000 (3) failed\nMay  7 07:11:36 usb kernel: cpu0: \u003cACPI CPU\u003e on acpi0\nMay  7 07:11:36 usb kernel: cpu1: \u003cACPI CPU\u003e on acpi0\nMay  7 07:11:36 usb kernel: cpu2: \u003cACPI CPU\u003e on acpi0\nMay  7 07:11:36 usb kernel: cpu3: \u003cACPI CPU\u003e on acpi0\nMay  7 07:11:36 usb kernel: attimer0: \u003cAT timer\u003e port 0x40-0x43 irq 0 on acpi0\nMay  7 07:11:36 usb kernel: Timecounter \"i8254\" frequency 1193182 Hz quality 0\nMay  7 07:11:36 usb kernel: Event timer \"i8254\" frequency 1193182 Hz quality 100\nMay  7 07:11:36 usb kernel: atrtc0: \u003cAT realtime clock\u003e port 0x70-0x71 irq 8 on acpi0\nMay  7 07:11:36 usb kernel: Event timer \"RTC\" frequency 32768 Hz quality 0\nMay  7 07:11:36 usb kernel: hpet0: \u003cHigh Precision Event Timer\u003e iomem 0xfed00000-0xfed003ff on acpi0\nMay  7 07:11:36 usb kernel: Timecounter \"HPET\" frequency 14318180 Hz quality 950\nMay  7 07:11:36 usb kernel: Event timer \"HPET\" frequency 14318180 Hz quality 450\nMay  7 07:11:36 usb kernel: Event timer \"HPET1\" frequency 14318180 Hz quality 440\nMay  7 07:11:36 usb kernel: Event timer \"HPET2\" frequency 14318180 Hz quality 440\nMay  7 07:11:36 usb kernel: Timecounter \"ACPI-fast\" frequency 3579545 Hz quality 900\nMay  7 07:11:36 usb kernel: acpi_timer0: \u003c24-bit timer at 3.579545MHz\u003e port 0x808-0x80b on acpi0\nMay  7 07:11:36 usb kernel: pcib0: \u003cACPI Host-PCI bridge\u003e port 0xcf8-0xcff on acpi0\nMay  7 07:11:36 usb kernel: pci0: \u003cACPI PCI bus\u003e on pcib0\nMay  7 07:11:36 usb kernel: vgapci0: \u003cVGA-compatible display\u003e port 0xb800-0xb807 mem 0xefd00000-0xefd7ffff,0xd0000000-0xdfffffff,0xefd80000-0xefdbffff irq 16 at device 2.0 on pci0\nMay  7 07:11:36 usb kernel: agp0: \u003cIntel 82945G (945G GMCH) SVGA controller\u003e on vgapci0\nMay  7 07:11:36 usb kernel: agp0: aperture size is 256M, detected 7932k stolen memory\nMay  7 07:11:36 usb kernel: hdac0: \u003cIntel 82801G HDA Controller\u003e mem 0xefdf8000-0xefdfbfff irq 19 at device 27.0 on pci0\nMay  7 07:11:36 usb kernel: pcib1: \u003cACPI PCI-PCI bridge\u003e irq 16 at device 28.0 on pci0\nMay  7 07:11:36 usb kernel: pci3: \u003cACPI PCI bus\u003e on pcib1\nMay  7 07:11:36 usb kernel: pcib2: \u003cACPI PCI-PCI bridge\u003e irq 17 at device 28.1 on pci0\nMay  7 07:11:36 usb kernel: pci2: \u003cACPI PCI bus\u003e on pcib2\nMay  7 07:11:36 usb kernel: re0: \u003cRealTek 8168/8111 B/C/CP/D/DP/E/F PCIe Gigabit Ethernet\u003e port 0xe800-0xe8ff mem 0xeffff000-0xefffffff irq 17 at device 0.0 on pci2\nMay  7 07:11:36 usb kernel: re0: Using 1 MSI message\nMay  7 07:11:36 usb kernel: re0: Chip rev. 0x38000000\nMay  7 07:11:36 usb kernel: re0: MAC rev. 0x00000000\nMay  7 07:11:36 usb kernel: miibus0: \u003cMII bus\u003e on re0\nMay  7 07:11:36 usb kernel: rgephy0: \u003cRTL8169S/8110S/8211 1000BASE-T media interface\u003e PHY 1 on miibus0\nMay  7 07:11:36 usb kernel: rgephy0:  none, 10baseT, 10baseT-FDX, 10baseT-FDX-flow, 100baseTX, 100baseTX-FDX, 100baseTX-FDX-flow, 1000baseT, 1000baseT-master, 1000baseT-FDX, 1000baseT-FDX-master, 1000baseT-FDX-flow, 1000baseT-FDX-flow-master, auto, auto-flow\nMay  7 07:11:36 usb kernel: re0: Ethernet address: 00:26:18:bc:9e:44\nMay  7 07:11:36 usb kernel: uhci0: \u003cIntel 82801G (ICH7) USB controller USB-A\u003e port 0xb880-0xb89f irq 20 at device 29.0 on pci0\nMay  7 07:11:36 usb kernel: uhci0: LegSup = 0x2f00\nMay  7 07:11:36 usb kernel: usbus0 on uhci0\nMay  7 07:11:36 usb kernel: uhci1: \u003cIntel 82801G (ICH7) USB controller USB-B\u003e port 0xbc00-0xbc1f irq 17 at device 29.1 on pci0\nMay  7 07:11:36 usb kernel: uhci1: LegSup = 0x2f00\nMay  7 07:11:36 usb kernel: usbus1 on uhci1\nMay  7 07:11:36 usb kernel: uhci2: \u003cIntel 82801G (ICH7) USB controller USB-C\u003e port 0xc000-0xc01f irq 18 at device 29.2 on pci0\nMay  7 07:11:36 usb kernel: uhci2: LegSup = 0x2f00\nMay  7 07:11:36 usb kernel: usbus2 on uhci2\nMay  7 07:11:36 usb kernel: uhci3: \u003cIntel 82801G (ICH7) USB controller USB-D\u003e port 0xc080-0xc09f irq 19 at device 29.3 on pci0\nMay  7 07:11:36 usb kernel: uhci3: LegSup = 0x2f00\nMay  7 07:11:36 usb kernel: usbus3 on uhci3\nMay  7 07:11:36 usb kernel: ehci0: \u003cIntel 82801GB/R (ICH7) USB 2.0 controller\u003e mem 0xefdffc00-0xefdfffff irq 20 at device 29.7 on pci0\nMay  7 07:11:36 usb kernel: usbus4: EHCI version 1.0\nMay  7 07:11:36 usb kernel: usbus4 on ehci0\nMay  7 07:11:36 usb kernel: pcib3: \u003cACPI PCI-PCI bridge\u003e at device 30.0 on pci0\nMay  7 07:11:36 usb kernel: pci1: \u003cACPI PCI bus\u003e on pcib3\nMay  7 07:11:36 usb kernel: em0: \u003cIntel(R) PRO/1000 Legacy Network Connection 1.0.3\u003e port 0xdc00-0xdc3f mem 0xefee0000-0xefefffff,0xefec0000-0xefedffff irq 17 at device 0.0 on pci1\nMay  7 07:11:36 usb kernel: em0: Ethernet address: 00:1b:21:1d:f4:ec\nMay  7 07:11:36 usb kernel: isab0: \u003cPCI-ISA bridge\u003e at device 31.0 on pci0\nMay  7 07:11:36 usb kernel: isa0: \u003cISA bus\u003e on isab0\nMay  7 07:11:36 usb kernel: atapci0: \u003cIntel ICH7 UDMA100 controller\u003e port 0x1f0-0x1f7,0x3f6,0x170-0x177,0x376,0xffa0-0xffaf at device 31.1 on pci0\nMay  7 07:11:36 usb kernel: ata0: \u003cATA channel\u003e at channel 0 on atapci0\nMay  7 07:11:36 usb kernel: atapci1: \u003cIntel ICH7 SATA300 controller\u003e port 0xcc00-0xcc07,0xc880-0xc883,0xc800-0xc807,0xc480-0xc483,0xc400-0xc40f irq 23 at device 31.2 on pci0\nMay  7 07:11:36 usb kernel: ata2: \u003cATA channel\u003e at channel 0 on atapci1\nMay  7 07:11:36 usb kernel: ata3: \u003cATA channel\u003e at channel 1 on atapci1\nMay  7 07:11:36 usb kernel: pci0: \u003cserial bus, SMBus\u003e at device 31.3 (no driver attached)\nMay  7 07:11:36 usb kernel: acpi_button0: \u003cPower Button\u003e on acpi0\nMay  7 07:11:36 usb kernel: atkbdc0: \u003cKeyboard controller (i8042)\u003e port 0x60,0x64 irq 1 on acpi0\nMay  7 07:11:36 usb kernel: atkbd0: \u003cAT Keyboard\u003e irq 1 on atkbdc0\nMay  7 07:11:36 usb kernel: kbd0 at atkbd0\nMay  7 07:11:36 usb kernel: atkbd0: [GIANT-LOCKED]\nMay  7 07:11:36 usb kernel: psm0: \u003cPS/2 Mouse\u003e irq 12 on atkbdc0\nMay  7 07:11:36 usb kernel: psm0: [GIANT-LOCKED]\nMay  7 07:11:36 usb kernel: psm0: model IntelliMouse Explorer, device ID 4\nMay  7 07:11:36 usb kernel: uart0: \u003c16550 or compatible\u003e port 0x3f8-0x3ff irq 4 flags 0x10 on acpi0\nMay  7 07:11:36 usb kernel: ppc0: \u003cParallel port\u003e port 0x378-0x37f irq 7 on acpi0\nMay  7 07:11:36 usb kernel: ppc0: Generic chipset (NIBBLE-only) in COMPATIBLE mode\nMay  7 07:11:36 usb kernel: ppbus0: \u003cParallel port bus\u003e on ppc0\nMay  7 07:11:36 usb kernel: lpt0: \u003cPrinter\u003e on ppbus0\nMay  7 07:11:36 usb kernel: lpt0: Interrupt-driven port\nMay  7 07:11:36 usb kernel: ppi0: \u003cParallel I/O\u003e on ppbus0\nMay  7 07:11:36 usb kernel: plip0: \u003cPLIP network interface\u003e on ppbus0\nMay  7 07:11:36 usb kernel: orm0: \u003cISA Option ROM\u003e at iomem 0xcb000-0xcbfff on isa0\nMay  7 07:11:36 usb kernel: sc0: \u003cSystem console\u003e at flags 0x100 on isa0\nMay  7 07:11:36 usb kernel: sc0: VGA \u003c16 virtual consoles, flags=0x300\u003e\nMay  7 07:11:36 usb kernel: vga0: \u003cGeneric ISA VGA\u003e at port 0x3c0-0x3df iomem 0xa0000-0xbffff on isa0\nMay  7 07:11:36 usb kernel: p4tcc0: \u003cCPU Frequency Thermal Control\u003e on cpu0\nMay  7 07:11:36 usb kernel: p4tcc1: \u003cCPU Frequency Thermal Control\u003e on cpu1\nMay  7 07:11:36 usb kernel: p4tcc2: \u003cCPU Frequency Thermal Control\u003e on cpu2\nMay  7 07:11:36 usb kernel: p4tcc3: \u003cCPU Frequency Thermal Control\u003e on cpu3\nMay  7 07:11:36 usb kernel: Timecounters tick every 1.000 msec\nMay  7 07:11:36 usb kernel: hdacc0: \u003cVIA VT1708S_4 HDA CODEC\u003e at cad 0 on hdac0\nMay  7 07:11:36 usb kernel: hdaa0: \u003cVIA VT1708S_4 HDA CODEC Audio Function Group\u003e at nid 1 on hdacc0\nMay  7 07:11:36 usb kernel: pcm0: \u003cVIA VT1708S_4 HDA CODEC PCM (Analog 2.0+HP/2.0)\u003e at nid 28,29 and 26,31,30,27 on hdaa0\nMay  7 07:11:36 usb kernel: usbus0: 12Mbps Full Speed USB v1.0\nMay  7 07:11:36 usb kernel: usbus1: 12Mbps Full Speed USB v1.0\nMay  7 07:11:36 usb kernel: usbus2: 12Mbps Full Speed USB v1.0\nMay  7 07:11:36 usb kernel: usbus3: 12Mbps Full Speed USB v1.0\nMay  7 07:11:36 usb kernel: usbus4: 480Mbps High Speed USB v2.0\nMay  7 07:11:36 usb kernel: ugen0.1: \u003cIntel\u003e at usbus0\nMay  7 07:11:36 usb kernel: uhub0: \u003cIntel UHCI root HUB, class 9/0, rev 1.00/1.00, addr 1\u003e on usbus0\nMay  7 07:11:36 usb kernel: ugen1.1: \u003cIntel\u003e at usbus1\nMay  7 07:11:36 usb kernel: uhub1: \u003cIntel UHCI root HUB, class 9/0, rev 1.00/1.00, addr 1\u003e on usbus1\nMay  7 07:11:36 usb kernel: ugen2.1: \u003cIntel\u003e at usbus2\nMay  7 07:11:36 usb kernel: uhub2: \u003cIntel UHCI root HUB, class 9/0, rev 1.00/1.00, addr 1\u003e on usbus2\nMay  7 07:11:36 usb kernel: ugen3.1: \u003cIntel\u003e at usbus3\nMay  7 07:11:36 usb kernel: uhub3: \u003cIntel UHCI root HUB, class 9/0, rev 1.00/1.00, addr 1\u003e on usbus3\nMay  7 07:11:36 usb kernel: ugen4.1: \u003cIntel\u003e at usbus4\nMay  7 07:11:36 usb kernel: uhub4: \u003cIntel EHCI root HUB, class 9/0, rev 2.00/1.00, addr 1\u003e on usbus4\nMay  7 07:11:36 usb kernel: uhub0: 2 ports with 2 removable, self powered\nMay  7 07:11:36 usb kernel: uhub1: 2 ports with 2 removable, self powered\nMay  7 07:11:36 usb kernel: uhub2: 2 ports with 2 removable, self powered\nMay  7 07:11:36 usb kernel: uhub3: 2 ports with 2 removable, self powered\nMay  7 07:11:36 usb kernel: ada0 at ata2 bus 0 scbus1 target 0 lun 0\nMay  7 07:11:36 usb kernel: ada0: \u003cM4-CT064M4SSD2 0309\u003e ATA-9 SATA 3.x device\nMay  7 07:11:36 usb kernel: ada0: 150.000MB/s transfers (SATA, UDMA5, PIO 8192bytes)\nMay  7 07:11:36 usb kernel: ada0: 61057MB (125045424 512 byte sectors: 16H 63S/T 16383C)\nMay  7 07:11:36 usb kernel: ada0: Previously was known as ad4\nMay  7 07:11:36 usb kernel: SMP: AP CPU #2 Launched!\nMay  7 07:11:36 usb kernel: SMP: AP CPU #1 Launched!\nMay  7 07:11:36 usb kernel: SMP: AP CPU #3 Launched!\nMay  7 07:11:36 usb kernel: Root mount waiting for: usbus4\nMay  7 07:11:36 usb kernel: uhub4: 8 ports with 8 removable, self powered\nMay  7 07:11:36 usb kernel: Root mount waiting for: usbus4\nMay  7 07:11:36 usb kernel: ugen4.2: \u003cGeneric\u003e at usbus4\nMay  7 07:11:36 usb kernel: umass0: \u003cGeneric USB2.0-CRW, class 0/0, rev 2.00/19.81, addr 2\u003e on usbus4\nMay  7 07:11:36 usb kernel: umass0:  SCSI over Bulk-Only; quirks = 0x4000\nMay  7 07:11:36 usb kernel: umass0:4:0:-1: Attached to scbus4\nMay  7 07:11:36 usb kernel: Trying to mount root from ufs:/dev/ada0p2 [rw]...\nMay  7 07:11:36 usb kernel: (probe0:umass-sim0:0:0:0): TEST UNIT READY. CDB: 0 0 0 0 0 0 \nMay  7 07:11:36 usb kernel: (probe0:umass-sim0:0:0:0): CAM status: SCSI Status Error\nMay  7 07:11:36 usb kernel: (probe0:umass-sim0:0:0:0): SCSI status: Check Condition\nMay  7 07:11:36 usb kernel: (probe0:umass-sim0:0:0:0): SCSI sense: UNIT ATTENTION asc:28,0 (Not ready to ready change, medium may have changed)\nMay  7 07:11:36 usb kernel: da0 at umass-sim0 bus 0 scbus4 target 0 lun 0\nMay  7 07:11:36 usb kernel: da0: \u003cGeneric- SD/MMC 1.00\u003e Removable Direct Access SCSI-0 device \nMay  7 07:11:36 usb kernel: da0: 40.000MB/s transfers\nMay  7 07:11:36 usb kernel: da0: 1962MB (4019200 512 byte sectors: 255H 63S/T 250C)\nMay  7 07:11:36 usb kernel: ZFS NOTICE: Prefetch is disabled by default if less than 4GB of RAM is present;\nMay  7 07:11:36 usb kernel: to enable, add \"vfs.zfs.prefetch_disable=0\" to /boot/loader.conf.\nMay  7 07:11:36 usb kernel: ZFS filesystem version 5\nMay  7 07:11:36 usb kernel: ZFS storage pool version 28\nMay  7 07:11:37 usb kernel: ."
}