{
 "id": 411756,
 "bug_id": 116720,
 "attachment_id": 0,
 "creation_time": "2007-09-28T19:00:09Z",
 "creator": "chrcoluk@gmail.com",
 "text": "running reboot to reboot server causes a kernel page fault leaving local\naccess needed to reboot server.\n\ndmesg and log below\n\nCopyright (c) 1992-2007 The FreeBSD Project.\nCopyright (c) 1979, 1980, 1983, 1986, 1988, 1989, 1991, 1992, 1993, 1994\n        The Regents of the University of California. All rights reserved.\nFreeBSD is a registered trademark of The FreeBSD Foundation.\nFreeBSD 7.0-CURRENT #0: Fri Sep 28 14:28:05 UTC 2007\n    maximus@netu.frogees.org:/usr/obj/usr/src/sys/NETU\nTimecounter \"i8254\" frequency 1193182 Hz quality 0\nCPU: Intel(R) Core(TM)2 CPU          6320  @ 1.86GHz (1876.00-MHz 686-class CPU)\n  Origin = \"GenuineIntel\"  Id = 0x6f6  Stepping = 6\n  Features=0xbfebfbff\u003cFPU,VME,DE,PSE,TSC,MSR,PAE,MCE,CX8,APIC,SEP,MTRR,PGE,MCA,CMOV,PAT,PSE36,CLFLUSH,DTS,ACPI,MMX,FXSR,SSE,SSE2,SS,HTT,TM,PBE\u003e\n  Features2=0xe3bd\u003cSSE3,RSVD2,MON,DS_CPL,VMX,EST,TM2,SSSE3,CX16,xTPR,PDCM\u003e\n  AMD Features=0x20100000\u003cNX,LM\u003e\n  AMD Features2=0x1\u003cLAHF\u003e\n  Cores per package: 2\nreal memory  = 2120335360 (2022 MB)\navail memory = 2064957440 (1969 MB)\nACPI APIC Table: \u003cINTEL  DG965SS \u003e\nFreeBSD/SMP: Multiprocessor System Detected: 2 CPUs\n cpu0 (BSP): APIC ID:  0\n cpu1 (AP): APIC ID:  1\nioapic0: Changing APIC ID to 2\nioapic0 \u003cVersion 2.0\u003e irqs 0-23 on motherboard\nkbd1 at kbdmux0\nath_hal: 0.9.20.3 (AR5210, AR5211, AR5212, RF5111, RF5112, RF2413, RF5413)\nacpi0: \u003cINTEL DG965SS\u003e on motherboard\nacpi0: [ITHREAD]\nacpi0: Power Button (fixed)\nTimecounter \"ACPI-fast\" frequency 3579545 Hz quality 1000\nacpi_timer0: \u003c24-bit timer at 3.579545MHz\u003e port 0x408-0x40b on acpi0\ncpu0: \u003cACPI CPU\u003e on acpi0\nest0: \u003cEnhanced SpeedStep Frequency Control\u003e on cpu0\np4tcc0: \u003cCPU Frequency Thermal Control\u003e on cpu0\ncpu1: \u003cACPI CPU\u003e on acpi0\nest1: \u003cEnhanced SpeedStep Frequency Control\u003e on cpu1\np4tcc1: \u003cCPU Frequency Thermal Control\u003e on cpu1\nacpi_button0: \u003cSleep Button\u003e on acpi0\npcib0: \u003cACPI Host-PCI bridge\u003e port 0xcf8-0xcff on acpi0\npci0: \u003cACPI PCI bus\u003e on pcib0\nvgapci0: \u003cVGA-compatible display\u003e port 0x2440-0x2447 mem 0x90200000-0x902fffff,0x80000000-0x8fffffff irq 16 at device 2.0 on pci0\nagp0: \u003cIntel G965 SVGA controller\u003e on vgapci0\nagp0: detected 7676k stolen memory\nagp0: aperture size is 256M\npci0: \u003csimple comms\u003e at device 3.0 (no driver attached)\nem0: \u003cIntel(R) PRO/1000 Network Connection Version - 6.5.3\u003e port 0x20c0-0x20df mem 0x90300000-0x9031ffff,0x90320000-0x90320fff irq 20 at device 25.0 on pci0\nem0: Ethernet address: 00:19:d1:9b:b2:b7\nem0: [FILTER]\nuhci0: \u003cUHCI (generic) USB controller\u003e port 0x20a0-0x20bf irq 16 at device 26.0 on pci0\nuhci0: [GIANT-LOCKED]\nuhci0: [ITHREAD]\nusb0: \u003cUHCI (generic) USB controller\u003e on uhci0\nusb0: USB revision 1.0\nuhub0: \u003cIntel UHCI root hub, class 9/0, rev 1.00/1.00, addr 1\u003e on usb0\nuhub0: 2 ports with 2 removable, self powered\nuhci1: \u003cUHCI (generic) USB controller\u003e port 0x2080-0x209f irq 21 at device 26.1 on pci0\nuhci1: [GIANT-LOCKED]\nuhci1: [ITHREAD]\nusb1: \u003cUHCI (generic) USB controller\u003e on uhci1\nusb1: USB revision 1.0\nuhub1: \u003cIntel UHCI root hub, class 9/0, rev 1.00/1.00, addr 1\u003e on usb1\nuhub1: 2 ports with 2 removable, self powered\nehci0: \u003cEHCI (generic) USB 2.0 controller\u003e mem 0x90321400-0x903217ff irq 18 at device 26.7 on pci0\nehci0: [GIANT-LOCKED]\nehci0: [ITHREAD]\nusb2: EHCI version 1.0\nusb2: companion controllers, 2 ports each: usb0 usb1\nusb2: \u003cEHCI (generic) USB 2.0 controller\u003e on ehci0\nusb2: USB revision 2.0\nuhub2: \u003cIntel EHCI root hub, class 9/0, rev 2.00/1.00, addr 1\u003e on usb2\nuhub2: 4 ports with 4 removable, self powered\npcib1: \u003cACPI PCI-PCI bridge\u003e at device 28.0 on pci0\npci1: \u003cACPI PCI bus\u003e on pcib1\npcib2: \u003cACPI PCI-PCI bridge\u003e at device 28.1 on pci0\npci2: \u003cACPI PCI bus\u003e on pcib2\natapci0: \u003cMarvell 88SX6101 UDMA133 controller\u003e port 0x1018-0x101f,0x1024-0x1027,0x1010-0x1017,0x1020-0x1023,0x1000-0x100f mem 0x90100000-0x901001ff irq 17 at device 0.0 on pci2\natapci0: [ITHREAD]\nata2: \u003cATA channel 0\u003e on atapci0\nata2: [ITHREAD]\npcib3: \u003cACPI PCI-PCI bridge\u003e at device 28.2 on pci0\npci3: \u003cACPI PCI bus\u003e on pcib3\npcib4: \u003cACPI PCI-PCI bridge\u003e at device 28.3 on pci0\npci4: \u003cACPI PCI bus\u003e on pcib4\npcib5: \u003cACPI PCI-PCI bridge\u003e at device 28.4 on pci0\npci5: \u003cACPI PCI bus\u003e on pcib5\nuhci2: \u003cUHCI (generic) USB controller\u003e port 0x2060-0x207f irq 23 at device 29.0 on pci0\nuhci2: [GIANT-LOCKED]\nuhci2: [ITHREAD]\nusb3: \u003cUHCI (generic) USB controller\u003e on uhci2\nusb3: USB revision 1.0\nuhub3: \u003cIntel UHCI root hub, class 9/0, rev 1.00/1.00, addr 1\u003e on usb3\nuhub3: 2 ports with 2 removable, self powered\nuhci3: \u003cUHCI (generic) USB controller\u003e port 0x2040-0x205f irq 19 at device 29.1 on pci0\nuhci3: [GIANT-LOCKED]\nuhci3: [ITHREAD]\nusb4: \u003cUHCI (generic) USB controller\u003e on uhci3\nusb4: USB revision 1.0\nuhub4: \u003cIntel UHCI root hub, class 9/0, rev 1.00/1.00, addr 1\u003e on usb4\nuhub4: 2 ports with 2 removable, self powered\nuhci4: \u003cUHCI (generic) USB controller\u003e port 0x2020-0x203f irq 18 at device 29.2 on pci0\nuhci4: [GIANT-LOCKED]\nuhci4: [ITHREAD]\nusb5: \u003cUHCI (generic) USB controller\u003e on uhci4\nusb5: USB revision 1.0\nuhub5: \u003cIntel UHCI root hub, class 9/0, rev 1.00/1.00, addr 1\u003e on usb5\nuhub5: 2 ports with 2 removable, self powered\nehci1: \u003cEHCI (generic) USB 2.0 controller\u003e mem 0x90321000-0x903213ff irq 23 at device 29.7 on pci0\nehci1: [GIANT-LOCKED]\nehci1: [ITHREAD]\nusb6: EHCI version 1.0\nusb6: companion controllers, 2 ports each: usb3 usb4 usb5\nusb6: \u003cEHCI (generic) USB 2.0 controller\u003e on ehci1\nusb6: USB revision 2.0\nuhub6: \u003cIntel EHCI root hub, class 9/0, rev 2.00/1.00, addr 1\u003e on usb6\nuhub6: 6 ports with 6 removable, self powered\npcib6: \u003cACPI PCI-PCI bridge\u003e at device 30.0 on pci0\npci6: \u003cACPI PCI bus\u003e on pcib6\nfwohci0: \u003cTexas Instruments TSB43AB22/A\u003e mem 0x90004000-0x900047ff,0x90000000-0x90003fff irq 19 at device 3.0 on pci6\nfwohci0: [FILTER]\nfwohci0: OHCI version 1.10 (ROM=0)\nfwohci0: No. of Isochronous channels is 4.\nfwohci0: EUI64 00:90:27:00:01:d0:0d:c8\nfwohci0: Phy 1394a available S400, 2 ports.\nfwohci0: Link S400, max_rec 2048 bytes.\nfirewire0: \u003cIEEE1394(FireWire) bus\u003e on fwohci0\ndcons_crom0: \u003cdcons configuration ROM\u003e on firewire0\ndcons_crom0: bus_addr 0x132c000\nfwe0: \u003cEthernet over FireWire\u003e on firewire0\nif_fwe0: Fake Ethernet address: 02:90:27:d0:0d:c8\nfwe0: Ethernet address: 02:90:27:d0:0d:c8\nfwip0: \u003cIP over FireWire\u003e on firewire0\nfwip0: Firewire address: 00:90:27:00:01:d0:0d:c8 @ 0xfffe00000000, S400, maxrec 2048\nsbp0: \u003cSBP-2/SCSI over FireWire\u003e on firewire0\nfwohci0: Initiate bus reset\nfwohci0: BUS reset\nfwohci0: node_id=0xc800ffc0, gen=1, CYCLEMASTER mode\nisab0: \u003cPCI-ISA bridge\u003e at device 31.0 on pci0\nisa0: \u003cISA bus\u003e on isab0\natapci1: \u003cIntel ICH8 SATA300 controller\u003e port 0x2438-0x243f,0x2454-0x2457,0x2430-0x2437,0x2450-0x2453,0x2410-0x241f,0x2400-0x240f irq 19 at device 31.2 on pci0\natapci1: [ITHREAD]\nata3: \u003cATA channel 0\u003e on atapci1\nata3: [ITHREAD]\nata4: \u003cATA channel 1\u003e on atapci1\nata4: [ITHREAD]\npci0: \u003cserial bus, SMBus\u003e at device 31.3 (no driver attached)\natapci2: \u003cIntel ICH8 SATA300 controller\u003e port 0x2428-0x242f,0x244c-0x244f,0x2420-0x2427,0x2448-0x244b,0x20f0-0x20ff,0x20e0-0x20ef irq 19 at device 31.5 on pci0\natapci2: [ITHREAD]\nata5: \u003cATA channel 0\u003e on atapci2\nata5: [ITHREAD]\nata6: \u003cATA channel 1\u003e on atapci2\nata6: [ITHREAD]\natkbdc0: \u003cKeyboard controller (i8042)\u003e port 0x60,0x64 irq 1 on acpi0\natkbd0: \u003cAT Keyboard\u003e irq 1 on atkbdc0\nkbd0 at atkbd0\natkbd0: [GIANT-LOCKED]\natkbd0: [ITHREAD]\npsm0: \u003cPS/2 Mouse\u003e irq 12 on atkbdc0\npsm0: [GIANT-LOCKED]\npsm0: [ITHREAD]\npsm0: model IntelliMouse, device ID 3\nsio0: \u003c16550A-compatible COM port\u003e port 0x3f8-0x3ff irq 4 flags 0x10 on acpi0\nsio0: type 16550A\nsio0: [FILTER]\npmtimer0 on isa0\norm0: \u003cISA Option ROMs\u003e at iomem 0xcb800-0xcc7ff,0xcc800-0xcd7ff pnpid ORM0000 on isa0\nata0 at port 0x1f0-0x1f7,0x3f6 irq 14 on isa0\nata0: [ITHREAD]\nata1 at port 0x170-0x177,0x376 irq 15 on isa0\nata1: [ITHREAD]\nppc0: \u003cParallel port\u003e at port 0x378-0x37f irq 7 on isa0\nppc0: Generic chipset (ECP/PS2/NIBBLE) in COMPATIBLE mode\nppc0: FIFO with 16/16/8 bytes threshold\nppbus0: \u003cParallel port bus\u003e on ppc0\nplip0: \u003cPLIP network interface\u003e on ppbus0\nlpt0: \u003cPrinter\u003e on ppbus0\nlpt0: Interrupt-driven port\nppi0: \u003cParallel I/O\u003e on ppbus0\nppc0: [GIANT-LOCKED]\nppc0: [ITHREAD]\nsc0: \u003cSystem console\u003e at flags 0x100 on isa0\nsc0: VGA \u003c16 virtual consoles, flags=0x300\u003e\nsio1: configured irq 3 not in bitmap of probed irqs 0\nsio1: port may not be enabled\nvga0: \u003cGeneric ISA VGA\u003e at port 0x3c0-0x3df iomem 0xa0000-0xbffff on isa0\nTimecounters tick every 1.000 msec\nfirewire0: 1 nodes, maxhop \u003c= 0, cable IRM = 0 (me)\nfirewire0: bus manager 0 (me)\nacd0: CDROM \u003cBENQ CD-ROM 656M/F.EE\u003e at ata2-master UDMA33\nad6: 476940MB \u003cSeagate ST3500841AS 3.AAJ\u003e at ata3-master SATA150\nad8: 476940MB \u003cSeagate ST3500841AS 3.AAJ\u003e at ata4-master SATA150\nad10: 476940MB \u003cSeagate ST3500841AS 3.AAJ\u003e at ata5-master SATA150\nad12: 476940MB \u003cSeagate ST3500841AS 3.AAJ\u003e at ata6-master SATA150\nGEOM_LABEL: Label for provider acd0 is iso9660/FreeBSD_Install.\nSMP: AP CPU #1 Launched!\nTrying to mount root from ufs:/dev/ad8s1a\nWARNING: / was not properly dismounted\nWARNING: /tmp was not properly dismounted\nWARNING: /usr was not properly dismounted\n/usr: mount pending error: blocks 604 files 3\nWARNING: /var was not properly dismounted\n/var: mount pending error: blocks 3604 files 796\nem0: link state changed to UP\n\nSep 28 17:39:45 netu kernel: Fatal trap 12: page fault while in kernel mode\nSep 28 17:39:45 netu kernel: cpuid = 1; apic id = 01\nSep 28 17:39:45 netu kernel: fault virtual address      = 0x24\nSep 28 17:39:45 netu kernel: fault code         = supervisor read, page not present\nSep 28 17:39:45 netu kernel: instruction pointer        = 0x20:0xc615e20b\nSep 28 17:39:45 netu kernel: stack pointer              = 0x28:0xe8bc0b30\nSep 28 17:39:45 netu kernel: frame pointer              = 0x28:0xe8bc0b88\nSep 28 17:39:45 netu kernel: code segment               = base 0x0, limit 0xfffff, type 0x1b\nSep 28 17:39:45 netu kernel: = DPL 0, pres 1, def32 1, gran 1\nSep 28 17:39:45 netu kernel: processor eflags   = interrupt enabled, resume, IOPL = 0\nSep 28 17:39:45 netu kernel: current process            = 910 (csh)\nSep 28 17:39:45 netu kernel: trap number                = 12\nSep 28 17:39:45 netu kernel: panic: page fault\nSep 28 17:39:45 netu kernel: cpuid = 1\nSep 28 17:39:45 netu kernel: Uptime: 37m38s\nSep 28 17:39:45 netu kernel: Physical memory: 2009 MB\nSep 28 17:39:45 netu kernel: Dumping 88 MB: 73 57 41 25 9\nSep 28 17:39:45 netu kernel: Dump complete\n\nunfortunately no longer have dump got overwritten from another page fault\nfor other problem\n\nFix: \n\nI recompiled world with -O not the default -O2 this appears to stop it occuring.\nHow-To-Repeat: reboot the server"
}