{
 "id": 370604,
 "bug_id": 107864,
 "attachment_id": 0,
 "creation_time": "2007-01-13T09:40:13Z",
 "creator": "skylord@vt.net.ru",
 "text": "Kernel panics almost every evening when the most heavy network load is\non the net. Machine is just a software router for 3 subnets with routed,\nipfw, pf (for binat) and no more... \n\nSimilar symptoms I have on other software router - will report in other\nPR and add link to it here.\n\nKernel is GENERIC with some devices disabled (SCSI/RAID) and few options added:\noptions DEVICE_POLLING\noptions HZ=1000\noptions IPFIREWALL\noptions DUMMYNET\noptions IPFIREWALL_FORWARD\n\ndmesg\n==============\nCopyright (c) 1992-2007 The FreeBSD Project.\nCopyright (c) 1979, 1980, 1983, 1986, 1988, 1989, 1991, 1992, 1993, 1994\n        The Regents of the University of California. All rights reserved.\nFreeBSD is a registered trademark of The FreeBSD Foundation.\nFreeBSD 6.2-RC2 #0: Mon Jan  8 13:17:00 MSK 2007\n    root@router05.vt.net.ru:/usr/src/sys/i386/compile/skykernel\nACPI APIC Table: \u003cKT600  AWRDACPI\u003e\nTimecounter \"i8254\" frequency 1193182 Hz quality 0\nCPU: AMD Athlon(tm) XP 2000+ (1661.94-MHz 686-class CPU)\n  Origin = \"AuthenticAMD\"  Id = 0x681  Stepping = 1\n  Features=0x383fbff\u003cFPU,VME,DE,PSE,TSC,MSR,PAE,MCE,CX8,APIC,SEP,MTRR,PGE,MCA,CMOV,PAT,PSE36,MMX,FXSR,SSE\u003e\n  AMD Features=0xc0400800\u003cSYSCALL,MMX+,3DNow+,3DNow\u003e\nreal memory  = 268369920 (255 MB)\navail memory = 252968960 (241 MB)\nioapic0 \u003cVersion 0.3\u003e irqs 0-23 on motherboard\nkbd1 at kbdmux0\nacpi0: \u003cKT600 AWRDACPI\u003e on motherboard\nacpi0: Power Button (fixed)\nTimecounter \"ACPI-fast\" frequency 3579545 Hz quality 1000\nacpi_timer0: \u003c24-bit timer at 3.579545MHz\u003e port 0x4008-0x400b on acpi0\ncpu0: \u003cACPI CPU\u003e on acpi0\nacpi_button0: \u003cPower Button\u003e on acpi0\nacpi_button1: \u003cSleep Button\u003e on acpi0\npcib0: \u003cACPI Host-PCI bridge\u003e port 0xcf8-0xcff on acpi0\npci0: \u003cACPI PCI bus\u003e on pcib0\nagp0: \u003cVIA 8377 (Apollo KT400/KT400A/KT600) host to PCI bridge\u003e mem 0xe5000000-0xe53fffff at device 0.0 on pci0\npcib1: \u003cPCI-PCI bridge\u003e at device 1.0 on pci0\npci1: \u003cPCI bus\u003e on pcib1\npci1: \u003cdisplay, VGA\u003e at device 0.0 (no driver attached)\nstge0: \u003cSundance ST-1023 Gigabit Ethernet\u003e port 0xc000-0xc0ff mem 0xe5703000-0xe57030ff irq 17 at device 9.0 on pci0\nmiibus0: \u003cMII bus\u003e on stge0\nip1000phy0: \u003cIC Plus 10/100/1000 media interface\u003e on miibus0\nip1000phy0:  10baseT, 10baseT-FDX, 100baseTX, 100baseTX-FDX, 1000baseTX, 1000baseTX-FDX, auto\nstge0: Ethernet address: 00:15:f2:ef:de:a9\nfxp0: \u003cIntel 82559 Pro/100 Ethernet\u003e port 0xc400-0xc43f mem 0xe5701000-0xe5701fff,0xe5400000-0xe54fffff irq 18 at device 10.0 on pci0\nmiibus1: \u003cMII bus\u003e on fxp0\ninphy0: \u003ci82555 10/100 media interface\u003e on miibus1\ninphy0:  10baseT, 10baseT-FDX, 100baseTX, 100baseTX-FDX, auto\nfxp0: Ethernet address: 00:d0:43:7a:fd:77\nfxp1: \u003cIntel 82559 Pro/100 Ethernet\u003e port 0xc800-0xc83f mem 0xe5700000-0xe5700fff,0xe5500000-0xe55fffff irq 19 at device 11.0 on pci0\nmiibus2: \u003cMII bus\u003e on fxp1\ninphy1: \u003ci82555 10/100 media interface\u003e on miibus2\ninphy1:  10baseT, 10baseT-FDX, 100baseTX, 100baseTX-FDX, auto\nfxp1: Ethernet address: 00:02:b3:bc:f2:60\nfxp2: \u003cIntel 82559 Pro/100 Ethernet\u003e port 0xcc00-0xcc3f mem 0xe5702000-0xe5702fff,0xe5600000-0xe56fffff irq 16 at device 12.0 on pci0\nmiibus3: \u003cMII bus\u003e on fxp2\ninphy2: \u003ci82555 10/100 media interface\u003e on miibus3\ninphy2:  10baseT, 10baseT-FDX, 100baseTX, 100baseTX-FDX, auto\nfxp2: Ethernet address: 00:d0:43:7a:fa:99\natapci0: \u003cVIA 8237 UDMA133 controller\u003e port 0x1f0-0x1f7,0x3f6,0x170-0x177,0x376,0xd000-0xd00f at device 15.0 on pci0\nata0: \u003cATA channel 0\u003e on atapci0\nata1: \u003cATA channel 1\u003e on atapci0\nuhci0: \u003cVIA 83C572 USB controller\u003e port 0xd400-0xd41f at device 16.0 on pci0\nuhci0: [GIANT-LOCKED]\nusb0: \u003cVIA 83C572 USB controller\u003e on uhci0\nusb0: USB revision 1.0\nuhub0: VIA UHCI root hub, class 9/0, rev 1.00/1.00, addr 1\nuhub0: 2 ports with 2 removable, self powered\nuhci1: \u003cVIA 83C572 USB controller\u003e port 0xd800-0xd81f at device 16.1 on pci0\nuhci1: [GIANT-LOCKED]\nusb1: \u003cVIA 83C572 USB controller\u003e on uhci1\nusb1: USB revision 1.0\nuhub1: VIA UHCI root hub, class 9/0, rev 1.00/1.00, addr 1\nuhub1: 2 ports with 2 removable, self powered\nuhci2: \u003cVIA 83C572 USB controller\u003e port 0xdc00-0xdc1f at device 16.2 on pci0\nuhci2: [GIANT-LOCKED]\nusb2: \u003cVIA 83C572 USB controller\u003e on uhci2\nusb2: USB revision 1.0\nuhub2: VIA UHCI root hub, class 9/0, rev 1.00/1.00, addr 1\nuhub2: 2 ports with 2 removable, self powered\nuhci3: \u003cVIA 83C572 USB controller\u003e port 0xe000-0xe01f at device 16.3 on pci0\nuhci3: [GIANT-LOCKED]\nusb3: \u003cVIA 83C572 USB controller\u003e on uhci3\nusb3: USB revision 1.0\nuhub3: VIA UHCI root hub, class 9/0, rev 1.00/1.00, addr 1\nuhub3: 2 ports with 2 removable, self powered\nehci0: \u003cVIA VT6202 USB 2.0 controller\u003e mem 0xe5704000-0xe57040ff at device 16.4 on pci0\nehci0: [GIANT-LOCKED]\nusb4: EHCI version 1.0\nusb4: companion controllers, 2 ports each: usb0 usb1 usb2 usb3\nusb4: \u003cVIA VT6202 USB 2.0 controller\u003e on ehci0\nusb4: USB revision 2.0\nuhub4: VIA EHCI root hub, class 9/0, rev 2.00/1.00, addr 1\nuhub4: 8 ports with 8 removable, self powered\nisab0: \u003cPCI-ISA bridge\u003e at device 17.0 on pci0\nisa0: \u003cISA bus\u003e on isab0\nvr0: \u003cVIA VT6102 Rhine II 10/100BaseTX\u003e port 0xe400-0xe4ff mem 0xe5705000-0xe57050ff irq 23 at device 18.0 on pci0\nmiibus4: \u003cMII bus\u003e on vr0\nukphy0: \u003cGeneric IEEE 802.3u media interface\u003e on miibus4\nukphy0:  10baseT, 10baseT-FDX, 100baseTX, 100baseTX-FDX, auto\nvr0: Ethernet address: 00:11:5b:93:c2:3d\nacpi_tz0: \u003cThermal Zone\u003e on acpi0\nfdc0: \u003cfloppy drive controller\u003e port 0x3f0-0x3f5,0x3f7 irq 6 drq 2 on acpi0\nfdc0: [FAST]\nsio0: \u003c16550A-compatible COM port\u003e port 0x3f8-0x3ff irq 4 flags 0x10 on acpi0\nsio0: type 16550A\nsio1: \u003c16550A-compatible COM port\u003e port 0x2f8-0x2ff irq 3 on acpi0\nsio1: type 16550A\nppc0: \u003cStandard parallel printer port\u003e port 0x378-0x37f irq 7 on acpi0\nppc0: Generic chipset (NIBBLE-only) in COMPATIBLE mode\nppbus0: \u003cParallel port bus\u003e on ppc0\nplip0: \u003cPLIP network interface\u003e on ppbus0\nlpt0: \u003cPrinter\u003e on ppbus0\nlpt0: Interrupt-driven port\nppi0: \u003cParallel I/O\u003e on ppbus0\natkbdc0: \u003cKeyboard controller (i8042)\u003e port 0x60,0x64 irq 1 on acpi0\natkbd0: \u003cAT Keyboard\u003e irq 1 on atkbdc0\nkbd0 at atkbd0\natkbd0: [GIANT-LOCKED]\npmtimer0 on isa0\norm0: \u003cISA Option ROMs\u003e at iomem 0xc0000-0xcffff,0xd0000-0xd0fff,0xd1000-0xd27ff,0xd3000-0xd3fff on isa0\nsc0: \u003cSystem console\u003e at flags 0x100 on isa0\nsc0: VGA \u003c16 virtual consoles, flags=0x300\u003e\nvga0: \u003cGeneric ISA VGA\u003e at port 0x3c0-0x3df iomem 0xa0000-0xbffff on isa0\nTimecounter \"TSC\" frequency 1661943183 Hz quality 800\nTimecounters tick every 1.000 msec\nipfw2 (+ipv6) initialized, divert loadable, rule-based forwarding enabled, default to deny, logging disabled\nad0: 38166MB \u003cWDC WD400JB-32ENA0 05.03E05\u003e at ata0-master UDMA100\n=================\n\n\nbacktrace\n============================\n1) Jan 8 20:26\n# kgdb /boot/kernel/kernel.debug /var/crash/vmcore.6\nkgdb: kvm_nlist(_stopped_cpus):\nkgdb: kvm_nlist(_stoppcbs):\n[GDB will not be able to debug user-mode threads: /usr/lib/libthread_db.so: Undefined symbol \"ps_pglobal_lookup\"]\nGNU gdb 6.1.1 [FreeBSD]\nCopyright 2004 Free Software Foundation, Inc.\nGDB is free software, covered by the GNU General Public License, and you are\nwelcome to change it and/or distribute copies of it under certain conditions.\nType \"show copying\" to see the conditions.\nThere is absolutely no warranty for GDB.  Type \"show warranty\" for details.\nThis GDB was configured as \"i386-marcel-freebsd\".\n\nUnread portion of the kernel message buffer:\nkernel trap 12 with interrupts disabled\n\n\nFatal trap 12: page fault while in kernel mode\nfault virtual address   = 0x78\nfault code              = supervisor read, page not present\ninstruction pointer     = 0x20:0xc0578abd\nstack pointer           = 0x28:0xd40b8ab4\nframe pointer           = 0x28:0xd40b8ab8\ncode segment            = base 0x0, limit 0xfffff, type 0x1b\n                        = DPL 0, pres 1, def32 1, gran 1\nprocessor eflags        = resume, IOPL = 0\ncurrent process         = 11 (swi1: net)\ntrap number             = 12\npanic: page fault\nUptime: 6h42m36s\nPhysical memory: 247 MB\nDumping 34 MB: 19 3\n\n#0  doadump () at pcpu.h:165\n165     pcpu.h: No such file or directory.\n        in pcpu.h\n(kgdb) bt\n#0  doadump () at pcpu.h:165\n#1  0xc05584ee in boot (howto=260) at ../../../kern/kern_shutdown.c:409\n#2  0xc0558784 in panic (fmt=0xc0738cc7 \"%s\") at ../../../kern/kern_shutdown.c:565\n#3  0xc070fa60 in trap_fatal (frame=0xd40b8a74, eva=120) at ../../../i386/i386/trap.c:837\n#4  0xc070f242 in trap (frame=\n      {tf_fs = 8, tf_es = 40, tf_ds = 40, tf_edi = -737440936, tf_esi = -1038653568, tf_ebp = -737441096, tf_isp = -737441120, tf_ebx = -1038686208, tf_edx = -1038686208, tf_ecx = 4, tf_eax = -1038653536, tf_trapno = 12, tf_err = 0, tf_eip = -1068004675, tf_cs = 32, tf_eflags = 589831, tf_esp = -1038653568, tf_ss = -737441060}) at ../../../i386/i386/trap.c:270\n#5  0xc06fe3fa in calltrap () at ../../../i386/i386/exception.s:139\n#6  0xc0578abd in turnstile_setowner (ts=0xc216e800, owner=0x4) at ../../../kern/subr_turnstile.c:432\n#7  0xc0578db4 in turnstile_wait (lock=0xc28de168, owner=0x4) at ../../../kern/subr_turnstile.c:591\n#8  0xc054ec70 in _mtx_lock_sleep (m=0xc28de168, tid=3256313728, opts=0, file=0x0, line=0) at ../../../kern/kern_mutex.c:579\n#9  0xc05d5434 in rt_check (lrt=0xc21767a0, lrt0=0xd40b8b58, dst=0xc288e210) at ../../../net/route.c:1280\n#10 0xc05d8432 in arpresolve (ifp=0xc2245400, rt0=0xc25fd420, m=0xc24baa00, dst=0xc288e210, desten=0xd40b8b78 \"\")\n    at ../../../netinet/if_ether.c:404\n#11 0xc05c7633 in ether_output (ifp=0xc2245400, m=0xc24baa00, dst=0xc288e210, rt0=0xc216e800) at ../../../net/if_ethersubr.c:174\n#12 0xc05ed765 in ip_output (m=0xc24baa00, opt=0xc2245400, ro=0xd40b8bd4, flags=1, imo=0x0, inp=0x0)\n    at ../../../netinet/ip_output.c:777\n#13 0xc05ecb8c in ip_forward (m=0xc24baa00, srcrt=0) at ../../../netinet/ip_input.c:1917\n#14 0xc05eb6bb in ip_input (m=0xc24baa00) at ../../../netinet/ip_input.c:688\n#15 0xc05cff6b in netisr_processqueue (ni=0xc07fc7b8) at ../../../net/netisr.c:236\n#16 0xc05d0166 in swi_net (dummy=0x0) at ../../../net/netisr.c:349\n#17 0xc05428fd in ithread_execute_handlers (p=0xc2175a78, ie=0xc21a9300) at ../../../kern/kern_intr.c:682\n#18 0xc0542a08 in ithread_loop (arg=0xc2143720) at ../../../kern/kern_intr.c:765\n#19 0xc0541884 in fork_exit (callout=0xc05429b4 \u003cithread_loop\u003e, arg=0xc2143720, frame=0xd40b8d38) at ../../../kern/kern_fork.c:821\n#20 0xc06fe45c in fork_trampoline () at ../../../i386/i386/exception.s:208\n(kgdb) list *0xc0578abd\n0xc0578abd is in turnstile_setowner (../../../kern/subr_turnstile.c:433).\n428\n429             mtx_assert(\u0026td_contested_lock, MA_OWNED);\n430             MPASS(owner-\u003etd_proc-\u003ep_magic == P_MAGIC);\n431             MPASS(ts-\u003ets_owner == NULL);\n432             ts-\u003ets_owner = owner;\n433             LIST_INSERT_HEAD(\u0026owner-\u003etd_contested, ts, ts_link);\n434     }\n435\n436     /*\n437      * Malloc a turnstile for a new thread, initialize it and return it.\n\n2) Jan 9 15:26\n# kgdb /boot/kernel/kernel.debug /var/crash/vmcore.7\nkgdb: kvm_nlist(_stopped_cpus):\nkgdb: kvm_nlist(_stoppcbs):\n[GDB will not be able to debug user-mode threads: /usr/lib/libthread_db.so: Undefined symbol \"ps_pglobal_lookup\"]\nGNU gdb 6.1.1 [FreeBSD]\nCopyright 2004 Free Software Foundation, Inc.\nGDB is free software, covered by the GNU General Public License, and you are\nwelcome to change it and/or distribute copies of it under certain conditions.\nType \"show copying\" to see the conditions.\nThere is absolutely no warranty for GDB.  Type \"show warranty\" for details.\nThis GDB was configured as \"i386-marcel-freebsd\".\n\nUnread portion of the kernel message buffer:\n\n\n#0  doadump () at pcpu.h:165\n165     pcpu.h: No such file or directory.\n        in pcpu.h\n(kgdb) bt\n#0  doadump () at pcpu.h:165\n#1  0xc05584ee in boot (howto=260) at ../../../kern/kern_shutdown.c:409\n#2  0xc0558784 in panic (fmt=0xc0738cc7 \"%s\") at ../../../kern/kern_shutdown.c:565\n#3  0xc070fa60 in trap_fatal (frame=0xd40b8a74, eva=120) at ../../../i386/i386/trap.c:837\n#4  0xc070f242 in trap (frame=\n      {tf_fs = 8, tf_es = 40, tf_ds = 40, tf_edi = -737440936, tf_esi = -1038653568, tf_ebp = -737441096, tf_isp = -737441120, tf_ebx = -1038686208, tf_edx = -1038686208, tf_ecx = 4, tf_eax = -1038653536, tf_trapno = 12, tf_err = 0, tf_eip = -1068004675, tf_cs = 32, tf_eflags = 589831, tf_esp = -1038653568, tf_ss = -737441060}) at ../../../i386/i386/trap.c:270\n#5  0xc06fe3fa in calltrap () at ../../../i386/i386/exception.s:139\n#6  0xc0578abd in turnstile_setowner (ts=0xc216e800, owner=0x4) at ../../../kern/subr_turnstile.c:432\n#7  0xc0578db4 in turnstile_wait (lock=0xc2806378, owner=0x4) at ../../../kern/subr_turnstile.c:591\n#8  0xc054ec70 in _mtx_lock_sleep (m=0xc2806378, tid=3256313728, opts=0, file=0x0, line=0) at ../../../kern/kern_mutex.c:579\n#9  0xc05d5434 in rt_check (lrt=0xc21767a0, lrt0=0xd40b8b58, dst=0xc266ad50) at ../../../net/route.c:1280\n#10 0xc05d8432 in arpresolve (ifp=0xc2245400, rt0=0xc2806000, m=0xc25b4100, dst=0xc266ad50, desten=0xd40b8b78 \"\")\n    at ../../../netinet/if_ether.c:404\n#11 0xc05c7633 in ether_output (ifp=0xc2245400, m=0xc25b4100, dst=0xc266ad50, rt0=0xc216e800) at ../../../net/if_ethersubr.c:174\n#12 0xc05ed765 in ip_output (m=0xc25b4100, opt=0xc2245400, ro=0xd40b8bd4, flags=1, imo=0x0, inp=0x0)\n    at ../../../netinet/ip_output.c:777\n#13 0xc05ecb8c in ip_forward (m=0xc25b4100, srcrt=0) at ../../../netinet/ip_input.c:1917\n#14 0xc05eb6bb in ip_input (m=0xc25b4100) at ../../../netinet/ip_input.c:688\n#15 0xc05cff6b in netisr_processqueue (ni=0xc07fc7b8) at ../../../net/netisr.c:236\n#16 0xc05d0166 in swi_net (dummy=0x0) at ../../../net/netisr.c:349\n#17 0xc05428fd in ithread_execute_handlers (p=0xc2175a78, ie=0xc21a9300) at ../../../kern/kern_intr.c:682\n#18 0xc0542a08 in ithread_loop (arg=0xc2143720) at ../../../kern/kern_intr.c:765\n#19 0xc0541884 in fork_exit (callout=0xc05429b4 \u003cithread_loop\u003e, arg=0xc2143720, frame=0xd40b8d38) at ../../../kern/kern_fork.c:821\n#20 0xc06fe45c in fork_trampoline () at ../../../i386/i386/exception.s:208\n(kgdb) quit\n\nHow-To-Repeat: panic occurs in 1-3 days uptume"
}