{
 "id": 1057736,
 "bug_id": 239197,
 "attachment_id": 0,
 "creation_time": "2019-07-14T11:25:29Z",
 "creator": "samm@FreeBSD.org",
 "text": "I found that there is a regression on RPi1/FreeBSD. When i am copying official image to the SD card i am getting boot loop. Previous (11.2) version works just fine on the same hardware. Boot log from the serial console provided below:\n\nLoading Environment from FAT... In:    serial\nOut:   vidconsole\nErr:   vidconsole\nNet:   No ethernet found.\nstarting USB...\nUSB0:   scanning bus 0 for devices... 3 USB Device(s) found\n       scanning usb for storage devices... 0 Storage Device(s) found\nHit any key to stop autoboot:  0\nMMC Device 0 not found\nno mmc device at slot 0\nswitch to partitions #0, OK\nmmc1 is current device\nScanning mmc 1:1...\nFound U-Boot script /boot.scr\n199 bytes read in 6 ms (32.2 KiB/s)\n## Executing script at 02400000\n285056 bytes read in 32 ms (8.5 MiB/s)\n## Starting application at 0x00080000 ...\nConsoles: U-Boot console\nCompatible U-Boot API signature found @0x1bb40c80\n\nFreeBSD/armv6 U-Boot loader, Revision 1.2\n(Fri Jul  5 03:38:30 UTC 2019 root@releng2.nyi.freebsd.org)\n\nDRAM: 448MB\nNumber of U-Boot devices: 1\nU-Boot env: loaderdev not set, will probe all devices.\nFound U-Boot device: disk\n  Probing all \u003cunknown\u003e devices...\n  Checking unit=0 slice=\u003cauto\u003e partition=\u003cauto\u003e... good.\nBooting from disk0s2a:\nLoading /boot/defaults/loader.conf\n/boot/kernel/kernel data=0x6482ac+0x19fd54 syms=[0x4+0xaae80+0x4+0x98ff0]\n/\nHit [Enter] to boot immediately, or any other key for command prompt.\nBooting [/boot/kernel/kernel]...\nUsing DTB provided by U-Boot at address 0x1bfea200.\nKernel entry at 0x400100...\nKernel args: (null)\nCopyright (c) 1992-2019 The FreeBSD Project.\nCopyright (c) 1979, 1980, 1983, 1986, 1988, 1989, 1991, 1992, 1993, 1994\n    The Regents of the University of California. All rights reserved.\nFreeBSD is a registered trademark of The FreeBSD Foundation.\nFreeBSD 11.3-RELEASE #0 r349754: Fri Jul  5 03:51:28 UTC 2019\nroot@releng2.nyi.freebsd.org:/usr/obj/arm.armv6/usr/src/sys/RPI-B arm\nFreeBSD clang version 8.0.0 (tags/RELEASE_800/final 356365) (based on LLVM 8.0.0)\nVT: init without driver.\nCPU: ARM ARM1176 r0p7 (ECO: 0x00000000)\nCPU Features:\n  Thumb, Security, VMSAv7\nOptional instructions:\n  UMULL, SMULL, MLA, SIMD(ext)\n  16KB/32B 4-way instruction cache\n  16KB/32B 4-way WB data cache\nreal memory  = 469757952 (447 MB)\navail memory = 448118784 (427 MB)\nrandom: entropy device external interface\nkbd0 at kbdmux0\nofwbus0: \u003cOpen Firmware Device Tree\u003e\nsimplebus0: \u003cFlattened device tree simple bus\u003e on ofwbus0\nbcm_dma0: \u003cBCM2835 DMA Controller\u003e mem 0x7e007000-0x7e007eff irq 4,5,6,7,8,9,10,11,12,13,14,15,16,17,18,19 on simplebus0\nbcm_dma0: cannot allocate interrupt\ndevice_attach: bcm_dma0 attach returned 6\nbcmwd0: \u003cBCM2708/2835 Watchdog\u003e mem 0x7e100000-0x7e100027 on simplebus0\nbcmrng0: \u003cBroadcom BCM2835 RNG\u003e mem 0x7e104000-0x7e10400f irq 20 on simplebus0\nmbox0: \u003cBCM2835 VideoCore Mailbox\u003e mem 0x7e00b880-0x7e00b8bf irq 21 on simplebus0\nmbox0: could not allocate interrupt resource\ndevice_attach: mbox0 attach returned 6\ngpio0: \u003cBCM2708/2835 GPIO controller\u003e mem 0x7e200000-0x7e2000b3 irq 22,23 on simplebus0\ngpio0: cannot allocate resources\ngpio0: bcm_gpio_pic_detach: not implemented yet\ndevice_attach: gpio0 attach returned 6\nuart0: \u003cPrimeCell UART (PL011)\u003e mem 0x7e201000-0x7e201fff irq 24 on simplebus0\nuart0: console (115200,n,8,1)\nbcm283x_dwcotg0: \u003cDWC OTG 2.0 integrated USB controller (bcm283x)\u003e mem 0x7e980000-0x7e98ffff,0x7e006000-0x7e006fff irq 45,46 on simplebus0\nbcm283x_dwcotg0: failed to set power state, err=6\ndevice_attach: bcm283x_dwcotg0 attach returned 6\nsdhci_bcm0: \u003cBroadcom 2708 SDHCI controller\u003e mem 0x7e300000-0x7e3000ff irq 48 on simplebus0\ndevice_attach: sdhci_bcm0 attach returned 6\nfb0: \u003cBCM2835 VT framebuffer driver\u003e on simplebus0\ndevice_attach: fb0 attach returned 6\nvchiq0: \u003cBCM2835 VCHIQ\u003e mem 0x7e00b840-0x7e00b84e irq 51 on simplebus0\nvchiq0: could not allocate interrupt resource\ndevice_attach: vchiq0 attach returned 6\ngpioled0: \u003cGPIO LEDs\u003e on ofwbus0\ngpioled0: \u003cled0\u003e failed to map pin\ncryptosoft0: \u003csoftware crypto\u003e\npanic: No usable event timer found!\nUptime: 1s\nAutomatic reboot in 15 seconds - press a key on the console to abort\nRebooting..."
}