{
 "id": 498584,
 "bug_id": 134520,
 "attachment_id": 0,
 "creation_time": "2009-05-13T23:10:01Z",
 "creator": "joejoe@inbsd.com",
 "text": " use FreeBSD 7.2 RC and 6.4 Release i386 on Acer Altos R520 with a SAS HD 146G (not use SW Raid)\n\nAcer Altos R520 SAS controller is LSI SAS1078 , I checked the manual which is being supported on 2007 Aug,\n\nBut I cant detected on System,\n\nI try to replace the use of older versions of the R520(SAS controller is LSI SAS1068)\n\nThe SAS HD can detected,\n\nI try install system and upgrade to 6.4 Stable and make world and kernel\nand patch kern/115133 (http://www.freebsd.org/cgi/query-pr.cgi?pr=115133)\n\nWill swap hd to the new version of the R520(SAS controller is LSI SAS1078)\n\nThe SAS HD cant detected.\n\nAnyone who can help ?\n\n\ndmesg on 7.2RELEASE:\nCopyright (c) 1992-2009 The FreeBSD Project.\nCopyright (c) 1979, 1980, 1983, 1986, 1988, 1989, 1991, 1992, 1993, 1994\n\tThe Regents of the University of California. All rights reserved.\nFreeBSD is a registered trademark of The FreeBSD Foundation.\nFreeBSD 7.2-RELEASE #0: Fri May  1 08:49:13 UTC 2009\n    root@walker.cse.buffalo.edu:/usr/obj/usr/src/sys/GENERIC\nTimecounter \"i8254\" frequency 1193182 Hz quality 0\nCPU: Intel(R) Xeon(R) CPU           E5405  @ 2.00GHz (2004.98-MHz 686-class CPU)\n  Origin = \"GenuineIntel\"  Id = 0x1067a  Stepping = 10\n  Features=0xbfebfbff\u003cFPU,VME,DE,PSE,TSC,MSR,PAE,MCE,CX8,APIC,SEP,MTRR,PGE,MCA,CMOV,PAT,PSE36,CLFLUSH,DTS,ACPI,MMX,FXSR,SSE,SSE2,SS,HTT,TM,PBE\u003e\n  Features2=0x40ce33d\u003cSSE3,DTES64,MON,DS_CPL,VMX,TM2,SSSE3,CX16,xTPR,PDCM,DCA,SSE4.1,XSAVE\u003e\n  AMD Features=0x20100000\u003cNX,LM\u003e\n  AMD Features2=0x1\u003cLAHF\u003e\n  Cores per package: 4\nreal memory  = 2143289344 (2044 MB)\navail memory = 2081705984 (1985 MB)\nACPI APIC Table: \u003cINTEL  S5000PAL\u003e\nFreeBSD/SMP: Multiprocessor System Detected: 4 CPUs  cpu0 (BSP): APIC ID:  0\n cpu1 (AP): APIC ID:  1\n cpu2 (AP): APIC ID:  2\n cpu3 (AP): APIC ID:  3\nioapic0 \u003cVersion 2.0\u003e irqs 0-23 on motherboard\nioapic1 \u003cVersion 2.0\u003e irqs 24-47 on motherboard\nlapic0: Forcing LINT1 to edge trigger\nkbd1 at kbdmux0\nacpi0: \u003cINTEL S5000PAL\u003e on motherboard\nacpi0: [ITHREAD]\nacpi0: Power Button (fixed)\nTimecounter \"ACPI-fast\" frequency 3579545 Hz quality 1000\nacpi_timer0: \u003c24-bit timer at 3.579545MHz\u003e port 0x408-0x40b on acpi0\nacpi_hpet0: \u003cHigh Precision Event Timer\u003e iomem 0xfed00000-0xfed003ff on acpi0 Timecounter \"HPET\" frequency 14318180 Hz quality 900\nacpi_button0: \u003cPower Button\u003e on acpi0\npcib0: \u003cACPI Host-PCI bridge\u003e port 0xca2,0xca3,0xcf8-0xcff on acpi0\npci0: \u003cACPI PCI bus\u003e on pcib0\npcib1: \u003cACPI PCI-PCI bridge\u003e at device 2.0 on pci0\npci1: \u003cACPI PCI bus\u003e on pcib1\npcib2: \u003cACPI PCI-PCI bridge\u003e irq 16 at device 0.0 on pci1\npci2: \u003cACPI PCI bus\u003e on pcib2\npcib3: \u003cACPI PCI-PCI bridge\u003e irq 16 at device 0.0 on pci2\npci3: \u003cACPI PCI bus\u003e on pcib3\nmpt0: \u003cLSILogic SAS/SATA Adapter\u003e port 0x3000-0x30ff mem 0xb8940000-0xb8943fff,0xb8900000-0xb893ffff irq 16 at device 0.0 on pci3\nmpt0: unable to map registers in PIO mode\npcib4: \u003cACPI PCI-PCI bridge\u003e irq 16 at device 1.0 on pci2\npci4: \u003cACPI PCI bus\u003e on pcib4\npcib5: \u003cACPI PCI-PCI bridge\u003e irq 16 at device 2.0 on pci2\npci5: \u003cACPI PCI bus\u003e on pcib5\nem0: \u003cIntel(R) PRO/1000 Network Connection 6.9.6\u003e port 0x2020-0x203f mem 0xb8820000-0xb883ffff,0xb8400000-0xb87fffff irq 18 at device 0.0 on pci5\nem0: Using MSI interrupt\nem0: [FILTER]\nem0: Ethernet address: 00:15:17:aa:8f:a8\nem1: \u003cIntel(R) PRO/1000 Network Connection 6.9.6\u003e port 0x2000-0x201f mem 0xb8800000-0xb881ffff,0xb8000000-0xb83fffff irq 19 at device 0.1 on pci5\nem1: Using MSI interrupt\nem1: [FILTER]\nem1: Ethernet address: 00:15:17:aa:8f:a9\npcib6: \u003cACPI PCI-PCI bridge\u003e at device 0.3 on pci1\npci6: \u003cACPI PCI bus\u003e on pcib6\npcib7: \u003cPCI-PCI bridge\u003e at device 3.0 on pci0\npci7: \u003cPCI bus\u003e on pcib7\npcib8: \u003cACPI PCI-PCI bridge\u003e at device 4.0 on pci0\npci8: \u003cACPI PCI bus\u003e on pcib8\npcib9: \u003cACPI PCI-PCI bridge\u003e at device 5.0 on pci0\npci9: \u003cACPI PCI bus\u003e on pcib9\npcib10: \u003cACPI PCI-PCI bridge\u003e at device 6.0 on pci0\npci10: \u003cACPI PCI bus\u003e on pcib10\npcib11: \u003cACPI PCI-PCI bridge\u003e at device 7.0 on pci0\npci11: \u003cACPI PCI bus\u003e on pcib11\npci0: \u003cbase peripheral\u003e at device 8.0 (no driver attached)\nuhci0: \u003cIntel 631XESB/632XESB/3100 USB controller USB-1\u003e port 0x4080-0x409f irq 23 at device 29.0 on pci0\nuhci0: [GIANT-LOCKED]\nuhci0: [ITHREAD]\nusb0: \u003cIntel 631XESB/632XESB/3100 USB controller USB-1\u003e on uhci0\nusb0: USB revision 1.0\nuhub0: \u003cIntel UHCI root hub, class 9/0, rev 1.00/1.00, addr 1\u003e on usb0\nuhub0: 2 ports with 2 removable, self powered\nuhci1: \u003cIntel 631XESB/632XESB/3100 USB controller USB-2\u003e port 0x4060-0x407f irq 22 at device 29.1 on pci0\nuhci1: [GIANT-LOCKED]\nuhci1: [ITHREAD]\nusb1: \u003cIntel 631XESB/632XESB/3100 USB controller USB-2\u003e on uhci1\nusb1: USB revision 1.0\nuhub1: \u003cIntel UHCI root hub, class 9/0, rev 1.00/1.00, addr 1\u003e on usb1\nuhub1: 2 ports with 2 removable, self powered\nuhci2: \u003cIntel 631XESB/632XESB/3100 USB controller USB-3\u003e port 0x4040-0x405f irq 23 at device 29.2 on pci0\nuhci2: [GIANT-LOCKED]\nuhci2: [ITHREAD]\nusb2: \u003cIntel 631XESB/632XESB/3100 USB controller USB-3\u003e on uhci2\nusb2: USB revision 1.0\nuhub2: \u003cIntel UHCI root hub, class 9/0, rev 1.00/1.00, addr 1\u003e on usb2\nuhub2: 2 ports with 2 removable, self powered\nuhci3: \u003cIntel 631XESB/632XESB/3100 USB controller USB-4\u003e port 0x4020-0x403f irq 22 at device 29.3 on pci0\nuhci3: [GIANT-LOCKED]\nuhci3: [ITHREAD]\nusb3: \u003cIntel 631XESB/632XESB/3100 USB controller USB-4\u003e on uhci3\nusb3: USB revision 1.0\nuhub3: \u003cIntel UHCI root hub, class 9/0, rev 1.00/1.00, addr 1\u003e on usb3\nuhub3: 2 ports with 2 removable, self powered\nehci0: \u003cIntel 63XXESB USB 2.0 controller\u003e mem 0xb8c00400-0xb8c007ff irq 23 at device 29.7 on pci0\nehci0: [GIANT-LOCKED]\nehci0: [ITHREAD]\nusb4: EHCI version 1.0\nusb4: companion controllers, 2 ports each: usb0 usb1 usb2 usb3\nusb4: \u003cIntel 63XXESB USB 2.0 controller\u003e on ehci0\nusb4: USB revision 2.0\nuhub4: \u003cIntel EHCI root hub, class 9/0, rev 2.00/1.00, addr 1\u003e on usb4\nuhub4: 8 ports with 8 removable, self powered\npcib12: \u003cACPI PCI-PCI bridge\u003e at device 30.0 on pci0\npci12: \u003cACPI PCI bus\u003e on pcib12\nvgapci0: \u003cVGA-compatible display\u003e port 0x1000-0x10ff mem 0xb0000000-0xb7ffffff,0xb8b00000-0xb8b0ffff irq 17 at device 12.0 on pci12\nisab0: \u003cPCI-ISA bridge\u003e at device 31.0 on pci0\nisa0: \u003cISA bus\u003e on isab0\natapci0: \u003cIntel 63XXESB2 UDMA100 controller\u003e port 0x1f0-0x1f7,0x3f6,0x170-0x177,0x376,0x40b0-0x40bf irq 20 at device 31.1 on pci0\nata0: \u003cATA channel 0\u003e on atapci0\nata0: [ITHREAD]\natapci1: \u003cIntel 63XXESB2 SATA300 controller\u003e port 0x40c8-0x40cf,0x40e4-0x40e7,0x40c0-0x40c7,0x40e0-0x40e3,0x40a0-0x40af mem 0xb8c00000-0xb8c003ff irq 20 at device 31.2 on pci0\natapci1: [ITHREAD]\nata2: \u003cATA channel 0\u003e on atapci1\nata2: [ITHREAD]\nata3: \u003cATA channel 1\u003e on atapci1\nata3: [ITHREAD]\npci0: \u003cserial bus, SMBus\u003e at device 31.3 (no driver attached)\nsio0: \u003c16550A-compatible COM port\u003e port 0x3f8-0x3ff irq 4 flags 0x10 on acpi0\nsio0: type 16550A\nsio0: [FILTER]\nsio1: \u003c16550A-compatible COM port\u003e port 0x2f8-0x2ff irq 3 on acpi0\nsio1: type 16550A\nsio1: [FILTER]\natkbdc0: \u003cKeyboard controller (i8042)\u003e port 0x60,0x64 irq 1 on acpi0\natkbd0: \u003cAT Keyboard\u003e irq 1 on atkbdc0\nkbd0 at atkbd0\natkbd0: [GIANT-LOCKED]\natkbd0: [ITHREAD]\npsm0: \u003cPS/2 Mouse\u003e irq 12 on atkbdc0\npsm0: [GIANT-LOCKED]\npsm0: [ITHREAD]\npsm0: model IntelliMouse Explorer, device ID 4\ncpu0: \u003cACPI CPU\u003e on acpi0\np4tcc0: \u003cCPU Frequency Thermal Control\u003e on cpu0\ncpu1: \u003cACPI CPU\u003e on acpi0\np4tcc1: \u003cCPU Frequency Thermal Control\u003e on cpu1\ncpu2: \u003cACPI CPU\u003e on acpi0\np4tcc2: \u003cCPU Frequency Thermal Control\u003e on cpu2\ncpu3: \u003cACPI CPU\u003e on acpi0\np4tcc3: \u003cCPU Frequency Thermal Control\u003e on cpu3 pmtimer0 on isa0\norm0: \u003cISA Option ROMs\u003e at iomem 0xc0000-0xc8fff,0xcf000-0xcffff,0xd0000-0xd0fff pnpid ORM0000 on isa0\nppc0: parallel port not found.\nsc0: \u003cSystem console\u003e at flags 0x100 on isa0\nsc0: VGA \u003c16 virtual consoles, flags=0x300\u003e\nvga0: \u003cGeneric ISA VGA\u003e at port 0x3c0-0x3df iomem 0xa0000-0xbffff on isa0 Timecounters tick every 1.000 msec\nmd0: Preloaded image \u003c/boot/mfsroot\u003e 4423680 bytes at 0xc0dfab28\nGEOM_LABEL: Label for provider md0 is ufsid/49fabd23737484d9.\nacd0: DVDR \u003cOptiarc DVD RW AD-7560A/DX06\u003e at ata0-slave UDMA33\nlapic1: Forcing LINT1 to edge trigger\nSMP: AP CPU #1 Launched!\nlapic3: Forcing LINT1 to edge trigger\nSMP: AP CPU #3 Launched!\nlapic2: Forcing LINT1 to edge trigger\nSMP: AP CPU #2 Launched!\nGEOM_LABEL: Label for provider acd0 is iso9660/FreeBSD_Install.\nTrying to mount root from ufs:/dev/md0\nGEOM_LABEL: Label ufsid/49fabd23737484d9 removed.\n\npciconf -lv on 7.2 RELEASE: \n\nhostb0@pci0:0:0:0:\tclass=0x060000 card=0x346c8086 chip=0x25d88086 rev=0xb1 hdr=0x00\n    class      = bridge\n    subclass   = HOST-PCI\npcib1@pci0:0:2:0:\tclass=0x060400 card=0x00000000 chip=0x25f78086 rev=0xb1 hdr=0x01\n    class      = bridge\n    subclass   = PCI-PCI\npcib7@pci0:0:3:0:\tclass=0x060400 card=0x00000000 chip=0x25e38086 rev=0xb1 hdr=0x01\n    class      = bridge\n    subclass   = PCI-PCI\npcib8@pci0:0:4:0:\tclass=0x060400 card=0x00000000 chip=0x25f88086 rev=0xb1 hdr=0x01\n    class      = bridge\n    subclass   = PCI-PCI\npcib9@pci0:0:5:0:\tclass=0x060400 card=0x00000000 chip=0x25e58086 rev=0xb1 hdr=0x01\n    class      = bridge\n    subclass   = PCI-PCI\npcib10@pci0:0:6:0:\tclass=0x060400 card=0x00000000 chip=0x25f98086 rev=0xb1 hdr=0x01\n    class      = bridge\n    subclass   = PCI-PCI\npcib11@pci0:0:7:0:\tclass=0x060400 card=0x00000000 chip=0x25e78086 rev=0xb1 hdr=0x01\n    class      = bridge\n    subclass   = PCI-PCI\nnone0@pci0:0:8:0:\tclass=0x088000 card=0x346c8086 chip=0x1a388086 rev=0xb1 hdr=0x00\n    class      = base peripheral\nhostb1@pci0:0:16:0:\tclass=0x060000 card=0x346c8086 chip=0x25f08086 rev=0xb1 hdr=0x00\n    class      = bridge\n    subclass   = HOST-PCI\nhostb2@pci0:0:16:1:\tclass=0x060000 card=0x346c8086 chip=0x25f08086 rev=0xb1 hdr=0x00\n    class      = bridge\n    subclass   = HOST-PCI\nhostb3@pci0:0:16:2:\tclass=0x060000 card=0x346c8086 chip=0x25f08086 rev=0xb1 hdr=0x00\n    class      = bridge\n    subclass   = HOST-PCI\nhostb4@pci0:0:17:0:\tclass=0x060000 card=0x346c8086 chip=0x25f18086 rev=0xb1 hdr=0x00\n    class      = bridge\n    subclass   = HOST-PCI\nhostb5@pci0:0:19:0:\tclass=0x060000 card=0x346c8086 chip=0x25f38086 rev=0xb1 hdr=0x00\n    class      = bridge\n    subclass   = HOST-PCI\nhostb6@pci0:0:21:0:\tclass=0x060000 card=0x346c8086 chip=0x25f58086 rev=0xb1 hdr=0x00\n    class      = bridge\n    subclass   = HOST-PCI\nhostb7@pci0:0:22:0:\tclass=0x060000 card=0x346c8086 chip=0x25f68086 rev=0xb1 hdr=0x00\n    class      = bridge\n    subclass   = HOST-PCI\nuhci0@pci0:0:29:0:\tclass=0x0c0300 card=0x346c8086 chip=0x26888086 rev=0x09 hdr=0x00\n    class      = serial bus\n    subclass   = USB\nuhci1@pci0:0:29:1:\tclass=0x0c0300 card=0x346c8086 chip=0x26898086 rev=0x09 hdr=0x00\n    class      = serial bus\n    subclass   = USB\nuhci2@pci0:0:29:2:\tclass=0x0c0300 card=0x346c8086 chip=0x268a8086 rev=0x09 hdr=0x00\n    class      = serial bus\n    subclass   = USB\nuhci3@pci0:0:29:3:\tclass=0x0c0300 card=0x346c8086 chip=0x268b8086 rev=0x09 hdr=0x00\n    class      = serial bus\n    subclass   = USB\nehci0@pci0:0:29:7:\tclass=0x0c0320 card=0x346c8086 chip=0x268c8086 rev=0x09 hdr=0x00\n    class      = serial bus\n    subclass   = USB\npcib12@pci0:0:30:0:\tclass=0x060401 card=0x346c8086 chip=0x244e8086 rev=0xd9 hdr=0x01\n    class      = bridge\n    subclass   = PCI-PCI\nisab0@pci0:0:31:0:\tclass=0x060100 card=0x346c8086 chip=0x26708086 rev=0x09 hdr=0x00\n    class      = bridge\n    subclass   = PCI-ISA\natapci0@pci0:0:31:1:\tclass=0x01018a card=0x346c8086 chip=0x269e8086 rev=0x09 hdr=0x00\n    class      = mass storage\n    subclass   = ATA\natapci1@pci0:0:31:2:\tclass=0x01018f card=0x346c8086 chip=0x26808086 rev=0x09 hdr=0x00\n    class      = mass storage\n    subclass   = ATA\nnone1@pci0:0:31:3:\tclass=0x0c0500 card=0x346c8086 chip=0x269b8086 rev=0x09 hdr=0x00\n    class      = serial bus\n    subclass   = SMBus\npcib2@pci0:1:0:0:\tclass=0x060400 card=0x346c8086 chip=0x35008086 rev=0x01 hdr=0x01\n    class      = bridge\n    subclass   = PCI-PCI\npcib6@pci0:1:0:3:\tclass=0x060400 card=0x346c8086 chip=0x350c8086 rev=0x01 hdr=0x01\n    class      = bridge\n    subclass   = PCI-PCI\npcib3@pci0:2:0:0:\tclass=0x060400 card=0x346c8086 chip=0x35108086 rev=0x01 hdr=0x01\n    class      = bridge\n    subclass   = PCI-PCI\npcib4@pci0:2:1:0:\tclass=0x060400 card=0x346c8086 chip=0x35148086 rev=0x01 hdr=0x01\n    class      = bridge\n    subclass   = PCI-PCI\npcib5@pci0:2:2:0:\tclass=0x060400 card=0x346c8086 chip=0x35188086 rev=0x01 hdr=0x01\n    class      = bridge\n    subclass   = PCI-PCI\nmpt0@pci0:3:0:0:\tclass=0x010000 card=0x35058086 chip=0x00621000 rev=0x04 hdr=0x00\n    class      = mass storage\n    subclass   = SCSI\nem0@pci0:5:0:0:\tclass=0x020000 card=0x346c8086 chip=0x10968086 rev=0x01 hdr=0x00\n    class      = network\n    subclass   = ethernet\nem1@pci0:5:0:1:\tclass=0x020000 card=0x346c8086 chip=0x10968086 rev=0x01 hdr=0x00\n    class      = network\n    subclass   = ethernet\nvgapci0@pci0:12:12:0:\tclass=0x030000 card=0x346c8086 chip=0x515e1002 rev=0x02 hdr=0x00\n    class      = display\n    subclass   = VGA\n\nHow-To-Repeat: Use Acer Alots R520 and install FreeBSD"
}