{
 "id": 445733,
 "bug_id": 123742,
 "attachment_id": 0,
 "creation_time": "2008-05-16T21:40:01Z",
 "creator": "mimielliot@gmail.com",
 "text": "I was trying to debug a system, console, and keyboard locked up problem\nby testing a acpi disabled kernel.  When acpi is disabled (by either\nsetting hint.acpi.0.disabled=\"1\" or using boot menu), kernel panic when boot.\n\n# system info\nCPU: Intel(R) Pentium(R) 4 CPU 2.40GHz (2394.01-MHz 686-class CPU)\nIntel D875PBZ motherboard with latest bios upgraded\n512 MB Ram\nIDE harddrive\nmpd VPN setup with another server\n\n\n# I hand type these message from console\n..\nata3: [ITHREAD]\npci0: \u003cserial bus, SMBus\u003e at device 31.3 (no driver attached)\n\nFatal trap 9: general protection fault while in kernel mode\ncpuid = 0; apic id = 00\ninstruction pinter = 0x70:0xffa\nstack pointer = 0x28:0xf80\nframe pointer = 0x28:0x0\ncode segment = base 0xc00f0000, limit 0xffff, type 0x1b\n             = DPL 0, pres 1, def32 0, gran 0\nprocessor eflags = interrupt enabled,resume, IOPL = 0\ncurrent process = 0 (swapper)\n[thread pid 0 tid 0]\nStopped at  0xffa: addb  %al,0(%eax)\n\ndb\u003e bt\nTracking pid 0 tid 0 td 0xc093f170\nuart_z8530_class(0,0,0,0,0,...) at 0xffa\n\n\n#\n# dmesg w/ acpi\n#\nCopyright (c) 1992-2008 The FreeBSD Project.\nCopyright (c) 1979, 1980, 1983, 1986, 1988, 1989, 1991, 1992, 1993, 1994\n        The Regents of the University of California. All rights reserved.\nFreeBSD is a registered trademark of The FreeBSD Foundation.\nFreeBSD 7.0-STABLE #6: Sat May 10 05:27:18 PDT 2008\n    root@xxx:/usr/obj/usr/src/sys/XXX\nTimecounter \"i8254\" frequency 1193182 Hz quality 0\nCPU: Intel(R) Pentium(R) 4 CPU 2.40GHz (2394.01-MHz 686-class CPU)\n  Origin = \"GenuineIntel\"  Id = 0xf25  Stepping = 5\n  Features=0xbfebfbff\u003cFPU,VME,DE,PSE,TSC,MSR,PAE,MCE,CX8,APIC,SEP,MTRR,PGE,MCA,CMOV,PAT,PSE36,CLFLUSH,DTS,ACPI,MMX,FXSR,SSE,SSE2,SS,HTT,TM,PBE\u003e\n  Features2=0x4400\u003cCNXT-ID,xTPR\u003e\n  Logical CPUs per core: 2\nreal memory  = 534970368 (510 MB)\navail memory = 513785856 (489 MB)\nACPI APIC Table: \u003cINTEL  D875BZLK\u003e\nFreeBSD/SMP: Multiprocessor System Detected: 2 CPUs\n cpu0 (BSP): APIC ID:  0\n cpu1 (AP): APIC ID:  1\n[chifung@marx /var/log]$ dmesg | less\nCopyright (c) 1992-2008 The FreeBSD Project.\nCopyright (c) 1979, 1980, 1983, 1986, 1988, 1989, 1991, 1992, 1993, 1994\n        The Regents of the University of California. All rights reserved.\nFreeBSD is a registered trademark of The FreeBSD Foundation.\nFreeBSD 7.0-STABLE #6: Sat May 10 05:27:18 PDT 2008\n    root@xxx:/usr/obj/usr/src/sys/XXX\nTimecounter \"i8254\" frequency 1193182 Hz quality 0\nCPU: Intel(R) Pentium(R) 4 CPU 2.40GHz (2394.01-MHz 686-class CPU)\n  Origin = \"GenuineIntel\"  Id = 0xf25  Stepping = 5\n  Features=0xbfebfbff\u003cFPU,VME,DE,PSE,TSC,MSR,PAE,MCE,CX8,APIC,SEP,MTRR,PGE,MCA,CMOV,PAT,PSE36,CLFLUSH,DTS,ACPI,MMX,FXSR,SSE,SSE2,SS,HTT,TM,PBE\u003e\n  Features2=0x4400\u003cCNXT-ID,xTPR\u003e\n  Logical CPUs per core: 2\nreal memory  = 534970368 (510 MB)\navail memory = 513785856 (489 MB)\nACPI APIC Table: \u003cINTEL  D875BZLK\u003e\nFreeBSD/SMP: Multiprocessor System Detected: 2 CPUs\n cpu0 (BSP): APIC ID:  0\n cpu1 (AP): APIC ID:  1\nioapic0 \u003cVersion 2.0\u003e irqs 0-23 on motherboard\nkbd1 at kbdmux0\nacpi0: \u003cINTEL D875BZLK\u003e on motherboard\nacpi0: [ITHREAD]\nacpi0: Power Button (fixed)\nacpi0: reservation of 0, a0000 (3) failed\nacpi0: reservation of 100000, 1ff00000 (3) failed\nTimecounter \"ACPI-fast\" frequency 3579545 Hz quality 1000\nacpi_timer0: \u003c24-bit timer at 3.579545MHz\u003e port 0x408-0x40b on acpi0\ncpu0: \u003cACPI CPU\u003e on acpi0\np4tcc0: \u003cCPU Frequency Thermal Control\u003e on cpu0\ncpu1: \u003cACPI CPU\u003e on acpi0\np4tcc1: \u003cCPU Frequency Thermal Control\u003e on cpu1\npcib0: \u003cACPI Host-PCI bridge\u003e port 0xcf8-0xcff on acpi0\npci0: \u003cACPI PCI bus\u003e on pcib0\nagp0: \u003cIntel 82875P host to AGP bridge\u003e on hostb0\npcib1: \u003cACPI PCI-PCI bridge\u003e at device 1.0 on pci0\npci1: \u003cACPI PCI bus\u003e on pcib1\nvgapci0: \u003cVGA-compatible display\u003e mem 0xf5000000-0xf5ffffff,0xf8000000-0xfbffffff irq 16 at device 0.0 on pci1\npcib2: \u003cACPI PCI-PCI bridge\u003e at device 3.0 on pci0\npci2: \u003cACPI PCI bus\u003e on pcib2\nem0: \u003cIntel(R) PRO/1000 Network Connection 6.9.0\u003e port 0xac00-0xac1f mem 0xf7000000-0xf701ffff irq 18 at device 1.0 on pci2\nem0: [FILTER]\nem0: Ethernet address: 00:07:e9:3b:bc:37\nuhci0: \u003cIntel 82801EB (ICH5) USB controller USB-A\u003e port 0xcc00-0xcc1f irq 16 at device 29.0 on pci0\nuhci0: [GIANT-LOCKED]\nuhci0: [ITHREAD]\nusb0: \u003cIntel 82801EB (ICH5) USB controller USB-A\u003e on uhci0\nusb0: USB revision 1.0\nuhub0: \u003cIntel UHCI root hub, class 9/0, rev 1.00/1.00, addr 1\u003e on usb0\nuhub0: 2 ports with 2 removable, self powered\nuhci1: \u003cIntel 82801EB (ICH5) USB controller USB-B\u003e port 0xd000-0xd01f irq 19 at device 29.1 on pci0\nuhci1: [GIANT-LOCKED]\nuhci1: [ITHREAD]\nusb1: \u003cIntel 82801EB (ICH5) USB controller USB-B\u003e on uhci1\nusb1: USB revision 1.0\nuhub1: \u003cIntel UHCI root hub, class 9/0, rev 1.00/1.00, addr 1\u003e on usb1\nuhub1: 2 ports with 2 removable, self powered\nuhci2: \u003cIntel 82801EB (ICH5) USB controller USB-C\u003e port 0xd400-0xd41f irq 18 at device 29.2 on pci0\nuhci2: [GIANT-LOCKED]\nuhci2: [ITHREAD]\nusb2: \u003cIntel 82801EB (ICH5) USB controller USB-C\u003e on uhci2\nusb2: USB revision 1.0\nuhub2: \u003cIntel UHCI root hub, class 9/0, rev 1.00/1.00, addr 1\u003e on usb2\nuhub2: 2 ports with 2 removable, self powered\nuhci3: \u003cIntel 82801EB (ICH5) USB controller USB-D\u003e port 0xd800-0xd81f irq 16 at device 29.3 on pci0\nuhci3: [GIANT-LOCKED]\nuhci3: [ITHREAD]\nusb3: \u003cIntel 82801EB (ICH5) USB controller USB-D\u003e on uhci3\nusb3: USB revision 1.0\nuhub3: \u003cIntel UHCI root hub, class 9/0, rev 1.00/1.00, addr 1\u003e on usb3\nuhub3: 2 ports with 2 removable, self powered\nehci0: \u003cIntel 82801EB/R (ICH5) USB 2.0 controller\u003e mem 0xf7200000-0xf72003ff irq 23 at device 29.7 on pci0\nehci0: [GIANT-LOCKED]\nehci0: [ITHREAD]\nusb4: EHCI version 1.0\nusb4: companion controllers, 2 ports each: usb0 usb1 usb2 usb3\nusb4: \u003cIntel 82801EB/R (ICH5) USB 2.0 controller\u003e on ehci0\nusb4: USB revision 2.0\nuhub4: \u003cIntel EHCI root hub, class 9/0, rev 2.00/1.00, addr 1\u003e on usb4\nuhub4: 8 ports with 8 removable, self powered\npcib3: \u003cACPI PCI-PCI bridge\u003e at device 30.0 on pci0\npci3: \u003cACPI PCI bus\u003e on pcib3\nrl0: \u003cRealTek 8139 10/100BaseTX\u003e port 0xbc00-0xbc7f mem 0xf7100000-0xf710007f irq 22 at device 1.0 on pci3\nmiibus0: \u003cMII bus\u003e on rl0\nrlphy0: \u003cRealTek internal media interface\u003e PHY 0 on miibus0\nrlphy0:  10baseT, 10baseT-FDX, 100baseTX, 100baseTX-FDX, auto\nrl0: Ethernet address: 00:a0:4b:04:91:b4\nrl0: [ITHREAD]\nisab0: \u003cPCI-ISA bridge\u003e at device 31.0 on pci0\nisa0: \u003cISA bus\u003e on isab0\natapci0: \u003cIntel ICH5 UDMA100 controller\u003e port 0x1f0-0x1f7,0x3f6,0x170-0x177,0x376,0xffa0-0xffaf at device 31.1 on pci0\nata0: \u003cATA channel 0\u003e on atapci0\nata0: [ITHREAD]\nata1: \u003cATA channel 1\u003e on atapci0\nata1: [ITHREAD]\natapci1: \u003cIntel ICH5 SATA150 controller\u003e port 0xec00-0xec07,0xe800-0xe803,0xe400-0xe407,0xe000-0xe003,0xdc00-0xdc0f irq 18 at device 31.2 on pci0\natapci1: [ITHREAD]\nata2: \u003cATA channel 0\u003e on atapci1\nata2: [ITHREAD]\nata3: \u003cATA channel 1\u003e on atapci1\nata3: [ITHREAD]\npci0: \u003cserial bus, SMBus\u003e at device 31.3 (no driver attached)\nacpi_button0: \u003cSleep Button\u003e on acpi0\natkbdc0: \u003cKeyboard controller (i8042)\u003e port 0x60,0x64 irq 1 on acpi0\natkbd0: \u003cAT Keyboard\u003e irq 1 on atkbdc0\nkbd0 at atkbd0\natkbd0: [GIANT-LOCKED]\natkbd0: [ITHREAD]\npsm0: \u003cPS/2 Mouse\u003e irq 12 on atkbdc0\npsm0: [GIANT-LOCKED]\npsm0: [ITHREAD]\npsm0: model Generic PS/2 mouse, device ID 0\nfdc0: \u003cfloppy drive controller\u003e port 0x3f0-0x3f1,0x3f2-0x3f3,0x3f4-0x3f5,0x3f7 irq 6 drq 2 on acpi0\nfdc0: [FILTER]\nfd0: \u003c1440-KB 3.5\" drive\u003e on fdc0 drive 0\nsio0: configured irq 4 not in bitmap of probed irqs 0\nsio0: port may not be enabled\nsio0: configured irq 4 not in bitmap of probed irqs 0\nsio0: port may not be enabled\nsio0: \u003c16550A-compatible COM port\u003e port 0x3f8-0x3ff irq 4 flags 0x10 on acpi0\nsio0: type 16550A\nsio0: [FILTER]\ncryptosoft0: \u003csoftware crypto\u003e on motherboard\npmtimer0 on isa0\nppc0: \u003cParallel port\u003e at port 0x378-0x37f irq 7 on isa0\nppc0: Generic chipset (EPP/NIBBLE) in COMPATIBLE mode\nppbus0: \u003cParallel port bus\u003e on ppc0\nppbus0: [ITHREAD]\nplip0: \u003cPLIP network interface\u003e on ppbus0\nlpt0: \u003cPrinter\u003e on ppbus0\nlpt0: Interrupt-driven port\nppi0: \u003cParallel I/O\u003e on ppbus0\nppc0: [GIANT-LOCKED]\nppc0: [ITHREAD]\nsc0: \u003cSystem console\u003e at flags 0x100 on isa0\nsc0: VGA \u003c16 virtual consoles, flags=0x300\u003e\nsio1: configured irq 3 not in bitmap of probed irqs 0\nsio1: port may not be enabled\nvga0: \u003cGeneric ISA VGA\u003e at port 0x3c0-0x3df iomem 0xa0000-0xbffff on isa0\nTimecounters tick every 1.000 msec\nIPsec: Initialized Security Association Processing.\nad0: 57241MB \u003cWDC WD600LB-55DNA0 77.07W77\u003e at ata0-master UDMA100\nSMP: AP CPU #1 Launched!\nTrying to mount root from ufs:/dev/ad0s1a\nWARNING: /var/backups was not properly dismounted\nWARNING: attempt to net_add_domain(netgraph) after domainfinalize()\nWARNING: /crypt was not properly dismounted"
}