{
 "id": 534904,
 "bug_id": 141942,
 "attachment_id": 0,
 "creation_time": "2009-12-24T10:50:02Z",
 "creator": "fabio.arpino@libero.it",
 "text": "my system (AMD XP/1GB RAM) with one or two PCI SATA VIA 6421A continuously\nshows: - interrupt storm detected on \"irq19:\"; throttling interrupt source -. \n\nIt shows when the SATA disk(s) attached to the controller are more than\nlittle accessed.\n - just tried ZFS mirror (or RAID1) configuration\n - WD disks have been set (jumper) to SATA 150\n - one or two SATA cards installed\n - tried to move cards from one slot to other (no change)\n - both when 1 disk per card or two disks on one card (ZFS mirror\n   configuration)\n - most of the unused onboard devices have been switched off in BIOS\n   (serial/parallel ports, audio, midi, game, IDE2, floppy); just IDE1,\n   USB and LAN active.\n\n  -tried with FreeBSD 8.0 and FreeNAS 7.0 (based on Freebsd 7.2)\n\nvmstat -i:\n\ninterrupt                          total       rate\nirq1: atkbd0                        2791          1\nirq14: ata0                        44931         30\nirq16: rl0                            12          0\nirq17: atapci1                    226198        151\nirq19: atapci0                    402990        269\nirq22: ehci0                        3516          2\ncpu0: timer                      2984839       1999\nTotal                            3665277       2454\n\nhead of messages:\n\nDec 23 22:12:59 provasys kernel: interrupt storm detected on \"irq17:\"; throttling interrupt source\nDec 23 22:13:00 provasys kernel: interrupt storm detected on \"irq19:\"; throttling interrupt source\nDec 23 22:13:00 provasys kernel: interrupt storm detected on \"irq17:\"; throttling interrupt source\nDec 23 22:13:01 provasys kernel: interrupt storm detected on \"irq19:\"; throttling interrupt source\nDec 23 22:13:01 provasys kernel: ad10: TIMEOUT - READ_DMA retrying (1 retry left) LBA=1605120\nDec 23 22:13:02 provasys kernel: ad4: TIMEOUT - READ_DMA retrying (1 retry left) LBA=1605760\nDec 23 22:13:02 provasys kernel: interrupt storm detected on \"irq19:\"; throttling interrupt source\nDec 23 22:13:05 provasys last message repeated 3 times\nDec 23 22:13:05 provasys halt: halted by root\nDec 23 22:13:05 provasys syslogd: exiting on signal 15\nDec 24 08:01:01 provasys syslogd: kernel boot file is /boot/kernel/kernel\nDec 24 08:01:01 provasys kernel: Copyright (c) 1992-2009 The FreeBSD Project.\nDec 24 08:01:01 provasys kernel: Copyright (c) 1979, 1980, 1983, 1986, 1988, 1989, 1991, 1992, 1993, 1994\nDec 24 08:01:01 provasys kernel: The Regents of the University of California. All rights reserved.\nDec 24 08:01:01 provasys kernel: FreeBSD is a registered trademark of The FreeBSD Foundation.\nDec 24 08:01:01 provasys kernel: FreeBSD 8.0-RELEASE #0: Sat Nov 21 15:48:17 UTC 2009\nDec 24 08:01:01 provasys kernel: root@almeida.cse.buffalo.edu:/usr/obj/usr/src/sys/GENERIC\nDec 24 08:01:01 provasys kernel: Timecounter \"i8254\" frequency 1193182 Hz quality 0\nDec 24 08:01:01 provasys kernel: CPU: AMD Athlon(tm)  (1830.01-MHz 686-class CPU)\nDec 24 08:01:01 provasys kernel: Origin = \"AuthenticAMD\"  Id = 0x681  Stepping = 1\nDec 24 08:01:01 provasys kernel: Features=0x383fbff\u003cFPU,VME,DE,PSE,TSC,MSR,PAE,MCE,CX8,APIC,SEP,MTRR,PGE,MCA,CMOV,PAT,PSE36,MMX,FXSR,SSE\u003e\nDec 24 08:01:01 provasys kernel: AMD Features=0xc0400800\u003cSYSCALL,MMX+,3DNow!+,3DNow!\u003e\nDec 24 08:01:01 provasys kernel: real memory  = 1610612736 (1536 MB)\nDec 24 08:01:01 provasys kernel: avail memory = 1563680768 (1491 MB)\nDec 24 08:01:01 provasys kernel: ACPI APIC Table: \u003cNvidia AWRDACPI\u003e\nDec 24 08:01:01 provasys kernel: ioapic0 \u003cVersion 1.1\u003e irqs 0-23 on motherboard\nDec 24 08:01:01 provasys kernel: kbd1 at kbdmux0\nDec 24 08:01:01 provasys kernel: acpi0: \u003cNvidia AWRDACPI\u003e on motherboard\nDec 24 08:01:01 provasys kernel: acpi0: [ITHREAD]\nDec 24 08:01:01 provasys kernel: acpi0: Power Button (fixed)\nDec 24 08:01:01 provasys kernel: acpi0: reservation of 0, a0000 (3) failed\nDec 24 08:01:01 provasys kernel: acpi0: reservation of 100000, 5fef0000 (3) failed\nDec 24 08:01:01 provasys kernel: Timecounter \"ACPI-fast\" frequency 3579545 Hz quality 1000\nDec 24 08:01:01 provasys kernel: acpi_timer0: \u003c24-bit timer at 3.579545MHz\u003e port 0x1008-0x100b on acpi0\nDec 24 08:01:01 provasys kernel: acpi_button0: \u003cPower Button\u003e on acpi0\nDec 24 08:01:01 provasys kernel: pcib0: \u003cACPI Host-PCI bridge\u003e port 0xcf8-0xcff,0xcf0-0xcf3 on acpi0\nDec 24 08:01:01 provasys kernel: pci0: \u003cACPI PCI bus\u003e on pcib0\nDec 24 08:01:01 provasys kernel: Correcting nForce2 C1 CPU disconnect hangs\nDec 24 08:01:01 provasys kernel: agp0: \u003cNVIDIA nForce2 AGP Controller\u003e on hostb0\nDec 24 08:01:01 provasys kernel: pci0: \u003cmemory, RAM\u003e at device 0.1 (no driver attached)\nDec 24 08:01:01 provasys kernel: pci0: \u003cmemory, RAM\u003e at device 0.2 (no driver attached)\nDec 24 08:01:01 provasys kernel: pci0: \u003cmemory, RAM\u003e at device 0.3 (no driver attached)\nDec 24 08:01:01 provasys kernel: pci0: \u003cmemory, RAM\u003e at device 0.4 (no driver attached)\nDec 24 08:01:01 provasys kernel: pci0: \u003cmemory, RAM\u003e at device 0.5 (no driver attached)\nDec 24 08:01:01 provasys kernel: isab0: \u003cPCI-ISA bridge\u003e at device 1.0 on pci0\nDec 24 08:01:01 provasys kernel: isa0: \u003cISA bus\u003e on isab0\nDec 24 08:01:01 provasys kernel: pci0: \u003cserial bus, SMBus\u003e at device 1.1 (no driver attached)\nDec 24 08:01:01 provasys kernel: ohci0: \u003cOHCI (generic) USB controller\u003e mem 0xee003000-0xee003fff irq 20 at device 2.0 on pci0\nDec 24 08:01:01 provasys kernel: ohci0: [ITHREAD]\nDec 24 08:01:01 provasys kernel: usbus0: \u003cOHCI (generic) USB controller\u003e on ohci0\nDec 24 08:01:01 provasys kernel: ohci1: \u003cOHCI (generic) USB controller\u003e mem 0xee004000-0xee004fff irq 21 at device 2.1 on pci0\nDec 24 08:01:01 provasys kernel: ohci1: [ITHREAD]\nDec 24 08:01:01 provasys kernel: usbus1: \u003cOHCI (generic) USB controller\u003e on ohci1\nDec 24 08:01:01 provasys kernel: ehci0: \u003cNVIDIA nForce2 USB 2.0 controller\u003e mem 0xee000000-0xee0000ff irq 22 at device 2.2 on pci0\nDec 24 08:01:01 provasys kernel: ehci0: [ITHREAD]\nDec 24 08:01:01 provasys kernel: usbus2: EHCI version 1.0\nDec 24 08:01:01 provasys kernel: usbus2: \u003cNVIDIA nForce2 USB 2.0 controller\u003e on ehci0\nDec 24 08:01:01 provasys kernel: pcib1: \u003cACPI PCI-PCI bridge\u003e at device 8.0 on pci0\nDec 24 08:01:01 provasys kernel: pci1: \u003cACPI PCI bus\u003e on pcib1\nDec 24 08:01:01 provasys kernel: vgapci0: \u003cVGA-compatible display\u003e port 0xa000-0xa0ff mem 0xe0000000-0xe7ffffff,0xed000000-0xed07ffff irq 18 at device 6.0 on pci1\nDec 24 08:01:01 provasys kernel: atapci0: \u003cVIA 6421 SATA150 controller\u003e port 0xa400-0xa40f,0xa800-0xa80f,0xac00-0xac0f,0xb000-0xb00f,0xb400-0xb41f,0xb800-0xb8ff irq 19 at device 7.0 on pci1\nDec 24 08:01:01 provasys kernel: atapci0: [ITHREAD]\nDec 24 08:01:01 provasys kernel: ata2: \u003cATA channel 0\u003e on atapci0\nDec 24 08:01:01 provasys kernel: ata2: [ITHREAD]\nDec 24 08:01:01 provasys kernel: ata3: \u003cATA channel 1\u003e on atapci0\nDec 24 08:01:01 provasys kernel: ata3: [ITHREAD]\nDec 24 08:01:01 provasys kernel: ata4: \u003cATA channel 2\u003e on atapci0\nDec 24 08:01:01 provasys kernel: ata4: [ITHREAD]\nDec 24 08:01:01 provasys kernel: atapci1: \u003cVIA 6421 SATA150 controller\u003e port 0xbc00-0xbc0f,0xc000-0xc00f,0xc400-0xc40f,0xc800-0xc80f,0xcc00-0xcc1f,0xd000-0xd0ff irq 17 at device 9.0 on pci1\nDec 24 08:01:01 provasys kernel: atapci1: [ITHREAD]\nDec 24 08:01:01 provasys kernel: ata5: \u003cATA channel 0\u003e on atapci1\nDec 24 08:01:01 provasys kernel: ata5: [ITHREAD]\nDec 24 08:01:01 provasys kernel: ata6: \u003cATA channel 1\u003e on atapci1\nDec 24 08:01:01 provasys kernel: ata6: [ITHREAD]\nDec 24 08:01:01 provasys kernel: ata7: \u003cATA channel 2\u003e on atapci1\nDec 24 08:01:01 provasys kernel: ata7: [ITHREAD]\nDec 24 08:01:01 provasys kernel: rl0: \u003cRealTek 8139 10/100BaseTX\u003e port 0xd400-0xd4ff mem 0xed080000-0xed0800ff irq 16 at device 11.0 on pci1\nDec 24 08:01:01 provasys kernel: miibus0: \u003cMII bus\u003e on rl0\nDec 24 08:01:01 provasys kernel: rlphy0: \u003cRealTek internal media interface\u003e PHY 0 on miibus0\nDec 24 08:01:01 provasys kernel: rlphy0:  10baseT, 10baseT-FDX, 100baseTX, 100baseTX-FDX, auto\nDec 24 08:01:01 provasys kernel: rl0: Ethernet address: 00:0d:61:7f:4d:22\nDec 24 08:01:01 provasys kernel: rl0: [ITHREAD]\nDec 24 08:01:01 provasys kernel: atapci2: \u003cnVidia nForce2 UDMA133 controller\u003e port 0x1f0-0x1f7,0x3f6,0x170-0x177,0x376,0xf000-0xf00f at device 9.0 on pci0\nDec 24 08:01:01 provasys kernel: ata0: \u003cATA channel 0\u003e on atapci2\nDec 24 08:01:01 provasys kernel: ata0: [ITHREAD]\nDec 24 08:01:01 provasys kernel: ata1: \u003cATA channel 1\u003e on atapci2\nDec 24 08:01:01 provasys kernel: ata1: [ITHREAD]\nDec 24 08:01:01 provasys kernel: pcib2: \u003cACPI PCI-PCI bridge\u003e at device 30.0 on pci0\nDec 24 08:01:01 provasys kernel: pci2: \u003cACPI PCI bus\u003e on pcib2\nDec 24 08:01:01 provasys kernel: atrtc0: \u003cAT realtime clock\u003e port 0x70-0x73 irq 8 on acpi0\nDec 24 08:01:01 provasys kernel: atkbdc0: \u003cKeyboard controller (i8042)\u003e port 0x60,0x64 irq 1 on acpi0\nDec 24 08:01:01 provasys kernel: atkbd0: \u003cAT Keyboard\u003e irq 1 on atkbdc0\nDec 24 08:01:01 provasys kernel: kbd0 at atkbd0\nDec 24 08:01:01 provasys kernel: atkbd0: [GIANT-LOCKED]\nDec 24 08:01:01 provasys kernel: atkbd0: [ITHREAD]\nDec 24 08:01:01 provasys kernel: psm0: \u003cPS/2 Mouse\u003e irq 12 on atkbdc0\nDec 24 08:01:01 provasys kernel: psm0: [GIANT-LOCKED]\nDec 24 08:01:01 provasys kernel: psm0: [ITHREAD]\nDec 24 08:01:01 provasys kernel: psm0: model Generic PS/2 mouse, device ID 0\nDec 24 08:01:01 provasys kernel: cpu0: \u003cACPI CPU\u003e on acpi0\nDec 24 08:01:01 provasys kernel: pmtimer0 on isa0\nDec 24 08:01:01 provasys kernel: orm0: \u003cISA Option ROM\u003e at iomem 0xc0000-0xcafff pnpid ORM0000 on isa0\nDec 24 08:01:01 provasys kernel: sc0: \u003cSystem console\u003e at flags 0x100 on isa0\nDec 24 08:01:01 provasys kernel: sc0: VGA \u003c16 virtual consoles, flags=0x300\u003e\nDec 24 08:01:01 provasys kernel: vga0: \u003cGeneric ISA VGA\u003e at port 0x3c0-0x3df iomem 0xa0000-0xbffff on isa0\nDec 24 08:01:01 provasys kernel: ppc0: parallel port not found.\nDec 24 08:01:01 provasys kernel: Timecounter \"TSC\" frequency 1830011307 Hz quality 800\nDec 24 08:01:01 provasys kernel: Timecounters tick every 1.000 msec\nDec 24 08:01:01 provasys kernel: usbus0: 12Mbps Full Speed USB v1.0\nDec 24 08:01:01 provasys kernel: usbus1: 12Mbps Full Speed USB v1.0\nDec 24 08:01:01 provasys kernel: usbus2: 480Mbps High Speed USB v2.0\nDec 24 08:01:01 provasys kernel: ad0: 8062MB \u003cQUANTUM FIREBALLlct08 08 A05.0X00\u003e at ata0-master UDMA66\nDec 24 08:01:01 provasys kernel: ugen0.1: \u003cnVidia\u003e at usbus0\nDec 24 08:01:01 provasys kernel: uhub0: \u003cnVidia OHCI root HUB, class 9/0, rev 1.00/1.00, addr 1\u003e on usbus0\nDec 24 08:01:01 provasys kernel: ugen1.1: \u003cnVidia\u003e at usbus1\nDec 24 08:01:01 provasys kernel: uhub1: \u003cnVidia OHCI root HUB, class 9/0, rev 1.00/1.00, addr 1\u003e on usbus1\nDec 24 08:01:01 provasys kernel: ugen2.1: \u003cnVidia\u003e at usbus2\nDec 24 08:01:01 provasys kernel: uhub2: \u003cnVidia EHCI root HUB, class 9/0, rev 2.00/1.00, addr 1\u003e on usbus2\nDec 24 08:01:01 provasys kernel: acd0: CDROM \u003cNEC CD-ROM CD-3002A/C000\u003e at ata0-slave UDMA33\nDec 24 08:01:01 provasys kernel: ad4: 476940MB \u003cWDC WD5000AADS-00S9B0 01.00A01\u003e at ata2-master SATA150\nDec 24 08:01:01 provasys kernel: uhub0: 3 ports with 3 removable, self powered\nDec 24 08:01:01 provasys kernel: uhub1: 3 ports with 3 removable, self powered\nDec 24 08:01:01 provasys kernel: ad10: 476940MB \u003cWDC WD5000AADS-00S9B0 01.00A01\u003e at ata5-master SATA150\nDec 24 08:01:01 provasys kernel: Root mount waiting for: usbus2\nDec 24 08:01:01 provasys kernel: Root mount waiting for: usbus2\nDec 24 08:01:01 provasys kernel: uhub2: 6 ports with 6 removable, self powered\nDec 24 08:01:01 provasys kernel: Trying to mount root from ufs:/dev/ad0s1a\nDec 24 08:01:03 provasys kernel: rl0: link state changed to UP\nDec 24 08:01:09 provasys dhclient: New IP Address (rl0): 192.168.1.2\nDec 24 08:01:09 provasys dhclient: New Subnet Mask (rl0): 255.255.255.0\nDec 24 08:01:09 provasys dhclient: New Broadcast Address (rl0): 192.168.1.255\nDec 24 08:01:09 provasys dhclient: New Routers (rl0): 192.168.1.1\nDec 24 08:01:11 provasys login: ROOT LOGIN (root) ON ttyv0\nDec 24 08:01:52 provasys root: Unknown USB device: vendor 0x0951 product 0x1603 bus uhub2\nDec 24 08:01:52 provasys kernel: ugen2.2: \u003cKingston\u003e at usbus2\nDec 24 08:01:52 provasys kernel: umass0: \u003cKingston DataTraveler 2.00000000934, class 0/0, rev 2.00/2.00, addr 2\u003e on usbus2\nDec 24 08:01:52 provasys kernel: umass0:  SCSI over Bulk-Only; quirks = 0x0000\nDec 24 08:01:53 provasys kernel: umass0:0:0:-1: Attached to scbus0\nDec 24 08:01:53 provasys kernel: da0 at umass-sim0 bus 0 target 0 lun 0\nDec 24 08:01:53 provasys kernel: da0: \u003cKingston DataTraveler 2.0 1.00\u003e Removable Direct Access SCSI-2 device \nDec 24 08:01:53 provasys kernel: da0: 40.000MB/s transfers\nDec 24 08:01:53 provasys kernel: da0: 953MB (1952256 512 byte sectors: 64H 32S/T 953C)\nDec 24 08:02:22 provasys login: ROOT LOGIN (root) ON ttyv1\n\nFix: Patch attached with submission follows:\nHow-To-Repeat:  - PCI SATA VIA 6421A controller board\n - two SATA disks in ZFS mirror (or 1 PATA+2SATA in ZFS raid1)\n - heavy read/write load or \"zpool scrub\" starts errors"
}