{
 "id": 365647,
 "bug_id": 106850,
 "attachment_id": 0,
 "creation_time": "2006-12-18T06:00:32Z",
 "creator": "dbmoler@yahoo.com",
 "text": "I can't get powerd working on an Athlon X2.  \n\nin rc.conf I have:\npowerd_enable=\"YES\"\npowerd_flags=\"-a adaptive -n adaptive -r 25\"\n\nin loader.conf I have:\ncpufreq_load=\"YES\"\n\ndmesg gives me:\n\nCopyright (c) 1992-2006 The FreeBSD Project.\nCopyright (c) 1979, 1980, 1983, 1986, 1988, 1989, 1991, 1992, 1993, 1994\n        The Regents of the University of California. All rights reserved.\nFreeBSD is a registered trademark of The FreeBSD Foundation.\nFreeBSD 6.2-PRERELEASE #30: Sun Dec 17 01:08:30 PST 2006\n    dbmoler@aragorn:/usr/obj/usr/src/sys/ARAGORN\nTimecounter \"i8254\" frequency 1193182 Hz quality 0\nCPU: AMD Athlon(tm) 64 X2 Dual Core Processor 3800+ (1999.79-MHz 686-class CPU)\n  Origin = \"AuthenticAMD\"  Id = 0x20fb1  Stepping = 1\n  Features=0x178bfbff\u003cFPU,VME,DE,PSE,TSC,MSR,PAE,MCE,CX8,APIC,SEP,MTRR,PGE,MCA,CMOV,PAT,PSE36,CLFLUSH,MMX,FXSR,SSE,S\nSE2,HTT\u003e\n  Features2=0x1\u003cSSE3\u003e\n  AMD Features=0xe2500800\u003cSYSCALL,NX,MMX+,FFXSR,LM,3DNow+,3DNow\u003e\n  AMD Features2=0x3\u003cLAHF,CMP\u003e\n  Cores per package: 2\nreal memory  = 1072562176 (1022 MB)\navail memory = 1040416768 (992 MB)\nACPI APIC Table: \u003cVIAK8T AWRDACPI\u003e\nFreeBSD/SMP: Multiprocessor System Detected: 2 CPUs\n cpu0 (BSP): APIC ID:  0\n cpu1 (AP): APIC ID:  1\nioapic0: Changing APIC ID to 2\nioapic0 \u003cVersion 0.3\u003e irqs 0-23 on motherboard\nbktr_mem: memory holder loaded\nath_hal: 0.9.17.2 (AR5210, AR5211, AR5212, RF5111, RF5112, RF2413, RF5413)\nacpi0: \u003cVIAK8T AWRDACPI\u003e on motherboard\nacpi0: Power Button (fixed)\nTimecounter \"ACPI-fast\" frequency 3579545 Hz quality 1000\nacpi_timer0: \u003c24-bit timer at 3.579545MHz\u003e port 0x4008-0x400b on acpi0\ncpu0: \u003cACPI CPU\u003e on acpi0\npowernow0: \u003cCool`n'Quiet K8\u003e on cpu0\ndevice_attach: powernow0 attach returned 6\ncpu1: \u003cACPI CPU\u003e on acpi0\npowernow1: \u003cCool`n'Quiet K8\u003e on cpu1\ndevice_attach: powernow1 attach returned 6\nacpi_button0: \u003cPower Button\u003e on acpi0\n\nI've seen other reports to this effect but no solution.  I had this working\na while ago with the same motherboard, but different cpu.  Not sure when it\nstopped working, but it was a while ago."
}