{
 "id": 1253884,
 "bug_id": 270648,
 "attachment_id": 0,
 "creation_time": "2023-04-05T07:39:47Z",
 "creator": "as@tenoware.com",
 "text": "FreeBSD-12.1, 2, 3 work perfectly fine. 12.4 panics on boot.\n\nThe image: FreeBSD-12.4-RELEASE-arm-armv7-WANDBOARD.img\n\n\nU-Boot SPL 2022.04 (Nov 30 2022 - 03:27:09 +0000)\nTrying to boot from MMC1\n\n\nU-Boot 2022.04 (Nov 30 2022 - 03:27:09 +0000)\n\nCPU:   Freescale i.MX6Q rev1.3 at 792 MHz\nReset cause: WDOG\nDRAM:  2 GiB\nCore:  48 devices, 13 uclasses, devicetree: separate\nPMIC:  PFUZE100 ID=0x10\nMMC:   FSL_SDHC: 4, FSL_SDHC: 1, FSL_SDHC: 0\nLoading Environment from MMC... *** Warning - bad CRC, using default environment\n\nNo panel detected: default to HDMI\nDisplay: HDMI (1024x768)\nIn:    serial\nOut:   serial\nErr:   serial\nBoard: Wandboard rev D1\nNet:   eth0: ethernet@2188000\nHit any key to stop autoboot:  0 \nswitch to partitions #0, OK\nmmc0 is current device\nScanning mmc 0:1...\nlibfdt fdt_check_header(): FDT_ERR_BADMAGIC\nMMC: no card present\nScanning disk usdhc@2190000.blk...\nDisk usdhc@2190000.blk not ready\nCard did not respond to voltage select! : -110\nScanning disk usdhc@2194000.blk...\nDisk usdhc@2194000.blk not ready\nScanning disk usdhc@2198000.blk...\nFound 3 disks\nNo EFI system partition\nERROR: invalid device tree\nFound EFI removable media binary efi/boot/bootarm.efi\n607732 bytes read in 33 ms (17.6 MiB/s)\nlibfdt fdt_check_header(): FDT_ERR_BADMAGIC\nBooting /efi\\boot\\bootarm.efi\nConsoles: EFI console  \n    Reading loader env vars from /efi/freebsd/loader.env\nSetting currdev to disk0p1:\nFreeBSD/arm EFI loader, Revision 1.1\n\n   Command line arguments: l\n   Image base: 0x8d4d6000\n   EFI version: 2.90\n   EFI Firmware: Das U-Boot (rev 8226.1024)\n   Console: efi (0x1000)\n   Load Path: /efi\\boot\\bootarm.efi\n   Load Device: /VenHw(e61d73b9-a384-4acc-aeab-82e828f3628b)/SD(0)/SD(2)/HD(1,0x01,0,0x4000,0x19000)\nTrying ESP: /VenHw(e61d73b9-a384-4acc-aeab-82e828f3628b)/SD(0)/SD(2)/HD(1,0x01,0,0x4000,0x19000)\nSetting currdev to disk0p1:\nTrying: /VenHw(e61d73b9-a384-4acc-aeab-82e828f3628b)/SD(0)/SD(2)/HD(2,0x01,0,0x1d000,0x5e3000)\nSetting currdev to disk0p2:\nLoading /boot/defaults/loader.conf\nLoading /boot/defaults/loader.conf\nLoading /boot/device.hints\nLoading /boot/loader.conf\nLoading /boot/loader.conf.local\nLoading kernel...\n/boot/kernel/kernel text=0x1b4 text=0x7354e8 text=0x185b5c data=0xa52f0 data=0x0+0x1f0000 syms=[0x4+0xa7010+0x4+0x109fe0]\nLoading configured modules...\n/boot/kernel/umodem.ko text=0x14c0 text=0xed0 data=0x22c+0x4 syms=[0x4+0xe10+0x4+0xa4f]\nloading required module 'ucom'\n/boot/kernel/ucom.ko text=0x1714 text=0x2cbc data=0x3c4+0x838 syms=[0x4+0x13e0+0x4+0xbac]\ncan't find '/etc/hostid'\ncan't find '/boot/entropy'\n\nHit [Enter] to boot immediately, or any other key for command prompt.\nBooting [/boot/kernel/kernel]...               \nUsing DTB provided by EFI at 0x17f00000.\nKernel entry at 0x87600200...\nKernel args: (null)\n---\u003c\u003cBOOT\u003e\u003e---\nCopyright (c) 1992-2021 The FreeBSD Project.\nCopyright (c) 1979, 1980, 1983, 1986, 1988, 1989, 1991, 1992, 1993, 1994\n\tThe Regents of the University of California. All rights reserved.\nFreeBSD is a registered trademark of The FreeBSD Foundation.\nFreeBSD 12.4-RELEASE r372781 GENERIC arm\nFreeBSD clang version 13.0.0 (git@github.com:llvm/llvm-project.git llvmorg-13.0.0-0-gd7b669b3a303)\nVT: init without driver.\nCPU: ARM Cortex-A9 r2p10 (ECO: 0x00000000)\nCPU Features: \n  Multiprocessing, Thumb2, Security, VMSAv7, Coherent Walk\nOptional instructions: \n  UMULL, SMULL, SIMD(ext)\nLoUU:2 LoC:2 LoUIS:2 \nCache level 1:\n 32KB/32B 4-way data cache WB Read-Alloc Write-Alloc\n 32KB/32B 4-way instruction cache Read-Alloc\nreal memory  = 2130169856 (2031 MB)\navail memory = 2070831104 (1974 MB)\nNo PSCI/SMCCC call function found\nFreeBSD/SMP: Multiprocessor System Detected: 4 CPUs\narc4random: WARNING: initial seeding bypassed the cryptographic random device because it was not yet seeded and the knob 'bypass_before_seeding' was enabled.\nrandom: entropy device external interface\nWARNING: Device \"g_ctl\" is Giant locked and may be deleted before FreeBSD 14.0.\nWARNING: Device \"pci\" is Giant locked and may be deleted before FreeBSD 14.0.\nWARNING: Device \"kbd\" is Giant locked and may be deleted before FreeBSD 14.0.\nkbd0 at kbdmux0\nWARNING: Device \"openfirm\" is Giant locked and may be deleted before FreeBSD 14.0.\nofwbus0: \u003cOpen Firmware Device Tree\u003e\nofw_clkbus0: \u003cOFW clocks bus\u003e on ofwbus0\nclk_fixed0: \u003cFixed clock\u003e on ofw_clkbus0\nclk_fixed1: \u003cFixed clock\u003e on ofw_clkbus0\nclk_fixed2: \u003cFixed clock\u003e on ofw_clkbus0\nsimplebus0: \u003cFlattened device tree simple bus\u003e on ofwbus0\nsimplebus1: \u003cFlattened device tree simple bus\u003e mem 0x2000000-0x20fffff on simplebus0\nsimplebus2: \u003cFlattened device tree simple bus\u003e mem 0x2000000-0x203ffff on simplebus1\nimx6_anatop0: \u003cFreescale i.MX6 Analog PLLs and Power\u003e mem 0x20c8000-0x20c8fff irq 47,48,49 on simplebus1\nsimplebus3: \u003cFlattened device tree simple bus\u003e mem 0x2100000-0x21fffff on simplebus0\nregfix0: \u003cFixed Regulator\u003e on ofwbus0\nregfix1: \u003cFixed Regulator\u003e on ofwbus0\nregfix2: \u003cFixed Regulator\u003e on ofwbus0\nregfix3: \u003cFixed Regulator\u003e on ofwbus0\nsimple_mfd0: \u003cSimple MFD (Multi-Functions Device)\u003e mem 0x20cc000-0x20cffff on simplebus1\nsimple_mfd1: \u003cSimple MFD (Multi-Functions Device)\u003e mem 0x20e0000-0x20e0037 on simplebus1\nocotp0: \u003cFreescale On-Chip One-Time-Programmable Memory\u003e mem 0x21bc000-0x21bffff on simplebus3\nccm0: \u003cFreescale i.MX6 Clock Control Module\u003e mem 0x20c4000-0x20c7fff irq 45,46 on simplebus1\nl2cache0: \u003cPL310 L2 cache controller\u003e mem 0xa02000-0xa02fff irq 11 on simplebus0\nl2cache0: cannot allocate IRQ, not using interrupt\nl2cache0: Part number: 0x3, release: 0x7\nl2cache0: L2 Cache enabled: 1024KB/32B 16 ways\nimx_iomux0: \u003cFreescale i.MX pin configuration\u003e mem 0x20e0000-0x20e3fff on simplebus1\nimx_iomux0: Cannot allocate memory resources\ndevice_attach: imx_iomux0 attach returned 6\nimx_iomux0: \u003cFreescale i.MX pin configuration\u003e mem 0x20e0000-0x20e3fff on simplebus1\nimx_iomux0: Cannot allocate memory resources\ndevice_attach: imx_iomux0 attach returned 6\nsdma0: \u003ci.MX6 Smart Direct Memory Access Controller\u003e mem 0x20ec000-0x20effff irq 60 on simplebus1\nsdma0: could not allocate resources\ndevice_attach: sdma0 attach returned 6\nimx_iomux0: \u003cFreescale i.MX pin configuration\u003e mem 0x20e0000-0x20e3fff on simplebus1\nimx_iomux0: Cannot allocate memory resources\ndevice_attach: imx_iomux0 attach returned 6\nsdma0: \u003ci.MX6 Smart Direct Memory Access Controller\u003e mem 0x20ec000-0x20effff irq 60 on simplebus1\nsdma0: could not allocate resources\ndevice_attach: sdma0 attach returned 6\nimx_iomux0: \u003cFreescale i.MX pin configuration\u003e mem 0x20e0000-0x20e3fff on simplebus1\nimx_iomux0: Cannot allocate memory resources\ndevice_attach: imx_iomux0 attach returned 6\nsdma0: \u003ci.MX6 Smart Direct Memory Access Controller\u003e mem 0x20ec000-0x20effff irq 60 on simplebus1\nsdma0: could not allocate resources\ndevice_attach: sdma0 attach returned 6\ngic0: \u003cARM Generic Interrupt Controller\u003e mem 0xa01000-0xa01fff,0xa00100-0xa001ff on simplebus0\ngic0: pn 0x39, arch 0x1, rev 0x2, implementer 0x43b irqs 160\nimx_iomux0: \u003cFreescale i.MX pin configuration\u003e mem 0x20e0000-0x20e3fff on simplebus1\nimx_iomux0: Cannot allocate memory resources\ndevice_attach: imx_iomux0 attach returned 6\nsdma0: \u003ci.MX6 Smart Direct Memory Access Controller\u003e mem 0x20ec000-0x20effff irq 60 on simplebus1\nsdma0: could not allocate resources\ndevice_attach: sdma0 attach returned 6\nimx_iomux0: \u003cFreescale i.MX pin configuration\u003e mem 0x20e0000-0x20e3fff on simplebus1\nimx_iomux0: Cannot allocate memory resources\ndevice_attach: imx_iomux0 attach returned 6\nsdma0: \u003ci.MX6 Smart Direct Memory Access Controller\u003e mem 0x20ec000-0x20effff irq 60 on simplebus1\nsdma0: could not allocate resources\ndevice_attach: sdma0 attach returned 6\ngpio0: \u003cFreescale i.MX GPIO Controller\u003e mem 0x209c000-0x209ffff irq 28,29 on simplebus1\ngpio0: could not allocate resources\ndevice_attach: gpio0 attach returned 6\ngpio0: \u003cFreescale i.MX GPIO Controller\u003e mem 0x20a0000-0x20a3fff irq 30,31 on simplebus1\ngpio0: could not allocate resources\ndevice_attach: gpio0 attach returned 6\ngpio0: \u003cFreescale i.MX GPIO Controller\u003e mem 0x20a4000-0x20a7fff irq 32,33 on simplebus1\ngpio0: could not allocate resources\ndevice_attach: gpio0 attach returned 6\ngpio0: \u003cFreescale i.MX GPIO Controller\u003e mem 0x20a8000-0x20abfff irq 34,35 on simplebus1\ngpio0: could not allocate resources\ndevice_attach: gpio0 attach returned 6\ngpio0: \u003cFreescale i.MX GPIO Controller\u003e mem 0x20ac000-0x20affff irq 36,37 on simplebus1\ngpio0: could not allocate resources\ndevice_attach: gpio0 attach returned 6\ngpio0: \u003cFreescale i.MX GPIO Controller\u003e mem 0x20b0000-0x20b3fff irq 38,39 on simplebus1\ngpio0: could not allocate resources\ndevice_attach: gpio0 attach returned 6\ngpio0: \u003cFreescale i.MX GPIO Controller\u003e mem 0x20b4000-0x20b7fff irq 40,41 on simplebus1\ngpio0: could not allocate resources\ndevice_attach: gpio0 attach returned 6\nimx_iomux0: \u003cFreescale i.MX pin configuration\u003e mem 0x20e0000-0x20e3fff on simplebus1\nimx_iomux0: Cannot allocate memory resources\ndevice_attach: imx_iomux0 attach returned 6\nsdma0: \u003ci.MX6 Smart Direct Memory Access Controller\u003e mem 0x20ec000-0x20effff irq 60 on simplebus1\nsdma0: could not allocate resources\ndevice_attach: sdma0 attach returned 6\ngpio0: \u003cFreescale i.MX GPIO Controller\u003e mem 0x209c000-0x209ffff irq 28,29 on simplebus1\ngpio0: could not allocate resources\ndevice_attach: gpio0 attach returned 6\ngpio0: \u003cFreescale i.MX GPIO Controller\u003e mem 0x20a0000-0x20a3fff irq 30,31 on simplebus1\ngpio0: could not allocate resources\ndevice_attach: gpio0 attach returned 6\ngpio0: \u003cFreescale i.MX GPIO Controller\u003e mem 0x20a4000-0x20a7fff irq 32,33 on simplebus1\ngpio0: could not allocate resources\ndevice_attach: gpio0 attach returned 6\ngpio0: \u003cFreescale i.MX GPIO Controller\u003e mem 0x20a8000-0x20abfff irq 34,35 on simplebus1\ngpio0: could not allocate resources\ndevice_attach: gpio0 attach returned 6\ngpio0: \u003cFreescale i.MX GPIO Controller\u003e mem 0x20ac000-0x20affff irq 36,37 on simplebus1\ngpio0: could not allocate resources\ndevice_attach: gpio0 attach returned 6\ngpio0: \u003cFreescale i.MX GPIO Controller\u003e mem 0x20b0000-0x20b3fff irq 38,39 on simplebus1\ngpio0: could not allocate resources\ndevice_attach: gpio0 attach returned 6\ngpio0: \u003cFreescale i.MX GPIO Controller\u003e mem 0x20b4000-0x20b7fff irq 40,41 on simplebus1\ngpio0: could not allocate resources\ndevice_attach: gpio0 attach returned 6\nimx_iomux0: \u003cFreescale i.MX pin configuration\u003e mem 0x20e0000-0x20e3fff on simplebus1\nimx_iomux0: Cannot allocate memory resources\ndevice_attach: imx_iomux0 attach returned 6\nsdma0: \u003ci.MX6 Smart Direct Memory Access Controller\u003e mem 0x20ec000-0x20effff irq 60 on simplebus1\nsdma0: could not allocate resources\ndevice_attach: sdma0 attach returned 6\ngpio0: \u003cFreescale i.MX GPIO Controller\u003e mem 0x209c000-0x209ffff irq 28,29 on simplebus1\ngpio0: could not allocate resources\ndevice_attach: gpio0 attach returned 6\ngpio0: \u003cFreescale i.MX GPIO Controller\u003e mem 0x20a0000-0x20a3fff irq 30,31 on simplebus1\ngpio0: could not allocate resources\ndevice_attach: gpio0 attach returned 6\ngpio0: \u003cFreescale i.MX GPIO Controller\u003e mem 0x20a4000-0x20a7fff irq 32,33 on simplebus1\ngpio0: could not allocate resources\ndevice_attach: gpio0 attach returned 6\ngpio0: \u003cFreescale i.MX GPIO Controller\u003e mem 0x20a8000-0x20abfff irq 34,35 on simplebus1\ngpio0: could not allocate resources\ndevice_attach: gpio0 attach returned 6\ngpio0: \u003cFreescale i.MX GPIO Controller\u003e mem 0x20ac000-0x20affff irq 36,37 on simplebus1\ngpio0: could not allocate resources\ndevice_attach: gpio0 attach returned 6\ngpio0: \u003cFreescale i.MX GPIO Controller\u003e mem 0x20b0000-0x20b3fff irq 38,39 on simplebus1\ngpio0: could not allocate resources\ndevice_attach: gpio0 attach returned 6\ngpio0: \u003cFreescale i.MX GPIO Controller\u003e mem 0x20b4000-0x20b7fff irq 40,41 on simplebus1\ngpio0: could not allocate resources\ndevice_attach: gpio0 attach returned 6\nimx_wdog0: \u003cFreescale i.MX Watchdog\u003e mem 0x20bc000-0x20bffff irq 43 on simplebus1\nimx_wdog0: could not allocate resources\ndevice_attach: imx_wdog0 attach returned 6\nimx_epit0: \u003ci.MX EPIT timer\u003e mem 0x20d0000-0x20d3fff irq 52 on simplebus1\nTimecounter \"EPIT\" frequency 66000000 Hz quality 1000\nimx_iomux0: \u003cFreescale i.MX pin configuration\u003e mem 0x20e0000-0x20e3fff on simplebus1\nimx_iomux0: Cannot allocate memory resources\ndevice_attach: imx_iomux0 attach returned 6\nsdma0: \u003ci.MX6 Smart Direct Memory Access Controller\u003e mem 0x20ec000-0x20effff irq 60 on simplebus1\nsdma0: could not allocate resources\ndevice_attach: sdma0 attach returned 6\nmp_tmr0: \u003cARM MPCore Timers\u003e mem 0xa00600-0xa0061f irq 10 on simplebus0\nEvent timer \"MPCore\" frequency 492000000 Hz quality 1000\ngpio0: \u003cFreescale i.MX GPIO Controller\u003e mem 0x209c000-0x209ffff irq 28,29 on simplebus1\ngpio0: could not allocate resources\ndevice_attach: gpio0 attach returned 6\ngpio0: \u003cFreescale i.MX GPIO Controller\u003e mem 0x20a0000-0x20a3fff irq 30,31 on simplebus1\ngpio0: could not allocate resources\ndevice_attach: gpio0 attach returned 6\ngpio0: \u003cFreescale i.MX GPIO Controller\u003e mem 0x20a4000-0x20a7fff irq 32,33 on simplebus1\ngpio0: could not allocate resources\ndevice_attach: gpio0 attach returned 6\ngpio0: \u003cFreescale i.MX GPIO Controller\u003e mem 0x20a8000-0x20abfff irq 34,35 on simplebus1\ngpio0: could not allocate resources\ndevice_attach: gpio0 attach returned 6\ngpio0: \u003cFreescale i.MX GPIO Controller\u003e mem 0x20ac000-0x20affff irq 36,37 on simplebus1\ngpio0: could not allocate resources\ndevice_attach: gpio0 attach returned 6\ngpio0: \u003cFreescale i.MX GPIO Controller\u003e mem 0x20b0000-0x20b3fff irq 38,39 on simplebus1\ngpio0: could not allocate resources\ndevice_attach: gpio0 attach returned 6\ngpio0: \u003cFreescale i.MX GPIO Controller\u003e mem 0x20b4000-0x20b7fff irq 40,41 on simplebus1\ngpio0: could not allocate resources\ndevice_attach: gpio0 attach returned 6\nimx_wdog0: \u003cFreescale i.MX Watchdog\u003e mem 0x20bc000-0x20bffff irq 43 on simplebus1\nimx_wdog0: could not allocate resources\ndevice_attach: imx_wdog0 attach returned 6\nimx_iomux0: \u003cFreescale i.MX pin configuration\u003e mem 0x20e0000-0x20e3fff on simplebus1\nimx_iomux0: Cannot allocate memory resources\ndevice_attach: imx_iomux0 attach returned 6\nsdma0: \u003ci.MX6 Smart Direct Memory Access Controller\u003e mem 0x20ec000-0x20effff irq 60 on simplebus1\nsdma0: could not allocate resources\ndevice_attach: sdma0 attach returned 6\ngpio0: \u003cFreescale i.MX GPIO Controller\u003e mem 0x209c000-0x209ffff irq 28,29 on simplebus1\ngpio0: could not allocate resources\ndevice_attach: gpio0 attach returned 6\ngpio0: \u003cFreescale i.MX GPIO Controller\u003e mem 0x20a0000-0x20a3fff irq 30,31 on simplebus1\ngpio0: could not allocate resources\ndevice_attach: gpio0 attach returned 6\ngpio0: \u003cFreescale i.MX GPIO Controller\u003e mem 0x20a4000-0x20a7fff irq 32,33 on simplebus1\ngpio0: could not allocate resources\ndevice_attach: gpio0 attach returned 6\ngpio0: \u003cFreescale i.MX GPIO Controller\u003e mem 0x20a8000-0x20abfff irq 34,35 on simplebus1\ngpio0: could not allocate resources\ndevice_attach: gpio0 attach returned 6\ngpio0: \u003cFreescale i.MX GPIO Controller\u003e mem 0x20ac000-0x20affff irq 36,37 on simplebus1\ngpio0: could not allocate resources\ndevice_attach: gpio0 attach returned 6\ngpio0: \u003cFreescale i.MX GPIO Controller\u003e mem 0x20b0000-0x20b3fff irq 38,39 on simplebus1\ngpio0: could not allocate resources\ndevice_attach: gpio0 attach returned 6\ngpio0: \u003cFreescale i.MX GPIO Controller\u003e mem 0x20b4000-0x20b7fff irq 40,41 on simplebus1\ngpio0: could not allocate resources\ndevice_attach: gpio0 attach returned 6\nimx_wdog0: \u003cFreescale i.MX Watchdog\u003e mem 0x20bc000-0x20bffff irq 43 on simplebus1\nimx_wdog0: could not allocate resources\ndevice_attach: imx_wdog0 attach returned 6\nimx_iomux0: \u003cFreescale i.MX pin configuration\u003e mem 0x20e0000-0x20e3fff on simplebus1\nimx_iomux0: Cannot allocate memory resources\ndevice_attach: imx_iomux0 attach returned 6\nsdma0: \u003ci.MX6 Smart Direct Memory Access Controller\u003e mem 0x20ec000-0x20effff irq 60 on simplebus1\nsdma0: could not allocate resources\ndevice_attach: sdma0 attach returned 6\ngpio0: \u003cFreescale i.MX GPIO Controller\u003e mem 0x209c000-0x209ffff irq 28,29 on simplebus1\ngpio0: could not allocate resources\ndevice_attach: gpio0 attach returned 6\ngpio0: \u003cFreescale i.MX GPIO Controller\u003e mem 0x20a0000-0x20a3fff irq 30,31 on simplebus1\ngpio0: could not allocate resources\ndevice_attach: gpio0 attach returned 6\ngpio0: \u003cFreescale i.MX GPIO Controller\u003e mem 0x20a4000-0x20a7fff irq 32,33 on simplebus1\ngpio0: could not allocate resources\ndevice_attach: gpio0 attach returned 6\ngpio0: \u003cFreescale i.MX GPIO Controller\u003e mem 0x20a8000-0x20abfff irq 34,35 on simplebus1\ngpio0: could not allocate resources\ndevice_attach: gpio0 attach returned 6\ngpio0: \u003cFreescale i.MX GPIO Controller\u003e mem 0x20ac000-0x20affff irq 36,37 on simplebus1\ngpio0: could not allocate resources\ndevice_attach: gpio0 attach returned 6\ngpio0: \u003cFreescale i.MX GPIO Controller\u003e mem 0x20b0000-0x20b3fff irq 38,39 on simplebus1\ngpio0: could not allocate resources\ndevice_attach: gpio0 attach returned 6\ngpio0: \u003cFreescale i.MX GPIO Controller\u003e mem 0x20b4000-0x20b7fff irq 40,41 on simplebus1\ngpio0: could not allocate resources\ndevice_attach: gpio0 attach returned 6\nimx_wdog0: \u003cFreescale i.MX Watchdog\u003e mem 0x20bc000-0x20bffff irq 43 on simplebus1\nimx_wdog0: could not allocate resources\ndevice_attach: imx_wdog0 attach returned 6\nimx_iomux0: \u003cFreescale i.MX pin configuration\u003e mem 0x20e0000-0x20e3fff on simplebus1\nimx_iomux0: Cannot allocate memory resources\ndevice_attach: imx_iomux0 attach returned 6\nsdma0: \u003ci.MX6 Smart Direct Memory Access Controller\u003e mem 0x20ec000-0x20effff irq 60 on simplebus1\nsdma0: could not allocate resources\ndevice_attach: sdma0 attach returned 6\ngpio0: \u003cFreescale i.MX GPIO Controller\u003e mem 0x209c000-0x209ffff irq 28,29 on simplebus1\ngpio0: could not allocate resources\ndevice_attach: gpio0 attach returned 6\ngpio0: \u003cFreescale i.MX GPIO Controller\u003e mem 0x20a0000-0x20a3fff irq 30,31 on simplebus1\ngpio0: could not allocate resources\ndevice_attach: gpio0 attach returned 6\ngpio0: \u003cFreescale i.MX GPIO Controller\u003e mem 0x20a4000-0x20a7fff irq 32,33 on simplebus1\ngpio0: could not allocate resources\ndevice_attach: gpio0 attach returned 6\ngpio0: \u003cFreescale i.MX GPIO Controller\u003e mem 0x20a8000-0x20abfff irq 34,35 on simplebus1\ngpio0: could not allocate resources\ndevice_attach: gpio0 attach returned 6\ngpio0: \u003cFreescale i.MX GPIO Controller\u003e mem 0x20ac000-0x20affff irq 36,37 on simplebus1\ngpio0: could not allocate resources\ndevice_attach: gpio0 attach returned 6\ngpio0: \u003cFreescale i.MX GPIO Controller\u003e mem 0x20b0000-0x20b3fff irq 38,39 on simplebus1\ngpio0: could not allocate resources\ndevice_attach: gpio0 attach returned 6\ngpio0: \u003cFreescale i.MX GPIO Controller\u003e mem 0x20b4000-0x20b7fff irq 40,41 on simplebus1\ngpio0: could not allocate resources\ndevice_attach: gpio0 attach returned 6\nimx_wdog0: \u003cFreescale i.MX Watchdog\u003e mem 0x20bc000-0x20bffff irq 43 on simplebus1\nimx_wdog0: could not allocate resources\ndevice_attach: imx_wdog0 attach returned 6\nimx_iomux0: \u003cFreescale i.MX pin configuration\u003e mem 0x20e0000-0x20e3fff on simplebus1\nimx_iomux0: Cannot allocate memory resources\ndevice_attach: imx_iomux0 attach returned 6\nsdma0: \u003ci.MX6 Smart Direct Memory Access Controller\u003e mem 0x20ec000-0x20effff irq 60 on simplebus1\nsdma0: could not allocate resources\ndevice_attach: sdma0 attach returned 6\ngpio0: \u003cFreescale i.MX GPIO Controller\u003e mem 0x209c000-0x209ffff irq 28,29 on simplebus1\ngpio0: could not allocate resources\ndevice_attach: gpio0 attach returned 6\ngpio0: \u003cFreescale i.MX GPIO Controller\u003e mem 0x20a0000-0x20a3fff irq 30,31 on simplebus1\ngpio0: could not allocate resources\ndevice_attach: gpio0 attach returned 6\ngpio0: \u003cFreescale i.MX GPIO Controller\u003e mem 0x20a4000-0x20a7fff irq 32,33 on simplebus1\ngpio0: could not allocate resources\ndevice_attach: gpio0 attach returned 6\ngpio0: \u003cFreescale i.MX GPIO Controller\u003e mem 0x20a8000-0x20abfff irq 34,35 on simplebus1\ngpio0: could not allocate resources\ndevice_attach: gpio0 attach returned 6\ngpio0: \u003cFreescale i.MX GPIO Controller\u003e mem 0x20ac000-0x20affff irq 36,37 on simplebus1\ngpio0: could not allocate resources\ndevice_attach: gpio0 attach returned 6\ngpio0: \u003cFreescale i.MX GPIO Controller\u003e mem 0x20b0000-0x20b3fff irq 38,39 on simplebus1\ngpio0: could not allocate resources\ndevice_attach: gpio0 attach returned 6\ngpio0: \u003cFreescale i.MX GPIO Controller\u003e mem 0x20b4000-0x20b7fff irq 40,41 on simplebus1\ngpio0: could not allocate resources\ndevice_attach: gpio0 attach returned 6\nimx_wdog0: \u003cFreescale i.MX Watchdog\u003e mem 0x20bc000-0x20bffff irq 43 on simplebus1\nimx_wdog0: could not allocate resources\ndevice_attach: imx_wdog0 attach returned 6\nimx_iomux0: \u003cFreescale i.MX pin configuration\u003e mem 0x20e0000-0x20e3fff on simplebus1\nimx_iomux0: Cannot allocate memory resources\ndevice_attach: imx_iomux0 attach returned 6\nsdma0: \u003ci.MX6 Smart Direct Memory Access Controller\u003e mem 0x20ec000-0x20effff irq 60 on simplebus1\nsdma0: could not allocate resources\ndevice_attach: sdma0 attach returned 6\ngpio0: \u003cFreescale i.MX GPIO Controller\u003e mem 0x209c000-0x209ffff irq 28,29 on simplebus1\ngpio0: could not allocate resources\ndevice_attach: gpio0 attach returned 6\ngpio0: \u003cFreescale i.MX GPIO Controller\u003e mem 0x20a0000-0x20a3fff irq 30,31 on simplebus1\ngpio0: could not allocate resources\ndevice_attach: gpio0 attach returned 6\ngpio0: \u003cFreescale i.MX GPIO Controller\u003e mem 0x20a4000-0x20a7fff irq 32,33 on simplebus1\ngpio0: could not allocate resources\ndevice_attach: gpio0 attach returned 6\ngpio0: \u003cFreescale i.MX GPIO Controller\u003e mem 0x20a8000-0x20abfff irq 34,35 on simplebus1\ngpio0: could not allocate resources\ndevice_attach: gpio0 attach returned 6\ngpio0: \u003cFreescale i.MX GPIO Controller\u003e mem 0x20ac000-0x20affff irq 36,37 on simplebus1\ngpio0: could not allocate resources\ndevice_attach: gpio0 attach returned 6\ngpio0: \u003cFreescale i.MX GPIO Controller\u003e mem 0x20b0000-0x20b3fff irq 38,39 on simplebus1\ngpio0: could not allocate resources\ndevice_attach: gpio0 attach returned 6\ngpio0: \u003cFreescale i.MX GPIO Controller\u003e mem 0x20b4000-0x20b7fff irq 40,41 on simplebus1\ngpio0: could not allocate resources\ndevice_attach: gpio0 attach returned 6\nimx_wdog0: \u003cFreescale i.MX Watchdog\u003e mem 0x20bc000-0x20bffff irq 43 on simplebus1\nimx_wdog0: could not allocate resources\ndevice_attach: imx_wdog0 attach returned 6\nimx_iomux0: \u003cFreescale i.MX pin configuration\u003e mem 0x20e0000-0x20e3fff on simplebus1\nimx_iomux0: Cannot allocate memory resources\ndevice_attach: imx_iomux0 attach returned 6\nsdma0: \u003ci.MX6 Smart Direct Memory Access Controller\u003e mem 0x20ec000-0x20effff irq 60 on simplebus1\nsdma0: could not allocate resources\ndevice_attach: sdma0 attach returned 6\ngpio0: \u003cFreescale i.MX GPIO Controller\u003e mem 0x209c000-0x209ffff irq 28,29 on simplebus1\ngpio0: could not allocate resources\ndevice_attach: gpio0 attach returned 6\ngpio0: \u003cFreescale i.MX GPIO Controller\u003e mem 0x20a0000-0x20a3fff irq 30,31 on simplebus1\ngpio0: could not allocate resources\ndevice_attach: gpio0 attach returned 6\ngpio0: \u003cFreescale i.MX GPIO Controller\u003e mem 0x20a4000-0x20a7fff irq 32,33 on simplebus1\ngpio0: could not allocate resources\ndevice_attach: gpio0 attach returned 6\ngpio0: \u003cFreescale i.MX GPIO Controller\u003e mem 0x20a8000-0x20abfff irq 34,35 on simplebus1\ngpio0: could not allocate resources\ndevice_attach: gpio0 attach returned 6\ngpio0: \u003cFreescale i.MX GPIO Controller\u003e mem 0x20ac000-0x20affff irq 36,37 on simplebus1\ngpio0: could not allocate resources\ndevice_attach: gpio0 attach returned 6\ngpio0: \u003cFreescale i.MX GPIO Controller\u003e mem 0x20b0000-0x20b3fff irq 38,39 on simplebus1\ngpio0: could not allocate resources\ndevice_attach: gpio0 attach returned 6\ngpio0: \u003cFreescale i.MX GPIO Controller\u003e mem 0x20b4000-0x20b7fff irq 40,41 on simplebus1\ngpio0: could not allocate resources\ndevice_attach: gpio0 attach returned 6\nimx_wdog0: \u003cFreescale i.MX Watchdog\u003e mem 0x20bc000-0x20bffff irq 43 on simplebus1\nimx_wdog0: could not allocate resources\ndevice_attach: imx_wdog0 attach returned 6\nimx_iomux0: \u003cFreescale i.MX pin configuration\u003e mem 0x20e0000-0x20e3fff on simplebus1\nimx_iomux0: Cannot allocate memory resources\ndevice_attach: imx_iomux0 attach returned 6\nsdma0: \u003ci.MX6 Smart Direct Memory Access Controller\u003e mem 0x20ec000-0x20effff irq 60 on simplebus1\nsdma0: could not allocate resources\ndevice_attach: sdma0 attach returned 6\ngpio0: \u003cFreescale i.MX GPIO Controller\u003e mem 0x209c000-0x209ffff irq 28,29 on simplebus1\ngpio0: could not allocate resources\ndevice_attach: gpio0 attach returned 6\ngpio0: \u003cFreescale i.MX GPIO Controller\u003e mem 0x20a0000-0x20a3fff irq 30,31 on simplebus1\ngpio0: could not allocate resources\ndevice_attach: gpio0 attach returned 6\ngpio0: \u003cFreescale i.MX GPIO Controller\u003e mem 0x20a4000-0x20a7fff irq 32,33 on simplebus1\ngpio0: could not allocate resources\ndevice_attach: gpio0 attach returned 6\ngpio0: \u003cFreescale i.MX GPIO Controller\u003e mem 0x20a8000-0x20abfff irq 34,35 on simplebus1\ngpio0: could not allocate resources\ndevice_attach: gpio0 attach returned 6\ngpio0: \u003cFreescale i.MX GPIO Controller\u003e mem 0x20ac000-0x20affff irq 36,37 on simplebus1\ngpio0: could not allocate resources\ndevice_attach: gpio0 attach returned 6\ngpio0: \u003cFreescale i.MX GPIO Controller\u003e mem 0x20b0000-0x20b3fff irq 38,39 on simplebus1\ngpio0: could not allocate resources\ndevice_attach: gpio0 attach returned 6\ngpio0: \u003cFreescale i.MX GPIO Controller\u003e mem 0x20b4000-0x20b7fff irq 40,41 on simplebus1\ngpio0: could not allocate resources\ndevice_attach: gpio0 attach returned 6\nimx_wdog0: \u003cFreescale i.MX Watchdog\u003e mem 0x20bc000-0x20bffff irq 43 on simplebus1\nimx_wdog0: could not allocate resources\ndevice_attach: imx_wdog0 attach returned 6\nimx_iomux0: \u003cFreescale i.MX pin configuration\u003e mem 0x20e0000-0x20e3fff on simplebus1\nimx_iomux0: Cannot allocate memory resources\ndevice_attach: imx_iomux0 attach returned 6\nsdma0: \u003ci.MX6 Smart Direct Memory Access Controller\u003e mem 0x20ec000-0x20effff irq 60 on simplebus1\nsdma0: could not allocate resources\ndevice_attach: sdma0 attach returned 6\ngpio0: \u003cFreescale i.MX GPIO Controller\u003e mem 0x209c000-0x209ffff irq 28,29 on simplebus1\ngpio0: could not allocate resources\ndevice_attach: gpio0 attach returned 6\ngpio0: \u003cFreescale i.MX GPIO Controller\u003e mem 0x20a0000-0x20a3fff irq 30,31 on simplebus1\ngpio0: could not allocate resources\ndevice_attach: gpio0 attach returned 6\ngpio0: \u003cFreescale i.MX GPIO Controller\u003e mem 0x20a4000-0x20a7fff irq 32,33 on simplebus1\ngpio0: could not allocate resources\ndevice_attach: gpio0 attach returned 6\ngpio0: \u003cFreescale i.MX GPIO Controller\u003e mem 0x20a8000-0x20abfff irq 34,35 on simplebus1\ngpio0: could not allocate resources\ndevice_attach: gpio0 attach returned 6\ngpio0: \u003cFreescale i.MX GPIO Controller\u003e mem 0x20ac000-0x20affff irq 36,37 on simplebus1\ngpio0: could not allocate resources\ndevice_attach: gpio0 attach returned 6\ngpio0: \u003cFreescale i.MX GPIO Controller\u003e mem 0x20b0000-0x20b3fff irq 38,39 on simplebus1\ngpio0: could not allocate resources\ndevice_attach: gpio0 attach returned 6\ngpio0: \u003cFreescale i.MX GPIO Controller\u003e mem 0x20b4000-0x20b7fff irq 40,41 on simplebus1\ngpio0: could not allocate resources\ndevice_attach: gpio0 attach returned 6\nimx_wdog0: \u003cFreescale i.MX Watchdog\u003e mem 0x20bc000-0x20bffff irq 43 on simplebus1\nimx_wdog0: could not allocate resources\ndevice_attach: imx_wdog0 attach returned 6\nusbphy0: \u003cFreescale i.MX6 USB PHY\u003e mem 0x20c9000-0x20c9fff irq 50 on simplebus1\nusbphy1: \u003cFreescale i.MX6 USB PHY\u003e mem 0x20ca000-0x20cafff irq 51 on simplebus1\nimx_iomux0: \u003cFreescale i.MX pin configuration\u003e mem 0x20e0000-0x20e3fff on simplebus1\nimx_iomux0: Cannot allocate memory resources\ndevice_attach: imx_iomux0 attach returned 6\nsdma0: \u003ci.MX6 Smart Direct Memory Access Controller\u003e mem 0x20ec000-0x20effff irq 60 on simplebus1\nsdma0: could not allocate resources\ndevice_attach: sdma0 attach returned 6\ngpio0: \u003cFreescale i.MX GPIO Controller\u003e mem 0x209c000-0x209ffff irq 28,29 on simplebus1\ngpio0: could not allocate resources\ndevice_attach: gpio0 attach returned 6\ngpio0: \u003cFreescale i.MX GPIO Controller\u003e mem 0x20a0000-0x20a3fff irq 30,31 on simplebus1\ngpio0: could not allocate resources\ndevice_attach: gpio0 attach returned 6\ngpio0: \u003cFreescale i.MX GPIO Controller\u003e mem 0x20a4000-0x20a7fff irq 32,33 on simplebus1\ngpio0: could not allocate resources\ndevice_attach: gpio0 attach returned 6\ngpio0: \u003cFreescale i.MX GPIO Controller\u003e mem 0x20a8000-0x20abfff irq 34,35 on simplebus1\ngpio0: could not allocate resources\ndevice_attach: gpio0 attach returned 6\ngpio0: \u003cFreescale i.MX GPIO Controller\u003e mem 0x20ac000-0x20affff irq 36,37 on simplebus1\ngpio0: could not allocate resources\ndevice_attach: gpio0 attach returned 6\ngpio0: \u003cFreescale i.MX GPIO Controller\u003e mem 0x20b0000-0x20b3fff irq 38,39 on simplebus1\ngpio0: could not allocate resources\ndevice_attach: gpio0 attach returned 6\ngpio0: \u003cFreescale i.MX GPIO Controller\u003e mem 0x20b4000-0x20b7fff irq 40,41 on simplebus1\ngpio0: could not allocate resources\ndevice_attach: gpio0 attach returned 6\nimx_wdog0: \u003cFreescale i.MX Watchdog\u003e mem 0x20bc000-0x20bffff irq 43 on simplebus1\nimx_wdog0: could not allocate resources\ndevice_attach: imx_wdog0 attach returned 6\nimx_iomux0: \u003cFreescale i.MX pin configuration\u003e mem 0x20e0000-0x20e3fff on simplebus1\nimx_iomux0: Cannot allocate memory resources\ndevice_attach: imx_iomux0 attach returned 6\nsdma0: \u003ci.MX6 Smart Direct Memory Access Controller\u003e mem 0x20ec000-0x20effff irq 60 on simplebus1\nsdma0: could not allocate resources\ndevice_attach: sdma0 attach returned 6\nimx_usbmisc0: \u003ci.MX USB Misc Control\u003e mem 0x2184800-0x21849ff on simplebus3\npmu0: \u003cPerformance Monitoring Unit\u003e irq 1 on ofwbus0\npmu0: could not allocate resources\ndevice_attach: pmu0 attach returned 6\nhdmi0: \u003cFreescale i.MX6 HDMI core\u003e mem 0x120000-0x128fff irq 7 on simplebus0\nFatal kernel mode data abort: 'Translation Fault (L1)' on read\ntrapframe: 0xc0e14ca8\nFSR=00000005, FAR=00000004, spsr=600000d3\nr0 =00000000, r1 =ffdc4000, r2 =0000000c, r3 =0ffffff3\nr4 =c6f7ab80, r5 =c6fab000, r6 =c4f30400, r7 =00000000\nr8 =c0b1a498, r9 =c0313604, r10=c078b578, r11=c0e14d38\nr12=00000000, ssp=c0e14d38, slr=c06c41cc, pc =c06bc358\n\npanic: Fatal abort\ncpuid = 0\ntime = 1\nKDB: stack backtrace:\n#0 0xc0321720 at kdb_backtrace+0x48\n#1 0xc02cdc68 at vpanic+0x168\n#2 0xc02cdb00 at vpanic+0\n#3 0xc065fcec at abort_align+0\n#4 0xc065f810 at abort_handler+0x2c0\n#5 0xc06401e0 at exception_exit+0\n#6 0xc06bc358 at imx_iomux_gpr_get+0x18\n#7 0xc06c41cc at imx_hdmi_attach+0xf4\n#8 0xc030e728 at device_attach+0x4d8\n#9 0xc0310980 at bus_generic_new_pass+0x130\n#10 0xc0310908 at bus_generic_new_pass+0xb8\n#11 0xc0310908 at bus_generic_new_pass+0xb8\n#12 0xc0310908 at bus_generic_new_pass+0xb8\n#13 0xc031277c at root_bus_configure+0x44\n#14 0xc063adec at configure+0xc\n#15 0xc025ba68 at mi_startup+0x120\n#16 0xc0000344 at _start+0x144\nUptime: 1s\nAutomatic reboot in 15 seconds - press a key on the console to abort"
}