{
 "id": 907274,
 "bug_id": 214479,
 "attachment_id": 0,
 "creation_time": "2016-11-13T16:13:00Z",
 "creator": "giorgioxyzb@hotmail.com",
 "text": "I have two external 1T USB drives which I use for backups. Both contain one MBR partition which is formatted with ext2fs. I can mount and use the first drive under FreeBSD without any problems. On the second drive, I cannot mount the ext2fs. Here is the model of the drive:\n\n# smartctl -i /dev/da1\nsmartctl 6.5 2016-05-07 r4318 [FreeBSD 11.0-RELEASE-p1 amd64] (local build)\nCopyright (C) 2002-16, Bruce Allen, Christian Franke, www.smartmontools.org\n\n=== START OF INFORMATION SECTION ===\nModel Family:     Western Digital Blue Mobile\nDevice Model:     WDC WD10JPVX-00JC3T0\nSerial Number:    WD-WXQ1E945D4NJ\nLU WWN Device Id: 5 0014ee 65add21b2\nFirmware Version: 01.01A01\nUser Capacity:    1,000,204,886,016 bytes [1.00 TB]\nSector Sizes:     512 bytes logical, 4096 bytes physical\nRotation Rate:    5400 rpm\nDevice is:        In smartctl database [for details use: -P show]\nATA Version is:   ACS-2 (minor revision not indicated)\nSATA Version is:  SATA 3.0, 6.0 Gb/s (current: 3.0 Gb/s)\nLocal Time is:    Sat Nov 12 11:53:56 2016 CET\nSMART support is: Available - device has SMART capability.\nSMART support is: Enabled\n\nI have scanned the drive for bad sectors and nothing was found.\n\nI have partitioned and formatted with ext2fs under GNU/Linux: GNU/Linux can mount and use the drive. Under FreeBSD I get the following errors:\n# mount -t ext2fs /dev/da1s1 mnt\nmount: /dev/da1s1: Invalid argument\n\nIf I try to check the file system I get the following error:\n# fsck_ext2fs -f -n -v /dev/da1s1\ne2fsck 1.42.13 (17-May-2015)\n/sbin/e2fsck: Attempt to read block from filesystem resulted in short read while trying to open /dev/da1s1\nCould this be a zero-length partition?\n\nI have also partitioned the drive under FreeBSD using gpart and formatted with ufs, and everything seems to work OK: I can mount, write files, read files.\n\nI have tried formatting with ext2fs from FreeBSD and got warnings:\n# mke2fs /dev/da1s1\nmke2fs 1.42.13 (17-May-2015)\n/dev/da1s1 contains a ext2 file system\nProceed anyway? (y,n) y\nWarning: could not erase sector 2: Attempt to write block to filesystem resulted in short write\nCreating filesystem with 244188598 4k blocks and 61054976 inodes\nFilesystem UUID: 22101a6d-fda0-4bfb-98a2-353b27953c13\nSuperblock backups stored on blocks: \n        32768, 98304, 163840, 229376, 294912, 819200, 884736, 1605632, 2654208, \n        4096000, 7962624, 11239424, 20480000, 23887872, 71663616, 78675968, \n        102400000, 214990848\n\nAllocating group tables: done                            \nWarning: could not read block 0: Attempt to read block from filesystem resulted in short read\nWarning: could not erase sector 0: Attempt to write block to filesystem resulted in short write\nWriting inode tables: done                            \nWriting superblocks and filesystem accounting information:    0/7453\n\nIf I check the filesystem from FreeBSD I get the same errors:\n/sbin/e2fsck -f -n /dev/da1s1 \ne2fsck 1.42.13 (17-May-2015)\n/sbin/e2fsck: Attempt to read block from filesystem resulted in short read while trying to open /dev/da1s1\nCould this be a zero-length partition?\n\nSo, I have these problems only with this disk and only with ext2fs. One thing that occurred to me, is that GNU/Linux reports a physical sector size of 2048 bytes while for the other working disk it reports a physical sector size of 512."
}