{
 "id": 505096,
 "bug_id": 135824,
 "attachment_id": 0,
 "creation_time": "2009-06-19T08:10:00Z",
 "creator": "rootd@mail.ru",
 "text": "Freebsd 7.2 ÕÓÔÁÎÏ×ÌÅÎÁ ÐÏÄ VMWareESX Server/\n\nðÅÒÅÏÄÉÞÅÓËÉ, ÐÒÉÍÅÒÎÏ ÒÁÚ × ÐÑÔØ ÞÁÓÏ× ÓÉÓÔÅÍÁ ×ÙÄÁÅÔ ÓÏÏÂÝÅÎÉÅ ÏÂ ÏÛÉÂËÅ É ÐÅÒÅÚÁÇÒÕÖÁÅÔÓÑ. äÒÕÇÉÅ ÍÁÛÉÎÙ ÒÁÂÏÔÁÀÔ ÎÁ 6.2 ÐÒÏÂÌÅÍ ÎÅÔ.\näÉÓË CD × ×ÉÒÔÕÁÌØÎÏÊ ÍÁÛÉÎÅ \"ÎÅ ×ÓÔÁ×ÌÅÎ\".õÓÔÁÎÏ×ÌÅÎÙ VMWareTools/\níÁÛÉÎÁ ÐÏËÁ ÂÅÚ ÎÁÇÒÕÚËÉ.\nðÏËÁ ÐÏÐÒÏÂÕÀ ÐÅÒÅÕÓÔÁÎÏ×ÉÔØ É ÐÒÏ×ÅÒÉÔØ ÐÏÑ×ÉÔØÓÑ ÌÉ ÐÒÏÂÌÅÍÁ ÓÎÏ×Á.\n\n\n/var/messages\nJun 18 17:21:27 p2p kernel: cpu_reset: Stopping other CPUs\nJun 18 17:21:27 p2p kernel: Copyright (c) 1992-2009 The FreeBSD Project.\nJun 18 17:21:27 p2p kernel: Copyright (c) 1979, 1980, 1983, 1986, 1988, 1989, 1991, 1992, 1993, 1994\nJun 18 17:21:27 p2p kernel: The Regents of the University of California. All rights reserved.\nJun 18 17:21:27 p2p kernel: FreeBSD is a registered trademark of The FreeBSD Foundation.\nJun 18 17:21:27 p2p kernel: FreeBSD 7.2-RELEASE-p1 #0: Tue Jun  9 21:30:43 UTC 2009\nJun 18 17:21:27 p2p kernel: root@i386-builder.daemonology.net:/usr/obj/usr/src/sys/GENERIC\nJun 18 17:21:27 p2p kernel: Timecounter \"i8254\" frequency 1193182 Hz quality 0\nJun 18 17:21:27 p2p kernel: CPU: Intel(R) Xeon(R) CPU           E5430  @ 2.66GHz (2676.40-MHz 686-class CPU)\nJun 18 17:21:27 p2p kernel: Origin = \"GenuineIntel\"  Id = 0x10678  Stepping = 8\nJun 18 17:21:27 p2p kernel: Features=0xfebfbff\u003cFPU,VME,DE,PSE,TSC,MSR,PAE,MCE,CX8,APIC,SEP,MTRR,PGE,MCA,CMOV,PAT,PSE36,CLFLUSH,DTS,ACPI,MMX,FXSR,SSE,SSE2,SS\u003e\nJun 18 17:21:27 p2p kernel: Features2=0x82201\u003cSSE3,SSSE3,CX16,SSE4.1\u003e\nJun 18 17:21:27 p2p kernel: AMD Features=0x20100000\u003cNX,LM\u003e\nJun 18 17:21:27 p2p kernel: AMD Features2=0x1\u003cLAHF\u003e\nJun 18 17:21:27 p2p kernel: real memory  = 4026531840 (3840 MB)\nJun 18 17:21:27 p2p kernel: avail memory = 3937648640 (3755 MB)\nJun 18 17:21:27 p2p kernel: ACPI APIC Table: \u003cPTLTD  \t APIC  \u003e\nJun 18 17:21:27 p2p kernel: FreeBSD/SMP: Multiprocessor System Detected: 2 CPUs\nJun 18 17:21:27 p2p kernel: cpu0 (BSP): APIC ID:  0\nJun 18 17:21:27 p2p kernel: cpu1 (AP): APIC ID:  1\nJun 18 17:21:27 p2p kernel: MADT: Forcing active-low polarity and level trigger for SCI\nJun 18 17:21:27 p2p kernel: ioapic0 \u003cVersion 1.1\u003e irqs 0-23 on motherboard\nJun 18 17:21:27 p2p kernel: kbd1 at kbdmux0\nJun 18 17:21:27 p2p kernel: acpi0: \u003cPTLTD   RSDT\u003e on motherboard\nJun 18 17:21:27 p2p kernel: acpi0: [ITHREAD]\nJun 18 17:21:27 p2p kernel: acpi0: Power Button (fixed)\nJun 18 17:21:27 p2p kernel: Timecounter \"ACPI-safe\" frequency 3579545 Hz quality 850\nJun 18 17:21:27 p2p kernel: acpi_timer0: \u003c24-bit timer at 3.579545MHz\u003e port 0x1008-0x100b on acpi0\nJun 18 17:21:27 p2p kernel: pcib0: \u003cACPI Host-PCI bridge\u003e port 0xcf8-0xcff on acpi0\nJun 18 17:21:27 p2p kernel: pci0: \u003cACPI PCI bus\u003e on pcib0\nJun 18 17:21:27 p2p kernel: pcib1: \u003cACPI PCI-PCI bridge\u003e at device 1.0 on pci0\nJun 18 17:21:27 p2p kernel: pci1: \u003cACPI PCI bus\u003e on pcib1\nJun 18 17:21:27 p2p kernel: isab0: \u003cPCI-ISA bridge\u003e at device 7.0 on pci0\nJun 18 17:21:27 p2p kernel: isa0: \u003cISA bus\u003e on isab0\nJun 18 17:21:27 p2p kernel: atapci0: \u003cIntel PIIX4 UDMA33 controller\u003e port 0x1f0-0x1f7,0x3f6,0x170-0x177,0x376,0x1050-0x105f at device 7.1 on pci0\nJun 18 17:21:27 p2p kernel: ata0: \u003cATA channel 0\u003e on atapci0\nJun 18 17:21:27 p2p kernel: ata0: [ITHREAD]\nJun 18 17:21:27 p2p kernel: ata1: \u003cATA channel 1\u003e on atapci0\nJun 18 17:21:27 p2p kernel: ata1: [ITHREAD]\nJun 18 17:21:27 p2p kernel: pci0: \u003cbridge\u003e at device 7.3 (no driver attached)\nJun 18 17:21:27 p2p kernel: vgapci0: \u003cVGA-compatible display\u003e port 0x1060-0x106f mem 0xf8000000-0xfbffffff,0xf4000000-0xf47fffff at device 15.0 on pci0\nJun 18 17:21:27 p2p kernel: mpt0: \u003cLSILogic 1030 Ultra4 Adapter\u003e port 0x1080-0x10ff mem 0xf4810000-0xf4810fff irq 17 at device 16.0 on pci0\nJun 18 17:21:27 p2p kernel: mpt0: [ITHREAD]\nJun 18 17:21:27 p2p kernel: mpt0: MPI Version=1.2.0.0\nJun 18 17:21:27 p2p kernel: em0: \u003cIntel(R) PRO/1000 Network Connection 6.9.6\u003e port 0x1400-0x143f mem 0xf4820000-0xf483ffff,0xf4800000-0xf480ffff irq 18 at device 17.0 on pci0\nJun 18 17:21:27 p2p kernel: em0: Memory Access and/or Bus Master bits were not set!\nJun 18 17:21:27 p2p kernel: em0: [FILTER]\nJun 18 17:21:27 p2p kernel: em0: Ethernet address: 00:50:56:b6:4f:41\nJun 18 17:21:27 p2p kernel: acpi_acad0: \u003cAC Adapter\u003e on acpi0\nJun 18 17:21:27 p2p kernel: atkbdc0: \u003cKeyboard controller (i8042)\u003e port 0x60,0x64 irq 1 on acpi0\nJun 18 17:21:27 p2p kernel: atkbd0: \u003cAT Keyboard\u003e irq 1 on atkbdc0\nJun 18 17:21:27 p2p kernel: kbd0 at atkbd0\nJun 18 17:21:27 p2p kernel: atkbd0: [GIANT-LOCKED]\nJun 18 17:21:27 p2p kernel: atkbd0: [ITHREAD]\nJun 18 17:21:27 p2p kernel: psm0: \u003cPS/2 Mouse\u003e irq 12 on atkbdc0\nJun 18 17:21:27 p2p kernel: psm0: [GIANT-LOCKED]\nJun 18 17:21:27 p2p kernel: psm0: [ITHREAD]\nJun 18 17:21:27 p2p kernel: psm0: model IntelliMouse, device ID 3\nJun 18 17:21:27 p2p kernel: cpu0: \u003cACPI CPU\u003e on acpi0\nJun 18 17:21:27 p2p kernel: acpi_throttle0: \u003cACPI CPU Throttling\u003e on cpu0\nJun 18 17:21:27 p2p kernel: cpu1: \u003cACPI CPU\u003e on acpi0\nJun 18 17:21:27 p2p kernel: acpi_throttle1: \u003cACPI CPU Throttling\u003e on cpu1\nJun 18 17:21:27 p2p kernel: acpi_throttle1: failed to attach P_CNT\nJun 18 17:21:27 p2p kernel: device_attach: acpi_throttle1 attach returned 6\nJun 18 17:21:27 p2p kernel: pmtimer0 on isa0\nJun 18 17:21:27 p2p kernel: orm0: \u003cISA Option ROMs\u003e at iomem 0xc0000-0xc7fff,0xca000-0xcafff,0xdc000-0xdffff,0xe0000-0xe3fff pnpid ORM0000 on isa0\nJun 18 17:21:27 p2p kernel: ppc0: parallel port not found.\nJun 18 17:21:27 p2p kernel: sc0: \u003cSystem console\u003e at flags 0x100 on isa0\nJun 18 17:21:27 p2p kernel: sc0: VGA \u003c16 virtual consoles, flags=0x300\u003e\nJun 18 17:21:27 p2p kernel: sio0: configured irq 4 not in bitmap of probed irqs 0\nJun 18 17:21:27 p2p kernel: sio0: port may not be enabled\nJun 18 17:21:27 p2p kernel: sio0: configured irq 4 not in bitmap of probed irqs 0\nJun 18 17:21:27 p2p kernel: sio0: port may not be enabled\nJun 18 17:21:27 p2p kernel: sio0 at port 0x3f8-0x3ff irq 4 flags 0x10 on isa0\nJun 18 17:21:27 p2p kernel: sio0: type 8250 or not responding\nJun 18 17:21:27 p2p kernel: sio0: [FILTER]\nJun 18 17:21:27 p2p kernel: sio1: configured irq 3 not in bitmap of probed irqs 0\nJun 18 17:21:27 p2p kernel: sio1: port may not be enabled\nJun 18 17:21:27 p2p kernel: vga0: \u003cGeneric ISA VGA\u003e at port 0x3c0-0x3df iomem 0xa0000-0xbffff on isa0\nJun 18 17:21:27 p2p kernel: Timecounters tick every 1.000 msec\nJun 18 17:21:27 p2p kernel: acd0: CDROM \u003cVMware Virtual IDE CDROM Drive/00000001\u003e at ata0-master UDMA33\nJun 18 17:21:27 p2p kernel: Waiting 5 seconds for SCSI devices to settle\nJun 18 17:21:27 p2p kernel: da0 at mpt0 bus 0 target 0 lun 0\nJun 18 17:21:27 p2p kernel: da0: \u003cVMware Virtual disk 1.0\u003e Fixed Direct Access SCSI-2 device \nJun 18 17:21:27 p2p kernel: da0: 320.000MB/s transfers (160.000MHz, offset 127, 16bit)\nJun 18 17:21:27 p2p kernel: da0: Command Queueing Enabled\nJun 18 17:21:27 p2p kernel: da0: 30720MB (62914560 512 byte sectors: 255H 63S/T 3916C)\nJun 18 17:21:27 p2p kernel: SMP: AP CPU #1 Launched!\nJun 18 17:21:27 p2p kernel: GEOM_LABEL: Label for provider da0s1a is ufsid/4a309652484c7237.\nJun 18 17:21:27 p2p kernel: GEOM_LABEL: Label for provider da0s1d is ufsid/4a30965222d51d6b.\nJun 18 17:21:27 p2p kernel: GEOM_LABEL: Label for provider da0s1e is ufsid/4a30965296aa4cf1.\nJun 18 17:21:27 p2p kernel: GEOM_LABEL: Label for provider da0s1f is ufsid/4a3096523f0abdcc.\nJun 18 17:21:27 p2p kernel: Trying to mount root from ufs:/dev/da0s1a\nJun 18 17:21:27 p2p kernel: GEOM_LABEL: Label ufsid/4a309652484c7237 removed.\nJun 18 17:21:27 p2p kernel: GEOM_LABEL: Label for provider da0s1a is ufsid/4a309652484c7237.\nJun 18 17:21:27 p2p kernel: GEOM_LABEL: Label ufsid/4a30965296aa4cf1 removed.\nJun 18 17:21:27 p2p kernel: GEOM_LABEL: Label for provider da0s1e is ufsid/4a30965296aa4cf1.\nJun 18 17:21:27 p2p kernel: GEOM_LABEL: Label ufsid/4a3096523f0abdcc removed.\nJun 18 17:21:27 p2p kernel: GEOM_LABEL: Label for provider da0s1f is ufsid/4a3096523f0abdcc.\nJun 18 17:21:27 p2p kernel: GEOM_LABEL: Label ufsid/4a30965222d51d6b removed.\nJun 18 17:21:27 p2p kernel: GEOM_LABEL: Label for provider da0s1d is ufsid/4a30965222d51d6b.\nJun 18 17:21:27 p2p kernel: GEOM_LABEL: Label ufsid/4a309652484c7237 removed.\nJun 18 17:21:27 p2p kernel: GEOM_LABEL: Label ufsid/4a30965296aa4cf1 removed.\nJun 18 17:21:27 p2p kernel: GEOM_LABEL: Label ufsid/4a3096523f0abdcc removed.\nJun 18 17:21:27 p2p kernel: GEOM_LABEL: Label ufsid/4a30965222d51d6b removed.\nJun 18 17:21:27 p2p savecore: no dumps found\nJun 18 17:21:43 p2p login: ROOT LOGIN (root) ON ttyv0\nJun 18 17:22:19 p2p console-kit-daemon[723]: WARNING: kvm_getenvv failed\nJun 18 17:23:52 p2p kernel: pid 944 (nepomukservicestub), uid 1001: exited on signal 11 (core dumped)\nJun 18 17:28:38 p2p kernel: pid 1114 (nepomukservicestub), uid 1001: exited on signal 11 (core dumped)\nJun 18 17:34:37 p2p su: gsel to root on /dev/ttyp1\nJun 18 17:36:05 p2p kernel: pid 1335 (nepomukservicestub), uid 1001: exited on signal 11 (core dumped)\n\nJun 18 18:46:02 p2p syslogd: kernel boot file is /boot/kernel/kernel\nJun 18 18:46:02 p2p kernel: acd0: WARNING - unknown CMD (0x4a) taskqueue timeout - completing request directly\nJun 18 18:46:02 p2p kernel: \nJun 18 18:46:02 p2p kernel: \nJun 18 18:46:02 p2p kernel: Fatal trap 12: page fault while in kernel mode\nJun 18 18:46:02 p2p kernel: cpuid = 0; apic id = 00\nJun 18 18:46:02 p2p kernel: fault virtual address\t= 0x188\nJun 18 18:46:02 p2p kernel: fault code\t\t= supervisor read, page not present\nJun 18 18:46:02 p2p kernel: instruction pointer\t= 0x20:0xc07d4454\nJun 18 18:46:02 p2p kernel: stack pointer\t        = 0x28:0xc71d5c00\nJun 18 18:46:02 p2p kernel: frame pointer\t        = 0x28:0xc71d5c18\nJun 18 18:46:02 p2p kernel: code segment\t\t= base 0x0, limit 0xfffff, type 0x1b\nJun 18 18:46:02 p2p kernel: = DPL 0, pres 1, def32 1, gran 1\nJun 18 18:46:02 p2p kernel: processor eflags\t= interrupt enabled, resume, IOPL = 0\nJun 18 18:46:02 p2p kernel: current process\t\t= 17 (swi6: task queue)\nJun 18 18:46:02 p2p kernel: trap number\t\t= 12\nJun 18 18:46:02 p2p kernel: \nJun 18 18:46:02 p2p kernel: panic: page fault\nJun 18 18:46:02 p2p kernel: \nJun 18 18:46:02 p2p kernel: Fcpuid = 0\nJun 18 18:46:02 p2p kernel: atal trap 12: page fault while in kernel mode\nJun 18 18:46:02 p2p kernel: Uptime: 1chpuid = 1; apic id = 23m33s\nJun 18 18:46:02 p2p kernel: 01\nJun 18 18:46:02 p2p kernel: fault virtual address\t= 0x188\nJun 18 18:46:02 p2p kernel: fault code\t\t= supervisor read, page not present\nJun 18 18:46:02 p2p kernel: instruction pointer\t= 0x20:0xc07d4454\nJun 18 18:46:02 p2p kernel: stack pointer\t        = 0x28:0xc73ae9f8\nJun 18 18:46:02 p2p kernel: frame pointer\t        = 0x28:0xc73aea10\nJun 18 18:46:02 p2p kernel: code segment\t\t= base 0x0, limit 0xfffff, type 0x1b\nJun 18 18:46:02 p2p kernel: = DPL 0, pres 1, def32 1, gran 1\nJun 18 18:46:02 p2p kernel: processor eflags\t= interrupt enabled, resume, IOPL = 0\nJun 18 18:46:02 p2p kernel: current process\t\t= 747 (hald-addon-storage)\nJun 18 18:46:02 p2p kernel: trap number\t\t= 12\nJun 18 18:46:02 p2p kernel: Physical memory: 3827 MB\nJun 18 18:46:02 p2p kernel: Dumping 191 MB: 176 160 144 128 112 96 80 64 48 32 16\nJun 18 18:46:02 p2p kernel: Dump complete\nJun 18 18:46:02 p2p kernel: Automatic reboot in 15 seconds - press a key on the console to abort\nJun 18 18:46:02 p2p kernel: Rebooting...\nJun 18 18:46:02 p2p kernel: cpu_reset: Stopping other CPUs\n\n\n\n/etc/rc.conf\n..\nhald_enable=\"YES\"\ndbus_enable=\"YES\"\n..\n\nps -ax\n..\n  130  ??  Is     0:00,00 adjkerntz -i\n  373  ??  Ss     0:00,00 /sbin/devd\n  430  ??  Ss     0:00,02 /usr/sbin/syslogd -s\n  553  ??  Ss     0:00,00 /usr/sbin/moused -p /dev/psm0 -t auto\n  576  ??  Ss     0:00,01 /usr/local/bin/dbus-daemon --system\n  613  ??  Ss     0:00,01 sendmail: accepting connections (sendmail)\n  617  ??  Ss     0:00,00 sendmail: Queue runner@00:30:00 for /var/spool/client\n  623  ??  Ss     0:00,00 /usr/sbin/cron -s\n  666  ??  Ss     0:00,02 /usr/local/sbin/vmware-guestd --background /var/run/v\n  716  ??  Ss     0:00,08 /usr/local/sbin/hald\n  719  ??  Ss     0:00,01 /usr/local/sbin/console-kit-daemon\n  720  ??  S      0:00,03 hald-runner\n  728  ??  S      0:00,02 hald-addon-mouse-sysmouse: /dev/psm0 (hald-addon-mous\n  739  ??  S      0:00,02 hald-addon-storage: /dev/acd0 (hald-addon-storage)\n  704  v0  Ss     0:00,03 login [pam] (login)\n  742  v0  S      0:00,03 -csh (csh)\n  745  v0  R+     0:00,00 ps -ax\n  705  v1  Ss+    0:00,00 /usr/libexec/getty Pc ttyv1\n  706  v2  Ss+    0:00,00 /usr/libexec/getty Pc ttyv2\n  707  v3  Ss+    0:00,00 /usr/libexec/getty Pc ttyv3\n  708  v4  Ss+    0:00,00 /usr/libexec/getty Pc ttyv4\n  709  v5  Ss+    0:00,00 /usr/libexec/getty Pc ttyv5\n  710  v6  Ss+    0:00,01 /usr/libexec/getty Pc ttyv6\n  711  v7  Ss+    0:00,00 /usr/libexec/getty Pc ttyv7\n  699 con- S+     0:00,00 sh /etc/rc autoboot\n  700 con- S+     0:00,00 logger -p daemon.notice -t fsck\n  701 con- S+     0:00,00 sh /etc/rc autoboot\n  703 con- S+     0:00,00 sleep 60\n\nHow-To-Repeat: îÅ ×ÙÑ×ÌÅÎÏ..."
}