{
 "id": 371886,
 "bug_id": 108140,
 "attachment_id": 0,
 "creation_time": "2007-01-20T08:50:13Z",
 "creator": "kaihugoh@stud.ntnu.no",
 "text": "Motherboard: Asus K8N-VM\nJust a little update to my entry about the Asus K8N-VM.\n\nEverything works excellently except for ACPI. Intel HDA support requires snd_hda from http://people.freebsd.org/~ariff/.\n\nFix: \n\ndmesg:\nFreeBSD is a registered trademark of The FreeBSD Foundation.\nFreeBSD 6.2-STABLE #1: Sat Jan 20 09:17:05 CET 2007\n    sorcererx@euler.sorcererx.net:/usr/obj/usr/src/sys/EULER\nTimecounter \"i8254\" frequency 1193182 Hz quality 0\nCPU: AMD Sempron(tm) Processor 2800+ (1607.33-MHz K8-class CPU)\n  Origin = \"AuthenticAMD\"  Id = 0x20fc2  Stepping = 2\n  Features=0x78bfbff\u003cFPU,VME,DE,PSE,TSC,MSR,PAE,MCE,CX8,APIC,SEP,MTRR,PGE,MCA,CMOV,PAT,PSE36,CLFLUSH,MMX,FXSR,SSE,SSE2\u003e\n  Features2=0x1\u003cSSE3\u003e\n  AMD Features=0xe2500800\u003cSYSCALL,NX,MMX+,FFXSR,LM,3DNow!+,3DNow!\u003e\n  AMD Features2=0x1\u003cLAHF\u003e\nreal memory  = 1056702464 (1007 MB)\navail memory = 1011081216 (964 MB)\nkbd0 at kbdmux0\n    ACPI-0397: *** Error: NsSearchAndEnter: Bad character in ACPI Name: 43005350\n    ACPI-0381: *** Error: Looking up [0x43005350] (NON-ASCII)\n in namespace, AE_BAD_CHARACTER\n    ACPI-0204: *** Error: AcpiLoadTables: Could not load namespace: AE_BAD_CHARACTER\n    ACPI-0213: *** Error: AcpiLoadTables: Could not load tables: AE_BAD_CHARACTER\nACPI: table load failed: AE_BAD_CHARACTER\ncpu0 on motherboard\npcib0: \u003cHost to PCI bridge\u003e pcibus 0 on motherboard\npci0: \u003cPCI bus\u003e on pcib0\npci0: \u003cmemory, RAM\u003e at device 0.0 (no driver attached)\npci0: \u003cmemory, RAM\u003e at device 0.1 (no driver attached)\npci0: \u003cmemory, RAM\u003e at device 0.2 (no driver attached)\npci0: \u003cmemory, RAM\u003e at device 0.3 (no driver attached)\npci0: \u003cmemory, RAM\u003e at device 0.4 (no driver attached)\npci0: \u003cmemory, RAM\u003e at device 0.5 (no driver attached)\npci0: \u003cmemory, RAM\u003e at device 0.6 (no driver attached)\npci0: \u003cmemory, RAM\u003e at device 0.7 (no driver attached)\npcib1: \u003cPCI-PCI bridge\u003e at device 2.0 on pci0\npci1: \u003cPCI bus\u003e on pcib1\npcib2: \u003cPCI-PCI bridge\u003e at device 3.0 on pci0\npci2: \u003cPCI bus\u003e on pcib2\nem0: \u003cIntel(R) PRO/1000 Network Connection Version - 6.2.9\u003e port 0xdc00-0xdc1f mem 0xfaae0000-0xfaafffff,0xfaac0000-0xfaadffff irq 7 at device 0.0 on pci2\nem0: Ethernet address: 00:15:17:0b:8b:11\npcib3: \u003cPCI-PCI bridge\u003e at device 4.0 on pci0\npci3: \u003cPCI bus\u003e on pcib3\npci0: \u003cdisplay, VGA\u003e at device 5.0 (no driver attached)\npci0: \u003cmemory, RAM\u003e at device 9.0 (no driver attached)\nisab0: \u003cPCI-ISA bridge\u003e at device 10.0 on pci0\nisa0: \u003cISA bus\u003e on isab0\npci0: \u003cserial bus, SMBus\u003e at device 10.1 (no driver attached)\natapci0: \u003cnVidia nForce MCP51 UDMA133 controller\u003e port 0x1f0-0x1f7,0x3f6,0x170-0x177,0x376,0xffa0-0xffaf at device 13.0 on pci0\nata0: \u003cATA channel 0\u003e on atapci0\nata1: \u003cATA channel 1\u003e on atapci0\natapci1: \u003cnVidia nForce MCP51 SATA300 controller\u003e port 0xe800-0xe807,0xe480-0xe483,0xe400-0xe407,0xe080-0xe083,0xe000-0xe00f mem 0xfebdf000-0xfebdffff irq 9 at device 14.0 on pci0\nata2: \u003cATA channel 0\u003e on atapci1\nata3: \u003cATA channel 1\u003e on atapci1\npcib4: \u003cPCI-PCI bridge\u003e at device 16.0 on pci0\npci4: \u003cPCI bus\u003e on pcib4\npci0: \u003cmultimedia\u003e at device 16.1 (no driver attached)\natkbdc0: \u003cKeyboard controller (i8042)\u003e at port 0x60,0x64 on isa0\nfdc0: \u003cEnhanced floppy controller\u003e at port 0x3f0-0x3f5,0x3f7 irq 6 drq 2 on isa0\nfdc0: [FAST]\nppc0: cannot reserve I/O port range\nsc0: \u003cSystem console\u003e at flags 0x100 on isa0\nsc0: VGA \u003c16 virtual consoles, flags=0x300\u003e\nsio0: configured irq 4 not in bitmap of probed irqs 0\nsio0: port may not be enabled\nsio0 at port 0x3f8-0x3ff irq 4 flags 0x10 on isa0\nsio0: type 8250 or not responding\nsio1: configured irq 3 not in bitmap of probed irqs 0\nsio1: port may not be enabled\nvga0: \u003cGeneric ISA VGA\u003e at port 0x3c0-0x3df iomem 0xa0000-0xbffff on isa0\nTimecounter \"TSC\" frequency 1607325257 Hz quality 800\nTimecounters tick every 1.000 msec\nad4: 305245MB \u003cSeagate ST3320620AS 3.AAD\u003e at ata2-master SATA300\nad6: 305245MB \u003cSeagate ST3320620AS 3.AAD\u003e at ata3-master SATA300\nar0: 610490MB \u003cnVidia MediaShield RAID0 (stripe 64 KB)\u003e status: READY\nar0: disk0 READY using ad4 at ata2-master\nar0: disk1 READY using ad6 at ata3-master\nTrying to mount root from ufs:/dev/ar0s1a\nfuse4bsd: version 0.3.0, FUSE ABI 7.5\npcm0: \u003cNVidia MCP51 High Definition Audio Controller\u003e mem 0xfebd8000-0xfebdbfff irq 5 at device 16.1 on pci0\npcm0: \u003cHDA Codec: Analog Device AD1986A\u003e\npcm0: \u003cHDA Driver Revision: 20070105_0038\u003e"
}