{
 "id": 649710,
 "bug_id": 164838,
 "attachment_id": 0,
 "creation_time": "2012-02-07T03:30:09Z",
 "creator": "johnny@interpro.com.hk",
 "text": "When install smartmontools via \n\npkg_add -r smartmontools\n\nThe software is not working properly.  However if it is install via port tree, the software will working without problem.  Only happen in i386 version.  AMD64 does not have problems.\n\nFix: \n\nRecompile the software from ports tree and update to package\nHow-To-Repeat: server1# pkg_add -r smartmontools\nFetching ftp://ftp.freebsd.org/pub/FreeBSD/ports/i386/packages-9.0-release/Latest/smartmontools.tbz... Done.\n\nsmartmontools has been installed\n\nTo check the status of drives, use the following:\n\n        /usr/local/sbin/smartctl -a /dev/ad0    for first ATA/SATA drive\n        /usr/local/sbin/smartctl -a /dev/da0    for first SCSI drive\n        /usr/local/sbin/smartctl -a /dev/ada0   for first SATA drive\n\nTo include drive health information in your daily status reports,\nadd a line like the following to /etc/periodic.conf:\n        daily_status_smart_devices=\"/dev/ad0 /dev/da0\"\nsubstituting the appropriate device names for your SMART-capable disks.\n\nTo enable drive monitoring, you can use /usr/local/sbin/smartd.\nA sample configuration file has been installed as\n/usr/local/etc/smartd.conf.sample\nCopy this file to /usr/local/etc/smartd.conf and edit appropriately\n\nTo have smartd start at boot\n        echo 'smartd_enable=\"YES\"' \u003e\u003e /etc/rc.conf\n\nserver1# /usr/local/sbin/smartctl -a /dev/ada0\nsmartctl 5.42 2011-10-20 r3458 [FreeBSD 9.0-RELEASE i386] (local build)\nCopyright (C) 2002-11 by Bruce Allen, http://smartmontools.sourceforge.net\n\nerror sending CAMIOCOMMAND ioctl: Inappropriate ioctl for device\nUnable to get CAM device list\n/dev/ada0: Unable to detect device type\nSmartctl: please specify device type with the -d option.\n\nUse smartctl -h to get a usage summary\n\nserver1# pkg_delete smartmontools-5.42_2\n===\u003e Stopping smartd ...\nserver1# cd /usr/ports/sysutils/smartmontools/\nserver1# make install clean  \u003e /dev/null\nsmartmontools-5.42.tar.gz                     100% of  724 kB  166 kBps\nserver1# /usr/local/sbin/smartctl -a /dev/ada0\nsmartctl 5.42 2011-10-20 r3458 [FreeBSD 9.0-RELEASE i386] (local build)\nCopyright (C) 2002-11 by Bruce Allen, http://smartmontools.sourceforge.net\n\n=== START OF INFORMATION SECTION ===\nModel Family:     Hitachi Deskstar 7K2000\nDevice Model:     Hitachi HDS722020ALA330\nSerial Number:    \u003cDeleted-by-me\u003e\nLU WWN Device Id: 5 000cca 221e82bfc\nFirmware Version: JKAOA3EA\nUser Capacity:    2,000,398,934,016 bytes [2.00 TB]\nSector Size:      512 bytes logical/physical\nDevice is:        In smartctl database [for details use: -P show]\nATA Version is:   8\nATA Standard is:  ATA-8-ACS revision 4\nLocal Time is:    Fri Feb  3 14:12:57 2012 HKT\nSMART support is: Available - device has SMART capability.\nSMART support is: Enabled\n\n=== START OF READ SMART DATA SECTION ===\nSMART overall-health self-assessment test result: PASSED\n\nGeneral SMART Values:\nOffline data collection status:  (0x82) Offline data collection activity\n                                        was completed without error.\n                                        Auto Offline Data Collection: Enabled.\nSelf-test execution status:      (   0) The previous self-test routine completed\n                                        without error or no self-test has ever\n                                        been run.\nTotal time to complete Offline\ndata collection:                (23212) seconds.\nOffline data collection\ncapabilities:                    (0x5b) SMART execute Offline immediate.\n                                        Auto Offline data collection on/off support.\n                                        Suspend Offline collection upon new\n                                        command.\n                                        Offline surface scan supported.\n                                        Self-test supported.\n                                        No Conveyance Self-test supported.\n                                        Selective Self-test supported.\nSMART capabilities:            (0x0003) Saves SMART data before entering\n                                        power-saving mode.\n                                        Supports SMART auto save timer.\nError logging capability:        (0x01) Error logging supported.\n                                        General Purpose Logging supported.\nShort self-test routine\nrecommended polling time:        (   1) minutes.\nExtended self-test routine\nrecommended polling time:        ( 255) minutes.\nSCT capabilities:              (0x003d) SCT Status supported.\n                                        SCT Error Recovery Control supported.\n                                        SCT Feature Control supported.\n                                        SCT Data Table supported.\n\nSMART Attributes Data Structure revision number: 16\nVendor Specific SMART Attributes with Thresholds:\nID# ATTRIBUTE_NAME          FLAG     VALUE WORST THRESH TYPE      UPDATED  WHEN_FAILED RAW_VALUE\n  1 Raw_Read_Error_Rate     0x000b   100   100   016    Pre-fail  Always       -       65536\n  2 Throughput_Performance  0x0005   132   132   054    Pre-fail  Offline      -       105\n  3 Spin_Up_Time            0x0007   132   132   024    Pre-fail  Always       -       564 (Average 532)\n  4 Start_Stop_Count        0x0012   100   100   000    Old_age   Always       -       25\n  5 Reallocated_Sector_Ct   0x0033   100   100   005    Pre-fail  Always       -       0\n  7 Seek_Error_Rate         0x000b   100   100   067    Pre-fail  Always       -       0\n  8 Seek_Time_Performance   0x0005   119   119   020    Pre-fail  Offline      -       36\n  9 Power_On_Hours          0x0012   099   099   000    Old_age   Always       -       9712\n 10 Spin_Retry_Count        0x0013   100   100   060    Pre-fail  Always       -       0\n 12 Power_Cycle_Count       0x0032   100   100   000    Old_age   Always       -       25\n192 Power-Off_Retract_Count 0x0032   100   100   000    Old_age   Always       -       341\n193 Load_Cycle_Count        0x0012   100   100   000    Old_age   Always       -       341\n194 Temperature_Celsius     0x0002   146   146   000    Old_age   Always       -       41 (Min/Max 23/48)\n196 Reallocated_Event_Count 0x0032   100   100   000    Old_age   Always       -       0\n197 Current_Pending_Sector  0x0022   100   100   000    Old_age   Always       -       0\n198 Offline_Uncorrectable   0x0008   100   100   000    Old_age   Offline      -       0\n199 UDMA_CRC_Error_Count    0x000a   200   200   000    Old_age   Always       -       0\n\nSMART Error Log Version: 0\nNo Errors Logged\n\nSMART Self-test log structure revision number 1\nNum  Test_Description    Status                  Remaining  LifeTime(hours)  LBA_of_first_error\n# 1  Short offline       Completed without error       00%      8907         -\n# 2  Short offline       Completed without error       00%      5332         -\n# 3  Short offline       Completed without error       00%      2763         -\n# 4  Short offline       Completed without error       00%       149         -\n\nSMART Selective self-test log data structure revision number 1\n SPAN  MIN_LBA  MAX_LBA  CURRENT_TEST_STATUS\n    1        0        0  Not_testing\n    2        0        0  Not_testing\n    3        0        0  Not_testing\n    4        0        0  Not_testing\n    5        0        0  Not_testing\nSelective self-test flags (0x0):\n  After scanning selected spans, do NOT read-scan remainder of disk.\nIf Selective self-test is pending on power-up, resume after 0 minute delay.\n\nserver1# uname -i -p -v\nFreeBSD 9.0-RELEASE #0: Tue Jan  3 07:15:25 UTC 2012     \nroot@obrian.cse.buffalo.edu:/usr/obj/usr/src/sys/GENERIC  i386 GENERIC"
}