{
 "id": 543473,
 "bug_id": 143714,
 "attachment_id": 0,
 "creation_time": "2010-02-09T23:50:01Z",
 "creator": "stephane.lapie@darkbsd.org",
 "text": "When using the following controllers :\n\natapci0@pci0:7:1:0:    class=0x010000 card=0x11ab11ab chip=0x608111ab rev=0x09 hdr=0x00\n    vendor     = 'Marvell Semiconductor (Was: Galileo Technology Ltd)'\n    device     = 'MV88SX6081 8-port SATA II PCI-X Controller'\n    class      = mass storage\n    subclass   = SCSI\natapci1@pci0:7:7:0:    class=0x010000 card=0x11ab11ab chip=0x608111ab rev=0x09 hdr=0x00\n    vendor     = 'Marvell Semiconductor (Was: Galileo Technology Ltd)'\n    device     = 'MV88SX6081 8-port SATA II PCI-X Controller'\n    class      = mass storage\n    subclass   = SCSI \n\nUpon removing physically a disk, or upon the disk being disconnected due to a failure, I can consistently reproduce the following kernel panic :\n\nSleeping thread (tid 100024, pid 0) owns a non-sleepable lock\nsched_switch() at sched_switch+0xf8\nmi_switch() at mi_switch+0x16f\nsleepq_timedwait() at sleepq_timedwait+0x42\n_cv_timedwait() at _cv_timedwait+0x129\n_sema_timedwait() at _sema_timedwait+0x55\nata_queue_request() at ata_queue_request+0x526\nata_controlcmd() at ata_controlcmd+0xa1\nata_setmode() at ata_setmode+0xdc\nad_init() at ad_init+0x27\nad_reinit() at ad_reinit+0x48\nata_reinit() at ata_reinit+0x268\nata_conn_event() at ata_conn_event+0x49\ntaskqueue_run() at taskqueue_run+0x93\ntaskqueue_thread_loop() at taskqueue_thread_loop+0x46\nfork_exit() at fork_exit+0x118\nfork_trampoline() at fork_trampoline+0xe\n--- trap 0, rip = 0, rsp = 0xffffff80000aad30, rbp = 0 ---\npanic: sleeping thread\ncpuid = 2\nKDB: enter: panic\n[thread pid 12 tid 100008 ]\nStopped at      kdb_enter+0x3d: movq    $0,0x4943d0(%rip) \ndb\u003e bt\nTracing pid 12 tid 100008 td 0xffffff000187e000\nkdb_enter() at kdb_enter+0x3d\npanic() at panic+0x17b\nturnstile_adjust() at turnstile_adjust\nturnstile_wait() at turnstile_wait+0x1aa\n_mtx_lock_sleep() at _mtx_lock_sleep+0xb0\nsoftclock() at softclock+0x2a9\nintr_event_execute_handlers() at intr_event_execute_handlers+0xfd\nithread_loop() at ithread_loop+0x8e\nfork_exit() at fork_exit+0x118\nfork_trampoline() at fork_trampoline+0xe\n--- trap 0, rip = 0, rsp = 0xffffff800005ad30, rbp = 0 --- \n\nEven if the disk (used in a ZFS pool) is not accessed at all, it seems firing an ATA disconnection event will cause a kernel panic.\n\nMy dmesg output follows :\nCopyright (c) 1992-2010 The FreeBSD Project.\nCopyright (c) 1979, 1980, 1983, 1986, 1988, 1989, 1991, 1992, 1993, 1994\n\tThe Regents of the University of California. All rights reserved.\nFreeBSD is a registered trademark of The FreeBSD Foundation.\nFreeBSD 8.0-STABLE #0: Wed Feb  3 03:05:37 JST 2010\n    darksoul@eirei-no-za.yomi.darkbsd.org:/usr/storage/tech/eirei-no-za.yomi.darkbsd.org/usr/obj/usr/storage/tech/eirei-no-za.yomi.darkbsd.org/usr/src/sys/DARK-2010KERN amd64\nTimecounter \"i8254\" frequency 1193182 Hz quality 0\nCPU: Intel(R) Core(TM)2 Quad CPU    Q9400  @ 2.66GHz (2666.68-MHz K8-class CPU)\n  Origin = \"GenuineIntel\"  Id = 0x1067a  Stepping = 10\n  Features=0xbfebfbff\u003cFPU,VME,DE,PSE,TSC,MSR,PAE,MCE,CX8,APIC,SEP,MTRR,PGE,MCA,CMOV,PAT,PSE36,CLFLUSH,DTS,ACPI,MMX,FXSR,SSE,SSE2,SS,HTT,TM,PBE\u003e\n  Features2=0x408e3fd\u003cSSE3,DTES64,MON,DS_CPL,VMX,SMX,EST,TM2,SSSE3,CX16,xTPR,PDCM,SSE4.1,XSAVE\u003e\n  AMD Features=0x20100800\u003cSYSCALL,NX,LM\u003e\n  AMD Features2=0x1\u003cLAHF\u003e\n  TSC: P-state invariant\nreal memory  = 8589934592 (8192 MB)\navail memory = 8257732608 (7875 MB)\nACPI APIC Table: \u003cPTLTD  \t APIC  \u003e\nFreeBSD/SMP: Multiprocessor System Detected: 4 CPUs\nFreeBSD/SMP: 1 package(s) x 4 core(s)\n cpu0 (BSP): APIC ID:  0\n cpu1 (AP): APIC ID:  1\n cpu2 (AP): APIC ID:  2\n cpu3 (AP): APIC ID:  3\nioapic0 \u003cVersion 2.0\u003e irqs 0-23 on motherboard\nioapic1 \u003cVersion 2.0\u003e irqs 24-47 on motherboard\nkbd1 at kbdmux0\nichwd module loaded\niscsi: version 2.1.0\nacpi0: \u003cPTLTD \t XSDT\u003e on motherboard\nacpi0: [ITHREAD]\nacpi0: Power Button (fixed)\nTimecounter \"ACPI-fast\" frequency 3579545 Hz quality 1000\nacpi_timer0: \u003c24-bit timer at 3.579545MHz\u003e port 0x1008-0x100b on acpi0\npcib0: \u003cACPI Host-PCI bridge\u003e port 0xcf8-0xcff on acpi0\npci0: \u003cACPI PCI bus\u003e on pcib0\npcib1: \u003cACPI PCI-PCI bridge\u003e irq 16 at device 6.0 on pci0\npci3: \u003cACPI PCI bus\u003e on pcib1\npcib2: \u003cPCI-PCI bridge\u003e at device 0.0 on pci3\npci4: \u003cPCI bus\u003e on pcib2\nem0: \u003cIntel(R) PRO/1000 Network Connection 6.9.14\u003e port 0x2000-0x203f mem 0xdfd80000-0xdfd9ffff,0xdfd00000-0xdfd3ffff irq 16 at device 4.0 on pci4\nem0: [FILTER]\nem0: Ethernet address: 00:0e:0c:70:7d:1e\nem1: \u003cIntel(R) PRO/1000 Network Connection 6.9.14\u003e port 0x2040-0x207f mem 0xdfda0000-0xdfdbffff,0xdfd40000-0xdfd7ffff irq 17 at device 4.1 on pci4\nem1: [FILTER]\nem1: Ethernet address: 00:0e:0c:70:7d:1f\npcib3: \u003cPCI-PCI bridge\u003e at device 0.2 on pci3\npci5: \u003cPCI bus\u003e on pcib3\nem2: \u003cIntel(R) PRO/1000 Network Connection 6.9.14\u003e port 0x1820-0x183f mem 0xdff00000-0xdff1ffff,0xdff20000-0xdff20fff irq 16 at device 25.0 on pci0\nem2: Using MSI interrupt\nem2: [FILTER]\nem2: Ethernet address: 00:30:48:de:84:88\nuhci0: \u003cIntel 82801I (ICH9) USB controller\u003e port 0x1840-0x185f irq 16 at device 26.0 on pci0\nuhci0: [ITHREAD]\nusbus0: \u003cIntel 82801I (ICH9) USB controller\u003e on uhci0\nuhci1: \u003cIntel 82801I (ICH9) USB controller\u003e port 0x1860-0x187f irq 17 at device 26.1 on pci0\nuhci1: [ITHREAD]\nusbus1: \u003cIntel 82801I (ICH9) USB controller\u003e on uhci1\nuhci2: \u003cIntel 82801I (ICH9) USB controller\u003e port 0x1880-0x189f irq 18 at device 26.2 on pci0\nuhci2: [ITHREAD]\nusbus2: \u003cIntel 82801I (ICH9) USB controller\u003e on uhci2\nehci0: \u003cIntel 82801I (ICH9) USB 2.0 controller\u003e mem 0xdff22800-0xdff22bff irq 18 at device 26.7 on pci0\nehci0: [ITHREAD]\nusbus3: EHCI version 1.0\nusbus3: \u003cIntel 82801I (ICH9) USB 2.0 controller\u003e on ehci0\npcib4: \u003cACPI PCI-PCI bridge\u003e irq 16 at device 28.0 on pci0\npci6: \u003cACPI PCI bus\u003e on pcib4\npcib5: \u003cACPI PCI-PCI bridge\u003e at device 0.0 on pci6\npci7: \u003cACPI PCI bus\u003e on pcib5\natapci0: \u003cMarvell 88SX6081 SATA300 controller\u003e port 0x3000-0x30ff mem 0xdf200000-0xdf2fffff irq 24 at device 1.0 on pci7\natapci0: [ITHREAD]\nata2: \u003cATA channel 0\u003e on atapci0\nata2: [ITHREAD]\nata3: \u003cATA channel 1\u003e on atapci0\nata3: [ITHREAD]\nata4: \u003cATA channel 2\u003e on atapci0\nata4: [ITHREAD]\nata5: \u003cATA channel 3\u003e on atapci0\nata5: [ITHREAD]\nata6: \u003cATA channel 4\u003e on atapci0\nata6: [ITHREAD]\nata7: \u003cATA channel 5\u003e on atapci0\nata7: [ITHREAD]\nata8: \u003cATA channel 6\u003e on atapci0\nata8: [ITHREAD]\nata9: \u003cATA channel 7\u003e on atapci0\nata9: [ITHREAD]\natapci1: \u003cMarvell 88SX6081 SATA300 controller\u003e port 0x3400-0x34ff mem 0xdf300000-0xdf3fffff,0xdf800000-0xdfbfffff irq 28 at device 7.0 on pci7\natapci1: [ITHREAD]\nata10: \u003cATA channel 0\u003e on atapci1\nata10: [ITHREAD]\nata11: \u003cATA channel 1\u003e on atapci1\nata11: [ITHREAD]\nata12: \u003cATA channel 2\u003e on atapci1\nata12: [ITHREAD]\nata13: \u003cATA channel 3\u003e on atapci1\nata13: [ITHREAD]\nata14: \u003cATA channel 4\u003e on atapci1\nata14: [ITHREAD]\nata15: \u003cATA channel 5\u003e on atapci1\nata15: [ITHREAD]\nata16: \u003cATA channel 6\u003e on atapci1\nata16: [ITHREAD]\nata17: \u003cATA channel 7\u003e on atapci1\nata17: [ITHREAD]\nuhci3: \u003cIntel 82801I (ICH9) USB controller\u003e port 0x18a0-0x18bf irq 23 at device 29.0 on pci0\nuhci3: [ITHREAD]\nusbus4: \u003cIntel 82801I (ICH9) USB controller\u003e on uhci3\nuhci4: \u003cIntel 82801I (ICH9) USB controller\u003e port 0x18c0-0x18df irq 22 at device 29.1 on pci0\nuhci4: [ITHREAD]\nusbus5: \u003cIntel 82801I (ICH9) USB controller\u003e on uhci4\nuhci5: \u003cIntel 82801I (ICH9) USB controller\u003e port 0x18e0-0x18ff irq 18 at device 29.2 on pci0\nuhci5: [ITHREAD]\nusbus6: \u003cIntel 82801I (ICH9) USB controller\u003e on uhci5\nehci1: \u003cIntel 82801I (ICH9) USB 2.0 controller\u003e mem 0xdff22c00-0xdff22fff irq 23 at device 29.7 on pci0\nehci1: [ITHREAD]\nusbus7: EHCI version 1.0\nusbus7: \u003cIntel 82801I (ICH9) USB 2.0 controller\u003e on ehci1\npcib6: \u003cACPI PCI-PCI bridge\u003e at device 30.0 on pci0\npci17: \u003cACPI PCI bus\u003e on pcib6\nem3: \u003cIntel(R) PRO/1000 Network Connection 6.9.14\u003e port 0x4080-0x40bf mem 0xdfe00000-0xdfe1ffff irq 20 at device 0.0 on pci17\nem3: [FILTER]\nem3: Ethernet address: 00:07:e9:0f:a3:80\nem4: \u003cIntel(R) PRO/1000 Network Connection 6.9.14\u003e port 0x40c0-0x40ff mem 0xdfe20000-0xdfe3ffff irq 21 at device 0.1 on pci17\nem4: [FILTER]\nem4: Ethernet address: 00:07:e9:0f:a3:81\nvgapci0: \u003cVGA-compatible display\u003e port 0x4000-0x407f mem 0xde800000-0xdeffffff,0xdfe40000-0xdfe4ffff at device 1.0 on pci17\nfwohci0: \u003cTexas Instruments TSB43AB22/A\u003e mem 0xdfe54000-0xdfe547ff,0xdfe50000-0xdfe53fff irq 22 at device 3.0 on pci17\nfwohci0: [ITHREAD]\nfwohci0: OHCI version 1.10 (ROM=1)\nfwohci0: No. of Isochronous channels is 4.\nfwohci0: EUI64 00:30:48:00:00:20:42:f6\nfwohci0: Phy 1394a available S400, 2 ports.\nfwohci0: Link S400, max_rec 2048 bytes.\nfirewire0: \u003cIEEE1394(FireWire) bus\u003e on fwohci0\ndcons_crom0: \u003cdcons configuration ROM\u003e on firewire0\ndcons_crom0: bus_addr 0x7c0a40\nfwe0: \u003cEthernet over FireWire\u003e on firewire0\nif_fwe0: Fake Ethernet address: 02:30:48:20:42:f6\nfwe0: Ethernet address: 02:30:48:20:42:f6\nfwip0: \u003cIP over FireWire\u003e on firewire0\nfwip0: Firewire address: 00:30:48:00:00:20:42:f6 @ 0xfffe00000000, S400, maxrec 2048\nfwohci0: Initiate bus reset\nfwohci0: fwohci_intr_core: BUS reset\nfwohci0: fwohci_intr_core: node_id=0x00000000, SelfID Count=1, CYCLEMASTER mode\natapci2: \u003cITE IT8213F UDMA133 controller\u003e port 0x4420-0x4427,0x4414-0x4417,0x4418-0x441f,0x4410-0x4413,0x4400-0x440f irq 23 at device 4.0 on pci17\natapci2: [ITHREAD]\nata18: \u003cATA channel 0\u003e on atapci2\nata18: [ITHREAD]\nisab0: \u003cPCI-ISA bridge\u003e at device 31.0 on pci0\nisa0: \u003cISA bus\u003e on isab0\nahci0: \u003cIntel ICH9 AHCI SATA controller\u003e port 0x1c70-0x1c77,0x1c64-0x1c67,0x1c68-0x1c6f,0x1c60-0x1c63,0x1c00-0x1c1f mem 0xdff22000-0xdff227ff irq 17 at device 31.2 on pci0\nahci0: [ITHREAD]\nahci0: AHCI v1.20 with 6 3Gbps ports, Port Multiplier supported\nahcich0: \u003cAHCI channel\u003e at channel 0 on ahci0\nahcich0: [ITHREAD]\nahcich1: \u003cAHCI channel\u003e at channel 1 on ahci0\nahcich1: [ITHREAD]\nahcich2: \u003cAHCI channel\u003e at channel 2 on ahci0\nahcich2: [ITHREAD]\nahcich3: \u003cAHCI channel\u003e at channel 3 on ahci0\nahcich3: [ITHREAD]\nahcich4: \u003cAHCI channel\u003e at channel 4 on ahci0\nahcich4: [ITHREAD]\nahcich5: \u003cAHCI channel\u003e at channel 5 on ahci0\nahcich5: [ITHREAD]\nichsmb0: \u003cIntel 82801I (ICH9) SMBus controller\u003e port 0x1100-0x111f mem 0xdff23000-0xdff230ff irq 17 at device 31.3 on pci0\nichsmb0: [ITHREAD]\nsmbus0: \u003cSystem Management Bus\u003e on ichsmb0\nsmb0: \u003cSMBus generic I/O\u003e on smbus0\npci0: \u003cdasp\u003e at device 31.6 (no driver attached)\nacpi_button0: \u003cPower Button\u003e on acpi0\natrtc0: \u003cAT realtime clock\u003e port 0x70-0x71 irq 8 on acpi0\natkbdc0: \u003cKeyboard controller (i8042)\u003e port 0x60,0x64 irq 1 on acpi0\natkbd0: \u003cAT Keyboard\u003e irq 1 on atkbdc0\nkbd0 at atkbd0\natkbd0: [GIANT-LOCKED]\natkbd0: [ITHREAD]\nuart0: \u003c16550 or compatible\u003e port 0x3f8-0x3ff irq 4 flags 0x10 on acpi0\nuart0: [FILTER]\nuart0: console (115200,n,8,1)\nuart1: \u003c16550 or compatible\u003e port 0x2f8-0x2ff irq 3 on acpi0\nuart1: [FILTER]\ncpu0: \u003cACPI CPU\u003e on acpi0\ncoretemp0: \u003cCPU On-Die Thermal Sensors\u003e on cpu0\nest0: \u003cEnhanced SpeedStep Frequency Control\u003e on cpu0\np4tcc0: \u003cCPU Frequency Thermal Control\u003e on cpu0\ncpu1: \u003cACPI CPU\u003e on acpi0\ncoretemp1: \u003cCPU On-Die Thermal Sensors\u003e on cpu1\nest1: \u003cEnhanced SpeedStep Frequency Control\u003e on cpu1\np4tcc1: \u003cCPU Frequency Thermal Control\u003e on cpu1\ncpu2: \u003cACPI CPU\u003e on acpi0\ncoretemp2: \u003cCPU On-Die Thermal Sensors\u003e on cpu2\nest2: \u003cEnhanced SpeedStep Frequency Control\u003e on cpu2\np4tcc2: \u003cCPU Frequency Thermal Control\u003e on cpu2\ncpu3: \u003cACPI CPU\u003e on acpi0\ncoretemp3: \u003cCPU On-Die Thermal Sensors\u003e on cpu3\nest3: \u003cEnhanced SpeedStep Frequency Control\u003e on cpu3\np4tcc3: \u003cCPU Frequency Thermal Control\u003e on cpu3\nichwd0: \u003cIntel ICH9R watchdog timer\u003e on isa0\nichwd0: Intel ICH9R watchdog timer (ICH9 or equivalent)\norm0: \u003cISA Option ROMs\u003e at iomem 0xc0000-0xc7fff,0xc8000-0xc8fff on isa0\nsc0: \u003cSystem console\u003e at flags 0x100 on isa0\nsc0: VGA \u003c16 virtual consoles, flags=0x300\u003e\nvga0: \u003cGeneric ISA VGA\u003e at port 0x3c0-0x3df iomem 0xa0000-0xbffff on isa0\nZFS filesystem version 3\nZFS storage pool version 14\nTimecounters tick every 1.000 msec\nWaiting 5 seconds for SCSI devices to settle\nfirewire0: 1 nodes, maxhop \u003c= 0 cable IRM irm(0)  (me) \nfirewire0: bus manager 0 \nusbus0: 12Mbps Full Speed USB v1.0\nusbus1: 12Mbps Full Speed USB v1.0\nusbus2: 12Mbps Full Speed USB v1.0\nusbus3: 480Mbps High Speed USB v2.0\nusbus4: 12Mbps Full Speed USB v1.0\nusbus5: 12Mbps Full Speed USB v1.0\nusbus6: 12Mbps Full Speed USB v1.0\nusbus7: 480Mbps High Speed USB v2.0\nugen0.1: \u003cIntel\u003e at usbus0\nuhub0: \u003cIntel UHCI root HUB, class 9/0, rev 1.00/1.00, addr 1\u003e on usbus0\nugen1.1: \u003cIntel\u003e at usbus1\nuhub1: \u003cIntel UHCI root HUB, class 9/0, rev 1.00/1.00, addr 1\u003e on usbus1\nugen2.1: \u003cIntel\u003e at usbus2\nuhub2: \u003cIntel UHCI root HUB, class 9/0, rev 1.00/1.00, addr 1\u003e on usbus2\nugen3.1: \u003cIntel\u003e at usbus3\nuhub3: \u003cIntel EHCI root HUB, class 9/0, rev 2.00/1.00, addr 1\u003e on usbus3\nugen4.1: \u003cIntel\u003e at usbus4\nuhub4: \u003cIntel UHCI root HUB, class 9/0, rev 1.00/1.00, addr 1\u003e on usbus4\nugen5.1: \u003cIntel\u003e at usbus5\nuhub5: \u003cIntel UHCI root HUB, class 9/0, rev 1.00/1.00, addr 1\u003e on usbus5\nugen6.1: \u003cIntel\u003e at usbus6\nuhub6: \u003cIntel UHCI root HUB, class 9/0, rev 1.00/1.00, addr 1\u003e on usbus6\nugen7.1: \u003cIntel\u003e at usbus7\nuhub7: \u003cIntel EHCI root HUB, class 9/0, rev 2.00/1.00, addr 1\u003e on usbus7\nad4: 1430799MB \u003cSeagate ST31500341AS CC1H\u003e at ata2-master UDMA100 SATA 3Gb/s\nad6: 1430799MB \u003cSeagate ST31500341AS CC1H\u003e at ata3-master UDMA100 SATA 3Gb/s\nad8: 1430799MB \u003cSeagate ST31500341AS CC1H\u003e at ata4-master UDMA100 SATA 3Gb/s\nad10: 1430799MB \u003cSeagate ST31500341AS CC1H\u003e at ata5-master UDMA100 SATA 3Gb/s\nuhub0: 2 ports with 2 removable, self powered\nuhub1: 2 ports with 2 removable, self powered\nuhub2: 2 ports with 2 removable, self powered\nuhub4: 2 ports with 2 removable, self powered\nuhub5: 2 ports with 2 removable, self powered\nuhub6: 2 ports with 2 removable, self powered\nad12: 61136MB \u003cTS64GSSD25S M V090216\u003e at ata6-master UDMA100 SATA 3Gb/s\nad14: 1430799MB \u003cSeagate ST31500341AS CC1H\u003e at ata7-master UDMA100 SATA 3Gb/s\nad16: 1430799MB \u003cSeagate ST31500341AS CC1H\u003e at ata8-master UDMA100 SATA 3Gb/s\nad18: 1430799MB \u003cSeagate ST31500341AS CC1H\u003e at ata9-master UDMA100 SATA 3Gb/s\nad28: 1430799MB \u003cSeagate ST31500341AS CC1H\u003e at ata14-master UDMA100 SATA 3Gb/s\nad30: 1430799MB \u003cSeagate ST31500341AS CC1H\u003e at ata15-master UDMA100 SATA 3Gb/s\nad32: 1430799MB \u003cSeagate ST31500341AS CC1H\u003e at ata16-master UDMA100 SATA 3Gb/s\nad34: 1430799MB \u003cSeagate ST31500341AS CC1H\u003e at ata17-master UDMA100 SATA 3Gb/s\nata18: DMA limited to UDMA33, controller found non-ATA66 cable\nad36: 3823MB \u003cTRANSCEND 20070831\u003e at ata18-master UDMA33 \nad37: 61136MB \u003cTS64GSSD25 M V090331\u003e at ata18-slave UDMA133 \nuhub3: 6 ports with 6 removable, self powered\nuhub7: 6 ports with 6 removable, self powered\nugen7.2: \u003cGeneric\u003e at usbus7\numass0: \u003cGeneric External, class 0/0, rev 2.00/1.04, addr 2\u003e on usbus7\numass0:  SCSI over Bulk-Only; quirks = 0x0000\numass0:6:0:-1: Attached to scbus6\nugen0.2: \u003cChicony\u003e at usbus0\nuhub8: \u003cChicony Generic USB Hub, class 9/0, rev 1.10/1.00, addr 2\u003e on usbus0\nada0 at ahcich0 bus 0 scbus0 target 0 lun 0\nada0: da0 at umass-sim0 bus 0 scbus6 target 0 lun 0\nda0: \u003cGeneric External 1.04\u003e Fixed Direct Access SCSI-4 device \nda0: 40.000MB/s transfers\nda0: 1430799MB (2930277168 512 byte sectors: 255H 63S/T 182401C)\n\u003cST31500341AS CC1H\u003e ATA-8 SATA 2.x device\nada0: 300.000MB/s transfers (SATA 2.x, UDMA6, PIO size 8192bytes)\nada0: Command Queueing enabled\nada0: 1430799MB (2930277168 512 byte sectors: 16H 63S/T 16383C)\nada1 at ahcich1 bus 0 scbus1 target 0 lun 0\nada1: \u003cST31500341AS CC1H\u003e ATA-8 SATA 2.x device\nada1: 300.000MB/s transfers (SATA 2.x, UDMA6, PIO size 8192bytes)\nada1: Command Queueing enabled\nada1: 1430799MB (2930277168 512 byte sectors: 16H 63S/T 16383C)\nada2 at ahcich2 bus 0 scbus2 target 0 lun 0\nada2: \u003cST31500341AS CC1H\u003e ATA-8 SATA 2.x device\nada2: 300.000MB/s transfers (SATA 2.x, UDMA6, PIO size 8192bytes)\nada2: Command Queueing enabled\nada2: 1430799MB (2930277168 512 byte sectors: 16H 63S/T 16383C)\nada3 at ahcich3 bus 0 scbus3 target 0 lun 0\nada3: \u003cST31500341AS SD1A\u003e ATA-8 SATA 2.x device\nada3: 300.000MB/s transfers (SATA 2.x, UDMA6, PIO size 8192bytes)\nada3: Command Queueing enabled\nada3: 1430799MB (2930277168 512 byte sectors: 16H 63S/T 16383C)\nSMP: AP CPU #1 Launched!\nSMP: AP CPU #3 Launched!\nSMP: AP CPU #2 Launched!\nRoot mount waiting for: usbus7\nuhub8: 3 ports with 2 removable, bus powered\nugen7.3: \u003cvendor 0x05e3\u003e at usbus7\nuhub9: \u003cvendor 0x05e3 USB2.0 Hub, class 9/0, rev 2.00/7.02, addr 3\u003e on usbus7\nugen0.3: \u003cChicony\u003e at usbus0\nukbd0: \u003cChicony PFU-68 USB Keyboard, class 0/0, rev 1.10/1.00, addr 3\u003e on usbus0\nkbd2 at ukbd0\nuhub9: 4 ports with 4 removable, self powered\nRoot mount waiting for: usbus7\nugen7.4: \u003cGeneric\u003e at usbus7\numass1: \u003cGeneric External, class 0/0, rev 2.00/1.04, addr 4\u003e on usbus7\numass1:  SCSI over Bulk-Only; quirks = 0x0000\nRoot mount waiting for: usbus7\numass1:7:1:-1: Attached to scbus7\nda1 at umass-sim1 bus 1 scbus7 target 0 lun 0\nda1: \u003cGeneric External 1.04\u003e Fixed Direct Access SCSI-4 device \nda1: 40.000MB/s transfers\nda1: 1430799MB (2930277168 512 byte sectors: 255H 63S/T 182401C)\nugen7.5: \u003cvendor 0x05e3\u003e at usbus7\nuhub10: \u003cvendor 0x05e3 USB2.0 Hub, class 9/0, rev 2.00/7.02, addr 5\u003e on usbus7\nRoot mount waiting for: usbus7\nuhub10: 4 ports with 4 removable, self powered\nTrying to mount root from zfs:prana\nem0: link state changed to UP\nem1: link state changed to UP\n\nFix: \n\nMore like a work-around, but moving drives to the internal AHCI controller\non my motherboard fixed the flapping problem, and removed the trigger for\nthe above kernel panic.\nHow-To-Repeat: I noticed the problem when seeing device failures such as : ad24 detached,\nad22 detached.\n\nI could consistently reproduce it (same error message, same thread, same\nbacktrace) by unplugging a drive while the machine was running. (This\nworked fine with FreeBSD 7.X)"
}