{
 "id": 392214,
 "bug_id": 112569,
 "attachment_id": 0,
 "creation_time": "2007-05-10T12:50:03Z",
 "creator": "kevinxlinuz@163.com",
 "text": "USB mode have some problems when I try to mount sony psp.\nIt likes this:\n~\u003e sudo mount_msdosfs /dev/da0s1 /mnt/\nmount_msdosfs: /dev/da0s1: Input/output error\nAnd dmesg:\n        Copyright (c) 1992-2007 The FreeBSD Project.\nCopyright (c) 1979, 1980, 1983, 1986, 1988, 1989, 1991, 1992, 1993, 1994\n        The Regents of the University of California. All rights reserved.\nFreeBSD is a registered trademark of The FreeBSD Foundation.\nFreeBSD 6.2-RELEASE-p4 #0: Thu Apr 26 17:40:53 UTC 2007\n    root@i386-builder.daemonology.net:/usr/obj/usr/src/sys/GENERIC\nTimecounter \"i8254\" frequency 1193182 Hz quality 0\nCPU: Intel(R) Pentium(R) 4 CPU 2.80GHz (2793.01-MHz 686-class CPU)\n  Origin = \"GenuineIntel\"  Id = 0xf41  Stepping = 1\n  Features=0xbfebfbff\u003cFPU,VME,DE,PSE,TSC,MSR,PAE,MCE,CX8,APIC,SEP,MTRR,PGE,MCA,CMOV,PAT,PSE36,CLFLUSH,DTS,ACPI,MMX,FXSR,SSE,SSE2,SS,HTT,TM,PBE\u003e\n  Features2=0x441d\u003cSSE3,RSVD2,MON,DS_CPL,CNTX-ID,\u003cb14\u003e\u003e\nreal memory  = 1072103424 (1022 MB)\navail memory = 1040134144 (991 MB)\nACPI APIC Table: \u003cDELL   170L   \u003e\nioapic0: Changing APIC ID to 1\nioapic0 \u003cVersion 2.0\u003e irqs 0-23 on motherboard\nkbd1 at kbdmux0\nath_hal: 0.9.17.2 (AR5210, AR5211, AR5212, RF5111, RF5112, RF2413, RF5413)\nacpi0: \u003cDELL 170L   \u003e on motherboard\nacpi0: Power Button (fixed)\nTimecounter \"ACPI-fast\" frequency 3579545 Hz quality 1000\nacpi_timer0: \u003c24-bit timer at 3.579545MHz\u003e port 0x808-0x80b on acpi0\ncpu0: \u003cACPI CPU\u003e on acpi0\nacpi_button0: \u003cPower Button\u003e on acpi0\npcib0: \u003cACPI Host-PCI bridge\u003e port 0xcf8-0xcff on acpi0\npci0: \u003cACPI PCI bus\u003e on pcib0\nagp0: \u003cIntel 82865G (865G GMCH) SVGA controller\u003e port 0xed98-0xed9f mem 0xe8000000-0xefffffff,0xfeb80000-0xfebfffff irq 16 at device 2.0 on pci0\nagp0: detected 892k stolen memory\nagp0: aperture size is 128M\nuhci0: \u003cIntel 82801EB (ICH5) USB controller USB-A\u003e port 0xff80-0xff9f irq 16 at device 29.0 on pci0\nuhci0: [GIANT-LOCKED]\nusb0: \u003cIntel 82801EB (ICH5) USB controller USB-A\u003e on uhci0\nusb0: USB revision 1.0\nuhub0: Intel UHCI root hub, class 9/0, rev 1.00/1.00, addr 1\nuhub0: 2 ports with 2 removable, self powered\nuhci1: \u003cIntel 82801EB (ICH5) USB controller USB-B\u003e port 0xff60-0xff7f irq 19 at device 29.1 on pci0\nuhci1: [GIANT-LOCKED]\nusb1: \u003cIntel 82801EB (ICH5) USB controller USB-B\u003e on uhci1\nusb1: USB revision 1.0\nuhub1: Intel UHCI root hub, class 9/0, rev 1.00/1.00, addr 1\nuhub1: 2 ports with 2 removable, self powered\nuhci2: \u003cIntel 82801EB (ICH5) USB controller USB-D\u003e port 0xff20-0xff3f irq 16 at device 29.3 on pci0\nuhci2: [GIANT-LOCKED]\nusb2: \u003cIntel 82801EB (ICH5) USB controller USB-D\u003e on uhci2\nusb2: USB revision 1.0\nuhub2: Intel UHCI root hub, class 9/0, rev 1.00/1.00, addr 1\nuhub2: 2 ports with 2 removable, self powered\nehci0: \u003cIntel 82801EB/R (ICH5) USB 2.0 controller\u003e mem 0xffa80800-0xffa80bff irq 23 at device 29.7 on pci0\nehci0: [GIANT-LOCKED]\nusb3: EHCI version 1.0\nusb3: wrong number of companions (4 != 3)\nusb3: companion controllers, 2 ports each: usb0 usb1 usb2\nusb3: \u003cIntel 82801EB/R (ICH5) USB 2.0 controller\u003e on ehci0\nusb3: USB revision 2.0\nuhub3: Intel EHCI root hub, class 9/0, rev 2.00/1.00, addr 1\nuhub3: 8 ports with 8 removable, self powered\npcib1: \u003cACPI PCI-PCI bridge\u003e at device 30.0 on pci0\npci1: \u003cACPI PCI bus\u003e on pcib1\nfxp0: \u003cIntel 82801BA (D865) Pro/100 VE Ethernet\u003e port 0xdf40-0xdf7f mem 0xfeaff000-0xfeafffff irq 20 at device 8.0 on pci1\nmiibus0: \u003cMII bus\u003e on fxp0\ninphy0: \u003ci82562ET 10/100 media interface\u003e on miibus0\ninphy0:  10baseT, 10baseT-FDX, 100baseTX, 100baseTX-FDX, auto\nfxp0: Ethernet address: 00:13:20:d9:77:d1\nisab0: \u003cPCI-ISA bridge\u003e at device 31.0 on pci0\nisa0: \u003cISA bus\u003e on isab0\natapci0: \u003cIntel ICH5 UDMA100 controller\u003e port 0x1f0-0x1f7,0x3f6,0x170-0x177,0x376,0xffa0-0xffaf mem 0xfeb7fc00-0xfeb7ffff irq 18 at device 31.1 on pci0\nata0: \u003cATA channel 0\u003e on atapci0\nata1: \u003cATA channel 1\u003e on atapci0\natapci1: \u003cIntel ICH5 SATA150 controller\u003e port 0xfe00-0xfe07,0xfe10-0xfe13,0xfe20-0xfe27,0xfe30-0xfe33,0xfea0-0xfeaf irq 18 at device 31.2 on pci0\nata2: \u003cATA channel 0\u003e on atapci1\nata3: \u003cATA channel 1\u003e on atapci1\npci0: \u003cserial bus, SMBus\u003e at device 31.3 (no driver attached)\npcm0: \u003cIntel ICH5 (82801EB)\u003e port 0xee00-0xeeff,0xedc0-0xedff mem 0xfeb7fa00-0xfeb7fbff,0xfeb7f900-0xfeb7f9ff irq 17 at device 31.5 on pci0\npcm0: primary codec not ready!\npcm0: \u003cAnalog Devices AD1980 AC97 Codec\u003e\nfdc0: \u003cfloppy drive controller\u003e port 0x3f0-0x3f5,0x3f7 irq 6 drq 2 on acpi0\nfdc0: [FAST]\nfd0: \u003c1440-KB 3.5\" drive\u003e on fdc0 drive 0\nsio0: \u003c16550A-compatible COM port\u003e port 0x3f8-0x3ff irq 4 flags 0x10 on acpi0\nsio0: type 16550A\nppc0: \u003cECP parallel printer port\u003e port 0x378-0x37f,0x778-0x77f irq 7 on acpi0\nppc0: SMC-like chipset (ECP/EPP/PS2/NIBBLE) in COMPATIBLE mode\nppc0: FIFO with 16/16/8 bytes threshold\nppbus0: \u003cParallel port bus\u003e on ppc0\nplip0: \u003cPLIP network interface\u003e on ppbus0\nlpt0: \u003cPrinter\u003e on ppbus0\nlpt0: Interrupt-driven port\nppi0: \u003cParallel I/O\u003e on ppbus0\npmtimer0 on isa0\norm0: \u003cISA Option ROMs\u003e at iomem 0xc0000-0xca7ff,0xca800-0xcbfff on isa0\natkbdc0: \u003cKeyboard controller (i8042)\u003e at port 0x60,0x64 on isa0\natkbd0: \u003cAT Keyboard\u003e irq 1 on atkbdc0\nkbd0 at atkbd0\natkbd0: [GIANT-LOCKED]\nsc0: \u003cSystem console\u003e at flags 0x100 on isa0\nsc0: VGA \u003c16 virtual consoles, flags=0x300\u003e\nsio1: configured irq 3 not in bitmap of probed irqs 0\nsio1: port may not be enabled\nvga0: \u003cGeneric ISA VGA\u003e at port 0x3c0-0x3df iomem 0xa0000-0xbffff on isa0\nums0: vendor 0x0461 USB Optical Mouse, rev 2.00/2.00, addr 2, iclass 3/1\nums0: 3 buttons and Z dir.\nTimecounter \"TSC\" frequency 2793014154 Hz quality 800\nTimecounters tick every 1.000 msec\nad0: 38146MB \u003cWDC WD400BB-75JHC0 06.01C06\u003e at ata0-master UDMA100\nacd0: CDROM \u003cGCR-8485B/1.05\u003e at ata1-master UDMA33\nukbd0: Dell Dell USB Keyboard, rev 1.10/3.01, addr 3, iclass 3/1\nkbd2 at ukbd0\nTrying to mount root from ufs:/dev/ad0s1a\nWARNING: / was not properly dismounted\nWARNING: /home was not properly dismounted\nWARNING: /usr was not properly dismounted\nWARNING: /var was not properly dismounted\nIP Filter: v4.1.13 initialized.  Default = pass all, Logging = enabled\ndrmsub0: \u003cIntel i865G GMCH\u003e: (child of agp_i810.c) on agp0\ninfo: [drm] AGP at 0xe8000000 128MB\ninfo: [drm] Initialized i915 1.4.0 20060119\numass0: Sony PSP Type A, rev 2.00/1.00, addr 2\nda0 at umass-sim0 bus 0 target 0 lun 0\nda0: \u003cSony PSP 1.00\u003e Removable Direct Access SCSI-0 device \nda0: 40.000MB/s transfers\nda0: 3846MB (7876608 512 byte sectors: 255H 63S/T 490C)\nnetsmb_dev: loaded\numass0: BBB reset failed, IOERROR\numass0: BBB bulk-in clear stall failed, IOERROR\numass0: BBB bulk-out clear stall failed, IOERROR\numass0: BBB reset failed, IOERROR\numass0: BBB bulk-in clear stall failed, IOERROR\numass0: BBB bulk-out clear stall failed, IOERROR\numass0: BBB reset failed, IOERROR\numass0: BBB bulk-in clear stall failed, IOERROR\numass0: BBB bulk-out clear stall failed, IOERROR\numass0: BBB reset failed, IOERROR\numass0: BBB bulk-in clear stall failed, IOERROR\numass0: BBB bulk-out clear stall failed, IOERROR\numass0: BBB reset failed, IOERROR\numass0: BBB bulk-in clear stall failed, IOERROR\numass0: BBB bulk-out clear stall failed, IOERROR\n\nFix: \n\nusb cable plus on other usb interface.\nHow-To-Repeat: Keep usb cable on same usb interface.\nSet psp on usb mode then mount the psp,umount it soon.when I try to mount psp again,where an error."
}