{
 "id": 1000764,
 "bug_id": 229614,
 "attachment_id": 0,
 "creation_time": "2018-07-08T21:45:40Z",
 "creator": "grembo@FreeBSD.org",
 "text": "(In reply to Colin Percival from comment #2)\n\nt2.xlarge\n\nCopyright (c) 1992-2018 The FreeBSD Project.\nCopyright (c) 1979, 1980, 1983, 1986, 1988, 1989, 1991, 1992, 1993, 1994\n        The Regents of the University of California. All rights reserved.\nFreeBSD is a registered trademark of The FreeBSD Foundation.\nFreeBSD 11.2-RELEASE #0 r335510: Fri Jun 22 04:32:14 UTC 2018\n    root@releng2.nyi.freebsd.org:/usr/obj/usr/src/sys/GENERIC amd64\nFreeBSD clang version 6.0.0 (tags/RELEASE_600/final 326565) (based on LLVM 6.0.0)\nVT(vga): text 80x25\nXEN: Hypervisor version 4.2 detected.\nCPU: Intel(R) Xeon(R) CPU E5-2676 v3 @ 2.40GHz (2394.50-MHz K8-class CPU)\n  Origin=\"GenuineIntel\"  Id=0x306f2  Family=0x6  Model=0x3f  Stepping=2\n  Features=0x1783fbff\u003cFPU,VME,DE,PSE,TSC,MSR,PAE,MCE,CX8,APIC,SEP,MTRR,PGE,MCA,CMOV,PAT,PSE36,MMX,FXSR,SSE,SSE2,HTT\u003e\n  Features2=0xfffa3203\u003cSSE3,PCLMULQDQ,SSSE3,FMA,CX16,PCID,SSE4.1,SSE4.2,x2APIC,MOVBE,POPCNT,TSCDLT,AESNI,XSAVE,OSXSAVE,AVX,F16C,RDRAND,HV\u003e\n  AMD Features=0x2c100800\u003cSYSCALL,NX,Page1GB,RDTSCP,LM\u003e\n  AMD Features2=0x21\u003cLAHF,ABM\u003e\n  Structured Extended Features=0x7a9\u003cFSGSBASE,BMI1,AVX2,SMEP,BMI2,ERMS,INVPCID\u003e\n  XSAVE Features=0x1\u003cXSAVEOPT\u003e\nHypervisor: Origin = \"XenVMMXenVMM\"\nreal memory  = 17179869184 (16384 MB)\navail memory = 16600379392 (15831 MB)\nEvent timer \"LAPIC\" quality 100\nACPI APIC Table: \u003cXen HVM\u003e\nFreeBSD/SMP: Multiprocessor System Detected: 4 CPUs\nFreeBSD/SMP: 1 package(s) x 4 core(s)\nioapic0: Changing APIC ID to 1\nMADT: Forcing active-low polarity and level trigger for SCI\nioapic0 \u003cVersion 1.1\u003e irqs 0-47 on motherboard\nSMP: AP CPU #3 Launched!\nSMP: AP CPU #2 Launched!\nSMP: AP CPU #1 Launched!"
}