{
 "id": 456485,
 "bug_id": 125920,
 "attachment_id": 0,
 "creation_time": "2008-07-24T07:20:01Z",
 "creator": "chris@inetd.com.au",
 "text": "Every 5 minutes, the kernel loses link status and arp for the main address\nof the vlan on an fxp ethernet interface, when the vlan interface has an\nalias.  5 minutes later the link status is ok and arp is available again.\n\n[root@cat /usr/src/sys/netinet]# ifconfig vlan2\nvlan2: flags=8843\u003cUP,BROADCAST,RUNNING,SIMPLEX,MULTICAST\u003e metric 0 mtu 1500\n        ether 00:0f:ea:4e:1b:7c\n        inet 210.10.97.14 netmask 0xfffffff0 broadcast 210.10.97.15\n        inet 203.161.156.30 netmask 0xffffffe0 broadcast 203.161.156.31\n        media: Ethernet 100baseTX\n        status: active\n        vlan: 4 parent interface: fxp3\n\nwhen it's not working, I get:\n\nkernel routing\n--------------\n[root@cat ~]# netstat -nr | grep \"vlan2 \"\n203.161.156.0      ff:ff:ff:ff:ff:ff  UHLWb       1      115  vlan2 =\u003e\n203.161.156.1      00:16:36:e9:18:44  UHLW        1        1  vlan2   1161\n203.161.156.11     00:16:36:e9:18:44  UHLW        1      178  vlan2    761\n203.161.156.12     00:16:36:e9:18:44  UHLW        1  5219306  vlan2    590\n203.161.156.23     00:16:36:61:53:a8  UHLW        1       13  vlan2   1161\n203.161.156.25     00:1b:24:5c:12:f1  UHLW        1     9902  vlan2   1185\n203.161.156.28     00:16:36:e9:18:44  UHLW        1   409551  vlan2   1105\n203.161.156.29     00:16:36:61:53:a8  UHLW        1     2899  vlan2   1008\n210.10.97.1        210.10.97.14       UGHW3       0       21  vlan2   3599\n210.10.97.2        210.10.97.14       UGHW3       0       26  vlan2   3599\n210.10.97.3        210.10.97.14       UGHW3       0        3  vlan2   3591\n210.10.97.4        210.10.97.14       UGHW3       0       39  vlan2   3599\n210.10.97.5        210.10.97.14       UGHW3       0       15  vlan2   3600\n210.10.97.6        210.10.97.14       UGHW3       0      136  vlan2   3600\n210.10.97.7        210.10.97.14       UGHW3       0        3  vlan2   3591\n210.10.97.8        210.10.97.14       UGHW3       0        3  vlan2   3591\n210.10.97.9        210.10.97.14       UGHW3       0        3  vlan2   3591\n210.10.97.10       210.10.97.14       UGHW3       0        7  vlan2   3591\n210.10.97.11       210.10.97.14       UGHW3       0       43  vlan2   3600\n210.10.97.12       210.10.97.14       UGHW3       0        3  vlan2   3591\n210.10.97.13       210.10.97.14       UGHW3       0        3  vlan2   3591\n210.10.97.15       210.10.97.14       UGHW3b      0        3  vlan2   3591\n\n\narp table\n---------\n[root@cat /etc]# arp -an |grep \"vlan2 \"\n? (203.161.156.0) at ff:ff:ff:ff:ff:ff on vlan2 permanent [vlan]\n? (203.161.156.1) at 00:16:36:e9:18:44 on vlan2 [vlan]\n? (203.161.156.11) at 00:16:36:e9:18:44 on vlan2 [vlan]\n? (203.161.156.12) at 00:16:36:e9:18:44 on vlan2 [vlan]\n? (203.161.156.23) at 00:16:36:61:53:a8 on vlan2 [vlan]\n? (203.161.156.25) at 00:1b:24:5c:12:f1 on vlan2 [vlan]\n? (203.161.156.28) at 00:16:36:e9:18:44 on vlan2 [vlan]\n? (203.161.156.29) at 00:16:36:61:53:a8 on vlan2 [vlan]\n? (203.161.156.31) at ff:ff:ff:ff:ff:ff on vlan2 permanent [vlan]\n\nzebra\n-----\ncat.inetd.com.au# show ip route 210.10.97.0\nRouting entry for 210.10.97.0/28\n  Known via \"connected\", distance 0, metric 1\n    directly connected, vlan2\n\nand I get this in my syslog:\n\nJul 24 14:34:29 cat kernel: arpresolve: can't allocate route for\n210.10.97.14\nJul 24 14:34:29 cat kernel: arplookup 210.10.97.14 failed: host is not on\nlocal network\n\nwhich is particularly interesting given that 210.10.97.14 is the main IP address\nassigned to the vlan interface.\n\nand I can't ping it when the network stops working:\n\n[root@cat /etc]# ping -c 2 210.10.97.14\nPING 210.10.97.14 (210.10.97.14): 56 data bytes\nping: sendto: Network is unreachable\nping: sendto: Network is unreachable\n^C\n--- 210.10.97.14 ping statistics ---\n2 packets transmitted, 0 packets received, 100.0% packet loss\n\n\nWhen it's working, I get:\n\nkernel routing\n--------------\n[root@cat ~]# netstat -nr | grep \"vlan2 \"\n203.161.156.0      ff:ff:ff:ff:ff:ff  UHLWb       1      115  vlan2 =\u003e\n203.161.156.11     00:16:36:e9:18:44  UHLW        1       67  vlan2   1024\n203.161.156.12     00:16:36:e9:18:44  UHLW        1  5184446  vlan2    853\n203.161.156.23     00:16:36:61:53:a8  UHLW        1       12  vlan2    225\n203.161.156.25     00:1b:24:5c:12:f1  UHLW        1     9901  vlan2   1099\n203.161.156.28     00:16:36:e9:18:44  UHLW        1   406555  vlan2    573\n203.161.156.29     00:16:36:61:53:a8  UHLW        1     2890  vlan2   1129\n210.10.97.0        ff:ff:ff:ff:ff:ff  UHLWb       1        3  vlan2 =\u003e\n210.10.97.1        00:02:44:47:8d:3f  UHLW        1     1219  vlan2   1140\n210.10.97.2        00:16:36:e9:18:44  UHLW        1       57  vlan2   1139\n210.10.97.3        00:00:21:ce:d9:4f  UHLW        1       27  vlan2   1136\n210.10.97.4        00:1b:24:5c:12:f1  UHLW        1      201  vlan2   1139\n210.10.97.5        00:16:36:61:53:a8  UHLW        1       17  vlan2   1164\n210.10.97.6        00:16:36:61:53:a8  UHLW        1      422  vlan2   1134\n210.10.97.8        00:0e:0c:77:53:4f  UHLW        1        1  vlan2   1166\n210.10.97.10       00:16:36:e9:18:44  UHLW        1        6  vlan2   1181\n210.10.97.11       00:16:36:61:53:a8  UHLW        1      100  vlan2   1134\n\narp table\n---------\n[root@cat /etc]# arp -an |grep \"vlan2 \"\n? (203.161.156.0) at ff:ff:ff:ff:ff:ff on vlan2 permanent [vlan]\n? (203.161.156.1) at 00:16:36:e9:18:44 on vlan2 [vlan]\n? (203.161.156.11) at 00:16:36:e9:18:44 on vlan2 [vlan]\n? (203.161.156.12) at 00:16:36:e9:18:44 on vlan2 [vlan]\n? (203.161.156.23) at 00:16:36:61:53:a8 on vlan2 [vlan]\n? (203.161.156.25) at 00:1b:24:5c:12:f1 on vlan2 [vlan]\n? (203.161.156.28) at 00:16:36:e9:18:44 on vlan2 [vlan]\n? (203.161.156.29) at 00:16:36:61:53:a8 on vlan2 [vlan]\n? (203.161.156.31) at ff:ff:ff:ff:ff:ff on vlan2 permanent [vlan]\n? (210.10.97.1) at 00:02:44:47:8d:3f on vlan2 [vlan]\n? (210.10.97.2) at 00:16:36:e9:18:44 on vlan2 [vlan]\n? (210.10.97.4) at 00:1b:24:5c:12:f1 on vlan2 [vlan]\n? (210.10.97.6) at 00:16:36:61:53:a8 on vlan2 [vlan]\n? (210.10.97.11) at 00:16:36:61:53:a8 on vlan2 [vlan]\n\nzebra\n-----\ncat.inetd.com.au# show ip route 210.10.97.0\nRouting entry for 210.10.97.0/28\n  Known via \"connected\", distance 0, metric 1\n    directly connected, vlan2\n\nEnvironment\n-----------\nsource synced via cvsup to RELENG_7 at 0:00 July 14 UTC.\n\ndmesg:\nCopyright (c) 1992-2008 The FreeBSD Project.\nCopyright (c) 1979, 1980, 1983, 1986, 1988, 1989, 1991, 1992, 1993, 1994\n        The Regents of the University of California. All rights reserved.\nFreeBSD is a registered trademark of The FreeBSD Foundation.\nFreeBSD 7.0-STABLE #0: Mon Jul 14 23:39:46 CST 2008\n    root@newcat.inetd.com.au:/usr/obj/usr/src/sys/GENERIC\nTimecounter \"i8254\" frequency 1193182 Hz quality 0\nCPU: Intel(R) Pentium(R) D CPU 3.40GHz (3400.14-MHz 686-class CPU)\n  Origin = \"GenuineIntel\"  Id = 0xf65  Stepping = 5\n  Features=0xbfebfbff\u003cFPU,VME,DE,PSE,TSC,MSR,PAE,MCE,CX8,APIC,SEP,MTRR,PGE,MCA,C\nMOV,PAT,PSE36,CLFLUSH,DTS,ACPI,MMX,FXSR,SSE,SSE2,SS,HTT,TM,PBE\u003e\n  Features2=0xe49d\u003cSSE3,RSVD2,MON,DS_CPL,EST,CNXT-ID,CX16,xTPR,PDCM\u003e\n  AMD Features=0x20100000\u003cNX,LM\u003e\n  AMD Features2=0x1\u003cLAHF\u003e\n  Cores per package: 2\nreal memory  = 1040121856 (991 MB)\navail memory = 1004187648 (957 MB)\nACPI APIC Table: \u003cGBT    AWRDACPI\u003e\nFreeBSD/SMP: Multiprocessor System Detected: 2 CPUs\n cpu0 (BSP): APIC ID:  0\n cpu1 (AP): APIC ID:  1\nioapic0: Changing APIC ID to 2\nioapic0 \u003cVersion 2.0\u003e irqs 0-23 on motherboard\nkbd1 at kbdmux0\nath_hal: 0.9.20.3 (AR5210, AR5211, AR5212, RF5111, RF5112, RF2413, RF5413)\nacpi0: \u003cGBT AWRDACPI\u003e on motherboard\nacpi0: [ITHREAD]\nacpi0: Power Button (fixed)\nacpi0: reservation of 0, a0000 (3) failed\nacpi0: reservation of 100000, 3def0000 (3) failed\nTimecounter \"ACPI-fast\" frequency 3579545 Hz quality 1000\nacpi_timer0: \u003c24-bit timer at 3.579545MHz\u003e port 0x1008-0x100b on acpi0\npcib0: \u003cACPI Host-PCI bridge\u003e port 0xcf8-0xcff,0x1000-0x10bf on acpi0\npci0: \u003cACPI PCI bus\u003e on pcib0\nvgapci0: \u003cVGA-compatible display\u003e port 0xb000-0xb007 mem 0xe8000000-0xefffffff,0xf2100000-0xf217ffff irq 16 at device 2.0 on pci0\nagp0: \u003cIntel 82865G (865G GMCH) SVGA controller\u003e on vgapci0\nagp0: detected 32636k stolen memory\nagp0: aperture size is 128M\nuhci0: \u003cIntel 82801EB (ICH5) USB controller USB-A\u003e port 0xa000-0xa01f irq 16 at device 29.0 on pci0\nuhci0: [GIANT-LOCKED]\nuhci0: [ITHREAD]\nusb0: \u003cIntel 82801EB (ICH5) USB controller USB-A\u003e on uhci0\nusb0: USB revision 1.0\nuhub0: \u003cIntel UHCI root hub, class 9/0, rev 1.00/1.00, addr 1\u003e on usb0\nuhub0: 2 ports with 2 removable, self powered\nuhci1: \u003cIntel 82801EB (ICH5) USB controller USB-B\u003e port 0xa400-0xa41f irq 19 at device 29.1 on pci0\nuhci1: [GIANT-LOCKED]\nuhci1: [ITHREAD]\nusb1: \u003cIntel 82801EB (ICH5) USB controller USB-B\u003e on uhci1\nusb1: USB revision 1.0\nuhub1: \u003cIntel UHCI root hub, class 9/0, rev 1.00/1.00, addr 1\u003e on usb1\nuhub1: 2 ports with 2 removable, self powered\nuhci2: \u003cIntel 82801EB (ICH5) USB controller USB-C\u003e port 0xa800-0xa81f irq 18 at device 29.2 on pci0\nuhci2: [GIANT-LOCKED]\nuhci2: [ITHREAD]\nusb2: \u003cIntel 82801EB (ICH5) USB controller USB-C\u003e on uhci2\nusb2: USB revision 1.0\nuhub2: \u003cIntel UHCI root hub, class 9/0, rev 1.00/1.00, addr 1\u003e on usb2\nuhub2: 2 ports with 2 removable, self powered\nuhci3: \u003cIntel 82801EB (ICH5) USB controller USB-D\u003e port 0xac00-0xac1f irq 16 at device 29.3 on pci0\nuhci3: [GIANT-LOCKED]\nuhci3: [ITHREAD]\nusb3: \u003cIntel 82801EB (ICH5) USB controller USB-D\u003e on uhci3\nusb3: USB revision 1.0\nuhub3: \u003cIntel UHCI root hub, class 9/0, rev 1.00/1.00, addr 1\u003e on usb3\nuhub3: 2 ports with 2 removable, self powered\nehci0: \u003cIntel 82801EB/R (ICH5) USB 2.0 controller\u003e mem 0xf2180000-0xf21803ff irq 23 at device 29.7 on pci0\nehci0: [GIANT-LOCKED]\nehci0: [ITHREAD]\nusb4: EHCI version 1.0\nusb4: companion controllers, 2 ports each: usb0 usb1 usb2 usb3\nusb4: \u003cIntel 82801EB/R (ICH5) USB 2.0 controller\u003e on ehci0\nusb4: USB revision 2.0\nuhub4: \u003cIntel EHCI root hub, class 9/0, rev 2.00/1.00, addr 1\u003e on usb4\nuhub4: 8 ports with 8 removable, self powered\npcib1: \u003cACPI PCI-PCI bridge\u003e at device 30.0 on pci0\npci1: \u003cACPI PCI bus\u003e on pcib1\nfxp0: \u003cIntel 82550 Pro/100 Ethernet\u003e port 0x9000-0x903f mem 0xf1220000-0xf1220fff,0xf1200000-0xf121ffff irq 21 at device 1.0 on pci1\nmiibus0: \u003cMII bus\u003e on fxp0\ninphy0: \u003ci82555 10/100 media interface\u003e PHY 1 on miibus0\ninphy0:  10baseT, 10baseT-FDX, 100baseTX, 100baseTX-FDX, auto\nfxp0: Ethernet address: 00:02:b3:41:57:8a\nfxp0: [ITHREAD]\nfxp1: \u003cIntel 82558 Pro/100 Ethernet\u003e port 0x9400-0x941f mem 0xf2000000-0xf2000fff,0xf1000000-0xf10fffff irq 22 at device 2.0 on pci1\nmiibus1: \u003cMII bus\u003e on fxp1\ninphy1: \u003ci82555 10/100 media interface\u003e PHY 1 on miibus1\ninphy1:  10baseT, 10baseT-FDX, 100baseTX, 100baseTX-FDX, auto\nfxp1: Ethernet address: 00:04:ac:a3:ba:7a\nfxp1: [ITHREAD]\nfxp2: \u003cIntel 82558 Pro/100 Ethernet\u003e port 0x9800-0x981f mem 0xf2001000-0xf2001fff,0xf1100000-0xf11fffff irq 18 at device 3.0 on pci1\nmiibus2: \u003cMII bus\u003e on fxp2\ninphy2: \u003ci82555 10/100 media interface\u003e PHY 1 on miibus2\ninphy2:  10baseT, 10baseT-FDX, 100baseTX, 100baseTX-FDX, auto\nfxp2: Ethernet address: 00:04:ac:98:1c:b2\nfxp2: [ITHREAD]\nfxp3: \u003cIntel 82562ET (ICH5/ICH5R) Pro/100 VE Ethernet\u003e port 0x9c00-0x9c3f mem 0xf1221000-0xf1221fff irq 20 at device 8.0 on pci1\nmiibus3: \u003cMII bus\u003e on fxp3\nukphy0: \u003cGeneric IEEE 802.3u media interface\u003e PHY 1 on miibus3\nukphy0:  10baseT, 10baseT-FDX, 100baseTX, 100baseTX-FDX, auto\nfxp3: Ethernet address: 00:0f:ea:4e:1b:7c\nfxp3: [ITHREAD]\nisab0: \u003cPCI-ISA bridge\u003e at device 31.0 on pci0\nisa0: \u003cISA bus\u003e on isab0\natapci0: \u003cIntel ICH5 UDMA100 controller\u003e port 0x1f0-0x1f7,0x3f6,0x170-0x177,0x376,0xf000-0xf00f at device 31.1 on pci0\nata0: \u003cATA channel 0\u003e on atapci0\nata0: [ITHREAD]\nata1: \u003cATA channel 1\u003e on atapci0\nata1: [ITHREAD]\npci0: \u003cserial bus, SMBus\u003e at device 31.3 (no driver attached)\npci0: \u003cmultimedia, audio\u003e at device 31.5 (no driver attached)\ncpu0: \u003cACPI CPU\u003e on acpi0\nacpi_perf0: \u003cACPI CPU Frequency Control\u003e on cpu0\np4tcc0: \u003cCPU Frequency Thermal Control\u003e on cpu0\ncpu1: \u003cACPI CPU\u003e on acpi0\nest1: \u003cEnhanced SpeedStep Frequency Control\u003e on cpu1\nest: CPU supports Enhanced Speedstep, but is not recognized.\nest: cpu_vendor GenuineIntel, msr 112200001122\ndevice_attach: est1 attach returned 6\np4tcc1: \u003cCPU Frequency Thermal Control\u003e on cpu1\nacpi_button0: \u003cPower Button\u003e on acpi0\nacpi_tz0: \u003cThermal Zone\u003e on acpi0\nsio0: \u003c16550A-compatible COM port\u003e port 0x3f8-0x3ff irq 4 flags 0x10 on acpi0\nsio0: type 16550A\nsio0: [FILTER]\natkbdc0: \u003cKeyboard controller (i8042)\u003e port 0x60,0x64 irq 1 on acpi0\natkbd0: \u003cAT Keyboard\u003e irq 1 on atkbdc0\nkbd0 at atkbd0\natkbd0: [GIANT-LOCKED]\natkbd0: [ITHREAD]\npmtimer0 on isa0\norm0: \u003cISA Option ROMs\u003e at iomem 0xcc000-0xd3fff,0xd4000-0xd57ff,0xd6000-0xd67ff,0xd7000-0xd77ff pnpid ORM0000 on isa0\nppc0: \u003cParallel port\u003e at port 0x378-0x37f irq 7 on isa0\nppc0: Generic chipset (NIBBLE-only) in COMPATIBLE mode\nppbus0: \u003cParallel port bus\u003e on ppc0\nppbus0: [ITHREAD]\nplip0: \u003cPLIP network interface\u003e on ppbus0\nlpt0: \u003cPrinter\u003e on ppbus0\nlpt0: Interrupt-driven port\nppi0: \u003cParallel I/O\u003e on ppbus0\nppc0: [GIANT-LOCKED]\nppc0: [ITHREAD]\nsc0: \u003cSystem console\u003e at flags 0x100 on isa0\nsc0: VGA \u003c16 virtual consoles, flags=0x300\u003e\nsio1: configured irq 3 not in bitmap of probed irqs 0\nsio1: port may not be enabled\nvga0: \u003cGeneric ISA VGA\u003e at port 0x3c0-0x3df iomem 0xa0000-0xbffff on isa0\nTimecounters tick every 1.000 msec\nacd0: DVDR \u003cLITE-ON DVDRW SHM-165P6S/MS0P\u003e at ata0-master UDMA66\nad2: 76318MB \u003cSeagate ST380011A 3.06\u003e at ata1-master UDMA100\nSMP: AP CPU #1 Launched!\nTrying to mount root from ufs:/dev/ad2s1a\nipfw2 (+ipv6) initialized, divert loadable, nat loadable, rule-based forwarding disabled, default to deny, logging disabled\narplookup 210.10.97.14 failed: host is not on local network\narpresolve: can't allocate route for 210.10.97.14\narplookup 210.10.97.14 failed: host is not on local network\narpresolve: can't allocate route for 210.10.97.14\narplookup 210.10.97.14 failed: host is not on local network\narpresolve: can't allocate route for 210.10.97.14\narplookup 210.10.97.14 failed: host is not on local network\narpresolve: can't allocate route for 210.10.97.14\narplookup 210.10.97.14 failed: host is not on local network\narpresolve: can't allocate route for 210.10.97.14\n\nHow-To-Repeat: You should be able to repeat this problem (not tested) by configuring\nan ethernet alias onto an existing vlan interface.  It may need traffic\non the secondary network in order for ARP timeouts to occur.\n\ne.g.:\nifconfig fxp0 up\nifconfig vlan0 create inet 10.10.10.1 netmask 255.255.255.0 vlan 2 vlandev fxp0\nifconfig vlan0 inet 192.168.100.1 netmask 255.255.255.0 alias\n\nping the 10.10.10.1 and it should stop responding after 5 minutes, then\nstart again after 5 minutes.  You should get this in /var/log/messages:\n\narplookup 10.10.10.1 failed: host is not on local network\narpresolve: can't allocate route for 10.10.10.1"
}