{
 "id": 1332078,
 "bug_id": 282384,
 "attachment_id": 0,
 "creation_time": "2024-10-28T15:38:27Z",
 "creator": "cp@rural-networks.com",
 "text": "Hello,\n\n\nSome time ago I notice 2 of my laptops using WPI Intel(R) PRO/Wireless 3945ABG\nWifi interface ( old ) stopped working in versions 14.0 and 14.1 ( maybe before\nbut I had not noticed it before).\n\n\nThe Laptops are ACER TravelMate series.\n\nBelow are dmesg and dmidecode output if it can help \n\n---\u003c\u003cBOOT\u003e\u003e---\nCopyright (c) 1992-2023 The FreeBSD Project.\nCopyright (c) 1979, 1980, 1983, 1986, 1988, 1989, 1991, 1992, 1993, 1994\n\tThe Regents of the University of California. All rights reserved.\nFreeBSD is a registered trademark of The FreeBSD Foundation.\nFreeBSD 14.1-RELEASE releng/14.1-n267679-10e31f0946d8 GENERIC i386\nFreeBSD clang version 18.1.5 (https://github.com/llvm/llvm-project.git\nllvmorg-18.1.5-0-g617a15a9eac9) WARNING: 32-bit kernels are deprecated and may\nbe removed in FreeBSD 15.0. VT(vga): resolution 640x480\nCPU: Genuine Intel(R) CPU           T2300  @ 1.66GHz (1666.87-MHz 686-class CPU)\n  Origin=\"GenuineIntel\"  Id=0x6e8  Family=0x6  Model=0xe  Stepping=8\n  Features=0xbfe9fbff\u003cFPU,VME,DE,PSE,TSC,MSR,PAE,MCE,CX8,APIC,SEP,MTRR,PGE,MCA,CMOV,PAT,CLFLUSH,DTS,ACPI,MMX,FXSR,SSE,SSE2,SS,HTT,TM,PBE\u003e\n  Features2=0xc189\u003cSSE3,MON,EST,TM2,xTPR,PDCM\u003e\n  AMD Features=0x100000\u003cNX\u003e\n  TSC: P-state invariant, performance statistics\nreal memory  = 2147483648 (2048 MB)\navail memory = 2071318528 (1975 MB)\nEvent timer \"LAPIC\" quality 100\nACPI APIC Table: \u003cINTEL  CALISTGA\u003e\nFreeBSD/SMP: Multiprocessor System Detected: 2 CPUs\nFreeBSD/SMP: 1 package(s) x 2 core(s)\nrandom: unblocking device.\nioapic0: MADT APIC ID 1 != hw id 2\nioapic0 \u003cVersion 2.0\u003e irqs 0-23\nLaunching APs: 1\nrandom: entropy device external interface\nkbd1 at kbdmux0\nvtvga0: \u003cVT VGA driver\u003e\nsmbios0: \u003cSystem Management BIOS\u003e at iomem 0xf67e0-0xf67fe\nsmbios0: Version: 2.4\naesni0: No AES or SHA support.\nacpi0: \u003cPTLTD   RSDT\u003e\nACPI Error: AE_NOT_FOUND, While resolving a named reference package element -\nZ006 (20221020/dspkginit-605) ACPI Error: AE_NOT_FOUND, While resolving a named\nreference package element - Z006 (20221020/dspkginit-605) acpi0: Power Button\n(fixed) unknown: I/O range not supported\nhpet0: \u003cHigh Precision Event Timer\u003e iomem 0xfed00000-0xfed003ff irq 0,8 on acpi0\nTimecounter \"HPET\" frequency 14318180 Hz quality 950\nEvent timer \"HPET\" frequency 14318180 Hz quality 450\nEvent timer \"HPET1\" frequency 14318180 Hz quality 440\nEvent timer \"HPET2\" frequency 14318180 Hz quality 440\ncpu0: \u003cACPI CPU\u003e on acpi0\natrtc0: \u003cAT realtime clock\u003e port 0x70-0x77 on acpi0\natrtc0: Warning: Couldn't map I/O.\natrtc0: registered as a time-of-day clock, resolution 1.000000s\nEvent timer \"RTC\" frequency 32768 Hz quality 0\nattimer0: \u003cAT timer\u003e port 0x40-0x43,0x50-0x53 on acpi0\nTimecounter \"i8254\" frequency 1193182 Hz quality 0\nEvent timer \"i8254\" frequency 1193182 Hz quality 100\nTimecounter \"ACPI-fast\" frequency 3579545 Hz quality 900\nacpi_timer0: \u003c24-bit timer at 3.579545MHz\u003e port 0x1008-0x100b on acpi0\nacpi_ec0: \u003cEmbedded Controller: GPE 0x17\u003e port 0x62,0x66 on acpi0\npcib0: \u003cACPI Host-PCI bridge\u003e port 0xcf8-0xcff on acpi0\npci0: \u003cACPI PCI bus\u003e on pcib0\nvgapci0: \u003cVGA-compatible display\u003e port 0x1800-0x1807 mem\n0xb0080000-0xb00fffff,0xc0000000-0xcfffffff,0xb0040000-0xb007ffff irq 16 at\ndevice 2.0 on pci0 agp0: \u003cIntel 82945GM (945GM GMCH) SVGA controller\u003e on\nvgapci0 WARNING: Device \"agp\" is Giant locked and may be deleted before FreeBSD\n15.0. agp0: aperture size is 256M, detected 7932k stolen memory vgapci0: Boot\nvideo device vgapci1: \u003cVGA-compatible display\u003e mem 0xb0100000-0xb017ffff at\ndevice 2.1 on pci0 hdac0: \u003cIntel 82801G HDA Controller\u003e mem\n0xb0000000-0xb0003fff irq 22 at device 27.0 on pci0 pcib1: \u003cACPI PCI-PCI\nbridge\u003e at device 28.0 on pci0 pcib1: failed to allocate initial I/O port\nbridge\u003e window: 0-0xfff    \npcib1: failed to allocate initial memory window: 0-0xfffff\npcib1: failed to allocate initial prefetch window: 0-0xfffff\npci1: \u003cACPI PCI bus\u003e on pcib1\nwpi0: \u003cIntel(R) PRO/Wireless 3945ABG\u003e at device 0.0 on pci1\npcib2: \u003cACPI PCI-PCI bridge\u003e irq 17 at device 28.1 on pci0\npcib2: failed to allocate initial I/O port window: 0-0xfff\npcib2: failed to allocate initial memory window: 0-0xfffff\npcib2: failed to allocate initial prefetch window: 0-0xfffff\npci2: \u003cACPI PCI bus\u003e on pcib2\npci0:3:0:0: invalid VPD checksum 0xe\npci0:3:0:0: error accessing read-only VPD data\nbge0: \u003c, ASIC rev. 0x004101\u003e irq 17 at device 0.0 on pci2\nbge0: CHIP ID 0x00004101; ASIC REV 0x04; CHIP REV 0x41; PCI-E\nmiibus0: \u003cMII bus\u003e on bge0\nbrgphy0: \u003cBCM5750 1000BASE-T media interface\u003e PHY 1 on miibus0\nbrgphy0:  10baseT, 10baseT-FDX, 100baseTX, 100baseTX-FDX, 1000baseT,\n1000baseT-master, 1000baseT-FDX, 1000baseT-FDX-master, auto, auto-flow bge0:\nEthernet address: 00:16:36:5d:7c:65 pcib3: \u003cACPI PCI-PCI bridge\u003e at device 28.2\non pci0 pcib3: failed to allocate initial I/O port window: 0-0xfff\npcib3: failed to allocate initial memory window: 0-0xfffff\npcib3: failed to allocate initial prefetch window: 0-0xfffff\npcib4: \u003cACPI PCI-PCI bridge\u003e at device 28.3 on pci0\npcib4: failed to allocate initial I/O port window: 0-0xfff\npcib4: failed to allocate initial memory window: 0-0xfffff\npcib4: failed to allocate initial prefetch window: 0-0xfffff\nuhci0: \u003cIntel 82801G (ICH7) USB controller USB-A\u003e port 0x1820-0x183f irq 23 at\ndevice 29.0 on pci0 usbus0 on uhci0\nusbus0: 12Mbps Full Speed USB v1.0\nuhci1: \u003cIntel 82801G (ICH7) USB controller USB-B\u003e port 0x1840-0x185f irq 19 at\ndevice 29.1 on pci0 usbus1 on uhci1\nusbus1: 12Mbps Full Speed USB v1.0\nuhci2: \u003cIntel 82801G (ICH7) USB controller USB-C\u003e port 0x1860-0x187f irq 18 at\ndevice 29.2 on pci0 usbus2 on uhci2\nusbus2: 12Mbps Full Speed USB v1.0\nuhci3: \u003cIntel 82801G (ICH7) USB controller USB-D\u003e port 0x1880-0x189f irq 16 at\ndevice 29.3 on pci0 usbus3 on uhci3\nusbus3: 12Mbps Full Speed USB v1.0\nehci0: \u003cIntel 82801GB/R (ICH7) USB 2.0 controller\u003e mem 0xb0004000-0xb00043ff\nirq 23 at device 29.7 on pci0 usbus4: EHCI version 1.0\nusbus4 on ehci0\nusbus4: 480Mbps High Speed USB v2.0\npcib5: \u003cACPI PCI-PCI bridge\u003e at device 30.0 on pci0\npci3: \u003cACPI PCI bus\u003e on pcib5\ncbb0: \u003cPCI-CardBus Bridge\u003e mem 0xb0404000-0xb0404fff irq 20 at device 9.0 on\npci3 cardbus0: \u003cCardBus bus\u003e on cbb0\npci3: \u003cserial bus, FireWire\u003e at device 9.1 (no driver attached)\npci3: \u003cmass storage\u003e at device 9.2 (no driver attached)\nisab0: \u003cPCI-ISA bridge\u003e at device 31.0 on pci0\nisa0: \u003cISA bus\u003e on isab0\natapci0: \u003cIntel ICH7M SATA150 controller\u003e port\n0x1f0-0x1f7,0x3f6,0x170-0x177,0x376,0x18b0-0x18bf at device 31.2 on pci0 ata0:\n\u003cATA channel\u003e at channel 0 on atapci0 ata1: \u003cATA channel\u003e at channel 1 on\natapci0 acpi_acad0: \u003cAC Adapter\u003e on acpi0\nbattery0: \u003cACPI Control Method Battery\u003e on acpi0\nacpi_lid0: \u003cControl Method Lid Switch\u003e on acpi0\nacpi_button0: \u003cPower Button\u003e on acpi0\nacpi_button1: \u003cSleep Button\u003e on acpi0\nacpi_tz0: \u003cThermal Zone\u003e on acpi0\nacpi_syscontainer0: \u003cSystem Container\u003e on acpi0\natkbdc0: \u003cKeyboard controller (i8042)\u003e port 0x60,0x64 irq 1 on acpi0\natkbd0: \u003cAT Keyboard\u003e irq 1 on atkbdc0\nkbd0 at atkbd0\natkbd0: [GIANT-LOCKED]\npsm0: \u003cPS/2 Mouse\u003e irq 12 on atkbdc0\npsm0: [GIANT-LOCKED]\nWARNING: Device \"psm\" is Giant locked and may be deleted before FreeBSD 15.0.\npsm0: model Synaptics Touchpad, device ID 0\nuart0: \u003c16550 or compatible\u003e port 0x3f8-0x3ff irq 4 flags 0x10 on acpi0\nppc0: \u003cParallel port\u003e port 0x378-0x37f,0x778-0x77f irq 7 drq 3 on acpi0\nppc0: SMC-like chipset (ECP/EPP/PS2/NIBBLE) in COMPATIBLE mode\nppc0: FIFO with 16/16/8 bytes threshold\nppbus0: \u003cParallel port bus\u003e on ppc0\nlpt0: \u003cPrinter\u003e on ppbus0\nlpt0: Interrupt-driven port\nppi0: \u003cParallel I/O\u003e on ppbus0\norm0: \u003cISA Option ROM\u003e at iomem 0xdf800-0xdffff pnpid ORM0000 on isa0\nest0: \u003cEnhanced SpeedStep Frequency Control\u003e on cpu0\nTimecounter \"TSC\" frequency 1666781819 Hz quality 1000\nTimecounters tick every 1.000 msec\nugen0.1: \u003cIntel UHCI root HUB\u003e at usbus0\nugen4.1: \u003cIntel EHCI root HUB\u003e at usbus4\nuhub0 on usbus0\nuhub1 on usbus4\nuhub1: \u003cIntel EHCI root HUB, class 9/0, rev 2.00/1.00, addr 1\u003e on usbus4\nuhub0: \u003cIntel UHCI root HUB, class 9/0, rev 1.00/1.00, addr 1\u003e on usbus0\nugen3.1: \u003cIntel UHCI root HUB\u003e at usbus3\nugen1.1: \u003cIntel UHCI root HUB\u003e at usbus1\nuhub2 on usbus3\nuhub2: \u003cIntel UHCI root HUB, class 9/0, rev 1.00/1.00, addr 1\u003e on usbus3\nuhub3 on usbus1\nugen2.1: \u003cIntel UHCI root HUB\u003e at usbus2\nuhub3: \u003cIntel UHCI root HUB, class 9/0, rev 1.00/1.00, addr 1\u003e on usbus1\nuhub4 on usbus2\nuhub4: \u003cIntel UHCI root HUB, class 9/0, rev 1.00/1.00, addr 1\u003e on usbus2\nZFS filesystem version: 5\nZFS storage pool version: features support (5000)\nhdacc0: \u003cRealtek ALC883 HDA CODEC\u003e at cad 0 on hdac0\nhdaa0: \u003cRealtek ALC883 Audio Function Group\u003e at nid 1 on hdacc0\npcm0: \u003cRealtek ALC883 (Analog)\u003e at nid 20 and 25,26 on hdaa0\npcm1: \u003cRealtek ALC883 (Rear Digital)\u003e at nid 30 on hdaa0\npcm2: \u003cRealtek ALC883 (Rear Analog CD)\u003e at nid 28 on hdaa0\nhdacc1: \u003cConexant (0x2bfa) HDA CODEC\u003e at cad 1 on hdac0\nunknown: \u003cConexant (0x2bfa) HDA CODEC Modem Function Group\u003e at nid 2 on hdacc1\n(no driver attached) WARNING: 32-bit kernels are deprecated and may be removed\nin FreeBSD 15.0. Trying to mount root from zfs:zroot/ROOT/default []...\nuhub2: 2 ports with 2 removable, self powered\nuhub0: 2 ports with 2 removable, self powered\nuhub3: 2 ports with 2 removable, self powered\nuhub4: 2 ports with 2 removable, self powered\nada0 at ata0 bus 0 scbus0 target 0 lun 0\nada0: \u003cTOSHIBA MK1234GSX AH001J\u003e ATA-7 SATA 1.x device\nada0: Serial Number 46HI1854S\nada0: 150.000MB/s transfers (SATA, UDMA5, PIO 8192bytes)\nada0: 114473MB (234441648 512 byte sectors)\nRoot mount waiting for: usbus4\nRoot mount waiting for: usbus4\nuhub1: 8 ports with 8 removable, self powered\nRoot mount waiting for: usbus4\nugen4.2: \u003cOEM Camera\u003e at usbus4\ndrmn0: \u003cdrmn\u003e on vgapci0\nvgapci0: child drmn0 requested pci_enable_io\nvgapci0: child drmn0 requested pci_enable_io\n[drm] Unable to create a private tmpfs mount, hugepage support will be\ndisabled(-19). [drm] Got stolen memory base 0x0, size 0x0\nlkpi_iic0: \u003cLinuxKPI I2C\u003e on drmn0\niicbus0: \u003cPhilips I2C bus\u003e on lkpi_iic0\niic0: \u003cI2C generic I/O\u003e on iicbus0\nlkpi_iic1: \u003cLinuxKPI I2C\u003e on drmn0\niicbus1: \u003cPhilips I2C bus\u003e on lkpi_iic1\niic1: \u003cI2C generic I/O\u003e on iicbus1\nlkpi_iic2: \u003cLinuxKPI I2C\u003e on drmn0\niicbus2: \u003cPhilips I2C bus\u003e on lkpi_iic2\niic2: \u003cI2C generic I/O\u003e on iicbus2\nlkpi_iic3: \u003cLinuxKPI I2C\u003e on drmn0\niicbus3: \u003cPhilips I2C bus\u003e on lkpi_iic3\niic3: \u003cI2C generic I/O\u003e on iicbus3\nlkpi_iic4: \u003cLinuxKPI I2C\u003e on drmn0\niicbus4: \u003cPhilips I2C bus\u003e on lkpi_iic4\niic4: \u003cI2C generic I/O\u003e on iicbus4\nlkpi_iic5: \u003cLinuxKPI I2C\u003e on drmn0\niicbus5: \u003cPhilips I2C bus\u003e on lkpi_iic5\niic5: \u003cI2C generic I/O\u003e on iicbus5\nlkpi_iic6: \u003cLinuxKPI I2C\u003e on drmn0\niicbus6: \u003cPhilips I2C bus\u003e on lkpi_iic6\niic6: \u003cI2C generic I/O\u003e on iicbus6\niic6: detached\niicbus6: detached\nlkpi_iic6: detached\nlkpi_iic6: \u003cLinuxKPI I2C\u003e on drmn0\niicbus6: \u003cPhilips I2C bus\u003e on lkpi_iic6\niic6: \u003cI2C generic I/O\u003e on iicbus6\niic6: detached\niicbus6: detached\nlkpi_iic6: detached\ndrmn0: [drm] Initialized overlay support.\nsysctl_warn_reuse: can't re-use a leaf (hw.dri.debug)!\n[drm] Initialized i915 1.6.0 20200917 for drmn0 on minor 0\nVT: Replacing driver \"vga\" with new \"fb\".\nstart FB_INFO:\ntype=11 height=800 width=1280 depth=32\npbase=0xc0009000 vbase=0x0\nname=drmn0 flags=0x0 stride=5120 bpp=32\nend FB_INFO\nichsmb0: \u003cIntel 82801GB (ICH7) SMBus controller\u003e port 0x18c0-0x18df irq 19 at\ndevice 31.3 on pci0 smbus0: \u003cSystem Management Bus\u003e on ichsmb0\nacpi_wmi0: \u003cACPI-WMI mapping\u003e on acpi0\nacpi_dock0: \u003cACPI Docking Station\u003e on acpi0\ndriver bug: Unable to set devclass (class: uart devname: (unknown))\ndriver bug: Unable to set devclass (class: uart devname: (unknown))\nlo0: link state changed to UP\nbge0: link state changed to DOWN\nbge0: link state changed to UP\nSecurity policy loaded: MAC/ntpd (mac_ntpd)\n\n# dmidecode 3.6\nScanning /dev/mem for entry point.\nSMBIOS 2.4 present.\n34 structures occupying 1079 bytes.\nTable at 0x000DF810.\n\nHandle 0x0000, DMI type 0, 24 bytes\nBIOS Information\n\tVendor: Acer   \n\tVersion: v1.3123\n\tRelease Date: 05/29/06\n\tAddress: 0xE6720\n\tRuntime Size: 104672 bytes\n\tROM Size: 512 kB\n\tCharacteristics:\n\t\tISA is supported\n\t\tPCI is supported\n\t\tPC Card (PCMCIA) is supported\n\t\tPNP is supported\n\t\tBIOS is upgradeable\n\t\tBIOS shadowing is allowed\n\t\tESCD support is available\n\t\tBoot from CD is supported\n\t\tACPI is supported\n\t\tUSB legacy is supported\n\t\tBIOS boot specification is supported\n\nHandle 0x0001, DMI type 1, 27 bytes\nSystem Information\n\tManufacturer: Acer, inc.\n\tProduct Name: TravelMate 3010 \n\tVersion: Not Applicable\n\tSerial Number: LXTAT0614462609CCE2500\n\tUUID: 20c39987-2ee7-d411-abd4-0016365d7c65\n\tWake-up Type: Power Switch\n\tSKU Number: Not Specified\n\tFamily: Not Specified\n\nHandle 0x0002, DMI type 2, 8 bytes\nBase Board Information\n\tManufacturer: Acer, Inc.\n\tProduct Name: Ness            \n\tVersion: Not Applicable\n\tSerial Number: LXTAT0614462609CCE2500\n\nHandle 0x0003, DMI type 3, 17 bytes\nChassis Information\n\tManufacturer:     , Inc.\n\tType: Other\n\tLock: Not Present\n\tVersion: N/A\n\tSerial Number: None\n\tAsset Tag: \u003cBAD INDEX\u003e\n\tBoot-up State: Safe\n\tPower Supply State: Safe\n\tThermal State: Safe\n\tSecurity Status: None\n\tOEM Information: 0x00001234\n\nHandle 0x0004, DMI type 4, 35 bytes\nProcessor Information\n\tSocket Designation: U2E1\n\tType: Central Processor\n\tFamily: Other\n\tManufacturer: Intel\n\tID: E8 06 00 00 FF FB E9 BF\n\tVersion: Genuine Intel(R) CPU           T2\n\tVoltage: 3.3 V\n\tExternal Clock: 166 MHz\n\tMax Speed: 1666 MHz\n\tCurrent Speed: 1666 MHz\n\tStatus: Populated, Enabled\n\tUpgrade: ZIF Socket\n\tL1 Cache Handle: 0x0005\n\tL2 Cache Handle: 0x0006\n\tL3 Cache Handle: Not Provided\n\tSerial Number: Not Specified\n\tAsset Tag: Not Specified\n\tPart Number: Not Specified\n\nHandle 0x0005, DMI type 7, 19 bytes\nCache Information\n\tSocket Designation: L1 Cache\n\tConfiguration: Enabled, Socketed, Level 1\n\tOperational Mode: Write Back\n\tLocation: Internal\n\tInstalled Size: 16 kB\n\tMaximum Size: 16 kB\n\tSupported SRAM Types:\n\t\tBurst\n\t\tPipeline Burst\n\t\tAsynchronous\n\tInstalled SRAM Type: Asynchronous\n\tSpeed: Unknown\n\tError Correction Type: Unknown\n\tSystem Type: Unknown\n\tAssociativity: Unknown\n\nHandle 0x0006, DMI type 7, 19 bytes\nCache Information\n\tSocket Designation: L2 Cache\n\tConfiguration: Enabled, Socketed, Level 2\n\tOperational Mode: Write Back\n\tLocation: External\n\tInstalled Size: 2 MB\n\tMaximum Size: 512 kB\n\tSupported SRAM Types:\n\t\tBurst\n\t\tPipeline Burst\n\t\tAsynchronous\n\tInstalled SRAM Type: Burst\n\tSpeed: Unknown\n\tError Correction Type: Unknown\n\tSystem Type: Unknown\n\tAssociativity: Unknown\n\nHandle 0x0007, DMI type 8, 9 bytes\nPort Connector Information\n\tInternal Reference Designator: J19\n\tInternal Connector Type: 9 Pin Dual Inline (pin 10 cut)\n\tExternal Reference Designator: COM 1\n\tExternal Connector Type: DB-9 male\n\tPort Type: Serial Port 16550A Compatible\n\nHandle 0x0008, DMI type 8, 9 bytes\nPort Connector Information\n\tInternal Reference Designator: J23\n\tInternal Connector Type: 25 Pin Dual Inline (pin 26 cut)\n\tExternal Reference Designator: Parallel\n\tExternal Connector Type: DB-25 female\n\tPort Type: Parallel Port ECP/EPP\n\nHandle 0x0009, DMI type 8, 9 bytes\nPort Connector Information\n\tInternal Reference Designator: J11\n\tInternal Connector Type: None\n\tExternal Reference Designator: Keyboard\n\tExternal Connector Type: Circular DIN-8 male\n\tPort Type: Keyboard Port\n\nHandle 0x000A, DMI type 8, 9 bytes\nPort Connector Information\n\tInternal Reference Designator: J12\n\tInternal Connector Type: None\n\tExternal Reference Designator: PS/2 Mouse\n\tExternal Connector Type: Circular DIN-8 male\n\tPort Type: Keyboard Port\n\nHandle 0x000B, DMI type 9, 13 bytes\nSystem Slot Information\n\tDesignation: PCI Slot J11\n\tType: PCI\n\tData Bus Width: 32 bit\n\tCurrent Usage: Unknown\n\tLength: Long\n\tID: 0\n\tCharacteristics:\n\t\t5.0 V is provided\n\t\t3.3 V is provided\n\nHandle 0x000C, DMI type 10, 6 bytes\nOn Board Device Information\n\tType: Sound\n\tStatus: Disabled\n\tDescription: HD-Audio\n\nHandle 0x000D, DMI type 11, 5 bytes\nOEM Strings\n\tString 1: This is the Intel Calistoga\n\tString 2: Chipset CRB Platform\n\nHandle 0x000E, DMI type 12, 5 bytes\nSystem Configuration Options\n\tOption 1: Jumper settings can be described here.\n\nHandle 0x000F, DMI type 15, 29 bytes\nSystem Event Log\n\tArea Length: 16 bytes\n\tHeader Start Offset: 0x0000\n\tHeader Length: 16 bytes\n\tData Start Offset: 0x0010\n\tAccess Method: General-purpose non-volatile data functions\n\tAccess Address: 0x0000\n\tStatus: Valid, Not Full\n\tChange Token: 0x00000000\n\tHeader Format: Type 1\n\tSupported Log Type Descriptors: 3\n\tDescriptor 1: POST error\n\tData Format 1: POST results bitmap\n\tDescriptor 2: Single-bit ECC memory error\n\tData Format 2: Multiple-event\n\tDescriptor 3: Multi-bit ECC memory error\n\tData Format 3: Multiple-event\n\nHandle 0x0010, DMI type 16, 15 bytes\nPhysical Memory Array\n\tLocation: System Board Or Motherboard\n\tUse: System Memory\n\tError Correction Type: None\n\tMaximum Capacity: 4 GB\n\tError Information Handle: Not Provided\n\tNumber Of Devices: 2\n\nHandle 0x0011, DMI type 17, 27 bytes\nMemory Device\n\tArray Handle: 0x0010\n\tError Information Handle: No Error\n\tTotal Width: 32 bits\n\tData Width: 32 bits\n\tSize: 1 GB\n\tForm Factor: SODIMM\n\tSet: 1\n\tLocator: M1\n\tBank Locator: Bank 0\n\tType: DDR2\n\tType Detail: Synchronous\n\tSpeed: Unknown\n\tManufacturer: Not Specified\n\tSerial Number: Not Specified\n\tAsset Tag: Not Specified\n\tPart Number: Not Specified\n\nHandle 0x0012, DMI type 17, 27 bytes\nMemory Device\n\tArray Handle: 0x0010\n\tError Information Handle: No Error\n\tTotal Width: 32 bits\n\tData Width: 32 bits\n\tSize: 1 GB\n\tForm Factor: SODIMM\n\tSet: 1\n\tLocator: M2\n\tBank Locator: Bank 1\n\tType: DDR2\n\tType Detail: Synchronous\n\tSpeed: Unknown\n\tManufacturer: Not Specified\n\tSerial Number: Not Specified\n\tAsset Tag: Not Specified\n\tPart Number: Not Specified\n\nHandle 0x0013, DMI type 19, 15 bytes\nMemory Array Mapped Address\n\tStarting Address: 0x00000000000\n\tEnding Address: 0x0007FFFFFFF\n\tRange Size: 2 GB\n\tPhysical Array Handle: 0x0010\n\tPartition Width: 2\n\nHandle 0x0014, DMI type 20, 19 bytes\nMemory Device Mapped Address\n\tStarting Address: 0x00000000000\n\tEnding Address: 0x0003FFFFFFF\n\tRange Size: 1 GB\n\tPhysical Device Handle: 0x0011\n\tMemory Array Mapped Address Handle: 0x0013\n\tPartition Row Position: Unknown\n\tInterleave Position: Unknown\n\tInterleaved Data Depth: Unknown\n\nHandle 0x0015, DMI type 20, 19 bytes\nMemory Device Mapped Address\n\tStarting Address: 0x00040000000\n\tEnding Address: 0x0007FFFFFFF\n\tRange Size: 1 GB\n\tPhysical Device Handle: 0x0012\n\tMemory Array Mapped Address Handle: 0x0013\n\tPartition Row Position: Unknown\n\tInterleave Position: Unknown\n\tInterleaved Data Depth: Unknown\n\nHandle 0x0016, DMI type 23, 13 bytes\nSystem Reset\n\tStatus: Enabled\n\tWatchdog Timer: Present\n\tBoot Option: Do Not Reboot\n\tBoot Option On Limit: Do Not Reboot\n\tReset Count: Unknown\n\tReset Limit: Unknown\n\tTimer Interval: Unknown\n\tTimeout: Unknown\n\nHandle 0x0017, DMI type 24, 5 bytes\nHardware Security\n\tPower-On Password Status: Disabled\n\tKeyboard Password Status: Unknown\n\tAdministrator Password Status: Disabled\n\tFront Panel Reset Status: Unknown\n\nHandle 0x0018, DMI type 25, 9 bytes\nSystem Power Controls\n\tNext Scheduled Power-on: 12-31 23:59:59\n\nHandle 0x0019, DMI type 26, 20 bytes\nVoltage Probe\n\tDescription: Voltage Probe\n\tLocation: Processor\n\tStatus: OK\n\tMaximum Value: Unknown\n\tMinimum Value: Unknown\n\tResolution: Unknown\n\tTolerance: Unknown\n\tAccuracy: Unknown\n\tOEM-specific Information: 0x00000000\n\nHandle 0x001A, DMI type 27, 12 bytes\nCooling Device\n\tTemperature Probe Handle: 0x001B\n\tType: Fan\n\tStatus: OK\n\tOEM-specific Information: 0x00000000\n\nHandle 0x001B, DMI type 28, 20 bytes\nTemperature Probe\n\tDescription: Temperature Probe\n\tLocation: Processor\n\tStatus: OK\n\tMaximum Value: Unknown\n\tMinimum Value: Unknown\n\tResolution: Unknown\n\tTolerance: Unknown\n\tAccuracy: Unknown\n\tOEM-specific Information: 0x00000000\n\nHandle 0x001C, DMI type 29, 20 bytes\nElectrical Current Probe\n\tDescription: Electrical Current Probe\n\tLocation: Processor\n\tStatus: OK\n\tMaximum Value: Unknown\n\tMinimum Value: Unknown\n\tResolution: Unknown\n\tTolerance: Unknown\n\tAccuracy: Unknown\n\tOEM-specific Information: 0x00000000\n\nHandle 0x001D, DMI type 30, 6 bytes\nOut-of-band Remote Access\n\tManufacturer Name: Intel\n\tInbound Connection: Enabled\n\tOutbound Connection: Disabled\n\nHandle 0x001E, DMI type 32, 20 bytes\nSystem Boot Information\n\tStatus: \u003cOUT OF SPEC\u003e\n\nHandle 0x001F, DMI type 129, 16 bytes\nOEM-specific Type\n\tHeader and Data:\n\t\t81 10 1F 00 01 01 02 01 00 00 00 01 00 00 08 01\n\tStrings:\n\t\tIntel_ASF_001\n\t\tIntel_ASF_001\n\nHandle 0x0020, DMI type 136, 8 bytes\nOEM-specific Type\n\tHeader and Data:\n\t\t88 08 20 00 FF FF 00 00\n\tStrings:\n\t\t..!\n\nHandle 0x0021, DMI type 127, 4 bytes\nEnd Of Table"
}