{
 "id": 884973,
 "bug_id": 210568,
 "attachment_id": 0,
 "creation_time": "2016-06-25T11:26:47Z",
 "creator": "mr@FreeBSD.org",
 "text": "Hi,\nI get lots of the following errors during startup and afterwards.\nWho's to blame: The Board/BIOS Manufacturer or our ACPI implementation?\n\nThe errors are:\nOnce during startup:\n...\n\n..Copyright (c) 1992-2016 The FreeBSD Project.\nCopyright (c) 1979, 1980, 1983, 1986, 1988, 1989, 1991, 1992, 1993, 1994\n\tThe Regents of the University of California. All rights reserved.\nFreeBSD is a registered trademark of The FreeBSD Foundation.\nFreeBSD 10.3-STABLE #0 1a8180b(9.10-STABLE): Tue Jun  7 13:16:10 PDT 2016\n    root@build.ixsystems.com:/tank/home/nightlies/build-freenas9/_BE/objs/tank/home/nightlies/build-freenas9/_BE/trueos/sys/FreeNAS.amd64 amd64\nFreeBSD clang version 3.4.1 (tags/RELEASE_34/dot1-final 208032) 20140512\nVT(efifb): resolution 1024x768\nCPU: Intel(R) Xeon(R) CPU E3-1225 v5 @ 3.30GHz (3312.16-MHz K8-class CPU)\n  Origin=\"GenuineIntel\"  Id=0x506e3  Family=0x6  Model=0x5e  Stepping=3\n  Features=0xbfebfbff\u003cFPU,VME,DE,PSE,TSC,MSR,PAE,MCE,CX8,APIC,SEP,MTRR,PGE,MCA,CMOV,PAT,PSE36,CLFLUSH,DTS,ACPI,MMX,FXSR,SSE,SSE2,SS,HTT,TM,PBE\u003e\n  Features2=0x7ffafbff\u003cSSE3,PCLMULQDQ,DTES64,MON,DS_CPL,VMX,SMX,EST,TM2,SSSE3,SDBG,FMA,CX16,xTPR,PDCM,PCID,SSE4.1,SSE4.2,x2APIC,MOVBE,POPCNT,TSCDLT,AESNI,XSAVE,OSXSAVE,AVX,F16C,RDRAND\u003e\n  AMD Features=0x2c100800\u003cSYSCALL,NX,Page1GB,RDTSCP,LM\u003e\n  AMD Features2=0x121\u003cLAHF,ABM,Prefetch\u003e\n  Structured Extended Features=0x29c6fbf\u003cFSGSBASE,TSCADJ,SGX,BMI1,HLE,AVX2,SMEP,BMI2,ERMS,INVPCID,RTM,NFPUSG,MPX,RDSEED,ADX,SMAP,CLFLUSHOPT,PROCTRACE\u003e\n  XSAVE Features=0xf\u003cXSAVEOPT,XSAVEC,XINUSE,XSAVES\u003e\n  VT-x: PAT,HLT,MTF,PAUSE,EPT,UG,VPID\n  TSC: P-state invariant, performance statistics\nreal memory  = 35139878912 (33512 MB)\navail memory = 33117065216 (31582 MB)\nEvent timer \"LAPIC\" quality 600\nACPI APIC Table: \u003cFUJ    D3417-B1\u003e\nFreeBSD/SMP: Multiprocessor System Detected: 4 CPUs\nFreeBSD/SMP: 1 package(s) x 4 core(s)\n cpu0 (BSP): APIC ID:  0\n cpu1 (AP): APIC ID:  2\n cpu2 (AP): APIC ID:  4\n cpu3 (AP): APIC ID:  6\nrandom: \u003cSoftware, Yarrow\u003e initialized\nWARNING: VIMAGE (virtualized network stack) is a highly experimental feature.\nioapic0 \u003cVersion 2.0\u003e irqs 0-119 on motherboard\nkbd1 at kbdmux0\nmodule_register_init: MOD_LOAD (vesa, 0xffffffff80e73ad0, 0) error 19\ncryptosoft0: \u003csoftware crypto\u003e on motherboard\naesni0: \u003cAES-CBC,AES-XTS\u003e on motherboard\npadlock0: No ACE support.\nacpi0: \u003cFUJ D3417-B1\u003e on motherboard\n----\nACPI Error: [\\134_SB_.PCI0.XHC_.RHUB.HS11] Namespace lookup failure, AE_NOT_FOUND (20150515/dswload-219)\nACPI Exception: AE_NOT_FOUND, During name lookup/catalog (20150515/psobject-233)\n----\nacpi0: Power Button (fixed)\ncpu0: \u003cACPI CPU\u003e on acpi0\ncpu1: \u003cACPI CPU\u003e on acpi0\ncpu2: \u003cACPI CPU\u003e on acpi0\ncpu3: \u003cACPI CPU\u003e on acpi0\nhpet0: \u003cHigh Precision Event Timer\u003e iomem 0xfed00000-0xfed003ff on acpi0\nTimecounter \"HPET\" frequency 24000000 Hz quality 950\nEvent timer \"HPET\" frequency 24000000 Hz quality 550\nEvent timer \"HPET1\" frequency 24000000 Hz quality 440\nEvent timer \"HPET2\" frequency 24000000 Hz quality 440\nEvent timer \"HPET3\" frequency 24000000 Hz quality 440\nEvent timer \"HPET4\" frequency 24000000 Hz quality 440\natrtc0: \u003cAT realtime clock\u003e port 0x70-0x77 irq 8 on acpi0\natrtc0: Warning: Couldn't map I/O.\nEvent timer \"RTC\" frequency 32768 Hz quality 0\nattimer0: \u003cAT timer\u003e port 0x40-0x43,0x50-0x53 irq 0 on acpi0\nTimecounter \"i8254\" frequency 1193182 Hz quality 0\nEvent timer \"i8254\" frequency 1193182 Hz quality 100\nTimecounter \"ACPI-fast\" frequency 3579545 Hz quality 900\nacpi_timer0: \u003c24-bit timer at 3.579545MHz\u003e port 0x1808-0x180b on acpi0\npcib0: \u003cACPI Host-PCI bridge\u003e port 0xcf8-0xcff on acpi0\npci0: \u003cACPI PCI bus\u003e on pcib0\nvgapci0: \u003cVGA-compatible display\u003e port 0xf000-0xf03f mem 0xf6000000-0xf6ffffff,0xe0000000-0xefffffff irq 16 at device 2.0 on pci0\nvgapci0: Boot video device\nxhci0: \u003cIntel Sunrise Point USB 3.0 controller\u003e mem 0xf7130000-0xf713ffff irq 16 at device 20.0 on pci0\nxhci0: 32 bytes context size, 64-bit DMA\nusbus0: waiting for BIOS to give up control\nusbus0 on xhci0\npci0: \u003csimple comms\u003e at device 22.0 (no driver attached)\npci0: \u003csimple comms, UART\u003e at device 22.3 (no driver attached)\nahci0: \u003cIntel Sunrise Point AHCI SATA controller\u003e port 0xf090-0xf097,0xf080-0xf083,0xf060-0xf07f mem 0xf7148000-0xf7149fff,0xf714c000-0xf714c0ff,0xf714b000-0xf714b7ff irq 16 at device 23.0 on pci0\nahci0: AHCI v1.31 with 6 6Gbps ports, Port Multiplier not supported\nahcich0: \u003cAHCI channel\u003e at channel 0 on ahci0\nahcich1: \u003cAHCI channel\u003e at channel 1 on ahci0\nahcich2: \u003cAHCI channel\u003e at channel 2 on ahci0\nahcich3: \u003cAHCI channel\u003e at channel 3 on ahci0\nahcich4: \u003cAHCI channel\u003e at channel 4 on ahci0\nahcich5: \u003cAHCI channel\u003e at channel 5 on ahci0\npcib1: \u003cACPI PCI-PCI bridge\u003e irq 16 at device 29.0 on pci0\npci1: \u003cACPI PCI bus\u003e on pcib1\nnvme0: \u003cGeneric NVMe Device\u003e port 0xe000-0xe0ff mem 0xf7000000-0xf7003fff irq 16 at device 0.0 on pci1\nisab0: \u003cPCI-ISA bridge\u003e at device 31.0 on pci0\nisa0: \u003cISA bus\u003e on isab0\npci0: \u003cmemory\u003e at device 31.2 (no driver attached)\npci0: \u003cmultimedia, HDA\u003e at device 31.3 (no driver attached)\nem0: \u003cIntel(R) PRO/1000 Network Connection 7.6.1-k\u003e mem 0xf7100000-0xf711ffff irq 16 at device 31.6 on pci0\nem0: Using an MSI interrupt\nem0: Ethernet address: 90:1b:0e:96:6c:c0\nacpi_button0: \u003cPower Button\u003e on acpi0\nacpi_tz0: \u003cThermal Zone\u003e on acpi0\nacpi_tz1: \u003cThermal Zone\u003e on acpi0\nuart0: \u003c16550 or compatible\u003e port 0x3f8-0x3ff irq 4 flags 0x10 on acpi0\nuart1: \u003c16550 or compatible\u003e port 0x2f8-0x2ff irq 3 on acpi0\natkbdc0: \u003cKeyboard controller (i8042)\u003e port 0x60,0x64 irq 1 on acpi0\natkbd0: \u003cAT Keyboard\u003e irq 1 on atkbdc0\nkbd0 at atkbd0\natkbd0: [GIANT-LOCKED]\nwbwd0: \u003cNuvoton NCT6792 (0xc9/0x11) Watchdog Timer\u003e at port 0x2e-0x2f on isa0\norm0: \u003cISA Option ROM\u003e at iomem 0xd0000-0xd0fff on isa0\ncoretemp0: \u003cCPU On-Die Thermal Sensors\u003e on cpu0\nest0: \u003cEnhanced SpeedStep Frequency Control\u003e on cpu0\ncoretemp1: \u003cCPU On-Die Thermal Sensors\u003e on cpu1\nest1: \u003cEnhanced SpeedStep Frequency Control\u003e on cpu1\ncoretemp2: \u003cCPU On-Die Thermal Sensors\u003e on cpu2\nest2: \u003cEnhanced SpeedStep Frequency Control\u003e on cpu2\ncoretemp3: \u003cCPU On-Die Thermal Sensors\u003e on cpu3\nest3: \u003cEnhanced SpeedStep Frequency Control\u003e on cpu3\nZFS filesystem version: 5\nZFS storage pool version: features support (5000)\nTimecounters tick every 1.000 msec\nipfw2 (+ipv6) initialized, divert enabled, nat enabled, default to accept, logging disabled\nrandom: unblocking device.\nusbus0: 5.0Gbps Super Speed USB v3.0\n----\nACPI Error: [\\134_SB_.PCI0.LPCB.H_EC.ECAV] Namespace lookup failure, AE_NOT_FOUND (20150515/psargs-391)\nACPI Error: Method parse/execution failed [\\134_TZ_.TZ00._TMP] (Node 0xfffff80009588740), AE_NOT_FOUND (20150515/psparse-552)\nACPI Error: [\\134_SB_.PCI0.LPCB.H_EC.ECAV] Namespace lookup failure, AE_NOT_FOUND (20150515/psargs-391)\nACPI Error: Method parse/execution failed [\\134_TZ_.TZ01._TMP] (Node 0xfffff80009588600), AE_NOT_FOUND (20150515/psparse-552)\nugen0.1: \u003c0x8086\u003e at usbus0\nuhub0: \u003c0x8086 XHCI root HUB, class 9/0, rev 3.00/1.00, addr 1\u003e on usbus0\nACPI Error: [\\134_SB_.PCI0.LPCB.H_EC.ECAV] Namespace lookup failure, AE_NOT_FOUND (20150515/psargs-391)\nACPI Error: Method parse/execution failed [\\134_TZ_.TZ00._TMP] (Node 0xfffff80009588740), AE_NOT_FOUND (20150515/psparse-552)\nACPI Error: [\\134_SB_.PCI0.LPCB.H_EC.ECAV] Namespace lookup failure, AE_NOT_FOUND (20150515/psargs-391)\nACPI Error: Method parse/execution failed [\\134_TZ_.TZ00._TMP] (Node 0xfffff80009588740), AE_NOT_FOUND (20150515/psparse-552)\nACPI Error: [\\134_SB_.PCI0.LPCB.H_EC.ECAV] Namespace lookup failure, AE_NOT_FOUND (20150515/psargs-391)\nACPI Error: Method parse/execution failed [\\134_TZ_.TZ01._TMP] (Node 0xfffff80009588600), AE_NOT_FOUND (20150515/psparse-552)\nACPI Error: [\\134_SB_.PCI0.LPCB.H_EC.ECAV] Namespace lookup failure, AE_NOT_FOUND (20150515/psargs-391)\nACPI Error: Method parse/execution failed [\\134_TZ_.TZ01._TMP] (Node 0xfffff80009588600), AE_NOT_FOUND (20150515/psparse-552)\n----\nnvd0: \u003cSAMSUNG MZVPV128HDGM-00000\u003e NVMe namespace\nnvd0: 122104MB (250069680 512 byte sectors)\nuhub0: 26 ports with 26 removable, self powered\nugen0.2: \u003cLogitech\u003e at usbus0\nukbd0: \u003cLogitech USB Receiver, class 0/0, rev 2.00/12.01, addr 1\u003e on usbus0\nkbd2 at ukbd0\nugen0.3: \u003cvendor 0x090c\u003e at usbus0\numass0: \u003cvendor 0x090c product 0x1000, class 0/0, rev 2.00/11.00, addr 2\u003e on usbus0\numass0:  SCSI over Bulk-Only; quirks = 0x4000\numass0:7:0:-1: Attached to scbus7\n----\nACPI Error: [\\134_SB_.PCI0.LPCB.H_EC.ECAV] Namespace lookup failure, AE_NOT_FOUND (20150515/psargs-391)\nACPI Error: Method parse/execution failed [\\134_TZ_.TZ00._TMP] (Node 0xfffff80009588740), AE_NOT_FOUND (20150515/psparse-552)\nACPI Error: [\\134_SB_.PCI0.LPCB.H_EC.ECAV] Namespace lookup failure, AE_NOT_FOUND (20150515/psargs-391)\nACPI Error: Method parse/execution failed [\\134_TZ_.TZ01._TMP] (Node 0xfffff80009588600), AE_NOT_FOUND (20150515/psparse-552)\nACPI Error: [\\134_SB_.PCI0.LPCB.H_EC.ECAV] Namespace lookup failure, AE_NOT_FOUND (20150515/psargs-391)\nACPI Error: Method parse/execution failed [\\134_TZ_.TZ00._TMP] (Node 0xfffff80009588740), AE_NOT_FOUND (20150515/psparse-552)\nACPI Error: [\\134_SB_.PCI0.LPCB.H_EC.ECAV] Namespace lookup failure, AE_NOT_FOUND (20150515/psargs-391)\nACPI Error: Method parse/execution failed [\\134_TZ_.TZ01._TMP] (Node 0xfffff80009588600), AE_NOT_FOUND (20150515/psparse-552)\n----\nada0 at ahcich0 bus 0 scbus0 target 0 lun 0\nada0: \u003cHGST HMS5C4040BLE640 MPAOA5D0\u003e ATA8-ACS SATA 3.x device\nada0: Serial Number PL1331LAHBZKRH\nada0: 600.000MB/s transfers (SATA 3.x, UDMA6, PIO 8192bytes)\nada0: Command Queueing enabled\nada0: 3815447MB (7814037168 512 byte sectors)\nda0 at umass-sim0 bus 0 scbus7 target 0 lun 0\nda0: \u003cUSB 2.0 Flash Disk 1100\u003e Removable Direct Access SCSI device\nda0: Serial Number AA04012700008656\nda0: 40.000MB/s transfers\nda0: 7648MB (15663104 512 byte sectors)\nda0: quirks=0x3\u003cNO_SYNC_CACHE,NO_6_BYTE\u003e\nada0: Previously was known as ad4\nada1 at ahcich1 bus 0 scbus1 target 0 lun 0\nada1: \u003cHGST HMS5C4040BLE640 MPAOA5D0\u003e ATA8-ACS SATA 3.x device\nada1: Serial Number PL1331LAHD0TWH\nada1: 600.000MB/s transfers (SATA 3.x, UDMA6, PIO 8192bytes)\nada1: Command Queueing enabled\nada1: 3815447MB (7814037168 512 byte sectors)\nada1: Previously was known as ad6\nada2 at ahcich2 bus 0 scbus2 target 0 lun 0\nada2: \u003cHGST HMS5C4040BLE640 MPAOA5D0\u003e ATA8-ACS SATA 3.x device\nada2: Serial Number PL1331LAHBGNTH\nada2: 600.000MB/s transfers (SATA 3.x, UDMA6, PIO 8192bytes)\nada2: Command Queueing enabled\nada2: 3815447MB (7814037168 512 byte sectors)\nada2: Previously was known as ad8\nada3 at ahcich3 bus 0 scbus3 target 0 lun 0\nada3: \u003cHGST HMS5C4040BLE640 MPAOA5D0\u003e ATA8-ACS SATA 3.x device\nada3: Serial Number PL1331LAHD0KXH\nada3: 600.000MB/s transfers (SATA 3.x, UDMA6, PIO 8192bytes)\nada3: Command Queueing enabled\nada3: 3815447MB (7814037168 512 byte sectors)\nada3: Previously was known as ad10\n----\nACPI Error: [\\134_SB_.PCI0.LPCB.H_EC.ECAV] Namespace lookup failure, AE_NOT_FOUND (20150515/psargs-391)\nACPI Error: Method parse/execution failed [\\134_TZ_.TZ00._TMP] (Node 0xfffff80009588740), AE_NOT_FOUND (20150515/psparse-552)\nACPI Error: [\\134_SB_.PCI0.LPCB.H_EC.ECAV] Namespace lookup failure, AE_NOT_FOUND (20150515/psargs-391)\nACPI Error: Method parse/execution failed [\\134_TZ_.TZ01._TMP] (Node 0xfffff80009588600), AE_NOT_FOUND (20150515/psparse-552)\n----\nSMP: AP CPU #2 Launched!\nSMP: AP CPU #3 Launched!\nSMP: AP CPU #1 Launched!\nTimecounter \"TSC-low\" frequency 1656081741 Hz quality 1000\nTrying to mount root from zfs:freenas-boot/ROOT/default []...\nGEOM_RAID5: Module loaded, version 1.3.20140711.62 (rev f91e28e40bf7)\nem0: link state changed to UP\nGEOM_ELI: Device gptid/3a4ceba5-389f-11e6-9d17-901b0e966cc0.eli created.\nGEOM_ELI: Encryption: AES-XTS 128\nGEOM_ELI:     Crypto: hardware\nGEOM_ELI: Device gptid/3b6d30d2-389f-11e6-9d17-901b0e966cc0.eli created.\nGEOM_ELI: Encryption: AES-XTS 128\nGEOM_ELI:     Crypto: hardware\nGEOM_ELI: Device gptid/3c90e220-389f-11e6-9d17-901b0e966cc0.eli created.\nGEOM_ELI: Encryption: AES-XTS 128\nGEOM_ELI:     Crypto: hardware\nGEOM_ELI: Device gptid/3dac163c-389f-11e6-9d17-901b0e966cc0.eli created.\nGEOM_ELI: Encryption: AES-XTS 128\nGEOM_ELI:     Crypto: hardware\npmc: Unknown Intel CPU.\nhwpmc: SOFT/16/64/0x67\u003cINT,USR,SYS,REA,WRI\u003e\nem0: link state changed to DOWN\n----\nACPI Error: [\\134_SB_.PCI0.LPCB.H_EC.ECAV] Namespace lookup failure, AE_NOT_FOUND (20150515/psargs-391)\nACPI Error: Method parse/execution failed [\\134_TZ_.TZ00._TMP] (Node 0xfffff80009588740), AE_NOT_FOUND (20150515/psparse-552)\nACPI Error: [\\134_SB_.PCI0.LPCB.H_EC.ECAV] Namespace lookup failure, AE_NOT_FOUND (20150515/psargs-391)\nACPI Error: Method parse/execution failed [\\134_TZ_.TZ01._TMP] (Node 0xfffff80009588600), AE_NOT_FOUND (20150515/psparse-552)\n----\nums0: \u003cLogitech USB Receiver, class 0/0, rev 2.00/12.01, addr 1\u003e on usbus0\nums0: 16 buttons and [XYZT] coordinates ID=2\nuhid0: \u003cLogitech USB Receiver, class 0/0, rev 2.00/12.01, addr 1\u003e on usbus0\nem0: link state changed to UP\nvboxdrv: fAsync=0 offMin=0x2d4 offMax=0xd48\nGEOM_ELI: Device ada0p1.eli created.\nGEOM_ELI: Encryption: AES-XTS 128\nGEOM_ELI:     Crypto: hardware\nGEOM_ELI: Device ada1p1.eli created.\nGEOM_ELI: Encryption: AES-XTS 128\nGEOM_ELI:     Crypto: hardware\nGEOM_ELI: Device ada2p1.eli created.\nGEOM_ELI: Encryption: AES-XTS 128\nGEOM_ELI:     Crypto: hardware\nGEOM_ELI: Device ada3p1.eli created.\nGEOM_ELI: Encryption: AES-XTS 128\nGEOM_ELI:     Crypto: hardware\n----\nACPI Error: [\\134_SB_.PCI0.LPCB.H_EC.ECAV] Namespace lookup failure, AE_NOT_FOUND (20150515/psargs-391)\nACPI Error: Method parse/execution failed [\\134_TZ_.TZ00._TMP] (Node 0xfffff80009588740), AE_NOT_FOUND (20150515/psparse-552)\nACPI Error: [\\134_SB_.PCI0.LPCB.H_EC.ECAV] Namespace lookup failure, AE_NOT_FOUND (20150515/psargs-391)\nACPI Error: Method parse/execution failed [\\134_TZ_.TZ01._TMP] (Node 0xfffff80009588600), AE_NOT_FOUND (20150515/psparse-552)\nACPI Error: [\\134_SB_.PCI0.LPCB.H_EC.ECAV] Namespace lookup failure, AE_NOT_FOUND (20150515/psargs-391)\nACPI Error: Method parse/execution failed [\\134_TZ_.TZ00._TMP] (Node 0xfffff80009588740), AE_NOT_FOUND (20150515/psparse-552)\nACPI Error: [\\134_SB_.PCI0.LPCB.H_EC.ECAV] Namespace lookup failure, AE_NOT_FOUND (20150515/psargs-391).\n...\n\nMany times after startup:\n----\nACPI Error: Method parse/execution failed [\\134_TZ_.TZ00._TMP] (Node 0xfffff80009588740), AE_NOT_FOUND (20150515/psparse-552)\nACPI Error: [\\134_SB_.PCI0.LPCB.H_EC.ECAV] Namespace lookup failure, AE_NOT_FOUND (20150515/psargs-391)\n----\n\nWhat can be done to eliminate the errors or to debug this further?\n\n\nThanks in advance!\n\nGreetings\n---\nMike"
}