{
 "id": 828906,
 "bug_id": 201082,
 "attachment_id": 0,
 "creation_time": "2015-06-23T21:41:08Z",
 "creator": "leif@ofWilsonCreek.com",
 "text": "I have a machine (a Dell tower) on which the new gptzfsboot seems to malfunction. The version from 10.0 worked fine, and the version from 10.1 does not. The system has three SATA disks and one USB disk. The symptom is that when the USB disk is connected, gptzfsboot fails to boot. When I disconnect the USB disk, it boots fine. Changing the boot device order in the BIOS does not seem to affect it. The memstick USB image boots fine (although that doesn't use gptzfsboot). Below is the text I see with and without the USB disk attached.\n\n\n== Failed boot with USB drive attached ==\n\nBTX loader 1.00  BTX version is 1.02\nConsoles: internal video/keyboard\nBIOS drive C: is disk0\nBIOS drive D: is disk1\nBIOS drive E: is disk2\nBIOS drive F: is disk3\nBIOS 631kB/2060672kB available memory\n\nFreeBSD/x86 ZFS enabled bootstrap loader, Revision 1.1\n(root@releng1.nyi.freebsd.org, Tue
Nov 11 20:57:26 UTC 2014)\nConsoles: internal video/keyboard\nBIOS drive C: is disk0\nBIOS drive D: is disk1\nBIOS drive E: is disk2\nBIOS drive F: is disk3\npanic: bd_strategy: 114688 bytes I/O not multiple of block size\n--\u003e Press a key on the console to reboot \u003c--\n\n\n== Successful boot without USB drive attached ==\n\nBTX loader 1.00  BTX version is 1.02\nConsoles: internal video/keyboard\nBIOS drive C: is disk0\nBIOS drive D: is disk1\nBIOS drive E: is disk2\nBIOS 631kB/2060672kB available memory\n\nFreeBSD/x86 ZFS enabled bootstrap loader, Revision 1.1\n(root@releng1.nyi.freebsd.org, Tue
Nov 11 20:57:26 UTC 2014)\nLoading: /boot/defaults/loader.conf\n(menu appears)\n\n\n== output of \"gpart show\" without USB disk ==\n\n=\u003e        34  5860533101  ada0  GPT  (2.7T)\n          34         222     1  freebsd-boot  (111K)\n         256  5836800000     2  freebsd-zfs  (2.7T)\n  5836800256    23732872     3  freebsd-swap  (11G)\n  5860533128           7        - free -  (3.5K)\n\n=\u003e        34  5860533101  ada1  GPT  (2.7T)\n          34         222     1  freebsd-boot  (111K)\n         256  5836800000     2  freebsd-zfs  (2.7T)\n  5836800256    23732872     3  freebsd-swap  (11G)\n  5860533128           7        - free -  (3.5K)\n\n=\u003e        34  1953525101  ada2  GPT  (932G)\n          34         222     1  freebsd-boot  (111K)\n         256  1887436800     2  freebsd-zfs  (900G)\n  1887437056    66088079        - free -  (32G)\n\n\n== dmesg after booting without USB disk ==\n\nCopyright (c) 1992-2014 The FreeBSD Project.\nCopyright (c) 1979, 1980, 1983, 1986, 1988, 1989, 1991, 1992, 1993, 1994\n\tThe Regents of the University of California. All rights reserved.\nFreeBSD is a registered trademark of The FreeBSD Foundation.\nFreeBSD 10.1-RELEASE-p10 #0: Wed May 13 06:54:13 UTC 2015\n    root@amd64-builder.daemonology.net:/usr/obj/usr/src/sys/GENERIC amd64\nFreeBSD clang version 3.4.1 (tags/RELEASE_34/dot1-final 208032) 20140512\nCPU: Pentium(R) Dual-Core  CPU      E5800  @ 3.20GHz (3192.07-MHz K8-class CPU)\n  Origin = \"GenuineIntel\"  Id = 0x1067a  Family = 0x6  Model = 0x17  Stepping = 10\n  Features=0xbfebfbff\u003cFPU,VME,DE,PSE,TSC,MSR,PAE,MCE,CX8,APIC,SEP,MTRR,PGE,MCA,CMOV,PAT,PSE36,CLFLUSH,DTS,ACPI,MMX,FXSR,SSE,SSE2,SS,HTT,TM,PBE\u003e\n  Features2=0xc00e3bd\u003cSSE3,DTES64,MON,DS_CPL,VMX,EST,TM2,SSSE3,CX16,xTPR,PDCM,XSAVE,OSXSAVE\u003e\n  AMD Features=0x20100800\u003cSYSCALL,NX,LM\u003e\n  AMD Features2=0x1\u003cLAHF\u003e\n  VT-x: HLT,PAUSE\n  TSC: P-state invariant, performance statistics\nreal memory  = 2147483648 (2048 MB)\navail memory = 2012753920 (1919 MB)\nEvent timer \"LAPIC\" quality 400\nACPI APIC Table: \u003c120110 APIC1739\u003e\nFreeBSD/SMP: Multiprocessor System Detected: 2 CPUs\nFreeBSD/SMP: 1 package(s) x 2 core(s)\n cpu0 (BSP): APIC ID:  0\n cpu1 (AP): APIC ID:  1\nioapic0 \u003cVersion 2.0\u003e irqs 0-23 on motherboard\nrandom: \u003cSoftware, Yarrow\u003e initialized\nkbd1 at kbdmux0\nacpi0: \u003cDELL ECS    \u003e on motherboard\nacpi0: Power Button (fixed)\nacpi0: reservation of ffc00000, 300000 (3) failed\nacpi0: reservation of fee00000, 1000 (3) failed\nacpi0: reservation of 0, a0000 (3) failed\nacpi0: reservation of 100000, 7dd00000 (3) failed\ncpu0: \u003cACPI CPU\u003e on acpi0\ncpu1: \u003cACPI CPU\u003e on acpi0\nattimer0: \u003cAT timer\u003e port 0x40-0x43 irq 0 on acpi0\nTimecounter \"i8254\" frequency 1193182 Hz quality 0\nEvent timer \"i8254\" frequency 1193182 Hz quality 100\natrtc0: \u003cAT realtime clock\u003e port 0x70-0x71 irq 8 on acpi0\nEvent timer \"RTC\" frequency 32768 Hz quality 0\nhpet0: \u003cHigh Precision Event Timer\u003e iomem 0xfed00000-0xfed003ff on acpi0\nTimecounter \"HPET\" frequency 14318180 Hz quality 950\nEvent timer \"HPET\" frequency 14318180 Hz quality 450\nEvent timer \"HPET1\" frequency 14318180 Hz quality 440\nEvent timer \"HPET2\" frequency 14318180 Hz quality 440\nEvent timer \"HPET3\" frequency 14318180 Hz quality 440\nTimecounter \"ACPI-fast\" frequency 3579545 Hz quality 900\nacpi_timer0: \u003c24-bit timer at 3.579545MHz\u003e port 0x808-0x80b on acpi0\npcib0: \u003cACPI Host-PCI bridge\u003e port 0xcf8-0xcff on acpi0\npci0: \u003cACPI PCI bus\u003e on pcib0\nvgapci0: \u003cVGA-compatible display\u003e port 0xbc00-0xbc07 mem 0xfe400000-0xfe7fffff,0xd0000000-0xdfffffff irq 16 at device 2.0 on pci0\nagp0: \u003cIntel G45 SVGA controller\u003e on vgapci0\nagp0: aperture size is 256M, detected 32764k stolen memory\nvgapci0: Boot video device\nvgapci1: \u003cVGA-compatible display\u003e mem 0xfe200000-0xfe2fffff at device 2.1 on pci0\nuhci0: \u003cIntel 82801JI (ICH10) USB controller USB-D\u003e port 0xb880-0xb89f irq 16 at device 26.0 on pci0\nuhci0: LegSup = 0x2f00\nusbus0 on uhci0\nuhci1: \u003cIntel 82801JI (ICH10) USB controller USB-E\u003e port 0xb800-0xb81f irq 21 at device 26.1 on pci0\nuhci1: LegSup = 0x2f00\nusbus1 on uhci1\nehci0: \u003cIntel 82801JI (ICH10) USB 2.0 controller USB-B\u003e mem 0xfe3fa000-0xfe3fa3ff irq 18 at device 26.7 on pci0\nusbus2: EHCI version 1.0\nusbus2 on ehci0\nhdac0: \u003cIntel 82801JI HDA Controller\u003e mem 0xfe3f4000-0xfe3f7fff irq 22 at device 27.0 on pci0\npcib1: \u003cACPI PCI-PCI bridge\u003e irq 17 at device 28.0 on pci0\npci1: \u003cACPI PCI bus\u003e on pcib1\npcib2: \u003cACPI PCI-PCI bridge\u003e irq 18 at device 28.2 on pci0\npci2: \u003cACPI PCI bus\u003e on pcib2\nre0: \u003cRealTek 8168/8111 B/C/CP/D/DP/E/F/G PCIe Gigabit Ethernet\u003e port 0xc800-0xc8ff mem 0xfdfff000-0xfdffffff,0xfdff8000-0xfdffbfff irq 18 at device 0.0 on pci2\nre0: Using 1 MSI-X message\nre0: Chip rev. 0x28000000\nre0: MAC rev. 0x00100000\nmiibus0: \u003cMII bus\u003e on re0\nrgephy0: \u003cRTL8169S/8110S/8211 1000BASE-T media interface\u003e PHY 1 on miibus0\nrgephy0:  none, 10baseT, 10baseT-FDX, 10baseT-FDX-flow, 100baseTX, 100baseTX-FDX, 100baseTX-FDX-flow, 1000baseT, 1000baseT-master, 1000baseT-FDX, 1000baseT-FDX-master, 1000baseT-FDX-flow, 1000baseT-FDX-flow-master, auto, auto-flow\nre0: Ethernet address: b8:ac:6f:e5:b7:91\nuhci2: \u003cIntel 82801JI (ICH10) USB controller USB-A\u003e port 0xb400-0xb41f irq 23 at device 29.0 on pci0\nuhci2: LegSup = 0x2f00\nusbus3 on uhci2\nuhci3: \u003cIntel 82801JI (ICH10) USB controller USB-B\u003e port 0xb080-0xb09f irq 19 at device 29.1 on pci0\nuhci3: LegSup = 0x2f00\nusbus4 on uhci3\nuhci4: \u003cIntel 82801JI (ICH10) USB controller USB-C\u003e port 0xb000-0xb01f irq 18 at device 29.2 on pci0\nuhci4: LegSup = 0x2f00\nusbus5 on uhci4\nehci1: \u003cIntel 82801JI (ICH10) USB 2.0 controller USB-A\u003e mem 0xfe3f8000-0xfe3f83ff irq 23 at device 29.7 on pci0\nusbus6: EHCI version 1.0\nusbus6 on ehci1\npcib3: \u003cACPI PCI-PCI bridge\u003e at device 30.0 on pci0\npci3: \u003cACPI PCI bus\u003e on pcib3\npcib4: \u003cPCI-PCI bridge\u003e at device 1.0 on pci3\npci4: \u003cPCI bus\u003e on pcib4\nsf0: \u003cAdaptec ANA-62044 (rev 1) 10/100BaseTX\u003e port 0xe800-0xe8ff mem 0xfeb80000-0xfebfffff irq 16 at device 4.0 on pci4\nmiibus1: \u003cMII bus\u003e on sf0\nsmcphy0: \u003cSeeq 80220 10/100 media interface\u003e PHY 1 on miibus1\nsmcphy0:  10baseT, 10baseT-FDX, 100baseTX, 100baseTX-FDX, auto\nsf0: Ethernet address: 00:00:d1:ee:98:ed\nsf1: \u003cAdaptec ANA-62044 (rev 1) 10/100BaseTX\u003e port 0xe400-0xe4ff mem 0xfea80000-0xfeafffff irq 17 at device 5.0 on pci4\nmiibus2: \u003cMII bus\u003e on sf1\nsmcphy1: \u003cSeeq 80220 10/100 media interface\u003e PHY 1 on miibus2\nsmcphy1:  10baseT, 10baseT-FDX, 100baseTX, 100baseTX-FDX, auto\nsf1: Ethernet address: 00:00:d1:ee:98:ee\nsf2: \u003cAdaptec ANA-62044 (rev 1) 10/100BaseTX\u003e port 0xe000-0xe0ff mem 0xfea00000-0xfea7ffff irq 18 at device 6.0 on pci4\nmiibus3: \u003cMII bus\u003e on sf2\nsmcphy2: \u003cSeeq 80220 10/100 media interface\u003e PHY 1 on miibus3\nsmcphy2:  10baseT, 10baseT-FDX, 100baseTX, 100baseTX-FDX, auto\nsf2: Ethernet address: 00:00:d1:ee:98:ef\nsf3: \u003cAdaptec ANA-62044 (rev 1) 10/100BaseTX\u003e port 0xd800-0xd8ff mem 0xfe900000-0xfe97ffff irq 19 at device 7.0 on pci4\nmiibus4: \u003cMII bus\u003e on sf3\nsmcphy3: \u003cSeeq 80220 10/100 media interface\u003e PHY 1 on miibus4\nsmcphy3:  10baseT, 10baseT-FDX, 100baseTX, 100baseTX-FDX, auto\nsf3: Ethernet address: 00:00:d1:ee:98:f0\nisab0: \u003cPCI-ISA bridge\u003e at device 31.0 on pci0\nisa0: \u003cISA bus\u003e on isab0\nahci0: \u003cIntel ICH10 AHCI SATA controller\u003e port 0xac00-0xac07,0xa880-0xa883,0xa800-0xa807,0xa480-0xa483,0xa400-0xa41f mem 0xfe3f2000-0xfe3f27ff irq 19 at device 31.2 on pci0\nahci0: AHCI v1.20 with 6 3Gbps ports, Port Multiplier not supported\nahcich0: \u003cAHCI channel\u003e at channel 0 on ahci0\nahcich1: \u003cAHCI channel\u003e at channel 1 on ahci0\nahcich2: \u003cAHCI channel\u003e at channel 2 on ahci0\nahcich3: \u003cAHCI channel\u003e at channel 3 on ahci0\nahciem0: \u003cAHCI enclosure management bridge\u003e on ahci0\nacpi_button0: \u003cPower Button\u003e on acpi0\norm0: \u003cISA Option ROM\u003e at iomem 0xcc800-0xcd7ff on isa0\nsc0: \u003cSystem console\u003e at flags 0x100 on isa0\nsc0: VGA \u003c16 virtual consoles, flags=0x300\u003e\nvga0: \u003cGeneric ISA VGA\u003e at port 0x3c0-0x3df iomem 0xa0000-0xbffff on isa0\natkbdc0: \u003cKeyboard controller (i8042)\u003e at port 0x60,0x64 on isa0\natkbd0: \u003cAT Keyboard\u003e irq 1 on atkbdc0\nkbd0 at atkbd0\natkbd0: [GIANT-LOCKED]\nppc0: cannot reserve I/O port range\nest0: \u003cEnhanced SpeedStep Frequency Control\u003e on cpu0\np4tcc0: \u003cCPU Frequency Thermal Control\u003e on cpu0\nest1: \u003cEnhanced SpeedStep Frequency Control\u003e on cpu1\np4tcc1: \u003cCPU Frequency Thermal Control\u003e on cpu1\nrandom: unblocking device.\nusbus0: 12Mbps Full Speed USB v1.0\nZFS NOTICE: Prefetch is disabled by default if less than 4GB of RAM is present;\n            to enable, add \"vfs.zfs.prefetch_disable=0\" to /boot/loader.conf.\nZFS filesystem version: 5\nZFS storage pool version: features support (5000)\nTimecounters tick every 1.000 msec\nhdacc0: \u003cRealtek ALC887 HDA CODEC\u003e at cad 0 on hdac0\nhdaa0: \u003cRealtek ALC887 Audio Function Group\u003e at nid 1 on hdacc0\npcm0: \u003cRealtek ALC887 (Analog 7.1+HP/2.0)\u003e at nid 20,22,21,23,27 and 24,25,26 on hdaa0\nhdacc1: \u003cIntel Eaglelake HDA CODEC\u003e at cad 3 on hdac0\nhdaa1: \u003cIntel Eaglelake Audio Function Group\u003e at nid 1 on hdacc1\npcm1: \u003cIntel Eaglelake (HDMI 8ch)\u003e at nid 3 on hdaa1\nusbus1: 12Mbps Full Speed USB v1.0\nusbus2: 480Mbps High Speed USB v2.0\nusbus3: 12Mbps Full Speed USB v1.0\nusbus4: 12Mbps Full Speed USB v1.0\nusbus5: 12Mbps Full Speed USB v1.0\nusbus6: 480Mbps High Speed USB v2.0\nugen0.1: \u003cIntel\u003e at usbus0\nuhub0: \u003cIntel UHCI root HUB, class 9/0, rev 1.00/1.00, addr 1\u003e on usbus0\nugen3.1: \u003cIntel\u003e at usbus3\nuhub1: \u003cIntel UHCI root HUB, class 9/0, rev 1.00/1.00, addr 1\u003e on usbus3\nugen2.1: \u003cIntel\u003e at usbus2\nuhub2: \u003cIntel EHCI root HUB, class 9/0, rev 2.00/1.00, addr 1\u003e on usbus2\nugen1.1: \u003cIntel\u003e at usbus1\nuhub3: \u003cIntel UHCI root HUB, class 9/0, rev 1.00/1.00, addr 1\u003e on usbus1\nugen5.1: \u003cIntel\u003e at usbus5\nuhub4: \u003cIntel UHCI root HUB, class 9/0, rev 1.00/1.00, addr 1\u003e on usbus5\nugen4.1: \u003cIntel\u003e at usbus4\nuhub5: \u003cIntel UHCI root HUB, class 9/0, rev 1.00/1.00, addr 1\u003e on usbus4\nugen6.1: \u003cIntel\u003e at usbus6\nuhub6: \u003cIntel EHCI root HUB, class 9/0, rev 2.00/1.00, addr 1\u003e on usbus6\nses0 at ahciem0 bus 0 scbus4 target 0 lun 0\nses0: \u003cAHCI SGPIO Enclosure 1.00 0001\u003e SEMB S-E-S 2.00 device\nses0: SEMB SES Device\nada0 at ahcich0 bus 0 scbus0 target 0 lun 0\nada0: \u003cST3000DM001-1CH166 CC29\u003e ATA-9 SATA 3.x device\nada0: Serial Number Z1F45C12\nada0: 300.000MB/s transfers (SATA 2.x, UDMA6, PIO 8192bytes)\nada0: Command Queueing enabled\nada0: 2861588MB (5860533168 512 byte sectors: 16H 63S/T 16383C)\nada0: quirks=0x1\u003c4K\u003e\nada0: Previously was known as ad4\nada1 at ahcich1 bus 0 scbus1 target 0 lun 0\nada1: \u003cST3000DM001-1CH166 CC29\u003e ATA-9 SATA 3.x device\nada1: Serial Number Z1F45BNQ\ncd0 at ahcich3 bus 0 scbus3 target 0 lun 0\ncd0: \u003cHL-DT-ST DVD+-RW GH70N A100\u003e Removable CD-ROM SCSI-0 device \ncd0: Serial Number K11B4DF1521\ncd0: 150.000MB/s transfers (SATA 1.x, UDMA5, ATAPI 12bytes, PIO 8192bytes)\ncd0: Attempt to query device size failed: NOT READY, Medium not present - tray closed\nada1: 300.000MB/s transfers (SATA 2.x, UDMA6, PIO 8192bytes)\nada1: Command Queueing enabled\nada1: 2861588MB (5860533168 512 byte sectors: 16H 63S/T 16383C)\nada1: quirks=0x1\u003c4K\u003e\nada1: Previously was known as ad6\nada2 at ahcich2 bus 0 scbus2 target 0 lun 0\nada2: \u003cWDC WD10EALX-759BA0 15.01H15\u003e ATA-8 SATA 3.x device\nada2: Serial Number WD-WCATR6856342\nada2: 300.000MB/s transfers (SATA 2.x, UDMA6, PIO 8192bytes)\nada2: Command Queueing enabled\nada2: 953869MB (1953525168 512 byte sectors: 16H 63S/T 16383C)\nada2: Previously was known as ad8\nSMP: AP CPU #1 Launched!\nTimecounter \"TSC-low\" frequency 1596034528 Hz quality 1000\nuhub5: 2 ports with 2 removable, self powered\nuhub4: 2 ports with 2 removable, self powered\nuhub1: 2 ports with 2 removable, self powered\nuhub0: 2 ports with 2 removable, self powered\nuhub3: 2 ports with 2 removable, self powered\nGEOM_MIRROR: Device mirror/elrond-swap launched (2/2).\nRoot mount waiting for: usbus6 usbus2\nRoot mount waiting for: usbus6 usbus2\nuhub2: 6 ports with 6 removable, self powered\nuhub6: 6 ports with 6 removable, self powered\nTrying to mount root from zfs:elrond/_root []...\nugen3.2: \u003cDELL\u003e at usbus3\nukbd0: \u003cDELL Dell USB Entry Keyboard, class 0/0, rev 2.00/0.80, addr 2\u003e on usbus3\nkbd2 at ukbd0\ncryptosoft0: \u003csoftware crypto\u003e on motherboard\nGEOM_ELI: Device mirror/elrond-swap.eli created.\nGEOM_ELI: Encryption: AES-XTS 128\nGEOM_ELI:     Crypto: software\nsf1: Tx underrun -- increasing Tx threshold to 384 bytes\ntun0: link state changed to UP\nsf0: Tx underrun -- increasing Tx threshold to 384 bytes"
}