{
 "id": 462381,
 "bug_id": 127109,
 "attachment_id": 0,
 "creation_time": "2008-09-05T13:20:01Z",
 "creator": "rizzojake@gmail.com",
 "text": "Hello,\n\nI'm running a brand new IBM x3200, it's a quad core 2.5Ghz xeon with front loading hot swappable sata disks connected via an LSI controller.  And it's this LSI controller appears to be causing me some problems.\n\nWhen I first installed 7.0-STABLE from CD the onboard broadcom netextreme network cards were not working upgraded to 7.0-STABLE-p4 via cvsup.\n\nAfter rebooting the following appears during boot:\n\nacd0: dvdr at ata5-master sata150\n**pauses here for awhile***\nmpt0: completing timeout/aborted req 0xc4e1ebe8:95\nmpt0: timeout requests already complete. interrupts may not be functioning\n\nThe box hangs here and continues to display these mpt errors.  Eventually the machine locks and requires a cold reboot.\n\nIf i boot in safe mode the machine boots just fine (and the onboard network cards appear too). Oddly, I didn't have this problem with the fresh install of 7.0-STABLE from the cd. it occurs only since I upgraded to 7.0-STABLE-p4 (I can confirm it also occurs in 7.1-PRERELEASE).\n\nOne thing to note is I found a possibly similar bug report which was left unconfirmed/unsolved (i386/88717) \n\nCan anyone offer any insight or help?\n\nRegards,\n_/R\n\n\n\nDMESG when booting in SAFE mode:\nCopyright (c) 1992-2008 The FreeBSD Project.\nCopyright (c) 1979, 1980, 1983, 1986, 1988, 1989, 1991, 1992, 1993, 1994\n        The Regents of the University of California. All rights reserved.\nFreeBSD is a registered trademark of The FreeBSD Foundation.\nFreeBSD 7.0-RELEASE-p4 #5: Fri Sep  5 10:46:47 IST 2008\n    jake@mybox.dom:/usr/obj/usr/src/sys/MYBOX\nTimecounter \"i8254\" frequency 1193182 Hz quality 0\nCPU: Intel(R) Xeon(R) CPU           X3320  @ 2.50GHz (2500.02-MHz 686-class CPU)\n  Origin = \"GenuineIntel\"  Id = 0x10677  Stepping = 7\n  Features=0xbfebfbff\u003cFPU,VME,DE,PSE,TSC,MSR,PAE,MCE,CX8,APIC,SEP,MTRR,PGE,MCA,CMOV,PAT,PSE36,CLFLUSH,DTS,ACPI,MMX,FXSR,SSE,SSE2,SS,HTT,TM,PBE\u003e\n  Features2=0x8e3fd\u003cSSE3,RSVD2,MON,DS_CPL,VMX,SMX,EST,TM2,SSSE3,CX16,xTPR,PDCM,\u003cb19\u003e\u003e\n  AMD Features=0x20100000\u003cNX,LM\u003e\n  AMD Features2=0x1\u003cLAHF\u003e\n  Cores per package: 4\nreal memory  = 2145845248 (2046 MB)\navail memory = 2094587904 (1997 MB)\nath_hal: 0.9.20.3 (AR5210, AR5211, AR5212, RF5111, RF5112, RF2413, RF5413)\nhptrr: HPT RocketRAID controller driver v1.1 (Sep  5 2008 10:46:36)\ncpu0 on motherboard\nest0: \u003cEnhanced SpeedStep Frequency Control\u003e on cpu0\nest: CPU supports Enhanced Speedstep, but is not recognized.\nest: cpu_vendor GenuineIntel, msr 61a472106004721\ndevice_attach: est0 attach returned 6\np4tcc0: \u003cCPU Frequency Thermal Control\u003e on cpu0\npcib0: \u003cHost to PCI bridge\u003e pcibus 0 on motherboard\npci0: \u003cPCI bus\u003e on pcib0\npcib1: \u003cPCI-PCI bridge\u003e irq 5 at device 1.0 on pci0\npci6: \u003cPCI bus\u003e on pcib1\npcib2: \u003cPCI-PCI bridge\u003e at device 0.0 on pci6\npci7: \u003cPCI bus\u003e on pcib2\nbce0: \u003cBroadcom NetXtreme II BCM5708 1000Base-T (B2)\u003e mem 0xe8000000-0xe9ffffff irq 5 at device 0.0 on pci7\nmiibus0: \u003cMII bus\u003e on bce0\nbrgphy0: \u003cBCM5708C 10/100/1000baseTX PHY\u003e PHY 1 on miibus0\nbrgphy0:  10baseT, 10baseT-FDX, 100baseTX, 100baseTX-FDX, 1000baseT, 1000baseT-FDX, auto\nbce0: Ethernet address: 00:10:18:25:ee:16\nbce0: [ITHREAD]\nbce0: ASIC (0x57081020); Rev (B2); Bus (PCI-X, 64-bit, 133MHz); F/W (0x01090305); Flags( )\nuhci0: \u003cUHCI (generic) USB controller\u003e port 0x1820-0x183f irq 5 at device 26.0 on pci0\nuhci0: [GIANT-LOCKED]\nuhci0: [ITHREAD]\nusb0: \u003cUHCI (generic) USB controller\u003e on uhci0\nusb0: USB revision 1.0\nuhub0: \u003cIntel UHCI root hub, class 9/0, rev 1.00/1.00, addr 1\u003e on usb0\nuhub0: 2 ports with 2 removable, self powered\nuhci1: \u003cUHCI (generic) USB controller\u003e port 0x1840-0x185f irq 10 at device 26.1 on pci0\nuhci1: [GIANT-LOCKED]\nuhci1: [ITHREAD]\nusb1: \u003cUHCI (generic) USB controller\u003e on uhci1\nusb1: USB revision 1.0\nuhub1: \u003cIntel UHCI root hub, class 9/0, rev 1.00/1.00, addr 1\u003e on usb1\nuhub1: 2 ports with 2 removable, self powered\nuhci2: \u003cUHCI (generic) USB controller\u003e port 0x1860-0x187f irq 11 at device 26.2 on pci0\nuhci2: [GIANT-LOCKED]\nuhci2: [ITHREAD]\nusb2: \u003cUHCI (generic) USB controller\u003e on uhci2\nusb2: USB revision 1.0\nuhub2: \u003cIntel UHCI root hub, class 9/0, rev 1.00/1.00, addr 1\u003e on usb2\nuhub2: 2 ports with 2 removable, self powered\nehci0: \u003cEHCI (generic) USB 2.0 controller\u003e mem 0xec500000-0xec5003ff irq 11 at device 26.7 on pci0\nehci0: [GIANT-LOCKED]\nehci0: [ITHREAD]\nusb3: waiting for BIOS to give up control\nusb3: EHCI version 1.0\nusb3: companion controllers, 2 ports each: usb0 usb1 usb2\nusb3: \u003cEHCI (generic) USB 2.0 controller\u003e on ehci0\nusb3: USB revision 2.0\nuhub3: \u003cIntel EHCI root hub, class 9/0, rev 2.00/1.00, addr 1\u003e on usb3\nuhub3: 6 ports with 6 removable, self powered\npcib3: \u003cPCI-PCI bridge\u003e irq 5 at device 28.0 on pci0\npci9: \u003cPCI bus\u003e on pcib3\npcib4: \u003cPCI-PCI bridge\u003e at device 0.0 on pci9\npci10: \u003cPCI bus\u003e on pcib4\nbce1: \u003cBroadcom NetXtreme II BCM5708 1000Base-T (B2)\u003e mem 0xea000000-0xebffffff irq 5 at device 0.0 on pci10\nmiibus1: \u003cMII bus\u003e on bce1\nbrgphy1: \u003cBCM5708C 10/100/1000baseTX PHY\u003e PHY 1 on miibus1\nbrgphy1:  10baseT, 10baseT-FDX, 100baseTX, 100baseTX-FDX, 1000baseT, 1000baseT-FDX, auto\nbce1: Ethernet address: 00:10:18:25:d4:04\nbce1: [ITHREAD]\nbce1: ASIC (0x57081020); Rev (B2); Bus (PCI-X, 64-bit, 133MHz); F/W (0x01090305); Flags( )\npcib5: \u003cPCI-PCI bridge\u003e irq 10 at device 28.1 on pci0\npci3: \u003cPCI bus\u003e on pcib5\npci3: \u003cnetwork, ethernet\u003e at device 0.0 (no driver attached)\npcib6: \u003cPCI-PCI bridge\u003e irq 5 at device 28.2 on pci0\npci12: \u003cPCI bus\u003e on pcib6\nmpt0: \u003cLSILogic SAS/SATA Adapter\u003e port 0x2000-0x20ff mem 0xec310000-0xec313fff,0xec300000-0xec30ffff irq 5 at device 0.0 on pci12\nmpt0: [ITHREAD]\nmpt0: MPI Version=1.5.17.0\nmpt0: mpt_cam_event: 0x16\nmpt0: mpt_cam_event: 0x16\nmpt0: mpt_cam_event: 0x16\nmpt0: mpt_cam_event: 0x12\nmpt0: mpt_cam_event: 0x16\nmpt0: mpt_cam_event: 0x16\nmpt0: mpt_cam_event: 0x12\nmpt0: mpt_cam_event: 0x16\nuhci3: \u003cUHCI (generic) USB controller\u003e port 0x1880-0x189f irq 5 at device 29.0 on pci0\nuhci3: [GIANT-LOCKED]\nuhci3: [ITHREAD]\nusb4: \u003cUHCI (generic) USB controller\u003e on uhci3\nusb4: USB revision 1.0\nuhub4: \u003cIntel UHCI root hub, class 9/0, rev 1.00/1.00, addr 1\u003e on usb4\nuhub4: 2 ports with 2 removable, self powered\nuhci4: \u003cUHCI (generic) USB controller\u003e port 0x18a0-0x18bf irq 10 at device 29.1 on pci0\nuhci4: [GIANT-LOCKED]\nuhci4: [ITHREAD]\nusb5: \u003cUHCI (generic) USB controller\u003e on uhci4\nusb5: USB revision 1.0\nuhub5: \u003cIntel UHCI root hub, class 9/0, rev 1.00/1.00, addr 1\u003e on usb5\nuhub5: 2 ports with 2 removable, self powered\nuhci5: \u003cUHCI (generic) USB controller\u003e port 0x18c0-0x18df irq 11 at device 29.2 on pci0\nuhci5: [GIANT-LOCKED]\nuhci5: [ITHREAD]\nusb6: \u003cUHCI (generic) USB controller\u003e on uhci5\nusb6: USB revision 1.0\nuhub6: \u003cIntel UHCI root hub, class 9/0, rev 1.00/1.00, addr 1\u003e on usb6\nuhub6: 2 ports with 2 removable, self powered\nehci1: \u003cEHCI (generic) USB 2.0 controller\u003e mem 0xec500400-0xec5007ff irq 5 at device 29.7 on pci0\nehci1: [GIANT-LOCKED]\nehci1: [ITHREAD]\nusb7: EHCI version 1.0\nusb7: companion controllers, 2 ports each: usb4 usb5 usb6\nusb7: \u003cEHCI (generic) USB 2.0 controller\u003e on ehci1\nusb7: USB revision 2.0\nuhub7: \u003cIntel EHCI root hub, class 9/0, rev 2.00/1.00, addr 1\u003e on usb7\nuhub7: 6 ports with 6 removable, self powered\npcib7: \u003cPCI-PCI bridge\u003e at device 30.0 on pci0\npci4: \u003cPCI bus\u003e on pcib7\nvgapci0: \u003cVGA-compatible display\u003e port 0x3000-0x30ff mem 0xe0000000-0xe7ffffff,0xec400000-0xec40ffff irq 10 at device 3.0 on pci4\nisab0: \u003cPCI-ISA bridge\u003e at device 31.0 on pci0\nisa0: \u003cISA bus\u003e on isab0\natapci0: \u003cIntel ICH9 SATA300 controller\u003e port 0x1c78-0x1c7f,0x1c6c-0x1c6f,0x1c70-0x1c77,0x1c68-0x1c6b,0x1c20-0x1c2f,0x1c10-0x1c1f irq 10 at device 31.2 on                                            pci0\natapci0: [ITHREAD]\nata2: \u003cATA channel 0\u003e on atapci0\nata2: [ITHREAD]\nata3: \u003cATA channel 1\u003e on atapci0\nata3: [ITHREAD]\npci0: \u003cserial bus, SMBus\u003e at device 31.3 (no driver attached)\natapci1: \u003cIntel ICH9 SATA300 controller\u003e port 0x1c90-0x1c97,0x1c84-0x1c87,0x1c88-0x1c8f,0x1c80-0x1c83,0x1c40-0x1c4f,0x1c30-0x1c3f irq 11 at device 31.5 on                                            pci0\natapci1: [ITHREAD]\nata4: \u003cATA channel 0\u003e on atapci1\nata4: [ITHREAD]\nata5: \u003cATA channel 1\u003e on atapci1\nata5: [ITHREAD]\npmtimer0 on isa0\norm0: \u003cISA Option ROM\u003e at iomem 0xc0000-0xca7ff pnpid ORM0000 on isa0\nata0 at port 0x1f0-0x1f7,0x3f6 irq 14 on isa0\nata0: [ITHREAD]\nata1 at port 0x170-0x177,0x376 irq 15 on isa0\nata1: [ITHREAD]\natkbdc0: \u003cKeyboard controller (i8042)\u003e at port 0x60,0x64 on isa0\natkbd0: \u003cAT Keyboard\u003e irq 1 on atkbdc0\nkbd0 at atkbd0\natkbd0: [GIANT-LOCKED]\natkbd0: [ITHREAD]\nsc0: \u003cSystem console\u003e at flags 0x100 on isa0\nsc0: VGA \u003c16 virtual consoles, flags=0x300\u003e\nsio0 at port 0x3f8-0x3ff irq 4 flags 0x10 on isa0\nsio0: type 16550A\nsio0: [FILTER]\nsio1 at port 0x2f8-0x2ff irq 3 on isa0\nsio1: type 16550A\nsio1: [FILTER]\nvga0: \u003cGeneric ISA VGA\u003e at port 0x3c0-0x3df iomem 0xa0000-0xbffff on isa0\nunknown: \u003cPNP0c01\u003e can't assign resources (memory)\nunknown: \u003cPNP0303\u003e can't assign resources (port)\nunknown: \u003cPNP0c02\u003e can't assign resources (memory)\nunknown: \u003cINT0800\u003e can't assign resources (memory)\nunknown: \u003cPNP0501\u003e can't assign resources (port)\nunknown: \u003cPNP0501\u003e can't assign resources (port)\nums0: \u003cLogitech Optical USB Mouse, class 0/0, rev 2.00/3.40, addr 2\u003e on uhub5\nums0: 3 buttons and Z dir.\nukbd0: \u003cDELL DELL USB Keyboard, class 0/0, rev 1.10/1.05, addr 3\u003e on uhub5\nkbd1 at ukbd0\nTimecounter \"TSC\" frequency 2500016333 Hz quality 800\nTimecounters tick every 1.000 msec\nhptrr: no controller detected.\nacd0: DVDR \u003cHL-DT-STDVD-RAM GH10N/EX02\u003e at ata5-master SATA150\nda0 at mpt0 bus 0 target 9 lun 0\nda0: \u003cATA WDC WD1600YS-23S 6C04\u003e Fixed Direct Access SCSI-5 device\nda0: 300.000MB/s transfers\nda0: Command Queueing Enabled\nda0: 152627MB (312581808 512 byte sectors: 255H 63S/T 19457C)\nda1 at mpt0 bus 0 target 10 lun 0\nda1: \u003cATA WDC WD1600YS-23S 6C04\u003e Fixed Direct Access SCSI-5 device\nda1: 300.000MB/s transfers\nda1: Command Queueing Enabled\nda1: 152627MB (312581808 512 byte sectors: 255H 63S/T 19457C)\nses0 at mpt0 bus 0 target 8 lun 0\nses0: \u003cIBM SAS SES-2 DEVICE 1.11\u003e Fixed Enclosure Services SCSI-3 device\nses0: 300.000MB/s transfers\nses0: SCSI-3 SES Device\nTrying to mount root from ufs:/dev/da0s1a\n\n\nMY KERNEL:\n\n# $FreeBSD: src/sys/i386/conf/GENERIC,v 1.474.2.14 2008/08/29 18:54:35 jhb Exp $\n\ncpu             I486_CPU\ncpu             I586_CPU\ncpu             I686_CPU\nident           TROY\n\n# To statically compile in device wiring instead of /boot/device.hints\n#hints          \"GENERIC.hints\"         # Default places to look for devices.\n\nmakeoptions     DEBUG=-g                # Build kernel with gdb(1) debug symbols\n\noptions         SCHED_ULE               # ULE scheduler\noptions         PREEMPTION              # Enable kernel thread preemption\noptions         INET                    # InterNETworking\n#options        INET6                   # IPv6 communications protocols\n#options        SCTP                    # Stream Control Transmission Protocol\noptions         FFS                     # Berkeley Fast Filesystem\noptions         SOFTUPDATES             # Enable FFS soft updates support\noptions         UFS_ACL                 # Support for access control lists\noptions         UFS_DIRHASH             # Improve performance on big directories\noptions         UFS_GJOURNAL            # Enable gjournal-based UFS journaling\noptions         MD_ROOT                 # MD is a potential root device\noptions         NFSCLIENT               # Network Filesystem Client\noptions         NFSSERVER               # Network Filesystem Server\n#options        NFSLOCKD                # Network Lock Manager\noptions         NFS_ROOT                # NFS usable as /, requires NFSCLIENT\noptions         MSDOSFS                 # MSDOS Filesystem\noptions         CD9660                  # ISO 9660 Filesystem\noptions         PROCFS                  # Process filesystem (requires PSEUDOFS)\noptions         PSEUDOFS                # Pseudo-filesystem framework\noptions         GEOM_PART_GPT           # GUID Partition Tables.\noptions         GEOM_LABEL              # Provides labelization\noptions         COMPAT_43TTY            # BSD 4.3 TTY compat [KEEP THIS!]\n#options        COMPAT_FREEBSD4         # Compatible with FreeBSD4\n#options        COMPAT_FREEBSD5         # Compatible with FreeBSD5\noptions         COMPAT_FREEBSD6         # Compatible with FreeBSD6\noptions         SCSI_DELAY=5000         # Delay (in ms) before probing SCSI\noptions         KTRACE                  # ktrace(1) support\n#options        STACK                   # stack(9) support\noptions         SYSVSHM                 # SYSV-style shared memory\noptions         SYSVMSG                 # SYSV-style message queues\noptions         SYSVSEM                 # SYSV-style semaphores\noptions         _KPOSIX_PRIORITY_SCHEDULING # POSIX P1003_1B real-time extensions\noptions         KBD_INSTALL_CDEV        # install a CDEV entry in /dev\noptions         ADAPTIVE_GIANT          # Giant mutex is adaptive.\noptions         STOP_NMI                # Stop CPUS using NMI instead of IPI\noptions         AUDIT                   # Security event auditing\n#options        KDTRACE_HOOKS           # Kernel DTrace hooks\n\n# To make an SMP kernel, the next two lines are needed\noptions         SMP                     # Symmetric MultiProcessor Kernel\ndevice          apic                    # I/O APIC\n\n# CPU frequency control\ndevice          cpufreq\n\n# Bus support.\ndevice          eisa\ndevice          pci\n\n# Floppy drives\ndevice          fdc\n\n# ATA and ATAPI devices\ndevice          ata\ndevice          atadisk         # ATA disk drives\ndevice          ataraid         # ATA RAID drives\ndevice          atapicd         # ATAPI CDROM drives\ndevice          atapifd         # ATAPI floppy drives\ndevice          atapist         # ATAPI tape drives\noptions         ATA_STATIC_ID   # Static device numbering\n\n# SCSI Controllers\ndevice          ahb             # EISA AHA1742 family\ndevice          ahc             # AHA2940 and onboard AIC7xxx devices\noptions         AHC_REG_PRETTY_PRINT    # Print register bitfields in debug\n                                        # output.  Adds ~128k to driver.\ndevice          ahd             # AHA39320/29320 and onboard AIC79xx devices\noptions         AHD_REG_PRETTY_PRINT    # Print register bitfields in debug\n                                        # output.  Adds ~215k to driver.\ndevice          amd             # AMD 53C974 (Tekram DC-390(T))\ndevice          hptiop          # Highpoint RocketRaid 3xxx series\ndevice          isp             # Qlogic family\n#device         ispfw           # Firmware for QLogic HBAs- normally a module\ndevice          mpt             # LSI-Logic MPT-Fusion\n#device         ncr             # NCR/Symbios Logic\n#device         sym             # NCR/Symbios Logic (newer chipsets + those of `ncr')\n#device         trm             # Tekram DC395U/UW/F DC315U adapters\n\n#device         adv             # Advansys SCSI adapters\n#device         adw             # Advansys wide SCSI adapters\n#device         aha             # Adaptec 154x SCSI adapters\n#device         aic             # Adaptec 15[012]x SCSI adapters, AIC-6[23]60.\n#device         bt              # Buslogic/Mylex MultiMaster SCSI adapters\n\n#device         ncv             # NCR 53C500\n#device         nsp             # Workbit Ninja SCSI-3\n#device         stg             # TMC 18C30/18C50\n\n# SCSI peripherals\ndevice          scbus           # SCSI bus (required for SCSI)\n#device         ch              # SCSI media changers\ndevice          da              # Direct Access (disks)\ndevice          sa              # Sequential Access (tape etc)\ndevice          cd              # CD\ndevice          pass            # Passthrough device (direct SCSI access)\ndevice          ses             # SCSI Environmental Services (and SAF-TE)\n\n# RAID controllers interfaced to the SCSI subsystem\n#device         amr             # AMI MegaRAID\n#device         arcmsr          # Areca SATA II RAID\n#device         asr             # DPT SmartRAID V, VI and Adaptec SCSI RAID\n#device         ciss            # Compaq Smart RAID 5*\n#device         dpt             # DPT Smartcache III, IV - See NOTES for options\ndevice          hptmv           # Highpoint RocketRAID 182x\ndevice          hptrr           # Highpoint RocketRAID 17xx, 22xx, 23xx, 25xx\n#device         iir             # Intel Integrated RAID\n#device         ips             # IBM (Adaptec) ServeRAID\n#device         mly             # Mylex AcceleRAID/eXtremeRAID\n#device         twa             # 3ware 9000 series PATA/SATA RAID\n\n# RAID controllers\n#device         aac             # Adaptec FSA RAID\n#device         aacp            # SCSI passthrough for aac (requires CAM)\n#device         ida             # Compaq Smart RAID\n#device         mfi             # LSI MegaRAID SAS\n#device         mlx             # Mylex DAC960 family\n#device         pst             # Promise Supertrak SX6000\n#device         twe             # 3ware ATA RAID\n\n# atkbdc0 controls both the keyboard and the PS/2 mouse\ndevice          atkbdc          # AT keyboard controller\ndevice          atkbd           # AT keyboard\ndevice          psm             # PS/2 mouse\n\ndevice          kbdmux          # keyboard multiplexer\n\ndevice          vga             # VGA video card driver\n\ndevice          splash          # Splash screen and screen saver support\n\n# syscons is the default console driver, resembling an SCO console\ndevice          sc\n\ndevice          agp             # support several AGP chipsets\n\n# Power management support (see NOTES for more options)\n#device         apm\n# Add suspend/resume support for the i8254.\ndevice          pmtimer\n\n# PCCARD (PCMCIA) support\n# PCMCIA and cardbus bridge support\n#device         cbb             # cardbus (yenta) bridge\n#device         pccard          # PC Card (16-bit) bus\n#device         cardbus         # CardBus (32-bit) bus\n\n# Serial (COM) ports\ndevice          sio             # 8250, 16[45]50 based serial ports\ndevice          uart            # Generic UART driver\n\n# Parallel port\n#device         ppc\n#device         ppbus           # Parallel port bus (required)\n#device         lpt             # Printer\n#device         plip            # TCP/IP over parallel\n#device         ppi             # Parallel port interface device\n#device         vpo             # Requires scbus and da\n\n# If you've got a \"dumb\" serial or parallel PCI card that is\n# supported by the puc(4) glue driver, uncomment the following\n# line to enable it (connects to sio, uart and/or ppc drivers):\n#device         puc\n\n# PCI Ethernet NICs.\n#device         de              # DEC/Intel DC21x4x (``Tulip'')\n#device         em              # Intel PRO/1000 Gigabit Ethernet Family\n#device         igb             # Intel PRO/1000 PCIE Server Gigabit Family\n#device         ixgb            # Intel PRO/10GbE Ethernet Card\n#device         le              # AMD Am7900 LANCE and Am79C9xx PCnet\n#device         txp             # 3Com 3cR990 (``Typhoon'')\n#device         vx              # 3Com 3c590, 3c595 (``Vortex'')\n\n# PCI Ethernet NICs that use the common MII bus controller code.\n# NOTE: Be sure to keep the 'device miibus' line in order to use these NICs!\ndevice          miibus          # MII bus support\n#device         age             # Attansic/Atheros L1 Gigabit Ethernet\ndevice          bce             # Broadcom BCM5706/BCM5708 Gigabit Ethernet\ndevice          bfe             # Broadcom BCM440x 10/100 Ethernet\ndevice          bge             # Broadcom BCM570xx Gigabit Ethernet\n#device         dc              # DEC/Intel 21143 and various workalikes\n#device         et              # Agere ET1310 10/100/Gigabit Ethernet\n#device         fxp             # Intel EtherExpress PRO/100B (82557, 82558)\n#device         jme             # JMicron JMC250 Gigabit/JMC260 Fast Ethernet\n#device         lge             # Level 1 LXT1001 gigabit Ethernet\n#device         msk             # Marvell/SysKonnect Yukon II Gigabit Ethernet\n#device         nfe             # nVidia nForce MCP on-board Ethernet\n#device         nge             # NatSemi DP83820 gigabit Ethernet\n##device                nve             # nVidia nForce MCP on-board Ethernet Networking\n#device         pcn             # AMD Am79C97x PCI 10/100 (precedence over 'le')\n#device         re              # RealTek 8139C+/8169/8169S/8110S\n#device         rl              # RealTek 8129/8139\n#device         sf              # Adaptec AIC-6915 (``Starfire'')\n#device         sis             # Silicon Integrated Systems SiS 900/SiS 7016\n#device         sk              # SysKonnect SK-984x \u0026 SK-982x gigabit Ethernet\n#device         ste             # Sundance ST201 (D-Link DFE-550TX)\n#device         stge            # Sundance/Tamarack TC9021 gigabit Ethernet\n#device         ti              # Alteon Networks Tigon I/II gigabit Ethernet\n#device         tl              # Texas Instruments ThunderLAN\n#device         tx              # SMC EtherPower II (83c170 ``EPIC'')\n#device         vge             # VIA VT612x gigabit Ethernet\n#device         vr              # VIA Rhine, Rhine II\n#device         wb              # Winbond W89C840F\ndevice          xl              # 3Com 3c90x (``Boomerang'', ``Cyclone'')\n\n# ISA Ethernet NICs.  pccard NICs included.\ndevice          cs              # Crystal Semiconductor CS89x0 NIC\n# 'device ed' requires 'device miibus'\ndevice          ed              # NE[12]000, SMC Ultra, 3c503, DS8390 cards\ndevice          ex              # Intel EtherExpress Pro/10 and Pro/10+\ndevice          ep              # Etherlink III based cards\ndevice          fe              # Fujitsu MB8696x based cards\ndevice          ie              # EtherExpress 8/16, 3C507, StarLAN 10 etc.\ndevice          sn              # SMC's 9000 series of Ethernet chips\ndevice          xe              # Xircom pccard Ethernet\n\n# Wireless NIC cards\ndevice          wlan            # 802.11 support\ndevice          wlan_wep        # 802.11 WEP support\ndevice          wlan_ccmp       # 802.11 CCMP support\ndevice          wlan_tkip       # 802.11 TKIP support\ndevice          wlan_amrr       # AMRR transmit rate control algorithm\ndevice          wlan_scan_ap    # 802.11 AP mode scanning\ndevice          wlan_scan_sta   # 802.11 STA mode scanning\ndevice          an              # Aironet 4500/4800 802.11 wireless NICs.\ndevice          ath             # Atheros pci/cardbus NIC's\ndevice          ath_hal         # Atheros HAL (Hardware Access Layer)\ndevice          ath_rate_sample # SampleRate tx rate control for ath\ndevice          awi             # BayStack 660 and others\ndevice          ral             # Ralink Technology RT2500 wireless NICs.\ndevice          wi              # WaveLAN/Intersil/Symbol 802.11 wireless NICs.\n#device         wl              # Older non 802.11 Wavelan wireless NIC.\n\n# Pseudo devices.\ndevice          loop            # Network loopback\ndevice          random          # Entropy device\ndevice          ether           # Ethernet support\ndevice          sl              # Kernel SLIP\ndevice          ppp             # Kernel PPP\ndevice          tun             # Packet tunnel.\ndevice          pty             # Pseudo-ttys (telnet etc)\ndevice          md              # Memory \"disks\"\ndevice          gif             # IPv6 and IPv4 tunneling\ndevice          faith           # IPv6-to-IPv4 relaying (translation)\ndevice          firmware        # firmware assist module\n\n# The `bpf' device enables the Berkeley Packet Filter.\n# Be aware of the administrative consequences of enabling this!\n# Note that 'bpf' is required for DHCP.\ndevice          bpf             # Berkeley packet filter\n\n# USB support\ndevice          uhci            # UHCI PCI-\u003eUSB interface\ndevice          ohci            # OHCI PCI-\u003eUSB interface\ndevice          ehci            # EHCI PCI-\u003eUSB interface (USB 2.0)\ndevice          usb             # USB Bus (required)\n#device         udbp            # USB Double Bulk Pipe devices\ndevice          ugen            # Generic\ndevice          uhid            # \"Human Interface Devices\"\ndevice          ukbd            # Keyboard\n#device         ulpt            # Printer\ndevice          umass           # Disks/Mass storage - Requires scbus and da\ndevice          ums             # Mouse\n#device         ural            # Ralink Technology RT2500USB wireless NICs\n#device         rum             # Ralink Technology RT2501USB wireless NICs\n#device         urio            # Diamond Rio 500 MP3 player\n#device         uscanner        # Scanners\n# USB Serial devices\ndevice          ucom            # Generic com ttys\n#device         uark            # Technologies ARK3116 based serial adapters\n#device         ubsa            # Belkin F5U103 and compatible serial adapters\n#device         ubser           # BWCT console serial adapters\n#device         uftdi           # For FTDI usb serial adapters\n#device         uipaq           # Some WinCE based devices\n#device         uplcom          # Prolific PL-2303 serial adapters\n#device         uslcom          # SI Labs CP2101/CP2102 serial adapters\n#device         uvisor          # Visor and Palm devices\n#device         uvscom          # USB serial support for DDI pocket's PHS\n## USB Ethernet, requires miibus\n#device         aue             # ADMtek USB Ethernet\n#device         axe             # ASIX Electronics USB Ethernet\n#device         cdce            # Generic USB over Ethernet\n#device         cue             # CATC USB Ethernet\n#device         kue             # Kawasaki LSI USB Ethernet\n#device         rue             # RealTek RTL8150 USB Ethernet\n#\n## FireWire support\n#device         firewire        # FireWire bus code\n#device         sbp             # SCSI over FireWire (Requires scbus and da)\n#device         fwe             # Ethernet over FireWire (non-standard!)\n#device         fwip            # IP over FireWire (RFC 2734,3146)\n#device         dcons           # Dumb console driver\n##device                dcons_crom      # Configuration ROM for dcons\n\nFix: \n\nOnly work around is to boot in safe mode\nHow-To-Repeat: Boot 7.0-STABLE on an IBM"
}