{
 "id": 337402,
 "bug_id": 100412,
 "attachment_id": 0,
 "creation_time": "2006-07-16T22:30:13Z",
 "creator": "bahlgren@beah.se",
 "text": "dmesg.boot:\n\nCopyright (c) 1992-2006 The FreeBSD Project.\nCopyright (c) 1979, 1980, 1983, 1986, 1988, 1989, 1991, 1992, 1993, 1994\n\tThe Regents of the University of California. All rights reserved.\nFreeBSD 6.1-RELEASE-p3 #1: Sun Jul 16 19:24:36 CEST 2006\n    bga@zeus.xxx:/usr/obj/usr/src/sys/ZEUS\nTimecounter \"i8254\" frequency 1193182 Hz quality 0\nCPU: AMD Athlon(tm) 64 Processor 3500+ (2211.34-MHz K8-class CPU)\n  Origin = \"AuthenticAMD\"  Id = 0x20ff2  Stepping = 2\n  Features=0x78bfbff\u003cFPU,VME,DE,PSE,TSC,MSR,PAE,MCE,CX8,APIC,SEP,MTRR,PGE,MCA,CMOV,PAT,PSE36,CLFLUSH,MMX,FXSR,SSE,SSE2\u003e\n  Features2=0x1\u003cSSE3\u003e\n  AMD Features=0xe2500800\u003cSYSCALL,NX,MMX+,FFXSR,LM,3DNow+,3DNow\u003e\n  AMD Features2=0x1\u003cLAHF\u003e\nreal memory  = 1073676288 (1023 MB)\navail memory = 1027227648 (979 MB)\nACPI APIC Table: \u003cNvidia AWRDACPI\u003e\nioapic0 \u003cVersion 1.1\u003e irqs 0-23 on motherboard\nkbd1 at kbdmux0\nacpi0: \u003cNvidia AWRDACPI\u003e on motherboard\nacpi_bus_number: can't get _ADR\nacpi_bus_number: can't get _ADR\nacpi0: Power Button (fixed)\nacpi_bus_number: can't get _ADR\nacpi_bus_number: can't get _ADR\nTimecounter \"ACPI-fast\" frequency 3579545 Hz quality 1000\nacpi_timer0: \u003c24-bit timer at 3.579545MHz\u003e port 0x4008-0x400b on acpi0\ncpu0: \u003cACPI CPU\u003e on acpi0\npowernow0: \u003cCool`n'Quiet K8\u003e on cpu0\nacpi_button0: \u003cPower Button\u003e on acpi0\npcib0: \u003cACPI Host-PCI bridge\u003e port 0xcf8-0xcff on acpi0\npci0: \u003cACPI PCI bus\u003e on pcib0\npci0: \u003cmemory\u003e at device 0.0 (no driver attached)\nisab0: \u003cPCI-ISA bridge\u003e at device 1.0 on pci0\nisa0: \u003cISA bus\u003e on isab0\npci0: \u003cserial bus, SMBus\u003e at device 1.1 (no driver attached)\nohci0: \u003cOHCI (generic) USB controller\u003e mem 0xd3104000-0xd3104fff irq 21 at device 2.0 on pci0\nohci0: [GIANT-LOCKED]\nusb0: OHCI version 1.0, legacy support\nusb0: SMM does not respond, resetting\nusb0: \u003cOHCI (generic) USB controller\u003e on ohci0\nusb0: USB revision 1.0\nuhub0: nVidia OHCI root hub, class 9/0, rev 1.00/1.00, addr 1\nuhub0: 10 ports with 10 removable, self powered\nehci0: \u003cNVIDIA nForce4 USB 2.0 controller\u003e mem 0xfeb00000-0xfeb000ff irq 22 at device 2.1 on pci0\nehci0: [GIANT-LOCKED]\nusb1: EHCI version 1.0\nusb1: companion controller, 4 ports each: usb0\nusb1: \u003cNVIDIA nForce4 USB 2.0 controller\u003e on ehci0\nusb1: USB revision 2.0\nuhub1: nVidia EHCI root hub, class 9/0, rev 2.00/1.00, addr 1\nuhub1: 10 ports with 10 removable, self powered\npcm0: \u003cnVidia nForce4\u003e port 0xdc00-0xdcff,0xe000-0xe0ff mem 0xd3103000-0xd3103fff irq 23 at device 4.0 on pci0\npcm0: \u003cAvance Logic ALC850 AC97 Codec\u003e\natapci0: \u003cnVidia nForce CK804 UDMA133 controller\u003e port 0x1f0-0x1f7,0x3f6,0x170-0x177,0x376,0xf000-0xf00f at device 6.0 on pci0\nata0: \u003cATA channel 0\u003e on atapci0\nata1: \u003cATA channel 1\u003e on atapci0\natapci1: \u003cnVidia nForce CK804 SATA300 controller\u003e port 0x9f0-0x9f7,0xbf0-0xbf3,0x970-0x977,0xb70-0xb73,0xd800-0xd80f mem 0xd3102000-0xd3102fff irq 21 at device 7.0 on pci0\nata2: \u003cATA channel 0\u003e on atapci1\nata3: \u003cATA channel 1\u003e on atapci1\natapci2: \u003cnVidia nForce CK804 SATA300 controller\u003e port 0x9e0-0x9e7,0xbe0-0xbe3,0x960-0x967,0xb60-0xb63,0xc400-0xc40f mem 0xd3101000-0xd3101fff irq 22 at device 8.0 on pci0\nata4: \u003cATA channel 0\u003e on atapci2\nata5: \u003cATA channel 1\u003e on atapci2\npcib1: \u003cACPI PCI-PCI bridge\u003e at device 9.0 on pci0\npci5: \u003cACPI PCI bus\u003e on pcib1\nfwohci0: \u003cVIA Fire II (VT6306)\u003e port 0xa000-0xa07f mem 0xd3000000-0xd30007ff irq 17 at device 7.0 on pci5\nfwohci0: OHCI version 1.0 (ROM=1)\nfwohci0: No. of Isochronous channels is 4.\nfwohci0: EUI64 20:00:00:00:03:00:0e:79\nfwohci0: Phy 1394a available S400, 3 ports.\nfwohci0: Link S400, max_rec 2048 bytes.\nfirewire0: \u003cIEEE1394(FireWire) bus\u003e on fwohci0\nfwe0: \u003cEthernet over FireWire\u003e on firewire0\nif_fwe0: Fake Ethernet address: 22:00:00:00:0e:79\nfwe0: Ethernet address: 22:00:00:00:0e:79\nfwe0: if_start running deferred for Giant\nsbp0: \u003cSBP-2/SCSI over FireWire\u003e on firewire0\nfwohci0: Initiate bus reset\nfwohci0: node_id=0xc800ffc0, gen=1, CYCLEMASTER mode\nfirewire0: 1 nodes, maxhop \u003c= 0, cable IRM = 0 (me)\nfirewire0: bus manager 0 (me)\nnve0: \u003cNVIDIA nForce MCP9 Networking Adapter\u003e port 0xb000-0xb007 mem 0xd3100000-0xd3100fff irq 23 at device 10.0 on pci0\nnve0: Ethernet address 00:17:31:18:70:91\nmiibus0: \u003cMII bus\u003e on nve0\nukphy0: \u003cGeneric IEEE 802.3u media interface\u003e on miibus0\nukphy0:  10baseT, 10baseT-FDX, 100baseTX, 100baseTX-FDX, 1000baseT, 1000baseT-FDX, auto\nnve0: Ethernet address: 00:17:31:18:70:91\npcib2: \u003cACPI PCI-PCI bridge\u003e at device 11.0 on pci0\npci4: \u003cACPI PCI bus\u003e on pcib2\npcib3: \u003cACPI PCI-PCI bridge\u003e at device 12.0 on pci0\npci3: \u003cACPI PCI bus\u003e on pcib3\npcib4: \u003cACPI PCI-PCI bridge\u003e at device 13.0 on pci0\npci2: \u003cACPI PCI bus\u003e on pcib4\npcib5: \u003cACPI PCI-PCI bridge\u003e at device 14.0 on pci0\npci1: \u003cACPI PCI bus\u003e on pcib5\npci1: \u003cdisplay, VGA\u003e at device 0.0 (no driver attached)\nacpi_tz0: \u003cThermal Zone\u003e on acpi0\nfdc0: \u003cfloppy drive controller\u003e port 0x3f0-0x3f5,0x3f7 irq 6 drq 2 on acpi0\nfdc0: [FAST]\nfd0: \u003c1440-KB 3.5\" drive\u003e on fdc0 drive 0\nsio0: \u003c16550A-compatible COM port\u003e port 0x3f8-0x3ff irq 4 flags 0x10 on acpi0\nsio0: type 16550A\nppc0: \u003cECP parallel printer port\u003e port 0x378-0x37f,0x778-0x77b irq 7 drq 3 on acpi0\nppc0: SMC-like chipset (ECP/EPP/PS2/NIBBLE) in COMPATIBLE mode\nppc0: FIFO with 16/16/16 bytes threshold\nppbus0: \u003cParallel port bus\u003e on ppc0\nplip0: \u003cPLIP network interface\u003e on ppbus0\nlpt0: \u003cPrinter\u003e on ppbus0\nlpt0: Interrupt-driven port\nppi0: \u003cParallel I/O\u003e on ppbus0\natkbdc0: \u003cKeyboard controller (i8042)\u003e port 0x60,0x64 irq 1 on acpi0\natkbd0: \u003cAT Keyboard\u003e flags 0x1 irq 1 on atkbdc0\nkbd0 at atkbd0\natkbd0: [GIANT-LOCKED]\npsm0: \u003cPS/2 Mouse\u003e irq 12 on atkbdc0\npsm0: [GIANT-LOCKED]\npsm0: model MouseMan+, device ID 0\norm0: \u003cISA Option ROM\u003e at iomem 0xd0000-0xd3fff on isa0\nsc0: \u003cSystem console\u003e at flags 0x100 on isa0\nsc0: VGA \u003c16 virtual consoles, flags=0x300\u003e\nsio1: configured irq 3 not in bitmap of probed irqs 0\nsio1: port may not be enabled\nvga0: \u003cGeneric ISA VGA\u003e at port 0x3c0-0x3df iomem 0xa0000-0xbffff on isa0\nTimecounter \"TSC\" frequency 2211343549 Hz quality 800\nTimecounters tick every 1.000 msec\nacd0: DVDR \u003cNEC DVD RW ND-3550A/1.05\u003e at ata1-master UDMA33\nad4: 305245MB \u003cWDC WD3200SD-01KNB0 08.05J08\u003e at ata2-master SATA150\nTrying to mount root from ufs:/dev/ad4s2a\n\nHow-To-Repeat: nve0 still has some issues with device timeouts, but\ndoesn't stop working\n\nsound works with snd_ich driver\nAMD's cool'n'quiet works with cpufreq and powerd\n\n(Note that the firewire device in the above dmesg is\nnot on the motherboard!)"
}