{
 "id": 357697,
 "bug_id": 105134,
 "attachment_id": 0,
 "creation_time": "2006-11-04T07:20:20Z",
 "creator": "antiduh@gmail.com",
 "text": "Reproduced on FreeBSD 6.1-RELEASE, 6.2-BETA3 with SMP and PREEMPTION enabled.\n\nCurrently trying 6.2-PRERELEASE with preemption disabled, and if that doesn't work, turn off SMP.\n\nUnder heavy disk access and cpu load (eg make -j2 buildkernel), the machine deadlocks with the following message:\npanic: lockmgr: thread 0xfffffc005f9a4000, not exclusive lock holder 0xfffffc00487e1500 unlocking cpuid = 1\nIt does not display anything more, it does not reboot, it just stops right there with that message. The machine is completely unresponsive from every interface - ethernet, serial console, vga console, etc.\n\nThe machine is a dual 500mhz alpha EV6 with 1.5GB of RAM, \n\nSystem disk:\n   \n   da0 at isp0 bus 0 target 0 lun 0\n   da0: \u003cIBM DDYS-T18350N S80D\u003e Fixed Direct Access SCSI-3 device\n   da0: 40.000MB/s transfers (20.000MHz, offset 8, 16bit), Tagged Queueing Enabled\n   da0: 17501MB (35843670 512 byte sectors: 255H 63S/T 2231C)\n\nController for system disk:\n   isp0: \u003cQlogic ISP 1020/1040 PCI SCSI Adapter\u003e port 0x1000-0x10ff mem 0x1010000-0x1010fff irq 47 at device 7.0 on pci1\n   isp0: interrupting at TSUNAMI irq 47\n   isp0: [GIANT-LOCKED]\n\n\nThe important bits of bootup:\n   ST6600\n   AlphaPC 264DP 500 MHz, 500MHz\n   8192 byte page size, 2 processors.\n   CPU: EV6 (21264) major=8 minor=7 extensions=0x303\u003cBWX,FIX,MVI,PRECISE\u003e\n   OSF PAL rev: 0x2004500020157\n   real memory  = 1607819264 (1533 MB)\n   avail memory = 1567784960 (1495 MB)\n   FreeBSD/SMP: Multiprocessor System Detected: 2 CPUs\n    cpu0 (BSP): PAL ID:  0\n    cpu1 (AP): PAL ID:  1\n   tsunami0: \u003c21271 Core Logic chipset\u003e\n\nHow-To-Repeat: Heavy disk i/o and cpu usage on alpha w/ SMP \u0026 PREEMPTION."
}