{
 "id": 601228,
 "bug_id": 155177,
 "attachment_id": 0,
 "creation_time": "2011-03-02T05:20:10Z",
 "creator": "eschoedler@gmail.com",
 "text": "I'm using Quagga 0.99.17 peering with bgpsimple tool in another machine.\nBgpsimple injects full-routing table in this bgp session.\nWhen the bgpsimple terminates the injection (or when I cancel by pressing\nCTRL+C), an kernel panic occurs in the router.\n\nKernel debugging:\n\n# kgdb kernel.debug /var/crash/vmcore.1\nGNU gdb 6.1.1 [FreeBSD]\nCopyright 2004 Free Software Foundation, Inc.\nGDB is free software, covered by the GNU General Public License, and you are\nwelcome to change it and/or distribute copies of it under certain conditions.\nType \"show copying\" to see the conditions.\nThere is absolutely no warranty for GDB.  Type \"show warranty\" for details.\nThis GDB was configured as \"amd64-marcel-freebsd\"...\n\nUnread portion of the kernel message buffer:\npanic: rtfree 2\ncpuid = 0\nUptime: 4m38s\nPhysical memory: 8170 MB\nDumping 566 MB: 551 535 519 503 487 471 455 439 423 407 391 375 359 343 327 311 295 279 263 247 231 215 199 183 167 151 135 119 103 87 71 55 39 23 7\n\n#0  doadump () at pcpu.h:224\n224             __asm(\"movq %%gs:0,%0\" : \"=r\" (td));\n(kgdb) quit\n\n\n\n# dmesg\nCopyright (c) 1992-2011 The FreeBSD Project.\nCopyright (c) 1979, 1980, 1983, 1986, 1988, 1989, 1991, 1992, 1993, 1994\n        The Regents of the University of California. All rights reserved.\nFreeBSD is a registered trademark of The FreeBSD Foundation.\nFreeBSD 8.2-STABLE #5: Wed Mar  2 01:34:10 BRT 2011\n    root@border01.scr:/usr/obj/usr/src/sys/BORDER-RTR amd64\nWARNING: WITNESS option enabled, expect reduced performance.\nTimecounter \"i8254\" frequency 1193182 Hz quality 0\nCPU: Intel(R) Xeon(R) CPU           X3440  @ 2.53GHz (2527.00-MHz K8-class CPU)\n  Origin = \"GenuineIntel\"  Id = 0x106e5  Family = 6  Model = 1e  Stepping = 5\n  Features=0xbfebfbff\u003cFPU,VME,DE,PSE,TSC,MSR,PAE,MCE,CX8,APIC,SEP,MTRR,PGE,MCA,CMOV,PAT,PSE36,CLFLUSH,DTS,ACPI,MMX,FXSR,SSE,SSE2,SS,HTT,TM,PBE\u003e\n  Features2=0x98e3fd\u003cSSE3,DTES64,MON,DS_CPL,VMX,SMX,EST,TM2,SSSE3,CX16,xTPR,PDCM,SSE4.1,SSE4.2,POPCNT\u003e\n  AMD Features=0x28100800\u003cSYSCALL,NX,RDTSCP,LM\u003e\n  AMD Features2=0x1\u003cLAHF\u003e\n  TSC: P-state invariant\nreal memory  = 8589934592 (8192 MB)\navail memory = 8229384192 (7848 MB)\nACPI APIC Table: \u003cDELL   PE_SC3  \u003e\nFreeBSD/SMP: Multiprocessor System Detected: 8 CPUs\nFreeBSD/SMP: 1 package(s) x 4 core(s) x 2 SMT threads\n cpu0 (BSP): APIC ID:  0\n cpu1 (AP): APIC ID:  1\n cpu2 (AP): APIC ID:  2\n cpu3 (AP): APIC ID:  3\n cpu4 (AP): APIC ID:  4\n cpu5 (AP): APIC ID:  5\n cpu6 (AP): APIC ID:  6\n cpu7 (AP): APIC ID:  7\nioapic0 \u003cVersion 2.0\u003e irqs 0-23 on motherboard\nnetisr_init: forcing maxthreads to 1 and bindthreads to 0 for device polling\nkbd1 at kbdmux0\nichwd module loaded\nsmbios0: \u003cSystem Management BIOS\u003e at iomem 0xfcac0-0xfcade on motherboard\nsmbios0: Version: 2.6, BCD Revision: 2.6\ncryptosoft0: \u003csoftware crypto\u003e on motherboard\nacpi0: \u003cDELL PE_SC3\u003e on motherboard\nacpi0: [ITHREAD]\nacpi0: Power Button (fixed)\nunknown: I/O range not supported\nTimecounter \"ACPI-fast\" frequency 3579545 Hz quality 1000\nacpi_timer0: \u003c24-bit timer at 3.579545MHz\u003e port 0x808-0x80b on acpi0\ncpu0: \u003cACPI CPU\u003e on acpi0\ncpu1: \u003cACPI CPU\u003e on acpi0\ncpu2: \u003cACPI CPU\u003e on acpi0\ncpu3: \u003cACPI CPU\u003e on acpi0\ncpu4: \u003cACPI CPU\u003e on acpi0\ncpu5: \u003cACPI CPU\u003e on acpi0\ncpu6: \u003cACPI CPU\u003e on acpi0\ncpu7: \u003cACPI CPU\u003e on acpi0\npcib0: \u003cACPI Host-PCI bridge\u003e port 0xcf8-0xcff on acpi0\npci0: \u003cACPI PCI bus\u003e on pcib0\npcib1: \u003cACPI PCI-PCI bridge\u003e at device 3.0 on pci0\npci1: \u003cACPI PCI bus\u003e on pcib1\npcib2: \u003cPCI-PCI bridge\u003e at device 0.0 on pci1\npci2: \u003cPCI bus\u003e on pcib2\npcib3: \u003cPCI-PCI bridge\u003e at device 2.0 on pci2\npci3: \u003cPCI bus\u003e on pcib3\nigb0: \u003cIntel(R) PRO/1000 Network Connection version - 2.0.7\u003e port 0xfcc0-0xfcdf mem 0xddfc0000-0xddfdffff,0xde000000-0xde3fffff,0xddfb8000-0xddfbbfff irq 18 at device 0.0 on pci3\nigb0: Using MSIX interrupts with 9 vectors\nigb0: [ITHREAD]\nigb0: [ITHREAD]\nigb0: [ITHREAD]\nigb0: [ITHREAD]\nigb0: [ITHREAD]\nigb0: [ITHREAD]\nigb0: [ITHREAD]\nigb0: [ITHREAD]\nigb0: [ITHREAD]\nigb0: Ethernet address: 00:1b:21:42:87:e0\nigb1: \u003cIntel(R) PRO/1000 Network Connection version - 2.0.7\u003e port 0xfce0-0xfcff mem 0xddfe0000-0xddffffff,0xde400000-0xde7fffff,0xddfbc000-0xddfbffff irq 19 at device 0.1 on pci3\nigb1: Using MSIX interrupts with 9 vectors\nigb1: [ITHREAD]\nigb1: [ITHREAD]\nigb1: [ITHREAD]\nigb1: [ITHREAD]\nigb1: [ITHREAD]\nigb1: [ITHREAD]\nigb1: [ITHREAD]\nigb1: [ITHREAD]\nigb1: [ITHREAD]\nigb1: Ethernet address: 00:1b:21:42:87:e1\npcib4: \u003cPCI-PCI bridge\u003e at device 4.0 on pci2\npci4: \u003cPCI bus\u003e on pcib4\nigb2: \u003cIntel(R) PRO/1000 Network Connection version - 2.0.7\u003e port 0xecc0-0xecdf mem 0xdd3c0000-0xdd3dffff,0xdd400000-0xdd7fffff,0xdd3b8000-0xdd3bbfff irq 16 at device 0.0 on pci4\nigb2: Using MSIX interrupts with 9 vectors\nigb2: [ITHREAD]\nigb2: [ITHREAD]\nigb2: [ITHREAD]\nigb2: [ITHREAD]\nigb2: [ITHREAD]\nigb2: [ITHREAD]\nigb2: [ITHREAD]\nigb2: [ITHREAD]\nigb2: [ITHREAD]\nigb2: Ethernet address: 00:1b:21:42:87:e4\nigb3: \u003cIntel(R) PRO/1000 Network Connection version - 2.0.7\u003e port 0xece0-0xecff mem 0xdd3e0000-0xdd3fffff,0xdd800000-0xddbfffff,0xdd3bc000-0xdd3bffff irq 17 at device 0.1 on pci4\nigb3: Using MSIX interrupts with 9 vectors\nigb3: [ITHREAD]\nigb3: [ITHREAD]\nigb3: [ITHREAD]\nigb3: [ITHREAD]\nigb3: [ITHREAD]\nigb3: [ITHREAD]\nigb3: [ITHREAD]\nigb3: [ITHREAD]\nigb3: [ITHREAD]\nigb3: Ethernet address: 00:1b:21:42:87:e5\npci0: \u003cbase peripheral\u003e at device 8.0 (no driver attached)\npci0: \u003cbase peripheral\u003e at device 8.1 (no driver attached)\npci0: \u003cbase peripheral\u003e at device 8.2 (no driver attached)\npci0: \u003cbase peripheral\u003e at device 8.3 (no driver attached)\npci0: \u003cbase peripheral\u003e at device 16.0 (no driver attached)\npci0: \u003cbase peripheral\u003e at device 16.1 (no driver attached)\nehci0: \u003cIntel PCH USB 2.0 controller USB-B\u003e mem 0xde8fc000-0xde8fc3ff irq 22 at device 26.0 on pci0\nehci0: [ITHREAD]\nusbus0: EHCI version 1.0\nusbus0: \u003cIntel PCH USB 2.0 controller USB-B\u003e on ehci0\npcib5: \u003cACPI PCI-PCI bridge\u003e at device 28.0 on pci0\npci5: \u003cACPI PCI bus\u003e on pcib5\nbce0: \u003cBroadcom NetXtreme II BCM5716 1000Base-T (C0)\u003e mem 0xd8000000-0xd9ffffff irq 16 at device 0.0 on pci5\nmiibus0: \u003cMII bus\u003e on bce0\nbrgphy0: \u003cBCM5709C 10/100/1000baseTX PHY\u003e PHY 1 on miibus0\nbrgphy0:  10baseT, 10baseT-FDX, 100baseTX, 100baseTX-FDX, 1000baseT, 1000baseT-master, 1000baseT-FDX, 1000baseT-FDX-master, auto, auto-flow\nbce0: Ethernet address: 00:26:b9:7f:d4:26\nbce0: [ITHREAD]\nbce1: \u003cBroadcom NetXtreme II BCM5716 1000Base-T (C0)\u003e mem 0xda000000-0xdbffffff irq 17 at device 0.1 on pci5\nmiibus1: \u003cMII bus\u003e on bce1\nbrgphy1: \u003cBCM5709C 10/100/1000baseTX PHY\u003e PHY 1 on miibus1\nbrgphy1:  10baseT, 10baseT-FDX, 100baseTX, 100baseTX-FDX, 1000baseT, 1000baseT-master, 1000baseT-FDX, 1000baseT-FDX-master, auto, auto-flow\nbce1: Ethernet address: 00:26:b9:7f:d4:27\nbce1: [ITHREAD]\nehci1: \u003cIntel PCH USB 2.0 controller USB-A\u003e mem 0xde8fe000-0xde8fe3ff irq 22 at device 29.0 on pci0\nehci1: [ITHREAD]\nusbus1: EHCI version 1.0\nusbus1: \u003cIntel PCH USB 2.0 controller USB-A\u003e on ehci1\npcib6: \u003cACPI PCI-PCI bridge\u003e at device 30.0 on pci0\npci6: \u003cACPI PCI bus\u003e on pcib6\nvgapci0: \u003cVGA-compatible display\u003e mem 0xd7800000-0xd7ffffff,0xdc7fc000-0xdc7fffff,0xdc800000-0xdcffffff irq 19 at device 3.0 on pci6\nisab0: \u003cPCI-ISA bridge\u003e at device 31.0 on pci0\nisa0: \u003cISA bus\u003e on isab0\natapci0: \u003cIntel 5 Series/3400 Series PCH SATA300 controller\u003e port 0xdca0-0xdca7,0xdc90-0xdc93,0xdca8-0xdcaf,0xdc94-0xdc97,0xdcc0-0xdccf,0xdcd0-0xdcdf irq 20 at device 31.2 on pci0\natapci0: [ITHREAD]\nata2: \u003cATA channel 0\u003e on atapci0\nata2: [ITHREAD]\nata3: \u003cATA channel 1\u003e on atapci0\nata3: [ITHREAD]\natapci1: \u003cIntel 5 Series/3400 Series PCH SATA300 controller\u003e port 0xdcb0-0xdcb7,0xdc98-0xdc9b,0xdcb8-0xdcbf,0xdc9c-0xdc9f,0xdce0-0xdcef,0xdcf0-0xdcff irq 21 at device 31.5 on pci0\natapci1: [ITHREAD]\nata4: \u003cATA channel 0\u003e on atapci1\nata4: [ITHREAD]\nata5: \u003cATA channel 1\u003e on atapci1\nata5: [ITHREAD]\nacpi_hpet0: \u003cHigh Precision Event Timer\u003e iomem 0xfed00000-0xfed003ff on acpi0\nTimecounter \"HPET\" frequency 14318180 Hz quality 900\natrtc0: \u003cAT realtime clock\u003e port 0x70-0x7f irq 8 on acpi0\nuart0: \u003c16550 or compatible\u003e port 0x3f8-0x3ff irq 4 flags 0x10 on acpi0\nuart0: [FILTER]\nuart1: \u003c16550 or compatible\u003e port 0x2f8-0x2ff irq 3 on acpi0\nuart1: [FILTER]\norm0: \u003cISA Option ROMs\u003e at iomem 0xc0000-0xc7fff,0xc8000-0xc8fff,0xec000-0xeffff on isa0\natkbd: unable to set the command byte.\nsc0: \u003cSystem console\u003e at flags 0x100 on isa0\nsc0: VGA \u003c16 virtual consoles, flags=0x300\u003e\nvga0: \u003cGeneric ISA VGA\u003e at port 0x3c0-0x3df iomem 0xa0000-0xbffff on isa0\natkbdc0: \u003cKeyboard controller (i8042)\u003e at port 0x60,0x64 on isa0\natkbd0: \u003cAT Keyboard\u003e irq 1 on atkbdc0\nkbd0 at atkbd0\natkbd0: [GIANT-LOCKED]\natkbd0: [ITHREAD]\ncoretemp0: \u003cCPU On-Die Thermal Sensors\u003e on cpu0\nest0: \u003cEnhanced SpeedStep Frequency Control\u003e on cpu0\nest: CPU supports Enhanced Speedstep, but is not recognized.\nest: cpu_vendor GenuineIntel, msr 14\ndevice_attach: est0 attach returned 6\np4tcc0: \u003cCPU Frequency Thermal Control\u003e on cpu0\ncoretemp1: \u003cCPU On-Die Thermal Sensors\u003e on cpu1\nest1: \u003cEnhanced SpeedStep Frequency Control\u003e on cpu1\nest: CPU supports Enhanced Speedstep, but is not recognized.\nest: cpu_vendor GenuineIntel, msr 14\ndevice_attach: est1 attach returned 6\np4tcc1: \u003cCPU Frequency Thermal Control\u003e on cpu1\ncoretemp2: \u003cCPU On-Die Thermal Sensors\u003e on cpu2\nest2: \u003cEnhanced SpeedStep Frequency Control\u003e on cpu2\nest: CPU supports Enhanced Speedstep, but is not recognized.\nest: cpu_vendor GenuineIntel, msr 14\ndevice_attach: est2 attach returned 6\np4tcc2: \u003cCPU Frequency Thermal Control\u003e on cpu2\ncoretemp3: \u003cCPU On-Die Thermal Sensors\u003e on cpu3\nest3: \u003cEnhanced SpeedStep Frequency Control\u003e on cpu3\nest: CPU supports Enhanced Speedstep, but is not recognized.\nest: cpu_vendor GenuineIntel, msr 14\ndevice_attach: est3 attach returned 6\np4tcc3: \u003cCPU Frequency Thermal Control\u003e on cpu3\ncoretemp4: \u003cCPU On-Die Thermal Sensors\u003e on cpu4\nest4: \u003cEnhanced SpeedStep Frequency Control\u003e on cpu4\nest: CPU supports Enhanced Speedstep, but is not recognized.\nest: cpu_vendor GenuineIntel, msr 14\ndevice_attach: est4 attach returned 6\np4tcc4: \u003cCPU Frequency Thermal Control\u003e on cpu4\ncoretemp5: \u003cCPU On-Die Thermal Sensors\u003e on cpu5\nest5: \u003cEnhanced SpeedStep Frequency Control\u003e on cpu5\nest: CPU supports Enhanced Speedstep, but is not recognized.\nest: cpu_vendor GenuineIntel, msr 14\ndevice_attach: est5 attach returned 6\np4tcc5: \u003cCPU Frequency Thermal Control\u003e on cpu5\ncoretemp6: \u003cCPU On-Die Thermal Sensors\u003e on cpu6\nest6: \u003cEnhanced SpeedStep Frequency Control\u003e on cpu6\nest: CPU supports Enhanced Speedstep, but is not recognized.\nest: cpu_vendor GenuineIntel, msr 14\ndevice_attach: est6 attach returned 6\np4tcc6: \u003cCPU Frequency Thermal Control\u003e on cpu6\ncoretemp7: \u003cCPU On-Die Thermal Sensors\u003e on cpu7\nest7: \u003cEnhanced SpeedStep Frequency Control\u003e on cpu7\nest: CPU supports Enhanced Speedstep, but is not recognized.\nest: cpu_vendor GenuineIntel, msr 14\ndevice_attach: est7 attach returned 6\np4tcc7: \u003cCPU Frequency Thermal Control\u003e on cpu7\nTimecounters tick every 1.000 msec\nIPsec: Initialized Security Association Processing.\nipfw2 (+ipv6) initialized, divert enabled, nat enabled, rule-based forwarding enabled, default to accept, logging disabled\nload_dn_sched dn_sched WF2Q+ loaded\nload_dn_sched dn_sched FIFO loaded\nload_dn_sched dn_sched PRIO loaded\nload_dn_sched dn_sched QFQ loaded\nload_dn_sched dn_sched RR loaded\nusbus0: 480Mbps High Speed USB v2.0\nusbus1: 480Mbps High Speed USB v2.0\nad4: 238418MB \u003cWDC WD2502ABYS-18B7A0 02.03B04\u003e at ata2-master UDMA100 SATA 3Gb/s\nugen0.1: \u003cIntel\u003e at usbus0\nuhub0: \u003cIntel EHCI root HUB, class 9/0, rev 2.00/1.00, addr 1\u003e on usbus0\nugen1.1: \u003cIntel\u003e at usbus1\nuhub1: \u003cIntel EHCI root HUB, class 9/0, rev 2.00/1.00, addr 1\u003e on usbus1\nad6: 238418MB \u003cWDC WD2502ABYS-18B7A0 02.03B04\u003e at ata3-master UDMA100 SATA 3Gb/s\nacd0: DVDROM \u003cTEAC DVD-ROM DV28SV/D.0L\u003e at ata3-slave UDMA100 SATA 1.5Gb/s\nSMP: AP CPU #1 Launched!\nSMP: AP CPU #4 Launched!\nSMP: AP CPU #3 Launched!\nSMP: AP CPU #5 Launched!\nSMP: AP CPU #2 Launched!\nSMP: AP CPU #6 Launched!\nSMP: AP CPU #7 Launched!\nhwpmc: TSC/1/64/0x20\u003cREA\u003e IAP/4/48/0x3ff\u003cINT,USR,SYS,EDG,THR,REA,WRI,INV,QUA,PRC\u003e IAF/3/48/0x61\u003cINT,REA,WRI\u003e UCP/8/48/0x3f8\u003cEDG,THR,REA,WRI,INV,QUA,PRC\u003e UCF/1/48/0x60\u003cREA,WRI\u003e\nWARNING: WITNESS option enabled, expect reduced performance.\nuhub0: 2 ports with 2 removable, self powered\nuhub1: 2 ports with 2 removable, self powered\nugen0.2: \u003cvendor 0x8087\u003e at usbus0\nuhub2: \u003cvendor 0x8087 product 0x0020, class 9/0, rev 2.00/0.00, addr 2\u003e on usbus0\nugen1.2: \u003cvendor 0x8087\u003e at usbus1\nuhub3: \u003cvendor 0x8087 product 0x0020, class 9/0, rev 2.00/0.00, addr 2\u003e on usbus1\nuhub2: 6 ports with 6 removable, self powered\nuhub3: 8 ports with 8 removable, self powered\nugen0.3: \u003cAvocent\u003e at usbus0\nukbd0: \u003cKeyboard\u003e on usbus0\nkbd2 at ukbd0\nums0: \u003cMouse\u003e on usbus0\nums0: 3 buttons and [Z] coordinates ID=0\nugen1.3: \u003cvendor 0x0424\u003e at usbus1\nuhub4: \u003cvendor 0x0424 product 0x2514, class 9/0, rev 2.00/0.00, addr 3\u003e on usbus1\nuhub4: 4 ports with 4 removable, self powered\nugen1.4: \u003cCHESEN\u003e at usbus1\nukbd1: \u003cCHESEN USB Keyboard, class 0/0, rev 1.10/1.10, addr 4\u003e on usbus1\nkbd3 at ukbd1\nuhid0: \u003cCHESEN USB Keyboard, class 0/0, rev 1.10/1.10, addr 4\u003e on usbus1\nTrying to mount root from ufs:/dev/ad4s1a\nWARNING: / was not properly dismounted\nWARNING: /usr was not properly dismounted\nWARNING: /var was not properly dismounted\nbce0: link state changed to UP\n\n# cat /boot/loader.conf\nnet.inet.tcp.syncache.hashsize=1024\nnet.inet.tcp.syncache.bucketlimit=512\nnet.inet.tcp.syncache.cachelimit=65536\nnet.inet.tcp.hostcache.hashsize=\"16384\"\nnet.inet.tcp.hostcache.bucketlimit=\"100\"\nnet.inet.tcp.tcbhashsize=4096\nnet.isr.direct=1\nnet.isr.bindthreads=1\nnet.isr.numthreads=4\nnet.isr.defaultqlimit=4096\nkern.ipc.nmbclusters=65536\nnet.fibs=2\nkern.hz=1000\n\n# cat /etc/sysctl.conf\nkern.securelevel=1\nkern.ipc.nmbjumbo9=69000\nkern.timecounter.hardware=HPET\nsecurity.bsd.see_other_uids=0\nsecurity.bsd.see_other_gids=0\nnet.inet.ip.sourceroute=0\nnet.inet.ip.accept_sourceroute=0\nnet.inet.carp.log=0\nnet.inet.ip.forwarding=1\nnet.inet6.ip6.forwarding=1\nnet.inet.ip.fastforwarding=1\nnet.inet.ip.fw.verbose_limit=0\nkern.ipc.somaxconn=8192\nkern.maxfilesperproc=57636\nnet.inet.tcp.delayed_ack=0\nnet.inet.tcp.sendspace=65535\nnet.inet.udp.recvspace=65535\nnet.inet.udp.maxdgram=57344\nnet.local.stream.recvspace=65535\nnet.local.stream.sendspace=65535\nkern.ipc.shmmax=2147483648\nkern.maxfiles=204800\nkern.maxfilesperproc=200000\nkern.maxvnodes=200000\nnet.inet.tcp.rfc1323=1\nnet.inet.ip.portrange.first=1024\nnet.inet.ip.portrange.last=65535\nnet.inet.ip.ttl=128\nnet.inet.tcp.maxtcptw=200000\nnet.inet.tcp.fast_finwait2_recycle=1\nnet.inet.tcp.msl=5000\nnet.inet.ip.dummynet.io_fast=1\nnet.inet.udp.blackhole=1\nnet.inet.tcp.blackhole=2\nnet.inet.icmp.maskrepl=0\nnet.inet.icmp.drop_redirect=1\nnet.inet.icmp.log_redirect=1\nnet.inet.tcp.drop_synfin=1\nnet.inet.tcp.log_in_vain=1\nnet.inet.udp.log_in_vain=1\nnet.inet.tcp.icmp_may_rst=0\nnet.inet.icmp.icmplim=50\nnet.inet.ip.redirect=0\nnet.inet6.ip6.redirect=0\nnet.inet.icmp.bmcastecho=0\nkern.polling.burst_max=1000\nkern.polling.each_burst=1000\nkern.polling.reg_frac=100\nkern.polling.user_frac=1\nkern.polling.idle_poll=0\nnet.link.ether.inet.max_age=14400\nnet.inet6.icmp6.rediraccept=0\nnet.inet6.ip6.accept_rtadv=0\n\n# ifconfig\nigb0: flags=8843\u003cUP,BROADCAST,RUNNING,SIMPLEX,MULTICAST\u003e metric 0 mtu 1500\n        options=101bb\u003cRXCSUM,TXCSUM,VLAN_MTU,VLAN_HWTAGGING,JUMBO_MTU,VLAN_HWCSUM,TSO4,VLAN_HWFILTER\u003e\n        ether 00:1b:21:42:87:e0\n        media: Ethernet 1000baseT \u003cfull-duplex\u003e\n        status: active\nigb1: flags=8843\u003cUP,BROADCAST,RUNNING,SIMPLEX,MULTICAST\u003e metric 0 mtu 1500\n        options=101bb\u003cRXCSUM,TXCSUM,VLAN_MTU,VLAN_HWTAGGING,JUMBO_MTU,VLAN_HWCSUM,TSO4,VLAN_HWFILTER\u003e\n        ether 00:1b:21:42:87:e1\n        inet 172.16.x.x netmask 0xffffff00 broadcast 172.16.x.x\n        media: Ethernet 1000baseT \u003cfull-duplex\u003e\n        status: active\nigb2: flags=8843\u003cUP,BROADCAST,RUNNING,SIMPLEX,MULTICAST\u003e metric 0 mtu 1500\n        options=101bb\u003cRXCSUM,TXCSUM,VLAN_MTU,VLAN_HWTAGGING,JUMBO_MTU,VLAN_HWCSUM,TSO4,VLAN_HWFILTER\u003e\n        ether 00:1b:21:42:87:e4\n        media: Ethernet 1000baseT \u003cfull-duplex\u003e (autoselect)\n        status: no carrier\nigb3: flags=8843\u003cUP,BROADCAST,RUNNING,SIMPLEX,MULTICAST\u003e metric 0 mtu 1500\n        options=101bb\u003cRXCSUM,TXCSUM,VLAN_MTU,VLAN_HWTAGGING,JUMBO_MTU,VLAN_HWCSUM,TSO4,VLAN_HWFILTER\u003e\n        ether 00:1b:21:42:87:e5\n        media: Ethernet 1000baseT \u003cfull-duplex\u003e (autoselect)\n        status: no carrier\nbce0: flags=8843\u003cUP,BROADCAST,RUNNING,SIMPLEX,MULTICAST\u003e metric 0 mtu 1500\n        options=c01bb\u003cRXCSUM,TXCSUM,VLAN_MTU,VLAN_HWTAGGING,JUMBO_MTU,VLAN_HWCSUM,TSO4,VLAN_HWTSO,LINKSTATE\u003e\n        ether 00:26:b9:7f:d4:26\n        inet 187.x.y.1 netmask 0xfffffffc broadcast 187.x.y.3\n        media: Ethernet 1000baseT \u003cfull-duplex,master\u003e\n        status: active\nbce1: flags=8843\u003cUP,BROADCAST,RUNNING,SIMPLEX,MULTICAST\u003e metric 0 mtu 1500\n        options=c01bb\u003cRXCSUM,TXCSUM,VLAN_MTU,VLAN_HWTAGGING,JUMBO_MTU,VLAN_HWCSUM,TSO4,VLAN_HWTSO,LINKSTATE\u003e\n        ether 00:26:b9:7f:d4:27\n        media: Ethernet 1000baseT \u003cfull-duplex\u003e (none)\n        status: no carrier\nipfw0: flags=8801\u003cUP,SIMPLEX,MULTICAST\u003e metric 0 mtu 65536\nlo0: flags=8049\u003cUP,LOOPBACK,RUNNING,MULTICAST\u003e metric 0 mtu 16384\n        options=3\u003cRXCSUM,TXCSUM\u003e\n        inet6 fe80::1%lo0 prefixlen 64 scopeid 0x8\n        inet6 ::1 prefixlen 128\n        inet 127.0.0.1 netmask 0xff000000\n        nd6 options=3\u003cPERFORMNUD,ACCEPT_RTADV\u003e\nenc0: flags=0\u003c\u003e metric 0 mtu 1536\nlo10: flags=8049\u003cUP,LOOPBACK,RUNNING,MULTICAST\u003e metric 0 mtu 16384\n        options=3\u003cRXCSUM,TXCSUM\u003e\n        inet 187.x.x.254 netmask 0xffffffff\nlo20: flags=8049\u003cUP,LOOPBACK,RUNNING,MULTICAST\u003e metric 0 mtu 16384\n        options=3\u003cRXCSUM,TXCSUM\u003e\n        inet 187.x.x.21 netmask 0xffffffff\nlo30: flags=8049\u003cUP,LOOPBACK,RUNNING,MULTICAST\u003e metric 0 mtu 16384\n        options=3\u003cRXCSUM,TXCSUM\u003e\n        inet 187.x.x.1 netmask 0xffffffff\ndisc10: flags=8049\u003cUP,LOOPBACK,RUNNING,MULTICAST\u003e metric 0 mtu 65532\n        inet 192.0.2.1 netmask 0xffffffff\n        inet6 2001:db8:0:dead:beef::1 prefixlen 128\n        nd6 options=3\u003cPERFORMNUD,ACCEPT_RTADV\u003e\nigb0.2000: flags=8843\u003cUP,BROADCAST,RUNNING,SIMPLEX,MULTICAST\u003e metric 0 mtu 1500\n        options=3\u003cRXCSUM,TXCSUM\u003e\n        ether 00:1b:21:xx:xx:xx\n        inet 18x.x.x.x netmask 0xfffffffc broadcast 18x.x.x.x\n        media: Ethernet 1000baseT \u003cfull-duplex\u003e\n        status: active\n        vlan: 2000 parent interface: igb0\n\nHow-To-Repeat: Quagga on R1:\n\nrouter bgp 65501\n no synchronization\n no bgp fast-external-failover\n bgp router-id 187.x.x.254\n bgp log-neighbor-changes\n no bgp default ipv4-unicast\n bgp deterministic-med\n bgp graceful-restart\n bgp network import-check\n network 187.x.y.0 mask 255.255.254.0\n neighbor 187.x.z.2 remote-as 65501\n neighbor 187.x.z.2 activate\n neighbor 187.x.z.2 next-hop-self\n no auto-summary\n\nIn the another machine:\n1) http://code.google.com/p/bgpsimple/wiki/README (using data from rcc00)\n2) Execute bgpsimple:\n # ./bgp_simple.pl -myas 65501 -myip 187.x.y.2 -peeras 65501 -peerip 187.x.y.1 -p myroutes -n -v\n3) When bgpsimple terminates, this is the output:\n Full update sent.\n Error occured: type [Hold Timer Expired]\n Connection reset with peer 187.x.y.1, AS 65501.\n Error occured: type [Cease]\n Error occured: type [Cease]"
}