{
 "id": 412849,
 "bug_id": 116939,
 "attachment_id": 0,
 "creation_time": "2007-10-04T23:30:08Z",
 "creator": "don@siad.net",
 "text": "PCI-to-PCI bridge for bus three seems to be misconfigured so devices on bus\n3 are not found.\nThis did work back in march 2007.\n\nIS:\npcib3:   no prefetched decode\nSHOUD BE:\npcib3:   prefetched decode 0xfff00000-0xfffff\n\nMaybe caused by following errors?\nacpi0: reservation of 0, a0000 (3) failed\nacpi0: reservation of 100000, 7f00000 (3) failed\n\n\nCopyright (c) 1992-2007 The FreeBSD Project.\nCopyright (c) 1979, 1980, 1983, 1986, 1988, 1989, 1991, 1992, 1993, 1994\n        The Regents of the University of California. All rights reserved.\nFreeBSD is a registered trademark of The FreeBSD Foundation.\nFreeBSD 7.0-CURRENT #16: Mon Sep 17 08:23:28 PDT 2007\n    don@satellite.siad.net:/usr/obj/usr/home/don/FreeBSD7/src/sys/DEBUG\nPreloaded elf kernel \"/boot/kernel/kernel\" at 0xc08a5000.\nPreloaded elf module \"/boot/kernel/if_sl.ko\" at 0xc08a5180.\nPreloaded elf module \"/boot/kernel/if_fxp.ko\" at 0xc08a522c.\nPreloaded elf module \"/boot/kernel/miibus.ko\" at 0xc08a52d8.\nPreloaded acpi_dsdt \"/boot/DSDT.aml\" at 0xc08a5384.\nP\nreloaded elf module \"/boot/kernel/acpi.ko\" at 0xc08a53c8.\nCalibrating clock(s) ... i8254 clock: 1193161 Hz\nCLK_USE_I8254_CALIBRATION not specified - using default frequency\nTimecounter \"i8254\" frequency 1193182 Hz quality 0\nCalibrating TSC clock ... TSC clock: 546512822 Hz\nCPU: Intel Pentium III (546.51-MHz 686-class CPU)\n  Origin = \"GenuineIntel\"  Id = 0x686  Stepping = 6\n  Features=0x383f9ff\u003cFPU,VME,DE,PSE,TSC,MSR,PAE,MCE,CX8,SEP,MTRR,PGE,MCA,CMOV,PAT,PSE36,MMX,FXSR,SSE\u003e\n\nInstruction TLB: 4 KB pages, 4-way set associative, 32 entries\nInstruction TLB: 4 MB pages, fully associative, 2 entries\nData TLB: 4 KB pages, 4-way set associative, 64 entries\n2nd-level cache: 256 KB, 8-way set associative, 32 byte line size\n1st-level instruction cache: 16 KB, 4-way set associative, 32 byte line size\nData TLB: 4 MB Pages, 4-way set associative, 8 entries\n1st-level data cache: 16 KB, 4-way set associative, 32 byte line size\nreal memory  = 133627904 (127 MB)\nPhysical memory chunk(s):\n0x0000000000001000 - 0x000000000009efff, 647168 bytes (158 pages)\n0x0000000000100000 - 0x00000000003fffff, 3145728 bytes (768 pages)\n0x0000000000c28000 - 0x0000000007cf0fff, 118263808 bytes (28873 pages)\navail memory = 120991744 (115 MB)\nbios32: Found BIOS32 Service Directory header at 0xc00f6b60\nbios32: Entry = 0xfd88d (c00fd88d)  Rev = 0  Len = 1\npcibios: PCI BIOS entry at 0xfd7d0+0x2b6\npnpbios: Found PnP BIOS data at 0xc00f6b90\npnpbios: Entry = f0000:ab11  Rev = 1.0\npnpbios: Event flag at 4b4\nOther BIOS signatures found:\nULE: setup cpu group 0\nULE: setup cpu 0\nULE: adding cpu 0 to group 0: cpus 1 mask 0x1\nrandom: \u003centropy source, Software, Yarrow\u003e\nmem: \u003cmemory\u003e\nPentium Pro MTRR support enabled\nnull: \u003cnull device, zero device\u003e\nio: \u003cI/O\u003e\nnfslock: pseudo-device\nACPI: RSDP @ 0x0xf6b40/0x0014 (v  0 PTLTD )\nACPI: RSDT @ 0x0x7f7767a/0x002C (v  1 GATEWA SOLO9500 0x20011114  LTP 0x00000000)\nACPI: FACP @ 0x0x7f7fb64/0x0074 (v  1 GATEWA SOLO9500 0x20011114 LOHR 0x00000001)\nACPI: DSDT @ 0x0x7f776a6/0x84BE (v  1 GATEWA SOLO9500 0x20011114 MSFT 0x0100000B)\nACPI: FACS @ 0x0x7f7ffc0/0x0040\nACPI: BOOT @ 0x0x7f7fbd8/0x0028 (v  1 GATEWA SOLO9500 0x20011114  LTP 0x00000001)\nnpx0: INT 16 interface\nacpi0: \u003cGATEWA SOLO9500\u003e on motherboard\nACPI: Table DSDT replaced by host OS\nACPI: DSDT @ 0x0/0x7831 (v  1 GATEWA SOLO9500 0x20011114 INTL 0x20041119)\nacpi0: [MPSAFE]\nacpi0: [ITHREAD]\npci_open(1):    mode 1 addr port (0x0cf8) is 0x8000f904\npci_open(1a):   mode1res=0x80000000 (0x80000000)\npci_cfgcheck:   device 0 [class=060000] [hdr=00] is there (id=11308086)\npcibios: BIOS version 2.10\nAcpiOsDerivePciId: \\\\_SB_.PCI0.HUB_.DCK0.PCI_ -\u003e bus 2 dev 12 func 0\nacpi0: Power Button (fixed)\nacpi0: wakeup code va 0xc3d46000 pa 0x1000\natpic: Programming IRQ9 as level/low\nAcpiOsDerivePciId: \\\\_SB_.PCI0.REGS -\u003e bus 0 dev 0 func 0\nAcpiOsDerivePciId: \\\\_SB_.PCI0.IDE_.PCI_ -\u003e bus 0 dev 31 func 1\nAcpiOsDerivePciId: \\\\_SB_.PCI0.LPC0.REGS -\u003e bus 0 dev 31 func 0\nAcpiOsDerivePciId: \\\\_SB_.PCI0.LPC0.PIRX -\u003e bus 0 dev 31 func 0\nAcpiOsDerivePciId: \\\\_SB_.PCI0.LPC0.PIRY -\u003e bus 0 dev 31 func 0\nacpi0: reservation of 0, a0000 (3) failed\nacpi0: reservation of 100000, 7f00000 (3) failed\nACPI timer: 1/1 1/0 1/0 1/0 1/0 1/1 1/0 1/0 1/0 1/0 -\u003e 10\nTimecounter \"ACPI-fast\" frequency 3579545 Hz quality 1000\nacpi_timer0: \u003c24-bit timer at 3.579545MHz\u003e port 0x1008-0x100b on acpi0\nacpi_ec0: \u003cEmbedded Controller: GPE 0x1c\u003e port 0x62,0x66 on acpi0\npci_link0:        Index  IRQ  Rtd  Ref  IRQs\n  Initial Probe       0   10   N     0  10\n  Validation          0   10   N     0  10\n  After Disable       0  255   N     0  10\npci_link1:        Index  IRQ  Rtd  Ref  IRQs\n  Initial Probe       0   10   N     0  10\n  Validation          0   10   N     0  10\n  After Disable       0  255   N     0  10\npci_link2:        Index  IRQ  Rtd  Ref  IRQs\n  Initial Probe       0    5   N     0  5\n  Validation          0    5   N     0  5\n  After Disable       0  255   N     0  5\npci_link3:        Index  IRQ  Rtd  Ref  IRQs\n  Initial Probe       0    5   N     0  5\n  Validation          0    5   N     0  5\n  After Disable       0  255   N     0  5\npci_link4:        Index  IRQ  Rtd  Ref  IRQs\n  Initial Probe       0  255   N     0  10\n  Validation          0  255   N     0  10\n  After Disable       0  255   N     0  10\npci_link5:        Index  IRQ  Rtd  Ref  IRQs\n  Initial Probe       0  255   N     0  10\n  Validation          0  255   N     0  10\n  After Disable       0  255   N     0  10\npci_link6:        Index  IRQ  Rtd  Ref  IRQs\n  Initial Probe       0  255   N     0  10\n  Validation          0  255   N     0  10\n  After Disable       0  255   N     0  10\npci_link7:        Index  IRQ  Rtd  Ref  IRQs\n  Initial Probe       0    5   N     0  5\n  Validation          0    5   N     0  5\n  After Disable       0  255   N     0  5\ncpu0: \u003cACPI CPU\u003e on acpi0\ncpu0: switching to generic Cx mode\nacpi_throttle0: \u003cACPI CPU Throttling\u003e on cpu0\nacpi_throttle0: failed to attach P_CNT\ndevice_attach: acpi_throttle0 attach returned 6\npcib0: \u003cACPI Host-PCI bridge\u003e port 0xcf8-0xcff on acpi0\nACPI: Found matching pin for 0.31.INTB at func 3: 10\nACPI: Found matching pin for 0.31.INTC at func 4: 5\nACPI: Found matching pin for 0.31.INTD at func 2: 5\npci0: \u003cACPI PCI bus\u003e on pcib0\npci0: physical bus=0\nfound-\u003e vendor=0x8086, dev=0x1130, revid=0x11\n        bus=0, slot=0, func=0\n        class=06-00-00, hdrtype=0x00, mfdev=0\n        cmdreg=0x0106, statreg=0x2090, cachelnsz=0 (dwords)\n        lattimer=0x00 (0 ns), mingnt=0x00 (0 ns), maxlat=0x00 (0 ns)\n        map[10]: type Prefetchable Memory, range 32, base 0xf4000000, size 26, enabled\nfound-\u003e vendor=0x8086, dev=0x1131, revid=0x11\n        bus=0, slot=1, func=0\n        class=06-04-00, hdrtype=0x01, mfdev=0\n        cmdreg=0x0007, statreg=0x0020, cachelnsz=0 (dwords)\n        lattimer=0x30 (1440 ns), mingnt=0x0c (3000 ns), maxlat=0x00 (0 ns)\nfound-\u003e vendor=0x8086, dev=0x2448, revid=0x03\n        bus=0, slot=30, func=0\n        class=06-04-00, hdrtype=0x01, mfdev=0\n        cmdreg=0x0007, statreg=0x0080, cachelnsz=0 (dwords)\n        lattimer=0x00 (0 ns), mingnt=0x04 (1000 ns), maxlat=0x00 (0 ns)\nfound-\u003e vendor=0x8086, dev=0x244c, revid=0x03\n        bus=0, slot=31, func=0\n        class=06-01-00, hdrtype=0x00, mfdev=1\n        cmdreg=0x000f, statreg=0x0280, cachelnsz=0 (dwords)\n        lattimer=0x00 (0 ns), mingnt=0x00 (0 ns), maxlat=0x00 (0 ns)\nfound-\u003e vendor=0x8086, dev=0x244a, revid=0x03\n        bus=0, slot=31, func=1\n        class=01-01-80, hdrtype=0x00, mfdev=0\n        cmdreg=0x0005, statreg=0x0280, cachelnsz=0 (dwords)\n        lattimer=0x00 (0 ns), mingnt=0x00 (0 ns), maxlat=0x00 (0 ns)\n        map[20]: type I/O Port, range 32, base 0x1800, size  4, enabled\nfound-\u003e vendor=0x8086, dev=0x2442, revid=0x03\n        bus=0, slot=31, func=2\n        class=0c-03-00, hdrtype=0x00, mfdev=0\n        cmdreg=0x0005, statreg=0x0280, cachelnsz=0 (dwords)\n        lattimer=0x00 (0 ns), mingnt=0x00 (0 ns), maxlat=0x00 (0 ns)\n        intpin=d, irq=5\n        map[20]: type I/O Port, range 32, base 0x1820, size  5, enabled\npcib0: matched entry for 0.31.INTD (src \\\\_SB_.PCI0.LPC0.LNKD:0)\npcib0: slot 31 INTD routed to irq 5 via \\\\_SB_.PCI0.LPC0.LNKD\nfound-\u003e vendor=0x8086, dev=0x2443, revid=0x03\n        bus=0, slot=31, func=3\n        class=0c-05-00, hdrtype=0x00, mfdev=0\n        cmdreg=0x0001, statreg=0x0280, cachelnsz=0 (dwords)\n        lattimer=0x00 (0 ns), mingnt=0x00 (0 ns), maxlat=0x00 (0 ns)\n        intpin=b, irq=10\n        map[20]: type I/O Port, range 32, base 0x1810, size  4, enabled\npcib0: matched entry for 0.31.INTB (src \\\\_SB_.PCI0.LPC0.LNKB:0)\npcib0: slot 31 INTB routed to irq 10 via \\\\_SB_.PCI0.LPC0.LNKB\nfound-\u003e vendor=0x8086, dev=0x2444, revid=0x03\n        bus=0, slot=31, func=4\n        class=0c-03-00, hdrtype=0x00, mfdev=0\n        cmdreg=0x0005, statreg=0x0280, cachelnsz=0 (dwords)\n        lattimer=0x00 (0 ns), mingnt=0x00 (0 ns), maxlat=0x00 (0 ns)\n        intpin=c, irq=5\n        map[20]: type I/O Port, range 32, base 0x1840, size  5, enabled\npcib0: matched entry for 0.31.INTC (src \\\\_SB_.PCI0.LPC0.LNKH:0)\npcib0: slot 31 INTC routed to irq 5 via \\\\_SB_.PCI0.LPC0.LNKH\npcib1: \u003cPCI-PCI bridge\u003e at device 1.0 on pci0\npcib1:   secondary bus     1\npcib1:   subordinate bus   1\npcib1:   I/O decode        0x2000-0x2fff\npcib1:   memory decode     0xf0000000-0xf00fffff\npcib1:   prefetched decode 0xf8000000-0xfbffffff\npci1: \u003cPCI bus\u003e on pcib1\npci1: physical bus=1\nfound-\u003e vendor=0x1002, dev=0x4d46, revid=0x00\n        bus=1, slot=0, func=0\n        class=03-00-00, hdrtype=0x00, mfdev=0\n        cmdreg=0x0083, statreg=0x02b0, cachelnsz=8 (dwords)\n        lattimer=0x42 (1980 ns), mingnt=0x08 (2000 ns), maxlat=0x00 (0 ns)\n        intpin=a, irq=10\n        powerspec 2  supports D0 D1 D2 D3  current D0\n        map[10]: type Prefetchable Memory, range 32, base 0xf8000000, size 26, enabled\npcib1: requested memory range 0xf8000000-0xfbffffff: good\n        map[14]: type I/O Port, range 32, base 0x2000, size  8, enabled\npcib1: requested I/O range 0x2000-0x20ff: in range\n        map[18]: type Memory, range 32, base 0xf0000000, size 14, enabled\npcib1: requested memory range 0xf0000000-0xf0003fff: good\npcib0: matched entry for 0.1.INTA (src \\\\_SB_.PCI0.LPC0.LNKB:0)\npcib0: slot 1 INTA routed to irq 10 via \\\\_SB_.PCI0.LPC0.LNKB\npcib1: slot 0 INTA is routed to irq 10\nvgapci0: \u003cVGA-compatible display\u003e port 0x2000-0x20ff mem 0xf8000000-0xfbffffff,0xf0000000-0xf0003fff irq 10 at device 0.0 on pci1\npcib2: \u003cACPI PCI-PCI bridge\u003e at device 30.0 on pci0\npcib2:   secondary bus     2\npcib2:   subordinate bus   3\npcib2:   I/O decode        0x3000-0x5fff\npcib2:   memory decode     0xf0100000-0xf07fffff\npcib2:   no prefetched decode\npcib2:   Subtractively decoded bridge.\nACPI: Found matching pin for 2.2.INTA at func 0: 10\nACPI: Found matching pin for 2.8.INTA at func 0: 5\npci2: \u003cACPI PCI bus\u003e on pcib2\npci2: physical bus=2\nfound-\u003e vendor=0x104c, dev=0xac51, revid=0x00\n        bus=2, slot=2, func=0\n        class=06-07-00, hdrtype=0x02, mfdev=1\n        cmdreg=0x0007, statreg=0x0210, cachelnsz=8 (dwords)\n        lattimer=0x40 (1920 ns), mingnt=0x40 (16000 ns), maxlat=0x03 (750 ns)\n        intpin=a, irq=10\n        powerspec 1  supports D0 D1 D2 D3  current D0\n        map[10]: type Memory, range 32, base 0, size 12, enabled\npcib2: matched entry for 2.2.INTA (src \\\\_SB_.PCI0.LPC0.LNKA:0)\npcib2: slot 2 INTA routed to irq 10 via \\\\_SB_.PCI0.LPC0.LNKA\nfound-\u003e vendor=0x104c, dev=0xac51, revid=0x00\n        bus=2, slot=2, func=1\n        class=06-07-00, hdrtype=0x02, mfdev=1\n        cmdreg=0x0007, statreg=0x0210, cachelnsz=8 (dwords)\n        lattimer=0x40 (1920 ns), mingnt=0x40 (16000 ns), maxlat=0x03 (750 ns)\n        intpin=a, irq=10\n        powerspec 1  supports D0 D1 D2 D3  current D0\n        map[10]: type Memory, range 32, base 0, size 12, enabled\npcib2: matched entry for 2.2.INTA (src \\\\_SB_.PCI0.LPC0.LNKA:0)\npcib2: slot 2 INTA routed to irq 10 via \\\\_SB_.PCI0.LPC0.LNKA\nfound-\u003e vendor=0x1668, dev=0x0100, revid=0x11\n        bus=2, slot=6, func=0\n        class=06-04-00, hdrtype=0x01, mfdev=0\n        cmdreg=0x0007, statreg=0x0290, cachelnsz=8 (dwords)\n        lattimer=0x30 (1440 ns), mingnt=0x04 (1000 ns), maxlat=0x00 (0 ns)\n        powerspec 2  supports D0 D1 D2 D3  current D0\nfound-\u003e vendor=0x125d, dev=0x1988, revid=0x12\n        bus=2, slot=8, func=0\n        class=04-01-00, hdrtype=0x00, mfdev=0\n        cmdreg=0x0001, statreg=0x0290, cachelnsz=0 (dwords)\n        lattimer=0x30 (1440 ns), mingnt=0x02 (500 ns), maxlat=0x18 (6000 ns)\n        intpin=a, irq=5\n        powerspec 2  supports D0 D1 D2 D3  current D0\n        map[10]: type I/O Port, range 32, base 0x4000, size  8, enabled\npcib2: requested I/O range 0x4000-0x40ff: in range\npcib2: matched entry for 2.8.INTA (src \\\\_SB_.PCI0.LPC0.LNKC:0)\npcib2: slot 8 INTA routed to irq 5 via \\\\_SB_.PCI0.LPC0.LNKC\ncbb0: \u003cTI1420 PCI-CardBus Bridge\u003e irq 10 at device 2.0 on pci2\npcib2: cbb0 requested memory range 0xf0100000-0xf07fffff: good\ncbb0: Lazy allocation of 0x1000 bytes rid 0x10 type 3 at 0xf0100000\ncardbus0: \u003cCardBus bus\u003e on cbb0\npccard0: \u003c16-bit PCCard bus\u003e on cbb0\ncbb0: [MPSAFE]\ncbb0: [ITHREAD]\ncbb0: PCI Configuration space:\n  0x00: 0xac51104c 0x02100007 0x06070000 0x00824008\n  0x10: 0xf0100000 0x020000a0 0x20040302 0xfffff000\n  0x20: 0x00000000 0xfffff000 0x00000000 0xfffffffc\n  0x30: 0x00000000 0xfffffffc 0x00000000 0x0740010a\n  0x40: 0x9500107b 0x00000001 0x00000000 0x00000000\n  0x50: 0x00000000 0x00000000 0x00000000 0x00000000\n  0x60: 0x00000000 0x00000000 0x00000000 0x00000000\n  0x70: 0x00000000 0x00000000 0x00000000 0x00000000\n  0x80: 0x20449060 0x00000000 0x00000000 0x012c1262\n  0x90: 0x606682c0 0x00000000 0x00000000 0x00000000\n  0xa0: 0xfe110001 0x00c00000 0x00000002 0x0000001d\n  0xb0: 0x00000000 0x00000000 0x00000000 0x00000000\n  0xc0: 0x00000000 0x00000000 0x00000000 0x00000000\n  0xd0: 0x00000000 0x00000000 0x00000000 0x00000000\n  0xe0: 0x00000000 0x00000000 0x00000000 0x00000000\n  0xf0: 0x00000000 0x00000000 0x00000000 0x00000000\ncbb1: \u003cTI1420 PCI-CardBus Bridge\u003e irq 10 at device 2.1 on pci2\npcib2: cbb1 requested memory range 0xf0100000-0xf07fffff: good\ncbb1: Lazy allocation of 0x1000 bytes rid 0x10 type 3 at 0xf0101000\ncardbus1: \u003cCardBus bus\u003e on cbb1\npccard1: \u003c16-bit PCCard bus\u003e on cbb1\ncbb1: [MPSAFE]\ncbb1: [ITHREAD]\ncbb1: PCI Configuration space:\n  0x00: 0xac51104c 0x02100007 0x06070000 0x00824008\n  0x10: 0xf0101000 0x020000a0 0x20060502 0xfffff000\n  0x20: 0x00000000 0xfffff000 0x00000000 0xfffffffc\n  0x30: 0x00000000 0xfffffffc 0x00000000 0x0740010a\n  0x40: 0x9500107b 0x00000001 0x00000000 0x00000000\n  0x50: 0x00000000 0x00000000 0x00000000 0x00000000\n  0x60: 0x00000000 0x00000000 0x00000000 0x00000000\n  0x70: 0x00000000 0x00000000 0x00000000 0x00000000\n  0x80: 0x20449060 0x00000000 0x00000000 0x012c1262\n  0x90: 0x606682c0 0x00000000 0x00000000 0x00000000\n  0xa0: 0xfe110001 0x00c00000 0x00000002 0x0000001d\n  0xb0: 0x00000000 0x00000000 0x00000000 0x00000000\n  0xc0: 0x00000000 0x00000000 0x00000000 0x00000000\n  0xd0: 0x00000000 0x00000000 0x00000000 0x00000000\n  0xe0: 0x00000000 0x00000000 0x00000000 0x00000000\n  0xf0: 0x00000000 0x00000000 0x00000000 0x00000000\npcib3: \u003cACPI PCI-PCI bridge\u003e at device 6.0 on pci2\npcib3:   secondary bus     3\npcib3:   subordinate bus   3\npcib3:   I/O decode        0x3000-0x3fff\npcib3:   memory decode     0xf0600000-0xf07fffff\npcib3:   no prefetched decode\npci3: \u003cACPI PCI bus\u003e on pcib3\npci3: physical bus=3\npci2: \u003cmultimedia, audio\u003e at device 8.0 (no driver attached)\nisab0: \u003cPCI-ISA bridge\u003e at device 31.0 on pci0\nisa0: \u003cISA bus\u003e on isab0\natapci0: \u003cIntel ICH2 UDMA100 controller\u003e port 0x1f0-0x1f7,0x3f6,0x170-0x177,0x376,0x1800-0x180f at device 31.1 on pci0\natapci0: Reserved 0x10 bytes for rid 0x20 type 4 at 0x1800\nata0: \u003cATA channel 0\u003e on atapci0\natapci0: Reserved 0x8 bytes for rid 0x10 type 4 at 0x1f0\natapci0: Reserved 0x1 bytes for rid 0x14 type 4 at 0x3f6\nata0: reset tp1 mask=03 ostat0=50 ostat1=00\nata0: stat0=0xd0 err=0xd0 lsb=0xd0 msb=0xd0\nata0: stat0=0xd0 err=0xd0 lsb=0xd0 msb=0xd0\nata0: stat0=0xd0 err=0xd0 lsb=0xd0 msb=0xd0\nata0: stat0=0xd0 err=0xd0 lsb=0xd0 msb=0xd0\nata0: stat0=0xd0 err=0xd0 lsb=0xd0 msb=0xd0\nata0: stat0=0xd0 err=0xd0 lsb=0xd0 msb=0xd0\nata0: stat0=0xd0 err=0xd0 lsb=0xd0 msb=0xd0\nata0: stat0=0x50 err=0x01 lsb=0x00 msb=0x00\nata0: stat1=0x00 err=0x01 lsb=0x00 msb=0x00\nata0: reset tp2 stat0=50 stat1=00 devices=0x1\u003cATA_MASTER\u003e\nata0: [MPSAFE]\nata0: [ITHREAD]\nata1: \u003cATA channel 1\u003e on atapci0\natapci0: Reserved 0x8 bytes for rid 0x18 type 4 at 0x170\natapci0: Reserved 0x1 bytes for rid 0x1c type 4 at 0x376\nata1: reset tp1 mask=03 ostat0=50 ostat1=00\nata1: stat0=0x00 err=0x01 lsb=0x14 msb=0xeb\nata1: stat1=0x00 err=0x00 lsb=0x00 msb=0x00\nata1: reset tp2 stat0=00 stat1=00 devices=0x4\u003cATAPI_MASTER\u003e\nata1: [MPSAFE]\nata1: [ITHREAD]\npci0: \u003cserial bus, USB\u003e at device 31.2 (no driver attached)\npci0: \u003cserial bus, SMBus\u003e at device 31.3 (no driver attached)\npci0: \u003cserial bus, USB\u003e at device 31.4 (no driver attached)\nacpi_acad0: \u003cAC Adapter\u003e on acpi0\nbattery0: \u003cACPI Control Method Battery\u003e on acpi0\nbattery1: \u003cACPI Control Method Battery\u003e on acpi0\nacpi_lid0: \u003cControl Method Lid Switch\u003e on acpi0\nacpi_button0: \u003cSleep Button\u003e on acpi0\nacpi_tz0: \u003cThermal Zone\u003e on acpi0\natkbdc0: \u003cKeyboard controller (i8042)\u003e port 0x60,0x64 irq 1 on acpi0\natkbd0: \u003cAT Keyboard\u003e irq 1 on atkbdc0\natkbd: the current kbd controller command byte 0047\natkbd: keyboard ID 0x41ab (2)\nkbd0 at atkbd0\nkbd0: atkbd0, AT 101/102 (2), config:0x0, flags:0x3d0000\natkbd0: [GIANT-LOCKED]\natkbd0: [ITHREAD]\npsm0: unable to allocate IRQ\npsmcpnp0: \u003cPS/2 mouse port\u003e irq 12 on acpi0\npsm0: current command byte:0047\npsm0: \u003cPS/2 Mouse\u003e irq 12 on atkbdc0\npsm0: [GIANT-LOCKED]\npsm0: [ITHREAD]\npsm0: model Generic PS/2 mouse, device ID 0-00, 2 buttons\npsm0: config:00000000, flags:00000008, packet size:3\npsm0: syncmask:c0, syncbits:00\nfdc0: \u003cfloppy drive controller (FDE)\u003e port 0x3f0-0x3f5,0x3f7 irq 6 drq 2 on acpi0\nfdc0: ic_type 90 part_id 73\nfdc0: [FILTER]\nsio0: irq maps: 0x1 0x11 0x1 0x1\nsio0: irq maps: 0x1 0x11 0x1 0x1\nsio0: \u003c16550A-compatible COM port\u003e port 0x3f8-0x3ff irq 4 flags 0x90 on acpi0\nsio0: type 16550A\nsio0: [FILTER]\nata: ata0 already exists; skipping it\nata: ata1 already exists; skipping it\natkbdc: atkbdc0 already exists; skipping it\nfdc: fdc0 already exists; skipping it\nsio: sio0 already exists; skipping it\npnp_identify: Trying Read_Port at 203\npnp_identify: Trying Read_Port at 243\npnp_identify: Trying Read_Port at 283\npnp_identify: Trying Read_Port at 2c3\npnp_identify: Trying Read_Port at 303\npnp_identify: Trying Read_Port at 343\npnp_identify: Trying Read_Port at 383\npnp_identify: Trying Read_Port at 3c3\nPNP Identify complete\nsc: sc0 already exists; skipping it\nvga: vga0 already exists; skipping it\nisa_probe_children: disabling PnP devices\nisa_probe_children: probing non-PnP devices\npmtimer0 on isa0\norm0: \u003cISA Option ROM\u003e at iomem 0xc0000-0xcefff pnpid ORM0000 on isa0\nadv0: not probed (disabled)\naha0: not probed (disabled)\naic0: not probed (disabled)\nbt0: not probed (disabled)\ncs0: not probed (disabled)\ned0: not probed (disabled)\nfe0: not probed (disabled)\nie0: not probed (disabled)\nle0: not probed (disabled)\nppc0 failed to probe at irq 7 on isa0\nsc0: \u003cSystem console\u003e at flags 0x100 on isa0\nsc0: VGA \u003c16 virtual consoles, flags=0x300\u003e\nsc0: fb0, kbd0, terminal emulator: sc (syscons terminal)\nsio1: configured irq 3 not in bitmap of probed irqs 0\nsio1: port may not be enabled\nsio1: irq maps: 0x1 0x1 0x1 0x1\nsio1: probe failed test(s): 0 1 2 4 6 7 9\nsio1 failed to probe at port 0x2f8-0x2ff irq 3 on isa0\nsio2: not probed (disabled)\nsio3: not probed (disabled)\nsn0: not probed (disabled)\nvga0: \u003cGeneric ISA VGA\u003e at port 0x3c0-0x3df iomem 0xa0000-0xbffff on isa0\nvt0: not probed (disabled)\nisa_probe_children: probing PnP devices\nDevice configuration finished.\nprocfs registered\nTimecounter \"TSC\" frequency 546512822 Hz quality 800\nTimecounters tick every 1.000 msec\nlo0: bpf attached\nfdc0: output ready timeout\nfdc0: output ready timeout\nfdc0: output ready timeout\nfdc0: output ready timeout\nfdc0: output ready timeout\nfdc0: output ready timeout\nfdc0: output ready timeout\nacpi_acad0: acline initialization start\nbattery0: battery initialization start\nacpi_acad0: On Line\nacpi_acad0: acline initialization done, tried 1 times\nbattery1: battery initialization start\nata0-master: pio=PIO4 wdma=WDMA2 udma=UDMA66 cable=80 wire\nad0: setting PIO4 on ICH2 chip\nad0: setting UDMA66 on ICH2 chip\nad0: 19077MB \u003cTOSHIBA MK2016GAP U0.30 A\u003e at ata0-master UDMA66\nad0: 39070080 sectors [38760C/16H/63S] 16 sectors/interrupt 1 depth queue\nGEOM: new disk ad0\nbattery0: battery initialization done, tried 1 times\nad0: Intel check1 failed\nad0: Adaptec check1 failed\nad0: LSI (v3) check1 failed\nad0: LSI (v2) check1 failed\nad0: FreeBSD check1 failed\nata1-master: pio=PIO4 wdma=WDMA2 udma=UNSUPPORTED cable=40 wire\nacd0: setting PIO4 on ICH2 chip\nacd0: \u003cMATSHITADVD-ROM SR-8175/G540\u003e DVDROM drive at ata1 as master\nacd0: read 4125KB/s (4125KB/s), 512KB buffer, PIO4\nacd0: Reads: CDR, CDRW, CDDA stream, DVDROM, DVDR, DVDRAM, packet\nacd0: Writes:\nacd0: Audio: play, 255 volume levels\nacd0: Mechanism: ejectable tray, unlocked\nacd0: Medium: no/blank disc\nATA PseudoRAID loaded\nTrying to mount root from ufs:/dev/ad0s1a\nWARNING: / was not properly dismounted\nstart_init: trying /sbin/init\nfdc0: output ready timeout\nfdc0: input ready timeout\nfdc0: input ready timeout\nfdc0: output ready timeout\nfdc0: input ready timeout\nfdc0: input ready timeout\nfdc0: output ready timeout\nfdc0: input ready timeout\nfdc0: input ready timeout\nfdc0: output ready timeout\nfdc0: input ready timeout\nfdc0: input ready timeout\nWARNING: /tmp was not properly dismounted\nWARNING: /usr was not properly dismounted\nWARNING: /var was not properly dismounted\nLinux ELF exec handler installed\nlinprocfs registered\nbattery1: battery initialization failed, giving up\n16.0179d49751c462c8 too long\n15.fe5d78e7f017088e too short\nstray irq7\nstray irq7\nstray irq7\nstray irq7\ntoo many stray irq 7's: not logging anymore\nsl0: bpf attached\nTCP: [210.234.26.252]:41531 to [192.168.1.126]:22 tcpflags 0x4\u003cRST\u003e; syncache_chkrst: Spurious RST without matching syncache entry (possibly syncookie only), segment ignored\nagp0: \u003cIntel 82815 (i815 GMCH) host to PCI bridge\u003e on hostb0\nhostb0: Reserved 0x4000000 bytes for rid 0x10 type 3 at 0xf4000000\nagp0: allocating GATT for aperture of size 36M\n\n\nNon working table:\n00@pci0:0:0:    class=0x009586 card=0x00000000 chip=0x107b0000 rev=0x80 hdr=0x00\n    class      = old\nnone0@pci0:0:0: class=0x010000 card=0x00000000 chip=0x00000100 rev=0x00 hdr=0x00\n    vendor     = 'Ncipher Corp. Ltd'\n    class      = mass storage\n    subclass   = SCSI\n0@pci0:0:0:     class=0x001e00 card=0x00000001 chip=0x00000000 rev=0x00 hdr=0x00\n    class      = old\nnone1@pci0:0:0: class=0x000000 card=0x00000000 chip=0x00000002 rev=0x00 hdr=0x00\n    class      = old\n    subclass   = non-VGA display device\nnone2@pci0:0:0: class=0x000000 card=0x00000000 chip=0x00000000 rev=0x00 hdr=0x00\n    class      = old\n    subclass   = non-VGA display device\nnone3@pci97:112:99:     class=0x000000 card=0x00000000 chip=0x00000000 rev=0x00 hdr=0x69\n    class      = old\n    subclass   = non-VGA display device\nnone4@pci0:3:0: class=0x000000 card=0x00000000 chip=0x00000000 rev=0x00 hdr=0x00\n    class      = old\n    subclass   = non-VGA display device\nnone5@pci67:36:12:      class=0x000000 card=0x00000300 chip=0x00000000 rev=0x00 hdr=0x05\n    class      = old\n    subclass   = non-VGA display device\nnone6@pci0:149:134:     class=0x000000 card=0x030c2444 chip=0x00000300 rev=0x00 hdr=0x80\n    class      = old\n    subclass   = non-VGA display device\napci0@pci0:0:123:       class=0x000076 card=0x10029500 chip=0x00034d46 rev=0x67 hdr=0x10\n    class      = old\n    subclass   = non-VGA display device\nnone7@pci2:2:0: class=0x51ac06 card=0x107b0002 chip=0x104c9500 rev=0x07 hdr=0x00\nQ¬0@pci0:0:0:   class=0x00954c card=0x00010202 chip=0x107b0002 rev=0x10 hdr=0x00\n    class      = old\nnone8@pci1:0:0: class=0x010000 card=0x00000000 chip=0x00000602 rev=0x00 hdr=0x00\n    class      = mass storage\n    subclass   = SCSI\n\n\nGood Table:\nagp0@pci0:0:0:  class=0x060000 card=0x9500107b chip=0x11308086 rev=0x11 hdr=0x00\n    vendor   = 'Intel Corporation'\n    device   = '82815/EM/EP/P 815/EM/EP/P (Solano) Host to I/O Hub Bridge'\n    class    = bridge\n    subclass = HOST-PCI\npcib1@pci0:1:0: class=0x060400 card=0x00000000 chip=0x11318086 rev=0x11 hdr=0x01\n    vendor   = 'Intel Corporation'\n    device   = '82815/EM/EP/P 815/EM/EP/P (Solano) PCI to AGP Bridge'\n    class    = bridge\n    subclass = PCI-PCI\npcib2@pci0:30:0:        class=0x060400 card=0x00000000 chip=0x24488086 rev=0x03 hdr=0x01\n    vendor   = 'Intel Corporation'\n    device   = '82801BAM/CAM/DBM (ICH2-M/3-M/4-M) Hub Interface to PCI Bridge'\n    class    = bridge\n    subclass = PCI-PCI\nisab0@pci0:31:0:        class=0x060100 card=0x00000000 chip=0x244c8086 rev=0x03 hdr=0x00\n    vendor   = 'Intel Corporation'\n    device   = '82801BAM (ICH2-M) LPC Interface Controller'\n    class    = bridge\n    subclass = PCI-ISA\natapci0@pci0:31:1:      class=0x010180 card=0x9500107b chip=0x244a8086 rev=0x03 hdr=0x00\n    vendor   = 'Intel Corporation'\n    device   = '82801BAM (ICH2-M) UltraATA/100 IDE Controller'\n    class    = mass storage\n    subclass = ATA\nuhci0@pci0:31:2:        class=0x0c0300 card=0x9500107b chip=0x24428086 rev=0x03 hdr=0x00\n    vendor   = 'Intel Corporation'\n    device   = '82801BA/BAM (ICH2/ICH2-M) USB Universal Host Controller'\n    class    = serial bus\n    subclass = USB\nichsmb0@pci0:31:3:      class=0x0c0500 card=0x9500107b chip=0x24438086 rev=0x03 hdr=0x00\n    vendor   = 'Intel Corporation'\n    device   = '82801BA/BAM (ICH2/ICH2-M) SMBus Controller'\n    class    = serial bus\n    subclass = SMBus\nuhci1@pci0:31:4:        class=0x0c0300 card=0x9500107b chip=0x24448086 rev=0x03 hdr=0x00\n    vendor   = 'Intel Corporation'\n    device   = '82801BA/BAM (ICH2/ICH2-M) USB Universal Host Controller'\n    class    = serial bus\n    subclass = USB\ndrm0@pci1:0:0:  class=0x030000 card=0x9500107b chip=0x4d461002 rev=0x00 hdr=0x00\n    vendor   = 'ATI Technologies'\n    device   = 'Rage Mobility 128 AGP 4x'\n    class    = display\n    subclass = VGA\npcic0@pci2:2:0: class=0x060700 card=0x9500107b chip=0xac51104c rev=0x00 hdr=0x02\n    vendor   = 'Texas Instruments (TI)'\n    device   = 'PCI1420 PC card CardBus Controller'\n    class    = bridge\n    subclass = PCI-CardBus\npcic1@pci2:2:1: class=0x060700 card=0x9500107b chip=0xac51104c rev=0x00 hdr=0x02\n    vendor   = 'Texas Instruments (TI)'\n    device   = 'PCI1420 PC card CardBus Controller'\n    class    = bridge\n    subclass = PCI-CardBus\npcib3@pci2:6:0: class=0x060400 card=0x00000080 chip=0x01001668 rev=0x11 hdr=0x01\n    vendor   = 'Actiontec Electronics Inc.'\n    device   = 'PCI to PCI Bridge'\n    class    = bridge\n    subclass = PCI-PCI\npcm0@pci2:8:0:  class=0x040100 card=0x9500107b chip=0x1988125d rev=0x12 hdr=0x00\n    vendor   = 'ESS Technology'\n    device   = 'ES1988/9 Allegro-1 Audiodrive'\n    class    = multimedia\n    subclass = audio\nfxp0@pci3:4:0:  class=0x020000 card=0x11001668 chip=0x12298086 rev=0x08 hdr=0x00\n    vendor   = 'Intel Corporation'\n    device   = '82550/1/7/8/9 EtherExpress PRO/100(B) Ethernet Adapter'\n    class    = network\n    subclass = ethernet\nltmdm0@pci3:8:0:        class=0x078000 card=0x24001668 chip=0x044811c1 rev=0x01 hdr=0x00\n    vendor   = 'Lucent/Agere Systems (Was: AT\u0026T MicroElectronics)'\n    device   = 'LT Winmodem 56k'\n    class    = simple comms\n\nHow-To-Repeat: Just boot."
}