{
 "id": 554811,
 "bug_id": 146031,
 "attachment_id": 0,
 "creation_time": "2010-04-25T04:30:08Z",
 "creator": "ngie@FreeBSD.org",
 "text": "Trying to get ACPI suspend to work on my T61, I was eliminating modules from the configuration, so here's what I did:\n\n1. I dropped down to singleuser mode:\nshutdown -p now\n2. Started unregistering modules like so:\n\n# Typo\n# kldunload nvidia snv_hda sound\nnvidia0: detached\nkldunload: can't find file snv_hda\n# Fixed typo; forgot to remove nvidia from the invocation line.\n# kldunload nvidia snd_hda sound\nkldunload: can't find file nvidia\n# kldunload snd_hda sound\npcm0: detached\n\n\nFatal trap 12: page fault while in kernel mode\ncpuid = 0; apic id = 00\nfault virtual address     = 0xc6640fc0\nfault code                      = supervisor read, page not present\ninstruction pointer        = 0x20:0xc0c46320\nstack pointer                = 0x20:0xe8661a6c\nframe pointer               = 0x20:0xe8661a94\ncode segment               = base 0x0, limit 0xfffff, type 0x1b\n                                      = DPL 0, pres 1, def32 1, gran 1\nprocessor eflags           = interrupt enabled, resume, IOPL = 0\ncurrent process             = 2955 (kldunload)\n[thread pid 2955 tid 100118 ]\nStopped at              hdac_audio_ctl_ossmixer_setressrc+0x5e: movl            0xf4(%eax),%ebx\ndb\u003e bt\nTracing pid 2955 tid 100118 td 0xc6aed940\nhdac_audio_ctl_ossmixer_setrecsrc(c6651000,0,0,e8661aa4,19,...) at hdac_audio_ctl_ossmixer_setrecsrc+0x5e\nmixer_setrecsrc(c6611160,0,c0c8f022,31d,0,...) at mixer_setrecsrc+0xae\nmixer_uninit(c6633680,c6633700,c0a86e28,c6633700,e8661b38,...) at pcm_unregister+0x315\npcm_unregister(c6633680,c6633700,c0a86e28,c6633700,e8661b38,...) at pcm_unregister+0x315\ndevice_detach(c6633680,c0a86e28,1,0,e8661b88,...) at device_detach+0x68\ndevice_delete_child(c5ee3b80,c6633680,e8661b88,0,0,...) at device_delete_child+0x2e\nhdac_detach(c5ee3b80,c5e1a060,c0a7b738,0,c5cf34c0,...) at hdac_detach+0x4e\ndevice_detach(c5ee3b80,0,0,c0c4d72c,c5d100000,...) at device_detach+0x68\ndriver_module_handler(c5cf34c0,1,c0c4d72c,e8661c10,c05f4159,...) at driver_module_handler+0x205\nmodule_unload(c5cf34c0,c060c24a,c5d25100,83,0,...) at module_unload+0x64\nlinker_file_unload(c5cf6100,0,c67238e0,c6d0ad48,0,...) at linker_file_unload+0x1c5\nkern_kldunloadf(c6aed940,2,0,e8661d38c0831737,...) at kern_kldunload+0xf8\nkldunloadf(c6aed940,e8661cf8,e8661d38,c,e8661d2c,...) at kldunloadf+0x2d\nsyscall(e8661d38) at syscall+0x2c4\nXint0x80_syscall() at Xint0x80_syscall+0x20\n--- syscall (444, FreeBSD ELF32, kldunloadf), eip = 0x280d2453, esp = 0xbfbfe5fc, ebp = 0xbfbfee48\n\n3. I tried reproducing the issue again like so and it eventually occurred after 34 tries once, and 27 tries a second time:\n\n# Cause the race condition which leads to the panic.\ni=1; while [ 1 ] ; do kldload snd_hda; kldunload snd_hda sound; : $(( i += 1 )); done\n\ngarrcoop-fbsd.cisco.com dumped core - see /var/crash/vmcore.0\n\nSat Apr 24 20:07:08 PDT 2010\n\nFreeBSD garrcoop-fbsd.cisco.com 8.0-STABLE FreeBSD 8.0-STABLE #0 r207006: Wed Apr 21 13:18:44 PDT 2010     root@garrcoop-fbsd.cisco.com:/usr/obj/usr/src/sys/LAPPY_X86  i386\n\npanic: from debugger\n\nGNU gdb 6.1.1 [FreeBSD]\nCopyright 2004 Free Software Foundation, Inc.\nGDB is free software, covered by the GNU General Public License, and you are\nwelcome to change it and/or distribute copies of it under certain conditions.\nType \"show copying\" to see the conditions.\nThere is absolutely no warranty for GDB.  Type \"show warranty\" for details.\nThis GDB was configured as \"i386-marcel-freebsd\"...\n\nUnread portion of the kernel message buffer:\nCopyright (c) 1992-2010 The FreeBSD Project.\nCopyright (c) 1979, 1980, 1983, 1986, 1988, 1989, 1991, 1992, 1993, 1994\n\tThe Regents of the University of California. All rights reserved.\nFreeBSD is a registered trademark of The FreeBSD Foundation.\nFreeBSD 8.0-STABLE #0 r207006: Wed Apr 21 13:18:44 PDT 2010\n    root@garrcoop-fbsd.cisco.com:/usr/obj/usr/src/sys/LAPPY_X86 i386\nTimecounter \"i8254\" frequency 1193182 Hz quality 0\nCPU: Intel(R) Core(TM)2 Duo CPU     T7300  @ 2.00GHz (1995.02-MHz 686-class CPU)\n  Origin = \"GenuineIntel\"  Id = 0x6fb  Family = 6  Model = f  Stepping = 11\n  Features=0xbfebfbff\u003cFPU,VME,DE,PSE,TSC,MSR,PAE,MCE,CX8,APIC,SEP,MTRR,PGE,MCA,CMOV,PAT,PSE36,CLFLUSH,DTS,ACPI,MMX,FXSR,SSE,SSE2,SS,HTT,TM,PBE\u003e\n  Features2=0xe3bd\u003cSSE3,DTES64,MON,DS_CPL,VMX,EST,TM2,SSSE3,CX16,xTPR,PDCM\u003e\n  AMD Features=0x20100000\u003cNX,LM\u003e\n  AMD Features2=0x1\u003cLAHF\u003e\n  TSC: P-state invariant\nreal memory  = 2147483648 (2048 MB)\navail memory = 2048606208 (1953 MB)\nACPI APIC Table: \u003cLENOVO TP-7L   \u003e\nFreeBSD/SMP: Multiprocessor System Detected: 2 CPUs\nFreeBSD/SMP: 1 package(s) x 2 core(s)\n cpu0 (BSP): APIC ID:  0\n cpu1 (AP): APIC ID:  1\nACPI Warning: 32/64X length mismatch in Gpe1Block: 0/32 (20100121/tbfadt-625)\nACPI Warning: Optional field Gpe1Block has zero address or length:        0    102C/0 (20100121/tbfadt-655)\nioapic0: Changing APIC ID to 1\nioapic0 \u003cVersion 2.0\u003e irqs 0-23 on motherboard\nkbd1 at kbdmux0\nacpi0: \u003cLENOVO TP-7L\u003e on motherboard\nCPU0: local APIC error 0x40\nacpi0: [ITHREAD]\nacpi_ec0: \u003cEmbedded Controller: GPE 0x12, ECDT\u003e port 0x62,0x66 on acpi0\nacpi0: Power Button (fixed)\nacpi0: reservation of 0, a0000 (3) failed\nacpi0: reservation of 100000, 7df00000 (3) failed\nTimecounter \"ACPI-fast\" frequency 3579545 Hz quality 1000\nacpi_timer0: \u003c24-bit timer at 3.579545MHz\u003e port 0x1008-0x100b on acpi0\ncpu0: \u003cACPI CPU\u003e on acpi0\ncpu1: \u003cACPI CPU\u003e on acpi0\nacpi_hpet0: \u003cHigh Precision Event Timer\u003e iomem 0xfed00000-0xfed003ff on acpi0\nTimecounter \"HPET\" frequency 14318180 Hz quality 900\nacpi_lid0: \u003cControl Method Lid Switch\u003e on acpi0\nacpi_button0: \u003cSleep Button\u003e on acpi0\npcib0: \u003cACPI Host-PCI bridge\u003e port 0xcf8-0xcff on acpi0\npci0: \u003cACPI PCI bus\u003e on pcib0\npcib1: \u003cACPI PCI-PCI bridge\u003e irq 16 at device 1.0 on pci0\npci1: \u003cACPI PCI bus\u003e on pcib1\nvgapci0: \u003cVGA-compatible display\u003e port 0x2000-0x207f mem 0xd6000000-0xd6ffffff,0xe0000000-0xefffffff,0xd4000000-0xd5ffffff irq 16 at device 0.0 on pci1\nnvidia0: \u003cQuadro NVS 140M\u003e on vgapci0\nvgapci0: child nvidia0 requested pci_enable_busmaster\nvgapci0: child nvidia0 requested pci_enable_io\nvgapci0: child nvidia0 requested pci_enable_io\nnvidia0: [GIANT-LOCKED]\nnvidia0: [ITHREAD]\nem0: \u003cIntel(R) PRO/1000 Network Connection 7.0.5\u003e port 0x1840-0x185f mem 0xfe200000-0xfe21ffff,0xfe225000-0xfe225fff irq 20 at device 25.0 on pci0\nem0: Using MSI interrupt\nem0: [FILTER]\nem0: Ethernet address: 00:1c:25:20:3e:e7\nuhci0: \u003cIntel 82801H (ICH8) USB controller USB-D\u003e port 0x1860-0x187f irq 20 at device 26.0 on pci0\nuhci0: [ITHREAD]\nusbus0: \u003cIntel 82801H (ICH8) USB controller USB-D\u003e on uhci0\nuhci1: \u003cIntel 82801H (ICH8) USB controller USB-E\u003e port 0x1880-0x189f irq 21 at device 26.1 on pci0\nuhci1: [ITHREAD]\nusbus1: \u003cIntel 82801H (ICH8) USB controller USB-E\u003e on uhci1\nehci0: \u003cIntel 82801H (ICH8) USB 2.0 controller USB2-B\u003e mem 0xfe226c00-0xfe226fff irq 22 at device 26.7 on pci0\nehci0: [ITHREAD]\nusbus2: EHCI version 1.0\nusbus2: \u003cIntel 82801H (ICH8) USB 2.0 controller USB2-B\u003e on ehci0\nhdac0: \u003cIntel 82801H High Definition Audio Controller\u003e mem 0xfe220000-0xfe223fff irq 17 at device 27.0 on pci0\nhdac0: HDA Driver Revision: 20100226_0142\nhdac0: [ITHREAD]\npcib2: \u003cACPI PCI-PCI bridge\u003e irq 20 at device 28.0 on pci0\npci2: \u003cACPI PCI bus\u003e on pcib2\npcib3: \u003cACPI PCI-PCI bridge\u003e irq 21 at device 28.1 on pci0\npci3: \u003cACPI PCI bus\u003e on pcib3\niwn0: \u003cIntel(R) PRO/Wireless 4965BGN\u003e mem 0xdf2fe000-0xdf2fffff irq 17 at device 0.0 on pci3\niwn0: MIMO 2T3R, MoW1, address 00:1d:e0:7d:9f:c7\niwn0: [ITHREAD]\niwn0: 11a rates: 6Mbps 9Mbps 12Mbps 18Mbps 24Mbps 36Mbps 48Mbps 54Mbps\niwn0: 11b rates: 1Mbps 2Mbps 5.5Mbps 11Mbps\niwn0: 11g rates: 1Mbps 2Mbps 5.5Mbps 11Mbps 6Mbps 9Mbps 12Mbps 18Mbps 24Mbps 36Mbps 48Mbps 54Mbps\npcib4: \u003cACPI PCI-PCI bridge\u003e irq 22 at device 28.2 on pci0\npci4: \u003cACPI PCI bus\u003e on pcib4\npcib5: \u003cACPI PCI-PCI bridge\u003e irq 23 at device 28.3 on pci0\npci5: \u003cACPI PCI bus\u003e on pcib5\npcib6: \u003cACPI PCI-PCI bridge\u003e irq 20 at device 28.4 on pci0\npci13: \u003cACPI PCI bus\u003e on pcib6\nuhci2: \u003cIntel 82801H (ICH8) USB controller USB-A\u003e port 0x18a0-0x18bf irq 16 at device 29.0 on pci0\nuhci2: [ITHREAD]\nusbus3: \u003cIntel 82801H (ICH8) USB controller USB-A\u003e on uhci2\nuhci3: \u003cIntel 82801H (ICH8) USB controller USB-B\u003e port 0x18c0-0x18df irq 17 at device 29.1 on pci0\nuhci3: [ITHREAD]\nusbus4: \u003cIntel 82801H (ICH8) USB controller USB-B\u003e on uhci3\nuhci4: \u003cIntel 82801H (ICH8) USB controller USB-C\u003e port 0x18e0-0x18ff irq 18 at device 29.2 on pci0\nuhci4: [ITHREAD]\nusbus5: \u003cIntel 82801H (ICH8) USB controller USB-C\u003e on uhci4\nehci1: \u003cIntel 82801H (ICH8) USB 2.0 controller USB2-A\u003e mem 0xfe227000-0xfe2273ff irq 19 at device 29.7 on pci0\nehci1: [ITHREAD]\nusbus6: EHCI version 1.0\nusbus6: \u003cIntel 82801H (ICH8) USB 2.0 controller USB2-A\u003e on ehci1\npcib7: \u003cACPI PCI-PCI bridge\u003e at device 30.0 on pci0\npci21: \u003cACPI PCI bus\u003e on pcib7\ncbb0: \u003cRF5C476 PCI-CardBus Bridge\u003e mem 0xf8100000-0xf8100fff irq 16 at device 0.0 on pci21\ncardbus0: \u003cCardBus bus\u003e on cbb0\npccard0: \u003c16-bit PCCard bus\u003e on cbb0\ncbb0: [FILTER]\npci21: \u003cserial bus, FireWire\u003e at device 0.1 (no driver attached)\npci21: \u003cbase peripheral, SD host controller\u003e at device 0.2 (no driver attached)\npci21: \u003cbase peripheral\u003e at device 0.3 (no driver attached)\npci21: \u003cbase peripheral\u003e at device 0.4 (no driver attached)\npci21: \u003cbase peripheral\u003e at device 0.5 (no driver attached)\nisab0: \u003cPCI-ISA bridge\u003e at device 31.0 on pci0\nisa0: \u003cISA bus\u003e on isab0\natapci0: \u003cIntel ICH8M UDMA100 controller\u003e port 0x1f0-0x1f7,0x3f6,0x170-0x177,0x376,0x1830-0x183f at device 31.1 on pci0\nata0: \u003cATA channel 0\u003e on atapci0\nata0: [ITHREAD]\natapci1: \u003cIntel ICH8M SATA300 controller\u003e port 0x1c48-0x1c4f,0x1c1c-0x1c1f,0x1c40-0x1c47,0x1c18-0x1c1b,0x1c20-0x1c3f mem 0xfe226000-0xfe2267ff irq 16 at device 31.2 on pci0\natapci1: [ITHREAD]\natapci1: AHCI called from vendor specific driver\natapci1: AHCI v1.10 controller with 3 1.5Gbps ports, PM not supported\nata2: \u003cATA channel 0\u003e on atapci1\nata2: [ITHREAD]\nata3: \u003cATA channel 2\u003e on atapci1\nata3: [ITHREAD]\npci0: \u003cserial bus, SMBus\u003e at device 31.3 (no driver attached)\nacpi_tz0: \u003cThermal Zone\u003e on acpi0\nacpi_tz1: \u003cThermal Zone\u003e on acpi0\natrtc0: \u003cAT realtime clock\u003e port 0x70-0x71 irq 8 on acpi0\natkbdc0: \u003cKeyboard controller (i8042)\u003e port 0x60,0x64 irq 1 on acpi0\natkbd0: \u003cAT Keyboard\u003e irq 1 on atkbdc0\nkbd0 at atkbd0\natkbd0: [GIANT-LOCKED]\natkbd0: [ITHREAD]\npsm0: \u003cPS/2 Mouse\u003e irq 12 on atkbdc0\npsm0: [GIANT-LOCKED]\npsm0: [ITHREAD]\npsm0: model Generic PS/2 mouse, device ID 0\nbattery0: \u003cACPI Control Method Battery\u003e on acpi0\nacpi_acad0: \u003cAC Adapter\u003e on acpi0\nacpi_ibm0: \u003cIBM ThinkPad ACPI Extras\u003e on acpi0\npmtimer0 on isa0\norm0: \u003cISA Option ROMs\u003e at iomem 0xc0000-0xcefff,0xcf000-0xcffff,0xd0000-0xd0fff,0xe0000-0xeffff pnpid ORM0000 on isa0\nsc0: \u003cSystem console\u003e at flags 0x100 on isa0\nsc0: VGA \u003c16 virtual consoles, flags=0x300\u003e\nvga0: \u003cGeneric ISA VGA\u003e at port 0x3c0-0x3df iomem 0xa0000-0xbffff on isa0\nppc0: cannot reserve I/O port range\nest0: \u003cEnhanced SpeedStep Frequency Control\u003e on cpu0\np4tcc0: \u003cCPU Frequency Thermal Control\u003e on cpu0\nest1: \u003cEnhanced SpeedStep Frequency Control\u003e on cpu1\np4tcc1: \u003cCPU Frequency Thermal Control\u003e on cpu1\nTimecounters tick every 1.000 msec\nusbus0: 12Mbps Full Speed USB v1.0\nusbus1: 12Mbps Full Speed USB v1.0\nusbus2: 480Mbps High Speed USB v2.0\nusbus3: 12Mbps Full Speed USB v1.0\nusbus4: 12Mbps Full Speed USB v1.0\nusbus5: 12Mbps Full Speed USB v1.0\nusbus6: 480Mbps High Speed USB v2.0\nugen0.1: \u003cIntel\u003e at usbus0\nuhub0: \u003cIntel UHCI root HUB, class 9/0, rev 1.00/1.00, addr 1\u003e on usbus0\nugen1.1: \u003cIntel\u003e at usbus1\nuhub1: \u003cIntel UHCI root HUB, class 9/0, rev 1.00/1.00, addr 1\u003e on usbus1\nugen2.1: \u003cIntel\u003e at usbus2\nuhub2: \u003cIntel EHCI root HUB, class 9/0, rev 2.00/1.00, addr 1\u003e on usbus2\nugen3.1: \u003cIntel\u003e at usbus3\nuhub3: \u003cIntel UHCI root HUB, class 9/0, rev 1.00/1.00, addr 1\u003e on usbus3\nugen4.1: \u003cIntel\u003e at usbus4\nuhub4: \u003cIntel UHCI root HUB, class 9/0, rev 1.00/1.00, addr 1\u003e on usbus4\nugen5.1: \u003cIntel\u003e at usbus5\nuhub5: \u003cIntel UHCI root HUB, class 9/0, rev 1.00/1.00, addr 1\u003e on usbus5\nugen6.1: \u003cIntel\u003e at usbus6\nuhub6: \u003cIntel EHCI root HUB, class 9/0, rev 2.00/1.00, addr 1\u003e on usbus6\nacd0: CDRW \u003cHL-DT-STCD-RW/DVD DRIVE GCC-M10N/1.02\u003e at ata0-master UDMA33 \nad4: 95396MB \u003cSeagate ST9100821AS 3.CMC\u003e at ata2-master UDMA100 SATA 1.5Gb/s\nhdac0: HDA Codec #0: Analog Devices AD1984\nhdac0: HDA Codec #1: Conexant (Unknown)\npcm0: \u003cHDA Analog Devices AD1984 PCM #0 Analog\u003e at cad 0 nid 1 on hdac0\npcm1: \u003cHDA Analog Devices AD1984 PCM #1 Digital\u003e at cad 0 nid 1 on hdac0\nSMP: AP CPU #1 Launched!\nRoot mount waiting for: usbus6 usbus5 usbus4 usbus3 usbus2 usbus1 usbus0\nuhub0: 2 ports with 2 removable, self powered\nuhub1: 2 ports with 2 removable, self powered\nuhub3: 2 ports with 2 removable, self powered\nuhub4: 2 ports with 2 removable, self powered\nuhub5: 2 ports with 2 removable, self powered\nRoot mount waiting for: usbus6 usbus2\nuhub2: 4 ports with 4 removable, self powered\nuhub6: 6 ports with 6 removable, self powered\nTrying to mount root from ufs:/dev/ad4s2a\n\u003c118\u003eEnter full pathname of shell or RETURN for \n\u003c118\u003e/bin/sh\n\u003c118\u003e: \nugen0.2: \u003cSTMicroelectronics\u003e at usbus0\n\u003c118\u003e# \n\u003c118\u003eLINES=\"24\"\n\u003c118\u003eacpi_load=\"YES\"\n\u003c118\u003eautoboot_delay=\"NO\"\n\u003c118\u003ebootfile=\"kernel\"\n\u003c118\u003ecomconsole_speed=\"9600\"\n\u003c118\u003econsole=\"vidconsole\"\n\u003c118\u003ecurrdev=\"disk0s2a:\"\n\u003c118\u003edumpdev=\"/dev/ad4s2b\"\n\u003c118\u003ehint.acpi.0.oem=\"LENOVO\"\n\u003c118\u003ehint.acpi.0.revision=\"2\"\n\u003c118\u003ehint.acpi.0.rsdp=\"0xf68c0\"\n\u003c118\u003ehint.acpi.0.rsdt=\"0x7debb5eb\"\n\u003c118\u003ehint.acpi.0.xsdt=\"0x000000007debb647\"\n\u003c118\u003ehint.acpi.0.xsdt_length=\"36\"\n\u003c118\u003ehint.apm.0.disabled=\"1\"\n\u003c118\u003ehint.apm.0.flags=\"0x20\"\n\u003c118\u003ehint.ata.0.at=\"isa\"\n\u003c118\u003ehint.ata.0.irq=\"14\"\n\u003c118\u003ehint.ata.0.port=\"0x1F0\"\n\u003c118\u003ehint.ata.1.at=\"isa\"\n\u003c118\u003ehint.ata.1.irq=\"15\"\n\u003c118\u003ehint.ata.1.port=\"0x170\"\n\u003c118\u003ehint.atkbd.0.at=\"atkbdc\"\n\u003c118\u003ehint.atkbd.0.irq=\"1\"\n\u003c118\u003ehint.atkbdc.0.at=\"isa\"\n\u003c118\u003ehint.atkbdc.0.port=\"0x060\"\n\u003c118\u003ehint.atrtc.0.at=\"isa\"\n\u003c118\u003ehint.atrtc.0.irq=\"8\"\n\u003c118\u003ehint.atrtc.0.port=\"0x70\"\n\u003c118\u003ehint.fd.0.at=\"fdc0\"\n\u003c118\u003ehint.fd.0.drive=\"0\"\n\u003c118\u003ehint.fd.1.at=\"fdc0\"\n\u003c118\u003ehint.fd.1.drive=\"1\"\n\u003c118\u003ehint.fdc.0.at=\"isa\"\n\u003c118\u003ehint.fdc.0.drq=\"2\"\n\u003c118\u003ehint.fdc.0.irq=\"6\"\n\u003c118\u003ehint.fdc.0.port=\"0x3F0\"\n\u003c118\u003ehint.ppc.0.at=\"isa\"\n\u003c118\u003ehint.ppc.0.irq=\"7\"\n\u003c118\u003ehint.psm.0.at=\"atkbdc\"\n\u003c118\u003ehint.psm.0.irq=\"12\"\n\u003c118\u003ehint.sc.0.at=\"isa\"\n\u003c118\u003ehint.sc.0.flags=\"0x100\"\n\u003c118\u003ehint.uart.0.at=\"isa\"\n\u003c118\u003ehint.uart.0.flags=\"0x10\"\n\u003c118\u003ehint.uart.0.irq=\"4\"\n\u003c118\u003ehint.uart.0.port=\"0x3F8\"\n\u003c118\u003ehint.uart.1.at=\"isa\"\n\u003c118\u003ehint.uart.1.irq=\"3\"\n\u003c118\u003ehint.uart.1.port=\"0x2F8\"\n\u003c118\u003einterpret=\"OK\"\n\u003c118\u003ekernel=\"kernel\"\n\u003c118\u003ekernel_options=\"\"\n\u003c118\u003ekernelname=\"/boot/kernel/kernel\"\n\u003c118\u003elinux_enable=\"YES\"\n\u003c118\u003eloaddev=\"disk0s2a:\"\n\u003c118\u003eloader_conf_files=\"/boot/device.hints /boot/loader.conf /boot/loader.conf.local\"\n\u003c118\u003emac_ifoff=\"NO\"\n\u003c118\u003emodule_path=\"/boot/kernel;/boot/modules\"\n\u003c118\u003eprompt=\"${interpret}\"\n\u003c118\u003esmbios.bios.reldate=\"11/14/2008\"\n\u003c118\u003esmbios.bios.vendor=\"LENOVO\"\n\u003c118\u003esmbios.bios.version=\"7LETC5WW (2.25 )\"\n\u003c118\u003esmbios.chassis.maker=\"LENOVO\"\n\u003c118\u003esmbios.chassis.serial=\"Not Available\"\n\u003c118\u003esmbios.chassis.tag=\"No Asset Information\"\n\u003c118\u003esmbios.chassis.version=\"Not Available\"\n\u003c118\u003esmbios.memory.enabled=\"2097152\"\n\u003c118\u003esmbios.planar.maker=\"LENOVO\"\n\u003c118\u003esmbios.planar.product=\"7663B15\"\n\u003c118\u003esmbios.planar.serial=\"VF1797C104P\"\n\u003c118\u003esmbios.planar.version=\"Not Available\"\n\u003c118\u003esmbios.socket.enabled=\"1\"\n\u003c118\u003esmbios.socket.populated=\"1\"\n\u003c118\u003esmbios.system.maker=\"LENOVO\"\n\u003c118\u003esmbios.system.product=\"7663B15\"\n\u003c118\u003esmbios.system.serial=\"L3W7270\"\n\u003c118\u003esmbios.system.uuid=\"9ff39081-4a80-11cb-ac9e-bbdf8d85b01b\"\n\u003c118\u003esmbios.system.version=\"ThinkPad T61\"\n\u003c118\u003esmbios.version=\"2.4\"\n\u003c118\u003evfs.root.mountfrom=\"ufs:/dev/ad4s2a\"\n\u003c118\u003evfs.root.mountfrom.options=\"rw\"\n\u003c118\u003e# \n\u003c118\u003eusage: dumpon [-v] special_file\n\u003c118\u003e       dumpon [-v] off\n\u003c118\u003e# \n\u003c118\u003edumpon: \n\u003c118\u003eauto\n\u003c118\u003e: \n\u003c118\u003eNo such file or directory\n\u003c118\u003e# \n\u003c118\u003e# \n\u003c118\u003ebash: not found\n\u003c118\u003e# \npcm0: detached\npcm1: detached\nhdac0: detached\nhdac0: \u003cIntel 82801H High Definition Audio Controller\u003e mem 0xfe220000-0xfe223fff irq 17 at device 27.0 on pci0\nhdac0: HDA Driver Revision: 20100226_0142\nhdac0: [ITHREAD]\nhdac0: HDA Codec #0: Analog Devices AD1984\nhdac0: HDA Codec #1: Conexant (Unknown)\npcm0: \u003cHDA Analog Devices AD1984 PCM #0 Analog\u003e at cad 0 nid 1 on hdac0\npcm1: \u003cHDA Analog Devices AD1984 PCM #1 Digital\u003e at cad 0 nid 1 on hdac0\npcm0: detached\npcm1: detached\nhdac0: detached\n\u003c118\u003ekldunload: \n\u003c118\u003ecan't find file sound\n\u003c118\u003e\nhdac0: \u003cIntel 82801H High Definition Audio Controller\u003e mem 0xfe220000-0xfe223fff irq 17 at device 27.0 on pci0\nhdac0: HDA Driver Revision: 20100226_0142\nhdac0: [ITHREAD]\nhdac0: HDA Codec #0: Analog Devices AD1984\nhdac0: HDA Codec #1: Conexant (Unknown)\npcm0: \u003cHDA Analog Devices AD1984 PCM #0 Analog\u003e at cad 0 nid 1 on hdac0\npcm1: \u003cHDA Analog Devices AD1984 PCM #1 Digital\u003e at cad 0 nid 1 on hdac0\npcm0: detached\npcm1: detached\nhdac0: detached\n\u003c118\u003ekldunload: \n\u003c118\u003ecan't find file sound\n\u003c118\u003e\nhdac0: \u003cIntel 82801H High Definition Audio Controller\u003e mem 0xfe220000-0xfe223fff irq 17 at device 27.0 on pci0\nhdac0: HDA Driver Revision: 20100226_0142\nhdac0: [ITHREAD]\nhdac0: HDA Codec #0: Analog Devices AD1984\nhdac0: HDA Codec #1: Conexant (Unknown)\npcm0: \u003cHDA Analog Devices AD1984 PCM #0 Analog\u003e at cad 0 nid 1 on hdac0\npcm1: \u003cHDA Analog Devices AD1984 PCM #1 Digital\u003e at cad 0 nid 1 on hdac0\npcm0: detached\npcm1: detached\nhdac0: detached\n\u003c118\u003ekldunload: \n\u003c118\u003ecan't find file sound\n\u003c118\u003e\nhdac0: \u003cIntel 82801H High Definition Audio Controller\u003e mem 0xfe220000-0xfe223fff irq 17 at device 27.0 on pci0\nhdac0: HDA Driver Revision: 20100226_0142\nhdac0: [ITHREAD]\nhdac0: HDA Codec #0: Analog Devices AD1984\nhdac0: HDA Codec #1: Conexant (Unknown)\npcm0: \u003cHDA Analog Devices AD1984 PCM #0 Analog\u003e at cad 0 nid 1 on hdac0\npcm1: \u003cHDA Analog Devices AD1984 PCM #1 Digital\u003e at cad 0 nid 1 on hdac0\npcm0: detached\npcm1: detached\nhdac0: detached\n\u003c118\u003ekldunload: \n\u003c118\u003ecan't find file sound\n\u003c118\u003e\nhdac0: \u003cIntel 82801H High Definition Audio Controller\u003e mem 0xfe220000-0xfe223fff irq 17 at device 27.0 on pci0\nhdac0: HDA Driver Revision: 20100226_0142\nhdac0: [ITHREAD]\nhdac0: HDA Codec #0: Analog Devices AD1984\nhdac0: HDA Codec #1: Conexant (Unknown)\npcm0: \u003cHDA Analog Devices AD1984 PCM #0 Analog\u003e at cad 0 nid 1 on hdac0\npcm1: \u003cHDA Analog Devices AD1984 PCM #1 Digital\u003e at cad 0 nid 1 on hdac0\npcm0: detached\npcm1: detached\nhdac0: detached\n\u003c118\u003ekldunload: \n\u003c118\u003ecan't find file sound\n\u003c118\u003e\nhdac0: \u003cIntel 82801H High Definition Audio Controller\u003e mem 0xfe220000-0xfe223fff irq 17 at device 27.0 on pci0\nhdac0: HDA Driver Revision: 20100226_0142\nhdac0: [ITHREAD]\nhdac0: HDA Codec #0: Analog Devices AD1984\nhdac0: HDA Codec #1: Conexant (Unknown)\npcm0: \u003cHDA Analog Devices AD1984 PCM #0 Analog\u003e at cad 0 nid 1 on hdac0\npcm1: \u003cHDA Analog Devices AD1984 PCM #1 Digital\u003e at cad 0 nid 1 on hdac0\npcm0: detached\npcm1: detached\nhdac0: detached\n\u003c118\u003ekldunload: \n\u003c118\u003ecan't find file sound\n\u003c118\u003e\nhdac0: \u003cIntel 82801H High Definition Audio Controller\u003e mem 0xfe220000-0xfe223fff irq 17 at device 27.0 on pci0\nhdac0: HDA Driver Revision: 20100226_0142\nhdac0: [ITHREAD]\nhdac0: HDA Codec #0: Analog Devices AD1984\nhdac0: HDA Codec #1: Conexant (Unknown)\npcm0: \u003cHDA Analog Devices AD1984 PCM #0 Analog\u003e at cad 0 nid 1 on hdac0\npcm1: \u003cHDA Analog Devices AD1984 PCM #1 Digital\u003e at cad 0 nid 1 on hdac0\npcm0: detached\npcm1: detached\nhdac0: detached\n\u003c118\u003ekldunload: \n\u003c118\u003ecan't find file sound\n\u003c118\u003e\nhdac0: \u003cIntel 82801H High Definition Audio Controller\u003e mem 0xfe220000-0xfe223fff irq 17 at device 27.0 on pci0\nhdac0: HDA Driver Revision: 20100226_0142\nhdac0: [ITHREAD]\nhdac0: HDA Codec #0: Analog Devices AD1984\nhdac0: HDA Codec #1: Conexant (Unknown)\npcm0: \u003cHDA Analog Devices AD1984 PCM #0 Analog\u003e at cad 0 nid 1 on hdac0\npcm1: \u003cHDA Analog Devices AD1984 PCM #1 Digital\u003e at cad 0 nid 1 on hdac0\npcm0: detached\npcm1: detached\nhdac0: detached\n\u003c118\u003ekldunload: \n\u003c118\u003ecan't find file sound\n\u003c118\u003e\nhdac0: \u003cIntel 82801H High Definition Audio Controller\u003e mem 0xfe220000-0xfe223fff irq 17 at device 27.0 on pci0\nhdac0: HDA Driver Revision: 20100226_0142\nhdac0: [ITHREAD]\nhdac0: HDA Codec #0: Analog Devices AD1984\nhdac0: HDA Codec #1: Conexant (Unknown)\npcm0: \u003cHDA Analog Devices AD1984 PCM #0 Analog\u003e at cad 0 nid 1 on hdac0\npcm1: \u003cHDA Analog Devices AD1984 PCM #1 Digital\u003e at cad 0 nid 1 on hdac0\npcm0: detached\npcm1: detached\nhdac0: detached\n\u003c118\u003ekldunload: \n\u003c118\u003ecan't find file sound\n\u003c118\u003e\nhdac0: \u003cIntel 82801H High Definition Audio Controller\u003e mem 0xfe220000-0xfe223fff irq 17 at device 27.0 on pci0\nhdac0: HDA Driver Revision: 20100226_0142\nhdac0: [ITHREAD]\nhdac0: HDA Codec #0: Analog Devices AD1984\nhdac0: HDA Codec #1: Conexant (Unknown)\npcm0: \u003cHDA Analog Devices AD1984 PCM #0 Analog\u003e at cad 0 nid 1 on hdac0\npcm1: \u003cHDA Analog Devices AD1984 PCM #1 Digital\u003e at cad 0 nid 1 on hdac0\npcm0: detached\npcm1: detached\nhdac0: detached\n\u003c118\u003ekldunload: \n\u003c118\u003ecan't find file sound\n\u003c118\u003e\nhdac0: \u003cIntel 82801H High Definition Audio Controller\u003e mem 0xfe220000-0xfe223fff irq 17 at device 27.0 on pci0\nhdac0: HDA Driver Revision: 20100226_0142\nhdac0: [ITHREAD]\nhdac0: HDA Codec #0: Analog Devices AD1984\nhdac0: HDA Codec #1: Conexant (Unknown)\npcm0: \u003cHDA Analog Devices AD1984 PCM #0 Analog\u003e at cad 0 nid 1 on hdac0\npcm1: \u003cHDA Analog Devices AD1984 PCM #1 Digital\u003e at cad 0 nid 1 on hdac0\npcm0: detached\npcm1: detached\nhdac0: detached\n\u003c118\u003ekldunload: \n\u003c118\u003ecan't find file sound\n\u003c118\u003e\nhdac0: \u003cIntel 82801H High Definition Audio Controller\u003e mem 0xfe220000-0xfe223fff irq 17 at device 27.0 on pci0\nhdac0: HDA Driver Revision: 20100226_0142\nhdac0: [ITHREAD]\nhdac0: HDA Codec #0: Analog Devices AD1984\nhdac0: HDA Codec #1: Conexant (Unknown)\npcm0: \u003cHDA Analog Devices AD1984 PCM #0 Analog\u003e at cad 0 nid 1 on hdac0\npcm1: \u003cHDA Analog Devices AD1984 PCM #1 Digital\u003e at cad 0 nid 1 on hdac0\npcm0: detached\npcm1: detached\nhdac0: detached\n\u003c118\u003ekldunload: \n\u003c118\u003ecan't find file sound\n\u003c118\u003e\nhdac0: \u003cIntel 82801H High Definition Audio Controller\u003e mem 0xfe220000-0xfe223fff irq 17 at device 27.0 on pci0\nhdac0: HDA Driver Revision: 20100226_0142\nhdac0: [ITHREAD]\nhdac0: HDA Codec #0: Analog Devices AD1984\nhdac0: HDA Codec #1: Conexant (Unknown)\npcm0: \u003cHDA Analog Devices AD1984 PCM #0 Analog\u003e at cad 0 nid 1 on hdac0\npcm1: \u003cHDA Analog Devices AD1984 PCM #1 Digital\u003e at cad 0 nid 1 on hdac0\npcm0: detached\npcm1: detached\nhdac0: detached\n\u003c118\u003ekldunload: \n\u003c118\u003ecan't find file sound\n\u003c118\u003e\nhdac0: \u003cIntel 82801H High Definition Audio Controller\u003e mem 0xfe220000-0xfe223fff irq 17 at device 27.0 on pci0\nhdac0: HDA Driver Revision: 20100226_0142\nhdac0: [ITHREAD]\nhdac0: HDA Codec #0: Analog Devices AD1984\nhdac0: HDA Codec #1: Conexant (Unknown)\npcm0: \u003cHDA Analog Devices AD1984 PCM #0 Analog\u003e at cad 0 nid 1 on hdac0\npcm1: \u003cHDA Analog Devices AD1984 PCM #1 Digital\u003e at cad 0 nid 1 on hdac0\npcm0: detached\npcm1: detached\nhdac0: detached\n\u003c118\u003ekldunload: \n\u003c118\u003ecan't find file sound\n\u003c118\u003e\nhdac0: \u003cIntel 82801H High Definition Audio Controller\u003e mem 0xfe220000-0xfe223fff irq 17 at device 27.0 on pci0\nhdac0: HDA Driver Revision: 20100226_0142\nhdac0: [ITHREAD]\nhdac0: HDA Codec #0: Analog Devices AD1984\nhdac0: HDA Codec #1: Conexant (Unknown)\npcm0: \u003cHDA Analog Devices AD1984 PCM #0 Analog\u003e at cad 0 nid 1 on hdac0\npcm1: \u003cHDA Analog Devices AD1984 PCM #1 Digital\u003e at cad 0 nid 1 on hdac0\npcm0: detached\npcm1: detached\nhdac0: detached\n\u003c118\u003ekldunload: \n\u003c118\u003ecan't find file sound\n\u003c118\u003e\nhdac0: \u003cIntel 82801H High Definition Audio Controller\u003e mem 0xfe220000-0xfe223fff irq 17 at device 27.0 on pci0\nhdac0: HDA Driver Revision: 20100226_0142\nhdac0: [ITHREAD]\nhdac0: HDA Codec #0: Analog Devices AD1984\nhdac0: HDA Codec #1: Conexant (Unknown)\npcm0: \u003cHDA Analog Devices AD1984 PCM #0 Analog\u003e at cad 0 nid 1 on hdac0\npcm1: \u003cHDA Analog Devices AD1984 PCM #1 Digital\u003e at cad 0 nid 1 on hdac0\npcm0: detached\npcm1: detached\nhdac0: detached\n\u003c118\u003ekldunload: \n\u003c118\u003ecan't find file sound\n\u003c118\u003e\nhdac0: \u003cIntel 82801H High Definition Audio Controller\u003e mem 0xfe220000-0xfe223fff irq 17 at device 27.0 on pci0\nhdac0: HDA Driver Revision: 20100226_0142\nhdac0: [ITHREAD]\nhdac0: HDA Codec #0: Analog Devices AD1984\nhdac0: HDA Codec #1: Conexant (Unknown)\npcm0: \u003cHDA Analog Devices AD1984 PCM #0 Analog\u003e at cad 0 nid 1 on hdac0\npcm1: \u003cHDA Analog Devices AD1984 PCM #1 Digital\u003e at cad 0 nid 1 on hdac0\npcm0: detached\npcm1: detached\nhdac0: detached\n\u003c118\u003ekldunload: \n\u003c118\u003ecan't find file sound\n\u003c118\u003e\nhdac0: \u003cIntel 82801H High Definition Audio Controller\u003e mem 0xfe220000-0xfe223fff irq 17 at device 27.0 on pci0\nhdac0: HDA Driver Revision: 20100226_0142\nhdac0: [ITHREAD]\nhdac0: HDA Codec #0: Analog Devices AD1984\nhdac0: HDA Codec #1: Conexant (Unknown)\npcm0: \u003cHDA Analog Devices AD1984 PCM #0 Analog\u003e at cad 0 nid 1 on hdac0\npcm1: \u003cHDA Analog Devices AD1984 PCM #1 Digital\u003e at cad 0 nid 1 on hdac0\npcm0: detached\npcm1: detached\nhdac0: detached\n\u003c118\u003ekldunload: \n\u003c118\u003ecan't find file sound\n\u003c118\u003e\nhdac0: \u003cIntel 82801H High Definition Audio Controller\u003e mem 0xfe220000-0xfe223fff irq 17 at device 27.0 on pci0\nhdac0: HDA Driver Revision: 20100226_0142\nhdac0: [ITHREAD]\nhdac0: HDA Codec #0: Analog Devices AD1984\nhdac0: HDA Codec #1: Conexant (Unknown)\npcm0: \u003cHDA Analog Devices AD1984 PCM #0 Analog\u003e at cad 0 nid 1 on hdac0\npcm1: \u003cHDA Analog Devices AD1984 PCM #1 Digital\u003e at cad 0 nid 1 on hdac0\npcm0: detached\npcm1: detached\nhdac0: detached\n\u003c118\u003ekldunload: \n\u003c118\u003ecan't find file sound\n\u003c118\u003e\nhdac0: \u003cIntel 82801H High Definition Audio Controller\u003e mem 0xfe220000-0xfe223fff irq 17 at device 27.0 on pci0\nhdac0: HDA Driver Revision: 20100226_0142\nhdac0: [ITHREAD]\nhdac0: HDA Codec #0: Analog Devices AD1984\nhdac0: HDA Codec #1: Conexant (Unknown)\npcm0: \u003cHDA Analog Devices AD1984 PCM #0 Analog\u003e at cad 0 nid 1 on hdac0\npcm1: \u003cHDA Analog Devices AD1984 PCM #1 Digital\u003e at cad 0 nid 1 on hdac0\npcm0: detached\npcm1: detached\nhdac0: detached\n\u003c118\u003ekldunload: \n\u003c118\u003ecan't find file sound\n\u003c118\u003e\nhdac0: \u003cIntel 82801H High Definition Audio Controller\u003e mem 0xfe220000-0xfe223fff irq 17 at device 27.0 on pci0\nhdac0: HDA Driver Revision: 20100226_0142\nhdac0: [ITHREAD]\nhdac0: HDA Codec #0: Analog Devices AD1984\nhdac0: HDA Codec #1: Conexant (Unknown)\npcm0: \u003cHDA Analog Devices AD1984 PCM #0 Analog\u003e at cad 0 nid 1 on hdac0\npcm1: \u003cHDA Analog Devices AD1984 PCM #1 Digital\u003e at cad 0 nid 1 on hdac0\npcm0: detached\npcm1: detached\nhdac0: detached\n\u003c118\u003ekldunload: \n\u003c118\u003ecan't find file sound\n\u003c118\u003e\nhdac0: \u003cIntel 82801H High Definition Audio Controller\u003e mem 0xfe220000-0xfe223fff irq 17 at device 27.0 on pci0\nhdac0: HDA Driver Revision: 20100226_0142\nhdac0: [ITHREAD]\nhdac0: HDA Codec #0: Analog Devices AD1984\nhdac0: HDA Codec #1: Conexant (Unknown)\npcm0: \u003cHDA Analog Devices AD1984 PCM #0 Analog\u003e at cad 0 nid 1 on hdac0\npcm1: \u003cHDA Analog Devices AD1984 PCM #1 Digital\u003e at cad 0 nid 1 on hdac0\npcm0: detached\npcm1: detached\nhdac0: detached\n\u003c118\u003ekldunload: \n\u003c118\u003ecan't find file sound\n\u003c118\u003e\nhdac0: \u003cIntel 82801H High Definition Audio Controller\u003e mem 0xfe220000-0xfe223fff irq 17 at device 27.0 on pci0\nhdac0: HDA Driver Revision: 20100226_0142\nhdac0: [ITHREAD]\nhdac0: HDA Codec #0: Analog Devices AD1984\nhdac0: HDA Codec #1: Conexant (Unknown)\npcm0: \u003cHDA Analog Devices AD1984 PCM #0 Analog\u003e at cad 0 nid 1 on hdac0\npcm1: \u003cHDA Analog Devices AD1984 PCM #1 Digital\u003e at cad 0 nid 1 on hdac0\npcm0: detached\npcm1: detached\nhdac0: detached\n\u003c118\u003ekldunload: \n\u003c118\u003ecan't find file sound\n\u003c118\u003e\nhdac0: \u003cIntel 82801H High Definition Audio Controller\u003e mem 0xfe220000-0xfe223fff irq 17 at device 27.0 on pci0\nhdac0: HDA Driver Revision: 20100226_0142\nhdac0: [ITHREAD]\nhdac0: HDA Codec #0: Analog Devices AD1984\nhdac0: HDA Codec #1: Conexant (Unknown)\npcm0: \u003cHDA Analog Devices AD1984 PCM #0 Analog\u003e at cad 0 nid 1 on hdac0\npcm1: \u003cHDA Analog Devices AD1984 PCM #1 Digital\u003e at cad 0 nid 1 on hdac0\npcm0: detached\npcm1: detached\nhdac0: detached\n\u003c118\u003ekldunload: \n\u003c118\u003ecan't find file sound\n\u003c118\u003e\nhdac0: \u003cIntel 82801H High Definition Audio Controller\u003e mem 0xfe220000-0xfe223fff irq 17 at device 27.0 on pci0\nhdac0: HDA Driver Revision: 20100226_0142\nhdac0: [ITHREAD]\nhdac0: HDA Codec #0: Analog Devices AD1984\nhdac0: HDA Codec #1: Conexant (Unknown)\npcm0: \u003cHDA Analog Devices AD1984 PCM #0 Analog\u003e at cad 0 nid 1 on hdac0\npcm1: \u003cHDA Analog Devices AD1984 PCM #1 Digital\u003e at cad 0 nid 1 on hdac0\npcm0: detached\npcm1: detached\nhdac0: detached\n\u003c118\u003ekldunload: \n\u003c118\u003ecan't find file sound\n\u003c118\u003e\nhdac0: \u003cIntel 82801H High Definition Audio Controller\u003e mem 0xfe220000-0xfe223fff irq 17 at device 27.0 on pci0\nhdac0: HDA Driver Revision: 20100226_0142\nhdac0: [ITHREAD]\nhdac0: HDA Codec #0: Analog Devices AD1984\nhdac0: HDA Codec #1: Conexant (Unknown)\npcm0: \u003cHDA Analog Devices AD1984 PCM #0 Analog\u003e at cad 0 nid 1 on hdac0\npcm1: \u003cHDA Analog Devices AD1984 PCM #1 Digital\u003e at cad 0 nid 1 on hdac0\npcm0: detached\npcm1: detached\nhdac0: detached\n\u003c118\u003ekldunload: \n\u003c118\u003ecan't find file sound\n\u003c118\u003e\nhdac0: \u003cIntel 82801H High Definition Audio Controller\u003e mem 0xfe220000-0xfe223fff irq 17 at device 27.0 on pci0\nhdac0: HDA Driver Revision: 20100226_0142\nhdac0: [ITHREAD]\nhdac0: HDA Codec #0: Analog Devices AD1984\nhdac0: HDA Codec #1: Conexant (Unknown)\npcm0: \u003cHDA Analog Devices AD1984 PCM #0 Analog\u003e at cad 0 nid 1 on hdac0\npcm1: \u003cHDA Analog Devices AD1984 PCM #1 Digital\u003e at cad 0 nid 1 on hdac0\npcm0: detached\npcm1: detached\nhdac0: detached\n\u003c118\u003ekldunload: \n\u003c118\u003ecan't find file sound\n\u003c118\u003e\nhdac0: \u003cIntel 82801H High Definition Audio Controller\u003e mem 0xfe220000-0xfe223fff irq 17 at device 27.0 on pci0\nhdac0: HDA Driver Revision: 20100226_0142\nhdac0: [ITHREAD]\nhdac0: HDA Codec #0: Analog Devices AD1984\nhdac0: HDA Codec #1: Conexant (Unknown)\npcm0: \u003cHDA Analog Devices AD1984 PCM #0 Analog\u003e at cad 0 nid 1 on hdac0\npcm1: \u003cHDA Analog Devices AD1984 PCM #1 Digital\u003e at cad 0 nid 1 on hdac0\npcm0: detached\npcm1: detached\nhdac0: detached\n\u003c118\u003ekldunload: \n\u003c118\u003ecan't find file sound\n\u003c118\u003e\nhdac0: \u003cIntel 82801H High Definition Audio Controller\u003e mem 0xfe220000-0xfe223fff irq 17 at device 27.0 on pci0\nhdac0: HDA Driver Revision: 20100226_0142\nhdac0: [ITHREAD]\nhdac0: HDA Codec #0: Analog Devices AD1984\nhdac0: HDA Codec #1: Conexant (Unknown)\npcm0: \u003cHDA Analog Devices AD1984 PCM #0 Analog\u003e at cad 0 nid 1 on hdac0\npcm1: \u003cHDA Analog Devices AD1984 PCM #1 Digital\u003e at cad 0 nid 1 on hdac0\npcm0: detached\n\n\nFatal trap 12: page fault while in kernel mode\ncpuid = 0; apic id = 00\nfault virtual address\t= 0xc68c5fc0\nfault code\t\t= supervisor read, page not present\ninstruction pointer\t= 0x20:0xc670d320\nstack pointer\t        = 0x28:0xe85b7ae8\nframe pointer\t        = 0x28:0xe85b7b10\ncode segment\t\t= base 0x0, limit 0xfffff, type 0x1b\n\t\t\t= DPL 0, pres 1, def32 1, gran 1\nprocessor eflags\t= interrupt enabled, resume, IOPL = 0\ncurrent process\t\t= 90 (kldunload)\nPhysical memory: 1994 MB\nDumping 81 MB: 66 50 34 18 2\nDump complete\npanic: from debugger\ncpuid = 0\nUptime: 1m47s\nPhysical memory: 1994 MB\nDumping 81 MB: 66 50 34 18 2\n\nReading symbols from /boot/modules/nvidia.ko...done.\nLoaded symbols for /boot/modules/nvidia.ko\nReading symbols from /boot/kernel/snd_hda.ko...Reading symbols from /boot/kernel/snd_hda.ko.symbols...done.\ndone.\nLoaded symbols for /boot/kernel/snd_hda.ko\nReading symbols from /boot/kernel/sound.ko...Reading symbols from /boot/kernel/sound.ko.symbols...done.\ndone.\nLoaded symbols for /boot/kernel/sound.ko\n#0  doadump () at pcpu.h:246\n246\tpcpu.h: No such file or directory.\n\tin pcpu.h\n(kgdb) #0  doadump () at pcpu.h:246\n#1  0xc0618bea in boot (howto=260) at /usr/src/sys/kern/kern_shutdown.c:416\n#2  0xc0618f20 in panic (fmt=Variable \"fmt\" is not available.\n) at /usr/src/sys/kern/kern_shutdown.c:579\n#3  0xc049ec5e in db_panic (addr=Could not find the frame base for \"db_panic\".\n) at /usr/src/sys/ddb/db_command.c:478\n#4  0xc049f1ce in db_command (last_cmdp=0xc0ab2a5c, cmd_table=0x0, dopager=1)\n    at /usr/src/sys/ddb/db_command.c:445\n#5  0xc049f307 in db_command_loop () at /usr/src/sys/ddb/db_command.c:498\n#6  0xc04a0fdf in db_trap (type=12, code=0) at /usr/src/sys/ddb/db_main.c:229\n#7  0xc06464ce in kdb_trap (type=12, code=0, tf=0xe85b7aa8)\n    at /usr/src/sys/kern/subr_kdb.c:535\n#8  0xc08311bf in trap_fatal (frame=0xe85b7aa8, eva=3331088320)\n    at /usr/src/sys/i386/i386/trap.c:929\n#9  0xc0831453 in trap_pfault (frame=0xe85b7aa8, usermode=0, eva=3331088320)\n    at /usr/src/sys/i386/i386/trap.c:851\n#10 0xc0831d9f in trap (frame=0xe85b7aa8) at /usr/src/sys/i386/i386/trap.c:533\n#11 0xc08150cb in calltrap () at /usr/src/sys/i386/i386/exception.s:165\n#12 0xc670d320 in hdac_audio_ctl_ossmixer_setrecsrc (m=0xc68d5000, src=0)\n    at /usr/src/sys/modules/sound/driver/hda/../../../../dev/sound/pci/hda/hdac.c:4053\n#13 0xc673fbe1 in mixer_setrecsrc (mixer=0xc68d5000, src=0) at mixer_if.h:76\n#14 0xc6741523 in mixer_uninit (dev=0xc66c9380)\n    at /usr/src/sys/modules/sound/sound/../../../dev/sound/pcm/mixer.c:802\n#15 0xc6744a57 in pcm_unregister (dev=0xc66c9380)\n    at /usr/src/sys/modules/sound/sound/../../../dev/sound/pcm/sound.c:1171\n#16 0xc0640524 in device_detach (dev=0xc66c9380) at device_if.h:212\n#17 0xc0640988 in driver_module_handler (mod=0xc68acac0, what=1, \n    arg=0xc6714714) at /usr/src/sys/kern/subr_bus.c:1157\n#18 0xc060897d in module_unload (mod=0xc68acac0)\n    at /usr/src/sys/kern/kern_module.c:266\n#19 0xc05ff931 in linker_file_unload (file=0xc68b2500, flags=0)\n    at /usr/src/sys/kern/kern_linker.c:633\n#20 0xc060185b in kern_kldunload (td=0xc66dcb90, fileid=33, flags=0)\n    at /usr/src/sys/kern/kern_linker.c:1092\n#21 0xc060198c in kldunloadf (td=0xc66dcb90, uap=0xe85b7cf8)\n    at /usr/src/sys/kern/kern_linker.c:1122\n#22 0xc0831737 in syscall (frame=0xe85b7d38)\n    at /usr/src/sys/i386/i386/trap.c:1111\n#23 0xc0815130 in Xint0x80_syscall ()\n    at /usr/src/sys/i386/i386/exception.s:261\n#24 0x00000033 in ?? ()\nPrevious frame inner to this frame (corrupt stack?)\n(kgdb) \n\n------------------------------------------------------------------------\nps -axl\n\n  UID   PID  PPID CPU PRI NI   VSZ   RSS MWCHAN STAT  TT       TIME COMMAND\n    0     0     0   0 -68  0     0     0 -      DLs   ??    0:00.00 [kernel]\n    0     1     0   0  44  0  1888     0 wait   DLs   ??    0:00.00 [init]\n    0     2     0   0  -8  0     0     0 -      DL    ??    0:00.00 [g_event]\n    0     3     0   0  -8  0     0     0 -      DL    ??    0:00.00 [g_up]\n    0     4     0   0  -8  0     0     0 -      DL    ??    0:00.00 [g_down]\n    0     5     0   0 -16  0     0     0 c5e163bc DL    ??    0:00.00 [cbb0 event\n    0     6     0   0  76  0     0     0 ccb_sc DL    ??    0:00.00 [xpt_thrd]\n    0     7     0   0 -80  0     0     0 psleep DL    ??    0:00.00 [pagedaemon\n    0     8     0   0 -80  0     0     0 psleep DL    ??    0:00.00 [vmdaemon]\n    0     9     0   0  76  0     0     0 pgzero DL    ??    0:00.00 [pagezero]\n    0    10     0   0 -16  0     0     0 audit_ DL    ??    0:00.00 [audit]\n    0    11     0   0 171  0     0     0 -      RL    ??    0:00.00 [idle]\n    0    12     0   0 -60  0     0     0 -      WL    ??    0:00.00 [intr]\n    0    13     0   0 -16  0     0     0 -      DL    ??    0:00.00 [yarrow]\n    0    14     0   0 -64  0     0     0 -      DL    ??    0:00.00 [usb]\n    0    15     0   0 -16  0     0     0 tzpoll DL    ??    0:00.00 [acpi_therm\n    0    16     0   0 -16  0     0     0 coolin DL    ??    0:00.00 [acpi_cooli\n    0    17     0   0 -80  0     0     0 psleep DL    ??    0:00.00 [bufdaemon]\n    0    18     0   0 -80  0     0     0 vlruwt DL    ??    0:00.00 [vnlru]\n    0    19     0   0 -80  0     0     0 syncer DL    ??    0:00.00 [syncer]\n    0    20     0   0 -80  0     0     0 sdflus DL    ??    0:00.00 [softdepflu\n    0    21     0   0 -80  0     0     0 flowcl DL    ??    0:00.00 [flowcleane\n    0    22     1   0  76  0  3588     0 wait   Ds    ??    0:00.00 [sh]\n    0    90    22   0  96  0  1500     0 -      R+    ??    0:00.00 [kldunload]\n\n------------------------------------------------------------------------\nvmstat -s\n\n    40867 cpu context switches\n    15523 device interrupts\n    16679 software interrupts\n     5501 traps\n     3833 system calls\n       21 kernel threads created\n       69  fork() calls\n        0 vfork() calls\n        0 rfork() calls\n        0 swap pager pageins\n        0 swap pager pages paged in\n        0 swap pager pageouts\n        0 swap pager pages paged out\n       50 vnode pager pageins\n      428 vnode pager pages paged in\n        0 vnode pager pageouts\n        0 vnode pager pages paged out\n        0 page daemon wakeups\n        0 pages examined by the page daemon\n        0 pages reactivated\n     1531 copy-on-write faults\n        0 copy-on-write optimized faults\n     2279 zero fill pages zeroed\n      113 zero fill pages prezeroed\n        1 intransit blocking page faults\n     8334 total VM faults taken\n        0 pages affected by kernel thread creation\n    12925 pages affected by  fork()\n        0 pages affected by vfork()\n        0 pages affected by rfork()\n        0 pages cached\n    21116 pages freed\n        0 pages freed by daemon\n     3248 pages freed by exiting processes\n      151 pages active\n      358 pages inactive\n        0 pages in VM cache\n     5513 pages wired down\n   495316 pages free\n     4096 bytes per page\n     1488 total name lookups\n          cache hits (86% pos + 8% neg) system 0% per-directory\n          deletions 0%, falsehits 0%, toolong 0%\n\n------------------------------------------------------------------------\nvmstat -m\n\n         Type InUse MemUse HighUse Requests  Size(s)\n     filedesc    24     6K       -       91  256\n         kenv    83     7K       -       88  16,32,64,128,4096\n    proc-args     3     1K       -       70  16,32,64\n      acpisem    23     3K       -       23  64,128\n      ithread    81     7K       -      110  16,64,128\n  ata_generic     2     2K       -        2  1024\n       KTRACE   100    13K       -      100  128\n       linker   103   472K       -     1579  16,32,256,1024,4096\n        lockf     2     1K       -        2  64\n       USBdev    33     9K       -       33  32,128,1024\n         temp    29   233K       -     1271  16,32,64,128,512,1024,2048,4096\n       devbuf  3850  3409K       -     7228  16,32,64,128,256,512,1024,2048,4096\n          USB    57    26K       -       58  16,32,64,128,1024\n       module   234    15K       -      350  64,128\n     mtx_pool     2     8K       -        2  4096\n    ad_driver     1     1K       -        1  32\n          osd     2     1K       -        2  16,32\n      subproc    61   106K       -      128  256,4096\n         proc     2     8K       -        2  4096\n      session     2     1K       -        2  64\n         pgrp     3     1K       -      129  64\n         cred     8     1K       -      298  64,128\n      uidinfo     2     2K       -        2  64,1024\n       plimit     1     1K       -        1  256\n       kbdmux     6    10K       -        6  16,256,1024,2048,4096\n    sysctltmp     0     0K       -        3  16,32\n    sysctloid  4086   125K       -     9782  16,32,64\n       sysctl     0     0K       -       13  16\n      callout     1   256K       -        1  \n         umtx   102     7K       -      102  64\n     p1003.1b     1     1K       -        1  16\n          LED     2     1K       -        2  64\n       bus-sc    82   287K       -    10761  16,32,64,128,256,512,1024,2048,4096\n          bus  2176   459K       -    15990  16,32,64,128,512,1024\n      devstat     8    17K       -        8  16,4096\n eventhandler    76     4K       -      134  32,64,128\n         kobj   158   316K       -      389  2048\n      Per-cpu     1     1K       -        1  16\n    ar_driver     0     0K       -        6  512,2048\n         rman   204    13K       -      541  16,32,64\n   acd_driver     1     2K       -        1  2048\n         sbuf     0     0K       -      206  16,32\n       sglist     3     1K       -        3  32\nCAM dev queue     1     1K       -        1  128\n    taskqueue    15     1K       -       15  16,64\n       Unitno     9     1K       -       40  16,64\n          iov     0     0K       -      181  64\n     ioctlops     0     0K       -      195  16,64\n          msg     4    25K       -        4  1024,4096\n          sem     4     6K       -        4  256,512,1024,4096\n          shm     1    12K       -        1  \n          tty    17     9K       -       17  512\n         ksem     1     4K       -        1  4096\n        shmfd     1     4K       -        1  4096\n       DEVFS1   224    56K       -      224  256\n          pcb     6     7K       -        6  16,512,1024,2048\n     vfscache     1   512K       -        1  \n     vfs_hash     1   256K       -        1  \n       vnodes     2     1K       -        2  128\n       DEVFS3   127    16K       -      128  128\n        mount    16     1K       -       24  16,32,64,128,256\n          BPF     2     1K       -        2  64\n       ifaddr    94     6K       -       94  16,32,256,2048\n        ifnet     4     4K       -        4  64,1024\n        clone     3    12K       -        3  4096\n       arpcom     1     1K       -        1  16\n      lltable     3     1K       -        3  256\n        DEVFS    17     1K       -       18  16,64\n    pfs_nodes    21     3K       -       21  128\n     routetbl    37  4105K       -       37  64,256\n     80211com     1     8K       -        1  \n    80211scan     1     2K       -        1  2048\n         igmp     3     1K       -        3  128\n    CAM queue     3     1K       -        7  16\n         GEOM   143    37K       -      454  16,32,64,128,512,1024,2048\n    hostcache     1    16K       -        1  \n     syncache     1    72K       -        1  \naudit_evclass   172     3K       -      211  16\n       newblk     1     1K       -        1  256\n     inodedep     1   256K       -        1  \n      pagedep     1    64K       -        1  \n  ufs_dirhash    12     3K       -       12  16,64,128,512\n    ufs_mount     3     7K       -        3  256,2048,4096\n      acpidev    95     3K       -       95  32\n    vm_pgdata     1    64K       -        1  \n      CAM SIM     1     1K       -        1  128\n     atkbddev     2     1K       -        2  32\n   CAM periph     2     1K       -       10  16,32,64,128\n       apmdev     1     1K       -        1  64\n     pci_link    16     2K       -       16  32,128\n    acpi_perf     2     1K       -        2  128\n  ddb_capture     1    48K       -        1  \n       isadev     9     1K       -        9  64\n      io_apic     1     1K       -        1  1024\n      entropy  1024    64K       -     1024  64\n      memdesc     1     4K       -        1  4096\n          msi     3     1K       -        3  64\n     nexusdev     4     1K       -        4  16\n       acpica  5400   285K       -    84186  16,32,64,128,256,512,1024,4096\n        linux    13     1K       -       13  32,64\n         cdev    12     2K       -       12  128\n     acpitask     1     1K       -        1  1024\n      CAM XPT    10     2K       -       22  16,32,64,1024\n       nvidia   119   695K       -      119  16,32,64,128,256,512,1024,2048\n        mixer     1     4K       -        2  4096\n       feeder     9     1K       -       17  16,64\n         hdac    10    19K       -       10  64,128,256,512,1024,2048\n\n------------------------------------------------------------------------\nvmstat -z\n\nITEM                     SIZE     LIMIT      USED      FREE  REQUESTS  FAILURES\n\nUMA Kegs:                 128,        0,       80,       10,       80,        0\nUMA Zones:                888,        0,       80,        0,       80,        0\nUMA Slabs:                284,        0,      462,       14,     2246,        0\nUMA RCntSlabs:            544,        0,       65,        5,       65,        0\nUMA Hash:                 128,        0,        5,       25,        5,        0\n16 Bucket:                 76,        0,       36,       14,       60,        0\n32 Bucket:                140,        0,       24,        4,       48,        0\n64 Bucket:                268,        0,       23,        5,       69,       13\n128 Bucket:               524,        0,       29,        6,      791,      112\nVM OBJECT:                136,        0,      152,       51,     1202,        0\nMAP:                      140,        0,        7,       21,        7,        0\nKMAP ENTRY:                72,    57505,       45,      220,     5861,        0\nMAP ENTRY:                 72,        0,       30,      182,     2052,        0\nDP fakepg:                 72,        0,        0,        0,        0,        0\nSG fakepg:                 72,        0,        0,        0,        0,        0\nmt_zone:                 2056,        0,      219,      256,      364,        0\n16:                        16,        0,     3925,      338,    49949,        0\n32:                        32,        0,     3909,      385,    53770,        0\n64:                        64,        0,     6390,      159,    10433,        0\n128:                      128,        0,     2914,      116,     6938,        0\n256:                      256,        0,      917,       73,     7726,        0\n512:                      512,        0,       49,       39,     2436,        0\n1024:                    1024,        0,      428,       36,     2406,        0\n2048:                    2048,        0,      178,       34,      743,        0\n4096:                    4096,        0,       88,       42,      854,        0\nFiles:                     56,        0,        2,      199,      234,        0\nTURNSTILE:                 72,        0,      103,       47,      103,        0\numtx pi:                   52,        0,        0,        0,        0,        0\nMAC labels:                20,        0,        0,        0,        0,        0\nPROC:                     680,        0,       23,       13,       90,        0\nTHREAD:                   580,        0,       90,       12,       90,        0\nSLEEPQUEUE:                44,        0,      103,      133,      103,        0\nVMSPACE:                  232,        0,        3,       48,       71,        0\ncpuset:                    40,        0,        2,      182,        2,        0\naudit_record:             816,        0,        0,        0,        0,        0\nmbuf_packet:              256,        0,        0,        7,        0,        0\nmbuf:                     256,        0,       65,       70,       65,        0\nmbuf_cluster:            2048,    25600,        0,        0,        0,        0\nmbuf_jumbo_page:         4096,    12800,       64,        1,       64,        0\nmbuf_jumbo_9k:           9216,    19200,        0,        0,        0,        0\nmbuf_jumbo_16k:         16384,    12800,        0,        0,        0,        0\nmbuf_ext_refcnt:            4,        0,        0,        0,        0,        0\ng_bio:                    140,        0,        0,      112,     1116,        0\nttyinq:                   152,        0,       15,       37,       15,        0\nttyoutq:                  256,        0,        8,       22,        8,        0\nata_request:              204,        0,        1,       56,     2942,        0\nata_composite:            180,        0,        0,        0,        0,        0\nnv_stack_t:              8192,        0,        5,        0,        8,        0\nVNODE:                    268,        0,       48,       22,       49,        0\nVNODEPOLL:                 60,        0,        0,        0,        0,        0\nNAMEI:                   1024,        0,        0,       12,      669,        0\nS VFS Cache:               72,        0,       42,      117,       76,        0\nL VFS Cache:              292,        0,        0,        0,        0,        0\nDIRHASH:                 1024,        0,       20,        8,       20,        0\nNFSMOUNT:                 524,        0,        0,        0,        0,        0\nNFSNODE:                  468,        0,        0,        0,        0,        0\npipe:                     392,        0,        0,       30,        3,        0\nksiginfo:                  80,        0,       22,     1034,       22,        0\nitimer:                   220,        0,        0,        0,        0,        0\nKNOTE:                     72,        0,        0,        0,        0,        0\nsocket:                   412,    25605,        0,        0,        0,        0\nipq:                       32,      904,        0,        0,        0,        0\nudp_inpcb:                220,    25614,        0,        0,        0,        0\nudpcb:                      8,    25781,        0,        0,        0,        0\ntcp_inpcb:                220,    25614,        0,        0,        0,        0\ntcpcb:                    632,    25602,        0,        0,        0,        0\ntcptw:                     52,     5184,        0,        0,        0,        0\nsyncache:                 112,    15365,        0,        0,        0,        0\nhostcache:                 76,    15400,        0,        0,        0,        0\ntcpreass:                  20,     1690,        0,        0,        0,        0\nsackhole:                  20,        0,        0,        0,        0,        0\nripcb:                    220,    25614,        0,        0,        0,        0\nunpcb:                    172,    25622,        0,        0,        0,        0\nrtentry:                  108,        0,        0,        0,        0,        0\nselfd:                     28,        0,        0,        0,        0,        0\nSWAPMETA:                 276,   121576,        0,        0,        0,        0\nip4flow:                   40,    50232,        0,        0,        0,        0\nip6flow:                   64,    50228,        0,        0,        0,        0\nMountpoints:              644,        0,        2,       10,        2,        0\nFFS inode:                116,        0,       41,       58,       41,        0\nFFS1 dinode:              128,        0,        0,        0,        0,        0\nFFS2 dinode:              256,        0,       41,       34,       41,        0\n\n\n------------------------------------------------------------------------\nvmstat -i\n\ninterrupt                          total       rate\nirq1: atkbd0                         377         18\nirq8: rtc                          13638        681\nirq9: acpi0                          200         10\nirq14: ata0                           35          1\nirq16: vgapci0 cbb*                  292         14\nirq20: uhci0                          13          0\nirq22: ehci0                           2          0\ncpu0: timer                       106540       5327\nirq257: hdac0                        966         48\ncpu1: timer                       106394       5319\nTotal                             228457      11422\n\n------------------------------------------------------------------------\npstat -T\n\n  2/12328 files\n0M/0M swap space\n\n------------------------------------------------------------------------\npstat -s\n\nDevice          512-blocks     Used    Avail Capacity\n\n------------------------------------------------------------------------\niostat\n\niostat: kvm_read(_tk_nin): invalid address (0x0)\niostat: disabling TTY statistics\niostat: kvm_getcptime: invalid address (0x0)\niostat: disabling CPU time statistics\n             ad4 \n  KB/t tps  MB/s \n 13.37  14  0.18 \n\n------------------------------------------------------------------------\nipcs -a\n\nMessage Queues:\nT           ID          KEY MODE        OWNER    GROUP    CREATOR  CGROUP                 CBYTES                 QNUM               QBYTES        LSPID        LRPID STIME    RTIME    CTIME   \n\nShared Memory:\nT           ID          KEY MODE        OWNER    GROUP    CREATOR  CGROUP         NATTCH        SEGSZ         CPID         LPID ATIME    DTIME    CTIME   \n\nSemaphores:\nT           ID          KEY MODE        OWNER    GROUP    CREATOR  CGROUP          NSEMS OTIME    CTIME   \n\n\n------------------------------------------------------------------------\nipcs -T\n\nmsginfo:\n\tmsgmax:        16384\t(max characters in a message)\n\tmsgmni:           40\t(# of message queues)\n\tmsgmnb:         2048\t(max characters in a message queue)\n\tmsgtql:           40\t(max # of messages in system)\n\tmsgssz:            8\t(size of a message segment)\n\tmsgseg:         2048\t(# of message segments in system)\n\nshminfo:\n\tshmmax:     33554432\t(max shared memory segment size)\n\tshmmin:            1\t(min shared memory segment size)\n\tshmmni:          192\t(max number of shared memory identifiers)\n\tshmseg:          128\t(max shared memory segments per process)\n\tshmall:         8192\t(max amount of shared memory in pages)\n\nseminfo:\n\tsemmap:           30\t(# of entries in semaphore map)\n\tsemmni:           10\t(# of semaphore identifiers)\n\tsemmns:           60\t(# of semaphores in system)\n\tsemmnu:           30\t(# of undo structures in system)\n\tsemmsl:           60\t(max # of semaphores per id)\n\tsemopm:          100\t(max # of operations per semop call)\n\tsemume:           10\t(max # of undo entries per process)\n\tsemusz:          136\t(size in bytes of undo structure)\n\tsemvmx:        32767\t(semaphore maximum value)\n\tsemaem:        16384\t(adjust on exit max value)\n\n\n------------------------------------------------------------------------\nnfsstat\n\nnfsstat: kvm_nlist: can't get names\n\n------------------------------------------------------------------------\nnetstat -s\n\ntcp:\n\t0 packets sent\n\t\t0 data packets (0 bytes)\n\t\t0 data packets (0 bytes) retransmitted\n\t\t0 data packets unnecessarily retransmitted\n\t\t0 resends initiated by MTU discovery\n\t\t0 ack-only packets (0 delayed)\n\t\t0 URG only packets\n\t\t0 window probe packets\n\t\t0 window update packets\n\t\t0 control packets\n\t0 packets received\n\t\t0 acks (for 0 bytes)\n\t\t0 duplicate acks\n\t\t0 acks for unsent data\n\t\t0 packets (0 bytes) received in-sequence\n\t\t0 completely duplicate packets (0 bytes)\n\t\t0 old duplicate packets\n\t\t0 packets with some dup. data (0 bytes duped)\n\t\t0 out-of-order packets (0 bytes)\n\t\t0 packets (0 bytes) of data after window\n\t\t0 window probes\n\t\t0 window update packets\n\t\t0 packets received after close\n\t\t0 discarded for bad checksums\n\t\t0 discarded for bad header offset fields\n\t\t0 discarded because packet too short\n\t\t0 discarded due to memory problems\n\t0 connection requests\n\t0 connection accepts\n\t0 bad connection attempts\n\t0 listen queue overflows\n\t0 ignored RSTs in the windows\n\t0 connections established (including accepts)\n\t0 connections closed (including 0 drops)\n\t\t0 connections updated cached RTT on close\n\t\t0 connections updated cached RTT variance on close\n\t\t0 connections updated cached ssthresh on close\n\t0 embryonic connections dropped\n\t0 segments updated rtt (of 0 attempts)\n\t0 retransmit timeouts\n\t\t0 connections dropped by rexmit timeout\n\t0 persist timeouts\n\t\t0 connections dropped by persist timeout\n\t0 Connections (fin_wait_2) dropped because of timeout\n\t0 keepalive timeouts\n\t\t0 keepalive probes sent\n\t\t0 connections dropped by keepalive\n\t0 correct ACK header predictions\n\t0 correct data packet header predictions\n\t0 syncache entries added\n\t\t0 retransmitted\n\t\t0 dupsyn\n\t\t0 dropped\n\t\t0 completed\n\t\t0 bucket overflow\n\t\t0 cache overflow\n\t\t0 reset\n\t\t0 stale\n\t\t0 aborted\n\t\t0 badack\n\t\t0 unreach\n\t\t0 zone failures\n\t0 cookies sent\n\t0 cookies received\n\t0 SACK recovery episodes\n\t0 segment rexmits in SACK recovery episodes\n\t0 byte rexmits in SACK recovery episodes\n\t0 SACK options (SACK blocks) received\n\t0 SACK options (SACK blocks) sent\n\t0 SACK scoreboard overflow\n\t0 packets with ECN CE bit set\n\t0 packets with ECN ECT(0) bit set\n\t0 packets with ECN ECT(1) bit set\n\t0 successful ECN handshakes\n\t0 times ECN reduced the congestion window\nudp:\n\t0 datagrams received\n\t0 with incomplete header\n\t0 with bad data length field\n\t0 with bad checksum\n\t0 with no checksum\n\t0 dropped due to no socket\n\t0 broadcast/multicast datagrams undelivered\n\t0 dropped due to full socket buffers\n\t0 not for hashed pcb\n\t0 delivered\n\t0 datagrams output\n\t0 times multicast source filter matched\nip:\n\t0 total packets received\n\t0 bad header checksums\n\t0 with size smaller than minimum\n\t0 with data size \u003c data length\n\t0 with ip length \u003e max ip packet size\n\t0 with header length \u003c data size\n\t0 with data length \u003c header length\n\t0 with bad options\n\t0 with incorrect version number\n\t0 fragments received\n\t0 fragments dropped (dup or out of space)\n\t0 fragments dropped after timeout\n\t0 packets reassembled ok\n\t0 packets for this host\n\t0 packets for unknown/unsupported protocol\n\t0 packets forwarded (0 packets fast forwarded)\n\t0 packets not forwardable\n\t0 packets received for unknown multicast group\n\t0 redirects sent\n\t0 packets sent from this host\n\t0 packets sent with fabricated ip header\n\t0 output packets dropped due to no bufs, etc.\n\t0 output packets discarded due to no route\n\t0 output datagrams fragmented\n\t0 fragments created\n\t0 datagrams that can't be fragmented\n\t0 tunneling packets that can't find gif\n\t0 datagrams with bad address in header\nicmp:\n\t0 calls to icmp_error\n\t0 errors not generated in response to an icmp message\n\t0 messages with bad code fields\n\t0 messages less than the minimum length\n\t0 messages with bad checksum\n\t0 messages with bad length\n\t0 multicast echo requests ignored\n\t0 multicast timestamp requests ignored\n\t0 message responses generated\n\t0 invalid return addresses\n\t0 no return routes\nigmp:\n\t0 messages received\n\t0 messages received with too few bytes\n\t0 messages received with wrong TTL\n\t0 messages received with bad checksum\n\t0 V1/V2 membership queries received\n\t0 V3 membership queries received\n\t0 membership queries received with invalid field(s)\n\t0 general queries received\n\t0 group queries received\n\t0 group-source queries received\n\t0 group-source queries dropped\n\t0 membership reports received\n\t0 membership reports received with invalid field(s)\n\t0 membership reports received for groups to which we belong\n\t0 V3 reports received without Router Alert\n\t0 membership reports sent\narp:\n\t0 ARP requests sent\n\t0 ARP replies sent\n\t0 ARP requests received\n\t0 ARP replies received\n\t0 ARP packets received\n\t0 total packets dropped due to no ARP entry\n\t0 ARP entrys timed out\n\t0 Duplicate IPs seen\n\n------------------------------------------------------------------------\nnetstat -m\n\n65/77/142 mbufs in use (current/cache/total)\n18446744073709551609/7/0/25600 mbuf clusters in use (current/cache/total/max)\n0/7 mbuf+clusters out of packet secondary zone in use (current/cache)\n64/1/65/12800 4k (page size) jumbo clusters in use (current/cache/total/max)\n0/0/0/19200 9k jumbo clusters in use (current/cache/total/max)\n0/0/0/12800 16k jumbo clusters in use (current/cache/total/max)\n258K/37K/295K bytes allocated to network (current/cache/total)\n0/0/0 requests for mbufs denied (mbufs/clusters/mbuf+clusters)\n0/0/0 requests for jumbo clusters denied (4k/9k/16k)\n0 requests for sfbufs denied\n0 requests for sfbufs delayed\n0 requests for I/O initiated by sendfile\n0 calls to protocol drain routines\n\n------------------------------------------------------------------------\nnetstat -id\n\nName    Mtu Network       Address              Ipkts Ierrs Idrop    Opkts Oerrs  Coll Drop\nem0*   1500 \u003cLink#1\u003e      00:1c:25:20:3e:e7        0     0     0        0     0     0    0 \niwn0*  2290 \u003cLink#2\u003e      00:1d:e0:7d:9f:c7        0     0     0        0     0     0    0 \nlo0*  16384 \u003cLink#3\u003e                               0     0     0        0     0     0    0 \n\n------------------------------------------------------------------------\nnetstat -anr\n\nRouting tables\n\nInternet:\nDestination        Gateway            Flags    Refs      Use  Netif Expire\n\n------------------------------------------------------------------------\nnetstat -anA\n\n\n------------------------------------------------------------------------\nnetstat -aL\n\n\n------------------------------------------------------------------------\nfstat\n\nUSER     CMD          PID   FD MOUNT      INUM MODE         SZ|DV R/W\nroot     kldunload     90 root /             2 drwxr-xr-x     512  r\nroot     kldunload     90   wd /             2 drwxr-xr-x     512  r\nroot     kldunload     90 text /        1507378 -r-xr-xr-x    4236  r\nroot     kldunload     90    0 /dev          4 crw-------  console rw\nroot     kldunload     90    1 /dev          4 crw-------  console rw\nroot     kldunload     90    2 /dev          4 crw-------  console rw\nroot     sh            22 root /             2 drwxr-xr-x     512  r\nroot     sh            22   wd /             2 drwxr-xr-x     512  r\nroot     sh            22 text /         23591 -r-xr-xr-x  113088  r\nroot     sh            22    0 /dev          4 crw-------  console rw\nroot     sh            22    1 /dev          4 crw-------  console rw\nroot     sh            22    2 /dev          4 crw-------  console rw\nroot     sh            22   10 /dev          4 crw-------  console rw\nroot     init           1 root /             2 drwxr-xr-x     512  r\nroot     init           1   wd /             2 drwxr-xr-x     512  r\nroot     init           1 text /        1508529 -r-xr-xr-x  611452  r\nroot     kernel         0 root /             2 drwxr-xr-x     512  r\nroot     kernel         0   wd /             2 drwxr-xr-x     512  r\n\n------------------------------------------------------------------------\ndmesg\n\nCopyright (c) 1992-2010 The FreeBSD Project.\nCopyright (c) 1979, 1980, 1983, 1986, 1988, 1989, 1991, 1992, 1993, 1994\n\tThe Regents of the University of California. All rights reserved.\nFreeBSD is a registered trademark of The FreeBSD Foundation.\nFreeBSD 8.0-STABLE #0 r207006: Wed Apr 21 13:18:44 PDT 2010\n    root@garrcoop-fbsd.cisco.com:/usr/obj/usr/src/sys/LAPPY_X86 i386\nTimecounter \"i8254\" frequency 1193182 Hz quality 0\nCPU: Intel(R) Core(TM)2 Duo CPU     T7300  @ 2.00GHz (1995.02-MHz 686-class CPU)\n  Origin = \"GenuineIntel\"  Id = 0x6fb  Family = 6  Model = f  Stepping = 11\n  Features=0xbfebfbff\u003cFPU,VME,DE,PSE,TSC,MSR,PAE,MCE,CX8,APIC,SEP,MTRR,PGE,MCA,CMOV,PAT,PSE36,CLFLUSH,DTS,ACPI,MMX,FXSR,SSE,SSE2,SS,HTT,TM,PBE\u003e\n  Features2=0xe3bd\u003cSSE3,DTES64,MON,DS_CPL,VMX,EST,TM2,SSSE3,CX16,xTPR,PDCM\u003e\n  AMD Features=0x20100000\u003cNX,LM\u003e\n  AMD Features2=0x1\u003cLAHF\u003e\n  TSC: P-state invariant\nreal memory  = 2147483648 (2048 MB)\navail memory = 2048606208 (1953 MB)\nACPI APIC Table: \u003cLENOVO TP-7L   \u003e\nFreeBSD/SMP: Multiprocessor System Detected: 2 CPUs\nFreeBSD/SMP: 1 package(s) x 2 core(s)\n cpu0 (BSP): APIC ID:  0\n cpu1 (AP): APIC ID:  1\nACPI Warning: 32/64X length mismatch in Gpe1Block: 0/32 (20100121/tbfadt-625)\nACPI Warning: Optional field Gpe1Block has zero address or length:        0    102C/0 (20100121/tbfadt-655)\nioapic0: Changing APIC ID to 1\nioapic0 \u003cVersion 2.0\u003e irqs 0-23 on motherboard\nkbd1 at kbdmux0\nacpi0: \u003cLENOVO TP-7L\u003e on motherboard\nCPU0: local APIC error 0x40\nacpi0: [ITHREAD]\nacpi_ec0: \u003cEmbedded Controller: GPE 0x12, ECDT\u003e port 0x62,0x66 on acpi0\nacpi0: Power Button (fixed)\nacpi0: reservation of 0, a0000 (3) failed\nacpi0: reservation of 100000, 7df00000 (3) failed\nTimecounter \"ACPI-fast\" frequency 3579545 Hz quality 1000\nacpi_timer0: \u003c24-bit timer at 3.579545MHz\u003e port 0x1008-0x100b on acpi0\ncpu0: \u003cACPI CPU\u003e on acpi0\ncpu1: \u003cACPI CPU\u003e on acpi0\nacpi_hpet0: \u003cHigh Precision Event Timer\u003e iomem 0xfed00000-0xfed003ff on acpi0\nTimecounter \"HPET\" frequency 14318180 Hz quality 900\nacpi_lid0: \u003cControl Method Lid Switch\u003e on acpi0\nacpi_button0: \u003cSleep Button\u003e on acpi0\npcib0: \u003cACPI Host-PCI bridge\u003e port 0xcf8-0xcff on acpi0\npci0: \u003cACPI PCI bus\u003e on pcib0\npcib1: \u003cACPI PCI-PCI bridge\u003e irq 16 at device 1.0 on pci0\npci1: \u003cACPI PCI bus\u003e on pcib1\nvgapci0: \u003cVGA-compatible display\u003e port 0x2000-0x207f mem 0xd6000000-0xd6ffffff,0xe0000000-0xefffffff,0xd4000000-0xd5ffffff irq 16 at device 0.0 on pci1\nnvidia0: \u003cQuadro NVS 140M\u003e on vgapci0\nvgapci0: child nvidia0 requested pci_enable_busmaster\nvgapci0: child nvidia0 requested pci_enable_io\nvgapci0: child nvidia0 requested pci_enable_io\nnvidia0: [GIANT-LOCKED]\nnvidia0: [ITHREAD]\nem0: \u003cIntel(R) PRO/1000 Network Connection 7.0.5\u003e port 0x1840-0x185f mem 0xfe200000-0xfe21ffff,0xfe225000-0xfe225fff irq 20 at device 25.0 on pci0\nem0: Using MSI interrupt\nem0: [FILTER]\nem0: Ethernet address: 00:1c:25:20:3e:e7\nuhci0: \u003cIntel 82801H (ICH8) USB controller USB-D\u003e port 0x1860-0x187f irq 20 at device 26.0 on pci0\nuhci0: [ITHREAD]\nusbus0: \u003cIntel 82801H (ICH8) USB controller USB-D\u003e on uhci0\nuhci1: \u003cIntel 82801H (ICH8) USB controller USB-E\u003e port 0x1880-0x189f irq 21 at device 26.1 on pci0\nuhci1: [ITHREAD]\nusbus1: \u003cIntel 82801H (ICH8) USB controller USB-E\u003e on uhci1\nehci0: \u003cIntel 82801H (ICH8) USB 2.0 controller USB2-B\u003e mem 0xfe226c00-0xfe226fff irq 22 at device 26.7 on pci0\nehci0: [ITHREAD]\nusbus2: EHCI version 1.0\nusbus2: \u003cIntel 82801H (ICH8) USB 2.0 controller USB2-B\u003e on ehci0\nhdac0: \u003cIntel 82801H High Definition Audio Controller\u003e mem 0xfe220000-0xfe223fff irq 17 at device 27.0 on pci0\nhdac0: HDA Driver Revision: 20100226_0142\nhdac0: [ITHREAD]\npcib2: \u003cACPI PCI-PCI bridge\u003e irq 20 at device 28.0 on pci0\npci2: \u003cACPI PCI bus\u003e on pcib2\npcib3: \u003cACPI PCI-PCI bridge\u003e irq 21 at device 28.1 on pci0\npci3: \u003cACPI PCI bus\u003e on pcib3\niwn0: \u003cIntel(R) PRO/Wireless 4965BGN\u003e mem 0xdf2fe000-0xdf2fffff irq 17 at device 0.0 on pci3\niwn0: MIMO 2T3R, MoW1, address 00:1d:e0:7d:9f:c7\niwn0: [ITHREAD]\niwn0: 11a rates: 6Mbps 9Mbps 12Mbps 18Mbps 24Mbps 36Mbps 48Mbps 54Mbps\niwn0: 11b rates: 1Mbps 2Mbps 5.5Mbps 11Mbps\niwn0: 11g rates: 1Mbps 2Mbps 5.5Mbps 11Mbps 6Mbps 9Mbps 12Mbps 18Mbps 24Mbps 36Mbps 48Mbps 54Mbps\npcib4: \u003cACPI PCI-PCI bridge\u003e irq 22 at device 28.2 on pci0\npci4: \u003cACPI PCI bus\u003e on pcib4\npcib5: \u003cACPI PCI-PCI bridge\u003e irq 23 at device 28.3 on pci0\npci5: \u003cACPI PCI bus\u003e on pcib5\npcib6: \u003cACPI PCI-PCI bridge\u003e irq 20 at device 28.4 on pci0\npci13: \u003cACPI PCI bus\u003e on pcib6\nuhci2: \u003cIntel 82801H (ICH8) USB controller USB-A\u003e port 0x18a0-0x18bf irq 16 at device 29.0 on pci0\nuhci2: [ITHREAD]\nusbus3: \u003cIntel 82801H (ICH8) USB controller USB-A\u003e on uhci2\nuhci3: \u003cIntel 82801H (ICH8) USB controller USB-B\u003e port 0x18c0-0x18df irq 17 at device 29.1 on pci0\nuhci3: [ITHREAD]\nusbus4: \u003cIntel 82801H (ICH8) USB controller USB-B\u003e on uhci3\nuhci4: \u003cIntel 82801H (ICH8) USB controller USB-C\u003e port 0x18e0-0x18ff irq 18 at device 29.2 on pc"
}