{
 "id": 923020,
 "bug_id": 217300,
 "attachment_id": 0,
 "creation_time": "2017-02-22T19:11:47Z",
 "creator": "markusalbertgraf@gmail.com",
 "text": "This limits the speed to 54/54 Mbit/s.\n\n   Host:...............trueos-Laptop.markusgraf.net\n   User:...............markus\n   Uptime:.............3:35\n   FreeBSD kernel ver:.12.0-CURRENT\n   FreeBSD world ver:..12.0-CURRENT\n   FreeBSD git branch:.drm-next\n   FreeBSD git rev:....27d3221\n   TrueOS ver:.........TrueOS-Desktop-201702011813\n   Arch:...............amd64\n   Kernel ident:.......GENERIC\n   Bootloader:.........BSD\n   Bootloader type:....EFI\n   CPU:................Intel(R) Core(TM) i5-6300HQ CPU @ 2.30GHz\n   CPU cores:..........4\n   Memory (free/avail):14028 / 16384 Mb\n   Package set:........STABLE\n   Desktop environment:Lumina\n   X11 Driver:.........modesetting_drv.so \n   OSS Driver:.........pcm0: \u003cRealtek ALC269 (Analog 2.0+HP/2.0)\u003e (play/rec) default\n   WIFI Driver:........iwm0\n\nifconfig\nre0: flags=8843\u003cUP,BROADCAST,RUNNING,SIMPLEX,MULTICAST\u003e metric 0 mtu 1500\n\toptions=8209b\u003cRXCSUM,TXCSUM,VLAN_MTU,VLAN_HWTAGGING,VLAN_HWCSUM,WOL_MAGIC,LINKSTATE\u003e\n\tether 80:fa:5b:3b:70:e7\n\tinet6 fe80::82fa:5bff:fe3b:70e7%re0 prefixlen 64 scopeid 0x1 \n\tnd6 options=23\u003cPERFORMNUD,ACCEPT_RTADV,AUTO_LINKLOCAL\u003e\n\tmedia: Ethernet autoselect (none)\n\tstatus: no carrier\nlo0: flags=8049\u003cUP,LOOPBACK,RUNNING,MULTICAST\u003e metric 0 mtu 16384\n\toptions=600003\u003cRXCSUM,TXCSUM,RXCSUM_IPV6,TXCSUM_IPV6\u003e\n\tinet6 ::1 prefixlen 128 \n\tinet6 fe80::1%lo0 prefixlen 64 scopeid 0x2 \n\tinet 127.0.0.1 netmask 0xff000000 \n\tnd6 options=21\u003cPERFORMNUD,AUTO_LINKLOCAL\u003e\n\tgroups: lo \nwlan0: flags=8843\u003cUP,BROADCAST,RUNNING,SIMPLEX,MULTICAST\u003e metric 0 mtu 1500\n\tether f0:d5:bf:0d:ea:8a\n\tinet 192.168.178.113 netmask 0xffffff00 broadcast 192.168.178.255 \n\tnd6 options=29\u003cPERFORMNUD,IFDISABLED,AUTO_LINKLOCAL\u003e\n\tmedia: IEEE 802.11 Wireless Ethernet OFDM/54Mbps mode 11a\n\tstatus: associated\n\tssid GraHa channel 40 (5200 MHz 11a) bssid c8:0e:14:2a:5c:a9\n\tregdomain ETSI country DE authmode WPA2/802.11i privacy ON\n\tdeftxkey UNDEF AES-CCM 2:128-bit AES-CCM 3:128-bit txpower 17 bmiss 10\n\tmcastrate 6 mgmtrate 6 scanvalid 60 wme roaming MANUAL\n\tgroups: wlan\n\n\n\ndmesg\nCopyright (c) 1992-2017 The FreeBSD Project.\nCopyright (c) 1979, 1980, 1983, 1986, 1988, 1989, 1991, 1992, 1993, 1994\nThe Regents of the University of California. All rights reserved.\nFreeBSD is a registered trademark of The FreeBSD Foundation.\nFreeBSD 12.0-CURRENT #23 27d3221(drm-next): Sun Feb 5 13:22:47 UTC 2017\nroot@gauntlet:/usr/obj/usr/src/sys/GENERIC amd64\nclang version 3.9.0 (tags/RELEASE_390/final)\nVT(efifb): resolution 800x600\nCPU: Intel(R) Core(TM) i5-6300HQ CPU @ 2.30GHz (2304.08-MHz K8-class CPU)\nOrigin=\"GenuineIntel\" Id=0x506e3 Family=0x6 Model=0x5e Stepping=3\nFeatures=0xbfebfbff\u003cFPU,VME,DE,PSE,TSC,MSR,PAE,MCE,CX8,APIC,SEP,MTRR,PGE,MCA,CMOV,PAT,PSE36,CLFLUSH,DTS,ACPI,MMX,FXSR,SSE,SSE2,SS,HTT,TM,PBE\u003e\nFeatures2=0x7ffafbbf\u003cSSE3,PCLMULQDQ,DTES64,MON,DS_CPL,VMX,EST,TM2,SSSE3,SDBG,FMA,CX16,xTPR,PDCM,PCID,SSE4.1,SSE4.2,x2APIC,MOVBE,POPCNT,TSCDLT,AESNI,XSAVE,OSXSAVE,AVX,F16C,RDRAND\u003e\nAMD Features=0x2c100800\u003cSYSCALL,NX,Page1GB,RDTSCP,LM\u003e\nAMD Features2=0x121\u003cLAHF,ABM,Prefetch\u003e\nStructured Extended Features=0x29c6fbf\u003cFSGSBASE,TSCADJ,SGX,BMI1,HLE,AVX2,SMEP,BMI2,ERMS,INVPCID,RTM,NFPUSG,MPX,RDSEED,ADX,SMAP,CLFLUSHOPT,PROCTRACE\u003e\nXSAVE Features=0xf\u003cXSAVEOPT,XSAVEC,XINUSE,XSAVES\u003e\nVT-x: PAT,HLT,MTF,PAUSE,EPT,UG,VPID\nTSC: P-state invariant, performance statistics\nreal memory = 17179869184 (16384 MB)\navail memory = 16434765824 (15673 MB)\nEvent timer \"LAPIC\" quality 600\nACPI APIC Table:\nFreeBSD/SMP: Multiprocessor System Detected: 4 CPUs\nFreeBSD/SMP: 1 package(s) x 4 core(s)\nrandom: unblocking device.\nWARNING: VIMAGE (virtualized network stack) is a highly experimental feature.\nioapic0 \u003cVersion 2.0\u003e irqs 0-119 on motherboard\nSMP: AP CPU #3 Launched!\nSMP: AP CPU #2 Launched!\nSMP: AP CPU #1 Launched!\nTimecounter \"TSC-low\" frequency 1152041432 Hz quality 1000\nrandom: entropy device external interface\nnetmap: loaded module\nmodule_register_init: MOD_LOAD (vesa, 0xffffffff80feca90, 0) error 19\nrandom: registering fast source Intel Secure Key RNG\nrandom: fast provider: \"Intel Secure Key RNG\"\nkbd1 at kbdmux0\nnexus0\ncryptosoft0: on motherboard\naesni0: \u003cAES-CBC,AES-XTS,AES-GCM,AES-ICM\u003e on motherboard\nacpi0: on motherboard\nacpi0: Power Button (fixed)\ncpu0: on acpi0\ncpu1: on acpi0\ncpu2: on acpi0\ncpu3: on acpi0\nhpet0: iomem 0xfed00000-0xfed003ff on acpi0\nTimecounter \"HPET\" frequency 24000000 Hz quality 950\nEvent timer \"HPET\" frequency 24000000 Hz quality 550\nEvent timer \"HPET1\" frequency 24000000 Hz quality 440\nEvent timer \"HPET2\" frequency 24000000 Hz quality 440\nEvent timer \"HPET3\" frequency 24000000 Hz quality 440\nEvent timer \"HPET4\" frequency 24000000 Hz quality 440\natrtc0: port 0x70-0x77 irq 8 on acpi0\natrtc0: Warning: Couldn't map I/O.\nEvent timer \"RTC\" frequency 32768 Hz quality 0\nattimer0: port 0x40-0x43,0x50-0x53 irq 0 on acpi0\nTimecounter \"i8254\" frequency 1193182 Hz quality 0\nEvent timer \"i8254\" frequency 1193182 Hz quality 100\nTimecounter \"ACPI-fast\" frequency 3579545 Hz quality 900\nacpi_timer0: \u003c24-bit timer at 3.579545MHz\u003e port 0x1808-0x180b on acpi0\nacpi_ec0: \u003cEmbedded Controller: GPE 0x3\u003e port 0x62,0x66 on acpi0\npcib0: port 0xcf8-0xcff on acpi0\npcib0: _OSC returned error 0x4\npci0: on pcib0\nvgapci0: port 0xf000-0xf03f mem 0xde000000-0xdeffffff,0xc0000000-0xcfffffff at device 2.0 on pci0\nvgapci0: Boot video device\nxhci0: \u003cIntel Sunrise Point USB 3.0 controller\u003e mem 0xdf510000-0xdf51ffff at device 20.0 on pci0\nxhci0: 32 bytes context size, 64-bit DMA\nusbus0: waiting for BIOS to give up control\nxhci_interrupt: host controller halted\nusbus0 on xhci0\nusbus0: 5.0Gbps Super Speed USB v3.0\npci0: at device 22.0 (no driver attached)\nahci0: port 0xf090-0xf097,0xf080-0xf083,0xf060-0xf07f mem 0xdf528000-0xdf529fff,0xdf52c000-0xdf52c0ff,0xdf52b000-0xdf52b7ff at device 23.0 on pci0\nahci0: AHCI v1.31 with 2 6Gbps ports, Port Multiplier not supported\nahcich2: at channel 2 on ahci0\nahcich3: at channel 3 on ahci0\nahciem0: on ahci0\npcib1: at device 28.0 on pci0\npci1: on pcib1\nxhci1: \u003cXHCI (generic) USB 3.0 controller\u003e mem 0xdf400000-0xdf407fff at device 0.0 on pci1\nxhci1: 32 bytes context size, 64-bit DMA\nxhci1: Unable to map MSI-X table\nusbus1 on xhci1\nusbus1: 5.0Gbps Super Speed USB v3.0\npcib2: at device 28.4 on pci0\npci2: on pcib2\npci2: at device 0.0 (no driver attached)\nre0: \u003cRealTek 8168/8111 B/C/CP/D/DP/E/F/G PCIe Gigabit Ethernet\u003e port 0xe000-0xe0ff mem 0xdf314000-0xdf314fff,0xdf310000-0xdf313fff at device 0.1 on pci2\nre0: Using 1 MSI-X message\nre0: turning off MSI enable bit.\nre0: ASPM disabled\nre0: Chip rev. 0x5c800000\nre0: MAC rev. 0x00000000\nmiibus0: on re0\nrgephy0: \u003cRTL8251/8153 1000BASE-T media interface\u003e PHY 1 on miibus0\nrgephy0: none, 10baseT, 10baseT-FDX, 10baseT-FDX-flow, 100baseTX, 100baseTX-FDX, 100baseTX-FDX-flow, 1000baseT-FDX, 1000baseT-FDX-master, 1000baseT-FDX-flow, 1000baseT-FDX-flow-master, auto, auto-flow\nre0: Using defaults for TSO: 65518/35/2048\nre0: Ethernet address: 80:fa:5b:3b:70:e7\nre0: netmap queues/slots: TX 1/256, RX 1/256\npcib3: at device 28.6 on pci0\npci3: on pcib3\npci3: at device 0.0 (no driver attached)\npcib4: at device 28.7 on pci0\npci4: on pcib4\npci4: at device 0.0 (no driver attached)\npcib5: at device 29.0 on pci0\npci5: on pcib5\nnvme0: mem 0xdf000000-0xdf003fff at device 0.0 on pci5\nisab0: at device 31.0 on pci0\nisa0: on isab0\npci0: at device 31.2 (no driver attached)\nhdac0: mem 0xdf520000-0xdf523fff,0xdf500000-0xdf50ffff at device 31.3 on pci0\nacpi_button0: on acpi0\nacpi_button1: on acpi0\nacpi_lid0: on acpi0\nacpi_acad0: on acpi0\nbattery0: on acpi0\nacpi_tz0: on acpi0\natkbdc0: \u003cKeyboard controller (i8042)\u003e port 0x60,0x64 irq 1 on acpi0\natkbd0: irq 1 on atkbdc0\nkbd0 at atkbd0\natkbd0: [GIANT-LOCKED]\npsm0: \u003cPS/2 Mouse\u003e irq 12 on atkbdc0\npsm0: [GIANT-LOCKED]\npsm0: model Synaptics Touchpad, device ID 0\nppc0: cannot reserve I/O port range\nest0: on cpu0\nest1: on cpu1\nest2: on cpu2\nest3: on cpu3\nZFS filesystem version: 5\nZFS storage pool version: features support (5000)\nTimecounters tick every 1.000 msec\nugen1.1: \u003c0x1b21 XHCI root HUB\u003e at usbus1\nugen0.1: \u003c0x8086 XHCI root HUB\u003e at usbus0\nuhub0: \u003c0x1b21 XHCI root HUB, class 9/0, rev 3.00/1.00, addr 1\u003e on usbus1\nuhub1: \u003c0x8086 XHCI root HUB, class 9/0, rev 3.00/1.00, addr 1\u003e on usbus0\nnvd0: NVMe namespace\nnvd0: 244198MB (500118192 512 byte sectors)\nhdacc0: at cad 0 on hdac0\nhdaa0: at nid 1 on hdacc0\npcm0: \u003cRealtek ALC269 (Analog 2.0+HP/2.0)\u003e at nid 20,21 and 24 on hdaa0\npcm1: \u003cRealtek ALC269 (Internal Analog Mic)\u003e at nid 18 on hdaa0\nhdacc1: at cad 2 on hdac0\nhdaa1: at nid 1 on hdacc1\npcm2: \u003cIntel Skylake (HDMI/DP 8ch)\u003e at nid 6 on hdaa1\nses0 at ahciem0 bus 0 scbus2 target 0 lun 0\nses0: \u003cAHCI SGPIO Enclosure 1.00 0001\u003e SEMB S-E-S 2.00 device\nses0: SEMB SES Device\ncd0 at ahcich3 bus 0 scbus1 target 0 lun 0\nada0 at ahcich2 bus 0 scbus0 target 0 lun 0\ncd0: ada0: ATA8-ACS SATA 3.x device\nada0: Serial Number JR1004D31S22EM\nRemovable CD-ROM SCSI device\ncd0: Serial Number 435640505714\nada0: 600.000MB/s transfers (SATA 3.x, UDMA6, PIO 8192bytes)\nada0: Command Queueing enabled\nada0: 953869MB (1953525168 512 byte sectors)\ncd0: 150.000MB/s transfers (SATA 1.x, UDMA6, ATAPI 12bytes, PIO 8192bytes)\ncd0: Attempt to query device size failed: NOT READY, Medium not present - tray closed\nTrying to mount root from zfs:zroot/ROOT/12.0-CURRENT-up-20170207_215533 []...\nRoot mount waiting for: usbus1 usbus0\nuhub0: 4 ports with 4 removable, self powered\nuhub1: 24 ports with 24 removable, self powered\nRoot mount waiting for: usbus0\nugen0.2: \u003cSunplusIT Inc Chicony USB 2.0 Camera\u003e at usbus0\nRoot mount waiting for: usbus0\nugen0.3: \u003cvendor 0x8087 product 0x0a2b\u003e at usbus0\nugen0.4: at usbus0\nukbd0 on uhub1\nukbd0: \u003cLogitech USB Receiver, class 0/0, rev 2.00/29.00, addr 3\u003e on usbus0\nkbd2 at ukbd0\ninterface iwn.1 already present in the KLD 'kernel'!\nlinker_load_file: Unsupported file type\niwm0: \u003cIntel Dual Band Wireless AC 8260\u003e mem 0xdf200000-0xdf201fff at device 0.0 on pci3\niwm0: hw rev 0x200, fw ver 16.242414.0, address f0:d5:bf:0d:ea:8a\nCuse v0.1.34 @ /dev/cuse\nacpi_video0: on vgapci0\nfuse-freebsd: version 0.4.4, FUSE ABI 7.8\nums0 on uhub1\nums0: \u003cLogitech USB Receiver, class 0/0, rev 2.00/29.00, addr 3\u003e on usbus0\nums0: 18 buttons and [XYZT] coordinates ID=2\n[drm] Initialized\ndrmn0: on vgapci0\nvgapci0: child drmn0 requested pci_enable_io\nvgapci0: child drmn0 requested pci_enable_io\n[drm] Memory usable by graphics device = 4096M\nFailed to add WC MTRR for [0xc0000000-0xcfffffff]: -22; performance may suffer\n[drm] Supports vblank timestamp caching Rev 2 (21.10.2013).\n[drm] Driver supports precise vblank timestamp query.\n[drm] Connector eDP-1: get mode from tunables:\n[drm] - kern.vt.fb.modes.eDP-1\n[drm] - kern.vt.fb.default_mode\n[drm] Connector DP-1: get mode from tunables:\n[drm] - kern.vt.fb.modes.DP-1\n[drm] - kern.vt.fb.default_mode\n[drm] Connector HDMI-A-1: get mode from tunables:\n[drm] - kern.vt.fb.modes.HDMI-A-1\n[drm] - kern.vt.fb.default_mode\n[drm] GuC firmware load skipped\n[drm:i915_setup_sysfs] RC6 residency sysfs setup failed\n[drm] Initialized i915 1.6.0 20160919 for drmn on minor 0\nVT: Replacing driver \"efifb\" with new \"fb\".\nstart FB_INFO:\ntype=11 height=1080 width=1920 depth=32\ncmsize=16 size=9216000\npbase=0xc0240000 vbase=0xfffff800c0240000\nname=drmn0 flags=0x0 stride=7680 bpp=32\ncmap[0]=0 cmap[1]=7f0000 cmap[2]=7f00 cmap[3]=c4a000\nend FB_INFO\ndrmn0: fb0: inteldrmfb frame buffer device\ndrmn0: failed to load firmware image i915_skl_dmc_ver1_26_bin\ndrmn0: Failed to load DMC firmware [https://01.org/linuxgraphics/intel-linux-graphics-firmwares], disabling runtime power management.\nipfw2 (+ipv6) initialized, divert loadable, nat loadable, default to accept, logging disabled\nwlan0: Ethernet address: f0:d5:bf:0d:ea:8a\nre0: link state changed to DOWN\n[drm] RC6 on\niwm0: iwm_update_edca: called\niwm0: iwm_update_edca: called\nwlan0: link state changed to UP\nubt0 on uhub1\nubt0: \u003cvendor 0x8087 product 0x0a2b, class 224/1, rev 2.00/0.01, addr 2\u003e on usbus0\nWARNING pid 3253 (python2.7): ioctl sign-extension ioctl ffffffff80087467\nWARNING pid 3512 (python2.7): ioctl sign-extension ioctl ffffffff80087467\npid 1952 (PCDM-session), uid 0: exited on signal 6\nWARNING pid 62497 (python2.7): ioctl sign-extension ioctl ffffffff80087467"
}