{
 "id": 388441,
 "bug_id": 111753,
 "attachment_id": 0,
 "creation_time": "2007-04-17T06:50:02Z",
 "creator": "jamie@bishopston.net",
 "text": "\nI have found a replicable kernel panic with FreeBSD 6-STABLE whenever\nanything that uses sdl_mixer runs, and something is plugged into the\nusb port with the UHID driver.\n\nThis has been around for most (all?) of 6.X but I've only just managed\nto isolate the cause somewhat.\n\nBasically, I have a Samsung monitor which has a USB lead for controlling\nits settings:\n\nuhid0: Samsung Electronics Sam Sung Electronics, rev 1.10/2.00, addr 2, iclass 3/0\n\nIf I DISCONNECT this lead, the panic doesn't occur.\n\nI see little point in the lead in the first place - not only do i not\nhave a working driver for this controller, all the settings are on the\nfront of the screen control anyway!\n\nSo... I now leave the lead disconnected, so problem gone. However, in\nthe true spirit of trying to get all bugs fixed, rather than sweeping\nthem under the carpet, I include the kernel panic dump, and backtrace,\nand other information, as the simple fact I (as a non-root user) am able\nto panic the machine is obviously not correct :-)\n\nThis isn't therefore a high priority from my point of view, but thought\nyou'd want this information.\n\nAnything else I can provide, please let me know!\n\nCheers, Jamie\n\n6:06 (51) \"tmp\" jamie@thompson% uname -a\nFreeBSD thompson.bishopston.net 6.2-STABLE FreeBSD 6.2-STABLE #0: Fri Apr 13 13:45:47 BST 2007     root@thompson.bishopston.net:/usr/obj/usr/src/sys/THOMPSON  i386\n\n6:06 (52) \"tmp\" jamie@thompson% pciconf -vl\nagp0@pci0:0:0:  class=0x060000 card=0x08240000 chip=0x30991106 rev=0x00 hdr=0x00\n    vendor     = 'VIA Technologies Inc'\n    device     = 'VT8366/A,VT8367 Apollo KT266/A,KT333 CPU to PCI Bridge'\n    class      = bridge\n    subclass   = HOST-PCI\npcib1@pci0:1:0: class=0x060400 card=0x00000000 chip=0xb0991106 rev=0x00 hdr=0x01\n    vendor     = 'VIA Technologies Inc'\n    device     = 'VT8366/A,VT8367 Apollo KT266/A,KT333 PCI to AGP Bridge'\n    class      = bridge\n    subclass   = PCI-PCI\nrl0@pci0:8:0:   class=0x020000 card=0x813910ec chip=0x813910ec rev=0x10 hdr=0x00\n    vendor     = 'Realtek Semiconductor'\n    device     = 'RT8139 (A/B/C/810x/813x/C+) Fast Ethernet Adapter'\n    class      = network\n    subclass   = ethernet\npcm0@pci0:9:0:  class=0x040100 card=0x00211102 chip=0x00021102 rev=0x04 hdr=0x00\n    vendor     = 'Creative Labs'\n    device     = 'EMU10000 Sound Blaster Live! (Also Live! 5.1) - OEM from DELL - CT4780'\n    class      = multimedia\n    subclass   = audio\nemujoy0@pci0:9:1:       class=0x098000 card=0x00201102 chip=0x70021102 rev=0x01 hdr=0x00\n    vendor     = 'Creative Labs'\n    device     = 'EMU10000 Game Port'\n    class      = input device\nviapropm0@pci0:17:0:    class=0x060100 card=0x31471106 chip=0x31471106 rev=0x00 hdr=0x00\n    vendor     = 'VIA Technologies Inc'\n    device     = 'VT8233A PCI to ISA Bridge'\n    class      = bridge\n    subclass   = PCI-ISA\natapci0@pci0:17:1:      class=0x01018a card=0x05711106 chip=0x05711106 rev=0x06 hdr=0x00\n    vendor     = 'VIA Technologies Inc'\n    device     = 'VT82xxxx EIDE Controller (All VIA Chipsets)'\n    class      = mass storage\n    subclass   = ATA\nuhci0@pci0:17:2:        class=0x0c0300 card=0x12340925 chip=0x30381106 rev=0x23 hdr=0x00\n    vendor     = 'VIA Technologies Inc'\n    device     = 'VT82xxxxx UHCI USB 1.1 Controller (All VIA Chipsets)'\n    class      = serial bus\n    subclass   = USB\nuhci1@pci0:17:3:        class=0x0c0300 card=0x12340925 chip=0x30381106 rev=0x23 hdr=0x00\n    vendor     = 'VIA Technologies Inc'\n    device     = 'VT82xxxxx UHCI USB 1.1 Controller (All VIA Chipsets)'\n    class      = serial bus\n    subclass   = USB\nnvidia0@pci1:0:0:       class=0x030000 card=0x20341682 chip=0x032610de rev=0xa1 hdr=0x00\n    vendor     = 'NVIDIA Corporation'\n    device     = 'GeForce FX 5500 [NV34.6]'\n    class      = display\n    subclass   = VGA\n\n6:06 (53) \"tmp\" jamie@thompson% cat /var/run/dmesg.boot\nCopyright (c) 1992-2007 The FreeBSD Project.\nCopyright (c) 1979, 1980, 1983, 1986, 1988, 1989, 1991, 1992, 1993, 1994\n        The Regents of the University of California. All rights reserved.\nFreeBSD is a registered trademark of The FreeBSD Foundation.\nFreeBSD 6.2-STABLE #0: Fri Apr 13 13:45:47 BST 2007\n    root@thompson.bishopston.net:/usr/obj/usr/src/sys/THOMPSON\nmptable_probe: MP Config Table has bad signature: \\^H\\M^?\\M^?\\^A\nTimecounter \"i8254\" frequency 1193182 Hz quality 0\nCPU: AMD Athlon(tm) XP 2100+ (1734.11-MHz 686-class CPU)\n  Origin = \"AuthenticAMD\"  Id = 0x662  Stepping = 2\n  Features=0x383fbff\u003cFPU,VME,DE,PSE,TSC,MSR,PAE,MCE,CX8,APIC,SEP,MTRR,PGE,MCA,CMOV,PAT,PSE36,MMX,FXSR,SSE\u003e\n  AMD Features=0xc0400800\u003cSYSCALL,MMX+,3DNow+,3DNow\u003e\nreal memory  = 1073676288 (1023 MB)\navail memory = 1033318400 (985 MB)\nnetsmb_dev: loaded\nacpi0: \u003cVIA694 AWRDACPI\u003e on motherboard\nacpi0: Power Button (fixed)\nTimecounter \"ACPI-fast\" frequency 3579545 Hz quality 1000\nacpi_timer0: \u003c24-bit timer at 3.579545MHz\u003e port 0x4008-0x400b on acpi0\ncpu0: \u003cACPI CPU\u003e on acpi0\nacpi_throttle0: \u003cACPI CPU Throttling\u003e on cpu0\nacpi_button0: \u003cPower Button\u003e on acpi0\nacpi_button1: \u003cSleep Button\u003e on acpi0\npcib0: \u003cACPI Host-PCI bridge\u003e port 0xcf8-0xcff,0x4000-0x407f,0x4080-0x40ff,0x5000-0x500f on acpi0\npci0: \u003cACPI PCI bus\u003e on pcib0\nagp0: \u003cVIA 8367 (KT266/KY266x/KT333) host to PCI bridge\u003e mem 0xe0000000-0xe7ffffff at device 0.0 on pci0\npcib1: \u003cPCI-PCI bridge\u003e at device 1.0 on pci0\npci1: \u003cPCI bus\u003e on pcib1\nnvidia0: \u003cGeForce FX 5500\u003e mem 0xe8000000-0xe8ffffff,0xd0000000-0xdfffffff irq 11 at device 0.0 on pci1\nnvidia0: [GIANT-LOCKED]\nrl0: \u003cRealTek 8139 10/100BaseTX\u003e port 0xd000-0xd0ff mem 0xea000000-0xea0000ff irq 10 at device 8.0 on pci0\nmiibus0: \u003cMII bus\u003e on rl0\nrlphy0: \u003cRealTek internal media interface\u003e on miibus0\nrlphy0:  10baseT, 10baseT-FDX, 100baseTX, 100baseTX-FDX, auto\nrl0: Ethernet address: 00:c0:df:13:2a:df\npcm0: \u003cCreative EMU10K1\u003e port 0xd400-0xd41f irq 5 at device 9.0 on pci0\npcm0: \u003cTriTech TR28023 AC97 Codec\u003e\nviapropm0: SMBus I/O base at 0x5000\nviapropm0: SMBus I/O base at 0x5000\nviapropm0: \u003cVIA VT8233 Power Management Unit\u003e port 0x5000-0x500f at device 17.0 on pci0\nviapropm0: SMBus revision code 0x0\nsmbus0: \u003cSystem Management Bus\u003e on viapropm0\nsmb0: \u003cSMBus generic I/O\u003e on smbus0\nisa0: \u003cISA bus\u003e on viapropm0\natapci0: \u003cVIA 8233A UDMA133 controller\u003e port 0x1f0-0x1f7,0x3f6,0x170-0x177,0x376,0xdc00-0xdc0f at device 17.1 on pci0\nata0: \u003cATA channel 0\u003e on atapci0\nata1: \u003cATA channel 1\u003e on atapci0\nuhci0: \u003cVIA 83C572 USB controller\u003e port 0xe000-0xe01f irq 10 at device 17.2 on pci0\nuhci0: [GIANT-LOCKED]\nusb0: \u003cVIA 83C572 USB controller\u003e on uhci0\nusb0: USB revision 1.0\nuhub0: VIA UHCI root hub, class 9/0, rev 1.00/1.00, addr 1\nuhub0: 2 ports with 2 removable, self powered\nuhci1: \u003cVIA 83C572 USB controller\u003e port 0xe400-0xe41f irq 10 at device 17.3 on pci0\nuhci1: [GIANT-LOCKED]\nusb1: \u003cVIA 83C572 USB controller\u003e on uhci1\nusb1: USB revision 1.0\nuhub1: VIA UHCI root hub, class 9/0, rev 1.00/1.00, addr 1\nuhub1: 2 ports with 2 removable, self powered\nacpi_tz0: \u003cThermal Zone\u003e on acpi0\nspeaker0: \u003cPC speaker\u003e port 0x61 on acpi0\nfdc0: \u003cfloppy drive controller\u003e port 0x3f2-0x3f5,0x3f7 irq 6 drq 2 on acpi0\nfdc0: [FAST]\nfd0: \u003c1440-KB 3.5\" drive\u003e on fdc0 drive 0\nsio0: \u003c16550A-compatible COM port\u003e port 0x3f8-0x3ff irq 4 flags 0x10 on acpi0\nsio0: type 16550A\nsio1: \u003c16550A-compatible COM port\u003e port 0x2f8-0x2ff irq 3 on acpi0\nsio1: type 16550A\nppc0: \u003cECP parallel printer port\u003e port 0x378-0x37f,0x778-0x77b irq 7 drq 3 on acpi0\nppc0: SMC-like chipset (ECP/EPP/PS2/NIBBLE) in COMPATIBLE mode\nppc0: FIFO with 16/16/16 bytes threshold\nppbus0: \u003cParallel port bus\u003e on ppc0\nlpt0: \u003cPrinter\u003e on ppbus0\nlpt0: Interrupt-driven port\nppi0: \u003cParallel I/O\u003e on ppbus0\natkbdc0: \u003cKeyboard controller (i8042)\u003e port 0x60,0x64 irq 1 on acpi0\natkbd0: \u003cAT Keyboard\u003e irq 1 on atkbdc0\nkbd0 at atkbd0\natkbd0: [GIANT-LOCKED]\npsm0: \u003cPS/2 Mouse\u003e flags 0x44 irq 12 on atkbdc0\npsm0: [GIANT-LOCKED]\npsm0: model IntelliMouse, device ID 3\npmtimer0 on isa0\norm0: \u003cISA Option ROM\u003e at iomem 0xc0000-0xcf7ff on isa0\nsc0: \u003cSystem console\u003e at flags 0x100 on isa0\nsc0: VGA \u003c16 virtual consoles, flags=0x300\u003e\nvga0: \u003cGeneric ISA VGA\u003e at port 0x3c0-0x3df iomem 0xa0000-0xbffff on isa0\nuhid0: Samsung Electronics Sam Sung Electronics, rev 1.10/2.00, addr 2, iclass 3/0\nucom0: Prolific Technology Inc. USB-Serial Controller C, rev 1.10/4.00, addr 2\nTimecounter \"TSC\" frequency 1734105104 Hz quality 800\nTimecounters tick every 1.000 msec\nad0: 305245MB \u003cWDC WD3200JB-00KFA0 08.05J08\u003e at ata0-master UDMA100\nad1: 286168MB \u003cWDC WD3000JB-00KFA0 08.05J08\u003e at ata0-slave UDMA100\nad2: 305245MB \u003cWDC WD3200JB-00KFA0 08.05J08\u003e at ata1-master UDMA100\nacd0: DVDR \u003cHL-DT-ST DVDRAM GSA-4163B/A104\u003e at ata1-slave UDMA33\nGEOM_MIRROR: Device gm0s1 created (id=3761227597).\nGEOM_MIRROR: Device gm0s1: provider ad0s3 detected.\nGEOM_MIRROR: Device gm1s1 created (id=2286332101).\nGEOM_MIRROR: Device gm1s1: provider ad0s4 detected.\nGEOM_MIRROR: Device gm1s1: provider ad1s1 detected.\nGEOM_MIRROR: Device gm1s1: provider ad1s1 activated.\nGEOM_MIRROR: Device gm1s1: provider ad0s4 activated.\nGEOM_MIRROR: Device gm1s1: provider mirror/gm1s1 launched.\nGEOM_MIRROR: Device gm2s1 created (id=1544363515).\nGEOM_MIRROR: Device gm2s1: provider ad1s2 detected.\nGEOM_MIRROR: Device gm0s1: provider ad2s3 detected.\nGEOM_MIRROR: Device gm0s1: provider ad2s3 activated.\nGEOM_MIRROR: Device gm0s1: provider ad0s3 activated.\nGEOM_MIRROR: Device gm0s1: provider mirror/gm0s1 launched.\nGEOM_MIRROR: Device gm2s1: provider ad2s4 detected.\nGEOM_MIRROR: Device gm2s1: provider ad2s4 activated.\nGEOM_MIRROR: Device gm2s1: provider ad1s2 activated.\nGEOM_MIRROR: Device gm2s1: provider mirror/gm2s1 launched.\nTrying to mount root from ufs:/dev/mirror/gm0s1a\nWARNING: / was not properly dismounted\nacd0: FAILURE - INQUIRY ILLEGAL REQUEST asc=0x24 ascq=0x00 sks=0x40 0x00 0x01\ncd0 at ata1 bus 0 target 1 lun 0\ncd0: \u003cHL-DT-ST DVDRAM GSA-4163B A104\u003e Removable CD-ROM SCSI-0 device \ncd0: 33.000MB/s transfers\ncd0: cd present [36235 x 2048 byte records]\nbridge0: Ethernet address: 76:20:7e:95:84:02\n\n6:06 (54) \"tmp\" jamie@thompson% usbdevs -l\nController /dev/usb0:\naddr 1: full speed, self powered, config 1, UHCI root hub(0x0000), VIA(0x0000), rev 1.00\n port 1 powered\n port 2 addr 2: low speed, self powered, config 1, Sam Sung Electronics(0x8002), Samsung Electronics(0x0419), rev 2.00\nController /dev/usb1:\naddr 1: full speed, self powered, config 1, UHCI root hub(0x0000), VIA(0x0000), rev 1.00\n port 1 powered\n port 2 addr 2: full speed, power 100 mA, config 1, USB-Serial Controller C(0x2303), Prolific Technology Inc.(0x067b), rev 4.00\n\n\"THOMPSON\" root@thompson# kgdb kernel.debug /var/crash/vmcore.0\nkgdb: kvm_nlist(_stopped_cpus): \nkgdb: kvm_nlist(_stoppcbs): \n[GDB will not be able to debug user-mode threads: /usr/lib/libthread_db.so: Undefined symbol \"ps_pglobal_lookup\"]\nGNU gdb 6.1.1 [FreeBSD]\nCopyright 2004 Free Software Foundation, Inc.\nGDB is free software, covered by the GNU General Public License, and you are\nwelcome to change it and/or distribute copies of it under certain conditions.\nType \"show copying\" to see the conditions.\nThere is absolutely no warranty for GDB.  Type \"show warranty\" for details.\nThis GDB was configured as \"i386-marcel-freebsd\".\n\nUnread portion of the kernel message buffer:\n\n\nFatal trap 12: page fault while in kernel mode\nfault virtual address   = 0x4\nfault code              = supervisor write, page not present\ninstruction pointer     = 0x20:0xc04aca9e\nstack pointer           = 0x28:0xe686f8d4\nframe pointer           = 0x28:0xe686f90c\ncode segment            = base 0x0, limit 0xfffff, type 0x1b\n                        = DPL 0, pres 1, def32 1, gran 1\nprocessor eflags        = interrupt enabled, resume, IOPL = 0\ncurrent process         = 1452 (tuxracer)\ntrap number             = 12\npanic: page fault\nUptime: 1m24s\nDumping 1023 MB (2 chunks)\n  chunk 0: 1MB (159 pages) ... ok\n  chunk 1: 1023MB (261872 pages) 1007 991 975 959 943 927 911 895 879 863 847 831 815 799 783 767 751 735 719 703 687 671 655 639 623 607 591 575 559 543 527 511 495 479 463 447 431 415 399 383 367 351 335 319 303 287 271 255 239 223 207 191 175 159 143 127 111 95 79 63 47 31 15\n\n#0  doadump () at pcpu.h:165\n165             __asm __volatile(\"movl %%fs:0,%0\" : \"=r\" (td));\n(kgdb) list *0xc04aca9e\n0xc04aca9e is in uhci_device_intr_start (/usr/src/sys/dev/usb/uhci.c:2129).\n2124            err = uhci_alloc_std_chain(upipe, sc, xfer-\u003elength, isread,\n2125                                       xfer-\u003eflags, \u0026xfer-\u003edmabuf, \u0026data,\n2126                                       \u0026dataend);\n2127            if (err)\n2128                    return (err);\n2129            dataend-\u003etd.td_status |= htole32(UHCI_TD_IOC);\n2130    \n2131    #ifdef USB_DEBUG\n2132            if (uhcidebug \u003e 10) {\n2133                    DPRINTF((\"uhci_device_intr_transfer: data(1)\\n\"));\n(kgdb) backtrace\n#0  doadump () at pcpu.h:165\n#1  0xc05399c4 in boot (howto=260) at /usr/src/sys/kern/kern_shutdown.c:409\n#2  0xc0539cf6 in panic (fmt=0xc0738c69 \"%s\") at /usr/src/sys/kern/kern_shutdown.c:565\n#3  0xc070f34c in trap_fatal (frame=0xe686f894, eva=0) at /usr/src/sys/i386/i386/trap.c:837\n#4  0xc070f052 in trap_pfault (frame=0xe686f894, usermode=0, eva=4) at /usr/src/sys/i386/i386/trap.c:745\n#5  0xc070ec1d in trap (frame=\n      {tf_fs = 8, tf_es = 40, tf_ds = 40, tf_edi = -985657856, tf_esi = -985657744, tf_ebp = -427362036, tf_isp = -427362112, tf_ebx = -977865856, tf_edx = 0, tf_ecx = -977865856, tf_eax = 0, tf_trapno = 12, tf_err = 2, tf_eip = -1068840290, tf_cs = 32, tf_eflags = 66118, tf_esp = -977865856, tf_ss = -985714688}) at /usr/src/sys/i386/i386/trap.c:435\n#6  0xc06fa2ea in calltrap () at /usr/src/sys/i386/i386/exception.s:139\n#7  0xc04aca9e in uhci_device_intr_start (xfer=0xc5400e00) at /usr/src/sys/dev/usb/uhci.c:2129\n#8  0xc04aca15 in uhci_device_intr_transfer (xfer=0xc5400e00) at /usr/src/sys/dev/usb/uhci.c:2091\n#9  0xc04b90e1 in usbd_transfer (xfer=0xc5400e00) at /usr/src/sys/dev/usb/usbdi.c:322\n#10 0xc04b8f3c in usbd_open_pipe_intr (iface=0xc5400e00, address=129 '\\201', flags=4 '\\004', pipe=0x0, priv=0x0, buffer=0x0, len=0, cb=0, ival=0) at /usr/src/sys/dev/usb/usbdi.c:244\n#11 0xc04afacf in uhidopen (dev=0x0, flag=1, mode=8192, p=0xc6045300) at /usr/src/sys/dev/usb/uhid.c:461\n#12 0xc0506401 in giant_open (dev=0xc542fc00, oflags=0, devtype=0, td=0x0) at /usr/src/sys/kern/kern_conf.c:260\n#13 0xc04be832 in devfs_open (ap=0xe686fa50) at /usr/src/sys/fs/devfs/devfs_vnops.c:772\n#14 0xc0726043 in VOP_OPEN_APV (vop=0x0, a=0x0) at vnode_if.c:372\n#15 0xc05b429d in vn_open_cred (ndp=0xe686fbc0, flagp=0xe686fcc0, cmode=0, cred=0xc5d9d380, fdidx=11) at vnode_if.h:198\n#16 0xc05b3df3 in vn_open (ndp=0xc5b6f380, flagp=0x0, cmode=0, fdidx=0) at /usr/src/sys/kern/vfs_vnops.c:91\n#17 0xc05aaf58 in kern_open (td=0xc6045300, path=0x0, pathseg=UIO_USERSPACE, flags=1, mode=0) at /usr/src/sys/kern/vfs_syscalls.c:1007\n#18 0xc05aae56 in open (td=0x0, uap=0xe686fd04) at /usr/src/sys/kern/vfs_syscalls.c:971\n#19 0xc070f722 in syscall (frame=\n      {tf_fs = 59, tf_es = 59, tf_ds = 59, tf_edi = 137068544, tf_esi = 0, tf_ebp = -1077943288, tf_isp = -427360924, tf_ebx = 1213965492, tf_edx = 0, tf_ecx = 0, tf_eax = 5, tf_trapno = 22, tf_err = 2, tf_eip = 1214787399, tf_cs = 51, tf_eflags = 582, tf_esp = -1077943316, tf_ss = 59}) at /usr/src/sys/i386/i386/trap.c:983\n#20 0xc06fa33f in Xint0x80_syscall () at /usr/src/sys/i386/i386/exception.s:200\n#21 0x00000033 in ?? ()\nPrevious frame inner to this frame (corrupt stack?)\n(kgdb) quit\n\nFix: \n\n-- \n-=-=-=-  Virus Scanned by \"pacha.mail.bishopston.net\" using ClamAv  -=-=-=-\nDatabase Last Checked: Tue Apr 17 05:38:00 BST 2007 - http://www.clamav.net/\nDatabase Updated     : Tue Apr 17 05:38:00 BST 2007 - 110201 viruses scanned\nHow-To-Repeat: MAke sure UHID is in the kernel, and a usb device that operates under uhid is installed (well, if\nnot ALL uhid devices, at least:\n\nuhid0: Samsung Electronics Sam Sung Electronics, rev 1.10/2.00, addr 2, iclass 3/0"
}