{
 "id": 385494,
 "bug_id": 111098,
 "attachment_id": 0,
 "creation_time": "2007-04-01T17:00:10Z",
 "creator": "dhchen@dhchen.com",
 "text": "Recently I installed and run mldonkey-current. After running mldonkey kernel becomes very unstable. Systems panics unexpectedly. First I thought it's about the kernel I used(about one month ago), so I updated to newest kernel, but the problem still there. It panics at network stack, so maybe it's not the donkey's problem.\n\n\nkernel stack (bt full) at panic:\n\n#0  doadump () at pcpu.h:172\nNo locals.\n#1  0xc0531c0c in boot (howto=260) at /usr/src/sys/kern/kern_shutdown.c:409\n        first_buf_printf = 1\n#2  0xc0531f7d in panic (fmt=0xc06d0bc0 \"%s\") at /usr/src/sys/kern/kern_shutdown.c:563\n        td = (struct thread *) 0xc29931b0\n        bootopt = 256\n        newpanic = 1\n        ap = 0xc29931b0 \"\"\n        buf = \"page fault\", '\\0' \u003crepeats 245 times\u003e\n#3  0xc06ac232 in trap_fatal (frame=0xd487c8cc, eva=12) at /usr/src/sys/i386/i386/trap.c:868\n        code = 0\n        type = 12\n        ss = 40\n        esp = 0\n        softseg = {ssd_base = 0, ssd_limit = 1048575, ssd_type = 27, ssd_dpl = 0, ssd_p = 1,\n  ssd_xx = 8, ssd_xx1 = 0, ssd_def32 = 1, ssd_gran = 1}\n        msg = 0x0\n#4  0xc06abec5 in trap_pfault (frame=0xd487c8cc, usermode=0, eva=12)\n    at /usr/src/sys/i386/i386/trap.c:777\n        va = 0\n        vm = (struct vmspace *) 0x0\n        map = 0x1\n        rv = 1\n        ftype = 1 '\\001'\n        td = (struct thread *) 0xc29931b0\n        p = (struct proc *) 0xc2992900\n#5  0xc06aba3c in trap (frame=0xd487c8cc) at /usr/src/sys/i386/i386/trap.c:462\n        td = (struct thread *) 0xc29931b0\n        p = (struct proc *) 0xc2992900\n        i = 0\n        ucode = 0\n        type = 12\n        code = 0\n        addr = -1026758624\n        eva = 12\n        ksi = {ksi_link = {tqe_next = 0xc2a2bcc4, tqe_prev = 0xd487c8e0}, ksi_info = {\n    si_signo = -1023981568, si_errno = -729298312, si_code = -729298436, si_pid = -1069226950,\n    si_uid = 3265444096, si_status = -729298720, si_addr = 0x1, si_value = {sival_int = 0,\n      sival_ptr = 0x0}, _reason = {_fault = {_trapno = 0}, _timer = {_timerid = 0,\n        _overrun = 127}, _mesgq = {_mqd = 0}, _poll = {_band = 0}, __spare__ = {__spare1__ = 0,\n        __spare2__ = {127, 0, -1029855672, 1, 389150722, 54, -1027982768}}}},\n  ksi_flags = -1021236156, ksi_sigq = 0xd487c914}\n#6  0xc069970b in calltrap () at /usr/src/sys/i386/i386/exception.s:139\nNo locals.\n#7  0xc057e492 in sbsndptr (sb=0xc31f5e5c, off=3191, len=1188, moff=0x0)\n    at /usr/src/sys/kern/uipc_sockbuf.c:936\n        m = (struct mbuf *) 0x0\n        ret = (struct mbuf *) 0xc2ba9300\n#8  0xc05ea96d in tcp_output (tp=0xc31ebae0) at /usr/src/sys/netinet/tcp_output.c:796\n        mb = (struct mbuf *) 0xc77\n        moff = 0\n        so = (struct socket *) 0xc31f5d98\n        len = 4380\n        recwin = 65700\n        sendwin = 4380\n        off = 0\n        flags = 16\n        error = 0\n        m = (struct mbuf *) 0xc2bf2400\n        ip = (struct ip *) 0x0\n        th = (struct tcphdr *) 0x111c\n        opt = \"\\000H\u0026#40408;\u0026#37485;\\036\u0026#40672;020\\000\\000\\000\u0026#22505;\\207\u0026#22539;\\230W\u0026#39184;000@\\004\u0026#32311;000H\u0026#40408;\\000\\000\\000\\000\\000\\000\\000\\000\u0026#22145;\\207?\n        ipoptlen = 0\n        optlen = 0\n        hdrlen = 40\n        idle = 1\n        sendalot = 0\n        sack_rxmit = 0\n        sack_bytes_rxmt = 0\n        p = (struct sackhole *) 0x0\n        tso = 1\n        to = {to_flags = 0, to_tsval = 3270985728, to_tsecr = 256, to_mss = 0, to_wscale = 0 '\\0',\n  to_nsacks = 0 '\\0', to_sacks = 0xc05799c7 \"\\203\u0026#23360;f[]\u0026#40672;215v\",\n  to_signature = 0xc1055e00 \"]\u0026#24159;\u0026#39184;210n\\005\u0026#32311;200n\\005?}\n        ip6 = (struct ip6_hdr *) 0x0\n        isipv6 = 0\n#9  0xc05e8d44 in tcp_do_segment (m=0xc2f74800, th=0xc2fa8824, so=0xc31f5d98, tp=0xc31ebae0,\n    drop_hdrlen=40, tlen=0) at /usr/src/sys/netinet/tcp_input.c:2537\n        thflags = 16\n        acked = 0\n        ourfinisacked = 0\n        needoutput = 1\n        rstreason = 1188\n        todrop = 0\n        win = 3191\n        tiwin = 17520\n        to = {to_flags = 0, to_tsval = 3271198736, to_tsecr = 3565669016, to_mss = 51944,\n  to_wscale = 135 '\\207', to_nsacks = 212 '?,\n  to_sacks = 0xc05c72ce \"\\211\u0026#37189;213]\u0026#28725;213u\u0026#40011;213}\u0026#57686;211\u0026#39199;\u0026#40672;215v\", to_signature = 0xc29ce000 \"\"}\n#10 0xc05e6fc7 in tcp_input (m=0xc2f74800, off0=20) at /usr/src/sys/netinet/tcp_input.c:1004\n        th = (struct tcphdr *) 0xc2fa8824\n        ip = (struct ip *) 0xc2fa8810\n        ipov = (struct ipovly *) 0xc32ad5e8\n        inp = (struct inpcb *) 0xc32ad5e8\n        tp = (struct tcpcb *) 0xc31ebae0\n        so = (struct socket *) 0xc31f5d98\n        optp = (u_char *) 0x0\n        optlen = 0\n        len = 40\n        tlen = 0\n        off = 40\n        drop_hdrlen = 40\n        thflags = 16\n        rstreason = 1188\n        ip6 = (struct ip6_hdr *) 0x0\n        isipv6 = 0\n        ip6buf = '\\0' \u003crepeats 16 times\u003e, \"H\u0026#27771;207\u0026#23093;\u0026#39184;\\\u0026#39184;030\u0026#37401;\u0026#39184;000\\000\\000\\000\\000\\000\\000\\000\\001\\000\\000\\000\\000\\000\\000\\000\\000H\"\n        to = {to_flags = 0, to_tsval = 0, to_tsecr = 1, to_mss = 51996, to_wscale = 135 '\\207',\n  to_nsacks = 212 '?, to_sacks = 0xc045eb70 \"\\211\u0026#36513;205\u0026#40860;\\032\\203;\",\n  to_signature = 0x1 \u003cAddress 0x1 out of bounds\u003e}\n#11 0xc05de28d in ip_input (m=0xc2f74800) at /usr/src/sys/netinet/ip_input.c:662\n        ip = (struct ip *) 0xc2fa8810\n        ia = (struct in_ifaddr *) 0xc2b33200\n        ifa = (struct ifaddr *) 0xc77\n        checkif = 0\n        hlen = 20\n        sum = 1188\n        dchg = 0\n        odst = {s_addr = 1286374108}\n#12 0xc05cbd7d in netisr_dispatch (num=2, m=0xc77) at /usr/src/sys/net/netisr.c:278\n        ni = (struct netisr *) 0x4a4\n#13 0xc05c7d3f in ether_demux (ifp=0xc29aac00, m=0xc2f74800) at /usr/src/sys/net/if_ethersubr.c:829\n        eh = (struct ether_header *) 0x4a4\n        isr = 3191\n        ether_type = 2048\n#14 0xc05c7b56 in ether_input (ifp=0xc29aac00, m=0xc2f74800) at /usr/src/sys/net/if_ethersubr.c:687\n        eh = (struct ether_header *) 0xc2fa8802\n        etype = 2048\n#15 0xc04b2108 in msk_rxeof (sc_if=0xc29bf000, status=4, len=60)\n    at /usr/src/sys/dev/msk/if_msk.c:3062\n        m = (struct mbuf *) 0xc2f74800\n        ifp = (struct ifnet *) 0xc29aac00\n        cons = 0\n        rxlen = 3191\n#16 0xc04b2da3 in msk_handle_events (sc=0xc29be900) at /usr/src/sys/dev/msk/if_msk.c:3440\n        sc_if = (struct msk_if_softc *) 0xc29bf000\n        rxput = {0, 0}\n        sd = (struct msk_stat_desc *) 0x4a4\n        control = 3191\n        status = 3932416\n        cons = 991\n        idx = 992\n        len = 60\n        port = 0\n        rxprog = 0\n#17 0xc04b3328 in msk_int_task (arg=0xc29be900, pending=1) at /usr/src/sys/dev/msk/if_msk.c:3553\n        sc = (struct msk_softc *) 0xc29be900\n        sc_if0 = (struct msk_if_softc *) 0xc29bf000\n        sc_if1 = (struct msk_if_softc *) 0x0\n        ifp0 = (struct ifnet *) 0xc29aac00\n        ifp1 = (struct ifnet *) 0x0\n        status = 1073741824\n        domore = -1030147664\n#18 0xc056141d in taskqueue_run (queue=0xc29a0d00) at /usr/src/sys/kern/subr_taskqueue.c:255\n        task = (struct task *) 0xc29be9a0\n        owned = 1\n        pending = 1\n#19 0xc05619b8 in taskqueue_thread_loop (arg=0x4a4) at /usr/src/sys/kern/subr_taskqueue.c:374\n        tq = (struct taskqueue *) 0xc29a0d00\n#20 0xc0517890 in fork_exit (callout=0xc0561920 \u003ctaskqueue_thread_loop\u003e, arg=0x4a4, frame=0x4a4)\n    at /usr/src/sys/kern/kern_fork.c:814\n        p = (struct proc *) 0xc2992900\n        td = (struct thread *) 0xc77\n#21 0xc0699780 in fork_trampoline () at /usr/src/sys/i386/i386/exception.s:205\nNo locals.\n\n\nboot dmesg:\n\nCopyright (c) 1992-2007 The FreeBSD Project.\nCopyright (c) 1979, 1980, 1983, 1986, 1988, 1989, 1991, 1992, 1993, 1994\n        The Regents of the University of California. All rights reserved.\nFreeBSD is a registered trademark of The FreeBSD Foundation.\nFreeBSD 7.0-CURRENT #10: Sat Mar 31 14:55:29 CST 2007\n    root@equinox.dhchen.com:/usr/obj/usr/src/sys/EQUINOX\nTimecounter \"i8254\" frequency 1193182 Hz quality 0\nCPU: Intel(R) Celeron(R) M processor         1.40GHz (1399.85-MHz 686-class CPU)\n  Origin = \"GenuineIntel\"  Id = 0x6d8  Stepping = 8\n  Features=0xafe9fbff\u003cFPU,VME,DE,PSE,TSC,MSR,PAE,MCE,CX8,APIC,SEP,MTRR,PGE,MCA,CMOV,PAT,CLFLUSH,DTS,ACPI,MMX,FXSR,SSE,SSE2,SS,TM,PBE\u003e\n  AMD Features=0x100000\u003cNX\u003e\nreal memory  = 527302656 (502 MB)\navail memory = 506490880 (483 MB)\nACPI: RSDP @ 0x0xf9190/0x0014 (v  0 IntelR)\nACPI: RSDT @ 0x0x1f6e3040/0x0030 (v  1 IntelR AWRDACPI 0x42302E31 AWRD 0x00000000)\nACPI: FACP @ 0x0x1f6e30c0/0x0074 (v  1 IntelR AWRDACPI 0x42302E31 AWRD 0x00000000)\nACPI: DSDT @ 0x0x1f6e3180/0x41EA (v  1 INTELR AWRDACPI 0x00001000 MSFT 0x0100000E)\nACPI: FACS @ 0x0x1f6e0000/0x0040\nACPI: MCFG @ 0x0x1f6e7480/0x003C (v  1 IntelR AWRDACPI 0x42302E31 AWRD 0x00000000)\nACPI: APIC @ 0x0x1f6e73c0/0x005A (v  1 IntelR AWRDACPI 0x42302E31 AWRD 0x00000000)\nacpi0: \u003cIntelR AWRDACPI\u003e on motherboard\nacpi0: [ITHREAD]\nacpi0: Power Button (fixed)\nacpi0: reservation of 0, a0000 (3) failed\nacpi0: reservation of 100000, 1f5e0000 (3) failed\nTimecounter \"ACPI-safe\" frequency 3579545 Hz quality 1000\nacpi_timer0: \u003c24-bit timer at 3.579545MHz\u003e port 0x408-0x40b on acpi0\ncpu0: \u003cACPI CPU\u003e on acpi0\np4tcc0: \u003cCPU Frequency Thermal Control\u003e on cpu0\nacpi_button0: \u003cPower Button\u003e on acpi0\npcib0: \u003cACPI Host-PCI bridge\u003e port 0xcf8-0xcff on acpi0\npci0: \u003cACPI PCI bus\u003e on pcib0\nvgapci0: \u003cVGA-compatible display\u003e port 0xe400-0xe407 mem 0xd0300000-0xd037ffff,0xc0000000-0xcfffffff,0xd0380000-0xd03bffff irq 10 at device 2.0 on pci0\nagp0: \u003cIntel 82915GM (915GM GMCH) SVGA controller\u003e on vgapci0\nagp0: detected 7932k stolen memory\nagp0: aperture size is 256M\npci0: \u003cmultimedia\u003e at device 27.0 (no driver attached)\npcib1: \u003cACPI PCI-PCI bridge\u003e irq 10 at device 28.0 on pci0\npci1: \u003cACPI PCI bus\u003e on pcib1\nmskc0: \u003cMarvell Yukon 88E8053 Gigabit Ethernet\u003e port 0xb000-0xb0ff mem 0xd0020000-0xd0023fff irq 10 at device 0.0 on pci1\nmsk0: \u003cMarvell Technology Group Ltd. Yukon EC Id 0xb6 Rev 0x01\u003e on mskc0\nmsk0: Ethernet address: 00:13:d3:50:f5:b9\nmiibus0: \u003cMII bus\u003e on msk0\ne1000phy0: \u003cMarvell 88E1111 Gigabit PHY\u003e PHY 0 on miibus0\ne1000phy0:  10baseT, 10baseT-FDX, 100baseTX, 100baseTX-FDX, 1000baseTX-FDX, auto\nmskc0: [FILTER]\npcib2: \u003cACPI PCI-PCI bridge\u003e irq 12 at device 28.1 on pci0\npci2: \u003cACPI PCI bus\u003e on pcib2\nmskc1: \u003cMarvell Yukon 88E8053 Gigabit Ethernet\u003e port 0xc000-0xc0ff mem 0xd0120000-0xd0123fff irq 12 at device 0.0 on pci2\nmsk1: \u003cMarvell Technology Group Ltd. Yukon EC Id 0xb6 Rev 0x01\u003e on mskc1\nmsk1: Ethernet address: 00:13:d3:50:f5:b8\nmiibus1: \u003cMII bus\u003e on msk1\ne1000phy1: \u003cMarvell 88E1111 Gigabit PHY\u003e PHY 0 on miibus1\ne1000phy1:  10baseT, 10baseT-FDX, 100baseTX, 100baseTX-FDX, 1000baseTX-FDX, auto\nmskc1: [FILTER]\nuhci0: \u003cIntel 82801FB/FR/FW/FRW (ICH6) USB controller USB-A\u003e port 0xe000-0xe01f irq 9 at device 29.0 on pci0\nuhci0: [GIANT-LOCKED]\nuhci0: [ITHREAD]\nusb0: \u003cIntel 82801FB/FR/FW/FRW (ICH6) USB controller USB-A\u003e on uhci0\nusb0: USB revision 1.0\nuhub0: \u003cIntel UHCI root hub, class 9/0, rev 1.00/1.00, addr 1\u003e on usb0\nuhub0: 2 ports with 2 removable, self powered\nuhci1: \u003cIntel 82801FB/FR/FW/FRW (ICH6) USB controller USB-B\u003e port 0xe100-0xe11f irq 11 at device 29.1 on pci0\nuhci1: [GIANT-LOCKED]\nuhci1: [ITHREAD]\nusb1: \u003cIntel 82801FB/FR/FW/FRW (ICH6) USB controller USB-B\u003e on uhci1\nusb1: USB revision 1.0\nuhub1: \u003cIntel UHCI root hub, class 9/0, rev 1.00/1.00, addr 1\u003e on usb1\nuhub1: 2 ports with 2 removable, self powered\nuhci2: \u003cIntel 82801FB/FR/FW/FRW (ICH6) USB controller USB-C\u003e port 0xe200-0xe21f irq 11 at device 29.2 on pci0\nuhci2: [GIANT-LOCKED]\nuhci2: [ITHREAD]\nusb2: \u003cIntel 82801FB/FR/FW/FRW (ICH6) USB controller USB-C\u003e on uhci2\nusb2: USB revision 1.0\nuhub2: \u003cIntel UHCI root hub, class 9/0, rev 1.00/1.00, addr 1\u003e on usb2\nuhub2: 2 ports with 2 removable, self powered\nuhci3: \u003cIntel 82801FB/FR/FW/FRW (ICH6) USB controller USB-D\u003e port 0xe300-0xe31f irq 10 at device 29.3 on pci0\nuhci3: [GIANT-LOCKED]\nuhci3: [ITHREAD]\nusb3: \u003cIntel 82801FB/FR/FW/FRW (ICH6) USB controller USB-D\u003e on uhci3\nusb3: USB revision 1.0\nuhub3: \u003cIntel UHCI root hub, class 9/0, rev 1.00/1.00, addr 1\u003e on usb3\nuhub3: 2 ports with 2 removable, self powered\nehci0: \u003cIntel 82801FB (ICH6) USB 2.0 controller\u003e mem 0xd03c4000-0xd03c43ff irq 9 at device 29.7 on pci0\nehci0: [GIANT-LOCKED]\nehci0: [ITHREAD]\nusb4: EHCI version 1.0\nusb4: companion controllers, 2 ports each: usb0 usb1 usb2 usb3\nusb4: \u003cIntel 82801FB (ICH6) USB 2.0 controller\u003e on ehci0\nusb4: USB revision 2.0\nuhub4: \u003cIntel EHCI root hub, class 9/0, rev 2.00/1.00, addr 1\u003e on usb4\nuhub4: 8 ports with 8 removable, self powered\npcib3: \u003cACPI PCI-PCI bridge\u003e at device 30.0 on pci0\npci3: \u003cACPI PCI bus\u003e on pcib3\npci3: \u003cserial bus, FireWire\u003e at device 9.0 (no driver attached)\nisab0: \u003cPCI-ISA bridge\u003e at device 31.0 on pci0\nisa0: \u003cISA bus\u003e on isab0\natapci0: \u003cIntel ICH6 UDMA100 controller\u003e port 0x1f0-0x1f7,0x3f6,0x170-0x177,0x376,0xf000-0xf00f at device 31.1 on pci0\nata0: \u003cATA channel 0\u003e on atapci0\nata0: [ITHREAD]\nata1: \u003cATA channel 1\u003e on atapci0\nata1: [ITHREAD]\natapci1: \u003cIntel ICH6 SATA150 controller\u003e port 0xe500-0xe507,0xe600-0xe603,0xe700-0xe707,0xe800-0xe803,0xe900-0xe90f irq 11 at device 31.2 on pci0\natapci1: [ITHREAD]\nata2: \u003cATA channel 0\u003e on atapci1\nata2: [ITHREAD]\nata3: \u003cATA channel 1\u003e on atapci1\nata3: [ITHREAD]\nichsmb0: \u003cSMBus controller\u003e port 0x500-0x51f irq 11 at device 31.3 on pci0\nichsmb0: [GIANT-LOCKED]\nichsmb0: [ITHREAD]\nsmbus0: \u003cSystem Management Bus\u003e on ichsmb0\nsmb0: \u003cSMBus generic I/O\u003e on smbus0\nacpi_tz0: \u003cThermal Zone\u003e on acpi0\nsio0: \u003c16550A-compatible COM port\u003e port 0x3f8-0x3ff irq 4 flags 0x10 on acpi0\nsio0: type 16550A\nsio0: [FILTER]\nsio1: \u003c16550A-compatible COM port\u003e port 0x2f8-0x2ff irq 3 on acpi0\nsio1: type 16550A\nsio1: [FILTER]\norm0: \u003cISA Option ROM\u003e at iomem 0xc0000-0xce7ff pnpid ORM0000 on isa0\natkbdc0: \u003cKeyboard controller (i8042)\u003e at port 0x60,0x64 on isa0\natkbd0: \u003cAT Keyboard\u003e irq 1 on atkbdc0\natkbd0: [GIANT-LOCKED]\natkbd0: [ITHREAD]\nsc0: \u003cSystem console\u003e at flags 0x100 on isa0\nsc0: VGA \u003c16 virtual consoles, flags=0x300\u003e\nvga0: \u003cGeneric ISA VGA\u003e at port 0x3c0-0x3df iomem 0xa0000-0xbffff on isa0\nTimecounter \"TSC\" frequency 1399849927 Hz quality 800\nTimecounters tick every 1.000 msec\nad0: 117800MB \u003cHDS722512VLAT80 V33OA6MA\u003e at ata0-master UDMA100\nad4: 238475MB \u003cHDT722525DLA380 V44OA96A\u003e at ata2-master SATA150\nTrying to mount root from ufs:/dev/ad4s1a\nWARNING: / was not properly dismounted\nmsk0: link state changed to UP\nmsk1: link state changed to UP"
}