{
 "id": 1080978,
 "bug_id": 242891,
 "attachment_id": 0,
 "creation_time": "2019-12-26T10:19:40Z",
 "creator": "michael.adm@gmail.com",
 "text": "Mellanox ConnectX-4 Lx\nHPE Ethernet 10/25Gb 2-port 640FLR-SFP28 Adapter\n  Firmware Version 14.26.1040, Driver Version 2.30.21713.0\n\nmlx5en: Mellanox Ethernet driver 3.5.2 (September 2019)\n\nErrors are:\n mlx5_core0: ERR: mlx5_init_once:918:(pid 0): Unable to find vendor specific capabilities\n mlx5_core0: WARN: mlx5_fwdump_prep:76:(pid 0): Failed to find vendor-specific capability, error 2\n hn0: mce0 SIOCGRSSKEY failed: 22\n\nWhile in test mode, the work of the network card is not suspicious, but maybe there are some pitfalls?\nIs it possible to put this network card in a production server under high load with such error messages?\n\nHyper-V 2019 server; VM - FreeBSD 13.0-CURRENT\n\nroot@frw02:~# pciconf -lv | grep mlx -C 10\nmlx5_core0@pci1:0:2:0:  class=0x020000 rev=0x80 hdr=0x00 vendor=0x15b3 device=0x1016 subvendor=0x1590 subdevice=0x00d3\n    vendor     = 'Mellanox Technologies'\n    device     = 'MT27710 Family [ConnectX-4 Lx Virtual Function]'\n    class      = network\n    subclass   = ethernet\n\nroot@frw02:~# sysctl -a | grep mlx\nmlx5en: Mellanox Ethernet driver 3.5.2 (September 2019)\nmlx5_core0: \u003cmlx5_core\u003e at device 2.0 on pci0\nvmbus0: allocated type 3 (0xfe0100000-0xfe01fffff) for rid 10 of mlx5_core0\nmlx5_core0: Lazy allocation of 0x100000 bytes rid 0x10 type 3 at 0xfe0100000\nmlx5_core0: ERR: mlx5_init_once:918:(pid 0): Unable to find vendor specific capabilities\nmlx5_core0: attempting to allocate 8 MSI-X vectors (8 supported)\nmlx5_core0: using IRQs 24-31 for MSI-X\nmlx5_core0: WARN: mlx5_fwdump_prep:76:(pid 0): Failed to find vendor-specific capability, error 2\n\u003c6\u003emce0: ERR: mlx5e_ioctl:3320:(pid 0): tso6 disabled due to -txcsum6.\n\u003c6\u003emce0: ERR: mlx5e_ioctl:3346:(pid 0): enable txcsum6 first.\ndevice\tmlx\ndevice\tmlxfw\ndevice\tmlx4\ndevice\tmlx4en\ndevice\tmlx5\ndevice\tmlx5en\nirq24: mlx5_core0:63 @cpu0(domain0): 0\nirq25: mlx5_core0:65 @cpu0(domain0): 6626\nirq26: mlx5_core0:67 @cpu0(domain0): 0\nirq27: mlx5_core0:69 @cpu0(domain0): 20\nirq28: mlx5_core0:71 @cpu0(domain0): 267\nirq29: mlx5_core0:73 @cpu0(domain0): 14\nirq30: mlx5_core0:75 @cpu0(domain0): 8\nirq31: mlx5_core0:77 @cpu0(domain0): 8\nhw.mlx5.calibr.normal: 30\nhw.mlx5.calibr.fast: 1\nhw.mlx5.calibr.duration: 20\nhw.mlx5.relaxed_ordering_write: 0\nhw.mlx5.auto_fw_update: 0\nhw.mlx5.fast_unload_enabled: 1\nhw.mlx5.prof_sel: 2\nhw.mlx5.debug_mask: 0\nhw.mlx5.sw_reset_timeout: 1200\nhw.mlx5.fw_reset_enable: 1\ndev.mce.0.conf.device_name: mlx5_core0\ndev.mlx5_core.0.hw.board_id: HP_2690110034\ndev.mlx5_core.0.hw.fw_version: 14.26.1040\ndev.mlx5_core.0.pme_stats.module_unplug: 0\ndev.mlx5_core.0.pme_stats.module_plug: 0\ndev.mlx5_core.0.pme_stats.errors.cable_shorted: 0\ndev.mlx5_core.0.pme_stats.errors.high_temp: 0\ndev.mlx5_core.0.pme_stats.errors.unknown_id: 0\ndev.mlx5_core.0.pme_stats.errors.enforce_part_number: 0\ndev.mlx5_core.0.pme_stats.errors.no_eeprom: 0\ndev.mlx5_core.0.pme_stats.errors.bus_stuck: 0\ndev.mlx5_core.0.pme_stats.errors.long_range: 0\ndev.mlx5_core.0.pme_stats.errors.power_budget: 0\ndev.mlx5_core.0.power_value: 0\ndev.mlx5_core.0.power_status: 0\ndev.mlx5_core.0.msix_eqvec: 0\ndev.mlx5_core.0.%parent: pci0\ndev.mlx5_core.0.%pnpinfo: vendor=0x15b3 device=0x1016 subvendor=0x1590 subdevice=0x00d3 class=0x020000\ndev.mlx5_core.0.%location: slot=2 function=0 dbsf=pci1:0:2:0\ndev.mlx5_core.0.%driver: mlx5_core\ndev.mlx5_core.0.%desc: Mellanox Core driver 3.5.2 (September 2019)\ndev.mlx5_core.%parent: \ncompat.linuxkpi.mlx4_inline_thold: 104\ncompat.linuxkpi.mlx4_pfcrx: 0\ncompat.linuxkpi.mlx4_pfctx: 0\ncompat.linuxkpi.mlx4_udp_rss: 1\ncompat.linuxkpi.mlx4_log_mtts_per_seg: 3\ncompat.linuxkpi.mlx4_use_prio: 0\ncompat.linuxkpi.mlx4_log_num_vlan: 0\ncompat.linuxkpi.mlx4_log_num_mac: 7\ncompat.linuxkpi.mlx4_enable_4k_uar: 0\ncompat.linuxkpi.mlx4_enable_64b_cqe_eqe: 1\ncompat.linuxkpi.mlx4_log_num_mgm_entry_size: 10\ncompat.linuxkpi.mlx4_msi_x: 1\ncompat.linuxkpi.mlx4_enable_qos: 0\ncompat.linuxkpi.mlx4_internal_err_reset: 1\n\n\nboot_verbose=\"YES\"\n---\u003e /var/log/messages :\n\n kernel: ---\u003c\u003cBOOT\u003e\u003e---\n kernel: Table 'FACP' at 0x3e7f7000\n kernel: Table 'APIC' at 0x3e7f8000\n kernel: APIC: Found table at 0x3e7f8000\n kernel: APIC: Using the MADT enumerator.\n kernel: Copyright (c) 1992-2019 The FreeBSD Project.\n kernel: Copyright (c) 1979, 1980, 1983, 1986, 1988, 1989, 1991, 1992, 1993, 1994\n kernel: \tThe Regents of the University of California. All rights reserved.\n kernel: FreeBSD is a registered trademark of The FreeBSD Foundation.\n kernel: FreeBSD 13.0-CURRENT #0 b3a86c4242f-c264893(master): Sat Dec  7 15:59:14 EET 2019\n kernel:     root@frw02.hv.lan:/usr/obj/usr/src/amd64.amd64/sys/FNET amd64\n kernel: FreeBSD clang version 9.0.0 (tags/RELEASE_900/final 372316) (based on LLVM 9.0.0)\n kernel: Table 'FACP' at 0x3e7f7000\n kernel: Table 'APIC' at 0x3e7f8000\n kernel: Table 'OEM0' at 0x3e7f6000\n kernel: Table 'WAET' at 0x3e7f5000\n kernel: Table 'SRAT' at 0x3e7f4000\n kernel: SRAT: Found table at 0x3e7f4000\n kernel: SRAT: Found CPU APIC ID 0 domain 0: enabled\n kernel: SRAT: Found CPU APIC ID 1 domain 0: enabled\n kernel: SRAT: Found CPU APIC ID 2 domain 0: enabled\n kernel: SRAT: Found CPU APIC ID 3 domain 0: enabled\n kernel: SRAT: Found CPU APIC ID 4 domain 1: enabled\n kernel: SRAT: Found CPU APIC ID 5 domain 1: enabled\n kernel: SRAT: Found CPU APIC ID 6 domain 1: enabled\n kernel: SRAT: Found CPU APIC ID 7 domain 1: enabled\n kernel: SRAT: Found memory domain 0 addr 0x0 len 0x3e800000: enabled\n kernel: SRAT: Found memory domain 1 addr 0x3e800000 len 0x3e800000: enabled\n kernel: SRAT: Found memory domain 0 addr 0x7d000000 len 0x3d800000: enabled\n kernel: SRAT: Ignoring memory at addr 0x7d000000\n kernel: SRAT: Found memory domain 0 addr 0x100000000 len 0x770000000: enabled\n kernel: SRAT: Ignoring memory at addr 0x100000000\n kernel: SRAT: Found memory domain 0 addr 0x1000000000 len 0x7800000000: enabled\n kernel: SRAT: Ignoring memory at addr 0x1000000000\n kernel: SRAT: Found memory domain 0 addr 0x10000000000 len 0x8000000000: enabled\n kernel: SRAT: Ignoring memory at addr 0x10000000000\n kernel: SRAT: Found memory domain 0 addr 0x20000000000 len 0x10000000000: enabled\n kernel: SRAT: Ignoring memory at addr 0x20000000000\n kernel: SRAT: Found memory domain 0 addr 0x40000000000 len 0x20000000000: enabled\n kernel: SRAT: Ignoring memory at addr 0x40000000000\n kernel: SRAT: Found memory domain 0 addr 0x80000000000 len 0x40000000000: enabled\n kernel: SRAT: Ignoring memory at addr 0x80000000000\n kernel: SRAT: Found memory domain 1 addr 0xba800000 len 0x3d800000: enabled\n kernel: SRAT: Ignoring memory at addr 0xba800000\n kernel: SRAT: Found memory domain 1 addr 0x870000000 len 0x770000000: enabled\n kernel: SRAT: Ignoring memory at addr 0x870000000\n kernel: SRAT: Found memory domain 1 addr 0x8800000000 len 0x7800000000: enabled\n kernel: SRAT: Ignoring memory at addr 0x8800000000\n kernel: SRAT: Found memory domain 1 addr 0x18000000000 len 0x8000000000: enabled\n kernel: SRAT: Ignoring memory at addr 0x18000000000\n kernel: SRAT: Found memory domain 1 addr 0x30000000000 len 0x10000000000: enabled\n kernel: SRAT: Ignoring memory at addr 0x30000000000\n kernel: SRAT: Found memory domain 1 addr 0x60000000000 len 0x20000000000: enabled\n kernel: SRAT: Ignoring memory at addr 0x60000000000\n kernel: SRAT: Found memory domain 1 addr 0xc0000000000 len 0x40000000000: enabled\n kernel: SRAT: Ignoring memory at addr 0xc0000000000\n kernel: Table 'FACP' at 0x3e7f7000\n kernel: Table 'APIC' at 0x3e7f8000\n kernel: Table 'OEM0' at 0x3e7f6000\n kernel: Table 'WAET' at 0x3e7f5000\n kernel: Table 'SRAT' at 0x3e7f4000\n kernel: Table 'FPDT' at 0x3e7f3000\n kernel: Table 'BGRT' at 0x3d601000\n kernel: ACPI: No SLIT table found\n kernel: PPIM 0: PA=0xf8000000, VA=0xffffffff83910000, size=0x300000, mode=0x1\n kernel: PPIM 1: PA=0x7cfe7000, VA=0xffffffff83c10000, size=0x1000, mode=0x6\n kernel: pmap: large map 8 PML4 slots (4096 GB)\n kernel: VT(efifb): resolution 1024x768\n kernel: Hyper-V Version: 10.0.17763 [SP0]\n kernel:   Features=0x2e7f\u003cVPRUNTIME,TMREFCNT,SYNIC,SYNTM,APIC,HYPERCALL,VPINDEX,REFTSC,IDLE,TMFREQ\u003e\n kernel:   PM Features=0x0 [C2]\n kernel:   Features3=0xbed7b2\u003cDEBUG,XMMHC,IDLE,NUMA,TMFREQ,SYNCMC,CRASH,NPIEP\u003e\n kernel:   Recommends: 00062c2c 00000fff\n kernel:   Limits: Vcpu:240 Lcpu:512 Int:4824\n kernel:   HW Features: 0000000f, AMD: 00000000\n kernel: Timecounter \"Hyper-V\" frequency 10000000 Hz quality 2000\n kernel: Preloaded elf kernel \"/boot/kernel/kernel\" at 0xffffffff836fb000.\n kernel: Preloaded elf obj module \"/boot/kernel/zfs.ko\" at 0xffffffff837046f8.\n kernel: Preloaded elf obj module \"/boot/kernel/opensolaris.ko\" at 0xffffffff83704ee0.\n kernel: Preloaded boot_entropy_cache \"/boot/entropy\" at 0xffffffff83705550.\n kernel: Table 'FACP' at 0x3e7f7000\n kernel: FACP: Found table at 0x3e7f7000\n kernel: Calibrating TSC clock ... TSC clock: 2294477338 Hz\n kernel: CPU: Intel(R) Xeon(R) CPU E5-2630 0 @ 2.30GHz (2294.48-MHz K8-class CPU)\n kernel:   Origin=\"GenuineIntel\"  Id=0x206d7  Family=0x6  Model=0x2d  Stepping=7\n kernel:   Features=0x1f83fbff\u003cFPU,VME,DE,PSE,TSC,MSR,PAE,MCE,CX8,APIC,SEP,MTRR,PGE,MCA,CMOV,PAT,PSE36,MMX,FXSR,SSE,SSE2,SS,HTT\u003e\n kernel:   Features2=0x9e9a2203\u003cSSE3,PCLMULQDQ,SSSE3,CX16,PCID,SSE4.1,SSE4.2,POPCNT,AESNI,XSAVE,OSXSAVE,AVX,HV\u003e\n kernel:   AMD Features=0x2c100800\u003cSYSCALL,NX,Page1GB,RDTSCP,LM\u003e\n kernel:   AMD Features2=0x1\u003cLAHF\u003e\n kernel:   Structured Extended Features3=0xbc000400\u003cMD_CLEAR,IBPB,STIBP,L1DFL,ARCH_CAP,SSBD\u003e\n kernel:   XSAVE Features=0x1\u003cXSAVEOPT\u003e\n kernel: Data TLB0: 2-MByte or 4 MByte pages, 4-way set associative, 32 entries\n kernel: Data TLB: 4 KB pages, 4-way set associative, 64 entries\n kernel: Instruction TLB: 2M/4M pages, fully associative, 8 entries\n kernel: Instruction TLB: 4KByte pages, 4-way set associative, 64 entries\n kernel: 64-Byte prefetching\n kernel: Shared 2nd-Level TLB: 4 KByte pages, 4-way associative, 512 entries\n kernel: L2 cache: 256 kbytes, 8-way associative, 64 bytes/line\n kernel: Hypervisor: Origin = \"Microsoft Hv\"\n kernel: real memory  = 2097152000 (2000 MB)\n kernel: Physical memory chunk(s):\n kernel: 0x0000000000001000 - 0x000000000009efff, 647168 bytes (158 pages)\n kernel: 0x0000000000100000 - 0x00000000001fffff, 1048576 bytes (256 pages)\n kernel: 0x0000000003901000 - 0x000000003b9fffff, 940568576 bytes (229631 pages)\n kernel: 0x000000003d400000 - 0x000000003d5f5fff, 2056192 bytes (502 pages)\n kernel: 0x000000003d602000 - 0x000000003d6e9fff, 950272 bytes (232 pages)\n kernel: 0x000000003d71b000 - 0x000000003e79afff, 17301504 bytes (4224 pages)\n kernel: 0x000000003e802000 - 0x000000007b3d7fff, 1019043840 bytes (248790 pages)\n kernel: 0x000000007ce00000 - 0x000000007cfcdfff, 1892352 bytes (462 pages)\n kernel: avail memory = 1973084160 (1881 MB)\n kernel: MADT: Found CPU APIC ID 0 ACPI ID 1: enabled\n kernel: SMP: Added CPU 0 (AP)\n kernel: MADT: Found CPU APIC ID 1 ACPI ID 2: enabled\n kernel: SMP: Added CPU 1 (AP)\n kernel: MADT: Found CPU APIC ID 2 ACPI ID 3: enabled\n kernel: SMP: Added CPU 2 (AP)\n kernel: MADT: Found CPU APIC ID 3 ACPI ID 4: enabled\n kernel: SMP: Added CPU 3 (AP)\n kernel: MADT: Found CPU APIC ID 4 ACPI ID 5: enabled\n kernel: SMP: Added CPU 4 (AP)\n kernel: MADT: Found CPU APIC ID 5 ACPI ID 6: enabled\n kernel: SMP: Added CPU 5 (AP)\n kernel: MADT: Found CPU APIC ID 6 ACPI ID 7: enabled\n kernel: SMP: Added CPU 6 (AP)\n kernel: MADT: Found CPU APIC ID 7 ACPI ID 8: enabled\n kernel: SMP: Added CPU 7 (AP)\n kernel: MADT: Found CPU APIC ID 8 ACPI ID 9: disabled\n kernel: MADT: Found CPU APIC ID 9 ACPI ID 10: disabled\n. . . ---//--- . . .\n kernel: MADT: Found CPU APIC ID 238 ACPI ID 239: disabled\n kernel: MADT: Found CPU APIC ID 239 ACPI ID 240: disabled\n kernel: Event timer \"LAPIC\" quality 100\n kernel: LAPIC: ipi_wait() us multiplier 1 (r 588318946 tsc 2294477338)\n kernel: ACPI APIC Table: \u003cVRTUAL MICROSFT\u003e\n kernel: Package ID shift: 2\n kernel: L3 cache ID shift: 2\n kernel: L2 cache ID shift: 1\n kernel: L1 cache ID shift: 1\n kernel: Core ID shift: 1\n kernel: INTR: Adding local APIC 2 as a target\n kernel: INTR: Adding local APIC 4 as a target\n kernel: INTR: Adding local APIC 6 as a target\n kernel: FreeBSD/SMP: Multiprocessor System Detected: 8 CPUs\n kernel: FreeBSD/SMP: 2 package(s) x 2 core(s) x 2 hardware threads\n kernel: Package HW ID = 0\n kernel: \tCore HW ID = 0\n kernel: \t\tCPU0 (BSP): APIC ID: 0\n kernel: \t\tCPU1 (AP/HT): APIC ID: 1\n kernel: \tCore HW ID = 1\n kernel: \t\tCPU2 (AP): APIC ID: 2\n kernel: \t\tCPU3 (AP/HT): APIC ID: 3\n kernel: Package HW ID = 1\n kernel: \tCore HW ID = 2\n kernel: \t\tCPU4 (AP): APIC ID: 4\n kernel: \t\tCPU5 (AP/HT): APIC ID: 5\n kernel: \tCore HW ID = 3\n kernel: \t\tCPU6 (AP): APIC ID: 6\n kernel: \t\tCPU7 (AP/HT): APIC ID: 7\n kernel: APIC: CPU 0 has ACPI ID 1\n kernel: APIC: CPU 1 has ACPI ID 2\n kernel: APIC: CPU 2 has ACPI ID 3\n kernel: APIC: CPU 3 has ACPI ID 4\n kernel: APIC: CPU 4 has ACPI ID 5\n kernel: APIC: CPU 5 has ACPI ID 6\n kernel: APIC: CPU 6 has ACPI ID 7\n kernel: APIC: CPU 7 has ACPI ID 8\n kernel: Pentium Pro MTRR support enabled\n kernel: x86bios:  IVT 0x000000-0x0004ff at 0xfffff80000000000\n kernel: x86bios: SSEG 0x001000-0x001fff at 0xfffffe0003b90000\n kernel: x86bios:  ROM 0x0a0000-0x0fefff at 0xfffff800000a0000\n kernel: SRAT: CPU 0 has memory domain 0\n kernel: SRAT: CPU 1 has memory domain 0\n kernel: SRAT: CPU 2 has memory domain 0\n kernel: SRAT: CPU 3 has memory domain 0\n kernel: SRAT: CPU 4 has memory domain 1\n kernel: SRAT: CPU 5 has memory domain 1\n kernel: SRAT: CPU 6 has memory domain 1\n kernel: SRAT: CPU 7 has memory domain 1\n kernel: random: read 4096 bytes from preloaded cache\n kernel: random: unblocking device.\n kernel: VIMAGE (virtualized network stack) enabled\n kernel: ULE: setup cpu 0\n kernel: ULE: setup cpu 1\n kernel: ULE: setup cpu 2\n kernel: ULE: setup cpu 3\n kernel: ULE: setup cpu 4\n kernel: ULE: setup cpu 5\n kernel: ULE: setup cpu 6\n kernel: ULE: setup cpu 7\n kernel: ACPI: RSDP 0x000000003E7FA014 000024 (v02 VRTUAL)\n kernel: ACPI: XSDT 0x000000003E7F90E8 00005C (v01 VRTUAL MICROSFT 00000001 MSFT 00000001)\n kernel: ACPI: FACP 0x000000003E7F7000 000114 (v06 VRTUAL MICROSFT 00000001 MSFT 00000001)\n kernel: ACPI: DSDT 0x000000003D6EA000 0078C1 (v02 MSFTVM DSDT01   00000001 MSFT 05000000)\n kernel: ACPI: FACS 0x000000003E7FE000 000040\n kernel: ACPI: APIC 0x000000003E7F8000 0007D2 (v02 VRTUAL MICROSFT 00000001 MSFT 00000001)\n kernel: ACPI: OEM0 0x000000003E7F6000 000064 (v01 VRTUAL MICROSFT 00000001 MSFT 00000001)\n kernel: ACPI: WAET 0x000000003E7F5000 000028 (v01 VRTUAL MICROSFT 00000001 MSFT 00000001)\n kernel: ACPI: SRAT 0x000000003E7F4000 000330 (v02 VRTUAL MICROSFT 00000001 MSFT 00000001)\n kernel: ACPI: FPDT 0x000000003E7F3000 000034 (v01 VRTUAL MICROSFT 00000001 MSFT 00000001)\n kernel: ACPI: BGRT 0x000000003D601000 000038 (v01 VRTUAL MICROSFT 00000001 MSFT 00000001)\n kernel: MADT: Found IO APIC ID 8, Interrupt 0 at 0xfec00000\n kernel: ioapic0: ver 0x11 maxredir 0x17\n kernel: ioapic0: Routing external 8259A's -\u003e intpin 0\n kernel: lapic: Routing NMI -\u003e LINT1\n kernel: lapic: LINT1 trigger: edge\n kernel: lapic: LINT1 polarity: high\n kernel: MADT: Interrupt override: source 0, irq 2\n kernel: ioapic0: Routing IRQ 0 -\u003e intpin 2\n kernel: MADT: Interrupt override: source 9, irq 9\n kernel: ioapic0: intpin 9 trigger: level\n kernel: ioapic0 \u003cVersion 1.1\u003e irqs 0-23\n kernel: lapic: Divisor 2, Frequency 100001390 Hz\n kernel: cpu0 BSP:\n kernel:      ID: 0x00000000   VER: 0x00050014 LDR: 0x00000000 DFR: 0xffffffff\n kernel:   lint0: 0x00010700 lint1: 0x00000400 TPR: 0x00000000 SVR: 0x000001ff\n kernel:   timer: 0x000100ef therm: 0x00010000 err: 0x000000f0 pmc: 0x00010400\n kernel: SMP: AP CPU #1 Launched!\n kernel: cpu1 AP:\n kernel:      ID: 0x01000000   VER: 0x00050014 LDR: 0x00000000 DFR: 0xffffffff\n kernel:   lint0: 0x00010700 lint1: 0x00000400 TPR: 0x00000000 SVR: 0x000001ff\n kernel:   timer: 0x000100ef therm: 0x00010000 err: 0x000000f0 pmc: 0x00010400\n kernel: SMP: AP CPU #7 Launched!\n kernel: cpu7 AP:\n kernel:      ID: 0x07000000   VER: 0x00050014 LDR: 0x00000000 DFR: 0xffffffff\n kernel:   lint0: 0x00010700 lint1: 0x00000400 TPR: 0x00000000 SVR: 0x000001ff\n kernel:   timer: 0x000100ef therm: 0x00010000 err: 0x000000f0 pmc: 0x00010400\n kernel: SMP: AP CPU #6 Launched!\n kernel: cpu6 AP:\n kernel:      ID: 0x06000000   VER: 0x00050014 LDR: 0x00000000 DFR: 0xffffffff\n kernel:   lint0: 0x00010700 lint1: 0x00000400 TPR: 0x00000000 SVR: 0x000001ff\n kernel:   timer: 0x000100ef therm: 0x00010000 err: 0x000000f0 pmc: 0x00010400\n kernel: SMP: AP CPU #3 Launched!\n kernel: cpu3 AP:\n kernel:      ID: 0x03000000   VER: 0x00050014 LDR: 0x00000000 DFR: 0xffffffff\n kernel:   lint0: 0x00010700 lint1: 0x00000400 TPR: 0x00000000 SVR: 0x000001ff\n kernel:   timer: 0x000100ef therm: 0x00010000 err: 0x000000f0 pmc: 0x00010400\n kernel: SMP: AP CPU #4 Launched!\n kernel: cpu4 AP:\n kernel:      ID: 0x04000000   VER: 0x00050014 LDR: 0x00000000 DFR: 0xffffffff\n kernel:   lint0: 0x00010700 lint1: 0x00000400 TPR: 0x00000000 SVR: 0x000001ff\n kernel:   timer: 0x000100ef therm: 0x00010000 err: 0x000000f0 pmc: 0x00010400\n kernel: SMP: AP CPU #5 Launched!\n kernel: cpu5 AP:\n kernel:      ID: 0x05000000   VER: 0x00050014 LDR: 0x00000000 DFR: 0xffffffff\n kernel:   lint0: 0x00010700 lint1: 0x00000400 TPR: 0x00000000 SVR: 0x000001ff\n kernel:   timer: 0x000100ef therm: 0x00010000 err: 0x000000f0 pmc: 0x00010400\n kernel: SMP: AP CPU #2 Launched!\n kernel: cpu2 AP:\n kernel:      ID: 0x02000000   VER: 0x00050014 LDR: 0x00000000 DFR: 0xffffffff\n kernel:   lint0: 0x00010700 lint1: 0x00000400 TPR: 0x00000000 SVR: 0x000001ff\n kernel:   timer: 0x000100ef therm: 0x00010000 err: 0x000000f0 pmc: 0x00010400\n kernel: TSC timecounter disables C2 and C3.\n kernel: TSC timecounter discards lower 1 bit(s)\n kernel: Timecounter \"TSC-low\" frequency 1147238669 Hz quality -100\n kernel: TCP_ratelimit: Is now initialized\n kernel: hyperv: Hypercall created\n kernel: Timecounter \"Hyper-V-TSC\" frequency 10000000 Hz quality 3000\n kernel: random: entropy device external interface\n kernel: wlan: \u003c802.11 Link Layer\u003e\n kernel: snd_unit_init() u=0x00ff8000 [512] d=0x00007c00 [32] c=0x000003ff [1024]\n kernel: feeder_register: snd_unit=-1 snd_maxautovchans=16 latency=2 feeder_rate_min=1 feeder_rate_max=2016000 feeder_rate_round=25\n kernel: nfslock: pseudo-device\n kernel: WARNING: Device \"kbd\" is Giant locked and may be deleted before FreeBSD 13.0.\n kernel: kbd0 at kbdmux0\n kernel: crypto: \u003ccrypto core\u003e\n kernel: mem: \u003cmemory\u003e\n kernel: 000.000046 [4336] netmap_init               netmap: loaded module\n kernel: null: \u003cfull device, null device, zero device\u003e\n kernel: cpuctl: access to MSR registers/cpuid info.\n kernel: io: \u003cI/O\u003e\n kernel: [ath_hal] loaded\n kernel: tcp_log: tcp_log device\n kernel: mlx5en: Mellanox Ethernet driver 3.5.2 (September 2019)\n kernel: nexus0\n kernel: efirtc0: \u003cEFI Realtime Clock\u003e\n kernel: efirtc0: registered as a time-of-day clock, resolution 1.000000s\n kernel: cryptosoft0: \u003csoftware crypto\u003e\n kernel: crypto: assign cryptosoft0 driver id 0, flags 0x6000000\n kernel: crypto: cryptosoft0 registers alg 1 flags 0 maxoplen 0\n kernel: crypto: cryptosoft0 registers alg 2 flags 0 maxoplen 0\n. . . ---//--- . . .\n kernel: crypto: cryptosoft0 registers alg 39 flags 0 maxoplen 0\n kernel: crypto: cryptosoft0 registers alg 38 flags 0 maxoplen 0\n kernel: aesni0: \u003cAES-CBC,AES-CCM,AES-GCM,AES-ICM,AES-XTS\u003e\n kernel: crypto: assign aesni0 driver id 1, flags 0x5000000\n kernel: crypto: aesni0 registers alg 11 flags 0 maxoplen 0\n kernel: crypto: aesni0 registers alg 23 flags 0 maxoplen 0\n kernel: crypto: aesni0 registers alg 25 flags 0 maxoplen 0\n kernel: crypto: aesni0 registers alg 26 flags 0 maxoplen 0\n kernel: crypto: aesni0 registers alg 27 flags 0 maxoplen 0\n kernel: crypto: aesni0 registers alg 28 flags 0 maxoplen 0\n kernel: crypto: aesni0 registers alg 22 flags 0 maxoplen 0\n kernel: crypto: aesni0 registers alg 40 flags 0 maxoplen 0\n kernel: crypto: aesni0 registers alg 39 flags 0 maxoplen 0\n kernel: acpi0: \u003cVRTUAL MICROSFT\u003e\n kernel: ACPI: 1 ACPI AML tables successfully acquired and loaded\n kernel: ioapic0: routing intpin 9 (ISA IRQ 9) to lapic 0 vector 48\n kernel: acpi0: wakeup code va 0xfffffe0003a2a000 pa 0x9e000\n kernel: Table 'FACP' at 0x3e7f7000\n kernel: FACP: Found table at 0x3e7f7000\n kernel: atrtc0: \u003cAT realtime clock\u003e port 0x70-0x71 irq 8 on acpi0\n kernel: atrtc0: registered as a time-of-day clock, resolution 1.000000s\n kernel: ioapic0: routing intpin 8 (ISA IRQ 8) to lapic 0 vector 49\n kernel: Event timer \"RTC\" frequency 32768 Hz quality 0\n kernel: ACPI timer: 1/2 1/2 1/49 1/2 1/48 1/2 1/13 1/2 1/2 1/2 -\u003e 10\n kernel: Timecounter \"ACPI-fast\" frequency 3579545 Hz quality 900\n kernel: acpi_timer0: \u003c32-bit timer at 3.579545MHz\u003e port 0x408-0x40b on acpi0\n kernel: Table 'FACP' at 0x3e7f7000\n kernel: FACP: Found table at 0x3e7f7000\n kernel: cpu0: Processor \\P001 (ACPI ID 1) -\u003e APIC ID 0\n kernel: cpu0: \u003cACPI CPU\u003e on acpi0\n kernel: cpu0: switching to generic Cx mode\n kernel: Table 'FACP' at 0x3e7f7000\n kernel: FACP: Found table at 0x3e7f7000\n kernel: cpu1: Processor \\P002 (ACPI ID 2) -\u003e APIC ID 1\n kernel: cpu1: \u003cACPI CPU\u003e on acpi0\n kernel: Table 'FACP' at 0x3e7f7000\n kernel: FACP: Found table at 0x3e7f7000\n kernel: cpu2: Processor \\P003 (ACPI ID 3) -\u003e APIC ID 2\n kernel: cpu2: \u003cACPI CPU\u003e on acpi0\n kernel: Table 'FACP' at 0x3e7f7000\n kernel: FACP: Found table at 0x3e7f7000\n kernel: cpu3: Processor \\P004 (ACPI ID 4) -\u003e APIC ID 3\n kernel: cpu3: \u003cACPI CPU\u003e on acpi0\n kernel: Table 'FACP' at 0x3e7f7000\n kernel: FACP: Found table at 0x3e7f7000\n kernel: cpu4: Processor \\P005 (ACPI ID 5) -\u003e APIC ID 4\n kernel: cpu4: \u003cACPI CPU\u003e on acpi0\n kernel: Table 'FACP' at 0x3e7f7000\n kernel: FACP: Found table at 0x3e7f7000\n kernel: cpu5: Processor \\P006 (ACPI ID 6) -\u003e APIC ID 5\n kernel: cpu5: \u003cACPI CPU\u003e on acpi0\n kernel: Table 'FACP' at 0x3e7f7000\n kernel: FACP: Found table at 0x3e7f7000\n kernel: cpu6: Processor \\P007 (ACPI ID 7) -\u003e APIC ID 6\n kernel: cpu6: \u003cACPI CPU\u003e on acpi0\n kernel: Table 'FACP' at 0x3e7f7000\n kernel: FACP: Found table at 0x3e7f7000\n kernel: cpu7: Processor \\P008 (ACPI ID 8) -\u003e APIC ID 7\n kernel: cpu7: \u003cACPI CPU\u003e on acpi0\n kernel: Table 'FACP' at 0x3e7f7000\n kernel: FACP: Found table at 0x3e7f7000\n kernel: acpi_syscontainer0: \u003cSystem Container\u003e on acpi0\n kernel: vmbus0: \u003cHyper-V Vmbus\u003e on acpi_syscontainer0\n kernel: Table 'FACP' at 0x3e7f7000\n kernel: FACP: Found table at 0x3e7f7000\n kernel: Table 'FACP' at 0x3e7f7000\n kernel: FACP: Found table at 0x3e7f7000\n kernel: Table 'FACP' at 0x3e7f7000\n kernel: FACP: Found table at 0x3e7f7000\n kernel: vmbus_res0: \u003cHyper-V Vmbus Resource\u003e irq 5 on acpi0\n kernel: ACPI: Enabled 1 GPEs in block 00 to 0F\n kernel: Device configuration finished.\n kernel: procfs registered\n kernel: ZFS NOTICE: Prefetch is disabled by default if less than 4GB of RAM is present;\n kernel:             to enable, add \"vfs.zfs.prefetch_disable=0\" to /boot/loader.conf.\n kernel: ZFS filesystem version: 5\n kernel: ZFS storage pool version: features support (5000)\n kernel: Timecounters tick every 1.000 msec\n kernel: crypto: \u003ccrypto device\u003e\n kernel: WARNING: Device \"crypto\" is Giant locked and may be deleted before FreeBSD 13.0.\n kernel: vlan: initialized, using hash tables with chaining\n kernel: lo0: bpf attached\n kernel: enc0: bpf attached\n kernel: IPsec: Initialized Security Association Processing.\n kernel: tcp_init: net.inet.tcp.tcbhashsize auto tuned to 16384\n kernel: ipfw2 (+ipv6) initialized, divert enabled, nat enabled, default to deny, logging disabled\n kernel: DUMMYNET 0xfffff8003f0292c0 with IPv6 initialized (100409)\n kernel: load_dn_sched dn_sched FQ_PIE loaded\n kernel: pflog0: bpf attached\n kernel: load_dn_sched dn_sched PRIO loaded\n kernel: load_dn_sched dn_sched QFQ loaded\n kernel: pfsync0: bpf attached\n kernel: load_dn_sched dn_sched RR loaded\n kernel: load_dn_sched dn_sched WF2Q+ loaded\n kernel: load_dn_sched dn_sched FIFO loaded\n kernel: load_dn_sched dn_sched FQ_CODEL loaded\n kernel: load_dn_aqm dn_aqm CODEL loaded\n kernel: load_dn_aqm dn_aqm PIE loaded\n kernel: vmbus0: intrhook\n kernel: vmbus_res0: walking _CRS, pass=0\n kernel: acpi0: walking _CRS, pass=0\n kernel: acpi0: _CRS: not found, pass=0\n kernel: acpi_syscontainer0: walking _CRS, pass=0\n kernel: vmbus0: decoding 3 range 0xfe0000000-0xfffffffff\n kernel: vmbus_res0: walking _CRS, pass=1\n kernel: acpi0: walking _CRS, pass=1\n kernel: acpi0: _CRS: not found, pass=1\n kernel: acpi_syscontainer0: walking _CRS, pass=1\n kernel: vmbus0: decoding 3 range 0xf8000000-0xfed3ffff\n kernel: vmbus0: vmbus IDT vector 251\n kernel: vmbus0: smp_started = 1\n kernel: vmbus0: version 4.0\n kernel: hvet0: \u003cHyper-V event timer\u003e on vmbus0\n kernel: Event timer \"Hyper-V\" frequency 10000000 Hz quality 1000\n kernel: vmbus0: chan2 subidx0 offer\n kernel: vmbus0: chan2 assigned to cpu0 [vcpu0]\n kernel: vmbus0: chan3 subidx0 offer\n kernel: vmbus0: chan3 assigned to cpu0 [vcpu0]\n kernel: vmbus0: chan4 subidx0 offer\n kernel: vmbus0: chan4 assigned to cpu0 [vcpu0]\n kernel: vmbus0: chan5 subidx0 offer\n kernel: hvkbd0: \u003cHyper-V KBD\u003evmbus0: chan5 assigned to cpu0 [vcpu0]\n kernel: vmbus0:  on vmbus0\n kernel: chan7 subidx0 offer\n kernel: hvkbd0: vmbus0: chan7 assigned to cpu0 [vcpu0]\n kernel: vmbus0: chan4 update cpu0 flag_cnt to 1\n kernel: chan8 subidx0 offer\n kernel: vmbus0: chan8 assigned to cpu0 [vcpu0]\n kernel: vmbus0: chan9 subidx0 offer\n kernel: vmbus0: chan9 assigned to cpu0 [vcpu0]\n kernel: vmbus0: chan10 subidx0 offer\n kernel: vmbus0: chan10 assigned to cpu0 [vcpu0]\n kernel: vmbus0: chan11 subidx0 offer\n kernel: vmbus0: chan11 assigned to cpu0 [vcpu0]\n kernel: vmbus0: chan14 subidx0 offer\n kernel: vmbus0: chan14 assigned to cpu0 [vcpu0]\n kernel: vmbus0: chan1 subidx0 offer\n kernel: vmbus0: chan1 assigned to cpu0 [vcpu0]\n kernel: vmbus0: chan6 subidx0 offer\n kernel: vmbus0: chan6 assigned to cpu0 [vcpu0]\n kernel: vmbus0: chan12 subidx0 offer\n kernel: vmbus0: chan12 assigned to cpu0 [vcpu0]\n kernel: vmbus0: chan13 subidx0 offer\n kernel: vmbus0: chan13 assigned to cpu0 [vcpu0]\n kernel: hvkbd0: gpadl_conn(chan4) succeeded\n kernel: hvkbd0: chan4 opened\n kernel: kbd: new array size 4\n kernel: kbd1: hvkbd0, generic (0), config:0x0, flags:0x3d0000\n kernel: hvheartbeat0: \u003cHyper-V Heartbeat\u003e on vmbus0\n kernel: hvheartbeat0: gpadl_conn(chan7) succeeded\n kernel: hvheartbeat0: sel framework version: 3.0\n kernel: hvheartbeat0: hvheartbeat0: supp framework version: 1.0\n kernel: chan7 opened\n kernel: hvkvp0: \u003cHyper-V KVP\u003ehvheartbeat0: supp framework version: 3.0\n kernel:  on vmbus0\n kernel: hvheartbeat0: sel message version: 3.0\n kernel: hvheartbeat0: supp message version: 3.0\n kernel: hvheartbeat0: supp message version: 3.1\n kernel: hvkvp0: gpadl_conn(chan8) succeeded\n kernel: hvkvp0: chan8 opened\n kernel: hvshutdown0: \u003cHyper-V Shutdown\u003e on vmbus0\n kernel: hvshutdown0: gpadl_conn(chan9) succeeded\n kernel: hvshutdown0: chan9 opened\n kernel: hvshutdown0: sel framework version: 3.0\n kernel: hvtimesync0: \u003cHyper-V Timesync\u003ehvshutdown0: supp framework version: 1.0\n kernel:  on vmbus0\n kernel: hvshutdown0: supp framework version: 3.0\n kernel: hvshutdown0: sel message version: 3.0\n kernel: hvshutdown0: supp message version: 1.0\n kernel: hvshutdown0: supp message version: 3.0\n kernel: hvshutdown0: supp message version: 3.1\n kernel: hvshutdown0: supp message version: 3.2\n kernel: hvtimesync0: gpadl_conn(chan10) succeeded\n kernel: hvtimesync0: chan10 opened\n kernel: hvtimesync0: sel framework version: 3.0\n kernel: hvvss0: \u003cHyper-V VSS\u003ehvtimesync0: supp framework version: 1.0\n kernel:  on vmbus0\n kernel: hvtimesync0: supp framework version: 3.0\n kernel: hvtimesync0: sel message version: 4.0\n kernel: hvtimesync0: supp message version: 1.0\n kernel: hvtimesync0: supp message version: 3.0\n kernel: hvtimesync0: supp message version: 4.0\n kernel: hvtimesync0: RTT\n kernel: hvvss0: gpadl_conn(chan11) succeeded\n kernel: hvtimesync0: apply sync request, hv: 1577353266503230600, vm: 1901363599\n kernel: hvvss0: chan11 opened\n kernel: storvsc0: Enlightened SCSI device detected\n syslogd: last message repeated 1 times\n kernel: storvsc0: \u003cHyper-V SCSI\u003e on vmbus0\n kernel: storvsc ringbuffer size: 262144, max_io: 512\n kernel: storvsc0: chan14 assigned to cpu0 [vcpu0]\n kernel: storvsc0: gpadl_conn(chan14) succeeded\n kernel: storvsc0: chan14 opened\n kernel: storvsc0: max chans 2, multi-chan capable\n kernel: storvsc0: chan15 subidx1 offer\n kernel: storvsc0: chan15 assigned to cpu0 [vcpu0]\n kernel: storvsc0: chan15 assigned to cpu1 [vcpu1]\n kernel: storvsc0: chan15 update cpu1 flag_cnt to 1\n kernel: storvsc0: gpadl_conn(chan15) succeeded\n kernel: storvsc0: chan15 opened\n kernel: Storvsc create multi-channel success!\n kernel: (probe0:storvsc0:0:0:0): Down reving Protocol Version from 4 to 2?\n kernel: hn0: \u003cHyper-V Network Interface\u003e(probe1:storvsc0:0:1:0): Down reving Protocol Version from 4 to 2?\n kernel:  on vmbus0\n kernel: (probe0:storvsc0:0:0:0): storvsc inquiry (36) [0 0 5 2 1f ... ]\n kernel: (probe1:storvsc0:0:1:0): storvsc inquiry (36) [7f 0 5 2 1f ... ]\n kernel: (probe1:storvsc0:0:1:1): Down reving Protocol Version from 4 to 2?\n kernel: (probe0:storvsc0:0:0:0): storvsc scsi_status = 2, srb_status = 6\n kernel: hn0: LRO: entry count 128\n kernel: (probe0:storvsc0:0:0:0): storvsc inquiry (5) [0 0 0 8 0 ... ]\n kernel: (probe1:storvsc0:0:1:1): invalid LUN 1 for op: INQUIRY\n kernel: hn0: link RX ring 0 to chan13\n kernel: hn0: link TX ring 0 to chan13\n kernel: (probe0:storvsc0:0:0:0): storvsc inquiry (6) [0 83 0 30 1 ... ]\n kernel: hn0: chan13 assigned to cpu0 [vcpu0]\n kernel: hn0: gpadl_conn(chan13) succeeded\n kernel: (probe0:storvsc0:0:0:1): storvsc inquiry (36) [5 80 0 2 1f ... ]\n kernel: (probe0:storvsc0:0:0:1): set version from 0 to 5\n kernel: (probe0:storvsc0:0:0:1): storvsc inquiry (5) [5 0 0 2 0 ... ]\n kernel: hn0: (probe0:storvsc0:0:0:1): set version from 0 to 5\n kernel: chan13 opened\n kernel: hn0: NVS version 0x50000, NDIS version 6.30\n kernel: (probe0:storvsc0:0:0:1): storvsc inquiry (6) [5 83 0 1c 1 ... ]\n kernel: hn0: nvs ndis conf done\n kernel: (probe0:storvsc0:0:0:1): set version from 0 to 5\n kernel: hn0: gpadl_conn(chan13) succeeded\n syslogd: last message repeated 1 times\n kernel: hn0: chimney sending buffer 6144/2560\n kernel: hn0: RNDIS ver 1.0, aggpkt size 4026531839, aggpkt cnt 8, aggpkt align 8\n kernel: hn0: hwcaps rev 3\n kernel: hn0: hwcaps csum: ip4 tx 0x155/0x2 rx 0x155/0x2, ip6 tx 0x55/0x2 rx 0x55/0x2\n kernel: hn0: hwcaps lsov2: ip4 maxsz 62780 minsg 2 encap 0x2, ip6 maxsz 62780 minsg 2 encap 0x2 opts 0x5\n kernel: hn0: NDIS TSO szmax 62780 sgmin 2\n kernel: hn0: offload csum: ip4 4, tcp4 4, udp4 4, tcp6 4, udp6 4\n kernel: hn0: offload lsov2: ip4 2, ip6 2\n kernel: hn0: offload config done\n kernel: hn0: 64 RX rings\n kernel: hn0: RSS indirect table size 128\n kernel: hn0: RSS caps 0x301\n kernel: hn0: RX rings offered 64, requested 8\n kernel: hn0: chan16 subidx1 offer\n kernel: hn0: chan16 assigned to cpu0 [vcpu0]\n kernel: hn0: chan17 subidx2 offer\n kernel: hn0: chan17 assigned to cpu0 [vcpu0]\n kernel: hn0: chan18 subidx3 offer\n kernel: hn0: chan18 assigned to cpu0 [vcpu0]\n kernel: hn0: chan19 subidx4 offer\n kernel: hn0: chan19 assigned to cpu0 [vcpu0]\n kernel: hn0: chan20 subidx5 offer\n kernel: hn0: chan20 assigned to cpu0 [vcpu0]\n kernel: hn0: chan21 subidx6 offer\n kernel: hn0: chan21 assigned to cpu0 [vcpu0]\n kernel: hn0: chan22 subidx7 offer\n kernel: hn0: chan22 assigned to cpu0 [vcpu0]\n kernel: vmbus0: chan23 subidx0 offer\n kernel: vmbus0: chan23 assigned to cpu0 [vcpu0]\n kernel: hn0: got notify, nvs type 128\n kernel: hn0: 8 TX ring, 8 RX ring\n kernel: hn0: link RX ring 1 to chan16\n kernel: hn0: link TX ring 1 to chan16\n kernel: hn0: chan16 assigned to cpu1 [vcpu1]\n kernel: hn0: gpadl_conn(chan16) succeeded\n kernel: hn0: chan16 opened\n kernel: hn0: link RX ring 2 to chan17\n kernel: hn0: link TX ring 2 to chan17\n kernel: hn0: chan17 assigned to cpu2 [vcpu2]\n kernel: hn0: chan17 update cpu2 flag_cnt to 1\n kernel: hn0: gpadl_conn(chan17) succeeded\n kernel: hn0: chan17 opened\n kernel: hn0: link RX ring 3 to chan18\n kernel: hn0: link TX ring 3 to chan18\n kernel: hn0: chan18 assigned to cpu3 [vcpu3]\n kernel: hn0: chan18 update cpu3 flag_cnt to 1\n kernel: hn0: gpadl_conn(chan18) succeeded\n kernel: hn0: chan18 opened\n kernel: hn0: link RX ring 4 to chan19\n kernel: hn0: link TX ring 4 to chan19\n kernel: hn0: chan19 assigned to cpu4 [vcpu4]\n kernel: hn0: chan19 update cpu4 flag_cnt to 1\n kernel: hn0: gpadl_conn(chan19) succeeded\n kernel: hn0: chan19 opened\n kernel: hn0: link RX ring 5 to chan20\n kernel: hn0: link TX ring 5 to chan20\n kernel: hn0: chan20 assigned to cpu5 [vcpu5]\n kernel: hn0: chan20 update cpu5 flag_cnt to 1\n kernel: hn0: gpadl_conn(chan20) succeeded\n kernel: hn0: chan20 opened\n kernel: hn0: link RX ring 6 to chan21\n kernel: hn0: link TX ring 6 to chan21\n kernel: hn0: chan21 assigned to cpu6 [vcpu6]\n kernel: hn0: chan21 update cpu6 flag_cnt to 1\n kernel: hn0: gpadl_conn(chan21) succeeded\n kernel: hn0: chan21 opened\n kernel: hn0: link RX ring 7 to chan22\n kernel: hn0: link TX ring 7 to chan22\n kernel: hn0: chan22 assigned to cpu7 [vcpu7]\n kernel: hn0: chan22 update cpu7 flag_cnt to 1\n kernel: hn0: gpadl_conn(chan22) succeeded\n kernel: hn0: chan22 opened\n kernel: hn0: 7 sub-channels attached\n kernel: hn0: setup default RSS key\n kernel: hn0: setup default RSS indirect table\n kernel: hn0: RSS indirect table size 128, hash 0x00005701\n kernel: hn0: RSS config done\n kernel: hn0: TX agg size 6144, pkts 8, align 8\n kernel: hn0: set RX filter 0x00000000 done\n kernel: hn0: RNDIS mtu 1500\n kernel: hn0: support HASHVAL pktinfo\n kernel: hn0: TSO size max 62762\n kernel: hn0: bpf attached\n kernel: hn0: Ethernet address: 00:15:5d:00:f0:8a\n kernel: hn0: TSO segcnt 31 segsz 4096\n kernel: hn0: link state changed to UP\n kernel: pcib0: \u003cHyper-V PCI Express Pass Through\u003e on vmbus0\n kernel: vmbus0: allocated type 3 (0xfe0000000-0xfe0001fff) for rid 0 of pcib0\n kernel: vmbus0: device scan, probe and attach done\n kernel: GEOM: new disk da0\n kernel: pass0 at storvsc0 bus 0 scbus0 target 0 lun 0\n kernel: pass0: \u003cMsft Virtual Disk 1.0\u003e Fixed Direct Access SPC-3 SCSI device\n kernel: pass0: 300.000MB/s transfers\n kernel: pass0: Command Queueing enabled\n kernel: pass1 at storvsc0 bus 0 scbus0 target 0 lun 1\n kernel: pass1: \u003cMsft Virtual DVD-ROM 1.0\u003e Removable CD-ROM SPC-3 SCSI device\n kernel: pass1: 300.000MB/s transfers\n kernel: (cd0:storvsc0:0:0:1): storvsc scsi_status = 2, srb_status = 4\n kernel: cd0 at storvsc0 bus 0 scbus0 target 0 lun 1\n kernel: cd0: \u003cMsft Virtual DVD-ROM 1.0\u003e Removable CD-ROM SPC-3 SCSI device\n kernel: cd0: 300.000MB/s transfers\n kernel: cd0: Attempt to query device size failed: NOT READY, Medium not present - tray closed\n kernel: da0 at storvsc0 bus 0 scbus0 target 0 lun 0\n kernel: da0: \u003cMsft Virtual Disk 1.0\u003e Fixed Direct Access SPC-3 SCSI device\n kernel: da0: 300.000MB/s transfers\n kernel: da0: Command Queueing enabled\n kernel: da0: 81920MB (167772160 512 byte sectors)\n kernel: (da0:storvsc0:0:0:0): storvsc inquiry (6) [0 b2 0 4 1 ... ]\n kernel: (da0:storvsc0:0:0:0): storvsc inquiry (5) [0 b0 0 3c 0 ... ]\n kernel: (da0:storvsc0:0:0:0): storvsc inquiry (5) [0 b1 0 3c 0 ... ]\n kernel: da0: Delete methods: \u003cUNMAP(*),ZERO\u003e\n kernel: Trying to mount root from zfs:zroot/ROOT/default []...\n kernel: pcib0: gpadl_conn(chan23) succeeded\n kernel: pcib0: chan23 opened\n kernel: pci0: \u003cPCI bus\u003e on pcib0\n kernel: pci0: domain=1, physical bus=0\n kernel: GEOM: new disk cd0\n kernel: found-\u003e\tvendor=0x15b3, dev=0x1016, revid=0x80\n kernel: \tdomain=1, bus=0, slot=2, func=0\n kernel: \tclass=02-00-00, hdrtype=0x00, mfdev=0\n kernel: \tcmdreg=0x0000, statreg=0x0010, cachelnsz=0 (dwords)\n kernel: \tlattimer=0x00 (0 ns), mingnt=0x00 (0 ns), maxlat=0x00 (0 ns)\n kernel: \tMSI-X supports 8 messages in map 0x10\n kernel: \tmap[10]: type Prefetchable Memory, range 64, base 0, size 20, memory disabled\n kernel: mlx5_core0: \u003cmlx5_core\u003e at device 2.0 on pci0\n kernel: vmbus0: allocated type 3 (0xfe0100000-0xfe01fffff) for rid 10 of mlx5_core0\n kernel: mlx5_core0: Lazy allocation of 0x100000 bytes rid 0x10 type 3 at 0xfe0100000\n kernel: (cd0:storvsc0:0:0:1): storvsc scsi_status = 2, srb_status = 4\n syslogd: last message repeated 4 times\n kernel: mlx5_core0: ERR: mlx5_init_once:918:(pid 0): Unable to find vendor specific capabilities\n kernel: mlx5_core0: attempting to allocate 8 MSI-X vectors (8 supported)\n kernel: msi: routing MSI-X IRQ 24 to local APIC 0 vector 50\n kernel: msi: routing MSI-X IRQ 25 to local APIC 2 vector 48\n kernel: msi: routing MSI-X IRQ 26 to local APIC 0 vector 51\n kernel: msi: routing MSI-X IRQ 27 to local APIC 2 vector 49\n kernel: msi: routing MSI-X IRQ 28 to local APIC 0 vector 52\n kernel: msi: routing MSI-X IRQ 29 to local APIC 2 vector 50\n kernel: msi: routing MSI-X IRQ 30 to local APIC 0 vector 53\n kernel: msi: routing MSI-X IRQ 31 to local APIC 2 vector 51\n kernel: mlx5_core0: using IRQs 24-31 for MSI-X\n kernel: mce0: bpf attached\n kernel: mce0: Ethernet address: 00:15:5d:00:f0:8a\n kernel: mce0: link state changed to DOWN\n kernel: hn0: link state changed to DOWN\n kernel: mlx5_core0: WARN: mlx5_fwdump_prep:76:(pid 0): Failed to find vendor-specific capability, error 2\n kernel: efirtc0: providing initial system time\n kernel: start_init: trying /sbin/init\n kernel: mce0: ERR: mlx5e_ioctl:3320:(pid 0): tso6 disabled due to -txcsum6.\n kernel: mce0: ERR: mlx5e_ioctl:3346:(pid 0): enable txcsum6 first.\n kernel: lo0: link state changed to UP\n kernel: hn0: set RX filter 0x00000009 done\n kernel: hn0: try bringing up mce0\n kernel: mce0: link state changed to UP\n kernel: hn0: link state changed to UP\n kernel: hn0: mce0 SIOCGRSSKEY failed: 22\n kernel: hn0: set RX filter 0x0000000d done\n kernel: hvtimesync0: apply sample request, hv: 1577353271520633700, vm: 1577353272415602299\n kernel: hvkvp0: sel framework version: 3.0\n kernel: hvkvp0: supp framework version: 1.0\n kernel: hvkvp0: supp framework version: 3.0\n kernel: hvkvp0: sel message version: 4.0\n kernel: hvkvp0: supp message version: 3.0\n kernel: hvkvp0: supp message version: 4.0\n kernel: hvkvp0: supp message version: 5.0\n kernel: hvvss0: sel framework version: 3.0\n kernel: hvvss0: supp framework version: 1.0\n kernel: hvvss0: supp framework version: 3.0\n kernel: hvvss0: sel message version: 5.0\n kernel: hvvss0: supp message version: 5.0\n kernel: hvvss0: supp message version: 6.0\n kernel: hvvss0: supp message version: 7.0"
}