{
 "id": 438110,
 "bug_id": 122174,
 "attachment_id": 0,
 "creation_time": "2008-03-31T10:50:07Z",
 "creator": "freebsd@sopwith.solgatos.com",
 "text": "\u003e Can you please confirm that you are running with the most recent BIOS?\n\nIt is not the most recent firmware, but this board does not have\na failsafe loader or a dual bios feature, so updating the firmware\nhas been deemed too risky.\n\n\u003e Also, are you able to attempt to boot a 6.3-RELEASE CD, to see if that\n\u003e works?\n\nYes, but it will probably take awhile.\n\nHere is \"mptable -verbose\" under 6.2:\n===============================================================================\n\nMPTable\n\n looking for EBDA pointer @ 0x040e, found, searching EBDA @ 0x0009f800\n searching CMOS 'top of mem' @ 0x00098c00 (611K)\n searching default 'top of mem' @ 0x0009fc00 (639K)\n searching BIOS @ 0x000f0000\n\n MP FPS found in BIOS @ physical addr: 0x000f3a10\n\n-------------------------------------------------------------------------------\n\nMP Floating Pointer Structure:\n\n  location:                     BIOS\n  physical address:             0x000f3a10\n  signature:                    '_MP_'\n  length:                       16 bytes\n  version:                      1.1\n  checksum:                     0x00\n  mode:                         Virtual Wire\n\n-------------------------------------------------------------------------------\n\nMP Config Table Header:\n\n  physical address:             0x000f1e10\n  signature:                    ''\n  base table length:            0\n  version:                      1.0\n  checksum:                     0x00\n  OEM ID:                       ''\n  Product ID:                   ''\n  OEM table pointer:            0x00000000\n  OEM table size:               0\n  entry count:                  0\n  local APIC address:           0x00000000\n  extended table length:        0\n  extended table checksum:      0\n\n-------------------------------------------------------------------------------\n\nMP Config Base Table Entries:\n\n\n===============================================================================\n\n\n\"acpidump -t\" under 6.2:\n\n\n/*\n  RSD PTR: OEM=Nvidia, ACPI_Rev=1.0x (0)\n\tRSDT=0x7fff3040, cksum=152\n */\n/*\n  RSDT: Length=44, Revision=1, Checksum=178,\n\tOEMID=Nvidia, OEM Table ID=AWRDACPI, OEM Revision=0x42302e31,\n\tCreator ID=AWRD, Creator Revision=0x0\n\tEntries={ 0x7fff30c0, 0x7fff93c0 }\n */\n/*\n  FACP: Length=116, Revision=1, Checksum=217,\n\tOEMID=Nvidia, OEM Table ID=AWRDACPI, OEM Revision=0x42302e31,\n\tCreator ID=AWRD, Creator Revision=0x0\n \tFACS=0x7fff0000, DSDT=0x7fff3180\n\tINT_MODEL=PIC\n\tPreferred_PM_Profile=Unspecified (0)\n\tSCI_INT=9\n\tSMI_CMD=0x142e, ACPI_ENABLE=0xa1, ACPI_DISABLE=0xa0, S4BIOS_REQ=0x0\n\tPSTATE_CNT=0x0\n\tPM1a_EVT_BLK=0x1000-0x1003\n\tPM1a_CNT_BLK=0x1004-0x1005\n\tPM2_CNT_BLK=0x101c-0x101c\n\tPM_TMR_BLK=0x1008-0x100b\n\tGPE0_BLK=0x1020-0x1027\n\tGPE1_BLK=0x14a0-0x14af, GPE1_BASE=32\n\tP_LVL2_LAT=101 us, P_LVL3_LAT=1001 us\n\tFLUSH_SIZE=0, FLUSH_STRIDE=0\n\tDUTY_OFFSET=1, DUTY_WIDTH=3\n\tDAY_ALRM=125, MON_ALRM=126, CENTURY=50\n\tIAPC_BOOT_ARCH=\n\tFlags={WBINVD,PROC_C1,SLP_BUTTON,RTC_S4,RESET_REG}\n\tRESET_REG=0x00000000:0[0] (Memory), RESET_VALUE=0\n */\n/*\n  FACS:\tLength=64, HwSig=0x00000000, Firm_Wake_Vec=0x00000000\n\tGlobal_Lock=\n\tFlags=\n\tVersion=0\n */\n/*\n  DSDT: Length=24875, Revision=1, Checksum=252,\n\tOEMID=NVIDIA, OEM Table ID=AWRDACPI, OEM Revision=0x1000,\n\tCreator ID=MSFT, Creator Revision=0x100000e\n */\n/*\n  MCFG: Length=60, Revision=1, Checksum=34,\n\tOEMID=Nvidia, OEM Table ID=AWRDACPI, OEM Revision=0x42302e31,\n\tCreator ID=AWRD, Creator Revision=0x0\n\n\tBase Address= 0x00000000e0000000\n\tSegment Group= 0x0000\n\tStart Bus= 0\n\tEnd Bus= 255\n */\n\n=============================================================================\n\ndevinfo under 6.2 says:\n\nInterrupt request lines:\n    0x0 (root0)\n    0x1 (atkbd0)\n    0x3 (sio1)\n    0x4 (sio0)\n    0x5 (ohci2)\n    0x6 (fdc0)\n    0x7 (ppc0)\n    0x8 (root0)\n    0x9 (acpi0)\n    0xa (ohci0)\n    0xb (ehci0)\n    0xc (fwohci1)\n    0xd (root0)\n    0xe (ata0)\n    0xf (ata1)\n\nso I added this to 7.0's loader.conf\n\nhint.root.0.irq=\"0x0\"\nhint.atkbd.0.irq=\"0x1\"\nhint.sio.1.irq=\"0x3\"\nhint.sio.0.irq=\"0x4\"\nhint.ohci.2.irq=\"0x5\"\nhint.fdc.0.irq=\"0x6\"\nhint.ppc.0.irq=\"0x7\"\n#hint.root.0.irq=0x8\"\nhint.acpi.0.irq=\"0x9\"\nhint.ohci.0.irq=\"0xa\"\nhint.ehci.0.irq=\"0xb\"\nhint.fwohci.1.irq=\"0xc\"\n#hint.root.0.irq=\"0xd\"\nhint.ata.0.irq=\"0xe\"\nhint.ata.1.irq=\"0xf\"\n\nI'm not sure what to do about the multiple root0 entries.\nAnd there are lots of devices not listed.\nAnyway it didn't help.\n\n=============================================================================\n6.2's loader says:\n\nacpi_load=YES\nautoboot_delay=NO\nbootfile=kernel\ncomconsole_speed=9600\nconsole=comconsole\ncurrdev=disk3s3a:\nhint.acpi.0.oem=Nvidia\nhint.acpi.0.revision=1\nhint.acpi.0.rsdt=0x7fff3040\nhint.atkbd.0.at=atkbdc\nhint.atkbd.0.irq=1\nhint.atkbdc.0.at=isa\nhint.atkbdc.0.port=0x060\nhint.fd.0.at=fdc0\nhint.fd.0.drive=0\nhint.fd.1.at=fdc0\nhint.fd.1.drive=1\nhint.fdc.0.at=isa\nhint.fdc.0.drq=2\nhint.fdc.0.irq=6\nhint.fdc.0.port=0x3F0\nhint.ppc.0.at=isa\nhint.ppc.0.irq=7\nhint.psm.0.at=atkbdc\nhint.psm.0.irq=12\nhint.sc.0.at=isa\nhint.sc.0.flags=0x100\nhint.sio.0.at=isa\nhint.sio.0.flags=0x10\nhint.sio.0.irq=4\nhint.sio.0.port=0x3F8\nhint.sio.1.at=isa\nhint.sio.1.irq=3\nhint.sio.1.port=0x2F8\nhint.sio.2.at=isa\nhint.sio.2.disabled=1\nhint.sio.2.irq=5\nhint.sio.2.port=0x3E8\nhint.sio.3.at=isa\nhint.sio.3.disabled=1\nhint.sio.3.irq=9\nhint.sio.3.port=0x2E8\nhint.vga.0.at=isa\nhw.ata.atapi_dma=1\nhw.ata.wc=0\ninterpret=OK\nkern.ipc.nmbclusters=256000\nkernel=kernel\nkernel_options=\nkernelname=/boot/kernel/kernel\nloaddev=disk3s3a:\nmac_ifoff=NO\nmodule_path=/boot/kernel;/boot/modules\nprompt=${interpret}\nsmbios.bios.reldate=02/17/2005\nsmbios.bios.vendor=Phoenix Technologies, LTD\nsmbios.bios.version=6.00 PG\nsmbios.chassis.maker=\nsmbios.chassis.serial=\nsmbios.chassis.tag=\nsmbios.chassis.version=\nsmbios.planar.maker=\nsmbios.planar.product=NF-CK804\nsmbios.planar.serial=\nsmbios.planar.version=\nsmbios.socket.enabled=1\nsmbios.socket.populated=1\nsmbios.system.maker=\nsmbios.system.product=\nsmbios.system.serial=\nsmbios.system.version=\n\n\n\n6.2 verbose boot ================================================\n\nSMAP type=01 base=0000000000000000 len=0000000000098000\nSMAP type=02 base=00000000000f0000 len=0000000000010000\nSMAP type=02 base=00000000fec00000 len=0000000000001000\nSMAP type=02 base=00000000fee00000 len=0000000000100000\nSMAP type=02 base=00000000fefffc00 len=0000000000000400\nSMAP type=02 base=00000000ffff0000 len=0000000000010000\nSMAP type=02 base=00000000e0000000 len=0000000010000000\nSMAP type=03 base=000000007fff3000 len=000000000000d000\nSMAP type=04 base=000000007fff0000 len=0000000000003000\nSMAP type=02 base=0000000000098000 len=0000000000008000\nSMAP type=01 base=0000000000100000 len=000000007fef0000\n\n...\n\nreal memory  = 2147418112 (2047 MB)\nPhysical memory chunk(s):\n0x0000000000001000 - 0x0000000000097fff, 618496 bytes (151 pages)\n0x0000000000b53000 - 0x000000007c39ffff, 2072301568 bytes (505933 pages)\navail memory = 2036805632 (1942 MB)\nwlan: \u003c802.11 Link Layer\u003e\nath_rate: version 1.2 \u003cSampleRate bit-rate selection algorithm\u003e\nnull: \u003cnull device, zero device\u003e\nrandom: \u003centropy source, Software, Yarrow\u003e\nnfslock: pseudo-device\nkbd: new array size 4\nkbd1 at kbdmux0\nmem: \u003cmemory\u003e\nio: \u003cI/O\u003e\nath_hal: 0.9.17.2 (AR5210, AR5211, AR5212, RF5111, RF5112, RF2413, RF5413)\nrr232x: RocketRAID 232x controller driver v1.02 (Dec  1 2007 17:12:54)\nstray irq7\nacpi0: \u003cNvidia AWRDACPI\u003e on motherboard\nacpi0: [MPSAFE]\npci_open(1):    mode 1 addr port (0x0cf8) is 0x80004004\npci_open(1a):   mode1res=0x80000000 (0x80000000)\npci_cfgcheck:   device 0 [class=058000] [hdr=00] is there (id=005e10de)\nacpi_bus_number: root bus has no _BBN, assuming 0\nacpi_bus_number: can't get _ADR\nacpi_bus_number: can't get _ADR\nAcpiOsDerivePciId: bus 0 dev 1 func 1\nacpi_bus_number: root bus has no _BBN, assuming 0\nacpi_bus_number: can't get _ADR\nacpi_bus_number: can't get _ADR\nAcpiOsDerivePciId: bus 0 dev 1 func 0\nacpi0: Power Button (fixed)\nacpi_bus_number: root bus has no _BBN, assuming 0\nacpi_bus_number: can't get _ADR\nacpi_bus_number: can't get _ADR\nAcpiOsDerivePciId: bus 0 dev 24 func 1\nacpi_bus_number: root bus has no _BBN, assuming 0\nacpi_bus_number: can't get _ADR\nacpi_bus_number: can't get _ADR\nAcpiOsDerivePciId: bus 0 dev 1 func 0\nACPI timer: 1/1 1/1 1/1 1/1 1/1 1/1 1/1 1/1 1/1 1/1 -\u003e 10\nTimecounter \"ACPI-fast\" frequency 3579545 Hz quality 1000\nacpi_timer0: \u003c24-bit timer at 3.579545MHz\u003e port 0x1008-0x100b on acpi0\npci_link0: Links after initial probe:\nIndex  IRQ  Rtd  Ref  IRQs\n    0   10   N     0  3 4 5 7 9 10 11 12 14 15\npci_link0: Links after initial validation:\nIndex  IRQ  Rtd  Ref  IRQs\n    0   10   N     0  3 4 5 7 9 10 11 12 14 15\npci_link0: Links after disable:\nIndex  IRQ  Rtd  Ref  IRQs\n    0  255   N     0  3 4 5 7 9 10 11 12 14 15\npci_link1: Links after initial probe:\nIndex  IRQ  Rtd  Ref  IRQs\n    0    5   N     0  3 4 5 7 9 10 11 12 14 15\npci_link1: Links after initial validation:\nIndex  IRQ  Rtd  Ref  IRQs\n    0    5   N     0  3 4 5 7 9 10 11 12 14 15\npci_link1: Links after disable:\nIndex  IRQ  Rtd  Ref  IRQs\n    0  255   N     0  3 4 5 7 9 10 11 12 14 15\npci_link2: Links after initial probe:\nIndex  IRQ  Rtd  Ref  IRQs\n    0   11   N     0  3 4 5 7 9 10 11 12 14 15\npci_link2: Links after initial validation:\nIndex  IRQ  Rtd  Ref  IRQs\n    0   11   N     0  3 4 5 7 9 10 11 12 14 15\npci_link2: Links after disable:\nIndex  IRQ  Rtd  Ref  IRQs\n    0  255   N     0  3 4 5 7 9 10 11 12 14 15\npci_link3: Links after initial probe:\nIndex  IRQ  Rtd  Ref  IRQs\n    0   12   N     0  3 4 5 7 9 10 11 12 14 15\npci_link3: Links after initial validation:\nIndex  IRQ  Rtd  Ref  IRQs\n    0   12   N     0  3 4 5 7 9 10 11 12 14 15\npci_link3: Links after disable:\nIndex  IRQ  Rtd  Ref  IRQs\n    0  255   N     0  3 4 5 7 9 10 11 12 14 15\npci_link4: Links after initial probe:\nIndex  IRQ  Rtd  Ref  IRQs\n    0  255   N     0  3 4 5 7 9 10 11 12 14 15\npci_link4: Links after initial validation:\nIndex  IRQ  Rtd  Ref  IRQs\n    0  255   N     0  3 4 5 7 9 10 11 12 14 15\npci_link4: Links after disable:\nIndex  IRQ  Rtd  Ref  IRQs\n    0  255   N     0  3 4 5 7 9 10 11 12 14 15\npci_link5: Links after initial probe:\nIndex  IRQ  Rtd  Ref  IRQs\n    0   10   N     0  3 4 5 7 9 10 11 12 14 15\npci_link5: Links after initial validation:\nIndex  IRQ  Rtd  Ref  IRQs\n    0   10   N     0  3 4 5 7 9 10 11 12 14 15\npci_link5: Links IRQ  Rtd  Ref  IRQs\n    0    5   N     0  3 4 5 7 9 10 11 12 14 15\npci_link7: Links after initial validation:\nIndex  IRQ  Rtd  Ref  IRQs\n    0    5   N     0  3 4 5 7 9 10 11 12 14 15\npci_link7: Links after disable:\nIndex  IRQ  Rtd  Ref  IRQs\n    0  255   N     0  3 4 5 7 9 10 11 12 14 15\npci_link8: Links after initial probe:\nIndex  IRQ  Rtd  Ref  IRQs\n    0   12   N     0  3 4 5 7 9 10 11 12 14 15\npci_link8: Links after initial validation:\nIndex  IRQ  Rtd  Ref  IRQs\n    0   12   N     0  3 4\npci_link10: Links after initial probe:\nIndex  IRQ  Rtd  Ref  IRQs\n    0   12   N     0  3 4 5 7 9 10 11 12 14 15\npci_link10: Links after initial validation:\nIndex  IRQ  Rtd  Ref  IRQs\n    0   12   N     0  3 4 5 7 9 10 11 12 14 15\npci_link10: Linksink12: Links after disable:\nIndex  IRQ  Rtd  Ref  IRQs\n    0  255   N     0  3 4 5 7 9 10 11 12 14 15\npci_link13: Links after initial probe:\nIndex  IRQ  Rtd  Ref  IRQs\n    0   11   N     0  3 4 5 7 9 10 11 12 14 15\npci_link13: Links after initial vald  Ref  IRQs\n    0  255   N     0  3 4 5 7 9 10 11 12 14 15\npci_link14: Links after initial probe:\nIndex  IRQ  Rtd  Ref  IRQs\n    0   10   N     0  3 4 5 7 9 10 11 12 14 15\npci_link14: Links after initial validation:\nIndex  IRQ  Rtd  Ref  IRQs\n    0inks after initial probe:\nIndex  IRQ  Rtd  Ref  IRQs\n    0  255   N     0  16\npci_link16: Links after initial validation:\nIndex  IRQ  Rtd  Ref  IRQs\n    0  255   N     0  16\npci_link16: Links after disable:\nIndex  IRQ  Rtd  Ref  IRQs\n    0  255   Ninitial probe:\nIndex  IRQ  Rtd  Ref  IRQs\n    0  255   N     0  19\npci_link19: Links after initial validation:\nIndex  IRQ  Rtd  Ref  IRQs\n    0  255   N     0  19\npci_link19: Links after disable:\nIndex  IRQ  Rtd  Ref  IRQs\n    0  255   N     0  19\npci_link20: Links after initial probe:\nIndex  IRQ  Rtd  Ref  IRQs\n    0   16   N     0  16\npci_link20: Links after initial validation:\nIndex  IRQ  Rtd  Ref  IRQs\n    0   16   N     0  16\npci_link20: Links after disable:\nIndex  IRQ  Rtd  Ref  IRQs\n2: Links after disable:\nIndex  IRQ  Rtd  Ref  IRQs\n    0  255   N     0  20 21 22 23\npci_link23: Links after initial probe:\nIndex  IRQ  Rtd  Ref  IRQs\n    0  255   N     0  20 21 22 23\npci_link23: Links after initial validation:\nIndex  IRQ  Rtd  Refndex  IRQ  Rtd  Ref  IRQs\n    0  255   N     0  20 21 22 23\npci_link25: Links after disable:\nIndex  IRQ  Rtd  Ref  IRQs\n    0  255   N     0  20 21 22 23\npci_link26: Links after initial probe:\nIndex  IRQ  Rtd  Ref  IRQs\n    0  255   N     0  20 21 22 23\npci_link26: Links after initial validation:\nIndex  IRQ  Rtd  Ref  IRQs\n    0  255   N     0  20 21 22 23\npci_link26: Links after disable:\nIndex  IRQ  Rtd  Ref  IRQs\n    0  255   N     0  20 21 22 23\npci_link27: Links after initial probe:\nIndex     0  20 21 22 23\npci_link29: Links after initial probe:\nIndex  IRQ  Rtd  Ref  IRQs\n    0  255   N     0  20 21 22 23\npci_link29: Links after initial validation:\nIndex  IRQ  Rtd  Ref  IRQs\n    0  255   N     0  20 21 22 23\npci_link29: Links after disable:\nIndex  IRQ  Rtd  Ref  IRQs\n    0  255   N     0  20 21 22 23\npci_link30: Links after initial probe:\nIndex  IRQ  Rtd  Ref  IRQs\n    0  255   N     0  20 21 22 23\npci_link30: Links after initial validation:\nIndex  IRQ  Rtd  Ref  IRQs\n    0\n       acpi_throttle0: \u003cACPI CPU Throttling\u003e on cpu0\nacpi_throttle0: P_CNT from P_BLK 0x1010\nacpi_button0: \u003cPower Button\u003e on acpi0\npcib0: \u003cACPI Host-PCI bridge\u003e port 0xcf8-0xcff on acpi0\nACPI: Found matching pin for 0.1.INTA at func 1: 12\nACPI: Found matchireg=0x000f, statreg=0x00a0, cachelnsz=0 (dwords)\n        lattimer=0x00 (0 ns), mingnt=0x00 (0 ns), maxlat=0x00 (0 ns)\nfound-\u003e vendor=0x10de, dev=0x0052, revid=0xa2\n        bus=0, slot=1, func=1\n        class=0c-05-00, hdrtype=0x00, mfdev=1\n        cmdreg=0x0001, statreg=0x00b0, ts D0 D1 D2 D3  current D0\n        map[10]: type 1, range 32, base febff000, size 12, enabled\npcib0: matched entry for 0.2.INTA (src \\_SB_.PCI0.LUBA:0)\npcib0: slot 2 INTA routed to irq 10 via \\_SB_.PCI0.LUBA\nfound-\u003e vendor=0x10de, dev=0x005b, revid=0xa3\n        bus3  current D0\n        map[10]: type 4, range 32, base 0000f000, size  8, enabled\n        map[14]: type 4, range 32, base 0000ec00, size  8, enabled\n        map[18]: type 1, range 32, base febfd000, size 12, enabled\nIcib0: matched entry for 0.4.INTA (src \\_SB_.PCI0.LACI:0)\nfound-\u003e vendor=0x10de, dev=0x0053, revid=0xa2\n        bus=0, slot=6, func=0\n        class=01-01-8a, hdrtype=0x00, mfdev=0\n        cmdreg=0x0005, statreg=0x00b0, cachelnsz=0 (dwords)\n        lattimer=0x00 (0 ns), mingnt=0x03 (750 ns), maxlat=0x01 (250 ns)\n        powerspec 2  support 00000970, size  3, enabled\n        map[1c]: type 4, range 32, base 00000b70, size  2, enabled\n        map[20]: type 4, range 32, base 0000cc00, size  4, enabled\n        map[24]: type 1, range 32, base febfb000, size 12, enabled\npcib0: matched entry for 0.7.INTA (src \\_SB_e 12, enabled\npcib0: matched entry for 0.8.INTA (src \\_SB_.PCI0.LFID:0)\npcib0: slot 8 INTA routed to irq 10 via \\_SB_.PCI0.LFID\nfound-\u003e vendor=0x10de, dev=0x005c, revid=0xa2\n        bus=0, slot=9, func=0\n        class=06-04-01, hdrtype=0x01, mfdev=0\n        cmdreg=0x0007er=0x00 (0 ns), mingnt=0x0c (3000 ns), maxlat=0x02 (500 ns)\nfound-\u003e vendor=0x10de, dev=0x0057, revid=0xa3\n        bus=0, slot=10, func=0\n        class=06-80-00, hdrtype=0x00, mfdev=0\n        cmdreg=0x0007, statreg=0x00b0, cachelnsz=0 (dwords)\n        lattimer=0x00 (0 ns), mingnt2, func=0\n        class=06-04-00, hdrtype=0x01, mfdev=0\n        cmdreg=0x0007, statreg=0x0010, cachelnsz=8 (dwords)\n        lattimer=0x00 (0 ns), mingnt=0x04 (1000 ns), maxlat=0x00 (0 ns)\nfound-\u003e vendor=0x10de, dev=0x005d, revid=0xa3\n        bus=0, slot=13, func=0\n        class=06-04-pe=0x00, mfdev=1\n        cmdreg=0x0000, statreg=0x0000, cachelnsz=0 (dwords)\n        lattimer=0x00 (0 ns), mingnt=0x00 (0 ns), maxlat=0x00 (0 ns)\nfound-\u003e vendor=0x1022, dev=0x1102, revid=0x00\n        bus=0, slot=24, func=2\n        class=06-00-00, hdrtype=0x00, mfdev=1\n        cmdreg=0ttimer=0x00 (0 ns), mingnt=0x00 (0 ns), maxlat=0x00 (0 ns)\nfound-\u003e vendor=0x1022, dev=0x1103, revid=0x00\n        bus=0, slot=24, func=3\n        class=06-00-00, hdrtype=0x00, mfdev=1\n        cmdreg=0x0000, statreg=0x0000, cachelnsz=0 (dwords)\n        lattimer=0x00 (0 ns), mingnt=\nohci0: [GIANT-LOCKED]\nusb0: OHCI version 1.0, legacy support\nusb0: SMM does not respond, resetting\nusb0: \u003cOHCI (generic) USB controller\u003e on ohci0\nusb0: USB revision 1.0\nuhub0: nVidia OHCI root hub, class 9/0, rev 1.00/1.00, addr 1\nuhub0: 10 ports with 10 removable, self powered\nehci0: \u003cNVIDIA nForce4 USB 2.0 controller\u003e mem 0xfebfe000-0xfebfe0ff irq 11 at device 2.1 on pci0\nehci0: Reserved 0x100 bytes for rid 0x10 type 3 at 0xfebfe000\nehci0: [GIANT-LOCKED]\nusb1: EHCI version 1.0\nusb1: companion controller, 4 ports each: usb0\nusb1: \u003cNVIDIA nForce4 USB 2.0 controller\u003e on ehci0\nusb1: USB revision 2.0\nuhub1: nVidia EHCI root hub, class 9/0, rev 2.00/1.00, addr 1\nuhub1: 10 ports with 10 removable, self powered\numass0: JMicron USB to ATA/ATAPI Bridge, rev 2.00/1.00, addr 2\numass0:0:0:-1: Attached to scbus0\npci0: \u003cmultimedia, audio\u003e at device 4.0 (no driver attached)\natapci0: \u003cnVidia nForce CK804 UDMA133 controller\u003e port 0x1f0-0x1f7,0x3f6,0x170-0x177,0x376,0xe000-0xe00f\nat device 6.0 on pci0\natapci0: Reserved 0x10 bytes for rid 0x20 type 4 at 0xe000\nata0: \u003cATA channel 0\u003e on atapci0\natapci0: Reserved 0x8 bytes for rid 0x10 type 4 at 0x1f0\natapci0: Reserved 0x1 bytes for rid 0x14 type 4 at 0x3f6\nata0: reset tp1 mask=03 ostat0=50 ostat1=00\nata0: stat0=0x00 err=0x01 lsb=0x14 msb=0xeb\nata0: stat1=0x00 err=0x00 lsb=0x00 msb=0x00\nata0: reset tp2 stat0=00 stat1=00 devices=0x4\u003cATAPI_MASTER\u003e\nata0: [MPSAFE]\nata1: \u003cATA channel 1\u003e on atapci0\natapci0: Reserved 0x8 bytes for rid 0x18 type 4 at 0x170\natapci0: Reserved 0x1 bytes for rid 0x1c type 4 at 0x376\nata1: reset tp1 mask=03 ostat0=50 ostat1=00\nata1: stat0=0x50 err=0x01 lsb=0x00 msb=0x00\nata1: stat1=0x00 err=0x01 lsb=0x00 msb=0x00\nata1: reset tp2 stat0=50 stat1=00 devices=0x1\u003cATA_MASTER\u003e\nata1: [MPSAFE]\natapci1: \u003cnVidia nForce CK804 SATA300 controller\u003e port 0x9f0-0x9f7,0xbf0-0xbf3,0x970-0x977,0xb70-0xb73,0x\ncc00-0xcc0f mem 0xfebfb000-0xfebfbfff irq 11 at device 7.0 on pci0\natapci1: Reserved 0x10 bytes for rid 0x20 type 4 at 0xcc00\natapci1: [MPSAFE]\natapci1: Reserved 0x1000 bytes for rid 0x24 type 3 at 0xfebfb000\nata2: \u003cATA channel 0\u003e on atapci1\natapci1: Reserved 0x8 bytes for rid 0x10 type 4 at 0x9f0\natapci1: Reserved 0x4 bytes for rid 0x14 type 4 at 0xbf0\nata2: SATA connect ready time=0ms\nata2: sata_connect devices=0x1\u003cATA_MASTER\u003e\nata2: [MPSAFE]\nata3: \u003cATA channel 1\u003e on atapci1\natapci1: Reserved 0x8 bytes for rid 0x18 type 4 at 0x970\natapci1: Reserved 0x4 bytes for rid 0x1c type 4 at 0xb70\nata3: SATA connect ready time=0ms\nata3: sata_connect devices=0x1\u003cATA_MASTER\u003e\nata3: [MPSAFE]\natapci2: \u003cnVidia nForce CK804 SATA300 controller\u003e port 0x9e0-0x9e7,0xbe0-0xbe3,0x960-0x967,0xb60-0xb63,0x\nb800-0xb80f mem 0xfebfa000-0xfebfafff irq 10 at device 8.0 on pci0\natapci2: Reserved 0x10 bytes for rid 0x20 type 4 at 0xb800\natapci2: [MPSAFE]\natapci2: Reserved 0x1000 bytes for rid 0x24 type 3 at 0xfebfa000\nata4: \u003cATA channel 0\u003e on atapci2\natapci2: Reserved 0x8 bytes for rid 0x10 type 4 at 0x9e0\natapci2: Reserved 0x4 bytes for rid 0x14 type 4 at 0xbe0\nata4: SATA connect ready time=0ms\nata4: sata_connect devices=0x1\u003cATA_MASTER\u003e\nata4: [MPSAFE]\nata5: \u003cATA channel 1\u003e on atapci2\natapci2: Reserved 0x8 bytes for rid 0x18 type 4 at 0x960\natapci2: Reserved 0x4 bytes for rid 0x1c type 4 at 0xb60\nata5: SATA connect ready time=0ms\nata5: sata_connect devices=0x1\u003cATA_MASTER\u003e\nata5: [MPSAFE]\npcib1: \u003cACPI PCI-PCI bridge\u003e at device 9.0 on pci0\npcib1:   secondary bus     1\npcib1:   subordinate bus   2\npcib1:   I/O decode        0x9000-0xafff\npcib1:   memory decode     0xf8000000-0xfdffffff\npcib1:   prefetched decode 0xfea00000-0xfeafffff\npcib1:   Subtractively decoded bridge.\nACPI: Found matching pin for 1.5.INTA at func 0: 12\nACPI: Found matching pin for 1.6.INTA at func 0: 11\nACPI: Found matching pin for 1.7.INTA at func 0: 10\nACPI: Found matching pin for 1.9.INTA at func 0: 11\nACPI: Found matching pin for 1.10.INTA at func 0: 5\npci1: \u003cACPI PCI bus\u003e on pcib1\npci1: physical bus=1\nfound-\u003e vendor=0x1002, dev=0x4752, revid=0x27\n        bus=1, slot=5, func=0\n        class=03-00-00, hdrtype=0x00, mfdev=0\n        cmdreg=0x0087, statreg=0x0290, cachelnsz=8 (dwords)\n        lattimer=0x20 (960 ns), mingnt=0x08 (2000 ns), maxlat=0x00 (0 ns)\n        intpin=a, irq=12\n        powerspec 2  supports D0 D1 D2 D3  current D0\n        map[10]: type 1, range 32, base fc000000, size 24, enabled\npcib1: (null) requested memory range 0xfc000000-0xfcffffff: good\n        map[14]: type 4, range 32, base 0000ac00, size  8, enabled\npcib1: (null) requested I/O range 0xac00-0xacff: in range\n        map[18]: type 1, range 32, base fdfff000, size 12, enabled\npcib1: (null) requested memory range 0xfdfff000-0xfdffffff: good\npcib1: matched entry for 1.5.INTA (src \\_SB_.PCI0.LNK4:0)\npcib1: slot 5 INTA routed to irq 12 via \\_SB_.PCI0.LNK4\nfound-\u003e vendor=0x1106, dev=0x3044, revid=0x80\n        bus=1, slot=6, func=0\n        class=0c-00-10, hdrtype=0x00, mfdev=0\n        cmdreg=0x0087, statreg=0x0210, cachelnsz=8 (dwords)\n        lattimer=0x20 (960 ns), mingnt=0x00 (0 ns), maxlat=0x20 (8000 ns)\n        intpin=a, irq=11\n        powerspec 2  supports D0 D2 D3  current D0\n        map[10]: type 1, range 32, base fdffe000, size 11, enabled\npcib1: (null) requested memory range 0xfdffe000-0xfdffe7ff: good\n        map[14]: type 4, range 32, base 0000a800, size  7, enabled\npcib1: (null) requested I/O range 0xa800-0xa87f: in range\npcib1: matched entry for 1.6.INTA (src \\_SB_.PCI0.LNK3:0)\npcib1: slot 6 INTA routed to irq 11 via \\_SB_.PCI0.LNK3\nfound-\u003e vendor=0x14f1, dev=0x8800, revid=0x05\n        bus=1, slot=7, func=0\n        class=04-00-00, hdrtype=0x00, mfdev=1\n        cmdreg=0x0006, statreg=0x0290, cachelnsz=8 (dwords)\n        lattimer=0x20 (960 ns), mingnt=0x14 (5000 ns), maxlat=0x37 (13750 ns)\n        intpin=a, irq=10\n        powerspec 2  supports D0 D3  current D0\n        map[10]: type 1, range 32, base f9000000, size 24, enabled\npcib1: (null) requested memory range 0xf9000000-0xf9ffffff: good\npcib1: matched entry for 1.7.INTA (src \\_SB_.PCI0.LNK1:0)\npcib1: slot 7 INTA routed to irq 10 via \\_SB_.PCI0.LNK1\nfound-\u003e vendor=0x14f1, dev=0x8802, revid=0x05\n        bus=1, slot=7, func=2\n        class=04-80-00, hdrtype=0x00, mfdev=1\n        cmdreg=0x0006, statreg=0x0290, cachelnsz=8 (dwords)\n        lattimer=0x20 (960 ns), mingnt=0x06 (1500 ns), maxlat=0x58 (22000 ns)\n        intpin=a, irq=10\n        powerspec 2  supports D0 D3  current D0\n        map[10]: type 1, range 32, base f8000000, size 24, enabled\npcib1: (null) requested memory range 0xf8000000-0xf8ffffff: good\npcib1: matched entry for 1.7.INTA (src \\_SB_.PCI0.LNK1:0)\npcib1: slot 7 INTA routed to irq 10 via \\_SB_.PCI0.LNK1\nfound-\u003e vendor=0x3388, dev=0x0021, revid=0x11\n        bus=1, slot=8, func=0\n        class=06-04-00, hdrtype=0x01, mfdev=0\n        cmdreg=0x0007, statreg=0x0290, cachelnsz=8 (dwords)\n        lattimer=0x20 (960 ns), mingnt=0x04 (1000 ns), maxlat=0x00 (0 ns)\nfound-\u003e vendor=0x14f1, dev=0x8800, revid=0x05\n        bus=1, slot=9, func=0\n        class=04-00-00, hdrtype=0x00, mfdev=1\n        cmdreg=0x0006, statreg=0x0290, cachelnsz=8 (dwords)\n        lattimer=0x20 (960 ns), mingnt=0x14 (5000 ns), maxlat=0x37 (13750 ns)\n        intpin=a, irq=11\n        powerspec 2  supports D0 D3  current D0\n        map[10]: type 1, range 32, base fb000000, size 24, enabled\npcib1: (null) requested memory range 0xfb000000-0xfbffffff: good\npcib1: matched entry for 1.9.INTA (src \\_SB_.PCI0.LNK3:0)\npcib1: slot 9 INTA routed to irq 11 via \\_SB_.PCI0.LNK3\nfound-\u003e vendor=0x14f1, dev=0x8802, revid=0x05\n        bus=1, slot=9, func=2\n        class=04-80-00, hdrtype=0x00, mfdev=1\n        cmdreg=0x0006, statreg=0x0290, cachelnsz=8 (dwords)\n        lattimer=0x20 (960 ns), mingnt=0x06 (1500 ns), maxlat=0x58 (22000 ns)\n        intpin=a, irq=11\n        powerspec 2  supports D0 D3  current D0\n        map[10]: type 1, range 32, base fa000000, size 24, enabled\npcib1: (null) requested memory range 0xfa000000-0xfaffffff: good\npcib1: matched entry for 1.9.INTA (src \\_SB_.PCI0.LNK3:0)\npcib1: slot 9 INTA routed to irq 11 via \\_SB_.PCI0.LNK3\nfound-\u003e vendor=0x1011, dev=0x0002, revid=0x24\n        bus=1, slot=10, func=0\n        class=02-00-00, hdrtype=0x00, mfdev=0\n        cmdreg=0x0007, statreg=0x0280, cachelnsz=0 (dwords)\n        lattimer=0x20 (960 ns), mingnt=0x00 (0 ns), maxlat=0x00 (0 ns)\n        intpin=a, irq=5\n        map[10]: type 4, range 32, base 0000a400, size  7, enabled\npcib1: (null) requested I/O range 0xa400-0xa47f: in range\n        map[14]: type 1, range 32, base fdffd000, size  7, enabled\npcib1: (null) requested memory range 0xfdffd000-0xfdffd07f: good\npcib1: matched entry for 1.10.INTA (src \\_SB_.PCI0.LNK2:0)\npcib1: slot 10 INTA routed to irq 5 via \\_SB_.PCI0.LNK2\npci1: \u003cdisplay, VGA\u003e at device 5.0 (no driver attached)\n...\nata0-master: pio=PIO4 wdma=WDMA2 udma=UDMA66 cable=80 wire\nacd0: setting PIO4 on nForce CK804 chip\nacd0: setting UDMA66 on nForce CK804 chip\nacd0: \u003cHL-DT-ST DVDRAM GSA-4160B/A301\u003e DVDR drive at ata0 as master\nacd0: read 6890KB/s (6890KB/s) write 6890KB/s (6890KB/s), 2048KB buffer, UDMA66\nacd0: Reads: CDR, CDRW, CDDA stream, DVDROM, DVDR, DVDRAM, packet\nacd0: Writes: CDR, CDRW, DVDR, DVDRAM, test write, burnproof\nacd0: Audio: play, 256 volume levels\nacd0: Mechanism: ejectable tray, unlocked\nacd0: Medium: no/blank disc\nata1-master: pio=PIO4 wdma=WDMA2 udma=UDMA100 cable=80 wire\nad2: setting PIO4 on nForce CK804 chip\nad2: setting UDMA100 on nForce CK804 chip\nad2: 305245MB \u003cSeagate ST3320620A 3.AAC\u003e at ata1-master UDMA100\nad2: 625142448 sectors [620181C/16H/63S] 16 sectors/interrupt 1 depth queue\nGEOM: new disk ad2\nad2: nVidia check1 failed\nad2: Adaptec check1 failed\nad2: LSI (v3) check1 failed\nad2: LSI (v2) check1 failed\nad2: FreeBSD check1 failed\nata2-master: pio=PIO4 wdma=WDMA2 udma=UDMA133 cable=40 wire\nad4: 715404MB \u003cSeagate ST3750640AS 3.AAE\u003e at ata2-master SATA300\nad4: 1465149168 sectors [1453521C/16H/63S] 16 sectors/interrupt 1 depth queue\nGEOM: new disk ad4\nad4: nVidia check1 failed\nad4: Adaptec check1 failed\nad4: LSI (v3) check1 failed\nad4: LSI (v2) check1 failed\nad4: FreeBSD check1 failed\nata3-master: pio=PIO4 wdma=WDMA2 udma=UDMA133 cable=40 wire\nad6: 715404MB \u003cSeagate ST3750640AS 3.AAE\u003e at ata3-master SATA300\nad6: 1465149168 sectors [1453521C/16H/63S] 16 sectors/interrupt 1 depth queue\nad6: nVidia check1 failed\nad6: Adaptec check1 failed\nad6: LSI (v3) check1 failed\nfdc0: output ready timeout\nfdc0: input ready timeout\nfdc0: input ready timeout\nfdc0: output ready timeout\nfdc0: input ready timeout\nfdc0: input ready timeout\nGEOM: new disk ad6\nfdc0: output ready timeout\nfdc0: input ready timeout\nfdc0: input ready timeout\nfdc0: output ready timeout\nfdc0: input ready timeout\nfdc0: input ready timeout\nad6: LSI (v2) check1 failed\nad6: FreeBSD check1 failed\nata4-master: pio=PIO4 wdma=WDMA2 udma=UDMA133 cable=40 wire\nad8: 476940MB \u003cST3500641AS MBP 3.AAK\u003e at ata4-master SATA300\nad8: 976773168 sectors [969021C/16H/63S] 16 sectors/interrupt 1 depth queue\n(probe0:ata0:0:0:0): error 22\n(probe0:ata0:0:0:0): Unretryable Error\nad8: nVidia check1 failed\nad8: Adaptec check1 failed\nad8: LSI (v3) check1 failed\nad8: LSI (v2) check1 failed\nad8: FreeBSD check1 failed\nata5-master: pio=PIO4 wdma=WDMA2 udma=UDMA133 cable=40 wire\nGEOM: new disk ad8\nad10: 715404MB \u003cSeagate ST3750330AS SD15\u003e at ata5-master SATA300\nad10: 1465149168 sectors [1453521C/16H/63S] 16 sectors/interrupt 1 depth queue\nad10: nVidia check1 failed\nad10: Adaptec check1 failed\nad10: LSI (v3) check1 failed\nad10: LSI (v2) check1 failed\nad10: FreeBSD check1 failed\nGEOM: new(probe15:ata0:0:0:0): error 6\n(probe15:ata0:0:0:0): Unretryable Error\n disk ad10\n(probe15:ata0:0:0:0): error 22\n(probe15:ata0:0:0:0): Unretryable Error\n(probe1:sbp0:0:0:0): error 22\n(probe1:sbp0:0:0:0): Unretryable Error\n(probe2:sbp0:0:1:0): error 22\n(probe2:sbp0:0:1:0): Unretryable Error\n(probe3:sbp0:0:2:0): error 22\n(probe3:sbp0:0:2:0): Unretryable Error\n(probe4:sbp0:0:3:0): error 22\n(probe4:sbp0:0:3:0): Unretryable Error\n(probe5:sbp0:0:4:0): error 22\n(probe5:sbp0:0:4:0): Unretryable Error\n(probe6:sbp0:0:5:0): error 22\n(probe6:sbp0:0:5:0): Unretryable Error\n(probe7:sbp0:0:6:0): error 22\n(probe7:sbp0:0:6:0): Unretryable Error\n(probe8:sbp1:0:0:0): error 22\n(probe8:sbp1:0:0:0): Unretryable Error\n(probe9:sbp1:0:1:0): error 22\n(probe9:sbp1:0:1:0): Unretryable Error\n(probe10:sbp1:0:2:0): error 22\n(probe10:sbp1:0:2:0): Unretryable Error\n(probe11:sbp1:0:3:0): error 22\n(probe11:sbp1:0:3:0): Unretryable Error\n(probe12:sbp1:0:4:0): error 22\n(probe12:sbp1:0:4:0): Unretryable Error\n(probe13:sbp1:0:5:0): error 22\n(probe13:sbp1:0:5:0): Unretryable Error\n(probe14:sbp1:0:6:0): error 22\n(probe14:sbp1:0:6:0): Unretryable Error\npass0 at umass-sim0 bus 0 target 0 lun 0\npass0: \u003cST325082 3AS \u003e Fixed Direct Access SCSI-2 device\npass0: Serial Number\npass0: 40.000MB/s transfers\npass1 at ata0 bus 0 target 0 lun 0\npass1: \u003cHL-DT-ST DVDRAM GSA-4160B A301\u003e Removable CD-ROM SCSI-0 device\npass1: 66.000MB/s transfers\nGEOda0 at umass-sim0 bus 0 target 0 lun 0\nda0: \u003cST325082 3AS \u003e Fixed Direct Access SCSI-2 device\nda0: Serial Number\nda0: 40.000MB/s transfers\nda0: 238475MB (488397168 512 byte sectors: 255H 63S/T 30401C)\n(cd0:ata0:0:0:0): error 6\n(cd0:ata0:0:0:0): Unretryable Error\ncd0 at ata0 bus 0 target 0 lun 0\ncd0: \u003cHL-DT-ST DVDRAM GSA-4160B A301\u003e Removable CD-ROM SCSI-0 device\ncd0: 66.000MB/s transfers\ncd0: Attempt to query device size failed: NOT READY, Medium not present\nM: new disk da0\nGEOM: new disk cd0\nATA PseudoRAID loaded\n(cd0:ata0:0:0:0): error 6\n(cd0:ata0:0:0:0): Unretryable Error\n(cd0:ata0:0:0:0): error 6\n(cd0:ata0:0:0:0): Unretryable Error\n(cd0:ata0:0:0:0): error 6\n(cd0:ata0:0:0:0): Unretryable Error\nTrying to mount root from ufs:/dev/ad8s3a\n\n\nLooks like I have a flow control problem somewhere.  :-(\n\nThere is no floppy drive, and the CD drive has no disk in it.\nIt thinks that SATA cables have 40 wires.\n\nI see lots of errors and such, yet the disks work under 6.2."
}