{
 "id": 563803,
 "bug_id": 147788,
 "attachment_id": 0,
 "creation_time": "2010-06-11T14:50:02Z",
 "creator": "ohartman@mail.zedat.fu-berlin.de",
 "text": "Using Xorg driver xf86-video-radeonhd-devel-1.3.0.20091101_3, xf86-video-radeonhd or xf86-video-ati of the most recent ports collection (xorg-7.5, but also xorg-7.4) in conjunction with DBUS and HAL enabled crashes/freezes a FreeBSD 8.1-PRE/amd64 box.\nThe problem is manyfolded and I can not find a clear structure in how it appears.\n\nThe only working configuration is now with driver xf86-video-radeonhd-devel-1.3.0.20091101_3 and the below listed xorg.conf. DBUS and HAL are DISABLED and must be disabled, otherwise the working config also crashes immediately the box when xdm is starting.\n\nIn a working scenario, DRI must be off, HAL and DBUS must not be loaded, Xorg is configured with xorg.conf.\n\nNon working scenarios are triggered by using config file xorg.conf.new. when configured via xorg.conf.new and DBUS and HAL are disabled, even with EXA and DRI set to ON the system starts up and works, but without keyboard/mouse. When HAL and DBUS are enabled (setting hald_ebale=YES and dbus_enable=YES in /etc/rc.conf[.local] and resetting xdm, Xorg crashed immediately and the box freezes with distorted graphics outpot and heavily distorted pointer sprite.\n\nUsing driver \"radeon\" or the non-devel \"radeonhd\" leaves the box in any case unusable.\n\nThe box in question is a 64 Bit Intel CPU Q6600 driven computer based on a motherboard ASUS P5K Premium P35-based motherboard with 8 GB of DDR2-800 RAM. the problem occur on both ATI Radeon 4670 and Radeon 4770 graphics boards.\n\nFreeBSD modules radeon/dri are loaded via boot.loader, but it doesn't matter whether they are loaded or not.\n\nBelow I will provide the following files:\n\ndmesg: dmesg output of the box\n\nxorg.conf.works: working /etc/X11/xorg.conf\nxorg.conf.nogo: nonworking  /etc/X11/xorg.conf\nXorg.0.log: Logfile of working scenario\nXorg.0.log.old: Logfile of nonworking scenario\n\n-------------------------------------------------------------------\ndmesg:\n\nCopyright (c) 1992-2010 The FreeBSD Project.\nCopyright (c) 1979, 1980, 1983, 1986, 1988, 1989, 1991, 1992, 1993, 1994\n\tThe Regents of the University of California. All rights reserved.\nFreeBSD is a registered trademark of The FreeBSD Foundation.\nFreeBSD 8.1-PRERELEASE #97 r209035: Fri Jun 11 10:23:57 CEST 2010\n    root@telesto.geoinf.fu-berlin.de:/usr/obj/usr/src/sys/TELESTO amd64\nTimecounter \"i8254\" frequency 1193182 Hz quality 0\nCPU: Intel(R) Core(TM)2 Quad CPU    Q6600  @ 2.40GHz (3010.37-MHz K8-class CPU)\n  Origin = \"GenuineIntel\"  Id = 0x6fb  Family = 6  Model = f  Stepping = 11\n  Features=0xbfebfbff\u003cFPU,VME,DE,PSE,TSC,MSR,PAE,MCE,CX8,APIC,SEP,MTRR,PGE,MCA,CMOV,PAT,PSE36,CLFLUSH,DTS,ACPI,MMX,FXSR,SSE,SSE2,SS,HTT,TM,PBE\u003e\n  Features2=0xe3bd\u003cSSE3,DTES64,MON,DS_CPL,VMX,EST,TM2,SSSE3,CX16,xTPR,PDCM\u003e\n  AMD Features=0x20100800\u003cSYSCALL,NX,LM\u003e\n  AMD Features2=0x1\u003cLAHF\u003e\n  TSC: P-state invariant\nreal memory  = 8589934592 (8192 MB)\navail memory = 8258797568 (7876 MB)\nACPI APIC Table: \u003cA_M_I_ OEMAPIC \u003e\nFreeBSD/SMP: Multiprocessor System Detected: 4 CPUs\nFreeBSD/SMP: 1 package(s) x 4 core(s)\n cpu0 (BSP): APIC ID:  0\n cpu1 (AP): APIC ID:  1\n cpu2 (AP): APIC ID:  2\n cpu3 (AP): APIC ID:  3\nioapic0 \u003cVersion 2.0\u003e irqs 0-23 on motherboard\nkbd1 at kbdmux0\ncryptosoft0: \u003csoftware crypto\u003e on motherboard\nacpi0: \u003cA_M_I_ OEMXSDT\u003e on motherboard\nacpi0: [ITHREAD]\nacpi0: Power Button (fixed)\nacpi0: reservation of 0, a0000 (3) failed\nacpi0: reservation of 100000, cff00000 (3) failed\nTimecounter \"ACPI-fast\" frequency 3579545 Hz quality 1000\nacpi_timer0: \u003c24-bit timer at 3.579545MHz\u003e port 0x808-0x80b on acpi0\ncpu0: \u003cACPI CPU\u003e on acpi0\ncpu1: \u003cACPI CPU\u003e on acpi0\ncpu2: \u003cACPI CPU\u003e on acpi0\ncpu3: \u003cACPI CPU\u003e on acpi0\nacpi_hpet0: \u003cHigh Precision Event Timer\u003e iomem 0xfed00000-0xfed003ff on acpi0\nTimecounter \"HPET\" frequency 14318180 Hz quality 900\npcib0: \u003cACPI Host-PCI bridge\u003e port 0xcf8-0xcff on acpi0\npci0: \u003cACPI PCI bus\u003e on pcib0\npcib1: \u003cACPI PCI-PCI bridge\u003e irq 16 at device 1.0 on pci0\npci1: \u003cACPI PCI bus\u003e on pcib1\nvgapci0: \u003cVGA-compatible display\u003e port 0xb000-0xb0ff mem 0xd0000000-0xdfffffff,0xfe8e0000-0xfe8effff irq 16 at device 0.0 on pci1\ndrm0: \u003cATI Radeon HD 4770\u003e on vgapci0\ninfo: [drm] MSI enabled 1 message(s)\nvgapci0: child drm0 requested pci_enable_busmaster\ninfo: [drm] Initialized radeon 1.31.0 20080613\nhdac0: \u003cATI RV730 High Definition Audio Controller\u003e mem 0xfe8fc000-0xfe8fffff irq 17 at device 0.1 on pci1\nhdac0: HDA Driver Revision: 20100226_0142\nhdac0: [ITHREAD]\nuhci0: \u003cIntel 82801I (ICH9) USB controller\u003e port 0xa800-0xa81f irq 16 at device 26.0 on pci0\nuhci0: [ITHREAD]\nusbus0: \u003cIntel 82801I (ICH9) USB controller\u003e on uhci0\nuhci1: \u003cIntel 82801I (ICH9) USB controller\u003e port 0xa880-0xa89f irq 21 at device 26.1 on pci0\nuhci1: [ITHREAD]\nusbus1: \u003cIntel 82801I (ICH9) USB controller\u003e on uhci1\nuhci2: \u003cIntel 82801I (ICH9) USB controller\u003e port 0xac00-0xac1f irq 18 at device 26.2 on pci0\nuhci2: [ITHREAD]\nusbus2: \u003cIntel 82801I (ICH9) USB controller\u003e on uhci2\nehci0: \u003cIntel 82801I (ICH9) USB 2.0 controller\u003e mem 0xfe7ffc00-0xfe7fffff irq 18 at device 26.7 on pci0\nehci0: [ITHREAD]\nusbus3: EHCI version 1.0\nusbus3: \u003cIntel 82801I (ICH9) USB 2.0 controller\u003e on ehci0\nhdac1: \u003cIntel 82801I High Definition Audio Controller\u003e mem 0xfe7f8000-0xfe7fbfff irq 22 at device 27.0 on pci0\nhdac1: HDA Driver Revision: 20100226_0142\nhdac1: [ITHREAD]\npcib2: \u003cACPI PCI-PCI bridge\u003e irq 17 at device 28.0 on pci0\npci4: \u003cACPI PCI bus\u003e on pcib2\npcib3: \u003cACPI PCI-PCI bridge\u003e irq 17 at device 28.4 on pci0\npci3: \u003cACPI PCI bus\u003e on pcib3\nahci0: \u003cJMicron JMB363 AHCI SATA controller\u003e mem 0xfeafe000-0xfeafffff irq 16 at device 0.0 on pci3\nahci0: [ITHREAD]\nahci0: AHCI v1.00 with 2 3Gbps ports, Port Multiplier supported\nahcich0: \u003cAHCI channel\u003e at channel 0 on ahci0\nahcich0: [ITHREAD]\nahcich1: \u003cAHCI channel\u003e at channel 1 on ahci0\nahcich1: [ITHREAD]\natapci0: \u003cJMicron JMB363 UDMA133 controller\u003e port 0xdc00-0xdc07,0xd880-0xd883,0xd800-0xd807,0xd480-0xd483,0xd400-0xd40f at device 0.1 on pci3\natapci0: [ITHREAD]\nata2: \u003cATA channel 0\u003e on atapci0\nata2: [ITHREAD]\npcib4: \u003cACPI PCI-PCI bridge\u003e irq 16 at device 28.5 on pci0\npci2: \u003cACPI PCI bus\u003e on pcib4\nmskc0: \u003cMarvell Yukon 88E8056 Gigabit Ethernet\u003e port 0xc800-0xc8ff mem 0xfe9fc000-0xfe9fffff irq 17 at device 0.0 on pci2\nmsk0: \u003cMarvell Technology Group Ltd. Yukon EC Ultra Id 0xb4 Rev 0x03\u003e on mskc0\nmsk0: Ethernet address: 00:1d:60:a6:fa:74\nmiibus0: \u003cMII bus\u003e on msk0\ne1000phy0: \u003cMarvell 88E1149 Gigabit PHY\u003e PHY 0 on miibus0\ne1000phy0:  10baseT, 10baseT-FDX, 100baseTX, 100baseTX-FDX, 1000baseT, 1000baseT-FDX, auto\nmskc0: [ITHREAD]\nuhci3: \u003cIntel 82801I (ICH9) USB controller\u003e port 0xa080-0xa09f irq 23 at device 29.0 on pci0\nuhci3: [ITHREAD]\nusbus4: \u003cIntel 82801I (ICH9) USB controller\u003e on uhci3\nuhci4: \u003cIntel 82801I (ICH9) USB controller\u003e port 0xa400-0xa41f irq 19 at device 29.1 on pci0\nuhci4: [ITHREAD]\nusbus5: \u003cIntel 82801I (ICH9) USB controller\u003e on uhci4\nuhci5: \u003cIntel 82801I (ICH9) USB controller\u003e port 0xa480-0xa49f irq 18 at device 29.2 on pci0\nuhci5: [ITHREAD]\nusbus6: \u003cIntel 82801I (ICH9) USB controller\u003e on uhci5\nehci1: \u003cIntel 82801I (ICH9) USB 2.0 controller\u003e mem 0xfe7ff800-0xfe7ffbff irq 23 at device 29.7 on pci0\nehci1: [ITHREAD]\nusbus7: EHCI version 1.0\nusbus7: \u003cIntel 82801I (ICH9) USB 2.0 controller\u003e on ehci1\npcib5: \u003cACPI PCI-PCI bridge\u003e at device 30.0 on pci0\npci5: \u003cACPI PCI bus\u003e on pcib5\npci5: \u003cserial bus, FireWire\u003e at device 3.0 (no driver attached)\npci5: \u003cnetwork, ethernet\u003e at device 4.0 (no driver attached)\nisab0: \u003cPCI-ISA bridge\u003e at device 31.0 on pci0\nisa0: \u003cISA bus\u003e on isab0\nahci1: \u003cIntel ICH9 AHCI SATA controller\u003e port 0x9c00-0x9c07,0x9880-0x9883,0x9800-0x9807,0x9480-0x9483,0x9400-0x941f mem 0xfe7fe800-0xfe7fefff irq 22 at device 31.2 on pci0\nahci1: [ITHREAD]\nahci1: AHCI v1.20 with 6 3Gbps ports, Port Multiplier supported\nahcich2: \u003cAHCI channel\u003e at channel 0 on ahci1\nahcich2: [ITHREAD]\nahcich3: \u003cAHCI channel\u003e at channel 1 on ahci1\nahcich3: [ITHREAD]\nahcich4: \u003cAHCI channel\u003e at channel 2 on ahci1\nahcich4: [ITHREAD]\nahcich5: \u003cAHCI channel\u003e at channel 3 on ahci1\nahcich5: [ITHREAD]\nahcich6: \u003cAHCI channel\u003e at channel 4 on ahci1\nahcich6: [ITHREAD]\nahcich7: \u003cAHCI channel\u003e at channel 5 on ahci1\nahcich7: [ITHREAD]\nichsmb0: \u003cIntel 82801I (ICH9) SMBus controller\u003e port 0x400-0x41f mem 0xfe7ff400-0xfe7ff4ff irq 18 at device 31.3 on pci0\nichsmb0: [ITHREAD]\nsmbus0: \u003cSystem Management Bus\u003e on ichsmb0\nsmb0: \u003cSMBus generic I/O\u003e on smbus0\nacpi_button0: \u003cPower Button\u003e on acpi0\natrtc0: \u003cAT realtime clock\u003e port 0x70-0x71 irq 8 on acpi0\natkbdc0: \u003cKeyboard controller (i8042)\u003e port 0x60,0x64 irq 1 on acpi0\natkbd0: \u003cAT Keyboard\u003e irq 1 on atkbdc0\nkbd0 at atkbd0\natkbd0: [GIANT-LOCKED]\natkbd0: [ITHREAD]\norm0: \u003cISA Option ROMs\u003e at iomem 0xc0000-0xcffff,0xd0000-0xd2fff on isa0\nsc0: \u003cSystem console\u003e at flags 0x100 on isa0\nsc0: VGA \u003c8 virtual consoles, flags=0x300\u003e\nvga0: \u003cGeneric ISA VGA\u003e at port 0x3c0-0x3df iomem 0xa0000-0xbffff on isa0\nfb0 at vga0\ncoretemp0: \u003cCPU On-Die Thermal Sensors\u003e on cpu0\ncoretemp1: \u003cCPU On-Die Thermal Sensors\u003e on cpu1\ncoretemp2: \u003cCPU On-Die Thermal Sensors\u003e on cpu2\ncoretemp3: \u003cCPU On-Die Thermal Sensors\u003e on cpu3\nTimecounters tick every 1.200 msec\nvboxdrv: fAsync=0 offMin=0x1a7 offMax=0x678\nIPsec: Initialized Security Association Processing.\nhdac0: HDA Codec #0: ATI R6xx HDMI\npcm0: \u003cHDA ATI R6xx HDMI PCM #0 HDMI\u003e at cad 0 nid 1 on hdac0\nhdac1: HDA Codec #0: Analog Devices AD1988B\npcm1: \u003cHDA Analog Devices AD1988B PCM #0 Analog\u003e at cad 0 nid 1 on hdac1\npcm2: \u003cHDA Analog Devices AD1988B PCM #1 Analog\u003e at cad 0 nid 1 on hdac1\npcm3: \u003cHDA Analog Devices AD1988B PCM #2 Digital\u003e at cad 0 nid 1 on hdac1\nusbus0: 12Mbps Full Speed USB v1.0\nusbus1: 12Mbps Full Speed USB v1.0\nusbus2: 12Mbps Full Speed USB v1.0\nusbus3: 480Mbps High Speed USB v2.0\nusbus4: 12Mbps Full Speed USB v1.0\nusbus5: 12Mbps Full Speed USB v1.0\nusbus6: 12Mbps Full Speed USB v1.0\nusbus7: 480Mbps High Speed USB v2.0\nada0 at ahcich2 bus 0 scbus3 target 0 lun 0\nada0: \u003cHitachi HDT725025VLA380 V5DOA52A\u003e ATA-7 SATA 2.x device\nada0: 300.000MB/s transfers (SATA 2.x, UDMA6, PIO 8192bytes)\nada0: Command Queueing enabled\nada0: 238475MB (488397168 512 byte sectors: 16H 63S/T 16383C)\nada1 at ahcich3 bus 0 scbus4 target 0 lun 0\nada1: \u003cSAMSUNG HD642JJ 1AA01109\u003e ATA-7 SATA 2.x device\nada1: 300.000MB/s transfers (SATA 2.x, UDMA6, PIO 8192bytes)\nada1: Command Queueing enabled\nada1: 610480MB (1250263728 512 byte sectors: 16H 63S/T 16383C)\nada2 at ahcich4 bus 0 scbus5 target 0 lun 0\nada2: \u003cSAMSUNG HD501LJ CR100-11\u003e ATA-8 SATA 2.x device\nada2: 300.000MB/s transfers (SATA 2.x, UDMA6, PIO 8192bytes)\nada2: Command Queueing enabled\nada2: 476940MB (976773168 512 byte sectors: 16H 63S/T 16383C)cd0 at ahcich7 bus 0 scbus8 target 0 lun 0\ncd0: \u003cHL-DT-ST DVD-RAM GH22LS30 1.01\u003e Removable CD-ROM SCSI-0 device \ncd0: 150.000MB/s transfers (SATA 1.x, UDMA5, ATAPI 12bytes, PIO 8192bytes)\ncd0: Attempt to query device size failed: NOT READY, Medium not present - tray closed\n\nada3 at ahcich5 bus 0 scbus6 target 0 lun 0\nada3: \u003cSAMSUNG HD403LJ CT100-11\u003e ATA-8 SATA 2.x device\nada3: 300.000MB/s transfers (SATA 2.x, UDMA6, PIO 8192bytes)\nada3: Command Queueing enabled\nada3: 381554MB (781422768 512 byte sectors: 16H 63S/T 16383C)\nada4 at ahcich6 bus 0 scbus7 target 0 lun 0\nada4: \u003cWDC WD1001FALS-00J7B0 05.00K05\u003e ATA-8 SATA 2.x device\nada4: 300.000MB/s transfers (SATA 2.x, UDMA6, PIO 8192bytes)\nada4: Command Queueing enabled\nada4: 953869MB (1953525168 512 byte sectors: 16H 63S/T 16383C)\nSMP: AP CPU #1 Launched!\nSMP: AP CPU #2 Launched!\nSMP: AP CPU #3 Launched!\nugen1.1: \u003cIntel\u003e at usbus1ugen0.1: \u003cIntel\u003e at usbus0ugen2.1: \u003cIntel\u003e at usbus2\nugen3.1: \u003cIntel\u003e at usbus3\n\nuhub0: \n\u003cIntel UHCI root HUB, class 9/0, rev 1.00/1.00, addr 1\u003e on usbus1\nuhub1: \u003cIntel EHCI root HUB, class 9/0, rev 2.00/1.00, addr 1\u003e on usbus3\nuhub2: \u003cIntel UHCI root HUB, class 9/0, rev 1.00/1.00, addr 1\u003e on usbus2\nuhub3: \u003cIntel UHCI root HUB, class 9/0, rev 1.00/1.00, addr 1\u003e on usbus0\nugen4.1: \u003cIntel\u003e at usbus4ugen5.1: \u003cIntel\u003e at usbus5\n\nuhub4: \u003cIntel UHCI root HUB, class 9/0, rev 1.00/1.00, addr 1\u003e on usbus4\nuhub5: \u003cIntel UHCI root HUB, class 9/0, rev 1.00/1.00, addr 1\u003e on usbus5\nugen7.1: \u003cIntel\u003e at usbus7ugen6.1: \u003cIntel\u003e at usbus6\n\nuhub6: \u003cIntel EHCI root HUB, class 9/0, rev 2.00/1.00, addr 1\u003e on usbus7\nuhub7: \u003cIntel UHCI root HUB, class 9/0, rev 1.00/1.00, addr 1\u003e on usbus6\nGEOM: ada0s1: geometry does not match label (255h,63s != 16h,63s).\nGEOM: ada0s2: geometry does not match label (255h,63s != 16h,63s).\nuhub0: 2 ports with 2 removable, self powered\nuhub3: 2 ports with 2 removable, self powered\nuhub2: 2 ports with 2 removable, self powered\nuhub5: 2 ports with 2 removable, self powered\nuhub4: 2 ports with 2 removable, self powered\nuhub7: 2 ports with 2 removable, self powered\nRoot mount waiting for: usbus7 usbus3\nRoot mount waiting for: usbus7 usbus3\nRoot mount waiting for: usbus7 usbus3\nuhub1: 6 ports with 6 removable, self powered\nuhub6: 6 ports with 6 removable, self powered\nTrying to mount root from ufs:/dev/ada0s1a\nWARNING: / was not properly dismounted\nugen6.2: \u003cLogitech\u003e at usbus6\nums0: \u003cLogitech USB-PS/2 Optical Mouse, class 0/0, rev 2.00/27.20, addr 2\u003e on usbus6\nums0: 8 buttons and [XYZT] coordinates ID=0\nWaiting (max 60 seconds) for system process `vnlru' to stop...done\nWaiting (max 60 seconds) for system process `bufdaemon' to stop...done\nWaiting (max 60 seconds) for system process `syncer' to stop...\nSyncing disks, vnodes remaining...0 0 0 0 0 done\nAll buffers synced.\nCopyright (c) 1992-2010 The FreeBSD Project.\nCopyright (c) 1979, 1980, 1983, 1986, 1988, 1989, 1991, 1992, 1993, 1994\n\tThe Regents of the University of California. All rights reserved.\nFreeBSD is a registered trademark of The FreeBSD Foundation.\nFreeBSD 8.1-PRERELEASE #97 r209035: Fri Jun 11 10:23:57 CEST 2010\n    root@telesto.geoinf.fu-berlin.de:/usr/obj/usr/src/sys/TELESTO amd64\nTimecounter \"i8254\" frequency 1193182 Hz quality 0\nCPU: Intel(R) Core(TM)2 Quad CPU    Q6600  @ 2.40GHz (3010.37-MHz K8-class CPU)\n  Origin = \"GenuineIntel\"  Id = 0x6fb  Family = 6  Model = f  Stepping = 11\n  Features=0xbfebfbff\u003cFPU,VME,DE,PSE,TSC,MSR,PAE,MCE,CX8,APIC,SEP,MTRR,PGE,MCA,CMOV,PAT,PSE36,CLFLUSH,DTS,ACPI,MMX,FXSR,SSE,SSE2,SS,HTT,TM,PBE\u003e\n  Features2=0xe3bd\u003cSSE3,DTES64,MON,DS_CPL,VMX,EST,TM2,SSSE3,CX16,xTPR,PDCM\u003e\n  AMD Features=0x20100800\u003cSYSCALL,NX,LM\u003e\n  AMD Features2=0x1\u003cLAHF\u003e\n  TSC: P-state invariant\nreal memory  = 8589934592 (8192 MB)\navail memory = 8258797568 (7876 MB)\nACPI APIC Table: \u003cA_M_I_ OEMAPIC \u003e\nFreeBSD/SMP: Multiprocessor System Detected: 4 CPUs\nFreeBSD/SMP: 1 package(s) x 4 core(s)\n cpu0 (BSP): APIC ID:  0\n cpu1 (AP): APIC ID:  1\n cpu2 (AP): APIC ID:  2\n cpu3 (AP): APIC ID:  3\nioapic0 \u003cVersion 2.0\u003e irqs 0-23 on motherboard\nkbd1 at kbdmux0\ncryptosoft0: \u003csoftware crypto\u003e on motherboard\nacpi0: \u003cA_M_I_ OEMXSDT\u003e on motherboard\nacpi0: [ITHREAD]\nacpi0: Power Button (fixed)\nacpi0: reservation of 0, a0000 (3) failed\nacpi0: reservation of 100000, cff00000 (3) failed\nTimecounter \"ACPI-fast\" frequency 3579545 Hz quality 1000\nacpi_timer0: \u003c24-bit timer at 3.579545MHz\u003e port 0x808-0x80b on acpi0\ncpu0: \u003cACPI CPU\u003e on acpi0\ncpu1: \u003cACPI CPU\u003e on acpi0\ncpu2: \u003cACPI CPU\u003e on acpi0\ncpu3: \u003cACPI CPU\u003e on acpi0\nacpi_hpet0: \u003cHigh Precision Event Timer\u003e iomem 0xfed00000-0xfed003ff on acpi0\nTimecounter \"HPET\" frequency 14318180 Hz quality 900\npcib0: \u003cACPI Host-PCI bridge\u003e port 0xcf8-0xcff on acpi0\npci0: \u003cACPI PCI bus\u003e on pcib0\npcib1: \u003cACPI PCI-PCI bridge\u003e irq 16 at device 1.0 on pci0\npci1: \u003cACPI PCI bus\u003e on pcib1\nvgapci0: \u003cVGA-compatible display\u003e port 0xb000-0xb0ff mem 0xd0000000-0xdfffffff,0xfe8e0000-0xfe8effff irq 16 at device 0.0 on pci1\ndrm0: \u003cATI Radeon HD 4770\u003e on vgapci0\ninfo: [drm] MSI enabled 1 message(s)\nvgapci0: child drm0 requested pci_enable_busmaster\ninfo: [drm] Initialized radeon 1.31.0 20080613\nhdac0: \u003cATI RV730 High Definition Audio Controller\u003e mem 0xfe8fc000-0xfe8fffff irq 17 at device 0.1 on pci1\nhdac0: HDA Driver Revision: 20100226_0142\nhdac0: [ITHREAD]\nuhci0: \u003cIntel 82801I (ICH9) USB controller\u003e port 0xa800-0xa81f irq 16 at device 26.0 on pci0\nuhci0: [ITHREAD]\nusbus0: \u003cIntel 82801I (ICH9) USB controller\u003e on uhci0\nuhci1: \u003cIntel 82801I (ICH9) USB controller\u003e port 0xa880-0xa89f irq 21 at device 26.1 on pci0\nuhci1: [ITHREAD]\nusbus1: \u003cIntel 82801I (ICH9) USB controller\u003e on uhci1\nuhci2: \u003cIntel 82801I (ICH9) USB controller\u003e port 0xac00-0xac1f irq 18 at device 26.2 on pci0\nuhci2: [ITHREAD]\nusbus2: \u003cIntel 82801I (ICH9) USB controller\u003e on uhci2\nehci0: \u003cIntel 82801I (ICH9) USB 2.0 controller\u003e mem 0xfe7ffc00-0xfe7fffff irq 18 at device 26.7 on pci0\nehci0: [ITHREAD]\nusbus3: EHCI version 1.0\nusbus3: \u003cIntel 82801I (ICH9) USB 2.0 controller\u003e on ehci0\nhdac1: \u003cIntel 82801I High Definition Audio Controller\u003e mem 0xfe7f8000-0xfe7fbfff irq 22 at device 27.0 on pci0\nhdac1: HDA Driver Revision: 20100226_0142\nhdac1: [ITHREAD]\npcib2: \u003cACPI PCI-PCI bridge\u003e irq 17 at device 28.0 on pci0\npci4: \u003cACPI PCI bus\u003e on pcib2\npcib3: \u003cACPI PCI-PCI bridge\u003e irq 17 at device 28.4 on pci0\npci3: \u003cACPI PCI bus\u003e on pcib3\nahci0: \u003cJMicron JMB363 AHCI SATA controller\u003e mem 0xfeafe000-0xfeafffff irq 16 at device 0.0 on pci3\nahci0: [ITHREAD]\nahci0: AHCI v1.00 with 2 3Gbps ports, Port Multiplier supported\nahcich0: \u003cAHCI channel\u003e at channel 0 on ahci0\nahcich0: [ITHREAD]\nahcich1: \u003cAHCI channel\u003e at channel 1 on ahci0\nahcich1: [ITHREAD]\natapci0: \u003cJMicron JMB363 UDMA133 controller\u003e port 0xdc00-0xdc07,0xd880-0xd883,0xd800-0xd807,0xd480-0xd483,0xd400-0xd40f at device 0.1 on pci3\natapci0: [ITHREAD]\nata2: \u003cATA channel 0\u003e on atapci0\nata2: [ITHREAD]\npcib4: \u003cACPI PCI-PCI bridge\u003e irq 16 at device 28.5 on pci0\npci2: \u003cACPI PCI bus\u003e on pcib4\nmskc0: \u003cMarvell Yukon 88E8056 Gigabit Ethernet\u003e port 0xc800-0xc8ff mem 0xfe9fc000-0xfe9fffff irq 17 at device 0.0 on pci2\nmsk0: \u003cMarvell Technology Group Ltd. Yukon EC Ultra Id 0xb4 Rev 0x03\u003e on mskc0\nmsk0: Ethernet address: 00:1d:60:a6:fa:74\nmiibus0: \u003cMII bus\u003e on msk0\ne1000phy0: \u003cMarvell 88E1149 Gigabit PHY\u003e PHY 0 on miibus0\ne1000phy0:  10baseT, 10baseT-FDX, 100baseTX, 100baseTX-FDX, 1000baseT, 1000baseT-FDX, auto\nmskc0: [ITHREAD]\nuhci3: \u003cIntel 82801I (ICH9) USB controller\u003e port 0xa080-0xa09f irq 23 at device 29.0 on pci0\nuhci3: [ITHREAD]\nusbus4: \u003cIntel 82801I (ICH9) USB controller\u003e on uhci3\nuhci4: \u003cIntel 82801I (ICH9) USB controller\u003e port 0xa400-0xa41f irq 19 at device 29.1 on pci0\nuhci4: [ITHREAD]\nusbus5: \u003cIntel 82801I (ICH9) USB controller\u003e on uhci4\nuhci5: \u003cIntel 82801I (ICH9) USB controller\u003e port 0xa480-0xa49f irq 18 at device 29.2 on pci0\nuhci5: [ITHREAD]\nusbus6: \u003cIntel 82801I (ICH9) USB controller\u003e on uhci5\nehci1: \u003cIntel 82801I (ICH9) USB 2.0 controller\u003e mem 0xfe7ff800-0xfe7ffbff irq 23 at device 29.7 on pci0\nehci1: [ITHREAD]\nusbus7: EHCI version 1.0\nusbus7: \u003cIntel 82801I (ICH9) USB 2.0 controller\u003e on ehci1\npcib5: \u003cACPI PCI-PCI bridge\u003e at device 30.0 on pci0\npci5: \u003cACPI PCI bus\u003e on pcib5\npci5: \u003cserial bus, FireWire\u003e at device 3.0 (no driver attached)\npci5: \u003cnetwork, ethernet\u003e at device 4.0 (no driver attached)\nisab0: \u003cPCI-ISA bridge\u003e at device 31.0 on pci0\nisa0: \u003cISA bus\u003e on isab0\nahci1: \u003cIntel ICH9 AHCI SATA controller\u003e port 0x9c00-0x9c07,0x9880-0x9883,0x9800-0x9807,0x9480-0x9483,0x9400-0x941f mem 0xfe7fe800-0xfe7fefff irq 22 at device 31.2 on pci0\nahci1: [ITHREAD]\nahci1: AHCI v1.20 with 6 3Gbps ports, Port Multiplier supported\nahcich2: \u003cAHCI channel\u003e at channel 0 on ahci1\nahcich2: [ITHREAD]\nahcich3: \u003cAHCI channel\u003e at channel 1 on ahci1\nahcich3: [ITHREAD]\nahcich4: \u003cAHCI channel\u003e at channel 2 on ahci1\nahcich4: [ITHREAD]\nahcich5: \u003cAHCI channel\u003e at channel 3 on ahci1\nahcich5: [ITHREAD]\nahcich6: \u003cAHCI channel\u003e at channel 4 on ahci1\nahcich6: [ITHREAD]\nahcich7: \u003cAHCI channel\u003e at channel 5 on ahci1\nahcich7: [ITHREAD]\nichsmb0: \u003cIntel 82801I (ICH9) SMBus controller\u003e port 0x400-0x41f mem 0xfe7ff400-0xfe7ff4ff irq 18 at device 31.3 on pci0\nichsmb0: [ITHREAD]\nsmbus0: \u003cSystem Management Bus\u003e on ichsmb0\nsmb0: \u003cSMBus generic I/O\u003e on smbus0\nacpi_button0: \u003cPower Button\u003e on acpi0\natrtc0: \u003cAT realtime clock\u003e port 0x70-0x71 irq 8 on acpi0\natkbdc0: \u003cKeyboard controller (i8042)\u003e port 0x60,0x64 irq 1 on acpi0\natkbd0: \u003cAT Keyboard\u003e irq 1 on atkbdc0\nkbd0 at atkbd0\natkbd0: [GIANT-LOCKED]\natkbd0: [ITHREAD]\norm0: \u003cISA Option ROMs\u003e at iomem 0xc0000-0xcffff,0xd0000-0xd2fff on isa0\nsc0: \u003cSystem console\u003e at flags 0x100 on isa0\nsc0: VGA \u003c8 virtual consoles, flags=0x300\u003e\nvga0: \u003cGeneric ISA VGA\u003e at port 0x3c0-0x3df iomem 0xa0000-0xbffff on isa0\nfb0 at vga0\ncoretemp0: \u003cCPU On-Die Thermal Sensors\u003e on cpu0\ncoretemp1: \u003cCPU On-Die Thermal Sensors\u003e on cpu1\ncoretemp2: \u003cCPU On-Die Thermal Sensors\u003e on cpu2\ncoretemp3: \u003cCPU On-Die Thermal Sensors\u003e on cpu3\nTimecounters tick every 1.200 msec\nvboxdrv: fAsync=0 offMin=0x1a7 offMax=0x65d\nIPsec: Initialized Security Association Processing.\nhdac0: HDA Codec #0: ATI R6xx HDMI\npcm0: \u003cHDA ATI R6xx HDMI PCM #0 HDMI\u003e at cad 0 nid 1 on hdac0\nhdac1: HDA Codec #0: Analog Devices AD1988B\npcm1: \u003cHDA Analog Devices AD1988B PCM #0 Analog\u003e at cad 0 nid 1 on hdac1\npcm2: \u003cHDA Analog Devices AD1988B PCM #1 Analog\u003e at cad 0 nid 1 on hdac1\npcm3: \u003cHDA Analog Devices AD1988B PCM #2 Digital\u003e at cad 0 nid 1 on hdac1\nusbus0: 12Mbps Full Speed USB v1.0\nusbus1: 12Mbps Full Speed USB v1.0\nusbus2: 12Mbps Full Speed USB v1.0\nusbus3: 480Mbps High Speed USB v2.0\nusbus4: 12Mbps Full Speed USB v1.0\nusbus5: 12Mbps Full Speed USB v1.0\nusbus6: 12Mbps Full Speed USB v1.0\nusbus7: 480Mbps High Speed USB v2.0\nada0 at ahcich2 bus 0 scbus3 target 0 lun 0\nada0: \u003cHitachi HDT725025VLA380 V5DOA52A\u003e ATA-7 SATA 2.x device\nada0: 300.000MB/s transfers (SATA 2.x, UDMA6, PIO 8192bytes)\nada0: Command Queueing enabled\nada0: 238475MB (488397168 512 byte sectors: 16H 63S/T 16383C)\nada1 at ahcich3 bus 0 scbus4 target 0 lun 0\nada1: \u003cSAMSUNG HD642JJ 1AA01109\u003e ATA-7 SATA 2.xcd0 at ahcich7 bus 0 scbus8 target 0 lun 0\ncd0: \u003cHL-DT-ST DVD-RAM GH22LS30 1.01\u003e Removable CD-ROM SCSI-0 device \ncd0: 150.000MB/s transfers (SATA 1.x, UDMA5, ATAPI 12bytes, PIO 8192bytes)\ncd0: Attempt to query device size failed: NOT READY, Medium not present - tray closed\n device\nada1: 300.000MB/s transfers (SATA 2.x, UDMA6, PIO 8192bytes)\nada1: Command Queueing enabled\nada1: 610480MB (1250263728 512 byte sectors: 16H 63S/T 16383C)\nada2 at ahcich4 bus 0 scbus5 target 0 lun 0\nada2: \u003cSAMSUNG HD501LJ CR100-11\u003e ATA-8 SATA 2.x device\nada2: 300.000MB/s transfers (SATA 2.x, UDMA6, PIO 8192bytes)\nada2: Command Queueing enabled\nada2: 476940MB (976773168 512 byte sectors: 16H 63S/T 16383C)\nada3 at ahcich5 bus 0 scbus6 target 0 lun 0\nada3: \u003cSAMSUNG HD403LJ CT100-11\u003e ATA-8 SATA 2.x device\nada3: 300.000MB/s transfers (SATA 2.x, UDMA6, PIO 8192bytes)\nada3: Command Queueing enabled\nada3: 381554MB (781422768 512 byte sectors: 16H 63S/T 16383C)\nada4 at ahcich6 bus 0 scbus7 target 0 lun 0\nada4: \u003cWDC WD1001FALS-00J7B0 05.00K05\u003e ATA-8 SATA 2.x device\nada4: 300.000MB/s transfers (SATA 2.x, UDMA6, PIO 8192bytes)\nada4: Command Queueing enabled\nada4: 953869MB (1953525168 512 byte sectors: 16H 63S/T 16383C)\nSMP: AP CPU #1 Launched!\nSMP: AP CPU #3 Launched!\nSMP: AP CPU #2 Launched!\nugen1.1: \u003cIntel\u003e at usbus1ugen0.1: \u003cIntel\u003e at usbus0ugen2.1: \u003cIntel\u003e at usbus2ugen3.1: \u003cIntel\u003e at usbus3\n\n\nuhub0: \n\u003cIntel UHCI root HUB, class 9/0, rev 1.00/1.00, addr 1\u003e on usbus1\nuhub1: \u003cIntel UHCI root HUB, class 9/0, rev 1.00/1.00, addr 1\u003e on usbus0\nuhub2: \u003cIntel UHCI root HUB, class 9/0, rev 1.00/1.00, addr 1\u003e on usbus2\nuhub3: \u003cIntel EHCI root HUB, class 9/0, rev 2.00/1.00, addr 1\u003e on usbus3\nugen4.1: \u003cIntel\u003e at usbus4ugen5.1: \u003cIntel\u003e at usbus5ugen6.1: \u003cIntel\u003e at usbus6ugen7.1: \u003cIntel\u003e at usbus7\n\n\n\nuhub4: \u003cIntel UHCI root HUB, class 9/0, rev 1.00/1.00, addr 1\u003e on usbus4\nuhub5: \u003cIntel UHCI root HUB, class 9/0, rev 1.00/1.00, addr 1\u003e on usbus5\nuhub6: \u003cIntel UHCI root HUB, class 9/0, rev 1.00/1.00, addr 1\u003e on usbus6\nuhub7: \u003cIntel EHCI root HUB, class 9/0, rev 2.00/1.00, addr 1\u003e on usbus7\nGEOM: ada0s1: geometry does not match label (255h,63s != 16h,63s).\nGEOM: ada0s2: geometry does not match label (255h,63s != 16h,63s).\nuhub0: 2 ports with 2 removable, self powered\nuhub2: 2 ports with 2 removable, self powered\nuhub1: 2 ports with 2 removable, self powered\nuhub5: 2 ports with 2 removable, self powered\nuhub6: 2 ports with 2 removable, self powered\nuhub4: 2 ports with 2 removable, self powered\nRoot mount waiting for: usbus7 usbus3\nRoot mount waiting for: usbus7 usbus3\nuhub3: 6 ports with 6 removable, self powered\nuhub7: 6 ports with 6 removable, self powered\nTrying to mount root from ufs:/dev/ada0s1a\nZFS filesystem version 3\nZFS storage pool version 14\nugen6.2: \u003cLogitech\u003e at usbus6\nums0: \u003cLogitech USB-PS/2 Optical Mouse, class 0/0, rev 2.00/27.20, addr 2\u003e on usbus6\nums0: 8 buttons and [XYZT] coordinates ID=0\nmodule_register: module ng_ether already exists!\nModule ng_ether failed to register: 17\nvboxnet0: Ethernet address: 0a:00:27:00:00:00\npf: started\naltq: started\nmsk0: link state changed to UP\n\n-----------------------------------------------------------------------------\nxorg.conf.works:\n\n# File generated by xorgconfig.\n\n#\n# Copyright 2004 The X.Org Foundation\n#\n# Permission is hereby granted, free of charge, to any person obtaining a\n# copy of this software and associated documentation files (the \"Software\"),\n# to deal in the Software without restriction, including without limitation\n# the rights to use, copy, modify, merge, publish, distribute, sublicense,\n# and/or sell copies of the Software, and to permit persons to whom the\n# Software is furnished to do so, subject to the following conditions:\n# \n# The above copyright notice and this permission notice shall be included in\n# all copies or substantial portions of the Software.\n# \n# THE SOFTWARE IS PROVIDED \"AS IS\", WITHOUT WARRANTY OF ANY KIND, EXPRESS OR\n# IMPLIED, INCLUDING BUT NOT LIMITED TO THE WARRANTIES OF MERCHANTABILITY,\n# FITNESS FOR A PARTICULAR PURPOSE AND NONINFRINGEMENT.  IN NO EVENT SHALL\n# The X.Org Foundation BE LIABLE FOR ANY CLAIM, DAMAGES OR OTHER LIABILITY,\n# WHETHER IN AN ACTION OF CONTRACT, TORT OR OTHERWISE, ARISING FROM, OUT OF\n# OR IN CONNECTION WITH THE SOFTWARE OR THE USE OR OTHER DEALINGS IN THE\n# SOFTWARE.\n# \n# Except as contained in this notice, the name of The X.Org Foundation shall\n# not be used in advertising or otherwise to promote the sale, use or other\n# dealings in this Software without prior written authorization from\n# The X.Org Foundation.\n#\n\n# **********************************************************************\n# Refer to the xorg.conf(5) man page for details about the format of \n# this file.\n# **********************************************************************\n\n# **********************************************************************\n# Module section -- this  section  is used to specify\n# which dynamically loadable modules to load.\n# **********************************************************************\n#\nSection \"Module\"\n\n# This loads the DBE extension module.\n\n#    Load        \"dbe\"  \t# Double buffer extension\n\n# This loads the miscellaneous extensions module, and disables\n# initialisation of the XFree86-DGA extension within that module.\n    SubSection  \"extmod\"\n       Option    \"omit xfree86-dga\"   # don't initialise the DGA extension\n    EndSubSection\n\n# This loads the font modules\n    Load        \"type1\"\n    Load        \"freetype\"\n    Load        \"xtt\"\n\nEndSection\n\n# **********************************************************************\n# Files section.  This allows default font and rgb paths to be set\n# **********************************************************************\n\nSection \"Files\"\n\n# Multiple FontPath entries are allowed (which are concatenated together),\n# as well as specifying multiple comma-separated entries in one FontPath\n# command (or a combination of both methods)\n# \n# \n\n    FontPath   \"/usr/local/lib/X11/fonts/misc/\"\n    FontPath   \"/usr/local/lib/X11/fonts/TTF/\"\n    FontPath   \"/usr/local/lib/X11/fonts/OTF\"\n    FontPath   \"/usr/local/lib/X11/fonts/Type1/\"\n    FontPath   \"/usr/local/lib/X11/fonts/100dpi/\"\n    FontPath   \"/usr/local/lib/X11/fonts/75dpi/\"\n    FontPath   \"/usr/local/lib/X11/fonts/local/\"\n    FontPath   \"/usr/local/lib/X11/fonts/Speedo/\"\n    FontPath   \"/usr/local/lib/X11/fonts/TrueType/\"\n    FontPath   \"/usr/local/lib/X11/fonts/freefont/\"\n\n# The module search path.  The default path is shown here.\n\n#    ModulePath \"/usr/local/lib/modules\"\n\nEndSection\n\n# **********************************************************************\n# Server flags section.\n# **********************************************************************\n\nSection \"ServerFlags\"\n\n# Uncomment this to cause a core dump at the spot where a signal is \n# received.  This may leave the console in an unusable state, but may\n# provide a better stack trace in the core dump to aid in debugging\n\n#    Option \"NoTrapSignals\"\n\n# Uncomment this to disable the \u003cCtrl\u003e\u003cAlt\u003e\u003cFn\u003e VT switch sequence\n# (where n is 1 through 12).  This allows clients to receive these key\n# events.\n\n#    Option \"DontVTSwitch\"\n\n# Uncomment this to disable the \u003cCtrl\u003e\u003cAlt\u003e\u003cBS\u003e server abort sequence\n# This allows clients to receive this key event.\n\n    Option \"DontZap\"\n\n# Uncomment this to disable the \u003cCtrl\u003e\u003cAlt\u003e\u003cKP_+\u003e/\u003cKP_-\u003e mode switching\n# sequences.  This allows clients to receive these key events.\n\n    Option \"Dont Zoom\"\n\n# Uncomment this to disable tuning with the xvidtune client. With\n# it the client can still run and fetch card and monitor attributes,\n# but it will not be allowed to change them. If it tries it will\n# receive a protocol error.\n\n#    Option \"DisableVidModeExtension\"\n\n# Uncomment this to enable the use of a non-local xvidtune client. \n\n#    Option \"AllowNonLocalXvidtune\"\n\n# Uncomment this to disable dynamically modifying the input device\n# (mouse and keyboard) settings. \n\n#    Option \"DisableModInDev\"\n\n# Uncomment this to enable the use of a non-local client to\n# change the keyboard or mouse settings (currently only xset).\n\n#    Option \"AllowNonLocalModInDev\"\n#\n# Neccessary due to avoidance of hald\n#\n\t Option \"AutoAddDevices\" \t\"Off\"\n\t Option \"AutoEnableDevices\" \t\"Off\"\n\t Option\t\"AllowEmptyInput\"\t\"Off\"\n\nEndSection\n\n# **********************************************************************\n# Input devices\n# **********************************************************************\n\n# **********************************************************************\n# Core keyboard's InputDevice section\n# **********************************************************************\n\nSection \"InputDevice\"\n\n    Identifier\t\"Keyboard1\"\n    Driver\t\"kbd\"\n\n# For most OSs the protocol can be omitted (it defaults to \"Standard\").\n# When using XQUEUE (only for SVR3 and SVR4, but not Solaris),\n# uncomment the following line.\n\n#    Option     \"Protocol\"      \"Xqueue\"\n\n    Option \"AutoRepeat\" \"500 30\"\n\n# Specify which keyboard LEDs can be user-controlled (eg, with xset(1))\n#    Option\t\"Xleds\"      \"1 2 3\"\n\n#    Option \"LeftAlt\"     \"Meta\"\n#    Option \"RightAlt\"    \"ModeShift\"\n\n# To customise the XKB settings to suit your keyboard, modify the\n# lines below (which are the defaults).  For example, for a non-U.S.\n# keyboard, you will probably want to use:\n#    Option \"XkbModel\"    \"pc105\"\n# If you have a US Microsoft Natural keyboard, you can use:\n#    Option \"XkbModel\"    \"microsoft\"\n#\n# Then to change the language, change the Layout setting.\n# For example, a german layout can be obtained with:\n#    Option \"XkbLayout\"   \"de\"\n# or:\n#    Option \"XkbLayout\"   \"de\"\n#    Option \"XkbVariant\"  \"nodeadkeys\"\n#\n# If you'd like to switch the positions of your capslock and\n# control keys, use:\n#    Option \"XkbOptions\"  \"ctrl:swapcaps\"\n\n# These are the default XKB settings for Xorg\n#    Option \"XkbRules\"    \"xorg\"\n#    Option \"XkbModel\"    \"pc105\"\n#    Option \"XkbLayout\"   \"us\"\n#    Option \"XkbVariant\"  \"\"\n#    Option \"XkbOptions\"  \"\"\n\n#    Option \"XkbDisable\"\n\n    Option \"XkbRules\"\t\"xorg\"\n    Option \"XkbModel\"\t\"pc101\"\n    Option \"XkbLayout\"\t\"us\"\n\nEndSection\n\n\n# **********************************************************************\n# Core Pointer's InputDevice section\n# **********************************************************************\n\nSection \"InputDevice\"\n\n# Identifier and driver\n\n    Identifier\t\"Mouse1\"\n    Driver\t\"mouse\"\n    Option \"Protocol\"    \"Auto\"\t# Auto detect\n    Option \"Device\"      \"/dev/sysmouse\"\n    #Option \"Device\"      \"/dev/ums0\"\n\n# When using XQUEUE, comment out the above two lines, and uncomment\n# the following line.\n\n    Option \"Protocol\"\t\"Xqueue\"\n\n# Mouse-speed setting for PS/2 mouse.\n\n    Option \"Resolution\"\t\"1024\"\n\n# Baudrate and SampleRate are only for some Logitech mice. In\n# almost every case these lines should be omitted.\n\n#    Option \"BaudRate\"\t\"9600\"\n#    Option \"SampleRate\"\t\"150\"\n\n# Mouse wheel mapping.  Default is to map vertical wheel to buttons 4 \u0026 5,\n# horizontal wheel to buttons 6 \u0026 7.   Change if your mouse has more than\n# 3 buttons and you need to map the wheel to different button ids to avoid\n# conflicts.\n\n    Option \"ZAxisMapping\"   \"4 5 6 7\"\n\n# Emulate3Buttons is an option for 2-button mice\n# Emulate3Timeout is the timeout in milliseconds (default is 50ms)\n\n#    Option \"Emulate3Buttons\"\n#    Option \"Emulate3Timeout\"    \"50\"\n\n# ChordMiddle is an option for some 3-button Logitech mice\n\n#    Option \"ChordMiddle\"\n\nEndSection\n\n\n# **********************************************************************\n# Other input device sections \n# this is optional and is required only if you\n# are using extended input devices.  This is for example only.  Refer\n# to the xorg.conf man page for a description of the options.\n# **********************************************************************\n#\n# Section \"InputDevice\" \n#    Identifier  \"Mouse2\"\n#    Driver      \"mouse\"\n#    Option      \"Protocol\"      \"MouseMan\"\n#    Option      \"Device\"        \"/dev/mouse2\"\n# EndSection\n#\n# Section \"InputDevice\"\n#    Identifier \"spaceball\"\n#    Driver     \"magellan\"\n#    Option     \"Device\"        \"/dev/cua0\"\n# EndSection\n#\n# Section \"InputDevice\"\n#    Identifier \"spaceball2\"\n#    Driver     \"spaceorb\"\n#    Option     \"Device\"        \"/dev/cua0\"\n# EndSection\n#\n# Section \"InputDevice\"\n#    Identifier \"touchscreen0\"\n#    Driver     \"microtouch\"\n#    Option     \"Device\"        \"/dev/ttyS0\"\n#    Option     \"MinX\"          \"1412\"\n#    Option     \"MaxX\"          \"15184\"\n#    Option     \"MinY\"          \"15372\"\n#    Option     \"MaxY\"          \"1230\"\n#    Option     \"ScreenNumber\"  \"0\"\n#    Option     \"ReportingMode\" \"Scaled\"\n#    Option     \"ButtonNumber\"  \"1\"\n#    Option     \"SendCoreEvents\"\n# EndSection\n#\n# Section \"InputDevice\"\n#    Identifier \"touchscreen1\"\n#    Driver     \"elo2300\"\n#    Option     \"Device\"        \"/dev/ttyS0\"\n#    Option     \"MinX\"          \"231\"\n#    Option     \"MaxX\"          \"3868\"\n#    Option     \"MinY\"          \"3858\"\n#    Option     \"MaxY\"          \"272\"\n#    Option     \"ScreenNumber\"  \"0\"\n#    Option     \"ReportingMode\" \"Scaled\"\n#    Option     \"ButtonThreshold\"       \"17\"\n#    Option     \"ButtonNumber\"  \"1\"\n#    Option     \"SendCoreEvents\"\n# EndSection\n\n# **********************************************************************\n# Monitor section\n# **********************************************************************\n\n# Any number of monitor sections may be present\n\nSection \"Monitor\"\n\n    Identifier  \"SyncMaster204B\"\n\n# HorizSync is in kHz unless units are specified.\n# HorizSync may be a comma separated list of discrete values, or a\n# comma separated list of ranges of values.\n# NOTE: THE VALUES HERE ARE EXAMPLES ONLY.  REFER TO YOUR MONITOR'S\n# USER MANUAL FOR THE CORRECT NUMBERS.\n\n    HorizSync   24.0-90.5\n\n#    HorizSync\t30-64         # multisync\n#    HorizSync\t31.5, 35.2    # multiple fixed sync frequencies\n#    HorizSync\t15-25, 30-50  # multiple ranges of sync frequencies\n\n# VertRefresh is in Hz unless units are specified.\n# VertRefresh may be a comma separated list of discrete values, or a\n# comma separated list of ranges of values.\n# NOTE: THE VALUES HERE ARE EXAMPLES ONLY.  REFER TO YOUR MONITOR'S\n# USER MANUAL FOR THE CORRECT NUMBERS.\n\n    VertRefresh 60\n\nEndSection\n\n\n# **********************************************************************\n# Graphics device section\n# **********************************************************************\n\n# Any number of graphics device sections may be present\n\n# Standard VGA Device:\n\nSection \"Device\"\n    Identifier\t\"Standard VGA\"\n    VendorName\t\"Unknown\"\n    BoardName\t\"Unknown\"\n\n# The chipset line is optional in most cases.  It can be used to override\n# the driver's chipset detection, and should not normally be specified.\n\n#    Chipset\t\"generic\"\n\n# The Driver line must be present.  When using run-time loadable driver\n# modules, this line instructs the server to load the specified driver\n# module.  Even when not using loadable driver modules, this line\n# indicates which driver should interpret the information in this section.\n\n    Driver     \"vga\"\n# The BusID line is used to specify which of possibly multiple devices\n# this section is intended for.  When this line isn't present, a device\n# section can only match up with the primary video device.  For PCI\n# devices a line like the following could be used.  This line should not\n# normally be included unless there is more than one video device\n# intalled.\n\n#    BusID      \"PCI:0:10:0\"\n\n#    VideoRam\t256\n\n#    Clocks\t25.2 28.3\n\nEndSection\n\n# Device configured by xorgconfig:\n\nSection \"Device\"\n    \tIdentifier  \t\"HD4770\"\n\t#Driver      \t\"vesa\"\n\tDriver      \t\"radeonhd\"\n\tOption      \t\"AccelMethod\"   \"EXA\"\n\tOption      \t\"DRI\"   \"Off\"\n\tOption\t\t\"Audio\" \"On\"\n\t#Option\t\t\"DynamicClocks\"\t\"On\"\nEndSection\n\n\n\n# **********************************************************************\n# Screen sections\n# **********************************************************************\n\n# Any number of screen sections may be present.  Each describes\n# the configuration of a single screen.  A single specific screen section\n# may be specified from the X server command line with the \"-screen\"\n# option.\nSection \"Screen\"\n    Identifier  \"Screen 1\"\n    Device      \"HD4770\"\n    Monitor     \"SyncMaster204B\"\n    DefaultDepth 24\n\n    Subsection \"Display\"\n        Depth       24\n        Modes       \"1920x1200\"\n        ViewPort    0 0\n    EndSubsection\nEndSection\n\n# **********************************************************************\n# ServerLayout sections.\n# **********************************************************************\n\n# Any number of ServerLayout sections may be present.  Each describes\n# the way multiple screens are organised.  A specific ServerLayout\n# section may be specified from the X server command line with the\n# \"-layout\" option.  In the absence of this, the first section is used.\n# When now ServerLayout section is present, the first Screen section\n# is used alone.\n\nSection \"ServerLayout\"\n\n#    Option \"AIGLX\" \"Off\"\n\n# The Identifier line must be present\n    Identifier  \"Simple Layout\"\n\n# Each Screen line specifies a Screen section name, and optionally\n# the relative position of other screens.  The four names after\n# primary screen name are the screens to the top, bottom, left and right\n# of the primary screen.  In this example, screen 2 is located to the\n# right of screen 1.\n\n    Screen \"Screen 1\"\n\n# Each InputDevice line specifies an InputDevice section name and\n# optionally some options to specify the way the device is to be\n# used.  Those options include \"CorePointer\", \"CoreKeyboard\" and\n# \"SendCoreEvents\".\n\n    InputDevice \"Mouse1\" \"CorePointer\"\n    InputDevice \"Keyboard1\" \"CoreKeyboard\"\n\nEndSection\n\nSection \"DRI\"\n   Mode 0666\nEndSection\n\n-------------------------------------------------------------------------------\nxorg.conf.nogo:\n\nSection \"ServerLayout\"\n\tIdentifier     \"X.org Configured\"\n\tScreen      0  \"Screen0\" 0 0\n\tInputDevice    \"Mouse0\" \"CorePointer\"\n\tInputDevice    \"Keyboard0\" \"CoreKeyboard\"\nEndSection\n\nSection \"Files\"\n\tModulePath   \"/usr/local/lib/xorg/modules\"\n\tFontPath     \"/usr/local/lib/X11/fonts/misc/\"\n\tFontPath     \"/usr/local/lib/X11/fonts/TTF/\"\n\tFontPath     \"/usr/local/lib/X11/fonts/OTF\"\n\tFontPath     \"/usr/local/lib/X11/fonts/Type1/\"\n\tFontPath     \"/usr/local/lib/X11/fonts/100dpi/\"\n\tFontPath     \"/usr/local/lib/X11/fonts/75dpi/\"\nEndSection\n\nSection \"Module\"\n\tLoad  \"extmod\"\n\tLoad  \"record\"\n\tLoad  \"dbe\"\n\tLoad  \"glx\"\n\tLoad  \"dri\"\n\t#Load  \"dri2\"\nEndSection\n\nSection \"InputDevice\"\n\tIdentifier  \"Keyboard0\"\n\tDriver      \"kbd\"\nEndSection\n\nSection \"InputDevice\"\n\tIdentifier  \"Mouse0\"\n\tDriver      \"mouse\"\n\tOption\t    \"Protocol\" \"auto\"\n\tOption\t    \"Device\" \"/dev/sysmouse\"\n\tOption\t    \"ZAxisMapping\" \"4 5 6 7\"\nEndSection\n\nSection \"Monitor\"\n\tIdentifier   \"Monitor0\"\n\tVendorName   \"Samsung\"\n\tModelName    \"SyncMaster245B\"\n\n\tOption\t\t\"DPMS\"\nEndSection\n\nSection \"Device\"\n        ### Available Driver options are:-\n        ### Values: \u003ci\u003e: integer, \u003cf\u003e: float, \u003cbool\u003e: \"True\"/\"False\",\n        ### \u003cstring\u003e: \"String\", \u003cfreq\u003e: \"\u003cf\u003e Hz/kHz/MHz\"\n        ### [arg]: arg optional\n        #Option     \"NoAccel\"            \t# [\u003cbool\u003e]\n        #Option     \"AccelMethod\"        \t# [\u003cstr\u003e]\n        #Option     \"offscreensize\"      \t# [\u003cstr\u003e]\n        #Option     \"SWcursor\"           \t# [\u003cbool\u003e]\n        #Option     \"ignoreconnector\"    \t# [\u003cstr\u003e]\n        #Option     \"forcereduced\"       \t# [\u003cbool\u003e]\n        #Option     \"forcedpi\"           \t# \u003ci\u003e\n        #Option     \"useconfiguredmonitor\" \t# [\u003cbool\u003e]\n        #Option     \"HPD\"                \t# \u003cstr\u003e\n        #Option     \"NoRandr\"            \t# [\u003cbool\u003e]\n        #Option     \"RROutputOrder\"      \t# [\u003cstr\u003e]\n        #Option     \"DRI\"                \t# [\u003cbool\u003e]\n        #Option     \"TVMode\"             \t# [\u003cstr\u003e]\n        #Option     \"ScaleType\"          \t# [\u003cstr\u003e]\n        #Option     \"UseAtomBIOS\"        \t# [\u003cbool\u003e]\n        #Option     \"AtomBIOS\"           \t# [\u003cstr\u003e]\n        #Option     \"UnverifiedFeatures\" \t# [\u003cbool\u003e]\n        #Option     \"Audio\"              \t# [\u003cbool\u003e]\n        #Option     \"AudioStreamSilence\" \t# [\u003cstr\u003e]\n        #Option     \"HDMI\"               \t# [\u003cstr\u003e]\n        #Option     \"COHERENT\"           \t# [\u003cstr\u003e]\n        #Option     \"ForceLowPowerMode\"  \t# [\u003cbool\u003e]\n        #Option     \"LowPowerModeEngineClock\" \t# \u003ci\u003e\n\n\tIdentifier  \t\"Card0\"\n\tDriver      \t\"radeonhd\"\n\tVendorName  \t\"ATI Technologies Inc\"\n\tBoardName   \t\"Radeon HD 4770 [RV740]\"\n\t#BusID       \t\"PCI:1:0:0\"\n\tOption\t\t\"DRI\"\t\"Off\"\n\tOption\t\t\"AccelMethod\"\t\"EXA\"\nEndSection\n\nSection \"Screen\"\n\tIdentifier \"Screen0\"\n\tDevice     \"Card0\"\n\tMonitor    \"Monitor0\"\n\tDefaultDepth\t24\n\n\tSubSection \"Display\"\n\t\tViewport   0 0\n\t\tDepth     24\n\t\tModes\t\"1920x1200\"\n\tEndSubSection\nEndSection\n\n----------------------------------------------------------------------------\n\nXorg.0.log (working scenario):\n\nX.Org X Server 1.7.5\nRelease Date: 2010-02-16\nX Protocol Version 11, Revision 0\nBuild Operating System: FreeBSD 8.1-PRERELEASE amd64 \nCurrent Operating System: FreeBSD telesto.geoinf.fu-berlin.de 8.1-PRERELEASE FreeBSD 8.1-PRERELEASE #97 r209035: Fri Jun 11 10:23:57 CEST 2010     root@telesto.geoinf.fu-berlin.de:/usr/obj/usr/src/sys/TELESTO amd64\nBuild Date: 10 June 2010  03:54:17PM\n \nCurrent version of pixman: 0.16.6\n\tBefore reporting problems, check http://wiki.x.org\n\tto make sure that you have the latest version.\nMarkers: (--) probed, (**) from config file, (==) default setting,\n\t(++) from command line, (!!) notice, (II) informational,\n\t(WW) warning, (EE) error, (NI) not implemented, (??) unknown.\n(==) Log file: \"/var/log/Xorg.0.log\", Time: Fri Jun 11 12:05:26 2010\n(==) Using config file: \"/etc/X11/xorg.conf\"\n(==) ServerLayout \"X.org Configured\"\n(**) |--\u003eScreen \"Screen0\" (0)\n(**) |   |--\u003eMonitor \"Monitor0\"\n(**) |   |--\u003eDevice \"Card0\"\n(**) |--\u003eInput Device \"Mouse0\"\n(**) |--\u003eInput Device \"Keyboard0\"\n(==) Automatically adding devices\n(==) Automatically enabling devices\n(**) FontPath set to:\n\t/usr/local/lib/X11/fonts/misc/,\n\t/usr/local/lib/X11/fonts/TTF/,\n\t/usr/local/lib/X11/fonts/OTF,\n\t/usr/local/lib/X11/fonts/Type1/,\n\t/usr/local/lib/X11/fonts/100dpi/,\n\t/usr/local/lib/X11/fonts/75dpi/,\n\t/usr/local/lib/X11/fonts/misc/,\n\t/usr/local/lib/X11/fonts/TTF/,\n\t/usr/local/lib/X11/fonts/OTF,\n\t/usr/local/lib/X11/fonts/Type1/,\n\t/usr/local/lib/X11/fonts/100dpi/,\n\t/usr/local/lib/X11/fonts/75dpi/\n(**) ModulePath set to \"/usr/local/lib/xorg/modules\"\n(WW) AllowEmptyInput is on, devices using drivers 'kbd', 'mouse' or 'vmmouse' will be disabled.\n(WW) Disabling Mouse0\n(WW) Disabling Keyboard0\n(II) Loader magic: 0x692320\n(II) Module ABI versions:\n\tX.Org ANSI C Emulation: 0.4\n\tX.Org Video Driver: 6.0\n\tX.Org XInput driver : 7.0\n\tX.Org Server Extension : 2.0\n(--) Using syscons driver with X support (version 2.0)\n(--) using VT number 8\n\n(--) PCI:*(0:1:0:0) 1002:94b3:1043:031c ATI Technologies Inc Radeon HD 4770 [RV740] rev 0, Mem @ 0xd0000000/268435456, 0xfe8e0000/65536, I/O @ 0x0000b000/256, BIOS @ 0x????????/65536\n(II) \"extmod\" will be loaded. This was enabled by default and also specified in the config file.\n(II) \"dbe\" will be loaded. This was enabled by default and also specified in the config file.\n(II) \"glx\" will be loaded. This was enabled by default and also specified in the config file.\n(II) \"record\" will be loaded. This was enabled by default and also specified in the config file.\n(II) \"dri\" will be loaded. This was enabled by default and also specified in the config file.\n(II) \"dri2\" will be loaded. This was enabled by default and also specified in the config file.\n(II) LoadModule: \"extmod\"\n(II) Loading /usr/local/lib/xorg/modules/extensions/libextmod.so\n(II) Module extmod: vendor=\"X.Org Foundation\"\n\tcompiled for 1.7.5, module version = 1.0.0\n\tModule class: X.Org Server Extension\n\tABI class: X.Org Server Extension, version 2.0\n(II) Loading extension MIT-SCREEN-SAVER\n(II) Loading extension XFree86-VidModeExtension\n(II) Loading extension XFree86-DGA\n(II) Loading extension DPMS\n(II) Loading extension XVideo\n(II) Loading extension XVideo-MotionCompensation\n(II) Loading extension X-Resource\n(II) LoadModule: \"record\"\n(II) Loading /usr/local/lib/xorg/modules/extensions/librecord.so\n(II) Module record: vendor=\"X.Org Foundation\"\n\tcompiled for 1.7.5, module version = 1.13.0\n\tModule class: X.Org Server Extension\n\tABI class: X.Org Server Extension, version 2.0\n(II) Loading extension RECORD\n(II) LoadModule: \"dbe\"\n(II) Loading /usr/local/lib/xorg/modules/extensions/libdbe.so\n(II) Module dbe: vendor=\"X.Org Foundation\"\n\tcompiled for 1.7.5, module version = 1.0.0\n\tModule class: X.Org Server Extension\n\tABI class: X.Org Server Extension, version 2.0\n(II) Loading extension DOUBLE-BUFFER\n(II) LoadModule: \"glx\"\n(II) Loading /usr/local/lib/xorg/modules/extensions/libglx.so\n(II) Module glx: vendor=\"X.Org Foundation\"\n\tcompiled for 1.7.5, module version = 1.0.0\n\tABI class: X.Org Server Extension, version 2.0\n(==) AIGLX disabled\n(II) Loading extension GLX\n(II) LoadModule: \"dri\"\n(II) Loading /usr/local/lib/xorg/modules/extensions/libdri.so\n(II) Module dri: vendor=\"X.Org Foundation\"\n\tcompiled for 1.7.5, module version = 1.0.0\n\tABI class: X.Org Server Extension, version 2.0\n(II) Loading extension XFree86-DRI\n(II) LoadModule: \"dri2\"\n(II) Loading /usr/local/lib/xorg/modules/extensions/libdri2.so\n(II) Module dri2: vendor=\"X.Org Foundation\"\n\tcompiled for 1.7.5, module version = 1.1.0\n\tABI class: X.Org Server Extension, version 2.0\n(II) Loading extension DRI2\n(II) LoadModule: \"radeonhd\"\n(II) Loading /usr/local/lib/xorg/modules/drivers/radeonhd_drv.so\n(II) Module radeonhd: vendor=\"AMD GPG\"\n\tcompiled for 1.7.5, module version = 1.3.0\n\tModule class: X.Org Video Driver\n\tABI class: X.Org Video Driver, version 6.0\n(II) RADEONHD: X driver for the following AMD GPG (ATI) graphics devices:\n\tRV505 : Radeon X1550, X1550 64bit.\n\tRV515 : Radeon X1300, X1550, X1600; FireGL V3300, V3350.\n\tRV516 : Radeon X1300, X1550, X1550 64-bit, X1600; FireMV 2250.\n\tR520  : Radeon X1800; FireGL V5300, V7200, V7300, V7350.\n\tRV530 : Radeon X1300 XT, X1600, X1600 Pro, X1650; FireGL V3400, V5200.\n\tRV535 : Radeon X1300, X1650.\n\tRV550 : Radeon X2300 HD.\n\tRV560 : Radeon X1650.\n\tRV570 : Radeon X1950, X1950 GT; FireGL V7400.\n\tR580  : Radeon X1900, X1950; AMD Stream Processor.\n\tR600  : Radeon HD 2900 GT/Pro/XT; FireGL V7600/V8600/V8650.\n\tRV610 : Radeon HD 2350, HD 2400 Pro/XT, HD 2400 Pro AGP; FireGL V4000.\n\tRV620 : Radeon HD 3450, HD 3470.\n\tRV630 : Radeon HD 2600 LE/Pro/XT, HD 2600 Pro/XT AGP; Gemini RV630;\n\t\tFireGL V3600/V5600.\n\tRV635 : Radeon HD 3650, HD 3670.\n\tRV670 : Radeon HD 3690, 3850, HD 3870, FireGL V7700, FireStream 9170.\n\tR680  : Radeon HD 3870 X2.\n\tM52   : Mobility Radeon X1300.\n\tM54   : Mobility Radeon X1400; M54-GL.\n\tM56   : Mobility Radeon X1600; Mobility FireGL V5200.\n\tM58   : Mobility Radeon X1800, X1800 XT; Mobility FireGL V7100, V7200.\n\tM62   : Mobility Radeon X1350.\n\tM64   : Mobility Radeon X1450, X2300.\n\tM66   : Mobility Radeon X1700, X1700 XT; FireGL V5250.\n\tM68   : Mobility Radeon X1900.\n\tM71   : Mobility Radeon HD 2300.\n\tM72   : Mobility Radeon HD 2400; Radeon E2400.\n\tM74   : Mobility Radeon HD 2400 XT.\n\tM76   : Mobility Radeon HD 2600;\n\t\t(Gemini ATI) Mobility Radeon HD 2600 XT.\n\tM82   : Mobility Radeon HD 3400.\n\tM86   : Mobility Radeon HD 3650, HD 3670, Mobility FireGL V5700.\n\tM88   : Mobility Radeon HD 3850, HD 3850 X2, HD 3870, HD3870 X2.\n\tRS600 : Radeon Xpress 1200, Xpress 1250.\n\tRS690 : Radeon X1200, X1250, X1270.\n\tRS740 : RS740, RS740M.\n\tRS780 : Radeon HD 3100/3200/3300 Series.\n\tR700  : Radeon R700.\n\tRV710 : Radeon HD4570, HD4350.\n\tRV730 : Radeon HD4670, HD4650.\n\tRV740 : Radeon HD4770. EXPERIMENTAL AND UNTESTED.\n\tRV770 : Radeon HD 4800 Series; Everest, K2, Denali ATI FirePro.\n\tRV790 : Radeon HD 4890.\n\tM92   : Mobility Radeon HD4330, HD4530, HD4570. EXPERIMENTAL.\n\tM93   : Mobility Radeon M93. EXPERIMENTAL AND UNTESTED.\n\tM96   : Mobility Radeon HD4600.\n\tM97   : Mobility Radeon HD4860. EXPERIMENTAL AND UNTESTED.\n\tM98   : Mobility Radeon HD4850, HD4870.\n\n(II) RADEONHD: version 1.3.0, built from non-git sources\n\n(II) Primary Device is: PCI 01@00:00:0\n(WW) VGA arbiter: cannot open kernel arbiter, no multi-card support\n(**) RADEONHD(0): Depth 24, (--) framebuffer bpp 32\n(**) RADEONHD(0): Option \"AccelMethod\" \"EXA\"\n(**) RADEONHD(0): Option \"DRI\" \"Off\"\n(**) RADEONHD(0): Selected EXA 2D acceleration.\n(II) RADEONHD(0): Card not in database: 0x94B3:0x1043:0x031C; using generic modesetting.\n\tIf - and only if - your card does not work or does not work optimally\n\tplease contact radeonhd@opensuse.org to help rectify this.\n\tUse the subject: 0x94B3:0x1043:0x031C: \u003cname of board\u003e\n\tand *please* describe the problems you are seeing\n\tin your message.\n(--) RADEONHD(0): Detected an RV740 on an unidentified card\n(II) RADEONHD(0): Mapped IO @ 0xfe8e0000 to 0x8006c9000 (size 0x00010000)\n(II) RADEONHD(0): PCIE Card Detected\n(II) RADEONHD(0): Getting BIOS copy from legacy VBIOS location\n(II) RADEONHD(0): ATOM BIOS Rom: \n\tSubsystemVendorID: 0x1043 SubsystemID: 0x031c\n\tIOBaseAddress: 0xb000\n\tFilename: AB106074.BIN\n\tBIOS Bootup Message: \n94B3.11.22.3.7.AS02                                                   \n      \n(II) RADEONHD(0): Analog TV Default Mode: 1\n(II) RADEONHD(0): Found default TV Mode NTSC\n(II) RADEONHD(0): The detected amount of videoram exceeds the PCI BAR aperture.\n(II) RADEONHD(0): Using only 262144kB of the total 524288kB.\n(--) RADEONHD(0): VideoRAM: 262144 kByte\n(II) RADEONHD(0): Framebuffer space used by Firmware (kb): 20\n(II) RADEONHD(0): Start of VRAM area used by Firmware: 0x7ffec\n(II) RADEONHD(0): AtomBIOS requests 20kB of VRAM scratch space\n(II) RADEONHD(0): AtomBIOS VRAM scratch base: 0x7ffec\n(WW) RADEONHD(0): rhdAtomAllocateFbScratch: FW FB scratch area not located at the end of VRAM. Scratch End: 0x84fec VRAM End: 0x10000000\n(II) RADEONHD(0): Cannot get VRAM scratch space. Allocating in main memory instead\n(II) RADEONHD(0): Default Engine Clock: 750000\n(II) RADEONHD(0): Default Memory Clock: 800000\n(II) RADEONHD(0): Maximum Pixel ClockPLL Frequency Output: 1200000\n(II) RADEONHD(0): Minimum Pixel ClockPLL Frequency Output: 0\n(II) RADEONHD(0): Maximum Pixel ClockPLL Frequency Input: 16000\n(II) RADEONHD(0): Minimum Pixel ClockPLL Frequency Input: 6000\n(II) RADEONHD(0): Maximum Pixel Clock: 400000\n(II) RADEONHD(0): Reference Clock: 100000\n(II) RADEONHD(0): Direct rendering explicitly turned off.\n(WW) RADEONHD(0): Falling back to ShadowFB acceleration\n(II) Loading sub module \"i2c\"\n(II) LoadModule: \"i2c\"\n(II) Module \"i2c\" already built-in\n(II) RADEONHD(0): Reference Clock: 100000\n(II) RADEONHD(0): GPIO_I2C_Clk_Mask: 0x1f90\n(II) RADEONHD(0): GPIO_I2C_Clk_Mask_Shift: 0x0\n(II) RADEONHD(0): GPIO_I2C_Data_Mask: 0x1f90\n(II) RADEONHD(0): GPIO_I2C_Data_Mask_Shift: 0x8\n(II) RADEONHD(0): I2C bus \"RHD I2C line 0\" initialized.\n(II) RADEONHD(0): GPIO_I2C_Clk_Mask: 0x1f94\n(II) RADEONHD(0): GPIO_I2C_Clk_Mask_Shift: 0x0\n(II) RADEONHD(0): GPIO_I2C_Data_Mask: 0x1f94\n(II) RADEONHD(0): GPIO_I2C_Data_Mask_Shift: 0x8\n(II) RADEONHD(0): I2C bus \"RHD I2C line 1\" initialized.\n(II) RADEONHD(0): GPIO_I2C_Clk_Mask: 0x1f98\n(II) RADEONHD(0): GPIO_I2C_Clk_Mask_Shift: 0x0\n(II) RADEONHD(0): GPIO_I2C_Data_Mask: 0x1f98\n(II) RADEONHD(0): GPIO_I2C_Data_Mask_Shift: 0x8\n(II) RADEONHD(0): I2C bus \"RHD I2C line 2\" initialized.\n(II) RADEONHD(0): GPIO_I2C_Clk_Mask: 0x1f88\n(II) RADEONHD(0): GPIO_I2C_Clk_Mask_Shift: 0x0\n(II) RADEONHD(0): GPIO_I2C_Data_Mask: 0x1f88\n(II) RADEONHD(0): GPIO_I2C_Data_Mask_Shift: 0x8\n(II) RADEONHD(0): I2C bus \"RHD I2C line 3\" initialized.\n(II) RADEONHD(0): GPIO_I2C_Clk_Mask: 0x1fc4\n(II) RADEONHD(0): GPIO_I2C_Clk_Mask_Shift: 0x0\n(II) RADEONHD(0): GPIO_I2C_Data_Mask: 0x1fc4\n(II) RADEONHD(0): GPIO_I2C_Data_Mask_Shift: 0x8\n(II) RADEONHD(0): I2C bus \"RHD I2C line 4\" initialized.\n(II) RADEONHD(0): GPIO_I2C_Clk_Mask: 0x1fe8\n(II) RADEONHD(0): GPIO_I2C_Clk_Mask_Shift: 0x0\n(II) RADEONHD(0): GPIO_I2C_Data_Mask: 0x1fe8\n(II) RADEONHD(0): GPIO_I2C_Data_Mask_Shift: 0x8\n(II) RADEONHD(0): I2C bus \"RHD I2C line 5\" initialized.\n(II) Loading sub module \"ddc\"\n(II) LoadModule: \"ddc\"\n(II) Module \"ddc\" already built-in\n(II) RADEONHD(0): Detected VGA mode.\n(**) RADEONHD(0): Using AtomBIOS for Crtcs\n(**) RADEONHD(0): Using AtomBIOS for PLLs\n(II) RADEONHD(0): Minimum Pixel ClockPLL Frequency Output: 0\n(II) RADEONHD(0): Maximum Pixel ClockPLL Frequency Output: 1200000\n(II) RADEONHD(0): Maximum Pixel Clock: 400000\n(II) RADEONHD(0): Reference Clock: 100000\n(II) RADEONHD(0): rhdAtomSetPixelClockVersion returned version 3 for index 0xc\n(II) RADEONHD(0): rhdAtomSetPixelClockVersion returned version 3 for index 0xc\n(II) RADEONHD(0): FB: Allocated Cursor Image at offset 0x00000000 (size = 0x00004000)\n(II) RADEONHD(0): FB: Allocated Cursor Image at offset 0x00004000 (size = 0x00004000)\n(II) RADEONHD(0): FirmwareInfo Revision 0104\n(II) RADEONHD(0): Unused attribute: ul3DAccelerationEngineClock 0\n(II) RADEONHD(0): Unused attribute: ulDriverTargetEngineClock 0\n(II) RADEONHD(0): Unused attribute: ulDriverTargetMemoryClock 0\n(II) RADEONHD(0): Unused attribute: ucASICMaxTemperature 0\n(II) RADEONHD(0): Scary bits: Estimated MinEngineClock 250000 kHz\n(II) RADEONHD(0): Scary bits: Estimated MinMemoryClock 250000 kHz\n(II) RADEONHD(0): Default Engine Clock: 750000\n(II) RADEONHD(0): Default Memory Clock: 800000\n(II) RADEONHD(0): Current Engine Clock: 750000\n(II) RADEONHD(0): Current Memory Clock: 800000\n(II) RADEONHD(0): Current Chip Voltage: 1000\n(II) RADEONHD(0): Power Management: used engine clock / memory clock / core (VDDC) voltage   (0: ignore)\n(II) RADEONHD(0): Power Management: Raw Ranges\n(II) RADEONHD(0):   Minimum    250000 kHz /   250000 kHz /  0.900 V\n(II) RADEONHD(0):   Maximum    850000 kHz /   850000 kHz /  1.200 V\n(II) RADEONHD(0):   Default    750000 kHz /   800000 kHz /  1.000 V\n(II) RADEONHD(0): PowerPlayInfo Revision 0501\n(EE) RADEONHD(0): Unusupported PowerPlayInfo Revision\n(II) RADEONHD(0): Query for Get Chip Configs: not implemented\n(EE) RADEONHD(0): Power Management: Cannot get known good chip configurations\n(II) RADEONHD(0): Power Management: Validated Ranges\n(II) RADEONHD(0):   Minimum    250000 kHz /   250000 kHz /  0.900 V\n(II) RADEONHD(0):   Maximum    850000 kHz /   850000 kHz /  1.200 V\n(II) RADEONHD(0):   Default    750000 kHz /   800000 kHz /  1.000 V\n(II) RADEONHD(0): Power Management: Final Levels\n(II) RADEONHD(0):   Off        250000 kHz /   250000 kHz /  0.900 V\n(II) RADEONHD(0):   Idle       750000 kHz /   800000 kHz /  1.000 V\n(II) RADEONHD(0):   Slow2D     750000 kHz /   800000 kHz /  1.000 V\n(II) RADEONHD(0):   Fast2D     750000 kHz /   800000 kHz /  1.000 V\n(II) RADEONHD(0):   Slow3D     750000 kHz /   800000 kHz /  1.000 V\n(II) RADEONHD(0):   Fast3D     750000 kHz /   800000 kHz /  1.000 V\n(II) RADEONHD(0):   Max3D      850000 kHz /   850000 kHz /  1.200 V\n(II) RADEONHD(0):   User       750000 kHz /   800000 kHz /  1.000 V\n(II) RADEONHD(0): Connector[0] {RHD_CONNECTOR_DVI_SINGLE, \"HDMI_TYPE_A DFP2\", RHD_DDC_2, RHD_HPD_1, { RHD_OUTPUT_UNIPHYD, RHD_OUTPUT_NONE } }\n(II) RADEONHD(0): Connector[1] {RHD_CONNECTOR_VGA, \"VGA CRT2\", RHD_DDC_4, RHD_HPD_NONE, { RHD_OUTPUT_DACB, RHD_OUTPUT_NONE } }\n(II) RADEONHD(0): Connector[2] {RHD_CONNECTOR_DVI, \"DUAL_LINK_DVI_I CRT1 DFP1\", RHD_DDC_3, RHD_HPD_0, { RHD_OUTPUT_UNIPHYA, RHD_OUTPUT_DACA } }\n(**) RADEONHD(0): Using AtomBIOS for Outputs\n(EE) RADEONHD(0): RHDHdmiInit: unknown HDMI output type\n(II) RADEONHD(0): rhdAtomSelectCrtcSourceVersion returned version 2 for index 0x2a\n(--) RADEONHD(0): Attaching Output AtomOutputUniphyD to Connector DVI-D 1\n(**) RADEONHD(0): Using AtomBIOS for Outputs\n(II) RADEONHD(0): rhdAtomSelectCrtcSourceVersion returned version 2 for index 0x2a\n(--) RADEONHD(0): Attaching Output AtomOutputDACB to Connector VGA 1\n(**) RADEONHD(0): Using AtomBIOS for Outputs\n(II) RADEONHD(0): rhdAtomSelectCrtcSourceVersion returned version 2 for index 0x2a\n(--) RADEONHD(0): Attaching Output AtomOutputUniphyA to Connector DVI-I 2\n(**) RADEONHD(0): Using AtomBIOS for Outputs\n(II) RADEONHD(0): rhdAtomSelectCrtcSourceVersion returned version 2 for index 0x2a\n(--) RADEONHD(0): Attaching Output AtomOutputDACA to Connector DVI-I 2\n(II) RADEONHD(0): RandR: Adding RRoutput DVI-D_1 for Output AtomOutputUniphyD\n(II) RADEONHD(0): RandR: Adding RRoutput VGA_1 for Output AtomOutputDACB\n(II) RADEONHD(0): RandR: Adding RRoutput DVI-I_2/digital for Output AtomOutputUniphyA\n(II) RADEONHD(0): RandR: Adding RRoutput DVI-I_2/analog for Output AtomOutputDACA\n(II) RADEONHD(0): Output DVI-D_1 using monitor section Monitor0\n(II) RADEONHD(0): Output DVI-D_1 has no monitor section\n(II) RADEONHD(0): Output VGA_1 has no monitor section\n(II) RADEONHD(0): Output DVI-I_2/digital has no monitor section\n(II) RADEONHD(0): Output DVI-I_2/analog has no monitor section\n(II) RADEONHD(0): Calling DAC_LoadDetection\n(II) RADEONHD(0): DAC_LoadDetection Successful\n(II) RADEONHD(0): Calling DAC_LoadDetection\n(II) RADEONHD(0): DAC_LoadDetection Successful\n(II) RADEONHD(0): Setting AtomOutputUniphyA to incoherent\n(II) RADEONHD(0): I2C device \"RHD I2C line 3:ddc2\" registered at address 0xA0.\n(II) RADEONHD(0): I2C device \"RHD I2C line 3:DDC control interface\" registered at address 0x6E.\n(II) RADEONHD(0): EDID data for SyncMaster\n(II) RADEONHD(0): Manufacturer: SAM  Model: 2b6  Serial#: 1213542964\n(II) RADEONHD(0): Year: 2008  Week: 36\n(II) RADEONHD(0): EDID Version: 1.3\n(II) RADEONHD(0): Digital Display Input\n(II) RADEONHD(0): Max Image Size [cm]: horiz.: 52  vert.: 32\n(II) RADEONHD(0): Gamma: 2.60\n(II) RADEONHD(0): DPMS capabilities: Off\n(II) RADEONHD(0): Supported color encodings: RGB 4:4:4 YCrCb 4:4:4 \n(II) RADEONHD(0): First detailed timing is preferred mode\n(II) RADEONHD(0): redX: 0.653 redY: 0.337   greenX: 0.295 greenY: 0.607\n(II) RADEONHD(0): blueX: 0.144 blueY: 0.075   whiteX: 0.312 whiteY: 0.329\n(II) RADEONHD(0): Supported established timings:\n(II) RADEONHD(0): 720x400@70Hz\n(II) RADEONHD(0): 640x480@60Hz\n(II) RADEONHD(0): 640x480@67Hz\n(II) RADEONHD(0): 640x480@72Hz\n(II) RADEONHD(0): 640x480@75Hz\n(II) RADEONHD(0): 800x600@56Hz\n(II) RADEONHD(0): 800x600@60Hz\n(II) RADEONHD(0): 800x600@72Hz\n(II) RADEONHD(0): 800x600@75Hz\n(II) RADEONHD(0): 832x624@75Hz\n(II) RADEONHD(0): 1024x768@60Hz\n(II) RADEONHD(0): 1024x768@70Hz\n(II) RADEONHD(0): 1024x768@75Hz\n(II) RADEONHD(0): 1280x1024@75Hz\n(II) RADEONHD(0): 1152x864@75Hz\n(II) RADEONHD(0): Manufacturer's mask: 0\n(II) RADEONHD(0): Supported standard timings:\n(II) RADEONHD(0): #0: hsize: 1600  vsize 1200  refresh: 60  vid: 16553\n(II) RADEONHD(0): #1: hsize: 1280  vsize 1024  refresh: 60  vid: 32897\n(II) RADEONHD(0): #2: hsize: 1280  vsize 960  refresh: 60  vid: 16513\n(II) RADEONHD(0): #3: hsize: 1152  vsize 864  refresh: 75  vid: 20337\n(II) RADEONHD(0): Supported detailed timing:\n(II) RADEONHD(0): clock: 154.0 MHz   Image Size:  518 x 324 mm\n(II) RADEONHD(0): h_active: 1920  h_sync: 1968  h_sync_end 2000 h_blank_end 2080 h_border: 0\n(II) RADEONHD(0): v_active: 1200  v_sync: 1203  v_sync_end 1209 v_blanking: 1235 v_border: 0\n(II) RADEONHD(0): Ranges: V min: 56 V max: 75 Hz, H min: 30 H max: 81 kHz, PixClock max 170 MHz\n(II) RADEONHD(0): Monitor name: SyncMaster\n(II) RADEONHD(0): Serial No: H9XQ902250\n(II) RADEONHD(0): EDID (in hex):\n(II) RADEONHD(0): \t00ffffffffffff004c2db60234325548\n(II) RADEONHD(0): \t24120103803420a02a5ad1a7564b9b24\n(II) RADEONHD(0): \t135054bfef80a94081808140714f0101\n(II) RADEONHD(0): \t010101010101283c80a070b023403020\n(II) RADEONHD(0): \t360006442100001a000000fd00384b1e\n(II) RADEONHD(0): \t5111000a202020202020000000fc0053\n(II) RADEONHD(0): \t796e634d61737465720a2020000000ff\n(II) RADEONHD(0): \t00483958513930323235300a202000a0\n(II) RADEONHD(0): Calling DAC_LoadDetection\n(II) RADEONHD(0): DAC_LoadDetection Successful\n(II) RADEONHD(0): Output DVI-D_1 disconnected\n(II) RADEONHD(0): Output VGA_1 disconnected\n(II) RADEONHD(0): Output DVI-I_2/digital connected\n(II) RADEONHD(0): Output DVI-I_2/analog disconnected\n(II) RADEONHD(0): Using user preference for initial modes\n(II) RADEONHD(0): Output DVI-I_2/digital using initial mode 1920x1200\n(II) RADEONHD(0): Using default gamma of (1.0, 1.0, 1.0) unless otherwise stated.\n(II) RADEONHD(0): RandR 1.2 support enabled\n(==) RADEONHD(0): RGB weight 888\n(==) RADEONHD(0): Default visual is TrueColor\n(II) RADEONHD(0): Using 3840x1920 Framebuffer with 3840 pitch\n(II) RADEONHD(0): FB: Allocated ScanoutBuffer at offset 0x00008000 (size = 0x01C20000)\n(==) RADEONHD(0): DPI set to (96, 96)\n(II) Loading sub module \"fb\"\n(II) LoadModule: \"fb\"\n(II) Loading /usr/local/lib/xorg/modules/libfb.so\n(II) Module fb: vendor=\"X.Org Foundation\"\n\tcompiled for 1.7.5, module version = 1.0.0\n\tABI class: X.Org ANSI C Emulation, version 0.4\n(II) Loading sub module \"ramdac\"\n(II) LoadModule: \"ramdac\"\n(II) Module \"ramdac\" already built-in\n(II) Loading sub module \"shadow\"\n(II) LoadModule: \"shadow\"\n(II) Loading /usr/local/lib/xorg/modules/libshadow.so\n(II) Module shadow: vendor=\"X.Org Foundation\"\n\tcompiled for 1.7.5, module version = 1.1.0\n\tABI class: X.Org ANSI C Emulation, version 0.4\n(II) RADEONHD(0): Using ShadowFB\n(--) Depth 24 pixmap format is 32 bpp\n(II) RADEONHD(0): Mapped IO @ 0xfe8e0000 to 0x8006c9000 (size 0x00010000)\n(II) RADEONHD(0): Mapped FB @ 0xd0000000 to 0x802a00000 (size 0x10000000)\n(II) RADEONHD(0): Attempting to enable power management\n(II) RADEONHD(0): Current Engine Clock: 750000\n(II) RADEONHD(0): Current Memory Clock: 800000\n(II) RADEONHD(0): Current Chip Voltage: 1000\n(II) RADEONHD(0): Calling EnableCRTC\n(II) RADEONHD(0): EnableCRTC Successful\n(II) RADEONHD(0): Calling EnableCRTCMemReq\n(II) RADEONHD(0): EnableCRTCMemReq Successful\n(II) RADEONHD(0): Calling EnableCRTC\n(II) RADEONHD(0): EnableCRTC Successful\n(II) RADEONHD(0): Calling EnableCRTCMemReq\n(II) RADEONHD(0): EnableCRTCMemReq Successful\n(II) RADEONHD(0): Current Engine Clock: 750000\n(II) RADEONHD(0): Current Memory Clock: 800000\n(II) RADEONHD(0): Current Chip Voltage: 1000\n(WW) RADEONHD(0): RHDCSInit: CS for R600 requires DRI.\n(==) RADEONHD(0): Backing store disabled\n(==) RADEONHD(0): Silken mouse enabled\n(II) RADEONHD(0): RandR 1.2 enabled, ignore the following RandR disabled message.\n(II) RADEONHD(0): Calling BlankCRTC\n(II) RADEONHD(0): BlankCRTC Successful\n(II) RADEONHD(0): Calling BlankCRTC\n(II) RADEONHD(0): BlankCRTC Successful\n(II) RADEONHD(0): Calling BlankCRTC\n(II) RADEONHD(0): BlankCRTC Successful\n(II) RADEONHD(0): Calling BlankCRTC\n(II) RADEONHD(0): BlankCRTC Successful\n(II) RADEONHD(0): Calling BlankCRTC\n(II) RADEONHD(0): BlankCRTC Successful\n(II) RADEONHD(0): Calling BlankCRTC\n(II) RADEONHD(0): BlankCRTC Successful\n(II) RADEONHD(0): Calling DAC2OutputControl\n(II) RADEONHD(0): DAC2OutputControl Successful\n(II) RADEONHD(0): Calling DACBEncoderControl\n(II) RADEONHD(0): DACBEncoderControl Successful\n(II) RADEONHD(0): Calling DAC1OutputControl\n(II) RADEONHD(0): DAC1OutputControl Successful\n(II) RADEONHD(0): Calling DACAEncoderControl\n(II) RADEONHD(0): DACAEncoderControl Successful\n(II) RADEONHD(0): Calling EnableCRTC\n(II) RADEONHD(0): EnableCRTC Successful\n(II) RADEONHD(0): Calling EnableCRTCMemReq\n(II) RADEONHD(0): EnableCRTCMemReq Successful\n(II) RADEONHD(0): Calling EnableCRTC\n(II) RADEONHD(0): EnableCRTC Successful\n(II) RADEONHD(0): Calling EnableCRTCMemReq\n(II) RADEONHD(0): EnableCRTCMemReq Successful\n(II) RADEONHD(0): Mapping DIG1 encoder to KLDSKP_UNIPHYA\n(II) RADEONHD(0): Calling UNIPHYTransmitterControl\n(II) RADEONHD(0): UNIPHYTransmitterControl Successful\n(II) RADEONHD(0): Calling EnableCRTC\n(II) RADEONHD(0): EnableCRTC Successful\n(II) RADEONHD(0): Calling EnableCRTCMemReq\n(II) RADEONHD(0): EnableCRTCMemReq Successful\n(II) RADEONHD(0): On Crtc 0 Setting 60.0 Hz Mode: Modeline \"1920x1200\"  154.00  1920 1968 2000 2080  1200 1203 1209 1235 +hsync -vsync\n(II) RADEONHD(0): Calling SetCRTC_Timing\n(II) RADEONHD(0): SetCRTC_Timing Successful\n(II) RADEONHD(0): CallingSetCRTC_OverScan\n(II) RADEONHD(0): Set CRTC_OverScan Successful\n(II) RADEONHD(0): Calling EnableScaler\n(II) RADEONHD(0): EnableScaler Successful\n"
}