{
 "id": 1249353,
 "bug_id": 269581,
 "attachment_id": 0,
 "creation_time": "2023-03-03T14:25:41Z",
 "creator": "szczepan@szczepan.net",
 "text": "Which image are you using? I've tried create custom disk from latest 14-CURRENT vhd VM image and it panic during boot:\n\nLoading kernel...\n/boot/kernel/kernel text=0x2a8 text=0x88ccd0 text=0x26f664 data=0x1cbdb8 data=0x0+0x346000 0x8+0x146e38+0x8+0x16f8fb/\nLoading configured modules...\n/etc/hostid size=0x25\n/boot/entropy size=0x1000\nNo valid device tree blob found!\nWARNING! Trying to fire up the kernel, but no device tree blob found!\nEFI framebuffer information:\naddr, size     0x40000000, 0x800000\ndimensions     1024 x 768\nstride         1024\nmasks          0x00ff0000, 0x0000ff00, 0x000000ff, 0xff000000\n---\u003c\u003cBOOT\u003e\u003e---\nGDB: no debug ports present\nKDB: debugger backends: ddb\nKDB: current backend: ddb\nCopyright (c) 1992-2023 The FreeBSD Project.\nCopyright (c) 1979, 1980, 1983, 1986, 1988, 1989, 1991, 1992, 1993, 1994\n        The Regents of the University of California. All rights reserved.\nFreeBSD is a registered trademark of The FreeBSD Foundation.\nFreeBSD 14.0-CURRENT #0 main-n261233-005cca8361a4: Thu Mar  2 07:23:24 UTC 2023\n    root@releng1.nyi.freebsd.org:/usr/obj/usr/src/arm64.aarch64/sys/GENERIC arm64\nFreeBSD clang version 15.0.7 (https://github.com/llvm/llvm-project.git llvmorg-15.0.7-0-g8dfdcc7b7bf6)\nWARNING: WITNESS option enabled, expect reduced performance.\nSRAT: Ignoring memory at addr 0x4c0000000\nSRAT: Ignoring memory at addr 0x1000000000\nSRAT: Ignoring memory at addr 0x10000000000\nSRAT: Ignoring memory at addr 0x20000000000\nSRAT: Ignoring memory at addr 0x40000000000\nSRAT: Ignoring memory at addr 0x80000000000\nSRAT: Ignoring memory at addr 0x100000000000\nSRAT: Ignoring memory at addr 0x200000000000\nSRAT: Ignoring memory at addr 0x400000000000\nSRAT: Ignoring memory at addr 0x800000000000\nVT(efifb): resolution 1024x768\nmodule scmi already present!\nmodule firmware already present!\nreal memory  = 17179701248 (16383 MB)\navail memory = 16725401600 (15950 MB)\nStarting CPU 1 (1)\nStarting CPU 2 (2)\nStarting CPU 3 (3)\nFreeBSD/SMP: Multiprocessor System Detected: 4 CPUs\nrandom: unblocking device.\nrandom: entropy device external interface\nMAP 3ec85000 mode 2 pages 41\nMAP 3fd2e000 mode 2 pages 48\nMAP 3fd5e000 mode 2 pages 36\nMAP effed000 mode 0 pages 1\nkbd0 at kbdmux0\nacpi0: \u003cVRTUAL MICROSFT\u003e\nacpi0: Could not update all GPEs: AE_NOT_CONFIGURED\npsci0: \u003cARM Power State Co-ordination Interface Driver\u003e on acpi0\ngic0: \u003cARM Generic Interrupt Controller v3.0\u003e iomem 0xffff0000-0x10000ffff,0xeffee000-0xf000dfff,0xf000e000-0xf002dfff,0xf002e000-0xf004dfff,0xf004e000-0xf006dfff on acpi0\ngeneric_timer0: \u003cARM Generic Timer\u003e irq 4,5,6 on acpi0\nTimecounter \"ARM MPCore Timecounter\" frequency 25000000 Hz quality 1000\nEvent timer \"ARM MPCore Eventtimer\" frequency 25000000 Hz quality 1000\nefirtc0: \u003cEFI Realtime Clock\u003e\nefirtc0: registered as a time-of-day clock, resolution 1.000000s\npanic: ram_attach: resource 7 failed to attach\ncpuid = 0\ntime = 1\nKDB: stack backtrace:\ndb_trace_self() at db_trace_self\ndb_trace_self_wrapper() at db_trace_self_wrapper+0x30\nvpanic() at vpanic+0x13c\npanic() at panic+0x44\nram_attach() at ram_attach+0x1ac\ndevice_attach() at device_attach+0x3f8\ndevice_probe_and_attach() at device_probe_and_attach+0x7c\nbus_generic_new_pass() at bus_generic_new_pass+0xfc\nbus_generic_new_pass() at bus_generic_new_pass+0xac\nbus_set_pass() at bus_set_pass+0x4c\nmi_startup() at mi_startup+0x1fc\nvirtdone() at virtdone+0x6c\nKDB: enter: panic\n[ thread pid 0 tid 100000 ]\nStopped at      kdb_enter+0x44: undefined       f900027f"
}