{
 "id": 1247162,
 "bug_id": 269581,
 "attachment_id": 0,
 "creation_time": "2023-02-16T11:13:39Z",
 "creator": "schakrabarti@microsoft.com",
 "text": "Sometime during provisioning arm64 Azure image in Azure, the boot is getting stuck at Starting file system checks:\nInvalid signature in boot block: 0000\n\nAttached whole boot log for reference:\nLoading /boot/loader.conf.local\n|\b/\b-\b\\\b|\b\u001bc/\b-\bLoading kernel...\n\\\b|\b/\b-\b\\\b|\b/boot/kernel/kernel text=0x2a8 text=0x88c8d0 /\b-\btext=0x26c62c \\\bdata=0x1cb138 data=0x0+0x354000 |\b0x8+0x146418+0x8+0x16e88c\nLoading configured modules...\n/\b-\b/boot/kernel/mlx5en.ko text=0x12eb1 text=0x17d8c data=0x3048+0x8 0x8+0x40b0+0x8+0x2c8a\nloading required module 'mlx5'\n\\\b|\b/boot/kernel/mlx5.ko text=0x14274 text=0x24f8c data=0x2380+0x4a0 0x8+0x59e8+0x8+0x450f\nloading required module 'mlxfw'\n/\b-\b/boot/kernel/mlxfw.ko text=0x143a text=0x16b4 data=0x2e8 0x8+0x7f8+0x8+0x47f\nloading required module 'xz'\n\\\b/boot/kernel/xz.ko text=0xc10 text=0x2660 data=0x308+0xc00 0x8+0x978+0x8+0x478\nloading required module 'linuxkpi'\n|\b/\b/boot/kernel/linuxkpi.ko text=0x11cad text=0x1baa0 data=0x2f30+0x2920 0x8+0x8af0+0x8+0x6854\nloading required module 'backlight'\n-\b\\\b/boot/kernel/backlight.ko text=0xc66 text=0x598 data=0x3b0+0x28 0x8+0x7c8+0x8+0x44c\nloading required module 'iicbb'\n|\b/\b/boot/kernel/iicbb.ko text=0x18d8 text=0x1348 data=0x570+0x4 0x8+0xca8+0x8+0x845\n-\b/boot/kernel/zfs.ko text=0xe5adc \\\btext=0x21c814 data=0x2a8b0+0xab684 0x8+0x348a8+0x8+0x2dfec\n|\b/\b/boot/kernel/mlx4en.ko text=0x7d0c text=0xda74 data=0xab8+0xc 0x8+0x2460+0x8+0x19a7\nloading required module 'mlx4'\n-\b\\\b/boot/kernel/mlx4.ko text=0x11004 text=0x36ccc data=0x1be0+0x79 0x8+0x50e8+0x8+0x3f3b\n|\b/\bcan't find '/etc/hostid'\n-\b\\\bcan't find '/boot/entropy'\n\nBooting [/boot/kernel/kernel]...\n|\bNo valid device tree blob found!\nWARNING! Trying to fire up the kernel, but no device tree blob found!\nEFI framebuffer information:\naddr, size 0x40000000, 0x800000\ndimensions 1024 x 768\nstride 1024\nmasks 0x00ff0000, 0x0000ff00, 0x000000ff, 0xff000000\n---\u003c\u003cBOOT\u003e\u003e---\nGDB: no debug ports present\nKDB: debugger backends: ddb\nKDB: current backend: ddb\nCopyright (c) 1992-2023 The FreeBSD Project.\nCopyright (c) 1979, 1980, 1983, 1986, 1988, 1989, 1991, 1992, 1993, 1994\nThe Regents of the University of California. All rights reserved.\nFreeBSD is a registered trademark of The FreeBSD Foundation.\nFreeBSD 14.0-CURRENT #0 main-n260584-edfc7d6e5b5b: Sun Feb 5 16:23:49 UTC 2023\nroot@build-current:/usr/obj/usr/src/arm64.aarch64/sys/GENERIC arm64\nFreeBSD clang version 14.0.5 (https://github.com/llvm/llvm-project.git llvmorg-14.0.5-0-gc12386ae247c)\nWARNING: WITNESS option enabled, expect reduced performance.\nSRAT: Ignoring memory at addr 0x1100000000\nSRAT: Ignoring memory at addr 0x10000000000\nSRAT: Ignoring memory at addr 0x20000000000\nSRAT: Ignoring memory at addr 0x40000000000\nSRAT: Ignoring memory at addr 0x80000000000\nSRAT: Ignoring memory at addr 0x100000000000\nSRAT: Ignoring memory at addr 0x200000000000\nSRAT: Ignoring memory at addr 0x400000000000\nSRAT: Ignoring memory at addr 0x800000000000\nVT(efifb): resolution 1024x768\nmodule scmi already present!\nmodule firmware already present!\nreal memory = 68719308800 (65535 MB)\navail memory = 66970431488 (63867 MB)\nStarting CPU 1 (1)\nStarting CPU 2 (2)\nStarting CPU 3 (3)\nStarting CPU 4 (4)\nStarting CPU 5 (5)\nStarting CPU 6 (6)\nStarting CPU 7 (7)\nStarting CPU 8 (8)\nStarting CPU 9 (9)\nStarting CPU 10 (a)\nStarting CPU 11 (b)\nStarting CPU 12 (c)\nStarting CPU 13 (d)\nStarting CPU 14 (e)\nStarting CPU 15 (f)\nStarting CPU 16 (100)\nStarting CPU 17 (101)\nStarting CPU 18 (102)\nStarting CPU 19 (103)\nStarting CPU 20 (104)\nStarting CPU 21 (105)\nStarting CPU 22 (106)\nStarting CPU 23 (107)\nStarting CPU 24 (108)\nStarting CPU 25 (109)\nStarting CPU 26 (10a)\nStarting CPU 27 (10b)\nStarting CPU 28 (10c)\nStarting CPU 29 (10d)\nStarting CPU 30 (10e)\nStarting CPU 31 (10f)\nFreeBSD/SMP: Multiprocessor System Detected: 32 CPUs\narc4random: WARNING: initial seeding bypassed the cryptographic random device because it was not yet seeded and the knob 'bypass_before_seeding' was enabled.\nrandom: entropy device external interface\nMAP 3ec85000 mode 2 pages 41\nMAP 3fd2e000 mode 2 pages 48\nMAP 3fd5e000 mode 2 pages 36\nMAP effed000 mode 0 pages 1\nkbd0 at kbdmux0\nacpi0: \u003cVRTUAL MICROSFT\u003e\nacpi0: Could not update all GPEs: AE_NOT_CONFIGURED\npsci0: \u003cARM Power State Co-ordination Interface Driver\u003e on acpi0\ngic0: \u003cARM Generic Interrupt Controller v3.0\u003e iomem 0xffff0000-0x10000ffff,0xeffee000-0xf000dfff,0xf000e000-0xf002dfff,0xf002e000-0xf004dfff,0xf004e000-0xf006dfff,0xf006e000-0xf008dfff,0xf008e000-0xf00adfff,0xf00ae000-0xf00cdfff,0xf00ce000-0xf00edfff,0xf00ee000-0xf010dfff,0xf010e000-0xf012dfff,0xf012e000-0xf014dfff,0xf014e000-0xf016dfff,0xf016e000-0xf018dfff,0xf018e000-0xf01adfff,0xf01ae000-0xf01cdfff,0xf01ce000-0xf01edfff,0xf01ee000-0xf020dfff,0xf020e000-0xf022dfff,0xf022e000-0xf024dfff,0xf024e000-0xf026dfff,0xf026e000-0xf028dfff,0xf028e000-0xf02adfff,0xf02ae000-0xf02cdfff,0xf02ce000-0xf02edfff,0xf02ee000-0xf030dfff,0xf030e000-0xf032dfff,0xf032e000-0xf034dfff,0xf034e000-0xf036dfff,0xf036e000-0xf038dfff,0xf038e000-0xf03adfff,0xf03ae000-0xf03cdfff,0xf03ce000-0xf03edfff on acpi0\ngeneric_timer0: \u003cARM Generic Timer\u003e irq 4,5,6 on acpi0\nTimecounter \"ARM MPCore Timecounter\" frequency 25000000 Hz quality 1000\nEvent timer \"ARM MPCore Eventtimer\" frequency 25000000 Hz quality 1000\nefirtc0: \u003cEFI Realtime Clock\u003e\nefirtc0: registered as a time-of-day clock, resolution 1.000000s\npmu0: \u003cPerformance Monitoring Unit\u003e on acpi0\ncpu0: \u003cACPI CPU\u003e on acpi0\nacpi_syscontainer0: \u003cSystem Container\u003e on acpi0\nvmbus0: \u003cHyper-V Vmbus\u003e on acpi_syscontainer0\nvmgenc0: \u003cVM Generation Counter\u003e on acpi0\nacpi_ged0: \u003cGeneric Event Device\u003e irq 3 on acpi0\nacpi_ged0: Raw IRQ 35\nuart0: \u003cPrimeCell UART (PL011)\u003e iomem 0xeffec000-0xeffecfff irq 0 on acpi0\nuart0: console (115200,n,8,1)\nuart1: \u003cPrimeCell UART (PL011)\u003e iomem 0xeffeb000-0xeffebfff irq 1 on acpi0\nvmbus_res0: \u003cHyper-V Vmbus Resource\u003e irq 2 on acpi0\narmv8crypto0: \u003cAES-CBC,AES-XTS,AES-GCM\u003e\nTimecounters tick every 1.000 msec\nZFS filesystem version: 5\nZFS storage pool version: features support (5000)\n[nl_generic] genl_register_family: Registered family nlctrl id 16\n[nl_generic] genl_register_cmds: Adding cmd GETFAMILY(3) to family nlctrl\nusb_needs_explore_all: no devclass\nvmbus0: irq 0x2, vector 0 end 0x2\nvmbus0: the irq 18\nvmbus0: version 4.0\nhvheartbeat0: \u003cHyper-V Heartbeat\u003e on vmbus0\nhvkvp0: \u003cHyper-V KVP\u003e on vmbus0\nhvshutdown0: \u003cHyper-V Shutdown\u003e on vmbus0\nhvtimesync0: \u003cHyper-V Timesync\u003e on vmbus0\nhn0: \u003cHyper-V Network Interface\u003e on vmbus0\nhn0: Ethernet address: 00:0d:3a:06:92:c8\nstorvsc0: \u003cHyper-V SCSI\u003e on vmbus0\nhn0: link state changed to UP\nstorvsc1: \u003cHyper-V SCSI\u003e on vmbus0\nCPU 0: ARM Neoverse-N1 r3p1 affinity: 0 0\nCache Type = \u003c64 byte D-cacheline,64 byte I-cacheline,PIPT ICache,64 byte ERG,64 byte CWG,IDC,DIC\u003e\nInstruction Set Attributes 0 = \u003cDP,RDM,Atomic,CRC32,SHA2,SHA1,AES+PMULL\u003e\nTrying to mount root from zfs:zroot/ROOT/default []...\nInstruction Set Attributes 1 = \u003cRCPC-8.3,DCPoP\u003e\nInstruction Set Attributes 2 = \u003c\u003e\nProcessor Features 0 = \u003cCSV2,GIC,AdvSIMD+HP,FP+HP,EL3,EL2,EL1,EL0 32\u003e\nProcessor Features 1 = \u003c\u003e\nMemory Model Features 0 = \u003cTGran4,TGran64,TGran16,16bit ASID,256TB PA\u003e\nMemory Model Features 1 = \u003cPAN+ATS1E1,8bit VMID,HAF+DS\u003e\nMemory Model Features 2 = \u003c32bit CCIDX,48bit VA,UAO\u003e\nDebug Features 0 = \u003cDoubleLock,2 CTX BKPTs,4 Watchpoints,6 Breakpoints,PMUv3 v8.1,Debugv8\u003e\nDebug Features 1 = \u003c\u003e\nAuxiliary Features 0 = \u003c\u003e\nAuxiliary Features 1 = \u003c\u003e\nAArch32 Instruction Set Attributes 5 = \u003cRDM,CRC32,SHA2,SHA1,AES+VMULL,SEVL\u003e\nAArch32 Media and VFP Features 0 = \u003cFPRound,FPSqrt,FPDivide,DP VFPv3+v4,SP VFPv3+v4,AdvSIMD\u003e\nAArch32 Media and VFP Features 1 = \u003cSIMDFMAC,FPHP Arith,SIMDHP Arith,SIMDSP,SIMDInt,SIMDLS,FPDNaN,FPFtZ\u003e\nCPU 1: ARM Neoverse-N1 r3p1 affinity: 0 1\nCPU 2: ARM Neoverse-N1 r3p1 affinity: 0 2\nCPU 3: ARM Neoverse-N1 r3p1 affinity: 0 3\nCPU 4: ARM Neoverse-N1 r3p1 affinity: 0 4\nCPU 5: ARM Neoverse-N1 r3p1 affinity: 0 5\nCPU 6: ARM Neoverse-N1 r3p1 affinity: 0 6\nCPU 7: ARM Neoverse-N1 r3p1 affinity: 0 7\nCPU 8: ARM Neoverse-N1 r3p1 affinity: 0 8\nCPU 9: ARM Neoverse-N1 r3p1 affinity: 0 9\nCPU 10: ARM Neoverse-N1 r3p1 affinity: 0 10\nCPU 11: ARM Neoverse-N1 r3p1 affinity: 0 11\nCPU 12: ARM Neoverse-N1 r3p1 affinity: 0 12\nCPU 13: ARM Neoverse-N1 r3p1 affinity: 0 13\nCPU 14: ARM Neoverse-N1 r3p1 affinity: 0 14\nCPU 15: ARM Neoverse-N1 r3p1 affinity: 0 15\nCPU 16: ARM Neoverse-N1 r3p1 affinity: 1 0\nCPU 17: ARM Neoverse-N1 r3p1 affinity: 1 1\nCPU 18: ARM Neoverse-N1 r3p1 affinity: 1 2\nCPU 19: ARM Neoverse-N1 r3p1 affinity: 1 3\nCPU 20: ARM Neoverse-N1 r3p1 affinity: 1 4\nCPU 21: ARM Neoverse-N1 r3p1 affinity: 1 5\nCPU 22: ARM Neoverse-N1 r3p1 affinity: 1 6\nCPU 23: ARM Neoverse-N1 r3p1 affinity: 1 7\nCPU 24: ARM Neoverse-N1 r3p1 affinity: 1 8\nCPU 25: ARM Neoverse-N1 r3p1 affinity: 1 9\nCPU 26: ARM Neoverse-N1 r3p1 affinity: 1 10\nCPU 27: ARM Neoverse-N1 r3p1 affinity: 1 11\nCPU 28: ARM Neoverse-N1 r3p1 affinity: 1 12\nCPU 29: ARM Neoverse-N1 r3p1 affinity: 1 13\nCPU 30: ARM Neoverse-N1 r3p1 affinity: 1 14\nCPU 31: ARM Neoverse-N1 r3p1 affinity: 1 15\nRelease APs...done\ncd0 at storvsc0 bus 0 scbus0 target 0 lun 2\ncd0: \u003cMsft Virtual DVD-ROM 1.0\u003e Removable CD-ROM SPC-3 SCSI device\ncd0: 300.000MB/s transfers\ncd0: 0MB (314 2048 byte sectors)\nda1 at storvsc0 bus 0 scbus0 target 0 lun 1\nda1: \u003cMsft Virtual Disk 1.0\u003e Fixed Direct Access SPC-3 SCSI device\nda1: 300.000MB/s transfers\nda1: Command Queueing enabled\nda1: 1228800MB (2516582400 512 byte sectors)\nda0 at storvsc0 bus 0 scbus0 target 0 lun 0\nda0: \u003cMsft Virtual Disk 1.0\u003e Fixed Direct Access SPC-3 SCSI device\nda0: 300.000MB/s transfers\nda0: Command Queueing enabled\nda0: 30753MB (62982144 512 byte sectors)\nWARNING: WITNESS option enabled, expect reduced performance.\nhn0: got notify, nvs type 128\nrandom: unblocking device.\nDual Console: Serial Primary, Video Secondary\n2023-02-14T08:06:10.028832+00:00 - init 18 - - can't directly exec /etc/rc: Permission denied\nNo suitable dump device was found.\nSetting hostuuid: d7c2fdb2-53b9-4502-a510-9d351b7950ee.\nSetting hostid: 0x62d84381.\nThis system supports ZFS pool feature flags.\n\nEnabled the following features on 'zroot':\nasync_destroy\nempty_bpobj\nlz4_compress\nmulti_vdev_crash_dump\nspacemap_histogram\nenabled_txg\nhole_birth\nextensible_dataset\nembedded_data\nbookmarks\nfilesystem_limits\nlarge_blocks\nlarge_dnode\nsha512\nskein\nedonr\nuserobj_accounting\nencryption\nproject_quota\ndevice_removal\nobsolete_counts\nzpool_checkpoint\nspacemap_v2\nallocation_classes\nresilver_defer\nbookmark_v2\nredaction_bookmarks\nredacted_datasets\nbookmark_written\nlog_spacemap\nlivelist\ndevice_rebuild\nzstd_compress\ndraid\nzilsaxattr\nhead_errlog\nblake3\n\nPool 'zroot' has the bootfs property set, you might need to update\nthe boot code. See gptzfsboot(8) and loader.efi(8) for details.\nStarting file system checks:\nInvalid signature in boot block: 0000\n/dev/gpt/efiesp: UNEXPECTED INCONSISTENCY; RUN fsck_msdosfs MANUALLY.\nTHE FOLLOWING FILE SYSTEM HAD AN UNEXPECTED INCONSISTENCY:\nmsdosfs: /dev/gpt/efiesp (/boot/efi)\nAutomatic file system check failed; help!\nERROR: ABORTING BOOT (sending SIGTERM to parent)!\n2023-02-14T08:06:13.614565+00:00 - init 1 - - /bin/sh on /etc/rc terminated abnormally, going to single user mode\nEnter full pathname of shell or RETURN for /bin/sh: hvkvp0: detached\nhvkvp0: \u003cHyper-V KVP\u003e on vmbus0"
}