{
 "id": 881940,
 "bug_id": 210044,
 "attachment_id": 0,
 "creation_time": "2016-06-05T08:26:58Z",
 "creator": "dfr@rabson.org",
 "text": "To reproduce, start an EC2 instance using a recent FreeBSD 11-CURRENT - I used ami-0709186d which is based on r297692. Select c3.2xlarge as the instance type. The instance starts but fails to get an IP address from DHCP:\n\nBooting [/boot/kernel/kernel]...               \n/\b-\b\\\b|\bGDB: no debug ports present\nKDB: debugger backends: ddb\nKDB: current backend: ddb\nCopyright (c) 1992-2016 The FreeBSD Project.\nCopyright (c) 1979, 1980, 1983, 1986, 1988, 1989, 1991, 1992, 1993, 1994\n\tThe Regents of the University of California. All rights reserved.\nFreeBSD is a registered trademark of The FreeBSD Foundation.\nFreeBSD 11.0-CURRENT #0 r297692: Fri Apr  8 03:07:13 UTC 2016\n    root@releng2.nyi.freebsd.org:/usr/obj/usr/src/sys/GENERIC amd64\nFreeBSD clang version 3.8.0 (tags/RELEASE_380/final 262564) (based on LLVM 3.8.0)\nWARNING: WITNESS option enabled, expect reduced performance.\nVT(vga): text 80x25\nXEN: Hypervisor version 4.2 detected.\nCPU: Intel(R) Xeon(R) CPU E5-2680 v2 @ 2.80GHz (2793.32-MHz K8-class CPU)\n  Origin=\"GenuineIntel\"  Id=0x306e4  Family=0x6  Model=0x3e  Stepping=4\n  Features=0x1783fbff\u003cFPU,VME,DE,PSE,TSC,MSR,PAE,MCE,CX8,APIC,SEP,MTRR,PGE,MCA,CMOV,PAT,PSE36,MMX,FXSR,SSE,SSE2,HTT\u003e\n  Features2=0xffba2203\u003cSSE3,PCLMULQDQ,SSSE3,CX16,PCID,SSE4.1,SSE4.2,x2APIC,POPCNT,TSCDLT,AESNI,XSAVE,OSXSAVE,AVX,F16C,RDRAND,HV\u003e\n  AMD Features=0x28100800\u003cSYSCALL,NX,RDTSCP,LM\u003e\n  AMD Features2=0x1\u003cLAHF\u003e\n  Structured Extended Features=0x200\u003cERMS\u003e\n  XSAVE Features=0x1\u003cXSAVEOPT\u003e\nHypervisor: Origin = \"XenVMMXenVMM\"\nreal memory  = 16106127360 (15360 MB)\navail memory = 15552671744 (14832 MB)\nEvent timer \"LAPIC\" quality 400\nACPI APIC Table: \u003cXen HVM\u003e\nFreeBSD/SMP: Multiprocessor System Detected: 8 CPUs\nFreeBSD/SMP: 1 package(s) x 4 core(s) x 2 hardware threads\nioapic0: Changing APIC ID to 1\nMADT: Forcing active-low polarity and level trigger for SCI\nioapic0 \u003cVersion 1.1\u003e irqs 0-47 on motherboard\nrandom: entropy device external interface\nkbd1 at kbdmux0\nnetmap: loaded module\nmodule_register_init: MOD_LOAD (vesa, 0xffffffff80f09eb0, 0) error 19\nrandom: registering fast source Intel Secure Key RNG\nrandom: fast provider: \"Intel Secure Key RNG\"\nvtvga0: \u003cVT VGA driver\u003e on motherboard\ncryptosoft0: \u003csoftware crypto\u003e on motherboard\nacpi0: \u003cXen\u003e on motherboard\nacpi0: Power Button (fixed)\nacpi0: Sleep Button (fixed)\ncpu0: \u003cACPI CPU\u003e on acpi0\ncpu1: \u003cACPI CPU\u003e on acpi0\ncpu2: \u003cACPI CPU\u003e on acpi0\ncpu3: \u003cACPI CPU\u003e on acpi0\ncpu4: \u003cACPI CPU\u003e on acpi0\ncpu5: \u003cACPI CPU\u003e on acpi0\ncpu6: \u003cACPI CPU\u003e on acpi0\ncpu7: \u003cACPI CPU\u003e on acpi0\nhpet0: \u003cHigh Precision Event Timer\u003e iomem 0xfed00000-0xfed003ff on acpi0\nTimecounter \"HPET\" frequency 62500000 Hz quality 950\nattimer0: \u003cAT timer\u003e port 0x40-0x43 irq 0 on acpi0\nTimecounter \"i8254\" frequency 1193182 Hz quality 0\nEvent timer \"i8254\" frequency 1193182 Hz quality 100\natrtc0: \u003cAT realtime clock\u003e port 0x70-0x71 irq 8 on acpi0\nEvent timer \"RTC\" frequency 32768 Hz quality 0\nTimecounter \"ACPI-fast\" frequency 3579545 Hz quality 900\nacpi_timer0: \u003c32-bit timer at 3.579545MHz\u003e port 0xb008-0xb00b on acpi0\npcib0: \u003cACPI Host-PCI bridge\u003e port 0xcf8-0xcff on acpi0\npci0: \u003cACPI PCI bus\u003e on pcib0\nisab0: \u003cPCI-ISA bridge\u003e at device 1.0 on pci0\nisa0: \u003cISA bus\u003e on isab0\natapci0: \u003cIntel PIIX3 WDMA2 controller\u003e port 0x1f0-0x1f7,0x3f6,0x170-0x177,0x376,0xc100-0xc10f at device 1.1 on pci0\nata0: \u003cATA channel\u003e at channel 0 on atapci0\nata1: \u003cATA channel\u003e at channel 1 on atapci0\npci0: \u003cbridge\u003e at device 1.3 (no driver attached)\nvgapci0: \u003cVGA-compatible display\u003e mem 0xf0000000-0xf1ffffff,0xf3008000-0xf3008fff at device 2.0 on pci0\nvgapci0: Boot video device\nixv0: \u003cIntel(R) PRO/10GbE Virtual Function Network Driver, Version - 1.4.6-k\u003e mem 0xf3000000-0xf3003fff,0xf3004000-0xf3007fff at device 3.0 on pci0\nixv0: Using MSIX interrupts with 2 vectors\nixv0: Ethernet address: 12:32:fe:54:c2:3d\nixv0: netmap queues/slots: TX 1/1024, RX 1/1024\nxenpci0: \u003cXen Platform Device\u003e port 0xc000-0xc0ff mem 0xf2000000-0xf2ffffff irq 47 at device 31.0 on pci0\natkbdc0: \u003cKeyboard controller (i8042)\u003e port 0x60,0x64 irq 1 on acpi0\natkbd0: \u003cAT Keyboard\u003e irq 1 on atkbdc0\nkbd0 at atkbd0\natkbd0: [GIANT-LOCKED]\npsm0: \u003cPS/2 Mouse\u003e irq 12 on atkbdc0\npsm0: [GIANT-LOCKED]\npsm0: model IntelliMouse Explorer, device ID 4\nfdc0: \u003cfloppy drive controller\u003e port 0x3f0-0x3f5,0x3f7 irq 6 drq 2 on acpi0\nfdc0: does not respond\ndevice_attach: fdc0 attach returned 6\nuart0: \u003c16550 or compatible\u003e port 0x3f8-0x3ff irq 4 flags 0x10 on acpi0\nuart0: console (9600,n,8,1)\nxenpv0: \u003cXen PV bus\u003e on motherboard\ngranttable0: \u003cXen Grant-table Device\u003e on xenpv0\nxen_et0: \u003cXen PV Clock\u003e on xenpv0\nEvent timer \"XENTIMER\" frequency 1000000000 Hz quality 950\nTimecounter \"XENTIMER\" frequency 1000000000 Hz quality 950\nxenstore0: \u003cXenStore\u003e on xenpv0\nevtchn0: \u003cXen event channel user-space device\u003e on xenpv0\nprivcmd0: \u003cXen privileged interface user-space device\u003e on xenpv0\ndebug0: \u003cXen debug handler\u003e on xenpv0\nvga0: \u003cGeneric ISA VGA\u003e at port 0x3c0-0x3df iomem 0xa0000-0xbffff on isa0\nfdc0: No FDOUT register!\nppc0: cannot reserve I/O port range\nTimecounters tick every 1.000 msec\nxenballoon0: \u003cXen Balloon Device\u003e on xenstore0\nxctrl0: \u003cXen Control Device\u003e on xenstore0\nxs_dev0: \u003cXenstore user-space device\u003e on xenstore0\nxenbusb_front0: \u003cXen Frontend Devices\u003e on xenstore0\nxenbusb_back0: \u003cXen Backend Devices\u003e on xenstore0\nxbd0: 10240MB \u003cVirtual Block Device\u003e at device/vbd/768 on xenbusb_front0\nxbd0: attaching as ada0\nxbd1: 81909MB \u003cVirtual Block Device\u003e at device/vbd/51728 on xenbusb_front0\nxbd1: features: flush, write_barrier\nxbd1: synchronize cache commands enabled.\nxbd2: 81909MB \u003cVirtual Block Device\u003e at device/vbd/51744 on xenbusb_front0\nxbd2: features: flush, write_barrier\nxbd2: synchronize cache commands enabled.\nSMP: AP CPU #6 Launched!\nSMP: AP CPU #3 Launched!\nSMP: AP CPU #2 Launched!\nSMP: AP CPU #4 Launched!\nSMP: AP CPU #5 Launched!\nSMP: AP CPU #1 Launched!\nSMP: AP CPU #7 Launched!\nWARNING: WITNESS option enabled, expect reduced performance.\nGEOM: ada0: the secondary GPT header is not in the last LBA.\nTrying to mount root from ufs:/dev/gpt/rootfs [rw]...\nGrowing root partition to fill device\nada0 recovered\nada0p2 resized\nsuper-block backups (for fsck_ffs -b #) at:\n 3146176, 3932672, 4719168, 5505664, 6292160, 7078656, 7865152, 8651648,\n 9438144, 10224640, 11011136, 11797632, 12584128, 13370624, 14157120, 14943616,\n 15730112, 16516608, 17303104, 18089600, 18876096, 19662592, 20449088\nSetting hostuuid: ec2cf456-7bc0-642d-8f8e-b06924c23adf.\nSetting hostid: 0x5cd99da4.\nNo suitable dump device was found.\nStarting file system checks:\n/dev/gpt/rootfs: FILE SYSTEM CLEAN; SKIPPING CHECKS\n/dev/gpt/rootfs: clean, 2217586 free (7290 frags, 276287 blocks, 0.3% fragmentation)\nMounting local file systems:.\nSetting up harvesting:[UMA],[FS_ATIME],SWI,INTERRUPT,NET_NG,NET_ETHER,NET_TUN,MOUSE,KEYBOARD,ATTACH,CACHED\nFeeding entropy:random: unblocking device.\n.\nStarting dhclient.\nixv0: link state changed to UP\nDHCPDISCOVER on ixv0 to 255.255.255.255 port 67 interval 3\nDHCPDISCOVER on ixv0 to 255.255.255.255 port 67 interval 4\nDHCPDISCOVER on ixv0 to 255.255.255.255 port 67 interval 4\nDHCPDISCOVER on ixv0 to 255.255.255.255 port 67 interval 8\nDHCPDISCOVER on ixv0 to 255.255.255.255 port 67 interval 11\nDHCPDISCOVER on ixv0 to 255.255.255.255 port 67 interval 12\nDHCPDISCOVER on ixv0 to 255.255.255.255 port 67 interval 13\nDHCPDISCOVER on ixv0 to 255.255.255.255 port 67 interval 4\nNo DHCPOFFERS received.\nNo working leases in persistent database - sleeping.\n\nStarting Network: lo0 ixv0.\nlo0: flags=8049\u003cUP,LOOPBACK,RUNNING,MULTICAST\u003e metric 0 mtu 16384\n\toptions=600003\u003cRXCSUM,TXCSUM,RXCSUM_IPV6,TXCSUM_IPV6\u003e\n\tinet6 ::1 prefixlen 128 \n\tinet6 fe80::1%lo0 prefixlen 64 scopeid 0x2 \n\tinet 127.0.0.1 netmask 0xff000000 \n\tnd6 options=21\u003cPERFORMNUD,AUTO_LINKLOCAL\u003e\n\tgroups: lo \nixv0: flags=8843\u003cUP,BROADCAST,RUNNING,SIMPLEX,MULTICAST\u003e metric 0 mtu 1500\n\toptions=405bb\u003cRXCSUM,TXCSUM,VLAN_MTU,VLAN_HWTAGGING,JUMBO_MTU,VLAN_HWCSUM,TSO4,LRO,VLAN_HWTSO\u003e\n\tether 12:32:fe:54:c2:3d\n\tinet 0.0.0.0 netmask 0xff000000 broadcast 255.255.255.255 \n\tnd6 options=29\u003cPERFORMNUD,IFDISABLED,AUTO_LINKLOCAL\u003e\n\tmedia: Ethernet autoselect\n\tstatus: active\nadd net fe80::: gateway ::1\nadd net ff02::: gateway ::1\nadd net ::ffff:0.0.0.0: gateway ::1\nadd net ::0.0.0.0: gateway ::1\nELF ldconfig path: /lib /usr/lib /usr/lib/compat\n32-bit compatibility ldconfig path: /usr/lib32\nStarting devd.\nGenerating host.conf.\nWaiting 30s for the default route interface: .............................\nFetching EC2 user-data failed.\npkg: Error fetching http://pkg.FreeBSD.org/FreeBSD:11:amd64/latest/Latest/pkg.txz: No address record\nA pre-built version of pkg could not be found for your system.\nConsider changing PACKAGESITE or installing it from ports: 'ports-mgmt/pkg'.\nBootstrapping pkg from pkg+http://pkg.FreeBSD.org/FreeBSD:11:amd64/latest, please wait...\npkg: Error fetching http://pkg.FreeBSD.org/FreeBSD:11:amd64/latest/Latest/pkg.txz: No address record\nA pre-built version of pkg could not be found for your system.\nConsider changing PACKAGESITE or installing it from ports: 'ports-mgmt/pkg'.\nBootstrapping pkg from pkg+http://pkg.FreeBSD.org/FreeBSD:11:amd64/latest, please wait...\nCreating and/or trimming log files.\nStarting syslogd.\nfreebsd-update: Firstboot freebsd-update disabled on 11.0-CURRENT\nfetch: http://169.254.169.254/latest/meta-data/block-device-mapping/: Network is unreachable\nNo ephemeral disks are available, so no swap space is being created.\nClearing /tmp (X related).\nUpdating motd:.\nMounting late file systems:.\nCreating user ec2-user\nlock order reversal:\n 1st 0xfffff8000a958418 ufs (ufs) @ /usr/src/sys/kern/vfs_syscalls.c:3389\n 2nd 0xfffffe03a5842100 bufwait (bufwait) @ /usr/src/sys/ufs/ffs/ffs_vnops.c:263\n 3rd 0xfffff80042655b78 ufs (ufs) @ /usr/src/sys/kern/vfs_subr.c:2498\nstack backtrace:\n#0 0xffffffff80a91a90 at witness_debugger+0x70\n#1 0xffffffff80a91984 at witness_checkorder+0xe54\n#2 0xffffffff80a0d1d6 at __lockmgr_args+0x4d6\n#3 0xffffffff80ce3376 at ffs_lock+0xa6\n#4 0xffffffff80fe8d90 at VOP_LOCK1_APV+0x100\n#5 0xffffffff80aff4da at _vn_lock+0x9a\n#6 0xffffffff80aefb13 at vget+0x63\n#7 0xffffffff80ae24dc at vfs_hash_get+0xcc\n#8 0xffffffff80cdea00 at ffs_vgetf+0x40\n#9 0xffffffff80cd62f1 at softdep_sync_buf+0xb51\n#10 0xffffffff80ce3f66 at ffs_syncvnode+0x256\n#11 0xffffffff80ce3210 at ffs_fsync+0x20\n#12 0xffffffff80fe7e57 at VOP_FSYNC_APV+0xf7\n#13 0xffffffff80afc180 at sys_fsync+0x170\n#14 0xffffffff80e92f6b at amd64_syscall+0x2db\n#15 0xffffffff80e7218b at Xfast_syscall+0xfb\nlock order reversal:\n 1st 0xfffffe03a5842100 bufwait (bufwait) @ /usr/src/sys/kern/vfs_bio.c:3513\n 2nd 0xfffff8000ab1b200 dirhash (dirhash) @ /usr/src/sys/ufs/ufs/ufs_dirhash.c:281\nstack backtrace:\n#0 0xffffffff80a91a90 at witness_debugger+0x70\n#1 0xffffffff80a91984 at witness_checkorder+0xe54\n#2 0xffffffff80a3cc42 at _sx_xlock+0x72\n#3 0xffffffff80ce89d7 at ufsdirhash_remove+0x37\n#4 0xffffffff80cebb87 at ufs_dirremove+0x127\n#5 0xffffffff80cf309e at ufs_rename+0x135e\n#6 0xffffffff80fe8280 at VOP_RENAME_APV+0x100\n#7 0xffffffff80afc6d8 at kern_renameat+0x4a8\n#8 0xffffffff80e92f6b at amd64_syscall+0x2db\n#9 0xffffffff80e7218b at Xfast_syscall+0xfb\nFetching SSH public key for ec2-user\nftp: Can't connect to `169.254.169.254:80': Network is unreachable\nftp: Can't connect to `169.254.169.254:http'\nFetching SSH public key failed!\nGenerating RSA host key.\n2048 SHA256:Ewe4xOV55Q6QT0RpJcafi3Xn+OOAjxpqRHfLBYVnHPs root@ (RSA)\nGenerating ECDSA host key.\n256 SHA256:LBowH/9P1OQeHw2UpIe738RJU8Vq+BnD4J5in5B5Lbc root@ (ECDSA)\nGenerating ED25519 host key.\n256 SHA256:2tYcx1kj7n0TLhymu+8AOXb6hS4AXEvllJG49UlcHWQ root@ (ED25519)\nPerforming sanity check on sshd configuration.\nCould not load host key: /etc/ssh/ssh_host_dsa_key\n\nStarting sshd.\nCould not load host key: /etc/ssh/ssh_host_dsa_key\n\nec2: #############################################################\nec2: -----BEGIN SSH HOST KEY FINGERPRINTS-----\nec2: 256 SHA256:LBowH/9P1OQeHw2UpIe738RJU8Vq+BnD4J5in5B5Lbc root@ (ECDSA)\nec2: 256 SHA256:2tYcx1kj7n0TLhymu+8AOXb6hS4AXEvllJG49UlcHWQ root@ (ED25519)\nec2: 2048 SHA256:Ewe4xOV55Q6QT0RpJcafi3Xn+OOAjxpqRHfLBYVnHPs root@ (RSA)\nec2: -----END SSH HOST KEY FINGERPRINTS-----\nec2: #############################################################\nStarting sendmail_submit.\nStarting sendmail_msp_queue.\nConfiguring vt: blanktime.\nStarting cron.\nStarting background file system checks in 60 seconds.\nmount: /dev/gpt/rootfs: Device busy\n\nSun Jun  5 08:08:52 UTC 2016\n\n\nFreeBSD/amd64 (Amnesiac) (ttyu0)\n\n\n\nlogin: Stopping cron.\nWaiting for PIDS: 781.\nStopping sshd.\nWaiting for PIDS: 721.\nStopping devd.\nWaiting for PIDS: 369.\nWriting entropy file:.\nWriting early boot entropy file:.\n.\nTerminated\nJun  5 08:13:57  syslogd: exiting on signal 15\n\nWaiting (max 60 seconds) for system process `vnlru' to stop...done\nWaiting (max 60 seconds) for system process `bufdaemon' to stop...done\nWaiting (max 60 seconds) for system process `syncer' to stop...\nSyncing disks, vnodes remaining...1 0 done\nAll buffers synced.\nlock order reversal:\n 1st 0xfffff8000a91f9a0 ufs (ufs) @ /usr/src/sys/kern/vfs_mount.c:1222\n 2nd 0xfffff8000a88b240 devfs (devfs) @ /usr/src/sys/kern/vfs_subr.c:2498\nstack backtrace:\n#0 0xffffffff80a91a90 at witness_debugger+0x70\n#1 0xffffffff80a91984 at witness_checkorder+0xe54\n#2 0xffffffff80a0d1d6 at __lockmgr_args+0x4d6\n#3 0xffffffff80ade95c at vop_stdlock+0x3c\n#4 0xffffffff80fe8d90 at VOP_LOCK1_APV+0x100\n#5 0xffffffff80aff4da at _vn_lock+0x9a\n#6 0xffffffff80aefb13 at vget+0x63\n#7 0xffffffff8090857d at devfs_allocv+0xcd\n#8 0xffffffff80908083 at devfs_root+0x43\n#9 0xffffffff80ae815f at dounmount+0x44f\n#10 0xffffffff80af1854 at vfs_unmountall+0xc4\n#11 0xffffffff80ad2a37 at bufshutdown+0x3b7\n#12 0xffffffff80a34c19 at kern_reboot+0x189\n#13 0xffffffff80a34a33 at sys_reboot+0x3e3\n#14 0xffffffff80e92f6b at amd64_syscall+0x2db\n#15 0xffffffff80e7218b at Xfast_syscall+0xfb\nUptime: 7m17s\nacpi0: Powering system off\nClose"
}