{
 "id": 1129511,
 "bug_id": 250769,
 "attachment_id": 0,
 "creation_time": "2020-11-01T03:04:12Z",
 "creator": "yuchensdgt@gmail.com",
 "text": "The normal dmesg on 12.1:\n\nCopyright (c) 1992-2019 The FreeBSD Project.\nCopyright (c) 1979, 1980, 1983, 1986, 1988, 1989, 1991, 1992, 1993, 1994\n        The Regents of the University of California. All rights reserved.\nFreeBSD is a registered trademark of The FreeBSD Foundation.\nFreeBSD 12.1-RELEASE-p10 GENERIC amd64\nFreeBSD clang version 8.0.1 (tags/RELEASE_801/final 366581) (based on LLVM 8.0.1)\nVT(vga): resolution 640x480\nCPU: Intel(R) Xeon(R) CPU E3-1230 V2 @ 3.30GHz (3303.32-MHz K8-class CPU)\n  Origin=\"GenuineIntel\"  Id=0x306a9  Family=0x6  Model=0x3a  Stepping=9\n  Features=0xbfebfbff\u003cFPU,VME,DE,PSE,TSC,MSR,PAE,MCE,CX8,APIC,SEP,MTRR,PGE,MCA,CMOV,PAT,PSE36,CLFLUSH,DTS,ACPI,MMX,FXSR,SSE,SSE2,SS,HTT,TM,PBE\u003e\n  Features2=0x7fbae3ff\u003cSSE3,PCLMULQDQ,DTES64,MON,DS_CPL,VMX,SMX,EST,TM2,SSSE3,CX16,xTPR,PDCM,PCID,SSE4.1,SSE4.2,x2APIC,POPCNT,TSCDLT,AESNI,XSAVE,OSXSAVE,AVX,F16C,RDRAND\u003e\n  AMD Features=0x28100800\u003cSYSCALL,NX,RDTSCP,LM\u003e\n  AMD Features2=0x1\u003cLAHF\u003e\n  Structured Extended Features=0x281\u003cFSGSBASE,SMEP,ERMS\u003e\n  XSAVE Features=0x1\u003cXSAVEOPT\u003e\n  VT-x: PAT,HLT,MTF,PAUSE,EPT,UG,VPID\n  TSC: P-state invariant, performance statistics\nreal memory  = 8589934592 (8192 MB)\navail memory = 8241496064 (7859 MB)\nEvent timer \"LAPIC\" quality 600\nACPI APIC Table: \u003cALASKA A M I\u003e\nFreeBSD/SMP: Multiprocessor System Detected: 8 CPUs\nFreeBSD/SMP: 1 package(s) x 4 core(s) x 2 hardware threads\nrandom: unblocking device.\nioapic0 \u003cVersion 2.0\u003e irqs 0-23 on motherboard\nLaunching APs: 1 6 2 4 7 5 3\nTimecounter \"TSC-low\" frequency 1651658072 Hz quality 1000\nCuse v0.1.36 @ /dev/cuse\nrandom: entropy device external interface\nkbd1 at kbdmux0\n000.000024 [4335] netmap_init               netmap: loaded module\n[ath_hal] loaded\nmodule_register_init: MOD_LOAD (vesa, 0xffffffff8112f0f0, 0) error 19\nrandom: registering fast source Intel Secure Key RNG\nrandom: fast provider: \"Intel Secure Key RNG\"\nnexus0\nvtvga0: \u003cVT VGA driver\u003e on motherboard\ncryptosoft0: \u003csoftware crypto\u003e on motherboard\nacpi0: \u003cALASKA A M I\u003e on motherboard\nacpi0: Power Button (fixed)\ncpu0: \u003cACPI CPU\u003e on acpi0\nhpet0: \u003cHigh Precision Event Timer\u003e iomem 0xfed00000-0xfed003ff on acpi0\nTimecounter \"HPET\" frequency 14318180 Hz quality 950\nEvent timer \"HPET\" frequency 14318180 Hz quality 550\natrtc0: \u003cAT realtime clock\u003e port 0x70-0x77 irq 8 on acpi0\natrtc0: Warning: Couldn't map I/O.\natrtc0: registered as a time-of-day clock, resolution 1.000000s\nEvent timer \"RTC\" frequency 32768 Hz quality 0\nattimer0: \u003cAT timer\u003e port 0x40-0x43,0x50-0x53 irq 0 on acpi0\nTimecounter \"i8254\" frequency 1193182 Hz quality 0\nEvent timer \"i8254\" frequency 1193182 Hz quality 100\nTimecounter \"ACPI-fast\" frequency 3579545 Hz quality 900\nacpi_timer0: \u003c24-bit timer at 3.579545MHz\u003e port 0x408-0x40b on acpi0\npcib0: \u003cACPI Host-PCI bridge\u003e port 0xcf8-0xcff on acpi0\npci0: \u003cACPI PCI bus\u003e on pcib0\npcib1: \u003cACPI PCI-PCI bridge\u003e irq 16 at device 1.0 on pci0\npci1: \u003cACPI PCI bus\u003e on pcib1\nvgapci0: \u003cVGA-compatible display\u003e port 0xe000-0xe0ff mem 0xe0000000-0xefffffff,0xf0000000-0xf01fffff,0xf7e00000-0xf7e3ffff irq 16 at device 0.0 on pci1\nvgapci0: Boot video device\nhdac0: \u003cATI (0xaaf0) HDA Controller\u003e mem 0xf7e60000-0xf7e63fff irq 17 at device 0.1 on pci1\nxhci0: \u003cIntel Panther Point USB 3.0 controller\u003e mem 0xf7f00000-0xf7f0ffff irq 16 at device 20.0 on pci0\nxhci0: 32 bytes context size, 64-bit DMA\nxhci0: Port routing mask set to 0xffffffff\nusbus0 on xhci0\nusbus0: 5.0Gbps Super Speed USB v3.0\npci0: \u003csimple comms\u003e at device 22.0 (no driver attached)\nehci0: \u003cIntel Panther Point USB 2.0 controller\u003e mem 0xf7f18000-0xf7f183ff irq 16 at device 26.0 on pci0\nusbus1: EHCI version 1.0\nusbus1 on ehci0\nusbus1: 480Mbps High Speed USB v2.0\nhdac1: \u003cIntel Panther Point HDA Controller\u003e mem 0xf7f10000-0xf7f13fff irq 22 at device 27.0 on pci0\npcib2: \u003cACPI PCI-PCI bridge\u003e irq 16 at device 28.0 on pci0\npci2: \u003cACPI PCI bus\u003e on pcib2\nre0: \u003cRealTek 8168/8111 B/C/CP/D/DP/E/F/G PCIe Gigabit Ethernet\u003e port 0xd000-0xd0ff mem 0xf0304000-0xf0304fff,0xf0300000-0xf0303fff irq 16 at device 0.0 on pci2\nre0: Using 1 MSI-X message\nre0: Chip rev. 0x2c000000\nre0: MAC rev. 0x00200000\nmiibus0: \u003cMII bus\u003e on re0\nrgephy0: \u003cRTL8169S/8110S/8211 1000BASE-T media interface\u003e PHY 1 on miibus0\nrgephy0:  none, 10baseT, 10baseT-FDX, 10baseT-FDX-flow, 100baseTX, 100baseTX-FDX, 100baseTX-FDX-flow, 1000baseT, 1000baseT-master, 1000baseT-FDX, 1000baseT-FDX-master, 1000baseT-FDX-flow, 1000baseT-FDX-flow-master, auto, auto-flow\nre0: Using defaults for TSO: 65518/35/2048\nre0: Ethernet address: 20:f4:1b:76:14:18\nre0: netmap queues/slots: TX 1/256, RX 1/256\npcib3: \u003cACPI PCI-PCI bridge\u003e irq 17 at device 28.1 on pci0\npci3: \u003cACPI PCI bus\u003e on pcib3\nahci0: \u003cMarvell 88SE9215 AHCI SATA controller\u003e port 0xc050-0xc057,0xc040-0xc043,0xc030-0xc037,0xc020-0xc023,0xc000-0xc01f mem 0xf7d40000-0xf7d407ff irq 17 at device 0.0 on pci3\nahci0: AHCI v1.00 with 4 6Gbps ports, Port Multiplier supported with FBS\nahcich0: \u003cAHCI channel\u003e at channel 0 on ahci0\nahcich1: \u003cAHCI channel\u003e at channel 1 on ahci0\nahcich2: \u003cAHCI channel\u003e at channel 2 on ahci0\nahcich3: \u003cAHCI channel\u003e at channel 3 on ahci0\npcib4: \u003cACPI PCI-PCI bridge\u003e irq 16 at device 28.4 on pci0\npci4: \u003cACPI PCI bus\u003e on pcib4\nxhci1: \u003cXHCI (generic) USB 3.0 controller\u003e mem 0xf7c00000-0xf7c00fff irq 16 at device 0.0 on pci4\nxhci1: 32 bytes context size, 64-bit DMA\nusbus2 on xhci1\nusbus2: 5.0Gbps Super Speed USB v3.0\npcib5: \u003cACPI PCI-PCI bridge\u003e irq 17 at device 28.5 on pci0\npci5: \u003cACPI PCI bus\u003e on pcib5\npcib6: \u003cACPI PCI-PCI bridge\u003e irq 17 at device 0.0 on pci5\npci6: \u003cACPI PCI bus\u003e on pcib6\npcib7: \u003cACPI PCI-PCI bridge\u003e irq 18 at device 28.6 on pci0\npci7: \u003cACPI PCI bus\u003e on pcib7\nalc0: \u003cAtheros AR8151 v2.0 PCIe Gigabit Ethernet\u003e port 0xb000-0xb07f mem 0xf7b00000-0xf7b3ffff irq 18 at device 0.0 on pci7\nalc0: 11776 Tx FIFO, 12032 Rx FIFO\nalc0: Using 1 MSI message(s).\nmiibus1: \u003cMII bus\u003e on alc0\natphy0: \u003cAtheros F1 10/100/1000 PHY\u003e PHY 0 on miibus1\natphy0:  none, 10baseT, 10baseT-FDX, 100baseTX, 100baseTX-FDX, 1000baseT-FDX, 1000baseT-FDX-master, auto, auto-flow\nalc0: Using defaults for TSO: 65518/35/2048\nalc0: Ethernet address: 90:2b:34:39:1a:75\npcib8: \u003cACPI PCI-PCI bridge\u003e irq 19 at device 28.7 on pci0\npci8: \u003cACPI PCI bus\u003e on pcib8\nahci1: \u003cMarvell 88SE9172 AHCI SATA controller\u003e port 0xa040-0xa047,0xa030-0xa033,0xa020-0xa027,0xa010-0xa013,0xa000-0xa00f mem 0xf7a10000-0xf7a101ff irq 19 at device 0.0 on pci8\nahci1: AHCI v1.00 with 2 6Gbps ports, Port Multiplier supported with FBS\nahcich4: \u003cAHCI channel\u003e at channel 0 on ahci1\nahcich5: \u003cAHCI channel\u003e at channel 1 on ahci1\nehci1: \u003cIntel Panther Point USB 2.0 controller\u003e mem 0xf7f17000-0xf7f173ff irq 23 at device 29.0 on pci0\nusbus3: EHCI version 1.0\nusbus3 on ehci1\nusbus3: 480Mbps High Speed USB v2.0\nisab0: \u003cPCI-ISA bridge\u003e at device 31.0 on pci0\nisa0: \u003cISA bus\u003e on isab0\nahci2: \u003cIntel Panther Point AHCI SATA controller\u003e port 0xf070-0xf077,0xf060-0xf063,0xf050-0xf057,0xf040-0xf043,0xf020-0xf03f mem 0xf7f16000-0xf7f167ff irq 19 at device 31.2 on pci0\nahci2: AHCI v1.30 with 6 6Gbps ports, Port Multiplier not supported\nahcich6: \u003cAHCI channel\u003e at channel 0 on ahci2\nahcich7: \u003cAHCI channel\u003e at channel 1 on ahci2\nahcich10: \u003cAHCI channel\u003e at channel 4 on ahci2\nahcich11: \u003cAHCI channel\u003e at channel 5 on ahci2\nahciem0: \u003cAHCI enclosure management bridge\u003e at channel 2147483647 on ahci2\ndevice_attach: ahciem0 attach returned 6\nacpi_button0: \u003cPower Button\u003e on acpi0\nacpi_tz0: \u003cThermal Zone\u003e on acpi0\nacpi_tz1: \u003cThermal Zone\u003e on acpi0\norm0: \u003cISA Option ROM\u003e at iomem 0xcf000-0xd1fff pnpid ORM0000 on isa0\natkbdc0: \u003cKeyboard controller (i8042)\u003e at port 0x60,0x64 on isa0\natkbd0: \u003cAT Keyboard\u003e irq 1 on atkbdc0\nkbd0 at atkbd0\natkbd0: [GIANT-LOCKED]\natkbdc0: non-PNP ISA device will be removed from GENERIC in FreeBSD 12.\nest0: \u003cEnhanced SpeedStep Frequency Control\u003e on cpu0\nTimecounters tick every 1.000 msec\nhdacc0: \u003cATI R6xx HDA CODEC\u003e at cad 0 on hdac0\nhdaa0: \u003cATI R6xx Audio Function Group\u003e at nid 1 on hdacc0\npcm0: \u003cATI R6xx (HDMI)\u003e at nid 3 on hdaa0\npcm1: \u003cATI R6xx (HDMI)\u003e at nid 5 on hdaa0\npcm2: \u003cATI R6xx (HDMI)\u003e at nid 7 on hdaa0\npcm3: \u003cATI R6xx (HDMI)\u003e at nid 9 on hdaa0\npcm4: \u003cATI R6xx (HDMI)\u003e at nid 11 on hdaa0\npcm5: \u003cATI R6xx (HDMI)\u003e at nid 13 on hdaa0\nhdacc1: \u003cVIA VT2020 HDA CODEC\u003e at cad 2 on hdac1\nhdaa1: \u003cVIA VT2020 Audio Function Group\u003e at nid 1 on hdacc1\npcm6: \u003cVIA VT2020 (Analog 5.1+HP/2.0)\u003e at nid 36,38,37,40 and 43,41,42 on hdaa1\npcm7: \u003cVIA VT2020 (Rear-panel Digital)\u003e at nid 45 on hdaa1\npcm8: \u003cVIA VT2020 (Rear-panel Digital)\u003e at nid 46 on hdaa1\nugen1.1: \u003cIntel EHCI root HUB\u003e at usbus1\nugen0.1: \u003c0x8086 XHCI root HUB\u003e at usbus0\nugen2.1: \u003c0x1106 XHCI root HUB\u003e at usbus2\nugen3.1: \u003cIntel EHCI root HUB\u003e at usbus3\nuhub0: \u003cIntel EHCI root HUB, class 9/0, rev 2.00/1.00, addr 1\u003e on usbus1\nuhub2: \u003c0x8086 XHCI root HUB, class 9/0, rev 3.00/1.00, addr 1\u003e on usbus0\nuhub3: \u003c0x1106 XHCI root HUB, class 9/0, rev 3.00/1.00, addr 1\u003e on usbus2\nuhub1: \u003cIntel EHCI root HUB, class 9/0, rev 2.00/1.00, addr 1\u003e on usbus3\nada0 at ahcich0 bus 0 scbus0 target 0 lun 0\nada0: \u003cWDC WD40EZRX-00SPEB0 80.00A80\u003e ACS-2 ATA SATA 3.x device\nada0: Serial Number WD-WCC4E7AZX2XX\nada0: 600.000MB/s transfers (SATA 3.x, UDMA6, PIO 8192bytes)\nada0: Command Queueing enabled\nada0: 3815447MB (7814037168 512 byte sectors)\nada0: quirks=0x1\u003c4K\u003e\nada1 at ahcich1 bus 0 scbus1 target 0 lun 0\nada1: \u003cST4000DM005-2DP166 0001\u003e ACS-3 ATA SATA 3.x device\nada1: Serial Number WDH1P8T2\nada1: 600.000MB/s transfers (SATA 3.x, UDMA6, PIO 8192bytes)\nada1: Command Queueing enabled\nada1: 3815447MB (7814037168 512 byte sectors)\nada1: quirks=0x1\u003c4K\u003e\nada2 at ahcich2 bus 0 scbus2 target 0 lun 0\nada2: \u003cST4000DM004-2CV104 0001\u003e ACS-3 ATA SATA 3.x device\nada2: Serial Number WFN04Y93\nada2: 600.000MB/s transfers (SATA 3.x, UDMA6, PIO 8192bytes)\nada2: Command Queueing enabled\nada2: 3815447MB (7814037168 512 byte sectors)\nada2: quirks=0x1\u003c4K\u003e\nada3 at ahcich4 bus 0 scbus4 target 0 lun 0\nada3: \u003cWDC WD40EJRX-89T1XY0 80.00A80\u003e ACS-3 ATA SATA 3.x device\nada3: Serial Number WD-WCC7K1SLV1S2\nada3: 600.000MB/s transfers (SATA 3.x, UDMA6, PIO 8192bytes)\nada3: Command Queueing enabled\nada3: 3815447MB (7814037168 512 byte sectors)\nada3: quirks=0x1\u003c4K\u003e\nada4 at ahcich5 bus 0 scbus5 target 0 lun 0\nada4: \u003cWDC WD40EJRX-89T1XY0 80.00A80\u003e ACS-3 ATA SATA 3.x device\nada4: Serial Number WD-WCC7K4THAUSR\nada4: 600.000MB/s transfers (SATA 3.x, UDMA6, PIO 8192bytes)\nada4: Command Queueing enabled\nada4: 3815447MB (7814037168 512 byte sectors)\nada4: quirks=0x1\u003c4K\u003e\nada5 at ahcich6 bus 0 scbus6 target 0 lun 0\nada5: \u003cTeclast 480GB A800 R0522A0\u003e ACS-2 ATA SATA 3.x device\nada5: Serial Number AA000000000000003534\nada5: 600.000MB/s transfers (SATA 3.x, UDMA6, PIO 512bytes)\nada5: Command Queueing enabled\nada5: 457862MB (937703088 512 byte sectors)\nada6 at ahcich7 bus 0 scbus7 target 0 lun 0\nada6: \u003cAcer GT500A 480G R0423A0\u003e ACS-2 ATA SATA 3.x device\nada6: Serial Number ASG50480A8BEU90246\nada6: 600.000MB/s transfers (SATA 3.x, UDMA6, PIO 512bytes)\nada6: Command Queueing enabled\nada6: 457862MB (937703088 512 byte sectors)\nada7 at ahcich10 bus 0 scbus8 target 0 lun 0\nada7: \u003cST31000333AS CC1F\u003e ATA8-ACS SATA 2.x device\nada7: Serial Number 9TE07WDW\nada7: 300.000MB/s transfers (SATA 2.x, UDMA6, PIO 8192bytes)\nada7: Command Queueing enabled\nada7: 953869MB (1953525168 512 byte sectors)\nada8 at ahcich11 bus 0 scbus9 target 0 lun 0\nada8: \u003cST4000DM000-1F2168 CC54\u003e ACS-2 ATA SATA 3.x device\nada8: Serial Number W300WC5D\nada8: 300.000MB/s transfers (SATA 2.x, UDMA6, PIO 8192bytes)\nada8: Command Queueing enabled\nada8: 3815447MB (7814037168 512 byte sectors)\nada8: quirks=0x1\u003c4K\u003e\nTrying to mount root from ufs:/dev/ada7p12 [rw]...\nuhub3: 5 ports with 4 removable, self powered\nuhub2: 8 ports with 8 removable, self powered\nuhub0: 2 ports with 2 removable, self powered\nuhub1: 2 ports with 2 removable, self powered\nugen2.2: \u003cvendor 0x2109 USB2.0 Hub\u003e at usbus2\nuhub4 on uhub3\nuhub4: \u003cvendor 0x2109 USB2.0 Hub, class 9/0, rev 2.00/2.00, addr 1\u003e on usbus2\nuhub4: 4 ports with 4 removable, self powered\nugen1.2: \u003cvendor 0x8087 product 0x0024\u003e at usbus1\nuhub5 on uhub0\nuhub5: \u003cvendor 0x8087 product 0x0024, class 9/0, rev 2.00/0.00, addr 2\u003e on usbus1\nugen3.2: \u003cvendor 0x8087 product 0x0024\u003e at usbus3\nuhub6 on uhub1\nuhub6: \u003cvendor 0x8087 product 0x0024, class 9/0, rev 2.00/0.00, addr 2\u003e on usbus3\nWARNING: / was not properly dismounted\nuhub5: 6 ports with 6 removable, self powered\nuhub6: 8 ports with 8 removable, self powered\nugen1.3: \u003cvendor 0x046d product 0x081b\u003e at usbus1\nuaudio0 on uhub5\nuaudio0: \u003cvendor 0x046d product 0x081b, class 239/2, rev 2.00/0.10, addr 3\u003e on usbus1\nuaudio0: No playback.\nuaudio0: Record: 48000 Hz, 1 ch, 16-bit S-LE PCM format, 2x8ms buffer.\nuaudio0: Record: 32000 Hz, 1 ch, 16-bit S-LE PCM format, 2x8ms buffer.\nuaudio0: Record: 24000 Hz, 1 ch, 16-bit S-LE PCM format, 2x8ms buffer.\nuaudio0: Record: 16000 Hz, 1 ch, 16-bit S-LE PCM format, 2x8ms buffer.\nuaudio0: No MIDI sequencer.\npcm9: \u003cUSB audio\u003e on uaudio0\nuaudio0: No HID volume keys found.\nugen1.4: \u003cDell Dell Multimedia Pro Keyboard Hub\u003e at usbus1\nuhub7 on uhub5\nuhub7: \u003cDell Multimedia Pro Keyboard Hub\u003e on usbus1\nuhub7: 3 ports with 2 removable, bus powered\nugen1.5: \u003cDell Dell Multimedia Pro Keyboard\u003e at usbus1\nukbd0 on uhub7\nukbd0: \u003cDell Multimedia Pro Keyboard\u003e on usbus1\nkbd2 at ukbd0\nugen1.6: \u003cvendor 0x275d USB OPTICAL MOUSE\u003e at usbus1\n[drm] amdgpu kernel modesetting enabled.\ndrmn0: \u003cdrmn\u003e on vgapci0\nvgapci0: child drmn0 requested pci_enable_io\nvgapci0: child drmn0 requested pci_enable_io\n[drm] initializing kernel modesetting (POLARIS10 0x1002:0x67DF 0x1DA2:0xE366 0xE7).\n[drm] register mmio base: 0xF7E00000\n[drm] register mmio size: 262144\n[drm] PCI I/O BAR is not found.\n[drm] probing gen 2 caps for device 8086:151 = 261ad03/e\n[drm] probing mlw for device 1002:67df = 440903\n[drm] UVD is enabled in VM mode\n[drm] UVD ENC is enabled in VM mode\n[drm] VCE enabled in VM mode\nATOM BIOS: 113-1E3660U-O51\n[drm] vm size is 64 GB, 2 levels, block size is 10-bit, fragment size is 9-bit\ndrmn0: successfully loaded firmware image with name: amdgpu/polaris10_mc.bin\ndrmn0: VRAM: 8192M 0x000000F400000000 - 0x000000F5FFFFFFFF (8192M used)\ndrmn0: GTT: 256M 0x0000000000000000 - 0x000000000FFFFFFF\nFailed to add WC MTRR for [0xe0000000-0xefffffff]: -22; performance may suffer\n[drm] Detected VRAM RAM=8192M, BAR=256M\n[drm] RAM width 256bits GDDR5\n[TTM] Zone  kernel: Available graphics memory: 4151742 kiB\n[TTM] Zone   dma32: Available graphics memory: 2097152 kiB\n[TTM] Initializing pool allocator\n[drm] amdgpu: 8192M of VRAM memory ready\n[drm] amdgpu: 6081M of GTT memory ready.\ni_size_write unimplemented\n[drm] GART: num cpu pages 65536, num gpu pages 65536\n[drm] PCIE GART of 256M enabled (table at 0x000000F400040000).\n[drm] Supports vblank timestamp caching Rev 2 (21.10.2013).\n[drm] Driver supports precise vblank timestamp query.\n[drm] Connector DP-1: get mode from tunables:\n[drm]   - kern.vt.fb.modes.DP-1\n[drm]   - kern.vt.fb.default_mode\n[drm] Connector DP-2: get mode from tunables:\n[drm]   - kern.vt.fb.modes.DP-2\n[drm]   - kern.vt.fb.default_mode\n[drm] Connector HDMI-A-1: get mode from tunables:\n[drm]   - kern.vt.fb.modes.HDMI-A-1\n[drm]   - kern.vt.fb.default_mode\n[drm] Connector HDMI-A-2: get mode from tunables:\n[drm]   - kern.vt.fb.modes.HDMI-A-2\n[drm]   - kern.vt.fb.default_mode\n[drm] Connector DVI-D-1: get mode from tunables:\n[drm]   - kern.vt.fb.modes.DVI-D-1\n[drm]   - kern.vt.fb.default_mode\n[drm] AMDGPU Display Connectors\n[drm] Connector 0:\n[drm]   DP-1\n[drm]   HPD6\n[drm]   DDC: 0x4868 0x4868 0x4869 0x4869 0x486a 0x486a 0x486b 0x486b\n[drm]   Encoders:\n[drm]     DFP1: INTERNAL_UNIPHY2\n[drm] Connector 1:\n[drm]   DP-2\n[drm]   HPD4\n[drm]   DDC: 0x4870 0x4870 0x4871 0x4871 0x4872 0x4872 0x4873 0x4873\n[drm]   Encoders:\n[drm]     DFP2: INTERNAL_UNIPHY2\n[drm] Connector 2:\n[drm]   HDMI-A-1\n[drm]   HPD1\n[drm]   DDC: 0x486c 0x486c 0x486d 0x486d 0x486e 0x486e 0x486f 0x486f\n[drm]   Encoders:\n[drm]     DFP3: INTERNAL_UNIPHY1\n[drm] Connector 3:\n[drm]   HDMI-A-2\n[drm]   HPD5\n[drm]   DDC: 0x4874 0x4874 0x4875 0x4875 0x4876 0x4876 0x4877 0x4877\n[drm]   Encoders:\n[drm]     DFP4: INTERNAL_UNIPHY1\n[drm] Connector 4:\n[drm]   DVI-D-1\n[drm]   HPD3\n[drm]   DDC: 0x487c 0x487c 0x487d 0x487d 0x487e 0x487e 0x487f 0x487f\n[drm]   Encoders:\n[drm]     DFP5: INTERNAL_UNIPHY\ndrmn0: successfully loaded firmware image with name: amdgpu/polaris10_pfp_2.bin\ndrmn0: successfully loaded firmware image with name: amdgpu/polaris10_me_2.bin\ndrmn0: successfully loaded firmware image with name: amdgpu/polaris10_ce_2.bin\n[drm] Chained IB support enabled!\ndrmn0: successfully loaded firmware image with name: amdgpu/polaris10_rlc.bin\ndrmn0: successfully loaded firmware image with name: amdgpu/polaris10_mec_2.bin\ndrmn0: successfully loaded firmware image with name: amdgpu/polaris10_mec2_2.bin\ni_size_write unimplemented\ni_size_write unimplemented\ni_size_write unimplemented\ni_size_write unimplemented\ni_size_write unimplemented\ni_size_write unimplemented\ni_size_write unimplemented\ni_size_write unimplemented\ni_size_write unimplemented\ni_size_write unimplemented\ndrmn0: successfully loaded firmware image with name: amdgpu/polaris10_sdma.bin\ndrmn0: successfully loaded firmware image with name: amdgpu/polaris10_sdma1.bin\ni_size_write unimplemented\ni_size_write unimplemented\ndrmn0: successfully loaded firmware image with name: amdgpu/polaris10_uvd.bin\n[drm] Found UVD firmware Version: 1.130 Family ID: 16\ni_size_write unimplemented\ni_size_write unimplemented\ni_size_write unimplemented\ndrmn0: successfully loaded firmware image with name: amdgpu/polaris10_vce.bin\n[drm] Found VCE firmware Version: 53.26 Binary ID: 3\ni_size_write unimplemented\ni_size_write unimplemented\ni_size_write unimplemented\ndrmn0: successfully loaded firmware image with name: amdgpu/polaris10_k_smc.bin\n[drm] UVD and UVD ENC initialized successfully.\n[drm] VCE initialized successfully.\n[drm] fb mappable at 0xE0568000\n[drm] vram apper at 0xE0000000\n[drm] size 8294400\n[drm] fb depth is 24\n[drm]    pitch is 7680\nVT: Replacing driver \"vga\" with new \"fb\".\nstart FB_INFO:\ntype=11 height=1080 width=1920 depth=32\ncmsize=16 size=8294400\npbase=0xe0568000 vbase=0xfffff800e0568000\nname=drmn0 flags=0x0 stride=7680 bpp=32\ncmap[0]=383838 cmap[1]=e59191 cmap[2]=667f5e cmap[3]=efddad\nend FB_INFO\ndrmn0: fb0: amdgpudrmfb frame buffer device\ni_size_write unimplemented\n[drm] Initialized amdgpu 3.23.0 20150101 for drmn0 on minor 0\nlo0: link state changed to UP\nre0: link state changed to DOWN\nre0: link state changed to UP\nalc0: link state changed to DOWN\nalc0: link state changed to UP\nuhid0 on uhub7\nuhid0: \u003cDell Multimedia Pro Keyboard\u003e on usbus1\nums0 on uhub5\nums0: \u003cvendor 0x275d USB OPTICAL MOUSE, class 0/0, rev 1.10/1.00, addr 6\u003e on usbus1\nums0: 3 buttons and [XYZ] coordinates ID=0\npid 918 (sendmail), uid 25 inumber 1364366 on /var: filesystem full\npid 1148 (dbus-daemon), uid 219 inumber 722312 on /var: filesystem full\npid 1232 (dbus-daemon), uid 1001 inumber 802561 on /var: filesystem full\npid 1257 (ksmserver), uid 1001 inumber 722314 on /var: filesystem full\npid 1282 (pactl), uid 1001 inumber 722315 on /var: filesystem full\npid 1321 (tracker-store), uid 1001 inumber 722309 on /var: filesystem full\npid 1321 (tracker-store), uid 1001 inumber 722310 on /var: filesystem full\npid 1152 (bsdisks), jid 0, uid 0: exited on signal 6 (core dumped)\npid 1436 (at-spi-bus-launcher), uid 1001 inumber 882818 on /var: filesystem full\npid 1504 (dd), uid 2 inumber 1895281 on /var: filesystem full\npid 1550 (dd), uid 2 inumber 1896679 on /var: filesystem full\npid 1579 (dd), uid 2 inumber 1900536 on /var: filesystem full"
}