{
 "id": 1129702,
 "bug_id": 250769,
 "attachment_id": 0,
 "creation_time": "2020-11-02T10:57:01Z",
 "creator": "cvelbar@gmail.com",
 "text": "(In reply to Niclas Zeising from comment #8)\nI don't know how to provide a panic on a system that blanks the monitor, is not accessible through the network and records nothing in /var/crash :-/\n\nI have now tried setting debug.debugger_on_panic=0\nand in /boot/loader.conf dev.drm.skip_ddb=\"1\"\n\nHere is a dmesg from a *working* system. I'm using wayland so there is no xorg logs.\n\nOct 29 07:23:49 dhuri syslogd: kernel boot file is /boot/kernel/kernel\nOct 29 07:23:49 dhuri kernel: ---\u003c\u003cBOOT\u003e\u003e---\nOct 29 07:23:49 dhuri kernel: Copyright (c) 1992-2019 The FreeBSD Project.\nOct 29 07:23:49 dhuri kernel: Copyright (c) 1979, 1980, 1983, 1986, 1988, 1989, 1991, 1992, 1993, 1994\nOct 29 07:23:49 dhuri kernel: \tThe Regents of the University of California. All rights reserved.\nOct 29 07:23:49 dhuri kernel: FreeBSD is a registered trademark of The FreeBSD Foundation.\nOct 29 07:23:49 dhuri kernel: FreeBSD 12.1-RELEASE-p10 GENERIC amd64\nOct 29 07:23:49 dhuri kernel: FreeBSD clang version 8.0.1 (tags/RELEASE_801/final 366581) (based on LLVM 8.0.1)\nOct 29 07:23:49 dhuri kernel: VT(efifb): resolution 800x600\nOct 29 07:23:49 dhuri kernel: CPU: AMD Ryzen 5 PRO 2400G with Radeon Vega Graphics (3593.34-MHz K8-class CPU)\nOct 29 07:23:49 dhuri kernel:   Origin=\"AuthenticAMD\"  Id=0x810f10  Family=0x17  Model=0x11  Stepping=0\nOct 29 07:23:49 dhuri kernel:   Features=0x178bfbff\u003cFPU,VME,DE,PSE,TSC,MSR,PAE,MCE,CX8,APIC,SEP,MTRR,PGE,MCA,CMOV,PAT,PSE36,CLFLUSH,MMX,FXSR,SSE,SSE2,HTT\u003e\nOct 29 07:23:49 dhuri kernel:   Features2=0x7ed8320b\u003cSSE3,PCLMULQDQ,MON,SSSE3,FMA,CX16,SSE4.1,SSE4.2,MOVBE,POPCNT,AESNI,XSAVE,OSXSAVE,AVX,F16C,RDRAND\u003e\nOct 29 07:23:49 dhuri kernel:   AMD Features=0x2e500800\u003cSYSCALL,NX,MMX+,FFXSR,Page1GB,RDTSCP,LM\u003e\nOct 29 07:23:49 dhuri kernel:   AMD Features2=0x35c233ff\u003cLAHF,CMP,SVM,ExtAPIC,CR8,ABM,SSE4A,MAS,Prefetch,OSVW,SKINIT,WDT,TCE,Topology,PCXC,PNXC,DBE,PL2I,MWAITX\u003e\nOct 29 07:23:49 dhuri kernel:   Structured Extended Features=0x209c01a9\u003cFSGSBASE,BMI1,AVX2,SMEP,BMI2,RDSEED,ADX,SMAP,CLFLUSHOPT,SHA\u003e\nOct 29 07:23:49 dhuri kernel:   XSAVE Features=0xf\u003cXSAVEOPT,XSAVEC,XINUSE,XSAVES\u003e\nOct 29 07:23:49 dhuri kernel:   AMD Extended Feature Extensions ID EBX=0x1007\u003cCLZERO,IRPerf,XSaveErPtr\u003e\nOct 29 07:23:49 dhuri kernel:   SVM: NP,NRIP,VClean,AFlush,DAssist,NAsids=32768\nOct 29 07:23:49 dhuri kernel:   TSC: P-state invariant, performance statistics\nOct 29 07:23:49 dhuri kernel: real memory  = 8589934592 (8192 MB)\nOct 29 07:23:49 dhuri kernel: avail memory = 7130710016 (6800 MB)\nOct 29 07:23:49 dhuri kernel: Event timer \"LAPIC\" quality 600\nOct 29 07:23:49 dhuri kernel: ACPI APIC Table: \u003cLENOVO TC-M25  \u003e\nOct 29 07:23:49 dhuri kernel: FreeBSD/SMP: Multiprocessor System Detected: 8 CPUs\nOct 29 07:23:49 dhuri kernel: FreeBSD/SMP: 1 package(s) x 4 core(s) x 2 hardware threads\nOct 29 07:23:49 dhuri kernel: random: unblocking device.\nOct 29 07:23:49 dhuri kernel: Firmware Warning (ACPI): Optional FADT field Pm2ControlBlock has valid Length but zero Address: 0x0000000000000000/0x1 (20181213/tbfadt-796)\nOct 29 07:23:49 dhuri kernel: ioapic0 \u003cVersion 2.1\u003e irqs 0-23 on motherboard\nOct 29 07:23:49 dhuri kernel: ioapic1 \u003cVersion 2.1\u003e irqs 24-55 on motherboard\nOct 29 07:23:49 dhuri kernel: Launching APs: 4 5 2 3 6 7 1\nOct 29 07:23:49 dhuri kernel: Timecounter \"TSC-low\" frequency 1796671494 Hz quality 1000\nOct 29 07:23:49 dhuri kernel: Cuse v0.1.36 @ /dev/cuse\nOct 29 07:23:49 dhuri kernel: random: entropy device external interface\nOct 29 07:23:49 dhuri kernel: kbd1 at kbdmux0\nOct 29 07:23:49 dhuri kernel: 000.000024 [4335] netmap_init               netmap: loaded module\nOct 29 07:23:49 dhuri kernel: [ath_hal] loaded\nOct 29 07:23:49 dhuri kernel: module_register_init: MOD_LOAD (vesa, 0xffffffff8112f0f0, 0) error 19\nOct 29 07:23:49 dhuri kernel: random: registering fast source Intel Secure Key RNG\nOct 29 07:23:49 dhuri kernel: random: fast provider: \"Intel Secure Key RNG\"\nOct 29 07:23:49 dhuri kernel: nexus0\nOct 29 07:23:49 dhuri kernel: efirtc0: \u003cEFI Realtime Clock\u003e on motherboard\nOct 29 07:23:49 dhuri kernel: efirtc0: registered as a time-of-day clock, resolution 1.000000s\nOct 29 07:23:49 dhuri kernel: cryptosoft0: \u003csoftware crypto\u003e on motherboard\nOct 29 07:23:49 dhuri kernel: acpi0: \u003cLENOVO TC-M25\u003e on motherboard\nOct 29 07:23:49 dhuri kernel: acpi0: Power Button (fixed)\nOct 29 07:23:49 dhuri kernel: cpu0: \u003cACPI CPU\u003e on acpi0\nOct 29 07:23:49 dhuri kernel: attimer0: \u003cAT timer\u003e port 0x40-0x43 irq 0 on acpi0\nOct 29 07:23:49 dhuri kernel: Timecounter \"i8254\" frequency 1193182 Hz quality 0\nOct 29 07:23:49 dhuri kernel: Event timer \"i8254\" frequency 1193182 Hz quality 100\nOct 29 07:23:49 dhuri kernel: atrtc0: \u003cAT realtime clock\u003e port 0x70-0x71 on acpi0\nOct 29 07:23:49 dhuri kernel: atrtc0: registered as a time-of-day clock, resolution 1.000000s\nOct 29 07:23:49 dhuri kernel: Event timer \"RTC\" frequency 32768 Hz quality 0\nOct 29 07:23:49 dhuri kernel: hpet0: \u003cHigh Precision Event Timer\u003e iomem 0xfed00000-0xfed003ff irq 0,8 on acpi0\nOct 29 07:23:49 dhuri kernel: Timecounter \"HPET\" frequency 14318180 Hz quality 950\nOct 29 07:23:49 dhuri kernel: Event timer \"HPET\" frequency 14318180 Hz quality 350\nOct 29 07:23:49 dhuri kernel: Event timer \"HPET1\" frequency 14318180 Hz quality 350\nOct 29 07:23:49 dhuri kernel: Event timer \"HPET2\" frequency 14318180 Hz quality 350\nOct 29 07:23:49 dhuri kernel: Timecounter \"ACPI-safe\" frequency 3579545 Hz quality 850\nOct 29 07:23:49 dhuri kernel: acpi_timer0: \u003c32-bit timer at 3.579545MHz\u003e port 0x808-0x80b on acpi0\nOct 29 07:23:49 dhuri kernel: pcib0: \u003cACPI Host-PCI bridge\u003e port 0xcf8-0xcff on acpi0\nOct 29 07:23:49 dhuri kernel: pci0: \u003cACPI PCI bus\u003e on pcib0\nOct 29 07:23:49 dhuri kernel: pci0: \u003cbase peripheral, IOMMU\u003e at device 0.2 (no driver attached)\nOct 29 07:23:49 dhuri kernel: pcib1: \u003cACPI PCI-PCI bridge\u003e at device 1.2 on pci0\nOct 29 07:23:49 dhuri kernel: pci1: \u003cACPI PCI bus\u003e on pcib1\nOct 29 07:23:49 dhuri kernel: xhci0: \u003cXHCI (generic) USB 3.0 controller\u003e mem 0xfe8a0000-0xfe8a7fff at device 0.0 on pci1\nOct 29 07:23:49 dhuri kernel: xhci0: 32 bytes context size, 64-bit DMA\nOct 29 07:23:49 dhuri kernel: usbus0 on xhci0\nOct 29 07:23:49 dhuri kernel: usbus0: 5.0Gbps Super Speed USB v3.0\nOct 29 07:23:49 dhuri kernel: ahci0: \u003cAHCI SATA controller\u003e mem 0xfe880000-0xfe89ffff at device 0.1 on pci1\nOct 29 07:23:49 dhuri kernel: ahci0: AHCI v1.31 with 8 6Gbps ports, Port Multiplier supported\nOct 29 07:23:49 dhuri kernel: ahcich0: \u003cAHCI channel\u003e at channel 0 on ahci0\nOct 29 07:23:49 dhuri kernel: ahcich1: \u003cAHCI channel\u003e at channel 1 on ahci0\nOct 29 07:23:49 dhuri kernel: ahcich4: \u003cAHCI channel\u003e at channel 4 on ahci0\nOct 29 07:23:49 dhuri kernel: ahcich5: \u003cAHCI channel\u003e at channel 5 on ahci0\nOct 29 07:23:49 dhuri kernel: pcib2: \u003cACPI PCI-PCI bridge\u003e at device 0.2 on pci1\nOct 29 07:23:49 dhuri kernel: pci2: \u003cACPI PCI bus\u003e on pcib2\nOct 29 07:23:49 dhuri kernel: pcib3: \u003cACPI PCI-PCI bridge\u003e at device 0.0 on pci2\nOct 29 07:23:49 dhuri kernel: pci3: \u003cACPI PCI bus\u003e on pcib3\nOct 29 07:23:49 dhuri kernel: pcib4: \u003cACPI PCI-PCI bridge\u003e at device 1.0 on pci2\nOct 29 07:23:49 dhuri kernel: pci4: \u003cACPI PCI bus\u003e on pcib4\nOct 29 07:23:49 dhuri kernel: pcib5: \u003cACPI PCI-PCI bridge\u003e at device 4.0 on pci2\nOct 29 07:23:49 dhuri kernel: pci5: \u003cACPI PCI bus\u003e on pcib5\nOct 29 07:23:49 dhuri kernel: pcib6: \u003cACPI PCI-PCI bridge\u003e at device 5.0 on pci2\nOct 29 07:23:49 dhuri kernel: pci6: \u003cACPI PCI bus\u003e on pcib6\nOct 29 07:23:49 dhuri kernel: pcib7: \u003cACPI PCI-PCI bridge\u003e at device 6.0 on pci2\nOct 29 07:23:49 dhuri kernel: pci7: \u003cACPI PCI bus\u003e on pcib7\nOct 29 07:23:49 dhuri kernel: pcib8: \u003cPCI-PCI bridge\u003e at device 0.0 on pci7\nOct 29 07:23:49 dhuri kernel: pci8: \u003cPCI bus\u003e on pcib8\nOct 29 07:23:49 dhuri kernel: pcib9: \u003cACPI PCI-PCI bridge\u003e at device 7.0 on pci2\nOct 29 07:23:49 dhuri kernel: pci9: \u003cACPI PCI bus\u003e on pcib9\nOct 29 07:23:49 dhuri kernel: re0: \u003cRealTek 8168/8111 B/C/CP/D/DP/E/F/G PCIe Gigabit Ethernet\u003e port 0xfc00-0xfcff mem 0xfe718000-0xfe718fff,0xfe710000-0xfe713fff at device 0.0 on pci9\nOct 29 07:23:49 dhuri kernel: re0: Using 1 MSI-X message\nOct 29 07:23:49 dhuri kernel: re0: turning off MSI enable bit.\nOct 29 07:23:49 dhuri kernel: re0: ASPM disabled\nOct 29 07:23:49 dhuri kernel: re0: Chip rev. 0x50000000\nOct 29 07:23:49 dhuri kernel: re0: MAC rev. 0x00200000\nOct 29 07:23:49 dhuri kernel: miibus0: \u003cMII bus\u003e on re0\nOct 29 07:23:49 dhuri kernel: rgephy0: \u003cRTL8251/8153 1000BASE-T media interface\u003e PHY 1 on miibus0\nOct 29 07:23:49 dhuri kernel: rgephy0:  none, 10baseT, 10baseT-FDX, 10baseT-FDX-flow, 100baseTX, 100baseTX-FDX, 100baseTX-FDX-flow, 1000baseT-FDX, 1000baseT-FDX-master, 1000baseT-FDX-flow, 1000baseT-FDX-flow-master, auto, auto-flow\nOct 29 07:23:49 dhuri kernel: re0: Using defaults for TSO: 65518/35/2048\nOct 29 07:23:49 dhuri kernel: re0: Ethernet address: 00:d8:61:45:fd:b5\nOct 29 07:23:49 dhuri kernel: re0: netmap queues/slots: TX 1/256, RX 1/256\nOct 29 07:23:49 dhuri kernel: pci9: \u003csimple comms, UART\u003e at device 0.1 (no driver attached)\nOct 29 07:23:49 dhuri kernel: pci9: \u003csimple comms, UART\u003e at device 0.2 (no driver attached)\nOct 29 07:23:49 dhuri kernel: pci9: \u003cserial bus\u003e at device 0.3 (no driver attached)\nOct 29 07:23:49 dhuri kernel: ehci0: \u003cEHCI (generic) USB 2.0 controller\u003e mem 0xfe714000-0xfe714fff,0xfe700000-0xfe703fff at device 0.4 on pci9\nOct 29 07:23:49 dhuri kernel: ehci0: pre-2.0 USB revision (ignored)\nOct 29 07:23:49 dhuri kernel: usbus1: EHCI version 1.0\nOct 29 07:23:49 dhuri kernel: usbus1 on ehci0\nOct 29 07:23:49 dhuri kernel: usbus1: 480Mbps High Speed USB v2.0\nOct 29 07:23:49 dhuri kernel: pcib10: \u003cACPI PCI-PCI bridge\u003e at device 8.1 on pci0\nOct 29 07:23:49 dhuri kernel: pci10: \u003cACPI PCI bus\u003e on pcib10\nOct 29 07:23:49 dhuri kernel: vgapci0: \u003cVGA-compatible display\u003e port 0xe000-0xe0ff mem 0xe0000000-0xefffffff,0xf0000000-0xf01fffff,0xfe600000-0xfe67ffff at device 0.0 on pci10\nOct 29 07:23:49 dhuri kernel: hdac0: \u003cATI (0x15de) HDA Controller\u003e mem 0xfe6c8000-0xfe6cbfff at device 0.1 on pci10\nOct 29 07:23:49 dhuri kernel: pci10: \u003cencrypt/decrypt\u003e at device 0.2 (no driver attached)\nOct 29 07:23:49 dhuri kernel: xhci1: \u003cXHCI (generic) USB 3.0 controller\u003e mem 0xfe400000-0xfe4fffff at device 0.3 on pci10\nOct 29 07:23:49 dhuri kernel: xhci1: 64 bytes context size, 64-bit DMA\nOct 29 07:23:49 dhuri kernel: xhci1: Unable to map MSI-X table \nOct 29 07:23:49 dhuri kernel: usbus2 on xhci1\nOct 29 07:23:49 dhuri kernel: usbus2: 5.0Gbps Super Speed USB v3.0\nOct 29 07:23:49 dhuri kernel: xhci2: \u003cXHCI (generic) USB 3.0 controller\u003e mem 0xfe300000-0xfe3fffff at device 0.4 on pci10\nOct 29 07:23:49 dhuri kernel: xhci2: 64 bytes context size, 64-bit DMA\nOct 29 07:23:49 dhuri kernel: xhci2: Unable to map MSI-X table \nOct 29 07:23:49 dhuri kernel: usbus3 on xhci2\nOct 29 07:23:49 dhuri kernel: usbus3: 5.0Gbps Super Speed USB v3.0\nOct 29 07:23:49 dhuri kernel: pci10: \u003cmultimedia\u003e at device 0.5 (no driver attached)\nOct 29 07:23:49 dhuri kernel: hdac1: \u003cAMD (0x15e3) HDA Controller\u003e mem 0xfe6c0000-0xfe6c7fff at device 0.6 on pci10\nOct 29 07:23:49 dhuri kernel: pcib11: \u003cACPI PCI-PCI bridge\u003e at device 8.2 on pci0\nOct 29 07:23:49 dhuri kernel: pci11: \u003cACPI PCI bus\u003e on pcib11\nOct 29 07:23:49 dhuri kernel: ahci1: \u003cAMD KERNCZ AHCI SATA controller\u003e mem 0xfe900000-0xfe9007ff at device 0.0 on pci11\nOct 29 07:23:49 dhuri kernel: ahci1: AHCI v1.31 with 1 6Gbps ports, Port Multiplier supported with FBS\nOct 29 07:23:49 dhuri kernel: ahcich8: \u003cAHCI channel\u003e at channel 0 on ahci1\nOct 29 07:23:49 dhuri kernel: isab0: \u003cPCI-ISA bridge\u003e at device 20.3 on pci0\nOct 29 07:23:49 dhuri kernel: isa0: \u003cISA bus\u003e on isab0\nOct 29 07:23:49 dhuri kernel: acpi_button0: \u003cPower Button\u003e on acpi0\nOct 29 07:23:49 dhuri kernel: uart2: \u003c16x50 with 256 byte FIFO\u003e iomem 0xfedc9000-0xfedc9fff,0xfedc7000-0xfedc7fff irq 3 on acpi0\nOct 29 07:23:49 dhuri kernel: uart3: \u003c16x50 with 256 byte FIFO\u003e iomem 0xfedca000-0xfedcafff,0xfedc8000-0xfedc8fff irq 4 on acpi0\nOct 29 07:23:49 dhuri kernel: uart4: \u003c16x50 with 256 byte FIFO\u003e iomem 0xfedce000-0xfedcefff,0xfedcc000-0xfedccfff irq 15 on acpi0\nOct 29 07:23:49 dhuri kernel: uart5: \u003c16x50 with 256 byte FIFO\u003e iomem 0xfedcf000-0xfedcffff,0xfedcd000-0xfedcdfff irq 5 on acpi0\nOct 29 07:23:49 dhuri kernel: uart0: \u003c16550 or compatible\u003e port 0x3f8-0x3ff irq 4 flags 0x10 on acpi0\nOct 29 07:23:49 dhuri kernel: atkbdc0: \u003cKeyboard controller (i8042)\u003e port 0x60,0x64 irq 1 on acpi0\nOct 29 07:23:49 dhuri kernel: atkbd0: \u003cAT Keyboard\u003e irq 1 on atkbdc0\nOct 29 07:23:49 dhuri kernel: kbd0 at atkbd0\nOct 29 07:23:49 dhuri kernel: atkbd0: [GIANT-LOCKED]\nOct 29 07:23:49 dhuri kernel: hwpstate0: \u003cCool`n'Quiet 2.0\u003e on cpu0\nOct 29 07:23:49 dhuri kernel: Timecounters tick every 1.000 msec\nOct 29 07:23:49 dhuri kernel: hdacc0: \u003cATI R6xx HDA CODEC\u003e at cad 0 on hdac0\nOct 29 07:23:49 dhuri kernel: hdaa0: \u003cATI R6xx Audio Function Group\u003e at nid 1 on hdacc0\nOct 29 07:23:49 dhuri kernel: pcm0: \u003cATI R6xx (HDMI)\u003e at nid 3 on hdaa0\nOct 29 07:23:49 dhuri kernel: pcm1: \u003cATI R6xx (HDMI)\u003e at nid 5 on hdaa0\nOct 29 07:23:49 dhuri kernel: pcm2: \u003cATI R6xx (HDMI)\u003e at nid 7 on hdaa0\nOct 29 07:23:49 dhuri kernel: pcm3: \u003cATI R6xx (HDMI)\u003e at nid 9 on hdaa0\nOct 29 07:23:49 dhuri kernel: pcm4: \u003cATI R6xx (HDMI)\u003e at nid 11 on hdaa0\nOct 29 07:23:49 dhuri kernel: pcm5: \u003cATI R6xx (HDMI)\u003e at nid 13 on hdaa0\nOct 29 07:23:49 dhuri kernel: hdacc1: \u003cRealtek ALC662 HDA CODEC\u003e at cad 0 on hdac1\nOct 29 07:23:49 dhuri kernel: hdaa1: \u003cRealtek ALC662 Audio Function Group\u003e at nid 1 on hdacc1\nOct 29 07:23:49 dhuri kernel: pcm6: \u003cRealtek ALC662 (Rear Analog)\u003e at nid 20 and 24,26 on hdaa1\nOct 29 07:23:49 dhuri kernel: pcm7: \u003cRealtek ALC662 (Analog)\u003e at nid 21 and 25 on hdaa1\nOct 29 07:23:49 dhuri kernel: pcm8: \u003cRealtek ALC662 (Front Analog Headphones)\u003e at nid 27 on hdaa1\nOct 29 07:23:49 dhuri kernel: ugen0.1: \u003c0x1022 XHCI root HUB\u003e at usbus0\nOct 29 07:23:49 dhuri kernel: ugen1.1: \u003c(0x10ec) EHCI root HUB\u003e at usbus1\nOct 29 07:23:49 dhuri kernel: ugen3.1: \u003c0x1022 XHCI root HUB\u003e at usbus3\nOct 29 07:23:49 dhuri kernel: ugen2.1: \u003c0x1022 XHCI root HUB\u003e at usbus2\nOct 29 07:23:49 dhuri kernel: uhub0: \u003c0x1022 XHCI root HUB, class 9/0, rev 3.00/1.00, addr 1\u003e on usbus0\nOct 29 07:23:49 dhuri kernel: uhub1: \u003c(0x10ec) EHCI root HUB, class 9/0, rev 2.00/1.00, addr 1\u003e on usbus1\nOct 29 07:23:49 dhuri kernel: uhub2: \u003c0x1022 XHCI root HUB, class 9/0, rev 3.00/1.00, addr 1\u003e on usbus2\nOct 29 07:23:49 dhuri kernel: uhub3: \u003c0x1022 XHCI root HUB, class 9/0, rev 3.00/1.00, addr 1\u003e on usbus3\nOct 29 07:23:49 dhuri kernel: ada0 at ahcich0 bus 0 scbus0 target 0 lun 0\nOct 29 07:23:49 dhuri kernel: ada0: \u003cWDC WD5000LPLX-08ZNTT0 05.01A05\u003e ACS-2 ATA SATA 3.x device\nOct 29 07:23:49 dhuri kernel: ada0: Serial Number WD-WX41A494DV1N\nOct 29 07:23:49 dhuri kernel: ada0: 600.000MB/s transfers (SATA 3.x, UDMA6, PIO 8192bytes)\nOct 29 07:23:49 dhuri kernel: ada0: Command Queueing enabled\nOct 29 07:23:49 dhuri kernel: ada0: 476940MB (976773168 512 byte sectors)\nOct 29 07:23:49 dhuri kernel: cd0 at ahcich1 bus 0 scbus1 target 0 lun 0\nOct 29 07:23:49 dhuri kernel: cd0: \u003cHL-DT-ST DVDRAM GUE0N T.02\u003e Removable CD-ROM SCSI device\nOct 29 07:23:49 dhuri kernel: cd0: Serial Number KZZJ5LF5132\nOct 29 07:23:49 dhuri kernel: cd0: 150.000MB/s transfers (SATA 1.x, UDMA2, ATAPI 12bytes, PIO 8192bytes)\nOct 29 07:23:49 dhuri kernel: cd0: Attempt to query device size failed: NOT READY, Medium not present - tray closed\nOct 29 07:23:49 dhuri kernel: Trying to mount root from ufs:/dev/ada0p6 [rw]...\nOct 29 07:23:49 dhuri kernel: uhub3: 2 ports with 2 removable, self powered\nOct 29 07:23:49 dhuri kernel: uhub2: 8 ports with 8 removable, self powered\nOct 29 07:23:49 dhuri kernel: uhub1: 1 port with 1 removable, self powered\nOct 29 07:23:49 dhuri kernel: uhub0: 22 ports with 22 removable, self powered\nOct 29 07:23:49 dhuri kernel: ugen2.2: \u003cJieli Technology USB PHY 2.0\u003e at usbus2\nOct 29 07:23:49 dhuri kernel: ugen2.3: \u003cvendor 0x046d Webcam C170\u003e at usbus2\nOct 29 07:23:49 dhuri kernel: ugen0.2: \u003cLogitech Trackball\u003e at usbus0\nOct 29 07:23:49 dhuri kernel: warning: KLD '/boot/kernel/vmm.ko' is newer than the linker.hints file\nOct 29 07:23:49 dhuri kernel: AMD-Vi: IVRS Info VAsize = 64 PAsize = 48 GVAsize = 2 flags:0\nOct 29 07:23:49 dhuri kernel: ivhd0: \u003cAMD-Vi/IOMMU ivhd with EFR\u003e on acpi0\nOct 29 07:23:49 dhuri kernel: ivhd0: Flag:b0\u003cIotlbSup,Coherent\u003e\nOct 29 07:23:49 dhuri kernel: ivhd0: Features(type:0x11) MsiNumPPR = 0 PNBanks= 2 PNCounters= 0\nOct 29 07:23:49 dhuri kernel: ivhd0: Extended features[31:0]:22294ada\u003cPPRSup,NXSup,GTSup,IASup\u003e HATS = 0x2 GATS = 0x0 GLXSup = 0x1 SmiFSup = 0x1 SmiFRC = 0x2 GAMSup = 0x1 DualPortLogSup = 0x2 DualEventLogSup = 0x2\nOct 29 07:23:49 dhuri kernel: ivhd0: Extended features[62:32]:4f77ef\u003cUSSup\u003e Max PASID: 0x2f DevTblSegSup = 0x3 MarcSup = 0x1\nOct 29 07:23:49 dhuri kernel: ivhd0: supported paging level:7, will use only: 4\nOct 29 07:23:49 dhuri kernel: ivhd0: device range: 0x0 - 0xffff\nOct 29 07:23:49 dhuri kernel: ivhd0: PCI cap 0x190b640f@0x40 feature:19\u003cIOTLB,EFR,CapExt\u003e\nOct 29 07:23:49 dhuri kernel: warning: KLD '/boot/kernel/linuxkpi.ko' is newer than the linker.hints file\nOct 29 07:23:49 dhuri kernel: [drm] amdgpu kernel modesetting enabled.\nOct 29 07:23:49 dhuri kernel: drmn0: \u003cdrmn\u003e on vgapci0\nOct 29 07:23:49 dhuri kernel: vgapci0: child drmn0 requested pci_enable_io\nOct 29 07:23:49 dhuri syslogd: last message repeated 1 times\nOct 29 07:23:49 dhuri kernel: [drm] initializing kernel modesetting (RAVEN 0x1002:0x15DD 0x17AA:0x3141 0xD3).\nOct 29 07:23:49 dhuri kernel: [drm] register mmio base: 0xFE600000\nOct 29 07:23:49 dhuri kernel: [drm] register mmio size: 524288\nOct 29 07:23:49 dhuri kernel: [drm] PCI I/O BAR is not found.\nOct 29 07:23:49 dhuri kernel: ugen0.3: \u003cAmerican Power Conversion Back-UPS CS 650 FW:817.v2.I USB FW:v2\u003e at usbus0\nOct 29 07:23:49 dhuri kernel: drmn0: successfully loaded firmware image with name: amdgpu/raven_gpu_info.bin\nOct 29 07:23:49 dhuri kernel: [drm] probing gen 2 caps for device 1022:15db = 700d03/e\nOct 29 07:23:49 dhuri kernel: [drm] probing mlw for device 1002:15dd = 400d03\nOct 29 07:23:49 dhuri kernel: [drm] VCN decode is enabled in VM mode\nOct 29 07:23:49 dhuri kernel: [drm] VCN encode is enabled in VM mode\nOct 29 07:23:49 dhuri kernel: ATOM BIOS: 113-RAVEN-107\nOct 29 07:23:49 dhuri kernel: [drm] vm size is 262144 GB, 4 levels, block size is 9-bit, fragment size is 9-bit\nOct 29 07:23:49 dhuri kernel: drmn0: VRAM: 1024M 0x000000F400000000 - 0x000000F43FFFFFFF (1024M used)\nOct 29 07:23:49 dhuri kernel: drmn0: GTT: 1024M 0x000000F500000000 - 0x000000F53FFFFFFF\nOct 29 07:23:49 dhuri kernel: Successfully added WC MTRR for [0xe0000000-0xefffffff]: 0; \nOct 29 07:23:49 dhuri kernel: [drm] Detected VRAM RAM=1024M, BAR=256M\nOct 29 07:23:49 dhuri kernel: [drm] RAM width 128bits UNKNOWN\nOct 29 07:23:49 dhuri kernel: [TTM] Zone  kernel: Available graphics memory: 3613890 kiB\nOct 29 07:23:49 dhuri kernel: [TTM] Zone   dma32: Available graphics memory: 2097152 kiB\nOct 29 07:23:49 dhuri kernel: [TTM] Initializing pool allocator\nOct 29 07:23:49 dhuri kernel: [drm] amdgpu: 1024M of VRAM memory ready\nOct 29 07:23:49 dhuri kernel: [drm] amdgpu: 3072M of GTT memory ready.\nOct 29 07:23:49 dhuri kernel: i_size_write unimplemented\nOct 29 07:23:49 dhuri kernel: [drm] GART: num cpu pages 262144, num gpu pages 262144\nOct 29 07:23:49 dhuri kernel: [drm] PCIE GART of 1024M enabled (table at 0x000000F400800000).\nOct 29 07:23:49 dhuri kernel: drmn0: successfully loaded firmware image with name: amdgpu/raven_asd.bin\nOct 29 07:23:49 dhuri kernel: drmn0: successfully loaded firmware image with name: amdgpu/raven_pfp.bin\nOct 29 07:23:49 dhuri kernel: drmn0: successfully loaded firmware image with name: amdgpu/raven_me.bin\nOct 29 07:23:49 dhuri kernel: drmn0: successfully loaded firmware image with name: amdgpu/raven_ce.bin\nOct 29 07:23:49 dhuri kernel: drmn0: successfully loaded firmware image with name: amdgpu/raven_rlc.bin\nOct 29 07:23:49 dhuri kernel: drmn0: successfully loaded firmware image with name: amdgpu/raven_mec.bin\nOct 29 07:23:49 dhuri kernel: drmn0: successfully loaded firmware image with name: amdgpu/raven_mec2.bin\nOct 29 07:23:49 dhuri kernel: i_size_write unimplemented\nOct 29 07:23:49 dhuri syslogd: last message repeated 9 times\nOct 29 07:23:49 dhuri kernel: drmn0: successfully loaded firmware image with name: amdgpu/raven_sdma.bin\nOct 29 07:23:49 dhuri kernel: [drm] use_doorbell being set to: [true]\nOct 29 07:23:49 dhuri kernel: i_size_write unimplemented\nOct 29 07:23:49 dhuri kernel: drmn0: successfully loaded firmware image with name: amdgpu/raven_vcn.bin\nOct 29 07:23:49 dhuri kernel: [drm] Found VCN firmware Version: 1.144 Family ID: 28\nOct 29 07:23:49 dhuri kernel: i_size_write unimplemented\nOct 29 07:23:49 dhuri syslogd: last message repeated 2 times\nOct 29 07:23:49 dhuri kernel: [drm] Display Core initialized with v3.1.27!\nOct 29 07:23:49 dhuri kernel: [drm] Connector DP-1: get mode from tunables:\nOct 29 07:23:49 dhuri kernel: [drm]   - kern.vt.fb.modes.DP-1\nOct 29 07:23:49 dhuri kernel: [drm]   - kern.vt.fb.default_mode\nOct 29 07:23:49 dhuri kernel: [drm] SADs count is: -2, don't need to read it\nOct 29 07:23:49 dhuri kernel: [drm] Connector DP-2: get mode from tunables:\nOct 29 07:23:49 dhuri kernel: [drm]   - kern.vt.fb.modes.DP-2\nOct 29 07:23:49 dhuri kernel: [drm]   - kern.vt.fb.default_mode\nOct 29 07:23:49 dhuri kernel: [drm] SADs count is: -2, don't need to read it\nOct 29 07:23:49 dhuri kernel: [drm] Connector HDMI-A-1: get mode from tunables:\nOct 29 07:23:49 dhuri kernel: [drm]   - kern.vt.fb.modes.HDMI-A-1\nOct 29 07:23:49 dhuri kernel: [drm]   - kern.vt.fb.default_mode\nOct 29 07:23:49 dhuri kernel: [drm] Connector DP-3: get mode from tunables:\nOct 29 07:23:49 dhuri kernel: [drm]   - kern.vt.fb.modes.DP-3\nOct 29 07:23:49 dhuri kernel: [drm]   - kern.vt.fb.default_mode\nOct 29 07:23:49 dhuri kernel: [drm] Supports vblank timestamp caching Rev 2 (21.10.2013).\nOct 29 07:23:49 dhuri kernel: [drm] Driver supports precise vblank timestamp query.\nOct 29 07:23:49 dhuri kernel: [drm] VCN decode and encode initialized successfully.\nOct 29 07:23:49 dhuri kernel: [drm] fb mappable at 0xE1000000\nOct 29 07:23:49 dhuri kernel: [drm] vram apper at 0xE0000000\nOct 29 07:23:49 dhuri kernel: [drm] size 8294400\nOct 29 07:23:49 dhuri kernel: [drm] fb depth is 24\nOct 29 07:23:49 dhuri kernel: [drm]    pitch is 7680\nOct 29 07:23:49 dhuri kernel: VT: Replacing driver \"efifb\" with new \"fb\".\nOct 29 07:23:49 dhuri kernel: start FB_INFO:\nOct 29 07:23:49 dhuri kernel: type=11 height=1050 width=1680 depth=32\nOct 29 07:23:49 dhuri kernel: cmsize=16 size=8294400\nOct 29 07:23:49 dhuri kernel: pbase=0xe1000000 vbase=0xfffff800e1000000\nOct 29 07:23:49 dhuri kernel: name=drmn0 flags=0x0 stride=7680 bpp=32\nOct 29 07:23:49 dhuri kernel: cmap[0]=0 cmap[1]=7f0000 cmap[2]=7f00 cmap[3]=c4a000\nOct 29 07:23:49 dhuri kernel: end FB_INFO\nOct 29 07:23:49 dhuri kernel: drmn0: fb0: amdgpudrmfb frame buffer device\nOct 29 07:23:49 dhuri kernel: i_size_write unimplemented\nOct 29 07:23:49 dhuri kernel: drmn0: ring 0(gfx) uses VM inv eng 4 on hub 0\nOct 29 07:23:49 dhuri kernel: drmn0: ring 1(comp_1.0.0) uses VM inv eng 5 on hub 0\nOct 29 07:23:49 dhuri kernel: drmn0: ring 2(comp_1.1.0) uses VM inv eng 6 on hub 0\nOct 29 07:23:49 dhuri kernel: drmn0: ring 3(comp_1.2.0) uses VM inv eng 7 on hub 0\nOct 29 07:23:49 dhuri kernel: drmn0: ring 4(comp_1.3.0) uses VM inv eng 8 on hub 0\nOct 29 07:23:49 dhuri kernel: drmn0: ring 5(comp_1.0.1) uses VM inv eng 9 on hub 0\nOct 29 07:23:49 dhuri kernel: drmn0: ring 6(comp_1.1.1) uses VM inv eng 10 on hub 0\nOct 29 07:23:49 dhuri kernel: drmn0: ring 7(comp_1.2.1) uses VM inv eng 11 on hub 0\nOct 29 07:23:49 dhuri kernel: drmn0: ring 8(comp_1.3.1) uses VM inv eng 12 on hub 0\nOct 29 07:23:49 dhuri kernel: drmn0: ring 9(kiq_2.1.0) uses VM inv eng 13 on hub 0\nOct 29 07:23:49 dhuri kernel: drmn0: ring 10(sdma0) uses VM inv eng 4 on hub 1\nOct 29 07:23:49 dhuri kernel: drmn0: ring 11(vcn_dec) uses VM inv eng 5 on hub 1\nOct 29 07:23:49 dhuri kernel: drmn0: ring 12(vcn_enc0) uses VM inv eng 6 on hub 1\nOct 29 07:23:49 dhuri kernel: drmn0: ring 13(vcn_enc1) uses VM inv eng 7 on hub 1\nOct 29 07:23:49 dhuri kernel: [drm] Initialized amdgpu 3.23.0 20150101 for drmn0 on minor 0\nOct 29 07:23:49 dhuri kernel: bridge0: Ethernet address: 02:0c:33:6e:ad:00\nOct 29 07:23:49 dhuri kernel: tap0: Ethernet address: 00:bd:40:fe:f6:00\nOct 29 07:23:49 dhuri kernel: lo0: link state changed to UP\nOct 29 07:23:49 dhuri kernel: re0: link state changed to DOWN\nOct 29 07:23:49 dhuri kernel: re0: link state changed to UP\nOct 29 07:23:49 dhuri kernel: re0: promiscuous mode enabled\nOct 29 07:23:49 dhuri kernel: bridge0: link state changed to UP\nOct 29 07:23:49 dhuri kernel: tap0: promiscuous mode enabled\nOct 29 07:23:49 dhuri kernel: re0: link state changed to DOWN\nOct 29 07:23:49 dhuri kernel: bridge0: link state changed to DOWN\nOct 29 07:23:49 dhuri kernel: intsmb0: \u003cAMD FCH SMBus Controller\u003e at device 20.0 on pci0\nOct 29 07:23:49 dhuri kernel: smbus0: \u003cSystem Management Bus\u003e on intsmb0\nOct 29 07:23:49 dhuri kernel: re0: link state changed to UP\nOct 29 07:23:49 dhuri kernel: bridge0: link state changed to UP\nOct 29 07:23:49 dhuri kernel: uaudio0 on uhub2\nOct 29 07:23:49 dhuri kernel: uaudio0: \u003cUSB Microphone\u003e on usbus2\nOct 29 07:23:49 dhuri kernel: uaudio0: No playback.\nOct 29 07:23:49 dhuri kernel: uaudio0: Record: 48000 Hz, 1 ch, 16-bit S-LE PCM format, 2x8ms buffer.\nOct 29 07:23:49 dhuri kernel: uaudio0: Record: 44100 Hz, 1 ch, 16-bit S-LE PCM format, 2x8ms buffer.\nOct 29 07:23:49 dhuri kernel: uaudio0: Record: 16000 Hz, 1 ch, 16-bit S-LE PCM format, 2x8ms buffer.\nOct 29 07:23:49 dhuri kernel: uaudio0: Record: 8000 Hz, 1 ch, 16-bit S-LE PCM format, 2x8ms buffer.\nOct 29 07:23:49 dhuri kernel: uaudio0: No MIDI sequencer.\nOct 29 07:23:49 dhuri kernel: pcm9: \u003cUSB audio\u003e on uaudio0\nOct 29 07:23:49 dhuri kernel: uaudio0: No HID volume keys found.\nOct 29 07:23:49 dhuri kernel: uaudio1 on uhub2\nOct 29 07:23:49 dhuri kernel: uaudio1: \u003cWebcam C170\u003e on usbus2\nOct 29 07:23:49 dhuri kernel: uaudio1: No playback.\nOct 29 07:23:49 dhuri kernel: uaudio1: Record: 48000 Hz, 1 ch, 16-bit S-LE PCM format, 2x8ms buffer.\nOct 29 07:23:49 dhuri kernel: uaudio1: Record: 44100 Hz, 1 ch, 16-bit S-LE PCM format, 2x8ms buffer.\nOct 29 07:23:49 dhuri kernel: uaudio1: Record: 24000 Hz, 1 ch, 16-bit S-LE PCM format, 2x8ms buffer.\nOct 29 07:23:49 dhuri kernel: uaudio1: Record: 22050 Hz, 1 ch, 16-bit S-LE PCM format, 2x8ms buffer.\nOct 29 07:23:49 dhuri kernel: uaudio1: Record: 16000 Hz, 1 ch, 16-bit S-LE PCM format, 2x8ms buffer.\nOct 29 07:23:49 dhuri kernel: uaudio1: Record: 11025 Hz, 1 ch, 16-bit S-LE PCM format, 2x8ms buffer.\nOct 29 07:23:49 dhuri kernel: uaudio1: Record: 8000 Hz, 1 ch, 16-bit S-LE PCM format, 2x8ms buffer.\nOct 29 07:23:49 dhuri kernel: uaudio1: No MIDI sequencer.\nOct 29 07:23:49 dhuri kernel: pcm10: \u003cUSB audio\u003e on uaudio1\nOct 29 07:23:49 dhuri kernel: uaudio1: No HID volume keys found.\nOct 29 07:23:49 dhuri kernel: ums0 on uhub0\nOct 29 07:23:49 dhuri kernel: ums0: \u003cLogitech Trackball, class 0/0, rev 1.10/2.20, addr 1\u003e on usbus0\nOct 29 07:23:49 dhuri kernel: ums0: 3 buttons and [XYZ] coordinates ID=0\nOct 29 07:23:50 dhuri kernel: Security policy loaded: MAC/ntpd (mac_ntpd)\nOct 29 07:23:50 dhuri ntpd[1490]: ntpd 4.2.8p12-a (1): Starting\nOct 29 07:23:50 dhuri ntpd[1490]: Command line: /usr/sbin/ntpd -p /var/db/ntp/ntpd.pid -c /etc/ntp.conf -f /var/db/ntp/ntpd.drift\nOct 29 07:23:50 dhuri ntpd[1490]: ----------------------------------------------------\nOct 29 07:23:50 dhuri ntpd[1490]: ntp-4 is maintained by Network Time Foundation,\nOct 29 07:23:50 dhuri ntpd[1490]: Inc. (NTF), a non-profit 501(c)(3) public-benefit\nOct 29 07:23:50 dhuri ntpd[1490]: corporation.  Support and training for ntp-4 are\nOct 29 07:23:50 dhuri ntpd[1490]: available at https://www.nwtime.org/support\nOct 29 07:23:50 dhuri ntpd[1490]: ----------------------------------------------------\nOct 29 07:23:50 dhuri ntpd[1491]: leapsecond file ('/var/db/ntpd.leap-seconds.list'): good hash signature\nOct 29 07:23:50 dhuri ntpd[1491]: leapsecond file ('/var/db/ntpd.leap-seconds.list'): loaded, expire=2019-12-28T00:00:00Z last=2017-01-01T00:00:00Z ofs=37\nOct 29 07:23:50 dhuri ntpd[1491]: leapsecond file ('/var/db/ntpd.leap-seconds.list'): expired 307 days ago\nOct 29 07:23:52 dhuri kernel:  blanktime."
}