{
 "id": 1279175,
 "bug_id": 274389,
 "attachment_id": 0,
 "creation_time": "2023-10-10T01:13:25Z",
 "creator": "jailbird@fdf.net",
 "text": "I've been using this script to run an OpenBSD VM ever since bhyve landed:\n\n#!/bin/sh\nRAM=1G\nVM=vpn\nVMROOT=/usr/local/vm\nCPUS=2\n\nbhyvectl --vm=${VM} --destroy \u003e /dev/null 2\u003e\u00261\nwhile [ 1 ]; do\n        bhyve -A -D -H -P -w -S -u -c ${CPUS} -m ${RAM} \\\n-s 0,amd_hostbridge \\\n-s 3,virtio-blk,/dev/zvol/tank/vm/${VM} \\\n-s 10,virtio-net,tap0,mac=1e:17:37:23:2f:cb \\\n-s 20,virtio-rnd \\\n-s 31,lpc \\\n-l com1,stdio -l bootrom,/usr/local/share/uefi-firmware/BHYVE_UEFI.fd ${VM}\n        bhyve_exit=$?\n        if [ $bhyve_exit -ne 0 ]; then\n                break\n        fi\ndone\n\ncase $bhyve_exit in\n        0|1|2)\n                bhyvectl --vm=${VM} --destroy \u003e /dev/null 2\u003e\u00261\n                ;;\nesac\n\nexit $bhyve_exit\n\n\nThis has worked up until about a month ago. Now the VM throws \"io address conflict\" and \"can't map i/o space\" errors. Adding -W and/or -x doesn't help, and adding -Y causes the boot loader to hang.\n\nThis is what happens now:\n\nprobing: pc0 com0 com1 mem[640K 1000M 16M 3M]\ndisk: hd0\n\u003e\u003e OpenBSD/amd64 BOOTX64 3.65\nswitching console to com0\n\u003e\u003e OpenBSD/amd64 BOOTX64 3.65\nboot\u003e\nNOTE: random seed is being reused.\nbooting hd0a:/bsd: 17233228+4138000+368672+0+1241088 [1360125+128+1320504+1012965]=0x19730a0\nentry point at 0x1001000\n[ using 3694752 bytes of bsd ELF symbol table ]\nCopyright (c) 1982, 1986, 1989, 1991, 1993\n        The Regents of the University of California.  All rights reserved.\nCopyright (c) 1995-2023 OpenBSD. All rights reserved.  https://www.OpenBSD.org\n\nOpenBSD 7.3-current (GENERIC.MP) #1358: Thu Aug 31 09:39:50 MDT 2023\n    deraadt@amd64.openbsd.org:/usr/src/sys/arch/amd64/compile/GENERIC.MP\nreal mem = 1032982528 (985MB)\navail mem = 981991424 (936MB)\nrandom: good seed from bootblocks\nmpath0 at root\nscsibus0 at mpath0: 256 targets\nmainbus0 at root\nbios0 at mainbus0: SMBIOS rev. 2.8 @ 0x3fbcf000 (11 entries)\nbios0: vendor BHYVE version \"14.0\" date 10/17/2021\nbios0: FreeBSD BHYVE\nefi0 at bios0: UEFI 2.7\nefi0: BHYVE rev 0x10000\nacpi0 at bios0: ACPI 5.1\nacpi0: sleep states S5\nacpi0: tables DSDT FACP APIC HPET MCFG SPCR\nacpi0: wakeup devices\nacpitimer0 at acpi0: 3579545 Hz, 32 bits\nacpimadt0 at acpi0 addr 0xfee00000: PC-AT compat\ncpu0 at mainbus0: apid 0 (boot processor)\ncpu0: Intel(R) Xeon(R) CPU E5-2630 v3 @ 2.40GHz, 2397.78 MHz, 06-3f-02\ncpu0: FPU,VME,DE,PSE,TSC,MSR,PAE,MCE,CX8,APIC,SEP,MTRR,PGE,MCA,CMOV,PAT,PSE36,CFLUSH,MMX,FXSR,SSE,SSE2,SS,HTT,PBE,SSE3,PCLMUL,DTES64,DS-CPL,SSSE3,FMA3,CX16,xTPR,PCID,DCA,SSE4.1,SSE4.2,MOVBE,POPCNT,AES,XSAVE,AVX,F16C,RDRAND,HV,NXE,PAGE1GB,RDTSCP,LONG,LAHF,ABM,ITSC,FSGSBASE,BMI1,AVX2,SMEP,BMI2,ERMS,INVPCID,MD_CLEAR,ARAT,XSAVEOPT,MELTDOWN\ncpu0: 32KB 64b/line 8-way D-cache, 32KB 64b/line 8-way I-cache, 256KB 64b/line 8-way L2 cache, 20MB 64b/line 20-way L3 cache\ncpu0: smt 0, core 0, package 0\nmtrr: Pentium Pro MTRR support, 10 var ranges, 88 fixed ranges\ncpu0: apic clock running at 134MHz\ncpu1 at mainbus0: apid 1 (application processor)\ncpu1: Intel(R) Xeon(R) CPU E5-2630 v3 @ 2.40GHz, 2397.67 MHz, 06-3f-02\ncpu1: FPU,VME,DE,PSE,TSC,MSR,PAE,MCE,CX8,APIC,SEP,MTRR,PGE,MCA,CMOV,PAT,PSE36,CFLUSH,MMX,FXSR,SSE,SSE2,SS,HTT,PBE,SSE3,PCLMUL,DTES64,DS-CPL,SSSE3,FMA3,CX16,xTPR,PCID,DCA,SSE4.1,SSE4.2,MOVBE,POPCNT,AES,XSAVE,AVX,F16C,RDRAND,HV,NXE,PAGE1GB,RDTSCP,LONG,LAHF,ABM,ITSC,FSGSBASE,BMI1,AVX2,SMEP,BMI2,ERMS,INVPCID,MD_CLEAR,ARAT,XSAVEOPT,MELTDOWN\ncpu1: 32KB 64b/line 8-way D-cache, 32KB 64b/line 8-way I-cache, 256KB 64b/line 8-way L2 cache, 20MB 64b/line 20-way L3 cache\ncpu1: smt 0, core 0, package 1\nioapic0 at mainbus0: apid 0 pa 0xfec00000, version 11, 32 pins\nacpihpet0 at acpi0: 16777216 Hz\nacpimcfg0 at acpi0\nacpimcfg0: addr 0xe0000000, bus 0-255\nacpiprt0 at acpi0: bus 0 (PC00)\nacpipci0 at acpi0 PC00\ncom0 at acpi0 COM1 addr 0x3f8/0x8 irq 4: ns16550a, 16 byte fifo\ncom0: console\ncom1 at acpi0 COM2 addr 0x2f8/0x8 irq 3: ns16550a, 16 byte fifo\ncom2 at acpi0 COM3 addr 0x3e8/0x8 irq 4: ns16550a, 16 byte fifo\ncom3 at acpi0 COM4 addr 0x2e8/0x8 irq 3: ns16550a, 16 byte fifo\nacpicmos0 at acpi0\n\"Bhyve_V_Gen_Counter_V1\" at acpi0 not configured\ncpu0: using VERW MDS workaround\npvbus0 at mainbus0: bhyve\npci0 at mainbus0 bus 0\n0:3:0: io address conflict 0xc000/0x80\n0:10:0: io address conflict 0xc080/0x40\n0:20:0: io address conflict 0xc0c0/0x20\npchb0 at pci0 dev 0 function 0 vendor \"AMD\", unknown product 0x7432 rev 0x00\nvirtio0 at pci0 dev 3 function 0 \"Qumranet Virtio Storage\" rev 0x00virtio0: can't map i/o space\n: Cannot attach (5)\nvirtio1 at pci0 dev 10 function 0 \"Qumranet Virtio Network\" rev 0x00\nvio0 at virtio1: address 1e:17:37:23:2f:cb\nvirtio1: msix per-VQ\nvirtio2 at pci0 dev 20 function 0 \"Qumranet Virtio RNG\" rev 0x00\nviornd0 at virtio2\nvirtio2: msix per-VQ\npcib0 at pci0 dev 31 function 0 \"Intel 82371SB ISA\" rev 0x00\nisa0 at pcib0\nisadma0 at isa0\nefifb at mainbus0 not configured\nvm_run error -1, errno 5"
}