{
 "id": 593967,
 "bug_id": 153665,
 "attachment_id": 0,
 "creation_time": "2011-07-28T19:12:00Z",
 "creator": "harrycoin@aol.com",
 "text": "I've get the same problem every time trying to root mount ZFS on a pair \nof mirrored ssds off this chip in an add-on PCIex1 card: drives boot \nwhen using the motherboard ICH + ahci, drives boot off the marvell chip \nonly without ahci.ko  Only when using ahci + marvell chip does the \nproblem appear.  In that case, system reports a 'root mount error', the \nkeyboard locks tight, and the system fan starts running at full speed.\n\nI think this is because that controller has two actual ports, but the \nsystem detects 8 using ahci-- and somehow thinks one disk is connected \ntwice.\n\nController: Marvel  chip 88SE9123 REV B1, sata III PCIex1 two port \ncontroller,  sold as Koutech IO-PESA230 (vendor/device 1b4b:9123 rev 0x11).\nBox: old Dell 9150.  Using 8.2-RELEASE-p2 amd64 with ZFSv28 special \nedition \u003chttp://mfsbsd.vx.sk/iso/mfsbsd-se-8.2-zfsv28-amd64.iso\u003e from \nmfsbsd.vx.sk.\n\nAs a test, I mounted one of the ZFS mirror pair SSD's on the system's \nICH sata port, this should appear as ata channel11 - the last of 4 after \nthe 8 (should be 2) on the marvell/koutech board.  I mounted the other \non port 1 of  the Marvell chip/Koutech board.  I did a verbose boot.  \nThe SSD should appear on channel 1 of the marvell board, but it appears \ntwice I think, 1 and 7 -- and fails to load on either 1 or 7.\n\nNote the Marvell BIOS that appears at boot time correctly identifies the \nnumber of actual ports, and correctly identifies which of them has the \nSSD , and the correct ID on the SSD.\n\nHTH\nHarry Coin\n\n\nHere's the whole verbose boot dmesg:\nJul 28 11:39:34  kernel: Copyright (c) 1992-2011 The FreeBSD Project.\nJul 28 11:39:34  kernel: Copyright (c) 1979, 1980, 1983, 1986, 1988, \n1989, 1991, 1992, 1993, 1994\nJul 28 11:39:34  kernel: The Regents of the University of California. \nAll rights reserved.\nJul 28 11:39:34  kernel: FreeBSD is a registered trademark of The \nFreeBSD Foundation.\nJul 28 11:39:34  kernel: FreeBSD 8.2-RELEASE-p2 #3 r222557M: Thu Jun 16 \n23:58:02 CEST 2011\nJul 28 11:39:34  kernel: root@neo.vx.sk:/usr/obj/releng_8_2/sys/GENERIC \namd64\nJul 28 11:39:34  kernel: Preloaded elf kernel \"/boot/kernel/kernel\" at \n0xffffffff80fb9000.\nJul 28 11:39:34  kernel: Preloaded elf obj module \"/boot/kernel/zfs.ko\" \nat 0xffffffff80fb91f8.\nJul 28 11:39:34  kernel: Preloaded elf obj module \n\"/boot/kernel/opensolaris.ko\" at 0xffffffff80fb9860.\nJul 28 11:39:34  kernel: Preloaded /boot/zfs/zpool.cache \n\"/boot/zfs/zpool.cache\" at 0xffffffff80fb9e50.\nJul 28 11:39:34  kernel: Preloaded elf obj module \"/boot/kernel/ahci.ko\" \nat 0xffffffff80fb9eb0.\nJul 28 11:39:34  kernel: Timecounter \"i8254\" frequency 1193182 Hz quality 0\nJul 28 11:39:34  kernel: Calibrating TSC clock ... TSC clock: 2793093128 Hz\nJul 28 11:39:34  kernel: CPU: Intel(R) Pentium(R) D CPU 2.80GHz \n(2793.09-MHz K8-class CPU)\nJul 28 11:39:34  kernel: Origin = \"GenuineIntel\"  Id = 0xf44  Family = \nf  Model = 4  Stepping = 4\nJul 28 11:39:34  kernel: \nFeatures=0xbfebfbff\u003cFPU,VME,DE,PSE,TSC,MSR,PAE,MCE,CX8,APIC,SEP,MTRR,PGE,MCA,CMOV,PAT,PSE36,CLFLUSH,DTS,ACPI,MMX,FXSR,SSE,SSE2,SS,HTT,TM,PBE\u003e\nJul 28 11:39:34  kernel: \nFeatures2=0x641d\u003cSSE3,DTES64,MON,DS_CPL,CNXT-ID,CX16,xTPR\u003e\nJul 28 11:39:34  kernel: AMD Features=0x20100800\u003cSYSCALL,NX,LM\u003e\nJul 28 11:39:34  kernel: TSC: P-state invariant\nJul 28 11:39:34  kernel: real memory  = 4294967296 (4096 MB)\nJul 28 11:39:34  kernel: Physical memory chunk(s):\nJul 28 11:39:34  kernel: 0x0000000000001000 - 0x000000000009bfff, 634880 \nbytes (155 pages)\nJul 28 11:39:34  kernel: 0x0000000000fe8000 - 0x00000000d951efff, \n3629346816 bytes (886071 pages)\nJul 28 11:39:34  kernel: avail memory = 3604353024 (3437 MB)\nJul 28 11:39:34  kernel: ACPI APIC Table: \u003cDELL   DXP051 \u003e\nJul 28 11:39:34  kernel: INTR: Adding local APIC 1 as a target\nJul 28 11:39:34  kernel: FreeBSD/SMP: Multiprocessor System Detected: 2 CPUs\nJul 28 11:39:34  kernel: FreeBSD/SMP: 1 package(s) x 2 core(s)\nJul 28 11:39:34  kernel: cpu0 (BSP): APIC ID:  0\nJul 28 11:39:34  kernel: cpu1 (AP): APIC ID:  1\nJul 28 11:39:34  kernel: x86bios:   IVT 0x000000-0x0004ff at \n0xffffff0000000000\nJul 28 11:39:34  kernel: x86bios:  SSEG 0x010000-0x01ffff at \n0xffffff8000012000\nJul 28 11:39:34  kernel: x86bios:  EBDA 0x09e000-0x09ffff at \n0xffffff000009e000\nJul 28 11:39:34  kernel: x86bios:   ROM 0x0a0000-0x0effff at \n0xffffff00000a0000\nJul 28 11:39:34  kernel: APIC: CPU 0 has ACPI ID 1\nJul 28 11:39:34  kernel: APIC: CPU 1 has ACPI ID 2\nJul 28 11:39:34  kernel: ULE: setup cpu 0\nJul 28 11:39:34  kernel: ULE: setup cpu 1\nJul 28 11:39:34  kernel: ACPI: RSDP 0xfeb00 00024 (v02 DELL  )\nJul 28 11:39:34  kernel: ACPI: XSDT 0xfd25d 0005C (v01 DELL    DXP051  \n00000007 ASL  00000061)\nJul 28 11:39:34  kernel: ACPI: FACP 0xfd355 000F4 (v03 DELL    DXP051  \n00000007 ASL  00000061)\nJul 28 11:39:34  kernel: ACPI: DSDT 0xfffc7cbd 032F4 (v01   DELL    \ndt_ex 00001000 INTL 20050309)\nJul 28 11:39:34  kernel: ACPI: FACS 0xdfe8cc00 00040\nJul 28 11:39:34  kernel: ACPI: SSDT 0xfffcb0d2 000AC (v01   DELL    \nst_ex 00001000 INTL 20050309)\nJul 28 11:39:34  kernel: ACPI: APIC 0xfd449 00072 (v01 DELL    DXP051  \n00000007 ASL  00000061)\nJul 28 11:39:34  kernel: ACPI: BOOT 0xfd4bb 00028 (v01 DELL    DXP051  \n00000007 ASL  00000061)\nJul 28 11:39:34  kernel: ACPI: ASF! 0xfd4e3 00067 (v16 DELL    DXP051  \n00000007 ASL  00000061)\nJul 28 11:39:34  kernel: ACPI: MCFG 0xfd54a 0003E (v01 DELL    DXP051  \n00000007 ASL  00000061)\nJul 28 11:39:34  kernel: ACPI: HPET 0xfd588 00038 (v01 DELL    DXP051  \n00000007 ASL  00000061)\nJul 28 11:39:34  kernel: MADT: Found IO APIC ID 8, Interrupt 0 at 0xfec00000\nJul 28 11:39:34  kernel: ioapic0: Changing APIC ID to 8\nJul 28 11:39:34  kernel: ioapic0: Routing external 8259A's -\u003e intpin 0\nJul 28 11:39:34  kernel: MADT: Interrupt override: source 0, irq 2\nJul 28 11:39:34  kernel: ioapic0: Routing IRQ 0 -\u003e intpin 2\nJul 28 11:39:34  kernel: MADT: Interrupt override: source 9, irq 9\nJul 28 11:39:34  kernel: ioapic0: intpin 9 trigger: level\nJul 28 11:39:34  kernel: lapic: Routing NMI -\u003e LINT1\nJul 28 11:39:34  kernel: lapic: LINT1 trigger: level\nJul 28 11:39:34  kernel: lapic: LINT1 polarity: high\nJul 28 11:39:34  kernel: ioapic0 \u003cVersion 2.0\u003e irqs 0-23 on motherboard\nJul 28 11:39:34  kernel: lapic0: Forcing LINT1 to edge trigger\nJul 28 11:39:34  kernel: cpu0 BSP:\nJul 28 11:39:34  kernel: ID: 0x00000000   VER: 0x00050014 LDR: \n0x00000000 DFR: 0xffffffff\nJul 28 11:39:34  kernel: lint0: 0x00010700 lint1: 0x00008400 TPR: \n0x00000000 SVR: 0x000001ff\nJul 28 11:39:34  kernel: timer: 0x000100ef therm: 0x00010000 err: \n0x000000f0 pmc: 0x00010400\nJul 28 11:39:34  kernel: wlan: \u003c802.11 Link Layer\u003e\nJul 28 11:39:34  kernel: nfslock: pseudo-device\nJul 28 11:39:34  kernel: kbd: new array size 4\nJul 28 11:39:34  kernel: kbd1 at kbdmux0\nJul 28 11:39:34  kernel: mem: \u003cmemory\u003e\nJul 28 11:39:34  kernel: io: \u003cI/O\u003e\nJul 28 11:39:34  kernel: null: \u003cnull device, zero device\u003e\nJul 28 11:39:34  kernel: random: \u003centropy source, Software, Yarrow\u003e\nJul 28 11:39:34  kernel: hptrr: RocketRAID 17xx/2xxx SATA controller \ndriver v1.2\nJul 28 11:39:34  kernel: acpi0: \u003cDELL DXP051 \u003e on motherboard\nJul 28 11:39:34  kernel: PCIe: Memory Mapped configuration base @ 0xe0000000\nJul 28 11:39:34  kernel: ioapic0: routing intpin 9 (ISA IRQ 9) to lapic \n0 vector 48\nJul 28 11:39:34  kernel: acpi0: [MPSAFE]\nJul 28 11:39:34  kernel: acpi0: [ITHREAD]\nJul 28 11:39:34  kernel: acpi0: Power Button (fixed)\nJul 28 11:39:34  kernel: acpi0: reservation of 0, a0000 (3) failed\nJul 28 11:39:34  kernel: acpi0: reservation of 100000, f00000 (3) failed\nJul 28 11:39:34  kernel: acpi0: reservation of 1000000, dee8cc00 (3) failed\nJul 28 11:39:34  kernel: ACPI timer: 1/0 1/0 1/0 1/0 1/0 1/0 1/0 1/0 1/0 \n1/0 -\u003e 10\nJul 28 11:39:34  kernel: Timecounter \"ACPI-fast\" frequency 3579545 Hz \nquality 1000\nJul 28 11:39:34  kernel: acpi_timer0: \u003c24-bit timer at 3.579545MHz\u003e port \n0x808-0x80b on acpi0\nJul 28 11:39:34  kernel: cpu0: \u003cACPI CPU\u003e on acpi0\nJul 28 11:39:34  kernel: cpu0: switching to generic Cx mode\nJul 28 11:39:34  kernel: cpu1: \u003cACPI CPU\u003e on acpi0\nJul 28 11:39:34  kernel: pci_link0:        Index  IRQ  Rtd  Ref  IRQs\nJul 28 11:39:34  kernel: Initial Probe       0   11   N     0  3 4 5 6 7 \n9 10 11 12 15\nJul 28 11:39:34  kernel: Validation          0   11   N     0  3 4 5 6 7 \n9 10 11 12 15\nJul 28 11:39:34  kernel: After Disable       0  255   N     0  3 4 5 6 7 \n9 10 11 12 15\nJul 28 11:39:34  kernel: pci_link1:        Index  IRQ  Rtd  Ref  IRQs\nJul 28 11:39:34  kernel: Initial Probe       0   10   N     0  3 4 5 6 7 \n9 10 11 12 15\nJul 28 11:39:34  kernel: Validation          0   10   N     0  3 4 5 6 7 \n9 10 11 12 15\nJul 28 11:39:34  kernel: After Disable       0  255   N     0  3 4 5 6 7 \n9 10 11 12 15\nJul 28 11:39:34  kernel: pci_link2:        Index  IRQ  Rtd  Ref  IRQs\nJul 28 11:39:34  kernel: Initial Probe       0    4   N     0  3 4 5 6 7 \n9 10 11 12 15\nJul 28 11:39:34  kernel: Validation          0    4   N     0  3 4 5 6 7 \n9 10 11 12 15\nJul 28 11:39:34  kernel: After Disable       0  255   N     0  3 4 5 6 7 \n9 10 11 12 15\nJul 28 11:39:34  kernel: pci_link3:        Index  IRQ  Rtd  Ref  IRQs\nJul 28 11:39:34  kernel: Initial Probe       0  255   N     0  3 4 5 6 7 \n9 10 11 12 15\nJul 28 11:39:34  kernel: Validation          0  255   N     0  3 4 5 6 7 \n9 10 11 12 15\nJul 28 11:39:34  kernel: After Disable       0  255   N     0  3 4 5 6 7 \n9 10 11 12 15\nJul 28 11:39:34  kernel: pci_link4:        Index  IRQ  Rtd  Ref  IRQs\nJul 28 11:39:34  kernel: Initial Probe       0   10   N     0  3 4 5 6 7 \n9 10 11 12 15\nJul 28 11:39:34  kernel: Validation          0   10   N     0  3 4 5 6 7 \n9 10 11 12 15\nJul 28 11:39:34  kernel: After Disable       0  255   N     0  3 4 5 6 7 \n9 10 11 12 15\nJul 28 11:39:34  kernel: pci_link5:        Index  IRQ  Rtd  Ref  IRQs\nJul 28 11:39:34  kernel: Initial Probe       0    9   N     0  3 4 5 6 7 \n9 10 11 12 15\nJul 28 11:39:34  kernel: Validation          0    9   N     0  3 4 5 6 7 \n9 10 11 12 15\nJul 28 11:39:34  kernel: After Disable       0  255   N     0  3 4 5 6 7 \n9 10 11 12 15\nJul 28 11:39:34  kernel: pci_link6:        Index  IRQ  Rtd  Ref  IRQs\nJul 28 11:39:34  kernel: Initial Probe       0    5   N     0  3 4 5 6 7 \n9 10 11 12 15\nJul 28 11:39:34  kernel: Validation          0    5   N     0  3 4 5 6 7 \n9 10 11 12 15\nJul 28 11:39:34  kernel: After Disable       0  255   N     0  3 4 5 6 7 \n9 10 11 12 15\nJul 28 11:39:34  kernel: pci_link7:        Index  IRQ  Rtd  Ref  IRQs\nJul 28 11:39:34  kernel: Initial Probe       0    3   N     0  3 4 5 6 7 \n9 10 11 12 15\nJul 28 11:39:34  kernel: Validation          0    3   N     0  3 4 5 6 7 \n9 10 11 12 15\nJul 28 11:39:34  kernel: After Disable       0  255   N     0  3 4 5 6 7 \n9 10 11 12 15\nJul 28 11:39:34  kernel: acpi_hpet0: \u003cHigh Precision Event Timer\u003e iomem \n0xfed00000-0xfed003ff on acpi0\nJul 28 11:39:34  kernel: acpi_hpet0: vend: 0x8086 rev: 0x1 num: 3 hz: \n14318180 opts: legacy_route 64-bit\nJul 28 11:39:34  kernel: Timecounter \"HPET\" frequency 14318180 Hz \nquality 900\nJul 28 11:39:34  kernel: acpi_button0: \u003cPower Button\u003e on acpi0\nJul 28 11:39:34  kernel: pcib0: \u003cACPI Host-PCI bridge\u003e port 0xcf8-0xcff \non acpi0\nJul 28 11:39:34  kernel: pci0: \u003cACPI PCI bus\u003e on pcib0\nJul 28 11:39:34  kernel: pci0: domain=0, physical bus=0\nJul 28 11:39:34  kernel: found-\u003e    vendor=0x8086, dev=0x2770, revid=0x00\nJul 28 11:39:34  kernel: domain=0, bus=0, slot=0, func=0\nJul 28 11:39:34  kernel: class=06-00-00, hdrtype=0x00, mfdev=0\nJul 28 11:39:34  kernel: cmdreg=0x0106, statreg=0x2090, cachelnsz=0 (dwords)\nJul 28 11:39:34  kernel: lattimer=0x00 (0 ns), mingnt=0x00 (0 ns), \nmaxlat=0x00 (0 ns)\nJul 28 11:39:34  kernel: found-\u003e    vendor=0x8086, dev=0x2771, revid=0x00\nJul 28 11:39:34  kernel: domain=0, bus=0, slot=1, func=0\nJul 28 11:39:34  kernel: class=06-04-00, hdrtype=0x01, mfdev=0\nJul 28 11:39:34  kernel: cmdreg=0x0107, statreg=0x0010, cachelnsz=16 \n(dwords)\nJul 28 11:39:34  kernel: lattimer=0x00 (0 ns), mingnt=0x0a (2500 ns), \nmaxlat=0x00 (0 ns)\nJul 28 11:39:34  kernel: intpin=a, irq=11\nJul 28 11:39:34  kernel: powerspec 2  supports D0 D3  current D0\nJul 28 11:39:34  kernel: MSI supports 1 message\nJul 28 11:39:34  kernel: pcib0: matched entry for 0.1.INTA\nJul 28 11:39:34  kernel: pcib0: slot 1 INTA hardwired to IRQ 16\nJul 28 11:39:34  kernel: found-\u003e    vendor=0x8086, dev=0x27d8, revid=0x01\nJul 28 11:39:34  kernel: domain=0, bus=0, slot=27, func=0\nJul 28 11:39:34  kernel: class=04-03-00, hdrtype=0x00, mfdev=0\nJul 28 11:39:34  kernel: cmdreg=0x0106, statreg=0x0010, cachelnsz=16 \n(dwords)\nJul 28 11:39:34  kernel: lattimer=0x00 (0 ns), mingnt=0x00 (0 ns), \nmaxlat=0x00 (0 ns)\nJul 28 11:39:34  kernel: intpin=a, irq=11\nJul 28 11:39:34  kernel: powerspec 2  supports D0 D3  current D0\nJul 28 11:39:34  kernel: MSI supports 1 message, 64 bit\nJul 28 11:39:34  kernel: map[10]: type Memory, range 64, base \n0xfebfc000, size 14, enabled\nJul 28 11:39:34  kernel: pcib0: matched entry for 0.27.INTA\nJul 28 11:39:34  kernel: pcib0: slot 27 INTA hardwired to IRQ 16\nJul 28 11:39:34  kernel: found-\u003e    vendor=0x8086, dev=0x27d0, revid=0x01\nJul 28 11:39:34  kernel: domain=0, bus=0, slot=28, func=0\nJul 28 11:39:34  kernel: class=06-04-00, hdrtype=0x01, mfdev=1\nJul 28 11:39:34  kernel: cmdreg=0x0107, statreg=0x0010, cachelnsz=16 \n(dwords)\nJul 28 11:39:34  kernel: lattimer=0x00 (0 ns), mingnt=0x02 (500 ns), \nmaxlat=0x00 (0 ns)\nJul 28 11:39:34  kernel: intpin=a, irq=11\nJul 28 11:39:34  kernel: powerspec 2  supports D0 D3  current D0\nJul 28 11:39:34  kernel: MSI supports 1 message\nJul 28 11:39:34  kernel: pcib0: matched entry for 0.28.INTA\nJul 28 11:39:34  kernel: pcib0: slot 28 INTA hardwired to IRQ 16\nJul 28 11:39:34  kernel: found-\u003e    vendor=0x8086, dev=0x27e0, revid=0x01\nJul 28 11:39:34  kernel: domain=0, bus=0, slot=28, func=4\nJul 28 11:39:34  kernel: class=06-04-00, hdrtype=0x01, mfdev=1\nJul 28 11:39:34  kernel: cmdreg=0x0107, statreg=0x0010, cachelnsz=16 \n(dwords)\nJul 28 11:39:34  kernel: lattimer=0x00 (0 ns), mingnt=0x02 (500 ns), \nmaxlat=0x00 (0 ns)\nJul 28 11:39:34  kernel: intpin=a, irq=11\nJul 28 11:39:34  kernel: powerspec 2  supports D0 D3  current D0\nJul 28 11:39:34  kernel: MSI supports 1 message\nJul 28 11:39:34  kernel: pcib0: matched entry for 0.28.INTA\nJul 28 11:39:34  kernel: pcib0: slot 28 INTA hardwired to IRQ 16\nJul 28 11:39:34  kernel: found-\u003e    vendor=0x8086, dev=0x27e2, revid=0x01\nJul 28 11:39:34  kernel: domain=0, bus=0, slot=28, func=5\nJul 28 11:39:34  kernel: class=06-04-00, hdrtype=0x01, mfdev=1\nJul 28 11:39:34  kernel: cmdreg=0x0107, statreg=0x0010, cachelnsz=16 \n(dwords)\nJul 28 11:39:34  kernel: lattimer=0x00 (0 ns), mingnt=0x02 (500 ns), \nmaxlat=0x00 (0 ns)\nJul 28 11:39:34  kernel: intpin=b, irq=10\nJul 28 11:39:34  kernel: powerspec 2  supports D0 D3  current D0\nJul 28 11:39:34  kernel: MSI supports 1 message\nJul 28 11:39:34  kernel: pcib0: matched entry for 0.28.INTB\nJul 28 11:39:34  kernel: pcib0: slot 28 INTB hardwired to IRQ 17\nJul 28 11:39:34  kernel: found-\u003e    vendor=0x8086, dev=0x27c8, revid=0x01\nJul 28 11:39:34  kernel: domain=0, bus=0, slot=29, func=0\nJul 28 11:39:34  kernel: class=0c-03-00, hdrtype=0x00, mfdev=1\nJul 28 11:39:34  kernel: cmdreg=0x0005, statreg=0x0280, cachelnsz=0 (dwords)\nJul 28 11:39:34  kernel: lattimer=0x00 (0 ns), mingnt=0x00 (0 ns), \nmaxlat=0x00 (0 ns)\nJul 28 11:39:34  kernel: intpin=a, irq=9\nJul 28 11:39:34  kernel: map[20]: type I/O Port, range 32, base 0xff80, \nsize  5, enabled\nJul 28 11:39:34  kernel: pcib0: matched entry for 0.29.INTA\nJul 28 11:39:34  kernel: pcib0: slot 29 INTA hardwired to IRQ 21\nJul 28 11:39:34  kernel: unknown: Reserved 0x20 bytes for rid 0x20 type \n4 at 0xff80\nJul 28 11:39:34  kernel: found-\u003e    vendor=0x8086, dev=0x27c9, revid=0x01\nJul 28 11:39:34  kernel: domain=0, bus=0, slot=29, func=1\nJul 28 11:39:34  kernel: class=0c-03-00, hdrtype=0x00, mfdev=0\nJul 28 11:39:34  kernel: cmdreg=0x0005, statreg=0x0280, cachelnsz=0 (dwords)\nJul 28 11:39:34  kernel: lattimer=0x00 (0 ns), mingnt=0x00 (0 ns), \nmaxlat=0x00 (0 ns)\nJul 28 11:39:34  kernel: intpin=b, irq=5\nJul 28 11:39:34  kernel: map[20]: type I/O Port, range 32, base 0xff60, \nsize  5, enabled\nJul 28 11:39:34  kernel: pcib0: matched entry for 0.29.INTB\nJul 28 11:39:34  kernel: pcib0: slot 29 INTB hardwired to IRQ 22\nJul 28 11:39:34  kernel: unknown: Reserved 0x20 bytes for rid 0x20 type \n4 at 0xff60\nJul 28 11:39:34  kernel: found-\u003e    vendor=0x8086, dev=0x27ca, revid=0x01\nJul 28 11:39:34  kernel: domain=0, bus=0, slot=29, func=2\nJul 28 11:39:34  kernel: class=0c-03-00, hdrtype=0x00, mfdev=0\nJul 28 11:39:34  kernel: cmdreg=0x0005, statreg=0x0280, cachelnsz=0 (dwords)\nJul 28 11:39:34  kernel: lattimer=0x00 (0 ns), mingnt=0x00 (0 ns), \nmaxlat=0x00 (0 ns)\nJul 28 11:39:34  kernel: intpin=c, irq=4\nJul 28 11:39:34  kernel: map[20]: type I/O Port, range 32, base 0xff40, \nsize  5, enabled\nJul 28 11:39:34  kernel: pcib0: matched entry for 0.29.INTC\nJul 28 11:39:34  kernel: pcib0: slot 29 INTC hardwired to IRQ 18\nJul 28 11:39:34  kernel: unknown: Reserved 0x20 bytes for rid 0x20 type \n4 at 0xff40\nJul 28 11:39:34  kernel: found-\u003e    vendor=0x8086, dev=0x27cb, revid=0x01\nJul 28 11:39:34  kernel: domain=0, bus=0, slot=29, func=3\nJul 28 11:39:34  kernel: class=0c-03-00, hdrtype=0x00, mfdev=0\nJul 28 11:39:34  kernel: cmdreg=0x0005, statreg=0x0280, cachelnsz=0 (dwords)\nJul 28 11:39:34  kernel: lattimer=0x00 (0 ns), mingnt=0x00 (0 ns), \nmaxlat=0x00 (0 ns)\nJul 28 11:39:34  kernel: intpin=d, irq=3\nJul 28 11:39:34  kernel: map[20]: type I/O Port, range 32, base 0xff20, \nsize  5, enabled\nJul 28 11:39:34  kernel: pcib0: matched entry for 0.29.INTD\nJul 28 11:39:34  kernel: pcib0: slot 29 INTD hardwired to IRQ 23\nJul 28 11:39:34  kernel: unknown: Reserved 0x20 bytes for rid 0x20 type \n4 at 0xff20\nJul 28 11:39:34  kernel: found-\u003e    vendor=0x8086, dev=0x27cc, revid=0x01\nJul 28 11:39:34  kernel: domain=0, bus=0, slot=29, func=7\nJul 28 11:39:34  kernel: class=0c-03-20, hdrtype=0x00, mfdev=0\nJul 28 11:39:34  kernel: cmdreg=0x0106, statreg=0x0290, cachelnsz=0 (dwords)\nJul 28 11:39:34  kernel: lattimer=0x00 (0 ns), mingnt=0x00 (0 ns), \nmaxlat=0x00 (0 ns)\nJul 28 11:39:34  kernel: intpin=a, irq=9\nJul 28 11:39:34  kernel: powerspec 2  supports D0 D3  current D0\nJul 28 11:39:34  kernel: map[10]: type Memory, range 32, base \n0xffa80800, size 10, enabled\nJul 28 11:39:34  kernel: pcib0: matched entry for 0.29.INTA\nJul 28 11:39:34  kernel: pcib0: slot 29 INTA hardwired to IRQ 21\nJul 28 11:39:34  kernel: unknown: Reserved 0x400 bytes for rid 0x10 type \n3 at 0xffa80800\nJul 28 11:39:34  kernel: found-\u003e    vendor=0x8086, dev=0x244e, revid=0xe1\nJul 28 11:39:34  kernel: domain=0, bus=0, slot=30, func=0\nJul 28 11:39:34  kernel: class=06-04-01, hdrtype=0x01, mfdev=0\nJul 28 11:39:34  kernel: cmdreg=0x0107, statreg=0x0010, cachelnsz=0 (dwords)\nJul 28 11:39:34  kernel: lattimer=0x00 (0 ns), mingnt=0x02 (500 ns), \nmaxlat=0x00 (0 ns)\nJul 28 11:39:34  kernel: found-\u003e    vendor=0x8086, dev=0x27b0, revid=0x01\nJul 28 11:39:34  kernel: domain=0, bus=0, slot=31, func=0\nJul 28 11:39:34  kernel: class=06-01-00, hdrtype=0x00, mfdev=1\nJul 28 11:39:34  kernel: cmdreg=0x0107, statreg=0x0210, cachelnsz=0 (dwords)\nJul 28 11:39:34  kernel: lattimer=0x00 (0 ns), mingnt=0x00 (0 ns), \nmaxlat=0x00 (0 ns)\nJul 28 11:39:34  kernel: found-\u003e    vendor=0x8086, dev=0x27df, revid=0x01\nJul 28 11:39:34  kernel: domain=0, bus=0, slot=31, func=1\nJul 28 11:39:34  kernel: class=01-01-8a, hdrtype=0x00, mfdev=0\nJul 28 11:39:34  kernel: cmdreg=0x0005, statreg=0x0288, cachelnsz=0 (dwords)\nJul 28 11:39:34  kernel: lattimer=0x00 (0 ns), mingnt=0x00 (0 ns), \nmaxlat=0x00 (0 ns)\nJul 28 11:39:34  kernel: intpin=a, irq=11\nJul 28 11:39:34  kernel: map[20]: type I/O Port, range 32, base 0xffa0, \nsize  4, enabled\nJul 28 11:39:34  kernel: pcib0: matched entry for 0.31.INTA\nJul 28 11:39:34  kernel: pcib0: slot 31 INTA hardwired to IRQ 16\nJul 28 11:39:34  kernel: found-\u003e    vendor=0x8086, dev=0x27c1, revid=0x01\nJul 28 11:39:34  kernel: domain=0, bus=0, slot=31, func=2\nJul 28 11:39:34  kernel: class=01-06-01, hdrtype=0x00, mfdev=0\nJul 28 11:39:34  kernel: cmdreg=0x0007, statreg=0x02b0, cachelnsz=0 (dwords)\nJul 28 11:39:34  kernel: lattimer=0x00 (0 ns), mingnt=0x00 (0 ns), \nmaxlat=0x00 (0 ns)\nJul 28 11:39:34  kernel: intpin=c, irq=10\nJul 28 11:39:34  kernel: powerspec 2  supports D0 D3  current D0\nJul 28 11:39:34  kernel: MSI supports 1 message\nJul 28 11:39:34  kernel: map[10]: type I/O Port, range 32, base 0xfe00, \nsize  3, enabled\nJul 28 11:39:34  kernel: map[14]: type I/O Port, range 32, base 0xfe10, \nsize  2, enabled\nJul 28 11:39:34  kernel: map[18]: type I/O Port, range 32, base 0xfe20, \nsize  3, enabled\nJul 28 11:39:34  kernel: map[1c]: type I/O Port, range 32, base 0xfe30, \nsize  2, enabled\nJul 28 11:39:34  kernel: map[20]: type I/O Port, range 32, base 0xfea0, \nsize  4, enabled\nJul 28 11:39:34  kernel: map[24]: type Memory, range 32, base \n0xfebfbc00, size 10, enabled\nJul 28 11:39:34  kernel: pcib0: matched entry for 0.31.INTC\nJul 28 11:39:34  kernel: pcib0: slot 31 INTC hardwired to IRQ 20\nJul 28 11:39:34  kernel: found-\u003e    vendor=0x8086, dev=0x27da, revid=0x01\nJul 28 11:39:34  kernel: domain=0, bus=0, slot=31, func=3\nJul 28 11:39:34  kernel: class=0c-05-00, hdrtype=0x00, mfdev=0\nJul 28 11:39:34  kernel: cmdreg=0x0101, statreg=0x0280, cachelnsz=0 (dwords)\nJul 28 11:39:34  kernel: lattimer=0x00 (0 ns), mingnt=0x00 (0 ns), \nmaxlat=0x00 (0 ns)\nJul 28 11:39:34  kernel: intpin=b, irq=10\nJul 28 11:39:34  kernel: map[20]: type I/O Port, range 32, base 0xece0, \nsize  5, enabled\nJul 28 11:39:34  kernel: pcib0: matched entry for 0.31.INTB\nJul 28 11:39:34  kernel: pcib0: slot 31 INTB hardwired to IRQ 17\nJul 28 11:39:34  kernel: pcib1: \u003cACPI PCI-PCI bridge\u003e irq 16 at device \n1.0 on pci0\nJul 28 11:39:34  kernel: pcib1:   domain            0\nJul 28 11:39:34  kernel: pcib1:   secondary bus     1\nJul 28 11:39:34  kernel: pcib1:   subordinate bus   1\nJul 28 11:39:34  kernel: pcib1:   I/O decode        0xd000-0xdfff\nJul 28 11:39:34  kernel: pcib1:   memory decode     0xfe900000-0xfeafffff\nJul 28 11:39:34  kernel: pcib1:   prefetched decode 0xf0000000-0xf7ffffff\nJul 28 11:39:34  kernel: pci1: \u003cACPI PCI bus\u003e on pcib1\nJul 28 11:39:34  kernel: pci1: domain=0, physical bus=1\nJul 28 11:39:34  kernel: found-\u003e    vendor=0x1002, dev=0x5b62, revid=0x00\nJul 28 11:39:34  kernel: domain=0, bus=1, slot=0, func=0\nJul 28 11:39:34  kernel: class=03-00-00, hdrtype=0x00, mfdev=1\nJul 28 11:39:34  kernel: cmdreg=0x0003, statreg=0x0010, cachelnsz=16 \n(dwords)\nJul 28 11:39:34  kernel: lattimer=0x00 (0 ns), mingnt=0x00 (0 ns), \nmaxlat=0x00 (0 ns)\nJul 28 11:39:34  kernel: intpin=a, irq=11\nJul 28 11:39:34  kernel: powerspec 2  supports D0 D1 D2 D3  current D0\nJul 28 11:39:34  kernel: MSI supports 1 message, 64 bit\nJul 28 11:39:34  kernel: map[10]: type Prefetchable Memory, range 64, \nbase 0xf0000000, size 27, enabled\nJul 28 11:39:34  kernel: pcib1: requested memory range \n0xf0000000-0xf7ffffff: good\nJul 28 11:39:34  kernel: map[18]: type Memory, range 64, base \n0xfe9e0000, size 16, enabled\nJul 28 11:39:34  kernel: pcib1: requested memory range \n0xfe9e0000-0xfe9effff: good\nJul 28 11:39:34  kernel: map[20]: type I/O Port, range 32, base 0xdc00, \nsize  8, enabled\nJul 28 11:39:34  kernel: pcib1: requested I/O range 0xdc00-0xdcff: in range\nJul 28 11:39:34  kernel: pcib1: matched entry for 1.0.INTA\nJul 28 11:39:34  kernel: pcib1: slot 0 INTA hardwired to IRQ 16\nJul 28 11:39:34  kernel: found-\u003e    vendor=0x1002, dev=0x5b72, revid=0x00\nJul 28 11:39:34  kernel: domain=0, bus=1, slot=0, func=1\nJul 28 11:39:34  kernel: class=03-80-00, hdrtype=0x00, mfdev=0\nJul 28 11:39:34  kernel: cmdreg=0x0007, statreg=0x0010, cachelnsz=16 \n(dwords)\nJul 28 11:39:34  kernel: lattimer=0x00 (0 ns), mingnt=0x00 (0 ns), \nmaxlat=0x00 (0 ns)\nJul 28 11:39:34  kernel: powerspec 2  supports D0 D1 D2 D3  current D0\nJul 28 11:39:34  kernel: map[10]: type Memory, range 64, base \n0xfe9f0000, size 16, enabled\nJul 28 11:39:34  kernel: pcib1: requested memory range \n0xfe9f0000-0xfe9fffff: good\nJul 28 11:39:34  kernel: vgapci0: \u003cVGA-compatible display\u003e port \n0xdc00-0xdcff mem 0xf0000000-0xf7ffffff,0xfe9e0000-0xfe9effff irq 16 at \ndevice 0.0 on pci1\nJul 28 11:39:34  kernel: vgapci1: \u003cVGA-compatible display\u003e mem \n0xfe9f0000-0xfe9fffff at device 0.1 on pci1\nJul 28 11:39:34  kernel: pci0: \u003cmultimedia, HDA\u003e at device 27.0 (no \ndriver attached)\nJul 28 11:39:34  kernel: pcib2: \u003cACPI PCI-PCI bridge\u003e irq 16 at device \n28.0 on pci0\nJul 28 11:39:34  kernel: pcib2:   domain            0\nJul 28 11:39:34  kernel: pcib2:   secondary bus     2\nJul 28 11:39:34  kernel: pcib2:   subordinate bus   2\nJul 28 11:39:34  kernel: pcib2:   I/O decode        0xf000-0xfff\nJul 28 11:39:34  kernel: pcib2:   memory decode     0xfe800000-0xfe8fffff\nJul 28 11:39:34  kernel: pcib2:   no prefetched decode\nJul 28 11:39:34  kernel: pci2: \u003cACPI PCI bus\u003e on pcib2\nJul 28 11:39:34  kernel: pci2: domain=0, physical bus=2\nJul 28 11:39:34  kernel: pcib3: \u003cACPI PCI-PCI bridge\u003e irq 16 at device \n28.4 on pci0\nJul 28 11:39:34  kernel: pcib3:   domain            0\nJul 28 11:39:34  kernel: pcib3:   secondary bus     3\nJul 28 11:39:34  kernel: pcib3:   subordinate bus   3\nJul 28 11:39:34  kernel: pcib3:   I/O decode        0xc000-0xcfff\nJul 28 11:39:34  kernel: pcib3:   memory decode     0xfe600000-0xfe7fffff\nJul 28 11:39:34  kernel: pcib3:   no prefetched decode\nJul 28 11:39:34  kernel: pci3: \u003cACPI PCI bus\u003e on pcib3\nJul 28 11:39:34  kernel: pci3: domain=0, physical bus=3\nJul 28 11:39:34  kernel: found-\u003e    vendor=0x1b4b, dev=0x9123, revid=0x11\nJul 28 11:39:34  kernel: domain=0, bus=3, slot=0, func=0\nJul 28 11:39:34  kernel: class=01-06-01, hdrtype=0x00, mfdev=0\nJul 28 11:39:34  kernel: cmdreg=0x0007, statreg=0x0010, cachelnsz=16 \n(dwords)\nJul 28 11:39:34  kernel: lattimer=0x00 (0 ns), mingnt=0x00 (0 ns), \nmaxlat=0x00 (0 ns)\nJul 28 11:39:34  kernel: intpin=a, irq=11\nJul 28 11:39:34  kernel: powerspec 3  supports D0 D3  current D0\nJul 28 11:39:34  kernel: MSI supports 1 message\nJul 28 11:39:34  kernel: map[10]: type I/O Port, range 32, base 0xcce0, \nsize  3, enabled\nJul 28 11:39:34  kernel: pcib3: requested I/O range 0xcce0-0xcce7: in range\nJul 28 11:39:34  kernel: map[14]: type I/O Port, range 32, base 0xccd8, \nsize  2, enabled\nJul 28 11:39:34  kernel: pcib3: requested I/O range 0xccd8-0xccdb: in range\nJul 28 11:39:34  kernel: map[18]: type I/O Port, range 32, base 0xcce8, \nsize  3, enabled\nJul 28 11:39:34  kernel: pcib3: requested I/O range 0xcce8-0xccef: in range\nJul 28 11:39:34  kernel: map[1c]: type I/O Port, range 32, base 0xccdc, \nsize  2, enabled\nJul 28 11:39:34  kernel: pcib3: requested I/O range 0xccdc-0xccdf: in range\nJul 28 11:39:34  kernel: map[20]: type I/O Port, range 32, base 0xccf0, \nsize  4, enabled\nJul 28 11:39:34  kernel: pcib3: requested I/O range 0xccf0-0xccff: in range\nJul 28 11:39:34  kernel: map[24]: type Memory, range 32, base \n0xfe6ff800, size 11, enabled\nJul 28 11:39:34  kernel: pcib3: requested memory range \n0xfe6ff800-0xfe6fffff: good\nJul 28 11:39:34  kernel: pcib3: matched entry for 3.0.INTA\nJul 28 11:39:34  kernel: pcib3: slot 0 INTA hardwired to IRQ 16\nJul 28 11:39:34  kernel: ahci0: \u003cMarvell 88SE912x AHCI SATA controller\u003e \nport \n0xcce0-0xcce7,0xccd8-0xccdb,0xcce8-0xccef,0xccdc-0xccdf,0xccf0-0xccff \nmem 0xfe6ff800-0xfe6fffff irq 16 at device 0.0 on pci3\nJul 28 11:39:34  kernel: ahci0: Reserved 0x800 bytes for rid 0x24 type 3 \nat 0xfe6ff800\nJul 28 11:39:34  kernel: ahci0: attempting to allocate 1 MSI vectors (1 \nsupported)\nJul 28 11:39:34  kernel: msi: routing MSI IRQ 256 to local APIC 0 vector 49\nJul 28 11:39:34  kernel: ahci0: using IRQ 256 for MSI\nJul 28 11:39:34  kernel: ahci0: [MPSAFE]\nJul 28 11:39:34  kernel: ahci0: [ITHREAD]\nJul 28 11:39:34  kernel: ahci0: AHCI v1.20 with 8 6Gbps ports, Port \nMultiplier not supported\nJul 28 11:39:34  kernel: ahci0: Caps: 64bit NCQ 6Gbps PMD 32cmd 8ports\nJul 28 11:39:34  kernel: ahci0: Caps2:\nJul 28 11:39:34  kernel: ahcich0: \u003cAHCI channel\u003e at channel 0 on ahci0\nJul 28 11:39:34  kernel: ahcich0: [MPSAFE]\nJul 28 11:39:34  kernel: ahcich0: [ITHREAD]\nJul 28 11:39:34  kernel: ahcich0: Caps:\nJul 28 11:39:34  kernel: ahcich1: \u003cAHCI channel\u003e at channel 1 on ahci0\nJul 28 11:39:34  kernel: ahcich1: [MPSAFE]\nJul 28 11:39:34  kernel: ahcich1: [ITHREAD]\nJul 28 11:39:34  kernel: ahcich1: Caps:\nJul 28 11:39:34  kernel: ahcich2: \u003cAHCI channel\u003e at channel 2 on ahci0\nJul 28 11:39:34  kernel: ahcich2: [MPSAFE]\nJul 28 11:39:34  kernel: ahcich2: [ITHREAD]\nJul 28 11:39:34  kernel: ahcich2: Caps:\nJul 28 11:39:34  kernel: ahcich3: \u003cAHCI channel\u003e at channel 3 on ahci0\nJul 28 11:39:34  kernel: ahcich3: [MPSAFE]\nJul 28 11:39:34  kernel: ahcich3: [ITHREAD]\nJul 28 11:39:34  kernel: ahcich3: Caps:\nJul 28 11:39:34  kernel: ahcich4: \u003cAHCI channel\u003e at channel 4 on ahci0\nJul 28 11:39:34  kernel: ahcich4: [MPSAFE]\nJul 28 11:39:34  kernel: ahcich4: [ITHREAD]\nJul 28 11:39:34  kernel: ahcich4: Caps:\nJul 28 11:39:34  kernel: ahcich5: \u003cAHCI channel\u003e at channel 5 on ahci0\nJul 28 11:39:34  kernel: ahcich5: [MPSAFE]\nJul 28 11:39:34  kernel: ahcich5: [ITHREAD]\nJul 28 11:39:34  kernel: ahcich5: Caps:\nJul 28 11:39:34  kernel: ahcich6: \u003cAHCI channel\u003e at channel 6 on ahci0\nJul 28 11:39:34  kernel: ahcich6: [MPSAFE]\nJul 28 11:39:34  kernel: ahcich6: [ITHREAD]\nJul 28 11:39:34  kernel: ahcich6: Caps:\nJul 28 11:39:34  kernel: ahcich7: \u003cAHCI channel\u003e at channel 7 on ahci0\nJul 28 11:39:34  kernel: ahcich7: [MPSAFE]\nJul 28 11:39:34  kernel: ahcich7: [ITHREAD]\nJul 28 11:39:34  kernel: ahcich7: Caps:\nJul 28 11:39:34  kernel: pcib4: \u003cACPI PCI-PCI bridge\u003e irq 17 at device \n28.5 on pci0\nJul 28 11:39:34  kernel: pcib4:   domain            0\nJul 28 11:39:34  kernel: pcib4:   secondary bus     4\nJul 28 11:39:34  kernel: pcib4:   subordinate bus   4\nJul 28 11:39:34  kernel: pcib4:   I/O decode        0xb000-0xbfff\nJul 28 11:39:34  kernel: pcib4:   memory decode     0xfe000000-0xfe5fffff\nJul 28 11:39:34  kernel: pcib4:   no prefetched decode\nJul 28 11:39:34  kernel: pci4: \u003cACPI PCI bus\u003e on pcib4\nJul 28 11:39:34  kernel: pci4: domain=0, physical bus=4\nJul 28 11:39:34  kernel: found-\u003e    vendor=0x8086, dev=0x109a, revid=0x01\nJul 28 11:39:34  kernel: domain=0, bus=4, slot=0, func=0\nJul 28 11:39:34  kernel: class=02-00-00, hdrtype=0x00, mfdev=0\nJul 28 11:39:34  kernel: cmdreg=0x0007, statreg=0x0010, cachelnsz=16 \n(dwords)\nJul 28 11:39:34  kernel: lattimer=0x00 (0 ns), mingnt=0x00 (0 ns), \nmaxlat=0x00 (0 ns)\nJul 28 11:39:34  kernel: intpin=a, irq=10\nJul 28 11:39:34  kernel: powerspec 2  supports D0 D3  current D0\nJul 28 11:39:34  kernel: MSI supports 1 message, 64 bit\nJul 28 11:39:34  kernel: map[10]: type Memory, range 32, base \n0xfe5e0000, size 17, enabled\nJul 28 11:39:34  kernel: pcib4: requested memory range \n0xfe5e0000-0xfe5fffff: good\nJul 28 11:39:34  kernel: map[14]: type Memory, range 32, base \n0xfe000000, size 22, enabled\nJul 28 11:39:34  kernel: pcib4: requested memory range \n0xfe000000-0xfe3fffff: good\nJul 28 11:39:34  kernel: map[18]: type I/O Port, range 32, base 0xbce0, \nsize  5, enabled\nJul 28 11:39:34  kernel: pcib4: requested I/O range 0xbce0-0xbcff: in range\nJul 28 11:39:34  kernel: pcib4: matched entry for 4.0.INTA\nJul 28 11:39:34  kernel: pcib4: slot 0 INTA hardwired to IRQ 17\nJul 28 11:39:34  kernel: em0: \u003cIntel(R) PRO/1000 Network Connection \n7.1.9\u003e port 0xbce0-0xbcff mem \n0xfe5e0000-0xfe5fffff,0xfe000000-0xfe3fffff irq 17 at device 0.0 on pci4\nJul 28 11:39:34  kernel: em0: Reserved 0x20000 bytes for rid 0x10 type 3 \nat 0xfe5e0000\nJul 28 11:39:34  kernel: em0: attempting to allocate 1 MSI vectors (1 \nsupported)\nJul 28 11:39:34  kernel: msi: routing MSI IRQ 257 to local APIC 0 vector 50\nJul 28 11:39:34  kernel: em0: using IRQ 257 for MSI\nJul 28 11:39:34  kernel: em0: Using an MSI interrupt\nJul 28 11:39:34  kernel: em0: [FILTER]\nJul 28 11:39:34  kernel: em0: bpf attached\nJul 28 11:39:34  kernel: em0: Ethernet address: 00:13:72:09:1d:e6\nJul 28 11:39:34  kernel: uhci0: \u003cIntel 82801G (ICH7) USB controller \nUSB-A\u003e port 0xff80-0xff9f irq 21 at device 29.0 on pci0\nJul 28 11:39:34  kernel: ioapic0: routing intpin 21 (PCI IRQ 21) to \nlapic 0 vector 51\nJul 28 11:39:34  kernel: uhci0: [MPSAFE]\nJul 28 11:39:34  kernel: uhci0: [ITHREAD]\nJul 28 11:39:34  kernel: uhci0: LegSup = 0x3000\nJul 28 11:39:34  kernel: usbus0: \u003cIntel 82801G (ICH7) USB controller \nUSB-A\u003e on uhci0\nJul 28 11:39:34  kernel: uhci1: \u003cIntel 82801G (ICH7) USB controller \nUSB-B\u003e port 0xff60-0xff7f irq 22 at device 29.1 on pci0\nJul 28 11:39:34  kernel: ioapic0: routing intpin 22 (PCI IRQ 22) to \nlapic 0 vector 52\nJul 28 11:39:34  kernel: uhci1: [MPSAFE]\nJul 28 11:39:34  kernel: uhci1: [ITHREAD]\nJul 28 11:39:34  kernel: usbus1: \u003cIntel 82801G (ICH7) USB controller \nUSB-B\u003e on uhci1\nJul 28 11:39:34  kernel: uhci2: \u003cIntel 82801G (ICH7) USB controller \nUSB-C\u003e port 0xff40-0xff5f irq 18 at device 29.2 on pci0\nJul 28 11:39:34  kernel: ioapic0: routing intpin 18 (PCI IRQ 18) to \nlapic 0 vector 53\nJul 28 11:39:34  kernel: uhci2: [MPSAFE]\nJul 28 11:39:34  kernel: uhci2: [ITHREAD]\nJul 28 11:39:34  kernel: usbus2: \u003cIntel 82801G (ICH7) USB controller \nUSB-C\u003e on uhci2\nJul 28 11:39:34  kernel: uhci3: \u003cIntel 82801G (ICH7) USB controller \nUSB-D\u003e port 0xff20-0xff3f irq 23 at device 29.3 on pci0\nJul 28 11:39:34  kernel: ioapic0: routing intpin 23 (PCI IRQ 23) to \nlapic 0 vector 54\nJul 28 11:39:34  kernel: uhci3: [MPSAFE]\nJul 28 11:39:34  kernel: uhci3: [ITHREAD]\nJul 28 11:39:34  kernel: usbus3: \u003cIntel 82801G (ICH7) USB controller \nUSB-D\u003e on uhci3\nJul 28 11:39:34  kernel: ehci0: \u003cIntel 82801GB/R (ICH7) USB 2.0 \ncontroller\u003e mem 0xffa80800-0xffa80bff irq 21 at device 29.7 on pci0\nJul 28 11:39:34  kernel: ehci0: [MPSAFE]\nJul 28 11:39:34  kernel: ehci0: [ITHREAD]\nJul 28 11:39:34  kernel: usbus4: EHCI version 1.0\nJul 28 11:39:34  kernel: usbus4: \u003cIntel 82801GB/R (ICH7) USB 2.0 \ncontroller\u003e on ehci0\nJul 28 11:39:34  kernel: pcib5: \u003cACPI PCI-PCI bridge\u003e at device 30.0 on pci0\nJul 28 11:39:34  kernel: pcib5:   domain            0\nJul 28 11:39:34  kernel: pcib5:   secondary bus     5\nJul 28 11:39:34  kernel: pcib5:   subordinate bus   5\nJul 28 11:39:34  kernel: pcib5:   I/O decode        0xf000-0xfff\nJul 28 11:39:34  kernel: pcib5:   no prefetched decode\nJul 28 11:39:34  kernel: pcib5:   Subtractively decoded bridge.\nJul 28 11:39:34  kernel: pci5: \u003cACPI PCI bus\u003e on pcib5\nJul 28 11:39:34  kernel: pci5: domain=0, physical bus=5\nJul 28 11:39:34  kernel: isab0: \u003cPCI-ISA bridge\u003e at device 31.0 on pci0\nJul 28 11:39:34  kernel: isa0: \u003cISA bus\u003e on isab0\nJul 28 11:39:34  kernel: atapci0: \u003cIntel ICH7 UDMA100 controller\u003e port \n0x1f0-0x1f7,0x3f6,0x170-0x177,0x376,0xffa0-0xffaf irq 16 at device 31.1 \non pci0\nJul 28 11:39:34  kernel: atapci0: Reserved 0x10 bytes for rid 0x20 type \n4 at 0xffa0\nJul 28 11:39:34  kernel: ata0: \u003cATA channel 0\u003e on atapci0\nJul 28 11:39:34  kernel: atapci0: Reserved 0x8 bytes for rid 0x10 type 4 \nat 0x1f0\nJul 28 11:39:34  kernel: atapci0: Reserved 0x1 bytes for rid 0x14 type 4 \nat 0x3f6\nJul 28 11:39:34  kernel: ata0: reset tp1 mask=00 ostat0=ff ostat1=ff\nJul 28 11:39:34  kernel: ioapic0: routing intpin 14 (ISA IRQ 14) to \nlapic 0 vector 55\nJul 28 11:39:34  kernel: ata0: [MPSAFE]\nJul 28 11:39:34  kernel: ata0: [ITHREAD]\nJul 28 11:39:34  kernel: ahci1: \u003cIntel ICH7 AHCI SATA controller\u003e port \n0xfe00-0xfe07,0xfe10-0xfe13,0xfe20-0xfe27,0xfe30-0xfe33,0xfea0-0xfeaf \nmem 0xfebfbc00-0xfebfbfff irq 20 at device 31.2 on pci0\nJul 28 11:39:34  kernel: ahci1: Reserved 0x400 bytes for rid 0x24 type 3 \nat 0xfebfbc00\nJul 28 11:39:34  kernel: ahci1: attempting to allocate 1 MSI vectors (1 \nsupported)\nJul 28 11:39:34  kernel: msi: routing MSI IRQ 258 to local APIC 0 vector 56\nJul 28 11:39:34  kernel: ahci1: using IRQ 258 for MSI\nJul 28 11:39:34  kernel: ahci1: [MPSAFE]\nJul 28 11:39:34  kernel: ahci1: [ITHREAD]\nJul 28 11:39:34  kernel: ahci1: AHCI v1.10 with 4 3Gbps ports, Port \nMultiplier not supported\nJul 28 11:39:34  kernel: ahci1: Caps: 64bit NCQ ALP AL CLO 3Gbps PMD SSC \nPSC 32cmd 4ports\nJul 28 11:39:34  kernel: ahci1: Caps2:\nJul 28 11:39:34  kernel: ahcich8: \u003cAHCI channel\u003e at channel 0 on ahci1\nJul 28 11:39:34  kernel: ahcich8: [MPSAFE]\nJul 28 11:39:34  kernel: ahcich8: [ITHREAD]\nJul 28 11:39:34  kernel: ahcich8: Caps:\nJul 28 11:39:34  kernel: ahcich9: \u003cAHCI channel\u003e at channel 1 on ahci1\nJul 28 11:39:34  kernel: ahcich9: [MPSAFE]\nJul 28 11:39:34  kernel: ahcich9: [ITHREAD]\nJul 28 11:39:34  kernel: ahcich9: Caps:\nJul 28 11:39:34  kernel: ahcich10: \u003cAHCI channel\u003e at channel 2 on ahci1\nJul 28 11:39:34  kernel: ahcich10: [MPSAFE]\nJul 28 11:39:34  kernel: ahcich10: [ITHREAD]\nJul 28 11:39:34  kernel: ahcich10: Caps:\nJul 28 11:39:34  kernel: ahcich11: \u003cAHCI channel\u003e at channel 3 on ahci1\nJul 28 11:39:34  kernel: ahcich11: [MPSAFE]\nJul 28 11:39:34  kernel: ahcich11: [ITHREAD]\nJul 28 11:39:34  kernel: ahcich11: Caps:\nJul 28 11:39:34  kernel: pci0: \u003cserial bus, SMBus\u003e at device 31.3 (no \ndriver attached)\nJul 28 11:39:34  kernel: atrtc0: \u003cAT realtime clock\u003e port 0x70-0x7f irq \n8 on acpi0\nJul 28 11:39:34  kernel: atrtc0: registered as a time-of-day clock \n(resolution 1000000us)\nJul 28 11:39:34  kernel: acpi0: wakeup code va 0xffffff81008a8000 pa 0x4000\nJul 28 11:39:34  kernel: ex_isa_identify()\nJul 28 11:39:34  kernel: ahc_isa_probe 0: ioport 0xc00 alloc failed\nJul 28 11:39:34  kernel: ahc_isa_probe 2: ioport 0x2c00 alloc failed\nJul 28 11:39:34  kernel: ahc_isa_probe 5: ioport 0x5c00 alloc failed\nJul 28 11:39:34  kernel: ahc_isa_probe 6: ioport 0x6c00 alloc failed\nJul 28 11:39:34  kernel: ahc_isa_probe 10: ioport 0xac00 alloc failed\nJul 28 11:39:34  kernel: ahc_isa_probe 11: ioport 0xbc00 alloc failed\nJul 28 11:39:34  kernel: ahc_isa_probe 12: ioport 0xcc00 alloc failed\nJul 28 11:39:34  kernel: ahc_isa_probe 13: ioport 0xdc00 alloc failed\nJul 28 11:39:34  kernel: ahc_isa_probe 14: ioport 0xec00 alloc failed\nJul 28 11:39:34  kernel: isa_probe_children: disabling PnP devices\nJul 28 11:39:34  kernel: atrtc: atrtc0 already exists; skipping it\nJul 28 11:39:34  kernel: sc: sc0 already exists; skipping it\nJul 28 11:39:34  kernel: isa_probe_children: probing non-PnP devices\nJul 28 11:39:34  kernel: orm0: \u003cISA Option ROMs\u003e at iomem \n0xc0000-0xccfff,0xcd000-0xd07ff,0xd0800-0xd27ff,0xd2800-0xd3fff on isa0\nJul 28 11:39:34  kernel: atkbd: the current kbd controller command byte 0045\nJul 28 11:39:34  kernel: atkbd: keyboard ID 0xffffffff (1)\nJul 28 11:39:34  kernel: atkbd: failed to reset the keyboard.\nJul 28 11:39:34  kernel: sc0: \u003cSystem console\u003e at flags 0x100 on isa0\nJul 28 11:39:34  kernel: sc0: VGA \u003c16 virtual consoles, flags=0x300\u003e\nJul 28 11:39:34  kernel: sc0: fb0, kbd1, terminal emulator: scteken \n(teken terminal)\nJul 28 11:39:34  kernel: vga0: \u003cGeneric ISA VGA\u003e at port 0x3c0-0x3df \niomem 0xa0000-0xbffff on isa0\nJul 28 11:39:34  kernel: atkbdc0: \u003cKeyboard controller (i8042)\u003e at port \n0x60,0x64 on isa0\nJul 28 11:39:34  kernel: atkbd0: \u003cAT Keyboard\u003e irq 1 on atkbdc0\nJul 28 11:39:34  kernel: kbd0 at atkbd0\nJul 28 11:39:34  kernel: kbd0: atkbd0, AT 84 (1), config:0x0, flags:0x3d0000\nJul 28 11:39:34  kernel: ioapic0: routing intpin 1 (ISA IRQ 1) to lapic \n0 vector 57\nJul 28 11:39:34  kernel: atkbd0: [GIANT-LOCKED]\nJul 28 11:39:34  kernel: atkbd0: [ITHREAD]\nJul 28 11:39:34  kernel: psm0: current command byte:0045\nJul 28 11:39:34  kernel: psm0: failed to reset the aux device.\nJul 28 11:39:34  kernel: fdc0 failed to probe at port 0x3f0-0x3f5,0x3f7 \nirq 6 drq 2 on isa0\nJul 28 11:39:34  kernel: ppc0: cannot reserve I/O port range\nJul 28 11:39:34  kernel: ppc0: \u003cParallel port\u003e failed to probe at irq 7 \non isa0\nJul 28 11:39:34  kernel: uart0: \u003cns8250\u003e failed to probe at port \n0x3f8-0x3ff irq 4 on isa0\nJul 28 11:39:34  kernel: uart1: \u003cns8250\u003e failed to probe at port \n0x2f8-0x2ff irq 3 on isa0\nJul 28 11:39:34  kernel: isa_probe_children: probing PnP devices\nJul 28 11:39:34  kernel: p4tcc0: \u003cCPU Frequency Thermal Control\u003e on cpu0\nJul 28 11:39:34  kernel: p4tcc1: \u003cCPU Frequency Thermal Control\u003e on cpu1\nJul 28 11:39:34  kernel: Device configuration finished.\nJul 28 11:39:34  kernel: procfs registered\nJul 28 11:39:34  kernel: ZFS NOTICE: Prefetch is disabled by default if \nless than 4GB of RAM is present;\nJul 28 11:39:34  kernel: to enable, add \"vfs.zfs.prefetch_disable=0\" to \n/boot/loader.conf.\nJul 28 11:39:34  kernel: ZFS filesystem version 5\nJul 28 11:39:34  kernel: ZFS storage pool version 28\nJul 28 11:39:34  kernel: lapic: Divisor 2, Frequency 99753320 Hz\nJul 28 11:39:34  kernel: Timecounter \"TSC\" frequency 2793093128 Hz \nquality -100\nJul 28 11:39:34  kernel: Timecounters tick every 1.000 msec\nJul 28 11:39:34  kernel: vlan: initialized, using hash tables with chaining\nJul 28 11:39:34  kernel: lo0: bpf attached\nJul 28 11:39:34  kernel: hptrr: no controller detected.\nJul 28 11:39:34  kernel: ata0: Identifying devices: 00000000\nJul 28 11:39:34  kernel: ata0: New devices: 00000000\nJul 28 11:39:34  kernel: usbus0: 12Mbps Full Speed USB v1.0\nJul 28 11:39:34  kernel: usbus1: 12Mbps Full Speed USB v1.0\nJul 28 11:39:34  kernel: usbus2: 12Mbps Full Speed USB v1.0\nJul 28 11:39:34  kernel: usbus3: 12Mbps Full Speed USB v1.0\nJul 28 11:39:34  kernel: usbus4: 480Mbps High Speed USB v2.0\nJul 28 11:39:34  kernel: ahcich0: AHCI reset...\nJul 28 11:39:34  kernel: ugen0.1: \u003cIntel\u003e at usbus0\nJul 28 11:39:34  kernel: uhub0: \u003cIntel UHCI root HUB, class 9/0, rev \n1.00/1.00, addr 1\u003e on usbus0\nJul 28 11:39:34  kernel: ugen1.1: \u003cIntel\u003e at usbus1\nJul 28 11:39:34  kernel: uhub1: \u003cIntel UHCI root HUB, class 9/0, rev \n1.00/1.00, addr 1\u003e on usbus1\nJul 28 11:39:34  kernel: ugen2.1: \u003cIntel\u003e at usbus2\nJul 28 11:39:34  kernel: uhub2: \u003cIntel UHCI root HUB, class 9/0, rev \n1.00/1.00, addr 1\u003e on usbus2\nJul 28 11:39:34  kernel: ugen3.1: \u003cIntel\u003e at usbus3\nJul 28 11:39:34  kernel: uhub3: \u003cIntel UHCI root HUB, class 9/0, rev \n1.00/1.00, addr 1\u003e on usbus3\nJul 28 11:39:34  kernel: ugen4.1: \u003cIntel\u003e at usbus4\nJul 28 11:39:34  kernel: uhub4: \u003cIntel EHCI root HUB, class 9/0, rev \n2.00/1.00, addr 1\u003e on usbus4\nJul 28 11:39:34  kernel: ahcich0: SATA connect timeout status=00000000\nJul 28 11:39:34  kernel: ahcich0: AHCI reset done: phy reset found no device\nJul 28 11:39:34  kernel: ahcich1: AHCI reset...\nJul 28 11:39:34  kernel: ahcich1: SATA connect time=0ms status=00000133\nJul 28 11:39:34  kernel: ahcich1: ready wait time=202ms\nJul 28 11:39:34  kernel: ahcich1: AHCI reset done: device found\nJul 28 11:39:34  kernel: (aprobe0:ahcich1:0:0:0): SIGNATURE: 0043\nJul 28 11:39:34  kernel: (aprobe0:ahcich1:0:0:0): Unexpected signature \n0x0043\nJul 28 11:39:34  kernel: ahcich2: AHCI reset...\nJul 28 11:39:34  kernel: uhub0: 2 ports with 2 removable, self powered\nJul 28 11:39:34  kernel: uhub1: 2 ports with 2 removable, self powered\nJul 28 11:39:34  kernel: uhub2: 2 ports with 2 removable, self powered\nJul 28 11:39:34  kernel: uhub3: 2 ports with 2 removable, self powered\nJul 28 11:39:34  kernel: ahcich2: SATA connect timeout status=00000000\nJul 28 11:39:34  kernel: ahcich2: AHCI reset done: phy reset found no device\nJul 28 11:39:34  kernel: ahcich3: AHCI reset...\nJul 28 11:39:34  kernel: ahcich3: SATA connect timeout status=00000000\nJul 28 11:39:34  kernel: ahcich3: AHCI reset done: phy reset found no device\nJul 28 11:39:34  kernel: ahcich4: AHCI reset...\nJul 28 11:39:34  kernel: ahcich4: SATA connect timeout status=00000000\nJul 28 11:39:34  kernel: ahcich4: AHCI reset done: phy reset found no device\nJul 28 11:39:34  kernel: ahcich5: AHCI reset...\nJul 28 11:39:34  kernel: ahcich5: SATA connect timeout status=00000000\nJul 28 11:39:34  kernel: ahcich5: AHCI reset done: phy reset found no device\nJul 28 11:39:34  kernel: ahcich6: AHCI reset...\nJul 28 11:39:34  kernel: ahcich6: SATA connect timeout status=00000000\nJul 28 11:39:34  kernel: ahcich6: AHCI reset done: phy reset found no device\nJul 28 11:39:34  kernel: ahcich7: AHCI reset...\nJul 28 11:39:34  kernel: ahcich7: SATA connect time=0ms status=00000113\nJul 28 11:39:34  kernel: ahcich7: ready wait time=1ms\nJul 28 11:39:34  kernel: ahcich7: AHCI reset done: device found\nJul 28 11:39:34  kernel: (aprobe0:ahcich7:0:0:0): SIGNATURE: 0043\nJul 28 11:39:34  kernel: (aprobe0:ahcich7:0:0:0): Unexpected signature \n0x0043\nJul 28 11:39:34  kernel: ahcich8: AHCI reset...\nJul 28 11:39:34  kernel: ahcich8: SATA connect timeout status=00000000\nJul 28 11:39:34  kernel: ahcich8: AHCI reset done: phy reset found no device\nJul 28 11:39:34  kernel: ahcich9: AHCI reset...\nJul 28 11:39:34  kernel: ahcich9: SATA connect timeout status=00000000\nJul 28 11:39:34  kernel: ahcich9: AHCI reset done: phy reset found no device\nJul 28 11:39:34  kernel: ahcich10: AHCI reset...\nJul 28 11:39:34  kernel: ahcich10: SATA connect timeout status=00000000\nJul 28 11:39:34  kernel: ahcich10: AHCI reset done: phy reset found no \ndevice\nJul 28 11:39:34  kernel: ahcich11: AHCI reset...\nJul 28 11:39:34  kernel: ahcich11: SATA connect time=0ms status=00000123\nJul 28 11:39:34  kernel: ahcich11: ready wait time=0ms\nJul 28 11:39:34  kernel: ahcich11: AHCI reset done: device found\nJul 28 11:39:34  kernel: (aprobe0:ahcich11:0:0:0): SIGNATURE: 0000\nJul 28 11:39:34  kernel: pass0 at ahcich11 bus 0 scbus11 target 0 lun 0\nJul 28 11:39:34  kernel: pass0: \u003cC300-CTFDDAC064MAG 0007\u003e ATA-9 SATA 3.x \ndevice\nJul 28 11:39:34  kernel: pass0: Serial Number 0000000010340310B6EE\nJul 28 11:39:34  kernel: pass0: 300.000MB/s transfers (SATA 2.x, UDMA5, \nPIO 8192bytes)\nJul 28 11:39:34  kernel: pass0: Command Queueing enabled\nJul 28 11:39:34  kernel: ada0 at ahcich11 bus 0 scbus11 target 0 lun 0\nJul 28 11:39:34  kernel: ada0: \u003cC300-CTFDDAC064MAG 0007\u003e ATA-9 SATA 3.x \ndevice\nJul 28 11:39:34  kernel: ada0: Serial Number 0000000010340310B6EE\nJul 28 11:39:34  kernel: ada0: 300.000MB/s transfers (SATA 2.x, UDMA5, \nPIO 8192bytes)\nJul 28 11:39:34  kernel: ada0: Command Queueing enabled\nJul 28 11:39:34  kernel: ada0: 61057MB (125045424 512 byte sectors: 16H \n63S/T 16383C)\nJul 28 11:39:34  kernel: ATA PseudoRAID loaded\nJul 28 11:39:34  kernel: lapic1: Forcing LINT1 to edge trigger\nJul 28 11:39:34  kernel: SMP: AP CPU #1 Launched!\nJul 28 11:39:34  kernel: cpu1 AP:\nJul 28 11:39:34  kernel: ID: 0x01000000   VER: 0x00050014 LDR: \n0x00000000 DFR: 0xffffffff\nJul 28 11:39:34  kernel: lint0: 0x00010700 lint1: 0x00008400 TPR: \n0x00000000 SVR: 0x000001ff\nJul 28 11:39:34  kernel: timer: 0x000200ef therm: 0x00010000 err: \n0x000000f0 pmc: 0x00010400\nJul 28 11:39:34  kernel: ioapic0: routing intpin 9 (ISA IRQ 9) to lapic \n1 vector 48\nJul 28 11:39:34  kernel: ioapic0: routing intpin 18 (PCI IRQ 18) to \nlapic 1 vector 49\nJul 28 11:39:34  kernel: ioapic0: routing intpin 22 (PCI IRQ 22) to \nlapic 1 vector 50\nJul 28 11:39:34  kernel: msi: Assigning MSI IRQ 256 to local APIC 1 \nvector 51\nJul 28 11:39:34  kernel: msi: Assigning MSI IRQ 258 to local APIC 1 \nvector 52\nJul 28 11:39:34  kernel: GEOM: new disk ada0\nJul 28 11:39:34  kernel: Root mount waiting for: usbus4\nJul 28 11:39:34  kernel: Root mount waiting for: usbus4\nJul 28 11:39:34  kernel: uhub4: 8 ports with 8 removable, self powered\nJul 28 11:39:34  kernel: Trying to mount root from zfs:pool0ssd/root\nJul 28 11:39:34  kernel: ct_to_ts([2011-07-28 11:39:32]) = \n1311853172.000000000\nJul 28 11:39:34  kernel: start_init: trying /sbin/init\nJul 28 11:39:34  kernel: ugen0.2: \u003cDell\u003e at usbus0\nJul 28 11:39:34  kernel: ukbd0: \u003cEP1 Interrupt\u003e on usbus0\nJul 28 11:39:34  kernel: kbd2 at ukbd0\nJul 28 11:39:34  kernel: kbd2: ukbd0, generic (0), config:0x0, \nflags:0x3d0000\nJul 28 11:39:34  kernel: em0: Link is up 1000 Mbps Full Duplex\nJul 28 11:39:39  login: ROOT LOGIN (root) ON ttyv0\n\n"
}