{
 "id": 399401,
 "bug_id": 114086,
 "attachment_id": 0,
 "creation_time": "2007-06-28T03:10:06Z",
 "creator": "jhanna@pangolin-systems.com",
 "text": "\nThe two Ethernet interfaces on an NVIDIA nForce 680i based motherboard are\nrecognized as nfe0 and nfe1. They seem to obey media selection and do\nreceive packets, but transmitted packets don't seem to be actually sent.\nThe PHY is detected as a Marvell 88E1116.\nMay be related to PR: 106359.\n\nDmesg:\nCopyright (c) 1992-2007 The FreeBSD Project.\nCopyright (c) 1979, 1980, 1983, 1986, 1988, 1989, 1991, 1992, 1993, 1994\n\tThe Regents of the University of California. All rights reserved.\nFreeBSD is a registered trademark of The FreeBSD Foundation.\nFreeBSD 7.0-CURRENT #1: Tue Jun 26 20:22:58 PDT 2007\n    root@gbh.pangolin-systems.com:/usr/obj/usr/src/sys/GENERIC\nWARNING: WITNESS option enabled, expect reduced performance.\nTimecounter \"i8254\" frequency 1193182 Hz quality 0\nCPU: Intel(R) Core(TM)2 CPU          6600  @ 2.40GHz (2400.00-MHz 686-class CPU)\n  Origin = \"GenuineIntel\"  Id = 0x6f6  Stepping = 6\n  Features=0xbfebfbff\u003cFPU,VME,DE,PSE,TSC,MSR,PAE,MCE,CX8,APIC,SEP,MTRR,PGE,MCA,CMOV,PAT,PSE36,CLFLUSH,DTS,ACPI,MMX,FXSR,SSE,SSE2,SS,HTT,TM,PBE\u003e\n  Features2=0xe3bd\u003cSSE3,RSVD2,MON,DS_CPL,VMX,EST,TM2,SSSE3,CX16,xTPR,PDCM\u003e\n  AMD Features=0x20100000\u003cNX,LM\u003e\n  AMD Features2=0x1\u003cLAHF\u003e\n  Cores per package: 2\nreal memory  = 2146369536 (2046 MB)\navail memory = 2082430976 (1985 MB)\nACPI APIC Table: \u003cNvidia NVDAACPI\u003e\nFreeBSD/SMP: Multiprocessor System Detected: 2 CPUs\n cpu0 (BSP): APIC ID:  0\n cpu1 (AP): APIC ID:  1\nSecurity auditing service present\nBSM auditing present\nioapic0: Changing APIC ID to 4\nioapic0 \u003cVersion 1.1\u003e irqs 0-23 on motherboard\nkbd1 at kbdmux0\nath_hal: 0.9.20.3 (AR5210, AR5211, AR5212, RF5111, RF5112, RF2413, RF5413)\nacpi0: \u003cNvidia NVDAACPI\u003e on motherboard\nacpi0: [ITHREAD]\nacpi_hpet0: \u003cHigh Precision Event Timer\u003e iomem 0-0x3ff on acpi0\ndevice_attach: acpi_hpet0 attach returned 12\nacpi0: Power Button (fixed)\nacpi0: reservation of 0, a0000 (3) failed\nacpi0: reservation of 100000, 7fdf0000 (3) failed\nTimecounter \"ACPI-fast\" frequency 3579545 Hz quality 1000\nacpi_timer0: \u003c24-bit timer at 3.579545MHz\u003e port 0x1008-0x100b on acpi0\ncpu0: \u003cACPI CPU\u003e on acpi0\nacpi_throttle0: \u003cACPI CPU Throttling\u003e on cpu0\ncpu1: \u003cACPI CPU\u003e on acpi0\nacpi_button0: \u003cPower Button\u003e on acpi0\npcib0: \u003cACPI Host-PCI bridge\u003e port 0xcf8-0xcff on acpi0\npci0: \u003cACPI PCI bus\u003e on pcib0\npci0: \u003cmemory, RAM\u003e at device 0.1 (no driver attached)\npci0: \u003cmemory, RAM\u003e at device 0.2 (no driver attached)\npci0: \u003cmemory, RAM\u003e at device 0.3 (no driver attached)\npci0: \u003cmemory, RAM\u003e at device 0.4 (no driver attached)\npci0: \u003cmemory, RAM\u003e at device 0.5 (no driver attached)\npci0: \u003cmemory, RAM\u003e at device 0.6 (no driver attached)\npci0: \u003cmemory, RAM\u003e at device 0.7 (no driver attached)\npci0: \u003cmemory, RAM\u003e at device 1.0 (no driver attached)\npci0: \u003cmemory, RAM\u003e at device 1.1 (no driver attached)\npci0: \u003cmemory, RAM\u003e at device 1.2 (no driver attached)\npci0: \u003cmemory, RAM\u003e at device 1.3 (no driver attached)\npci0: \u003cmemory, RAM\u003e at device 1.4 (no driver attached)\npci0: \u003cmemory, RAM\u003e at device 1.5 (no driver attached)\npci0: \u003cmemory, RAM\u003e at device 1.6 (no driver attached)\npci0: \u003cmemory, RAM\u003e at device 2.0 (no driver attached)\npci0: \u003cmemory, RAM\u003e at device 2.1 (no driver attached)\npci0: \u003cmemory, RAM\u003e at device 2.2 (no driver attached)\npcib1: \u003cACPI PCI-PCI bridge\u003e at device 3.0 on pci0\npci1: \u003cACPI PCI bus\u003e on pcib1\nnvidia0: \u003cGeForce 7900 GS\u003e port 0x9c00-0x9c7f mem 0xcc000000-0xccffffff,0xb0000000-0xbfffffff,0xcd000000-0xcdffffff irq 16 at device 0.0 on pci1\nnvidia0: [GIANT-LOCKED]\nnvidia0: [ITHREAD]\npci0: \u003cmemory, RAM\u003e at device 9.0 (no driver attached)\nisab0: \u003cPCI-ISA bridge\u003e port 0xfc00-0xfc7f at device 10.0 on pci0\nisa0: \u003cISA bus\u003e on isab0\npci0: \u003cserial bus, SMBus\u003e at device 10.1 (no driver attached)\nohci0: \u003cOHCI (generic) USB controller\u003e mem 0xcffff000-0xcfffffff irq 20 at device 11.0 on pci0\nohci0: [GIANT-LOCKED]\nohci0: [ITHREAD]\nusb0: OHCI version 1.0, legacy support\nusb0: SMM does not respond, resetting\nusb0: \u003cOHCI (generic) USB controller\u003e on ohci0\nusb0: USB revision 1.0\nuhub0: \u003cnVidia OHCI root hub, class 9/0, rev 1.00/1.00, addr 1\u003e on usb0\nuhub0: 10 ports with 10 removable, self powered\nehci0: \u003cEHCI (generic) USB 2.0 controller\u003e mem 0xcfffe000-0xcfffe0ff irq 21 at device 11.1 on pci0\nehci0: [GIANT-LOCKED]\nehci0: [ITHREAD]\nusb1: EHCI version 1.0\nusb1: companion controller, 10 ports each: usb0\nusb1: \u003cEHCI (generic) USB 2.0 controller\u003e on ehci0\nusb1: USB revision 2.0\nuhub1: \u003cnVidia EHCI root hub, class 9/0, rev 2.00/1.00, addr 1\u003e on usb1\nuhub1: 10 ports with 10 removable, self powered\natapci0: \u003cnVidia nForce MCP55 UDMA133 controller\u003e port 0x1f0-0x1f7,0x3f6,0x170-0x177,0x376,0xec00-0xec0f at device 13.0 on pci0\nata0: \u003cATA channel 0\u003e on atapci0\nata0: [ITHREAD]\nata1: \u003cATA channel 1\u003e on atapci0\nata1: [ITHREAD]\natapci1: \u003cnVidia nForce MCP55 SATA300 controller\u003e port 0x9f0-0x9f7,0xbf0-0xbf3,0x970-0x977,0xb70-0xb73,0xd800-0xd80f mem 0xcfffd000-0xcfffdfff irq 22 at device 14.0 on pci0\natapci1: [ITHREAD]\nata2: \u003cATA channel 0\u003e on atapci1\nata2: [ITHREAD]\nata3: \u003cATA channel 1\u003e on atapci1\nata3: [ITHREAD]\natapci2: \u003cnVidia nForce MCP55 SATA300 controller\u003e port 0x9e0-0x9e7,0xbe0-0xbe3,0x960-0x967,0xb60-0xb63,0xc400-0xc40f mem 0xcfffc000-0xcfffcfff irq 23 at device 14.1 on pci0\natapci2: [ITHREAD]\nata4: \u003cATA channel 0\u003e on atapci2\nata4: [ITHREAD]\nata5: \u003cATA channel 1\u003e on atapci2\nata5: [ITHREAD]\natapci3: \u003cnVidia nForce MCP55 SATA300 controller\u003e port 0xc000-0xc007,0xbc00-0xbc03,0xb800-0xb807,0xb400-0xb403,0xb000-0xb00f mem 0xcfffb000-0xcfffbfff irq 20 at device 14.2 on pci0\natapci3: [ITHREAD]\nata6: \u003cATA channel 0\u003e on atapci3\nata6: [ITHREAD]\nata7: \u003cATA channel 1\u003e on atapci3\nata7: [ITHREAD]\npcib2: \u003cACPI PCI-PCI bridge\u003e at device 15.0 on pci0\npci2: \u003cACPI PCI bus\u003e on pcib2\nfwohci0: \u003cTexas Instruments TSB43AB22/A\u003e mem 0xcfeff000-0xcfeff7ff,0xcfef8000-0xcfefbfff irq 19 at device 7.0 on pci2\nfwohci0: [FILTER]\nfwohci0: OHCI version 1.10 (ROM=0)\nfwohci0: No. of Isochronous channels is 4.\nfwohci0: EUI64 1a:a2:3f:a9:00:04:4b:06\nfwohci0: Phy 1394a available S400, 2 ports.\nfwohci0: Link S400, max_rec 2048 bytes.\nfirewire0: \u003cIEEE1394(FireWire) bus\u003e on fwohci0\nfwe0: \u003cEthernet over FireWire\u003e on firewire0\nif_fwe0: Fake Ethernet address: 1a:a2:3f:04:4b:06\nfwe0: Ethernet address: 1a:a2:3f:04:4b:06\nfwip0: \u003cIP over FireWire\u003e on firewire0\nfwip0: Firewire address: 1a:a2:3f:a9:00:04:4b:06 @ 0xfffe00000000, S400, maxrec 2048\nsbp0: \u003cSBP-2/SCSI over FireWire\u003e on firewire0\ndcons_crom0: \u003cdcons configuration ROM\u003e on firewire0\ndcons_crom0: bus_addr 0x7d920000\nfwohci0: Initiate bus reset\nfwohci0: BUS reset\nfwohci0: node_id=0xc800ffc0, gen=1, CYCLEMASTER mode\nxl0: \u003c3Com 3c905C-TX Fast Etherlink XL\u003e port 0x8c00-0x8c7f mem 0xcfefe000-0xcfefe07f irq 17 at device 9.0 on pci2\nmiibus0: \u003cMII bus\u003e on xl0\nxlphy0: \u003c3c905C 10/100 internal PHY\u003e PHY 24 on miibus0\nxlphy0:  10baseT, 10baseT-FDX, 100baseTX, 100baseTX-FDX, auto\nxl0: Ethernet address: 00:01:02:6c:01:ad\nxl0: [ITHREAD]\npci2: \u003cmultimedia, video\u003e at device 10.0 (no driver attached)\npci0: \u003cmultimedia\u003e at device 15.1 (no driver attached)\nnfe0: \u003cNVIDIA nForce MCP55 Networking Adapter\u003e port 0xac00-0xac07 mem 0xcfffa000-0xcfffafff,0xcfff9000-0xcfff90ff,0xcfff8000-0xcfff800f irq 22 at device 17.0 on pci0\nmiibus1: \u003cMII bus\u003e on nfe0\ne1000phy0: \u003cMarvell 88E1116 Gigabit PHY\u003e PHY 1 on miibus1\ne1000phy0:  10baseT, 10baseT-FDX, 100baseTX, 100baseTX-FDX, 1000baseTX-FDX, auto\nnfe0: Ethernet address: 00:04:4b:05:8c:b4\nnfe0: [FILTER]\nnfe0: [FILTER]\nnfe0: [FILTER]\nnfe0: [FILTER]\nnfe0: [FILTER]\nnfe0: [FILTER]\nnfe0: [FILTER]\nnfe0: [FILTER]\nnfe1: \u003cNVIDIA nForce MCP55 Networking Adapter\u003e port 0xa800-0xa807 mem 0xcfff7000-0xcfff7fff,0xcfff6000-0xcfff60ff,0xcfff5000-0xcfff500f irq 23 at device 18.0 on pci0\nmiibus2: \u003cMII bus\u003e on nfe1\ne1000phy1: \u003cMarvell 88E1116 Gigabit PHY\u003e PHY 2 on miibus2\ne1000phy1:  10baseT, 10baseT-FDX, 100baseTX, 100baseTX-FDX, 1000baseTX-FDX, auto\nnfe1: Ethernet address: 00:04:4b:05:8c:b5\nnfe1: [FILTER]\nnfe1: [FILTER]\nnfe1: [FILTER]\nnfe1: [FILTER]\nnfe1: [FILTER]\nnfe1: [FILTER]\nnfe1: [FILTER]\nnfe1: [FILTER]\nacpi_hpet0: \u003cHigh Precision Event Timer\u003e iomem 0xfeff0000-0xfeff03ff irq 0,8 on acpi0\ndevice_attach: acpi_hpet0 attach returned 12\nsio0: \u003c16550A-compatible COM port\u003e port 0x3f8-0x3ff irq 4 flags 0x10 on acpi0\nsio0: type 16550A\nsio0: [FILTER]\nacpi_hpet0: \u003cHigh Precision Event Timer\u003e iomem 0xfeff0000-0xfeff03ff irq 0,8 on acpi0\ndevice_attach: acpi_hpet0 attach returned 12\npmtimer0 on isa0\norm0: \u003cISA Option ROMs\u003e at iomem 0xc0000-0xcdfff,0xd0000-0xd3fff,0xd4000-0xd57ff,0xd6000-0xd67ff pnpid ORM0000 on isa0\natkbdc0: \u003cKeyboard controller (i8042)\u003e at port 0x60,0x64 on isa0\natkbd0: \u003cAT Keyboard\u003e irq 1 on atkbdc0\nkbd0 at atkbd0\natkbd0: [GIANT-LOCKED]\natkbd0: [ITHREAD]\nppc0: parallel port not found.\nsc0: \u003cSystem console\u003e at flags 0x100 on isa0\nsc0: VGA \u003c16 virtual consoles, flags=0x300\u003e\nsio1: configured irq 3 not in bitmap of probed irqs 0\nsio1: port may not be enabled\nvga0: \u003cGeneric ISA VGA\u003e at port 0x3c0-0x3df iomem 0xa0000-0xbffff on isa0\nukbd0: \u003cvendor 0x060b USB MINI Keyboard, class 0/0, rev 1.10/0.31, addr 2\u003e on uhub0\nkbd2 at ukbd0\nums0: \u003cLogitech Optical USB Mouse, class 0/0, rev 2.00/3.40, addr 3\u003e on uhub0\nums0: 3 buttons and Z dir.\nTimecounters tick every 1.000 msec\nfirewire0: 1 nodes, maxhop \u003c= 0, cable IRM = 0 (me)\nfirewire0: bus manager 0 (me)\nad10: 476940MB \u003cSeagate ST3500630AS 3.AAK\u003e at ata5-master SATA300\nacd0: DVDR \u003cTSSTcorpCD/DVDW SH-S183L/SB01\u003e at ata6-master SATA150\nad14: 476940MB \u003cSeagate ST3500630AS 3.AAK\u003e at ata7-master SATA300\nSMP: AP CPU #1 Launched!\nWARNING: WITNESS option enabled, expect reduced performance.\nTrying to mount root from ufs:/dev/ad10s1a\n\n----\n\npciconf -lv:\n\nhostb0@pci0:0:0:\tclass=0x060000 card=0xc55e10de chip=0x03a110de rev=0xa2 hdr=0x00\n    vendor     = 'Nvidia Corp'\n    device     = 'C55 Host Bridge'\n    class      = bridge\n    subclass   = HOST-PCI\nnone0@pci0:0:1:\tclass=0x050000 card=0xc55e10de chip=0x03ac10de rev=0xa1 hdr=0x00\n    vendor     = 'Nvidia Corp'\n    device     = 'C55 Memory Controller'\n    class      = memory\n    subclass   = RAM\nnone1@pci0:0:2:\tclass=0x050000 card=0xc55e10de chip=0x03aa10de rev=0xa1 hdr=0x00\n    vendor     = 'Nvidia Corp'\n    device     = 'C55 Memory Controller'\n    class      = memory\n    subclass   = RAM\nnone2@pci0:0:3:\tclass=0x050000 card=0xc55e10de chip=0x03a910de rev=0xa1 hdr=0x00\n    vendor     = 'Nvidia Corp'\n    device     = 'C55 Memory Controller'\n    class      = memory\n    subclass   = RAM\nnone3@pci0:0:4:\tclass=0x050000 card=0xc55e10de chip=0x03ab10de rev=0xa1 hdr=0x00\n    vendor     = 'Nvidia Corp'\n    device     = 'C55 Memory Controller'\n    class      = memory\n    subclass   = RAM\nnone4@pci0:0:5:\tclass=0x050000 card=0xc55e10de chip=0x03a810de rev=0xa2 hdr=0x00\n    vendor     = 'Nvidia Corp'\n    device     = 'C55 Memory Controller'\n    class      = memory\n    subclass   = RAM\nnone5@pci0:0:6:\tclass=0x050000 card=0xc55e10de chip=0x03b510de rev=0xa1 hdr=0x00\n    vendor     = 'Nvidia Corp'\n    device     = 'C55 Memory Controller'\n    class      = memory\n    subclass   = RAM\nnone6@pci0:0:7:\tclass=0x050000 card=0xc55e10de chip=0x03b410de rev=0xa1 hdr=0x00\n    vendor     = 'Nvidia Corp'\n    device     = 'C55 Memory Controller'\n    class      = memory\n    subclass   = RAM\nnone7@pci0:1:0:\tclass=0x050000 card=0xc55e10de chip=0x03ad10de rev=0xa1 hdr=0x00\n    vendor     = 'Nvidia Corp'\n    device     = 'C55 Memory Controller'\n    class      = memory\n    subclass   = RAM\nnone8@pci0:1:1:\tclass=0x050000 card=0xc55e10de chip=0x03ae10de rev=0xa1 hdr=0x00\n    vendor     = 'Nvidia Corp'\n    device     = 'C55 Memory Controller'\n    class      = memory\n    subclass   = RAM\nnone9@pci0:1:2:\tclass=0x050000 card=0xc55e10de chip=0x03af10de rev=0xa1 hdr=0x00\n    vendor     = 'Nvidia Corp'\n    device     = 'C55 Memory Controller'\n    class      = memory\n    subclass   = RAM\nnone10@pci0:1:3:\tclass=0x050000 card=0xc55e10de chip=0x03b010de rev=0xa1 hdr=0x00\n    vendor     = 'Nvidia Corp'\n    device     = 'C55 Memory Controller'\n    class      = memory\n    subclass   = RAM\nnone11@pci0:1:4:\tclass=0x050000 card=0xc55e10de chip=0x03b110de rev=0xa1 hdr=0x00\n    vendor     = 'Nvidia Corp'\n    device     = 'C55 Memory Controller'\n    class      = memory\n    subclass   = RAM\nnone12@pci0:1:5:\tclass=0x050000 card=0xc55e10de chip=0x03b210de rev=0xa1 hdr=0x00\n    vendor     = 'Nvidia Corp'\n    device     = 'C55 Memory Controller'\n    class      = memory\n    subclass   = RAM\nnone13@pci0:1:6:\tclass=0x050000 card=0xc55e10de chip=0x03b310de rev=0xa1 hdr=0x00\n    vendor     = 'Nvidia Corp'\n    device     = 'C55 Memory Controller'\n    class      = memory\n    subclass   = RAM\nnone14@pci0:2:0:\tclass=0x050000 card=0xc55e10de chip=0x03b610de rev=0xa1 hdr=0x00\n    vendor     = 'Nvidia Corp'\n    device     = 'C55 Memory Controller'\n    class      = memory\n    subclass   = RAM\nnone15@pci0:2:1:\tclass=0x050000 card=0xc55e10de chip=0x03bc10de rev=0xa1 hdr=0x00\n    vendor     = 'Nvidia Corp'\n    class      = memory\n    subclass   = RAM\nnone16@pci0:2:2:\tclass=0x050000 card=0xc55e10de chip=0x03ba10de rev=0xa1 hdr=0x00\n    vendor     = 'Nvidia Corp'\n    device     = 'C55 Memory Controller'\n    class      = memory\n    subclass   = RAM\npcib1@pci0:3:0:\tclass=0x060400 card=0x0c5510de chip=0x03b710de rev=0xa1 hdr=0x01\n    vendor     = 'Nvidia Corp'\n    device     = 'C55 PCI Express bridge'\n    class      = bridge\n    subclass   = PCI-PCI\nnone17@pci0:9:0:\tclass=0x050000 card=0xc55e10de chip=0x036910de rev=0xa1 hdr=0x00\n    vendor     = 'Nvidia Corp'\n    device     = 'MCP55 Memory Controller'\n    class      = memory\n    subclass   = RAM\nisab0@pci0:10:0:\tclass=0x060100 card=0xc55e10de chip=0x036010de rev=0xa2 hdr=0x00\n    vendor     = 'Nvidia Corp'\n    device     = 'MCP55 LPC Bridge'\n    class      = bridge\n    subclass   = PCI-ISA\nnone18@pci0:10:1:\tclass=0x0c0500 card=0xc55e10de chip=0x036810de rev=0xa2 hdr=0x00\n    vendor     = 'Nvidia Corp'\n    device     = 'MCP55 SMBus'\n    class      = serial bus\n    subclass   = SMBus\nohci0@pci0:11:0:\tclass=0x0c0310 card=0xc55e10de chip=0x036c10de rev=0xa1 hdr=0x00\n    vendor     = 'Nvidia Corp'\n    device     = 'MCP55 USB Controller'\n    class      = serial bus\n    subclass   = USB\nehci0@pci0:11:1:\tclass=0x0c0320 card=0xc55e10de chip=0x036d10de rev=0xa2 hdr=0x00\n    vendor     = 'Nvidia Corp'\n    device     = 'MCP55 USB Controller'\n    class      = serial bus\n    subclass   = USB\natapci0@pci0:13:0:\tclass=0x01018a card=0xc55e10de chip=0x036e10de rev=0xa1 hdr=0x00\n    vendor     = 'Nvidia Corp'\n    device     = 'MCP55 IDE'\n    class      = mass storage\n    subclass   = ATA\natapci1@pci0:14:0:\tclass=0x010185 card=0xc55e10de chip=0x037f10de rev=0xa2 hdr=0x00\n    vendor     = 'Nvidia Corp'\n    device     = 'MCP55 SATA Controller'\n    class      = mass storage\n    subclass   = ATA\natapci2@pci0:14:1:\tclass=0x010185 card=0xc55e10de chip=0x037f10de rev=0xa2 hdr=0x00\n    vendor     = 'Nvidia Corp'\n    device     = 'MCP55 SATA Controller'\n    class      = mass storage\n    subclass   = ATA\natapci3@pci0:14:2:\tclass=0x010185 card=0xc55e10de chip=0x037f10de rev=0xa2 hdr=0x00\n    vendor     = 'Nvidia Corp'\n    device     = 'MCP55 SATA Controller'\n    class      = mass storage\n    subclass   = ATA\npcib2@pci0:15:0:\tclass=0x060401 card=0xcb8410de chip=0x037010de rev=0xa2 hdr=0x01\n    vendor     = 'Nvidia Corp'\n    device     = 'MCP55 PCI bridge'\n    class      = bridge\n    subclass   = PCI-PCI\npcm0@pci0:15:1:\tclass=0x040300 card=0xc55e10de chip=0x037110de rev=0xa2 hdr=0x00\n    vendor     = 'Nvidia Corp'\n    device     = 'MCP55 High Definition Audio'\n    class      = multimedia\nnfe0@pci0:17:0:\tclass=0x068000 card=0xc55e10de chip=0x037310de rev=0xa2 hdr=0x00\n    vendor     = 'Nvidia Corp'\n    device     = 'MCP55 Ethernet'\n    class      = bridge\nnfe1@pci0:18:0:\tclass=0x068000 card=0xc55e10de chip=0x037310de rev=0xa2 hdr=0x00\n    vendor     = 'Nvidia Corp'\n    device     = 'MCP55 Ethernet'\n    class      = bridge\nnvidia0@pci1:0:0:\tclass=0x030000 card=0xc6243842 chip=0x029210de rev=0xa1 hdr=0x00\n    vendor     = 'Nvidia Corp'\n    device     = 'GeForce 7900 GS'\n    class      = display\n    subclass   = VGA\nfwohci0@pci2:7:0:\tclass=0x0c0010 card=0xc55e10de chip=0x8023104c rev=0x00 hdr=0x00\n    vendor     = 'Texas Instruments (TI)'\n    device     = 'TSB43AB21/A IEEE1394a-2000 OHCI PHY/Link-Layer Ctrlr'\n    class      = serial bus\n    subclass   = FireWire\nxl0@pci2:9:0:\tclass=0x020000 card=0x100010b7 chip=0x920010b7 rev=0x74 hdr=0x00\n    vendor     = '3COM Corp, Networking Division'\n    device     = '3C905C-TX Fast EtherLink for PC Management NIC'\n    class      = network\n    subclass   = ethernet\nnone19@pci2:10:0:\tclass=0x040000 card=0x40010070 chip=0x08034444 rev=0x01 hdr=0x00\n    vendor     = 'Conexant Inc (Was: Globespan, ICompression Inc)'\n    device     = 'iTVC15/CX23415 MPEG Codec'\n    class      = multimedia\n    subclass   = video"
}