{
 "id": 475391,
 "bug_id": 129750,
 "attachment_id": 0,
 "creation_time": "2008-12-19T04:00:08Z",
 "creator": "zzerver@gmail.com",
 "text": "Fujitsu A6020 Lifebook series, 1g ram, 120g hard, integrate Atheros AR5006ESX\n\ndmesg output:\n\nCopyright (c) 1992-2008 The FreeBSD Project.\nCopyright (c) 1979, 1980, 1983, 1986, 1988, 1989, 1991, 1992, 1993, 1994\n\tThe Regents of the University of California. All rights reserved.\nFreeBSD is a registered trademark of The FreeBSD Foundation.\nFreeBSD 6.3-RC2 #1: Thu Dec 18 17:56:27 UTC 2008\n    root@alex:/usr/obj/usr/src/sys/ALEX\nACPI APIC Table: \u003cFUJ    FJNB1D5 \u003e\nTimecounter \"i8254\" frequency 1193182 Hz quality 0\nCPU: Genuine Intel(R) CPU           T2130  @ 1.86GHz (1862.01-MHz 686-class CPU)\n  Origin = \"GenuineIntel\"  Id = 0x6ec  Stepping = 12\n  Features=0xbfe9fbff\u003cFPU,VME,DE,PSE,TSC,MSR,PAE,MCE,CX8,APIC,SEP,MTRR,PGE,MCA,CMOV,PAT,CLFLUSH,DTS,ACPI,MMX,FXSR,SSE,SSE2,SS,HTT,TM,PBE\u003e\n  Features2=0xc189\u003cSSE3,MON,EST,TM2,xTPR,PDCM\u003e\n  AMD Features=0x100000\u003cNX\u003e\n  Cores per package: 2\nreal memory  = 1064173568 (1014 MB)\navail memory = 1027805184 (980 MB)\nioapic0 \u003cVersion 2.0\u003e irqs 0-23 on motherboard\nkbd1 at kbdmux0\nath_hal: 0.10.5.6 (AR5210, AR5211, AR5212, AR5416, RF5111, RF5112, RF2413, RF5413, RF2133, RF2425, RF2417)\nhptrr: HPT RocketRAID controller driver v1.1 (Dec 18 2008 17:56:13)\nacpi0: \u003cFUJ PC\u003e on motherboard\nacpi0: Power Button (fixed)\nTimecounter \"HPET\" frequency 14318180 Hz quality 900\nTimecounter \"ACPI-fast\" frequency 3579545 Hz quality 1000\nacpi_timer0: \u003c24-bit timer at 3.579545MHz\u003e port 0x1008-0x100b on acpi0\nacpi_ec0: \u003cEmbedded Controller: GPE 0x17\u003e port 0x62,0x66 on acpi0\ncpu0: \u003cACPI CPU\u003e on acpi0\nest0: \u003cEnhanced SpeedStep Frequency Control\u003e on cpu0\np4tcc0: \u003cCPU Frequency Thermal Control\u003e on cpu0\npcib0: \u003cACPI Host-PCI bridge\u003e port 0xcf8-0xcff on acpi0\npci0: \u003cACPI PCI bus\u003e on pcib0\nagp0: \u003cIntel 82945GM (945GM GMCH) SVGA controller\u003e port 0x1800-0x1807 mem 0xf0300000-0xf037ffff,0xe0000000-0xefffffff,0xf0400000-0xf043ffff irq 16 at device 2.0 on pci0\nagp0: detected 7932k stolen memory\nagp0: aperture size is 256M\npci0: \u003cdisplay\u003e at device 2.1 (no driver attached)\npcm0: \u003cIntel 82801G High Definition Audio Controller\u003e mem 0xf0640000-0xf0643fff irq 17 at device 27.0 on pci0\npcib1: \u003cACPI PCI-PCI bridge\u003e irq 22 at device 28.0 on pci0\npci2: \u003cACPI PCI bus\u003e on pcib1\nmskc0: \u003cMarvell Yukon 88E8055 Gigabit Ethernet\u003e port 0x2000-0x20ff mem 0xf0100000-0xf0103fff irq 16 at device 0.0 on pci2\nmsk0: \u003cMarvell Technology Group Ltd. Yukon EC Ultra Id 0xb4 Rev 0x03\u003e on mskc0\nmsk0: Ethernet address: 00:17:42:70:88:1c\nmiibus0: \u003cMII bus\u003e on msk0\ne1000phy0: \u003cMarvell 88E1149 Gigabit PHY\u003e on miibus0\ne1000phy0:  10baseT, 10baseT-FDX, 100baseTX, 100baseTX-FDX, 1000baseTX-FDX, auto\nmskc0: [FAST]\npcib2: \u003cACPI PCI-PCI bridge\u003e irq 21 at device 28.1 on pci0\npci3: \u003cACPI PCI bus\u003e on pcib2\npcib3: \u003cACPI PCI-PCI bridge\u003e irq 20 at device 28.2 on pci0\npci5: \u003cACPI PCI bus\u003e on pcib3\nath0: \u003cAtheros 5424/2424\u003e mem 0xf0000000-0xf000ffff irq 18 at device 0.0 on pci5\nath0: cannot map register space\ndevice_attach: ath0 attach returned 6\nuhci0: \u003cUHCI (generic) USB controller\u003e port 0x1820-0x183f irq 23 at device 29.0 on pci0\nuhci0: [GIANT-LOCKED]\nusb0: \u003cUHCI (generic) USB controller\u003e on uhci0\nusb0: USB revision 1.0\nuhub0: Intel UHCI root hub, class 9/0, rev 1.00/1.00, addr 1\nuhub0: 2 ports with 2 removable, self powered\nuhci1: \u003cUHCI (generic) USB controller\u003e port 0x1840-0x185f irq 20 at device 29.1 on pci0\nuhci1: [GIANT-LOCKED]\nusb1: \u003cUHCI (generic) USB controller\u003e on uhci1\nusb1: USB revision 1.0\nuhub1: Intel UHCI root hub, class 9/0, rev 1.00/1.00, addr 1\nuhub1: 2 ports with 2 removable, self powered\nuhci2: \u003cUHCI (generic) USB controller\u003e port 0x1860-0x187f irq 18 at device 29.2 on pci0\nuhci2: [GIANT-LOCKED]\nusb2: \u003cUHCI (generic) USB controller\u003e on uhci2\nusb2: USB revision 1.0\nuhub2: Intel UHCI root hub, class 9/0, rev 1.00/1.00, addr 1\nuhub2: 2 ports with 2 removable, self powered\nuhci3: \u003cUHCI (generic) USB controller\u003e port 0x1880-0x189f irq 16 at device 29.3 on pci0\nuhci3: [GIANT-LOCKED]\nusb3: \u003cUHCI (generic) USB controller\u003e on uhci3\nusb3: USB revision 1.0\nuhub3: Intel UHCI root hub, class 9/0, rev 1.00/1.00, addr 1\nuhub3: 2 ports with 2 removable, self powered\nehci0: \u003cIntel 82801GB/R (ICH7) USB 2.0 controller\u003e mem 0xf0644000-0xf06443ff irq 23 at device 29.7 on pci0\nehci0: [GIANT-LOCKED]\nusb4: EHCI version 1.0\nusb4: companion controllers, 2 ports each: usb0 usb1 usb2 usb3\nusb4: \u003cIntel 82801GB/R (ICH7) USB 2.0 controller\u003e on ehci0\nusb4: USB revision 2.0\nuhub4: Intel EHCI root hub, class 9/0, rev 2.00/1.00, addr 1\nuhub4: 8 ports with 8 removable, self powered\npcib4: \u003cACPI PCI-PCI bridge\u003e at device 30.0 on pci0\npci8: \u003cACPI PCI bus\u003e on pcib4\ncbb0: \u003cPCI-CardBus Bridge\u003e irq 16 at device 3.0 on pci8\ncardbus0: \u003cCardBus bus\u003e on cbb0\npccard0: \u003c16-bit PCCard bus\u003e on cbb0\npci8: \u003cbase peripheral\u003e at device 3.2 (no driver attached)\npci8: \u003cmass storage\u003e at device 3.3 (no driver attached)\nfwohci0: \u003c1394 Open Host Controller Interface\u003e mem 0xf0201000-0xf0201fff,0xf0202000-0xf02027ff irq 16 at device 3.4 on pci8\nfwohci0: OHCI version 1.10 (ROM=0)\nfwohci0: No. of Isochronous channels is 8.\nfwohci0: EUI64 00:00:0e:10:03:ca:27:a6\nfwohci0: Phy 1394a available S400, 2 ports.\nfwohci0: Link S400, max_rec 2048 bytes.\nfirewire0: \u003cIEEE1394(FireWire) bus\u003e on fwohci0\nfwe0: \u003cEthernet over FireWire\u003e on firewire0\nif_fwe0: Fake Ethernet address: 02:00:0e:ca:27:a6\nfwe0: Ethernet address: 02:00:0e:ca:27:a6\nfwe0: if_start running deferred for Giant\nsbp0: \u003cSBP-2/SCSI over FireWire\u003e on firewire0\nfwohci0: Initiate bus reset\nfwohci0: BUS reset\nfwohci0: node_id=0xc000ffc0, gen=1, CYCLEMASTER mode\nfirewire0: 1 nodes, maxhop \u003c= 0, cable IRM = 0 (me)\nfirewire0: bus manager 0 (me)\nisab0: \u003cPCI-ISA bridge\u003e at device 31.0 on pci0\nisa0: \u003cISA bus\u003e on isab0\natapci0: \u003cIntel ICH7 UDMA100 controller\u003e port 0x1f0-0x1f7,0x3f6,0x170-0x177,0x376,0x1810-0x181f at device 31.1 on pci0\nata0: \u003cATA channel 0\u003e on atapci0\nata1: \u003cATA channel 1\u003e on atapci0\natapci1: \u003cIntel AHCI controller\u003e port 0x18d0-0x18d7,0x18c4-0x18c7,0x18c8-0x18cf,0x18c0-0x18c3,0x18b0-0x18bf mem 0xf0644400-0xf06447ff irq 19 at device 31.2 on pci0\natapci1: AHCI Version 01.10 controller with 4 ports detected\nata2: \u003cATA channel 0\u003e on atapci1\nata3: \u003cATA channel 1\u003e on atapci1\nata3: port not implemented\nata4: \u003cATA channel 2\u003e on atapci1\nata5: \u003cATA channel 3\u003e on atapci1\nata5: port not implemented\npci0: \u003cserial bus, SMBus\u003e at device 31.3 (no driver attached)\nacpi_lid0: \u003cControl Method Lid Switch\u003e on acpi0\nacpi_button0: \u003cPower Button\u003e on acpi0\nacpi_acad0: \u003cAC Adapter\u003e on acpi0\nbattery0: \u003cACPI Control Method Battery\u003e on acpi0\nacpi_tz0: \u003cThermal Zone\u003e on acpi0\nacpi_tz1: \u003cThermal Zone\u003e on acpi0\natkbdc0: \u003cKeyboard controller (i8042)\u003e port 0x60,0x64 irq 1 on acpi0\natkbd0: \u003cAT Keyboard\u003e irq 1 on atkbdc0\nkbd0 at atkbd0\natkbd0: [GIANT-LOCKED]\npsm0: \u003cPS/2 Mouse\u003e irq 12 on atkbdc0\npsm0: [GIANT-LOCKED]\npsm0: model GlidePoint, device ID 0\npmtimer0 on isa0\norm0: \u003cISA Option ROM\u003e at iomem 0xcf000-0xcffff on isa0\nsc0: \u003cSystem console\u003e at flags 0x100 on isa0\nsc0: VGA \u003c16 virtual consoles, flags=0x300\u003e\nvga0: \u003cGeneric ISA VGA\u003e at port 0x3c0-0x3df iomem 0xa0000-0xbffff on isa0\nppc0: parallel port not found.\nsio0: configured irq 4 not in bitmap of probed irqs 0\nsio0: port may not be enabled\nsio0 at port 0x3f8-0x3ff irq 4 flags 0x10 on isa0\nsio0: type 8250 or not responding\nsio1: configured irq 3 not in bitmap of probed irqs 0\nsio1: port may not be enabled\nugen0: vendor 0x08ff Fingerprint Sensor, rev 1.10/6.21, addr 2\nTimecounter \"TSC\" frequency 1862013706 Hz quality 800\nTimecounters tick every 1.000 msec\nhptrr: no controller detected.\nacd0: DVDR \u003cOptiarc DVD RW AD-7540A/1.54\u003e at ata0-master UDMA33\nad4: 114473MB \u003cWDC WD1200BEVS-26RST0 04.01G04\u003e at ata2-master SATA150\npcm0: \u003cHDA Codec: Realtek ALC262\u003e\npcm0: \u003cHDA Driver Revision: 20071129_0050\u003e\ncd0 at ata0 bus 0 target 0 lun 0\ncd0: \u003cOptiarc DVD RW AD-7540A 1.54\u003e Removable CD-ROM SCSI-0 device \ncd0: 33.000MB/s transfers\ncd0: Attempt to query device size failed: NOT READY, Medium not present\nTrying to mount root from ufs:/dev/ad4s4a\n\ncat /usr/src/i386/sys/conf/ALEX\n                                             \n#\n# GENERIC -- Generic kernel configuration file for FreeBSD/i386\n#\n# For more information on this file, please read the handbook section on\n# Kernel Configuration Files:\n#\n#    http://www.FreeBSD.org/doc/en_US.ISO8859-1/books/handbook/kernelconfig-config.html\n#\n# The handbook is also available locally in /usr/share/doc/handbook\n# if you've installed the doc distribution, otherwise always see the\n# FreeBSD World Wide Web server (http://www.FreeBSD.org/) for the\n# latest information.\n#\n# An exhaustive list of options and more detailed explanations of the\n# device lines is also present in the ../../conf/NOTES and NOTES files.\n# If you are in doubt as to the purpose or necessity of a line, check first\n# in NOTES.\n#\n# $FreeBSD: src/sys/i386/conf/GENERIC,v 1.429.2.14.2.1 2007/12/15 06:32:32 scottl Exp $\n\nmachine\t\ti386\n#cpu\t\tI486_CPU\n#cpu\t\tI586_CPU\ncpu\t\tI686_CPU\nident\t\tALEX\noptions         SMP\n# To statically compile in device wiring instead of /boot/device.hints\n#hints\t\t\"GENERIC.hints\"\t\t# Default places to look for devices.\n\nmakeoptions\tDEBUG=-g\t\t# Build kernel with gdb(1) debug symbols\n\noptions \tSCHED_4BSD\t\t# 4BSD scheduler\noptions \tPREEMPTION\t\t# Enable kernel thread preemption\noptions \tINET\t\t\t# InterNETworking\noptions \tINET6\t\t\t# IPv6 communications protocols\noptions \tFFS\t\t\t# Berkeley Fast Filesystem\noptions \tSOFTUPDATES\t\t# Enable FFS soft updates support\noptions \tUFS_ACL\t\t\t# Support for access control lists\noptions \tUFS_DIRHASH\t\t# Improve performance on big directories\noptions \tMD_ROOT\t\t\t# MD is a potential root device\noptions \tNFSCLIENT\t\t# Network Filesystem Client\noptions \tNFSSERVER\t\t# Network Filesystem Server\noptions \tNFS_ROOT\t\t# NFS usable as /, requires NFSCLIENT\noptions \tMSDOSFS\t\t\t# MSDOS Filesystem\noptions \tCD9660\t\t\t# ISO 9660 Filesystem\noptions \tPROCFS\t\t\t# Process filesystem (requires PSEUDOFS)\noptions \tPSEUDOFS\t\t# Pseudo-filesystem framework\noptions \tGEOM_GPT\t\t# GUID Partition Tables.\noptions \tCOMPAT_43\t\t# Compatible with BSD 4.3 [KEEP THIS!]\noptions \tCOMPAT_FREEBSD4\t\t# Compatible with FreeBSD4\noptions \tCOMPAT_FREEBSD5\t\t# Compatible with FreeBSD5\noptions \tSCSI_DELAY=5000\t\t# Delay (in ms) before probing SCSI\noptions \tKTRACE\t\t\t# ktrace(1) support\noptions \tSYSVSHM\t\t\t# SYSV-style shared memory\noptions \tSYSVMSG\t\t\t# SYSV-style message queues\noptions \tSYSVSEM\t\t\t# SYSV-style semaphores\noptions \t_KPOSIX_PRIORITY_SCHEDULING # POSIX P1003_1B real-time extensions\noptions \tKBD_INSTALL_CDEV\t# install a CDEV entry in /dev\noptions \tADAPTIVE_GIANT\t\t# Giant mutex is adaptive.\n\ndevice\t\tapic\t\t\t# I/O APIC\n\n# Bus support.\n#device\t\teisa\ndevice\t\tpci\n\n# Floppy drives\n#device\t\tfdc\n\n# ATA and ATAPI devices\ndevice\t\tata\ndevice\t\tatadisk\t\t# ATA disk drives\ndevice\t\tataraid\t\t# ATA RAID drives\ndevice\t\tatapicd\t\t# ATAPI CDROM drives\ndevice\t\tatapifd\t\t# ATAPI floppy drives\ndevice\t\tatapist\t\t# ATAPI tape drives\noptions \tATA_STATIC_ID\t# Static device numbering\n\n# SCSI Controllers\ndevice\t\tahb\t\t# EISA AHA1742 family\ndevice\t\tahc\t\t# AHA2940 and onboard AIC7xxx devices\noptions \tAHC_REG_PRETTY_PRINT\t# Print register bitfields in debug\n\t\t\t\t\t# output.  Adds ~128k to driver.\ndevice\t\tahd\t\t# AHA39320/29320 and onboard AIC79xx devices\noptions \tAHD_REG_PRETTY_PRINT\t# Print register bitfields in debug\n\t\t\t\t\t# output.  Adds ~215k to driver.\ndevice\t\tamd\t\t# AMD 53C974 (Tekram DC-390(T))\ndevice\t\tisp\t\t# Qlogic family\n#device \tispfw\t\t# Firmware for QLogic HBAs- normally a module\ndevice\t\tmpt\t\t# LSI-Logic MPT-Fusion\n#device\t\tncr\t\t# NCR/Symbios Logic\ndevice\t\tsym\t\t# NCR/Symbios Logic (newer chipsets + those of `ncr')\ndevice\t\ttrm\t\t# Tekram DC395U/UW/F DC315U adapters\n\ndevice\t\tadv\t\t# Advansys SCSI adapters\ndevice\t\tadw\t\t# Advansys wide SCSI adapters\ndevice\t\taha\t\t# Adaptec 154x SCSI adapters\ndevice\t\taic\t\t# Adaptec 15[012]x SCSI adapters, AIC-6[23]60.\ndevice\t\tbt\t\t# Buslogic/Mylex MultiMaster SCSI adapters\n\ndevice\t\tncv\t\t# NCR 53C500\ndevice\t\tnsp\t\t# Workbit Ninja SCSI-3\ndevice\t\tstg\t\t# TMC 18C30/18C50\n\n# SCSI peripherals\n#device\t\tscbus\t\t# SCSI bus (required for SCSI)\n#device\t\tch\t\t# SCSI media changers\n#device\t\tda\t\t# Direct Access (disks)\n#device\t\tsa\t\t# Sequential Access (tape etc)\n#device\t\tcd\t\t# CD\n#device\t\tpass\t\t# Passthrough device (direct SCSI access)\n#device\t\tses\t\t# SCSI Environmental Services (and SAF-TE)\n\n# RAID controllers interfaced to the SCSI subsystem\n#device\t\tamr\t\t# AMI MegaRAID\n#device\t\tarcmsr\t\t# Areca SATA II RAID\n#device\t\tasr\t\t# DPT SmartRAID V, VI and Adaptec SCSI RAID\n#device\t\tciss\t\t# Compaq Smart RAID 5*\n#device\t\tdpt\t\t# DPT Smartcache III, IV - See NOTES for options\n#device\t\thptmv\t\t# Highpoint RocketRAID 182x\n#device\t\thptrr\t\t# Highpoint RocketRAID 17xx, 22xx, 23xx, 25xx\n#device\t\trr232x\t\t# Highpoint RocketRAID 232x\n#device\t\tiir\t\t# Intel Integrated RAID\n#device\t\tips\t\t# IBM (Adaptec) ServeRAID\n#device\t\tmly\t\t# Mylex AcceleRAID/eXtremeRAID\n#device\t\ttwa\t\t# 3ware 9000 series PATA/SATA RAID\n\n# RAID controllers\n#device\t\taac\t\t# Adaptec FSA RAID\n#device\t\taacp\t\t# SCSI passthrough for aac (requires CAM)\n#device\t\tida\t\t# Compaq Smart RAID\n#device\t\tmfi\t\t# LSI MegaRAID SAS\n#device\t\tmlx\t\t# Mylex DAC960 family\n#device\t\tpst\t\t# Promise Supertrak SX6000\n#device\t\ttwe\t\t# 3ware ATA RAID\n\n# atkbdc0 controls both the keyboard and the PS/2 mouse\ndevice\t\tatkbdc\t\t# AT keyboard controller\ndevice\t\tatkbd\t\t# AT keyboard\ndevice\t\tpsm\t\t# PS/2 mouse\n\ndevice\t\tkbdmux\t\t# keyboard multiplexer\n\ndevice\t\tvga\t\t# VGA video card driver\n\ndevice\t\tsplash\t\t# Splash screen and screen saver support\n\n# syscons is the default console driver, resembling an SCO console\ndevice\t\tsc\n\n# Enable this for the pcvt (VT220 compatible) console driver\n#device\t\tvt\n#options \tXSERVER\t\t# support for X server on a vt console\n#options \tFAT_CURSOR\t# start with block cursor\n\ndevice\t\tagp\t\t# support several AGP chipsets\n\n# Power management support (see NOTES for more options)\n#device\t\tapm\n# Add suspend/resume support for the i8254.\ndevice\t\tpmtimer\n\n# PCCARD (PCMCIA) support\n# PCMCIA and cardbus bridge support\ndevice\t\tcbb\t\t# cardbus (yenta) bridge\ndevice\t\tpccard\t\t# PC Card (16-bit) bus\ndevice\t\tcardbus\t\t# CardBus (32-bit) bus\n\n# Serial (COM) ports\ndevice\t\tsio\t\t# 8250, 16[45]50 based serial ports\n\n# Parallel port\ndevice\t\tppc\ndevice\t\tppbus\t\t# Parallel port bus (required)\ndevice\t\tlpt\t\t# Printer\ndevice\t\tplip\t\t# TCP/IP over parallel\ndevice\t\tppi\t\t# Parallel port interface device\n#device\t\tvpo\t\t# Requires scbus and da\n\n# If you've got a \"dumb\" serial or parallel PCI card that is\n# supported by the puc(4) glue driver, uncomment the following\n# line to enable it (connects to the sio and/or ppc drivers):\n#device\t\tpuc\n\n# PCI Ethernet NICs.\n#device\t\tde\t\t# DEC/Intel DC21x4x (``Tulip'')\n#device\t\tem\t\t# Intel PRO/1000 adapter Gigabit Ethernet Card\n#device\t\tixgb\t\t# Intel PRO/10GbE Ethernet Card\n#device\t\ttxp\t\t# 3Com 3cR990 (``Typhoon'')\n#device\t\tvx\t\t# 3Com 3c590, 3c595 (``Vortex'')\n\n# PCI Ethernet NICs that use the common MII bus controller code.\n# NOTE: Be sure to keep the 'device miibus' line in order to use these NICs!\ndevice\t\tmiibus\t\t# MII bus support\n#device\t\tbce\t\t# Broadcom BCM5706/BCM5708 Gigabit Ethernet\n#device\t\tbfe\t\t# Broadcom BCM440x 10/100 Ethernet\n#device\t\tbge\t\t# Broadcom BCM570xx Gigabit Ethernet\n#device\t\tdc\t\t# DEC/Intel 21143 and various workalikes\n#device\t\tfxp\t\t# Intel EtherExpress PRO/100B (82557, 82558)\n#device\t\tlge\t\t# Level 1 LXT1001 gigabit Ethernet\ndevice\t\tmsk\t\t# Marvell/SysKonnect Yukon II Gigabit Ethernet\n#device\t\tnge\t\t# NatSemi DP83820 gigabit Ethernet\n#device\t\tnve\t\t# nVidia nForce MCP on-board Ethernet Networking\n#device\t\tpcn\t\t# AMD Am79C97x PCI 10/100(precedence over 'lnc')\n#device\t\tre\t\t# RealTek 8139C+/8169/8169S/8110S\n#device\t\trl\t\t# RealTek 8129/8139\n#device\t\tsf\t\t# Adaptec AIC-6915 (``Starfire'')\n#device\t\tsis\t\t# Silicon Integrated Systems SiS 900/SiS 7016\n#device\t\tsk\t\t# SysKonnect SK-984x \u0026 SK-982x gigabit Ethernet\n#device\t\tste\t\t# Sundance ST201 (D-Link DFE-550TX)\n#device\t\tstge\t\t# Sundance/Tamarack TC9021 gigabit Ethernet\n#device\t\tti\t\t# Alteon Networks Tigon I/II gigabit Ethernet\n#device\t\ttl\t\t# Texas Instruments ThunderLAN\n#device\t\ttx\t\t# SMC EtherPower II (83c170 ``EPIC'')\n#device\t\tvge\t\t# VIA VT612x gigabit Ethernet\n#device\t\tvr\t\t# VIA Rhine, Rhine II\n#device\t\twb\t\t# Winbond W89C840F\n#device\t\txl\t\t# 3Com 3c90x (``Boomerang'', ``Cyclone'')\n\n# ISA Ethernet NICs.  pccard NICs included.\n#device\t\tcs\t\t# Crystal Semiconductor CS89x0 NIC\n# 'device ed' requires 'device miibus'\n#device\t\ted\t\t# NE[12]000, SMC Ultra, 3c503, DS8390 cards\n#device\t\tex\t\t# Intel EtherExpress Pro/10 and Pro/10+\n#device\t\tep\t\t# Etherlink III based cards\n#device\t\tfe\t\t# Fujitsu MB8696x based cards\n#device\t\tie\t\t# EtherExpress 8/16, 3C507, StarLAN 10 etc.\n#device\t\tlnc\t\t# NE2100, NE32-VL Lance Ethernet cards\n#device\t\tsn\t\t# SMC's 9000 series of Ethernet chips\n#device\t\txe\t\t# Xircom pccard Ethernet\n\n# Wireless NIC cards\ndevice\t\twlan\t\t# 802.11 support\ndevice\t\twlan_wep\t# 802.11 WEP support\ndevice\t\twlan_ccmp\t# 802.11 CCMP support\ndevice\t\twlan_tkip\t# 802.11 TKIP support\n#device\t\tan\t\t# Aironet 4500/4800 802.11 wireless NICs.\ndevice\t\tath\t\t# Atheros pci/cardbus NIC's\ndevice\t\tath_hal\t\t# Atheros HAL (Hardware Access Layer)\ndevice\t\tath_rate_sample\t# SampleRate tx rate control for ath\n#device\t\tawi\t\t# BayStack 660 and others\n#device\t\tral\t\t# Ralink Technology RT2500 wireless NICs.\n#device\t\twi\t\t# WaveLAN/Intersil/Symbol 802.11 wireless NICs.\n#device\t\twl\t\t# Older non 802.11 Wavelan wireless NIC.\n\n# Pseudo devices.\ndevice\t\tloop\t\t# Network loopback\ndevice\t\trandom\t\t# Entropy device\ndevice\t\tether\t\t# Ethernet support\ndevice\t\tsl\t\t# Kernel SLIP\ndevice\t\tppp\t\t# Kernel PPP\ndevice\t\ttun\t\t# Packet tunnel.\ndevice\t\tpty\t\t# Pseudo-ttys (telnet etc)\ndevice\t\tmd\t\t# Memory \"disks\"\ndevice\t\tgif\t\t# IPv6 and IPv4 tunneling\ndevice\t\tfaith\t\t# IPv6-to-IPv4 relaying (translation)\n\n# The `bpf' device enables the Berkeley Packet Filter.\n# Be aware of the administrative consequences of enabling this!\n# Note that 'bpf' is required for DHCP.\ndevice\t\tbpf\t\t# Berkeley packet filter\n\n# USB support\ndevice\t\tuhci\t\t# UHCI PCI-\u003eUSB interface\ndevice\t\tohci\t\t# OHCI PCI-\u003eUSB interface\ndevice\t\tehci\t\t# EHCI PCI-\u003eUSB interface (USB 2.0)\ndevice\t\tusb\t\t# USB Bus (required)\n#device\t\tudbp\t\t# USB Double Bulk Pipe devices\ndevice\t\tugen\t\t# Generic\ndevice\t\tuhid\t\t# \"Human Interface Devices\"\ndevice\t\tukbd\t\t# Keyboard\ndevice\t\tulpt\t\t# Printer\ndevice\t\tumass\t\t# Disks/Mass storage - Requires scbus and da\ndevice\t\tums\t\t# Mouse\ndevice\t\tural\t\t# Ralink Technology RT2500USB wireless NICs\ndevice\t\turio\t\t# Diamond Rio 500 MP3 player\ndevice\t\tuscanner\t# Scanners\n# USB Ethernet, requires miibus\ndevice\t\taue\t\t# ADMtek USB Ethernet\ndevice\t\taxe\t\t# ASIX Electronics USB Ethernet\ndevice\t\tcdce\t\t# Generic USB over Ethernet\ndevice\t\tcue\t\t# CATC USB Ethernet\ndevice\t\tkue\t\t# Kawasaki LSI USB Ethernet\ndevice\t\true\t\t# RealTek RTL8150 USB Ethernet\n\n# FireWire support\ndevice\t\tfirewire\t# FireWire bus code\ndevice\t\tsbp\t\t# SCSI over FireWire (Requires scbus and da)\ndevice\t\tfwe\t\t# Ethernet over FireWire (non-standard!)\n\nHow-To-Repeat: Out of the box, can not attach hal to the kernel, soo i csup src-all to 6-4 today, recompile kernel and nothing, then i wget http://snapshots.madwifi.project.org the latest madwifi and cp -rf /from/madwifi/hal/* /usr/src/sys/contrib/dev/ath/  \u0026\u0026 cd /usr/src \u0026\u0026 make buildkernel KERNCONF=ALEX \u0026\u0026 make installkernel KERNCONF=ALE \u0026\u0026 reboot.     \n\n.no luck, on linux HAL pickup fine, i try to ndiswraper with same results, i google but seems to be no clear solution, thanks for your help, i be waiting for a possible solution :)"
}