{
 "id": 356485,
 "bug_id": 104874,
 "attachment_id": 0,
 "creation_time": "2006-10-28T04:40:17Z",
 "creator": "jcmorris@bsu.edu",
 "text": "On a fresh installation of FreeBSD (with both the default kernel and my\nown), doing a 'kldload snd_emu10k1' seems to hang the system. Oddly, doing\na kldload of snd_driver works perfectly. Also, loading snd_emu10k1 from\nthe loader prior to booting works beautifully. The problem only occurs\nwhen doing a kldload of snd_emu10k1 after the system has booted. Sometimes\nit prints a message saying that pcm0 was found before it hangs, sometimes\nit prints nothing at all. I'm using an Athlon64 3000 with an NForce4\nchipset. Below is my dmesg output. If you need anything else, do not\nhesitate to let me know. I personally find it odd that it seems to work just\nfine if I load snd_driver. Is there some sort of missing kld dependency?\nI noticed this same kind of behavior before on an older Athlon XP/Via\nsystem of mine which also had a SoundBlaster Live (I can't give you any\ninfo, because it died on me). Also, I'm good with C, so if you need any\nhelp finding the point at which it fails, I'll do my best.\n\n\n\n\nCopyright (c) 1992-2006 The FreeBSD Project.\nCopyright (c) 1979, 1980, 1983, 1986, 1988, 1989, 1991, 1992, 1993, 1994\n        The Regents of the University of California. All rights reserved.\nFreeBSD 6.1-RELEASE-p10 #0: Fri Oct 27 19:04:10 EDT 2006\n    root@FreeBSDBox:/usr/obj/usr/src/sys/FREEBSDBOX\nACPI APIC Table: \u003cNvidia AWRDACPI\u003e\nTimecounter \"i8254\" frequency 1193182 Hz quality 0\nCPU: AMD Athlon(tm) 64 Processor 3000+ (1813.51-MHz K8-class CPU)\n  Origin = \"AuthenticAMD\"  Id = 0x20ff2  Stepping = 2\n  Features=0x78bfbff\u003cFPU,VME,DE,PSE,TSC,MSR,PAE,MCE,CX8,APIC,SEP,MTRR,PGE,MCA,CMOV,PAT,PSE36,CLFLUSH,MMX,FXSR,SSE,SSE2\u003e\n  Features2=0x1\u003cSSE3\u003e\n  AMD Features=0xe2500800\u003cSYSCALL,NX,MMX+,FFXSR,LM,3DNow+,3DNow\u003e\n  AMD Features2=0x1\u003cLAHF\u003e\nreal memory  = 1073676288 (1023 MB)\navail memory = 1028472832 (980 MB)\nioapic0 \u003cVersion 1.1\u003e irqs 0-23 on motherboard\nkbd1 at kbdmux0\nacpi0: \u003cNvidia AWRDACPI\u003e on motherboard\nacpi_bus_number: can't get _ADR\nacpi_bus_number: can't get _ADR\nacpi0: Power Button (fixed)\nacpi_bus_number: can't get _ADR\nacpi_bus_number: can't get _ADR\nacpi_bus_number: can't get _ADR\nacpi_bus_number: can't get _ADR\nTimecounter \"ACPI-fast\" frequency 3579545 Hz quality 1000\nacpi_timer0: \u003c24-bit timer at 3.579545MHz\u003e port 0x4008-0x400b on acpi0\ncpu0: \u003cACPI CPU\u003e on acpi0\nacpi_button0: \u003cPower Button\u003e on acpi0\npcib0: \u003cACPI Host-PCI bridge\u003e port 0xcf8-0xcff on acpi0\npci0: \u003cACPI PCI bus\u003e on pcib0\npci0: \u003cmemory\u003e at device 0.0 (no driver attached)\nisab0: \u003cPCI-ISA bridge\u003e at device 1.0 on pci0\nisa0: \u003cISA bus\u003e on isab0\npci0: \u003cserial bus, SMBus\u003e at device 1.1 (no driver attached)\nohci0: \u003cOHCI (generic) USB controller\u003e mem 0xda004000-0xda004fff irq 21 at device 2.0 on pci0\nohci0: [GIANT-LOCKED]\nusb0: OHCI version 1.0, legacy support\nusb0: SMM does not respond, resetting\nusb0: \u003cOHCI (generic) USB controller\u003e on ohci0\nusb0: USB revision 1.0\nuhub0: nVidia OHCI root hub, class 9/0, rev 1.00/1.00, addr 1\nuhub0: 10 ports with 10 removable, self powered\nehci0: \u003cNVIDIA nForce4 USB 2.0 controller\u003e mem 0xfeb00000-0xfeb000ff irq 22 at device 2.1 on pci0\nehci0: [GIANT-LOCKED]\nusb1: EHCI version 1.0\nusb1: companion controller, 4 ports each: usb0\nusb1: \u003cNVIDIA nForce4 USB 2.0 controller\u003e on ehci0\nusb1: USB revision 2.0\nuhub1: nVidia EHCI root hub, class 9/0, rev 2.00/1.00, addr 1\nuhub1: 10 ports with 10 removable, self powered\npci0: \u003cmultimedia, audio\u003e at device 4.0 (no driver attached)\natapci0: \u003cnVidia nForce CK804 UDMA133 controller\u003e port 0x1f0-0x1f7,0x3f6,0x170-0x177,0x376,0xf000-0xf00f at device 6.0 on pci0\nata0: \u003cATA channel 0\u003e on atapci0\nata1: \u003cATA channel 1\u003e on atapci0\natapci1: \u003cnVidia nForce CK804 SATA300 controller\u003e port 0x9f0-0x9f7,0xbf0-0xbf3,0x970-0x977,0xb70-0xb73,0xd800-0xd80f mem 0xda002000-0xda002fff irq 21 at device 7.0 on pci0\nata2: \u003cATA channel 0\u003e on atapci1\nata3: \u003cATA channel 1\u003e on atapci1\natapci2: \u003cnVidia nForce CK804 SATA300 controller\u003e port 0x9e0-0x9e7,0xbe0-0xbe3,0x960-0x967,0xb60-0xb63,0xc400-0xc40f mem 0xda001000-0xda001fff irq 22 at device 8.0 on pci0\nata4: \u003cATA channel 0\u003e on atapci2\nata5: \u003cATA channel 1\u003e on atapci2\npcib1: \u003cACPI PCI-PCI bridge\u003e at device 9.0 on pci0\npci5: \u003cACPI PCI bus\u003e on pcib1\npci5: \u003cmultimedia, audio\u003e at device 6.0 (no driver attached)\npci5: \u003cinput device\u003e at device 6.1 (no driver attached)\ndc0: \u003cADMtek AN985 10/100BaseTX\u003e port 0xa800-0xa8ff mem 0xd9005000-0xd90053ff irq 17 at device 7.0 on pci5\nmiibus0: \u003cMII bus\u003e on dc0\nukphy0: \u003cGeneric IEEE 802.3u media interface\u003e on miibus0\nukphy0:  10baseT, 10baseT-FDX, 100baseTX, 100baseTX-FDX, auto\ndc0: Ethernet address: 00:04:5a:6e:41:95\nfwohci0: \u003cTexas Instruments TSB43AB22/A\u003e mem 0xd9004000-0xd90047ff,0xd9000000-0xd9003fff irq 16 at device 11.0 on pci5\nfwohci0: OHCI version 1.10 (ROM=1)\nfwohci0: No. of Isochronous channels is 4.\nfwohci0: EUI64 00:11:d8:00:00:4f:7c:33\nfwohci0: Phy 1394a available S400, 2 ports.\nfwohci0: Link S400, max_rec 2048 bytes.\nfirewire0: \u003cIEEE1394(FireWire) bus\u003e on fwohci0\nfwe0: \u003cEthernet over FireWire\u003e on firewire0\nif_fwe0: Fake Ethernet address: 02:11:d8:4f:7c:33\nfwe0: Ethernet address: 02:11:d8:4f:7c:33\nfwe0: if_start running deferred for Giant\nsbp0: \u003cSBP-2/SCSI over FireWire\u003e on firewire0\nfwohci0: Initiate bus reset\nfwohci0: node_id=0xc800ffc0, gen=1, CYCLEMASTER mode\nfirewire0: 1 nodes, maxhop \u003c= 0, cable IRM = 0 (me)\nfirewire0: bus manager 0 (me)\nnve0: \u003cNVIDIA nForce MCP9 Networking Adapter\u003e port 0xb000-0xb007 mem 0xda000000-0xda000fff irq 23 at device 10.0 on pci0\nnve0: Ethernet address 00:13:d4:78:19:df\nmiibus1: \u003cMII bus\u003e on nve0\nukphy1: \u003cGeneric IEEE 802.3u media interface\u003e on miibus1\nukphy1:  10baseT, 10baseT-FDX, 100baseTX, 100baseTX-FDX, 1000baseT, 1000baseT-FDX, auto\nnve0: Ethernet address: 00:13:d4:78:19:df\npcib2: \u003cACPI PCI-PCI bridge\u003e at device 11.0 on pci0\npci4: \u003cACPI PCI bus\u003e on pcib2\npcib3: \u003cACPI PCI-PCI bridge\u003e at device 12.0 on pci0\npci3: \u003cACPI PCI bus\u003e on pcib3\npcib4: \u003cACPI PCI-PCI bridge\u003e at device 13.0 on pci0\npci2: \u003cACPI PCI bus\u003e on pcib4\npcib5: \u003cACPI PCI-PCI bridge\u003e at device 14.0 on pci0\npci1: \u003cACPI PCI bus\u003e on pcib5\npci1: \u003cdisplay, VGA\u003e at device 0.0 (no driver attached)\nacpi_tz0: \u003cThermal Zone\u003e on acpi0\nfdc0: \u003cfloppy drive controller\u003e port 0x3f0-0x3f5,0x3f7 irq 6 drq 2 on acpi0\nfdc0: [FAST]\nfd0: \u003c1440-KB 3.5\" drive\u003e on fdc0 drive 0\nsio0: configured irq 4 not in bitmap of probed irqs 0\nsio0: port may not be enabled\nsio0: \u003c16550A-compatible COM port\u003e port 0x3f8-0x3ff irq 4 flags 0x10 on acpi0\nsio0: type 16550A\nppc0: \u003cECP parallel printer port\u003e port 0x378-0x37f,0x778-0x77b irq 7 drq 3 on acpi0\nppc0: SMC-like chipset (ECP/EPP/PS2/NIBBLE) in COMPATIBLE mode\nppc0: FIFO with 16/16/16 bytes threshold\nppbus0: \u003cParallel port bus\u003e on ppc0\nlpt0: \u003cPrinter\u003e on ppbus0\nlpt0: Interrupt-driven port\natkbdc0: \u003cKeyboard controller (i8042)\u003e port 0x60,0x64 irq 1 on acpi0\natkbd0: \u003cAT Keyboard\u003e flags 0x1 irq 1 on atkbdc0\nkbd0 at atkbd0\natkbd0: [GIANT-LOCKED]\norm0: \u003cISA Option ROM\u003e at iomem 0xd0000-0xd3fff on isa0\nsc0: \u003cSystem console\u003e at flags 0x100 on isa0\nsc0: VGA \u003c16 virtual consoles, flags=0x300\u003e\nsio1: configured irq 3 not in bitmap of probed irqs 0\nsio1: port may not be enabled\nvga0: \u003cGeneric ISA VGA\u003e at port 0x3c0-0x3df iomem 0xa0000-0xbffff on isa0\nums0: Microsoft Microsoft 3-Button Mouse with IntelliEye(TM), rev 1.10/3.00, addr 2, iclass 3/1\nums0: 3 buttons and Z dir.\nulpt0: Hewlett-Packard DeskJet 930C, rev 1.00/1.00, addr 3, iclass 7/1\nulpt0: using bi-directional mode\nTimecounter \"TSC\" frequency 1813509168 Hz quality 800\nTimecounters tick every 1.000 msec\nad0: 58644MB \u003cMaxtor 5T060H6 TAH71DP0\u003e at ata0-master UDMA100\nad1: 114473MB \u003cSeagate ST3120026A 8.01\u003e at ata0-slave UDMA100\nacd0: DVDROM \u003cTOSHIBA DVD-ROM SD-M1212/1R14\u003e at ata1-master UDMA33\nacd1: CDRW \u003cSONY CD-RW CRX215E1/SYS2\u003e at ata1-slave UDMA33\ncd0 at ata1 bus 0 target 0 lun 0\ncd0: \u003cTOSHIBA DVD-ROM SD-M1212 1R14\u003e Removable CD-ROM SCSI-0 device\ncd0: 33.000MB/s transfers\ncd0: Attempt to query device size failed: NOT READY, Medium not present\ncd1 at ata1 bus 0 target 1 lun 0\ncd1: \u003cSONY CD-RW  CRX215E1 SYS2\u003e Removable CD-ROM SCSI-0 device\ncd1: 33.000MB/s transfers\ncd1: Attempt to query device size failed: NOT READY, Medium not present\nTrying to mount root from ufs:/dev/ad1s3a\n\nHow-To-Repeat: load snd_emu10k1 after booting"
}