{
 "id": 106250,
 "bug_id": 33574,
 "attachment_id": 0,
 "creation_time": "2002-01-05T13:10:06Z",
 "creator": "daniel.jahre@informatik.tu-chemnitz.de",
 "text": "kernel hangs on boot process. Because I didn't get this machine to boot I'll post you the last lines which I can see on the screen.\n\nusb0: USB revision 1.0\nuhub0: Intel UHCI root hub, class 9/0, rev 1.00/1.00, addr 1\nuhub0: 2 ports with 2 removables, self powered\nchip1: \u003cIntel 82371AB Power management controller\u003e port 0x1400-0x140f at device 7.3 on pci0\npci_cfgintr_linked: linked (60) to hard-routed irq 10\n\n\nFatal trap 12: page fault while in kernel mode\nfault virtuell address  = 0xeb751\nfault code              = supervisor read, page not present\ninstruction pointer     = 0x8:0xc00eb637\nstack pointer           = 0x10:0xc06b8d6c\ncode segment            = base 0x0, limit 0xfffff, type 0x1b\n                        = DPL 0, pres 1, def32 1, gran 1\nprocessor eflags        = interrupt enabled, resume, IOPL = 0\ncurrent process         = 0 (swapper)\ninterrupt mask          = net tty bio cam\ntrap number             = 12\npanic: page fault\nUptime: 0s\n\nI don't know if there is maybe a connection to bug i386/28550.\n\nMaybe it helps you to see the output of another BSD kernel so I grabbed\nthe following lines after booting with an OpenBSD floppy.\n\ncpu0: Intel Celeron (Mendocino) (\"GenuineIntel\" 686-class, 128KB L2 cache) 433 Mhz\ncpu0: FPU,V86,DE,PSE,TSC,MSR,PAE,MCE,CX8,SYS,MTRR,PGE,MCA,CMOV,PAT,PSE36,MMX,FXSR\nreal mem   = 66695168 (65132K)\navail mem  = 58396672 (57028K)\nusing 839 buffers containing 3436544 bytes (3356K) of memory\nmainbus0 (root)\nbios0 at mainbus0: AT/286+(4f) BIOS, date 05/18/99, BIOS32 rev. 0 @ 0xeb0d0\napm0 at bios0: Power Management spec V1.2\n...\n\"Intel 82371AB USB\" rev 0x01 at pci0 dev 7 function 2 not configured\n\"Intel 82371AB Power Management\" rev 0x02 at pci0 dev 7 function 3 not configured\n\"Texas Instruments PCI1225 PCI-Cardbus\" rev 0x01 at pci0 dev 10 function 0 not configured\n\"Texas Instruments PCI1225 PCI-Cardbus\" rev 0x01 at pci0 dev 10 function 1 not configured\n...\n\nHow-To-Repeat: This error occurs on every boot, with or without additional configuration.\nI even tried the latest FreeBSD 4.4 Install floppies."
}