{
 "id": 571120,
 "bug_id": 149219,
 "attachment_id": 0,
 "creation_time": "2010-08-03T07:50:05Z",
 "creator": "gorlov.a@gmail.com",
 "text": "HP DL180 G6 can't boot sometimes with messages:\nciss0: completed invalid request 15704 (0x9a021)\nrun_interrupt_driven_hooks: still waiting after 60 seconds for xpt_config \n...\n\nall firmware is already up to date\n\ndmesg.boot\n\nCopyright (c) 1992-2010 The FreeBSD Project.\nCopyright (c) 1979, 1980, 1983, 1986, 1988, 1989, 1991, 1992, 1993, 1994\n\tThe Regents of the University of California. All rights reserved.\nFreeBSD is a registered trademark of The FreeBSD Foundation.\nFreeBSD 8.1-RELEASE #5: Mon Aug  2 14:40:42 MSD 2010\n    root@mail:/usr/obj/usr/src/sys/STLK7 amd64\nTimecounter \"i8254\" frequency 1193182 Hz quality 0\nCPU: Intel(R) Xeon(R) CPU           E5520  @ 2.27GHz (2266.76-MHz K8-class CPU)\n  Origin = \"GenuineIntel\"  Id = 0x106a5  Family = 6  Model = 1a  Stepping = 5\n  Features=0xbfebfbff\u003cFPU,VME,DE,PSE,TSC,MSR,PAE,MCE,CX8,APIC,SEP,MTRR,PGE,MCA,CMOV,PAT,PSE36,CLFLUSH,DTS,ACPI,MMX,FXSR,SSE,SSE2,SS,HTT,TM,PBE\u003e\n  Features2=0x9ce3bd\u003cSSE3,DTES64,MON,DS_CPL,VMX,EST,TM2,SSSE3,CX16,xTPR,PDCM,DCA,SSE4.1,SSE4.2,POPCNT\u003e\n  AMD Features=0x28100800\u003cSYSCALL,NX,RDTSCP,LM\u003e\n  AMD Features2=0x1\u003cLAHF\u003e\n  TSC: P-state invariant\nreal memory  = 17179869184 (16384 MB)\navail memory = 16540430336 (15774 MB)\nACPI APIC Table: \u003cHP     ProLiant\u003e\nFreeBSD/SMP: Multiprocessor System Detected: 16 CPUs\nFreeBSD/SMP: 2 package(s) x 4 core(s) x 2 SMT threads\n cpu0 (BSP): APIC ID:  0\n cpu1 (AP): APIC ID:  1\n cpu2 (AP): APIC ID:  2\n cpu3 (AP): APIC ID:  3\n cpu4 (AP): APIC ID:  4\n cpu5 (AP): APIC ID:  5\n cpu6 (AP): APIC ID:  6\n cpu7 (AP): APIC ID:  7\n cpu8 (AP): APIC ID: 16\n cpu9 (AP): APIC ID: 17\n cpu10 (AP): APIC ID: 18\n cpu11 (AP): APIC ID: 19\n cpu12 (AP): APIC ID: 20\n cpu13 (AP): APIC ID: 21\n cpu14 (AP): APIC ID: 22\n cpu15 (AP): APIC ID: 23\nioapic0 \u003cVersion 2.0\u003e irqs 0-23 on motherboard\nioapic1 \u003cVersion 2.0\u003e irqs 24-47 on motherboard\nkbd1 at kbdmux0\nacpi0: \u003cHP ProLiant\u003e on motherboard\nacpi0: [ITHREAD]\nacpi0: Power Button (fixed)\nacpi0: reservation of 0, a0000 (3) failed\nacpi0: reservation of 100000, bff00000 (3) failed\nTimecounter \"ACPI-fast\" frequency 3579545 Hz quality 1000\nacpi_timer0: \u003c24-bit timer at 3.579545MHz\u003e port 0x808-0x80b on acpi0\ncpu0: \u003cACPI CPU\u003e on acpi0\ncpu1: \u003cACPI CPU\u003e on acpi0\ncpu2: \u003cACPI CPU\u003e on acpi0\ncpu3: \u003cACPI CPU\u003e on acpi0\ncpu4: \u003cACPI CPU\u003e on acpi0\ncpu5: \u003cACPI CPU\u003e on acpi0\ncpu6: \u003cACPI CPU\u003e on acpi0\ncpu7: \u003cACPI CPU\u003e on acpi0\ncpu8: \u003cACPI CPU\u003e on acpi0\ncpu9: \u003cACPI CPU\u003e on acpi0\ncpu10: \u003cACPI CPU\u003e on acpi0\ncpu11: \u003cACPI CPU\u003e on acpi0\ncpu12: \u003cACPI CPU\u003e on acpi0\ncpu13: \u003cACPI CPU\u003e on acpi0\ncpu14: \u003cACPI CPU\u003e on acpi0\ncpu15: \u003cACPI CPU\u003e on acpi0\nacpi_hpet0: \u003cHigh Precision Event Timer\u003e iomem 0xfed00000-0xfed003ff on acpi0\nTimecounter \"HPET\" frequency 14318180 Hz quality 900\npcib0: \u003cACPI Host-PCI bridge\u003e port 0xcf8-0xcff on acpi0\npci0: \u003cACPI PCI bus\u003e on pcib0\npcib1: \u003cACPI PCI-PCI bridge\u003e at device 1.0 on pci0\npci7: \u003cACPI PCI bus\u003e on pcib1\nigb0: \u003cIntel(R) PRO/1000 Network Connection version - 1.9.5\u003e port 0xe880-0xe89f mem 0xfbe60000-0xfbe7ffff,0xfbe40000-0xfbe5ffff,0xfbeb8000-0xfbebbfff irq 28 at device 0.0 on pci7\nigb0: Using MSIX interrupts with 10 vectors\nigb0: [ITHREAD]\nigb0: [ITHREAD]\nigb0: [ITHREAD]\nigb0: [ITHREAD]\nigb0: [ITHREAD]\nigb0: [ITHREAD]\nigb0: [ITHREAD]\nigb0: [ITHREAD]\nigb0: [ITHREAD]\nigb0: [ITHREAD]\nigb0: Ethernet address: 18:a9:05:70:cb:32\nigb1: \u003cIntel(R) PRO/1000 Network Connection version - 1.9.5\u003e port 0xec00-0xec1f mem 0xfbee0000-0xfbefffff,0xfbec0000-0xfbedffff,0xfbebc000-0xfbebffff irq 40 at device 0.1 on pci7\nigb1: Using MSIX interrupts with 10 vectors\nigb1: [ITHREAD]\nigb1: [ITHREAD]\nigb1: [ITHREAD]\nigb1: [ITHREAD]\nigb1: [ITHREAD]\nigb1: [ITHREAD]\nigb1: [ITHREAD]\nigb1: [ITHREAD]\nigb1: [ITHREAD]\nigb1: [ITHREAD]\nigb1: Ethernet address: 18:a9:05:70:cb:33\npcib2: \u003cACPI PCI-PCI bridge\u003e at device 3.0 on pci0\npci6: \u003cACPI PCI bus\u003e on pcib2\nciss0: \u003cHP Smart Array P212\u003e port 0xd800-0xd8ff mem 0xfb800000-0xfbbfffff,0xfbdff000-0xfbdfffff irq 24 at device 0.0 on pci6\nciss0: PERFORMANT Transport\nciss0: [ITHREAD]\npcib3: \u003cACPI PCI-PCI bridge\u003e at device 7.0 on pci0\npci5: \u003cACPI PCI bus\u003e on pcib3\npcib4: \u003cACPI PCI-PCI bridge\u003e at device 9.0 on pci0\npci4: \u003cACPI PCI bus\u003e on pcib4\npci0: \u003cbase peripheral, interrupt controller\u003e at device 20.0 (no driver attached)\npci0: \u003cbase peripheral, interrupt controller\u003e at device 20.1 (no driver attached)\npci0: \u003cbase peripheral, interrupt controller\u003e at device 20.2 (no driver attached)\nuhci0: \u003cIntel 82801JI (ICH10) USB controller USB-D\u003e port 0xb800-0xb81f irq 16 at device 26.0 on pci0\nuhci0: [ITHREAD]\nusbus0: \u003cIntel 82801JI (ICH10) USB controller USB-D\u003e on uhci0\nehci0: \u003cIntel 82801JI (ICH10) USB 2.0 controller USB-B\u003e mem 0xfa7f8000-0xfa7f83ff irq 18 at device 26.7 on pci0\nehci0: [ITHREAD]\nusbus1: EHCI version 1.0\nusbus1: \u003cIntel 82801JI (ICH10) USB 2.0 controller USB-B\u003e on ehci0\npcib5: \u003cACPI PCI-PCI bridge\u003e irq 16 at device 28.0 on pci0\npci3: \u003cACPI PCI bus\u003e on pcib5\npcib6: \u003cACPI PCI-PCI bridge\u003e irq 16 at device 28.4 on pci0\npci2: \u003cACPI PCI bus\u003e on pcib6\nvgapci0: \u003cVGA-compatible display\u003e mem 0xf8000000-0xf8ffffff,0xfb7fc000-0xfb7fffff,0xfa800000-0xfaffffff irq 16 at device 0.0 on pci2\nuhci1: \u003cIntel 82801JI (ICH10) USB controller USB-A\u003e port 0xb880-0xb89f irq 23 at device 29.0 on pci0\nuhci1: [ITHREAD]\nusbus2: \u003cIntel 82801JI (ICH10) USB controller USB-A\u003e on uhci1\nuhci2: \u003cIntel 82801JI (ICH10) USB controller USB-B\u003e port 0xbc00-0xbc1f irq 19 at device 29.1 on pci0\nuhci2: [ITHREAD]\nusbus3: \u003cIntel 82801JI (ICH10) USB controller USB-B\u003e on uhci2\nuhci3: \u003cIntel 82801JI (ICH10) USB controller USB-C\u003e port 0xc000-0xc01f irq 18 at device 29.2 on pci0\nuhci3: [ITHREAD]\nusbus4: \u003cIntel 82801JI (ICH10) USB controller USB-C\u003e on uhci3\nehci1: \u003cIntel 82801JI (ICH10) USB 2.0 controller USB-A\u003e mem 0xfa7fa000-0xfa7fa3ff irq 23 at device 29.7 on pci0\nehci1: [ITHREAD]\nusbus5: waiting for BIOS to give up control\nusbus5: timed out waiting for BIOS\nusbus5: EHCI version 1.0\nusbus5: \u003cIntel 82801JI (ICH10) USB 2.0 controller USB-A\u003e on ehci1\npcib7: \u003cACPI PCI-PCI bridge\u003e at device 30.0 on pci0\npci1: \u003cACPI PCI bus\u003e on pcib7\nisab0: \u003cPCI-ISA bridge\u003e at device 31.0 on pci0\nisa0: \u003cISA bus\u003e on isab0\natapci0: \u003cIntel ICH10 SATA300 controller\u003e port 0xc880-0xc887,0xc800-0xc803,0xc480-0xc487,0xc400-0xc403,0xc080-0xc09f mem 0xfa7fc000-0xfa7fc7ff irq 19 at device 31.2 on pci0\natapci0: [ITHREAD]\natapci0: AHCI called from vendor specific driver\natapci0: AHCI v1.20 controller with 6 3Gbps ports, PM not supported\nata2: \u003cATA channel 0\u003e on atapci0\nata2: [ITHREAD]\nata3: \u003cATA channel 1\u003e on atapci0\nata3: [ITHREAD]\nata4: \u003cATA channel 2\u003e on atapci0\nata4: [ITHREAD]\nata5: \u003cATA channel 3\u003e on atapci0\nata5: [ITHREAD]\nata6: \u003cATA channel 4\u003e on atapci0\nata6: [ITHREAD]\nata7: \u003cATA channel 5\u003e on atapci0\nata7: [ITHREAD]\nacpi_button0: \u003cPower Button\u003e on acpi0\natrtc0: \u003cAT realtime clock\u003e port 0x70-0x71 irq 8 on acpi0\nuart0: \u003c16550 or compatible\u003e port 0x3f8-0x3ff irq 4 flags 0x10 on acpi0\nuart0: [FILTER]\norm0: \u003cISA Option ROMs\u003e at iomem 0xc0000-0xc7fff,0xc8000-0xcbfff on isa0\nsc0: \u003cSystem console\u003e at flags 0x100 on isa0\nsc0: VGA \u003c16 virtual consoles, flags=0x300\u003e\nvga0: \u003cGeneric ISA VGA\u003e at port 0x3c0-0x3df iomem 0xa0000-0xbffff on isa0\natkbdc0: \u003cKeyboard controller (i8042)\u003e at port 0x60,0x64 on isa0\natkbd0: \u003cAT Keyboard\u003e irq 1 on atkbdc0\nkbd0 at atkbd0\natkbd0: [GIANT-LOCKED]\natkbd0: [ITHREAD]\nTimecounters tick every 1.000 msec\nIP Filter: v4.1.28 initialized.  Default = pass all, Logging = enabled\nipfw2 initialized, divert enabled, nat loadable, rule-based forwarding enabled, default to accept, logging disabled\nload_dn_sched dn_sched FIFO loaded\nload_dn_sched dn_sched PRIO loaded\nload_dn_sched dn_sched QFQ loaded\nload_dn_sched dn_sched RR loaded\nload_dn_sched dn_sched WF2Q+ loaded\nusbus0: 12Mbps Full Speed USB v1.0\nusbus1: 480Mbps High Speed USB v2.0\nusbus2: 12Mbps Full Speed USB v1.0\nusbus3: 12Mbps Full Speed USB v1.0\nusbus4: 12Mbps Full Speed USB v1.0\nusbus5: 480Mbps High Speed USB v2.0\nugen0.1: \u003cIntel\u003e at usbus0\nuhub0: \u003cIntel UHCI root HUB, class 9/0, rev 1.00/1.00, addr 1\u003e on usbus0\nugen1.1: \u003cIntel\u003e at usbus1\nuhub1: \u003cIntel EHCI root HUB, class 9/0, rev 2.00/1.00, addr 1\u003e on usbus1\nugen2.1: \u003cIntel\u003e at usbus2\nuhub2: \u003cIntel UHCI root HUB, class 9/0, rev 1.00/1.00, addr 1\u003e on usbus2\nugen3.1: \u003cIntel\u003e at usbus3\nuhub3: \u003cIntel UHCI root HUB, class 9/0, rev 1.00/1.00, addr 1\u003e on usbus3\nugen4.1: \u003cIntel\u003e at usbus4\nuhub4: \u003cIntel UHCI root HUB, class 9/0, rev 1.00/1.00, addr 1\u003e on usbus4\nugen5.1: \u003cIntel\u003e at usbus5\nuhub5: \u003cIntel EHCI root HUB, class 9/0, rev 2.00/1.00, addr 1\u003e on usbus5\nuhub0: 2 ports with 2 removable, self powered\nuhub2: 2 ports with 2 removable, self powered\nuhub3: 2 ports with 2 removable, self powered\nuhub4: 2 ports with 2 removable, self powered\nuhub1: 2 ports with 2 removable, self powered\nuhub5: 6 ports with 6 removable, self powered\nda0 at ciss0 bus 0 scbus0 target 0 lun 0\nda0: \u003cCOMPAQ RAID 1  VOLUME OK\u003e Fixed Direct Access SCSI-5 device \nda0: 135.168MB/s transfers\nda0: Command Queueing enabled\nda0: 139980MB (286679925 512 byte sectors: 255H 63S/T 17845C)\nda1 at ciss0 bus 0 scbus0 target 1 lun 0\nda1: \u003cCOMPAQ RAID 1  VOLUME OK\u003e Fixed Direct Access SCSI-5 device \nda1: 135.168MB/s transfers\nda1: Command Queueing enabled\nda1: 1430767MB (2930211632 512 byte sectors: 255H 63S/T 65535C)\nda2 at ciss0 bus 0 scbus0 target 2 lun 0\nda2: \u003cCOMPAQ RAID 1  VOLUME OK\u003e Fixed Direct Access SCSI-5 device \nda2: 135.168MB/s transfers\nda2: Command Queueing enabled\nda2: 1430767MB (2930211632 512 byte sectors: 255H 63S/T 65535C)\nSMP: AP CPU #1 Launched!\nSMP: AP CPU #8 Launched!\nSMP: AP CPU #6 Launched!\nSMP: AP CPU #15 Launched!\nSMP: AP CPU #3 Launched!\nSMP: AP CPU #12 Launched!\nSMP: AP CPU #2 Launched!\nSMP: AP CPU #13 Launched!\nSMP: AP CPU #7 Launched!\nSMP: AP CPU #14 Launched!\nSMP: AP CPU #5 Launched!\nSMP: AP CPU #10 Launched!\nSMP: AP CPU #4 Launched!\nSMP: AP CPU #11 Launched!\nSMP: AP CPU #9 Launched!\nugen2.2: \u003cvendor 0x04d9\u003e at usbus2\nukbd0: \u003cvendor 0x04d9 USB Keyboard, class 0/0, rev 1.10/3.10, addr 2\u003e on usbus2\nkbd2 at ukbd0\nTrying to mount root from ufs:/dev/da0s1a\nuhid0: \u003cvendor 0x04d9 USB Keyboard, class 0/0, rev 1.10/3.10, addr 2\u003e on usbus2\nZFS filesystem version 3\nZFS storage pool version 14\nigb0: link state changed to UP\nvlan50: link state changed to UP\nvlan21: link state changed to UP\n\nHow-To-Repeat: boot 8.1-RELEASE on HP DL180 G6 server (in my case 3 logical drive (mirror) 2sata and 1 SAS)"
}