{
 "id": 551151,
 "bug_id": 145238,
 "attachment_id": 0,
 "creation_time": "2010-03-31T13:30:07Z",
 "creator": "darklca@gmail.com",
 "text": "3ware9650 24 port M8 controller ( all drives configured as single drives )\n\nafter power failure, i can`t get online backup pool:\n\n pool: backup\n state: FAULTED\nstatus: An intent log record could not be read.\n\tWaiting for adminstrator intervention to fix the faulted pool.\naction: Either restore the affected device(s) and run 'zpool online',\n\tor ignore the intent log records by running 'zpool clear'.\n scrub: none requested\nconfig:\n\n\tNAME        STATE     READ WRITE CKSUM\n\tbackup      FAULTED      0     0     1  bad intent log\n\t  raidz1    ONLINE       0     0     2\n\t    da1     ONLINE       0     0     0\n\t    da2     ONLINE       0     0     0\n\t    da3     ONLINE       0     0     0\n\t    da4     ONLINE       0     0     0\n\t    da5     ONLINE       0     0     0\n\t  raidz1    ONLINE       0     0     0\n\t    da6     ONLINE       0     0     0\n\t    da7     ONLINE       0     0     0\n\t    da8     ONLINE       0     0     0\n\t    da9     ONLINE       0     0     0\n\t    da10    ONLINE       0     0     0\n\t  raidz1    ONLINE       0     0     2\n\t    da11    ONLINE       0     0     0\n\t    da12    ONLINE       0     0     0\n\t    da13    ONLINE       0     0     0\n\t    da14    ONLINE       0     0     0\n\t    da15    ONLINE       0     0     0\n\t  raidz1    ONLINE       0     0     2\n\t    da16    ONLINE       0     0     0\n\t    da17    ONLINE       0     0     0\n\t    da18    ONLINE       0     0     0\n\t    da19    ONLINE       0     0     0\n\t    da20    ONLINE       0     0     0\n\n\n\n\n\nif i try to execute \"zpool clear backup\", its instantly panic:\npanic:\n\n    Fatal trap 12: page fault while in kernel mode\n          cpuid = 0; apic id = 00\n          fault virtual address   = 0x8000000000\n          fault code              = supervisor read data, page not present\n          instruction pointer     = 0x20:0xffffffff80198526\n          stack pointer           = 0x28:0xffffff820aab9e80\n          frame pointer           = 0x28:0xffffff820aab9f90\n          code segment            = base 0x0, limit 0xfffff, type 0x1b\n                                  = DPL 0, pres 1, long 1, def32 0, gran 1\n          processor eflags        = interrupt enabled, resume, IOPL = 0\n          current process         = 1436 (txg_thread_enter)\n          trap number             = 12\n          panic: page fault\n          cpuid = 1\n          Uptime: 3m31s \n\ndmesg:\n\nCopyright (c) 1992-2009 The FreeBSD Project.\nCopyright (c) 1979, 1980, 1983, 1986, 1988, 1989, 1991, 1992, 1993, 1994\n\tThe Regents of the University of California. All rights reserved.\nFreeBSD is a registered trademark of The FreeBSD Foundation.\nFreeBSD 8.0-RELEASE-p2 #1: Wed Mar 31 12:03:06 UTC 2010\n    root@backuptest:/usr/obj/usr/src/sys/GENERIC\nTimecounter \"i8254\" frequency 1193182 Hz quality 0\nCPU: Intel(R) Xeon(R) CPU           E5405  @ 2.00GHz (2000.01-MHz K8-class CPU)\n  Origin = \"GenuineIntel\"  Id = 0x1067a  Stepping = 10\n  Features=0xbfebfbff\u003cFPU,VME,DE,PSE,TSC,MSR,PAE,MCE,CX8,APIC,SEP,MTRR,PGE,MCA,CMOV,PAT,PSE36,CLFLUSH,DTS,ACPI,MMX,FXSR,SSE,SSE2,SS,HTT,TM,PBE\u003e\n  Features2=0x40ce33d\u003cSSE3,DTES64,MON,DS_CPL,VMX,TM2,SSSE3,CX16,xTPR,PDCM,DCA,SSE4.1,XSAVE\u003e\n  AMD Features=0x20100800\u003cSYSCALL,NX,LM\u003e\n  AMD Features2=0x1\u003cLAHF\u003e\n  TSC: P-state invariant\nreal memory  = 19327352832 (18432 MB)\navail memory = 18629591040 (17766 MB)\nACPI APIC Table: \u003cPTLTD  \t APIC  \u003e\nFreeBSD/SMP: Multiprocessor System Detected: 8 CPUs\nFreeBSD/SMP: 1 package(s) x 8 core(s)\n cpu0 (BSP): APIC ID:  0\n cpu1 (AP): APIC ID:  1\n cpu2 (AP): APIC ID:  2\n cpu3 (AP): APIC ID:  3\n cpu4 (AP): APIC ID:  4\n cpu5 (AP): APIC ID:  5\n cpu6 (AP): APIC ID:  6\n cpu7 (AP): APIC ID:  7\nioapic0 \u003cVersion 2.0\u003e irqs 0-23 on motherboard\nioapic1 \u003cVersion 2.0\u003e irqs 24-47 on motherboard\nkbd1 at kbdmux0\nacpi0: \u003cSMCI SMCISLP2\u003e on motherboard\nacpi0: [ITHREAD]\nacpi0: Power Button (fixed)\nTimecounter \"ACPI-fast\" frequency 3579545 Hz quality 1000\nacpi_timer0: \u003c24-bit timer at 3.579545MHz\u003e port 0x1008-0x100b on acpi0\npcib0: \u003cACPI Host-PCI bridge\u003e port 0xcf8-0xcff on acpi0\npci0: \u003cACPI PCI bus\u003e on pcib0\npcib1: \u003cACPI PCI-PCI bridge\u003e at device 2.0 on pci0\npci1: \u003cACPI PCI bus\u003e on pcib1\npcib2: \u003cACPI PCI-PCI bridge\u003e irq 16 at device 0.0 on pci1\npci2: \u003cACPI PCI bus\u003e on pcib2\npcib3: \u003cACPI PCI-PCI bridge\u003e irq 16 at device 0.0 on pci2\npci3: \u003cACPI PCI bus\u003e on pcib3\npcib4: \u003cACPI PCI-PCI bridge\u003e at device 0.0 on pci3\npci4: \u003cACPI PCI bus\u003e on pcib4\npcib5: \u003cACPI PCI-PCI bridge\u003e at device 0.2 on pci3\npci5: \u003cACPI PCI bus\u003e on pcib5\npcib6: \u003cACPI PCI-PCI bridge\u003e irq 18 at device 2.0 on pci2\npci6: \u003cACPI PCI bus\u003e on pcib6\nem0: \u003cIntel(R) PRO/1000 Network Connection 6.9.14\u003e port 0x2000-0x201f mem 0xda020000-0xda03ffff,0xda000000-0xda01ffff irq 18 at device 0.0 on pci6\nem0: Using MSI interrupt\nem0: [FILTER]\nem0: Ethernet address: 00:30:48:62:35:9e\nem1: \u003cIntel(R) PRO/1000 Network Connection 6.9.14\u003e port 0x2020-0x203f mem 0xda060000-0xda07ffff,0xda040000-0xda05ffff irq 19 at device 0.1 on pci6\nem1: Using MSI interrupt\nem1: [FILTER]\nem1: Ethernet address: 00:30:48:62:35:9f\npcib7: \u003cACPI PCI-PCI bridge\u003e at device 0.3 on pci1\npci7: \u003cACPI PCI bus\u003e on pcib7\npcib8: \u003cACPI PCI-PCI bridge\u003e at device 4.0 on pci0\npci8: \u003cACPI PCI bus\u003e on pcib8\n3ware device driver for 9000 series storage controllers, version: 3.70.05.001\ntwa0: \u003c3ware 9000 series Storage Controller\u003e port 0x3000-0x30ff mem 0xd8000000-0xd9ffffff,0xda300000-0xda300fff irq 16 at device 0.0 on pci8\ntwa0: [ITHREAD]\ntwa0: INFO: (0x04: 0x0001): Controller reset occurred: resets=2\ntwa0: INFO: (0x15: 0x1300): Controller details:: Model 9650SE-24M8, 24 ports, Firmware FE9X 4.10.00.007, BIOS BE9X 4.08.00.002\npcib9: \u003cACPI PCI-PCI bridge\u003e at device 6.0 on pci0\npci9: \u003cACPI PCI bus\u003e on pcib9\nem2: \u003cIntel(R) PRO/1000 Network Connection 6.9.14\u003e port 0x4000-0x401f mem 0xda220000-0xda23ffff,0xda200000-0xda21ffff irq 18 at device 0.0 on pci9\nem2: Using MSI interrupt\nem2: [FILTER]\nem2: Ethernet address: 00:15:17:8a:bc:c9\npci0: \u003cbase peripheral\u003e at device 8.0 (no driver attached)\npcib10: \u003cACPI PCI-PCI bridge\u003e irq 17 at device 28.0 on pci0\npci10: \u003cACPI PCI bus\u003e on pcib10\nem3: \u003cIntel(R) PRO/1000 Network Connection 6.9.14\u003e port 0x5000-0x501f mem 0xda420000-0xda43ffff,0xda400000-0xda41ffff irq 16 at device 0.0 on pci10\nem3: Using MSI interrupt\nem3: [FILTER]\nem3: Ethernet address: 00:15:17:8a:bb:b3\nuhci0: \u003cIntel 631XESB/632XESB/3100 USB controller USB-1\u003e port 0x1800-0x181f irq 17 at device 29.0 on pci0\nuhci0: [ITHREAD]\nuhci0: LegSup = 0x003b\nusbus0: \u003cIntel 631XESB/632XESB/3100 USB controller USB-1\u003e on uhci0\nuhci1: \u003cIntel 631XESB/632XESB/3100 USB controller USB-2\u003e port 0x1820-0x183f irq 19 at device 29.1 on pci0\nuhci1: [ITHREAD]\nuhci1: LegSup = 0x0010\nusbus1: \u003cIntel 631XESB/632XESB/3100 USB controller USB-2\u003e on uhci1\nuhci2: \u003cIntel 631XESB/632XESB/3100 USB controller USB-3\u003e port 0x1840-0x185f irq 18 at device 29.2 on pci0\nuhci2: [ITHREAD]\nuhci2: LegSup = 0x0010\nusbus2: \u003cIntel 631XESB/632XESB/3100 USB controller USB-3\u003e on uhci2\nehci0: \u003cIntel 63XXESB USB 2.0 controller\u003e mem 0xda800000-0xda8003ff irq 17 at device 29.7 on pci0\nehci0: [ITHREAD]\nusbus3: EHCI version 1.0\nusbus3: \u003cIntel 63XXESB USB 2.0 controller\u003e on ehci0\npcib11: \u003cACPI PCI-PCI bridge\u003e at device 30.0 on pci0\npci11: \u003cACPI PCI bus\u003e on pcib11\nvgapci0: \u003cVGA-compatible display\u003e port 0x6000-0x60ff mem 0xd0000000-0xd7ffffff,0xda500000-0xda50ffff irq 18 at device 1.0 on pci11\nisab0: \u003cPCI-ISA bridge\u003e at device 31.0 on pci0\nisa0: \u003cISA bus\u003e on isab0\npci0: \u003cserial bus, SMBus\u003e at device 31.3 (no driver attached)\nacpi_button0: \u003cPower Button\u003e on acpi0\natrtc0: \u003cAT realtime clock\u003e port 0x70-0x71 irq 8 on acpi0\natkbdc0: \u003cKeyboard controller (i8042)\u003e port 0x60,0x64 irq 1 on acpi0\natkbd0: \u003cAT Keyboard\u003e irq 1 on atkbdc0\nkbd0 at atkbd0\natkbd0: [GIANT-LOCKED]\natkbd0: [ITHREAD]\nuart0: \u003c16550 or compatible\u003e port 0x3f8-0x3ff irq 4 flags 0x10 on acpi0\nuart0: [FILTER]\nuart1: \u003c16550 or compatible\u003e port 0x2f8-0x2ff irq 3 on acpi0\nuart1: [FILTER]\nfdc0: \u003cfloppy drive controller\u003e port 0x3f0-0x3f5,0x3f7 irq 6 drq 2 on acpi0\nfdc0: does not respond\ndevice_attach: fdc0 attach returned 6\nppc0: \u003cParallel port\u003e port 0x378-0x37f,0x778-0x77f irq 7 drq 3 on acpi0\nppc0: SMC-like chipset (ECP/EPP/PS2/NIBBLE) in COMPATIBLE mode\nppc0: FIFO with 16/16/9 bytes threshold\nppc0: [ITHREAD]\nppbus0: \u003cParallel port bus\u003e on ppc0\nplip0: \u003cPLIP network interface\u003e on ppbus0\nplip0: [ITHREAD]\nlpt0: \u003cPrinter\u003e on ppbus0\nlpt0: [ITHREAD]\nlpt0: Interrupt-driven port\nppi0: \u003cParallel I/O\u003e on ppbus0\ncpu0: \u003cACPI CPU\u003e on acpi0\np4tcc0: \u003cCPU Frequency Thermal Control\u003e on cpu0\ncpu1: \u003cACPI CPU\u003e on acpi0\np4tcc1: \u003cCPU Frequency Thermal Control\u003e on cpu1\ncpu2: \u003cACPI CPU\u003e on acpi0\np4tcc2: \u003cCPU Frequency Thermal Control\u003e on cpu2\ncpu3: \u003cACPI CPU\u003e on acpi0\np4tcc3: \u003cCPU Frequency Thermal Control\u003e on cpu3\ncpu4: \u003cACPI CPU\u003e on acpi0\np4tcc4: \u003cCPU Frequency Thermal Control\u003e on cpu4\ncpu5: \u003cACPI CPU\u003e on acpi0\np4tcc5: \u003cCPU Frequency Thermal Control\u003e on cpu5\ncpu6: \u003cACPI CPU\u003e on acpi0\np4tcc6: \u003cCPU Frequency Thermal Control\u003e on cpu6\ncpu7: \u003cACPI CPU\u003e on acpi0\np4tcc7: \u003cCPU Frequency Thermal Control\u003e on cpu7\nfdc0: \u003cfloppy drive controller\u003e port 0x3f0-0x3f5,0x3f7 irq 6 drq 2 on acpi0\nfdc0: does not respond\ndevice_attach: fdc0 attach returned 6\norm0: \u003cISA Option ROMs\u003e at iomem 0xc0000-0xcafff,0xcb000-0xccfff on isa0\nsc0: \u003cSystem console\u003e at flags 0x100 on isa0\nsc0: VGA \u003c16 virtual consoles, flags=0x300\u003e\nvga0: \u003cGeneric ISA VGA\u003e at port 0x3c0-0x3df iomem 0xa0000-0xbffff on isa0\nTimecounters tick every 1.000 msec\nusbus0: 12Mbps Full Speed USB v1.0\nusbus1: 12Mbps Full Speed USB v1.0\nusbus2: 12Mbps Full Speed USB v1.0\nusbus3: 480Mbps High Speed USB v2.0\nugen0.1: \u003cIntel\u003e at usbus0\nuhub0: \u003cIntel UHCI root HUB, class 9/0, rev 1.00/1.00, addr 1\u003e on usbus0\nugen1.1: \u003cIntel\u003e at usbus1\nuhub1: \u003cIntel UHCI root HUB, class 9/0, rev 1.00/1.00, addr 1\u003e on usbus1\nugen2.1: \u003cIntel\u003e at usbus2\nuhub2: \u003cIntel UHCI root HUB, class 9/0, rev 1.00/1.00, addr 1\u003e on usbus2\nugen3.1: \u003cIntel\u003e at usbus3\nuhub3: \u003cIntel EHCI root HUB, class 9/0, rev 2.00/1.00, addr 1\u003e on usbus3\nuhub0: 2 ports with 2 removable, self powered\nuhub1: 2 ports with 2 removable, self powered\nuhub2: 2 ports with 2 removable, self powered\nuhub3: 6 ports with 6 removable, self powered\nugen3.2: \u003cPeppercon AG\u003e at usbus3\nums0: \u003cPeppercon AG Multidevice, class 0/0, rev 2.00/0.01, addr 2\u003e on usbus3\nums0: 3 buttons and [XYZ] coordinates ID=0\nukbd0: \u003cPeppercon AG Multidevice, class 0/0, rev 2.00/0.01, addr 2\u003e on usbus3\nkbd2 at ukbd0\nda0 at twa0 bus 0 target 0 lun 0\nda0: \u003cAMCC 9650SE-24M DISK 4.10\u003e Fixed Direct Access SCSI-5 device \nda0: 100.000MB/s transfers\nda0: 715245MB (1464821760 512 byte sectors: 255H 63S/T 91180C)\nda1 at twa0 bus 0 target 1 lun 0\nda1: \u003cAMCC 9650SE-24M DISK 4.10\u003e Fixed Direct Access SCSI-5 device \nda1: 100.000MB/s transfers\nda1: 1430501MB (2929666048 512 byte sectors: 255H 63S/T 182363C)\nSMP: AP CPU #1 Launched!\nSMP: AP CPU #4 Launched!\nSMP: AP CPU #5 Launched!\nSMP: AP CPU #3 Launched!\nSMP: AP CPU #2 Launched!\nSMP: AP CPU #7 Launched!\nSMP: AP CPU #6 Launched!\nda2 at twa0 bus 0 target 2 lun 0\nda2: \u003cAMCC 9650SE-24M DISK 4.10\u003e Fixed Direct Access SCSI-5 device \nda2: 100.000MB/s transfers\nda2: 1430501MB (2929666048 512 byte sectors: 255H 63S/T 182363C)\nda3 at twa0 bus 0 target 3 lun 0\nda3: \u003cAMCC 9650SE-24M DISK 4.10\u003e Fixed Direct Access SCSI-5 device \nda3: 100.000MB/s transfers\nda3: 1430501MB (2929666048 512 byte sectors: 255H 63S/T 182363C)\nda4 at twa0 bus 0 target 4 lun 0\nda4: \u003cAMCC 9650SE-24M DISK 4.10\u003e Fixed Direct Access SCSI-5 device \nda4: 100.000MB/s transfers\nda4: 1430501MB (2929666048 512 byte sectors: 255H 63S/T 182363C)\nda5 at twa0 bus 0 target 5 lun 0\nda5: \u003cAMCC 9650SE-24M DISK 4.10\u003e Fixed Direct Access SCSI-5 device \nda5: 100.000MB/s transfers\nda5: 1430501MB (2929666048 512 byte sectors: 255H 63S/T 182363C)\nda6 at twa0 bus 0 target 6 lun 0\nda6: \u003cAMCC 9650SE-24M DISK 4.10\u003e Fixed Direct Access SCSI-5 device \nda6: 100.000MB/s transfers\nda6: 1430501MB (2929666048 512 byte sectors: 255H 63S/T 182363C)\nda7 at twa0 bus 0 target 7 lun 0\nda7: \u003cAMCC 9650SE-24M DISK 4.10\u003e Fixed Direct Access SCSI-5 device \nda7: 100.000MB/s transfers\nda7: 1430501MB (2929666048 512 byte sectors: 255H 63S/T 182363C)\nda8 at twa0 bus 0 target 8 lun 0\nda8: \u003cAMCC 9650SE-24M DISK 4.10\u003e Fixed Direct Access SCSI-5 device \nda8: 100.000MB/s transfers\nda8: 1430501MB (2929666048 512 byte sectors: 255H 63S/T 182363C)\nda9 at twa0 bus 0 target 9 lun 0\nda9: \u003cAMCC 9650SE-24M DISK 4.10\u003e Fixed Direct Access SCSI-5 device \nda9: 100.000MB/s transfers\nda9: 1430501MB (2929666048 512 byte sectors: 255H 63S/T 182363C)\nda10 at twa0 bus 0 target 10 lun 0\nda10: \u003cAMCC 9650SE-24M DISK 4.10\u003e Fixed Direct Access SCSI-5 device \nda10: 100.000MB/s transfers\nda10: 1430501MB (2929666048 512 byte sectors: 255H 63S/T 182363C)\nda11 at twa0 bus 0 target 11 lun 0\nda11: \u003cAMCC 9650SE-24M DISK 4.10\u003e Fixed Direct Access SCSI-5 device \nda11: 100.000MB/s transfers\nda11: 1430501MB (2929666048 512 byte sectors: 255H 63S/T 182363C)\nda12 at twa0 bus 0 target 12 lun 0\nda12: \u003cAMCC 9650SE-24M DISK 4.10\u003e Fixed Direct Access SCSI-5 device \nda12: 100.000MB/s transfers\nda12: 1430501MB (2929666048 512 byte sectors: 255H 63S/T 182363C)\nda13 at twa0 bus 0 target 13 lun 0\nda13: \u003cAMCC 9650SE-24M DISK 4.10\u003e Fixed Direct Access SCSI-5 device \nda13: 100.000MB/s transfers\nda13: 1430501MB (2929666048 512 byte sectors: 255H 63S/T 182363C)\nda14 at twa0 bus 0 target 14 lun 0\nda14: \u003cAMCC 9650SE-24M DISK 4.10\u003e Fixed Direct Access SCSI-5 device \nda14: 100.000MB/s transfers\nda14: 1430501MB (2929666048 512 byte sectors: 255H 63S/T 182363C)\nda15 at twa0 bus 0 target 15 lun 0\nda15: \u003cAMCC 9650SE-24M DISK 4.10\u003e Fixed Direct Access SCSI-5 device \nda15: 100.000MB/s transfers\nda15: 1430501MB (2929666048 512 byte sectors: 255H 63S/T 182363C)\nda16 at twa0 bus 0 target 16 lun 0\nda16: \u003cAMCC 9650SE-24M DISK 4.10\u003e Fixed Direct Access SCSI-5 device \nda16: 100.000MB/s transfers\nda16: 1430501MB (2929666048 512 byte sectors: 255H 63S/T 182363C)\nda17 at twa0 bus 0 target 17 lun 0\nda17: \u003cAMCC 9650SE-24M DISK 4.10\u003e Fixed Direct Access SCSI-5 device \nda17: 100.000MB/s transfers\nda17: 1430501MB (2929666048 512 byte sectors: 255H 63S/T 182363C)\nda18 at twa0 bus 0 target 18 lun 0\nda18: \u003cAMCC 9650SE-24M DISK 4.10\u003e Fixed Direct Access SCSI-5 device \nda18: 100.000MB/s transfers\nda18: 1430501MB (2929666048 512 byte sectors: 255H 63S/T 182363C)\nda19 at twa0 bus 0 target 19 lun 0\nda19: \u003cAMCC 9650SE-24M DISK 4.10\u003e Fixed Direct Access SCSI-5 device \nda19: 100.000MB/s transfers\nda19: 1430501MB (2929666048 512 byte sectors: 255H 63S/T 182363C)\nda20 at twa0 bus 0 target 20 lun 0\nda20: \u003cAMCC 9650SE-24M DISK 4.10\u003e Fixed Direct Access SCSI-5 device \nda20: 100.000MB/s transfers\nda20: 1430501MB (2929666048 512 byte sectors: 255H 63S/T 182363C)\nda21 at twa0 bus 0 target 21 lun 0\nda21: \u003cAMCC 9650SE-24M DISK 4.10\u003e Fixed Direct Access SCSI-5 device \nda21: 100.000MB/s transfers\nda21: 1430501MB (2929666048 512 byte sectors: 255H 63S/T 182363C)\nda22 at twa0 bus 0 target 22 lun 0\nda22: \u003cAMCC 9650SE-24M DISK 4.10\u003e Fixed Direct Access SCSI-5 device \nda22: 100.000MB/s transfers\nda22: 1430501MB (2929666048 512 byte sectors: 255H 63S/T 182363C)\nTrying to mount root from ufs:/dev/da0s1a\nWARNING: / was not properly dismounted\nZFS filesystem version 13\nZFS storage pool version 13\nem2: link state changed to UP\n\ncannot do debug because server freeze on dumping \ni will recomplie kernel to ddb/kdb and try onlin debuging (if server will not freeze )"
}