{
 "id": 1126311,
 "bug_id": 250261,
 "attachment_id": 0,
 "creation_time": "2020-10-10T22:19:18Z",
 "creator": "jeff@jeffjoshua.club",
 "text": "Here's the relevant dmesg \nCopyright (c) 1992-2020 The FreeBSD Project.\nCopyright (c) 1979, 1980, 1983, 1986, 1988, 1989, 1991, 1992, 1993, 1994\n\tThe Regents of the University of California. All rights reserved.\nFreeBSD is a registered trademark of The FreeBSD Foundation.\nFreeBSD 12.2-RC2 r366553 GENERIC amd64\nFreeBSD clang version 10.0.1 (git@github.com:llvm/llvm-project.git llvmorg-10.0.1-0-gef32c611aa2)\nVT(efifb): resolution 1920x1080\nCPU: Intel(R) Core(TM) i3-5005U CPU @ 2.00GHz (1995.42-MHz K8-class CPU)\n  Origin=\"GenuineIntel\"  Id=0x306d4  Family=0x6  Model=0x3d  Stepping=4\n  Features=0xbfebfbff\u003cFPU,VME,DE,PSE,TSC,MSR,PAE,MCE,CX8,APIC,SEP,MTRR,PGE,MCA,CMOV,PAT,PSE36,CLFLUSH,DTS,ACPI,MMX,FXSR,SSE,SSE2,SS,HTT,TM,PBE\u003e\n  Features2=0x7ffafbbf\u003cSSE3,PCLMULQDQ,DTES64,MON,DS_CPL,VMX,EST,TM2,SSSE3,SDBG,FMA,CX16,xTPR,PDCM,PCID,SSE4.1,SSE4.2,x2APIC,MOVBE,POPCNT,TSCDLT,AESNI,XSAVE,OSXSAVE,AVX,F16C,RDRAND\u003e\n  AMD Features=0x2c100800\u003cSYSCALL,NX,Page1GB,RDTSCP,LM\u003e\n  AMD Features2=0x121\u003cLAHF,ABM,Prefetch\u003e\n  Structured Extended Features=0x21c27ab\u003cFSGSBASE,TSCADJ,BMI1,AVX2,SMEP,BMI2,ERMS,INVPCID,NFPUSG,RDSEED,ADX,SMAP,PROCTRACE\u003e\n  Structured Extended Features3=0x9c000000\u003cIBPB,STIBP,L1DFL,SSBD\u003e\n  XSAVE Features=0x1\u003cXSAVEOPT\u003e\n  VT-x: PAT,HLT,MTF,PAUSE,EPT,UG,VPID\n  TSC: P-state invariant, performance statistics\nreal memory  = 12884901888 (12288 MB)\navail memory = 12368932864 (11795 MB)\nEvent timer \"LAPIC\" quality 600\nACPI APIC Table: \u003cLENOVO TP-J5   \u003e\nFreeBSD/SMP: Multiprocessor System Detected: 4 CPUs\nFreeBSD/SMP: 1 package(s) x 2 core(s) x 2 hardware threads\nrandom: unblocking device.\nioapic0 \u003cVersion 2.0\u003e irqs 0-39 on motherboard\nLaunching APs: 1 2 3\nTimecounter \"TSC\" frequency 1995421950 Hz quality 1000\nrandom: entropy device external interface\nkbd1 at kbdmux0\n000.000023 [4336] netmap_init               netmap: loaded module\n[ath_hal] loaded\nmodule_register_init: MOD_LOAD (vesa, 0xffffffff81115e40, 0) error 19\nrandom: registering fast source Intel Secure Key RNG\nrandom: fast provider: \"Intel Secure Key RNG\"\nnexus0\nefirtc0: \u003cEFI Realtime Clock\u003e on motherboard\nefirtc0: registered as a time-of-day clock, resolution 1.000000s\ncryptosoft0: \u003csoftware crypto\u003e on motherboard\nacpi0: \u003cLENOVO TP-J5\u003e on motherboard\nacpi_ec0: \u003cEmbedded Controller: GPE 0x25, ECDT\u003e port 0x62,0x66 on acpi0\nacpi0: Power Button (fixed)\ncpu0: \u003cACPI CPU\u003e on acpi0\nattimer0: \u003cAT timer\u003e port 0x40-0x43 irq 0 on acpi0\nTimecounter \"i8254\" frequency 1193182 Hz quality 0\nEvent timer \"i8254\" frequency 1193182 Hz quality 100\nhpet0: \u003cHigh Precision Event Timer\u003e iomem 0xfed00000-0xfed003ff on acpi0\nTimecounter \"HPET\" frequency 14318180 Hz quality 950\nEvent timer \"HPET\" frequency 14318180 Hz quality 550\nEvent timer \"HPET1\" frequency 14318180 Hz quality 440\nEvent timer \"HPET2\" frequency 14318180 Hz quality 440\nEvent timer \"HPET3\" frequency 14318180 Hz quality 440\nEvent timer \"HPET4\" frequency 14318180 Hz quality 440\natrtc0: \u003cAT realtime clock\u003e port 0x70-0x71 irq 8 on acpi0\natrtc0: registered as a time-of-day clock, resolution 1.000000s\nEvent timer \"RTC\" frequency 32768 Hz quality 0\nTimecounter \"ACPI-safe\" frequency 3579545 Hz quality 850\nacpi_timer0: \u003c24-bit timer at 3.579545MHz\u003e port 0x1808-0x180b on acpi0\nacpi_lid0: \u003cControl Method Lid Switch\u003e on acpi0\npcib0: \u003cACPI Host-PCI bridge\u003e port 0xcf8-0xcff on acpi0\npci0: \u003cACPI PCI bus\u003e on pcib0\nvgapci0: \u003cVGA-compatible display\u003e port 0x3000-0x303f mem 0xf0000000-0xf0ffffff,0xe0000000-0xefffffff at device 2.0 on pci0\nvgapci0: Boot video device\nhdac0: \u003cIntel Broadwell HDA Controller\u003e mem 0xf1230000-0xf1233fff at device 3.0 on pci0\nxhci0: \u003cBroadwell Integrated PCH-LP chipset USB 3.0 controller\u003e mem 0xf1220000-0xf122ffff at device 20.0 on pci0\nxhci0: 32 bytes context size, 64-bit DMA\nxhci0: Port routing mask set to 0xffffffff\nusbus0 on xhci0\nusbus0: 5.0Gbps Super Speed USB v3.0\npci0: \u003csimple comms\u003e at device 22.0 (no driver attached)\nem0: \u003cIntel(R) PRO/1000 Network Connection\u003e port 0x3080-0x309f mem 0xf1200000-0xf121ffff,0xf123e000-0xf123efff at device 25.0 on pci0\nem0: Using 1024 TX descriptors and 1024 RX descriptors\nem0: Using an MSI interrupt\nem0: Ethernet address: 68:f7:28:96:93:b3\nem0: netmap queues/slots: TX 1/1024, RX 1/1024\nhdac1: \u003cIntel Broadwell HDA Controller\u003e mem 0xf1234000-0xf1237fff at device 27.0 on pci0\npcib1: \u003cACPI PCI-PCI bridge\u003e at device 28.0 on pci0\npci1: \u003cACPI PCI bus\u003e on pcib1\npcib2: \u003cACPI PCI-PCI bridge\u003e at device 28.2 on pci0\npci2: \u003cACPI PCI bus\u003e on pcib2\npci2: \u003cnetwork\u003e at device 0.0 (no driver attached)\npcib3: \u003cACPI PCI-PCI bridge\u003e at device 28.5 on pci0\npci3: \u003cACPI PCI bus\u003e on pcib3\npci3: \u003cunknown\u003e at device 0.0 (no driver attached)\nehci0: \u003cIntel Wildcat Point-LP USB 2.0 controller\u003e mem 0xf123d000-0xf123d3ff at device 29.0 on pci0\nusbus1: EHCI version 1.0\nusbus1 on ehci0\nusbus1: 480Mbps High Speed USB v2.0\nisab0: \u003cPCI-ISA bridge\u003e at device 31.0 on pci0\nisa0: \u003cISA bus\u003e on isab0\nahci0: \u003cIntel Wildcat Point-LP AHCI SATA controller\u003e port 0x30a8-0x30af,0x30b4-0x30b7,0x30a0-0x30a7,0x30b0-0x30b3,0x3060-0x307f mem 0xf123c000-0xf123c7ff at device 31.2 on pci0\nahci0: AHCI v1.30 with 2 6Gbps ports, Port Multiplier not supported\nahcich0: \u003cAHCI channel\u003e at channel 0 on ahci0\nahcich1: \u003cAHCI channel\u003e at channel 1 on ahci0\nacpi_tz0: \u003cThermal Zone\u003e on acpi0\natkbdc0: \u003cKeyboard controller (i8042)\u003e port 0x60,0x64 irq 1 on acpi0\natkbd0: \u003cAT Keyboard\u003e irq 1 on atkbdc0\nkbd0 at atkbd0\natkbd0: [GIANT-LOCKED]\npsm0: \u003cPS/2 Mouse\u003e irq 12 on atkbdc0\npsm0: [GIANT-LOCKED]\npsm0: model GlidePoint, device ID 0\nbattery0: \u003cACPI Control Method Battery\u003e on acpi0\nacpi_acad0: \u003cAC Adapter\u003e on acpi0\nest0: \u003cEnhanced SpeedStep Frequency Control\u003e on cpu0\nTimecounters tick every 1.000 msec\nhdacc0: \u003cIntel Broadwell HDA CODEC\u003e at cad 0 on hdac0\nhdaa0: \u003cIntel Broadwell Audio Function Group\u003e at nid 1 on hdacc0\npcm0: \u003cIntel Broadwell (HDMI/DP 8ch)\u003e at nid 3 on hdaa0\nhdacc1: \u003cConexant CX20751/2 HDA CODEC\u003e at cad 0 on hdac1\nhdaa1: \u003cConexant CX20751/2 Audio Function Group\u003e at nid 1 on hdacc1\npcm1: \u003cConexant CX20751/2 (Analog)\u003e at nid 23 and 26 on hdaa1\npcm2: \u003cConexant CX20751/2 (Right Analog)\u003e at nid 22 and 25 on hdaa1\nugen0.1: \u003c0x8086 XHCI root HUB\u003e at usbus0\nugen1.1: \u003cIntel EHCI root HUB\u003e at usbus1\nTrying to mount root from ufs:/dev/ada0p6 [rw]...\nRoot mount waiting for: usbus0 usbus1 CAM\nuhub1: \u003c0x8086 XHCI root HUB, class 9/0, rev 3.00/1.00, addr 1\u003e on usbus0\nuhub0: \u003cIntel EHCI root HUB, class 9/0, rev 2.00/1.00, addr 1\u003e on usbus1\nada0 at ahcich0 bus 0 scbus0 target 0 lun 0\nada0: \u003cCrucial CT1050MX300SSD1 M0CR021\u003e ACS-3 ATA SATA 3.x device\nada0: Serial Number 163713E7E8BC\nada0: 600.000MB/s transfers (SATA 3.x, UDMA6, PIO 8192bytes)\nada0: Command Queueing enabled\nada0: 1001562MB (2051200368 512 byte sectors)\ncd0 at ahcich1 bus 0 scbus1 target 0 lun 0\ncd0: \u003cHL-DT-ST DVDRAM GUA0N LZ20\u003e Removable CD-ROM SCSI device\ncd0: Serial Number KYSF1TG4534\ncd0: 150.000MB/s transfers (SATA 1.x, UDMA6, ATAPI 12bytes, PIO 8192bytes)\ncd0: 0MB (1 0 byte sectors)\nuhub1: 15 ports with 15 removable, self powered\nRoot mount waiting for: usbus0 usbus1\nuhub0: 3 ports with 3 removable, self powered\nugen0.2: \u003cvendor 0x8087 product 0x07dc\u003e at usbus0\nRoot mount waiting for: usbus0 usbus1\nugen0.3: \u003cGeneric Integrated Camera\u003e at usbus0\nugen1.2: \u003cvendor 0x8087 product 0x8001\u003e at usbus1\nuhub2 on uhub0\nuhub2: \u003cvendor 0x8087 product 0x8001, class 9/0, rev 2.00/0.03, addr 2\u003e on usbus1\nuhub2: 8 ports with 8 removable, self powered\nmountroot: waiting for device /dev/ada0p6...\ndrmn0: \u003cdrmn\u003e on vgapci0\ndevice_attach: drmn0 attach returned 19\niwm0: \u003cIntel(R) Dual Band Wireless AC 3160\u003e mem 0xf1100000-0xf1101fff at device 0.0 on pci2\niwm0: hw rev 0x160, fw ver 17.352738.0, address f4:06:69:78:dd:b3\nwlan0: Ethernet address: f4:06:69:78:dd:b3\nlo0: link state changed to UP\nwlan0: link state changed to UP\nubt0 on uhub1\nubt0: \u003cvendor 0x8087 product 0x07dc, class 224/1, rev 2.00/0.01, addr 1\u003e on usbus0\nWARNING: attempt to domain_add(bluetooth) after domainfinalize()\nWARNING: attempt to domain_add(netgraph) after domainfinalize()"
}