{
 "id": 373576,
 "bug_id": 108488,
 "attachment_id": 0,
 "creation_time": "2007-01-28T20:00:36Z",
 "creator": "vitalie@apostu.com",
 "text": "here is infor from dmesg:\n\nFreeBSD is a registered trademark of The FreeBSD Foundation.\nFreeBSD 6.2-RELEASE #0: Sun Jan 28 04:58:51 EST 2007\n    root@lab.com:/usr/src/sys/i386/compile/VITALAP\nTimecounter \"i8254\" frequency 1193182 Hz quality 0\nCPU: Intel Celeron (636.68-MHz 686-class CPU)\n  Origin = \"GenuineIntel\"  Id = 0x683  Stepping = 3\n  Features=0x383f9ff\u003cFPU,VME,DE,PSE,TSC,MSR,PAE,MCE,CX8,SEP,MTRR,PGE,MCA,CMOV,PAT,PSE36,MMX,FXSR,SSE\u003e\nreal memory  = 133103616 (126 MB)\navail memory = 120655872 (115 MB)\nkbd1 at kbdmux0\nath_hal: 0.9.17.2 (AR5210, AR5211, AR5212, RF5111, RF5112, RF2413, RF5413)\nacpi0: \u003cPTLTD   RSDT\u003e on motherboard\nacpi0: Power Button (fixed)\n    ACPI-1304: *** Error: Method execution failed [\\\\_SB_.PCI0.LPC0.SIO_.LPT_._CRS] (Node 0xc19a2100), AE_AML_BUFFER_LIMIT\n    ACPI-0239: *** Error: Method execution failed [\\\\_SB_.PCI0.LPC0.SIO_.LPT_._CRS] (Node 0xc19a2100), AE_AML_BUFFER_LIMIT\ncan't fetch resources for \\\\_SB_.PCI0.LPC0.SIO_.LPT_ - AE_AML_BUFFER_LIMIT\nTimecounter \"ACPI-fast\" frequency 3579545 Hz quality 1000\nacpi_timer0: \u003c24-bit timer at 3.579545MHz\u003e port 0x1008-0x100b on acpi0\ncpu0: \u003cACPI CPU\u003e on acpi0\nacpi_throttle0: \u003cACPI CPU Throttling\u003e on cpu0\npcib0: \u003cACPI Host-PCI bridge\u003e port 0xcf8-0xcff on acpi0\npci0: \u003cACPI PCI bus\u003e on pcib0\nagp0: \u003cIntel 82810 (i810 GMCH) SVGA controller\u003e mem 0xf8000000-0xfbffffff,0xf4000000-0xf407ffff irq 9 at device 1.0 on pci0\npcib1: \u003cACPI PCI-PCI bridge\u003e at device 30.0 on pci0\npci1: \u003cACPI PCI bus\u003e on pcib1\nrl0: \u003cRealTek 8139 10/100BaseTX\u003e port 0x2000-0x20ff mem 0xf4100000-0xf41000ff at device 10.0 on pci1\nmiibus0: \u003cMII bus\u003e on rl0\nrlphy0: \u003cRealTek internal media interface\u003e on miibus0\nrlphy0:  10baseT, 10baseT-FDX, 100baseTX, 100baseTX-FDX, auto\nrl0: Ethernet address: 00:50:22:80:8c:92\nisab0: \u003cPCI-ISA bridge\u003e at device 31.0 on pci0\nisa0: \u003cISA bus\u003e on isab0\natapci0: \u003cIntel ICH UDMA66 controller\u003e port 0x1f0-0x1f7,0x3f6,0x170-0x177,0x376,0x10a0-0x10af at device 31.1 on pci0\nata0: \u003cATA channel 0\u003e on atapci0\nata1: \u003cATA channel 1\u003e on atapci0\nuhci0: \u003cIntel 82801AA (ICH) USB controller\u003e port 0x1080-0x109f irq 11 at device 31.2 on pci0\nuhci0: [GIANT-LOCKED]\nusb0: \u003cIntel 82801AA (ICH) USB controller\u003e on uhci0\nusb0: USB revision 1.0\nuhub0: Intel UHCI root hub, class 9/0, rev 1.00/1.00, addr 1\nuhub0: 2 ports with 2 removable, self powered\npci0: \u003cserial bus, SMBus\u003e at device 31.3 (no driver attached)\npcm0: \u003cIntel ICH (82801AA)\u003e port 0x1200-0x12ff,0x1300-0x133f at device 31.5 on pci0\npcm0: \u003cCirrus Logic CS4299 AC97 Codec\u003e\nacpi_button0: \u003cPower Button\u003e on acpi0\natkbdc0: \u003cKeyboard controller (i8042)\u003e port 0x60,0x64 irq 1 on acpi0\natkbd0: \u003cAT Keyboard\u003e irq 1 on atkbdc0\nkbd0 at atkbd0\natkbd0: [GIANT-LOCKED]\nsio0: \u003c16550A-compatible COM port\u003e port 0x3f8-0x3ff irq 4 flags 0x10 on acpi0\nsio0: type 16550A\nsio1: \u003c16550A-compatible COM port\u003e port 0x2f8-0x2ff irq 3 on acpi0\nsio1: type 16550A\nfdc0: \u003cfloppy drive controller\u003e port 0x3f0-0x3f5,0x3f7 irq 6 drq 2 on acpi0\nfdc0: [FAST]\nfd0: \u003c1440-KB 3.5\" drive\u003e on fdc0 drive 0\nppc0: \u003cStandard parallel printer port\u003e port 0x378-0x37f on acpi0\nppc0: Generic chipset (EPP/NIBBLE) in COMPATIBLE mode\nppbus0: \u003cParallel port bus\u003e on ppc0\nplip0: \u003cPLIP network interface\u003e on ppbus0\nlpt0: \u003cPrinter\u003e on ppbus0\nlpt0: Polled port\nppi0: \u003cParallel I/O\u003e on ppbus0\npmtimer0 on isa0\norm0: \u003cISA Option ROMs\u003e at iomem 0xc0000-0xc9fff,0xd8000-0xdbfff,0xdc000-0xdffff on isa0\nsc0: \u003cSystem console\u003e at flags 0x100 on isa0\nsc0: VGA \u003c16 virtual consoles, flags=0x300\u003e\nvga0: \u003cGeneric ISA VGA\u003e at port 0x3c0-0x3df iomem 0xa0000-0xbffff on isa0\nTimecounter \"TSC\" frequency 636680857 Hz quality 800\nTimecounters tick every 1.000 msec\nad0: 76319MB \u003cWDC WD800JB-00JJC0 05.01C05\u003e at ata0-master UDMA66\nad2: 76319MB \u003cWDC WD800JB-00JJC0 05.01C05\u003e at ata1-master UDMA66\nGEOM_MIRROR: Device gm0 created (id=399564729).\nGEOM_MIRROR: Device gm0: provider ad0 detected.\nGEOM_MIRROR: Device gm0: provider ad2 detected.\nGEOM_MIRROR: Device gm0: provider ad2 activated.\nGEOM_MIRROR: Device gm0: provider ad0 activated.\nGEOM_MIRROR: Device gm0: provider mirror/gm0 launched.\nTrying to mount root from ufs:/dev/mirror/gm0s1a\nrl0: link state changed to UP"
}