{
 "id": 394680,
 "bug_id": 113100,
 "attachment_id": 0,
 "creation_time": "2007-05-28T21:10:03Z",
 "creator": "sid@merlin.com.ua",
 "text": "Copyright (c) 1992-2007 The FreeBSD Project.\nCopyright (c) 1979, 1980, 1983, 1986, 1988, 1989, 1991, 1992, 1993, 1994\n        The Regents of the University of California. All rights reserved.\nFreeBSD is a registered trademark of The FreeBSD Foundation.\nFreeBSD 6.2-RELEASE #0: Fri Jan 12 11:05:30 UTC 2007\n    root@dessler.cse.buffalo.edu:/usr/obj/usr/src/sys/SMP\nTimecounter \"i8254\" frequency 1193182 Hz quality 0\nCPU: AMD Athlon(tm) 64 X2 Dual Core Processor 4000+ (2109.58-MHz 686-class CPU)\n  Origin = \"AuthenticAMD\"  Id = 0x60fb1  Stepping = 1\n  Features=0x178bfbff\u003cFPU,VME,DE,PSE,TSC,MSR,PAE,MCE,CX8,APIC,SEP,MTRR,PGE,MCA,CMOV,PAT,PSE36,CLFLUS\nH,MMX,FXSR,SSE,SSE2,HTT\u003e\n  Features2=0x2001\u003cSSE3,CX16\u003e\n  AMD Features=0xea500800\u003cSYSCALL,NX,MMX+,FFXSR,RDTSCP,LM,3DNow+,3DNow\u003e\n  AMD Features2=0x11f\u003cLAHF,CMP,\u003cb2\u003e,\u003cb3\u003e,CR8,\u003cb8\u003e\u003e\n  Cores per package: 2\nreal memory  = 2013003776 (1919 MB)\navail memory = 1964253184 (1873 MB)\nACPI APIC Table: \u003cA M I  OEMAPIC \u003e\nFreeBSD/SMP: Multiprocessor System Detected: 2 CPUs\n cpu0 (BSP): APIC ID:  0\n cpu1 (AP): APIC ID:  1\nioapic0 \u003cVersion 1.1\u003e irqs 0-23 on motherboard\nkbd1 at kbdmux0\nath_hal: 0.9.17.2 (AR5210, AR5211, AR5212, RF5111, RF5112, RF2413, RF5413)\nacpi0: \u003cA M I OEMRSDT\u003e on motherboard\nacpi0: Power Button (fixed)\nTimecounter \"ACPI-fast\" frequency 3579545 Hz quality 1000\nacpi_timer0: \u003c24-bit timer at 3.579545MHz\u003e port 0x508-0x50b on acpi0\ncpu0: \u003cACPI CPU\u003e on acpi0\ncpu1: \u003cACPI CPU\u003e on acpi0\npcib0: \u003cACPI Host-PCI bridge\u003e port 0xcf8-0xcff on acpi0\npci0: \u003cACPI PCI bus\u003e on pcib0\npci0: \u003cmemory, RAM\u003e at device 0.0 (no driver attached)\nisab0: \u003cPCI-ISA bridge\u003e at device 1.0 on pci0\nisa0: \u003cISA bus\u003e on isab0\npci0: \u003cserial bus, SMBus\u003e at device 1.1 (no driver attached)\npci0: \u003cmemory, RAM\u003e at device 1.2 (no driver attached)\npci0: \u003cprocessor\u003e at device 1.3 (no driver attached)\nohci0: \u003cOHCI (generic) USB controller\u003e mem 0xdfdff000-0xdfdfffff irq 21 at device 2.0 on pci0\nohci0: [GIANT-LOCKED]\nusb0: OHCI version 1.0, legacy support\nusb0: SMM does not respond, resetting\nusb0: \u003cOHCI (generic) USB controller\u003e on ohci0\nusb0: USB revision 1.0\nuhub0: nVidia OHCI root hub, class 9/0, rev 1.00/1.00, addr 1\nuhub0: 10 ports with 10 removable, self powered\nehci0: \u003cEHCI (generic) USB 2.0 controller\u003e mem 0xdfdfec00-0xdfdfecff irq 22 at device 2.1 on pci0\nehci0: [GIANT-LOCKED]\nusb1: EHCI version 1.0\nusb1: companion controller, 10 ports each: usb0\nusb1: \u003cEHCI (generic) USB 2.0 controller\u003e on ehci0\nusb1: USB revision 2.0\nuhub1: nVidia EHCI root hub, class 9/0, rev 2.00/1.00, addr 1\nuhub1: 10 ports with 10 removable, self powered\numass0: HL-DT-ST DVDRAM GSA-5163D Super Multi DVD Rewriter, rev 2.00/0.01, addr 2\npcib1: \u003cACPI PCI-PCI bridge\u003e at device 4.0 on pci0\npci1: \u003cACPI PCI bus\u003e on pcib1\nfxp0: \u003cIntel 82558 Pro/100 Ethernet\u003e port 0xec00-0xec1f mem 0xdcfff000-0xdcffffff,0xdff00000-0xdffff\nfff irq 16 at device 6.0 on pci1\nmiibus0: \u003cMII bus\u003e on fxp0\ninphy0: \u003ci82555 10/100 media interface\u003e on miibus0\ninphy0:  10baseT, 10baseT-FDX, 100baseTX, 100baseTX-FDX, auto\nfxp0: Ethernet address: 00:04:ac:25:a4:46\npci0: \u003cmultimedia\u003e at device 5.0 (no driver attached)\natapci0: \u003cGENERIC ATA controller\u003e port \n----------^^^^^^^^^^^^^^^^^^^^^^\n0x1f0-0x1f7,0x3f6,0x170-0x177,0x376,0xffa0-0xffaf at device 6\n.0 on pci0\nata0: \u003cATA channel 0\u003e on atapci0\nata1: \u003cATA channel 1\u003e on atapci0\npci0: \u003cbridge\u003e at device 7.0 (no driver attached)\natapci1: \u003cGENERIC ATA controller\u003e port 0xd400-0xd407,0xd080-0xd083,0xd000-0xd007,0xcc00-0xcc03,0xc88\n0-0xc88f mem 0xdfdfc000-0xdfdfcfff irq 21 at device 8.0 on pci0\nata2: \u003cATA channel 0\u003e on atapci1\nata3: \u003cATA channel 1\u003e on atapci1\natapci2: \u003cGENERIC ATA controller\u003e port 0xc800-0xc807,0xc480-0xc483,0xc400-0xc407,0xc080-0xc083,0xc00\n0-0xc00f mem 0xdfdf3000-0xdfdf3fff irq 22 at device 8.1 on pci0\nata4: \u003cATA channel 0\u003e on atapci2\nata5: \u003cATA channel 1\u003e on atapci2\npcib2: \u003cACPI PCI-PCI bridge\u003e at device 9.0 on pci0\npci2: \u003cACPI PCI bus\u003e on pcib2\npcib3: \u003cACPI PCI-PCI bridge\u003e at device 11.0 on pci0\npci3: \u003cACPI PCI bus\u003e on pcib3\npcib4: \u003cACPI PCI-PCI bridge\u003e at device 12.0 on pci0\npci4: \u003cACPI PCI bus\u003e on pcib4\npci0: \u003cdisplay, VGA\u003e at device 13.0 (no driver attached)\nacpi_button0: \u003cPower Button\u003e on acpi0\nfdc0: \u003cfloppy drive controller (FDE)\u003e port 0x3f0-0x3f5,0x3f7 irq 6 drq 2 on acpi0\nfdc0: [FAST]\natkbdc0: \u003cKeyboard controller (i8042)\u003e port 0x60,0x64 irq 1 on acpi0\natkbd0: \u003cAT Keyboard\u003e irq 1 on atkbdc0\nkbd0 at atkbd0\natkbd0: [GIANT-LOCKED]\npsm0: \u003cPS/2 Mouse\u003e irq 12 on atkbdc0\npsm0: [GIANT-LOCKED]\npsm0: model IntelliMouse, device ID 3\npmtimer0 on isa0\nppc0: parallel port not found.\nsc0: \u003cSystem console\u003e at flags 0x100 on isa0\nsc0: VGA \u003c16 virtual consoles, flags=0x300\u003e\nsio0: configured irq 4 not in bitmap of probed irqs 0\nsio0: port may not be enabled\nsio0 at port 0x3f8-0x3ff irq 4 flags 0x10 on isa0\nsio0: type 8250 or not responding\nsio1: configured irq 3 not in bitmap of probed irqs 0\nsio1: port may not be enabled\nvga0: \u003cGeneric ISA VGA\u003e at port 0x3c0-0x3df iomem 0xa0000-0xbffff on isa0\nTimecounters tick every 1.000 msec\nad4: 381554MB \u003cSeagate ST3400620AS 3.AAC\u003e at ata2-master UDMA33\n---------------------------------------------------------^^^^^^^^\nSMP: AP CPU #1 Launched!\ncd0 at umass-sim0 bus 0 target 0 lun 0\ncd0: \u003cHL-DT-ST DVDRAM GSA-5163D A101\u003e Removable CD-ROM SCSI-0 device\ncd0: 40.000MB/s transfers\ncd0: Attempt to query device size failed: NOT READY, Medium not present\nTrying to mount root from ufs:/dev/ad4s1a\n\nHow-To-Repeat: just install generic"
}