{
 "id": 646648,
 "bug_id": 164227,
 "attachment_id": 0,
 "creation_time": "2012-01-17T00:50:09Z",
 "creator": "cpghost@cordula.ws",
 "text": "Booting a FreeBSD-9.0-RELEASE kernel on a Blade 1500 panics with:\n\npanic: kmem_suballoc: bad status return of 3\ncpuid = 0\nKDB: stack backtrace:\n  #0 0xc079841c at ??+0\n  #1 0xc04ca59c at ??+0\n  #2 0xc0487f90 at ??+0\n  #3 0xc0098028 at ??+0\n\nThis is on a Blade 1500 with 2 GB of RAM.\n\ndmesg when verbose booting 8.2-RELEASE with the full 2 GB:\n\nCopyright (c) 1992-2011 The FreeBSD Project.\nCopyright (c) 1979, 1980, 1983, 1986, 1988, 1989, 1991, 1992, 1993, 1994\n\tThe Regents of the University of California. All rights reserved.\nFreeBSD is a registered trademark of The FreeBSD Foundation.\nFreeBSD 8.2-RELEASE #0: Thu Feb 17 06:57:44 UTC 2011\n    root@araz.cse.buffalo.edu:/usr/obj/usr/src/sys/GENERIC sparc64\nPreloaded elf kernel \"/boot/GENERIC/kernel\" at 0xc0b9c000.\nreal memory  = 2147483648 (2048 MB)\navail memory = 2079563776 (1983 MB)\nmachine: SUNW,Sun-Blade-1500-S\ncpu0: Sun Microsystems UltraSparc-IIIi Processor (1503.00 MHz CPU)\n  mask=0x34 maxtl=5 maxwin=7\nwlan: \u003c802.11 Link Layer\u003e\nfirmware: 'isp_1000' version 1: 20142 bytes loaded at 0xc0725d38\nispfw: registered firmware \u003cisp_1000\u003e\nfirmware: 'isp_1040' version 1: 22944 bytes loaded at 0xc072abe6\nispfw: registered firmware \u003cisp_1040\u003e\nfirmware: 'isp_1040_it' version 1: 32942 bytes loaded at 0xc0730586\nispfw: registered firmware \u003cisp_1040_it\u003e\nfirmware: 'isp_1080' version 1: 31350 bytes loaded at 0xc0738634\nispfw: registered firmware \u003cisp_1080\u003e\nfirmware: 'isp_1080_it' version 1: 40644 bytes loaded at 0xc07400aa\nispfw: registered firmware \u003cisp_1080_it\u003e\nfirmware: 'isp_12160' version 1: 28050 bytes loaded at 0xc0749f6e\nispfw: registered firmware \u003cisp_12160\u003e\nfirmware: 'isp_12160_it' version 1: 40604 bytes loaded at 0xc0750d00\nispfw: registered firmware \u003cisp_12160_it\u003e\nfirmware: 'isp_2100' version 1: 76770 bytes loaded at 0xc075ab9c\nispfw: registered firmware \u003cisp_2100\u003e\nfirmware: 'isp_2200' version 1: 77214 bytes loaded at 0xc076d77e\nispfw: registered firmware \u003cisp_2200\u003e\nfirmware: 'isp_2300' version 1: 106640 bytes loaded at 0xc078051c\nispfw: registered firmware \u003cisp_2300\u003e\nfirmware: 'isp_2322' version 1: 108856 bytes loaded at 0xc079a5ac\nispfw: registered firmware \u003cisp_2322\u003e\nfirmware: 'isp_2400' version 1: 177416 bytes loaded at 0xc07b8164\nispfw: registered firmware \u003cisp_2400\u003e\nfirmware: 'isp_2400_multi' version 1: 193652 bytes loaded at 0xc07efe54\nispfw: registered firmware \u003cisp_2400_multi\u003e\nfirmware: 'isp_2500' version 1: 140732 bytes loaded at 0xc082c140\nispfw: registered firmware \u003cisp_2500\u003e\nfirmware: 'isp_2500_multi' version 1: 164528 bytes loaded at 0xc085d0c4\nispfw: registered firmware \u003cisp_2500_multi\u003e\nnull: \u003cnull device, zero device\u003e\nrandom: \u003centropy source, Software, Yarrow\u003e\nnfslock: pseudo-device\nkbd0 at kbdmux0\nopenfirm: \u003cOpen Firmware control device\u003e\nmem: \u003cmemory\u003e\nnexus0: \u003cOpen Firmware Nexus device\u003e\npcib0: \u003cSun Host-PCI bridge\u003e mem 0x4000f600000-0x4000f60afff,0x4000f410000-0x4000f41701f,0x7fe00000000-0x7fe000000ff,0x4000f780000-0x4000f78ffff irq 1970,1968,1969,1972,1953 on nexus0\npcib0: Tomatillo, version 4, IGN 0x1e, bus A, 33MHz\nTimecounter \"pcib0\" frequency 167000000 Hz quality -100\npcib0: DVMA map: 0xc0000000 to 0xdfffffff 65536 entries\npcib0: PROM IOTSB size: 1 (2048 entries)\npcib0: adding PROM IOTSB slot 0 (kernel slot 63488) TTE: 0x800000013fde0012\npcib0: adding PROM IOTSB slot 1 (kernel slot 63489) TTE: 0x800000013fde2012\npcib0: adding PROM IOTSB slot 2 (kernel slot 63490) TTE: 0x800000013fde4012\npcib0: adding PROM IOTSB slot 3 (kernel slot 63491) TTE: 0x800000013fde6012\npcib0: adding PROM IOTSB slot 4 (kernel slot 63492) TTE: 0x800000013fde8012\npcib0: adding PROM IOTSB slot 5 (kernel slot 63493) TTE: 0x800000013fdea012\npcib0: adding PROM IOTSB slot 6 (kernel slot 63494) TTE: 0x800000013fdec012\npcib0: adding PROM IOTSB slot 7 (kernel slot 63495) TTE: 0x800000013fdee012\npcib0: adding PROM IOTSB slot 8 (kernel slot 63496) TTE: 0x800000013fdf0012\npcib0: adding PROM IOTSB slot 9 (kernel slot 63497) TTE: 0x800000013fdf2012\npcib0: adding PROM IOTSB slot 10 (kernel slot 63498) TTE: 0x800000013fdf4012\npcib0: adding PROM IOTSB slot 11 (kernel slot 63499) TTE: 0x800000013fdf6012\npcib0: adding PROM IOTSB slot 12 (kernel slot 63500) TTE: 0x800000013fdf8012\npcib0: adding PROM IOTSB slot 13 (kernel slot 63501) TTE: 0x800000013fdfa012\npcib0: adding PROM IOTSB slot 14 (kernel slot 63502) TTE: 0x800000013fdfc012\npcib0: adding PROM IOTSB slot 15 (kernel slot 63503) TTE: 0x800000013fdfe012\npcib0: adding PROM IOTSB slot 16 (kernel slot 63504) TTE: 0x800000013fe00012\npcib0: adding PROM IOTSB slot 17 (kernel slot 63505) TTE: 0x800000013fe02012\npcib0: adding PROM IOTSB slot 18 (kernel slot 63506) TTE: 0x800000013fe04012\npcib0: adding PROM IOTSB slot 19 (kernel slot 63507) TTE: 0x800000013fe06012\npcib0: adding PROM IOTSB slot 20 (kernel slot 63508) TTE: 0x800000013fe08012\npcib0: adding PROM IOTSB slot 21 (kernel slot 63509) TTE: 0x800000013fe0a012\npcib0: adding PROM IOTSB slot 22 (kernel slot 63510) TTE: 0x800000013fe0c012\npcib0: adding PROM IOTSB slot 23 (kernel slot 63511) TTE: 0x800000013fe0e012\npcib0: adding PROM IOTSB slot 24 (kernel slot 63512) TTE: 0x800000013fe10012\npcib0: adding PROM IOTSB slot 25 (kernel slot 63513) TTE: 0x800000013fe12012\npcib0: adding PROM IOTSB slot 26 (kernel slot 63514) TTE: 0x800000013fe14012\npcib0: adding PROM IOTSB slot 27 (kernel slot 63515) TTE: 0x800000013fe16012\npcib0: adding PROM IOTSB slot 28 (kernel slot 63516) TTE: 0x800000013fe18012\npcib0: adding PROM IOTSB slot 29 (kernel slot 63517) TTE: 0x800000013fe1a012\npcib0: adding PROM IOTSB slot 30 (kernel slot 63518) TTE: 0x800000013fe1c012\npcib0: adding PROM IOTSB slot 31 (kernel slot 63519) TTE: 0x800000013fe1e012\npcib0: adding PROM IOTSB slot 32 (kernel slot 63520) TTE: 0x800000013fe20012\npcib0: adding PROM IOTSB slot 33 (kernel slot 63521) TTE: 0x800000013fe22012\npcib0: adding PROM IOTSB slot 34 (kernel slot 63522) TTE: 0x800000013fe24012\npcib0: adding PROM IOTSB slot 35 (kernel slot 63523) TTE: 0x800000013fe26012\npcib0: adding PROM IOTSB slot 36 (kernel slot 63524) TTE: 0x800000013fe28012\npcib0: adding PROM IOTSB slot 37 (kernel slot 63525) TTE: 0x800000013fe2a012\npcib0: adding PROM IOTSB slot 38 (kernel slot 63526) TTE: 0x800000013fe2c012\npcib0: adding PROM IOTSB slot 39 (kernel slot 63527) TTE: 0x800000013fe2e012\npcib0: adding PROM IOTSB slot 40 (kernel slot 63528) TTE: 0x800000013fe30012\npcib0: adding PROM IOTSB slot 41 (kernel slot 63529) TTE: 0x800000013fe32012\npcib0: adding PROM IOTSB slot 42 (kernel slot 63530) TTE: 0x800000013fe34012\npcib0: adding PROM IOTSB slot 43 (kernel slot 63531) TTE: 0x800000013fe36012\npcib0: adding PROM IOTSB slot 44 (kernel slot 63532) TTE: 0x800000013fe38012\npcib0: adding PROM IOTSB slot 45 (kernel slot 63533) TTE: 0x800000013fe3a012\npcib0: adding PROM IOTSB slot 46 (kernel slot 63534) TTE: 0x800000013fe3c012\npcib0: adding PROM IOTSB slot 47 (kernel slot 63535) TTE: 0x800000013fe3e012\npcib0: adding PROM IOTSB slot 48 (kernel slot 63536) TTE: 0x800000013fe40012\npcib0: adding PROM IOTSB slot 49 (kernel slot 63537) TTE: 0x800000013fe42012\npcib0: adding PROM IOTSB slot 50 (kernel slot 63538) TTE: 0x800000013fe44012\npcib0: adding PROM IOTSB slot 51 (kernel slot 63539) TTE: 0x800000013fe46012\npcib0: adding PROM IOTSB slot 52 (kernel slot 63540) TTE: 0x800000013fe48012\npcib0: adding PROM IOTSB slot 53 (kernel slot 63541) TTE: 0x800000013fe4a012\npcib0: adding PROM IOTSB slot 54 (kernel slot 63542) TTE: 0x800000013fe4c012\npcib0: adding PROM IOTSB slot 55 (kernel slot 63543) TTE: 0x800000013fe4e012\npcib0: adding PROM IOTSB slot 56 (kernel slot 63544) TTE: 0x800000013fe50012\npcib0: adding PROM IOTSB slot 57 (kernel slot 63545) TTE: 0x800000013fe52012\npcib0: adding PROM IOTSB slot 58 (kernel slot 63546) TTE: 0x800000013fe54012\npcib0: adding PROM IOTSB slot 59 (kernel slot 63547) TTE: 0x800000013fe56012\npcib0: adding PROM IOTSB slot 60 (kernel slot 63548) TTE: 0x800000013fe58012\npcib0: adding PROM IOTSB slot 61 (kernel slot 63549) TTE: 0x800000013fe5a012\npcib0: adding PROM IOTSB slot 62 (kernel slot 63550) TTE: 0x800000013fe5c012\npcib0: adding PROM IOTSB slot 63 (kernel slot 63551) TTE: 0x800000013fe5e012\npcib0: adding PROM IOTSB slot 64 (kernel slot 63552) TTE: 0x800000013fe60012\npcib0: adding PROM IOTSB slot 65 (kernel slot 63553) TTE: 0x800000013fe62012\npcib0: adding PROM IOTSB slot 66 (kernel slot 63554) TTE: 0x800000013fe64012\npcib0: adding PROM IOTSB slot 67 (kernel slot 63555) TTE: 0x800000013fe66012\npcib0: adding PROM IOTSB slot 68 (kernel slot 63556) TTE: 0x800000013fe68012\npcib0: adding PROM IOTSB slot 69 (kernel slot 63557) TTE: 0x800000013fe6a012\npcib0: adding PROM IOTSB slot 70 (kernel slot 63558) TTE: 0x800000013fe6c012\npcib0: adding PROM IOTSB slot 71 (kernel slot 63559) TTE: 0x800000013fe6e012\npcib0: adding PROM IOTSB slot 72 (kernel slot 63560) TTE: 0x800000013fe70012\npcib0: adding PROM IOTSB slot 73 (kernel slot 63561) TTE: 0x800000013fe72012\npcib0: adding PROM IOTSB slot 74 (kernel slot 63562) TTE: 0x800000013fe74012\npcib0: adding PROM IOTSB slot 75 (kernel slot 63563) TTE: 0x800000013fe76012\npcib0: adding PROM IOTSB slot 76 (kernel slot 63564) TTE: 0x800000013fe78012\npcib0: adding PROM IOTSB slot 77 (kernel slot 63565) TTE: 0x800000013fe7a012\npcib0: adding PROM IOTSB slot 78 (kernel slot 63566) TTE: 0x800000013fe7c012\npcib0: adding PROM IOTSB slot 79 (kernel slot 63567) TTE: 0x800000013fe7e012\npcib0: adding PROM IOTSB slot 80 (kernel slot 63568) TTE: 0x800000013fe80012\npcib0: adding PROM IOTSB slot 81 (kernel slot 63569) TTE: 0x800000013fe82012\npcib0: adding PROM IOTSB slot 82 (kernel slot 63570) TTE: 0x800000013fe84012\npcib0: adding PROM IOTSB slot 83 (kernel slot 63571) TTE: 0x800000013fe86012\npcib0: adding PROM IOTSB slot 84 (kernel slot 63572) TTE: 0x800000013fe88012\npcib0: adding PROM IOTSB slot 85 (kernel slot 63573) TTE: 0x800000013fe8a012\npcib0: adding PROM IOTSB slot 86 (kernel slot 63574) TTE: 0x800000013fe8c012\npcib0: adding PROM IOTSB slot 87 (kernel slot 63575) TTE: 0x800000013fe8e012\npcib0: adding PROM IOTSB slot 88 (kernel slot 63576) TTE: 0x800000013fe90012\npcib0: adding PROM IOTSB slot 89 (kernel slot 63577) TTE: 0x800000013fe92012\npcib0: adding PROM IOTSB slot 90 (kernel slot 63578) TTE: 0x800000013fe94012\npcib0: adding PROM IOTSB slot 91 (kernel slot 63579) TTE: 0x800000013fe96012\npcib0: adding PROM IOTSB slot 92 (kernel slot 63580) TTE: 0x800000013fe98012\npcib0: adding PROM IOTSB slot 93 (kernel slot 63581) TTE: 0x800000013fe9a012\npcib0: adding PROM IOTSB slot 94 (kernel slot 63582) TTE: 0x800000013fe9c012\npcib0: adding PROM IOTSB slot 95 (kernel slot 63583) TTE: 0x800000013fe9e012\npcib0: adding PROM IOTSB slot 96 (kernel slot 63584) TTE: 0x800000013fea0012\npcib0: adding PROM IOTSB slot 97 (kernel slot 63585) TTE: 0x800000013fea2012\npcib0: adding PROM IOTSB slot 98 (kernel slot 63586) TTE: 0x800000013fea4012\npcib0: adding PROM IOTSB slot 99 (kernel slot 63587) TTE: 0x800000013fea6012\npcib0: adding PROM IOTSB slot 100 (kernel slot 63588) TTE: 0x800000013fea8012\npcib0: adding PROM IOTSB slot 101 (kernel slot 63589) TTE: 0x800000013feaa012\npcib0: adding PROM IOTSB slot 102 (kernel slot 63590) TTE: 0x800000013feac012\npcib0: adding PROM IOTSB slot 103 (kernel slot 63591) TTE: 0x800000013feae012\npcib0: adding PROM IOTSB slot 104 (kernel slot 63592) TTE: 0x800000013feb0012\npcib0: adding PROM IOTSB slot 105 (kernel slot 63593) TTE: 0x800000013feb2012\npcib0: adding PROM IOTSB slot 106 (kernel slot 63594) TTE: 0x800000013feb4012\npcib0: adding PROM IOTSB slot 107 (kernel slot 63595) TTE: 0x800000013feb6012\npcib0: adding PROM IOTSB slot 108 (kernel slot 63596) TTE: 0x800000013feb8012\npcib0: adding PROM IOTSB slot 109 (kernel slot 63597) TTE: 0x800000013feba012\npcib0: adding PROM IOTSB slot 110 (kernel slot 63598) TTE: 0x800000013febc012\npcib0: adding PROM IOTSB slot 111 (kernel slot 63599) TTE: 0x800000013febe012\npcib0: adding PROM IOTSB slot 112 (kernel slot 63600) TTE: 0x800000013fec0012\npcib0: adding PROM IOTSB slot 113 (kernel slot 63601) TTE: 0x800000013fec2012\npcib0: adding PROM IOTSB slot 114 (kernel slot 63602) TTE: 0x800000013fec4012\npcib0: adding PROM IOTSB slot 115 (kernel slot 63603) TTE: 0x800000013fec6012\npcib0: adding PROM IOTSB slot 116 (kernel slot 63604) TTE: 0x800000013fec8012\npcib0: adding PROM IOTSB slot 117 (kernel slot 63605) TTE: 0x800000013feca012\npcib0: adding PROM IOTSB slot 118 (kernel slot 63606) TTE: 0x800000013fecc012\npcib0: adding PROM IOTSB slot 119 (kernel slot 63607) TTE: 0x800000013fece012\npcib0: adding PROM IOTSB slot 120 (kernel slot 63608) TTE: 0x800000013fed0012\npcib0: adding PROM IOTSB slot 121 (kernel slot 63609) TTE: 0x800000013fed2012\npcib0: adding PROM IOTSB slot 122 (kernel slot 63610) TTE: 0x800000013fed4012\npcib0: adding PROM IOTSB slot 123 (kernel slot 63611) TTE: 0x800000013fed6012\npcib0: adding PROM IOTSB slot 124 (kernel slot 63612) TTE: 0x800000013fed8012\npcib0: adding PROM IOTSB slot 125 (kernel slot 63613) TTE: 0x800000013feda012\npcib0: adding PROM IOTSB slot 126 (kernel slot 63614) TTE: 0x800000013fedc012\npcib0: adding PROM IOTSB slot 127 (kernel slot 63615) TTE: 0x800000013fede012\npcib0: bus range 0 to 1; PCI bus 0\ninitalizing intr_countp\npcib0: [FILTER]\npci0: \u003cOFW PCI bus\u003e on pcib0\npci0: domain=0, physical bus=0\nfound-\u003e\tvendor=0x108e, dev=0xa801, revid=0x00\n\tdomain=0, bus=0, slot=0, func=0\n\tclass=06-00-00, hdrtype=0x00, mfdev=0\n\tcmdreg=0x0146, statreg=0x02a0, cachelnsz=0 (dwords)\n\tlattimer=0x40 (1920 ns), mingnt=0x00 (0 ns), maxlat=0x00 (0 ns)\nfound-\u003e\tvendor=0x10b9, dev=0x1533, revid=0x00\n\tdomain=0, bus=0, slot=7, func=0\n\tclass=06-01-00, hdrtype=0x00, mfdev=0\n\tcmdreg=0x000f, statreg=0x0210, cachelnsz=0 (dwords)\n\tlattimer=0x00 (0 ns), mingnt=0x00 (0 ns), maxlat=0x00 (0 ns)\n\tpowerspec 1  supports D0 D3  current D0\nfound-\u003e\tvendor=0x10b9, dev=0x7101, revid=0x00\n\tdomain=0, bus=0, slot=6, func=0\n\tclass=00-00-00, hdrtype=0x00, mfdev=0\n\tcmdreg=0x0000, statreg=0x0200, cachelnsz=0 (dwords)\n\tlattimer=0x00 (0 ns), mingnt=0x00 (0 ns), maxlat=0x00 (0 ns)\nfound-\u003e\tvendor=0x10b9, dev=0x5451, revid=0x02\n\tdomain=0, bus=0, slot=8, func=0\n\tclass=04-01-00, hdrtype=0x00, mfdev=0\n\tcmdreg=0x0000, statreg=0x0290, cachelnsz=0 (dwords)\n\tlattimer=0x10 (480 ns), mingnt=0x02 (500 ns), maxlat=0x18 (6000 ns)\n\tintpin=a, irq=255\n\tpowerspec 2  supports D0 D1 D2 D3  current D0\n\tmap[10]: type I/O Port, range 32, base 0x900, size  8, port disabled\n\tmap[14]: type Memory, range 32, base 0x100000, size 12, memory disabled\nfound-\u003e\tvendor=0x10b9, dev=0x5237, revid=0x03\n\tdomain=0, bus=0, slot=10, func=0\n\tclass=0c-03-10, hdrtype=0x00, mfdev=0\n\tcmdreg=0x0000, statreg=0x0290, cachelnsz=0 (dwords)\n\tlattimer=0x40 (1920 ns), mingnt=0x00 (0 ns), maxlat=0x50 (20000 ns)\n\tintpin=a, irq=255\n\tpowerspec 2  supports D0 D3  current D0\n\tmap[10]: type Memory, range 32, base 0x1000000, size 12, memory disabled\nfound-\u003e\tvendor=0x10b9, dev=0x5237, revid=0x03\n\tdomain=0, bus=0, slot=11, func=0\n\tclass=0c-03-10, hdrtype=0x00, mfdev=0\n\tcmdreg=0x0146, statreg=0x0290, cachelnsz=0 (dwords)\n\tlattimer=0x40 (1920 ns), mingnt=0x00 (0 ns), maxlat=0x50 (20000 ns)\n\tintpin=a, irq=255\n\tpowerspec 2  supports D0 D3  current D0\n\tmap[10]: type Memory, range 32, base 0x2000000, size 12, enabled\nfound-\u003e\tvendor=0x10b9, dev=0x5229, revid=0xc4\n\tdomain=0, bus=0, slot=13, func=0\n\tclass=01-01-ff, hdrtype=0x00, mfdev=0\n\tcmdreg=0x0000, statreg=0x0290, cachelnsz=0 (dwords)\n\tlattimer=0x10 (480 ns), mingnt=0x02 (500 ns), maxlat=0x04 (1000 ns)\n\tintpin=a, irq=255\n\tpowerspec 2  supports D0 D3  current D0\n\tmap[10]: type I/O Port, range 32, base 0xa00, size  3, port disabled\n\tmap[14]: type I/O Port, range 32, base 0xa18, size  2, enabled\n\tmap[18]: type I/O Port, range 32, base 0xa10, size  3, enabled\n\tmap[1c]: type I/O Port, range 32, base 0xa08, size  2, enabled\n\tmap[20]: type I/O Port, range 32, base 0xa20, size  4, enabled\nfound-\u003e\tvendor=0x104c, dev=0xac23, revid=0x02\n\tdomain=0, bus=0, slot=2, func=0\n\tclass=06-04-00, hdrtype=0x01, mfdev=0\n\tcmdreg=0x0007, statreg=0x0210, cachelnsz=16 (dwords)\n\tlattimer=0x40 (1920 ns), mingnt=0x23 (8750 ns), maxlat=0x00 (0 ns)\n\tpowerspec 1  supports D0 D3  current D0\nfound-\u003e\tvendor=0x1002, dev=0x4752, revid=0x27\n\tdomain=0, bus=0, slot=5, func=0\n\tclass=03-00-00, hdrtype=0x00, mfdev=0\n\tcmdreg=0x0082, statreg=0x0290, cachelnsz=16 (dwords)\n\tlattimer=0x40 (1920 ns), mingnt=0x08 (2000 ns), maxlat=0x00 (0 ns)\n\tintpin=a, irq=255\n\tpowerspec 2  supports D0 D1 D2 D3  current D0\n\tmap[10]: type Memory, range 32, base 0x4000000, size 24, enabled\n\tmap[14]: type I/O Port, range 32, base 0xb00, size  8, port disabled\n\tmap[18]: type Memory, range 32, base 0x102000, size 12, enabled\npcib1: \u003cOFW PCI-PCI bridge\u003e at device 2.0 on pci0\npcib1:   domain            0\npcib1:   secondary bus     1\npcib1:   subordinate bus   1\npcib1:   I/O decode        0x1000-0xfff\npcib1:   memory decode     0x3000000-0x30fffff\npcib1:   no prefetched decode\npci1: \u003cOFW PCI bus\u003e on pcib1\npci1: domain=0, physical bus=1\nfound-\u003e\tvendor=0x1033, dev=0x0035, revid=0x43\n\tdomain=0, bus=1, slot=8, func=0\n\tclass=0c-03-10, hdrtype=0x00, mfdev=1\n\tcmdreg=0x0000, statreg=0x0210, cachelnsz=16 (dwords)\n\tlattimer=0x08 (240 ns), mingnt=0x01 (250 ns), maxlat=0x2a (10500 ns)\n\tintpin=a, irq=255\n\tpowerspec 2  supports D0 D1 D2 D3  current D0\n\tmap[10]: type Memory, range 32, base 0x3000000, size 12, memory disabled\npcib1: requested memory range 0x3000000-0x3000fff: good\nfound-\u003e\tvendor=0x1033, dev=0x0035, revid=0x43\n\tdomain=0, bus=1, slot=8, func=1\n\tclass=0c-03-10, hdrtype=0x00, mfdev=0\n\tcmdreg=0x0000, statreg=0x0210, cachelnsz=16 (dwords)\n\tlattimer=0x08 (240 ns), mingnt=0x01 (250 ns), maxlat=0x2a (10500 ns)\n\tintpin=b, irq=255\n\tpowerspec 2  supports D0 D1 D2 D3  current D0\n\tmap[10]: type Memory, range 32, base 0x3002000, size 12, memory disabled\npcib1: requested memory range 0x3002000-0x3002fff: good\nfound-\u003e\tvendor=0x1033, dev=0x00e0, revid=0x04\n\tdomain=0, bus=1, slot=8, func=2\n\tclass=0c-03-20, hdrtype=0x00, mfdev=0\n\tcmdreg=0x0000, statreg=0x0210, cachelnsz=16 (dwords)\n\tlattimer=0x80 (3840 ns), mingnt=0x10 (4000 ns), maxlat=0x22 (8500 ns)\n\tintpin=c, irq=255\n\tpowerspec 2  supports D0 D1 D2 D3  current D0\n\tmap[10]: type Memory, range 32, base 0x3004000, size  8, memory disabled\npcib1: requested memory range 0x3004000-0x30040ff: good\nfound-\u003e\tvendor=0x104c, dev=0x8024, revid=0x00\n\tdomain=0, bus=1, slot=11, func=0\n\tclass=0c-00-10, hdrtype=0x00, mfdev=0\n\tcmdreg=0x0000, statreg=0x0210, cachelnsz=16 (dwords)\n\tlattimer=0x10 (480 ns), mingnt=0x02 (500 ns), maxlat=0x04 (1000 ns)\n\tintpin=a, irq=255\n\tpowerspec 2  supports D0 D1 D2 D3  current D0\n\tmap[10]: type Memory, range 32, base 0x3006000, size 11, memory disabled\npcib1: requested memory range 0x3006000-0x30067ff: good\n\tmap[14]: type Memory, range 32, base 0x3008000, size 14, enabled\npcib1: requested memory range 0x3008000-0x300bfff: good\npcib2: \u003cSun Host-PCI bridge\u003e mem 0x4000ff00000-0x4000ff0afff,0x4000fc10000-0x4000fc1701f,0x7f600000000-0x7f6000000ff,0x4000ff80000-0x4000ff8ffff irq 2035,2032,2033,2036,2019 on nexus0\npcib2: Tomatillo, version 4, IGN 0x1f, bus B, 66MHz\npcib2: DVMA map: 0xc0000000 to 0xdfffffff 65536 entries\npcib2: PROM IOTSB size: 1 (2048 entries)\npcib2: bus range 0 to 0; PCI bus 0\npcib2: [FILTER]\npcib2: [FILTER]\npcib2: [FILTER]\npcib2: [FILTER]\npci2: \u003cOFW PCI bus\u003e on pcib2\npci2: domain=2, physical bus=0\nfound-\u003e\tvendor=0x108e, dev=0xa801, revid=0x00\n\tdomain=2, bus=0, slot=0, func=0\n\tclass=06-00-00, hdrtype=0x00, mfdev=0\n\tcmdreg=0x0146, statreg=0x02a0, cachelnsz=0 (dwords)\n\tlattimer=0x40 (1920 ns), mingnt=0x00 (0 ns), maxlat=0x00 (0 ns)\nfound-\u003e\tvendor=0x14e4, dev=0x1647, revid=0x00\n\tdomain=2, bus=0, slot=2, func=0\n\tclass=02-00-00, hdrtype=0x00, mfdev=0\n\tcmdreg=0x0000, statreg=0x02b0, cachelnsz=16 (dwords)\n\tlattimer=0xf8 (7440 ns), mingnt=0x40 (16000 ns), maxlat=0x00 (0 ns)\n\tintpin=a, irq=255\n\tpowerspec 2  supports D0 D3  current D0\n\tMSI supports 8 messages, 64 bit\n\tmap[10]: type Memory, range 64, base 0x200000, size 16, memory disabled\nnexus0: \u003cmemory-controller\u003e mem 0x40000000000-0x40000000007 type memory-controller (no driver attached)\nisab0: \u003cPCI-ISA bridge\u003e at device 7.0 on pci0\npcib0: could not route pin 1 for device 7.0\nisa0: could not map ISA interrupt 1 for node 0xf0088520: parallel\nisa0: \u003cISA bus\u003e on isab0\npci0: \u003cold, non-VGA display device\u003e at device 6.0 (no driver attached)\npci0: \u003cmultimedia, audio\u003e at device 8.0 (no driver attached)\nohci0: \u003cAcerLabs M5237 (Aladdin-V) USB controller\u003e mem 0x1000000-0x1000fff at device 10.0 on pci0\nohci0: Reserved 0x1000 bytes for rid 0x10 type 3 at 0x1000000\nohci0: [MPSAFE]\nohci0: [ITHREAD]\nusbus0: \u003cAcerLabs M5237 (Aladdin-V) USB controller\u003e on ohci0\nohci1: \u003cAcerLabs M5237 (Aladdin-V) USB controller\u003e mem 0x2000000-0x2000fff at device 11.0 on pci0\nohci1: Reserved 0x1000 bytes for rid 0x10 type 3 at 0x2000000\nohci1: [MPSAFE]\nohci1: [ITHREAD]\nusbus1: \u003cAcerLabs M5237 (Aladdin-V) USB controller\u003e on ohci1\natapci0: \u003cAcerLabs M5229 UDMA100 controller\u003e port 0xa00-0xa07,0xa18-0xa1b,0xa10-0xa17,0xa08-0xa0b,0xa20-0xa2f at device 13.0 on pci0\natapci0: Reserved 0x10 bytes for rid 0x20 type 4 at 0xa20\natapci0: [MPSAFE]\natapci0: [ITHREAD]\natapci0: using PIO transfers above 137GB as workaround for 48bit DMA access bug, expect reduced performance\nata2: \u003cATA channel 0\u003e on atapci0\natapci0: Reserved 0x8 bytes for rid 0x10 type 4 at 0xa00\natapci0: Reserved 0x4 bytes for rid 0x14 type 4 at 0xa18\nata2: reset tp1 mask=03 ostat0=50 ostat1=00\nata2: stat0=0x90 err=0x90 lsb=0x90 msb=0x90\nata2: stat0=0x50 err=0x01 lsb=0x00 msb=0x00\nata2: stat1=0x00 err=0x01 lsb=0x00 msb=0x00\nata2: reset tp2 stat0=50 stat1=00 devices=0x1\nata2: [MPSAFE]\nata2: [ITHREAD]\nata3: \u003cATA channel 1\u003e on atapci0\natapci0: Reserved 0x8 bytes for rid 0x18 type 4 at 0xa10\natapci0: Reserved 0x4 bytes for rid 0x1c type 4 at 0xa08\nata3: reset tp1 mask=03 ostat0=00 ostat1=00\nata3: stat0=0x00 err=0x01 lsb=0x14 msb=0xeb\nata3: stat1=0x00 err=0x00 lsb=0x00 msb=0x00\nata3: reset tp2 stat0=00 stat1=00 devices=0x10000\nata3: [MPSAFE]\nata3: [ITHREAD]\nohci2: \u003cNEC uPD 9210 USB controller\u003e mem 0x3000000-0x3000fff at device 8.0 on pci1\nohci2: Reserved 0x1000 bytes for rid 0x10 type 3 at 0x3000000\npcib1: slot 8 INTA is routed to irq 16\npcib0: installed DMA sync wrapper for device 8.0 on bus 1\nohci2: [MPSAFE]\nohci2: [ITHREAD]\nusbus2: \u003cNEC uPD 9210 USB controller\u003e on ohci2\nohci3: \u003cNEC uPD 9210 USB controller\u003e mem 0x3002000-0x3002fff at device 8.1 on pci1\nohci3: Reserved 0x1000 bytes for rid 0x10 type 3 at 0x3002000\npcib1: slot 8 INTB is routed to irq 17\npcib0: installed DMA sync wrapper for device 8.1 on bus 1\nohci3: [MPSAFE]\nohci3: [ITHREAD]\nusbus3: \u003cNEC uPD 9210 USB controller\u003e on ohci3\nehci0: \u003cNEC uPD 720100 USB 2.0 controller\u003e mem 0x3004000-0x30040ff at device 8.2 on pci1\nehci0: Reserved 0x100 bytes for rid 0x10 type 3 at 0x3004000\npcib1: slot 8 INTC is routed to irq 18\npcib0: installed DMA sync wrapper for device 8.2 on bus 1\nehci0: [MPSAFE]\nehci0: [ITHREAD]\nusbus4: EHCI version 1.0\nusbus4: \u003cNEC uPD 720100 USB 2.0 controller\u003e on ehci0\nfwohci0: \u003cTexas Instruments TSB43AB23\u003e mem 0x3006000-0x30067ff,0x3008000-0x300bfff at device 11.0 on pci1\nfwohci0: Reserved 0x800 bytes for rid 0x10 type 3 at 0x3006000\npcib1: slot 11 INTA is routed to irq 19\npcib0: installed DMA sync wrapper for device 11.0 on bus 1\nfwohci0: [MPSAFE]\nfwohci0: [ITHREAD]\nfwohci0: OHCI version 1.10 (ROM=1)\nfwohci0: No. of Isochronous channels is 4.\nfwohci0: EUI64 00:05:16:00:00:71:20:54\nfwohci0: Phy 1394a available S400, 3 ports.\nfwohci0: Link S400, max_rec 2048 bytes.\nfirewire0: \u003cIEEE1394(FireWire) bus\u003e on fwohci0\ndcons_crom0: \u003cdcons configuration ROM\u003e on firewire0\ndcons_crom0: bus_addr 0xc1590000\nfwe0: \u003cEthernet over FireWire\u003e on firewire0\nif_fwe0: Fake Ethernet address: 02:05:16:71:20:54\nfwe0: bpf attached\nfwe0: Ethernet address: 02:05:16:71:20:54\nfwip0: \u003cIP over FireWire\u003e on firewire0\nfwip0: bpf attached\nfwip0: Firewire address: 00:05:16:00:00:71:20:54 @ 0xfffe00000000, S400, maxrec 2048\nfwohci0: Initiate bus reset\nfwohci0: fwohci_intr_core: BUS reset\nfwohci0: fwohci_intr_core: node_id=0x00000000, SelfID Count=1, CYCLEMASTER mode\nmachfb0: \u003cATI Rage XL\u003e port 0xb00-0xbff mem 0x4000000-0x4ffffff,0x102000-0x102fff at device 5.0 on pci0\nmachfb0: console\nmachfb0: Reserved 0x1000000 bytes for rid 0x10 type 3 at 0x4000000\nmachfb0: Reserved 0x1000 bytes for rid 0x18 type 3 at 0x102000\nmachfb0: 16 MB aperture at 0xfddcc000 not swapped\nmachfb0: 8188 KB SGRAM 114.992 MHz, maximum RAMDAC clock 230 MHz, DSP\nmachfb0: resolution 1152x900 at 8 bpp\njbusppm0: \u003cJBus power management\u003e mem 0x4000f000000-0x4000f000007,0x4000f410050-0x4000f41005f on nexus0\njbusppm0: master I/O bridge\njbusppm0: running at full speed\nbge0: \u003cBroadcom BCM5703 A2, ASIC rev. 0x001002\u003e mem 0x200000-0x20ffff at device 2.0 on pci2\nbge0: Reserved 0x10000 bytes for rid 0x10 type 3 at 0x200000\nbge0: CHIP ID 0x00001002; ASIC REV 0x01; CHIP REV 0x10; PCI\nmiibus0: \u003cMII bus\u003e on bge0\nbrgphy0: \u003cBCM5703 10/100/1000baseTX PHY\u003e PHY 1 on miibus0\nbrgphy0: OUI 0x000818, model 0x0016, rev. 2\nbrgphy0:  10baseT, 10baseT-FDX, 100baseTX, 100baseTX-FDX, 1000baseT, 1000baseT-master, 1000baseT-FDX, 1000baseT-FDX-master, auto, auto-flow\nbge0: bpf attached\nbge0: Ethernet address: 00:14:4f:23:7e:fe\nbge0: [MPSAFE]\nbge0: [ITHREAD]\nnexus0: \u003ci2c\u003e mem 0x4000fc64000-0x4000fc6400f type i2c (no driver attached)\nsyscons0: \u003cSystem console\u003e on nexus0\nsyscons0: Unknown \u003c16 virtual consoles, flags=0x300\u003e\nsyscons0: fb0, kbd0, terminal emulator: scteken (teken terminal)\n(null) failed to probe at iomem 0xf0000000-0xf00fffff on isa0\nrtc0: \u003cReal-Time Clock\u003e at port 0x70-0x71 on isa0\nrtc0: registered as a time-of-day clock (resolution 1000000us)\nct_to_ts([2012-01-15 15:52:10]) = 1326642730.000000000\nrtc0: current time: 1326642730.000000000\n(null) failed to probe at port 0x320-0x321 irq 46 on isa0\n(null) failed to probe at port 0x800-0x82f irq 32 on isa0\nuart0: \u003c16550 or compatible\u003e at port 0x3f8-0x3ff irq 44 on isa0\nuart0: [FILTER]\nuart0: fast interrupt\nuart1: \u003c16550 or compatible\u003e at port 0x2e8-0x2ef irq 44 on isa0\nuart1: [FILTER]\nuart1: fast interrupt\n(null) failed to probe at port 0-0xffff on isa0\n(null) failed to probe at port 0x378-0x37f,0-0x4ff drq 1 on isa0\nprocfs registered\nTimecounter \"tick\" frequency 1503000000 Hz quality 1000\nTimecounter \"stick\" frequency 12000000 Hz quality 1000\nTimecounters tick every 1.000 msec\nvlan: initialized, using hash tables with chaining\nlo0: bpf attached\nata2: Identifying devices: 00000001\nata2: New devices: 00000001\nfirewire0: 1 nodes, maxhop \u003c= 0 cable IRM irm(0)  (me) \nfirewire0: bus manager 0 \nusbus0: 12Mbps Full Speed USB v1.0\nusbus1: 12Mbps Full Speed USB v1.0\nusbus2: 12Mbps Full Speed USB v1.0\nugen0.1: \u003cAcerLabs\u003e at usbus0\nuhub0: \u003cAcerLabs OHCI root HUB, class 9/0, rev 1.00/1.00, addr 1\u003e on usbus0\nugen1.1: \u003cAcerLabs\u003e at usbus1\nuhub1: \u003cAcerLabs OHCI root HUB, class 9/0, rev 1.00/1.00, addr 1\u003e on usbus1\nugen2.1: \u003cNEC\u003e at usbus2\nuhub2: \u003cNEC OHCI root HUB, class 9/0, rev 1.00/1.00, addr 1\u003e on usbus2\nusbus3: 12Mbps Full Speed USB v1.0\nusbus4: 480Mbps High Speed USB v2.0\nata2-master: pio=PIO4 wdma=WDMA2 udma=UDMA100 cable=80 wire\nugen3.1: \u003cNEC\u003e at usbus3\nuhub3: \u003cNEC OHCI root HUB, class 9/0, rev 1.00/1.00, addr 1\u003e on usbus3\nugen4.1: \u003cNEC\u003e at usbus4\nuhub4: \u003cNEC EHCI root HUB, class 9/0, rev 2.00/1.00, addr 1\u003e on usbus4\nad0: setting UDMA100\nad0: 114473MB \u003cSeagate ST3120026A 8.01\u003e at ata2-master UDMA100 \nad0: 234441648 sectors [232581C/16H/63S] 16 sectors/interrupt 1 depth queue\nata3: Identifying devices: 00010000\nata3: New devices: 00010000\nGEOM: new disk ad0\nata3-master: pio=PIO4 wdma=WDMA2 udma=UDMA66 cable=40 wire\nacd0: setting UDMA66\nacd0: \u003cASUS DRW-22B3S/1.00\u003e DVDR drive at ata3 as master\nacd0: read 8269KB/s (8269KB/s) write 8269KB/s (8269KB/s), 2048KB buffer, UDMA66 \nacd0: Reads: CDR, CDRW, CDDA stream, DVDROM, DVDR, DVDRAM, packet\nacd0: Writes: CDR, CDRW, DVDR, DVDRAM, test write, burnproof\nacd0: Audio: play, 256 volume levels\nacd0: Mechanism: ejectable tray, unlocked\nacd0: Medium: CD-R 120mm data disc\nGEOM: ad0: adding VTOC8 information.\nuhub0: 2 ports with 2 removable, self powered\nuhub1: 2 ports with 2 removable, self powered\nuhub3: 2 ports with 2 removable, self powered\nuhub2: 3 ports with 3 removable, self powered\nugen1.2: \u003cLogitech\u003e at usbus1\nukbd0: \u003cUSB Keyboard\u003e on usbus1\nkbd: new array size 4\nkbd1 at ukbd0\nkbd1: ukbd0, generic (0), config:0x0, flags:0x3d0000\nuhid0: \u003cUSB Keyboard\u003e on usbus1\nugen1.3: \u003cLogitech\u003e at usbus1\nums0: \u003cLogitech USB Optical Mouse, class 0/0, rev 2.00/54.00, addr 3\u003e on usbus1\nums0: 8 buttons and [XYZT] coordinates ID=0\nuhub4: 5 ports with 5 removable, self powered\nacd0: FAILURE - READ_BIG MEDIUM ERROR asc=0x11 ascq=0x05 \nTrying to mount root from ufs:/dev/ad0a\nct_to_ts([2012-01-15 15:52:21]) = 1326642741.000000000\nstart_init: trying /sbin/init\n\n--------------\n\ndmesg when booting 9.0 with hw.physmem set to 1048576000:\n\nCopyright (c) 1992-2012 The FreeBSD Project.\nCopyright (c) 1979, 1980, 1983, 1986, 1988, 1989, 1991, 1992, 1993, 1994\n\tThe Regents of the University of California. All rights reserved.\nFreeBSD is a registered trademark of The FreeBSD Foundation.\nFreeBSD 9.0-RELEASE #0: Mon Jan 16 01:51:15 CET 2012\n    root@tarazed.cordula.ws:/usr/obj/usr/src/sys/GENERIC sparc64\nreal memory  = 2147483648 (2048 MB)\navail memory = 1018658816 (971 MB)\ncpu0: Sun Microsystems UltraSparc-IIIi Processor (1503.00 MHz CPU)\nkbd0 at kbdmux0\nnexus0: \u003cOpen Firmware Nexus device\u003e\npcib0: \u003cSun Host-PCI bridge\u003e mem 0x4000f600000-0x4000f60afff,0x4000f410000-0x4000f41701f,0x7fe00000000-0x7fe000000ff,0x4000f780000-0x4000f78ffff irq 1970,1968,1969,1972,1953 on nexus0\npcib0: Tomatillo, version 4, IGN 0x1e, bus A, PCI mode, 33MHz\npcib0: DVMA map: 0xc0000000 to 0xdfffffff 65536 entries\npci0: \u003cOFW PCI bus\u003e on pcib0\npcib1: \u003cOFW PCI-PCI bridge\u003e at device 2.0 on pci0\npci1: \u003cOFW PCI bus\u003e on pcib1\npcib2: \u003cSun Host-PCI bridge\u003e mem 0x4000ff00000-0x4000ff0afff,0x4000fc10000-0x4000fc1701f,0x7f600000000-0x7f6000000ff,0x4000ff80000-0x4000ff8ffff irq 2035,2032,2033,2036,2019 on nexus0\npcib2: Tomatillo, version 4, IGN 0x1f, bus B, PCI mode, 66MHz\npcib2: DVMA map: 0xc0000000 to 0xdfffffff 65536 entries\npci2: \u003cOFW PCI bus\u003e on pcib2\nnexus0: \u003cmemory-controller\u003e mem 0x40000000000-0x40000000007 type memory-controller (no driver attached)\nisab0: \u003cPCI-ISA bridge\u003e at device 7.0 on pci0\npcib0: could not route pin 1 for device 7.0\nisa0: could not map ISA interrupt 1 for node 0xf0088520: parallel\nisa0: \u003cISA bus\u003e on isab0\npci0: \u003cold, non-VGA display device\u003e at device 6.0 (no driver attached)\npcm0: \u003cAcer Labs M5451\u003e port 0x900-0x9ff mem 0x100000-0x100fff at device 8.0 on pci0\npcm0: \u003cAnalog Devices AD1881A AC97 Codec\u003e\npcm0: [GIANT-LOCKED]\nohci0: \u003cAcerLabs M5237 (Aladdin-V) USB controller\u003e mem 0x1000000-0x1000fff at device 10.0 on pci0\nusbus0: \u003cAcerLabs M5237 (Aladdin-V) USB controller\u003e on ohci0\nohci1: \u003cAcerLabs M5237 (Aladdin-V) USB controller\u003e mem 0x2000000-0x2000fff at device 11.0 on pci0\nusbus1: \u003cAcerLabs M5237 (Aladdin-V) USB controller\u003e on ohci1\natapci0: \u003cAcerLabs M5229 UDMA100 controller\u003e port 0xa00-0xa07,0xa18-0xa1b,0xa10-0xa17,0xa08-0xa0b,0xa20-0xa2f at device 13.0 on pci0\natapci0: using PIO transfers above 137GB as workaround for 48bit DMA access bug, expect reduced performance\nata2: \u003cATA channel 0\u003e on atapci0\nata3: \u003cATA channel 1\u003e on atapci0\nohci2: \u003cNEC uPD 9210 USB controller\u003e mem 0x3000000-0x3000fff at device 8.0 on pci1\nusbus2: \u003cNEC uPD 9210 USB controller\u003e on ohci2\nohci3: \u003cNEC uPD 9210 USB controller\u003e mem 0x3002000-0x3002fff at device 8.1 on pci1\nusbus3: \u003cNEC uPD 9210 USB controller\u003e on ohci3\nehci0: \u003cNEC uPD 720100 USB 2.0 controller\u003e mem 0x3004000-0x30040ff at device 8.2 on pci1\nusbus4: EHCI version 1.0\nusbus4: \u003cNEC uPD 720100 USB 2.0 controller\u003e on ehci0\nfwohci0: \u003cTexas Instruments TSB43AB23\u003e mem 0x3006000-0x30067ff,0x3008000-0x300bfff at device 11.0 on pci1\nfwohci0: OHCI version 1.10 (ROM=1)\nfwohci0: No. of Isochronous channels is 4.\nfwohci0: EUI64 00:05:16:00:00:71:20:54\nfwohci0: Phy 1394a available S400, 3 ports.\nfwohci0: Link S400, max_rec 2048 bytes.\nfirewire0: \u003cIEEE1394(FireWire) bus\u003e on fwohci0\ndcons_crom0: \u003cdcons configuration ROM\u003e on firewire0\ndcons_crom0: bus_addr 0xc15b4000\nfwe0: \u003cEthernet over FireWire\u003e on firewire0\nif_fwe0: Fake Ethernet address: 02:05:16:71:20:54\nfwe0: Ethernet address: 02:05:16:71:20:54\nfwip0: \u003cIP over FireWire\u003e on firewire0\nfwip0: Firewire address: 00:05:16:00:00:71:20:54 @ 0xfffe00000000, S400, maxrec 2048\nfwohci0: Initiate bus reset\nfwohci0: fwohci_intr_core: BUS reset\nfwohci0: fwohci_intr_core: node_id=0x00000000, SelfID Count=1, CYCLEMASTER mode\nmachfb0: \u003cATI Rage XL\u003e port 0xb00-0xbff mem 0x4000000-0x4ffffff,0x102000-0x102fff at device 5.0 on pci0\nmachfb0: console\nmachfb0: 16 MB aperture at 0xfddcc000 not swapped\nmachfb0: 8188 KB SGRAM 114.992 MHz, maximum RAMDAC clock 230 MHz, DSP\nmachfb0: resolution 1152x900 at 8 bpp\njbusppm0: \u003cJBus power management\u003e mem 0x4000f000000-0x4000f000007,0x4000f410050-0x4000f41005f on nexus0\nbge0: \u003cBroadcom BCM5703 A2, ASIC rev. 0x001002\u003e mem 0x200000-0x20ffff at device 2.0 on pci2\nbge0: CHIP ID 0x00001002; ASIC REV 0x01; CHIP REV 0x10; PCI\nmiibus0: \u003cMII bus\u003e on bge0\nbrgphy0: \u003cBCM5703 1000BASE-T media interface\u003e PHY 1 on miibus0\nbrgphy0:  10baseT, 10baseT-FDX, 100baseTX, 100baseTX-FDX, 1000baseT, 1000baseT-master, 1000baseT-FDX, 1000baseT-FDX-master, auto, auto-flow\nbge0: Ethernet address: 00:14:4f:23:7e:fe\nnexus0: \u003ci2c\u003e mem 0x4000fc64000-0x4000fc6400f type i2c (no driver attached)\nsyscons0: \u003cSystem console\u003e on nexus0\nsyscons0: Unknown \u003c16 virtual consoles, flags=0x300\u003e\nrtc0: \u003cReal-Time Clock\u003e at port 0x70-0x71 on isa0\nuart0: \u003c16550 or compatible\u003e at port 0x3f8-0x3ff irq 44 on isa0\nuart1: \u003c16550 or compatible\u003e at port 0x2e8-0x2ef irq 44 on isa0\nTimecounter \"tick\" frequency 1503000000 Hz quality 1000\nTimecounter \"stick\" frequency 12000000 Hz quality 1000\nEvent timer \"tick\" frequency 1503000000 Hz quality 1000\nTimecounters tick every 1.000 msec\nfirewire0: 1 nodes, maxhop \u003c= 0 cable IRM irm(0)  (me) \nfirewire0: bus manager 0 \nusbus0: 12Mbps Full Speed USB v1.0\nusbus1: 12Mbps Full Speed USB v1.0\nusbus2: 12Mbps Full Speed USB v1.0\nugen0.1: \u003cAcerLabs\u003e at usbus0\nuhub0: \u003cAcerLabs OHCI root HUB, class 9/0, rev 1.00/1.00, addr 1\u003e on usbus0\nugen1.1: \u003cAcerLabs\u003e at usbus1\nuhub1: \u003cAcerLabs OHCI root HUB, class 9/0, rev 1.00/1.00, addr 1\u003e on usbus1\nugen2.1: \u003cNEC\u003e at usbus2\nuhub2: \u003cNEC OHCI root HUB, class 9/0, rev 1.00/1.00, addr 1\u003e on usbus2\nusbus3: 12Mbps Full Speed USB v1.0\nusbus4: 480Mbps High Speed USB v2.0\nugen3.1: \u003cNEC\u003e at usbus3\nuhub3: \u003cNEC OHCI root HUB, class 9/0, rev 1.00/1.00, addr 1\u003e on usbus3\nugen4.1: \u003cNEC\u003e at usbus4\nuhub4: \u003cNEC EHCI root HUB, class 9/0, rev 2.00/1.00, addr 1\u003e on usbus4\nada0 at ata2 bus 0 scbus0 target 0 lun 0\nada0: \u003cST3120026A 8.01\u003e ATA-6 device\nada0: 100.000MB/s transfers (UDMA5, PIO 8192bytes)\nada0: 114473MB (234441648 512 byte sectors: 16H 63S/T 16383C)\nada0: Previously was known as ad0\ncd0 at ata3 bus 0 scbus1 target 0 lun 0\ncd0: \u003cASUS DRW-22B3S 1.00\u003e Removable CD-ROM SCSI-0 device \ncd0: 66.700MB/s transfers (UDMA4, ATAPI 12bytes, PIO 65534bytes)\ncd0: Attempt to query device size failed: NOT READY, Medium not present - tray closed\nuhub0: 2 ports with 2 removable, self powered\nuhub1: 2 ports with 2 removable, self powered\nGEOM: ada0: adding VTOC8 information.\nuhub2: 3 ports with 3 removable, self powered\nuhub3: 2 ports with 2 removable, self powered\nRoot mount waiting for: usbus4 usbus1\nugen1.2: \u003cLogitech\u003e at usbus1\nums0: \u003cLogitech USB Optical Mouse, class 0/0, rev 2.00/54.00, addr 2\u003e on usbus1\nums0: 8 buttons and [XYZT] coordinates ID=0\nRoot mount waiting for: usbus4 usbus1\nugen1.3: \u003cvendor 0x0430\u003e at usbus1\nuhub5: \u003cvendor 0x0430 product 0x100e, class 9/0, rev 2.00/1.03, addr 3\u003e on usbus1\nuhub4: 5 ports with 5 removable, self powered\nRoot mount waiting for: usbus1\nuhub5: 4 ports with 3 removable, bus powered\nRoot mount waiting for: usbus1\nugen1.4: \u003cvendor 0x0430\u003e at usbus1\nukbd0: \u003cvendor 0x0430 Sun USB Keyboard, class 0/0, rev 2.00/1.03, addr 4\u003e on usbus1\nkbd1 at ukbd0\nTrying to mount root from ufs:/dev/ad0a [rw]...\n\nFix: \n\nNo fix for now.\n\nWorkaround 1:\n  When booting, get the loader prompt and enter\n    set hw.physmem=1048576000\n  then\n    boot.\n\nWorkaround 2:\n  Set hw.physmem in /boot/loader.conf:\n    hw.physmem=\"1048576000\"\nHow-To-Repeat: Install 9.0-RELEASE via source-upgrade from a previous\nrelease on a SunBlade 1500 with 2 GB RAM, and reboot."
}