{
 "id": 573115,
 "bug_id": 149647,
 "attachment_id": 0,
 "creation_time": "2010-08-14T16:50:07Z",
 "creator": "rx@sigint.ws",
 "text": "Dell Inspiron 530 panics at boot with the 8.1 kernel.  The error message repeats to fast to read.  I think it is \"supervisor read data, page not present\".  \n\nBooting without ACPI did not change anything.  After 20 tries I gave up and booted with kernel.old, which is at 8.0-p2.\n\n\nHere is a dmesg:\n\nCopyright (c) 1992-2009 The FreeBSD Project.\nCopyright (c) 1979, 1980, 1983, 1986, 1988, 1989, 1991, 1992, 1993, 1994\n\tThe Regents of the University of California. All rights reserved.\nFreeBSD is a registered trademark of The FreeBSD Foundation.\nFreeBSD 8.0-RELEASE-p2 #0: Mon Feb 15 02:37:50 GMT 2010\n    user@bawks:/usr/obj/usr/src/sys/CUSTOM\nTimecounter \"i8254\" frequency 1193182 Hz quality 0\nCPU: Intel(R) Core(TM)2 Quad CPU    Q6600  @ 2.40GHz (2394.01-MHz K8-class CPU)\n  Origin = \"GenuineIntel\"  Id = 0x6fb  Stepping = 11\n  Features=0xbfebfbff\u003cFPU,VME,DE,PSE,TSC,MSR,PAE,MCE,CX8,APIC,SEP,MTRR,PGE,MCA,CMOV,PAT,PSE36,CLFLUSH,DTS,ACPI,MMX,FXSR,SSE,SSE2,SS,HTT,TM,PBE\u003e\n  Features2=0xe3bd\u003cSSE3,DTES64,MON,DS_CPL,VMX,EST,TM2,SSSE3,CX16,xTPR,PDCM\u003e\n  AMD Features=0x20100800\u003cSYSCALL,NX,LM\u003e\n  AMD Features2=0x1\u003cLAHF\u003e\n  TSC: P-state invariant\nreal memory  = 6442450944 (6144 MB)\navail memory = 6171058176 (5885 MB)\nACPI APIC Table: \u003cDELL   FX09   \u003e\nFreeBSD/SMP: Multiprocessor System Detected: 4 CPUs\nFreeBSD/SMP: 1 package(s) x 4 core(s)\n cpu0 (BSP): APIC ID:  0\n cpu1 (AP): APIC ID:  1\n cpu2 (AP): APIC ID:  2\n cpu3 (AP): APIC ID:  3\nioapic0: Changing APIC ID to 4\nioapic0 \u003cVersion 2.0\u003e irqs 0-23 on motherboard\nkbd1 at kbdmux0\nacpi0: \u003cDELL FX09   \u003e on motherboard\nacpi0: [ITHREAD]\nacpi0: Power Button (fixed)\nacpi0: reservation of 0, a0000 (3) failed\nacpi0: reservation of 100000, cfd90000 (3) failed\nTimecounter \"ACPI-fast\" frequency 3579545 Hz quality 1000\nacpi_timer0: \u003c24-bit timer at 3.579545MHz\u003e port 0x408-0x40b on acpi0\nacpi_hpet0: \u003cHigh Precision Event Timer\u003e iomem 0xfed00000-0xfed003ff on acpi0\ndevice_attach: acpi_hpet0 attach returned 12\nacpi_button0: \u003cPower Button\u003e on acpi0\npcib0: \u003cACPI Host-PCI bridge\u003e port 0xcf8-0xcff on acpi0\npci0: \u003cACPI PCI bus\u003e on pcib0\npcib1: \u003cPCI-PCI bridge\u003e irq 16 at device 1.0 on pci0\npci1: \u003cPCI bus\u003e on pcib1\nvgapci0: \u003cVGA-compatible display\u003e port 0xcf00-0xcf7f mem 0xfa000000-0xfaffffff,0xd0000000-0xdfffffff,0xf8000000-0xf9ffffff irq 16 at device 0.0 on pci1\nnvidia0: \u003cGeForce 9600 GT\u003e on vgapci0\nvgapci0: child nvidia0 requested pci_enable_busmaster\nvgapci0: child nvidia0 requested pci_enable_io\nvgapci0: child nvidia0 requested pci_enable_io\nnvidia0: [ITHREAD]\nem0: \u003cIntel(R) PRO/1000 Network Connection 6.9.14\u003e port 0xff00-0xff1f mem 0xfdfc0000-0xfdfdffff,0xfdfff000-0xfdffffff irq 20 at device 25.0 on pci0\nem0: Using MSI interrupt\nem0: [FILTER]\nem0: Ethernet address: 00:21:9b:04:79:a1\nuhci0: \u003cIntel 82801I (ICH9) USB controller\u003e port 0xfe00-0xfe1f irq 16 at device 26.0 on pci0\nuhci0: [ITHREAD]\nuhci0: LegSup = 0x0f10\nusbus0: \u003cIntel 82801I (ICH9) USB controller\u003e on uhci0\nuhci1: \u003cIntel 82801I (ICH9) USB controller\u003e port 0xfd00-0xfd1f irq 21 at device 26.1 on pci0\nuhci1: [ITHREAD]\nuhci1: LegSup = 0x0f10\nusbus1: \u003cIntel 82801I (ICH9) USB controller\u003e on uhci1\nuhci2: \u003cIntel 82801I (ICH9) USB controller\u003e port 0xfc00-0xfc1f irq 19 at device 26.2 on pci0\nuhci2: [ITHREAD]\nuhci2: LegSup = 0x0f10\nusbus2: \u003cIntel 82801I (ICH9) USB controller\u003e on uhci2\nehci0: \u003cIntel 82801I (ICH9) USB 2.0 controller\u003e mem 0xfdffe000-0xfdffe3ff irq 18 at device 26.7 on pci0\nehci0: [ITHREAD]\nusbus3: EHCI version 1.0\nusbus3: \u003cIntel 82801I (ICH9) USB 2.0 controller\u003e on ehci0\nhdac0: \u003cIntel 82801I High Definition Audio Controller\u003e mem 0xfdff4000-0xfdff7fff irq 22 at device 27.0 on pci0\nhdac0: HDA Driver Revision: 20090624_0136\nhdac0: [ITHREAD]\nuhci3: \u003cIntel 82801I (ICH9) USB controller\u003e port 0xfb00-0xfb1f irq 23 at device 29.0 on pci0\nuhci3: [ITHREAD]\nuhci3: LegSup = 0x003b\nusbus4: \u003cIntel 82801I (ICH9) USB controller\u003e on uhci3\nuhci4: \u003cIntel 82801I (ICH9) USB controller\u003e port 0xfa00-0xfa1f irq 19 at device 29.1 on pci0\nuhci4: [ITHREAD]\nuhci4: LegSup = 0x0010\nusbus5: \u003cIntel 82801I (ICH9) USB controller\u003e on uhci4\nuhci5: \u003cIntel 82801I (ICH9) USB controller\u003e port 0xf900-0xf91f irq 18 at device 29.2 on pci0\nuhci5: [ITHREAD]\nuhci5: LegSup = 0x0010\nusbus6: \u003cIntel 82801I (ICH9) USB controller\u003e on uhci5\nehci1: \u003cIntel 82801I (ICH9) USB 2.0 controller\u003e mem 0xfdffd000-0xfdffd3ff irq 23 at device 29.7 on pci0\nehci1: [ITHREAD]\nusbus7: EHCI version 1.0\nusbus7: \u003cIntel 82801I (ICH9) USB 2.0 controller\u003e on ehci1\npcib2: \u003cACPI PCI-PCI bridge\u003e at device 30.0 on pci0\npci2: \u003cACPI PCI bus\u003e on pcib2\npci2: \u003csimple comms\u003e at device 0.0 (no driver attached)\nisab0: \u003cPCI-ISA bridge\u003e at device 31.0 on pci0\nisa0: \u003cISA bus\u003e on isab0\natapci0: \u003cIntel ICH9 SATA300 controller\u003e port 0xf800-0xf807,0xf700-0xf703,0xf600-0xf607,0xf500-0xf503,0xf400-0xf40f,0xf300-0xf30f irq 19 at device 31.2 on pci0\natapci0: [ITHREAD]\nata2: \u003cATA channel 0\u003e on atapci0\nata2: [ITHREAD]\nata3: \u003cATA channel 1\u003e on atapci0\nata3: [ITHREAD]\npci0: \u003cserial bus, SMBus\u003e at device 31.3 (no driver attached)\natapci1: \u003cIntel ICH9 SATA300 controller\u003e port 0xf100-0xf107,0xf000-0xf003,0xef00-0xef07,0xee00-0xee03,0xed00-0xed0f,0xec00-0xec0f irq 19 at device 31.5 on pci0\natapci1: [ITHREAD]\nata4: \u003cATA channel 0\u003e on atapci1\nata4: [ITHREAD]\nata5: \u003cATA channel 1\u003e on atapci1\nata5: [ITHREAD]\nacpi_tz0: \u003cThermal Zone\u003e on acpi0\natrtc0: \u003cAT realtime clock\u003e port 0x70-0x73 on acpi0\ncpu0: \u003cACPI CPU\u003e on acpi0\nest0: \u003cEnhanced SpeedStep Frequency Control\u003e on cpu0\nest: CPU supports Enhanced Speedstep, but is not recognized.\nest: cpu_vendor GenuineIntel, msr 925092506000925\ndevice_attach: est0 attach returned 6\np4tcc0: \u003cCPU Frequency Thermal Control\u003e on cpu0\ncpu1: \u003cACPI CPU\u003e on acpi0\nest1: \u003cEnhanced SpeedStep Frequency Control\u003e on cpu1\nest: CPU supports Enhanced Speedstep, but is not recognized.\nest: cpu_vendor GenuineIntel, msr 925092506000925\ndevice_attach: est1 attach returned 6\np4tcc1: \u003cCPU Frequency Thermal Control\u003e on cpu1\ncpu2: \u003cACPI CPU\u003e on acpi0\nest2: \u003cEnhanced SpeedStep Frequency Control\u003e on cpu2\nest: CPU supports Enhanced Speedstep, but is not recognized.\nest: cpu_vendor GenuineIntel, msr 925092506000925\ndevice_attach: est2 attach returned 6\np4tcc2: \u003cCPU Frequency Thermal Control\u003e on cpu2\ncpu3: \u003cACPI CPU\u003e on acpi0\nest3: \u003cEnhanced SpeedStep Frequency Control\u003e on cpu3\nest: CPU supports Enhanced Speedstep, but is not recognized.\nest: cpu_vendor GenuineIntel, msr 925092506000925\ndevice_attach: est3 attach returned 6\np4tcc3: \u003cCPU Frequency Thermal Control\u003e on cpu3\nacpi_hpet0: \u003cHigh Precision Event Timer\u003e iomem 0xfed00000-0xfed003ff on acpi0\ndevice_attach: acpi_hpet0 attach returned 12\nsc0: \u003cSystem console\u003e at flags 0x100 on isa0\nsc0: VGA \u003c16 virtual consoles, flags=0x300\u003e\nvga0: \u003cGeneric ISA VGA\u003e at port 0x3c0-0x3df iomem 0xa0000-0xbffff on isa0\natkbdc0: \u003cKeyboard controller (i8042)\u003e at port 0x60,0x64 on isa0\natkbd0: \u003cAT Keyboard\u003e irq 1 on atkbdc0\nkbd0 at atkbd0\natkbd0: [GIANT-LOCKED]\natkbd0: [ITHREAD]\nppc0: cannot reserve I/O port range\nTimecounters tick every 1.000 msec\nusbus0: 12Mbps Full Speed USB v1.0\nusbus1: 12Mbps Full Speed USB v1.0\nusbus2: 12Mbps Full Speed USB v1.0\nusbus3: 480Mbps High Speed USB v2.0\nusbus4: 12Mbps Full Speed USB v1.0\nusbus5: 12Mbps Full Speed USB v1.0\nusbus6: 12Mbps Full Speed USB v1.0\nusbus7: 480Mbps High Speed USB v2.0\nad4: 610480MB \u003cWDC WD6400AAKS-75A7B0 01.03B01\u003e at ata2-master SATA300\nugen0.1: \u003cIntel\u003e at usbus0\nuhub0: \u003cIntel UHCI root HUB, class 9/0, rev 1.00/1.00, addr 1\u003e on usbus0\nugen1.1: \u003cIntel\u003e at usbus1\nuhub1: \u003cIntel UHCI root HUB, class 9/0, rev 1.00/1.00, addr 1\u003e on usbus1\nugen2.1: \u003cIntel\u003e at usbus2\nuhub2: \u003cIntel UHCI root HUB, class 9/0, rev 1.00/1.00, addr 1\u003e on usbus2\nugen3.1: \u003cIntel\u003e at usbus3\nuhub3: \u003cIntel EHCI root HUB, class 9/0, rev 2.00/1.00, addr 1\u003e on usbus3\nugen4.1: \u003cIntel\u003e at usbus4\nuhub4: \u003cIntel UHCI root HUB, class 9/0, rev 1.00/1.00, addr 1\u003e on usbus4\nugen5.1: \u003cIntel\u003e at usbus5\nuhub5: \u003cIntel UHCI root HUB, class 9/0, rev 1.00/1.00, addr 1\u003e on usbus5\nugen6.1: \u003cIntel\u003e at usbus6\nuhub6: \u003cIntel UHCI root HUB, class 9/0, rev 1.00/1.00, addr 1\u003e on usbus6\nugen7.1: \u003cIntel\u003e at usbus7\nuhub7: \u003cIntel EHCI root HUB, class 9/0, rev 2.00/1.00, addr 1\u003e on usbus7\nuhub0: 2 ports with 2 removable, self powered\nuhub1: 2 ports with 2 removable, self powered\nuhub2: 2 ports with 2 removable, self powered\nuhub4: 2 ports with 2 removable, self powered\nuhub5: 2 ports with 2 removable, self powered\nuhub6: 2 ports with 2 removable, self powered\nuhub3: 6 ports with 6 removable, self powered\nuhub7: 6 ports with 6 removable, self powered\nacd0: DVDR \u003cPLDS DVD+/-RW DH-16A6S/YD11\u003e at ata3-master SATA150\nhdac0: HDA Codec #2: Realtek ALC888\npcm0: \u003cHDA Realtek ALC888 PCM #0 Analog\u003e at cad 2 nid 1 on hdac0\npcm1: \u003cHDA Realtek ALC888 PCM #1 Analog\u003e at cad 2 nid 1 on hdac0\nSMP: AP CPU #1 Launched!\nSMP: AP CPU #3 Launched!\nSMP: AP CPU #2 Launched!\nRoot mount waiting for: usbus7 usbus3\nugen7.2: \u003cTEAC\u003e at usbus7\numass0: \u003cTEAC CA-200, class 0/0, rev 2.00/4.08, addr 2\u003e on usbus7\numass0:  SCSI over Bulk-Only; quirks = 0x0000\nRoot mount waiting for: usbus7 usbus3\numass0:0:0:-1: Attached to scbus0\nTrying to mount root from ufs:/dev/ad4s1a\nugen1.2: \u003cDell\u003e at usbus1\nukbd0: \u003cDell Dell USB Keyboard, class 0/0, rev 1.10/3.06, addr 2\u003e on usbus1\nkbd2 at ukbd0\n(probe0:umass-sim0:0:0:0): TEST UNIT READY. CDB: 0 0 0 0 0 0 \n(probe0:umass-sim0:0:0:0): CAM Status: SCSI Status Error\n(probe0:umass-sim0:0:0:0): SCSI Status: Check Condition\n(probe0:umass-sim0:0:0:0): NOT READY asc:3a,0\n(probe0:umass-sim0:0:0:0): Medium not present\n(probe0:umass-sim0:0:0:0): Unretryable error\nda0 at umass-sim0 bus 0 target 0 lun 0\nda0: \u003cTEAC USB   HS-CF Card 4.08\u003e Removable Direct Access SCSI-0 device \nda0: 40.000MB/s transfers\nda0: Attempt to query device size failed: NOT READY, Medium not present\n(probe0:umass-sim0:0:0:1): TEST UNIT READY. CDB: 0 20 0 0 0 0 \n(probe0:umass-sim0:0:0:1): CAM Status: SCSI Status Error\n(probe0:umass-sim0:0:0:1): SCSI Status: Check Condition\n(probe0:umass-sim0:0:0:1): NOT READY asc:3a,0\n(probe0:umass-sim0:0:0:1): Medium not present\n(probe0:umass-sim0:0:0:1): Unretryable error\nda1 at umass-sim0 bus 0 target 0 lun 1\nda1: \u003cTEAC USB   HS-xD/SM 4.08\u003e Removable Direct Access SCSI-0 device \nda1: 40.000MB/s transfers\nda1: Attempt to query device size failed: NOT READY, Medium not present\nugen2.2: \u003cLogitech\u003e at usbus2\nums0: \u003cLogitech USB-PS/2 Optical Mouse, class 0/0, rev 2.00/20.00, addr 2\u003e on usbus2\nums0: 3 buttons and [XYZ] coordinates ID=0\nugen1.3: \u003cWacom Co.,Ltd.\u003e at usbus1\nums1: \u003cWacom Co.,Ltd. CTE-450, class 0/0, rev 2.00/1.13, addr 3\u003e on usbus1\nums1: 3 buttons and [XYZ] coordinates ID=1\n(probe0:umass-sim0:0:0:2): TEST UNIT READY. CDB: 0 40 0 0 0 0 \n(probe0:umass-sim0:0:0:2): CAM Status: SCSI Status Error\n(probe0:umass-sim0:0:0:2): SCSI Status: Check Condition\n(probe0:umass-sim0:0:0:2): NOT READY asc:3a,0\n(probe0:umass-sim0:0:0:2): Medium not present\n(probe0:umass-sim0:0:0:2): Unretryable error\nda2 at umass-sim0 bus 0 target 0 lun 2\nda2: \u003cTEAC USB   HS-MS Card 4.08\u003e Removable Direct Access SCSI-0 device \nda2: 40.000MB/s transfers\nda2: Attempt to query device size failed: NOT READY, Medium not present\nKLD vboxdrv.ko: depends on kernel - not available or version mismatch\nlinker_load_file: Unsupported file type\nKLD vboxnetflt.ko: depends on vboxdrv - not available or version mismatch\nlinker_load_file: Unsupported file type\n(probe0:umass-sim0:0:0:3): TEST UNIT READY. CDB: 0 60 0 0 0 0 \n(probe0:umass-sim0:0:0:3): CAM Status: SCSI Status Error\n(probe0:umass-sim0:0:0:3): SCSI Status: Check Condition\n(probe0:umass-sim0:0:0:3): NOT READY asc:3a,0\n(probe0:umass-sim0:0:0:3): Medium not present\n(probe0:umass-sim0:0:0:3): Unretryable error\nda3 at umass-sim0 bus 0 target 0 lun 3\nda3: \u003cTEAC USB   HS-SD Card 4.08\u003e Removable Direct Access SCSI-0 device \nda3: 40.000MB/s transfers\nda3: Attempt to query device size failed: NOT READY, Medium not present\nfuse4bsd: version 0.3.9-pre1, FUSE ABI 7.8\n\nHow-To-Repeat: Boot 8.1 on similar hardware."
}