{
 "id": 1280634,
 "bug_id": 274537,
 "attachment_id": 0,
 "creation_time": "2023-10-20T14:04:13Z",
 "creator": "michael.hmich@gmail.com",
 "text": "now looking from the linux side with parted\n\nhm-lmint %\u003e parted /dev/sda\nGNU Parted 3.4\nUsing /dev/sda\nWelcome to GNU Parted! Type 'help' to view a list of commands.\n(parted) p                                                                \nModel: ATA WDC WD5000AAKX-0 (scsi)\nDisk /dev/sda: 500GB\nSector size (logical/physical): 512B/512B\nPartition Table: msdos\nDisk Flags: \n\nNumber  Start   End     Size    Type      File system     Flags\n 1      1049kB  62,9GB  62,9GB  primary   ext4            boot\n 2      62,9GB  113GB   50,3GB  extended\n 6      62,9GB  70,3GB  7340MB  logical   linux-swap(v1)\n 5      70,3GB  113GB   43,0GB  logical   ext4\n 3      113GB   480GB   367GB   primary   zfs\n 4      480GB   500GB   19,9GB  primary   ext4\n\nwhich is perfectly working and never gave up any problem for the Linux systems\n\nnow back to FreeBSD,\nboth partitions appeared in dolphin's device list, with a mouse click I could load them ... but are not listed in Kde Setting's Removable Device List\n\n/dev/ada0s1     58G     35G     23G    60%    /media/WDC_WD5000AAKX-003CA0_WD-WCAYUEP01916_s1\n/dev/ada0s4     18G     15G    2.3G    86%    /media/WDC_WD5000AAKX-003CA0_WD-WCAYUEP01916_s4\n\nso I guess Kde is knowing how to interpret /etc/fstab partially\n\n/dev/ada0s1             /Linux_Mint             ext2fs          noauto  2       0\n/dev/ada0s4             /Kde_Neon               ext2fs          noauto  2       0\n/dev/ada0s5             /Arch                   ext2fs          noauto  2       0\n\nbut it's also messed up, because ad0s5 is the Arch partition and it is mounted as ada0s4 in dolphin, nevertheless in Dolphin they appear correct mounted as Linux_Mint and Arch"
}