{
 "id": 1281631,
 "bug_id": 274537,
 "attachment_id": 0,
 "creation_time": "2023-10-27T16:20:06Z",
 "creator": "martin@lispworks.com",
 "text": "(In reply to Warner Losh from comment #30)\nI can repeat it with the attached disk image (in testdisk.tar) by doing:\n\ncd /tmp\ntar -x -S -f testdisk.tar\nmdconfig -a -t vnode -f testdisk -u 0\n\nThis gives:\n\nGEOM_PART: partition 1 contains partition 33: start[1] 0 \u003e start[33] 2032, end[33] 260095 \u003c end[1] 520192\nGEOM_PART: integrity check failed (md0s2, EBR)\n\nand the \"gpart show md0\" output is:\n\n=\u003e     63  2097089  md0  MBR  (1.0G)\n       63     1985       - free -  (993K)\n     2048   520193    1  linux-data  (254M)\n   522241     2047       - free -  (1.0M)\n   524288   520193    2  ebr  (254M)\n  1044481     2047       - free -  (1.0M)\n  1046528   520193    3  linux-data  (254M)\n  1566721     2047       - free -  (1.0M)\n  1568768   528384    4  linux-data  (258M)\n\nThe tar file was created on Debian Linux 11.8 like this:\n\ncd /tmp\nrm testdisk\ntruncate --size 1G testdisk\nlosetup /dev/loop0 testdisk\nparted -s /dev/loop0 -- \\\n  mklabel msdos \\\n  mkpart primary 2048s 522240s \\\n  mkpart extended 524288s 1044480s \\\n  mkpart primary 1046528s 1566720s \\\n  mkpart primary 1568768s 2097151s \\\n  mkpart logical 784384s 1044480s \\\n  mkpart logical linux-swap 526336s 784383s \\\n  quit\nlosetup -d /dev/loop0\ntar -c -S -f testdisk.tar testdisk\n\nand \"parted -s /dev/loop0 unit s print\" prints this for it:\n\nModel: Loopback device (loopback)\nDisk /dev/loop0: 2097152s\nSector size (logical/physical): 512B/512B\nPartition Table: msdos\nDisk Flags: \n\nNumber  Start     End       Size     Type      File system  Flags\n 1      2048s     522240s   520193s  primary\n 2      524288s   1044480s  520193s  extended               lba\n 6      526336s   784383s   258048s  logical\n 5      784384s   1044480s  260097s  logical\n 3      1046528s  1566720s  520193s  primary\n 4      1568768s  2097151s  528384s  primary"
}