{
 "id": 681559,
 "bug_id": 171202,
 "attachment_id": 0,
 "creation_time": "2012-08-31T12:30:02Z",
 "creator": "emz@norma.perm.ru",
 "text": "During the investigation of the possible reasons of periodic hangups of the server, I build the WITNESS/INVARIANTS kernel. I receive multiple LORs during the startup of the server. bz@ kindly told me it's worth to report. So I'm doing this. I'm not aware if these LOR's actually are connected with my server's hangups.\n\nTarget machine is a IBM x3650 server. It runs IPv4, IPV6 via gif tunnel to the tunnelbroker, pf with a hundred of rules, pf nat, OSPFv6 with net/bird6, OSPFv4 with net/quagga, zfs.\n\n# dmesg\nCopyright (c) 1992-2012 The FreeBSD Project.\nCopyright (c) 1979, 1980, 1983, 1986, 1988, 1989, 1991, 1992, 1993, 1994\n        The Regents of the University of California. All rights reserved.\nFreeBSD is a registered trademark of The FreeBSD Foundation.\nFreeBSD 9.1-PRERELEASE #0: Fri Aug 17 13:55:19 YEKT 2012\n    emz@taiga:/usr/obj/usr/src/sys/TAIGADBG amd64\nWARNING: WITNESS option enabled, expect reduced performance.\nCPU: Intel(R) Xeon(R) CPU           E5405  @ 2.00GHz (1995.04-MHz K8-class CPU)\n  Origin = \"GenuineIntel\"  Id = 0x10676  Family = 6  Model = 17  Stepping = 6\n  Features=0xbfebfbff\u003cFPU,VME,DE,PSE,TSC,MSR,PAE,MCE,CX8,APIC,SEP,MTRR,PGE,MCA,CMOV,PAT,PSE36,CLFLUSH,DTS,ACPI,MMX,FXSR,SSE,SSE2,SS,HTT,TM,PBE\u003e\n  Features2=0xce33d\u003cSSE3,DTES64,MON,DS_CPL,VMX,TM2,SSSE3,CX16,xTPR,PDCM,DCA,SSE4.1\u003e\n  AMD Features=0x20100800\u003cSYSCALL,NX,LM\u003e\n  AMD Features2=0x1\u003cLAHF\u003e\n  TSC: P-state invariant, performance statistics\nreal memory  = 4294967296 (4096 MB)\navail memory = 4089982976 (3900 MB)\nEvent timer \"LAPIC\" quality 400\nACPI APIC Table: \u003cIBM    SERVALNT\u003e\nFreeBSD/SMP: Multiprocessor System Detected: 4 CPUs\nFreeBSD/SMP: 1 package(s) x 4 core(s)\n cpu0 (BSP): APIC ID:  0\n cpu1 (AP): APIC ID:  1\n cpu2 (AP): APIC ID:  2\n cpu3 (AP): APIC ID:  3\nioapic0 \u003cVersion 2.0\u003e irqs 0-23 on motherboard\nkbd1 at kbdmux0\nacpi0: \u003cIBM SERVALNT\u003e on motherboard\nacpi0: Power Button (fixed)\nipmi0: KCS mode found at io 0xca8 on acpi\ncpu0: \u003cACPI CPU\u003e on acpi0\ncpu1: \u003cACPI CPU\u003e on acpi0\ncpu2: \u003cACPI CPU\u003e on acpi0\ncpu3: \u003cACPI CPU\u003e on acpi0\nattimer0: \u003cAT timer\u003e port 0x40-0x43 irq 0 on acpi0\nTimecounter \"i8254\" frequency 1193182 Hz quality 0\nEvent timer \"i8254\" frequency 1193182 Hz quality 100\natrtc0: \u003cAT realtime clock\u003e port 0x70-0x73 irq 8 on acpi0\nEvent timer \"RTC\" frequency 32768 Hz quality 0\nhpet0: \u003cHigh Precision Event Timer\u003e iomem 0xfed00000-0xfed003ff on acpi0\nTimecounter \"HPET\" frequency 14318180 Hz quality 950\nEvent timer \"HPET\" frequency 14318180 Hz quality 450\nEvent timer \"HPET1\" frequency 14318180 Hz quality 440\nEvent timer \"HPET2\" frequency 14318180 Hz quality 440\nTimecounter \"ACPI-fast\" frequency 3579545 Hz quality 900\nacpi_timer0: \u003c24-bit timer at 3.579545MHz\u003e port 0x588-0x58b on acpi0\npcib0: \u003cACPI Host-PCI bridge\u003e on acpi0\npcib0: Length mismatch for 3 range: c0000000 vs ffffffffc0000000\npci0: \u003cACPI PCI bus\u003e on pcib0\npcib1: \u003cACPI PCI-PCI bridge\u003e at device 2.0 on pci0\npci26: \u003cACPI PCI bus\u003e on pcib1\npcib2: \u003cACPI PCI-PCI bridge\u003e at device 0.0 on pci26\npci27: \u003cACPI PCI bus\u003e on pcib2\npcib3: \u003cACPI PCI-PCI bridge\u003e at device 0.0 on pci27\npci28: \u003cACPI PCI bus\u003e on pcib3\npcib4: \u003cACPI PCI-PCI bridge\u003e irq 17 at device 1.0 on pci27\npci36: \u003cACPI PCI bus\u003e on pcib4\npcib5: \u003cPCI-PCI bridge\u003e at device 0.3 on pci26\npci37: \u003cPCI bus\u003e on pcib5\npcib6: \u003cACPI PCI-PCI bridge\u003e at device 3.0 on pci0\npci4: \u003cACPI PCI bus\u003e on pcib6\naac0: \u003cIBM ServeRAID-8k\u003e port 0x5000-0x50ff mem 0xc9e00000-0xc9ffffff,0xc7fe0000-0xc7ffffff irq 17 at device 0.0 on pci4\naac0: Enabling 64-bit address support\naac0: Enable Raw I/O\naac0: Enable 64-bit array\naac0: New comm. interface enabled\naac0: ServeRAID 8k    , aac driver 2.1.9-1\npcib7: \u003cACPI PCI-PCI bridge\u003e at device 4.0 on pci0\npci16: \u003cACPI PCI bus\u003e on pcib7\npcib8: \u003cPCI-PCI bridge\u003e at device 5.0 on pci0\npci69: \u003cPCI bus\u003e on pcib8\npcib9: \u003cACPI PCI-PCI bridge\u003e at device 6.0 on pci0\npci7: \u003cACPI PCI bus\u003e on pcib9\npcib10: \u003cPCI-PCI bridge\u003e at device 7.0 on pci0\npci68: \u003cPCI bus\u003e on pcib10\npci0: \u003cbase peripheral\u003e at device 8.0 (no driver attached)\npcib11: \u003cACPI PCI-PCI bridge\u003e at device 28.0 on pci0\npci2: \u003cACPI PCI bus\u003e on pcib11\npcib12: \u003cPCI-PCI bridge\u003e at device 0.0 on pci2\npci3: \u003cPCI bus\u003e on pcib12\nbce0: \u003cBroadcom NetXtreme II BCM5708 1000Base-T (B2)\u003e mem 0xce000000-0xcfffffff irq 16 at device 0.0 on pci3\nmiibus0: \u003cMII bus\u003e on bce0\nbrgphy0: \u003cBCM5708C 1000BASE-T media interface\u003e PHY 1 on miibus0\nbrgphy0:  10baseT, 10baseT-FDX, 100baseTX, 100baseTX-FDX, 1000baseT, 1000baseT-master, 1000baseT-FDX, 1000baseT-FDX-master, auto, auto-flow\nbce0: Ethernet address: 00:1a:64:c6:a8:7c\nbce0: ASIC (0x57081020); Rev (B2); Bus (PCI-X, 64-bit, 133MHz); B/C (4.6.1); Bufs (RX:2;TX:2;PG:0); Flags (MFW); MFW (ipms 1.6.0)\nCoal (RX:6,6,18,18; TX:20,20,80,80)\npcib13: \u003cACPI PCI-PCI bridge\u003e at device 28.1 on pci0\npci5: \u003cACPI PCI bus\u003e on pcib13\npcib14: \u003cPCI-PCI bridge\u003e at device 0.0 on pci5\npci6: \u003cPCI bus\u003e on pcib14\nbce1: \u003cBroadcom NetXtreme II BCM5708 1000Base-T (B2)\u003e mem 0xca000000-0xcbffffff irq 17 at device 0.0 on pci6\nmiibus1: \u003cMII bus\u003e on bce1\nbrgphy1: \u003cBCM5708C 1000BASE-T media interface\u003e PHY 1 on miibus1\nbrgphy1:  10baseT, 10baseT-FDX, 100baseTX, 100baseTX-FDX, 1000baseT, 1000baseT-master, 1000baseT-FDX, 1000baseT-FDX-master, auto, auto-flow\nbce1: Ethernet address: 00:1a:64:c6:a8:7e\nbce1: ASIC (0x57081020); Rev (B2); Bus (PCI-X, 64-bit, 133MHz); B/C (4.6.1); Bufs (RX:2;TX:2;PG:0); Flags (MFW); MFW (ipms 1.6.0)\nCoal (RX:6,6,18,18; TX:20,20,80,80)\nuhci0: \u003cIntel 631XESB/632XESB/3100 USB controller USB-1\u003e port 0x2200-0x221f irq 23 at device 29.0 on pci0\nusbus0 on uhci0\nuhci1: \u003cIntel 631XESB/632XESB/3100 USB controller USB-2\u003e port 0x2600-0x261f irq 22 at device 29.1 on pci0\nusbus1 on uhci1\nuhci2: \u003cIntel 631XESB/632XESB/3100 USB controller USB-3\u003e port 0x2a00-0x2a1f irq 23 at device 29.2 on pci0\nusbus2 on uhci2\nuhci3: \u003cIntel 631XESB/632XESB/3100 USB controller USB-4\u003e port 0x2e00-0x2e1f irq 22 at device 29.3 on pci0\nusbus3 on uhci3\nehci0: \u003cIntel 63XXESB USB 2.0 controller\u003e mem 0xf9000000-0xf90003ff irq 23 at device 29.7 on pci0\nusbus4: EHCI version 1.0\nusbus4 on ehci0\npcib15: \u003cACPI PCI-PCI bridge\u003e at device 30.0 on pci0\npci1: \u003cACPI PCI bus\u003e on pcib15\nvgapci0: \u003cVGA-compatible display\u003e port 0x4000-0x40ff mem 0xd0000000-0xd7ffffff,0xdfff0000-0xdfffffff irq 22 at device 6.0 on pci1\nisab0: \u003cPCI-ISA bridge\u003e at device 31.0 on pci0\nisa0: \u003cISA bus\u003e on isab0\natapci0: \u003cIntel 63XXESB2 SATA300 controller\u003e port 0x1f0-0x1f7,0x3f6,0x170-0x177,0x376,0x480-0x48f at device 31.2 on pci0\nata0: \u003cATA channel\u003e at channel 0 on atapci0\nata1: \u003cATA channel\u003e at channel 1 on atapci0\npci0: \u003cserial bus, SMBus\u003e at device 31.3 (no driver attached)\nuart0: \u003c16550 or compatible\u003e port 0x3f8-0x3ff irq 4 flags 0x10 on acpi0\nuart0: console (19200,n,8,1)\nipmi1: \u003cIPMI System Interface\u003e on isa0\ndevice_attach: ipmi1 attach returned 16\nipmi1: \u003cIPMI System Interface\u003e on isa0\ndevice_attach: ipmi1 attach returned 16\norm0: \u003cISA Option ROMs\u003e at iomem 0xc0000-0xcafff,0xcb000-0xd07ff on isa0\nsc0: \u003cSystem console\u003e at flags 0x100 on isa0\nsc0: VGA \u003c16 virtual consoles, flags=0x100\u003e\nvga0: \u003cGeneric ISA VGA\u003e at port 0x3c0-0x3df iomem 0xa0000-0xbffff on isa0\natkbdc0: \u003cKeyboard controller (i8042)\u003e at port 0x60,0x64 on isa0\natkbd0: \u003cAT Keyboard\u003e irq 1 on atkbdc0\nkbd0 at atkbd0\natkbd0: [GIANT-LOCKED]\nppc0: cannot reserve I/O port range\np4tcc0: \u003cCPU Frequency Thermal Control\u003e on cpu0\np4tcc1: \u003cCPU Frequency Thermal Control\u003e on cpu1\np4tcc2: \u003cCPU Frequency Thermal Control\u003e on cpu2\np4tcc3: \u003cCPU Frequency Thermal Control\u003e on cpu3\nZFS NOTICE: Prefetch is disabled by default if less than 4GB of RAM is present;\n            to enable, add \"vfs.zfs.prefetch_disable=0\" to /boot/loader.conf.\nZFS filesystem version 5\nZFS storage pool version 28\nTimecounters tick every 1.000 msec\nusbus0: 12Mbps Full Speed USB v1.0\nusbus1: 12Mbps Full Speed USB v1.0\nugen0.1: \u003cIntel\u003e at usbus0\nuhub0: \u003cIntel UHCI root HUB, class 9/0, rev 1.00/1.00, addr 1\u003e on usbus0\nugen1.1: \u003cIntel\u003e at usbus1\nuhub1: \u003cIntel UHCI root HUB, class 9/0, rev 1.00/1.00, addr 1\u003e on usbus1\nusbus2: 12Mbps Full Speed USB v1.0\nusbus3: 12Mbps Full Speed USB v1.0\nugen2.1: \u003cIntel\u003e at usbus2\nuhub2: \u003cIntel UHCI root HUB, class 9/0, rev 1.00/1.00, addr 1\u003e on usbus2\nugen3.1: \u003cIntel\u003e at usbus3\nuhub3: \u003cIntel UHCI root HUB, class 9/0, rev 1.00/1.00, addr 1\u003e on usbus3\nusbus4: 480Mbps High Speed USB v2.0\nugen4.1: \u003cIntel\u003e at usbus4\nuhub4: \u003cIntel EHCI root HUB, class 9/0, rev 2.00/1.00, addr 1\u003e on usbus4\nuhub0: 2 ports with 2 removable, self powered\nuhub1: 2 ports with 2 removable, self powered\nuhub2: 2 ports with 2 removable, self powered\nuhub3: 2 ports with 2 removable, self powered\nipmi0: IPMI device rev. 0, firmware rev. 1.49, version 2.0\nipmi0: Number of channels 3\nipmi0: Attached watchdog\naacd0 on aac0\naacd0: 279800MB (573030400 sectors)\ncd0 at ata1 bus 0 scbus1 target 0 lun 0\nSMP: AP CPU #3 Launched!\nSMP: AP CPU #1 Launched!\ncd0: \u003cHL-DT-ST RW/DVD GCC-T10N 1.00\u003e Removable CD-ROM SCSI-0 device \nSMP: AP CPU #2 Launched!\ncd0: 33.300MB/s transfers (UDMA2, ATAPI 12bytes, PIO 65534bytes)\ncd0: cd present [1512048 x 2048 byte records]\nTimecounter \"TSC-low\" frequency 15586274 Hz quality 1000\nWARNING: WITNESS option enabled, expect reduced performance.\nRoot mount waiting for: usbus4\nuhub4: 8 ports with 8 removable, self powered\nRoot mount waiting for: usbus4\nTrying to mount root from zfs:zfsroot []...\nugen2.2: \u003cIBM\u003e at usbus2\nukbd0: \u003cHID KB\u003e on usbus2\nkbd2 at ukbd0\nuhid0: \u003cHID MS\u003e on usbus2\nbce0: Gigabit link up!\nWARNING: attempt to domain_add(netgraph) after domainfinalize()\nlock order reversal:\n 1st 0xffffffff80b34620 pf task mtx (pf task mtx) @ /usr/src/sys/contrib/pf/net/pf_ioctl.c:1581\n 2nd 0xffffffff80d4ac00 ifnet_rw (ifnet_rw) @ /usr/src/sys/net/if.c:2022\nKDB: stack backtrace:\ndb_trace_self_wrapper() at db_trace_self_wrapper+0x2a\nkdb_backtrace() at kdb_backtrace+0x37\n_witness_debugger() at _witness_debugger+0x2c\nwitness_checkorder() at witness_checkorder+0x853\n_rw_rlock() at _rw_rlock+0x81\nifunit() at ifunit+0x22\npfioctl() at pfioctl+0x129b\ndevfs_ioctl_f() at devfs_ioctl_f+0x7a\nkern_ioctl() at kern_ioctl+0xcd\nsys_ioctl() at sys_ioctl+0xfd\namd64_syscall() at amd64_syscall+0x2fa\nXfast_syscall() at Xfast_syscall+0xf7\n--- syscall (54, FreeBSD ELF64, sys_ioctl), rip = 0x800d81cbc, rsp = 0x7fffffffa3d8, rbp = 0x7fffffffa530 ---\naltq: emulate 256000000Hz cpu clock\nlock order reversal:\n 1st 0xfffffe00079aabd8 zfs (zfs) @ /usr/src/sys/kern/vfs_mount.c:849\n 2nd 0xfffffe0007465bd8 devfs (devfs) @ /usr/src/sys/kern/vfs_subr.c:2158\nKDB: stack backtrace:\ndb_trace_self_wrapper() at db_trace_self_wrapper+0x2a\nkdb_backtrace() at kdb_backtrace+0x37\n_witness_debugger() at _witness_debugger+0x2c\nwitness_checkorder() at witness_checkorder+0x853\n__lockmgr_args() at __lockmgr_args+0x1184\nvop_stdlock() at vop_stdlock+0x39\nVOP_LOCK1_APV() at VOP_LOCK1_APV+0x9b\n_vn_lock() at _vn_lock+0x47\nvget() at vget+0x7b\ndevfs_allocv() at devfs_allocv+0x13f\ndevfs_root() at devfs_root+0x4d\nvfs_donmount() at vfs_donmount+0xb02\nsys_nmount() at sys_nmount+0x66\namd64_syscall() at amd64_syscall+0x2fa\nXfast_syscall() at Xfast_syscall+0xf7\n--- syscall (378, FreeBSD ELF64, sys_nmount), rip = 0x800a8d6fc, rsp = 0x7fffffffccc8, rbp = 0x801009048 ---\nlock order reversal:\n 1st 0xffffffff80d50d48 PFil hook read/write mutex (PFil hook read/write mutex) @ /usr/src/sys/net/pfil.c:77\n 2nd 0xffffffff80d4e4f8 pcbinfohash (pcbinfohash) @ /usr/src/sys/netinet6/in6_pcb.c:1110\nKDB: stack backtrace:\ndb_trace_self_wrapper() at db_trace_self_wrapper+0x2a\nkdb_backtrace(\n) at kdb_backtrace+0x37\n_witness_debugger() at _witness_debugger+0x2c\nwitness_checkorder() at witness_checkorder+0x853\n_rw_rlock() at _rw_rlock+0x81\nin6_pcblookup_hash() at in6_pcblookup_hash+0x47\npf_socket_lookup() at pf_socket_lookup+0x191\npf_test_rule() at pf_test_rul\ne+0x9fb\npf_test6() at pf_test6+0xf8a\npf_check6_in() at \npf_check6_in+0x35\npfil_run_hooks() at\n pfil_run_hooks+0xd2\nip6_input() at ip6_input+0x7f9\nswi_net() at swi_net+0x161\nintr_eve\nnt_execute_handlers() at intr_event_execute_handlers+0x6a\nithread_loop() at ithread_loop+0xb4\nfork_exit() at fork_exit+0x135\nfork_trampoline() at fork_trampoline+0xe\n--- trap 0, rip = 0, rsp = 0xffffff800024ccf0, rbp = 0 ---\nlock order reversal:\n 1st 0xffffffff80d50d48 PFil hook read/write mutex (PFil hook read/write mutex) @ /usr/src/sys/net/pfil.c:77\n 2nd 0xfffffe00074ed168 udpinp (udpinp) @ /usr/src/sys/netinet6/in6_pcb.c:1121\nKDB: stack backtrace:\ndb_trace_self_wrapper() at db_trace_self_wrapper+0x2a\nkdb_backtrace() at kdb_backtrace+0x37\n_witness_debugger() at _witness_debugger+0x2c\nwitness\n_\nche\nckor\nd\ne\nr\n(\n) at witness_checkorder+0x853\n_rw_r\nlock\n() at _rw_rlo\nc\nk+0x81\nin6_pcblookup_hash() at in6_pcblookup_hash+0xb7\npf_socket_l\no\nokup() at pf_socket_lookup+0x24e\npf_test_rule() at pf_test_rule+0x9fb\npf_test6() at pf_test6+0xf8a\npf_check6_in() at pf_check6_in+0x35\npfil_run_hooks() at pfil_run_hooks+0xd2\nip6_input() at ip6_input+0x7f9\nswi_net() at swi_net+0x161\nintr_event_execute_handlers() at intr_event_execute_handlers+0x6a\nithread_loop() at ithread_loop+0xb4\nfork_exit() at fork_exit+0x135\nfork_trampoline() at fork_trampoline+0xe\n--- trap 0, rip = 0, rsp = 0xffffff800024ccf0, rbp = 0 ---\nlock order reversal:\n 1st 0xffffffff80d50d48 PFil hook read/write mutex (PFil hook read/write mutex) @ /usr/src/sys/net/pfil.c:77\n 2nd 0xfffffe0007b6af30 tcpinp (tcpinp) @ /usr/src/sys/netinet6/in6_pcb.c:1121\nKDB: stack backtrace:\ndb_trace_self_wrapper() at db_trace_self_wrapper+0x2a\nkdb_backtrace() at kdb_backtrace+0x37\n_witness_debugger() at _witness_debugger+0x2c\nwitness_checkorder() at witness_checkorder+0x853\n_rw_rlock() at _rw_rlock+0x81\nin6_pcblookup_hash() at in6_pcblookup_hash+0xb7\npf_socket_lookup() at pf_socket_lookup+0x191\npf_test_rule() at pf_test_rule+0x9fb\npf_test6() at pf_test6+0xf8a\npf_check6_in() at pf_check6_in+0x35\npfil_run_hooks() at pfil_run_hooks+0xd2\nip6_input() at ip6_input+0x7f9\nswi_net() at swi_net+0x161\nintr_event_execute_handlers() at intr_event_execute_handlers+0x6a\nithread_loop() at ithread_loop+0xb4\nfork_exit() at fork_exit+0x135\nfork_trampoline() at fork_trampoline+0xe\n--- trap 0, rip = 0, rsp = 0xffffff800024ccf0, rbp = 0 ---\nlock order reversal:\n 1st 0xffffffff80d4cde0 in_ifaddr_lock (in_ifaddr_lock) @ /usr/src/sys/netinet/if_ether.c:569\n 2nd 0xfffffe0005acb720 carp_if (carp_if) @ /usr/src/sys/netinet/ip_carp.c:1195\nKDB: stack backtrace:\ndb_trace_self_wrapper() at db_trace_self_wrapper+0x2a\nkdb_backtrace() at kdb_backtrace+0x37\n_witness_debugger() at _witness_debugger+0x2c\nwitness_checkorder() at witness_checkorder+0x853\n_mtx_lock_flags() at _mtx_lock_flags+0x85\ncarp_iamatch() at carp_iamatch+0x39\narpintr() at arpintr+0x368\nnetisr_dispatch_src() at netisr_dispatch_src+0x152\nether_demux() at ether_demux+0x17d\nether_nh_input() at ether_nh_input+0x20e\nnetisr_dispatch_src() at netisr_dispatch_src+0x152\nether_demux() at ether_demux+0x86\nether_nh_input() at ether_nh_input+0x20e\nnetisr_dispatch_src() at netisr_dispatch_src+0x152\nbce_intr() at bce_intr+0x46a\nintr_event_execute_handlers() at intr_event_execute_handlers+0x6a\nithread_loop() at ithread_loop+0xb4\nfork_exit() at fork_exit+0x135\nfork_trampoline() at fork_trampoline+0xe\n--- trap 0, rip = 0, rsp = 0xffffff811a901cf0, rbp = 0 ---\nvlan1: promiscuous mode enabled\ncarp0: INIT -\u003e BACKUP\ncarp0: link state changed to DOWN\ncarp0: link state changed to DOWN\ncarp0: INIT -\u003e BACKUP\ncarp0: link state changed to DOWN\ncarp0: link state changed to DOWN\ncarp0: INIT -\u003e BACKUP\ncarp0: link state changed to DOWN\ncarp0: BACKUP -\u003e MASTER (preempting a slower master)\ncarp0: link state changed to UP\nvlan15: promiscuous mode enabled\ncarp2: INIT -\u003e BACKUP\ncarp2: link state changed to DOWN\ncarp2: INIT -\u003e BACKUP\ncarp2: link state changed to DOWN\ncarp2: link state changed to DOWN\ncarp2: BACKUP -\u003e MASTER (preempting a slower master)\ncarp2: link state changed to UP\nlock order reversal:\n 1st 0xfffffe00a835d458 zfs (zfs) @ /usr/src/sys/kern/vfs_mount.c:849\n 2nd 0xfffffe00096febd8 newnfs (newnfs) @ /usr/src/sys/kern/vfs_subr.c:2158\nKDB: stack backtrace:\ndb_trace_self_wrapper() at db_trace_self_wrapper+0x2a\nkdb_backtrace() at kdb_backtrace+0x37\n_witness_debugger() at _witness_debugger+0x2c\nwitness_checkorder() at witness_checkorder+0x853\n__lockmgr_args() at __lockmgr_args+0x1184\nnfs_lock1() at nfs_lock1+0x4a\nVOP_LOCK1_APV() at VOP_LOCK1_APV+0x9b\n_vn_lock() at _vn_lock+0x47\nvget() at vget+0x7b\nvfs_hash_get() at vfs_hash_get+0xd5\nncl_nget() at ncl_nget+0xd5\nnfs_root() at nfs_root+0x3d\nvfs_donmount() at vfs_donmount+0xb02\nsys_nmount() at sys_nmount+0x66\namd64_syscall() at amd64_syscall+0x2fa\nXfast_syscall() at Xfast_syscall+0xf7\n--- syscall (378, FreeBSD ELF64, sys_nmount), rip = 0x80087c6fc, rsp = 0x7fffffffd1b8, rbp = 0x7fffffffd26c ---\narp: 192.168.6.57 moved from 14:8f:c6:bc:e0:b7 to 00:08:ca:65:7a:c5 on vlan10\narp: 192.168.6.40 moved from 40:30:04:4b:ed:ed to 14:8f:c6:bc:e0:b7 on vlan10\narp: 192.168.6.44 moved from 40:30:04:4b:ed:ed to b8:ff:61:31:1e:d4 on vlan10\ncannot forward src fe80:b::9cb9:2755:f0a0:488b, dst fec0:0:0:ffff::3, nxt 17, rcvif vlan1, outif gif0\ncannot forward src fe80:12::617a:1076:42b2:68a2, dst fec0:0:0:ffff::3, nxt 17, rcvif vlan15, outif gif0\ncannot forward src fe80:12::617a:1076:42b2:68a2, dst fec0:0:0:ffff::2, nxt 17, rcvif vlan15, outif gif0\ncannot forward src fe80:12::617a:1076:42b2:68a2, dst fec0:0:0:ffff::1, nxt 17, rcvif vlan15, outif gif0\ncannot forward src fe80:12::95b6:d17:e8fc:4e39, dst fec0:0:0:ffff::3, nxt 17, rcvif vlan15, outif gif0\ncannot forward src fe80:b::f10a:ed10:819f:59d6, dst fec0:0:0:ffff::3, nxt 17, rcvif vlan1, outif gif0\ncannot forward src fe80:12::1455:1c89:e03d:ac90, dst fec0:0:0:ffff::3, nxt 17, rcvif vlan15, outif gif0\ncannot forward src fe80:12::fd85:e73d:10b9:b225, dst fec0:0:0:ffff::3, nxt 17, rcvif vlan15, outif gif0\ncannot forward src fe80:12::4cae:74c6:6a20:eb7, dst fec0:0:0:ffff::3, nxt 17, rcvif vlan15, outif gif0\ncannot forward src fe80:12::f552:7bc3:5cd2:e591, dst fec0:0:0:ffff::3, nxt 17, rcvif vlan15, outif gif0\narp: 192.168.8.235 moved from 5c:b5:24:13:ee:ba to 94:63:d1:c6:02:9d on vlan11\ncannot forward src fe80:12::b576:9a8a:fbe2:17e8, dst fec0:0:0:ffff::3, nxt 17, rcvif vlan15, outif gif0\ncannot forward src fe80:12::4cae:74c6:6a20:eb7, dst fec0:0:0:ffff::3, nxt 17, rcvif vlan15, outif gif0\narp: 192.168.8.212 moved from 00:23:6c:00:e8:b9 to 38:16:d1:c6:e6:eb on vlan11\nlock order reversal:\n 1st 0xffffffff80d50d48 PFil hook read/write mutex (PFil hook read/write mutex) @ /usr/src/sys/net/pfil.c:77\n 2nd 0xfffffe0007467e08 gif softc (gif softc) @ /usr/src/sys/net/if_gif.c:430\nKDB: stack backtrace:\ndb_trace_self_wrapper() at db_trace_self_wrapper+0x2a\nkdb_backtrace() at kdb_backtrace+0x37\n_witness_debugger() at _witness_debugger+0x2c\nwitness_checkorder() at witness_checkorder+0x853\n_mtx_lock_flags() at _mtx_lock_flags+0x85\ngif_output() at gif_output+0xcb\nnd6_output_lle() at nd6_output_lle+0x457\nnd6_output() at nd6_output+0x18\nip6_output() at ip6_output+0x122f\npf_send_tcp() at pf_send_tcp+0x3ff\npf_tcp_track_full() at pf_tcp_track_full+0xb15\npf_test_state_tcp() at pf_test_state_tcp+0x167\npf_test6() at pf_test6+0xda5\npf_check6_in() at pf_check6_in+0x35\npfil_run_hooks() at pfil_run_hooks+0xd2\nip6_input() at ip6_input+0x7f9\nnetisr_dispatch_src() at netisr_dispatch_src+0x152\ngif_input() at gif_input+0xf5\nin_gif_input() at in_gif_input+0x13e\nencap4_input() at encap4_input+0x139\nip_input() at ip_input+0xbd\nnetisr_dispatch_src() at netisr_dispatch_src+0x152\nether_demux() at ether_demux+0x17d\nng_ether_rcv_upper() at ng_ether_rcv_upper+0xa4\nng_apply_item() at ng_apply_item+0x281\nng_snd_item() at ng_snd_item+0x2af\nng_apply_item() at ng_apply_item+0x281\nng_snd_item() at ng_snd_item+0x2af\nng_apply_item() at ng_apply_item+0x281\nng_snd_item() at ng_snd_item+0x2af\nng_ether_input() at ng_ether_input+0x7a\nether_nh_input() at ether_nh_input+0x17c\nnetisr_dispatch_src() at netisr_dispatch_src+0x152\nether_demux() at ether_demux+0x86\nether_nh_input() at ether_nh_input+0x20e\nnetisr_dispatch_src() at netisr_dispatch_src+0x152\nbce_intr() at bce_intr+0x46a\nintr_event_execute_handlers() at intr_event_execute_handlers+0x6a\nithread_loop() at ithread_loop+0xb4\nfork_exit() at fork_exit+0x135\nfork_trampoline() at fork_trampoline+0xe\n--- trap 0, rip = 0, rsp = 0xffffff811a901cf0, rbp = 0 ---"
}