{
 "id": 925988,
 "bug_id": 217606,
 "attachment_id": 0,
 "creation_time": "2017-03-15T10:04:38Z",
 "creator": "aiko@torrentkino.de",
 "text": "Hardware: Dell PowerEdge R320\n* Intel Xeon E5-2430 v2 (2,5GHz, 6C, 15MB Cache, 7,2GT/s QPI, 80W, Turbo)\n* PowerEdge R320 Mainboard, TPM\n* Intel Ethernet I350 DP 1Gbit/s Serveradapter, Low Profile\n* Intel X520 DP 10Gbit/s DA/SFP+ Serveradapter \u003c--- bridge0\n* 10GbE SR SFP+ Transceiver, 10GB and 1GB compatible with Intel and Broadcom Serveradapter\n\nThis is the patched kernel as mentioned above. The other machine uses the vanilla kernel:\n\n$ dmesg\nCopyright (c) 1992-2016 The FreeBSD Project.\nCopyright (c) 1979, 1980, 1983, 1986, 1988, 1989, 1991, 1992, 1993, 1994\n\tThe Regents of the University of California. All rights reserved.\nFreeBSD is a registered trademark of The FreeBSD Foundation.\nFreeBSD 11.0-RELEASE-p8 #0: Thu Mar  2 12:13:46 CET 2017\n    root@goldengate01:/usr/obj/usr/src/sys/GENERIC amd64\nFreeBSD clang version 3.8.0 (tags/RELEASE_380/final 262564) (based on LLVM 3.8.0)\nVT(vga): resolution 640x480\nCPU: Intel(R) Xeon(R) CPU E5-2430 v2 @ 2.50GHz (2500.05-MHz K8-class CPU)\n  Origin=\"GenuineIntel\"  Id=0x306e4  Family=0x6  Model=0x3e  Stepping=4\n  Features=0xbfebfbff\u003cFPU,VME,DE,PSE,TSC,MSR,PAE,MCE,CX8,APIC,SEP,MTRR,PGE,MCA,CMOV,PAT,PSE36,CLFLUSH,DTS,ACPI,MMX,FXSR,SSE,SSE2,SS,HTT,TM,PBE\u003e\n  Features2=0x7fbee3ff\u003cSSE3,PCLMULQDQ,DTES64,MON,DS_CPL,VMX,SMX,EST,TM2,SSSE3,CX16,xTPR,PDCM,PCID,DCA,SSE4.1,SSE4.2,x2APIC,POPCNT,TSCDLT,AESNI,XSAVE,OSXSAVE,AVX,F16C,RDRAND\u003e\n  AMD Features=0x2c100800\u003cSYSCALL,NX,Page1GB,RDTSCP,LM\u003e\n  AMD Features2=0x1\u003cLAHF\u003e\n  Structured Extended Features=0x281\u003cFSGSBASE,SMEP,ERMS\u003e\n  XSAVE Features=0x1\u003cXSAVEOPT\u003e\n  VT-x: (disabled in BIOS) PAT,HLT,MTF,PAUSE,EPT,UG,VPID,VID,PostIntr\n  TSC: P-state invariant, performance statistics\nreal memory  = 17179869184 (16384 MB)\navail memory = 16531873792 (15766 MB)\nEvent timer \"LAPIC\" quality 600\nACPI APIC Table: \u003cDELL   PE_SC3  \u003e\nFreeBSD/SMP: Multiprocessor System Detected: 12 CPUs\nFreeBSD/SMP: 1 package(s) x 6 core(s) x 2 hardware threads\nrandom: unblocking device.\nioapic1: Changing APIC ID to 1\nioapic0 \u003cVersion 2.0\u003e irqs 0-23 on motherboard\nioapic1 \u003cVersion 2.0\u003e irqs 32-55 on motherboard\nrandom: entropy device external interface\nkbd1 at kbdmux0\nnetmap: loaded module\nmodule_register_init: MOD_LOAD (vesa, 0xffffffff8101d970, 0) error 19\nrandom: registering fast source Intel Secure Key RNG\nrandom: fast provider: \"Intel Secure Key RNG\"\nvtvga0: \u003cVT VGA driver\u003e on motherboard\ncryptosoft0: \u003csoftware crypto\u003e on motherboard\nacpi0: \u003cDELL PE_SC3\u003e on motherboard\nacpi0: Power Button (fixed)\ncpu0: \u003cACPI CPU\u003e on acpi0\ncpu1: \u003cACPI CPU\u003e on acpi0\ncpu2: \u003cACPI CPU\u003e on acpi0\ncpu3: \u003cACPI CPU\u003e on acpi0\ncpu4: \u003cACPI CPU\u003e on acpi0\ncpu5: \u003cACPI CPU\u003e on acpi0\ncpu6: \u003cACPI CPU\u003e on acpi0\ncpu7: \u003cACPI CPU\u003e on acpi0\ncpu8: \u003cACPI CPU\u003e on acpi0\ncpu9: \u003cACPI CPU\u003e on acpi0\ncpu10: \u003cACPI CPU\u003e on acpi0\ncpu11: \u003cACPI CPU\u003e on acpi0\natrtc0: \u003cAT realtime clock\u003e port 0x70-0x7f irq 8 on acpi0\nEvent timer \"RTC\" frequency 32768 Hz quality 0\nattimer0: \u003cAT timer\u003e port 0x40-0x5f irq 0 on acpi0\nTimecounter \"i8254\" frequency 1193182 Hz quality 0\nEvent timer \"i8254\" frequency 1193182 Hz quality 100\nhpet0: \u003cHigh Precision Event Timer\u003e iomem 0xfed00000-0xfed003ff on acpi0\nTimecounter \"HPET\" frequency 14318180 Hz quality 950\nEvent timer \"HPET\" frequency 14318180 Hz quality 350\nEvent timer \"HPET1\" frequency 14318180 Hz quality 340\nEvent timer \"HPET2\" frequency 14318180 Hz quality 340\nEvent timer \"HPET3\" frequency 14318180 Hz quality 340\nEvent timer \"HPET4\" frequency 14318180 Hz quality 340\nEvent timer \"HPET5\" frequency 14318180 Hz quality 340\nEvent timer \"HPET6\" frequency 14318180 Hz quality 340\nEvent timer \"HPET7\" frequency 14318180 Hz quality 340\nTimecounter \"ACPI-fast\" frequency 3579545 Hz quality 900\nacpi_timer0: \u003c24-bit timer at 3.579545MHz\u003e port 0x808-0x80b on acpi0\npcib0: \u003cACPI Host-PCI bridge\u003e port 0xcf8-0xcff numa-domain 0 on acpi0\npci0: \u003cACPI PCI bus\u003e numa-domain 0 on pcib0\npcib1: \u003cACPI PCI-PCI bridge\u003e irq 53 at device 1.0 numa-domain 0 on pci0\npci1: \u003cACPI PCI bus\u003e numa-domain 0 on pcib1\nmfi0: \u003cDrake Skinny\u003e port 0xfc00-0xfcff mem 0xd8ffc000-0xd8ffffff,0xd8f80000-0xd8fbffff irq 34 at device 0.0 numa-domain 0 on pci1\nmfi0: Using MSI\nmfi0: Megaraid SAS driver Ver 4.23 \npcib2: \u003cACPI PCI-PCI bridge\u003e irq 53 at device 3.0 numa-domain 0 on pci0\npci2: \u003cACPI PCI bus\u003e numa-domain 0 on pcib2\nix0: \u003cIntel(R) PRO/10GbE PCI-Express Network Driver, Version - 3.1.13-k\u003e port 0xecc0-0xecdf mem 0xd9e80000-0xd9efffff,0xd9ff8000-0xd9ffbfff irq 48 at device 0.0 numa-domain 0 on pci2\nix0: Using MSIX interrupts with 9 vectors\nix0: Ethernet address: xx:xx:xx:xx:xx:xx\nix0: PCI Express Bus: Speed 5.0GT/s Width x8\nix0: netmap queues/slots: TX 8/2048, RX 8/2048\nix1: \u003cIntel(R) PRO/10GbE PCI-Express Network Driver, Version - 3.1.13-k\u003e port 0xece0-0xecff mem 0xd9f00000-0xd9f7ffff,0xd9ffc000-0xd9ffffff irq 52 at device 0.1 numa-domain 0 on pci2\nix1: Using MSIX interrupts with 9 vectors\nix1: Ethernet address: xx:xx:xx:xx:xx:xx\nix1: PCI Express Bus: Speed 5.0GT/s Width x8\nix1: netmap queues/slots: TX 8/2048, RX 8/2048\npcib3: \u003cPCI-PCI bridge\u003e irq 16 at device 17.0 numa-domain 0 on pci0\npci3: \u003cPCI bus\u003e numa-domain 0 on pcib3\npci0: \u003csimple comms\u003e at device 22.0 (no driver attached)\npci0: \u003csimple comms\u003e at device 22.1 (no driver attached)\nehci0: \u003cIntel Patsburg USB 2.0 controller\u003e mem 0xdd0fd000-0xdd0fd3ff irq 23 at device 26.0 numa-domain 0 on pci0\nusbus0: EHCI version 1.0\nusbus0 numa-domain 0 on ehci0\npcib4: \u003cACPI PCI-PCI bridge\u003e at device 28.0 numa-domain 0 on pci0\npci4: \u003cACPI PCI bus\u003e numa-domain 0 on pcib4\nigb0: \u003cIntel(R) PRO/1000 Network Connection, Version - 2.5.3-k\u003e mem 0xdad00000-0xdadfffff,0xdaff8000-0xdaffbfff irq 16 at device 0.0 numa-domain 0 on pci4\nigb0: Using MSIX interrupts with 9 vectors\nigb0: Ethernet address: xx:xx:xx:xx:xx:xx\nigb0: Bound queue 0 to cpu 0\nigb0: Bound queue 1 to cpu 1\nigb0: Bound queue 2 to cpu 2\nigb0: Bound queue 3 to cpu 3\nigb0: Bound queue 4 to cpu 4\nigb0: Bound queue 5 to cpu 5\nigb0: Bound queue 6 to cpu 6\nigb0: Bound queue 7 to cpu 7\nigb0: netmap queues/slots: TX 8/1024, RX 8/1024\nigb1: \u003cIntel(R) PRO/1000 Network Connection, Version - 2.5.3-k\u003e mem 0xdae00000-0xdaefffff,0xdaffc000-0xdaffffff irq 17 at device 0.1 numa-domain 0 on pci4\nigb1: Using MSIX interrupts with 9 vectors\nigb1: Ethernet address: xx:xx:xx:xx:xx:xx\nigb1: Bound queue 0 to cpu 8\nigb1: Bound queue 1 to cpu 9\nigb1: Bound queue 2 to cpu 10\nigb1: Bound queue 3 to cpu 11\nigb1: Bound queue 4 to cpu 0\nigb1: Bound queue 5 to cpu 1\nigb1: Bound queue 6 to cpu 2\nigb1: Bound queue 7 to cpu 3\nigb1: netmap queues/slots: TX 8/1024, RX 8/1024\npcib5: \u003cACPI PCI-PCI bridge\u003e irq 16 at device 28.4 numa-domain 0 on pci0\npci5: \u003cACPI PCI bus\u003e numa-domain 0 on pcib5\nbge0: \u003cBroadcom NetXtreme Gigabit Ethernet, ASIC rev. 0x5720000\u003e mem 0xd50a0000-0xd50affff,0xd50b0000-0xd50bffff,0xd50c0000-0xd50cffff irq 16 at device 0.0 numa-domain 0 on pci5\nbge0: APE FW version: NCSI v1.2.37.0\nbge0: CHIP ID 0x05720000; ASIC REV 0x5720; CHIP REV 0x57200; PCI-E\nmiibus0: \u003cMII bus\u003e numa-domain 0 on bge0\nbrgphy0: \u003cBCM5720C 1000BASE-T media interface\u003e PHY 1 on miibus0\nbrgphy0:  10baseT, 10baseT-FDX, 100baseTX, 100baseTX-FDX, 1000baseT, 1000baseT-master, 1000baseT-FDX, 1000baseT-FDX-master, auto, auto-flow\nbge0: Using defaults for TSO: 65518/35/2048\nbge0: Ethernet address: xx:xx:xx:xx:xx:xx\nbge1: \u003cBroadcom NetXtreme Gigabit Ethernet, ASIC rev. 0x5720000\u003e mem 0xd50d0000-0xd50dffff,0xd50e0000-0xd50effff,0xd50f0000-0xd50fffff irq 17 at device 0.1 numa-domain 0 on pci5\nbge1: APE FW version: NCSI v1.2.37.0\nbge1: CHIP ID 0x05720000; ASIC REV 0x5720; CHIP REV 0x57200; PCI-E\nmiibus1: \u003cMII bus\u003e numa-domain 0 on bge1\nbrgphy1: \u003cBCM5720C 1000BASE-T media interface\u003e PHY 2 on miibus1\nbrgphy1:  10baseT, 10baseT-FDX, 100baseTX, 100baseTX-FDX, 1000baseT, 1000baseT-master, 1000baseT-FDX, 1000baseT-FDX-master, auto, auto-flow\nbge1: Using defaults for TSO: 65518/35/2048\nbge1: Ethernet address: xx:xx:xx:xx:xx:xx\npcib6: \u003cACPI PCI-PCI bridge\u003e irq 19 at device 28.7 numa-domain 0 on pci0\npci6: \u003cACPI PCI bus\u003e numa-domain 0 on pcib6\npcib7: \u003cPCI-PCI bridge\u003e at device 0.0 numa-domain 0 on pci6\npci7: \u003cPCI bus\u003e numa-domain 0 on pcib7\npcib8: \u003cPCI-PCI bridge\u003e at device 0.0 numa-domain 0 on pci7\npci8: \u003cPCI bus\u003e numa-domain 0 on pcib8\npcib9: \u003cPCI-PCI bridge\u003e at device 0.0 numa-domain 0 on pci8\npci9: \u003cPCI bus\u003e numa-domain 0 on pcib9\nvgapci0: \u003cVGA-compatible display\u003e mem 0xd4000000-0xd4ffffff,0xdc7fc000-0xdc7fffff,0xdb800000-0xdbffffff irq 19 at device 0.0 numa-domain 0 on pci9\nvgapci0: Boot video device\npcib10: \u003cPCI-PCI bridge\u003e at device 1.0 numa-domain 0 on pci7\npci10: \u003cPCI bus\u003e numa-domain 0 on pcib10\nehci1: \u003cIntel Patsburg USB 2.0 controller\u003e mem 0xdd0fe000-0xdd0fe3ff irq 22 at device 29.0 numa-domain 0 on pci0\nusbus1: EHCI version 1.0\nusbus1 numa-domain 0 on ehci1\npcib11: \u003cPCI-PCI bridge\u003e at device 30.0 numa-domain 0 on pci0\npci11: \u003cPCI bus\u003e numa-domain 0 on pcib11\nisab0: \u003cPCI-ISA bridge\u003e at device 31.0 numa-domain 0 on pci0\nisa0: \u003cISA bus\u003e numa-domain 0 on isab0\nahci0: \u003cIntel Patsburg AHCI SATA controller\u003e port 0xdce8-0xdcef,0xdcf8-0xdcfb,0xdcf0-0xdcf7,0xdcfc-0xdcff,0xdcc0-0xdcdf mem 0xdd0ff000-0xdd0ff7ff irq 20 at device 31.2 numa-domain 0 on pci0\nahci0: AHCI v1.30 with 6 3Gbps ports, Port Multiplier not supported\nahcich0: \u003cAHCI channel\u003e at channel 0 on ahci0\nahcich1: \u003cAHCI channel\u003e at channel 1 on ahci0\nahcich2: \u003cAHCI channel\u003e at channel 2 on ahci0\nahcich3: \u003cAHCI channel\u003e at channel 3 on ahci0\nahcich4: \u003cAHCI channel\u003e at channel 4 on ahci0\nahciem0: \u003cAHCI enclosure management bridge\u003e on ahci0\npcib12: \u003cACPI Host-PCI bridge\u003e numa-domain 0 on acpi0\npci12: \u003cACPI PCI bus\u003e numa-domain 0 on pcib12\npcib13: \u003cACPI Host-PCI bridge\u003e on acpi0\npci13: \u003cACPI PCI bus\u003e on pcib13\nuart1: \u003c16550 or compatible\u003e port 0x2f8-0x2ff irq 3 on acpi0\nuart0: \u003c16550 or compatible\u003e port 0x3f8-0x3ff irq 4 flags 0x10 on acpi0\norm0: \u003cISA Option ROMs\u003e at iomem 0xc0000-0xc7fff,0xec000-0xeffff on isa0\nppc0: cannot reserve I/O port range\nest0: \u003cEnhanced SpeedStep Frequency Control\u003e on cpu0\nest: CPU supports Enhanced Speedstep, but is not recognized.\nest: cpu_vendor GenuineIntel, msr 1f6200001c00\ndevice_attach: est0 attach returned 6\nest1: \u003cEnhanced SpeedStep Frequency Control\u003e on cpu1\nest: CPU supports Enhanced Speedstep, but is not recognized.\nest: cpu_vendor GenuineIntel, msr 1f6200001c00\ndevice_attach: est1 attach returned 6\nest2: \u003cEnhanced SpeedStep Frequency Control\u003e on cpu2\nest: CPU supports Enhanced Speedstep, but is not recognized.\nest: cpu_vendor GenuineIntel, msr 1f6200001c00\ndevice_attach: est2 attach returned 6\nest3: \u003cEnhanced SpeedStep Frequency Control\u003e on cpu3\nest: CPU supports Enhanced Speedstep, but is not recognized.\nest: cpu_vendor GenuineIntel, msr 1f6200001c00\ndevice_attach: est3 attach returned 6\nest4: \u003cEnhanced SpeedStep Frequency Control\u003e on cpu4\nest: CPU supports Enhanced Speedstep, but is not recognized.\nest: cpu_vendor GenuineIntel, msr 1f6200001c00\ndevice_attach: est4 attach returned 6\nest5: \u003cEnhanced SpeedStep Frequency Control\u003e on cpu5\nest: CPU supports Enhanced Speedstep, but is not recognized.\nest: cpu_vendor GenuineIntel, msr 1f6200001c00\ndevice_attach: est5 attach returned 6\nest6: \u003cEnhanced SpeedStep Frequency Control\u003e on cpu6\nest: CPU supports Enhanced Speedstep, but is not recognized.\nest: cpu_vendor GenuineIntel, msr 1f6200001c00\ndevice_attach: est6 attach returned 6\nest7: \u003cEnhanced SpeedStep Frequency Control\u003e on cpu7\nest: CPU supports Enhanced Speedstep, but is not recognized.\nest: cpu_vendor GenuineIntel, msr 1f6200001c00\ndevice_attach: est7 attach returned 6\nest8: \u003cEnhanced SpeedStep Frequency Control\u003e on cpu8\nest: CPU supports Enhanced Speedstep, but is not recognized.\nest: cpu_vendor GenuineIntel, msr 1f3900001c00\ndevice_attach: est8 attach returned 6\nest9: \u003cEnhanced SpeedStep Frequency Control\u003e on cpu9\nest: CPU supports Enhanced Speedstep, but is not recognized.\nest: cpu_vendor GenuineIntel, msr 1f6200001c00\ndevice_attach: est9 attach returned 6\nest10: \u003cEnhanced SpeedStep Frequency Control\u003e on cpu10\nest: CPU supports Enhanced Speedstep, but is not recognized.\nest: cpu_vendor GenuineIntel, msr 1f6200001c00\ndevice_attach: est10 attach returned 6\nest11: \u003cEnhanced SpeedStep Frequency Control\u003e on cpu11\nest: CPU supports Enhanced Speedstep, but is not recognized.\nest: cpu_vendor GenuineIntel, msr 1f6200001c00\ndevice_attach: est11 attach returned 6\nmfi0: 1288 (541774932s/0x0020/info) - Shutdown command received from host\nmfi0: 1289 (boot + 3s/0x0020/info) - Firmware initialization started (PCI ID 0073/1000/1f51/1028)\nmfi0: 1290 (boot + 3s/0x0020/info) - Firmware version 2.121.14-3416\nmfi0: 1291 (boot + 5s/0x0020/info) - Package version 20.13.0-0007\nmfi0: 1292 (boot + 5s/0x0020/info) - Board Revision A06\nmfi0: 1293 (boot + 31s/0x0004/info) - Enclosure PD 20(c None/p1) communication restored\nmfi0: 1294 (boot + 31s/0x0002/info) - Inserted: Encl PD 20\nZFS filesystem version: 5\nZFS storage pool version: features support (5000)\nTimecounters tick every 1.000 msec\nnvme cam probe device init\nmfisyspd0 numa-domain 0 on mfi0\nmfisyspd0: 286102MB (585937500 sectors) SYSPD volume (deviceid: 0)\nmfisyspd0:  SYSPD volume attached\nmfisyspd1 numa-domain 0 on mfi0\nmfisyspd1: 286102MB (585937500 sectors) SYSPD volume (deviceid: 1)\nmfisyspd1:  SYSPD volume attached\nmfi0: 1295 (boot + 31s/0x0002/info) - Inserted: PD 20(c None/p1) Info: enclPd=20, scsiType=d, portMap=00, sasAddr=5d81f060f497d900,0000000000000000\nmfi0: 1296 (boot + 31s/0x0002/info) - Inserted: PD 00(e0x20/s0)\nmfi0: 1297 (boot + 31s/0x0002/info) - Inserted: PD 00(e0x20/s0) Info: enclPd=20, scsiType=0, portMap=00, sasAddr=500003957801561a,0000000000000000\nmfi0: 1298 (boot + 31s/0x0002/info) - Inserted: PD 01(e0x20/s1)\nmfi0: 1299 (boot + 31s/0x0002/info) - Inserted: PD 01(e0x20/s1) Info: enclPd=20, scsiType=0, portMap=01, sasAddr=50000395780155f6,0000000000000000\nmfi0: 1300 (541774984s/0x0020/info) - Time established as 03/02/17 13:03:04; (43 seconds since power on)\nmfi0: 1301 (541775071s/0x0020/info) - Host driver is loaded and operational\nusbus0: 480Mbps High Speed USB v2.0\nusbus1: 480Mbps High Speed USB v2.0\nugen0.1: \u003cIntel\u003e at usbus0\nuhub0: \u003cIntel EHCI root HUB, class 9/0, rev 2.00/1.00, addr 1\u003e on usbus0\nugen1.1: \u003cIntel\u003e at usbus1\nuhub1: \u003cIntel EHCI root HUB, class 9/0, rev 2.00/1.00, addr 1\u003e on usbus1\nses0 at ahciem0 bus 0 scbus5 target 0 lun 0\nses0: \u003cAHCI SGPIO Enclosure 1.00 0001\u003e SEMB S-E-S 2.00 device\nses0: SEMB SES Device\nSMP: AP CPU #1 Launched!\nSMP: AP CPU #10 Launched!\nSMP: AP CPU #8 Launched!\nSMP: AP CPU #11 Launched!\nSMP: AP CPU #2 Launched!\nSMP: AP CPU #9 Launched!\nSMP: AP CPU #7 Launched!\nSMP: AP CPU #3 Launched!\nSMP: AP CPU #6 Launched!\nSMP: AP CPU #4 Launched!\nSMP: AP CPU #5 Launched!\ncd0 at ahcich4 bus 0 scbus4 target 0 lun 0\ncd0: \u003cHL-DT-ST DVD-ROM DU90N D300\u003e Removable CD-ROM SCSI device\ncd0: Serial Number KMJE3BL2145\ncd0: 150.000MB/s transfers (SATA 1.x, UDMA5, ATAPI 12bytes, PIO 8192bytes)\ncd0: Attempt to query device size failed: NOT READY, Medium not present - tray closed\nTimecounter \"TSC-low\" frequency 1250026658 Hz quality 1000\nTrying to mount root from zfs:zroot/ROOT/default []...\nRoot mount waiting for: usbus1 usbus0\nuhub0: 2 ports with 2 removable, self powered\nuhub1: 2 ports with 2 removable, self powered\nRoot mount waiting for: usbus1 usbus0\nugen0.2: \u003cvendor 0x8087\u003e at usbus0\nuhub2: \u003cvendor 0x8087 product 0x0024, class 9/0, rev 2.00/0.00, addr 2\u003e on usbus0\nugen1.2: \u003cvendor 0x8087\u003e at usbus1\nuhub3: \u003cvendor 0x8087 product 0x0024, class 9/0, rev 2.00/0.00, addr 2\u003e on usbus1\nRoot mount waiting for: usbus1 usbus0\nuhub2: 6 ports with 6 removable, self powered\nuhub3: 8 ports with 8 removable, self powered\nugen0.3: \u003cno manufacturer\u003e at usbus0\nuhub4: \u003cno manufacturer Gadget USB HUB, class 9/0, rev 2.00/0.00, addr 3\u003e on usbus0\nRoot mount waiting for: usbus0\nuhub4: 6 ports with 6 removable, self powered\nugen0.4: \u003cAvocent\u003e at usbus0\nukbd0: \u003cKeyboard\u003e on usbus0\nkbd2 at ukbd0\nbridge0: Ethernet address: xx:xx:xx:xx:xx:xx\nix0: link state changed to UP\nix0: link state changed to DOWN\nix0: link state changed to UP\nix1: link state changed to UP\nbge0: link state changed to DOWN\nix0: promiscuous mode enabled\nbridge0: link state changed to UP\nix1: promiscuous mode enabled\nix0: link state changed to DOWN\nix1: link state changed to DOWN\nix0: link state changed to UP\nix1: link state changed to UP\nums0: \u003cMouse\u003e on usbus0\nums0: 3 buttons and [Z] coordinates ID=0\nums1: \u003cMouse REL\u003e on usbus0\nums1: 3 buttons and [XYZ] coordinates ID=0\npflog0: promiscuous mode enabled\nbge0: link state changed to UP\nbridge0: promiscuous mode enabled\nbridge0: promiscuous mode disabled\nbridge0: promiscuous mode enabled\nbridge0: promiscuous mode disabled\nbridge0: promiscuous mode enabled\nbridge0: promiscuous mode disabled\nbridge0: promiscuous mode enabled\nbridge0: promiscuous mode disabled\nbridge0: promiscuous mode enabled\nbridge0: promiscuous mode disabled\nmfi0: 1302 (541911600s/0x0020/WARN) - Patrol Read can't be started, as PDs are either not ONLINE, or are in a VD with an active process, or are in an excluded VD\nbridge0: promiscuous mode enabled\nbridge0: promiscuous mode disabled\nbridge0: promiscuous mode enabled\nbridge0: promiscuous mode disabled\nix1: link state changed to DOWN\nix1: link state changed to UP\nix1: link state changed to DOWN\nix1: link state changed to UP\nix0: link state changed to DOWN\nix0: link state changed to UP\nix0: link state changed to DOWN\nix0: link state changed to UP\n[zone: pf frag entries] PF frag entries limit reached\nmfi0: 1303 (542516400s/0x0020/WARN) - Patrol Read can't be started, as PDs are either not ONLINE, or are in a VD with an active process, or are in an excluded VD\nix0: link state changed to DOWN\nix0: link state changed to UP\nix1: link state changed to DOWN\nix1: link state changed to UP"
}