{
 "id": 628914,
 "bug_id": 160647,
 "attachment_id": 0,
 "creation_time": "2011-09-11T01:00:23Z",
 "creator": "rodolpho.eckhardt@gmail.com",
 "text": "When booting my desktop with the 9.0-BETA dvd, the kernel does not detect the hard disks (they are listed by the boot loader and setup on BIOS to use AHCI). Booting with 8.2-RELEASE worked fine.\n\nOn dmesg I see the following error message:\nSep 10 19:38:48  kernel: ahci0: AHCI controller reset failure\nSep 10 19:38:48  kernel: device_attach: ahci0 attach returned 6\n\npciconf on 9.0-BETA2:\nhostb0@pci0:0:0:0:\tclass=0x060000 card=0x01de1028 chip=0x277c8086 rev=0x00 hdr=0x00\n    vendor     = 'Intel Corporation'\n    device     = '82975X Memory Controller Hub'\n    class      = bridge\n    subclass   = HOST-PCI\npcib1@pci0:0:1:0:\tclass=0x060400 card=0x01de1028 chip=0x277d8086 rev=0x00 hdr=0x01\n    vendor     = 'Intel Corporation'\n    device     = '82975X PCI Express Root Port'\n    class      = bridge\n    subclass   = PCI-PCI\nhdac0@pci0:0:27:0:\tclass=0x040300 card=0x01de1028 chip=0x27d88086 rev=0x01 hdr=0x00\n    vendor     = 'Intel Corporation'\n    device     = 'N10/ICH 7 Family High Definition Audio Controller'\n    class      = multimedia\n    subclass   = HDA\npcib2@pci0:0:28:0:\tclass=0x060400 card=0x01de1028 chip=0x27d08086 rev=0x01 hdr=0x01\n    vendor     = 'Intel Corporation'\n    device     = 'N10/ICH 7 Family PCI Express Port 1'\n    class      = bridge\n    subclass   = PCI-PCI\npcib3@pci0:0:28:4:\tclass=0x060400 card=0x01de1028 chip=0x27e08086 rev=0x01 hdr=0x01\n    vendor     = 'Intel Corporation'\n    device     = '82801GR/GH/GHM (ICH7 Family) PCI Express Port 5'\n    class      = bridge\n    subclass   = PCI-PCI\npcib4@pci0:0:28:5:\tclass=0x060400 card=0x01de1028 chip=0x27e28086 rev=0x01 hdr=0x01\n    vendor     = 'Intel Corporation'\n    device     = '82801GR/GH/GHM (ICH7 Family) PCI Express Port 6'\n    class      = bridge\n    subclass   = PCI-PCI\nuhci0@pci0:0:29:0:\tclass=0x0c0300 card=0x01de1028 chip=0x27c88086 rev=0x01 hdr=0x00\n    vendor     = 'Intel Corporation'\n    device     = 'N10/ICH 7 Family USB UHCI Controller'\n    class      = serial bus\n    subclass   = USB\nuhci1@pci0:0:29:1:\tclass=0x0c0300 card=0x01de1028 chip=0x27c98086 rev=0x01 hdr=0x00\n    vendor     = 'Intel Corporation'\n    device     = 'N10/ICH 7 Family USB UHCI Controller'\n    class      = serial bus\n    subclass   = USB\nuhci2@pci0:0:29:2:\tclass=0x0c0300 card=0x01de1028 chip=0x27ca8086 rev=0x01 hdr=0x00\n    vendor     = 'Intel Corporation'\n    device     = 'N10/ICH 7 Family USB UHCI Controller'\n    class      = serial bus\n    subclass   = USB\nuhci3@pci0:0:29:3:\tclass=0x0c0300 card=0x01de1028 chip=0x27cb8086 rev=0x01 hdr=0x00\n    vendor     = 'Intel Corporation'\n    device     = 'N10/ICH 7 Family USB UHCI Controller'\n    class      = serial bus\n    subclass   = USB\nehci0@pci0:0:29:7:\tclass=0x0c0320 card=0x01de1028 chip=0x27cc8086 rev=0x01 hdr=0x00\n    vendor     = 'Intel Corporation'\n    device     = 'N10/ICH 7 Family USB2 EHCI Controller'\n    class      = serial bus\n    subclass   = USB\npcib5@pci0:0:30:0:\tclass=0x060401 card=0x01de1028 chip=0x244e8086 rev=0xe1 hdr=0x01\n    vendor     = 'Intel Corporation'\n    device     = '82801 PCI Bridge'\n    class      = bridge\n    subclass   = PCI-PCI\nisab0@pci0:0:31:0:\tclass=0x060100 card=0x00000000 chip=0x27b88086 rev=0x01 hdr=0x00\n    vendor     = 'Intel Corporation'\n    device     = '82801GB/GR (ICH7 Family) LPC Interface Bridge'\n    class      = bridge\n    subclass   = PCI-ISA\natapci0@pci0:0:31:1:\tclass=0x01018a card=0x01de1028 chip=0x27df8086 rev=0x01 hdr=0x00\n    vendor     = 'Intel Corporation'\n    device     = '82801G (ICH7 Family) IDE Controller'\n    class      = mass storage\n    subclass   = ATA\nahci0@pci0:0:31:2:\tclass=0x010601 card=0x01de1028 chip=0x27c18086 rev=0x01 hdr=0x00\n    vendor     = 'Intel Corporation'\n    device     = 'N10/ICH7 Family SATA AHCI Controller'\n    class      = mass storage\n    subclass   = SATA\nnone0@pci0:0:31:3:\tclass=0x0c0500 card=0x01de1028 chip=0x27da8086 rev=0x01 hdr=0x00\n    vendor     = 'Intel Corporation'\n    device     = 'N10/ICH 7 Family SMBus Controller'\n    class      = serial bus\n    subclass   = SMBus\nvgapci0@pci0:1:0:0:\tclass=0x030000 card=0x029b10de chip=0x00cd10de rev=0xa2 hdr=0x00\n    vendor     = 'nVidia Corporation'\n    device     = 'NV41 [Quadro FX 3450/4000 SDI]'\n    class      = display\n    subclass   = VGA\nbge0@pci0:4:0:0:\tclass=0x020000 card=0x01de1028 chip=0x167a14e4 rev=0x02 hdr=0x00\n    vendor     = 'Broadcom Corporation'\n    device     = 'NetXtreme BCM5754 Gigabit Ethernet PCI Express'\n    class      = network\n    subclass   = ethernet\nfwohci0@pci0:5:2:0:\tclass=0x0c0010 card=0x80101028 chip=0x581111c1 rev=0x61 hdr=0x00\n    vendor     = 'Agere Systems'\n    device     = 'FW322/323'\n    class      = serial bus\n    subclass   = FireWire\n\n\n/var/log/messages from 9.0-BETA2, with verbose boot:\n\nSep 10 19:38:45  newsyslog[1585]: logfile first created\nSep 10 19:38:48  syslogd: kernel boot file is /boot/kernel/kernel\nSep 10 19:38:48  kernel: Table 'FACP' at 0xfd004\nSep 10 19:38:48  kernel: Table 'SSDT' at 0xfff56406\nSep 10 19:38:48  kernel: Table 'APIC' at 0xfd0f8\nSep 10 19:38:48  kernel: APIC: Found table at 0xfd0f8\nSep 10 19:38:48  kernel: APIC: Using the MADT enumerator.\nSep 10 19:38:48  kernel: MADT: Found CPU APIC ID 0 ACPI ID 1: enabled\nSep 10 19:38:48  kernel: SMP: Added CPU 0 (AP)\nSep 10 19:38:48  kernel: MADT: Found CPU APIC ID 1 ACPI ID 2: enabled\nSep 10 19:38:48  kernel: SMP: Added CPU 1 (AP)\nSep 10 19:38:48  kernel: MADT: Found CPU APIC ID 5 ACPI ID 3: disabled\nSep 10 19:38:48  kernel: MADT: Found CPU APIC ID 7 ACPI ID 4: disabled\nSep 10 19:38:48  kernel: MADT: Found CPU APIC ID 0 ACPI ID 5: disabled\nSep 10 19:38:48  kernel: MADT: Found CPU APIC ID 1 ACPI ID 6: disabled\nSep 10 19:38:48  kernel: MADT: Found CPU APIC ID 2 ACPI ID 7: disabled\nSep 10 19:38:48  kernel: MADT: Found CPU APIC ID 3 ACPI ID 8: disabled\nSep 10 19:38:48  kernel: Copyright (c) 1992-2011 The FreeBSD Project.\nSep 10 19:38:48  kernel: Copyright (c) 1979, 1980, 1983, 1986, 1988, 1989, 1991, 1992, 1993, 1994\nSep 10 19:38:48  kernel: The Regents of the University of California. All rights reserved.\nSep 10 19:38:48  kernel: FreeBSD is a registered trademark of The FreeBSD Foundation.\nSep 10 19:38:48  kernel: FreeBSD 9.0-BETA2 #0: Wed Aug 31 18:07:44 UTC 2011\nSep 10 19:38:48  kernel: root@farrell.cse.buffalo.edu:/usr/obj/usr/src/sys/GENERIC amd64\nSep 10 19:38:48  kernel: WARNING: WITNESS option enabled, expect reduced performance.\nSep 10 19:38:48  kernel: Table 'FACP' at 0xfd004\nSep 10 19:38:48  kernel: Table 'SSDT' at 0xfff56406\nSep 10 19:38:48  kernel: Table 'APIC' at 0xfd0f8\nSep 10 19:38:48  kernel: Table 'BOOT' at 0xfd18a\nSep 10 19:38:48  kernel: Table 'ASF!' at 0xfd1b2\nSep 10 19:38:48  kernel: Table 'MCFG' at 0xfd244\nSep 10 19:38:48  kernel: Table 'HPET' at 0xfd282\nSep 10 19:38:48  kernel: Table 'TCPA' at 0xfd4de\nSep 10 19:38:48  kernel: Table 'SLIC' at 0xfd2ba\nSep 10 19:38:48  kernel: Table 'SSDT' at 0xcfe0ac40\nSep 10 19:38:48  kernel: Table 'SSDT' at 0xcfe0b049\nSep 10 19:38:48  kernel: Table 'SSDT' at 0xcfe0b452\nSep 10 19:38:48  kernel: ACPI: No SRAT table found\nSep 10 19:38:48  kernel: Preloaded elf kernel \"/boot/kernel/kernel\" at 0xffffffff815a5000.\nSep 10 19:38:48  kernel: Calibrating TSC clock ... TSC clock: 2394176283 Hz\nSep 10 19:38:48  kernel: CPU: Intel(R) Core(TM)2 CPU          6600  @ 2.40GHz (2394.18-MHz K8-class CPU)\nSep 10 19:38:48  kernel: Origin = \"GenuineIntel\"  Id = 0x6f6  Family = 6  Model = f  Stepping = 6\nSep 10 19:38:48  kernel: Features=0xbfebfbff\u003cFPU,VME,DE,PSE,TSC,MSR,PAE,MCE,CX8,APIC,SEP,MTRR,PGE,MCA,CMOV,PAT,PSE36,CLFLUSH,DTS,ACPI,MMX,FXSR,SSE,SSE2,SS,HTT,TM,PBE\u003e\nSep 10 19:38:48  kernel: Features2=0xe3bd\u003cSSE3,DTES64,MON,DS_CPL,VMX,EST,TM2,SSSE3,CX16,xTPR,PDCM\u003e\nSep 10 19:38:48  kernel: AMD Features=0x20100800\u003cSYSCALL,NX,LM\u003e\nSep 10 19:38:48  kernel: AMD Features2=0x1\u003cLAHF\u003e\nSep 10 19:38:48  kernel: TSC: P-state invariant, performance statistics\nSep 10 19:38:48  kernel: real memory  = 4294967296 (4096 MB)\nSep 10 19:38:48  kernel: Physical memory chunk(s):\nSep 10 19:38:48  kernel: 0x0000000000001000 - 0x000000000009bfff, 634880 bytes (155 pages)\nSep 10 19:38:48  kernel: 0x0000000000100000 - 0x00000000001fffff, 1048576 bytes (256 pages)\nSep 10 19:38:48  kernel: 0x00000000015d5000 - 0x00000000c70ddfff, 3316682752 bytes (809737 pages)\nSep 10 19:38:48  kernel: 0x0000000100000000 - 0x000000012bfeffff, 738131968 bytes (180208 pages)\nSep 10 19:38:48  kernel: avail memory = 4026593280 (3840 MB)\nSep 10 19:38:48  kernel: Event timer \"LAPIC\" quality 400\nSep 10 19:38:48  kernel: ACPI APIC Table: \u003cDELL   B8K    \u003e\nSep 10 19:38:48  kernel: INTR: Adding local APIC 1 as a target\nSep 10 19:38:48  kernel: FreeBSD/SMP: Multiprocessor System Detected: 2 CPUs\nSep 10 19:38:48  kernel: FreeBSD/SMP: 1 package(s) x 2 core(s)\nSep 10 19:38:48  kernel: cpu0 (BSP): APIC ID:  0\nSep 10 19:38:48  kernel: cpu1 (AP): APIC ID:  1\nSep 10 19:38:48  kernel: x86bios:  IVT 0x000000-0x0004ff at 0xfffffe0000000000\nSep 10 19:38:48  kernel: x86bios: SSEG 0x001000-0x001fff at 0xffffff8000216000\nSep 10 19:38:48  kernel: x86bios: EBDA 0x09f000-0x09ffff at 0xfffffe000009f000\nSep 10 19:38:48  kernel: x86bios:  ROM 0x0a0000-0x0fefff at 0xfffffe00000a0000\nSep 10 19:38:48  kernel: APIC: CPU 0 has ACPI ID 1\nSep 10 19:38:48  kernel: APIC: CPU 1 has ACPI ID 2\nSep 10 19:38:48  kernel: ULE: setup cpu 0\nSep 10 19:38:48  kernel: ULE: setup cpu 1\nSep 10 19:38:48  kernel: ACPI: RSDP 0xfebf0 00024 (v02 DELL  )\nSep 10 19:38:48  kernel: ACPI: XSDT 0xfcedc 00084 (v01 DELL    B8K     00000014 ASL  00000061)\nSep 10 19:38:48  kernel: ACPI: FACP 0xfd004 000F4 (v03 DELL    B8K     00000014 ASL  00000061)\nSep 10 19:38:48  kernel: ACPI: DSDT 0xfff52c4f 03696 (v01   DELL    dt_ex 00001000 INTL 20050624)\nSep 10 19:38:48  kernel: ACPI: FACS 0xcfe0ac00 00040\nSep 10 19:38:48  kernel: ACPI: SSDT 0xfff56406 000AC (v01   DELL    st_ex 00001000 INTL 20050624)\nSep 10 19:38:48  kernel: ACPI: APIC 0xfd0f8 00092 (v01 DELL    B8K     00000014 ASL  00000061)\nSep 10 19:38:48  kernel: ACPI: BOOT 0xfd18a 00028 (v01 DELL    B8K     00000014 ASL  00000061)\nSep 10 19:38:48  kernel: ACPI: ASF! 0xfd1b2 00092 (v32 DELL    B8K     00000014 ASL  00000061)\nSep 10 19:38:48  kernel: ACPI: MCFG 0xfd244 0003E (v01 DELL    B8K     00000014 ASL  00000061)\nSep 10 19:38:48  kernel: ACPI: HPET 0xfd282 00038 (v01 DELL    B8K     00000014 ASL  00000061)\nSep 10 19:38:48  kernel: ACPI: TCPA 0xfd4de 00032 (v01 DELL    B8K     00000014 ASL  00000061)\nSep 10 19:38:48  kernel: ACPI: SLIC 0xfd2ba 00176 (v01 DELL    B8K     00000014 ASL  00000061)\nSep 10 19:38:48  kernel: ACPI: SSDT 0xcfe0ac40 001F9 (v01 DpgPmm  Cpu0Ist 00000011 INTL 20050624)\nSep 10 19:38:48  kernel: ACPI: SSDT 0xcfe0b049 001F9 (v01 DpgPmm  Cpu1Ist 00000011 INTL 20050624)\nSep 10 19:38:48  kernel: ACPI: SSDT 0xcfe0b452 00140 (v01 DpgPmm    CpuPm 00000010 INTL 20050624)\nSep 10 19:38:48  kernel: MADT: Found IO APIC ID 8, Interrupt 0 at 0xfec00000\nSep 10 19:38:48  kernel: ioapic0: Changing APIC ID to 8\nSep 10 19:38:48  kernel: ioapic0: Routing external 8259A's -\u003e intpin 0\nSep 10 19:38:48  kernel: MADT: Interrupt override: source 0, irq 2\nSep 10 19:38:48  kernel: ioapic0: Routing IRQ 0 -\u003e intpin 2\nSep 10 19:38:48  kernel: MADT: Interrupt override: source 9, irq 9\nSep 10 19:38:48  kernel: ioapic0: intpin 9 trigger: level\nSep 10 19:38:48  kernel: lapic: Routing NMI -\u003e LINT1\nSep 10 19:38:48  kernel: lapic: LINT1 trigger: level\nSep 10 19:38:48  kernel: lapic: LINT1 polarity: high\nSep 10 19:38:48  kernel: ioapic0 \u003cVersion 2.0\u003e irqs 0-23 on motherboard\nSep 10 19:38:48  kernel: lapic0: Forcing LINT1 to edge trigger\nSep 10 19:38:48  kernel: cpu0 BSP:\nSep 10 19:38:48  kernel: ID: 0x00000000   VER: 0x00050014 LDR: 0x00000000 DFR: 0xffffffff\nSep 10 19:38:48  kernel: lint0: 0x00010700 lint1: 0x00008400 TPR: 0x00000000 SVR: 0x000001ff\nSep 10 19:38:48  kernel: timer: 0x000100ef therm: 0x00010000 err: 0x000000f0 pmc: 0x00010400\nSep 10 19:38:48  kernel: wlan: \u003c802.11 Link Layer\u003e\nSep 10 19:38:48  kernel: snd_unit_init() u=0x00ff8000 [512] d=0x00007c00 [32] c=0x000003ff [1024]\nSep 10 19:38:48  kernel: feeder_register: snd_unit=-1 snd_maxautovchans=16 latency=5 feeder_rate_min=1 feeder_rate_max=2016000 feeder_rate_round=25\nSep 10 19:38:48  kernel: kbd: new array size 4\nSep 10 19:38:48  kernel: kbd1 at kbdmux0\nSep 10 19:38:48  kernel: mem: \u003cmemory\u003e\nSep 10 19:38:48  kernel: nfslock: pseudo-device\nSep 10 19:38:48  kernel: null: \u003cnull device, zero device\u003e\nSep 10 19:38:48  kernel: random: \u003centropy source, Software, Yarrow\u003e\nSep 10 19:38:48  kernel: io: \u003cI/O\u003e\nSep 10 19:38:48  kernel: hptrr: RocketRAID 17xx/2xxx SATA controller driver v1.2\nSep 10 19:38:48  kernel: acpi0: \u003cDELL B8K    \u003e on motherboard\nSep 10 19:38:48  kernel: PCIe: Memory Mapped configuration base @ 0xf0000000\nSep 10 19:38:48  kernel: ioapic0: routing intpin 9 (ISA IRQ 9) to lapic 0 vector 48\nSep 10 19:38:48  kernel: acpi0: Power Button (fixed)\nSep 10 19:38:48  kernel: acpi0: reservation of 0, a0000 (3) failed\nSep 10 19:38:48  kernel: acpi0: reservation of 100000, f00000 (3) failed\nSep 10 19:38:48  kernel: acpi0: reservation of 1000000, cee0ac00 (3) failed\nSep 10 19:38:48  kernel: ACPI timer: 1/1 1/1 1/1 1/1 1/1 1/1 1/1 1/1 1/1 1/1 -\u003e 10\nSep 10 19:38:48  kernel: Timecounter \"ACPI-fast\" frequency 3579545 Hz quality 900\nSep 10 19:38:48  kernel: acpi_timer0: \u003c24-bit timer at 3.579545MHz\u003e port 0x808-0x80b on acpi0\nSep 10 19:38:48  kernel: cpu0: \u003cACPI CPU\u003e on acpi0\nSep 10 19:38:48  kernel: cpu0: switching to generic Cx mode\nSep 10 19:38:48  kernel: cpu1: \u003cACPI CPU\u003e on acpi0\nSep 10 19:38:48  kernel: pci_link0:        Index  IRQ  Rtd  Ref  IRQs\nSep 10 19:38:48  kernel: Initial Probe       0   11   N     0  3 4 5 6 7 9 10 11 12 15\nSep 10 19:38:48  kernel: Validation          0   11   N     0  3 4 5 6 7 9 10 11 12 15\nSep 10 19:38:48  kernel: After Disable       0  255   N     0  3 4 5 6 7 9 10 11 12 15\nSep 10 19:38:48  kernel: pci_link1:        Index  IRQ  Rtd  Ref  IRQs\nSep 10 19:38:48  kernel: Initial Probe       0   10   N     0  3 4 5 6 7 9 10 11 12 15\nSep 10 19:38:48  kernel: Validation          0   10   N     0  3 4 5 6 7 9 10 11 12 15\nSep 10 19:38:48  kernel: After Disable       0  255   N     0  3 4 5 6 7 9 10 11 12 15\nSep 10 19:38:48  kernel: pci_link2:        Index  IRQ  Rtd  Ref  IRQs\nSep 10 19:38:48  kernel: Initial Probe       0    3   N     0  3 4 5 6 7 9 10 11 12 15\nSep 10 19:38:48  kernel: Validation          0    3   N     0  3 4 5 6 7 9 10 11 12 15\nSep 10 19:38:48  kernel: After Disable       0  255   N     0  3 4 5 6 7 9 10 11 12 15\nSep 10 19:38:48  kernel: pci_link3:        Index  IRQ  Rtd  Ref  IRQs\nSep 10 19:38:48  kernel: Initial Probe       0  255   N     0  3 4 5 6 7 9 10 11 12 15\nSep 10 19:38:48  kernel: Validation          0  255   N     0  3 4 5 6 7 9 10 11 12 15\nSep 10 19:38:48  kernel: After Disable       0  255   N     0  3 4 5 6 7 9 10 11 12 15\nSep 10 19:38:48  kernel: pci_link4:        Index  IRQ  Rtd  Ref  IRQs\nSep 10 19:38:48  kernel: Initial Probe       0    5   N     0  3 4 5 6 7 9 10 11 12 15\nSep 10 19:38:48  kernel: Validation          0    5   N     0  3 4 5 6 7 9 10 11 12 15\nSep 10 19:38:48  kernel: After Disable       0  255   N     0  3 4 5 6 7 9 10 11 12 15\nSep 10 19:38:48  kernel: pci_link5:        Index  IRQ  Rtd  Ref  IRQs\nSep 10 19:38:48  kernel: Initial Probe       0    9   N     0  3 4 5 6 7 9 10 11 12 15\nSep 10 19:38:48  kernel: Validation          0    9   N     0  3 4 5 6 7 9 10 11 12 15\nSep 10 19:38:48  kernel: After Disable       0  255   N     0  3 4 5 6 7 9 10 11 12 15\nSep 10 19:38:48  kernel: pci_link6:        Index  IRQ  Rtd  Ref  IRQs\nSep 10 19:38:48  kernel: Initial Probe       0    5   N     0  3 4 5 6 7 9 10 11 12 15\nSep 10 19:38:48  kernel: Validation          0    5   N     0  3 4 5 6 7 9 10 11 12 15\nSep 10 19:38:48  kernel: After Disable       0  255   N     0  3 4 5 6 7 9 10 11 12 15\nSep 10 19:38:48  kernel: pci_link7:        Index  IRQ  Rtd  Ref  IRQs\nSep 10 19:38:48  kernel: Initial Probe       0   10   N     0  3 4 5 6 7 9 10 11 12 15\nSep 10 19:38:48  kernel: Validation          0   10   N     0  3 4 5 6 7 9 10 11 12 15\nSep 10 19:38:48  kernel: After Disable       0  255   N     0  3 4 5 6 7 9 10 11 12 15\nSep 10 19:38:48  kernel: acpi_button0: \u003cPower Button\u003e on acpi0\nSep 10 19:38:48  kernel: pcib0: \u003cACPI Host-PCI bridge\u003e port 0xcf8-0xcff on acpi0\nSep 10 19:38:48  kernel: pcib0: decoding 4 range 0-0xcf7\nSep 10 19:38:48  kernel: pcib0: decoding 4 range 0xd00-0xffff\nSep 10 19:38:48  kernel: pcib0: decoding 3 range 0xa0000-0xbffff\nSep 10 19:38:48  kernel: pcib0: decoding 3 range 0xc0000-0xeffff\nSep 10 19:38:48  kernel: pcib0: decoding 3 range 0xf0000-0xfffff\nSep 10 19:38:48  kernel: pcib0: decoding 3 range 0xcff00000-0xefffffff\nSep 10 19:38:48  kernel: pcib0: decoding 3 range 0xf4000000-0xfebfffff\nSep 10 19:38:48  kernel: pcib0: decoding 3 range 0xff980800-0xff980bff\nSep 10 19:38:48  kernel: pcib0: decoding 3 range 0xff97c000-0xff97ffff\nSep 10 19:38:48  kernel: pcib0: decoding 3 range 0xfed20000-0xfed9ffff\nSep 10 19:38:48  kernel: pci0: \u003cACPI PCI bus\u003e on pcib0\nSep 10 19:38:48  kernel: pci0: domain=0, physical bus=0\nSep 10 19:38:48  kernel: found-\u003e\tvendor=0x8086, dev=0x277c, revid=0x00\nSep 10 19:38:48  kernel: domain=0, bus=0, slot=0, func=0\nSep 10 19:38:48  kernel: class=06-00-00, hdrtype=0x00, mfdev=0\nSep 10 19:38:48  kernel: cmdreg=0x0106, statreg=0x2090, cachelnsz=0 (dwords)\nSep 10 19:38:48  kernel: lattimer=0x00 (0 ns), mingnt=0x00 (0 ns), maxlat=0x00 (0 ns)\nSep 10 19:38:48  kernel: found-\u003e\tvendor=0x8086, dev=0x277d, revid=0x00\nSep 10 19:38:48  kernel: domain=0, bus=0, slot=1, func=0\nSep 10 19:38:48  kernel: class=06-04-00, hdrtype=0x01, mfdev=0\nSep 10 19:38:48  kernel: cmdreg=0x0107, statreg=0x0010, cachelnsz=16 (dwords)\nSep 10 19:38:48  kernel: lattimer=0x00 (0 ns), mingnt=0x0a (2500 ns), maxlat=0x00 (0 ns)\nSep 10 19:38:48  kernel: intpin=a, irq=11\nSep 10 19:38:48  kernel: powerspec 2  supports D0 D3  current D0\nSep 10 19:38:48  kernel: MSI supports 1 message\nSep 10 19:38:48  kernel: pcib0: matched entry for 0.1.INTA\nSep 10 19:38:48  kernel: pcib0: slot 1 INTA hardwired to IRQ 16\nSep 10 19:38:48  kernel: found-\u003e\tvendor=0x8086, dev=0x27d8, revid=0x01\nSep 10 19:38:48  kernel: domain=0, bus=0, slot=27, func=0\nSep 10 19:38:48  kernel: class=04-03-00, hdrtype=0x00, mfdev=0\nSep 10 19:38:48  kernel: cmdreg=0x0106, statreg=0x0010, cachelnsz=16 (dwords)\nSep 10 19:38:48  kernel: lattimer=0x00 (0 ns), mingnt=0x00 (0 ns), maxlat=0x00 (0 ns)\nSep 10 19:38:48  kernel: intpin=a, irq=11\nSep 10 19:38:48  kernel: powerspec 2  supports D0 D3  current D0\nSep 10 19:38:48  kernel: MSI supports 1 message, 64 bit\nSep 10 19:38:48  kernel: map[10]: type Memory, range 64, base 0xefffc000, size 14, enabled\nSep 10 19:38:48  kernel: pcib0: allocated type 3 (0xefffc000-0xefffffff) for rid 10 of pci0:0:27:0\nSep 10 19:38:48  kernel: pcib0: matched entry for 0.27.INTA\nSep 10 19:38:48  kernel: pcib0: slot 27 INTA hardwired to IRQ 16\nSep 10 19:38:48  kernel: found-\u003e\tvendor=0x8086, dev=0x27d0, revid=0x01\nSep 10 19:38:48  kernel: domain=0, bus=0, slot=28, func=0\nSep 10 19:38:48  kernel: class=06-04-00, hdrtype=0x01, mfdev=1\nSep 10 19:38:48  kernel: cmdreg=0x0107, statreg=0x0010, cachelnsz=16 (dwords)\nSep 10 19:38:48  kernel: lattimer=0x00 (0 ns), mingnt=0x02 (500 ns), maxlat=0x00 (0 ns)\nSep 10 19:38:48  kernel: intpin=a, irq=11\nSep 10 19:38:48  kernel: powerspec 2  supports D0 D3  current D0\nSep 10 19:38:48  kernel: MSI supports 1 message\nSep 10 19:38:48  kernel: pcib0: matched entry for 0.28.INTA\nSep 10 19:38:48  kernel: pcib0: slot 28 INTA hardwired to IRQ 16\nSep 10 19:38:48  kernel: found-\u003e\tvendor=0x8086, dev=0x27e0, revid=0x01\nSep 10 19:38:48  kernel: domain=0, bus=0, slot=28, func=4\nSep 10 19:38:48  kernel: class=06-04-00, hdrtype=0x01, mfdev=1\nSep 10 19:38:48  kernel: cmdreg=0x0107, statreg=0x0010, cachelnsz=16 (dwords)\nSep 10 19:38:48  kernel: lattimer=0x00 (0 ns), mingnt=0x02 (500 ns), maxlat=0x00 (0 ns)\nSep 10 19:38:48  kernel: intpin=a, irq=11\nSep 10 19:38:48  kernel: powerspec 2  supports D0 D3  current D0\nSep 10 19:38:48  kernel: MSI supports 1 message\nSep 10 19:38:48  kernel: pcib0: matched entry for 0.28.INTA\nSep 10 19:38:48  kernel: pcib0: slot 28 INTA hardwired to IRQ 16\nSep 10 19:38:48  kernel: found-\u003e\tvendor=0x8086, dev=0x27e2, revid=0x01\nSep 10 19:38:48  kernel: domain=0, bus=0, slot=28, func=5\nSep 10 19:38:48  kernel: class=06-04-00, hdrtype=0x01, mfdev=1\nSep 10 19:38:48  kernel: cmdreg=0x0107, statreg=0x0010, cachelnsz=16 (dwords)\nSep 10 19:38:48  kernel: lattimer=0x00 (0 ns), mingnt=0x02 (500 ns), maxlat=0x00 (0 ns)\nSep 10 19:38:48  kernel: intpin=b, irq=10\nSep 10 19:38:48  kernel: powerspec 2  supports D0 D3  current D0\nSep 10 19:38:48  kernel: MSI supports 1 message\nSep 10 19:38:48  kernel: pcib0: matched entry for 0.28.INTB\nSep 10 19:38:48  kernel: pcib0: slot 28 INTB hardwired to IRQ 17\nSep 10 19:38:48  kernel: found-\u003e\tvendor=0x8086, dev=0x27c8, revid=0x01\nSep 10 19:38:48  kernel: domain=0, bus=0, slot=29, func=0\nSep 10 19:38:48  kernel: class=0c-03-00, hdrtype=0x00, mfdev=1\nSep 10 19:38:48  kernel: cmdreg=0x0005, statreg=0x0280, cachelnsz=0 (dwords)\nSep 10 19:38:48  kernel: lattimer=0x00 (0 ns), mingnt=0x00 (0 ns), maxlat=0x00 (0 ns)\nSep 10 19:38:48  kernel: intpin=a, irq=9\nSep 10 19:38:48  kernel: map[20]: type I/O Port, range 32, base 0xff80, size  5, enabled\nSep 10 19:38:48  kernel: pcib0: allocated type 4 (0xff80-0xff9f) for rid 20 of pci0:0:29:0\nSep 10 19:38:48  kernel: pcib0: matched entry for 0.29.INTA\nSep 10 19:38:48  kernel: pcib0: slot 29 INTA hardwired to IRQ 21\nSep 10 19:38:48  kernel: found-\u003e\tvendor=0x8086, dev=0x27c9, revid=0x01\nSep 10 19:38:48  kernel: domain=0, bus=0, slot=29, func=1\nSep 10 19:38:48  kernel: class=0c-03-00, hdrtype=0x00, mfdev=0\nSep 10 19:38:48  kernel: cmdreg=0x0005, statreg=0x0280, cachelnsz=0 (dwords)\nSep 10 19:38:48  kernel: lattimer=0x00 (0 ns), mingnt=0x00 (0 ns), maxlat=0x00 (0 ns)\nSep 10 19:38:48  kernel: intpin=b, irq=5\nSep 10 19:38:48  kernel: map[20]: type I/O Port, range 32, base 0xff60, size  5, enabled\nSep 10 19:38:48  kernel: pcib0: allocated type 4 (0xff60-0xff7f) for rid 20 of pci0:0:29:1\nSep 10 19:38:48  kernel: pcib0: matched entry for 0.29.INTB\nSep 10 19:38:48  kernel: pcib0: slot 29 INTB hardwired to IRQ 22\nSep 10 19:38:48  kernel: found-\u003e\tvendor=0x8086, dev=0x27ca, revid=0x01\nSep 10 19:38:48  kernel: domain=0, bus=0, slot=29, func=2\nSep 10 19:38:48  kernel: class=0c-03-00, hdrtype=0x00, mfdev=0\nSep 10 19:38:48  kernel: cmdreg=0x0005, statreg=0x0280, cachelnsz=0 (dwords)\nSep 10 19:38:48  kernel: lattimer=0x00 (0 ns), mingnt=0x00 (0 ns), maxlat=0x00 (0 ns)\nSep 10 19:38:48  kernel: intpin=c, irq=3\nSep 10 19:38:48  kernel: map[20]: type I/O Port, range 32, base 0xff40, size  5, enabled\nSep 10 19:38:48  kernel: pcib0: allocated type 4 (0xff40-0xff5f) for rid 20 of pci0:0:29:2\nSep 10 19:38:48  kernel: pcib0: matched entry for 0.29.INTC\nSep 10 19:38:48  kernel: pcib0: slot 29 INTC hardwired to IRQ 18\nSep 10 19:38:48  kernel: found-\u003e\tvendor=0x8086, dev=0x27cb, revid=0x01\nSep 10 19:38:48  kernel: domain=0, bus=0, slot=29, func=3\nSep 10 19:38:48  kernel: class=0c-03-00, hdrtype=0x00, mfdev=0\nSep 10 19:38:48  kernel: cmdreg=0x0005, statreg=0x0280, cachelnsz=0 (dwords)\nSep 10 19:38:48  kernel: lattimer=0x00 (0 ns), mingnt=0x00 (0 ns), maxlat=0x00 (0 ns)\nSep 10 19:38:48  kernel: intpin=d, irq=10\nSep 10 19:38:48  kernel: map[20]: type I/O Port, range 32, base 0xff20, size  5, enabled\nSep 10 19:38:48  kernel: pcib0: allocated type 4 (0xff20-0xff3f) for rid 20 of pci0:0:29:3\nSep 10 19:38:48  kernel: pcib0: matched entry for 0.29.INTD\nSep 10 19:38:48  kernel: pcib0: slot 29 INTD hardwired to IRQ 23\nSep 10 19:38:48  kernel: found-\u003e\tvendor=0x8086, dev=0x27cc, revid=0x01\nSep 10 19:38:48  kernel: domain=0, bus=0, slot=29, func=7\nSep 10 19:38:48  kernel: class=0c-03-20, hdrtype=0x00, mfdev=0\nSep 10 19:38:48  kernel: cmdreg=0x0106, statreg=0x0290, cachelnsz=0 (dwords)\nSep 10 19:38:48  kernel: lattimer=0x00 (0 ns), mingnt=0x00 (0 ns), maxlat=0x00 (0 ns)\nSep 10 19:38:48  kernel: intpin=a, irq=9\nSep 10 19:38:48  kernel: powerspec 2  supports D0 D3  current D0\nSep 10 19:38:48  kernel: map[10]: type Memory, range 32, base 0xff980800, size 10, enabled\nSep 10 19:38:48  kernel: pcib0: allocated type 3 (0xff980800-0xff980bff) for rid 10 of pci0:0:29:7\nSep 10 19:38:48  kernel: pcib0: matched entry for 0.29.INTA\nSep 10 19:38:48  kernel: pcib0: slot 29 INTA hardwired to IRQ 21\nSep 10 19:38:48  kernel: found-\u003e\tvendor=0x8086, dev=0x244e, revid=0xe1\nSep 10 19:38:48  kernel: domain=0, bus=0, slot=30, func=0\nSep 10 19:38:48  kernel: class=06-04-01, hdrtype=0x01, mfdev=0\nSep 10 19:38:48  kernel: cmdreg=0x0107, statreg=0x0010, cachelnsz=0 (dwords)\nSep 10 19:38:48  kernel: lattimer=0x00 (0 ns), mingnt=0x02 (500 ns), maxlat=0x00 (0 ns)\nSep 10 19:38:48  kernel: found-\u003e\tvendor=0x8086, dev=0x27b8, revid=0x01\nSep 10 19:38:48  kernel: domain=0, bus=0, slot=31, func=0\nSep 10 19:38:48  kernel: class=06-01-00, hdrtype=0x00, mfdev=1\nSep 10 19:38:48  kernel: cmdreg=0x0107, statreg=0x0210, cachelnsz=0 (dwords)\nSep 10 19:38:48  kernel: lattimer=0x00 (0 ns), mingnt=0x00 (0 ns), maxlat=0x00 (0 ns)\nSep 10 19:38:48  kernel: found-\u003e\tvendor=0x8086, dev=0x27df, revid=0x01\nSep 10 19:38:48  kernel: domain=0, bus=0, slot=31, func=1\nSep 10 19:38:48  kernel: class=01-01-8a, hdrtype=0x00, mfdev=0\nSep 10 19:38:48  kernel: cmdreg=0x0005, statreg=0x0288, cachelnsz=0 (dwords)\nSep 10 19:38:48  kernel: lattimer=0x00 (0 ns), mingnt=0x00 (0 ns), maxlat=0x00 (0 ns)\nSep 10 19:38:48  kernel: intpin=a, irq=11\nSep 10 19:38:48  kernel: pcib0: allocated type 4 (0x1f0-0x1f7) for rid 10 of pci0:0:31:1\nSep 10 19:38:48  kernel: pcib0: allocated type 4 (0x3f6-0x3f6) for rid 14 of pci0:0:31:1\nSep 10 19:38:48  kernel: pcib0: allocated type 4 (0x170-0x177) for rid 18 of pci0:0:31:1\nSep 10 19:38:48  kernel: pcib0: allocated type 4 (0x376-0x376) for rid 1c of pci0:0:31:1\nSep 10 19:38:48  kernel: map[20]: type I/O Port, range 32, base 0xffa0, size  4, enabled\nSep 10 19:38:48  kernel: pcib0: allocated type 4 (0xffa0-0xffaf) for rid 20 of pci0:0:31:1\nSep 10 19:38:48  kernel: pcib0: matched entry for 0.31.INTA\nSep 10 19:38:48  kernel: pcib0: slot 31 INTA hardwired to IRQ 16\nSep 10 19:38:48  kernel: found-\u003e\tvendor=0x8086, dev=0x27c1, revid=0x01\nSep 10 19:38:48  kernel: domain=0, bus=0, slot=31, func=2\nSep 10 19:38:48  kernel: class=01-06-01, hdrtype=0x00, mfdev=0\nSep 10 19:38:48  kernel: cmdreg=0x0007, statreg=0x02b0, cachelnsz=0 (dwords)\nSep 10 19:38:48  kernel: lattimer=0x00 (0 ns), mingnt=0x00 (0 ns), maxlat=0x00 (0 ns)\nSep 10 19:38:48  kernel: intpin=c, irq=5\nSep 10 19:38:48  kernel: powerspec 2  supports D0 D3  current D0\nSep 10 19:38:48  kernel: MSI supports 1 message\nSep 10 19:38:48  kernel: map[10]: type I/O Port, range 32, base 0xfe00, size  3, enabled\nSep 10 19:38:48  kernel: pcib0: allocated type 4 (0xfe00-0xfe07) for rid 10 of pci0:0:31:2\nSep 10 19:38:48  kernel: map[14]: type I/O Port, range 32, base 0xfe10, size  2, enabled\nSep 10 19:38:48  kernel: pcib0: allocated type 4 (0xfe10-0xfe13) for rid 14 of pci0:0:31:2\nSep 10 19:38:48  kernel: map[18]: type I/O Port, range 32, base 0xfe20, size  3, enabled\nSep 10 19:38:48  kernel: pcib0: allocated type 4 (0xfe20-0xfe27) for rid 18 of pci0:0:31:2\nSep 10 19:38:48  kernel: map[1c]: type I/O Port, range 32, base 0xfe30, size  2, enabled\nSep 10 19:38:48  kernel: pcib0: allocated type 4 (0xfe30-0xfe33) for rid 1c of pci0:0:31:2\nSep 10 19:38:48  kernel: map[20]: type I/O Port, range 32, base 0xfec0, size  4, enabled\nSep 10 19:38:48  kernel: pcib0: allocated type 4 (0xfec0-0xfecf) for rid 20 of pci0:0:31:2\nSep 10 19:38:48  kernel: map[24]: type Memory, range 32, base 0xff970000, size 10, enabled\nSep 10 19:38:48  kernel: pcib0: matched entry for 0.31.INTC\nSep 10 19:38:48  kernel: pcib0: slot 31 INTC hardwired to IRQ 20\nSep 10 19:38:48  kernel: found-\u003e\tvendor=0x8086, dev=0x27da, revid=0x01\nSep 10 19:38:48  kernel: domain=0, bus=0, slot=31, func=3\nSep 10 19:38:48  kernel: class=0c-05-00, hdrtype=0x00, mfdev=0\nSep 10 19:38:48  kernel: cmdreg=0x0101, statreg=0x0280, cachelnsz=0 (dwords)\nSep 10 19:38:48  kernel: lattimer=0x00 (0 ns), mingnt=0x00 (0 ns), maxlat=0x00 (0 ns)\nSep 10 19:38:48  kernel: intpin=b, irq=10\nSep 10 19:38:48  kernel: map[20]: type I/O Port, range 32, base 0xece0, size  5, enabled\nSep 10 19:38:48  kernel: pcib0: allocated type 4 (0xece0-0xecff) for rid 20 of pci0:0:31:3\nSep 10 19:38:48  kernel: pcib0: matched entry for 0.31.INTB\nSep 10 19:38:48  kernel: pcib0: slot 31 INTB hardwired to IRQ 17\nSep 10 19:38:48  kernel: pcib1: \u003cACPI PCI-PCI bridge\u003e irq 16 at device 1.0 on pci0\nSep 10 19:38:48  kernel: pcib0: allocated type 3 (0xed000000-0xefefffff) for rid 20 of pcib1\nSep 10 19:38:48  kernel: pcib0: allocated type 3 (0xd0000000-0xdfffffff) for rid 24 of pcib1\nSep 10 19:38:48  kernel: pcib1:   domain            0\nSep 10 19:38:48  kernel: pcib1:   secondary bus     1\nSep 10 19:38:48  kernel: pcib1:   subordinate bus   1\nSep 10 19:38:48  kernel: pcib1:   memory decode     0xed000000-0xefefffff\nSep 10 19:38:48  kernel: pcib1:   prefetched decode 0xd0000000-0xdfffffff\nSep 10 19:38:48  kernel: pci1: \u003cACPI PCI bus\u003e on pcib1\nSep 10 19:38:48  kernel: pci1: domain=0, physical bus=1\nSep 10 19:38:48  kernel: found-\u003e\tvendor=0x10de, dev=0x00cd, revid=0xa2\nSep 10 19:38:48  kernel: domain=0, bus=1, slot=0, func=0\nSep 10 19:38:48  kernel: class=03-00-00, hdrtype=0x00, mfdev=0\nSep 10 19:38:48  kernel: cmdreg=0x0003, statreg=0x0010, cachelnsz=16 (dwords)\nSep 10 19:38:48  kernel: lattimer=0x00 (0 ns), mingnt=0x00 (0 ns), maxlat=0x00 (0 ns)\nSep 10 19:38:48  kernel: intpin=a, irq=11\nSep 10 19:38:48  kernel: powerspec 2  supports D0 D3  current D0\nSep 10 19:38:48  kernel: MSI supports 1 message, 64 bit\nSep 10 19:38:48  kernel: map[10]: type Memory, range 32, base 0xed000000, size 24, enabled\nSep 10 19:38:48  kernel: pcib1: allocated memory range (0xed000000-0xedffffff) for rid 10 of pci0:1:0:0\nSep 10 19:38:48  kernel: map[14]: type Prefetchable Memory, range 64, base 0xd0000000, size 28, enabled\nSep 10 19:38:48  kernel: pcib1: allocated prefetch range (0xd0000000-0xdfffffff) for rid 14 of pci0:1:0:0\nSep 10 19:38:48  kernel: map[1c]: type Memory, range 64, base 0xee000000, size 24, enabled\nSep 10 19:38:48  kernel: pcib1: allocated memory range (0xee000000-0xeeffffff) for rid 1c of pci0:1:0:0\nSep 10 19:38:48  kernel: pcib1: matched entry for 1.0.INTA\nSep 10 19:38:48  kernel: pcib1: slot 0 INTA hardwired to IRQ 16\nSep 10 19:38:48  kernel: vgapci0: \u003cVGA-compatible display\u003e mem 0xed000000-0xedffffff,0xd0000000-0xdfffffff,0xee000000-0xeeffffff irq 16 at device 0.0 on pci1\nSep 10 19:38:48  kernel: hdac0: \u003cIntel 82801G High Definition Audio Controller\u003e mem 0xefffc000-0xefffffff irq 16 at device 27.0 on pci0\nSep 10 19:38:48  kernel: hdac0: HDA Driver Revision: 20100226_0142\nSep 10 19:38:48  kernel: hdac0: attempting to allocate 1 MSI vectors (1 supported)\nSep 10 19:38:48  kernel: msi: routing MSI IRQ 256 to local APIC 0 vector 49\nSep 10 19:38:48  kernel: hdac0: using IRQ 256 for MSI\nSep 10 19:38:48  kernel: hdac0: Caps: OSS 4, ISS 4, BSS 0, NSDO 1, 64bit, CORB 256, RIRB 256\nSep 10 19:38:48  kernel: pcib2: \u003cACPI PCI-PCI bridge\u003e irq 16 at device 28.0 on pci0\nSep 10 19:38:48  kernel: pcib0: allocated type 3 (0xecf00000-0xecffffff) for rid 20 of pcib2\nSep 10 19:38:48  kernel: pcib2:   domain            0\nSep 10 19:38:48  kernel: pcib2:   secondary bus     2\nSep 10 19:38:48  kernel: pcib2:   subordinate bus   2\nSep 10 19:38:48  kernel: pcib2:   memory decode     0xecf00000-0xecffffff\nSep 10 19:38:48  kernel: pcib2:   no prefetched decode\nSep 10 19:38:48  kernel: pci2: \u003cACPI PCI bus\u003e on pcib2\nSep 10 19:38:48  kernel: pci2: domain=0, physical bus=2\nSep 10 19:38:48  kernel: pcib3: \u003cACPI PCI-PCI bridge\u003e irq 16 at device 28.4 on pci0\nSep 10 19:38:48  kernel: pcib3:   domain            0\nSep 10 19:38:48  kernel: pcib3:   secondary bus     3\nSep 10 19:38:48  kernel: pcib3:   subordinate bus   3\nSep 10 19:38:48  kernel: pcib3:   no prefetched decode\nSep 10 19:38:48  kernel: pci3: \u003cACPI PCI bus\u003e on pcib3\nSep 10 19:38:48  kernel: pci3: domain=0, physical bus=3\nSep 10 19:38:48  kernel: pcib4: \u003cACPI PCI-PCI bridge\u003e irq 17 at device 28.5 on pci0\nSep 10 19:38:48  kernel: pcib0: allocated type 3 (0xece00000-0xecefffff) for rid 20 of pcib4\nSep 10 19:38:48  kernel: pcib4:   domain            0\nSep 10 19:38:48  kernel: pcib4:   secondary bus     4\nSep 10 19:38:48  kernel: pcib4:   subordinate bus   4\nSep 10 19:38:48  kernel: pcib4:   memory decode     0xece00000-0xecefffff\nSep 10 19:38:48  kernel: pcib4:   no prefetched decode\nSep 10 19:38:48  kernel: pci4: \u003cACPI PCI bus\u003e on pcib4\nSep 10 19:38:48  kernel: pci4: domain=0, physical bus=4\nSep 10 19:38:48  kernel: found-\u003e\tvendor=0x14e4, dev=0x167a, revid=0x02\nSep 10 19:38:48  kernel: domain=0, bus=4, slot=0, func=0\nSep 10 19:38:48  kernel: class=02-00-00, hdrtype=0x00, mfdev=0\nSep 10 19:38:48  kernel: cmdreg=0x0006, statreg=0x0010, cachelnsz=16 (dwords)\nSep 10 19:38:48  kernel: lattimer=0x00 (0 ns), mingnt=0x00 (0 ns), maxlat=0x00 (0 ns)\nSep 10 19:38:48  kernel: intpin=a, irq=10\nSep 10 19:38:48  kernel: powerspec 3  supports D0 D3  current D0\nSep 10 19:38:48  kernel: MSI supports 1 message, 64 bit\nSep 10 19:38:48  kernel: map[10]: type Memory, range 64, base 0xecef0000, size 16, enabled\nSep 10 19:38:48  kernel: pcib4: allocated memory range (0xecef0000-0xecefffff) for rid 10 of pci0:4:0:0\nSep 10 19:38:48  kernel: pcib4: matched entry for 4.0.INTA\nSep 10 19:38:48  kernel: pcib4: slot 0 INTA hardwired to IRQ 17\nSep 10 19:38:48  kernel: bge0: \u003cBroadcom NetXtreme Gigabit Ethernet Controller, ASIC rev. 0x00b002\u003e mem 0xecef0000-0xecefffff irq 17 at device 0.0 on pci4\nSep 10 19:38:48  kernel: bge0: attempting to allocate 1 MSI vectors (1 supported)\nSep 10 19:38:48  kernel: msi: routing MSI IRQ 257 to local APIC 0 vector 50\nSep 10 19:38:48  kernel: bge0: using IRQ 257 for MSI\nSep 10 19:38:48  kernel: bge0: CHIP ID 0x0000b002; ASIC REV 0x0b; CHIP REV 0xb0; PCI-E\nSep 10 19:38:48  kernel: bge0: Disabling fastboot\nSep 10 19:38:48  kernel: bge0: Disabling fastboot\nSep 10 19:38:48  kernel: miibus0: \u003cMII bus\u003e on bge0\nSep 10 19:38:48  kernel: brgphy0: \u003cBCM5754/5787 1000BASE-T media interface\u003e PHY 1 on miibus0\nSep 10 19:38:48  kernel: brgphy0: OUI 0x000af7, model 0x000e, rev. 0\nSep 10 19:38:48  kernel: brgphy0:  10baseT, 10baseT-FDX, 100baseTX, 100baseTX-FDX, 1000baseT, 1000baseT-master, 1000baseT-FDX, 1000baseT-FDX-master, auto, auto-flow\nSep 10 19:38:48  kernel: bge0: bpf attached\nSep 10 19:38:48  kernel: bge0: Ethernet address: 00:1a:a0:0d:b2:78\nSep 10 19:38:48  kernel: uhci0: \u003cIntel 82801G (ICH7) USB controller USB-A\u003e port 0xff80-0xff9f irq 21 at device 29.0 on pci0\nSep 10 19:38:48  kernel: ioapic0: routing intpin 21 (PCI IRQ 21) to lapic 0 vector 51\nSep 10 19:38:48  kernel: usbus0: \u003cIntel 82801G (ICH7) USB controller USB-A\u003e on uhci0\nSep 10 19:38:48  kernel: usbus0: bpf attached\nSep 10 19:38:48  kernel: uhci0: usbpf: Attached\nSep 10 19:38:48  kernel: uhci1: \u003cIntel 82801G (ICH7) USB controller USB-B\u003e port 0xff60-0xff7f irq 22 at device 29.1 on pci0\nSep 10 19:38:48  kernel: ioapic0: routing intpin 22 (PCI IRQ 22) to lapic 0 vector 52\nSep 10 19:38:48  kernel: usbus1: \u003cIntel 82801G (ICH7) USB controller USB-B\u003e on uhci1\nSep 10 19:38:48  kernel: usbus1: bpf attached\nSep 10 19:38:48  kernel: uhci1: usbpf: Attached\nSep 10 19:38:48  kernel: uhci2: \u003cIntel 82801G (ICH7) USB controller USB-C\u003e port 0xff40-0xff5f irq 18 at device 29.2 on pci0\nSep 10 19:38:48  kernel: ioapic0: routing intpin 18 (PCI IRQ 18) to lapic 0 vector 53\nSep 10 19:38:48  kernel: usbus2: \u003cIntel 82801G (ICH7) USB controller USB-C\u003e on uhci2\nSep 10 19:38:48  kernel: usbus2: bpf attached\nSep 10 19:38:48  kernel: uhci2: usbpf: Attached\nSep 10 19:38:48  kernel: uhci3: \u003cIntel 82801G (ICH7) USB controller USB-D\u003e port 0xff20-0xff3f irq 23 at device 29.3 on pci0\nSep 10 19:38:48  kernel: ioapic0: routing intpin 23 (PCI IRQ 23) to lapic 0 vector 54\nSep 10 19:38:48  kernel: usbus3: \u003cIntel 82801G (ICH7) USB controller USB-D\u003e on uhci3\nSep 10 19:38:48  kernel: usbus3: bpf attached\nSep 10 19:38:48  kernel: uhci3: usbpf: Attached\nSep 10 19:38:48  kernel: ehci0: \u003cIntel 82801GB/R (ICH7) USB 2.0 controller\u003e mem 0xff980800-0xff980bff irq 21 at device 29.7 on pci0\nSep 10 19:38:48  kernel: usbus4: EHCI version 1.0\nSep 10 19:38:48  kernel: usbus4: \u003cIntel 82801GB/R (ICH7) USB 2.0 controller\u003e on ehci0\nSep 10 19:38:48  kernel: usbus4: bpf attached\nSep 10 19:38:48  kernel: ehci0: usbpf: Attached\nSep 10 19:38:48  kernel: pcib5: \u003cACPI PCI-PCI bridge\u003e at device 30.0 on pci0\nSep 10 19:38:48  kernel: pcib0: allocated type 3 (0xecd00000-0xecdfffff) for rid 20 of pcib5\nSep 10 19:38:48  kernel: pcib5:   domain            0\nSep 10 19:38:48  kernel: pcib5:   secondary bus     5\nSep 10 19:38:48  kernel: pcib5:   subordinate bus   5\nSep 10 19:38:48  kernel: pcib5:   memory decode     0xecd00000-0xecdfffff\nSep 10 19:38:48  kernel: pcib5:   no prefetched decode\nSep 10 19:38:48  kernel: pcib5:   Subtractively decoded bridge.\nSep 10 19:38:48  kernel: pci5: \u003cACPI PCI bus\u003e on pcib5\nSep 10 19:38:48  kernel: pci5: domain=0, physical bus=5\nSep 10 19:38:48  kernel: found-\u003e\tvendor=0x11c1, dev=0x5811, revid=0x61\nSep 10 19:38:48  kernel: domain=0, bus=5, slot=2, func=0\nSep 10 19:38:48  kernel: class=0c-00-10, hdrtype=0x00, mfdev=0\nSep 10 19:38:48  kernel: cmdreg=0x0116, statreg=0x0290, cachelnsz=16 (dwords)\nSep 10 19:38:48  kernel: lattimer=0x40 (1920 ns), mingnt=0x0c (3000 ns), maxlat=0x18 (6000 ns)\nSep 10 19:38:48  kernel: intpin=a, irq=3\nSep 10 19:38:48  kernel: powerspec 2  supports D0 D1 D2 D3  current D0\nSep 10 19:38:48  kernel: map[10]: type Memory, range 32, base 0xecdff000, size 12, enabled\nSep 10 19:38:48  kernel: pcib5: allocated memory range (0xecdff000-0xecdfffff) for rid 10 of pci0:5:2:0\nSep 10 19:38:48  kernel: pcib5: matched entry for 5.2.INTA\nSep 10 19:38:48  kernel: pcib5: slot 2 INTA hardwired to IRQ 18\nSep 10 19:38:48  kernel: fwohci0: \u003cLucent FW322/323\u003e mem 0xecdff000-0xecdfffff irq 18 at device 2.0 on pci5\nSep 10 19:38:48  kernel: fwohci0: OHCI version 1.0 (ROM=1)\nSep 10 19:38:48  kernel: fwohci0: No. of Isochronous channels is 8.\nSep 10 19:38:48  kernel: fwohci0: EUI64 00:00:d1:00:80:c2:0e:86\nSep 10 19:38:48  kernel: fwohci0: Phy 1394a available S400, 3 ports.\nSep 10 19:38:48  kernel: fwohci0: Link S400, max_rec 2048 bytes.\nSep 10 19:38:48  kernel: firewire0: \u003cIEEE1394(FireWire) bus\u003e on fwohci0\nSep 10 19:38:48  kernel: dcons_crom0: \u003cdcons configuration ROM\u003e on firewire0\nSep 10 19:38:48  kernel: dcons_crom0: bus_addr 0x2a18000\nSep 10 19:38:48  kernel: fwe0: \u003cEthernet over FireWire\u003e on firewire0\nSep 10 19:38:48  kernel: if_fwe0: Fake Ethernet address: 02:00:d1:c2:0e:86\nSep 10 19:38:48  kernel: fwe0: bpf attached\nSep 10 19:38:48  kernel: fwe0: Ethernet address: 02:00:d1:c2:0e:86\nSep 10 19:38:48  kernel: fwip0: \u003cIP over FireWire\u003e on firewire0\nSep 10 19:38:48  kernel: fwip0: bpf attached\nSep 10 19:38:48  kernel: fwip0: Firewire address: 00:00:d1:00:80:c2:0e:86 @ 0xfffe00000000, S400, maxrec 2048\nSep 10 19:38:48  kernel: sbp0: \u003cSBP-2/SCSI over FireWire\u003e on firewire0\nSep 10 19:38:48  kernel: fwohci0: Initiate bus reset\nSep 10 19:38:48  kernel: fwohci0: fwohci_intr_core: BUS reset\nSep 10 19:38:48  kernel: fwohci0: fwohci_intr_core: node_id=0x00000000, SelfID Count=1, CYCLEMASTER mode\nSep 10 19:38:48  kernel: isab0: \u003cPCI-ISA bridge\u003e at device 31.0 on pci0\nSep 10 19:38:48  kernel: isa0: \u003cISA bus\u003e on isab0\nSep 10 19:38:48  kernel: atapci0: \u003cIntel ICH7 UDMA100 controller\u003e port 0x1f0-0x1f7,0x3f6,0x170-0x177,0x376,0xffa0-0xffaf irq 16 at device 31.1 on pci0\nSep 10 19:38:48  kernel: ata0: \u003cATA channel 0\u003e on atapci0\nSep 10 19:38:48  kernel: ioapic0: routing intpin 14 (ISA IRQ 14) to lapic 0 vector 55\nSep 10 19:38:48  kernel: ahci0: \u003cIntel ICH7 AHCI SATA controller\u003e port 0xfe00-0xfe07,0xfe10-0xfe13,0xfe20-0xfe27,0xfe30-0xfe33,0xfec0-0xfecf irq 20 at device 31.2 on pci0\nSep 10 19:38:48  kernel: pcib0: allocated type 3 (0xcff00000-0xcff003ff) for rid 24 of ahci0\nSep 10 19:38:48  kernel: ahci0: Lazy allocation of 0x400 bytes rid 0x24 type 3 at 0xcff00000\nSep 10 19:38:48  kernel: ahci0: AHCI controller reset failure\nSep 10 19:38:48  kernel: device_attach: ahci0 attach returned 6\nSep 10 19:38:48  kernel: pci0: \u003cserial bus, SMBus\u003e at device 31.3 (no driver attached)\nSep 10 19:38:48  kernel: hpet0: \u003cHigh Precision Event Timer\u003e iomem 0xfed00000-0xfed003ff on acpi0\nSep 10 19:38:48  kernel: hpet0: vendor 0x8086, rev 0x1, 14318180Hz 64bit, 3 timers, legacy route\nSep 10 19:38:48  kernel: hpet0:  t0: irqs 0x00f00000 (0), 64bit, periodic\nSep 10 19:38:48  kernel: hpet0:  t1: irqs 0x00f00000 (0)\nSep 10 19:38:48  kernel: hpet0:  t2: irqs 0x00f00800 (0)\nSep 10 19:38:48  kernel: Timecounter \"HPET\" frequency 14318180 Hz quality 950\nSep 10 19:38:48  kernel: ioapic0: routing intpin 20 (PCI IRQ 20) to lapic 0 vector 56\nSep 10 19:38:48  kernel: Event timer \"HPET\" frequency 14318180 Hz quality 450\nSep 10 19:38:48  kernel: Event timer \"HPET1\" frequency 14318180 Hz quality 440\nSep 10 19:38:48  kernel: Event timer \"HPET2\" frequency 14318180 Hz quality 440\nSep 10 19:38:48  kernel: atrtc0: \u003cAT realtime clock\u003e port 0x70-0x7f irq 8 on acpi0\nSep 10 19:38:48  kernel: atrtc0: registered as a time-of-day clock (resolution 1000000us, adjustment 0.500000000s)\nSep 10 19:38:48  kernel: ioapic0: routing intpin 8 (ISA IRQ 8) to lapic 0 vector 57\nSep 10 19:38:48  kernel: Event timer \"RTC\" frequency 32768 Hz quality 0\nSep 10 19:38:48  kernel: attimer0: \u003cAT timer\u003e port 0x40-0x5f irq 0 on acpi0\nSep 10 19:38:48  kernel: Timecounter \"i8254\" frequency 1193182 Hz quality 0\nSep 10 19:38:48  kernel: ioapic0: routing intpin 2 (ISA IRQ 0) to lapic 0 vector 58\nSep 10 19:38:48  kernel: Event timer \"i8254\" frequency 1193182 Hz quality 100\nSep 10 19:38:48  kernel: fdc0: \u003cfloppy drive controller\u003e port 0x3f0-0x3f5,0x3f7 irq 6 drq 2 on acpi0\nSep 10 19:38:48  kernel: fdc0: ic_type 90 part_id 80\nSep 10 19:38:48  kernel: ioapic0: routing intpin 6 (ISA IRQ 6) to lapic 0 vector 59\nSep 10 19:38:48  kernel: fd0: \u003c1440-KB 3.5\" drive\u003e on fdc0 drive 0\nSep 10 19:38:48  kernel: ppc0: using extended I/O port range\nSep 10 19:38:48  kernel: ppc0: SPP ECP  ECP+EPP\nSep 10 19:38:48  kernel: ppc0: \u003cParallel port\u003e port 0x378-0x37f,0x778-0x77f irq 7 on acpi0\nSep 10 19:38:48  kernel: ppc0: SMC-like chipset (ECP/EPP/PS2/NIBBLE) in COMPATIBLE mode\nSep 10 19:38:48  kernel: ppc0: FIFO with 16/16/8 bytes threshold\nSep 10 19:38:48  kernel: ioapic0: routing intpin 7 (ISA IRQ 7) to lapic 0 vector 60\nSep 10 19:38:48  kernel: ppbus0: \u003cParallel port bus\u003e on ppc0\nSep 10 19:38:48  kernel: plip0: \u003cPLIP network interface\u003e on ppbus0\nSep 10 19:38:48  kernel: plip0: bpf attached\nSep 10 19:38:48  kernel: lpt0: \u003cPrinter\u003e on ppbus0\nSep 10 19:38:48  kernel: lpt0: Interrupt-driven port\nSep 10 19:38:48  kernel: ppi0: \u003cParallel I/O\u003e on ppbus0\nSep 10 19:38:48  kernel: uart0: \u003c16550 or compatible\u003e port 0x3f8-0x3ff irq 4 flags 0x10 on acpi0\nSep 10 19:38:48  kernel: ioapic0: routing intpin 4 (ISA IRQ 4) to lapic 0 vector 61\nSep 10 19:38:48  kernel: uart0: fast interrupt\nSep 10 19:38:48  kernel: acpi0: wakeup code va 0xffffff8114c93000 pa 0x4000\nSep 10 19:38:48  kernel: ahc_isa_probe 0: ioport 0xc00 alloc failed\nSep 10 19:38:48  kernel: ahc_isa_probe 1: ioport 0x1c00 alloc failed\nSep 10 19:38:48  kernel: ahc_isa_probe 2: ioport 0x2c00 alloc failed\nSep 10 19:38:48  kernel: ahc_isa_probe 3: ioport 0x3c00 alloc failed\nSep 10 19:38:48  kernel: ahc_isa_probe 4: ioport 0x4c00 alloc failed\nSep 10 19:38:48  kernel: ahc_isa_probe 5: ioport 0x5c00 alloc failed\nSep 10 19:38:48  kernel: ahc_isa_probe 6: ioport 0x6c00 alloc failed\nSep 10 19:38:48  kernel: ahc_isa_probe 7: ioport 0x7c00 alloc failed\nSep 10 19:38:48  kernel: ahc_isa_probe 8: ioport 0x8c00 alloc failed\nSep 10 19:38:48  kernel: ahc_isa_probe 9: ioport 0x9c00 alloc failed\nSep 10 19:38:48  kernel: ahc_isa_probe 10: ioport 0xac00 alloc failed\nSep 10 19:38:48  kernel: ahc_isa_probe 11: ioport 0xbc00 alloc failed\nSep 10 19:38:48  kernel: ahc_isa_probe 12: ioport 0xcc00 alloc failed\nSep 10 19:38:48  kernel: ahc_isa_probe 13: ioport 0xdc00 alloc failed\nSep 10 19:38:48  kernel: ahc_isa_probe 14: ioport 0xec00 alloc failed\nSep 10 19:38:48  kernel: ex_isa_identify()\nSep 10 19:38:48  kernel: pcib0: allocated type 3 (0xa0000-0xa07ff) for rid 0 of orm0\nSep 10 19:38:48  kernel: pcib0: allocated type 3 (0xa0800-0xa0fff) for rid 0 of orm0\nSep 10 19:38:48  kernel: pcib0: allocated type 3 (0xa1000-0xa17ff) for rid 0 of orm0\nSep 10 19:38:48  kernel: pcib0: allocated type 3 (0xa1800-0xa1fff) for rid 0 of orm0\nSep 10 19:38:48  kernel: pcib0: allocated type 3 (0xa2000-0xa27ff) for rid 0 of orm0\nSep 10 19:38:48  kernel: pcib0: allocated type 3 (0xa2800-0xa2fff) for rid 0 of orm0\nSep 10 19:38:48  kernel: pcib0: allocated type 3 (0xa3000-0xa37ff) for rid 0 of orm0\nSep 10 19:38:48  kernel: pcib0: allocated type 3 (0xa3800-0xa3fff) for rid 0 of orm0\nSep 10 19:38:48  kernel: pcib0: allocated type 3 (0xa4000-0xa47ff) for rid 0 of orm0\nSep 10 19:38:48  kernel: pcib0: allocated type 3 (0xa4800-0xa4fff) for rid 0 of orm0\nSep 10 19:38:48  kernel: pcib0: allocated type 3 (0xa5000-0xa57ff) for rid 0 of orm0\nSep 10 19:38:48  kernel: pcib0: allocated type 3 (0xa5800-0xa5fff) for rid 0 of orm0\nSep 10 19:38:48  kernel: pcib0: allocated type 3 (0xa6000-0xa67ff) for rid 0 of orm0\nSep 10 19:38:48  kernel: pcib0: allocated type 3 (0xa6800-0xa6fff) for rid 0 of orm0\nSep 10 19:38:48  kernel: pcib0: allocated type 3 (0xa7000-0xa77ff) for rid 0 of orm0\nSep 10 19:38:48  kernel: pcib0: allocated type 3 (0xa7800-0xa7fff) for rid 0 of orm0\nSep 10 19:38:48  kernel: pcib0: allocated type 3 (0xa8000-0xa87ff) for rid 0 of orm0\nSep 10 19:38:48  kernel: pcib0: allocated type 3 (0xa8800-0xa8fff) for rid 0 of orm0\nSep 10 19:38:48  kernel: pcib0: allocated type 3 (0xa9000-0xa97ff) for rid 0 of orm0\nSep 10 19:38:48  kernel: pcib0: allocated type 3 (0xa9800-0xa9fff) for rid 0 of orm0\nSep 10 19:38:48  kernel: pcib0: allocated type 3 (0xaa000-0xaa7ff) for rid 0 of orm0\nSep 10 19:38:48  kernel: pcib0: allocated type 3 (0xaa800-0xaafff) for rid 0 of orm0\nSep 10 19:38:48  kernel: pcib0: allocated type 3 (0xab000-0xab7ff) for rid 0 of orm0\nSep 10 19:38:48  kernel: pcib0: allocated type 3 (0xab800-0xabfff) for rid 0 of orm0\nSep 10 19:38:48  kernel: pcib0: allocated type 3 (0xac000-0xac7ff) for rid 0 of orm0\nSep 10 19:38:48  kernel: pcib0: allocated type 3 (0xac800-0xacfff) for rid 0 of orm0\nSep 10 19:38:48  kernel: pcib0: allocated type 3 (0xad000-0xad7ff) for rid 0 of orm0\nSep 10 19:38:48  kernel: pcib0: allocated type 3 (0xad800-0xadfff) for rid 0 of orm0\nSep 10 19:38:48  kernel: pcib0: allocated type 3 (0xae000-0xae7ff) for rid 0 of orm0\nSep 10 19:38:48  kernel: pcib0: allocated type 3 (0xae800-0xaefff) for rid 0 of orm0\nSep 10 19:38:48  kernel: pcib0: allocated type 3 (0xaf000-0xaf7ff) for rid 0 of orm0\nSep 10 19:38:48  kernel: pcib0: allocated type 3 (0xaf800-0xaffff) for rid 0 of orm0\nSep 10 19:38:48  kernel: pcib0: allocated type 3 (0xb0000-0xb07ff) for rid 0 of orm0\nSep 10 19:38:48  kernel: pcib0: allocated type 3 (0xb0800-0xb0fff) for rid 0 of orm0\nSep 10 19:38:48  kernel: pcib0: allocated type 3 (0xb1000-0xb17ff) for rid 0 of orm0\nSep 10 19:38:48  kernel: pcib0: allocated type 3 (0xb1800-0xb1fff) for rid 0 of orm0\nSep 10 19:38:48  kernel: pcib0: allocated type 3 (0xb2000-0xb27ff) for rid 0 of orm0\nSep 10 19:38:48  kernel: pcib0: allocated type 3 (0xb2800-0xb2fff) for rid 0 of orm0\nSep 10 19:38:48  kernel: pcib0: allocated type 3 (0xb3000-0xb37ff) for rid 0 of orm0\nSep 10 19:38:48  kernel: pcib0: allocated type 3 (0xb3800-0xb3fff) for rid 0 of orm0\nSep 10 19:38:48  kernel: pcib0: allocated type 3 (0xb4000-0xb47ff) for rid 0 of orm0\nSep 10 19:38:48  kernel: pcib0: allocated type 3 (0xb4800-0xb4fff) for rid 0 of orm0\nSep 10 19:38:48  kernel: pcib0: allocated type 3 (0xb5000-0xb57ff) for rid 0 of orm0\nSep 10 19:38:48  kernel: pcib0: allocated type 3 (0xb5800-0xb5fff) for rid 0 of orm0\nSep 10 19:38:48  kernel: pcib0: allocated type 3 (0xb6000-0xb67ff) for rid 0 of orm0\nSep 10 19:38:48  kernel: pcib0: allocated type 3 (0xb6800-0xb6fff) for rid 0 of orm0\nSep 10 19:38:48  kernel: pcib0: allocated type 3 (0xb7000-0xb77ff) for rid 0 of orm0\nSep 10 19:38:48  kernel: pcib0: allocated type 3 (0xb7800-0xb7fff) for rid 0 of orm0\nSep 10 19:38:48  kernel: pcib0: allocated type 3 (0xb8000-0xb87ff) for rid 0 of orm0\nSep 10 19:38:48  kernel: pcib0: allocated type 3 (0xb8800-0xb8fff) for rid 0 of orm0\nSep 10 19:38:48  kernel: pcib0: allocated type 3 (0xb9000-0xb97ff) for rid 0 of orm0\nSep 10 19:38:48  kernel: pcib0: allocated type 3 (0xb9800-0xb9fff) for rid 0 of orm0\nSep 10 19:38:48  kernel: pcib0: allocated type 3 (0xba000-0xba7ff) for rid 0 of orm0\nSep 10 19:38:48  kernel: pcib0: allocated type 3 (0xba800-0xbafff) for rid 0 of orm0\nSep 10 19:38:48  kernel: pcib0: allocated type 3 (0xbb000-0xbb7ff) for rid 0 of orm0\nSep 10 19:38:48  kernel: pcib0: allocated type 3 (0xbb800-0xbbfff) for rid 0 of orm0\nSep 10 19:38:48  kernel: pcib0: allocated type 3 (0xbc000-0xbc7ff) for rid 0 of orm0\nSep 10 19:38:48  kernel: pcib0: allocated type 3 (0xbc800-0xbcfff) for rid 0 of orm0\nSep 10 19:38:48  kernel: pcib0: allocated type 3 (0xbd000-0xbd7ff) for rid 0 of orm0\nSep 10 19:38:48  kernel: pcib0: allocated type 3 (0xbd800-0xbdfff) for rid 0 of orm0\nSep 10 19:38:48  kernel: pcib0: allocated type 3 (0xbe000-0xbe7ff) for rid 0 of orm0\nSep 10 19:38:48  kernel: pcib0: allocated type 3 (0xbe800-0xbefff) for rid 0 of orm0\nSep 10 19:38:48  kernel: pcib0: allocated type 3 (0xbf000-0xbf7ff) for rid 0 of orm0\nSep 10 19:38:48  kernel: pcib0: allocated type 3 (0xbf800-0xbffff) for rid 0 of orm0\nSep 10 19:38:48  kernel: pcib0: allocated type 3 (0xc0000-0xc07ff) for rid 0 of orm0\nSep 10 19:38:48  kernel: pcib0: allocated type 3 (0xc0000-0xcdfff) for rid 0 of orm0\nSep 10 19:38:48  kernel: pcib0: allocated type 3 (0xce000-0xce7ff) for rid 1 of orm0\nSep 10 19:38:48  kernel: pcib0: allocated type 3 (0xce000-0xcffff) for rid 1 of orm0\nSep 10 19:38:48  kernel: pcib0: allocated type 3 (0xd0000-0xd07ff) for rid 2 of orm0\nSep 10 19:38:48  kernel: pcib0: allocated type 3 (0xd0000-0xd1fff) for rid 2 of orm0\nSep 10 19:38:48  kernel: pcib0: allocated type 3 (0xd2000-0xd27ff) for rid 3 of orm0\nSep 10 19:38:48  kernel: pcib0: allocated type 3 (0xd2000-0xd3fff) for rid 3 of orm0\nSep 10 19:38:48  kernel: pcib0: allocated type 3 (0xd4000-0xd47ff) for rid 4 of orm0\nSep 10 19:38:48  kernel: pcib0: allocated type 3 (0xd4800-0xd4fff) for rid 4 of orm0\nSep 10 19:38:48  kernel: pcib0: allocated type 3 (0xd5000-0xd57ff) for rid 4 of orm0\nSep 10 19:38:48  kernel: pcib0: allocated type 3 (0xd5800-0xd5fff) for rid 4 of orm0\nSep 10 19:38:48  kernel: pcib0: allocated type 3 (0xd6000-0xd67ff) for rid 4 of orm0\nSep 10 19:38:48  kernel: pcib0: allocated type 3 (0xd6800-0xd6fff) for rid 4 of orm0\nSep 10 19:38:48  kernel: pcib0: allocated type 3 (0xd7000-0xd77ff) for rid 4 of orm0\nSep 10 19:38:48  kernel: pcib0: allocated type 3 (0xd7800-0xd7fff) for rid 4 of orm0\nSep 10 19:38:48  kernel: pcib0: allocated type 3 (0xd8000-0xd87ff) for rid 4 of orm0\nSep 10 19:38:48  kernel: pcib0: allocated type 3 (0xd8800-0xd8fff) for rid 4 of orm0\nSep 10 19:38:48  kernel: pcib0: allocated type 3 (0xd9000-0xd97ff) for rid 4 of orm0\nSep 10 19:38:48  kernel: pcib0: allocated type 3 (0xd9800-0xd9fff) for rid 4 of orm0\nSep 10 19:38:48  kernel: pcib0: allocated type 3 (0xda000-0xda7ff) for rid 4 of orm0\nSep 10 19:38:48  kernel: pcib0: allocated type 3 (0xda800-0xdafff) for rid 4 of orm0\nSep 10 19:38:48  kernel: pcib0: allocated type 3 (0xdb000-0xdb7ff) for rid 4 of orm0\nSep 10 19:38:48  kernel: pcib0: allocated type 3 (0xdb800-0xdbfff) for rid 4 of orm0\nSep 10 19:38:48  kernel: pcib0: allocated type 3 (0xdc000-0xdc7ff) for rid 4 of orm0\nSep 10 19:38:48  kernel: pcib0: allocated type 3 (0xdc800-0xdcfff) for rid 4 of orm0\nSep 10 19:38:48  kernel: pcib0: allocated type 3 (0xdd000-0xdd7ff) for rid 4 of orm0\nSep 10 19:38:48  kernel: pcib0: allocated type 3 (0xdd800-0xddfff) for rid 4 of orm0\nSep 10 19:38:48  kernel: pcib0: allocated type 3 (0xde000-0xde7ff) for rid 4 of orm0\nSep 10 19:38:48  kernel: pcib0: allocated type 3 (0xde800-0xdefff) for rid 4 of orm0\nSep 10 19:38:48  kernel: pcib0: allocated type 3 (0xdf000-0xdf7ff) for rid 4 of orm0\nSep 10 19:38:48  kernel: pcib0: allocated type 3 (0xdf800-0xdffff) for rid 4 of orm0\nSep 10 19:38:48  kernel: pcib0: allocated type 3 (0xe0000-0xe07ff) for rid 4 of orm0\nSep 10 19:38:48  kernel: pcib0: allocated type 3 (0xe0800-0xe0fff) for rid 4 of orm0\nSep 10 19:38:48  kernel: pcib0: allocated type 3 (0xe1000-0xe17ff) for rid 4 of orm0\nSep 10 19:38:48  kernel: pcib0: allocated type 3 (0xe1800-0xe1fff) for rid 4 of orm0\nSep 10 19:38:48  kernel: pcib0: allocated type 3 (0xe2000-0xe27ff) for rid 4 of orm0\nSep 10 19:38:48  kernel: pcib0: allocated type 3 (0xe2800-0xe2fff) for rid 4 of orm0\nSep 10 19:38:48  kernel: pcib0: allocated type 3 (0xe3000-0xe37ff) for rid 4 of orm0\nSep 10 19:38:48  kernel: pcib0: allocated type 3 (0xe3800-0xe3fff) for rid 4 of orm0\nSep 10 19:38:48  kernel: pcib0: allocated type 3 (0xe4000-0xe47ff) for rid 4 of orm0\nSep 10 19:38:48  kernel: pcib0: allocated type 3 (0xe4800-0xe4fff) for rid 4 of orm0\nSep 10 19:38:48  kernel: pcib0: allocated type 3 (0xe5000-0xe57ff) for rid 4 of orm0\nSep 10 19:38:48  kernel: pcib0: allocated type 3 (0xe5800-0xe5fff) for rid 4 of orm0\nSep 10 19:38:48  kernel: pcib0: allocated type 3 (0xe6000-0xe67ff) for rid 4 of orm0\nSep 10 19:38:48  kernel: pcib0: allocated type 3 (0xe6800-0xe6fff) for rid 4 of orm0\nSep 10 19:38:48  kernel: pcib0: allocated type 3 (0xe7000-0xe77ff) for rid 4 of orm0\nSep 10 19:38:48  kernel: pcib0: allocated type 3 (0xe7800-0xe7fff) for rid 4 of orm0\nSep 10 19:38:48  kernel: pcib0: allocated type 3 (0xe8000-0xe87ff) for rid 4 of orm0\nSep 10 19:38:48  kernel: pcib0: allocated type 3 (0xe8800-0xe8fff) for rid 4 of orm0\nSep 10 19:38:48  kernel: pcib0: allocated type 3 (0xe9000-0xe97ff) for rid 4 of orm0\nSep 10 19:38:48  kernel: pcib0: allocated type 3 (0xe9800-0xe9fff) for rid 4 of orm0\nSep 10 19:38:48  kernel: pcib0: allocated type 3 (0xea000-0xea7ff) for rid 4 of orm0\nSep 10 19:38:48  kernel: pcib0: allocated type 3 (0xea800-0xeafff) for rid 4 of orm0\nSep 10 19:38:48  kernel: pcib0: allocated type 3 (0xeb000-0xeb7ff) for rid 4 of orm0\nSep 10 19:38:48  kernel: pcib0: allocated type 3 (0xeb800-0xebfff) for rid 4 of orm0\nSep 10 19:38:48  kernel: pcib0: allocated type 3 (0xec000-0xec7ff) for rid 4 of orm0\nSep 10 19:38:48  kernel: pcib0: allocated type 3 (0xec800-0xecfff) for rid 4 of orm0\nSep 10 19:38:48  kernel: pcib0: allocated type 3 (0xed000-0xed7ff) for rid 4 of orm0\nSep 10 19:38:48  kernel: pcib0: allocated type 3 (0xed800-0xedfff) for rid 4 of orm0\nSep 10 19:38:48  kernel: pcib0: allocated type 3 (0xee000-0xee7ff) for rid 4 of orm0\nSep 10 19:38:48  kernel: pcib0: allocated type 3 (0xee800-0xeefff) for rid 4 of orm0\nSep 10 19:38:48  kernel: pcib0: allocated type 3 (0xef000-0xef7ff) for rid 4 of orm0\nSep 10 19:38:48  kernel: pcib0: allocated type 3 (0xef800-0xeffff) for rid 4 of orm0\nSep 10 19:38:48  kernel: pcib0: allocated type 3 (0xf0000-0xf07ff) for rid 4 of orm0\nSep 10 19:38:48  kernel: pcib0: allocated type 3 (0xf0800-0xf0fff) for rid 4 of orm0\nSep 10 19:38:48  kernel: pcib0: allocated type 3 (0xf1000-0xf17ff) for rid 4 of orm0\nSep 10 19:38:48  kernel: pcib0: allocated type 3 (0xf1800-0xf1fff) for rid 4 of orm0\nSep 10 19:38:48  kernel: pcib0: allocated type 3 (0xf2000-0xf27ff) for rid 4 of orm0\nSep 10 19:38:48  kernel: pcib0: allocated type 3 (0xf2800-0xf2fff) for rid 4 of orm0\nSep 10 19:38:48  kernel: pcib0: allocated type 3 (0xf3000-0xf37ff) for rid 4 of orm0\nSep 10 19:38:48  kernel: pcib0: allocated type 3 (0xf3800-0xf3fff) for rid 4 of orm0\nSep 10 19:38:48  kernel: pcib0: allocated type 3 (0xf4000-0xf47ff) for rid 4 of orm0\nSep 10 19:38:48  kernel: pcib0: allocated type 3 (0xf4800-0xf4fff) for rid 4 of orm0\nSep 10 19:38:48  kernel: pcib0: allocated type 3 (0xf5000-0xf57ff) for rid 4 of orm0\nSep 10 19:38:48  kernel: pcib0: allocated type 3 (0xf5800-0xf5fff) for rid 4 of orm0\nSep 10 19:38:48  kernel: pcib0: allocated type 3 (0xf6000-0xf67ff) for rid 4 of orm0\nSep 10 19:38:48  kernel: pcib0: allocated type 3 (0xf6800-0xf6fff) for rid 4 of orm0\nSep 10 19:38:48  kernel: pcib0: allocated type 3 (0xf7000-0xf77ff) for rid 4 of orm0\nSep 10 19:38:48  kernel: pcib0: allocated type 3 (0xf7800-0xf7fff) for rid 4 of orm0\nSep 10 19:38:48  kernel: pcib0: allocated type 3 (0xf8000-0xf87ff) for rid 4 of orm0\nSep 10 19:38:48  kernel: pcib0: allocated type 3 (0xf8800-0xf8fff) for rid 4 of orm0\nSep 10 19:38:48  kernel: pcib0: allocated type 3 (0xf9000-0xf97ff) for rid 4 of orm0\nSep 10 19:38:48  kernel: pcib0: allocated type 3 (0xf9800-0xf9fff) for rid 4 of orm0\nSep 10 19:38:48  kernel: pcib0: allocated type 3 (0xfa000-0xfa7ff) for rid 4 of orm0\nSep 10 19:38:48  kernel: pcib0: allocated type 3 (0xfa800-0xfafff) for rid 4 of orm0\nSep 10 19:38:48  kernel: pcib0: allocated type 3 (0xfb000-0xfb7ff) for rid 4 of orm0\nSep 10 19:38:48  kernel: pcib0: allocated type 3 (0xfb800-0xfbfff) for rid 4 of orm0\nSep 10 19:38:48  kernel: pcib0: allocated type 3 (0xfc000-0xfc7ff) for rid 4 of orm0\nSep 10 19:38:48  kernel: pcib0: allocated type 3 (0xfc800-0xfcfff) for rid 4 of orm0\nSep 10 19:38:48  kernel: pcib0: allocated type 3 (0xfd000-0xfd7ff) for rid 4 of orm0\nSep 10 19:38:48  kernel: pcib0: allocated type 3 (0xfd800-0xfdfff) for rid 4 of orm0\nSep 10 19:38:48  kernel: pcib0: allocated type 3 (0xfe000-0xfe7ff) for rid 4 of orm0\nSep 10 19:38:48  kernel: pcib0: allocated type 3 (0xfe800-0xfefff) for rid 4 of orm0\nSep 10 19:38:48  kernel: pcib0: allocated type 3 (0xff000-0xff7ff) for rid 4 of orm0\nSep 10 19:38:48  kernel: pcib0: allocated type 3 (0xff800-0xfffff) for rid 4 of orm0\nSep 10 19:38:48  kernel: isa_probe_children: disabling PnP devices\nSep 10 19:38:48  kernel: atrtc: atrtc0 already exists; skipping it\nSep 10 19:38:48  kernel: attimer: attimer0 already exists; skipping it\nSep 10 19:38:48  kernel: fdc: fdc0 already exists; skipping it\nSep 10 19:38:48  kernel: ppc: ppc0 already exists; skipping it\nSep 10 19:38:48  kernel: sc: sc0 already exists; skipping it\nSep 10 19:38:48  kernel: uart: uart0 already exists; skipping it\nSep 10 19:38:48  kernel: isa_probe_children: probing non-PnP devices\nSep 10 19:38:48  kernel: orm0: \u003cISA Option ROMs\u003e at iomem 0xc0000-0xcdfff,0xce000-0xcffff,0xd0000-0xd1fff,0xd2000-0xd3fff on isa0\nSep 10 19:38:48  kernel: fb: new array size 4\nSep 10 19:38:48  kernel: atkbd: the current kbd controller command byte 0045\nSep 10 19:38:48  kernel: atkbd: keyboard ID 0xffffffff (1)\nSep 10 19:38:48  kernel: atkbd: failed to reset the keyboard.\nSep 10 19:38:48  kernel: sc0: \u003cSystem console\u003e at flags 0x100 on isa0\nSep 10 19:38:48  kernel: sc0: VGA \u003c16 virtual consoles, flags=0x300\u003e\nSep 10 19:38:48  kernel: sc0: fb0, kbd1, terminal emulator: scteken (teken terminal)\nSep 10 19:38:48  kernel: vga0: \u003cGeneric ISA VGA\u003e at port 0x3c0-0x3df iomem 0xa0000-0xbffff on isa0\nSep 10 19:38:48  kernel: pcib0: allocated type 4 (0x3c0-0x3df) for rid 0 of vga0\nSep 10 19:38:48  kernel: pcib0: allocated type 3 (0xa0000-0xbffff) for rid 0 of vga0\nSep 10 19:38:48  kernel: pcib0: allocated type 4 (0x60-0x60) for rid 0 of atkbdc0\nSep 10 19:38:48  kernel: pcib0: allocated type 4 (0x64-0x64) for rid 1 of atkbdc0\nSep 10 19:38:48  kernel: atkbdc0: \u003cKeyboard controller (i8042)\u003e at port 0x60,0x64 on isa0\nSep 10 19:38:48  kernel: pcib0: allocated type 4 (0x60-0x60) for rid 0 of atkbdc0\nSep 10 19:38:48  kernel: pcib0: allocated type 4 (0x64-0x64) for rid 1 of atkbdc0\nSep 10 19:38:48  kernel: atkbd0: \u003cAT Keyboard\u003e irq 1 on atkbdc0\nSep 10 19:38:48  kernel: kbd0 at atkbd0\nSep 10 19:38:48  kernel: kbd0: atkbd0, AT 84 (1), config:0x0, flags:0x3d0000\nSep 10 19:38:48  kernel: ioapic0: routing intpin 1 (ISA IRQ 1) to lapic 0 vector 62\nSep 10 19:38:48  kernel: atkbd0: [GIANT-LOCKED]\nSep 10 19:38:48  kernel: psm0: unable to allocate IRQ\nSep 10 19:38:48  kernel: pcib0: allocated type 4 (0x2f8-0x2ff) for rid 0 of uart1\nSep 10 19:38:48  kernel: uart1: \u003cns8250\u003e failed to probe at port 0x2f8-0x2ff irq 3 on isa0\nSep 10 19:38:48  kernel: isa_probe_children: probing PnP devices\nSep 10 19:38:48  kernel: est0: \u003cEnhanced SpeedStep Frequency Control\u003e on cpu0\nSep 10 19:38:48  kernel: p4tcc0: \u003cCPU Frequency Thermal Control\u003e on cpu0\nSep 10 19:38:48  kernel: est1: \u003cEnhanced SpeedStep Frequency Control\u003e on cpu1\nSep 10 19:38:48  kernel: p4tcc1: \u003cCPU Frequency Thermal Control\u003e on cpu1\nSep 10 19:38:48  kernel: Device configuration finished.\nSep 10 19:38:48  kernel: procfs registered\nSep 10 19:38:48  kernel: Timecounters tick every 1.000 msec\nSep 10 19:38:48  kernel: vlan: initialized, using hash tables with chaining\nSep 10 19:38:48  kernel: firewire0: 1 nodes, maxhop \u003c= 0 cable IRM irm(0)  (me) \nSep 10 19:38:48  kernel: firewire0: bus manager 0 \nSep 10 19:38:48  kernel: lo0: bpf attached\nSep 10 19:38:48  kernel: hptrr: no controller detected.\nSep 10 19:38:48  kernel: hdac0: Probing codec #0...\nSep 10 19:38:48  kernel: hdac0: HDA Codec #0: Sigmatel STAC9220\nSep 10 19:38:48  kernel: hdac0:  HDA Codec ID: 0x83847690\nSep 10 19:38:48  kernel: hdac0:        Vendor: 0x8384\nSep 10 19:38:48  kernel: hdac0:        Device: 0x7690\nSep 10 19:38:48  kernel: hdac0:      Revision: 0x22\nSep 10 19:38:48  kernel: hdac0:      Stepping: 0x01\nSep 10 19:38:48  kernel: hdac0: PCI Subvendor: 0x01de1028\nSep 10 19:38:48  kernel: hdac0: \tFound audio FG nid=1 startnode=2 endnode=21 total=19\nSep 10 19:38:48  kernel: hdac0: \nSep 10 19:38:48  kernel: hdac0: Processing audio FG cad=0 nid=1...\nSep 10 19:38:48  kernel: hdac0: GPIO: 0xc0000004 NumGPIO=4 NumGPO=0 NumGPI=0 GPIWake=1 GPIUnsol=1\nSep 10 19:38:48  kernel: hdac0:  nid 8 0x40f000f0 as 15 seq  0         Other  None jack  0 loc  0 color Unknown misc 0\nSep 10 19:38:48  kernel: hdac0:  nid 9 0x40f000f1 as 15 seq  1         Other  None jack  0 loc  0 color Unknown misc 0\nSep 10 19:38:48  kernel: hdac0:  nid 13 0x0221101f as  1 seq 15    Headphones  Jack jack  1 loc  2 color   Black misc 0\nSep 10 19:38:48  kernel: hdac0:  nid 14 0x01014010 as  1 seq  0      Line-out  Jack jack  1 loc  1 color   Green misc 0\nSep 10 19:38:48  kernel: hdac0:  nid 15 0x0181302e as  2 seq 14       Line-in  Jack jack  1 loc  1 color    Blue misc 0\nSep 10 19:38:48  kernel: hdac0:  nid 16 0x02a11020 as  2 seq  0           Mic  Jack jack  1 loc  2 color   Black misc 0\nSep 10 19:38:48  kernel: hdac0:  nid 17 0x40f000f2 as 15 seq  2         Other  None jack  0 loc  0 color Unknown misc 0\nSep 10 19:38:48  kernel: hdac0:  nid 18 0x40f000f3 as 15 seq  3         Other  None jack  0 loc  0 color Unknown misc 0\nSep 10 19:38:48  kernel: hdac0: Patched pins configuration:\nSep 10 19:38:48  kernel: hdac0:  nid 8 0x40f000f0 as 15 seq  0         Other  None jack  0 loc  0 color Unknown misc 0 [DISABLED]\nSep 10 19:38:48  kernel: hdac0:  nid 9 0x40f000f1 as 15 seq  1         Other  None jack  0 loc  0 color Unknown misc 0 [DISABLED]\nSep 10 19:38:48  kernel: hdac0:  nid 13 0x0221101f as  1 seq 15    Headphones  Jack jack  1 loc  2 color   Black misc 0\nSep 10 19:38:48  kernel: hdac0:  nid 14 0x01014010 as  1 seq  0      Line-out  Jack jack  1 loc  1 color   Green misc 0\nSep 10 19:38:48  kernel: hdac0:  nid 15 0x0181302e as  2 seq 14       Line-in  Jack jack  1 loc  1 color    Blue misc 0\nSep 10 19:38:48  kernel: hdac0:  nid 16 0x02a11020 as  2 seq  0           Mic  Jack jack  1 loc  2 color   Black misc 0\nSep 10 19:38:48  kernel: hdac0:  nid 17 0x40f000f2 as 15 seq  2         Other  None jack  0 loc  0 color Unknown misc 0 [DISABLED]\nSep 10 19:38:48  kernel: hdac0:  nid 18 0x40f000f3 as 15 seq  3         Other  None jack  0 loc  0 color Unknown misc 0 [DISABLED]\nSep 10 19:38:48  kernel: hdac0: 2 associations found:\nSep 10 19:38:48  kernel: hdac0: Association 0 (1) out:\nSep 10 19:38:48  kernel: hdac0:  Pin nid=14 seq=0\nSep 10 19:38:48  kernel: hdac0:  Pin nid=13 seq=15\nSep 10 19:38:48  kernel: hdac0: Association 1 (2) in:\nSep 10 19:38:48  kernel: hdac0:  Pin nid=16 seq=0\nSep 10 19:38:48  kernel: hdac0:  Pin nid=15 seq=14\nSep 10 19:38:48  kernel: hdac0: Tracing association 0 (1)\nSep 10 19:38:48  kernel: hdac0:  Pin 14 traced to DAC 2\nSep 10 19:38:48  kernel: hdac0:  Pin 13 traced to DAC 2 and hpredir 0\nSep 10 19:38:48  kernel: hdac0: Association 0 (1) trace succeeded\nSep 10 19:38:48  kernel: hdac0: Tracing association 1 (2)\nSep 10 19:38:48  kernel: hdac0:  Pin 16 traced to ADC 3\nSep 10 19:38:48  kernel: hdac0:  Pin 15 traced to ADC 3\nSep 10 19:38:48  kernel: hdac0: Association 1 (2) trace succeeded\nSep 10 19:38:48  kernel: hdac0: Tracing input monitor\nSep 10 19:38:48  kernel: hdac0: Tracing other input monitors\nSep 10 19:38:48  kernel: hdac0:  Tracing nid 15 to out\nSep 10 19:38:48  kernel: hdac0:  Tracing nid 16 to out\nSep 10 19:38:48  kernel: hdac0: Tracing beeper\nSep 10 19:38:48  kernel: hdac0: Enabling headphone/speaker audio routing switching:\nSep 10 19:38:48  kernel: hdac0: \tas=0 sense nid=13 [UNSOL]\nSep 10 19:38:48  kernel: hdac0: Pin sense: nid=13 res=0x7fffffff\nSep 10 19:38:48  kernel: hdac0: FG config/quirks: forcestereo ivref50 ivref80 ivref100 ivref\nSep 10 19:38:48  kernel: hdac0: \nSep 10 19:38:48  kernel: hdac0: +-------------------+\nSep 10 19:38:48  kernel: hdac0: | DUMPING HDA NODES |\nSep 10 19:38:48  kernel: hdac0: +-------------------+\nSep 10 19:38:48  kernel: hdac0: \nSep 10 19:38:48  kernel: hdac0: Default Parameter\nSep 10 19:38:48  kernel: hdac0: -----------------\nSep 10 19:38:48  kernel: hdac0:      Stream cap: 0x00000001\nSep 10 19:38:48  kernel: hdac0:               "
}