{
 "id": 1024645,
 "bug_id": 233579,
 "attachment_id": 0,
 "creation_time": "2018-12-02T21:20:59Z",
 "creator": "dclarke@blastwave.org",
 "text": "Well here is an update after talking with Justin Hibbits. The idea on\nthe table was to try a boot with usefdt=1 which : \n\n    ... forces the loader to generate a device tree from the \n    openfirmware tree, and never call into open firmware from\n    the kernel\n\nSound reasonable. \n\nSystem boots and runs just fine : \n\neris# \neris# setenv LINES '43'\neris# setenv COLUMNS '132'\neris# setenv TERM vt100\neris# \neris# uname -aU\nFreeBSD eris 12.0-RC3 FreeBSD 12.0-RC3 r341271 GENERIC  powerpc 1200086\neris# uptime \n 9:07PM  up 3 mins, 1 user, load averages: 0.14, 0.19, 0.08\neris# sysctl hw.ncpu\nhw.ncpu: 4\neris# getconf -a | grep 'NPROC'\ngetconf: sysconf: _POSIX_FILE_LOCKING: Invalid argument\ngetconf: sysconf: _POSIX_THREAD_SPORADIC_SERVER: Invalid argument\ngetconf: sysconf: _POSIX_TRACE_EVENT_FILTER: Invalid argument\ngetconf: sysconf: _POSIX_TRACE_INHERIT: Invalid argument\ngetconf: sysconf: _POSIX_TRACE_LOG: Invalid argument\ngetconf: sysconf: _XOPEN_VERSION: Invalid argument\nNPROCESSORS_CONF: 4\nNPROCESSORS_ONLN: 4\neris# dmesg \n---\u003c\u003cBOOT\u003e\u003e---\nCopyright (c) 1992-2018 The FreeBSD Project.\nCopyright (c) 1979, 1980, 1983, 1986, 1988, 1989, 1991, 1992, 1993, 1994\n        The Regents of the University of California. All rights reserved.\nFreeBSD is a registered trademark of The FreeBSD Foundation.\nFreeBSD 12.0-RC3 r341271 GENERIC powerpc\ngcc version 4.2.1 20070831 patched [FreeBSD]\nVT(ofwfb): resolution 1280x1024\nPreloaded elf kernel \"/boot/kernel/kernel\" at 0x1be3000.\nPreloaded boot_entropy_cache \"/boot/entropy\" at 0x1be3ed8.\ncpu0: IBM PowerPC 970MP revision 1.1, 2500.38 MHz\ncpu0: Features dc000000\u003cPPC32,PPC64,ALTIVEC,FPU,MMU\u003e\ncpu0: HID0 1511081\u003cDEEPNAP,NAP,DPM,NHR,TBEN,ENATTN\u003e\nreal memory  = 8542404608 (8146 MB)\navailable KVA = 34359590911 (32767 MB)\nPhysical memory chunk(s):\n0x0000000000025000 - 0x00000000000fffff, 897024 bytes (219 pages)\n0x0000000001c61000 - 0x0000000002bfffff, 16379904 bytes (3999 pages)\n0x000000000524e000 - 0x0000000007ffffff, 47915008 bytes (11698 pages)\n0x0000000010000000 - 0x000000007f5effff, 1868496896 bytes (456176 pages)\n0x0000000100000000 - 0x000000027490afff, 6250606592 bytes (1526027 pages)\navail memory = 8152752128 (7775 MB)\nFreeBSD/SMP: Multiprocessor System Detected: 4 CPUs\ncpu0: dev=ff89d680 (BSP)\ncpu1: dev=ff89eb70\ncpu2: dev=ff89f248\ncpu3: dev=ff89f920\nrandom: read 3840 bytes from preloaded cache\nrandom: unblocking device.\narc4random: read 32 bytes from preloaded cache\nVIMAGE (virtualized network stack) enabled\nULE: setup cpu 0\nULE: setup cpu 1\nULE: setup cpu 2\nULE: setup cpu 3\nsnd_unit_init() u=0x00ff8000 [512] d=0x00007c00 [32] c=0x000003ff [1024]\nfeeder_register: snd_unit=-1 snd_maxautovchans=16 latency=5 feeder_rate_min=1 feeder_rate_max=2016000 feeder_rate_round=25\nfirmware: 't5fw_cfg' version 0: 6030 bytes loaded at 0x114a270\nfirmware: 't5fw_cfg_uwire' version 0: 21942 bytes loaded at 0x114b9fe\nfirmware: 't5fw' version 0: 651776 bytes loaded at 0x1150fb4\nrandom: entropy device external interface\nfirmware: 't6fw_cfg' version 0: 6047 bytes loaded at 0x11f01d0\nfirmware: 't6fw_cfg_uwire' version 0: 21908 bytes loaded at 0x11f196f\nfirmware: 't6fw' version 0: 698368 bytes loaded at 0x11f6f03\nfirmware: 't4fw_cfg' version 0: 4651 bytes loaded at 0x10bc80c\nfirmware: 't4fw_cfg_uwire' version 0: 21532 bytes loaded at 0x10bda37\nfirmware: 't4fw' version 0: 553984 bytes loaded at 0x10c2e53\nfirmware: 'isp_1040' version 1: 22944 bytes loaded at 0xe7c000\nfirmware: 'isp_1080' version 1: 31350 bytes loaded at 0xe819a0\nfirmware: 'isp_12160' version 1: 28050 bytes loaded at 0xe89416\nfirmware: 'isp_2100' version 1: 76770 bytes loaded at 0xe901a8\nfirmware: 'isp_2200' version 1: 84566 bytes loaded at 0xea2d8a\nfirmware: 'isp_2300' version 1: 125252 bytes loaded at 0xeb77e0\nfirmware: 'isp_2322' version 1: 120814 bytes loaded at 0xed6124\nfirmware: 'isp_2400' version 1: 204396 bytes loaded at 0xef748c\nfirmware: 'isp_2500' version 1: 218712 bytes loaded at 0xf380e0\nnfslock: pseudo-device\nkbd0 at kbdmux0\nmem: \u003cmemory\u003e\nnull: \u003cfull device, null device, zero device\u003e\nopenfirm: \u003cOpen Firmware control device\u003e\nofwbus0: \u003cOpen Firmware Device Tree\u003e on nexus0\nofwbus0: Malformed reg property on \u003csmu\u003e\ncpulist0: \u003cOpen Firmware CPU Group\u003e on ofwbus0\ncpu0: \u003cOpen Firmware CPU\u003e on cpulist0\ncpu0: Nominal frequency 2500Mhz\npcr0: \u003cPPC 970 Power Control Register\u003e on cpu0\ncpu1: \u003cOpen Firmware CPU\u003e on cpulist0\ncpu1: Nominal frequency 2500Mhz\npcr1: \u003cPPC 970 Power Control Register\u003e on cpu1\ncpu2: \u003cOpen Firmware CPU\u003e on cpulist0\ncpu2: Nominal frequency 2500Mhz\npcr2: \u003cPPC 970 Power Control Register\u003e on cpu2\ncpu3: \u003cOpen Firmware CPU\u003e on cpulist0\ncpu3: Nominal frequency 2500Mhz\npcr3: \u003cPPC 970 Power Control Register\u003e on cpu3\npowermac_nvram0: \u003cApple NVRAM\u003e mem 0xfff04000-0xfff07fff on ofwbus0\npowermac_nvram0: bank0 generation 452, bank1 generation 453\nunin0: \u003cApple UniNorth System Controller\u003e mem 0xf8000000-0xf8ffffff on ofwbus0\nunin0: Version 66\niichb0: \u003cKeywest I2C controller\u003e mem 0xf8001000-0xf8001fff irq 0 on unin0\nunin mapdev: start f8001000, len 4095\niichb0: Revision: A2\niicbus0: \u003cOFW I2C bus\u003e on iichb0\niic0: \u003cI2C generic I/O\u003e on iicbus0\nds17750: \u003cTemp-Monitor DS1775\u003e at addr 0x94 on iicbus0\nds16310: \u003cTemp-Monitor DS1631\u003e at addr 0x96 on iicbus0\nmax66900: \u003cTemp-Monitor MAX6690\u003e at addr 0x98 on iicbus0\nmax66901: \u003cTemp-Monitor MAX6690\u003e at addr 0x9c on iicbus0\nunin0: \u003cdart, dart\u003e mem 0xf8033000-0xf803bfff (no driver attached)\nhtpic0: \u003cOpenPIC Interrupt Controller\u003e mem 0xf8040000-0xf807ffff on unin0\nunin mapdev: start f8040000, len 262143\nhtpic0: Version 1.2, supports 4 CPUs and 124 irqs\npcib0: \u003cIBM CPC945 PCI Express Root\u003e mem 0xf0000000-0xf1ffffff on ofwbus0\npci0: \u003cOFW PCI bus\u003e on pcib0\npci0: domain=0, physical bus=10\nfound-\u003e vendor=0x10de, dev=0x0141, revid=0xa2\n        domain=0, bus=10, slot=0, func=0\n        class=03-00-00, hdrtype=0x00, mfdev=0\n        cmdreg=0x0006, statreg=0x0010, cachelnsz=16 (dwords)\n        lattimer=0x00 (0 ns), mingnt=0x00 (0 ns), maxlat=0x00 (0 ns)\n        intpin=a, irq=0\n        powerspec 2  supports D0 D3  current D0\n        MSI supports 1 message, 64 bit\n        map[10]: type Memory, range 32, base 0xa1000000, size 24, enabled\n        map[14]: type Prefetchable Memory, range 64, base 0x90000000, size 28, enabled\n        map[1c]: type Memory, range 64, base 0xa0000000, size 24, enabled\nvgapci0: \u003cVGA-compatible display\u003e mem 0xa1000000-0xa1ffffff,0x90000000-0x9fffffff,0xa0000000-0xa0ffffff irq 3 at device 0.0 on pci0\nvgapci0: Boot video device\npcib1: \u003cIBM CPC9X5 HyperTransport Tunnel\u003e mem 0xf2000000-0xf47fffff,0xf8070000-0xf8070fff on ofwbus0\npcib1: 86 HT IRQs on device 7.0\npci1: \u003cOFW PCI bus\u003e on pcib1\npci1: domain=1, physical bus=0\npcib1: Enabling MSI window for HyperTransport slave at pci1:0:1:0\nfound-\u003e vendor=0x1166, dev=0x0130, revid=0xa3\n        domain=1, bus=0, slot=1, func=0\n        class=06-04-00, hdrtype=0x01, mfdev=0\n        cmdreg=0x0107, statreg=0x0010, cachelnsz=0 (dwords)\n        lattimer=0x20 (960 ns), mingnt=0x00 (0 ns), maxlat=0x00 (0 ns)\nfound-\u003e vendor=0x1166, dev=0x0130, revid=0xa3\n        domain=1, bus=0, slot=2, func=0\n        class=06-04-00, hdrtype=0x01, mfdev=0\n        cmdreg=0x0107, statreg=0x0010, cachelnsz=0 (dwords)\n        lattimer=0x20 (960 ns), mingnt=0x00 (0 ns), maxlat=0x00 (0 ns)\nfound-\u003e vendor=0x1166, dev=0x0132, revid=0xa3\n        domain=1, bus=0, slot=3, func=0\n        class=06-04-00, hdrtype=0x01, mfdev=0\n        cmdreg=0x0107, statreg=0x0010, cachelnsz=0 (dwords)\n        lattimer=0x00 (0 ns), mingnt=0x00 (0 ns), maxlat=0x00 (0 ns)\nfound-\u003e vendor=0x1166, dev=0x0132, revid=0xa3\n        domain=1, bus=0, slot=4, func=0\n        class=06-04-00, hdrtype=0x01, mfdev=0\n        cmdreg=0x0107, statreg=0x0010, cachelnsz=0 (dwords)\n        lattimer=0x00 (0 ns), mingnt=0x00 (0 ns), maxlat=0x00 (0 ns)\nfound-\u003e vendor=0x1166, dev=0x0132, revid=0xa3\n        domain=1, bus=0, slot=5, func=0\n        class=06-04-00, hdrtype=0x01, mfdev=0\n        cmdreg=0x0107, statreg=0x0010, cachelnsz=0 (dwords)\n        lattimer=0x00 (0 ns), mingnt=0x00 (0 ns), maxlat=0x00 (0 ns)\nfound-\u003e vendor=0x1166, dev=0x0132, revid=0xa3\n        domain=1, bus=0, slot=6, func=0\n        class=06-04-00, hdrtype=0x01, mfdev=0\n        cmdreg=0x0107, statreg=0x0010, cachelnsz=0 (dwords)\n        lattimer=0x00 (0 ns), mingnt=0x00 (0 ns), maxlat=0x00 (0 ns)\nfound-\u003e vendor=0x106b, dev=0x0053, revid=0x00\n        domain=1, bus=0, slot=7, func=0\n        class=06-04-00, hdrtype=0x01, mfdev=0\n        cmdreg=0x0107, statreg=0x0010, cachelnsz=16 (dwords)\n        lattimer=0x00 (0 ns), mingnt=0x00 (0 ns), maxlat=0x00 (0 ns)\nfound-\u003e vendor=0x106b, dev=0x0054, revid=0x00\n        domain=1, bus=0, slot=8, func=0\n        class=06-04-00, hdrtype=0x01, mfdev=0\n        cmdreg=0x0007, statreg=0x0010, cachelnsz=16 (dwords)\n        lattimer=0x00 (0 ns), mingnt=0x00 (0 ns), maxlat=0x00 (0 ns)\nfound-\u003e vendor=0x106b, dev=0x0055, revid=0x00\n        domain=1, bus=0, slot=9, func=0\n        class=06-04-00, hdrtype=0x01, mfdev=0\n        cmdreg=0x0007, statreg=0x0010, cachelnsz=16 (dwords)\n        lattimer=0x00 (0 ns), mingnt=0x00 (0 ns), maxlat=0x00 (0 ns)\npcib2: \u003cOFW PCI-PCI bridge\u003e at device 1.0 on pci1\npcib2:   domain            1\npcib2:   secondary bus     4\npcib2:   subordinate bus   4\npci2: \u003cOFW PCI bus\u003e on pcib2\npci2: domain=1, physical bus=4\npcib3: \u003cOFW PCI-PCI bridge\u003e at device 2.0 on pci1\npcib3:   domain            1\npcib3:   secondary bus     5\npcib3:   subordinate bus   5\npcib3:   memory decode     0xfa500000-0xfa5fffff\npci3: \u003cOFW PCI bus\u003e on pcib3\npci3: domain=1, physical bus=5\nfound-\u003e vendor=0x14e4, dev=0x166a, revid=0x03\n        domain=1, bus=5, slot=4, func=0\n        class=02-00-00, hdrtype=0x00, mfdev=1\n        cmdreg=0x0006, statreg=0x02b0, cachelnsz=16 (dwords)\n        lattimer=0x10 (480 ns), mingnt=0x40 (16000 ns), maxlat=0x00 (0 ns)\n        intpin=a, irq=0\n        powerspec 2  supports D0 D3  current D0\n        MSI supports 8 messages, 64 bit\n        map[10]: type Memory, range 64, base 0xfa530000, size 16, enabled\npcib3: allocated memory range (0xfa530000-0xfa53ffff) for rid 10 of pci1:5:4:0\n        map[18]: type Memory, range 64, base 0xfa520000, size 16, enabled\npcib3: allocated memory range (0xfa520000-0xfa52ffff) for rid 18 of pci1:5:4:0\nfound-\u003e vendor=0x14e4, dev=0x166a, revid=0x03\n        domain=1, bus=5, slot=4, func=1\n        class=02-00-00, hdrtype=0x00, mfdev=1\n        cmdreg=0x0006, statreg=0x02b0, cachelnsz=16 (dwords)\n        lattimer=0x10 (480 ns), mingnt=0x40 (16000 ns), maxlat=0x00 (0 ns)\n        intpin=b, irq=0\n        powerspec 2  supports D0 D3  current D0\n        MSI supports 8 messages, 64 bit\n        map[10]: type Memory, range 64, base 0xfa510000, size 16, enabled\npcib3: allocated memory range (0xfa510000-0xfa51ffff) for rid 10 of pci1:5:4:1\n        map[18]: type Memory, range 64, base 0xfa500000, size 16, enabled\npcib3: allocated memory range (0xfa500000-0xfa50ffff) for rid 18 of pci1:5:4:1\nbge0: \u003cBroadcom BCM5714 B3, ASIC rev. 0x008003\u003e mem 0xfa530000-0xfa53ffff,0xfa520000-0xfa52ffff irq 66 at device 4.0 on pci3\nofw_pci mapdev: start fa530000, len 65536\nbge0: attempting to allocate 1 MSI vectors (8 supported)\nbge0: using IRQ 8 for MSI\nbge0: CHIP ID 0x00008003; ASIC REV 0x08; CHIP REV 0x80; PCI-X 33 MHz\nbge0: NVRAM lock timedout!\nmiibus0: \u003cMII bus\u003e on bge0\nbrgphy0: \u003cBCM5780 1000BASE-T media interface\u003e PHY 1 on miibus0\nbrgphy0: OUI 0x001018, model 0x0035, rev. 0\nbrgphy0:  10baseT, 10baseT-FDX, 100baseTX, 100baseTX-FDX, 1000baseT, 1000baseT-master, 1000baseT-FDX, 1000baseT-FDX-master, auto, auto-flow\nbge0: bpf attached\nbge0: Ethernet address: 00:14:51:64:67:10\nbge1: \u003cBroadcom BCM5714 B3, ASIC rev. 0x008003\u003e mem 0xfa510000-0xfa51ffff,0xfa500000-0xfa50ffff irq 67 at device 4.1 on pci3\nofw_pci mapdev: start fa510000, len 65536\nbge1: attempting to allocate 1 MSI vectors (8 supported)\nbge1: using IRQ 9 for MSI\nbge1: CHIP ID 0x00008003; ASIC REV 0x08; CHIP REV 0x80; PCI-X 33 MHz\nbge1: NVRAM lock timedout!\nmiibus1: \u003cMII bus\u003e on bge1\nbrgphy1: \u003cBCM5780 1000BASE-T media interface\u003e PHY 1 on miibus1\nbrgphy1: OUI 0x001018, model 0x0035, rev. 0\nbrgphy1:  10baseT, 10baseT-FDX, 100baseTX, 100baseTX-FDX, 1000baseT, 1000baseT-master, 1000baseT-FDX, 1000baseT-FDX-master, auto, auto-flow\nbge1: bpf attached\nbge1: Ethernet address: 00:14:51:64:67:11\npcib4: \u003cOFW PCI-PCI bridge\u003e at device 3.0 on pci1\npcib4:   domain            1\npcib4:   secondary bus     6\npcib4:   subordinate bus   6\npci4: \u003cOFW PCI bus\u003e on pcib4\npci4: domain=1, physical bus=6\npcib5: \u003cOFW PCI-PCI bridge\u003e at device 4.0 on pci1\npcib5:   domain            1\npcib5:   secondary bus     7\npcib5:   subordinate bus   7\npci5: \u003cOFW PCI bus\u003e on pcib5\npci5: domain=1, physical bus=7\npcib6: \u003cOFW PCI-PCI bridge\u003e at device 5.0 on pci1\npcib6:   domain            1\npcib6:   secondary bus     8\npcib6:   subordinate bus   8\npci6: \u003cOFW PCI bus\u003e on pcib6\npci6: domain=1, physical bus=8\npcib7: \u003cOFW PCI-PCI bridge\u003e at device 6.0 on pci1\npcib7:   domain            1\npcib7:   secondary bus     9\npcib7:   subordinate bus   9\npci7: \u003cOFW PCI bus\u003e on pcib7\npci7: domain=1, physical bus=9\npcib8: \u003cOFW PCI-PCI bridge\u003e at device 7.0 on pci1\npcib8:   domain            1\npcib8:   secondary bus     2\npcib8:   subordinate bus   2\npcib8:   memory decode     0xfa000000-0xfa3fffff\npci8: \u003cOFW PCI bus\u003e on pcib8\npci8: domain=1, physical bus=2\nfound-\u003e vendor=0x106b, dev=0x0051, revid=0x00\n        domain=1, bus=2, slot=15, func=0\n        class=02-00-00, hdrtype=0x00, mfdev=0\n        cmdreg=0x0004, statreg=0x84a0, cachelnsz=16 (dwords)\n        lattimer=0x10 (480 ns), mingnt=0x40 (16000 ns), maxlat=0x40 (16000 ns)\n        intpin=a, irq=255\n        map[10]: type Memory, range 32, base 0xfa200000, size 21, memory disabled\npcib8: allocated memory range (0xfa200000-0xfa3fffff) for rid 10 of pci1:2:15:0\ngem0: \u003cApple Shasta GMAC Ethernet\u003e mem 0xfa200000-0xfa3fffff at device 15.0 on pci8\npcib8: slot 15 INTA is routed to irq 4\nofw_pci mapdev: start fa200000, len 2097152\ngem0: invalid MAC address\ndevice_attach: gem0 attach returned 6\npcib9: \u003cOFW PCI-PCI bridge\u003e at device 8.0 on pci1\npcib9:   domain            1\npcib9:   secondary bus     1\npcib9:   subordinate bus   1\npcib9:   memory decode     0x80000000-0x800fffff\npci9: \u003cOFW PCI bus\u003e on pcib9\npci9: domain=1, physical bus=1\nfound-\u003e vendor=0x106b, dev=0x004f, revid=0x00\n        domain=1, bus=1, slot=7, func=0\n        class=ff-00-00, hdrtype=0x00, mfdev=0\n        cmdreg=0x0006, statreg=0x0200, cachelnsz=16 (dwords)\n        lattimer=0x10 (480 ns), mingnt=0x00 (0 ns), maxlat=0x00 (0 ns)\n        map[10]: type Memory, range 32, base 0x80000000, size 19, enabled\npcib9: allocated memory range (0x80000000-0x8007ffff) for rid 10 of pci1:1:7:0\nfound-\u003e vendor=0x1033, dev=0x0035, revid=0x43\n        domain=1, bus=1, slot=11, func=0\n        class=0c-03-10, hdrtype=0x00, mfdev=1\n        cmdreg=0x0000, statreg=0x0210, cachelnsz=16 (dwords)\n        lattimer=0x10 (480 ns), mingnt=0x01 (250 ns), maxlat=0x2a (10500 ns)\n        intpin=a, irq=0\n        powerspec 2  supports D0 D1 D2 D3  current D0\n        map[10]: type Memory, range 32, base 0x80082000, size 12, memory disabled\npcib9: allocated memory range (0x80082000-0x80082fff) for rid 10 of pci1:1:11:0\nfound-\u003e vendor=0x1033, dev=0x0035, revid=0x43\n        domain=1, bus=1, slot=11, func=1\n        class=0c-03-10, hdrtype=0x00, mfdev=0\n        cmdreg=0x0000, statreg=0x0210, cachelnsz=16 (dwords)\n        lattimer=0x10 (480 ns), mingnt=0x01 (250 ns), maxlat=0x2a (10500 ns)\n        intpin=b, irq=0\n        powerspec 2  supports D0 D1 D2 D3  current D0\n        map[10]: type Memory, range 32, base 0x80081000, size 12, memory disabled\npcib9: allocated memory range (0x80081000-0x80081fff) for rid 10 of pci1:1:11:1\nfound-\u003e vendor=0x1033, dev=0x00e0, revid=0x04\n        domain=1, bus=1, slot=11, func=2\n        class=0c-03-20, hdrtype=0x00, mfdev=0\n        cmdreg=0x0004, statreg=0x0210, cachelnsz=16 (dwords)\n        lattimer=0x10 (480 ns), mingnt=0x10 (4000 ns), maxlat=0x22 (8500 ns)\n        intpin=c, irq=0\n        powerspec 2  supports D0 D1 D2 D3  current D0\n        map[10]: type Memory, range 32, base 0x80080000, size  8, memory disabled\npcib9: allocated memory range (0x80080000-0x800800ff) for rid 10 of pci1:1:11:2\nmacio0: \u003cShasta I/O Controller\u003e mem 0x80000000-0x8007ffff at device 7.0 on pci9\nofw_pci mapdev: start 80000000, len 524288\nmacgpio0: \u003cMacIO GPIO Controller\u003e mem 0x50-0x8a on macio0\nmacgpio0: \u003cgpio, smu-interrupt\u003e gpio 13 irq 48 (no driver attached)\nmacgpio0: \u003cgpio, programmer-switch\u003e gpio 12 irq 47 (no driver attached)\nmacgpio0: \u003cgpio, chip-fault\u003e gpio 14 irq 49 (no driver attached)\nmacgpio0: \u003cgpio, slewing-done\u003e gpio 56 irq 91 (no driver attached)\nmacgpio0: \u003cgpio, mlb-good\u003e gpio 19 (no driver attached)\nmacgpio0: \u003cgpio, vdnap0\u003e gpio 20 (no driver attached)\nmacgpio0: \u003cgpio, timebase-enable\u003e gpio 38 irq 73 (no driver attached)\nmacgpio0: \u003cgpio, dig-hw-reset-c\u003e gpio 9 (no driver attached)\nmacgpio0: \u003cgpio, codec-error-irq\u003e gpio 50 irq 85 (no driver attached)\nmacgpio0: \u003cgpio, codec-clock-mux\u003e gpio 49 (no driver attached)\nmacgpio0: \u003cgpio, linein-detect\u003e gpio 42 irq 77 (no driver attached)\nscc0: \u003cZilog Z8530 dual channel SCC\u003e mem 0x13000-0x13fff,0x8400-0x84ff,0x8500-0x85ff,0x8600-0x86ff,0x8700-0x87ff irq 23,17,18,24,19,20 on macio0\nscc0: resetting hardware\nuart0: \u003cz8530, channel A\u003e on scc0\nuart0: fast interrupt\nuart0: PPS capture mode: DCD\nuart1: \u003cz8530, channel B\u003e on scc0\nuart1: fast interrupt\nuart1: PPS capture mode: DCD\nscc0: fast interrupt\niichb1: \u003cKeywest I2C controller\u003e mem 0x18000-0x18fff irq 27 on macio0\niichb1: Revision: A1\niicbus1: \u003cOFW I2C bus\u003e on iichb1\niic1: \u003cI2C generic I/O\u003e on iicbus1\nonyx0: \u003cTexas Instruments PCM3052 Audio Codec\u003e at addr 0x8c on iicbus1\niicbus1: \u003cunknown card\u003e at addr 0x24\npcm0: \u003cApple I2S Audio Controller\u003e mem 0x10000-0x10fff,0x8000-0x80ff,0x8100-0x81ff irq 28,11,12,30,15,16 on macio0\nohci0: \u003cNEC uPD 9210 USB controller\u003e mem 0x80082000-0x80082fff irq 70 at device 11.0 on pci9\nofw_pci mapdev: start 80082000, len 4096\nusbus0 on ohci0\nohci0: usbpf: Attached\nohci1: \u003cNEC uPD 9210 USB controller\u003e mem 0x80081000-0x80081fff irq 70 at device 11.1 on pci9\nofw_pci mapdev: start 80081000, len 4096\nusbus1 on ohci1\nohci1: usbpf: Attached\nehci0: \u003cNEC uPD 72010x USB 2.0 controller\u003e mem 0x80080000-0x800800ff irq 70 at device 11.2 on pci9\nofw_pci mapdev: start 80080000, len 256\nusbus2: EHCI version 1.0\nusbus2 on ehci0\nehci0: usbpf: Attached\npcib10: \u003cOFW PCI-PCI bridge\u003e at device 9.0 on pci1\npcib10:   domain            1\npcib10:   secondary bus     3\npcib10:   subordinate bus   3\npcib10:   memory decode     0xfa400000-0xfa4fffff\npci10: \u003cOFW PCI bus\u003e on pcib10\npci10: domain=1, physical bus=3\nfound-\u003e vendor=0x1166, dev=0x0240, revid=0x00\n        domain=1, bus=3, slot=12, func=0\n        class=01-01-8f, hdrtype=0x00, mfdev=1\n        cmdreg=0x0006, statreg=0x0220, cachelnsz=0 (dwords)\n        lattimer=0x10 (480 ns), mingnt=0x00 (0 ns), maxlat=0x00 (0 ns)\n        map[10]: type I/O Port, range 32, base 0, size  3, port disabled\n        map[14]: type I/O Port, range 32, base 0, size  2, port disabled\n        map[18]: type I/O Port, range 32, base 0, size  3, port disabled\n        map[1c]: type I/O Port, range 32, base 0, size  2, port disabled\n        map[20]: type I/O Port, range 32, base 0, size  4, port disabled\n        map[24]: type Memory, range 32, base 0xfa402000, size 13, enabled\npcib10: allocated memory range (0xfa402000-0xfa403fff) for rid 24 of pci1:3:12:0\nfound-\u003e vendor=0x106b, dev=0x0050, revid=0x00\n        domain=1, bus=3, slot=13, func=0\n        class=ff-00-00, hdrtype=0x00, mfdev=0\n        cmdreg=0x0004, statreg=0x8200, cachelnsz=16 (dwords)\n        lattimer=0x20 (960 ns), mingnt=0x00 (0 ns), maxlat=0x00 (0 ns)\n        map[10]: type Memory, range 32, base 0xfa404000, size 14, memory disabled\npcib10: allocated memory range (0xfa404000-0xfa407fff) for rid 10 of pci1:3:13:0\nfound-\u003e vendor=0x106b, dev=0x0052, revid=0x00\n        domain=1, bus=3, slot=14, func=0\n        class=0c-00-10, hdrtype=0x00, mfdev=0\n        cmdreg=0x0000, statreg=0x0290, cachelnsz=16 (dwords)\n        lattimer=0xf8 (7440 ns), mingnt=0x0c (3000 ns), maxlat=0x18 (6000 ns)\n        intpin=a, irq=0\n        powerspec 2  supports D0 D1 D2 D3  current D0\n        map[10]: type Memory, range 32, base 0xfa400000, size 12, memory disabled\npcib10: allocated memory range (0xfa400000-0xfa400fff) for rid 10 of pci1:3:14:0\natapci0: \u003cServerWorks K2 SATA150 controller\u003e mem 0xfa402000-0xfa403fff irq 10 at device 12.0 on pci10\npcib1: failed to reserve resource for pcib10\npcib10: failed to allocate initial I/O port window (0-0xffffffff,0x10)\natapci0: 0x10 bytes of rid 0x20 res 4 failed (0, 0xffffffffffffffff).\nofw_pci mapdev: start fa402000, len 8192\nata2: \u003cATA channel\u003e at channel 0 on atapci0\nata3: \u003cATA channel\u003e at channel 1 on atapci0\nata4: \u003cATA channel\u003e at channel 2 on atapci0\nata5: \u003cATA channel\u003e at channel 3 on atapci0\nata0: \u003cShasta Kauai ATA Controller\u003e mem 0xfa404000-0xfa407fff irq 38,37 at device 13.0 on pci10\nofw_pci mapdev: start fa404000, len 16384\nfwohci0: vendor=106b, dev=52\nfwohci0: vendor=106b, dev=52\nfwohci0: \u003c1394 Open Host Controller Interface\u003e mem 0xfa400000-0xfa400fff irq 39 at device 14.0 on pci10\nofw_pci mapdev: start fa400000, len 4096\nfwohci0: OHCI version 1.0 (ROM=0)\nfwohci0: No. of Isochronous channels is 8.\nfwohci0: EUI64 00:11:24:ff:fe:e5:13:d0\nfwohci0: invalid speed 7 (fixed to 3).\nfwohci0: Phy 1394a available S800, 3 ports.\nfwohci0: Link S800, max_rec 4096 bytes.\nfirewire0: \u003cIEEE1394(FireWire) bus\u003e on fwohci0\nfwe0: \u003cEthernet over FireWire\u003e on firewire0\nif_fwe0: Fake Ethernet address: 02:11:24:e5:13:d0\nfwe0: bpf attached\nfwe0: Ethernet address: 02:11:24:e5:13:d0\nsbp0: \u003cSBP-2/SCSI over FireWire\u003e on firewire0\nfwohci0: Initiate bus reset\nfwohci0: fwohci_intr_core: BUS reset\nfwohci0: PhysicalUpperBound register is not implemented.  Physical memory access is limited to the first 4GB\nfwohci0: PhysicalUpperBound = 0x00000000\nfwohci0: fwohci_intr_core: node_id=0x00000001, SelfID Count=1, CYCLEMASTER mode\nsmu0: \u003cApple System Management Unit\u003e on ofwbus0\nsmu0: Fan: DRIVE BAY A INTAKE type: 0\nsmu0: Fan: BACKSIDE type: 0\nsmu0: Fan: CPU A INTAKE type: 0\nsmu0: Fan: CPU B INTAKE type: 0\nsmu0: Fan: CPU A EXHAUST type: 0\nsmu0: Fan: CPU B EXHAUST type: 0\nsmu0: Fan: CPU A PUMP type: 0\nsmu0: Fan: EXPANSION SLOTS INTAKE type: 0\nsmu0: registered as a time-of-day clock, resolution 0.001000s\niichb2: \u003cSMU I2C controller\u003e on smu0\niicbus2: \u003cOFW I2C bus\u003e on iichb2\niic2: \u003cI2C generic I/O\u003e on iicbus2\nsmusat0: \u003cSMU Satellite Sensors\u003e at addr 0xb0 on iicbus2\nsmusat1: \u003cSMU Satellite Sensors\u003e at addr 0xb2 on iicbus2\niicbus2: \u003cunknown card\u003e at addr 0xd4\niichb3: \u003cSMU I2C controller\u003e on smu0\niicbus3: \u003cOFW I2C bus\u003e on iichb3\niic3: \u003cI2C generic I/O\u003e on iicbus3\nprocfs registered\nTimecounter \"timebase\" frequency 33333333 Hz quality 0\nEvent timer \"decrementer\" frequency 33333333 Hz quality 1000\nTimecounters tick every 1.000 msec\nvlan: initialized, using hash tables with chaining\nfirewire0: 2 nodes, maxhop \u003c= 1 cable IRM irm(1)  (me) \nfirewire0: bus manager 1 \nbge0: link state changed to UP\nusbus0: 12Mbps Full Speed USB v1.0\nusbus1: 12Mbps Full Speed USB v1.0\nlo0: bpf attached\narc4random: read 32 bytes from preloaded cache\narc4random: read 32 bytes from preloaded cache\narc4random: read 32 bytes from preloaded cache\ntcp_init: net.inet.tcp.tcbhashsize auto tuned to 65536\nmax66900: 2 sensors detected.\nmax66900: Sensors\nmax66900: Location : BACKSIDE ID: 6\nmax66900: Location : KODIAK DIODE ID: 7\nmax66901: 2 sensors detected.\nmax66901: Sensors\nmax66901: Location : TUNNEL ID: 1\nmax66901: Location : TUNNEL HEATSINK ID: 2\nugen1.1: \u003cNEC OHCI root HUB\u003e at usbus1\nuhub0: \u003cNEC OHCI root HUB, class 9/0, rev 1.00/1.00, addr 1\u003e on usbus1\nugen0.1: \u003cNEC OHCI root HUB\u003e at usbus0\nuhub1: \u003cNEC OHCI root HUB, class 9/0, rev 1.00/1.00, addr 1\u003e on usbus0\nusbus2: 480Mbps High Speed USB v2.0\nata2: hard reset ...\nugen2.1: \u003cNEC EHCI root HUB\u003e at usbus2\nuhub2: \u003cNEC EHCI root HUB, class 9/0, rev 2.00/1.00, addr 1\u003e on usbus2\nata2: SATA connect time=10ms status=00000113\nata2: reset tp1 mask=01 ostat0=50 ostat1=00\nata2: stat0=0x50 err=0x01 lsb=0x00 msb=0x00\nata2: reset tp2 stat0=50 stat1=00 devices=0x1\nata3: hard reset ...\nata3: SATA connect time=0ms status=00000113\nata3: reset tp1 mask=01 ostat0=d0 ostat1=00\nata3: stat0=0x50 err=0x01 lsb=0x00 msb=0x00\nata3: reset tp2 stat0=50 stat1=00 devices=0x1\nuhub0: 2 ports with 2 removable, self powered\nata4: hard reset ...\nuhub1: 3 ports with 3 removable, self powered\nata4: SATA connect timeout status=00000000\nata5: hard reset ...\nata5: SATA connect timeout status=00000000\nata0: reset tp1 mask=03 ostat0=00 ostat1=00\nata0: stat0=0x00 err=0x01 lsb=0x14 msb=0xeb\nata0: stat1=0x00 err=0x00 lsb=0x00 msb=0x00\nata0: reset tp2 stat0=00 stat1=00 devices=0x10000\npcm0: Mixer \"vol\":\nuhub2: 5 ports with 5 removable, self powered\nada0 at ata2 bus 0 scbus0 target 0 lun 0\nada0: \u003cHitachi HDS725050KLA360 K2ABC20A\u003e ATA-7 SATA 1.x device\nada0: Serial Number KRVN23ZAHA5DBD\nada0: 150.000MB/s transfers (SATA 1.x, UDMA5, PIO 8192bytes)\nada0: 476940MB (976773168 512 byte sectors)\nGEOM: new disk cd0\nGEOM: new disk ada0\nada1 at ata3 bus 0 scbus1 target 0 lun 0\nada1: \u003cST3250823AS 3.03\u003e ATA-7 SATA 1.x device\nada1: Serial Number 5ND1HQX1\nada1: 150.000MB/s transfers (SATA 1.x, UDMA5, PIO 8192bytes)\nada1: 238475MB (488397168 512 byte sectors)\npass0 at ata2 bus 0 scbus0 target 0 lun 0\npass0: \u003cHitachi HDS725050KLA360 K2ABC20A\u003e ATA-7 SATA 1.x device\npass0: Serial Number KRVN23ZAHA5DBD\ncd0 at ata0 bus 0 scbus4 target 0 lun 0\ncd0: \u003cHL-DT-ST DVD-RW GWA-4165B C006\u003e Removable CD-ROM SCSI device\ncd0: Serial Number M0063NE3358\ncd0: 66.700MB/s transfers (UDMA4, ATAPI 12bytes, PIO 65534bytes)\ncd0: 4482MB (2295104 2048 byte sectors)\npass0: 150.000MB/s transfers (SATA 1.x, UDMA5, PIO 8192bytes)\npass1 at ata3 bus 0 scbus1 target 0 lun 0\npass1: \u003cST3250823AS 3.03\u003e ATA-7 SATA 1.x device\npass1: Serial Number 5ND1HQX1\npass1: 150.000MB/s transfers (SATA 1.x, UDMA5, PIO 8192bytes)\npass2 at ata0 bus 0 scbus4 target 0 lun 0\npass2: \u003cHL-DT-ST DVD-RW GWA-4165B C006\u003e Removable CD-ROM SCSI device\npass2: Serial Number M0063NE3358\npass2: 66.700MB/s transfers (UDMA4, ATAPI 12bytes, PIO 65534bytes)\nugen1.2: \u003cLite-On Technology Corp. USB Multimedia Keyboard\u003e at usbus1\nAdding CPU 0, hwref=ff89d680, awake=1\nWaking up CPU 1 (dev=ff89eb70)\nAdding CPU 1, hwref=ff89eb70, awake=1\nWaking up CPU 2 (dev=ff89f248)\nAdding CPU 2, hwref=ff89f248, awake=1\nWaking up CPU 3 (dev=ff89f920)\nAdding CPU 3, hwref=ff89f920, awake=1\nSMP: AP CPU #1 launched\nSMP: AP CPU #2 launched\nSMP: AP CPU #3 launched\nTrying to mount root from ufs:/dev/ada0s3 [rw]...\nukbd0 on uhub0\nukbd0: \u003cLite-On Technology Corp. USB Multimedia Keyboard, class 0/0, rev 1.10/1.04, addr 2\u003e on usbus1\nkbd: new array size 4\nkbd1 at ukbd0\nkbd1: ukbd0, generic (0), config:0x0, flags:0x3d0000\nuhid0 on uhub0\nuhid0: \u003cLite-On Technology Corp. USB Multimedia Keyboard, class 0/0, rev 1.10/1.04, addr 2\u003e on usbus1\nGEOM: new disk ada1\nsmu0: providing initial system time\nstart_init: trying /sbin/init\nlo0: link state changed to UP\nbge0: link state changed to DOWN\nbge0: link state changed to UP\nmodule_register: cannot register gem/miibus from if_gem.ko; already loaded from kernel\nModule gem/miibus failed to register: 17\nmodule_register: cannot register pci/gem from if_gem.ko; already loaded from kernel\nModule pci/gem failed to register: 17\neris# \neris# \neris# dmesg \u003e foo \neris# diff foo /var/run/dmesg.boot\n541,544d540\n\u003c module_register: cannot register gem/miibus from if_gem.ko; already loaded from kernel\n\u003c Module gem/miibus failed to register: 17\n\u003c module_register: cannot register pci/gem from if_gem.ko; already loaded from kernel\n\u003c Module pci/gem failed to register: 17\neris# \n\nI will try again without kern.smp.disabled and also without usefdt=1 and \nsee what happens."
}