{
 "id": 441864,
 "bug_id": 122954,
 "attachment_id": 0,
 "creation_time": "2008-04-21T08:30:03Z",
 "creator": "seh-k3t3z4@mail.quadrizen.com",
 "text": "I have multiple systems with multiple Ethernet interfaces.  I am configuring lagg devices with a subset of those interfaces, and the lagg devices does not derive its EUI64 node address from the Ethernet address of the lagg device.  If VLANs are configured on the lagg device, they inherit the wrong EUI64 value.  In the example below, bge0/bge1 are used to form the lagg0 interface, and the EUI64 value is based on the interface em0.\n\nThe problem appears to be in the way the kernel is handing the automatic generation of the link local address.\n\nAs an aside, I always see the line \"kldload: Unsupported file type\" when creating the lagg device, but everything appears to work.\n\nHow-To-Repeat: Three sections follow.  The rc.conf, ifconfig -a output and dmesg -a output:\n\nA minimal /etc/rc.conf configuration for a system with em0, bge0, and bge1 Gigabit Ethernet interfaces:\n\ncloned_interfaces=\"lagg0\"\nifconfig_bge0=\"up\"\nifconfig_bge1=\"up\"\nifconfig_lagg0=\"inet 192.168.160.56 netmask 255.255.255.192 laggproto lacp laggport bge0 laggport bge1\"\nipv6_enable=\"YES\"\n\nHere is the ifconfig -a output after booting a raw 6.3 installation:\n\nem0: flags=8843\u003cUP,BROADCAST,RUNNING,SIMPLEX,MULTICAST\u003e mtu 1500\n\toptions=1b\u003cRXCSUM,TXCSUM,VLAN_MTU,VLAN_HWTAGGING\u003e\n\tinet6 fe80::21b:21ff:fe0c:bed9%em0 prefixlen 64 scopeid 0x1 \n\tether 00:1b:21:0c:be:d9\n\tmedia: Ethernet autoselect\n\tstatus: no carrier\nbge0: flags=8843\u003cUP,BROADCAST,RUNNING,SIMPLEX,MULTICAST\u003e mtu 1500\n\toptions=1b\u003cRXCSUM,TXCSUM,VLAN_MTU,VLAN_HWTAGGING\u003e\n\tinet6 fe80::214:22ff:fe7c:a6bd%bge0 prefixlen 64 scopeid 0x2 \n\tether 00:14:22:7c:a6:bd\n\tmedia: Ethernet autoselect (100baseTX \u003cfull-duplex\u003e)\n\tstatus: active\n\tlagg: laggdev lagg0\nbge1: flags=8843\u003cUP,BROADCAST,RUNNING,SIMPLEX,MULTICAST\u003e mtu 1500\n\toptions=1b\u003cRXCSUM,TXCSUM,VLAN_MTU,VLAN_HWTAGGING\u003e\n\tinet6 fe80::214:22ff:fe7c:a6be%bge1 prefixlen 64 scopeid 0x3 \n\tether 00:14:22:7c:a6:bd\n\tmedia: Ethernet autoselect (100baseTX \u003cfull-duplex\u003e)\n\tstatus: active\n\tlagg: laggdev lagg0\nlo0: flags=8049\u003cUP,LOOPBACK,RUNNING,MULTICAST\u003e mtu 16384\n\tinet6 ::1 prefixlen 128 \n\tinet6 fe80::1%lo0 prefixlen 64 scopeid 0x4 \n\tinet 127.0.0.1 netmask 0xff000000 \nlagg0: flags=8843\u003cUP,BROADCAST,RUNNING,SIMPLEX,MULTICAST\u003e mtu 1500\n\toptions=1b\u003cRXCSUM,TXCSUM,VLAN_MTU,VLAN_HWTAGGING\u003e\n\tinet6 fe80::21b:21ff:fe0c:bed9%lagg0 prefixlen 64 scopeid 0x5 \n\tinet 192.168.160.56 netmask 0xffffffc0 broadcast 192.168.160.63\n\tether 00:14:22:7c:a6:bd\n\tmedia: Ethernet autoselect\n\tstatus: active\n\tlaggproto lacp\n\tlaggport: bge1 flags=1c\u003cACTIVE,COLLECTING,DISTRIBUTING\u003e\n\tlaggport: bge0 flags=1c\u003cACTIVE,COLLECTING,DISTRIBUTING\u003e\n\nOutput of dmesg  -a:\n\nCopyright (c) 1992-2008 The FreeBSD Project.\nCopyright (c) 1979, 1980, 1983, 1986, 1988, 1989, 1991, 1992, 1993, 1994\n\tThe Regents of the University of California. All rights reserved.\nFreeBSD is a registered trademark of The FreeBSD Foundation.\nFreeBSD 6.3-RELEASE #0: Wed Jan 16 01:43:02 UTC 2008\n    root@palmer.cse.buffalo.edu:/usr/obj/usr/src/sys/SMP\nACPI APIC Table: \u003cDELL   PE850   \u003e\nTimecounter \"i8254\" frequency 1193182 Hz quality 0\nCPU: Intel(R) Pentium(R) 4 CPU 3.00GHz (3003.13-MHz K8-class CPU)\n  Origin = \"GenuineIntel\"  Id = 0xf43  Stepping = 3\n  Features=0xbfebfbff\u003cFPU,VME,DE,PSE,TSC,MSR,PAE,MCE,CX8,APIC,SEP,MTRR,PGE,MCA,CMOV,PAT,PSE36,CLFLUSH,DTS,ACPI,MMX,FXSR,SSE,SSE2,SS,HTT,TM,PBE\u003e\n  Features2=0x649d\u003cSSE3,RSVD2,MON,DS_CPL,EST,CNXT-ID,CX16,xTPR\u003e\n  AMD Features=0x20100800\u003cSYSCALL,NX,LM\u003e\n  Logical CPUs per core: 2\nreal memory  = 1073479680 (1023 MB)\navail memory = 1022824448 (975 MB)\nFreeBSD/SMP: Multiprocessor System Detected: 2 CPUs\n cpu0 (BSP): APIC ID:  0\n cpu1 (AP): APIC ID:  1\nioapic0: Changing APIC ID to 2\nioapic1: Changing APIC ID to 3\nioapic0 \u003cVersion 2.0\u003e irqs 0-23 on motherboard\nioapic1 \u003cVersion 2.0\u003e irqs 32-55 on motherboard\nkbd1 at kbdmux0\nath_hal: 0.9.20.3 (AR5210, AR5211, AR5212, RF5111, RF5112, RF2413, RF5413)\nhptrr: HPT RocketRAID controller driver v1.1 (Jan 16 2008 01:41:13)\nacpi0: \u003cDELL PE850\u003e on motherboard\nacpi0: Power Button (fixed)\nTimecounter \"ACPI-fast\" frequency 3579545 Hz quality 1000\nacpi_timer0: \u003c24-bit timer at 3.579545MHz\u003e port 0x808-0x80b on acpi0\nacpi_hpet0: \u003cHigh Precision Event Timer\u003e iomem 0xfed00000-0xfed003ff on acpi0\nTimecounter \"HPET\" frequency 14318180 Hz quality 900\ncpu0: \u003cACPI CPU\u003e on acpi0\ncpu1: \u003cACPI CPU\u003e on acpi0\npcib0: \u003cACPI Host-PCI bridge\u003e port 0xcf8-0xcff on acpi0\npci0: \u003cACPI PCI bus\u003e on pcib0\npcib1: \u003cACPI PCI-PCI bridge\u003e at device 1.0 on pci0\npci1: \u003cACPI PCI bus\u003e on pcib1\npcib2: \u003cACPI PCI-PCI bridge\u003e at device 28.0 on pci0\npci2: \u003cACPI PCI bus\u003e on pcib2\npcib3: \u003cACPI PCI-PCI bridge\u003e at device 0.0 on pci2\npci3: \u003cACPI PCI bus\u003e on pcib3\nem0: \u003cIntel(R) PRO/1000 Network Connection Version - 6.7.2\u003e port 0xecc0-0xecff mem 0xfe9e0000-0xfe9fffff,0xfe9c0000-0xfe9dffff irq 35 at device 2.0 on pci3\nem0: Ethernet address: 00:1b:21:0c:be:d9\npcib4: \u003cACPI PCI-PCI bridge\u003e at device 28.4 on pci0\npci4: \u003cACPI PCI bus\u003e on pcib4\nbge0: \u003cBroadcom BCM5750 B1, ASIC rev. 0x4101\u003e mem 0xfe6f0000-0xfe6fffff irq 16 at device 0.0 on pci4\nmiibus0: \u003cMII bus\u003e on bge0\nbrgphy0: \u003cBCM5750 10/100/1000baseTX PHY\u003e on miibus0\nbrgphy0:  10baseT, 10baseT-FDX, 100baseTX, 100baseTX-FDX, 1000baseT, 1000baseT-FDX, auto\nbge0: Ethernet address: 00:14:22:7c:a6:bd\npcib5: \u003cACPI PCI-PCI bridge\u003e at device 28.5 on pci0\npci5: \u003cACPI PCI bus\u003e on pcib5\nbge1: \u003cBroadcom BCM5750 B1, ASIC rev. 0x4101\u003e mem 0xfe4f0000-0xfe4fffff irq 17 at device 0.0 on pci5\nmiibus1: \u003cMII bus\u003e on bge1\nbrgphy1: \u003cBCM5750 10/100/1000baseTX PHY\u003e on miibus1\nbrgphy1:  10baseT, 10baseT-FDX, 100baseTX, 100baseTX-FDX, 1000baseT, 1000baseT-FDX, auto\nbge1: Ethernet address: 00:14:22:7c:a6:be\nuhci0: \u003cUHCI (generic) USB controller\u003e port 0xace0-0xacff irq 20 at device 29.0 on pci0\nuhci0: [GIANT-LOCKED]\nusb0: \u003cUHCI (generic) USB controller\u003e on uhci0\nusb0: USB revision 1.0\nuhub0: Intel UHCI root hub, class 9/0, rev 1.00/1.00, addr 1\nuhub0: 2 ports with 2 removable, self powered\nuhci1: \u003cUHCI (generic) USB controller\u003e port 0xacc0-0xacdf irq 21 at device 29.1 on pci0\nuhci1: [GIANT-LOCKED]\nusb1: \u003cUHCI (generic) USB controller\u003e on uhci1\nusb1: USB revision 1.0\nuhub1: Intel UHCI root hub, class 9/0, rev 1.00/1.00, addr 1\nuhub1: 2 ports with 2 removable, self powered\nuhci2: \u003cUHCI (generic) USB controller\u003e port 0xaca0-0xacbf irq 22 at device 29.2 on pci0\nuhci2: [GIANT-LOCKED]\nusb2: \u003cUHCI (generic) USB controller\u003e on uhci2\nusb2: USB revision 1.0\nuhub2: Intel UHCI root hub, class 9/0, rev 1.00/1.00, addr 1\nuhub2: 2 ports with 2 removable, self powered\nehci0: \u003cIntel 82801GB/R (ICH7) USB 2.0 controller\u003e mem 0xfeb00400-0xfeb007ff irq 20 at device 29.7 on pci0\nehci0: [GIANT-LOCKED]\nusb3: EHCI version 1.0\nusb3: wrong number of companions (7 != 3)\nusb3: companion controllers, 2 ports each: usb0 usb1 usb2\nusb3: \u003cIntel 82801GB/R (ICH7) USB 2.0 controller\u003e on ehci0\nusb3: USB revision 2.0\nuhub3: Intel EHCI root hub, class 9/0, rev 2.00/1.00, addr 1\nuhub3: 6 ports with 6 removable, self powered\npcib6: \u003cACPI PCI-PCI bridge\u003e at device 30.0 on pci0\npci6: \u003cACPI PCI bus\u003e on pcib6\npci6: \u003cdisplay, VGA\u003e at device 5.0 (no driver attached)\nisab0: \u003cPCI-ISA bridge\u003e at device 31.0 on pci0\nisa0: \u003cISA bus\u003e on isab0\natapci0: \u003cIntel ICH7 UDMA100 controller\u003e port 0x1f0-0x1f7,0x3f6,0x170-0x177,0x376,0xfc00-0xfc0f at device 31.1 on pci0\nata0: \u003cATA channel 0\u003e on atapci0\nata1: \u003cATA channel 1\u003e on atapci0\natapci1: \u003cIntel ICH7 SATA300 controller\u003e port 0xac98-0xac9f,0xac90-0xac93,0xac80-0xac87,0xac78-0xac7b,0xac60-0xac6f mem 0xfeb00000-0xfeb003ff irq 20 at device 31.2 on pci0\nata2: \u003cATA channel 0\u003e on atapci1\nata3: \u003cATA channel 1\u003e on atapci1\npci0: \u003cserial bus, SMBus\u003e at device 31.3 (no driver attached)\nfdc0: \u003cfloppy drive controller\u003e port 0x3f0-0x3f5,0x3f7 irq 6 drq 2 on acpi0\nfdc0: does not respond\ndevice_attach: fdc0 attach returned 6\natkbdc0: \u003cKeyboard controller (i8042)\u003e port 0x60,0x64 irq 1 on acpi0\natkbd0: \u003cAT Keyboard\u003e irq 1 on atkbdc0\nkbd0 at atkbd0\natkbd0: [GIANT-LOCKED]\npsm0: \u003cPS/2 Mouse\u003e irq 12 on atkbdc0\npsm0: [GIANT-LOCKED]\npsm0: model IntelliMouse Explorer, device ID 4\nsio0: \u003c16550A-compatible COM port\u003e port 0x3f8-0x3ff irq 4 flags 0x10 on acpi0\nsio0: type 16550A\nfdc0: \u003cfloppy drive controller\u003e port 0x3f0-0x3f5,0x3f7 irq 6 drq 2 on acpi0\nfdc0: does not respond\ndevice_attach: fdc0 attach returned 6\norm0: \u003cISA Option ROMs\u003e at iomem 0xc0000-0xc7fff,0xc8000-0xc8fff,0xec000-0xeffff on isa0\nppc0: cannot reserve I/O port range\nsc0: \u003cSystem console\u003e at flags 0x100 on isa0\nsc0: VGA \u003c16 virtual consoles, flags=0x300\u003e\nsio1: configured irq 3 not in bitmap of probed irqs 0\nsio1: port may not be enabled\nvga0: \u003cGeneric ISA VGA\u003e at port 0x3c0-0x3df iomem 0xa0000-0xbffff on isa0\nTimecounters tick every 1.000 msec\nhptrr: no controller detected.\nacd0: CDRW \u003cTSSTcorpCD-RW/DVD-ROM TSL462C/DE01\u003e at ata0-master UDMA33\nad4: 76293MB \u003cMaxtor 6L080M0 BACE1G10\u003e at ata2-master SATA150\nad6: 476940MB \u003cSeagate ST3500641AS 3.AAD\u003e at ata3-master SATA150\nSMP: AP CPU #1 Launched!\nTrying to mount root from ufs:/dev/ad4s1a\nLoading configuration files.\nEntropy harvesting:\n interrupts\n ethernet\n point_to_point\n kickstart"
}