{
 "id": 672850,
 "bug_id": 169488,
 "attachment_id": 0,
 "creation_time": "2012-06-27T15:40:06Z",
 "creator": "datastream.freecity@gmail.com",
 "text": "chromium 18/19 crash system\n\nHow-To-Repeat: random\nrun chromium\ngcc-4.6.4.20120608, chromium-19.0.1084.56_1\nor system's clang, chromium-18\n\nCopyright (c) 1992-2012 The FreeBSD Project.\nCopyright (c) 1979, 1980, 1983, 1986, 1988, 1989, 1991, 1992, 1993, 1994\n\tThe Regents of the University of California. All rights reserved.\nFreeBSD is a registered trademark of The FreeBSD Foundation.\nFreeBSD 10.0-CURRENT #7 r237128: Sat Jun 16 11:28:13 CST 2012\n    root@datastream.local:/usr/obj/usr/src/sys/G10laptop amd64\nmodule_register: module vesa already exists!\nModule vesa failed to register: 17\nCPU: Intel(R) Core(TM)2 Duo CPU     T7700  @ 2.40GHz (2394.06-MHz K8-class CPU)\n  Origin = \"GenuineIntel\"  Id = 0x6fb  Family = 6  Model = f  Stepping = 11\n  Features=0xbfebfbff\u003cFPU,VME,DE,PSE,TSC,MSR,PAE,MCE,CX8,APIC,SEP,MTRR,PGE,MCA,CMOV,PAT,PSE36,CLFLUSH,DTS,ACPI,MMX,FXSR,SSE,SSE2,SS,HTT,TM,PBE\u003e\n  Features2=0xe3bd\u003cSSE3,DTES64,MON,DS_CPL,VMX,EST,TM2,SSSE3,CX16,xTPR,PDCM\u003e\n  AMD Features=0x20100800\u003cSYSCALL,NX,LM\u003e\n  AMD Features2=0x1\u003cLAHF\u003e\n  TSC: P-state invariant, performance statistics\nreal memory  = 4294967296 (4096 MB)\navail memory = 4007866368 (3822 MB)\nACPI APIC Table: \u003cLENOVO TP-7L   \u003e\nFreeBSD/SMP: Multiprocessor System Detected: 2 CPUs\nFreeBSD/SMP: 1 package(s) x 2 core(s)\n cpu0 (BSP): APIC ID:  0\n cpu1 (AP): APIC ID:  1\nACPI Warning: 32/64X length mismatch in Gpe1Block: 0/32 (20120518/tbfadt-596)\nACPI Warning: Optional field Gpe1Block has zero address or length: 0x000000000000102C/0x0 (20120518/tbfadt-625)\nioapic0: Changing APIC ID to 1\nioapic0 \u003cVersion 2.0\u003e irqs 0-23 on motherboard\nkbd1 at kbdmux0\nctl: CAM Target Layer loaded\nacpi0: \u003cLENOVO TP-7L\u003e on motherboard\nCPU0: local APIC error 0x40\nacpi_ec0: \u003cEmbedded Controller: GPE 0x12, ECDT\u003e port 0x62,0x66 on acpi0\nacpi0: Power Button (fixed)\nacpi0: reservation of 0, a0000 (3) failed\nacpi0: reservation of 100000, bff00000 (3) failed\ncpu0: \u003cACPI CPU\u003e on acpi0\ncpu1: \u003cACPI CPU\u003e on acpi0\nattimer0: \u003cAT timer\u003e port 0x40-0x43 irq 0 on acpi0\nTimecounter \"i8254\" frequency 1193182 Hz quality 0\nEvent timer \"i8254\" frequency 1193182 Hz quality 100\nhpet0: \u003cHigh Precision Event Timer\u003e iomem 0xfed00000-0xfed003ff on acpi0\nTimecounter \"HPET\" frequency 14318180 Hz quality 950\nEvent timer \"HPET\" frequency 14318180 Hz quality 450\nEvent timer \"HPET1\" frequency 14318180 Hz quality 440\nEvent timer \"HPET2\" frequency 14318180 Hz quality 440\natrtc0: \u003cAT realtime clock\u003e port 0x70-0x71 irq 8 on acpi0\nTimecounter \"ACPI-fast\" frequency 3579545 Hz quality 900\nacpi_timer0: \u003c24-bit timer at 3.579545MHz\u003e port 0x1008-0x100b on acpi0\nacpi_lid0: \u003cControl Method Lid Switch\u003e on acpi0\nacpi_button0: \u003cSleep Button\u003e on acpi0\npcib0: \u003cACPI Host-PCI bridge\u003e port 0xcf8-0xcff on acpi0\npci0: \u003cACPI PCI bus\u003e on pcib0\npcib1: \u003cACPI PCI-PCI bridge\u003e irq 16 at device 1.0 on pci0\npci1: \u003cACPI PCI bus\u003e on pcib1\nvgapci0: \u003cVGA-compatible display\u003e port 0x2000-0x207f mem 0xd2000000-0xd2ffffff,0xe0000000-0xefffffff,0xd0000000-0xd1ffffff irq 16 at device 0.0 on pci1\nnvidia0: \u003cQuadro NVS 140M\u003e on vgapci0\nvgapci0: child nvidia0 requested pci_enable_io\nvgapci0: child nvidia0 requested pci_enable_io\nem0: \u003cIntel(R) PRO/1000 Network Connection 7.3.2\u003e port 0x1840-0x185f mem 0xfe200000-0xfe21ffff,0xfe225000-0xfe225fff irq 20 at device 25.0 on pci0\nem0: Using an MSI interrupt\nem0: Ethernet address: 00:1c:25:1c:fb:d0\nuhci0: \u003cIntel 82801H (ICH8) USB controller USB-D\u003e port 0x1860-0x187f irq 20 at device 26.0 on pci0\nusbus0 on uhci0\nuhci1: \u003cIntel 82801H (ICH8) USB controller USB-E\u003e port 0x1880-0x189f irq 21 at device 26.1 on pci0\nusbus1 on uhci1\nehci0: \u003cIntel 82801H (ICH8) USB 2.0 controller USB2-B\u003e mem 0xfe226c00-0xfe226fff irq 22 at device 26.7 on pci0\nusbus2: EHCI version 1.0\nusbus2 on ehci0\nhdac0: \u003cIntel 82801H HDA Controller\u003e mem 0xfe220000-0xfe223fff irq 17 at device 27.0 on pci0\npcib2: \u003cACPI PCI-PCI bridge\u003e irq 20 at device 28.0 on pci0\npci2: \u003cACPI PCI bus\u003e on pcib2\npci2: \u003cmemory\u003e at device 0.0 (no driver attached)\npcib3: \u003cACPI PCI-PCI bridge\u003e irq 21 at device 28.1 on pci0\npci3: \u003cACPI PCI bus\u003e on pcib3\niwn0: \u003cIntel Wireless WiFi Link 4965\u003e mem 0xd7dfe000-0xd7dfffff irq 17 at device 0.0 on pci3\npcib4: \u003cACPI PCI-PCI bridge\u003e irq 22 at device 28.2 on pci0\npci4: \u003cACPI PCI bus\u003e on pcib4\npcib5: \u003cACPI PCI-PCI bridge\u003e irq 23 at device 28.3 on pci0\npci5: \u003cACPI PCI bus\u003e on pcib5\npcib6: \u003cACPI PCI-PCI bridge\u003e irq 20 at device 28.4 on pci0\npci13: \u003cACPI PCI bus\u003e on pcib6\nuhci2: \u003cIntel 82801H (ICH8) USB controller USB-A\u003e port 0x18a0-0x18bf irq 16 at device 29.0 on pci0\nusbus3 on uhci2\nuhci3: \u003cIntel 82801H (ICH8) USB controller USB-B\u003e port 0x18c0-0x18df irq 17 at device 29.1 on pci0\nusbus4 on uhci3\nuhci4: \u003cIntel 82801H (ICH8) USB controller USB-C\u003e port 0x18e0-0x18ff irq 18 at device 29.2 on pci0\nusbus5 on uhci4\nehci1: \u003cIntel 82801H (ICH8) USB 2.0 controller USB2-A\u003e mem 0xfe227000-0xfe2273ff irq 19 at device 29.7 on pci0\nusbus6: EHCI version 1.0\nusbus6 on ehci1\npcib7: \u003cACPI PCI-PCI bridge\u003e at device 30.0 on pci0\npci21: \u003cACPI PCI bus\u003e on pcib7\ncbb0: \u003cRF5C476 PCI-CardBus Bridge\u003e mem 0xf8100000-0xf8100fff irq 16 at device 0.0 on pci21\ncardbus0: \u003cCardBus bus\u003e on cbb0\npccard0: \u003c16-bit PCCard bus\u003e on cbb0\nisab0: \u003cPCI-ISA bridge\u003e at device 31.0 on pci0\nisa0: \u003cISA bus\u003e on isab0\natapci0: \u003cIntel ICH8M UDMA100 controller\u003e port 0x1f0-0x1f7,0x3f6,0x170-0x177,0x376,0x1830-0x183f at device 31.1 on pci0\nata0: \u003cATA channel\u003e at channel 0 on atapci0\nahci0: \u003cIntel ICH8M AHCI SATA controller\u003e port 0x1c48-0x1c4f,0x1c1c-0x1c1f,0x1c40-0x1c47,0x1c18-0x1c1b,0x1c20-0x1c3f mem 0xfe226000-0xfe2267ff irq 16 at device 31.2 on pci0\nahci0: AHCI v1.10 with 3 1.5Gbps ports, Port Multiplier not supported\nahcich0: \u003cAHCI channel\u003e at channel 0 on ahci0\nahcich2: \u003cAHCI channel\u003e at channel 2 on ahci0\npci0: \u003cserial bus, SMBus\u003e at device 31.3 (no driver attached)\nacpi_tz0: \u003cThermal Zone\u003e on acpi0\nacpi_tz1: \u003cThermal Zone\u003e on acpi0\natkbdc0: \u003cKeyboard controller (i8042)\u003e port 0x60,0x64 irq 1 on acpi0\natkbd0: \u003cAT Keyboard\u003e irq 1 on atkbdc0\nkbd0 at atkbd0\natkbd0: [GIANT-LOCKED]\npsm0: \u003cPS/2 Mouse\u003e irq 12 on atkbdc0\npsm0: [GIANT-LOCKED]\npsm0: model Synaptics Touchpad, device ID 0\ntpm0: \u003cTrusted Platform Module\u003e iomem 0xfed40000-0xfed44fff on acpi0\ntpm: device 0x32031114 rev 0x9\nbattery0: \u003cACPI Control Method Battery\u003e on acpi0\nacpi_acad0: \u003cAC Adapter\u003e on acpi0\nacpi_ibm0: \u003cIBM ThinkPad ACPI Extras\u003e on acpi0\norm0: \u003cISA Option ROMs\u003e at iomem 0xc0000-0xcefff,0xcf000-0xcffff,0xd0000-0xd0fff,0xe0000-0xeffff on isa0\nsc0: \u003cSystem console\u003e at flags 0x1490180 on isa0\nsc0: VGA \u003c16 virtual consoles, flags=0x1490380\u003e\nvga0: \u003cGeneric ISA VGA\u003e at port 0x3c0-0x3df iomem 0xa0000-0xbffff on isa0\ncoretemp0: \u003cCPU On-Die Thermal Sensors\u003e on cpu0\nest0: \u003cEnhanced SpeedStep Frequency Control\u003e on cpu0\ncoretemp1: \u003cCPU On-Die Thermal Sensors\u003e on cpu1\nest1: \u003cEnhanced SpeedStep Frequency Control\u003e on cpu1\nZFS filesystem version: 5\nZFS storage pool version: features support (5000)\nTimecounters tick every 10.000 msec\nhdacc0: \u003cAnalog Devices AD1984 HDA CODEC\u003e at cad 0 on hdac0\nhdaa0: \u003cAnalog Devices AD1984 HDA CODEC Audio Function Group\u003e at nid 1 on hdacc0\npcm0: \u003cAnalog Devices AD1984 HDA CODEC PCM (Analog 2.0+HP/2.0)\u003e at nid 18,17 and 28,20,21 on hdaa0\npcm1: \u003cAnalog Devices AD1984 HDA CODEC PCM (Ext-Rear Digital)\u003e at nid 27 on hdaa0\nhdacc1: \u003cConexant (0x2bfa) HDA CODEC\u003e at cad 1 on hdac0\nunknown: \u003cConexant (0x2bfa) HDA CODEC Modem Function Group\u003e at nid 2 on hdacc1 (no driver attached)\nusbus0: 12Mbps Full Speed USB v1.0\nusbus1: 12Mbps Full Speed USB v1.0\nusbus2: 480Mbps High Speed USB v2.0\nusbus3: 12Mbps Full Speed USB v1.0\nusbus4: 12Mbps Full Speed USB v1.0\nusbus5: 12Mbps Full Speed USB v1.0\nusbus6: 480Mbps High Speed USB v2.0\nugen0.1: \u003cIntel\u003e at usbus0\nuhub0: \u003cIntel UHCI root HUB, class 9/0, rev 1.00/1.00, addr 1\u003e on usbus0\nugen1.1: \u003cIntel\u003e at usbus1\nuhub1: \u003cIntel UHCI root HUB, class 9/0, rev 1.00/1.00, addr 1\u003e on usbus1\nugen2.1: \u003cIntel\u003e at usbus2\nuhub2: \u003cIntel EHCI root HUB, class 9/0, rev 2.00/1.00, addr 1\u003e on usbus2\nugen3.1: \u003cIntel\u003e at usbus3\nuhub3: \u003cIntel UHCI root HUB, class 9/0, rev 1.00/1.00, addr 1\u003e on usbus3\nugen4.1: \u003cIntel\u003e at usbus4\nuhub4: \u003cIntel UHCI root HUB, class 9/0, rev 1.00/1.00, addr 1\u003e on usbus4\nugen5.1: \u003cIntel\u003e at usbus5\nuhub5: \u003cIntel UHCI root HUB, class 9/0, rev 1.00/1.00, addr 1\u003e on usbus5\nugen6.1: \u003cIntel\u003e at usbus6\nuhub6: \u003cIntel EHCI root HUB, class 9/0, rev 2.00/1.00, addr 1\u003e on usbus6\nGEOM_SCHED: Initializing global data.\nGEOM_SCHED: Loading: mp = 0xffffffff823584a0, g_sched_class = 0xffffffff823584a0.\nbattery0: critically low charge!\nuhub0: 2 ports with 2 removable, self powered\nuhub1: 2 ports with 2 removable, self powered\nuhub3: 2 ports with 2 removable, self powered\nuhub4: 2 ports with 2 removable, self powered\nuhub5: 2 ports with 2 removable, self powered\nada0 at ahcich0 bus 0 scbus1 target 0 lun 0\nada0: \u003cST9320320AS SD03\u003e ATA-8 SATA 2.x device\ncd0 at ata0 bus 0 scbus0 target 0 lun 0\ncd0: \u003cOptiarc DVD RW AD-7910A 1.D1\u003e Removable CD-ROM SCSI-0 device \ncd0: 33.300MB/s transfers (UDMA2, ATAPI 12bytes, PIO 65534bytes)\ncd0: Attempt to query device size failed: NOT READY, Medium not present\nada0: 150.000MB/s transfers (SATA 1.x, UDMA6, PIO 8192bytes)\nada0: Command Queueing enabled\nada0: 305245MB (625142448 512 byte sectors: 16H 63S/T 16383C)\nada0: Previously was known as ad4\nSMP: AP CPU #1 Launched!\nRoot mount waiting for: usbus6 usbus2\nuhub2: 4 ports with 4 removable, self powered\nRoot mount waiting for: usbus6 usbus2\nuhub6: 6 ports with 6 removable, self powered\nugen6.2: \u003cvendor 0x0409\u003e at usbus6\nuhub7: \u003cvendor 0x0409 product 0x005a, class 9/0, rev 2.00/1.00, addr 2\u003e on usbus6\nugen0.2: \u003cBroadcom Corp\u003e at usbus0\nubt0: \u003cBroadcom Corp BCM2045B, class 224/1, rev 2.00/1.00, addr 2\u003e on usbus0\nRoot mount waiting for: usbus6\nuhub7: 3 ports with 2 removable, bus powered\nugen0.3: \u003cSTMicroelectronics\u003e at usbus0\nugen6.3: \u003cTopre Corporation\u003e at usbus6\nukbd0: \u003cTopre Corporation HHKB Professional, class 0/0, rev 1.10/1.02, addr 3\u003e on usbus6\nkbd2 at ukbd0\nTrying to mount root from ufs:/dev/ada0s1a [rw]...\nIP Filter: v4.1.28 initialized.  Default = pass all, Logging = enabled\nwlan0: Ethernet address: 00:1d:e0:48:13:2f\nWARNING: attempt to domain_add(bluetooth) after domainfinalize()\nWARNING: attempt to domain_add(netgraph) after domainfinalize()\nwlan0: link state changed to UP\nwlan0: link state changed to DOWN\n\n\nFatal trap 12: page fault while in kernel mode\ncpuid = 0; apic id = 00\nfault virtual address\t= 0x8\nfault code\t\t= supervisor read data, page not present\ninstruction pointer\t= 0x20:0xffffffff8046e9de\nstack pointer\t        = 0x28:0xffffff80a8206270\nframe pointer\t        = 0x28:0xffffff80a8206340\ncode segment\t\t= base 0x0, limit 0xfffff, type 0x1b\n\t\t\t= DPL 0, pres 1, long 1, def32 0, gran 1\nprocessor eflags\t= interrupt enabled, resume, IOPL = 0\ncurrent process\t\t= 3436 (chrome)\ntrap number\t\t= 12\npanic: page fault\ncpuid = 0\nKDB: enter: panic\n\n\nFatal trap 3: breakpoint instruction fault while in kernel mode\ncpuid = 0; apic id = 00\ninstruction pointer\t= 0x20:0xffffffff804e56ee\nstack pointer\t        = 0x28:0xffffff80a8205e60\nframe pointer\t        = 0x28:0xffffff80a8205e80\ncode segment\t\t= base 0x0, limit 0xfffff, type 0x1b\n\t\t\t= DPL 0, pres 1, long 1, def32 0, gran 1\nprocessor eflags\t= IOPL = 0\ncurrent process\t\t= 3436 (chrome)\ntrap number\t\t= 3\npanic: breakpoint instruction fault\ncpuid = 0\nKDB: enter: panic\n\n\nFatal trap 3: breakpoint instruction fault while in kernel mode\ncpuid = 0; apic id = 00\ninstruction pointer\t= 0x20:0xffffffff804e56ee\nstack pointer\t        = 0x28:0xffffff80a8205b10\nframe pointer\t        = 0x28:0xffffff80a8205b30\ncode segment\t\t= base 0x0, limit 0xfffff, type 0x1b\n\t\t\t= DPL 0, pres 1, long 1, def32 0, gran 1\nprocessor eflags\t= IOPL = 0\ncurrent process\t\t= 3436 (chrome)\ntrap number\t\t= 3\npanic: breakpoint instruction fault\ncpuid = 0\nKDB: enter: panic\n\n\nFatal trap 3: breakpoint instruction fault while in kernel mode\ncpuid = 0; apic id = 00\ninstruction pointer\t= 0x20:0xffffffff804e56ee\nstack pointer\t        = 0x28:0xffffff80a82057c0\nframe pointer\t        = 0x28:0xffffff80a82057e0\ncode segment\t\t= base 0x0, limit 0xfffff, type 0x1b\n\t\t\t= DPL 0, pres 1, long 1, def32 0, gran 1\nprocessor eflags\t= IOPL = 0\ncurrent process\t\t= 3436 (chrome)\ntrap number\t\t= 3\npanic: breakpoint instruction fault\ncpuid = 0\nKDB: enter: panic\n\n\nFatal trap 3: breakpoint instruction fault while in kernel mode\ncpuid = 0; apic id = 00\ninstruction pointer\t= 0x20:0xffffffff804e56ee\nstack pointer\t        = 0x28:0xffffff80a8205470\nframe pointer\t        = 0x28:0xffffff80a8205490\ncode segment\t\t= base 0x0, limit 0xfffff, type 0x1b\n\t\t\t= DPL 0, pres 1, long 1, def32 0, gran 1\nprocessor eflags\t= IOPL = 0\ncurrent process\t\t= 3436 (chrome)\ntrap number\t\t= 3\npanic: breakpoint instruction fault\ncpuid = 0\nKDB: enter: panic\n\n\nFatal trap 3: breakpoint instruction fault while in kernel mode\ncpuid = 0; apic id = 00\ninstruction pointer\t= 0x20:0xffffffff804e56ee\nstack pointer\t        = 0x28:0xffffff80a8205120\nframe pointer\t        = 0x28:0xffffff80a8205140\ncode segment\t\t= base 0x0, limit 0xfffff, type 0x1b\n\t\t\t= DPL 0, pres 1, long 1, def32 0, gran 1\nprocessor eflags\t= IOPL = 0\ncurrent process\t\t= 3436 (chrome)\ntrap number\t\t= 3\npanic: breakpoint instruction fault\ncpuid = 0\nKDB: enter: panic\n\n\nFatal trap 3: breakpoint instruction fault while in kernel mode\ncpuid = 0; apic id = 00\ninstruction pointer\t= 0x20:0xffffffff804e56ee\nstack pointer\t        = 0x28:0xffffff80a8204dd0\nframe pointer\t        = 0x28:0xffffff80a8204df0\ncode segment\t\t= base 0x0, limit 0xfffff, type 0x1b\n\t\t\t= DPL 0, pres 1, long 1, def32 0, gran 1\nprocessor eflags\t= IOPL = 0\ncurrent process\t\t= 3436 (chrome)\ntrap number\t\t= 3\npanic: breakpoint instruction fault\ncpuid = 0\nKDB: enter: panic\n\n\nFatal trap 3: breakpoint instruction fault while in kernel mode\ncpuid = 0; apic id = 00\ninstruction pointer\t= 0x20:0xffffffff804e56ee\nstack pointer\t        = 0x28:0xffffff80a8204a80\nframe pointer\t        = 0x28:0xffffff80a8204aa0\ncode segment\t\t= base 0x0, limit 0xfffff, type 0x1b\n\t\t\t= DPL 0, pres 1, long 1, def32 0, gran 1\nprocessor eflags\t= IOPL = 0\ncurrent process\t\t= 3436 (chrome)\ntrap number\t\t= 3\npanic: breakpoint instruction fault\ncpuid = 0\nKDB: enter: panic\n\n\nFatal trap 3: breakpoint instruction fault while in kernel mode\ncpuid = 0; apic id = 00\ninstruction pointer\t= 0x20:0xffffffff804e56ee\nstack pointer\t        = 0x28:0xffffff80a8204730\nframe pointer\t        = 0x28:0xffffff80a8204750\ncode segment\t\t= base 0x0, limit 0xfffff, type 0x1b\n\t\t\t= DPL 0, pres 1, long 1, def32 0, gran 1\nprocessor eflags\t= IOPL = 0\ncurrent process\t\t= 3436 (chrome)\ntrap number\t\t= 3\npanic: breakpoint instruction fault\ncpuid = 0\nKDB: enter: panic\n\n\nFatal trap 3: breakpoint instruction fault while in kernel mode\ncpuid = 0; apic id = 00\ninstruction pointer\t= 0x20:0xffffffff804e56ee\nstack pointer\t        = 0x28:0xffffff80a82043e0\nframe pointer\t        = 0x28:0xffffff80a8204400\ncode segment\t\t= base 0x0, limit 0xfffff, type 0x1b\n\t\t\t= DPL 0, pres 1, long 1, def32 0, gran 1\nprocessor eflags\t= IOPL = 0\ncurrent process\t\t= 3436 (chrome)\ntrap number\t\t= 3\npanic: breakpoint instruction fault\ncpuid = 0\nKDB: enter: panic\n\n\nFatal trap 3: breakpoint instruction fault while in kernel mode\ncpuid = 0; apic id = 00\ninstruction pointer\t= 0x20:0xffffffff804e56ee\nstack pointer\t        = 0x28:0xffffff80a8204090\nframe pointer\t        = 0x28:0xffffff80a82040b0\ncode segment\t\t= base 0x0, limit 0xfffff, type 0x1b\n\t\t\t= DPL 0, pres 1, long 1, def32 0, gran 1\nprocessor eflags\t= IOPL = 0\ncurrent process\t\t= 3436 (chrome)\ntrap number\t\t= 3\npanic: breakpoint instruction fault\ncpuid = 0\nKDB: enter: panic\n\n\nFatal trap 3: breakpoint instruction fault while in kernel mode\ncpuid = 0; apic id = 00\ninstruction pointer\t= 0x20:0xffffffff804e56ee\nstack pointer\t        = 0x28:0xffffff80a8203d40\nframe pointer\t        = 0x28:0xffffff80a8203d60\ncode segment\t\t= base 0x0, limit 0xfffff, type 0x1b\n\t\t\t= DPL 0, pres 1, long 1, def32 0, gran 1\nprocessor eflags\t= IOPL = 0\ncurrent process\t\t= 3436 (chrome)\ntrap number\t\t= 3\npanic: breakpoint instruction fault\ncpuid = 0\nKDB: enter: panic\n\n\nFatal trap 3: breakpoint instruction fault while in kernel mode\ncpuid = 0; apic id = 00\ninstruction pointer\t= 0x20:0xffffffff804e56ee\nstack pointer\t        = 0x28:0xffffff80a82039f0\nframe pointer\t        = 0x28:0xffffff80a8203a10\ncode segment\t\t= base 0x0, limit 0xfffff, type 0x1b\n\t\t\t= DPL 0, pres 1, long 1, def32 0, gran 1\nprocessor eflags\t= IOPL = 0\ncurrent process\t\t= 3436 (chrome)\ntrap number\t\t= 3\npanic: breakpoint instruction fault\ncpuid = 0\nKDB: enter: panic\n\n\nFatal double fault\nrip = 0xffffffff8075b84f\nrsp = 0xffffff80a8202ff0\nrbp = 0xffffff80a8203030\ncpuid = 0; apic id = 00\npanic: double fault\ncpuid = 0\nKDB: enter: panic\n\n\nFatal trap 3: breakpoint instruction fault while in kernel mode\ncpuid = 0; apic id = 00\ninstruction pointer\t= 0x20:0xffffffff804e56ee\nstack pointer\t        = 0x28:0xffffffff80b56670\nframe pointer\t        = 0x28:0xffffffff80b56690\ncode segment\t\t= base 0x0, limit 0xfffff, type 0x1b\n\t\t\t= DPL 0, pres 1, long 1, def32 0, gran 1\nprocessor eflags\t= IOPL = 0\ncurrent process\t\t= 3436 (chrome)\ntrap number\t\t= 3\npanic: breakpoint instruction fault\ncpuid = 0\nKDB: enter: panic\n\n\nFatal trap 3: breakpoint instruction fault while in kernel mode\ncpuid = 0; apic id = 00\ninstruction pointer\t= 0x20:0xffffffff804e56ee\nstack pointer\t        = 0x28:0xffffffff80b56320\nframe pointer\t        = 0x28:0xffffffff80b56340\ncode segment\t\t= base 0x0, limit 0xfffff, type 0x1b\n\t\t\t= DPL 0, pres 1, long 1, def32 0, gran 1\nprocessor eflags\t= IOPL = 0\ncurrent process\t\t= 3436 (chrome)\ntrap number\t\t= 3\npanic: breakpoint instruction fault\ncpuid = 0\nKDB: enter: panic\n\n\nFatal trap 3: breakpoint instruction fault while in kernel mode\ncpuid = 0; apic id = 00\ninstruction pointer\t= 0x20:0xffffffff804e56ee\nstack pointer\t        = 0x28:0xffffffff80b55fd0\nframe pointer\t        = 0x28:0xffffffff80b55ff0\ncode segment\t\t= base 0x0, limit 0xfffff, type 0x1b\n\t\t\t= DPL 0, pres 1, long 1, def32 0, gran 1\nprocessor eflags\t= IOPL = 0\ncurrent process\t\t= 3436 (chrome)\ntrap number\t\t= 3\npanic: breakpoint instruction fault\ncpuid = 0\nKDB: enter: panic\n\n\nFatal trap 3: breakpoint instruction fault while in kernel mode\ncpuid = 0; apic id = 00\ninstruction pointer\t= 0x20:0xffffffff804e56ee\nstack pointer\t        = 0x28:0xffffffff80b55c80\nframe pointer\t        = 0x28:0xffffffff80b55ca0\ncode segment\t\t= base 0x0, limit 0xfffff, type 0x1b\n\t\t\t= DPL 0, pres 1, long 1, def32 0, gran 1\nprocessor eflags\t= IOPL = 0\ncurrent process\t\t= 3436 (chrome)\ntrap number\t\t= 3\npanic: breakpoint instruction fault\ncpuid = 0\nKDB: enter: panic\n\n\nFatal trap 3: breakpoint instruction fault while in kernel mode\ncpuid = 0; apic id = 00\ninstruction pointer\t= 0x20:0xffffffff804e56ee\nstack pointer\t        = 0x28:0xffffffff80b55930\nframe pointer\t        = 0x28:0xffffffff80b55950\ncode segment\t\t= base 0x0, limit 0xfffff, type 0x1b\n\t\t\t= DPL 0, pres 1, long 1, def32 0, gran 1\nprocessor eflags\t= IOPL = 0\ncurrent process\t\t= 3436 (chrome)\ntrap number\t\t= 3\npanic: breakpoint instruction fault\ncpuid = 0\nKDB: enter: panic\n\n\nFatal trap 3: breakpoint instruction fault while in kernel mode\ncpuid = 0; apic id = 00\ninstruction pointer\t= 0x20:0xffffffff804e56ee\nstack pointer\t        = 0x28:0xffffffff80b555e0\nframe pointer\t        = 0x28:0xffffffff80b55600\ncode segment\t\t= base 0x0, limit 0xfffff, type 0x1b\n\t\t\t= DPL 0, pres 1, long 1, def32 0, gran 1\nprocessor eflags\t= IOPL = 0\ncurrent process\t\t= 3436 (chrome)\ntrap number\t\t= 3\npanic: breakpoint instruction fault\ncpuid = 0\nKDB: enter: panic\n\n\nFatal trap 3: breakpoint instruction fault while in kernel mode\ncpuid = 0; apic id = 00\ninstruction pointer\t= 0x20:0xffffffff804e56ee\nstack pointer\t        = 0x28:0xffffffff80b55290\nframe pointer\t        = 0x28:0xffffffff80b552b0\ncode segment\t\t= base 0x0, limit 0xfffff, type 0x1b\n\t\t\t= DPL 0, pres 1, long 1, def32 0, gran 1\nprocessor eflags\t= IOPL = 0\ncurrent process\t\t= 3436 (chrome)\ntrap number\t\t= 3\npanic: breakpoint instruction fault\ncpuid = 0\nKDB: enter: panic\n\n\nFatal trap 3: breakpoint instruction fault while in kernel mode\ncpuid = 0; apic id = 00\ninstruction pointer\t= 0x20:0xffffffff804e56ee\nstack pointer\t        = 0x28:0xffffffff80b54f40\nframe pointer\t        = 0x28:0xffffffff80b54f60\ncode segment\t\t= base 0x0, limit 0xfffff, type 0x1b\n\t\t\t= DPL 0, pres 1, long 1, def32 0, gran 1\nprocessor eflags\t= IOPL = 0\ncurrent process\t\t= 3436 (chrome)\ntrap number\t\t= 3\npanic: breakpoint instruction fault\ncpuid = 0\nKDB: enter: panic\nCopyright (c) 1992-2012 The FreeBSD Project.\nCopyright (c) 1979, 1980, 1983, 1986, 1988, 1989, 1991, 1992, 1993, 1994\n\tThe Regents of the University of California. All rights reserved.\nFreeBSD is a registered trademark of The FreeBSD Foundation.\nFreeBSD 10.0-CURRENT #7 r237128: Sat Jun 16 11:28:13 CST 2012\n    root@datastream.local:/usr/obj/usr/src/sys/G10laptop amd64\nmodule_register: module vesa already exists!\nModule vesa failed to register: 17\nCPU: Intel(R) Core(TM)2 Duo CPU     T7700  @ 2.40GHz (2394.05-MHz K8-class CPU)\n  Origin = \"GenuineIntel\"  Id = 0x6fb  Family = 6  Model = f  Stepping = 11\n  Features=0xbfebfbff\u003cFPU,VME,DE,PSE,TSC,MSR,PAE,MCE,CX8,APIC,SEP,MTRR,PGE,MCA,CMOV,PAT,PSE36,CLFLUSH,DTS,ACPI,MMX,FXSR,SSE,SSE2,SS,HTT,TM,PBE\u003e\n  Features2=0xe3bd\u003cSSE3,DTES64,MON,DS_CPL,VMX,EST,TM2,SSSE3,CX16,xTPR,PDCM\u003e\n  AMD Features=0x20100800\u003cSYSCALL,NX,LM\u003e\n  AMD Features2=0x1\u003cLAHF\u003e\n  TSC: P-state invariant, performance statistics\nreal memory  = 4294967296 (4096 MB)\navail memory = 4007866368 (3822 MB)\nACPI APIC Table: \u003cLENOVO TP-7L   \u003e\nFreeBSD/SMP: Multiprocessor System Detected: 2 CPUs\nFreeBSD/SMP: 1 package(s) x 2 core(s)\n cpu0 (BSP): APIC ID:  0\n cpu1 (AP): APIC ID:  1\nACPI Warning: 32/64X length mismatch in Gpe1Block: 0/32 (20120518/tbfadt-596)\nACPI Warning: Optional field Gpe1Block has zero address or length: 0x000000000000102C/0x0 (20120518/tbfadt-625)\nioapic0: Changing APIC ID to 1\nioapic0 \u003cVersion 2.0\u003e irqs 0-23 on motherboard\nkbd1 at kbdmux0\nctl: CAM Target Layer loaded\nacpi0: \u003cLENOVO TP-7L\u003e on motherboard\nCPU0: local APIC error 0x40\nacpi_ec0: \u003cEmbedded Controller: GPE 0x12, ECDT\u003e port 0x62,0x66 on acpi0\nacpi0: Power Button (fixed)\nacpi0: reservation of 0, a0000 (3) failed\nacpi0: reservation of 100000, bff00000 (3) failed\ncpu0: \u003cACPI CPU\u003e on acpi0\ncpu1: \u003cACPI CPU\u003e on acpi0\nattimer0: \u003cAT timer\u003e port 0x40-0x43 irq 0 on acpi0\nTimecounter \"i8254\" frequency 1193182 Hz quality 0\nEvent timer \"i8254\" frequency 1193182 Hz quality 100\nhpet0: \u003cHigh Precision Event Timer\u003e iomem 0xfed00000-0xfed003ff on acpi0\nTimecounter \"HPET\" frequency 14318180 Hz quality 950\nEvent timer \"HPET\" frequency 14318180 Hz quality 450\nEvent timer \"HPET1\" frequency 14318180 Hz quality 440\nEvent timer \"HPET2\" frequency 14318180 Hz quality 440\natrtc0: \u003cAT realtime clock\u003e port 0x70-0x71 irq 8 on acpi0\nTimecounter \"ACPI-fast\" frequency 3579545 Hz quality 900\nacpi_timer0: \u003c24-bit timer at 3.579545MHz\u003e port 0x1008-0x100b on acpi0\nacpi_lid0: \u003cControl Method Lid Switch\u003e on acpi0\nacpi_button0: \u003cSleep Button\u003e on acpi0\npcib0: \u003cACPI Host-PCI bridge\u003e port 0xcf8-0xcff on acpi0\npci0: \u003cACPI PCI bus\u003e on pcib0\npcib1: \u003cACPI PCI-PCI bridge\u003e irq 16 at device 1.0 on pci0\npci1: \u003cACPI PCI bus\u003e on pcib1\nvgapci0: \u003cVGA-compatible display\u003e port 0x2000-0x207f mem 0xd2000000-0xd2ffffff,0xe0000000-0xefffffff,0xd0000000-0xd1ffffff irq 16 at device 0.0 on pci1\nnvidia0: \u003cQuadro NVS 140M\u003e on vgapci0\nvgapci0: child nvidia0 requested pci_enable_io\nvgapci0: child nvidia0 requested pci_enable_io\nem0: \u003cIntel(R) PRO/1000 Network Connection 7.3.2\u003e port 0x1840-0x185f mem 0xfe200000-0xfe21ffff,0xfe225000-0xfe225fff irq 20 at device 25.0 on pci0\nem0: Using an MSI interrupt\nem0: Ethernet address: 00:1c:25:1c:fb:d0\nuhci0: \u003cIntel 82801H (ICH8) USB controller USB-D\u003e port 0x1860-0x187f irq 20 at device 26.0 on pci0\nusbus0 on uhci0\nuhci1: \u003cIntel 82801H (ICH8) USB controller USB-E\u003e port 0x1880-0x189f irq 21 at device 26.1 on pci0\nusbus1 on uhci1\nehci0: \u003cIntel 82801H (ICH8) USB 2.0 controller USB2-B\u003e mem 0xfe226c00-0xfe226fff irq 22 at device 26.7 on pci0\nusbus2: EHCI version 1.0\nusbus2 on ehci0\nhdac0: \u003cIntel 82801H HDA Controller\u003e mem 0xfe220000-0xfe223fff irq 17 at device 27.0 on pci0\npcib2: \u003cACPI PCI-PCI bridge\u003e irq 20 at device 28.0 on pci0\npci2: \u003cACPI PCI bus\u003e on pcib2\npci2: \u003cmemory\u003e at device 0.0 (no driver attached)\npcib3: \u003cACPI PCI-PCI bridge\u003e irq 21 at device 28.1 on pci0\npci3: \u003cACPI PCI bus\u003e on pcib3\niwn0: \u003cIntel Wireless WiFi Link 4965\u003e mem 0xd7dfe000-0xd7dfffff irq 17 at device 0.0 on pci3\npcib4: \u003cACPI PCI-PCI bridge\u003e irq 22 at device 28.2 on pci0\npci4: \u003cACPI PCI bus\u003e on pcib4\npcib5: \u003cACPI PCI-PCI bridge\u003e irq 23 at device 28.3 on pci0\npci5: \u003cACPI PCI bus\u003e on pcib5\npcib6: \u003cACPI PCI-PCI bridge\u003e irq 20 at device 28.4 on pci0\npci13: \u003cACPI PCI bus\u003e on pcib6\nuhci2: \u003cIntel 82801H (ICH8) USB controller USB-A\u003e port 0x18a0-0x18bf irq 16 at device 29.0 on pci0\nusbus3 on uhci2\nuhci3: \u003cIntel 82801H (ICH8) USB controller USB-B\u003e port 0x18c0-0x18df irq 17 at device 29.1 on pci0\nusbus4 on uhci3\nuhci4: \u003cIntel 82801H (ICH8) USB controller USB-C\u003e port 0x18e0-0x18ff irq 18 at device 29.2 on pci0\nusbus5 on uhci4\nehci1: \u003cIntel 82801H (ICH8) USB 2.0 controller USB2-A\u003e mem 0xfe227000-0xfe2273ff irq 19 at device 29.7 on pci0\nusbus6: EHCI version 1.0\nusbus6 on ehci1\npcib7: \u003cACPI PCI-PCI bridge\u003e at device 30.0 on pci0\npci21: \u003cACPI PCI bus\u003e on pcib7\ncbb0: \u003cRF5C476 PCI-CardBus Bridge\u003e mem 0xf8100000-0xf8100fff irq 16 at device 0.0 on pci21\ncardbus0: \u003cCardBus bus\u003e on cbb0\npccard0: \u003c16-bit PCCard bus\u003e on cbb0\nisab0: \u003cPCI-ISA bridge\u003e at device 31.0 on pci0\nisa0: \u003cISA bus\u003e on isab0\natapci0: \u003cIntel ICH8M UDMA100 controller\u003e port 0x1f0-0x1f7,0x3f6,0x170-0x177,0x376,0x1830-0x183f at device 31.1 on pci0\nata0: \u003cATA channel\u003e at channel 0 on atapci0\nahci0: \u003cIntel ICH8M AHCI SATA controller\u003e port 0x1c48-0x1c4f,0x1c1c-0x1c1f,0x1c40-0x1c47,0x1c18-0x1c1b,0x1c20-0x1c3f mem 0xfe226000-0xfe2267ff irq 16 at device 31.2 on pci0\nahci0: AHCI v1.10 with 3 1.5Gbps ports, Port Multiplier not supported\nahcich0: \u003cAHCI channel\u003e at channel 0 on ahci0\nahcich2: \u003cAHCI channel\u003e at channel 2 on ahci0\npci0: \u003cserial bus, SMBus\u003e at device 31.3 (no driver attached)\nacpi_tz0: \u003cThermal Zone\u003e on acpi0\nacpi_tz1: \u003cThermal Zone\u003e on acpi0\natkbdc0: \u003cKeyboard controller (i8042)\u003e port 0x60,0x64 irq 1 on acpi0\natkbd0: \u003cAT Keyboard\u003e irq 1 on atkbdc0\nkbd0 at atkbd0\natkbd0: [GIANT-LOCKED]\npsm0: \u003cPS/2 Mouse\u003e irq 12 on atkbdc0\npsm0: [GIANT-LOCKED]\npsm0: model Synaptics Touchpad, device ID 0\ntpm0: \u003cTrusted Platform Module\u003e iomem 0xfed40000-0xfed44fff on acpi0\ntpm: device 0x32031114 rev 0x9\nbattery0: \u003cACPI Control Method Battery\u003e on acpi0\nacpi_acad0: \u003cAC Adapter\u003e on acpi0\nacpi_ibm0: \u003cIBM ThinkPad ACPI Extras\u003e on acpi0\norm0: \u003cISA Option ROMs\u003e at iomem 0xc0000-0xcefff,0xcf000-0xcffff,0xd0000-0xd0fff,0xe0000-0xeffff on isa0\nsc0: \u003cSystem console\u003e at flags 0x1490180 on isa0\nsc0: VGA \u003c16 virtual consoles, flags=0x1490380\u003e\nvga0: \u003cGeneric ISA VGA\u003e at port 0x3c0-0x3df iomem 0xa0000-0xbffff on isa0\ncoretemp0: \u003cCPU On-Die Thermal Sensors\u003e on cpu0\nest0: \u003cEnhanced SpeedStep Frequency Control\u003e on cpu0\ncoretemp1: \u003cCPU On-Die Thermal Sensors\u003e on cpu1\nest1: \u003cEnhanced SpeedStep Frequency Control\u003e on cpu1\nZFS filesystem version: 5\nZFS storage pool version: features support (5000)\nTimecounters tick every 10.000 msec\nhdacc0: \u003cAnalog Devices AD1984 HDA CODEC\u003e at cad 0 on hdac0\nhdaa0: \u003cAnalog Devices AD1984 HDA CODEC Audio Function Group\u003e at nid 1 on hdacc0\npcm0: \u003cAnalog Devices AD1984 HDA CODEC PCM (Analog 2.0+HP/2.0)\u003e at nid 18,17 and 28,20,21 on hdaa0\npcm1: \u003cAnalog Devices AD1984 HDA CODEC PCM (Ext-Rear Digital)\u003e at nid 27 on hdaa0\nhdacc1: \u003cConexant (0x2bfa) HDA CODEC\u003e at cad 1 on hdac0\nunknown: \u003cConexant (0x2bfa) HDA CODEC Modem Function Group\u003e at nid 2 on hdacc1 (no driver attached)\nusbus0: 12Mbps Full Speed USB v1.0\nusbus1: 12Mbps Full Speed USB v1.0\nusbus2: 480Mbps High Speed USB v2.0\nusbus3: 12Mbps Full Speed USB v1.0\nusbus4: 12Mbps Full Speed USB v1.0\nusbus5: 12Mbps Full Speed USB v1.0\nusbus6: 480Mbps High Speed USB v2.0\nugen0.1: \u003cIntel\u003e at usbus0\nuhub0: \u003cIntel UHCI root HUB, class 9/0, rev 1.00/1.00, addr 1\u003e on usbus0\nugen1.1: \u003cIntel\u003e at usbus1\nuhub1: \u003cIntel UHCI root HUB, class 9/0, rev 1.00/1.00, addr 1\u003e on usbus1\nugen2.1: \u003cIntel\u003e at usbus2\nuhub2: \u003cIntel EHCI root HUB, class 9/0, rev 2.00/1.00, addr 1\u003e on usbus2\nugen3.1: \u003cIntel\u003e at usbus3\nuhub3: \u003cIntel UHCI root HUB, class 9/0, rev 1.00/1.00, addr 1\u003e on usbus3\nugen4.1: \u003cIntel\u003e at usbus4\nuhub4: \u003cIntel UHCI root HUB, class 9/0, rev 1.00/1.00, addr 1\u003e on usbus4\nugen5.1: \u003cIntel\u003e at usbus5\nuhub5: \u003cIntel UHCI root HUB, class 9/0, rev 1.00/1.00, addr 1\u003e on usbus5\nugen6.1: \u003cIntel\u003e at usbus6\nuhub6: \u003cIntel EHCI root HUB, class 9/0, rev 2.00/1.00, addr 1\u003e on usbus6\nGEOM_SCHED: Initializing global data.\nGEOM_SCHED: Loading: mp = 0xffffffff823584a0, g_sched_class = 0xffffffff823584a0.\nbattery0: critically low charge!\nuhub0: 2 ports with 2 removable, self powered\nuhub1: 2 ports with 2 removable, self powered\nuhub3: 2 ports with 2 removable, self powered\nuhub4: 2 ports with 2 removable, self powered\nuhub5: 2 ports with 2 removable, self powered\nada0 at ahcich0 bus 0 scbus1 target 0 lun 0\nada0: \u003cST9320320AS SD03\u003e ATA-8 SATA 2.x device\ncd0 at ata0 bus 0 scbus0 target 0 lun 0\ncd0: \u003cOptiarc DVD RW AD-7910A 1.D1\u003e Removable CD-ROM SCSI-0 device \ncd0: 33.300MB/s transfers (UDMA2, ATAPI 12bytes, PIO 65534bytes)\ncd0: Attempt to query device size failed: NOT READY, Medium not present\nada0: 150.000MB/s transfers (SATA 1.x, UDMA6, PIO 8192bytes)\nada0: Command Queueing enabled\nada0: 305245MB (625142448 512 byte sectors: 16H 63S/T 16383C)\nada0: Previously was known as ad4\nSMP: AP CPU #1 Launched!\nRoot mount waiting for: usbus6 usbus2\nuhub2: 4 ports with 4 removable, self powered\nRoot mount waiting for: usbus6 usbus2\nuhub6: 6 ports with 6 removable, self powered\nugen6.2: \u003cvendor 0x0409\u003e at usbus6\nuhub7: \u003cvendor 0x0409 product 0x005a, class 9/0, rev 2.00/1.00, addr 2\u003e on usbus6\nugen0.2: \u003cBroadcom Corp\u003e at usbus0\nubt0: \u003cBroadcom Corp BCM2045B, class 224/1, rev 2.00/1.00, addr 2\u003e on usbus0\nRoot mount waiting for: usbus6\nuhub7: 3 ports with 2 removable, bus powered\nugen0.3: \u003cSTMicroelectronics\u003e at usbus0\nugen6.3: \u003cTopre Corporation\u003e at usbus6\nukbd0: \u003cTopre Corporation HHKB Professional, class 0/0, rev 1.10/1.02, addr 3\u003e on usbus6\nkbd2 at ukbd0\nTrying to mount root from ufs:/dev/ada0s1a [rw]...\nWARNING: / was not properly dismounted\nIP Filter: v4.1.28 initialized.  Default = pass all, Logging = enabled\nwlan0: Ethernet address: 00:1d:e0:48:13:2f\nWARNING: attempt to domain_add(bluetooth) after domainfinalize()\nWARNING: attempt to domain_add(netgraph) after domainfinalize()"
}