{
 "id": 565645,
 "bug_id": 148155,
 "attachment_id": 0,
 "creation_time": "2010-06-26T03:40:07Z",
 "creator": "freebsd@mosconi.mat.br",
 "text": "Enabling the PF or the IP Filter in a VIMAGE kernel, generates a page fault in kernel mode.  The panics occurs with the PF as module or compiled into kernel.  I have 4 cores \n\nTales dumped core - see /var/crash/vmcore.5\n\nFri Jun 25 13:40:48 BRT 2010\n\nFreeBSD Tales 8.1-RC1 FreeBSD 8.1-RC1 #0: Wed Jun 23 22:43:37 BRT 2010     root@Tales:/usr/obj/usr/src/sys/VIMAGE  i386\n\npanic: page fault\n\nGNU gdb 6.1.1 [FreeBSD]\nCopyright 2004 Free Software Foundation, Inc.\nGDB is free software, covered by the GNU General Public License, and you are\nwelcome to change it and/or distribute copies of it under certain conditions.\nType \"show copying\" to see the conditions.\nThere is absolutely no warranty for GDB.  Type \"show warranty\" for details.\nThis GDB was configured as \"i386-marcel-freebsd\"...\n\nUnread portion of the kernel message buffer:\nCopyright (c) 1992-2010 The FreeBSD Project.\nCopyright (c) 1979, 1980, 1983, 1986, 1988, 1989, 1991, 1992, 1993, 1994\n\tThe Regents of the University of California. All rights reserved.\nFreeBSD is a registered trademark of The FreeBSD Foundation.\nFreeBSD 8.1-RC1 #0: Wed Jun 23 22:43:37 BRT 2010\n    root@Tales:/usr/obj/usr/src/sys/VIMAGE i386\nTimecounter \"i8254\" frequency 1193182 Hz quality 0\nCPU: VIA C7-M Processor 6300MHz (1596.01-MHz 686-class CPU)\n  Origin = \"CentaurHauls\"  Id = 0x6d0  Family = 6  Model = d  Stepping = 0\n  Features=0xa7c9bbff\u003cFPU,VME,DE,PSE,TSC,MSR,PAE,MCE,CX8,APIC,SEP,MTRR,PGE,CMOV,PAT,CLFLUSH,ACPI,MMX,FXSR,SSE,SSE2,TM,PBE\u003e\n  Features2=0x4181\u003cSSE3,EST,TM2,xTPR\u003e\n  VIA Padlock Features=0xffcc\u003cRNG,AES,AES-CTR,SHA1,SHA256,RSA\u003e\nreal memory  = 1073741824 (1024 MB)\navail memory = 964857856 (920 MB)\nACPI APIC Table: \u003c042709 APIC2224\u003e\nWARNING: VIMAGE (virtualized network stack) is a highly experimental feature.\nioapic0 \u003cVersion 0.3\u003e irqs 0-23 on motherboard\nioapic1 \u003cVersion 0.3\u003e irqs 24-47 on motherboard\nkbd1 at kbdmux0\ncryptosoft0: \u003csoftware crypto\u003e on motherboard\npadlock0: \u003cAES-CBC,SHA1,SHA256\u003e on motherboard\nacpi0: \u003c042709 RSDT2224\u003e on motherboard\nacpi0: [ITHREAD]\nacpi0: Power Button (fixed)\nacpi0: reservation of fed02000, 1000 (3) failed\nacpi0: reservation of fec00000, 1000 (3) failed\nacpi0: reservation of fee00000, 1000 (3) failed\nacpi0: reservation of 0, a0000 (3) failed\nacpi0: reservation of 100000, 3be00000 (3) failed\nTimecounter \"ACPI-fast\" frequency 3579545 Hz quality 1000\nacpi_timer0: \u003c24-bit timer at 3.579545MHz\u003e port 0x808-0x80b on acpi0\ncpu0: \u003cACPI CPU\u003e on acpi0\nacpi_hpet0: \u003cHigh Precision Event Timer\u003e iomem 0xfed00000-0xfed003ff on acpi0\nTimecounter \"HPET\" frequency 14318180 Hz quality 900\npcib0: \u003cACPI Host-PCI bridge\u003e port 0xcf8-0xcff on acpi0\npci0: \u003cACPI PCI bus\u003e on pcib0\nagp0: \u003cVIA 3364 (P4M900) host to PCI bridge\u003e on hostb0\nagp0: aperture size is 32M\npcib1: \u003cACPI PCI-PCI bridge\u003e at device 1.0 on pci0\npci1: \u003cACPI PCI bus\u003e on pcib1\nvgapci0: \u003cVGA-compatible display\u003e mem 0xf4000000-0xf7ffffff,0xfb000000-0xfbffffff irq 16 at device 0.0 on pci1\npcib2: \u003cACPI PCI-PCI bridge\u003e at device 2.0 on pci0\npci2: \u003cACPI PCI bus\u003e on pcib2\npcib3: \u003cACPI PCI-PCI bridge\u003e irq 31 at device 3.0 on pci0\npci3: \u003cACPI PCI bus\u003e on pcib3\nre0: \u003cRealTek 8101E/8102E/8102EL/8103E PCIe 10/100baseTX\u003e port 0xe800-0xe8ff mem 0xfebff000-0xfebfffff irq 28 at device 0.0 on pci3\nre0: turning off MSI enable bit.\nre0: Chip rev. 0x34000000\nre0: MAC rev. 0x00000000\nmiibus0: \u003cMII bus\u003e on re0\nrlphy0: \u003cRTL8201L 10/100 media interface\u003e PHY 1 on miibus0\nrlphy0:  10baseT, 10baseT-FDX, 100baseTX, 100baseTX-FDX, auto\nre0: Ethernet address: 00:25:11:ee:26:45\nre0: [FILTER]\natapci0: \u003cVIA 8237 SATA300 controller\u003e port 0xdc00-0xdc07,0xd880-0xd883,0xd800-0xd807,0xd480-0xd483,0xd400-0xd40f,0xd000-0xd0ff irq 21 at device 15.0 on pci0\natapci0: [ITHREAD]\nata2: \u003cATA channel 0\u003e on atapci0\nata2: [ITHREAD]\nata3: \u003cATA channel 1\u003e on atapci0\nata3: [ITHREAD]\natapci1: \u003cVIA 8237 UDMA133 controller\u003e port 0x1f0-0x1f7,0x3f6,0x170-0x177,0x376,0xfc00-0xfc0f at device 15.1 on pci0\nata0: \u003cATA channel 0\u003e on atapci1\nata0: [ITHREAD]\nata1: \u003cATA channel 1\u003e on atapci1\nata1: [ITHREAD]\nuhci0: \u003cVIA 83C572 USB controller\u003e port 0xc480-0xc49f irq 20 at device 16.0 on pci0\nuhci0: [ITHREAD]\nusbus0: \u003cVIA 83C572 USB controller\u003e on uhci0\nuhci1: \u003cVIA 83C572 USB controller\u003e port 0xc800-0xc81f irq 22 at device 16.1 on pci0\nuhci1: [ITHREAD]\nusbus1: \u003cVIA 83C572 USB controller\u003e on uhci1\nuhci2: \u003cVIA 83C572 USB controller\u003e port 0xc880-0xc89f irq 21 at device 16.2 on pci0\nuhci2: [ITHREAD]\nusbus2: \u003cVIA 83C572 USB controller\u003e on uhci2\nuhci3: \u003cVIA 83C572 USB controller\u003e port 0xcc00-0xcc1f irq 23 at device 16.3 on pci0\nuhci3: [ITHREAD]\nusbus3: \u003cVIA 83C572 USB controller\u003e on uhci3\nehci0: \u003cVIA VT6202 USB 2.0 controller\u003e mem 0xfafffc00-0xfafffcff irq 21 at device 16.4 on pci0\nehci0: [ITHREAD]\nusbus4: EHCI version 1.0\nusbus4: \u003cVIA VT6202 USB 2.0 controller\u003e on ehci0\nisab0: \u003cPCI-ISA bridge\u003e at device 17.0 on pci0\nisa0: \u003cISA bus\u003e on isab0\nacpi_button0: \u003cSleep Button\u003e on acpi0\nacpi_button1: \u003cPower Button\u003e on acpi0\natrtc0: \u003cAT realtime clock\u003e port 0x70-0x71 on acpi0\natkbdc0: \u003cKeyboard controller (i8042)\u003e port 0x60,0x64 irq 1 on acpi0\natkbd0: \u003cAT Keyboard\u003e irq 1 on atkbdc0\nkbd0 at atkbd0\natkbd0: [GIANT-LOCKED]\natkbd0: [ITHREAD]\npsm0: \u003cPS/2 Mouse\u003e irq 12 on atkbdc0\npsm0: [GIANT-LOCKED]\npsm0: [ITHREAD]\npsm0: model IntelliMouse, device ID 3\npmtimer0 on isa0\norm0: \u003cISA Option ROM\u003e at iomem 0xcd800-0xce7ff pnpid ORM0000 on isa0\nsc0: \u003cSystem console\u003e at flags 0x100 on isa0\nsc0: VGA \u003c16 virtual consoles, flags=0x300\u003e\nvga0: \u003cGeneric ISA VGA\u003e at port 0x3c0-0x3df iomem 0xa0000-0xbffff on isa0\nppc0: parallel port not found.\nest0: failed to enable SpeedStep\np4tcc0: \u003cCPU Frequency Thermal Control\u003e on cpu0\nZFS NOTICE: Prefetch is disabled by default on i386 -- to enable,\n            add \"vfs.zfs.prefetch_disable=0\" to /boot/loader.conf.\nZFS filesystem version 3\nZFS storage pool version 14\nTimecounter \"TSC\" frequency 1596010703 Hz quality 800\nTimecounters tick every 1.000 msec\nIP Filter: v4.1.28 initialized.  Default = pass all, Logging = enabled\nusbus0: 12Mbps Full Speed USB v1.0\nusbus1: 12Mbps Full Speed USB v1.0\nusbus2: 12Mbps Full Speed USB v1.0\nusbus3: 12Mbps Full Speed USB v1.0\nusbus4: 480Mbps High Speed USB v2.0\nacd0: CDRW \u003cHL-DT-ST RW/DVD GCC-4320B/1.01\u003e at ata0-master UDMA33 \nad4: 114473MB \u003cSAMSUNG HM121HI LZ100-08\u003e at ata2-master UDMA100 SATA 1.5Gb/s\nugen0.1: \u003cVIA\u003e at usbus0\nuhub0: \u003cVIA UHCI root HUB, class 9/0, rev 1.00/1.00, addr 1\u003e on usbus0\nugen1.1: \u003cVIA\u003e at usbus1\nuhub1: \u003cVIA UHCI root HUB, class 9/0, rev 1.00/1.00, addr 1\u003e on usbus1\nugen2.1: \u003cVIA\u003e at usbus2\nuhub2: \u003cVIA UHCI root HUB, class 9/0, rev 1.00/1.00, addr 1\u003e on usbus2\nugen3.1: \u003cVIA\u003e at usbus3\nuhub3: \u003cVIA UHCI root HUB, class 9/0, rev 1.00/1.00, addr 1\u003e on usbus3\nugen4.1: \u003cVIA\u003e at usbus4\nuhub4: \u003cVIA EHCI root HUB, class 9/0, rev 2.00/1.00, addr 1\u003e on usbus4\nuhub0: 2 ports with 2 removable, self powered\nuhub1: 2 ports with 2 removable, self powered\nuhub2: 2 ports with 2 removable, self powered\nuhub3: 2 ports with 2 removable, self powered\nad6: 114473MB \u003cSAMSUNG HM121HI LZ100-08\u003e at ata3-master UDMA100 SATA 1.5Gb/s\nRoot mount waiting for: usbus4\nRoot mount waiting for: usbus4\nuhub4: 8 ports with 8 removable, self powered\nRoot mount waiting for: usbus4\nTrying to mount root from zfs:Tales/host\nugen1.2: \u003cAmerican Power Conversion\u003e at usbus1\n\u003c118\u003eSetting hostuuid: 00020003-0004-0005-0006-000700080009.\n\u003c118\u003eSetting hostid: 0x81f4ec68.\n\u003c118\u003eEntropy harvesting:\n\u003c118\u003e.\n\u003c118\u003eStarting file system checks:\n\u003c118\u003eMounting local file systems:\nWARNING: TMPFS is considered to be a highly experimental feature in FreeBSD.\n\u003c118\u003e.\n\u003c118\u003eSetting hostname: Tales\n\u003c118\u003e.\n\u003c118\u003eCreating and/or trimming log files\n\u003c118\u003e.\n\u003c118\u003eStarting syslogd.\n\u003c118\u003eJun 25 13:24:27  syslogd: bind: Can't assign requested address\n\u003c118\u003eJun 25 13:24:27  syslogd: bind: Can't assign requested address\n\u003c118\u003esyslogd: \n\u003c118\u003echild pid 153 exited with return code 1\n\u003c118\u003e\n\u003c118\u003e/etc/rc: WARNING: failed to start syslogd\n\u003c118\u003eNo core dumps found.\n\u003c118\u003eELF ldconfig path: /lib /usr/lib /usr/lib/compat /usr/local/lib\n\u003c118\u003ea.out ldconfig path: /usr/lib/aout /usr/lib/compat/aout\nbridge0: Ethernet address: 0e:33:3f:73:79:1e\n\u003c118\u003ebridge0\nbridge1: Ethernet address: 2a:b5:2a:d6:3a:94\n\u003c118\u003ebridge1\n\u003c118\u003evlan0\n\u003c118\u003eStarting Network: lo0 net0 dmz0 vlan0.\n\u003c118\u003elo0: flags=8049\u003cUP,LOOPBACK,RUNNING,MULTICAST\u003e metric 0 mtu 16384\n\u003c118\u003e\toptions=3\u003cRXCSUM,TXCSUM\u003e\n\u003c118\u003e\tinet 127.0.0.1 netmask 0xff000000 \n\u003c118\u003e\tinet6 ::1 prefixlen 128 \n\u003c118\u003e\tinet6 fe80::1%lo0 prefixlen 64 scopeid 0x2 \n\u003c118\u003e\tnd6 options=3\u003cPERFORMNUD,ACCEPT_RTADV\u003e\n\u003c118\u003enet0: flags=8843\u003cUP,BROADCAST,RUNNING,SIMPLEX,MULTICAST\u003e metric 0 mtu 1500\n\u003c118\u003e\tether 0e:33:3f:73:79:1e\n\u003c118\u003e\tinet 172.16.1.3 netmask 0xffffff00 broadcast 172.16.1.255\n\u003c118\u003e\tid 00:00:00:00:00:00 priority 32768 hellotime 2 fwddelay 15\n\u003c118\u003e\tmaxage 20 holdcnt 6 proto rstp maxaddr 100 timeout 1200\n\u003c118\u003e\troot id 00:00:00:00:00:00 priority 32768 ifcost 0 port 0\n\u003c118\u003e\tmember: re0 flags=143\u003cLEARNING,DISCOVER,AUTOEDGE,AUTOPTP\u003e\n\u003c118\u003e\t        ifmaxaddr 0 port 1 priority 128 path cost 2000000\n\u003c118\u003edmz0: flags=8843\u003cUP,BROADCAST,RUNNING,SIMPLEX,MULTICAST\u003e metric 0 mtu 1500\n\u003c118\u003e\tether 2a:b5:2a:d6:3a:94\n\u003c118\u003e\tid 00:00:00:00:00:00 priority 32768 hellotime 2 fwddelay 15\n\u003c118\u003e\tmaxage 20 holdcnt 6 proto rstp maxaddr 100 timeout 1200\n\u003c118\u003e\troot id 00:00:00:00:00:00 priority 32768 ifcost 0 port 0\n\u003c118\u003e\tmember: vlan0 flags=143\u003cLEARNING,DISCOVER,AUTOEDGE,AUTOPTP\u003e\n\u003c118\u003e\t        ifmaxaddr 0 port 6 priority 128 path cost 55\n\u003c118\u003evlan0: flags=8943\u003cUP,BROADCAST,RUNNING,PROMISC,SIMPLEX,MULTICAST\u003e metric 0 mtu 1500\n\u003c118\u003e\toptions=3\u003cRXCSUM,TXCSUM\u003e\n\u003c118\u003e\tether 00:25:11:ee:26:45\n\u003c118\u003e\tinet6 fe80::225:11ff:feee:2645%vlan0 prefixlen 64 tentative scopeid 0x6 \n\u003c118\u003e\tnd6 options=3\u003cPERFORMNUD,ACCEPT_RTADV\u003e\n\u003c118\u003e\tmedia: Ethernet autoselect (100baseTX \u003cfull-duplex\u003e)\n\u003c118\u003e\tstatus: active\n\u003c118\u003e\tvlan: 2 parent interface: re0\n\u003c118\u003eadd net default: gateway 172.16.1.1\nipfw2 (+ipv6) initialized, divert loadable, nat loadable, rule-based forwarding disabled, default to deny, logging disabled\n\u003c118\u003eFlushed all rules.\n\u003c118\u003e00100 allow ip from any to any via lo0\n\u003c118\u003e00200 deny ip from any to 127.0.0.0/8\n\u003c118\u003e00300 deny ip from 127.0.0.0/8 to any\n\u003c118\u003e00400 deny ip from any to ::1\n\u003c118\u003e00500 deny ip from ::1 to any\n\u003c118\u003e00600 allow ipv6-icmp from :: to ff02::/16\n\u003c118\u003e00700 allow ipv6-icmp from fe80::/10 to fe80::/10\n\u003c118\u003e00800 allow ipv6-icmp from fe80::/10 to ff02::/16\n\u003c118\u003e00900 allow ipv6-icmp from any to any ip6 icmp6types 1\n\u003c118\u003e01000 allow ipv6-icmp from any to any ip6 icmp6types 2,135,136\n\u003c118\u003e65000 allow ip from any to any\n\u003c118\u003eFirewall rules loaded.\n\u003c118\u003eadd net ::ffff:0.0.0.0: gateway ::1\n\u003c118\u003eadd net ::0.0.0.0: gateway ::1\n\u003c118\u003enet.inet6.ip6.forwarding: \n\u003c118\u003e0\n\u003c118\u003e -\u003e \n\u003c118\u003e1\n\u003c118\u003e\n\u003c118\u003enet.inet6.ip6.accept_rtadv: \n\u003c118\u003e0\n\u003c118\u003e -\u003e \n\u003c118\u003e0\n\u003c118\u003e\n\u003c118\u003ere0: flags=8943\u003cUP,BROADCAST,RUNNING,PROMISC,SIMPLEX,MULTICAST\u003e metric 0 mtu 1500\n\u003c118\u003e\toptions=389b\u003cRXCSUM,TXCSUM,VLAN_MTU,VLAN_HWTAGGING,VLAN_HWCSUM,WOL_UCAST,WOL_MCAST,WOL_MAGIC\u003e\n\u003c118\u003e\tinet6 fe80::225:11ff:feee:2645%re0 prefixlen 64 scopeid 0x1 \n\u003c118\u003elo0: flags=8049\u003cUP,LOOPBACK,RUNNING,MULTICAST\u003e metric 0 mtu 16384\n\u003c118\u003e\toptions=3\u003cRXCSUM,TXCSUM\u003e\n\u003c118\u003e\tinet6 ::1 prefixlen 128 \n\u003c118\u003e\tinet6 fe80::1%lo0 prefixlen 64 scopeid 0x2 \n\u003c118\u003epflog0: flags=41\u003cUP,RUNNING\u003e metric 0 mtu 33200\n\u003c118\u003enet0: flags=8843\u003cUP,BROADCAST,RUNNING,SIMPLEX,MULTICAST\u003e metric 0 mtu 1500\n\u003c118\u003edmz0: flags=8843\u003cUP,BROADCAST,RUNNING,SIMPLEX,MULTICAST\u003e metric 0 mtu 1500\n\u003c118\u003evlan0: flags=8943\u003cUP,BROADCAST,RUNNING,PROMISC,SIMPLEX,MULTICAST\u003e metric 0 mtu 1500\n\u003c118\u003e\toptions=3\u003cRXCSUM,TXCSUM\u003e\n\u003c118\u003e\tinet6 fe80::225:11ff:feee:2645%vlan0 prefixlen 64 scopeid 0x6 \n\u003c118\u003eipfw0: flags=8801\u003cUP,SIMPLEX,MULTICAST\u003e metric 0 mtu 65536\n\u003c118\u003eadd net fe80::: gateway ::1\n\u003c118\u003eadd net ff02::: gateway ::1\n\u003c118\u003eIPv4 mapped IPv6 address support=NO\n\u003c118\u003eStarting devd.\n\u003c118\u003eStarting rpcbind.\n\u003c118\u003e/etc/rc: WARNING: NIS domainname(1) is not set.\n\u003c118\u003e/etc/rc: WARNING: failed precmd routine for ypbind\n\u003c118\u003eClearing /tmp (X related).\n\u003c118\u003eRecovering vi editor sessions:\n\u003c118\u003e.\n\u003c118\u003eUpdating motd:\n\u003c118\u003e.\n\u003c118\u003eStarting rtadvd.\n\u003c118\u003eConfiguring syscons:\n\u003c118\u003e blanktime\n\u003c118\u003e.\n\u003c118\u003eStarting sshd.\n\u003c118\u003eStarting cron.\n\u003c118\u003eStarting default moused\n\u003c118\u003e.\n\u003c118\u003eStarting background file system checks in 60 seconds.\n\u003c118\u003e\n\u003c118\u003eFri Jun 25 13:24:38 BRT 2010\n\n\nFatal trap 12: page fault while in kernel mode\ncpuid = 0; apic id = 00\nfault virtual address\t= 0x18\nfault code\t\t= supervisor read, page not present\ninstruction pointer\t= 0x20:0xc09b2bde\nstack pointer\t        = 0x28:0xf2e95a64\nframe pointer\t        = 0x28:0xf2e95a84\ncode segment\t\t= base 0x0, limit 0xfffff, type 0x1b\n\t\t\t= DPL 0, pres 1, def32 1, gran 1\nprocessor eflags\t= interrupt enabled, resume, IOPL = 0\ncurrent process\t\t= 1628 (pfctl)\ntrap number\t\t= 12\npanic: page fault\ncpuid = 0\nUptime: 11m26s\nPhysical memory: 942 MB\nDumping 198 MB: 183 167 151 135 119 103 87 71 55 39 23 7\n\nReading symbols from /boot/VIMAGE/zfs.ko...Reading symbols from /boot/VIMAGE/zfs.ko.symbols...done.\ndone.\nLoaded symbols for /boot/VIMAGE/zfs.ko\nReading symbols from /boot/VIMAGE/opensolaris.ko...Reading symbols from /boot/VIMAGE/opensolaris.ko.symbols...done.\ndone.\nLoaded symbols for /boot/VIMAGE/opensolaris.ko\nReading symbols from /boot/VIMAGE/padlock.ko...Reading symbols from /boot/VIMAGE/padlock.ko.symbols...done.\ndone.\nLoaded symbols for /boot/VIMAGE/padlock.ko\nReading symbols from /boot/VIMAGE/crypto.ko...Reading symbols from /boot/VIMAGE/crypto.ko.symbols...done.\ndone.\nLoaded symbols for /boot/VIMAGE/crypto.ko\nReading symbols from /boot/VIMAGE/zlib.ko...Reading symbols from /boot/VIMAGE/zlib.ko.symbols...done.\ndone.\nLoaded symbols for /boot/VIMAGE/zlib.ko\nReading symbols from /boot/VIMAGE/tmpfs.ko...Reading symbols from /boot/VIMAGE/tmpfs.ko.symbols...done.\ndone.\nLoaded symbols for /boot/VIMAGE/tmpfs.ko\nReading symbols from /boot/VIMAGE/if_bridge.ko...Reading symbols from /boot/VIMAGE/if_bridge.ko.symbols...done.\ndone.\nLoaded symbols for /boot/VIMAGE/if_bridge.ko\nReading symbols from /boot/VIMAGE/bridgestp.ko...Reading symbols from /boot/VIMAGE/bridgestp.ko.symbols...done.\ndone.\nLoaded symbols for /boot/VIMAGE/bridgestp.ko\nReading symbols from /boot/VIMAGE/ipfw.ko...Reading symbols from /boot/VIMAGE/ipfw.ko.symbols...done.\ndone.\nLoaded symbols for /boot/VIMAGE/ipfw.ko\nReading symbols from /boot/VIMAGE/libalias.ko...Reading symbols from /boot/VIMAGE/libalias.ko.symbols...done.\ndone.\nLoaded symbols for /boot/VIMAGE/libalias.ko\n#0  doadump () at pcpu.h:246\n246\tpcpu.h: No such file or directory.\n\tin pcpu.h\n(kgdb) #0  doadump () at pcpu.h:246\n#1  0xc08fab87 in boot (howto=260) at /usr/src/sys/kern/kern_shutdown.c:416\n#2  0xc08fade9 in panic (fmt=Variable \"fmt\" is not available.\n) at /usr/src/sys/kern/kern_shutdown.c:590\n#3  0xc0bd79dc in trap_fatal (frame=0xf2e95a24, eva=24)\n    at /usr/src/sys/i386/i386/trap.c:938\n#4  0xc0bd7c60 in trap_pfault (frame=0xf2e95a24, usermode=0, eva=24)\n    at /usr/src/sys/i386/i386/trap.c:851\n#5  0xc0bd85a5 in trap (frame=0xf2e95a24) at /usr/src/sys/i386/i386/trap.c:533\n#6  0xc0bba72b in calltrap () at /usr/src/sys/i386/i386/exception.s:165\n#7  0xc09b2bde in pfil_head_get (type=1, val=2) at /usr/src/sys/net/pfil.c:149\n#8  0xc051a869 in pfioctl (dev=0xc4d94a00, cmd=536888321, addr=0xf2e95d00 \"\", \n    flags=3, td=0xc74c4500) at /usr/src/sys/contrib/pf/net/pf_ioctl.c:3761\n#9  0xc08810c7 in devfs_ioctl_f (fp=0xc5bc1508, com=536888321, \n    data=0xf2e95d00, cred=0xc71dc400, td=0xc74c4500)\n    at /usr/src/sys/fs/devfs/devfs_vnops.c:659\n#10 0xc0937eb0 in kern_ioctl (td=0xc74c4500, fd=3, com=536888321, \n    data=0xf2e95d00 \"\") at file.h:262\n#11 0xc0938024 in ioctl (td=0xc74c4500, uap=0xf2e95cf8)\n    at /usr/src/sys/kern/sys_generic.c:678\n#12 0xc0bd7f53 in syscall (frame=0xf2e95d38)\n    at /usr/src/sys/i386/i386/trap.c:1111\n#13 0xc0bba790 in Xint0x80_syscall ()\n    at /usr/src/sys/i386/i386/exception.s:261\n#14 0x00000033 in ?? ()\nPrevious frame inner to this frame (corrupt stack?)\n(kgdb) \n\n------------------------------------------------------------------------\nps -axl\n\n  UID   PID  PPID CPU PRI NI   VSZ   RSS MWCHAN STAT  TT       TIME COMMAND\n    0     0     0   0  -8  0     0     0 -      DLs   ??  23842992:48.00 [kernel]\n    0     1     0   0  44  0  1892     0 wait   DLs   ??  2713350:48.00 [init]\n    0     2     0   0  -8  0     0     0 -      DL    ??  315414:03.00 [g_event]\n    0     3     0   0  -8  0     0     0 -      DL    ??  749178:23.00 [g_up]\n    0     4     0   0  -8  0     0     0 -      DL    ??  1155321:58.00 [g_down]\n    0     5     0   0 -16  0     0     0 crypto DL    ??    0:00.00 [crypto]\n    0     6     0   0 -16  0     0     0 crypto DL    ??    0:00.00 [crypto ret\n    0     7     0   0  -8  0     0     0 tx-\u003etx DL    ??  326186:16.00 [zfskern]\n    0     8     0   0 -60  0     0     0 pftm   DL    ??  4170:33.00 [pfpurge]\n    0     9     0   0 -60  0     0     0 ccb_sc DL    ??    0:00.00 [xpt_thrd]\n    0    10     0   0 -16  0     0     0 audit_ DL    ??    0:00.00 [audit]\n    0    11     0   0 171  0     0     0 -      RL    ??  33688623:11.00 [idle]\n    0    12     0   0 -60  0     0     0 -      WL    ??  2518733:19.00 [intr]\n    0    13     0   0 -64  0     0     0 -      DL    ??  973509:16.00 [usb]\n    0    14     0   0  76  0     0     0 psleep DL    ??  4434:39.00 [pagedaemon\n    0    15     0   0  76  0     0     0 psleep DL    ??  316:02.00 [vmdaemon]\n    0    16     0   0  76  0     0     0 pgzero DL    ??   96:31.00 [pagezero]\n    0    17     0   0 -16  0     0     0 psleep DL    ??  3299:20.00 [bufdaemon]\n    0    18     0   0 -16  0     0     0 vlruwt DL    ??  2527:58.00 [vnlru]\n    0    19     0   0  44  0     0     0 syncer DL    ??  10218:59.00 [syncer]\n    0    20     0   0 -16  0     0     0 sdflus DL    ??  4243:04.00 [softdepflu\n    0    21     0   0 -16  0     0     0 flowcl DL    ??  4817:46.00 [flowcleane\n    0  1025     1   0  44  0  1888     0 select Ds    ??  9401:34.00 [devd]\n    0  1090     1   0  44  0  3312     0 select Ds    ??  351880:04.00 [rpcbind]\n    0  1324     1   0  44  0  3228     0 select Ds    ??  23060:27.00 [rtadvd]\n    0  1340     1   0  44  0  6604     0 select Ds    ??  97715:36.00 [sshd]\n    0  1348     1   0  44  0  6004     0 select Ds    ??  187990:06.00 [sendmail]\n   25  1352     1   0  76  0  6004     0 pause  Ds    ??  88038:30.00 [sendmail]\n    0  1360     1   0  44  0  3312     0 nanslp Ds    ??  173043:12.00 [cron]\n    0  1385     1   0  44  0  3388     0 select Ds    ??  13909:34.00 [moused]\n    0  1444     1   0  44  0  3284     0 ttyin  Ds+   ??  164885:12.00 [getty]\n    0  1445     1   0  44  0  3744     0 wait   Ds    ??  131437:41.00 [login]\n    0  1446     1   0  76  0  3284     0 ttyin  Ds+   ??  127065:17.00 [getty]\n    0  1447     1   0  76  0  3284     0 ttyin  Ds+   ??  125390:48.00 [getty]\n    0  1448     1   0  76  0  3284     0 ttyin  Ds+   ??  127481:11.00 [getty]\n    0  1449     1   0  76  0  3284     0 ttyin  Ds+   ??  127414:54.00 [getty]\n    0  1450     1   0  76  0  3284     0 ttyin  Ds+   ??  127140:36.00 [getty]\n    0  1451     1   0  76  0  3284     0 ttyin  Ds+   ??  127682:07.00 [getty]\n    0  1457  1445   0  46  0  4608     0 -      R     ??  222087:48.00 [csh]\n    0  1476  1340   0  47  0  9328     0 sbwait Ds    ??    0:00.00 [sshd]\n  100  1479  1476   0  44  0  9328     0 select D     ??    0:00.00 [sshd]\n  100  1480  1479   0  46  0  4608     0 ttyin  Ds+   ??  179645:46.00 [tcsh]\n    0  1628  1457   0  45  0  3392     0 -      R+    ??    0:00.00 [pfctl]\n\n------------------------------------------------------------------------\nvmstat -s\n\n   197628 cpu context switches\n     7139 device interrupts\n    75778 software interrupts\n   297149 traps\n   405459 system calls\n       21 kernel threads created\n     1570  fork() calls\n       37 vfork() calls\n        0 rfork() calls\n        0 swap pager pageins\n        0 swap pager pages paged in\n        0 swap pager pageouts\n        0 swap pager pages paged out\n     3023 vnode pager pageins\n     3023 vnode pager pages paged in\n        0 vnode pager pageouts\n        0 vnode pager pages paged out\n        0 page daemon wakeups\n        0 pages examined by the page daemon\n     1646 pages reactivated\n    43021 copy-on-write faults\n      127 copy-on-write optimized faults\n   210633 zero fill pages zeroed\n     1508 zero fill pages prezeroed\n        4 intransit blocking page faults\n   292544 total VM faults taken\n        0 pages affected by kernel thread creation\n   293474 pages affected by  fork()\n     5654 pages affected by vfork()\n        0 pages affected by rfork()\n     1703 pages cached\n   285326 pages freed\n        0 pages freed by daemon\n    86535 pages freed by exiting processes\n     4321 pages active\n      491 pages inactive\n       27 pages in VM cache\n    38103 pages wired down\n   193737 pages free\n     4096 bytes per page\n    37188 total name lookups\n          cache hits (84% pos + 10% neg) system 0% per-directory\n          deletions 0%, falsehits 0%, toolong 0%\n\n------------------------------------------------------------------------\nvmstat -m\n\n         Type InUse MemUse HighUse Requests  Size(s)\n   acd_driver     1     2K       -        1  2048\n      CAM SIM     1     1K       -        1  128\n      acpidev    77     3K       -       77  32\n         cdev    11     2K       -       11  128\n     filedesc    43    11K       -     1629  256\n         kenv    78     7K       -       81  16,32,64,128,4096\n       kqueue     0     0K       -       36  128,1024\n    proc-args    22     2K       -      728  16,32,64,128,256\n   CAM periph     2     1K       -       12  16,32,64,128\n      ithread    89     9K       -       89  16,64,128\n     pci_link    16     2K       -       16  64,128\n       KTRACE   100    13K       -      100  128\n       linker   178   286K       -      355  16,32,256,1024,2048,4096\n        lockf    20     2K       -      148  32,64\n       ip6ndp    10     1K       -       12  64,128\n       ip6opt     0     0K       -        4  32\n         temp    40   237K       -     1743  16,32,64,128,256,512,1024,2048,4096\n       devbuf  3249  3798K       -     3306  16,32,64,128,256,512,1024,2048,4096\n       module   472    30K       -      472  64,128\n     mtx_pool     2     8K       -        2  4096\n          osd     3     1K       -       11  16,32\n      subproc   104   188K       -     1690  256,4096\n         proc     2     8K       -        2  4096\n      session    19     2K       -       27  64\n         pgrp    21     2K       -       57  64\n         cred    60     6K       -     6244  64,128\n      uidinfo     4     2K       -       12  64,1024\n       plimit    14     4K       -      214  256\n    sysctltmp     0     0K       -      296  16,32,64,128\n    sysctloid  3421   103K       -     3513  16,32,64,128\n       sysctl     0     0K       -      949  16,32\n         umtx   150    10K       -      150  64\n     p1003.1b     1     1K       -        1  16\n         SWAP     4  1097K       -        4  64\n       bus-sc    68   125K       -     3133  16,32,64,128,256,512,1024,2048,4096\n          bus  1190    54K       -     5567  16,32,64,128,256,512,1024\n      devstat    10    21K       -       10  16,4096\n eventhandler    92     5K       -       92  32,64,128\n         kobj   330   660K       -      449  2048\n      Per-cpu     1     1K       -        1  16\n         rman   147     9K       -      681  16,32,64\n         sbuf     0     0K       -      298  16,32,64,128,256\n    taskqueue    73     3K       -       99  16,32,64\n       Unitno    12     1K       -       94  16,64\n          iov     0     0K       -      145  16,64,128,256\n       select    22     2K       -       22  64\n     ioctlops     0     0K       -     2755  16,32,64,128,256,512,1024,4096\n          msg     4    25K       -        4  1024,4096\n          sem     4     6K       -        4  256,512,1024,4096\n          shm     1    12K       -        1  \n          tty    20    10K       -       20  512\n          pts     1     1K       -        1  128\n     mbuf_tag     0     0K       -        9  32\n         ksem     1     4K       -        1  4096\n        shmfd     1     4K       -        1  4096\n          pcb    14     7K       -       41  16,32,512,1024,2048\n       soname     2     1K       -      585  16,32,128\n          acl     0     0K       -        2  4096\n     vfscache     1   256K       -        1  \n     vfs_hash     1   128K       -        1  \n       vnodes     2     1K       -        2  128\n       acpica  2476   127K       -    70895  16,32,64,128,256,512,1024\n  vnodemarker     0     0K       -      725  512\n        mount   223     6K       -      486  16,32,64,128,256\n          BPF     7     1K       -        7  64\n  ether_multi    68     3K       -       92  16,32,64\n       ifaddr    81    19K       -       83  16,32,64,128,256,512,2048\n        ifnet     8     8K       -        8  64,1024\n        clone     8    32K       -        8  4096\n       arpcom     5     1K       -        5  16\n      lltable    21     5K       -       21  128,256\n          agp     2    33K       -        2  16\n         vlan     7     1K       -       16  16,64\n     acpitask     1     1K       -        1  1024\n       USBdev    23     7K       -       23  32,128,1024\n          USB    43    24K       -       44  16,32,64,1024\n      CAM XPT    12     2K       -       26  16,32,64,1024\n     routetbl   201  4140K       -      459  16,32,64,128,256\nvnet_data_free     1     1K       -        1  16\n    vnet_data     1    24K       -        1  \n         vnet     1     1K       -        1  32\n         igmp     7     1K       -        7  128\n      acpisem    15     2K       -       15  64,128\n     in_multi     2     1K       -        2  128\n    hostcache     1    16K       -        1  \n     syncache     1    72K       -        1  \n       kbdmux     6    10K       -        6  16,256,1024,2048,4096\n ip6_moptions     4     1K       -        4  32,128\n    in6_multi    32     5K       -       32  16,256\n  in6_mfilter     2     1K       -        2  512\n          mld     7     1K       -        7  128\n      NFS FHA     1     1K       -        1  1024\n          rpc     2     5K       -        2  128,4096\naudit_evclass   172     3K       -      211  16\n       newblk     1     1K       -        1  256\n     inodedep     1   128K       -        1  \n      pagedep     1    32K       -        1  \n       DEVFS1   103    26K       -      107  256\n    vm_pgdata     3    65K       -        3  64\n       DEVFS3   123    16K       -      128  128,256\n     atkbddev     2     1K       -        2  32\n        DEVFS    16     1K       -       17  16,64\n       apmdev     1     1K       -        1  64\n    pfs_nodes    21     3K       -       21  128\n         GEOM   140    15K       -      646  16,32,64,128,256,512,1024,2048\n      io_apic     2     2K       -        2  1024\nCAM dev queue     1     1K       -        1  128\n      memdesc     1     4K       -        1  4096\n     nexusdev     6     1K       -        6  16\n    CAM queue     3     1K       -        7  16\n  ata_generic     3     3K       -        3  1024\n    ad_driver     2     1K       -        2  32\n    ar_driver     0     0K       -       12  512,2048\n       isadev     8     1K       -        8  64\n   kstat_data     3     1K       -        3  32\n      solaris 23782 126959K       -   567979  16,32,64,128,256,512,1024,2048,4096\n       crypto     1     1K       -        1  512\n   tmpfs name     4     1K       -       14  16\n  tmpfs mount     1     1K       -        1  64\n  IpFw/IpAcct    13     2K       -       24  16,32,64,128\n\n------------------------------------------------------------------------\nvmstat -z\n\nITEM                     SIZE     LIMIT      USED      FREE  REQUESTS  FAILURES\n\nUMA Kegs:                 128,        0,      194,       16,      194,        0\nUMA Zones:                888,        0,      194,        2,      194,        0\nUMA Slabs:                284,        0,     2612,       76,     6637,        0\nUMA RCntSlabs:            544,        0,      197,        6,      197,        0\nUMA Hash:                 128,        0,       84,        6,       84,        0\n16 Bucket:                 76,        0,       33,       17,       54,        0\n32 Bucket:                140,        0,       34,       22,       60,        0\n64 Bucket:                268,        0,       29,       13,       75,       13\n128 Bucket:               524,        0,       51,        5,     1133,      112\nVM OBJECT:                136,        0,      940,       75,    20065,        0\nMAP:                      140,        0,        7,       21,        7,        0\nKMAP ENTRY:                72,    54272,       45,      114,    13986,        0\nMAP ENTRY:                 72,        0,      479,      157,    37612,        0\nDP fakepg:                 72,        0,        0,        0,        0,        0\nSG fakepg:                 72,        0,        0,        0,        0,        0\nmt_zone:                 2056,        0,      263,      122,      263,        0\n16:                        16,        0,     3964,       96,   204137,        0\n32:                        32,        0,    14461,      568,   141470,        0\n64:                        64,        0,     4505,      333,   195550,        0\n128:                      128,        0,     9946,       74,    65574,        0\n256:                      256,        0,      825,      300,    18753,        0\n512:                      512,        0,     1164,       12,    37964,        0\n1024:                    1024,        0,      264,      920,     3555,        0\n2048:                    2048,        0,      440,        8,     1020,        0\n4096:                    4096,        0,      228,       13,     4050,        0\nFiles:                     56,        0,       52,      149,     7492,        0\nTURNSTILE:                 72,        0,      151,       29,      151,        0\numtx pi:                   52,        0,        0,        0,        0,        0\nMAC labels:                20,        0,        0,        0,        0,        0\nPROC:                     680,        0,       42,       18,     1628,        0\nTHREAD:                   636,        0,      145,        5,      172,        0\nSLEEPQUEUE:                44,        0,      151,       85,      151,        0\nVMSPACE:                  232,        0,       22,       29,     1609,        0\ncpuset:                    40,        0,        2,      182,        2,        0\naudit_record:             816,        0,        0,        0,        0,        0\nmbuf_packet:              256,        0,      256,      141,      948,        0\nmbuf:                     256,        0,        1,      140,     2009,        0\nmbuf_cluster:            2048,    25600,      384,        6,      384,        0\nmbuf_jumbo_page:         4096,    12800,        0,        2,        6,        0\nmbuf_jumbo_9k:           9216,    19200,        0,        0,        0,        0\nmbuf_jumbo_16k:         16384,    12800,        0,        0,        0,        0\nmbuf_ext_refcnt:            4,        0,        0,        0,        0,        0\ng_bio:                    140,        0,        0,      308,    19242,        0\nttyinq:                   152,        0,      135,       21,      495,        0\nttyoutq:                  256,        0,       72,       18,      264,        0\nata_request:              204,        0,        1,       85,     8033,        0\nata_composite:            180,        0,        0,        0,        0,        0\ncryptop:                   60,        0,        0,        0,        0,        0\ncryptodesc:                56,        0,        0,        0,        0,        0\ntaskq_zone:                28,        0,        0,      254,       28,        0\nVNODE:                    268,        0,      729,       13,      786,        0\nVNODEPOLL:                 60,        0,        0,        0,        0,        0\nS VFS Cache:               72,        0,      621,       68,     1676,        0\nL VFS Cache:              292,        0,        0,        0,        0,        0\nNAMEI:                   1024,        0,        0,       12,    14216,        0\nNFSMOUNT:                 524,        0,        0,        0,        0,        0\nNFSNODE:                  468,        0,        0,        0,        0,        0\nDIRHASH:                 1024,        0,        0,        0,        0,        0\nzio_cache:                624,        0,        0,     1044,   179820,        0\nzio_buf_512:              512,        0,        0,        0,        0,        0\nzio_data_buf_512:         512,        0,        0,        0,        0,        0\nzio_buf_1024:            1024,        0,        0,        0,        0,        0\nzio_data_buf_1024:       1024,        0,        0,        0,        0,        0\nzio_buf_1536:            1536,        0,        0,        0,        0,        0\nzio_data_buf_1536:       1536,        0,        0,        0,        0,        0\nzio_buf_2048:            2048,        0,        0,        0,        0,        0\nzio_data_buf_2048:       2048,        0,        0,        0,        0,        0\nzio_buf_2560:            2560,        0,        0,        0,        0,        0\nzio_data_buf_2560:       2560,        0,        0,        0,        0,        0\nzio_buf_3072:            3072,        0,        0,        0,        0,        0\nzio_data_buf_3072:       3072,        0,        0,        0,        0,        0\nzio_buf_3584:            3584,        0,        0,        0,        0,        0\nzio_data_buf_3584:       3584,        0,        0,        0,        0,        0\nzio_buf_4096:            4096,        0,        0,        0,        0,        0\nzio_data_buf_4096:       4096,        0,        0,        0,        0,        0\nzio_buf_5120:            5120,        0,        0,        0,        0,        0\nzio_data_buf_5120:       5120,        0,        0,        0,        0,        0\nzio_buf_6144:            6144,        0,        0,        0,        0,        0\nzio_data_buf_6144:       6144,        0,        0,        0,        0,        0\nzio_buf_7168:            7168,        0,        0,        0,        0,        0\nzio_data_buf_7168:       7168,        0,        0,        0,        0,        0\nzio_buf_8192:            8192,        0,        0,        0,        0,        0\nzio_data_buf_8192:       8192,        0,        0,        0,        0,        0\nzio_buf_10240:          10240,        0,        0,        0,        0,        0\nzio_data_buf_10240:     10240,        0,        0,        0,        0,        0\nzio_buf_12288:          12288,        0,        0,        0,        0,        0\nzio_data_buf_12288:     12288,        0,        0,        0,        0,        0\nzio_buf_14336:          14336,        0,        0,        0,        0,        0\nzio_data_buf_14336:     14336,        0,        0,        0,        0,        0\nzio_buf_16384:          16384,        0,        0,        0,        0,        0\nzio_data_buf_16384:     16384,        0,        0,        0,        0,        0\nzio_buf_20480:          20480,        0,        0,        0,        0,        0\nzio_data_buf_20480:     20480,        0,        0,        0,        0,        0\nzio_buf_24576:          24576,        0,        0,        0,        0,        0\nzio_data_buf_24576:     24576,        0,        0,        0,        0,        0\nzio_buf_28672:          28672,        0,        0,        0,        0,        0\nzio_data_buf_28672:     28672,        0,        0,        0,        0,        0\nzio_buf_32768:          32768,        0,        0,        0,        0,        0\nzio_data_buf_32768:     32768,        0,        0,        0,        0,        0\nzio_buf_36864:          36864,        0,        0,        0,        0,        0\nzio_data_buf_36864:     36864,        0,        0,        0,        0,        0\nzio_buf_40960:          40960,        0,        0,        0,        0,        0\nzio_data_buf_40960:     40960,        0,        0,        0,        0,        0\nzio_buf_45056:          45056,        0,        0,        0,        0,        0\nzio_data_buf_45056:     45056,        0,        0,        0,        0,        0\nzio_buf_49152:          49152,        0,        0,        0,        0,        0\nzio_data_buf_49152:     49152,        0,        0,        0,        0,        0\nzio_buf_53248:          53248,        0,        0,        0,        0,        0\nzio_data_buf_53248:     53248,        0,        0,        0,        0,        0\nzio_buf_57344:          57344,        0,        0,        0,        0,        0\nzio_data_buf_57344:     57344,        0,        0,        0,        0,        0\nzio_buf_61440:          61440,        0,        0,        0,        0,        0\nzio_data_buf_61440:     61440,        0,        0,        0,        0,        0\nzio_buf_65536:          65536,        0,        0,        0,        0,        0\nzio_data_buf_65536:     65536,        0,        0,        0,        0,        0\nzio_buf_69632:          69632,        0,        0,        0,        0,        0\nzio_data_buf_69632:     69632,        0,        0,        0,        0,        0\nzio_buf_73728:          73728,        0,        0,        0,        0,        0\nzio_data_buf_73728:     73728,        0,        0,        0,        0,        0\nzio_buf_77824:          77824,        0,        0,        0,        0,        0\nzio_data_buf_77824:     77824,        0,        0,        0,        0,        0\nzio_buf_81920:          81920,        0,        0,        0,        0,        0\nzio_data_buf_81920:     81920,        0,        0,        0,        0,        0\nzio_buf_86016:          86016,        0,        0,        0,        0,        0\nzio_data_buf_86016:     86016,        0,        0,        0,        0,        0\nzio_buf_90112:          90112,        0,        0,        0,        0,        0\nzio_data_buf_90112:     90112,        0,        0,        0,        0,        0\nzio_buf_94208:          94208,        0,        0,        0,        0,        0\nzio_data_buf_94208:     94208,        0,        0,        0,        0,        0\nzio_buf_98304:          98304,        0,        0,        0,        0,        0\nzio_data_buf_98304:     98304,        0,        0,        0,        0,        0\nzio_buf_102400:        102400,        0,        0,        0,        0,        0\nzio_data_buf_102400:   102400,        0,        0,        0,        0,        0\nzio_buf_106496:        106496,        0,        0,        0,        0,        0\nzio_data_buf_106496:   106496,        0,        0,        0,        0,        0\nzio_buf_110592:        110592,        0,        0,        0,        0,        0\nzio_data_buf_110592:   110592,        0,        0,        0,        0,        0\nzio_buf_114688:        114688,        0,        0,        0,        0,        0\nzio_data_buf_114688:   114688,        0,        0,        0,        0,        0\nzio_buf_118784:        118784,        0,        0,        0,        0,        0\nzio_data_buf_118784:   118784,        0,        0,        0,        0,        0\nzio_buf_122880:        122880,        0,        0,        0,        0,        0\nzio_data_buf_122880:   122880,        0,        0,        0,        0,        0\nzio_buf_126976:        126976,        0,        0,        0,        0,        0\nzio_data_buf_126976:   126976,        0,        0,        0,        0,        0\nzio_buf_131072:        131072,        0,        0,        0,        0,        0\nzio_data_buf_131072:   131072,        0,        0,        0,        0,        0\ndmu_buf_impl_t:           136,        0,     2556,       25,     2727,        0\ndnode_t:                  460,        0,     1022,       10,     1797,        0\narc_buf_hdr_t:            136,        0,     1834,       22,     2066,        0\narc_buf_t:                 40,        0,     1833,      191,     2066,        0\nzil_lwb_cache:            176,        0,        9,       35,       36,        0\nzfs_znode_cache:          232,        0,      649,       14,      694,        0\npipe:                     392,        0,        1,       19,     1074,        0\nksiginfo:                  80,        0,       46,     1010,       75,        0\nitimer:                   220,        0,        0,        0,        0,        0\nKNOTE:                     72,        0,        0,      106,       36,        0\nsocket:                   412,    25605,       17,       10,      468,        0\nipq:                       32,      904,        0,        0,        0,        0\nudp_inpcb:                220,    25614,        5,       31,      311,        0\nudpcb:                      8,    25781,        5,      198,      311,        0\ntcp_inpcb:                220,    25614,        6,       30,       16,        0\ntcpcb:                    632,    25602,        6,       12,       16,        0\ntcptw:                     52,     5184,        0,      144,        1,        0\nsyncache:                 112,    15365,        0,       70,        3,        0\nhostcache:                 76,    15400,        2,       98,        2,        0\ntcpreass:                  20,     1690,        0,        0,        0,        0\nsackhole:                  20,        0,        0,        0,        0,        0\nripcb:                    220,    25614,        1,       35,       13,        0\nunpcb:                    172,    25622,        4,       42,      122,        0\nrtentry:                  108,        0,       21,       51,       21,        0\npfsrctrpl:                124,        0,        0,        0,        0,        0\npfrulepl:                 828,        0,        0,        0,        0,        0\npfstatepl:                284,    10010,        0,        0,        0,        0\npfaltqpl:                 224,        0,        0,        0,        0,        0\npfpooladdrpl:              68,        0,        0,        0,        0,        0\npfrktable:               1240,        0,        0,        0,        0,        0\npfrkentry:                156,        0,        0,        0,        0,        0\npfrkentry2:               156,        0,        0,        0,        0,        0\npffrent:                   16,     5075,        0,        0,        0,        0\npffrag:                    48,        0,        0,        0,        0,        0\npffrcache:                 48,    10062,        0,        0,        0,        0\npffrcent:                  12,    50141,        0,        0,        0,        0\npfstatescrub:              28,        0,        0,        0,        0,        0\npfiaddrpl:                100,        0,        0,        0,        0,        0\npfospfen:                 108,        0,        0,        0,        0,        0\npfosfp:                    28,        0,        0,        0,        0,        0\nselfd:                     28,        0,       50,      204,     1099,        0\nip4flow:                   40,    25668,        0,      184,        5,        0\nip6flow:                   64,    25636,        0,        0,        0,        0\nSWAPMETA:                 276,   118412,        0,        0,        0,        0\nMountpoints:              644,        0,       19,        5,       19,        0\nTMPFS dirent:              20,        0,        4,      165,       14,        0\nTMPFS node:               136,        0,        5,       53,       15,        0\nbridge_rtnode:             36,        0,        3,      199,        3,        0\nIPFW dynamic rule:        108,        0,        0,        0,        0,        0\n\n\n------------------------------------------------------------------------\nvmstat -i\n\ninterrupt                          total       rate\nirq1: atkbd0                        1753          6\nirq12: psm0                            4          0\nirq14: ata0                           35          0\nirq21: atapci0++                    4625         16\nirq22: uhci1                          19          0\nirq28: re0                           703          2\ncpu0: timer                      1372119       4917\nTotal                            1379258       4943\n\n------------------------------------------------------------------------\npstat -T\n\n 52/12328 files\n0M/8191M swap space\n\n------------------------------------------------------------------------\npstat -s\n\nDevice          512-blocks     Used    Avail Capacity\n/dev/gpt/swap0     8388352        0  8388352     0%\n/dev/gpt/swap1     8388352        0  8388352     0%\nTotal             16776704        0 16776704     0%\n\n------------------------------------------------------------------------\niostat\n\niostat: kvm_read(_tk_nin): invalid address (0x0)\niostat: disabling TTY statistics\niostat: kvm_getcptime: invalid address (0x0)\niostat: disabling CPU time statistics\n             ad4              ad6 \n  KB/t tps  MB/s   KB/t tps  MB/s \n 28.11   8  0.23  26.28   8  0.22 \n\n------------------------------------------------------------------------\nipcs -a\n\nMessage Queues:\nT           ID          KEY MODE        OWNER    GROUP    CREATOR  CGROUP                 CBYTES                 QNUM               QBYTES        LSPID        LRPID STIME    RTIME    CTIME   \n\nShared Memory:\nT           ID          KEY MODE        OWNER    GROUP    CREATOR  CGROUP         NATTCH        SEGSZ         CPID         LPID ATIME    DTIME    CTIME   \n\nSemaphores:\nT           ID          KEY MODE        OWNER    GROUP    CREATOR  CGROUP          NSEMS OTIME    CTIME   \n\n\n------------------------------------------------------------------------\nipcs -T\n\nmsginfo:\n\tmsgmax:        16384\t(max characters in a message)\n\tmsgmni:           40\t(# of message queues)\n\tmsgmnb:         2048\t(max characters in a message queue)\n\tmsgtql:           40\t(max # of messages in system)\n\tmsgssz:            8\t(size of a message segment)\n\tmsgseg:         2048\t(# of message segments in system)\n\nshminfo:\n\tshmmax:     33554432\t(max shared memory segment size)\n\tshmmin:            1\t(min shared memory segment size)\n\tshmmni:          192\t(max number of shared memory identifiers)\n\tshmseg:          128\t(max shared memory segments per process)\n\tshmall:         8192\t(max amount of shared memory in pages)\n\nseminfo:\n\tsemmap:           30\t(# of entries in semaphore map)\n\tsemmni:           10\t(# of semaphore identifiers)\n\tsemmns:           60\t(# of semaphores in system)\n\tsemmnu:           30\t(# of undo structures in system)\n\tsemmsl:           60\t(max # of semaphores per id)\n\tsemopm:          100\t(max # of operations per semop call)\n\tsemume:           10\t(max # of undo entries per process)\n\tsemusz:          136\t(size in bytes of undo structure)\n\tsemvmx:        32767\t(semaphore maximum value)\n\tsemaem:        16384\t(adjust on exit max value)\n\n\n------------------------------------------------------------------------\nnfsstat\n\nClient Info:\nRpc Counts:\n  Getattr   Setattr    Lookup  Readlink      Read     Write    Create    Remove\n        0         0         0         0         0         0         0         0\n   Rename      Link   Symlink     Mkdir     Rmdir   Readdir  RdirPlus    Access\n        0         0         0         0         0         0         0         0\n    Mknod    Fsstat    Fsinfo  PathConf    Commit\n        0         0         0         0         0\nRpc Info:\n TimedOut   Invalid X Replies   Retries  Requests\n        0         0         0         0         0\nCache Info:\nAttr Hits    Misses Lkup Hits    Misses BioR Hits    Misses BioW Hits    Misses\n        0         0         0         0         0         0         0         0\nBioRLHits    Misses BioD Hits    Misses DirE Hits    Misses\n        0         0         0         0         0         0\n\nServer Info:\n  Getattr   Setattr    Lookup  Readlink      Read     Write    Create    Remove\n        0         0         0         0         0         0         0         0\n   Rename      Link   Symlink     Mkdir     Rmdir   Readdir  RdirPlus    Access\n        0         0         0         0         0         0         0         0\n    Mknod    Fsstat    Fsinfo  PathConf    Commit\n        0         0         0         0         0\nServer Ret-Failed\n                0\nServer Faults\n            0\nServer Cache Stats:\n   Inprog      Idem  Non-idem    Misses\n        0         0         0         0\nServer Write Gathering:\n WriteOps  WriteRPC   Opsaved\n        0         0         0\n\n------------------------------------------------------------------------\nnetstat -s\n\ntcp:\n\t68 packets sent\n\t\t47 data packets (6233 bytes)\n\t\t0 data packets (0 bytes) retransmitted\n\t\t0 data packets unnecessarily retransmitted\n\t\t0 resends initiated by MTU discovery\n\t\t15 ack-only packets (8 delayed)\n\t\t0 URG only packets\n\t\t0 window probe packets\n\t\t0 window update packets\n\t\t6 control packets\n\t86 packets received\n\t\t53 acks (for 6239 bytes)\n\t\t2 duplicate acks\n\t\t0 acks for unsent data\n\t\t49 packets (5287 bytes) received in-sequence\n\t\t0 completely duplicate packets (0 bytes)\n\t\t0 old duplicate packets\n\t\t0 packets with some dup. data (0 bytes duped)\n\t\t0 out-of-order packets (0 bytes)\n\t\t0 packets (0 bytes) of data after window\n\t\t0 window probes\n\t\t0 window update packets\n\t\t0 packets received after close\n\t\t0 discarded for bad checksums\n\t\t0 discarded for bad header offset fields\n\t\t0 discarded because packet too short\n\t\t0 discarded due to memory problems\n\t3 connection requests\n\t3 connection accepts\n\t0 bad connection attempts\n\t0 listen queue overflows\n\t0 ignored RSTs in the windows\n\t4 connections established (including accepts)\n\t10 connections closed (including 0 drops)\n\t\t3 connections updated cached RTT on close\n\t\t3 connections updated cached RTT variance on close\n\t\t0 connections updated cached ssthresh on close\n\t2 embryonic connections dropped\n\t53 segments updated rtt (of 52 attempts)\n\t0 retransmit timeouts\n\t\t0 connections dropped by rexmit timeout\n\t0 persist timeouts\n\t\t0 connections dropped by persist timeout\n\t0 Connections (fin_wait_2) dropped because of timeout\n\t0 keepalive timeouts\n\t\t0 keepalive probes sent\n\t\t0 connections dropped by keepalive\n\t0 correct ACK header predictions\n\t23 correct data packet header predictions\n\t3 syncache entries added\n\t\t0 retransmitted\n\t\t0 dupsyn\n\t\t0 dropped\n\t\t3 completed\n\t\t0 bucket overflow\n\t\t0 cache overflow\n\t\t0 reset\n\t\t0 stale\n\t\t0 aborted\n\t\t0 badack\n\t\t0 unreach\n\t\t0 zone failures\n\t3 cookies sent\n\t0 cookies received\n\t0 SACK recovery episodes\n\t0 segment rexmits in SACK recovery episodes\n\t0 byte rexmits in SACK recovery episodes\n\t0 SACK options (SACK blocks) received\n\t0 SACK options (SACK blocks) sent\n\t0 SACK scoreboard overflow\n\t0 packets with ECN CE bit set\n\t0 packets with ECN ECT(0) bit set\n\t0 packets with ECN ECT(1) bit set\n\t0 successful ECN handshakes\n\t0 times ECN reduced the congestion window\nudp:\n\t63 datagrams received\n\t0 with incomplete header\n\t0 with bad data length field\n\t0 with bad checksum\n\t0 with no checksum\n\t1 dropped due to no socket\n\t44 broadcast/multicast datagrams undelivered\n\t0 dropped due to full socket buffers\n\t0 not for hashed pcb\n\t18 delivered\n\t19 datagrams output\n\t0 times multicast source filter matched\nip:\n\t150 total packets received\n\t0 bad header checksums\n\t0 with size smaller than minimum\n\t0 with data size \u003c data length\n\t0 with ip length \u003e max ip packet size\n\t0 with header length \u003c data size\n\t0 with data length \u003c header length\n\t0 with bad options\n\t0 with incorrect version number\n\t0 fragments received\n\t0 fragments dropped (dup or out of space)\n\t0 fragments dropped after timeout\n\t0 packets reassembled ok\n\t149 packets for this host\n\t1 packet for unknown/unsupported protocol\n\t0 packets forwarded (0 packets fast forwarded)\n\t0 packets not forwardable\n\t0 packets received for unknown multicast group\n\t0 redirects sent\n\t90 packets sent from this host\n\t0 packets sent with fabricated ip header\n\t0 output packets dropped due to no bufs, etc.\n\t0 output packets discarded due to no route\n\t0 output datagrams fragmented\n\t0 fragments created\n\t0 datagrams that can't be fragmented\n\t0 tunneling packets that can't find gif\n\t0 datagrams with bad address in header\nicmp:\n\t1 call to icmp_error\n\t0 errors not generated in response to an icmp message\n\tOutput histogram:\n\t\tdestination unreachable: 1\n\t0 messages with bad code fields\n\t0 messages less than the minimum length\n\t0 messages with bad checksum\n\t0 messages with bad length\n\t0 multicast echo requests ignored\n\t0 multicast timestamp requests ignored\n\tInput histogram:\n\t\tdestination unreachable: 1\n\t0 message responses generated\n\t0 invalid return addresses\n\t0 no return routes\nigmp:\n\t0 messages received\n\t0 messages received with too few bytes\n\t0 messages received with wrong TTL\n\t0 messages received with bad checksum\n\t0 V1/V2 membership queries received\n\t0 V3 membership queries received\n\t0 membership queries received with invalid field(s)\n\t0 general queries received\n\t0 group queries received\n\t0 group-source queries received\n\t0 group-source queries dropped\n\t0 membership reports received\n\t0 membership reports received with invalid field(s)\n\t0 membership reports received for groups to which we belong\n\t0 V3 reports received without Router Alert\n\t0 membership reports sent\narp:\n\t3 ARP requests sent\n\t242 ARP replies sent\n\t1062 ARP requests received\n\t2 ARP replies received\n\t1064 ARP packets received\n\t0 total packets dropped due to no ARP entry\n\t0 ARP entrys timed out\n\t0 Duplicate IPs seen\nip6:\n\t0 total packets received\n\t0 with size smaller than minimum\n\t0 with data size \u003c data length\n\t0 with bad options\n\t0 with incorrect version number\n\t0 fragments received\n\t0 fragments dropped (dup or out of space)\n\t0 fragments dropped after timeout\n\t0 fragments that exceeded limit\n\t0 packets reassembled ok\n\t0 packets for this host\n\t0 packets forwarded\n\t0 packets not forwardable\n\t0 redirects sent\n\t14 packets sent from this host\n\t0 packets sent with fabricated ip header\n\t0 output packets dropped due to no bufs, etc.\n\t0 output packets discarded due to no route\n\t0 output datagrams fragmented\n\t0 fragments created\n\t0 datagrams that can't be fragmented\n\t0 packets that violated scope rules\n\t0 multicast packets which we don't join\n\tMbuf statistics:\n\t\t0 one mbuf\n\t\t0 one ext mbuf\n\t\t0 two or more ext mbuf\n\t0 packets whose headers are not continuous\n\t0 tunneling packets that can't find gif\n\t0 packets discarded because of too many headers\n\t0 failures of source address selection\n\tSource addresses selection rule applied:\nicmp6:\n\t0 calls to icmp6_error\n\t0 errors not generated in response to an icmp6 message\n\t0 errors not generated because of rate limitation\n\tOutput histogram:\n\t\tneighbor solicitation: 2\n\t\tMLDv2 listener report: 12\n\t0 messages with bad code fields\n\t0 messages \u003c minimum length\n\t0 bad checksums\n\t0 messages with bad length\n\tHistogram of error messages to be generated:\n\t\t0 no route\n\t\t0 administratively prohibited\n\t\t0 beyond scope\n\t\t0 address unreachable\n\t\t0 port unreachable\n\t\t0 packet too big\n\t\t0 time exceed transit\n\t\t0 time exceed reassembly\n\t\t0 erroneous header field\n\t\t0 unrecognized next header\n\t\t0 unrecognized option\n\t\t0 redirect\n\t\t0 unknown\n\t0 message responses generated\n\t0 messages with too many ND options\n\t0 messages with bad ND options\n\t0 bad neighbor solicitation messages\n\t0 bad neighbor advertisement messages\n\t0 bad router solicitation messages\n\t0 bad router advertisement messages\n\t0 bad redirect messages\n\t0 path MTU changes\nrip6:\n\t0 messages received\n\t0 checksum calculations on inbound\n\t0 messages with bad checksum\n\t0 messages dropped due to no socket\n\t0 multicast messages dropped due to no socket\n\t0 messages dropped due to full socket buffers\n\t0 delivered\n\t0 datagrams output\n\n------------------------------------------------------------------------\nnetstat -m\n\n257/281/538 mbufs in use (current/cache/total)\n243/147/390/25600 mbuf clusters in use (current/cache/total/max)\n256/141 mbuf+clusters out of packet secondary zone in use (current/cache)\n0/2/2/12800 4k (page size) jumbo clusters in use (current/cache/total/max)\n0/0/0/19200 9k jumbo clusters in use (current/cache/total/max)\n0/0/0/12800 16k jumbo clusters in use (current/cache/total/max)\n550K/372K/922K bytes allocated to network (current/cache/total)\n0/0/0 requests for mbufs denied (mbufs/clusters/mbuf+clusters)\n0/0/0 requests for jumbo clusters denied (4k/9k/16k)\n0 requests for sfbufs denied\n0 requests for sfbufs delayed\n0 requests for I/O initiated by sendfile\n0 calls to protocol drain routines\n\n------------------------------------------------------------------------\nnetstat -id\n\nName    Mtu Network       Address              Ipkts Ierrs Idrop    Opkts Oerrs  Coll Drop\nre0    1500 \u003cLink#1\u003e      00:25:11:ee:26:45      635     0     0      320     0     0    0 \nre0    1500 fe80:1::225:1 fe80:1::225:11ff:        0     -     -        2     -     -    - \nlo0   16384 \u003cLink#2\u003e                              26     0     0       26     0     0    0 \nlo0   16384 your-net      localhost               26     -     -       26     -     -    - \nlo0   16384 localhost     ::1                      0     -     -        0     -     -    - \nlo0   16384 fe80:2::1     fe80:2::1                0     -     -        0     -     -    - \npflog 33200 \u003cLink#3\u003e                               0     0     0        0     0     0    0 \nnet0   1500 \u003cLink#4\u003e      0e:33:3f:73:79:1e      635     0     0      315     0     0    0 \nnet0   1500 172.16.1.0    172.16.1.3              80     -     -       64     -     -    - \ndmz0   1500 \u003cLink#5\u003e      2a:b5:2a:d6:3a:94        0     0     0        7     0     0    0 \nvlan0  1500 \u003cLink#6\u003e      00:25:11:ee:26:45        0     0     0        5     0     2    0 \nvlan0  1500 fe80:6::225:1 fe80:6::225:11ff:        0     -     -        3     -     -    - \nipfw0 65536 \u003cLink#7\u003e                               0     0     0        0     0     0    0 \n\n------------------------------------------------------------------------\nnetstat -anr\n\nRouting tables\n\nInternet:\nDestination        Gateway            Flags    Refs      Use  Netif Expire\ndefault            172.16.1.1         UGS         0       18   net0\n127.0.0.1          link#2             UH          0       26    lo0\n172.16.1.0/24      link#4             U           0       46   net0\n172.16.1.3         link#4             UHS         0        0    lo0\n\nInternet6:\nDestination                       Gateway                       Flags      Netif Expire\n::/96                             ::1                           UGRS        lo0\n::1                               ::1                           UH          lo0\n::ffff:0.0.0.0/96                 ::1                           UGRS        lo0\nfe80::/10                         ::1                           UGRS        lo0\nfe80::%re0/64                     link#1                        U           re0\nfe80::225:11ff:feee:2645%re0      link#1                        UHS         lo0\nfe80::%lo0/64                     link#2                        U           lo0\nfe80::1%lo0                       link#2                        UHS         lo0\nfe80::%6/64                       link#6                        U         vlan0\nfe80::225:11ff:feee:2645%6        link#6                        UHS         lo0\nff01:1::/32                       fe80::225:11ff:feee:2645%re0  U           re0\nff01:2::/32                       ::1                           U           lo0\nff01:6::/32                       fe80::225:11ff:feee:2645%6    U         vlan0\nff02::/16                         ::1                           UGRS        lo0\nff02::%re0/32                     fe80::225:11ff:feee:2645%re0  U           re0\nff02::%lo0/32                     ::1                           U           lo0\nff02::%6/32                       fe80::225:11ff:feee:2645%6    U         vlan0\n\n------------------------------------------------------------------------\nnetstat -anA\n\nActive Internet connections (including servers)\nTcpcb    Proto Recv-Q Send-Q  Local Address      Foreign Address   (state)\nc7469000 tcp4       0      0 172.16.1.3.22      172.16.1.77.41619  ESTABLISHED\nc6e52768 tcp4       0      0 127.0.0.1.25       *.*                LISTEN\nc6e52000 tcp4       0      0 *.22               *.*                LISTEN\nc6e52278 tcp6       0      0 *.22               *.*                LISTEN\nc6e52c58 tcp4       0      0 *.111              *.*                LISTEN\nc6e53000 tcp6       0      0 *.111              *.*                LISTEN\nc69d7974 udp6       0      0 *.*                *.*                \nc69d7ce4 udp4       0      0 *.985              *.*                \nc69d7dc0 udp4       0      0 *.111              *.*                \nc69d8000 udp6       0      0 *.836              *.*                \nc69d7c08 udp6       0      0 *.111              *.*                \nc6c26528 icm6       0      0 *.*                *.*                \nActive UNIX domain sockets\nAddress  Type   Recv-Q Send-Q    Inode     Conn     Refs  Nextref Addr\nc69bba14 stream      0      0        0 c69bb968        0        0\nc69bb968 stream      0      0        0 c69bba14        0        0\nc69bb60c stream      0      0 c62c196c        0        0        0 /var/run/rpcbind.sock\nc69bb0ac stream      0      0 c6deb430        0        0        0 /var/run/devd.pipe\n\n------------------------------------------------------------------------\nnetstat -aL\n\nCurrent listen queue sizes (qlen/incqlen/maxqlen)\nProto Listen         Local Address         \ntcp4  0/0/10         localhost.smtp         \ntcp4  0/0/128        *.ssh                  \ntcp6  0/0/128        *.ssh                  \ntcp4  0/0/128        *.sunrpc               \ntcp6  0/0/128        *.sunrpc               \nunix  0/0/128        /var/run/rpcbind.sock\nunix  0/0/4          /var/run/devd.pipe\n\n------------------------------------------------------------------------\nfstat\n\nUSER     CMD          PID   FD MOUNT      INUM MODE         SZ|DV R/W\nroot     pfctl       1628 root /             3 drwxr-xr-x      27  r\nroot     pfctl       1628   wd /            45 drwxr-xr-x      17  r\nroot     pfctl       1628 text /         20501 -r-xr-xr-x  201600  r\nroot     pfctl       1628    0 /dev         41 crw-------   ttyv1 rw\nroot     pfctl       1628    1 /dev         41 crw-------   ttyv1 rw\nroot     pfctl       1628    2 /dev         41 crw-------   ttyv1 rw\nroot     pfctl       1628    3 /dev         65 crw-------      pf rw\nops      tcsh        1480 root /             3 drwxr-xr-x      27  r\nops      tcsh        1480   wd /         32791 drwxr-xr-x      13  r\nops      tcsh        1480 text /         18575 -r-xr-xr-x  327692  r\nops      tcsh        1480   15 /dev        103 crw--w----   pts/0 rw\nops      tcsh        1480   16 /dev        103 crw--w----   pts/0 rw\nops      tcsh        1480   17 /dev        103 crw--w----   pts/0 rw\nops      tcsh        1480   18 /dev        103 crw--w----   pts/0 rw\nops      tcsh        1480   19 /dev        103 crw--w----   pts/0 rw\nops      sshd        1479 root /             3 drwxr-xr-x      27  r\nops      sshd        1479   wd /             3 drwxr-xr-x      27  r\nops      sshd        1479 text /         20931 -r-xr-xr-x  230588  r\nops      sshd        1479    0 /dev          6 crw-rw-rw-    null rw\nops      sshd        1479    1 /dev          6 crw-rw-rw-    null rw\nops      sshd        1479    2 /dev          6 crw-rw-rw-    null rw\nops      sshd        1479    3* internet stream tcp c7469000\nops      sshd        1479    4* local stream c69bb968 \u003c-\u003e c69bba14\nops      sshd        1479    5* pipe c5ed5620 \u003c-\u003e c5ed56d8      0 rw\nops      sshd        1479    6* pipe c5ed56d8 \u003c-\u003e c5ed5620      0 rw\nops      sshd        1479    7* pseudo-terminal master      pts/0 rw\nops      sshd        1479    9* pseudo-terminal master      pts/0 rw\nops      sshd        1479   10* pseudo-terminal master      pts/0 rw\nroot     sshd        1476 root /             3 drwxr-xr-x      27  r\nroot     sshd        1476   wd /             3 drwxr-xr-x      27  r\nroot     sshd        1476 text /         20931 -r-xr-xr-x  230588  r\nroot     sshd        1476    0 /dev          6 crw-rw-rw-    null  r\nroot     sshd        1476    1 /dev          6 crw-rw-rw-    null rw\nroot     sshd        1476    2 /dev          6 crw-rw-rw-    null rw\nroot     sshd        1476    3* internet stream tcp c7469000\nroot     sshd        1476    4* pseudo-terminal master      pts/0 rw\nroot     sshd        1476    5* local stream c69bba14 \u003c-\u003e c69bb968\nroot     csh         1457 root /             3 drwxr-xr-x      27  r\nroot     csh         1457   wd /            45 drwxr-xr-x      17  r\nroot     csh         1457 text /         18575 -r-xr-xr-x  327692  r\nroot     csh         1457   15 /dev         41 crw-------   ttyv1 rw\nroot     csh         1457   16 /dev         41 crw-------   ttyv1 rw\nroot     csh         1457   17 /dev         41 crw-------   ttyv1 rw\nroot     csh         1457   18 /dev         41 crw-------   ttyv1 rw\nroot     csh         1457   19 /dev         41 crw-------   ttyv1 rw\nroot     getty       1451 root /             3 drwxr-xr-x      27  r\nroot     getty       1451   wd /             3 drwxr-xr-x      27  r\nroot     getty       1451 text /         18501 -r-xr-xr-x   21732  r\nroot     getty       1451    0 /dev         47 crw-------   ttyv7 rw\nroot     getty       1451    1 /dev         47 crw-------   ttyv7 rw\nroot     getty       1451    2 /dev         47 crw-------   ttyv7 rw\nroot     getty       1450 root /             3 drwxr-xr-x      27  r\nroot     getty       1450   wd /             3 drwxr-xr-x      27  r\nroot     getty       1450 text /         18501 -r-xr-xr-x   21732  r\nroot     getty       1450    0 /dev         46 crw-------   ttyv6 rw\nroot     getty       1450    1 /dev         46 crw-------   ttyv6 rw\nroot     getty       1450    2 /dev         46 crw-------   ttyv6 rw\nroot     getty       1449 root /             3 drwxr-xr-x      27  r\nroot     getty       1449   wd /             3 drwxr-xr-x      27  r\nroot     getty       1449 text /         18501 "
}