{
 "id": 440546,
 "bug_id": 122683,
 "attachment_id": 0,
 "creation_time": "2008-04-15T19:58:48Z",
 "creator": "vwe@FreeBSD.org",
 "text": "The kernel is essentially GENERIC, including \"device sio\".  The machine\ndoes\nnot have a serial port.  I ran an application from another machine which\naccessed /dev/cuad0.\nI can reproduce the problem with echo \"asdf\" \u003e /dev/cuad0\n\n\n# dmesg\nCopyright (c) 1992-2007 The FreeBSD Project.\nCopyright (c) 1979, 1980, 1983, 1986, 1988, 1989, 1991, 1992, 1993, 1994\nThe Regents of the University of California. All rights reserved.\nFreeBSD is a registered trademark of The FreeBSD Foundation.\nFreeBSD 6.2-STABLE #2: Sat Sep 15 11:31:41 PDT 2007\n   root@dv6000.tddhome:/scratch/obj/usr/usr/src/sys/SMP\nPreloaded elf kernel \"boot/kernel.generic/kernel\" at 0xc0b9f000.\nPreloaded elf module \"/boot/kernel/acpi.ko\" at 0xc0b9f250.\nCalibrating clock(s) ... i8254 clock: 1193186 Hz\nCLK_USE_I8254_CALIBRATION not specified - using default frequency\nTimecounter \"i8254\" frequency 1193182 Hz quality 0\nCalibrating TSC clock ... TSC clock: 1995608550 Hz\nCPU: Intel(R) Core(TM) Duo CPU      T2450  @ 2.00GHz (1995.61-MHz 686-class\nCPU)\n Origin = \"GenuineIntel\"  Id = 0x6ec  Stepping = 12\n Features=0xbfe9fbff\u003cFPU,VME,DE,PSE,TSC,MSR,PAE,MCE,CX8,APIC,SEP,MTRR,PGE,MCA,CMOV,PAT,CLFLUSH,DTS,ACPI,MMX,FXSR,SSE,SSE2,SS,HTT,TM,PBE\u003e\n Features2=0xc189\u003cSSE3,MON,EST,TM2,\u003cb14\u003e,\u003cb15\u003e\u003e\n AMD Features=0x100000\u003cNX\u003e\n Cores per package: 2\nreal memory  = 2137456640 (2038 MB)\nPhysical memory chunk(s):\n0x0000000000001000 - 0x000000000009efff, 647168 bytes (158 pages)\n0x0000000000100000 - 0x00000000003fffff, 3145728 bytes (768 pages)\n0x0000000000c28000 - 0x000000007d24afff, 2086809600 bytes (509475 pages)\navail memory = 2086514688 (1989 MB)\nMP Configuration Table version 1.4 found at 0xc009fd71\nTable 'FACP' at 0x7f683bf8\nTable 'APIC' at 0x7f683cec\nMADT: Found table at 0x7f683cec\nAPIC: Using the MADT enumerator.\nMADT: Found CPU APIC ID 0 ACPI ID 0: enabled\nSMP: Added CPU 0 (AP)\nMADT: Found CPU APIC ID 1 ACPI ID 1: enabled\nSMP: Added CPU 1 (AP)\nINTR: Adding local APIC 0 as a target\nACPI APIC Table: \u003cHP     30BB    \u003e\nINTR: Adding local APIC 1 as a target\nFreeBSD/SMP: Multiprocessor System Detected: 2 CPUs\ncpu0 (BSP): APIC ID:  0\ncpu1 (AP): APIC ID:  1\nbios32: Found BIOS32 Service Directory header at 0xc00f7cc0\nbios32: Entry = 0xfd610 (c00fd610)  Rev = 0  Len = 1\npcibios: PCI BIOS entry at 0xfd610+0x273\npnpbios: Found PnP BIOS data at 0xc00f7d30\npnpbios: Entry = f0000:bde5  Rev = 1.0\nOther BIOS signatures found:\nAPIC: CPU 0 has ACPI ID 0\nAPIC: CPU 1 has ACPI ID 1\nMADT: Found IO APIC ID 1, Interrupt 0 at 0xfec00000\nioapic0: Changing APIC ID to 1\nioapic0: Routing external 8259A's -\u003e intpin 0\nMADT: Interrupt override: source 0, irq 2\nioapic0: Routing IRQ 0 -\u003e intpin 2\nMADT: Interrupt override: source 9, irq 9\nioapic0: intpin 9 trigger: level\nlapic0: Routing NMI -\u003e LINT1\nlapic0: LINT1 trigger: edge\nlapic0: LINT1 polarity: high\nlapic1: Routing NMI -\u003e LINT1\nlapic1: LINT1 trigger: edge\nlapic1: LINT1 polarity: high\nioapic0 \u003cVersion 2.0\u003e irqs 0-23 on motherboard\ncpu0 BSP:\n    ID: 0x00000000   VER: 0x00050014 LDR: 0x00000000 DFR: 0xffffffff\n lint0: 0x00010700 lint1: 0x00000400 TPR: 0x00000000 SVR: 0x000001ff\n timer: 0x000100ef therm: 0x00000200 err: 0x00010000 pcm: 0x00010000\nwlan: \u003c802.11 Link Layer\u003e\nath_rate: version 1.2 \u003cSampleRate bit-rate selection algorithm\u003e\nrandom: \u003centropy source, Software, Yarrow\u003e\nnfslock: pseudo-device\nio: \u003cI/O\u003e\nkbd: new array size 4\nkbd1 at kbdmux0\nmem: \u003cmemory\u003e\nPentium Pro MTRR support enabled\nnull: \u003cnull device, zero device\u003e\nath_hal: 0.9.20.3 (AR5210, AR5211, AR5212, RF5111, RF5112, RF2413, RF5413)\nrr232x: RocketRAID 232x controller driver v1.02 (Sep 15 2007 11:31:30)\nnpx0: INT 16 interface\nacpi0: \u003cHPQOEM SLIC-MPC\u003e on motherboard\nioapic0: routing intpin 9 (ISA IRQ 9) to vector 48\nacpi0: [MPSAFE]\nacpi_hpet0: \u003cHigh Precision Event Timer\u003e iomem 0xfed00000-0xfed003ff on\nacpi0\nacpi_hpet0: vend: 0x8086 rev: 0x1 num: 1 hz: 14318180 opts: leg_route\ncount_size\nTimecounter \"HPET\" frequency 14318180 Hz quality 2000\npci_open(1): mode 1 addr port (0x0cf8) is 0x8000fa20\npci_open(1a): mode1res=0x80000000 (0x80000000)\npci_cfgcheck: device 0 [class=060000] [hdr=00] is there (id=27a08086)\npcibios: BIOS version 2.10\nacpi_bus_number: root bus has no _BBN, assuming 0\nAcpiOsDerivePciId: \\\\_SB_.PCI0.RP02.P2CS -\u003e bus 0 dev 28 func 1\nacpi_bus_number: root bus has no _BBN, assuming 0\nAcpiOsDerivePciId: \\\\_SB_.PCI0.RP03.P3CS -\u003e bus 0 dev 28 func 2\nacpi_bus_number: root bus has no _BBN, assuming 0\nAcpiOsDerivePciId: \\\\_SB_.PCI0.LPCB.LPC0 -\u003e bus 0 dev 31 func 0\nacpi0: Power Button (fixed)\nacpi0: wakeup code va 0xda352000 pa 0x9d000\nacpi_bus_number: root bus has no _BBN, assuming 0\nAcpiOsDerivePciId: \\\\_SB_.PCI0.HBUS -\u003e bus 0 dev 0 func 0\nacpi0: reservation of fed00000, 400 (3) failed\nACPI timer: 1/1 1/1 1/1 1/1 1/1 1/1 1/1 1/1 1/1 1/1 -\u003e 10\nTimecounter \"ACPI-fast\" frequency 3579545 Hz quality 1000\nacpi_timer0: \u003c24-bit timer at 3.579545MHz\u003e port 0x1008-0x100b on acpi0\nacpi_ec0: \u003cEmbedded Controller: GPE 0x17\u003e port 0x62,0x66 on acpi0\npci_link0:        Index  IRQ  Rtd  Ref  IRQs\n Initial Probe       0   11   N     0  11\n Validation          0   11   N     0  11\n After Disable       0  255   N     0  11\npci_link1:        Index  IRQ  Rtd  Ref  IRQs\n Initial Probe       0    3   N     0  3\n Validation          0    3   N     0  3\n After Disable       0  255   N     0  3\npci_link2:        Index  IRQ  Rtd  Ref  IRQs\n Initial Probe       0    3   N     0  3\n Validation          0    3   N     0  3\n After Disable       0  255   N     0  3\npci_link3:        Index  IRQ  Rtd  Ref  IRQs\n Initial Probe       0    4   N     0  4\n Validation          0    4   N     0  4\n After Disable       0  255   N     0  4\npci_link4:        Index  IRQ  Rtd  Ref  IRQs\n Initial Probe       0   10   N     0  10\n Validation          0   10   N     0  10\n After Disable       0  255   N     0  10\npci_link5:        Index  IRQ  Rtd  Ref  IRQs\n Initial Probe       0  255   N     0  11\n Validation          0  255   N     0  11\n After Disable       0  255   N     0  11\npci_link6:        Index  IRQ  Rtd  Ref  IRQs\n Initial Probe       0    5   N     0  5\n Validation          0    5   N     0  5\n After Disable       0  255   N     0  5\npci_link7:        Index  IRQ  Rtd  Ref  IRQs\n Initial Probe       0    7   N     0  7\n Validation          0    7   N     0  7\n After Disable       0  255   N     0  7\ncpu0: \u003cACPI CPU\u003e on acpi0\nacpi_throttle0: \u003cACPI CPU Throttling\u003e on cpu0\nacpi_throttle0: P_CNT from P_BLK 0x1010\ncpu1: \u003cACPI CPU\u003e on acpi0\nacpi_throttle1: \u003cACPI CPU Throttling\u003e on cpu1\nacpi_throttle1: failed to attach P_CNT\ndevice_attach: acpi_throttle1 attach returned 6\nacpi_button0: \u003cPower Button\u003e on acpi0\nacpi_button1: \u003cSleep Button\u003e on acpi0\nacpi_acad0: \u003cAC Adapter\u003e on acpi0\nbattery0: \u003cACPI Control Method Battery\u003e on acpi0\nacpi_lid0: \u003cControl Method Lid Switch\u003e on acpi0\npcib0: \u003cACPI Host-PCI bridge\u003e port 0xcf8-0xcff on acpi0\npci0: \u003cACPI PCI bus\u003e on pcib0\npci0: physical bus=0\nfound-\u003e vendor=0x8086, dev=0x27a0, revid=0x03\nbus=0, slot=0, func=0\nclass=06-00-00, hdrtype=0x00, mfdev=0\ncmdreg=0x0106, statreg=0x2090, cachelnsz=0 (dwords)\nlattimer=0x00 (0 ns), mingnt=0x00 (0 ns), maxlat=0x00 (0 ns)\nfound-\u003e vendor=0x8086, dev=0x27a2, revid=0x03\nbus=0, slot=2, func=0\nclass=03-00-00, hdrtype=0x00, mfdev=1\ncmdreg=0x0007, statreg=0x0090, cachelnsz=0 (dwords)\nlattimer=0x00 (0 ns), mingnt=0x00 (0 ns), maxlat=0x00 (0 ns)\nintpin=a, irq=11\npowerspec 2  supports D0 D3  current D0\nMSI supports 1 message\nmap[10]: type 1, range 32, base d8100000, size 19, enabled\nmap[14]: type 4, range 32, base 00001800, size  3, enabled\nmap[18]: type 3, range 32, base c0000000, size 28, enabled\nmap[1c]: type 1, range 32, base d8200000, size 18, enabled\npcib0: matched entry for 0.2.INTA\npcib0: slot 2 INTA hardwired to IRQ 16\nfound-\u003e vendor=0x8086, dev=0x27a6, revid=0x03\nbus=0, slot=2, func=1\nclass=03-80-00, hdrtype=0x00, mfdev=1\ncmdreg=0x0007, statreg=0x0090, cachelnsz=0 (dwords)\nlattimer=0x00 (0 ns), mingnt=0x00 (0 ns), maxlat=0x00 (0 ns)\npowerspec 2  supports D0 D3  current D0\nmap[10]: type 1, range 32, base d8180000, size 19, enabled\nfound-\u003e vendor=0x8086, dev=0x27d8, revid=0x02\nbus=0, slot=27, func=0\nclass=04-03-00, hdrtype=0x00, mfdev=0\ncmdreg=0x0006, statreg=0x0010, cachelnsz=16 (dwords)\nlattimer=0x00 (0 ns), mingnt=0x00 (0 ns), maxlat=0x00 (0 ns)\nintpin=a, irq=5\npowerspec 2  supports D0 D3  current D0\nMSI supports 1 message, 64 bit\nmap[10]: type 1, range 64, base d8240000, size 14, enabled\npcib0: matched entry for 0.27.INTA\npcib0: slot 27 INTA hardwired to IRQ 22\nfound-\u003e vendor=0x8086, dev=0x27d0, revid=0x02\nbus=0, slot=28, func=0\nclass=06-04-00, hdrtype=0x01, mfdev=1\ncmdreg=0x0007, statreg=0x0010, cachelnsz=16 (dwords)\nlattimer=0x00 (0 ns), mingnt=0x04 (1000 ns), maxlat=0x00 (0 ns)\nintpin=a, irq=3\npowerspec 2  supports D0 D3  current D0\nMSI supports 1 message\npcib0: matched entry for 0.28.INTA\npcib0: slot 28 INTA hardwired to IRQ 17\nfound-\u003e vendor=0x8086, dev=0x27d2, revid=0x02\nbus=0, slot=28, func=1\nclass=06-04-00, hdrtype=0x01, mfdev=1\ncmdreg=0x0007, statreg=0x0010, cachelnsz=16 (dwords)\nlattimer=0x00 (0 ns), mingnt=0x04 (1000 ns), maxlat=0x00 (0 ns)\nintpin=b, irq=11\npowerspec 2  supports D0 D3  current D0\nMSI supports 1 message\npcib0: matched entry for 0.28.INTB\npcib0: slot 28 INTB hardwired to IRQ 16\nfound-\u003e vendor=0x8086, dev=0x27c8, revid=0x02\nbus=0, slot=29, func=0\nclass=0c-03-00, hdrtype=0x00, mfdev=1\ncmdreg=0x0005, statreg=0x0280, cachelnsz=0 (dwords)\nlattimer=0x00 (0 ns), mingnt=0x00 (0 ns), maxlat=0x00 (0 ns)\nintpin=a, irq=7\nmap[20]: type 4, range 32, base 00001820, size  5, enabled\npcib0: matched entry for 0.29.INTA\npcib0: slot 29 INTA hardwired to IRQ 23\nfound-\u003e vendor=0x8086, dev=0x27c9, revid=0x02\nbus=0, slot=29, func=1\nclass=0c-03-00, hdrtype=0x00, mfdev=0\ncmdreg=0x0005, statreg=0x0280, cachelnsz=0 (dwords)\nlattimer=0x00 (0 ns), mingnt=0x00 (0 ns), maxlat=0x00 (0 ns)\nintpin=b, irq=10\nmap[20]: type 4, range 32, base 00001840, size  5, enabled\npcib0: matched entry for 0.29.INTB\npcib0: slot 29 INTB hardwired to IRQ 19\nfound-\u003e vendor=0x8086, dev=0x27ca, revid=0x02\nbus=0, slot=29, func=2\nclass=0c-03-00, hdrtype=0x00, mfdev=0\ncmdreg=0x0005, statreg=0x0280, cachelnsz=0 (dwords)\nlattimer=0x00 (0 ns), mingnt=0x00 (0 ns), maxlat=0x00 (0 ns)\nintpin=c, irq=3\nmap[20]: type 4, range 32, base 00001860, size  5, enabled\npcib0: matched entry for 0.29.INTC\npcib0: slot 29 INTC hardwired to IRQ 18\nfound-\u003e vendor=0x8086, dev=0x27cb, revid=0x02\nbus=0, slot=29, func=3\nclass=0c-03-00, hdrtype=0x00, mfdev=0\ncmdreg=0x0005, statreg=0x0280, cachelnsz=0 (dwords)\nlattimer=0x00 (0 ns), mingnt=0x00 (0 ns), maxlat=0x00 (0 ns)\nintpin=d, irq=11\nmap[20]: type 4, range 32, base 00001880, size  5, enabled\npcib0: matched entry for 0.29.INTD\npcib0: slot 29 INTD hardwired to IRQ 16\nfound-\u003e vendor=0x8086, dev=0x27cc, revid=0x02\nbus=0, slot=29, func=7\nclass=0c-03-20, hdrtype=0x00, mfdev=0\ncmdreg=0x0006, statreg=0x0290, cachelnsz=0 (dwords)\nlattimer=0x00 (0 ns), mingnt=0x00 (0 ns), maxlat=0x00 (0 ns)\nintpin=a, irq=7\npowerspec 2  supports D0 D3  current D0\nmap[10]: type 1, range 32, base d8444000, size 10, enabled\npcib0: matched entry for 0.29.INTA\npcib0: slot 29 INTA hardwired to IRQ 23\nfound-\u003e vendor=0x8086, dev=0x2448, revid=0xe2\nbus=0, slot=30, func=0\nclass=06-04-01, hdrtype=0x01, mfdev=0\ncmdreg=0x0004, statreg=0x0010, cachelnsz=0 (dwords)\nlattimer=0x00 (0 ns), mingnt=0x00 (0 ns), maxlat=0x00 (0 ns)\nfound-\u003e vendor=0x8086, dev=0x27b9, revid=0x02\nbus=0, slot=31, func=0\nclass=06-01-00, hdrtype=0x00, mfdev=1\ncmdreg=0x0007, statreg=0x0210, cachelnsz=0 (dwords)\nlattimer=0x00 (0 ns), mingnt=0x00 (0 ns), maxlat=0x00 (0 ns)\nfound-\u003e vendor=0x8086, dev=0x27df, revid=0x02\nbus=0, slot=31, func=1\nclass=01-01-8a, hdrtype=0x00, mfdev=0\ncmdreg=0x0005, statreg=0x0280, cachelnsz=0 (dwords)\nlattimer=0x00 (0 ns), mingnt=0x00 (0 ns), maxlat=0x00 (0 ns)\nintpin=a, irq=255\nmap[20]: type 4, range 32, base 00001810, size  4, enabled\nfound-\u003e vendor=0x8086, dev=0x27c5, revid=0x02\nbus=0, slot=31, func=2\nclass=01-06-01, hdrtype=0x00, mfdev=0\ncmdreg=0x0007, statreg=0x02b0, cachelnsz=0 (dwords)\nlattimer=0x00 (0 ns), mingnt=0x00 (0 ns), maxlat=0x00 (0 ns)\nintpin=b, irq=4\npowerspec 2  supports D0 D3  current D0\nMSI supports 1 message\nmap[10]: type 4, range 32, base 000018d0, size  3, enabled\nmap[14]: type 4, range 32, base 000018c4, size  2, enabled\nmap[18]: type 4, range 32, base 000018c8, size  3, enabled\nmap[1c]: type 4, range 32, base 000018c0, size  2, enabled\nmap[20]: type 4, range 32, base 000018b0, size  4, enabled\nmap[24]: type 1, range 32, base d8444400, size 10, enabled\npcib0: matched entry for 0.31.INTB\npcib0: slot 31 INTB hardwired to IRQ 19\nfound-\u003e vendor=0x8086, dev=0x27da, revid=0x02\nbus=0, slot=31, func=3\nclass=0c-05-00, hdrtype=0x00, mfdev=0\ncmdreg=0x0001, statreg=0x0280, cachelnsz=0 (dwords)\nlattimer=0x00 (0 ns), mingnt=0x00 (0 ns), maxlat=0x00 (0 ns)\nintpin=b, irq=4\nmap[20]: type 4, range 32, base 000018e0, size  5, enabled\npcib0: matched entry for 0.31.INTB\npcib0: slot 31 INTB hardwired to IRQ 19\nagp0: \u003cIntel 82945GM (945GM GMCH) SVGA controller\u003e port 0x1800-0x1807 mem\n0xd8100000-0xd817ffff,0xc0000000-0xcfffffff,0xd8200000-0xd823ffff irq 16 at\ndevice 2.0 on pci0\nagp0: Reserved 0x80000 bytes for rid 0x10 type 3 at 0xd8100000\nagp0: Reserved 0x80000 bytes for rid 0x10 type 3 at 0xd8100000\nagp0: Reserved 0x40000 bytes for rid 0x1c type 3 at 0xd8200000\nagp0: Reserved 0x10000000 bytes for rid 0x18 type 3 at 0xc0000000\nagp0: detected 7932k stolen memory\nagp0: aperture size is 256M\npci0: \u003cdisplay\u003e at device 2.1 (no driver attached)\npci0: \u003cmultimedia\u003e at device 27.0 (no driver attached)\npcib1: \u003cACPI PCI-PCI bridge\u003e irq 17 at device 28.0 on pci0\npcib1:   secondary bus     2\npcib1:   subordinate bus   2\npcib1:   I/O decode        0x2000-0x2fff\npcib1:   memory decode     0xd6000000-0xd7ffffff\npcib1:   prefetched decode 0xd2000000-0xd3ffffff\npci2: \u003cACPI PCI bus\u003e on pcib1\npci2: physical bus=2\nfound-\u003e vendor=0x8086, dev=0x4222, revid=0x02\nbus=2, slot=0, func=0\nclass=02-80-00, hdrtype=0x00, mfdev=0\ncmdreg=0x0006, statreg=0x0010, cachelnsz=16 (dwords)\nlattimer=0x00 (0 ns), mingnt=0x00 (0 ns), maxlat=0x00 (0 ns)\nintpin=a, irq=11\npowerspec 2  supports D0 D3  current D0\nMSI supports 1 message, 64 bit\nmap[10]: type 1, range 32, base d6000000, size 12, enabled\npcib1: requested memory range 0xd6000000-0xd6000fff: good\npcib1: matched entry for 2.0.INTA\npcib1: slot 0 INTA hardwired to IRQ 16\npci2: \u003cnetwork\u003e at device 0.0 (no driver attached)\npcib2: \u003cACPI PCI-PCI bridge\u003e irq 16 at device 28.1 on pci0\npcib2:   secondary bus     3\npcib2:   subordinate bus   4\npcib2:   I/O decode        0x3000-0x3fff\npcib2:   memory decode     0xd4000000-0xd5ffffff\npcib2:   prefetched decode 0xd0000000-0xd1ffffff\npci3: \u003cACPI PCI bus\u003e on pcib2\npci3: physical bus=3\nuhci0: \u003cUHCI (generic) USB controller\u003e port 0x1820-0x183f irq 23 at device\n29.0 on pci0\nuhci0: Reserved 0x20 bytes for rid 0x20 type 4 at 0x1820\nioapic0: routing intpin 23 (PCI IRQ 23) to vector 49\nuhci0: [GIANT-LOCKED]\nusb0: \u003cUHCI (generic) USB controller\u003e on uhci0\nusb0: USB revision 1.0\nuhub0: Intel UHCI root hub, class 9/0, rev 1.00/1.00, addr 1\nuhub0: 2 ports with 2 removable, self powered\nuhci1: \u003cUHCI (generic) USB controller\u003e port 0x1840-0x185f irq 19 at device\n29.1 on pci0\nuhci1: Reserved 0x20 bytes for rid 0x20 type 4 at 0x1840\nioapic0: routing intpin 19 (PCI IRQ 19) to vector 50\nuhci1: [GIANT-LOCKED]\nusb1: \u003cUHCI (generic) USB controller\u003e on uhci1\nusb1: USB revision 1.0\nuhub1: Intel UHCI root hub, class 9/0, rev 1.00/1.00, addr 1\nuhub1: 2 ports with 2 removable, self powered\nuhci2: \u003cUHCI (generic) USB controller\u003e port 0x1860-0x187f irq 18 at device\n29.2 on pci0\nuhci2: Reserved 0x20 bytes for rid 0x20 type 4 at 0x1860\nioapic0: routing intpin 18 (PCI IRQ 18) to vector 51\nuhci2: [GIANT-LOCKED]\nusb2: \u003cUHCI (generic) USB controller\u003e on uhci2\nusb2: USB revision 1.0\nuhub2: Intel UHCI root hub, class 9/0, rev 1.00/1.00, addr 1\nuhub2: 2 ports with 2 removable, self powered\nuhci3: \u003cUHCI (generic) USB controller\u003e port 0x1880-0x189f irq 16 at device\n29.3 on pci0\nuhci3: Reserved 0x20 bytes for rid 0x20 type 4 at 0x1880\nioapic0: routing intpin 16 (PCI IRQ 16) to vector 52\nuhci3: [GIANT-LOCKED]\nusb3: \u003cUHCI (generic) USB controller\u003e on uhci3\nusb3: USB revision 1.0\nuhub3: Intel UHCI root hub, class 9/0, rev 1.00/1.00, addr 1\nuhub3: 2 ports with 2 removable, self powered\nehci0: \u003cIntel 82801GB/R (ICH7) USB 2.0 controller\u003e mem\n0xd8444000-0xd84443ff\nirq 23 at device 29.7 on pci0\nehci0: Reserved 0x400 bytes for rid 0x10 type 3 at 0xd8444000\nehci0: [GIANT-LOCKED]\nusb4: EHCI version 1.0\nusb4: companion controllers, 2 ports each: usb0 usb1 usb2 usb3\nusb4: \u003cIntel 82801GB/R (ICH7) USB 2.0 controller\u003e on ehci0\nusb4: USB revision 2.0\nuhub4: Intel EHCI root hub, class 9/0, rev 2.00/1.00, addr 1\nuhub4: 8 ports with 8 removable, self powered\nugen0: Sonix Technology Co., Ltd. USB 2.0 Camera, rev 2.00/2.10, addr 2\npcib3: \u003cACPI PCI-PCI bridge\u003e at device 30.0 on pci0\npcib3:   secondary bus     5\npcib3:   subordinate bus   5\npcib3:   I/O decode        0x0-0x0\npcib3:   memory decode     0x0-0x0\npcib3:   prefetched decode 0x0-0x0\npcib3:   Subtractively decoded bridge.\npci5: \u003cACPI PCI bus\u003e on pcib3\npci5: physical bus=5\nfound-\u003e vendor=0x1180, dev=0x0832, revid=0x00\nbus=5, slot=5, func=0\nclass=0c-00-10, hdrtype=0x00, mfdev=1\ncmdreg=0x0006, statreg=0x0210, cachelnsz=0 (dwords)\nlattimer=0x00 (0 ns), mingnt=0x02 (500 ns), maxlat=0x04 (1000 ns)\nintpin=a, irq=11\npowerspec 2  supports D0 D1 D2 D3  current D0\nmap[10]: type 1, range 32, base d8001000, size 11, enabled\npcib3: requested memory range 0xd8001000-0xd80017ff: good\npcib3: matched entry for 5.5.INTA\npcib3: slot 5 INTA hardwired to IRQ 16\nfound-\u003e vendor=0x1180, dev=0x0822, revid=0x19\nbus=5, slot=5, func=1\nclass=08-05-00, hdrtype=0x00, mfdev=1\ncmdreg=0x0000, statreg=0x0210, cachelnsz=0 (dwords)\nlattimer=0x00 (0 ns), mingnt=0x00 (0 ns), maxlat=0x00 (0 ns)\nintpin=b, irq=3\npowerspec 2  supports D0 D1 D2 D3  current D0\nmap[10]: type 1, range 32, base d8001800, size  8, memory disabled\npcib3: requested memory range 0xd8001800-0xd80018ff: good\npcib3: matched entry for 5.5.INTB\npcib3: slot 5 INTB hardwired to IRQ 17\nfound-\u003e vendor=0x1180, dev=0x0843, revid=0x01\nbus=5, slot=5, func=2\nclass=08-80-00, hdrtype=0x00, mfdev=1\ncmdreg=0x0000, statreg=0x0210, cachelnsz=0 (dwords)\nlattimer=0x00 (0 ns), mingnt=0x00 (0 ns), maxlat=0x00 (0 ns)\nintpin=b, irq=3\npowerspec 2  supports D0 D1 D2 D3  current D0\nmap[10]: type 1, range 32, base d8001c00, size  8, memory disabled\npcib3: requested memory range 0xd8001c00-0xd8001cff: good\npcib3: matched entry for 5.5.INTB\npcib3: slot 5 INTB hardwired to IRQ 17\nfound-\u003e vendor=0x1180, dev=0x0592, revid=0x0a\nbus=5, slot=5, func=3\nclass=08-80-00, hdrtype=0x00, mfdev=1\ncmdreg=0x0000, statreg=0x0210, cachelnsz=0 (dwords)\nlattimer=0x00 (0 ns), mingnt=0x00 (0 ns), maxlat=0x00 (0 ns)\nintpin=b, irq=3\npowerspec 2  supports D0 D1 D2 D3  current D0\nmap[10]: type 1, range 32, base d8002000, size  8, memory disabled\npcib3: requested memory range 0xd8002000-0xd80020ff: good\npcib3: matched entry for 5.5.INTB\npcib3: slot 5 INTB hardwired to IRQ 17\nfound-\u003e vendor=0x1180, dev=0x0852, revid=0x05\nbus=5, slot=5, func=4\nclass=08-80-00, hdrtype=0x00, mfdev=1\ncmdreg=0x0000, statreg=0x0210, cachelnsz=0 (dwords)\nlattimer=0x00 (0 ns), mingnt=0x00 (0 ns), maxlat=0x00 (0 ns)\nintpin=b, irq=3\npowerspec 2  supports D0 D1 D2 D3  current D0\nmap[10]: type 1, range 32, base d8002400, size  8, memory disabled\npcib3: requested memory range 0xd8002400-0xd80024ff: good\npcib3: matched entry for 5.5.INTB\npcib3: slot 5 INTB hardwired to IRQ 17\nfound-\u003e vendor=0x8086, dev=0x1092, revid=0x02\nbus=5, slot=8, func=0\nclass=02-00-00, hdrtype=0x00, mfdev=0\ncmdreg=0x0003, statreg=0x0290, cachelnsz=0 (dwords)\nlattimer=0x00 (0 ns), mingnt=0x08 (2000 ns), maxlat=0x38 (14000 ns)\nintpin=a, irq=10\npowerspec 2  supports D0 D1 D2 D3  current D0\nmap[10]: type 1, range 32, base d8000000, size 12, enabled\npcib3: requested memory range 0xd8000000-0xd8000fff: good\nmap[14]: type 4, range 32, base 00004000, size  6, enabled\npcib3: matched entry for 5.8.INTA\npcib3: slot 8 INTA hardwired to IRQ 20\nfwohci0: vendor=1180, dev=832\nfwohci0: vendor=1180, dev=832\nfwohci0: \u003c1394 Open Host Controller Interface\u003e mem 0xd8001000-0xd80017ff\nirq\n16 at device 5.0 on pci5\nfwohci0: Reserved 0x800 bytes for rid 0x10 type 3 at 0xd8001000\nfwohci0: [MPSAFE]\nfwohci0: OHCI version 1.10 (ROM=0)\nfwohci0: No. of Isochronous channels is 4.\nfwohci0: EUI64 00:24:1b:00:bb:30:23:00\nfwohci0: Phy 1394a available S400, 1 ports.\nfwohci0: Link S400, max_rec 2048 bytes.\nfirewire0: \u003cIEEE1394(FireWire) bus\u003e on fwohci0\nfwe0: \u003cEthernet over FireWire\u003e on firewire0\nif_fwe0: Fake Ethernet address: 02:24:1b:30:23:00\nfwe0: bpf attached\nfwe0: Ethernet address: 02:24:1b:30:23:00\nfwe0: if_start running deferred for Giant\nsbp0: \u003cSBP-2/SCSI over FireWire\u003e on firewire0\nfwohci0: Initiate bus reset\nfwohci0: BUS reset\nfwohci0: node_id=0xc800ffc0, gen=1, CYCLEMASTER mode\nfirewire0: 1 nodes, maxhop \u003c= 0, cable IRM = 0 (me)\nfirewire0: bus manager 0 (me)\npci5: \u003cbase peripheral\u003e at device 5.1 (no driver attached)\npci5: \u003cbase peripheral\u003e at device 5.2 (no driver attached)\npci5: \u003cbase peripheral\u003e at device 5.3 (no driver attached)\npci5: \u003cbase peripheral\u003e at device 5.4 (no driver attached)\nfxp0: \u003cIntel Pro/100 VE Network Connection\u003e port 0x4000-0x403f mem\n0xd8000000-0xd8000fff irq 20 at device 8.0 on pci5\nfxp0: Reserved 0x1000 bytes for rid 0x10 type 3 at 0xd8000000\nfxp0: using memory space register mapping\nfxp0: PCI IDs: 8086 1092 103c 30bb 0002\nfxp0: Dynamic Standby mode is enabled\nmiibus0: \u003cMII bus\u003e on fxp0\ninphy0: \u003ci82562ET 10/100 media interface\u003e on miibus0\ninphy0:  10baseT, 10baseT-FDX, 100baseTX, 100baseTX-FDX, auto\nfxp0: bpf attached\nfxp0: Ethernet address: 00:1b:24:49:da:97\nioapic0: routing intpin 20 (PCI IRQ 20) to vector 53\nfxp0: [MPSAFE]\nisab0: \u003cPCI-ISA bridge\u003e at device 31.0 on pci0\nisa0: \u003cISA bus\u003e on isab0\natapci0: \u003cIntel ICH7 UDMA100 controller\u003e port\n0x1f0-0x1f7,0x3f6,0x170-0x177,0x376,0x1810-0x181f at device 31.1 on pci0\natapci0: Reserved 0x10 bytes for rid 0x20 type 4 at 0x1810\nata0: \u003cATA channel 0\u003e on atapci0\natapci0: Reserved 0x8 bytes for rid 0x10 type 4 at 0x1f0\natapci0: Reserved 0x1 bytes for rid 0x14 type 4 at 0x3f6\nata0: reset tp1 mask=03 ostat0=50 ostat1=00\nata0: stat0=0x00 err=0x01 lsb=0x14 msb=0xeb\nata0: stat1=0x00 err=0x00 lsb=0x00 msb=0x00\nata0: reset tp2 stat0=00 stat1=00 devices=0x4\u003cATAPI_MASTER\u003e\nioapic0: routing intpin 14 (ISA IRQ 14) to vector 54\nata0: [MPSAFE]\nata1: \u003cATA channel 1\u003e on atapci0\natapci0: Reserved 0x8 bytes for rid 0x18 type 4 at 0x170\natapci0: Reserved 0x1 bytes for rid 0x1c type 4 at 0x376\nata1: reset tp1 mask=00 ostat0=ff ostat1=ff\nioapic0: routing intpin 15 (ISA IRQ 15) to vector 55\nata1: [MPSAFE]\natapci1: \u003cIntel ICH7M SATA300 controller\u003e port\n0x18d0-0x18d7,0x18c4-0x18c7,0x18c8-0x18cf,0x18c0-0x18c3,0x18b0-0x18bf mem\n0xd8444400-0xd84447ff irq 19 at device 31.2 on pci0\natapci1: Reserved 0x10 bytes for rid 0x20 type 4 at 0x18b0\natapci1: [MPSAFE]\natapci1: Reserved 0x400 bytes for rid 0x24 type 3 at 0xd8444400\natapci1: AHCI Version 01.10 controller with 4 ports detected\nata2: \u003cATA channel 0\u003e on atapci1\nata2: SATA connect ready time=0ms\nata2: sata_connect devices=0x1\u003cATA_MASTER\u003e\nata2: [MPSAFE]\nata3: \u003cATA channel 1\u003e on atapci1\nata3: SATA connect status=00000000\nata3: [MPSAFE]\nata4: \u003cATA channel 2\u003e on atapci1\nata4: SATA connect status=00000000\nata4: [MPSAFE]\nata5: \u003cATA channel 3\u003e on atapci1\nata5: SATA connect status=00000000\nata5: [MPSAFE]\npci0: \u003cserial bus, SMBus\u003e at device 31.3 (no driver attached)\nacpi_tz0: \u003cThermal Zone\u003e on acpi0\natkbdc0: \u003cKeyboard controller (i8042)\u003e port 0x60,0x64 irq 1 on acpi0\natkbd0: \u003cAT Keyboard\u003e irq 1 on atkbdc0\natkbd: the current kbd controller command byte 0047\natkbd: keyboard ID 0x41ab (2)\nkbd0 at atkbd0\nkbd0: atkbd0, AT 101/102 (2), config:0x0, flags:0x3d0000\nioapic0: routing intpin 1 (ISA IRQ 1) to vector 56\natkbd0: [GIANT-LOCKED]\npsm0: unable to allocate IRQ\npsmcpnp0: \u003cPS/2 mouse port\u003e irq 12 on acpi0\npsm0: current command byte:0047\npsm0: \u003cPS/2 Mouse\u003e irq 12 on atkbdc0\nioapic0: routing intpin 12 (ISA IRQ 12) to vector 57\npsm0: [GIANT-LOCKED]\npsm0: model IntelliMouse, device ID 3-00, 3 buttons\npsm0: config:00000000, flags:00000008, packet size:4\npsm0: syncmask:08, syncbits:00\nunknown: status reg test failed ff\nunknown: status reg test failed ff\nunknown: status reg test failed ff\nunknown: status reg test failed ff\nunknown: status reg test failed ff\nunknown: status reg test failed ff\nex_isa_identify()\nata: ata0 already exists; skipping it\nata: ata1 already exists; skipping it\natkbdc: atkbdc0 already exists; skipping it\npnp_identify: Trying Read_Port at 203\npnp_identify: Trying Read_Port at 243\npnp_identify: Trying Read_Port at 283\npnp_identify: Trying Read_Port at 2c3\npnp_identify: Trying Read_Port at 303\npnp_identify: Trying Read_Port at 343\npnp_identify: Trying Read_Port at 383\npnp_identify: Trying Read_Port at 3c3\nPNP Identify complete\nsc: sc0 already exists; skipping it\nvga: vga0 already exists; skipping it\nisa_probe_children: disabling PnP devices\nisa_probe_children: probing non-PnP devices\npmtimer0 on isa0\norm0: \u003cISA Option ROMs\u003e at iomem\n0xce800-0xcffff,0xdf000-0xdf7ff,0xe0000-0xe17ff on isa0\nadv0: not probed (disabled)\naha0: not probed (disabled)\naic0: not probed (disabled)\nbt0: not probed (disabled)\ncs0: not probed (disabled)\ned0: not probed (disabled)\nfdc0 failed to probe at port 0x3f0-0x3f5,0x3f7 irq 6 drq 2 on isa0\nfe0: not probed (disabled)\nie0: not probed (disabled)\nlnc0: not probed (disabled)\nppc0: parallel port not found.\nppc0: \u003cParallel port\u003e failed to probe at irq 7 on isa0\nsc0: \u003cSystem console\u003e at flags 0x100 on isa0\nsc0: VGA \u003c16 virtual consoles, flags=0x300\u003e\nsc0: fb0, kbd1, terminal emulator: sc (syscons terminal)\nsio0: configured irq 4 not in bitmap of probed irqs 0\nsio0: port may not be enabled\nsio0: irq maps: 0xeb9 0xeb9 0xeb9 0xeb9\nsio0: probe failed test(s): 0 1 2 4 6 7 9\nsio0 at port 0x3f8-0x3ff irq 4 flags 0x10 on isa0\nsio0: type 8250 or not responding\nioapic0: routing intpin 4 (ISA IRQ 4) to vector 58\nsio1: configured irq 3 not in bitmap of probed irqs 0\nsio1: port may not be enabled\nsio1: irq maps: 0xeb9 0xeb9 0xeb9 0xeb9\nsio1: probe failed test(s): 0 1 2 4 6 7 9\nsio1 failed to probe at port 0x2f8-0x2ff irq 3 on isa0\nsio2: not probed (disabled)\nsio3: not probed (disabled)\nsn0: not probed (disabled)\nvga0: \u003cGeneric ISA VGA\u003e at port 0x3c0-0x3df iomem 0xa0000-0xbffff on isa0\nvt0: not probed (disabled)\nisa_probe_children: probing PnP devices\nDevice configuration finished.\nReducing kern.maxvnodes 133764 -\u003e 100000\nprocfs registered\nlapic: Divisor 2, Frequency 66520294 hz\nTimecounter \"TSC\" frequency 1995608550 Hz quality -100\nTimecounters tick every 1.000 msec\nlo0: bpf attached\nrr232x: no controller detected.\nacpi_acad0: acline initialization start\nacpi_acad0: On Line\nacpi_acad0: acline initialization done, tried 1 times\nbattery0: battery initialization start\nata0-master: pio=PIO4 wdma=WDMA2 udma=UNSUPPORTED cable=40 wire\nacd0: setting PIO4 on ICH7 chip\nacd0: \u003cMATSHITADVD-RAM UJ-851S/1.50\u003e DVDR drive at ata0 as master\nacd0: read 4134KB/s (4134KB/s) write 4134KB/s (4134KB/s), 2048KB buffer,\nPIO4\nacd0: Reads: CDR, CDRW, CDDA stream, DVDROM, DVDR, DVDRAM, packet\nacd0: Writes: CDR, CDRW, DVDR, DVDRAM, test write, burnproof\nacd0: Audio: play, 256 volume levels\nacd0: Mechanism: ejectable tray, unlocked\nacd0: Medium: CD-R 120mm data disc\nata2-master: pio=PIO4 wdma=WDMA2 udma=UDMA100 cable=40 wire\nad4: 152627MB \u003cTOSHIBA MK1637GSX DL032C\u003e at ata2-master SATA150\nad4: 312581808 sectors [310101C/16H/63S] 16 sectors/interrupt 1 depth queue\nbattery0: battery initialization done, tried 1 times\nad4: Intel check1 failed\nad4: Adaptec check1 failed\nad4: LSI (v3) check1 failed\nad4: LSI (v2) check1 failed\nad4: FreeBSD check1 failed\nGEOM: new disk ad4\n(probe0:sbp0:0:0:0): error 22\n(probe0:sbp0:0:0:0): Unretryable Error\n(probe1:sbp0:0:1:0): error 22\n(probe1:sbp0:0:1:0): Unretryable Error\n(probe2:sbp0:0:2:0): error 22\n(probe2:sbp0:0:2:0): Unretryable Error\n(probe3:sbp0:0:3:0): error 22\n(probe3:sbp0:0:3:0): Unretryable Error\n(probe4:sbp0:0:4:0): error 22\n(probe4:sbp0:0:4:0): Unretryable Error\n(probe5:sbp0:0:5:0): error 22\n(probe5:sbp0:0:5:0): Unretryable Error\n(probe6:sbp0:0:6:0): error 22\n(probe6:sbp0:0:6:0): Unretryable Error\nATA PseudoRAID loaded\nSMP: AP CPU #1 Launched!\ncpu1 AP:\n    ID: 0x01000000   VER: 0x00050014 LDR: 0x00000000 DFR: 0xffffffff\n lint0: 0x00010700 lint1: 0x00000400 TPR: 0x00000000 SVR: 0x000001ff\n timer: 0x000200ef therm: 0x00010200 err: 0x00010000 pcm: 0x00010000\nioapic0: Assigning ISA IRQ 1 to local APIC 0\nioapic0: Assigning ISA IRQ 4 to local APIC 1\nioapic0: Assigning ISA IRQ 9 to local APIC 0\nioapic0: Assigning ISA IRQ 12 to local APIC 1\nioapic0: Assigning ISA IRQ 14 to local APIC 0\nioapic0: Assigning ISA IRQ 15 to local APIC 1\nioapic0: Assigning PCI IRQ 16 to local APIC 0\nioapic0: Assigning PCI IRQ 18 to local APIC 1\nioapic0: Assigning PCI IRQ 19 to local APIC 0\nioapic0: Assigning PCI IRQ 20 to local APIC 1\nioapic0: Assigning PCI IRQ 23 to local APIC 0\nTrying to mount root from ufs:/dev/ad4s1a\nstart_init: trying /sbin/init\nLinux ELF exec handler installed\nlinprocfs registered\n\n\n# cat /boot/device.hints\n# $FreeBSD: src/sys/i386/conf/GENERIC.hints,v 1.14 2005/01/14 06:54:59 imp\nExp $\nhint.fdc.0.at=\"isa\"\nhint.fdc.0.port=\"0x3F0\"\nhint.fdc.0.irq=\"6\"\nhint.fdc.0.drq=\"2\"\nhint.fd.0.at=\"fdc0\"\nhint.fd.0.drive=\"0\"\nhint.fd.1.at=\"fdc0\"\nhint.fd.1.drive=\"1\"\nhint.ata.0.at=\"isa\"\nhint.ata.0.port=\"0x1F0\"\nhint.ata.0.irq=\"14\"\nhint.ata.1.at=\"isa\"\nhint.ata.1.port=\"0x170\"\nhint.ata.1.irq=\"15\"\nhint.adv.0.at=\"isa\"\nhint.adv.0.disabled=\"1\"\nhint.bt.0.at=\"isa\"\nhint.bt.0.disabled=\"1\"\nhint.aha.0.at=\"isa\"\nhint.aha.0.disabled=\"1\"\nhint.aic.0.at=\"isa\"\nhint.aic.0.disabled=\"1\"\nhint.atkbdc.0.at=\"isa\"\nhint.atkbdc.0.port=\"0x060\"\nhint.atkbd.0.at=\"atkbdc\"\nhint.atkbd.0.irq=\"1\"\nhint.psm.0.at=\"atkbdc\"\nhint.psm.0.irq=\"12\"\nhint.vga.0.at=\"isa\"\nhint.sc.0.at=\"isa\"\nhint.sc.0.flags=\"0x100\"\nhint.vt.0.at=\"isa\"\nhint.vt.0.disabled=\"1\"\nhint.apm.0.disabled=\"1\"\nhint.apm.0.flags=\"0x20\"\nhint.sio.0.at=\"isa\"\nhint.sio.0.port=\"0x3F8\"\nhint.sio.0.flags=\"0x10\"\nhint.sio.0.irq=\"4\"\nhint.sio.1.at=\"isa\"\nhint.sio.1.port=\"0x2F8\"\nhint.sio.1.irq=\"3\"\nhint.sio.2.at=\"isa\"\nhint.sio.2.disabled=\"1\"\nhint.sio.2.port=\"0x3E8\"\nhint.sio.2.irq=\"5\"\nhint.sio.3.at=\"isa\"\nhint.sio.3.disabled=\"1\"\nhint.sio.3.port=\"0x2E8\"\nhint.sio.3.irq=\"9\"\nhint.ppc.0.at=\"isa\"\nhint.ppc.0.irq=\"7\"\nhint.ed.0.at=\"isa\"\nhint.ed.0.disabled=\"1\"\nhint.ed.0.port=\"0x280\"\nhint.ed.0.irq=\"10\"\nhint.ed.0.maddr=\"0xd8000\"\nhint.cs.0.at=\"isa\"\nhint.cs.0.disabled=\"1\"\nhint.cs.0.port=\"0x300\"\nhint.sn.0.at=\"isa\"\nhint.sn.0.disabled=\"1\"\nhint.sn.0.port=\"0x300\"\nhint.sn.0.irq=\"10\"\nhint.ie.0.at=\"isa\"\nhint.ie.0.disabled=\"1\"\nhint.ie.0.port=\"0x300\"\nhint.ie.0.irq=\"10\"\nhint.ie.0.maddr=\"0xd0000\"\nhint.fe.0.at=\"isa\"\nhint.fe.0.disabled=\"1\"\nhint.fe.0.port=\"0x300\"\nhint.lnc.0.at=\"isa\"\nhint.lnc.0.disabled=\"1\"\nhint.lnc.0.port=\"0x280\"\nhint.lnc.0.irq=\"10\"\nhint.lnc.0.drq=\"0\""
}