{
 "id": 401539,
 "bug_id": 114562,
 "attachment_id": 0,
 "creation_time": "2007-07-13T17:50:01Z",
 "creator": "alangrow+b9d2265c@gmail.com",
 "text": "I've tracked it down to a failed pci_read_device() call during\ncardbus_attach_card(). It seems we can't even read off the vendor id:\n\n  db\u003e s\n  [thread pid 33 tid 100037 ]\n  Stopped at      pcireg_cfgread+0x215:   inl     %dx,%eax\n  db\u003e s\n  [thread pid 33 tid 100037 ]\n  Stopped at      pcireg_cfgread+0x216:   movl    %eax,%ebx\n  db\u003e p $eax\n    ffffffff\n  db\u003e p $edx\n    cfc\n\nSame problem on both 6.2 and -CURRENT. The machine is a Thinkpad T43 with\na TI1510 CardBus Bridge. Here's some more info.\n\n$ pciconf -l\nhostb0@pci0:0:0:\tclass=0x060000 card=0x05751014 chip=0x25908086 rev=0x03 hdr=0x00\nvgapci0@pci0:2:0:\tclass=0x030000 card=0x05821014 chip=0x25928086 rev=0x03 hdr=0x00\nvgapci1@pci0:2:1:\tclass=0x038000 card=0x05821014 chip=0x27928086 rev=0x03 hdr=0x00\npcib1@pci0:28:0:\tclass=0x060400 card=0x00000000 chip=0x26608086 rev=0x03 hdr=0x01\npcib2@pci0:28:2:\tclass=0x060400 card=0x00000000 chip=0x26648086 rev=0x03 hdr=0x01\nuhci0@pci0:29:0:\tclass=0x0c0300 card=0x05651014 chip=0x26588086 rev=0x03 hdr=0x00\nuhci1@pci0:29:1:\tclass=0x0c0300 card=0x05651014 chip=0x26598086 rev=0x03 hdr=0x00\nuhci2@pci0:29:2:\tclass=0x0c0300 card=0x05651014 chip=0x265a8086 rev=0x03 hdr=0x00\nuhci3@pci0:29:3:\tclass=0x0c0300 card=0x05651014 chip=0x265b8086 rev=0x03 hdr=0x00\nehci0@pci0:29:7:\tclass=0x0c0320 card=0x05661014 chip=0x265c8086 rev=0x03 hdr=0x00\npcib3@pci0:30:0:\tclass=0x060401 card=0x00000000 chip=0x24488086 rev=0xd3 hdr=0x01\npcm0@pci0:30:2:\tclass=0x040100 card=0x05671014 chip=0x266e8086 rev=0x03 hdr=0x00\nnone0@pci0:30:3:\tclass=0x070300 card=0x05761014 chip=0x266d8086 rev=0x03 hdr=0x00\nisab0@pci0:31:0:\tclass=0x060100 card=0x05681014 chip=0x26418086 rev=0x03 hdr=0x00\natapci0@pci0:31:2:\tclass=0x010180 card=0x056a1014 chip=0x26538086 rev=0x03 hdr=0x00\nnone1@pci0:31:3:\tclass=0x0c0500 card=0x056b1014 chip=0x266a8086 rev=0x03 hdr=0x00\nbge0@pci2:0:0:\tclass=0x020000 card=0x05771014 chip=0x167d14e4 rev=0x11 hdr=0x00\ncbb0@pci4:0:0:\tclass=0x060700 card=0x05281014 chip=0xac56104c rev=0x00 hdr=0x02\niwi0@pci4:2:0:\tclass=0x028000 card=0x27118086 chip=0x42208086 rev=0x05 hdr=0x00\n\n$ dmesg\nCopyright (c) 1992-2007 The FreeBSD Project.\nCopyright (c) 1979, 1980, 1983, 1986, 1988, 1989, 1991, 1992, 1993, 1994\n\tThe Regents of the University of California. All rights reserved.\nFreeBSD is a registered trademark of The FreeBSD Foundation.\nFreeBSD 7.0-CURRENT #9: Fri Jul 13 00:44:41 EDT 2007\n    root@scalar:/usr/obj/usr/src/sys/SCALAR\nACPI APIC Table: \u003cIBM    TP-70   \u003e\nTimecounter \"i8254\" frequency 1193182 Hz quality 0\nCPU: Intel(R) Pentium(R) M processor 1.86GHz (798.06-MHz 686-class CPU)\n  Origin = \"GenuineIntel\"  Id = 0x6d8  Stepping = 8\n  Features=0xafe9fbff\u003cFPU,VME,DE,PSE,TSC,MSR,PAE,MCE,CX8,APIC,SEP,MTRR,PGE,MCA,CMOV,PAT,CLFLUSH,DTS,ACPI,MMX,FXSR,SSE,SSE2,SS,TM,PBE\u003e\n  Features2=0x180\u003cEST,TM2\u003e\n  AMD Features=0x100000\u003cNX\u003e\nreal memory  = 527302656 (502 MB)\navail memory = 502288384 (479 MB)\nACPI Warning (tbfadt-0505): Optional field \"Gpe1Block\" has zero address or length:        0    102C/0 [20070320]\nioapic0: Changing APIC ID to 1\nioapic0 \u003cVersion 2.0\u003e irqs 0-23 on motherboard\nath_hal: 0.9.20.3 (AR5210, AR5211, AR5212, RF5111, RF5112, RF2413, RF5413)\nacpi0: \u003cIBM TP-70\u003e on motherboard\nacpi0: [ITHREAD]\nacpi_ec0: \u003cEmbedded Controller: GPE 0x1c, ECDT\u003e port 0x62,0x66 on acpi0\nacpi0: Power Button (fixed)\nacpi0: reservation of 0, a0000 (3) failed\nacpi0: reservation of 100000, 1ff00000 (3) failed\nTimecounter \"ACPI-fast\" frequency 3579545 Hz quality 1000\nacpi_timer0: \u003c24-bit timer at 3.579545MHz\u003e port 0x1008-0x100b on acpi0\ncpu0: \u003cACPI CPU\u003e on acpi0\nacpi_perf0: \u003cACPI CPU Frequency Control\u003e on cpu0\nacpi_throttle0: \u003cACPI CPU Throttling\u003e on cpu0\nacpi_lid0: \u003cControl Method Lid Switch\u003e on acpi0\nacpi_button0: \u003cSleep Button\u003e on acpi0\npcib0: \u003cACPI Host-PCI bridge\u003e port 0xcf8-0xcff on acpi0\npci0: \u003cACPI PCI bus\u003e on pcib0\nvgapci0: \u003cVGA-compatible display\u003e port 0x1800-0x1807 mem 0x90080000-0x900fffff,0xb0000000-0xbfffffff,0x90000000-0x9003ffff irq 16 at device 2.0 on pci0\nagp0: \u003cIntel 82915GM (915GM GMCH) SVGA controller\u003e on vgapci0\nagp0: detected 7932k stolen memory\nagp0: aperture size is 256M\nvgapci1: \u003cVGA-compatible display\u003e at device 2.1 on pci0\npcib1: \u003cACPI PCI-PCI bridge\u003e irq 20 at device 28.0 on pci0\npci2: \u003cACPI PCI bus\u003e on pcib1\npci2:0:0: bad VPD cksum, remain 14\nbge0: \u003cBroadcom NetXtreme Gigabit Ethernet Controller, ASIC rev. 0x4101\u003e mem 0x90100000-0x9010ffff irq 16 at device 0.0 on pci2\nmiibus0: \u003cMII bus\u003e on bge0\nbrgphy0: \u003cBCM5750 10/100/1000baseTX PHY\u003e PHY 1 on miibus0\nbrgphy0:  10baseT, 10baseT-FDX, 100baseTX, 100baseTX-FDX, 1000baseT, 1000baseT-FDX, auto\nbge0: Ethernet address: 00:16:41:11:09:3d\nbge0: [ITHREAD]\npcib2: \u003cACPI PCI-PCI bridge\u003e irq 22 at device 28.2 on pci0\npci3: \u003cACPI PCI bus\u003e on pcib2\nuhci0: \u003cIntel 82801FB/FR/FW/FRW (ICH6) USB controller USB-A\u003e port 0x1820-0x183f irq 16 at device 29.0 on pci0\nuhci0: [GIANT-LOCKED]\nuhci0: [ITHREAD]\nusb0: \u003cIntel 82801FB/FR/FW/FRW (ICH6) USB controller USB-A\u003e on uhci0\nusb0: USB revision 1.0\nuhub0: \u003cIntel UHCI root hub, class 9/0, rev 1.00/1.00, addr 1\u003e on usb0\nuhub0: 2 ports with 2 removable, self powered\nuhci1: \u003cIntel 82801FB/FR/FW/FRW (ICH6) USB controller USB-B\u003e port 0x1840-0x185f irq 17 at device 29.1 on pci0\nuhci1: [GIANT-LOCKED]\nuhci1: [ITHREAD]\nusb1: \u003cIntel 82801FB/FR/FW/FRW (ICH6) USB controller USB-B\u003e on uhci1\nusb1: USB revision 1.0\nuhub1: \u003cIntel UHCI root hub, class 9/0, rev 1.00/1.00, addr 1\u003e on usb1\nuhub1: 2 ports with 2 removable, self powered\nuhci2: \u003cIntel 82801FB/FR/FW/FRW (ICH6) USB controller USB-C\u003e port 0x1860-0x187f irq 18 at device 29.2 on pci0\nuhci2: [GIANT-LOCKED]\nuhci2: [ITHREAD]\nusb2: \u003cIntel 82801FB/FR/FW/FRW (ICH6) USB controller USB-C\u003e on uhci2\nusb2: USB revision 1.0\nuhub2: \u003cIntel UHCI root hub, class 9/0, rev 1.00/1.00, addr 1\u003e on usb2\nuhub2: 2 ports with 2 removable, self powered\nuhci3: \u003cIntel 82801FB/FR/FW/FRW (ICH6) USB controller USB-D\u003e port 0x1880-0x189f irq 19 at device 29.3 on pci0\nuhci3: [GIANT-LOCKED]\nuhci3: [ITHREAD]\nusb3: \u003cIntel 82801FB/FR/FW/FRW (ICH6) USB controller USB-D\u003e on uhci3\nusb3: USB revision 1.0\nuhub3: \u003cIntel UHCI root hub, class 9/0, rev 1.00/1.00, addr 1\u003e on usb3\nuhub3: 2 ports with 2 removable, self powered\nehci0: \u003cIntel 82801FB (ICH6) USB 2.0 controller\u003e mem 0x90040000-0x900403ff irq 19 at device 29.7 on pci0\nehci0: [GIANT-LOCKED]\nehci0: [ITHREAD]\nusb4: EHCI version 1.0\nusb4: companion controllers, 2 ports each: usb0 usb1 usb2 usb3\nusb4: \u003cIntel 82801FB (ICH6) USB 2.0 controller\u003e on ehci0\nusb4: USB revision 2.0\nuhub4: \u003cIntel EHCI root hub, class 9/0, rev 2.00/1.00, addr 1\u003e on usb4\nuhub4: 8 ports with 8 removable, self powered\npcib3: \u003cACPI PCI-PCI bridge\u003e at device 30.0 on pci0\npci4: \u003cACPI PCI bus\u003e on pcib3\ncbb0: \u003cTI1510 PCI-CardBus Bridge\u003e mem 0x90300000-0x90300fff irq 16 at device 0.0 on pci4\ncbb0: Found memory at 90300000\ncbb0: Secondary bus is 5\ncardbus0: \u003cCardBus bus\u003e on cbb0\npccard0: \u003c16-bit PCCard bus\u003e on cbb0\ncbb0: [ITHREAD]\niwi0: \u003cIntel(R) PRO/Wireless 2200BG\u003e mem 0x90301000-0x90301fff irq 21 at device 2.0 on pci4\niwi0: Ethernet address: 00:16:6f:1a:58:10\niwi0: [ITHREAD]\npcm0: \u003cIntel ICH6 (82801FB)\u003e port 0x1c00-0x1cff,0x18c0-0x18ff mem 0x90040800-0x900409ff,0x90040400-0x900404ff irq 22 at device 30.2 on pci0\npcm0: [ITHREAD]\npcm0: \u003cAnalog Devices AD1981B AC97 Codec\u003e\npci0: \u003csimple comms, generic modem\u003e at device 30.3 (no driver attached)\nisab0: \u003cPCI-ISA bridge\u003e at device 31.0 on pci0\nisa0: \u003cISA bus\u003e on isab0\natapci0: \u003cIntel ICH6M SATA150 controller\u003e port 0x1f0-0x1f7,0x3f6,0x170-0x177,0x376,0x1810-0x181f at device 31.2 on pci0\nata0: \u003cATA channel 0\u003e on atapci0\nata0: [ITHREAD]\nata1: \u003cATA channel 1\u003e on atapci0\nata1: [ITHREAD]\npci0: \u003cserial bus, SMBus\u003e at device 31.3 (no driver attached)\nacpi_tz0: \u003cThermal Zone\u003e on acpi0\natkbdc0: \u003cKeyboard controller (i8042)\u003e port 0x60,0x64 irq 1 on acpi0\natkbd0: \u003cAT Keyboard\u003e irq 1 on atkbdc0\nkbd0 at atkbd0\natkbd0: [GIANT-LOCKED]\natkbd0: [ITHREAD]\npsm0: \u003cPS/2 Mouse\u003e irq 12 on atkbdc0\npsm0: [GIANT-LOCKED]\npsm0: [ITHREAD]\npsm0: model Generic PS/2 mouse, device ID 0\nfdc0: \u003cfloppy drive controller (FDE)\u003e port 0x3f0-0x3f5,0x3f7 irq 6 drq 2 on acpi0\nfdc0: [FILTER]\nppc0: \u003cParallel port\u003e port 0x3bc-0x3be irq 7 on acpi0\nppc0: Generic chipset (NIBBLE-only) in COMPATIBLE mode\nppbus0: \u003cParallel port bus\u003e on ppc0\nplip0: \u003cPLIP network interface\u003e on ppbus0\nlpt0: \u003cPrinter\u003e on ppbus0\nlpt0: Interrupt-driven port\nppi0: \u003cParallel I/O\u003e on ppbus0\nppc0: [GIANT-LOCKED]\nppc0: [ITHREAD]\nbattery0: \u003cACPI Control Method Battery\u003e on acpi0\nacpi_acad0: \u003cAC Adapter\u003e on acpi0\npmtimer0 on isa0\norm0: \u003cISA Option ROMs\u003e at iomem 0xd1000-0xd1fff,0xdc000-0xdffff,0xe0000-0xeffff pnpid ORM0000 on isa0\nsc0: \u003cSystem console\u003e at flags 0x100 on isa0\nsc0: VGA \u003c16 virtual consoles, flags=0x300\u003e\nvga0: \u003cGeneric ISA VGA\u003e at port 0x3c0-0x3df iomem 0xa0000-0xbffff on isa0\nTimecounter \"TSC\" frequency 798057355 Hz quality 800\nTimecounters tick every 1.000 msec\nStatus is 0x30000820\ncbb0: card inserted: event=0x00000000, state=30000820\ncbb0: cbb_power: 3V\nad0: 95396MB \u003cSeagate ST910021A 3.04\u003e at ata0-master UDMA100\nacd0: CDRW \u003cHL-DT-STCD-RW/DVD DRIVE GCC-4242N/0J05\u003e at ata1-master UDMA33\nath0: \u003cAtheros 5212\u003e mem 0x90310000-0x9031ffff irq 16 at device 0.0 on cardbus0\nath0: [ITHREAD]\nath0: using obsoleted if_watchdog interface\nath0: Ethernet address: 00:13:46:c4:d9:9a\nath0: mac 7.8 phy 4.5 radio 5.6\nTrying to mount root from ufs:/dev/ad0s1a\ndrm0: \u003cIntel i915GM\u003e on vgapci0\ninfo: [drm] AGP at 0x90080000 0MB\ninfo: [drm] Initialized i915 1.5.0 20060119\ndrm0: [ITHREAD]\nath0: detached\ncbb0: cbb_power: 0V\ncbb0: PCI Memory allocated: 90300000\nwakeup from sleeping state (slept 00:00:06)\nStatus is 0x30000820\ncbb0: card inserted: event=0x00000000, state=30000820\ncbb0: cbb_power: 3V\ncbb0: cbb_power: 0V\n\nHow-To-Repeat: $ acpiconf -s 3\n$ # wakeup\n$ # insert new cardbus card"
}