{
 "id": 853839,
 "bug_id": 198062,
 "attachment_id": 0,
 "creation_time": "2015-12-14T22:01:30Z",
 "creator": "jhkingsr@gmail.com",
 "text": "Gavin,\n\nHere ya go as requested. Hopefully this helps. Due to the size of the capture log... I'm going to have to post these seperately... this is the 9.3-64 bit\n\nFreeBSD 9.3 64bit boot -v captured from com1\n\nOK\nOK boot -v\n/boot/kernel/kernel text=0xf0bdb0 data=0x13d720+0x123388 syms=[0x8+0x149f88+0x8+0x15abf1]\nBooting...\nSMAP type=01 base=0000000000000000 len=000000000009f400\nSMAP type=02 base=000000000009f400 len=0000000000000c00\nSMAP type=02 base=00000000000e0000 len=0000000000020000\nSMAP type=01 base=0000000000100000 len=00000000bfef0000\nSMAP type=03 base=00000000bfff0000 len=000000000000e000\nSMAP type=04 base=00000000bfffe000 len=0000000000002000\nSMAP type=02 base=00000000e0000000 len=0000000010000000\nSMAP type=02 base=00000000fec00000 len=0000000000001000\nSMAP type=02 base=00000000fec01000 len=0000000000001000\nSMAP type=02 base=00000000fec02000 len=0000000000001000\nSMAP type=02 base=00000000fee00000 len=0000000000001000\nSMAP type=01 base=0000000100000000 len=0000000040000000\nTable 'FACP' at 0xbfff0290\nTable 'APIC' at 0xbfff0390\nAPIC: Found table at 0xbfff0390\nAPIC: Using the MADT enumerator.\nMADT: Found CPU APIC ID 0 ACPI ID 1: enabled\nSMP: Added CPU 0 (AP)\nMADT: Found CPU APIC ID 1 ACPI ID 2: enabled\nSMP: Added CPU 1 (AP)\nMADT: Found CPU APIC ID 2 ACPI ID 3: enabled\nSMP: Added CPU 2 (AP)\nMADT: Found CPU APIC ID 3 ACPI ID 4: enabled\nSMP: Added CPU 3 (AP)\nMADT: Found CPU APIC ID 132 ACPI ID 5: disabled\nMADT: Found CPU APIC ID 133 ACPI ID 6: disabled\nMADT: Found CPU APIC ID 134 ACPI ID 7: disabled\nMADT: Found CPU APIC ID 135 ACPI ID 8: disabled\nMADT: Found CPU APIC ID 136 ACPI ID 9: disabled\nMADT: Found CPU APIC ID 137 ACPI ID 10: disabled\nMADT: Found CPU APIC ID 138 ACPI ID 11: disabled\nMADT: Found CPU APIC ID 139 ACPI ID 12: disabled\nCopyright (c) 1992-2014 The FreeBSD Project.\nCopyright (c) 1979, 1980, 1983, 1986, 1988, 1989, 1991, 1992, 1993, 1994\n        The Regents of the University of California. All rights reserved.\nFreeBSD is a registered trademark of The FreeBSD Foundation.\nFreeBSD 9.3-RELEASE #0 r268512: Thu Jul 10 23:44:39 UTC 2014\n    root@snap.freebsd.org:/usr/obj/usr/src/sys/GENERIC amd64\ngcc version 4.2.1 20070831 patched [FreeBSD]\nPreloaded elf kernel \"/boot/kernel/kernel\" at 0xffffffff81813000.\nCalibrating TSC clock ... TSC clock: 2793056206 Hz\nCPU: Dual-Core AMD Opteron(tm) Processor 2220 (2793.06-MHz K8-class CPU)\n  Origin = \"AuthenticAMD\"  Id = 0x40f13  Family = 0xf  Model = 0x41  Stepping = 3\n  Features=0x178bfbff\u003cFPU,VME,DE,PSE,TSC,MSR,PAE,MCE,CX8,APIC,SEP,MTRR,PGE,MCA,CMOV,PAT,PSE36,CLFLUSH,MMX,FXSR,SSE,SSE2,HTT\u003e\n  Features2=0x2001\u003cSSE3,CX16\u003e\n  AMD Features=0xea500800\u003cSYSCALL,NX,MMX+,FFXSR,RDTSCP,LM,3DNow!+,3DNow!\u003e\n  AMD Features2=0x1f\u003cLAHF,CMP,SVM,ExtAPIC,CR8\u003e\nL1 2MB data TLB: 8 entries, fully associative\nL1 2MB instruction TLB: 8 entries, fully associative\nL1 4KB data TLB: 32 entries, fully associative\nL1 4KB instruction TLB: 32 entries, fully associative\nL1 data cache: 64 kbytes, 64 bytes/line, 1 lines/tag, 2-way associative\nL1 instruction cache: 64 kbytes, 64 bytes/line, 1 lines/tag, 2-way associative\nL2 2MB unified TLB: 0 entries, disabled/not present\nL2 4KB data TLB: 512 entries, 4-way associative\nL2 4KB instruction TLB: 512 entries, 4-way associative\nL2 unified cache: 1024 kbytes, 64 bytes/line, 1 lines/tag, 16-way associative\nreal memory  = 4294967296 (4096 MB)\nPhysical memory chunk(s):\n0x0000000000010000 - 0x000000000009bfff, 573440 bytes (140 pages)\n0x0000000000100000 - 0x00000000001fffff, 1048576 bytes (256 pages)\n0x0000000001843000 - 0x00000000b695ffff, 3037843456 bytes (741661 pages)\n0x0000000100000000 - 0x000000013ffeffff, 1073676288 bytes (262128 pages)\navail memory = 4082606080 (3893 MB)\nINTR: Adding local APIC 0 as a target\nEvent timer \"LAPIC\" quality 400\nACPI APIC Table: \u003c062309 APIC1333\u003e\nINTR: Adding local APIC 0 as a target\nINTR: Adding local APIC 1 as a target\nINTR: Adding local APIC 2 as a target\nINTR: Adding local APIC 3 as a target\nFreeBSD/SMP: Multiprocessor System Detected: 4 CPUs\nFreeBSD/SMP: 2 package(s) x 2 core(s)\n cpu0 (BSP): APIC ID:  0\n cpu1 (AP): APIC ID:  1\n cpu2 (AP): APIC ID:  2\n cpu3 (AP): APIC ID:  3\nAPIC: CPU 0 has ACPI ID 1\nAPIC: CPU 1 has ACPI ID 2\nAPIC: CPU 2 has ACPI ID 3\nAPIC: CPU 3 has ACPI ID 4\nx86bios:  IVT 0x000000-0x0004ff at 0xfffffe0000000000\nx86bios: SSEG 0x098000-0x098fff at 0xffffff8000244000\nx86bios: EBDA 0x09f000-0x09ffff at 0xfffffe000009f000\nx86bios:  ROM 0x0a0000-0x0fefff at 0xfffffe00000a0000\nULE: setup cpu 0\nULE: setup cpu 1\nULE: setup cpu 2\nULE: setup cpu 3\nACPI: RSDP 0xf8f90 00024 (v02 ACPIAM)\nACPI: XSDT 0xbfff0100 0004C (v01 062309 XSDT1333 20090623 MSFT 00000097)\nACPI: FACP 0xbfff0290 000F4 (v03 062309 FACP1333 20090623 MSFT 00000097)\nACPI: DSDT 0xbfff04e0 0370B (v01  0AAAB 0AAAB001 00000001 INTL 02002026)\nACPI: FACS 0xbfffe000 00040\nACPI: APIC 0xbfff0390 00102 (v01 062309 APIC1333 20090623 MSFT 00000097)\nACPI: OEMB 0xbfffe040 00056 (v01 062309 OEMB1333 20090623 MSFT 00000097)\nACPI: SRAT 0xbfff3bf0 000E8 (v01 AMD    FAM_F_10 00000002 AMD  00000001)\nACPI: SSDT 0xbfff3ce0 00574 (v01 A M I  POWERNOW 00000001 AMD  00000001)\nMADT: Found IO APIC ID 4, Interrupt 0 at 0xfec00000\nioapic0: Routing external 8259A's -\u003e intpin 0\nMADT: Found IO APIC ID 5, Interrupt 16 at 0xfec01000\nMADT: Found IO APIC ID 6, Interrupt 32 at 0xfec02000\nlapic0: Routing NMI -\u003e LINT1\nlapic0: LINT1 trigger: edge\nlapic0: LINT1 polarity: high\nlapic1: Routing NMI -\u003e LINT1\nlapic1: LINT1 trigger: edge\nlapic1: LINT1 polarity: high\nlapic2: Routing NMI -\u003e LINT1\nlapic2: LINT1 trigger: edge\nlapic2: LINT1 polarity: high\nlapic3: Routing NMI -\u003e LINT1\nlapic3: LINT1 trigger: edge\nlapic3: LINT1 polarity: high\nMADT: Ignoring local NMI routed to ACPI CPU 5\nMADT: Ignoring local NMI routed to ACPI CPU 6\nMADT: Ignoring local NMI routed to ACPI CPU 7\nMADT: Ignoring local NMI routed to ACPI CPU 8\nMADT: Ignoring local NMI routed to ACPI CPU 9\nMADT: Ignoring local NMI routed to ACPI CPU 10\nMADT: Ignoring local NMI routed to ACPI CPU 11\nMADT: Ignoring local NMI routed to ACPI CPU 12\nMADT: Interrupt override: source 0, irq 2\nioapic0: Routing IRQ 0 -\u003e intpin 2\nMADT: Forcing active-low polarity and level trigger for SCI\nioapic0: intpin 9 polarity: low\nioapic0: intpin 9 trigger: level\nioapic0 \u003cVersion 1.1\u003e irqs 0-15 on motherboard\nioapic1 \u003cVersion 1.1\u003e irqs 16-31 on motherboard\nioapic2 \u003cVersion 1.1\u003e irqs 32-47 on motherboard\ncpu0 BSP:\n     ID: 0x00000000   VER: 0x80050010 LDR: 0x00000000 DFR: 0xffffffff\n  lint0: 0x00010700 lint1: 0x00000400 TPR: 0x00000000 SVR: 0x000001ff\n  timer: 0x000100ef therm: 0x00010000 err: 0x000000f0 pmc: 0x00010400\nwlan: \u003c802.11 Link Layer\u003e\nsnd_unit_init() u=0x00ff8000 [512] d=0x00007c00 [32] c=0x000003ff [1024]\nfeeder_register: snd_unit=-1 snd_maxautovchans=16 latency=5 feeder_rate_min=1 feeder_rate_max=2016000 feeder_rate_round=25\nkbd: new array size 4\nkbd1 at kbdmux0\nmem: \u003cmemory\u003e\nnfslock: pseudo-device\nnull: \u003cnull device, zero device\u003e\nrandom: \u003centropy source, Software, Yarrow\u003e\nVESA: INT 0x10 vector 0xc000:0x1734\nVESA: information block\n0000   56 45 53 41 00 02 00 01 00 99 01 00 00 00 22 00\n0010   00 99 00 02 00 01 0b 01 00 99 21 01 00 99 26 01\n0020   00 99 6a 00 02 01 04 01 82 01 0d 01 0e 01 0f 01\n0030   20 01 92 01 93 01 94 01 95 01 96 01 a2 01 a3 01\n0040   a4 01 a5 01 a6 01 b2 01 b3 01 b4 01 b5 01 b6 01\n0050   c2 01 c3 01 c4 01 c5 01 c6 01 00 01 83 01 84 01\n0060   85 01 86 01 01 01 10 01 11 01 12 01 21 01 03 01\n0070   13 01 14 01 15 01 22 01 05 01 16 01 17 01 18 01\n0080   23 01 07 01 19 01 1a 01 1b 01 24 01 09 01 0a 01\n0090   30 01 ff ff 00 00 00 00 00 00 00 00 00 00 00 00\n00a0   00 00 00 00 00 00 00 00 00 00 00 00 00 00 00 00\n00b0   00 00 00 00 00 00 00 00 00 00 00 00 00 00 00 00\n00c0   00 00 00 00 00 00 00 00 00 00 00 00 00 00 00 00\n00d0   00 00 00 00 00 00 00 00 00 00 00 00 00 00 00 00\n00e0   00 00 00 00 00 00 00 00 00 00 00 00 00 00 00 00\n00f0   00 00 00 00 00 00 00 00 00 00 00 00 00 00 00 00\n0100   41 54 49 20 45 53 31 30 30 30 00 41 54 49 20 54\n0110   65 63 68 6e 6f 6c 6f 67 69 65 73 20 49 6e 63 2e\n0120   00 52 4e 35 30 00 30 31 2e 30 30 00 00 00 00 00\n0130   00 00 00 00 00 00 00 00 00 00 00 00 00 00 00 00\n0140   00 00 00 00 00 00 00 00 00 00 00 00 00 00 00 00\n0150   00 00 00 00 00 00 00 00 00 00 00 00 00 00 00 00\n0160   00 00 00 00 00 00 00 00 00 00 00 00 00 00 00 00\n0170   00 00 00 00 00 00 00 00 00 00 00 00 00 00 00 00\n0180   00 00 00 00 00 00 00 00 00 00 00 00 00 00 00 00\n0190   00 00 00 00 00 00 00 00 00 00 00 00 00 00 00 00\n01a0   00 00 00 00 00 00 00 00 00 00 00 00 00 00 00 00\n01b0   00 00 00 00 00 00 00 00 00 00 00 00 00 00 00 00\n01c0   00 00 00 00 00 00 00 00 00 00 00 00 00 00 00 00\n01d0   00 00 00 00 00 00 00 00 00 00 00 00 00 00 00 00\n01e0   00 00 00 00 00 00 00 00 00 00 00 00 00 00 00 00\n01f0   00 00 00 00 00 00 00 00 00 00 00 00 00 00 00 00\nVESA: 56 mode(s) found\nVESA: v2.0, 32768k memory, flags:0x1, mode table:0xffffff800029a022 (99000022)\nVESA: ATI ES1000\nVESA: ATI Technologies Inc. RN50 01.00\nio: \u003cI/O\u003e\nhptrr: RocketRAID 17xx/2xxx SATA controller driver v1.2\nhpt27xx: RocketRAID 27xx controller driver v1.1\nhptnr: R750/DC7280 controller driver v1.0\nacpi0: \u003c062309 XSDT1333\u003e on motherboard\nioapic0: routing intpin 9 (ISA IRQ 9) to lapic 0 vector 48\nACPI: Executed 1 blocks of module-level executable AML code\nacpi0: Power Button (fixed)\nacpi0: Sleep Button (fixed)\nacpi0: reservation of 0, a0000 (3) failed\nacpi0: reservation of 100000, bff00000 (3) failed\ncpu0: Processor \\_PR_.P001 (ACPI ID 1) -\u003e APIC ID 0\ncpu0: \u003cACPI CPU\u003e on acpi0\ncpu0: switching to generic Cx mode\ncpu1: Processor \\_PR_.P002 (ACPI ID 2) -\u003e APIC ID 1\ncpu1: \u003cACPI CPU\u003e on acpi0\ncpu2: Processor \\_PR_.P003 (ACPI ID 3) -\u003e APIC ID 2\ncpu2: \u003cACPI CPU\u003e on acpi0\ncpu3: Processor \\_PR_.P004 (ACPI ID 4) -\u003e APIC ID 3\ncpu3: \u003cACPI CPU\u003e on acpi0\nACPI: Processor \\_PR_.P005 (ACPI ID 5) ignored\nACPI: Processor \\_PR_.P006 (ACPI ID 6) ignored\nACPI: Processor \\_PR_.P007 (ACPI ID 7) ignored\nACPI: Processor \\_PR_.P008 (ACPI ID 8) ignored\nACPI: Processor \\_PR_.P009 (ACPI ID 9) ignored\nACPI: Processor \\_PR_.P00A (ACPI ID 10) ignored\nACPI: Processor \\_PR_.P00B (ACPI ID 11) ignored\nACPI: Processor \\_PR_.P00C (ACPI ID 12) ignored\nattimer0: \u003cAT timer\u003e port 0x40-0x43 irq 0 on acpi0\nTimecounter \"i8254\" frequency 1193182 Hz quality 0\nioapic0: routing intpin 2 (ISA IRQ 0) to lapic 0 vector 49\nEvent timer \"i8254\" frequency 1193182 Hz quality 100\natrtc0: \u003cAT realtime clock\u003e port 0x70-0x71 irq 8 on acpi0\natrtc0: registered as a time-of-day clock (resolution 1000000us, adjustment 0.500000000s)\nioapic0: routing intpin 8 (ISA IRQ 8) to lapic 0 vector 50\nEvent timer \"RTC\" frequency 32768 Hz quality 0\nhpet0: \u003cHigh Precision Event Timer\u003e iomem 0xfed00000-0xfed03fff on acpi0\nhpet0: vendor 0xffff, rev 0xff, 232831Hz 64bit, 32 timers, legacy route\nhpet0:  t0: irqs 0xffffffff (31), MSI, 64bit, periodic\nhpet0:  t1: irqs 0xffffffff (31), MSI, 64bit, periodic\nhpet0:  t2: irqs 0xffffffff (31), MSI, 64bit, periodic\nhpet0:  t3: irqs 0xffffffff (31), MSI, 64bit, periodic\nhpet0:  t4: irqs 0xffffffff (31), MSI, 64bit, periodic\nhpet0:  t5: irqs 0xffffffff (31), MSI, 64bit, periodic\nhpet0:  t6: irqs 0xffffffff (31), MSI, 64bit, periodic\nhpet0:  t7: irqs 0xffffffff (31), MSI, 64bit, periodic\nhpet0:  t8: irqs 0xffffffff (31), MSI, 64bit, periodic\nhpet0:  t9: irqs 0xffffffff (31), MSI, 64bit, periodic\nhpet0:  t10: irqs 0xffffffff (31), MSI, 64bit, periodic\nhpet0:  t11: irqs 0xffffffff (31), MSI, 64bit, periodic\nhpet0:  t12: irqs 0xffffffff (31), MSI, 64bit, periodic\nhpet0:  t13: irqs 0xffffffff (31), MSI, 64bit, periodic\nhpet0:  t14: irqs 0xffffffff (31), MSI, 64bit, periodic\nhpet0:  t15: irqs 0xffffffff (31), MSI, 64bit, periodic\nhpet0:  t16: irqs 0xffffffff (31), MSI, 64bit, periodic\nhpet0:  t17: irqs 0xffffffff (31), MSI, 64bit, periodic\nhpet0:  t18: irqs 0xffffffff (31), MSI, 64bit, periodic\nhpet0:  t19: irqs 0xffffffff (31), MSI, 64bit, periodic\nhpet0:  t20: irqs 0xffffffff (31), MSI, 64bit, periodic\nhpet0:  t21: irqs 0xffffffff (31), MSI, 64bit, periodic\nhpet0:  t22: irqs 0xffffffff (31), MSI, 64bit, periodic\nhpet0:  t23: irqs 0xffffffff (31), MSI, 64bit, periodic\nhpet0:  t24: irqs 0xffffffff (31), MSI, 64bit, periodic\nhpet0:  t25: irqs 0xffffffff (31), MSI, 64bit, periodic\nhpet0:  t26: irqs 0xffffffff (31), MSI, 64bit, periodic\nhpet0:  t27: irqs 0xffffffff (31), MSI, 64bit, periodic\nhpet0:  t28: irqs 0xffffffff (31), MSI, 64bit, periodic\nhpet0:  t29: irqs 0xffffffff (31), MSI, 64bit, periodic\nhpet0:  t30: irqs 0xffffffff (31), MSI, 64bit, periodic\nhpet0:  t31: irqs 0xffffffff (31), MSI, 64bit, periodic\nhpet0: HPET never increments, disabling\ndevice_attach: hpet0 attach returned 6\nACPI timer: 0/4 0/4 0/4 0/4 0/4 0/4 1/3 0/4 0/4 1/3 -\u003e 2\nTimecounter \"ACPI-safe\" frequency 3579545 Hz quality 850\nacpi_timer0: \u003c32-bit timer at 3.579545MHz\u003e port 0x508-0x50b on acpi0\npci_link0:        Index  IRQ  Rtd  Ref  IRQs\n  Initial Probe       0    9   N     0  3 4 5 7 9 11 12 14 15\n  Validation          0    9   N     0  3 4 5 7 9 11 12 14 15\n  After Disable       0  255   N     0  3 4 5 7 9 11 12 14 15\npci_link1:        Index  IRQ  Rtd  Ref  IRQs\n  Initial Probe       0   11   N     0  1 3 4 5 6 7 9 11 12 14 15\n  Validation          0   11   N     0  1 3 4 5 6 7 9 11 12 14 15\n  After Disable       0  255   N     0  1 3 4 5 6 7 9 11 12 14 15\npci_link2:        Index  IRQ  Rtd  Ref  IRQs\n  Initial Probe       0  255   N     0  1 3 4 5 6 7 9 11 12 14 15\n  Validation          0  255   N     0  1 3 4 5 6 7 9 11 12 14 15\n  After Disable       0  255   N     0  1 3 4 5 6 7 9 11 12 14 15\npci_link3:        Index  IRQ  Rtd  Ref  IRQs\n  Initial Probe       0  255   N     0  1 3 4 5 6 7 9 11 12 14 15\n  Validation          0  255   N     0  1 3 4 5 6 7 9 11 12 14 15\n  After Disable       0  255   N     0  1 3 4 5 6 7 9 11 12 14 15\npci_link4:        Index  IRQ  Rtd  Ref  IRQs\n  Initial Probe       0  255   N     0  1 3 4 5 6 7 9 11 12 14 15\n  Validation          0  255   N     0  1 3 4 5 6 7 9 11 12 14 15\n  After Disable       0  255   N     0  1 3 4 5 6 7 9 11 12 14 15\npci_link5:        Index  IRQ  Rtd  Ref  IRQs\n  Initial Probe       0  255   N     0  1 3 4 5 6 7 9 11 12 14 15\n  Validation          0  255   N     0  1 3 4 5 6 7 9 11 12 14 15\n  After Disable       0  255   N     0  1 3 4 5 6 7 9 11 12 14 15\npci_link6:        Index  IRQ  Rtd  Ref  IRQs\n  Initial Probe       0  255   N     0  1 3 4 5 6 7 9 11 12 14 15\n  Validation          0  255   N     0  1 3 4 5 6 7 9 11 12 14 15\n  After Disable       0  255   N     0  1 3 4 5 6 7 9 11 12 14 15\npci_link7:        Index  IRQ  Rtd  Ref  IRQs\n  Initial Probe       0  255   N     0  1 3 4 5 6 7 9 11 12 14 15\n  Validation          0  255   N     0  1 3 4 5 6 7 9 11 12 14 15\n  After Disable       0  255   N     0  1 3 4 5 6 7 9 11 12 14 15\npci_link8:        Index  IRQ  Rtd  Ref  IRQs\n  Initial Probe       0  255   N     0  1 3 4 5 6 7 9 11 12 14 15\n  Validation          0  255   N     0  1 3 4 5 6 7 9 11 12 14 15\n  After Disable       0  255   N     0  1 3 4 5 6 7 9 11 12 14 15\npci_link9:        Index  IRQ  Rtd  Ref  IRQs\n  Initial Probe       0  255   N     0  1 3 4 5 6 7 9 11 12 14 15\n  Validation          0  255   N     0  1 3 4 5 6 7 9 11 12 14 15\n  After Disable       0  255   N     0  1 3 4 5 6 7 9 11 12 14 15\npci_link10:       Index  IRQ  Rtd  Ref  IRQs\n  Initial Probe       0    3   N     0  1 3 4 5 6 7 9 11 12 14 15\n  Validation          0    3   N     0  1 3 4 5 6 7 9 11 12 14 15\n  After Disable       0  255   N     0  1 3 4 5 6 7 9 11 12 14 15\npci_link11:       Index  IRQ  Rtd  Ref  IRQs\n  Initial Probe       0    5   N     0  1 3 4 5 6 7 9 11 12 14 15\n  Validation          0    5   N     0  1 3 4 5 6 7 9 11 12 14 15\n  After Disable       0  255   N     0  1 3 4 5 6 7 9 11 12 14 15\npci_link12:       Index  IRQ  Rtd  Ref  IRQs\n  Initial Probe       0  255   N     0  1 3 4 5 6 7 9 11 12 14 15\n  Validation          0  255   N     0  1 3 4 5 6 7 9 11 12 14 15\n  After Disable       0  255   N     0  1 3 4 5 6 7 9 11 12 14 15\npci_link13:       Index  IRQ  Rtd  Ref  IRQs\n  Initial Probe       0  255   N     0  1 3 4 5 6 7 9 11 12 14 15\n  Validation          0  255   N     0  1 3 4 5 6 7 9 11 12 14 15\n  After Disable       0  255   N     0  1 3 4 5 6 7 9 11 12 14 15\npci_link14:       Index  IRQ  Rtd  Ref  IRQs\n  Initial Probe       0  255   N     0  1 3 4 5 6 7 9 11 12 14 15\n  Validation          0  255   N     0  1 3 4 5 6 7 9 11 12 14 15\n  After Disable       0  255   N     0  1 3 4 5 6 7 9 11 12 14 15\npci_link15:       Index  IRQ  Rtd  Ref  IRQs\n  Initial Probe       0  255   N     0  1 3 4 5 6 7 9 11 12 14 15\n  Validation          0  255   N     0  1 3 4 5 6 7 9 11 12 14 15\n  After Disable       0  255   N     0  1 3 4 5 6 7 9 11 12 14 15\npci_link16:       Index  IRQ  Rtd  Ref  IRQs\n  Initial Probe       0  255   N     0  1 3 4 5 6 7 9 11 12 14 15\n  Validation          0  255   N     0  1 3 4 5 6 7 9 11 12 14 15\n  After Disable       0  255   N     0  1 3 4 5 6 7 9 11 12 14 15\npci_link17:       Index  IRQ  Rtd  Ref  IRQs\n  Initial Probe       0  255   N     0  1 3 4 5 6 7 9 11 12 14 15\n  Validation          0  255   N     0  1 3 4 5 6 7 9 11 12 14 15\n  After Disable       0  255   N     0  1 3 4 5 6 7 9 11 12 14 15\npci_link18:       Index  IRQ  Rtd  Ref  IRQs\n  Initial Probe       0  255   N     0  1 3 4 5 6 7 9 11 12 14 15\n  Validation          0  255   N     0  1 3 4 5 6 7 9 11 12 14 15\n  After Disable       0  255   N     0  1 3 4 5 6 7 9 11 12 14 15\npci_link19:       Index  IRQ  Rtd  Ref  IRQs\n  Initial Probe       0  255   N     0  1 3 4 5 6 7 9 11 12 14 15\n  Validation          0  255   N     0  1 3 4 5 6 7 9 11 12 14 15\n  After Disable       0  255   N     0  1 3 4 5 6 7 9 11 12 14 15\npci_link20:       Index  IRQ  Rtd  Ref  IRQs\n  Initial Probe       0  255   N     0  1 3 4 5 6 7 9 11 12 14 15\n  Validation          0  255   N     0  1 3 4 5 6 7 9 11 12 14 15\n  After Disable       0  255   N     0  1 3 4 5 6 7 9 11 12 14 15\npci_link21:       Index  IRQ  Rtd  Ref  IRQs\n  Initial Probe       0  255   N     0  1 3 4 5 6 7 9 11 12 14 15\n  Validation          0  255   N     0  1 3 4 5 6 7 9 11 12 14 15\n  After Disable       0  255   N     0  1 3 4 5 6 7 9 11 12 14 15\npci_link22:       Index  IRQ  Rtd  Ref  IRQs\n  Initial Probe       0  255   N     0  1 3 4 5 6 7 9 11 12 14 15\n  Validation          0  255   N     0  1 3 4 5 6 7 9 11 12 14 15\n  After Disable       0  255   N     0  1 3 4 5 6 7 9 11 12 14 15\npci_link23:       Index  IRQ  Rtd  Ref  IRQs\n  Initial Probe       0  255   N     0  1 3 4 5 6 7 9 11 12 14 15\n  Validation          0  255   N     0  1 3 4 5 6 7 9 11 12 14 15\n  After Disable       0  255   N     0  1 3 4 5 6 7 9 11 12 14 15\npci_link24:       Index  IRQ  Rtd  Ref  IRQs\n  Initial Probe       0  255   N     0  1 3 4 5 6 7 9 11 12 14 15\n  Validation          0  255   N     0  1 3 4 5 6 7 9 11 12 14 15\n  After Disable       0  255   N     0  1 3 4 5 6 7 9 11 12 14 15\npci_link25:       Index  IRQ  Rtd  Ref  IRQs\n  Initial Probe       0  255   N     0  1 3 4 5 6 7 9 11 12 14 15\n  Validation          0  255   N     0  1 3 4 5 6 7 9 11 12 14 15\n  After Disable       0  255   N     0  1 3 4 5 6 7 9 11 12 14 15\npci_link26:       Index  IRQ  Rtd  Ref  IRQs\n  Initial Probe       0  255   N     0  1 3 4 5 6 7 9 11 12 14 15\n  Validation          0  255   N     0  1 3 4 5 6 7 9 11 12 14 15\n  After Disable       0  255   N     0  1 3 4 5 6 7 9 11 12 14 15\npci_link27:       Index  IRQ  Rtd  Ref  IRQs\n  Initial Probe       0  255   N     0  1 3 4 5 6 7 9 11 12 14 15\n  Validation          0  255   N     0  1 3 4 5 6 7 9 11 12 14 15\n  After Disable       0  255   N     0  1 3 4 5 6 7 9 11 12 14 15\npci_link28:       Index  IRQ  Rtd  Ref  IRQs\n  Initial Probe       0  255   N     0  1 3 4 5 6 7 9 11 12 14 15\n  Validation          0  255   N     0  1 3 4 5 6 7 9 11 12 14 15\n  After Disable       0  255   N     0  1 3 4 5 6 7 9 11 12 14 15\npci_link29:       Index  IRQ  Rtd  Ref  IRQs\n  Initial Probe       0  255   N     0  1 3 4 5 6 7 9 11 12 14 15\n  Validation          0  255   N     0  1 3 4 5 6 7 9 11 12 14 15\n  After Disable       0  255   N     0  1 3 4 5 6 7 9 11 12 14 15\npci_link30:       Index  IRQ  Rtd  Ref  IRQs\n  Initial Probe       0  255   N     0  1 3 4 5 6 7 9 11 12 14 15\n  Validation          0  255   N     0  1 3 4 5 6 7 9 11 12 14 15\n  After Disable       0  255   N     0  1 3 4 5 6 7 9 11 12 14 15\npci_link31:       Index  IRQ  Rtd  Ref  IRQs\n  Initial Probe       0   10   N     0  10\n  Validation          0   10   N     0  10\n  After Disable       0  255   N     0  10\npci_link32:       Index  IRQ  Rtd  Ref  IRQs\n  Initial Probe       0   11   N     0  11\n  Validation          0   11   N     0  11\n  After Disable       0  255   N     0  11\npcib0: \u003cACPI Host-PCI bridge\u003e port 0xcf8-0xcff on acpi0\npcib0: decoding 4 range 0-0xcf7\npcib0: decoding 4 range 0xd00-0xffff\npcib0: decoding 3 range 0xa0000-0xbffff\npcib0: decoding 3 range 0xd0000-0xdffff\npcib0: decoding 3 range 0xc0000000-0xffffffff\npci0: \u003cACPI PCI bus\u003e on pcib0\npci0: domain=0, physical bus=0\nfound-\u003e vendor=0x1166, dev=0x0036, revid=0x00\n        domain=0, bus=0, slot=1, func=0\n        class=06-04-00, hdrtype=0x01, mfdev=0\n        cmdreg=0x0007, statreg=0x0010, cachelnsz=0 (dwords)\n        lattimer=0x40 (1920 ns), mingnt=0x04 (1000 ns), maxlat=0x00 (0 ns)\nfound-\u003e vendor=0x1166, dev=0x0205, revid=0x00\n        domain=0, bus=0, slot=2, func=0\n        class=06-00-00, hdrtype=0x00, mfdev=1\n        cmdreg=0x0107, statreg=0x0200, cachelnsz=0 (dwords)\n        lattimer=0x40 (1920 ns), mingnt=0x00 (0 ns), maxlat=0x00 (0 ns)\nfound-\u003e vendor=0x1166, dev=0x0214, revid=0x00\n        domain=0, bus=0, slot=2, func=1\n        class=01-01-8a, hdrtype=0x00, mfdev=1\n        cmdreg=0x0005, statreg=0x0200, cachelnsz=16 (dwords)\n        lattimer=0x40 (1920 ns), mingnt=0x00 (0 ns), maxlat=0x00 (0 ns)\npcib0: allocated type 4 (0x1f0-0x1f7) for rid 10 of pci0:0:2:1\npcib0: allocated type 4 (0x3f6-0x3f6) for rid 14 of pci0:0:2:1\npcib0: allocated type 4 (0x170-0x177) for rid 18 of pci0:0:2:1\npcib0: allocated type 4 (0x376-0x376) for rid 1c of pci0:0:2:1\n        map[20]: type I/O Port, range 32, base 0xffa0, size  4, enabled\npcib0: allocated type 4 (0xffa0-0xffaf) for rid 20 of pci0:0:2:1\nfound-\u003e vendor=0x1166, dev=0x0234, revid=0x00\n        domain=0, bus=0, slot=2, func=2\n        class=06-01-00, hdrtype=0x00, mfdev=1\n        cmdreg=0x0107, statreg=0x0200, cachelnsz=0 (dwords)\n        lattimer=0x00 (0 ns), mingnt=0x00 (0 ns), maxlat=0x00 (0 ns)\nfound-\u003e vendor=0x1166, dev=0x0223, revid=0x01\n        domain=0, bus=0, slot=3, func=0\n        class=0c-03-10, hdrtype=0x00, mfdev=1\n        cmdreg=0x0117, statreg=0x02b0, cachelnsz=16 (dwords)\n        lattimer=0x40 (1920 ns), mingnt=0x00 (0 ns), maxlat=0x00 (0 ns)\n        intpin=a, irq=10\n        powerspec 2  supports D0 D3  current D0\n        map[10]: type Memory, range 32, base 0xff6ec000, size 12, enabled\npcib0: allocated type 3 (0xff6ec000-0xff6ecfff) for rid 10 of pci0:0:3:0\n        map[14]: type I/O Port, range 32, base 0xd400, size  8, enabled\npcib0: allocated type 4 (0xd400-0xd4ff) for rid 14 of pci0:0:3:0\npcib0: matched entry for 0.3.INTA\npcib0: slot 3 INTA hardwired to IRQ 10\nioapic0: Changing trigger for pin 10 to level\nioapic0: Changing polarity for pin 10 to low\nohci early: SMM active, request owner change\nfound-\u003e vendor=0x1166, dev=0x0223, revid=0x01\n        domain=0, bus=0, slot=3, func=1\n        class=0c-03-10, hdrtype=0x00, mfdev=0\n        cmdreg=0x0117, statreg=0x02b0, cachelnsz=16 (dwords)\n        lattimer=0x40 (1920 ns), mingnt=0x00 (0 ns), maxlat=0x00 (0 ns)\n        intpin=a, irq=10\n        powerspec 2  supports D0 D3  current D0\n        map[10]: type Memory, range 32, base 0xff6ed000, size 12, enabled\npcib0: allocated type 3 (0xff6ed000-0xff6edfff) for rid 10 of pci0:0:3:1\n        map[14]: type I/O Port, range 32, base 0xd800, size  8, enabled\npcib0: allocated type 4 (0xd800-0xd8ff) for rid 14 of pci0:0:3:1\npcib0: matched entry for 0.3.INTA\npcib0: slot 3 INTA hardwired to IRQ 10\nohci early: SMM active, request owner change\nfound-\u003e vendor=0x1166, dev=0x0223, revid=0x01\n        domain=0, bus=0, slot=3, func=2\n        class=0c-03-20, hdrtype=0x00, mfdev=0\n        cmdreg=0x0117, statreg=0x02b0, cachelnsz=16 (dwords)\n        lattimer=0x40 (1920 ns), mingnt=0x00 (0 ns), maxlat=0x00 (0 ns)\n        intpin=a, irq=10\n        powerspec 2  supports D0 D1 D2 D3  current D0\n        map[10]: type Memory, range 32, base 0xff6ee000, size 12, enabled\npcib0: allocated type 3 (0xff6ee000-0xff6eefff) for rid 10 of pci0:0:3:2\n        map[14]: type I/O Port, range 32, base 0xe800, size  8, enabled\npcib0: allocated type 4 (0xe800-0xe8ff) for rid 14 of pci0:0:3:2\npcib0: matched entry for 0.3.INTA\npcib0: slot 3 INTA hardwired to IRQ 10\nfound-\u003e vendor=0x8086, dev=0x1229, revid=0x10\n        domain=0, bus=0, slot=4, func=0\n        class=02-00-00, hdrtype=0x00, mfdev=0\n        cmdreg=0x0117, statreg=0x0290, cachelnsz=16 (dwords)\n        lattimer=0x40 (1920 ns), mingnt=0x08 (2000 ns), maxlat=0x38 (14000 ns)\n        intpin=a, irq=9\n        powerspec 2  supports D0 D1 D2 D3  current D0\n        map[10]: type Memory, range 32, base 0xff6eb000, size 12, enabled\npcib0: allocated type 3 (0xff6eb000-0xff6ebfff) for rid 10 of pci0:0:4:0\n        map[14]: type I/O Port, range 32, base 0xec00, size  6, enabled\npcib0: allocated type 4 (0xec00-0xec3f) for rid 14 of pci0:0:4:0\n        map[18]: type Memory, range 32, base 0xff6a0000, size 17, enabled\npcib0: allocated type 3 (0xff6a0000-0xff6bffff) for rid 18 of pci0:0:4:0\npcib0: matched entry for 0.4.INTA\npcib0: slot 4 INTA hardwired to IRQ 16\nfound-\u003e vendor=0x1166, dev=0x0130, revid=0xb0\n        domain=0, bus=0, slot=6, func=0\n        class=06-04-00, hdrtype=0x01, mfdev=0\n        cmdreg=0x0006, statreg=0x0010, cachelnsz=0 (dwords)\n        lattimer=0x40 (1920 ns), mingnt=0x04 (1000 ns), maxlat=0x02 (500 ns)\nfound-\u003e vendor=0x1166, dev=0x0130, revid=0xb0\n        domain=0, bus=0, slot=7, func=0\n        class=06-04-00, hdrtype=0x01, mfdev=0\n        cmdreg=0x0006, statreg=0x0010, cachelnsz=0 (dwords)\n        lattimer=0x40 (1920 ns), mingnt=0x04 (1000 ns), maxlat=0x00 (0 ns)\nfound-\u003e vendor=0x1166, dev=0x0132, revid=0xb0\n        domain=0, bus=0, slot=8, func=0\n        class=06-04-00, hdrtype=0x01, mfdev=0\n        cmdreg=0x0006, statreg=0x0010, cachelnsz=0 (dwords)\n        lattimer=0x00 (0 ns), mingnt=0x04 (1000 ns), maxlat=0x00 (0 ns)\nfound-\u003e vendor=0x1166, dev=0x0132, revid=0xb0\n        domain=0, bus=0, slot=9, func=0\n        class=06-04-00, hdrtype=0x01, mfdev=0\n        cmdreg=0x0006, statreg=0x0010, cachelnsz=0 (dwords)\n        lattimer=0x00 (0 ns), mingnt=0x04 (1000 ns), maxlat=0x00 (0 ns)\nfound-\u003e vendor=0x1166, dev=0x0132, revid=0xb0\n        domain=0, bus=0, slot=10, func=0\n        class=06-04-00, hdrtype=0x01, mfdev=0\n        cmdreg=0x0006, statreg=0x0010, cachelnsz=0 (dwords)\n        lattimer=0x00 (0 ns), mingnt=0x04 (1000 ns), maxlat=0x00 (0 ns)\nfound-\u003e vendor=0x1166, dev=0x0132, revid=0xb0\n        domain=0, bus=0, slot=11, func=0\n        class=06-04-00, hdrtype=0x01, mfdev=0\n        cmdreg=0x0006, statreg=0x0010, cachelnsz=0 (dwords)\n        lattimer=0x00 (0 ns), mingnt=0x04 (1000 ns), maxlat=0x00 (0 ns)\nfound-\u003e vendor=0x1002, dev=0x515e, revid=0x02\n        domain=0, bus=0, slot=12, func=0\n        class=03-00-00, hdrtype=0x00, mfdev=0\n        cmdreg=0x0187, statreg=0x0290, cachelnsz=16 (dwords)\n        lattimer=0x40 (1920 ns), mingnt=0x08 (2000 ns), maxlat=0x00 (0 ns)\n        intpin=a, irq=11\n        powerspec 2  supports D0 D1 D2 D3  current D0\n        map[10]: type Prefetchable Memory, range 32, base 0xd8000000, size 27, enabled\npcib0: allocated type 3 (0xd8000000-0xdfffffff) for rid 10 of pci0:0:12:0\n        map[14]: type I/O Port, range 32, base 0xe000, size  8, enabled\npcib0: allocated type 4 (0xe000-0xe0ff) for rid 14 of pci0:0:12:0\n        map[18]: type Memory, range 32, base 0xff6f0000, size 16, enabled\npcib0: allocated type 3 (0xff6f0000-0xff6fffff) for rid 18 of pci0:0:12:0\npcib0: matched entry for 0.12.INTA\npcib0: slot 12 INTA hardwired to IRQ 17\nfound-\u003e vendor=0x1022, dev=0x1100, revid=0x00\n        domain=0, bus=0, slot=24, func=0\n        class=06-00-00, hdrtype=0x00, mfdev=1\n        cmdreg=0x0000, statreg=0x0010, cachelnsz=0 (dwords)\n        lattimer=0x00 (0 ns), mingnt=0x00 (0 ns), maxlat=0x00 (0 ns)\nfound-\u003e vendor=0x1022, dev=0x1101, revid=0x00\n        domain=0, bus=0, slot=24, func=1\n        class=06-00-00, hdrtype=0x00, mfdev=1\n        cmdreg=0x0000, statreg=0x0000, cachelnsz=0 (dwords)\n        lattimer=0x00 (0 ns), mingnt=0x00 (0 ns), maxlat=0x00 (0 ns)\nfound-\u003e vendor=0x1022, dev=0x1102, revid=0x00\n        domain=0, bus=0, slot=24, func=2\n        class=06-00-00, hdrtype=0x00, mfdev=1\n        cmdreg=0x0000, statreg=0x0000, cachelnsz=0 (dwords)\n        lattimer=0x00 (0 ns), mingnt=0x00 (0 ns), maxlat=0x00 (0 ns)\nfound-\u003e vendor=0x1022, dev=0x1103, revid=0x00\n        domain=0, bus=0, slot=24, func=3\n        class=06-00-00, hdrtype=0x00, mfdev=1\n        cmdreg=0x0000, statreg=0x0010, cachelnsz=0 (dwords)\n        lattimer=0x00 (0 ns), mingnt=0x00 (0 ns), maxlat=0x00 (0 ns)\nfound-\u003e vendor=0x1022, dev=0x1100, revid=0x00\n        domain=0, bus=0, slot=25, func=0\n        class=06-00-00, hdrtype=0x00, mfdev=1\n        cmdreg=0x0000, statreg=0x0010, cachelnsz=0 (dwords)\n        lattimer=0x00 (0 ns), mingnt=0x00 (0 ns), maxlat=0x00 (0 ns)\nfound-\u003e vendor=0x1022, dev=0x1101, revid=0x00\n        domain=0, bus=0, slot=25, func=1\n        class=06-00-00, hdrtype=0x00, mfdev=1\n        cmdreg=0x0000, statreg=0x0000, cachelnsz=0 (dwords)\n        lattimer=0x00 (0 ns), mingnt=0x00 (0 ns), maxlat=0x00 (0 ns)\nfound-\u003e vendor=0x1022, dev=0x1102, revid=0x00\n        domain=0, bus=0, slot=25, func=2\n        class=06-00-00, hdrtype=0x00, mfdev=1\n        cmdreg=0x0000, statreg=0x0000, cachelnsz=0 (dwords)\n        lattimer=0x00 (0 ns), mingnt=0x00 (0 ns), maxlat=0x00 (0 ns)\nfound-\u003e vendor=0x1022, dev=0x1103, revid=0x00\n        domain=0, bus=0, slot=25, func=3\n        class=06-00-00, hdrtype=0x00, mfdev=1\n        cmdreg=0x0000, statreg=0x0010, cachelnsz=0 (dwords)\n        lattimer=0x00 (0 ns), mingnt=0x00 (0 ns), maxlat=0x00 (0 ns)\npcib1: \u003cACPI PCI-PCI bridge\u003e at device 1.0 on pci0\npcib1: allocating non-ISA range 0xa000-0xa0ff\npcib0: allocated type 4 (0xa000-0xa0ff) for rid 1c of pcib1\npcib1: allocating non-ISA range 0xa400-0xa4ff\npcib0: allocated type 4 (0xa400-0xa4ff) for rid 1c of pcib1\npcib1: allocating non-ISA range 0xa800-0xa8ff\npcib0: allocated type 4 (0xa800-0xa8ff) for rid 1c of pcib1\npcib1: allocating non-ISA range 0xac00-0xacff\npcib0: allocated type 4 (0xac00-0xacff) for rid 1c of pcib1\npcib1: allocating non-ISA range 0xb000-0xb0ff\npcib0: allocated type 4 (0xb000-0xb0ff) for rid 1c of pcib1\npcib1: allocating non-ISA range 0xb400-0xb4ff\npcib0: allocated type 4 (0xb400-0xb4ff) for rid 1c of pcib1\npcib1: allocating non-ISA range 0xb800-0xb8ff\npcib0: allocated type 4 (0xb800-0xb8ff) for rid 1c of pcib1\npcib1: allocating non-ISA range 0xbc00-0xbcff\npcib0: allocated type 4 (0xbc00-0xbcff) for rid 1c of pcib1\npcib0: allocated type 3 (0xff400000-0xff4fffff) for rid 20 of pcib1\npcib1:   domain            0\npcib1:   secondary bus     1\npcib1:   subordinate bus   2\npcib1:   I/O decode        0xa000-0xbfff\npcib1:   memory decode     0xff400000-0xff4fffff\npcib1:   special decode    ISA\npci1: \u003cACPI PCI bus\u003e on pcib1\npci1: domain=0, physical bus=1\nfound-\u003e vendor=0x1166, dev=0x0104, revid=0xc0\n        domain=0, bus=1, slot=13, func=0\n        class=06-04-00, hdrtype=0x01, mfdev=0\n        cmdreg=0x0016, statreg=0x0230, cachelnsz=16 (dwords)\n        lattimer=0x40 (1920 ns), mingnt=0x04 (1000 ns), maxlat=0x02 (500 ns)\nfound-\u003e vendor=0x1166, dev=0x024a, revid=0x00\n        domain=0, bus=1, slot=14, func=0\n        class=01-04-05, hdrtype=0x00, mfdev=0\n        cmdreg=0x0107, statreg=0x0210, cachelnsz=0 (dwords)\n        lattimer=0x40 (1920 ns), mingnt=0x00 (0 ns), maxlat=0x00 (0 ns)\n        intpin=a, irq=11\n        powerspec 2  supports D0 D3  current D0\n        MSI supports 1 message\n        map[10]: type I/O Port, range 32, base 0xbc00, size  3, enabled\npcib1: allocated I/O port range (0xbc00-0xbc07) for rid 10 of pci0:1:14:0\n        map[14]: type I/O Port, range 32, base 0xb880, size  2, enabled\npcib1: allocated I/O port range (0xb880-0xb883) for rid 14 of pci0:1:14:0\n        map[18]: type I/O Port, range 32, base 0xb800, size  3, enabled\npcib1: allocated I/O port range (0xb800-0xb807) for rid 18 of pci0:1:14:0\n        map[1c]: type I/O Port, range 32, base 0xb480, size  2, enabled\npcib1: allocated I/O port range (0xb480-0xb483) for rid 1c of pci0:1:14:0\n        map[20]: type I/O Port, range 32, base 0xb400, size  5, enabled\npcib1: allocated I/O port range (0xb400-0xb41f) for rid 20 of pci0:1:14:0\n        map[24]: type Memory, range 32, base 0xff4fe000, size 13, enabled\npcib1: allocated memory range (0xff4fe000-0xff4fffff) for rid 24 of pci0:1:14:0\npcib1: matched entry for 1.14.INTA\npcib1: slot 14 INTA hardwired to IRQ 11\nioapic0: Changing trigger for pin 11 to level\nioapic0: Changing polarity for pin 11 to low\npcib2: \u003cACPI PCI-PCI bridge\u003e at device 13.0 on pci1\npcib2:   domain            0\npcib2:   secondary bus     2\npcib2:   subordinate bus   2\npcib2:   special decode    ISA\npci2: \u003cACPI PCI bus\u003e on pcib2\npci2: domain=0, physical bus=2\natapci0: \u003cServerWorks HT1000 SATA150 controller\u003e port 0xbc00-0xbc07,0xb880-0xb883,0xb800-0xb807,0xb480-0xb483,0xb400-0xb41f mem 0xff4fe000-0xff4fffff irq 11 at device 14.0 on pci1\nioapic0: routing intpin 11 (ISA IRQ 11) to lapic 0 vector 51\nata2: \u003cATA channel\u003e at channel 0 on atapci0\nata3: \u003cATA channel\u003e at channel 1 on atapci0\nata4: \u003cATA channel\u003e at channel 2 on atapci0\nata5: \u003cATA channel\u003e at channel 3 on atapci0\natapci1: \u003cServerWorks HT1000 UDMA100 controller\u003e port 0x1f0-0x1f7,0x3f6,0x170-0x177,0x376,0xffa0-0xffaf at device 2.1 on pci0\nata0: \u003cATA channel\u003e at channel 0 on atapci1\nioapic0: routing intpin 14 (ISA IRQ 14) to lapic 0 vector 52\nata1: \u003cATA channel\u003e at channel 1 on atapci1\nioapic0: routing intpin 15 (ISA IRQ 15) to lapic 0 vector 53\nisab0: \u003cPCI-ISA bridge\u003e at device 2.2 on pci0\nisa0: \u003cISA bus\u003e on isab0\nohci0: \u003cOHCI (generic) USB controller\u003e port 0xd400-0xd4ff mem 0xff6ec000-0xff6ecfff irq 10 at device 3.0 on pci0\nohci0: (New OHCI DeviceId=0x02231166)\nioapic0: routing intpin 10 (ISA IRQ 10) to lapic 0 vector 54\nusbus0 on ohci0\nusbus0: bpf attached\nohci0: usbpf: Attached\nohci1: \u003cOHCI (generic) USB controller\u003e port 0xd800-0xd8ff mem 0xff6ed000-0xff6edfff irq 10 at device 3.1 on pci0\nohci1: (New OHCI DeviceId=0x02231166)\nusbus1 on ohci1\nusbus1: bpf attached\nohci1: usbpf: Attached\nehci0: \u003cEHCI (generic) USB 2.0 controller\u003e port 0xe800-0xe8ff mem 0xff6ee000-0xff6eefff irq 10 at device 3.2 on pci0\nehci0: (New EHCI DeviceId=0x02231166)\nusbus2: EHCI version 1.0\nusbus2 on ehci0\nusbus2: bpf attached\nehci0: usbpf: Attached\nfxp0: \u003cIntel 82551 Pro/100 Ethernet\u003e port 0xec00-0xec3f mem 0xff6eb000-0xff6ebfff,0xff6a0000-0xff6bffff irq 16 at device 4.0 on pci0\nfxp0: using memory space register mapping\nfxp0: PCI IDs: 8086 1229 8086 1040 0010\nfxp0: Dynamic Standby mode is disabled\nmiibus0: \u003cMII bus\u003e on fxp0\ninphy0: \u003ci82555 10/100 media interface\u003e PHY 1 on miibus0\ninphy0: OUI 0x005500, model 0x0015, rev. 4\ninphy0:  10baseT, 10baseT-FDX, 100baseTX, 100baseTX-FDX, auto, auto-flow\nfxp0: bpf attached\nfxp0: Ethernet address: 00:e0:81:4d:5e:c8\nioapic1: routing intpin 0 (PCI IRQ 16) to lapic 0 vector 55\npcib3: \u003cACPI PCI-PCI bridge\u003e at device 6.0 on pci0\npcib3:   domain            0\npcib3:   secondary bus     3\npcib3:   subordinate bus   3\npcib3:   special decode    ISA\npci3: \u003cACPI PCI bus\u003e on pcib3\npci3: domain=0, physical bus=3\npcib4: \u003cACPI PCI-PCI bridge\u003e at device 7.0 on pci0\npcib0: allocated type 3 (0xff500000-0xff5fffff) for rid 20 of pcib4\npcib0: allocated type 3 (0xcfe00000-0xcfefffff) for rid 24 of pcib4\npcib4:   domain            0\npcib4:   secondary bus     4\npcib4:   subordinate bus   4\npcib4:   memory decode     0xff500000-0xff5fffff\npcib4:   prefetched decode 0xcfe00000-0xcfefffff\npcib4:   special decode    ISA\npci4: \u003cACPI PCI bus\u003e on pcib4\npci4: domain=0, physical bus=4\nfound-\u003e vendor=0x14e4, dev=0x166a, revid=0x10\n        domain=0, bus=4, slot=4, func=0\n        class=02-00-00, hdrtype=0x00, mfdev=1\n        cmdreg=0x0116, statreg=0x02b0, cachelnsz=16 (dwords)\n        lattimer=0x40 (1920 ns), mingnt=0x40 (16000 ns), maxlat=0x00 (0 ns)\n        intpin=a, irq=3\n        powerspec 2  supports D0 D3  current D0\n        MSI supports 8 messages, 64 bit\n        map[10]: type Memory, range 64, base 0xff5d0000, size 16, enabled\npcib4: allocated memory range (0xff5d0000-0xff5dffff) for rid 10 of pci0:4:4:0\n        map[18]: type Memory, range 64, base 0xff5c0000, size 16, enabled\npcib4: allocated memory range (0xff5c0000-0xff5cffff) for rid 18 of pci0:4:4:0\npcib4: matched entry for 4.4.INTA\npcib4: slot 4 INTA hardwired to IRQ 26\nfound-\u003e vendor=0x14e4, dev=0x166a, revid=0x10\n        domain=0, bus=4, slot=4, func=1\n        class=02-00-00, hdrtype=0x00, mfdev=1\n        cmdreg=0x0116, statreg=0x02b0, cachelnsz=16 (dwords)\n        lattimer=0x40 (1920 ns), mingnt=0x40 (16000 ns), maxlat=0x00 (0 ns)\n        intpin=b, irq=5\n        powerspec 2  supports D0 D3  current D0\n        MSI supports 8 messages, 64 bit\n        map[10]: type Memory, range 64, base 0xff5f0000, size 16, enabled\npcib4: allocated memory range (0xff5f0000-0xff5fffff) for rid 10 of pci0:4:4:1\n        map[18]: type Memory, range 64, base 0xff5e0000, size 16, enabled\npcib4: allocated memory range (0xff5e0000-0xff5effff) for rid 18 of pci0:4:4:1\npcib4: matched entry for 4.4.INTB\npcib4: slot 4 INTB hardwired to IRQ 27\npci0:4:4:0: bad VPD cksum, remain 14\nbge0: \u003cBroadcom NetXtreme Gigabit Ethernet Controller, ASIC rev. 0x008100\u003e mem 0xff5d0000-0xff5dffff,0xff5c0000-0xff5cffff irq 26 at device 4.0 on pci4\nbge0: attempting to allocate 1 MSI vectors (8 supported)\nmsi: routing MSI IRQ 256 to local APIC 0 vector 56\nbge0: using IRQ 256 for MSI\nbge0: CHIP ID 0x00008100; ASIC REV 0x08; CHIP REV 0x81; PCI-X 133 MHz\nmiibus1: \u003cMII bus\u003e on bge0\nbrgphy0: \u003cBCM5780 1000BASE-T media interface\u003e PHY 1 on miibus1\nbrgphy0: OUI 0x001018, model 0x0035, rev. 0\nbrgphy0:  10baseT, 10baseT-FDX, 100baseTX, 100baseTX-FDX, 1000baseT, 1000baseT-master, 1000baseT-FDX, 1000baseT-FDX-master, auto, auto-flow\nbge0: bpf attached\nbge0: Ethernet address: 00:e0:81:4d:21:ec\npci0:4:4:1: bad VPD cksum, remain 14\nbge1: \u003cBroadcom NetXtreme Gigabit Ethernet Controller, ASIC rev. 0x008100\u003e mem 0xff5f0000-0xff5fffff,0xff5e0000-0xff5effff irq 27 at device 4.1 on pci4\nbge1: attempting to allocate 1 MSI vectors (8 supported)\nmsi: routing MSI IRQ 257 to local APIC 0 vector 57\nbge1: using IRQ 257 for MSI\nbge1: CHIP ID 0x00008100; ASIC REV 0x08; CHIP REV 0x81; PCI-X 133 MHz\nmiibus2: \u003cMII bus\u003e on bge1\nbrgphy1: \u003cBCM5780 1000BASE-T media interface\u003e PHY 1 on miibus2\nbrgphy1: OUI 0x001018, model 0x0035, rev. 0\nbrgphy1:  10baseT, 10baseT-FDX, 100baseTX, 100baseTX-FDX, 1000baseT, 1000baseT-master, 1000baseT-FDX, 1000baseT-FDX-master, auto, auto-flow\nbge1: bpf attached\nbge1: Ethernet address: 00:e0:81:4d:21:ed\npcib5: \u003cACPI PCI-PCI bridge\u003e at device 8.0 on pci0\npcib5:   domain            0\npcib5:   secondary bus     5\npcib5:   subordinate bus   5\npcib5:   special decode    ISA\npci5: \u003cACPI PCI bus\u003e on pcib5\npci5: domain=0, physical bus=5\npcib6: \u003cACPI PCI-PCI bridge\u003e at device 9.0 on pci0\npcib6:   domain            0\npcib6:   secondary bus     6\npcib6:   subordinate bus   6\npcib6:   special decode    ISA\npci6: \u003cACPI PCI bus\u003e on pcib6\npci6: domain=0, physical bus=6\npcib7: \u003cACPI PCI-PCI bridge\u003e at device 10.0 on pci0\npcib7:   domain            0\npcib7:   secondary bus     7\npcib7:   subordinate bus   7\npcib7:   special decode    ISA\npci7: \u003cACPI PCI bus\u003e on pcib7\npci7: domain=0, physical bus=7\npcib8: \u003cACPI PCI-PCI bridge\u003e at device 11.0 on pci0\npcib8:   domain            0\npcib8:   secondary bus     8\npcib8:   subordinate bus   8\npcib8:   special decode    ISA\npcib8: could not get PCI interrupt routing table for \\_SB_.PCI0.BR46 - AE_NOT_FOUND\npci8: \u003cACPI PCI bus\u003e on pcib8\npci8: domain=0, physical bus=8\nvgapci0: \u003cVGA-compatible display\u003e port 0xe000-0xe0ff mem 0xd8000000-0xdfffffff,0xff6f0000-0xff6fffff irq 17 at device 12.0 on pci0\nvgapci0: Boot video device\nacpi_button0: \u003cPower Button\u003e on acpi0\nuart0: \u003c16550 or compatible\u003e port 0x3f8-0x3ff irq 4 flags 0x10 on acpi0\nioapic0: routing intpin 4 (ISA IRQ 4) to lapic 0 vector 58\nuart0: fast interrupt\nuart0: console (9600,n,8,1)\nacpi0: wakeup code va 0xffffff81233d1000 pa 0x90000\nahc_isa_probe 0: ioport 0xc00 alloc failed\nahc_isa_probe 1: ioport 0x1c00 alloc failed\nahc_isa_probe 2: ioport 0x2c00 alloc failed\nahc_isa_probe 3: ioport 0x3c00 alloc failed\nahc_isa_probe 4: ioport 0x4c00 alloc failed\nahc_isa_probe 5: ioport 0x5c00 alloc failed\nahc_isa_probe 6: ioport 0x6c00 alloc failed\nahc_isa_probe 7: ioport 0x7c00 alloc failed\nahc_isa_probe 8: ioport 0x8c00 alloc failed\nahc_isa_probe 9: ioport 0x9c00 alloc failed\nahc_isa_probe 10: ioport 0xac00 alloc failed\nahc_isa_probe 11: ioport 0xbc00 alloc failed\nahc_isa_probe 12: ioport 0xcc00 alloc failed\nahc_isa_probe 13: ioport 0xdc00 alloc failed\nahc_isa_probe 14: ioport 0xec00 alloc failed\nex_isa_identify()\npcib0: allocated type 3 (0xa0000-0xa07ff) for rid 0 of orm0\npcib0: allocated type 3 (0xa0800-0xa0fff) for rid 0 of orm0\npcib0: allocated type 3 (0xa1000-0xa17ff) for rid 0 of orm0\npcib0: allocated type 3 (0xa1800-0xa1fff) for rid 0 of orm0\npcib0: allocated type 3 (0xa2000-0xa27ff) for rid 0 of orm0\npcib0: allocated type 3 (0xa2800-0xa2fff) for rid 0 of orm0\npcib0: allocated type 3 (0xa3000-0xa37ff) for rid 0 of orm0\npcib0: allocated type 3 (0xa3800-0xa3fff) for rid 0 of orm0\npcib0: allocated type 3 (0xa4000-0xa47ff) for rid 0 of orm0\npcib0: allocated type 3 (0xa4800-0xa4fff) for rid 0 of orm0\npcib0: allocated type 3 (0xa5000-0xa57ff) for rid 0 of orm0\npcib0: allocated type 3 (0xa5800-0xa5fff) for rid 0 of orm0\npcib0: allocated type 3 (0xa6000-0xa67ff) for rid 0 of orm0\npcib0: allocated type 3 (0xa6800-0xa6fff) for rid 0 of orm0\npcib0: allocated type 3 (0xa7000-0xa77ff) for rid 0 of orm0\npcib0: allocated type 3 (0xa7800-0xa7fff) for rid 0 of orm0\npcib0: allocated type 3 (0xa8000-0xa87ff) for rid 0 of orm0\npcib0: allocated type 3 (0xa8800-0xa8fff) for rid 0 of orm0\npcib0: allocated type 3 (0xa9000-0xa97ff) for rid 0 of orm0\npcib0: allocated type 3 (0xa9800-0xa9fff) for rid 0 of orm0\npcib0: allocated type 3 (0xaa000-0xaa7ff) for rid 0 of orm0\npcib0: allocated type 3 (0xaa800-0xaafff) for rid 0 of orm0\npcib0: allocated type 3 (0xab000-0xab7ff) for rid 0 of orm0\npcib0: allocated type 3 (0xab800-0xabfff) for rid 0 of orm0\npcib0: allocated type 3 (0xac000-0xac7ff) for rid 0 of orm0\npcib0: allocated type 3 (0xac800-0xacfff) for rid 0 of orm0\npcib0: allocated type 3 (0xad000-0xad7ff) for rid 0 of orm0\npcib0: allocated type 3 (0xad800-0xadfff) for rid 0 of orm0\npcib0: allocated type 3 (0xae000-0xae7ff) for rid 0 of orm0\npcib0: allocated type 3 (0xae800-0xaefff) for rid 0 of orm0\npcib0: allocated type 3 (0xaf000-0xaf7ff) for rid 0 of orm0\npcib0: allocated type 3 (0xaf800-0xaffff) for rid 0 of orm0\npcib0: allocated type 3 (0xb0000-0xb07ff) for rid 0 of orm0\npcib0: allocated type 3 (0xb0800-0xb0fff) for rid 0 of orm0\npcib0: allocated type 3 (0xb1000-0xb17ff) for rid 0 of orm0\npcib0: allocated type 3 (0xb1800-0xb1fff) for rid 0 of orm0\npcib0: allocated type 3 (0xb2000-0xb27ff) for rid 0 of orm0\npcib0: allocated type 3 (0xb2800-0xb2fff) for rid 0 of orm0\npcib0: allocated type 3 (0xb3000-0xb37ff) for rid 0 of orm0\npcib0: allocated type 3 (0xb3800-0xb3fff) for rid 0 of orm0\npcib0: allocated type 3 (0xb4000-0xb47ff) for rid 0 of orm0\npcib0: allocated type 3 (0xb4800-0xb4fff) for rid 0 of orm0\npcib0: allocated type 3 (0xb5000-0xb57ff) for rid 0 of orm0\npcib0: allocated type 3 (0xb5800-0xb5fff) for rid 0 of orm0\npcib0: allocated type 3 (0xb6000-0xb67ff) for rid 0 of orm0\npcib0: allocated type 3 (0xb6800-0xb6fff) for rid 0 of orm0\npcib0: allocated type 3 (0xb7000-0xb77ff) for rid 0 of orm0\npcib0: allocated type 3 (0xb7800-0xb7fff) for rid 0 of orm0\npcib0: allocated type 3 (0xb8000-0xb87ff) for rid 0 of orm0\npcib0: allocated type 3 (0xb8800-0xb8fff) for rid 0 of orm0\npcib0: allocated type 3 (0xb9000-0xb97ff) for rid 0 of orm0\npcib0: allocated type 3 (0xb9800-0xb9fff) for rid 0 of orm0\npcib0: allocated type 3 (0xba000-0xba7ff) for rid 0 of orm0\npcib0: allocated type 3 (0xba800-0xbafff) for rid 0 of orm0\npcib0: allocated type 3 (0xbb000-0xbb7ff) for rid 0 of orm0\npcib0: allocated type 3 (0xbb800-0xbbfff) for rid 0 of orm0\npcib0: allocated type 3 (0xbc000-0xbc7ff) for rid 0 of orm0\npcib0: allocated type 3 (0xbc800-0xbcfff) for rid 0 of orm0\npcib0: allocated type 3 (0xbd000-0xbd7ff) for rid 0 of orm0\npcib0: allocated type 3 (0xbd800-0xbdfff) for rid 0 of orm0\npcib0: allocated type 3 (0xbe000-0xbe7ff) for rid 0 of orm0\npcib0: allocated type 3 (0xbe800-0xbefff) for rid 0 of orm0\npcib0: allocated type 3 (0xbf000-0xbf7ff) for rid 0 of orm0\npcib0: allocated type 3 (0xbf800-0xbffff) for rid 0 of orm0\npcib0: allocated type 3 (0xd0000-0xd07ff) for rid 1 of orm0\npcib0: allocated type 3 (0xd0800-0xd0fff) for rid 1 of orm0\npcib0: allocated type 3 (0xd1000-0xd17ff) for rid 1 of orm0\npcib0: allocated type 3 (0xd1800-0xd1fff) for rid 1 of orm0\npcib0: allocated type 3 (0xd2000-0xd27ff) for rid 1 of orm0\npcib0: allocated type 3 (0xd2800-0xd2fff) for rid 1 of orm0\npcib0: allocated type 3 (0xd3000-0xd37ff) for rid 1 of orm0\npcib0: allocated type 3 (0xd3800-0xd3fff) for rid 1 of orm0\npcib0: allocated type 3 (0xd4000-0xd47ff) for rid 1 of orm0\npcib0: allocated type 3 (0xd4800-0xd4fff) for rid 1 of orm0\npcib0: allocated type 3 (0xd5000-0xd57ff) for rid 1 of orm0\npcib0: allocated type 3 (0xd5800-0xd5fff) for rid 1 of orm0\npcib0: allocated type 3 (0xd6000-0xd67ff) for rid 1 of orm0\npcib0: allocated type 3 (0xd6800-0xd6fff) for rid 1 of orm0\npcib0: allocated type 3 (0xd7000-0xd77ff) for rid 1 of orm0\npcib0: allocated type 3 (0xd7800-0xd7fff) for rid 1 of orm0\npcib0: allocated type 3 (0xd8000-0xd87ff) for rid 1 of orm0\npcib0: allocated type 3 (0xd8800-0xd8fff) for rid 1 of orm0\npcib0: allocated type 3 (0xd9000-0xd97ff) for rid 1 of orm0\npcib0: allocated type 3 (0xd9800-0xd9fff) for rid 1 of orm0\npcib0: allocated type 3 (0xda000-0xda7ff) for rid 1 of orm0\npcib0: allocated type 3 (0xda800-0xdafff) for rid 1 of orm0\npcib0: allocated type 3 (0xdb000-0xdb7ff) for rid 1 of orm0\npcib0: allocated type 3 (0xdb800-0xdbfff) for rid 1 of orm0\npcib0: allocated type 3 (0xdc000-0xdc7ff) for rid 1 of orm0\npcib0: allocated type 3 (0xdc800-0xdcfff) for rid 1 of orm0\npcib0: allocated type 3 (0xdd000-0xdd7ff) for rid 1 of orm0\npcib0: allocated type 3 (0xdd800-0xddfff) for rid 1 of orm0\npcib0: allocated type 3 (0xde000-0xde7ff) for rid 1 of orm0\npcib0: allocated type 3 (0xde800-0xdefff) for rid 1 of orm0\npcib0: allocated type 3 (0xdf000-0xdf7ff) for rid 1 of orm0\npcib0: allocated type 3 (0xdf800-0xdffff) for rid 1 of orm0\nisa_probe_children: disabling PnP devices\natrtc: atrtc0 already exists; skipping it\nattimer: attimer0 already exists; skipping it\nsc: sc0 already exists; skipping it\nuart: uart0 already exists; skipping it\nisa_probe_children: probing non-PnP devices\norm0: \u003cISA Option ROM\u003e at iomem 0xc0000-0xc8fff on isa0\nsc0: \u003cSystem console\u003e at flags 0x100 on isa0\nsc0: VGA \u003c16 virtual consoles, flags=0x100\u003e\nsc0: fb0, kbd1, terminal emulator: scteken (teken terminal)\nvga0: \u003cGeneric ISA VGA\u003e at port 0x3c0-0x3df iomem 0xa0000-0xbffff on isa0\npcib0: allocated type 4 (0x3c0-0x3df) for rid 0 of vga0\npcib0: allocated type 3 (0xa0000-0xbffff) for rid 0 of vga0\npcib0: allocated type 4 (0x60-0x60) for rid 0 of atkbdc0\npcib0: allocated type 4 (0x64-0x64) for rid 1 of atkbdc0\natkbdc0: \u003cKeyboard controller (i8042)\u003e at port 0x60,0x64 on isa0\npcib0: allocated type 4 (0x60-0x60) for rid 0 of atkbdc0\npcib0: allocated type 4 (0x64-0x64) for rid 1 of atkbdc0\natkbd0: \u003cAT Keyboard\u003e irq 1 on atkbdc0\nkbd0 at atkbd0\nkbd0: atkbd0, generic (0), config:0x0, flags:0x3f0000\nioapic0: routing intpin 1 (ISA IRQ 1) to lapic 0 vector 59\natkbd0: [GIANT-LOCKED]\npsm0: unable to allocate IRQ\npcib0: allocated type 4 (0x3f0-0x3f5) for rid 0 of fdc0\npcib0: allocated type 4 (0x3f7-0x3f7) for rid 1 of fdc0\nfdc0 failed to probe at port 0x3f0-0x3f5,0x3f7 irq 6 drq 2 on isa0\nppc0: cannot reserve I/O port range\nppc0 failed to probe at irq 7 on isa0\npcib0: allocated type 4 (0x2f8-0x2ff) for rid 0 of uart1\nuart1 failed to probe at port 0x2f8-0x2ff irq 3 on isa0\nwbwd0 failed to probe on isa0\nisa_probe_children: probing PnP devices\npowernow0: \u003cPowerNow! K8\u003e on cpu0\npowernow1: \u003cPowerNow! K8\u003e on cpu1\npowernow2: \u003cPowerNow! K8\u003e on cpu2\npowernow3: \u003cPowerNow! K8\u003e on cpu3\nDevice configuration finished.\nprocfs registered\nlapic: Divisor 2, Frequency 99750426 Hz\nTimecounters tick every 1.000 msec\nvlan: initialized, using hash tables with chaining\nlo0: bpf attached\nhptrr: no controller detected.\nhpt27xx: no controller detected.\nhptnr: no controller detected.\nusbus0: 12Mbps Full Speed USB v1.0\nusbus1: 12Mbps Full Speed USB v1.0\nugen0.1: \u003c0x1166\u003e at usbus0\nuhub0: \u003c0x1166 OHCI root HUB, class 9/0, rev 1.00/1.00, addr 1\u003e on usbus0\nugen1.1: \u003c0x1166\u003e at usbus1\nuhub1: \u003c0x1166 OHCI root HUB, class 9/0, rev 1.00/1.00, addr 1\u003e on usbus1\nusbus2: 480Mbps High Speed USB v2.0\nata2: hard reset ...\nugen2.1: \u003c0x1166\u003e at usbus2\nuhub2: \u003c0x1166 EHCI root HUB, class 9/0, rev 2.00/1.00, addr 1\u003e on usbus2\nata2: SATA connect time=0ms status=00000113\nata2: reset tp1 mask=01 ostat0=50 ostat1=00\nuhub0: 2 ports with 2 removable, self powered\nuhub1: 2 ports with 2 removable, self powered\nata2: stat0=0x50 err=0x01 lsb=0x00 msb=0x00\nata2: reset tp2 stat0=50 stat1=00 devices=0x1\nata3: hard reset ...\nata3: SATA connect time=0ms status=00000113\nata3: reset tp1 mask=01 ostat0=50 ostat1=00\nata3: stat0=0x50 err=0x01 lsb=0x00 msb=0x00\nata3: reset tp2 stat0=50 stat1=00 devices=0x1\nata4: hard reset ...\nata4: SATA connect time=0ms status=00000113\nata4: reset tp1 mask=01 ostat0=50 ostat1=00\nata4: stat0=0x50 err=0x01 lsb=0x00 msb=0x00\nata4: reset tp2 stat0=50 stat1=00 devices=0x1\nata5: hard reset ...\nata5: SATA connect time=0ms status=00000113\nata5: reset tp1 mask=01 ostat0=50 ostat1=00\nata5: stat0=0x50 err=0x01 lsb=0x00 msb=0x00\nata5: reset tp2 stat0=50 stat1=00 devices=0x1\nata0: reset tp1 mask=02 ostat0=ff ostat1=50\nata0: stat1=0x00 err=0x01 lsb=0x14 msb=0xeb\nata0: reset tp2 stat0=00 stat1=00 devices=0x20000\nata1: reset tp1 mask=00 ostat0=ff ostat1=ff\npass0 at ata2 bus 0 scbus0 target 0 lun 0\ncd0 at ata0 bus 0 scbus4 target 1 lun 0\ncd0: \u003cTEAC DV-28E-V 1.AB\u003e Removable CD-ROM SCSI-0 device\ncd0: 33.300MB/s transfers (UDMA2, ATAPI 12bytes, PIO 65534bytes)\ncd0: cd present [327713 x 2048 byte records]\nGEOM: new disk cd0\npass0: \u003cST3500630NS 3.AEK\u003e ATA-7 SATA 1.x device\npass0: Serial Number 5QG2LHZF\npass0: 150.000MB/s transfers (SATA 1.x, UDMA5, PIO 8192bytes)\npass1 at ata3 bus 0 scbus1 target 0 lun 0\npass1: \u003cST3500630NS 3.AEK\u003e ATA-7 SATA 1.x device\npass1: Serial Number 5QG2HTBW\npass1: 150.000MB/s transfers (SATA 1.x, UDMA5, PIO 8192bytes)\npass2 at ata4 bus 0 scbus2 target 0 lun 0\nuhub2: 4 ports with 4 removable, self powered\npass2: \u003cST3500630NS 3.AEK\u003e ATA-7 SATA 1.x device\npass2: Serial Number 5QG2LGTV\npass2: 150.000MB/s transfers (SATA 1.x, UDMA5, PIO 8192bytes)\npass3 at ata5 bus 0 scbus3 target 0 lun 0\npass3: \u003cST3500630NS 3.AEK\u003e ATA-7 SATA 1.x device\npass3: Serial Number 5QG2JRV9\npass3: 150.000MB/s transfers (SATA 1.x, UDMA5, PIO 8192bytes)\npass4 at ata0 bus 0 scbus4 target 1 lun 0\npass4: \u003cTEAC DV-28E-V 1.AB\u003e Removable CD-ROM SCSI-0 device\npass4: 33.300MB/s transfers (UDMA2, ATAPI 12bytes, PIO 65534bytes)\nada0 at ata2 bus 0 scbus0 target 0 lun 0\nada0: \u003cST3500630NS 3.AEK\u003e ATA-7 SATA 1.x device\nada0: Serial Number 5QG2LHZF\nada0: 150.000MB/s transfers (SATA 1.x, UDMA5, PIO 8192bytes)\nada0: 476940MB (976773168 512 byte sectors: 16H 63S/T 16383C)\nada0: Previously was known as ad4\nada1 at ata3 bus 0 scbus1 target 0 lun 0\nada1: \u003cST3500630NS 3.AEK\u003e ATA-7 SATA 1.x device\nada1: Serial Number 5QG2HTBW\nada1: 150.000MB/s transfers (SATA 1.x, UDMA5, PIO 8192bytes)\nada1: 476940MB (976773168 512 byte sectors: 16H 63S/T 16383C)\nada1: Previously was known as ad6\nada2 at ata4 bus 0 scbus2 target 0 lun 0\nada2: \u003cST3500630NS 3.AEK\u003e ATA-7 SATA 1.x device\nada2: Serial Number 5QG2LGTV\nada2: 150.000MB/s transfers (SATA 1.x, UDMA5, PIO 8192bytes)\nada2: 476940MB (976773168 512 byte sectors: 16H 63S/T 16383C)\nada2: Previously was known as ad8\nada3 at ata5 bus 0 scbus3 target 0 lun 0\nada3: \u003cST3500630NS 3.AEK\u003e ATA-7 SATA 1.x device\nada3: Serial Number 5QG2JRV9\nada3: 150.000MB/s transfers (SATA 1.x, UDMA5, PIO 8192bytes)\nada3: 476940MB (976773168 512 byte sectors: 16H 63S/T 16383C)\nada3: Previously was known as ad10\nSMP: AP CPU #1 Launched!\ncpu1 AP:\n     ID: 0x01000000   VER: 0x80050010 LDR: 0x00000000 DFR: 0xffffffff\n  lint0: 0x00010700 lint1: 0x00000400 TPR: 0x00000000 SVR: 0x000001ff\n  timer: 0x000100ef therm: 0x00010000 err: 0x000000f0 pmc: 0x00010400\nSMP: AP CPU #2 Launched!\ncpu2 AP:\n     ID: 0x02000000   VER: 0x80050010 LDR: 0x00000000 DFR: 0xffffffff\n  lint0: 0x00010700 lint1: 0x00000400 TPR: 0x00000000 SVR: 0x000001ff\n  timer: 0x000100ef therm: 0x00010000 err: 0x000000f0 pmc: 0x00010400\nSMP: AP CPU #3 Launched!\ncpu3 AP:\n     ID: 0x03000000   VER: 0x80050010 LDR: 0x00000000 DFR: 0xffffffff\n  lint0: 0x00010700 lint1: 0x00000400 TPR: 0x00000000 SVR: 0x000001ff\n  timer: 0x000100ef therm: 0x00010000 err: 0x000000f0 pmc: 0x00010400\nioapic0: routing intpin 1 (ISA IRQ 1) to lapic 1 vector 48\nioapic0: routing intpin 4 (ISA IRQ 4) to lapic 2 vector 48\nioapic0: routing intpin 9 (ISA IRQ 9) to lapic 3 vector 48\nioapic0: routing intpin 11 (ISA IRQ 11) to lapic 1 vector 49\nioapic0: routing intpin 14 (ISA IRQ 14) to lapic 2 vector 49\nioapic0: routing intpin 15 (ISA IRQ 15) to lapic 3 vector 49\nmsi: Assigning MSI IRQ 256 to local APIC 1 vector 50\nmsi: Assigning MSI IRQ 257 to local APIC 2 vector 50\nTSC timecounter discards lower 1 bit(s)\nTimecounter \"TSC-low\" frequency 1396528103 Hz quality -100\nugen1.2: \u003cLogitech\u003e at usbus1\nukbd0: \u003cLogitech USB Receiver, class 0/0, rev 2.00/12.03, addr 2\u003e on usbus1\nkbd2 at ukbd0\nkbd2: ukbd0, generic (0), config:0x0, flags:0x3d0000\nums0: \u003cLogitech USB Receiver, class 0/0, rev 2.00/12.03, addr 2\u003e on usbus1\nums0: 16 buttons and [XYZT] coordinates ID=2\nuhid0: \u003cLogitech USB Receiver, class 0/0, rev 2.00/12.03, addr 2\u003e on usbus1\nGEOM: new disk ada0\nGEOM: new disk ada1\nGEOM: new disk ada2\nGEOM: new disk ada3\nTrying to mount root from cd9660:/dev/iso9660/FREEBSD_INSTALL [ro]...\ncd9660: RockRidge Extension\nstart_init: trying /sbin/init\nEntropy harvesting: interrupts ethernet point_to_point kickstart.\nStarting file system checks:\nMounting local file systems:.\n/etc/rc: WARNING: $hostname is not set -- see rc.conf(5).\nStarting Network: lo0 fxp0 bge0 bge1.\nlo0: flags=8049\u003cUP,LOOPBACK,RUNNING,MULTICAST\u003e metric 0 mtu 16384\n        options=600003\u003cRXCSUM,TXCSUM,RXCSUM_IPV6,TXCSUM_IPV6\u003e\n        inet6 ::1 prefixlen 128\n        inet6 fe80::1%lo0 prefixlen 64 scopeid 0x7\n        inet 127.0.0.1 netmask 0xff000000\n        nd6 options=21\u003cPERFORMNUD,AUTO_LINKLOCAL\u003e\nfxp0fxp0: link state changed to DOWN\n: flags=8802\u003cBROADCAST,SIMPLEX,MULTICAST\u003e metric 0 mtu 1500\n        options=4219b\u003cRXCSUM,TXCSUM,VLAN_MTU,VLAN_HWTAGGING,VLAN_HWCSUM,TSO4,WOL_MAGIC,VLAN_HWTSO\u003e\n        ether 00:e0:81:4d:5e:c8\n        nd6 options=29\u003cPERFORMNUD,IFDISABLED,AUTO_LINKLOCAL\u003e\n        media: Ethernet autoselect (none)\n        status: no carrier\nbge0: flags=8802\u003cBROADCAST,SIMPLEX,MULTICAST\u003e metric 0 mtu 1500\n        options=8009b\u003cRXCSUM,TXCSUM,VLAN_MTU,VLAN_HWTAGGING,VLAN_HWCSUM,LINKSTATE\u003e\n        ether 00:e0:81:4d:21:ec\n        nd6 options=29\u003cPERFORMNUD,IFDISABLED,AUTO_LINKLOCAL\u003e\n        media: Ethernet autoselect\nbge1: flags=8802\u003cBROADCAST,SIMPLEX,MULTICAST\u003e metric 0 mtu 1500\n        options=8009b\u003cRXCSUM,TXCSUM,VLAN_MTU,VLAN_HWTAGGING,VLAN_HWCSUM,LINKSTATE\u003e\n        ether 00:e0:81:4d:21:ed\n        nd6 options=29\u003cPERFORMNUD,IFDISABLED,AUTO_LINKLOCAL\u003e\n        media: Ethernet autoselect\nStarting devd.\nStarting Network: fxp0.\nfxp0: flags=8802\u003cBROADCAST,SIMPLEX,MULTICAST\u003e metric 0 mtu 1500\n        options=4219b\u003cRXCSUM,TXCSUM,VLAN_MTU,VLAN_HWTAGGING,VLAN_HWCSUM,TSO4,WOL_MAGIC,VLAN_HWTSO\u003e\n        ether 00:e0:81:4d:5e:c8\n        nd6 options=29\u003cPERFORMNUD,IFDISABLED,AUTO_LINKLOCAL\u003e\n        media: Ethernet autoselect (none)\n        status: no carrier\nStarting Network: bge0.\nbge0: flags=8802\u003cBROADCAST,SIMPLEX,MULTICAST\u003e metric 0 mtu 1500\n        options=8009b\u003cRXCSUM,TXCSUM,VLAN_MTU,VLAN_HWTAGGING,VLAN_HWCSUM,LINKSTATE\u003e\n        ether 00:e0:81:4d:21:ec\n        nd6 options=29\u003cPERFORMNUD,IFDISABLED,AUTO_LINKLOCAL\u003e\n        media: Ethernet autoselect\nStarting Network: bge1.\nbge1: flags=8802\u003cBROADCAST,SIMPLEX,MULTICAST\u003e metric 0 mtu 1500\n        options=8009b\u003cRXCSUM,TXCSUM,VLAN_MTU,VLAN_HWTAGGING,VLAN_HWCSUM,LINKSTATE\u003e\n        ether 00:e0:81:4d:21:ed\n        nd6 options=29\u003cPERFORMNUD,IFDISABLED,AUTO_LINKLOCAL\u003e\n        media: Ethernet autoselect\nStarting ums0 moused.\nadd net fe80::: gateway ::1\nadd net ff02::: gateway ::1\nadd net ::ffff:0.0.0.0: gateway ::1\nadd net ::0.0.0.0: gateway ::1\nGenerating host.conf.\neval: cannot create /etc/host.conf: Read-only file system\neval: cannot create /etc/host.conf: Read-only file system\neval: cannot create /etc/host.conf: Read-only file system\nCreating and/or trimming log files.\nStarting syslogd.\nELF ldconfig path: /lib /usr/lib /usr/lib/compat\n32-bit compatibility ldconfig path: /usr/lib32\nClearing /tmp (X related).\nStarting local daemons:\nWelcome to FreeBSD!\n\nPlease choose the appropriate terminal type for your system.\nCommon console types are:\n   ansi     Standard ANSI terminal\n   vt100    VT100 or compatible terminal\n   xterm    xterm terminal emulator (or compatible)\n   cons25w  cons25w terminal\n\nConsole type [vt100]:"
}