{
 "id": 812393,
 "bug_id": 198062,
 "attachment_id": 0,
 "creation_time": "2015-02-26T20:34:35Z",
 "creator": "gmc@metro.cx",
 "text": "dmesg from the 9.3 install:\n\nCopyright (c) 1992-2014 The FreeBSD Project.\nCopyright (c) 1979, 1980, 1983, 1986, 1988, 1989, 1991, 1992, 1993, 1994\n\tThe Regents of the University of California. All rights reserved.\nFreeBSD is a registered trademark of The FreeBSD Foundation.\nFreeBSD 9.3-RELEASE-p10 #0: Tue Feb 24 21:28:03 UTC 2015\n    root@amd64-builder.daemonology.net:/usr/obj/usr/src/sys/GENERIC amd64\ngcc version 4.2.1 20070831 patched [FreeBSD]\nCPU: Dual-Core AMD Opteron(tm) Processor 2218 (2593.56-MHz K8-class CPU)\n  Origin = \"AuthenticAMD\"  Id = 0x40f12  Family = 0xf  Model = 0x41  Stepping = 2\n  Features=0x178bfbff\u003cFPU,VME,DE,PSE,TSC,MSR,PAE,MCE,CX8,APIC,SEP,MTRR,PGE,MCA,CMOV,PAT,PSE36,CLFLUSH,MMX,FXSR,SSE,SSE2,HTT\u003e\n  Features2=0x2001\u003cSSE3,CX16\u003e\n  AMD Features=0xea500800\u003cSYSCALL,NX,MMX+,FFXSR,RDTSCP,LM,3DNow!+,3DNow!\u003e\n  AMD Features2=0x1f\u003cLAHF,CMP,SVM,ExtAPIC,CR8\u003e\nreal memory  = 5368709120 (5120 MB)\navail memory = 4082487296 (3893 MB)\nEvent timer \"LAPIC\" quality 400\nACPI APIC Table: \u003c110508 APIC1625\u003e\nFreeBSD/SMP: Multiprocessor System Detected: 4 CPUs\nFreeBSD/SMP: 2 package(s) x 2 core(s)\n cpu0 (BSP): APIC ID:  0\n cpu1 (AP): APIC ID:  1\n cpu2 (AP): APIC ID:  2\n cpu3 (AP): APIC ID:  3\nMADT: Forcing active-low polarity and level trigger for SCI\nioapic0 \u003cVersion 1.1\u003e irqs 0-15 on motherboard\nioapic1 \u003cVersion 1.1\u003e irqs 16-31 on motherboard\nioapic2 \u003cVersion 1.1\u003e irqs 32-47 on motherboard\nkbd1 at kbdmux0\nacpi0: \u003c110508 XSDT1625\u003e on motherboard\nacpi0: Power Button (fixed)\nacpi0: Sleep Button (fixed)\nacpi0: reservation of 0, a0000 (3) failed\nacpi0: reservation of 100000, bff00000 (3) failed\ncpu0: \u003cACPI CPU\u003e on acpi0\ncpu1: \u003cACPI CPU\u003e on acpi0\ncpu2: \u003cACPI CPU\u003e on acpi0\ncpu3: \u003cACPI CPU\u003e on acpi0\nattimer0: \u003cAT timer\u003e port 0x40-0x43 irq 0 on acpi0\nTimecounter \"i8254\" frequency 1193182 Hz quality 0\nEvent timer \"i8254\" frequency 1193182 Hz quality 100\natrtc0: \u003cAT realtime clock\u003e port 0x70-0x71 irq 8 on acpi0\nEvent timer \"RTC\" frequency 32768 Hz quality 0\nhpet0: \u003cHigh Precision Event Timer\u003e iomem 0xfed00000-0xfed003ff on acpi0\nhpet0: HPET never increments, disabling\ndevice_attach: hpet0 attach returned 6\nTimecounter \"ACPI-fast\" frequency 3579545 Hz quality 900\nacpi_timer0: \u003c32-bit timer at 3.579545MHz\u003e port 0x508-0x50b on acpi0\npcib0: \u003cACPI Host-PCI bridge\u003e port 0xcf8-0xcff on acpi0\npci0: \u003cACPI PCI bus\u003e on pcib0\npcib1: \u003cACPI PCI-PCI bridge\u003e at device 1.0 on pci0\npci7: \u003cACPI PCI bus\u003e on pcib1\npcib2: \u003cACPI PCI-PCI bridge\u003e at device 13.0 on pci7\npci8: \u003cACPI PCI bus\u003e on pcib2\natapci0: \u003cServerWorks HT1000 SATA150 controller\u003e port 0xb080-0xb087,0xb000-0xb003,0xac00-0xac07,0xa880-0xa883,0xa800-0xa80f mem 0xff5fe000-0xff5fffff irq 11 at device 14.0 on pci7\nata2: \u003cATA channel\u003e at channel 0 on atapci0\nata3: \u003cATA channel\u003e at channel 1 on atapci0\nata4: \u003cATA channel\u003e at channel 2 on atapci0\nata5: \u003cATA channel\u003e at channel 3 on atapci0\natapci1: \u003cServerWorks HT1000 SATA150 controller\u003e port 0xbc00-0xbc07,0xb880-0xb883,0xb800-0xb807,0xb480-0xb483,0xb400-0xb40f irq 11 at device 14.1 on pci7\ndevice_attach: atapci1 attach returned 6\natapci1: \u003cServerWorks HT1000 UDMA100 controller\u003e port 0x1f0-0x1f7,0x3f6,0x170-0x177,0x376,0xffa0-0xffaf at device 2.1 on pci0\nata0: \u003cATA channel\u003e at channel 0 on atapci1\nata1: \u003cATA channel\u003e at channel 1 on atapci1\nisab0: \u003cPCI-ISA bridge\u003e at device 2.2 on pci0\nisa0: \u003cISA bus\u003e on isab0\nohci0: \u003cOHCI (generic) USB controller\u003e port 0xd400-0xd4ff mem 0xff6e4000-0xff6e4fff irq 10 at device 3.0 on pci0\nusbus0 on ohci0\nohci1: \u003cOHCI (generic) USB controller\u003e port 0xd800-0xd8ff mem 0xff6e5000-0xff6e5fff irq 10 at device 3.1 on pci0\nusbus1 on ohci1\nehci0: \u003cEHCI (generic) USB 2.0 controller\u003e port 0xe800-0xe8ff mem 0xff6e6000-0xff6e6fff irq 10 at device 3.2 on pci0\nusbus2: EHCI version 1.0\nusbus2 on ehci0\nfxp0: \u003cIntel 82551 Pro/100 Ethernet\u003e port 0xec00-0xec3f mem 0xff6e7000-0xff6e7fff,0xff6a0000-0xff6bffff irq 16 at device 4.0 on pci0\nmiibus0: \u003cMII bus\u003e on fxp0\ninphy0: \u003ci82555 10/100 media interface\u003e PHY 1 on miibus0\ninphy0:  10baseT, 10baseT-FDX, 100baseTX, 100baseTX-FDX, auto, auto-flow\nfxp0: Ethernet address: 00:e0:81:4b:d8:44\npcib3: \u003cACPI PCI-PCI bridge\u003e at device 6.0 on pci0\npci6: \u003cACPI PCI bus\u003e on pcib3\npcib4: \u003cACPI PCI-PCI bridge\u003e at device 7.0 on pci0\npci5: \u003cACPI PCI bus\u003e on pcib4\nbge0: \u003cBroadcom NetXtreme Gigabit Ethernet Controller, ASIC rev. 0x008003\u003e mem 0xff4d0000-0xff4dffff,0xff4c0000-0xff4cffff irq 26 at device 4.0 on pci5\nbge0: CHIP ID 0x00008003; ASIC REV 0x08; CHIP REV 0x80; PCI-X 133 MHz\nmiibus1: \u003cMII bus\u003e on bge0\nbrgphy0: \u003cBCM5780 1000BASE-T media interface\u003e PHY 1 on miibus1\nbrgphy0:  10baseT, 10baseT-FDX, 100baseTX, 100baseTX-FDX, 1000baseT, 1000baseT-master, 1000baseT-FDX, 1000baseT-FDX-master, auto, auto-flow\nbge0: Ethernet address: 00:e0:81:4b:d8:76\nbge1: \u003cBroadcom NetXtreme Gigabit Ethernet Controller, ASIC rev. 0x008003\u003e mem 0xff4f0000-0xff4fffff,0xff4e0000-0xff4effff irq 27 at device 4.1 on pci5\nbge1: CHIP ID 0x00008003; ASIC REV 0x08; CHIP REV 0x80; PCI-X 133 MHz\nmiibus2: \u003cMII bus\u003e on bge1\nbrgphy1: \u003cBCM5780 1000BASE-T media interface\u003e PHY 1 on miibus2\nbrgphy1:  10baseT, 10baseT-FDX, 100baseTX, 100baseTX-FDX, 1000baseT, 1000baseT-master, 1000baseT-FDX, 1000baseT-FDX-master, auto, auto-flow\nbge1: Ethernet address: 00:e0:81:4b:d8:77\npcib5: \u003cACPI PCI-PCI bridge\u003e at device 8.0 on pci0\npci4: \u003cACPI PCI bus\u003e on pcib5\n3ware device driver for 9000 series storage controllers, version: 3.80.06.003\ntwa0: \u003c3ware 9000 series Storage Controller\u003e port 0x9800-0x98ff mem 0xcc000000-0xcdffffff,0xff3ff000-0xff3fffff irq 28 at device 0.0 on pci4\ntwa0: INFO: (0x15: 0x1300): Controller details:: Model 9650SE-2LP, 2 ports, Firmware FE9X 3.08.00.016, BIOS BE9X 3.08.00.004\npcib6: \u003cACPI PCI-PCI bridge\u003e at device 9.0 on pci0\npci3: \u003cACPI PCI bus\u003e on pcib6\npcib7: \u003cACPI PCI-PCI bridge\u003e at device 10.0 on pci0\npci2: \u003cACPI PCI bus\u003e on pcib7\npcib8: \u003cACPI PCI-PCI bridge\u003e at device 11.0 on pci0\npci1: \u003cACPI PCI bus\u003e on pcib8\nvgapci0: \u003cVGA-compatible display\u003e port 0xe000-0xe0ff mem 0xd8000000-0xdfffffff,0xff6f0000-0xff6fffff at device 12.0 on pci0\nvgapci0: Boot video device\nacpi_button0: \u003cPower Button\u003e on acpi0\nuart0: \u003c16550 or compatible\u003e port 0x3f8-0x3ff irq 4 flags 0x10 on acpi0\nuart1: \u003c16550 or compatible\u003e port 0x2f8-0x2ff irq 3 on acpi0\nfdc0: \u003cfloppy drive controller (FDE)\u003e port 0x3f0-0x3f5,0x3f7 irq 6 drq 2 on acpi0\norm0: \u003cISA Option ROMs\u003e at iomem 0xc0000-0xc8fff,0xc9000-0xcafff on isa0\nsc0: \u003cSystem console\u003e at flags 0x100 on isa0\nsc0: VGA \u003c16 virtual consoles, flags=0x300\u003e\nvga0: \u003cGeneric ISA VGA\u003e at port 0x3c0-0x3df iomem 0xa0000-0xbffff on isa0\natkbdc0: \u003cKeyboard controller (i8042)\u003e at port 0x60,0x64 on isa0\natkbd0: \u003cAT Keyboard\u003e irq 1 on atkbdc0\nkbd0 at atkbd0\natkbd0: [GIANT-LOCKED]\nppc0: cannot reserve I/O port range\npowernow0: \u003cPowerNow! K8\u003e on cpu0\ndevice_attach: powernow0 attach returned 6\npowernow1: \u003cPowerNow! K8\u003e on cpu1\ndevice_attach: powernow1 attach returned 6\npowernow2: \u003cPowerNow! K8\u003e on cpu2\ndevice_attach: powernow2 attach returned 6\npowernow3: \u003cPowerNow! K8\u003e on cpu3\ndevice_attach: powernow3 attach returned 6\nTimecounters tick every 1.000 msec\nusbus0: 12Mbps Full Speed USB v1.0\nusbus1: 12Mbps Full Speed USB v1.0\nusbus2: 480Mbps High Speed USB v2.0\nugen0.1: \u003c0x1166\u003e at usbus0\nuhub0: \u003c0x1166 OHCI root HUB, class 9/0, rev 1.00/1.00, addr 1\u003e on usbus0\nugen1.1: \u003c0x1166\u003e at usbus1\nuhub1: \u003c0x1166 OHCI root HUB, class 9/0, rev 1.00/1.00, addr 1\u003e on usbus1\nugen2.1: \u003c0x1166\u003e at usbus2\nuhub2: \u003c0x1166 EHCI root HUB, class 9/0, rev 2.00/1.00, addr 1\u003e on usbus2\nuhub0: 2 ports with 2 removable, self powered\nuhub1: 2 ports with 2 removable, self powered\nuhub2: 4 ports with 4 removable, self powered\nugen1.2: \u003cDell\u003e at usbus1\nukbd0: \u003cEP1 Interrupt\u003e on usbus1\nkbd2 at ukbd0\nda0 at twa0 bus 0 scbus6 target 0 lun 0\nda0: \u003cAMCC 9650SE-2LP DISK 3.08\u003e Fixed Direct Access SCSI-5 device \nda0: Serial Number J3XXNE6UEF721C00D8DE\nda0: 100.000MB/s transfers\nda0: 953664MB (1953103872 512 byte sectors: 255H 63S/T 121575C)\ncd0 at ata0 bus 0 scbus4 target 0 lun 0\ncd0: \u003cTSSTcorp CDDVDW SH-S202J SB01\u003e Removable CD-ROM SCSI-0 device \ncd0: 66.700MB/s transfers (UDMA4, ATAPI 12bytes, PIO 65534bytes)\ncd0: Attempt to query device size failed: NOT READY, Medium not present - tray closed\nSMP: AP CPU #1 Launched!\nSMP: AP CPU #2 Launched!\nSMP: AP CPU #3 Launched!\nTrying to mount root from ufs:/dev/da0p2 [rw]..."
}