{
 "id": 857852,
 "bug_id": 198062,
 "attachment_id": 0,
 "creation_time": "2016-01-08T00:53:54Z",
 "creator": "jhkingsr@gmail.com",
 "text": "Okay... installed bmake... did a make -D ALWAYS_CHECK_MAKE kernel-toolchain which went smoothly... did a make -D ALWAYS_CHECK_MAKE buildkernel which resulted in\n\n--------------------------------------------------------------\n\u003e\u003e\u003e Kernel build for GENERIC completed on Thu Jan  7 19:08:27 EST 2016\n--------------------------------------------------------------\n\nHere's the results of the boot.\n\nOK boot -v\n/boot/test/kernel text=0xfd24a8 data=0x128030+0x207c00 syms=[0x8+0x145f20+0x8+0x160160]\nBooting...\nTable 'FACP' at 0xbfff0290\nTable 'APIC' at 0xbfff0390\nAPIC: Found table at 0xbfff0390\nAPIC: Using the MADT enumerator.\nMADT: Found CPU APIC ID 0 ACPI ID 1: enabled\nSMP: Added CPU 0 (AP)\nMADT: Found CPU APIC ID 1 ACPI ID 2: enabled\nSMP: Added CPU 1 (AP)\nMADT: Found CPU APIC ID 2 ACPI ID 3: enabled\nSMP: Added CPU 2 (AP)\nMADT: Found CPU APIC ID 3 ACPI ID 4: enabled\nSMP: Added CPU 3 (AP)\nMADT: Found CPU APIC ID 132 ACPI ID 5: disabled\nMADT: Found CPU APIC ID 133 ACPI ID 6: disabled\nMADT: Found CPU APIC ID 134 ACPI ID 7: disabled\nMADT: Found CPU APIC ID 135 ACPI ID 8: disabled\nMADT: Found CPU APIC ID 136 ACPI ID 9: disabled\nMADT: Found CPU APIC ID 137 ACPI ID 10: disabled\nMADT: Found CPU APIC ID 138 ACPI ID 11: disabled\nMADT: Found CPU APIC ID 139 ACPI ID 12: disabled\nCopyright (c) 1992-2016 The FreeBSD Project.\nCopyright (c) 1979, 1980, 1983, 1986, 1988, 1989, 1991, 1992, 1993, 1994\n        The Regents of the University of California. All rights reserved.\nFreeBSD is a registered trademark of The FreeBSD Foundation.\nFreeBSD 10.2-STABLE #0 f8f7719(pr_198062): Thu Jan  7 18:51:34 EST 2016\n    storm@netsys9.isolan.itsmine.com:/usr/obj/ufs/pr_198062-git/freebsd/sys/GENERIC amd64\nFreeBSD clang version 3.4.1 (tags/RELEASE_34/dot1-final 208032) 20140512\nPreloaded elf kernel \"/boot/test/kernel\" at 0xffffffff819aa000.\nCalibrating TSC clock ... TSC clock: 2793054123 Hz\nCPU: Dual-Core AMD Opteron(tm) Processor 2220 (2793.05-MHz K8-class CPU)\n  Origin=\"AuthenticAMD\"  Id=0x40f13  Family=0xf  Model=0x41  Stepping=3\n  Features=0x178bfbff\u003cFPU,VME,DE,PSE,TSC,MSR,PAE,MCE,CX8,APIC,SEP,MTRR,PGE,MCA,CMOV,PAT,PSE36,CLFLUSH,MMX,FXSR,SSE,SSE2,HTT\u003e\n  Features2=0x2001\u003cSSE3,CX16\u003e\n  AMD Features=0xea500800\u003cSYSCALL,NX,MMX+,FFXSR,RDTSCP,LM,3DNow!+,3DNow!\u003e\n  AMD Features2=0x1f\u003cLAHF,CMP,SVM,ExtAPIC,CR8\u003e\n  SVM: Features=0x0\nRevision=1, ASIDs=64\nL1 2MB data TLB: 8 entries, fully associative\nL1 2MB instruction TLB: 8 entries, fully associative\nL1 4KB data TLB: 32 entries, fully associative\nL1 4KB instruction TLB: 32 entries, fully associative\nL1 data cache: 64 kbytes, 64 bytes/line, 1 lines/tag, 2-way associative\nL1 instruction cache: 64 kbytes, 64 bytes/line, 1 lines/tag, 2-way associative\nL2 2MB unified TLB: 0 entries, disabled/not present\nL2 4KB data TLB: 512 entries, 4-way associative\nL2 4KB instruction TLB: 512 entries, 4-way associative\nL2 unified cache: 1024 kbytes, 64 bytes/line, 1 lines/tag, 16-way associative\nreal memory  = 4294967296 (4096 MB)\nPhysical memory chunk(s):\n0x0000000000010000 - 0x000000000009bfff, 573440 bytes (140 pages)\n0x0000000000100000 - 0x00000000001fffff, 1048576 bytes (256 pages)\n0x00000000019eb000 - 0x00000000b7d60fff, 3057082368 bytes (746358 pages)\n0x0000000100000000 - 0x000000013ffe7fff, 1073643520 bytes (262120 pages)\navail memory = 4103352320 (3913 MB)\nEvent timer \"LAPIC\" quality 400\nACPI APIC Table: \u003c062309 APIC1333\u003e\nINTR: Adding local APIC 1 as a target\nINTR: Adding local APIC 2 as a target\nINTR: Adding local APIC 3 as a target\nFreeBSD/SMP: Multiprocessor System Detected: 4 CPUs\nFreeBSD/SMP: 2 package(s) x 2 core(s)\n cpu0 (BSP): APIC ID:  0\n cpu1 (AP): APIC ID:  1\n cpu2 (AP): APIC ID:  2\n cpu3 (AP): APIC ID:  3\nAPIC: CPU 0 has ACPI ID 1\nAPIC: CPU 1 has ACPI ID 2\nAPIC: CPU 2 has ACPI ID 3\nAPIC: CPU 3 has ACPI ID 4\nx86bios:  IVT 0x000000-0x0004ff at 0xfffff80000000000\nx86bios: SSEG 0x098000-0x098fff at 0xfffffe011bbc0000\nx86bios: EBDA 0x09f000-0x09ffff at 0xfffff8000009f000\nx86bios:  ROM 0x0a0000-0x0fefff at 0xfffff800000a0000\nXEN: CPU 0 has VCPU ID 1\nXEN: CPU 1 has VCPU ID 2\nXEN: CPU 2 has VCPU ID 3\nXEN: CPU 3 has VCPU ID 4\nrandom device not loaded; using insecure entropy\nULE: setup cpu 0\nULE: setup cpu 1\nULE: setup cpu 2\nULE: setup cpu 3\nACPI: RSDP 0x00000000000F8F90 000024 (v02 ACPIAM)\nACPI: XSDT 0x00000000BFFF0100 00004C (v01 062309 XSDT1333 20090623 MSFT 00000097)\nACPI: FACP 0x00000000BFFF0290 0000F4 (v03 062309 FACP1333 20090623 MSFT 00000097)\nACPI BIOS Warning (bug): 32/64X length mismatch in FADT/Gpe1Block: 96/64 (20150515/tbfadt-644)\nACPI: DSDT 0x00000000BFFF04E0 00370B (v01 0AAAB  0AAAB001 00000001 INTL 02002026)\nACPI: FACS 0x00000000BFFFE000 000040\nACPI: APIC 0x00000000BFFF0390 000102 (v01 062309 APIC1333 20090623 MSFT 00000097)\nACPI: OEMB 0x00000000BFFFE040 000056 (v01 062309 OEMB1333 20090623 MSFT 00000097)\nACPI: SRAT 0x00000000BFFF3BF0 0000E8 (v01 AMD    FAM_F_10 00000002 AMD  00000001)\nACPI: SSDT 0x00000000BFFF3CE0 000574 (v01 A M I  POWERNOW 00000001 AMD  00000001)\nMADT: Found IO APIC ID 4, Interrupt 0 at 0xfec00000\nioapic0: Routing external 8259A's -\u003e intpin 0\nMADT: Found IO APIC ID 5, Interrupt 16 at 0xfec01000\nMADT: Found IO APIC ID 6, Interrupt 32 at 0xfec02000\nlapic0: Routing NMI -\u003e LINT1\nlapic0: LINT1 trigger: edge\nlapic0: LINT1 polarity: high\nlapic1: Routing NMI -\u003e LINT1\nlapic1: LINT1 trigger: edge\nlapic1: LINT1 polarity: high\nlapic2: Routing NMI -\u003e LINT1\nlapic2: LINT1 trigger: edge\nlapic2: LINT1 polarity: high\nlapic3: Routing NMI -\u003e LINT1\nlapic3: LINT1 trigger: edge\nlapic3: LINT1 polarity: high\nMADT: Ignoring local NMI routed to ACPI CPU 5\nMADT: Ignoring local NMI routed to ACPI CPU 6\nMADT: Ignoring local NMI routed to ACPI CPU 7\nMADT: Ignoring local NMI routed to ACPI CPU 8\nMADT: Ignoring local NMI routed to ACPI CPU 9\nMADT: Ignoring local NMI routed to ACPI CPU 10\nMADT: Ignoring local NMI routed to ACPI CPU 11\nMADT: Ignoring local NMI routed to ACPI CPU 12\nMADT: Interrupt override: source 0, irq 2\nioapic0: Routing IRQ 0 -\u003e intpin 2\nMADT: Forcing active-low polarity and level trigger for SCI\nioapic0: intpin 9 polarity: low\nioapic0: intpin 9 trigger: level\nioapic0 \u003cVersion 1.1\u003e irqs 0-15 on motherboard\nioapic1 \u003cVersion 1.1\u003e irqs 16-31 on motherboard\nioapic2 \u003cVersion 1.1\u003e irqs 32-47 on motherboard\ncpu0 BSP:\n     ID: 0x00000000   VER: 0x80050010 LDR: 0x00000000 DFR: 0xffffffff\n  lint0: 0x00010700 lint1: 0x00000400 TPR: 0x00000000 SVR: 0x000001ff\n  timer: 0x000100ef therm: 0x00010000 err: 0x000000f0 pmc: 0x00010400\nsnd_unit_init() u=0x00ff8000 [512] d=0x00007c00 [32] c=0x000003ff [1024]\nfeeder_register: snd_unit=-1 snd_maxautovchans=16 latency=5 feeder_rate_min=1 feeder_rate_max=2016000 feeder_rate_round=25\nwlan: \u003c802.11 Link Layer\u003e\nHardware, Intel Secure Key RNG: RDRAND is not present\nHardware, VIA Nehemiah Padlock RNG: VIA Padlock RNG not present\nnull: \u003cnull device, zero device\u003e\nnfslock: pseudo-device\nFalling back to \u003cSoftware, Yarrow\u003e random adaptor\nrandom: \u003cSoftware, Yarrow\u003e initialized\nVESA: INT 0x10 vector 0xc000:0x1734\nVESA: information block\n0000   56 45 53 41 00 02 00 01 00 99 01 00 00 00 22 00\n0010   00 99 00 02 00 01 0b 01 00 99 21 01 00 99 26 01\n0020   00 99 6a 00 02 01 04 01 82 01 0d 01 0e 01 0f 01\n0030   20 01 92 01 93 01 94 01 95 01 96 01 a2 01 a3 01\n0040   a4 01 a5 01 a6 01 b2 01 b3 01 b4 01 b5 01 b6 01\n0050   c2 01 c3 01 c4 01 c5 01 c6 01 00 01 83 01 84 01\n0060   85 01 86 01 01 01 10 01 11 01 12 01 21 01 03 01\n0070   13 01 14 01 15 01 22 01 05 01 16 01 17 01 18 01\n0080   23 01 07 01 19 01 1a 01 1b 01 24 01 09 01 0a 01\n0090   30 01 ff ff 00 00 00 00 00 00 00 00 00 00 00 00\n00a0   00 00 00 00 00 00 00 00 00 00 00 00 00 00 00 00\n00b0   00 00 00 00 00 00 00 00 00 00 00 00 00 00 00 00\n00c0   00 00 00 00 00 00 00 00 00 00 00 00 00 00 00 00\n00d0   00 00 00 00 00 00 00 00 00 00 00 00 00 00 00 00\n00e0   00 00 00 00 00 00 00 00 00 00 00 00 00 00 00 00\n00f0   00 00 00 00 00 00 00 00 00 00 00 00 00 00 00 00\n0100   41 54 49 20 45 53 31 30 30 30 00 41 54 49 20 54\n0110   65 63 68 6e 6f 6c 6f 67 69 65 73 20 49 6e 63 2e\n0120   00 52 4e 35 30 00 30 31 2e 30 30 00 00 00 00 00\n0130   00 00 00 00 00 00 00 00 00 00 00 00 00 00 00 00\n0140   00 00 00 00 00 00 00 00 00 00 00 00 00 00 00 00\n0150   00 00 00 00 00 00 00 00 00 00 00 00 00 00 00 00\n0160   00 00 00 00 00 00 00 00 00 00 00 00 00 00 00 00\n0170   00 00 00 00 00 00 00 00 00 00 00 00 00 00 00 00\n0180   00 00 00 00 00 00 00 00 00 00 00 00 00 00 00 00\n0190   00 00 00 00 00 00 00 00 00 00 00 00 00 00 00 00\n01a0   00 00 00 00 00 00 00 00 00 00 00 00 00 00 00 00\n01b0   00 00 00 00 00 00 00 00 00 00 00 00 00 00 00 00\n01c0   00 00 00 00 00 00 00 00 00 00 00 00 00 00 00 00\n01d0   00 00 00 00 00 00 00 00 00 00 00 00 00 00 00 00\n01e0   00 00 00 00 00 00 00 00 00 00 00 00 00 00 00 00\n01f0   00 00 00 00 00 00 00 00 00 00 00 00 00 00 00 00\nVESA: 56 mode(s) found\nVESA: v2.0, 32768k memory, flags:0x1, mode table:0xfffffe011bbfd022 (99000022)\nVESA: ATI ES1000\nVESA: ATI Technologies Inc. RN50 01.00\nio: \u003cI/O\u003e\nVMBUS: load\nkbd: new array size 4\nkbd1 at kbdmux0\nmem: \u003cmemory\u003e\nhptnr: R750/DC7280 controller driver v1.1.4\nhpt27xx: RocketRAID 27xx controller driver v1.2.7\nhptrr: RocketRAID 17xx/2xxx SATA controller driver v1.2\nacpi0: \u003c062309 XSDT1333\u003e on motherboard\nACPI: All ACPI Tables successfully acquired\nioapic0: routing intpin 9 (ISA IRQ 9) to lapic 0 vector 48\nACPI: Executed 1 blocks of module-level executable AML code\nacpi0: Power Button (fixed)\nacpi0: Sleep Button (fixed)\nacpi0: reservation of 0, a0000 (3) failed\nacpi0: reservation of 100000, bff00000 (3) failed\ncpu0: Processor \\_PR_.P001 (ACPI ID 1) -\u003e APIC ID 0\ncpu0: \u003cACPI CPU\u003e on acpi0\ncpu0: switching to generic Cx mode\ncpu1: Processor \\_PR_.P002 (ACPI ID 2) -\u003e APIC ID 1\ncpu1: \u003cACPI CPU\u003e on acpi0\ncpu2: Processor \\_PR_.P003 (ACPI ID 3) -\u003e APIC ID 2\ncpu2: \u003cACPI CPU\u003e on acpi0\ncpu3: Processor \\_PR_.P004 (ACPI ID 4) -\u003e APIC ID 3\ncpu3: \u003cACPI CPU\u003e on acpi0\nACPI: Processor \\_PR_.P005 (ACPI ID 5) ignored\nACPI: Processor \\_PR_.P006 (ACPI ID 6) ignored\nACPI: Processor \\_PR_.P007 (ACPI ID 7) ignored\nACPI: Processor \\_PR_.P008 (ACPI ID 8) ignored\nACPI: Processor \\_PR_.P009 (ACPI ID 9) ignored\nACPI: Processor \\_PR_.P00A (ACPI ID 10) ignored\nACPI: Processor \\_PR_.P00B (ACPI ID 11) ignored\nACPI: Processor \\_PR_.P00C (ACPI ID 12) ignored\nattimer0: \u003cAT timer\u003e port 0x40-0x43 irq 0 on acpi0\nTimecounter \"i8254\" frequency 1193182 Hz quality 0\nioapic0: routing intpin 2 (ISA IRQ 0) to lapic 0 vector 49\nEvent timer \"i8254\" frequency 1193182 Hz quality 100\natrtc0: \u003cAT realtime clock\u003e port 0x70-0x71 irq 8 on acpi0\natrtc0: registered as a time-of-day clock (resolution 1000000us, adjustment 0.500000000s)\nioapic0: routing intpin 8 (ISA IRQ 8) to lapic 0 vector 50\nEvent timer \"RTC\" frequency 32768 Hz quality 0\nhpet0: \u003cHigh Precision Event Timer\u003e iomem 0xfed00000-0xfed03fff on acpi0\nhpet0: vendor 0xffff, rev 0xff, 232831Hz 64bit, 32 timers, legacy route\nhpet0:  t0: irqs 0xffffffff (31), MSI, 64bit, periodic\nhpet0:  t1: irqs 0xffffffff (31), MSI, 64bit, periodic\nhpet0:  t2: irqs 0xffffffff (31), MSI, 64bit, periodic\nhpet0:  t3: irqs 0xffffffff (31), MSI, 64bit, periodic\nhpet0:  t4: irqs 0xffffffff (31), MSI, 64bit, periodic\nhpet0:  t5: irqs 0xffffffff (31), MSI, 64bit, periodic\nhpet0:  t6: irqs 0xffffffff (31), MSI, 64bit, periodic\nhpet0:  t7: irqs 0xffffffff (31), MSI, 64bit, periodic\nhpet0:  t8: irqs 0xffffffff (31), MSI, 64bit, periodic\nhpet0:  t9: irqs 0xffffffff (31), MSI, 64bit, periodic\nhpet0:  t10: irqs 0xffffffff (31), MSI, 64bit, periodic\nhpet0:  t11: irqs 0xffffffff (31), MSI, 64bit, periodic\nhpet0:  t12: irqs 0xffffffff (31), MSI, 64bit, periodic\nhpet0:  t13: irqs 0xffffffff (31), MSI, 64bit, periodic\nhpet0:  t14: irqs 0xffffffff (31), MSI, 64bit, periodic\nhpet0:  t15: irqs 0xffffffff (31), MSI, 64bit, periodic\nhpet0:  t16: irqs 0xffffffff (31), MSI, 64bit, periodic\nhpet0:  t17: irqs 0xffffffff (31), MSI, 64bit, periodic\nhpet0:  t18: irqs 0xffffffff (31), MSI, 64bit, periodic\nhpet0:  t19: irqs 0xffffffff (31), MSI, 64bit, periodic\nhpet0:  t20: irqs 0xffffffff (31), MSI, 64bit, periodic\nhpet0:  t21: irqs 0xffffffff (31), MSI, 64bit, periodic\nhpet0:  t22: irqs 0xffffffff (31), MSI, 64bit, periodic\nhpet0:  t23: irqs 0xffffffff (31), MSI, 64bit, periodic\nhpet0:  t24: irqs 0xffffffff (31), MSI, 64bit, periodic\nhpet0:  t25: irqs 0xffffffff (31), MSI, 64bit, periodic\nhpet0:  t26: irqs 0xffffffff (31), MSI, 64bit, periodic\nhpet0:  t27: irqs 0xffffffff (31), MSI, 64bit, periodic\nhpet0:  t28: irqs 0xffffffff (31), MSI, 64bit, periodic\nhpet0:  t29: irqs 0xffffffff (31), MSI, 64bit, periodic\nhpet0:  t30: irqs 0xffffffff (31), MSI, 64bit, periodic\nhpet0:  t31: irqs 0xffffffff (31), MSI, 64bit, periodic\nhpet0: HPET never increments, disabling\ndevice_attach: hpet0 attach returned 6\nACPI timer: 0/4 1/3 0/4 1/3 1/3 1/3 1/3 1/3 0/4 0/4 -\u003e 6\nTimecounter \"ACPI-safe\" frequency 3579545 Hz quality 850\nacpi_timer0: \u003c32-bit timer at 3.579545MHz\u003e port 0x508-0x50b on acpi0\npci_link0:        Index  IRQ  Rtd  Ref  IRQs\n  Initial Probe       0    9   N     0  3 4 5 7 9 11 12 14 15\n  Validation          0    9   N     0  3 4 5 7 9 11 12 14 15\n  After Disable       0  255   N     0  3 4 5 7 9 11 12 14 15\npci_link1:        Index  IRQ  Rtd  Ref  IRQs\n  Initial Probe       0   11   N     0  1 3 4 5 6 7 9 11 12 14 15\n  Validation          0   11   N     0  1 3 4 5 6 7 9 11 12 14 15\n  After Disable       0  255   N     0  1 3 4 5 6 7 9 11 12 14 15\npci_link2:        Index  IRQ  Rtd  Ref  IRQs\n  Initial Probe       0  255   N     0  1 3 4 5 6 7 9 11 12 14 15\n  Validation          0  255   N     0  1 3 4 5 6 7 9 11 12 14 15\n  After Disable       0  255   N     0  1 3 4 5 6 7 9 11 12 14 15\npci_link3:        Index  IRQ  Rtd  Ref  IRQs\n  Initial Probe       0  255   N     0  1 3 4 5 6 7 9 11 12 14 15\n  Validation          0  255   N     0  1 3 4 5 6 7 9 11 12 14 15\n  After Disable       0  255   N     0  1 3 4 5 6 7 9 11 12 14 15\npci_link4:        Index  IRQ  Rtd  Ref  IRQs\n  Initial Probe       0  255   N     0  1 3 4 5 6 7 9 11 12 14 15\n  Validation          0  255   N     0  1 3 4 5 6 7 9 11 12 14 15\n  After Disable       0  255   N     0  1 3 4 5 6 7 9 11 12 14 15\npci_link5:        Index  IRQ  Rtd  Ref  IRQs\n  Initial Probe       0  255   N     0  1 3 4 5 6 7 9 11 12 14 15\n  Validation          0  255   N     0  1 3 4 5 6 7 9 11 12 14 15\n  After Disable       0  255   N     0  1 3 4 5 6 7 9 11 12 14 15\npci_link6:        Index  IRQ  Rtd  Ref  IRQs\n  Initial Probe       0  255   N     0  1 3 4 5 6 7 9 11 12 14 15\n  Validation          0  255   N     0  1 3 4 5 6 7 9 11 12 14 15\n  After Disable       0  255   N     0  1 3 4 5 6 7 9 11 12 14 15\npci_link7:        Index  IRQ  Rtd  Ref  IRQs\n  Initial Probe       0  255   N     0  1 3 4 5 6 7 9 11 12 14 15\n  Validation          0  255   N     0  1 3 4 5 6 7 9 11 12 14 15\n  After Disable       0  255   N     0  1 3 4 5 6 7 9 11 12 14 15\npci_link8:        Index  IRQ  Rtd  Ref  IRQs\n  Initial Probe       0  255   N     0  1 3 4 5 6 7 9 11 12 14 15\n  Validation          0  255   N     0  1 3 4 5 6 7 9 11 12 14 15\n  After Disable       0  255   N     0  1 3 4 5 6 7 9 11 12 14 15\npci_link9:        Index  IRQ  Rtd  Ref  IRQs\n  Initial Probe       0  255   N     0  1 3 4 5 6 7 9 11 12 14 15\n  Validation          0  255   N     0  1 3 4 5 6 7 9 11 12 14 15\n  After Disable       0  255   N     0  1 3 4 5 6 7 9 11 12 14 15\npci_link10:       Index  IRQ  Rtd  Ref  IRQs\n  Initial Probe       0    3   N     0  1 3 4 5 6 7 9 11 12 14 15\n  Validation          0    3   N     0  1 3 4 5 6 7 9 11 12 14 15\n  After Disable       0  255   N     0  1 3 4 5 6 7 9 11 12 14 15\npci_link11:       Index  IRQ  Rtd  Ref  IRQs\n  Initial Probe       0    5   N     0  1 3 4 5 6 7 9 11 12 14 15\n  Validation          0    5   N     0  1 3 4 5 6 7 9 11 12 14 15\n  After Disable       0  255   N     0  1 3 4 5 6 7 9 11 12 14 15\npci_link12:       Index  IRQ  Rtd  Ref  IRQs\n  Initial Probe       0  255   N     0  1 3 4 5 6 7 9 11 12 14 15\n  Validation          0  255   N     0  1 3 4 5 6 7 9 11 12 14 15\n  After Disable       0  255   N     0  1 3 4 5 6 7 9 11 12 14 15\npci_link13:       Index  IRQ  Rtd  Ref  IRQs\n  Initial Probe       0  255   N     0  1 3 4 5 6 7 9 11 12 14 15\n  Validation          0  255   N     0  1 3 4 5 6 7 9 11 12 14 15\n  After Disable       0  255   N     0  1 3 4 5 6 7 9 11 12 14 15\npci_link14:       Index  IRQ  Rtd  Ref  IRQs\n  Initial Probe       0  255   N     0  1 3 4 5 6 7 9 11 12 14 15\n  Validation          0  255   N     0  1 3 4 5 6 7 9 11 12 14 15\n  After Disable       0  255   N     0  1 3 4 5 6 7 9 11 12 14 15\npci_link15:       Index  IRQ  Rtd  Ref  IRQs\n  Initial Probe       0  255   N     0  1 3 4 5 6 7 9 11 12 14 15\n  Validation          0  255   N     0  1 3 4 5 6 7 9 11 12 14 15\n  After Disable       0  255   N     0  1 3 4 5 6 7 9 11 12 14 15\npci_link16:       Index  IRQ  Rtd  Ref  IRQs\n  Initial Probe       0  255   N     0  1 3 4 5 6 7 9 11 12 14 15\n  Validation          0  255   N     0  1 3 4 5 6 7 9 11 12 14 15\n  After Disable       0  255   N     0  1 3 4 5 6 7 9 11 12 14 15\npci_link17:       Index  IRQ  Rtd  Ref  IRQs\n  Initial Probe       0  255   N     0  1 3 4 5 6 7 9 11 12 14 15\n  Validation          0  255   N     0  1 3 4 5 6 7 9 11 12 14 15\n  After Disable       0  255   N     0  1 3 4 5 6 7 9 11 12 14 15\npci_link18:       Index  IRQ  Rtd  Ref  IRQs\n  Initial Probe       0  255   N     0  1 3 4 5 6 7 9 11 12 14 15\n  Validation          0  255   N     0  1 3 4 5 6 7 9 11 12 14 15\n  After Disable       0  255   N     0  1 3 4 5 6 7 9 11 12 14 15\npci_link19:       Index  IRQ  Rtd  Ref  IRQs\n  Initial Probe       0  255   N     0  1 3 4 5 6 7 9 11 12 14 15\n  Validation          0  255   N     0  1 3 4 5 6 7 9 11 12 14 15\n  After Disable       0  255   N     0  1 3 4 5 6 7 9 11 12 14 15\npci_link20:       Index  IRQ  Rtd  Ref  IRQs\n  Initial Probe       0  255   N     0  1 3 4 5 6 7 9 11 12 14 15\n  Validation          0  255   N     0  1 3 4 5 6 7 9 11 12 14 15\n  After Disable       0  255   N     0  1 3 4 5 6 7 9 11 12 14 15\npci_link21:       Index  IRQ  Rtd  Ref  IRQs\n  Initial Probe       0  255   N     0  1 3 4 5 6 7 9 11 12 14 15\n  Validation          0  255   N     0  1 3 4 5 6 7 9 11 12 14 15\n  After Disable       0  255   N     0  1 3 4 5 6 7 9 11 12 14 15\npci_link22:       Index  IRQ  Rtd  Ref  IRQs\n  Initial Probe       0  255   N     0  1 3 4 5 6 7 9 11 12 14 15\n  Validation          0  255   N     0  1 3 4 5 6 7 9 11 12 14 15\n  After Disable       0  255   N     0  1 3 4 5 6 7 9 11 12 14 15\npci_link23:       Index  IRQ  Rtd  Ref  IRQs\n  Initial Probe       0  255   N     0  1 3 4 5 6 7 9 11 12 14 15\n  Validation          0  255   N     0  1 3 4 5 6 7 9 11 12 14 15\n  After Disable       0  255   N     0  1 3 4 5 6 7 9 11 12 14 15\npci_link24:       Index  IRQ  Rtd  Ref  IRQs\n  Initial Probe       0  255   N     0  1 3 4 5 6 7 9 11 12 14 15\n  Validation          0  255   N     0  1 3 4 5 6 7 9 11 12 14 15\n  After Disable       0  255   N     0  1 3 4 5 6 7 9 11 12 14 15\npci_link25:       Index  IRQ  Rtd  Ref  IRQs\n  Initial Probe       0  255   N     0  1 3 4 5 6 7 9 11 12 14 15\n  Validation          0  255   N     0  1 3 4 5 6 7 9 11 12 14 15\n  After Disable       0  255   N     0  1 3 4 5 6 7 9 11 12 14 15\npci_link26:       Index  IRQ  Rtd  Ref  IRQs\n  Initial Probe       0  255   N     0  1 3 4 5 6 7 9 11 12 14 15\n  Validation          0  255   N     0  1 3 4 5 6 7 9 11 12 14 15\n  After Disable       0  255   N     0  1 3 4 5 6 7 9 11 12 14 15\npci_link27:       Index  IRQ  Rtd  Ref  IRQs\n  Initial Probe       0  255   N     0  1 3 4 5 6 7 9 11 12 14 15\n  Validation          0  255   N     0  1 3 4 5 6 7 9 11 12 14 15\n  After Disable       0  255   N     0  1 3 4 5 6 7 9 11 12 14 15\npci_link28:       Index  IRQ  Rtd  Ref  IRQs\n  Initial Probe       0  255   N     0  1 3 4 5 6 7 9 11 12 14 15\n  Validation          0  255   N     0  1 3 4 5 6 7 9 11 12 14 15\n  After Disable       0  255   N     0  1 3 4 5 6 7 9 11 12 14 15\npci_link29:       Index  IRQ  Rtd  Ref  IRQs\n  Initial Probe       0  255   N     0  1 3 4 5 6 7 9 11 12 14 15\n  Validation          0  255   N     0  1 3 4 5 6 7 9 11 12 14 15\n  After Disable       0  255   N     0  1 3 4 5 6 7 9 11 12 14 15\npci_link30:       Index  IRQ  Rtd  Ref  IRQs\n  Initial Probe       0  255   N     0  1 3 4 5 6 7 9 11 12 14 15\n  Validation          0  255   N     0  1 3 4 5 6 7 9 11 12 14 15\n  After Disable       0  255   N     0  1 3 4 5 6 7 9 11 12 14 15\npci_link31:       Index  IRQ  Rtd  Ref  IRQs\n  Initial Probe       0   10   N     0  10\n  Validation          0   10   N     0  10\n  After Disable       0  255   N     0  10\npci_link32:       Index  IRQ  Rtd  Ref  IRQs\n  Initial Probe       0   11   N     0  11\n  Validation          0   11   N     0  11\n  After Disable       0  255   N     0  11\npcib0: \u003cACPI Host-PCI bridge\u003e port 0xcf8-0xcff on acpi0\npcib0: decoding 5 range 0-0xff\npcib0: decoding 4 range 0-0xcf7\npcib0: decoding 4 range 0xd00-0xffff\npcib0: decoding 3 range 0xa0000-0xbffff\npcib0: decoding 3 range 0xd0000-0xdffff\npcib0: decoding 3 range 0xc0000000-0xffffffff\npci0: \u003cACPI PCI bus\u003e on pcib0\npci0: domain=0, physical bus=0\npci0:0:0:0: checking for a device: none\npci0:0:1:0: checking for a device: found\npci0:0:1:0: before pci_read_cap\npci0:0:1:0: before pci_cfg_save\npci0:0:1:0: before pci_cfg_restore\nfound-\u003e vendor=0x1166, dev=0x0036, revid=0x00\n        domain=0, bus=0, slot=1, func=0\n        class=06-04-00, hdrtype=0x01, mfdev=0\n        cmdreg=0x0007, statreg=0x0010, cachelnsz=0 (dwords)\n        lattimer=0x40 (1920 ns), mingnt=0x00 (0 ns), maxlat=0x00 (0 ns)\npci0:0:1:0: before pci_add_resources\n        secbus=1, subbus=2\npci0:0:1:0: before pci_child_added\npci0:0:2:0: checking for a device: found\npci0:0:2:0: before pci_read_cap\npci0:0:2:0: before pci_cfg_save\npci0:0:2:0: before pci_cfg_restore\nfound-\u003e vendor=0x1166, dev=0x0205, revid=0x00\n        domain=0, bus=0, slot=2, func=0\n        class=06-00-00, hdrtype=0x00, mfdev=1\n        cmdreg=0x0107, statreg=0x0200, cachelnsz=0 (dwords)\n        lattimer=0x40 (1920 ns), mingnt=0x00 (0 ns), maxlat=0x00 (0 ns)\npci0:0:2:0: before pci_add_resources\npci0:0:2:0: before pci_child_added\npci0:0:2:1: checking for a device: found\npci0:0:2:1: before pci_read_cap\npci0:0:2:1: before pci_cfg_save\npci0:0:2:1: before pci_cfg_restore\nfound-\u003e vendor=0x1166, dev=0x0214, revid=0x00\n        domain=0, bus=0, slot=2, func=1\n        class=01-01-8a, hdrtype=0x00, mfdev=1\n        cmdreg=0x0005, statreg=0x0200, cachelnsz=16 (dwords)\n        lattimer=0x40 (1920 ns), mingnt=0x00 (0 ns), maxlat=0x00 (0 ns)\npci0:0:2:1: before pci_add_resources\npcib0: allocated type 4 (0x1f0-0x1f7) for rid 10 of pci0:0:2:1\npcib0: allocated type 4 (0x3f6-0x3f6) for rid 14 of pci0:0:2:1\npcib0: allocated type 4 (0x170-0x177) for rid 18 of pci0:0:2:1\npcib0: allocated type 4 (0x376-0x376) for rid 1c of pci0:0:2:1\n        map[20]: type I/O Port, range 32, base 0xffa0, size  4, enabled\npcib0: allocated type 4 (0xffa0-0xffaf) for rid 20 of pci0:0:2:1\npci0:0:2:1: before pci_child_added\npci0:0:2:2: checking for a device: found\npci0:0:2:2: before pci_read_cap\npci0:0:2:2: before pci_cfg_save\npci0:0:2:2: before pci_cfg_restore\nfound-\u003e vendor=0x1166, dev=0x0234, revid=0x00\n        domain=0, bus=0, slot=2, func=2\n        class=06-01-00, hdrtype=0x00, mfdev=1\n        cmdreg=0x0107, statreg=0x0200, cachelnsz=0 (dwords)\n        lattimer=0x00 (0 ns), mingnt=0x00 (0 ns), maxlat=0x00 (0 ns)\npci0:0:2:2: before pci_add_resources\npci0:0:2:2: before pci_child_added\npci0:0:2:3: checking for a device: none\npci0:0:2:4: checking for a device: none\npci0:0:2:5: checking for a device: none\npci0:0:2:6: checking for a device: none\npci0:0:2:7: checking for a device: none\npci0:0:3:0: checking for a device: found\npci0:0:3:0: before pci_read_cap\npci0:0:3:0: before pci_cfg_save\npci0:0:3:0: before pci_cfg_restore\nfound-\u003e vendor=0x1166, dev=0x0223, revid=0x01\n        domain=0, bus=0, slot=3, func=0\n        class=0c-03-10, hdrtype=0x00, mfdev=1\n        cmdreg=0x0117, statreg=0x02b0, cachelnsz=16 (dwords)\n        lattimer=0x40 (1920 ns), mingnt=0x00 (0 ns), maxlat=0x00 (0 ns)\n        intpin=a, irq=10\n        powerspec 2  supports D0 D3  current D0\npci0:0:3:0: before pci_add_resources\n        map[10]: type Memory, range 32, base 0xff6ec000, size 12, enabled\npcib0: allocated type 3 (0xff6ec000-0xff6ecfff) for rid 10 of pci0:0:3:0\n        map[14]: type I/O Port, range 32, base 0xd400, size  8, enabled\npcib0: allocated type 4 (0xd400-0xd4ff) for rid 14 of pci0:0:3:0\npcib0: matched entry for 0.3.INTA\npcib0: slot 3 INTA hardwired to IRQ 10\nioapic0: Changing trigger for pin 10 to level\nioapic0: Changing polarity for pin 10 to low\nohci early: SMM active, request owner change\npci0:0:3:0: before pci_child_added\npci0:0:3:1: checking for a device: found\npci0:0:3:1: before pci_read_cap\npci0:0:3:1: before pci_cfg_save\npci0:0:3:1: before pci_cfg_restore\nfound-\u003e vendor=0x1166, dev=0x0223, revid=0x01\n        domain=0, bus=0, slot=3, func=1\n        class=0c-03-10, hdrtype=0x00, mfdev=0\n        cmdreg=0x0117, statreg=0x02b0, cachelnsz=16 (dwords)\n        lattimer=0x40 (1920 ns), mingnt=0x00 (0 ns), maxlat=0x00 (0 ns)\n        intpin=a, irq=10\n        powerspec 2  supports D0 D3  current D0\npci0:0:3:1: before pci_add_resources\n        map[10]: type Memory, range 32, base 0xff6ed000, size 12, enabled\npcib0: allocated type 3 (0xff6ed000-0xff6edfff) for rid 10 of pci0:0:3:1\n        map[14]: type I/O Port, range 32, base 0xd800, size  8, enabled\npcib0: allocated type 4 (0xd800-0xd8ff) for rid 14 of pci0:0:3:1\npcib0: matched entry for 0.3.INTA\npcib0: slot 3 INTA hardwired to IRQ 10\nohci early: SMM active, request owner change\npci0:0:3:1: before pci_child_added\npci0:0:3:2: checking for a device: found\npci0:0:3:2: before pci_read_cap\npci0:0:3:2: before pci_cfg_save\npci0:0:3:2: before pci_cfg_restore\nfound-\u003e vendor=0x1166, dev=0x0223, revid=0x01\n        domain=0, bus=0, slot=3, func=2\n        class=0c-03-20, hdrtype=0x00, mfdev=0\n        cmdreg=0x0117, statreg=0x02b0, cachelnsz=16 (dwords)\n        lattimer=0x40 (1920 ns), mingnt=0x00 (0 ns), maxlat=0x00 (0 ns)\n        intpin=a, irq=10\n        powerspec 2  supports D0 D1 D2 D3  current D0\npci0:0:3:2: before pci_add_resources\n        map[10]: type Memory, range 32, base 0xff6ee000, size 12, enabled\npcib0: allocated type 3 (0xff6ee000-0xff6eefff) for rid 10 of pci0:0:3:2\n        map[14]: type I/O Port, range 32, base 0xe800, size  8, enabled\npcib0: allocated type 4 (0xe800-0xe8ff) for rid 14 of pci0:0:3:2\npcib0: matched entry for 0.3.INTA\npcib0: slot 3 INTA hardwired to IRQ 10\npci0:0:3:2: before pci_child_added\npci0:0:3:3: checking for a device: none\npci0:0:3:4: checking for a device: none\npci0:0:3:5: checking for a device: none\npci0:0:3:6: checking for a device: none\npci0:0:3:7: checking for a device: none\npci0:0:4:0: checking for a device: found\npci0:0:4:0: before pci_read_cap\npci0:0:4:0: before pci_cfg_save\npci0:0:4:0: before pci_cfg_restore\nfound-\u003e vendor=0x8086, dev=0x1229, revid=0x10\n        domain=0, bus=0, slot=4, func=0\n        class=02-00-00, hdrtype=0x00, mfdev=0\n        cmdreg=0x0117, statreg=0x0290, cachelnsz=16 (dwords)\n        lattimer=0x40 (1920 ns), mingnt=0x08 (2000 ns), maxlat=0x38 (14000 ns)\n        intpin=a, irq=9\n        powerspec 2  supports D0 D1 D2 D3  current D0\npci0:0:4:0: before pci_add_resources\n        map[10]: type Memory, range 32, base 0xff6eb000, size 12, enabled\npcib0: allocated type 3 (0xff6eb000-0xff6ebfff) for rid 10 of pci0:0:4:0\n        map[14]: type I/O Port, range 32, base 0xec00, size  6, enabled\npcib0: allocated type 4 (0xec00-0xec3f) for rid 14 of pci0:0:4:0\n        map[18]: type Memory, range 32, base 0xff6a0000, size 17, enabled\npcib0: allocated type 3 (0xff6a0000-0xff6bffff) for rid 18 of pci0:0:4:0\npcib0: matched entry for 0.4.INTA\npcib0: slot 4 INTA hardwired to IRQ 16\npci0:0:4:0: before pci_child_added\npci0:0:6:0: checking for a device: found\npci0:0:6:0: before pci_read_cap\npci0:0:6:0: before pci_cfg_save\npci0:0:6:0: before pci_cfg_restore\nfound-\u003e vendor=0x1166, dev=0x0130, revid=0xb0\n        domain=0, bus=0, slot=6, func=0\n        class=06-04-00, hdrtype=0x01, mfdev=0\n        cmdreg=0x0006, statreg=0x0010, cachelnsz=0 (dwords)\n        lattimer=0x40 (1920 ns), mingnt=0x00 (0 ns), maxlat=0x00 (0 ns)\npci0:0:6:0: before pci_add_resources\n        secbus=3, subbus=3\npci0:0:6:0: before pci_child_added\npci0:0:7:0: checking for a device: found\npci0:0:7:0: before pci_read_cap\npci0:0:7:0: before pci_cfg_save\npci0:0:7:0: before pci_cfg_restore\nfound-\u003e vendor=0x1166, dev=0x0130, revid=0xb0\n        domain=0, bus=0, slot=7, func=0\n        class=06-04-00, hdrtype=0x01, mfdev=0\n        cmdreg=0x0006, statreg=0x0010, cachelnsz=0 (dwords)\n        lattimer=0x40 (1920 ns), mingnt=0x00 (0 ns), maxlat=0x00 (0 ns)\npci0:0:7:0: before pci_add_resources\n        secbus=4, subbus=4\npci0:0:7:0: before pci_child_added\npci0:0:8:0: checking for a device: found\npci0:0:8:0: before pci_read_cap\n\n----- System completely frozen at this point -----"
}