{
 "id": 853483,
 "bug_id": 198062,
 "attachment_id": 0,
 "creation_time": "2015-12-12T23:58:29Z",
 "creator": "jhkingsr@gmail.com",
 "text": "As request by John Baldwin... comconsole captures of 9.3-64bit and 10.2-64bit. ---------- is the break between the captures.\n\nFreeBSD 9.3-64bit boot captured from com1\n\nOK boot\n/boot/kernel/kernel text=0xf0bdb0 data=0x13d720+0x123388 syms=[0x8+0x149f88+0x8+0x15abf1]\nBooting...\nCopyright (c) 1992-2014 The FreeBSD Project.\nCopyright (c) 1979, 1980, 1983, 1986, 1988, 1989, 1991, 1992, 1993, 1994\n        The Regents of the University of California. All rights reserved.\nFreeBSD is a registered trademark of The FreeBSD Foundation.\nFreeBSD 9.3-RELEASE #0 r268512: Thu Jul 10 23:44:39 UTC 2014\n    root@snap.freebsd.org:/usr/obj/usr/src/sys/GENERIC amd64\ngcc version 4.2.1 20070831 patched [FreeBSD]\nCPU: Dual-Core AMD Opteron(tm) Processor 2220 (2793.06-MHz K8-class CPU)\n  Origin = \"AuthenticAMD\"  Id = 0x40f13  Family = 0xf  Model = 0x41  Stepping = 3\n  Features=0x178bfbff\u003cFPU,VME,DE,PSE,TSC,MSR,PAE,MCE,CX8,APIC,SEP,MTRR,PGE,MCA,CMOV,PAT,PSE36,CLFLUSH,MMX,FXSR,SSE,SSE2,HTT\u003e\n  Features2=0x2001\u003cSSE3,CX16\u003e\n  AMD Features=0xea500800\u003cSYSCALL,NX,MMX+,FFXSR,RDTSCP,LM,3DNow!+,3DNow!\u003e\n  AMD Features2=0x1f\u003cLAHF,CMP,SVM,ExtAPIC,CR8\u003e\nreal memory  = 4294967296 (4096 MB)\navail memory = 4082606080 (3893 MB)\nEvent timer \"LAPIC\" quality 400\nACPI APIC Table: \u003c062309 APIC1333\u003e\nFreeBSD/SMP: Multiprocessor System Detected: 4 CPUs\nFreeBSD/SMP: 2 package(s) x 2 core(s)\n cpu0 (BSP): APIC ID:  0\n cpu1 (AP): APIC ID:  1\n cpu2 (AP): APIC ID:  2\n cpu3 (AP): APIC ID:  3\nMADT: Forcing active-low polarity and level trigger for SCI\nioapic0 \u003cVersion 1.1\u003e irqs 0-15 on motherboard\nioapic1 \u003cVersion 1.1\u003e irqs 16-31 on motherboard\nioapic2 \u003cVersion 1.1\u003e irqs 32-47 on motherboard\nkbd1 at kbdmux0\nacpi0: \u003c062309 XSDT1333\u003e on motherboard\nacpi0: Power Button (fixed)\nacpi0: Sleep Button (fixed)\nacpi0: reservation of 0, a0000 (3) failed\nacpi0: reservation of 100000, bff00000 (3) failed\ncpu0: \u003cACPI CPU\u003e on acpi0\ncpu1: \u003cACPI CPU\u003e on acpi0\ncpu2: \u003cACPI CPU\u003e on acpi0\ncpu3: \u003cACPI CPU\u003e on acpi0\nattimer0: \u003cAT timer\u003e port 0x40-0x43 irq 0 on acpi0\nTimecounter \"i8254\" frequency 1193182 Hz quality 0\nEvent timer \"i8254\" frequency 1193182 Hz quality 100\natrtc0: \u003cAT realtime clock\u003e port 0x70-0x71 irq 8 on acpi0\nEvent timer \"RTC\" frequency 32768 Hz quality 0\nhpet0: \u003cHigh Precision Event Timer\u003e iomem 0xfed00000-0xfed03fff on acpi0\nhpet0: HPET never increments, disabling\ndevice_attach: hpet0 attach returned 6\nTimecounter \"ACPI-safe\" frequency 3579545 Hz quality 850\nacpi_timer0: \u003c32-bit timer at 3.579545MHz\u003e port 0x508-0x50b on acpi0\npcib0: \u003cACPI Host-PCI bridge\u003e port 0xcf8-0xcff on acpi0\npci0: \u003cACPI PCI bus\u003e on pcib0\npcib1: \u003cACPI PCI-PCI bridge\u003e at device 1.0 on pci0\npci1: \u003cACPI PCI bus\u003e on pcib1\npcib2: \u003cACPI PCI-PCI bridge\u003e at device 13.0 on pci1\npci2: \u003cACPI PCI bus\u003e on pcib2\natapci0: \u003cServerWorks HT1000 SATA150 controller\u003e port 0xbc00-0xbc07,0xb880-0xb883,0xb800-0xb807,0xb480-0xb483,0xb400-0xb41f mem 0xff4fe000-0xff4fffff irq 11 at device 14.0 on pci1\nata2: \u003cATA channel\u003e at channel 0 on atapci0\nata3: \u003cATA channel\u003e at channel 1 on atapci0\nata4: \u003cATA channel\u003e at channel 2 on atapci0\nata5: \u003cATA channel\u003e at channel 3 on atapci0\natapci1: \u003cServerWorks HT1000 UDMA100 controller\u003e port 0x1f0-0x1f7,0x3f6,0x170-0x177,0x376,0xffa0-0xffaf at device 2.1 on pci0\nata0: \u003cATA channel\u003e at channel 0 on atapci1\nata1: \u003cATA channel\u003e at channel 1 on atapci1\nisab0: \u003cPCI-ISA bridge\u003e at device 2.2 on pci0\nisa0: \u003cISA bus\u003e on isab0\nohci0: \u003cOHCI (generic) USB controller\u003e port 0xd400-0xd4ff mem 0xff6ec000-0xff6ecfff irq 10 at device 3.0 on pci0\nusbus0 on ohci0\nohci1: \u003cOHCI (generic) USB controller\u003e port 0xd800-0xd8ff mem 0xff6ed000-0xff6edfff irq 10 at device 3.1 on pci0\nusbus1 on ohci1\nehci0: \u003cEHCI (generic) USB 2.0 controller\u003e port 0xe800-0xe8ff mem 0xff6ee000-0xff6eefff irq 10 at device 3.2 on pci0\nusbus2: EHCI version 1.0\nusbus2 on ehci0\nfxp0: \u003cIntel 82551 Pro/100 Ethernet\u003e port 0xec00-0xec3f mem 0xff6eb000-0xff6ebfff,0xff6a0000-0xff6bffff irq 16 at device 4.0 on pci0\nmiibus0: \u003cMII bus\u003e on fxp0\ninphy0: \u003ci82555 10/100 media interface\u003e PHY 1 on miibus0\ninphy0:  10baseT, 10baseT-FDX, 100baseTX, 100baseTX-FDX, auto, auto-flow\nfxp0: Ethernet address: 00:e0:81:4d:5e:c8\npcib3: \u003cACPI PCI-PCI bridge\u003e at device 6.0 on pci0\npci3: \u003cACPI PCI bus\u003e on pcib3\npcib4: \u003cACPI PCI-PCI bridge\u003e at device 7.0 on pci0\npci4: \u003cACPI PCI bus\u003e on pcib4\nbge0: \u003cBroadcom NetXtreme Gigabit Ethernet Controller, ASIC rev. 0x008100\u003e mem 0xff5d0000-0xff5dffff,0xff5c0000-0xff5cffff irq 26 at device 4.0 on pci4\nbge0: CHIP ID 0x00008100; ASIC REV 0x08; CHIP REV 0x81; PCI-X 133 MHz\nmiibus1: \u003cMII bus\u003e on bge0\nbrgphy0: \u003cBCM5780 1000BASE-T media interface\u003e PHY 1 on miibus1\nbrgphy0:  10baseT, 10baseT-FDX, 100baseTX, 100baseTX-FDX, 1000baseT, 1000baseT-master, 1000baseT-FDX, 1000baseT-FDX-master, auto, auto-flow\nbge0: Ethernet address: 00:e0:81:4d:21:ec\nbge1: \u003cBroadcom NetXtreme Gigabit Ethernet Controller, ASIC rev. 0x008100\u003e mem 0xff5f0000-0xff5fffff,0xff5e0000-0xff5effff irq 27 at device 4.1 on pci4\nbge1: CHIP ID 0x00008100; ASIC REV 0x08; CHIP REV 0x81; PCI-X 133 MHz\nmiibus2: \u003cMII bus\u003e on bge1\nbrgphy1: \u003cBCM5780 1000BASE-T media interface\u003e PHY 1 on miibus2\nbrgphy1:  10baseT, 10baseT-FDX, 100baseTX, 100baseTX-FDX, 1000baseT, 1000baseT-master, 1000baseT-FDX, 1000baseT-FDX-master, auto, auto-flow\nbge1: Ethernet address: 00:e0:81:4d:21:ed\npcib5: \u003cACPI PCI-PCI bridge\u003e at device 8.0 on pci0\npci5: \u003cACPI PCI bus\u003e on pcib5\npcib6: \u003cACPI PCI-PCI bridge\u003e at device 9.0 on pci0\npci6: \u003cACPI PCI bus\u003e on pcib6\npcib7: \u003cACPI PCI-PCI bridge\u003e at device 10.0 on pci0\npci7: \u003cACPI PCI bus\u003e on pcib7\npcib8: \u003cACPI PCI-PCI bridge\u003e at device 11.0 on pci0\npci8: \u003cACPI PCI bus\u003e on pcib8\nvgapci0: \u003cVGA-compatible display\u003e port 0xe000-0xe0ff mem 0xd8000000-0xdfffffff,0xff6f0000-0xff6fffff irq 17 at device 12.0 on pci0\nvgapci0: Boot video device\nacpi_button0: \u003cPower Button\u003e on acpi0\nuart0: \u003c16550 or compatible\u003e port 0x3f8-0x3ff irq 4 flags 0x10 on acpi0\nuart0: console (9600,n,8,1)\norm0: \u003cISA Option ROM\u003e at iomem 0xc0000-0xc8fff on isa0\nsc0: \u003cSystem console\u003e at flags 0x100 on isa0\nsc0: VGA \u003c16 virtual consoles, flags=0x100\u003e\nvga0: \u003cGeneric ISA VGA\u003e at port 0x3c0-0x3df iomem 0xa0000-0xbffff on isa0\natkbdc0: \u003cKeyboard controller (i8042)\u003e at port 0x60,0x64 on isa0\natkbd0: \u003cAT Keyboard\u003e irq 1 on atkbdc0\nkbd0 at atkbd0\natkbd0: [GIANT-LOCKED]\nppc0: cannot reserve I/O port range\npowernow0: \u003cPowerNow! K8\u003e on cpu0\npowernow1: \u003cPowerNow! K8\u003e on cpu1\npowernow2: \u003cPowerNow! K8\u003e on cpu2\npowernow3: \u003cPowerNow! K8\u003e on cpu3\nTimecounters tick every 1.000 msec\nusbus0: 12Mbps Full Speed USB v1.0\nusbus1: 12Mbps Full Speed USB v1.0\nugen0.1: \u003c0x1166\u003e at usbus0\nuhub0: \u003c0x1166 OHCI root HUB, class 9/0, rev 1.00/1.00, addr 1\u003e on usbus0\nugen1.1: \u003c0x1166\u003e at usbus1\nuhub1: \u003c0x1166 OHCI root HUB, class 9/0, rev 1.00/1.00, addr 1\u003e on usbus1\nusbus2: 480Mbps High Speed USB v2.0\nugen2.1: \u003c0x1166\u003e at usbus2\nuhub2: \u003c0x1166 EHCI root HUB, class 9/0, rev 2.00/1.00, addr 1\u003e on usbus2\nuhub0: 2 ports with 2 removable, self powered\nuhub1: 2 ports with 2 removable, self powered\nada0 at ata2 bus 0 scbus0 target 0 lun 0\ncd0 at ata0 bus 0 scbus4 target 1 lun 0\ncd0: \u003cTEAC DV-28E-V 1.AB\u003e Removable CD-ROM SCSI-0 device\ncd0: 33.300MB/s transfers (UDMA2, ATAPI 12bytes, PIO 65534bytes)\ncd0: cd present [327713 x 2048 byte records]\nada0: \u003cST3500630NS 3.AEK\u003e ATA-7 SATA 1.x device\nada0: Serial Number 5QG2LGTV\nada0: 150.000MB/s transfers (SATA 1.x, UDMA5, PIO 8192bytes)\nada0: 476940MB (976773168 512 byte sectors: 16H 63S/T 16383C)\nada0: Previously was known as ad4\nada1 at ata3 bus 0 scbus1 target 0 lun 0\nada1: \u003cST3500630NS 3.AEK\u003e ATA-7 SATA 1.x device\nada1: Serial Number 5QG2HTBW\nada1: 150.000MB/s transfers (SATA 1.x, UDMA5, PIO 8192bytes)\nada1: 476940MB (976773168 512 byte sectors: 16H 63S/T 16383C)\nada1: Previously was known as ad6\nada2 at ata4 bus 0 scbus2 target 0 lun 0\nada2: \u003cST3500630NS 3.AEK\u003e ATA-7 SATA 1.x device\nada2: Serial Number 5QG2LHZF\nada2: 150.000MB/s transfers (SATA 1.x, UDMA5, PIO 8192bytes)\nada2: 476940MB (976773168 512 byte sectors: 16H 63S/T 16383C)\nada2: Previously was known as ad8\nada3 at ata5 bus 0 scbus3 target 0 lun 0\nada3: \u003cST3500630NS 3.AEK\u003e ATA-7 SATA 1.x device\nada3: Serial Number 5QG2JRV9\nada3: 150.000MB/s transfers (SATA 1.x, UDMA5, PIO 8192bytes)\nada3: 476940MB (976773168 512 byte sectors: 16H 63S/T 16383C)\nada3: Previously was known as ad10\nSMP: AP CPU #1 Launched!\nSMP: AP CPU #3 Launched!\nSMP: AP CPU #2 Launched!\nuhub2: 4 ports with 4 removable, self powered\nugen1.2: \u003cLogitech\u003e at usbus1\nukbd0: \u003cLogitech USB Receiver, class 0/0, rev 2.00/12.03, addr 2\u003e on usbus1\nkbd2 at ukbd0\nums0: \u003cLogitech USB Receiver, class 0/0, rev 2.00/12.03, addr 2\u003e on usbus1\nums0: 16 buttons and [XYZT] coordinates ID=2\nuhid0: \u003cLogitech USB Receiver, class 0/0, rev 2.00/12.03, addr 2\u003e on usbus1\nTrying to mount root from cd9660:/dev/iso9660/FREEBSD_INSTALL [ro]...\nEntropy harvesting: interrupts ethernet point_to_point kickstart.\nStarting file system checks:\nMounting local file systems:.\n/etc/rc: WARNING: $hostname is not set -- see rc.conf(5).\nStarting Network: lo0 fxp0 bge0 bge1.\nlo0: flags=8049\u003cUP,LOOPBACK,RUNNING,MULTICAST\u003e metric 0 mtu 16384\n        options=600003\u003cRXCSUM,TXCSUM,RXCSUM_IPV6,TXCSUM_IPV6\u003e\n        inet6 ::1 prefixlen 128\n        inet6 fe80::1%lo0 prefixlen 64 scopeid 0x7\n        inet 127.0.0.1 netmask 0xff000000\n        nd6 options=21\u003cPERFORMNUD,AUTO_LINKLOCAL\u003e\nfxp0fxp0: link state changed to DOWN\n: flags=8802\u003cBROADCAST,SIMPLEX,MULTICAST\u003e metric 0 mtu 1500\n        options=4219b\u003cRXCSUM,TXCSUM,VLAN_MTU,VLAN_HWTAGGING,VLAN_HWCSUM,TSO4,WOL_MAGIC,VLAN_HWTSO\u003e\n        ether 00:e0:81:4d:5e:c8\n        nd6 options=29\u003cPERFORMNUD,IFDISABLED,AUTO_LINKLOCAL\u003e\n        media: Ethernet autoselect (none)\n        status: no carrier\nbge0: flags=8802\u003cBROADCAST,SIMPLEX,MULTICAST\u003e metric 0 mtu 1500\n        options=8009b\u003cRXCSUM,TXCSUM,VLAN_MTU,VLAN_HWTAGGING,VLAN_HWCSUM,LINKSTATE\u003e\n        ether 00:e0:81:4d:21:ec\n        nd6 options=29\u003cPERFORMNUD,IFDISABLED,AUTO_LINKLOCAL\u003e\n        media: Ethernet autoselect\nbge1: flags=8802\u003cBROADCAST,SIMPLEX,MULTICAST\u003e metric 0 mtu 1500\n        options=8009b\u003cRXCSUM,TXCSUM,VLAN_MTU,VLAN_HWTAGGING,VLAN_HWCSUM,LINKSTATE\u003e\n        ether 00:e0:81:4d:21:ed\n        nd6 options=29\u003cPERFORMNUD,IFDISABLED,AUTO_LINKLOCAL\u003e\n        media: Ethernet autoselect\nStarting devd.\nStarting Network: fxp0.\nfxp0: flags=8802\u003cBROADCAST,SIMPLEX,MULTICAST\u003e metric 0 mtu 1500\n        options=4219b\u003cRXCSUM,TXCSUM,VLAN_MTU,VLAN_HWTAGGING,VLAN_HWCSUM,TSO4,WOL_MAGIC,VLAN_HWTSO\u003e\n        ether 00:e0:81:4d:5e:c8\n        nd6 options=29\u003cPERFORMNUD,IFDISABLED,AUTO_LINKLOCAL\u003e\n        media: Ethernet autoselect (none)\n        status: no carrier\nStarting Network: bge0.\nbge0: flags=8802\u003cBROADCAST,SIMPLEX,MULTICAST\u003e metric 0 mtu 1500\n        options=8009b\u003cRXCSUM,TXCSUM,VLAN_MTU,VLAN_HWTAGGING,VLAN_HWCSUM,LINKSTATE\u003e\n        ether 00:e0:81:4d:21:ec\n        nd6 options=29\u003cPERFORMNUD,IFDISABLED,AUTO_LINKLOCAL\u003e\n        media: Ethernet autoselect\nStarting Network: bge1.\nbge1: flags=8802\u003cBROADCAST,SIMPLEX,MULTICAST\u003e metric 0 mtu 1500\n        options=8009b\u003cRXCSUM,TXCSUM,VLAN_MTU,VLAN_HWTAGGING,VLAN_HWCSUM,LINKSTATE\u003e\n        ether 00:e0:81:4d:21:ed\n        nd6 options=29\u003cPERFORMNUD,IFDISABLED,AUTO_LINKLOCAL\u003e\n        media: Ethernet autoselect\nStarting ums0 moused.\nadd net fe80::: gateway ::1\nadd net ff02::: gateway ::1\nadd net ::ffff:0.0.0.0: gateway ::1\nadd net ::0.0.0.0: gateway ::1\nGenerating host.conf.\neval: cannot create /etc/host.conf: Read-only file system\neval: cannot create /etc/host.conf: Read-only file system\neval: cannot create /etc/host.conf: Read-only file system\nCreating and/or trimming log files.\nStarting syslogd.\nELF ldconfig path: /lib /usr/lib /usr/lib/compat\n32-bit compatibility ldconfig path: /usr/lib32\nClearing /tmp (X related).\nStarting local daemons:\nWelcome to FreeBSD!\n\nPlease choose the appropriate terminal type for your system.\nCommon console types are:\n   ansi     Standard ANSI terminal\n   vt100    VT100 or compatible terminal\n   xterm    xterm terminal emulator (or compatible)\n   cons25w  cons25w terminal\n\nConsole type [vt100]:\n\n----------\n\nFreeBSD 10.2 64bit boot captured from com1\n\nOK boot\n/boot/kernel/kernel text=0xfc8de8 data=0x1283b0+0x207880 syms=[0x8+0x145350+0x8+0x15fe20]\nBooting...\nCopyright (c) 1992-2015 The FreeBSD Project.\nCopyright (c) 1979, 1980, 1983, 1986, 1988, 1989, 1991, 1992, 1993, 1994\n        The Regents of the University of California. All rights reserved.\nFreeBSD is a registered trademark of The FreeBSD Foundation.\nFreeBSD 10.2-RELEASE #0 r286666: Wed Aug 12 15:26:37 UTC 2015\n    root@releng1.nyi.freebsd.org:/usr/obj/usr/src/sys/GENERIC amd64\nFreeBSD clang version 3.4.1 (tags/RELEASE_34/dot1-final 208032) 20140512\nCPU: Dual-Core AMD Opteron(tm) Processor 2220 (2793.06-MHz K8-class CPU)\n  Origin=\"AuthenticAMD\"  Id=0x40f13  Family=0xf  Model=0x41  Stepping=3\n  Features=0x178bfbff\u003cFPU,VME,DE,PSE,TSC,MSR,PAE,MCE,CX8,APIC,SEP,MTRR,PGE,MCA,CMOV,PAT,PSE36,CLFLUSH,MMX,FXSR,SSE,SSE2,HTT\u003e\n  Features2=0x2001\u003cSSE3,CX16\u003e\n  AMD Features=0xea500800\u003cSYSCALL,NX,MMX+,FFXSR,RDTSCP,LM,3DNow!+,3DNow!\u003e\n  AMD Features2=0x1f\u003cLAHF,CMP,SVM,ExtAPIC,CR8\u003e\n  SVM: NAsids=64\nreal memory  = 4294967296 (4096 MB)\navail memory = 4103499776 (3913 MB)\nEvent timer \"LAPIC\" quality 400\nACPI APIC Table: \u003c062309 APIC1333\u003e\nFreeBSD/SMP: Multiprocessor System Detected: 4 CPUs\nFreeBSD/SMP: 2 package(s) x 2 core(s)\n cpu0 (BSP): APIC ID:  0\n cpu1 (AP): APIC ID:  1\n cpu2 (AP): APIC ID:  2\n cpu3 (AP): APIC ID:  3\nrandom device not loaded; using insecure entropy\nACPI BIOS Warning (bug): 32/64X length mismatch in FADT/Gpe1Block: 96/64 (20150515/tbfadt-644)\nMADT: Forcing active-low polarity and level trigger for SCI\nioapic0 \u003cVersion 1.1\u003e irqs 0-15 on motherboard\nioapic1 \u003cVersion 1.1\u003e irqs 16-31 on motherboard\nioapic2 \u003cVersion 1.1\u003e irqs 32-47 on motherboard\nrandom: \u003cSoftware, Yarrow\u003e initialized\nkbd1 at kbdmux0\nacpi0: \u003c062309 XSDT1333\u003e on motherboard\nacpi0: Power Button (fixed)\nacpi0: Sleep Button (fixed)\ncpu0: \u003cACPI CPU\u003e on acpi0\ncpu1: \u003cACPI CPU\u003e on acpi0\ncpu2: \u003cACPI CPU\u003e on acpi0\ncpu3: \u003cACPI CPU\u003e on acpi0\nattimer0: \u003cAT timer\u003e port 0x40-0x43 irq 0 on acpi0\nTimecounter \"i8254\" frequency 1193182 Hz quality 0\nEvent timer \"i8254\" frequency 1193182 Hz quality 100\natrtc0: \u003cAT realtime clock\u003e port 0x70-0x71 irq 8 on acpi0\nEvent timer \"RTC\" frequency 32768 Hz quality 0\nhpet0: \u003cHigh Precision Event Timer\u003e iomem 0xfed00000-0xfed03fff on acpi0\nhpet0: HPET never increments, disabling\ndevice_attach: hpet0 attach returned 6\nTimecounter \"ACPI-fast\" frequency 3579545 Hz quality 900\nacpi_timer0: \u003c32-bit timer at 3.579545MHz\u003e port 0x508-0x50b on acpi0\npcib0: \u003cACPI Host-PCI bridge\u003e port 0xcf8-0xcff on acpi0\npci0: \u003cACPI PCI bus\u003e on pcib0\n\n----- DONE... System is frozen at this point -----"
}