{
 "id": 496517,
 "bug_id": 134105,
 "attachment_id": 0,
 "creation_time": "2009-04-30T04:50:01Z",
 "creator": "asgari@gmail.com",
 "text": "Realtek 8110SC with device ID 0x814910ec is not detected by FreeBSD 7.1. Most of New Mini-ITX boards are based on this chip.\n\nHere is a photo of the chips : Here is a photo of the daughterboard : http://i663.photobucket.com/albums/uu359/asgari/SANY0321-Low.jpg\n\npciconf -lv output : \n\nhostb0@pci0:0:0:0:      class=0x060000 card=0x27708086 chip=0x27708086 rev=0x02 hdr=0x00\n    class      = bridge\n    subclass   = HOST-PCI\nvgapci0@pci0:0:2:0:     class=0x030000 card=0x27728086 chip=0x27728086 rev=0x02 hdr=0x00\n    class      = display\n    subclass   = VGA\nnone0@pci0:0:27:0:      class=0x040300 card=0xa62516f3 chip=0x27d88086 rev=0x01 hdr=0x00\n    class      = multimedia\npcib1@pci0:0:28:0:      class=0x060400 card=0x27d08086 chip=0x27d08086 rev=0x01 hdr=0x01\n    class      = bridge\n    subclass   = PCI-PCI\nuhci0@pci0:0:29:0:      class=0x0c0300 card=0x27c88086 chip=0x27c88086 rev=0x01 hdr=0x00\n    class      = serial bus\n    subclass   = USB\nuhci1@pci0:0:29:1:      class=0x0c0300 card=0x27c98086 chip=0x27c98086 rev=0x01 hdr=0x00\n    class      = serial bus\n    subclass   = USB\nuhci2@pci0:0:29:2:      class=0x0c0300 card=0x27ca8086 chip=0x27ca8086 rev=0x01 hdr=0x00\n    class      = serial bus\n    subclass   = USB\nuhci3@pci0:0:29:3:      class=0x0c0300 card=0x27cb8086 chip=0x27cb8086 rev=0x01 hdr=0x00\n    class      = serial bus\n    subclass   = USB\nehci0@pci0:0:29:7:      class=0x0c0320 card=0x27cc8086 chip=0x27cc8086 rev=0x01 hdr=0x00\n    class      = serial bus\n    subclass   = USB\npcib2@pci0:0:30:0:      class=0x060401 card=0x244e8086 chip=0x244e8086 rev=0xe1 hdr=0x01\n    class      = bridge\n    subclass   = PCI-PCI\nisab0@pci0:0:31:0:      class=0x060100 card=0x27b88086 chip=0x27b88086 rev=0x01 hdr=0x00\n    class      = bridge\n    subclass   = PCI-ISA\natapci0@pci0:0:31:2:    class=0x010180 card=0x27c08086 chip=0x27c08086 rev=0x01 hdr=0x00\n    class      = mass storage\n    subclass   = ATA\nnone1@pci0:0:31:3:      class=0x0c0500 card=0x27da8086 chip=0x27da8086 rev=0x01 hdr=0x00\n    class      = serial bus\n    subclass   = SMBus\nre0@pci0:1:0:0: class=0x020000 card=0x816810ec chip=0x816810ec rev=0x02 hdr=0x00\n    class      = network\n    subclass   = ethernet\nnone2@pci0:2:4:0:       class=0x020000 card=0x10cc16f3 chip=0x814910ec rev=0x10 hdr=0x00\n    class      = network\n    subclass   = ethernet\nnone3@pci0:2:6:0:       class=0x020000 card=0x10cc16f3 chip=0x814910ec rev=0x10 hdr=0x00\n    class      = network\n    subclass   = ethernet\nnone4@pci0:2:7:0:       class=0x020000 card=0x10cc16f3 chip=0x814910ec rev=0x10 hdr=0x00\n    class      = network\n    subclass   = ethernet\n\n\n\nDMESG output :\n\nCopyright (c) 1992-2009 The FreeBSD Project.\nCopyright (c) 1979, 1980, 1983, 1986, 1988, 1989, 1991, 1992, 1993, 1994\n\tThe Regents of the University of California. All rights reserved.\nFreeBSD is a registered trademark of The FreeBSD Foundation.\nFreeBSD 7.1-RELEASE-p5 #0: Wed Apr 22 15:35:36 EDT 2009\n    sullrich@RELENG_1_2-snapshots.pfsense.org:/usr/obj.pfSense/usr/pfSensesrc/src/sys/pfSense_SMP.7\nTimecounter \"i8254\" frequency 1193182 Hz quality 0\nCPU: Intel(R) Atom(TM) CPU  330   @ 1.60GHz (1601.59-MHz 686-class CPU)\n  Origin = \"GenuineIntel\"  Id = 0x106c2  Stepping = 2\n  Features=0xbfe9fbff\u003cFPU,VME,DE,PSE,TSC,MSR,PAE,MCE,CX8,APIC,SEP,MTRR,PGE,MCA,CMOV,PAT,CLFLUSH,DTS,ACPI,MMX,FXSR,SSE,SSE2,SS,HTT,TM,PBE\u003e\n  Features2=0x40e31d\u003cSSE3,DTES64,MON,DS_CPL,TM2,SSSE3,CX16,xTPR,PDCM,\u003cb22\u003e\u003e\n  AMD Features=0x20000000\u003cLM\u003e\n  AMD Features2=0x1\u003cLAHF\u003e\n  Logical CPUs per core: 4\nreal memory  = 2137587712 (2038 MB)\navail memory = 2081943552 (1985 MB)\nACPI APIC Table: \u003cIntelR AWRDACPI\u003e\nFreeBSD/SMP: Multiprocessor System Detected: 4 CPUs\n cpu0 (BSP): APIC ID:  0\n cpu1 (AP): APIC ID:  1\n cpu2 (AP): APIC ID:  2\n cpu3 (AP): APIC ID:  3\nioapic0: Changing APIC ID to 4\nioapic0 \u003cVersion 2.0\u003e irqs 0-23 on motherboard\nwlan: mac acl policy registered\nkbd1 at kbdmux0\ncryptosoft0: \u003csoftware crypto\u003e on motherboard\nacpi0: \u003cIntelR AWRDACPI\u003e on motherboard\nacpi0: [ITHREAD]\nacpi0: Power Button (fixed)\nacpi0: reservation of 0, a0000 (3) failed\nacpi0: reservation of 100000, 7f5e0000 (3) failed\nTimecounter \"ACPI-fast\" frequency 3579545 Hz quality 1000\nacpi_timer0: \u003c24-bit timer at 3.579545MHz\u003e port 0x408-0x40b on acpi0\nacpi_button0: \u003cPower Button\u003e on acpi0\npcib0: \u003cACPI Host-PCI bridge\u003e port 0xcf8-0xcff on acpi0\npci0: \u003cACPI PCI bus\u003e on pcib0\nvgapci0: \u003cVGA-compatible display\u003e port 0xff00-0xff07 mem 0xfdf00000-0xfdf7ffff,0xd0000000-0xdfffffff,0xfdf80000-0xfdfbffff irq 16 at device 2.0 on pci0\nagp0: \u003cIntel 82945G (945G GMCH) SVGA controller\u003e on vgapci0\nagp0: detected 7932k stolen memory\nagp0: aperture size is 256M\npci0: \u003cmultimedia\u003e at device 27.0 (no driver attached)\npcib1: \u003cACPI PCI-PCI bridge\u003e irq 16 at device 28.0 on pci0\npci1: \u003cACPI PCI bus\u003e on pcib1\nre0: \u003cRealTek 8168/8168B/8168C/8168CP/8168D/8111B/8111C/8111CP PCIe Gigabit Ethernet\u003e port 0xde00-0xdeff mem 0xfddff000-0xfddfffff,0xfdef0000-0xfdefffff irq 16 at device 0.0 on pci1\nre0: Using 1 MSI messages\nre0: Chip rev. 0x3c000000\nre0: MAC rev. 0x00400000\nmiibus0: \u003cMII bus\u003e on re0\nrgephy0: \u003cRTL8169S/8110S/8211B media interface\u003e PHY 1 on miibus0\nrgephy0:  10baseT, 10baseT-FDX, 100baseTX, 100baseTX-FDX, 1000baseT, 1000baseT-FDX, auto\nre0: Ethernet address: 00:30:18:ab:4a:d8\nre0: [FILTER]\nuhci0: \u003cUHCI (generic) USB controller\u003e port 0xfe00-0xfe1f irq 23 at device 29.0 on pci0\nuhci0: [GIANT-LOCKED]\nuhci0: [ITHREAD]\nusb0: \u003cUHCI (generic) USB controller\u003e on uhci0\nusb0: USB revision 1.0\nuhub0: \u003cIntel UHCI root hub, class 9/0, rev 1.00/1.00, addr 1\u003e on usb0\nuhub0: 2 ports with 2 removable, self powered\nuhci1: \u003cUHCI (generic) USB controller\u003e port 0xfd00-0xfd1f irq 19 at device 29.1 on pci0\nuhci1: [GIANT-LOCKED]\nuhci1: [ITHREAD]\nusb1: \u003cUHCI (generic) USB controller\u003e on uhci1\nusb1: USB revision 1.0\nuhub1: \u003cIntel UHCI root hub, class 9/0, rev 1.00/1.00, addr 1\u003e on usb1\nuhub1: 2 ports with 2 removable, self powered\nuhci2: \u003cUHCI (generic) USB controller\u003e port 0xfc00-0xfc1f irq 18 at device 29.2 on pci0\nuhci2: [GIANT-LOCKED]\nuhci2: [ITHREAD]\nusb2: \u003cUHCI (generic) USB controller\u003e on uhci2\nusb2: USB revision 1.0\nuhub2: \u003cIntel UHCI root hub, class 9/0, rev 1.00/1.00, addr 1\u003e on usb2\nuhub2: 2 ports with 2 removable, self powered\nuhci3: \u003cUHCI (generic) USB controller\u003e port 0xfb00-0xfb1f irq 16 at device 29.3 on pci0\nuhci3: [GIANT-LOCKED]\nuhci3: [ITHREAD]\nusb3: \u003cUHCI (generic) USB controller\u003e on uhci3\nusb3: USB revision 1.0\nuhub3: \u003cIntel UHCI root hub, class 9/0, rev 1.00/1.00, addr 1\u003e on usb3\nuhub3: 2 ports with 2 removable, self powered\nehci0: \u003cIntel 82801GB/R (ICH7) USB 2.0 controller\u003e mem 0xfdfff000-0xfdfff3ff irq 23 at device 29.7 on pci0\nehci0: [GIANT-LOCKED]\nehci0: [ITHREAD]\nusb4: EHCI version 1.0\nusb4: companion controllers, 2 ports each: usb0 usb1 usb2 usb3\nusb4: \u003cIntel 82801GB/R (ICH7) USB 2.0 controller\u003e on ehci0\nusb4: USB revision 2.0\nuhub4: \u003cIntel EHCI root hub, class 9/0, rev 2.00/1.00, addr 1\u003e on usb4\nuhub4: 8 ports with 8 removable, self powered\npcib2: \u003cACPI PCI-PCI bridge\u003e at device 30.0 on pci0\npci2: \u003cACPI PCI bus\u003e on pcib2\npci2: \u003cnetwork, ethernet\u003e at device 4.0 (no driver attached)\npci2: \u003cnetwork, ethernet\u003e at device 6.0 (no driver attached)\npci2: \u003cnetwork, ethernet\u003e at device 7.0 (no driver attached)\nisab0: \u003cPCI-ISA bridge\u003e at device 31.0 on pci0\nisa0: \u003cISA bus\u003e on isab0\natapci0: \u003cIntel ICH7 SATA300 controller\u003e port 0x1f0-0x1f7,0x3f6,0x170-0x177,0x376,0xfa00-0xfa0f at device 31.2 on pci0\nata0: \u003cATA channel 0\u003e on atapci0\nata0: [ITHREAD]\nata1: \u003cATA channel 1\u003e on atapci0\nata1: [ITHREAD]\npci0: \u003cserial bus, SMBus\u003e at device 31.3 (no driver attached)\nacpi_tz0: \u003cThermal Zone\u003e on acpi0\nspeaker0: \u003cPC speaker\u003e port 0x61 on acpi0\ncpu0: \u003cACPI CPU\u003e on acpi0\np4tcc0: \u003cCPU Frequency Thermal Control\u003e on cpu0\ncpu1: \u003cACPI CPU\u003e on acpi0\np4tcc1: \u003cCPU Frequency Thermal Control\u003e on cpu1\ncpu2: \u003cACPI CPU\u003e on acpi0\np4tcc2: \u003cCPU Frequency Thermal Control\u003e on cpu2\ncpu3: \u003cACPI CPU\u003e on acpi0\np4tcc3: \u003cCPU Frequency Thermal Control\u003e on cpu3\npmtimer0 on isa0\norm0: \u003cISA Option ROM\u003e at iomem 0xcc000-0xccfff pnpid ORM0000 on isa0\natkbdc0: \u003cKeyboard controller (i8042)\u003e at port 0x60,0x64 on isa0\natkbd0: \u003cAT Keyboard\u003e irq 1 on atkbdc0\nkbd0 at atkbd0\natkbd0: [GIANT-LOCKED]\natkbd0: [ITHREAD]\nppc0: parallel port not found.\nsc0: \u003cSystem console\u003e at flags 0x100 on isa0\nsc0: VGA \u003c16 virtual consoles, flags=0x300\u003e\nsio0: configured irq 4 not in bitmap of probed irqs 0\nsio0: port may not be enabled\nsio0: configured irq 4 not in bitmap of probed irqs 0\nsio0: port may not be enabled\nsio0 at port 0x3f8-0x3ff irq 4 flags 0x10 on isa0\nsio0: type 8250 or not responding\nsio0: [FILTER]\nsio1: configured irq 3 not in bitmap of probed irqs 0\nsio1: port may not be enabled\nvga0: \u003cGeneric ISA VGA\u003e at port 0x3c0-0x3df iomem 0xa0000-0xbffff on isa0\nrue0: \u003cLinksys Linksys USB LAN Adapter, class 0/0, rev 1.10/1.00, addr 2\u003e on uhub0\nmiibus1: \u003cMII bus\u003e on rue0\nruephy0: \u003cRealTek RTL8150 internal media interface\u003e PHY 0 on miibus1\nruephy0:  10baseT, 10baseT-FDX, 100baseTX, 100baseTX-FDX, auto\nrue0: WARNING: using obsoleted if_watchdog interface\nrue0: WARNING: using obsoleted IFF_NEEDSGIANT flag\nrue0: Ethernet address: 00:1a:70:90:a0:6d\nrue1: \u003cLinksys Linksys USB LAN Adapter, class 0/0, rev 1.10/1.00, addr 2\u003e on uhub1\nmiibus2: \u003cMII bus\u003e on rue1\nruephy1: \u003cRealTek RTL8150 internal media interface\u003e PHY 0 on miibus2\nruephy1:  10baseT, 10baseT-FDX, 100baseTX, 100baseTX-FDX, auto\nrue1: WARNING: using obsoleted if_watchdog interface\nrue1: WARNING: using obsoleted IFF_NEEDSGIANT flag\nrue1: Ethernet address: 00:1a:70:90:a0:6c\nukbd0: \u003cNOVATEK USB Keyboard, class 0/0, rev 1.10/1.12, addr 3\u003e on uhub1\nkbd2 at ukbd0\nuhid0: \u003cNOVATEK USB Keyboard, class 0/0, rev 1.10/1.12, addr 3\u003e on uhub1\nTimecounters tick every 1.000 msec\nIPsec: Initialized Security Association Processing.\nad0: 3919MB \u003cSanDisk SDCFX3-004G HDX 4.32\u003e at ata0-master UDMA66\nSMP: AP CPU #1 Launched!\nSMP: AP CPU #2 Launched!\nSMP: AP CPU #3 Launched!\nTrying to mount root from ufs:/dev/ad0s1a\n\nFix: \n\nI have no idea but someone has replied my post on pfsense forum :\n\nWell it looks like the only issue is that Jetway has changed the PCI IDs and that those IDs are not claimed by the re driver. It should be a trivial kernel patch to fix this, but I don't have the expertise or development environment set up to do it myself.\nHow-To-Repeat: By using any NEW Jetway Board, Daughterboard, ... I've heard it's been used some other Mini-ITX and ITX boards like MSI, Tyan"
}