{
 "id": 1151005,
 "bug_id": 254190,
 "attachment_id": 0,
 "creation_time": "2021-03-10T14:08:31Z",
 "creator": "Steven.E.Friedrich@Gmail.com",
 "text": "Full dmesg:\n---\u003c\u003cBOOT\u003e\u003e---\nCopyright (c) 1992-2020 The FreeBSD Project.\nCopyright (c) 1979, 1980, 1983, 1986, 1988, 1989, 1991, 1992, 1993, 1994\n\tThe Regents of the University of California. All rights reserved.\nFreeBSD is a registered trademark of The FreeBSD Foundation.\nFreeBSD 12.2-RELEASE-p4 r369434 Special amd64\nFreeBSD clang version 10.0.1 (git@github.com:llvm/llvm-project.git llvmorg-10.0.1-0-gef32c611aa2)\nVT(efifb): resolution 1920x1080\nCPU: Intel(R) Core(TM) i7-8700 CPU @ 3.20GHz (3192.24-MHz K8-class CPU)\n  Origin=\"GenuineIntel\"  Id=0x906ea  Family=0x6  Model=0x9e  Stepping=10\n  Features=0xbfebfbff\u003cFPU,VME,DE,PSE,TSC,MSR,PAE,MCE,CX8,APIC,SEP,MTRR,PGE,MCA,CMOV,PAT,PSE36,CLFLUSH,DTS,ACPI,MMX,FXSR,SSE,SSE2,SS,HTT,TM,PBE\u003e\n  Features2=0x7ffafbff\u003cSSE3,PCLMULQDQ,DTES64,MON,DS_CPL,VMX,SMX,EST,TM2,SSSE3,SDBG,FMA,CX16,xTPR,PDCM,PCID,SSE4.1,SSE4.2,x2APIC,MOVBE,POPCNT,TSCDLT,AESNI,XSAVE,OSXSAVE,AVX,F16C,RDRAND\u003e\n  AMD Features=0x2c100800\u003cSYSCALL,NX,Page1GB,RDTSCP,LM\u003e\n  AMD Features2=0x121\u003cLAHF,ABM,Prefetch\u003e\n  Structured Extended Features=0x29c6fbf\u003cFSGSBASE,TSCADJ,SGX,BMI1,HLE,AVX2,SMEP,BMI2,ERMS,INVPCID,RTM,NFPUSG,MPX,RDSEED,ADX,SMAP,CLFLUSHOPT,PROCTRACE\u003e\n  Structured Extended Features2=0x40000000\u003cSGXLC\u003e\n  Structured Extended Features3=0x9c002600\u003cMCUOPT,MD_CLEAR,TSXFA,IBPB,STIBP,L1DFL,SSBD\u003e\n  XSAVE Features=0xf\u003cXSAVEOPT,XSAVEC,XINUSE,XSAVES\u003e\n  VT-x: PAT,HLT,MTF,PAUSE,EPT,UG,VPID\n  TSC: P-state invariant, performance statistics\nreal memory  = 17179869184 (16384 MB)\navail memory = 16294457344 (15539 MB)\nCPU microcode: no matching update found\nEvent timer \"LAPIC\" quality 600\nACPI APIC Table: \u003cHPQOEM SLIC-CPC\u003e\nFreeBSD/SMP: Multiprocessor System Detected: 12 CPUs\nFreeBSD/SMP: 1 package(s) x 6 core(s) x 2 hardware threads\nrandom: unblocking device.\nioapic0 \u003cVersion 2.0\u003e irqs 0-119 on motherboard\nLaunching APs: 1 10 2 8 4 6 11 3 7 9 5\nTimecounter \"TSC-low\" frequency 1596120476 Hz quality 1000\nrandom: entropy device external interface\n000.000039 [4336] netmap_init               netmap: loaded module\nmodule_register_init: MOD_LOAD (vesa, 0xffffffff80c22ae0, 0) error 19\nrandom: registering fast source Intel Secure Key RNG\nrandom: fast provider: \"Intel Secure Key RNG\"\n[ath_hal] loaded\nkbd1 at kbdmux0\nnexus0\nefirtc0: \u003cEFI Realtime Clock\u003e on motherboard\nefirtc0: registered as a time-of-day clock, resolution 1.000000s\ncryptosoft0: \u003csoftware crypto\u003e on motherboard\nacpi0: \u003cHPQOEM SLIC-CPC\u003e on motherboard\nacpi0: Power Button (fixed)\nunknown: memory range not supported\ncpu0: \u003cACPI CPU\u003e on acpi0\nhpet0: \u003cHigh Precision Event Timer\u003e iomem 0xfed00000-0xfed003ff on acpi0\nTimecounter \"HPET\" frequency 24000000 Hz quality 950\nEvent timer \"HPET\" frequency 24000000 Hz quality 350\nEvent timer \"HPET1\" frequency 24000000 Hz quality 340\nEvent timer \"HPET2\" frequency 24000000 Hz quality 340\nEvent timer \"HPET3\" frequency 24000000 Hz quality 340\nEvent timer \"HPET4\" frequency 24000000 Hz quality 340\nEvent timer \"HPET5\" frequency 24000000 Hz quality 340\nEvent timer \"HPET6\" frequency 24000000 Hz quality 340\nEvent timer \"HPET7\" frequency 24000000 Hz quality 340\nattimer0: \u003cAT timer\u003e port 0x40-0x43,0x50-0x53 irq 0 on acpi0\nTimecounter \"i8254\" frequency 1193182 Hz quality 0\nEvent timer \"i8254\" frequency 1193182 Hz quality 100\nTimecounter \"ACPI-fast\" frequency 3579545 Hz quality 900\nacpi_timer0: \u003c24-bit timer at 3.579545MHz\u003e port 0x1808-0x180b on acpi0\npcib0: \u003cACPI Host-PCI bridge\u003e port 0xcf8-0xcff on acpi0\npci0: \u003cACPI PCI bus\u003e on pcib0\nvgapci0: \u003cVGA-compatible display\u003e port 0x5000-0x503f mem 0x8d000000-0x8dffffff,0x90000000-0x9fffffff at device 2.0 on pci0\nvgapci0: Boot video device\nxhci0: \u003cIntel Cannon Lake USB 3.1 controller\u003e mem 0x8e300000-0x8e30ffff at device 20.0 on pci0\nxhci0: 32 bytes context size, 64-bit DMA\nusbus0 on xhci0\nusbus0: 5.0Gbps Super Speed USB v3.0\npci0: \u003cmemory, RAM\u003e at device 20.2 (no driver attached)\nsdhci_pci0: \u003cGeneric SD HCI\u003e mem 0x8e31f000-0x8e31ffff at device 20.5 on pci0\nsdhci_pci0: 1 slot(s) allocated\nig4iic0: \u003cIntel Cannon Lake-H I2C Controller-0\u003e at device 21.0 on pci0\nig4iic0: Using MSI\niicbus0: \u003cPhilips I2C bus (ACPI-hinted)\u003e on ig4iic0\nig4iic1: \u003cIntel Cannon Lake-H I2C Controller-1\u003e at device 21.1 on pci0\nig4iic1: Using MSI\niicbus1: \u003cPhilips I2C bus (ACPI-hinted)\u003e on ig4iic1\npci0: \u003csimple comms\u003e at device 22.0 (no driver attached)\nahci0: \u003cIntel Cannon Lake AHCI SATA controller\u003e port 0x5090-0x5097,0x5080-0x5083,0x5060-0x507f mem 0x8e314000-0x8e315fff,0x8e31b000-0x8e31b0ff,0x8e31a000-0x8e31a7ff at device 23.0 on pci0\nahci0: AHCI v1.31 with 6 6Gbps ports, Port Multiplier not supported\nahcich0: \u003cAHCI channel\u003e at channel 0 on ahci0\nahcich1: \u003cAHCI channel\u003e at channel 1 on ahci0\nahcich2: \u003cAHCI channel\u003e at channel 2 on ahci0\nahcich3: \u003cAHCI channel\u003e at channel 3 on ahci0\nahcich4: \u003cAHCI channel\u003e at channel 4 on ahci0\nahcich5: \u003cAHCI channel\u003e at channel 5 on ahci0\nahciem0: \u003cAHCI enclosure management bridge\u003e on ahci0\npcib1: \u003cACPI PCI-PCI bridge\u003e at device 28.0 on pci0\npci1: \u003cACPI PCI bus\u003e on pcib1\nre0: \u003cRealtek PCIe GbE Family Controller\u003e port 0x4000-0x40ff mem 0x8e204000-0x8e204fff,0x8e200000-0x8e203fff at device 0.0 on pci1\nre0: Using Memory Mapping!\nre0: Using 1 MSI-X message\nre0: ASPM disabled\nre0: version:1.96.04\nre0: Ethernet address: redacted\n\nThis product is covered by one or more of the following patents:            \nUS6,570,884, US6,115,776, and US6,327,625.\nre0: Ethernet address: redacted\npcib2: \u003cACPI PCI-PCI bridge\u003e at device 28.5 on pci0\npci2: \u003cACPI PCI bus\u003e on pcib2\npci2: \u003cnetwork\u003e at device 0.0 (no driver attached)\npci0: \u003csimple comms\u003e at device 30.0 (no driver attached)\nisab0: \u003cPCI-ISA bridge\u003e at device 31.0 on pci0\nisa0: \u003cISA bus\u003e on isab0\nhdac0: \u003cIntel Coffee Lake HDA Controller\u003e mem 0x8e310000-0x8e313fff,0x8e000000-0x8e0fffff at device 31.3 on pci0\npci0: \u003cserial bus\u003e at device 31.5 (no driver attached)\nacpi_button0: \u003cSleep Button\u003e on acpi0\nacpi_button1: \u003cPower Button\u003e on acpi0\nacpi_tz0: \u003cThermal Zone\u003e on acpi0\nacpi_tz1: \u003cThermal Zone\u003e on acpi0\nuart0: \u003c16550 or compatible\u003e port 0x3f8-0x3ff irq 3 flags 0x10 on acpi0\nacpi_syscontainer0: \u003cSystem Container\u003e on acpi0\natkbdc0: \u003cKeyboard controller (i8042)\u003e at port 0x60,0x64 on isa0\natkbd0: \u003cAT Keyboard\u003e irq 1 on atkbdc0\nkbd0 at atkbd0\natkbd0: [GIANT-LOCKED]\natrtc0: \u003cAT realtime clock\u003e at port 0x70 irq 8 on isa0\natrtc0: Warning: Couldn't map I/O.\natrtc0: registered as a time-of-day clock, resolution 1.000000s\nEvent timer \"RTC\" frequency 32768 Hz quality 0\ncoretemp0: \u003cCPU On-Die Thermal Sensors\u003e on cpu0\nest0: \u003cEnhanced SpeedStep Frequency Control\u003e on cpu0\nTimecounters tick every 1.000 msec\nhdacc0: \u003cRealtek ALC671 HDA CODEC\u003e at cad 0 on hdac0\nhdaa0: \u003cRealtek ALC671 Audio Function Group\u003e at nid 1 on hdacc0\npcm0: \u003cRealtek ALC671 (Rear Analog)\u003e at nid 20 and 27 on hdaa0\npcm1: \u003cRealtek ALC671 (Analog)\u003e at nid 33 and 24 on hdaa0\nhdacc1: \u003cIntel Kaby Lake HDA CODEC\u003e at cad 2 on hdac0\nhdaa1: \u003cIntel Kaby Lake Audio Function Group\u003e at nid 1 on hdacc1\npcm2: \u003cIntel Kaby Lake (HDMI/DP 8ch)\u003e at nid 3 on hdaa1\nTrying to mount root from ufs:/dev/ada0p4 [rw]...\nRoot mount waiting for: usbus0 CAM\nugen0.1: \u003c0x8086 XHCI root HUB\u003e at usbus0\nuhub0: \u003c0x8086 XHCI root HUB, class 9/0, rev 3.00/1.00, addr 1\u003e on usbus0\nses0 at ahciem0 bus 0 scbus6 target 0 lun 0\nses0: \u003cAHCI SGPIO Enclosure 2.00 0001\u003e SEMB S-E-S 2.00 device\nses0: SEMB SES Device\nada0 at ahcich0 bus 0 scbus0 target 0 lun 0\nada0: \u003cTOSHIBA HDWE160 FS2A\u003e ATA8-ACS SATA 3.x device\nada0: Serial Number 68IWK36IF56D\nada0: 600.000MB/s transfers (SATA 3.x, UDMA5, PIO 8192bytes)\nada0: Command Queueing enabled\nada0: 5723166MB (11721045168 512 byte sectors)\nses0: pass0,ada0 in 'Slot 00', SATA Slot: scbus0 target 0\nses0: pass1,cd0 in 'Slot 02', SATA Slot: scbus2 target 0\ncd0 at ahcich2 bus 0 scbus2 target 0 lun 0\ncd0: \u003chp PLDS DVDRW  DU8AESH 6HSM\u003e Removable CD-ROM SCSI device\ncd0: Serial Number XHDFPDYAR1BW\ncd0: 150.000MB/s transfers (SATA 1.x, UDMA6, ATAPI 12bytes, PIO 8192bytes)\ncd0: Attempt to query device size failed: NOT READY, Medium not present - tray closed\nuhub0: 24 ports with 24 removable, self powered\nRoot mount waiting for: usbus0\nugen0.2: \u003cChicony HP USB Keyboard\u003e at usbus0\nukbd0 on uhub0\nukbd0: \u003cChicony HP USB Keyboard, class 0/0, rev 2.00/0.24, addr 1\u003e on usbus0\nkbd2 at ukbd0\nugen0.3: \u003cPixArt HP USB Optical Mouse\u003e at usbus0\nRoot mount waiting for: usbus0\nugen0.4: \u003cRealtek Bluetooth Radio\u003e at usbus0\nmountroot: waiting for device /dev/ada0p4...\ndrmn0: \u003cdrmn\u003e on vgapci0\nvgapci0: child drmn0 requested pci_enable_io\nvgapci0: child drmn0 requested pci_enable_io\n[drm] Unable to create a private tmpfs mount, hugepage support will be disabled(-19).\nSuccessfully added WC MTRR for [0x90000000-0x9fffffff]: 0; \n[drm] Got stolen memory base 0x8a800000, size 0x2000000\n[drm] Supports vblank timestamp caching Rev 2 (21.10.2013).\n[drm] Driver supports precise vblank timestamp query.\n[drm] Connector HDMI-A-1: get mode from tunables:\n[drm]   - kern.vt.fb.modes.HDMI-A-1\n[drm]   - kern.vt.fb.default_mode\n[drm] Connector DP-1: get mode from tunables:\n[drm]   - kern.vt.fb.modes.DP-1\n[drm]   - kern.vt.fb.default_mode\n[drm] Initialized i915 1.6.0 20171222 for drmn0 on minor 0\nVT: Replacing driver \"efifb\" with new \"fb\".\nstart FB_INFO:\ntype=11 height=1080 width=1920 depth=32\ncmsize=16 size=8294400\npbase=0x90040000 vbase=0xfffff80090040000\nname=drmn0 flags=0x0 stride=7680 bpp=32\ncmap[0]=0 cmap[1]=7f0000 cmap[2]=7f00 cmap[3]=c4a000\nend FB_INFO\ndrmn0: fb0: inteldrmfb frame buffer device\ni915/kbl_dmc_ver1_04.bin: could not load firmware image, error 2\ndrmn0: fail (0) to get firmware image with name: i915/kbl_dmc_ver1_04.bin\ndrmn0: successfully loaded firmware image with mapped name: i915_kbl_dmc_ver1_04_bin\n[drm] Finished loading DMC firmware i915/kbl_dmc_ver1_04.bin (v1.4)\nlo0: link state changed to UP\nre0: link state changed to UP\nuhid0 on uhub0\nuhid0: \u003cChicony HP USB Keyboard, class 0/0, rev 2.00/0.24, addr 1\u003e on usbus0\nums0 on uhub0\nums0: \u003cPixArt HP USB Optical Mouse, class 0/0, rev 2.00/1.00, addr 2\u003e on usbus0\nums0: 3 buttons and [XYZ] coordinates ID=0\nubt0 on uhub0\nubt0: \u003cBluetooth Radio\u003e on usbus0\nWARNING: attempt to domain_add(bluetooth) after domainfinalize()\nWARNING: attempt to domain_add(netgraph) after domainfinalize()\nCPU: Intel(R) Core(TM) i7-8700 CPU @ 3.20GHz (3192.24-MHz K8-class CPU)\n  Origin=\"GenuineIntel\"  Id=0x906ea  Family=0x6  Model=0x9e  Stepping=10\n  Features=0xbfebfbff\u003cFPU,VME,DE,PSE,TSC,MSR,PAE,MCE,CX8,APIC,SEP,MTRR,PGE,MCA,CMOV,PAT,PSE36,CLFLUSH,DTS,ACPI,MMX,FXSR,SSE,SSE2,SS,HTT,TM,PBE\u003e\n  Features2=0x7ffafbff\u003cSSE3,PCLMULQDQ,DTES64,MON,DS_CPL,VMX,SMX,EST,TM2,SSSE3,SDBG,FMA,CX16,xTPR,PDCM,PCID,SSE4.1,SSE4.2,x2APIC,MOVBE,POPCNT,TSCDLT,AESNI,XSAVE,OSXSAVE,AVX,F16C,RDRAND\u003e\n  AMD Features=0x2c100800\u003cSYSCALL,NX,Page1GB,RDTSCP,LM\u003e\n  AMD Features2=0x121\u003cLAHF,ABM,Prefetch\u003e\n  Structured Extended Features=0x29c6fbf\u003cFSGSBASE,TSCADJ,SGX,BMI1,HLE,AVX2,SMEP,BMI2,ERMS,INVPCID,RTM,NFPUSG,MPX,RDSEED,ADX,SMAP,CLFLUSHOPT,PROCTRACE\u003e\n  Structured Extended Features2=0x40000000\u003cSGXLC\u003e\n  Structured Extended Features3=0x9c002600\u003cMCUOPT,MD_CLEAR,TSXFA,IBPB,STIBP,L1DFL,SSBD\u003e\n  XSAVE Features=0xf\u003cXSAVEOPT,XSAVEC,XINUSE,XSAVES\u003e\n  VT-x: PAT,HLT,MTF,PAUSE,EPT,UG,VPID\n  TSC: P-state invariant, performance statistics\n\npciconf -lv pci0:0:20:2\nnone0@pci0:0:20:2:\tclass=0x050000 card=0x72708086 chip=0xa36f8086 rev=0x10 hdr=0x00\n    vendor     = 'Intel Corporation'\n    device     = 'Cannon Lake PCH Shared SRAM'\n    class      = memory\n    subclass   = RAM\n\ndrm-fbsd12.0-kmod-4.16.g20201016_1 =\ndrm-kmod-g20190710_1               =\ndrm_info-2.2.0_1                   =\nlibdrm-2.4.104,1                   =\n\nNote the drm message regarding stolen memory.  You can't use stolen memory.  It is causing my console corruption.\n\nHP-Slimline 290-p0014 Desktop using integrated UHD Graphics 630\nFreeBSD FreeBSD 12.2-RELEASE-p4 FreeBSD 12.2-RELEASE-p4 r369434 Special  amd64\nPath: /usr/ports\nWorking Copy Root Path: /usr/ports\nURL: https://svn.freebsd.org/ports/head\nRelative URL: ^/head\nRepository Root: https://svn.freebsd.org/ports\nRepository UUID: 35697150-7ecd-e111-bb59-0022644237b5\nRevision: 567992\nNode Kind: directory\nSchedule: normal\nLast Changed Author: vd\nLast Changed Rev: 567992\nLast Changed Date: 2021-03-10 05:29:13 -0500 (Wed, 10 Mar 2021)"
}