{
 "id": 350430,
 "bug_id": 103602,
 "attachment_id": 0,
 "creation_time": "2007-02-20T18:51:53Z",
 "creator": "josh.carroll@gmail.com",
 "text": "Thomas,\n\nApologies, the panic I was seeing was when I tried to kldunload\natapicam on -CURRENT. It does NOT panic after loading atapicam.\n\nHowever, I see the same behavior in 7.0-CURRENT as I do with\n6.2-RELEASE. Namely, an interrupt storm on irq17.\n\ncamcontrol devlist still shows the device.\n\nWhen booting from the 7.0-CURRENT cd directly and loading atapicam, I\nsee this in the console:\n\nata4: reiniting channel ..\nata4: reset tp1 mask=03 ostat0=50 ostat1=51\nata4: stat0=0xd0 err=0xd0 lsb=0xd0 msb=0xd0\nata4: stat0=0xd0 err=0xd0 lsb=0xd0 msb=0xd0\nata4: stat0=0x50 err=0x01 lsb=0x00 msb=0x00\nata4: stat1=0x00 err=0x01 lsb=0x14 msb=0xeb\nata4: reset tp2 stat0=50 stat1=00 devices=0x9\u003cATAPI_SLAVE,ATA_MASTER\u003e\nata4: reinit done ..\n\nIt then repeats the same message.\n\nWhen I try to run growisofs -dvd-compat -Z /dev/acd0=current.iso\n\nI get similar messages to what I see in 6.2-RELEASE when I try to\nmounta cd/dvd after loading atapicam:\n\nacd0: WARNING - TEST_UNIT_READY taskqueue timeout - completing request directly\nacd0: WARNING - TEST_UNIT_READY freeing taskqueue zombie request\n\nBelow is the verbose dmesg output from the 7.0-CURRENT kernel boot.\n\nThanks,\nJosh\n\n\nCopyright (c) 1992-2007 The FreeBSD Project.\nCopyright (c) 1979, 1980, 1983, 1986, 1988, 1989, 1991, 1992, 1993, 1994\n\tThe Regents of the University of California. All rights reserved.\nFreeBSD is a registered trademark of The FreeBSD Foundation.\nFreeBSD 7.0-CURRENT-200702 #0: Sun Feb  4 15:23:34 UTC 2007\n    root@almeida.cse.buffalo.edu:/usr/obj/usr/src/sys/GENERIC\nWARNING: WITNESS option enabled, expect reduced performance.\nUsing 64 colors for the VM-PQ tuning (4096, 16)\nPreloaded elf kernel \"/boot/kernel/kernel\" at 0xc0c18000.\nPreloaded elf module \"/boot/kernel/acpi.ko\" at 0xc0c18194.\nCalibrating clock(s) ... i8254 clock: 1193143 Hz\nCLK_USE_I8254_CALIBRATION not specified - using default frequency\nTimecounter \"i8254\" frequency 1193182 Hz quality 0\nCalibrating TSC clock ... TSC clock: 3200015072 Hz\nCPU: Intel(R) Core(TM)2 CPU         X6900  @ 3.20GHz (3200.02-MHz 686-class CPU)\n  Origin = \"GenuineIntel\"  Id = 0x6f6  Stepping = 6\n  Features=0xbfebfbff\u003cFPU,VME,DE,PSE,TSC,MSR,PAE,MCE,CX8,APIC,SEP,MTRR,PGE,MCA,CMOV,PAT,PSE36,CLFLUSH,DTS,ACPI,MMX,FXSR,SSE,SSE2,SS,HTT,TM,PBE\u003e\n  Features2=0xe3bd\u003cSSE3,RSVD2,MON,DS_CPL,VMX,EST,TM2,SSSE3,CX16,XTPR,\u003cb15\u003e\u003e\n  AMD Features=0x20100000\u003cNX,LM\u003e\n  AMD Features2=0x1\u003cLAHF\u003e\n  Cores per package: 2\n\nInstruction TLB: 4 KB Pages, 4-way set associative, 128 entries\n1st-level instruction cache: 32 KB, 8-way set associative, 64 byte line size\n1st-level data cache: 32 KB, 8-way set associative, 64 byte line size\nL2 cache: 4096 kbytes, 16-way associative, 64 bytes/line\nreal memory  = 2147024896 (2047 MB)\nPhysical memory chunk(s):\n0x0000000000001000 - 0x000000000009dfff, 643072 bytes (157 pages)\n0x0000000000100000 - 0x00000000003fffff, 3145728 bytes (768 pages)\n0x0000000001028000 - 0x000000007db41fff, 2092015616 bytes (510746 pages)\navail memory = 2091548672 (1994 MB)\nMP Configuration Table version 1.4 found at 0xc00e3e20\nTable 'FACP' at 0x7ff90290\nTable 'APIC' at 0x7ff90390\nMADT: Found table at 0x7ff90390\nAPIC: Using the MADT enumerator.\nMADT: Found CPU APIC ID 0 ACPI ID 1: enabled\nSMP: Added CPU 0 (AP)\nMADT: Found CPU APIC ID 1 ACPI ID 2: enabled\nSMP: Added CPU 1 (AP)\nMADT: Found CPU APIC ID 130 ACPI ID 3: disabled\nMADT: Found CPU APIC ID 131 ACPI ID 4: disabled\nINTR: Adding local APIC 0 as a target\nACPI APIC Table: \u003cMSTEST OEMAPIC \u003e\nINTR: Adding local APIC 1 as a target\nFreeBSD/SMP: Multiprocessor System Detected: 2 CPUs\n cpu0 (BSP): APIC ID:  0\n cpu1 (AP): APIC ID:  1\nbios32: Found BIOS32 Service Directory header at 0xc00f0000\nbios32: Entry = 0xf0010 (c00f0010)  Rev = 0  Len = 1\npcibios: PCI BIOS entry at 0xf0000+0x31\npnpbios: Found PnP BIOS data at 0xc00f65f0\npnpbios: Entry = f0000:798a  Rev = 1.0\nOther BIOS signatures found:\nAPIC: CPU 0 has ACPI ID 1\nAPIC: CPU 1 has ACPI ID 2\nMADT: Found IO APIC ID 2, Interrupt 0 at 0xfec00000\nioapic0: Routing external 8259A's -\u003e intpin 0\nMADT: Interrupt override: source 0, irq 2\nioapic0: Routing IRQ 0 -\u003e intpin 2\nMADT: Interrupt override: source 9, irq 9\nioapic0: intpin 9 trigger: level\nioapic0 \u003cVersion 2.0\u003e irqs 0-23 on motherboard\ncpu0 BSP:\n     ID: 0x00000000   VER: 0x00050014 LDR: 0x00000000 DFR: 0xffffffff\n  lint0: 0x00010700 lint1: 0x00000400 TPR: 0x00000000 SVR: 0x000001ff\n  timer: 0x000100ef therm: 0x00010000 err: 0x0001000f pcm: 0x00010000\nath_rate: version 1.2 \u003cSampleRate bit-rate selection algorithm\u003e\nwlan: \u003c802.11 Link Layer\u003e\nnull: \u003cnull device, zero device\u003e\nrandom: \u003centropy source, Software, Yarrow\u003e\nnfslock: pseudo-device\nio: \u003cI/O\u003e\nkbd: new array size 4\nkbd1 at kbdmux0\nmem: \u003cmemory\u003e\nPentium Pro MTRR support enabled\nath_hal: 0.9.20.3 (AR5210, AR5211, AR5212, RF5111, RF5112, RF2413, RF5413)\nrr232x: RocketRAID 232x controller driver v1.02 (Feb  4 2007 15:23:07)\nnpx0: INT 16 interface\nacpi0: \u003cKOZIRO FRONTIER\u003e on motherboard\nioapic0: routing intpin 9 (ISA IRQ 9) to vector 48\nacpi0: [MPSAFE]\npci_open(1):\tmode 1 addr port (0x0cf8) is 0x80000094\npci_open(1a):\tmode1res=0x80000000 (0x80000000)\npci_cfgcheck:\tdevice 0 [class=060000] [hdr=00] is there (id=29a08086)\npcibios: BIOS version 3.00\nacpi_bus_number: root bus has no _BBN, assuming 0\nacpi_bus_number: can't get _ADR\nacpi_bus_number: can't get _ADR\nAcpiOsDerivePciId: bus 0 dev 0 func 0\nacpi_bus_number: root bus has no _BBN, assuming 0\nacpi_bus_number: can't get _ADR\nacpi_bus_number: can't get _ADR\nAcpiOsDerivePciId: bus 0 dev 31 func 0\nacpi0: Power Button (fixed)\nacpi0: wakeup code va 0xd9098000 pa 0x9d000\nACPI timer: 1/1 1/1 1/1 1/1 1/1 1/1 1/1 1/1 1/1 1/1 -\u003e 10\nTimecounter \"ACPI-fast\" frequency 3579545 Hz quality 1000\nacpi_timer0: \u003c24-bit timer at 3.579545MHz\u003e port 0x808-0x80b on acpi0\npci_link0:        Index  IRQ  Rtd  Ref  IRQs\n  Initial Probe       0   11   N     0  3 4 5 6 7 10 11 12 14 15\n  Validation          0   11   N     0  3 4 5 6 7 10 11 12 14 15\n  After Disable       0  255   N     0  3 4 5 6 7 10 11 12 14 15\npci_link1:        Index  IRQ  Rtd  Ref  IRQs\n  Initial Probe       0    5   N     0  3 4 5 6 7 10 11 12 14 15\n  Validation          0    5   N     0  3 4 5 6 7 10 11 12 14 15\n  After Disable       0  255   N     0  3 4 5 6 7 10 11 12 14 15\npci_link2:        Index  IRQ  Rtd  Ref  IRQs\n  Initial Probe       0   15   N     0  3 4 5 6 7 10 11 12 14 15\n  Validation          0   15   N     0  3 4 5 6 7 10 11 12 14 15\n  After Disable       0  255   N     0  3 4 5 6 7 10 11 12 14 15\npci_link3:        Index  IRQ  Rtd  Ref  IRQs\n  Initial Probe       0   10   N     0  3 4 5 6 7 10 11 12 14 15\n  Validation          0   10   N     0  3 4 5 6 7 10 11 12 14 15\n  After Disable       0  255   N     0  3 4 5 6 7 10 11 12 14 15\npci_link4:        Index  IRQ  Rtd  Ref  IRQs\n  Initial Probe       0  255   N     0  3 4 5 6 7 10 11 12 14 15\n  Validation          0  255   N     0  3 4 5 6 7 10 11 12 14 15\n  After Disable       0  255   N     0  3 4 5 6 7 10 11 12 14 15\npci_link5:        Index  IRQ  Rtd  Ref  IRQs\n  Initial Probe       0  255   N     0  3 4 5 6 7 10 11 12 14 15\n  Validation          0  255   N     0  3 4 5 6 7 10 11 12 14 15\n  After Disable       0  255   N     0  3 4 5 6 7 10 11 12 14 15\npci_link6:        Index  IRQ  Rtd  Ref  IRQs\n  Initial Probe       0   14   N     0  3 4 5 6 7 10 11 12 14 15\n  Validation          0   14   N     0  3 4 5 6 7 10 11 12 14 15\n  After Disable       0  255   N     0  3 4 5 6 7 10 11 12 14 15\npci_link7:        Index  IRQ  Rtd  Ref  IRQs\n  Initial Probe       0    3   N     0  3 4 5 6 7 10 11 12 14 15\n  Validation          0    3   N     0  3 4 5 6 7 10 11 12 14 15\n  After Disable       0  255   N     0  3 4 5 6 7 10 11 12 14 15\ncpu0: \u003cACPI CPU\u003e on acpi0\ncpu0: switching to generic Cx mode\ncpu1: \u003cACPI CPU\u003e on acpi0\npcib0: \u003cACPI Host-PCI bridge\u003e port 0xcf8-0xcff on acpi0\npci0: \u003cACPI PCI bus\u003e on pcib0\npci0: physical bus=0\nfound-\u003e\tvendor=0x8086, dev=0x29a0, revid=0x02\n\tbus=0, slot=0, func=0\n\tclass=06-00-00, hdrtype=0x00, mfdev=0\n\tcmdreg=0x0006, statreg=0x2090, cachelnsz=0 (dwords)\n\tlattimer=0x00 (0 ns), mingnt=0x00 (0 ns), maxlat=0x00 (0 ns)\nfound-\u003e\tvendor=0x8086, dev=0x29a1, revid=0x02\n\tbus=0, slot=1, func=0\n\tclass=06-04-00, hdrtype=0x01, mfdev=0\n\tcmdreg=0x0107, statreg=0x0010, cachelnsz=8 (dwords)\n\tlattimer=0x00 (0 ns), mingnt=0x0a (2500 ns), maxlat=0x00 (0 ns)\n\tintpin=a, irq=11\n\tpowerspec 3  supports D0 D3  current D0\n\tMSI supports 1 message\npcib0: matched entry for 0.1.INTA\npcib0: slot 1 INTA hardwired to IRQ 16\nfound-\u003e\tvendor=0x8086, dev=0x2834, revid=0x02\n\tbus=0, slot=26, func=0\n\tclass=0c-03-00, hdrtype=0x00, mfdev=1\n\tcmdreg=0x0005, statreg=0x0280, cachelnsz=0 (dwords)\n\tlattimer=0x00 (0 ns), mingnt=0x00 (0 ns), maxlat=0x00 (0 ns)\n\tintpin=a, irq=11\n\tmap[20]: type 4, range 32, base 0xe000, size  5, enabled\npcib0: matched entry for 0.26.INTA\npcib0: slot 26 INTA hardwired to IRQ 16\nfound-\u003e\tvendor=0x8086, dev=0x2835, revid=0x02\n\tbus=0, slot=26, func=1\n\tclass=0c-03-00, hdrtype=0x00, mfdev=0\n\tcmdreg=0x0005, statreg=0x0280, cachelnsz=0 (dwords)\n\tlattimer=0x00 (0 ns), mingnt=0x00 (0 ns), maxlat=0x00 (0 ns)\n\tintpin=b, irq=5\n\tmap[20]: type 4, range 32, base 0xe080, size  5, enabled\npcib0: matched entry for 0.26.INTB\npcib0: slot 26 INTB hardwired to IRQ 17\nfound-\u003e\tvendor=0x8086, dev=0x283a, revid=0x02\n\tbus=0, slot=26, func=7\n\tclass=0c-03-20, hdrtype=0x00, mfdev=0\n\tcmdreg=0x0006, statreg=0x0290, cachelnsz=0 (dwords)\n\tlattimer=0x00 (0 ns), mingnt=0x00 (0 ns), maxlat=0x00 (0 ns)\n\tintpin=c, irq=15\n\tpowerspec 2  supports D0 D3  current D0\n\tmap[10]: type 1, range 32, base 0xfebff400, size 10, enabled\npcib0: matched entry for 0.26.INTC\npcib0: slot 26 INTC hardwired to IRQ 18\nfound-\u003e\tvendor=0x8086, dev=0x283f, revid=0x02\n\tbus=0, slot=28, func=0\n\tclass=06-04-00, hdrtype=0x01, mfdev=1\n\tcmdreg=0x0106, statreg=0x0010, cachelnsz=8 (dwords)\n\tlattimer=0x00 (0 ns), mingnt=0x02 (500 ns), maxlat=0x00 (0 ns)\n\tintpin=a, irq=11\n\tpowerspec 2  supports D0 D3  current D0\n\tMSI supports 1 message\npcib0: matched entry for 0.28.INTA\npcib0: slot 28 INTA hardwired to IRQ 16\nfound-\u003e\tvendor=0x8086, dev=0x2847, revid=0x02\n\tbus=0, slot=28, func=4\n\tclass=06-04-00, hdrtype=0x01, mfdev=1\n\tcmdreg=0x0107, statreg=0x0010, cachelnsz=8 (dwords)\n\tlattimer=0x00 (0 ns), mingnt=0x02 (500 ns), maxlat=0x00 (0 ns)\n\tintpin=a, irq=11\n\tpowerspec 2  supports D0 D3  current D0\n\tMSI supports 1 message\npcib0: matched entry for 0.28.INTA\npcib0: slot 28 INTA hardwired to IRQ 16\nfound-\u003e\tvendor=0x8086, dev=0x2830, revid=0x02\n\tbus=0, slot=29, func=0\n\tclass=0c-03-00, hdrtype=0x00, mfdev=1\n\tcmdreg=0x0005, statreg=0x0280, cachelnsz=0 (dwords)\n\tlattimer=0x00 (0 ns), mingnt=0x00 (0 ns), maxlat=0x00 (0 ns)\n\tintpin=a, irq=3\n\tmap[20]: type 4, range 32, base 0xd800, size  5, enabled\npcib0: matched entry for 0.29.INTA\npcib0: slot 29 INTA hardwired to IRQ 23\nfound-\u003e\tvendor=0x8086, dev=0x2831, revid=0x02\n\tbus=0, slot=29, func=1\n\tclass=0c-03-00, hdrtype=0x00, mfdev=0\n\tcmdreg=0x0005, statreg=0x0280, cachelnsz=0 (dwords)\n\tlattimer=0x00 (0 ns), mingnt=0x00 (0 ns), maxlat=0x00 (0 ns)\n\tintpin=b, irq=10\n\tmap[20]: type 4, range 32, base 0xd880, size  5, enabled\npcib0: matched entry for 0.29.INTB\npcib0: slot 29 INTB hardwired to IRQ 19\nfound-\u003e\tvendor=0x8086, dev=0x2832, revid=0x02\n\tbus=0, slot=29, func=2\n\tclass=0c-03-00, hdrtype=0x00, mfdev=0\n\tcmdreg=0x0005, statreg=0x0280, cachelnsz=0 (dwords)\n\tlattimer=0x00 (0 ns), mingnt=0x00 (0 ns), maxlat=0x00 (0 ns)\n\tintpin=c, irq=15\n\tmap[20]: type 4, range 32, base 0xdc00, size  5, enabled\npcib0: matched entry for 0.29.INTC\npcib0: slot 29 INTC hardwired to IRQ 18\nfound-\u003e\tvendor=0x8086, dev=0x2836, revid=0x02\n\tbus=0, slot=29, func=7\n\tclass=0c-03-20, hdrtype=0x00, mfdev=0\n\tcmdreg=0x0006, statreg=0x0290, cachelnsz=0 (dwords)\n\tlattimer=0x00 (0 ns), mingnt=0x00 (0 ns), maxlat=0x00 (0 ns)\n\tintpin=a, irq=3\n\tpowerspec 2  supports D0 D3  current D0\n\tmap[10]: type 1, range 32, base 0xfebff000, size 10, enabled\npcib0: matched entry for 0.29.INTA\npcib0: slot 29 INTA hardwired to IRQ 23\nfound-\u003e\tvendor=0x8086, dev=0x244e, revid=0xf2\n\tbus=0, slot=30, func=0\n\tclass=06-04-01, hdrtype=0x01, mfdev=0\n\tcmdreg=0x0107, statreg=0x0010, cachelnsz=0 (dwords)\n\tlattimer=0x00 (0 ns), mingnt=0x02 (500 ns), maxlat=0x00 (0 ns)\nfound-\u003e\tvendor=0x8086, dev=0x2810, revid=0x02\n\tbus=0, slot=31, func=0\n\tclass=06-01-00, hdrtype=0x00, mfdev=1\n\tcmdreg=0x0007, statreg=0x0210, cachelnsz=0 (dwords)\n\tlattimer=0x00 (0 ns), mingnt=0x00 (0 ns), maxlat=0x00 (0 ns)\nfound-\u003e\tvendor=0x8086, dev=0x2824, revid=0x02\n\tbus=0, slot=31, func=2\n\tclass=01-06-01, hdrtype=0x00, mfdev=0\n\tcmdreg=0x0007, statreg=0x02b0, cachelnsz=0 (dwords)\n\tlattimer=0x00 (0 ns), mingnt=0x00 (0 ns), maxlat=0x00 (0 ns)\n\tintpin=b, irq=10\n\tpowerspec 3  supports D0 D3  current D0\n\tMSI supports 16 messages\n\tmap[10]: type 4, range 32, base 0xec00, size  3, enabled\n\tmap[14]: type 4, range 32, base 0xe880, size  2, enabled\n\tmap[18]: type 4, range 32, base 0xe800, size  3, enabled\n\tmap[1c]: type 4, range 32, base 0xe480, size  2, enabled\n\tmap[20]: type 4, range 32, base 0xe400, size  5, enabled\n\tmap[24]: type 1, range 32, base 0xfebff800, size 11, enabled\npcib0: matched entry for 0.31.INTB\npcib0: slot 31 INTB hardwired to IRQ 19\nfound-\u003e\tvendor=0x8086, dev=0x283e, revid=0x02\n\tbus=0, slot=31, func=3\n\tclass=0c-05-00, hdrtype=0x00, mfdev=0\n\tcmdreg=0x0001, statreg=0x0280, cachelnsz=0 (dwords)\n\tlattimer=0x00 (0 ns), mingnt=0x00 (0 ns), maxlat=0x00 (0 ns)\n\tintpin=c, irq=10\n\tmap[10]: type 1, range 32, base 0, size  8, memory disabled\n\tmap[20]: type 4, range 32, base 0x400, size  5, enabled\npcib0: matched entry for 0.31.INTC\npcib0: slot 31 INTC hardwired to IRQ 18\npcib1: \u003cACPI PCI-PCI bridge\u003e irq 16 at device 1.0 on pci0\npcib1:   secondary bus     1\npcib1:   subordinate bus   1\npcib1:   I/O decode        0xf000-0xfff\npcib1:   memory decode     0xfa700000-0xfe7fffff\npcib1:   prefetched decode 0xbfe00000-0xdfdfffff\npci1: \u003cACPI PCI bus\u003e on pcib1\npci1: physical bus=1\nfound-\u003e\tvendor=0x10de, dev=0x0163, revid=0xa1\n\tbus=1, slot=0, func=0\n\tclass=03-00-00, hdrtype=0x00, mfdev=0\n\tcmdreg=0x0007, statreg=0x0010, cachelnsz=8 (dwords)\n\tlattimer=0x00 (0 ns), mingnt=0x00 (0 ns), maxlat=0x00 (0 ns)\n\tintpin=a, irq=11\n\tpowerspec 2  supports D0 D3  current D0\n\tMSI supports 1 message, 64 bit\n\tmap[10]: type 1, range 32, base 0xfd000000, size 24, enabled\npcib1: requested memory range 0xfd000000-0xfdffffff: good\n\tmap[14]: type 3, range 64, base 0xc0000000, size 28, enabled\npcib1: requested memory range 0xc0000000-0xcfffffff: good\n\tmap[1c]: type 1, range 64, base 0xfc000000, size 24, enabled\npcib1: requested memory range 0xfc000000-0xfcffffff: good\npcib1: matched entry for 1.0.INTA\npcib1: slot 0 INTA hardwired to IRQ 16\nvgapci0: \u003cVGA-compatible display\u003e mem\n0xfd000000-0xfdffffff,0xc0000000-0xcfffffff,0xfc000000-0xfcffffff irq\n16 at device 0.0 on pci1\nuhci0: \u003cUHCI (generic) USB controller\u003e port 0xe000-0xe01f irq 16 at\ndevice 26.0 on pci0\nuhci0: Reserved 0x20 bytes for rid 0x20 type 4 at 0xe000\nioapic0: routing intpin 16 (PCI IRQ 16) to vector 49\nuhci0: [GIANT-LOCKED]\nusb0: \u003cUHCI (generic) USB controller\u003e on uhci0\nusb0: USB revision 1.0\nuhub0: \u003cIntel UHCI root hub, class 9/0, rev 1.00/1.00, addr 1\u003e on usb0\nuhub0: 2 ports with 2 removable, self powered\nuhci1: \u003cUHCI (generic) USB controller\u003e port 0xe080-0xe09f irq 17 at\ndevice 26.1 on pci0\nuhci1: Reserved 0x20 bytes for rid 0x20 type 4 at 0xe080\nioapic0: routing intpin 17 (PCI IRQ 17) to vector 50\nuhci1: [GIANT-LOCKED]\nusb1: \u003cUHCI (generic) USB controller\u003e on uhci1\nusb1: USB revision 1.0\nuhub1: \u003cIntel UHCI root hub, class 9/0, rev 1.00/1.00, addr 1\u003e on usb1\nuhub1: 2 ports with 2 removable, self powered\nehci0: \u003cEHCI (generic) USB 2.0 controller\u003e mem 0xfebff400-0xfebff7ff\nirq 18 at device 26.7 on pci0\nehci0: Reserved 0x400 bytes for rid 0x10 type 3 at 0xfebff400\nioapic0: routing intpin 18 (PCI IRQ 18) to vector 51\nehci0: [GIANT-LOCKED]\nusb2: EHCI version 1.0\nusb2: companion controllers, 2 ports each: usb0 usb1\nusb2: \u003cEHCI (generic) USB 2.0 controller\u003e on ehci0\nusb2: USB revision 2.0\nuhub2: \u003cIntel EHCI root hub, class 9/0, rev 2.00/1.00, addr 1\u003e on usb2\nuhub2: 4 ports with 4 removable, self powered\npcib2: \u003cACPI PCI-PCI bridge\u003e irq 16 at device 28.0 on pci0\npcib2:   secondary bus     3\npcib2:   subordinate bus   3\npcib2:   I/O decode        0x0-0x0\npcib2:   prefetched decode 0xdfe00000-0xdfefffff\npci3: \u003cACPI PCI bus\u003e on pcib2\npci3: physical bus=3\npcib3: \u003cACPI PCI-PCI bridge\u003e irq 16 at device 28.4 on pci0\npcib3:   secondary bus     2\npcib3:   subordinate bus   2\npcib3:   I/O decode        0xb000-0xbfff\npcib3:   memory decode     0xfe800000-0xfe8fffff\npcib3:   no prefetched decode\npci2: \u003cACPI PCI bus\u003e on pcib3\npci2: physical bus=2\nfound-\u003e\tvendor=0x197b, dev=0x2363, revid=0x02\n\tbus=2, slot=0, func=0\n\tclass=01-06-01, hdrtype=0x00, mfdev=1\n\tcmdreg=0x0007, statreg=0x0010, cachelnsz=8 (dwords)\n\tlattimer=0x00 (0 ns), mingnt=0x00 (0 ns), maxlat=0x00 (0 ns)\n\tintpin=a, irq=11\n\tpowerspec 2  supports D0 D3  current D0\n\tmap[24]: type 1, range 32, base 0xfe8fe000, size 13, enabled\npcib3: requested memory range 0xfe8fe000-0xfe8fffff: good\npcib3: matched entry for 2.0.INTA\npcib3: slot 0 INTA hardwired to IRQ 16\nfound-\u003e\tvendor=0x197b, dev=0x2363, revid=0x02\n\tbus=2, slot=0, func=1\n\tclass=01-01-85, hdrtype=0x00, mfdev=0\n\tcmdreg=0x0007, statreg=0x0010, cachelnsz=0 (dwords)\n\tlattimer=0x00 (0 ns), mingnt=0x00 (0 ns), maxlat=0x00 (0 ns)\n\tintpin=b, irq=255\n\tpowerspec 2  supports D0 D3  current D0\n\tmap[10]: type 4, range 32, base 0xbc00, size  3, enabled\npcib3: requested I/O range 0xbc00-0xbc07: in range\n\tmap[14]: type 4, range 32, base 0xb880, size  2, enabled\npcib3: requested I/O range 0xb880-0xb883: in range\n\tmap[18]: type 4, range 32, base 0xb800, size  3, enabled\npcib3: requested I/O range 0xb800-0xb807: in range\n\tmap[1c]: type 4, range 32, base 0xb480, size  2, enabled\npcib3: requested I/O range 0xb480-0xb483: in range\n\tmap[20]: type 4, range 32, base 0xb400, size  4, enabled\npcib3: requested I/O range 0xb400-0xb40f: in range\natapci0: \u003cJMicron JMB363 SATA300 controller\u003e mem 0xfe8fe000-0xfe8fffff\nirq 16 at device 0.0 on pci2\natapci0: [MPSAFE]\natapci0: Reserved 0x2000 bytes for rid 0x24 type 3 at 0xfe8fe000\natapci0: AHCI Version 01.00 controller with 2 ports detected\nata2: \u003cATA channel 0\u003e on atapci0\nata2: SATA connect status=00000000\nata2: [MPSAFE]\nata3: \u003cATA channel 1\u003e on atapci0\nata3: SATA connect status=00000000\nata3: [MPSAFE]\natapci1: \u003cJMicron JMB363 UDMA133 controller\u003e port\n0xbc00-0xbc07,0xb880-0xb883,0xb800-0xb807,0xb480-0xb483,0xb400-0xb40f\nat device 0.1 on pci2\natapci1: Reserved 0x10 bytes for rid 0x20 type 4 at 0xb400\npcib3: matched entry for 2.0.INTB\npcib3: slot 0 INTB hardwired to IRQ 17\natapci1: [MPSAFE]\nata4: \u003cATA channel 0\u003e on atapci1\natapci1: Reserved 0x8 bytes for rid 0x10 type 4 at 0xbc00\natapci1: Reserved 0x4 bytes for rid 0x14 type 4 at 0xb880\nata4: reset tp1 mask=03 ostat0=50 ostat1=00\nata4: stat0=0xd0 err=0xd0 lsb=0xd0 msb=0xd0\nata4: stat0=0xd0 err=0xd0 lsb=0xd0 msb=0xd0\nata4: stat0=0x50 err=0x01 lsb=0x00 msb=0x00\nata4: stat1=0x00 err=0x01 lsb=0x14 msb=0xeb\nata4: reset tp2 stat0=50 stat1=00 devices=0x9\u003cATAPI_SLAVE,ATA_MASTER\u003e\nata4: [MPSAFE]\nuhci2: \u003cUHCI (generic) USB controller\u003e port 0xd800-0xd81f irq 23 at\ndevice 29.0 on pci0\nuhci2: Reserved 0x20 bytes for rid 0x20 type 4 at 0xd800\nioapic0: routing intpin 23 (PCI IRQ 23) to vector 52\nuhci2: [GIANT-LOCKED]\nusb3: \u003cUHCI (generic) USB controller\u003e on uhci2\nusb3: USB revision 1.0\nuhub3: \u003cIntel UHCI root hub, class 9/0, rev 1.00/1.00, addr 1\u003e on usb3\nuhub3: 2 ports with 2 removable, self powered\nuhci3: \u003cUHCI (generic) USB controller\u003e port 0xd880-0xd89f irq 19 at\ndevice 29.1 on pci0\nuhci3: Reserved 0x20 bytes for rid 0x20 type 4 at 0xd880\nioapic0: routing intpin 19 (PCI IRQ 19) to vector 53\nuhci3: [GIANT-LOCKED]\nusb4: \u003cUHCI (generic) USB controller\u003e on uhci3\nusb4: USB revision 1.0\nuhub4: \u003cIntel UHCI root hub, class 9/0, rev 1.00/1.00, addr 1\u003e on usb4\nuhub4: 2 ports with 2 removable, self powered\nuhci4: \u003cUHCI (generic) USB controller\u003e port 0xdc00-0xdc1f irq 18 at\ndevice 29.2 on pci0\nuhci4: Reserved 0x20 bytes for rid 0x20 type 4 at 0xdc00\nuhci4: [GIANT-LOCKED]\nusb5: \u003cUHCI (generic) USB controller\u003e on uhci4\nusb5: USB revision 1.0\nuhub5: \u003cIntel UHCI root hub, class 9/0, rev 1.00/1.00, addr 1\u003e on usb5\nuhub5: 2 ports with 2 removable, self powered\nehci1: \u003cEHCI (generic) USB 2.0 controller\u003e mem 0xfebff000-0xfebff3ff\nirq 23 at device 29.7 on pci0\nehci1: Reserved 0x400 bytes for rid 0x10 type 3 at 0xfebff000\nehci1: [GIANT-LOCKED]\nusb6: EHCI version 1.0\nusb6: companion controllers, 2 ports each: usb3 usb4 usb5\nusb6: \u003cEHCI (generic) USB 2.0 controller\u003e on ehci1\nusb6: USB revision 2.0\nuhub6: \u003cIntel EHCI root hub, class 9/0, rev 2.00/1.00, addr 1\u003e on usb6\nuhub6: 6 ports with 6 removable, self powered\npcib4: \u003cACPI PCI-PCI bridge\u003e at device 30.0 on pci0\npcib4:   secondary bus     4\npcib4:   subordinate bus   4\npcib4:   I/O decode        0xc000-0xcfff\npcib4:   memory decode     0xfe900000-0xfeafffff\npcib4:   no prefetched decode\npcib4:   Subtractively decoded bridge.\npci4: \u003cACPI PCI bus\u003e on pcib4\npci4: physical bus=4\nfound-\u003e\tvendor=0x8086, dev=0x1076, revid=0x00\n\tbus=4, slot=1, func=0\n\tclass=02-00-00, hdrtype=0x00, mfdev=0\n\tcmdreg=0x0017, statreg=0x0230, cachelnsz=8 (dwords)\n\tlattimer=0x40 (1920 ns), mingnt=0xff (63750 ns), maxlat=0x00 (0 ns)\n\tintpin=a, irq=14\n\tpowerspec 2  supports D0 D3  current D0\n\tMSI supports 1 message, 64 bit\n\tmap[10]: type 1, range 32, base 0xfeae0000, size 17, enabled\npcib4: requested memory range 0xfeae0000-0xfeafffff: good\n\tmap[14]: type 1, range 32, base 0xfeac0000, size 17, enabled\npcib4: requested memory range 0xfeac0000-0xfeadffff: good\n\tmap[18]: type 4, range 32, base 0xcc00, size  6, enabled\npcib4: requested I/O range 0xcc00-0xcc3f: in range\npcib4: matched entry for 4.1.INTA\npcib4: slot 1 INTA hardwired to IRQ 22\nfound-\u003e\tvendor=0x8086, dev=0x1076, revid=0x00\n\tbus=4, slot=2, func=0\n\tclass=02-00-00, hdrtype=0x00, mfdev=0\n\tcmdreg=0x0017, statreg=0x0230, cachelnsz=8 (dwords)\n\tlattimer=0x40 (1920 ns), mingnt=0xff (63750 ns), maxlat=0x00 (0 ns)\n\tintpin=a, irq=3\n\tpowerspec 2  supports D0 D3  current D0\n\tMSI supports 1 message, 64 bit\n\tmap[10]: type 1, range 32, base 0xfea80000, size 17, enabled\npcib4: requested memory range 0xfea80000-0xfea9ffff: good\n\tmap[14]: type 1, range 32, base 0xfea60000, size 17, enabled\npcib4: requested memory range 0xfea60000-0xfea7ffff: good\n\tmap[18]: type 4, range 32, base 0xc880, size  6, enabled\npcib4: requested I/O range 0xc880-0xc8bf: in range\npcib4: matched entry for 4.2.INTA\npcib4: slot 2 INTA hardwired to IRQ 23\nem0: \u003cIntel(R) PRO/1000 Network Connection Version - 6.2.9\u003e port\n0xcc00-0xcc3f mem 0xfeae0000-0xfeafffff,0xfeac0000-0xfeadffff irq 22\nat device 1.0 on pci4\nem0: Reserved 0x20000 bytes for rid 0x10 type 3 at 0xfeae0000\nem0: Reserved 0x40 bytes for rid 0x18 type 4 at 0xcc00\nem0: attempting to allocate 1 MSI vectors (1 supported)\nem0: using IRQ 256 for MSI\nem0: bpf attached\nem0: Ethernet address: 00:0e:0c:6c:b9:16\nem0: [FAST]\nem1: \u003cIntel(R) PRO/1000 Network Connection Version - 6.2.9\u003e port\n0xc880-0xc8bf mem 0xfea80000-0xfea9ffff,0xfea60000-0xfea7ffff irq 23\nat device 2.0 on pci4\nem1: Reserved 0x20000 bytes for rid 0x10 type 3 at 0xfea80000\nem1: Reserved 0x40 bytes for rid 0x18 type 4 at 0xc880\nem1: attempting to allocate 1 MSI vectors (1 supported)\nem1: using IRQ 257 for MSI\nem1: bpf attached\nem1: Ethernet address: 00:0e:0c:6c:b9:0a\nem1: [FAST]\nisab0: \u003cPCI-ISA bridge\u003e at device 31.0 on pci0\nisa0: \u003cISA bus\u003e on isab0\natapci2: \u003cIntel ICH8 SATA300 controller\u003e port\n0xec00-0xec07,0xe880-0xe883,0xe800-0xe807,0xe480-0xe483,0xe400-0xe41f\nmem 0xfebff800-0xfebfffff irq 19 at device 31.2 on pci0\natapci2: Reserved 0x20 bytes for rid 0x20 type 4 at 0xe400\natapci2: [MPSAFE]\natapci2: Reserved 0x800 bytes for rid 0x24 type 3 at 0xfebff800\natapci2: AHCI Version 01.10 controller with 4 ports detected\nata5: \u003cATA channel 0\u003e on atapci2\nata5: SATA connect ready time=0ms\nata5: sata_connect devices=0x1\u003cATA_MASTER\u003e\nata5: [MPSAFE]\nata6: \u003cATA channel 1\u003e on atapci2\nata6: SATA connect ready time=0ms\nata6: sata_connect devices=0x1\u003cATA_MASTER\u003e\nata6: [MPSAFE]\nata7: \u003cATA channel 2\u003e on atapci2\nata7: SATA connect status=00000000\nata7: [MPSAFE]\nata8: \u003cATA channel 3\u003e on atapci2\nata8: SATA connect status=00000000\nata8: [MPSAFE]\npci0: \u003cserial bus, SMBus\u003e at device 31.3 (no driver attached)\nacpi_button0: \u003cPower Button\u003e on acpi0\nsio0: irq maps: 0xcc29 0xcc39 0xcc29 0xcc29\nsio0: irq maps: 0xcc29 0xcc39 0xcc29 0xcc29\nsio0: \u003c16550A-compatible COM port\u003e port 0x3f8-0x3ff irq 4 flags 0x10 on acpi0\nsio0: type 16550A\nioapic0: routing intpin 4 (ISA IRQ 4) to vector 56\nsio0: [FAST]\nfdc0: \u003cfloppy drive controller (FDE)\u003e port 0x3f0-0x3f5,0x3f7 irq 6 drq\n2 on acpi0\nfdc0: ic_type 90 part_id 80\nioapic0: routing intpin 6 (ISA IRQ 6) to vector 57\nfdc0: [MPSAFE]\nfdc0: [FAST]\nfd0: \u003c1440-KB 3.5\" drive\u003e on fdc0 drive 0\nacpi_hpet0: \u003cHigh Precision Event Timer\u003e iomem 0xfed00000-0xfed003ff on acpi0\nacpi_hpet0: vend: 0x8086 rev: 0x1 num: 1 hz: 14318180 opts: leg_route count_size\nTimecounter \"HPET\" frequency 14318180 Hz quality 2000\natkbdc0: \u003cKeyboard controller (i8042)\u003e port 0x60,0x64 irq 1 on acpi0\natkbd0: \u003cAT Keyboard\u003e irq 1 on atkbdc0\natkbd: the current kbd controller command byte 0065\natkbd: keyboard ID 0x41ab (2)\nkbd0 at atkbd0\nkbd0: atkbd0, AT 101/102 (2), config:0x0, flags:0x3d0000\nioapic0: routing intpin 1 (ISA IRQ 1) to vector 58\natkbd0: [GIANT-LOCKED]\npsm0: unable to allocate IRQ\npsmcpnp0: \u003cPS/2 mouse port\u003e irq 12 on acpi0\npsm0: current command byte:0065\npsm0: \u003cPS/2 Mouse\u003e irq 12 on atkbdc0\nioapic0: routing intpin 12 (ISA IRQ 12) to vector 59\npsm0: [GIANT-LOCKED]\npsm0: model IntelliMouse, device ID 3-00, 3 buttons\npsm0: config:00000000, flags:00000008, packet size:4\npsm0: syncmask:08, syncbits:00\nunknown: status reg test failed ff\nunknown: status reg test failed ff\nunknown: status reg test failed ff\nunknown: status reg test failed ff\nunknown: status reg test failed ff\nunknown: status reg test failed ff\nex_isa_identify()\natkbdc: atkbdc0 already exists; skipping it\nfdc: fdc0 already exists; skipping it\nsio: sio0 already exists; skipping it\npnp_identify: Trying Read_Port at 203\npnp_identify: Trying Read_Port at 243\npnp_identify: Trying Read_Port at 283\npnp_identify: Trying Read_Port at 2c3\npnp_identify: Trying Read_Port at 303\npnp_identify: Trying Read_Port at 343\npnp_identify: Trying Read_Port at 383\npnp_identify: Trying Read_Port at 3c3\nPNP Identify complete\nahc_isa_probe 11: ioport 0xbc00 alloc failed\nahc_isa_probe 12: ioport 0xcc00 alloc failed\nahc_isa_probe 13: ioport 0xdc00 alloc failed\nahc_isa_probe 14: ioport 0xec00 alloc failed\nsc: sc0 already exists; skipping it\nvga: vga0 already exists; skipping it\nisa_probe_children: disabling PnP devices\nisa_probe_children: probing non-PnP devices\npmtimer0 on isa0\norm0: \u003cISA Option ROMs\u003e at iomem 0xd2000-0xd2fff,0xd3000-0xd3fff pnpid\nORM0000 on isa0\nadv0: not probed (disabled)\naha0: not probed (disabled)\naic0: not probed (disabled)\nbt0: not probed (disabled)\ncs0: not probed (disabled)\ned0: not probed (disabled)\nfe0: not probed (disabled)\nie0: not probed (disabled)\nlnc0: not probed (disabled)\nppc0: parallel port found at 0x378\nppc0: using extended I/O port range\nppc0: ECP SPP ECP+EPP SPP\nppc0: \u003cParallel port\u003e at port 0x378-0x37f irq 7 on isa0\nppc0: SMC-like chipset (ECP/EPP/PS2/NIBBLE) in COMPATIBLE mode\nppc0: FIFO with 16/16/9 bytes threshold\nppbus0: \u003cParallel port bus\u003e on ppc0\nplip0: \u003cPLIP network interface\u003e on ppbus0\nplip0: bpf attached\nlpt0: \u003cPrinter\u003e on ppbus0\nlpt0: Interrupt-driven port\nppi0: \u003cParallel I/O\u003e on ppbus0\nioapic0: routing intpin 7 (ISA IRQ 7) to vector 60\nppc0: [GIANT-LOCKED]\nfb: new array size 4\nsc0: \u003cSystem console\u003e at flags 0x100 on isa0\nsc0: VGA \u003c16 virtual consoles, flags=0x300\u003e\nsc0: fb0, kbd1, terminal emulator: sc (syscons terminal)\nsio1: configured irq 3 not in bitmap of probed irqs 0\nsio1: port may not be enabled\nsio1: irq maps: 0xcca9 0xcca9 0xcca9 0xcca9\nsio1: probe failed test(s): 0 1 2 4 6 7 9\nsio1 failed to probe at port 0x2f8-0x2ff irq 3 on isa0\nsio2: not probed (disabled)\nsio3: not probed (disabled)\nsn0: not probed (disabled)\nvga0: \u003cGeneric ISA VGA\u003e at port 0x3c0-0x3df iomem 0xa0000-0xbffff on isa0\nvt0: not probed (disabled)\nisa_probe_children: probing PnP devices\nugen0: \u003cAPC Back-UPS ES 500 FW:801.e5.D USB FW:e5, class 0/0, rev\n1.10/1.06, addr 2\u003e on uhub3\nDevice configuration finished.\nReducing kern.maxvnodes 134081 -\u003e 100000\nprocfs registered\nlapic: Divisor 2, Frequency 200000946 hz\nTimecounter \"TSC\" frequency 3200015072 Hz quality -100\nTimecounters tick every 1.000 msec\nlo0: bpf attached\nrr232x: no controller detected.\nata4-slave: pio=PIO4 wdma=WDMA2 udma=UDMA66 cable=40 wire\nata4-master: pio=PIO4 wdma=WDMA2 udma=UDMA100 cable=80 wire\nad8: 152627MB \u003cWDC WD1600JB-00EVA0 15.05R15\u003e at ata4-master UDMA100\nad8: 312581808 sectors [310101C/16H/63S] 16 sectors/interrupt 1 depth queue\nad8: JMicron check1 failed\nad8: Adaptec check1 failed\nad8: LSI (v3) check1 failed\nad8: LSI (v2) check1 failed\nad8: FreeBSD check1 failed\nacd0: \u003cSONY DVD RW DRU-800A/KY06\u003e DVDR drive at ata4 as slave\nacd0: read 10820KB/s (10820KB/s) write 5410KB/s (5410KB/s), 2048KB\nbuffer, UDMA66\nacd0: Reads: CDR, CDRW, CDDA stream, DVDROM, DVDR, packet\nacd0: Writes: CDR, CDRW, DVDR, test write, burnproof\nacd0: Audio: play, 256 volume levels\nacd0: Mechanism: ejectable tray, unlocked\nacd0: Medium: 120mm data disc\nata5-master: pio=PIO4 wdma=WDMA2 udma=UDMA133 cable=40 wire\nad10: 381553MB \u003cSeagate ST3400633AS 3.AAH\u003e at ata5-master SATA150\nad10: 781420655 sectors [775218C/16H/63S] 16 sectors/interrupt 1 depth queue\nad10: Intel check1 failed\nad10: Adaptec check1 failed\nad10: LSI (v3) check1 failed\nad10: LSI (v2) check1 failed\nad10: FreeBSD check1 failed\nata6-master: pio=PIO4 wdma=WDMA2 udma=UDMA133 cable=40 wire\nad12: 114440MB \u003cSeagate ST3120026AS 8.05\u003e at ata6-master SATA150\nad12: 234375000 sectors [232514C/16H/63S] 16 sectors/interrupt 1 depth queue\nad12: Intel check1 failed\nad12: Adaptec check1 failed\nad12: LSI (v3) check1 failed\nad12: LSI (v2) check1 failed\nad12: FreeBSD check1 failed\nATA PseudoRAID loaded\nSMP: AP CPU #1 Launched!\ncpu1 AP:\n     ID: 0x01000000   VER: 0x00050014 LDR: 0x00000000 DFR: 0xffffffff\n  lint0: 0x00010700 lint1: 0x00000400 TPR: 0x00000000 SVR: 0x000001ff\n  timer: 0x000200ef therm: 0x00010000 err: 0x00010000 pcm: 0x00010000\nioapic0: Assigning ISA IRQ 1 to local APIC 0\nioapic0: Assigning ISA IRQ 4 to local APIC 1\nioapic0: Assigning ISA IRQ 6 to local APIC 0\nioapic0: Assigning ISA IRQ 7 to local APIC 1\nioapic0: Assigning ISA IRQ 9 to local APIC 0\nioapic0: Assigning ISA IRQ 12 to local APIC 1\nioapic0: Assigning PCI IRQ 16 to local APIC 0\nioapic0: Assigning PCI IRQ 17 to local APIC 1\nioapic0: Assigning PCI IRQ 18 to local APIC 0\nioapic0: Assigning PCI IRQ 19 to local APIC 1\nioapic0: Assigning PCI IRQ 23 to local APIC 0\nmsi: Assigning MSI IRQ 256 to local APIC 1\nmsi: Assigning MSI IRQ 257 to local APIC 0\nGEOM: new disk ad8\nGEOM: new disk ad10\nGEOM: new disk ad12\nTrying to mount root from ufs:/dev/ad10s1a\nstart_init: trying /sbin/init"
}