{
 "id": 350427,
 "bug_id": 103602,
 "attachment_id": 0,
 "creation_time": "2007-02-20T17:06:33Z",
 "creator": "josh.carroll@gmail.com",
 "text": "\u003e OK, let's focus on this one. Can you send me a backtrace of this panic\n\u003e (sorry if I asked for that already, I'm trying to get as clean an\n\u003e analysis of the situation as possible)?\n\nI'm not physically with the machine right now, but I will send this as\nsoon as I can.\n\n\u003e \u003e With 6.2-RELEASE, when I load atapicam, I get a huge number of\n\u003e \u003e interrupts (~10000/s) on the irq the JMicron controller is on.\n\u003e\n\u003e I'd rather focus on getting things working with 7-CURRENT, so we are\n\u003e sure we have all the latest fixes to other parts of the system.\n\nUnderstood. Since I can provide this info now, though, here is the\noutput of camcontrol devlist after loading atapicam:\n\n\u003cSONY DVD RW DRU-800A KY06\u003e        at scbus2 target 1 lun 0 (probe0)\n\nThe interrupts do still storm with the cd device. Correction, though,\nit's more like 100,000 interrupts per second. I am going to rebuild\nthis kernel with CAMDEBUG so I can see if that offers any additional\ninformation after kldload'ing atapicam.\n\nFYI, the interrupt that is storming is irq 17, which from dmesg.boot\nis a USB controller:\n\nuhci1: \u003cUHCI (generic) USB controller\u003e port 0xe080-0xe09f irq 17 at\ndevice 26.1 on pci0\n\nWhat's odd is that the PATA portion of the JMicron controller does not\nappear to have an interrupt, unless it is just not printed and is the\nsame as the SATA300 part of the controller:\n\natapci0: \u003cJMicron JMB363 SATA300 controller\u003e mem 0xfe8fe000-0xfe8fffff\nirq 16 at device 0.0 on pci2\natapci1: \u003cJMicron JMB363 UDMA133 controller\u003e port\n0xbc00-0xbc07,0xb880-0xb883,0xb800-0xb807,0xb480-0xb483,0xb400-0xb40f\nat device 0.1 on pci2\n\nSo far the machine has not panic'd, so it may just be trying to\nkldunload atapicam after the interrupt storm which causes the panic\n(in 6.2-RELEASE). I will try to go home at lunch to get the backtrace\nfor 7-CURRENT.\n\nBelow is the entire dmesg output for the 6.2-RELEASE kernel.\n\nThanks,\nJosh\n\n\nCopyright (c) 1992-2007 The FreeBSD Project.\nCopyright (c) 1979, 1980, 1983, 1986, 1988, 1989, 1991, 1992, 1993, 1994\n\tThe Regents of the University of California. All rights reserved.\nFreeBSD is a registered trademark of The FreeBSD Foundation.\nFreeBSD 6.2-RELEASE-p1 #0: Tue Feb 20 08:45:36 PST 2007\n    root@pflog.net:/usr/obj/usr/src/sys/DEBLIN\nTimecounter \"i8254\" frequency 1193182 Hz quality 0\nCPU: Intel(R) Core(TM)2 CPU         X6900  @ 3.20GHz (3200.02-MHz 686-class CPU)\n  Origin = \"GenuineIntel\"  Id = 0x6f6  Stepping = 6\n  Features=0xbfebfbff\u003cFPU,VME,DE,PSE,TSC,MSR,PAE,MCE,CX8,APIC,SEP,MTRR,PGE,MCA,CMOV,PAT,PSE36,CLFLUSH,DTS,ACPI,MMX,FXSR,SSE,SSE2,SS,HTT,TM,PBE\u003e\n  Features2=0xe3bd\u003cSSE3,RSVD2,MON,DS_CPL,VMX,EST,TM2,\u003cb9\u003e,CX16,\u003cb14\u003e,\u003cb15\u003e\u003e\n  AMD Features=0x20100000\u003cNX,LM\u003e\n  AMD Features2=0x1\u003cLAHF\u003e\n  Cores per package: 2\nreal memory  = 2147024896 (2047 MB)\navail memory = 2095943680 (1998 MB)\nACPI APIC Table: \u003cMSTEST OEMAPIC \u003e\nFreeBSD/SMP: Multiprocessor System Detected: 2 CPUs\n cpu0 (BSP): APIC ID:  0\n cpu1 (AP): APIC ID:  1\nioapic0 \u003cVersion 2.0\u003e irqs 0-23 on motherboard\nnetsmb_dev: loaded\nacpi0: \u003cKOZIRO FRONTIER\u003e on motherboard\nacpi_bus_number: can't get _ADR\nacpi_bus_number: can't get _ADR\nacpi_bus_number: can't get _ADR\nacpi_bus_number: can't get _ADR\nacpi0: Power Button (fixed)\nTimecounter \"ACPI-fast\" frequency 3579545 Hz quality 1000\nacpi_timer0: \u003c24-bit timer at 3.579545MHz\u003e port 0x808-0x80b on acpi0\ncpu0: \u003cACPI CPU\u003e on acpi0\ncpu1: \u003cACPI CPU\u003e on acpi0\npcib0: \u003cACPI Host-PCI bridge\u003e port 0xcf8-0xcff on acpi0\npci0: \u003cACPI PCI bus\u003e on pcib0\npcib1: \u003cACPI PCI-PCI bridge\u003e irq 16 at device 1.0 on pci0\npci1: \u003cACPI PCI bus\u003e on pcib1\npci1: \u003cdisplay, VGA\u003e at device 0.0 (no driver attached)\nuhci0: \u003cUHCI (generic) USB controller\u003e port 0xe000-0xe01f irq 16 at\ndevice 26.0 on pci0\nuhci0: [GIANT-LOCKED]\nusb0: \u003cUHCI (generic) USB controller\u003e on uhci0\nusb0: USB revision 1.0\nuhub0: Intel UHCI root hub, class 9/0, rev 1.00/1.00, addr 1\nuhub0: 2 ports with 2 removable, self powered\nuhci1: \u003cUHCI (generic) USB controller\u003e port 0xe080-0xe09f irq 17 at\ndevice 26.1 on pci0\nuhci1: [GIANT-LOCKED]\nusb1: \u003cUHCI (generic) USB controller\u003e on uhci1\nusb1: USB revision 1.0\nuhub1: Intel UHCI root hub, class 9/0, rev 1.00/1.00, addr 1\nuhub1: 2 ports with 2 removable, self powered\nehci0: \u003cEHCI (generic) USB 2.0 controller\u003e mem 0xfebff400-0xfebff7ff\nirq 18 at device 26.7 on pci0\nehci0: [GIANT-LOCKED]\nusb2: EHCI version 1.0\nusb2: companion controllers, 2 ports each: usb0 usb1\nusb2: \u003cEHCI (generic) USB 2.0 controller\u003e on ehci0\nusb2: USB revision 2.0\nuhub2: Intel EHCI root hub, class 9/0, rev 2.00/1.00, addr 1\nuhub2: 4 ports with 4 removable, self powered\npcib2: \u003cACPI PCI-PCI bridge\u003e irq 16 at device 28.0 on pci0\npci3: \u003cACPI PCI bus\u003e on pcib2\npcib3: \u003cACPI PCI-PCI bridge\u003e irq 16 at device 28.4 on pci0\npci2: \u003cACPI PCI bus\u003e on pcib3\natapci0: \u003cJMicron JMB363 SATA300 controller\u003e mem 0xfe8fe000-0xfe8fffff\nirq 16 at device 0.0 on pci2\natapci0: AHCI Version 01.00 controller with 2 ports detected\nata2: \u003cATA channel 0\u003e on atapci0\nata3: \u003cATA channel 1\u003e on atapci0\natapci1: \u003cJMicron JMB363 UDMA133 controller\u003e port\n0xbc00-0xbc07,0xb880-0xb883,0xb800-0xb807,0xb480-0xb483,0xb400-0xb40f\nat device 0.1 on pci2\nata4: \u003cATA channel 0\u003e on atapci1\nuhci2: \u003cUHCI (generic) USB controller\u003e port 0xd800-0xd81f irq 23 at\ndevice 29.0 on pci0\nuhci2: [GIANT-LOCKED]\nusb3: \u003cUHCI (generic) USB controller\u003e on uhci2\nusb3: USB revision 1.0\nuhub3: Intel UHCI root hub, class 9/0, rev 1.00/1.00, addr 1\nuhub3: 2 ports with 2 removable, self powered\nuhci3: \u003cUHCI (generic) USB controller\u003e port 0xd880-0xd89f irq 19 at\ndevice 29.1 on pci0\nuhci3: [GIANT-LOCKED]\nusb4: \u003cUHCI (generic) USB controller\u003e on uhci3\nusb4: USB revision 1.0\nuhub4: Intel UHCI root hub, class 9/0, rev 1.00/1.00, addr 1\nuhub4: 2 ports with 2 removable, self powered\nuhci4: \u003cUHCI (generic) USB controller\u003e port 0xdc00-0xdc1f irq 18 at\ndevice 29.2 on pci0\nuhci4: [GIANT-LOCKED]\nusb5: \u003cUHCI (generic) USB controller\u003e on uhci4\nusb5: USB revision 1.0\nuhub5: Intel UHCI root hub, class 9/0, rev 1.00/1.00, addr 1\nuhub5: 2 ports with 2 removable, self powered\nehci1: \u003cEHCI (generic) USB 2.0 controller\u003e mem 0xfebff000-0xfebff3ff\nirq 23 at device 29.7 on pci0\nehci1: [GIANT-LOCKED]\nusb6: EHCI version 1.0\nusb6: companion controllers, 2 ports each: usb3 usb4 usb5\nusb6: \u003cEHCI (generic) USB 2.0 controller\u003e on ehci1\nusb6: USB revision 2.0\nuhub6: Intel EHCI root hub, class 9/0, rev 2.00/1.00, addr 1\nuhub6: 6 ports with 6 removable, self powered\npcib4: \u003cACPI PCI-PCI bridge\u003e at device 30.0 on pci0\npci4: \u003cACPI PCI bus\u003e on pcib4\nem0: \u003cIntel(R) PRO/1000 Network Connection Version - 6.2.9\u003e port\n0xcc00-0xcc3f mem 0xfeae0000-0xfeafffff,0xfeac0000-0xfeadffff irq 22\nat device 1.0 on pci4\nem0: Ethernet address: 00:0e:0c:6c:b9:16\nem1: \u003cIntel(R) PRO/1000 Network Connection Version - 6.2.9\u003e port\n0xc880-0xc8bf mem 0xfea80000-0xfea9ffff,0xfea60000-0xfea7ffff irq 23\nat device 2.0 on pci4\nem1: Ethernet address: 00:0e:0c:6c:b9:0a\nisab0: \u003cPCI-ISA bridge\u003e at device 31.0 on pci0\nisa0: \u003cISA bus\u003e on isab0\natapci2: \u003cIntel ICH8 SATA300 controller\u003e port\n0xec00-0xec07,0xe880-0xe883,0xe800-0xe807,0xe480-0xe483,0xe400-0xe41f\nmem 0xfebff800-0xfebfffff irq 19 at device 31.2 on pci0\natapci2: AHCI Version 01.10 controller with 4 ports detected\nata5: \u003cATA channel 0\u003e on atapci2\nata6: \u003cATA channel 1\u003e on atapci2\nata7: \u003cATA channel 2\u003e on atapci2\nata8: \u003cATA channel 3\u003e on atapci2\npci0: \u003cserial bus, SMBus\u003e at device 31.3 (no driver attached)\nacpi_button0: \u003cPower Button\u003e on acpi0\nfdc0: \u003cfloppy drive controller (FDE)\u003e port 0x3f0-0x3f5,0x3f7 irq 6 drq\n2 on acpi0\nfdc0: [FAST]\nfd0: \u003c1440-KB 3.5\" drive\u003e on fdc0 drive 0\natkbdc0: \u003cKeyboard controller (i8042)\u003e port 0x60,0x64 irq 1 on acpi0\natkbd0: \u003cAT Keyboard\u003e irq 1 on atkbdc0\nkbd0 at atkbd0\natkbd0: [GIANT-LOCKED]\npsm0: \u003cPS/2 Mouse\u003e irq 12 on atkbdc0\npsm0: [GIANT-LOCKED]\npsm0: model IntelliMouse, device ID 3\npmtimer0 on isa0\norm0: \u003cISA Option ROMs\u003e at iomem 0xd2000-0xd2fff,0xd3000-0xd3fff on isa0\nsc0: \u003cSystem console\u003e at flags 0x100 on isa0\nsc0: VGA \u003c16 virtual consoles, flags=0x300\u003e\nvga0: \u003cGeneric ISA VGA\u003e at port 0x3c0-0x3df iomem 0xa0000-0xbffff on isa0\nugen0: APC Back-UPS ES 500 FW:801.e5.D USB FW:e5, rev 1.10/1.06, addr 2\nTimecounters tick every 1.000 msec\nad8: 152627MB \u003cWDC WD1600JB-00EVA0 15.05R15\u003e at ata4-master UDMA100\nacd0: DVDR \u003cSONY DVD RW DRU-800A/KY06\u003e at ata4-slave UDMA66\nad10: 381553MB \u003cSeagate ST3400633AS 3.AAH\u003e at ata5-master SATA150\nad12: 114440MB \u003cSeagate ST3120026AS 8.05\u003e at ata6-master SATA150\nSMP: AP CPU #1 Launched!\nTrying to mount root from ufs:/dev/ad10s1a\nem1: link state changed to UP"
}