{
 "id": 463702,
 "bug_id": 127375,
 "attachment_id": 0,
 "creation_time": "2008-09-14T11:30:02Z",
 "creator": "yalur2mail.ru@FreeBSD.org",
 "text": "This problem related only with i386 and was not observed on amd64. I\nfound this problem since FreeBSD 7.0 RC2 have used first time. \nIf I change vm.kmem_size* to\nvm.kmem_size=\"1G\" or more\nvm.kmem_size_max=\"1G\" or more\nKVA_PAGES=512\n\nWrite speed is 30-40 Mb/sec.\n[root@yalur /home/ruslan]# dd if=/dev/zero of=/mnt/Temp/22 bs=1m\n963+0 records in\n963+0 records out\n1008730112 bytes transferred in 29.295576 secs (34432848 bytes/sec)\n\nIf I chenge vm.kmem_size* to 1G minus 1byte:\nvm.kmem_size_max=\"1073741823\"\nvm.kmem_size=\"1073741823\"\nKVA_PAGES=512\n\nWrite speed is 130-140 Mb/sec.\n[root@yalur /home/ruslan]# dd if=/dev/zero of=/mnt/Temp/22 bs=1m\n963+0 records in\n963+0 records out\n1008730112 bytes transferred in 7.550406 secs (133567341 bytes/sec)\n\nZpool status:\n[root@yalur /home/ruslan]# zpool status\n  pool: data\n state: ONLINE\n scrub: none requested\nconfig:\n\n        NAME        STATE     READ WRITE CKSUM\n        data        ONLINE       0     0     0\n          raidz1    ONLINE       0     0     0\n            ad6     ONLINE       0     0     0\n            ad4     ONLINE       0     0     0\n            ad9     ONLINE       0     0     0\n            ad12    ONLINE       0     0     0\n          raidz1    ONLINE       0     0     0\n            ad11    ONLINE       0     0     0\n            ad10    ONLINE       0     0     0\n            ad8     ONLINE       0     0     0\n            ad16    ONLINE       0     0     0\n\nerrors: No known data errors\n\nThis problem not related whith hardware. I observed this problem on\nmotherboards:\n\nAsus M2N-SLI Deluxe and Sapphire PC-AM2RD790. Also I used different\nHDDs - result is the same.\n\n\n[root@yalur /home/ruslan]# dmesg\nCopyright (c) 1992-2008 The FreeBSD Project.\nCopyright (c) 1979, 1980, 1983, 1986, 1988, 1989, 1991, 1992, 1993, 1994\n        The Regents of the University of California. All rights reserved.\nFreeBSD is a registered trademark of The FreeBSD Foundation.\nFreeBSD 7.0-RELEASE-p3 #51: Sun Aug 31 17:42:15 EEST 2008\n    root@yalur.monolit.ntu-kpi.kiev.ua:/usr/src/sys/i386/compile/MYKERNEL\nTimecounter \"i8254\" frequency 1193182 Hz quality 0\nCPU: AMD Athlon(tm) 64 X2 Dual Core Processor 4400+ (2760.21-MHz 686-class CPU)\n  Origin = \"AuthenticAMD\"  Id = 0x60fb2  Stepping = 2\n  Features=0x178bfbff\u003cFPU,VME,DE,PSE,TSC,MSR,PAE,MCE,CX8,APIC,SEP,MTRR,PGE,MCA,CMOV,PAT,PSE36,CLFLUSH,MMX,FXSR,SSE,SSE2,HTT\u003e\n  Features2=0x2001\u003cSSE3,CX16\u003e\n  AMD Features=0xea500800\u003cSYSCALL,NX,MMX+,FFXSR,RDTSCP,LM,3DNow!+,3DNow!\u003e\n  AMD Features2=0x11f\u003cLAHF,CMP,SVM,ExtAPIC,CR8,Prefetch\u003e\n  Cores per package: 2\nreal memory  = 3489529856 (3327 MB)\navail memory = 3411312640 (3253 MB)\nACPI APIC Table: \u003cRD790  AWRDACPI\u003e\nAP #1 (PHY# 1) failed!\npanic y/n? [y] FreeBSD/SMP: Multiprocessor System Detected: 2 CPUs\n cpu0 (BSP): APIC ID:  0\n cpu1 (AP): APIC ID:  1\nioapic0: Changing APIC ID to 4\nioapic0 \u003cVersion 2.1\u003e irqs 0-23 on motherboard\nbktr_mem: memory holder loaded\nkbd1 at kbdmux0\nkqemu version 0x00010300\nkqemu: KQEMU installed, max_locked_mem=1699484kB.\nacpi0: \u003cRD790 AWRDACPI\u003e on motherboard\nacpi0: [ITHREAD]\nacpi0: Power Button (fixed)\nACPI Error (uteval-0322): No object was returned from [\\\\_SB_.PCI0.SMB0._CRS] (Node 0x8649d860), AE_NOT_EXIST\ncan't fetch resources for \\\\_SB_.PCI0.SMB0 - AE_NOT_EXIST\nacpi0: reservation of 0, cffe0000 (3) failed\nTimecounter \"ACPI-fast\" frequency 3579545 Hz quality 1000\nacpi_timer0: \u003c32-bit timer at 3.579545MHz\u003e port 0x4008-0x400b on acpi0\nacpi_hpet0: \u003cHigh Precision Event Timer\u003e iomem 0xfed00000-0xfed003ff on acpi0\ndevice_attach: acpi_hpet0 attach returned 12\ncpu0: \u003cACPI CPU\u003e on acpi0\npowernow0: \u003cPowerNow! K8\u003e on cpu0\ncpu1: \u003cACPI CPU\u003e on acpi0\npowernow1: \u003cPowerNow! K8\u003e on cpu1\nacpi_button0: \u003cPower Button\u003e on acpi0\npcib0: \u003cACPI Host-PCI bridge\u003e port 0xcf8-0xcff on acpi0\npci0: \u003cACPI PCI bus\u003e on pcib0\npcib1: \u003cACPI PCI-PCI bridge\u003e at device 2.0 on pci0\npci1: \u003cACPI PCI bus\u003e on pcib1\nvgapci0: \u003cVGA-compatible display\u003e port 0xbe00-0xbeff mem 0xd0000000-0xdfffffff,0xfddf0000-0xfddfffff irq 18 at device 0.0 on pci1\nvgapci1: \u003cVGA-compatible display\u003e mem 0xfdde0000-0xfddeffff at device 0.1 on pci1\npcib2: \u003cACPI PCI-PCI bridge\u003e at device 4.0 on pci0\npci2: \u003cACPI PCI bus\u003e on pcib2\nmskc0: \u003cD-Link 560T Gigabit Ethernet\u003e port 0xae00-0xaeff mem 0xfdcfc000-0xfdcfffff irq 16 at device 0.0 on pci2\nmsk0: \u003cMarvell Technology Group Ltd. Yukon EC Id 0xb6 Rev 0x02\u003e on mskc0\nmsk0: Ethernet address: 00:1b:11:79:46:b7\nmiibus0: \u003cMII bus\u003e on msk0\ne1000phy0: \u003cMarvell 88E1111 Gigabit PHY\u003e PHY 0 on miibus0\ne1000phy0:  10baseT, 10baseT-FDX, 100baseTX, 100baseTX-FDX, 1000baseTX-FDX, auto\nmskc0: [FILTER]\npcib3: \u003cACPI PCI-PCI bridge\u003e at device 7.0 on pci0\npci3: \u003cACPI PCI bus\u003e on pcib3\nmykc0: \u003cGeneric Marvell Yukon 88E8053 based Ethernet Controller Ver. 10.51.2.3\u003e port 0xee00-0xeeff mem 0xfdafc000-0xfdafffff irq 19 at device 0.0 on pci3\nmyk0 on mykc0\nmyk0: Ethernet address: 00:01:29:a3:a6:df\nmykc0: [ITHREAD]\npcib4: \u003cACPI PCI-PCI bridge\u003e at device 9.0 on pci0\npci4: \u003cACPI PCI bus\u003e on pcib4\nmykc1: \u003cGeneric Marvell Yukon 88E8052 based Ethernet Controller Ver. 10.51.2.3\u003e port 0xde00-0xdeff mem 0xfd8fc000-0xfd8fffff irq 17 at device 0.0 on pci4\nmyk1 on mykc1\nmyk1: Ethernet address: 00:01:29:a3:a7:11\nmykc1: [ITHREAD]\npcib5: \u003cACPI PCI-PCI bridge\u003e at device 10.0 on pci0\npci5: \u003cACPI PCI bus\u003e on pcib5\natapci0: \u003cSiI SiI 3132 SATA300 controller\u003e port 0xcf00-0xcf7f mem 0xfd6ff000-0xfd6ff07f,0xfd6f8000-0xfd6fbfff irq 18 at device 0.0 on pci5\natapci0: [ITHREAD]\nata2: \u003cATA channel 0\u003e on atapci0\nata2: [ITHREAD]\nata3: \u003cATA channel 1\u003e on atapci0\nata3: [ITHREAD]\natapci1: \u003cATI ATA controller\u003e port 0xff00-0xff07,0xfe00-0xfe03,0xfd00-0xfd07,0xfc00-0xfc03,0xfb00-0xfb0f mem 0xfdfff000-0xfdfff3ff irq 22 at device 18.0 on pci0\natapci1: [ITHREAD]\nata4: \u003cATA channel 0\u003e on atapci1\nata4: [ITHREAD]\nata5: \u003cATA channel 1\u003e on atapci1\nata5: [ITHREAD]\nohci0: \u003cOHCI (generic) USB controller\u003e mem 0xfdffe000-0xfdffefff irq 16 at device 19.0 on pci0\nohci0: [GIANT-LOCKED]\nohci0: [ITHREAD]\nusb0: OHCI version 1.0, legacy support\nusb0: SMM does not respond, resetting\nusb0: \u003cOHCI (generic) USB controller\u003e on ohci0\nusb0: USB revision 1.0\nuhub0: \u003cATI OHCI root hub, class 9/0, rev 1.00/1.00, addr 1\u003e on usb0\nuhub0: 2 ports with 2 removable, self powered\nohci1: \u003cOHCI (generic) USB controller\u003e mem 0xfdffd000-0xfdffdfff irq 17 at device 19.1 on pci0\nohci1: [GIANT-LOCKED]\nohci1: [ITHREAD]\nusb1: OHCI version 1.0, legacy support\nusb1: SMM does not respond, resetting\nusb1: \u003cOHCI (generic) USB controller\u003e on ohci1\nusb1: USB revision 1.0\nuhub1: \u003cATI OHCI root hub, class 9/0, rev 1.00/1.00, addr 1\u003e on usb1\nuhub1: 2 ports with 2 removable, self powered\nohci2: \u003cOHCI (generic) USB controller\u003e mem 0xfdffc000-0xfdffcfff irq 18 at device 19.2 on pci0\nohci2: [GIANT-LOCKED]\nohci2: [ITHREAD]\nusb2: OHCI version 1.0, legacy support\nusb2: SMM does not respond, resetting\nusb2: \u003cOHCI (generic) USB controller\u003e on ohci2\nusb2: USB revision 1.0\nuhub2: \u003cATI OHCI root hub, class 9/0, rev 1.00/1.00, addr 1\u003e on usb2\nuhub2: 2 ports with 2 removable, self powered\nohci3: \u003cOHCI (generic) USB controller\u003e mem 0xfdffb000-0xfdffbfff irq 17 at device 19.3 on pci0\nohci3: [GIANT-LOCKED]\nohci3: [ITHREAD]\nusb3: OHCI version 1.0, legacy support\nusb3: SMM does not respond, resetting\nusb3: \u003cOHCI (generic) USB controller\u003e on ohci3\nusb3: USB revision 1.0\nuhub3: \u003cATI OHCI root hub, class 9/0, rev 1.00/1.00, addr 1\u003e on usb3\nuhub3: 2 ports with 2 removable, self powered\nohci4: \u003cOHCI (generic) USB controller\u003e mem 0xfdffa000-0xfdffafff irq 18 at device 19.4 on pci0\nohci4: [GIANT-LOCKED]\nohci4: [ITHREAD]\nusb4: OHCI version 1.0, legacy support\nusb4: SMM does not respond, resetting\nusb4: \u003cOHCI (generic) USB controller\u003e on ohci4\nusb4: USB revision 1.0\nuhub4: \u003cATI OHCI root hub, class 9/0, rev 1.00/1.00, addr 1\u003e on usb4\nuhub4: 2 ports with 2 removable, self powered\nehci0: \u003cEHCI (generic) USB 2.0 controller\u003e mem 0xfdff9000-0xfdff90ff irq 19 at device 19.5 on pci0\nehci0: [GIANT-LOCKED]\nehci0: [ITHREAD]\nusb5: EHCI version 1.0\nusb5: companion controllers, 2 ports each: usb0 usb1 usb2 usb3 usb4\nusb5: \u003cEHCI (generic) USB 2.0 controller\u003e on ehci0\nusb5: USB revision 2.0\nuhub5: \u003cATI EHCI root hub, class 9/0, rev 2.00/1.00, addr 1\u003e on usb5\nuhub5: 10 ports with 10 removable, self powered\npci0: \u003cserial bus, SMBus\u003e at device 20.0 (no driver attached)\natapci2: \u003cATI IXP600 UDMA133 controller\u003e port 0x1f0-0x1f7,0x3f6,0x170-0x177,0x376,0xf900-0xf90f at device 20.1 on pci0\nata0: \u003cATA channel 0\u003e on atapci2\nata0: [ITHREAD]\nisab0: \u003cPCI-ISA bridge\u003e at device 20.3 on pci0\nisa0: \u003cISA bus\u003e on isab0\npcib6: \u003cACPI PCI-PCI bridge\u003e at device 20.4 on pci0\npci6: \u003cACPI PCI bus\u003e on pcib6\natapci3: \u003cPromise PDC40719 SATA300 controller\u003e port 0x9f00-0x9f7f,0x9a00-0x9aff mem 0xfd5ff000-0xfd5fffff,0xfd5c0000-0xfd5dffff irq 20 at device 5.0 on pci6\natapci3: [ITHREAD]\natapci3: [ITHREAD]\nata6: \u003cATA channel 0\u003e on atapci3\nata6: [ITHREAD]\nata7: \u003cATA channel 1\u003e on atapci3\nata7: [ITHREAD]\nata8: \u003cATA channel 2\u003e on atapci3\nata8: [ITHREAD]\nata9: \u003cATA channel 3\u003e on atapci3\nata9: [ITHREAD]\nbktr0: \u003cBrookTree 878\u003e mem 0xfd4ff000-0xfd4fffff irq 21 at device 6.0 on pci6\nbktr0: [GIANT-LOCKED]\nbktr0: [ITHREAD]\nbktr0: AVer Media TV/FM, Philips FR1216 PAL FM tuner.\npci6: \u003cmultimedia\u003e at device 6.1 (no driver attached)\npcm0: \u003cCreative Audigy 2 (EMU10K2)\u003e port 0x9e00-0x9e3f irq 22 at device 7.0 on pci6\npcm0: \u003cSigmaTel STAC9721/23 AC97 Codec\u003e\npcm0: [ITHREAD]\nfwohci0: \u003c1394 Open Host Controller Interface\u003e mem 0xfd5fe000-0xfd5fe7ff,0xfd5f8000-0xfd5fbfff irq 23 at device 7.2 on pci6\nfwohci0: [FILTER]\nfwohci0: OHCI version 1.10 (ROM=0)\nfwohci0: No. of Isochronous channels is 4.\nfwohci0: EUI64 00:02:3c:01:01:04:70:b1\nfwohci0: Phy 1394a available S400, 2 ports.\nfwohci0: Link S400, max_rec 2048 bytes.\nfirewire0: \u003cIEEE1394(FireWire) bus\u003e on fwohci0\nfwe0: \u003cEthernet over FireWire\u003e on firewire0\nif_fwe0: Fake Ethernet address: 02:02:3c:04:70:b1\nfwe0: Ethernet address: 02:02:3c:04:70:b1\nfwip0: \u003cIP over FireWire\u003e on firewire0\nfwip0: Firewire address: 00:02:3c:01:01:04:70:b1 @ 0xfffe00000000, S400, maxrec 2048\nsbp0: \u003cSBP-2/SCSI over FireWire\u003e on firewire0\nfwohci0: Initiate bus reset\nfwohci0: BUS reset\nfwohci0: node_id=0xc800ffc0, gen=1, CYCLEMASTER mode\nfwohci1: \u003cVIA Fire II (VT6306)\u003e port 0x9c00-0x9c7f mem 0xfd5fd000-0xfd5fd7ff irq 23 at device 8.0 on pci6\nfwohci1: [FILTER]\nfwohci1: OHCI version 1.10 (ROM=1)\nfwohci1: No. of Isochronous channels is 4.\nfwohci1: EUI64 00:01:29:20:00:06:cc:52\nfwohci1: Phy 1394a available S400, 2 ports.\nfwohci1: Link S400, max_rec 2048 bytes.\nfirewire1: \u003cIEEE1394(FireWire) bus\u003e on fwohci1\nfwe1: \u003cEthernet over FireWire\u003e on firewire1\nif_fwe1: Fake Ethernet address: 02:01:29:06:cc:52\nfwe1: Ethernet address: 02:01:29:06:cc:52\nfwip1: \u003cIP over FireWire\u003e on firewire1\nfwip1: Firewire address: 00:01:29:20:00:06:cc:52 @ 0xfffe00000000, S400, maxrec 2048\nsbp1: \u003cSBP-2/SCSI over FireWire\u003e on firewire1\nfwohci1: Initiate bus reset\nfwohci1: BUS reset\nfwohci1: node_id=0xc800ffc0, gen=1, CYCLEMASTER mode\nacpi_tz0: \u003cThermal Zone\u003e on acpi0\nfdc0: \u003cfloppy drive controller\u003e port 0x3f0-0x3f5,0x3f7 irq 6 drq 2 on acpi0\nfdc0: [FILTER]\nfd0: \u003c1440-KB 3.5\" drive\u003e on fdc0 drive 0\nsio0: configured irq 4 not in bitmap of probed irqs 0\nsio0: port may not be enabled\nsio0: configured irq 4 not in bitmap of probed irqs 0\nsio0: port may not be enabled\nsio0: \u003c16550A-compatible COM port\u003e port 0x3f8-0x3ff irq 4 flags 0x10 on acpi0\nsio0: type 16550A\nsio0: [FILTER]\natkbdc0: \u003cKeyboard controller (i8042)\u003e port 0x60,0x64 irq 1 on acpi0\natkbd0: \u003cAT Keyboard\u003e irq 1 on atkbdc0\nkbd0 at atkbd0\natkbd0: [GIANT-LOCKED]\natkbd0: [ITHREAD]\nacpi_hpet0: \u003cHigh Precision Event Timer\u003e iomem 0xfed00000-0xfed003ff on acpi0\ndevice_attach: acpi_hpet0 attach returned 12\npmtimer0 on isa0\norm0: \u003cISA Option ROM\u003e at iomem 0xd9800-0xdd7ff pnpid ORM0000 on isa0\nsc0: \u003cSystem console\u003e at flags 0x100 on isa0\nsc0: VGA \u003c16 virtual consoles, flags=0x300\u003e\nvga0: \u003cGeneric ISA VGA\u003e at port 0x3c0-0x3df iomem 0xa0000-0xbffff on isa0\nppc0: parallel port not found.\nsio1: configured irq 3 not in bitmap of probed irqs 0\nsio1: port may not be enabled\nuhub0: device problem (TIMEOUT), disabling port 1\nWARNING: ZFS is considered to be an experimental feature in FreeBSD.\nTimecounters tick every 1.000 msec\nipfw2 initialized, divert enabled, rule-based forwarding disabled, default to deny, logging limited to 10 packets/entry by default\nfirewire0: 1 nodes, maxhop \u003c= 0, cable IRM = 0 (me)\nfirewire0: bus manager 0 (me)\nfirewire1: 1 nodes, maxhop \u003c= 0, cable IRM = 0 (me)\nfirewire1: bus manager 0 (me)\nZFS filesystem version 6\nZFS storage pool version 6\nacd0: CDRW \u003cCD-W540E/1.0D\u003e at ata0-master UDMA33\nacd1: DVDR \u003cNEC DVD RW ND-4571A/1-01\u003e at ata0-slave UDMA33\nad4: 476940MB \u003cSeagate ST3500320AS SD15\u003e at ata2-master SATA300\nad6: 476940MB \u003cMAXTOR STM3500320AS MX15\u003e at ata3-master SATA300\nad8: 305245MB \u003cSeagate ST3320620AS 3.AAD\u003e at ata4-master UDMA33\nad9: 476940MB \u003cSeagate ST3500320AS SD15\u003e at ata4-slave UDMA33\nad10: 305245MB \u003cSeagate ST3320620AS 3.AAG\u003e at ata5-master UDMA33\nad11: 305245MB \u003cSeagate ST3320620AS 3.AAG\u003e at ata5-slave UDMA33\nad12: 476940MB \u003cMAXTOR STM3500320AS MX15\u003e at ata6-master SATA300\nad14: 76319MB \u003cMAXTOR STM380815AS 4.AAB\u003e at ata7-master SATA300\nad16: 305245MB \u003cSeagate ST3320620AS 3.AAD\u003e at ata8-master SATA300\nad18: 76319MB \u003cSeagate ST380815AS 3.AAD\u003e at ata9-master SATA300\nGEOM_MIRROR: Device mirror/gm0 launched (2/2).\ncd0 at ata0 bus 0 target 0 lun 0\ncd0: \u003cTEAC CD-W540E 1.0D\u003e Removable CD-ROM SCSI-0 device\ncd0: 33.000MB/s transfers\ncd0: Attempt to query device size failed: NOT READY, Medium not present\ncd1 at ata0 bus 0 target 1 lun 0\ncd1: \u003c_NEC DVD_RW ND-4571A 1-01\u003e Removable CD-ROM SCSI-0 device\ncd1: 33.000MB/s transfers\ncd1: Attempt to query device size failed: NOT READY, Medium not present\nSMP: AP CPU #1 Launched!\nTrying to mount root from ufs:/dev/mirror/gm0s2a\ninternet0: link up\nhome1: link up\nfuse4bsd: version 0.3.9-pre1, FUSE ABI 7.8\nums0: \u003cA4Tech PS/2+USB Mouse, class 0/0, rev 1.10/0.01, addr 2\u003e on uhub1\nums0: 7 buttons and Z dir.\ntap0: Ethernet address: 00:bd:d1:f6:16:00\ntap1: Ethernet address: 00:bd:5d:89:17:01\nhome1: link down\n2 Pair Downshift detectedhome1: link up\nhome1: link down\nhome1: link up\nhome1: link down\nhome1: link up\nhome1: link down\nhome1: link up\n\nFix: \n\nNo.\nHow-To-Repeat: Use i386 FreeBSD 7.0 p1,p2,p3. Change vm.kmem_size* to 1G. check\n(KVA_PAGES=512):\n\ndd if=/dev/zero of=/zfs_pool/file1 bs=1m. Then chenge vm.kmem_size* to\n1G minus 1byte (KVA_PAGES=512) and check dd if=/dev/zero\nof=/zfs_pool/file2 bs=1m."
}