{
 "id": 989691,
 "bug_id": 227904,
 "attachment_id": 0,
 "creation_time": "2018-05-01T18:23:35Z",
 "creator": "bobf@mrp3.com",
 "text": "RPi2 20180426 image, as downloaded, fails to boot.  This problem also appears when kernel+world is installed from -CURRENT obtained on 4/27.\n\nAn earlier version, dated 03/29, was able to boot successfully on the same hardware.\n\nimage file: FreeBSD-12.0-CURRENT-arm-armv7-RPI2-20180426-r333017.img\n\n1.  downloaded and transferred image to SD card with dd\n2.  booted SD card on RPi 2B with bcm2836 CPU\n3.  observed the following output on the serial port:\n\nU-Boot 2018.03 (Apr 26 2018 - 16:58:25 +0000)\n\nDRAM:  948 MiB\nRPI 2 Model B (0xa01041)\nMMC:   sdhci@7e300000: 0\nLoading Environment from FAT... *** Warning - bad CRC, using default environment\n\nFailed (-5)\nIn:    serial\nOut:   vidconsole\nErr:   vidconsole\nNet:   No ethernet found.\nstarting USB...\nUSB0:   Core Release: 2.80a\nscanning bus 0 for devices... 3 USB Device(s) found\n       scanning usb for storage devices... 0 Storage Device(s) found\nHit any key to stop autoboot:  0 \nswitch to partitions #0, OK\nmmc0 is current device\nScanning mmc 0:1...\nFound U-Boot script /boot.scr\n199 bytes read in 9 ms (21.5 KiB/s)\n## Executing script at 02000000\n238896 bytes read in 31 ms (7.3 MiB/s)\n## Starting application at 0x01000000 ...\nConsoles: U-Boot console  \nCompatible U-Boot API signature found @0x3af56a90\n\nFreeBSD/armv7 U-Boot loader, Revision 1.2\n(Thu Apr 26 18:25:40 UTC 2018 root@releng3.nyi.freebsd.org)\n\nDRAM: 948MB\nNumber of U-Boot devices: 1\nU-Boot env: loaderdev not set, will probe all devices.\nFound U-Boot device: disk\n  Probing all disk devices...\n  Checking unit=0 slice=\u003cauto\u003e partition=\u003cauto\u003e... good.\nBooting from disk0s2a:\nLoading /boot/defaults/loader.conf\n/boot/kernel/kernel data=0x8bf97c+0x1dc684 syms=[0x4+0x99d30+0x4+0xdf5b5]\n|\nHit [Enter] to boot immediately, or any other key for command prompt.\nBooting [/boot/kernel/kernel]...               \n/boot/dtb/bcm2836-rpi-2-b.dtb size=0x4c49\nLoaded DTB from file 'bcm2836-rpi-2-b.dtb'.\nKernel entry at 0x1200100...\nKernel args: (null)\nKDB: debugger backends: ddb\nKDB: current backend: ddb\nCopyright (c) 1992-2018 The FreeBSD Project.\nCopyright (c) 1979, 1980, 1983, 1986, 1988, 1989, 1991, 1992, 1993, 1994\n\tThe Regents of the University of California. All rights reserved.\nFreeBSD is a registered trademark of The FreeBSD Foundation.\nFreeBSD 12.0-CURRENT #0 r333017: Thu Apr 26 18:37:21 UTC 2018\n    root@releng3.nyi.freebsd.org:/usr/obj/usr/src/arm.armv7/sys/GENERIC arm\nFreeBSD clang version 6.0.0 (tags/RELEASE_600/final 326565) (based on LLVM 6.0.0)\nWARNING: WITNESS option enabled, expect reduced performance.\nVT: init without driver.\nmodule_register: cannot register simplebus/ahci from kernel; already loaded from kernel\nModule simplebus/ahci failed to register: 17\nmodule_register: cannot register simplebus/ehci from kernel; already loaded from kernel\nModule simplebus/ehci failed to register: 17\nmodule_register: cannot register simplebus/pcib from kernel; already loaded from kernel\nModule simplebus/pcib failed to register: 17\nmodule_register: cannot register simplebus/ehci from kernel; already loaded from kernel\nModule simplebus/ehci failed to register: 17\nCPU: ARM Cortex-A7 r0p5 (ECO: 0x00000000)\nCPU Features: \n  Multiprocessing, Thumb2, Security, Virtualization, Generic Timer, VMSAv7,\n  PXN, LPAE, Coherent Walk\nOptional instructions: \n  SDIV/UDIV, UMULL, SMULL, SIMD(ext)\nLoUU:2 LoC:3 LoUIS:2 \nCache level 1:\n 32KB/64B 4-way data cache WB Read-Alloc Write-Alloc\n 32KB/32B 2-way instruction cache Read-Alloc\nCache level 2:\n 512KB/64B 8-way unified cache WB Read-Alloc Write-Alloc\nreal memory  = 994045952 (947 MB)\navail memory = 955293696 (911 MB)\nFreeBSD/SMP: Multiprocessor System Detected: 4 CPUs\narc4random: no preloaded entropy cache\nrandom: entropy device external interface\nkbd0 at kbdmux0\nofwbus0: \u003cOpen Firmware Device Tree\u003e\nsimplebus0: \u003cFlattened device tree simple bus\u003e on ofwbus0\nofw_clkbus0: \u003cOFW clocks bus\u003e on ofwbus0\nclk_fixed0: \u003cFixed clock\u003e on ofw_clkbus0\nclk_fixed1: \u003cFixed clock\u003e on ofw_clkbus0\nlocal_intc0: \u003cBCM2836 Interrupt Controller\u003e mem 0x40000000-0x400000ff on simplebus0\nintc0: \u003cBCM2835 Interrupt Controller\u003e mem 0x7e00b200-0x7e00b3ff irq 25 on simplebus0\nintc0: another root already set\nintc0: could not set PIC as a root\ndevice_attach: intc0 attach returned 6\nintc0: \u003cBCM2835 Interrupt Controller\u003e mem 0x7e00b200-0x7e00b3ff irq 25 on simplebus0\nintc0: could not allocate memory resource\ndevice_attach: intc0 attach returned 6\nintc0: \u003cBCM2835 Interrupt Controller\u003e mem 0x7e00b200-0x7e00b3ff irq 25 on simplebus0\nintc0: could not allocate memory resource\ndevice_attach: intc0 attach returned 6\ngpio0: \u003cBCM2708/2835 GPIO controller\u003e mem 0x7e200000-0x7e2000b3 irq 27,28,29,30 on simplebus0\ngpio0: cannot allocate resources\ngpio0: bcm_gpio_pic_detach: not implemented yet\ndevice_attach: gpio0 attach returned 6\nintc0: \u003cBCM2835 Interrupt Controller\u003e mem 0x7e00b200-0x7e00b3ff irq 25 on simplebus0\nintc0: could not allocate memory resource\ndevice_attach: intc0 attach returned 6\ngpio0: \u003cBCM2708/2835 GPIO controller\u003e mem 0x7e200000-0x7e2000b3 irq 27,28,29,30 on simplebus0\ndevice_attach: gpio0 attach returned 6\nintc0: \u003cBCM2835 Interrupt Controller\u003e mem 0x7e00b200-0x7e00b3ff irq 25 on simplebus0\nintc0: could not allocate memory resource\ndevice_attach: intc0 attach returned 6\ngpio0: \u003cBCM2708/2835 GPIO controller\u003e mem 0x7e200000-0x7e2000b3 irq 27,28,29,30 on simplebus0\ndevice_attach: gpio0 attach returned 6\nintc0: \u003cBCM2835 Interrupt Controller\u003e mem 0x7e00b200-0x7e00b3ff irq 25 on simplebus0\nintc0: could not allocate memory resource\ndevice_attach: intc0 attach returned 6\ngpio0: \u003cBCM2708/2835 GPIO controller\u003e mem 0x7e200000-0x7e2000b3 irq 27,28,29,30 on simplebus0\ndevice_attach: gpio0 attach returned 6\nintc0: \u003cBCM2835 Interrupt Controller\u003e mem 0x7e00b200-0x7e00b3ff irq 25 on simplebus0\nintc0: could not allocate memory resource\ndevice_attach: intc0 attach returned 6\ngpio0: \u003cBCM2708/2835 GPIO controller\u003e mem 0x7e200000-0x7e2000b3 irq 27,28,29,30 on simplebus0\ndevice_attach: gpio0 attach returned 6\ngeneric_timer0: \u003cARMv7 Generic Timer\u003e irq 1,2,3,4 on ofwbus0\ngeneric_timer0: could not allocate resources\ndevice_attach: generic_timer0 attach returned 6\nintc0: \u003cBCM2835 Interrupt Controller\u003e mem 0x7e00b200-0x7e00b3ff irq 25 on simplebus0\nintc0: could not allocate memory resource\ndevice_attach: intc0 attach returned 6\ngpio0: \u003cBCM2708/2835 GPIO controller\u003e mem 0x7e200000-0x7e2000b3 irq 27,28,29,30 on simplebus0\ndevice_attach: gpio0 attach returned 6\ngeneric_timer0: \u003cARMv7 Generic Timer\u003e irq 1,2,3,4 on ofwbus0\ngeneric_timer0: could not allocate resources\ndevice_attach: generic_timer0 attach returned 6\nintc0: \u003cBCM2835 Interrupt Controller\u003e mem 0x7e00b200-0x7e00b3ff irq 25 on simplebus0\nintc0: could not allocate memory resource\ndevice_attach: intc0 attach returned 6\ngpio0: \u003cBCM2708/2835 GPIO controller\u003e mem 0x7e200000-0x7e2000b3 irq 27,28,29,30 on simplebus0\ndevice_attach: gpio0 attach returned 6\ngeneric_timer0: \u003cARMv7 Generic Timer\u003e irq 1,2,3,4 on ofwbus0\ngeneric_timer0: could not allocate resources\ndevice_attach: generic_timer0 attach returned 6\nintc0: \u003cBCM2835 Interrupt Controller\u003e mem 0x7e00b200-0x7e00b3ff irq 25 on simplebus0\nintc0: could not allocate memory resource\ndevice_attach: intc0 attach returned 6\ngpio0: \u003cBCM2708/2835 GPIO controller\u003e mem 0x7e200000-0x7e2000b3 irq 27,28,29,30 on simplebus0\ndevice_attach: gpio0 attach returned 6\ngeneric_timer0: \u003cARMv7 Generic Timer\u003e irq 1,2,3,4 on ofwbus0\ngeneric_timer0: could not allocate resources\ndevice_attach: generic_timer0 attach returned 6\nintc0: \u003cBCM2835 Interrupt Controller\u003e mem 0x7e00b200-0x7e00b3ff irq 25 on simplebus0\nintc0: could not allocate memory resource\ndevice_attach: intc0 attach returned 6\ngpio0: \u003cBCM2708/2835 GPIO controller\u003e mem 0x7e200000-0x7e2000b3 irq 27,28,29,30 on simplebus0\ndevice_attach: gpio0 attach returned 6\ngeneric_timer0: \u003cARMv7 Generic Timer\u003e irq 1,2,3,4 on ofwbus0\ngeneric_timer0: could not allocate resources\ndevice_attach: generic_timer0 attach returned 6\nintc0: \u003cBCM2835 Interrupt Controller\u003e mem 0x7e00b200-0x7e00b3ff irq 25 on simplebus0\nintc0: could not allocate memory resource\ndevice_attach: intc0 attach returned 6\ngpio0: \u003cBCM2708/2835 GPIO controller\u003e mem 0x7e200000-0x7e2000b3 irq 27,28,29,30 on simplebus0\ndevice_attach: gpio0 attach returned 6\ngeneric_timer0: \u003cARMv7 Generic Timer\u003e irq 1,2,3,4 on ofwbus0\ngeneric_timer0: could not allocate resources\ndevice_attach: generic_timer0 attach returned 6\nintc0: \u003cBCM2835 Interrupt Controller\u003e mem 0x7e00b200-0x7e00b3ff irq 25 on simplebus0\nintc0: could not allocate memory resource\ndevice_attach: intc0 attach returned 6\ngpio0: \u003cBCM2708/2835 GPIO controller\u003e mem 0x7e200000-0x7e2000b3 irq 27,28,29,30 on simplebus0\ndevice_attach: gpio0 attach returned 6\ngeneric_timer0: \u003cARMv7 Generic Timer\u003e irq 1,2,3,4 on ofwbus0\ngeneric_timer0: could not allocate resources\ndevice_attach: generic_timer0 attach returned 6\nintc0: \u003cBCM2835 Interrupt Controller\u003e mem 0x7e00b200-0x7e00b3ff irq 25 on simplebus0\nintc0: could not allocate memory resource\ndevice_attach: intc0 attach returned 6\ngpio0: \u003cBCM2708/2835 GPIO controller\u003e mem 0x7e200000-0x7e2000b3 irq 27,28,29,30 on simplebus0\ndevice_attach: gpio0 attach returned 6\ngeneric_timer0: \u003cARMv7 Generic Timer\u003e irq 1,2,3,4 on ofwbus0\ngeneric_timer0: could not allocate resources\ndevice_attach: generic_timer0 attach returned 6\nbcm_dma0: \u003cBCM2835 DMA Controller\u003e mem 0x7e007000-0x7e007eff irq 9,10,11,12,13,14,15,16,17,18,19,20,21,22,23,24 on simplebus0\nbcm_dma0: cannot allocate interrupt\ndevice_attach: bcm_dma0 attach returned 6\nintc0: \u003cBCM2835 Interrupt Controller\u003e mem 0x7e00b200-0x7e00b3ff irq 25 on simplebus0\nintc0: could not allocate memory resource\ndevice_attach: intc0 attach returned 6\nbcmwd0: \u003cBCM2708/2835 Watchdog\u003e mem 0x7e100000-0x7e100027 on simplebus0\nbcmrng0: \u003cBroadcom BCM2835 RNG\u003e mem 0x7e104000-0x7e10400f on simplebus0\nmbox0: \u003cBCM2835 VideoCore Mailbox\u003e mem 0x7e00b880-0x7e00b8bf irq 26 on simplebus0\nmbox0: could not allocate interrupt resource\ndevice_attach: mbox0 attach returned 6\ngpio0: \u003cBCM2708/2835 GPIO controller\u003e mem 0x7e200000-0x7e2000b3 irq 27,28,29,30 on simplebus0\ndevice_attach: gpio0 attach returned 6\nuart0: \u003cPrimeCell UART (PL011)\u003e mem 0x7e201000-0x7e201fff irq 31 on simplebus0\nuart0: console (115200,n,8,1)\nspi0: \u003cBCM2708/2835 SPI controller\u003e mem 0x7e204000-0x7e204fff irq 33 on simplebus0\nspi0: cannot allocate interrupt\ndevice_attach: spi0 attach returned 6\niichb0: \u003cBCM2708/2835 BSC controller\u003e mem 0x7e205000-0x7e205fff irq 34 on simplebus0\niichb0: cannot allocate interrupt\ndevice_attach: iichb0 attach returned 6\nsdhci_bcm0: \u003cBroadcom 2708 SDHCI controller\u003e mem 0x7e300000-0x7e3000ff irq 41 on simplebus0\ndevice_attach: sdhci_bcm0 attach returned 6\niichb0: \u003cBCM2708/2835 BSC controller\u003e mem 0x7e804000-0x7e804fff irq 44 on simplebus0\niichb0: cannot allocate interrupt\ndevice_attach: iichb0 attach returned 6\niichb0: \u003cBCM2708/2835 BSC controller\u003e mem 0x7e805000-0x7e805fff irq 45 on simplebus0\niichb0: cannot allocate interrupt\ndevice_attach: iichb0 attach returned 6\nbcm283x_dwcotg0: \u003cDWC OTG 2.0 integrated USB controller (bcm283x)\u003e mem 0x7e980000-0x7e98ffff irq 50 on simplebus0\nbcm283x_dwcotg0: failed to set power state, err=6\ndevice_attach: bcm283x_dwcotg0 attach returned 6\nvchiq0: \u003cBCM2835 VCHIQ\u003e mem 0x7e00b840-0x7e00b84e irq 52 on simplebus0\nvchiq0: could not allocate interrupt resource\ndevice_attach: vchiq0 attach returned 6\nfb0: \u003cBCM2835 VT framebuffer driver\u003e on simplebus0\ndevice_attach: fb0 attach returned 6\npmu0: \u003cPerformance Monitoring Unit\u003e irq 0 on ofwbus0\npmu0: could not allocate resources\ndevice_attach: pmu0 attach returned 6\ngeneric_timer0: \u003cARMv7 Generic Timer\u003e irq 1,2,3,4 on ofwbus0\ngeneric_timer0: could not allocate resources\ndevice_attach: generic_timer0 attach returned 6\ncpulist0: \u003cOpen Firmware CPU Group\u003e on ofwbus0\ncpu0: \u003cOpen Firmware CPU\u003e on cpulist0\nbcm2835_cpufreq0: \u003cCPU Frequency Control\u003e on cpu0\ncpu1: \u003cOpen Firmware CPU\u003e on cpulist0\ncpu2: \u003cOpen Firmware CPU\u003e on cpulist0\ncpu3: \u003cOpen Firmware CPU\u003e on cpulist0\ngpioled0: \u003cGPIO LEDs\u003e on ofwbus0\ngpioled0: \u003cACT\u003e failed to map pin\ngpioled0: \u003cPWR\u003e failed to map pin\ncryptosoft0: \u003csoftware crypto\u003e\npanic: No usable event timer found!\ncpuid = 0\ntime = 1\nKDB: stack backtrace:\ndb_trace_self() at db_trace_self\n\t pc = 0xc05e23a0  lr = 0xc00cf92c (db_trace_self_wrapper+0x30)\n\t sp = 0xc0d13ce0  fp = 0xc0d13df8\ndb_trace_self_wrapper() at db_trace_self_wrapper+0x30\n\t pc = 0xc00cf92c  lr = 0xc02e3338 (vpanic+0x16c)\n\t sp = 0xc0d13e00  fp = 0xc0d13e20\n\t r4 = 0x00000100  r5 = 0x00000001\n\t r6 = 0xc0771ef8  r7 = 0xc09cbfa8\nvpanic() at vpanic+0x16c\n\t pc = 0xc02e3338  lr = 0xc02e33d0 (kproc_shutdown)\n\t sp = 0xc0d13e28  fp = 0xc0d13e2c\n\t r4 = 0xc0a453b4  r5 = 0xc0a453d8\n\t r6 = 0x00000001  r7 = 0xc0a4957c\n\t r8 = 0x7fffffff  r9 = 0xffffffff\n\tr10 = 0xc2eb0d80\nkproc_shutdown() at kproc_shutdown\n\t pc = 0xc02e33d0  lr = 0xc061240c (timercb)\n\t sp = 0xc0d13e34  fp = 0xc0d13e60\n\t r4 = 0xc02e33d0  r5 = 0xc0d13e34\ntimercb() at timercb\n\t pc = 0xc061240c  lr = 0xc028307c (initclocks+0x2c)\n\t sp = 0xc0d13e68  fp = 0xc0d13e68\n\t r4 = 0xc0a48b6c  r5 = 0x00000001\n\t r6 = 0xc08b3c38  r7 = 0x00000000\n\t r8 = 0xc0a48b68  r9 = 0xc08b4d78\n\tr10 = 0xc0a48a70\ninitclocks() at initclocks+0x2c\n\t pc = 0xc028307c  lr = 0xc027fb68 (mi_startup+0x18c)\n\t sp = 0xc0d13e70  fp = 0xc0d13e90\nmi_startup() at mi_startup+0x18c\n\t pc = 0xc027fb68  lr = 0xc0000244 (_start+0x144)\n\t sp = 0xc0d13e98  fp = 0x00000000\n\t r4 = 0xc0000378  r5 = 0xc0a98000\n\t r6 = 0x0000000e  r7 = 0x00c52078\n\t r8 = 0xc0c21000  r9 = 0x3ebfa800\n\tr10 = 0x00000040\n_start() at _start+0x144\n\t pc = 0xc0000244  lr = 0xc0000244 (_start+0x144)\n\t sp = 0xc0d13e98  fp = 0x00000000\nKDB: enter: panic\n[ thread pid 0 tid 100000 ]\nStopped at      $d.3:   ldrb    r15, [r15, r15, ror r15]!\ndb\u003e"
}