{
 "id": 398327,
 "bug_id": 113853,
 "attachment_id": 0,
 "creation_time": "2007-06-19T11:20:02Z",
 "creator": "mk@elxsi.de",
 "text": "The system runs without any problems for some weeks and than it crashed.\nAfter rebooting the system it sometimes only takes about 60 seconds and\nthe system crashes again. This repeats for some time (e.g. some reboots) \nnd than the system runs fine for some more weeks.\n\nPlease note, it doesn't seem to be a hardware problem, as I installed\nfreebsd on another system with completly other hardware (another\nmainboard/ram/cpu/harddrives/controllers). The first system was a compaq\nproliant server and the second system just a normal PC. I also confirmed\nthat we don't have a power issue (used different safety switches and\nUSVs). The bug report applies to both systems.\n\nI tried recompiling the kernel with DBD and to create a kernel dump,\nbut I'm unable to enter the debugger when the system hangs. No kernel\ndumps get created.\n\nI have disabled ACPI and the apache accf stuff, and I added the following\nstuff to /boot/loader.conf:\n\naccf_http_load=\"NO\"\naccf_data_load=\"NO\"\nhint.apic.0.disabled=\"1\"\nhint.acpi.0.disabled=\"1\"\nkern.ipc.nmbclusters=\"0\"\n\n\nI'm running apache22 (installed via the freebsd ports), postfix (also\nvia ports) , spamassassin, mysql and bind, nothing else special.\n\nHere are some debug information:\n\ndmesg:\n\nCopyright (c) 1992-2007 The FreeBSD Project.\nCopyright (c) 1979, 1980, 1983, 1986, 1988, 1989, 1991, 1992, 1993, 1994\n        The Regents of the University of California. All rights reserved.\nFreeBSD is a registered trademark of The FreeBSD Foundation.\nFreeBSD 6.2-RELEASE #0: Tue Jun 19 10:51:27 CEST 2007\n    root@elxsi.de:/usr/src/sys/i386/compile/ELXSI\nTimecounter \"i8254\" frequency 1193182 Hz quality 0\nCPU: Intel(R) Pentium(R) 4 CPU 2.00GHz (2017.98-MHz 686-class CPU)\n  Origin = \"GenuineIntel\"  Id = 0xf24  Stepping = 4\n  Features=0x3febfbff\u003cFPU,VME,DE,PSE,TSC,MSR,PAE,MCE,CX8,APIC,SEP,MTRR,PGE,MCA,C\nMOV,PAT,PSE36,CLFLUSH,DTS,ACPI,MMX,FXSR,SSE,SSE2,SS,HTT,TM\u003e\nreal memory  = 536854528 (511 MB)\navail memory = 515952640 (492 MB)\nkbd1 at kbdmux0\nath_hal: 0.9.17.2 (AR5210, AR5211, AR5212, RF5111, RF5112, RF2413, RF5413)\ncpu0 on motherboard\npcib0: \u003cHost to PCI bridge\u003e pcibus 0 on motherboard\npir0: \u003cPCI Interrupt Routing Table: 9 Entries\u003e on motherboard\npci0: \u003cPCI bus\u003e on pcib0\nagp0: \u003cIntel 82845 host to AGP bridge\u003e mem 0xf8000000-0xfbffffff at device 0.0 o\nn pci0\npcib1: \u003cPCIBIOS PCI-PCI bridge\u003e at device 1.0 on pci0\npci1: \u003cPCI bus\u003e on pcib1\npcib2: \u003cPCIBIOS PCI-PCI bridge\u003e at device 30.0 on pci0\npci2: \u003cPCI bus\u003e on pcib2\npci2: \u003cdisplay, VGA\u003e at device 9.0 (no driver attached)\nfxp0: \u003cIntel 82559 Pro/100 Ethernet\u003e port 0xd800-0xd83f mem 0xf6800000-0xf6800ff\nf,0xf6000000-0xf60fffff irq 12 at device 10.0 on pci2\nmiibus0: \u003cMII bus\u003e on fxp0\ninphy0: \u003ci82555 10/100 media interface\u003e on miibus0\ninphy0:  10baseT, 10baseT-FDX, 100baseTX, 100baseTX-FDX, auto\nfxp0: Ethernet address: 00:90:27:af:d6:2c\nisab0: \u003cPCI-ISA bridge\u003e at device 31.0 on pci0\nisa0: \u003cISA bus\u003e on isab0\natapci0: \u003cIntel ICH2 UDMA100 controller\u003e port 0x1f0-0x1f7,0x3f6,0x170-0x177,0x37\n6,0xb800-0xb80f at device 31.1 on pci0\nata0: \u003cATA channel 0\u003e on atapci0\nata1: \u003cATA channel 1\u003e on atapci0\nuhci0: \u003cIntel 82801BA/BAM (ICH2) USB controller USB-A\u003e port 0xb400-0xb41f irq 11\n at device 31.2 on pci0\nuhci0: [GIANT-LOCKED]\nusb0: \u003cIntel 82801BA/BAM (ICH2) USB controller USB-A\u003e on uhci0\nusb0: USB revision 1.0\nuhub0: Intel UHCI root hub, class 9/0, rev 1.00/1.00, addr 1\nuhub0: 2 ports with 2 removable, self powered\nuhci1: \u003cIntel 82801BA/BAM (ICH2) USB controller USB-B\u003e port 0xb000-0xb01f irq 7 \nat device 31.4 on pci0\nuhci1: [GIANT-LOCKED]\nusb1: \u003cIntel 82801BA/BAM (ICH2) USB controller USB-B\u003e on uhci1\nusb1: USB revision 1.0\nuhub1: Intel UHCI root hub, class 9/0, rev 1.00/1.00, addr 1\nuhub1: 2 ports with 2 removable, self powered\npmtimer0 on isa0\norm0: \u003cISA Option ROMs\u003e at iomem 0xc0000-0xc7fff,0xc8000-0xc8fff on isa0\natkbdc0: \u003cKeyboard controller (i8042)\u003e at port 0x60,0x64 on isa0\natkbd0: \u003cAT Keyboard\u003e irq 1 on atkbdc0\nkbd0 at atkbd0\natkbd0: [GIANT-LOCKED]\nppc0: parallel port not found.\nsc0: \u003cSystem console\u003e at flags 0x100 on isa0\nsc0: VGA \u003c16 virtual consoles, flags=0x300\u003e\nsio0 at port 0x3f8-0x3ff irq 4 flags 0x10 on isa0\nsio0: type 16550A\nsio1 at port 0x2f8-0x2ff irq 3 on isa0\nsio1: type 16550A\nvga0: \u003cGeneric ISA VGA\u003e at port 0x3c0-0x3df iomem 0xa0000-0xbffff on isa0\nunknown: \u003cPNP0501\u003e can't assign resources (port)\nunknown: \u003cPNP0501\u003e can't assign resources (port)\nunknown: \u003cPNP0c01\u003e can't assign resources (memory)\nunknown: \u003cPNP0303\u003e can't assign resources (port)\nTimecounter \"TSC\" frequency 2017977404 Hz quality 800\nTimecounters tick every 1.000 msec\nad0: 78167MB \u003cMaxtor 6Y080P0 YAR41BW0\u003e at ata0-master UDMA100\nTrying to mount root from ufs:/dev/ad0s1a\n\nuname -a:\n\n[root@elxsi ~]# uname -a\nFreeBSD elxsi.de 6.2-RELEASE FreeBSD 6.2-RELEASE #0: Tue Jun 19 10:51:27 CEST 2007     root@elxsi.de:/usr/src/sys/i386/compile/ELXSI  i386\n\nuptime:\n\n[root@elxsi ~]# uptime \n12:05PM  up 58 mins, 5 users, load averages: 0.22, 0.06, 0.02\n\nps axuw:\nUSER      PID %CPU %MEM   VSZ   RSS  TT  STAT STARTED      TIME COMMAND\nroot       10 95.7  0.0     0     8  ??  RL   11:06AM  57:30.46 [idle]\nroot      701  1.3  5.1 27056 26348  ??  I    11:06AM   0:18.10 spamd child (per\nl)\nroot        0  0.0  0.0     0     0  ??  WLs  11:06AM   0:00.00 [swapper]\nroot        1  0.0  0.1   772   388  ??  ILs  11:06AM   0:00.01 /sbin/init --\nroot        2  0.0  0.0     0     8  ??  DL   11:06AM   0:00.14 [g_event]\nroot        3  0.0  0.0     0     8  ??  DL   11:06AM   0:00.26 [g_up]\nroot        4  0.0  0.0     0     8  ??  DL   11:06AM   0:00.39 [g_down]\nroot        5  0.0  0.0     0     8  ??  DL   11:06AM   0:00.00 [thread taskq]\nroot        6  0.0  0.0     0     8  ??  DL   11:06AM   0:00.00 [kqueue taskq]\nroot        7  0.0  0.0     0     8  ??  DL   11:06AM   0:00.00 [pagedaemon]\nroot        8  0.0  0.0     0     8  ??  DL   11:06AM   0:00.00 [vmdaemon]\nroot        9  0.0  0.0     0     8  ??  DL   11:06AM   0:00.63 [pagezero]\nroot       11  0.0  0.0     0     8  ??  WL   11:06AM   0:00.84 [swi1: net]\nroot       12  0.0  0.0     0     8  ??  WL   11:06AM   0:03.56 [swi4: clock sio\n]\nroot       13  0.0  0.0     0     8  ??  WL   11:06AM   0:00.00 [swi3: vm]\nroot       14  0.0  0.0     0     8  ??  DL   11:06AM   0:00.31 [yarrow]\nroot       15  0.0  0.0     0     8  ??  WL   11:06AM   0:00.00 [swi6: task queu\ne]\nroot       16  0.0  0.0     0     8  ??  WL   11:06AM   0:00.87 [swi6: Giant tas\nkq]\nroot       17  0.0  0.0     0     8  ??  WL   11:06AM   0:00.00 [swi5: +]\nroot       18  0.0  0.0     0     8  ??  WL   11:06AM   0:00.00 [swi2: cambio]\nroot       19  0.0  0.0     0     8  ??  WL   11:06AM   0:00.85 [irq12: fxp0]\nroot       20  0.0  0.0     0     8  ??  WL   11:06AM   0:00.16 [irq14: ata0]\nroot       21  0.0  0.0     0     8  ??  WL   11:06AM   0:00.00 [irq15: ata1]\nroot       22  0.0  0.0     0     8  ??  WL   11:06AM   0:00.00 [irq11: uhci0]\nroot       23  0.0  0.0     0     8  ??  DL   11:06AM   0:00.00 [usb0]\nroot       24  0.0  0.0     0     8  ??  DL   11:06AM   0:00.00 [usbtask]\nroot       25  0.0  0.0     0     8  ??  WL   11:06AM   0:00.00 [irq7: uhci1]\nroot       26  0.0  0.0     0     8  ??  DL   11:06AM   0:00.00 [usb1]\nroot       27  0.0  0.0     0     8  ??  WL   11:06AM   0:00.09 [irq1: atkbd0]\nroot       28  0.0  0.0     0     8  ??  WL   11:06AM   0:00.00 [swi0: sio]\nroot       29  0.0  0.0     0     8  ??  DL   11:06AM   0:00.02 [bufdaemon]\nroot       30  0.0  0.0     0     8  ??  DL   11:06AM   0:00.01 [vnlru]\nroot       31  0.0  0.0     0     8  ??  DL   11:06AM   0:00.35 [syncer]\nroot       32  0.0  0.0     0     8  ??  DL   11:06AM   0:00.02 [softdepflush]\nroot       33  0.0  0.0     0     8  ??  DL   11:06AM   0:00.31 [schedcpu]\nroot      109  0.0  0.1  1252   728  ??  Is   11:06AM   0:00.00 adjkerntz -i\nroot      316  0.0  0.1   528   388  ??  Is   11:06AM   0:00.00 /sbin/devd\nroot      376  0.0  0.2  1376  1024  ??  Ss   11:06AM   0:00.30 /usr/sbin/syslog\nd -l /var/run/log -l /var/named/var/run/log -s\nbind      439  0.0  1.0  5824  4988  ??  Ss   11:06AM   0:04.81 /usr/sbin/named \n-t /var/named -u bind\nroot      493  0.0  1.9 12776 10008  ??  Ss   11:06AM   0:00.69 /usr/local/sbin/\nhttpd -DNOHTTPACCEPT\nroot      543  0.0  0.2  1288   824  ??  Ss   11:06AM   0:00.01 /usr/sbin/usbd\nwww       570  0.0  2.0 12868 10220  ??  I    11:06AM   0:00.02 /usr/local/sbin/\nhttpd -DNOHTTPACCEPT\nwww       571  0.0  2.4 15068 12576  ??  I    11:06AM   0:00.17 /usr/local/sbin/\nhttpd -DNOHTTPACCEPT\nwww       572  0.0  2.0 12892 10240  ??  I    11:06AM   0:00.02 /usr/local/sbin/\nhttpd -DNOHTTPACCEPT\nwww       573  0.0  2.0 12884 10228  ??  I    11:06AM   0:00.02 /usr/local/sbin/\nhttpd -DNOHTTPACCEPT\nwww       574  0.0  2.0 12888 10240  ??  I    11:06AM   0:00.02 /usr/local/sbin/\nhttpd -DNOHTTPACCEPT\nwww       575  0.0  2.0 12868 10220  ??  I    11:06AM   0:00.02 /usr/local/sbin/\nhttpd -DNOHTTPACCEPT\nwww       576  0.0  2.4 15060 12564  ??  I    11:06AM   0:00.13 /usr/local/sbin/\nhttpd -DNOHTTPACCEPT\nwww       577  0.0  2.0 12852 10076  ??  I    11:06AM   0:00.01 /usr/local/sbin/\nhttpd -DNOHTTPACCEPT\nroot      579  0.0  4.3 22660 22080  ??  Rs   11:06AM   0:01.69 /usr/local/bin/s\npamd -c -d -r /var/run/spamd/spamd.pid (perl)\nroot      633  0.0  0.2  1520  1284  ??  Ss   11:06AM   0:00.50 /usr/local/libex\nec/postfix/master\npostfix   642  0.0  0.3  1656  1384  ??  I    11:06AM   0:00.24 qmgr -l -t fifo \n-u\npostfix   648  0.0  0.3  1580  1308  ??  S    11:06AM   0:00.08 anvil -l -t unix\n -u\nroot      702  0.0  4.7 25160 24332  ??  I    11:06AM   0:02.49 spamd child (per\nl)\npgsql     707  0.0  0.8 16320  4120  ??  Is   11:06AM   0:00.16 /usr/local/bin/p\nostmaster -D /usr/local/pgsql/data (postgres)\npgsql     710  0.0  0.8 16324  4216  ??  S    11:06AM   0:00.44 postmaster: writ\ner process    (postgres)\npgsql     711  0.0  0.8  7900  4012  ??  S    11:06AM   0:00.01 postmaster: stat\ns buffer process    (postgres)\npgsql     712  0.0  0.8  6964  4068  ??  I    11:06AM   0:00.01 postmaster: stat\ns collector process    (postgres)\nroot      734  0.0  0.5  3524  2728  ??  Is   11:07AM   0:00.02 /usr/sbin/sshd\nroot      739  0.0  0.2  1388  1100  ??  Is   11:07AM   0:00.02 /usr/sbin/cron -\ns\nroot      766  0.0  0.2  1436  1040  ??  Is   11:07AM   0:00.00 /usr/sbin/inetd \n-wW -C 60\nroot      994  0.0  0.6  6276  3316  ??  Is   11:21AM   0:00.04 sshd: martin [pr\niv] (sshd)\nmartin    997  0.0  0.6  6228  3324  ??  I    11:21AM   0:00.27 sshd: martin@tty\np0 (sshd)\nwww      1044  0.0  2.0 12888 10236  ??  S    11:22AM   0:00.01 /usr/local/sbin/\nhttpd -DNOHTTPACCEPT\nix -u\npostfix  1871  0.0  0.3  1844  1576  ??  S    12:04PM   0:00.03 smtpd -n smtp -t\n inet -u -o content_filter=spamfilter:dummy\npostfix  1872  0.0  0.3  1572  1300  ??  I    12:04PM   0:00.02 proxymap -t unix\n -u\npostfix  1873  0.0  0.3  1692  1476  ??  I    12:04PM   0:00.12 cleanup -z -t un\nix -u\npostfix  1874  0.0  0.3  1592  1320  ??  I    12:04PM   0:00.01 pipe -n spamfilt\ner -t unix flags=Rq user=spamd argv=/usr/local/bin/\npostfix  1879  0.0  0.3  1664  1396  ??  I    12:04PM   0:00.02 local -t unix\npostfix  1880  0.0  0.3  1672  1408  ??  I    12:04PM   0:00.02 local -t unix\npostfix  1905  0.0  0.3  1692  1476  ??  I    12:04PM   0:00.08 cleanup -z -t un\nix -u\npostfix  1906  0.0  0.3  1656  1436  ??  I    12:04PM   0:00.01 smtp -n relay -t\n unix -u -o fallback_relay=\npostfix  1907  0.0  0.3  1660  1440  ??  I    12:04PM   0:00.01 smtp -t unix -u\npostfix  1908  0.0  0.3  1660  1440  ??  I    12:04PM   0:00.01 smtp -t unix -u\npostfix  1909  0.0  0.3  1656  1436  ??  I    12:04PM   0:00.01 smtp -n relay -t\n unix -u -o fallback_relay=\npostfix  1910  0.0  0.3  1824  1552  ??  S    12:04PM   0:00.02 smtpd -n smtp -t\n inet -u -o content_filter=spamfilter:dummy\nroot      972  0.0  0.2  1344   952  v0  Is+  11:15AM   0:00.00 /usr/libexec/get\nty Pc ttyv0\nroot      971  0.0  0.2  1344   952  v1  Is+  11:15AM   0:00.00 /usr/libexec/get\nty Pc ttyv1\nroot      890  0.0  0.2  1344   952  v2  Is+  11:12AM   0:00.00 /usr/libexec/get\nty Pc ttyv2\nroot      787  0.0  0.2  1344   952  v3  Is+  11:07AM   0:00.00 /usr/libexec/get\nty Pc ttyv3\nroot      788  0.0  0.2  1344   952  v4  Is+  11:07AM   0:00.00 /usr/libexec/get\nty Pc ttyv4\nroot      789  0.0  0.2  1344   952  v5  Is+  11:07AM   0:00.00 /usr/libexec/get\nty Pc ttyv5\nroot      790  0.0  0.2  1344   952  v6  Is+  11:07AM   0:00.00 /usr/libexec/get\nty Pc ttyv6\nroot      791  0.0  0.2  1344   952  v7  Is+  11:07AM   0:00.00 /usr/libexec/get\nty Pc ttyv7\nmysql     649  0.0  0.3  1728  1312 con- I    11:06AM   0:00.01 /bin/sh /usr/loc\nal/bin/mysqld_safe --defaults-extra-file=/var/db/my\nmysql     699  0.0  5.8 49016 29996 con- S    11:06AM   0:02.96 /usr/local/libex\nec/mysqld --defaults-extra-file=/var/db/mysql/my.cn\nmartin    998  0.0  0.4  3224  2080  p0  Is   11:21AM   0:00.02 -bash (bash)\nmartin    999  0.0  0.3  2008  1664  p0  S+   11:21AM   0:00.03 screen -dr\nmartin    992  0.0  0.4  3244  2100  p1  Is   11:21AM   0:00.02 /usr/local/bin/b\nash\nmartin   1011  0.0  0.4  3244  2132  p2  Is   11:21AM   0:00.02 /usr/local/bin/b\nash\nmartin   1040  0.0  0.4  3244  2132  p4  Is   11:22AM   0:00.02 /usr/local/bin/b\nash\nmartin   1041  0.0  0.4  3244  2132  p4  I+   11:22AM   0:00.00 /usr/local/bin/b\nash\nroot     1668  0.0  0.4  3224  2148  p5  Ss   11:52AM   0:00.04 -bash (bash)\nroot     1957  0.0  0.2  1508   996  p5  R+   12:05PM   0:00.00 ps axuw\nroot     1958  0.0  0.4  3224  2148  p5  R+   12:05PM   0:00.00 -bash (bash)\n\n\nlast|grep crash:\n[root@elxsi ~]# last|grep crash\nmartin           ttyp5    87.239.142.167   Tue Jun 19 00:22 - crash  (09:57)\nchilli           ttyp6    neptun.elxsi.de  Mon Jun 18 19:02 - crash  (15:17)\nmartin           ttyp0    cag.cronon.org   Mon Jun 18 10:33 - crash  (23:47)\n\nHow-To-Repeat: I didn't find a way to repeat the problem."
}