{
 "id": 613290,
 "bug_id": 157568,
 "attachment_id": 0,
 "creation_time": "2011-06-03T21:10:08Z",
 "creator": "tinotom@gmail.com",
 "text": "amdsbwd driver does not attach to wd with the following error (from /var/run/dmesg.boot):\n\namdsbwd0: \u003cAMD SB600/SB7xx Watchdog Timer\u003e at iomem 0xbafe00-0xbafe03,0xbafe04-0xbafe07 on isa0\namdsbwd0: bus_alloc_resource for ctrl failed device_attach: amdsbwd0 attach returned 6\n\nThe mainboard is an E35M1-I deluxe from Asus ( http://www.asus.com/Motherboards/AMD_CPU_on_Board/E35M1I_DELUXE/ )\ncompile options in make.conf:\n\nCFLAGS=-O -pipe\nNOPROFILE=true\n\n        Here's kernel boot:\n\nCopyright (c) 1992-2011 The FreeBSD Project.\nCopyright (c) 1979, 1980, 1983, 1986, 1988, 1989, 1991, 1992, 1993, 1994\n        The Regents of the University of California. All rights reserved.\nFreeBSD is a registered trademark of The FreeBSD Foundation.\nFreeBSD 8.2-STABLE #9: Wed Jun  1 22:14:01 CEST 2011\n    tinotom@stone:/storage/systembuild/usr/src/sys/STONE amd64\nTimecounter \"i8254\" frequency 1193182 Hz quality 0\nCPU: AMD E-350 Processor (1599.97-MHz K8-class CPU)\n  Origin = \"AuthenticAMD\"  Id = 0x500f10  Family = 14  Model = 1  Stepping = 0\n  Features=0x178bfbff\u003cFPU,VME,DE,PSE,TSC,MSR,PAE,MCE,CX8,APIC,SEP,MTRR,PGE,MCA,CMOV,PAT,PSE36,CLFLUSH,MMX,FXSR,SSE,SSE2,HTT\u003e\n  Features2=0x802209\u003cSSE3,MON,SSSE3,CX16,POPCNT\u003e\n  AMD Features=0x2e500800\u003cSYSCALL,NX,MMX+,FFXSR,Page1GB,RDTSCP,LM\u003e\n  AMD Features2=0x35ff\u003cLAHF,CMP,SVM,ExtAPIC,CR8,ABM,SSE4A,MAS,Prefetch,IBS,SKINIT,WDT\u003e\n  TSC: P-state invariant\nreal memory  = 8589934592 (8192 MB)\navail memory = 7821377536 (7459 MB)\nACPI APIC Table: \u003cALASKA A M I\u003e\nFreeBSD/SMP: Multiprocessor System Detected: 2 CPUs\nFreeBSD/SMP: 1 package(s) x 2 core(s)\n cpu0 (BSP): APIC ID:  0\n cpu1 (AP): APIC ID:  1\nACPI Warning: Optional field Pm2ControlBlock has zero address or length: 0x0000000000000000/0x1 (20101013/tbfadt-655)\nioapic0: Changing APIC ID to 0\nioapic0 \u003cVersion 2.1\u003e irqs 0-23 on motherboard\nCuse4BSD v0.1.14 @ /dev/cuse\nkbd1 at kbdmux0\nacpi0: \u003cALASKA A M I\u003e on motherboard\nacpi0: [ITHREAD]\nACPI Error: [RAMB] Namespace lookup failure, AE_NOT_FOUND (20101013/psargs-464)\nACPI Exception: AE_NOT_FOUND, Could not execute arguments for [RAMW] (Region) (20101013/nsinit-452)\nacpi0: Power Button (fixed)\nTimecounter \"ACPI-fast\" frequency 3579545 Hz quality 1000\nacpi_timer0: \u003c32-bit timer at 3.579545MHz\u003e port 0x808-0x80b on acpi0\ncpu0: \u003cACPI CPU\u003e on acpi0\ncpu1: \u003cACPI CPU\u003e on acpi0\nacpi_hpet0: \u003cHigh Precision Event Timer\u003e iomem 0xfed00000-0xfed003ff on acpi0\nTimecounter \"HPET\" frequency 14318180 Hz quality 900\npcib0: \u003cACPI Host-PCI bridge\u003e port 0xcf8-0xcff on acpi0\npci0: \u003cACPI PCI bus\u003e on pcib0\nvgapci0: \u003cVGA-compatible display\u003e port 0xf000-0xf0ff mem 0xc0000000-0xcfffffff,0xfeb00000-0xfeb3ffff,0xfe700000-0xfe7fffff irq 18 at device 1.0 on pci0\npci0: \u003cmultimedia, HDA\u003e at device 1.1 (no driver attached)\npcib1: \u003cACPI PCI-PCI bridge\u003e irq 16 at device 4.0 on pci0\npci1: \u003cACPI PCI bus\u003e on pcib1\nahci0: \u003cATI IXP700 AHCI SATA controller\u003e port 0xf140-0xf147,0xf130-0xf133,0xf120-0xf127,0xf110-0xf113,0xf100-0xf10f mem 0xfeb4b000-0xfeb4b3ff irq 19 at device 17.0 on pci0\nahci0: [ITHREAD]\nahci0: AHCI v1.20 with 6 6Gbps ports, Port Multiplier supported\nahcich0: \u003cAHCI channel\u003e at channel 0 on ahci0\nahcich0: [ITHREAD]\nahcich1: \u003cAHCI channel\u003e at channel 1 on ahci0\nahcich1: [ITHREAD]\nahcich2: \u003cAHCI channel\u003e at channel 2 on ahci0\nahcich2: [ITHREAD]\nahcich3: \u003cAHCI channel\u003e at channel 3 on ahci0\nahcich3: [ITHREAD]\nahcich4: \u003cAHCI channel\u003e at channel 4 on ahci0\nahcich4: [ITHREAD]\nahcich5: \u003cAHCI channel\u003e at channel 5 on ahci0\nahcich5: [ITHREAD]\nohci0: \u003cOHCI (generic) USB controller\u003e mem 0xfeb4a000-0xfeb4afff irq 18 at device 18.0 on pci0\nohci0: [ITHREAD]\nusbus0: \u003cOHCI (generic) USB controller\u003e on ohci0\nehci0: \u003cEHCI (generic) USB 2.0 controller\u003e mem 0xfeb49000-0xfeb490ff irq 17 at device 18.2 on pci0\nehci0: [ITHREAD]\nusbus1: EHCI version 1.0\nusbus1: \u003cEHCI (generic) USB 2.0 controller\u003e on ehci0\nohci1: \u003cOHCI (generic) USB controller\u003e mem 0xfeb48000-0xfeb48fff irq 18 at device 19.0 on pci0\nohci1: [ITHREAD]\nusbus2: \u003cOHCI (generic) USB controller\u003e on ohci1\nehci1: \u003cEHCI (generic) USB 2.0 controller\u003e mem 0xfeb47000-0xfeb470ff irq 17 at device 19.2 on pci0\nehci1: [ITHREAD]\nusbus3: EHCI version 1.0\nusbus3: \u003cEHCI (generic) USB 2.0 controller\u003e on ehci1\npci0: \u003cserial bus, SMBus\u003e at device 20.0 (no driver attached)\nisab0: \u003cPCI-ISA bridge\u003e at device 20.3 on pci0\nisa0: \u003cISA bus\u003e on isab0\npcib2: \u003cACPI PCI-PCI bridge\u003e at device 20.4 on pci0\npci2: \u003cACPI PCI bus\u003e on pcib2\nohci2: \u003cOHCI (generic) USB controller\u003e mem 0xfeb46000-0xfeb46fff irq 18 at device 20.5 on pci0\nohci2: [ITHREAD]\nusbus4: \u003cOHCI (generic) USB controller\u003e on ohci2\npcib3: \u003cACPI PCI-PCI bridge\u003e at device 21.0 on pci0\npci3: \u003cACPI PCI bus\u003e on pcib3\nath0: \u003cAtheros 9285\u003e mem 0xfea00000-0xfea0ffff irq 16 at device 0.0 on pci3\nath0: [ITHREAD]\nath0: AR9285 mac 192.2 RF5133 phy 14.0\npcib4: \u003cACPI PCI-PCI bridge\u003e at device 21.1 on pci0\npci4: \u003cACPI PCI bus\u003e on pcib4\nre0: \u003cRealTek 8168/8111 B/C/CP/D/DP/E PCIe Gigabit Ethernet\u003e port 0xe000-0xe0ff mem 0xd0004000-0xd0004fff,0xd0000000-0xd0003fff irq 17 at device 0.0 on pci4\nre0: Using 1 MSI-X message\nre0: Chip rev. 0x2c000000\nre0: MAC rev. 0x00000000\nmiibus0: \u003cMII bus\u003e on re0\nrgephy0: \u003cRTL8169S/8110S/8211B media interface\u003e PHY 1 on miibus0\nrgephy0:  10baseT, 10baseT-FDX, 10baseT-FDX-flow, 100baseTX, 100baseTX-FDX, 100baseTX-FDX-flow, 1000baseT, 1000baseT-master, 1000baseT-FDX, 1000baseT-FDX-master, 1000baseT-FDX-flow, 1000baseT-FDX-flow-master, auto, auto-flow\nre0: Ethernet address: f4:6d:04:d9:94:74\nre0: [ITHREAD]\npcib5: \u003cACPI PCI-PCI bridge\u003e at device 21.2 on pci0\npci5: \u003cACPI PCI bus\u003e on pcib5\nxhci0: \u003cXHCI (generic) USB 3.0 controller\u003e mem 0xfe900000-0xfe901fff irq 18 at device 0.0 on pci5\nxhci0: [ITHREAD]\nxhci0: 32 byte context size.\nusbus5 on xhci0\npcib6: \u003cACPI PCI-PCI bridge\u003e at device 21.3 on pci0\npci6: \u003cACPI PCI bus\u003e on pcib6\nxhci1: \u003cXHCI (generic) USB 3.0 controller\u003e mem 0xfe800000-0xfe801fff irq 19 at device 0.0 on pci6\nxhci1: [ITHREAD]\nxhci1: 32 byte context size.\nusbus6 on xhci1\nohci3: \u003cOHCI (generic) USB controller\u003e mem 0xfeb45000-0xfeb45fff irq 18 at device 22.0 on pci0\nohci3: [ITHREAD]\nusbus7: \u003cOHCI (generic) USB controller\u003e on ohci3\nehci2: \u003cEHCI (generic) USB 2.0 controller\u003e mem 0xfeb44000-0xfeb440ff irq 17 at device 22.2 on pci0\nehci2: [ITHREAD]\nusbus8: EHCI version 1.0\nusbus8: \u003cEHCI (generic) USB 2.0 controller\u003e on ehci2\namdtemp0: \u003cAMD K8 Thermal Sensors\u003e on hostb4\nacpi_button0: \u003cPower Button\u003e on acpi0\natrtc0: \u003cAT realtime clock\u003e port 0x70-0x71 irq 8 on acpi0\nuart0: \u003c16550 or compatible\u003e port 0x3f8-0x3ff irq 4 flags 0x10 on acpi0\nuart0: [FILTER]\namdsbwd0: \u003cAMD SB600/SB7xx Watchdog Timer\u003e at iomem 0xbafe00-0xbafe03,0xbafe04-0xbafe07 on isa0\namdsbwd0: bus_alloc_resource for ctrl failed\ndevice_attach: amdsbwd0 attach returned 6\nsc0: \u003cSystem console\u003e at flags 0x100 on isa0\nsc0: VGA \u003c16 virtual consoles, flags=0x300\u003e\nvga0: \u003cGeneric ISA VGA\u003e at port 0x3c0-0x3df iomem 0xa0000-0xbffff on isa0\natkbdc0: \u003cKeyboard controller (i8042)\u003e at port 0x60,0x64 on isa0\natkbd0: \u003cAT Keyboard\u003e irq 1 on atkbdc0\nkbd0 at atkbd0\natkbd0: [GIANT-LOCKED]\natkbd0: [ITHREAD]\nhwpstate0: \u003cCool`n'Quiet 2.0\u003e on cpu0\nZFS filesystem version 4\nZFS storage pool version 15\nTimecounters tick every 1.000 msec\nipfw2 (+ipv6) initialized, divert enabled, nat loadable, rule-based forwarding disabled, default to accept, logging disabled\nusbus0: 12Mbps Full Speed USB v1.0\nusbus1: 480Mbps High Speed USB v2.0\nusbus2: 12Mbps Full Speed USB v1.0\nusbus3: 480Mbps High Speed USB v2.0\nusbus4: 12Mbps Full Speed USB v1.0\nusbus5: 5.0Gbps Super Speed USB v3.0\nusbus6: 5.0Gbps Super Speed USB v3.0\nusbus7: 12Mbps Full Speed USB v1.0\nusbus8: 480Mbps High Speed USB v2.0\nugen0.1: \u003cATI\u003e at usbus0\nuhub0: \u003cATI OHCI root HUB, class 9/0, rev 1.00/1.00, addr 1\u003e on usbus0\nugen1.1: \u003cATI\u003e at usbus1\nuhub1: \u003cATI EHCI root HUB, class 9/0, rev 2.00/1.00, addr 1\u003e on usbus1\nugen2.1: \u003cATI\u003e at usbus2\nuhub2: \u003cATI OHCI root HUB, class 9/0, rev 1.00/1.00, addr 1\u003e on usbus2\nugen3.1: \u003cATI\u003e at usbus3\nuhub3: \u003cATI EHCI root HUB, class 9/0, rev 2.00/1.00, addr 1\u003e on usbus3\nugen4.1: \u003cATI\u003e at usbus4\nuhub4: \u003cATI OHCI root HUB, class 9/0, rev 1.00/1.00, addr 1\u003e on usbus4\nugen5.1: \u003c0x1033\u003e at usbus5\nuhub5: \u003c0x1033 XHCI root HUB, class 9/0, rev 3.00/1.00, addr 1\u003e on usbus5\nugen6.1: \u003c0x1033\u003e at usbus6\nuhub6: \u003c0x1033 XHCI root HUB, class 9/0, rev 3.00/1.00, addr 1\u003e on usbus6\nugen7.1: \u003cATI\u003e at usbus7\nuhub7: \u003cATI OHCI root HUB, class 9/0, rev 1.00/1.00, addr 1\u003e on usbus7\nugen8.1: \u003cATI\u003e at usbus8\nuhub8: \u003cATI EHCI root HUB, class 9/0, rev 2.00/1.00, addr 1\u003e on usbus8\nada0 at ahcich1 bus 0 scbus1 target 0 lun 0\nada0: \u003cST32000542AS CC34\u003e ATA-8 SATA 2.x device\nada0: 300.000MB/s transfers (SATA 2.x, UDMA6, PIO 8192bytes)\nada0: Command Queueing enabled\nada0: 1907729MB (3907029168 512 byte sectors: 16H 63S/T 16383C)\nada1 at ahcich2 bus 0 scbus2 target 0 lun 0\nada1: \u003cST31500541AS CC34\u003e ATA-8 SATA 2.x device\nada1: 300.000MB/s transfers (SATA 2.x, UDMA6, PIO 8192bytes)\nada1: Command Queueing enabled\nada1: 1430799MB (2930277168 512 byte sectors: 16H 63S/T 16383C)\nada2 at ahcich4 bus 0 scbus4 target 0 lun 0\nada2: \u003cWDC WD20EARS-00MVWB0 51.0AB51\u003e ATA-8 SATA 2.x device\nada2: 300.000MB/s transfers (SATA 2.x, UDMA6, PIO 8192bytes)\nada2: Command Queueing enabled\nada2: 1907729MB (3907029168 512 byte sectors: 16H 63S/T 16383C)\nSMP: AP CPU #1 Launched!\nuhub4: 2 ports with 2 removable, self powered\nuhub7: 4 ports with 4 removable, self powered\nuhub0: 5 ports with 5 removable, self powered\nuhub2: 5 ports with 5 removable, self powered\nuhub5: 4 ports with 4 removable, self powered\nuhub6: 4 ports with 4 removable, self powered\nRoot mount waiting for: usbus8 usbus5 usbus3 usbus1\nugen5.2: \u003cAmerican Power Conversion\u003e at usbus5\nuhub8: 4 ports with 4 removable, self powered\nuhub1: 5 ports with 5 removable, self powered\nuhub3: 5 ports with 5 removable, self powered\nRoot mount waiting for: usbus8 usbus1\nTrying to mount root from zfs:zfs/root\nugen7.2: \u003cvendor 0x0cf3\u003e at usbus7\nugen0.2: \u003cADMtek\u003e at usbus0\naue0: \u003cADMtek USB To LAN Converter, rev 1.10/2.01, addr 2\u003e on usbus0\nmiibus1: \u003cMII bus\u003e on aue0\nukphy0: \u003cGeneric IEEE 802.3u media interface\u003e PHY 1 on miibus1\nukphy0:  10baseT, 10baseT-FDX, 100baseTX, 100baseTX-FDX, auto\nue0: \u003cUSB Ethernet\u003e on aue0\nue0: Ethernet address: 00:60:6e:00:05:dc\nwlan0: Ethernet address: e0:b9:a2:7f:dc:1e\n\n        Here's the output of pciconf -lv:\n\nhostb0@pci0:0:0:0:      class=0x060000 card=0x84a51043 chip=0x15101022 rev=0x00 hdr=0x00\n    vendor     = 'Advanced Micro Devices (AMD)'\n    class      = bridge\n    subclass   = HOST-PCI\nvgapci0@pci0:0:1:0:     class=0x030000 card=0x84a51043 chip=0x98021002 rev=0x00 hdr=0x00\n    vendor     = 'ATI Technologies Inc. / Advanced Micro Devices, Inc.'\n    class      = display\n    subclass   = VGA\nnone0@pci0:0:1:1:       class=0x040300 card=0x84a51043 chip=0x13141002 rev=0x00 hdr=0x00\n    vendor     = 'ATI Technologies Inc. / Advanced Micro Devices, Inc.'\n    class      = multimedia\n    subclass   = HDA\npcib1@pci0:0:4:0:       class=0x060400 card=0x12341022 chip=0x15121022 rev=0x00 hdr=0x01\n    vendor     = 'Advanced Micro Devices (AMD)'\n    class      = bridge\n    subclass   = PCI-PCI\nahci0@pci0:0:17:0:      class=0x010601 card=0x84961043 chip=0x43911002 rev=0x40 hdr=0x00\n    vendor     = 'ATI Technologies Inc. / Advanced Micro Devices, Inc.'\n    device     = 'SB700 SATA Controller [AHCI mode]'\n    class      = mass storage\n    subclass   = SATA\nohci0@pci0:0:18:0:      class=0x0c0310 card=0x84961043 chip=0x43971002 rev=0x00 hdr=0x00\n    vendor     = 'ATI Technologies Inc. / Advanced Micro Devices, Inc.'\n    device     = 'SB700 USB OHCI0 Controller'\n    class      = serial bus\n    subclass   = USB\nehci0@pci0:0:18:2:      class=0x0c0320 card=0x84961043 chip=0x43961002 rev=0x00 hdr=0x00\n    vendor     = 'ATI Technologies Inc. / Advanced Micro Devices, Inc.'\n    device     = 'SB700 USB EHCI Controller'\n    class      = serial bus\n    subclass   = USB\nohci1@pci0:0:19:0:      class=0x0c0310 card=0x84961043 chip=0x43971002 rev=0x00 hdr=0x00\n    vendor     = 'ATI Technologies Inc. / Advanced Micro Devices, Inc.'\n    device     = 'SB700 USB OHCI0 Controller'\n    class      = serial bus\n    subclass   = USB\nehci1@pci0:0:19:2:      class=0x0c0320 card=0x84961043 chip=0x43961002 rev=0x00 hdr=0x00\n    vendor     = 'ATI Technologies Inc. / Advanced Micro Devices, Inc.'\n    device     = 'SB700 USB EHCI Controller'\n    class      = serial bus\n    subclass   = USB\nnone1@pci0:0:20:0:      class=0x0c0500 card=0x84961043 chip=0x43851002 rev=0x42 hdr=0x00\n    vendor     = 'ATI Technologies Inc. / Advanced Micro Devices, Inc.'\n    device     = 'ATI SMBus (ATI RD600/RS600)'\n    class      = serial bus\n    subclass   = SMBus\nisab0@pci0:0:20:3:      class=0x060100 card=0x84961043 chip=0x439d1002 rev=0x40 hdr=0x00\n    vendor     = 'ATI Technologies Inc. / Advanced Micro Devices, Inc.'\n    device     = 'SB700 LPC host controller'\n    class      = bridge\n    subclass   = PCI-ISA\npcib2@pci0:0:20:4:      class=0x060401 card=0x00000000 chip=0x43841002 rev=0x40 hdr=0x01\n    vendor     = 'ATI Technologies Inc. / Advanced Micro Devices, Inc.'\n    device     = 'IXP SB600 PCI to PCI Bridge'\n    class      = bridge\n    subclass   = PCI-PCI\nohci2@pci0:0:20:5:      class=0x0c0310 card=0x84961043 chip=0x43991002 rev=0x00 hdr=0x00\n    vendor     = 'ATI Technologies Inc. / Advanced Micro Devices, Inc.'\n    device     = 'SB700 USB OHCI2 Controller'\n    class      = serial bus\n    subclass   = USB\npcib3@pci0:0:21:0:      class=0x060400 card=0x00001002 chip=0x43a01002 rev=0x00 hdr=0x01\n    vendor     = 'ATI Technologies Inc. / Advanced Micro Devices, Inc.'\n    class      = bridge\n    subclass   = PCI-PCI\npcib4@pci0:0:21:1:      class=0x060400 card=0x00001002 chip=0x43a11002 rev=0x00 hdr=0x01\n    vendor     = 'ATI Technologies Inc. / Advanced Micro Devices, Inc.'\n    class      = bridge\n    subclass   = PCI-PCI\npcib5@pci0:0:21:2:      class=0x060400 card=0x00001002 chip=0x43a21002 rev=0x00 hdr=0x01\n    vendor     = 'ATI Technologies Inc. / Advanced Micro Devices, Inc.'\n    class      = bridge\n    subclass   = PCI-PCI\npcib6@pci0:0:21:3:      class=0x060400 card=0x00001002 chip=0x43a31002 rev=0x00 hdr=0x01\n    vendor     = 'ATI Technologies Inc. / Advanced Micro Devices, Inc.'\n    class      = bridge\n    subclass   = PCI-PCI\nohci3@pci0:0:22:0:      class=0x0c0310 card=0x84961043 chip=0x43971002 rev=0x00 hdr=0x00\n    vendor     = 'ATI Technologies Inc. / Advanced Micro Devices, Inc.'\n    device     = 'SB700 USB OHCI0 Controller'\n    class      = serial bus\n    subclass   = USB\nehci2@pci0:0:22:2:      class=0x0c0320 card=0x84961043 chip=0x43961002 rev=0x00 hdr=0x00\n    vendor     = 'ATI Technologies Inc. / Advanced Micro Devices, Inc.'\n    device     = 'SB700 USB EHCI Controller'\n    class      = serial bus\n    subclass   = USB\nhostb1@pci0:0:24:0:     class=0x060000 card=0x00000000 chip=0x17001022 rev=0x43 hdr=0x00\n    vendor     = 'Advanced Micro Devices (AMD)'\n    class      = bridge\n    subclass   = HOST-PCI\nhostb2@pci0:0:24:1:     class=0x060000 card=0x00000000 chip=0x17011022 rev=0x00 hdr=0x00\n    vendor     = 'Advanced Micro Devices (AMD)'\n    class      = bridge\n    subclass   = HOST-PCI\nhostb3@pci0:0:24:2:     class=0x060000 card=0x00000000 chip=0x17021022 rev=0x00 hdr=0x00\n    vendor     = 'Advanced Micro Devices (AMD)'\n    class      = bridge\n    subclass   = HOST-PCI\nhostb4@pci0:0:24:3:     class=0x060000 card=0x00000000 chip=0x17031022 rev=0x00 hdr=0x00\n    vendor     = 'Advanced Micro Devices (AMD)'\n    class      = bridge\n    subclass   = HOST-PCI\nhostb5@pci0:0:24:4:     class=0x060000 card=0x00000000 chip=0x17041022 rev=0x00 hdr=0x00\n    vendor     = 'Advanced Micro Devices (AMD)'\n    class      = bridge\n    subclass   = HOST-PCI\nhostb6@pci0:0:24:5:     class=0x060000 card=0x00000000 chip=0x17181022 rev=0x00 hdr=0x00\n    vendor     = 'Advanced Micro Devices (AMD)'\n    class      = bridge\n    subclass   = HOST-PCI\nhostb7@pci0:0:24:6:     class=0x060000 card=0x00000000 chip=0x17161022 rev=0x00 hdr=0x00\n    vendor     = 'Advanced Micro Devices (AMD)'\n    class      = bridge\n    subclass   = HOST-PCI\nhostb8@pci0:0:24:7:     class=0x060000 card=0x00000000 chip=0x17191022 rev=0x00 hdr=0x00\n    vendor     = 'Advanced Micro Devices (AMD)'\n    class      = bridge\n    subclass   = HOST-PCI\nath0@pci0:3:0:0:        class=0x028000 card=0x1d891a3b chip=0x002b168c rev=0x01 hdr=0x00\n    vendor     = 'Atheros Communications Inc.'\n    device     = 'Atheros AR9285 Wireless LAN 802.11 a/b/g/n Controller (AR928x)'\n    class      = network\nre0@pci0:4:0:0: class=0x020000 card=0x84321043 chip=0x816810ec rev=0x06 hdr=0x00\n    vendor     = 'Realtek Semiconductor'\n    device     = 'Gigabit Ethernet NIC(NDIS 6.0) (RTL8168/8111/8111c)'\n    class      = network\n    subclass   = ethernet\nxhci0@pci0:5:0:0:       class=0x0c0330 card=0x84131043 chip=0x01941033 rev=0x03 hdr=0x00\n    vendor     = 'NEC Electronics Hong Kong'\n    class      = serial bus\n    subclass   = USB\nxhci1@pci0:6:0:0:       class=0x0c0330 card=0x84131043 chip=0x01941033 rev=0x03 hdr=0x00\n    vendor     = 'NEC Electronics Hong Kong'\n    class      = serial bus\n    subclass   = USB\n\nFix: \n\nNo fix found\nHow-To-Repeat: It happens on every boot. The driver does not attach at all."
}