{
 "id": 723872,
 "bug_id": 180562,
 "attachment_id": 0,
 "creation_time": "2013-07-15T00:10:00Z",
 "creator": "admin@support.od.ua",
 "text": "amdtemp and ACPI not working with motherboard ASUS M5A97 PRO\n\nBase Board Information\n        Manufacturer: ASUSTeK COMPUTER INC.\n        Product Name: M5A97 PRO\n        Version: Rev 1.xx\n\n\ndmesg output:\n\nCPU: AMD FX(tm)-8120 Eight-Core Processor            (3110.48-MHz K8-class CPU)\n  Origin = \"AuthenticAMD\"  Id = 0x600f12  Family = 0x15  Model = 0x1  Stepping = 2\n  Features=0x178bfbff\u003cFPU,VME,DE,PSE,TSC,MSR,PAE,MCE,CX8,APIC,SEP,MTRR,PGE,MCA,CMOV,PAT,PSE36,CLFLUSH,MMX,FXSR,SSE,SSE2,HTT\u003e\n  Features2=0x1e98220b\u003cSSE3,PCLMULQDQ,MON,SSSE3,CX16,SSE4.1,SSE4.2,POPCNT,AESNI,XSAVE,OSXSAVE,AVX\u003e\n  AMD Features=0x2e500800\u003cSYSCALL,NX,MMX+,FFXSR,Page1GB,RDTSCP,LM\u003e\n  AMD Features2=0x1c9bfff\u003cLAHF,CMP,SVM,ExtAPIC,CR8,ABM,SSE4A,MAS,Prefetch,OSVW,IBS,XOP,SKINIT,WDT,LWP,FMA4,NodeId,Topology,\u003cb23\u003e,\u003cb24\u003e\u003e\n  TSC: P-state invariant, performance statistics\nreal memory  = 34359738368 (32768 MB)\navail memory = 33190621184 (31653 MB)\nEvent timer \"LAPIC\" quality 400\nACPI APIC Table: \u003cALASKA A M I\u003e\nFreeBSD/SMP: Multiprocessor System Detected: 8 CPUs\nFreeBSD/SMP: 1 package(s) x 8 core(s)\n cpu0 (BSP): APIC ID: 16\n cpu1 (AP): APIC ID: 17\n cpu2 (AP): APIC ID: 18\n cpu3 (AP): APIC ID: 19\n cpu4 (AP): APIC ID: 20\n cpu5 (AP): APIC ID: 21\n cpu6 (AP): APIC ID: 22\n cpu7 (AP): APIC ID: 23\nACPI Warning: Optional field Pm2ControlBlock has zero address or length: 0x0000000000000000/0x1 (20110527/tbfadt-586)\nioapic0 \u003cVersion 2.1\u003e irqs 0-23 on motherboard\nioapic1 \u003cVersion 2.1\u003e irqs 24-55 on motherboard\nkbd1 at kbdmux0\nnetmap: loaded module\nsmbios0: \u003cSystem Management BIOS\u003e at iomem 0xf0480-0xf049e on motherboard\nsmbios0: Version: 2.7, BCD Revision: 2.7\nacpi0: \u003cALASKA A M I\u003e on motherboard\nACPI Error: [RAMB] Namespace lookup failure, AE_NOT_FOUND (20110527/psargs-392)\nACPI Exception: AE_NOT_FOUND, Could not execute arguments for [RAMW] (Region) (20110527/nsinit-380)\nacpi0: Power Button (fixed)\ncpu0: \u003cACPI CPU\u003e on acpi0\ncpu1: \u003cACPI CPU\u003e on acpi0\ncpu2: \u003cACPI CPU\u003e on acpi0\ncpu3: \u003cACPI CPU\u003e on acpi0\ncpu4: \u003cACPI CPU\u003e on acpi0\ncpu5: \u003cACPI CPU\u003e on acpi0\ncpu6: \u003cACPI CPU\u003e on acpi0\ncpu7: \u003cACPI CPU\u003e on acpi0\nattimer0: \u003cAT timer\u003e port 0x40-0x43 irq 0 on acpi0\nTimecounter \"i8254\" frequency 1193182 Hz quality 0\nEvent timer \"i8254\" frequency 1193182 Hz quality 100\natrtc0: \u003cAT realtime clock\u003e port 0x70-0x71 irq 8 on acpi0\nEvent timer \"RTC\" frequency 32768 Hz quality 0\nhpet0: \u003cHigh Precision Event Timer\u003e iomem 0xfed00000-0xfed003ff on acpi0\nTimecounter \"HPET\" frequency 14318180 Hz quality 950\nEvent timer \"HPET\" frequency 14318180 Hz quality 450\nEvent timer \"HPET1\" frequency 14318180 Hz quality 450\nEvent timer \"HPET2\" frequency 14318180 Hz quality 450\nTimecounter \"ACPI-safe\" frequency 3579545 Hz quality 850\nacpi_timer0: \u003c32-bit timer at 3.579545MHz\u003e port 0x808-0x80b on acpi0\nacpi_ec0: \u003cEmbedded Controller: GPE 0xa\u003e port 0x62,0x66 on acpi0\npcib0: \u003cACPI Host-PCI bridge\u003e port 0xcf8-0xcff on acpi0\npci0: \u003cACPI PCI bus\u003e on pcib0\npcib1: \u003cACPI PCI-PCI bridge\u003e irq 52 at device 2.0 on pci0\npci1: \u003cACPI PCI bus\u003e on pcib1\nvgapci0: \u003cVGA-compatible display\u003e port 0xe000-0xe07f mem 0xfd000000-0xfdffffff,0xf0000000-0xf7ffffff,0xf8000000-0xf9ffffff irq 24 at device 0.0 on pci1\npci1: \u003cmultimedia, HDA\u003e at device 0.1 (no driver attached)\npcib2: \u003cACPI PCI-PCI bridge\u003e irq 52 at device 4.0 on pci0\npci2: \u003cACPI PCI bus\u003e on pcib2\nre0: \u003cRealTek 8168/8111 B/C/CP/D/DP/E/F PCIe Gigabit Ethernet\u003e port 0xd000-0xd0ff mem 0xfa104000-0xfa104fff,0xfa100000-0xfa103fff irq 44 at device 0.0 on pci2\nre0: Using 1 MSI-X message\nre0: Chip rev. 0x2c800000\nre0: MAC rev. 0x00000000\nmiibus0: \u003cMII bus\u003e on re0\nrgephy0: \u003cRTL8169S/8110S/8211 1000BASE-T media interface\u003e PHY 1 on miibus0\nrgephy0:  none, 10baseT, 10baseT-FDX, 10baseT-FDX-flow, 100baseTX, 100baseTX-FDX, 100baseTX-FDX-flow, 1000baseT, 1000baseT-master, 1000baseT-FDX, 1000baseT-FDX-master, 1000baseT-FDX-flow, 1000baseT-FDX-flow-master, auto, auto-flow\nre0: Ethernet address: 14:da:e9:52:1a:3b\n001.000007 netmap_attach [1679] success for re0\npcib3: \u003cACPI PCI-PCI bridge\u003e irq 53 at device 6.0 on pci0\npci3: \u003cACPI PCI bus\u003e on pcib3\natapci0: \u003cJMicron JMB362 SATA300 controller\u003e port 0xc040-0xc047,0xc030-0xc033,0xc020-0xc027,0xc010-0xc013,0xc000-0xc00f mem 0xfe210000-0xfe2101ff irq 51 at device 0.0 on pci3\natapci1: \u003cAHCI SATA controller\u003e at channel -1 on atapci0\natapci1: AHCI v1.10 controller with 2 3Gbps ports, PM supported\nata2: \u003cATA channel\u003e on atapci1\nata3: \u003cATA channel\u003e on atapci1\npcib4: \u003cACPI PCI-PCI bridge\u003e irq 53 at device 7.0 on pci0\npci4: \u003cACPI PCI bus\u003e on pcib4\nxhci0: \u003cXHCI (generic) USB 3.0 controller\u003e mem 0xfe100000-0xfe107fff irq 50 at device 0.0 on pci4\nxhci0: 32 byte context size.\nusbus0 on xhci0\natapci2: \u003cATI IXP700/800 SATA300 controller\u003e port 0xf040-0xf047,0xf030-0xf033,0xf020-0xf027,0xf010-0xf013,0xf000-0xf00f mem 0xfe307000-0xfe3073ff irq 19 at device 17.0 on pci0\natapci2: AHCI v1.20 controller with 6 6Gbps ports, PM supported\nata4: \u003cATA channel\u003e at channel 0 on atapci2\nata5: \u003cATA channel\u003e at channel 1 on atapci2\nata6: \u003cATA channel\u003e at channel 2 on atapci2\nata7: \u003cATA channel\u003e at channel 3 on atapci2\nata8: \u003cATA channel\u003e at channel 4 on atapci2\nata9: \u003cATA channel\u003e at channel 5 on atapci2\nohci0: \u003cAMD SB7x0/SB8x0/SB9x0 USB controller\u003e mem 0xfe306000-0xfe306fff irq 18 at device 18.0 on pci0\nusbus1 on ohci0\nehci0: \u003cAMD SB7x0/SB8x0/SB9x0 USB 2.0 controller\u003e mem 0xfe305000-0xfe3050ff irq 17 at device 18.2 on pci0\nusbus2: EHCI version 1.0\nusbus2 on ehci0\nohci1: \u003cAMD SB7x0/SB8x0/SB9x0 USB controller\u003e mem 0xfe304000-0xfe304fff irq 20 at device 19.0 on pci0\nusbus3 on ohci1\nehci1: \u003cAMD SB7x0/SB8x0/SB9x0 USB 2.0 controller\u003e mem 0xfe303000-0xfe3030ff irq 21 at device 19.2 on pci0\nusbus4: EHCI version 1.0\nusbus4 on ehci1\npci0: \u003cserial bus, SMBus\u003e at device 20.0 (no driver attached)\nisab0: \u003cPCI-ISA bridge\u003e at device 20.3 on pci0\nisa0: \u003cISA bus\u003e on isab0\npcib5: \u003cACPI PCI-PCI bridge\u003e at device 20.4 on pci0\npci5: \u003cACPI PCI bus\u003e on pcib5\nohci2: \u003cAMD SB7x0/SB8x0/SB9x0 USB controller\u003e mem 0xfe302000-0xfe302fff irq 18 at device 20.5 on pci0\nusbus5 on ohci2\nohci3: \u003cAMD SB7x0/SB8x0/SB9x0 USB controller\u003e mem 0xfe301000-0xfe301fff irq 22 at device 22.0 on pci0\nusbus6 on ohci3\nehci2: \u003cAMD SB7x0/SB8x0/SB9x0 USB 2.0 controller\u003e mem 0xfe300000-0xfe3000ff irq 23 at device 22.2 on pci0\nusbus7: EHCI version 1.0\nusbus7 on ehci2\nacpi_button0: \u003cPower Button\u003e on acpi0\norm0: \u003cISA Option ROMs\u003e at iomem 0xc0000-0xcdfff,0xce000-0xcefff on isa0\nsc0: \u003cSystem console\u003e at flags 0x100 on isa0\nsc0: VGA \u003c16 virtual consoles, flags=0x300\u003e\nvga0: \u003cGeneric ISA VGA\u003e at port 0x3c0-0x3df iomem 0xa0000-0xbffff on isa0\natkbdc0: \u003cKeyboard controller (i8042)\u003e at port 0x60,0x64 on isa0\natkbd0: \u003cAT Keyboard\u003e irq 1 on atkbdc0\nkbd0 at atkbd0\natkbd0: [GIANT-LOCKED]\nppc0: cannot reserve I/O port range\nacpi_throttle0: \u003cACPI CPU Throttling\u003e on cpu0\nhwpstate0: \u003cCool`n'Quiet 2.0\u003e on cpu0\nacpi_throttle1: \u003cACPI CPU Throttling\u003e on cpu1\nacpi_throttle1: failed to attach P_CNT\ndevice_attach: acpi_throttle1 attach returned 6\nacpi_throttle2: \u003cACPI CPU Throttling\u003e on cpu2\nacpi_throttle2: failed to attach P_CNT\ndevice_attach: acpi_throttle2 attach returned 6\nacpi_throttle3: \u003cACPI CPU Throttling\u003e on cpu3\nacpi_throttle3: failed to attach P_CNT\ndevice_attach: acpi_throttle3 attach returned 6\nacpi_throttle4: \u003cACPI CPU Throttling\u003e on cpu4\nacpi_throttle4: failed to attach P_CNT\ndevice_attach: acpi_throttle4 attach returned 6\nacpi_throttle5: \u003cACPI CPU Throttling\u003e on cpu5\nacpi_throttle5: failed to attach P_CNT\ndevice_attach: acpi_throttle5 attach returned 6\nacpi_throttle6: \u003cACPI CPU Throttling\u003e on cpu6\nacpi_throttle6: failed to attach P_CNT\ndevice_attach: acpi_throttle6 attach returned 6\nacpi_throttle7: \u003cACPI CPU Throttling\u003e on cpu7\nacpi_throttle7: failed to attach P_CNT\ndevice_attach: acpi_throttle7 attach returned 6\nZFS filesystem version: 5\nZFS storage pool version: features support (5000)\nTimecounters tick every 1.000 msec\nipfw2 (+ipv6) initialized, divert enabled, nat enabled, default to accept, logging disabled\nDUMMYNET 0 with IPv6 initialized (100409)\nload_dn_sched dn_sched PRIO loaded\nload_dn_sched dn_sched QFQ loaded\nload_dn_sched dn_sched RR loaded\nload_dn_sched dn_sched WF2Q+ loaded\nload_dn_sched dn_sched FIFO loaded\nusbus0: 5.0Gbps Super Speed USB v3.0\nusbus1: 12Mbps Full Speed USB v1.0\nusbus2: 480Mbps High Speed USB v2.0\nusbus3: 12Mbps Full Speed USB v1.0\nusbus4: 480Mbps High Speed USB v2.0\nusbus5: 12Mbps Full Speed USB v1.0\nusbus6: 12Mbps Full Speed USB v1.0\nusbus7: 480Mbps High Speed USB v2.0\nugen0.1: \u003c0x1b21\u003e at usbus0\nuhub0: \u003c0x1b21 XHCI root HUB, class 9/0, rev 3.00/1.00, addr 1\u003e on usbus0\nugen1.1: \u003cATI\u003e at usbus1\nuhub1: \u003cATI OHCI root HUB, class 9/0, rev 1.00/1.00, addr 1\u003e on usbus1\nugen2.1: \u003cATI\u003e at usbus2\nuhub2: \u003cATI EHCI root HUB, class 9/0, rev 2.00/1.00, addr 1\u003e on usbus2\nugen3.1: \u003cATI\u003e at usbus3\nuhub3: \u003cATI OHCI root HUB, class 9/0, rev 1.00/1.00, addr 1\u003e on usbus3\nugen4.1: \u003cATI\u003e at usbus4\nuhub4: \u003cATI EHCI root HUB, class 9/0, rev 2.00/1.00, addr 1\u003e on usbus4\nugen5.1: \u003cATI\u003e at usbus5\nuhub5: \u003cATI OHCI root HUB, class 9/0, rev 1.00/1.00, addr 1\u003e on usbus5\nugen6.1: \u003cATI\u003e at usbus6\nuhub6: \u003cATI OHCI root HUB, class 9/0, rev 1.00/1.00, addr 1\u003e on usbus6\nugen7.1: \u003cATI\u003e at usbus7\nuhub7: \u003cATI EHCI root HUB, class 9/0, rev 2.00/1.00, addr 1\u003e on usbus7\nuhub5: 2 ports with 2 removable, self powered\nuhub6: 4 ports with 4 removable, self powered\nuhub1: 5 ports with 5 removable, self powered\nuhub3: 5 ports with 5 removable, self powered\nuhub0: 4 ports with 4 removable, self powered\nuhub7: 4 ports with 4 removable, self powered\nuhub2: 5 ports with 5 removable, self powered\nuhub4: 5 ports with 5 removable, self powered\nada0 at ata4 bus 0 scbus2 target 0 lun 0\nada0: \u003cST3000DM001-9YN166 CC4C\u003e ATA-8 SATA 3.x device\nada0: 600.000MB/s transfers (SATA 3.x, UDMA5, PIO 8192bytes)\nada0: 2861588MB (5860533168 512 byte sectors: 16H 63S/T 16383C)\nada0: Previously was known as ad8\nada1 at ata5 bus 0 scbus3 target 0 lun 0\nada1: \u003cST3000DM001-9YN166 CC4C\u003e ATA-8 SATA 3.x device\nada1: 600.000MB/s transfers (SATA 3.x, UDMA5, PIO 8192bytes)\nada1: 2861588MB (5860533168 512 byte sectors: 16H 63S/T 16383C)\nada1: Previously was known as ad10\nada2 at ata6 bus 0 scbus4 target 0 lun 0\nada2: \u003cST3000DM001-9YN166 CC4C\u003e ATA-8 SATA 3.x device\nada2: 600.000MB/s transfers (SATA 3.x, UDMA5, PIO 8192bytes)\nada2: 2861588MB (5860533168 512 byte sectors: 16H 63S/T 16383C)\nada2: Previously was known as ad12\nada3 at ata7 bus 0 scbus5 target 0 lun 0\nada3: \u003cST3000DM001-9YN166 CC4C\u003e ATA-8 SATA 3.x device\nada3: 600.000MB/s transfers (SATA 3.x, UDMA5, PIO 8192bytes)\nada3: 2861588MB (5860533168 512 byte sectors: 16H 63S/T 16383C)\nada3: Previously was known as ad14\nSMP: AP CPU #1 Launched!\nSMP: AP CPU #7 Launched!\nSMP: AP CPU #2 Launched!\nSMP: AP CPU #6 Launched!\nSMP: AP CPU #5 Launched!\nSMP: AP CPU #3 Launched!\nSMP: AP CPU #4 Launched!\nTimecounter \"TSC-low\" frequency 12150329 Hz quality 1000\nTrying to mount root from zfs:tank []...\nre0: link state changed to UP"
}