{
 "id": 1047124,
 "bug_id": 237331,
 "attachment_id": 0,
 "creation_time": "2019-04-17T11:47:13Z",
 "creator": "nosovnikolay1997@gmail.com",
 "text": "dmesg\n\nCopyright (c) 1992-2017 The FreeBSD Project.\nCopyright (c) 1979, 1980, 1983, 1986, 1988, 1989, 1991, 1992, 1993, 1994\n        The Regents of the University of California. All rights reserved.\nFreeBSD is a registered trademark of The FreeBSD Foundation.\nFreeBSD 11.1-STABLE #0 r321665+79f05c3dd3d(HEAD): Wed Jan 23 12:02:34 EST 2019\n    root@nemesis.tn.ixsystems.com:/freenas-releng/freenas/_BE/objs/freenas-releng/freenas/_BE/os/sys/FreeNAS.amd64 amd64\nFreeBSD clang version 5.0.0 (tags/RELEASE_500/final 312559) (based on LLVM 5.0.0svn)\nCPU: Pentium(R) Dual-Core  CPU      E5700  @ 3.00GHz (3000.91-MHz K8-class CPU)\n  Origin=\"GenuineIntel\"  Id=0x1067a  Family=0x6  Model=0x17  Stepping=10\n  Features=0xbfebfbff\u003cFPU,VME,DE,PSE,TSC,MSR,PAE,MCE,CX8,APIC,SEP,MTRR,PGE,MCA,CMOV,PAT,PSE36,CLFLUSH,DTS,ACPI,MMX,FXSR,SSE,SSE2,SS,\nHTT,TM,PBE\u003e\n  Features2=0xc00e3bd\u003cSSE3,DTES64,MON,DS_CPL,VMX,EST,TM2,SSSE3,CX16,xTPR,PDCM,XSAVE,OSXSAVE\u003e\n  AMD Features=0x20100800\u003cSYSCALL,NX,LM\u003e\n  AMD Features2=0x1\u003cLAHF\u003e\n  VT-x: HLT,PAUSE\n  TSC: P-state invariant, performance statistics\nreal memory  = 9126805504 (8704 MB)\navail memory = 8229011456 (7847 MB)\nEvent timer \"LAPIC\" quality 100\nACPI APIC Table: \u003cA_M_I_ OEMAPIC \u003e\nFreeBSD/SMP: Multiprocessor System Detected: 2 CPUs\nFreeBSD/SMP: 1 package(s) x 2 core(s)\nWARNING: VIMAGE (virtualized network stack) is a highly experimental feature.\nioapic0 \u003cVersion 2.0\u003e irqs 0-23 on motherboard\nSMP: AP CPU #1 Launched!\nTimecounter \"TSC-low\" frequency 1500454680 Hz quality 1000\nrandom: entropy device external interface\nkbd1 at kbdmux0\nnexus0\ncryptosoft0: \u003csoftware crypto\u003e on motherboard\naesni0: No AESNI support.\npadlock0: No ACE support.\nacpi0: \u003cA_M_I_ OEMXSDT\u003e on motherboard\nacpi0: Power Button (fixed)\ncpu0: \u003cACPI CPU\u003e on acpi0\ncpu1: \u003cACPI CPU\u003e on acpi0\nattimer0: \u003cAT timer\u003e port 0x40-0x43 irq 0 on acpi0\nTimecounter \"i8254\" frequency 1193182 Hz quality 0\nEvent timer \"i8254\" frequency 1193182 Hz quality 100\natrtc0: \u003cAT realtime clock\u003e port 0x70-0x71 irq 8 on acpi0\natrtc0: registered as a time-of-day clock, resolution 1.000000s\nEvent timer \"RTC\" frequency 32768 Hz quality 0\nhpet0: \u003cHigh Precision Event Timer\u003e iomem 0xfed00000-0xfed003ff on acpi0\nTimecounter \"HPET\" frequency 14318180 Hz quality 950\nEvent timer \"HPET\" frequency 14318180 Hz quality 450\nEvent timer \"HPET1\" frequency 14318180 Hz quality 440\nEvent timer \"HPET2\" frequency 14318180 Hz quality 440\nTimecounter \"ACPI-fast\" frequency 3579545 Hz quality 900\nacpi_timer0: \u003c24-bit timer at 3.579545MHz\u003e port 0x808-0x80b on acpi0\npcib0: \u003cACPI Host-PCI bridge\u003e port 0xcf8-0xcff on acpi0\npci0: \u003cACPI PCI bus\u003e on pcib0\nvgapci0: \u003cVGA-compatible display\u003e port 0xdc00-0xdc07 mem 0xfe400000-0xfe7fffff,0xe0000000-0xefffffff irq 16 at device 2.0 on pci0\nagp0: \u003cIntel G41 SVGA controller\u003e on vgapci0\nagp0: aperture size is 256M, detected 32764k stolen memory\nvgapci0: Boot video device\npci0: \u003cmultimedia, HDA\u003e at device 27.0 (no driver attached)\npcib1: \u003cACPI PCI-PCI bridge\u003e irq 16 at device 28.0 on pci0\npcib1: [GIANT-LOCKED]\npcib2: \u003cACPI PCI-PCI bridge\u003e irq 17 at device 28.1 on pci0\npcib2: [GIANT-LOCKED]\npci1: \u003cACPI PCI bus\u003e on pcib2\nalc0: \u003cAtheros AR8151 v2.0 PCIe Gigabit Ethernet\u003e port 0xec00-0xec7f mem 0xfebc0000-0xfebfffff irq 17 at device 0.0 on pci1\nalc0: 11776 Tx FIFO, 12032 Rx FIFO\nalc0: Using 1 MSI message(s).\nmiibus0: \u003cMII bus\u003e on alc0\natphy0: \u003cAtheros F1 10/100/1000 PHY\u003e PHY 0 on miibus0\natphy0:  none, 10baseT, 10baseT-FDX, 100baseTX, 100baseTX-FDX, 1000baseT-FDX, 1000baseT-FDX-master, auto, auto-flow\nalc0: Using defaults for TSO: 65518/35/2048\nalc0: Ethernet address: f4:6d:04:2a:b0:0f\nuhci0: \u003cIntel 82801G (ICH7) USB controller USB-A\u003e port 0xd400-0xd41f irq 23 at device 29.0 on pci0\nuhci0: LegSup = 0x2f00\nusbus0 on uhci0\nusbus0: 12Mbps Full Speed USB v1.0\nuhci1: \u003cIntel 82801G (ICH7) USB controller USB-B\u003e port 0xd480-0xd49f irq 19 at device 29.1 on pci0\nuhci1: LegSup = 0x2f00\nusbus1 on uhci1\nusbus1: 12Mbps Full Speed USB v1.0\nuhci2: \u003cIntel 82801G (ICH7) USB controller USB-C\u003e port 0xd800-0xd81f irq 18 at device 29.2 on pci0\nuhci2: LegSup = 0x2f00\nusbus2 on uhci2\nusbus2: 12Mbps Full Speed USB v1.0\nuhci3: \u003cIntel 82801G (ICH7) USB controller USB-D\u003e port 0xd880-0xd89f irq 16 at device 29.3 on pci0\nuhci3: LegSup = 0x2f00\nusbus3 on uhci3\nusbus3: 12Mbps Full Speed USB v1.0\nehci0: \u003cIntel 82801GB/R (ICH7) USB 2.0 controller\u003e mem 0xfeaf7c00-0xfeaf7fff irq 23 at device 29.7 on pci0\nusbus4: EHCI version 1.0\nusbus4 on ehci0\nusbus4: 480Mbps High Speed USB v2.0\npcib3: \u003cACPI PCI-PCI bridge\u003e at device 30.0 on pci0\npci2: \u003cACPI PCI bus\u003e on pcib3\nisab0: \u003cPCI-ISA bridge\u003e at device 31.0 on pci0\nisa0: \u003cISA bus\u003e on isab0\natapci0: \u003cIntel ICH7 UDMA100 controller\u003e port 0x1f0-0x1f7,0x3f6,0x170-0x177,0x376,0xffa0-0xffaf at device 31.1 on pci0\nata0: \u003cATA channel\u003e at channel 0 on atapci0\natapci1: \u003cIntel ICH7 SATA300 controller\u003e port 0xd080-0xd087,0xd000-0xd003,0xcc00-0xcc07,0xc880-0xc883,0xc800-0xc80f irq 22 at device\n 31.2 on pci0\nata2: \u003cATA channel\u003e at channel 0 on atapci1\nata3: \u003cATA channel\u003e at channel 1 on atapci1\nacpi_button0: \u003cPower Button\u003e on acpi0\natkbdc0: \u003cKeyboard controller (i8042)\u003e port 0x60,0x64 irq 1 on acpi0\natkbd0: \u003cAT Keyboard\u003e irq 1 on atkbdc0\nkbd0 at atkbd0\natkbd0: [GIANT-LOCKED]\nuart0: \u003c16550 or compatible\u003e port 0x3f8-0x3ff irq 4 flags 0x10 on acpi0\nichwd0: \u003cIntel ICH7 watchdog timer\u003e on isa0\nwbwd0: \u003cWinbond 83667HG-B (0xb3/0x53) Watchdog Timer\u003e at port 0x2e-0x2f on isa0\nsc0: \u003cSystem console\u003e at flags 0x100 on isa0\nsc0: VGA \u003c16 virtual consoles, flags=0x300\u003e\nvga0: \u003cGeneric ISA VGA\u003e at port 0x3c0-0x3df iomem 0xa0000-0xbffff on isa0\ncoretemp0: \u003cCPU On-Die Thermal Sensors\u003e on cpu0\nest0: \u003cEnhanced SpeedStep Frequency Control\u003e on cpu0\ncoretemp1: \u003cCPU On-Die Thermal Sensors\u003e on cpu1\nest1: \u003cEnhanced SpeedStep Frequency Control\u003e on cpu1\nZFS filesystem version: 5\nZFS storage pool version: features support (5000)\nTimecounters tick every 1.000 msec\nfreenas_sysctl: adding account.\nfreenas_sysctl: adding directoryservice.\nfreenas_sysctl: adding middlewared.\nfreenas_sysctl: adding network.\nfreenas_sysctl: adding services.\nipfw2 (+ipv6) initialized, divert enabled, nat enabled, default to accept, logging disabled\nugen4.1: \u003cIntel EHCI root HUB\u003e at usbus4\nugen3.1: \u003cIntel UHCI root HUB\u003e at usbus3\nuhub0: \u003cIntel EHCI root HUB, class 9/0, rev 2.00/1.00, addr 1\u003e on usbus4\nuhub1: \u003cIntel UHCI root HUB, class 9/0, rev 1.00/1.00, addr 1\u003e on usbus3\nugen1.1: \u003cIntel UHCI root HUB\u003e at usbus1\nugen2.1: \u003cIntel UHCI root HUB\u003e at usbus2\nuhub2: \u003cIntel UHCI root HUB, class 9/0, rev 1.00/1.00, addr 1\u003e on usbus1\nuhub3: \u003cIntel UHCI root HUB, class 9/0, rev 1.00/1.00, addr 1\u003e on usbus2\nugen0.1: \u003cIntel UHCI root HUB\u003e at usbus0\nuhub4: \u003cIntel UHCI root HUB, class 9/0, rev 1.00/1.00, addr 1\u003e on usbus0\nuhub1: 2 ports with 2 removable, self powered\nuhub2: 2 ports with 2 removable, self powered\nuhub3: 2 ports with 2 removable, self powered\nuhub4: 2 ports with 2 removable, self powered\nuhub0: 8 ports with 8 removable, self powered\nugen4.2: \u003cKingston DataTraveler 2.0\u003e at usbus4\numass0 on uhub0\numass0: \u003cKingston DataTraveler 2.0, class 0/0, rev 2.00/1.10, addr 2\u003e on usbus4\numass0:  SCSI over Bulk-Only; quirks = 0xc000\numass0:4:0: Attached to scbus4\nugen4.3: \u003cKingston DataTraveler 2.0\u003e at usbus4\numass1 on uhub0\numass1: \u003cKingston DataTraveler 2.0, class 0/0, rev 2.00/1.10, addr 3\u003e on usbus4\numass1:  SCSI over Bulk-Only; quirks = 0xc000\numass1:5:1: Attached to scbus5\nada0 at ata2 bus 0 scbus1 target 0 lun 0\nada0: \u003cWDC WD20EARS-00MVWB0 51.0AB51\u003e ATA8-ACS SATA 2.x device\nada0: Serial Number WD-WCAZA1787798\nda0 at umass-sim0 bus 0 scbus4 target 0 lun 0\nada0: 150.000MB/s transfersda0:  (SATA, UDMA5, \u003cKingston DataTraveler 2.0 PMAP\u003e Removable Direct Access SPC-4 SCSI device\nda0: Serial Number 50E549C1F976B1B02948A8DD\nPIO 8192bytesda0: 40.000MB/s transfers\nda0: 29532MB (60481536 512 byte sectors)\n)\nada0: 1907729MB (3907029168 512 byte sectors)\nda0: quirks=0x3\u003cNO_SYNC_CACHE,NO_6_BYTE\u003e\nada0: quirks=0x1\u003c4K\u003e\nada1 at ata2 bus 0 scbus1 target 1 lun 0\nda1 at umass-sim1 bus 1 scbus5 target 0 lun 0\nada1: \u003cWDC WD10EARX-00N0YB0 51.0AB51\u003e ATA8-ACS SATA 3.x device\nada1: Serial Number WD-WCC0S0087188\nada1: 150.000MB/s transfersda1:  (SATA, UDMA5, PIO 8192bytes)\nada1: 953869MB (1953525168 512 byte sectors)\n\u003cKingston DataTraveler 2.0 PMAP\u003e Removable Direct Access SPC-4 SCSI device\nada1: quirks=0x1\u003c4K\u003e\nada2 at ata3 bus 0 scbus2 target 0 lun 0\nda1: Serial Number AC220B280C8CB251E920E2CE\nada2: \u003cTOSHIBA HDWD110 MS2OA8R0\u003e ATA8-ACS SATA 3.x device\nda1: 40.000MB/s transfersada2: Serial Number 688W8MEFS\n\nda1: 29532MB (60481536 512 byte sectors)\nada2: 150.000MB/s transfersda1: quirks=0x3\u003cNO_SYNC_CACHE,NO_6_BYTE\u003e\n (SATA, UDMA5, PIO 8192bytes)\nada2: 953869MB (1953525168 512 byte sectors)\nada3 at ata3 bus 0 scbus2 target 1 lun 0\nada3: \u003cTOSHIBA HDWD110 MS2OA8R0\u003e ATA8-ACS SATA 3.x device\nada3: Serial Number 688STZHFS\nada3: 150.000MB/s transfers (SATA, UDMA5, PIO 8192bytes)\nada3: 953869MB (1953525168 512 byte sectors)\nrandom: unblocking device.\nTrying to mount root from zfs:freenas-boot/ROOT/default []...\nvmx_init: processor does not support desired primary processor-based controls\nmodule_register_init: MOD_LOAD (vmm, 0xffffffff8281e400, 0) error 22\nGEOM_RAID5: Module loaded, version 1.3.20140711.62 (rev f91e28e40bf7)\nGEOM_MIRROR: Device mirror/swap0 launched (2/2).\nGEOM_MIRROR: Device mirror/swap1 launched (2/2).\nGEOM_ELI: Device mirror/swap0.eli created.\nGEOM_ELI: Encryption: AES-XTS 128\nGEOM_ELI: Encryption: AES-XTS 128\nGEOM_ELI:     Crypto: software\nGEOM_ELI: Device mirror/swap1.eli created.\nGEOM_ELI: Encryption: AES-XTS 128\nGEOM_ELI:     Crypto: software\nhwpmc: SOFT/16/64/0x67\u003cINT,USR,SYS,REA,WRI\u003e TSC/1/64/0x20\u003cREA\u003e IAP/2/40/0x3ff\u003cINT,USR,SYS,EDG,THR,REA,WRI,INV,QUA,PRC\u003e IAF/3/40/0x67\n\u003cINT,USR,SYS,REA,WRI\u003e\nalc0: link state changed to DOWN\nalc0: link state changed to UP\nnfsd: can't register svc name"
}