{
 "id": 543980,
 "bug_id": 143805,
 "attachment_id": 0,
 "creation_time": "2010-02-11T15:51:18Z",
 "creator": "support@pubnix.net",
 "text": "(Note: Summary at the end)\n\nGetting:\n\nad10: WARNING - READ_DMA48 UDMA ICRC error (retrying request) LBA=995749888\nata5: reiniting channel ..\nata5: AHCI reset...\nata5: hardware reset ...\nata5: SATA connect time=0ms status=00000123\nata5: ready wait time=14ms\nata5: software reset port 15...\nata5: ready wait time=0ms\nata5: SIGNATURE: 00000101\nata5: AHCI reset done: devices=00000001\nad10: setting UDMA100\nata5: reinit done ..\nad10: TIMEOUT - READ_DMA48 retrying (0 retries left) LBA=995749888\n \nStarting with 7.2 RELEASE up to 8.0 STABLE (haven't tried passed 8.0 STABLE)\n\n----- Gear -----\n\nTyan GT25 B5381 Servers (2 of them)\nSingle CPU E5310\n4G RAM\n63XXESB2 SATA300 controller\n4 Drive Bay\n                                        \nBIOS v1.4  or v2.10\n\nSATA Configured as Compatible, Enhanced, AHCI or RAID.\n\n----- Drives -----\n\nWDC WD10EADS-00M2B0/01.00A01 - OK\nWDC WD10EARS (16MB cache) - OK\nWDC WD10EARS (32MB cache) - Generate ICRC Errors\nST3500320AS/SD1A - OK\nST31000525SV/CV12 - Generate ICRC Errors (4 of them)\n\n----- Testing Procedures -----\n                \n1. Install drive in Bay 1\n2. Configure SATA as compatible (aka SATA150)\n(* try Enhanced, AHCI, RAID if it passes.)\n3. boot -s -v\n4. # dd if=/dev/ad\u003cdrive\u003e of=/dev/null bs=1m\n(* try with bs=2m abd bs=1g if it passes.)\n\nIf it fails:\n1. Try Bay 2 to Bay 4\n\nIf it still fails:\n\n1. Try with a Promise TX2 SATA150 card\n(Which test the front-plane for the bay but a different card and cable).\n\n----- smartctl -a from a drive having the issue -----\n\nsmartctl 5.39 2009-12-09 r2995 [FreeBSD 8.0-STABLE amd64] (local build)\nCopyright (C) 2002-9 by Bruce Allen, http://smartmontools.sourceforge.net\n\n=== START OF INFORMATION SECTION ===\nDevice Model:     ST31000525SV\nSerial Number:    6VP3096A\nFirmware Version: CV12\nUser Capacity:    1,000,204,886,016 bytes\nDevice is:        Not in smartctl database [for details use: -P showall]\nATA Version is:   8\nATA Standard is:  ATA-8-ACS revision 4\nLocal Time is:    Thu Feb 11 10:29:05 2010 EST\nSMART support is: Available - device has SMART capability.\nSMART support is: Enabled\n\n=== START OF READ SMART DATA SECTION ===\nSMART overall-health self-assessment test result: PASSED\n\nGeneral SMART Values:\nOffline data collection status:  (0x82) Offline data collection activity\n                                        was completed without error.\n                                        Auto Offline Data Collection: Enabled.\nSelf-test execution status:      (   0) The previous self-test routine completed\n                                        without error or no self-test has ever\n                                        been run.\nTotal time to complete Offline\ndata collection:                 ( 600) seconds.\nOffline data collection\ncapabilities:                    (0x7b) SMART execute Offline immediate.\n                                        Auto Offline data collection on/off supp\nort.\n                                        Suspend Offline collection upon new\n                                        command.\n                                        Offline surface scan supported.\n                                        Self-test supported.\n                                        Conveyance Self-test supported.\n                                        Selective Self-test supported.\nSMART capabilities:            (0x0003) Saves SMART data before entering\n                                        power-saving mode.\n                                        Supports SMART auto save timer.\nError logging capability:        (0x01) Error logging supported.\n                                        General Purpose Logging supported.\nShort self-test routine\nrecommended polling time:        (   1) minutes.\nExtended self-test routine\nrecommended polling time:        ( 176) minutes.\nConveyance self-test routine\nrecommended polling time:        (   2) minutes.\nSCT capabilities:              (0x10bb) SCT Status supported.\n                                        SCT Feature Control supported.\n                                        SCT Data Table supported.\n\nSMART Attributes Data Structure revision number: 10\nVendor Specific SMART Attributes with Thresholds:\nID# ATTRIBUTE_NAME          FLAG     VALUE WORST THRESH TYPE      UPDATED  WHEN_\nFAILED RAW_VALUE\n  1 Raw_Read_Error_Rate     0x000f   118   100   006    Pre-fail  Always       -\n       198191343\n  3 Spin_Up_Time            0x0003   095   095   000    Pre-fail  Always       -\n       0\n  4 Start_Stop_Count        0x0032   100   100   020    Old_age   Always       -\n       88\n  5 Reallocated_Sector_Ct   0x0033   100   100   036    Pre-fail  Always       -\n       0\n  7 Seek_Error_Rate         0x000f   100   253   030    Pre-fail  Always       -\n       392779\n  9 Power_On_Hours          0x0032   100   100   000    Old_age   Always       -\n       205\n 10 Spin_Retry_Count        0x0013   100   100   097    Pre-fail  Always       -\n       0\n 12 Power_Cycle_Count       0x0032   100   100   020    Old_age   Always       -\n       44\n184 End-to-End_Error        0x0032   100   100   099    Old_age   Always       -\n       0\n187 Reported_Uncorrect      0x0032   100   100   000    Old_age   Always       -\n       0\n188 Command_Timeout         0x0032   100   093   000    Old_age   Always       -\n       30065229831\n189 High_Fly_Writes         0x003a   100   100   000    Old_age   Always       -\n       0\n190 Airflow_Temperature_Cel 0x0022   073   069   045    Old_age   Always       -\n       27 (Lifetime Min/Max 21/29)\n194 Temperature_Celsius     0x0022   027   040   000    Old_age   Always       -\n       27 (0 17 0 0)\n195 Hardware_ECC_Recovered  0x001a   049   047   000    Old_age   Always       -\n       198191343\n197 Current_Pending_Sector  0x0012   100   100   000    Old_age   Always       -\n       0\n198 Offline_Uncorrectable   0x0010   100   100   000    Old_age   Offline      -\n       0\n199 UDMA_CRC_Error_Count    0x003e   200   200   000    Old_age   Always       -\n       124\n\nSMART Error Log Version: 1\nNo Errors Logged\n\nSMART Self-test log structure revision number 1\nNo self-tests have been logged.  [To run self-tests, use: smartctl -t]\n\n\nSMART Selective self-test log data structure revision number 1\n SPAN  MIN_LBA  MAX_LBA  CURRENT_TEST_STATUS\n    1        0        0  Not_testing\n    2        0        0  Not_testing\n    3        0        0  Not_testing\n    4        0        0  Not_testing\n    5        0        0  Not_testing\nSelective self-test flags (0x0):\n  After scanning selected spans, do NOT read-scan remainder of disk.\nIf Selective self-test is pending on power-up, resume after 0 minute delay.\n\n----- Full DMesg -----\n\nCopyright (c) 1992-2010 The FreeBSD Project.\nCopyright (c) 1979, 1980, 1983, 1986, 1988, 1989, 1991, 1992, 1993, 1994\n        The Regents of the University of California. All rights reserved.\nFreeBSD is a registered trademark of The FreeBSD Foundation.\nFreeBSD 8.0-STABLE #2: Wed Feb 10 23:24:07 EST 2010\n    root@:/usr/src/sys/amd64/compile/GENERIC amd64\nPreloaded elf kernel \"/boot/kernel/kernel\" at 0xffffffff80e33000.\nTimecounter \"i8254\" frequency 1193182 Hz quality 0\nCalibrating TSC clock ... TSC clock: 1597530120 Hz\nCPU: Intel(R) Xeon(R) CPU           E5310  @ 1.60GHz (1597.53-MHz K8-class CPU)\n  Origin = \"GenuineIntel\"  Id = 0x6f7  Stepping = 7\n  Features=0xbfebfbff\u003cFPU,VME,DE,PSE,TSC,MSR,PAE,MCE,CX8,APIC,SEP,MTRR,PGE,MCA,C\nMOV,PAT,PSE36,CLFLUSH,DTS,ACPI,MMX,FXSR,SSE,SSE2,SS,HTT,TM,PBE\u003e\n  Features2=0x4e33d\u003cSSE3,DTES64,MON,DS_CPL,VMX,TM2,SSSE3,CX16,xTPR,PDCM,DCA\u003e\n  AMD Features=0x20100800\u003cSYSCALL,NX,LM\u003e\n  AMD Features2=0x1\u003cLAHF\u003e\n  TSC: P-state invariant\nreal memory  = 4294967296 (4096 MB)\nPhysical memory chunk(s):\n0x0000000000001000 - 0x0000000000091fff, 593920 bytes (145 pages)\n0x0000000000e62000 - 0x00000000c7003fff, 3323600896 bytes (811426 pages)\n0x0000000100000000 - 0x000000012ffeffff, 805240832 bytes (196592 pages)\navail memory = 4106403840 (3916 MB)\nACPI APIC Table: \u003cPTLTD          APIC  \u003e\nINTR: Adding local APIC 1 as a target\nINTR: Adding local APIC 2 as a target\nINTR: Adding local APIC 3 as a target\nFreeBSD/SMP: Multiprocessor System Detected: 4 CPUs\nFreeBSD/SMP: 1 package(s) x 4 core(s)\n cpu0 (BSP): APIC ID:  0\n cpu1 (AP): APIC ID:  1\n cpu2 (AP): APIC ID:  2\n cpu3 (AP): APIC ID:  3\nAPIC: CPU 0 has ACPI ID 0\nAPIC: CPU 1 has ACPI ID 1\nAPIC: CPU 2 has ACPI ID 2\nAPIC: CPU 3 has ACPI ID 3\nULE: setup cpu 0\nULE: setup cpu 1\nULE: setup cpu 2\nULE: setup cpu 3\nACPI: RSDP 0xf6b20 00024 (v2 PTLTD )\nACPI: XSDT 0xcff044b7 00064 (v1 PTLTD    XSDT   06040000  LTP 00000000)\nACPI: FACP 0xcff09dc8 000F4 (v3 INTEL  TUMWATER 06040000 PTL  00000003)\nACPI: DSDT 0xcff05c25 0412F (v1  Intel BLAKFORD 06040000 MSFT 0100000E)\nACPI: FACS 0xcff0afc0 00040\nACPI: APIC 0xcff09ebc 00090 (v1 PTLTD    APIC   06040000  LTP 00000000)\nACPI: MCFG 0xcff09f4c 0003C (v1 PTLTD    MCFG   06040000  LTP 00000000)\nACPI: BOOT 0xcff09f88 00028 (v1 PTLTD  $SBFTBL$ 06040000  LTP 00000001)\nACPI: SPCR 0xcff09fb0 00050 (v1 PTLTD  $UCRTBL$ 06040000 PTL  00000001)\nACPI: SSDT 0xcff059c6 0025F (v1  PmRef  Cpu0Tst 00003000 INTL 20050228)\nACPI: SSDT 0xcff05920 000A6 (v1  PmRef  Cpu1Tst 00003000 INTL 20050228)\nACPI: SSDT 0xcff0451b 01405 (v1  PmRef    CpuPm 00003000 INTL 20050228)\nMADT: Found IO APIC ID 4, Interrupt 0 at 0xfec00000\nioapic0: Routing external 8259A's -\u003e intpin 0\nMADT: Found IO APIC ID 5, Interrupt 24 at 0xfec80000\nlapic0: Routing NMI -\u003e LINT1\nlapic0: LINT1 trigger: edge\nlapic0: LINT1 polarity: high\nlapic1: Routing NMI -\u003e LINT1\nlapic1: LINT1 trigger: edge\nlapic1: LINT1 polarity: high\nlapic2: Routing NMI -\u003e LINT1\nlapic2: LINT1 trigger: edge\nlapic2: LINT1 polarity: high\nlapic3: Routing NMI -\u003e LINT1\nlapic3: LINT1 trigger: edge\nlapic3: LINT1 polarity: high\nMADT: Interrupt override: source 0, irq 2\nioapic0: Routing IRQ 0 -\u003e intpin 2\nMADT: Interrupt override: source 9, irq 9\nioapic0: intpin 9 trigger: level\nioapic0 \u003cVersion 2.0\u003e irqs 0-23 on motherboard\nioapic1 \u003cVersion 2.0\u003e irqs 24-47 on motherboard\ncpu0 BSP:\n     ID: 0x00000000   VER: 0x00050014 LDR: 0x00000000 DFR: 0xffffffff\n  lint0: 0x00010700 lint1: 0x00000400 TPR: 0x00000000 SVR: 0x000001ff\n  timer: 0x000100ef therm: 0x00010000 err: 0x00010000 pcm: 0x00010400\nwlan: \u003c802.11 Link Layer\u003e\nnull: \u003cnull device, zero device\u003e\nrandom: \u003centropy source, Software, Yarrow\u003e\nnfslock: pseudo-device\nkbd: new array size 4\nkbd1 at kbdmux0\nmem: \u003cmemory\u003e\nio: \u003cI/O\u003e\nhptrr: RocketRAID 17xx/2xxx SATA controller driver v1.2\nacpi0: \u003cPTLTD    XSDT\u003e on motherboard\nPCIe: Memory Mapped configuration base @ 0xe0000000\nioapic0: routing intpin 9 (ISA IRQ 9) to lapic 0 vector 48\nacpi0: [MPSAFE]\nacpi0: [ITHREAD]\nacpi0: Power Button (fixed)\nacpi0: wakeup code va 0xffffff800000f000 pa 0x4000\nAcpiOsDerivePciId: \\\\_SB_.PCI0.LPC0.REGS -\u003e bus 0 dev 31 func 0\nAcpiOsDerivePciId: \\\\_SB_.PCI0.LPC0.PIRX -\u003e bus 0 dev 31 func 0\nAcpiOsDerivePciId: \\\\_SB_.PCI0.LPC0.PIRY -\u003e bus 0 dev 31 func 0\nacpi0: reservation of 0, a0000 (3) failed\nACPI timer: 1/0 1/0 1/0 1/0 1/0 1/0 1/0 1/0 1/0 1/0 -\u003e 10\nTimecounter \"ACPI-fast\" frequency 3579545 Hz quality 1000\nacpi_timer0: \u003c24-bit timer at 3.579545MHz\u003e port 0x1008-0x100b on acpi0\npci_link0:        Index  IRQ  Rtd  Ref  IRQs\n  Initial Probe       0    7   N     0  3 4 5 6 7 10 11 14 15\n  Validation          0    7   N     0  3 4 5 6 7 10 11 14 15\n  After Disable       0  255   N     0  3 4 5 6 7 10 11 14 15\npci_link1:        Index  IRQ  Rtd  Ref  IRQs\n  Initial Probe       0    5   N     0  3 4 5 6 7 10 11 14 15\n  Validation          0    5   N     0  3 4 5 6 7 10 11 14 15\n  After Disable       0  255   N     0  3 4 5 6 7 10 11 14 15\npci_link2:        Index  IRQ  Rtd  Ref  IRQs\n  Initial Probe       0   10   N     0  3 4 5 6 7 10 11 14 15\n  Validation          0   10   N     0  3 4 5 6 7 10 11 14 15\n  After Disable       0  255   N     0  3 4 5 6 7 10 11 14 15\npci_link3:        Index  IRQ  Rtd  Ref  IRQs\n  Initial Probe       0   11   N     0  3 4 5 6 7 10 11 14 15\n  Validation          0   11   N     0  3 4 5 6 7 10 11 14 15\n  After Disable       0  255   N     0  3 4 5 6 7 10 11 14 15\npci_link4:        Index  IRQ  Rtd  Ref  IRQs\n  Initial Probe       0  255   N     0  3 4 5 6 7 10 11 14 15\n  Validation          0  255   N     0  3 4 5 6 7 10 11 14 15\n  After Disable       0  255   N     0  3 4 5 6 7 10 11 14 15\npci_link5:        Index  IRQ  Rtd  Ref  IRQs\n  Initial Probe       0  255   N     0  4 5 6 7 10 11 14 15\n  Validation          0  255   N     0  4 5 6 7 10 11 14 15\n  After Disable       0  255   N     0  4 5 6 7 10 11 14 15\npci_link6:        Index  IRQ  Rtd  Ref  IRQs\n  Initial Probe       0  255   N     0  3 4 5 6 7 10 11 14 15\n  Validation          0  255   N     0  3 4 5 6 7 10 11 14 15\n  After Disable       0  255   N     0  3 4 5 6 7 10 11 14 15\npci_link7:        Index  IRQ  Rtd  Ref  IRQs\n  Initial Probe       0  255   N     0  4 5 6 7 10 11 14 15\n  Validation          0  255   N     0  4 5 6 7 10 11 14 15\n  After Disable       0  255   N     0  4 5 6 7 10 11 14 15\npcib0: \u003cACPI Host-PCI bridge\u003e port 0xcf8-0xcff on acpi0\npci0: \u003cACPI PCI bus\u003e on pcib0\npci0: domain=0, physical bus=0\nfound-\u003e vendor=0x8086, dev=0x25d8, revid=0xb1\n        domain=0, bus=0, slot=0, func=0\n        class=06-00-00, hdrtype=0x00, mfdev=0\n        cmdreg=0x0004, statreg=0x0010, cachelnsz=8 (dwords)\n        lattimer=0x00 (0 ns), mingnt=0x00 (0 ns), maxlat=0x00 (0 ns)\n        intpin=a, irq=255\n        powerspec 2  supports D0 D3  current D0\n        MSI supports 2 messages\nfound-\u003e vendor=0x8086, dev=0x25f7, revid=0xb1\n        domain=0, bus=0, slot=2, func=0\n        class=06-04-00, hdrtype=0x01, mfdev=0\n        cmdreg=0x0007, statreg=0x0010, cachelnsz=8 (dwords)\n        lattimer=0x00 (0 ns), mingnt=0x04 (1000 ns), maxlat=0x00 (0 ns)\n        intpin=a, irq=255\n        powerspec 2  supports D0 D3  current D0\n        MSI supports 2 messages\nfound-\u003e vendor=0x8086, dev=0x25e3, revid=0xb1\n        domain=0, bus=0, slot=3, func=0\n        class=06-04-00, hdrtype=0x01, mfdev=0\n        cmdreg=0x0000, statreg=0x0010, cachelnsz=0 (dwords)\n        lattimer=0x00 (0 ns), mingnt=0x00 (0 ns), maxlat=0x00 (0 ns)\n        intpin=a, irq=255\n        powerspec 2  supports D0 D3  current D0\n        MSI supports 2 messages\nfound-\u003e vendor=0x8086, dev=0x25f8, revid=0xb1\n        domain=0, bus=0, slot=4, func=0\n        class=06-04-00, hdrtype=0x01, mfdev=0\n        cmdreg=0x0007, statreg=0x0010, cachelnsz=8 (dwords)\n        lattimer=0x00 (0 ns), mingnt=0x04 (1000 ns), maxlat=0x00 (0 ns)\n        intpin=a, irq=255\n        powerspec 2  supports D0 D3  current D0\n        MSI supports 2 messages\nfound-\u003e vendor=0x8086, dev=0x25e5, revid=0xb1\n        domain=0, bus=0, slot=5, func=0\n        class=06-04-00, hdrtype=0x01, mfdev=0\n        cmdreg=0x0000, statreg=0x0010, cachelnsz=0 (dwords)\n        lattimer=0x00 (0 ns), mingnt=0x00 (0 ns), maxlat=0x00 (0 ns)\n        intpin=a, irq=255\n        powerspec 2  supports D0 D3  current D0\n        MSI supports 2 messages\nfound-\u003e vendor=0x8086, dev=0x25f9, revid=0xb1\n        domain=0, bus=0, slot=6, func=0\n        class=06-04-00, hdrtype=0x01, mfdev=0\n        cmdreg=0x0007, statreg=0x0010, cachelnsz=8 (dwords)\n        lattimer=0x00 (0 ns), mingnt=0x04 (1000 ns), maxlat=0x00 (0 ns)\n        intpin=a, irq=255\n        powerspec 2  supports D0 D3  current D0\n        MSI supports 2 messages\nfound-\u003e vendor=0x8086, dev=0x25e7, revid=0xb1\n        domain=0, bus=0, slot=7, func=0\n        class=06-04-00, hdrtype=0x01, mfdev=0\n        cmdreg=0x0000, statreg=0x0010, cachelnsz=0 (dwords)\n        lattimer=0x00 (0 ns), mingnt=0x00 (0 ns), maxlat=0x00 (0 ns)\n        intpin=a, irq=255\n        powerspec 2  supports D0 D3  current D0\n        MSI supports 2 messages\nfound-\u003e vendor=0x8086, dev=0x1a38, revid=0xb1\n        domain=0, bus=0, slot=8, func=0\n        class=08-80-00, hdrtype=0x00, mfdev=0\n        cmdreg=0x0006, statreg=0x0010, cachelnsz=0 (dwords)\n        lattimer=0x00 (0 ns), mingnt=0x00 (0 ns), maxlat=0x00 (0 ns)\n        intpin=a, irq=255\n        powerspec 2  supports D0 D3  current D0\n        MSI supports 1 message\n        map[10]: type Memory, range 64, base 0xfe700000, size 10, enabled\nfound-\u003e vendor=0x8086, dev=0x25f0, revid=0xb1\n        domain=0, bus=0, slot=16, func=0\n        class=06-00-00, hdrtype=0x00, mfdev=1\n        cmdreg=0x0000, statreg=0x0000, cachelnsz=0 (dwords)\n        lattimer=0x00 (0 ns), mingnt=0x00 (0 ns), maxlat=0x00 (0 ns)\nfound-\u003e vendor=0x8086, dev=0x25f0, revid=0xb1\n        domain=0, bus=0, slot=16, func=1\n        class=06-00-00, hdrtype=0x00, mfdev=1\n        cmdreg=0x0000, statreg=0x0000, cachelnsz=0 (dwords)\n        lattimer=0x00 (0 ns), mingnt=0x00 (0 ns), maxlat=0x00 (0 ns)\nfound-\u003e vendor=0x8086, dev=0x25f0, revid=0xb1\n        domain=0, bus=0, slot=16, func=2\n        class=06-00-00, hdrtype=0x00, mfdev=1\n        cmdreg=0x0000, statreg=0x0000, cachelnsz=0 (dwords)\n        lattimer=0x00 (0 ns), mingnt=0x00 (0 ns), maxlat=0x00 (0 ns)\nfound-\u003e vendor=0x8086, dev=0x25f1, revid=0xb1\n        domain=0, bus=0, slot=17, func=0\n        class=06-00-00, hdrtype=0x00, mfdev=0\n        cmdreg=0x0000, statreg=0x0000, cachelnsz=0 (dwords)\n        lattimer=0x00 (0 ns), mingnt=0x00 (0 ns), maxlat=0x00 (0 ns)\nfound-\u003e vendor=0x8086, dev=0x25f3, revid=0xb1\n        domain=0, bus=0, slot=19, func=0\n        class=06-00-00, hdrtype=0x00, mfdev=0\n        cmdreg=0x0000, statreg=0x0000, cachelnsz=0 (dwords)\n        lattimer=0x00 (0 ns), mingnt=0x00 (0 ns), maxlat=0x00 (0 ns)\nfound-\u003e vendor=0x8086, dev=0x25f5, revid=0xb1\n        domain=0, bus=0, slot=21, func=0\n        class=06-00-00, hdrtype=0x00, mfdev=0\n        cmdreg=0x0000, statreg=0x0000, cachelnsz=0 (dwords)\n        lattimer=0x00 (0 ns), mingnt=0x00 (0 ns), maxlat=0x00 (0 ns)\nfound-\u003e vendor=0x8086, dev=0x25f6, revid=0xb1\n        domain=0, bus=0, slot=22, func=0\n        class=06-00-00, hdrtype=0x00, mfdev=0\n        cmdreg=0x0000, statreg=0x0000, cachelnsz=0 (dwords)\n        lattimer=0x00 (0 ns), mingnt=0x00 (0 ns), maxlat=0x00 (0 ns)\nfound-\u003e vendor=0x8086, dev=0x2688, revid=0x09\n        domain=0, bus=0, slot=29, func=0\n        class=0c-03-00, hdrtype=0x00, mfdev=1\n        cmdreg=0x0005, statreg=0x0280, cachelnsz=0 (dwords)\n        lattimer=0x00 (0 ns), mingnt=0x00 (0 ns), maxlat=0x00 (0 ns)\n        intpin=a, irq=5\n        map[20]: type I/O Port, range 32, base 0x1800, size  5, enabled\npcib0: matched entry for 0.29.INTA\npcib0: slot 29 INTA hardwired to IRQ 17\nunknown: Reserved 0x20 bytes for rid 0x20 type 4 at 0x1800\nfound-\u003e vendor=0x8086, dev=0x2689, revid=0x09\n        domain=0, bus=0, slot=29, func=1\n        class=0c-03-00, hdrtype=0x00, mfdev=0\n        cmdreg=0x0005, statreg=0x0280, cachelnsz=0 (dwords)\n        lattimer=0x00 (0 ns), mingnt=0x00 (0 ns), maxlat=0x00 (0 ns)\n        intpin=b, irq=11\n        map[20]: type I/O Port, range 32, base 0x1820, size  5, enabled\npcib0: matched entry for 0.29.INTB\npcib0: slot 29 INTB hardwired to IRQ 19\nunknown: Reserved 0x20 bytes for rid 0x20 type 4 at 0x1820\nfound-\u003e vendor=0x8086, dev=0x268a, revid=0x09\n        domain=0, bus=0, slot=29, func=2\n        class=0c-03-00, hdrtype=0x00, mfdev=0\n        cmdreg=0x0005, statreg=0x0280, cachelnsz=0 (dwords)\n        lattimer=0x00 (0 ns), mingnt=0x00 (0 ns), maxlat=0x00 (0 ns)\n        intpin=c, irq=10\n        map[20]: type I/O Port, range 32, base 0x1840, size  5, enabled\npcib0: matched entry for 0.29.INTC\npcib0: slot 29 INTC hardwired to IRQ 18\nunknown: Reserved 0x20 bytes for rid 0x20 type 4 at 0x1840\nfound-\u003e vendor=0x8086, dev=0x268c, revid=0x09\n        domain=0, bus=0, slot=29, func=7\n        class=0c-03-20, hdrtype=0x00, mfdev=0\n        cmdreg=0x0006, statreg=0x0290, cachelnsz=0 (dwords)\n        lattimer=0x00 (0 ns), mingnt=0x00 (0 ns), maxlat=0x00 (0 ns)\n        intpin=a, irq=5\n        powerspec 2  supports D0 D3  current D0\n        map[10]: type Memory, range 32, base 0xd8400000, size 10, enabled\npcib0: matched entry for 0.29.INTA\npcib0: slot 29 INTA hardwired to IRQ 17\nunknown: Reserved 0x400 bytes for rid 0x10 type 3 at 0xd8400000\nfound-\u003e vendor=0x8086, dev=0x244e, revid=0xd9\n        domain=0, bus=0, slot=30, func=0\n        class=06-04-01, hdrtype=0x01, mfdev=0\n        cmdreg=0x0007, statreg=0x0010, cachelnsz=0 (dwords)\n        lattimer=0x00 (0 ns), mingnt=0x0c (3000 ns), maxlat=0x00 (0 ns)\nfound-\u003e vendor=0x8086, dev=0x2670, revid=0x09\n        domain=0, bus=0, slot=31, func=0\n        class=06-01-00, hdrtype=0x00, mfdev=1\n        cmdreg=0x0007, statreg=0x0200, cachelnsz=0 (dwords)\n        lattimer=0x00 (0 ns), mingnt=0x00 (0 ns), maxlat=0x00 (0 ns)\nfound-\u003e vendor=0x8086, dev=0x269e, revid=0x09\n        domain=0, bus=0, slot=31, func=1\n        class=01-01-8a, hdrtype=0x00, mfdev=0\n        cmdreg=0x0005, statreg=0x0280, cachelnsz=0 (dwords)\n        lattimer=0x00 (0 ns), mingnt=0x00 (0 ns), maxlat=0x00 (0 ns)\n        intpin=a, irq=255\n        map[20]: type I/O Port, range 32, base 0x1860, size  4, enabled\nfound-\u003e vendor=0x8086, dev=0x2682, revid=0x09\n        domain=0, bus=0, slot=31, func=2\n        class=01-04-00, hdrtype=0x00, mfdev=0\n        cmdreg=0x0007, statreg=0x02b0, cachelnsz=0 (dwords)\n        lattimer=0x00 (0 ns), mingnt=0x00 (0 ns), maxlat=0x00 (0 ns)\n        intpin=b, irq=11\n        powerspec 2  supports D0 D3  current D0\n        map[10]: type I/O Port, range 32, base 0x1898, size  3, enabled\n        map[14]: type I/O Port, range 32, base 0x188c, size  2, enabled\n        map[18]: type I/O Port, range 32, base 0x1890, size  3, enabled\n        map[1c]: type I/O Port, range 32, base 0x1888, size  2, enabled\n        map[20]: type I/O Port, range 32, base 0x18a0, size  5, enabled\n        map[24]: type Memory, range 32, base 0xd8400400, size 10, enabled\npcib0: matched entry for 0.31.INTB\npcib0: slot 31 INTB hardwired to IRQ 19\nfound-\u003e vendor=0x8086, dev=0x269b, revid=0x09\n        domain=0, bus=0, slot=31, func=3\n        class=0c-05-00, hdrtype=0x00, mfdev=0\n        cmdreg=0x0001, statreg=0x0280, cachelnsz=0 (dwords)\n        lattimer=0x00 (0 ns), mingnt=0x00 (0 ns), maxlat=0x00 (0 ns)\n        intpin=c, irq=10\n        map[20]: type I/O Port, range 32, base 0x1100, size  5, enabled\npcib0: matched entry for 0.31.INTC\npcib0: slot 31 INTC hardwired to IRQ 18\npcib1: \u003cACPI PCI-PCI bridge\u003e at device 2.0 on pci0\npcib1:   domain            0\npcib1:   secondary bus     1\npcib1:   subordinate bus   5\npcib1:   I/O decode        0x2000-0x2fff\npcib1:   memory decode     0xd8000000-0xd80fffff\npcib1:   no prefetched decode\npcib1: could not get PCI interrupt routing table for \\\\_SB_.PCI0.P0P2 - AE_NOT_F\nOUND\npci1: \u003cACPI PCI bus\u003e on pcib1\npci1: domain=0, physical bus=1\nfound-\u003e vendor=0x8086, dev=0x3500, revid=0x01\n        domain=0, bus=1, slot=0, func=0\n        class=06-04-00, hdrtype=0x01, mfdev=1\n        cmdreg=0x0007, statreg=0x0010, cachelnsz=8 (dwords)\n        lattimer=0x00 (0 ns), mingnt=0x04 (1000 ns), maxlat=0x00 (0 ns)\n        intpin=a, irq=7\n        powerspec 2  supports D0 D3  current D0\npcib0: matched entry for 0.2.INTA\npcib0: slot 2 INTA hardwired to IRQ 16\npcib1: slot 0 INTA is routed to irq 16\nfound-\u003e vendor=0x8086, dev=0x350c, revid=0x01\n        domain=0, bus=1, slot=0, func=3\n        class=06-04-00, hdrtype=0x01, mfdev=1\n        cmdreg=0x0007, statreg=0x0010, cachelnsz=16 (dwords)\n        lattimer=0x00 (0 ns), mingnt=0x04 (1000 ns), maxlat=0x00 (0 ns)\n        powerspec 2  supports D0 D3  current D0\npcib2: \u003cACPI PCI-PCI bridge\u003e irq 16 at device 0.0 on pci1\npcib2:   domain            0\npcib2:   secondary bus     2\npcib2:   subordinate bus   4\npcib2:   I/O decode        0x2000-0x2fff\npcib2:   memory decode     0xd8000000-0xd80fffff\npcib2:   no prefetched decode\npci2: \u003cACPI PCI bus\u003e on pcib2\npci2: domain=0, physical bus=2\nfound-\u003e vendor=0x8086, dev=0x3510, revid=0x01\n        domain=0, bus=2, slot=0, func=0\n        class=06-04-00, hdrtype=0x01, mfdev=0\n        cmdreg=0x0007, statreg=0x0010, cachelnsz=8 (dwords)\n        lattimer=0x00 (0 ns), mingnt=0x04 (1000 ns), maxlat=0x00 (0 ns)\n        intpin=a, irq=7\n        powerspec 2  supports D0 D3  current D0\n        MSI supports 1 message, 64 bit\npcib2: matched entry for 2.0.INTA\npcib2: slot 0 INTA hardwired to IRQ 16\nfound-\u003e vendor=0x8086, dev=0x3518, revid=0x01\n        domain=0, bus=2, slot=2, func=0\n        class=06-04-00, hdrtype=0x01, mfdev=0\n        cmdreg=0x0007, statreg=0x0010, cachelnsz=8 (dwords)\n        lattimer=0x00 (0 ns), mingnt=0x04 (1000 ns), maxlat=0x00 (0 ns)\n        intpin=a, irq=10\n        powerspec 2  supports D0 D3  current D0\n        MSI supports 1 message, 64 bit\npcib2: matched entry for 2.2.INTA\npcib2: slot 2 INTA hardwired to IRQ 18\npcib3: \u003cACPI PCI-PCI bridge\u003e irq 16 at device 0.0 on pci2\npcib3:   domain            0\npcib3:   secondary bus     3\npcib3:   subordinate bus   3\npcib3:   I/O decode        0xf000-0xfff\npcib3:   no prefetched decode\npci3: \u003cACPI PCI bus\u003e on pcib3\npci3: domain=0, physical bus=3\npcib4: \u003cACPI PCI-PCI bridge\u003e irq 18 at device 2.0 on pci2\npcib4:   domain            0\npcib4:   secondary bus     4\npcib4:   subordinate bus   4\npcib4:   I/O decode        0x2000-0x2fff\npcib4:   memory decode     0xd8000000-0xd80fffff\npcib4:   no prefetched decode\npci4: \u003cACPI PCI bus\u003e on pcib4\npci4: domain=0, physical bus=4\nfound-\u003e vendor=0x8086, dev=0x1096, revid=0x01\n        domain=0, bus=4, slot=0, func=0\n        class=02-00-00, hdrtype=0x00, mfdev=1\n        cmdreg=0x0007, statreg=0x0010, cachelnsz=8 (dwords)\n        lattimer=0x00 (0 ns), mingnt=0x00 (0 ns), maxlat=0x00 (0 ns)\n        intpin=a, irq=10\n        powerspec 2  supports D0 D3  current D0\n        MSI supports 1 message, 64 bit\n        map[10]: type Memory, range 32, base 0xd8000000, size 17, enabled\npcib4: requested memory range 0xd8000000-0xd801ffff: good\npcib2: requested memory range 0xd8000000-0xd801ffff: good\npcib1: requested memory range 0xd8000000-0xd801ffff: good\n        map[18]: type I/O Port, range 32, base 0x2000, size  5, enabled\npcib4: requested I/O range 0x2000-0x201f: in range\npcib2: requested I/O range 0x2000-0x201f: in range\npcib1: requested I/O range 0x2000-0x201f: in range\npcib4: matched entry for 4.0.INTA\npcib4: slot 0 INTA hardwired to IRQ 18\nfound-\u003e vendor=0x8086, dev=0x1096, revid=0x01\n        domain=0, bus=4, slot=0, func=1\n        class=02-00-00, hdrtype=0x00, mfdev=1\n        cmdreg=0x0007, statreg=0x0010, cachelnsz=8 (dwords)\n        lattimer=0x00 (0 ns), mingnt=0x00 (0 ns), maxlat=0x00 (0 ns)\n        intpin=b, irq=11\n        powerspec 2  supports D0 D3  current D0\n        MSI supports 1 message, 64 bit\n        map[10]: type Memory, range 32, base 0xd8020000, size 17, enabled\npcib4: requested memory range 0xd8020000-0xd803ffff: good\npcib2: requested memory range 0xd8020000-0xd803ffff: good\npcib1: requested memory range 0xd8020000-0xd803ffff: good\n        map[18]: type I/O Port, range 32, base 0x2020, size  5, enabled\npcib4: requested I/O range 0x2020-0x203f: in range\npcib2: requested I/O range 0x2020-0x203f: in range\npcib1: requested I/O range 0x2020-0x203f: in range\npcib4: matched entry for 4.0.INTB\npcib4: slot 0 INTB hardwired to IRQ 19\nem0: \u003cIntel(R) PRO/1000 Network Connection 6.9.14\u003e port 0x2000-0x201f mem 0xd800\n0000-0xd801ffff irq 18 at device 0.0 on pci4\nem0: Reserved 0x20000 bytes for rid 0x10 type 3 at 0xd8000000\nem0: attempting to allocate 1 MSI vectors (1 supported)\nmsi: routing MSI IRQ 256 to local APIC 0 vector 49\nem0: using IRQ 256 for MSI\nem0: Using MSI interrupt\nem0: [FILTER]\nem0: bpf attached\nem0: Ethernet address: 00:e0:81:72:39:2c\nem1: \u003cIntel(R) PRO/1000 Network Connection 6.9.14\u003e port 0x2020-0x203f mem 0xd802\n0000-0xd803ffff irq 19 at device 0.1 on pci4\nem1: Reserved 0x20000 bytes for rid 0x10 type 3 at 0xd8020000\nem1: attempting to allocate 1 MSI vectors (1 supported)\nmsi: routing MSI IRQ 257 to local APIC 0 vector 50\nem1: using IRQ 257 for MSI\nem1: Using MSI interrupt\nem1: [FILTER]\nem1: bpf attached\nem1: Ethernet address: 00:e0:81:72:39:2d\npcib5: \u003cACPI PCI-PCI bridge\u003e at device 0.3 on pci1\npcib5:   domain            0\npcib5:   secondary bus     5\npcib5:   secondary bus     5\npcib5:   subordinate bus   5\npcib5:   I/O decode        0xf000-0xfff\npcib5:   no prefetched decode\npci5: \u003cACPI PCI bus\u003e on pcib5\npci5: domain=0, physical bus=5\npcib6: \u003cPCI-PCI bridge\u003e at device 3.0 on pci0\npcib6:   domain            0\npcib6:   secondary bus     6\npcib6:   subordinate bus   6\npcib6:   I/O decode        0x0-0x0\npcib6:   no prefetched decode\npci6: \u003cPCI bus\u003e on pcib6\npci6: domain=0, physical bus=6\npcib7: \u003cACPI PCI-PCI bridge\u003e at device 4.0 on pci0\npcib7:   domain            0\npcib7:   secondary bus     7\npcib7:   subordinate bus   7\npcib7:   I/O decode        0xf000-0xfff\npcib7:   no prefetched decode\npci7: \u003cACPI PCI bus\u003e on pcib7\npci7: domain=0, physical bus=7\npcib8: \u003cPCI-PCI bridge\u003e at device 5.0 on pci0\npcib8:   domain            0\npcib8:   secondary bus     8\npcib8:   subordinate bus   8\npcib8:   I/O decode        0x0-0x0\npcib8:   no prefetched decode\npci8: \u003cPCI bus\u003e on pcib8\npci8: domain=0, physical bus=8\npcib9: \u003cACPI PCI-PCI bridge\u003e at device 6.0 on pci0\npcib9:   domain            0\npcib9:   secondary bus     9\npcib9:   subordinate bus   9\npcib9:   I/O decode        0xf000-0xfff\npcib9:   no prefetched decode\npci9: \u003cACPI PCI bus\u003e on pcib9\npci9: domain=0, physical bus=9\npcib10: \u003cPCI-PCI bridge\u003e at device 7.0 on pci0\npcib10:   domain            0\npcib10:   secondary bus     10\npcib10:   subordinate bus   10\npcib10:   I/O decode        0x0-0x0\npcib10:   no prefetched decode\npci10: \u003cPCI bus\u003e on pcib10\npci10: domain=0, physical bus=10\npci0: \u003cbase peripheral\u003e at device 8.0 (no driver attached)\nuhci0: \u003cIntel 631XESB/632XESB/3100 USB controller USB-1\u003e port 0x1800-0x181f irq\n17 at device 29.0 on pci0\nioapic0: routing intpin 17 (PCI IRQ 17) to lapic 0 vector 51\nuhci0: [MPSAFE]\nuhci0: [ITHREAD]\nusbus0: \u003cIntel 631XESB/632XESB/3100 USB controller USB-1\u003e on uhci0\nuhci1: \u003cIntel 631XESB/632XESB/3100 USB controller USB-2\u003e port 0x1820-0x183f irq\n19 at device 29.1 on pci0\nioapic0: routing intpin 19 (PCI IRQ 19) to lapic 0 vector 52\nuhci1: [MPSAFE]\nuhci1: [ITHREAD]\nusbus1: \u003cIntel 631XESB/632XESB/3100 USB controller USB-2\u003e on uhci1\nuhci2: \u003cIntel 631XESB/632XESB/3100 USB controller USB-3\u003e port 0x1840-0x185f irq\n18 at device 29.2 on pci0\nioapic0: routing intpin 18 (PCI IRQ 18) to lapic 0 vector 53\nuhci2: [MPSAFE]\nuhci2: [ITHREAD]\nusbus2: \u003cIntel 631XESB/632XESB/3100 USB controller USB-3\u003e on uhci2\nehci0: \u003cIntel 63XXESB USB 2.0 controller\u003e mem 0xd8400000-0xd84003ff irq 17 at de\nvice 29.7 on pci0\nehci0: [MPSAFE]\nehci0: [ITHREAD]\nusbus3: EHCI version 1.0\nusbus3: \u003cIntel 63XXESB USB 2.0 controller\u003e on ehci0\npcib11: \u003cACPI PCI-PCI bridge\u003e at device 30.0 on pci0\npcib11:   domain            0\npcib11:   secondary bus     11\npcib11:   subordinate bus   11\npcib11:   I/O decode        0x3000-0x3fff\npcib11:   memory decode     0xd8100000-0xd81fffff\npcib11:   prefetched decode 0xd0000000-0xd7ffffff\npcib11:   Subtractively decoded bridge.\npci11: \u003cACPI PCI bus\u003e on pcib11\npci11: domain=0, physical bus=11\nfound-\u003e vendor=0x1002, dev=0x515e, revid=0x02\n        domain=0, bus=11, slot=7, func=0\n        class=03-00-00, hdrtype=0x00, mfdev=0\n        cmdreg=0x0287, statreg=0x0290, cachelnsz=8 (dwords)\n        lattimer=0x42 (1980 ns), mingnt=0x08 (2000 ns), maxlat=0x00 (0 ns)\n        intpin=a, irq=7\n        powerspec 2  supports D0 D1 D2 D3  current D0\n        map[10]: type Prefetchable Memory, range 32, base 0xd0000000, size 27, e\nnabled\npcib11: requested memory range 0xd0000000-0xd7ffffff: good\n        map[14]: type I/O Port, range 32, base 0x3000, size  8, enabled\npcib11: requested I/O range 0x3000-0x30ff: in range\n        map[18]: type Memory, range 32, base 0xd8100000, size 16, enabled\npcib11: requested memory range 0xd8100000-0xd810ffff: good\npcib11: matched entry for 11.7.INTA\npcib11: slot 7 INTA hardwired to IRQ 16\nvgapci0: \u003cVGA-compatible display\u003e port 0x3000-0x30ff mem 0xd0000000-0xd7ffffff,0\nxd8100000-0xd810ffff irq 16 at device 7.0 on pci11\nisab0: \u003cPCI-ISA bridge\u003e at device 31.0 on pci0\nisa0: \u003cISA bus\u003e on isab0\natapci0: \u003cIntel 63XXESB2 UDMA100 controller\u003e port 0x1f0-0x1f7,0x3f6,0x170-0x177,\n0x376,0x1860-0x186f at device 31.1 on pci0\natapci0: Reserved 0x10 bytes for rid 0x20 type 4 at 0x1860\nata0: \u003cATA channel 0\u003e on atapci0\natapci0: Reserved 0x8 bytes for rid 0x10 type 4 at 0x1f0\natapci0: Reserved 0x1 bytes for rid 0x14 type 4 at 0x3f6\nata0: reset tp1 mask=03 ostat0=7f ostat1=50\nata0: stat0=0x0f err=0x0f lsb=0x0f msb=0x0f\nata0: stat0=0x7f err=0x7f lsb=0x7f msb=0x7f\nata0: stat0=0x7f err=0x7f lsb=0x7f msb=0x7f\nata0: stat0=0x7f err=0x7f lsb=0x7f msb=0x7f\nata0: stat0=0x7f err=0x7f lsb=0x7f msb=0x7f\nata0: stat0=0x7f err=0x7f lsb=0x7f msb=0x7f\nata0: stat0=0x3d err=0x3d lsb=0x3d msb=0x3d\nata0: stat0=0x7f err=0x7f lsb=0x7f msb=0x7f\nata0: stat0=0x7f err=0x7f lsb=0x7f msb=0x7f\nata0: stat1=0x00 err=0x01 lsb=0x14 msb=0xeb\nata0: reset tp2 stat0=ff stat1=00 devices=0x20000\nioapic0: routing intpin 14 (ISA IRQ 14) to lapic 0 vector 54\nata0: [MPSAFE]\nata0: [ITHREAD]\natapci1: \u003cIntel 63XXESB2 SATA300 controller\u003e port 0x1898-0x189f,0x188c-0x188f,0x\n1890-0x1897,0x1888-0x188b,0x18a0-0x18bf mem 0xd8400400-0xd84007ff irq 19 at devi\nce 31.2 on pci0\natapci1: Reserved 0x20 bytes for rid 0x20 type 4 at 0x18a0\natapci1: [MPSAFE]\natapci1: [ITHREAD]\natapci1: Reserved 0x400 bytes for rid 0x24 type 3 at 0xd8400400\natapci1: AHCI called from vendor specific driver\natapci1: AHCI v1.10 controller with 6 3Gbps ports, PM supported\natapci1: Caps: 64bit NCQ ALP AL 3Gbps PM SSC PSC 32cmd 6ports\nata2: \u003cATA channel 0\u003e on atapci1\nata2: AHCI reset...\nata2: hardware reset ...\nata2: SATA connect timeout status=00000000\nata2: AHCI reset done: phy reset found no device\nata2: [MPSAFE]\nata2: [ITHREAD]\nata3: \u003cATA channel 1\u003e on atapci1\nata3: AHCI reset...\nata3: hardware reset ...\nata3: SATA connect timeout status=00000000\nata3: AHCI reset done: phy reset found no device\nata3: [MPSAFE]\nata3: [ITHREAD]\nata4: \u003cATA channel 2\u003e on atapci1\nata4: AHCI reset...\nata4: hardware reset ...\nata4: SATA connect time=0ms status=00000123\nata4: ready wait time=14ms\nata4: software reset port 15...\nata4: ready wait time=0ms\nata4: SIGNATURE: 00000101\nata4: AHCI reset done: devices=00000001\nata4: [MPSAFE]\nata4: [ITHREAD]\nata5: \u003cATA channel 3\u003e on atapci1\nata5: AHCI reset...\nata5: hardware reset ...\nata5: SATA connect time=0ms status=00000123\nata5: ready wait time=14ms\nata5: software reset port 15...\nata5: ready wait time=0ms\nata5: SIGNATURE: 00000101\nata5: AHCI reset done: devices=00000001\nata5: [MPSAFE]\nata5: [ITHREAD]\nata6: \u003cATA channel 4\u003e on atapci1\nata6: AHCI reset...\nata6: hardware reset ...\nata6: SATA connect timeout status=00000000\nata6: AHCI reset done: phy reset found no device\nata6: [MPSAFE]\nata6: [ITHREAD]\nata7: \u003cATA channel 5\u003e on atapci1\nata7: AHCI reset...\nata7: hardware reset ...\nata7: SATA connect timeout status=00000000\nata7: AHCI reset done: phy reset found no device\nata7: [MPSAFE]\nata7: [ITHREAD]\npci0: \u003cserial bus, SMBus\u003e at device 31.3 (no driver attached)\nacpi_button0: \u003cPower Button\u003e on acpi0\natrtc0: \u003cAT realtime clock\u003e port 0x70-0x71 irq 8 on acpi0\natrtc0: registered as a time-of-day clock (resolution 1000000us)\natkbdc0: \u003cKeyboard controller (i8042)\u003e port 0x60,0x64 irq 1 on acpi0\natkbd0: \u003cAT Keyboard\u003e irq 1 on atkbdc0\natkbd: the current kbd controller command byte 0067\natkbd: keyboard ID 0x41ab (2)\nkbd0 at atkbd0\nkbd0: atkbd0, AT 101/102 (2), config:0x0, flags:0x3d0000\nioapic0: routing intpin 1 (ISA IRQ 1) to lapic 0 vector 55\natkbd0: [GIANT-LOCKED]\natkbd0: [ITHREAD]\npsm0: unable to allocate IRQ\npsmcpnp0: \u003cPS/2 mouse port\u003e irq 12 on acpi0\npsm0: current command byte:0067\npsm0: failed to reset the aux device.\nuart0: \u003c16550 or compatible\u003e port 0x3f8-0x3ff irq 4 flags 0x10 on acpi0\nioapic0: routing intpin 4 (ISA IRQ 4) to lapic 0 vector 56\nuart0: [FILTER]\nuart0: fast interrupt\nuart1: \u003c16550 or compatible\u003e port 0x2f8-0x2ff irq 3 on acpi0\nioapic0: routing intpin 3 (ISA IRQ 3) to lapic 0 vector 57\nuart1: [FILTER]\nuart1: fast interrupt\nfdc0: \u003cfloppy drive controller\u003e port 0x3f0-0x3f5,0x3f7 irq 6 drq 2 on acpi0\nfdc0: ic_type 90 part_id 80\nioapic0: routing intpin 6 (ISA IRQ 6) to lapic 0 vector 58\nfdc0: [FILTER]\ncpu0: \u003cACPI CPU\u003e on acpi0\ncpu0: switching to generic Cx mode\np4tcc0: \u003cCPU Frequency Thermal Control\u003e on cpu0\ncpu1: \u003cACPI CPU\u003e on acpi0\np4tcc1: \u003cCPU Frequency Thermal Control\u003e on cpu1\ncpu2: \u003cACPI CPU\u003e on acpi0\np4tcc2: \u003cCPU Frequency Thermal Control\u003e on cpu2\ncpu3: \u003cACPI CPU\u003e on acpi0\np4tcc3: \u003cCPU Frequency Thermal Control\u003e on cpu3\nahc_isa_probe 0: ioport 0xc00 alloc failed\nex_isa_identify()\nisa_probe_children: disabling PnP devices\natkbdc: atkbdc0 already exists; skipping it\natrtc: atrtc0 already exists; skipping it\nfdc: fdc0 already exists; skipping it\nsc: sc0 already exists; skipping it\nuart: uart0 already exists; skipping it\nuart: uart1 already exists; skipping it\nisa_probe_children: probing non-PnP devices\norm0: \u003cISA Option ROM\u003e at iomem 0xc0000-0xc8fff on isa0\nsc0: \u003cSystem console\u003e at flags 0x100 on isa0\nsc0: VGA \u003c16 virtual consoles, flags=0x300\u003e\nsc0: fb0, kbd1, terminal emulator: scteken (teken terminal)\nvga0: \u003cGeneric ISA VGA\u003e at port 0x3c0-0x3df iomem 0xa0000-0xbffff on isa0\nppc0: cannot reserve I/O port range\nppc0: \u003cParallel port\u003e failed to probe at irq 7 on isa0\nisa_probe_children: probing PnP devices\nDevice configuration finished.\nReducing kern.maxvnodes 258204 -\u003e 100000\nprocfs registered\nlapic: Divisor 2, Frequency 133127519 hz\nTimecounter \"TSC\" frequency 1597530120 Hz quality -100\nTimecounters tick every 1.000 msec\nvlan: initialized, using hash tables with chaining\nlo0: bpf attached\nhptrr: no controller detected.\nata0: Identifying devices: 00020000\nata0: New devices: 00020000\nusbus0: 12Mbps Full Speed USB v1.0\nusbus1: 12Mbps Full Speed USB v1.0\nusbus2: 12Mbps Full Speed USB v1.0\nusbus3: 480Mbps High Speed USB v2.0\nugen0.1: \u003cIntel\u003e at usbus0\nuhub0: \u003cIntel UHCI root HUB, class 9/0, rev 1.00/1.00, addr 1\u003e on usbus0\nugen1.1: \u003cIntel\u003e at usbus1\nuhub1: \u003cIntel UHCI root HUB, class 9/0, rev 1.00/1.00, addr 1\u003e on usbus1\nugen2.1: \u003cIntel\u003e at usbus2\nuhub2: \u003cIntel UHCI root HUB, class 9/0, rev 1.00/1.00, addr 1\u003e on usbus2\nugen3.1: \u003cIntel\u003e at usbus3\nuhub3: \u003cIntel EHCI root HUB, class 9/0, rev 2.00/1.00, addr 1\u003e on usbus3\nfdc0: output ready timeout\nfdc0: output ready timeout\nfdc0: output ready timeout\nuhub0: 2 ports with 2 removable, self powered\nuhub1: 2 ports with 2 removable, self powered\nuhub2: 2 ports with 2 removable, self powered\nfdc0: output ready timeout\nfdc0: output ready timeout\nfdc0: output ready timeout\nfdc0: output ready timeout\nata0-slave: pio=PIO4 wdma=WDMA2 udma=UDMA33 cable=40 wire\nacd0: setting UDMA33\nacd0: \u003cDV-28E-R/1.8A\u003e DVDROM drive at ata0 as slave\nacd0: read 4134KB/s (4134KB/s), 256KB buffer, UDMA33\nacd0: Reads: CDR, CDRW, CDDA stream, DVDROM, DVDR, DVDRAM, packet\nacd0: Writes:\nacd0: Audio: play, 256 volume levels\nacd0: Mechanism: ejectable tray, unlocked\nacd0: Medium: no/blank disc\nata2: Identifying devices: 00000000\nata2: New devices: 00000000\nata3: Identifying devices: 00000000\nata3: New devices: 00000000\nata4: Identifying devices: 00000001\nata4: New devices: 00000001\nata4-master: pio=PIO4 wdma=WDMA2 udma=UDMA133 cable=40 wire\nad8: setting UDMA100\nad8: 953869MB \u003cSeagate ST31000525SV CV12\u003e at ata4-master UDMA100 SATA 3Gb/s\nad8: 1953525168 sectors [1938021C/16H/63S] 16 sectors/interrupt 1 depth queue\nad8: Intel check1 failed\nad8: Adaptec check1 failed\nad8: LSI (v3) check1 failed\nad8: LSI (v2) check1 failed\nad8: FreeBSD check1 failed\nata5: Identifying devices: 00000001\nata5: New devices: 00000001\nata5-master: pio=PIO4 wdma=WDMA2 udma=UDMA133 cable=40 wireGEOM: new disk ad8\n\nad10: setting UDMA100\nad10: 953869MB \u003cSeagate ST31000525SV CV12\u003e at ata5-master UDMA100 SATA 3Gb/s\nad10: 1953525168 sectors [1938021C/16H/63S] 16 sectors/interrupt 1 depth queue\nad10: Intel check1 failed\nad10: Adaptec check1 failed\nad10: LSI (v3) check1 failed\nad10: LSI (v2) check1 failed\nad10: FreeBSD check1 failed\nata6: Identifying devices: 00000000\nata6: New devices: 00000000\nata7: Identifying devices: 00000000\nata7: New devices: 00000000\nATA PseudoRAID loaded\nSMP: AP CPU #1 Launched!\ncpu1 AP:\n     ID: 0x01000000   VER: 0x00050014 LDR: 0x00000000 DFR: 0xffffffff\n  lint0: 0x00010700 lint1: 0x00000400 TPR: 0x00000000 SVR: 0x000001ff\n  timer: 0x000200ef therm: 0x00010000 err: 0x00010000 pcm: 0x00010400\nSMP: AP CPU #2 Launched!\ncpu2 AP:\n     ID: 0x02000000   VER: 0x00050014 LDR: 0x00000000 DFR: 0xffffffff\n  lint0: 0x00010700 lint1: 0x00000400 TPR: 0x00000000 SVR: 0x000001ff\n  timer: 0x000200ef therm: 0x00010000 err: 0x00010000 pcm: 0x00010400\nSMP: AP CPU #3 Launched!\ncpu3 AP:\n     ID: 0x03000000   VER: 0x00050014 LDR: 0x00000000 DFR: 0xffffffff\n  lint0: 0x00010700 lint1: 0x00000400 TPR: 0x00000000 SVR: 0x000001ff\n  timer: 0x000200ef therm: 0x00010000 err: 0x00010000 pcm: 0x00010400\nioapic0: routing intpin 3 (ISA IRQ 3) to lapic 1 vector 48\nioapic0: routing intpin 4 (ISA IRQ 4) to lapic 2 vector 48\nioapic0: routing intpin 6 (ISA IRQ 6) to lapic 3 vector 48\nioapic0: routing intpin 14 (ISA IRQ 14) to lapic 1 vector 49\nioapic0: routing intpin 17 (PCI IRQ 17) to lapic 2 vector 49\nioapic0: routing intpin 18 (PCI IRQ 18) to lapic 3 vector 49\nmsi: Assigning MSI IRQ 256 to local APIC 1 vector 50\nmsi: Assigning MSI IRQ 257 to local APIC 2 vector 50\nGEOM: new disk ad10\nRoot mount waiting for: usbus3\nfdc0: output ready timeout\nRoot mount waiting for: usbus3\nfdc0: input ready timeout\nfdc0: input ready timeout\nfdc0: output ready timeout\nfdc0: input ready timeout\nuhub3: 6 ports with 6 removable, self powered\n\n----- Caveats -----\n\nSolution: It is your cables, hard disks, front-plane, machines, etc.\n\nAnswer: Tested on the 4 drive bay, on 2 identical servers. With a Promise TX2 (which test the front-plane of the drive bay but remove front-plane cable from the testing), but since gentoo, RH and FC work perfectly fine with the drives having ICRC errors with FreeBSD the front-plane cable isn't the issue.\n\nSolution: Downgrade the speed.\n\nAnswer: Did from SATA300 to SATA150, the issue is still there.\n\n----- Theory -----\n\nTiming issue with this particular SATA controlleur since the randomness of the brand/models of the drives tested that failed.\n\nFix: \n\nThere is a old timeout patch documented by a FreeNAS member which I tried withou\nt success.\n\nThere is a few reports of this issue here and there.  But it look like people ju\nst bypassed the SATA controller.\n\nAnd beside a few\n\n------\n-     /* enable PCI interrupt */\n-           pci_write_config(dev, PCIR_COMMAND,\n-                            pci_read_config(dev, PCIR_COMMAND, 2) \u0026 ~0x0400,2);\n------\n\nremoved here and there, there isn't much different between 7.1 and 7.2 (in term\nof the ata driver)\n\nThe only fix it to drop a replacement card in the only available pci slot available.\nHow-To-Repeat: Boot in single user:\n\nboot: boot -s -v\n\n# dd if=/dev/ad10 of=/dev/null bs=1m\n-or-\n# dd if=/dev/ad10 of=/dev/null bs=2m\n-or-\n# dd if=/dev/ad10 of=/dev/null bs=1g\n\nWill generated ICRC error (from a dozen to a few hundrends) at random LBA every\ntime.\n\nOddly enough it do not seems to corrupt the data, yet.  I'm not planning to put\nthose servers in production with this issue."
}