{
 "id": 365567,
 "bug_id": 106832,
 "attachment_id": 0,
 "creation_time": "2006-12-17T11:30:26Z",
 "creator": "fredantispam@free.fr",
 "text": "USB HP printer is not detected by kernel when ACPI enabled.\nIf ACPI disabled, USB printer is well detected, but freebsd\ndoes not boot anymore because HDD (Maxtor on nvidia SATA chipset)\nis not detected.\n\nFrom dmesg output:\nCopyright (c) 1992-2006 The FreeBSD Project.\nCopyright (c) 1979, 1980, 1983, 1986, 1988, 1989, 1991, 1992, 1993, 1994\n        The Regents of the University of California. All rights reserved.\nFreeBSD 6.1-RELEASE #0: Sat Dec 16 23:02:08 CET 2006\n    root@marsu:/usr/src/sys/i386/compile/FREEBSD_61\nTimecounter \"i8254\" frequency 1193182 Hz quality 0\nCPU: Intel(R) Pentium(R) D CPU 3.00GHz (3000.12-MHz 686-class CPU)\n  Origin = \"GenuineIntel\"  Id = 0xf64  Stepping = 4\n  Features=0xbfebfbff\u003cFPU,VME,DE,PSE,TSC,MSR,PAE,MCE,CX8,APIC,SEP,MTRR,PGE,MCA,CMOV,PAT,PSE36,CLFLUS\nH,DTS,ACPI,MMX,FXSR,SSE,SSE2,SS,HTT,TM,PBE\u003e\n  Features2=0xe4bd\u003cSSE3,RSVD2,MON,DS_CPL,VMX,EST,CNTX-ID,CX16,\u003cb14\u003e,\u003cb15\u003e\u003e\n  AMD Features=0x20100000\u003cNX,LM\u003e\n  AMD Features2=0x1\u003cLAHF\u003e\n  Cores per package: 2\nreal memory  = 2952724480 (2815 MB)\navail memory = 2883387392 (2749 MB)\nACPI APIC Table: \u003cNvidia AWRDACPI\u003e\nFreeBSD/SMP: Multiprocessor System Detected: 2 CPUs\n cpu0 (BSP): APIC ID:  0\n cpu1 (AP): APIC ID:  1\nioapic0: Changing APIC ID to 4\nioapic0 \u003cVersion 1.1\u003e irqs 0-23 on motherboard\nacpi0: \u003cNvidia AWRDACPI\u003e on motherboard\nacpi_bus_number: can't get _ADR\nacpi_bus_number: can't get _ADR\nacpi0: Power Button (fixed)\nacpi_bus_number: can't get _ADR\nacpi_bus_number: can't get _ADR\nTimecounter \"ACPI-fast\" frequency 3579545 Hz quality 1000\nacpi_timer0: \u003c24-bit timer at 3.579545MHz\u003e port 0x4008-0x400b on acpi0\ncpu0: \u003cACPI CPU\u003e on acpi0\ncpu1: \u003cACPI CPU\u003e on acpi0\nacpi_button0: \u003cPower Button\u003e on acpi0\npcib0: \u003cACPI Host-PCI bridge\u003e port 0xcf8-0xcff on acpi0\npci0: \u003cACPI PCI bus\u003e on pcib0\npci0: \u003cmemory, RAM\u003e at device 0.1 (no driver attached)\n[snip]\npci0: \u003cmemory, RAM\u003e at device 1.6 (no driver attached)\npcib1: \u003cACPI PCI-PCI bridge\u003e at device 2.0 on pci0\npci1: \u003cACPI PCI bus\u003e on pcib1\nnvidia0: \u003cGeForce 6800 Series GPU\u003e mem 0xd3000000-0xd3ffffff,0xb0000000-0xbfffffff,0xd4000000-0xd4ff\nffff irq 16 at device 0.0 on pci1\nnvidia0: [GIANT-LOCKED]\npcib2: \u003cACPI PCI-PCI bridge\u003e at device 4.0 on pci0\npci2: \u003cACPI PCI bus\u003e on pcib2\nnvidia1: \u003cGeForce 6800 Series GPU\u003e mem 0xd0000000-0xd0ffffff,0xc0000000-0xcfffffff,0xd1000000-0xd1ff\nffff irq 16 at device 0.0 on pci2\nnvidia1: [GIANT-LOCKED]\npcib3: \u003cACPI PCI-PCI bridge\u003e at device 6.0 on pci0\npci3: \u003cACPI PCI bus\u003e on pcib3\npci3: \u003cmass storage\u003e at device 0.0 (no driver attached)\npci0: \u003cmemory, RAM\u003e at device 9.0 (no driver attached)\nisab0: \u003cPCI-ISA bridge\u003e at device 10.0 on pci0\nisa0: \u003cISA bus\u003e on isab0\nichsmb0: \u003cSMBus controller\u003e port 0xe400-0xe41f,0x5000-0x503f,0x5100-0x513f irq 20 at device 10.1 on pci0\nichsmb0: [GIANT-LOCKED]\nsmbus0: \u003cSystem Management Bus\u003e on ichsmb0\nsmb0: \u003cSMBus generic I/O\u003e on smbus0\nohci0: \u003cOHCI (generic) USB controller\u003e mem 0xd9005000-0xd9005fff irq 21 at device 11.0 on pci0\nohci0: [GIANT-LOCKED]\nusb0: OHCI version 1.0, legacy support\nusb0: SMM does not respond, resetting\nusb0: \u003cOHCI (generic) USB controller\u003e on ohci0\nusb0: USB revision 1.0\nuhub0: nVidia OHCI root hub, class 9/0, rev 1.00/1.00, addr 1\nuhub0: 5 ports with 5 removable, self powered\nohci1: \u003cOHCI (generic) USB controller\u003e mem 0xd9000000-0xd9000fff irq 22 at device 11.1 on pci0\nohci1: [GIANT-LOCKED]\nusb1: OHCI version 1.0, legacy support\nusb1: SMM does not respond, resetting\nusb1: \u003cOHCI (generic) USB controller\u003e on ohci1\nusb1: USB revision 1.0\nuhub1: nVidia OHCI root hub, class 9/0, rev 1.00/1.00, addr 1\nuhub1: 5 ports with 5 removable, self powered\nehci0: \u003cEHCI (generic) USB 2.0 controller\u003e mem 0xd9001000-0xd90010ff irq 23 at device 11.2 on pci0\nehci0: [GIANT-LOCKED]\nusb2: EHCI version 1.0\nusb2: companion controllers, 4 ports each: usb0 usb1\nusb2: \u003cEHCI (generic) USB 2.0 controller\u003e on ehci0\nusb2: USB revision 2.0\nuhub2: nVidia EHCI root hub, class 9/0, rev 2.00/1.00, addr 1\nuhub2: 10 ports with 10 removable, self powered\nnve0: \u003cNVIDIA nForce MCP11 Networking Adapter\u003e port 0xb800-0xb807 mem 0xd9002000-0xd9002fff irq 21 at device 14.0 on pci0\nnve0: Ethernet address 00:13:d4:e0:0b:ba\nmiibus0: \u003cMII bus\u003e on nve0\nukphy0: \u003cGeneric IEEE 802.3u media interface\u003e on miibus0\nukphy0:  10baseT, 10baseT-FDX, 100baseTX, 100baseTX-FDX, 1000baseT, 1000baseT-FDX, auto\nnve0: Ethernet address: 00:13:d4:e0:0b:ba\natapci0: \u003cnVidia nForce MCP UDMA133 controller\u003e port 0x1f0-0x1f7,0x3f6,0x170-0x177,0x376,0xf000-0xf0\n0f at device 15.0 on pci0\nata0: \u003cATA channel 0\u003e on atapci0\nata1: \u003cATA channel 1\u003e on atapci0\natapci1: \u003cnVidia nForce MCP SATA150 controller\u003e port 0x9f0-0x9f7,0xbf0-0xbf3,0x970-0x977,0xb70-0xb73\n,0xcc00-0xcc0f mem 0xd9003000-0xd9003fff irq 22 at device 16.0 on pci0\nata2: \u003cATA channel 0\u003e on atapci1\nata3: \u003cATA channel 1\u003e on atapci1\natapci2: \u003cnVidia nForce MCP SATA150 controller\u003e port 0x9e0-0x9e7,0xbe0-0xbe3,0x960-0x967,0xb60-0xb63\n,0xe000-0xe00f mem 0xd9004000-0xd9004fff irq 23 at device 17.0 on pci0\nata4: \u003cATA channel 0\u003e on atapci2\nata5: \u003cATA channel 1\u003e on atapci2\npcib4: \u003cACPI PCI-PCI bridge\u003e at device 18.0 on pci0\npci4: \u003cACPI PCI bus\u003e on pcib4\npci4: \u003cserial bus, FireWire\u003e at device 11.0 (no driver attached)\nem0: \u003cIntel(R) PRO/1000 Network Connection Version - 3.2.18\u003e port 0xa000-0xa03f mem 0xd8000000-0xd80\n1ffff irq 19 at device 12.0 on pci4\nem0: Ethernet address: 00:13:d4:e0:01:23\npcm0: \u003cnVidia nForce 4 MCP\u003e port 0xe800-0xe8ff,0xec00-0xecff mem 0xd9006000-0xd9006fff irq 20 at device 19.0 on pci0\npcm0: \u003cAvance Logic ALC850 AC97 Codec\u003e\nacpi_tz0: \u003cThermal Zone\u003e on acpi0\natkbdc0: \u003cKeyboard controller (i8042)\u003e port 0x60,0x64 irq 1 on acpi0\natkbd0: \u003cAT Keyboard\u003e irq 1 on atkbdc0\natkbd0: [GIANT-LOCKED]\npsm0: \u003cPS/2 Mouse\u003e irq 12 on atkbdc0\npsm0: [GIANT-LOCKED]\npsm0: model IntelliMouse Explorer, device ID 4\norm0: \u003cISA Option ROM\u003e at iomem 0xd0000-0xd3fff on isa0\nsc0: \u003cSystem console\u003e at flags 0x100 on isa0\nsc0: VGA \u003c16 virtual consoles, flags=0x300\u003e\nvga0: \u003cGeneric ISA VGA\u003e at port 0x3c0-0x3df iomem 0xa0000-0xbffff on isa0\n\n============= HERE ===============\nuhub0: device problem (SET_ADDR_FAILED), disabling port 1\nuhub0: device problem (SET_ADDR_FAILED), disabling port 2\n==================================\n\nTimecounters tick every 1.000 msec\nacd0: CDRW \u003cASUS CRW-5232A4/1.00\u003e at ata1-master UDMA33\nacd1: DVDR \u003cASUS DRW-1608P3S/1.19\u003e at ata1-slave UDMA66\nad4: 238475MB \u003cMaxtor 6L250S0 BACE1G10\u003e at ata2-master SATA150\nad6: 239372MB \u003cMaxtor 6V250F0 VA111900\u003e at ata3-master SATA300\nad8: 239372MB \u003cMaxtor 6L250S0 BACE1G20\u003e at ata4-master SATA150\nad10: 239372MB \u003cMaxtor 6L250S0 BANC1G10\u003e at ata5-master SATA150\nSMP: AP CPU #1 Launched!\n\nPlease note that if I plug a USB stick (Kingston DataTraveler) on the USB port\nused by my HP printer, it works fine.\n\nAlso please note that this HP printer (1320) works fine with cups on my linux box.\n\nFix: \n\nDon't know :-(\nHow-To-Repeat: Does not work on Asus P5ND2-SLI Deluxe mobo."
}