{
 "id": 460429,
 "bug_id": 126742,
 "attachment_id": 0,
 "creation_time": "2008-08-22T23:27:39Z",
 "creator": "freebsd.alex@spamfoodie.com",
 "text": "\u003eSubmitter-Id:\tcurrent-users\n\u003eOriginator:\tAlex\n\u003eOrganization:\t\n\u003eConfidential:\tno\n\u003eSynopsis:\tRe: kern/126742: [panic] kernel panic when sending file via ng_ubt(4)\n\u003eSeverity:\tserious\n\u003ePriority:\tmedium\n\u003eCategory:\tkern\n\u003eClass:\t\tsw-bug\n\u003eRelease:\t7-STABLE\n\u003eEnvironment:\tFreeBSD moshnroll 7.0-STABLE FreeBSD 7.0-STABLE #0: Tue Aug 19 21:20:04 CEST 2008     root@moshnroll:/usr/obj/usr/src/sys/ARUNDEL  i386\n\u003eDescription:\nok. one last try. i'll simply attach the dmesg output as a file.\n\u003eHow-To-Repeat:\n\n\u003eFix:\n\nCopyright (c) 1992-2008 The FreeBSD Project.\nCopyright (c) 1979, 1980, 1983, 1986, 1988, 1989, 1991, 1992, 1993, 1994\n\tThe Regents of the University of California. All rights reserved.\nFreeBSD is a registered trademark of The FreeBSD Foundation.\nFreeBSD 7.0-STABLE #0: Tue Aug 19 21:20:04 CEST 2008\n    root@moshnroll:/usr/obj/usr/src/sys/ARUNDEL\nWARNING: WITNESS option enabled, expect reduced performance.\nTimecounter \"i8254\" frequency 1193182 Hz quality 0\nCPU: Intel(R) Pentium(R) Dual  CPU  E2160  @ 1.80GHz (2997.02-MHz 686-class CPU)\n  Origin = \"GenuineIntel\"  Id = 0x6fd  Stepping = 13\n  Features=0xbfebfbff\u003cFPU,VME,DE,PSE,TSC,MSR,PAE,MCE,CX8,APIC,SEP,MTRR,PGE,MCA,CMOV,PAT,PSE36,CLFLUSH,DTS,ACPI,MMX,FXSR,SSE,SSE2,SS,HTT,TM,PBE\u003e\n  Features2=0xe39d\u003cSSE3,RSVD2,MON,DS_CPL,EST,TM2,SSSE3,CX16,xTPR,PDCM\u003e\n  AMD Features=0x20100000\u003cNX,LM\u003e\n  AMD Features2=0x1\u003cLAHF\u003e\n  Cores per package: 2\nreal memory  = 2146304000 (2046 MB)\navail memory = 2086535168 (1989 MB)\nACPI APIC Table: \u003cGBT    GBTUACPI\u003e\nioapic0: Changing APIC ID to 2\nioapic0 \u003cVersion 2.0\u003e irqs 0-23 on motherboard\nath_hal: 0.9.20.3 (AR5210, AR5211, AR5212, RF5111, RF5112, RF2413, RF5413)\nacpi0: \u003cGBT GBTUACPI\u003e on motherboard\nacpi0: [ITHREAD]\nacpi0: Power Button (fixed)\nacpi0: reservation of 0, a0000 (3) failed\nacpi0: reservation of 100000, 7fde0000 (3) failed\nTimecounter \"ACPI-fast\" frequency 3579545 Hz quality 1000\nacpi_timer0: \u003c24-bit timer at 3.579545MHz\u003e port 0x408-0x40b on acpi0\npcib0: \u003cACPI Host-PCI bridge\u003e port 0xcf8-0xcff on acpi0\npci0: \u003cACPI PCI bus\u003e on pcib0\npcib1: \u003cPCI-PCI bridge\u003e irq 16 at device 1.0 on pci0\npci1: \u003cPCI bus\u003e on pcib1\nvgapci0: \u003cVGA-compatible display\u003e port 0xc000-0xc07f mem 0xf6000000-0xf6ffffff,0xe0000000-0xefffffff,0xf4000000-0xf5ffffff irq 16 at device 0.0 on pci1\nnvidia0: \u003cGeForce 9600 GT\u003e on vgapci0\nvgapci0: child nvidia0 requested pci_enable_busmaster\nvgapci0: child nvidia0 requested pci_enable_io\nnvidia0: [GIANT-LOCKED]\nnvidia0: [ITHREAD]\nuhci0: \u003cUHCI (generic) USB controller\u003e port 0xe200-0xe21f irq 16 at device 26.0 on pci0\nuhci0: [GIANT-LOCKED]\nuhci0: [ITHREAD]\nusb0: \u003cUHCI (generic) USB controller\u003e on uhci0\nusb0: USB revision 1.0\nuhub0: \u003cIntel UHCI root hub, class 9/0, rev 1.00/1.00, addr 1\u003e on usb0\nuhub0: 2 ports with 2 removable, self powered\nuhci1: \u003cUHCI (generic) USB controller\u003e port 0xe000-0xe01f irq 21 at device 26.1 on pci0\nuhci1: [GIANT-LOCKED]\nuhci1: [ITHREAD]\nusb1: \u003cUHCI (generic) USB controller\u003e on uhci1\nusb1: USB revision 1.0\nuhub1: \u003cIntel UHCI root hub, class 9/0, rev 1.00/1.00, addr 1\u003e on usb1\nuhub1: 2 ports with 2 removable, self powered\nuhci2: \u003cUHCI (generic) USB controller\u003e port 0xe100-0xe11f irq 18 at device 26.2 on pci0\nuhci2: [GIANT-LOCKED]\nuhci2: [ITHREAD]\nusb2: \u003cUHCI (generic) USB controller\u003e on uhci2\nusb2: USB revision 1.0\nuhub2: \u003cIntel UHCI root hub, class 9/0, rev 1.00/1.00, addr 1\u003e on usb2\nuhub2: 2 ports with 2 removable, self powered\nehci0: \u003cEHCI (generic) USB 2.0 controller\u003e mem 0xf8205000-0xf82053ff irq 18 at device 26.7 on pci0\nehci0: [GIANT-LOCKED]\nehci0: [ITHREAD]\nusb3: EHCI version 1.0\nusb3: companion controllers, 2 ports each: usb0 usb1 usb2\nusb3: \u003cEHCI (generic) USB 2.0 controller\u003e on ehci0\nusb3: USB revision 2.0\nuhub3: \u003cIntel EHCI root hub, class 9/0, rev 2.00/1.00, addr 1\u003e on usb3\nuhub3: 6 ports with 6 removable, self powered\npcm0: \u003cIntel 82801I High Definition Audio Controller\u003e mem 0xf8200000-0xf8203fff irq 22 at device 27.0 on pci0\npcm0: [ITHREAD]\npcib2: \u003cACPI PCI-PCI bridge\u003e irq 16 at device 28.0 on pci0\npci2: \u003cACPI PCI bus\u003e on pcib2\npcib3: \u003cACPI PCI-PCI bridge\u003e irq 19 at device 28.3 on pci0\npci3: \u003cACPI PCI bus\u003e on pcib3\natapci0: \u003cJMicron JMB363 SATA300 controller\u003e port 0xd000-0xd007,0xd100-0xd103,0xd200-0xd207,0xd300-0xd303,0xd400-0xd40f mem 0xf8000000-0xf8001fff irq 19 at device 0.0 on pci3\natapci0: [ITHREAD]\natapci0: AHCI called from vendor specific driver\natapci0: AHCI Version 01.00 controller with 2 ports detected\nata2: \u003cATA channel 0\u003e on atapci0\nata2: [ITHREAD]\nata3: \u003cATA channel 1\u003e on atapci0\nata3: [ITHREAD]\nata4: \u003cATA channel 2\u003e on atapci0\nata4: [ITHREAD]\npcib4: \u003cACPI PCI-PCI bridge\u003e irq 16 at device 28.4 on pci0\npci4: \u003cACPI PCI bus\u003e on pcib4\nuhci3: \u003cUHCI (generic) USB controller\u003e port 0xe300-0xe31f irq 23 at device 29.0 on pci0\nuhci3: [GIANT-LOCKED]\nuhci3: [ITHREAD]\nusb4: \u003cUHCI (generic) USB controller\u003e on uhci3\nusb4: USB revision 1.0\nuhub4: \u003cIntel UHCI root hub, class 9/0, rev 1.00/1.00, addr 1\u003e on usb4\nuhub4: 2 ports with 2 removable, self powered\nuhci4: \u003cUHCI (generic) USB controller\u003e port 0xe400-0xe41f irq 19 at device 29.1 on pci0\nuhci4: [GIANT-LOCKED]\nuhci4: [ITHREAD]\nusb5: \u003cUHCI (generic) USB controller\u003e on uhci4\nusb5: USB revision 1.0\nuhub5: \u003cIntel UHCI root hub, class 9/0, rev 1.00/1.00, addr 1\u003e on usb5\nuhub5: 2 ports with 2 removable, self powered\nuhci5: \u003cUHCI (generic) USB controller\u003e port 0xe500-0xe51f irq 18 at device 29.2 on pci0\nuhci5: [GIANT-LOCKED]\nuhci5: [ITHREAD]\nusb6: \u003cUHCI (generic) USB controller\u003e on uhci5\nusb6: USB revision 1.0\nuhub6: \u003cIntel UHCI root hub, class 9/0, rev 1.00/1.00, addr 1\u003e on usb6\nuhub6: 2 ports with 2 removable, self powered\nehci1: \u003cEHCI (generic) USB 2.0 controller\u003e mem 0xf8204000-0xf82043ff irq 23 at device 29.7 on pci0\nehci1: [GIANT-LOCKED]\nehci1: [ITHREAD]\nusb7: EHCI version 1.0\nusb7: companion controllers, 2 ports each: usb4 usb5 usb6\nusb7: \u003cEHCI (generic) USB 2.0 controller\u003e on ehci1\nusb7: USB revision 2.0\nuhub7: \u003cIntel EHCI root hub, class 9/0, rev 2.00/1.00, addr 1\u003e on usb7\nuhub7: 6 ports with 6 removable, self powered\npcib5: \u003cACPI PCI-PCI bridge\u003e at device 30.0 on pci0\npci5: \u003cACPI PCI bus\u003e on pcib5\nath0: \u003cAtheros 5212\u003e mem 0xf8100000-0xf810ffff irq 19 at device 1.0 on pci5\nath0: [ITHREAD]\nath0: WARNING: using obsoleted if_watchdog interface\nath0: Ethernet address: 00:0f:b5:82:07:c8\nath0: mac 7.9 phy 4.5 radio 5.6\nisab0: \u003cPCI-ISA bridge\u003e at device 31.0 on pci0\nisa0: \u003cISA bus\u003e on isab0\natapci1: \u003cIntel ICH9 SATA300 controller\u003e port 0x1f0-0x1f7,0x3f6,0x170-0x177,0x376,0xf000-0xf00f,0xfc00-0xfc0f at device 31.2 on pci0\nata0: \u003cATA channel 0\u003e on atapci1\nata0: [ITHREAD]\nata1: \u003cATA channel 1\u003e on atapci1\nata1: [ITHREAD]\npci0: \u003cserial bus, SMBus\u003e at device 31.3 (no driver attached)\natapci2: \u003cIntel ICH9 SATA300 controller\u003e port 0xe700-0xe707,0xe800-0xe803,0xe900-0xe907,0xea00-0xea03,0xeb00-0xeb0f,0xec00-0xec0f irq 19 at device 31.5 on pci0\natapci2: [ITHREAD]\nata5: \u003cATA channel 0\u003e on atapci2\nata5: [ITHREAD]\nata6: \u003cATA channel 1\u003e on atapci2\nata6: [ITHREAD]\nacpi_hpet0: \u003cHigh Precision Event Timer\u003e iomem 0xfed00000-0xfed003ff on acpi0\nTimecounter \"HPET\" frequency 14318180 Hz quality 900\ncpu0: \u003cACPI CPU\u003e on acpi0\nest0: \u003cEnhanced SpeedStep Frequency Control\u003e on cpu0\nest: CPU supports Enhanced Speedstep, but is not recognized.\nest: cpu_vendor GenuineIntel, msr 925092506000925\ndevice_attach: est0 attach returned 6\np4tcc0: \u003cCPU Frequency Thermal Control\u003e on cpu0\ncoretemp0: \u003cCPU On-Die Thermal Sensors\u003e on cpu0\nacpi_button0: \u003cPower Button\u003e on acpi0\nsc0: \u003cSystem console\u003e at flags 0x100 on isa0\nsc0: VGA \u003c16 virtual consoles, flags=0x300\u003e\nvga0: \u003cGeneric ISA VGA\u003e at port 0x3c0-0x3df iomem 0xa0000-0xbffff on isa0\nubt0: \u003cvendor 0x0a12 product 0x0001, class 224/1, rev 2.00/15.93, addr 2\u003e on uhub0\nubt0: Interface 0 endpoints: interrupt=0x81, bulk-in=0x82, bulk-out=0x2\nubt0: Interface 1 (alt.config 5) endpoints: isoc-in=0x83, isoc-out=0x3; wMaxPacketSize=49; nframes=6, buffer size=294\nums0: \u003cRazer Razer 1600dpi Mouse, class 0/0, rev 2.00/21.00, addr 2\u003e on uhub1\nums0: 7 buttons and Z dir.\nukbd0: \u003cDell Dell USB Keyboard, class 0/0, rev 1.10/3.06, addr 3\u003e on uhub1\nkbd0 at ukbd0\nTimecounter \"TSC\" frequency 2997020286 Hz quality 800\nTimecounters tick every 1.000 msec\nad0: 238474MB \u003cSAMSUNG SP2504C VT100-50\u003e at ata0-master SATA300\nad8: 6105MB \u003cSAMSUNG SV0644A JC201-12\u003e at ata4-master UDMA33\nacd0: DVDR \u003cHL-DT-ST DVDRAM GSA-H10N/JL10\u003e at ata4-slave UDMA33\npcm0: \u003cHDA Codec: Realtek ALC885\u003e\npcm0: \u003cHDA Driver Revision: 20080420_0052\u003e\nacd0: FAILURE - INQUIRY ILLEGAL REQUEST asc=0x24 ascq=0x00 sks=0x40 0x00 0x01\nacd0: FAILURE - INQUIRY ILLEGAL REQUEST asc=0x24 ascq=0x00 sks=0x40 0x00 0x01\nWARNING: WITNESS option enabled, expect reduced performance.\ncd0 at ata4 bus 0 target 1 lun 0\ncd0: \u003cHL-DT-ST DVDRAM GSA-H10N JL10\u003e Removable CD-ROM SCSI-0 device \ncd0: 33.000MB/s transfers\ncd0: cd present [344984 x 2048 byte records]\nTrying to mount root from ufs:/dev/ad8s1a\nWARNING: / was not properly dismounted\nLoading configuration files.\nkernel dumps on /dev/ad0s1b\nEntropy harvesting:\n interrupts\n ethernet\n point_to_point\n kickstart"
}