{
 "id": 460431,
 "bug_id": 126742,
 "attachment_id": 0,
 "creation_time": "2008-08-23T09:21:45Z",
 "creator": "freebsd.alex@spamfoodie.com",
 "text": "\u003eSubmitter-Id:\tcurrent-users\n\u003eOriginator:\tAlex\n\u003eOrganization:\t\n\u003eConfidential:\tno\n\u003eSynopsis:\tRe: kern/126742: [panic] kernel panic when sending file via ng_ubt(4)\n\u003eSeverity:\tserious\n\u003ePriority:\tmedium\n\u003eCategory:\tkern\n\u003eClass:\t\tsw-bug\n\u003eRelease:\t7-STABLE\n\u003eEnvironment:\tFreeBSD moshnroll 7.0-STABLE FreeBSD 7.0-STABLE #0: Tue Aug 19 21:20:04 CEST 2008     root@moshnroll:/usr/obj/usr/src/sys/ARUNDEL  i386\n\u003eDescription:\nthis should work. i simply replaced the lines with a single dot (\".\") in it with \"DOT\".\n\n--- dmesg begins here ---\nCopyright (c) 1992-2008 The FreeBSD Project.\nCopyright (c) 1979, 1980, 1983, 1986, 1988, 1989, 1991, 1992, 1993, 1994\n\tThe Regents of the University of California. All rights reserved.\nFreeBSD is a registered trademark of The FreeBSD Foundation.\nFreeBSD 7.0-STABLE #0: Tue Aug 19 21:20:04 CEST 2008\n    root@moshnroll:/usr/obj/usr/src/sys/ARUNDEL\nWARNING: WITNESS option enabled, expect reduced performance.\nTimecounter \"i8254\" frequency 1193182 Hz quality 0\nCPU: Intel(R) Pentium(R) Dual  CPU  E2160  @ 1.80GHz (2997.02-MHz 686-class CPU)\n  Origin = \"GenuineIntel\"  Id = 0x6fd  Stepping = 13\n  Features=0xbfebfbff\u003cFPU,VME,DE,PSE,TSC,MSR,PAE,MCE,CX8,APIC,SEP,MTRR,PGE,MCA,CMOV,PAT,PSE36,CLFLUSH,DTS,ACPI,MMX,FXSR,SSE,SSE2,SS,HTT,TM,PBE\u003e\n  Features2=0xe39d\u003cSSE3,RSVD2,MON,DS_CPL,EST,TM2,SSSE3,CX16,xTPR,PDCM\u003e\n  AMD Features=0x20100000\u003cNX,LM\u003e\n  AMD Features2=0x1\u003cLAHF\u003e\n  Cores per package: 2\nreal memory  = 2146304000 (2046 MB)\navail memory = 2086535168 (1989 MB)\nACPI APIC Table: \u003cGBT    GBTUACPI\u003e\nioapic0: Changing APIC ID to 2\nioapic0 \u003cVersion 2.0\u003e irqs 0-23 on motherboard\nath_hal: 0.9.20.3 (AR5210, AR5211, AR5212, RF5111, RF5112, RF2413, RF5413)\nacpi0: \u003cGBT GBTUACPI\u003e on motherboard\nacpi0: [ITHREAD]\nacpi0: Power Button (fixed)\nacpi0: reservation of 0, a0000 (3) failed\nacpi0: reservation of 100000, 7fde0000 (3) failed\nTimecounter \"ACPI-fast\" frequency 3579545 Hz quality 1000\nacpi_timer0: \u003c24-bit timer at 3.579545MHz\u003e port 0x408-0x40b on acpi0\npcib0: \u003cACPI Host-PCI bridge\u003e port 0xcf8-0xcff on acpi0\npci0: \u003cACPI PCI bus\u003e on pcib0\npcib1: \u003cPCI-PCI bridge\u003e irq 16 at device 1.0 on pci0\npci1: \u003cPCI bus\u003e on pcib1\nvgapci0: \u003cVGA-compatible display\u003e port 0xc000-0xc07f mem 0xf6000000-0xf6ffffff,0xe0000000-0xefffffff,0xf4000000-0xf5ffffff irq 16 at device 0.0 on pci1\nnvidia0: \u003cGeForce 9600 GT\u003e on vgapci0\nvgapci0: child nvidia0 requested pci_enable_busmaster\nvgapci0: child nvidia0 requested pci_enable_io\nnvidia0: [GIANT-LOCKED]\nnvidia0: [ITHREAD]\nuhci0: \u003cUHCI (generic) USB controller\u003e port 0xe200-0xe21f irq 16 at device 26.0 on pci0\nuhci0: [GIANT-LOCKED]\nuhci0: [ITHREAD]\nusb0: \u003cUHCI (generic) USB controller\u003e on uhci0\nusb0: USB revision 1.0\nuhub0: \u003cIntel UHCI root hub, class 9/0, rev 1.00/1.00, addr 1\u003e on usb0\nuhub0: 2 ports with 2 removable, self powered\nuhci1: \u003cUHCI (generic) USB controller\u003e port 0xe000-0xe01f irq 21 at device 26.1 on pci0\nuhci1: [GIANT-LOCKED]\nuhci1: [ITHREAD]\nusb1: \u003cUHCI (generic) USB controller\u003e on uhci1\nusb1: USB revision 1.0\nuhub1: \u003cIntel UHCI root hub, class 9/0, rev 1.00/1.00, addr 1\u003e on usb1\nuhub1: 2 ports with 2 removable, self powered\nuhci2: \u003cUHCI (generic) USB controller\u003e port 0xe100-0xe11f irq 18 at device 26.2 on pci0\nuhci2: [GIANT-LOCKED]\nuhci2: [ITHREAD]\nusb2: \u003cUHCI (generic) USB controller\u003e on uhci2\nusb2: USB revision 1.0\nuhub2: \u003cIntel UHCI root hub, class 9/0, rev 1.00/1.00, addr 1\u003e on usb2\nuhub2: 2 ports with 2 removable, self powered\nehci0: \u003cEHCI (generic) USB 2.0 controller\u003e mem 0xf8205000-0xf82053ff irq 18 at device 26.7 on pci0\nehci0: [GIANT-LOCKED]\nehci0: [ITHREAD]\nusb3: EHCI version 1.0\nusb3: companion controllers, 2 ports each: usb0 usb1 usb2\nusb3: \u003cEHCI (generic) USB 2.0 controller\u003e on ehci0\nusb3: USB revision 2.0\nuhub3: \u003cIntel EHCI root hub, class 9/0, rev 2.00/1.00, addr 1\u003e on usb3\nuhub3: 6 ports with 6 removable, self powered\npcm0: \u003cIntel 82801I High Definition Audio Controller\u003e mem 0xf8200000-0xf8203fff irq 22 at device 27.0 on pci0\npcm0: [ITHREAD]\npcib2: \u003cACPI PCI-PCI bridge\u003e irq 16 at device 28.0 on pci0\npci2: \u003cACPI PCI bus\u003e on pcib2\npcib3: \u003cACPI PCI-PCI bridge\u003e irq 19 at device 28.3 on pci0\npci3: \u003cACPI PCI bus\u003e on pcib3\natapci0: \u003cJMicron JMB363 SATA300 controller\u003e port 0xd000-0xd007,0xd100-0xd103,0xd200-0xd207,0xd300-0xd303,0xd400-0xd40f mem 0xf8000000-0xf8001fff irq 19 at device 0.0 on pci3\natapci0: [ITHREAD]\natapci0: AHCI called from vendor specific driver\natapci0: AHCI Version 01.00 controller with 2 ports detected\nata2: \u003cATA channel 0\u003e on atapci0\nata2: [ITHREAD]\nata3: \u003cATA channel 1\u003e on atapci0\nata3: [ITHREAD]\nata4: \u003cATA channel 2\u003e on atapci0\nata4: [ITHREAD]\npcib4: \u003cACPI PCI-PCI bridge\u003e irq 16 at device 28.4 on pci0\npci4: \u003cACPI PCI bus\u003e on pcib4\nuhci3: \u003cUHCI (generic) USB controller\u003e port 0xe300-0xe31f irq 23 at device 29.0 on pci0\nuhci3: [GIANT-LOCKED]\nuhci3: [ITHREAD]\nusb4: \u003cUHCI (generic) USB controller\u003e on uhci3\nusb4: USB revision 1.0\nuhub4: \u003cIntel UHCI root hub, class 9/0, rev 1.00/1.00, addr 1\u003e on usb4\nuhub4: 2 ports with 2 removable, self powered\nuhci4: \u003cUHCI (generic) USB controller\u003e port 0xe400-0xe41f irq 19 at device 29.1 on pci0\nuhci4: [GIANT-LOCKED]\nuhci4: [ITHREAD]\nusb5: \u003cUHCI (generic) USB controller\u003e on uhci4\nusb5: USB revision 1.0\nuhub5: \u003cIntel UHCI root hub, class 9/0, rev 1.00/1.00, addr 1\u003e on usb5\nuhub5: 2 ports with 2 removable, self powered\nuhci5: \u003cUHCI (generic) USB controller\u003e port 0xe500-0xe51f irq 18 at device 29.2 on pci0\nuhci5: [GIANT-LOCKED]\nuhci5: [ITHREAD]\nusb6: \u003cUHCI (generic) USB controller\u003e on uhci5\nusb6: USB revision 1.0\nuhub6: \u003cIntel UHCI root hub, class 9/0, rev 1.00/1.00, addr 1\u003e on usb6\nuhub6: 2 ports with 2 removable, self powered\nehci1: \u003cEHCI (generic) USB 2.0 controller\u003e mem 0xf8204000-0xf82043ff irq 23 at device 29.7 on pci0\nehci1: [GIANT-LOCKED]\nehci1: [ITHREAD]\nusb7: EHCI version 1.0\nusb7: companion controllers, 2 ports each: usb4 usb5 usb6\nusb7: \u003cEHCI (generic) USB 2.0 controller\u003e on ehci1\nusb7: USB revision 2.0\nuhub7: \u003cIntel EHCI root hub, class 9/0, rev 2.00/1.00, addr 1\u003e on usb7\nuhub7: 6 ports with 6 removable, self powered\npcib5: \u003cACPI PCI-PCI bridge\u003e at device 30.0 on pci0\npci5: \u003cACPI PCI bus\u003e on pcib5\nath0: \u003cAtheros 5212\u003e mem 0xf8100000-0xf810ffff irq 19 at device 1.0 on pci5\nath0: [ITHREAD]\nath0: WARNING: using obsoleted if_watchdog interface\nath0: Ethernet address: 00:0f:b5:82:07:c8\nath0: mac 7.9 phy 4.5 radio 5.6\nisab0: \u003cPCI-ISA bridge\u003e at device 31.0 on pci0\nisa0: \u003cISA bus\u003e on isab0\natapci1: \u003cIntel ICH9 SATA300 controller\u003e port 0x1f0-0x1f7,0x3f6,0x170-0x177,0x376,0xf000-0xf00f,0xfc00-0xfc0f at device 31.2 on pci0\nata0: \u003cATA channel 0\u003e on atapci1\nata0: [ITHREAD]\nata1: \u003cATA channel 1\u003e on atapci1\nata1: [ITHREAD]\npci0: \u003cserial bus, SMBus\u003e at device 31.3 (no driver attached)\natapci2: \u003cIntel ICH9 SATA300 controller\u003e port 0xe700-0xe707,0xe800-0xe803,0xe900-0xe907,0xea00-0xea03,0xeb00-0xeb0f,0xec00-0xec0f irq 19 at device 31.5 on pci0\natapci2: [ITHREAD]\nata5: \u003cATA channel 0\u003e on atapci2\nata5: [ITHREAD]\nata6: \u003cATA channel 1\u003e on atapci2\nata6: [ITHREAD]\nacpi_hpet0: \u003cHigh Precision Event Timer\u003e iomem 0xfed00000-0xfed003ff on acpi0\nTimecounter \"HPET\" frequency 14318180 Hz quality 900\ncpu0: \u003cACPI CPU\u003e on acpi0\nest0: \u003cEnhanced SpeedStep Frequency Control\u003e on cpu0\nest: CPU supports Enhanced Speedstep, but is not recognized.\nest: cpu_vendor GenuineIntel, msr 925092506000925\ndevice_attach: est0 attach returned 6\np4tcc0: \u003cCPU Frequency Thermal Control\u003e on cpu0\ncoretemp0: \u003cCPU On-Die Thermal Sensors\u003e on cpu0\nacpi_button0: \u003cPower Button\u003e on acpi0\nsc0: \u003cSystem console\u003e at flags 0x100 on isa0\nsc0: VGA \u003c16 virtual consoles, flags=0x300\u003e\nvga0: \u003cGeneric ISA VGA\u003e at port 0x3c0-0x3df iomem 0xa0000-0xbffff on isa0\nubt0: \u003cvendor 0x0a12 product 0x0001, class 224/1, rev 2.00/15.93, addr 2\u003e on uhub0\nubt0: Interface 0 endpoints: interrupt=0x81, bulk-in=0x82, bulk-out=0x2\nubt0: Interface 1 (alt.config 5) endpoints: isoc-in=0x83, isoc-out=0x3; wMaxPacketSize=49; nframes=6, buffer size=294\nums0: \u003cRazer Razer 1600dpi Mouse, class 0/0, rev 2.00/21.00, addr 2\u003e on uhub1\nums0: 7 buttons and Z dir.\nukbd0: \u003cDell Dell USB Keyboard, class 0/0, rev 1.10/3.06, addr 3\u003e on uhub1\nkbd0 at ukbd0\nTimecounter \"TSC\" frequency 2997020286 Hz quality 800\nTimecounters tick every 1.000 msec\nad0: 238474MB \u003cSAMSUNG SP2504C VT100-50\u003e at ata0-master SATA300\nad8: 6105MB \u003cSAMSUNG SV0644A JC201-12\u003e at ata4-master UDMA33\nacd0: DVDR \u003cHL-DT-ST DVDRAM GSA-H10N/JL10\u003e at ata4-slave UDMA33\npcm0: \u003cHDA Codec: Realtek ALC885\u003e\npcm0: \u003cHDA Driver Revision: 20080420_0052\u003e\nacd0: FAILURE - INQUIRY ILLEGAL REQUEST asc=0x24 ascq=0x00 sks=0x40 0x00 0x01\nacd0: FAILURE - INQUIRY ILLEGAL REQUEST asc=0x24 ascq=0x00 sks=0x40 0x00 0x01\nWARNING: WITNESS option enabled, expect reduced performance.\ncd0 at ata4 bus 0 target 1 lun 0\ncd0: \u003cHL-DT-ST DVDRAM GSA-H10N JL10\u003e Removable CD-ROM SCSI-0 device \ncd0: 33.000MB/s transfers\ncd0: cd present [344984 x 2048 byte records]\nTrying to mount root from ufs:/dev/ad8s1a\nWARNING: / was not properly dismounted\nLoading configuration files.\nkernel dumps on /dev/ad0s1b\nEntropy harvesting:\n interrupts\n ethernet\n point_to_point\n kickstart\nDOT\nswapon: adding /dev/ad0s1b as swap device\nStarting file system checks:\n/dev/ad8s1a: 13332 files, 368195 used, 2657168 free (8032 frags, 331142 blocks, 0.3% fragmentation)\n/dev/ad0s1a: DEFER FOR BACKGROUND CHECKING\nSetting hostuuid: 00000000-0000-0000-0000-001a4d4bb4eb.\nSetting hostid: 0x52f33628.\nMounting local file systems:\nWARNING: /usr was not properly dismounted\nDOT\nSetting hostname: moshnroll.\nkern.sync_on_panic: \n0\n -\u003e \n1\n\nkern.ipc.shmmax: \n33554432\n -\u003e \n67108864\n\nkern.ipc.shmall: \n8192\n -\u003e \n32768\n\nvfs.usermount: \n0\n -\u003e \n1\n\nnet.inet.tcp.blackhole: \n0\n -\u003e \n1\n\nkern.ipc.shm_allow_removed: \n0\n -\u003e \n1\n\n/etc/rc: WARNING: Values of network_interfaces other than AUTO are deprecated\nath0: flags=8843\u003cUP,BROADCAST,RUNNING,SIMPLEX,MULTICAST\u003e metric 0 mtu 1500\n\tether 00:0f:b5:82:07:c8\n\tinet 192.168.1.10 netmask 0xffffff00 broadcast 192.168.1.255\n\tmedia: IEEE 802.11 Wireless Ethernet DS/11Mbps mode 11b (DS/11Mbps)\n\tstatus: no carrier\n\tssid cookiebox channel 11 (2462 Mhz 11g)\n\tauthmode SHARED privacy ON deftxkey 1 wepkey 1:104-bit\n\twepkey 2:104-bit wepkey 3:104-bit wepkey 4:104-bit txpower 31.5\n\tbmiss 7 scanvalid 60 bgscan bgscanintvl 300 bgscanidle 250\n\troam:rssi11g 7 roam:rate11g 5 protmode CTS burst\nlo0: flags=8049\u003cUP,LOOPBACK,RUNNING,MULTICAST\u003e metric 0 mtu 16384\n\tinet 127.0.0.1 netmask 0xff000000 \nadd net default: gateway 192.168.1.1\nAdditional routing options:\n ignore ICMP redirect=YES\n log ICMP redirect=YES\nDOT\nStarting devd.\nWARNING: attempt to net_add_domain(bluetooth) after domainfinalize()\nWARNING: attempt to net_add_domain(netgraph) after domainfinalize()\ndiscon_compl:  - invalid connection handle=42\nStarting ums0 moused:\nDOT\nConfiguring keyboard:\n keymap\n keyrate\n keybell\nDOT\nhw.acpi.cpu.cx_lowest: \nC1\n -\u003e \nC1\n\nAdditional IP options:\n drop SYN+FIN packets=YES\nDOT\nMounting NFS file systems:\nDOT\nELF ldconfig path: /lib /usr/lib /usr/lib/compat /usr/local/lib /usr/local/lib/compat/pkg /usr/local/lib /usr/local/lib/compat /usr/local/lib/compat/pkg /usr/local/lib/qt4 /usr/local/lib/wine\na.out ldconfig path: /usr/lib/aout /usr/lib/compat/aout\nClearing /tmp.\nCreating and/or trimming log files:\nDOT\nStarting syslogd.\nChecking for core dump on /dev/ad0s1b...\nsavecore: reboot after panic: sblastmbufchk from /usr/src/sys/kern/uipc_sockbuf.c:794\nAug 22 17:54:47 moshnroll savecore: reboot after panic: sblastmbufchk from /usr/src/sys/kern/uipc_sockbuf.c:794\nsavecore: writing core to vmcore.0\nInitial i386 initialization:\nDOT\nAdditional ABI support:\n linux\nDOT\nSetting date via ntp.\nError : hostname nor servname provided, or not known\n22 Aug 17:55:46 \nntpdate[592]: can't find host rustime01.rus.uni-stuttgart.de\n\n22 Aug 17:55:46 \nntpdate[592]: no servers can be used, exiting\nStarting hcsecd.\nStarting local daemons:\nDOT\nUpdating motd\nDOT\nMounting late file systems:\nDOT\nStarting powerd.\nStarting sdpd.\nStarting smartd.\nStarting musicpd.\nAvahi: Failed to create client: Daemon not running\nStarting fetchmail.\nfetchmail: no mailservers have been specified.\nStarting cupsd.\nConfiguring syscons:\n keymap\n keyrate\n keybell\n cursor\n font8x16\n font8x14\n font8x8\n blanktime\nDOT\nStarting cron.\nLocal package initialization:\nDOT\nStarting background file system checks in 60 seconds.\n\nFri
Aug 22 17:55:52 CEST 2008\nath0: link state changed to UP\n--- dmesg ends here ---\n\n--- crash begins here ---\nGNU gdb 6.1.1 [FreeBSD]\nCopyright 2004 Free Software Foundation, Inc.\nGDB is free software, covered by the GNU General Public License, and you are\nwelcome to change it and/or distribute copies of it under certain conditions.\nType \"show copying\" to see the conditions.\nThere is absolutely no warranty for GDB.  Type \"show warranty\" for details.\nThis GDB was configured as \"i386-marcel-freebsd\"...\n\nUnread portion of the kernel message buffer:\nsblastmbufchk: sb_mb 0xc91a5300 sb_mbtail 0 last 0xc91a5300\npacket tree:\n\t0xc91a5300 \npanic: sblastmbufchk from /usr/src/sys/kern/uipc_sockbuf.c:794\ncpuid = 0\nSyncing disks, buffers remaining... 7171 7168 7168 7168 7168 7168 7168 7167 7169 7167 7167 7167 7167 7167 7167 7167 7167 7167 7167 7167 7167 7167 7167 7167 7167 7167 7167 7167 7167 \nGiving up on 7167 buffers\nUptime: 2d18h9m43s\nPhysical memory: 2030 MB\nDumping 231 MB: 216 200 184 168 152 136 120 104 88 72 56 40 24 8\nDump complete\npanic: 5 vncache entries remaining\ncpuid = 0\nUptime: 2d18h9m47s\nPhysical memory: 2030 MB\nDumping 231 MB: 216 200 184 168 152 136 120 104 88 72 56 40 24 8\n\nReading symbols from /boot/kernel/cd9660.ko...Reading symbols from /boot/kernel/cd9660.ko.symbols...done.\ndone.\nLoaded symbols for /boot/kernel/cd9660.ko\nReading symbols from /boot/kernel/linprocfs.ko...Reading symbols from /boot/kernel/linprocfs.ko.symbols...done.\ndone.\nLoaded symbols for /boot/kernel/linprocfs.ko\nReading symbols from /boot/kernel/pseudofs.ko...Reading symbols from /boot/kernel/pseudofs.ko.symbols...done.\ndone.\nLoaded symbols for /boot/kernel/pseudofs.ko\nReading symbols from /boot/kernel/linux.ko...Reading symbols from /boot/kernel/linux.ko.symbols...done.\ndone.\nLoaded symbols for /boot/kernel/linux.ko\nReading symbols from /boot/kernel/procfs.ko...Reading symbols from /boot/kernel/procfs.ko.symbols...done.\ndone.\nLoaded symbols for /boot/kernel/procfs.ko\nReading symbols from /boot/kernel/sound.ko...Reading symbols from /boot/kernel/sound.ko.symbols...done.\ndone.\nLoaded symbols for /boot/kernel/sound.ko\nReading symbols from /boot/kernel/snd_hda.ko...Reading symbols from /boot/kernel/snd_hda.ko.symbols...done.\ndone.\nLoaded symbols for /boot/kernel/snd_hda.ko\nReading symbols from /boot/kernel/ums.ko...Reading symbols from /boot/kernel/ums.ko.symbols...done.\ndone.\nLoaded symbols for /boot/kernel/ums.ko\nReading symbols from /boot/kernel/umass.ko...Reading symbols from /boot/kernel/umass.ko.symbols...done.\ndone.\nLoaded symbols for /boot/kernel/umass.ko\nReading symbols from /boot/kernel/cam.ko...Reading symbols from /boot/kernel/cam.ko.symbols...done.\ndone.\nLoaded symbols for /boot/kernel/cam.ko\nReading symbols from /boot/kernel/random.ko...Reading symbols from /boot/kernel/random.ko.symbols...done.\ndone.\nLoaded symbols for /boot/kernel/random.ko\nReading symbols from /boot/kernel/wlan_wep.ko...Reading symbols from /boot/kernel/wlan_wep.ko.symbols...done.\ndone.\nLoaded symbols for /boot/kernel/wlan_wep.ko\nReading symbols from /boot/kernel/wlan_scan_sta.ko...Reading symbols from /boot/kernel/wlan_scan_sta.ko.symbols...done.\ndone.\nLoaded symbols for /boot/kernel/wlan_scan_sta.ko\nReading symbols from /boot/kernel/ng_ubt.ko...Reading symbols from /boot/kernel/ng_ubt.ko.symbols...done.\ndone.\nLoaded symbols for /boot/kernel/ng_ubt.ko\nReading symbols from /boot/kernel/netgraph.ko...Reading symbols from /boot/kernel/netgraph.ko.symbols...done.\ndone.\nLoaded symbols for /boot/kernel/netgraph.ko\nReading symbols from /boot/kernel/atapicam.ko...Reading symbols from /boot/kernel/atapicam.ko.symbols...done.\ndone.\nLoaded symbols for /boot/kernel/atapicam.ko\nReading symbols from /boot/kernel/acpi.ko...Reading symbols from /boot/kernel/acpi.ko.symbols...done.\ndone.\nLoaded symbols for /boot/kernel/acpi.ko\nReading symbols from /boot/kernel/ng_bluetooth.ko...Reading symbols from /boot/kernel/ng_bluetooth.ko.symbols...done.\ndone.\nLoaded symbols for /boot/kernel/ng_bluetooth.ko\nReading symbols from /boot/kernel/ng_hci.ko...Reading symbols from /boot/kernel/ng_hci.ko.symbols...done.\ndone.\nLoaded symbols for /boot/kernel/ng_hci.ko\nReading symbols from /boot/kernel/ng_l2cap.ko...Reading symbols from /boot/kernel/ng_l2cap.ko.symbols...done.\ndone.\nLoaded symbols for /boot/kernel/ng_l2cap.ko\nReading symbols from /boot/kernel/ng_btsocket.ko...Reading symbols from /boot/kernel/ng_btsocket.ko.symbols...done.\ndone.\nLoaded symbols for /boot/kernel/ng_btsocket.ko\nReading symbols from /boot/kernel/ng_socket.ko...Reading symbols from /boot/kernel/ng_socket.ko.symbols...done.\ndone.\nLoaded symbols for /boot/kernel/ng_socket.ko\nReading symbols from /boot/modules/nvidia.ko...done.\nLoaded symbols for /boot/modules/nvidia.ko\n#0  doadump () at pcpu.h:195\n\tin pcpu.h\n(kgdb) bt\n#0  doadump () at pcpu.h:195\n#1  0xc04daa4e in boot (howto=260) at /usr/src/sys/kern/kern_shutdown.c:418\n#2  0xc04dac7c in panic (fmt=) at /usr/src/sys/kern/kern_shutdown.c:572\n#3  0xc07d73e4 in pfs_vncache_unload () at /usr/src/sys/modules/pseudofs/../../fs/pseudofs/pseudofs_vncache.c:102\n#4  0xc07d6515 in pfs_modevent (mod=0xc54b8280, evt=2, arg=0x0) at /usr/src/sys/modules/pseudofs/../../fs/pseudofs/pseudofs.c:438\n#5  0xc04cd318 in module_shutdown (arg1=0x0, arg2=) at /usr/src/sys/kern/kern_module.c:105\n#6  0xc04daaef in boot (howto=256) at /usr/src/sys/kern/kern_shutdown.c:421\n#7  0xc04dac7c in panic (fmt=) at /usr/src/sys/kern/kern_shutdown.c:572\n#8  0xc052d79b in sblastmbufchk (sb=0x0, file=0xc06838ad \"/usr/src/sys/kern/uipc_sockbuf.c\", line=794) at /usr/src/sys/kern/uipc_sockbuf.c:425\n#9  0xc052eed0 in sbcompress (sb=0xc8cb11f0, m=0x0, n=0xc91a5300) at /usr/src/sys/kern/uipc_sockbuf.c:794\n#10 0xc052eff0 in sbappendrecord_locked (sb=0xc8cb11f0, m0=0xc91a5300) at /usr/src/sys/kern/uipc_sockbuf.c:599\n#11 0xc052f041 in sbappendrecord (sb=0xc8cb11f0, m0=0xc91a5300) at /usr/src/sys/kern/uipc_sockbuf.c:610\n#12 0xc5a2f8fe in ng_btsocket_l2cap_input (context=0x0, pending=1) at /usr/src/sys/modules/netgraph/bluetooth/socket/../../../../netgraph/bluetooth/socket/ng_btsocket_l2cap.c:1458\n#13 0xc050cd1b in taskqueue_run (queue=0xc556b500) at /usr/src/sys/kern/subr_taskqueue.c:282\n#14 0xc050cf53 in taskqueue_swi_giant_run (dummy=0x0) at /usr/src/sys/kern/subr_taskqueue.c:336\n#15 0xc04be975 in ithread_loop (arg=0xc55d7160) at /usr/src/sys/kern/kern_intr.c:1088\n#16 0xc04bc258 in fork_exit (callout=0xc04be7b0 \u003cithread_loop\u003e, arg=0xc55d7160, frame=0xe5b12d38) at /usr/src/sys/kern/kern_fork.c:781\n#17 0xc06348b0 in fork_trampoline () at /usr/src/sys/i386/i386/exception.s:205\n--- crash ends here ---\n\n--- ARUNDEL begins here ---\ncpu\t\tI686_CPU\nident\t\tARUNDEL\n#maxusers\t10\nmakeoptions\tDEBUG=-g\n#makeoptions\tCONF_CFLAGS=-fno-builtin\n#options\t\tMPTABLE_FORCE_HTT\t# Enable HTT CPUs with the MP Table\n#options\t\tCPU_SUSP_HLT\n#options\t\tCPU_UPGRADE_HW_CACHE\n#options\t\tCPU_FASTER_5X86_FPU\noptions\t\tATA_STATIC_ID\n\n#options\t\tMSDOSFS\n#options\t\tCD9660\n#options\t\tUSB_DEBUG\n#options\t\tTCP_DROP_SYNFIN\t\t#drop TCP packets with SYN+FIN\n#options\t\tHZ=100\n\n#options\t\tPREEMPTION\n#options\t\tIPI_PREEMPTION\n\noptions\t\tSCHED_4BSD\t\t#4BSD scheduler\n#options\t\tSCHED_ULE\noptions \tINET\t\t\t#InterNETworking\noptions \tFFS\t\t\t#Berkeley Fast Filesystem\noptions \tSOFTUPDATES\t\t#Enable FFS soft updates support\noptions \tUFS_DIRHASH\t\t#Improve performance on big directories\noptions\t\tCOMPAT_43\t\t#Compatible with BSD 4.3 [KEEP THIS!]\noptions\t\tCOMPAT_43TTY\t\t#Compatible with BSD 4.3 [KEEP THIS!]\noptions\t\tCOMPAT_FREEBSD4\t\t#Compatible with FreeBSD4\noptions\t\tCOMPAT_FREEBSD5\t\t#Compatible with FreeBSD5\noptions\t\tCOMPAT_FREEBSD6\t\t#Compatible with FreeBSD6\n\noptions\t\tSC_HISTORY_SIZE=1000\t#number of history buffer lines\n#options\t\tKDB\t\t\t#Compile with kernel debugger related code\n#options\t\tKDB_TRACE\t\t#Print a stack trace of the current thread on the console for a panic.\n#options \tKTRACE\t\t\t#ktrace(1) support\n#options\t\tDDB\noptions\t\tINVARIANTS\noptions\t\tINVARIANT_SUPPORT\noptions\t\tSOCKBUF_DEBUG\noptions\t\tWITNESS\noptions\t\tWITNESS_SKIPSPIN\noptions \tSYSVSHM\t\t\t#SYSV-style shared memory\noptions \tSYSVMSG\t\t\t#SYSV-style message queues\noptions \tSYSVSEM\t\t\t#SYSV-style semaphores\noptions \t_KPOSIX_PRIORITY_SCHEDULING # POSIX P1003_1B real-time extensions\noptions \tKBD_INSTALL_CDEV\t#install a CDEV entry in /dev\noptions\t\tUKBD_DFLT_KEYMAP\t#specify the built-in keymap\nmakeoptions\tUKBD_DFLT_KEYMAP=\"german.iso\"\n#options\t\tAUTO_EOI_1\n#options\t\tAUTO_EOI_2\n#options         ADAPTIVE_GIANT          # Giant mutex is adaptive.\n#options         STOP_NMI                # Stop CPUS using NMI instead of IPI\n\n\noptions\t\tSMP\t\t\t# Symmetric MultiProcessor Kernel\ndevice\t\tapic\t\t\t# I/O APIC\n\n\n#devices\ndevice\t\teisa\ndevice\t\tpci\ndevice\t\tata\ndevice\t\tatadisk\ndevice\t\tatapicd\ndevice\t\tusb\ndevice\t\tuhci\ndevice\t\tehci\ndevice\t\tvga\ndevice\t\tsc\ndevice\t\tukbd\ndevice\t\tulpt\ndevice\t\tath\ndevice\t\tath_hal\ndevice\t\tath_rate_sample\ndevice\t\twlan\ndevice\t\tcpufreq\ndevice\t\tcoretemp\n\n#pseudo devices\ndevice\t\tloop\ndevice\t\tether\ndevice\t\tpty\n--- ARUNDEL ends here ---\n\n--- ps begins here ---\nUSER      PID %CPU %MEM   VSZ   RSS  TT  STAT STARTED      TIME COMMAND\nroot       10 78,9  0,0     0     8  ??  RL    5:54pm  12:54,60 [idle: cpu0]\nroot      874  7,1  1,9 311952 39548  v0  S     5:56pm   0:33,92 X :0 -auth /home/arundel/.serverauth.855 (Xorg)\narundel   716  0,4  0,3  9288  6460  ??  S     5:55pm   0:27,85 /usr/local/bin/mpd /usr/local/etc/mpd.conf\nroot       30  0,1  0,0     0     8  ??  RL    5:54pm   0:10,86 [irq22: pcm0]\nroot      946  0,0  0,6 14436 12000  ??  Ss    6:01pm   0:02,30 xterm\nroot        0  0,0  0,0     0     0  ??  WLs   5:54pm   0:00,00 [swapper]\nroot        1  0,0  0,0  1888   448  ??  ILs   5:54pm   0:00,01 /sbin/init --\nroot        2  0,0  0,0     0     8  ??  DL    5:54pm   0:00,17 [g_event]\nroot        3  0,0  0,0     0     8  ??  DL    5:54pm   0:08,86 [g_up]\nroot        4  0,0  0,0     0     8  ??  DL    5:54pm   0:06,24 [g_down]\nroot        5  0,0  0,0     0     8  ??  DL    5:54pm   0:00,00 [acpi_task_0]\nroot        6  0,0  0,0     0     8  ??  DL    5:54pm   0:00,00 [acpi_task_1]\nroot        7  0,0  0,0     0     8  ??  DL    5:54pm   0:00,00 [acpi_task_2]\nroot        8  0,0  0,0     0     8  ??  DL    5:54pm   0:00,00 [kqueue taskq]\nroot        9  0,0  0,0     0     8  ??  DL    5:54pm   0:00,00 [xpt_thrd]\nroot       11  0,0  0,0     0     8  ??  WL    5:54pm   0:00,10 [swi1: net]\nroot       12  0,0  0,0     0     8  ??  RL    5:54pm   0:03,43 [swi4: clock]\nroot       13  0,0  0,0     0     8  ??  WL    5:54pm   0:00,00 [swi3: vm]\nroot       14  0,0  0,0     0     8  ??  DL    5:54pm   0:00,54 [yarrow]\nroot       15  0,0  0,0     0     8  ??  WL    5:54pm   0:00,00 [swi6: Giant taskq]\nroot       16  0,0  0,0     0     8  ??  WL    5:54pm   0:00,00 [swi6: task queue]\nroot       17  0,0  0,0     0     8  ??  WL    5:54pm   0:00,00 [swi5: +]\nroot       18  0,0  0,0     0     8  ??  WL    5:54pm   0:00,00 [swi2: cambio]\nroot       19  0,0  0,0     0     8  ??  DL    5:54pm   0:00,00 [thread taskq]\nroot       20  0,0  0,0     0     8  ??  WL    5:54pm   0:00,00 [irq9: acpi0]\nroot       21  0,0  0,0     0     8  ??  WL    5:54pm   0:00,32 [irq16: nvidia0+]\nroot       22  0,0  0,0     0     8  ??  DL    5:54pm   0:00,00 [usb0]\nroot       23  0,0  0,0     0     8  ??  DL    5:54pm   0:00,00 [usbtask-hc]\nroot       24  0,0  0,0     0     8  ??  DL    5:54pm   0:00,00 [usbtask-dr]\nroot       25  0,0  0,0     0     8  ??  WL    5:54pm   0:00,47 [irq21: uhci1]\nroot       26  0,0  0,0     0     8  ??  DL    5:54pm   0:00,00 [usb1]\nroot       27  0,0  0,0     0     8  ??  WL    5:54pm   0:00,00 [irq18: uhci2 ehci+]\nroot       28  0,0  0,0     0     8  ??  DL    5:54pm   0:00,00 [usb2]\nroot       29  0,0  0,0     0     8  ??  DL    5:54pm   0:00,00 [usb3]\nroot       31  0,0  0,0     0     8  ??  WL    5:54pm   0:01,68 [irq19: ath0 uhci4*]\nroot       32  0,0  0,0     0     8  ??  WL    5:54pm   0:00,00 [irq23: uhci3 ehci1]\nroot       33  0,0  0,0     0     8  ??  DL    5:54pm   0:00,00 [usb4]\nroot       34  0,0  0,0     0     8  ??  DL    5:54pm   0:00,00 [usb5]\nroot       35  0,0  0,0     0     8  ??  DL    5:54pm   0:00,00 [usb6]\nroot       36  0,0  0,0     0     8  ??  DL    5:54pm   0:00,00 [usb7]\nroot       37  0,0  0,0     0     8  ??  DL    5:54pm   0:01,27 [ath0 taskq]\nroot       38  0,0  0,0     0     8  ??  WL    5:54pm   0:03,42 [irq14: ata0]\nroot       39  0,0  0,0     0     8  ??  WL    5:54pm   0:00,00 [irq15: ata1]\nroot       40  0,0  0,0     0     8  ??  DL    5:54pm   0:00,00 [pagedaemon]\nroot       41  0,0  0,0     0     8  ??  DL    5:54pm   0:00,00 [vmdaemon]\nroot       42  0,0  0,0     0     8  ??  DL    5:54pm   0:00,00 [pagezero]\nroot       43  0,0  0,0     0     8  ??  DL    5:54pm   0:01,57 [bufdaemon]\nroot       44  0,0  0,0     0     8  ??  DL    5:54pm   0:00,38 [syncer]\nroot       45  0,0  0,0     0     8  ??  DL    5:54pm   0:00,02 [vnlru]\nroot       46  0,0  0,0     0     8  ??  DL    5:54pm   0:00,74 [softdepflush]\nroot       47  0,0  0,0     0     8  ??  DL    5:54pm   0:00,16 [schedcpu]\nroot      184  0,0  0,0  1368   796  ??  Is    5:54pm   0:00,00 adjkerntz -i\nroot      401  0,0  0,1  3256  1088  ??  Ss    5:54pm   0:04,47 /usr/sbin/moused -z4 -r 1600 -a 0.2,0.2 -F 6400 -p /dev/ums0 -t auto -I /var/run/moused.ums0.pid\nroot      461  0,0  0,0  1888   544  ??  Is    5:54pm   0:00,00 /sbin/devd\nroot      579  0,0  0,1  3172  1232  ??  Ss    5:54pm   0:00,02 /usr/sbin/syslogd -s\nroot      640  0,0  0,0  3128  1012  ??  Is    5:55pm   0:00,00 /usr/sbin/hcsecd -f /etc/bluetooth/hcsecd.conf\nroot      673  0,0  0,0  3172  1008  ??  Ss    5:55pm   0:00,91 /usr/sbin/powerd\nnobody    683  0,0  0,1  3116  1148  ??  Is    5:55pm   0:00,00 /usr/sbin/sdpd -c /var/run/sdp -g nobody -u nobody\nroot      699  0,0  0,1  4292  2036  ??  I     5:55pm   0:00,01 /usr/local/sbin/smartd -p /var/run/smartd.pid -c /usr/local/etc/smartd.conf\narundel   712  0,0  0,2  9288  3928  ??  S     5:55pm   0:00,29 /usr/local/bin/mpd /usr/local/etc/mpd.conf\narundel   714  0,0  0,3  9288  5928  ??  S     5:55pm   0:02,50 /usr/local/bin/mpd /usr/local/etc/mpd.conf\nroot      727  0,0  0,1  5868  3012  ??  Ss    5:55pm   0:00,04 sendmail: accepting connections (sendmail)\nsmmsp     733  0,0  0,2  5868  3124  ??  Is    5:55pm   0:00,00 sendmail: Queue runner@00:30:00 for /var/spool/clientmqueue (sendmail)\nroot      757  0,0  0,2  5340  3400  ??  Is    5:55pm   0:00,02 /usr/local/sbin/cupsd\nroot      782  0,0  0,1  3200  1288  ??  Is    5:55pm   0:00,01 /usr/sbin/cron -s\narundel   840  0,0  0,1  6048  2544  ??  Is    5:55pm   0:00,11 /usr/local/bin/fetchmail\nroot      842  0,0  0,1  5776  2484  ??  Is    5:55pm   0:00,25 /usr/local/bin/scmpc --config-file /home/arundel/.scmpcrc\nroot      844  0,0  0,1  4772  1704  ??  Is    5:55pm   0:00,00 /usr/local/bin/obexapp -u arundel -r /var/spool/obex -s -C1\nroot      884  0,0  0,6 14436 11904  ??  Ss    5:56pm   0:01,46 xterm\narundel   908  0,0  0,1  3452  1476  ??  Is    5:59pm   0:00,06 /bin/sh /usr/local/bin/firefox3\narundel   912  0,0  0,1  3452  1512  ??  I     5:59pm   0:00,03 /bin/sh /usr/local/lib/firefox3/run-mozilla.sh /usr/local/lib/firefox3/firefox-bin\narundel   917  0,0  3,4 84620 71296  ??  I     5:59pm   0:37,97 /usr/local/lib/firefox3/firefox-bin\narundel   919  0,0  0,2  6008  3252  ??  S     5:59pm   0:00,09 /usr/local/libexec/gconfd-2 16\nroot      971  0,0  0,6 14436 11992  ??  Ss    6:04pm   0:00,41 xterm\nroot      845  0,0  0,1  3612  1624  v0  Is    5:55pm   0:00,12 login [pam] (login)\narundel   853  0,0  0,1  4384  2304  v0  I     5:56pm   0:00,08 -bash (bash)\narundel   855  0,0  0,1  3452  1476  v0  I+    5:56pm   0:00,04 /bin/sh /usr/local/bin/startx\narundel   873  0,0  0,1  4124  1492  v0  I+    5:56pm   0:00,01 xinit /home/arundel/.xinitrc -- -auth /home/arundel/.serverauth.855\narundel   879  0,0  0,1  3488  1456  v0  I     5:56pm   0:00,00 sh /home/arundel/.xinitrc\narundel   882  0,0  0,5 15352 11076  v0  S     5:56pm   0:01,89 /usr/local/bin/awesome\nroot      846  0,0  0,1  3172  1080  v1  Is+   5:55pm   0:00,00 /usr/libexec/getty Pc ttyv1\nroot      847  0,0  0,1  3172  1080  v2  Is+   5:55pm   0:00,00 /usr/libexec/getty Pc ttyv2\nroot      848  0,0  0,1  3172  1080  v3  Is+   5:55pm   0:00,00 /usr/libexec/getty Pc ttyv3\nroot      849  0,0  0,1  3172  1080  v4  Is+   5:55pm   0:00,00 /usr/libexec/getty Pc ttyv4\nroot      850  0,0  0,1  3172  1080  v5  Is+   5:55pm   0:00,00 /usr/libexec/getty Pc ttyv5\nroot      851  0,0  0,1  3172  1080  v6  Is+   5:55pm   0:00,00 /usr/libexec/getty Pc ttyv6\nroot      852  0,0  0,1  3172  1080  v7  Is+   5:55pm   0:00,00 /usr/libexec/getty Pc ttyv7\narundel   886  0,0  0,1  4384  2352  p0  Is    5:56pm   0:00,08 -bash (bash)\narundel   906  0,0  0,1  3368  1804  p0  I+    5:58pm   0:00,10 edit crash\narundel   948  0,0  0,1  4384  2348  p1  Ss    6:01pm   0:00,14 -bash (bash)\narundel  1110  0,0  0,1  3268  1208  p1  R+    6:10pm   0:00,02 ps aux\narundel   973  0,0  0,1  4384  2348  p2  Is+   6:04pm   0:00,04 -bash (bash)\n--- ps ends here ---\n\ncheers.\n\u003eHow-To-Repeat:\n\n\u003eFix:"
}