{
 "id": 1136476,
 "bug_id": 251836,
 "attachment_id": 0,
 "creation_time": "2020-12-15T09:11:11Z",
 "creator": "n.diablo.n.f@list.ru",
 "text": "At the moment I cannot show all information about the system with the port xf86-video-intel version 2.99.917.912_1,1, because this is a working machine. But here is the information at which everything works fine. Previously, Horg worked through modesetting, but after updating the mes to version 20.2.3, Plasma 5 stopped loading and I had to switch to xf86-video-intel. However, when I tried to update xf86-video-intel to version 2.99.917.912_1,1 Plasama 5 began to freeze like when using modesetting. The only difference is in the included Iris engine.\n\n% uname -a\nFreeBSD vnflaptopmi.makmobile 12.2-RELEASE FreeBSD 12.2-RELEASE r366954 GENERIC  amd64\n\n% pkg info xorg mesa-dri mesa-libs xf86-video-intel drm-kmod drm-fbsd12.0-kmod\nxorg-7.7_3\nmesa-dri-20.2.3\nmesa-libs-20.2.3\nxf86-video-intel-2.99.917.912,1\ndrm-kmod-g20190710\ndrm-fbsd12.0-kmod-4.16.g20201016\n\n% /var/log/messagaes \nDec 15 09:46:10 vnflaptopmi kernel: CPU: Intel(R) Core(TM) i7-8550U CPU @ 1.80GHz (1992.10-MHz K8-class CPU)\nDec 15 09:46:10 vnflaptopmi kernel:   Origin=\"GenuineIntel\"  Id=0x806ea  Family=0x6  Model=0x8e  Stepping=10\nDec 15 09:46:10 vnflaptopmi kernel:   Features=0xbfebfbff\u003cFPU,VME,DE,PSE,TSC,MSR,PAE,MCE,CX8,APIC,SEP,MTRR,PGE,MCA,CMOV,PAT,PSE36,CLFLUSH,DTS,ACPI,MMX,FX\nDec 15 09:46:10 vnflaptopmi kernel:   Features2=0x7ffafbbf\u003cSSE3,PCLMULQDQ,DTES64,MON,DS_CPL,VMX,EST,TM2,SSSE3,SDBG,FMA,CX16,xTPR,PDCM,PCID,SSE4.1,SSE4.2,\nDec 15 09:46:10 vnflaptopmi kernel:   AMD Features=0x2c100800\u003cSYSCALL,NX,Page1GB,RDTSCP,LM\u003e\nDec 15 09:46:10 vnflaptopmi kernel:   AMD Features2=0x121\u003cLAHF,ABM,Prefetch\u003e\nDec 15 09:46:10 vnflaptopmi kernel:   Structured Extended Features=0x29c67af\u003cFSGSBASE,TSCADJ,SGX,BMI1,AVX2,SMEP,BMI2,ERMS,INVPCID,NFPUSG,MPX,RDSEED,ADX,S\nDec 15 09:46:10 vnflaptopmi kernel:   Structured Extended Features3=0xc000000\u003cIBPB,STIBP\u003e\nDec 15 09:46:10 vnflaptopmi kernel:   XSAVE Features=0xf\u003cXSAVEOPT,XSAVEC,XINUSE,XSAVES\u003e\nDec 15 09:46:10 vnflaptopmi kernel:   VT-x: PAT,HLT,MTF,PAUSE,EPT,UG,VPID\nDec 15 09:46:10 vnflaptopmi kernel:   TSC: P-state invariant, performance statistics\nDec 15 09:46:10 vnflaptopmi kernel: real memory  = 17179869184 (16384 MB)\nDec 15 09:46:10 vnflaptopmi kernel: avail memory = 16471121920 (15708 MB)\n\n% /var/log/Xorg.0.log\n[    25.327] (II) intel(0): SNA initialized with Kabylake (gen9) backend\n[    25.327] (==) intel(0): Backing store enabled\n[    25.327] (==) intel(0): Silken mouse enabled\n[    25.328] (II) intel(0): HW Cursor enabled\n[    25.328] (==) intel(0): DPMS enabled\n[    25.328] (==) intel(0): Display hotplug detection enabled"
}