{
 "id": 769345,
 "bug_id": 183391,
 "attachment_id": 0,
 "creation_time": "2014-06-18T12:17:11Z",
 "creator": "borjam@sarenet.es",
 "text": "Alright.\n\nI installed 9.3-BETA3 on a test machine. On 9.3 it DOES NOT PANIC but, anyway, the interface freezes and it doesn't work properly.\n\n\n\nIt's cross connected to another machine using an Intel 10 Gbps adapter (ix driver).\n\nSo I did:\n\nkldload oce\nifconfig oce0 inet 10.0.0.2 netmask 255.255.255.0\n\n\nI started iperf -s on both machines. (iperf -s) (/usr/ports/benchmarks/iperf3)\n\niperf3 -N -c 10.0.0.2 -P 4 -t 120\niperf3 -N -c 10.0.0.1 -P 4 -t 120\n\nThe test started and it froze, unable to move more packets. It managed to connect and it started sending traffic.\n\nroot@pruebas:~ # iperf3 -N -c 10.0.0.1 -P 4 -t 120\nConnecting to host 10.0.0.1, port 5201\n[  4] local 10.0.0.2 port 58691 connected to 10.0.0.1 port 5201\n[  6] local 10.0.0.2 port 25671 connected to 10.0.0.1 port 5201\n[  8] local 10.0.0.2 port 30969 connected to 10.0.0.1 port 5201\n[ 10] local 10.0.0.2 port 36802 connected to 10.0.0.1 port 5201\n[ ID] Interval           Transfer     Bandwidth\n[  4]   0.00-1.00   sec   150 MBytes  1.26 Gbits/sec                  \n[  6]   0.00-1.00   sec   150 MBytes  1.25 Gbits/sec                  \n[  8]   0.00-1.00   sec   150 MBytes  1.26 Gbits/sec                  \n[ 10]   0.00-1.00   sec   150 MBytes  1.26 Gbits/sec                  \n[SUM]   0.00-1.00   sec   599 MBytes  5.02 Gbits/sec                  \n- - - - - - - - - - - - - - - - - - - - - - - - -\n[  4]   1.00-2.00   sec  0.00 Bytes  0.00 bits/sec                  \n[  6]   1.00-2.00   sec  0.00 Bytes  0.00 bits/sec                  \n[  8]   1.00-2.00   sec  0.00 Bytes  0.00 bits/sec                  \n[ 10]   1.00-2.00   sec  0.00 Bytes  0.00 bits/sec                  \n[SUM]   1.00-2.00   sec  0.00 Bytes  0.00 bits/sec                  \n- - - - - - - - - - - - - - - - - - - - - - - - -\n[  4]   2.00-3.00   sec  0.00 Bytes  0.00 bits/sec                  \n[  6]   2.00-3.00   sec  0.00 Bytes  0.00 bits/sec                  \n[  8]   2.00-3.00   sec  0.00 Bytes  0.00 bits/sec                  \n[ 10]   2.00-3.00   sec  0.00 Bytes  0.00 bits/sec                  \n[SUM]   2.00-3.00   sec  0.00 Bytes  0.00 bits/sec                  \n- - - - - - - - - - - - - - - - - - - - - - - - -\n\n\n\n\n\n\n\n\nTrying pings from 10.0.0.1 (Intel) to 10.0.0.2 (Emulex) and running tcpdump on the Emulex I saw the ARP requests coming *but* no replies.\n\nI tried to ifconfig oce0 down and up.\n\nThe ifconfig oce0 down took several seconds, showing an abnormal usage of CPU time in \"top\".\n\nThe ifconfig oce0 up is stuck in an endless loop, taking 100% CPU. It has been for several minutes.\n\n\n(top)\n  913 root          1  20    0 18344K  1932K CPU18  18   0:00 100.00% ifconfig\n\nThe second test I've done was similar, just iperf3 -s (server) on the Emulex machine, client on the Intel. Traffic froze in seconds.\n\nI am going to reboot, compile the new Emulex driver and try again.\n\nFollowup will come in a couple of hours or so.\n\n\n\n\n\n\n\n\nroot@pruebas:~ # uname -a\nFreeBSD pruebas 9.3-BETA3 FreeBSD 9.3-BETA3 #0 r267433: Fri Jun 13 01:48:48 UTC 2014     root@snap.freebsd.org:/usr/obj/usr/src/sys/GENERIC  amd64\n\n\n(from /var/log/messages after loading the oce.ko module)\n\nJun 18 13:50:13 pruebas kernel: oce0: \u003cEmulex CNA NIC function:///10.0.664.0///\u003e mem 0xdf478000-0xdf47bfff,0xdf480000-0xdf49ffff,0xdf4a0000-0xdf4bffff irq 38 at device 0.0 on pci3\nJun 18 13:50:13 pruebas kernel: oce1: \u003cEmulex CNA NIC function:///10.0.664.0///\u003e mem 0xdf47c000-0xdf47ffff,0xdf4c0000-0xdf4dffff,0xdf4e0000-0xdf4fffff irq 45 at device 0.1 on pci3\n\n(sysctl dev.oce)\nroot@pruebas:~ # sysctl dev.oce\ndev.oce.0.%desc: Emulex CNA NIC function:///10.0.664.0///\ndev.oce.0.%driver: oce\ndev.oce.0.%location: slot=0 function=0\ndev.oce.0.%pnpinfo: vendor=0x19a2 device=0x0700 subvendor=0x10df subdevice=0xe629 class=0x020000\ndev.oce.0.%parent: pci3\ndev.oce.0.component_revision: ///10.0.664.0///\ndev.oce.0.firmware_version: 2.103.397.34\ndev.oce.0.max_rsp_handled: 64\ndev.oce.0.speed: 10000\ndev.oce.0.loop_back: 0\ndev.oce.0.fw_upgrade: \ndev.oce.0.sfp_vpd_dump: 0\ndev.oce.0.stats.rx.total_pkts: 448304\ndev.oce.0.stats.rx.total_bytes: 30414856\ndev.oce.0.stats.rx.total_frags: 448304\ndev.oce.0.stats.rx.total_mcast_pkts: 0\ndev.oce.0.stats.rx.total_ucast_pkts: 448242\ndev.oce.0.stats.rx.total_rxcp_errs: 0\ndev.oce.0.stats.rx.pause_frames: 0\ndev.oce.0.stats.rx.priority_pause_frames: 0\ndev.oce.0.stats.rx.control_frames: 0\ndev.oce.0.stats.rx.queue0.rx_pkts: 448304\ndev.oce.0.stats.rx.queue0.rx_bytes: 30414856\ndev.oce.0.stats.rx.queue0.rx_frags: 448304\ndev.oce.0.stats.rx.queue0.rx_mcast_pkts: 0\ndev.oce.0.stats.rx.queue0.rx_ucast_pkts: 448242\ndev.oce.0.stats.rx.queue0.rxcp_err: 0\ndev.oce.0.stats.rx.err.crc_errs: 0\ndev.oce.0.stats.rx.err.pbuf_errors: 0\ndev.oce.0.stats.rx.err.erx_errors: 0\ndev.oce.0.stats.rx.err.alignment_errors: 0\ndev.oce.0.stats.rx.err.in_range_errors: 0\ndev.oce.0.stats.rx.err.out_range_errors: 0\ndev.oce.0.stats.rx.err.frame_too_long: 0\ndev.oce.0.stats.rx.err.address_match_errors: 0\ndev.oce.0.stats.rx.err.dropped_too_small: 0\ndev.oce.0.stats.rx.err.dropped_too_short: 0\ndev.oce.0.stats.rx.err.dropped_header_too_small: 0\ndev.oce.0.stats.rx.err.dropped_tcp_length: 0\ndev.oce.0.stats.rx.err.dropped_runt: 0\ndev.oce.0.stats.rx.err.ip_checksum_errs: 0\ndev.oce.0.stats.rx.err.tcp_checksum_errs: 0\ndev.oce.0.stats.rx.err.udp_checksum_errs: 0\ndev.oce.0.stats.rx.err.fifo_overflow_drop: 0\ndev.oce.0.stats.rx.err.input_fifo_overflow_drop: 0\ndev.oce.0.stats.tx.total_tx_pkts: 38169\ndev.oce.0.stats.tx.total_tx_bytes: 1269173326\ndev.oce.0.stats.tx.total_tx_reqs: 38169\ndev.oce.0.stats.tx.total_tx_stops: 3\ndev.oce.0.stats.tx.total_tx_wrbs: 474180\ndev.oce.0.stats.tx.total_tx_compl: 37745\ndev.oce.0.stats.tx.total_ipv6_ext_hdr_tx_drop: 0\ndev.oce.0.stats.tx.pauseframes: 0\ndev.oce.0.stats.tx.priority_pauseframes: 0\ndev.oce.0.stats.tx.controlframes: 0\ndev.oce.0.stats.tx.queue0.tx_pkts: 38169\ndev.oce.0.stats.tx.queue0.tx_bytes: 1269173326\ndev.oce.0.stats.tx.queue0.tx_reqs: 38169\ndev.oce.0.stats.tx.queue0.tx_stops: 3\ndev.oce.0.stats.tx.queue0.tx_wrbs: 474180\ndev.oce.0.stats.tx.queue0.tx_compl: 37745\ndev.oce.0.stats.tx.queue0.ipv6_ext_hdr_tx_drop: 0\ndev.oce.1.%desc: Emulex CNA NIC function:///10.0.664.0///\ndev.oce.1.%driver: oce\ndev.oce.1.%location: slot=0 function=1\ndev.oce.1.%pnpinfo: vendor=0x19a2 device=0x0700 subvendor=0x10df subdevice=0xe629 class=0x020000\ndev.oce.1.%parent: pci3\ndev.oce.1.component_revision: ///10.0.664.0///\ndev.oce.1.firmware_version: 2.103.397.34\ndev.oce.1.max_rsp_handled: 64\ndev.oce.1.speed: 10000\ndev.oce.1.loop_back: 0\ndev.oce.1.fw_upgrade: \ndev.oce.1.sfp_vpd_dump: 0\ndev.oce.1.stats.rx.total_pkts: 0\ndev.oce.1.stats.rx.total_bytes: 0\ndev.oce.1.stats.rx.total_frags: 0\ndev.oce.1.stats.rx.total_mcast_pkts: 0\ndev.oce.1.stats.rx.total_ucast_pkts: 0\ndev.oce.1.stats.rx.total_rxcp_errs: 0\ndev.oce.1.stats.rx.pause_frames: 0\ndev.oce.1.stats.rx.priority_pause_frames: 0\ndev.oce.1.stats.rx.control_frames: 0\ndev.oce.1.stats.rx.queue0.rx_pkts: 0\ndev.oce.1.stats.rx.queue0.rx_bytes: 0\ndev.oce.1.stats.rx.queue0.rx_frags: 0\ndev.oce.1.stats.rx.queue0.rx_mcast_pkts: 0\ndev.oce.1.stats.rx.queue0.rx_ucast_pkts: 0\ndev.oce.1.stats.rx.queue0.rxcp_err: 0\ndev.oce.1.stats.rx.err.crc_errs: 0\ndev.oce.1.stats.rx.err.pbuf_errors: 0\ndev.oce.1.stats.rx.err.erx_errors: 0\ndev.oce.1.stats.rx.err.alignment_errors: 0\ndev.oce.1.stats.rx.err.in_range_errors: 0\ndev.oce.1.stats.rx.err.out_range_errors: 0\ndev.oce.1.stats.rx.err.frame_too_long: 0\ndev.oce.1.stats.rx.err.address_match_errors: 0\ndev.oce.1.stats.rx.err.dropped_too_small: 0\ndev.oce.1.stats.rx.err.dropped_too_short: 0\ndev.oce.1.stats.rx.err.dropped_header_too_small: 0\ndev.oce.1.stats.rx.err.dropped_tcp_length: 0\ndev.oce.1.stats.rx.err.dropped_runt: 0\ndev.oce.1.stats.rx.err.ip_checksum_errs: 0\ndev.oce.1.stats.rx.err.tcp_checksum_errs: 0\ndev.oce.1.stats.rx.err.udp_checksum_errs: 0\ndev.oce.1.stats.rx.err.fifo_overflow_drop: 0\ndev.oce.1.stats.rx.err.input_fifo_overflow_drop: 0\ndev.oce.1.stats.tx.total_tx_pkts: 0\ndev.oce.1.stats.tx.total_tx_bytes: 0\ndev.oce.1.stats.tx.total_tx_reqs: 0\ndev.oce.1.stats.tx.total_tx_stops: 0\ndev.oce.1.stats.tx.total_tx_wrbs: 0\ndev.oce.1.stats.tx.total_tx_compl: 0\ndev.oce.1.stats.tx.total_ipv6_ext_hdr_tx_drop: 0\ndev.oce.1.stats.tx.pauseframes: 0\ndev.oce.1.stats.tx.priority_pauseframes: 0\ndev.oce.1.stats.tx.controlframes: 0\ndev.oce.1.stats.tx.queue0.tx_pkts: 0\ndev.oce.1.stats.tx.queue0.tx_bytes: 0\ndev.oce.1.stats.tx.queue0.tx_reqs: 0\ndev.oce.1.stats.tx.queue0.tx_stops: 0\ndev.oce.1.stats.tx.queue0.tx_wrbs: 0\ndev.oce.1.stats.tx.queue0.tx_compl: 0\ndev.oce.1.stats.tx.queue0.ipv6_ext_hdr_tx_drop: 0\n\nMachine information:\n\nroot@pruebas:~ # pciconf -lveV\nhostb0@pci0:0:0:0:\tclass=0x060000 card=0x02f11028 chip=0x34038086 rev=0x13 hdr=0x00\n    vendor     = 'Intel Corporation'\n    device     = '5500 I/O Hub to ESI Port'\n    class      = bridge\n    subclass   = HOST-PCI\npcib1@pci0:0:1:0:\tclass=0x060400 card=0x02f11028 chip=0x34088086 rev=0x13 hdr=0x01\n    vendor     = 'Intel Corporation'\n    device     = '5520/5500/X58 I/O Hub PCI Express Root Port 1'\n    class      = bridge\n    subclass   = PCI-PCI\npcib2@pci0:0:3:0:\tclass=0x060400 card=0x02f11028 chip=0x340a8086 rev=0x13 hdr=0x01\n    vendor     = 'Intel Corporation'\n    device     = '5520/5500/X58 I/O Hub PCI Express Root Port 3'\n    class      = bridge\n    subclass   = PCI-PCI\npcib3@pci0:0:7:0:\tclass=0x060400 card=0x02f11028 chip=0x340e8086 rev=0x13 hdr=0x01\n    vendor     = 'Intel Corporation'\n    device     = '5520/5500/X58 I/O Hub PCI Express Root Port 7'\n    class      = bridge\n    subclass   = PCI-PCI\npcib4@pci0:0:9:0:\tclass=0x060400 card=0x02f11028 chip=0x34108086 rev=0x13 hdr=0x01\n    vendor     = 'Intel Corporation'\n    device     = '5520/5500/X58 I/O Hub PCI Express Root Port 9'\n    class      = bridge\n    subclass   = PCI-PCI\npcib5@pci0:0:10:0:\tclass=0x060400 card=0x02f11028 chip=0x34118086 rev=0x13 hdr=0x01\n    vendor     = 'Intel Corporation'\n    device     = '5520/5500/X58 I/O Hub PCI Express Root Port 10'\n    class      = bridge\n    subclass   = PCI-PCI\nnone0@pci0:0:20:0:\tclass=0x080000 card=0x00000000 chip=0x342e8086 rev=0x13 hdr=0x00\n    vendor     = 'Intel Corporation'\n    device     = '5520/5500/X58 I/O Hub System Management Registers'\n    class      = base peripheral\n    subclass   = interrupt controller\nnone1@pci0:0:20:1:\tclass=0x080000 card=0x00000000 chip=0x34228086 rev=0x13 hdr=0x00\n    vendor     = 'Intel Corporation'\n    device     = '5520/5500/X58 I/O Hub GPIO and Scratch Pad Registers'\n    class      = base peripheral\n    subclass   = interrupt controller\nnone2@pci0:0:20:2:\tclass=0x080000 card=0x00000000 chip=0x34238086 rev=0x13 hdr=0x00\n    vendor     = 'Intel Corporation'\n    device     = '5520/5500/X58 I/O Hub Control Status and RAS Registers'\n    class      = base peripheral\n    subclass   = interrupt controller\nnone3@pci0:0:22:0:\tclass=0x088000 card=0x02f11028 chip=0x34308086 rev=0x13 hdr=0x00\n    vendor     = 'Intel Corporation'\n    device     = '5520/5500/X58 Chipset QuickData Technology Device'\n    class      = base peripheral\nnone4@pci0:0:22:1:\tclass=0x088000 card=0x02f11028 chip=0x34318086 rev=0x13 hdr=0x00\n    vendor     = 'Intel Corporation'\n    device     = '5520/5500/X58 Chipset QuickData Technology Device'\n    class      = base peripheral\nnone5@pci0:0:22:2:\tclass=0x088000 card=0x02f11028 chip=0x34328086 rev=0x13 hdr=0x00\n    vendor     = 'Intel Corporation'\n    device     = '5520/5500/X58 Chipset QuickData Technology Device'\n    class      = base peripheral\nnone6@pci0:0:22:3:\tclass=0x088000 card=0x02f11028 chip=0x34338086 rev=0x13 hdr=0x00\n    vendor     = 'Intel Corporation'\n    device     = '5520/5500/X58 Chipset QuickData Technology Device'\n    class      = base peripheral\nnone7@pci0:0:22:4:\tclass=0x088000 card=0x02f11028 chip=0x34298086 rev=0x13 hdr=0x00\n    vendor     = 'Intel Corporation'\n    device     = '5520/5500/X58 Chipset QuickData Technology Device'\n    class      = base peripheral\nnone8@pci0:0:22:5:\tclass=0x088000 card=0x02f11028 chip=0x342a8086 rev=0x13 hdr=0x00\n    vendor     = 'Intel Corporation'\n    device     = '5520/5500/X58 Chipset QuickData Technology Device'\n    class      = base peripheral\nnone9@pci0:0:22:6:\tclass=0x088000 card=0x02f11028 chip=0x342b8086 rev=0x13 hdr=0x00\n    vendor     = 'Intel Corporation'\n    device     = '5520/5500/X58 Chipset QuickData Technology Device'\n    class      = base peripheral\nnone10@pci0:0:22:7:\tclass=0x088000 card=0x02f11028 chip=0x342c8086 rev=0x13 hdr=0x00\n    vendor     = 'Intel Corporation'\n    device     = '5520/5500/X58 Chipset QuickData Technology Device'\n    class      = base peripheral\nuhci0@pci0:0:26:0:\tclass=0x0c0300 card=0x02f11028 chip=0x3a378086 rev=0x00 hdr=0x00\n    vendor     = 'Intel Corporation'\n    device     = '82801JI (ICH10 Family) USB UHCI Controller'\n    class      = serial bus\n    subclass   = USB\nuhci1@pci0:0:26:1:\tclass=0x0c0300 card=0x02f11028 chip=0x3a388086 rev=0x00 hdr=0x00\n    vendor     = 'Intel Corporation'\n    device     = '82801JI (ICH10 Family) USB UHCI Controller'\n    class      = serial bus\n    subclass   = USB\nehci0@pci0:0:26:7:\tclass=0x0c0320 card=0x02f11028 chip=0x3a3c8086 rev=0x00 hdr=0x00\n    vendor     = 'Intel Corporation'\n    device     = '82801JI (ICH10 Family) USB2 EHCI Controller'\n    class      = serial bus\n    subclass   = USB\nuhci2@pci0:0:29:0:\tclass=0x0c0300 card=0x02f11028 chip=0x3a348086 rev=0x00 hdr=0x00\n    vendor     = 'Intel Corporation'\n    device     = '82801JI (ICH10 Family) USB UHCI Controller'\n    class      = serial bus\n    subclass   = USB\nuhci3@pci0:0:29:1:\tclass=0x0c0300 card=0x02f11028 chip=0x3a358086 rev=0x00 hdr=0x00\n    vendor     = 'Intel Corporation'\n    device     = '82801JI (ICH10 Family) USB UHCI Controller'\n    class      = serial bus\n    subclass   = USB\nuhci4@pci0:0:29:2:\tclass=0x0c0300 card=0x02f11028 chip=0x3a368086 rev=0x00 hdr=0x00\n    vendor     = 'Intel Corporation'\n    device     = '82801JI (ICH10 Family) USB UHCI Controller'\n    class      = serial bus\n    subclass   = USB\nuhci5@pci0:0:29:3:\tclass=0x0c0300 card=0x02f11028 chip=0x3a398086 rev=0x00 hdr=0x00\n    vendor     = 'Intel Corporation'\n    device     = '82801JI (ICH10 Family) USB UHCI Controller'\n    class      = serial bus\n    subclass   = USB\nehci1@pci0:0:29:7:\tclass=0x0c0320 card=0x02f11028 chip=0x3a3a8086 rev=0x00 hdr=0x00\n    vendor     = 'Intel Corporation'\n    device     = '82801JI (ICH10 Family) USB2 EHCI Controller'\n    class      = serial bus\n    subclass   = USB\npcib6@pci0:0:30:0:\tclass=0x060401 card=0x02f11028 chip=0x244e8086 rev=0x90 hdr=0x01\n    vendor     = 'Intel Corporation'\n    device     = '82801 PCI Bridge'\n    class      = bridge\n    subclass   = PCI-PCI\nisab0@pci0:0:31:0:\tclass=0x060100 card=0x02f11028 chip=0x3a168086 rev=0x00 hdr=0x00\n    vendor     = 'Intel Corporation'\n    device     = '82801JIR (ICH10R) LPC Interface Controller'\n    class      = bridge\n    subclass   = PCI-ISA\nbce0@pci0:1:0:0:\tclass=0x020000 card=0x02f11028 chip=0x163b14e4 rev=0x20 hdr=0x00\n    vendor     = 'Broadcom Corporation'\n    device     = 'NetXtreme II BCM5716 Gigabit Ethernet'\n    class      = network\n    subclass   = ethernet\n  PCI-e errors = Correctable Error Detected\n                 Unsupported Request Detected\n     Corrected = Advisory Non-Fatal Error\n    VPD ident  = 'Broadcom NetXtreme II Ethernet Controller'\n    VPD ro PN  = 'BCM95716C1'\n    VPD ro EC  = '220197-3'\n    VPD ro SN  = '0123456789'\n    VPD ro MN  = '1028'\n    VPD ro V0  = '6.2.12'\nbce1@pci0:1:0:1:\tclass=0x020000 card=0x02f11028 chip=0x163b14e4 rev=0x20 hdr=0x00\n    vendor     = 'Broadcom Corporation'\n    device     = 'NetXtreme II BCM5716 Gigabit Ethernet'\n    class      = network\n    subclass   = ethernet\n  PCI-e errors = Correctable Error Detected\n                 Unsupported Request Detected\n     Corrected = Advisory Non-Fatal Error\n    VPD ident  = 'Broadcom NetXtreme II Ethernet Controller'\n    VPD ro PN  = 'BCM95716C1'\n    VPD ro EC  = '220197-3'\n    VPD ro SN  = '0123456789'\n    VPD ro MN  = '1028'\n    VPD ro V0  = '6.2.12'\nmps0@pci0:2:0:0:\tclass=0x010700 card=0x1f1e1028 chip=0x00721000 rev=0x02 hdr=0x00\n    vendor     = 'LSI Logic / Symbios Logic'\n    device     = 'SAS2008 PCI-Express Fusion-MPT SAS-2 [Falcon]'\n    class      = mass storage\n    subclass   = SAS\noce0@pci0:3:0:0:\tclass=0x020000 card=0xe62910df chip=0x070019a2 rev=0x02 hdr=0x00\n    vendor     = 'Emulex Corporation'\n    device     = 'OneConnect 10Gb NIC'\n    class      = network\n    subclass   = ethernet\n  PCI-e errors = Correctable Error Detected\n                 Unsupported Request Detected\n     Corrected = Advisory Non-Fatal Error\noce1@pci0:3:0:1:\tclass=0x020000 card=0xe62910df chip=0x070019a2 rev=0x02 hdr=0x00\n    vendor     = 'Emulex Corporation'\n    device     = 'OneConnect 10Gb NIC'\n    class      = network\n    subclass   = ethernet\n  PCI-e errors = Correctable Error Detected\n                 Unsupported Request Detected\n     Corrected = Advisory Non-Fatal Error\nvgapci0@pci0:6:3:0:\tclass=0x030000 card=0x02f11028 chip=0x0532102b rev=0x0a hdr=0x00\n    vendor     = 'Matrox Graphics, Inc.'\n    device     = 'MGA G200eW WPCM450'\n    class      = display\n    subclass   = VGA\nhostb1@pci0:255:0:0:\tclass=0x060000 card=0x80868086 chip=0x2c708086 rev=0x02 hdr=0x00\n    vendor     = 'Intel Corporation'\n    device     = 'Xeon 5600 Series QuickPath Architecture Generic Non-core Registers'\n    class      = bridge\n    subclass   = HOST-PCI\nhostb2@pci0:255:0:1:\tclass=0x060000 card=0x80868086 chip=0x2d818086 rev=0x02 hdr=0x00\n    vendor     = 'Intel Corporation'\n    device     = 'Xeon 5600 Series QuickPath Architecture System Address Decoder'\n    class      = bridge\n    subclass   = HOST-PCI\nhostb3@pci0:255:2:0:\tclass=0x060000 card=0x80868086 chip=0x2d908086 rev=0x02 hdr=0x00\n    vendor     = 'Intel Corporation'\n    device     = 'Xeon 5600 Series QPI Link 0'\n    class      = bridge\n    subclass   = HOST-PCI\nhostb4@pci0:255:2:1:\tclass=0x060000 card=0x80868086 chip=0x2d918086 rev=0x02 hdr=0x00\n    vendor     = 'Intel Corporation'\n    device     = 'Xeon 5600 Series QPI Physical 0'\n    class      = bridge\n    subclass   = HOST-PCI\nhostb5@pci0:255:2:2:\tclass=0x060000 card=0x80868086 chip=0x2d928086 rev=0x02 hdr=0x00\n    vendor     = 'Intel Corporation'\n    device     = 'Xeon 5600 Series Mirror Port Link 0'\n    class      = bridge\n    subclass   = HOST-PCI\nhostb6@pci0:255:2:3:\tclass=0x060000 card=0x80868086 chip=0x2d938086 rev=0x02 hdr=0x00\n    vendor     = 'Intel Corporation'\n    device     = 'Xeon 5600 Series Mirror Port Link 1'\n    class      = bridge\n    subclass   = HOST-PCI\nhostb7@pci0:255:2:4:\tclass=0x060000 card=0x80868086 chip=0x2d948086 rev=0x02 hdr=0x00\n    vendor     = 'Intel Corporation'\n    device     = 'Xeon 5600 Series QPI Link 1'\n    class      = bridge\n    subclass   = HOST-PCI\nhostb8@pci0:255:2:5:\tclass=0x060000 card=0x80868086 chip=0x2d958086 rev=0x02 hdr=0x00\n    vendor     = 'Intel Corporation'\n    device     = 'Xeon 5600 Series QPI Physical 1'\n    class      = bridge\n    subclass   = HOST-PCI\nhostb9@pci0:255:3:0:\tclass=0x060000 card=0x80868086 chip=0x2d988086 rev=0x02 hdr=0x00\n    vendor     = 'Intel Corporation'\n    device     = 'Xeon 5600 Series Integrated Memory Controller Registers'\n    class      = bridge\n    subclass   = HOST-PCI\nhostb10@pci0:255:3:1:\tclass=0x060000 card=0x80868086 chip=0x2d998086 rev=0x02 hdr=0x00\n    vendor     = 'Intel Corporation'\n    device     = 'Xeon 5600 Series Integrated Memory Controller Target Address Decoder'\n    class      = bridge\n    subclass   = HOST-PCI\nhostb11@pci0:255:3:2:\tclass=0x060000 card=0x80868086 chip=0x2d9a8086 rev=0x02 hdr=0x00\n    vendor     = 'Intel Corporation'\n    device     = 'Xeon 5600 Series Integrated Memory Controller RAS Registers'\n    class      = bridge\n    subclass   = HOST-PCI\nhostb12@pci0:255:3:4:\tclass=0x060000 card=0x80868086 chip=0x2d9c8086 rev=0x02 hdr=0x00\n    vendor     = 'Intel Corporation'\n    device     = 'Xeon 5600 Series Integrated Memory Controller Test Registers'\n    class      = bridge\n    subclass   = HOST-PCI\nhostb13@pci0:255:4:0:\tclass=0x060000 card=0x80868086 chip=0x2da08086 rev=0x02 hdr=0x00\n    vendor     = 'Intel Corporation'\n    device     = 'Xeon 5600 Series Integrated Memory Controller Channel 0 Control'\n    class      = bridge\n    subclass   = HOST-PCI\nhostb14@pci0:255:4:1:\tclass=0x060000 card=0x80868086 chip=0x2da18086 rev=0x02 hdr=0x00\n    vendor     = 'Intel Corporation'\n    device     = 'Xeon 5600 Series Integrated Memory Controller Channel 0 Address'\n    class      = bridge\n    subclass   = HOST-PCI\nhostb15@pci0:255:4:2:\tclass=0x060000 card=0x80868086 chip=0x2da28086 rev=0x02 hdr=0x00\n    vendor     = 'Intel Corporation'\n    device     = 'Xeon 5600 Series Integrated Memory Controller Channel 0 Rank'\n    class      = bridge\n    subclass   = HOST-PCI\nhostb16@pci0:255:4:3:\tclass=0x060000 card=0x80868086 chip=0x2da38086 rev=0x02 hdr=0x00\n    vendor     = 'Intel Corporation'\n    device     = 'Xeon 5600 Series Integrated Memory Controller Channel 0 Thermal Control'\n    class      = bridge\n    subclass   = HOST-PCI\nhostb17@pci0:255:5:0:\tclass=0x060000 card=0x80868086 chip=0x2da88086 rev=0x02 hdr=0x00\n    vendor     = 'Intel Corporation'\n    device     = 'Xeon 5600 Series Integrated Memory Controller Channel 1 Control'\n    class      = bridge\n    subclass   = HOST-PCI\nhostb18@pci0:255:5:1:\tclass=0x060000 card=0x80868086 chip=0x2da98086 rev=0x02 hdr=0x00\n    vendor     = 'Intel Corporation'\n    device     = 'Xeon 5600 Series Integrated Memory Controller Channel 1 Address'\n    class      = bridge\n    subclass   = HOST-PCI\nhostb19@pci0:255:5:2:\tclass=0x060000 card=0x80868086 chip=0x2daa8086 rev=0x02 hdr=0x00\n    vendor     = 'Intel Corporation'\n    device     = 'Xeon 5600 Series Integrated Memory Controller Channel 1 Rank'\n    class      = bridge\n    subclass   = HOST-PCI\nhostb20@pci0:255:5:3:\tclass=0x060000 card=0x80868086 chip=0x2dab8086 rev=0x02 hdr=0x00\n    vendor     = 'Intel Corporation'\n    device     = 'Xeon 5600 Series Integrated Memory Controller Channel 1 Thermal Control'\n    class      = bridge\n    subclass   = HOST-PCI\nhostb21@pci0:255:6:0:\tclass=0x060000 card=0x80868086 chip=0x2db08086 rev=0x02 hdr=0x00\n    vendor     = 'Intel Corporation'\n    device     = 'Xeon 5600 Series Integrated Memory Controller Channel 2 Control'\n    class      = bridge\n    subclass   = HOST-PCI\nhostb22@pci0:255:6:1:\tclass=0x060000 card=0x80868086 chip=0x2db18086 rev=0x02 hdr=0x00\n    vendor     = 'Intel Corporation'\n    device     = 'Xeon 5600 Series Integrated Memory Controller Channel 2 Address'\n    class      = bridge\n    subclass   = HOST-PCI\nhostb23@pci0:255:6:2:\tclass=0x060000 card=0x80868086 chip=0x2db28086 rev=0x02 hdr=0x00\n    vendor     = 'Intel Corporation'\n    device     = 'Xeon 5600 Series Integrated Memory Controller Channel 2 Rank'\n    class      = bridge\n    subclass   = HOST-PCI\nhostb24@pci0:255:6:3:\tclass=0x060000 card=0x80868086 chip=0x2db38086 rev=0x02 hdr=0x00\n    vendor     = 'Intel Corporation'\n    device     = 'Xeon 5600 Series Integrated Memory Controller Channel 2 Thermal Control'\n    class      = bridge\n    subclass   = HOST-PCI\nhostb25@pci0:254:0:0:\tclass=0x060000 card=0x80868086 chip=0x2c708086 rev=0x02 hdr=0x00\n    vendor     = 'Intel Corporation'\n    device     = 'Xeon 5600 Series QuickPath Architecture Generic Non-core Registers'\n    class      = bridge\n    subclass   = HOST-PCI\nhostb26@pci0:254:0:1:\tclass=0x060000 card=0x80868086 chip=0x2d818086 rev=0x02 hdr=0x00\n    vendor     = 'Intel Corporation'\n    device     = 'Xeon 5600 Series QuickPath Architecture System Address Decoder'\n    class      = bridge\n    subclass   = HOST-PCI\nhostb27@pci0:254:2:0:\tclass=0x060000 card=0x80868086 chip=0x2d908086 rev=0x02 hdr=0x00\n    vendor     = 'Intel Corporation'\n    device     = 'Xeon 5600 Series QPI Link 0'\n    class      = bridge\n    subclass   = HOST-PCI\nhostb28@pci0:254:2:1:\tclass=0x060000 card=0x80868086 chip=0x2d918086 rev=0x02 hdr=0x00\n    vendor     = 'Intel Corporation'\n    device     = 'Xeon 5600 Series QPI Physical 0'\n    class      = bridge\n    subclass   = HOST-PCI\nhostb29@pci0:254:2:2:\tclass=0x060000 card=0x80868086 chip=0x2d928086 rev=0x02 hdr=0x00\n    vendor     = 'Intel Corporation'\n    device     = 'Xeon 5600 Series Mirror Port Link 0'\n    class      = bridge\n    subclass   = HOST-PCI\nhostb30@pci0:254:2:3:\tclass=0x060000 card=0x80868086 chip=0x2d938086 rev=0x02 hdr=0x00\n    vendor     = 'Intel Corporation'\n    device     = 'Xeon 5600 Series Mirror Port Link 1'\n    class      = bridge\n    subclass   = HOST-PCI\nhostb31@pci0:254:2:4:\tclass=0x060000 card=0x80868086 chip=0x2d948086 rev=0x02 hdr=0x00\n    vendor     = 'Intel Corporation'\n    device     = 'Xeon 5600 Series QPI Link 1'\n    class      = bridge\n    subclass   = HOST-PCI\nhostb32@pci0:254:2:5:\tclass=0x060000 card=0x80868086 chip=0x2d958086 rev=0x02 hdr=0x00\n    vendor     = 'Intel Corporation'\n    device     = 'Xeon 5600 Series QPI Physical 1'\n    class      = bridge\n    subclass   = HOST-PCI\nhostb33@pci0:254:3:0:\tclass=0x060000 card=0x80868086 chip=0x2d988086 rev=0x02 hdr=0x00\n    vendor     = 'Intel Corporation'\n    device     = 'Xeon 5600 Series Integrated Memory Controller Registers'\n    class      = bridge\n    subclass   = HOST-PCI\nhostb34@pci0:254:3:1:\tclass=0x060000 card=0x80868086 chip=0x2d998086 rev=0x02 hdr=0x00\n    vendor     = 'Intel Corporation'\n    device     = 'Xeon 5600 Series Integrated Memory Controller Target Address Decoder'\n    class      = bridge\n    subclass   = HOST-PCI\nhostb35@pci0:254:3:2:\tclass=0x060000 card=0x80868086 chip=0x2d9a8086 rev=0x02 hdr=0x00\n    vendor     = 'Intel Corporation'\n    device     = 'Xeon 5600 Series Integrated Memory Controller RAS Registers'\n    class      = bridge\n    subclass   = HOST-PCI\nhostb36@pci0:254:3:4:\tclass=0x060000 card=0x80868086 chip=0x2d9c8086 rev=0x02 hdr=0x00\n    vendor     = 'Intel Corporation'\n    device     = 'Xeon 5600 Series Integrated Memory Controller Test Registers'\n    class      = bridge\n    subclass   = HOST-PCI\nhostb37@pci0:254:4:0:\tclass=0x060000 card=0x80868086 chip=0x2da08086 rev=0x02 hdr=0x00\n    vendor     = 'Intel Corporation'\n    device     = 'Xeon 5600 Series Integrated Memory Controller Channel 0 Control'\n    class      = bridge\n    subclass   = HOST-PCI\nhostb38@pci0:254:4:1:\tclass=0x060000 card=0x80868086 chip=0x2da18086 rev=0x02 hdr=0x00\n    vendor     = 'Intel Corporation'\n    device     = 'Xeon 5600 Series Integrated Memory Controller Channel 0 Address'\n    class      = bridge\n    subclass   = HOST-PCI\nhostb39@pci0:254:4:2:\tclass=0x060000 card=0x80868086 chip=0x2da28086 rev=0x02 hdr=0x00\n    vendor     = 'Intel Corporation'\n    device     = 'Xeon 5600 Series Integrated Memory Controller Channel 0 Rank'\n    class      = bridge\n    subclass   = HOST-PCI\nhostb40@pci0:254:4:3:\tclass=0x060000 card=0x80868086 chip=0x2da38086 rev=0x02 hdr=0x00\n    vendor     = 'Intel Corporation'\n    device     = 'Xeon 5600 Series Integrated Memory Controller Channel 0 Thermal Control'\n    class      = bridge\n    subclass   = HOST-PCI\nhostb41@pci0:254:5:0:\tclass=0x060000 card=0x80868086 chip=0x2da88086 rev=0x02 hdr=0x00\n    vendor     = 'Intel Corporation'\n    device     = 'Xeon 5600 Series Integrated Memory Controller Channel 1 Control'\n    class      = bridge\n    subclass   = HOST-PCI\nhostb42@pci0:254:5:1:\tclass=0x060000 card=0x80868086 chip=0x2da98086 rev=0x02 hdr=0x00\n    vendor     = 'Intel Corporation'\n    device     = 'Xeon 5600 Series Integrated Memory Controller Channel 1 Address'\n    class      = bridge\n    subclass   = HOST-PCI\nhostb43@pci0:254:5:2:\tclass=0x060000 card=0x80868086 chip=0x2daa8086 rev=0x02 hdr=0x00\n    vendor     = 'Intel Corporation'\n    device     = 'Xeon 5600 Series Integrated Memory Controller Channel 1 Rank'\n    class      = bridge\n    subclass   = HOST-PCI\nhostb44@pci0:254:5:3:\tclass=0x060000 card=0x80868086 chip=0x2dab8086 rev=0x02 hdr=0x00\n    vendor     = 'Intel Corporation'\n    device     = 'Xeon 5600 Series Integrated Memory Controller Channel 1 Thermal Control'\n    class      = bridge\n    subclass   = HOST-PCI\nhostb45@pci0:254:6:0:\tclass=0x060000 card=0x80868086 chip=0x2db08086 rev=0x02 hdr=0x00\n    vendor     = 'Intel Corporation'\n    device     = 'Xeon 5600 Series Integrated Memory Controller Channel 2 Control'\n    class      = bridge\n    subclass   = HOST-PCI\nhostb46@pci0:254:6:1:\tclass=0x060000 card=0x80868086 chip=0x2db18086 rev=0x02 hdr=0x00\n    vendor     = 'Intel Corporation'\n    device     = 'Xeon 5600 Series Integrated Memory Controller Channel 2 Address'\n    class      = bridge\n    subclass   = HOST-PCI\nhostb47@pci0:254:6:2:\tclass=0x060000 card=0x80868086 chip=0x2db28086 rev=0x02 hdr=0x00\n    vendor     = 'Intel Corporation'\n    device     = 'Xeon 5600 Series Integrated Memory Controller Channel 2 Rank'\n    class      = bridge\n    subclass   = HOST-PCI\nhostb48@pci0:254:6:3:\tclass=0x060000 card=0x80868086 chip=0x2db38086 rev=0x02 hdr=0x00\n    vendor     = 'Intel Corporation'\n    device     = 'Xeon 5600 Series Integrated Memory Controller Channel 2 Thermal Control'\n    class      = bridge\n    subclass   = HOST-PCI\nroot@pruebas:~ # \n\n\n(/var/run/dmesg.boot)\nroot@pruebas:~ # cat /var/run/dmesg.boot \nCopyright (c) 1992-2014 The FreeBSD Project.\nCopyright (c) 1979, 1980, 1983, 1986, 1988, 1989, 1991, 1992, 1993, 1994\n\tThe Regents of the University of California. All rights reserved.\nFreeBSD is a registered trademark of The FreeBSD Foundation.\nFreeBSD 9.3-BETA3 #0 r267433: Fri Jun 13 01:48:48 UTC 2014\n    root@snap.freebsd.org:/usr/obj/usr/src/sys/GENERIC amd64\ngcc version 4.2.1 20070831 patched [FreeBSD]\nCPU: Intel(R) Xeon(R) CPU           L5640  @ 2.27GHz (2266.79-MHz K8-class CPU)\n  Origin = \"GenuineIntel\"  Id = 0x206c2  Family = 0x6  Model = 0x2c  Stepping = 2\n  Features=0xbfebfbff\u003cFPU,VME,DE,PSE,TSC,MSR,PAE,MCE,CX8,APIC,SEP,MTRR,PGE,MCA,CMOV,PAT,PSE36,CLFLUSH,DTS,ACPI,MMX,FXSR,SSE,SSE2,SS,HTT,TM,PBE\u003e\n  Features2=0x29ee3ff\u003cSSE3,PCLMULQDQ,DTES64,MON,DS_CPL,VMX,SMX,EST,TM2,SSSE3,CX16,xTPR,PDCM,PCID,DCA,SSE4.1,SSE4.2,POPCNT,AESNI\u003e\n  AMD Features=0x2c100800\u003cSYSCALL,NX,Page1GB,RDTSCP,LM\u003e\n  AMD Features2=0x1\u003cLAHF\u003e\n  TSC: P-state invariant, performance statistics\nreal memory  = 25769803776 (24576 MB)\navail memory = 24828514304 (23678 MB)\nEvent timer \"LAPIC\" quality 600\nACPI APIC Table: \u003cDELL   PE_SC3  \u003e\nFreeBSD/SMP: Multiprocessor System Detected: 24 CPUs\nFreeBSD/SMP: 2 package(s) x 6 core(s) x 2 SMT threads\n cpu0 (BSP): APIC ID: 32\n cpu1 (AP): APIC ID: 33\n cpu2 (AP): APIC ID: 34\n cpu3 (AP): APIC ID: 35\n cpu4 (AP): APIC ID: 36\n cpu5 (AP): APIC ID: 37\n cpu6 (AP): APIC ID: 48\n cpu7 (AP): APIC ID: 49\n cpu8 (AP): APIC ID: 50\n cpu9 (AP): APIC ID: 51\n cpu10 (AP): APIC ID: 52\n cpu11 (AP): APIC ID: 53\n cpu12 (AP): APIC ID:  0\n cpu13 (AP): APIC ID:  1\n cpu14 (AP): APIC ID:  2\n cpu15 (AP): APIC ID:  3\n cpu16 (AP): APIC ID:  4\n cpu17 (AP): APIC ID:  5\n cpu18 (AP): APIC ID: 16\n cpu19 (AP): APIC ID: 17\n cpu20 (AP): APIC ID: 18\n cpu21 (AP): APIC ID: 19\n cpu22 (AP): APIC ID: 20\n cpu23 (AP): APIC ID: 21\nioapic1: Changing APIC ID to 1\nioapic0 \u003cVersion 2.0\u003e irqs 0-23 on motherboard\nioapic1 \u003cVersion 2.0\u003e irqs 32-55 on motherboard\nkbd1 at kbdmux0\nacpi0: \u003cDELL PE_SC3\u003e on motherboard\nacpi0: Power Button (fixed)\ncpu0: \u003cACPI CPU\u003e on acpi0\ncpu1: \u003cACPI CPU\u003e on acpi0\ncpu2: \u003cACPI CPU\u003e on acpi0\ncpu3: \u003cACPI CPU\u003e on acpi0\ncpu4: \u003cACPI CPU\u003e on acpi0\ncpu5: \u003cACPI CPU\u003e on acpi0\ncpu6: \u003cACPI CPU\u003e on acpi0\ncpu7: \u003cACPI CPU\u003e on acpi0\ncpu8: \u003cACPI CPU\u003e on acpi0\ncpu9: \u003cACPI CPU\u003e on acpi0\ncpu10: \u003cACPI CPU\u003e on acpi0\ncpu11: \u003cACPI CPU\u003e on acpi0\ncpu12: \u003cACPI CPU\u003e on acpi0\ncpu13: \u003cACPI CPU\u003e on acpi0\ncpu14: \u003cACPI CPU\u003e on acpi0\ncpu15: \u003cACPI CPU\u003e on acpi0\ncpu16: \u003cACPI CPU\u003e on acpi0\ncpu17: \u003cACPI CPU\u003e on acpi0\ncpu18: \u003cACPI CPU\u003e on acpi0\ncpu19: \u003cACPI CPU\u003e on acpi0\ncpu20: \u003cACPI CPU\u003e on acpi0\ncpu21: \u003cACPI CPU\u003e on acpi0\ncpu22: \u003cACPI CPU\u003e on acpi0\ncpu23: \u003cACPI CPU\u003e on acpi0\natrtc0: \u003cAT realtime clock\u003e port 0x70-0x7f irq 8 on acpi0\nEvent timer \"RTC\" frequency 32768 Hz quality 0\nattimer0: \u003cAT timer\u003e port 0x40-0x5f irq 0 on acpi0\nTimecounter \"i8254\" frequency 1193182 Hz quality 0\nEvent timer \"i8254\" frequency 1193182 Hz quality 100\nhpet0: \u003cHigh Precision Event Timer\u003e iomem 0xfed00000-0xfed003ff on acpi0\nTimecounter \"HPET\" frequency 14318180 Hz quality 950\nEvent timer \"HPET\" frequency 14318180 Hz quality 450\nEvent timer \"HPET1\" frequency 14318180 Hz quality 440\nEvent timer \"HPET2\" frequency 14318180 Hz quality 440\nEvent timer \"HPET3\" frequency 14318180 Hz quality 440\nTimecounter \"ACPI-fast\" frequency 3579545 Hz quality 900\nacpi_timer0: \u003c24-bit timer at 3.579545MHz\u003e port 0x808-0x80b on acpi0\npcib0: \u003cACPI Host-PCI bridge\u003e port 0xcf8-0xcff on acpi0\npci0: \u003cACPI PCI bus\u003e on pcib0\npcib1: \u003cACPI PCI-PCI bridge\u003e at device 1.0 on pci0\npci1: \u003cACPI PCI bus\u003e on pcib1\nbce0: \u003cQLogic NetXtreme II BCM5716 1000Base-T (C0)\u003e mem 0xda000000-0xdbffffff irq 36 at device 0.0 on pci1\nmiibus0: \u003cMII bus\u003e on bce0\nbrgphy0: \u003cBCM5709 10/100/1000baseT PHY\u003e PHY 1 on miibus0\nbrgphy0:  10baseT, 10baseT-FDX, 100baseTX, 100baseTX-FDX, 1000baseT, 1000baseT-master, 1000baseT-FDX, 1000baseT-FDX-master, auto, auto-flow\nbce0: Ethernet address: 78:2b:cb:1b:4a:61\nbce0: ASIC (0x57092008); Rev (C0); Bus (PCIe x4, 2.5Gbps); B/C (5.2.3); Bufs (RX:2;TX:2;PG:8); Flags (SPLT|MSI|MFW); MFW (NCSI 2.0.11)\nCoal (RX:6,6,18,18; TX:20,20,80,80)\nbce1: \u003cQLogic NetXtreme II BCM5716 1000Base-T (C0)\u003e mem 0xdc000000-0xddffffff irq 48 at device 0.1 on pci1\nmiibus1: \u003cMII bus\u003e on bce1\nbrgphy1: \u003cBCM5709 10/100/1000baseT PHY\u003e PHY 1 on miibus1\nbrgphy1:  10baseT, 10baseT-FDX, 100baseTX, 100baseTX-FDX, 1000baseT, 1000baseT-master, 1000baseT-FDX, 1000baseT-FDX-master, auto, auto-flow\nbce1: Ethernet address: 78:2b:cb:1b:4a:62\nbce1: ASIC (0x57092008); Rev (C0); Bus (PCIe x4, 2.5Gbps); B/C (5.2.3); Bufs (RX:2;TX:2;PG:8); Flags (SPLT|MSI|MFW); MFW (NCSI 2.0.11)\nCoal (RX:6,6,18,18; TX:20,20,80,80)\npcib2: \u003cACPI PCI-PCI bridge\u003e at device 3.0 on pci0\npci2: \u003cACPI PCI bus\u003e on pcib2\nmps0: \u003cLSI SAS2008\u003e port 0xfc00-0xfcff mem 0xdf2b0000-0xdf2bffff,0xdf2c0000-0xdf2fffff irq 32 at device 0.0 on pci2\nmps0: Firmware: 14.00.00.00, Driver: 16.00.00.00-fbsd\nmps0: IOCCapabilities: 1285c\u003cScsiTaskFull,DiagTrace,SnapBuf,EEDP,TransRetry,EventReplay,HostDisc\u003e\npcib3: \u003cACPI PCI-PCI bridge\u003e at device 7.0 on pci0\npci3: \u003cACPI PCI bus\u003e on pcib3\npci3: \u003cnetwork, ethernet\u003e at device 0.0 (no driver attached)\npci3: \u003cnetwork, ethernet\u003e at device 0.1 (no driver attached)\npcib4: \u003cACPI PCI-PCI bridge\u003e at device 9.0 on pci0\npci4: \u003cACPI PCI bus\u003e on pcib4\npcib5: \u003cACPI PCI-PCI bridge\u003e at device 10.0 on pci0\npci5: \u003cACPI PCI bus\u003e on pcib5\npci0: \u003cbase peripheral, interrupt controller\u003e at device 20.0 (no driver attached)\npci0: \u003cbase peripheral, interrupt controller\u003e at device 20.1 (no driver attached)\npci0: \u003cbase peripheral, interrupt controller\u003e at device 20.2 (no driver attached)\nuhci0: \u003cIntel 82801JI (ICH10) USB controller USB-D\u003e port 0xec40-0xec5f irq 17 at device 26.0 on pci0\nusbus0 on uhci0\nuhci1: \u003cIntel 82801JI (ICH10) USB controller USB-E\u003e port 0xec60-0xec7f irq 18 at device 26.1 on pci0\nusbus1 on uhci1\nehci0: \u003cIntel 82801JI (ICH10) USB 2.0 controller USB-B\u003e mem 0xdf0de000-0xdf0de3ff irq 19 at device 26.7 on pci0\nusbus2: EHCI version 1.0\nusbus2 on ehci0\nuhci2: \u003cIntel 82801JI (ICH10) USB controller USB-A\u003e port 0xec80-0xec9f irq 21 at device 29.0 on pci0\nusbus3 on uhci2\nuhci3: \u003cIntel 82801JI (ICH10) USB controller USB-B\u003e port 0xeca0-0xecbf irq 20 at device 29.1 on pci0\nusbus4 on uhci3\nuhci4: \u003cIntel 82801JI (ICH10) USB controller USB-C\u003e port 0xecc0-0xecdf irq 21 at device 29.2 on pci0\nusbus5 on uhci4\nuhci5: \u003cIntel 82801JI (ICH10) USB controller USB-F\u003e port 0xece0-0xecff irq 20 at device 29.3 on pci0\nusbus6 on uhci5\nehci1: \u003cIntel 82801JI (ICH10) USB 2.0 controller USB-A\u003e mem 0xdf0df000-0xdf0df3ff irq 21 at device 29.7 on pci0\nusbus7: EHCI version 1.0\nusbus7 on ehci1\npcib6: \u003cACPI PCI-PCI bridge\u003e at device 30.0 on pci0\npci6: \u003cACPI PCI bus\u003e on pcib6\nvgapci0: \u003cVGA-compatible display\u003e mem 0xd9800000-0xd9ffffff,0xde7fc000-0xde7fffff,0xde800000-0xdeffffff irq 19 at device 3.0 on pci6\nvgapci0: Boot video device\nisab0: \u003cPCI-ISA bridge\u003e at device 31.0 on pci0\nisa0: \u003cISA bus\u003e on isab0\nuart0: \u003c16550 or compatible\u003e port 0x3f8-0x3ff irq 4 flags 0x10 on acpi0\nuart1: \u003c16550 or compatible\u003e port 0x2f8-0x2ff irq 3 on acpi0\nqpi0: \u003cQPI system bus\u003e on motherboard\npcib7: \u003cQPI Host-PCI bridge\u003e pcibus 255 on qpi0\npci255: \u003cPCI bus\u003e on pcib7\npcib8: \u003cQPI Host-PCI bridge\u003e pcibus 254 on qpi0\npci254: \u003cPCI bus\u003e on pcib8\norm0: \u003cISA Option ROMs\u003e at iomem 0xc0000-0xc7fff,0xc8000-0xcdfff,0xce000-0xcf7ff,0xcf800-0xd07ff,0xec000-0xeffff on isa0\nsc0: \u003cSystem console\u003e at flags 0x100 on isa0\nsc0: VGA \u003c16 virtual consoles, flags=0x300\u003e\nvga0: \u003cGeneric ISA VGA\u003e at port 0x3c0-0x3df iomem 0xa0000-0xbffff on isa0\natkbdc0: \u003cKeyboard controller (i8042)\u003e at port 0x60,0x64 on isa0\natkbd0: \u003cAT Keyboard\u003e irq 1 on atkbdc0\nkbd0 at atkbd0\natkbd0: [GIANT-LOCKED]\nppc0: cannot reserve I/O port range\nest0: \u003cEnhanced SpeedStep Frequency Control\u003e on cpu0\nest: CPU supports Enhanced Speedstep, but is not recognized.\nest: cpu_vendor GenuineIntel, msr 12\ndevice_attach: est0 attach returned 6\np4tcc0: \u003cCPU Frequency Thermal Control\u003e on cpu0\nest1: \u003cEnhanced SpeedStep Frequency Control\u003e on cpu1\nest: CPU supports Enhanced Speedstep, but is not recognized.\nest: cpu_vendor GenuineIntel, msr 12\ndevice_attach: est1 attach returned 6\np4tcc1: \u003cCPU Frequency Thermal Control\u003e on cpu1\nest2: \u003cEnhanced SpeedStep Frequency Control\u003e on cpu2\nest: CPU supports Enhanced Speedstep, but is not recognized.\nest: cpu_vendor GenuineIntel, msr 12\ndevice_attach: est2 attach returned 6\np4tcc2: \u003cCPU Frequency Thermal Control\u003e on cpu2\nest3: \u003cEnhanced SpeedStep Frequency Control\u003e on cpu3\nest: CPU supports Enhanced Speedstep, but is not recognized.\nest: cpu_vendor GenuineIntel, msr 12\ndevice_attach: est3 attach returned 6\np4tcc3: \u003cCPU Frequency Thermal Control\u003e on cpu3\nest4: \u003cEnhanced SpeedStep Frequency Control\u003e on cpu4\nest: CPU supports Enhanced Speedstep, but is not recognized.\nest: cpu_vendor GenuineIntel, msr 12\ndevice_attach: est4 attach returned 6\np4tcc4: \u003cCPU Frequency Thermal Control\u003e on cpu4\nest5: \u003cEnhanced SpeedStep Frequency Control\u003e on cpu5\nest: CPU supports Enhanced Speedstep, but is not recognized.\nest: cpu_vendor GenuineIntel, msr 12\ndevice_attach: est5 attach returned 6\np4tcc5: \u003cCPU Frequency Thermal Control\u003e on cpu5\nest6: \u003cEnhanced SpeedStep Frequency Control\u003e on cpu6\nest: CPU supports Enhanced Speedstep, but is not recognized.\nest: cpu_vendor GenuineIntel, msr 12\ndevice_attach: est6 attach returned 6\np4tcc6: \u003cCPU Frequency Thermal Control\u003e on cpu6\nest7: \u003cEnhanced SpeedStep Frequency Control\u003e on cpu7\nest: CPU supports Enhanced Speedstep, but is not recognized.\nest: cpu_vendor GenuineIntel, msr 12\ndevice_attach: est7 attach returned 6\np4tcc7: \u003cCPU Frequency Thermal Control\u003e on cpu7\nest8: \u003cEnhanced SpeedStep Frequency Control\u003e on cpu8\nest: CPU supports Enhanced Speedstep, but is not recognized.\nest: cpu_vendor GenuineIntel, msr 12\ndevice_attach: est8 attach returned 6\np4tcc8: \u003cCPU Frequency Thermal Control\u003e on cpu8\nest9: \u003cEnhanced SpeedStep Frequency Control\u003e on cpu9\nest: CPU supports Enhanced Speedstep, but is not recognized.\nest: cpu_vendor GenuineIntel, msr 12\ndevice_attach: est9 attach returned 6\np4tcc9: \u003cCPU Frequency Thermal Control\u003e on cpu9\nest10: \u003cEnhanced SpeedStep Frequency Control\u003e on cpu10\nest: CPU supports Enhanced Speedstep, but is not recognized.\nest: cpu_vendor GenuineIntel, msr 12\ndevice_attach: est10 attach returned 6\np4tcc10: \u003cCPU Frequency Thermal Control\u003e on cpu10\nest11: \u003cEnhanced SpeedStep Frequency Control\u003e on cpu11\nest: CPU supports Enhanced Speedstep, but is not recognized.\nest: cpu_vendor GenuineIntel, msr 12\ndevice_attach: est11 attach returned 6\np4tcc11: \u003cCPU Frequency Thermal Control\u003e on cpu11\nest12: \u003cEnhanced SpeedStep Frequency Control\u003e on cpu12\nest: CPU supports Enhanced Speedstep, but is not recognized.\nest: cpu_vendor GenuineIntel, msr 12\ndevice_attach: est12 attach returned 6\np4tcc12: \u003cCPU Frequency Thermal Control\u003e on cpu12\nest13: \u003cEnhanced SpeedStep Frequency Control\u003e on cpu13\nest: CPU supports Enhanced Speedstep, but is not recognized.\nest: cpu_vendor GenuineIntel, msr 12\ndevice_attach: est13 attach returned 6\np4tcc13: \u003cCPU Frequency Thermal Control\u003e on cpu13\nest14: \u003cEnhanced SpeedStep Frequency Control\u003e on cpu14\nest: CPU supports Enhanced Speedstep, but is not recognized.\nest: cpu_vendor GenuineIntel, msr 12\ndevice_attach: est14 attach returned 6\np4tcc14: \u003cCPU Frequency Thermal Control\u003e on cpu14\nest15: \u003cEnhanced SpeedStep Frequency Control\u003e on cpu15\nest: CPU supports Enhanced Speedstep, but is not recognized.\nest: cpu_vendor GenuineIntel, msr 12\ndevice_attach: est15 attach returned 6\np4tcc15: \u003cCPU Frequency Thermal Control\u003e on cpu15\nest16: \u003cEnhanced SpeedStep Frequency Control\u003e on cpu16\nest: CPU supports Enhanced Speedstep, but is not recognized.\nest: cpu_vendor GenuineIntel, msr 12\ndevice_attach: est16 attach returned 6\np4tcc16: \u003cCPU Frequency Thermal Control\u003e on cpu16\nest17: \u003cEnhanced SpeedStep Frequency Control\u003e on cpu17\nest: CPU supports Enhanced Speedstep, but is not recognized.\nest: cpu_vendor GenuineIntel, msr 12\ndevice_attach: est17 attach returned 6\np4tcc17: \u003cCPU Frequency Thermal Control\u003e on cpu17\nest18: \u003cEnhanced SpeedStep Frequency Control\u003e on cpu18\nest: CPU supports Enhanced Speedstep, but is not recognized.\nest: cpu_vendor GenuineIntel, msr 12\ndevice_attach: est18 attach returned 6\np4tcc18: \u003cCPU Frequency Thermal Control\u003e on cpu18\nest19: \u003cEnhanced SpeedStep Frequency Control\u003e on cpu19\nest: CPU supports Enhanced Speedstep, but is not recognized.\nest: cpu_vendor GenuineIntel, msr 12\ndevice_attach: est19 attach returned 6\np4tcc19: \u003cCPU Frequency Thermal Control\u003e on cpu19\nest20: \u003cEnhanced SpeedStep Frequency Control\u003e on cpu20\nest: CPU supports Enhanced Speedstep, but is not recognized.\nest: cpu_vendor GenuineIntel, msr 12\ndevice_attach: est20 attach returned 6\np4tcc20: \u003cCPU Frequency Thermal Control\u003e on cpu20\nest21: \u003cEnhanced SpeedStep Frequency Control\u003e on cpu21\nest: CPU supports Enhanced Speedstep, but is not recognized.\nest: cpu_vendor GenuineIntel, msr 12\ndevice_attach: est21 attach returned 6\np4tcc21: \u003cCPU Frequency Thermal Control\u003e on cpu21\nest22: \u003cEnhanced SpeedStep Frequency Control\u003e on cpu22\nest: CPU supports Enhanced Speedstep, but is not recognized.\nest: cpu_vendor GenuineIntel, msr 12\ndevice_attach: est22 attach returned 6\np4tcc22: \u003cCPU Frequency Thermal Control\u003e on cpu22\nest23: \u003cEnhanced SpeedStep Frequency Control\u003e on cpu23\nest: CPU supports Enhanced Speedstep, but is not recognized.\nest: cpu_vendor GenuineIntel, msr 12\ndevice_attach: est23 attach returned 6\np4tcc23: \u003cCPU Frequency Thermal Control\u003e on cpu23\nTimecounters tick every 1.000 msec\nusbus0: 12Mbps Full Speed USB v1.0\nusbus1: 12Mbps Full Speed USB v1.0\nusbus2: 480Mbps High Speed USB v2.0\nusbus3: 12Mbps Full Speed USB v1.0\nusbus4: 12Mbps Full Speed USB v1.0\nusbus5: 12Mbps Full Speed USB v1.0\nusbus6: 12Mbps Full Speed USB v1.0\nusbus7: 480Mbps High Speed USB v2.0\nugen0.1: \u003cIntel\u003e at usbus0\nuhub0: \u003cIntel UHCI root HUB, class 9/0, rev 1.00/1.00, addr 1\u003e on usbus0\nugen1.1: \u003cIntel\u003e at usbus1\nuhub1: \u003cIntel UHCI root HUB, class 9/0, rev 1.00/1.00, addr 1\u003e on usbus1\nugen2.1: \u003cIntel\u003e at usbus2\nuhub2: \u003cIntel EHCI root HUB, class 9/0, rev 2.00/1.00, addr 1\u003e on usbus2\nugen3.1: \u003cIntel\u003e at usbus3\nuhub3: \u003cIntel UHCI root HUB, class 9/0, rev 1.00/1.00, addr 1\u003e on usbus3\nugen4.1: \u003cIntel\u003e at usbus4\nuhub4: \u003cIntel UHCI root HUB, class 9/0, rev 1.00/1.00, addr 1\u003e on usbus4\nugen5.1: \u003cIntel\u003e at usbus5\nuhub5: \u003cIntel UHCI root HUB, class 9/0, rev 1.00/1.00, addr 1\u003e on usbus5\nugen6.1: \u003cIntel\u003e at usbus6\nuhub6: \u003cIntel UHCI root HUB, class 9/0, rev 1.00/1.00, addr 1\u003e on usbus6\nugen7.1: \u003cIntel\u003e at usbus7\nuhub7: \u003cIntel EHCI root HUB, class 9/0, rev 2.00/1.00, addr 1\u003e on usbus7\nda0 at mps0 bus 0 scbus0 target 8 lun 0\nda0: \u003cSEAGATE ST9146803SS FS64\u003e Fixed Direct Access SCSI-5 device \nda0: Serial Number 6SD2R026\nda0: 600.000MB/s transfers\nda0: Command Queueing enabled\nda0: 140014MB (286749480 512 byte sectors: 255H 63S/T 17849C)\nda1 at mps0 bus 0 scbus0 target 9 lun 0\nda1: \u003cSEAGATE ST9146803SS FS64\u003e Fixed Direct Access SCSI-5 device \nda1: Serial Number 6SD2QE3N\nda1: 600.000MB/s transfers\nda1: Command Queueing enabled\nda1: 140014MB (286749480 512 byte sectors: 255H 63S/T 17849C)\nda2 at mps0 bus 0 scbus0 target 11 lun 0\nda2: \u003cATA OCZ-VERTEX4 1.5\u003e Fixed Direct Access SCSI-6 device \nda2: Serial Number OCZ-806BA2P5056GW75I\nda2: 600.000MB/s transfers\nda2: Command Queueing enabled\nda2: 488386MB (1000215216 512 byte sectors: 255H 63S/T 62260C)\nda2: quirks=0x8\u003c4K\u003e\nda3 at mps0 bus 0 scbus0 target 12 lun 0\nda3: \u003cATA OCZ-VERTEX4 1.5\u003e Fixed Direct Access SCSI-6 device \nda3: Serial Number OCZ-XF296AZZ71QSP1ZW\nda3: 600.000MB/s transfers\nda3: Command Queueing enabled\nda3: 488386MB (1000215216 512 byte sectors: 255H 63S/T 62260C)\nda3: quirks=0x8\u003c4K\u003e\nda4 at mps0 bus 0 scbus0 target 13 lun 0\nda4: \u003cATA OCZ-VERTEX4 1.5\u003e Fixed Direct Access SCSI-6 device \nda4: Serial Number OCZ-XLEQGOUM0W4X8YEK\nda4: 600.000MB/s transfers\nda4: Command Queueing enabled\nda4: 488386MB (1000215216 512 byte sectors: 255H 63S/T 62260C)\nda4: quirks=0x8\u003c4K\u003e\nda5 at mps0 bus 0 scbus0 target 14 lun 0\nda5: \u003cATA OCZ-VERTEX4 1.5\u003e Fixed Direct Access SCSI-6 device \nda5: Serial Number OCZ-Y95766VPB527422Z\nda5: 600.000MB/s transfers\nda5: Command Queueing enabled\nda5: 488386MB (1000215216 512 byte sectors: 255H 63S/T 62260C)\nda5: quirks=0x8\u003c4K\u003e\nda6 at mps0 bus 0 scbus0 target 15 lun 0\nda6: \u003cATA OCZ-VERTEX4 1.5\u003e Fixed Direct Access SCSI-6 device \nda6: Serial Number OCZ-P41W6HED0801IAL3\nda6: 600.000MB/s transfers\nda6: Command Queueing enabled\nda6: 488386MB (1000215216 512 byte sectors: 255H 63S/T 62260C)\nda6: quirks=0x8\u003c4K\u003e\nda7 at mps0 bus 0 scbus0 target 16 lun 0\nda7: \u003cATA OCZ-VERTEX4 1.5\u003e Fixed Direct Access SCSI-6 device \nda7: Serial Number OCZ-YB60WW78PP6BK4TM\nda7: 600.000MB/s transfers\nda7: Command Queueing enabled\nda7: 488386MB (1000215216 512 byte sectors: 255H 63S/T 62260C)\nda7: quirks=0x8\u003c4K\u003e\nda8 at mps0 bus 0 scbus0 target 17 lun 0\nda8: \u003cATA OCZ-VERTEX4 1.5\u003e Fixed Direct Access SCSI-6 device \nda8: Serial Number OCZ-G8477U602103SBQ3\nda8: 600.000MB/s transfers\nda8: Command Queueing enabled\nda8: 488386MB (1000215216 512 byte sectors: 255H 63S/T 62260C)\nda8: quirks=0x8\u003c4K\u003e\nda9 at mps0 bus 0 scbus0 target 18 lun 0\nda9: \u003cATA OCZ-VERTEX4 1.5\u003e Fixed Direct Access SCSI-6 device \nda9: Serial Number OCZ-5Z928G69IA2N6WN7\nda9: 600.000MB/s transfers\nda9: Command Queueing enabled\nda9: 488386MB (1000215216 512 byte sectors: 255H 63S/T 62260C)\nda9: quirks=0x8\u003c4K\u003e\nda10 at mps0 bus 0 scbus0 target 19 lun 0\nda10: \u003cATA OCZ-VERTEX4 1.5\u003e Fixed Direct Access SCSI-6 device \nda10: Serial Number OCZ-K008HT13IQ31VK3F\nda10: 600.000MB/s transfers\nda10: Command Queueing enabled\nda10: 488386MB (1000215216 512 byte sectors: 255H 63S/T 62260C)\nda10: quirks=0x8\u003c4K\u003e\nda11 at mps0 bus 0 scbus0 target 20 lun 0\nda11: \u003cATA OCZ-VERTEX4 1.5\u003e Fixed Direct Access SCSI-6 device \nda11: Serial Number OCZ-I276ZFJW8I19B288\nda11: 600.000MB/s transfers\nda11: Command Queueing enabled\nda11: 488386MB (1000215216 512 byte sectors: 255H 63S/T 62260C)\nda11: quirks=0x8\u003c4K\u003e\nda12 at mps0 bus 0 scbus0 target 21 lun 0\nda12: \u003cATA OCZ-VERTEX4 1.5\u003e Fixed Direct Access SCSI-6 device \nda12: Serial Number OCZ-JHK0L1B3K0UJC91U\nda12: 600.000MB/s transfers\nda12: Command Queueing enabled\nda12: 488386MB (1000215216 512 byte sectors: 255H 63S/T 62260C)\nda12: quirks=0x8\u003c4K\u003e\nSMP: AP CPU #1 Launched!\nSMP: AP CPU #23 Launched!\nSMP: AP CPU #5 Launched!\nSMP: AP CPU #22 Launched!\nSMP: AP CPU #6 Launched!\nSMP: AP CPU #14 Launched!\nSMP: AP CPU #3 Launched!\nSMP: AP CPU #18 Launched!\nSMP: AP CPU #9 Launched!\nSMP: AP CPU #19 Launched!\nSMP: AP CPU #8 Launched!\nSMP: AP CPU #12 Launched!\nSMP: AP CPU #11 Launched!\nSMP: AP CPU #20 Launched!\nSMP: AP CPU #2 Launched!\nSMP: AP CPU #21 Launched!\nSMP: AP CPU #7 Launched!\nSMP: AP CPU #15 Launched!\nSMP: AP CPU #4 Launched!\nSMP: AP CPU #17 Launched!\nSMP: AP CPU #10 Launched!\nSMP: AP CPU #13 Launched!\nSMP: AP CPU #16 Launched!\nTimecounter \"TSC-low\" frequency 1133396472 Hz quality 1000\nuhub6: 2 ports with 2 removable, self powered\nuhub4: 2 ports with 2 removable, self powered\nuhub1: 2 ports with 2 removable, self powered\nuhub3: 2 ports with 2 removable, self powered\nuhub0: 2 ports with 2 removable, self powered\nuhub5: 2 ports with 2 removable, self powered\nRoot mount waiting for: usbus7 usbus2\nRoot mount waiting for: usbus7 usbus2\nuhub2: 4 ports with 4 removable, self powered\nuhub7: 4 ports with 4 removable, self powered\nRoot mount waiting for: usbus7 usbus2\nugen2.2: \u003cvendor 0x0424\u003e at usbus2\nuhub8: \u003cvendor 0x0424 product 0x2514, class 9/0, rev 2.00/0.00, addr 2\u003e on usbus2\nuhub8: MTT enabled\nuhub8: 4 ports with 4 removable, self powered\nRoot mount waiting for: usbus7 usbus2\nugen2.3: \u003cMitsumi Electric\u003e at usbus2\nuhub9: \u003cMitsumi Electric Hub in Apple Extended USB Keyboard, class 9/0, rev 1.10/4.00, addr 3\u003e on usbus2\nugen7.2: \u003cLaCie\u003e at usbus7\numass0: \u003cLaCie LaCie CooKey, class 0/0, rev 2.00/11.00, addr 2\u003e on usbus7\numass0:  SCSI over Bulk-Only; quirks = 0x0100\numass0:1:0:-1: Attached to scbus1\nda13 at umass-sim0 bus 0 scbus1 target 0 lun 0\nda13: \u003cLaCie CooKey 1100\u003e Removable Direct Access SCSI-4 device \nda13: Serial Number 3ENXRQO0QDYMK5QO\nda13: 40.000MB/s transfers\nda13: 15480MB (31703040 512 byte sectors: 255H 63S/T 1973C)\nda13: quirks=0x2\u003cNO_6_BYTE\u003e\nuhub9: 3 ports with 2 removable, bus powered\nRoot mount waiting for: usbus2\nugen2.4: \u003cMitsumi Electric\u003e at usbus2\nukbd0: \u003cMitsumi Electric Apple Extended USB Keyboard, class 0/0, rev 1.10/4.00, addr 4\u003e on usbus2\nkbd2 at ukbd0\nuhid0: \u003cMitsumi Electric Apple Extended USB Keyboard, class 0/0, rev 1.10/4.00, addr 4\u003e on usbus2\nTrying to mount root from ufs:/dev/da13p2 [rw]...\nWARNING: / was not properly dismounted\nugen3.2: \u003cAvocent\u003e at usbus3\nukbd1: \u003cKeyboard\u003e on usbus3\nkbd3 at ukbd1\nums0: \u003cMouse\u003e on usbus3\nums0: 3 buttons and [Z] coordinates ID=0\nroot@pruebas:~ #"
}