{
 "id": 866516,
 "bug_id": 207431,
 "attachment_id": 0,
 "creation_time": "2016-02-23T04:47:56Z",
 "creator": "charlesziegler@ieee.org",
 "text": "Using xsane, gscan2pdf, or scanimage triggers multiple \"ata2: FAILURE - odd-sized DMA transfer attempt 5 % 2\". \n\nOnce this occurs saving data to the drive appears to work, but on reboot no longer exist. The system is root-on-zfs.\n\nFurthermore, if subsequent intensive disk activity is attempted then an \"ata4: already running!\" is issued and the system becomes unusable. Once this occurs writes to other devices like da* appear to be affected, which is why I was unable to record this error. \n\nThe problem is repeatable.\n\nroot@Dad:/ # scanimage -L\n\ndevice `hpaio:/net/HP_LaserJet_3200?ip=10.0.0.204' is a Hewlett-Packard HP_LaserJet_3200 all-in-one\n\ndmesg is\n\nCopyright (c) 1992-2015 The FreeBSD Project.\nCopyright (c) 1979, 1980, 1983, 1986, 1988, 1989, 1991, 1992, 1993, 1994\n\tThe Regents of the University of California. All rights reserved.\nFreeBSD is a registered trademark of The FreeBSD Foundation.\nFreeBSD 10.2-RELEASE-p9 #0: Thu Jan 14 01:32:46 UTC 2016\n    root@amd64-builder.daemonology.net:/usr/obj/usr/src/sys/GENERIC amd64\nFreeBSD clang version 3.4.1 (tags/RELEASE_34/dot1-final 208032) 20140512\nVT: running with driver \"vga\".\nmodule_register: module at91_mci/mmc already exists!\nModule at91_mci/mmc failed to register: 17\nmodule_register: module sdhci_bcm/mmc already exists!\nModule sdhci_bcm/mmc failed to register: 17\nmodule_register: module sdhci_fdt/mmc already exists!\nModule sdhci_fdt/mmc failed to register: 17\nmodule_register: module sdhci_imx/mmc already exists!\nModule sdhci_imx/mmc failed to register: 17\nmodule_register: module sdhci_pci/mmc already exists!\nModule sdhci_pci/mmc failed to register: 17\nmodule_register: module sdhci_ti/mmc already exists!\nModule sdhci_ti/mmc failed to register: 17\nmodule_register: module ti_mmchs/mmc already exists!\nModule ti_mmchs/mmc failed to register: 17\nmodule_register: module mmc/mmcsd already exists!\nModule mmc/mmcsd failed to register: 17\nCPU: Intel(R) Core(TM) i7 CPU         920  @ 2.67GHz (2670.06-MHz K8-class CPU)\n  Origin=\"GenuineIntel\"  Id=0x106a5  Family=0x6  Model=0x1a  Stepping=5\n  Features=0xbfebfbff\u003cFPU,VME,DE,PSE,TSC,MSR,PAE,MCE,CX8,APIC,SEP,MTRR,PGE,MCA,CMOV,PAT,PSE36,CLFLUSH,DTS,ACPI,MMX,FXSR,SSE,SSE2,SS,HTT,TM,PBE\u003e\n  Features2=0x98e3bd\u003cSSE3,DTES64,MON,DS_CPL,VMX,EST,TM2,SSSE3,CX16,xTPR,PDCM,SSE4.1,SSE4.2,POPCNT\u003e\n  AMD Features=0x28100800\u003cSYSCALL,NX,RDTSCP,LM\u003e\n  AMD Features2=0x1\u003cLAHF\u003e\n  VT-x: PAT,HLT,MTF,PAUSE,EPT,VPID\n  TSC: P-state invariant, performance statistics\nreal memory  = 25769803776 (24576 MB)\navail memory = 24910798848 (23756 MB)\nEvent timer \"LAPIC\" quality 400\nACPI APIC Table: \u003c091911 APIC1516\u003e\nFreeBSD/SMP: Multiprocessor System Detected: 8 CPUs\nFreeBSD/SMP: 1 package(s) x 4 core(s) x 2 SMT threads\n cpu0 (BSP): APIC ID:  0\n cpu1 (AP): APIC ID:  1\n cpu2 (AP): APIC ID:  2\n cpu3 (AP): APIC ID:  3\n cpu4 (AP): APIC ID:  4\n cpu5 (AP): APIC ID:  5\n cpu6 (AP): APIC ID:  6\n cpu7 (AP): APIC ID:  7\nioapic0 \u003cVersion 2.0\u003e irqs 0-23 on motherboard\nioapic1 \u003cVersion 2.0\u003e irqs 24-47 on motherboard\nrandom: \u003cSoftware, Yarrow\u003e initialized\nmodule_register_init: MOD_LOAD (vesa, 0xffffffff80db8ea0, 0) error 19\nkbd1 at kbdmux0\nacpi0: \u003c091911 RSDT1516\u003e on motherboard\nacpi0: Power Button (fixed)\ncpu0: \u003cACPI CPU\u003e on acpi0\ncpu1: \u003cACPI CPU\u003e on acpi0\ncpu2: \u003cACPI CPU\u003e on acpi0\ncpu3: \u003cACPI CPU\u003e on acpi0\ncpu4: \u003cACPI CPU\u003e on acpi0\ncpu5: \u003cACPI CPU\u003e on acpi0\ncpu6: \u003cACPI CPU\u003e on acpi0\ncpu7: \u003cACPI CPU\u003e on acpi0\nattimer0: \u003cAT timer\u003e port 0x40-0x43 irq 0 on acpi0\nTimecounter \"i8254\" frequency 1193182 Hz quality 0\nEvent timer \"i8254\" frequency 1193182 Hz quality 100\natrtc0: \u003cAT realtime clock\u003e port 0x70-0x71 irq 8 on acpi0\nEvent timer \"RTC\" frequency 32768 Hz quality 0\nhpet0: \u003cHigh Precision Event Timer\u003e iomem 0xfed00000-0xfed003ff on acpi0\nTimecounter \"HPET\" frequency 14318180 Hz quality 950\nEvent timer \"HPET\" frequency 14318180 Hz quality 350\nEvent timer \"HPET1\" frequency 14318180 Hz quality 340\nEvent timer \"HPET2\" frequency 14318180 Hz quality 340\nEvent timer \"HPET3\" frequency 14318180 Hz quality 340\nTimecounter \"ACPI-fast\" frequency 3579545 Hz quality 900\nacpi_timer0: \u003c24-bit timer at 3.579545MHz\u003e port 0x808-0x80b on acpi0\npcib0: \u003cACPI Host-PCI bridge\u003e port 0xcf8-0xcff on acpi0\npci0: \u003cACPI PCI bus\u003e on pcib0\npcib1: \u003cACPI PCI-PCI bridge\u003e at device 1.0 on pci0\npci1: \u003cACPI PCI bus\u003e on pcib1\npcib2: \u003cACPI PCI-PCI bridge\u003e at device 3.0 on pci0\npci2: \u003cACPI PCI bus\u003e on pcib2\nvgapci0: \u003cVGA-compatible display\u003e port 0xbc00-0xbc7f mem 0xfa000000-0xfaffffff,0xd0000000-0xdfffffff,0xf8000000-0xf9ffffff irq 24 at device 0.0 on pci2\nnvidia0: \u003cGeForce 9600 GT\u003e on vgapci0\nvgapci0: child nvidia0 requested pci_enable_io\nvgapci0: child nvidia0 requested pci_enable_io\nvgapci0: Boot video device\npcib3: \u003cACPI PCI-PCI bridge\u003e at device 7.0 on pci0\npci3: \u003cACPI PCI bus\u003e on pcib3\npci0: \u003cbase peripheral, interrupt controller\u003e at device 20.0 (no driver attached)\npci0: \u003cbase peripheral, interrupt controller\u003e at device 20.1 (no driver attached)\npci0: \u003cbase peripheral, interrupt controller\u003e at device 20.2 (no driver attached)\npci0: \u003cbase peripheral, interrupt controller\u003e at device 20.3 (no driver attached)\nuhci0: \u003cIntel 82801JI (ICH10) USB controller USB-D\u003e port 0xa800-0xa81f irq 16 at device 26.0 on pci0\nuhci0: LegSup = 0x2f00\nusbus0 on uhci0\nuhci1: \u003cIntel 82801JI (ICH10) USB controller USB-E\u003e port 0xa880-0xa89f irq 21 at device 26.1 on pci0\nuhci1: LegSup = 0x2f00\nusbus1 on uhci1\nuhci2: \u003cIntel 82801JI (ICH10) USB controller USB-F\u003e port 0xac00-0xac1f irq 19 at device 26.2 on pci0\nuhci2: LegSup = 0x2f00\nusbus2 on uhci2\nehci0: \u003cIntel 82801JI (ICH10) USB 2.0 controller USB-B\u003e mem 0xf7fff000-0xf7fff3ff irq 18 at device 26.7 on pci0\nusbus3: EHCI version 1.0\nusbus3 on ehci0\nhdac0: \u003cIntel 82801JI HDA Controller\u003e mem 0xf7ff8000-0xf7ffbfff irq 22 at device 27.0 on pci0\npcib4: \u003cACPI PCI-PCI bridge\u003e irq 17 at device 28.0 on pci0\npci7: \u003cACPI PCI bus\u003e on pcib4\npcib5: \u003cACPI PCI-PCI bridge\u003e irq 18 at device 28.2 on pci0\npci6: \u003cACPI PCI bus\u003e on pcib5\nre0: \u003cRealTek 8168/8111 B/C/CP/D/DP/E/F/G PCIe Gigabit Ethernet\u003e port 0xe800-0xe8ff mem 0xf6eff000-0xf6efffff,0xf6ee0000-0xf6eeffff irq 18 at device 0.0 on pci6\nre0: Using 1 MSI-X message\nre0: Chip rev. 0x3c000000\nre0: MAC rev. 0x00400000\nmiibus0: \u003cMII bus\u003e on re0\nrgephy0: \u003cRTL8169S/8110S/8211 1000BASE-T media interface\u003e PHY 1 on miibus0\nrgephy0:  none, 10baseT, 10baseT-FDX, 10baseT-FDX-flow, 100baseTX, 100baseTX-FDX, 100baseTX-FDX-flow, 1000baseT, 1000baseT-master, 1000baseT-FDX, 1000baseT-FDX-master, 1000baseT-FDX-flow, 1000baseT-FDX-flow-master, auto, auto-flow\nre0: Using defaults for TSO: 65518/35/2048\nre0: Ethernet address: 00:24:8c:58:f8:b7\npcib6: \u003cACPI PCI-PCI bridge\u003e irq 19 at device 28.3 on pci0\npci5: \u003cACPI PCI bus\u003e on pcib6\npci5: \u003cserial bus, FireWire\u003e at device 0.0 (no driver attached)\npcib7: \u003cACPI PCI-PCI bridge\u003e irq 17 at device 28.4 on pci0\npci4: \u003cACPI PCI bus\u003e on pcib7\natapci0: \u003cJMicron JMB363 UDMA133 controller\u003e port 0xcc00-0xcc07,0xc880-0xc883,0xc800-0xc807,0xc480-0xc483,0xc400-0xc40f mem 0xfbcfe000-0xfbcfffff irq 16 at device 0.0 on pci4\nahci0: \u003cJMicron JMB363 AHCI SATA controller\u003e at channel -1 on atapci0\nahci0: AHCI v1.00 with 2 3Gbps ports, Port Multiplier supported\nahci0: quirks=0x1\u003cNOFORCE\u003e\nahcich0: \u003cAHCI channel\u003e at channel 0 on ahci0\nahcich1: \u003cAHCI channel\u003e at channel 1 on ahci0\nata2: \u003cATA channel\u003e at channel 0 on atapci0\nuhci3: \u003cIntel 82801JI (ICH10) USB controller USB-A\u003e port 0xa080-0xa09f irq 23 at device 29.0 on pci0\nuhci3: LegSup = 0x2f00\nusbus4 on uhci3\nuhci4: \u003cIntel 82801JI (ICH10) USB controller USB-B\u003e port 0xa400-0xa41f irq 19 at device 29.1 on pci0\nuhci4: LegSup = 0x2f00\nusbus5 on uhci4\nuhci5: \u003cIntel 82801JI (ICH10) USB controller USB-C\u003e port 0xa480-0xa49f irq 18 at device 29.2 on pci0\nuhci5: LegSup = 0x2f00\nusbus6 on uhci5\nehci1: \u003cIntel 82801JI (ICH10) USB 2.0 controller USB-A\u003e mem 0xf7ffe000-0xf7ffe3ff irq 23 at device 29.7 on pci0\nusbus7: EHCI version 1.0\nusbus7 on ehci1\npcib8: \u003cACPI PCI-PCI bridge\u003e at device 30.0 on pci0\npci8: \u003cACPI PCI bus\u003e on pcib8\nisab0: \u003cPCI-ISA bridge\u003e at device 31.0 on pci0\nisa0: \u003cISA bus\u003e on isab0\natapci1: \u003cIntel ICH10 SATA300 controller\u003e port 0x9000-0x9007,0x8c00-0x8c03,0x8880-0x8887,0x8800-0x8803,0x8480-0x848f,0x8400-0x840f irq 20 at device 31.2 on pci0\nata3: \u003cATA channel\u003e at channel 0 on atapci1\nata4: \u003cATA channel\u003e at channel 1 on atapci1\natapci2: \u003cIntel ICH10 SATA300 controller\u003e port 0xa000-0xa007,0x9c00-0x9c03,0x9880-0x9887,0x9800-0x9803,0x9480-0x948f,0x9400-0x940f irq 20 at device 31.5 on pci0\nata5: \u003cATA channel\u003e at channel 0 on atapci2\nata6: \u003cATA channel\u003e at channel 1 on atapci2\nacpi_button0: \u003cPower Button\u003e on acpi0\nqpi0: \u003cQPI system bus\u003e on motherboard\npcib9: \u003cQPI Host-PCI bridge\u003e pcibus 255 on qpi0\npci255: \u003cPCI bus\u003e on pcib9\natkbdc0: \u003cKeyboard controller (i8042)\u003e at port 0x60,0x64 on isa0\natkbd0: \u003cAT Keyboard\u003e irq 1 on atkbdc0\nkbd0 at atkbd0\natkbd0: [GIANT-LOCKED]\nppc0: cannot reserve I/O port range\ncoretemp0: \u003cCPU On-Die Thermal Sensors\u003e on cpu0\nest0: \u003cEnhanced SpeedStep Frequency Control\u003e on cpu0\ncoretemp1: \u003cCPU On-Die Thermal Sensors\u003e on cpu1\nest1: \u003cEnhanced SpeedStep Frequency Control\u003e on cpu1\ncoretemp2: \u003cCPU On-Die Thermal Sensors\u003e on cpu2\nest2: \u003cEnhanced SpeedStep Frequency Control\u003e on cpu2\ncoretemp3: \u003cCPU On-Die Thermal Sensors\u003e on cpu3\nest3: \u003cEnhanced SpeedStep Frequency Control\u003e on cpu3\ncoretemp4: \u003cCPU On-Die Thermal Sensors\u003e on cpu4\nest4: \u003cEnhanced SpeedStep Frequency Control\u003e on cpu4\ncoretemp5: \u003cCPU On-Die Thermal Sensors\u003e on cpu5\nest5: \u003cEnhanced SpeedStep Frequency Control\u003e on cpu5\ncoretemp6: \u003cCPU On-Die Thermal Sensors\u003e on cpu6\nest6: \u003cEnhanced SpeedStep Frequency Control\u003e on cpu6\ncoretemp7: \u003cCPU On-Die Thermal Sensors\u003e on cpu7\nest7: \u003cEnhanced SpeedStep Frequency Control\u003e on cpu7\nrandom: unblocking device.\nusbus0: 12Mbps Full Speed USB v1.0\nfuse-freebsd: version 0.4.4, FUSE ABI 7.8\nZFS filesystem version: 5\nZFS storage pool version: features support (5000)\nTimecounters tick every 1.000 msec\nvboxdrv: fAsync=0 offMin=0x474 offMax=0x6b0\nhdacc0: \u003cAnalog Devices AD1989B HDA CODEC\u003e at cad 0 on hdac0\nhdaa0: \u003cAnalog Devices AD1989B Audio Function Group\u003e at nid 1 on hdacc0\npcm0: \u003cAnalog Devices AD1989B (Analog 7.1/2.0)\u003e at nid 18,36,22,37 and 23,21,24,20 on hdaa0\npcm1: \u003cAnalog Devices AD1989B (Front Analog Headphones)\u003e at nid 17 on hdaa0\npcm2: \u003cAnalog Devices AD1989B (Rear Digital)\u003e at nid 27 on hdaa0\npcm3: \u003cAnalog Devices AD1989B (Digital)\u003e at nid 29 on hdaa0\nusbus1: 12Mbps Full Speed USB v1.0\nusbus2: 12Mbps Full Speed USB v1.0\nusbus3: 480Mbps High Speed USB v2.0\nugen0.1: \u003cIntel\u003e at usbus0\nuhub0: \u003cIntel UHCI root HUB, class 9/0, rev 1.00/1.00, addr 1\u003e on usbus0\nugen1.1: \u003cIntel\u003e at usbus1\nuhub1: \u003cIntel UHCI root HUB, class 9/0, rev 1.00/1.00, addr 1\u003e on usbus1\nugen2.1: \u003cIntel\u003e at usbus2\nuhub2: \u003cIntel UHCI root HUB, class 9/0, rev 1.00/1.00, addr 1\u003e on usbus2\nugen3.1: \u003cIntel\u003e at usbus3\nuhub3: \u003cIntel EHCI root HUB, class 9/0, rev 2.00/1.00, addr 1\u003e on usbus3\nusbus4: 12Mbps Full Speed USB v1.0\nusbus5: 12Mbps Full Speed USB v1.0\nusbus6: 12Mbps Full Speed USB v1.0\nugen4.1: \u003cIntel\u003e at usbus4\nuhub4: \u003cIntel UHCI root HUB, class 9/0, rev 1.00/1.00, addr 1\u003e on usbus4\nugen5.1: \u003cIntel\u003e at usbus5\nuhub5: \u003cIntel UHCI root HUB, class 9/0, rev 1.00/1.00, addr 1\u003e on usbus5\nugen6.1: \u003cIntel\u003e at usbus6\nuhub6: \u003cIntel UHCI root HUB, class 9/0, rev 1.00/1.00, addr 1\u003e on usbus6\nusbus7: 480Mbps High Speed USB v2.0\nugen7.1: \u003cIntel\u003e at usbus7\nuhub7: \u003cIntel EHCI root HUB, class 9/0, rev 2.00/1.00, addr 1\u003e on usbus7\nuhub0: 2 ports with 2 removable, self powered\nuhub1: 2 ports with 2 removable, self powered\nuhub2: 2 ports with 2 removable, self powered\nuhub4: 2 ports with 2 removable, self powered\nuhub5: 2 ports with 2 removable, self powered\nuhub6: 2 ports with 2 removable, self powered\nada0 at ata3 bus 0 scbus3 target 1 lun 0\nada0: \u003cWDC WD1001FALS-00E3A0 05.01D05\u003e ATA8-ACS SATA 2.x device\nada0: Serial Number WD-WCATR0294142\ncd0 at ata2 bus 0 scbus2 target 0 lun 0\ncd0: \u003cMemorex 16X-DDL-IN 1.A3\u003e Removable CD-ROM SCSI device\ncd0: 33.300MB/s transfers (UDMA2, ATAPI 12bytes, PIO 65534bytes)\ncd0: Attempt to query device size failed: NOT READY, Medium not present\nada0: 300.000MB/s transfers (SATA 2.x, UDMA5, PIO 8192bytes)\nada0: 953869MB (1953525168 512 byte sectors: 16H 63S/T 16383C)\nada0: Previously was known as ad11\nada1 at ata4 bus 0 scbus4 target 0 lun 0\nada1: \u003cWDC WD1002FAEX-00Z3A0 05.01D05\u003e ATA8-ACS SATA 3.x device\nada1: Serial Number WD-WCATRA972664\nada1: 300.000MB/s transfers (SATA 2.x, UDMA5, PIO 8192bytes)\nada1: 953869MB (1953525168 512 byte sectors: 16H 63S/T 16383C)\nada1: Previously was known as ad12\nada2 at ata4 bus 0 scbus4 target 1 lun 0\nada2: \u003cST500DM002-1BD142 KC45\u003e ATA8-ACS SATA 3.x device\nada2: Serial Number Z3T6E3LW\nada2: 300.000MB/s transfers (SATA 2.x, UDMA5, PIO 8192bytes)\nada2: 476940MB (976773168 512 byte sectors: 16H 63S/T 16383C)\nada2: quirks=0x1\u003c4K\u003e\nada2: Previously was known as ad13\nada3 at ata5 bus 0 scbus5 target 0 lun 0\nada3: \u003cHDS722525VLSA80 V36OA60A\u003e ATA-6 SATA device\nada3: Serial Number VNRJ3EC6CNB76M\nada3: 150.000MB/s transfers (SATA 1.x, UDMA5, PIO 8192bytes)\nada3: 238475MB (488397168 512 byte sectors: 16H 63S/T 16383C)\nada3: Previously was known as ad14\nSMP: AP CPU #1 Launched!\nSMP: AP CPU #7 Launched!\nSMP: AP CPU #2 Launched!\nSMP: AP CPU #6 Launched!\nSMP: AP CPU #4 Launched!\nSMP: AP CPU #3 Launched!\nSMP: AP CPU #5 Launched!\nTimecounter \"TSC-low\" frequency 1335028502 Hz quality 1000\nRoot mount waiting for: usbus7 usbus3\nuhub7: 6 ports with 6 removable, self powered\nuhub3: 6 ports with 6 removable, self powered\nRoot mount waiting for: usbus7 usbus3\nugen7.2: \u003cvendor 0x0424\u003e at usbus7\nuhub8: \u003cvendor 0x0424 product 0x2504, class 9/0, rev 2.00/0.01, addr 2\u003e on usbus7\nuhub8: MTT enabled\nuhub8: 4 ports with 4 removable, self powered\nRoot mount waiting for: usbus7\nugen1.2: \u003cLogitech\u003e at usbus1\nukbd0: \u003cLogitech Logitech Illuminated Keyboard, class 0/0, rev 2.00/55.03, addr 2\u003e on usbus1\nkbd2 at ukbd0\nRoot mount waiting for: usbus7\nugen1.3: \u003cLogitech\u003e at usbus1\nugen7.3: \u003cVerbatim\u003e at usbus7\numass0: \u003cVerbatim STORE N GO, class 0/0, rev 2.00/1.00, addr 3\u003e on usbus7\numass0:  SCSI over Bulk-Only; quirks = 0xc100\numass0:7:0:-1: Attached to scbus7\nda0 at umass-sim0 bus 0 scbus7 target 0 lun 0\nda0: \u003cVerbatim STORE N GO 5.00\u003e Removable Direct Access SCSI device\nda0: Serial Number 07AA1007830F62B6\nda0: 40.000MB/s transfers\nda0: 1910MB (3911680 512 byte sectors: 255H 63S/T 243C)\nda0: quirks=0x2\u003cNO_6_BYTE\u003e\nRoot mount waiting for: usbus7\nugen7.4: \u003cvendor 0x058f\u003e at usbus7\numass1: \u003cvendor 0x058f product 0x6362, class 0/0, rev 2.00/1.00, addr 4\u003e on usbus7\numass1:  SCSI over Bulk-Only; quirks = 0x4001\numass1:8:1:-1: Attached to scbus8\nTrying to mount root from zfs:rpool/bootenv/R10.2 []...\nda1 at umass-sim1 bus 1 scbus8 target 0 lun 0\nda1: \u003cGeneric USB SD Reader 1.00\u003e Removable Direct Access SCSI device\nda1: 40.000MB/s transfers\nda1: Attempt to query device size failed: NOT READY, Medium not present\nda1: quirks=0x2\u003cNO_6_BYTE\u003e\nda2 at umass-sim1 bus 1 scbus8 target 0 lun 1\nda2: \u003cGeneric USB CF Reader 1.01\u003e Removable Direct Access SCSI device\nda2: 40.000MB/s transfers\nda2: Attempt to query device size failed: NOT READY, Medium not present\nda2: quirks=0x2\u003cNO_6_BYTE\u003e\nda3 at umass-sim1 bus 1 scbus8 target 0 lun 2\nda3: \u003cGeneric USB SM Reader 1.02\u003e Removable Direct Access SCSI device\nda3: 40.000MB/s transfers\nda3: Attempt to query device size failed: NOT READY, Medium not present\nda3: quirks=0x2\u003cNO_6_BYTE\u003e\nda4 at umass-sim1 bus 1 scbus8 target 0 lun 3\nda4: \u003cGeneric USB MS Reader 1.03\u003e Removable Direct Access SCSI device\nda4: 40.000MB/s transfers\nda4: Attempt to query device size failed: NOT READY, Medium not present\nda4: quirks=0x2\u003cNO_6_BYTE\u003e\nugen5.2: \u003chp\u003e at usbus5\ntap0: Ethernet address: 00:bd:fd:38:00:00\ntap1: Ethernet address: 00:bd:03:39:00:01\nbridge0: Ethernet address: 02:b0:3d:32:65:00\nuhid0: \u003cLogitech Logitech Illuminated Keyboard, class 0/0, rev 2.00/55.03, addr 2\u003e on usbus1\nulpt0: \u003chp photosmart 7700 series, class 0/0, rev 2.00/1.00, addr 2\u003e on usbus5\nulpt0: using bi-directional mode\nums0: \u003cLogitech USB-PS2 Optical Mouse, class 0/0, rev 2.00/27.20, addr 3\u003e on usbus1\nums0: 8 buttons and [XYZT] coordinates ID=0\nWARNING: /usr/home/xxxxx/.wine-pipelight was not properly dismounted\nata2: FAILURE - odd-sized DMA transfer attempt 5 % 2\nata2: setting up DMA failed\nata2: FAILURE - odd-sized DMA transfer attempt 5 % 2\nata2: setting up DMA failed\nata2: FAILURE - odd-sized DMA transfer attempt 5 % 2\nata2: setting up DMA failed\nata2: FAILURE - odd-sized DMA transfer attempt 5 % 2\nata2: setting up DMA failed\n\nroot@Dad:/ # camcontrol devlist\n\n\u003cMemorex 16X-DDL-IN 1.A3\u003e          at scbus2 target 0 lun 0 (pass0,cd0)\n\u003cWDC WD1001FALS-00E3A0 05.01D05\u003e   at scbus3 target 1 lun 0 (ada0,pass1)\n\u003cWDC WD1002FAEX-00Z3A0 05.01D05\u003e   at scbus4 target 0 lun 0 (ada1,pass2)\n\u003cST500DM002-1BD142 KC45\u003e           at scbus4 target 1 lun 0 (ada2,pass3)\n\u003cHDS722525VLSA80 V36OA60A\u003e         at scbus5 target 0 lun 0 (ada3,pass4)\n\u003cVerbatim STORE N GO 5.00\u003e         at scbus7 target 0 lun 0 (da0,pass5)\n\u003cGeneric USB SD Reader 1.00\u003e       at scbus8 target 0 lun 0 (da1,pass6)\n\u003cGeneric USB CF Reader 1.01\u003e       at scbus8 target 0 lun 1 (da2,pass7)\n\u003cGeneric USB SM Reader 1.02\u003e       at scbus8 target 0 lun 2 (da3,pass8)\n\u003cGeneric USB MS Reader 1.03\u003e       at scbus8 target 0 lun 3 (da4,pass9)\n\nvmstat -i before issuing scanimage\ninterrupt                          total       rate\nirq16: uhci0+                        713          2\nirq18: ehci0 uhci5                     2          0\nirq19: uhci2 uhci4                   331          0\nirq20: hpet0++                      6404         18\nirq21: uhci1                         653          1\nirq23: uhci3 ehci1                 13114         38\ncpu0:timer                         15586         45\nirq257: hdac0                        140          0\nirq258: re0                          216          0\ncpu1:timer                          3300          9\ncpu7:timer                          2653          7\ncpu2:timer                          4204         12\ncpu6:timer                          2898          8\ncpu4:timer                          3792         11\ncpu3:timer                          2962          8\ncpu5:timer                          3240          9\nTotal                              60208        175\n\nvmstat -i after issuing scanimage\ninterrupt                          total       rate\nirq16: uhci0+                       1056          2\nirq18: ehci0 uhci5                     2          0\nirq19: uhci2 uhci4                   497          0\nirq20: hpet0++                      6966         13\nirq21: uhci1                         989          1\nirq23: uhci3 ehci1                 18929         37\ncpu0:timer                         20852         41\nirq257: hdac0                        140          0\nirq258: re0                          266          0\ncpu1:timer                          4120          8\ncpu7:timer                          3400          6\ncpu2:timer                          4874          9\ncpu6:timer                          3679          7\ncpu4:timer                          4547          8\ncpu3:timer                          3728          7\ncpu5:timer                          4001          7\nTotal                              78046        154\n\nps -axld before scanimage\n\nUID  PID PPID CPU PRI NI    VSZ   RSS MWCHAN   STAT TT      TIME COMMAND\n  0    0    0   0  -8  0      0  5248 -        DLs   -   0:00.36 [kernel]\n  0    1    0   0  20  0   9476   832 wait     ILs   -   0:00.05 - /sbin/init -\n  0  156    1   0  52  0  12352  1748 pause    Is    -   0:00.00 |-- adjkerntz \n  0  647    1   0  52  0  16728  2000 select   Is    -   0:00.00 |-- /usr/sbin/\n  0  660    1   0  20  0  13624  4692 select   Ss    -   0:00.00 |-- /sbin/devd\n 59  666    1   0  21  0  33068  8536 select   Is    -   0:00.02 |-- /usr/sbin/\n  0  684    1   0  52  0  14700  2208 sbwait   Is    -   0:00.00 |-- pflogd: [p\n 64  686  684   0  20  0  14700  2208 bpf      S     -   0:00.00 | `-- pflogd: \n  0  787    1   0  20  0  14520  2116 select   Ss    -   0:00.01 |-- /usr/sbin/\n  0  987    1   0  20  0  26108 18028 select   Ss    -   0:00.14 |-- /usr/sbin/\n556 1029    1   0  20  0  17136  2964 select   Is    -   0:00.01 |-- /usr/local\n  0 1050    1   0  33  0 106908  7388 select   I     -   0:00.02 |-- /usr/local\n565 1052    1   0  34  0 105828 13180 select   I     -   0:00.02 |-- /usr/local\n  0 1072    1   0  35  0  80348  8080 kqread   Is    -   0:00.02 |-- /usr/local\n  0 1102    1   0  52  0  61224  6868 select   Is    -   0:00.00 |-- /usr/sbin/\n  0 1105    1   0  20  0  24136  5860 select   Ss    -   0:00.00 |-- sendmail: \n 25 1108    1   0  52  0  24136  5684 pause    Is    -   0:00.00 |-- sendmail: \n  0 1112    1   0  20  0  16616  2332 nanslp   Is    -   0:00.00 |-- /usr/sbin/\n560 1182    1   0  21  0  60800  8836 select   Is    -   0:00.25 |-- /usr/local\n  0 1183 1182   0  52  0  46236  5724 select   I     -   0:00.15 | `-- hald-run\n  0 1212 1183   0  40  0  31924  4000 kqread   I     -   0:00.13 |   |-- hald-a\n  0 1224 1183   0  20  0  23300  2776 select   S     -   0:00.15 |   |-- hald-a\n  0 1243 1183   0  20  0  23300  2772 select   S     -   0:00.14 |   |-- hald-a\n  0 1247 1183   0  20  0  23300  2772 select   S     -   0:00.14 |   |-- hald-a\n  0 1250 1183   0  20  0  23300  2772 select   S     -   0:00.14 |   |-- hald-a\n  0 1253 1183   0  20  0  23300  2772 select   S     -   0:00.14 |   |-- hald-a\n  0 1257 1183   0  20  0  23300  2772 select   S     -   0:00.14 |   `-- hald-a\n  0 1170    1   0  22  0  47748  2804 wait     Is   v0   0:00.01 |-- login [pam\n  0 1219 1170   0  20  0  23596  3680 pause    I    v0   0:00.03 | `-- -csh (cs\n  0 1275 1219   0  20  0  14488  2088 select   S+   v0   0:00.00 |   `-- script\n  0 1276 1275   0  20  0  23596  3692 pause    Ss    0   0:00.02 |     `-- /bin\n  0 1278 1276   0  20  0  18764  2328 -        R+    0   0:00.00 |       `-- ps\n  0 1171    1   0  52  0  14512  2080 ttyin    Is+  v1   0:00.00 |-- /usr/libex\n  0 1172    1   0  52  0  14512  2080 ttyin    Is+  v2   0:00.00 |-- /usr/libex\n  0 1173    1   0  52  0  14512  2080 ttyin    Is+  v3   0:00.00 |-- /usr/libex\n  0 1174    1   0  52  0  14512  2080 ttyin    Is+  v4   0:00.00 |-- /usr/libex\n  0 1175    1   0  52  0  14512  2080 ttyin    Is+  v5   0:00.00 |-- /usr/libex\n  0 1176    1   0  52  0  14512  2080 ttyin    Is+  v6   0:00.00 |-- /usr/libex\n  0 1177    1   0  52  0  14512  2080 ttyin    Is+  v7   0:00.00 `-- /usr/libex\n  0    2    0   0 -16  0      0    48 -        DL    -   0:00.08 - [cam]\n  0    3    0   0  -8  0      0   176 tx-\u003etx_s DL    -   0:00.03 - [zfskern]\n  0    4    0   0 -16  0      0    16 waiting_ DL    -   0:00.00 - [sctp_iterat\n  0    5    0   0 -16  0      0    32 umarcl   DL    -   0:00.00 - [pagedaemon]\n  0    6    0   0 -16  0      0    16 psleep   DL    -   0:00.00 - [vmdaemon]\n  0    7    0   0 155  0      0    16 pgzero   DL    -   0:00.00 - [pagezero]\n  0    8    0   0 -16  0      0    32 sdflush  DL    -   0:00.00 - [bufdaemon]\n  0    9    0   0  16  0      0    16 syncer   DL    -   0:00.00 - [syncer]\n  0   10    0   0 -16  0      0    16 audit_wo DL    -   0:00.00 - [audit]\n  0   11    0   0 155  0      0   128 -        RL    -  39:01.59 - [idle]\n  0   12    0   0 -72  0      0   384 -        WL    -   0:00.72 - [intr]\n  0   13    0   0  -8  0      0    48 -        DL    -   0:00.02 - [geom]\n  0   14    0   0 -16  0      0    16 -        DL    -   0:00.02 - [rand_harves\n  0   15    0   0 -68  0      0   512 -        DL    -   0:00.19 - [usb]\n  0   16    0   0 -20  0      0    16 VBoxIS   DL    -   0:00.00 - [Timer]\n  0   17    0   0 -16  0      0    16 vlruwt   DL    -   0:00.00 - [vnlru]\n  0  672    0   0 -16  0      0    16 pftm     DL    -   0:00.04 - [pf purge]\n  0  722    0   0 -16  0      0   128 sleep    DL    -   0:00.00 - [ng_queue]\n\nps -axld after scanimage\nUID  PID PPID CPU PRI NI    VSZ   RSS MWCHAN   STAT TT      TIME COMMAND\n  0    0    0   0  -8  0      0  5248 -        DLs   -   0:00.40 [kernel]\n  0    1    0   0  20  0   9476   832 wait     ILs   -   0:00.05 - /sbin/init -\n  0  156    1   0  52  0  12352  1748 pause    Is    -   0:00.00 |-- adjkerntz \n  0  647    1   0  52  0  16728  2000 select   Is    -   0:00.00 |-- /usr/sbin/\n  0  660    1   0  20  0  13624  4692 select   Is    -   0:00.00 |-- /sbin/devd\n 59  666    1   0  21  0  33068  8536 select   Is    -   0:00.02 |-- /usr/sbin/\n  0  684    1   0  52  0  14700  2208 sbwait   Is    -   0:00.00 |-- pflogd: [p\n 64  686  684   0  20  0  14700  2208 bpf      S     -   0:00.00 | `-- pflogd: \n  0  787    1   0  20  0  14520  2116 select   Is    -   0:00.01 |-- /usr/sbin/\n  0  987    1   0  20  0  26108 18028 select   Ss    -   0:00.14 |-- /usr/sbin/\n556 1029    1   0  20  0  17136  2976 select   Is    -   0:00.01 |-- /usr/local\n  0 1050    1   0  33  0 106908  7388 select   I     -   0:00.02 |-- /usr/local\n565 1052    1   0  34  0 105828 13184 select   I     -   0:00.03 |-- /usr/local\n  0 1072    1   0  20  0  80348  8156 kqread   Is    -   0:00.02 |-- /usr/local\n  0 1102    1   0  52  0  61224  6868 select   Is    -   0:00.00 |-- /usr/sbin/\n  0 1105    1   0  20  0  24136  5860 select   Ss    -   0:00.00 |-- sendmail: \n 25 1108    1   0  52  0  24136  5684 pause    Is    -   0:00.00 |-- sendmail: \n  0 1112    1   0  20  0  16616  2332 nanslp   Is    -   0:00.00 |-- /usr/sbin/\n560 1182    1   0  21  0  60800  8836 select   Is    -   0:00.26 |-- /usr/local\n  0 1183 1182   0  52  0  46236  5724 select   I     -   0:00.15 | `-- hald-run\n  0 1212 1183   0  40  0  31924  4000 kqread   I     -   0:00.13 |   |-- hald-a\n  0 1224 1183   0  20  0  23300  2776 select   S     -   0:00.17 |   |-- hald-a\n  0 1243 1183   0  20  0  23300  2772 select   S     -   0:00.15 |   |-- hald-a\n  0 1247 1183   0  20  0  23300  2772 select   S     -   0:00.15 |   |-- hald-a\n  0 1250 1183   0  20  0  23300  2772 select   S     -   0:00.15 |   |-- hald-a\n  0 1253 1183   0  20  0  23300  2772 select   S     -   0:00.15 |   |-- hald-a\n  0 1257 1183   0  20  0  23300  2772 select   S     -   0:00.15 |   `-- hald-a\n  0 1170    1   0  22  0  47748  2804 wait     Is   v0   0:00.01 |-- login [pam\n  0 1219 1170   0  20  0  23596  3680 pause    I    v0   0:00.03 | `-- -csh (cs\n  0 1275 1219   0  20  0  14488  2088 select   S+   v0   0:00.01 |   `-- script\n  0 1276 1275   0  20  0  23596  3696 pause    Ss    0   0:00.02 |     `-- /bin\n  0 1286 1276   0  20  0  18764  2328 -        R+    0   0:00.00 |       `-- ps\n  0 1171    1   0  52  0  14512  2080 ttyin    Is+  v1   0:00.00 |-- /usr/libex\n  0 1172    1   0  52  0  14512  2080 ttyin    Is+  v2   0:00.00 |-- /usr/libex\n  0 1173    1   0  52  0  14512  2080 ttyin    Is+  v3   0:00.00 |-- /usr/libex\n  0 1174    1   0  52  0  14512  2080 ttyin    Is+  v4   0:00.00 |-- /usr/libex\n  0 1175    1   0  52  0  14512  2080 ttyin    Is+  v5   0:00.00 |-- /usr/libex\n  0 1176    1   0  52  0  14512  2080 ttyin    Is+  v6   0:00.00 |-- /usr/libex\n  0 1177    1   0  52  0  14512  2080 ttyin    Is+  v7   0:00.00 `-- /usr/libex\n  0    2    0   0 -16  0      0    48 -        DL    -   0:00.09 - [cam]\n  0    3    0   0  -8  0      0   176 tx-\u003etx_s DL    -   0:00.03 - [zfskern]\n  0    4    0   0 -16  0      0    16 waiting_ DL    -   0:00.00 - [sctp_iterat\n  0    5    0   0 -16  0      0    32 umarcl   DL    -   0:00.00 - [pagedaemon]\n  0    6    0   0 -16  0      0    16 psleep   DL    -   0:00.00 - [vmdaemon]\n  0    7    0   0 155  0      0    16 pgzero   DL    -   0:00.00 - [pagezero]\n  0    8    0   0 -16  0      0    32 sdflush  DL    -   0:00.00 - [bufdaemon]\n  0    9    0   0  16  0      0    16 syncer   DL    -   0:00.00 - [syncer]\n  0   10    0   0 -16  0      0    16 audit_wo DL    -   0:00.00 - [audit]\n  0   11    0   0 155  0      0   128 -        RL    -  61:40.76 - [idle]\n  0   12    0   0 -72  0      0   384 -        WL    -   0:00.96 - [intr]\n  0   13    0   0  -8  0      0    48 -        DL    -   0:00.02 - [geom]\n  0   14    0   0 -16  0      0    16 -        DL    -   0:00.03 - [rand_harves\n  0   15    0   0 -68  0      0   512 -        DL    -   0:00.22 - [usb]\n  0   16    0   0 -20  0      0    16 VBoxIS   DL    -   0:00.00 - [Timer]\n  0   17    0   0 -16  0      0    16 vlruwt   DL    -   0:00.00 - [vnlru]\n  0  672    0   0 -16  0      0    16 pftm     DL    -   0:00.07 - [pf purge]\n  0  722    0   0 -16  0      0   128 sleep    DL    -   0:00.00 - [ng_queue]\n\nWhen this system runs FreeBSD 8.0-Release it assigns ad* to the drives; xsane and gscan2pdf work just fine.\n\nFeel free to use my system as a test bed for possible solutions."
}