{
 "id": 370943,
 "bug_id": 107935,
 "attachment_id": 0,
 "creation_time": "2007-01-15T01:10:22Z",
 "creator": "ports@logvinov.com",
 "text": "\nI had 100% reproducible panic on 6.2RC2 and now I have it on 6.2-RELEASE\nwith ucom, uplcom.\n\nI have USR Courier V.Everthing External Modem connected with RS232-\u003eUSB\ncable to box.\n\n# dmesg | grep ucom\nucom0: Prolific Technology Inc. USB-Serial Controller, rev 1.10/3.00, addr 3\n\n# cat /etc/ttys  | grep ttyU0\nttyU0   \"/usr/libexec/getty std.57600\"  dialup  on  insecure\n\n# ps ax | grep ttyU0\n 1236  ??  I      0:00,00 /usr/libexec/getty std.57600 ttyU0\n\n# ls -l /dev/cuaU*\ncrw-rw----  1 uucp  dialer    0,  70 12 ÿíâ 13:30 /dev/cuaU0\ncrw-rw----  1 uucp  dialer    0,  71 12 ÿíâ 13:30 /dev/cuaU0.init\ncrw-rw----  1 uucp  dialer    0,  72 12 ÿíâ 13:30 /dev/cuaU0.lock\n\n When I try to run minicom I get this:\n\n# minicom\nLANG/ja\nLANG/ko\nLANG/ru\nminicom: Cannot open /dev/cuaU0: Input/output error\n\n# dmesg\nucom0: open bulk out error (addr 2): IN_USE\n\n Then I try again\n\n# minicom\n\n and get a panic:\n\nFatal trap 12: page fault while in kernel mode\ncpuid = 0; apic id = 00\nfault virtual address   = 0x1c\nfault code              = supervisor read, page not present\ninstruction pointer     = 0x20:0xc04a6b1a\nstack pointer           = 0x28:0xe714daf0\nframe pointer           = 0x28:0xe714db04\ncode segment            = base 0x0, limit 0xfffff, type 0x1b\n                        = DPL 0, pres 1, def32 1, gran 1\nprocessor eflags        = interrupt enabled, resume, IOPL = 0\ncurrent process         = 1376 (minicom)\ntrap number             = 12\npanic: page fault\ncpuid = 0\nUptime: 9m10s\nDumping 1022 MB (4 chunks)\n  chunk 0: 1MB (157 pages) ... ok\n  chunk 1: 1022MB (261494 pages) 1006 990 974 958 942 926 910 894 878 862 846 830 814 798 782 766 750 734 718 702 686 670 654 638 622 606 590 574 558 542 526 510 494 478 462 446 430 414 398 382 366 350 334 318 302 286 270 254 238 222 206 190 174 158 142 126 110 94 78 62 46 30 14\n\n#0  doadump () at pcpu.h:165\n165             __asm __volatile(\"movl %%fs:0,%0\" : \"=r\" (td));\n(kgdb) bt\n#0  doadump () at pcpu.h:165\n#1  0xc0506ce9 in boot (howto=260) at /usr/src/sys/kern/kern_shutdown.c:409\n#2  0xc0507307 in panic (fmt=0xc06853cb \"%s\") at /usr/src/sys/kern/kern_shutdown.c:565\n#3  0xc065e5b8 in trap_fatal (frame=0xe714dab0, eva=28) at /usr/src/sys/i386/i386/trap.c:837\n#4  0xc065e858 in trap_pfault (frame=0xe714dab0, usermode=0, eva=28)\n    at /usr/src/sys/i386/i386/trap.c:745\n#5  0xc065ec40 in trap (frame=\n      {tf_fs = -1067122680, tf_es = 40, tf_ds = -418119640, tf_edi = 0, tf_esi = -994371968, tf_ebp = -418063612, tf_isp = -418063652, tf_ebx = -996246928, tf_edx = -1066708223, tf_ecx = -1068864777, tf_eax = 0, tf_trapno = 12, tf_err = 0, tf_eip = -1068864742, tf_cs = 32, tf_eflags = 66178, tf_esp = -418063600, tf_ss = 0}) at /usr/src/sys/i386/i386/trap.c:435\n#6  0xc064960a in calltrap () at /usr/src/sys/i386/i386/exception.s:139\n#7  0xc04a6b1a in uhci_softintr (v=0xc47e8000) at /usr/src/sys/dev/usb/uhci.c:1303\n#8  0xc04a723a in uhci_abort_xfer (xfer=0xc4bdc800, status=3228259073)\n    at /usr/src/sys/dev/usb/uhci.c:2000\n#9  0xc04b3e89 in usbd_abort_pipe (pipe=0xc4bb1680) at /usr/src/sys/dev/usb/usbdi.c:762\n#10 0xc04a2ac1 in ucomstopread (sc=0x0) at /usr/src/sys/dev/usb/ucom.c:855\n#11 0xc04a2bf2 in ucomparam (tp=0xc4841400, t=0xc6bda400) at /usr/src/sys/dev/usb/ucom.c:497\n#12 0xc05420fd in ttioctl (tp=0xc4841400, cmd=2150396948, data=0xc6bda400, flag=3)\n    at /usr/src/sys/kern/tty.c:1075\n#13 0xc054367b in ttyioctl (dev=0xc06b5301, cmd=2150396948, data=0xc6bda400 \"\\001\", flag=3, td=0x0)\n    at /usr/src/sys/kern/tty.c:3260\n#14 0xc04d26cf in giant_ioctl (dev=0xc483f000, cmd=0, data=0x0, fflag=0, td=0x0)\n    at /usr/src/sys/kern/kern_conf.c:306\n#15 0xc04b7e8d in devfs_ioctl_f (fp=0xc46cd990, com=2150396948, data=0xc6bda400, cred=0xc4f7da80,\n    td=0xc49b5300) at /usr/src/sys/fs/devfs/devfs_vnops.c:479\n#16 0xc0531020 in ioctl (td=0xc49b5300, uap=0xe714dd04) at file.h:264\n#17 0xc065f0b8 in syscall (frame=\n      {tf_fs = -1067188165, tf_es = 59, tf_ds = 59, tf_edi = 3, tf_esi = 0, tf_ebp = -1077943160, tf_isp = -418063004, tf_ebx = 673891360, tf_edx = -1077943136, tf_ecx = -1077943136, tf_eax = 54, tf_trapno = 12, tf_err = 2, tf_eip = 673827683, tf_cs = 51, tf_eflags = 582, tf_esp = -1077943252, tf_ss = 59}) at /usr/src/sys/i386/i386/trap.c:983\n#18 0xc064965f in Xint0x80_syscall () at /usr/src/sys/i386/i386/exception.s:200\n#19 0x00000033 in ?? ()\nPrevious frame inner to this frame (corrupt stack?)\n\n# dmesg\nCopyright (c) 1992-2007 The FreeBSD Project.\nCopyright (c) 1979, 1980, 1983, 1986, 1988, 1989, 1991, 1992, 1993, 1994\n\tThe Regents of the University of California. All rights reserved.\nFreeBSD is a registered trademark of The FreeBSD Foundation.\nFreeBSD 6.2-RELEASE #6: Fri Jan 12 13:05:07 YAKT 2007\n    user@blg.akavia.ru:/usr/obj/usr/src/sys/AKA\nTimecounter \"i8254\" frequency 1193182 Hz quality 0\nCPU: Intel(R) Pentium(R) D CPU 3.00GHz (2995.51-MHz 686-class CPU)\n  Origin = \"GenuineIntel\"  Id = 0xf62  Stepping = 2\n  Features=0xbfebfbff\u003cFPU,VME,DE,PSE,TSC,MSR,PAE,MCE,CX8,APIC,SEP,MTRR,PGE,MCA,CMOV,PAT,PSE36,CLFLUSH,DTS,ACPI,MMX,FXSR,SSE,SSE2,SS,HTT,TM,PBE\u003e\n  Features2=0xe43d\u003cSSE3,RSVD2,MON,DS_CPL,VMX,CNTX-ID,CX16,\u003cb14\u003e,\u003cb15\u003e\u003e\n  AMD Features=0x20000000\u003cLM\u003e\n  AMD Features2=0x1\u003cLAHF\u003e\n  Cores per package: 2\nreal memory  = 1072128000 (1022 MB)\navail memory = 1044230144 (995 MB)\nACPI APIC Table: \u003cINTEL  04DT044 \u003e\nFreeBSD/SMP: Multiprocessor System Detected: 2 CPUs\n cpu0 (BSP): APIC ID:  0\n cpu1 (AP): APIC ID:  1\nioapic0: Changing APIC ID to 5\nioapic1: WARNING: intbase 30 != expected base 24\nioapic0 \u003cVersion 2.0\u003e irqs 0-23 on motherboard\nioapic1 \u003cVersion 2.0\u003e irqs 30-53 on motherboard\nkbd1 at kbdmux0\nacpi0: \u003cINTEL 04DT044\u003e on motherboard\nacpi0: Power Button (fixed)\nTimecounter \"ACPI-fast\" frequency 3579545 Hz quality 1000\nacpi_timer0: \u003c24-bit timer at 3.579545MHz\u003e port 0x408-0x40b on acpi0\ncpu0: \u003cACPI CPU\u003e on acpi0\ncpu1: \u003cACPI CPU\u003e on acpi0\nacpi_button0: \u003cSleep Button\u003e on acpi0\npcib0: \u003cACPI Host-PCI bridge\u003e port 0xcf8-0xcff on acpi0\npci0: \u003cACPI PCI bus\u003e on pcib0\npcib1: \u003cACPI PCI-PCI bridge\u003e at device 28.0 on pci0\npci1: \u003cACPI PCI bus\u003e on pcib1\npcib2: \u003cACPI PCI-PCI bridge\u003e at device 0.0 on pci1\npci2: \u003cACPI PCI bus\u003e on pcib2\npcib3: \u003cACPI PCI-PCI bridge\u003e at device 28.4 on pci0\npci3: \u003cACPI PCI bus\u003e on pcib3\npcib4: \u003cACPI PCI-PCI bridge\u003e at device 28.5 on pci0\npci4: \u003cACPI PCI bus\u003e on pcib4\nem0: \u003cIntel(R) PRO/1000 Network Connection Version - 6.2.9\u003e port 0x2000-0x201f mem 0x48180000-0x4819ffff,0x48100000-0x4817ffff irq 17 at device 0.0 on pci4\nem0: Ethernet address: 00:13:20:d6:12:bb\natapci0: \u003cGENERIC ATA controller\u003e port 0x2040-0x2047,0x2050-0x2053,0x2038-0x203f,0x204c-0x204f,0x2020-0x202f irq 18 at device 0.2 on pci4\nata2: \u003cATA channel 0\u003e on atapci0\nata3: \u003cATA channel 1\u003e on atapci0\npci4: \u003csimple comms, UART\u003e at device 0.3 (no driver attached)\npci4: \u003cserial bus\u003e at device 0.4 (no driver attached)\nuhci0: \u003cUHCI (generic) USB controller\u003e port 0x3080-0x309f irq 23 at device 29.0 on pci0\nuhci0: [GIANT-LOCKED]\nusb0: \u003cUHCI (generic) USB controller\u003e on uhci0\nusb0: USB revision 1.0\nuhub0: Intel UHCI root hub, class 9/0, rev 1.00/1.00, addr 1\nuhub0: 2 ports with 2 removable, self powered\nuhci1: \u003cUHCI (generic) USB controller\u003e port 0x3060-0x307f irq 19 at device 29.1 on pci0\nuhci1: [GIANT-LOCKED]\nusb1: \u003cUHCI (generic) USB controller\u003e on uhci1\nusb1: USB revision 1.0\nuhub1: Intel UHCI root hub, class 9/0, rev 1.00/1.00, addr 1\nuhub1: 2 ports with 2 removable, self powered\nuhci2: \u003cUHCI (generic) USB controller\u003e port 0x3040-0x305f irq 18 at device 29.2 on pci0\nuhci2: [GIANT-LOCKED]\nusb2: \u003cUHCI (generic) USB controller\u003e on uhci2\nusb2: USB revision 1.0\nuhub2: Intel UHCI root hub, class 9/0, rev 1.00/1.00, addr 1\nuhub2: 2 ports with 2 removable, self powered\nuhci3: \u003cUHCI (generic) USB controller\u003e port 0x3020-0x303f irq 16 at device 29.3 on pci0\nuhci3: [GIANT-LOCKED]\nusb3: \u003cUHCI (generic) USB controller\u003e on uhci3\nusb3: USB revision 1.0\nuhub3: Intel UHCI root hub, class 9/0, rev 1.00/1.00, addr 1\nuhub3: 2 ports with 2 removable, self powered\nehci0: \u003cIntel 82801GB/R (ICH7) USB 2.0 controller\u003e mem 0x48200400-0x482007ff irq 23 at device 29.7 on pci0\nehci0: [GIANT-LOCKED]\nusb4: EHCI version 1.0\nusb4: companion controllers, 2 ports each: usb0 usb1 usb2 usb3\nusb4: \u003cIntel 82801GB/R (ICH7) USB 2.0 controller\u003e on ehci0\nusb4: USB revision 2.0\nuhub4: Intel EHCI root hub, class 9/0, rev 2.00/1.00, addr 1\nuhub4: 8 ports with 8 removable, self powered\npcib5: \u003cACPI PCI-PCI bridge\u003e at device 30.0 on pci0\npci5: \u003cACPI PCI bus\u003e on pcib5\npci5: \u003cdisplay, VGA\u003e at device 4.0 (no driver attached)\nem1: \u003cIntel(R) PRO/1000 Network Connection Version - 6.2.9\u003e port 0x1100-0x113f mem 0x48020000-0x4803ffff,0x48000000-0x4801ffff irq 17 at device 5.0 on pci5\nem1: Ethernet address: 00:13:20:d6:12:bc\nisab0: \u003cPCI-ISA bridge\u003e at device 31.0 on pci0\nisa0: \u003cISA bus\u003e on isab0\natapci1: \u003cIntel ICH7 UDMA100 controller\u003e port 0x1f0-0x1f7,0x3f6,0x170-0x177,0x376,0x30b0-0x30bf irq 18 at device 31.1 on pci0\nata0: \u003cATA channel 0\u003e on atapci1\nata1: \u003cATA channel 1\u003e on atapci1\natapci2: \u003cIntel ICH7 SATA300 controller\u003e port 0x30c8-0x30cf,0x30e4-0x30e7,0x30c0-0x30c7,0x30e0-0x30e3,0x30a0-0x30af mem 0x48200000-0x482003ff irq 19 at device 31.2 on pci0\natapci2: AHCI Version 01.10 controller with 4 ports detected\nata4: \u003cATA channel 0\u003e on atapci2\nata5: \u003cATA channel 1\u003e on atapci2\nata6: \u003cATA channel 2\u003e on atapci2\nata7: \u003cATA channel 3\u003e on atapci2\nichsmb0: \u003cSMBus controller\u003e port 0x3000-0x301f irq 19 at device 31.3 on pci0\nichsmb0: [GIANT-LOCKED]\nsmbus0: \u003cSystem Management Bus\u003e on ichsmb0\natkbdc0: \u003cKeyboard controller (i8042)\u003e port 0x60,0x64 irq 1 on acpi0\natkbd0: \u003cAT Keyboard\u003e irq 1 on atkbdc0\nkbd0 at atkbd0\natkbd0: [GIANT-LOCKED]\nsio0: \u003c16550A-compatible COM port\u003e port 0x3f8-0x3ff irq 4 flags 0x10 on acpi0\nsio0: type 16550A\norm0: \u003cISA Option ROM\u003e at iomem 0xc0000-0xcafff on isa0\nsc0: \u003cSystem console\u003e at flags 0x100 on isa0\nsc0: VGA \u003c16 virtual consoles, flags=0x300\u003e\nvga0: \u003cGeneric ISA VGA\u003e at port 0x3c0-0x3df iomem 0xa0000-0xbffff on isa0\nsio1: configured irq 3 not in bitmap of probed irqs 0\nsio1: port may not be enabled\nugen0: American Power Conversion Smart-UPS 750 RM FW:619.3.I USB FW:1.5, rev 1.10/0.06, addr 2\nucom0: Prolific Technology Inc. USB-Serial Controller, rev 1.10/3.00, addr 3\nTimecounters tick every 1.000 msec\nipfw2 (+ipv6) initialized, divert loadable, rule-based forwarding enabled, default to deny, logging limited to 100 packets/entry by default\nacd0: DVDR \u003cPIONEER DVD-RW DVR-K16/1.33\u003e at ata0-master UDMA33\nad8: 152627MB \u003cWDC WD1600JS-00MHB0 02.01C03\u003e at ata4-master SATA300\nad10: 152627MB \u003cWDC WD1600JS-00MHB0 02.01C03\u003e at ata5-master SATA300\nar0: 152520MB \u003cLSILogic v3 MegaRAID RAID1\u003e status: READY\nar0: disk0 READY (master) using ad8 at ata4-master\nar0: disk1 READY (mirror) using ad10 at ata5-master\nSMP: AP CPU #1 Launched!\ncd0 at ata0 bus 0 target 0 lun 0\ncd0: \u003cPIONEER DVD-RW  DVR-K16 1.33\u003e Removable CD-ROM SCSI-0 device \ncd0: 33.000MB/s transfers\ncd0: Attempt to query device size failed: NOT READY, Medium not present\nTrying to mount root from ufs:/dev/ar0s1a\nWARNING: /var was not properly dismounted\nint0: link state changed to UP\nint0: promiscuous mode enabled\n\nHow-To-Repeat: \n Edit /etc/ttys to add ttyU0\n Configure minicom with port /dev/cuaU0\n Run minicom twice:\n \n# minicom\n# minicom"
}