{
 "id": 934441,
 "bug_id": 219375,
 "attachment_id": 0,
 "creation_time": "2017-05-18T12:10:46Z",
 "creator": "bobf@mrp3.com",
 "text": "received kernel panic and coredump on newly built system (old hardware, ran FBSD 8-STABLE for years).\n\n  vm_fault: fault on nofault entry, addr: fffffe001ff0a000\n\nI was attempting to open a web page (in firefox) from a link in thunderbird.  Firefox was already running at the time, with several windows on different virtual desktops (using mate) showing multiple web pages per window.\n\nThere was also a linux VM running in virtualbox (with ~2G RAM assigned to it).\n\nThe new packages have been recently installed using 'pkg' based on 11-RELEASE.\n\nI have seen what I believe to be crashes that are related to video before, when running 8-STABLE (with ports from over 2 years ago).  This is one of the reasons I re-built the system from scratch on a new hard drive, entirely on ZFS.\n\n\nuname output:\n\nFreeBSD hack.SFT.local 11.0-RELEASE-p1 FreeBSD 11.0-RELEASE-p1 #0 r306420: Thu Sep 29 01:43:23 UTC 2016     root@releng2.nyi.freebsd.org:/usr/obj/usr/src/sys/GENERIC  amd64\n\n\nthese are the loaded kernel modules:\n\nId Refs Address            Size     Name\n 1   39 0xffffffff80200000 1fa7c38  kernel\n 2    1 0xffffffff821a9000 30aec0   zfs.ko\n 3    2 0xffffffff824b4000 adc0     opensolaris.ko\n 4    1 0xffffffff82621000 4cd3     cuse4bsd.ko\n 5    3 0xffffffff82626000 4feed    vboxdrv.ko\n 6    2 0xffffffff82676000 2a1f     vboxnetflt.ko\n 7    2 0xffffffff82679000 befc     netgraph.ko\n 8    1 0xffffffff82685000 423b     ng_ether.ko\n 9    1 0xffffffff8268a000 3f86     vboxnetadp.ko\n10    2 0xffffffff8268e000 3de40    linux.ko\n11    2 0xffffffff826cc000 7b08     linux_common.ko\n12    1 0xffffffff826d4000 389f4    linux64.ko\n13    1 0xffffffff8270d000 2c0a     coretemp.ko\n14    1 0xffffffff82710000 964559   nvidia.ko\n\n\nThis is the dmesg output (in its entirety) related to the crash/dump.  I included everything since it has some information in it that might be helpful.\n\nCopyright (c) 1992-2016 The FreeBSD Project.\nCopyright (c) 1979, 1980, 1983, 1986, 1988, 1989, 1991, 1992, 1993, 1994\n\tThe Regents of the University of California. All rights reserved.\nFreeBSD is a registered trademark of The FreeBSD Foundation.\nFreeBSD 11.0-RELEASE-p1 #0 r306420: Thu Sep 29 01:43:23 UTC 2016\n    root@releng2.nyi.freebsd.org:/usr/obj/usr/src/sys/GENERIC amd64\nFreeBSD clang version 3.8.0 (tags/RELEASE_380/final 262564) (based on LLVM 3.8.0)\nVT(vga): resolution 640x480\nCPU: Intel(R) Core(TM)2 Quad CPU    Q6600  @ 2.40GHz (2400.13-MHz K8-class CPU)\n  Origin=\"GenuineIntel\"  Id=0x6fb  Family=0x6  Model=0xf  Stepping=11\n  Features=0xbfebfbff\u003cFPU,VME,DE,PSE,TSC,MSR,PAE,MCE,CX8,APIC,SEP,MTRR,PGE,MCA,CMOV,PAT,PSE36,CLFLUSH,DTS,ACPI,MMX,FXSR,SSE,SSE2,SS,HTT,TM,PBE\u003e\n  Features2=0xe3bd\u003cSSE3,DTES64,MON,DS_CPL,VMX,EST,TM2,SSSE3,CX16,xTPR,PDCM\u003e\n  AMD Features=0x20100800\u003cSYSCALL,NX,LM\u003e\n  AMD Features2=0x1\u003cLAHF\u003e\n  VT-x: HLT,PAUSE\n  TSC: P-state invariant, performance statistics\nreal memory  = 8589934592 (8192 MB)\navail memory = 8254439424 (7872 MB)\nEvent timer \"LAPIC\" quality 400\nACPI APIC Table: \u003cGBT    GBTUACPI\u003e\nFreeBSD/SMP: Multiprocessor System Detected: 4 CPUs\nFreeBSD/SMP: 1 package(s) x 4 core(s)\nrandom: unblocking device.\nioapic0: Changing APIC ID to 2\nioapic0 \u003cVersion 2.0\u003e irqs 0-23 on motherboard\nrandom: entropy device external interface\nkbd1 at kbdmux0\nnetmap: loaded module\nmodule_register_init: MOD_LOAD (vesa, 0xffffffff8101c950, 0) error 19\nvtvga0: \u003cVT VGA driver\u003e on motherboard\ncryptosoft0: \u003csoftware crypto\u003e on motherboard\nacpi0: \u003cGBT GBTUACPI\u003e on motherboard\nacpi0: Power Button (fixed)\ncpu0: \u003cACPI CPU\u003e on acpi0\ncpu1: \u003cACPI CPU\u003e on acpi0\ncpu2: \u003cACPI CPU\u003e on acpi0\ncpu3: \u003cACPI CPU\u003e on acpi0\nattimer0: \u003cAT timer\u003e port 0x40-0x43 on acpi0\nTimecounter \"i8254\" frequency 1193182 Hz quality 0\nEvent timer \"i8254\" frequency 1193182 Hz quality 100\nhpet0: \u003cHigh Precision Event Timer\u003e iomem 0xfed00000-0xfed003ff irq 0,8 on acpi0\nTimecounter \"HPET\" frequency 14318180 Hz quality 950\nEvent timer \"HPET\" frequency 14318180 Hz quality 450\nEvent timer \"HPET1\" frequency 14318180 Hz quality 440\nEvent timer \"HPET2\" frequency 14318180 Hz quality 440\nEvent timer \"HPET3\" frequency 14318180 Hz quality 440\natrtc0: \u003cAT realtime clock\u003e port 0x70-0x73 on acpi0\nEvent timer \"RTC\" frequency 32768 Hz quality 0\nTimecounter \"ACPI-fast\" frequency 3579545 Hz quality 900\nacpi_timer0: \u003c24-bit timer at 3.579545MHz\u003e port 0x408-0x40b on acpi0\nacpi_button0: \u003cPower Button\u003e on acpi0\npcib0: \u003cACPI Host-PCI bridge\u003e port 0xcf8-0xcff on acpi0\npci0: \u003cACPI PCI bus\u003e on pcib0\npcib1: \u003cPCI-PCI bridge\u003e irq 16 at device 6.0 on pci0\npci1: \u003cPCI bus\u003e on pcib1\nvgapci0: \u003cVGA-compatible display\u003e port 0xa000-0xa07f mem 0xe6000000-0xe6ffffff,0xd0000000-0xdfffffff,0xe4000000-0xe5ffffff irq 16 at device 0.0 on pci1\nvgapci0: Boot video device\nuhci0: \u003cIntel 82801JI (ICH10) USB controller USB-D\u003e port 0xe000-0xe01f irq 16 at device 26.0 on pci0\nuhci0: LegSup = 0x2f00\nusbus0 on uhci0\nuhci1: \u003cIntel 82801JI (ICH10) USB controller USB-E\u003e port 0xe100-0xe11f irq 21 at device 26.1 on pci0\nuhci1: LegSup = 0x2f00\nusbus1 on uhci1\nuhci2: \u003cIntel 82801JI (ICH10) USB controller USB-F\u003e port 0xe200-0xe21f irq 18 at device 26.2 on pci0\nuhci2: LegSup = 0x2f00\nusbus2 on uhci2\nehci0: \u003cIntel 82801JI (ICH10) USB 2.0 controller USB-B\u003e mem 0xeb305000-0xeb3053ff irq 18 at device 26.7 on pci0\nusbus3: EHCI version 1.0\nusbus3 on ehci0\nhdac0: \u003cIntel 82801JI HDA Controller\u003e mem 0xeb300000-0xeb303fff irq 22 at device 27.0 on pci0\npcib2: \u003cACPI PCI-PCI bridge\u003e irq 16 at device 28.0 on pci0\npcib2: [GIANT-LOCKED]\npcib3: \u003cACPI PCI-PCI bridge\u003e irq 19 at device 28.3 on pci0\npcib3: [GIANT-LOCKED]\npci2: \u003cACPI PCI bus\u003e on pcib3\natapci0: \u003cJMicron JMB368 UDMA133 controller\u003e port 0xb000-0xb007,0xb100-0xb103,0xb200-0xb207,0xb300-0xb303,0xb400-0xb40f irq 19 at device 0.0 on pci2\nata2: \u003cATA channel\u003e at channel 0 on atapci0\npcib4: \u003cACPI PCI-PCI bridge\u003e irq 16 at device 28.4 on pci0\npcib4: [GIANT-LOCKED]\npci3: \u003cACPI PCI bus\u003e on pcib4\nre0: \u003cRealTek 8168/8111 B/C/CP/D/DP/E/F/G PCIe Gigabit Ethernet\u003e port 0xc000-0xc0ff mem 0xeb010000-0xeb010fff,0xeb000000-0xeb00ffff irq 16 at device 0.0 on pci3\nre0: Using 1 MSI-X message\nre0: Chip rev. 0x3c000000\nre0: MAC rev. 0x00400000\nmiibus0: \u003cMII bus\u003e on re0\nrgephy0: \u003cRTL8169S/8110S/8211 1000BASE-T media interface\u003e PHY 1 on miibus0\nrgephy0:  none, 10baseT, 10baseT-FDX, 10baseT-FDX-flow, 100baseTX, 100baseTX-FDX, 100baseTX-FDX-flow, 1000baseT, 1000baseT-master, 1000baseT-FDX, 1000baseT-FDX-master, 1000baseT-FDX-flow, 1000baseT-FDX-flow-master, auto, auto-flow\nre0: Using defaults for TSO: 65518/35/2048\nre0: Ethernet address: 00:1f:d0:2d:d5:ba\nre0: netmap queues/slots: TX 1/256, RX 1/256\npcib5: \u003cACPI PCI-PCI bridge\u003e irq 17 at device 28.5 on pci0\npcib5: [GIANT-LOCKED]\npci4: \u003cACPI PCI bus\u003e on pcib5\nre1: \u003cRealTek 8168/8111 B/C/CP/D/DP/E/F/G PCIe Gigabit Ethernet\u003e port 0xd000-0xd0ff mem 0xeb110000-0xeb110fff,0xeb100000-0xeb10ffff irq 17 at device 0.0 on pci4\nre1: Using 1 MSI-X message\nre1: Chip rev. 0x3c000000\nre1: MAC rev. 0x00400000\nmiibus1: \u003cMII bus\u003e on re1\nrgephy1: \u003cRTL8169S/8110S/8211 1000BASE-T media interface\u003e PHY 1 on miibus1\nrgephy1:  none, 10baseT, 10baseT-FDX, 10baseT-FDX-flow, 100baseTX, 100baseTX-FDX, 100baseTX-FDX-flow, 1000baseT, 1000baseT-master, 1000baseT-FDX, 1000baseT-FDX-master, 1000baseT-FDX-flow, 1000baseT-FDX-flow-master, auto, auto-flow\nre1: Using defaults for TSO: 65518/35/2048\nre1: Ethernet address: 00:1f:d0:2d:d5:d9\nre1: netmap queues/slots: TX 1/256, RX 1/256\nuhci3: \u003cIntel 82801JI (ICH10) USB controller USB-A\u003e port 0xe300-0xe31f irq 23 at device 29.0 on pci0\nuhci3: LegSup = 0x2f00\nusbus4 on uhci3\nuhci4: \u003cIntel 82801JI (ICH10) USB controller USB-B\u003e port 0xe400-0xe41f irq 19 at device 29.1 on pci0\nuhci4: LegSup = 0x2f00\nusbus5 on uhci4\nuhci5: \u003cIntel 82801JI (ICH10) USB controller USB-C\u003e port 0xe500-0xe51f irq 18 at device 29.2 on pci0\nuhci5: LegSup = 0x2f00\nusbus6 on uhci5\nehci1: \u003cIntel 82801JI (ICH10) USB 2.0 controller USB-A\u003e mem 0xeb304000-0xeb3043ff irq 23 at device 29.7 on pci0\nusbus7: EHCI version 1.0\nusbus7 on ehci1\npcib6: \u003cACPI PCI-PCI bridge\u003e at device 30.0 on pci0\npci5: \u003cACPI PCI bus\u003e on pcib6\npci5: \u003cserial bus, FireWire\u003e at device 7.0 (no driver attached)\nisab0: \u003cPCI-ISA bridge\u003e at device 31.0 on pci0\nisa0: \u003cISA bus\u003e on isab0\natapci1: \u003cIntel ICH10 SATA300 controller\u003e port 0x1f0-0x1f7,0x3f6,0x170-0x177,0x376,0xf000-0xf00f,0xf100-0xf10f at device 31.2 on pci0\nata0: \u003cATA channel\u003e at channel 0 on atapci1\nata1: \u003cATA channel\u003e at channel 1 on atapci1\natapci2: \u003cIntel ICH10 SATA300 controller\u003e port 0xe700-0xe707,0xe800-0xe803,0xe900-0xe907,0xea00-0xea03,0xeb00-0xeb0f,0xec00-0xec0f irq 19 at device 31.5 on pci0\nata3: \u003cATA channel\u003e at channel 0 on atapci2\nata4: \u003cATA channel\u003e at channel 1 on atapci2\nuart0: \u003c16550 or compatible\u003e port 0x3f8-0x3ff irq 4 flags 0x10 on acpi0\nppc0: \u003cParallel port\u003e port 0x378-0x37f,0x778-0x77b irq 7 drq 3 on acpi0\nppc0: SMC-like chipset (ECP/EPP/PS2/NIBBLE) in COMPATIBLE mode\nppc0: FIFO with 16/16/16 bytes threshold\nppbus0: \u003cParallel port bus\u003e on ppc0\nlpt0: \u003cPrinter\u003e on ppbus0\nlpt0: Interrupt-driven port\nppi0: \u003cParallel I/O\u003e on ppbus0\natkbdc0: \u003cKeyboard controller (i8042)\u003e port 0x60,0x64 irq 1 on acpi0\natkbd0: \u003cAT Keyboard\u003e irq 1 on atkbdc0\nkbd0 at atkbd0\natkbd0: [GIANT-LOCKED]\npsm0: \u003cPS/2 Mouse\u003e irq 12 on atkbdc0\npsm0: [GIANT-LOCKED]\npsm0: model IntelliMouse, device ID 3\nacpi_perf0: \u003cACPI CPU Frequency Control\u003e on cpu0\nest1: \u003cEnhanced SpeedStep Frequency Control\u003e on cpu1\nest: CPU supports Enhanced Speedstep, but is not recognized.\nest: cpu_vendor GenuineIntel, msr 9250925060c0625\ndevice_attach: est1 attach returned 6\nest2: \u003cEnhanced SpeedStep Frequency Control\u003e on cpu2\nest: CPU supports Enhanced Speedstep, but is not recognized.\nest: cpu_vendor GenuineIntel, msr 9250925060c0625\ndevice_attach: est2 attach returned 6\nest3: \u003cEnhanced SpeedStep Frequency Control\u003e on cpu3\nest: CPU supports Enhanced Speedstep, but is not recognized.\nest: cpu_vendor GenuineIntel, msr 9250925060c0625\ndevice_attach: est3 attach returned 6\nusbus0: 12Mbps Full Speed USB v1.0\nZFS filesystem version: 5\nZFS storage pool version: features support (5000)\nTimecounters tick every 1.000 msec\nnvme cam probe device init\nhdacc0: \u003cRealtek ALC889A HDA CODEC\u003e at cad 2 on hdac0\nhdaa0: \u003cRealtek ALC889A Audio Function Group\u003e at nid 1 on hdacc0\npcm0: \u003cRealtek ALC889A (Rear Analog 7.1/2.0)\u003e at nid 20,22,21,23 and 24,26 on hdaa0\npcm1: \u003cRealtek ALC889A (Front Analog)\u003e at nid 27 and 25 on hdaa0\npcm2: \u003cRealtek ALC889A (Rear Digital)\u003e at nid 30 and 31 on hdaa0\nusbus1: 12Mbps Full Speed USB v1.0\nusbus2: 12Mbps Full Speed USB v1.0\nusbus3: 480Mbps High Speed USB v2.0\nusbus4: 12Mbps Full Speed USB v1.0\nugen1.1: \u003cIntel\u003e at usbus1\nuhub0: \u003cIntel UHCI root HUB, class 9/0, rev 1.00/1.00, addr 1\u003e on usbus1\nugen0.1: \u003cIntel\u003e at usbus0\nuhub1: \u003cIntel UHCI root HUB, class 9/0, rev 1.00/1.00, addr 1\u003e on usbus0\nugen2.1: \u003cIntel\u003e at usbus2\nuhub2: \u003cIntel UHCI root HUB, class 9/0, rev 1.00/1.00, addr 1\u003e on usbus2\nugen3.1: \u003cIntel\u003e at usbus3\nuhub3: \u003cIntel EHCI root HUB, class 9/0, rev 2.00/1.00, addr 1\u003e on usbus3\nugen4.1: \u003cIntel\u003e at usbus4\nuhub4: \u003cIntel UHCI root HUB, class 9/0, rev 1.00/1.00, addr 1\u003e on usbus4\nusbus5: 12Mbps Full Speed USB v1.0\nusbus6: 12Mbps Full Speed USB v1.0\nusbus7: 480Mbps High Speed USB v2.0\nugen5.1: \u003cIntel\u003e at usbus5\nuhub5: \u003cIntel UHCI root HUB, class 9/0, rev 1.00/1.00, addr 1\u003e on usbus5\nugen6.1: \u003cIntel\u003e at usbus6\nuhub6: \u003cIntel UHCI root HUB, class 9/0, rev 1.00/1.00, addr 1\u003e on usbus6\nugen7.1: \u003cIntel\u003e at usbus7\nuhub7: \u003cIntel EHCI root HUB, class 9/0, rev 2.00/1.00, addr 1\u003e on usbus7\nuhub0: 2 ports with 2 removable, self powered\nuhub1: 2 ports with 2 removable, self powered\nuhub2: 2 ports with 2 removable, self powered\nuhub4: 2 ports with 2 removable, self powered\nuhub5: 2 ports with 2 removable, self powered\nuhub6: 2 ports with 2 removable, self powered\nada0 at ata0 bus 0 scbus1 target 0 lun 0\nada0: \u003cWDC WD2003FYPS-27Y2B0 04.05G11\u003e ATA8-ACS SATA 2.x device\nada0: Serial Number WD-WCAVY7180271\nada0: 300.000MB/s transfers (SATA 2.x, UDMA5, PIO 8192bytes)\nada0: 1907728MB (3907027055 512 byte sectors)\nada1 at ata0 bus 0 scbus1 target 1 lun 0\nada1: \u003cMAXTOR STM3500630AS 3.AAE\u003e ATA-7 SATA 1.x device\nada1: Serial Number 9QG7YY78\nada1: 150.000MB/s transfers (SATA 1.x, UDMA5, PIO 8192bytes)\nada1: 476940MB (976773168 512 byte sectors)\nada2 at ata3 bus 0 scbus3 target 0 lun 0\nada2: \u003cHitachi HDS721010CLA332 JP4OA39C\u003e ATA8-ACS SATA 2.x device\nada2: Serial Number JP2921HQ23DVBA\nada2: 300.000MB/s transfers (SATA 2.x, UDMA5, PIO 8192bytes)\nada2: 953869MB (1953525168 512 byte sectors)\ncd0 at ata1 bus 0 scbus2 target 0 lun 0\nSMP: AP CPU #3 Launched!\nSMP: AP CPU #2 Launched!\nSMP: AP CPU #1 Launched!\ncd0: \u003cATAPI DVD D  DH16D2S EP53\u003e Removable CD-ROM SCSI device\ncd0: 150.000MB/s transfers (SATA 1.x, UDMA5, ATAPI 12bytes, PIO 8192bytes)\ncd0: Attempt to query device size failed: NOT READY, Medium not present - tray closed\nTimecounter \"TSC-low\" frequency 1200066277 Hz quality 1000\nTrying to mount root from zfs:zroot/ROOT/default []...\nRoot mount waiting for: usbus7 usbus3\nRoot mount waiting for: usbus7 usbus3\nuhub7: 6 ports with 6 removable, self powered\nuhub3: 6 ports with 6 removable, self powered\nCuse4BSD v0.1.36 @ /dev/cuse\nre0: link state changed to DOWN\nre0: link state changed to UP\nre1: link state changed to DOWN\nvboxdrv: fAsync=0 offMin=0x52b offMax=0x164a\ncoretemp0: \u003cCPU On-Die Thermal Sensors\u003e on cpu0\ncoretemp1: \u003cCPU On-Die Thermal Sensors\u003e on cpu1\nest1: \u003cEnhanced SpeedStep Frequency Control\u003e on cpu1\nest: CPU supports Enhanced Speedstep, but is not recognized.\nest: cpu_vendor GenuineIntel, msr 9250925060c0625\ndevice_attach: est1 attach returned 6\ncoretemp2: \u003cCPU On-Die Thermal Sensors\u003e on cpu2\nest2: \u003cEnhanced SpeedStep Frequency Control\u003e on cpu2\nest: CPU supports Enhanced Speedstep, but is not recognized.\nest: cpu_vendor GenuineIntel, msr 9250925060c0625\ndevice_attach: est2 attach returned 6\ncoretemp3: \u003cCPU On-Die Thermal Sensors\u003e on cpu3\nest3: \u003cEnhanced SpeedStep Frequency Control\u003e on cpu3\nest: CPU supports Enhanced Speedstep, but is not recognized.\nest: cpu_vendor GenuineIntel, msr 9250925060c0625\ndevice_attach: est3 attach returned 6\nWARNING: /32-bit was not properly dismounted\nWARNING: /32-bit/tmp was not properly dismounted\nWARNING: /32-bit/var was not properly dismounted\nWARNING: /32-bit/usr was not properly dismounted\nWARNING: /32-bit/d-drive was not properly dismounted\nnvidia0: \u003cGeForce 9600 GT\u003e on vgapci0\nvgapci0: child nvidia0 requested pci_enable_io\nvgapci0: child nvidia0 requested pci_enable_io\nWARNING: /old/var was not properly dismounted\nWARNING: /old/tmp was not properly dismounted\nWARNING: /old/usr was not properly dismounted\nWARNING: /old/e-drive was not properly dismounted\nvboxnet0: Ethernet address: 0a:00:27:00:00:00\nvboxdrv: ffffffff83075020 VMMR0.r0\nvboxdrv: ffffffff8317a020 VBoxDDR0.r0\npid 10579 (mate-system-monitor), uid 103: exited on signal 5\nre0: promiscuous mode enabled\nre0: promiscuous mode disabled\npanic: vm_fault: fault on nofault entry, addr: fffffe001ff0a000\ncpuid = 0\nKDB: stack backtrace:\n#0 0xffffffff80b24077 at kdb_backtrace+0x67\n#1 0xffffffff80ad93e2 at vpanic+0x182\n#2 0xffffffff80ad9253 at panic+0x43\n#3 0xffffffff80e12601 at vm_fault_hold+0x2721\n#4 0xffffffff80e0fe98 at vm_fault+0x78\n#5 0xffffffff80fa0e39 at trap_pfault+0xf9\n#6 0xffffffff80fa04cc at trap+0x26c\n#7 0xffffffff80f84141 at calltrap+0x8\nUptime: 22h46m49s\nDumping 3688 out of 8155 MB:..1%..11%..21%..31%..41%..51%..61%..71%..81%..91%\n\n\ninfo file on crash dump:\nDump header from device: /dev/ada0p2\n  Architecture: amd64\n  Architecture Version: 2\n  Dump Length: 3867783168\n  Blocksize: 512\n  Dumptime: Thu May 18 03:42:48 2017\n  Hostname: hack.SFT.local\n  Magic: FreeBSD Kernel Dump\n  Version String: FreeBSD 11.0-RELEASE-p1 #0 r306420: Thu Sep 29 01:43:23 UTC 2016\n    root@releng2.nyi.freebsd.org:/usr/obj/usr/src/sys/GENERIC\n  Panic String: vm_fault: fault on nofault entry, addr: fffffe001ff0a000\n  Dump Parity: 3670130591\n  Bounds: 1\n  Dump Status: good\n\n\nVIDEO INFORMATION\n\nThe nvidia kernel driver is x11/nvidia-driver-340  (necessary since I have an older graphics card).\n\nin Xorg.0.log (the one running now) the NVidia display is reported as follows:\n\n[   505.906] (II) NVIDIA(0): NVIDIA GPU GeForce 9600 GT (G94) at PCI:1:0:0 (GPU-0)\n[   505.906] (--) NVIDIA(0): Memory: 524288 kBytes\n[   505.906] (--) NVIDIA(0): VideoBIOS: 62.94.0d.00.71\n[   505.906] (II) NVIDIA(0): Detected PCI Express Link width: 16X\n\nThe video adapter is pretty old.  It dates back from around 2008.  The CPU is the same age.  The motherboard is a year newer and the RAM was replaced a few years ago.\n\n\nRELATED OBSERVATIONS\n\nI have observed crashes in 8-STABLE before, usually associated with doing things like switching out of full screen video mode.  However the crashes back then were somewhat random.\n\nAnother possibly related problem is that swap space would occasionally be allocated (and not free'd up), with no indication as to which application had done it.  Usually it would be about 5% of the available (8G) swap space.  In 8-STABLE, when this happend, the system could go weeks without crashing.  However, I don't recall whether swap space was never allocated when the system crashed.\n\nIn short this problem could have been present for years.  It could also be hardware related.  It could have something to do with a kernel module that incorrectly allocates pages (or corrupts the page table), sometimes resulting in swap space being allocated for no reason.\n\nI have observed the swap space phenomenon ONCE with this new 11-RELEASE kernel.\n\nI plan on updating kernel/world with the latest 11-STABLE once I have finished putting everything back where it was (more or less) under 8.  If it happens again I will annotate it in this bug report.\n\n\n(I wasn't able to get any really useful information out of kgdb; however, I will keep the core dump file handy in case you need it)"
}