{
 "id": 519060,
 "bug_id": 138681,
 "attachment_id": 0,
 "creation_time": "2009-09-09T21:50:01Z",
 "creator": "bri@zellis.com",
 "text": "\nOn Sept 5, 2009, I performed fresh install of 7.2 on new boot disk. Have since experienced 4 kernel panics. Common element in stack trace is pmap_remove_all(), but that could be a coincidence, I guess.\n\nMachine was very stable with FreeBSD 5.x before loading 7.2.\n\nvmcore.0 and vmcore.1 are from trying to start X.\nvmcore.2 and vmcore.3 are from running a java application.\n\nFirst three cores are from the generic -RELEASE kernel. The last core is the generic -p2 kernel.\n\n-------------------------------------------------------------\n\ninfo.0:\n\nDump header from device /dev/ad0s1b\n  Architecture: i386\n  Architecture Version: 2\n  Dump Length: 93233152B (88 MB)\n  Blocksize: 512\n  Dumptime: Sat Sep  5 14:13:00 2009\n  Hostname: roxy.zellis.com\n  Magic: FreeBSD Kernel Dump\n  Version String: FreeBSD 7.2-RELEASE #0: Fri May  1 08:49:13 UTC 2009\n    root@walker.cse.buffalo.edu:/usr/obj/usr/src/sys/GENERIC\n  Panic String: page fault\n  Dump Parity: 1535340\n  Bounds: 0\n  Dump Status: good\n\nvmcore.0:\n\nFatal trap 12: page fault while in kernel mode\ncpuid = 0; apic id = 00\nfault virtual address   = 0xf000efc3\nfault code              = supervisor read, page not present\ninstruction pointer     = 0x20:0xc0aa72c5\nstack pointer           = 0x28:0xd62b9b1c\nframe pointer           = 0x28:0xd62b9b38\ncode segment            = base 0x0, limit 0xfffff, type 0x1b\n                        = DPL 0, pres 1, def32 1, gran 1\nprocessor eflags        = interrupt enabled, resume, IOPL = 0\ncurrent process         = 22677 (cat)\ntrap number             = 12\npanic: page fault\ncpuid = 0\nUptime: 43m3s\nPhysical memory: 499 MB\nDumping 88 MB: (CTRL-C to abort)  (CTRL-C to abort)  73 (CTRL-C to abort)  (CTRL-C to abort)  57 41 25 9\n\n\n#0  doadump () at pcpu.h:196\n#1  0xc07e25a7 in boot (howto=260) at /usr/src/sys/kern/kern_shutdown.c:418\n#2  0xc07e2879 in panic (fmt=Variable \"fmt\" is not available.) at /usr/src/sys/kern/kern_shutdown.c:574\n#3  0xc0ae3ebc in trap_fatal (frame=0xd62b9adc, eva=4026593219) at /usr/src/sys/i386/i386/trap.c:939\n#4  0xc0ae4140 in trap_pfault (frame=0xd62b9adc, usermode=0, eva=4026593219) at /usr/src/sys/i386/i386/trap.c:852\n#5  0xc0ae4aec in trap (frame=0xd62b9adc) at /usr/src/sys/i386/i386/trap.c:530\n#6  0xc0ac91fb in calltrap () at /usr/src/sys/i386/i386/exception.s:159\n#7  0xc0aa72c5 in fOsCommandDone (_vbus_p=0xc1569ec8, pCmd=0x10) at /usr/src/sys/dev/hptmv/entry.c:3010\n#8  0xc0adf324 in pmap_remove_all (m=0xc1569ec8) at /usr/src/sys/i386/i386/pmap.c:2674\n#9  0xc0a24658 in vm_object_page_remove (object=0xc466bb00, start=0, end=1, clean_only=0) at /usr/src/sys/vm/vm_object.c:1922\n#10 0xc0a1ec52 in vm_map_delete (map=Variable \"map\" is not available.) at /usr/src/sys/vm/vm_map.c:2311\n#11 0xc0a1ed71 in vm_map_remove (map=0xc309b760, start=0, end=3217031168) at /usr/src/sys/vm/vm_map.c:2427\n#12 0xc0a2153f in vmspace_exit (td=0xc3801d20) at /usr/src/sys/vm/vm_map.c:324\n#13 0xc07bbadb in exit1 (td=0xc3801d20, rv=0) at /usr/src/sys/kern/kern_exit.c:306\n#14 0xc07bce4d in sys_exit (td=Could not find the frame base for \"sys_exit\".) at /usr/src/sys/kern/kern_exit.c:110\n#15 0xc0ae4495 in syscall (frame=0xd62b9d38) at /usr/src/sys/i386/i386/trap.c:1090\n#16 0xc0ac9260 in Xint0x80_syscall () at /usr/src/sys/i386/i386/exception.s:255\n#17 0x00000033 in ?? ()\n\n-------------------------------------------------------------\n\ninfo.1:\n\nDump header from device /dev/ad0s1b\n  Architecture: i386\n  Architecture Version: 2\n  Dump Length: 89759744B (85 MB)\n  Blocksize: 512\n  Dumptime: Sun Sep  6 14:24:23 2009\n  Hostname: roxy.zellis.com\n  Magic: FreeBSD Kernel Dump\n  Version String: FreeBSD 7.2-RELEASE #0: Fri May  1 08:49:13 UTC 2009\n    root@walker.cse.buffalo.edu:/usr/obj/usr/src/sys/GENERIC\n  Panic String: page fault\n  Dump Parity: 1003207788\n  Bounds: 1\n  Dump Status: good\n\nvmcore.1:\n\nFatal trap 12: page fault while in kernel mode\ncpuid = 0; apic id = 00\nfault virtual address   = 0xf000efc3\nfault code              = supervisor read, page not present\ninstruction pointer     = 0x20:0xc0aa72c5\nstack pointer           = 0x28:0xd62cbb1c\nframe pointer           = 0x28:0xd62cbb38\ncode segment            = base 0x0, limit 0xfffff, type 0x1b\n                        = DPL 0, pres 1, def32 1, gran 1\nprocessor eflags        = interrupt enabled, resume, IOPL = 0\ncurrent process         = 8594 (sed)\ntrap number             = 12\npanic: page fault\ncpuid = 0\nUptime: 3m51s\nPhysical memory: 499 MB\nDumping 85 MB: 70 54 38 22 6\n\n\n#0  doadump () at pcpu.h:196\n#1  0xc07e25a7 in boot (howto=260) at /usr/src/sys/kern/kern_shutdown.c:418\n#2  0xc07e2879 in panic (fmt=Variable \"fmt\" is not available.) at /usr/src/sys/kern/kern_shutdown.c:574\n#3  0xc0ae3ebc in trap_fatal (frame=0xd62cbadc, eva=4026593219) at /usr/src/sys/i386/i386/trap.c:939\n#4  0xc0ae4140 in trap_pfault (frame=0xd62cbadc, usermode=0, eva=4026593219) at /usr/src/sys/i386/i386/trap.c:852\n#5  0xc0ae4aec in trap (frame=0xd62cbadc) at /usr/src/sys/i386/i386/trap.c:530\n#6  0xc0ac91fb in calltrap () at /usr/src/sys/i386/i386/exception.s:159\n#7  0xc0aa72c5 in fOsCommandDone (_vbus_p=0xc1584580, pCmd=0x10) at /usr/src/sys/dev/hptmv/entry.c:3010\n#8  0xc0adf324 in pmap_remove_all (m=0xc1584580) at /usr/src/sys/i386/i386/pmap.c:2674\n#9  0xc0a24658 in vm_object_page_remove (object=0xc4013680, start=0, end=3, clean_only=0) at /usr/src/sys/vm/vm_object.c:1922\n#10 0xc0a1ec52 in vm_map_delete (map=Variable \"map\" is not available.) at /usr/src/sys/vm/vm_map.c:2311\n#11 0xc0a1ed71 in vm_map_remove (map=0xc39bea24, start=0, end=3217031168) at /usr/src/sys/vm/vm_map.c:2427\n#12 0xc0a2153f in vmspace_exit (td=0xc38ca8c0) at /usr/src/sys/vm/vm_map.c:324\n#13 0xc07bbadb in exit1 (td=0xc38ca8c0, rv=0) at /usr/src/sys/kern/kern_exit.c:306\n#14 0xc07bce4d in sys_exit (td=Could not find the frame base for \"sys_exit\".) at /usr/src/sys/kern/kern_exit.c:110\n#15 0xc0ae4495 in syscall (frame=0xd62cbd38) at /usr/src/sys/i386/i386/trap.c:1090\n#16 0xc0ac9260 in Xint0x80_syscall () at /usr/src/sys/i386/i386/exception.s:255\n#17 0x00000033 in ?? ()\n\n-------------------------------------------------------------\n\ninfo.2:\n\nDump header from device /dev/ad0s1b\n  Architecture: i386\n  Architecture Version: 2\n  Dump Length: 110493696B (105 MB)\n  Blocksize: 512\n  Dumptime: Tue Sep  8 21:07:48 2009\n  Hostname: roxy.zellis.com\n  Magic: FreeBSD Kernel Dump\n  Version String: FreeBSD 7.2-RELEASE #0: Fri May  1 08:49:13 UTC 2009\n    root@walker.cse.buffalo.edu:/usr/obj/usr/src/sys/GENERIC\n  Panic String: page fault\n  Dump Parity: 1215131759\n  Bounds: 2\n  Dump Status: good\n\nvmcore.2:\n\nFatal trap 12: page fault while in kernel mode\ncpuid = 0; apic id = 00\nfault virtual address   = 0x34\nfault code              = supervisor read, page not present\ninstruction pointer     = 0x20:0xc0aa72c2\nstack pointer           = 0x28:0xd632d8a8\nframe pointer           = 0x28:0xd632d8c4\ncode segment            = base 0x0, limit 0xfffff, type 0x1b\n                        = DPL 0, pres 1, def32 1, gran 1\nprocessor eflags        = interrupt enabled, resume, IOPL = 0\ncurrent process         = 2893 (java)\ntrap number             = 12\npanic: page fault\ncpuid = 0\nUptime: 3h0m28s\nPhysical memory: 499 MB\nDumping 105 MB: 90 74 58 42 26 10\n\n\n#1  0xc07e25a7 in boot (howto=260) at /usr/src/sys/kern/kern_shutdown.c:418\n#2  0xc07e2879 in panic (fmt=Variable \"fmt\" is not available.) at /usr/src/sys/kern/kern_shutdown.c:574\n#3  0xc0ae3ebc in trap_fatal (frame=0xd632d868, eva=52) at /usr/src/sys/i386/i386/trap.c:939\n#4  0xc0ae4140 in trap_pfault (frame=0xd632d868, usermode=0, eva=52) at /usr/src/sys/i386/i386/trap.c:852\n#5  0xc0ae4aec in trap (frame=0xd632d868) at /usr/src/sys/i386/i386/trap.c:530\n#6  0xc0ac91fb in calltrap () at /usr/src/sys/i386/i386/exception.s:159\n#7  0xc0aa72c2 in fOsCommandDone (_vbus_p=0xc1a6c290, pCmd=0x10) at /usr/src/sys/dev/hptmv/entry.c:3009\n#8  0xc0adf324 in pmap_remove_all (m=0xc1a6c290) at /usr/src/sys/i386/i386/pmap.c:2674\n#9  0xc084b008 in vfs_busy_pages (bp=0xc2da0ffc, clear_modify=1) at /usr/src/sys/kern/vfs_bio.c:3464\n#10 0xc084fff2 in bufwrite (bp=0xc2da0ffc) at /usr/src/sys/kern/vfs_bio.c:861\n#11 0xc0848ec8 in bawrite (bp=0xc2da0ffc) at buf.h:417\n#12 0xc085386d in cluster_wbuild (vp=0xc3d30678, size=16384, start_lbn=104, len=8) at /usr/src/sys/kern/vfs_cluster.c:958\n#13 0xc0853f16 in cluster_write (vp=0xc3d30678, bp=0xc2e94b4c, filesize=1703936, seqcount=105) at ...\n#14 0xc09ff107 in ffs_write (ap=0xd632dbc4) at /usr/src/sys/ufs/ffs/ffs_vnops.c:777\n#15 0xc0afa1f6 in VOP_WRITE_APV (vop=0xc0c6c120, a=0xd632dbc4) at vnode_if.c:691\n#16 0xc08714d7 in vn_write (fp=0xc38e16d4, uio=0xd632dc60, active_cred=0xc3942e00, flags=0, td=0xc3960af0) at vnode_if.h:373\n#17 0xc081b627 in dofilewrite (td=0xc3960af0, fd=58, fp=0xc38e16d4, auio=0xd632dc60, offset=-1, flags=0) at file.h:257\n#18 0xc081b908 in kern_writev (td=0xc3960af0, fd=58, auio=0xd632dc60) at /usr/src/sys/kern/sys_generic.c:402\n#19 0xc081b97f in write (td=0xc3960af0, uap=0xd632dcfc) at /usr/src/sys/kern/sys_generic.c:318\n#20 0xc0ae4495 in syscall (frame=0xd632dd38) at /usr/src/sys/i386/i386/trap.c:1090\n#21 0xc0ac9260 in Xint0x80_syscall () at /usr/src/sys/i386/i386/exception.s:255\n#22 0x00000033 in ?? ()\n\n-------------------------------------------------------------\n\ninfo.3: (note change in kernel version to p2)\n\nDump header from device /dev/ad0s1b\n  Architecture: i386\n  Architecture Version: 2\n  Dump Length: 110301184B (105 MB)\n  Blocksize: 512\n  Dumptime: Wed Sep  9 11:43:56 2009\n  Hostname: roxy.zellis.com\n  Magic: FreeBSD Kernel Dump\n  Version String: FreeBSD 7.2-RELEASE-p2 #0: Wed Jun 24 00:57:44 UTC 2009\n    root@i386-builder.daemonology.net:/usr/obj/usr/src/sys/GENERIC\n  Panic String: page fault\n  Dump Parity: 1306411110\n  Bounds: 3\n  Dump Status: good\n\nvmcore.3:\n\nFatal trap 12: page fault while in kernel mode\ncpuid = 0; apic id = 00\nfault virtual address   = 0x34\nfault code              = supervisor read, page not present\ninstruction pointer     = 0x20:0xc0aa7302\nstack pointer           = 0x28:0xd62ec8a8\nframe pointer           = 0x28:0xd62ec8c4\ncode segment            = base 0x0, limit 0xfffff, type 0x1b\n                        = DPL 0, pres 1, def32 1, gran 1\nprocessor eflags        = interrupt enabled, resume, IOPL = 0\ncurrent process         = 1293 (java)\ntrap number             = 12\npanic: page fault\ncpuid = 0\nUptime: 48m24s\nPhysical memory: 499 MB\nDumping 105 MB: 90 74 58 42 26 10\n\n\n#1  0xc07e25c7 in boot (howto=260) at /usr/src/sys/kern/kern_shutdown.c:418\n#2  0xc07e2899 in panic (fmt=Variable \"fmt\" is not available.) at /usr/src/sys/kern/kern_shutdown.c:574\n#3  0xc0ae3efc in trap_fatal (frame=0xd62ec868, eva=52) at /usr/src/sys/i386/i386/trap.c:939\n#4  0xc0ae4180 in trap_pfault (frame=0xd62ec868, usermode=0, eva=52) at /usr/src/sys/i386/i386/trap.c:852\n#5  0xc0ae4b2c in trap (frame=0xd62ec868) at /usr/src/sys/i386/i386/trap.c:530\n#6  0xc0ac923b in calltrap () at /usr/src/sys/i386/i386/exception.s:159\n#7  0xc0aa7302 in fOsCommandDone (_vbus_p=0xc18e9dd0, pCmd=0x10) at /usr/src/sys/dev/hptmv/entry.c:3009\n#8  0xc0adf364 in pmap_remove_all (m=0xc18e9dd0) at /usr/src/sys/i386/i386/pmap.c:2674\n#9  0xc084b038 in vfs_busy_pages (bp=0xc2da957c, clear_modify=1) at /usr/src/sys/kern/vfs_bio.c:3464\n#10 0xc0850022 in bufwrite (bp=0xc2da957c) at /usr/src/sys/kern/vfs_bio.c:861\n#11 0xc0848ef8 in bawrite (bp=0xc2da957c) at buf.h:417\n#12 0xc085389d in cluster_wbuild (vp=0xc42e333c, size=16384, start_lbn=48, len=8) at /usr/src/sys/kern/vfs_cluster.c:958\n#13 0xc0853f46 in cluster_write (vp=0xc42e333c, bp=0xc2e9a44c, filesize=786432, seqcount=49) at /usr/src/sys/kern/vfs_cluster.c:570\n#14 0xc09ff147 in ffs_write (ap=0xd62ecbc4) at /usr/src/sys/ufs/ffs/ffs_vnops.c:777\n#15 0xc0afa236 in VOP_WRITE_APV (vop=0xc0c6c160, a=0xd62ecbc4) at vnode_if.c:691\n#16 0xc0871507 in vn_write (fp=0xc38fa8e8, uio=0xd62ecc60, active_cred=0xc3988200, flags=0, td=0xc39fb460) at vnode_if.h:373\n#17 0xc081b647 in dofilewrite (td=0xc39fb460, fd=58, fp=0xc38fa8e8, auio=0xd62ecc60, offset=-1, flags=0) at file.h:257\n#18 0xc081b928 in kern_writev (td=0xc39fb460, fd=58, auio=0xd62ecc60) at /usr/src/sys/kern/sys_generic.c:402\n#19 0xc081b99f in write (td=0xc39fb460, uap=0xd62eccfc) at /usr/src/sys/kern/sys_generic.c:318\n#20 0xc0ae44d5 in syscall (frame=0xd62ecd38) at /usr/src/sys/i386/i386/trap.c:1090\n#21 0xc0ac92a0 in Xint0x80_syscall () at /usr/src/sys/i386/i386/exception.s:255\n#22 0x00000033 in ?? ()\n\n-------------------------------------------------------------\n\ndmesg:\n\nCopyright (c) 1992-2009 The FreeBSD Project.\nCopyright (c) 1979, 1980, 1983, 1986, 1988, 1989, 1991, 1992, 1993, 1994\n        The Regents of the University of California. All rights reserved.\nFreeBSD is a registered trademark of The FreeBSD Foundation.\nFreeBSD 7.2-RELEASE-p2 #0: Wed Jun 24 00:57:44 UTC 2009\n    root@i386-builder.daemonology.net:/usr/obj/usr/src/sys/GENERIC\nTimecounter \"i8254\" frequency 1193182 Hz quality 0\nCPU: AMD Athlon(tm) XP 2600+ (2081.80-MHz 686-class CPU)\n  Origin = \"AuthenticAMD\"  Id = 0x681  Stepping = 1\n  Features=0x383fbff\u003cFPU,VME,DE,PSE,TSC,MSR,PAE,MCE,CX8,APIC,SEP,MTRR,PGE,MCA,CMOV,PAT,PSE36,MMX,FXSR,SSE\u003e\n  AMD Features=0xc0400800\u003cSYSCALL,MMX+,3DNow!+,3DNow!\u003e\nreal memory  = 536805376 (511 MB)\navail memory = 511283200 (487 MB)\nACPI APIC Table: \u003cVKT333 AWRDACPI\u003e\nioapic0 \u003cVersion 0.3\u003e irqs 0-23 on motherboard\nkbd1 at kbdmux0\nacpi0: \u003cVKT333 AWRDACPI\u003e on motherboard\nacpi0: [ITHREAD]\nacpi0: Power Button (fixed)\nacpi0: reservation of 0, a0000 (3) failed\nacpi0: reservation of 100000, 1fef0000 (3) failed\nTimecounter \"ACPI-fast\" frequency 3579545 Hz quality 1000\nacpi_timer0: \u003c24-bit timer at 3.579545MHz\u003e port 0x4008-0x400b on acpi0\nacpi_button0: \u003cPower Button\u003e on acpi0\nacpi_button1: \u003cSleep Button\u003e on acpi0\npcib0: \u003cACPI Host-PCI bridge\u003e port 0xcf8-0xcff,0x4000-0x407f,0x4080-0x40ff,0x5000-0x500f on acpi0\npci0: \u003cACPI PCI bus\u003e on pcib0\npcib1: \u003cPCI-PCI bridge\u003e at device 1.0 on pci0\npci1: \u003cPCI bus\u003e on pcib1\nvgapci0: \u003cVGA-compatible display\u003e port 0xd000-0xd0ff mem 0xe8000000-0xe8ffffff,0xe9120000-0xe9120fff irq 16 at device 9.0 on pci0\npcib2: \u003cPCI-PCI bridge\u003e at device 11.0 on pci0\npci2: \u003cPCI bus\u003e on pcib2\nahc0: \u003cAdaptec 3940 Ultra SCSI adapter\u003e port 0xc000-0xc0ff mem 0xe9010000-0xe9010fff irq 18 at device 4.0 on pci2\nahc0: [ITHREAD]\naic7880: Ultra Wide Channel A, SCSI Id=7, 16/253 SCBs\nahc1: \u003cAdaptec 3940 Ultra SCSI adapter\u003e port 0xc400-0xc4ff mem 0xe9011000-0xe9011fff irq 19 at device 5.0 on pci2\nahc1: [ITHREAD]\naic7880: Ultra Wide Channel B, SCSI Id=7, 16/253 SCBs\nxl0: \u003c3Com 3c905B-TX Fast Etherlink XL\u003e port 0xd400-0xd47f mem 0xe9121000-0xe912107f irq 19 at device 12.0 on pci0\nmiibus0: \u003cMII bus\u003e on xl0\nxlphy0: \u003c3Com internal media interface\u003e PHY 24 on miibus0\nxlphy0:  10baseT, 10baseT-FDX, 100baseTX, 100baseTX-FDX, auto\nxl0: Ethernet address: 00:01:02:57:8c:6c\nxl0: [ITHREAD]\nuhci0: \u003cVIA 83C572 USB controller\u003e port 0xd800-0xd81f irq 21 at device 16.0 on pci0\nuhci0: [GIANT-LOCKED]\nuhci0: [ITHREAD]\nusb0: \u003cVIA 83C572 USB controller\u003e on uhci0\nusb0: USB revision 1.0\nuhub0: \u003cVIA UHCI root hub, class 9/0, rev 1.00/1.00, addr 1\u003e on usb0\nuhub0: 2 ports with 2 removable, self powered\nuhci1: \u003cVIA 83C572 USB controller\u003e port 0xdc00-0xdc1f irq 21 at device 16.1 on pci0\nuhci1: [GIANT-LOCKED]\nuhci1: [ITHREAD]\nusb1: \u003cVIA 83C572 USB controller\u003e on uhci1\nusb1: USB revision 1.0\nuhub1: \u003cVIA UHCI root hub, class 9/0, rev 1.00/1.00, addr 1\u003e on usb1\nuhub1: 2 ports with 2 removable, self powered\nuhci2: \u003cVIA 83C572 USB controller\u003e port 0xe000-0xe01f irq 21 at device 16.2 on pci0\nuhci2: [GIANT-LOCKED]\nuhci2: [ITHREAD]\nusb2: \u003cVIA 83C572 USB controller\u003e on uhci2\nusb2: USB revision 1.0\nuhub2: \u003cVIA UHCI root hub, class 9/0, rev 1.00/1.00, addr 1\u003e on usb2\nuhub2: 2 ports with 2 removable, self powered\nehci0: \u003cVIA VT6202 USB 2.0 controller\u003e mem 0xe9122000-0xe91220ff irq 21 at device 16.3 on pci0\nehci0: [GIANT-LOCKED]\nehci0: [ITHREAD]\nusb3: EHCI version 1.0\nusb3: companion controllers, 2 ports each: usb0 usb1 usb2\nusb3: \u003cVIA VT6202 USB 2.0 controller\u003e on ehci0\nusb3: USB revision 2.0\nuhub3: \u003cVIA EHCI root hub, class 9/0, rev 2.00/1.00, addr 1\u003e on usb3\nuhub3: 6 ports with 6 removable, self powered\nisab0: \u003cPCI-ISA bridge\u003e at device 17.0 on pci0\nisa0: \u003cISA bus\u003e on isab0\natapci0: \u003cVIA 8235 UDMA133 controller\u003e port 0x1f0-0x1f7,0x3f6,0x170-0x177,0x376,0xe400-0xe40f at device 17.1 on pci0\nata0: \u003cATA channel 0\u003e on atapci0\nata0: [ITHREAD]\nata1: \u003cATA channel 1\u003e on atapci0\nata1: [ITHREAD]\npci0: \u003cmultimedia, audio\u003e at device 17.5 (no driver attached)\nvr0: \u003cVIA VT6102 Rhine II 10/100BaseTX\u003e port 0xec00-0xecff mem 0xe9123000-0xe91230ff irq 23 at device 18.0 on pci0\nvr0: Quirks: 0x0\nvr0: Revision: 0x74\nmiibus1: \u003cMII bus\u003e on vr0\nukphy0: \u003cGeneric IEEE 802.3u media interface\u003e PHY 1 on miibus1\nukphy0:  10baseT, 10baseT-FDX, 100baseTX, 100baseTX-FDX, auto\nvr0: Ethernet address: 00:30:1b:38:12:cb\nvr0: [ITHREAD]\nacpi_tz0: \u003cThermal Zone\u003e on acpi0\nfdc0: \u003cfloppy drive controller\u003e port 0x3f0-0x3f5,0x3f7 irq 6 drq 2 on acpi0\nfdc0: [FILTER]\nfd0: \u003c1440-KB 3.5\" drive\u003e on fdc0 drive 0\nsio0: \u003c16550A-compatible COM port\u003e port 0x3f8-0x3ff irq 4 flags 0x10 on acpi0\nsio0: type 16550A\nsio0: [FILTER]\nsio1: \u003c16550A-compatible COM port\u003e port 0x2f8-0x2ff irq 3 on acpi0\nsio1: type 16550A\nsio1: [FILTER]\ncpu0: \u003cACPI CPU\u003e on acpi0\nacpi_throttle0: \u003cACPI CPU Throttling\u003e on cpu0\npmtimer0 on isa0\norm0: \u003cISA Option ROMs\u003e at iomem 0xc0000-0xc7fff,0xc8000-0xc87ff pnpid ORM0000 on isa0\natkbdc0: \u003cKeyboard controller (i8042)\u003e at port 0x60,0x64 on isa0\natkbd0: \u003cAT Keyboard\u003e irq 1 on atkbdc0\nkbd0 at atkbd0\natkbd0: [GIANT-LOCKED]\natkbd0: [ITHREAD]\nppc0: \u003cParallel port\u003e at port 0x378-0x37f irq 7 on isa0\nppc0: Generic chipset (NIBBLE-only) in COMPATIBLE mode\nppbus0: \u003cParallel port bus\u003e on ppc0\nppbus0: [ITHREAD]\nplip0: \u003cPLIP network interface\u003e on ppbus0\nplip0: WARNING: using obsoleted IFF_NEEDSGIANT flag\nlpt0: \u003cPrinter\u003e on ppbus0\nlpt0: Interrupt-driven port\nppi0: \u003cParallel I/O\u003e on ppbus0\nppc0: [GIANT-LOCKED]\nppc0: [ITHREAD]\nsc0: \u003cSystem console\u003e at flags 0x100 on isa0\nsc0: VGA \u003c16 virtual consoles, flags=0x300\u003e\nvga0: \u003cGeneric ISA VGA\u003e at port 0x3c0-0x3df iomem 0xa0000-0xbffff on isa0\nTimecounter \"TSC\" frequency 2081798621 Hz quality 800\nTimecounters tick every 1.000 msec\nad0: 305245MB \u003cWDC WD3200AAJB-00J3A0 01.03E01\u003e at ata0-master UDMA133\nad1: 194481MB \u003cMaxtor 6L200P0 BAH41G10\u003e at ata0-slave UDMA133\nad2: 305245MB \u003cMAXTOR STM3320620A 3.AAD\u003e at ata1-master UDMA100\nWaiting 5 seconds for SCSI devices to settle\nGEOM_LABEL: Label for provider ad1s1 is ufsid/43ac562a6c426be6.\nGEOM_LABEL: Label for provider ad2s1 is ufsid/45f5e16587e9fc88.\nGEOM_LABEL: Label for provider ad0s1a is ufsid/4aa2555c9f52b305.\n(probe18:ahc1:0:3:0): TEST UNIT READY. CDB: 0 0 0 0 0 0\n(probe18:ahc1:0:3:0): CAM Status: SCSI Status Error\n(probe18:ahc1:0:3:0): SCSI Status: Check Condition\n(probe18:ahc1:0:3:0): UNIT ATTENTION asc:29,0\n(probe18:ahc1:0:3:0): Power on, reset, or bus device reset occurred\n(probe18:ahc1:0:3:0): Retrying Command (per Sense Data)\n(probe18:ahc1:0:3:0): TEST UNIT READY. CDB: 0 0 0 0 0 0\n(probe18:ahc1:0:3:0): CAM Status: SCSI Status Error\n(probe18:ahc1:0:3:0): SCSI Status: Check Condition\n(probe18:ahc1:0:3:0): NOT READY asc:3a,0\n(probe18:ahc1:0:3:0): Medium not present\n(probe18:ahc1:0:3:0): Unretryable error\ncd0 at ahc1 bus 0 target 3 lun 0\ncd0: \u003cNEC CD-ROM DRIVE:466 1.26\u003e Removable CD-ROM SCSI-2 device\ncd0: 10.000MB/s transfers (10.000MHz, offset 15)\ncd0: Attempt to query device size failed: NOT READY, Medium not present\nTrying to mount root from ufs:/dev/ad0s1a\nWARNING: / was not properly dismounted\n\nEND\n\nHow-To-Repeat: Trying to start X causes the panic every time.\n\nRunning Jalbum (java app) inside vncserver causes the panic every time."
}