{
 "id": 678282,
 "bug_id": 170573,
 "attachment_id": 0,
 "creation_time": "2012-08-12T23:10:02Z",
 "creator": "pugibebsd@gmail.com",
 "text": "Intel PRO/Wireless 2200BG NIC hangs after initial network is associated\nifconfig show:\niwi0: flags=8843\u003cUP,BROADCAST,RUNNING,SIMPLEX,MULTICAST\u003e metric 0 mtu 2290\n\tether 00:0e:35:58:d4:23\n\tmedia: IEEE 802.11 Wireless Ethernet autoselect mode 11g\n\tstatus: associated\nwlan0: flags=8843\u003cUP,BROADCAST,RUNNING,SIMPLEX,MULTICAST\u003e metric 0 mtu 1500\n\tether 00:0e:35:58:d4:23\n\tinet 172.16.19.211 netmask 0xfffffc00 broadcast 172.16.19.255\n\tmedia: IEEE 802.11 Wireless Ethernet autoselect mode 11g\n\tstatus: associated\n\tssid SCUOrientation channel 6 (2437 MHz 11g) bssid e8:04:62:0b:9d:c5\n\tcountry US authmode OPEN privacy OFF txpower 0 bmiss 24 scanvalid 60\n\tprotmode CTS wme bintval 102\n\nping to the router works with intermittent failures\nin the form of \"sento: Network is down\" and than it hangs usually after the\n15th packet send... \na restart the NIC device with \"/etc/rc.d/netif restart\"\nwill cause the system to reboot!\n\nthe the NIC firmware and driver version driver 1.72 firmware 3.1(from the installation ISO dvd.\n\ndmesg output :\nopyright (c) 1992-2012 The FreeBSD Project.\nCopyright (c) 1979, 1980, 1983, 1986, 1988, 1989, 1991, 1992, 1993, 1994\n        The Regents of the University of California. All rights reserved.\nFreeBSD is a registered trademark of The FreeBSD Foundation.\nFreeBSD 8.3-RELEASE #3: Sun Jul 29 12:09:04 PDT 2012\n    yprag1@.scu.edu:/usr/src/sys/i386/compile/GENERIC i386\ncan't re-use a leaf (ipw)! // from /boot/loader.conf reloaders...\ncan't re-use a leaf (iwi)!\nmodule_register: module pci/ipw already exists!\nModule pci/ipw failed to register: 17\nmodule_register: module pci/iwi already exists!\nModule pci/iwi failed to register: 17\nTimecounter \"i8254\" frequency 1193182 Hz quality 0\nCPU: Intel(R) Pentium(R) M processor 1.50GHz (600.02-MHz 686-class CPU)\n  Origin = \"GenuineIntel\"  Id = 0x6d6  Family = 6  Model = d  Stepping = 6\n  Features=0xafe9fbbf\u003cFPU,VME,DE,PSE,TSC,MSR,MCE,CX8,APIC,SEP,MTRR,PGE,MCA,CMOV,PAT,CLF\nLUSH,DTS,ACPI,MMX,FXSR,SSE,SSE2,SS,TM,PBE\u003e\n  Features2=0x180\u003cEST,TM2\u003e\nreal memory  = 1073741824 (1024 MB)\navail memory = 998502400 (952 MB)\nACPI APIC Table: \u003cA M I  OEMAPIC \u003e\nioapic0: Changing APIC ID to 1\nioapic0 \u003cVersion 2.0\u003e irqs 0-23 on motherboard\nipw_bss: You need to read the LICENSE file in /usr/share/doc/legal/intel_ipw/.\nipw_bss: If you agree with the license, set legal.intel_ipw.license_ack=1 in /boot/load\ner.conf.\nmodule_register_init: MOD_LOAD (ipw_bss_fw, 0xc0687190, 0) error 1\nipw_ibss: You need to read the LICENSE file in /usr/share/doc/legal/intel_ipw/.\nipw_ibss: If you agree with the license, set legal.intel_ipw.license_ack=1 in /boot/loa\nder.conf.\nmodule_register_init: MOD_LOAD (ipw_ibss_fw, 0xc0687250, 0) error 1\nipw_monitor: You need to read the LICENSE file in /usr/share/doc/legal/intel_ipw/.\nipw_monitor: If you agree with the license, set legal.intel_ipw.license_ack=1 in /boot/\nloader.conf.\nmodule_register_init: MOD_LOAD (ipw_monitor_fw, 0xc0687310, 0) error 1\nispfw: registered firmware \u003cisp_1040\u003e\nispfw: registered firmware \u003cisp_1040_it\u003e\nispfw: registered firmware \u003cisp_1080\u003e\nispfw: registered firmware \u003cisp_1080_it\u003e\nispfw: registered firmware \u003cisp_12160\u003e\nacpi_ec0: \u003cEmbedded Controller: GPE 0x1c\u003e port 0x62,0x66 on acpi0\npcib0: \u003cACPI Host-PCI bridge\u003e port 0xcf8-0xcff on acpi0\npci0: \u003cACPI PCI bus\u003e on pcib0\npci0: \u003cbase peripheral\u003e at device 0.1 (no driver attached)\npci0: \u003cbase peripheral\u003e at device 0.3 (no driver attached)\nvgapci0: \u003cVGA-compatible display\u003e port 0xdc00-0xdc07 mem 0xf0000000-0xf7ffffff,0xfeb00000-0xfeb7ffff irq 16 at device 2.0 on pci0\nagp0: \u003cIntel 82855GME (855GME GMCH) SVGA controller\u003e on vgapci0\nagp0: aperture size is 128M, detected 32636k stolen memory\nvgapci1: \u003cVGA-compatible display\u003e mem 0xe8000000-0xefffffff,\n0xfea80000-0xfeafffff at de\nvice 2.1 on pci0\nuhci0: \u003cIntel 82801DB (ICH4) USB controller USB-A\u003e port 0xd480-0xd49f irq 16 at device 29.0 on pci0\nuhci0: [ITHREAD]\nuhci0: LegSup = 0x2f00\nusbus0: \u003cIntel 82801DB (ICH4) USB controller USB-A\u003e on uhci0\nuhci1: \u003cIntel 82801DB (ICH4) USB controller USB-B\u003e port 0xd800-0xd81f irq 19 at device 29.1 on pci0\nuhci1: [ITHREAD]\nuhci1: LegSup = 0x2f00\nusbus1: \u003cIntel 82801DB (ICH4) USB controller USB-B\u003e on uhci1\nuhci2: \u003cIntel 82801DB (ICH4) USB controller USB-C\u003e port 0xd880-0xd89f irq 18 at device 29.2 on pci0\nuhci2: [ITHREAD]\nuhci2: LegSup = 0x2f00\nusbus2: \u003cIntel 82801DB (ICH4) USB controller USB-C\u003e on uhci2\nehci0: \u003cIntel 82801DB/L/M (ICH4) USB 2.0 controller\u003e mem 0xfebff800-0xfebffbff irq 23 at device 29.7 on pci0\nehci0: [ITHREAD]\nusbus3: EHCI version 1.0\nusbus3: \u003cIntel 82801DB/L/M (ICH4) USB 2.0 controller\u003e on ehci0\npcib1: \u003cACPI PCI-PCI bridge\u003e at device 30.0 on pci0\npci1: \u003cACPI PCI bus\u003e on pcib1\niwi0: \u003cIntel(R) PRO/Wireless 2200BG\u003e mem 0xfe8fd000-0xfe8fdfff irq 18 at device 4.0 on pci1\niwi0: [ITHREAD]\ncbb0: \u003cRF5C475 PCI-CardBus Bridge\u003e at device 5.0 on pci1\ncardbus0: \u003cCardBus bus\u003e on cbb0\npccard0: \u003c16-bit PCCard bus\u003e on cbb0\ncbb0: [FILTER]\nfwohci0: \u003cRicoh R5C551\u003e mem 0xfe8ff000-0xfe8ff7ff irq 16 at device 5.1 on pci1\nfwohci0: [ITHREAD]\nfwohci0: OHCI version 1.0 (ROM=1)\nfwohci0: No. of Isochronous channels is 4.\nfwohci0: EUI64 00:e0:18:00:03:1e:09:af\nfwohci0: Phy 1394a available S400, 2 ports.\nfwohci0: Link S400, max_rec 2048 bytes.\nfirewire0: \u003cIEEE1394(FireWire) bus\u003e on fwohci0\nfwe0: \u003cEthernet over FireWire\u003e on firewire0\nif_fwe0: Fake Ethernet address: 02:e0:18:1e:09:af\nfwe0: Ethernet address: 02:e0:18:1e:09:af\nfwip0: \u003cIP over FireWire\u003e on firewire0\nfwip0: Firewire address: 00:e0:18:00:03:1e:09:af @ 0xfffe00000000, S400, maxrec 2048\nsbp0: \u003cSBP-2/SCSI over FireWire\u003e on firewire0\ndcons_crom0: \u003cdcons configuration ROM\u003e on firewire0\ndcons_crom0: bus_addr 0x14ac000\nfwohci0: Initiate bus reset\nfwohci0: fwohci_intr_core: BUS reset\nfwohci0: fwohci_intr_core: node_id=0x00000000, SelfID Count=1, CYCLEMASTER mode\nfxp0: \u003cIntel 82801DB (ICH4) Pro/100 VM Ethernet\u003e port 0xcc00-0xcc3f mem 0xfe8fe000-0xfe8fefff irq 20 at device 8.0 on pci1\nmiibus0: \u003cMII bus\u003e on fxp0\ninphy0: \u003ci82562EM 10/100 media interface\u003e PHY 1 on miibus0\ninphy0:  10baseT, 10baseT-FDX, 100baseTX, 100baseTX-FDX, auto, auto-flow\nfxp0: Ethernet address: 00:11:2f:58:1d:63\nfxp0: [ITHREAD]\nisab0: \u003cPCI-ISA bridge\u003e at device 31.0 on pci0\nisa0: \u003cISA bus\u003e on isab0\natapci0: \u003cIntel ICH4 UDMA100 controller\u003e port 0x1f0-0x1f7,0x3f6,0x170-0x177,0x376,0xffa0-0xffaf at device 31.\n1 on pci0\nata0: \u003cATA channel\u003e at channel 0 on atapci0\nata0: [ITHREAD]\nata1: \u003cATA channel\u003e at channel 1 on atapci0\nata1: [ITHREAD]\npcm0: \u003cIntel ICH4 (82801DB)\u003e port 0xe000-0xe0ff,0xe100-0xe13f at device 31.5 on pci0\npcm0: [ITHREAD]\npcm0: \u003cSigmaTel STAC9750/51 AC97 Codec\u003e\npci0: \u003csimple comms, generic modem\u003e at device 31.6 (no driver attached)\nacpi_button0: \u003cSleep Button\u003e on acpi0\nacpi_lid0: \u003cControl Method Lid Switch\u003e on acpi0\nacpi_tz0: \u003cThermal Zone\u003e on acpi0\nacpi_acad0: \u003cAC Adapter\u003e on acpi0\nbattery0: \u003cACPI Control Method Battery\u003e on acpi0\nbattery1: \u003cACPI Control Method Battery\u003e on acpi0\natrtc0: \u003cAT realtime clock\u003e port 0x70-0x71 irq 8 on acpi0\natkbdc0: \u003cKeyboard controller (i8042)\u003e port 0x60,0x64 irq 1 on acpi0\natkbd0: \u003cAT Keyboard\u003e irq 1 on atkbdc0\nkbd0 at atkbd0\natkbd0: [GIANT-LOCKED]\natkbd0: [ITHREAD]\npsm0: \u003cPS/2 Mouse\u003e irq 12 on atkbdc0\npsm0: [GIANT-LOCKED]\npsm0: [ITHREAD]\npsm0: model Generic PS/2 mouse, device ID 0\nppc0: \u003cParallel port\u003e port 0x378-0x37f,0x778-0x77f irq 7 drq 3 on acpi0\nppc0: SMC-like chipset (ECP/EPP/PS2/NIBBLE) in COMPATIBLE mode\nppc0: FIFO with 16/16/8 bytes threshold\nppc0: [ITHREAD]\nppbus0: \u003cParallel port bus\u003e on ppc0\nplip0: \u003cPLIP network interface\u003e on ppbus0\nplip0: [ITHREAD]\nlpt0: [ITHREAD]\nlpt0: Interrupt-driven port\nppi0: \u003cParallel I/O\u003e on ppbus0\npmtimer0 on isa0\norm0: \u003cISA Option ROMs\u003e at iomem 0xc0000-0xccfff,0xcd000-0xce7ff pnpid ORM0000 on isa0\nsc0: \u003cSystem console\u003e at flags 0x100 on isa0\nsc0: VGA \u003c16 virtual consoles, flags=0x300\u003e\nvga0: \u003cGeneric ISA VGA\u003e at port 0x3c0-0x3df iomem 0xa0000-0xbffff on isa0\nuart1: \u003c16550 or compatible\u003e at port 0x2f8-0x2ff irq 3 on isa0\nuart1: [FILTER]\nest0: \u003cEnhanced SpeedStep Frequency Control\u003e on cpu0\np4tcc0: \u003cCPU Frequency Thermal Control\u003e on cpu0\nTimecounter \"TSC\" frequency 600024231 Hz quality 800\nTimecounters tick every 1.000 msec\nfirewire0: 1 nodes, maxhop \u003c= 0 cable IRM irm(0)  (me)\nfirewire0: bus manager 0\nusbus0: 12Mbps Full Speed USB v1.0\nusbus1: 12Mbps Full Speed USB v1.0\nusbus2: 12Mbps Full Speed USB v1.0\nusbus3: 480Mbps High Speed USB v2.0\nugen0.1: \u003cIntel\u003e at usbus0\nuhub0: \u003cIntel UHCI root HUB, class 9/0, rev 1.00/1.00, addr 1\u003e on usbus0\nugen1.1: \u003cIntel\u003e at usbus1\nuhub1: \u003cIntel UHCI root HUB, class 9/0, rev 1.00/1.00, addr 1\u003e on usbus1\nugen2.1: \u003cIntel\u003e at usbus2\nuhub2: \u003cIntel UHCI root HUB, class 9/0, rev 1.00/1.00, addr 1\u003e on usbus2\nugen3.1: \u003cIntel\u003e at usbus3\nuhub3: \u003cIntel EHCI root HUB, class 9/0, rev 2.00/1.00, addr 1\u003e on usbus3\nad0: 38204MB \u003cSAMSUNG MP0402H UC100-11\u003e at ata0-master UDMA100\nuhub0: 2 ports with 2 removable, self powered\nuhub1: 2 ports with 2 removable, self powered\nuhub2: 2 ports with 2 removable, self powered\nacd0: DVDR \u003cMATSHITADVD-RAM UJ-810/C100\u003e at ata1-master UDMA33\nuhub3: 6 ports with 6 removable, self powered\nTrying to mount root from ufs:/dev/ad0s1a\nwlan0: Ethernet address: 00:0e:35:58:d4:23\niwi0: need multicast update callback\niwi0: need multicast update callback\niwi0: need multicast update callback\niwi0: firmware error\n\nFix: Patch attached with submission follows:\nHow-To-Repeat: ping the router and or try to /etc/rc.d/netif restart\"\nwill cause the system to reboot!"
}