{
 "id": 892925,
 "bug_id": 211861,
 "attachment_id": 0,
 "creation_time": "2016-08-15T08:28:29Z",
 "creator": "jobmail@yandex.ru",
 "text": "root@gate:~ # cat /var/log/messages | grep Aug 15\ngrep: 15: No such file or directory\nroot@gate:~ # cat /var/log/messages | grep \"Aug 15\"\nAug 15 00:03:26 gate reboot: rebooted by root\nAug 15 00:03:26 gate syslogd: exiting on signal 15\nAug 15 09:16:34 gate syslogd: kernel boot file is /boot/kernel/kernel\nAug 15 09:16:34 gate kernel: Copyright (c) 1992-2013 The FreeBSD Project.\nAug 15 09:16:34 gate kernel: Copyright (c) 1979, 1980, 1983, 1986, 1988, 1989, 1991, 1992, 1993, 1994\nAug 15 09:16:34 gate kernel: The Regents of the University of California. All rights reserved.\nAug 15 09:16:34 gate kernel: FreeBSD is a registered trademark of The FreeBSD Foundation.\nAug 15 09:16:34 gate kernel: FreeBSD 8.4-RELEASE-p7 #0 r261628M: Sat Feb  8 15:37:19 MSK 2014\nAug 15 09:16:34 gate kernel: root@gate.local:/usr/obj/usr/src/sys/GLOBALIT i386\nAug 15 09:16:34 gate kernel: gcc version 4.2.1 20070831 patched [FreeBSD]\nAug 15 09:16:34 gate kernel: Timecounter \"i8254\" frequency 1193182 Hz quality 0\nAug 15 09:16:34 gate kernel: CPU: Intel(R) Celeron(R) CPU G530 @ 2.40GHz (2394.58-MHz 686-class CPU)\nAug 15 09:16:34 gate kernel: Origin = \"GenuineIntel\"  Id = 0x206a7  Family = 6  Model = 2a  Stepping = 7\nAug 15 09:16:34 gate kernel: Features=0xbfebfbff\u003cFPU,VME,DE,PSE,TSC,MSR,PAE,MCE,CX8,APIC,SEP,MTRR,PGE,MCA,CMOV,PAT,PSE36,CLFLUSH,DTS,ACPI,MMX,FXSR,SSE,SSE2,SS,HTT,TM,PBE\u003e\nAug 15 09:16:34 gate kernel: Features2=0x59ae3bf\u003cSSE3,PCLMULQDQ,DTES64,MON,DS_CPL,VMX,EST,TM2,SSSE3,CX16,xTPR,PDCM,PCID,SSE4.1,SSE4.2,POPCNT,TSCDLT,XSAVE\u003e\nAug 15 09:16:34 gate kernel: AMD Features=0x28100000\u003cNX,RDTSCP,LM\u003e\nAug 15 09:16:34 gate kernel: AMD Features2=0x1\u003cLAHF\u003e\nAug 15 09:16:34 gate kernel: TSC: P-state invariant\nAug 15 09:16:34 gate kernel: real memory  = 4294967296 (4096 MB)\nAug 15 09:16:34 gate kernel: avail memory = 3576950784 (3411 MB)\nAug 15 09:16:34 gate kernel: ACPI APIC Table: \u003cINTEL  DH61WW  \u003e\nAug 15 09:16:34 gate kernel: FreeBSD/SMP: Multiprocessor System Detected: 2 CPUs\nAug 15 09:16:34 gate kernel: FreeBSD/SMP: 1 package(s) x 2 core(s)\nAug 15 09:16:34 gate kernel: cpu0 (BSP): APIC ID:  0\nAug 15 09:16:34 gate kernel: cpu1 (AP): APIC ID:  2\nAug 15 09:16:34 gate kernel: ioapic0 \u003cVersion 2.0\u003e irqs 0-23 on motherboard\nAug 15 09:16:34 gate kernel: kbd1 at kbdmux0\nAug 15 09:16:34 gate kernel: cryptosoft0: \u003csoftware crypto\u003e on motherboard\nAug 15 09:16:34 gate kernel: acpi0: \u003cINTEL DH61WW\u003e on motherboard\nAug 15 09:16:34 gate kernel: acpi0: [ITHREAD]\nAug 15 09:16:34 gate kernel: acpi0: Power Button (fixed)\nAug 15 09:16:34 gate kernel: Timecounter \"ACPI-fast\" frequency 3579545 Hz quality 1000\nAug 15 09:16:34 gate kernel: acpi_timer0: \u003c24-bit timer at 3.579545MHz\u003e port 0x408-0x40b on acpi0\nAug 15 09:16:34 gate kernel: cpu0: \u003cACPI CPU\u003e on acpi0\nAug 15 09:16:34 gate kernel: cpu1: \u003cACPI CPU\u003e on acpi0\nAug 15 09:16:34 gate kernel: pcib0: \u003cACPI Host-PCI bridge\u003e port 0xcf8-0xcff on acpi0\nAug 15 09:16:34 gate kernel: pci0: \u003cACPI PCI bus\u003e on pcib0\nAug 15 09:16:34 gate kernel: vgapci0: \u003cVGA-compatible display\u003e port 0xf000-0xf03f mem 0xfe000000-0xfe3fffff,0xe0000000-0xefffffff irq 16 at device 2.0 on pci0\nAug 15 09:16:34 gate kernel: pci0: \u003csimple comms\u003e at device 22.0 (no driver attached)\nAug 15 09:16:34 gate kernel: em0: \u003cIntel(R) PRO/1000 Network Connection 7.3.7\u003e port 0xf060-0xf07f mem 0xfe500000-0xfe51ffff,0xfe527000-0xfe527fff irq 20 at device 25.0 on pci0\nAug 15 09:16:34 gate kernel: em0: Using an MSI interrupt\nAug 15 09:16:34 gate kernel: em0: [FILTER]\nAug 15 09:16:34 gate kernel: em0: Ethernet address: 4c:72:b9:7c:dc:9e\nAug 15 09:16:34 gate kernel: ehci0: \u003cEHCI (generic) USB 2.0 controller\u003e mem 0xfe526000-0xfe5263ff irq 16 at device 26.0 on pci0\nAug 15 09:16:34 gate kernel: ehci0: [ITHREAD]\nAug 15 09:16:34 gate kernel: usbus0: EHCI version 1.0\nAug 15 09:16:34 gate kernel: usbus0 on ehci0\nAug 15 09:16:34 gate kernel: pci0: \u003cmultimedia, HDA\u003e at device 27.0 (no driver attached)\nAug 15 09:16:34 gate kernel: pcib1: \u003cACPI PCI-PCI bridge\u003e irq 17 at device 28.0 on pci0\nAug 15 09:16:34 gate kernel: pci1: \u003cACPI PCI bus\u003e on pcib1\nAug 15 09:16:34 gate kernel: pcib2: \u003cACPI PCI-PCI bridge\u003e irq 16 at device 0.0 on pci1\nAug 15 09:16:34 gate kernel: pci2: \u003cACPI PCI bus\u003e on pcib2\nAug 15 09:16:34 gate kernel: rl0: \u003cRealTek 8139 10/100BaseTX\u003e port 0xe000-0xe0ff mem 0xfe420000-0xfe4200ff irq 16 at device 0.0 on pci2\nAug 15 09:16:34 gate kernel: miibus0: \u003cMII bus\u003e on rl0\nAug 15 09:16:34 gate kernel: rlphy0: \u003cRealTek internal media interface\u003e PHY 0 on miibus0\nAug 15 09:16:34 gate kernel: rlphy0:  10baseT, 10baseT-FDX, 100baseTX, 100baseTX-FDX, auto\nAug 15 09:16:34 gate kernel: rl0: Ethernet address: 64:70:02:03:cd:eb\nAug 15 09:16:34 gate kernel: rl0: [ITHREAD]\nAug 15 09:16:34 gate kernel: ehci1: \u003cEHCI (generic) USB 2.0 controller\u003e mem 0xfe525000-0xfe5253ff irq 23 at device 29.0 on pci0\nAug 15 09:16:34 gate kernel: ehci1: [ITHREAD]\nAug 15 09:16:34 gate kernel: usbus1: EHCI version 1.0\nAug 15 09:16:34 gate kernel: usbus1 on ehci1\nAug 15 09:16:34 gate kernel: isab0: \u003cPCI-ISA bridge\u003e at device 31.0 on pci0\nAug 15 09:16:34 gate kernel: isa0: \u003cISA bus\u003e on isab0\nAug 15 09:16:34 gate kernel: atapci0: \u003cIntel Cougar Point SATA300 controller\u003e port 0x1f0-0x1f7,0x3f6,0x170-0x177,0x376,0xf0f0-0xf0ff,0xf0e0-0xf0ef irq 19 at device 31.2 on pci0\nAug 15 09:16:34 gate kernel: ata0: \u003cATA channel\u003e at channel 0 on atapci0\nAug 15 09:16:34 gate kernel: ata0: [ITHREAD]\nAug 15 09:16:34 gate kernel: ata1: \u003cATA channel\u003e at channel 1 on atapci0\nAug 15 09:16:34 gate kernel: ata1: [ITHREAD]\nAug 15 09:16:34 gate kernel: pci0: \u003cserial bus, SMBus\u003e at device 31.3 (no driver attached)\nAug 15 09:16:34 gate kernel: atapci1: \u003cIntel Cougar Point SATA300 controller\u003e port 0xf0d0-0xf0d7,0xf0c0-0xf0c3,0xf0b0-0xf0b7,0xf0a0-0xf0a3,0xf090-0xf09f,0xf080-0xf08f irq 19 at device 31.5 on pci0Aug 15 09:16:34 gate kernel: atapci1: [ITHREAD]\nAug 15 09:16:34 gate kernel: ata2: \u003cATA channel\u003e at channel 0 on atapci1\nAug 15 09:16:34 gate kernel: ata2: [ITHREAD]\nAug 15 09:16:34 gate kernel: ata3: \u003cATA channel\u003e at channel 1 on atapci1\nAug 15 09:16:34 gate kernel: ata3: [ITHREAD]\nAug 15 09:16:34 gate kernel: acpi_button0: \u003cPower Button\u003e on acpi0\nAug 15 09:16:34 gate kernel: acpi_hpet0: \u003cHigh Precision Event Timer\u003e iomem 0xfed00000-0xfed003ff on acpi0\nAug 15 09:16:34 gate kernel: Timecounter \"HPET\" frequency 14318180 Hz quality 900\nAug 15 09:16:34 gate kernel: uart0: \u003c16550 or compatible\u003e port 0x3f8-0x3ff irq 4 flags 0x10 on acpi0\nAug 15 09:16:34 gate kernel: uart0: [FILTER]\nAug 15 09:16:34 gate kernel: ppc1: \u003cParallel port\u003e port 0x378-0x37f irq 5 drq 3 on acpi0\nAug 15 09:16:34 gate kernel: ppc1: Generic chipset (EPP/NIBBLE) in COMPATIBLE mode\nAug 15 09:16:34 gate kernel: ppc1: [ITHREAD]\nAug 15 09:16:34 gate kernel: ppbus0: \u003cParallel port bus\u003e on ppc1\nAug 15 09:16:34 gate kernel: plip0: \u003cPLIP network interface\u003e on ppbus0\nAug 15 09:16:34 gate kernel: plip0: [ITHREAD]\nAug 15 09:16:34 gate kernel: lpt0: \u003cPrinter\u003e on ppbus0\nAug 15 09:16:34 gate kernel: lpt0: [ITHREAD]\nAug 15 09:16:34 gate kernel: lpt0: Interrupt-driven port\nAug 15 09:16:34 gate kernel: ppi0: \u003cParallel I/O\u003e on ppbus0\nAug 15 09:16:34 gate kernel: atrtc0: \u003cAT realtime clock\u003e port 0x70-0x71 irq 8 on acpi0\nAug 15 09:16:34 gate kernel: pmtimer0 on isa0\nAug 15 09:16:34 gate kernel: orm0: \u003cISA Option ROM\u003e at iomem 0xce800-0xcf7ff pnpid ORM0000 on isa0Aug 15 09:16:34 gate kernel: sc0: \u003cSystem console\u003e at flags 0x100 on isa0\nAug 15 09:16:34 gate kernel: sc0: VGA \u003c16 virtual consoles, flags=0x300\u003e\nAug 15 09:16:34 gate kernel: vga0: \u003cGeneric ISA VGA\u003e at port 0x3c0-0x3df iomem 0xa0000-0xbffff on isa0\nAug 15 09:16:34 gate kernel: atkbdc0: \u003cKeyboard controller (i8042)\u003e at port 0x60,0x64 on isa0\nAug 15 09:16:34 gate kernel: atkbd0: \u003cAT Keyboard\u003e irq 1 on atkbdc0\nAug 15 09:16:34 gate kernel: kbd0 at atkbd0\nAug 15 09:16:34 gate kernel: atkbd0: [GIANT-LOCKED]\nAug 15 09:16:34 gate kernel: atkbd0: [ITHREAD]\nAug 15 09:16:34 gate kernel: ppc0: cannot reserve I/O port range\nAug 15 09:16:34 gate kernel: est0: \u003cEnhanced SpeedStep Frequency Control\u003e on cpu0\nAug 15 09:16:34 gate kernel: p4tcc0: \u003cCPU Frequency Thermal Control\u003e on cpu0\nAug 15 09:16:34 gate kernel: est1: \u003cEnhanced SpeedStep Frequency Control\u003e on cpu1\nAug 15 09:16:34 gate kernel: p4tcc1: \u003cCPU Frequency Thermal Control\u003e on cpu1\nAug 15 09:16:34 gate kernel: Timecounters tick every 1.000 msec\nAug 15 09:16:34 gate kernel: IPsec: Initialized Security Association Processing.\nAug 15 09:16:34 gate kernel: ipfw2 (+ipv6) initialized, divert loadable, nat enabled, rule-based forwarding enabled, default to accept, logging disabled\nAug 15 09:16:34 gate kernel: DUMMYNET 0 with IPv6 initialized (100409)\nAug 15 09:16:34 gate kernel: load_dn_sched dn_sched QFQ loaded\nAug 15 09:16:34 gate kernel: load_dn_sched dn_sched RR loaded\nAug 15 09:16:34 gate kernel: load_dn_sched dn_sched WF2Q+ loaded\nAug 15 09:16:34 gate kernel: load_dn_sched dn_sched FIFO loaded\nAug 15 09:16:34 gate kernel: load_dn_sched dn_sched PRIO loaded\nAug 15 09:16:34 gate kernel: usbus0: 480Mbps High Speed USB v2.0\nAug 15 09:16:34 gate kernel: usbus1: 480Mbps High Speed USB v2.0\nAug 15 09:16:34 gate kernel: ad0: 238475MB \u003cWDC WD2500AAKX-00ERMA0 15.01H15\u003e at ata0-master UDMA100 SATA 3Gb/s\nAug 15 09:16:34 gate kernel: ugen0.1: \u003cIntel\u003e at usbus0\nAug 15 09:16:34 gate kernel: uhub0: \u003cIntel EHCI root HUB, class 9/0, rev 2.00/1.00, addr 1\u003e on usbus0\nAug 15 09:16:34 gate kernel: ugen1.1: \u003cIntel\u003e at usbus1\nAug 15 09:16:34 gate kernel: uhub1: \u003cIntel EHCI root HUB, class 9/0, rev 2.00/1.00, addr 1\u003e on usbus1\nAug 15 09:16:34 gate kernel: SMP: AP CPU #1 Launched!\nAug 15 09:16:34 gate kernel: Root mount waiting for: usbus1 usbus0\nAug 15 09:16:34 gate kernel: uhub0: 2 ports with 2 removable, self powered\nAug 15 09:16:34 gate kernel: uhub1: 2 ports with 2 removable, self powered\nAug 15 09:16:34 gate kernel: Root mount waiting for: usbus1 usbus0\nAug 15 09:16:34 gate kernel: ugen0.2: \u003cvendor 0x8087\u003e at usbus0\nAug 15 09:16:34 gate kernel: uhub2: \u003cvendor 0x8087 product 0x0024, class 9/0, rev 2.00/0.00, addr 2\u003e on usbus0\nAug 15 09:16:34 gate kernel: ugen1.2: \u003cvendor 0x8087\u003e at usbus1\nAug 15 09:16:34 gate kernel: uhub3: \u003cvendor 0x8087 product 0x0024, class 9/0, rev 2.00/0.00, addr 2\u003e on usbus1\nAug 15 09:16:34 gate kernel: Root mount waiting for: usbus1 usbus0\nAug 15 09:16:34 gate kernel: uhub2: 4 ports with 4 removable, self powered\nAug 15 09:16:34 gate kernel: uhub3: 6 ports with 6 removable, self powered\nAug 15 09:16:34 gate kernel: ugen0.3: \u003cMicrosoft\u003e at usbus0\nAug 15 09:16:34 gate kernel: ukbd0: \u003cMicrosoft Wired Keyboard 600, class 0/0, rev 1.10/1.10, addr 3\u003e on usbus0\nAug 15 09:16:34 gate kernel: kbd2 at ukbd0\nAug 15 09:16:34 gate kernel: uhid0: \u003cMicrosoft Wired Keyboard 600, class 0/0, rev 1.10/1.10, addr 3\u003e on usbus0\nAug 15 09:16:34 gate kernel: Trying to mount root from ufs:/dev/ad0s1a\nAug 15 09:16:34 gate kernel: em0: link state changed to UP\nAug 15 09:16:34 gate named[1139]: starting BIND 9.8.4-P2 -t /var/named -u bind\nAug 15 09:16:34 gate kernel: rl0: link state changed to UP\nAug 15 09:16:34 gate named[1139]: built with '--prefix=/usr' '--infodir=/usr/share/info' '--mandir=/usr/share/man' '--enable-threads' '--enable-getifaddrs' '--disable-linux-caps' '--with-openssl=/usr' '--with-randomdev=/dev/random' '--without-idn' '--without-libxml2'\nAug 15 09:16:34 gate named[1139]: ----------------------------------------------------\nAug 15 09:16:34 gate named[1139]: BIND 9 is maintained by Internet Systems Consortium,\nAug 15 09:16:34 gate named[1139]: Inc. (ISC), a non-profit 501(c)(3) public-benefit\nAug 15 09:16:34 gate named[1139]: corporation.  Support and training for BIND 9 are\nAug 15 09:16:34 gate named[1139]: available at https://www.isc.org/support\nAug 15 09:16:34 gate named[1139]: ----------------------------------------------------\nAug 15 09:16:35 gate named[1139]: command channel listening on 127.0.0.1#953\nAug 15 09:16:35 gate named[1139]: command channel listening on ::1#953\nAug 15 09:16:35 gate named[1139]: running\nAug 15 09:16:39 gate kernel: ipfw: limit 10 reached on entry 4400\nAug 15 09:16:39 gate amd[1159]: NIS domain name is not set.  NIS ignored.\nAug 15 09:16:42 gate squid[1267]: Squid Parent: will start 1 kids\nAug 15 09:16:42 gate squid[1267]: Squid Parent: (squid-1) process 1269 started\nAug 15 09:17:40 gate sm-mta[1689]: u7F6Hdki001689: SYSERR(root): ldap_init/ldap_bind failed to 10.10.0.10 in map ldapmra: Can't contact LDAP server\nAug 15 09:18:48 gate login: ROOT LOGIN (root) ON ttyv0\nAug 15 09:51:04 gate kernel: ipfw: limit 10 reached on entry 200\nroot@gate:~ #"
}