{
 "id": 1259781,
 "bug_id": 271456,
 "attachment_id": 0,
 "creation_time": "2023-05-16T20:12:05Z",
 "creator": "benoitc@enki-multimedia.eu",
 "text": "dmseg log of the vm=\n\n```\noading kernel...\n/boot/kernel/kernel text=0x18aa98 text=0xdfd150 text=0x675154 data=0x140 data=0x1c38e8+0x43b718 0x8+0x18fe70+0x8+0x1ae449|\nLoading configured modules...\n/boot/entropy size=0x1000\n/etc/hostid size=0x25\n---\u003c\u003cBOOT\u003e\u003e---\nCopyright (c) 1992-2021 The FreeBSD Project.\nCopyright (c) 1979, 1980, 1983, 1986, 1988, 1989, 1991, 1992, 1993, 1994\n\tThe Regents of the University of California. All rights reserved.\nFreeBSD is a registered trademark of The FreeBSD Foundation.\nFreeBSD 13.2-RELEASE releng/13.2-n254617-525ecfdad597 GENERIC amd64\nFreeBSD clang version 14.0.5 (https://github.com/llvm/llvm-project.git llvmorg-14.0.5-0-gc12386ae247c)\nVT: init without driver.\nCPU: Intel(R) Xeon(R) Silver 4208 CPU @ 2.10GHz (2100.00-MHz K8-class CPU)\n  Origin=\"GenuineIntel\"  Id=0x50657  Family=0x6  Model=0x55  Stepping=7\n  Features=0x9f83fbff\u003cFPU,VME,DE,PSE,TSC,MSR,PAE,MCE,CX8,APIC,SEP,MTRR,PGE,MCA,CMOV,PAT,PSE36,MMX,FXSR,SSE,SSE2,SS,HTT,PBE\u003e\n  Features2=0xfede7a17\u003cSSE3,PCLMULQDQ,DTES64,DS_CPL,SSSE3,SDBG,FMA,CX16,xTPR,PCID,DCA,SSE4.1,SSE4.2,MOVBE,POPCNT,AESNI,XSAVE,OSXSAVE,AVX,F16C,RDRAND,HV\u003e\n  AMD Features=0x2c100800\u003cSYSCALL,NX,Page1GB,RDTSCP,LM\u003e\n  AMD Features2=0x121\u003cLAHF,ABM,Prefetch\u003e\n  Structured Extended Features=0x10150fb9\u003cFSGSBASE,BMI1,HLE,AVX2,SMEP,BMI2,ERMS,INVPCID,RTM,AVX512F,RDSEED,SMAP,AVX512CD\u003e\n  Structured Extended Features3=0x400\u003cMD_CLEAR\u003e\n  XSAVE Features=0x1\u003cXSAVEOPT\u003e\n  TSC: P-state invariant\nHypervisor: Origin = \"bhyve bhyve \"\nreal memory  = 536870912 (512 MB)\navail memory = 481677312 (459 MB)\nEvent timer \"LAPIC\" quality 600\nACPI APIC Table: \u003cBHYVE  BVAPIC \u003e\nrandom: registering fast source Intel Secure Key RNG\nrandom: fast provider: \"Intel Secure Key RNG\"\nrandom: unblocking device.\nioapic0 \u003cVersion 1.1\u003e irqs 0-31\nrandom: entropy device external interface\nkbd1 at kbdmux0\nsmbios0: \u003cSystem Management BIOS\u003e at iomem 0xf1000-0xf101e\nsmbios0: Version: 2.6, BCD Revision: 2.6\naesni0: \u003cAES-CBC,AES-CCM,AES-GCM,AES-ICM,AES-XTS\u003e\nacpi0: \u003cBHYVE BVXSDT \u003e\nacpi0: Power Button (fixed)\natrtc0: \u003cAT realtime clock\u003e port 0x70-0x71 irq 8 on acpi0\natrtc0: registered as a time-of-day clock, resolution 1.000000s\nEvent timer \"RTC\" frequency 32768 Hz quality 0\nattimer0: \u003cAT timer\u003e port 0x40-0x43 irq 0 on acpi0\nTimecounter \"i8254\" frequency 1193182 Hz quality 0\nEvent timer \"i8254\" frequency 1193182 Hz quality 100\nhpet0: \u003cHigh Precision Event Timer\u003e iomem 0xfed00000-0xfed003ff on acpi0\nTimecounter \"HPET\" frequency 16777216 Hz quality 950\nEvent timer \"HPET\" frequency 16777216 Hz quality 550\nEvent timer \"HPET1\" frequency 16777216 Hz quality 450\nEvent timer \"HPET2\" frequency 16777216 Hz quality 450\nEvent timer \"HPET3\" frequency 16777216 Hz quality 450\nEvent timer \"HPET4\" frequency 16777216 Hz quality 450\nEvent timer \"HPET5\" frequency 16777216 Hz quality 450\nEvent timer \"HPET6\" frequency 16777216 Hz quality 450\nEvent timer \"HPET7\" frequency 16777216 Hz quality 450\nTimecounter \"ACPI-fast\" frequency 3579545 Hz quality 900\nacpi_timer0: \u003c32-bit timer at 3.579545MHz\u003e port 0x408-0x40b on acpi0\npcib0: \u003cACPI Host-PCI bridge\u003e port 0xcf8-0xcff on acpi0\npcib0: could not evaluate _ADR - AE_NOT_FOUND\npci0: \u003cACPI PCI bus\u003e on pcib0\nvirtio_pci0: \u003cVirtIO PCI (legacy) Block adapter\u003e port 0x2000-0x207f mem 0xc0000000-0xc0001fff irq 16 at device 4.0 on pci0\nvtblk0: \u003cVirtIO Block Adapter\u003e on virtio_pci0\nvtblk0: 20480MB (41943040 512 byte sectors)\nvirtio_pci1: \u003cVirtIO PCI (legacy) Network adapter\u003e port 0x2080-0x20bf mem 0xc0002000-0xc0003fff irq 17 at device 5.0 on pci0\nvtnet0: \u003cVirtIO Networking Adapter\u003e on virtio_pci1\nvtnet0: Ethernet address: 58:9c:fc:07:d3:a7\nvtnet0: netmap queues/slots: TX 1/1024, RX 1/512\n000.000147 [ 450] vtnet_netmap_attach       vtnet attached txq=1, txd=1024 rxq=1, rxd=512\nisab0: \u003cPCI-ISA bridge\u003e at device 31.0 on pci0\nisa0: \u003cISA bus\u003e on isab0\nvmgenc0: \u003cVM Generation Counter\u003e on acpi0\natkbdc0: \u003cKeyboard controller (i8042)\u003e port 0x60,0x64 irq 1 on acpi0\natkbd0: \u003cAT Keyboard\u003e irq 1 on atkbdc0\nkbd0 at atkbd0\natkbd0: [GIANT-LOCKED]\ndriver bug: Unable to set devclass (class: atkbdc devname: (unknown))\npsm0: \u003cPS/2 Mouse\u003e irq 12 on atkbdc0\npsm0: [GIANT-LOCKED]\nWARNING: Device \"psm\" is Giant locked and may be deleted before FreeBSD 14.0.\npsm0: model Generic PS/2 mouse, device ID 0\nuart0: \u003c16550 or compatible\u003e port 0x3f8-0x3ff irq 4 flags 0x10 on acpi0\nuart0: console (115200,n,8,1)\nuart1: \u003c16550 or compatible\u003e port 0x2f8-0x2ff irq 3 on acpi0\nuart2: \u003c16550 or compatible\u003e port 0x3e8-0x3ef irq 4 on acpi0\nuart3: \u003c16550 or compatible\u003e port 0x2e8-0x2ef irq 3 on acpi0\nvga0: \u003cGeneric ISA VGA\u003e at port 0x3b0-0x3bb iomem 0xb0000-0xb7fff pnpid PNP0900 on isa0\nTimecounter \"TSC\" frequency 2095025872 Hz quality 1000\nTimecounters tick every 10.000 msec\nusb_needs_explore_all: no devclass\nTrying to mount root from ufs:/dev/gpt/rootfs [rw]...\nSetting hostuuid: 4325916e-b608-4b41-a265-b221d150d2e4.\nSetting hostid: 0x8aeb4d18.\nStarting file system checks:\n/dev/gpt/rootfs: FILE SYSTEM CLEAN; SKIPPING CHECKS\n/dev/gpt/rootfs: clean, 3891969 free (49 frags, 486490 blocks, 0.0% fragmentation)\n/dev/gpt/efiesp: FILESYSTEM CLEAN; SKIPPING CHECKS\nMounting local filesystems:.\nELF ldconfig path: /lib /usr/lib /usr/lib/compat\n32-bit compatibility ldconfig path: /usr/lib32\nSetting hostname: freebsd.\nSetting up harvesting: VMGENID,PURE_RDRAND,[UMA],[FS_ATIME],SWI,INTERRUPT,NET_NG,[NET_ETHER],NET_TUN,MOUSE,KEYBOARD,ATTACH,CACHED\nFeeding entropy: .\nlo0: link state changed to UP\nvtnet0: link state changed to UP\nStarting Network: lo0 vtnet0.\nlo0: flags=8049\u003cUP,LOOPBACK,RUNNING,MULTICAST\u003e metric 0 mtu 16384\n\toptions=680003\u003cRXCSUM,TXCSUM,LINKSTATE,RXCSUM_IPV6,TXCSUM_IPV6\u003e\n\tinet6 ::1 prefixlen 128\n\tinet6 fe80::1%lo0 prefixlen 64 scopeid 0x2\n\tinet 127.0.0.1 netmask 0xff000000\n\tgroups: lo\n\tnd6 options=23\u003cPERFORMNUD,ACCEPT_RTADV,AUTO_LINKLOCAL\u003e\nvtnet0: flags=8863\u003cUP,BROADCAST,RUNNING,SIMPLEX,MULTICAST\u003e metric 0 mtu 1500\n\toptions=80028\u003cVLAN_MTU,JUMBO_MTU,LINKSTATE\u003e\n\tether 58:9c:fc:07:d3:a7\n\tinet6 fe80::5a9c:fcff:fe07:d3a7%vtnet0 prefixlen 64 scopeid 0x1\n\tmedia: Ethernet autoselect (10Gbase-T \u003cfull-duplex\u003e)\n\tstatus: active\n\tnd6 options=23\u003cPERFORMNUD,ACCEPT_RTADV,AUTO_LINKLOCAL\u003e\nStarting devd.\nStarting dhclient.\nDHCPREQUEST on vtnet0 to 255.255.255.255 port 67\nDHCPREQUEST on vtnet0 to 255.255.255.255 port 67\nDHCPDISCOVER on vtnet0 to 255.255.255.255 port 67 interval 4\nDHCPDISCOVER on vtnet0 to 255.255.255.255 port 67 interval 7\nDHCPDISCOVER on vtnet0 to 255.255.255.255 port 67 interval 17\nDHCPOFFER from 10.102.1.1\nDHCPREQUEST on vtnet0 to 255.255.255.255 port 67\nDHCPACK from 10.102.1.1\nbound to 10.102.1.249 -- renewal in 900 seconds.\nadd host 127.0.0.1: gateway lo0 fib 0: route already in table\nadd host ::1: gateway lo0 fib 0: route already in table\nadd net fe80::: gateway ::1\nadd net ff02::: gateway ::1\nadd net ::ffff:0.0.0.0: gateway ::1\nadd net ::0.0.0.0: gateway ::1\nUpdating /var/run/os-release done.\nUpdating motd:.\nClearing /tmp (X related).\nCreating and/or trimming log files.\nStarting syslogd.\nMounting late filesystems:.\nStarting sendmail_submit.\n```\n\ntcpdump:\n\n```\nsudo tcpdump -i mce2\ntcpdump: verbose output suppressed, use -v or -vv for full protocol decode\nlistening on mce2, link-type EN10MB (Ethernet), capture size 262144 bytes\n20:11:21.159417 18:fd:74:05:15:d7 (oui Unknown) \u003e Broadcast, ethertype Unknown (0x9003), length 64:\n\t0x0000:  0000 0000 0000 0000 0000 0000 0000 0000  ................\n\t0x0010:  0000 0000 0000 0000 0000 0000 0000 0000  ................\n\t0x0020:  0000 0000 0000 0000 0000 0000 0000 0000  ................\n\t0x0030:  0000                                     ..\n20:11:26.159345 18:fd:74:05:15:d7 (oui Unknown) \u003e Broadcast, ethertype Unknown (0x9003), length 64:\n\t0x0000:  0000 0000 0000 0000 0000 0000 0000 0000  ................\n\t0x0010:  0000 0000 0000 0000 0000 0000 0000 0000  ................\n\t0x0020:  0000 0000 0000 0000 0000 0000 0000 0000  ................\n\t0x0030:  0000                                     ..\n20:11:26.721353 IP 10.102.1.249.49307 \u003e one.one.one.one.domain: 11545+ A? freebsd. (25)\n20:11:31.159520 18:fd:74:05:15:d7 (oui Unknown) \u003e Broadcast, ethertype Unknown (0x9003), length 64:\n\t0x0000:  0000 0000 0000 0000 0000 0000 0000 0000  ................\n\t0x0010:  0000 0000 0000 0000 0000 0000 0000 0000  ................\n\t0x0020:  0000 0000 0000 0000 0000 0000 0000 0000  ................\n\t0x0030:  0000\n```"
}