{
 "id": 876976,
 "bug_id": 209203,
 "attachment_id": 0,
 "creation_time": "2016-05-02T15:14:05Z",
 "creator": "royger@freebsd.org",
 "text": "I've got the following panic when trying to suspend a VM that's using the VT driver.\n\nlogin: panic: mtx_lock() of destroyed mutex @ /usr/src/sys/dev/fb/vesa.c:541\ncpuid = 0\nKDB: stack backtrace:\ndb_trace_self_wrapper() at db_trace_self_wrapper+0x2b/frame 0xfffffe00002464f0\nvpanic() at vpanic+0x182/frame 0xfffffe0000246570\nkassert_panic() at kassert_panic+0x126/frame 0xfffffe00002465e0\n__mtx_lock_flags() at __mtx_lock_flags+0x142/frame 0xfffffe0000246630\nvesa_bios_save_restore() at vesa_bios_save_restore+0x78/frame 0xfffffe0000246680\nvga_suspend() at vga_suspend+0xa3/frame 0xfffffe00002466b0\nisavga_suspend() at isavga_suspend+0x1d/frame 0xfffffe00002466d0\nbus_generic_suspend_child() at bus_generic_suspend_child+0x44/frame 0xfffffe00002466f0\nbus_generic_suspend() at bus_generic_suspend+0x67/frame 0xfffffe0000246730\nbus_generic_suspend_child() at bus_generic_suspend_child+0x44/frame 0xfffffe0000246750\nbus_generic_suspend() at bus_generic_suspend+0x67/frame 0xfffffe0000246790\nbus_generic_suspend_child() at bus_generic_suspend_child+0x44/frame 0xfffffe00002467b0\npci_suspend_child() at pci_suspend_child+0x2d/frame 0xfffffe00002467d0\nbus_generic_suspend() at bus_generic_suspend+0x67/frame 0xfffffe0000246810\nbus_generic_suspend_child() at bus_generic_suspend_child+0x44/frame 0xfffffe0000246830\nbus_generic_suspend() at bus_generic_suspend+0x67/frame 0xfffffe0000246870\nbus_generic_suspend_child() at bus_generic_suspend_child+0x44/frame 0xfffffe0000246890\nbus_generic_suspend() at bus_generic_suspend+0x67/frame 0xfffffe00002468d0\nacpi_suspend() at acpi_suspend+0x2f/frame 0xfffffe00002468f0\nbus_generic_suspend_child() at bus_generic_suspend_child+0x44/frame 0xfffffe0000246910\nbus_generic_suspend() at bus_generic_suspend+0x67/frame 0xfffffe0000246950\nbus_generic_suspend_child() at bus_generic_suspend_child+0x44/frame 0xfffffe0000246970\nbus_generic_suspend() at bus_generic_suspend+0x67/frame 0xfffffe00002469b0\nxctrl_suspend() at xctrl_suspend+0x1ae/frame 0xfffffe0000246a20\nxctrl_on_watch_event() at xctrl_on_watch_event+0x5e/frame 0xfffffe0000246a50\nxenwatch_thread() at xenwatch_thread+0x1a2/frame 0xfffffe0000246a70\nfork_exit() at fork_exit+0x84/frame 0xfffffe0000246ab0\nfork_trampoline() at fork_trampoline+0xe/frame 0xfffffe0000246ab0\n--- trap 0, rip = 0, rsp = 0, rbp = 0 ---\nKDB: enter: panic\n[ thread pid 14 tid 100029 ]\nStopped at      kdb_enter+0x3b: movq    $0,kdb_why\ndb\u003e\n\nAFAICT it seems like the VESA driver failed to attach, but the suspend hook was not properly removed. Here is the full dmesg from boot:\n\n/boot/kernel/kernel text=0x13ee1c0 data=0x135078+0x4e6478 syms=[0x8+0x160998+0x8+0x178e27]\n/boot/entropy size=0x1000\nBooting...\nGDB: no debug ports present\nKDB: debugger backends: ddb\nKDB: current backend: ddb\nCopyright (c) 1992-2016 The FreeBSD Project.\nCopyright (c) 1979, 1980, 1983, 1986, 1988, 1989, 1991, 1992, 1993, 1994\n\tThe Regents of the University of California. All rights reserved.\nFreeBSD is a registered trademark of The FreeBSD Foundation.\nFreeBSD 11.0-CURRENT #14 r298919+bbf7e27(hotplug_scripts)-dirty: Mon May  2 13:34:23 CEST 2016\n    root@nuc:/usr/obj/usr/src/sys/GENERIC amd64\nFreeBSD clang version 3.7.1 (tags/RELEASE_371/final 255217) 20151225\nWARNING: WITNESS option enabled, expect reduced performance.\nVT(vga): text 80x25\nXEN: Hypervisor version 4.7 detected.\nCPU: Intel(R) Core(TM) i3-5010U CPU @ 2.10GHz (2095.20-MHz K8-class CPU)\n  Origin=\"GenuineIntel\"  Id=0x306d4  Family=0x6  Model=0x3d  Stepping=4\n  Features=0x17c3fbff\u003cFPU,VME,DE,PSE,TSC,MSR,PAE,MCE,CX8,APIC,SEP,MTRR,PGE,MCA,CMOV,PAT,PSE36,ACPI,MMX,FXSR,SSE,SSE2,HTT\u003e\n  Features2=0xfff83203\u003cSSE3,PCLMULQDQ,SSSE3,FMA,CX16,SSE4.1,SSE4.2,x2APIC,MOVBE,POPCNT,TSCDLT,AESNI,XSAVE,OSXSAVE,AVX,F16C,RDRAND,HV\u003e\n  AMD Features=0x28100800\u003cSYSCALL,NX,RDTSCP,LM\u003e\n  AMD Features2=0x121\u003cLAHF,ABM,Prefetch\u003e\n  Structured Extended Features=0x1c232a\u003cTSCADJ,BMI1,AVX2,BMI2,ERMS,NFPUSG,RDSEED,ADX,SMAP\u003e\n  XSAVE Features=0x1\u003cXSAVEOPT\u003e\nHypervisor: Origin = \"XenVMMXenVMM\"\nreal memory  = 125829120 (120 MB)\navail memory = 75702272 (72 MB)\nEvent timer \"LAPIC\" quality 400\nACPI APIC Table: \u003cXen HVM\u003e\nrandom: unblocking device.\nioapic0: Changing APIC ID to 1\nMADT: Forcing active-low polarity and level trigger for SCI\nioapic0 \u003cVersion 1.1\u003e irqs 0-47 on motherboard\nrandom: entropy device external interface\nkbd1 at kbdmux0\nnetmap: loaded module\nmodule_register_init: MOD_LOAD (vesa, 0xffffffff80f00c30, 0) error 19\nrandom: registering fast source Intel Secure Key RNG\nrandom: fast provider: \"Intel Secure Key RNG\"\nvtvga0: \u003cVT VGA driver\u003e on motherboard\ncryptosoft0: \u003csoftware crypto\u003e on motherboard\nacpi0: \u003cXen\u003e on motherboard\nacpi0: Power Button (fixed)\nacpi0: Sleep Button (fixed)\ncpu0: \u003cACPI CPU\u003e on acpi0\nhpet0: \u003cHigh Precision Event Timer\u003e iomem 0xfed00000-0xfed003ff on acpi0\nTimecounter \"HPET\" frequency 62500000 Hz quality 950\nattimer0: \u003cAT timer\u003e port 0x40-0x43 irq 0 on acpi0\nTimecounter \"i8254\" frequency 1193182 Hz quality 0\nEvent timer \"i8254\" frequency 1193182 Hz quality 100\natrtc0: \u003cAT realtime clock\u003e port 0x70-0x71 irq 8 on acpi0\nEvent timer \"RTC\" frequency 32768 Hz quality 0\nTimecounter \"ACPI-fast\" frequency 3579545 Hz quality 900\nacpi_timer0: \u003c32-bit timer at 3.579545MHz\u003e port 0xb008-0xb00b on acpi0\npcib0: \u003cACPI Host-PCI bridge\u003e port 0xcf8-0xcff on acpi0\npci0: \u003cACPI PCI bus\u003e on pcib0\nisab0: \u003cPCI-ISA bridge\u003e at device 1.0 on pci0\nisa0: \u003cISA bus\u003e on isab0\natapci0: \u003cIntel PIIX3 WDMA2 controller\u003e port 0x1f0-0x1f7,0x3f6,0x170-0x177,0x376,0xc200-0xc20f at device 1.1 on pci0\nata0: \u003cATA channel\u003e at channel 0 on atapci0\nata1: \u003cATA channel\u003e at channel 1 on atapci0\npci0: \u003cbridge\u003e at device 1.3 (no driver attached)\nxenpci0: \u003cXen Platform Device\u003e port 0xc000-0xc0ff mem 0xf2000000-0xf2ffffff irq 24 at device 2.0 on pci0\nvgapci0: \u003cVGA-compatible display\u003e mem 0xf0000000-0xf1ffffff,0xf3050000-0xf3050fff at device 3.0 on pci0\nvgapci0: Boot video device\natkbdc0: \u003cKeyboard controller (i8042)\u003e port 0x60,0x64 irq 1 on acpi0\natkbd0: \u003cAT Keyboard\u003e irq 1 on atkbdc0\nkbd0 at atkbd0\natkbd0: [GIANT-LOCKED]\npsm0: \u003cPS/2 Mouse\u003e irq 12 on atkbdc0\npsm0: [GIANT-LOCKED]\npsm0: model IntelliMouse Explorer, device ID 4\nfdc0: \u003cfloppy drive controller\u003e port 0x3f0-0x3f5,0x3f7 irq 6 drq 2 on acpi0\nfdc0: does not respond\ndevice_attach: fdc0 attach returned 6\nuart0: \u003c16550 or compatible\u003e port 0x3f8-0x3ff irq 4 flags 0x10 on acpi0\nuart0: console (115200,n,8,1)\nxenpv0: \u003cXen PV bus\u003e on motherboard\ngranttable0: \u003cXen Grant-table Device\u003e on xenpv0\nxen_et0: \u003cXen PV Clock\u003e on xenpv0\nEvent timer \"XENTIMER\" frequency 1000000000 Hz quality 950\nTimecounter \"XENTIMER\" frequency 1000000000 Hz quality 950\nxenstore0: \u003cXenStore\u003e on xenpv0\nevtchn0: \u003cXen event channel user-space device\u003e on xenpv0\nprivcmd0: \u003cXen privileged interface user-space device\u003e on xenpv0\ndebug0: \u003cXen debug handler\u003e on xenpv0\norm0: \u003cISA Option ROM\u003e at iomem 0xed800-0xeffff on isa0\nvga0: \u003cGeneric ISA VGA\u003e at port 0x3c0-0x3df iomem 0xa0000-0xbffff on isa0\nfdc0: No FDOUT register!\nppc0: cannot reserve I/O port range\nTimecounters tick every 1.000 msec\nxenballoon0: \u003cXen Balloon Device\u003e on xenstore0\nxctrl0: \u003cXen Control Device\u003e on xenstore0\nxs_dev0: \u003cXenstore user-space device\u003e on xenstore0\nxenbusb_front0: \u003cXen Frontend Devices\u003e on xenstore0\nxenbusb_add_device: Device device/suspend/event-channel ignored. State 6\nxn0: \u003cVirtual Network Interface\u003e at device/vif/0 on xenbusb_front0\nxn0: Ethernet address: 00:16:3e:74:3d:76\nxenbusb_back0: \u003cXen Backend Devices\u003e on xenstore0\nxn0: backend features: feature-sg\nxbd0: 22528MB \u003cVirtual Block Device\u003e at device/vbd/768 on xenbusb_front0\nxbd0: attaching as ada0\nxbd0: features: flush, write_barrier\nxbd0: synchronize cache commands enabled.\nTimecounter \"TSC\" frequency 2095195408 Hz quality 800\nWARNING: WITNESS option enabled, expect reduced performance.\nTrying to mount root from ufs:/dev/gpt/rootfs [rw]...\nGEOM: ada0: the secondary GPT header is not in the last LBA.\nWARNING: / was not properly dismounted\nSetting hostuuid: 2394be13-2738-e511-a7fe-b8aeed708531.\nSetting hostid: 0x773d4a18.\nwarning: total configured swap (262144 pages) exceeds maximum recommended amount (174304 pages).\nwarning: increase kern.maxswzone or reduce amount of swap.\nStarting file system checks:\n** SU+J Recovering /dev/gpt/rootfs\n** Reading 33554432 byte journal from inode 8.\n** Building recovery table.\n** Resolving unreferenced inode list.\n** Processing journal entries.\n** 104 journal records in 9216 bytes for 36.11% utilization\n** Freed 0 inodes (0 dirs) 0 blocks, and 0 frags.\n\n***** FILE SYSTEM MARKED CLEAN *****\nMounting local file systems:.\nlock order reversal:\n 1st 0xfffff80003785d50 ufs (ufs) @ /usr/src/sys/kern/vfs_subr.c:2498\n 2nd 0xfffffe0005949bd0 bufwait (bufwait) @ /usr/src/sys/ufs/ffs/ffs_vnops.c:263\n 3rd 0xfffff80006464d50 ufs (ufs) @ /usr/src/sys/kern/vfs_subr.c:2498\nstack backtrace:\n#0 0xffffffff80a8a820 at witness_debugger+0x70\n#1 0xffffffff80a8a721 at witness_checkorder+0xe71\n#2 0xffffffff80a0703b at __lockmgr_args+0xd3b\n#3 0xffffffff80cdc646 at ffs_lock+0xa6\n#4 0xffffffff80fe0090 at VOP_LOCK1_APV+0x100\n#5 0xffffffff80afa67a at _vn_lock+0x9a\n#6 0xffffffff80aeac43 at vget+0x63\n#7 0xffffffff80add53c at vfs_hash_get+0xcc\n#8 0xffffffff80cd7c60 at ffs_vgetf+0x40\n#9 0xffffffff80ccf5f1 at softdep_sync_buf+0xad1\n#10 0xffffffff80cdd226 at ffs_syncvnode+0x256\n#11 0xffffffff80cb3ed0 at ffs_truncate+0x8e0\n#12 0xffffffff80ce469b at ufs_direnter+0x7bb\n#13 0xffffffff80ced873 at ufs_makeinode+0x5f3\n#14 0xffffffff80ce941d at ufs_create+0x2d\n#15 0xffffffff80fddaf1 at VOP_CREATE_APV+0xf1\n#16 0xffffffff80af9ed8 at vn_open_cred+0x2f8\n#17 0xffffffff80af326c at kern_openat+0x25c\nELF ldconfig path: /lib /usr/lib /usr/lib/compat /usr/local/lib /usr/local/lib/gcc48\n32-bit compatibility ldconfig path: /usr/lib32\nSetting up harvesting:[UMA],[FS_ATIME],SWI,INTERRUPT,NET_NG,NET_ETHER,NET_TUN,MOUSE,KEYBOARD,ATTACH,CACHED\nFeeding entropy:.\nxn0: link state changed to DOWN\nxn0: link state changed to UP\nStarting Network: lo0 xn0.\nlo0: flags=8049\u003cUP,LOOPBACK,RUNNING,MULTICAST\u003e metric 0 mtu 16384\n\toptions=600003\u003cRXCSUM,TXCSUM,RXCSUM_IPV6,TXCSUM_IPV6\u003e\n\tinet6 ::1 prefixlen 128\n\tinet6 fe80::1%lo0 prefixlen 64 scopeid 0x1\n\tinet 127.0.0.1 netmask 0xff000000\n\tnd6 options=21\u003cPERFORMNUD,AUTO_LINKLOCAL\u003e\n\tgroups: lo\nxn0: flags=8843\u003cUP,BROADCAST,RUNNING,SIMPLEX,MULTICAST\u003e metric 0 mtu 1500\n\toptions=3\u003cRXCSUM,TXCSUM\u003e\n\tether 00:16:3e:74:3d:76\n\tnd6 options=29\u003cPERFORMNUD,IFDISABLED,AUTO_LINKLOCAL\u003e\n\tmedia: Ethernet manual\n\tstatus: active\nStarting devd.\nStarting dhclient.\nDHCPREQUEST on xn0 to 255.255.255.255 port 67\nDHCPACK from 172.16.1.1\nbound to 172.16.1.147 -- renewal in 43200 seconds.\nadd net fe80::: gateway ::1\nadd net ff02::: gateway ::1\nadd net ::ffff:0.0.0.0: gateway ::1\nadd net ::0.0.0.0: gateway ::1\nCreating and/or trimming log files.\nStarting syslogd.\nNo core dumps found.\nStarting casperd.\nClearing /tmp (X related).\nCleaning xenstore database.\nStarting xenservices: xenstored, xenconsoled.May  2 14:55:17  xenstored: Checking store ...\nMay  2 14:55:17  xenstored: Checking store complete.\nWARNING: Failed to open connection to gnttab\nFATAL: Failed to initialize dom0 state: No such file or directory\n..............................May  2 14:55:49  xenconsoled: Failed to contact xenstore (No such file or directory).  Is it running?\n\nSetting domain 0 name, domid and JSON config...\nlibxl: error: libxl.c:122:libxl_ctx_alloc: cannot connect to xenstore: No such file or directory\ncannot init libxl context\nUpdating motd:.\nMounting late file systems:.\nConfiguring vt: blanktime.\nPerforming sanity check on sshd configuration.\nStarting sshd.\nStarting sendmail_submit.\nStarting sendmail_msp_queue.\nStarting cron.\nStarting background file system checks in 60 seconds.\n\nMon May  2 14:55:52 UTC 2016\n\nFreeBSD/amd64 (Amnesiac) (ttyu0)"
}