{
 "id": 1029262,
 "bug_id": 234550,
 "attachment_id": 0,
 "creation_time": "2019-01-01T22:58:41Z",
 "creator": "jason@tubnor.net",
 "text": "After performing an in-place upgrade of a bhyve hypervisor host from 11.2-p7 to 12.0-RELEASE, network performance tanked on the em0 physical interface on the host that is used in a bridge with bhyve taps for a virtualised firewall.\n\nInternet traffic went from 50Mb/s to 3.5Mb/s.  When dumping interface traffic in the OpenBSD guest the following appeared while performing pkg upgrade on the hypervisor host after initial base upgrade:\n\ntruncated-ip - 886 bytes missing!149.20.1.201.80\ntruncated-ip6 - 906 bytes missing!2001:4f8:1:11::50:1.80\n\nTo replicate, create a clean, bare metal host.  Setup vlans to use em0 as a parent and then bridge the vlans to insert taps into and create a bhyve guest and use it as a firewall.  Further testing showed that no filtering was needed on the guest, the guest simply using the default route, out the require vlan on the em0 interface showed the issue, so it isn't some sort of firewall issue.  Turning LRO on and off on the hosts em0 interface changed the behavior.  LRO off, and things return to normal, however, load increases on the CPU due to the workload now returning to the kernel.  Turn LRO back on and the issue comes back.\n\nWorkaround:\n\nifconfig em0 -lro up\n\n# pciconf -lcvb\nhostb0@pci0:0:0:0:      class=0x060000 card=0x7a721462 chip=0x591f8086 rev=0x05 hdr=0x00\n    vendor     = 'Intel Corporation'\n    device     = 'Xeon E3-1200 v6/7th Gen Core Processor Host Bridge/DRAM Registers'\n    class      = bridge\n    subclass   = HOST-PCI\n    cap 09[e0] = vendor (length 16) Intel cap 0 version 1\nvgapci0@pci0:0:2:0:     class=0x030000 card=0x7a721462 chip=0x59128086 rev=0x04 hdr=0x00\n    vendor     = 'Intel Corporation'\n    device     = 'HD Graphics 630'\n    class      = display\n    subclass   = VGA\n    bar   [10] = type Memory, range 64, base 0xde000000, size 16777216, enabled\n    bar   [18] = type Prefetchable Memory, range 64, base 0xc0000000, size 268435456, enabled\n    bar   [20] = type I/O Port, range 32, base 0xf000, size 64, enabled\n    cap 09[40] = vendor (length 12) Intel cap 0 version 1\n    cap 10[70] = PCI-Express 2 root endpoint max data 128(128) FLR\n    cap 05[ac] = MSI supports 1 message\n    cap 01[d0] = powerspec 2  supports D0 D3  current D0\n    ecap 001b[100] = unknown 1\n    ecap 000f[200] = ATS 1\n    ecap 0013[300] = unknown 1\nnone0@pci0:0:8:0:       class=0x088000 card=0x7a721462 chip=0x19118086 rev=0x00 hdr=0x00\n    vendor     = 'Intel Corporation'\n    device     = 'Xeon E3-1200 v5/v6 / E3-1500 v5 / 6th/7th Gen Core Processor Gaussian Mixture Model'\n    class      = base peripheral\n    bar   [10] = type Memory, range 64, base 0xdf22f000, size 4096, enabled\n    cap 05[90] = MSI supports 1 message\n    cap 01[dc] = powerspec 2  supports D0 D3  current D0\n    cap 13[f0] = PCI Advanced Features: FLR TP\nxhci0@pci0:0:20:0:      class=0x0c0330 card=0x7a721462 chip=0xa2af8086 rev=0x00 hdr=0x00\n    vendor     = 'Intel Corporation'\n    device     = '200 Series/Z370 Chipset Family USB 3.0 xHCI Controller'\n    class      = serial bus\n    subclass   = USB\n    bar   [10] = type Memory, range 64, base 0xdf210000, size 65536, enabled\n    cap 01[70] = powerspec 2  supports D0 D3  current D0\n    cap 05[80] = MSI supports 8 messages, 64 bit enabled with 1 message\nnone1@pci0:0:20:2:      class=0x118000 card=0x7a721462 chip=0xa2b18086 rev=0x00 hdr=0x00\n    vendor     = 'Intel Corporation'\n    device     = '200 Series PCH Thermal Subsystem'\n    class      = dasp\n    bar   [10] = type Memory, range 64, base 0xdf22e000, size 4096, enabled\n    cap 01[50] = powerspec 3  supports D0 D3  current D0\n    cap 05[80] = MSI supports 1 message\nnone2@pci0:0:22:0:      class=0x078000 card=0x7a721462 chip=0xa2ba8086 rev=0x00 hdr=0x00\n    vendor     = 'Intel Corporation'\n    device     = '200 Series PCH CSME HECI'\n    class      = simple comms\n    bar   [10] = type Memory, range 64, base 0xdf22d000, size 4096, enabled\n    cap 01[50] = powerspec 3  supports D0 D3  current D0\n    cap 05[8c] = MSI supports 1 message, 64 bit\nahci0@pci0:0:23:0:      class=0x010601 card=0x7a721462 chip=0xa2828086 rev=0x00 hdr=0x00\n    vendor     = 'Intel Corporation'\n    device     = '200 Series PCH SATA controller [AHCI mode]'\n    class      = mass storage\n    subclass   = SATA\n    bar   [10] = type Memory, range 32, base 0xdf228000, size 8192, enabled\n    bar   [14] = type Memory, range 32, base 0xdf22c000, size 256, enabled\n    bar   [18] = type I/O Port, range 32, base 0xf090, size 8, enabled\n    bar   [1c] = type I/O Port, range 32, base 0xf080, size 4, enabled\n    bar   [20] = type I/O Port, range 32, base 0xf060, size 32, enabled\n    bar   [24] = type Memory, range 32, base 0xdf22b000, size 2048, enabled\n    cap 05[80] = MSI supports 1 message enabled with 1 message\n    cap 01[70] = powerspec 3  supports D0 D3  current D0\n    cap 12[a8] = SATA Index-Data Pair\npcib1@pci0:0:27:0:      class=0x060400 card=0x00000000 chip=0xa2eb8086 rev=0xf0 hdr=0x01\n    vendor     = 'Intel Corporation'\n    device     = '200 Series PCH PCI Express Root Port'\n    class      = bridge\n    subclass   = PCI-PCI\n    cap 10[40] = PCI-Express 2 root port max data 256(256) ARI disabled\n                 link x4(x4) speed 2.5(8.0)\n                 slot 24 power limit 250 mW\n    cap 05[80] = MSI supports 1 message\n    cap 0d[90] = PCI Bridge card=0x00000000\n    cap 01[a0] = powerspec 3  supports D0 D3  current D0\n    ecap 0001[100] = AER 1 0 fatal 0 non-fatal 0 corrected\n    ecap 000d[140] = ACS 1\n    ecap 0019[220] = PCIe Sec 1 lane errors 0\npcib2@pci0:0:28:0:      class=0x060400 card=0x7a721462 chip=0xa2948086 rev=0xf0 hdr=0x01\n    vendor     = 'Intel Corporation'\n    device     = '200 Series PCH PCI Express Root Port'\n    class      = bridge\n    subclass   = PCI-PCI\n    cap 10[40] = PCI-Express 2 root port max data 256(256) ARI disabled\n                 link x2(x2) speed 8.0(8.0)\n                 slot 8 power limit 250 mW\n    cap 05[80] = MSI supports 1 message\n    cap 0d[90] = PCI Bridge card=0x7a721462\n    cap 01[a0] = powerspec 3  supports D0 D3  current D0\n    ecap 0001[100] = AER 1 0 fatal 0 non-fatal 1 corrected\n    ecap 000d[140] = ACS 1\n    ecap 0019[220] = PCIe Sec 1 lane errors 0\npcib3@pci0:0:28:6:      class=0x060400 card=0x7a721462 chip=0xa2968086 rev=0xf0 hdr=0x01\n    vendor     = 'Intel Corporation'\n    device     = '200 Series PCH PCI Express Root Port'\n    class      = bridge\n    subclass   = PCI-PCI\n    cap 10[40] = PCI-Express 2 root port max data 128(256) ARI disabled\n                 link x1(x1) speed 2.5(8.0)\n                 slot 10 power limit 100 mW\n    cap 05[80] = MSI supports 1 message\n    cap 0d[90] = PCI Bridge card=0x7a721462\n    cap 01[a0] = powerspec 3  supports D0 D3  current D0\n    ecap 0001[100] = AER 1 0 fatal 0 non-fatal 0 corrected\n    ecap 000d[140] = ACS 1\n    ecap 0019[220] = PCIe Sec 1 lane errors 0\nisab0@pci0:0:31:0:      class=0x060100 card=0x7a721462 chip=0xa2c48086 rev=0x00 hdr=0x00\n    vendor     = 'Intel Corporation'\n    device     = '200 Series PCH LPC Controller (H270)'\n    class      = bridge\n    subclass   = PCI-ISA\nnone3@pci0:0:31:2:      class=0x058000 card=0x7a721462 chip=0xa2a18086 rev=0x00 hdr=0x00\n    vendor     = 'Intel Corporation'\n    device     = '200 Series/Z370 Chipset Family Power Management Controller'\n    class      = memory\n    bar   [10] = type Memory, range 32, base 0xdf224000, size 16384, enabled\nhdac0@pci0:0:31:3:      class=0x040300 card=0xfa721462 chip=0xa2f08086 rev=0x00 hdr=0x00\n    vendor     = 'Intel Corporation'\n    device     = '200 Series PCH HD Audio'\n    class      = multimedia\n    subclass   = HDA\n    bar   [10] = type Memory, range 64, base 0xdf220000, size 16384, enabled\n    bar   [20] = type Memory, range 64, base 0xdf200000, size 65536, enabled\n    cap 01[50] = powerspec 3  supports D0 D3  current D0\n    cap 05[60] = MSI supports 1 message, 64 bit enabled with 1 message\nnone4@pci0:0:31:4:      class=0x0c0500 card=0x7a721462 chip=0xa2a38086 rev=0x00 hdr=0x00\n    vendor     = 'Intel Corporation'\n    device     = '200 Series/Z370 Chipset Family SMBus Controller'\n    class      = serial bus\n    subclass   = SMBus\n    bar   [10] = type Memory, range 64, base 0xdf22a000, size 256, enabled\n    bar   [20] = type I/O Port, range 32, base 0xf040, size 32, enabled\nem0@pci0:1:0:0: class=0x020000 card=0x115e8086 chip=0x105e8086 rev=0x06 hdr=0x00\n    vendor     = 'Intel Corporation'\n    device     = '82571EB/82571GB Gigabit Ethernet Controller D0/D1 (copper applications)'\n    class      = network\n    subclass   = ethernet\n    bar   [10] = type Memory, range 32, base 0xdf1a0000, size 131072, enabled\n    bar   [14] = type Memory, range 32, base 0xdf180000, size 131072, enabled\n    bar   [18] = type I/O Port, range 32, base 0xe020, size 32, enabled\n    cap 01[c8] = powerspec 2  supports D0 D3  current D0\n    cap 05[d0] = MSI supports 1 message, 64 bit enabled with 1 message\n    cap 10[e0] = PCI-Express 1 endpoint max data 256(256) RO NS\n                 link x4(x4) speed 2.5(2.5) ASPM disabled(L0s)\n    ecap 0001[100] = AER 1 0 fatal 1 non-fatal 0 corrected\n    ecap 0003[140] = Serial 1 6805caffffaabbcc\nem1@pci0:1:0:1: class=0x020000 card=0x115e8086 chip=0x105e8086 rev=0x06 hdr=0x00\n    vendor     = 'Intel Corporation'\n    device     = '82571EB/82571GB Gigabit Ethernet Controller D0/D1 (copper applications)'\n    class      = network\n    subclass   = ethernet\n    bar   [10] = type Memory, range 32, base 0xdf140000, size 131072, enabled\n    bar   [14] = type Memory, range 32, base 0xdf120000, size 131072, enabled\n    bar   [18] = type I/O Port, range 32, base 0xe000, size 32, enabled\n    cap 01[c8] = powerspec 2  supports D0 D3  current D0\n    cap 05[d0] = MSI supports 1 message, 64 bit enabled with 1 message\n    cap 10[e0] = PCI-Express 1 endpoint max data 256(256) RO NS\n                 link x4(x4) speed 2.5(2.5) ASPM disabled(L0s)\n    ecap 0001[100] = AER 1 0 fatal 1 non-fatal 0 corrected\n    ecap 0003[140] = Serial 1 6805caffffaabbcc\nxhci1@pci0:2:0:0:       class=0x0c0330 card=0x7a721462 chip=0x21421b21 rev=0x00 hdr=0x00\n    vendor     = 'ASMedia Technology Inc.'\n    class      = serial bus\n    subclass   = USB\n    bar   [10] = type Memory, range 64, base 0xdf000000, size 32768, enabled\n    cap 05[50] = MSI supports 8 messages, 64 bit enabled with 1 message\n    cap 11[68] = MSI-X supports 8 messages\n                 Table in map 0x10[0x2000], PBA in map 0x10[0x2080]\n    cap 01[78] = powerspec 3  supports D0 D3  current D0\n    cap 10[80] = PCI-Express 2 legacy endpoint max data 256(512) RO NS\n                 link x2(x2) speed 8.0(8.0) ASPM disabled(L0s/L1)\n    ecap 0001[100] = AER 1 0 fatal 0 non-fatal 1 corrected\n    ecap 0019[200] = PCIe Sec 1 lane errors 0\n    ecap 0018[300] = LTR 1\npcib4@pci0:3:0:0:       class=0x060400 card=0x00000000 chip=0x10801b21 rev=0x03 hdr=0x01\n    vendor     = 'ASMedia Technology Inc.'\n    device     = 'ASM1083/1085 PCIe to PCI Bridge'\n    class      = bridge\n    subclass   = PCI-PCI\n    cap 05[50] = MSI supports 1 message, 64 bit\n    cap 01[78] = powerspec 3  supports D0 D1 D2 D3  current D0\n    cap 10[80] = PCI-Express 1 PCI bridge max data 128(128) RO NS\n                 link x1(x1) speed 2.5(2.5) ASPM disabled(L0s/L1)\n    cap 0d[c0] = PCI Bridge card=0x00000000\n    ecap 0002[100] = VC 1 max VC0\n\n# dmesg\n---\u003c\u003cBOOT\u003e\u003e---\nCopyright (c) 1992-2018 The FreeBSD Project.\nCopyright (c) 1979, 1980, 1983, 1986, 1988, 1989, 1991, 1992, 1993, 1994\n        The Regents of the University of California. All rights reserved.\nFreeBSD is a registered trademark of The FreeBSD Foundation.\nFreeBSD 12.0-RELEASE r341666 GENERIC amd64\nFreeBSD clang version 6.0.1 (tags/RELEASE_601/final 335540) (based on LLVM 6.0.1)\nVT(efifb): resolution 800x600\nCPU: Intel(R) Core(TM) i7-7700 CPU @ 3.60GHz (3600.14-MHz K8-class CPU)\n  Origin=\"GenuineIntel\"  Id=0x906e9  Family=0x6  Model=0x9e  Stepping=9\n  Features=0xbfebfbff\u003cFPU,VME,DE,PSE,TSC,MSR,PAE,MCE,CX8,APIC,SEP,MTRR,PGE,MCA,CMOV,PAT,PSE36,CLFLUSH,DTS,ACPI,MMX,FXSR,SSE,SSE2,SS,HTT,TM,PBE\u003e\n  Features2=0x7ffafbff\u003cSSE3,PCLMULQDQ,DTES64,MON,DS_CPL,VMX,SMX,EST,TM2,SSSE3,SDBG,FMA,CX16,xTPR,PDCM,PCID,SSE4.1,SSE4.2,x2APIC,MOVBE,POPCNT,TSCDLT,AESNI,XSAVE,OSXSAVE,AVX,F16C,RDRAND\u003e\n  AMD Features=0x2c100800\u003cSYSCALL,NX,Page1GB,RDTSCP,LM\u003e\n  AMD Features2=0x121\u003cLAHF,ABM,Prefetch\u003e\n  Structured Extended Features=0x29c6fbf\u003cFSGSBASE,TSCADJ,SGX,BMI1,HLE,AVX2,SMEP,BMI2,ERMS,INVPCID,RTM,NFPUSG,MPX,RDSEED,ADX,SMAP,CLFLUSHOPT,PROCTRACE\u003e\n  XSAVE Features=0xf\u003cXSAVEOPT,XSAVEC,XINUSE,XSAVES\u003e\n  VT-x: PAT,HLT,MTF,PAUSE,EPT,UG,VPID\n  TSC: P-state invariant, performance statistics\nreal memory  = 34359738368 (32768 MB)\navail memory = 33228730368 (31689 MB)\nEvent timer \"LAPIC\" quality 600\nACPI APIC Table: \u003cALASKA A M I \u003e\nFreeBSD/SMP: Multiprocessor System Detected: 8 CPUs\nFreeBSD/SMP: 1 package(s) x 4 core(s) x 2 hardware threads\nrandom: unblocking device.\nioapic0 \u003cVersion 2.0\u003e irqs 0-119 on motherboard\nLaunching APs: 1 5 2 6 3 4 7\nTimecounter \"TSC-low\" frequency 1800069504 Hz quality 1000\nrandom: entropy device external interface\nkbd1 at kbdmux0\nnetmap: loaded module\n[ath_hal] loaded\nmodule_register_init: MOD_LOAD (vesa, 0xffffffff810f9770, 0) error 19\nrandom: registering fast source Intel Secure Key RNG\nrandom: fast provider: \"Intel Secure Key RNG\"\nnexus0\nefirtc0: \u003cEFI Realtime Clock\u003e on motherboard\nefirtc0: registered as a time-of-day clock, resolution 1.000000s\ncryptosoft0: \u003csoftware crypto\u003e on motherboard\nacpi0: \u003cALASKA A M I \u003e on motherboard\nacpi0: Power Button (fixed)\ncpu0: \u003cACPI CPU\u003e on acpi0\nhpet0: \u003cHigh Precision Event Timer\u003e iomem 0xfed00000-0xfed003ff on acpi0\nTimecounter \"HPET\" frequency 24000000 Hz quality 950\nEvent timer \"HPET\" frequency 24000000 Hz quality 550\natrtc0: \u003cAT realtime clock\u003e port 0x70-0x77 irq 8 on acpi0\natrtc0: Warning: Couldn't map I/O.\natrtc0: registered as a time-of-day clock, resolution 1.000000s\nEvent timer \"RTC\" frequency 32768 Hz quality 0\nattimer0: \u003cAT timer\u003e port 0x40-0x43,0x50-0x53 irq 0 on acpi0\nTimecounter \"i8254\" frequency 1193182 Hz quality 0\nEvent timer \"i8254\" frequency 1193182 Hz quality 100\nTimecounter \"ACPI-fast\" frequency 3579545 Hz quality 900\nacpi_timer0: \u003c24-bit timer at 3.579545MHz\u003e port 0x1808-0x180b on acpi0\npcib0: \u003cACPI Host-PCI bridge\u003e port 0xcf8-0xcff on acpi0\npci0: \u003cACPI PCI bus\u003e on pcib0\nvgapci0: \u003cVGA-compatible display\u003e port 0xf000-0xf03f mem 0xde000000-0xdeffffff,0xc0000000-0xcfffffff irq 16 at device 2.0 on pci0\nvgapci0: Boot video device\nxhci0: \u003cIntel Union Point USB 3.0 controller\u003e mem 0xdf210000-0xdf21ffff irq 16 at device 20.0 on pci0\nxhci0: 32 bytes context size, 64-bit DMA\nusbus0 on xhci0\nusbus0: 5.0Gbps Super Speed USB v3.0\npci0: \u003csimple comms\u003e at device 22.0 (no driver attached)\nahci0: \u003cIntel Union Point AHCI SATA controller\u003e port 0xf090-0xf097,0xf080-0xf083,0xf060-0xf07f mem 0xdf228000-0xdf229fff,0xdf22c000-0xdf22c0ff,0xdf22b000-0xdf22b7ff irq 16 at device 23.0 on pci0\nahci0: AHCI v1.31 with 6 6Gbps ports, Port Multiplier not supported\nahcich0: \u003cAHCI channel\u003e at channel 0 on ahci0\nahcich1: \u003cAHCI channel\u003e at channel 1 on ahci0\nahcich2: \u003cAHCI channel\u003e at channel 2 on ahci0\nahcich3: \u003cAHCI channel\u003e at channel 3 on ahci0\nahcich4: \u003cAHCI channel\u003e at channel 4 on ahci0\nahcich5: \u003cAHCI channel\u003e at channel 5 on ahci0\nahciem0: \u003cAHCI enclosure management bridge\u003e on ahci0\npcib1: \u003cACPI PCI-PCI bridge\u003e irq 16 at device 27.0 on pci0\npci1: \u003cACPI PCI bus\u003e on pcib1\nem0: \u003cIntel(R) PRO/1000 Network Connection\u003e port 0xe020-0xe03f mem 0xdf1a0000-0xdf1bffff,0xdf180000-0xdf19ffff irq 16 at device 0.0 on pci1\nem0: attach_pre capping queues at 1\nem0: using 1024 tx descriptors and 1024 rx descriptors\nem0: msix_init qsets capped at 1\nem0: Unable to map MSIX table\nem0: Using an MSI interrupt\nem0: allocated for 1 tx_queues\nem0: allocated for 1 rx_queues\nem0: Ethernet address: 68:05:ca:aa:bb:cc\nem0: netmap queues/slots: TX 1/1024, RX 1/1024\nem1: \u003cIntel(R) PRO/1000 Network Connection\u003e port 0xe000-0xe01f mem 0xdf140000-0xdf15ffff,0xdf120000-0xdf13ffff irq 17 at device 0.1 on pci1\nem1: attach_pre capping queues at 1\nem1: using 1024 tx descriptors and 1024 rx descriptors\nem1: msix_init qsets capped at 1\nem1: Unable to map MSIX table\nem1: Using an MSI interrupt\nem1: allocated for 1 tx_queues\nem1: allocated for 1 rx_queues\nem1: Ethernet address: 68:05:ca:bb:cc:dd\nem1: netmap queues/slots: TX 1/1024, RX 1/1024\npcib2: \u003cACPI PCI-PCI bridge\u003e irq 16 at device 28.0 on pci0\npci2: \u003cACPI PCI bus\u003e on pcib2\nxhci1: \u003cXHCI (generic) USB 3.0 controller\u003e mem 0xdf000000-0xdf007fff irq 16 at device 0.0 on pci2\nxhci1: 32 bytes context size, 64-bit DMA\nxhci1: Unable to map MSI-X table\nusbus1 on xhci1\nusbus1: 5.0Gbps Super Speed USB v3.0\npcib3: \u003cACPI PCI-PCI bridge\u003e irq 18 at device 28.6 on pci0\npci3: \u003cACPI PCI bus\u003e on pcib3\npcib4: \u003cACPI PCI-PCI bridge\u003e irq 18 at device 0.0 on pci3\npci4: \u003cACPI PCI bus\u003e on pcib4\nisab0: \u003cPCI-ISA bridge\u003e at device 31.0 on pci0\nisa0: \u003cISA bus\u003e on isab0\npci0: \u003cmemory\u003e at device 31.2 (no driver attached)\nhdac0: \u003cIntel Kabylake-H HDA Controller\u003e mem 0xdf220000-0xdf223fff,0xdf200000-0xdf20ffff irq 16 at device 31.3 on pci0\nacpi_button0: \u003cSleep Button\u003e on acpi0\nacpi_button1: \u003cPower Button\u003e on acpi0\nacpi_tz0: \u003cThermal Zone\u003e on acpi0\nacpi_tz1: \u003cThermal Zone\u003e on acpi0\nuart0: \u003c16550 or compatible\u003e port 0x3f8-0x3ff irq 4 flags 0x10 on acpi0\norm0: \u003cISA Option ROM\u003e at iomem 0xc0000-0xcffff pnpid ORM0000 on isa0\natkbdc0: \u003cKeyboard controller (i8042)\u003e at port 0x60,0x64 on isa0\natkbd0: \u003cAT Keyboard\u003e irq 1 on atkbdc0\nkbd0 at atkbd0\natkbd0: [GIANT-LOCKED]\natkbdc0: non-PNP ISA device will be removed from GENERIC in FreeBSD 12.\nuart1: \u003c16550 or compatible\u003e at port 0x2f8 irq 3 on isa0\nuart1: non-PNP ISA device will be removed from GENERIC in FreeBSD 12.\nest0: \u003cEnhanced SpeedStep Frequency Control\u003e on cpu0\nZFS filesystem version: 5\nZFS storage pool version: features support (5000)\nTimecounters tick every 1.000 msec\nhdacc0: \u003cRealtek ALC887 HDA CODEC\u003e at cad 0 on hdac0\nhdaa0: \u003cRealtek ALC887 Audio Function Group\u003e at nid 1 on hdacc0\npcm0: \u003cRealtek ALC887 (Rear Analog)\u003e at nid 20 and 24,26 on hdaa0\npcm1: \u003cRealtek ALC887 (Front Analog)\u003e at nid 27 and 25 on hdaa0\nhdacc1: \u003cIntel Kabylake HDA CODEC\u003e at cad 2 on hdac0\nhdaa1: \u003cIntel Kabylake Audio Function Group\u003e at nid 1 on hdacc1\npcm2: \u003cIntel Kabylake (HDMI/DP 8ch)\u003e at nid 3 on hdaa1\nugen0.1: \u003c0x8086 XHCI root HUB\u003e at usbus0\nugen1.1: \u003c0x1b21 XHCI root HUB\u003e at usbus1\nuhub0: \u003c0x8086 XHCI root HUB, class 9/0, rev 3.00/1.00, addr 1\u003e on usbus0\nuhub1: \u003c0x1b21 XHCI root HUB, class 9/0, rev 3.00/1.00, addr 1\u003e on usbus1\nses0 at ahciem0 bus 0 scbus6 target 0 lun 0\nses0: \u003cAHCI SGPIO Enclosure 1.00 0001\u003e SEMB S-E-S 2.00 device\nses0: SEMB SES Device\nada0 at ahcich0 bus 0 scbus0 target 0 lun 0\nada0: \u003cSamsung SSD 850 EVO 250GB EMT01B6Q\u003e ACS-2 ATA SATA 3.x device\nada0: Serial Number S21MNSAFC26263P\nada0: 600.000MB/s transfers (SATA 3.x, UDMA6, PIO 512bytes)\nada0: Command Queueing enabled\nada0: 238475MB (488397168 512 byte sectors)\nada0: quirks=0x3\u003c4K,NCQ_TRIM_BROKEN\u003e\nada1 at ahcich1 bus 0 scbus1 target 0 lun 0\nada1: \u003cSamsung SSD 850 EVO 250GB EMT01B6Q\u003e ACS-2 ATA SATA 3.x device\nada1: Serial Number S21MNSAFC26262X\nada1: 600.000MB/s transfers (SATA 3.x, UDMA6, PIO 512bytes)\nada1: Command Queueing enabled\nada1: 238475MB (488397168 512 byte sectors)\nada1: quirks=0x3\u003c4K,NCQ_TRIM_BROKEN\u003e\nada2 at ahcich2 bus 0 scbus2 target 0 lun 0\nada2: \u003cTOSHIBA MD04ACA400 FP2A\u003e ATA8-ACS SATA 3.x device\nada2: Serial Number 473PK36VFSAA\nada2: 600.000MB/s transfers (SATA 3.x, UDMA5, PIO 8192bytes)\nada2: Command Queueing enabled\nada2: 3815447MB (7814037168 512 byte sectors)\nada3 at ahcich3 bus 0 scbus3 target 0 lun 0\nada3: \u003cTOSHIBA MD04ACA400 FP2A\u003e ATA8-ACS SATA 3.x device\nada3: Serial Number 473TK4EEFSAA\nada3: 600.000MB/s transfers (SATA 3.x, UDMA5, PIO 8192bytes)\nada3: Command Queueing enabled\nada3: 3815447MB (7814037168 512 byte sectors)\nada4 at ahcich4 bus 0 scbus4 target 0 lun 0\nada4: \u003cTOSHIBA MD04ACA400 FP2A\u003e ATA8-ACS SATA 3.x device\nada4: Serial Number 473UK2WOFSAA\nada4: 600.000MB/s transfers (SATA 3.x, UDMA5, PIO 8192bytes)\nada4: Command Queueing enabled\nada4: 3815447MB (7814037168 512 byte sectors)\nTrying to mount root from zfs:tb1/ROOT/default []...\nGEOM_MIRROR: Device mirror/swap launched (2/2).\nuhub1: 4 ports with 4 removable, self powered\nRoot mount waiting for: usbus0\nuhub0: 24 ports with 24 removable, self powered\nGEOM_ELI: Device mirror/swap.eli created.\nGEOM_ELI: Encryption: AES-XTS 128\nGEOM_ELI:     Crypto: software\nlo0: link state changed to UP\nnd6_dad_timer: cancel DAD on vlan2 because of ND6_IFF_IFDISABLED.\nnd6_dad_timer: cancel DAD on vlan4 because of ND6_IFF_IFDISABLED.\nnd6_dad_timer: cancel DAD on vlan3 because of ND6_IFF_IFDISABLED.\nem0: link state changed to UP\nvlan1: link state changed to UP\nvlan2: link state changed to UP\nvlan3: link state changed to UP\nvlan4: link state changed to UP"
}