{
 "id": 1316195,
 "bug_id": 280118,
 "attachment_id": 0,
 "creation_time": "2024-07-11T16:56:37Z",
 "creator": "arjun.anantharam@intel.com",
 "text": "Now i also run into mount issues. Can anyone provide some guidance on this ?\nThis iso/img file boot is the only option right now for us to boot FreeBSD(no PXE boot option yet), so any inputs are appreciated!!\n\nLoading kernel...\n/boot/kernel/kernel text=0x2a8 text=0x9db150 text=0x260994 data=0x150cb8 data=0x\n0+0x2bc000 0x8+0x1516b0+0x8+0x17a5c2/\nLoading configured modules...\ncan't find '/etc/hostid'\ncan't find '/boot/entropy'\nNo valid device tree blob found!\nWARNING! Trying to fire up the kernel, but no device tree blob found!\n---\u003c\u003cBOOT\u003e\u003e---\n                   Type     Physical      Virtual   #Pages Attr\n     ConventionalMemory 0040e0000000 000000000000 002a0000 WC WT WB\n               Reserved 004400000000 000000000000 00000700 WC WT WB\n    RuntimeServicesData 004400700000 004400700000 00000100 WC WT WB RUNTIME\n               Reserved 004400800000 000000000000 00000c00 WC WT WB\n     ConventionalMemory 004401400000 000000000000 00000c00 WC WT WB\n       BootServicesData 004402000000 000000000000 00000400 WC WT WB\n     ConventionalMemory 004402400000 000000000000 00011c00 WC WT WB\n               Reserved 004414000000 000000000000 00080000 WC WT WB\n     ConventionalMemory 004494000000 000000000000 0001a810 WC WT WB\n             LoaderCode 0044ae810000 000000000000 00004000 WC WT WB\n             LoaderData 0044b2810000 000000000000 00004000 WC WT WB\n             LoaderCode 0044b6810000 000000000000 000000d0 WC WT WB\n    RuntimeServicesData 0044b68e0000 0044b68e0000 00000080 WC WT WB RUNTIME\n     ConventionalMemory 0044b6960000 000000000000 0000000f WC WT WB\n             LoaderCode 0044b696f000 000000000000 00000026 WC WT WB\n               Reserved 0044b6995000 000000000000 00000046 WC WT WB\n       BootServicesCode 0044b69db000 000000000000 00000185 WC WT WB\n    RuntimeServicesCode 0044b6b60000 0044b6b60000 00000080 WC WT WB RUNTIME\n     ConventionalMemory 0044b6be0000 000000000000 00000001 WC WT WB\n             LoaderData 0044b6be1000 000000000000 00000001 WC WT WB\n       BootServicesCode 0044b6be2000 000000000000 0000003e WC WT WB\n    RuntimeServicesData 0044b6c20000 0044b6c20000 00000050 WC WT WB RUNTIME\n    RuntimeServicesCode 0044b6c70000 0044b6c70000 00000050 WC WT WB RUNTIME\n       BootServicesCode 0044b6cc0000 000000000000 00000030 WC WT WB\n    RuntimeServicesData 0044b6cf0000 0044b6cf0000 00000050 WC WT WB RUNTIME\n    RuntimeServicesCode 0044b6d40000 0044b6d40000 00000050 WC WT WB RUNTIME\n    RuntimeServicesData 0044b6d90000 0044b6d90000 00000050 WC WT WB RUNTIME\n    RuntimeServicesCode 0044b6de0000 0044b6de0000 00000050 WC WT WB RUNTIME\n      ACPIReclaimMemory 0044b6e30000 000000000000 00000010 WC WT WB\n    RuntimeServicesData 0044b6e40000 0044b6e40000 00000050 WC WT WB RUNTIME\n    RuntimeServicesCode 0044b6e90000 0044b6e90000 00000050 WC WT WB RUNTIME\n    RuntimeServicesData 0044b6ee0000 0044b6ee0000 00000050 WC WT WB RUNTIME\n    RuntimeServicesCode 0044b6f30000 0044b6f30000 00000050 WC WT WB RUNTIME\n       BootServicesCode 0044b6f80000 000000000000 0000000c WC WT WB\n     ConventionalMemory 0044b6f8c000 000000000000 00003ad7 WC WT WB\n       BootServicesData 0044baa63000 000000000000 00000001 WC WT WB\n     ConventionalMemory 0044baa64000 000000000000 00000007 WC WT WB\n       BootServicesData 0044baa6b000 000000000000 00001355 WC WT WB\n       BootServicesCode 0044bbdc0000 000000000000 00000190 WC WT WB\n    RuntimeServicesCode 0044bbf50000 0044bbf50000 00000040 WC WT WB RUNTIME\n     ConventionalMemory 0044bbf90000 000000000000 00000030 WC WT WB\n    RuntimeServicesData 0044bbfc0000 0044bbfc0000 00000030 WC WT WB RUNTIME\n     ConventionalMemory 0044bbff0000 000000000000 0000000f WC WT WB\n       BootServicesData 0044bbfff000 000000000000 00000021 WC WT WB\n     ConventionalMemory 0044bc020000 000000000000 00003877 WC WT WB\n       BootServicesData 0044bf897000 000000000000 00000021 WC WT WB\n       BootServicesCode 0044bf8b8000 000000000000 0000003f WC WT WB\n       BootServicesData 0044bf8f7000 000000000000 000006f1 WC WT WB\n       BootServicesCode 0044bffe8000 000000000000 00000010 WC WT WB\n       BootServicesData 0044bfff8000 000000000000 00000008 WC WT WB\n     ConventionalMemory 004680000000 000000000000 00100000 WC WT WB\n               Reserved 004400700000 004400700000 00000010 WB RUNTIME\nPhysical memory chunk(s):\n  0x40e0000000 - 0x437fffffff, 10752 MB (2752512 pages)\n  0x4400700000 - 0x44007fffff,     1 MB (    256 pages)\n  0x4401400000 - 0x4413ffffff,   300 MB (  76800 pages)\n  0x4494000000 - 0x44b6994fff,   553 MB ( 141717 pages)\n  0x44b69db000 - 0x44bfffffff,   150 MB (  38437 pages)\n  0x4680000000 - 0x477fffffff,  4096 MB (1048576 pages)\nExcluded memory regions:\n  0x4400700000 - 0x44007fffff,     1 MB (    256 pages) NoAlloc\n  0x44aea00000 - 0x44affadfff,    21 MB (   5550 pages) NoAlloc\n  0x44b68e0000 - 0x44b695ffff,     0 MB (    128 pages) NoAlloc\n  0x44b6b60000 - 0x44b6bdffff,     0 MB (    128 pages) NoAlloc\n  0x44b6c20000 - 0x44b6cbffff,     0 MB (    160 pages) NoAlloc\n  0x44b6cf0000 - 0x44b6f7ffff,     2 MB (    656 pages) NoAlloc\n  0x44bbf50000 - 0x44bbf8ffff,     0 MB (     64 pages) NoAlloc\n  0x44bbfc0000 - 0x44bbfeffff,     0 MB (     48 pages) NoAlloc\nFound 16 CPUs in the ACPI tables\nCopyright (c) 1992-2023 The FreeBSD Project.\nCopyright (c) 1979, 1980, 1983, 1986, 1988, 1989, 1991, 1992, 1993, 1994\n        The Regents of the University of California. All rights reserved.\nFreeBSD is a registered trademark of The FreeBSD Foundation.\nFreeBSD 14.1-RELEASE releng/14.1-n267679-10e31f0946d8 GENERIC arm64\nFreeBSD clang version 18.1.5 (https://github.com/llvm/llvm-project.git llvmorg-18.1.5-0-g617a15a9eac9)\nVT: init without driver.\nPreloaded elf kernel \"/boot/kernel/kernel\" at 0xffff00000136c000.\nPreloaded TSLOG data \"TSLOG\" at 0xffff000001375890.\nmodule scmi already present!\nreal memory  = 16622788608 (15852 MB)\nPhysical memory chunk(s):\n0x000040e0000000 - 0x00004367671fff, 10861617152 bytes (2651762 pages)\n0x00004401400000 - 0x00004413ffffff, 314572800 bytes (76800 pages)\n0x00004494000000 - 0x000044ae9fffff, 446693376 bytes (109056 pages)\n0x000044affae000 - 0x000044b68dffff, 110305280 bytes (26930 pages)\n0x000044b6960000 - 0x000044b6994fff, 217088 bytes (53 pages)\n0x000044b69db000 - 0x000044b6b5ffff, 1593344 bytes (389 pages)\n0x000044b6be0000 - 0x000044b6c1ffff, 262144 bytes (64 pages)\n0x000044b6cc0000 - 0x000044b6ceffff, 196608 bytes (48 pages)\n0x000044b6f80000 - 0x000044bbf4ffff, 83689472 bytes (20432 pages)\n0x000044bbf90000 - 0x000044bbfbffff, 196608 bytes (48 pages)\n0x000044bbff0000 - 0x000044bfffffff, 67174400 bytes (16400 pages)\n0x00004680000000 - 0x0000477fffffff, 4294967296 bytes (1048576 pages)\navail memory = 16178372608 (15428 MB)\nEnabling DIC \u0026 IDC ICache sync\nEnabling LSE atomics in the kernel\nrandom: no preloaded entropy cache\nrandom: no platform bootloader entropy\narc4random: WARNING: initial seeding bypassed the cryptographic random device because it was not yet seeded and the knob 'bypass_before_seeding' was enabled.\nVIMAGE (virtualized network stack) enabled\nhostuuid: using 00000000-0000-0000-0000-000000000000\nULE: setup cpu 0\nrandom: entropy device external interface\nsnd_unit_init() u=0x00ff8000 [512] d=0x00007c00 [32] c=0x000003ff [1024]\nfeeder_register: snd_unit=-1 snd_maxautovchans=16 latency=2 feeder_rate_min=1 feeder_rate_max=2016000 feeder_rate_round=25\nACPI: IORT: Unused ITS block, ID 1\nfirmware: 'tegra210_xusb_fw' version 0: 132608 bytes loaded at 0xffff000000b1f178\nkbd0 at kbdmux0\nmem: \u003cmemory\u003e\nnull: \u003cfull device, null device, zero device\u003e\nopenfirm: \u003cOpen Firmware control device\u003e\ntcp_log: tcp_log device\ncrypto: \u003ccrypto core\u003e\nACPI: RSDP 0x00000044B6E30018 000024 (v02 INTEL )\nACPI: XSDT 0x00000044B6E3FE98 00006C (v01 INTEL  MEVC100  00000001      01000013)\nACPI: FACP 0x00000044B6E37518 000114 (v06 INTEL  MEVC100  00000001 INTL 00000001)\nACPI: DSDT 0x00000044B6E3E998 000FD4 (v02 INTEL  MEVC100  00000001 INTL 20210930)\nACPI: SSDT 0x00000044B6E3FA98 000319 (v02 INTEL  MEVC100  00000001 INTL 20210930)\nACPI: GTDT 0x00000044B6E3E898 000084 (v03 INTEL  MEVC100  00000001 INTL 00000001)\nACPI: IORT 0x00000044B6E3E498 00023B (v05 INTEL  MEVC100  00000001 INTL 00000001)\nACPI: APIC 0x00000044B6E3DA18 00057C (v05 INTEL  MEVC100  00000001 INTL 00000001)\nACPI: MCFG 0x00000044B6E3FF98 00003C (v01 INTEL  MEVC100  00000001 INTL 00000001)\nACPI: PPTT 0x00000044B6E3BE98 000814 (v02 INTEL  MEVC100  00000001 INTL 00000001)\nACPI: SPCR 0x00000044B6E3E718 000050 (v02 INTEL  MEVC100  00000001 INTL 00000001)\nACPI: NFIT 0x00000044B6E3E098 000060 (v01 INTEL  MEVC100  00000001 INTL 00000001)\nacpi0: \u003cINTEL MEVC100\u003e\nACPI: 2 ACPI AML tables successfully acquired and loaded\nacpi0: Power Button (fixed)\nacpi0: Sleep Button (fixed)\nacpi0: Could not update all GPEs: AE_NOT_CONFIGURED\npsci0: \u003cARM Power State Co-ordination Interface Driver\u003e on acpi0\npsci0: PSCI version 0.2 compatible\nFound SMCCC version 1.0\ngic0: \u003cARM Generic Interrupt Controller v3.0\u003e iomem 0x205a000000-0x205a00ffff,0x205a080000-0x205a27ffff on acpi0\ngic0: SPIs: 448, IDs: 65535\ngic0: Start searching for Re-Distributor\ngic0: CPU0 Re-Distributor has been found\ngic0: CPU0 Re-Distributor woke up\ngic0: CPU0 enabled CPU interface via system registers\nits0: \u003cARM GIC Interrupt Translation Service\u003e mem 0x205a040000-0x205a05ffff on gic0\ngic0: using PENDBASE of 0x44bbf90000 on cpu 0\ngeneric_timer0: \u003cARM Generic Timer\u003e irq 23,24,25 on acpi0\ngeneric_timer0: allocated irq for 'sec-phys'\ngeneric_timer0: allocated irq for 'phys'\ngeneric_timer0: allocated irq for 'virt'\ngeneric_timer0: could not allocate irq for optional interrupt 'hyp-phys'\ngeneric_timer0: could not allocate irq for optional interrupt 'hyp-virt'\nTimecounter \"ARM MPCore Timecounter\" frequency 112500000 Hz quality 1000\nEvent timer \"ARM MPCore Eventtimer\" frequency 112500000 Hz quality 1000\nram0: reserving memory region:   40e0000000-4380000000\nram0: reserving memory region:   4401400000-4414000000\nram0: reserving memory region:   4494000000-44aea00000\nram0: reserving memory region:   44affae000-44b68e0000\nram0: reserving memory region:   44b6960000-44b6995000\nram0: reserving memory region:   44b69db000-44b6b60000\nram0: reserving memory region:   44b6be0000-44b6c20000\nram0: reserving memory region:   44b6cc0000-44b6cf0000\nram0: reserving memory region:   44b6f80000-44bbf50000\nram0: reserving memory region:   44bbf90000-44bbfc0000\nram0: reserving memory region:   44bbff0000-44c0000000\nram0: reserving memory region:   4680000000-4780000000\nram0: reserving excluded region: 4400700000-44007fffff\nram0: reserving excluded region: 44aea00000-44affadfff\nram0: reserving excluded region: 44b68e0000-44b695ffff\nram0: reserving excluded region: 44b6b60000-44b6bdffff\nram0: reserving excluded region: 44b6c20000-44b6cbffff\nram0: reserving excluded region: 44b6cf0000-44b6f7ffff\nram0: reserving excluded region: 44bbf50000-44bbf8ffff\nram0: reserving excluded region: 44bbfc0000-44bbfeffff\npci_link0:        Index  IRQ  Rtd  Ref  IRQs\n  Initial Probe       0  124   N     0  380\n  Validation          0  255   N     0  380\n  After Disable       0  255   N     0  380\npci_link1:        Index  IRQ  Rtd  Ref  IRQs\n  Initial Probe       0  123   N     0  379\n  Validation          0  255   N     0  379\n  After Disable       0  255   N     0  379\npci_link2:        Index  IRQ  Rtd  Ref  IRQs\n  Initial Probe       0  122   N     0  378\n  Validation          0  255   N     0  378\n  After Disable       0  255   N     0  378\npci_link3:        Index  IRQ  Rtd  Ref  IRQs\n  Initial Probe       0  121   N     0  377\n  Validation          0  255   N     0  377\n  After Disable       0  255   N     0  377\npmu0: \u003cPerformance Monitoring Unit\u003e on acpi0\npmu0: MADT: could not find pcpu, ArmMpidr 0\npmu0: MADT: could not find pcpu, ArmMpidr 10000\npmu0: MADT: could not find pcpu, ArmMpidr 20000\npmu0: MADT: could not find pcpu, ArmMpidr 30000\npmu0: MADT: could not find pcpu, ArmMpidr 40000\npmu0: MADT: could not find pcpu, ArmMpidr 50000\npmu0: MADT: could not find pcpu, ArmMpidr 60000\npmu0: MADT: could not find pcpu, ArmMpidr 70000\npmu0: MADT: could not find pcpu, ArmMpidr 80000\npmu0: MADT: could not find pcpu, ArmMpidr 90000\npmu0: MADT: could not find pcpu, ArmMpidr a0000\npmu0: MADT: could not find pcpu, ArmMpidr b0000\npmu0: MADT: could not find pcpu, ArmMpidr c0000\npmu0: MADT: could not find pcpu, ArmMpidr d0000\npmu0: MADT: could not find pcpu, ArmMpidr e0000\npmu0: MADT: could not find pcpu, ArmMpidr f0000\nacpi_ged0: \u003cGeneric Event Device\u003e irq 16 on acpi0\nacpi_ged0: Raw IRQ 257\nacpi_button0: \u003cPower Button\u003e on acpi0\npcib0: \u003cGeneric PCI host controller\u003e on acpi0\npcib0: Bus is cache-coherent\npcib0: ECAM for bus 0-0 at mem 2030000000-20300fffff\npci0: \u003cPCI bus\u003e on pcib0\npci0: domain=0, physical bus=0\nfound-\u003e vendor=0x8086, dev=0x1452, revid=0x21\n        domain=0, bus=0, slot=1, func=0\n        class=02-00-00, hdrtype=0x00, mfdev=1\n        cmdreg=0x0006, statreg=0x0010, cachelnsz=0 (dwords)\n        lattimer=0x00 (0 ns), mingnt=0x00 (0 ns), maxlat=0x00 (0 ns)\n        intpin=a, irq=255\n        powerspec 3  supports D0 D3  current D0\n        MSI supports 1 message, 64 bit, vector masks\n        MSI-X supports 257 messages in map 0x18\n        map[10]: type Prefetchable Memory, range 64, base 0x2200000000, size 28, enabled\npcib0: rman_reserve_resource: start=0x2200000000, end=0x220fffffff, count=0x10000000\n        map[18]: type Prefetchable Memory, range 64, base 0x2226c00000, size 18, enabled\npcib0: rman_reserve_resource: start=0x2226c00000, end=0x2226c3ffff, count=0x40000\nfound-\u003e vendor=0x8086, dev=0x1457, revid=0x21\n        domain=0, bus=0, slot=1, func=1\n        class=01-08-02, hdrtype=0x00, mfdev=1\n        cmdreg=0x0000, statreg=0x0010, cachelnsz=0 (dwords)\n        lattimer=0x00 (0 ns), mingnt=0x00 (0 ns), maxlat=0x00 (0 ns)\n        intpin=a, irq=255\n        powerspec 3  supports D0 D3  current D0\n        MSI supports 1 message, 64 bit, vector masks\n        MSI-X supports 257 messages in map 0x18\n        map[10]: type Prefetchable Memory, range 64, base 0x2220000000, size 25, memory disabled\npcib0: rman_reserve_resource: start=0x2220000000, end=0x2221ffffff, count=0x2000000\n        map[18]: type Prefetchable Memory, range 64, base 0x2226c80000, size 17, enabled\npcib0: rman_reserve_resource: start=0x2226c80000, end=0x2226c9ffff, count=0x20000\nfound-\u003e vendor=0x8086, dev=0x145e, revid=0x21\n        domain=0, bus=0, slot=1, func=2\n        class=12-00-00, hdrtype=0x00, mfdev=1\n        cmdreg=0x0000, statreg=0x0010, cachelnsz=0 (dwords)\n        lattimer=0x00 (0 ns), mingnt=0x00 (0 ns), maxlat=0x00 (0 ns)\n        intpin=a, irq=255\n        powerspec 3  supports D0 D3  current D0\n        MSI supports 1 message, 64 bit, vector masks\n        MSI-X supports 2048 messages in map 0x18\n        map[10]: type Prefetchable Memory, range 64, base 0x2226000000, size 23, memory disabled\npcib0: rman_reserve_resource: start=0x2226000000, end=0x22267fffff, count=0x800000\nfound-\u003e vendor=0x8086, dev=0x1456, revid=0x21\n        domain=0, bus=0, slot=1, func=3\n        class=10-00-00, hdrtype=0x00, mfdev=1\n        cmdreg=0x0000, statreg=0x0010, cachelnsz=0 (dwords)\n        lattimer=0x00 (0 ns), mingnt=0x00 (0 ns), maxlat=0x00 (0 ns)\n        intpin=a, irq=255\n        powerspec 3  supports D0 D3  current D0\n        MSI supports 1 message, 64 bit, vector masks\n        MSI-X supports 257 messages in map 0x18\n        map[10]: type Prefetchable Memory, range 64, base 0x2222000000, size 25, memory disabled\npcib0: rman_reserve_resource: start=0x2222000000, end=0x2223ffffff, count=0x2000000\n        map[18]: type Prefetchable Memory, range 64, base 0x2226ca0000, size 17, enabled\npcib0: rman_reserve_resource: start=0x2226ca0000, end=0x2226cbffff, count=0x20000\n        map[20]: type Prefetchable Memory, range 64, base 0x2620000000, size 23, enabled\npcib0: rman_reserve_resource: start=0x2620000000, end=0x26207fffff, count=0x800000\nfound-\u003e vendor=0x8086, dev=0x145d, revid=0x21\n        domain=0, bus=0, slot=1, func=4\n        class=12-00-00, hdrtype=0x00, mfdev=1\n        cmdreg=0x0000, statreg=0x0010, cachelnsz=0 (dwords)\n        lattimer=0x00 (0 ns), mingnt=0x00 (0 ns), maxlat=0x00 (0 ns)\n        intpin=a, irq=255\n        powerspec 3  supports D0 D3  current D0\n        MSI supports 1 message, 64 bit, vector masks\n        MSI-X supports 257 messages in map 0x18\n        map[10]: type Prefetchable Memory, range 64, base 0x2226800000, size 22, memory disabled\npcib0: rman_reserve_resource: start=0x2226800000, end=0x2226bfffff, count=0x400000\n        map[18]: type Prefetchable Memory, range 64, base 0x2226cc0000, size 16, enabled\npcib0: rman_reserve_resource: start=0x2226cc0000, end=0x2226ccffff, count=0x10000\nfound-\u003e vendor=0x8086, dev=0x1453, revid=0x21\n        domain=0, bus=0, slot=1, func=6\n        class=02-00-00, hdrtype=0x00, mfdev=1\n        cmdreg=0x0000, statreg=0x0010, cachelnsz=0 (dwords)\n        lattimer=0x00 (0 ns), mingnt=0x00 (0 ns), maxlat=0x00 (0 ns)\n        intpin=a, irq=255\n        powerspec 3  supports D0 D3  current D0\n        MSI supports 1 message, 64 bit, vector masks\n        MSI-X supports 257 messages in map 0x18\n        map[10]: type Prefetchable Memory, range 64, base 0x2210000000, size 28, memory disabled\npcib0: rman_reserve_resource: start=0x2210000000, end=0x221fffffff, count=0x10000000\n        map[18]: type Prefetchable Memory, range 64, base 0x2226c40000, size 18, enabled\npcib0: rman_reserve_resource: start=0x2226c40000, end=0x2226c7ffff, count=0x40000\nfound-\u003e vendor=0x8086, dev=0x1458, revid=0x21\n        domain=0, bus=0, slot=1, func=7\n        class=01-08-00, hdrtype=0x00, mfdev=1\n        cmdreg=0x0000, statreg=0x0010, cachelnsz=0 (dwords)\n        lattimer=0x00 (0 ns), mingnt=0x00 (0 ns), maxlat=0x00 (0 ns)\n        intpin=a, irq=255\n        powerspec 3  supports D0 D3  current D0\n        MSI-X supports 257 messages in map 0x18\n        map[10]: type Prefetchable Memory, range 64, base 0x2224000000, size 25, memory disabled\npcib0: rman_reserve_resource: start=0x2224000000, end=0x2225ffffff, count=0x2000000\n        map[18]: type Prefetchable Memory, range 64, base 0x2226cd0000, size 16, enabled\npcib0: rman_reserve_resource: start=0x2226cd0000, end=0x2226cdffff, count=0x10000\n        map[20]: type Prefetchable Memory, range 64, base 0x2600000000, size 29, enabled\npcib0: rman_reserve_resource: start=0x2600000000, end=0x261fffffff, count=0x20000000\nfound-\u003e vendor=0x8086, dev=0x14c3, revid=0x21\n        domain=0, bus=0, slot=2, func=0\n        class=08-07-00, hdrtype=0x00, mfdev=1\n        cmdreg=0x0000, statreg=0x0010, cachelnsz=0 (dwords)\n        lattimer=0x00 (0 ns), mingnt=0x00 (0 ns), maxlat=0x00 (0 ns)\n        powerspec 3  supports D0 D3  current D0\n        MSI supports 1 message, 64 bit, vector masks\npci0: \u003cnetwork, ethernet\u003e at device 1.0 (no driver attached)\nnvme0: \u003cGeneric NVMe Device\u003e mem 0x2220000000-0x2221ffffff,0x2226c80000-0x2226c9ffff at device 1.1 on pci0\nnvme0: unable to allocate MSI-X\nnvme0: attempting to allocate 1 MSI vectors (1 supported)\nnvme0: using IRQ 26 for MSI\nnvme0: CapLo: 0x28030fff: MQES 4095, CQR, AMS WRRwUPC, TO 40\nnvme0: CapHi: 0x00000020: DSTRD 0, CSS 1, CPS 0, MPSMIN 0, MPSMAX 0\nnvme0: Version: 0x00010300: 1.3\npci0: \u003cunknown\u003e at device 1.2 (no driver attached)\npci0: \u003cencrypt/decrypt, network/computer crypto\u003e at device 1.3 (no driver attached)\npci0: \u003cunknown\u003e at device 1.4 (no driver attached)\npci0: \u003cnetwork, ethernet\u003e at device 1.6 (no driver attached)\npci0: \u003cmass storage, NVM\u003e at device 1.7 (no driver attached)\npci0: \u003cbase peripheral\u003e at device 2.0 (no driver attached)\ncpu0: \u003cACPI CPU\u003e on acpi0\ncpu0: switching to generic Cx mode\ncrypto: assign cryptosoft0 driver id 0, flags 0x6000000\narmv8crypto0: \u003cAES-CBC,AES-XTS,AES-GCM\u003e\ncrypto: assign armv8crypto0 driver id 1, flags 0xe000000\nAcpiOsExecute: task queue not started\nDevice configuration finished.\nprocfs registered\nTimecounters tick every 1.000 msec\nlo0: bpf attached\nvlan: initialized, using hash tables with chaining\nIPsec: Initialized Security Association Processing.\ntcp_init: net.inet.tcp.tcbhashsize auto tuned to 131072\nusb_needs_explore_all: no devclass\nAcpiOsExecute: enqueue 1 pending tasks\npci0: driver added\nfound-\u003e vendor=0x8086, dev=0x1452, revid=0x21\n        domain=0, bus=0, slot=1, func=0\n        class=02-00-00, hdrtype=0x00, mfdev=1\n        cmdreg=0x0006, statreg=0x0010, cachelnsz=0 (dwords)\n        lattimer=0x00 (0 ns), mingnt=0x00 (0 ns), maxlat=0x00 (0 ns)\n        intpin=a, irq=255\n        powerspec 3  supports D0 D3  current D0\n        MSI supports 1 message, 64 bit, vector masks\n        MSI-X supports 257 messages in map 0x18\npci0:0:1:0: reprobing on driver added\nfound-\u003e vendor=0x8086, dev=0x145e, revid=0x21\n        domain=0, bus=0, slot=1, func=2\n        class=12-00-00, hdrtype=0x00, mfdev=1\n        cmdreg=0x0002, statreg=0x0010, cachelnsz=0 (dwords)\n        lattimer=0x00 (0 ns), mingnt=0x00 (0 ns), maxlat=0x00 (0 ns)\n        intpin=a, irq=255\n        powerspec 3  supports D0 D3  current D0\n        MSI supports 1 message, 64 bit, vector masks\n        MSI-X supports 2048 messages in map 0x18\npci0:0:1:2: reprobing on driver added\nfound-\u003e vendor=0x8086, dev=0x1456, revid=0x21\n        domain=0, bus=0, slot=1, func=3\n        class=10-00-00, hdrtype=0x00, mfdev=1\n        cmdreg=0x0002, statreg=0x0010, cachelnsz=0 (dwords)\n        lattimer=0x00 (0 ns), mingnt=0x00 (0 ns), maxlat=0x00 (0 ns)\n        intpin=a, irq=255\n        powerspec 3  supports D0 D3  current D0\n        MSI supports 1 message, 64 bit, vector masks\n        MSI-X supports 257 messages in map 0x18\npci0:0:1:3: reprobing on driver added\nfound-\u003e vendor=0x8086, dev=0x145d, revid=0x21\n        domain=0, bus=0, slot=1, func=4\n        class=12-00-00, hdrtype=0x00, mfdev=1\n        cmdreg=0x0002, statreg=0x0010, cachelnsz=0 (dwords)\n        lattimer=0x00 (0 ns), mingnt=0x00 (0 ns), maxlat=0x00 (0 ns)\n        intpin=a, irq=255\n        powerspec 3  supports D0 D3  current D0\n        MSI supports 1 message, 64 bit, vector masks\n        MSI-X supports 257 messages in map 0x18\npci0:0:1:4: reprobing on driver added\nfound-\u003e vendor=0x8086, dev=0x1453, revid=0x21\n        domain=0, bus=0, slot=1, func=6\n        class=02-00-00, hdrtype=0x00, mfdev=1\n        cmdreg=0x0002, statreg=0x0010, cachelnsz=0 (dwords)\n        lattimer=0x00 (0 ns), mingnt=0x00 (0 ns), maxlat=0x00 (0 ns)\n        intpin=a, irq=255\n        powerspec 3  supports D0 D3  current D0\n        MSI supports 1 message, 64 bit, vector masks\n        MSI-X supports 257 messages in map 0x18\npci0:0:1:6: reprobing on driver added\nfound-\u003e vendor=0x8086, dev=0x1458, revid=0x21\n        domain=0, bus=0, slot=1, func=7\n        class=01-08-00, hdrtype=0x00, mfdev=1\n        cmdreg=0x0002, statreg=0x0010, cachelnsz=0 (dwords)\n        lattimer=0x00 (0 ns), mingnt=0x00 (0 ns), maxlat=0x00 (0 ns)\n        intpin=a, irq=255\n        powerspec 3  supports D0 D3  current D0\n        MSI-X supports 257 messages in map 0x18\npci0:0:1:7: reprobing on driver added\nfound-\u003e vendor=0x8086, dev=0x14c3, revid=0x21\n        domain=0, bus=0, slot=2, func=0\n        class=08-07-00, hdrtype=0x00, mfdev=1\n        cmdreg=0x0000, statreg=0x0010, cachelnsz=0 (dwords)\n        lattimer=0x00 (0 ns), mingnt=0x00 (0 ns), maxlat=0x00 (0 ns)\n        powerspec 3  supports D0 D3  current D0\n        MSI supports 1 message, 64 bit, vector masks\npci0:0:2:0: reprobing on driver added\nCPU  0: ARM Neoverse-N1 r4p0 affinity:  0\n                   Cache Type = \u003c64 byte D-cacheline,64 byte I-cacheline,PIPT ICache,64 byte ERG,64 byte CWG,IDC,DIC\u003e\n Instruction Set Attributes 0 = \u003cDP,RDM,Atomic,CRC32,SHA2,SHA1,AES+PMULL\u003e\n Instruction Set Attributes 1 = \u003cRCPC-8.3,DCPoP\u003e\n Instruction Set Attributes 2 = \u003c\u003e\n         Processor Features 0 = \u003cCSV3,CSV2,RAS,GIC,AdvSIMD+HP,FP+HP,EL3,EL2,EL1,EL0 32\u003e\n         Processor Features 1 = \u003cPSTATE.SSBS MSR\u003e\n      Memory Model Features 0 = \u003cTGran4,TGran64,TGran16,SNSMem,BigEnd,16bit ASID,256TB PA\u003e\n      Memory Model Features 1 = \u003cXNX,PAN+ATS1E1,LO,HPD+TTPBHA,VH,16bit VMID,HAF+DS\u003e\n      Memory Model Features 2 = \u003cEVT-8.2,32bit CCIDX,48bit VA,IESB,UAO,CnP\u003e\n             Debug Features 0 = \u003cDoubleLock,SPE,2 CTX BKPTs,4 Watchpoints,6 Breakpoints,PMUv3p1,Debugv8p2\u003e\n             Debug Features 1 = \u003c\u003e\n         Auxiliary Features 0 = \u003c\u003e\n         Auxiliary Features 1 = \u003c\u003e\nAArch32 Instruction Set Attributes 5 = \u003cRDM,CRC32,SHA2,SHA1,AES+VMULL,SEVL\u003e\nAArch32 Media and VFP Features 0 = \u003cFPRound,FPSqrt,FPDivide,DP VFPv3+v4,SP VFPv3+v4,AdvSIMD\u003e\nAArch32 Media and VFP Features 1 = \u003cSIMDFMAC,FPHP Arith,SIMDHP Arith,SIMDSP,SIMDInt,SIMDLS,FPDNaN,FPFtZ\u003e\n L1 cache: 64KB (instruction), 64KB (data)\n L2 cache: 512KB (unified)\nEnabling CnP\nTCP_ratelimit: Is now initialized\nregulator: shutting down unused regulators\nTrying to mount root from ufs:/dev/ufs/FreeBSD_Install [ro,noatime]...\nmountroot: waiting for device /dev/ufs/FreeBSD_Install...\nMounting from ufs:/dev/ufs/FreeBSD_Install failed with error 19.\n\nLoader variables:\n  vfs.root.mountfrom=ufs:/dev/ufs/FreeBSD_Install\n  vfs.root.mountfrom.options=ro,noatime\n\nManual root filesystem specification:\n  \u003cfstype\u003e:\u003cdevice\u003e [options]\n      Mount \u003cdevice\u003e using filesystem \u003cfstype\u003e\n      and with the specified (optional) option list.\n\n    eg. ufs:/dev/da0s1a\n        zfs:zroot/ROOT/default\n        cd9660:/dev/cd0 ro\n          (which is equivalent to: mount -t cd9660 -o ro /dev/cd0 /)\n\n  ?               List valid disk boot devices\n  .               Yield 1 second (for background tasks)\n  \u003cempty line\u003e    Abort manual input\n\nmountroot\u003e random: unblocking device.\nmountroot\u003e ?\n\nList of GEOM managed disk devices:"
}