{
 "id": 621262,
 "bug_id": 159116,
 "attachment_id": 0,
 "creation_time": "2011-07-22T23:39:25Z",
 "creator": "rob@ipninja.net",
 "text": "Full dmesg -\n\nCopyright (c) 1992-2011 The FreeBSD Project.\nCopyright (c) 1979, 1980, 1983, 1986, 1988, 1989, 1991, 1992, 1993, 1994\n        The Regents of the University of California. All rights reserved.\nFreeBSD is a registered trademark of The FreeBSD Foundation.\nFreeBSD 8.2-STABLE #2: Fri Jul 22 18:03:21 EDT 2011\n    rob@storm.ipninja.net:/usr/obj/usr/src/sys/GENERIC i386\nTimecounter \"i8254\" frequency 1193182 Hz quality 0\nCPU: Intel(R) Pentium(R) 4 CPU 3.00GHz (2999.94-MHz 686-class CPU)\n  Origin = \"GenuineIntel\"  Id = 0xf29  Family = f  Model = 2  Stepping = 9\n \nFeatures=0xbfebfbff\u003cFPU,VME,DE,PSE,TSC,MSR,PAE,MCE,CX8,APIC,SEP,MTRR,PGE,MCA\n,CMOV,PAT,PSE36,CLFLUSH,DTS,ACPI,MMX,FXSR,SSE,SSE2,SS,HTT,TM,PBE\u003e\n  Features2=0x4400\u003cCNXT-ID,xTPR\u003e\nreal memory  = 2147483648 (2048 MB)\navail memory = 2077077504 (1980 MB)\nACPI APIC Table: \u003c080510 APIC1418\u003e\nFreeBSD/SMP: Multiprocessor System Detected: 2 CPUs\nFreeBSD/SMP: 1 package(s) x 1 core(s) x 2 HTT threads\n cpu0 (BSP): APIC ID:  0\n cpu1 (AP/HT): APIC ID:  1\nioapic0: Changing APIC ID to 2\nioapic0 \u003cVersion 2.0\u003e irqs 0-23 on motherboard\nkbd1 at kbdmux0\nacpi0: \u003c080510 RSDT1418\u003e on motherboard\nacpi0: [ITHREAD]\nacpi0: Power Button (fixed)\nacpi0: reservation of 0, a0000 (3) failed\nacpi0: reservation of 100000, 7f600000 (3) failed\nTimecounter \"ACPI-fast\" frequency 3579545 Hz quality 1000\nacpi_timer0: \u003c24-bit timer at 3.579545MHz\u003e port 0x808-0x80b on acpi0\ncpu0: \u003cACPI CPU\u003e on acpi0\ncpu1: \u003cACPI CPU\u003e on acpi0\npcib0: \u003cACPI Host-PCI bridge\u003e port 0xcf8-0xcff on acpi0\npci0: \u003cACPI PCI bus\u003e on pcib0\nvgapci0: \u003cVGA-compatible display\u003e port 0xcc00-0xcc07 mem\n0xfe980000-0xfe9fffff,0xd0000000-0xdfffffff,0xfe800000-0xfe8fffff irq 16 at\ndevice 2.0 on pci0\nagp0: \u003cIntel G33 SVGA controller\u003e on vgapci0\nagp0: aperture size is 256M, detected 7164k stolen memory\npci0: \u003cmultimedia, HDA\u003e at device 27.0 (no driver attached)\npcib1: \u003cACPI PCI-PCI bridge\u003e irq 16 at device 28.0 on pci0\npci1: \u003cACPI PCI bus\u003e on pcib1\npcib2: \u003cACPI PCI-PCI bridge\u003e irq 17 at device 28.1 on pci0\npci2: \u003cACPI PCI bus\u003e on pcib2\nre0: \u003cRealTek 810xE PCIe 10/100baseTX\u003e port 0xd800-0xd8ff mem\n0xfdfff000-0xfdffffff,0xfdfe0000-0xfdfeffff irq 17 at device 0.0 on pci2\nre0: Using 1 MSI-X message\nre0: Chip rev. 0x24800000\nre0: MAC rev. 0x00000000\nmiibus0: \u003cMII bus\u003e on re0\nrlphy0: \u003cRTL8201L 10/100 media interface\u003e PHY 1 on miibus0\nrlphy0:  10baseT, 10baseT-FDX, 10baseT-FDX-flow, 100baseTX, 100baseTX-FDX,\n100baseTX-FDX-flow, auto, auto-flow\nre0: Ethernet address: 00:30:67:b9:a3:d1\nre0: [ITHREAD]\nuhci0: \u003cIntel 82801G (ICH7) USB controller USB-A\u003e port 0xc880-0xc89f irq 23\nat device 29.0 on pci0\nuhci0: [ITHREAD]\nuhci0: LegSup = 0x2f00\nusbus0: \u003cIntel 82801G (ICH7) USB controller USB-A\u003e on uhci0\nuhci1: \u003cIntel 82801G (ICH7) USB controller USB-B\u003e port 0xc800-0xc81f irq 19\nat device 29.1 on pci0\nuhci1: [ITHREAD]\nuhci1: LegSup = 0x2f00\nusbus1: \u003cIntel 82801G (ICH7) USB controller USB-B\u003e on uhci1\nuhci2: \u003cIntel 82801G (ICH7) USB controller USB-C\u003e port 0xc480-0xc49f irq 18\nat device 29.2 on pci0\nuhci2: [ITHREAD]\nuhci2: LegSup = 0x2f00\nusbus2: \u003cIntel 82801G (ICH7) USB controller USB-C\u003e on uhci2\nuhci3: \u003cIntel 82801G (ICH7) USB controller USB-D\u003e port 0xc400-0xc41f irq 16\nat device 29.3 on pci0\nuhci3: [ITHREAD]\nuhci3: LegSup = 0x2f00\nusbus3: \u003cIntel 82801G (ICH7) USB controller USB-D\u003e on uhci3\nehci0: \u003cIntel 82801GB/R (ICH7) USB 2.0 controller\u003e mem 0xfe977c00-0xfe977fff\nirq 23 at device 29.7 on pci0\nehci0: [ITHREAD]\nusbus4: EHCI version 1.0\nusbus4: \u003cIntel 82801GB/R (ICH7) USB 2.0 controller\u003e on ehci0\npcib3: \u003cACPI PCI-PCI bridge\u003e at device 30.0 on pci0\npci3: \u003cACPI PCI bus\u003e on pcib3\nskc0: \u003cD-Link DGE-530T Gigabit Ethernet\u003e port 0xe800-0xe8ff mem\n0xfebffc00-0xfebffcff irq 17 at device 1.0 on pci3\nskc0: couldn't allocate I/O resources\ndevice_attach: skc0 attach returned 6\nisab0: \u003cPCI-ISA bridge\u003e at device 31.0 on pci0\nisa0: \u003cISA bus\u003e on isab0\natapci0: \u003cIntel ICH7 UDMA100 controller\u003e port\n0x1f0-0x1f7,0x3f6,0x170-0x177,0x376,0xffa0-0xffaf at device 31.1 on pci0\nata0: \u003cATA channel 0\u003e on atapci0\nata0: [ITHREAD]\natapci1: \u003cIntel ICH7 SATA300 controller\u003e port\n0xc080-0xc087,0xc000-0xc003,0xbc00-0xbc07,0xb880-0xb883,0xb800-0xb80f irq 19\nat device 31.2 on pci0\natapci1: [ITHREAD]\nata2: \u003cATA channel 0\u003e on atapci1\nata2: [ITHREAD]\nata3: \u003cATA channel 1\u003e on atapci1\nata3: [ITHREAD]\npci0: \u003cserial bus, SMBus\u003e at device 31.3 (no driver attached)\nacpi_button0: \u003cPower Button\u003e on acpi0\nacpi_tz0: \u003cThermal Zone\u003e on acpi0\natrtc0: \u003cAT realtime clock\u003e port 0x70-0x71 irq 8 on acpi0\nuart0: \u003c16550 or compatible\u003e port 0x3f8-0x3ff irq 4 flags 0x10 on acpi0\nuart0: [FILTER]\nfdc0: \u003cfloppy drive controller (FDE)\u003e port 0x3f0-0x3f5,0x3f7 irq 6 drq 2 on\nacpi0\nfdc0: [FILTER]\npmtimer0 on isa0\nsc0: \u003cSystem console\u003e at flags 0x100 on isa0\nsc0: VGA \u003c16 virtual consoles, flags=0x300\u003e\nvga0: \u003cGeneric ISA VGA\u003e at port 0x3c0-0x3df iomem 0xa0000-0xbffff on isa0\natkbdc0: \u003cKeyboard controller (i8042)\u003e at port 0x60,0x64 on isa0\natkbd0: \u003cAT Keyboard\u003e irq 1 on atkbdc0\nkbd0 at atkbd0\natkbd0: [GIANT-LOCKED]\natkbd0: [ITHREAD]\nppc0: parallel port not found.\np4tcc0: \u003cCPU Frequency Thermal Control\u003e on cpu0\np4tcc1: \u003cCPU Frequency Thermal Control\u003e on cpu1\nZFS filesystem version 5\nZFS storage pool version 28\nTimecounters tick every 1.000 msec\nusbus0: 12Mbps Full Speed USB v1.0\nusbus1: 12Mbps Full Speed USB v1.0\nusbus2: 12Mbps Full Speed USB v1.0\nusbus3: 12Mbps Full Speed USB v1.0\nusbus4: 480Mbps High Speed USB v2.0\nacd0: DVDROM \u003cIDE DVD-ROM 16X/VER 2.21\u003e at ata0-master UDMA33\nugen0.1: \u003cIntel\u003e at usbus0\nuhub0: \u003cIntel UHCI root HUB, class 9/0, rev 1.00/1.00, addr 1\u003e on usbus0\nugen1.1: \u003cIntel\u003e at usbus1\nuhub1: \u003cIntel UHCI root HUB, class 9/0, rev 1.00/1.00, addr 1\u003e on usbus1\nugen2.1: \u003cIntel\u003e at usbus2\nuhub2: \u003cIntel UHCI root HUB, class 9/0, rev 1.00/1.00, addr 1\u003e on usbus2\nugen3.1: \u003cIntel\u003e at usbus3\nuhub3: \u003cIntel UHCI root HUB, class 9/0, rev 1.00/1.00, addr 1\u003e on usbus3\nugen4.1: \u003cIntel\u003e at usbus4\nuhub4: \u003cIntel EHCI root HUB, class 9/0, rev 2.00/1.00, addr 1\u003e on usbus4\nad4: 76319MB \u003cWDC WD800JB-00ETA0 77.07W77\u003e at ata2-master UDMA100 SATA\nad6: 152627MB \u003cWDC WD1600JD-00HBB0 08.02D08\u003e at ata3-master UDMA100 SATA\nSMP: AP CPU #1 Launched!\nRoot mount waiting for: usbus4 usbus3 usbus2 usbus1 usbus0\nuhub0: 2 ports with 2 removable, self powered\nuhub1: 2 ports with 2 removable, self powered\nuhub2: 2 ports with 2 removable, self powered\nuhub3: 2 ports with 2 removable, self powered\nRoot mount waiting for: usbus4\nRoot mount waiting for: usbus4\nRoot mount waiting for: usbus4\nuhub4: 8 ports with 8 removable, self powered\nTrying to mount root from zfs:zroot\nugen1.2: \u003cMicrosoft\u003e at usbus1\nukbd0: \u003cMicrosoft Comfort Curve Keyboard 2000, class 0/0, rev 2.00/1.73,\naddr 2\u003e on usbus1\nkbd2 at ukbd0\nuhid0: \u003cMicrosoft Comfort Curve Keyboard 2000, class 0/0, rev 2.00/1.73,\naddr 2\u003e on usbus1\nstorm#\n\n\nFull pciconf -lcbv -\n\nstorm# pciconf -lcbv\nhostb0@pci0:0:0:0:      class=0x060000 card=0x29c08086 chip=0x29c08086\nrev=0x10 hdr=0x00\n    vendor     = 'Intel Corporation'\n    device     = 'P35/G33 (Bearlake) Processor to I/O Controller'\n    class      = bridge\n    subclass   = HOST-PCI\n    cap 09[e0] = vendor (length 11) Intel cap 11 version 1\nvgapci0@pci0:0:2:0:     class=0x030000 card=0x31031565 chip=0x29c28086\nrev=0x10 hdr=0x00\n    vendor     = 'Intel Corporation'\n    device     = 'P35/G33 (Bearlake) Integrated Graphics Controller'\n    class      = display\n    subclass   = VGA\n    bar   [10] = type Memory, range 32, base 0xfe980000, size 524288,\nenabled\n    bar   [14] = type I/O Port, range 32, base 0xcc00, size  8, enabled\n    bar   [18] = type Prefetchable Memory, range 32, base 0xd0000000, size\n268435456, enabled\n    bar   [1c] = type Memory, range 32, base 0xfe800000, size 1048576,\nenabled\n    cap 05[90] = MSI supports 1 message\n    cap 01[d0] = powerspec 2  supports D0 D3  current D0\nnone0@pci0:0:27:0:      class=0x040300 card=0x821e1565 chip=0x27d88086\nrev=0x01 hdr=0x00\n    vendor     = 'Intel Corporation'\n    device     = 'IDT High Definition Audio Driver  (BA101897)'\n    class      = multimedia\n    subclass   = HDA\n    bar   [10] = type Memory, range 64, base 0xfe978000, size 16384, enabled\n    cap 01[50] = powerspec 2  supports D0 D3  current D0\n    cap 05[60] = MSI supports 1 message, 64 bit\n    cap 10[70] = PCI-Express 1 root endpoint max data 128(128) link x0(x0)\necap 0002[100] = VC 1 max VC1\necap 0005[130] = unknown 1\npcib1@pci0:0:28:0:      class=0x060400 card=0x31031565 chip=0x27d08086\nrev=0x01 hdr=0x01\n    vendor     = 'Intel Corporation'\n    device     = '82801G (ICH7 Family) PCIe Root Port'\n    class      = bridge\n    subclass   = PCI-PCI\n    cap 10[40] = PCI-Express 1 root port max data 128(128) link x0(x1)\n    cap 05[80] = MSI supports 1 message\n    cap 0d[90] = PCI Bridge card=0x31031565\n    cap 01[a0] = powerspec 2  supports D0 D3  current D0\necap 0002[100] = VC 1 max VC1\necap 0005[180] = unknown 1\npcib2@pci0:0:28:1:      class=0x060400 card=0x31031565 chip=0x27d28086\nrev=0x01 hdr=0x01\n    vendor     = 'Intel Corporation'\n    device     = '82801G (ICH7 Family) PCIe Root Port'\n    class      = bridge\n    subclass   = PCI-PCI\n    cap 10[40] = PCI-Express 1 root port max data 128(128) link x1(x1)\n    cap 05[80] = MSI supports 1 message\n    cap 0d[90] = PCI Bridge card=0x31031565\n    cap 01[a0] = powerspec 2  supports D0 D3  current D0\necap 0002[100] = VC 1 max VC1\necap 0005[180] = unknown 1\nuhci0@pci0:0:29:0:      class=0x0c0300 card=0x31031565 chip=0x27c88086\nrev=0x01 hdr=0x00\n    vendor     = 'Intel Corporation'\n    device     = '82801G (ICH7 Family) USB Universal Host Controller'\n    class      = serial bus\n    subclass   = USB\n    bar   [20] = type I/O Port, range 32, base 0xc880, size 32, enabled\nuhci1@pci0:0:29:1:      class=0x0c0300 card=0x31031565 chip=0x27c98086\nrev=0x01 hdr=0x00\n    vendor     = 'Intel Corporation'\n    device     = '82801G (ICH7 Family) USB Universal Host Controller'\n    class      = serial bus\n    subclass   = USB\n    bar   [20] = type I/O Port, range 32, base 0xc800, size 32, enabled\nuhci2@pci0:0:29:2:      class=0x0c0300 card=0x31031565 chip=0x27ca8086\nrev=0x01 hdr=0x00\n    vendor     = 'Intel Corporation'\n    device     = '82801G (ICH7 Family) USB Universal Host Controller'\n    class      = serial bus\n    subclass   = USB\n    bar   [20] = type I/O Port, range 32, base 0xc480, size 32, enabled\nuhci3@pci0:0:29:3:      class=0x0c0300 card=0x31031565 chip=0x27cb8086\nrev=0x01 hdr=0x00\n    vendor     = 'Intel Corporation'\n    device     = '82801G (ICH7 Family) USB Universal Host Controller'\n    class      = serial bus\n    subclass   = USB\n    bar   [20] = type I/O Port, range 32, base 0xc400, size 32, enabled\nehci0@pci0:0:29:7:      class=0x0c0320 card=0x31031565 chip=0x27cc8086\nrev=0x01 hdr=0x00\n    vendor     = 'Intel Corporation'\n    device     = '82801G (ICH7 Family) USB 2.0 Enhanced Host Controller'\n    class      = serial bus\n    subclass   = USB\n    bar   [10] = type Memory, range 32, base 0xfe977c00, size 1024, enabled\n    cap 01[50] = powerspec 2  supports D0 D3  current D0\n    cap 0a[58] = EHCI Debug Port at offset 0xa0 in map 0x14\npcib3@pci0:0:30:0:      class=0x060401 card=0x31031565 chip=0x244e8086\nrev=0xe1 hdr=0x01\n    vendor     = 'Intel Corporation'\n    device     = '82801 Family (ICH2/3/4/5/6/7/8/9,63xxESB) Hub Interface to\nPCI Bridge'\n    class      = bridge\n    subclass   = PCI-PCI\n    cap 0d[50] = PCI Bridge card=0x31031565\nisab0@pci0:0:31:0:      class=0x060100 card=0x31031565 chip=0x27b88086\nrev=0x01 hdr=0x00\n    vendor     = 'Intel Corporation'\n    device     = 'Intel 82801GB/GR (ICH7 Family) LPC Interface Controller -\n27B8 (945GL)'\n    class      = bridge\n    subclass   = PCI-ISA\n    cap 09[e0] = vendor (length 12) Intel cap 1 version 0\n                 features: Quick Resume, SATA RAID-5, 6 PCI-e x1 slots, SATA\nRAID-0/1/10, SATA AHCI\natapci0@pci0:0:31:1:    class=0x01018a card=0x31031565 chip=0x27df8086\nrev=0x01 hdr=0x00\n    vendor     = 'Intel Corporation'\n    device     = '82801G (ICH7 Family) Ultra ATA Storage Controller'\n    class      = mass storage\n    subclass   = ATA\n    bar   [10] = type I/O Port, range 32, base 0x1f0, size  8, enabled\n    bar   [14] = type I/O Port, range 32, base 0x3f4, size  1, enabled\n    bar   [18] = type I/O Port, range 32, base 0x170, size  8, enabled\n    bar   [1c] = type I/O Port, range 32, base 0x374, size  1, enabled\n    bar   [20] = type I/O Port, range 32, base 0xffa0, size 16, enabled\natapci1@pci0:0:31:2:    class=0x01018f card=0x52021565 chip=0x27c08086\nrev=0x01 hdr=0x00\n    vendor     = 'Intel Corporation'\n    device     = '82801GB/GR/GH (ICH7 Family) Serial ATA Storage Controller'\n    class      = mass storage\n    subclass   = ATA\n    bar   [10] = type I/O Port, range 32, base 0xc080, size  8, enabled\n    bar   [14] = type I/O Port, range 32, base 0xc000, size  4, enabled\n    bar   [18] = type I/O Port, range 32, base 0xbc00, size  8, enabled\n    bar   [1c] = type I/O Port, range 32, base 0xb880, size  4, enabled\n    bar   [20] = type I/O Port, range 32, base 0xb800, size 16, enabled\n    cap 01[70] = powerspec 2  supports D0 D3  current D0\nnone1@pci0:0:31:3:      class=0x0c0500 card=0x31031565 chip=0x27da8086\nrev=0x01 hdr=0x00\n    vendor     = 'Intel Corporation'\n    device     = 'Intel[R] 82801G (ICH7 Family) C- 27DA (82801G)'\n    class      = serial bus\n    subclass   = SMBus\n    bar   [20] = type I/O Port, range 32, base 0x400, size 32, enabled\nre0@pci0:2:0:0: class=0x020000 card=0x23081565 chip=0x813610ec rev=0x02\nhdr=0x00\n    vendor     = 'Realtek Semiconductor'\n    device     = 'Realtek 10/100/1000 PCI-E NIC Family all in one NDIS\nDriver v5.728.0604.2009 06/04/2009 (Rtl8023)'\n    class      = network\n    subclass   = ethernet\n    bar   [10] = type I/O Port, range 32, base 0xd800, size 256, enabled\n    bar   [18] = type Prefetchable Memory, range 64, base 0xfdfff000, size\n4096, enabled\n    bar   [20] = type Prefetchable Memory, range 64, base 0xfdfe0000, size\n65536, enabled\n    cap 01[40] = powerspec 3  supports D0 D1 D2 D3  current D0\n    cap 05[50] = MSI supports 1 message, 64 bit\n    cap 10[70] = PCI-Express 2 endpoint IRQ 2 max data 128(256) link x1(x1)\n    cap 11[ac] = MSI-X supports 2 messages in map 0x20 enabled\n    cap 03[cc] = VPD\necap 0001[100] = AER 1 0 fatal 0 non-fatal 2 corrected\necap 0002[140] = VC 1 max VC0\necap 0003[160] = Serial 1 4d010000ffff0000\nskc0@pci0:3:1:0:        class=0x020000 card=0x43021186 chip=0x43021186\nrev=0x10 hdr=0x00\n    vendor     = 'D-Link System Inc'\n    class      = network\n    subclass   = ethernet\n    bar   [10] = type I/O Port, range 32, base 0xe800, size 256, enabled\n    bar   [14] = type Memory, range 32, base 0xfebffc00, size 256, enabled\n    cap 01[dc] = powerspec 2  supports D0 D1 D2 D3  current D0\nstorm#"
}