{
 "id": 621265,
 "bug_id": 159116,
 "attachment_id": 0,
 "creation_time": "2011-07-27T18:43:20Z",
 "creator": "rob@ipninja.net",
 "text": "Found the additional crash info I was unable to get from the screen in dmesg\n-\n\nCopyright (c) 1992-2011 The FreeBSD Project.\nCopyright (c) 1979, 1980, 1983, 1986, 1988, 1989, 1991, 1992, 1993, 1994\n        The Regents of the University of California. All rights reserved.\nFreeBSD is a registered trademark of The FreeBSD Foundation.\nFreeBSD 8.2-STABLE #2: Wed Jul 27 11:29:33 EDT 2011\n    rob@storm.ipninja.net:/usr/src/sys/i386/compile/GENERIC i386\nTimecounter \"i8254\" frequency 1193182 Hz quality 0\nCPU: Intel(R) Pentium(R) 4 CPU 3.00GHz (2999.95-MHz 686-class CPU)\n  Origin = \"GenuineIntel\"  Id = 0xf29  Family = f  Model = 2  Stepping = 9\n \nFeatures=0xbfebfbff\u003cFPU,VME,DE,PSE,TSC,MSR,PAE,MCE,CX8,APIC,SEP,MTRR,PGE,MCA\n,CMOV,PAT,PSE36,CLFLUSH,DTS,ACPI,MMX,FXSR,SSE,SSE2,SS,HTT,TM,PBE\u003e\n  Features2=0x4400\u003cCNXT-ID,xTPR\u003e\nreal memory  = 2147483648 (2048 MB)\navail memory = 2084290560 (1987 MB)\nACPI APIC Table: \u003c080510 APIC1418\u003e\nFreeBSD/SMP: Multiprocessor System Detected: 2 CPUs\nFreeBSD/SMP: 1 package(s) x 1 core(s) x 2 HTT threads\n cpu0 (BSP): APIC ID:  0\n cpu1 (AP/HT): APIC ID:  1\nioapic0: Changing APIC ID to 2\nioapic0 \u003cVersion 2.0\u003e irqs 0-23 on motherboard\nkbd1 at kbdmux0\nacpi0: \u003c080510 RSDT1418\u003e on motherboard\nacpi0: [ITHREAD]\nacpi0: Power Button (fixed)\nacpi0: reservation of 0, a0000 (3) failed\nacpi0: reservation of 100000, 7fd00000 (3) failed\nTimecounter \"ACPI-safe\" frequency 3579545 Hz quality 850\nacpi_timer0: \u003c24-bit timer at 3.579545MHz\u003e port 0x808-0x80b on acpi0\ncpu0: \u003cACPI CPU\u003e on acpi0\ncpu1: \u003cACPI CPU\u003e on acpi0\npcib0: \u003cACPI Host-PCI bridge\u003e port 0xcf8-0xcff on acpi0\npci0: \u003cACPI PCI bus\u003e on pcib0\nvgapci0: \u003cVGA-compatible display\u003e port 0xcc00-0xcc07 mem\n0xfe980000-0xfe9fffff,0xd0000000-0xdfffffff,0xfe800000-0xfe8fffff irq 16 at\ndevice 2.0 on pci0\nagp0: \u003cIntel G33 SVGA controller\u003e on vgapci0\nagp0: aperture size is 256M, detected 4194300k stolen memory\npcib1: \u003cACPI PCI-PCI bridge\u003e irq 16 at device 28.0 on pci0\npci1: \u003cACPI PCI bus\u003e on pcib1\npcib2: \u003cACPI PCI-PCI bridge\u003e irq 17 at device 28.1 on pci0\npci2: \u003cACPI PCI bus\u003e on pcib2\nre0: \u003cRealTek 810xE PCIe 10/100baseTX\u003e port 0xd800-0xd8ff mem\n0xfdfff000-0xfdffffff,0xfdfe0000-0xfdfeffff irq 17 at device 0.0 on pci2\nre0: Using 1 MSI-X message\nre0: Chip rev. 0x24800000\nre0: MAC rev. 0x00000000\nmiibus0: \u003cMII bus\u003e on re0\nrlphy0: \u003cRTL8201L 10/100 media interface\u003e PHY 1 on miibus0\nrlphy0:  10baseT, 10baseT-FDX, 10baseT-FDX-flow, 100baseTX, 100baseTX-FDX,\n100baseTX-FDX-flow, auto, auto-flow\nre0: Ethernet address: 00:30:67:b9:a3:d1\nre0: [ITHREAD]\nuhci0: \u003cIntel 82801G (ICH7) USB controller USB-A\u003e port 0xc880-0xc89f irq 23\nat device 29.0 on pci0\nuhci0: [ITHREAD]\nuhci0: LegSup = 0x2f00\nusbus0: \u003cIntel 82801G (ICH7) USB controller USB-A\u003e on uhci0\nuhci1: \u003cIntel 82801G (ICH7) USB controller USB-B\u003e port 0xc800-0xc81f irq 19\nat device 29.1 on pci0\nuhci1: [ITHREAD]\nuhci1: LegSup = 0x2f00\nusbus1: \u003cIntel 82801G (ICH7) USB controller USB-B\u003e on uhci1\nuhci2: \u003cIntel 82801G (ICH7) USB controller USB-C\u003e port 0xc480-0xc49f irq 18\nat device 29.2 on pci0\nuhci2: [ITHREAD]\nuhci2: LegSup = 0x2f00\nusbus2: \u003cIntel 82801G (ICH7) USB controller USB-C\u003e on uhci2\nuhci3: \u003cIntel 82801G (ICH7) USB controller USB-D\u003e port 0xc400-0xc41f irq 16\nat device 29.3 on pci0\nuhci3: [ITHREAD]\nuhci3: LegSup = 0x2f00\nusbus3: \u003cIntel 82801G (ICH7) USB controller USB-D\u003e on uhci3\nehci0: \u003cIntel 82801GB/R (ICH7) USB 2.0 controller\u003e mem 0xfe97bc00-0xfe97bfff\nirq 23 at device 29.7 on pci0\nehci0: [ITHREAD]\nusbus4: EHCI version 1.0\nusbus4: \u003cIntel 82801GB/R (ICH7) USB 2.0 controller\u003e on ehci0\npcib3: \u003cACPI PCI-PCI bridge\u003e at device 30.0 on pci0\npci3: \u003cACPI PCI bus\u003e on pcib3\nskc0: \u003cD-Link DGE-530T Gigabit Ethernet\u003e port 0xe800-0xe8ff mem\n0xfebffc00-0xfebffcff irq 17 at device 1.0 on pci3\n\n\nFatal trap 12: page fault while in kernel mode\ncpuid = 0; apic id = 00\nfault virtual address   = 0xfc49fb10\nfault code              = supervisor write, page not present\ninstruction pointer     = 0x20:0xc074df92\nstack pointer           = 0x28:0xc1420854\nframe pointer           = 0x28:0xc1420864\ncode segment            = base 0x0, limit 0xfffff, type 0x1b\n                        = DPL 0, pres 1, def32 1, gran 1\nprocessor eflags        = interrupt enabled, resume, IOPL = 0\ncurrent process         = 0 (swapper)\ntrap number             = 12\npanic: page fault\ncpuid = 0\nKDB: stack backtrace:\n#0 0xc08c93e9 at kdb_backtrace+0x43\n#1 0xc089ac8e at panic+0x114\n#2 0xc0bb73bc at trap_fatal+0x320\n#3 0xc0bb762c at trap_pfault+0x264\n#4 0xc0bb7b3b at trap+0x44a\n#5 0xc0b9f7bc at calltrap+0x6\n#6 0xc0753fa1 at skc_attach+0x40e\n#7 0xc08c3ac4 at device_attach+0x36a\n#8 0xc08c4cca at device_probe_and_attach+0x2d\n#9 0xc08c4ce9 at bus_generic_attach+0x19\n#10 0xc04e4387 at acpi_pci_attach+0x193\n#11 0xc08c3ac4 at device_attach+0x36a\n#12 0xc08c4cca at device_probe_and_attach+0x2d\n#13 0xc08c4ce9 at bus_generic_attach+0x19\n#14 0xc04e6141 at acpi_pcib_attach+0x18f\n#15 0xc04e7003 at acpi_pcib_pci_attach+0x97\n#16 0xc08c3ac4 at device_attach+0x36a\n\n\n\n-----Original Message-----\nFrom: YongHyeon PYUN [mailto:pyunyh@gmail.com] \nSent: July-22-11 7:26 PM\nTo: Rob V\nCc: yongari@freebsd.org; bug-followup@freebsd.org\nSubject: Re: kern/159116: [sk] New D-Link DGE-530T revision not supported by\nsk(4)\n\nOn Fri, Jul 22, 2011 at 06:39:25PM -0400, Rob V wrote:\n\u003e Full dmesg -\n\u003e \n\n[...]\n\n\u003e Full pciconf -lcbv -\n\u003e \n\u003e storm# pciconf -lcbv\n\u003e hostb0@pci0:0:0:0:      class=0x060000 card=0x29c08086 chip=0x29c08086\n\u003e rev=0x10 hdr=0x00\n\u003e     vendor     = 'Intel Corporation'\n\u003e     device     = 'P35/G33 (Bearlake) Processor to I/O Controller'\n\u003e     class      = bridge\n\u003e     subclass   = HOST-PCI\n\u003e     cap 09[e0] = vendor (length 11) Intel cap 11 version 1\n\n[...]\n\n\u003e skc0@pci0:3:1:0:        class=0x020000 card=0x43021186 chip=0x43021186\n\u003e rev=0x10 hdr=0x00\n\u003e     vendor     = 'D-Link System Inc'\n\u003e     class      = network\n\u003e     subclass   = ethernet\n\u003e     bar   [10] = type I/O Port, range 32, base 0xe800, size 256, enabled\n\u003e     bar   [14] = type Memory, range 32, base 0xfebffc00, size 256, enabled\n\u003e     cap 01[dc] = powerspec 2  supports D0 D1 D2 D3  current D0\n\nNow I can see why the vendor changed revision number. Now BAR1 is\nmemory mapping.\nWould you back out changes made in previous patch and try the\nfollowing diff again?\nhttp://people.freebsd.org/~yongari/sk/sk.dge530.diff2\n\nThanks."
}