{
 "id": 773722,
 "bug_id": 191573,
 "attachment_id": 0,
 "creation_time": "2014-07-18T03:25:08Z",
 "creator": "ngie@FreeBSD.org",
 "text": "Slight correction. I meant 256GB of RAM.\n\ndb\u003e show msgbuf\nmsgbufp = 0xfffff8403fffffb8\nmagic = 63062, size = 98232, r= 21200, w = 21678, ptr = 0xfffff8403ffe8000, cksum= 1683664\n\n\nFatal trap 12: page fault while in kernel mode\ncpuid = 6; apic id = 20\nfault virtual address   = 0x0\nfault code              = supervisor read data, page not present\ninstruction pointer     = 0x20:0xffffffff80d1c5a6\nstack pointer           = 0x28:0xfffffe3fcf2090a0\nframe pointer           = 0x28:0xfffffe3fcf209110\ncode segment            = base 0x0, limit 0xfffff, type 0x1b\n                        = DPL 0, pres 1, long 1, def32 0, gran 1\nprocessor eflags        = interrupt enabled, resume, IOPL = 0\ncurrent process         = 1894 (zpool)\nCopyright (c) 1992-2014 The FreeBSD Project.\nCopyright (c) 1979, 1980, 1983, 1986, 1988, 1989, 1991, 1992, 1993, 1994\n        The Regents of the University of California. All rights reserved.\nFreeBSD is a registered trademark of The FreeBSD Foundation.\nFreeBSD 11.0-CURRENT #0 a32b4d9(master)-dirty: Thu Jul 17 03:09:09 PDT 2014\n\n    root@mina3020.localdomain:/usr/obj/scratch/freebsd/sys/GENERIC amd64\nFreeBSD clang version 3.4.1 (tags/RELEASE_34/dot1-final 208032) 20140512\nWARNING: WITNESS option enabled, expect reduced performance.\nCPU: Intel(R) Xeon(R) CPU E5-2620 0 @ 2.00GHz (1995.24-MHz K8-class CPU)\n  Origin=\"GenuineIntel\"  Id=0x206d7  Family=0x6  Model=0x2d  Stepping=7\n  Features=0xbfebfbff\u003cFPU,VME,DE,PSE,TSC,MSR,PAE,MCE,CX8,APIC,SEP,MTRR,PGE,MCA,CMOV,PAT,PSE36,CLFLUSH,DTS,ACPI,MMX,FXSR,SSE,SSE2,SS,HTT,TM,PBE\u003e\n  Features2=0x1fbee3ff\u003cSSE3,PCLMULQDQ,DTES64,MON,DS_CPL,VMX,SMX,EST,TM2,SSSE3,CX16,xTPR,PDCM,PCID,DCA,SSE4.1,SSE4.2,x2APIC,POPCNT,TSCDLT,AESNI,XSAVE,OSXSAVE,AVX\u003e\n  AMD Features=0x2c100800\u003cSYSCALL,NX,Page1GB,RDTSCP,LM\u003e\n  AMD Features2=0x1\u003cLAHF\u003e\n  TSC: P-state invariant, performance statistics\nreal memory  = 274877906944 (262144 MB)\navail memory = 267130585088 (254755 MB)\nEvent timer \"LAPIC\" quality 600\nACPI APIC Table: \u003cINTEL  S2600GL\u003e\nFreeBSD/SMP: Multiprocessor System Detected: 12 CPUs\nFreeBSD/SMP: 2 package(s) x 6 core(s)\n cpu0 (BSP): APIC ID:  0\n cpu1 (AP): APIC ID:  2\n cpu2 (AP): APIC ID:  4\n cpu3 (AP): APIC ID:  6\n cpu4 (AP): APIC ID:  8\n cpu5 (AP): APIC ID: 10\n cpu6 (AP): APIC ID: 32\n cpu7 (AP): APIC ID: 34\n cpu8 (AP): APIC ID: 36\n cpu9 (AP): APIC ID: 38\n cpu10 (AP): APIC ID: 40\n cpu11 (AP): APIC ID: 42\nACPI BIOS Warning (bug): Invalid length for FADT/Pm1aControlBlock: 32, using default 16 (20130823/tbfadt-682)\nioapic0 \u003cVersion 2.0\u003e irqs 0-23 on motherboard\nioapic1 \u003cVersion 2.0\u003e irqs 24-47 on motherboard\nioapic2 \u003cVersion 2.0\u003e irqs 48-71 on motherboard\nkbd1 at kbdmux0\nrandom: \u003cSoftware, Yarrow\u003e initialized\nacpi0: \u003cINTEL S2600GL\u003e on motherboard\nacpi0: Power Button (fixed)\nacpi0: reservation of 0, 9d000 (3) failed\ncpu0: \u003cACPI CPU\u003e on acpi0\ncpu1: \u003cACPI CPU\u003e on acpi0\ncpu2: \u003cACPI CPU\u003e on acpi0\ncpu3: \u003cACPI CPU\u003e on acpi0\ncpu4: \u003cACPI CPU\u003e on acpi0\ncpu5: \u003cACPI CPU\u003e on acpi0\ncpu6: \u003cACPI CPU\u003e on acpi0\ncpu7: \u003cACPI CPU\u003e on acpi0\ncpu8: \u003cACPI CPU\u003e on acpi0\ncpu9: \u003cACPI CPU\u003e on acpi0\ncpu10: \u003cACPI CPU\u003e on acpi0\ncpu11: \u003cACPI CPU\u003e on acpi0\nhpet0: \u003cHigh Precision Event Timer\u003e iomem 0xfed00000-0xfed003ff on acpi0\nTimecounter \"HPET\" frequency 14318180 Hz quality 950\nEvent timer \"HPET\" frequency 14318180 Hz quality 350\nEvent timer \"HPET1\" frequency 14318180 Hz quality 340\nEvent timer \"HPET2\" frequency 14318180 Hz quality 340\nEvent timer \"HPET3\" frequency 14318180 Hz quality 340\nEvent timer \"HPET4\" frequency 14318180 Hz quality 340\nEvent timer \"HPET5\" frequency 14318180 Hz quality 340\nEvent timer \"HPET6\" frequency 14318180 Hz quality 340\nEvent timer \"HPET7\" frequency 14318180 Hz quality 340\natrtc0: \u003cAT realtime clock\u003e port 0x70-0x77 irq 8 on acpi0\natrtc0: Warning: Couldn't map I/O.\nEvent timer \"RTC\" frequency 32768 Hz quality 0\nattimer0: \u003cAT timer\u003e port 0x40-0x43,0x50-0x53 irq 0 on acpi0\nTimecounter \"i8254\" frequency 1193182 Hz quality 0\nEvent timer \"i8254\" frequency 1193182 Hz quality 100\nTimecounter \"ACPI-fast\" frequency 3579545 Hz quality 900\nacpi_timer0: \u003c24-bit timer at 3.579545MHz\u003e port 0x408-0x40b on acpi0\npcib0: \u003cACPI Host-PCI bridge\u003e port 0xcf8-0xcff on acpi0\npci0: \u003cACPI PCI bus\u003e on pcib0\npcib1: \u003cACPI PCI-PCI bridge\u003e irq 47 at device 1.0 on pci0\npci1: \u003cACPI PCI bus\u003e on pcib1\npcib2: \u003cACPI PCI-PCI bridge\u003e irq 47 at device 1.1 on pci0\npci2: \u003cACPI PCI bus\u003e on pcib2\nigb0: \u003cIntel(R) PRO/1000 Network Connection version - 2.4.0\u003e port 0x3060-0x307f mem 0xd0b60000-0xd0b7ffff,0xd0bb0000-0xd0bb3fff irq 27 at device 0.0 on pci2\nigb0: Using MSIX interrupts with 9 vectors\nigb0: Ethernet address: 00:1e:67:6d:7a:0c\nigb0: Bound queue 0 to cpu 0\nigb0: Bound queue 1 to cpu 1\nigb0: Bound queue 2 to cpu 2\nigb0: Bound queue 3 to cpu 3\nigb0: Bound queue 4 to cpu 4\nigb0: Bound queue 5 to cpu 5\nigb0: Bound queue 6 to cpu 6\nigb0: Bound queue 7 to cpu 7\nigb1: \u003cIntel(R) PRO/1000 Network Connection version - 2.4.0\u003e port 0x3040-0x305f mem 0xd0b40000-0xd0b5ffff,0xd0ba0000-0xd0ba3fff irq 30 at device 0.1 on pci2\nigb1: Using MSIX interrupts with 9 vectors\nigb1: Ethernet address: 00:1e:67:6d:7a:0d\nigb1: Bound queue 0 to cpu 8\nigb1: Bound queue 1 to cpu 9\nigb1: Bound queue 2 to cpu 10\nigb1: Bound queue 3 to cpu 11\nigb1: Bound queue 4 to cpu 0\nigb1: Bound queue 5 to cpu 1\nigb1: Bound queue 6 to cpu 2\nigb1: Bound queue 7 to cpu 3\nigb2: \u003cIntel(R) PRO/1000 Network Connection version - 2.4.0\u003e port 0x3020-0x303f mem 0xd0b20000-0xd0b3ffff,0xd0b90000-0xd0b93fff irq 28 at device 0.2 on pci2\nigb2: Using MSIX interrupts with 9 vectors\nigb2: Ethernet address: 00:1e:67:6d:7a:0e\nigb2: Bound queue 0 to cpu 4\nigb2: Bound queue 1 to cpu 5\nigb2: Bound queue 2 to cpu 6\nigb2: Bound queue 3 to cpu 7\nigb2: Bound queue 4 to cpu 8\nigb2: Bound queue 5 to cpu 9\nigb2: Bound queue 6 to cpu 10\nigb2: Bound queue 7 to cpu 11\nigb3: \u003cIntel(R) PRO/1000 Network Connection version - 2.4.0\u003e port 0x3000-0x301f mem 0xd0b00000-0xd0b1ffff,0xd0b80000-0xd0b83fff irq 29 at device 0.3 on pci2\nigb3: Using MSIX interrupts with 9 vectors\nigb3: Ethernet address: 00:1e:67:6d:7a:0f\nigb3: Bound queue 0 to cpu 0\nigb3: Bound queue 1 to cpu 1\nigb3: Bound queue 2 to cpu 2\nigb3: Bound queue 3 to cpu 3\nigb3: Bound queue 4 to cpu 4\nigb3: Bound queue 5 to cpu 5\nigb3: Bound queue 6 to cpu 6\nigb3: Bound queue 7 to cpu 7\npcib3: \u003cACPI PCI-PCI bridge\u003e irq 47 at device 2.0 on pci0\npci4: \u003cACPI PCI bus\u003e on pcib3\nix0: \u003cIntel(R) PRO/10GbE PCI-Express Network Driver, Version - 2.5.15\u003e port 0x2020-0x203f mem 0xd0e20000-0xd0e3ffff,0xd0e50000-0xd0e53fff irq 32 at device 0.0 on pci4\nix0: Using MSIX interrupts with 9 vectors\nix0: Bound queue 0 to cpu 0\nix0: Bound queue 1 to cpu 1\nix0: Bound queue 2 to cpu 2\nix0: Bound queue 3 to cpu 3\nix0: Bound queue 4 to cpu 4\nix0: Bound queue 5 to cpu 5\nix0: Bound queue 6 to cpu 6\nix0: Bound queue 7 to cpu 7\nix0: Ethernet address: 00:1e:67:5b:8b:f4\nix0: PCI Express Bus: Speed 5.0GT/s Width x8\nix1: \u003cIntel(R) PRO/10GbE PCI-Express Network Driver, Version - 2.5.15\u003e port 0x2000-0x201f mem 0xd0e00000-0xd0e1ffff,0xd0e40000-0xd0e43fff irq 36 at device 0.1 on pci4\nix1: Using MSIX interrupts with 9 vectors\nix1: Bound queue 0 to cpu 0\nix1: Bound queue 1 to cpu 1\nix1: Bound queue 2 to cpu 2\nix1: Bound queue 3 to cpu 3\nix1: Bound queue 4 to cpu 4\nix1: Bound queue 5 to cpu 5\nix1: Bound queue 6 to cpu 6\nix1: Bound queue 7 to cpu 7\nix1: Ethernet address: 00:1e:67:5b:8b:f5\nix1: PCI Express Bus: Speed 5.0GT/s Width x8\npcib4: \u003cACPI PCI-PCI bridge\u003e irq 47 at device 2.2 on pci0\npci6: \u003cACPI PCI bus\u003e on pcib4\nmps0: \u003cIntel(R) Integrated RAID Module RMS25JB080\u003e port 0x1000-0x10ff mem 0xd0a40000-0xd0a4ffff,0xd0a00000-0xd0a3ffff irq 34 at device 0.0 on pci6\nmps0: Firmware: 13.00.57.00, Driver: 16.00.00.00-fbsd\nmps0: IOCCapabilities: 185c\u003cScsiTaskFull,DiagTrace,SnapBuf,EEDP,TransRetry,IR\u003e\npcib5: \u003cACPI PCI-PCI bridge\u003e irq 16 at device 3.0 on pci0\npci7: \u003cACPI PCI bus\u003e on pcib5\npci7: \u003cnetwork\u003e at device 0.0 (no driver attached)\npcib6: \u003cACPI PCI-PCI bridge\u003e irq 16 at device 17.0 on pci0\npci8: \u003cACPI PCI bus\u003e on pcib6\npci0: \u003csimple comms\u003e at device 22.0 (no driver attached)\npci0: \u003csimple comms\u003e at device 22.1 (no driver attached)\nehci0: \u003cEHCI (generic) USB 2.0 controller\u003e mem 0xd0f20000-0xd0f203ff irq 22 at device 26.0 on pci0\nusbus0: EHCI version 1.0\nusbus0 on ehci0\npcib7: \u003cACPI PCI-PCI bridge\u003e irq 16 at device 28.0 on pci0\npci9: \u003cACPI PCI bus\u003e on pcib7\npcib8: \u003cACPI PCI-PCI bridge\u003e irq 19 at device 28.7 on pci0\npci10: \u003cACPI PCI bus\u003e on pcib8\nvgapci0: \u003cVGA-compatible display\u003e mem 0xea000000-0xeaffffff,0xd0810000-0xd0813fff,0xd0000000-0xd07fffff irq 19 at device 0.0 on pci10\nvgapci0: Boot video device\nehci1: \u003cEHCI (generic) USB 2.0 controller\u003e mem 0xd0f10000-0xd0f103ff irq 20 at device 29.0 on pci0\nusbus1: EHCI version 1.0\nusbus1 on ehci1\npcib9: \u003cACPI PCI-PCI bridge\u003e at device 30.0 on pci0\npci11: \u003cACPI PCI bus\u003e on pcib9\nisab0: \u003cPCI-ISA bridge\u003e at device 31.0 on pci0\nisa0: \u003cISA bus\u003e on isab0\nahci0: \u003cIntel Patsburg AHCI SATA controller\u003e port 0x4070-0x4077,0x4060-0x4063,0x4050-0x4057,0x4040-0x4043,0x4020-0x403f mem 0xd0f00000-0xd0f007ff irq 21 at device 31.2 on pci0\nahci0: AHCI v1.30 with 6 6Gbps ports, Port Multiplier not supported\nahcich0: \u003cAHCI channel\u003e at channel 0 on ahci0\nahcich1: \u003cAHCI channel\u003e at channel 1 on ahci0\nahcich2: \u003cAHCI channel\u003e at channel 2 on ahci0\nahcich3: \u003cAHCI channel\u003e at channel 3 on ahci0\nahcich4: \u003cAHCI channel\u003e at channel 4 on ahci0\nahcich5: \u003cAHCI channel\u003e at channel 5 on ahci0\nahciem0: \u003cAHCI enclosure management bridge\u003e on ahci0\npcib10: \u003cACPI Host-PCI bridge\u003e on acpi0\npci128: \u003cACPI PCI bus\u003e on pcib10\npcib11: \u003cACPI PCI-PCI bridge\u003e irq 71 at device 1.0 on pci128\npci129: \u003cACPI PCI bus\u003e on pcib11\npcib12: \u003cACPI PCI-PCI bridge\u003e irq 71 at device 2.0 on pci128\npci130: \u003cACPI PCI bus\u003e on pcib12\npcib13: \u003cACPI PCI-PCI bridge\u003e irq 71 at device 3.0 on pci128\npci131: \u003cACPI PCI bus\u003e on pcib13\npcib14: \u003cACPI PCI-PCI bridge\u003e irq 71 at device 3.2 on pci128\npci132: \u003cACPI PCI bus\u003e on pcib14\npcib15: \u003cACPI Host-PCI bridge\u003e on acpi0\npci127: \u003cACPI PCI bus\u003e on pcib15\npcib16: \u003cACPI Host-PCI bridge\u003e on acpi0\npci255: \u003cACPI PCI bus\u003e on pcib16\nuart0: \u003c16550 or compatible\u003e port 0x3f8-0x3ff irq 4 flags 0x10 on acpi0\nuart0: console (115200,n,8,1)\nuart1: \u003c16550 or compatible\u003e port 0x2f8-0x2ff irq 3 on acpi0\norm0: \u003cISA Option ROM\u003e at iomem 0xc0000-0xc7fff on isa0\nsc0: \u003cSystem console\u003e at flags 0x100 on isa0\nsc0: VGA \u003c16 virtual consoles, flags=0x300\u003e\nvga0: \u003cGeneric ISA VGA\u003e at port 0x3c0-0x3df iomem 0xa0000-0xbffff on isa0\nppc0: cannot reserve I/O port range\nest0: \u003cEnhanced SpeedStep Frequency Control\u003e on cpu0\nest1: \u003cEnhanced SpeedStep Frequency Control\u003e on cpu1\nest2: \u003cEnhanced SpeedStep Frequency Control\u003e on cpu2\nest3: \u003cEnhanced SpeedStep Frequency Control\u003e on cpu3\nest4: \u003cEnhanced SpeedStep Frequency Control\u003e on cpu4\nest5: \u003cEnhanced SpeedStep Frequency Control\u003e on cpu5\nest6: \u003cEnhanced SpeedStep Frequency Control\u003e on cpu6\nest7: \u003cEnhanced SpeedStep Frequency Control\u003e on cpu7\nest8: \u003cEnhanced SpeedStep Frequency Control\u003e on cpu8\nest9: \u003cEnhanced SpeedStep Frequency Control\u003e on cpu9\nest10: \u003cEnhanced SpeedStep Frequency Control\u003e on cpu10\nest11: \u003cEnhanced SpeedStep Frequency Control\u003e on cpu11\nTimecounters tick every 1.000 msec\nrandom: unblocking device.\nusbus0: 480Mbps High Speed USB v2.0\nusbus1: 480Mbps High Speed USB v2.0\nugen0.1: \u003cIntel\u003e at usbus0\nuhub0: \u003cIntel EHCI root HUB, class 9/0, rev 2.00/1.00, addr 1\u003e on usbus0\nugen1.1: \u003cIntel\u003e at usbus1\nuhub1: \u003cIntel EHCI root HUB, class 9/0, rev 2.00/1.00, addr 1\u003e on usbus1\nuhub0: 2 ports with 2 removable, self powered\nuhub1: 2 ports with 2 removable, self powered\nugen0.2: \u003cvendor 0x8087\u003e at usbus0\nuhub2: \u003cvendor 0x8087 product 0x0024, class 9/0, rev 2.00/0.00, addr 2\u003e on usbus0\nugen1.2: \u003cvendor 0x8087\u003e at usbus1\nuhub3: \u003cvendor 0x8087 product 0x0024, class 9/0, rev 2.00/0.00, addr 2\u003e on usbus1\nuhub2: 6 ports with 6 removable, self powered\nuhub3: 8 ports with 8 removable, self powered\nugen1.3: \u003cAmerican Megatrends Inc.\u003e at usbus1\nukbd0: \u003cKeyboard Interface\u003e on usbus1\nkbd0 at ukbd0\nda0 at mps0 bus 0 scbus0 target 3 lun 0\nda0: \u003cHITACHI HUC10603 CLAR300 C330\u003e Fixed Direct Access SCSI-6 device\nda0: Serial Number PWHKHGPD\nda0: 600.000MB/s transfers\nda0: Command Queueing enabled\nda0: 286102MB (585937500 512 byte sectors: 255H 63S/T 36472C)\nda1 at mps0 bus 0 scbus0 target 5 lun 0\nda1: \u003cHITACHI HUC10603 CLAR300 C330\u003e Fixed Direct Access SCSI-6 device\nda1: Serial Number PWHL87KF\nda1: 600.000MB/s transfers\nda1: Command Queueing enabled\nda1: 286102MB (585937500 512 byte sectors: 255H 63S/T 36472C)\nses0 at ahciem0 bus 0 scbus7 target 0 lun 0\nses0: \u003cAHCI SGPIO Enclosure 1.00 0001\u003e SEMB S-E-S 2.00 device\nses0: SEMB SES Device\nSMP: AP CPU #9 Launched!\nSMP: AP CPU #8 Launched!\nSMP: AP CPU #1 Launched!\nSMP: AP CPU #11 Launched!\nSMP: AP CPU #5 Launched!\nSMP: AP CPU #6 Launched!\nSMP: AP CPU #4 Launched!\nSMP: AP CPU #10 Launched!\nSMP: AP CPU #3 Launched!\nSMP: AP CPU #7 Launched!\nSMP: AP CPU #2 Launched!\nTimecounter \"TSC\" frequency 1995238860 Hz quality 1000\nSMP: AP CPU #7 Launched!\nSMP: AP CPU #2 Launched!\nTimecounter \"TSC\" frequency 1995238860 Hz quality 1000\nWARNING: WITNESS option enabled, expect reduced performance.\nTrying to mount root from ufs:/dev/da0p2 [rw]...\n...\nlock order reversal:\n 1st 0xfffffe3e57ffcea8 bufwait (bufwait) @ /scratch/freebsd/sys/kern/vfs_bio.c:3088\n 2nd 0xfffff8009a9fcc00 dirhash (dirhash) @ /scratch/freebsd/sys/ufs/ufs/ufs_dirhash.c:284\nKDB: stack backtrace:\ndb_trace_self_wrapper() at db_trace_self_wrapper+0x2b/frame 0xfffffe3fcf065510\nkdb_backtrace() at kdb_backtrace+0x39/frame 0xfffffe3fcf0655c0\nwitness_checkorder() at witness_checkorder+0xdc2/frame 0xfffffe3fcf065650\n_sx_xlock() at _sx_xlock+0x75/frame 0xfffffe3fcf065690\nufsdirhash_remove() at ufsdirhash_remove+0x37/frame 0xfffffe3fcf0656c0\nufs_dirremove() at ufs_dirremove+0x11b/frame 0xfffffe3fcf065720\nufs_remove() at ufs_remove+0x75/frame 0xfffffe3fcf065780\nVOP_REMOVE_APV() at VOP_REMOVE_APV+0xf7/frame 0xfffffe3fcf0657b0\nkern_unlinkat() at kern_unlinkat+0x209/frame 0xfffffe3fcf0659a0\namd64_syscall() at amd64_syscall+0x25a/frame 0xfffffe3fcf065ab0\nXfast_syscall() at Xfast_syscall+0xfb/frame 0xfffffe3fcf065ab0\n--- syscall (10, FreeBSD ELF64, sys_unlink), rip = 0x8014dd8aa, rsp = 0x7fffffffce58, rbp = 0x7fffffffcf10 ---\nZFS filesystem version: 5\nZFS storage pool version: features support (5000)"
}