{
 "id": 412112,
 "bug_id": 116794,
 "attachment_id": 0,
 "creation_time": "2007-10-01T20:50:01Z",
 "creator": "bartoszp@op.pl",
 "text": "Sun Ultra 5 with 768 MB, 34 GB SCSI HDD + SymbiosLogic SCSI controller\n+ 3C905 LAN + IDE CD-ROM\n\nFresh installation from August snapshot shows no problems.\nAfter csup UP to 30.09.2007 and recompiling kernel simple\n\ndd if=/dev/zero of=/usr/tmp/plikzero bs=1M count=4096\n\ncrashes to db with (rewritten from console screen):\n\npanic()\npmap_page_is_mapped()\nvm_page_fre_toq()\nvm_page_free()\numa_small_free()\nzone_drain()\nzone_foreach()\numa_reclaim()\nvm_pageout()\nfork_exit()\nfork_trampoline()\n\n\nbuildworld also crashes and copying of distfiles directory from other\nstation to U5 with scp -rp ...... crashes too.\n\ndmesg:\n\nGDB: no debug ports present\nKDB: debugger backends: ddb\nKDB: current backend: ddb\nCopyright (c) 1992-2007 The FreeBSD Project.\nCopyright (c) 1979, 1980, 1983, 1986, 1988, 1989, 1991, 1992, 1993, 1994\n        The Regents of the University of California. All rights reserved.\nFreeBSD is a registered trademark of The FreeBSD Foundation.\nFreeBSD 7.0-CURRENT #1: Sun Sep 30 11:07:57 CEST 2007\n    root@u5.xxxxxx.com.pl:/usr/obj/usr/src/sys/GENERIC\nWARNING: WITNESS option enabled, expect reduced performance.\nTimecounter \"tick\" frequency 400000000 Hz quality 1000\nreal memory  = 805306368 (768 MB)\navail memory = 769114112 (733 MB)\ncpu0: Sun Microsystems UltraSparc-IIi Processor (400.00 MHz CPU)\nregistered firmware set \u003cisp_1000\u003e\nregistered firmware set \u003cisp_1040\u003e\nregistered firmware set \u003cisp_1040_it\u003e\nregistered firmware set \u003cisp_1080\u003e\nregistered firmware set \u003cisp_1080_it\u003e\nregistered firmware set \u003cisp_12160\u003e\nregistered firmware set \u003cisp_12160_it\u003e\nregistered firmware set \u003cisp_2100\u003e\nregistered firmware set \u003cisp_2200\u003e\nregistered firmware set \u003cisp_2300\u003e\nregistered firmware set \u003cisp_2322\u003e\nregistered firmware set \u003cisp_2400\u003e\nath_hal: 0.9.20.3 (AR5210, AR5211, AR5212, RF5111, RF5112, RF2413, RF5413, REGOPS_FUNC)\nnexus0: \u003cOpen Firmware Nexus device\u003e\npcib0: \u003cU2P UPA-PCI bridge\u003e mem 0x1fe00000000-0x1fe0000ffff,0x1fe01000000-0x1fe010000ff irq 2032,2030,2031,2021 on nexus0\npcib0: Sabre, impl 0, version 0, IGN 0x1f, bus A\npcib0: [FILTER]\npcib0: [FILTER]\npcib0: [GIANT-LOCKED]\npcib0: [ITHREAD]\npcib0 dvma: DVMA map: 0xc0000000 to 0xc3ffffff\npcib0: [FILTER]\npci0: \u003cOFW PCI bus\u003e on pcib0\npcib1: \u003cAPB PCI-PCI bridge\u003e at device 1.1 on pci0\npci1: \u003cOFW PCI bus\u003e on pcib1\nebus0: \u003cPCI-EBus2 bridge\u003e mem 0xf0000000-0xf0ffffff,0xf1000000-0xf17fffff at device 1.0 on pci1\nauxio0: \u003cSun Auxiliary I/O\u003e addr 0x1400726000-0x1400726003,0x1400728000-0x1400728003,0x140072a000-0x140072a003,0x140072c000-0x140072c003,0x140072f000-0x140072f003 on ebus0\nebus0: \u003cpower\u003e addr 0x1400724000-0x1400724003 irq 37 (no driver attached)\nebus0: \u003cSUNW,pll\u003e addr 0x1400504000-0x1400504002 (no driver attached)\nscc0: \u003cSiemens SAB 82532 dual channel SCC\u003e addr 0x1400400000-0x140040007f irq 43 on ebus0\nscc0: [FILTER]\nuart0: \u003cSAB 82532 v3.2, channel A\u003e on scc0\nuart0: [FILTER]\nuart0: CTS oflow\nuart1: \u003cSAB 82532 v3.2, channel B\u003e on scc0\nuart1: [FILTER]\nuart1: CTS oflow\nuart2: \u003c16550 or compatible\u003e addr 0x14003083f8-0x14003083ff irq 41 on ebus0\nuart2: [FILTER]\nuart2: keyboard (1200,n,8,1)\nkbd0 at sunkbd0\nuart3: \u003c16550 or compatible\u003e addr 0x14003062f8-0x14003062ff irq 42 on ebus0\nuart3: [FILTER]\nebus0: \u003cecpp\u003e addr 0x14003043bc-0x14003043cb,0x140030015c-0x140030015d,0x1400700000-0x140070000f irq 34 (no driver attached)\nebus0: \u003cfdthree\u003e addr 0x14003023f0-0x14003023f7,0x1400706000-0x140070600f,0x1400720000-0x1400720003 irq 39 (no driver attached)\neeprom0: \u003cEEPROM/clock\u003e addr 0x1400000000-0x1400001fff on ebus0\neeprom0: model mk48t59\nebus0: \u003cflashprom\u003e addr 0x1000000000-0x10000fffff (no driver attached)\nebus0: \u003cSUNW,CS4231\u003e addr 0x1400200000-0x14002000ff,0x1400702000-0x140070200f,0x1400704000-0x140070400f,0x1400722000-0x1400722003 irq 35,36 (no driver attached)\nhme0: \u003cSun HME 10/100 Ethernet\u003e mem 0xe0000000-0xe0007fff at device 1.1 on pci1\nmiibus0: \u003cMII bus\u003e on hme0\nnsphy0: \u003cDP83840 10/100 media interface\u003e PHY 1 on miibus0\nnsphy0:  10baseT, 10baseT-FDX, 100baseTX, 100baseTX-FDX, auto\nhme0: Ethernet address: 08:00:20:f2:6c:ef\nhme0: [ITHREAD]\nmachfb0: \u003cATI 3D Rage Pro\u003e mem 0xe1000000-0xe1ffffff,0xe2000000-0xe2000fff at device 2.0 on pci1\nmachfb0: console\nmachfb0: 16 MB aperture at 0xde1e4000, 1 KB registers at 0xe17ffc00\nmachfb0: 4096 KB SGRAM 98.924 MHz, maximum RAMDAC clock 230 MHz, DSP\nmachfb0: resolution 1152x900 at 8 bpp\natapci0: \u003cCMD 646 WDMA2 controller\u003e port 0xc00000-0xc00007,0xc00008-0xc0000b,0xc00010-0xc00017,0xc00018-0xc0001b,0xc00020-0xc0002f at device 3.0 on pci1\natapci0: [ITHREAD]\nata2: \u003cATA channel 0\u003e on atapci0\nata2: [ITHREAD]\nata3: \u003cATA channel 1\u003e on atapci0\nata3: [ITHREAD]\npcib2: \u003cAPB PCI-PCI bridge\u003e at device 1.0 on pci0\npci2: \u003cOFW PCI bus\u003e on pcib2\nsym0: \u003c875\u003e port 0x400-0x4ff mem 0x2000-0x20ff,0x4000-0x4fff at device 1.0 on pci2\nsym0: No NVRAM, ID 7, Fast-20, SE, parity checking\nsym0: [GIANT-LOCKED]\nsym0: [ITHREAD]\nxl0: \u003c3Com 3c905C-TX Fast Etherlink XL\u003e port 0x800-0x87f mem 0x6000-0x607f at device 3.0 on pci2\nmiibus1: \u003cMII bus\u003e on xl0\nxlphy0: \u003c3c905C 10/100 internal PHY\u003e PHY 24 on miibus1\nxlphy0:  10baseT, 10baseT-FDX, 100baseTX, 100baseTX-FDX, auto\nxl0: Ethernet address: 00:50:da:44:ac:1b\nxl0: [ITHREAD]\nsyscons0: \u003cSystem console\u003e on nexus0\nsyscons0: Unknown \u003c16 virtual consoles, flags=0x300\u003e\nTimecounters tick every 1.000 msec\nWaiting 5 seconds for SCSI devices to settle\nacd0: CDRW \u003cHL-DT-ST CD-ROM GCR-8520B/1.00\u003e at ata3-master PIO4\nGEOM_LABEL: Label for provider acd0 is iso9660/FreeBSD_Install.\nWARNING: WITNESS option enabled, expect reduced performance.\nda0 at sym0 bus 0 target 1 lun 0\nda0: \u003cNETAPP X245_HJURD036S10 NA02\u003e Fixed Direct Access SCSI-3 device\nda0: 40.000MB/s transfers (20.000MHz, offset 16, 16bit)\nda0: Command Queueing Enabled\nda0: 35256MB (72205440 512 byte sectors: 255H 63S/T 4494C)\nTrying to mount root from ufs:/dev/da0a\n\nHow-To-Repeat: Just issue simply command:\n\ndd if=/dev/zero of=/tmp/plikzero bs=1M count=4096"
}