{
 "id": 375779,
 "bug_id": 108954,
 "attachment_id": 0,
 "creation_time": "2007-02-09T16:40:29Z",
 "creator": "huntting@glarp.com",
 "text": "\u003e Do they work without the lapic timer?  (Not configuring \"device apic\"\n\u003e is the only easy way to avoid using the lapic timer.  I forget if acpi\n\u003e can work without apic.)  On some systems, the lapic timer doesn't work\n\u003e at all because the CPU enters a deep sleep on the hlt instruction in\n\u003e the idle process, and one workaround is to run other timers at a higher\n\u003e frequency than the lapic timer frequency to kick the CPU out of its\n\u003e deep sleep and thus keep the lapic timer interrupting.\n\nYea!  Putting 'nodevice apic' in my kernel config appears to have\nfixed the over sleeping problem.\n\nACPI seems to be happier as well.  For example I can now suspend\nthe machine (acpiconf -s 3) and wake it up and the only things that\ndont come back are the display (neither in text mode nor running\nX) and the iwi wireless.  (It used to be _completely_ unresponsive).\n\n\nbrad\n\nPS:  Here are the diffs in dmesg:  except for ioapic0 missing, all\nthe diffs appear to be IRQ related.\n\n--- /tmp/olddmesg\tFri Feb  9 09:33:33 2007\n+++ /tmp/dmesg\tFri Feb  9 09:34:57 2007\n@@ -2,7 +2,7 @@\n Copyright (c) 1979, 1980, 1983, 1986, 1988, 1989, 1991, 1992, 1993, 1994\n \tThe Regents of the University of California. All rights reserved.\n FreeBSD is a registered trademark of The FreeBSD Foundation.\n-FreeBSD 6.2-STABLE #0: Wed Jan 24 19:25:21 MST 2007\n+FreeBSD 6.2-STABLE #1: Thu Feb  8 23:56:11 MST 2007\n     root@studious.glarp.com:/usr/src/sys/i386/compile/STUDIOUS\n WARNING: MPSAFE network stack disabled, expect reduced performance.\n Timecounter \"i8254\" frequency 1193182 Hz quality 0\n@@ -13,9 +13,6 @@\n   AMD Features=0x100000\u003cNX\u003e\n real memory  = 527302656 (502 MB)\n avail memory = 505974784 (482 MB)\n-ACPI APIC Table: \u003cMATBIO CFW4-1  \u003e\n-ioapic0: Changing APIC ID to 1\n-ioapic0 \u003cVersion 2.0\u003e irqs 0-23 on motherboard\n kbd1 at kbdmux0\n acpi0: \u003cPTLTD   RSDT\u003e on motherboard\n acpi_bus_number: can't get _ADR\n@@ -36,21 +33,21 @@\n acpi_panasonic0: \u003cPanasonic Notebook Hotkeys\u003e on acpi0\n pcib0: \u003cACPI Host-PCI bridge\u003e port 0xcf8-0xcff on acpi0\n pci0: \u003cACPI PCI bus\u003e on pcib0\n-acpi_video0: \u003cACPI video extension\u003e port 0x1800-0x1807 mem 0xb0080000-0xb00fffff,0xc0000000-0xcfffffff,0xb0000000-0xb003ffff irq 16 at device 2.0 on pci0\n+acpi_video0: \u003cACPI video extension\u003e port 0x1800-0x1807 mem 0xb0080000-0xb00fffff,0xc0000000-0xcfffffff,0xb0000000-0xb003ffff irq 11 at device 2.0 on pci0\n pci0: \u003cdisplay\u003e at device 2.1 (no driver attached)\n-uhci0: \u003cIntel 82801FB/FR/FW/FRW (ICH6) USB controller USB-A\u003e port 0x1820-0x183f irq 23 at device 29.0 on pci0\n+uhci0: \u003cIntel 82801FB/FR/FW/FRW (ICH6) USB controller USB-A\u003e port 0x1820-0x183f irq 10 at device 29.0 on pci0\n uhci0: [GIANT-LOCKED]\n usb0: \u003cIntel 82801FB/FR/FW/FRW (ICH6) USB controller USB-A\u003e on uhci0\n usb0: USB revision 1.0\n uhub0: Intel UHCI root hub, class 9/0, rev 1.00/1.00, addr 1\n uhub0: 2 ports with 2 removable, self powered\n-uhci1: \u003cIntel 82801FB/FR/FW/FRW (ICH6) USB controller USB-B\u003e port 0x1840-0x185f irq 19 at device 29.1 on pci0\n+uhci1: \u003cIntel 82801FB/FR/FW/FRW (ICH6) USB controller USB-B\u003e port 0x1840-0x185f irq 7 at device 29.1 on pci0\n uhci1: [GIANT-LOCKED]\n usb1: \u003cIntel 82801FB/FR/FW/FRW (ICH6) USB controller USB-B\u003e on uhci1\n usb1: USB revision 1.0\n uhub1: Intel UHCI root hub, class 9/0, rev 1.00/1.00, addr 1\n uhub1: 2 ports with 2 removable, self powered\n-ehci0: \u003cIntel 82801FB (ICH6) USB 2.0 controller\u003e mem 0xb0040000-0xb00403ff irq 23 at device 29.7 on pci0\n+ehci0: \u003cIntel 82801FB (ICH6) USB 2.0 controller\u003e mem 0xb0040000-0xb00403ff irq 10 at device 29.7 on pci0\n ehci0: [GIANT-LOCKED]\n usb2: EHCI version 1.0\n usb2: companion controllers, 2 ports each: usb0 usb1\n@@ -60,20 +57,20 @@\n uhub2: 4 ports with 4 removable, self powered\n pcib1: \u003cACPI PCI-PCI bridge\u003e at device 30.0 on pci0\n pci6: \u003cACPI PCI bus\u003e on pcib1\n-rl0: \u003cRealTek 8139 10/100BaseTX\u003e port 0x3000-0x30ff mem 0xb0100000-0xb01000ff irq 19 at device 1.0 on pci6\n+rl0: \u003cRealTek 8139 10/100BaseTX\u003e port 0x3000-0x30ff mem 0xb0100000-0xb01000ff irq 7 at device 1.0 on pci6\n miibus0: \u003cMII bus\u003e on rl0\n rlphy0: \u003cRealTek internal media interface\u003e on miibus0\n rlphy0:  10baseT, 10baseT-FDX, 100baseTX, 100baseTX-FDX, auto\n rl0: Ethernet address: 00:0b:97:95:6a:73\n rl0: [GIANT-LOCKED]\n-iwi0: \u003cIntel(R) PRO/Wireless 2915ABG\u003e mem 0xb0101000-0xb0101fff irq 21 at device 4.0 on pci6\n+iwi0: \u003cIntel(R) PRO/Wireless 2915ABG\u003e mem 0xb0101000-0xb0101fff irq 5 at device 4.0 on pci6\n iwi0: Ethernet address: 00:12:f0:5e:b5:3c\n iwi0: [GIANT-LOCKED]\n-cbb0: \u003cRF5C476 PCI-CardBus Bridge\u003e mem 0xb0102000-0xb0102fff irq 22 at device 5.0 on pci6\n+cbb0: \u003cRF5C476 PCI-CardBus Bridge\u003e mem 0xb0102000-0xb0102fff irq 3 at device 5.0 on pci6\n cardbus0: \u003cCardBus bus\u003e on cbb0\n pccard0: \u003c16-bit PCCard bus\u003e on cbb0\n pci6: \u003cbase peripheral\u003e at device 5.1 (no driver attached)\n-pcm0: \u003cIntel ICH6 (82801FB)\u003e port 0x1c00-0x1cff,0x18c0-0x18ff mem 0xb0040800-0xb00409ff,0xb0040400-0xb00404ff irq 17 at device 30.2 on pci0\n+pcm0: \u003cIntel ICH6 (82801FB)\u003e port 0x1c00-0x1cff,0x18c0-0x18ff mem 0xb0040800-0xb00409ff,0xb0040400-0xb00404ff irq 9 at device 30.2 on pci0\n pcm0: \u003cSigmaTel STAC9750/51 AC97 Codec\u003e\n pci0: \u003csimple comms, generic modem\u003e at device 30.3 (no driver attached)\n isab0: \u003cPCI-ISA bridge\u003e at device 31.0 on pci0\n@@ -81,7 +78,7 @@\n atapci0: \u003cIntel ICH6 UDMA100 controller\u003e port 0x1f0-0x1f7,0x3f6,0x170-0x177,0x376,0x1810-0x181f at device 31.1 on pci0\n ata0: \u003cATA channel 0\u003e on atapci0\n ata1: \u003cATA channel 1\u003e on atapci0\n-ichsmb0: \u003cSMBus controller\u003e port 0x18a0-0x18bf irq 19 at device 31.3 on pci0\n+ichsmb0: \u003cSMBus controller\u003e port 0x18a0-0x18bf irq 7 at device 31.3 on pci0\n ichsmb0: [GIANT-LOCKED]\n smbus0: \u003cSystem Management Bus\u003e on ichsmb0\n smb0: \u003cSMBus generic I/O\u003e on smbus0\n@@ -98,7 +95,7 @@\n sc0: \u003cSystem console\u003e at flags 0x100 on isa0\n sc0: VGA \u003c16 virtual consoles, flags=0x300\u003e\n vga0: \u003cGeneric ISA VGA\u003e at port 0x3c0-0x3df iomem 0xa0000-0xbffff on isa0\n-Timecounter \"TSC\" frequency 1197008625 Hz quality 800\n-Timecounters tick every 10.000 msec\n+Timecounter \"TSC\" frequency 1197008252 Hz quality 800\n+Timecounters tick every 1.000 msec\n ad0: 38154MB \u003cTOSHIBA MK4025GASL SC104A\u003e at ata0-master UDMA100\n Trying to mount root from ufs:/dev/ad0s1a"
}