{
 "id": 885522,
 "bug_id": 210661,
 "attachment_id": 0,
 "creation_time": "2016-06-28T13:33:48Z",
 "creator": "emaste@freebsd.org",
 "text": "Using the most recent snapshot sd card image on a BeagleBone Black, gpart does not recognize the FAT-formatted boot partition type:\n\nroot@beaglebone:~ # gpart show\n=\u003e      63  61896641  mmcsd0  MBR  (30G)\n        63      4095       1  !12  [active]  (2.0M)\n      4158  61886402       2  freebsd  (30G)\n  61890560      6144          - free -  (3.0M)\n\n=\u003e       0  61886402  mmcsd0s2  BSD  (30G)\n         0        66            - free -  (33K)\n        66  61886336         1  freebsd-ufs  (30G)\n\n=\u003e      1  3751935  mmcsd1  MBR  (1.8G)\n        1       62          - free -  (31K)\n       63   144522       1  !12  [active]  (71M)\n   144585  3598560       2  linux-data  (1.7G)\n  3743145     8791          - free -  (4.3M)\n\n=\u003e      1  3751935  diskid/DISK-56856FEC  MBR  (1.8G)\n        1       62                        - free -  (31K)\n       63   144522                     1  !12  [active]  (71M)\n   144585  3598560                     2  linux-data  (1.7G)\n  3743145     8791                        - free -  (4.3M)\n\nFor comparison Linux fdisk reports this as:\n\nroot@beaglebone:~# fdisk -l /dev/mmcblk0  \n\nDisk /dev/mmcblk0: 1920 MB, 1920991232 bytes\n255 heads, 63 sectors/track, 233 cylinders, total 3751936 sectors\nUnits = sectors of 1 * 512 = 512 bytes\nSector size (logical/physical): 512 bytes / 512 bytes\nI/O size (minimum/optimal): 512 bytes / 512 bytes\nDisk identifier: 0x00000000\n\n        Device Boot      Start         End      Blocks   Id  System\n/dev/mmcblk0p1   *          63      144584       72261    c  W95 FAT32 (LBA)\n/dev/mmcblk0p2          144585     3743144     1799280   83  Linux\n\nWikipedia concurs that this is FAT32 with LBA. Despite this, the filesystem contained in the stock eMMC on the BBB is actually FAT12:\n\n/dev/mmcsd0s1: DOS/MBR boot sector, code offset 0x3c+2, OEM-ID \"BSD4.4  \", root entries 512, sectors 4095 (volumes \u003c=32 MB) , sectors/FAT 12, sectors/track 63, heads 255, serial number 0x5de21501, label: \"MSDOSBOOT  \", FAT (12 bit), followed by FAT\n\nFor comparison the filesystem on the snapshot SD card image is:\n\nroot@beaglebone:~ # file -s /dev/mmcsd1s1\n/dev/mmcsd1s1: DOS/MBR boot sector, code offset 0x58+2, OEM-ID \"mkdosfs\", Media descriptor 0xf8, sectors/track 16, heads 4, sectors 144522 (volumes \u003e 32 MB) , FAT (32 bit), sectors/FAT 1112, serial number 0x51470be5, label: \"BEAGLEBONE \""
}