{
 "id": 1275382,
 "bug_id": 273911,
 "attachment_id": 0,
 "creation_time": "2023-09-17T22:49:55Z",
 "creator": "renanfg21@gmail.com",
 "text": "After switching from FreeBSD 13.1-RELEASE with drm-fbsd13-kmod to FreeBSD 13.2-RELEASE with drm-510-kmod, the following device stopped working:\n\npciconf:\n\nvgapci0@pci0:0:1:0:     class=0x030000 rev=0x40 hdr=0x00 vendor=0x1002 device=0x9853 subvendor=0x17aa subdevice=0x3808\n    vendor     = 'Advanced Micro Devices, Inc. [AMD/ATI]'\n    device     = 'Mullins [Radeon R2 Graphics]'\n    class      = display\n    subclass   = VGA\n    bar   [10] = type Prefetchable Memory, range 64, base 0xe0000000, size 268435456, enabled\n    bar   [18] = type Prefetchable Memory, range 64, base 0xf0000000, size 8388608, enabled\n    bar   [20] = type I/O Port, range 32, base 0x2000, size 256, enabled\n    bar   [24] = type Memory, range 32, base 0xf0d00000, size 262144, enabled\n    cap 09[48] = vendor (length 8)\n    cap 01[50] = powerspec 3  supports D0 D1 D2 D3  current D0\n    cap 10[58] = PCI-Express 2 root endpoint max data 128(256) RO NS\n                 max read 512\n    cap 05[a0] = MSI supports 1 message, 64 bit enabled with 1 message\n    ecap 000b[100] = Vendor [1] ID 0001 Rev 1 Length 16\n    ecap 0019[270] = PCIe Sec 1 lane errors 0\n    ecap 000f[2b0] = ATS 1\n    ecap 0013[2c0] = Page Page Request 1\n    ecap 001b[2d0] = Process Address Space ID 1\n  PCI-e errors = Non-Fatal Error Detected\n                 Unsupported Request Detected\n\n\nIt works fine with radeonkms but it doesn't work with amdgpu, it doesn't give me any type of error, the system just freezes.\n\nI tried to compile drm-510-kmod from /usr/ports and it gives me the same problem\n\nHere is /var/log/messages file loading amdgpu\n\n-------------------------------------------------------------------------------------\n\nSep 17 21:14:58 lenovo110 kernel: ---\u003c\u003cBOOT\u003e\u003e---\nSep 17 21:14:58 lenovo110 kernel: Copyright (c) 1992-2021 The FreeBSD Project.\nSep 17 21:14:58 lenovo110 kernel: Copyright (c) 1979, 1980, 1983, 1986, 1988, 1989, 1991, 1992, 1993, 1994\nSep 17 21:14:58 lenovo110 kernel: \tThe Regents of the University of California. All rights reserved.\nSep 17 21:14:58 lenovo110 kernel: FreeBSD is a registered trademark of The FreeBSD Foundation.\nSep 17 21:14:58 lenovo110 kernel: FreeBSD 13.2-RELEASE releng/13.2-n254617-525ecfdad597 GENERIC amd64\nSep 17 21:14:58 lenovo110 kernel: FreeBSD clang version 14.0.5 (https://github.com/llvm/llvm-project.git llvmorg-14.0.5-0-gc12386ae247c)\nSep 17 21:14:58 lenovo110 kernel: VT(efifb): resolution 1366x768\nSep 17 21:14:58 lenovo110 kernel: CPU: AMD E1-7010 APU with AMD Radeon R2 Graphics     (1497.23-MHz K8-class CPU)\nSep 17 21:14:58 lenovo110 kernel:   Origin=\"AuthenticAMD\"  Id=0x730f01  Family=0x16  Model=0x30  Stepping=1\nSep 17 21:14:58 lenovo110 kernel:   Features=0x178bfbff\u003cFPU,VME,DE,PSE,TSC,MSR,PAE,MCE,CX8,APIC,SEP,MTRR,PGE,MCA,CMOV,PAT,PSE36,CLFLUSH,MMX,FXSR,SSE,SSE2,HTT\u003e\nSep 17 21:14:58 lenovo110 kernel:   Features2=0x7ed8220b\u003cSSE3,PCLMULQDQ,MON,SSSE3,CX16,SSE4.1,SSE4.2,MOVBE,POPCNT,AESNI,XSAVE,OSXSAVE,AVX,F16C,RDRAND\u003e\nSep 17 21:14:58 lenovo110 kernel:   AMD Features=0x2e500800\u003cSYSCALL,NX,MMX+,FFXSR,Page1GB,RDTSCP,LM\u003e\nSep 17 21:14:58 lenovo110 kernel:   AMD Features2=0x1d4037ff\u003cLAHF,CMP,SVM,ExtAPIC,CR8,ABM,SSE4A,MAS,Prefetch,OSVW,IBS,SKINIT,WDT,Topology,PNXC,DBE,PTSC,PL2I\u003e\nSep 17 21:14:58 lenovo110 kernel:   Structured Extended Features=0x8\u003cBMI1\u003e\nSep 17 21:14:58 lenovo110 kernel:   XSAVE Features=0x1\u003cXSAVEOPT\u003e\nSep 17 21:14:58 lenovo110 kernel:   SVM: NP,NRIP,AFlush,DAssist,NAsids=8\nSep 17 21:14:58 lenovo110 kernel:   TSC: P-state invariant, performance statistics\nSep 17 21:14:58 lenovo110 kernel: real memory  = 4294967296 (4096 MB)\nSep 17 21:14:58 lenovo110 kernel: avail memory = 3477905408 (3316 MB)\nSep 17 21:14:58 lenovo110 kernel: Event timer \"LAPIC\" quality 100\nSep 17 21:14:58 lenovo110 kernel: ACPI APIC Table: \u003cLENOVO CB-01   \u003e\nSep 17 21:14:58 lenovo110 kernel: FreeBSD/SMP: Multiprocessor System Detected: 2 CPUs\nSep 17 21:14:58 lenovo110 kernel: FreeBSD/SMP: 1 package(s) x 2 core(s)\nSep 17 21:14:58 lenovo110 kernel: random: registering fast source Intel Secure Key RNG\nSep 17 21:14:58 lenovo110 kernel: random: fast provider: \"Intel Secure Key RNG\"\nSep 17 21:14:58 lenovo110 kernel: random: unblocking device.\nSep 17 21:14:58 lenovo110 kernel: ioapic0: MADT APIC ID 4 != hw id 0\nSep 17 21:14:58 lenovo110 kernel: ioapic1: MADT APIC ID 5 != hw id 0\nSep 17 21:14:58 lenovo110 kernel: ioapic0 \u003cVersion 2.1\u003e irqs 0-23\nSep 17 21:14:58 lenovo110 kernel: ioapic1 \u003cVersion 2.1\u003e irqs 24-55\nSep 17 21:14:58 lenovo110 kernel: Launching APs: 1\nSep 17 21:14:58 lenovo110 kernel: random: entropy device external interface\nSep 17 21:14:58 lenovo110 kernel: kbd1 at kbdmux0\nSep 17 21:14:58 lenovo110 kernel: efirtc0: \u003cEFI Realtime Clock\u003e\nSep 17 21:14:58 lenovo110 kernel: efirtc0: registered as a time-of-day clock, resolution 1.000000s\nSep 17 21:14:58 lenovo110 kernel: smbios0: \u003cSystem Management BIOS\u003e at iomem 0xbe54c000-0xbe54c01e\nSep 17 21:14:58 lenovo110 kernel: smbios0: Version: 2.7, BCD Revision: 2.7\nSep 17 21:14:58 lenovo110 kernel: aesni0: \u003cAES-CBC,AES-CCM,AES-GCM,AES-ICM,AES-XTS\u003e\nSep 17 21:14:58 lenovo110 kernel: acpi0: \u003cLENOVO CB-01\u003e\nSep 17 21:14:58 lenovo110 kernel: acpi0: Power Button (fixed)\nSep 17 21:14:58 lenovo110 kernel: ACPI Error: AE_AML_OPERAND_TYPE, During return object analysis (20201113/nsrepair-296)\nSep 17 21:14:58 lenovo110 kernel: ACPI Warning: \\_SB.PCI0.LPC0.HPET._CRS: Return type mismatch - found Integer, expected Buffer (20201113/nspredef-423)\nSep 17 21:14:58 lenovo110 kernel: ACPI Error: Return object type is incorrect \\_SB.PCI0.LPC0.HPET._CRS due to previous error (AE_TYPE) (20201113/uteval-287)\nSep 17 21:14:58 lenovo110 kernel: ACPI Error: Type returned from _CRS was incorrect: Integer, expected Btypes: 0x4 (20201113/uteval-289)\nSep 17 21:14:58 lenovo110 kernel: can't fetch resources for \\_SB_.PCI0.LPC0.HPET - AE_TYPE\nSep 17 21:14:58 lenovo110 kernel: cpu0: \u003cACPI CPU\u003e on acpi0\nSep 17 21:14:58 lenovo110 kernel: atrtc0: \u003cAT realtime clock\u003e port 0x70-0x71 irq 8 on acpi0\nSep 17 21:14:58 lenovo110 kernel: atrtc0: registered as a time-of-day clock, resolution 1.000000s\nSep 17 21:14:58 lenovo110 kernel: Event timer \"RTC\" frequency 32768 Hz quality 0\nSep 17 21:14:58 lenovo110 kernel: attimer0: \u003cAT timer\u003e port 0x40-0x43 irq 0 on acpi0\nSep 17 21:14:58 lenovo110 kernel: Timecounter \"i8254\" frequency 1193182 Hz quality 0\nSep 17 21:14:58 lenovo110 kernel: Event timer \"i8254\" frequency 1193182 Hz quality 100\nSep 17 21:14:58 lenovo110 kernel: hpet0: \u003cHigh Precision Event Timer\u003e iomem 0xfed00000-0xfed003ff on acpi0\nSep 17 21:14:58 lenovo110 kernel: Timecounter \"HPET\" frequency 14318180 Hz quality 950\nSep 17 21:14:58 lenovo110 kernel: Timecounter \"ACPI-fast\" frequency 3579545 Hz quality 900\nSep 17 21:14:58 lenovo110 kernel: acpi_timer0: \u003c32-bit timer at 3.579545MHz\u003e port 0x808-0x80b on acpi0\nSep 17 21:14:58 lenovo110 kernel: acpi_ec0: \u003cEmbedded Controller: GPE 0x3\u003e port 0x62,0x66 on acpi0\nSep 17 21:14:58 lenovo110 kernel: acpi_button0: \u003cPower Button\u003e on acpi0\nSep 17 21:14:58 lenovo110 kernel: pcib0: \u003cACPI Host-PCI bridge\u003e port 0xcf8-0xcff on acpi0\nSep 17 21:14:58 lenovo110 kernel: pci0: \u003cACPI PCI bus\u003e on pcib0\nSep 17 21:14:58 lenovo110 kernel: vgapci0: \u003cVGA-compatible display\u003e port 0x2000-0x20ff mem 0xe0000000-0xefffffff,0xf0000000-0xf07fffff,0xf0d00000-0xf0d3ffff at device 1.0 on pci0\nSep 17 21:14:58 lenovo110 kernel: vgapci0: Boot video device\nSep 17 21:14:58 lenovo110 kernel: hdac0: \u003cATI Kabini HDA Controller\u003e mem 0xf0d60000-0xf0d63fff at device 1.1 on pci0\nSep 17 21:14:58 lenovo110 kernel: pcib1: \u003cACPI PCI-PCI bridge\u003e at device 2.3 on pci0\nSep 17 21:14:58 lenovo110 kernel: pci1: \u003cACPI PCI bus\u003e on pcib1\nSep 17 21:14:58 lenovo110 kernel: pci1: \u003cnetwork\u003e at device 0.0 (no driver attached)\nSep 17 21:14:58 lenovo110 kernel: pcib2: \u003cACPI PCI-PCI bridge\u003e at device 2.4 on pci0\nSep 17 21:14:58 lenovo110 kernel: pci2: \u003cACPI PCI bus\u003e on pcib2\nSep 17 21:14:58 lenovo110 kernel: re0: \u003cRealTek 810xE PCIe 10/100baseTX\u003e port 0x1000-0x10ff mem 0xf0b00000-0xf0b00fff,0xf0800000-0xf0803fff at device 0.0 on pci2\nSep 17 21:14:58 lenovo110 kernel: re0: Using 1 MSI-X message\nSep 17 21:14:58 lenovo110 kernel: re0: ASPM disabled\nSep 17 21:14:58 lenovo110 kernel: re0: Chip rev. 0x44800000\nSep 17 21:14:58 lenovo110 kernel: re0: MAC rev. 0x00100000\nSep 17 21:14:58 lenovo110 kernel: miibus0: \u003cMII bus\u003e on re0\nSep 17 21:14:58 lenovo110 kernel: rlphy0: \u003cRTL8201E 10/100 media interface\u003e PHY 1 on miibus0\nSep 17 21:14:58 lenovo110 kernel: rlphy0:  10baseT, 10baseT-FDX, 100baseTX, 100baseTX-FDX, auto, auto-flow\nSep 17 21:14:58 lenovo110 kernel: re0: Using defaults for TSO: 65518/35/2048\nSep 17 21:14:58 lenovo110 kernel: re0: Ethernet address: 50:7b:9d:ce:ed:c3\nSep 17 21:14:58 lenovo110 kernel: re0: netmap queues/slots: TX 1/256, RX 1/256\nSep 17 21:14:58 lenovo110 kernel: pci0: \u003cencrypt/decrypt\u003e at device 8.0 (no driver attached)\nSep 17 21:14:58 lenovo110 kernel: xhci0: \u003cAMD FCH USB 3.0 controller\u003e mem 0xf0d68000-0xf0d69fff at device 16.0 on pci0\nSep 17 21:14:58 lenovo110 kernel: xhci0: 32 bytes context size, 64-bit DMA\nSep 17 21:14:58 lenovo110 kernel: usbus0 on xhci0\nSep 17 21:14:58 lenovo110 kernel: usbus0: 5.0Gbps Super Speed USB v3.0\nSep 17 21:14:58 lenovo110 kernel: ahci0: \u003cAMD Hudson-2 AHCI SATA controller\u003e port 0x2118-0x211f,0x2124-0x2127,0x2110-0x2117,0x2120-0x2123,0x2100-0x210f mem 0xf0d6d000-0xf0d6d3ff at device 17.0 on pci0\nSep 17 21:14:58 lenovo110 kernel: ahci0: AHCI v1.30 with 2 6Gbps ports, Port Multiplier supported with FBS\nSep 17 21:14:58 lenovo110 kernel: ahcich0: \u003cAHCI channel\u003e at channel 0 on ahci0\nSep 17 21:14:58 lenovo110 kernel: ahcich1: \u003cAHCI channel\u003e at channel 1 on ahci0\nSep 17 21:14:58 lenovo110 kernel: ehci0: \u003cAMD FCH USB 2.0 controller\u003e mem 0xf0d6d500-0xf0d6d5ff at device 18.0 on pci0\nSep 17 21:14:58 lenovo110 kernel: usbus1: EHCI version 1.0\nSep 17 21:14:58 lenovo110 kernel: usbus1 on ehci0\nSep 17 21:14:58 lenovo110 kernel: usbus1: 480Mbps High Speed USB v2.0\nSep 17 21:14:58 lenovo110 kernel: ehci1: \u003cAMD FCH USB 2.0 controller\u003e mem 0xf0d6d400-0xf0d6d4ff at device 19.0 on pci0\nSep 17 21:14:58 lenovo110 kernel: usbus2: EHCI version 1.0\nSep 17 21:14:58 lenovo110 kernel: usbus2 on ehci1\nSep 17 21:14:58 lenovo110 kernel: usbus2: 480Mbps High Speed USB v2.0\nSep 17 21:14:58 lenovo110 kernel: hdac1: \u003cAMD Hudson-2 HDA Controller\u003e mem 0xf0d64000-0xf0d67fff at device 20.2 on pci0\nSep 17 21:14:58 lenovo110 kernel: isab0: \u003cPCI-ISA bridge\u003e at device 20.3 on pci0\nSep 17 21:14:58 lenovo110 kernel: isa0: \u003cISA bus\u003e on isab0\nSep 17 21:14:58 lenovo110 kernel: acpi_acad0: \u003cAC Adapter\u003e on acpi0\nSep 17 21:14:58 lenovo110 kernel: battery0: \u003cACPI Control Method Battery\u003e on acpi0\nSep 17 21:14:58 lenovo110 kernel: acpi_lid0: \u003cControl Method Lid Switch\u003e on acpi0\nSep 17 21:14:58 lenovo110 kernel: atkbdc0: \u003cKeyboard controller (i8042)\u003e port 0x60,0x64 irq 1 on acpi0\nSep 17 21:14:58 lenovo110 kernel: atkbd0: \u003cAT Keyboard\u003e irq 1 on atkbdc0\nSep 17 21:14:58 lenovo110 kernel: kbd0 at atkbd0\nSep 17 21:14:58 lenovo110 kernel: atkbd0: [GIANT-LOCKED]\nSep 17 21:14:58 lenovo110 kernel: psm0: \u003cPS/2 Mouse\u003e irq 12 on atkbdc0\nSep 17 21:14:58 lenovo110 kernel: psm0: [GIANT-LOCKED]\nSep 17 21:14:58 lenovo110 kernel: WARNING: Device \"psm\" is Giant locked and may be deleted before FreeBSD 14.0.\nSep 17 21:14:58 lenovo110 kernel: psm0: model Synaptics Touchpad, device ID 0\nSep 17 21:14:58 lenovo110 kernel: hwpstate0: \u003cCool`n'Quiet 2.0\u003e on cpu0\nSep 17 21:14:58 lenovo110 kernel: Timecounters tick every 1.000 msec\nSep 17 21:14:58 lenovo110 kernel: ZFS filesystem version: 5\nSep 17 21:14:58 lenovo110 kernel: ZFS storage pool version: features support (5000)\nSep 17 21:14:58 lenovo110 kernel: ugen0.1: \u003cAMD XHCI root HUB\u003e at usbus0\nSep 17 21:14:58 lenovo110 kernel: ugen1.1: \u003cAMD EHCI root HUB\u003e at usbus1\nSep 17 21:14:58 lenovo110 kernel: uhub0 on usbus0\nSep 17 21:14:58 lenovo110 kernel: uhub0: \u003cAMD XHCI root HUB, class 9/0, rev 3.00/1.00, addr 1\u003e on usbus0\nSep 17 21:14:58 lenovo110 kernel: uhub1 on usbus1\nSep 17 21:14:58 lenovo110 kernel: uhub1: \u003cAMD EHCI root HUB, class 9/0, rev 2.00/1.00, addr 1\u003e on usbus1\nSep 17 21:14:58 lenovo110 kernel: ugen2.1: \u003cAMD EHCI root HUB\u003e at usbus2\nSep 17 21:14:58 lenovo110 kernel: hdacc0: \u003cATI R6xx HDA CODEC\u003e at cad 0 on hdac0\nSep 17 21:14:58 lenovo110 kernel: hdaa0: \u003cATI R6xx Audio Function Group\u003e at nid 1 on hdacc0\nSep 17 21:14:58 lenovo110 kernel: pcm0: \u003cATI R6xx (HDMI)\u003e at nid 3 on hdaa0\nSep 17 21:14:58 lenovo110 kernel: hdacc1: \u003cRealtek ALC235 HDA CODEC\u003e at cad 0 on hdac1\nSep 17 21:14:58 lenovo110 kernel: hdaa1: \u003cRealtek ALC235 Audio Function Group\u003e at nid 1 on hdacc1\nSep 17 21:14:58 lenovo110 kernel: pcm1: \u003cRealtek ALC235 (Internal Analog)\u003e at nid 20 and 27 on hdaa1\nSep 17 21:14:58 lenovo110 kernel: pcm2: \u003cRealtek ALC235 (Right Analog)\u003e at nid 33 and 25 on hdaa1\nSep 17 21:14:58 lenovo110 kernel: uhub2 on usbus2\nSep 17 21:14:58 lenovo110 kernel: uhub2: \u003cAMD EHCI root HUB, class 9/0, rev 2.00/1.00, addr 1\u003e on usbus2\nSep 17 21:14:58 lenovo110 kernel: ada0 at ahcich0 bus 0 scbus0 target 0 lun 0\nSep 17 21:14:58 lenovo110 kernel: ada0: \u003cPNY CS900 480GB SSD CS900KA3\u003e ACS-4 ATA SATA 3.x device\nSep 17 21:14:58 lenovo110 kernel: ada0: Serial Number PNY21432110290108C65\nSep 17 21:14:58 lenovo110 kernel: ada0: 600.000MB/s transfers (SATA 3.x, UDMA6, PIO 8192bytes)\nSep 17 21:14:58 lenovo110 kernel: ada0: Command Queueing enabled\nSep 17 21:14:58 lenovo110 kernel: ada0: 457862MB (937703088 512 byte sectors)\nSep 17 21:14:58 lenovo110 kernel: cd0 at ahcich1 bus 0 scbus1 target 0 lun 0\nSep 17 21:14:58 lenovo110 kernel: cd0: \u003cPLDS DVD-RW DA8A6SH GL61\u003e Removable CD-ROM SCSI device\nSep 17 21:14:58 lenovo110 kernel: cd0: Serial Number DX0F86404L1CB6100P5D\nSep 17 21:14:58 lenovo110 kernel: cd0: 150.000MB/s transfers (SATA 1.x, UDMA5, ATAPI 12bytes, PIO 8192bytes)\nSep 17 21:14:58 lenovo110 kernel: cd0: Attempt to query device size failed: NOT READY, Medium not present - tray closed\nSep 17 21:14:58 lenovo110 kernel: Trying to mount root from zfs:zroot/ROOT/default []...\nSep 17 21:14:58 lenovo110 kernel: uhub0: 4 ports with 4 removable, self powered\nSep 17 21:14:58 lenovo110 kernel: ugen0.2: \u003cLogitech USB Receiver\u003e at usbus0\nSep 17 21:14:58 lenovo110 kernel: ukbd0 on uhub0\nSep 17 21:14:58 lenovo110 kernel: ukbd0: \u003cLogitech USB Receiver, class 0/0, rev 2.00/29.01, addr 1\u003e on usbus0\nSep 17 21:14:58 lenovo110 kernel: kbd2 at ukbd0\nSep 17 21:14:58 lenovo110 kernel: uhub1: 2 ports with 2 removable, self powered\nSep 17 21:14:58 lenovo110 kernel: uhub2: 2 ports with 2 removable, self powered\nSep 17 21:14:58 lenovo110 kernel: ugen1.2: \u003cvendor 0x0438 product 0x7900\u003e at usbus1\nSep 17 21:14:58 lenovo110 kernel: uhub3 on uhub1\nSep 17 21:14:58 lenovo110 kernel: uhub3: \u003cvendor 0x0438 product 0x7900, class 9/0, rev 2.00/0.18, addr 2\u003e on usbus1\nSep 17 21:14:58 lenovo110 kernel: ugen2.2: \u003cvendor 0x0438 product 0x7900\u003e at usbus2\nSep 17 21:14:58 lenovo110 kernel: uhub4 on uhub2\nSep 17 21:14:58 lenovo110 kernel: uhub4: \u003cvendor 0x0438 product 0x7900, class 9/0, rev 2.00/0.18, addr 2\u003e on usbus2\nSep 17 21:14:58 lenovo110 kernel: Root mount waiting for: usbus1 usbus2\nSep 17 21:14:58 lenovo110 kernel: uhub3: 4 ports with 4 removable, self powered\nSep 17 21:14:58 lenovo110 kernel: uhub4: 4 ports with 4 removable, self powered\nSep 17 21:14:58 lenovo110 kernel: ugen1.3: \u003cGeneric USB2.0-CRW\u003e at usbus1\nSep 17 21:14:58 lenovo110 kernel: ugen2.3: \u003cvendor 0x8087 product 0x07dc\u003e at usbus2\nSep 17 21:14:58 lenovo110 kernel: ugen2.4: \u003cChicony Electronics Co.,Ltd. EasyCamera\u003e at usbus2\nSep 17 21:14:58 lenovo110 kernel: CPU: AMD E1-7010 APU with AMD Radeon R2 Graphics     (1497.19-MHz K8-class CPU)\nSep 17 21:14:58 lenovo110 kernel:   Origin=\"AuthenticAMD\"  Id=0x730f01  Family=0x16  Model=0x30  Stepping=1\nSep 17 21:14:58 lenovo110 kernel:   Features=0x178bfbff\u003cFPU,VME,DE,PSE,TSC,MSR,PAE,MCE,CX8,APIC,SEP,MTRR,PGE,MCA,CMOV,PAT,PSE36,CLFLUSH,MMX,FXSR,SSE,SSE2,HTT\u003e\nSep 17 21:14:58 lenovo110 kernel:   Features2=0x7ed8220b\u003cSSE3,PCLMULQDQ,MON,SSSE3,CX16,SSE4.1,SSE4.2,MOVBE,POPCNT,AESNI,XSAVE,OSXSAVE,AVX,F16C,RDRAND\u003e\nSep 17 21:14:58 lenovo110 kernel:   AMD Features=0x2e500800\u003cSYSCALL,NX,MMX+,FFXSR,Page1GB,RDTSCP,LM\u003e\nSep 17 21:14:58 lenovo110 kernel:   AMD Features2=0x1d4037ff\u003cLAHF,CMP,SVM,ExtAPIC,CR8,ABM,SSE4A,MAS,Prefetch,OSVW,IBS,SKINIT,WDT,Topology,PNXC,DBE,PTSC,PL2I\u003e\nSep 17 21:14:58 lenovo110 kernel:   Structured Extended Features=0x8\u003cBMI1\u003e\nSep 17 21:14:58 lenovo110 kernel:   XSAVE Features=0x1\u003cXSAVEOPT\u003e\nSep 17 21:14:58 lenovo110 kernel:   SVM: NP,NRIP,AFlush,DAssist,NAsids=8\nSep 17 21:14:58 lenovo110 kernel:   TSC: P-state invariant, performance statistics\nSep 17 21:14:58 lenovo110 kernel: Intel(R) Wireless WiFi based driver for FreeBSD\nSep 17 21:14:58 lenovo110 kernel: intsmb0: \u003cAMD FCH SMBus Controller\u003e at device 20.0 on pci0\nSep 17 21:14:58 lenovo110 kernel: smbus0: \u003cSystem Management Bus\u003e on intsmb0\nSep 17 21:14:58 lenovo110 kernel: iwm0: \u003cIntel(R) Dual Band Wireless AC 3160\u003e mem 0xf0c00000-0xf0c01fff at device 0.0 on pci1\nSep 17 21:14:58 lenovo110 kernel: iwm0: hw rev 0x160, fw ver 17.352738.0, address 78:0c:b8:ca:fb:d9\nSep 17 21:14:58 lenovo110 kernel: wlan0: Ethernet address: 78:0c:b8:ca:fb:d9\nSep 17 21:14:58 lenovo110 kernel: lo0: link state changed to UP\nSep 17 21:14:58 lenovo110 kernel: re0: link state changed to DOWN\nSep 17 21:14:58 lenovo110 kernel: wlan0: ieee80211_new_state_locked: pending ASSOC -\u003e RUN transition lost\nSep 17 21:14:58 lenovo110 syslogd: last message repeated 2 times\nSep 17 21:14:58 lenovo110 kernel: wlan0: link state changed to UP\nSep 17 21:14:58 lenovo110 kernel: ums0 on uhub0\nSep 17 21:14:58 lenovo110 kernel: ums0: \u003cLogitech USB Receiver, class 0/0, rev 2.00/29.01, addr 1\u003e on usbus0\nSep 17 21:14:58 lenovo110 kernel: ums0: 16 buttons and [XYZT] coordinates ID=2\nSep 17 21:14:58 lenovo110 kernel: ng_ubt: HCI command 0x0c03 timed out\nSep 17 21:14:58 lenovo110 kernel: .\nSep 17 21:14:59 lenovo110 syslogd: last message repeated 2 times\nSep 17 21:15:06 lenovo110 su[1318]: renan to root on /dev/ttyv0\nSep 17 21:15:14 lenovo110 kernel: [drm] amdgpu kernel modesetting enabled.\nSep 17 21:15:14 lenovo110 kernel: drmn0: \u003cdrmn\u003e on vgapci0\nSep 17 21:15:14 lenovo110 kernel: vgapci0: child drmn0 requested pci_enable_io\nSep 17 21:15:14 lenovo110 syslogd: last message repeated 1 times\nSep 17 21:15:14 lenovo110 kernel: [drm] initializing kernel modesetting (MULLINS 0x1002:0x9853 0x17AA:0x3808 0x40).\nSep 17 21:15:14 lenovo110 kernel: drmn0: Trusted Memory Zone (TMZ) feature not supported\nSep 17 21:15:14 lenovo110 kernel: [drm] register mmio base: 0xF0D00000\nSep 17 21:15:14 lenovo110 kernel: [drm] register mmio size: 262144\nSep 17 21:15:14 lenovo110 kernel: [drm] add ip block number 0 \u003ccik_common\u003e\nSep 17 21:15:14 lenovo110 kernel: [drm] add ip block number 1 \u003cgmc_v7_0\u003e\nSep 17 21:15:14 lenovo110 kernel: [drm] add ip block number 2 \u003ccik_ih\u003e\nSep 17 21:15:14 lenovo110 kernel: [drm] add ip block number 3 \u003cgfx_v7_0\u003e\nSep 17 21:15:14 lenovo110 kernel: [drm] add ip block number 4 \u003ccik_sdma\u003e\nSep 17 21:15:14 lenovo110 kernel: [drm] add ip block number 5 \u003ckv_dpm\u003e\nSep 17 21:15:14 lenovo110 kernel: [drm] add ip block number 6 \u003cdce_v8_0\u003e\nSep 17 21:15:14 lenovo110 kernel: [drm] add ip block number 7 \u003cuvd_v4_2\u003e\nSep 17 21:15:14 lenovo110 kernel: [drm] add ip block number 8 \u003cvce_v2_0\u003e\nSep 17 21:15:14 lenovo110 kernel: drmn0: Fetched VBIOS from VFCT\nSep 17 21:15:14 lenovo110 kernel: amdgpu: ATOM BIOS: BR45798.v02\nSep 17 21:15:14 lenovo110 kernel: lkpi_iicbb0: \u003cLinuxKPI I2CBB\u003e on drmn0\nSep 17 21:15:14 lenovo110 kernel: iicbb0: \u003cI2C bit-banging driver\u003e on lkpi_iicbb0\nSep 17 21:15:14 lenovo110 kernel: iicbus0: \u003cPhilips I2C bus\u003e on iicbb0 addr 0xff\nSep 17 21:15:14 lenovo110 kernel: iic0: \u003cI2C generic I/O\u003e on iicbus0\nSep 17 21:15:14 lenovo110 kernel: lkpi_iicbb1: \u003cLinuxKPI I2CBB\u003e on drmn0\nSep 17 21:15:14 lenovo110 kernel: iicbb1: \u003cI2C bit-banging driver\u003e on lkpi_iicbb1\nSep 17 21:15:14 lenovo110 kernel: iicbus1: \u003cPhilips I2C bus\u003e on iicbb1 addr 0xff\nSep 17 21:15:14 lenovo110 kernel: iic1: \u003cI2C generic I/O\u003e on iicbus1\nSep 17 21:15:14 lenovo110 kernel: lkpi_iicbb2: \u003cLinuxKPI I2CBB\u003e on drmn0\nSep 17 21:15:14 lenovo110 kernel: iicbb2: \u003cI2C bit-banging driver\u003e on lkpi_iicbb2\nSep 17 21:15:14 lenovo110 kernel: iicbus2: \u003cPhilips I2C bus\u003e on iicbb2 addr 0xff\nSep 17 21:15:14 lenovo110 kernel: iic2: \u003cI2C generic I/O\u003e on iicbus2\nSep 17 21:15:14 lenovo110 kernel: lkpi_iicbb3: \u003cLinuxKPI I2CBB\u003e on drmn0\nSep 17 21:15:14 lenovo110 kernel: iicbb3: \u003cI2C bit-banging driver\u003e on lkpi_iicbb3\nSep 17 21:15:14 lenovo110 kernel: iicbus3: \u003cPhilips I2C bus\u003e on iicbb3 addr 0xff\nSep 17 21:15:14 lenovo110 kernel: iic3: \u003cI2C generic I/O\u003e on iicbus3\nSep 17 21:15:14 lenovo110 kernel: lkpi_iicbb4: \u003cLinuxKPI I2CBB\u003e on drmn0\nSep 17 21:15:14 lenovo110 kernel: iicbb4: \u003cI2C bit-banging driver\u003e on lkpi_iicbb4\nSep 17 21:15:14 lenovo110 kernel: iicbus4: \u003cPhilips I2C bus\u003e on iicbb4 addr 0xff\nSep 17 21:15:14 lenovo110 kernel: iic4: \u003cI2C generic I/O\u003e on iicbus4\nSep 17 21:15:14 lenovo110 kernel: lkpi_iicbb5: \u003cLinuxKPI I2CBB\u003e on drmn0\nSep 17 21:15:14 lenovo110 kernel: iicbb5: \u003cI2C bit-banging driver\u003e on lkpi_iicbb5\nSep 17 21:15:14 lenovo110 kernel: iicbus5: \u003cPhilips I2C bus\u003e on iicbb5 addr 0xff\nSep 17 21:15:14 lenovo110 kernel: iic5: \u003cI2C generic I/O\u003e on iicbus5\nSep 17 21:15:14 lenovo110 kernel: lkpi_iicbb6: \u003cLinuxKPI I2CBB\u003e on drmn0\nSep 17 21:15:14 lenovo110 kernel: iicbb6: \u003cI2C bit-banging driver\u003e on lkpi_iicbb6\nSep 17 21:15:14 lenovo110 kernel: iicbus6: \u003cPhilips I2C bus\u003e on iicbb6 addr 0xff\nSep 17 21:15:14 lenovo110 kernel: iic6: \u003cI2C generic I/O\u003e on iicbus6\nSep 17 21:15:14 lenovo110 kernel: lkpi_iicbb7: \u003cLinuxKPI I2CBB\u003e on drmn0\nSep 17 21:15:14 lenovo110 kernel: iicbb7: \u003cI2C bit-banging driver\u003e on lkpi_iicbb7\nSep 17 21:15:14 lenovo110 kernel: iicbus7: \u003cPhilips I2C bus\u003e on iicbb7 addr 0xff\nSep 17 21:15:14 lenovo110 kernel: iic7: \u003cI2C generic I/O\u003e on iicbus7\nSep 17 21:15:14 lenovo110 kernel: [drm] vm size is 64 GB, 2 levels, block size is 10-bit, fragment size is 9-bit\nSep 17 21:15:14 lenovo110 kernel: drmn0: VRAM: 512M 0x000000F400000000 - 0x000000F41FFFFFFF (512M used)\nSep 17 21:15:14 lenovo110 kernel: drmn0: GART: 1024M 0x000000FF00000000 - 0x000000FF3FFFFFFF\nSep 17 21:15:14 lenovo110 kernel: [drm] Detected VRAM RAM=512M, BAR=512M\nSep 17 21:15:14 lenovo110 kernel: [drm] RAM width 64bits UNKNOWN\nSep 17 21:15:14 lenovo110 kernel: [TTM] Zone  kernel: Available graphics memory: 1766166 KiB\nSep 17 21:15:14 lenovo110 kernel: [TTM] Initializing pool allocator\nSep 17 21:15:14 lenovo110 kernel: [drm] amdgpu: 512M of VRAM memory ready\nSep 17 21:15:14 lenovo110 kernel: [drm] amdgpu: 2587M of GTT memory ready.\nSep 17 21:15:14 lenovo110 kernel: [drm] GART: num cpu pages 262144, num gpu pages 262144\nSep 17 21:15:14 lenovo110 kernel: [drm] PCIE GART of 1024M enabled (table at 0x000000F400401000).\nSep 17 21:15:14 lenovo110 kernel: drmn0: successfully loaded firmware image 'amdgpu/mullins_pfp.bin'\nSep 17 21:15:14 lenovo110 kernel: drmn0: successfully loaded firmware image 'amdgpu/mullins_me.bin'\nSep 17 21:15:14 lenovo110 kernel: drmn0: successfully loaded firmware image 'amdgpu/mullins_ce.bin'\nSep 17 21:15:14 lenovo110 kernel: drmn0: successfully loaded firmware image 'amdgpu/mullins_mec.bin'\nSep 17 21:15:14 lenovo110 kernel: drmn0: successfully loaded firmware image 'amdgpu/mullins_rlc.bin'\nSep 17 21:15:14 lenovo110 kernel: drmn0: successfully loaded firmware image 'amdgpu/mullins_sdma.bin'\nSep 17 21:16:13 lenovo110 syslogd: kernel boot file is /boot/kernel/kernel\n\n---------------------------------------------------------\n\nAnd here is loading radeonkms:\n\n-----------------------------------------------------\n\nSep 17 21:16:34 lenovo110 kernel: [drm] radeon kernel modesetting enabled.\nSep 17 21:16:34 lenovo110 kernel: drmn0: \u003cdrmn\u003e on vgapci0\nSep 17 21:16:34 lenovo110 kernel: vgapci0: child drmn0 requested pci_enable_io\nSep 17 21:16:34 lenovo110 syslogd: last message repeated 1 times\nSep 17 21:16:34 lenovo110 kernel: sysctl_warn_reuse: can't re-use a leaf (hw.dri.debug)!\nSep 17 21:16:34 lenovo110 kernel: [drm] initializing kernel modesetting (MULLINS 0x1002:0x9853 0x17AA:0x3808 0x40).\nSep 17 21:16:34 lenovo110 kernel: [drm] doorbell mmio base: 0xF0000000\nSep 17 21:16:34 lenovo110 kernel: [drm] doorbell mmio size: 8388608\nSep 17 21:16:34 lenovo110 kernel: [drm ERROR :radeon_atombios_init] Unable to find PCI I/O BAR; using MMIO for ATOM IIO\nSep 17 21:16:34 lenovo110 kernel: ATOM BIOS: AMD\nSep 17 21:16:34 lenovo110 kernel: drmn0: VRAM: 512M 0x0000000000000000 - 0x000000001FFFFFFF (512M used)\nSep 17 21:16:34 lenovo110 kernel: drmn0: GTT: 2048M 0x0000000020000000 - 0x000000009FFFFFFF\nSep 17 21:16:34 lenovo110 kernel: [drm] Detected VRAM RAM=512M, BAR=256M\nSep 17 21:16:34 lenovo110 kernel: [drm] RAM width 128bits DDR\nSep 17 21:16:34 lenovo110 kernel: [TTM] Zone  kernel: Available graphics memory: 1766166 KiB\nSep 17 21:16:34 lenovo110 kernel: [TTM] Initializing pool allocator\nSep 17 21:16:34 lenovo110 kernel: [drm] radeon: 512M of VRAM memory ready\nSep 17 21:16:34 lenovo110 kernel: [drm] radeon: 2048M of GTT memory ready.\nSep 17 21:16:34 lenovo110 kernel: [drm] Loading mullins Microcode\nSep 17 21:16:35 lenovo110 kernel: drmn0: successfully loaded firmware image 'radeon/mullins_pfp.bin'\nSep 17 21:16:35 lenovo110 kernel: drmn0: successfully loaded firmware image 'radeon/mullins_me.bin'\nSep 17 21:16:35 lenovo110 kernel: drmn0: successfully loaded firmware image 'radeon/mullins_ce.bin'\nSep 17 21:16:35 lenovo110 kernel: drmn0: successfully loaded firmware image 'radeon/mullins_mec.bin'\nSep 17 21:16:35 lenovo110 kernel: drmn0: successfully loaded firmware image 'radeon/mullins_rlc.bin'\nSep 17 21:16:35 lenovo110 kernel: drmn0: successfully loaded firmware image 'radeon/mullins_sdma.bin'\nSep 17 21:16:35 lenovo110 kernel: [drm] Internal thermal controller without fan control\nSep 17 21:16:35 lenovo110 kernel: [drm] radeon: dpm initialized\nSep 17 21:16:35 lenovo110 kernel: drmn0: successfully loaded firmware image 'radeon/bonaire_uvd.bin'\nSep 17 21:16:35 lenovo110 kernel: [drm] Found UVD firmware Version: 1.64 Family ID: 9\nSep 17 21:16:35 lenovo110 kernel: drmn0: successfully loaded firmware image 'radeon/BONAIRE_vce.bin'\nSep 17 21:16:35 lenovo110 kernel: [drm] Found VCE firmware/feedback version 40.2.2 / 15!\nSep 17 21:16:35 lenovo110 kernel: [drm] GART: num cpu pages 524288, num gpu pages 524288\nSep 17 21:16:35 lenovo110 kernel: [drm] PCIE GART of 2048M enabled (table at 0x000000000030E000).\nSep 17 21:16:35 lenovo110 kernel: drmn0: WB enabled\nSep 17 21:16:35 lenovo110 kernel: drmn0: fence driver on ring 0 use gpu addr 0x0000000020000c00\nSep 17 21:16:35 lenovo110 kernel: drmn0: fence driver on ring 1 use gpu addr 0x0000000020000c04\nSep 17 21:16:35 lenovo110 kernel: drmn0: fence driver on ring 2 use gpu addr 0x0000000020000c08\nSep 17 21:16:35 lenovo110 kernel: drmn0: fence driver on ring 3 use gpu addr 0x0000000020000c0c\nSep 17 21:16:35 lenovo110 kernel: drmn0: fence driver on ring 4 use gpu addr 0x0000000020000c10\nSep 17 21:16:35 lenovo110 kernel: drmn0: fence driver on ring 5 use gpu addr 0x0000000000078d30\nSep 17 21:16:35 lenovo110 kernel: drmn0: fence driver on ring 6 use gpu addr 0x0000000020000c18\nSep 17 21:16:35 lenovo110 kernel: drmn0: fence driver on ring 7 use gpu addr 0x0000000020000c1c\nSep 17 21:16:35 lenovo110 kernel: drmn0: radeon: using MSI.\nSep 17 21:16:35 lenovo110 kernel: [drm] radeon: irq initialized.\nSep 17 21:16:35 lenovo110 kernel: [drm] ring test on 0 succeeded in 2 usecs\nSep 17 21:16:35 lenovo110 kernel: [drm] ring test on 1 succeeded in 3 usecs\nSep 17 21:16:35 lenovo110 kernel: [drm] ring test on 2 succeeded in 3 usecs\nSep 17 21:16:35 lenovo110 kernel: [drm] ring test on 3 succeeded in 4 usecs\nSep 17 21:16:35 lenovo110 kernel: [drm] ring test on 4 succeeded in 4 usecs\nSep 17 21:16:35 lenovo110 kernel: [drm] ring test on 5 succeeded in 2 usecs\nSep 17 21:16:35 lenovo110 kernel: [drm] UVD initialized successfully.\nSep 17 21:16:35 lenovo110 kernel: [drm] ring test on 6 succeeded in 21 usecs\nSep 17 21:16:35 lenovo110 kernel: [drm] ring test on 7 succeeded in 2 usecs\nSep 17 21:16:35 lenovo110 kernel: [drm] VCE initialized successfully.\nSep 17 21:16:35 lenovo110 kernel: [drm] ib test on ring 0 succeeded in 0 usecs\nSep 17 21:16:35 lenovo110 kernel: [drm] ib test on ring 1 succeeded in 0 usecs\nSep 17 21:16:35 lenovo110 kernel: [drm] ib test on ring 2 succeeded in 0 usecs\nSep 17 21:16:35 lenovo110 kernel: [drm] ib test on ring 3 succeeded in 0 usecs\nSep 17 21:16:35 lenovo110 kernel: [drm] ib test on ring 4 succeeded in 0 usecs\nSep 17 21:16:35 lenovo110 kernel: [drm] ib test on ring 5 succeeded\nSep 17 21:16:35 lenovo110 kernel: [drm] ib test on ring 6 succeeded\nSep 17 21:16:35 lenovo110 kernel: [drm] ib test on ring 7 succeeded\nSep 17 21:16:35 lenovo110 kernel: lkpi_iicbb0: \u003cLinuxKPI I2CBB\u003e on drmn0\nSep 17 21:16:35 lenovo110 kernel: iicbb0: \u003cI2C bit-banging driver\u003e on lkpi_iicbb0\nSep 17 21:16:35 lenovo110 kernel: iicbus0: \u003cPhilips I2C bus\u003e on iicbb0 addr 0xff\nSep 17 21:16:35 lenovo110 kernel: iic0: \u003cI2C generic I/O\u003e on iicbus0\nSep 17 21:16:35 lenovo110 kernel: lkpi_iicbb1: \u003cLinuxKPI I2CBB\u003e on drmn0\nSep 17 21:16:35 lenovo110 kernel: iicbb1: \u003cI2C bit-banging driver\u003e on lkpi_iicbb1\nSep 17 21:16:35 lenovo110 kernel: iicbus1: \u003cPhilips I2C bus\u003e on iicbb1 addr 0xff\nSep 17 21:16:35 lenovo110 kernel: iic1: \u003cI2C generic I/O\u003e on iicbus1\nSep 17 21:16:35 lenovo110 kernel: lkpi_iicbb2: \u003cLinuxKPI I2CBB\u003e on drmn0\nSep 17 21:16:35 lenovo110 kernel: iicbb2: \u003cI2C bit-banging driver\u003e on lkpi_iicbb2\nSep 17 21:16:35 lenovo110 kernel: iicbus2: \u003cPhilips I2C bus\u003e on iicbb2 addr 0xff\nSep 17 21:16:35 lenovo110 kernel: iic2: \u003cI2C generic I/O\u003e on iicbus2\nSep 17 21:16:35 lenovo110 kernel: lkpi_iicbb3: \u003cLinuxKPI I2CBB\u003e on drmn0\nSep 17 21:16:35 lenovo110 kernel: iicbb3: \u003cI2C bit-banging driver\u003e on lkpi_iicbb3\nSep 17 21:16:35 lenovo110 kernel: iicbus3: \u003cPhilips I2C bus\u003e on iicbb3 addr 0xff\nSep 17 21:16:35 lenovo110 kernel: iic3: \u003cI2C generic I/O\u003e on iicbus3\nSep 17 21:16:35 lenovo110 kernel: lkpi_iicbb4: \u003cLinuxKPI I2CBB\u003e on drmn0\nSep 17 21:16:35 lenovo110 kernel: iicbb4: \u003cI2C bit-banging driver\u003e on lkpi_iicbb4\nSep 17 21:16:35 lenovo110 kernel: iicbus4: \u003cPhilips I2C bus\u003e on iicbb4 addr 0xff\nSep 17 21:16:35 lenovo110 kernel: iic4: \u003cI2C generic I/O\u003e on iicbus4\nSep 17 21:16:35 lenovo110 kernel: lkpi_iicbb5: \u003cLinuxKPI I2CBB\u003e on drmn0\nSep 17 21:16:35 lenovo110 kernel: iicbb5: \u003cI2C bit-banging driver\u003e on lkpi_iicbb5\nSep 17 21:16:35 lenovo110 kernel: iicbus5: \u003cPhilips I2C bus\u003e on iicbb5 addr 0xff\nSep 17 21:16:35 lenovo110 kernel: iic5: \u003cI2C generic I/O\u003e on iicbus5\nSep 17 21:16:35 lenovo110 kernel: lkpi_iicbb6: \u003cLinuxKPI I2CBB\u003e on drmn0\nSep 17 21:16:35 lenovo110 kernel: iicbb6: \u003cI2C bit-banging driver\u003e on lkpi_iicbb6\nSep 17 21:16:35 lenovo110 kernel: iicbus6: \u003cPhilips I2C bus\u003e on iicbb6 addr 0xff\nSep 17 21:16:35 lenovo110 kernel: iic6: \u003cI2C generic I/O\u003e on iicbus6\nSep 17 21:16:35 lenovo110 kernel: lkpi_iicbb7: \u003cLinuxKPI I2CBB\u003e on drmn0\nSep 17 21:16:35 lenovo110 kernel: iicbb7: \u003cI2C bit-banging driver\u003e on lkpi_iicbb7\nSep 17 21:16:35 lenovo110 kernel: iicbus7: \u003cPhilips I2C bus\u003e on iicbb7 addr 0xff\nSep 17 21:16:35 lenovo110 kernel: iic7: \u003cI2C generic I/O\u003e on iicbus7\nSep 17 21:16:35 lenovo110 kernel: lkpi_iic0: \u003cLinuxKPI I2C\u003e on drm1\nSep 17 21:16:35 lenovo110 kernel: iicbus8: \u003cPhilips I2C bus\u003e on lkpi_iic0\nSep 17 21:16:35 lenovo110 kernel: iic8: \u003cI2C generic I/O\u003e on iicbus8\nSep 17 21:16:35 lenovo110 kernel: [drm] radeon atom DIG backlight initialized\nSep 17 21:16:35 lenovo110 kernel: [drm] Radeon Display Connectors\nSep 17 21:16:35 lenovo110 kernel: [drm] Connector 0:\nSep 17 21:16:35 lenovo110 kernel: [drm]   eDP-1\nSep 17 21:16:35 lenovo110 kernel: [drm]   HPD1\nSep 17 21:16:35 lenovo110 kernel: [drm]   DDC: 0x6530 0x6530 0x6534 0x6534 0x6538 0x6538 0x653c 0x653c\nSep 17 21:16:35 lenovo110 kernel: [drm]   Encoders:\nSep 17 21:16:35 lenovo110 kernel: [drm]     LCD1: INTERNAL_UNIPHY\nSep 17 21:16:35 lenovo110 kernel: [drm] Connector 1:\nSep 17 21:16:35 lenovo110 kernel: [drm]   HDMI-A-1\nSep 17 21:16:35 lenovo110 kernel: [drm]   HPD2\nSep 17 21:16:35 lenovo110 kernel: [drm]   DDC: 0x6540 0x6540 0x6544 0x6544 0x6548 0x6548 0x654c 0x654c\nSep 17 21:16:35 lenovo110 kernel: [drm]   Encoders:\nSep 17 21:16:35 lenovo110 kernel: [drm]     DFP1: INTERNAL_UNIPHY\nSep 17 21:16:36 lenovo110 kernel: [drm] fb mappable at 0xE0731000\nSep 17 21:16:36 lenovo110 kernel: [drm] vram apper at 0xE0000000\nSep 17 21:16:36 lenovo110 kernel: [drm] size 4325376\nSep 17 21:16:36 lenovo110 kernel: [drm] fb depth is 24\nSep 17 21:16:36 lenovo110 kernel: [drm]    pitch is 5632\nSep 17 21:16:36 lenovo110 kernel: VT: Replacing driver \"efifb\" with new \"fb\".\nSep 17 21:16:38 lenovo110 kernel: start FB_INFO:\nSep 17 21:16:38 lenovo110 kernel: type=11 height=768 width=1366 depth=32\nSep 17 21:16:38 lenovo110 kernel: pbase=0xe0731000 vbase=0xfffff800e0731000\nSep 17 21:16:38 lenovo110 kernel: name=drmn0 flags=0x0 stride=5632 bpp=32\nSep 17 21:16:38 lenovo110 kernel: end FB_INFO\nSep 17 21:16:38 lenovo110 kernel: [drm] Initialized radeon 2.50.0 20080528 for drmn0 on minor 0"
}