{
 "id": 958785,
 "bug_id": 223491,
 "attachment_id": 0,
 "creation_time": "2017-11-08T09:04:48Z",
 "creator": "wosch@FreeBSD.org",
 "text": "It is an Intel 64bit CPU with a shared SSD. I guess the data center is using QEMU/KVM for the virtualization, but I’m not sure about that.\n\n$ df -h\nFilesystem      Size    Used   Avail Capacity  Mounted on\n/dev/vtbd0p2     93G     63G     23G    73%    /\ndevfs           1.0K    1.0K      0B   100%    /dev\n\n\nsysctl -a\nkern.geom.label.disk_ident.enable: 1\nkern.geom.disk.cd0.flags: 0\nkern.geom.disk.cd0.led: \nkern.geom.disk.vtbd0.flags: 3a\u003cOPEN,CANFLUSHCACHE,UNMAPPEDBIO,DIRECTCOMPLETION\u003e\nkern.geom.disk.vtbd0.led: \nkern.disks: cd0 vtbd0\n\nSSD write performance ca: 140Mbyte/s \nSSD read performance ca: 560Mbyte/s\n\nFreeBSD 12.0-CURRENT #0 fcca5326804(master): Mon Oct 23 13:24:36 CEST 2017\n    root@freebsd:/usr/obj/usr/src/sys/GENERIC-NODEBUG amd64\nFreeBSD clang version 5.0.0 (tags/RELEASE_500/final 312559) (based on LLVM 5.0.0svn)\nCPU: Intel(R) Xeon(R) CPU E5-2630 v4 @ 2.20GHz (2200.05-MHz K8-class CPU)\nreal memory  = 8589934592 (8192 MB)\nFreeBSD/SMP: Multiprocessor System Detected: 6 CPUs\nvirtio_pci0: \u003cVirtIO PCI Block adapter\u003e port 0xc080-0xc0bf mem 0xf2060000-0xf2060fff irq 11 at\n device 4.0 on pci0\nvtblk0: \u003cVirtIO Block Adapter\u003e on virtio_pci0\nvtblk0: 102400MB (209715200 512 byte sectors)\nvirtio_pci1: \u003cVirtIO PCI Balloon adapter\u003e port 0xc0c0-0xc0df irq 10 at device 5.0 on pci0\nvtballoon0: \u003cVirtIO Balloon Adapter\u003e on virtio_pci1\nugen0.2: \u003cQEMU 0.12.1 QEMU USB Tablet\u003e at usbus0\nTrying to mount root from ufs:/dev/vtbd0p2 [rw]..."
}