{
 "id": 511029,
 "bug_id": 137041,
 "attachment_id": 0,
 "creation_time": "2009-07-23T19:20:01Z",
 "creator": "c0rn@o2.pl",
 "text": "\n\nI own HP Compaq nx6125 laptop, when I turn on powerd by adding\npowerd_enable=\"YES\" to my rc.conf it hangs within 15 min of working \neven when laptop idles. After that I can only reboot machine.\n\nHere's my dmesg output:\n\nCopyright (c) 1992-2009 The FreeBSD Project.\nCopyright (c) 1979, 1980, 1983, 1986, 1988, 1989, 1991, 1992, 1993, 1994\n\tThe Regents of the University of California. All rights reserved.\nFreeBSD is a registered trademark of The FreeBSD Foundation.\nFreeBSD 7.2-RELEASE-p2 #4: Tue Jun 30 20:40:20 CEST 2009\n    root@caprica.slowicza.org:/usr/obj/usr/src/sys/MINI\nTimecounter \"i8254\" frequency 1193182 Hz quality 0\nCPU: Mobile AMD Sempron(tm) 3100+ (1795.51-MHz 686-class CPU)\n  Origin = \"AuthenticAMD\"  Id = 0x20fc2  Stepping = 2\n  Features=0x78bfbff\u003cFPU,VME,DE,PSE,TSC,MSR,PAE,MCE,CX8,APIC,SEP,MTRR,PGE,MCA,CMOV,PAT,PSE36,CLFLUSH,MMX,FXSR,SSE,SSE2\u003e\n  Features2=0x1\u003cSSE3\u003e\n  AMD Features=0xc2500800\u003cSYSCALL,NX,MMX+,FFXSR,3DNow!+,3DNow!\u003e\n  AMD Features2=0x1\u003cLAHF\u003e\nreal memory  = 939327488 (895 MB)\navail memory = 909828096 (867 MB)\nkbd1 at kbdmux0\nacpi0: \u003cHP 0944\u003e on motherboard\nacpi0: [ITHREAD]\nacpi0: Power Button (fixed)\nunknown: I/O range not supported\nacpi0: reservation of 0, a0000 (3) failed\nacpi0: reservation of 100000, 37f00000 (3) failed\nTimecounter \"ACPI-fast\" frequency 3579545 Hz quality 1000\nacpi_timer0: \u003c32-bit timer at 3.579545MHz\u003e port 0x8008-0x800b on acpi0\nacpi_ec0: \u003cEmbedded Controller: GPE 0x11\u003e port 0x62,0x66 on acpi0\npcib0: \u003cACPI Host-PCI bridge\u003e port 0xcf8-0xcff on acpi0\npci_link1: BIOS IRQ 5 for 0.20.INTB is invalid\npci0: \u003cACPI PCI bus\u003e on pcib0\npcib1: \u003cACPI PCI-PCI bridge\u003e at device 1.0 on pci0\npci_link1: BIOS IRQ 5 for 1.5.INTA is invalid\npci1: \u003cACPI PCI bus\u003e on pcib1\nvgapci0: \u003cVGA-compatible display\u003e port 0x3000-0x30ff mem 0xc0000000-0xcfffffff,0xd0600000-0xd060ffff irq 9 at device 5.0 on pci1\npcib2: \u003cACPI PCI-PCI bridge\u003e at device 4.0 on pci0\npci16: \u003cACPI PCI bus\u003e on pcib2\npcib3: \u003cACPI PCI-PCI bridge\u003e at device 5.0 on pci0\npci32: \u003cACPI PCI bus\u003e on pcib3\nohci0: \u003cATI SB400 USB Controller\u003e mem 0xd0a00000-0xd0a00fff irq 10 at device 19.0 on pci0\nohci0: [GIANT-LOCKED]\nohci0: [ITHREAD]\nusb0: OHCI version 1.0, legacy support\nusb0: \u003cATI SB400 USB Controller\u003e on ohci0\nusb0: USB revision 1.0\nuhub0: \u003cATI OHCI root hub, class 9/0, rev 1.00/1.00, addr 1\u003e on usb0\nuhub0: 4 ports with 4 removable, self powered\nohci1: \u003cATI SB400 USB Controller\u003e mem 0xd0a01000-0xd0a01fff irq 10 at device 19.1 on pci0\nohci1: [GIANT-LOCKED]\nohci1: [ITHREAD]\nusb1: OHCI version 1.0, legacy support\nusb1: \u003cATI SB400 USB Controller\u003e on ohci1\nusb1: USB revision 1.0\nuhub1: \u003cATI OHCI root hub, class 9/0, rev 1.00/1.00, addr 1\u003e on usb1\nuhub1: 4 ports with 4 removable, self powered\nehci0: \u003cATI SB400 USB 2.0 controller\u003e mem 0xd0a02000-0xd0a02fff irq 10 at device 19.2 on pci0\nehci0: [GIANT-LOCKED]\nehci0: [ITHREAD]\nusb2: EHCI version 1.0\nusb2: companion controllers, 4 ports each: usb0 usb1\nusb2: \u003cATI SB400 USB 2.0 controller\u003e on ehci0\nusb2: USB revision 2.0\nuhub2: \u003cATI EHCI root hub, class 9/0, rev 2.00/1.00, addr 1\u003e on usb2\nuhub2: 8 ports with 8 removable, self powered\npci0: \u003cserial bus, SMBus\u003e at device 20.0 (no driver attached)\natapci0: \u003cATI IXP400 UDMA133 controller\u003e port 0x1f0-0x1f7,0x3f6,0x170-0x177,0x376,0x4010-0x401f irq 10 at device 20.1 on pci0\nata0: \u003cATA channel 0\u003e on atapci0\nata0: [ITHREAD]\nata1: \u003cATA channel 1\u003e on atapci0\nata1: [ITHREAD]\nisab0: \u003cPCI-ISA bridge\u003e at device 20.3 on pci0\nisa0: \u003cISA bus\u003e on isab0\npcib4: \u003cACPI PCI-PCI bridge\u003e at device 20.4 on pci0\npci_link6: BIOS IRQ 5 for 2.2.INTA is invalid\npci2: \u003cACPI PCI bus\u003e on pcib4\npci2: \u003cnetwork, ethernet\u003e at device 1.0 (no driver attached)\nndis0: \u003cBroadcom 802.11b/g WLAN\u003e mem 0xd0010000-0xd0011fff irq 11 at device 2.0 on pci2\nndis0: [ITHREAD]\nndis0: NDIS API version: 5.1\nndis0: WARNING: using obsoleted if_watchdog interface\nndis0: Ethernet address: 00:14:a5:a5:3a:0d\npci2: \u003cbridge, PCI-CardBus\u003e at device 4.0 (no driver attached)\npci2: \u003cserial bus, FireWire\u003e at device 4.2 (no driver attached)\npci2: \u003cmass storage\u003e at device 4.3 (no driver attached)\npci2: \u003cbase peripheral, SD host controller\u003e at device 4.4 (no driver attached)\npcm0: \u003cATI IXP 400\u003e mem 0xd0a04000-0xd0a040ff irq 9 at device 20.5 on pci0\npcm0: [ITHREAD]\npci0: \u003csimple comms, generic modem\u003e at device 20.6 (no driver attached)\nbattery0: \u003cACPI Control Method Battery\u003e on acpi0\nbattery1: \u003cACPI Control Method Battery\u003e on acpi0\nacpi_acad0: \u003cAC Adapter\u003e on acpi0\nacpi_button0: \u003cSleep Button\u003e on acpi0\nacpi_lid0: \u003cControl Method Lid Switch\u003e on acpi0\nacpi_tz0: \u003cThermal Zone\u003e on acpi0\nacpi_tz1: \u003cThermal Zone\u003e on acpi0\nacpi_tz2: \u003cThermal Zone\u003e on acpi0\nacpi_tz3: \u003cThermal Zone\u003e on acpi0\natkbdc0: \u003cKeyboard controller (i8042)\u003e port 0x60,0x64 irq 1 on acpi0\natkbd0: \u003cAT Keyboard\u003e irq 1 on atkbdc0\nkbd0 at atkbd0\natkbd0: [GIANT-LOCKED]\natkbd0: [ITHREAD]\npsm0: \u003cPS/2 Mouse\u003e irq 12 on atkbdc0\npsm0: [GIANT-LOCKED]\npsm0: [ITHREAD]\npsm0: model IntelliMouse, device ID 3\ncpu0: \u003cACPI CPU\u003e on acpi0\nacpi_throttle0: \u003cACPI CPU Throttling\u003e on cpu0\npowernow0: \u003cPowerNow! K8\u003e on cpu0\npmtimer0 on isa0\norm0: \u003cISA Option ROM\u003e at iomem 0xc0000-0xcefff pnpid ORM0000 on isa0\nsc0: \u003cSystem console\u003e at flags 0x100 on isa0\nsc0: VGA \u003c16 virtual consoles, flags=0x300\u003e\nvga0: \u003cGeneric ISA VGA\u003e at port 0x3c0-0x3df iomem 0xa0000-0xbffff on isa0\nppc0: \u003cParallel port\u003e at port 0x378-0x37f irq 7 on isa0\nppc0: SMC-like chipset (ECP/EPP/PS2/NIBBLE) in COMPATIBLE mode\nppc0: FIFO with 16/16/8 bytes threshold\nppbus0: \u003cParallel port bus\u003e on ppc0\nppbus0: [ITHREAD]\nppc0: [GIANT-LOCKED]\nppc0: [ITHREAD]\nsio0: configured irq 4 not in bitmap of probed irqs 0\nsio0: port may not be enabled\nsio0: configured irq 4 not in bitmap of probed irqs 0\nsio0: port may not be enabled\nsio0 at port 0x3f8-0x3ff irq 4 flags 0x10 on isa0\nsio0: type 8250 or not responding\nsio0: [FILTER]\nsio1: configured irq 3 not in bitmap of probed irqs 0\nsio1: port may not be enabled\nugen0: \u003cvendor 0x08ff Fingerprint Sensor, class 255/255, rev 1.10/6.21, addr 2\u003e on uhub1\nTimecounter \"TSC\" frequency 1795512019 Hz quality 800\nTimecounters tick every 1.000 msec\nad0: 57231MB \u003cTOSHIBA MK6025GAS KA201A\u003e at ata0-master UDMA100\nacd0: DVDR \u003cMATSHITAUJ-840D/1.02\u003e at ata1-master PIO4\npcm0: \u003cConexant CX20468-21 AC97 Codec\u003e\nGEOM_LABEL: Label for provider ad0s3a is ufsid/44b59a93a631f99b.\nGEOM_LABEL: Label for provider ad0s3d is ufsid/44b59a9409328bf2.\nGEOM_LABEL: Label for provider ad0s3e is ufsid/44b59a9312c20a3a.\nTrying to mount root from ufs:/dev/ad0s3a\nGEOM_LABEL: Label ufsid/44b59a93a631f99b removed.\nGEOM_LABEL: Label for provider ad0s3a is ufsid/44b59a93a631f99b.\nGEOM_LABEL: Label ufsid/44b59a9312c20a3a removed.\nGEOM_LABEL: Label for provider ad0s3e is ufsid/44b59a9312c20a3a.\nGEOM_LABEL: Label ufsid/44b59a9409328bf2 removed.\nGEOM_LABEL: Label for provider ad0s3d is ufsid/44b59a9409328bf2.\nGEOM_LABEL: Label ufsid/44b59a93a631f99b removed.\nGEOM_LABEL: Label ufsid/44b59a9312c20a3a removed.\nGEOM_LABEL: Label ufsid/44b59a9409328bf2 removed.\nacd0: FAILURE - INQUIRY ILLEGAL REQUEST asc=0x24 ascq=0x00 \n(probe0:ata1:0:0:0): TEST UNIT READY. CDB: 0 0 0 0 0 0 \n(probe0:ata1:0:0:0): CAM Status: SCSI Status Error\n(probe0:ata1:0:0:0): SCSI Status: Check Condition\n(probe0:ata1:0:0:0): NOT READY asc:3a,0\n(probe0:ata1:0:0:0): Medium not present\n(probe0:ata1:0:0:0): Unretryable error\ncd0 at ata1 bus 0 target 0 lun 0\ncd0: \u003cMATSHITA UJ-840D 1.02\u003e Removable CD-ROM SCSI-0 device \ncd0: 16.000MB/s transfers\ncd0: Attempt to query device size failed: NOT READY, Medium not present\nndis0: link state changed to DOWN\nndis0: link state changed to UP\ndrm0: \u003cATI Radeon XPRESS 200M 5955\u003e on vgapci0\nvgapci0: child drm0 requested pci_enable_busmaster\ninfo: [drm] Initialized radeon 1.29.0 20080528\ninfo: [drm] Setting GART location based on new memory map\ninfo: [drm] Loading R300 Microcode\ninfo: [drm] Num pipes: 2\ninfo: [drm] writeback test succeeded in 1 usecs\ndrm0: [ITHREAD]"
}