{
 "id": 487690,
 "bug_id": 132242,
 "attachment_id": 0,
 "creation_time": "2009-03-02T05:40:03Z",
 "creator": "aryeh@flosoft.no-ip.biz",
 "text": "From mail sent to -current@:\n\nAryeh M. Friedman wrote:\n\u003e I have started the procedure for mirroring drives and everything works fine upto its first mount attempt (read only root... premounted before /etc/rc runs) and then sees no slices... what I mean is /dev/mirror/gm0Sxy never appears in the ls of /dev/mirror [bur /dev/mirror/gm0 does _exist_).... here is the output from kldstat:\n\u003e\n\u003e Id Refs Address    Size     Name\n\u003e 1   19 0xc0400000 94f054   kernel\n\u003e 2    1 0xc0d50000 84c4     linprocfs.ko\n\u003e 3    3 0xc0d59000 27744    linux.ko\n\u003e 4    1 0xc0d81000 161c8    geom_mirror.ko\n\u003e 5    1 0xc0d98000 15484    snd_hda.ko\n\u003e 6    2 0xc0dae000 4938c    sound.ko\n\u003e 7    1 0xc0df8000 23e4     accf_http.ko\n\u003e 8    1 0xc0dfb000 75aa64   nvidia.ko\n\u003e 9    1 0xc1556000 68304    acpi.ko\n\u003e\n\u003e\nForgot:\n\nFreeBSD flosoft.no-ip.biz 7.1-RELEASE-p2 FreeBSD 7.1-RELEASE-p2 #0: Sun Feb  1 18:13:54 UTC 2009     root@flosoft.no-ip.biz:/usr/obj/usr/src/sys/GENERIC  i386\n\nNot included in the email is the output of dmesg:\nCopyright (c) 1992-2009 The FreeBSD Project.\nCopyright (c) 1979, 1980, 1983, 1986, 1988, 1989, 1991, 1992, 1993, 1994\n\tThe Regents of the University of California. All rights reserved.\nFreeBSD is a registered trademark of The FreeBSD Foundation.\nFreeBSD 7.1-RELEASE-p2 #0: Sun Feb  1 18:13:54 UTC 2009\n    root@flosoft.no-ip.biz:/usr/obj/usr/src/sys/GENERIC\nTimecounter \"i8254\" frequency 1193182 Hz quality 0\nCPU: Intel(R) Core(TM)2 Duo CPU     E6850  @ 3.00GHz (3003.40-MHz 686-class CPU)\n  Origin = \"GenuineIntel\"  Id = 0x6fb  Stepping = 11\n  Features=0xbfebfbff\u003cFPU,VME,DE,PSE,TSC,MSR,PAE,MCE,CX8,APIC,SEP,MTRR,PGE,MCA,CMOV,PAT,PSE36,CLFLUSH,DTS,ACPI,MMX,FXSR,SSE,SSE2,SS,HTT,TM,PBE\u003e\n  Features2=0xe3fd\u003cSSE3,DTES64,MON,DS_CPL,VMX,SMX,EST,TM2,SSSE3,CX16,xTPR,PDCM\u003e\n  AMD Features=0x20000000\u003cLM\u003e\n  AMD Features2=0x1\u003cLAHF\u003e\n  Cores per package: 2\nreal memory  = 3220897792 (3071 MB)\navail memory = 3137912832 (2992 MB)\nACPI APIC Table: \u003c070308 APIC1553\u003e\nFreeBSD/SMP: Multiprocessor System Detected: 2 CPUs\n cpu0 (BSP): APIC ID:  0\n cpu1 (AP): APIC ID:  1\nioapic0 \u003cVersion 2.0\u003e irqs 0-23 on motherboard\nkbd1 at kbdmux0\nath_hal: 0.9.20.3 (AR5210, AR5211, AR5212, RF5111, RF5112, RF2413, RF5413)\nacpi0: \u003c_ASUS_ Notebook\u003e on motherboard\nacpi0: [ITHREAD]\nacpi0: Power Button (fixed)\nacpi0: reservation of 0, a0000 (3) failed\nacpi0: reservation of 100000, bff00000 (3) failed\nTimecounter \"ACPI-safe\" frequency 3579545 Hz quality 850\nacpi_timer0: \u003c24-bit timer at 3.579545MHz\u003e port 0x808-0x80b on acpi0\npcib0: \u003cACPI Host-PCI bridge\u003e port 0xcf8-0xcff on acpi0\npci0: \u003cACPI PCI bus\u003e on pcib0\npcib1: \u003cACPI PCI-PCI bridge\u003e irq 16 at device 1.0 on pci0\npci1: \u003cACPI PCI bus\u003e on pcib1\nvgapci0: \u003cVGA-compatible display\u003e port 0xcc00-0xcc7f mem 0xfd000000-0xfdffffff,0xd0000000-0xdfffffff,0xfa000000-0xfbffffff irq 16 at device 0.0 on pci1\nnvidia0: \u003cGeForce 9500 GT\u003e on vgapci0\nvgapci0: child nvidia0 requested pci_enable_busmaster\nvgapci0: child nvidia0 requested pci_enable_io\nvgapci0: child nvidia0 requested pci_enable_io\nnvidia0: [GIANT-LOCKED]\nnvidia0: [ITHREAD]\nuhci0: \u003cUHCI (generic) USB controller\u003e port 0xbc00-0xbc1f irq 16 at device 26.0 on pci0\nuhci0: [GIANT-LOCKED]\nuhci0: [ITHREAD]\nusb0: \u003cUHCI (generic) USB controller\u003e on uhci0\nusb0: USB revision 1.0\nuhub0: \u003cIntel UHCI root hub, class 9/0, rev 1.00/1.00, addr 1\u003e on usb0\nuhub0: 2 ports with 2 removable, self powered\nuhci1: \u003cUHCI (generic) USB controller\u003e port 0xb880-0xb89f irq 21 at device 26.1 on pci0\nuhci1: [GIANT-LOCKED]\nuhci1: [ITHREAD]\nusb1: \u003cUHCI (generic) USB controller\u003e on uhci1\nusb1: USB revision 1.0\nuhub1: \u003cIntel UHCI root hub, class 9/0, rev 1.00/1.00, addr 1\u003e on usb1\nuhub1: 2 ports with 2 removable, self powered\nehci0: \u003cEHCI (generic) USB 2.0 controller\u003e mem 0xf9fffc00-0xf9ffffff irq 18 at device 26.7 on pci0\nehci0: [GIANT-LOCKED]\nehci0: [ITHREAD]\nusb2: EHCI version 1.0\nusb2: companion controllers, 2 ports each: usb0 usb1\nusb2: \u003cEHCI (generic) USB 2.0 controller\u003e on ehci0\nusb2: USB revision 2.0\nuhub2: \u003cIntel EHCI root hub, class 9/0, rev 2.00/1.00, addr 1\u003e on usb2\nuhub2: 4 ports with 4 removable, self powered\npcm0: \u003cIntel 82801I High Definition Audio Controller\u003e mem 0xf9ff8000-0xf9ffbfff irq 22 at device 27.0 on pci0\npcm0: [ITHREAD]\npcib2: \u003cACPI PCI-PCI bridge\u003e irq 17 at device 28.0 on pci0\npci2: \u003cACPI PCI bus\u003e on pcib2\npcib3: \u003cACPI PCI-PCI bridge\u003e irq 17 at device 28.4 on pci0\npci3: \u003cACPI PCI bus\u003e on pcib3\natapci0: \u003cMarvell ATA controller\u003e port 0xdc00-0xdc07,0xd880-0xd883,0xd800-0xd807,0xd480-0xd483,0xd400-0xd40f mem 0xfeaffc00-0xfeafffff irq 16 at device 0.0 on pci3\natapci0: [ITHREAD]\nata2: \u003cATA channel 0\u003e on atapci0\nata2: [ITHREAD]\nata3: \u003cATA channel 1\u003e on atapci0\nata3: [ITHREAD]\npcib4: \u003cACPI PCI-PCI bridge\u003e irq 16 at device 28.5 on pci0\npci4: \u003cACPI PCI bus\u003e on pcib4\nre0: \u003cRealTek 8168/8168B/8168C/8168CP/8168D/8111B/8111C/8111CP PCIe Gigabit Ethernet\u003e port 0xe800-0xe8ff mem 0xfebff000-0xfebfffff irq 17 at device 0.0 on pci4\nre0: turning off MSI enable bit.\nre0: Chip rev. 0x38000000\nre0: MAC rev. 0x00000000\nmiibus0: \u003cMII bus\u003e on re0\nrgephy0: \u003cRTL8169S/8110S/8211B media interface\u003e PHY 1 on miibus0\nrgephy0:  10baseT, 10baseT-FDX, 100baseTX, 100baseTX-FDX, 1000baseT, 1000baseT-FDX, auto\nre0: Ethernet address: 00:19:db:b5:f8:0f\nre0: [FILTER]\nuhci2: \u003cUHCI (generic) USB controller\u003e port 0xb800-0xb81f irq 23 at device 29.0 on pci0\nuhci2: [GIANT-LOCKED]\nuhci2: [ITHREAD]\nusb3: \u003cUHCI (generic) USB controller\u003e on uhci2\nusb3: USB revision 1.0\nuhub3: \u003cIntel UHCI root hub, class 9/0, rev 1.00/1.00, addr 1\u003e on usb3\nuhub3: 2 ports with 2 removable, self powered\nuhci3: \u003cUHCI (generic) USB controller\u003e port 0xb480-0xb49f irq 19 at device 29.1 on pci0\nuhci3: [GIANT-LOCKED]\nuhci3: [ITHREAD]\nusb4: \u003cUHCI (generic) USB controller\u003e on uhci3\nusb4: USB revision 1.0\nuhub4: \u003cIntel UHCI root hub, class 9/0, rev 1.00/1.00, addr 1\u003e on usb4\nuhub4: 2 ports with 2 removable, self powered\nuhci4: \u003cUHCI (generic) USB controller\u003e port 0xb400-0xb41f irq 18 at device 29.2 on pci0\nuhci4: [GIANT-LOCKED]\nuhci4: [ITHREAD]\nusb5: \u003cUHCI (generic) USB controller\u003e on uhci4\nusb5: USB revision 1.0\nuhub5: \u003cIntel UHCI root hub, class 9/0, rev 1.00/1.00, addr 1\u003e on usb5\nuhub5: 2 ports with 2 removable, self powered\nuhci5: \u003cUHCI (generic) USB controller\u003e port 0xb080-0xb09f irq 16 at device 29.3 on pci0\nuhci5: [GIANT-LOCKED]\nuhci5: [ITHREAD]\nusb6: \u003cUHCI (generic) USB controller\u003e on uhci5\nusb6: USB revision 1.0\nuhub6: \u003cIntel UHCI root hub, class 9/0, rev 1.00/1.00, addr 1\u003e on usb6\nuhub6: 2 ports with 2 removable, self powered\nehci1: \u003cEHCI (generic) USB 2.0 controller\u003e mem 0xf9fff800-0xf9fffbff irq 23 at device 29.7 on pci0\nehci1: [GIANT-LOCKED]\nehci1: [ITHREAD]\nusb7: EHCI version 1.0\nusb7: companion controllers, 2 ports each: usb3 usb4 usb5 usb6\nusb7: \u003cEHCI (generic) USB 2.0 controller\u003e on ehci1\nusb7: USB revision 2.0\nuhub7: \u003cIntel EHCI root hub, class 9/0, rev 2.00/1.00, addr 1\u003e on usb7\nuhub7: 8 ports with 8 removable, self powered\npcib5: \u003cACPI PCI-PCI bridge\u003e at device 30.0 on pci0\npci5: \u003cACPI PCI bus\u003e on pcib5\nisab0: \u003cPCI-ISA bridge\u003e at device 31.0 on pci0\nisa0: \u003cISA bus\u003e on isab0\natapci1: \u003cIntel ICH9 SATA300 controller\u003e port 0xb000-0xb007,0xac00-0xac03,0xa880-0xa887,0xa800-0xa803,0xa480-0xa48f,0xa400-0xa40f irq 19 at device 31.2 on pci0\natapci1: [ITHREAD]\nata4: \u003cATA channel 0\u003e on atapci1\nata4: [ITHREAD]\nata5: \u003cATA channel 1\u003e on atapci1\nata5: [ITHREAD]\npci0: \u003cserial bus, SMBus\u003e at device 31.3 (no driver attached)\natapci2: \u003cIntel ICH9 SATA300 controller\u003e port 0xa000-0xa007,0x9c00-0x9c03,0x9880-0x9887,0x9800-0x9803,0x9480-0x948f,0x9400-0x940f irq 19 at device 31.5 on pci0\natapci2: [ITHREAD]\nata6: \u003cATA channel 0\u003e on atapci2\nata6: [ITHREAD]\nata7: \u003cATA channel 1\u003e on atapci2\nata7: [ITHREAD]\nacpi_button0: \u003cPower Button\u003e on acpi0\nsio0: configured irq 4 not in bitmap of probed irqs 0\nsio0: port may not be enabled\nsio0: configured irq 4 not in bitmap of probed irqs 0\nsio0: port may not be enabled\nsio0: \u003c16550A-compatible COM port\u003e port 0x3f8-0x3ff irq 4 flags 0x10 on acpi0\nsio0: type 16550A\nsio0: [FILTER]\nfdc0: \u003cfloppy drive controller (FDE)\u003e port 0x3f0-0x3f5,0x3f7 irq 6 drq 2 on acpi0\nfdc0: [FILTER]\ncpu0: \u003cACPI CPU\u003e on acpi0\nACPI Warning (tbutils-0243): Incorrect checksum in table [OEMB] -  B9, should be AC [20070320]\nest0: \u003cEnhanced SpeedStep Frequency Control\u003e on cpu0\np4tcc0: \u003cCPU Frequency Thermal Control\u003e on cpu0\ncpu1: \u003cACPI CPU\u003e on acpi0\nest1: \u003cEnhanced SpeedStep Frequency Control\u003e on cpu1\nest: CPU supports Enhanced Speedstep, but is not recognized.\nest: cpu_vendor GenuineIntel, msr 92a092a0600092a\ndevice_attach: est1 attach returned 6\np4tcc1: \u003cCPU Frequency Thermal Control\u003e on cpu1\npmtimer0 on isa0\nata0 at port 0x1f0-0x1f7,0x3f6 irq 14 on isa0\nata0: [ITHREAD]\nata1 at port 0x170-0x177,0x376 irq 15 on isa0\nata1: [ITHREAD]\natkbdc0: \u003cKeyboard controller (i8042)\u003e at port 0x60,0x64 on isa0\natkbd0: \u003cAT Keyboard\u003e irq 1 on atkbdc0\nkbd0 at atkbd0\natkbd0: [GIANT-LOCKED]\natkbd0: [ITHREAD]\nppc0: \u003cParallel port\u003e at port 0x378-0x37f irq 7 on isa0\nppc0: Generic chipset (NIBBLE-only) in COMPATIBLE mode\nppbus0: \u003cParallel port bus\u003e on ppc0\nppbus0: [ITHREAD]\nplip0: \u003cPLIP network interface\u003e on ppbus0\nplip0: WARNING: using obsoleted IFF_NEEDSGIANT flag\nlpt0: \u003cPrinter\u003e on ppbus0\nlpt0: Interrupt-driven port\nppi0: \u003cParallel I/O\u003e on ppbus0\nppc0: [GIANT-LOCKED]\nppc0: [ITHREAD]\nsc0: \u003cSystem console\u003e at flags 0x100 on isa0\nsc0: VGA \u003c16 virtual consoles, flags=0x300\u003e\nsio1: configured irq 3 not in bitmap of probed irqs 0\nsio1: port may not be enabled\nvga0: \u003cGeneric ISA VGA\u003e at port 0x3c0-0x3df iomem 0xa0000-0xbffff on isa0\nuhub8: \u003cvendor 0x0451 product 0x2046, class 9/0, rev 1.10/1.25, addr 2\u003e on uhub3\nuhub8: 4 ports with 4 removable, self powered\nums0: \u003cPIXART USB OPTICAL MOUSE, class 0/0, rev 1.10/1.00, addr 3\u003e on uhub8\nums0: 3 buttons and Z dir.\nukbd0: \u003cLogitech Logitech USB Keyboard, class 0/0, rev 1.10/28.00, addr 4\u003e on uhub8\nkbd2 at ukbd0\nTimecounters tick every 1.000 msec\nad8: 476940MB \u003cSeagate ST3500630AS 3.AAE\u003e at ata4-master SATA300\nad14: 476940MB \u003cSeagate ST3500320AS SD15\u003e at ata7-master SATA150\npcm0: \u003cHDA Codec: Realtek ALC888\u003e\npcm0: \u003cHDA Driver Revision: 20080420_0052\u003e\nSMP: AP CPU #1 Launched!\nGEOM_MIRROR: Device mirror/gm0 launched (1/1).\nTrying to mount root from ufs:/dev/ad8s2a\nuhub8: at uhub3 port 2 (addr 2) disconnected\nums0: at uhub8 port 3 (addr 3) disconnected\nums0: detached\nukbd0: at uhub8 port 4 (addr 4) disconnected\nukbd0: detached\nuhub8: detached\nuhub8: \u003cvendor 0x0451 product 0x2046, class 9/0, rev 1.10/1.25, addr 2\u003e on uhub3\nuhub8: 4 ports with 4 removable, self powered\nums0: \u003cPIXART USB OPTICAL MOUSE, class 0/0, rev 1.10/1.00, addr 3\u003e on uhub8\nums0: 3 buttons and Z dir.\nukbd0: \u003cLogitech Logitech USB Keyboard, class 0/0, rev 1.10/28.00, addr 4\u003e on uhub8\nkbd2 at ukbd0\nuhub8: at uhub3 port 2 (addr 2) disconnected\nums0: at uhub8 port 3 (addr 3) disconnected\nums0: detached\nukbd0: at uhub8 port 4 (addr 4) disconnected\nukbd0: detached\nuhub8: detached\nuhub8: \u003cvendor 0x0451 product 0x2046, class 9/0, rev 1.10/1.25, addr 2\u003e on uhub3\nuhub8: 4 ports with 4 removable, self powered\nuhub8: port 2 power on failed, STALLED\nuhub8: port 3 power on failed, STALLED\nuhub8: port 4 power on failed, STALLED\nuhub8: at uhub3 port 2 (addr 2) disconnected\nuhub8: detached\nuhub8: \u003cvendor 0x0451 product 0x2046, class 9/0, rev 1.10/1.25, addr 2\u003e on uhub3\nuhub8: 4 ports with 4 removable, self powered\nums0: \u003cPIXART USB OPTICAL MOUSE, class 0/0, rev 1.10/1.00, addr 3\u003e on uhub8\nums0: 3 buttons and Z dir.\nuhub8: port 4 reset failed\nuhub8: at uhub3 port 2 (addr 2) disconnected\nums0: at uhub8 port 3 (addr 3) disconnected\nums0: detached\nuhub8: detached\nuhub3: device problem (STALLED), disabling port 2\nuhub8: \u003cvendor 0x0451 product 0x2046, class 9/0, rev 1.10/1.25, addr 2\u003e on uhub3\nuhub8: 4 ports with 4 removable, self powered\nums0: \u003cPIXART USB OPTICAL MOUSE, class 0/0, rev 1.10/1.00, addr 3\u003e on uhub8\nums0: 3 buttons and Z dir.\nukbd0: \u003cLogitech Logitech USB Keyboard, class 0/0, rev 1.10/28.00, addr 4\u003e on uhub8\nkbd2 at ukbd0\nuhub8: at uhub3 port 2 (addr 2) disconnected\nums0: at uhub8 port 3 (addr 3) disconnected\nums0: detached\nukbd0: at uhub8 port 4 (addr 4) disconnected\nukbd0: detached\nuhub8: detached\nuhub8: \u003cvendor 0x0451 product 0x2046, class 9/0, rev 1.10/1.25, addr 2\u003e on uhub3\nuhub8: 4 ports with 4 removable, self powered\nums0: \u003cPIXART USB OPTICAL MOUSE, class 0/0, rev 1.10/1.00, addr 3\u003e on uhub8\nums0: 3 buttons and Z dir.\nukbd0: \u003cLogitech Logitech USB Keyboard, class 0/0, rev 1.10/28.00, addr 4\u003e on uhub8\nkbd2 at ukbd0\nuhub8: at uhub3 port 2 (addr 2) disconnected\nums0: at uhub8 port 3 (addr 3) disconnected\nums0: detached\nukbd0: at uhub8 port 4 (addr 4) disconnected\nukbd0: detached\nuhub8: detached\nuhub8: \u003cvendor 0x0451 product 0x2046, class 9/0, rev 1.10/1.25, addr 2\u003e on uhub3\nuhub8: 4 ports with 4 removable, self powered\nuhub8: port 1 power on failed, STALLED\nuhub8: port 2 power on failed, STALLED\nuhub8: port 3 power on failed, STALLED\nuhub8: port 4 power on failed, STALLED\nuhub8: at uhub3 port 2 (addr 2) disconnected\nuhub8: detached\nuhub8: \u003cvendor 0x0451 product 0x2046, class 9/0, rev 1.10/1.25, addr 2\u003e on uhub3\nuhub8: 4 ports with 4 removable, self powered\nums0: \u003cPIXART USB OPTICAL MOUSE, class 0/0, rev 1.10/1.00, addr 3\u003e on uhub8\nums0: 3 buttons and Z dir.\nukbd0: \u003cLogitech Logitech USB Keyboard, class 0/0, rev 1.10/28.00, addr 4\u003e on uhub8\nkbd2 at ukbd0"
}