{
 "id": 608935,
 "bug_id": 156725,
 "attachment_id": 0,
 "creation_time": "2011-04-29T21:20:08Z",
 "creator": "lacombar@gmail.com",
 "text": "The problem happened twice in the following condition:\n - high frequency attach/detach of a USB adapter\n - failure to detach snd_uaudio(4)\n\nSymptoms is a complete loss of the USB stack. Already plugged devices\ncontinue to work, but trying to attach new devices fails\n\nDmesg:\n\nreal memory  = 4294967296 (4096 MB)\navail memory = 4088045568 (3898 MB)\nACPI APIC Table: \u003cDELL   PE_SC3  \u003e\nFreeBSD/SMP: Multiprocessor System Detected: 4 CPUs\nFreeBSD/SMP: 1 package(s) x 4 core(s)\n cpu0 (BSP): APIC ID:  0\n cpu1 (AP): APIC ID:  2\n cpu2 (AP): APIC ID:  4\n cpu3 (AP): APIC ID:  6\nioapic0 \u003cVersion 2.0\u003e irqs 0-23 on motherboard\nkbd1 at kbdmux0\nacpi0: \u003cDELL PE_SC3\u003e on motherboard\nacpi0: [ITHREAD]\nacpi0: Power Button (fixed)\nunknown: I/O range not supported\nTimecounter \"ACPI-fast\" frequency 3579545 Hz quality 1000\nacpi_timer0: \u003c24-bit timer at 3.579545MHz\u003e port 0x808-0x80b on acpi0\ncpu0: \u003cACPI CPU\u003e on acpi0\ncpu1: \u003cACPI CPU\u003e on acpi0\ncpu2: \u003cACPI CPU\u003e on acpi0\ncpu3: \u003cACPI CPU\u003e on acpi0\npcib0: \u003cACPI Host-PCI bridge\u003e port 0xcf8-0xcff on acpi0\npci0: \u003cACPI PCI bus\u003e on pcib0\npcib1: \u003cACPI PCI-PCI bridge\u003e at device 3.0 on pci0\npci1: \u003cACPI PCI bus\u003e on pcib1\nvgapci0: \u003cVGA-compatible display\u003e port 0xfc00-0xfcff mem 0xc0000000-0xcfffffff,0xdf9e0000-0xdf9effff irq 16 at device 0.0 on pci1\nvgapci1: \u003cVGA-compatible display\u003e mem 0xdf9f0000-0xdf9fffff at device 0.1 on pci1\npcib2: \u003cACPI PCI-PCI bridge\u003e at device 5.0 on pci0\npci2: \u003cACPI PCI bus\u003e on pcib2\npci0: \u003cbase peripheral\u003e at device 8.0 (no driver attached)\npci0: \u003cbase peripheral\u003e at device 8.1 (no driver attached)\npci0: \u003cbase peripheral\u003e at device 8.2 (no driver attached)\npci0: \u003cbase peripheral\u003e at device 8.3 (no driver attached)\npci0: \u003cbase peripheral\u003e at device 16.0 (no driver attached)\npci0: \u003cbase peripheral\u003e at device 16.1 (no driver attached)\nehci0: \u003cIntel PCH USB 2.0 controller USB-B\u003e mem 0xdf8fa000-0xdf8fa3ff irq 22 at device 26.0 on pci0\nehci0: [ITHREAD]\nusbus0: EHCI version 1.0\nusbus0: \u003cIntel PCH USB 2.0 controller USB-B\u003e on ehci0\npcib3: \u003cACPI PCI-PCI bridge\u003e at device 28.0 on pci0\npci3: \u003cACPI PCI bus\u003e on pcib3\npcib4: \u003cACPI PCI-PCI bridge\u003e at device 28.4 on pci0\npci4: \u003cACPI PCI bus\u003e on pcib4\nbge0: \u003cBroadcom NetXtreme Gigabit Ethernet Controller, ASIC rev. 0x00a200\u003e mem 0xdfaf0000-0xdfafffff irq 16 at device 0.0 on pci4\nbge0: CHIP ID 0x0000a200; ASIC REV 0x0a; CHIP REV 0xa2; PCI-E\nmiibus0: \u003cMII bus\u003e on bge0\nbrgphy0: \u003cBCM5722 10/100/1000baseTX PHY\u003e PHY 1 on miibus0\nbrgphy0:  10baseT, 10baseT-FDX, 100baseTX, 100baseTX-FDX, 1000baseT, 1000baseT-master, 1000baseT-FDX, 1000baseT-FDX-master, auto, auto-flow\nbge0: Ethernet address: 00:26:b9:7b:36:90\nbge0: [FILTER]\npcib5: \u003cACPI PCI-PCI bridge\u003e at device 28.5 on pci0\npci5: \u003cACPI PCI bus\u003e on pcib5\nehci1: \u003cIntel PCH USB 2.0 controller USB-A\u003e mem 0xdf8fc000-0xdf8fc3ff irq 22 at device 29.0 on pci0\nehci1: [ITHREAD]\nusbus1: EHCI version 1.0\nusbus1: \u003cIntel PCH USB 2.0 controller USB-A\u003e on ehci1\npcib6: \u003cACPI PCI-PCI bridge\u003e at device 30.0 on pci0\npci6: \u003cACPI PCI bus\u003e on pcib6\nisab0: \u003cPCI-ISA bridge\u003e at device 31.0 on pci0\nisa0: \u003cISA bus\u003e on isab0\natapci0: \u003cIntel 5 Series/3400 Series PCH SATA300 controller\u003e port 0xecd0-0xecd7,0xecc8-0xeccb,0xecd8-0xecdf,0xeccc-0xeccf,0xece0-0xecff mem 0xdf8fe000-0xdf8fe7ff irq 20 at device 31.2 on pci0\natapci0: [ITHREAD]\natapci0: AHCI called from vendor specific driver\natapci0: AHCI v1.30 controller with 6 3Gbps ports, PM supported\nata2: \u003cATA channel 0\u003e on atapci0\nata2: [ITHREAD]\nata3: \u003cATA channel 1\u003e on atapci0\nata3: [ITHREAD]\nata4: \u003cATA channel 2\u003e on atapci0\nata4: [ITHREAD]\nata5: \u003cATA channel 3\u003e on atapci0\nata5: [ITHREAD]\nata6: \u003cATA channel 4\u003e on atapci0\nata6: [ITHREAD]\nata7: \u003cATA channel 5\u003e on atapci0\nata7: [ITHREAD]\nacpi_hpet0: \u003cHigh Precision Event Timer\u003e iomem 0xfed00000-0xfed003ff on acpi0\nTimecounter \"HPET\" frequency 14318180 Hz quality 900\natrtc0: \u003cAT realtime clock\u003e port 0x70-0x7f irq 8 on acpi0\nuart0: \u003c16550 or compatible\u003e port 0x3f8-0x3ff irq 4 flags 0x10 on acpi0\nuart0: [FILTER]\nuart1: \u003c16550 or compatible\u003e port 0x2f8-0x2ff irq 3 on acpi0\nuart1: [FILTER]\norm0: \u003cISA Option ROMs\u003e at iomem 0xc0000-0xcefff,0xcf000-0xcffff,0xec000-0xeffff on isa0\natkbd: unable to set the command byte.\nsc0: \u003cSystem console\u003e at flags 0x100 on isa0\nsc0: VGA \u003c16 virtual consoles, flags=0x300\u003e\nvga0: \u003cGeneric ISA VGA\u003e at port 0x3c0-0x3df iomem 0xa0000-0xbffff on isa0\natkbdc0: \u003cKeyboard controller (i8042)\u003e at port 0x60,0x64 on isa0\natkbd0: \u003cAT Keyboard\u003e irq 1 on atkbdc0\nkbd0 at atkbd0\natkbd0: [GIANT-LOCKED]\natkbd0: [ITHREAD]\npsm0: unable to set the command byte.\nest0: \u003cEnhanced SpeedStep Frequency Control\u003e on cpu0\nest: CPU supports Enhanced Speedstep, but is not recognized.\nest: cpu_vendor GenuineIntel, msr 13\ndevice_attach: est0 attach returned 6\np4tcc0: \u003cCPU Frequency Thermal Control\u003e on cpu0\nest1: \u003cEnhanced SpeedStep Frequency Control\u003e on cpu1\nest: CPU supports Enhanced Speedstep, but is not recognized.\nest: cpu_vendor GenuineIntel, msr 13\ndevice_attach: est1 attach returned 6\np4tcc1: \u003cCPU Frequency Thermal Control\u003e on cpu1\nest2: \u003cEnhanced SpeedStep Frequency Control\u003e on cpu2\nest: CPU supports Enhanced Speedstep, but is not recognized.\nest: cpu_vendor GenuineIntel, msr 13\ndevice_attach: est2 attach returned 6\np4tcc2: \u003cCPU Frequency Thermal Control\u003e on cpu2\nest3: \u003cEnhanced SpeedStep Frequency Control\u003e on cpu3\nest: CPU supports Enhanced Speedstep, but is not recognized.\nest: cpu_vendor GenuineIntel, msr 13\ndevice_attach: est3 attach returned 6\np4tcc3: \u003cCPU Frequency Thermal Control\u003e on cpu3\nTimecounters tick every 1.000 msec\nusbus0: 480Mbps High Speed USB v2.0\nusbus1: 480Mbps High Speed USB v2.0\nad4: 238418MB \u003cWDC WD2502ABYS-18B7A0 02.03B04\u003e at ata2-master UDMA100 SATA 3Gb/s\nugen0.1: \u003cIntel\u003e at usbus0\nuhub0: \u003cIntel EHCI root HUB, class 9/0, rev 2.00/1.00, addr 1\u003e on usbus0\nugen1.1: \u003cIntel\u003e at usbus1\nuhub1: \u003cIntel EHCI root HUB, class 9/0, rev 2.00/1.00, addr 1\u003e on usbus1\nad6: 152627MB \u003cWDC WD1600AAJS-00L7A0 01.03E01\u003e at ata3-master UDMA100 SATA 3Gb/s\nacd0: DVDROM \u003cHL-DT-ST DVD-ROM DH20N/A102\u003e at ata6-master UDMA100 SATA 1.5Gb/s\nSMP: AP CPU #2 Launched!\nSMP: AP CPU #1 Launched!\nSMP: AP CPU #3 Launched!\nRoot mount waiting for: usbus1 usbus0\nuhub0: 2 ports with 2 removable, self powered\nuhub1: 2 ports with 2 removable, self powered\nugen0.2: \u003cvendor 0x8087\u003e at usbus0ugen1.2: \u003cvendor 0x8087\u003e at usbus1\n\nuhub2: \u003cvendor 0x8087 product 0x0020, class 9/0, rev 2.00/0.00, addr 2\u003e on usbus0\nuhub3: \u003cvendor 0x8087 product 0x0020, class 9/0, rev 2.00/0.00, addr 2\u003e on usbus1\nRoot mount waiting for: usbus1 usbus0\nuhub2: 6 ports with 6 removable, self powered\nuhub3: 8 ports with 8 removable, self powered\nugen1.3: \u003cvendor 0x1a40\u003e at usbus1\nuhub4: \u003cvendor 0x1a40 USB 2.0 Hub [MTT], class 9/0, rev 2.00/1.00, addr 3\u003e on usbus1\nRoot mount waiting for: usbus1\nuhub4: 7 ports with 7 removable, self powered\nRoot mount waiting for: usbus1\nugen1.4: \u003cProlific Technology Inc.\u003e at usbus1\nuplcom0: \u003cProlific Technology Inc. USB-Serial Controller, class 0/0, rev 1.10/3.00, addr 4\u003e on usbus1\nRoot mount waiting for: usbus1\nugen1.5: \u003cProlific Technology Inc.\u003e at usbus1\nuplcom1: \u003cProlific Technology Inc. USB-Serial Controller, class 0/0, rev 1.10/3.00, addr 5\u003e on usbus1\nugen1.6: \u003cDell\u003e at usbus1\nums0: \u003cDell Dell USB Optical Mouse, class 0/0, rev 2.00/43.01, addr 6\u003e on usbus1\nums0: 3 buttons and [XYZ] coordinates ID=0\nRoot mount waiting for: usbus1\nugen1.7: \u003cvendor 0x099a\u003e at usbus1\nukbd0: \u003cvendor 0x099a USB Multimedia Keyboard, class 0/0, rev 1.10/0.01, addr 7\u003e on usbus1\nkbd2 at ukbd0\nums1: \u003cvendor 0x099a USB Multimedia Keyboard, class 0/0, rev 1.10/0.01, addr 7\u003e on usbus1\nugen1.8: \u003cLogitech\u003e at usbus1\nRoot mount waiting for: usbus1\nuhid0: \u003cLogitech Logitech USB Headset, class 0/0, rev 1.10/10.13, addr 8\u003e on usbus1\nTrying to mount root from ufs:/dev/ad4s1a\nbge0: link state changed to UP\ndrm0: \u003cATI Radeon X1300/X1550\u003e on vgapci0\n\nFix: \n\nACPI-shutdown the machine. ie. the USB stack recovers during the shutdown\nprocess; plugged devices are attached, but at this point, it becomes too\nlate to stop the shutdown process.\nHow-To-Repeat: happens randomly from a user point of view."
}