{
 "id": 648406,
 "bug_id": 164569,
 "attachment_id": 0,
 "creation_time": "2013-02-12T15:07:19Z",
 "creator": "freebsd@sgt.com",
 "text": "same msk driver hang, FreeBSD 9.1-RELEASE #6 r246623 amd64 running on Mac Mini.\nOf 7 Mac Minis, this is the only one with msk hardware (all others use nfe).  Only this msk fails.\nUnable to reliably reproduce.  Here's the pciconf and dmesg you asked for in bug #164569\n\n# =========================== message log entries =====================\nFeb 11 20:15:08 macmini6 kernel: msk0: watchdog timeout\nFeb 11 20:15:09 macmini6 kernel: msk0: prefetch unit stuck?\nFeb 11 20:15:09 macmini6 kernel: msk0: initialization failed: no memory for Rx buffers\nFeb 11 20:19:58 macmini6 kernel: newnfs server 192.168.1.207:/usr/src: not responding\nFeb 11 20:27:26 macmini6 ntpd[1321]: sendto(208.53.158.34) (fd=21): Network is down\nFeb 11 20:27:32 macmini6 ntpd[1321]: sendto(192.168.1.201) (fd=21): Network is down\nFeb 11 20:28:06 macmini6 ntpd[1321]: sendto(208.87.104.40) (fd=21): Network is down\nFeb 11 20:28:16 macmini6 ntpd[1321]: sendto(63.251.89.141) (fd=21): Network is down\nFeb 11 20:28:51 macmini6 ntpd[1321]: sendto(192.168.1.1) (fd=21): Network is down\nFeb 11 20:28:53 macmini6 ntpd[1321]: sendto(192.168.1.202) (fd=21): Network is down\nFeb 11 20:29:55 macmini6 ntpd[1321]: sendto(192.168.1.245) (fd=21): Network is down\n...  \n\n# =========================== dmesg ===================================\n# dmesg\nCopyright (c) 1992-2012 The FreeBSD Project.\nCopyright (c) 1979, 1980, 1983, 1986, 1988, 1989, 1991, 1992, 1993, 1994\n\tThe Regents of the University of California. All rights reserved.\nFreeBSD is a registered trademark of The FreeBSD Foundation.\nFreeBSD 9.1-RELEASE #6 r246623: Sun Feb 10 11:54:12 EST 2013\n    devnull@macmini6.example.com:/usr/obj/usr/src/sys/FBSD91AMD64NODEBUG amd64\nCPU: Intel(R) Core(TM)2 CPU         T7200  @ 2.00GHz (2000.01-MHz K8-class CPU)\n  Origin = \"GenuineIntel\"  Id = 0x6f6  Family = 6  Model = f  Stepping = 6\n  Features=0xbfebfbff\u003cFPU,VME,DE,PSE,TSC,MSR,PAE,MCE,CX8,APIC,SEP,MTRR,PGE,MCA,CMOV,PAT,PSE36,CLFLUSH,DTS,ACPI,MMX,FXSR,SSE,SSE2,SS,HTT,TM,PBE\u003e\n  Features2=0xe3bd\u003cSSE3,DTES64,MON,DS_CPL,VMX,EST,TM2,SSSE3,CX16,xTPR,PDCM\u003e\n  AMD Features=0x20100800\u003cSYSCALL,NX,LM\u003e\n  AMD Features2=0x1\u003cLAHF\u003e\n  TSC: P-state invariant, performance statistics\nreal memory  = 2147483648 (2048 MB)\navail memory = 2014515200 (1921 MB)\nEvent timer \"LAPIC\" quality 400\nACPI APIC Table: \u003cAPPLE  Apple00\u003e\nFreeBSD/SMP: Multiprocessor System Detected: 2 CPUs\nFreeBSD/SMP: 1 package(s) x 2 core(s)\n cpu0 (BSP): APIC ID:  0\n cpu1 (AP): APIC ID:  1\nioapic0: Changing APIC ID to 1\nioapic0 \u003cVersion 2.0\u003e irqs 0-23 on motherboard\nkbd0 at kbdmux0\nctl: CAM Target Layer loaded\nacpi0: \u003cAPPLE Apple00\u003e on motherboard\nacpi_ec0: \u003cEmbedded Controller: GPE 0x17, ECDT\u003e port 0x62,0x66 on acpi0\nacpi0: Power Button (fixed)\nhpet0: \u003cHigh Precision Event Timer\u003e iomem 0xfed00000-0xfed003ff irq 0,8 on acpi0\nTimecounter \"HPET\" frequency 14318180 Hz quality 950\nEvent timer \"HPET\" frequency 14318180 Hz quality 450\nEvent timer \"HPET1\" frequency 14318180 Hz quality 440\nEvent timer \"HPET2\" frequency 14318180 Hz quality 440\ncpu0: \u003cACPI CPU\u003e on acpi0\ncpu1: \u003cACPI CPU\u003e on acpi0\natrtc0: \u003cAT realtime clock\u003e port 0x70-0x77 on acpi0\natrtc0: Warning: Couldn't map I/O.\nEvent timer \"RTC\" frequency 32768 Hz quality 0\nattimer0: \u003cAT timer\u003e port 0x40-0x43,0x50-0x53 on acpi0\nTimecounter \"i8254\" frequency 1193182 Hz quality 0\nEvent timer \"i8254\" frequency 1193182 Hz quality 100\nTimecounter \"ACPI-fast\" frequency 3579545 Hz quality 900\nacpi_timer0: \u003c24-bit timer at 3.579545MHz\u003e port 0x408-0x40b on acpi0\nacpi_button0: \u003cPower Button\u003e on acpi0\npcib0: \u003cACPI Host-PCI bridge\u003e port 0xcf8-0xcff on acpi0\npci0: \u003cACPI PCI bus\u003e on pcib0\nvgapci0: \u003cVGA-compatible display\u003e port 0x20f0-0x20f7 mem 0x90380000-0x903fffff,0x80000000-0x8fffffff,0x90400000-0x9043ffff irq 16 at device 2.0 on pci0\nagp0: \u003cIntel 82945GM (945GM GMCH) SVGA controller\u003e on vgapci0\nagp0: aperture size is 256M, detected 16124k stolen memory\npci0: \u003cdasp\u003e at device 7.0 (no driver attached)\nhdac0: \u003cIntel 82801G HDA Controller\u003e mem 0x90440000-0x90443fff irq 22 at device 27.0 on pci0\npcib1: \u003cACPI PCI-PCI bridge\u003e irq 17 at device 28.0 on pci0\npcib1: failed to allocate initial I/O port window: 0x1000-0x1fff\npci1: \u003cACPI PCI bus\u003e on pcib1\nmskc0: \u003cMarvell Yukon 88E8053 Gigabit Ethernet\u003e mem 0x90200000-0x90203fff irq 16 at device 0.0 on pci1\nmsk0: \u003cMarvell Technology Group Ltd. Yukon EC Id 0xb6 Rev 0x02\u003e on mskc0\nmsk0: Ethernet address: 00:16:cb:b0:a6:33\nmiibus0: \u003cMII bus\u003e on msk0\ne1000phy0: \u003cMarvell 88E1111 Gigabit PHY\u003e PHY 0 on miibus0\ne1000phy0:  none, 10baseT, 10baseT-FDX, 100baseTX, 100baseTX-FDX, 1000baseT, 1000baseT-master, 1000baseT-FDX, 1000baseT-FDX-master, auto, auto-flow\npcib2: \u003cACPI PCI-PCI bridge\u003e irq 16 at device 28.1 on pci0\npci2: \u003cACPI PCI bus\u003e on pcib2\nath0: \u003cAtheros 5424/2424\u003e mem 0x90100000-0x9010ffff irq 17 at device 0.0 on pci2\nath0: AR5413 mac 10.3 RF5424 phy 6.1\nuhci0: \u003cIntel 82801G (ICH7) USB controller USB-A\u003e port 0x20a0-0x20bf irq 21 at device 29.0 on pci0\nusbus0 on uhci0\nuhci1: \u003cIntel 82801G (ICH7) USB controller USB-B\u003e port 0x2080-0x209f irq 19 at device 29.1 on pci0\nusbus1 on uhci1\nuhci2: \u003cIntel 82801G (ICH7) USB controller USB-C\u003e port 0x2060-0x207f irq 18 at device 29.2 on pci0\nusbus2 on uhci2\nuhci3: \u003cIntel 82801G (ICH7) USB controller USB-D\u003e port 0x2040-0x205f irq 16 at device 29.3 on pci0\nusbus3 on uhci3\nehci0: \u003cIntel 82801GB/R (ICH7) USB 2.0 controller\u003e mem 0x90445400-0x904457ff irq 21 at device 29.7 on pci0\nusbus4: EHCI version 1.0\nusbus4 on ehci0\npcib3: \u003cACPI PCI-PCI bridge\u003e at device 30.0 on pci0\npcib3: failed to allocate initial memory window: 0x90000000-0x900fffff\npci3: \u003cACPI PCI bus\u003e on pcib3\nfwohci0: \u003cLucent FW322/323\u003e irq 19 at device 3.0 on pci3\nfwohci0: OHCI version 1.0 (ROM=0)\nfwohci0: No. of Isochronous channels is 8.\nfwohci0: EUI64 00:1f:f3:ff:fe:7c:5d:ac\nfwohci0: Phy 1394a available S400, 3 ports.\nfwohci0: Link S400, max_rec 2048 bytes.\nfirewire0: \u003cIEEE1394(FireWire) bus\u003e on fwohci0\nfwe0: \u003cEthernet over FireWire\u003e on firewire0\nif_fwe0: Fake Ethernet address: 02:1f:f3:7c:5d:ac\nfwe0: Ethernet address: 02:1f:f3:7c:5d:ac\nfwip0: \u003cIP over FireWire\u003e on firewire0\nfwip0: Firewire address: 00:1f:f3:ff:fe:7c:5d:ac @ 0xfffe00000000, S400, maxrec 2048\ndcons_crom0: \u003cdcons configuration ROM\u003e on firewire0\ndcons_crom0: bus_addr 0x7a51c000\nfwohci0: Initiate bus reset\nfwohci0: fwohci_intr_core: BUS reset\nfwohci0: fwohci_intr_core: node_id=0x00000000, SelfID Count=2, CYCLEMASTER mode\nisab0: \u003cPCI-ISA bridge\u003e at device 31.0 on pci0\nisa0: \u003cISA bus\u003e on isab0\natapci0: \u003cIntel ICH7 UDMA100 controller\u003e port 0x1f0-0x1f7,0x3f6,0x170-0x177,0x376,0x20c0-0x20cf irq 18 at device 31.1 on pci0\nata0: \u003cATA channel\u003e at channel 0 on atapci0\natapci1: \u003cIntel ICH7M SATA150 controller\u003e port 0x20d8-0x20df,0x20fc-0x20ff,0x20d0-0x20d7,0x20f8-0x20fb,0x2020-0x202f mem 0x90445000-0x904453ff irq 19 at device 31.2 on pci0\nata2: \u003cATA channel\u003e at channel 0 on atapci1\nata3: \u003cATA channel\u003e at channel 1 on atapci1\npci0: \u003cserial bus, SMBus\u003e at device 31.3 (no driver attached)\nsc0: \u003cSystem console\u003e at flags 0x100 on isa0\nsc0: VGA \u003c16 virtual consoles, flags=0x300\u003e\nvga0: \u003cGeneric ISA VGA\u003e at port 0x3c0-0x3df iomem 0xa0000-0xbffff on isa0\nppc0: cannot reserve I/O port range\nest0: \u003cEnhanced SpeedStep Frequency Control\u003e on cpu0\np4tcc0: \u003cCPU Frequency Thermal Control\u003e on cpu0\nest1: \u003cEnhanced SpeedStep Frequency Control\u003e on cpu1\np4tcc1: \u003cCPU Frequency Thermal Control\u003e on cpu1\nTimecounters tick every 1.000 msec\nfirewire0: 1 nodes, maxhop \u003c= 0 cable IRM irm(0)  (me) \nfirewire0: bus manager 0 \nhdacc0: \u003cSigmatel STAC9221 HDA CODEC\u003e at cad 0 on hdac0\nhdaa0: \u003cSigmatel STAC9221 Audio Function Group\u003e at nid 1 on hdacc0\npcm0: \u003cSigmatel STAC9221 (Digital 6ch/4ch)\u003e at nid 12,10,16 and 15,17 on hdaa0\nusbus0: 12Mbps Full Speed USB v1.0\nusbus1: 12Mbps Full Speed USB v1.0\nusbus2: 12Mbps Full Speed USB v1.0\nusbus3: 12Mbps Full Speed USB v1.0\nusbus4: 480Mbps High Speed USB v2.0\nugen0.1: \u003cIntel\u003e at usbus0\nuhub0: \u003cIntel UHCI root HUB, class 9/0, rev 1.00/1.00, addr 1\u003e on usbus0\nugen1.1: \u003cIntel\u003e at usbus1\nuhub1: \u003cIntel UHCI root HUB, class 9/0, rev 1.00/1.00, addr 1\u003e on usbus1\nugen2.1: \u003cIntel\u003e at usbus2\nuhub2: \u003cIntel UHCI root HUB, class 9/0, rev 1.00/1.00, addr 1\u003e on usbus2\nugen3.1: \u003cIntel\u003e at usbus3\nuhub3: \u003cIntel UHCI root HUB, class 9/0, rev 1.00/1.00, addr 1\u003e on usbus3\nugen4.1: \u003cIntel\u003e at usbus4\nuhub4: \u003cIntel EHCI root HUB, class 9/0, rev 2.00/1.00, addr 1\u003e on usbus4\nuhub0: 2 ports with 2 removable, self powered\nuhub1: 2 ports with 2 removable, self powered\nuhub2: 2 ports with 2 removable, self powered\nuhub3: 2 ports with 2 removable, self powered\nada0 at ata2 bus 0 scbus1 target 1 lun 0\nada0: \u003cHitachi HTS542516K9SA00 BBCAC3GP\u003e ATA-8 SATA 1.x device\nada0: 150.000MB/s transfers (SATA 1.x, UDMA5, PIO 8192bytes)\nada0: 152627MB (312581808 512 byte sectors: 16H 63S/T 16383C)\nada0: Previously was known as ad5\nSMP: AP CPU #1 Launched!\nTimecounter \"TSC-low\" frequency 15625103 Hz quality 1000\ncd0 at ata0 bus 0 scbus0 target 0 lun 0\ncd0: \u003cPIONEER DVD-RW  DVR-K06 Q617\u003e Removable CD-ROM SCSI-0 device \ncd0: 33.300MB/s transfers (UDMA2, ATAPI 12bytes, PIO 65534bytes)\ncd0: Attempt to query device size failed: NOT READY, Medium not present\nRoot mount waiting for: usbus4\nRoot mount waiting for: usbus4\nuhub4: 8 ports with 8 removable, self powered\nRoot mount waiting for: usbus4\nugen4.2: \u003cvendor 0x058f\u003e at usbus4\numass0: \u003cvendor 0x058f product 0x6387, class 0/0, rev 2.00/1.07, addr 2\u003e on usbus4\numass0:  SCSI over Bulk-Only; quirks = 0x4101\numass0:4:0:-1: Attached to scbus4\nda0 at umass-sim0 bus 0 scbus4 target 0 lun 0\nda0: \u003cCENTON CENTON USB 8.07\u003e Removable Direct Access SCSI-4 device \nda0: 40.000MB/s transfers\nda0: 930MB (1904640 512 byte sectors: 64H 32S/T 930C)\nugen4.3: \u003cApple, Inc.\u003e at usbus4\nuhub5: \u003cApple, Inc. Keyboard Hub, class 9/0, rev 2.00/94.15, addr 3\u003e on usbus4\nRoot mount waiting for: usbus4\nuhub5: 3 ports with 2 removable, bus powered\nugen4.4: \u003cPrimax Electronics\u003e at usbus4\nums0: \u003cPrimax Electronics Apple Optical USB Mouse, class 0/0, rev 1.10/1.10, addr 4\u003e on usbus4\nums0: 4 buttons and [XYZW] coordinates ID=0\nRoot mount waiting for: usbus4\nugen4.5: \u003cApple, Inc\u003e at usbus4\nukbd0: \u003cApple, Inc Apple Keyboard, class 0/0, rev 2.00/0.69, addr 5\u003e on usbus4\nkbd1 at ukbd0\nuhid0: \u003cApple, Inc Apple Keyboard, class 0/0, rev 2.00/0.69, addr 5\u003e on usbus4\nRoot mount waiting for: usbus4\nTrying to mount root from ufs:/dev/ada0p3 [rw]...\nugen3.2: \u003cvendor 0x05ac\u003e at usbus3\nukbd1: \u003cvendor 0x05ac product 0x1000, class 0/0, rev 2.00/19.65, addr 2\u003e on usbus3\nkbd2 at ukbd1\nums1: \u003cvendor 0x05ac product 0x1000, class 0/0, rev 2.00/19.65, addr 2\u003e on usbus3\nums1: 5 buttons and [XY] coordinates ID=0\nugen3.3: \u003cApple Computer, Inc.\u003e at usbus3\nuhid1: \u003cApple Computer, Inc. IR Receiver, class 0/0, rev 2.00/1.10, addr 3\u003e on usbus3\n\n# =========================== pciconf ===================================\n#  pciconf -lcbv\nhostb0@pci0:0:0:0:\tclass=0x060000 card=0x72708086 chip=0x27a08086 rev=0x03 hdr=0x00\n    vendor     = 'Intel Corporation'\n    device     = 'Mobile 945GM/PM/GMS, 943/940GML and 945GT Express Memory Controller Hub'\n    class      = bridge\n    subclass   = HOST-PCI\n    cap 09[e0] = vendor (length 9) Intel cap 5 version 1\nvgapci0@pci0:0:2:0:\tclass=0x030000 card=0x72708086 chip=0x27a28086 rev=0x03 hdr=0x00\n    vendor     = 'Intel Corporation'\n    device     = 'Mobile 945GM/GMS, 943/940GML Express Integrated Graphics Controller'\n    class      = display\n    subclass   = VGA\n    bar   [10] = type Memory, range 32, base 0x90380000, size 524288, enabled\n    bar   [14] = type I/O Port, range 32, base 0x20f0, size  8, enabled\n    bar   [18] = type Prefetchable Memory, range 32, base 0x80000000, size 268435456, enabled\n    bar   [1c] = type Memory, range 32, base 0x90400000, size 262144, enabled\n    cap 05[90] = MSI supports 1 message \n    cap 01[d0] = powerspec 2  supports D0 D3  current D0\nnone0@pci0:0:7:0:\tclass=0x110100 card=0x00000000 chip=0x27a38086 rev=0x03 hdr=0x00\n    vendor     = 'Intel Corporation'\n    class      = dasp\n    bar   [10] = type Memory, range 32, base 0x90444000, size 4096, enabled\n    cap 01[dc] = powerspec 2  supports D0 D3  current D0\nhdac0@pci0:0:27:0:\tclass=0x040300 card=0x76808384 chip=0x27d88086 rev=0x02 hdr=0x00\n    vendor     = 'Intel Corporation'\n    device     = 'N10/ICH 7 Family High Definition Audio Controller'\n    class      = multimedia\n    subclass   = HDA\n    bar   [10] = type Memory, range 64, base 0x90440000, size 16384, enabled\n    cap 01[50] = powerspec 2  supports D0 D3  current D0\n    cap 05[60] = MSI supports 1 message, 64 bit enabled with 1 message\n    cap 10[70] = PCI-Express 1 root endpoint max data 128(128) link x0(x0)\necap 0002[100] = VC 1 max VC1\necap 0005[130] = unknown 1\npcib1@pci0:0:28:0:\tclass=0x060400 card=0x00000000 chip=0x27d08086 rev=0x02 hdr=0x01\n    vendor     = 'Intel Corporation'\n    device     = 'N10/ICH 7 Family PCI Express Port 1'\n    class      = bridge\n    subclass   = PCI-PCI\n    cap 10[40] = PCI-Express 1 root port max data 128(128) link x1(x1)\n    cap 05[80] = MSI supports 1 message \n    cap 0d[90] = PCI Bridge card=0x00000000\n    cap 01[a0] = powerspec 2  supports D0 D3  current D0\necap 0002[100] = VC 1 max VC1\necap 0005[180] = unknown 1\npcib2@pci0:0:28:1:\tclass=0x060400 card=0x00000000 chip=0x27d28086 rev=0x02 hdr=0x01\n    vendor     = 'Intel Corporation'\n    device     = 'N10/ICH 7 Family PCI Express Port 2'\n    class      = bridge\n    subclass   = PCI-PCI\n    cap 10[40] = PCI-Express 1 root port max data 128(128) link x1(x1)\n    cap 05[80] = MSI supports 1 message \n    cap 0d[90] = PCI Bridge card=0x00000000\n    cap 01[a0] = powerspec 2  supports D0 D3  current D0\necap 0002[100] = VC 1 max VC1\necap 0005[180] = unknown 1\nuhci0@pci0:0:29:0:\tclass=0x0c0300 card=0x72708086 chip=0x27c88086 rev=0x02 hdr=0x00\n    vendor     = 'Intel Corporation'\n    device     = 'N10/ICH 7 Family USB UHCI Controller'\n    class      = serial bus\n    subclass   = USB\n    bar   [20] = type I/O Port, range 32, base 0x20a0, size 32, enabled\nuhci1@pci0:0:29:1:\tclass=0x0c0300 card=0x72708086 chip=0x27c98086 rev=0x02 hdr=0x00\n    vendor     = 'Intel Corporation'\n    device     = 'N10/ICH 7 Family USB UHCI Controller'\n    class      = serial bus\n    subclass   = USB\n    bar   [20] = type I/O Port, range 32, base 0x2080, size 32, enabled\nuhci2@pci0:0:29:2:\tclass=0x0c0300 card=0x72708086 chip=0x27ca8086 rev=0x02 hdr=0x00\n    vendor     = 'Intel Corporation'\n    device     = 'N10/ICH 7 Family USB UHCI Controller'\n    class      = serial bus\n    subclass   = USB\n    bar   [20] = type I/O Port, range 32, base 0x2060, size 32, enabled\nuhci3@pci0:0:29:3:\tclass=0x0c0300 card=0x72708086 chip=0x27cb8086 rev=0x02 hdr=0x00\n    vendor     = 'Intel Corporation'\n    device     = 'N10/ICH 7 Family USB UHCI Controller'\n    class      = serial bus\n    subclass   = USB\n    bar   [20] = type I/O Port, range 32, base 0x2040, size 32, enabled\nehci0@pci0:0:29:7:\tclass=0x0c0320 card=0x72708086 chip=0x27cc8086 rev=0x02 hdr=0x00\n    vendor     = 'Intel Corporation'\n    device     = 'N10/ICH 7 Family USB2 EHCI Controller'\n    class      = serial bus\n    subclass   = USB\n    bar   [10] = type Memory, range 32, base 0x90445400, size 1024, enabled\n    cap 01[50] = powerspec 2  supports D0 D3  current D0\n    cap 0a[58] = EHCI Debug Port at offset 0xa0 in map 0x14\npcib3@pci0:0:30:0:\tclass=0x060401 card=0x00000000 chip=0x24488086 rev=0xe2 hdr=0x01\n    vendor     = 'Intel Corporation'\n    device     = '82801 Mobile PCI Bridge'\n    class      = bridge\n    subclass   = PCI-PCI\n    cap 0d[50] = PCI Bridge card=0x00000000\nisab0@pci0:0:31:0:\tclass=0x060100 card=0x72708086 chip=0x27b98086 rev=0x02 hdr=0x00\n    vendor     = 'Intel Corporation'\n    device     = '82801GBM (ICH7-M) LPC Interface Bridge'\n    class      = bridge\n    subclass   = PCI-ISA\n    cap 09[e0] = vendor (length 12) Intel cap 1 version 0\n\t\t features: Quick Resume, SATA RAID-5, Mobile, 6 PCI-e x1 slots, SATA RAID-0/1/10\natapci0@pci0:0:31:1:\tclass=0x01018a card=0x72708086 chip=0x27df8086 rev=0x02 hdr=0x00\n    vendor     = 'Intel Corporation'\n    device     = '82801G (ICH7 Family) IDE Controller'\n    class      = mass storage\n    subclass   = ATA\n    bar   [20] = type I/O Port, range 32, base 0x20c0, size 16, enabled\natapci1@pci0:0:31:2:\tclass=0x01018f card=0x72708086 chip=0x27c48086 rev=0x02 hdr=0x00\n    vendor     = 'Intel Corporation'\n    device     = '82801GBM/GHM (ICH7 Family) SATA IDE Controller'\n    class      = mass storage\n    subclass   = ATA\n    bar   [10] = type I/O Port, range 32, base 0x20d8, size  8, enabled\n    bar   [14] = type I/O Port, range 32, base 0x20fc, size  4, enabled\n    bar   [18] = type I/O Port, range 32, base 0x20d0, size  8, enabled\n    bar   [1c] = type I/O Port, range 32, base 0x20f8, size  4, enabled\n    bar   [20] = type I/O Port, range 32, base 0x2020, size 16, enabled\n    bar   [24] = type Memory, range 32, base 0x90445000, size 1024, enabled\n    cap 01[70] = powerspec 2  supports D0 D3  current D0\nnone1@pci0:0:31:3:\tclass=0x0c0500 card=0x72708086 chip=0x27da8086 rev=0x02 hdr=0x00\n    vendor     = 'Intel Corporation'\n    device     = 'N10/ICH 7 Family SMBus Controller'\n    class      = serial bus\n    subclass   = SMBus\n    bar   [20] = type I/O Port, range 32, base 0xefa0, size 32, enabled\nmskc0@pci0:1:0:0:\tclass=0x020000 card=0x532111ab chip=0x436211ab rev=0x22 hdr=0x00\n    vendor     = 'Marvell Technology Group Ltd.'\n    device     = '88E8053 PCI-E Gigabit Ethernet Controller'\n    class      = network\n    subclass   = ethernet\n    bar   [10] = type Memory, range 64, base 0x90200000, size 16384, enabled\n    bar   [18] = type I/O Port, range 32, base 0x1000, size 256, enabled\n    cap 01[48] = powerspec 2  supports D0 D1 D2 D3  current D0\n    cap 03[50] = VPD\n    cap 05[5c] = MSI supports 2 messages, 64 bit enabled with 1 message\n    cap 10[e0] = PCI-Express 1 legacy endpoint max data 128(128) link x1(x1)\necap 0001[100] = AER 1 0 fatal 0 non-fatal 1 corrected\nath0@pci0:2:0:0:\tclass=0x020000 card=0x0086106b chip=0x001c168c rev=0x01 hdr=0x00\n    vendor     = 'Atheros Communications Inc.'\n    device     = 'AR242x / AR542x Wireless Network Adapter (PCI-Express)'\n    class      = network\n    subclass   = ethernet\n    bar   [10] = type Memory, range 64, base 0x90100000, size 65536, enabled\n    cap 01[40] = powerspec 2  supports D0 D3  current D0\n    cap 05[50] = MSI supports 1 message \n    cap 10[60] = PCI-Express 1 legacy endpoint max data 128(128) link x1(x1)\n    cap 11[90] = MSI-X supports 1 message in map 0x10\necap 0001[100] = AER 1 0 fatal 1 non-fatal 0 corrected\necap 0002[140] = VC 1 max VC0\nfwohci0@pci0:3:3:0:\tclass=0x0c0010 card=0x581111c1 chip=0x581111c1 rev=0x61 hdr=0x00\n    vendor     = 'Agere Systems'\n    device     = 'FW322/323'\n    class      = serial bus\n    subclass   = FireWire\n    bar   [10] = type Memory, range 32, base 0x90001000, size 4096, enabled\n    cap 01[44] = powerspec 2  supports D0 D1 D2 D3  current D0"
}