{
 "id": 592111,
 "bug_id": 153303,
 "attachment_id": 0,
 "creation_time": "2010-12-20T09:20:09Z",
 "creator": "root@qw3rty.org",
 "text": "after boot system cant detect a logical driver amrd0. i try to boot freebsd_6_3 and it detect driver properly.\n----------- dmesg --------------\nCopyright (c) 1992-2009 The FreeBSD Project.\nCopyright (c) 1979, 1980, 1983, 1986, 1988, 1989, 1991, 1992, 1993, 1994\n        The Regents of the University of California. All rights reserved.\nFreeBSD is a registered trademark of The FreeBSD Foundation.\nFreeBSD 8.0-RELEASE #0: Thu Jan  7 11:59:02 UTC 2010\n    root@frenzy.home.local:/buildscripts/frenzybuild/build/buildscripts/frenzybuild/src/sys/FRENZY\nTimecounter \"i8254\" frequency 1193182 Hz quality 0\nCPU: Intel(R) Xeon(TM) CPU 2.40GHz (2392.05-MHz 686-class CPU)\n  Origin = \"GenuineIntel\"  Id = 0xf27  Stepping = 7\n  Features=0xbfebfbff\u003cFPU,VME,DE,PSE,TSC,MSR,PAE,MCE,CX8,APIC,SEP,MTRR,PGE,MCA,CMOV,PAT,PSE36,CLFLUSH,DTS,ACPI,MMX,FXSR,SSE,SSE2,SS,HTT,TM,PBE\u003e\n  Features2=0x4400\u003cCNXT-ID,xTPR\u003e\nreal memory  = 1073741824 (1024 MB)\navail memory = 1018568704 (971 MB)\nACPI APIC Table: \u003cPTLTD          APIC  \u003e\nFreeBSD/SMP: Multiprocessor System Detected: 4 CPUs\nFreeBSD/SMP: 2 package(s) x 1 core(s) x 2 HTT threads\n cpu0 (BSP): APIC ID:  0\n cpu1 (AP/HT): APIC ID:  1\n cpu2 (AP): APIC ID:  6\n cpu3 (AP/HT): APIC ID:  7\nioapic0 \u003cVersion 2.0\u003e irqs 0-23 on motherboard\nioapic1 \u003cVersion 2.0\u003e irqs 24-47 on motherboard\nioapic2 \u003cVersion 2.0\u003e irqs 48-71 on motherboard\nwlan: mac acl policy registered\nkbd1 at kbdmux0\nnetsmb_dev: loaded\nichwd module loaded\niscsi: version 2.1.0\ncryptosoft0: \u003csoftware crypto\u003e on motherboard\nacpi0: \u003cPTLTD   RSDT\u003e on motherboard\nacpi0: [ITHREAD]\nacpi0: Power Button (fixed)\nTimecounter \"ACPI-fast\" frequency 3579545 Hz quality 1000\nacpi_timer0: \u003c24-bit timer at 3.579545MHz\u003e port 0x1008-0x100b on acpi0\npcib0: \u003cACPI Host-PCI bridge\u003e port 0xcf8-0xcff on acpi0\npci0: \u003cACPI PCI bus\u003e on pcib0\npci0: \u003cunknown\u003e at device 0.1 (no driver attached)\npcib1: \u003cACPI PCI-PCI bridge\u003e at device 2.0 on pci0\npci1: \u003cACPI PCI bus\u003e on pcib1\npcib2: \u003cACPI PCI-PCI bridge\u003e at device 29.0 on pci1\npci2: \u003cACPI PCI bus\u003e on pcib2\npcib3: \u003cACPI PCI-PCI bridge\u003e at device 31.0 on pci1\npci3: \u003cACPI PCI bus\u003e on pcib3\npcib4: \u003cPCI-PCI bridge\u003e at device 1.0 on pci3\npci4: \u003cPCI bus\u003e on pcib4\namr0: \u003cLSILogic MegaRAID 1.53\u003e mem 0xfe200000-0xfe20ffff,0xfc200000-0xfc27ffff irq 48 at device 0.0 on pci4\namr0: [ITHREAD]\namrp0: \u003cSCSI Passthrough Bus\u003e on amr0\namr0: \u003cLSILogic Intel(R) RAID Controller SRCU42X\u003e Firmware 414C, BIOS H429, 128MB RAM\npci0: \u003cunknown\u003e at device 2.1 (no driver attached)\nuhci0: \u003cIntel 82801CA/CAM (ICH3) USB controller USB-A\u003e port 0x6c00-0x6c1f irq 16 at device 29.0 on pci0\nuhci0: [ITHREAD]\nuhci0: LegSup = 0x003b\nusbus0: \u003cIntel 82801CA/CAM (ICH3) USB controller USB-A\u003e on uhci0\nuhci1: \u003cIntel 82801CA/CAM (ICH3) USB controller USB-B\u003e port 0x6c20-0x6c3f irq 19 at device 29.1 on pci0\nuhci1: [ITHREAD]\nuhci1: LegSup = 0x0010\nusbus1: \u003cIntel 82801CA/CAM (ICH3) USB controller USB-B\u003e on uhci1\nuhci2: \u003cIntel 82801CA/CAM (ICH3) USB controller USB-C\u003e port 0x6c40-0x6c5f irq 18 at device 29.2 on pci0\nuhci2: [ITHREAD]\nusbus2: \u003cIntel 82801CA/CAM (ICH3) USB controller USB-C\u003e on uhci2\npcib5: \u003cACPI PCI-PCI bridge\u003e at device 30.0 on pci0\npci5: \u003cACPI PCI bus\u003e on pcib5\nvgapci0: \u003cVGA-compatible display\u003e port 0x7000-0x70ff mem 0xfd000000-0xfdffffff,0xfc340000-0xfc340fff irq 21 at device 3.0 on pci5\nfxp0: \u003cIntel 82550 Pro/100 Ethernet\u003e port 0x7400-0x743f mem 0xfc341000-0xfc341fff,0xfc300000-0xfc31ffff irq 20 at device 4.0 on pci5\nmiibus0: \u003cMII bus\u003e on fxp0\ninphy0: \u003ci82555 10/100 media interface\u003e PHY 1 on miibus0\ninphy0:  10baseT, 10baseT-FDX, 100baseTX, 100baseTX-FDX, auto\nfxp0: Ethernet address: 00:02:b3:d8:7c:dd\nfxp0: [ITHREAD]\nem0: \u003cIntel(R) PRO/1000 Network Connection 6.9.14\u003e port 0x7440-0x747f mem 0xfc320000-0xfc33ffff irq 23 at device 5.0 on pci5\nem0: [FILTER]\nem0: Ethernet address: 00:02:b3:d8:7d:36\nisab0: \u003cPCI-ISA bridge\u003e at device 31.0 on pci0\nisa0: \u003cISA bus\u003e on isab0\natapci0: \u003cIntel ICH3 UDMA100 controller\u003e port 0x1f0-0x1f7,0x3f6,0x170-0x177,0x376,0x6c60-0x6c6f at device 31.1 on pci0\nata0: \u003cATA channel 0\u003e on atapci0\nata0: [ITHREAD]\nata1: \u003cATA channel 1\u003e on atapci0\nata1: [ITHREAD]\nichsmb0: \u003cIntel 82801CA (ICH3) SMBus controller\u003e port 0x1100-0x111f at device 31.3 on pci0\nichsmb0: [ITHREAD]\nsmbus0: \u003cSystem Management Bus\u003e on ichsmb0\nsmb0: \u003cSMBus generic I/O\u003e on smbus0\nacpi_button0: \u003cPower Button\u003e on acpi0\natrtc0: \u003cAT realtime clock\u003e port 0x70-0x71 irq 8 on acpi0\natkbdc0: \u003cKeyboard controller (i8042)\u003e port 0x60,0x64 irq 1 on acpi0\natkbd0: \u003cAT Keyboard\u003e irq 1 on atkbdc0\nkbd0 at atkbd0\natkbd0: [GIANT-LOCKED]\natkbd0: [ITHREAD]\npsm0: \u003cPS/2 Mouse\u003e irq 12 on atkbdc0\npsm0: [GIANT-LOCKED]\npsm0: [ITHREAD]\npsm0: model IntelliMouse Explorer, device ID 4\nfdc0: \u003cfloppy drive controller\u003e port 0x3f0-0x3f3,0x3f4-0x3f5,0x3f7 irq 6 drq 2 on acpi0\nfdc0: [FILTER]\nuart0: \u003c16550 or compatible\u003e port 0x3f8-0x3ff irq 4 flags 0x10 on acpi0\nuart0: [FILTER]\nuart1: \u003c16550 or compatible\u003e port 0x2f8-0x2ff irq 3 on acpi0\nuart1: [FILTER]\ncpu0: \u003cACPI CPU\u003e on acpi0\np4tcc0: \u003cCPU Frequency Thermal Control\u003e on cpu0\ncpu1: \u003cACPI CPU\u003e on acpi0\np4tcc1: \u003cCPU Frequency Thermal Control\u003e on cpu1\ncpu2: \u003cACPI CPU\u003e on acpi0\np4tcc2: \u003cCPU Frequency Thermal Control\u003e on cpu2\ncpu3: \u003cACPI CPU\u003e on acpi0\np4tcc3: \u003cCPU Frequency Thermal Control\u003e on cpu3\nichwd0: \u003cIntel 82801CA watchdog timer\u003e on isa0\nichwd0: Intel 82801CA watchdog timer (ICH3 or equivalent)\npmtimer0 on isa0\norm0: \u003cISA Option ROMs\u003e at iomem 0xc0000-0xc7fff,0xe3000-0xe3fff pnpid ORM0000 on isa0\nsc0: \u003cSystem console\u003e at flags 0x100 on isa0\nsc0: VGA \u003c16 virtual consoles, flags=0x300\u003e\nvga0: \u003cGeneric ISA VGA\u003e at port 0x3c0-0x3df iomem 0xa0000-0xbffff on isa0\nppc0: parallel port not found.\nSGI XFS with large block numbers, tracing, no debug enabled\nTimecounters tick every 1.000 msec\nIPsec: Initialized Security Association Processing.\nipfw2 (+ipv6) initialized, divert enabled, nat enabled, rule-based forwarding enabled, default to deny, logging disabled\namrp1 on amr0\nmd0: Preloaded image \u003c/boot/frenzyroot\u003e 4194304 bytes at 0xc1304ffc\nusbus0: 12Mbps Full Speed USB v1.0\nusbus1: 12Mbps Full Speed USB v1.0\nusbus2: 12Mbps Full Speed USB v1.0\nugen0.1: \u003cIntel\u003e at usbus0\nuhub0: \u003cIntel UHCI root HUB, class 9/0, rev 1.00/1.00, addr 1\u003e on usbus0\nugen1.1: \u003cIntel\u003e at usbus1\nuhub1: \u003cIntel UHCI root HUB, class 9/0, rev 1.00/1.00, addr 1\u003e on usbus1\nugen2.1: \u003cIntel\u003e at usbus2\nuhub2: \u003cIntel UHCI root HUB, class 9/0, rev 1.00/1.00, addr 1\u003e on usbus2\nuhub0: 2 ports with 2 removable, self powered\nuhub1: 2 ports with 2 removable, self powered\nuhub2: 2 ports with 2 removable, self powered\nugen1.2: \u003cKingston\u003e at usbus1\numass0: \u003cKingston DataTraveler 2.0, class 0/0, rev 2.00/2.00, addr 2\u003e on usbus1\numass0:  SCSI over Bulk-Only; quirks = 0x0000\numass0:2:0:-1: Attached to scbus2\nda0 at umass-sim0 bus 0 target 0 lun 0\nda0: \u003cKingston DataTraveler 2.0 1.00\u003e Removable Direct Access SCSI-2 device\nda0: 1.000MB/s transfers\nda0: 980MB (2007040 512 byte sectors: 64H 32S/T 980C)\nSMP: AP CPU #2 Launched!\nSMP: AP CPU #1 Launched!\nSMP: AP CPU #3 Launched!\nGEOM: da0: partition 1 does not start on a track boundary.\nGEOM: da0: partition 1 does not end on a track boundary.\nTrying to mount root from ufs:/dev/md0\nmd1.uzip: 7550 x 130560 blocks\nfuse4bsd: version 0.3.9-pre1, FUSE ABI 7.8\n--------- eof dmesg ------------\n---------- pciconf -lv ---------\nhostb0@pci0:0:0:0:      class=0x060000 card=0xffffffff chip=0x254c8086 rev=0x01 hdr=0x00\n    vendor     = 'Intel Corporation'\n    device     = 'Host Controller (E7501)'\n    class      = bridge\n    subclass   = HOST-PCI\nnone0@pci0:0:0:1:       class=0xff0000 card=0x34258086 chip=0x25418086 rev=0x01 hdr=0x00\n    vendor     = 'Intel Corporation'\n    device     = 'E7500 System Controller (MCH, Hub Interface A) Error Reporter'\npcib1@pci0:0:2:0:       class=0x060400 card=0x00000000 chip=0x25438086 rev=0x01 hdr=0x01\n    vendor     = 'Intel Corporation'\n    device     = 'HI_B Virtual PCI-to-PCI Bridge (E7500/E7501)'\n    class      = bridge\n    subclass   = PCI-PCI\nnone1@pci0:0:2:1:       class=0xff0000 card=0x34258086 chip=0x25448086 rev=0x01 hdr=0x00\n    vendor     = 'Intel Corporation'\n    device     = 'HI_B PCI-to-PCI Bridge Error Reporting (E7500/E7501)'\nuhci0@pci0:0:29:0:      class=0x0c0300 card=0x34258086 chip=0x24828086 rev=0x02 hdr=0x00\n    vendor     = 'Intel Corporation'\n    device     = '82801CA/CAM (ICH3-S/ICH3-M) USB Controller *1'\n    class      = serial bus\n    subclass   = USB\nuhci1@pci0:0:29:1:      class=0x0c0300 card=0x34258086 chip=0x24848086 rev=0x02 hdr=0x00\n    vendor     = 'Intel Corporation'\n    device     = '82801CA/CAM (ICH3-S/ICH3-M) USB Controller *2'\n    class      = serial bus\n    subclass   = USB\nuhci2@pci0:0:29:2:      class=0x0c0300 card=0x34258086 chip=0x24878086 rev=0x02 hdr=0x00\n    vendor     = 'Intel Corporation'\n    device     = '82801CA/CAM USB Controller *3 (ICH3-S/ICH3-M)'\n    class      = serial bus\n    subclass   = USB\npcib5@pci0:0:30:0:      class=0x060400 card=0x00000000 chip=0x244e8086 rev=0x42 hdr=0x01\n    vendor     = 'Intel Corporation'\n    device     = '82801 Family (ICH2/3/4/5/6/7/8/9,63xxESB) Hub Interface to PCI Bridge'\n    class      = bridge\n    subclass   = PCI-PCI\nisab0@pci0:0:31:0:      class=0x060100 card=0x00000000 chip=0x24808086 rev=0x02 hdr=0x00\n    vendor     = 'Intel Corporation'\n    device     = '82801CA/CAM (ICH3-S/ICH3-M) LPC Interface'\n    class      = bridge\n    subclass   = PCI-ISA\natapci0@pci0:0:31:1:    class=0x01018a card=0x34258086 chip=0x248b8086 rev=0x02 hdr=0x00\n    vendor     = 'Intel Corporation'\n    device     = '82801CA (ICH3) UltraATA/100 EIDE Controller'\n    class      = mass storage\n    subclass   = ATA\nichsmb0@pci0:0:31:3:    class=0x0c0500 card=0x34258086 chip=0x24838086 rev=0x02 hdr=0x00\n    vendor     = 'Intel Corporation'\n    device     = '82801CA/CAM (ICH3-S/ICH3-M) SMBus Controller'\n    class      = serial bus\n    subclass   = SMBus\nioapic0@pci0:1:28:0:    class=0x080020 card=0x34258086 chip=0x14618086 rev=0x04 hdr=0x00\n    vendor     = 'Intel Corporation'\n    device     = 'P64H2 I/O Advanced Programmable Interrupt Controller'\n    class      = base peripheral\n    subclass   = interrupt controller\npcib2@pci0:1:29:0:      class=0x060400 card=0x00000000 chip=0x14608086 rev=0x04 hdr=0x01\n    vendor     = 'Intel Corporation'\n    device     = '82870P2 P64H2 PCI/PCI-X Hub Controller'\n    class      = bridge\n    subclass   = PCI-PCI\nioapic1@pci0:1:30:0:    class=0x080020 card=0x34258086 chip=0x14618086 rev=0x04 hdr=0x00\n    vendor     = 'Intel Corporation'\n    device     = 'P64H2 I/O Advanced Programmable Interrupt Controller'\n    class      = base peripheral\n    subclass   = interrupt controller\npcib3@pci0:1:31:0:      class=0x060400 card=0x00000000 chip=0x14608086 rev=0x04 hdr=0x01\n    vendor     = 'Intel Corporation'\n    device     = '82870P2 P64H2 PCI/PCI-X Hub Controller'\n    class      = bridge\n    subclass   = PCI-PCI\npcib4@pci0:3:1:0:       class=0x060400 card=0x00000000 chip=0x01a71014 rev=0x03 hdr=0x01\n    vendor     = 'International Business Machines Corp.'\n    device     = 'PCI-X Bridge R1.1 (IBM 133)'\n    class      = bridge\n    subclass   = PCI-PCI\namr0@pci0:4:0:0:        class=0x010400 card=0x05328086 chip=0x04071000 rev=0x02 hdr=0x00\n    vendor     = 'LSI Logic (Was: Symbios Logic, NCR)'\n    device     = 'MegaRAID'\n    class      = mass storage\n    subclass   = RAID\nvgapci0@pci0:5:3:0:     class=0x030000 card=0x34258086 chip=0x47521002 rev=0x27 hdr=0x00\n    vendor     = 'ATI Technologies Inc. / Advanced Micro Devices, Inc.'\n    device     = 'ATI On-Board VGA for HP Proliant 350 G3 (Rage XL PCI)'\n    class      = display\n    subclass   = VGA\nfxp0@pci0:5:4:0:        class=0x020000 card=0x34258086 chip=0x12298086 rev=0x0d hdr=0x00\n    vendor     = 'Intel Corporation'\n    device     = '82550/1/7/8/9 EtherExpress PRO/100(B) Ethernet Adapter'\n    class      = network\n    subclass   = ethernet\nem0@pci0:5:5:0: class=0x020000 card=0x34258086 chip=0x100e8086 rev=0x02 hdr=0x00\n    vendor     = 'Intel Corporation'\n    device     = 'Gigabit Ethernet Controller (82540EM)'\n    class      = network\n    subclass   = ethernet\n------ eof pciconf -lv ---------\n\nfrenzy:/root@[14:14] # ls /dev/amr*\n/dev/amr0\nfrenzy:/root@[14:14] #\n\nHow-To-Repeat: just use srcu42x configured controller and boot \u003e= freebsd_8"
}