{
 "id": 630925,
 "bug_id": 161043,
 "attachment_id": 0,
 "creation_time": "2013-05-07T16:15:28Z",
 "creator": "iwakura.taro.kun@gmail.com",
 "text": "Hi,\n\nHaving the same issue on 9.1-STABLE.\nMouse works well on 8.3-STABLE.\nMotherboard is MSI 890GXM-G65 with one PS/2 port and mouse plugged.\n\nBut in my case no mouse-related messages even showed in the dmesg.\n\nCopyright (c) 1992-2013 The FreeBSD Project.\nCopyright (c) 1979, 1980, 1983, 1986, 1988, 1989, 1991, 1992, 1993, 1994\n\tThe Regents of the University of California. All rights reserved.\nFreeBSD is a registered trademark of The FreeBSD Foundation.\nFreeBSD 9.1-STABLE #2: Sun Apr 28 12:59:12 EEST 2013\n     root@Pym.local:/usr/obj/usr/src/sys/SUGOI amd64\ngcc version 4.2.1 20070831 patched [FreeBSD]\nlink_elf_obj: symbol ata_controlcmd undefined\nKLD file atapicam.ko - could not finalize loading\nCPU: AMD Phenom(tm) II X4 905e Processor (2500.04-MHz K8-class CPU)\n   Origin = \"AuthenticAMD\"  Id = 0x100f42  Family = 0x10  Model = 0x4   \nStepping = 2\n   Features=0x178bfbff\u003cFPU,VME,DE,PSE,TSC,MSR,PAE,MCE,CX8,APIC,SEP,MTRR,PGE,MCA,CMOV,PAT,PSE36,CLFLUSH,MMX,FXSR,SSE,SSE2,HTT\u003e\n   Features2=0x802009\u003cSSE3,MON,CX16,POPCNT\u003e\n   AMD  \nFeatures=0xee500800\u003cSYSCALL,NX,MMX+,FFXSR,Page1GB,RDTSCP,LM,3DNow!+,3DNow!\u003e\n   AMD  \nFeatures2=0x837ff\u003cLAHF,CMP,SVM,ExtAPIC,CR8,ABM,SSE4A,MAS,Prefetch,OSVW,IBS,SKINIT,WDT,NodeId\u003e\n   TSC: P-state invariant\nreal memory  = 2147483648 (2048 MB)\navail memory = 2054205440 (1959 MB)\nEvent timer \"LAPIC\" quality 400\nACPI APIC Table: \u003c7642MS A7642100\u003e\nFreeBSD/SMP: Multiprocessor System Detected: 4 CPUs\nFreeBSD/SMP: 1 package(s) x 4 core(s)\n  cpu0 (BSP): APIC ID:  0\n  cpu1 (AP): APIC ID:  1\n  cpu2 (AP): APIC ID:  2\n  cpu3 (AP): APIC ID:  3\nioapic0 \u003cVersion 2.1\u003e irqs 0-23 on motherboard\nacpi0: \u003c7642MS A7642100\u003e on motherboard\nacpi0: Power Button (fixed)\nacpi0: reservation of fee00000, 1000 (3) failed\nacpi0: reservation of ffb80000, 80000 (3) failed\nacpi0: reservation of fec10000, 20 (3) failed\nacpi0: reservation of fed80000, 1000 (3) failed\nacpi0: reservation of 0, a0000 (3) failed\nacpi0: reservation of 100000, 7ff00000 (3) failed\ncpu0: \u003cACPI CPU\u003e on acpi0\ncpu1: \u003cACPI CPU\u003e on acpi0\ncpu2: \u003cACPI CPU\u003e on acpi0\ncpu3: \u003cACPI CPU\u003e on acpi0\nattimer0: \u003cAT timer\u003e port 0x40-0x43 irq 0 on acpi0\nTimecounter \"i8254\" frequency 1193182 Hz quality 0\nEvent timer \"i8254\" frequency 1193182 Hz quality 100\natrtc0: \u003cAT realtime clock\u003e port 0x70-0x71 irq 8 on acpi0\nhpet0: \u003cHigh Precision Event Timer\u003e iomem 0xfed00000-0xfed003ff on acpi0\nTimecounter \"HPET\" frequency 14318180 Hz quality 950\nEvent timer \"HPET\" frequency 14318180 Hz quality 450\nEvent timer \"HPET1\" frequency 14318180 Hz quality 450\nEvent timer \"HPET2\" frequency 14318180 Hz quality 450\nTimecounter \"ACPI-fast\" frequency 3579545 Hz quality 900\nacpi_timer0: \u003c32-bit timer at 3.579545MHz\u003e port 0x808-0x80b on acpi0\npcib0: \u003cACPI Host-PCI bridge\u003e port 0xcf8-0xcff on acpi0\npci0: \u003cACPI PCI bus\u003e on pcib0\npcib1: \u003cACPI PCI-PCI bridge\u003e at device 1.0 on pci0\npci1: \u003cACPI PCI bus\u003e on pcib1\nvgapci0: \u003cVGA-compatible display\u003e port 0xa000-0xa0ff mem  \n0xf0000000-0xf7ffffff,0xfe7f0000-0xfe7fffff,0xfe600000-0xfe6fffff irq 18  \nat device 5.0 on pci1\ndrm0: \u003cATI RS880\u003e on vgapci0\ninfo: [drm] MSI enabled 1 message(s)\ninfo: [drm] Initialized radeon 1.31.0 20080613\nhdac0: \u003cATI (0x970f) HDA Controller\u003e mem 0xfe7e8000-0xfe7ebfff irq 19 at  \ndevice 5.1 on pci1\npcib2: \u003cACPI PCI-PCI bridge\u003e irq 17 at device 5.0 on pci0\npci2: \u003cACPI PCI bus\u003e on pcib2\nre0: \u003cRealTek 8168/8111 B/C/CP/D/DP/E/F PCIe Gigabit Ethernet\u003e port  \n0xb800-0xb8ff mem 0xfdfff000-0xfdffffff,0xfdff8000-0xfdffbfff irq 17 at  \ndevice 0.0 on pci2\nre0: Using 1 MSI-X message\nre0: Chip rev. 0x28000000\nre0: MAC rev. 0x00000000\nmiibus0: \u003cMII bus\u003e on re0\nrgephy0: \u003cRTL8169S/8110S/8211 1000BASE-T media interface\u003e PHY 1 on miibus0\nrgephy0:  none, 10baseT, 10baseT-FDX, 10baseT-FDX-flow, 100baseTX,  \n100baseTX-FDX, 100baseTX-FDX-flow, 1000baseT, 1000baseT-master,  \n1000baseT-FDX, 1000baseT-FDX-master, 1000baseT-FDX-flow,  \n1000baseT-FDX-flow-master, auto, auto-flow\nre0: Ethernet address: 40:61:86:e7:98:ff\npcib3: \u003cACPI PCI-PCI bridge\u003e irq 18 at device 6.0 on pci0\npci3: \u003cACPI PCI bus\u003e on pcib3\nahci0: \u003cATI IXP700 AHCI SATA controller\u003e port  \n0x9000-0x9007,0x8000-0x8003,0x7000-0x7007,0x6000-0x6003,0x5000-0x500f mem  \n0xfe5ffc00-0xfe5fffff irq 19 at device 17.0 on pci0\nahci0: AHCI v1.20 with 6 6Gbps ports, Port Multiplier supported\nahcich0: \u003cAHCI channel\u003e at channel 0 on ahci0\nahcich1: \u003cAHCI channel\u003e at channel 1 on ahci0\nahcich2: \u003cAHCI channel\u003e at channel 2 on ahci0\nahcich3: \u003cAHCI channel\u003e at channel 3 on ahci0\nahcich4: \u003cAHCI channel\u003e at channel 4 on ahci0\nahcich5: \u003cAHCI channel\u003e at channel 5 on ahci0\nohci0: \u003cAMD SB7x0/SB8x0/SB9x0 USB controller\u003e mem 0xfe5fe000-0xfe5fefff  \nirq 18 at device 18.0 on pci0\nusbus0 on ohci0\nehci0: \u003cAMD SB7x0/SB8x0/SB9x0 USB 2.0 controller\u003e mem  \n0xfe5ff800-0xfe5ff8ff irq 17 at device 18.2 on pci0\nusbus1: EHCI version 1.0\nusbus1 on ehci0\nohci1: \u003cAMD SB7x0/SB8x0/SB9x0 USB controller\u003e mem 0xfe5fd000-0xfe5fdfff  \nirq 18 at device 19.0 on pci0\nusbus2 on ohci1\nehci1: \u003cAMD SB7x0/SB8x0/SB9x0 USB 2.0 controller\u003e mem  \n0xfe5ff400-0xfe5ff4ff irq 17 at device 19.2 on pci0\nusbus3: EHCI version 1.0\nusbus3 on ehci1\npci0: \u003cserial bus, SMBus\u003e at device 20.0 (no driver attached)\nhdac1: \u003cATI SB600 HDA Controller\u003e mem 0xfe5f4000-0xfe5f7fff irq 16 at  \ndevice 20.2 on pci0\nisab0: \u003cPCI-ISA bridge\u003e at device 20.3 on pci0\nisa0: \u003cISA bus\u003e on isab0\npcib4: \u003cACPI PCI-PCI bridge\u003e at device 20.4 on pci0\npci4: \u003cACPI PCI bus\u003e on pcib4\nxl0: \u003c3Com 3c905B-TX Fast Etherlink XL\u003e port 0xc800-0xc87f mem  \n0xfe9fbc00-0xfe9fbc7f irq 20 at device 5.0 on pci4\nmiibus1: \u003cMII bus\u003e on xl0\nbmtphy0: \u003cBroadcom 3c905B internal PHY\u003e PHY 24 on miibus1\nbmtphy0:  none, 10baseT, 10baseT-FDX, 100baseTX, 100baseTX-FDX, auto,  \nauto-flow\nxl0: Ethernet address: 00:50:04:45:70:30\nohci2: \u003cAMD SB7x0/SB8x0/SB9x0 USB controller\u003e mem 0xfe5fc000-0xfe5fcfff  \nirq 18 at device 20.5 on pci0\nusbus4 on ohci2\npcib5: \u003cACPI PCI-PCI bridge\u003e at device 21.0 on pci0\npci5: \u003cACPI PCI bus\u003e on pcib5\natapci0: \u003cJMicron JMB368 UDMA133 controller\u003e port  \n0xe800-0xe807,0xe400-0xe403,0xe000-0xe007,0xd800-0xd803,0xd400-0xd40f irq  \n16 at device 0.0 on pci5\nata2: \u003cATA channel\u003e at channel 0 on atapci0\nohci3: \u003cAMD SB7x0/SB8x0/SB9x0 USB controller\u003e mem 0xfe5f3000-0xfe5f3fff  \nirq 18 at device 22.0 on pci0\nusbus5 on ohci3\nehci2: \u003cAMD SB7x0/SB8x0/SB9x0 USB 2.0 controller\u003e mem  \n0xfe5ff000-0xfe5ff0ff irq 17 at device 22.2 on pci0\nusbus6: EHCI version 1.0\nusbus6 on ehci2\namdtemp0: \u003cAMD CPU On-Die Thermal Sensors\u003e on hostb4\nacpi_button0: \u003cPower Button\u003e on acpi0\nuart0: \u003c16550 or compatible\u003e port 0x3f8-0x3ff irq 4 flags 0x10 on acpi0\namdsbwd0: \u003cAMD SB8xx Watchdog Timer\u003e at iomem  \n0xfec000f0-0xfec000f3,0xfec000f4-0xfec000f7 on isa0\nsc0: \u003cSystem console\u003e at flags 0x100 on isa0\nsc0: VGA \u003c16 virtual consoles, flags=0x300\u003e\nvga0: \u003cGeneric ISA VGA\u003e at port 0x3c0-0x3df iomem 0xa0000-0xbffff on isa0\nppc0: cannot reserve I/O port range\nctl: CAM Target Layer loaded\nacpi_throttle0: \u003cACPI CPU Throttling\u003e on cpu0\nhwpstate0: \u003cCool`n'Quiet 2.0\u003e on cpu0\nTimecounters tick every 1.000 msec\nhdacc0: \u003cATI RS690/780 HDA CODEC\u003e at cad 0 on hdac0\nhdaa0: \u003cATI RS690/780 Audio Function Group\u003e at nid 1 on hdacc0\npcm0: \u003cATI RS690/780 (HDMI)\u003e at nid 3 on hdaa0\nhdacc1: \u003cRealtek ALC889 HDA CODEC\u003e at cad 2 on hdac1\nhdaa1: \u003cRealtek ALC889 Audio Function Group\u003e at nid 1 on hdacc1\npcm1: \u003cRealtek ALC889 (Rear Analog 7.1/2.0)\u003e at nid 20,22,21,23 and 24,26  \non hdaa1\npcm2: \u003cRealtek ALC889 (Front Analog)\u003e at nid 27 and 25 on hdaa1\npcm3: \u003cRealtek ALC889 (Rear Digital)\u003e at nid 30 on hdaa1\npcm4: \u003cRealtek ALC889 (Rear Digital)\u003e at nid 17 on hdaa1\nusbus0: 12Mbps Full Speed USB v1.0\nusbus1: 480Mbps High Speed USB v2.0\nusbus2: 12Mbps Full Speed USB v1.0\nusbus3: 480Mbps High Speed USB v2.0\nusbus4: 12Mbps Full Speed USB v1.0\nusbus5: 12Mbps Full Speed USB v1.0\nusbus6: 480Mbps High Speed USB v2.0\nugen0.1: \u003cATI\u003e at usbus0\nuhub0: \u003cATI OHCI root HUB, class 9/0, rev 1.00/1.00, addr 1\u003e on usbus0\nugen1.1: \u003cATI\u003e at usbus1\nuhub1: \u003cATI EHCI root HUB, class 9/0, rev 2.00/1.00, addr 1\u003e on usbus1\nugen2.1: \u003cATI\u003e at usbus2\nuhub2: \u003cATI OHCI root HUB, class 9/0, rev 1.00/1.00, addr 1\u003e on usbus2\nugen3.1: \u003cATI\u003e at usbus3\nuhub3: \u003cATI EHCI root HUB, class 9/0, rev 2.00/1.00, addr 1\u003e on usbus3\nugen4.1: \u003cATI\u003e at usbus4\nuhub4: \u003cATI OHCI root HUB, class 9/0, rev 1.00/1.00, addr 1\u003e on usbus4\nugen5.1: \u003cATI\u003e at usbus5\nuhub5: \u003cATI OHCI root HUB, class 9/0, rev 1.00/1.00, addr 1\u003e on usbus5\nugen6.1: \u003cATI\u003e at usbus6\nuhub6: \u003cATI EHCI root HUB, class 9/0, rev 2.00/1.00, addr 1\u003e on usbus6\nada0 at ahcich0 bus 0 scbus0 target 0 lun 0\nada0: \u003cWDC WD10EARS-00Y5B1 80.00A80\u003e ATA-8 SATA 2.x device\nada0: 300.000MB/s transfers (SATA 2.x, UDMA6, PIO 8192bytes)\nada0: Command Queueing enabled\nada0: 953869MB (1953525168 512 byte sectors: 16H 63S/T 16383C)\nada0: Previously was known as ad4\nSMP: AP CPU #2 Launched!\nSMP: AP CPU #3 Launched!\nSMP: AP CPU #1 Launched!\nTimecounter \"TSC-low\" frequency 1250018099 Hz quality 800\nuhub4: 2 ports with 2 removable, self powered\nuhub5: 4 ports with 4 removable, self powered\nuhub0: 5 ports with 5 removable, self powered\nuhub2: 5 ports with 5 removable, self powered\nRoot mount waiting for: usbus6 usbus3 usbus1\nRoot mount waiting for: usbus6 usbus3 usbus1\nuhub6: 4 ports with 4 removable, self powered\nuhub1: 5 ports with 5 removable, self powered\nuhub3: 5 ports with 5 removable, self powered\nTrying to mount root from ufs:/dev/ada0s1a [rw,noatime]...\nugen0.2: \u003cLogitech\u003e at usbus0\nukbd0: \u003cLogitech Logitech USB Keyboard, class 0/0, rev 1.10/28.00, addr 2\u003e  \non usbus0\nkbd0 at ukbd0\n\n--\nBest regards"
}