{
 "id": 386447,
 "bug_id": 111323,
 "attachment_id": 0,
 "creation_time": "2007-04-06T16:30:03Z",
 "creator": "freebsd@schleifer.org",
 "text": "cbb, cardbus, pccard recognized but no /dev/card created so pccardd will\nnot run.\n\ndmesg output:\n\nCopyright (c) 1992-2007 The FreeBSD Project.\nCopyright (c) 1979, 1980, 1983, 1986, 1988, 1989, 1991, 1992, 1993, 1994\n        The Regents of the University of California. All rights reserved.\nFreeBSD is a registered trademark of The FreeBSD Foundation.\nFreeBSD 6.2-RELEASE #0: Fri Jan 12 10:40:27 UTC 2007\n    root@dessler.cse.buffalo.edu:/usr/obj/usr/src/sys/GENERIC\nACPI APIC Table: \u003cFIC    Samba   \u003e\nTimecounter \"i8254\" frequency 1193182 Hz quality 0\nCPU: Intel(R) Celeron(R) CPU 1.70GHz (1695.01-MHz 686-class CPU)\n  Origin = \"GenuineIntel\"  Id = 0xf13  Stepping = 3\n  Features=0x3febfbff\u003cFPU,VME,DE,PSE,TSC,MSR,PAE,MCE,CX8,APIC,SEP,MTRR,PGE,MCA,CMOV,PAT,PSE36,CLFLUSH,DTS,ACPI,MMX,FXSR,SSE,SSE2,SS,HTT,TM\u003e\nreal memory  = 268369920 (255 MB)\navail memory = 253083648 (241 MB)\nioapic0 \u003cVersion 2.0\u003e irqs 0-23 on motherboard\nkbd1 at kbdmux0\nath_hal: 0.9.17.2 (AR5210, AR5211, AR5212, RF5111, RF5112, RF2413, RF5413)\nacpi0: \u003cFIC Samba\u003e on motherboard\nacpi0: Power Button (fixed)\nTimecounter \"ACPI-fast\" frequency 3579545 Hz quality 1000\nacpi_timer0: \u003c24-bit timer at 3.579545MHz\u003e port 0x408-0x40b on acpi0\ncpu0: \u003cACPI CPU\u003e on acpi0\nacpi_throttle0: \u003cACPI CPU Throttling\u003e on cpu0\nacpi_button0: \u003cPower Button\u003e on acpi0\npcib0: \u003cACPI Host-PCI bridge\u003e port 0xcf8-0xcff on acpi0\npci0: \u003cACPI PCI bus\u003e on pcib0\nagp0: \u003cIntel 82845 host to AGP bridge\u003e mem 0xe8000000-0xebffffff at device 0.0 on pci0\npcib1: \u003cPCI-PCI bridge\u003e at device 1.0 on pci0\npci1: \u003cPCI bus\u003e on pcib1\npci1: \u003cdisplay, VGA\u003e at device 0.0 (no driver attached)\npcib2: \u003cACPI PCI-PCI bridge\u003e at device 30.0 on pci0\npci2: \u003cACPI PCI bus\u003e on pcib2\ncbb0: \u003cTI1420 PCI-CardBus Bridge\u003e mem 0xee000000-0xee000fff irq 16 at device 2.0 on pci2\ncardbus0: \u003cCardBus bus\u003e on cbb0\npccard0: \u003c16-bit PCCard bus\u003e on cbb0\ncbb1: \u003cTI1420 PCI-CardBus Bridge\u003e mem 0xee005000-0xee005fff irq 16 at device 2.1 on pci2\ncardbus1: \u003cCardBus bus\u003e on cbb1\npccard1: \u003c16-bit PCCard bus\u003e on cbb1\nfwohci0: \u003cNEC uPD72871/2\u003e mem 0xee00a000-0xee00afff irq 16 at device 6.0 on pci2\nfwohci0: OHCI version 1.0 (ROM=1)\nfwohci0: No. of Isochronous channels is 4.\nfwohci0: EUI64 00:40:ca:07:01:03:e9:39\nfwohci0: Phy 1394a available S400, 2 ports.\nfwohci0: Link S400, max_rec 1024 bytes.\nfwohci0: max_rec 1024 -\u003e 2048\nfirewire0: \u003cIEEE1394(FireWire) bus\u003e on fwohci0\nfwe0: \u003cEthernet over FireWire\u003e on firewire0\nif_fwe0: Fake Ethernet address: 02:40:ca:03:e9:39\nfwe0: Ethernet address: 02:40:ca:03:e9:39\nfwe0: if_start running deferred for Giant\nsbp0: \u003cSBP-2/SCSI over FireWire\u003e on firewire0\nfwohci0: Initiate bus reset\nfwohci0: node_id=0xc800ffc0, gen=1, CYCLEMASTER mode\nfirewire0: 1 nodes, maxhop \u003c= 0, cable IRM = 0 (me)\nfirewire0: bus manager 0 (me)\nfxp0: \u003cIntel 82801BA/CAM (ICH2/3) Pro/100 Ethernet\u003e port 0xb000-0xb03f mem 0xee00b000-0xee00bfff irq 20 at device 8.0 on pci2\nmiibus0: \u003cMII bus\u003e on fxp0\ninphy0: \u003ci82562ET 10/100 media interface\u003e on miibus0\ninphy0:  10baseT, 10baseT-FDX, 100baseTX, 100baseTX-FDX, auto\nfxp0: Ethernet address: 00:40:ca:59:23:fe\nisab0: \u003cPCI-ISA bridge\u003e at device 31.0 on pci0\nisa0: \u003cISA bus\u003e on isab0\natapci0: \u003cIntel ICH2 UDMA100 controller\u003e port 0x1f0-0x1f7,0x3f6,0x170-0x177,0x376,0xf000-0xf00f at device 31.1 on pci0\nata0: \u003cATA channel 0\u003e on atapci0\nata1: \u003cATA channel 1\u003e on atapci0\nuhci0: \u003cIntel 82801BA/BAM (ICH2) USB controller USB-A\u003e port 0xd000-0xd01f irq 19 at device 31.2 on pci0\nuhci0: [GIANT-LOCKED]\nusb0: \u003cIntel 82801BA/BAM (ICH2) USB controller USB-A\u003e on uhci0\nusb0: USB revision 1.0\nuhub0: Intel UHCI root hub, class 9/0, rev 1.00/1.00, addr 1\nuhub0: 2 ports with 2 removable, self powered\npci0: \u003cserial bus, SMBus\u003e at device 31.3 (no driver attached)\nuhci1: \u003cIntel 82801BA/BAM (ICH2) USB controller USB-B\u003e port 0xd800-0xd81f irq 23 at device 31.4 on pci0\nuhci1: [GIANT-LOCKED]\nusb1: \u003cIntel 82801BA/BAM (ICH2) USB controller USB-B\u003e on uhci1\nusb1: USB revision 1.0\nuhub1: Intel UHCI root hub, class 9/0, rev 1.00/1.00, addr 1\nuhub1: 2 ports with 2 removable, self powered\npci0: \u003cmultimedia, audio\u003e at device 31.5 (no driver attached)\nacpi_tz0: \u003cThermal Zone\u003e on acpi0\nfdc0: \u003cfloppy drive controller\u003e port 0x3f2-0x3f5,0x3f7 irq 6 drq 2 on acpi0\nfdc0: [FAST]\nfd0: \u003c1440-KB 3.5\" drive\u003e on fdc0 drive 0\nsio0: \u003c16550A-compatible COM port\u003e port 0x3f8-0x3ff irq 4 flags 0x10 on acpi0\nsio0: type 16550A\nppc0: \u003cECP parallel printer port\u003e port 0x378-0x37f,0x778-0x77f irq 7 drq 3 on acpi0\nppc0: SMC-like chipset (ECP/EPP/PS2/NIBBLE) in COMPATIBLE mode\nppc0: FIFO with 16/16/8 bytes threshold\nppbus0: \u003cParallel port bus\u003e on ppc0\nplip0: \u003cPLIP network interface\u003e on ppbus0\nlpt0: \u003cPrinter\u003e on ppbus0\nlpt0: Interrupt-driven port\nppi0: \u003cParallel I/O\u003e on ppbus0\natkbdc0: \u003cKeyboard controller (i8042)\u003e port 0x60,0x64 irq 1 on acpi0\natkbd0: \u003cAT Keyboard\u003e irq 1 on atkbdc0\nkbd0 at atkbd0\natkbd0: [GIANT-LOCKED]\npsm0: \u003cPS/2 Mouse\u003e irq 12 on atkbdc0\npsm0: [GIANT-LOCKED]\npsm0: model Generic PS/2 mouse, device ID 0\npmtimer0 on isa0\norm0: \u003cISA Option ROM\u003e at iomem 0xc0000-0xcafff on isa0\nsc0: \u003cSystem console\u003e at flags 0x100 on isa0\nsc0: VGA \u003c16 virtual consoles, flags=0x300\u003e\nsio1: configured irq 3 not in bitmap of probed irqs 0\nsio1: port may not be enabled\nvga0: \u003cGeneric ISA VGA\u003e at port 0x3c0-0x3df iomem 0xa0000-0xbffff on isa0\nTimecounter \"TSC\" frequency 1695008968 Hz quality 800\nTimecounters tick every 1.000 msec\ncardbus1: \u003cnetwork, ethernet\u003e at device 0.0 (no driver attached)\nad0: 39266MB \u003cHDS722540VLAT20 V31OA60A\u003e at ata0-master UDMA100\nacd0: CDROM \u003cLTN526/YH0X\u003e at ata0-slave UDMA33\nTrying to mount root from ufs:/dev/ad0s1a\n\n\nAs you can see the cardbus stuff seems to be found:\ncbb0: \u003cTI1420 PCI-CardBus Bridge\u003e mem 0xee000000-0xee000fff irq 16 at device 2.0 on pci2\ncardbus0: \u003cCardBus bus\u003e on cbb0\npccard0: \u003c16-bit PCCard bus\u003e on cbb0\ncbb1: \u003cTI1420 PCI-CardBus Bridge\u003e mem 0xee005000-0xee005fff irq 16 at device 2.1 on pci2\ncardbus1: \u003cCardBus bus\u003e on cbb1\npccard1: \u003c16-bit PCCard bus\u003e on cbb1\n\nand it sees my pccard (both at boot or insert after boot):\n\ncardbus1: \u003cnetwork, ethernet\u003e at device 0.0 (no driver attached)\n\nI see pccard{0,1}.cis entries in /dev but no card? entries:\n\nls -l /dev\ntotal 1\ncrw-r-----  1 root   operator    0,  84 Apr  6 00:52 acd0\ncrw-r--r--  1 root   wheel       0,  29 Apr  6 00:52 acpi\ncrw-r-----  1 root   operator    0,  83 Apr  6 00:52 ad0\ncrw-r-----  1 root   operator    0,  85 Apr  6 00:52 ad0s1\ncrw-r-----  1 root   operator    0,  86 Apr  6 00:52 ad0s1a\ncrw-r-----  1 root   operator    0,  87 Apr  6 00:52 ad0s1b\ncrw-r-----  1 root   operator    0,  88 Apr  6 00:52 ad0s1c\ncrw-r-----  1 root   operator    0,  89 Apr  6 00:52 ad0s1d\ncrw-r-----  1 root   operator    0,  90 Apr  6 00:52 ad0s1e\ncrw-r-----  1 root   operator    0,  91 Apr  6 00:52 ad0s1f\ncrw-r-----  1 root   operator    0,  92 Apr  6 00:52 ad0s1g\ncrw-------  1 root   wheel       0,  31 Apr  6 00:52 agpgart\ncrw-rw-r--  1 root   operator    0,  30 Apr  6 00:52 apm\ncrw-------  1 root   operator    0,  28 Apr  6 00:52 ata\ncrw-------  1 root   wheel       0,  56 Apr  6 00:52 atkbd0\ncrw-rw-rw-  1 root   wheel       0,  59 Apr  6 00:52 bpsm0\ncrw-------  1 root   wheel       0,  10 Apr  6 09:28 console\ncrw-------  1 root   wheel       0,  76 Apr  6 00:52 consolectl\ncrw-rw-rw-  1 root   wheel       0,  11 Apr  6 00:52 ctty\ncrw-rw----  1 uucp   dialer      0,  48 Apr  6 00:52 cuad0\ncrw-rw----  1 uucp   dialer      0,  49 Apr  6 00:52 cuad0.init\ncrw-rw----  1 uucp   dialer      0,  50 Apr  6 00:52 cuad0.lock\ncrw-------  1 root   wheel       0,   5 Apr  6 00:52 devctl\ncr--------  1 root   wheel       0,  81 Apr  6 00:52 devstat\ndr-xr-xr-x  2 root   wheel          512 Dec 31  1969 fd\ncrw-r-----  1 root   operator    0,  82 Apr  6 00:52 fd0\ncrw-------  1 root   wheel       0,  14 Apr  6 00:52 fido\nlrwxr-xr-x  1 root   wheel            5 Dec 31  1969 fw0 -\u003e fw0.0\ncrw-rw----  1 root   operator    0,  34 Apr  6 00:52 fw0.0\nlrwxr-xr-x  1 root   wheel            8 Dec 31  1969 fwmem0 -\u003e fwmem0.0\ncrw-rw----  1 root   operator    0,  35 Apr  6 00:52 fwmem0.0\ncrw-r-----  1 root   operator    0,   4 Apr  6 00:52 geom.ctl\ncrw-------  1 root   wheel       0,  16 Apr  6 00:52 io\nlrwxr-xr-x  1 root   wheel            6 Dec 31  1969 kbd0 -\u003e atkbd0\nlrwxr-xr-x  1 root   wheel            7 Dec 31  1969 kbd1 -\u003e kbdmux0\ncrw-------  1 root   wheel       0,  24 Apr  6 00:52 kbdmux0\ncrw-------  1 root   wheel       0,   8 Apr  6 00:52 klog\ncrw-r-----  1 root   kmem        0,  27 Apr  6 00:52 kmem\nlrwxr-xr-x  1 root   wheel           12 Apr  6 00:52 log -\u003e /var/run/log\ncrw-------  1 root   wheel       0,  53 Apr  6 00:52 lpt0\ncrw-------  1 root   wheel       0,  54 Apr  6 00:52 lpt0.ctl\ncrw-------  1 root   wheel       0,  80 Apr  6 00:52 mdctl\ncrw-r-----  1 root   kmem        0,  26 Apr  6 00:52 mem\ndr-xr-xr-x  2 root   wheel          512 Dec 31  1969 net\nlrwxr-xr-x  1 root   wheel            8 Dec 31  1969 net1 -\u003e net/fwe0\nlrwxr-xr-x  1 root   wheel            8 Dec 31  1969 net2 -\u003e net/fxp0\nlrwxr-xr-x  1 root   wheel            9 Dec 31  1969 net3 -\u003e net/plip0\nlrwxr-xr-x  1 root   wheel            7 Dec 31  1969 net4 -\u003e net/lo0\ncrw-------  1 root   wheel       0,   3 Apr  6 00:52 network\ncrw-------  1 root   wheel       0,  77 Apr  6 00:52 nfs4\ncrw-------  1 root   kmem        0,  15 Apr  6 00:52 nfslock\ncrw-rw-rw-  1 root   wheel       0,   6 Apr  6 10:11 null\ncrw-rw-rw-  1 root   wheel       0,  32 Apr  6 00:52 pccard0.cis\ncrw-rw-rw-  1 root   wheel       0,  33 Apr  6 00:52 pccard1.cis\ncrw-r--r--  1 root   wheel       0,   9 Apr  6 00:52 pci\ncrw-------  1 root   wheel       0,  55 Apr  6 00:52 ppi0\ncrw-rw-rw-  1 root   wheel       0,  58 Apr  6 00:52 psm0\ncrw-rw-rw-  1 root   wheel       0,  97 Apr  6 10:20 ptyp0\ncrw-rw-rw-  1 root   wheel       0,  12 Apr  6 00:52 random\nlrwxr-xr-x  1 root   wheel            4 Dec 31  1969 stderr -\u003e fd/2\nlrwxr-xr-x  1 root   wheel            4 Dec 31  1969 stdin -\u003e fd/0\nlrwxr-xr-x  1 root   wheel            4 Dec 31  1969 stdout -\u003e fd/1\ncrw-------  1 root   wheel       0,  17 Apr  6 00:52 sysmouse\ncrw-------  1 root   wheel       0,  45 Apr  6 00:52 ttyd0\ncrw-------  1 root   wheel       0,  46 Apr  6 00:52 ttyd0.init\ncrw-------  1 root   wheel       0,  47 Apr  6 00:52 ttyd0.lock\ncrw--w----  1 marks  tty         0,  98 Apr  6 10:20 ttyp0\ncrw-------  1 root   tty         0,  60 Apr  6 01:04 ttyv0\ncrw-------  1 root   wheel       0,  61 Apr  6 00:52 ttyv1\ncrw-------  1 root   wheel       0,  62 Apr  6 00:52 ttyv2\ncrw-------  1 root   wheel       0,  63 Apr  6 00:52 ttyv3\ncrw-------  1 root   wheel       0,  64 Apr  6 00:52 ttyv4\ncrw-------  1 root   wheel       0,  65 Apr  6 00:52 ttyv5\ncrw-------  1 root   wheel       0,  66 Apr  6 00:52 ttyv6\ncrw-------  1 root   wheel       0,  67 Apr  6 00:52 ttyv7\ncrw-------  1 root   wheel       0,  68 Apr  6 00:52 ttyv8\ncrw-------  1 root   wheel       0,  69 Apr  6 00:52 ttyv9\ncrw-------  1 root   wheel       0,  70 Apr  6 00:52 ttyva\ncrw-------  1 root   wheel       0,  71 Apr  6 00:52 ttyvb\ncrw-------  1 root   wheel       0,  72 Apr  6 00:52 ttyvc\ncrw-------  1 root   wheel       0,  73 Apr  6 00:52 ttyvd\ncrw-------  1 root   wheel       0,  74 Apr  6 00:52 ttyve\ncrw-------  1 root   wheel       0,  75 Apr  6 00:52 ttyvf\nlrwxr-xr-x  1 root   wheel            6 Dec 31  1969 urandom -\u003e random\ncrw-rw----  1 root   operator    0,  43 Apr  6 00:52 usb\ncrw-rw----  1 root   operator    0,  42 Apr  6 00:52 usb0\ncrw-rw----  1 root   operator    0,  44 Apr  6 00:52 usb1\ncrw-------  1 root   operator    0,  93 Apr  6 00:52 xpt0\ncrw-rw-rw-  1 root   wheel       0,   7 Apr  6 00:52 zero\n\n\nI found the closed pr \"kern/74025: cardbus devices detected, but no\n/dev/card0 created\" which is basically the same issue but there was no\nresolution to that.\n\nA google search suggested turning off plug and play but my bios does\nhave any plug and play options.\n\nHow-To-Repeat: problem is consistent every bootup of this hardware."
}