{
 "id": 1241217,
 "bug_id": 268630,
 "attachment_id": 0,
 "creation_time": "2022-12-29T20:07:23Z",
 "creator": "marklmi26-fbsd@yahoo.com",
 "text": "(In reply to John Rushford from comment #3)\n\nI only have access to 2 of the 7 RPi4Bs currently. But for those 2 . . .\n\n(On another FreeBSD aarch64 machine to set up the microsd card. . .)\n\n# dd if=FreeBSD-13.1-RELEASE-arm64-aarch64-RPI.img of=/dev/da3 bs=1m conv=fsync,sync status=progress\n  3200253952 bytes (3200 MB, 3052 MiB) transferred 48.063s, 67 MB/s\n3072+0 records in\n3072+0 records out\n3221225472 bytes transferred in 48.484735 secs (66437931 bytes/sec)\n\nSummary of the below: both work fine and do not stop at the\nU-Boot prompt: they both get all the way to the login prompt.\nYour problem is somehow more specific to your context rather\nthan a problem everyone gets for RPi4B's.\n\n\nA \"C0T\" Rev1.5 8 GiByte RPI4B was used for 1st boot from the\nmicrosd card:\n\n. . .\nU-Boot 2021.07 (May 12 2022 - 07:00:33 +0000)\n\nDRAM:  7.9 GiB\nRPI 4 Model B (0xd03115)\nMMC:   mmc@7e300000: 3, emmc2@7e340000: 0\nLoading Environment from FAT... In:    serial\nOut:   vidconsole\nErr:   vidconsole\nNet:   eth0: ethernet@7d580000\nPCIe BRCM: link up, 5.0 Gbps x1 (SSC)\nstarting USB...\nBus xhci_pci: Register 5000420 NbrPorts 5\nStarting the controller\nUSB XHCI 1.00\nscanning bus xhci_pci for devices... 2 USB Device(s) found\n       scanning usb for storage devices... 0 Storage Device(s) found\nHit any key to stop autoboot:  2 \b\b\b 1 \b\b\b 0 \nswitch to partitions #0, OK\nmmc0 is current device\nScanning mmc 0:1...\nlibfdt fdt_check_header(): FDT_ERR_BADMAGIC\n\u001b7\u001b[r\u001b[999;999H\u001b[6n\u001b8Scanning disk mmc@7e300000.blk...\nDisk mmc@7e300000.blk not ready\nScanning disk emmc2@7e340000.blk...\n** Unrecognized filesystem type **\nFound 3 disks\nNo EFI system partition\nBootOrder not defined\nEFI boot manager: Cannot load any image\nFound EFI removable media binary efi/boot/bootaa64.efi\n1262604 bytes read in 72 ms (16.7 MiB/s)\nlibfdt fdt_check_header(): FDT_ERR_BADMAGIC\nBooting /efi\\boot\\bootaa64.efi\n. . .\n---\u003c\u003cBOOT\u003e\u003e---\nWARNING: Cannot find freebsd,dts-version property, cannot check DTB compliance\nCopyright (c) 1992-2021 The FreeBSD Project.\nCopyright (c) 1979, 1980, 1983, 1986, 1988, 1989, 1991, 1992, 1993, 1994\n\tThe Regents of the University of California. All rights reserved.\nFreeBSD is a registered trademark of The FreeBSD Foundation.\nFreeBSD 13.1-RELEASE releng/13.1-n250148-fc952ac2212 GENERIC arm64\nFreeBSD clang version 13.0.0 (git@github.com:llvm/llvm-project.git llvmorg-13.0.0-0-gd7b669b3a303)\n. . .\n/dev/ufs/rootfs: FILE SYSTEM CLEAN; SKIPPING CHECKS\n/dev/ufs/rootfs: clean, 22672 free (24 frags, 2831 blocks, 0.0% fragmentation)\nGrowing root partition to fill device\nrandom: randomdev_wait_until_seeded unblock wait\nuhub1: 4 ports with 4 removable, self powered\nrandom: randomdev_wait_until_seeded unblock wait\nrandom: unblocking device.\nGEOM_PART: mmcsd0s2 was automatically resized.\n  Use `gpart commit mmcsd0s2` to save changes or `gpart undo mmcsd0s2` to revert them.\nmmcsd0s2 resized\nmmcsd0s2a resized\ngpart: arg0 'ufs/rootfs': Invalid argument\nsuper-block backups (for fsck_ffs -b #) at:\n 6402432, 7682880, 8963328, 10243776, 11524224, 12804672, 14085120, 15365568,\n 16646016, 17926464, 19206912, 20487360, 21767808, 23048256, 24328704,\n 25609152, 26889600, 28170048, 29450496, 30730944, 32011392, 33291840,\n 34572288, 35852736, 37133184, 38413632, 39694080, 40974528, 42254976,\n 43535424, 44815872, 46096320, 47376768, 48657216, 49937664, 51218112,\n 52498560, 53779008, 55059456, 56339904, 57620352, 58900800, 60181248, 61461696\nMounting local filesystems:.\n. . .\nStarting background file system checks in 60 seconds.\n\nThu May 12 08:46:43 UTC \n\nFreeBSD/arm64 (generic) (ttyu0)\n\n\n\nlogin: \n\n\nA \"B0T\" Rev1.4 8 GiByte Ri4B was used for 2nd boot from the\nmicrosd card:\n\n. . .\nU-Boot 2021.07 (May 12 2022 - 07:00:33 +0000)\n\nDRAM:  7.9 GiB\nRPI 4 Model B (0xd03114)\nMMC:   mmc@7e300000: 3, emmc2@7e340000: 0\nLoading Environment from FAT... In:    serial\nOut:   vidconsole\nErr:   vidconsole\nNet:   eth0: ethernet@7d580000\nPCIe BRCM: link up, 5.0 Gbps x1 (SSC)\nstarting USB...\nBus xhci_pci: Register 5000420 NbrPorts 5\nStarting the controller\nUSB XHCI 1.00\nscanning bus xhci_pci for devices... 2 USB Device(s) found\n       scanning usb for storage devices... 0 Storage Device(s) found\nHit any key to stop autoboot:  2 \b\b\b 1 \b\b\b 0 \nswitch to partitions #0, OK\nmmc0 is current device\nScanning mmc 0:1...\nlibfdt fdt_check_header(): FDT_ERR_BADMAGIC\n\u001b7\u001b[r\u001b[999;999H\u001b[6n\u001b8Scanning disk mmc@7e300000.blk...\nDisk mmc@7e300000.blk not ready\nScanning disk emmc2@7e340000.blk...\n** Unrecognized filesystem type **\nFound 3 disks\nNo EFI system partition\nBootOrder not defined\nEFI boot manager: Cannot load any image\nFound EFI removable media binary efi/boot/bootaa64.efi\n1262604 bytes read in 73 ms (16.5 MiB/s)\nlibfdt fdt_check_header(): FDT_ERR_BADMAGIC\nBooting /efi\\boot\\bootaa64.efi\n. . .\n---\u003c\u003cBOOT\u003e\u003e---\nWARNING: Cannot find freebsd,dts-version property, cannot check DTB compliance\nCopyright (c) 1992-2021 The FreeBSD Project.\nCopyright (c) 1979, 1980, 1983, 1986, 1988, 1989, 1991, 1992, 1993, 1994\n\tThe Regents of the University of California. All rights reserved.\nFreeBSD is a registered trademark of The FreeBSD Foundation.\nFreeBSD 13.1-RELEASE releng/13.1-n250148-fc952ac2212 GENERIC arm64\nFreeBSD clang version 13.0.0 (git@github.com:llvm/llvm-project.git llvmorg-13.0.0-0-gd7b669b3a303)\n. . .\nStarting background file system checks in 60 seconds.\n\nThu May 12 08:47:48 UTC \nFreeBSD/arm64 (generic) (ttyu0)\n\nlogin:"
}