{
 "id": 1038014,
 "bug_id": 235787,
 "attachment_id": 0,
 "creation_time": "2019-02-16T21:56:18Z",
 "creator": "ozkan.kirik@gmail.com",
 "text": "I'm using FreeBSD 12.0-STABLE #1 r344160M: Fri Feb 15\n\nAfter a fresh boot, ix0 works but after a traffic flood (~10Gbps, 1.5Millon pps) ix0 losts link and console fills with \"ix0: TX(7) desc avail = 2048, pidx = 0\" message.\nifconfig down/up doesnt help. System configured as router. Both pf and ipfw is enabled.\n\nring_state of txq flaps between IDLE and STALLED too quickly as shown below:\n\n# sysctl dev.ix.0 | grep ring\ndev.ix.0.iflib.txq7.ring_state: pidx_head: 1644 pidx_tail: 1644 cidx: 1644 state: IDLE\ndev.ix.0.iflib.txq6.ring_state: pidx_head: 1098 pidx_tail: 1098 cidx: 1098 state: IDLE\ndev.ix.0.iflib.txq5.ring_state: pidx_head: 1292 pidx_tail: 1292 cidx: 1292 state: IDLE\ndev.ix.0.iflib.txq4.ring_state: pidx_head: 0956 pidx_tail: 0956 cidx: 0956 state: IDLE\ndev.ix.0.iflib.txq3.ring_state: pidx_head: 1062 pidx_tail: 1062 cidx: 1062 state: IDLE\ndev.ix.0.iflib.txq2.ring_state: pidx_head: 0962 pidx_tail: 0962 cidx: 0962 state: IDLE\ndev.ix.0.iflib.txq1.ring_state: pidx_head: 0383 pidx_tail: 0383 cidx: 0383 state: IDLE\ndev.ix.0.iflib.txq0.ring_state: pidx_head: 0499 pidx_tail: 0499 cidx: 0499 state: IDLE\n# sysctl dev.ix.0 | grep ring\ndev.ix.0.iflib.txq7.ring_state: pidx_head: 1646 pidx_tail: 1646 cidx: 1644 state: STALLED\ndev.ix.0.iflib.txq6.ring_state: pidx_head: 1100 pidx_tail: 1100 cidx: 1098 state: STALLED\ndev.ix.0.iflib.txq5.ring_state: pidx_head: 1294 pidx_tail: 1294 cidx: 1292 state: STALLED\ndev.ix.0.iflib.txq4.ring_state: pidx_head: 0958 pidx_tail: 0958 cidx: 0956 state: STALLED\ndev.ix.0.iflib.txq3.ring_state: pidx_head: 1064 pidx_tail: 1064 cidx: 1062 state: STALLED\ndev.ix.0.iflib.txq2.ring_state: pidx_head: 0964 pidx_tail: 0964 cidx: 0962 state: STALLED\ndev.ix.0.iflib.txq1.ring_state: pidx_head: 0385 pidx_tail: 0385 cidx: 0383 state: STALLED\ndev.ix.0.iflib.txq0.ring_state: pidx_head: 0501 pidx_tail: 0501 cidx: 0499 state: STALLED\n\nFurther information:\n\n# sysctl net.inet.tcp.tso\nnet.inet.tcp.tso: 0\n\n# pciconf -lv\n...\nix0@pci0:3:0:0: class=0x020000 card=0x15ad15d9 chip=0x15ad8086 rev=0x00 hdr=0x00\n    vendor     = 'Intel Corporation'\n    device     = 'Ethernet Connection X552/X557-AT 10GBASE-T'\n    class      = network\n    subclass   = ethernet\nix1@pci0:3:0:1: class=0x020000 card=0x15ad15d9 chip=0x15ad8086 rev=0x00 hdr=0x00\n    vendor     = 'Intel Corporation'\n    device     = 'Ethernet Connection X552/X557-AT 10GBASE-T'\n    class      = network\n    subclass   = ethernet\n...\n\n# dmesg | tail\nix0: TX(7) desc avail = 2048, pidx = 0\nix0: TX(7) desc avail = 2048, pidx = 0\nix0: TX(7) desc avail = 2048, pidx = 0\nix0: TX(7) desc avail = 2048, pidx = 0\nix0: TX(7) desc avail = 2048, pidx = 0\nix0: TX(7) desc avail = 2048, pidx = 0\nix0: TX(7) desc avail = 2048, pidx = 0\nix0: TX(7) desc avail = 2048, pidx = 0\nix0: TX(7) desc avail = 2048, pidx = 0\nix0: TX(7) desc avail = 2048, pidx = 0\n\n# sysctl dev.ix.0\ndev.ix.0.phy.overtemp_occurred: 0\ndev.ix.0.phy.temp: 52\ndev.ix.0.wufc: 2\ndev.ix.0.wol_enable: 1\ndev.ix.0.dmac: 0\ndev.ix.0.advertise_speed: 6\ndev.ix.0.fc: 3\ndev.ix.0.mac_stats.tx_frames_1024_1522: 242255182\ndev.ix.0.mac_stats.tx_frames_512_1023: 2224233\ndev.ix.0.mac_stats.tx_frames_256_511: 90469\ndev.ix.0.mac_stats.tx_frames_128_255: 298489\ndev.ix.0.mac_stats.tx_frames_65_127: 915\ndev.ix.0.mac_stats.tx_frames_64: 3399594\ndev.ix.0.mac_stats.management_pkts_txd: 0\ndev.ix.0.mac_stats.mcast_pkts_txd: 0\ndev.ix.0.mac_stats.bcast_pkts_txd: 18\ndev.ix.0.mac_stats.good_pkts_txd: 248268882\ndev.ix.0.mac_stats.total_pkts_txd: 248380674\ndev.ix.0.mac_stats.good_octets_txd: 264561940990\ndev.ix.0.mac_stats.checksum_errs: 0\ndev.ix.0.mac_stats.management_pkts_drpd: 0\ndev.ix.0.mac_stats.management_pkts_rcvd: 0\ndev.ix.0.mac_stats.recv_jabberd: 0\ndev.ix.0.mac_stats.recv_oversized: 0\ndev.ix.0.mac_stats.recv_fragmented: 0\ndev.ix.0.mac_stats.recv_undersized: 0\ndev.ix.0.mac_stats.rx_frames_1024_1522: 0\ndev.ix.0.mac_stats.rx_frames_512_1023: 0\ndev.ix.0.mac_stats.rx_frames_256_511: 0\ndev.ix.0.mac_stats.rx_frames_128_255: 31214475\ndev.ix.0.mac_stats.rx_frames_65_127: 0\ndev.ix.0.mac_stats.rx_frames_64: 294876756\ndev.ix.0.mac_stats.bcast_pkts_rcvd: 55\ndev.ix.0.mac_stats.mcast_pkts_rcvd: 0\ndev.ix.0.mac_stats.good_pkts_rcvd: 326091231\ndev.ix.0.mac_stats.total_pkts_rcvd: 326091377\ndev.ix.0.mac_stats.good_octets_rcvd: 24116144184\ndev.ix.0.mac_stats.total_octets_rcvd: 24116302156\ndev.ix.0.mac_stats.xoff_recvd: 0\ndev.ix.0.mac_stats.xoff_txd: 111719\ndev.ix.0.mac_stats.xon_recvd: 0\ndev.ix.0.mac_stats.xon_txd: 73\ndev.ix.0.mac_stats.rx_missed_packets: 79134616\ndev.ix.0.mac_stats.rec_len_errs: 0\ndev.ix.0.mac_stats.remote_faults: 109\ndev.ix.0.mac_stats.local_faults: 6168\ndev.ix.0.mac_stats.short_discards: 0\ndev.ix.0.mac_stats.byte_errs: 0\ndev.ix.0.mac_stats.ill_errs: 0\ndev.ix.0.mac_stats.crc_errs: 0\ndev.ix.0.queue7.rx_discarded: 0\ndev.ix.0.queue7.rx_copies: 0\ndev.ix.0.queue7.rx_bytes: 2039610016\ndev.ix.0.queue7.rx_packets: 30698808\ndev.ix.0.queue7.rxd_tail: 0\ndev.ix.0.queue7.rxd_head: 0\ndev.ix.0.queue7.irqs: 3173264\ndev.ix.0.queue7.interrupt_rate: 0\ndev.ix.0.queue7.tx_packets: 30856521\ndev.ix.0.queue7.tso_tx: 0\ndev.ix.0.queue7.txd_tail: 0\ndev.ix.0.queue7.txd_head: 0\ndev.ix.0.queue6.rx_discarded: 0\ndev.ix.0.queue6.rx_copies: 0\ndev.ix.0.queue6.rx_bytes: 2089031628\ndev.ix.0.queue6.rx_packets: 31500977\ndev.ix.0.queue6.rxd_tail: 0\ndev.ix.0.queue6.rxd_head: 0\ndev.ix.0.queue6.irqs: 3134192\ndev.ix.0.queue6.interrupt_rate: 0\ndev.ix.0.queue6.tx_packets: 31675174\ndev.ix.0.queue6.tso_tx: 0\ndev.ix.0.queue6.txd_tail: 0\ndev.ix.0.queue6.txd_head: 0\ndev.ix.0.queue5.rx_discarded: 0\ndev.ix.0.queue5.rx_copies: 0\ndev.ix.0.queue5.rx_bytes: 2047319288\ndev.ix.0.queue5.rx_packets: 30796602\ndev.ix.0.queue5.rxd_tail: 0\ndev.ix.0.queue5.rxd_head: 0\ndev.ix.0.queue5.irqs: 3142751\ndev.ix.0.queue5.interrupt_rate: 0\ndev.ix.0.queue5.tx_packets: 30968811\ndev.ix.0.queue5.tso_tx: 0\ndev.ix.0.queue5.txd_tail: 0\ndev.ix.0.queue5.txd_head: 0\ndev.ix.0.queue4.rx_discarded: 0\ndev.ix.0.queue4.rx_copies: 0\ndev.ix.0.queue4.rx_bytes: 2123799536\ndev.ix.0.queue4.rx_packets: 31929006\ndev.ix.0.queue4.rxd_tail: 0\ndev.ix.0.queue4.rxd_head: 0\ndev.ix.0.queue4.irqs: 2940062\ndev.ix.0.queue4.interrupt_rate: 0\ndev.ix.0.queue4.tx_packets: 32078227\ndev.ix.0.queue4.tso_tx: 0\ndev.ix.0.queue4.txd_tail: 0\ndev.ix.0.queue4.txd_head: 0\ndev.ix.0.queue3.rx_discarded: 0\ndev.ix.0.queue3.rx_copies: 0\ndev.ix.0.queue3.rx_bytes: 1977260424\ndev.ix.0.queue3.rx_packets: 29925538\ndev.ix.0.queue3.rxd_tail: 0\ndev.ix.0.queue3.rxd_head: 0\ndev.ix.0.queue3.irqs: 3629472\ndev.ix.0.queue3.interrupt_rate: 0\ndev.ix.0.queue3.tx_packets: 29868804\ndev.ix.0.queue3.tso_tx: 0\ndev.ix.0.queue3.txd_tail: 0\ndev.ix.0.queue3.txd_head: 0\ndev.ix.0.queue2.rx_discarded: 0\ndev.ix.0.queue2.rx_copies: 0\ndev.ix.0.queue2.rx_bytes: 2045645360\ndev.ix.0.queue2.rx_packets: 30754528\ndev.ix.0.queue2.rxd_tail: 0\ndev.ix.0.queue2.rxd_head: 0\ndev.ix.0.queue2.irqs: 3235946\ndev.ix.0.queue2.interrupt_rate: 0\ndev.ix.0.queue2.tx_packets: 30884513\ndev.ix.0.queue2.tso_tx: 0\ndev.ix.0.queue2.txd_tail: 0\ndev.ix.0.queue2.txd_head: 0\ndev.ix.0.queue1.rx_discarded: 0\ndev.ix.0.queue1.rx_copies: 0\ndev.ix.0.queue1.rx_bytes: 2024120832\ndev.ix.0.queue1.rx_packets: 30627328\ndev.ix.0.queue1.rxd_tail: 0\ndev.ix.0.queue1.rxd_head: 0\ndev.ix.0.queue1.irqs: 2914574\ndev.ix.0.queue1.interrupt_rate: 0\ndev.ix.0.queue1.tx_packets: 30883902\ndev.ix.0.queue1.tso_tx: 0\ndev.ix.0.queue1.txd_tail: 0\ndev.ix.0.queue1.txd_head: 0\ndev.ix.0.queue0.rx_discarded: 0\ndev.ix.0.queue0.rx_copies: 0\ndev.ix.0.queue0.rx_bytes: 2040604424\ndev.ix.0.queue0.rx_packets: 30723828\ndev.ix.0.queue0.rxd_tail: 0\ndev.ix.0.queue0.rxd_head: 0\ndev.ix.0.queue0.irqs: 3461689\ndev.ix.0.queue0.interrupt_rate: 0\ndev.ix.0.queue0.tx_packets: 31056081\ndev.ix.0.queue0.tso_tx: 0\ndev.ix.0.queue0.txd_tail: 0\ndev.ix.0.queue0.txd_head: 0\ndev.ix.0.link_irq: 8\ndev.ix.0.watchdog_events: 0\ndev.ix.0.dropped: 0\ndev.ix.0.iflib.rxq7.rxq_fl0.credits: 128\ndev.ix.0.iflib.rxq7.rxq_fl0.cidx: 0\ndev.ix.0.iflib.rxq7.rxq_fl0.pidx: 128\ndev.ix.0.iflib.rxq6.rxq_fl0.credits: 128\ndev.ix.0.iflib.rxq6.rxq_fl0.cidx: 0\ndev.ix.0.iflib.rxq6.rxq_fl0.pidx: 128\ndev.ix.0.iflib.rxq5.rxq_fl0.credits: 128\ndev.ix.0.iflib.rxq5.rxq_fl0.cidx: 0\ndev.ix.0.iflib.rxq5.rxq_fl0.pidx: 128\ndev.ix.0.iflib.rxq4.rxq_fl0.credits: 128\ndev.ix.0.iflib.rxq4.rxq_fl0.cidx: 0\ndev.ix.0.iflib.rxq4.rxq_fl0.pidx: 128\ndev.ix.0.iflib.rxq3.rxq_fl0.credits: 128\ndev.ix.0.iflib.rxq3.rxq_fl0.cidx: 0\ndev.ix.0.iflib.rxq3.rxq_fl0.pidx: 128\ndev.ix.0.iflib.rxq2.rxq_fl0.credits: 128\ndev.ix.0.iflib.rxq2.rxq_fl0.cidx: 0\ndev.ix.0.iflib.rxq2.rxq_fl0.pidx: 128\ndev.ix.0.iflib.rxq1.rxq_fl0.credits: 128\ndev.ix.0.iflib.rxq1.rxq_fl0.cidx: 0\ndev.ix.0.iflib.rxq1.rxq_fl0.pidx: 128\ndev.ix.0.iflib.rxq0.rxq_fl0.credits: 128\ndev.ix.0.iflib.rxq0.rxq_fl0.cidx: 0\ndev.ix.0.iflib.rxq0.rxq_fl0.pidx: 128\ndev.ix.0.iflib.txq7.r_abdications: 0\ndev.ix.0.iflib.txq7.r_restarts: 0\ndev.ix.0.iflib.txq7.r_stalls: 1\ndev.ix.0.iflib.txq7.r_starts: 1\ndev.ix.0.iflib.txq7.r_drops: 0\ndev.ix.0.iflib.txq7.r_enqueues: 2\ndev.ix.0.iflib.txq7.ring_state: pidx_head: 1384 pidx_tail: 1384 cidx: 1382 state: STALLED\ndev.ix.0.iflib.txq7.txq_cleaned: 0\ndev.ix.0.iflib.txq7.txq_processed: 0\ndev.ix.0.iflib.txq7.txq_in_use: 0\ndev.ix.0.iflib.txq7.txq_cidx_processed: 0\ndev.ix.0.iflib.txq7.txq_cidx: 0\ndev.ix.0.iflib.txq7.txq_pidx: 0\ndev.ix.0.iflib.txq7.no_tx_dma_setup: 0\ndev.ix.0.iflib.txq7.txd_encap_efbig: 0\ndev.ix.0.iflib.txq7.tx_map_failed: 0\ndev.ix.0.iflib.txq7.no_desc_avail: 0\ndev.ix.0.iflib.txq7.mbuf_defrag_failed: 0\ndev.ix.0.iflib.txq7.m_pullups: 0\ndev.ix.0.iflib.txq7.mbuf_defrag: 0\ndev.ix.0.iflib.txq6.r_abdications: 0\ndev.ix.0.iflib.txq6.r_restarts: 0\ndev.ix.0.iflib.txq6.r_stalls: 1\ndev.ix.0.iflib.txq6.r_starts: 1\ndev.ix.0.iflib.txq6.r_drops: 0\ndev.ix.0.iflib.txq6.r_enqueues: 2\ndev.ix.0.iflib.txq6.ring_state: pidx_head: 0838 pidx_tail: 0838 cidx: 0836 state: STALLED\ndev.ix.0.iflib.txq6.txq_cleaned: 0\ndev.ix.0.iflib.txq6.txq_processed: 0\ndev.ix.0.iflib.txq6.txq_in_use: 0\ndev.ix.0.iflib.txq6.txq_cidx_processed: 0\ndev.ix.0.iflib.txq6.txq_cidx: 0\ndev.ix.0.iflib.txq6.txq_pidx: 0\ndev.ix.0.iflib.txq6.no_tx_dma_setup: 0\ndev.ix.0.iflib.txq6.txd_encap_efbig: 0\ndev.ix.0.iflib.txq6.tx_map_failed: 0\ndev.ix.0.iflib.txq6.no_desc_avail: 0\ndev.ix.0.iflib.txq6.mbuf_defrag_failed: 0\ndev.ix.0.iflib.txq6.m_pullups: 0\ndev.ix.0.iflib.txq6.mbuf_defrag: 0\ndev.ix.0.iflib.txq5.r_abdications: 0\ndev.ix.0.iflib.txq5.r_restarts: 0\ndev.ix.0.iflib.txq5.r_stalls: 1\ndev.ix.0.iflib.txq5.r_starts: 1\ndev.ix.0.iflib.txq5.r_drops: 0\ndev.ix.0.iflib.txq5.r_enqueues: 2\ndev.ix.0.iflib.txq5.ring_state: pidx_head: 1032 pidx_tail: 1032 cidx: 1030 state: STALLED\ndev.ix.0.iflib.txq5.txq_cleaned: 0\ndev.ix.0.iflib.txq5.txq_processed: 0\ndev.ix.0.iflib.txq5.txq_in_use: 0\ndev.ix.0.iflib.txq5.txq_cidx_processed: 0\ndev.ix.0.iflib.txq5.txq_cidx: 0\ndev.ix.0.iflib.txq5.txq_pidx: 0\ndev.ix.0.iflib.txq5.no_tx_dma_setup: 0\ndev.ix.0.iflib.txq5.txd_encap_efbig: 0\ndev.ix.0.iflib.txq5.tx_map_failed: 0\ndev.ix.0.iflib.txq5.no_desc_avail: 0\ndev.ix.0.iflib.txq5.mbuf_defrag_failed: 0\ndev.ix.0.iflib.txq5.m_pullups: 0\ndev.ix.0.iflib.txq5.mbuf_defrag: 0\ndev.ix.0.iflib.txq4.r_abdications: 0\ndev.ix.0.iflib.txq4.r_restarts: 0\ndev.ix.0.iflib.txq4.r_stalls: 1\ndev.ix.0.iflib.txq4.r_starts: 1\ndev.ix.0.iflib.txq4.r_drops: 0\ndev.ix.0.iflib.txq4.r_enqueues: 2\ndev.ix.0.iflib.txq4.ring_state: pidx_head: 0696 pidx_tail: 0696 cidx: 0694 state: STALLED\ndev.ix.0.iflib.txq4.txq_cleaned: 0\ndev.ix.0.iflib.txq4.txq_processed: 0\ndev.ix.0.iflib.txq4.txq_in_use: 0\ndev.ix.0.iflib.txq4.txq_cidx_processed: 0\ndev.ix.0.iflib.txq4.txq_cidx: 0\ndev.ix.0.iflib.txq4.txq_pidx: 0\ndev.ix.0.iflib.txq4.no_tx_dma_setup: 0\ndev.ix.0.iflib.txq4.txd_encap_efbig: 0\ndev.ix.0.iflib.txq4.tx_map_failed: 0\ndev.ix.0.iflib.txq4.no_desc_avail: 0\ndev.ix.0.iflib.txq4.mbuf_defrag_failed: 0\ndev.ix.0.iflib.txq4.m_pullups: 0\ndev.ix.0.iflib.txq4.mbuf_defrag: 0\ndev.ix.0.iflib.txq3.r_abdications: 0\ndev.ix.0.iflib.txq3.r_restarts: 0\ndev.ix.0.iflib.txq3.r_stalls: 1\ndev.ix.0.iflib.txq3.r_starts: 1\ndev.ix.0.iflib.txq3.r_drops: 0\ndev.ix.0.iflib.txq3.r_enqueues: 2\ndev.ix.0.iflib.txq3.ring_state: pidx_head: 0802 pidx_tail: 0802 cidx: 0800 state: STALLED\ndev.ix.0.iflib.txq3.txq_cleaned: 0\ndev.ix.0.iflib.txq3.txq_processed: 0\ndev.ix.0.iflib.txq3.txq_in_use: 0\ndev.ix.0.iflib.txq3.txq_cidx_processed: 0\ndev.ix.0.iflib.txq3.txq_cidx: 0\ndev.ix.0.iflib.txq3.txq_pidx: 0\ndev.ix.0.iflib.txq3.no_tx_dma_setup: 0\ndev.ix.0.iflib.txq3.txd_encap_efbig: 0\ndev.ix.0.iflib.txq3.tx_map_failed: 0\ndev.ix.0.iflib.txq3.no_desc_avail: 0\ndev.ix.0.iflib.txq3.mbuf_defrag_failed: 0\ndev.ix.0.iflib.txq3.m_pullups: 0\ndev.ix.0.iflib.txq3.mbuf_defrag: 0\ndev.ix.0.iflib.txq2.r_abdications: 0\ndev.ix.0.iflib.txq2.r_restarts: 0\ndev.ix.0.iflib.txq2.r_stalls: 1\ndev.ix.0.iflib.txq2.r_starts: 1\ndev.ix.0.iflib.txq2.r_drops: 0\ndev.ix.0.iflib.txq2.r_enqueues: 2\ndev.ix.0.iflib.txq2.ring_state: pidx_head: 0702 pidx_tail: 0702 cidx: 0700 state: STALLED\ndev.ix.0.iflib.txq2.txq_cleaned: 0\ndev.ix.0.iflib.txq2.txq_processed: 0\ndev.ix.0.iflib.txq2.txq_in_use: 0\ndev.ix.0.iflib.txq2.txq_cidx_processed: 0\ndev.ix.0.iflib.txq2.txq_cidx: 0\ndev.ix.0.iflib.txq2.txq_pidx: 0\ndev.ix.0.iflib.txq2.no_tx_dma_setup: 0\ndev.ix.0.iflib.txq2.txd_encap_efbig: 0\ndev.ix.0.iflib.txq2.tx_map_failed: 0\ndev.ix.0.iflib.txq2.no_desc_avail: 0\ndev.ix.0.iflib.txq2.mbuf_defrag_failed: 0\ndev.ix.0.iflib.txq2.m_pullups: 0\ndev.ix.0.iflib.txq2.mbuf_defrag: 0\ndev.ix.0.iflib.txq1.r_abdications: 0\ndev.ix.0.iflib.txq1.r_restarts: 0\ndev.ix.0.iflib.txq1.r_stalls: 1\ndev.ix.0.iflib.txq1.r_starts: 1\ndev.ix.0.iflib.txq1.r_drops: 0\ndev.ix.0.iflib.txq1.r_enqueues: 2\ndev.ix.0.iflib.txq1.ring_state: pidx_head: 0123 pidx_tail: 0123 cidx: 0121 state: STALLED\ndev.ix.0.iflib.txq1.txq_cleaned: 0\ndev.ix.0.iflib.txq1.txq_processed: 0\ndev.ix.0.iflib.txq1.txq_in_use: 0\ndev.ix.0.iflib.txq1.txq_cidx_processed: 0\ndev.ix.0.iflib.txq1.txq_cidx: 0\ndev.ix.0.iflib.txq1.txq_pidx: 0\ndev.ix.0.iflib.txq1.no_tx_dma_setup: 0\ndev.ix.0.iflib.txq1.txd_encap_efbig: 0\ndev.ix.0.iflib.txq1.tx_map_failed: 0\ndev.ix.0.iflib.txq1.no_desc_avail: 0\ndev.ix.0.iflib.txq1.mbuf_defrag_failed: 0\ndev.ix.0.iflib.txq1.m_pullups: 0\ndev.ix.0.iflib.txq1.mbuf_defrag: 0\ndev.ix.0.iflib.txq0.r_abdications: 0\ndev.ix.0.iflib.txq0.r_restarts: 0\ndev.ix.0.iflib.txq0.r_stalls: 1\ndev.ix.0.iflib.txq0.r_starts: 1\ndev.ix.0.iflib.txq0.r_drops: 0\ndev.ix.0.iflib.txq0.r_enqueues: 2\ndev.ix.0.iflib.txq0.ring_state: pidx_head: 0239 pidx_tail: 0239 cidx: 0237 state: STALLED\ndev.ix.0.iflib.txq0.txq_cleaned: 0\ndev.ix.0.iflib.txq0.txq_processed: 0\ndev.ix.0.iflib.txq0.txq_in_use: 0\ndev.ix.0.iflib.txq0.txq_cidx_processed: 0\ndev.ix.0.iflib.txq0.txq_cidx: 0\ndev.ix.0.iflib.txq0.txq_pidx: 0\ndev.ix.0.iflib.txq0.no_tx_dma_setup: 0\ndev.ix.0.iflib.txq0.txd_encap_efbig: 0\ndev.ix.0.iflib.txq0.tx_map_failed: 0\ndev.ix.0.iflib.txq0.no_desc_avail: 0\ndev.ix.0.iflib.txq0.mbuf_defrag_failed: 0\ndev.ix.0.iflib.txq0.m_pullups: 0\ndev.ix.0.iflib.txq0.mbuf_defrag: 0\ndev.ix.0.iflib.override_nrxds: 0\ndev.ix.0.iflib.override_ntxds: 0\ndev.ix.0.iflib.tx_abdicate: 0\ndev.ix.0.iflib.rx_budget: 0\ndev.ix.0.iflib.disable_msix: 0\ndev.ix.0.iflib.override_qs_enable: 0\ndev.ix.0.iflib.override_nrxqs: 0\ndev.ix.0.iflib.override_ntxqs: 0\ndev.ix.0.iflib.driver_version: 4.0.1-k\ndev.ix.0.%parent: pci4\ndev.ix.0.%pnpinfo: vendor=0x8086 device=0x15ad subvendor=0x15d9 subdevice=0x15ad class=0x020000\ndev.ix.0.%location: slot=0 function=0 dbsf=pci0:3:0:0 handle=\\_SB_.PCI0.BR2C.H000\ndev.ix.0.%driver: ix\ndev.ix.0.%desc: Intel(R) PRO/10GbE PCI-Express Network Driver\n\n# cat /var/run/dmesg.boot | less\n---\u003c\u003cBOOT\u003e\u003e---\nCopyright (c) 1992-2019 The FreeBSD Project.\nCopyright (c) 1979, 1980, 1983, 1986, 1988, 1989, 1991, 1992, 1993, 1994\n        The Regents of the University of California. All rights reserved.\nFreeBSD is a registered trademark of The FreeBSD Foundation.\nFreeBSD 12.0-STABLE #1 r344160M: Fri Feb 15 21:17:36 +03 2019\n    \nFreeBSD clang version 6.0.1 (tags/RELEASE_601/final 335540) (based on LLVM 6.0.1)\nVT(vga): resolution 640x480\nCPU: Intel(R) Xeon(R) CPU D-1541 @ 2.10GHz (2100.04-MHz K8-class CPU)\n  Origin=\"GenuineIntel\"  Id=0x50663  Family=0x6  Model=0x56  Stepping=3\n  Features=0xbfebfbff\u003cFPU,VME,DE,PSE,TSC,MSR,PAE,MCE,CX8,APIC,SEP,MTRR,PGE,MCA,CMOV,PAT,PSE36,CLFLUSH,DTS,ACPI,MMX,FXSR,SSE,SSE2,SS,HTT,TM,PBE\u003e\n  Features2=0x7ffefbff\u003cSSE3,PCLMULQDQ,DTES64,MON,DS_CPL,VMX,SMX,EST,TM2,SSSE3,SDBG,FMA,CX16,xTPR,PDCM,PCID,DCA,SSE4.1,SSE4.2,x2APIC,MOVBE,POPCNT,TSCDLT,AESNI,XSAVE,OSXSAVE,AVX,F16C,RDRAND\u003e\n  AMD Features=0x2c100800\u003cSYSCALL,NX,Page1GB,RDTSCP,LM\u003e\n  AMD Features2=0x121\u003cLAHF,ABM,Prefetch\u003e\n  Structured Extended Features=0x21cbfbb\u003cFSGSBASE,TSCADJ,BMI1,HLE,AVX2,SMEP,BMI2,ERMS,INVPCID,RTM,PQM,NFPUSG,PQE,RDSEED,ADX,SMAP,PROCTRACE\u003e\n  Structured Extended Features3=0x9c000000\u003cIBPB,STIBP,L1DFL,SSBD\u003e\n  XSAVE Features=0x1\u003cXSAVEOPT\u003e\n  VT-x: PAT,HLT,MTF,PAUSE,EPT,UG,VPID,VID,PostIntr\n  TSC: P-state invariant, performance statistics\nreal memory  = 34359738368 (32768 MB)\navail memory = 33229217792 (31689 MB)\nEvent timer \"LAPIC\" quality 600\nACPI APIC Table: \u003cSUPERM SMCI--MB\u003e\nFreeBSD/SMP: Multiprocessor System Detected: 16 CPUs\nFreeBSD/SMP: 1 package(s) x 8 core(s) x 2 hardware threads\narc4random: no preloaded entropy cache\nioapic0 \u003cVersion 2.0\u003e irqs 0-23 on motherboard\nLaunching APs: 1 2 11 7 15 4 3 6 5 12 10 14 9 13 8\nTimecounter \"TSC\" frequency 2100041524 Hz quality 1000\nrandom: entropy device external interface\n000.000015 [4254] netmap_init               netmap: loaded module\n[ath_hal] loaded\nmodule_register_init: MOD_LOAD (vesa, 0xffffffff8110c7a0, 0) error 19\nrandom: registering fast source Intel Secure Key RNG\nrandom: fast provider: \"Intel Secure Key RNG\"\nkbd1 at kbdmux0\nnexus0\nvtvga0: \u003cVT VGA driver\u003e on motherboard\ncryptosoft0: \u003csoftware crypto\u003e on motherboard\naesni0: \u003cAES-CBC,AES-XTS,AES-GCM,AES-ICM\u003e on motherboard\nacpi0: \u003cSUPERM SMCI--MB\u003e on motherboard\nacpi0: Power Button (fixed)\ncpu0: \u003cACPI CPU\u003e on acpi0\natrtc0: \u003cAT realtime clock\u003e port 0x70-0x71,0x74-0x77 irq 8 on acpi0\natrtc0: registered as a time-of-day clock, resolution 1.000000s\nEvent timer \"RTC\" frequency 32768 Hz quality 0\nattimer0: \u003cAT timer\u003e port 0x40-0x43,0x50-0x53 irq 0 on acpi0\nTimecounter \"i8254\" frequency 1193182 Hz quality 0\nEvent timer \"i8254\" frequency 1193182 Hz quality 100\nhpet0: \u003cHigh Precision Event Timer\u003e iomem 0xfed00000-0xfed003ff on acpi0\nTimecounter \"HPET\" frequency 14318180 Hz quality 950\nEvent timer \"HPET\" frequency 14318180 Hz quality 350\nEvent timer \"HPET1\" frequency 14318180 Hz quality 340\nEvent timer \"HPET2\" frequency 14318180 Hz quality 340\nEvent timer \"HPET3\" frequency 14318180 Hz quality 340\nEvent timer \"HPET4\" frequency 14318180 Hz quality 340\nEvent timer \"HPET5\" frequency 14318180 Hz quality 340\nEvent timer \"HPET6\" frequency 14318180 Hz quality 340\nEvent timer \"HPET7\" frequency 14318180 Hz quality 340\nTimecounter \"ACPI-fast\" frequency 3579545 Hz quality 900\nacpi_timer0: \u003c24-bit timer at 3.579545MHz\u003e port 0x408-0x40b on acpi0\npcib0: \u003cACPI Host-PCI bridge\u003e on acpi0\npci0: \u003cACPI PCI bus\u003e on pcib0\npci0: \u003cdasp, performance counters\u003e at device 11.1 (no driver attached)\npci0: \u003cdasp, performance counters\u003e at device 11.2 (no driver attached)\npci0: \u003cdasp, performance counters\u003e at device 16.1 (no driver attached)\npci0: \u003cdasp, performance counters\u003e at device 16.6 (no driver attached)\npci0: \u003cdasp, performance counters\u003e at device 18.1 (no driver attached)\nacpi_syscontainer0: \u003cSystem Container\u003e on acpi0\npcib1: \u003cACPI Host-PCI bridge\u003e port 0xcf8-0xcff on acpi0\npci1: \u003cACPI PCI bus\u003e on pcib1\npcib2: \u003cACPI PCI-PCI bridge\u003e irq 16 at device 1.0 on pci1\npci2: \u003cACPI PCI bus\u003e on pcib2\npcib3: \u003cACPI PCI-PCI bridge\u003e irq 16 at device 2.0 on pci1\npci3: \u003cACPI PCI bus\u003e on pcib3\npcib4: \u003cACPI PCI-PCI bridge\u003e irq 16 at device 2.2 on pci1\nACPI Warning: \\134_SB.PCI0.BR2C._PRT: Return Package has no elements (empty) (20181213/nsprepkg-251)\npci4: \u003cACPI PCI bus\u003e on pcib4\npcib4: no PRT entry for 3.0.INTA\npcib4: no PRT entry for 3.0.INTB\nix0: \u003cIntel(R) PRO/10GbE PCI-Express Network Driver\u003e mem 0xfbc00000-0xfbdfffff,0xfbe04000-0xfbe07fff irq 11 at device 0.0 on pci4\nix0: Using 2048 tx descriptors and 2048 rx descriptors\nix0: Using 8 rx queues 8 tx queues\nix0: Using MSI-X interrupts with 9 vectors\nix0: allocated for 8 queues\nix0: allocated for 8 rx queues\nix0: Ethernet address: 0c:c4:7a:c7:67:6a\nix0: netmap queues/slots: TX 8/2048, RX 8/2048\nix1: \u003cIntel(R) PRO/10GbE PCI-Express Network Driver\u003e mem 0xfba00000-0xfbbfffff,0xfbe00000-0xfbe03fff irq 10 at device 0.1 on pci4\nix1: Using 2048 tx descriptors and 2048 rx descriptors\nix1: Using 8 rx queues 8 tx queues\nix1: Using MSI-X interrupts with 9 vectors\nix1: allocated for 8 queues\nix1: allocated for 8 rx queues\nix1: Ethernet address: 0c:c4:7a:c7:67:6b\nix1: netmap queues/slots: TX 8/2048, RX 8/2048\npcib5: \u003cACPI PCI-PCI bridge\u003e irq 16 at device 3.0 on pci1\npci5: \u003cACPI PCI bus\u003e on pcib5\nxhci0: \u003cIntel Lynx Point USB 3.0 controller\u003e mem 0xfb400000-0xfb40ffff irq 19 at device 20.0 on pci1\nxhci0: 32 bytes context size, 64-bit DMA\nusbus0: waiting for BIOS to give up control\nxhci_interrupt: host controller halted\nxhci0: Port routing mask set to 0xffffffff\nusbus0 on xhci0\nusbus0: 5.0Gbps Super Speed USB v3.0\npci1: \u003csimple comms\u003e at device 22.0 (no driver attached)\npci1: \u003csimple comms\u003e at device 22.1 (no driver attached)\nehci0: \u003cIntel Lynx Point USB 2.0 controller USB-B\u003e mem 0xfb414000-0xfb4143ff irq 18 at device 26.0 on pci1\nusbus1: EHCI version 1.0\nusbus1 on ehci0\nusbus1: 480Mbps High Speed USB v2.0\npcib6: \u003cACPI PCI-PCI bridge\u003e irq 16 at device 28.0 on pci1\npci6: \u003cACPI PCI bus\u003e on pcib6\nigb0: \u003cIntel(R) PRO/1000 PCI-Express Network Driver\u003e port 0xe020-0xe03f mem 0xfb120000-0xfb13ffff,0xfb144000-0xfb147fff irq 16 at device 0.0 on pci6\nigb0: Using 1024 tx descriptors and 1024 rx descriptors\nigb0: Using 8 rx queues 8 tx queues\nigb0: Using MSI-X interrupts with 9 vectors\nigb0: Ethernet address: 0c:c4:7a:c7:62:ba\nigb0: netmap queues/slots: TX 8/1024, RX 8/1024\nigb1: \u003cIntel(R) PRO/1000 PCI-Express Network Driver\u003e port 0xe000-0xe01f mem 0xfb100000-0xfb11ffff,0xfb140000-0xfb143fff irq 17 at device 0.1 on pci6\nigb1: Using 1024 tx descriptors and 1024 rx descriptors\nigb1: Using 8 rx queues 8 tx queues\nigb1: Using MSI-X interrupts with 9 vectors\nigb1: Ethernet address: 0c:c4:7a:c7:62:bb\nigb1: netmap queues/slots: TX 8/1024, RX 8/1024\npcib7: \u003cACPI PCI-PCI bridge\u003e irq 16 at device 28.4 on pci1\npci7: \u003cACPI PCI bus\u003e on pcib7\npcib8: \u003cACPI PCI-PCI bridge\u003e at device 0.0 on pci7\npci8: \u003cACPI PCI bus\u003e on pcib8\nvgapci0: \u003cVGA-compatible display\u003e port 0xd000-0xd07f mem 0xfa000000-0xfaffffff,0xfb000000-0xfb01ffff irq 18 at device 0.0 on pci8\nvgapci0: Boot video device\nehci1: \u003cIntel Lynx Point USB 2.0 controller USB-A\u003e mem 0xfb413000-0xfb4133ff irq 18 at device 29.0 on pci1\nusbus2: EHCI version 1.0\nusbus2 on ehci1\nusbus2: 480Mbps High Speed USB v2.0\nisab0: \u003cPCI-ISA bridge\u003e at device 31.0 on pci1\nisa0: \u003cISA bus\u003e on isab0\nahci0: \u003cIntel Lynx Point AHCI SATA controller\u003e port 0xf070-0xf077,0xf060-0xf063,0xf050-0xf057,0xf040-0xf043,0xf020-0xf03f mem 0xfb412000-0xfb4127ff irq 16 at device 31.2 on pci1\nahci0: AHCI v1.30 with 6 6Gbps ports, Port Multiplier not supported\nahcich0: \u003cAHCI channel\u003e at channel 0 on ahci0\nahcich1: \u003cAHCI channel\u003e at channel 1 on ahci0\nahcich2: \u003cAHCI channel\u003e at channel 2 on ahci0\nahcich3: \u003cAHCI channel\u003e at channel 3 on ahci0\nahcich4: \u003cAHCI channel\u003e at channel 4 on ahci0\nahcich5: \u003cAHCI channel\u003e at channel 5 on ahci0\nahciem0: \u003cAHCI enclosure management bridge\u003e on ahci0\nacpi_button0: \u003cPower Button\u003e on acpi0\nuart0: \u003c16550 or compatible\u003e port 0x3f8-0x3ff irq 4 flags 0x10 on acpi0\nuart1: \u003c16550 or compatible\u003e port 0x2f8-0x2ff irq 3 on acpi0\norm0: \u003cISA Option ROMs\u003e at iomem 0xc0000-0xc7fff,0xc8000-0xc8fff pnpid ORM0000 on isa0\nest0: \u003cEnhanced SpeedStep Frequency Control\u003e on cpu0\narc4random: no preloaded entropy cache\nZFS filesystem version: 5\nZFS storage pool version: features support (5000)\nTimecounters tick every 1.000 msec\narc4random: no preloaded entropy cache\narc4random: no preloaded entropy cache\nipfw2 (+ipv6) initialized, divert loadable, nat loadable, default to accept, logging disabled\nDUMMYNET 0xfffff800030e0740 with IPv6 initialized (100409)\nload_dn_sched dn_sched RR loaded\nload_dn_sched dn_sched WF2Q+ loaded\nload_dn_sched dn_sched FIFO loaded\nload_dn_sched dn_sched FQ_CODEL loaded\nload_dn_sched dn_sched FQ_PIE loaded\nload_dn_sched dn_sched PRIO loaded\nload_dn_sched dn_sched QFQ loaded\nload_dn_aqm dn_aqm CODEL loaded\nload_dn_aqm dn_aqm PIE loaded\nugen2.1: \u003cIntel EHCI root HUB\u003e at usbus2\nugen0.1: \u003c0x8086 XHCI root HUB\u003e at usbus0\nugen1.1: \u003cIntel EHCI root HUB\u003e at usbus1\nuhub0: \u003cIntel EHCI root HUB, class 9/0, rev 2.00/1.00, addr 1\u003e on usbus2\nuhub1: \u003cIntel EHCI root HUB, class 9/0, rev 2.00/1.00, addr 1\u003e on usbus1\nuhub2: \u003c0x8086 XHCI root HUB, class 9/0, rev 3.00/1.00, addr 1\u003e on usbus0\nrandom: unblocking device.\narc4random: no preloaded entropy cache\narc4random: no preloaded entropy cache\narc4random: no preloaded entropy cache\narc4random: no preloaded entropy cache\narc4random: no preloaded entropy cache\narc4random: no preloaded entropy cache\narc4random: no preloaded entropy cache\narc4random: no preloaded entropy cache\narc4random: no preloaded entropy cache\narc4random: no preloaded entropy cache\narc4random: no preloaded entropy cache\narc4random: no preloaded entropy cache\nuhub0: 2 ports with 2 removable, self powered\nuhub1: 2 ports with 2 removable, self powered\nuhub2: 21 ports with 21 removable, self powered\nugen0.2: \u003cvendor 0x05e3 USB2.0 Hub\u003e at usbus0\nuhub3 on uhub2\nuhub3: \u003cvendor 0x05e3 USB2.0 Hub, class 9/0, rev 2.00/32.98, addr 1\u003e on usbus0\nuhub3: MTT enabled\nugen2.2: \u003cvendor 0x8087 product 0x8000\u003e at usbus2\nuhub4 on uhub0\nuhub4: \u003cvendor 0x8087 product 0x8000, class 9/0, rev 2.00/0.05, addr 2\u003e on usbus2\nugen1.2: \u003cvendor 0x8087 product 0x8008\u003e at usbus1\nuhub5 on uhub1\nuhub5: \u003cvendor 0x8087 product 0x8008, class 9/0, rev 2.00/0.05, addr 2\u003e on usbus1\nuhub4: 4 ports with 4 removable, self powered\nuhub5: 4 ports with 4 removable, self powered\nuhub3: 4 ports with 4 removable, self powered\nugen0.3: \u003cvendor 0x0557 product 0x7000\u003e at usbus0\nuhub6 on uhub2\nuhub6: \u003cvendor 0x0557 product 0x7000, class 9/0, rev 2.00/0.00, addr 2\u003e on usbus0\nuhub6: 4 ports with 3 removable, self powered\nugen0.4: \u003cvendor 0x0557 product 0x2419\u003e at usbus0\nukbd0 on uhub6\nukbd0: \u003cvendor 0x0557 product 0x2419, class 0/0, rev 1.10/1.00, addr 3\u003e on usbus0\nkbd2 at ukbd0\nses0 at ahciem0 bus 0 scbus6 target 0 lun 0\nses0: \u003cAHCI SGPIO Enclosure 1.00 0001\u003e SEMB S-E-S 2.00 device\nses0: SEMB SES Device\nada0 at ahcich0 bus 0 scbus0 target 0 lun 0\nada0: \u003cKINGSTON SUV400S37240G 0C3J96R9\u003e ACS-4 ATA SATA 3.x device\nada0: Serial Number 50026B776900C255\nada0: 600.000MB/s transfers (SATA 3.x, UDMA6, PIO 8192bytes)\nada0: Command Queueing enabled\nada0: 228936MB (468862128 512 byte sectors)\nTrying to mount root from ufs:/dev/label/os0 [ro]...\nugen0.5: \u003cvendor 0x0ea0 product 0x1111\u003e at usbus0\numass0 on uhub6\numass0: \u003cvendor 0x0ea0 product 0x1111, class 0/0, rev 2.00/2.00, addr 4\u003e on usbus0\numass0:  SCSI over Bulk-Only; quirks = 0x0100\numass0:7:0: Attached to scbus7\ncd0 at umass-sim0 bus 0 scbus7 target 0 lun 0\ncd0: \u003cATEN Virtual CDROM YS0J\u003e Removable CD-ROM SCSI device\ncd0: 40.000MB/s transfers\ncd0: 1675MB (857810 2048 byte sectors)\ncd0: quirks=0x10\u003c10_BYTE_ONLY\u003e\nlo0: link state changed to UP\nigb0: link state changed to UP\nix0: link state changed to UP\nigb1: link state changed to UP\nix1: link state changed to UP\nioat0: \u003cBDXDE IOAT Ch0\u003e mem 0xfb306000-0xfb307fff irq 16 at device 0.0 on pci3\nioat0: Capabilities: c2641\u003cCompletion_Timeout_Support,DMA_with_Multicasting_Support,Descriptor_Write_Back_Error_Support,DMA_with_DIF,PQ,Block_Fill,Page_Break\u003e\nioat1: \u003cBDXDE IOAT Ch1\u003e mem 0xfb304000-0xfb305fff irq 17 at device 0.1 on pci3\nioat1: Capabilities: c2641\u003cCompletion_Timeout_Support,DMA_with_Multicasting_Support,Descriptor_Write_Back_Error_Support,DMA_with_DIF,PQ,Block_Fill,Page_Break\u003e\nioat2: \u003cBDXDE IOAT Ch2\u003e mem 0xfb302000-0xfb303fff irq 18 at device 0.2 on pci3\nioat2: Capabilities: c2641\u003cCompletion_Timeout_Support,DMA_with_Multicasting_Support,Descriptor_Write_Back_Error_Support,DMA_with_DIF,PQ,Block_Fill,Page_Break\u003e\nioat3: \u003cBDXDE IOAT Ch3\u003e mem 0xfb300000-0xfb301fff irq 19 at device 0.3 on pci3\nioat3: Capabilities: c2641\u003cCompletion_Timeout_Support,DMA_with_Multicasting_Support,Descriptor_Write_Back_Error_Support,DMA_with_DIF,PQ,Block_Fill,Page_Break\u003e\nums0 on uhub6\nums0: \u003cvendor 0x0557 product 0x2419, class 0/0, rev 1.10/1.00, addr 3\u003e on usbus0\nums0: 3 buttons and [Z] coordinates ID=0\n\n\n# dmidecode \n...\nHandle 0x0002, DMI type 2, 15 bytes\nBase Board Information\n        Manufacturer: Supermicro\n        Product Name: X10SDV-8C-TLN4F\n        Version: 2.00\n...\nHandle 0x0015, DMI type 41, 11 bytes\nOnboard Device\n        Reference Designation:  Intel X557-AT2 Ethernet #1\n        Type: Ethernet\n        Status: Enabled\n        Type Instance: 3\n        Bus Address: 0000:03:00.0\n\nHandle 0x0016, DMI type 41, 11 bytes\nOnboard Device\n        Reference Designation:  Intel X557-AT2 Ethernet #2\n        Type: Ethernet\n        Status: Enabled\n        Type Instance: 4\n        Bus Address: 0000:03:00.1\n...\n\n\nRegards"
}