{
 "id": 571615,
 "bug_id": 149323,
 "attachment_id": 0,
 "creation_time": "2010-08-05T15:20:11Z",
 "creator": "rblayzor@inoc.net",
 "text": "System previously ran 7.3-RELEASE with no issues.  We are seeing a problem with an application which uses are rather large memory footprint.  The binary is \"dccd\" from the port /usr/ports/mail/dcc-dccd.\n\nTypically the binary would run ata bout 1800-1900MB of RAM under 7.3, with no problems.  This is the only application which runs on this server other than an ntp daemon.\n\nAfter upgrading to FreeBSD 8.1-RELEASE we started noticing that the dccd daemon would start failing with memory allocation errors after the process grew to about 850-900MB of RAM.  There are no FreeBSD kernel or userland errors, but dccd was logging in massive numbers to syslog:\n\n\nAug  4 14:18:16 dcc0 dccd[742]: try #1 mmap(dcc_db 0xeee000,0x3,0x801,11,0x49b72000): Cannot allocate memory\nAug  4 14:18:16 dcc0 dccd[742]: try #2 mmap(dcc_db,0xeee000,0x49b72000) ok\nAug  4 14:18:16 dcc0 dccd[742]: try #1 mmap(dcc_db 0xeee000,0x3,0x801,11,0x48c84000): Cannot allocate memory\nAug  4 14:18:16 dcc0 dccd[742]: try #2 mmap(dcc_db,0xeee000,0x48c84000) ok\nAug  4 14:18:16 dcc0 dccd[742]: try #1 mmap(dcc_db 0xeee000,0x3,0x801,11,0x47d96000): Cannot allocate memory\nAug  4 14:18:16 dcc0 dccd[742]: try #2 mmap(dcc_db,0xeee000,0x47d96000) ok\nAug  4 14:18:16 dcc0 dccd[742]: try #1 mmap(dcc_db 0xeee000,0x3,0x801,11,0x46ea8000): Cannot allocate memory\nAug  4 14:18:16 dcc0 dccd[742]: try #2 mmap(dcc_db,0xeee000,0x46ea8000) ok\nAug  4 14:18:16 dcc0 dccd[742]: try #1 mmap(dcc_db 0xeee000,0x3,0x801,11,0x45fba000): Cannot allocate memory\nAug  4 14:18:16 dcc0 dccd[742]: try #2 mmap(dcc_db,0xeee000,0x45fba000) ok\nAug  4 14:18:16 dcc0 dccd[742]: try #1 mmap(dcc_db 0xeee000,0x3,0x801,11,0x450cc000): Cannot allocate memory\nAug  4 14:18:16 dcc0 dccd[742]: try #2 mmap(dcc_db,0xeee000,0x450cc000) ok\nAug  4 14:18:16 dcc0 dccd[742]: try #1 mmap(dcc_db 0xeee000,0x3,0x801,11,0x441de000): Cannot allocate memory\nAug  4 14:18:16 dcc0 dccd[742]: try #2 mmap(dcc_db,0xeee000,0x441de000) ok\nAug  4 14:18:16 dcc0 dccd[742]: try #1 mmap(dcc_db 0xeee000,0x3,0x801,11,0x432f0000): Cannot allocate memory\nAug  4 14:18:16 dcc0 dccd[742]: try #2 mmap(dcc_db,0xeee000,0x432f0000) ok\nAug  4 14:18:16 dcc0 dccd[742]: try #1 mmap(dcc_db 0xeee000,0x3,0x801,11,0x42402000): Cannot allocate memory\nAug  4 14:18:16 dcc0 dccd[742]: try #2 mmap(dcc_db,0xeee000,0x42402000) ok\nAug  4 14:18:16 dcc0 dccd[742]: try #1 mmap(dcc_db 0xeee000,0x3,0x801,11,0x41514000): Cannot allocate memory\nAug  4 14:18:16 dcc0 dccd[742]: try #2 mmap(dcc_db,0xeee000,0x41514000) ok\nAug  4 14:18:16 dcc0 dccd[742]: try #1 mmap(dcc_db 0xeee000,0x3,0x801,11,0x40626000): Cannot allocate memory\nAug  4 14:18:16 dcc0 dccd[742]: try #2 mmap(dcc_db,0xeee000,0x40626000) ok\nAug  4 14:18:16 dcc0 dccd[742]: try #1 mmap(dcc_db 0xeee000,0x3,0x801,11,0x3e84a000): Cannot allocate memory\nAug  4 14:18:16 dcc0 dccd[742]: try #2 mmap(dcc_db,0xeee000,0x3e84a000) ok\nAug  4 14:18:16 dcc0 dccd[742]: try #1 mmap(dcc_db 0xeee000,0x3,0x801,11,0x3d95c000): Cannot allocate memory\nAug  4 14:18:16 dcc0 dccd[742]: try #2 mmap(dcc_db,0xeee000,0x3d95c000) ok\n\n\nWe first noticed this problem after immediately booting into the 8.1 GENERIC kernel.  We tried compiling our custom kernel (which included PAE) and also rebuilt all ports against the new 8.1 libraries.  The result was the same.\n\nWhen the above happens, we can see the following in top:\n\nlast pid: 13710;  load averages:  0.00,  0.00,  0.00                        up 0+06:54:40  23:02:38\n17 processes:  1 running, 16 sleeping\nCPU:  0.0% user,  0.0% nice,  0.2% system,  0.0% interrupt, 99.8% idle\nMem: 867M Active, 54M Inact, 153M Wired, 164K Cache, 112M Buf, 2685M Free\nSwap: 3915M Total, 3915M Free\n\n PID USERNAME  THR PRI NICE   SIZE    RES STATE   C   TIME   WCPU COMMAND\n12179 dcc         1  44    0   885M   886M select  0   2:35  0.00% dccd\n\nFix: \n\nThe only workaround we've been able to find was recommended by the DCCD author Vernon Schryver to set the built time option in the port:\n\n--with-max-db-mem=800\n\nThat limited the database memory footprint under the breaking point.\n\n\nOne thing we did try, but did not work was upping the vm.max_proc_mmap value in sysctl.\n\nvm.max_proc_mmap=65535\n\n\nWhich had no effect at all.\nHow-To-Repeat: Unsure at this time.  We can repeat the problem by simply running our dccd daemon and letting it build it's database up in memory until it hits the breaking point.  We did not experience this problem under 7.3.\n\nSome of our system configurations:\n\n[dcc0:~] cat /boot/loader.conf\nkern.maxdsiz=\"2048M\"\n\n\n[dcc0:~] cat /etc/sysctl.conf \nkern.maxfiles=131072\nkern.maxfilesperproc=32768\n#\nkern.ipc.nmbclusters=65536\nkern.ipc.maxsockbuf=4194304\nkern.ipc.somaxconn=2048\nkern.ipc.maxsockets=65536\nnet.inet.udp.recvspace=131072\nnet.inet.udp.maxdgram=16384\nnet.inet.tcp.msl=7500\n#\nnet.inet.icmp.log_redirect=1\nnet.inet.icmp.drop_redirect=1\nnet.inet.tcp.delayed_ack=0\nnet.inet.ip.redirect=0\nnet.inet6.ip6.redirect=0\nnet.link.ether.inet.log_arp_wrong_iface=0\nkern.sugid_coredump=1\nnet.inet.tcp.keepidle=120000\nnet.inet.tcp.keepintvl=10000\n\n\nCustom kernel parts:\n\ncpu             I486_CPU\ncpu             I586_CPU\ncpu             I686_CPU\nident           PE1750\noptions         PAE\nmakeoptions     DEBUG=-g                # Build kernel with gdb(1) debug symbols\nmakeoptions     NO_MODULES=yes\noptions         IPFIREWALL\noptions         IPFIREWALL_VERBOSE\noptions         IPFIREWALL_VERBOSE_LIMIT=100\n\ndevice          bge             # Broadcom BCM570xx Gigabit Ethernet\n\ndevice          scbus           # SCSI bus (required for SCSI)\n#device         ch              # SCSI media changers\ndevice          da              # Direct Access (disks)\n#device         sa              # Sequential Access (tape etc)\ndevice          pass            # Passthrough device (direct SCSI access)\ndevice          ses             # SCSI Environmental Services (and SAF-TE)\n\n# RAID controllers interfaced to the SCSI subsystem\ndevice          amr             # AMI MegaRAID\n\n\n\ndmesg output:\n\nCopyright (c) 1992-2010 The FreeBSD Project.\nCopyright (c) 1979, 1980, 1983, 1986, 1988, 1989, 1991, 1992, 1993, 1994\n\tThe Regents of the University of California. All rights reserved.\nFreeBSD is a registered trademark of The FreeBSD Foundation.\nFreeBSD 8.1-RELEASE #0: Thu Aug  5 12:49:45 UTC 2010\n    root@dcc0.albyny.inoc.net:/usr/obj/mnt/pub/FreeBSD/8.1-RELEASE/sys/PE1750 i386\nTimecounter \"i8254\" frequency 1193182 Hz quality 0\nCPU: Intel(R) Xeon(TM) CPU 2.80GHz (2781.67-MHz 686-class CPU)\n  Origin = \"GenuineIntel\"  Id = 0xf29  Family = f  Model = 2  Stepping = 9\n  Features=0xbfebfbff\u003cFPU,VME,DE,PSE,TSC,MSR,PAE,MCE,CX8,APIC,SEP,MTRR,PGE,MCA,CMOV,PAT,PSE36,CLFLUSH,DTS,ACPI,MMX,FXSR,SSE,SSE2,SS,HTT,TM,PBE\u003e\n  Features2=0x4400\u003cCNXT-ID,xTPR\u003e\nreal memory  = 4294967296 (4096 MB)\navail memory = 3936641024 (3754 MB)\nACPI APIC Table: \u003cDELL   PE1750  \u003e\nFreeBSD/SMP: Multiprocessor System Detected: 2 CPUs\nFreeBSD/SMP: 2 package(s) x 1 core(s)\n cpu0 (BSP): APIC ID:  0\n cpu1 (AP): APIC ID:  6\nioapic0: Changing APIC ID to 8\nioapic1: Changing APIC ID to 9\nioapic2: Changing APIC ID to 10\nMADT: Forcing active-low polarity and level trigger for SCI\nioapic0 \u003cVersion 1.1\u003e irqs 0-15 on motherboard\nioapic1 \u003cVersion 1.1\u003e irqs 16-31 on motherboard\nioapic2 \u003cVersion 1.1\u003e irqs 32-47 on motherboard\nkbd1 at kbdmux0\nacpi0: \u003cDELL PE1750\u003e on motherboard\nacpi0: [ITHREAD]\nacpi0: Power Button (fixed)\nTimecounter \"ACPI-safe\" frequency 3579545 Hz quality 850\nacpi_timer0: \u003c32-bit timer at 3.579545MHz\u003e port 0x808-0x80b on acpi0\ncpu0: \u003cACPI CPU\u003e on acpi0\ncpu1: \u003cACPI CPU\u003e on acpi0\npcib0: \u003cACPI Host-PCI bridge\u003e port 0xcf8-0xcff on acpi0\npci0: \u003cACPI PCI bus\u003e on pcib0\nvgapci0: \u003cVGA-compatible display\u003e port 0xec00-0xecff mem 0xfd000000-0xfdffffff,0xfe101000-0xfe101fff at device 14.0 on pci0\natapci0: \u003cServerWorks CSB5 UDMA100 controller\u003e port 0x1f0-0x1f7,0x3f6,0x170-0x177,0x376,0x8b0-0x8bf at device 15.1 on pci0\nata0: \u003cATA channel 0\u003e on atapci0\nata0: [ITHREAD]\nata1: \u003cATA channel 1\u003e on atapci0\nata1: [ITHREAD]\nohci0: \u003cOHCI (generic) USB controller\u003e mem 0xfe100000-0xfe100fff irq 11 at device 15.2 on pci0\nohci0: [ITHREAD]\nusbus0: \u003cOHCI (generic) USB controller\u003e on ohci0\nisab0: \u003cPCI-ISA bridge\u003e at device 15.3 on pci0\nisa0: \u003cISA bus\u003e on isab0\npcib1: \u003cACPI Host-PCI bridge\u003e on acpi0\npci4: \u003cACPI PCI bus\u003e on pcib1\namr0: \u003cLSILogic MegaRAID 1.53\u003e mem 0xf0000000-0xf7ffffff,0xfcd00000-0xfcd3ffff irq 18 at device 3.0 on pci4\namr0: Using 64-bit DMA\namr0: [ITHREAD]\namr0: delete logical drives supported by controller\namr0: \u003cLSILogic PERC 4/Di\u003e Firmware 412W, BIOS H406, 128MB RAM\npcib2: \u003cACPI Host-PCI bridge\u003e on acpi0\npci3: \u003cACPI PCI bus\u003e on pcib2\npcib3: \u003cACPI Host-PCI bridge\u003e on acpi0\npci2: \u003cACPI PCI bus\u003e on pcib3\nbge0: \u003cBroadcom NetXtreme Gigabit Ethernet Controller, ASIC rev. 0x002002\u003e mem 0xfcf30000-0xfcf3ffff,0xfcf20000-0xfcf2ffff irq 16 at device 0.0 on pci2\nmiibus0: \u003cMII bus\u003e on bge0\nbrgphy0: \u003cBCM5704 10/100/1000baseTX PHY\u003e PHY 1 on miibus0\nbrgphy0:  10baseT, 10baseT-FDX, 100baseTX, 100baseTX-FDX, 1000baseT, 1000baseT-FDX, auto\nbge0: Ethernet address: 00:0f:1f:66:a8:03\nbge0: [ITHREAD]\nbge1: \u003cBroadcom NetXtreme Gigabit Ethernet Controller, ASIC rev. 0x002002\u003e mem 0xfcf10000-0xfcf1ffff,0xfcf00000-0xfcf0ffff irq 17 at device 0.1 on pci2\nmiibus1: \u003cMII bus\u003e on bge1\nbrgphy1: \u003cBCM5704 10/100/1000baseTX PHY\u003e PHY 1 on miibus1\nbrgphy1:  10baseT, 10baseT-FDX, 100baseTX, 100baseTX-FDX, 1000baseT, 1000baseT-FDX, auto\nbge1: Ethernet address: 00:0f:1f:66:a8:04\nbge1: [ITHREAD]\npcib4: \u003cACPI Host-PCI bridge\u003e on acpi0\npci1: \u003cACPI PCI bus\u003e on pcib4\nfdc0: \u003cfloppy drive controller\u003e port 0x3f0-0x3f5,0x3f7 irq 6 drq 2 on acpi0\nfdc0: [FILTER]\nfd0: \u003c1440-KB 3.5\" drive\u003e on fdc0 drive 0\nuart0: \u003c16550 or compatible\u003e port 0x3f8-0x3ff irq 4 flags 0x10 on acpi0\nuart0: [FILTER]\natrtc0: \u003cAT realtime clock\u003e port 0x70-0x7f irq 8 on acpi0\norm0: \u003cISA Option ROMs\u003e at iomem 0xc0000-0xc7fff,0xec000-0xeffff pnpid ORM0000 on isa0\nsc0: \u003cSystem console\u003e at flags 0x100 on isa0\nsc0: VGA \u003c16 virtual consoles, flags=0x300\u003e\nvga0: \u003cGeneric ISA VGA\u003e at port 0x3c0-0x3df iomem 0xa0000-0xbffff on isa0\natkbdc0: \u003cKeyboard controller (i8042)\u003e at port 0x60,0x64 on isa0\natkbd0: \u003cAT Keyboard\u003e irq 1 on atkbdc0\nkbd0 at atkbd0\natkbd0: [GIANT-LOCKED]\natkbd0: [ITHREAD]\np4tcc0: \u003cCPU Frequency Thermal Control\u003e on cpu0\np4tcc1: \u003cCPU Frequency Thermal Control\u003e on cpu1\nTimecounters tick every 1.000 msec\nipfw2 (+ipv6) initialized, divert loadable, nat loadable, rule-based forwarding disabled, default to deny, logging disabled\nusbus0: 12Mbps Full Speed USB v1.0\nugen0.1: \u003c(0x1166)\u003e at usbus0\nuhub0: \u003c(0x1166) OHCI root HUB, class 9/0, rev 1.00/1.00, addr 1\u003e on usbus0\nacd0: CDROM \u003cSAMSUNG CD-ROM SN-124/N103\u003e at ata1-master UDMA33 \namr0: delete logical drives supported by controller\namrd0: \u003cLSILogic MegaRAID logical drive\u003e on amr0\namrd0: 17280MB (35389440 sectors) RAID 1 (optimal)\nSMP: AP CPU #1 Launched!\nuhub0: 4 ports with 4 removable, self powered\nTrying to mount root from ufs:/dev/amrd0s1a"
}