{
 "id": 737669,
 "bug_id": 183654,
 "attachment_id": 0,
 "creation_time": "2013-11-04T10:30:00Z",
 "creator": "nikolas.britton@gmail.com",
 "text": "Installed FreeBSD 10 Beta 2 on a test system with a 5 disk raidz root volume. I let the installation program do all the ZFS setup and configuration. I asked the installer to allocate 8gb of swap. However, instead of creating 8gb of swap total, the installer created 8gb of swap on each disk, for a total of 40gb of swap.\n\nroot@els1:/usr/src # cat /etc/fstab \n# Device\t\tMountpoint\tFStype\tOptions\t\tDump\tPass#\n/dev/gpt/swap0\t\tnone\tswap\tsw\t\t0\t0\n/dev/gpt/swap1\t\tnone\tswap\tsw\t\t0\t0\n/dev/gpt/swap2\t\tnone\tswap\tsw\t\t0\t0\n/dev/gpt/swap3\t\tnone\tswap\tsw\t\t0\t0\n/dev/gpt/swap4\t\tnone\tswap\tsw\t\t0\t0\n\nroot@els1:/usr/src # ll /dev/ada*\ncrw-r-----  1 root  operator  0x5f Nov  3 10:01 /dev/ada0\ncrw-r-----  1 root  operator  0x64 Nov  3 10:01 /dev/ada0p1\ncrw-r-----  1 root  operator  0x66 Nov  3 10:01 /dev/ada0p2\ncrw-r-----  1 root  operator  0x74 Nov  3 10:01 /dev/ada0p3\ncrw-r-----  1 root  operator  0x8f Nov  3 10:01 /dev/ada0p3.eli\ncrw-r-----  1 root  operator  0x76 Nov  3 10:01 /dev/ada0p4\ncrw-r-----  1 root  operator  0x61 Nov  3 10:01 /dev/ada1\ncrw-r-----  1 root  operator  0x79 Nov  3 10:01 /dev/ada1p1\ncrw-r-----  1 root  operator  0x7b Nov  3 10:01 /dev/ada1p2\ncrw-r-----  1 root  operator  0x7d Nov  3 10:01 /dev/ada1p3\ncrw-r-----  1 root  operator  0x9b Nov  3 10:01 /dev/ada1p3.eli\ncrw-r-----  1 root  operator  0x7f Nov  3 10:01 /dev/ada1p4\ncrw-r-----  1 root  operator  0x81 Nov  3 10:01 /dev/ada2\ncrw-r-----  1 root  operator  0xa0 Nov  3 10:01 /dev/ada2p1\ncrw-r-----  1 root  operator  0xa2 Nov  3 10:01 /dev/ada2p2\ncrw-r-----  1 root  operator  0xa4 Nov  3 10:01 /dev/ada2p3\ncrw-r-----  1 root  operator  0xc2 Nov  3 10:01 /dev/ada2p3.eli\ncrw-r-----  1 root  operator  0xa6 Nov  3 10:01 /dev/ada2p4\ncrw-r-----  1 root  operator  0x83 Nov  3 10:01 /dev/ada3\ncrw-r-----  1 root  operator  0xa9 Nov  3 10:01 /dev/ada3p1\ncrw-r-----  1 root  operator  0xab Nov  3 10:01 /dev/ada3p2\ncrw-r-----  1 root  operator  0xad Nov  3 10:01 /dev/ada3p3\ncrw-r-----  1 root  operator  0xce Nov  3 10:01 /dev/ada3p3.eli\ncrw-r-----  1 root  operator  0xaf Nov  3 10:01 /dev/ada3p4\ncrw-r-----  1 root  operator  0x85 Nov  3 10:01 /dev/ada4\ncrw-r-----  1 root  operator  0xb2 Nov  3 10:01 /dev/ada4p1\ncrw-r-----  1 root  operator  0xb4 Nov  3 10:01 /dev/ada4p2\ncrw-r-----  1 root  operator  0xb6 Nov  3 10:01 /dev/ada4p3\ncrw-r-----  1 root  operator  0xda Nov  3 10:01 /dev/ada4p3.eli\ncrw-r-----  1 root  operator  0xb8 Nov  3 10:01 /dev/ada4p4\n\nroot@els1:/usr/src # zpool status\n  pool: zroot\n state: ONLINE\n  scan: none requested\nconfig:\n\n\tNAME            STATE     READ WRITE CKSUM\n\tzroot           ONLINE       0     0     0\n\t  raidz1-0      ONLINE       0     0     0\n\t    ada0p3.eli  ONLINE       0     0     0\n\t    ada1p3.eli  ONLINE       0     0     0\n\t    ada2p3.eli  ONLINE       0     0     0\n\t    ada3p3.eli  ONLINE       0     0     0\n\t    ada4p3.eli  ONLINE       0     0     0\n\nerrors: No known data errors\n\nroot@els1:/usr/src # fdisk /dev/ada0\n******* Working on device /dev/ada0 *******\nparameters extracted from in-core disklabel are:\ncylinders=581463 heads=16 sectors/track=63 (1008 blks/cyl)\n\nFigures below won't work with BIOS for partitions not in cyl 1\nparameters to be used for BIOS calculations are:\ncylinders=581463 heads=16 sectors/track=63 (1008 blks/cyl)\n\nMedia sector size is 512\nWarning: BIOS sector numbering starts with sector 1\nInformation from DOS bootblock is:\nThe data for partition 1 is:\nsysid 238 (0xee),(EFI GPT)\n    start 1, size 586114703 (286188 Meg), flag 0\n\tbeg: cyl 0/ head 0/ sector 2;\n\tend: cyl 1023/ head 255/ sector 63\nThe data for partition 2 is:\n\u003cUNUSED\u003e\nThe data for partition 3 is:\n\u003cUNUSED\u003e\nThe data for partition 4 is:\n\u003cUNUSED\u003e\nroot@els1:/usr/src # fdisk /dev/ada1\n******* Working on device /dev/ada1 *******\nparameters extracted from in-core disklabel are:\ncylinders=581463 heads=16 sectors/track=63 (1008 blks/cyl)\n\nFigures below won't work with BIOS for partitions not in cyl 1\nparameters to be used for BIOS calculations are:\ncylinders=581463 heads=16 sectors/track=63 (1008 blks/cyl)\n\nMedia sector size is 512\nWarning: BIOS sector numbering starts with sector 1\nInformation from DOS bootblock is:\nThe data for partition 1 is:\nsysid 238 (0xee),(EFI GPT)\n    start 1, size 586114703 (286188 Meg), flag 0\n\tbeg: cyl 0/ head 0/ sector 2;\n\tend: cyl 1023/ head 255/ sector 63\nThe data for partition 2 is:\n\u003cUNUSED\u003e\nThe data for partition 3 is:\n\u003cUNUSED\u003e\nThe data for partition 4 is:\n\u003cUNUSED\u003e\nroot@els1:/usr/src # fdisk /dev/ada2\n******* Working on device /dev/ada2 *******\nparameters extracted from in-core disklabel are:\ncylinders=581463 heads=16 sectors/track=63 (1008 blks/cyl)\n\nFigures below won't work with BIOS for partitions not in cyl 1\nparameters to be used for BIOS calculations are:\ncylinders=581463 heads=16 sectors/track=63 (1008 blks/cyl)\n\nMedia sector size is 512\nWarning: BIOS sector numbering starts with sector 1\nInformation from DOS bootblock is:\nThe data for partition 1 is:\nsysid 238 (0xee),(EFI GPT)\n    start 1, size 586114703 (286188 Meg), flag 0\n\tbeg: cyl 0/ head 0/ sector 2;\n\tend: cyl 1023/ head 255/ sector 63\nThe data for partition 2 is:\n\u003cUNUSED\u003e\nThe data for partition 3 is:\n\u003cUNUSED\u003e\nThe data for partition 4 is:\n\u003cUNUSED\u003e\nroot@els1:/usr/src # fdisk /dev/ada3\n******* Working on device /dev/ada3 *******\nparameters extracted from in-core disklabel are:\ncylinders=581463 heads=16 sectors/track=63 (1008 blks/cyl)\n\nFigures below won't work with BIOS for partitions not in cyl 1\nparameters to be used for BIOS calculations are:\ncylinders=581463 heads=16 sectors/track=63 (1008 blks/cyl)\n\nMedia sector size is 512\nWarning: BIOS sector numbering starts with sector 1\nInformation from DOS bootblock is:\nThe data for partition 1 is:\nsysid 238 (0xee),(EFI GPT)\n    start 1, size 586114703 (286188 Meg), flag 0\n\tbeg: cyl 0/ head 0/ sector 2;\n\tend: cyl 1023/ head 255/ sector 63\nThe data for partition 2 is:\n\u003cUNUSED\u003e\nThe data for partition 3 is:\n\u003cUNUSED\u003e\nThe data for partition 4 is:\n\u003cUNUSED\u003e\nroot@els1:/usr/src # fdisk /dev/ada4\n******* Working on device /dev/ada4 *******\nparameters extracted from in-core disklabel are:\ncylinders=581463 heads=16 sectors/track=63 (1008 blks/cyl)\n\nFigures below won't work with BIOS for partitions not in cyl 1\nparameters to be used for BIOS calculations are:\ncylinders=581463 heads=16 sectors/track=63 (1008 blks/cyl)\n\nMedia sector size is 512\nWarning: BIOS sector numbering starts with sector 1\nInformation from DOS bootblock is:\nThe data for partition 1 is:\nsysid 238 (0xee),(EFI GPT)\n    start 1, size 586114703 (286188 Meg), flag 0\n\tbeg: cyl 0/ head 0/ sector 2;\n\tend: cyl 1023/ head 255/ sector 63\nThe data for partition 2 is:\n\u003cUNUSED\u003e\nThe data for partition 3 is:\n\u003cUNUSED\u003e\nThe data for partition 4 is:\n\u003cUNUSED\u003e\n\nroot@els1:/usr/src # dmesg\nCopyright (c) 1992-2013 The FreeBSD Project.\nCopyright (c) 1979, 1980, 1983, 1986, 1988, 1989, 1991, 1992, 1993, 1994\n\tThe Regents of the University of California. All rights reserved.\nFreeBSD is a registered trademark of The FreeBSD Foundation.\nFreeBSD 10.0-BETA2 #0 r257166: Sat Oct 26 19:23:22 UTC 2013\n    root@snap.freebsd.org:/usr/obj/usr/src/sys/GENERIC amd64\nFreeBSD clang version 3.3 (tags/RELEASE_33/final 183502) 20130610\nCPU: Intel(R) Xeon(R) CPU           L5420  @ 2.50GHz (2500.14-MHz K8-class CPU)\n  Origin = \"GenuineIntel\"  Id = 0x10676  Family = 0x6  Model = 0x17  Stepping = 6\n  Features=0xbfebfbff\u003cFPU,VME,DE,PSE,TSC,MSR,PAE,MCE,CX8,APIC,SEP,MTRR,PGE,MCA,CMOV,PAT,PSE36,CLFLUSH,DTS,ACPI,MMX,FXSR,SSE,SSE2,SS,HTT,TM,PBE\u003e\n  Features2=0xce3bd\u003cSSE3,DTES64,MON,DS_CPL,VMX,EST,TM2,SSSE3,CX16,xTPR,PDCM,DCA,SSE4.1\u003e\n  AMD Features=0x20100800\u003cSYSCALL,NX,LM\u003e\n  AMD Features2=0x1\u003cLAHF\u003e\n  TSC: P-state invariant, performance statistics\nreal memory  = 8589934592 (8192 MB)\navail memory = 8269221888 (7886 MB)\nEvent timer \"LAPIC\" quality 400\nACPI APIC Table: \u003cPTLTD  \t APIC  \u003e\nFreeBSD/SMP: Multiprocessor System Detected: 8 CPUs\nFreeBSD/SMP: 2 package(s) x 4 core(s)\n cpu0 (BSP): APIC ID:  0\n cpu1 (AP): APIC ID:  1\n cpu2 (AP): APIC ID:  2\n cpu3 (AP): APIC ID:  3\n cpu4 (AP): APIC ID:  4\n cpu5 (AP): APIC ID:  5\n cpu6 (AP): APIC ID:  6\n cpu7 (AP): APIC ID:  7\nioapic0 \u003cVersion 2.0\u003e irqs 0-23 on motherboard\nioapic1 \u003cVersion 2.0\u003e irqs 24-47 on motherboard\nioapic2 \u003cVersion 2.0\u003e irqs 48-71 on motherboard\nrandom: \u003cSoftware, Yarrow\u003e initialized\nkbd1 at kbdmux0\ncryptosoft0: \u003csoftware crypto\u003e on motherboard\naesni0: No AESNI support.\nacpi0: \u003cPTLTD \t XSDT\u003e on motherboard\nacpi0: Power Button (fixed)\nunknown: I/O range not supported\ncpu0: \u003cACPI CPU\u003e on acpi0\ncpu1: \u003cACPI CPU\u003e on acpi0\ncpu2: \u003cACPI CPU\u003e on acpi0\ncpu3: \u003cACPI CPU\u003e on acpi0\ncpu4: \u003cACPI CPU\u003e on acpi0\ncpu5: \u003cACPI CPU\u003e on acpi0\ncpu6: \u003cACPI CPU\u003e on acpi0\ncpu7: \u003cACPI CPU\u003e on acpi0\nhpet0: \u003cHigh Precision Event Timer\u003e iomem 0xfed00000-0xfed003ff irq 0,8 on acpi0\nTimecounter \"HPET\" frequency 14318180 Hz quality 950\nEvent timer \"HPET\" frequency 14318180 Hz quality 350\nEvent timer \"HPET1\" frequency 14318180 Hz quality 340\nEvent timer \"HPET2\" frequency 14318180 Hz quality 340\natrtc0: \u003cAT realtime clock\u003e port 0x70-0x71 on acpi0\nEvent timer \"RTC\" frequency 32768 Hz quality 0\nattimer0: \u003cAT timer\u003e port 0x40-0x43,0x50-0x53 on acpi0\nTimecounter \"i8254\" frequency 1193182 Hz quality 0\nEvent timer \"i8254\" frequency 1193182 Hz quality 100\nTimecounter \"ACPI-fast\" frequency 3579545 Hz quality 900\nacpi_timer0: \u003c24-bit timer at 3.579545MHz\u003e port 0x1008-0x100b on acpi0\npcib0: \u003cACPI Host-PCI bridge\u003e port 0xcf8-0xcff on acpi0\npci0: \u003cACPI PCI bus\u003e on pcib0\npcib1: \u003cACPI PCI-PCI bridge\u003e irq 48 at device 1.0 on pci0\npci1: \u003cACPI PCI bus\u003e on pcib1\npcib2: \u003cACPI PCI-PCI bridge\u003e irq 50 at device 3.0 on pci0\npci2: \u003cACPI PCI bus\u003e on pcib2\npcib3: \u003cACPI PCI-PCI bridge\u003e irq 52 at device 5.0 on pci0\npci3: \u003cACPI PCI bus\u003e on pcib3\npcib4: \u003cACPI PCI-PCI bridge\u003e irq 54 at device 7.0 on pci0\npci4: \u003cACPI PCI bus\u003e on pcib4\npcib5: \u003cACPI PCI-PCI bridge\u003e irq 56 at device 9.0 on pci0\npci5: \u003cACPI PCI bus\u003e on pcib5\npcib6: \u003cACPI PCI-PCI bridge\u003e irq 56 at device 0.0 on pci5\npci6: \u003cACPI PCI bus\u003e on pcib6\npcib7: \u003cACPI PCI-PCI bridge\u003e irq 56 at device 0.0 on pci6\npci7: \u003cACPI PCI bus\u003e on pcib7\npcib8: \u003cACPI PCI-PCI bridge\u003e irq 71 at device 2.0 on pci6\npci8: \u003cACPI PCI bus\u003e on pcib8\nem0: \u003cIntel(R) PRO/1000 Network Connection 7.3.8\u003e port 0x2000-0x201f mem 0xde820000-0xde83ffff,0xde800000-0xde81ffff irq 71 at device 0.0 on pci8\nem0: Using an MSI interrupt\nem0: Ethernet address: 00:25:90:18:d1:50\nem1: \u003cIntel(R) PRO/1000 Network Connection 7.3.8\u003e port 0x2020-0x203f mem 0xde860000-0xde87ffff,0xde840000-0xde85ffff irq 70 at device 0.1 on pci8\nem1: Using an MSI interrupt\nem1: Ethernet address: 00:25:90:18:d1:51\npcib9: \u003cACPI PCI-PCI bridge\u003e at device 0.3 on pci5\npci9: \u003cACPI PCI bus\u003e on pcib9\nmvs0: \u003cMarvell 88SX6081 SATA controller\u003e port 0x3000-0x30ff mem 0xde200000-0xde2fffff,0xde400000-0xde7fffff irq 24 at device 1.0 on pci9\nmvs0: Gen-II, 8 3Gbps ports, Port Multiplier supported\nmvsch0: \u003cMarvell SATA channel\u003e at channel 0 on mvs0\nmvsch1: \u003cMarvell SATA channel\u003e at channel 1 on mvs0\nmvsch2: \u003cMarvell SATA channel\u003e at channel 2 on mvs0\nmvsch3: \u003cMarvell SATA channel\u003e at channel 3 on mvs0\nmvsch4: \u003cMarvell SATA channel\u003e at channel 4 on mvs0\nmvsch5: \u003cMarvell SATA channel\u003e at channel 5 on mvs0\nmvsch6: \u003cMarvell SATA channel\u003e at channel 6 on mvs0\nmvsch7: \u003cMarvell SATA channel\u003e at channel 7 on mvs0\npci0: \u003cbase peripheral\u003e at device 15.0 (no driver attached)\npcib10: \u003cACPI PCI-PCI bridge\u003e irq 16 at device 28.0 on pci0\npci10: \u003cACPI PCI bus\u003e on pcib10\nuhci0: \u003cIntel 631XESB/632XESB/3100 USB controller USB-1\u003e port 0x1800-0x181f irq 20 at device 29.0 on pci0\nusbus0 on uhci0\nuhci1: \u003cIntel 631XESB/632XESB/3100 USB controller USB-2\u003e port 0x1820-0x183f irq 21 at device 29.1 on pci0\nusbus1 on uhci1\nuhci2: \u003cIntel 631XESB/632XESB/3100 USB controller USB-3\u003e port 0x1840-0x185f irq 22 at device 29.2 on pci0\nusbus2 on uhci2\nuhci3: \u003cIntel 631XESB/632XESB/3100 USB controller USB-4\u003e port 0x1860-0x187f irq 23 at device 29.3 on pci0\nusbus3 on uhci3\nehci0: \u003cIntel 63XXESB USB 2.0 controller\u003e mem 0xdeb04000-0xdeb043ff irq 23 at device 29.7 on pci0\nusbus4: EHCI version 1.0\nusbus4 on ehci0\npcib11: \u003cACPI PCI-PCI bridge\u003e at device 30.0 on pci0\npci11: \u003cACPI PCI bus\u003e on pcib11\nvgapci0: \u003cVGA-compatible display\u003e port 0x4000-0x407f mem 0xdc000000-0xddffffff,0xdea00000-0xdea3ffff at device 1.0 on pci11\nisab0: \u003cPCI-ISA bridge\u003e at device 31.0 on pci0\nisa0: \u003cISA bus\u003e on isab0\nahci0: \u003cIntel ESB2 AHCI SATA controller\u003e port 0x18b0-0x18b7,0x18a4-0x18a7,0x18a8-0x18af,0x18a0-0x18a3,0x1880-0x189f mem 0xdeb04400-0xdeb047ff irq 17 at device 31.2 on pci0\nahci0: AHCI v1.10 with 6 3Gbps ports, Port Multiplier supported\nahcich0: \u003cAHCI channel\u003e at channel 0 on ahci0\nahcich1: \u003cAHCI channel\u003e at channel 1 on ahci0\nahcich2: \u003cAHCI channel\u003e at channel 2 on ahci0\nahcich3: \u003cAHCI channel\u003e at channel 3 on ahci0\nahcich4: \u003cAHCI channel\u003e at channel 4 on ahci0\nahcich5: \u003cAHCI channel\u003e at channel 5 on ahci0\npci0: \u003cserial bus, SMBus\u003e at device 31.3 (no driver attached)\nacpi_button0: \u003cPower Button\u003e on acpi0\natkbdc0: \u003cKeyboard controller (i8042)\u003e port 0x60,0x64 irq 1 on acpi0\natkbd0: \u003cAT Keyboard\u003e irq 1 on atkbdc0\nkbd0 at atkbd0\natkbd0: [GIANT-LOCKED]\nuart0: \u003c16550 or compatible\u003e port 0x3f8-0x3ff irq 4 flags 0x10 on acpi0\nuart1: \u003c16550 or compatible\u003e port 0x2f8-0x2ff irq 3 on acpi0\norm0: \u003cISA Option ROM\u003e at iomem 0xc0000-0xc7fff on isa0\nsc0: \u003cSystem console\u003e at flags 0x100 on isa0\nsc0: VGA \u003c16 virtual consoles, flags=0x300\u003e\nvga0: \u003cGeneric ISA VGA\u003e at port 0x3c0-0x3df iomem 0xa0000-0xbffff on isa0\nppc0: cannot reserve I/O port range\nest0: \u003cEnhanced SpeedStep Frequency Control\u003e on cpu0\np4tcc0: \u003cCPU Frequency Thermal Control\u003e on cpu0\nest1: \u003cEnhanced SpeedStep Frequency Control\u003e on cpu1\np4tcc1: \u003cCPU Frequency Thermal Control\u003e on cpu1\nest2: \u003cEnhanced SpeedStep Frequency Control\u003e on cpu2\np4tcc2: \u003cCPU Frequency Thermal Control\u003e on cpu2\nest3: \u003cEnhanced SpeedStep Frequency Control\u003e on cpu3\np4tcc3: \u003cCPU Frequency Thermal Control\u003e on cpu3\nest4: \u003cEnhanced SpeedStep Frequency Control\u003e on cpu4\np4tcc4: \u003cCPU Frequency Thermal Control\u003e on cpu4\nest5: \u003cEnhanced SpeedStep Frequency Control\u003e on cpu5\np4tcc5: \u003cCPU Frequency Thermal Control\u003e on cpu5\nest6: \u003cEnhanced SpeedStep Frequency Control\u003e on cpu6\np4tcc6: \u003cCPU Frequency Thermal Control\u003e on cpu6\nest7: \u003cEnhanced SpeedStep Frequency Control\u003e on cpu7\np4tcc7: \u003cCPU Frequency Thermal Control\u003e on cpu7\nZFS filesystem version: 5\nZFS storage pool version: features support (5000)\nTimecounters tick every 1.000 msec\nrandom: unblocking device.\nusbus0: 12Mbps Full Speed USB v1.0\nusbus1: 12Mbps Full Speed USB v1.0\nusbus2: 12Mbps Full Speed USB v1.0\nusbus3: 12Mbps Full Speed USB v1.0\nusbus4: 480Mbps High Speed USB v2.0\nugen0.1: \u003cIntel\u003e at usbus0\nuhub0: \u003cIntel UHCI root HUB, class 9/0, rev 1.00/1.00, addr 1\u003e on usbus0\nugen2.1: \u003cIntel\u003e at usbus2\nuhub1: \u003cIntel UHCI root HUB, class 9/0, rev 1.00/1.00, addr 1\u003e on usbus2\nugen1.1: \u003cIntel\u003e at usbus1\nuhub2: \u003cIntel UHCI root HUB, class 9/0, rev 1.00/1.00, addr 1\u003e on usbus1\nugen4.1: \u003cIntel\u003e at usbus4\nuhub3: \u003cIntel EHCI root HUB, class 9/0, rev 2.00/1.00, addr 1\u003e on usbus4\nugen3.1: \u003cIntel\u003e at usbus3\nuhub4: \u003cIntel UHCI root HUB, class 9/0, rev 1.00/1.00, addr 1\u003e on usbus3\nada0 at ahcich0 bus 0 scbus8 target 0 lun 0\nada0: \u003cMaxtor 7V300F0 VA111630\u003e ATA-7 SATA 2.x device\nada0: Serial Number V601GADG\nada0: 300.000MB/s transfers (SATA 2.x, UDMA6, PIO 8192bytes)\nada0: Command Queueing enabled\nada0: 286188MB (586114704 512 byte sectors: 16H 63S/T 16383C)\nada0: Previously was known as ad20\nada1 at ahcich1 bus 0 scbus9 target 0 lun 0\nada1: \u003cMaxtor 7V300F0 VA111630\u003e ATA-7 SATA 2.x device\nada1: Serial Number V601G9DG\nada1: 300.000MB/s transfers (SATA 2.x, UDMA6, PIO 8192bytes)\nada1: Command Queueing enabled\nada1: 286188MB (586114704 512 byte sectors: 16H 63S/T 16383C)\nada1: Previously was known as ad22\nada2 at ahcich2 bus 0 scbus10 target 0 lun 0\nada2: \u003cMaxtor 7V300F0 VA111630\u003e ATA-7 SATA 2.x device\nada2: Serial Number V601LJ1G\nada2: 300.000MB/s transfers (SATA 2.x, UDMA6, PIO 8192bytes)\nada2: Command Queueing enabled\nada2: 286188MB (586114704 512 byte sectors: 16H 63S/T 16383C)\nada2: Previously was known as ad24\nada3 at ahcich3 bus 0 scbus11 target 0 lun 0\nada3: \u003cMaxtor 7V300F0 VA111630\u003e ATA-7 SATA 2.x device\nada3: Serial Number V608FLHG\nada3: 300.000MB/s transfers (SATA 2.x, UDMA6, PIO 8192bytes)\nada3: Command Queueing enabled\nada3: 286188MB (586114704 512 byte sectors: 16H 63S/T 16383C)\nada3: Previously was known as ad26\nada4 at ahcich4 bus 0 scbus12 target 0 lun 0\nada4: \u003cMaxtor 7V300F0 VA111630\u003e ATA-7 SATA 2.x device\nada4: Serial Number V608FTFG\nada4: 300.000MB/s transfers (SATA 2.x, UDMA6, PIO 8192bytes)\nada4: Command Queueing enabled\nada4: 286188MB (586114704 512 byte sectors: 16H 63S/T 16383C)\nada4: Previously was known as ad28\nEnter passphrase for ada0p3: Netvsc initializing... SMP: AP CPU #4 Launched!\nSMP: AP CPU #1 Launched!\nSMP: AP CPU #3 Launched!\nSMP: AP CPU #2 Launched!\nSMP: AP CPU #5 Launched!\nSMP: AP CPU #6 Launched!\nSMP: AP CPU #7 Launched!\nuhub0: 2 ports with 2 removable, self powered\nuhub2: 2 ports with 2 removable, self powered\nuhub1: 2 ports with 2 removable, self powered\nuhub4: 2 ports with 2 removable, self powered\nuhub3: 8 ports with 8 removable, self powered\nugen0.2: \u003cLogitech\u003e at usbus0\nukbd0: \u003cLogitech USB Receiver, class 0/0, rev 2.00/12.01, addr 2\u003e on usbus0\nkbd2 at ukbd0\nugen2.2: \u003cLogitech\u003e at usbus2\nukbd1: \u003cLogitech Logitech USB Keyboard, class 0/0, rev 1.10/28.00, addr 2\u003e on usbus2\nkbd3 at ukbd1\nGEOM_ELI: Wrong key for ada0p3. Tries left: 2.\nEnter passphrase for ada0p3: GEOM_ELI: Device ada0p3.eli created.\nGEOM_ELI: Encryption: AES-XTS 256\nGEOM_ELI:     Crypto: software\nEnter passphrase for ada1p3: GEOM_ELI: Device ada1p3.eli created.\nGEOM_ELI: Encryption: AES-XTS 256\nGEOM_ELI:     Crypto: software\nEnter passphrase for ada2p3: GEOM_ELI: Device ada2p3.eli created.\nGEOM_ELI: Encryption: AES-XTS 256\nGEOM_ELI:     Crypto: software\nEnter passphrase for ada3p3: GEOM_ELI: Wrong key for ada3p3. Tries left: 2.\nEnter passphrase for ada3p3: GEOM_ELI: Wrong key for ada3p3. Tries left: 1.\nEnter passphrase for ada3p3: GEOM_ELI: Device ada3p3.eli created.\nGEOM_ELI: Encryption: AES-XTS 256\nGEOM_ELI:     Crypto: software\nEnter passphrase for ada4p3: GEOM_ELI: Device ada4p3.eli created.\nGEOM_ELI: Encryption: AES-XTS 256\nGEOM_ELI:     Crypto: software\nTrying to mount root from zfs:zroot/bootenv/default []...\nroot@els1:/usr/src #\n\nFix: \n\nIt appears the installer has not been programed to hand multiple disk events. The installer script should be modified to handle multiple disk, or a notice should be displayed that swap will be created on each disk.\nHow-To-Repeat: Installed FreeBSD using installer provided defaults. Root ZFS, 5 disk raidz with encryption (all defaults: i.e. AES-XTS). Requested these options from the installer configuration screen."
}