{
 "id": 452874,
 "bug_id": 125195,
 "attachment_id": 0,
 "creation_time": "2008-07-08T16:33:22Z",
 "creator": "francisgendreau@videotron.ca",
 "text": "verbose dmesg after hard power cycle:\n\nInstruction TLB: 4 KB Pages, 4-way set associative, 128 entries\nData TLB: 4 KB Pages, 4-way set associative, 128 entries\nInstruction TLB: 4 MB pages, fully associative, 2 entries\n2nd-level cache: 1 MB, 8-way set associative, 64 byte line size\n1st-level instruction cache: 32 KB, 8-way set associative, 64 byte line\nsize\nData TLB: 4 MB Pages, 4-way set associative, 8 entries\n1st-level data cache: 32 KB, 8-way set associative, 64 byte line size\nreal memory  = 527695872 (503 MB)\nPhysical memory chunk(s):\n0x0000000000001000 - 0x000000000009efff, 647168 bytes (158 pages)\n0x0000000000100000 - 0x00000000003fffff, 3145728 bytes (768 pages)\n0x0000000001028000 - 0x000000001ee22fff, 501198848 bytes (122363 pages)\navail memory = 502419456 (479 MB)\nTable 'FACP' at 0x1f740200\nTable 'OEMB' at 0x1f750040\nMADT: No MADT table found\nAPIC: Could not find any APICs.\npnpbios: Found PnP BIOS data at 0xc00f2e00\npnpbios: Entry = f0000:39da  Rev = 1.0\nOther BIOS signatures found:\nwlan_amrr: \u003cAMRR Transmit Rate Control Algorithm\u003e\nwlan: \u003c802.11 Link Layer\u003e\nfirmware: 'ipw_bss' version 130: 209190 bytes loaded at 0xc0d68738\nfirmware: 'ipw_ibss' version 130: 201138 bytes loaded at 0xc0d9d73c\nfirmware: 'ipw_monitor' version 130: 196458 bytes loaded at 0xc0dd0748\nsnd_unit_init() u=0x00ff8000 [512] d=0x00007c00 [32] c=0x000003ff [1024]\nfeeder_register: snd_unit=-1 snd_maxautovchans=16 latency=5\nfeeder_buffersize=16384 feeder_rate_min=1 feeder_rate_max=2016000\nfeeder_rate_round=25\nath_rate: version 1.2 \u003cSampleRate bit-rate selection algorithm\u003e\nnfslock: pseudo-device\nkbd: new array size 4\nkbd1 at kbdmux0\nio: \u003cI/O\u003e\nmem: \u003cmemory\u003e\nPentium Pro MTRR support enabled\nnull: \u003cnull device, zero device\u003e\nrandom: \u003centropy source, Software, Yarrow\u003e\nath_hal: 0.9.20.3 (AR5210, AR5211, AR5212, RF5111, RF5112, RF2413,\nRF5413)\nhptrr: HPT RocketRAID controller driver v1.1 (Feb 24 2008 19:59:27)\nACPI: RSDP @ 0x0xf4b70/0x0014 (v  0 ACPIAM)\nACPI: RSDT @ 0x0x1f740000/0x002C (v  1 A M I  OEMRSDT  0x05000314 MSFT\n0x00000097)\nACPI: FACP @ 0x0x1f740200/0x0081 (v  2 A M I  OEMFACP  0x05000314 MSFT\n0x00000097)\nACPI: DSDT @ 0x0x1f740300/0x7323 (v  1  0ABBD 0ABBD001 0x00000001 MSFT\n0x0100000D)\nACPI: FACS @ 0x0x1f750000/0x0040\nACPI: OEMB @ 0x0x1f750040/0x004D (v  1 A M I  OEMBIOS  0x05000314 MSFT\n0x00000097)\nnpx0: INT 16 interface\nacpi0: \u003cA M I OEMRSDT\u003e on motherboard\nacpi0: [MPSAFE]\nacpi0: [ITHREAD]\npci_open(1):\tmode 1 addr port (0x0cf8) is 0x8000005c\npci_open(1a):\tmode1res=0x80000000 (0x80000000)\npci_cfgcheck:\tdevice 0 [class=060000] [hdr=80] is there (id=35808086)\npcibios: No call entry point\nAcpiOsDerivePciId: \\\\_SB_.PCI0.P0P1.CBS0.CBSP -\u003e bus 1 dev 5 func 0\nacpi0: Power Button (fixed)\nacpi0: wakeup code va 0xccd3f000 pa 0x1000\natpic: Programming IRQ9 as level/low\nAcpiOsDerivePciId: \\\\_SB_.PCI0.SBRG.FHR0 -\u003e bus 0 dev 31 func 0\nAcpiOsDerivePciId: \\\\_SB_.PCI0.SBRG.IROR -\u003e bus 0 dev 31 func 0\nacpi0: reservation of 0, a0000 (3) failed\nacpi0: reservation of 100000, 1f700000 (3) failed\nACPI timer: 1/1 1/1 1/0 1/1 1/1 1/1 1/0 1/1 1/1 1/1 -\u003e 10\nTimecounter \"ACPI-fast\" frequency 3579545 Hz quality 1000\nacpi_timer0: \u003c24-bit timer at 3.579545MHz\u003e port 0xe408-0xe40b on acpi0\nacpi_ec0: \u003cEmbedded Controller: GPE 0x1c\u003e port 0x62,0x66 on acpi0\npci_link0:        Index  IRQ  Rtd  Ref  IRQs\n  Initial Probe       0   11   N     0  3 4 5 6 7 11 12\n  Validation          0   11   N     0  3 4 5 6 7 11 12\n  After Disable       0  255   N     0  3 4 5 6 7 11 12\npci_link1:        Index  IRQ  Rtd  Ref  IRQs\n  Initial Probe       0  255   N     0  3 4 5 6 7 11 12\n  Validation          0  255   N     0  3 4 5 6 7 11 12\n  After Disable       0  255   N     0  3 4 5 6 7 11 12\npci_link2:        Index  IRQ  Rtd  Ref  IRQs\n  Initial Probe       0    4   N     0  4 12\n  Validation          0    4   N     0  4 12\n  After Disable       0  255   N     0  4 12\npci_link3:        Index  IRQ  Rtd  Ref  IRQs\n  Initial Probe       0    5   N     0  5 6\n  Validation          0    5   N     0  5 6\n  After Disable       0  255   N     0  5 6\npci_link4:        Index  IRQ  Rtd  Ref  IRQs\n  Initial Probe       0   11   N     0  6 11\n  Validation          0   11   N     0  6 11\n  After Disable       0  255   N     0  6 11\npci_link5:        Index  IRQ  Rtd  Ref  IRQs\n  Initial Probe       0  255   N     0  3 7\n  Validation          0  255   N     0  3 7\n  After Disable       0  255   N     0  3 7\npci_link6:        Index  IRQ  Rtd  Ref  IRQs\n  Initial Probe       0  255   N     0  4 7\n  Validation          0  255   N     0  4 7\n  After Disable       0  255   N     0  4 7\npci_link7:        Index  IRQ  Rtd  Ref  IRQs\n  Initial Probe       0    4   N     0  4 6 12\n  Validation          0    4   N     0  4 6 12\n  After Disable       0  255   N     0  4 6 12\ncpu0: \u003cACPI CPU\u003e on acpi0\ncpu0: switching to generic Cx mode\nest0: \u003cEnhanced SpeedStep Frequency Control\u003e on cpu0\np4tcc0: \u003cCPU Frequency Thermal Control\u003e on cpu0\npcib0: \u003cACPI Host-PCI bridge\u003e port 0xcf8-0xcff on acpi0\nACPI: Found matching pin for 0.2.INTA at func 0: 11\nACPI: Found matching pin for 0.31.INTA at func 1: 255\nACPI: Found matching pin for 0.31.INTB at func 5: 255\nACPI: Found matching pin for 0.31.INTB at func 6: 255\nACPI: Found matching pin for 0.29.INTA at func 0: 11\nACPI: Found matching pin for 0.29.INTB at func 1: 5\nACPI: Found matching pin for 0.29.INTC at func 2: 4\nACPI: Found matching pin for 0.29.INTD at func 7: 4\npci0: \u003cACPI PCI bus\u003e on pcib0\npci0: domain=0, physical bus=0\nfound-\u003e\tvendor=0x8086, dev=0x3580, revid=0x02\n\tdomain=0, bus=0, slot=0, func=0\n\tclass=06-00-00, hdrtype=0x00, mfdev=1\n\tcmdreg=0x0106, statreg=0x2090, cachelnsz=0 (dwords)\n\tlattimer=0x00 (0 ns), mingnt=0x00 (0 ns), maxlat=0x00 (0 ns)\nfound-\u003e\tvendor=0x8086, dev=0x3584, revid=0x02\n\tdomain=0, bus=0, slot=0, func=1\n\tclass=08-80-00, hdrtype=0x00, mfdev=0\n\tcmdreg=0x0006, statreg=0x0080, cachelnsz=0 (dwords)\n\tlattimer=0x00 (0 ns), mingnt=0x00 (0 ns), maxlat=0x00 (0 ns)\nfound-\u003e\tvendor=0x8086, dev=0x3585, revid=0x02\n\tdomain=0, bus=0, slot=0, func=3\n\tclass=08-80-00, hdrtype=0x00, mfdev=1\n\tcmdreg=0x0006, statreg=0x0080, cachelnsz=0 (dwords)\n\tlattimer=0x00 (0 ns), mingnt=0x00 (0 ns), maxlat=0x00 (0 ns)\nfound-\u003e\tvendor=0x8086, dev=0x3582, revid=0x02\n\tdomain=0, bus=0, slot=2, func=0\n\tclass=03-00-00, hdrtype=0x00, mfdev=1\n\tcmdreg=0x0007, statreg=0x0090, cachelnsz=0 (dwords)\n\tlattimer=0x00 (0 ns), mingnt=0x00 (0 ns), maxlat=0x00 (0 ns)\n\tintpin=a, irq=11\n\tpowerspec 1  supports D0 D1 D3  current D0\n\tmap[10]: type Prefetchable Memory, range 32, base 0xf0000000, size 27,\nenabled\n\tmap[14]: type Memory, range 32, base 0xffa80000, size 19, enabled\n\tmap[18]: type I/O Port, range 32, base 0xdc00, size  3, enabled\npcib0: matched entry for 0.2.INTA (src \\\\_SB_.LNKA:0)\npcib0: slot 2 INTA routed to irq 11 via \\\\_SB_.LNKA\nfound-\u003e\tvendor=0x8086, dev=0x3582, revid=0x02\n\tdomain=0, bus=0, slot=2, func=1\n\tclass=03-80-00, hdrtype=0x00, mfdev=1\n\tcmdreg=0x0007, statreg=0x0090, cachelnsz=0 (dwords)\n\tlattimer=0x00 (0 ns), mingnt=0x00 (0 ns), maxlat=0x00 (0 ns)\n\tpowerspec 1  supports D0 D1 D3  current D0\n\tmap[10]: type Prefetchable Memory, range 32, base 0xe8000000, size 27,\nenabled\n\tmap[14]: type Memory, range 32, base 0xff980000, size 19, enabled\nfound-\u003e\tvendor=0x8086, dev=0x24c2, revid=0x03\n\tdomain=0, bus=0, slot=29, func=0\n\tclass=0c-03-00, hdrtype=0x00, mfdev=1\n\tcmdreg=0x0005, statreg=0x0280, cachelnsz=0 (dwords)\n\tlattimer=0x00 (0 ns), mingnt=0x00 (0 ns), maxlat=0x00 (0 ns)\n\tintpin=a, irq=11\n\tmap[20]: type I/O Port, range 32, base 0xd480, size  5, enabled\npcib0: matched entry for 0.29.INTA (src \\\\_SB_.LNKA:0)\npcib0: slot 29 INTA routed to irq 11 via \\\\_SB_.LNKA\nfound-\u003e\tvendor=0x8086, dev=0x24c4, revid=0x03\n\tdomain=0, bus=0, slot=29, func=1\n\tclass=0c-03-00, hdrtype=0x00, mfdev=0\n\tcmdreg=0x0005, statreg=0x0280, cachelnsz=0 (dwords)\n\tlattimer=0x00 (0 ns), mingnt=0x00 (0 ns), maxlat=0x00 (0 ns)\n\tintpin=b, irq=5\n\tmap[20]: type I/O Port, range 32, base 0xd800, size  5, enabled\npcib0: matched entry for 0.29.INTB (src \\\\_SB_.LNKD:0)\npcib0: slot 29 INTB routed to irq 5 via \\\\_SB_.LNKD\nfound-\u003e\tvendor=0x8086, dev=0x24c7, revid=0x03\n\tdomain=0, bus=0, slot=29, func=2\n\tclass=0c-03-00, hdrtype=0x00, mfdev=0\n\tcmdreg=0x0005, statreg=0x0280, cachelnsz=0 (dwords)\n\tlattimer=0x00 (0 ns), mingnt=0x00 (0 ns), maxlat=0x00 (0 ns)\n\tintpin=c, irq=4\n\tmap[20]: type I/O Port, range 32, base 0xd880, size  5, enabled\npcib0: matched entry for 0.29.INTC (src \\\\_SB_.LNKC:0)\npcib0: slot 29 INTC routed to irq 4 via \\\\_SB_.LNKC\nfound-\u003e\tvendor=0x8086, dev=0x24cd, revid=0x03\n\tdomain=0, bus=0, slot=29, func=7\n\tclass=0c-03-20, hdrtype=0x00, mfdev=0\n\tcmdreg=0x0106, statreg=0x0290, cachelnsz=0 (dwords)\n\tlattimer=0x00 (0 ns), mingnt=0x00 (0 ns), maxlat=0x00 (0 ns)\n\tintpin=d, irq=4\n\tpowerspec 2  supports D0 D3  current D0\n\tmap[10]: type Memory, range 32, base 0xffa7fc00, size 10, enabled\npcib0: matched entry for 0.29.INTD (src \\\\_SB_.LNKH:0)\npcib0: slot 29 INTD routed to irq 4 via \\\\_SB_.LNKH\nfound-\u003e\tvendor=0x8086, dev=0x2448, revid=0x83\n\tdomain=0, bus=0, slot=30, func=0\n\tclass=06-04-00, hdrtype=0x01, mfdev=0\n\tcmdreg=0x0107, statreg=0x8080, cachelnsz=0 (dwords)\n\tlattimer=0x00 (0 ns), mingnt=0x06 (1500 ns), maxlat=0x00 (0 ns)\nfound-\u003e\tvendor=0x8086, dev=0x24cc, revid=0x03\n\tdomain=0, bus=0, slot=31, func=0\n\tclass=06-01-00, hdrtype=0x00, mfdev=1\n\tcmdreg=0x000f, statreg=0x0280, cachelnsz=0 (dwords)\n\tlattimer=0x00 (0 ns), mingnt=0x00 (0 ns), maxlat=0x00 (0 ns)\nfound-\u003e\tvendor=0x8086, dev=0x24ca, revid=0x03\n\tdomain=0, bus=0, slot=31, func=1\n\tclass=01-01-8a, hdrtype=0x00, mfdev=0\n\tcmdreg=0x0005, statreg=0x0280, cachelnsz=0 (dwords)\n\tlattimer=0x00 (0 ns), mingnt=0x00 (0 ns), maxlat=0x00 (0 ns)\n\tintpin=a, irq=255\n\tmap[20]: type I/O Port, range 32, base 0xffa0, size  4, enabled\n\tmap[24]: type Memory, range 32, base 0, size 10, memory disabled\nfound-\u003e\tvendor=0x8086, dev=0x24c5, revid=0x03\n\tdomain=0, bus=0, slot=31, func=5\n\tclass=04-01-00, hdrtype=0x00, mfdev=0\n\tcmdreg=0x0005, statreg=0x0290, cachelnsz=0 (dwords)\n\tlattimer=0x00 (0 ns), mingnt=0x00 (0 ns), maxlat=0x00 (0 ns)\n\tintpin=b, irq=255\n\tpowerspec 2  supports D0 D3  current D0\n\tmap[10]: type I/O Port, range 32, base 0xe000, size  8, enabled\n\tmap[14]: type I/O Port, range 32, base 0xe100, size  6, enabled\n\tmap[18]: type Memory, range 32, base 0, size  9, memory disabled\n\tmap[1c]: type Memory, range 32, base 0, size  8, memory disabled\nfound-\u003e\tvendor=0x8086, dev=0x24c6, revid=0x03\n\tdomain=0, bus=0, slot=31, func=6\n\tclass=07-03-00, hdrtype=0x00, mfdev=0\n\tcmdreg=0x0005, statreg=0x0290, cachelnsz=0 (dwords)\n\tlattimer=0x00 (0 ns), mingnt=0x00 (0 ns), maxlat=0x00 (0 ns)\n\tintpin=b, irq=255\n\tpowerspec 2  supports D0 D3  current D0\n\tmap[10]: type I/O Port, range 32, base 0xe200, size  8, enabled\n\tmap[14]: type I/O Port, range 32, base 0xe300, size  7, enabled\npci0: \u003cbase peripheral\u003e at device 0.1 (no driver attached)\npci0: \u003cbase peripheral\u003e at device 0.3 (no driver attached)\nvgapci0: \u003cVGA-compatible display\u003e port 0xdc00-0xdc07 mem\n0xf0000000-0xf7ffffff,0xffa80000-0xffafffff irq 11 at device 2.0 on pci0\nagp0: \u003cIntel 8285xM (85xGM GMCH) SVGA controller\u003e on vgapci0\nvgapci0: Reserved 0x8000000 bytes for rid 0x10 type 3 at 0xf0000000\nvgapci0: Reserved 0x80000 bytes for rid 0x14 type 3 at 0xffa80000\nagp0: detected 8060k stolen memory\nagp0: aperture size is 128M\nvgapci1: \u003cVGA-compatible display\u003e mem\n0xe8000000-0xefffffff,0xff980000-0xff9fffff at device 2.1 on pci0\nuhci0: \u003cIntel 82801DB (ICH4) USB controller USB-A\u003e port 0xd480-0xd49f\nirq 11 at device 29.0 on pci0\nuhci0: Reserved 0x20 bytes for rid 0x20 type 4 at 0xd480\nuhci0: [GIANT-LOCKED]\nuhci0: [ITHREAD]\nusb0: \u003cIntel 82801DB (ICH4) USB controller USB-A\u003e on uhci0\nusb0: USB revision 1.0\nuhub0: \u003cIntel UHCI root hub, class 9/0, rev 1.00/1.00, addr 1\u003e on usb0\nuhub0: 2 ports with 2 removable, self powered\nuhci1: \u003cIntel 82801DB (ICH4) USB controller USB-B\u003e port 0xd800-0xd81f\nirq 5 at device 29.1 on pci0\nuhci1: Reserved 0x20 bytes for rid 0x20 type 4 at 0xd800\nuhci1: [GIANT-LOCKED]\nuhci1: [ITHREAD]\nusb1: \u003cIntel 82801DB (ICH4) USB controller USB-B\u003e on uhci1\nusb1: USB revision 1.0\nuhub1: \u003cIntel UHCI root hub, class 9/0, rev 1.00/1.00, addr 1\u003e on usb1\nuhub1: 2 ports with 2 removable, self powered\nuhci2: \u003cIntel 82801DB (ICH4) USB controller USB-C\u003e port 0xd880-0xd89f\nirq 4 at device 29.2 on pci0\nuhci2: Reserved 0x20 bytes for rid 0x20 type 4 at 0xd880\nuhci2: [GIANT-LOCKED]\nuhci2: [ITHREAD]\nusb2: \u003cIntel 82801DB (ICH4) USB controller USB-C\u003e on uhci2\nusb2: USB revision 1.0\nuhub2: \u003cIntel UHCI root hub, class 9/0, rev 1.00/1.00, addr 1\u003e on usb2\nuhub2: 2 ports with 2 removable, self powered\nehci0: \u003cIntel 82801DB/L/M (ICH4) USB 2.0 controller\u003e mem\n0xffa7fc00-0xffa7ffff irq 4 at device 29.7 on pci0\nehci0: Reserved 0x400 bytes for rid 0x10 type 3 at 0xffa7fc00\nehci0: [GIANT-LOCKED]\nehci0: [ITHREAD]\nusb3: EHCI version 1.0\nusb3: companion controllers, 2 ports each: usb0 usb1 usb2\nusb3: \u003cIntel 82801DB/L/M (ICH4) USB 2.0 controller\u003e on ehci0\nusb3: USB revision 2.0\nuhub3: \u003cIntel EHCI root hub, class 9/0, rev 2.00/1.00, addr 1\u003e on usb3\nuhub3: 6 ports with 6 removable, self powered\npcib1: \u003cACPI PCI-PCI bridge\u003e at device 30.0 on pci0\npcib1:   domain            0\npcib1:   secondary bus     1\npcib1:   subordinate bus   1\npcib1:   I/O decode        0xc000-0xcfff\npcib1:   memory decode     0xff700000-0xff7fffff\npcib1:   prefetched decode 0xdea00000-0xdeafffff\npcib1:   Subtractively decoded bridge.\nACPI: Found matching pin for 1.8.INTA at func 0: 11\nACPI: Found matching pin for 1.5.INTA at func 0: 255\nACPI: Found matching pin for 1.5.INTB at func 1: 11\nACPI: Found matching pin for 1.4.INTA at func 0: 4\npci1: \u003cACPI PCI bus\u003e on pcib1\npci1: domain=0, physical bus=1\nfound-\u003e\tvendor=0x8086, dev=0x1043, revid=0x04\n\tdomain=0, bus=1, slot=4, func=0\n\tclass=02-80-00, hdrtype=0x00, mfdev=0\n\tcmdreg=0x0116, statreg=0x0290, cachelnsz=16 (dwords)\n\tlattimer=0x40 (1920 ns), mingnt=0x02 (500 ns), maxlat=0x22 (8500 ns)\n\tintpin=a, irq=4\n\tpowerspec 2  supports D0 D3  current D0\n\tmap[10]: type Memory, range 32, base 0xff7fd000, size 12, enabled\npcib1: requested memory range 0xff7fd000-0xff7fdfff: good\npcib1: matched entry for 1.4.INTA (src \\\\_SB_.LNKC:0)\npcib1: slot 4 INTA routed to irq 4 via \\\\_SB_.LNKC\nfound-\u003e\tvendor=0x1180, dev=0x0475, revid=0xb8\n\tdomain=0, bus=1, slot=5, func=0\n\tclass=06-07-00, hdrtype=0x02, mfdev=1\n\tcmdreg=0x0007, statreg=0x0210, cachelnsz=0 (dwords)\n\tlattimer=0x20 (960 ns), mingnt=0x80 (32000 ns), maxlat=0x07 (1750 ns)\n\tintpin=a, irq=255\n\tpowerspec 2  supports D0 D1 D2 D3  current D0\n\tmap[10]: type Memory, range 32, base 0, size 12, enabled\nfound-\u003e\tvendor=0x1180, dev=0x0551, revid=0x00\n\tdomain=0, bus=1, slot=5, func=1\n\tclass=0c-00-10, hdrtype=0x00, mfdev=1\n\tcmdreg=0x0106, statreg=0x0210, cachelnsz=0 (dwords)\n\tlattimer=0x40 (1920 ns), mingnt=0x02 (500 ns), maxlat=0x04 (1000 ns)\n\tintpin=b, irq=11\n\tpowerspec 2  supports D0 D3  current D0\n\tmap[10]: type Memory, range 32, base 0xff7fe800, size 11, enabled\npcib1: requested memory range 0xff7fe800-0xff7fefff: good\npcib1: matched entry for 1.5.INTB (src \\\\_SB_.LNKA:0)\npcib1: slot 5 INTB routed to irq 11 via \\\\_SB_.LNKA\nfound-\u003e\tvendor=0x8086, dev=0x103e, revid=0x83\n\tdomain=0, bus=1, slot=8, func=0\n\tclass=02-00-00, hdrtype=0x00, mfdev=0\n\tcmdreg=0x0117, statreg=0x0290, cachelnsz=16 (dwords)\n\tlattimer=0x40 (1920 ns), mingnt=0x08 (2000 ns), maxlat=0x38 (14000 ns)\n\tintpin=a, irq=11\n\tpowerspec 2  supports D0 D1 D2 D3  current D0\n\tmap[10]: type Memory, range 32, base 0xff7ff000, size 12, enabled\npcib1: requested memory range 0xff7ff000-0xff7fffff: good\n\tmap[14]: type I/O Port, range 32, base 0xcc00, size  6, enabled\npcib1: requested I/O range 0xcc00-0xcc3f: in range\npcib1: matched entry for 1.8.INTA (src \\\\_SB_.LNKE:0)\npcib1: slot 8 INTA routed to irq 11 via \\\\_SB_.LNKE\nipw0: \u003cIntel(R) PRO/Wireless 2100 MiniPCI\u003e mem 0xff7fd000-0xff7fdfff irq\n4 at device 4.0 on pci1\nipw0: Reserved 0x1000 bytes for rid 0x10 type 3 at 0xff7fd000\nipw0: bpf attached\nipw0: Ethernet address: 00:04:23:71:77:46\nipw0: bpf attached\nipw0: bpf attached\nipw0: [MPSAFE]\nipw0: [ITHREAD]\nipw0: 11b rates: 1Mbps 2Mbps 5.5Mbps 11Mbps\ncbb0: \u003cRF5C475 PCI-CardBus Bridge\u003e at device 5.0 on pci1\npcib1: cbb0 requested memory range 0xff700000-0xff7fffff: good\ncbb0: Lazy allocation of 0x1000 bytes rid 0x10 type 3 at 0xff700000\ncardbus0: \u003cCardBus bus\u003e on cbb0\npccard0: \u003c16-bit PCCard bus\u003e on cbb0\npcib1: matched entry for 1.5.INTA (src \\\\_SB_.LNKB:0)\npci_link1: Picked IRQ 9 with weight 0\npcib1: slot 5 INTA routed to irq 9 via \\\\_SB_.LNKB\ncbb0: [MPSAFE]\ncbb0: [ITHREAD]\ncbb0: PCI Configuration space:\n  0x00: 0x04751180 0x02100007 0x060700b8 0x00822000 \n  0x10: 0xff700000 0x020000dc 0x20030201 0xfffff000 \n  0x20: 0x00000000 0xfffff000 0x00000000 0xfffffffc \n  0x30: 0x00000000 0xfffffffc 0x00000000 0x07000109 \n  0x40: 0x17441043 0x00000001 0x00000000 0x00000000 \n  0x50: 0x00000000 0x00000000 0x00000000 0x00000000 \n  0x60: 0x00000000 0x00000000 0x00000000 0x00000000 \n  0x70: 0x00000000 0x00000000 0x00000000 0x00000000 \n  0x80: 0x20a00001 0x00000000 0x04630463 0x00000000 \n  0x90: 0x00000000 0x00000000 0x00000000 0x00000000 \n  0xa0: 0x80000000 0x00000000 0x00000000 0x00000000 \n  0xb0: 0x00000000 0x00000000 0x00000000 0x00000000 \n  0xc0: 0x17441043 0x00000000 0x00000000 0x00000000 \n  0xd0: 0x00000000 0x00000000 0x00000000 0xfe0a0001 \n  0xe0: 0x24c04000 0x00000000 0x00000000 0x00000000 \n  0xf0: 0x00000000 0x00000000 0x00000000 0x00000000 \nfwohci0: \u003cRicoh R5C551\u003e mem 0xff7fe800-0xff7fefff irq 11 at device 5.1\non pci1\nfwohci0: Reserved 0x800 bytes for rid 0x10 type 3 at 0xff7fe800\nfwohci0: [MPSAFE]\nfwohci0: [FILTER]\nfwohci0: OHCI version 1.0 (ROM=1)\nfwohci0: No. of Isochronous channels is 4.\nfwohci0: EUI64 00:e0:18:00:03:10:02:07\nfwohci0: Phy 1394a available S400, 2 ports.\nfwohci0: Link S400, max_rec 2048 bytes.\nfirewire0: \u003cIEEE1394(FireWire) bus\u003e on fwohci0\nfwe0: \u003cEthernet over FireWire\u003e on firewire0\nif_fwe0: Fake Ethernet address: 02:e0:18:10:02:07\nfwe0: bpf attached\nfwe0: Ethernet address: 02:e0:18:10:02:07\nfwip0: \u003cIP over FireWire\u003e on firewire0\nfwip0: bpf attached\nfwip0: Firewire address: 00:e0:18:00:03:10:02:07 @ 0xfffe00000000, S400,\nmaxrec 2048\nsbp0: \u003cSBP-2/SCSI over FireWire\u003e on firewire0\ndcons_crom0: \u003cdcons configuration ROM\u003e on firewire0\ndcons_crom0: bus_addr 0x1374000\nfwohci0: Initiate bus reset\nfwohci0: BUS reset\nfwohci0: node_id=0xc800ffc0, gen=1, CYCLEMASTER mode\nfxp0: \u003cIntel 82801DB (ICH4) Pro/100 VM Ethernet\u003e port 0xcc00-0xcc3f mem\n0xff7ff000-0xff7fffff irq 11 at device 8.0 on pci1\nfxp0: Reserved 0x1000 bytes for rid 0x10 type 3 at 0xff7ff000\nfxp0: using memory space register mapping\nfxp0: PCI IDs: 8086 103e 1043 1745 0083\nfxp0: Dynamic Standby mode is disabled\nfxp0: fxp_miibus_readreg: timed out\nfxp0: fxp_miibus_readreg: timed out\nfxp0: fxp_miibus_readreg: timed out\nfxp0: fxp_miibus_readreg: timed out\nfxp0: fxp_miibus_readreg: timed out\nfxp0: fxp_miibus_readreg: timed out\nfxp0: fxp_miibus_readreg: timed out\nfxp0: fxp_miibus_readreg: timed out\nfxp0: fxp_miibus_readreg: timed out\nfxp0: fxp_miibus_readreg: timed out\nfxp0: fxp_miibus_readreg: timed out\nfxp0: fxp_miibus_readreg: timed out\nfxp0: fxp_miibus_readreg: timed out\nfxp0: fxp_miibus_readreg: timed out\nfxp0: fxp_miibus_readreg: timed out\nfxp0: fxp_miibus_readreg: timed out\nfxp0: fxp_miibus_readreg: timed out\nfxp0: fxp_miibus_readreg: timed out\nfxp0: fxp_miibus_readreg: timed out\nfxp0: fxp_miibus_readreg: timed out\nfxp0: fxp_miibus_readreg: timed out\nfxp0: fxp_miibus_readreg: timed out\nfxp0: fxp_miibus_readreg: timed out\nfxp0: fxp_miibus_readreg: timed out\nfxp0: fxp_miibus_readreg: timed out\nfxp0: fxp_miibus_readreg: timed out\nfxp0: fxp_miibus_readreg: timed out\nfxp0: fxp_miibus_readreg: timed out\nfxp0: fxp_miibus_readreg: timed out\nfxp0: fxp_miibus_readreg: timed out\nfxp0: fxp_miibus_readreg: timed out\nfxp0: fxp_miibus_readreg: timed out\nfxp0: MII without any PHY!\ndevice_attach: fxp0 attach returned 6\nisab0: \u003cPCI-ISA bridge\u003e at device 31.0 on pci0\nisa0: \u003cISA bus\u003e on isab0\natapci0: \u003cIntel ICH4 UDMA100 controller\u003e port\n0x1f0-0x1f7,0x3f6,0x170-0x177,0x376,0xffa0-0xffaf at device 31.1 on pci0\natapci0: Reserved 0x10 bytes for rid 0x20 type 4 at 0xffa0\nata0: \u003cATA channel 0\u003e on atapci0\natapci0: Reserved 0x8 bytes for rid 0x10 type 4 at 0x1f0\natapci0: Reserved 0x1 bytes for rid 0x14 type 4 at 0x3f6\nata0: reset tp1 mask=03 ostat0=50 ostat1=00\nata0: stat0=0x90 err=0x90 lsb=0x90 msb=0x90\nata0: stat0=0x50 err=0x01 lsb=0x00 msb=0x00\nata0: stat1=0x00 err=0x01 lsb=0x00 msb=0x00\nata0: reset tp2 stat0=50 stat1=00 devices=0x1\u003cATA_MASTER\u003e\nata0: [MPSAFE]\nata0: [ITHREAD]\nata1: \u003cATA channel 1\u003e on atapci0\natapci0: Reserved 0x8 bytes for rid 0x18 type 4 at 0x170\natapci0: Reserved 0x1 bytes for rid 0x1c type 4 at 0x376\nata1: reset tp1 mask=03 ostat0=50 ostat1=00\nata1: stat0=0x10 err=0x01 lsb=0x14 msb=0xeb\nata1: stat1=0x00 err=0x01 lsb=0x7f msb=0x7f\nata1: reset tp2 stat0=10 stat1=00 devices=0x4\u003cATAPI_MASTER\u003e\nata1: [MPSAFE]\nata1: [ITHREAD]\npcm0: \u003cIntel ICH4 (82801DB)\u003e port 0xe000-0xe0ff,0xe100-0xe13f at device\n31.5 on pci0\npcm0: Lazy allocation of 0x200 bytes rid 0x18 type 3 at 0x80000000\npcm0: Lazy allocation of 0x100 bytes rid 0x1c type 3 at 0x80000200\npcib0: matched entry for 0.31.INTB (src \\\\_SB_.LNKB:0)\npcib0: slot 31 INTB routed to irq 9 via \\\\_SB_.LNKB\npcm0: [MPSAFE]\npcm0: [ITHREAD]\npcm0: \u003cSigmaTel STAC9750/51 AC97 Codec (id = 0x83847650)\u003e\npcm0: Codec features headphone, 20 bit DAC, 20 bit ADC, 5 bit master\nvolume, SigmaTel 3D Enhancement\npcm0: Primary codec extended features variable rate PCM, reserved 1,\nAMAP, reserved 4\npcm0: ac97 codec dac ready count: 0\npcm0: Mixer \"vol\":\npcm0: Mixer \"pcm\":\npcm0: Mixer \"speaker\":\npcm0: Mixer \"line\":\npcm0: Mixer \"mic\":\npcm0: Mixer \"cd\":\npcm0: Mixer \"rec\":\npcm0: Mixer \"igain\":\npcm0: Mixer \"ogain\":\npcm0: Mixer \"line1\":\npcm0: Mixer \"phin\":\npcm0: Mixer \"phout\":\npcm0: Mixer \"video\":\npcm0: clone manager: deadline=750ms flags=0x8000001e\npcm0: sndbuf_setmap 1620000, 4000; 0xd4d6f000 -\u003e 1620000\npcm0: sndbuf_setmap 162c000, 4000; 0xd4d73000 -\u003e 162c000\npci0: \u003csimple comms, generic modem\u003e at device 31.6 (no driver attached)\nacpi_button0: \u003cSleep Button\u003e on acpi0\nacpi_lid0: \u003cControl Method Lid Switch\u003e on acpi0\nacpi_tz0: \u003cThermal Zone\u003e on acpi0\nacpi_acad0: \u003cAC Adapter\u003e on acpi0\nbattery0: \u003cACPI Control Method Battery\u003e on acpi0\nbattery1: \u003cACPI Control Method Battery\u003e on acpi0\natkbdc0: \u003cKeyboard controller (i8042)\u003e port 0x60,0x64 irq 1 on acpi0\natkbd0: \u003cAT Keyboard\u003e irq 1 on atkbdc0\natkbd: the current kbd controller command byte 0065\natkbd: keyboard ID 0x41ab (2)\nkbd0 at atkbd0\nkbd0: atkbd0, AT 101/102 (2), config:0x0, flags:0x3d0000\natkbd0: [GIANT-LOCKED]\natkbd0: [ITHREAD]\npsm0: unable to allocate IRQ\npsmcpnp0: \u003cPS/2 mouse port\u003e irq 12 on acpi0\npsm0: current command byte:0065\npsm0: \u003cPS/2 Mouse\u003e irq 12 on atkbdc0\npsm0: [GIANT-LOCKED]\npsm0: [ITHREAD]\npsm0: model Generic PS/2 mouse, device ID 0-00, 2 buttons\npsm0: config:00000000, flags:00000008, packet size:3\npsm0: syncmask:c0, syncbits:00\nsio0: configured irq 3 not in bitmap of probed irqs 0\nsio0: port may not be enabled\nsio0: irq maps: 0 0 0 0\nsio0: configured irq 3 not in bitmap of probed irqs 0\nsio0: port may not be enabled\nsio0: irq maps: 0 0 0 0\nsio0 port 0x2f8-0x2ff irq 3 drq 1 flags 0x10 on acpi0\nsio0: type 16550A\nsio0: [FILTER]\nunknown: status reg test failed ff\nunknown: status reg test failed ff\nunknown: status reg test failed ff\nunknown: status reg test failed ff\nunknown: status reg test failed ff\nunknown: status reg test failed ff\nex_isa_identify()\nahc_isa_probe 12: ioport 0xcc00 alloc failed\nahc_isa_probe 13: ioport 0xdc00 alloc failed\nahc_isa_probe 14: ioport 0xec00 alloc failed\nata: ata0 already exists; skipping it\nata: ata1 already exists; skipping it\natkbdc: atkbdc0 already exists; skipping it\nsio: sio0 already exists; skipping it\npnp_identify: Trying Read_Port at 203\npnp_identify: Trying Read_Port at 243\npnp_identify: Trying Read_Port at 283\npnp_identify: Trying Read_Port at 2c3\npnp_identify: Trying Read_Port at 303\npnp_identify: Trying Read_Port at 343\npnp_identify: Trying Read_Port at 383\npnp_identify: Trying Read_Port at 3c3\nPNP Identify complete\nsc: sc0 already exists; skipping it\nvga: vga0 already exists; skipping it\nisa_probe_children: disabling PnP devices\nisa_probe_children: probing non-PnP devices\npmtimer0 on isa0\norm0: \u003cISA Option ROM\u003e at iomem 0xc0000-0xccfff pnpid ORM0000 on isa0\nadv0: not probed (disabled)\naha0: not probed (disabled)\naic0: not probed (disabled)\nbt0: not probed (disabled)\ncs0: not probed (disabled)\ned0: not probed (disabled)\nfdc0 failed to probe at port 0x3f0-0x3f5,0x3f7 irq 6 drq 2 on isa0\nfe0: not probed (disabled)\nie0: not probed (disabled)\nle0: not probed (disabled)\nppc0: parallel port found at 0x378\nppc0: using extended I/O port range\nppc0: ECP SPP ECP+EPP SPP\nppc0: \u003cParallel port\u003e at port 0x378-0x37f irq 7 on isa0\nppc0: SMC-like chipset (ECP/EPP/PS2/NIBBLE) in COMPATIBLE mode\nppc0: FIFO with 16/16/8 bytes threshold\nppbus0: \u003cParallel port bus\u003e on ppc0\nppbus0: [MPSAFE]\nppbus0: [ITHREAD]\nplip0: \u003cPLIP network interface\u003e on ppbus0\nplip0: bpf attached\nlpt0: \u003cPrinter\u003e on ppbus0\nlpt0: Interrupt-driven port\nppi0: \u003cParallel I/O\u003e on ppbus0\nppc0: [GIANT-LOCKED]\nppc0: [ITHREAD]\nsc0: \u003cSystem console\u003e at flags 0x100 on isa0\nsc0: VGA \u003c16 virtual consoles, flags=0x300\u003e\nsc0: fb0, kbd1, terminal emulator: sc (syscons terminal)\nsio1 failed to probe at port 0x2f8 irq 3 on isa0\nsio2: not probed (disabled)\nsio3: not probed (disabled)\nsn0: not probed (disabled)\nvga0: \u003cGeneric ISA VGA\u003e at port 0x3c0-0x3df iomem 0xa0000-0xbffff on\nisa0\nvt0: not probed (disabled)\nisa_probe_children: probing PnP devices\nDevice configuration finished.\nprocfs registered\nTimecounter \"TSC\" frequency 600024956 Hz quality 800\nTimecounters tick every 1.000 msec\nlo0: bpf attached\nhptrr: no controller detected.\nfirewire0: 1 nodes, maxhop \u003c= 0, cable IRM = 0 (me)\nfirewire0: bus manager 0 (me)\nata0-master: pio=PIO4 wdma=WDMA2 udma=UDMA100 cable=80 wire\nacpi_acad0: acline initialization start\nad0: setting PIO4 on ICH4 chip\nad0: setting UDMA100 on ICH4 chip\nbattery0: battery initialization start\nbattery1: battery initialization start\nsystem power profile changed to 'economy'\nad0: 38154MB \u003cSeagate ST94011A 3.04\u003e at ata0-master UDMA100\nad0: 78140160 sectors [77520C/16H/63S] 16 sectors/interrupt 1 depth\nqueue\nGEOM: new disk ad0\nacpi_acad0: Off Line\nacpi_acad0: acline initialization done, tried 1 times\nbattery0: battery initialization done, tried 1 times\nad0: Intel check1 failed\nad0: Adaptec check1 failed\nad0: LSI (v3) check1 failed\nad0: LSI (v2) check1 failed\nad0: FreeBSD check1 failed\nata1-master: pio=PIO4 wdma=WDMA2 udma=UDMA33 cable=40 wire\nacd0: setting PIO4 on ICH4 chip\nacd0: setting UDMA33 on ICH4 chip\nacd0: \u003cQSI DVD-ROM SDR-083/MR01\u003e DVDROM drive at ata1 as master\nacd0: read 4125KB/s (4125KB/s), 512KB buffer, UDMA33\nacd0: Reads: CDR, CDRW, CDDA stream, DVDROM, DVDR, packet\nacd0: Writes:\nacd0: Audio: play, 16 volume levels\nacd0: Mechanism: ejectable tray, unlocked\nacd0: Medium: no/blank disc\npcm0: measured ac97 link rate at 48017 Hz, will use 48000 Hz\nacd0: FAILURE - INQUIRY ILLEGAL REQUEST asc=0x24 ascq=0x00 \n(probe0:ata1:0:0:0): error 22\n(probe0:ata1:0:0:0): Unretryable Error\n(probe0:ata1:0:0:0): Down reving Protocol Version from 2 to 0?\n(probe0:ata1:0:0:0): error 6\n(probe0:ata1:0:0:0): Unretryable Error\nacd0: FAILURE - INQUIRY ILLEGAL REQUEST asc=0x24 ascq=0x00 \n(probe0:ata1:0:0:0): error 22\n(probe0:ata1:0:0:0): Unretryable Error\n(probe6:sbp0:0:5:0): error 22\n(probe6:sbp0:0:5:0): Unretryable Error\n(probe1:sbp0:0:0:0): error 22\n(probe1:sbp0:0:0:0): Unretryable Error\n(probe2:sbp0:0:1:0): error 22\n(probe2:sbp0:0:1:0): Unretryable Error\n(probe3:sbp0:0:2:0): error 22\n(probe3:sbp0:0:2:0): Unretryable Error\n(probe4:sbp0:0:3:0): error 22\n(probe4:sbp0:0:3:0): Unretryable Error\n(probe5:sbp0:0:4:0): error 22\n(probe5:sbp0:0:4:0): Unretryable Error\n(probe7:sbp0:0:6:0): error 22\n(probe7:sbp0:0:6:0): Unretryable Error\npass0 at ata1 bus 0 target 0 lun 0\npass0: \u003cQSI DVD-ROM SDR-083 MR01\u003e Removable CD-ROM SCSI-0 device \npass0: 33.000MB/s transfers\nGEOM: new disk cd0\nATA PseudoRAID loade(cd0:ata1:0:0:0): error 6\n(cd0:ata1:0:0:0): Unretryable Error\ncd0 at ata1 bus 0 target 0 lun 0\ncd0: \u003cQSI DVD-ROM SDR-083 MR01\u003e Removable CD-ROM SCSI-0 device \ncd0: 33.000MB/s transfers\ncd0: Attempt to query device size failed: NOT READY, Medium not present\nd\n(cd0:ata1:0:0:0): error 6\n(cd0:ata1:0:0:0): Unretryable Error\n(cd0:ata1:0:0:0): error 6\n(cd0:ata1:0:0:0): Unretryable Error\n(cd0:ata1:0:0:0): error 6\n(cd0:ata1:0:0:0): Unretryable Error\n(cd0:ata1:0:0:0): error 6\n(cd0:ata1:0:0:0): Unretryable Error\nTrying to mount root from ufs:/dev/ad0s1a\nstart_init: trying /sbin/init\ndrm0: \u003cIntel i852GM/i855GM GMCH\u003e on vgapci0\ninfo: [drm] AGP at 0xf0000000 128MB\ninfo: [drm] Initialized i915 1.5.0 20060119\ndrm1: \u003cIntel i852GM/i855GM GMCH\u003e on vgapci1\ninfo: [drm] AGP at 0xf0000000 128MB\ninfo: [drm] Initialized i915 1.5.0 20060119\ndrm0: [MPSAFE]\ndrm0: [ITHREAD]\ndrm0: [MPSAFE]\ndrm0: [ITHREAD]\nWaiting (max 60 seconds) for system process `vnlru' to stop...done\nWaiting (max 60 seconds) for system process `bufdaemon' to stop...done\nWaiting (max 60 seconds) for system process `syncer' to stop...\nSyncing disks, vnodes remaining...0 0 0 done\nAll buffers synced.\n\nCopyright (c) 1992-2008 The FreeBSD Project.\nCopyright (c) 1979, 1980, 1983, 1986, 1988, 1989, 1991, 1992, 1993, 1994\n\tThe Regents of the University of California. All rights reserved.\nFreeBSD is a registered trademark of The FreeBSD Foundation.\nFreeBSD 7.0-RELEASE #0: Sun Feb 24 19:59:52 UTC 2008\n    root@logan.cse.buffalo.edu:/usr/obj/usr/src/sys/GENERIC\nPreloaded elf kernel \"/boot/kernel/kernel\" at 0xc0e72000.\nPreloaded elf module \"/boot/kernel/if_ipw.ko\" at 0xc0e7214c.\nPreloaded elf module \"/boot/kernel/snd_ich.ko\" at 0xc0e721f8.\nPreloaded elf module \"/boot/kernel/sound.ko\" at 0xc0e722a4.\nPreloaded elf module \"/boot/kernel/ipw_bss.ko\" at 0xc0e72350.\nPreloaded elf module \"/boot/kernel/ipw_ibss.ko\" at 0xc0e723fc.\nPreloaded elf module \"/boot/kernel/ipw_monitor.ko\" at 0xc0e724ac.\nPreloaded elf module \"/boot/kernel/atapicam.ko\" at 0xc0e7255c.\nPreloaded elf module \"/boot/kernel/acpi.ko\" at 0xc0e7260c.\nCalibrating clock(s) ... i8254 clock: 1193167 Hz\nCLK_USE_I8254_CALIBRATION not specified - using default frequency\nTimecounter \"i8254\" frequency 1193182 Hz quality 0\nCalibrating TSC clock ... TSC clock: 600023372 Hz\nCPU: Intel(R) Pentium(R) M processor 1400MHz (600.02-MHz 686-class CPU)\n  Origin = \"GenuineIntel\"  Id = 0x695  Stepping = 5\n\nFeatures=0xa7e9fbbf\u003cFPU,VME,DE,PSE,TSC,MSR,MCE,CX8,APIC,SEP,MTRR,PGE,MCA,CMOV,PAT,CLFLUSH,DTS,ACPI,MMX,FXSR,SSE,SSE2,TM,PBE\u003e\n  Features2=0x180\u003cEST,TM2\u003e\n\nInstruction TLB: 4 KB Pages, 4-way set associative, 128 entries\nData TLB: 4 KB Pages, 4-way set associative, 128 entries\nInstruction TLB: 4 MB pages, fully associative, 2 entries\n2nd-level cache: 1 MB, 8-way set associative, 64 byte line size\n1st-level instruction cache: 32 KB, 8-way set associative, 64 byte line\nsize\nData TLB: 4 MB Pages, 4-way set associative, 8 entries\n1st-level data cache: 32 KB, 8-way set associative, 64 byte line size\nreal memory  = 527695872 (503 MB)\nPhysical memory chunk(s):\n0x0000000000001000 - 0x000000000009efff, 647168 bytes (158 pages)\n0x0000000000100000 - 0x00000000003fffff, 3145728 bytes (768 pages)\n0x0000000001028000 - 0x000000001ee22fff, 501198848 bytes (122363 pages)\navail memory = 502419456 (479 MB)\nTable 'FACP' at 0x1f740200\nTable 'OEMB' at 0x1f750040\nMADT: No MADT table found\nAPIC: Could not find any APICs.\npnpbios: Found PnP BIOS data at 0xc00f2e00\npnpbios: Entry = f0000:39da  Rev = 1.0\nOther BIOS signatures found:\nwlan_amrr: \u003cAMRR Transmit Rate Control Algorithm\u003e\nwlan: \u003c802.11 Link Layer\u003e\nfirmware: 'ipw_bss' version 130: 209190 bytes loaded at 0xc0d68738\nfirmware: 'ipw_ibss' version 130: 201138 bytes loaded at 0xc0d9d73c\nfirmware: 'ipw_monitor' version 130: 196458 bytes loaded at 0xc0dd0748\nsnd_unit_init() u=0x00ff8000 [512] d=0x00007c00 [32] c=0x000003ff [1024]\nfeeder_register: snd_unit=-1 snd_maxautovchans=16 latency=5\nfeeder_buffersize=16384 feeder_rate_min=1 feeder_rate_max=2016000\nfeeder_rate_round=25\nath_rate: version 1.2 \u003cSampleRate bit-rate selection algorithm\u003e\nnfslock: pseudo-device\nkbd: new array size 4\nkbd1 at kbdmux0\nio: \u003cI/O\u003e\nmem: \u003cmemory\u003e\nPentium Pro MTRR support enabled\nnull: \u003cnull device, zero device\u003e\nrandom: \u003centropy source, Software, Yarrow\u003e\nath_hal: 0.9.20.3 (AR5210, AR5211, AR5212, RF5111, RF5112, RF2413,\nRF5413)\nhptrr: HPT RocketRAID controller driver v1.1 (Feb 24 2008 19:59:27)\nACPI: RSDP @ 0x0xf4b70/0x0014 (v  0 ACPIAM)\nACPI: RSDT @ 0x0x1f740000/0x002C (v  1 A M I  OEMRSDT  0x05000314 MSFT\n0x00000097)\nACPI: FACP @ 0x0x1f740200/0x0081 (v  2 A M I  OEMFACP  0x05000314 MSFT\n0x00000097)\nACPI: DSDT @ 0x0x1f740300/0x7323 (v  1  0ABBD 0ABBD001 0x00000001 MSFT\n0x0100000D)\nACPI: FACS @ 0x0x1f750000/0x0040\nACPI: OEMB @ 0x0x1f750040/0x004D (v  1 A M I  OEMBIOS  0x05000314 MSFT\n0x00000097)\nnpx0: INT 16 interface\nacpi0: \u003cA M I OEMRSDT\u003e on motherboard\nacpi0: [MPSAFE]\nacpi0: [ITHREAD]\npci_open(1):\tmode 1 addr port (0x0cf8) is 0x8000005c\npci_open(1a):\tmode1res=0x80000000 (0x80000000)\npci_cfgcheck:\tdevice 0 [class=060000] [hdr=80] is there (id=35808086)\npcibios: No call entry point\nAcpiOsDerivePciId: \\\\_SB_.PCI0.P0P1.CBS0.CBSP -\u003e bus 1 dev 5 func 0\nacpi0: Power Button (fixed)\nacpi0: wakeup code va 0xccd3f000 pa 0x1000\natpic: Programming IRQ9 as level/low\nAcpiOsDerivePciId: \\\\_SB_.PCI0.SBRG.FHR0 -\u003e bus 0 dev 31 func 0\nAcpiOsDerivePciId: \\\\_SB_.PCI0.SBRG.IROR -\u003e bus 0 dev 31 func 0\nacpi0: reservation of 0, a0000 (3) failed\nacpi0: reservation of 100000, 1f700000 (3) failed\nACPI timer: 1/0 1/0 1/1 1/1 1/0 1/0 1/1 1/1 1/1 1/0 -\u003e 10\nTimecounter \"ACPI-fast\" frequency 3579545 Hz quality 1000\nacpi_timer0: \u003c24-bit timer at 3.579545MHz\u003e port 0xe408-0xe40b on acpi0\nacpi_ec0: \u003cEmbedded Controller: GPE 0x1c\u003e port 0x62,0x66 on acpi0\npci_link0:        Index  IRQ  Rtd  Ref  IRQs\n  Initial Probe       0   11   N     0  3 4 5 6 7 11 12\n  Validation          0   11   N     0  3 4 5 6 7 11 12\n  After Disable       0  255   N     0  3 4 5 6 7 11 12\npci_link1:        Index  IRQ  Rtd  Ref  IRQs\n  Initial Probe       0  255   N     0  3 4 5 6 7 11 12\n  Validation          0  255   N     0  3 4 5 6 7 11 12\n  After Disable       0  255   N     0  3 4 5 6 7 11 12\npci_link2:        Index  IRQ  Rtd  Ref  IRQs\n  Initial Probe       0    4   N     0  4 12\n  Validation          0    4   N     0  4 12\n  After Disable       0  255   N     0  4 12\npci_link3:        Index  IRQ  Rtd  Ref  IRQs\n  Initial Probe       0    5   N     0  5 6\n  Validation          0    5   N     0  5 6\n  After Disable       0  255   N     0  5 6\npci_link4:        Index  IRQ  Rtd  Ref  IRQs\n  Initial Probe       0   11   N     0  6 11\n  Validation          0   11   N     0  6 11\n  After Disable       0  255   N     0  6 11\npci_link5:        Index  IRQ  Rtd  Ref  IRQs\n  Initial Probe       0  255   N     0  3 7\n  Validation          0  255   N     0  3 7\n  After Disable       0  255   N     0  3 7\npci_link6:        Index  IRQ  Rtd  Ref  IRQs\n  Initial Probe       0  255   N     0  4 7\n  Validation          0  255   N     0  4 7\n  After Disable       0  255   N     0  4 7\npci_link7:        Index  IRQ  Rtd  Ref  IRQs\n  Initial Probe       0    4   N     0  4 6 12\n  Validation          0    4   N     0  4 6 12\n  After Disable       0  255   N     0  4 6 12\ncpu0: \u003cACPI CPU\u003e on acpi0\ncpu0: switching to generic Cx mode\nest0: \u003cEnhanced SpeedStep Frequency Control\u003e on cpu0\np4tcc0: \u003cCPU Frequency Thermal Control\u003e on cpu0\npcib0: \u003cACPI Host-PCI bridge\u003e port 0xcf8-0xcff on acpi0\nACPI: Found matching pin for 0.2.INTA at func 0: 11\nACPI: Found matching pin for 0.31.INTA at func 1: 255\nACPI: Found matching pin for 0.31.INTB at func 5: 255\nACPI: Found matching pin for 0.31.INTB at func 6: 255\nACPI: Found matching pin for 0.29.INTA at func 0: 11\nACPI: Found matching pin for 0.29.INTB at func 1: 5\nACPI: Found matching pin for 0.29.INTC at func 2: 4\nACPI: Found matching pin for 0.29.INTD at func 7: 4\npci0: \u003cACPI PCI bus\u003e on pcib0\npci0: domain=0, physical bus=0\nfound-\u003e\tvendor=0x8086, dev=0x3580, revid=0x02\n\tdomain=0, bus=0, slot=0, func=0\n\tclass=06-00-00, hdrtype=0x00, mfdev=1\n\tcmdreg=0x0106, statreg=0x2090, cachelnsz=0 (dwords)\n\tlattimer=0x00 (0 ns), mingnt=0x00 (0 ns), maxlat=0x00 (0 ns)\nfound-\u003e\tvendor=0x8086, dev=0x3584, revid=0x02\n\tdomain=0, bus=0, slot=0, func=1\n\tclass=08-80-00, hdrtype=0x00, mfdev=0\n\tcmdreg=0x0006, statreg=0x0080, cachelnsz=0 (dwords)\n\tlattimer=0x00 (0 ns), mingnt=0x00 (0 ns), maxlat=0x00 (0 ns)\nfound-\u003e\tvendor=0x8086, dev=0x3585, revid=0x02\n\tdomain=0, bus=0, slot=0, func=3\n\tclass=08-80-00, hdrtype=0x00, mfdev=1\n\tcmdreg=0x0006, statreg=0x0080, cachelnsz=0 (dwords)\n\tlattimer=0x00 (0 ns), mingnt=0x00 (0 ns), maxlat=0x00 (0 ns)\nfound-\u003e\tvendor=0x8086, dev=0x3582, revid=0x02\n\tdomain=0, bus=0, slot=2, func=0\n\tclass=03-00-00, hdrtype=0x00, mfdev=1\n\tcmdreg=0x0007, statreg=0x0090, cachelnsz=0 (dwords)\n\tlattimer=0x00 (0 ns), mingnt=0x00 (0 ns), maxlat=0x00 (0 ns)\n\tintpin=a, irq=11\n\tpowerspec 1  supports D0 D1 D3  current D0\n\tmap[10]: type Prefetchable Memory, range 32, base 0xf0000000, size 27,\nenabled\n\tmap[14]: type Memory, range 32, base 0xffa80000, size 19, enabled\n\tmap[18]: type I/O Port, range 32, base 0xdc00, size  3, enabled\npcib0: matched entry for 0.2.INTA (src \\\\_SB_.LNKA:0)\npcib0: slot 2 INTA routed to irq 11 via \\\\_SB_.LNKA\nfound-\u003e\tvendor=0x8086, dev=0x3582, revid=0x02\n\tdomain=0, bus=0, slot=2, func=1\n\tclass=03-80-00, hdrtype=0x00, mfdev=1\n\tcmdreg=0x0007, statreg=0x0090, cachelnsz=0 (dwords)\n\tlattimer=0x00 (0 ns), mingnt=0x00 (0 ns), maxlat=0x00 (0 ns)\n\tpowerspec 1  supports D0 D1 D3  current D0\n\tmap[10]: type Prefetchable Memory, range 32, base 0xe8000000, size 27,\nenabled\n\tmap[14]: type Memory, range 32, base 0xff980000, size 19, enabled\nfound-\u003e\tvendor=0x8086, dev=0x24c2, revid=0x03\n\tdomain=0, bus=0, slot=29, func=0\n\tclass=0c-03-00, hdrtype=0x00, mfdev=1\n\tcmdreg=0x0005, statreg=0x0280, cachelnsz=0 (dwords)\n\tlattimer=0x00 (0 ns), mingnt=0x00 (0 ns), maxlat=0x00 (0 ns)\n\tintpin=a, irq=11\n\tmap[20]: type I/O Port, range 32, base 0xd480, size  5, enabled\npcib0: matched entry for 0.29.INTA (src \\\\_SB_.LNKA:0)\npcib0: slot 29 INTA routed to irq 11 via \\\\_SB_.LNKA\nfound-\u003e\tvendor=0x8086, dev=0x24c4, revid=0x03\n\tdomain=0, bus=0, slot=29, func=1\n\tclass=0c-03-00, hdrtype=0x00, mfdev=0\n\tcmdreg=0x0005, statreg=0x0280, cachelnsz=0 (dwords)\n\tlattimer=0x00 (0 ns), mingnt=0x00 (0 ns), maxlat=0x00 (0 ns)\n\tintpin=b, irq=5\n\tmap[20]: type I/O Port, range 32, base 0xd800, size  5, enabled\npcib0: matched entry for 0.29.INTB (src \\\\_SB_.LNKD:0)\npcib0: slot 29 INTB routed to irq 5 via \\\\_SB_.LNKD\nfound-\u003e\tvendor=0x8086, dev=0x24c7, revid=0x03\n\tdomain=0, bus=0, slot=29, func=2\n\tclass=0c-03-00, hdrtype=0x00, mfdev=0\n\tcmdreg=0x0005, statreg=0x0280, cachelnsz=0 (dwords)\n\tlattimer=0x00 (0 ns), mingnt=0x00 (0 ns), maxlat=0x00 (0 ns)\n\tintpin=c, irq=4\n\tmap[20]: type I/O Port, range 32, base 0xd880, size  5, enabled\npcib0: matched entry for 0.29.INTC (src \\\\_SB_.LNKC:0)\npcib0: slot 29 INTC routed to irq 4 via \\\\_SB_.LNKC\nfound-\u003e\tvendor=0x8086, dev=0x24cd, revid=0x03\n\tdomain=0, bus=0, slot=29, func=7\n\tclass=0c-03-20, hdrtype=0x00, mfdev=0\n\tcmdreg=0x0106, statreg=0x0290, cachelnsz=0 (dwords)\n\tlattimer=0x00 (0 ns), mingnt=0x00 (0 ns), maxlat=0x00 (0 ns)\n\tintpin=d, irq=4\n\tpowerspec 2  supports D0 D3  current D0\n\tmap[10]: type Memory, range 32, base 0xffa7fc00, size 10, enabled\npcib0: matched entry for 0.29.INTD (src \\\\_SB_.LNKH:0)\npcib0: slot 29 INTD routed to irq 4 via \\\\_SB_.LNKH\nfound-\u003e\tvendor=0x8086, dev=0x2448, revid=0x83\n\tdomain=0, bus=0, slot=30, func=0\n\tclass=06-04-00, hdrtype=0x01, mfdev=0\n\tcmdreg=0x0107, statreg=0x8080, cachelnsz=0 (dwords)\n\tlattimer=0x00 (0 ns), mingnt=0x06 (1500 ns), maxlat=0x00 (0 ns)\nfound-\u003e\tvendor=0x8086, dev=0x24cc, revid=0x03\n\tdomain=0, bus=0, slot=31, func=0\n\tclass=06-01-00, hdrtype=0x00, mfdev=1\n\tcmdreg=0x000f, statreg=0x0280, cachelnsz=0 (dwords)\n\tlattimer=0x00 (0 ns), mingnt=0x00 (0 ns), maxlat=0x00 (0 ns)\nfound-\u003e\tvendor=0x8086, dev=0x24ca, revid=0x03\n\tdomain=0, bus=0, slot=31, func=1\n\tclass=01-01-8a, hdrtype=0x00, mfdev=0\n\tcmdreg=0x0005, statreg=0x0280, cachelnsz=0 (dwords)\n\tlattimer=0x00 (0 ns), mingnt=0x00 (0 ns), maxlat=0x00 (0 ns)\n\tintpin=a, irq=255\n\tmap[20]: type I/O Port, range 32, base 0xffa0, size  4, enabled\n\tmap[24]: type Memory, range 32, base 0, size 10, memory disabled\nfound-\u003e\tvendor=0x8086, dev=0x24c5, revid=0x03\n\tdomain=0, bus=0, slot=31, func=5\n\tclass=04-01-00, hdrtype=0x00, mfdev=0\n\tcmdreg=0x0005, statreg=0x0290, cachelnsz=0 (dwords)\n\tlattimer=0x00 (0 ns), mingnt=0x00 (0 ns), maxlat=0x00 (0 ns)\n\tintpin=b, irq=255\n\tpowerspec 2  supports D0 D3  current D0\n\tmap[10]: type I/O Port, range 32, base 0xe000, size  8, enabled\n\tmap[14]: type I/O Port, range 32, base 0xe100, size  6, enabled\n\tmap[18]: type Memory, range 32, base 0, size  9, memory disabled\n\tmap[1c]: type Memory, range 32, base 0, size  8, memory disabled\nfound-\u003e\tvendor=0x8086, dev=0x24c6, revid=0x03\n\tdomain=0, bus=0, slot=31, func=6\n\tclass=07-03-00, hdrtype=0x00, mfdev=0\n\tcmdreg=0x0005, statreg=0x0290, cachelnsz=0 (dwords)\n\tlattimer=0x00 (0 ns), mingnt=0x00 (0 ns), maxlat=0x00 (0 ns)\n\tintpin=b, irq=255\n\tpowerspec 2  supports D0 D3  current D0\n\tmap[10]: type I/O Port, range 32, base 0xe200, size  8, enabled\n\tmap[14]: type I/O Port, range 32, base 0xe300, size  7, enabled\npci0: \u003cbase peripheral\u003e at device 0.1 (no driver attached)\npci0: \u003cbase peripheral\u003e at device 0.3 (no driver attached)\nvgapci0: \u003cVGA-compatible display\u003e port 0xdc00-0xdc07 mem\n0xf0000000-0xf7ffffff,0xffa80000-0xffafffff irq 11 at device 2.0 on pci0\nagp0: \u003cIntel 8285xM (85xGM GMCH) SVGA controller\u003e on vgapci0\nvgapci0: Reserved 0x8000000 bytes for rid 0x10 type 3 at 0xf0000000\nvgapci0: Reserved 0x80000 bytes for rid 0x14 type 3 at 0xffa80000\nagp0: detected 8060k stolen memory\nagp0: aperture size is 128M\nvgapci1: \u003cVGA-compatible display\u003e mem\n0xe8000000-0xefffffff,0xff980000-0xff9fffff at device 2.1 on pci0\nuhci0: \u003cIntel 82801DB (ICH4) USB controller USB-A\u003e port 0xd480-0xd49f\nirq 11 at device 29.0 on pci0\nuhci0: Reserved 0x20 bytes for rid 0x20 type 4 at 0xd480\nuhci0: [GIANT-LOCKED]\nuhci0: [ITHREAD]\nusb0: \u003cIntel 82801DB (ICH4) USB controller USB-A\u003e on uhci0\nusb0: USB revision 1.0\nuhub0: \u003cIntel UHCI root hub, class 9/0, rev 1.00/1.00, addr 1\u003e on usb0\nuhub0: 2 ports with 2 removable, self powered\nuhci1: \u003cIntel 82801DB (ICH4) USB controller USB-B\u003e port 0xd800-0xd81f\nirq 5 at device 29.1 on pci0\nuhci1: Reserved 0x20 bytes for rid 0x20 type 4 at 0xd800\nuhci1: [GIANT-LOCKED]\nuhci1: [ITHREAD]\nusb1: \u003cIntel 82801DB (ICH4) USB controller USB-B\u003e on uhci1\nusb1: USB revision 1.0\nuhub1: \u003cIntel UHCI root hub, class 9/0, rev 1.00/1.00, addr 1\u003e on usb1\nuhub1: 2 ports with 2 removable, self powered\nuhci2: \u003cIntel 82801DB (ICH4) USB controller USB-C\u003e port 0xd880-0xd89f\nirq 4 at device 29.2 on pci0\nuhci2: Reserved 0x20 bytes for rid 0x20 type 4 at 0xd880\nuhci2: [GIANT-LOCKED]\nuhci2: [ITHREAD]\nusb2: \u003cIntel 82801DB (ICH4) USB controller USB-C\u003e on uhci2\nusb2: USB revision 1.0\nuhub2: \u003cIntel UHCI root hub, class 9/0, rev 1.00/1.00, addr 1\u003e on usb2\nuhub2: 2 ports with 2 removable, self powered\nehci0: \u003cIntel 82801DB/L/M (ICH4) USB 2.0 controller\u003e mem\n0xffa7fc00-0xffa7ffff irq 4 at device 29.7 on pci0\nehci0: Reserved 0x400 bytes for rid 0x10 type 3 at 0xffa7fc00\nehci0: [GIANT-LOCKED]\nehci0: [ITHREAD]\nusb3: EHCI version 1.0\nusb3: companion controllers, 2 ports each: usb0 usb1 usb2\nusb3: \u003cIntel 82801DB/L/M (ICH4) USB 2.0 controller\u003e on ehci0\nusb3: USB revision 2.0\nuhub3: \u003cIntel EHCI root hub, class 9/0, rev 2.00/1.00, addr 1\u003e on usb3\nuhub3: 6 ports with 6 removable, self powered\npcib1: \u003cACPI PCI-PCI bridge\u003e at device 30.0 on pci0\npcib1:   domain            0\npcib1:   secondary bus     1\npcib1:   subordinate bus   1\npcib1:   I/O decode        0xc000-0xcfff\npcib1:   memory decode     0xff700000-0xff7fffff\npcib1:   prefetched decode 0xdea00000-0xdeafffff\npcib1:   Subtractively decoded bridge.\nACPI: Found matching pin for 1.8.INTA at func 0: 11\nACPI: Found matching pin for 1.5.INTA at func 0: 255\nACPI: Found matching pin for 1.5.INTB at func 1: 11\nACPI: Found matching pin for 1.4.INTA at func 0: 4\npci1: \u003cACPI PCI bus\u003e on pcib1\npci1: domain=0, physical bus=1\nfound-\u003e\tvendor=0x8086, dev=0x1043, revid=0x04\n\tdomain=0, bus=1, slot=4, func=0\n\tclass=02-80-00, hdrtype=0x00, mfdev=0\n\tcmdreg=0x0116, statreg=0x0290, cachelnsz=16 (dwords)\n\tlattimer=0x40 (1920 ns), mingnt=0x02 (500 ns), maxlat=0x22 (8500 ns)\n\tintpin=a, irq=4\n\tpowerspec 2  supports D0 D3  current D0\n\tmap[10]: type Memory, range 32, base 0xff7fd000, size 12, enabled\npcib1: requested memory range 0xff7fd000-0xff7fdfff: good\npcib1: matched entry for 1.4.INTA (src \\\\_SB_.LNKC:0)\npcib1: slot 4 INTA routed to irq 4 via \\\\_SB_.LNKC\nfound-\u003e\tvendor=0x1180, dev=0x0475, revid=0xb8\n\tdomain=0, bus=1, slot=5, func=0\n\tclass=06-07-00, hdrtype=0x02, mfdev=1\n\tcmdreg=0x0007, statreg=0x0210, cachelnsz=0 (dwords)\n\tlattimer=0x20 (960 ns), mingnt=0x80 (32000 ns), maxlat=0x07 (1750 ns)\n\tintpin=a, irq=255\n\tpowerspec 2  supports D0 D1 D2 D3  current D0\n\tmap[10]: type Memory, range 32, base 0, size 12, enabled\nfound-\u003e\tvendor=0x1180, dev=0x0551, revid=0x00\n\tdomain=0, bus=1, slot=5, func=1\n\tclass=0c-00-10, hdrtype=0x00, mfdev=1\n\tcmdreg=0x0106, statreg=0x0210, cachelnsz=0 (dwords)\n\tlattimer=0x40 (1920 ns), mingnt=0x02 (500 ns), maxlat=0x04 (1000 ns)\n\tintpin=b, irq=11\n\tpowerspec 2  supports D0 D3  current D0\n\tmap[10]: type Memory, range 32, base 0xff7fe800, size 11, enabled\npcib1: requested memory range 0xff7fe800-0xff7fefff: good\npcib1: matched entry for 1.5.INTB (src \\\\_SB_.LNKA:0)\npcib1: slot 5 INTB routed to irq 11 via \\\\_SB_.LNKA\nfound-\u003e\tvendor=0x8086, dev=0x103e, revid=0x83\n\tdomain=0, bus=1, slot=8, func=0\n\tclass=02-00-00, hdrtype=0x00, mfdev=0\n\tcmdreg=0x0117, statreg=0x0290, cachelnsz=16 (dwords)\n\tlattimer=0x40 (1920 ns), mingnt=0x08 (2000 ns), maxlat=0x38 (14000 ns)\n\tintpin=a, irq=11\n\tpowerspec 2  supports D0 D1 D2 D3  current D0\n\tmap[10]: type Memory, range 32, base 0xff7ff000, size 12, enabled\npcib1: requested memory range 0xff7ff000-0xff7fffff: good\n\tmap[14]: type I/O Port, range 32, base 0xcc00, size  6, enabled\npcib1: requested I/O range 0xcc00-0xcc3f: in range\npcib1: matched entry for 1.8.INTA (src \\\\_SB_.LNKE:0)\npcib1: slot 8 INTA routed to irq 11 via \\\\_SB_.LNKE\nipw0: \u003cIntel(R) PRO/Wireless 2100 MiniPCI\u003e mem 0xff7fd000-0xff7fdfff irq 4 at device 4.0 on pci1\nipw0: Reserved 0x1000 bytes for rid 0x10 type 3 at 0xff7fd000\nipw0: bpf attached\nipw0: Ethernet address: 00:04:23:71:77:46\nipw0: bpf attached\nipw0: bpf attached\nipw0: [MPSAFE]\nipw0: [ITHREAD]\nipw0: 11b rates: 1Mbps 2Mbps 5.5Mbps 11Mbps\ncbb0: \u003cRF5C475 PCI-CardBus Bridge\u003e at device 5.0 on pci1\npcib1: cbb0 requested memory range 0xff700000-0xff7fffff: good\ncbb0: Lazy allocation of 0x1000 bytes rid 0x10 type 3 at 0xff700000\ncardbus0: \u003cCardBus bus\u003e on cbb0\npccard0: \u003c16-bit PCCard bus\u003e on cbb0\npcib1: matched entry for 1.5.INTA (src \\\\_SB_.LNKB:0)\npci_link1: Picked IRQ 9 with weight 0\npcib1: slot 5 INTA routed to irq 9 via \\\\_SB_.LNKB\ncbb0: [MPSAFE]\ncbb0: [ITHREAD]\ncbb0: PCI Configuration space:\n  0x00: 0x04751180 0x02100007 0x060700b8 0x00822000 \n  0x10: 0xff700000 0x020000dc 0x20030201 0xfffff000 \n  0x20: 0x00000000 0xfffff000 0x00000000 0xfffffffc \n  0x30: 0x00000000 0xfffffffc 0x00000000 0x07000109 \n  0x40: 0x17441043 0x00000001 0x00000000 0x00000000 \n  0x50: 0x00000000 0x00000000 0x00000000 0x00000000 \n  0x60: 0x00000000 0x00000000 0x00000000 0x00000000 \n  0x70: 0x00000000 0x00000000 0x00000000 0x00000000 \n  0x80: 0x20a00001 0x00000000 0x04630463 0x00000000 \n  0x90: 0x00000000 0x00000000 0x00000000 0x00000000 \n  0xa0: 0x80000000 0x00000000 0x00000000 0x00000000 \n  0xb0: 0x00000000 0x00000000 0x00000000 0x00000000 \n  0xc0: 0x17441043 0x00000000 0x00000000 0x00000000 \n  0xd0: 0x00000000 0x00000000 0x00000000 0xfe0a0001 \n  0xe0: 0x24c04000 0x00000000 0x00000000 0x00000000 \n  0xf0: 0x00000000 0x00000000 0x00000000 0x00000000 \nfwohci0: \u003cRicoh R5C551\u003e mem 0xff7fe800-0xff7fefff irq 11 at device 5.1 on pci1\nfwohci0: Reserved 0x800 bytes for rid 0x10 type 3 at 0xff7fe800\nfwohci0: [MPSAFE]\nfwohci0: [FILTER]\nfwohci0: OHCI version 1.0 (ROM=1)\nfwohci0: No. of Isochronous channels is 4.\nfwohci0: EUI64 00:e0:18:00:03:10:02:07\nfwohci0: Phy 1394a available S400, 2 ports.\nfwohci0: Link S400, max_rec 2048 bytes.\nfirewire0: \u003cIEEE1394(FireWire) bus\u003e on fwohci0\nfwe0: \u003cEthernet over FireWire\u003e on firewire0\nif_fwe0: Fake Ethernet address: 02:e0:18:10:02:07\nfwe0: bpf attached\nfwe0: Ethernet address: 02:e0:18:10:02:07\nfwip0: \u003cIP over FireWire\u003e on firewire0\nfwip0: bpf attached\nfwip0: Firewire address: 00:e0:18:00:03:10:02:07 @ 0xfffe00000000, S400,\nmaxrec 2048\nsbp0: \u003cSBP-2/SCSI over FireWire\u003e on firewire0\ndcons_crom0: \u003cdcons configuration ROM\u003e on firewire0\ndcons_crom0: bus_addr 0x1374000\nfwohci0: Initiate bus reset\nfwohci0: BUS reset\nfwohci0: node_id=0xc800ffc0, gen=1, CYCLEMASTER mode\nfxp0: \u003cIntel 82801DB (ICH4) Pro/100 VM Ethernet\u003e port 0xcc00-0xcc3f mem 0xff7ff000-0xff7fffff irq 11 at device 8.0 on pci1\nfxp0: Reserved 0x1000 bytes for rid 0x10 type 3 at 0xff7ff000\nfxp0: using memory space register mapping\nfxp0: PCI IDs: 8086 103e 1043 1745 0083\nfxp0: Dynamic Standby mode is disabled\nfxp0: fxp_miibus_readreg: timed out\nfxp0: fxp_miibus_readreg: timed out\nfxp0: fxp_miibus_readreg: timed out\nfxp0: fxp_miibus_readreg: timed out\nfxp0: fxp_miibus_readreg: timed out\nfxp0: fxp_miibus_readreg: timed out\nfxp0: fxp_miibus_readreg: timed out\nfxp0: fxp_miibus_readreg: timed out\nfxp0: fxp_miibus_readreg: timed out\nfxp0: fxp_miibus_readreg: timed out\nfxp0: fxp_miibus_readreg: timed out\nfxp0: fxp_miibus_readreg: timed out\nfxp0: fxp_miibus_readreg: timed out\nfxp0: fxp_miibus_readreg: timed out\nfxp0: fxp_miibus_readreg: timed out\nfxp0: fxp_miibus_readreg: timed out\nfxp0: fxp_miibus_readreg: timed out\nfxp0: fxp_miibus_readreg: timed out\nfxp0: fxp_miibus_readreg: timed out\nfxp0: fxp_miibus_readreg: timed out\nfxp0: fxp_miibus_readreg: timed out\nfxp0: fxp_miibus_readreg: timed out\nfxp0: fxp_miibus_readreg: timed out\nfxp0: fxp_miibus_readreg: timed out\nfxp0: fxp_miibus_readreg: timed out\nfxp0: fxp_miibus_readreg: timed out\nfxp0: fxp_miibus_readreg: timed out\nfxp0: fxp_miibus_readreg: timed out\nfxp0: fxp_miibus_readreg: timed out\nfxp0: fxp_miibus_readreg: timed out\nfxp0: fxp_miibus_readreg: timed out\nfxp0: fxp_miibus_readreg: timed out\nfxp0: MII without any PHY!\ndevice_attach: fxp0 attach returned 6\nisab0: \u003cPCI-ISA bridge\u003e at device 31.0 on pci0\nisa0: \u003cISA bus\u003e on isab0\natapci0: \u003cIntel ICH4 UDMA100 controller\u003e port\n0x1f0-0x1f7,0x3f6,0x170-0x177,0x376,0xffa0-0xffaf at device 31.1 on pci0\natapci0: Reserved 0x10 bytes for rid 0x20 type 4 at 0xffa0\nata0: \u003cATA channel 0\u003e on atapci0\natapci0: Reserved 0x8 bytes for rid 0x10 type 4 at 0x1f0\natapci0: Reserved 0x1 bytes for rid 0x14 type 4 at 0x3f6\nata0: reset tp1 mask=03 ostat0=50 ostat1=00\nata0: stat0=0x90 err=0x90 lsb=0x90 msb=0x90\nata0: stat0=0x50 err=0x01 lsb=0x00 msb=0x00\nata0: stat1=0x00 err=0x01 lsb=0x00 msb=0x00\nata0: reset tp2 stat0=50 stat1=00 devices=0x1\u003cATA_MASTER\u003e\nata0: [MPSAFE]\nata0: [ITHREAD]\nata1: \u003cATA channel 1\u003e on atapci0\natapci0: Reserved 0x8 bytes for rid 0x18 type 4 at 0x170\natapci0: Reserved 0x1 bytes for rid 0x1c type 4 at 0x376\nata1: reset tp1 mask=03 ostat0=50 ostat1=00\nata1: stat0=0x10 err=0x01 lsb=0x14 msb=0xeb\nata1: stat1=0x00 err=0x01 lsb=0x7f msb=0x7f\nata1: reset tp2 stat0=10 stat1=00 devices=0x4\u003cATAPI_MASTER\u003e\nata1: [MPSAFE]\nata1: [ITHREAD]\npcm0: \u003cIntel ICH4 (82801DB)\u003e port 0xe000-0xe0ff,0xe100-0xe13f at device\n31.5 on pci0\npcm0: Lazy allocation of 0x200 bytes rid 0x18 type 3 at 0x80000000\npcm0: Lazy allocation of 0x100 bytes rid 0x1c type 3 at 0x80000200\npcib0: matched entry for 0.31.INTB (src \\\\_SB_.LNKB:0)\npcib0: slot 31 INTB routed to irq 9 via \\\\_SB_.LNKB\npcm0: [MPSAFE]\npcm0: [ITHREAD]\npcm0: \u003cSigmaTel STAC9750/51 AC97 Codec (id = 0x83847650)\u003e\npcm0: Codec features headphone, 20 bit DAC, 20 bit ADC, 5 bit master\nvolume, SigmaTel 3D Enhancement\npcm0: Primary codec extended features variable rate PCM, reserved 1,\nAMAP, reserved 4\npcm0: ac97 codec dac ready count: 0\npcm0: Mixer \"vol\":\npcm0: Mixer \"pcm\":\npcm0: Mixer \"speaker\":\npcm0: Mixer \"line\":\npcm0: Mixer \"mic\":\npcm0: Mixer \"cd\":\npcm0: Mixer \"rec\":\npcm0: Mixer \"igain\":\npcm0: Mixer \"ogain\":\npcm0: Mixer \"line1\":\npcm0: Mixer \"phin\":\npcm0: Mixer \"phout\":\npcm0: Mixer \"video\":\npcm0: clone manager: deadline=750ms flags=0x8000001e\npcm0: sndbuf_setmap 1620000, 4000; 0xd4d6f000 -\u003e 1620000\npcm0: sndbuf_setmap 162c000, 4000; 0xd4d73000 -\u003e 162c000\npci0: \u003csimple comms, generic modem\u003e at device 31.6 (no driver attached)\nacpi_button0: \u003cSleep Button\u003e on acpi0\nacpi_lid0: \u003cControl Method Lid Switch\u003e on acpi0\nacpi_tz0: \u003cThermal Zone\u003e on acpi0\nacpi_acad0: \u003cAC Adapter\u003e on acpi0\nbattery0: \u003cACPI Control Method Battery\u003e on acpi0\nbattery1: \u003cACPI Control Method Battery\u003e on acpi0\natkbdc0: \u003cKeyboard controller (i8042)\u003e port 0x60,0x64 irq 1 on acpi0\natkbd0: \u003cAT Keyboard\u003e irq 1 on atkbdc0\natkbd: the current kbd controller command byte 0065\natkbd: keyboard ID 0x41ab (2)\nkbd0 at atkbd0\nkbd0: atkbd0, AT 101/102 (2), config:0x0, flags:0x3d0000\natkbd0: [GIANT-LOCKED]\natkbd0: [ITHREAD]\npsm0: unable to allocate IRQ\npsmcpnp0: \u003cPS/2 mouse port\u003e irq 12 on acpi0\npsm0: current command byte:0065\npsm0: \u003cPS/2 Mouse\u003e irq 12 on atkbdc0\npsm0: [GIANT-LOCKED]\npsm0: [ITHREAD]\npsm0: model Generic PS/2 mouse, device ID 0-00, 2 buttons\npsm0: config:00000000, flags:00000008, packet size:3\npsm0: syncmask:c0, syncbits:00\nsio0: configured irq 3 not in bitmap of probed irqs 0\nsio0: port may not be enabled\nsio0: irq maps: 0 0 0 0\nsio0: configured irq 3 not in bitmap of probed irqs 0\nsio0: port may not be enabled\nsio0: irq maps: 0 0 0 0\nsio0 port 0x2f8-0x2ff irq 3 drq 1 flags 0x10 on acpi0\nsio0: type 16550A\nsio0: [FILTER]\nunknown: status reg test failed ff\nunknown: status reg test failed ff\nunknown: status reg test failed ff\nunknown: status reg test failed ff\nunknown: status reg test failed ff\nunknown: status reg test failed ff\nex_isa_identify()\nahc_isa_probe 12: ioport 0xcc00 alloc failed\nahc_isa_probe 13: ioport 0xdc00 alloc failed\nahc_isa_probe 14: ioport 0xec00 alloc failed\nata: ata0 already exists; skipping it\nata: ata1 already exists; skipping it\natkbdc: atkbdc0 already exists; skipping it\nsio: sio0 already exists; skipping it\npnp_identify: Trying Read_Port at 203\npnp_identify: Trying Read_Port at 243\npnp_identify: Trying Read_Port at 283\npnp_identify: Trying Read_Port at 2c3\npnp_identify: Trying Read_Port at 303\npnp_identify: Trying Read_Port at 343\npnp_identify: Trying Read_Port at 383\npnp_identify: Trying Read_Port at 3c3\nPNP Identify complete\nsc: sc0 already exists; skipping it\nvga: vga0 already exists; skipping it\nisa_probe_children: disabling PnP devices\nisa_probe_children: probing non-PnP devices\npmtimer0 on isa0\norm0: \u003cISA Option ROM\u003e at iomem 0xc0000-0xccfff pnpid ORM0000 on isa0\nadv0: not probed (disabled)\naha0: not probed (disabled)\naic0: not probed (disabled)\nbt0: not probed (disabled)\ncs0: not probed (disabled)\ned0: not probed (disabled)\nfdc0 failed to probe at port 0x3f0-0x3f5,0x3f7 irq 6 drq 2 on isa0\nfe0: not probed (disabled)\nie0: not probed (disabled)\nle0: not probed (disabled)\nppc0: parallel port found at 0x378\nppc0: using extended I/O port range\nppc0: ECP SPP ECP+EPP SPP\nppc0: \u003cParallel port\u003e at port 0x378-0x37f irq 7 on isa0\nppc0: SMC-like chipset (ECP/EPP/PS2/NIBBLE) in COMPATIBLE mode\nppc0: FIFO with 16/16/8 bytes threshold\nppbus0: \u003cParallel port bus\u003e on ppc0\nppbus0: [MPSAFE]\nppbus0: [ITHREAD]\nplip0: \u003cPLIP network interface\u003e on ppbus0\nplip0: bpf attached\nlpt0: \u003cPrinter\u003e on ppbus0\nlpt0: Interrupt-driven port\nppi0: \u003cParallel I/O\u003e on ppbus0\nppc0: [GIANT-LOCKED]\nppc0: [ITHREAD]\nsc0: \u003cSystem console\u003e at flags 0x100 on isa0\nsc0: VGA \u003c16 virtual consoles, flags=0x300\u003e\nsc0: fb0, kbd1, terminal emulator: sc (syscons terminal)\nsio1 failed to probe at port 0x2f8 irq 3 on isa0\nsio2: not probed (disabled)\nsio3: not probed (disabled)\nsn0: not probed (disabled)\nvga0: \u003cGeneric ISA VGA\u003e at port 0x3c0-0x3df iomem 0xa0000-0xbffff on\nisa0\nvt0: not probed (disabled)\nisa_probe_children: probing PnP devices\nDevice configuration finished.\nprocfs registered\nTimecounter \"TSC\" frequency 600023372 Hz quality 800\nTimecounters tick every 1.000 msec\nlo0: bpf attachedfirewire0: 1 nodes, maxhop \u003c= 0, cable IRM = 0 (me)\nfirewire0: bus manager 0 (me)\n\nhptrr: no controller detected.\nacpi_acad0: acline initialization start\nbattery0: battery initialization start\nbattery1: battery initialization start\nata0-master: pio=PIO4 wdma=WDMA2 udma=UDMA100 cable=80 wire\nsystem power profile changed to 'economy'\nad0: setting PIO4 on ICH4 chip\nacpi_acad0: Off Line\nacpi_acad0: acline initialization done, tried 1 times\nad0: setting UDMA100 on ICH4 chip\nad0: 38154MB \u003cSeagate ST94011A 3.04\u003e at ata0-master UDMA100\nad0: 78140160 sectors [77520C/16H/63S] 16 sectors/interrupt 1 depth\nqueue\nGEOM: new disk ad0\nbattery0: battery initialization done, tried 1 times\nad0: Intel check1 failed\nad0: Adaptec check1 failed\nad0: LSI (v3) check1 failed\nad0: LSI (v2) check1 failed\nad0: FreeBSD check1 failed\nata1-master: pio=PIO4 wdma=WDMA2 udma=UDMA33 cable=40 wire\nacd0: setting PIO4 on ICH4 chip\nacd0: setting UDMA33 on ICH4 chip\nacd0: \u003cQSI DVD-ROM SDR-083/MR01\u003e DVDROM drive at ata1 as master\nacd0: read 4125KB/s (4125KB/s), 512KB buffer, UDMA33\nacd0: Reads: CDR, CDRW, CDDA stream, DVDROM, DVDR, packet\nacd0: Writes:\nacd0: Audio: play, 16 volume levels\nacd0: Mechanism: ejectable tray, unlocked\nacd0: Medium: no/blank disc\npcm0: measured ac97 link rate at 48008 Hz, will use 48000 Hz\nacd0: FAILURE - INQUIRY ILLEGAL REQUEST asc=0x24 ascq=0x00 \n(probe0:ata1:0:0:0): error 22\n(probe0:ata1:0:0:0): Unretryable Error\n(probe0:ata1:0:0:0): Down reving Protocol Version from 2 to 0?\n(probe0:ata1:0:0:0): error 6\n(probe0:ata1:0:0:0): Unretryable Error\nacd0: FAILURE - INQUIRY ILLEGAL REQUEST asc=0x24 ascq=0x00 \n(probe0:ata1:0:0:0): error 22\n(probe0:ata1:0:0:0): Unretryable Error\n(probe1:sbp0:0:0:0): error 22\n(probe1:sbp0:0:0:0): Unretryable Error\n(probe2:sbp0:0:1:0): error 22\n(probe2:sbp0:0:1:0): Unretryable Error\n(probe3:sbp0:0:2:0): error 22\n(probe3:sbp0:0:2:0): Unretryable Error\n(probe4:sbp0:0:3:0): error 22\n(probe4:sbp0:0:3:0): Unretryable Error\n(probe5:sbp0:0:4:0): error 22\n(probe5:sbp0:0:4:0): Unretryable Error\n(probe6:sbp0:0:5:0): error 22\n(probe6:sbp0:0:5:0): Unretryable Error\n(probe7:sbp0:0:6:0): error 22\n(probe7:sbp0:0:6:0): Unretryable Error\npass0 at ata1 bus 0 target 0 lun 0\npass0: \u003cQSI DVD-ROM SDR-083 MR01\u003e Removable CD-ROM SCSI-0 device \npass0: 33.000MB/s transfers\nGEOM: new disk cd0\nATA PseudoRAID load(cd0:ata1:0:0:0): error 6\n(cd0:ata1:0:0:0): Unretryable Error\ncd0 at ata1 bus 0 target 0 lun 0\ncd0: \u003cQSI DVD-ROM SDR-083 MR01\u003e Removable CD-ROM SCSI-0 device \ncd0: 33.000MB/s transfers\ncd0: Attempt to query device size failed: NOT READY, Medium not present\ned\n(cd0:ata1:0:0:0): error 6\n(cd0:ata1:0:0:0): Unretryable Error\n(cd0:ata1:0:0:0): error 6\n(cd0:ata1:0:0:0): Unretryable Error\n(cd0:ata1:0:0:0): error 6\n(cd0:ata1:0:0:0): Unretryable Error\n(cd0:ata1:0:0:0): error 6\n(cd0:ata1:0:0:0): Unretryable Error\nTrying to mount root from ufs:/dev/ad0s1a\nstart_init: trying /sbin/init\ndrm0: \u003cIntel i852GM/i855GM GMCH\u003e on vgapci0\ninfo: [drm] AGP at 0xf0000000 128MB\ninfo: [drm] Initialized i915 1.5.0 20060119\ndrm1: \u003cIntel i852GM/i855GM GMCH\u003e on vgapci1\ninfo: [drm] AGP at 0xf0000000 128MB\ninfo: [drm] Initialized i915 1.5.0 20060119\ndrm0: [MPSAFE]\ndrm0: [ITHREAD]\nbattery1: battery initialization failed, giving up\numass0: \u003cMyson Century, Inc. USB Mass Storage Device, class 0/0, rev\n2.00/b0.08, addr 2\u003e on uhub3\numass0:3:0:-1: Attached to scbus3\n(probe0:umass-sim0:0:0:0): error 22\n(probe0:umass-sim0:0:0:0): Unretryable Error\npass1 at umass-sim0 bus 0 target 0 lun 0\npass1: \u003c  \u003e Removable Direct Access SCSI-2 device \npass1: 40.000MB/s transfers\nGEOM: new disk da0\nda0 at umass-sim0 bus 0 target 0 lun 0\nda0: \u003c  \u003e Removable Direct Access SCSI-2 device \nda0: 40.000MB/s transfers\nda0: 3102MB (6354432 512 byte sectors: 255H 63S/T 395C)\nGEOM_LABEL: Label for provider da0s1a is ufs/usbdrive."
}