{
 "id": 854668,
 "bug_id": 205469,
 "attachment_id": 0,
 "creation_time": "2015-12-20T21:33:17Z",
 "creator": "sd@beastie.io",
 "text": "Ran into panic while trying to get the latest 11-current ISO to load in bhyve.\n\n\nISO\n===\nFreeBSD-11.0-CURRENT-amd64-20151217-r292413-disc1.iso\n\nBHYVE CMDS\n==========\nsudo bhyveload -m 8G -d ~sd/FreeBSD-11.0-CURRENT-amd64-20151217-r292413-disc1.iso -h /dev/zvol/zroot/albert -c /dev/nmdm0A albert\n\nsudo bhyve -c 8 -s 0:0,hostbridge -s 1:0,lpc -s 2:0,ahci-hd,/dev/zvol/zroot/albert -s 3:0,virtio-net,tap0  -s 4:0,ahci-cd,FreeBSD-11.0-CURRENT-amd64-20151217-r292413-disc1.iso -l com1,/dev/nmdm0A -A -H -P -m 8G albert  \n\nDETAILS\n=======\nTrying to mount root from cd9660:/dev/iso9660/11_0_CURRENT_AMD64_CD [ro]...\nlock order reversal:\n 1st 0xfffffe01efa22e40 bufwait (bufwait) @ /usr/src/sys/vm/vm_pager.c:380\n 2nd 0xfffff800098405f0 isofs (isofs) @ /usr/src/sys/kern/imgact_elf.c:877\nstack backtrace:\n#0 0xffffffff80a80560 at witness_debugger+0x70\n#1 0xffffffff80a80461 at witness_checkorder+0xe71\n#2 0xffffffff80a01e6b at __lockmgr_args+0xd3b\n#3 0xffffffff80ac845c at vop_stdlock+0x3c\n#4 0xffffffff80fbb260 at VOP_LOCK1_APV+0x100\n#5 0xffffffff80ae93aa at _vn_lock+0x9a\n#6 0xffffffff809c1f20 at exec_elf64_imgact+0xa50\n#7 0xffffffff809e526d at kern_execve+0x42d\n#8 0xffffffff809e4aec at sys_execve+0x4c\n#9 0xffffffff809c891a at start_init+0x26a\n#10 0xffffffff809ec8a4 at fork_exit+0x84\n#11 0xffffffff80e4fbae at fork_trampoline+0xe\nuserret: returning with the following locks held:\nexclusive lockmgr bufwait (bufwait) r = 0 (0xfffffe01efa22c10) locked @ /usr/src/sys/vm/vm_pager.c:380\nexclusive lockmgr bufwait (bufwait) r = 0 (0xfffffe01efa22e40) locked @ /usr/src/sys/vm/vm_pager.c:380\npanic: witness_warn\n\n\nBOOT LOG\n========\n/boot/kernel/kernel text=0x13a80d8 data=0x1343e0+0x4d8ab8 syms=[0x8+0x15c180+0x8+0x173e0c]\nBooting...\nGDB: no debug ports present\nKDB: debugger backends: ddb\nKDB: current backend: ddb\nCopyright (c) 1992-2015 The FreeBSD Project.\nCopyright (c) 1979, 1980, 1983, 1986, 1988, 1989, 1991, 1992, 1993, 1994\n\tThe Regents of the University of California. All rights reserved.\nFreeBSD is a registered trademark of The FreeBSD Foundation.\nFreeBSD 11.0-CURRENT #0 r292413: Fri Dec 18 01:11:55 UTC 2015\n    root@releng2.nyi.freebsd.org:/usr/obj/usr/src/sys/GENERIC amd64\nFreeBSD clang version 3.7.0 (tags/RELEASE_370/final 246257) 20150906\nWARNING: WITNESS option enabled, expect reduced performance.\nVT(vga): resolution 640x480\nCPU: Intel(R) Xeon(R) CPU           X5670  @ 2.93GHz (2933.07-MHz K8-class CPU)\n  Origin=\"GenuineIntel\"  Id=0x206c2  Family=0x6  Model=0x2c  Stepping=2\n  Features=0x9f83fbff\u003cFPU,VME,DE,PSE,TSC,MSR,PAE,MCE,CX8,APIC,SEP,MTRR,PGE,MCA,CMOV,PAT,PSE36,MMX,FXSR,SSE,SSE2,SS,HTT,PBE\u003e\n  Features2=0x829e6217\u003cSSE3,PCLMULQDQ,DTES64,DS_CPL,SSSE3,CX16,xTPR,PCID,DCA,SSE4.1,SSE4.2,POPCNT,AESNI,HV\u003e\n  AMD Features=0x24100800\u003cSYSCALL,NX,Page1GB,LM\u003e\n  AMD Features2=0x1\u003cLAHF\u003e\n  TSC: P-state invariant\nHypervisor: Origin = \"bhyve bhyve \"\nreal memory  = 9663676416 (9216 MB)\navail memory = 8249942016 (7867 MB)\nEvent timer \"LAPIC\" quality 600\nACPI APIC Table: \u003cBHYVE  BVMADT  \u003e\nFreeBSD/SMP: Multiprocessor System Detected: 8 CPUs\nFreeBSD/SMP: 8 package(s) x 1 core(s)\n cpu0 (BSP): APIC ID:  0\n cpu1 (AP): APIC ID:  1\n cpu2 (AP): APIC ID:  2\n cpu3 (AP): APIC ID:  3\n cpu4 (AP): APIC ID:  4\n cpu5 (AP): APIC ID:  5\n cpu6 (AP): APIC ID:  6\n cpu7 (AP): APIC ID:  7\nioapic0 \u003cVersion 1.1\u003e irqs 0-23 on motherboard\nrandom: entropy device external interface\nkbd1 at kbdmux0\nnetmap: loaded module\nmodule_register_init: MOD_LOAD (vesa, 0xffffffff80ee1f10, 0) error 19\nvtvga0: \u003cVT VGA driver\u003e on motherboard\ncryptosoft0: \u003csoftware crypto\u003e on motherboard\nacpi0: \u003cBHYVE BVXSDT\u003e on motherboard\nacpi0: Power Button (fixed)\natrtc0: \u003cAT realtime clock\u003e port 0x70-0x71 irq 8 on acpi0\nEvent timer \"RTC\" frequency 32768 Hz quality 0\nattimer0: \u003cAT timer\u003e port 0x40-0x43 irq 0 on acpi0\nTimecounter \"i8254\" frequency 1193182 Hz quality 0\nEvent timer \"i8254\" frequency 1193182 Hz quality 100\nhpet0: \u003cHigh Precision Event Timer\u003e iomem 0xfed00000-0xfed003ff on acpi0\nTimecounter \"HPET\" frequency 10000000 Hz quality 950\nEvent timer \"HPET\" frequency 10000000 Hz quality 550\nTimecounter \"ACPI-fast\" frequency 3579545 Hz quality 900\nacpi_timer0: \u003c32-bit timer at 3.579545MHz\u003e port 0x408-0x40b on acpi0\npcib0: \u003cACPI Host-PCI bridge\u003e port 0xcf8-0xcff on acpi0\npci0: \u003cACPI PCI bus\u003e on pcib0\nisab0: \u003cPCI-ISA bridge\u003e at device 1.0 on pci0\nisa0: \u003cISA bus\u003e on isab0\nahci0: \u003cIntel ICH8 AHCI SATA controller\u003e mem 0xc0000000-0xc00003ff irq 16 at device 2.0 on pci0\nahci0: AHCI v1.30 with 6 6Gbps ports, Port Multiplier not supported\nahcich0: \u003cAHCI channel\u003e at channel 0 on ahci0\nvirtio_pci0: \u003cVirtIO PCI Network adapter\u003e port 0x2000-0x201f mem 0xc0002000-0xc0003fff irq 17 at device 3.0 on pci0\nvtnet0: \u003cVirtIO Networking Adapter\u003e on virtio_pci0\nvtnet0: Ethernet address: 00:a0:98:95:a2:c5\n001.000048 [ 421] vtnet_netmap_attach       max rings 1\nvtnet0: netmap queues/slots: TX 1/1024, RX 1/1024\n001.000049 [ 426] vtnet_netmap_attach       virtio attached txq=1, txd=1024 rxq=1, rxd=1024\nahci1: \u003cIntel ICH8 AHCI SATA controller\u003e mem 0xc0004000-0xc00043ff irq 18 at device 4.0 on pci0\nahci1: AHCI v1.30 with 6 6Gbps ports, Port Multiplier not supported\nahcich6: \u003cAHCI channel\u003e at channel 0 on ahci1\nuart0: \u003c16550 or compatible\u003e port 0x3f8-0x3ff irq 4 flags 0x10 on acpi0\nuart0: console (9600,n,8,1)\nuart1: \u003c16550 or compatible\u003e port 0x2f8-0x2ff irq 3 on acpi0\nqpi0: \u003cQPI system bus\u003e on motherboard\nvga0: \u003cGeneric ISA VGA\u003e at port 0x3b0-0x3bb iomem 0xb0000-0xb7fff on isa0\natkbdc0: \u003cKeyboard controller (i8042)\u003e at port 0x60,0x64 on isa0\natkbd0: \u003cAT Keyboard\u003e irq 1 on atkbdc0\nkbd0 at atkbd0\natkbd0: [GIANT-LOCKED]\nppc0: cannot reserve I/O port range\nTimecounters tick every 1.000 msec\nIPsec: Initialized Security Association Processing.\ncd0 at ahcich6 bus 0 scbus1 target 0 lun 0\ncd0: \u003cBHYVE BHYVE DVD-ROM 001\u003e Removable CD-ROM SCSI device\ncd0: Serial Number BHYVE-E5BA-7EDF-596F\ncd0: 600.000MB/s transfers (SATA 3.x, UDMA6, ATAPI 12bytes, PIO 8192bytes)\ncd0: 808MB (413788 2048 byte sectors)\nada0 at ahcich0 bus 0 scbus0 target 0 lun 0\nada0: \u003cBHYVE SATA DISK 001\u003e ACS-2 ATA SATA 3.x device\nada0: Serial Number BHYVE-0DD8-8ED8-A4CE\nada0: 600.000MB/s transfers (SATA 3.x, UDMA6, PIO 8192bytes)\nada0: Command Queueing enabled\nada0: 32768MB (67108864 512 byte sectors)\nSMP: AP CPU #3 Launched!\nSMP: AP CPU #2 Launched!\nSMP: AP CPU #1 Launched!\nSMP: AP CPU #7 Launched!\nSMP: AP CPU #4 Launched!\nSMP: AP CPU #5 Launched!\nSMP: AP CPU #6 Launched!\nWARNING: WITNESS option enabled, expect reduced performance.\nTrying to mount root from cd9660:/dev/iso9660/11_0_CURRENT_AMD64_CD [ro]...\nlock order reversal:\n 1st 0xfffffe01efa22e40 bufwait (bufwait) @ /usr/src/sys/vm/vm_pager.c:380\n 2nd 0xfffff800098405f0 isofs (isofs) @ /usr/src/sys/kern/imgact_elf.c:877\nstack backtrace:\n#0 0xffffffff80a80560 at witness_debugger+0x70\n#1 0xffffffff80a80461 at witness_checkorder+0xe71\n#2 0xffffffff80a01e6b at __lockmgr_args+0xd3b\n#3 0xffffffff80ac845c at vop_stdlock+0x3c\n#4 0xffffffff80fbb260 at VOP_LOCK1_APV+0x100\n#5 0xffffffff80ae93aa at _vn_lock+0x9a\n#6 0xffffffff809c1f20 at exec_elf64_imgact+0xa50\n#7 0xffffffff809e526d at kern_execve+0x42d\n#8 0xffffffff809e4aec at sys_execve+0x4c\n#9 0xffffffff809c891a at start_init+0x26a\n#10 0xffffffff809ec8a4 at fork_exit+0x84\n#11 0xffffffff80e4fbae at fork_trampoline+0xe\nuserret: returning with the following locks held:\nexclusive lockmgr bufwait (bufwait) r = 0 (0xfffffe01efa22c10) locked @ /usr/src/sys/vm/vm_pager.c:380\nexclusive lockmgr bufwait (bufwait) r = 0 (0xfffffe01efa22e40) locked @ /usr/src/sys/vm/vm_pager.c:380\npanic: witness_warn\ncpuid = 7\nKDB: stack backtrace:\ndb_trace_self_wrapper() at db_trace_self_wrapper+0x2b/frame 0xfffffe022f27d7f0\nvpanic() at vpanic+0x182/frame 0xfffffe022f27d870\nkassert_panic() at kassert_panic+0x126/frame 0xfffffe022f27d8e0\nwitness_warn() at witness_warn+0x3c6/frame 0xfffffe022f27d9b0\nuserret() at userret+0x98/frame 0xfffffe022f27d9e0\ntrap() at trap+0x3f4/frame 0xfffffe022f27dbf0\ncalltrap() at calltrap+0x8/frame 0xfffffe022f27dbf0\n--- trap 0xc, rip = 0x4001c4, rsp = 0x7fffffffed80, rbp = 0x7fffffffedb0 ---\nKDB: enter: panic\n[ thread pid 1 tid 100002 ]\nStopped at      kdb_enter+0x3b: movq    $0,kdb_why\ndb\u003e"
}