{
 "id": 1011197,
 "bug_id": 144234,
 "attachment_id": 0,
 "creation_time": "2018-09-14T07:12:12Z",
 "creator": "dgeo@centrale-med.fr",
 "text": "Same problem here on a dell r430 with H330 (LSI) HBA, after 11.1-\u003e 11.2 upgrade (freebsd-update)\n\nBooting from Hard drive C:\ngptzfsboot: error 1 lba 585937488\ngptzfsboot: error 1 lba 1\ngptzfsboot: error 1 lba 585937488\ngptzfsboot: error 1 lba 1\n\nI tried using gptzfsboot from 12-ALPHA5 with same results 11.2-STABLE gave different error (that I've lost for now… the server is running in production for now, I can make some more tests later)\n\nreverting to gptzfsboot from 11.1-RELEASE works, but still displays:\ngptzfsboot: error 1 lba 585937488\ngptzfsboot: error 1 lba 585937488\n\ndmesg here:\nCopyright (c) 1992-2018 The FreeBSD Project.\nCopyright (c) 1979, 1980, 1983, 1986, 1988, 1989, 1991, 1992, 1993, 1994\n        The Regents of the University of California. All rights reserved.\nFreeBSD is a registered trademark of The FreeBSD Foundation.\nFreeBSD 11.2-RELEASE-p3 #0: Thu Sep  6 07:14:16 UTC 2018\n    root@amd64-builder.daemonology.net:/usr/obj/usr/src/sys/GENERIC amd64\nFreeBSD clang version 6.0.0 (tags/RELEASE_600/final 326565) (based on LLVM 6.0.0)\nVT(vga): resolution 640x480\nCPU: Intel(R) Xeon(R) CPU E5-2603 v4 @ 1.70GHz (1698.07-MHz K8-class CPU)\n  Origin=\"GenuineIntel\"  Id=0x406f1  Family=0x6  Model=0x4f  Stepping=1\n  Features=0xbfebfbff\u003cFPU,VME,DE,PSE,TSC,MSR,PAE,MCE,CX8,APIC,SEP,MTRR,PGE,MCA,CMOV,PAT,PSE36,CLFLUSH,DTS,ACPI,MMX,FXSR,SSE,SSE2,SS,HTT,TM,PBE\u003e\n  Features2=0x7ffefbff\u003cSSE3,PCLMULQDQ,DTES64,MON,DS_CPL,VMX,SMX,EST,TM2,SSSE3,SDBG,FMA,CX16,xTPR,PDCM,PCID,DCA,SSE4.1,SSE4.2,x2APIC,MOVBE,POPCNT,TSCDLT,AESNI,XSAVE,OSXSAVE,AVX,F16C,RDRAND\u003e\n  AMD Features=0x2c100800\u003cSYSCALL,NX,Page1GB,RDTSCP,LM\u003e\n  AMD Features2=0x121\u003cLAHF,ABM,Prefetch\u003e\n  Structured Extended Features=0x21cbfbb\u003cFSGSBASE,TSCADJ,BMI1,HLE,AVX2,SMEP,BMI2,ERMS,INVPCID,RTM,PQM,NFPUSG,PQE,RDSEED,ADX,SMAP,PROCTRACE\u003e\n  Structured Extended Features3=0x9c000000\u003cIBPB,STIBP,SSBD\u003e\n  XSAVE Features=0x1\u003cXSAVEOPT\u003e\n  VT-x: PAT,HLT,MTF,PAUSE,EPT,UG,VPID,VID,PostIntr\n  TSC: P-state invariant, performance statistics\nreal memory  = 34359738368 (32768 MB)\navail memory = 33041133568 (31510 MB)\nEvent timer \"LAPIC\" quality 600\nACPI APIC Table: \u003cDELL   PE_SC3  \u003e\nFreeBSD/SMP: Multiprocessor System Detected: 6 CPUs\nFreeBSD/SMP: 1 package(s) x 6 core(s)\nrandom: unblocking device.\nioapic0 \u003cVersion 2.0\u003e irqs 0-23 on motherboard\nioapic1 \u003cVersion 2.0\u003e irqs 24-47 on motherboard\nSMP: AP CPU #1 Launched!\nSMP: AP CPU #4 Launched!\nSMP: AP CPU #5 Launched!\nSMP: AP CPU #2 Launched!\nSMP: AP CPU #3 Launched!\nTimecounter \"TSC\" frequency 1698070884 Hz quality 1000\nrandom: entropy device external interface\nkbd1 at kbdmux0\nnetmap: loaded module\nmodule_register_init: MOD_LOAD (vesa, 0xffffffff80ff4580, 0) error 19\nrandom: registering fast source Intel Secure Key RNG\nrandom: fast provider: \"Intel Secure Key RNG\"\nnexus0\nvtvga0: \u003cVT VGA driver\u003e on motherboard\ncryptosoft0: \u003csoftware crypto\u003e on motherboard\nacpi0: \u003cDELL PE_SC3\u003e on motherboard\nacpi0: Power Button (fixed)\ncpu0: \u003cACPI CPU\u003e on acpi0\ncpu1: \u003cACPI CPU\u003e on acpi0\ncpu2: \u003cACPI CPU\u003e on acpi0\ncpu3: \u003cACPI CPU\u003e on acpi0\ncpu4: \u003cACPI CPU\u003e on acpi0\ncpu5: \u003cACPI CPU\u003e on acpi0\natrtc0: \u003cAT realtime clock\u003e port 0x70-0x71,0x74-0x77 irq 8 on acpi0\natrtc0: registered as a time-of-day clock, resolution 1.000000s\nEvent timer \"RTC\" frequency 32768 Hz quality 0\nattimer0: \u003cAT timer\u003e port 0x40-0x43,0x50-0x53 irq 0 on acpi0\nTimecounter \"i8254\" frequency 1193182 Hz quality 0\nEvent timer \"i8254\" frequency 1193182 Hz quality 100\nhpet0: \u003cHigh Precision Event Timer\u003e iomem 0xfed00000-0xfed003ff on acpi0\nTimecounter \"HPET\" frequency 14318180 Hz quality 950\nEvent timer \"HPET\" frequency 14318180 Hz quality 550\nEvent timer \"HPET1\" frequency 14318180 Hz quality 440\nEvent timer \"HPET2\" frequency 14318180 Hz quality 440\nTimecounter \"ACPI-fast\" frequency 3579545 Hz quality 900\nacpi_timer0: \u003c24-bit timer at 3.579545MHz\u003e port 0x408-0x40b on acpi0\npcib0: \u003cACPI Host-PCI bridge\u003e on acpi0\npcib0: _OSC returned error 0x10\npci0: \u003cACPI PCI bus\u003e on pcib0\npci0: \u003cdasp, performance counters\u003e at device 11.1 (no driver attached)\npci0: \u003cdasp, performance counters\u003e at device 11.2 (no driver attached)\npci0: \u003cdasp, performance counters\u003e at device 16.1 (no driver attached)\npci0: \u003cdasp, performance counters\u003e at device 16.6 (no driver attached)\npci0: \u003cdasp, performance counters\u003e at device 18.1 (no driver attached)\nacpi_syscontainer0: \u003cSystem Container\u003e on acpi0\npcib1: \u003cACPI Host-PCI bridge\u003e port 0xcf8-0xcff numa-domain 0 on acpi0\npci1: \u003cACPI PCI bus\u003e numa-domain 0 on pcib1\npcib2: \u003cACPI PCI-PCI bridge\u003e irq 47 at device 1.0 numa-domain 0 on pci1\npci2: \u003cACPI PCI bus\u003e numa-domain 0 on pcib2\nAVAGO MegaRAID SAS FreeBSD mrsas driver version: 06.712.04.00-fbsd\nmrsas0: \u003cAVAGO Fury SAS Controller\u003e port 0x2000-0x20ff mem 0x91d00000-0x91d0ffff,0x91c00000-0x91cfffff irq 26 at device 0.0 numa-domain 0 on pci2\nmrsas0: Using MSI-X with 6 number of vectors\nmrsas0: FW supports \u003c96\u003e MSIX vector,Online CPU 6 Current MSIX \u003c6\u003e\nmrsas0: FW supports: UnevenSpanSupport=1\n\nmrsas0: MSI-x interrupts setup success\npcib3: \u003cACPI PCI-PCI bridge\u003e irq 47 at device 2.0 numa-domain 0 on pci1\npci3: \u003cACPI PCI bus\u003e numa-domain 0 on pcib3\npcib4: \u003cACPI PCI-PCI bridge\u003e irq 47 at device 3.0 numa-domain 0 on pci1\npci4: \u003cACPI PCI bus\u003e numa-domain 0 on pcib4\npci1: \u003cunknown\u003e at device 17.0 (no driver attached)\nahci0: \u003cIntel Wellsburg AHCI SATA controller\u003e port 0x3078-0x307f,0x308c-0x308f,0x3070-0x3077,0x3088-0x308b,0x3040-0x305f mem 0x91e01000-0x91e017ff irq 16 at device 17.4 numa-domain 0 on pci1\nahci0: AHCI v1.30 with 4 6Gbps ports, Port Multiplier not supported\nahcich0: \u003cAHCI channel\u003e at channel 0 on ahci0\nahcich1: \u003cAHCI channel\u003e at channel 1 on ahci0\nahcich2: \u003cAHCI channel\u003e at channel 2 on ahci0\nahcich3: \u003cAHCI channel\u003e at channel 3 on ahci0\nahciem0: \u003cAHCI enclosure management bridge\u003e on ahci0\npci1: \u003csimple comms\u003e at device 22.0 (no driver attached)\npci1: \u003csimple comms\u003e at device 22.1 (no driver attached)\nehci0: \u003cIntel Wellsburg USB 2.0 controller\u003e mem 0x91e03000-0x91e033ff irq 18 at device 26.0 numa-domain 0 on pci1\nusbus0: EHCI version 1.0\nusbus0 numa-domain 0 on ehci0\nusbus0: 480Mbps High Speed USB v2.0\npcib5: \u003cACPI PCI-PCI bridge\u003e irq 16 at device 28.0 numa-domain 0 on pci1\npcib5: [GIANT-LOCKED]\npcib6: \u003cACPI PCI-PCI bridge\u003e irq 17 at device 28.1 numa-domain 0 on pci1\npci5: \u003cACPI PCI bus\u003e numa-domain 0 on pcib6\npcib7: \u003cPCI-PCI bridge\u003e at device 0.0 numa-domain 0 on pci5\npci6: \u003cPCI bus\u003e numa-domain 0 on pcib7\npcib8: \u003cPCI-PCI bridge\u003e at device 0.0 numa-domain 0 on pci6\npci7: \u003cPCI bus\u003e numa-domain 0 on pcib8\npcib9: \u003cPCI-PCI bridge\u003e at device 0.0 numa-domain 0 on pci7\npci8: \u003cPCI bus\u003e numa-domain 0 on pcib9\nvgapci0: \u003cVGA-compatible display\u003e mem 0x90000000-0x90ffffff,0x91800000-0x91803fff,0x91000000-0x917fffff irq 17 at device 0.0 numa-domain 0 on pci8\nvgapci0: Boot video device\npcib10: \u003cACPI PCI-PCI bridge\u003e irq 18 at device 28.2 numa-domain 0 on pci1\npci9: \u003cACPI PCI bus\u003e numa-domain 0 on pcib10\nbge0: \u003cBroadcom NetXtreme Gigabit Ethernet, ASIC rev. 0x5720000\u003e mem 0x91a30000-0x91a3ffff,0x91a40000-0x91a4ffff,0x91a50000-0x91a5ffff irq 18 at device 0.0 numa-domain 0 on pci9\nbge0: APE FW version: NCSI v1.4.22.0\nbge0: CHIP ID 0x05720000; ASIC REV 0x5720; CHIP REV 0x57200; PCI-E\nmiibus0: \u003cMII bus\u003e numa-domain 0 on bge0\nbrgphy0: \u003cBCM5720C 1000BASE-T media interface\u003e PHY 1 on miibus0\nbrgphy0:  10baseT, 10baseT-FDX, 100baseTX, 100baseTX-FDX, 1000baseT, 1000baseT-master, 1000baseT-FDX, 1000baseT-FDX-master, auto, auto-flow\nbge0: Using defaults for TSO: 65518/35/2048\nbge0: Ethernet address: 18:66:da:74:75:1f\nbge1: \u003cBroadcom NetXtreme Gigabit Ethernet, ASIC rev. 0x5720000\u003e mem 0x91a00000-0x91a0ffff,0x91a10000-0x91a1ffff,0x91a20000-0x91a2ffff irq 19 at device 0.1 numa-domain 0 on pci9\nbge1: APE FW version: NCSI v1.4.22.0\nbge1: CHIP ID 0x05720000; ASIC REV 0x5720; CHIP REV 0x57200; PCI-E\nmiibus1: \u003cMII bus\u003e numa-domain 0 on bge1\nbrgphy1: \u003cBCM5720C 1000BASE-T media interface\u003e PHY 2 on miibus1\nbrgphy1:  10baseT, 10baseT-FDX, 100baseTX, 100baseTX-FDX, 1000baseT, 1000baseT-master, 1000baseT-FDX, 1000baseT-FDX-master, auto, auto-flow\nbge1: Using defaults for TSO: 65518/35/2048\nbge1: Ethernet address: 18:66:da:74:75:20\npcib11: \u003cACPI PCI-PCI bridge\u003e irq 19 at device 28.3 numa-domain 0 on pci1\npci10: \u003cACPI PCI bus\u003e numa-domain 0 on pcib11\nbge2: \u003cBroadcom NetXtreme Gigabit Ethernet, ASIC rev. 0x5720000\u003e mem 0x91b30000-0x91b3ffff,0x91b40000-0x91b4ffff,0x91b50000-0x91b5ffff irq 19 at device 0.0 numa-domain 0 on pci10\nbge2: APE FW version: NCSI v1.4.22.0\nbge2: CHIP ID 0x05720000; ASIC REV 0x5720; CHIP REV 0x57200; PCI-E\nmiibus2: \u003cMII bus\u003e numa-domain 0 on bge2\nbrgphy2: \u003cBCM5720C 1000BASE-T media interface\u003e PHY 1 on miibus2\nbrgphy2:  10baseT, 10baseT-FDX, 100baseTX, 100baseTX-FDX, 1000baseT, 1000baseT-master, 1000baseT-FDX, 1000baseT-FDX-master, auto, auto-flow\nbge2: Using defaults for TSO: 65518/35/2048\nbge2: Ethernet address: 18:66:da:74:75:21\nbge3: \u003cBroadcom NetXtreme Gigabit Ethernet, ASIC rev. 0x5720000\u003e mem 0x91b00000-0x91b0ffff,0x91b10000-0x91b1ffff,0x91b20000-0x91b2ffff irq 16 at device 0.1 numa-domain 0 on pci10\nbge3: APE FW version: NCSI v1.4.22.0\nbge3: CHIP ID 0x05720000; ASIC REV 0x5720; CHIP REV 0x57200; PCI-E\nmiibus3: \u003cMII bus\u003e numa-domain 0 on bge3\nbrgphy3: \u003cBCM5720C 1000BASE-T media interface\u003e PHY 2 on miibus3\nbrgphy3:  10baseT, 10baseT-FDX, 100baseTX, 100baseTX-FDX, 1000baseT, 1000baseT-master, 1000baseT-FDX, 1000baseT-FDX-master, auto, auto-flow\nbge3: Using defaults for TSO: 65518/35/2048\nbge3: Ethernet address: 18:66:da:74:75:22\nehci1: \u003cIntel Wellsburg USB 2.0 controller\u003e mem 0x91e02000-0x91e023ff irq 18 at device 29.0 numa-domain 0 on pci1\nusbus1: EHCI version 1.0\nusbus1 numa-domain 0 on ehci1\nusbus1: 480Mbps High Speed USB v2.0\nisab0: \u003cPCI-ISA bridge\u003e at device 31.0 numa-domain 0 on pci1\nisa0: \u003cISA bus\u003e numa-domain 0 on isab0\nahci1: \u003cIntel Wellsburg AHCI SATA controller\u003e port 0x3068-0x306f,0x3084-0x3087,0x3060-0x3067,0x3080-0x3083,0x3020-0x303f mem 0x91e00000-0x91e007ff irq 16 at device 31.2 numa-domain 0 on pci1\nahci1: AHCI v1.30 with 6 6Gbps ports, Port Multiplier not supported\nahcich4: \u003cAHCI channel\u003e at channel 0 on ahci1\nahcich5: \u003cAHCI channel\u003e at channel 1 on ahci1\nahcich6: \u003cAHCI channel\u003e at channel 2 on ahci1\nahcich7: \u003cAHCI channel\u003e at channel 3 on ahci1\nahcich8: \u003cAHCI channel\u003e at channel 4 on ahci1\nahcich9: \u003cAHCI channel\u003e at channel 5 on ahci1\nahciem1: \u003cAHCI enclosure management bridge\u003e on ahci1\nuart1: \u003c16550 or compatible\u003e port 0x2f8-0x2ff irq 3 on acpi0\nuart0: \u003c16550 or compatible\u003e port 0x3f8-0x3ff irq 4 flags 0x10 on acpi0\norm0: \u003cISA Option ROMs\u003e at iomem 0xc0000-0xc7fff,0xc8000-0xcb7ff,0xed800-0xf17ff on isa0\nppc0: cannot reserve I/O port range\nest0: \u003cEnhanced SpeedStep Frequency Control\u003e on cpu0\nest: CPU supports Enhanced Speedstep, but is not recognized.\nest: cpu_vendor GenuineIntel, msr 1a1b00001100\ndevice_attach: est0 attach returned 6\nest1: \u003cEnhanced SpeedStep Frequency Control\u003e on cpu1\nest: CPU supports Enhanced Speedstep, but is not recognized.\nest: cpu_vendor GenuineIntel, msr 1a1b00001100\ndevice_attach: est1 attach returned 6\nest2: \u003cEnhanced SpeedStep Frequency Control\u003e on cpu2\nest: CPU supports Enhanced Speedstep, but is not recognized.\nest: cpu_vendor GenuineIntel, msr 1a1b00001100\ndevice_attach: est2 attach returned 6\nest3: \u003cEnhanced SpeedStep Frequency Control\u003e on cpu3\nest: CPU supports Enhanced Speedstep, but is not recognized.\nest: cpu_vendor GenuineIntel, msr 1a1b00001100\ndevice_attach: est3 attach returned 6\nest4: \u003cEnhanced SpeedStep Frequency Control\u003e on cpu4\nest: CPU supports Enhanced Speedstep, but is not recognized.\nest: cpu_vendor GenuineIntel, msr 1a1b00001100\ndevice_attach: est4 attach returned 6\nest5: \u003cEnhanced SpeedStep Frequency Control\u003e on cpu5\nest: CPU supports Enhanced Speedstep, but is not recognized.\nest: cpu_vendor GenuineIntel, msr 1a1b00001100\ndevice_attach: est5 attach returned 6\nZFS filesystem version: 5\nZFS storage pool version: features support (5000)\nTimecounters tick every 1.000 msec\nmrsas0: Disestablish mrsas intr hook\nugen0.1: \u003cIntel EHCI root HUB\u003e at usbus0\nugen1.1: \u003cIntel EHCI root HUB\u003e at usbus1\nuhub0: \u003cIntel EHCI root HUB, class 9/0, rev 2.00/1.00, addr 1\u003e on usbus0\nuhub1: \u003cIntel EHCI root HUB, class 9/0, rev 2.00/1.00, addr 1\u003e on usbus1\nses0 at mrsas0 bus 1 scbus1 target 32 lun 0\ncd0 at ahcich9 bus 0 scbus12 target 0 lun 0\nses0: \u003cDP BP13G+ 2.25\u003e Fixed Enclosure Services SPC-3 SCSI device\nses0: 150.000MB/s transfers\nses0: SCSI-3 ENC Device\ncd0: \u003cPLDS DVD+-RW DS-8ABSH LD51\u003e Removable CD-ROM SCSI device\ncd0: Serial Number MTT6M7363962K63K6A04\ncd0: 150.000MB/s transfers (SATA 1.x, UDMA6, ATAPI 12bytes, PIO 8192bytes)\ncd0: Attempt to query device size failed: NOT READY, Medium not present - tray closed\nses1 at ahciem0 bus 0 scbus6 target 0 lun 0\nses1: \u003cAHCI SGPIO Enclosure 1.00 0001\u003e SEMB S-E-S 2.00 device\nses1: SEMB SES Device\nses2 at ahciem1 bus 0 scbus13 target 0 lun 0\nses2: \u003cAHCI SGPIO Enclosure 1.00 0001\u003e SEMB S-E-S 2.00 device\nses2: SEMB SES Device\nda0 at mrsas0 bus 1 scbus1 target 0 lun 0\nda0: \u003cTOSHIBA AL13SXB30EN DK04\u003e Fixed Direct Access SPC-4 SCSI device\nda0: Serial Number 86N0A0G8FHSC\nda0: 150.000MB/s transfers\nda0: 286102MB (585937500 512 byte sectors)\nda1 at mrsas0 bus 1 scbus1 target 1 lun 0\nda1: \u003cTOSHIBA AL13SXB30EN DK04\u003e Fixed Direct Access SPC-4 SCSI device\nda1: Serial Number 86N0A0GLFHSC\nda1: 150.000MB/s transfers\nda1: 286102MB (585937500 512 byte sectors)\nTrying to mount root from zfs:zroot/ROOT/default []...\nRoot mount waiting for: usbus1 usbus0\nuhub0: 2 ports with 2 removable, self powered\nuhub1: 2 ports with 2 removable, self powered\nugen0.2: \u003cvendor 0x8087 product 0x800a\u003e at usbus0\nuhub2 numa-domain 0 on uhub0\nuhub2: \u003cvendor 0x8087 product 0x800a, class 9/0, rev 2.00/0.05, addr 2\u003e on usbus0\nugen1.2: \u003cvendor 0x8087 product 0x8002\u003e at usbus1\nuhub3 numa-domain 0 on uhub1\nuhub3: \u003cvendor 0x8087 product 0x8002, class 9/0, rev 2.00/0.05, addr 2\u003e on usbus1\nRoot mount waiting for: usbus1 usbus0\nuhub2: 6 ports with 6 removable, self powered\nuhub3: 8 ports with 8 removable, self powered\nugen0.3: \u003cno manufacturer Gadget USB HUB\u003e at usbus0\nuhub4 numa-domain 0 on uhub2\nuhub4: \u003cno manufacturer Gadget USB HUB, class 9/0, rev 2.00/0.00, addr 3\u003e on usbus0\nRoot mount waiting for: usbus0\nuhub4: 6 ports with 6 removable, self powered\nRoot mount waiting for: usbus0\nugen0.4: \u003cAvocent KeyboardMouse Function\u003e at usbus0\nukbd0 numa-domain 0 on uhub4\nukbd0: \u003cKeyboard\u003e on usbus0\nkbd2 at ukbd0\nbge0: link state changed to DOWN\nums0 numa-domain 0 on uhub4\nums0: \u003cMouse\u003e on usbus0\nums0: 3 buttons and [Z] coordinates ID=0\nums1 numa-domain 0 on uhub4\nums1: \u003cMouse REL\u003e on usbus0\nums1: 3 buttons and [XYZ] coordinates ID=0\nbge0: link state changed to UP\nbge0.2: link state changed to UP\nbge0.191: link state changed to UP\npflog0: promiscuous mode enabled\nCPU: Intel(R) Xeon(R) CPU E5-2603 v4 @ 1.70GHz (1698.07-MHz K8-class CPU)\n  Origin=\"GenuineIntel\"  Id=0x406f1  Family=0x6  Model=0x4f  Stepping=1\n  Features=0xbfebfbff\u003cFPU,VME,DE,PSE,TSC,MSR,PAE,MCE,CX8,APIC,SEP,MTRR,PGE,MCA,CMOV,PAT,PSE36,CLFLUSH,DTS,ACPI,MMX,FXSR,SSE,SSE2,SS,HTT,TM,PBE\u003e\n  Features2=0x7ffefbff\u003cSSE3,PCLMULQDQ,DTES64,MON,DS_CPL,VMX,SMX,EST,TM2,SSSE3,SDBG,FMA,CX16,xTPR,PDCM,PCID,DCA,SSE4.1,SSE4.2,x2APIC,MOVBE,POPCNT,TSCDLT,AESNI,XSAVE,OSXSAVE,AVX,F16C,RDRAND\u003e\n  AMD Features=0x2c100800\u003cSYSCALL,NX,Page1GB,RDTSCP,LM\u003e\n  AMD Features2=0x121\u003cLAHF,ABM,Prefetch\u003e\n  Structured Extended Features=0x21cbfbb\u003cFSGSBASE,TSCADJ,BMI1,HLE,AVX2,SMEP,BMI2,ERMS,INVPCID,RTM,PQM,NFPUSG,PQE,RDSEED,ADX,SMAP,PROCTRACE\u003e\n  Structured Extended Features3=0x9c000000\u003cIBPB,STIBP,SSBD\u003e\n  XSAVE Features=0x1\u003cXSAVEOPT\u003e\n  VT-x: PAT,HLT,MTF,PAUSE,EPT,UG,VPID,VID,PostIntr\n  TSC: P-state invariant, performance statistics"
}