{
 "id": 546010,
 "bug_id": 144234,
 "attachment_id": 0,
 "creation_time": "2010-02-23T15:20:01Z",
 "creator": "jamesbrandongooch@gmail.com",
 "text": "After completing an install of 9.0-CURRENT on ZFS root\n(http://wiki.freebsd.org/RootOnZFS/GPTZFSBoot), I receive this error\nwhen trying to boot the computer after install:\n\nerror 1 lba 48\nerror 1 lba 1\nNo ZFS pools located, can't boot\n\nVerbose dmesg:\n\nCopyright (c) 1992-2010 The FreeBSD Project.\nCopyright (c) 1979, 1980, 1983, 1986, 1988, 1989, 1991, 1992, 1993, 1994\n\tThe Regents of the University of California. All rights reserved.\nFreeBSD is a registered trademark of The FreeBSD Foundation.\nFreeBSD 9.0-CURRENT #0 r204163: Sun Feb 21 02:59:23 CST 2010\n    root@adamo.local:/usr/obj/usr/src/sys/ADAMO amd64\nPreloaded elf kernel \"/boot/kernel/kernel\" at 0xffffffff80dc9000.\nPreloaded elf obj module \"/boot/kernel/nullfs.ko\" at 0xffffffff80dc9280.\nPreloaded elf obj module \"/boot/kernel/zfs.ko\" at 0xffffffff80dc98a8.\nPreloaded elf obj module \"/boot/kernel/opensolaris.ko\" at 0xffffffff80dc9f50.\nPreloaded elf obj module \"/boot/kernel/if_epair.ko\" at 0xffffffff80dca580.\nPreloaded elf obj module \"/boot/kernel/if_tap.ko\" at 0xffffffff80dcabf0.\nPreloaded elf obj module \"/boot/kernel/if_vlan.ko\" at 0xffffffff80dcb218.\nPreloaded elf obj module \"/boot/kernel/if_bge.ko\" at 0xffffffff80dcb8c0.\nPreloaded elf obj module \"/boot/kernel/miibus.ko\" at 0xffffffff80dcbee8.\nPreloaded elf obj module \"/boot/kernel/ng_ether.ko\" at 0xffffffff80dcc490.\nPreloaded elf obj module \"/boot/kernel/netgraph.ko\" at 0xffffffff80dcca40.\nPreloaded elf obj module \"/boot/kernel/sound.ko\" at 0xffffffff80dcd0f0.\nPreloaded elf obj module \"/boot/kernel/snd_hda.ko\" at 0xffffffff80dcd798.\nPreloaded elf obj module \"/boot/kernel/usb.ko\" at 0xffffffff80dcddc0.\nPreloaded elf obj module \"/boot/kernel/uhid.ko\" at 0xffffffff80dce468.\nPreloaded elf obj module \"/boot/kernel/ukbd.ko\" at 0xffffffff80dcea90.\nPreloaded elf obj module \"/boot/kernel/ums.ko\" at 0xffffffff80dcf138.\nPreloaded elf obj module \"/boot/kernel/umass.ko\" at 0xffffffff80dcf760.\nPreloaded elf obj module \"/boot/kernel/acpi_video.ko\" at 0xffffffff80dcfd88.\nPreloaded /boot/zfs/zpool.cache \"/boot/zfs/zpool.cache\" at 0xffffffff80dd0338.\nPreloaded elf obj module \"/boot/kernel/ehci.ko\" at 0xffffffff80dd0398.\nPreloaded elf obj module \"/boot/kernel/uhci.ko\" at 0xffffffff80dd09c0.\nPreloaded elf obj module \"/boot/kernel/ucom.ko\" at 0xffffffff80dd0fe8.\nPreloaded elf obj module \"/boot/kernel/umct.ko\" at 0xffffffff80dd1790.\nPreloaded elf obj module \"/boot/kernel/uplcom.ko\" at 0xffffffff80dd1d38.\nPreloaded elf obj module \"/boot/kernel/if_iwn.ko\" at 0xffffffff80dd2360.\nPreloaded elf obj module \"/boot/kernel/drm.ko\" at 0xffffffff80dd2908.\nPreloaded elf obj module \"/boot/kernel/i915.ko\" at 0xffffffff80dd2fb0.\nTimecounter \"i8254\" frequency 1193182 Hz quality 0\nCalibrating TSC clock ... TSC clock: 1400059997 Hz\nCPU: Intel(R) Core(TM)2 Duo CPU     U9400  @ 1.40GHz (1400.06-MHz K8-class CPU)\n  Origin = \"GenuineIntel\"  Id = 0x10676  Stepping = 6\n  Features=0xbfebfbff\u003cFPU,VME,DE,PSE,TSC,MSR,PAE,MCE,CX8,APIC,SEP,MTRR,PGE,MCA,CMOV,PAT,PSE36,CLFLUSH,DTS,ACPI,MMX,FXSR,SSE,SSE2,SS,HTT,TM,PBE\u003e\n  Features2=0x8e3fd\u003cSSE3,DTES64,MON,DS_CPL,VMX,SMX,EST,TM2,SSSE3,CX16,xTPR,PDCM,SSE4.1\u003e\n  AMD Features=0x20100800\u003cSYSCALL,NX,LM\u003e\n  AMD Features2=0x1\u003cLAHF\u003e\n  TSC: P-state invariant\nreal memory  = 4294967296 (4096 MB)\nPhysical memory chunk(s):\n0x0000000000001000 - 0x0000000000097fff, 618496 bytes (151 pages)\n0x0000000000e02000 - 0x00000000b3e20fff, 3003248640 bytes (733215 pages)\n0x00000000bd4a7000 - 0x00000000bd5cffff, 1216512 bytes (297 pages)\n0x00000000bd60f000 - 0x00000000bd708fff, 1024000 bytes (250 pages)\n0x00000000bd90f000 - 0x00000000bd917fff, 36864 bytes (9 pages)\n0x00000000bd91f000 - 0x00000000bd962fff, 278528 bytes (68 pages)\n0x00000000bd99f000 - 0x00000000bd9e2fff, 278528 bytes (68 pages)\n0x00000000bd9ff000 - 0x00000000bd9fffff, 4096 bytes (1 pages)\n0x0000000100000000 - 0x000000013ffeffff, 1073676288 bytes (262128 pages)\navail memory = 4057239552 (3869 MB)\nACPI APIC Table: \u003cPTLTD  \t APIC  \u003e\nINTR: Adding local APIC 1 as a target\nFreeBSD/SMP: Multiprocessor System Detected: 2 CPUs\nFreeBSD/SMP: 1 package(s) x 2 core(s)\n cpu0 (BSP): APIC ID:  0\n cpu1 (AP): APIC ID:  1\nAPIC: CPU 0 has ACPI ID 0\nAPIC: CPU 1 has ACPI ID 1\nULE: setup cpu 0\nULE: setup cpu 1\nACPI: RSDP 0xf78e0 00024 (v2 PTLTD )\nACPI: XSDT 0xbd9f76c5 0007C (v1 DELL    QA09    06040000  LTP 00000000)\nACPI: FACP 0xbd9e7000 000F4 (v3 INTEL  CRESTLNE 06040000 ALAN 00000001)\nACPI: DSDT 0xbd9e8000 0740C (v2 Intel  CANTIGA  06040000 INTL 20050624)\nACPI: FACS 0xbd99efc0 00040\nACPI: HPET 0xbd9fed16 00038 (v1 INTEL  CRESTLNE 06040000 LOHR 0000005A)\nACPI: MCFG 0xbd9fed4e 0003C (v1 INTEL  CRESTLNE 06040000 LOHR 0000005A)\nACPI: APIC 0xbd9fed8a 00068 (v1 PTLTD  ? APIC   06040000  LTP 00000000)\nACPI: BOOT 0xbd9fedf2 00028 (v1 PTLTD  $SBFTBL$ 06040000  LTP 00000001)\nACPI: SLIC 0xbd9fee1a 00176 (v1 DELL    QA09    06040000  LTP 00000000)\nACPI: OSFR 0xbd9fef90 00070 (v1 DELL   DELL     06040000 ASL  00000061)\nACPI: SSDT 0xbd9f7769 00039 (v1 BrtRef  DD01BRT 00001000 INTL 20050624)\nACPI: SSDT 0xbd9e6000 00655 (v1  PmRef    CpuPm 00003000 INTL 20050624)\nACPI: SSDT 0xbd9e5000 00259 (v1  PmRef  Cpu0Tst 00003000 INTL 20050624)\nACPI: SSDT 0xbd9e4000 0020F (v1  PmRef    ApTst 00003000 INTL 20050624)\nMADT: Found IO APIC ID 2, Interrupt 0 at 0xfec00000\nioapic0: Routing external 8259A's -\u003e intpin 0\nlapic0: Routing NMI -\u003e LINT1\nlapic0: LINT1 trigger: edge\nlapic0: LINT1 polarity: high\nlapic1: Routing NMI -\u003e LINT1\nlapic1: LINT1 trigger: edge\nlapic1: LINT1 polarity: high\nMADT: Interrupt override: source 0, irq 2\nioapic0: Routing IRQ 0 -\u003e intpin 2\nMADT: Interrupt override: source 9, irq 9\nioapic0: intpin 9 trigger: level\nioapic0 \u003cVersion 2.0\u003e irqs 0-23 on motherboard\ncpu0 BSP:\n     ID: 0x00000000   VER: 0x00050014 LDR: 0x00000000 DFR: 0xffffffff\n  lint0: 0x00010700 lint1: 0x00000400 TPR: 0x00000000 SVR: 0x000001ff\n  timer: 0x000100ef therm: 0x00010000 err: 0x00010000 pcm: 0x00010400\nwlan: \u003c802.11 Link Layer\u003e\nsnd_unit_init() u=0x00ff8000 [512] d=0x00007c00 [32] c=0x000003ff [1024]\nfeeder_register: snd_unit=-1 snd_maxautovchans=16 latency=5 feeder_rate_min=1 feeder_rate_max=2016000 feeder_rate_round=25\nrandom: \u003centropy source, Software, Yarrow\u003e\nio: \u003cI/O\u003e\nkbd: new array size 4\nkbd1 at kbdmux0\nmem: \u003cmemory\u003e\nnull: \u003cnull device, zero device\u003e\nnfslock: pseudo-device\nacpi0: \u003cDELL QA09   \u003e on motherboard\nPCIe: Memory Mapped configuration base @ 0xe0000000\nioapic0: routing intpin 9 (ISA IRQ 9) to lapic 0 vector 48\nacpi0: [MPSAFE]\nacpi0: [ITHREAD]\nAcpiOsDerivePciId: \\\\_SB_.PCI0.HBUS -\u003e bus 0 dev 0 func 0\nAcpiOsDerivePciId: \\\\_SB_.PCI0.RP04.PXCS -\u003e bus 0 dev 28 func 3\nacpi0: Power Button (fixed)\nAcpiOsDerivePciId: \\\\_SB_.PCI0.LPCB.LPC0 -\u003e bus 0 dev 31 func 0\nAcpiOsDerivePciId: \\\\_SB_.PCI0.LPCB.LPC1 -\u003e bus 0 dev 31 func 0\nacpi_hpet0: vend: 0x8086 rev: 0x1 num: 4 hz: 14318180 opts: legacy_route 64-bit\nTimecounter \"HPET\" frequency 14318180 Hz quality 900\nACPI timer: 0/3 1/2 0/3 0/3 0/3 0/3 0/3 1/2 1/2 1/2 -\u003e 4\nTimecounter \"ACPI-safe\" frequency 3579545 Hz quality 850\nacpi_timer0: \u003c24-bit timer at 3.579545MHz\u003e port 0x408-0x40b on acpi0\ncpu0: \u003cACPI CPU\u003e on acpi0\nACPI: SSDT 0xbd91ac20 00265 (v1  PmRef  Cpu0Ist 00003000 INTL 20050624)\nACPI: SSDT 0xbd918620 00575 (v1  PmRef  Cpu0Cst 00003001 INTL 20050624)\ncpu1: \u003cACPI CPU\u003e on acpi0\nACPI: SSDT 0xbd919ca0 001CF (v1  PmRef    ApIst 00003000 INTL 20050624)\nACPI: SSDT 0xbd919f20 0008D (v1  PmRef    ApCst 00003000 INTL 20050624)\nacpi_ec0: \u003cEmbedded Controller: GPE 0x1c\u003e port 0x62,0x66 on acpi0\npci_link0:        Index  IRQ  Rtd  Ref  IRQs\n  Initial Probe       0    5   N     0  1 3 4 5 6 7 10 12 14 15\n  Validation          0    5   N     0  1 3 4 5 6 7 10 12 14 15\n  After Disable       0  255   N     0  1 3 4 5 6 7 10 12 14 15\npci_link1:        Index  IRQ  Rtd  Ref  IRQs\n  Initial Probe       0   11   N     0  1 3 4 5 6 7 11 12 14 15\n  Validation          0   11   N     0  1 3 4 5 6 7 11 12 14 15\n  After Disable       0  255   N     0  1 3 4 5 6 7 11 12 14 15\npci_link2:        Index  IRQ  Rtd  Ref  IRQs\n  Initial Probe       0   10   N     0  1 3 4 5 6 7 10 12 14 15\n  Validation          0   10   N     0  1 3 4 5 6 7 10 12 14 15\n  After Disable       0  255   N     0  1 3 4 5 6 7 10 12 14 15\npci_link3:        Index  IRQ  Rtd  Ref  IRQs\n  Initial Probe       0   10   N     0  1 3 4 5 6 7 11 12 14 15\n  Validation          0  255   N     0  1 3 4 5 6 7 11 12 14 15\n  After Disable       0  255   N     0  1 3 4 5 6 7 11 12 14 15\npci_link4:        Index  IRQ  Rtd  Ref  IRQs\n  Initial Probe       0  255   N     0  1 3 4 5 6 7 10 12 14 15\n  Validation          0  255   N     0  1 3 4 5 6 7 10 12 14 15\n  After Disable       0  255   N     0  1 3 4 5 6 7 10 12 14 15\npci_link5:        Index  IRQ  Rtd  Ref  IRQs\n  Initial Probe       0   11   N     0  1 3 4 5 6 7 11 12 14 15\n  Validation          0   11   N     0  1 3 4 5 6 7 11 12 14 15\n  After Disable       0  255   N     0  1 3 4 5 6 7 11 12 14 15\npci_link6:        Index  IRQ  Rtd  Ref  IRQs\n  Initial Probe       0   10   N     0  1 3 4 5 6 7 10 12 14 15\n  Validation          0   10   N     0  1 3 4 5 6 7 10 12 14 15\n  After Disable       0  255   N     0  1 3 4 5 6 7 10 12 14 15\npci_link7:        Index  IRQ  Rtd  Ref  IRQs\n  Initial Probe       0    7   N     0  1 3 4 5 6 7 11 12 14 15\n  Validation          0    7   N     0  1 3 4 5 6 7 11 12 14 15\n  After Disable       0  255   N     0  1 3 4 5 6 7 11 12 14 15\npcib0: \u003cACPI Host-PCI bridge\u003e port 0xcf8-0xcff on acpi0\npci0: \u003cACPI PCI bus\u003e on pcib0\npci0: domain=0, physical bus=0\nfound-\u003e\tvendor=0x8086, dev=0x2a40, revid=0x07\n\tdomain=0, bus=0, slot=0, func=0\n\tclass=06-00-00, hdrtype=0x00, mfdev=0\n\tcmdreg=0x0106, statreg=0x2090, cachelnsz=0 (dwords)\n\tlattimer=0x00 (0 ns), mingnt=0x00 (0 ns), maxlat=0x00 (0 ns)\nfound-\u003e\tvendor=0x8086, dev=0x2a42, revid=0x07\n\tdomain=0, bus=0, slot=2, func=0\n\tclass=03-00-00, hdrtype=0x00, mfdev=1\n\tcmdreg=0x0007, statreg=0x0090, cachelnsz=0 (dwords)\n\tlattimer=0x00 (0 ns), mingnt=0x00 (0 ns), maxlat=0x00 (0 ns)\n\tintpin=a, irq=5\n\tpowerspec 3  supports D0 D3  current D0\n\tMSI supports 1 message\n\tmap[10]: type Memory, range 64, base 0xf8000000, size 22, enabled\n\tmap[18]: type Prefetchable Memory, range 64, base 0xd0000000, size 28, enabled\n\tmap[20]: type I/O Port, range 32, base 0x1800, size  3, enabled\npcib0: matched entry for 0.2.INTA\npcib0: slot 2 INTA hardwired to IRQ 16\nfound-\u003e\tvendor=0x8086, dev=0x2a43, revid=0x07\n\tdomain=0, bus=0, slot=2, func=1\n\tclass=03-80-00, hdrtype=0x00, mfdev=1\n\tcmdreg=0x0007, statreg=0x0090, cachelnsz=0 (dwords)\n\tlattimer=0x00 (0 ns), mingnt=0x00 (0 ns), maxlat=0x00 (0 ns)\n\tpowerspec 3  supports D0 D3  current D0\n\tmap[10]: type Memory, range 64, base 0xf8400000, size 20, enabled\nfound-\u003e\tvendor=0x8086, dev=0x2937, revid=0x03\n\tdomain=0, bus=0, slot=26, func=0\n\tclass=0c-03-00, hdrtype=0x00, mfdev=1\n\tcmdreg=0x0005, statreg=0x0290, cachelnsz=0 (dwords)\n\tlattimer=0x00 (0 ns), mingnt=0x00 (0 ns), maxlat=0x00 (0 ns)\n\tintpin=a, irq=5\n\tmap[20]: type I/O Port, range 32, base 0x1820, size  5, enabled\npcib0: matched entry for 0.26.INTA\npcib0: slot 26 INTA hardwired to IRQ 16\nfound-\u003e\tvendor=0x8086, dev=0x2938, revid=0x03\n\tdomain=0, bus=0, slot=26, func=1\n\tclass=0c-03-00, hdrtype=0x00, mfdev=0\n\tcmdreg=0x0005, statreg=0x0290, cachelnsz=0 (dwords)\n\tlattimer=0x00 (0 ns), mingnt=0x00 (0 ns), maxlat=0x00 (0 ns)\n\tintpin=b, irq=11\n\tmap[20]: type I/O Port, range 32, base 0x1840, size  5, enabled\npcib0: matched entry for 0.26.INTB\npcib0: slot 26 INTB hardwired to IRQ 21\nfound-\u003e\tvendor=0x8086, dev=0x2939, revid=0x03\n\tdomain=0, bus=0, slot=26, func=2\n\tclass=0c-03-00, hdrtype=0x00, mfdev=0\n\tcmdreg=0x0005, statreg=0x0290, cachelnsz=0 (dwords)\n\tlattimer=0x00 (0 ns), mingnt=0x00 (0 ns), maxlat=0x00 (0 ns)\n\tintpin=c, irq=10\n\tmap[20]: type I/O Port, range 32, base 0x1860, size  5, enabled\npcib0: matched entry for 0.26.INTC\npcib0: slot 26 INTC hardwired to IRQ 19\nfound-\u003e\tvendor=0x8086, dev=0x293c, revid=0x03\n\tdomain=0, bus=0, slot=26, func=7\n\tclass=0c-03-20, hdrtype=0x00, mfdev=0\n\tcmdreg=0x0106, statreg=0x0290, cachelnsz=0 (dwords)\n\tlattimer=0x00 (0 ns), mingnt=0x00 (0 ns), maxlat=0x00 (0 ns)\n\tintpin=c, irq=10\n\tpowerspec 2  supports D0 D3  current D0\n\tmap[10]: type Memory, range 32, base 0xf8804800, size 10, enabled\npcib0: matched entry for 0.26.INTC\npcib0: slot 26 INTC hardwired to IRQ 19\nfound-\u003e\tvendor=0x8086, dev=0x293e, revid=0x03\n\tdomain=0, bus=0, slot=27, func=0\n\tclass=04-03-00, hdrtype=0x00, mfdev=0\n\tcmdreg=0x0106, statreg=0x0010, cachelnsz=16 (dwords)\n\tlattimer=0x00 (0 ns), mingnt=0x00 (0 ns), maxlat=0x00 (0 ns)\n\tintpin=a, irq=10\n\tpowerspec 2  supports D0 D3  current D0\n\tMSI supports 1 message, 64 bit\n\tmap[10]: type Memory, range 64, base 0xf8600000, size 14, enabled\npcib0: matched entry for 0.27.INTA\npcib0: slot 27 INTA hardwired to IRQ 22\nfound-\u003e\tvendor=0x8086, dev=0x2940, revid=0x03\n\tdomain=0, bus=0, slot=28, func=0\n\tclass=06-04-00, hdrtype=0x01, mfdev=1\n\tcmdreg=0x0107, statreg=0x0010, cachelnsz=16 (dwords)\n\tlattimer=0x00 (0 ns), mingnt=0x04 (1000 ns), maxlat=0x00 (0 ns)\n\tintpin=a, irq=11\n\tpowerspec 2  supports D0 D3  current D0\n\tMSI supports 1 message\npcib0: matched entry for 0.28.INTA\npcib0: slot 28 INTA hardwired to IRQ 17\nfound-\u003e\tvendor=0x8086, dev=0x2942, revid=0x03\n\tdomain=0, bus=0, slot=28, func=1\n\tclass=06-04-00, hdrtype=0x01, mfdev=1\n\tcmdreg=0x0107, statreg=0x0010, cachelnsz=16 (dwords)\n\tlattimer=0x00 (0 ns), mingnt=0x04 (1000 ns), maxlat=0x00 (0 ns)\n\tintpin=b, irq=5\n\tpowerspec 2  supports D0 D3  current D0\n\tMSI supports 1 message\npcib0: matched entry for 0.28.INTB\npcib0: slot 28 INTB hardwired to IRQ 16\nfound-\u003e\tvendor=0x8086, dev=0x294a, revid=0x03\n\tdomain=0, bus=0, slot=28, func=5\n\tclass=06-04-00, hdrtype=0x01, mfdev=1\n\tcmdreg=0x0107, statreg=0x0010, cachelnsz=16 (dwords)\n\tlattimer=0x00 (0 ns), mingnt=0x04 (1000 ns), maxlat=0x00 (0 ns)\n\tintpin=b, irq=5\n\tpowerspec 2  supports D0 D3  current D0\n\tMSI supports 1 message\npcib0: matched entry for 0.28.INTB\npcib0: slot 28 INTB hardwired to IRQ 16\nfound-\u003e\tvendor=0x8086, dev=0x2934, revid=0x03\n\tdomain=0, bus=0, slot=29, func=0\n\tclass=0c-03-00, hdrtype=0x00, mfdev=1\n\tcmdreg=0x0005, statreg=0x0290, cachelnsz=0 (dwords)\n\tlattimer=0x00 (0 ns), mingnt=0x00 (0 ns), maxlat=0x00 (0 ns)\n\tintpin=a, irq=7\n\tmap[20]: type I/O Port, range 32, base 0x1880, size  5, enabled\npcib0: matched entry for 0.29.INTA\npcib0: slot 29 INTA hardwired to IRQ 23\nfound-\u003e\tvendor=0x8086, dev=0x2935, revid=0x03\n\tdomain=0, bus=0, slot=29, func=1\n\tclass=0c-03-00, hdrtype=0x00, mfdev=0\n\tcmdreg=0x0005, statreg=0x0290, cachelnsz=0 (dwords)\n\tlattimer=0x00 (0 ns), mingnt=0x00 (0 ns), maxlat=0x00 (0 ns)\n\tintpin=b, irq=10\n\tmap[20]: type I/O Port, range 32, base 0x18a0, size  5, enabled\npcib0: matched entry for 0.29.INTB\npcib0: slot 29 INTB hardwired to IRQ 19\nfound-\u003e\tvendor=0x8086, dev=0x2936, revid=0x03\n\tdomain=0, bus=0, slot=29, func=2\n\tclass=0c-03-00, hdrtype=0x00, mfdev=0\n\tcmdreg=0x0005, statreg=0x0290, cachelnsz=0 (dwords)\n\tlattimer=0x00 (0 ns), mingnt=0x00 (0 ns), maxlat=0x00 (0 ns)\n\tintpin=c, irq=10\n\tmap[20]: type I/O Port, range 32, base 0x18c0, size  5, enabled\npcib0: matched entry for 0.29.INTC\npcib0: slot 29 INTC hardwired to IRQ 18\nfound-\u003e\tvendor=0x8086, dev=0x293a, revid=0x03\n\tdomain=0, bus=0, slot=29, func=7\n\tclass=0c-03-20, hdrtype=0x00, mfdev=0\n\tcmdreg=0x0106, statreg=0x0290, cachelnsz=0 (dwords)\n\tlattimer=0x00 (0 ns), mingnt=0x00 (0 ns), maxlat=0x00 (0 ns)\n\tintpin=a, irq=7\n\tpowerspec 2  supports D0 D3  current D0\n\tmap[10]: type Memory, range 32, base 0xf8804c00, size 10, enabled\npcib0: matched entry for 0.29.INTA\npcib0: slot 29 INTA hardwired to IRQ 23\nfound-\u003e\tvendor=0x8086, dev=0x2448, revid=0x93\n\tdomain=0, bus=0, slot=30, func=0\n\tclass=06-04-01, hdrtype=0x01, mfdev=0\n\tcmdreg=0x0107, statreg=0x0010, cachelnsz=0 (dwords)\n\tlattimer=0x00 (0 ns), mingnt=0x04 (1000 ns), maxlat=0x00 (0 ns)\nfound-\u003e\tvendor=0x8086, dev=0x2917, revid=0x03\n\tdomain=0, bus=0, slot=31, func=0\n\tclass=06-01-00, hdrtype=0x00, mfdev=1\n\tcmdreg=0x0007, statreg=0x0210, cachelnsz=0 (dwords)\n\tlattimer=0x00 (0 ns), mingnt=0x00 (0 ns), maxlat=0x00 (0 ns)\nfound-\u003e\tvendor=0x8086, dev=0x2929, revid=0x03\n\tdomain=0, bus=0, slot=31, func=2\n\tclass=01-06-01, hdrtype=0x00, mfdev=0\n\tcmdreg=0x0007, statreg=0x02b0, cachelnsz=0 (dwords)\n\tlattimer=0x00 (0 ns), mingnt=0x00 (0 ns), maxlat=0x00 (0 ns)\n\tintpin=b, irq=10\n\tpowerspec 3  supports D0 D3  current D0\n\tMSI supports 16 messages\n\tmap[10]: type I/O Port, range 32, base 0x1818, size  3, enabled\n\tmap[14]: type I/O Port, range 32, base 0x180c, size  2, enabled\n\tmap[18]: type I/O Port, range 32, base 0x1810, size  3, enabled\n\tmap[1c]: type I/O Port, range 32, base 0x1808, size  2, enabled\n\tmap[20]: type I/O Port, range 32, base 0x18e0, size  5, enabled\n\tmap[24]: type Memory, range 32, base 0xf8804000, size 11, enabled\npcib0: matched entry for 0.31.INTB\npcib0: slot 31 INTB hardwired to IRQ 19\nfound-\u003e\tvendor=0x8086, dev=0x2930, revid=0x03\n\tdomain=0, bus=0, slot=31, func=3\n\tclass=0c-05-00, hdrtype=0x00, mfdev=0\n\tcmdreg=0x0103, statreg=0x0280, cachelnsz=0 (dwords)\n\tlattimer=0x00 (0 ns), mingnt=0x00 (0 ns), maxlat=0x00 (0 ns)\n\tintpin=c, irq=10\n\tmap[10]: type Memory, range 64, base 0, size  8, enabled\n\tmap[20]: type I/O Port, range 32, base 0x1c00, size  5, enabled\npcib0: matched entry for 0.31.INTC\npcib0: slot 31 INTC hardwired to IRQ 19\nvgapci0: \u003cVGA-compatible display\u003e port 0x1800-0x1807 mem 0xf8000000-0xf83fffff,0xd0000000-0xdfffffff irq 16 at device 2.0 on pci0\nagp0: \u003cIntel GM45 SVGA controller\u003e on vgapci0\nagp0: aperture size is 256M, detected 32764k stolen memory\nacpi_video0: \u003cACPI video extension\u003e on vgapci0\nfound VGA CRT or VESA Compatible Analog Monitor(100), idx#0, port#0, head #0\nfound Internal/Integrated Digital Flat Panel(400), idx#0, port#0, head #0\nfound External Digital Monitor(300), idx#0, port#0, head #0\nfound External Digital Monitor(301), idx#1, port#0, head #0\nfound External Digital Monitor(302), idx#2, port#0, head #0\ndrm0: \u003cMobile Intel\\M-B\\M-. GM45 Express Chipset\u003e on vgapci0\nvgapci0: attempting to allocate 1 MSI vectors (1 supported)\nmsi: routing MSI IRQ 256 to local APIC 0 vector 49\nvgapci0: using IRQ 256 for MSI\ninfo: [drm] MSI enabled 1 message(s)\nvgapci0: child drm0 requested pci_enable_busmaster\ninfo: [drm] AGP at 0xd0000000 256MB\ninfo: [drm] Initialized i915 1.6.0 20080730\nvgapci1: \u003cVGA-compatible display\u003e mem 0xf8400000-0xf84fffff at device 2.1 on pci0\nuhci0: \u003cIntel 82801I (ICH9) USB controller\u003e port 0x1820-0x183f irq 16 at device 26.0 on pci0\nioapic0: routing intpin 16 (PCI IRQ 16) to lapic 0 vector 50\nuhci0: [MPSAFE]\nuhci0: [ITHREAD]\nusbus0: \u003cIntel 82801I (ICH9) USB controller\u003e on uhci0\nuhci1: \u003cIntel 82801I (ICH9) USB controller\u003e port 0x1840-0x185f irq 21 at device 26.1 on pci0\nioapic0: routing intpin 21 (PCI IRQ 21) to lapic 0 vector 51\nuhci1: [MPSAFE]\nuhci1: [ITHREAD]\nusbus1: \u003cIntel 82801I (ICH9) USB controller\u003e on uhci1\nuhci2: \u003cIntel 82801I (ICH9) USB controller\u003e port 0x1860-0x187f irq 19 at device 26.2 on pci0\nioapic0: routing intpin 19 (PCI IRQ 19) to lapic 0 vector 52\nuhci2: [MPSAFE]\nuhci2: [ITHREAD]\nusbus2: \u003cIntel 82801I (ICH9) USB controller\u003e on uhci2\nehci0: \u003cIntel 82801I (ICH9) USB 2.0 controller\u003e mem 0xf8804800-0xf8804bff irq 19 at device 26.7 on pci0\nehci0: [MPSAFE]\nehci0: [ITHREAD]\nusbus3: EHCI version 1.0\nusbus3: \u003cIntel 82801I (ICH9) USB 2.0 controller\u003e on ehci0\nhdac0: \u003cIntel 82801I High Definition Audio Controller\u003e mem 0xf8600000-0xf8603fff irq 22 at device 27.0 on pci0\nhdac0: HDA Driver Revision: 20100122_0141\nhdac0: attempting to allocate 1 MSI vectors (1 supported)\nmsi: routing MSI IRQ 257 to local APIC 0 vector 53\nhdac0: using IRQ 257 for MSI\nhdac0: [MPSAFE]\nhdac0: [ITHREAD]\nhdac0: Caps: OSS 4, ISS 4, BSS 0, NSDO 1, 64bit, CORB 256, RIRB 256\npcib1: \u003cACPI PCI-PCI bridge\u003e irq 17 at device 28.0 on pci0\npcib1:   domain            0\npcib1:   secondary bus     2\npcib1:   subordinate bus   3\npcib1:   I/O decode        0x2000-0x2fff\npcib1:   memory decode     0xf4000000-0xf5ffffff\npcib1:   prefetched decode 0xf0000000-0xf1ffffff\npci2: \u003cACPI PCI bus\u003e on pcib1\npci2: domain=0, physical bus=2\npcib2: \u003cACPI PCI-PCI bridge\u003e irq 16 at device 28.1 on pci0\npcib2:   domain            0\npcib2:   secondary bus     4\npcib2:   subordinate bus   5\npcib2:   I/O decode        0x3000-0x3fff\npcib2:   memory decode     0xf6000000-0xf7ffffff\npcib2:   prefetched decode 0xf2000000-0xf3ffffff\npci4: \u003cACPI PCI bus\u003e on pcib2\npci4: domain=0, physical bus=4\nfound-\u003e\tvendor=0x8086, dev=0x4235, revid=0x00\n\tdomain=0, bus=4, slot=0, func=0\n\tclass=02-80-00, hdrtype=0x00, mfdev=0\n\tcmdreg=0x0106, statreg=0x0010, cachelnsz=16 (dwords)\n\tlattimer=0x00 (0 ns), mingnt=0x00 (0 ns), maxlat=0x00 (0 ns)\n\tintpin=a, irq=11\n\tpowerspec 3  supports D0 D3  current D0\n\tMSI supports 1 message, 64 bit\n\tmap[10]: type Memory, range 64, base 0xf6000000, size 13, enabled\npcib2: requested memory range 0xf6000000-0xf6001fff: good\npcib2: matched entry for 4.0.INTA\npcib2: slot 0 INTA hardwired to IRQ 17\niwn0: \u003cIntel(R) PRO/Wireless 5300\u003e mem 0xf6000000-0xf6001fff irq 17 at device 0.0 on pci4\niwn0: attempting to allocate 1 MSI vectors (1 supported)\nmsi: routing MSI IRQ 258 to local APIC 0 vector 54\niwn0: using IRQ 258 for MSI\niwn0: MIMO 3T3R, MoW, address 00:21:6a:77:cd:92\niwn0: [MPSAFE]\niwn0: [ITHREAD]\niwn0: 11a rates: 6Mbps 9Mbps 12Mbps 18Mbps 24Mbps 36Mbps 48Mbps 54Mbps\niwn0: 11b rates: 1Mbps 2Mbps 5.5Mbps 11Mbps\niwn0: 11g rates: 1Mbps 2Mbps 5.5Mbps 11Mbps 6Mbps 9Mbps 12Mbps 18Mbps 24Mbps 36Mbps 48Mbps 54Mbps\npcib3: \u003cACPI PCI-PCI bridge\u003e irq 16 at device 28.5 on pci0\npcib3:   domain            0\npcib3:   secondary bus     6\npcib3:   subordinate bus   6\npcib3:   I/O decode        0xf000-0xfff\npcib3:   memory decode     0xf8500000-0xf85fffff\npcib3:   no prefetched decode\npci6: \u003cACPI PCI bus\u003e on pcib3\npci6: domain=0, physical bus=6\nfound-\u003e\tvendor=0x14e4, dev=0x1698, revid=0x10\n\tdomain=0, bus=6, slot=0, func=0\n\tclass=02-00-00, hdrtype=0x00, mfdev=0\n\tcmdreg=0x0106, statreg=0x0010, cachelnsz=16 (dwords)\n\tlattimer=0x00 (0 ns), mingnt=0x00 (0 ns), maxlat=0x00 (0 ns)\n\tintpin=a, irq=11\n\tpowerspec 3  supports D0 D3  current D0\n\tMSI supports 1 message, 64 bit\n\tmap[10]: type Memory, range 64, base 0xf8500000, size 16, enabled\npcib3: requested memory range 0xf8500000-0xf850ffff: good\npcib3: matched entry for 6.0.INTA\npcib3: slot 0 INTA hardwired to IRQ 17\nbge0: \u003cBroadcom NetLink Gigabit Ethernet Controller    , ASIC rev. 0x5784100\u003e mem 0xf8500000-0xf850ffff irq 17 at device 0.0 on pci6\nbge0: adjust device control 0x2000 -\u003e 0x5000\nbge0: attempting to allocate 1 MSI vectors (1 supported)\nmsi: routing MSI IRQ 259 to local APIC 0 vector 55\nbge0: using IRQ 259 for MSI\nbge0: CHIP ID 0x05784100; ASIC REV 0x5784; CHIP REV 0x57841; PCI-E\nbge0: Disabling fastboot\nbge0: Disabling fastboot\nmiibus0: \u003cMII bus\u003e on bge0\nbrgphy0: \u003cBCM5784 10/100/1000baseTX PHY\u003e PHY 1 on miibus0\nbrgphy0: OUI 0x0050ef, model 0x003a, rev. 4\nbrgphy0:  10baseT, 10baseT-FDX, 100baseTX, 100baseTX-FDX, 1000baseT, 1000baseT-FDX, auto\nbge0: bpf attached\nbge0: Ethernet address: 00:22:19:e5:ca:51\nbge0: [MPSAFE]\nbge0: [FILTER]\nuhci3: \u003cIntel 82801I (ICH9) USB controller\u003e port 0x1880-0x189f irq 23 at device 29.0 on pci0\nioapic0: routing intpin 23 (PCI IRQ 23) to lapic 0 vector 56\nuhci3: [MPSAFE]\nuhci3: [ITHREAD]\nusbus4: \u003cIntel 82801I (ICH9) USB controller\u003e on uhci3\nuhci4: \u003cIntel 82801I (ICH9) USB controller\u003e port 0x18a0-0x18bf irq 19 at device 29.1 on pci0\nuhci4: [MPSAFE]\nuhci4: [ITHREAD]\nusbus5: \u003cIntel 82801I (ICH9) USB controller\u003e on uhci4\nuhci5: \u003cIntel 82801I (ICH9) USB controller\u003e port 0x18c0-0x18df irq 18 at device 29.2 on pci0\nioapic0: routing intpin 18 (PCI IRQ 18) to lapic 0 vector 57\nuhci5: [MPSAFE]\nuhci5: [ITHREAD]\nusbus6: \u003cIntel 82801I (ICH9) USB controller\u003e on uhci5\nehci1: \u003cIntel 82801I (ICH9) USB 2.0 controller\u003e mem 0xf8804c00-0xf8804fff irq 23 at device 29.7 on pci0\nehci1: [MPSAFE]\nehci1: [ITHREAD]\nusbus7: EHCI version 1.0\nusbus7: \u003cIntel 82801I (ICH9) USB 2.0 controller\u003e on ehci1\npcib4: \u003cACPI PCI-PCI bridge\u003e at device 30.0 on pci0\npcib4:   domain            0\npcib4:   secondary bus     7\npcib4:   subordinate bus   7\npcib4:   I/O decode        0xf000-0xfff\npcib4:   no prefetched decode\npcib4:   Subtractively decoded bridge.\npcib4: could not get PCI interrupt routing table for \\\\_SB_.PCI0.P0P1 - AE_NOT_FOUND\npci7: \u003cACPI PCI bus\u003e on pcib4\npci7: domain=0, physical bus=7\nisab0: \u003cPCI-ISA bridge\u003e at device 31.0 on pci0\nisa0: \u003cISA bus\u003e on isab0\natapci0: \u003cIntel (ID=29298086) AHCI controller\u003e port 0x1818-0x181f,0x180c-0x180f,0x1810-0x1817,0x1808-0x180b,0x18e0-0x18ff mem 0xf8804000-0xf88047ff irq 19 at device 31.2 on pci0\natapci0: [MPSAFE]\natapci0: [ITHREAD]\natapci0: AHCI v1.20 controller with 4 3Gbps ports, PM supported\natapci0: Caps: 64bit NCQ SNTF ALP AL CLO 3Gbps PM PMD SSC PSC 32cmd CCC eSATA 4ports\nata2: \u003cATA channel 0\u003e on atapci0\nata2: [MPSAFE]\nata2: [ITHREAD]\nata3: \u003cATA channel 1\u003e on atapci0\nata3: [MPSAFE]\nata3: [ITHREAD]\npci0: \u003cserial bus, SMBus\u003e at device 31.3 (no driver attached)\nacpi_button0: \u003cPower Button\u003e on acpi0\nacpi_button1: \u003cSleep Button\u003e on acpi0\nacpi_lid0: \u003cControl Method Lid Switch\u003e on acpi0\nacpi_acad0: \u003cAC Adapter\u003e on acpi0\nbattery0: \u003cACPI Control Method Battery\u003e on acpi0\nacpi_tz0: \u003cThermal Zone\u003e on acpi0\nacpi_tz1: \u003cThermal Zone\u003e on acpi0\nacpi_tz2: \u003cThermal Zone\u003e on acpi0\natrtc0: \u003cAT realtime clock\u003e port 0x70-0x77 irq 8 on acpi0\natrtc0: Warning: Couldn't map I/O.\natrtc0: registered as a time-of-day clock (resolution 1000000us)\natkbdc0: \u003cKeyboard controller (i8042)\u003e port 0x60,0x64 irq 1 on acpi0\natkbd0: \u003cAT Keyboard\u003e irq 1 on atkbdc0\natkbd: the current kbd controller command byte 0047\natkbd: keyboard ID 0x41ab (2)\nkbd0 at atkbd0\nkbd0: atkbd0, AT 101/102 (2), config:0x0, flags:0x3d0000\nioapic0: routing intpin 1 (ISA IRQ 1) to lapic 0 vector 58\natkbd0: [GIANT-LOCKED]\natkbd0: [ITHREAD]\npsm0: unable to allocate IRQ\npsmcpnp0: \u003cPS/2 mouse port\u003e irq 12 on acpi0\npsm0: current command byte:0047\npsm0: \u003cPS/2 Mouse\u003e irq 12 on atkbdc0\nioapic0: routing intpin 12 (ISA IRQ 12) to lapic 0 vector 59\npsm0: [GIANT-LOCKED]\npsm0: [ITHREAD]\npsm0: model Synaptics Touchpad, device ID 0-00, 3 buttons\npsm0: config:00006000, flags:00000008, packet size:6\npsm0: syncmask:c0, syncbits:00\nacpi0: wakeup code va 0xffffff8074d9a000 pa 0x4000\nisa_probe_children: disabling PnP devices\natkbdc: atkbdc0 already exists; skipping it\natrtc: atrtc0 already exists; skipping it\nsc: sc0 already exists; skipping it\nisa_probe_children: probing non-PnP devices\nsc0: \u003cSystem console\u003e at flags 0x100 on isa0\nsc0: VGA \u003c16 virtual consoles, flags=0x300\u003e\nsc0: fb0, kbd1, terminal emulator: scteken (teken terminal)\nvga0: \u003cGeneric ISA VGA\u003e at port 0x3c0-0x3df iomem 0xa0000-0xbffff on isa0\nfdc0 failed to probe at port 0x3f0-0x3f5,0x3f7 irq 6 drq 2 on isa0\nppc0 failed to probe at irq 7 on isa0\nuart0 failed to probe at port 0x3f8 irq 4 on isa0\nuart1 failed to probe at port 0x2f8 irq 3 on isa0\nisa_probe_children: probing PnP devices\nest0: \u003cEnhanced SpeedStep Frequency Control\u003e on cpu0\nest0: Invalid id16 (set, cur) = (2075, 1810)\nest0: Can't check freq 1401, it may be invalid\np4tcc0: \u003cCPU Frequency Thermal Control\u003e on cpu0\nest1: \u003cEnhanced SpeedStep Frequency Control\u003e on cpu1\nest1: Invalid id16 (set, cur) = (2075, 1810)\nest1: Can't check freq 1401, it may be invalid\np4tcc1: \u003cCPU Frequency Thermal Control\u003e on cpu1\nDevice configuration finished.\nReducing kern.maxvnodes 255210 -\u003e 100000\nprocfs registered\nZFS NOTICE: Prefetch is disabled by default if less than 4GB of RAM is present;\n            to enable, add \"vfs.zfs.prefetch_disable=0\" to /boot/loader.conf.\nZFS filesystem version 3\nZFS storage pool version 14\nlapic: Divisor 2, Frequency 100004290 Hz\nioapic0: routing intpin 8 (ISA IRQ 8) to lapic 0 vector 60\nTimecounter \"TSC\" frequency 1400059997 Hz quality -100\nTimecounters tick every 1.000 msec\nvlan: initialized, using hash tables with chaining\nepair initialized.\nlo0: bpf attached\nhdac0: Probing codec #0...\nhdac0: HDA Codec #0: IDT 92HD73C1\nhdac0:  HDA Codec ID: 0x111d7675\nhdac0:        Vendor: 0x111d\nhdac0:        Device: 0x7675\nhdac0:      Revision: 0x02\nhdac0:      Stepping: 0x02\nhdac0: PCI Subvendor: 0x02b91028\nhdac0: \tFound audio FG nid=1 startnode=10 endnode=44 total=34\nhdac0: Probing codec #1...\nhdac0: HDA Codec #1: Intel G45 HDMI\nhdac0:  HDA Codec ID: 0x80862802\nhdac0:        Vendor: 0x8086\nhdac0:        Device: 0x2802\nhdac0:      Revision: 0x00\nhdac0:      Stepping: 0x00\nhdac0: PCI Subvendor: 0x02b91028\nhdac0: \tFound audio FG nid=1 startnode=2 endnode=4 total=2\nhdac0: \nhdac0: Processing audio FG cad=0 nid=1...\nhdac0: GPIO: 0xc0000008 NumGPIO=8 NumGPO=0 NumGPI=0 GPIWake=1 GPIUnsol=1\nhdac0:  nid 10 0x0421101f as  1 seq 15    Headphones  Jack jack  1 loc  4 color   Black misc 0\nhdac0:  nid 11 0x400001f1 as 15 seq  1      Line-out  None jack  0 loc  0 color Unknown misc 1\nhdac0:  nid 12 0x400001f2 as 15 seq  2      Line-out  None jack  0 loc  0 color Unknown misc 1\nhdac0:  nid 13 0x90170110 as  1 seq  0       Speaker Fixed jack  7 loc 16 color Unknown misc 1\nhdac0:  nid 14 0x400001f3 as 15 seq  3      Line-out  None jack  0 loc  0 color Unknown misc 1\nhdac0:  nid 15 0x400001f0 as 15 seq  0      Line-out  None jack  0 loc  0 color Unknown misc 1\nhdac0:  nid 16 0x400001f4 as 15 seq  4      Line-out  None jack  0 loc  0 color Unknown misc 1\nhdac0:  nid 17 0x400001f5 as 15 seq  5      Line-out  None jack  0 loc  0 color Unknown misc 1\nhdac0:  nid 18 0x400001f6 as 15 seq  6      Line-out  None jack  0 loc  0 color Unknown misc 1\nhdac0:  nid 19 0x90a60160 as  6 seq  0           Mic Fixed jack  6 loc 16 color Unknown misc 1\nhdac0:  nid 20 0x400001f7 as 15 seq  7      Line-out  None jack  0 loc  0 color Unknown misc 1\nhdac0:  nid 34 0x400001f8 as 15 seq  8      Line-out  None jack  0 loc  0 color Unknown misc 1\nhdac0:  nid 35 0x400001f9 as 15 seq  9      Line-out  None jack  0 loc  0 color Unknown misc 1\nhdac0:  nid 36 0x400001fa as 15 seq 10      Line-out  None jack  0 loc  0 color Unknown misc 1\nhdac0: Patched pins configuration:\nhdac0:  nid 10 0x0421101f as  1 seq 15    Headphones  Jack jack  1 loc  4 color   Black misc 0\nhdac0:  nid 11 0x400001f1 as 15 seq  1      Line-out  None jack  0 loc  0 color Unknown misc 1 [DISABLED]\nhdac0:  nid 12 0x400001f2 as 15 seq  2      Line-out  None jack  0 loc  0 color Unknown misc 1 [DISABLED]\nhdac0:  nid 13 0x90170110 as  1 seq  0       Speaker Fixed jack  7 loc 16 color Unknown misc 1\nhdac0:  nid 14 0x400001f3 as 15 seq  3      Line-out  None jack  0 loc  0 color Unknown misc 1 [DISABLED]\nhdac0:  nid 15 0x400001f0 as 15 seq  0      Line-out  None jack  0 loc  0 color Unknown misc 1 [DISABLED]\nhdac0:  nid 16 0x400001f4 as 15 seq  4      Line-out  None jack  0 loc  0 color Unknown misc 1 [DISABLED]\nhdac0:  nid 17 0x400001f5 as 15 seq  5      Line-out  None jack  0 loc  0 color Unknown misc 1 [DISABLED]\nhdac0:  nid 18 0x400001f6 as 15 seq  6      Line-out  None jack  0 loc  0 color Unknown misc 1 [DISABLED]\nhdac0:  nid 19 0x90a60160 as  6 seq  0           Mic Fixed jack  6 loc 16 color Unknown misc 1\nhdac0:  nid 20 0x400001f7 as 15 seq  7      Line-out  None jack  0 loc  0 color Unknown misc 1 [DISABLED]\nhdac0:  nid 34 0x400001f8 as 15 seq  8      Line-out  None jack  0 loc  0 color Unknown misc 1 [DISABLED]\nhdac0:  nid 35 0x400001f9 as 15 seq  9      Line-out  None jack  0 loc  0 color Unknown misc 1 [DISABLED]\nhdac0:  nid 36 0x400001fa as 15 seq 10      Line-out  None jack  0 loc  0 color Unknown misc 1 [DISABLED]\nhdac0: 2 associations found:\nhdac0: Association 0 (1) out:\nhdac0:  Pin nid=13 seq=0\nhdac0:  Pin nid=10 seq=15\nhdac0: Association 1 (6) in:\nhdac0:  Pin nid=19 seq=0\nhdac0: Tracing association 0 (1)\nhdac0:  Pin 13 traced to DAC 21\nhdac0:  Pin 10 traced to DAC 21 and hpredir 0\nhdac0: Association 0 (1) trace succeeded\nhdac0: Tracing association 1 (6)\nhdac0:  Pin 19 traced to ADC 26\nhdac0: Association 1 (6) trace succeeded\nhdac0: Tracing input monitor\nhdac0: Tracing other input monitors\nhdac0:  Tracing nid 19 to out\nhdac0: Tracing beeper\nhdac0: Enabling headphone/speaker audio routing switching:\nhdac0: \tas=0 sense nid=10 [UNSOL]\nhdac0: Pin sense: nid=10 res=0x7fffffff\nhdac0: FG config/quirks: forcestereo ivref50 ivref80 ivref100 ivref\nhdac0: \nhdac0: +-------------------+\nhdac0: | DUMPING HDA NODES |\nhdac0: +-------------------+\nhdac0: \nhdac0: Default Parameter\nhdac0: -----------------\nhdac0:      Stream cap: 0x00000001\nhdac0:                  PCM\nhdac0:         PCM cap: 0x000e05e0\nhdac0:                  16 20 24 bits, 44 48 88 96 192 KHz\nhdac0:          IN amp: 0x00270300\nhdac0:         OUT amp: 0x80027f7f\nhdac0: \nhdac0:             nid: 10\nhdac0:            Name: pin: Headphones (Black Jack)\nhdac0:      Widget cap: 0x00400183\nhdac0:                  UNSOL STEREO\nhdac0:     Association: 0 (0x00008000)\nhdac0:         Pin cap: 0x0000173f\nhdac0:                  ISC TRQD PDC HP OUT IN VREF[ 50 80 GROUND HIZ ]\nhdac0:      Pin config: 0x0421101f\nhdac0:     Pin control: 0x00000080 HP\nhdac0:       Input amp: 0x00270300\nhdac0:                  mute=0 step=3 size=39 offset=0\nhdac0:     connections: 4\nhdac0:           |\nhdac0:           + \u003c- nid=21 [audio output] (selected)\nhdac0:           + [DISABLED] \u003c- nid=22 [audio output] [DISABLED]\nhdac0:           + [DISABLED] \u003c- nid=23 [audio output] [DISABLED]\nhdac0:           + [DISABLED] \u003c- nid=30 [audio selector] [DISABLED]\nhdac0: \nhdac0:             nid: 11 [DISABLED]\nhdac0:            Name: pin: Line-out (None)\nhdac0:      Widget cap: 0x00400183\nhdac0:                  UNSOL STEREO\nhdac0:         Pin cap: 0x0000173f\nhdac0:                  ISC TRQD PDC HP OUT IN VREF[ 50 80 GROUND HIZ ]\nhdac0:      Pin config: 0x400001f1\nhdac0:     Pin control: 0x00000000\nhdac0:       Input amp: 0x00270300\nhdac0:                  mute=0 step=3 size=39 offset=0\nhdac0:     connections: 4\nhdac0:           |\nhdac0:           + \u003c- nid=21 [audio output] (selected)\nhdac0:           + \u003c- nid=22 [audio output] [DISABLED]\nhdac0:           + \u003c- nid=23 [audio output] [DISABLED]\nhdac0:           + \u003c- nid=30 [audio selector] [DISABLED]\nhdac0: \nhdac0:             nid: 12 [DISABLED]\nhdac0:            Name: pin: Line-out (None)\nhdac0:      Widget cap: 0x00400183\nhdac0:                  UNSOL STEREO\nhdac0:         Pin cap: 0x00001737\nhdac0:                  ISC TRQD PDC OUT IN VREF[ 50 80 GROUND HIZ ]\nhdac0:      Pin config: 0x400001f2\nhdac0:     Pin control: 0x00000000\nhdac0:       Input amp: 0x00270300\nhdac0:                  mute=0 step=3 size=39 offset=0\nhdac0:     connections: 4\nhdac0:           |\nhdac0:           + \u003c- nid=21 [audio output] (selected)\nhdac0:           + \u003c- nid=22 [audio output] [DISABLED]\nhdac0:           + \u003c- nid=23 [audio output] [DISABLED]\nhdac0:           + \u003c- nid=30 [audio selector] [DISABLED]\nhdac0: \nhdac0:             nid: 13\nhdac0:            Name: pin: Speaker (Fixed)\nhdac0:      Widget cap: 0x00400183\nhdac0:                  UNSOL STEREO\nhdac0:     Association: 0 (0x00000001)\nhdac0:         Pin cap: 0x0000003f\nhdac0:                  ISC TRQD PDC HP OUT IN\nhdac0:      Pin config: 0x90170110\nhdac0:     Pin control: 0x00000040 OUT\nhdac0:       Input amp: 0x00270300\nhdac0:                  mute=0 step=3 size=39 offset=0\nhdac0:     connections: 4\nhdac0:           |\nhdac0:           + \u003c- nid=21 [audio output] (selected)\nhdac0:           + [DISABLED] \u003c- nid=22 [audio output] [DISABLED]\nhdac0:           + [DISABLED] \u003c- nid=23 [audio output] [DISABLED]\nhdac0:           + [DISABLED] \u003c- nid=30 [audio selector] [DISABLED]\nhdac0: \nhdac0:             nid: 14 [DISABLED]\nhdac0:            Name: pin: Line-out (None)\nhdac0:      Widget cap: 0x00400183\nhdac0:                  UNSOL STEREO\nhdac0:         Pin cap: 0x00001737\nhdac0:                  ISC TRQD PDC OUT IN VREF[ 50 80 GROUND HIZ ]\nhdac0:      Pin config: 0x400001f3\nhdac0:     Pin control: 0x00000000\nhdac0:       Input amp: 0x00270300\nhdac0:                  mute=0 step=3 size=39 offset=0\nhdac0:     connections: 4\nhdac0:           |\nhdac0:           + \u003c- nid=21 [audio output] (selected)\nhdac0:           + \u003c- nid=22 [audio output] [DISABLED]\nhdac0:           + \u003c- nid=23 [audio output] [DISABLED]\nhdac0:           + \u003c- nid=30 [audio selector] [DISABLED]\nhdac0: \nhdac0:             nid: 15 [DISABLED]\nhdac0:            Name: pin: Line-out (None)\nhdac0:      Widget cap: 0x00400183\nhdac0:                  UNSOL STEREO\nhdac0:         Pin cap: 0x00000037\nhdac0:                  ISC TRQD PDC OUT IN\nhdac0:      Pin config: 0x400001f0\nhdac0:     Pin control: 0x00000000\nhdac0:       Input amp: 0x00270300\nhdac0:                  mute=0 step=3 size=39 offset=0\nhdac0:     connections: 4\nhdac0:           |\nhdac0:           + \u003c- nid=21 [audio output] (selected)\nhdac0:           + \u003c- nid=22 [audio output] [DISABLED]\nhdac0:           + \u003c- nid=23 [audio output] [DISABLED]\nhdac0:           + \u003c- nid=30 [audio selector] [DISABLED]\nhdac0: \nhdac0:             nid: 16 [DISABLED]\nhdac0:            Name: pin: Line-out (None)\nhdac0:      Widget cap: 0x00400183\nhdac0:                  UNSOL STEREO\nhdac0:         Pin cap: 0x00000037\nhdac0:                  ISC TRQD PDC OUT IN\nhdac0:      Pin config: 0x400001f4\nhdac0:     Pin control: 0x00000000\nhdac0:       Input amp: 0x00270300\nhdac0:                  mute=0 step=3 size=39 offset=0\nhdac0:     connections: 4\nhdac0:           |\nhdac0:           + \u003c- nid=21 [audio output] (selected)\nhdac0:           + \u003c- nid=22 [audio output] [DISABLED]\nhdac0:           + \u003c- nid=23 [audio output] [DISABLED]\nhdac0:           + \u003c- nid=30 [audio selector] [DISABLED]\nhdac0: \nhdac0:             nid: 17 [DISABLED]\nhdac0:            Name: pin: Line-out (None)\nhdac0:      Widget cap: 0x00400183\nhdac0:                  UNSOL STEREO\nhdac0:         Pin cap: 0x00000037\nhdac0:                  ISC TRQD PDC OUT IN\nhdac0:      Pin config: 0x400001f5\nhdac0:     Pin control: 0x00000000\nhdac0:       Input amp: 0x00270300\nhdac0:                  mute=0 step=3 size=39 offset=0\nhdac0:     connections: 4\nhdac0:           |\nhdac0:           + \u003c- nid=21 [audio output] (selected)\nhdac0:           + \u003c- nid=22 [audio output] [DISABLED]\nhdac0:           + \u003c- nid=23 [audio output] [DISABLED]\nhdac0:           + \u003c- nid=30 [audio selector] [DISABLED]\nhdac0: \nhdac0:             nid: 18 [DISABLED]\nhdac0:            Name: pin: Line-out (None)\nhdac0:      Widget cap: 0x00400081\nhdac0:                  UNSOL STEREO\nhdac0:         Pin cap: 0x00000024\nhdac0:                  PDC IN\nhdac0:      Pin config: 0x400001f6\nhdac0:     Pin control: 0x00000000\nhdac0: \nhdac0:             nid: 19\nhdac0:            Name: pin: Mic (Fixed)\nhdac0:      Widget cap: 0x00400003\nhdac0:                  STEREO\nhdac0:     Association: 1 (0x00000001)\nhdac0:             OSS: monitor (monitor)\nhdac0:         Pin cap: 0x00000020\nhdac0:                  IN\nhdac0:      Pin config: 0x90a60160\nhdac0:     Pin control: 0x00000020 IN\nhdac0:       Input amp: 0x00270300\nhdac0:                  mute=0 step=3 size=39 offset=0\nhdac0: \nhdac0:             nid: 20 [DISABLED]\nhdac0:            Name: pin: Line-out (None)\nhdac0:      Widget cap: 0x00400003\nhdac0:                  STEREO\nhdac0:         Pin cap: 0x00000020\nhdac0:                  IN\nhdac0:      Pin config: 0x400001f7\nhdac0:     Pin control: 0x00000000\nhdac0:       Input amp: 0x00270300\nhdac0:                  mute=0 step=3 size=39 offset=0\nhdac0: \nhdac0:             nid: 21\nhdac0:            Name: audio output\nhdac0:      Widget cap: 0x000d0c05\nhdac0:                  LRSWAP PWR STEREO\nhdac0:     Association: 0 (0x00008001)\nhdac0:             OSS: pcm (pcm)\nhdac0:      Stream cap: 0x00000001\nhdac0:                  PCM\nhdac0:         PCM cap: 0x000e05e0\nhdac0:                  16 20 24 bits, 44 48 88 96 192 KHz\nhdac0:      Output amp: 0x80027f7f\nhdac0:                  mute=1 step=127 size=2 offset=127\nhdac0: \nhdac0:             nid: 22 [DISABLED]\nhdac0:            Name: audio output\nhdac0:      Widget cap: 0x000d0c05\nhdac0:                  LRSWAP PWR STEREO\nhdac0:      Stream cap: 0x00000001\nhdac0:                  PCM\nhdac0:         PCM cap: 0x000e05e0\nhdac0:                  16 20 24 bits, 44 48 88 96 192 KHz\nhdac0:      Output amp: 0x80027f7f\nhdac0:                  mute=1 step=127 size=2 offset=127\nhdac0: \nhdac0:             nid: 23 [DISABLED]\nhdac0:            Name: audio output\nhdac0:      Widget cap: 0x000d0c05\nhdac0:                  LRSWAP PWR STEREO\nhdac0:      Stream cap: 0x00000001\nhdac0:                  PCM\nhdac0:         PCM cap: 0x000e05e0\nhdac0:                  16 20 24 bits, 44 48 88 96 192 KHz\nhdac0:      Output amp: 0x80027f7f\nhdac0:                  mute=1 step=127 size=2 offset=127\nhdac0: \nhdac0:             nid: 24 [DISABLED]\nhdac0:            Name: vendor widget\nhdac0:      Widget cap: 0x00fd0c05\nhdac0:                  LRSWAP PWR STEREO\nhdac0:      Output amp: 0x80027f7f\nhdac0:                  mute=1 step=127 size=2 offset=127\nhdac0: \nhdac0:             nid: 25 [DISABLED]\nhdac0:            Name: vendor widget\nhdac0:      Widget cap: 0x00fd0c05\nhdac0:                  LRSWAP PWR STEREO\nhdac0:      Output amp: 0x80027f7f\nhdac0:                  mute=1 step=127 size=2 offset=127\nhdac0: \nhdac0:             nid: 26\nhdac0:            Name: audio input\nhdac0:      Widget cap: 0x001d0541\nhdac0:                  PWR PROC STEREO\nhdac0:     Association: 1 (0x00000001)\nhdac0:      Stream cap: 0x00000001\nhdac0:                  PCM\nhdac0:         PCM cap: 0x000e05e0\nhdac0:                  16 20 24 bits, 44 48 88 96 192 KHz\nhdac0:     connections: 1\nhdac0:           |\nhdac0:           + \u003c- nid=32 [audio selector]\nhdac0: \nhdac0:             nid: 27 [DISABLED]\nhdac0:            Name: audio input\nhdac0:      Widget cap: 0x001d0541\nhdac0:                  PWR PROC STEREO\nhdac0:      Stream cap: 0x00000001\nhdac0:                  PCM\nhdac0:         PCM cap: 0x000e05e0\nhdac0:                  16 20 24 bits, 44 48 88 96 192 KHz\nhdac0:     connections: 1\nhdac0:           |\nhdac0:           + \u003c- nid=33 [audio selector] [DISABLED]\nhdac0: \nhdac0:             nid: 28\nhdac0:            Name: beep widget\nhdac0:      Widget cap: 0x0070000c\nhdac0:     Association: -2 (0x00000000)\nhdac0:             OSS: speaker (speaker)\nhdac0:      Output amp: 0x80170303\nhdac0:                  mute=1 step=3 size=23 offset=3\nhdac0: \nhdac0:             nid: 29 [DISABLED]\nhdac0:            Name: audio mixer\nhdac0:      Widget cap: 0x0020010b\nhdac0:                  STEREO\nhdac0:       Input amp: 0x80051f17\nhdac0:                  mute=1 step=31 size=5 offset=23\nhdac0:     connections: 5\nhdac0:           |\nhdac0:           + [DISABLED] \u003c- nid=40 [audio selector] [DISABLED]\nhdac0:           + [DISABLED] \u003c- nid=41 [audio selector] [DISABLED]\nhdac0:           + [DISABLED] \u003c- nid=42 [audio selector] [DISABLED]\nhdac0:           + [DISABLED] \u003c- nid=43 [audio selector] [DISABLED]\nhdac0:           + [DISABLED] \u003c- nid=18 [pin: Line-out (None)] [DISABLED]\nhdac0: \nhdac0:             nid: 30 [DISABLED]\nhdac0:            Name: audio selector\nhdac0:      Widget cap: 0x0030010d\nhdac0:                  STEREO\nhdac0:      Output amp: 0x80051f1f\nhdac0:                  mute=1 step=31 size=5 offset=31\nhdac0:     connections: 1\nhdac0:           |\nhdac0:           + \u003c- nid=29 [audio mixer] [DISABLED]\nhdac0: \nhdac0:             nid: 31 [DISABLED]\nhdac0:            Name: volume widget\nhdac0:      Widget cap: 0x00600000\nhdac0:     connections: 3\nhdac0:           |\nhdac0:           + \u003c- nid=21 [audio output] (selected)\nhdac0:           + \u003c- nid=22 [audio output] [DISABLED]\nhdac0:           + \u003c- nid=23 [audio output] [DISABLED]\nhdac0: \nhdac0:             nid: 32\nhdac0:            Name: audio selector\nhdac0:      Widget cap: 0x0030090d\nhdac0:                  LRSWAP STEREO\nhdac0:     Association: 1 (0x00000001)\nhdac0:             OSS: monitor\nhdac0:      Output amp: 0x80050f00\nhdac0:                  mute=1 step=15 size=5 offset=0\nhdac0:     connections: 12\nhdac0:           |\nhdac0:           + [DISABLED] \u003c- nid=10 [pin: Headphones (Black Jack)]\nhdac0:           + [DISABLED] \u003c- nid=11 [pin: Line-out (None)] [DISABLED]\nhdac0:           + [DISABLED] \u003c- nid=12 [pin: Line-out (None)] [DISABLED]\nhdac0:           + [DISABLED] \u003c- nid=13 [pin: Speaker (Fixed)]\nhdac0:           + [DISABLED] \u003c- nid=14 [pin: Line-out (None)] [DISABLED]\nhdac0:           + [DISABLED] \u003c- nid=15 [pin: Line-out (None)] [DISABLED]\nhdac0:           + [DISABLED] \u003c- nid=16 [pin: Line-out (None)] [DISABLED]\nhdac0:           + [DISABLED] \u003c- nid=17 [pin: Line-out (None)] [DISABLED]\nhdac0:           + [DISABLED] \u003c- nid=18 [pin: Line-out (None)] [DISABLED]\nhdac0:           + \u003c- nid=19 [pin: Mic (Fixed)] (selected)\nhdac0:           + [DISABLED] \u003c- nid=20 [pin: Line-out (None)] [DISABLED]\nhdac0:           + [DISABLED] \u003c- nid=29 [audio mixer] [DISABLED]\nhdac0: \nhdac0:             nid: 33 [DISABLED]\nhdac0:            Name: audio selector\nhdac0:      Widget cap: 0x0030090d\nhdac0:                  LRSWAP STEREO\nhdac0:      Output amp: 0x80050f00\nhdac0:                  mute=1 step=15 size=5 offset=0\nhdac0:     connections: 12\nhdac0:           |\nhdac0:           + \u003c- nid=10 [pin: Headphones (Black Jack)] (selected)\nhdac0:           + [DISABLED] \u003c- nid=11 [pin: Line-out (None)] [DISABLED]\nhdac0:           + [DISABLED] \u003c- nid=12 [pin: Line-out (None)] [DISABLED]\nhdac0:           + \u003c- nid=13 [pin: Speaker (Fixed)]\nhdac0:           + [DISABLED] \u003c- nid=14 [pin: Line-out (None)] [DISABLED]\nhdac0:           + [DISABLED] \u003c- nid=15 [pin: Line-out (None)] [DISABLED]\nhdac0:           + [DISABLED] \u003c- nid=16 [pin: Line-out (None)] [DISABLED]\nhdac0:           + [DISABLED] \u003c- nid=17 [pin: Line-out (None)] [DISABLED]\nhdac0:           + [DISABLED] \u003c- nid=18 [pin: Line-out (None)] [DISABLED]\nhdac0:           + \u003c- nid=19 [pin: Mic (Fixed)]\nhdac0:           + [DISABLED] \u003c- nid=20 [pin: Line-out (None)] [DISABLED]\nhdac0:           + \u003c- nid=29 [audio mixer] [DISABLED]\nhdac0: \nhdac0:             nid: 34 [DISABLED]\nhdac0:            Name: pin: Line-out (None)\nhdac0:      Widget cap: 0x00400301\nhdac0:                  DIGITAL STEREO\nhdac0:         Pin cap: 0x00000010\nhdac0:                  OUT\nhdac0:      Pin config: 0x400001f8\nhdac0:     Pin control: 0x00000000\nhdac0:     connections: 3\nhdac0:           |\nhdac0:           + \u003c- nid=37 [audio output] [DISABLED] (selected)\nhdac0:           + \u003c- nid=32 [audio selector]\nhdac0:           + \u003c- nid=33 [audio selector] [DISABLED]\nhdac0: \nhdac0:             nid: 35 [DISABLED]\nhdac0:            Name: pin: Line-out (None)\nhdac0:      Widget cap: 0x00400301\nhdac0:                  DIGITAL STEREO\nhdac0:         Pin cap: 0x00000010\nhdac0:                  OUT\nhdac0:      Pin config: 0x400001f9\nhdac0:     Pin control: 0x00000000\nhdac0:     connections: 3\nhdac0:           |\nhdac0:           + \u003c- nid=38 [audio output] [DISABLED] (selected)\nhdac0:           + \u003c- nid=32 [audio selector]\nhdac0:           + \u003c- nid=33 [audio selector] [DISABLED]\nhdac0: \nhdac0:             nid: 36 [DISABLED]\nhdac0:            Name: pin: Line-out (None)\nhdac0:      Widget cap: 0x00400681\nhdac0:                  PWR DIGITAL UNSOL STEREO\nhdac0:         Pin cap: 0x00010024\nhdac0:                  PDC IN EAPD\nhdac0:      Pin config: 0x400001fa\nhdac0:     Pin control: 0x00000000\nhdac0:            EAPD: 0x00000002\nhdac0: \nhdac0:             nid: 37 [DISABLED]\nhdac0:            Name: audio output\nhdac0:      Widget cap: 0x0004021d\nhdac0:                  DIGITAL STEREO\nhdac0:      Stream cap: 0x00000005\nhdac0:                  AC3 PCM\nhdac0:         PCM cap: 0x000e05e0\nhdac0:                  16 20 24 bits, 44 48 88 96 192 KHz\nhdac0:      Output amp: 0x80000000\nhdac0:                  mute=1 step=0 size=0 offset=0\nhdac0: \nhdac0:             nid: 38 [DISABLED]\nhdac0:            Name: audio output\nhdac0:      Widget cap: 0x0004021d\nhdac0:                  DIGITAL STEREO\nhdac0:      Stream cap: 0x00000005\nhdac0:                  AC3 PCM\nhdac0:         PCM cap: 0x000e05e0\nhdac0:                  16 20 24 bits, 44 48 88 96 192 KHz\nhdac0:      Output amp: 0x80000000\nhdac0:                  mute=1 step=0 size=0 offset=0\nhdac0: \nhdac0:             nid: 39 [DISABLED]\nhdac0:            Name: audio input\nhdac0:      Widget cap: 0x0014031b\nhdac0:                  DIGITAL STEREO\nhdac0:      Stream cap: 0x00000005\nhdac0:                  AC3 PCM\nhdac0:         PCM cap: 0x000e0160\nhdac0:                  16 20 24 bits, 44 48 96 KHz\nhdac0:       Input amp: 0x80000000\nhdac0:                  mute=1 step=0 size=0 offset=0\nhdac0:     connections: 1\nhdac0:           |\nhdac0:           + [DISABLED] \u003c- nid=36 [pin: Line-out (None)] [DISABLED]\nhdac0: \nhdac0:             nid: 40 [DISABLED]\nhdac0:            Name: audio selector\nhdac0:      Widget cap: 0x00300101\nhdac0:                  STEREO\nhdac0:     connections: 4\nhdac0:           |\nhdac0:           + \u003c- nid=10 [pin: Headphones (Black Jack)] (selected)\nhdac0:           + [DISABLED] \u003c- nid=11 [pin: Line-out (None)] [DISABLED]\nhdac0:           + \u003c- nid=13 [pin: Speaker (Fixed)]\nhdac0:           + [DISABLED] \u003c- nid=15 [pin: Line-out (None)] [DISABLED]\nhdac0: \nhdac0:             nid: 41 [DISABLED]\nhdac0:            Name: audio selector\nhdac0:      Widget cap: 0x00300101\nhdac0:                  STEREO\nhdac0:     connections: 4\nhdac0:           |\nhdac0:           + \u003c- nid=10 [pin: Headphones (Black Jack)] (selected)\nhdac0:           + [DISABLED] \u003c- nid=14 [pin: Line-out (None)] [DISABLED]\nhdac0:           + [DISABLED] \u003c- nid=16 [pin: Line-out (None)] [DISABLED]\nhdac0:           + [DISABLED] \u003c- nid=17 [pin: Line-out (None)] [DISABLED]\nhdac0: \nhdac0:             nid: 42 [DISABLED]\nhdac0:            Name: audio selector\nhdac0:      Widget cap: 0x00300101\nhdac0:                  STEREO\nhdac0:     connections: 4\nhdac0:           |\nhdac0:           + [DISABLED] \u003c- nid=11 [pin: Line-out (None)] [DISABLED] (selected)\nhdac0:           + [DISABLED] \u003c- nid=12 [pin: Line-out (None)] [DISABLED]\nhdac0:           + [DISABLED] \u003c- nid=16 [pin: Line-out (None)] [DISABLED]\nhdac0:           + [DISABLED] \u003c- nid=17 [pin: Line-out (None)] [DISABLED]\nhdac0: \nhdac0:             nid: 43 [DISABLED]\nhdac0:            Name: audio selector\nhdac0:      Widget cap: 0x00300101\nhdac0:                  STEREO\nhdac0:     connections: 3\nhdac0:           |\nhdac0:           + \u003c- nid=21 [audio output] (selected)\nhdac0:           + \u003c- nid=22 [audio output] [DISABLED]\nhdac0:           + \u003c- nid=23 [audio output] [DISABLED]\nhdac0: \nhdac0: Processing audio FG cad=1 nid=1...\nhdac0: GPIO: 0x00000000 NumGPIO=0 NumGPO=0 NumGPI=0 GPIWake=0 GPIUnsol=0\nhdac0:  nid 3 0x18560010 as  1 seq  0   Digital-out  Jack jack  6 loc 24 color Unknown misc 0\nhdac0: Patched pins configuration:\nhdac0:  nid 3 0x18560010 as  1 seq  0   Digital-out  Jack jack  6 loc 24 color Unknown misc 0\nhdac0: 1 associations found:\nhdac0: Association 0 (1) out:\nhdac0:  Pin nid=3 seq=0\nhdac0: Tracing association 0 (1)\nhdac0:  Pin 3 traced to DAC 2\nhdac0: Association 0 (1) trace succeeded\nhdac0: Tracing input monitor\nhdac0: Tracing other input monitors\nhdac0: Tracing beeper\nhdac0: FG config/quirks: forcestereo ivref50 ivref80 ivref100 ivref\nhdac0: \nhdac0: +-------------------+\nhdac0: | DUMPING HDA NODES |\nhdac0: +-------------------+\nhdac0: \nhdac0: Default Parameter\nhdac0: -----------------\nhdac0:          IN amp: 0x00000000\nhdac0:         OUT amp: 0x00000000\nhdac0: \nhdac0:             nid: 2\nhdac0:            Name: audio output\nhdac0:      Widget cap: 0x00006211\nhdac0:                  DIGITAL 8CH\nhdac0:     Association: 0 (0x00000001)\nhdac0:             OSS: pcm (pcm)\nhdac0:      Stream cap: 0x00000005\nhdac0:                  AC3 PCM\nhdac0:         PCM cap: 0x001e07f0\nhdac0:                  16 20 24 32 bits, 32 44 48 88 96 176 192 KHz\nhdac0: \nhdac0:             nid: 3\nhdac0:            Name: pin: Digital-out (Jack)\nhdac0:      Widget cap: 0x0040739d\nhdac0:                  DIGITAL UNSOL 8CH\nhdac0:     Association: 0 (0x00000001)\nhdac0:         Pin cap: 0x00000094\nhdac0:                  PDC OUT HDMI\nhdac0:      Pin config: 0x18560010\nhdac0:     Pin control: 0x00000040 OUT\nhdac0:      Output amp: 0x80000000\nhdac0:                  mute=1 step=0 size=0 offset=0\nhdac0:     connections: 1\nhdac0:           |\nhdac0:           + \u003c- nid=2 [audio output]\nhdac0: \npcm0: \u003cHDA IDT 92HD73C1 PCM #0 Analog\u003e at cad 0 nid 1 on hdac0\npcm0: +--------------------------------------+\npcm0: | DUMPING PCM Playback/Record Channels |\npcm0: +--------------------------------------+\npcm0: \npcm0: Playback:\npcm0: \npcm0:      Stream cap: 0x00000001\npcm0:                  PCM\npcm0:         PCM cap: 0x000e05e0\npcm0:                  16 20 24 bits, 44 48 88 96 192 KHz\npcm0:             DAC: 21\npcm0: \npcm0: Record:\npcm0: \npcm0:      Stream cap: 0x00000001\npcm0:                  PCM\npcm0:         PCM cap: 0x000e05e0\npcm0:                  16 20 24 bits, 44 48 88 96 192 KHz\npcm0:             ADC: 26\npcm0: \npcm0: +-------------------------------+\npcm0: | DUMPING Playback/Record Paths |\npcm0: +-------------------------------+\npcm0: \npcm0: Playback:\npcm0: \npcm0:     nid=13 [pin: Speaker (Fixed)]\npcm0:       |\npcm0:       + \u003c- nid=21 [audio output] [src: pcm]\npcm0: \npcm0:     nid=10 [pin: Headphones (Black Jack)]\npcm0:       |\npcm0:       + \u003c- nid=21 [audio output] [src: pcm]\npcm0: \npcm0: Record:\npcm0: \npcm0:     nid=26 [audio input]\npcm0:       |\npcm0:       + \u003c- nid=32 [audio selector] [src: monitor]\npcm0:              |\npcm0:              + \u003c- nid=19 [pin: Mic (Fixed)] [src: monitor]\npcm0: \npcm0: +-------------------------+\npcm0: | DUMPING Volume Controls |\npcm0: +-------------------------+\npcm0: \npcm0: Master Volume (OSS: vol)\npcm0:    |\npcm0:    +- ctl 11 (nid  21 out):    -95/0dB (128 steps) + mute\npcm0: \npcm0: PCM Volume (OSS: pcm)\npcm0:    |\npcm0:    +- ctl 11 (nid  21 out):    -95/0dB (128 steps) + mute\npcm0: \npcm0: Microphone2 Volume (OSS: monitor)\npcm0:    |\npcm0:    +- ctl  9 (nid  19 out):    0/30dB (4 steps)\npcm0: \npcm0: Speaker/Beep Volume (OSS: speaker)\npcm0:    |\npcm0:    +- ctl 16 (nid  28 out):    -18/0dB (4 steps) + mute\npcm0: \npcm0: Recording Level (OSS: rec)\npcm0:    |\npcm0:    +- ctl 23 (nid  32 out):    0/22dB (16 steps) + mute\npcm0: \npcm0: Mixer \"vol\":\npcm0: Mixer \"pcm\":\npcm0: Mixer \"speaker\":\npcm0: Mixer \"rec\":\npcm0: Mixer \"monitor\":\npcm0: clone manager: deadline=750ms flags=0x8000001e\npcm0: sndbuf_setmap 2ed0000, 4000; 0xffffff8074db2000 -\u003e 2ed0000\npcm0: sndbuf_setmap 13ffc0000, 4000; 0xffffff8074dc2000 -\u003e 13ffc0000\npcm1: \u003cHDA Intel G45 HDMI PCM #0 HDMI\u003e at cad 1 nid 1 on hdac0\npcm1: +--------------------------------------+\npcm1: | DUMPING PCM Playback/Record Channels |\npcm1: +--------------------------------------+\npcm1: \npcm1: Playback:\npcm1: \npcm1:      Stream cap: 0x00000005\npcm1:                  AC3 PCM\npcm1:         PCM cap: 0x001e07f0\npcm1:                  16 20 24 32 bits, 32 44 48 88 96 176 192 KHz\npcm1:             DAC: 2\npcm1: \npcm1: +-------------------------------+\npcm1: | DUMPING Playback/Record Paths |\npcm1: +-------------------------------+\npcm1: \npcm1: Playback:\npcm1: \npcm1:     nid=3 [pin: Digital-out (Jack)]\npcm1:       |\npcm1:       + \u003c- nid=2 [audio output] [src: pcm]\npcm1: \npcm1: +-------------------------+\npcm1: | DUMPING Volume Controls |\npcm1: +-------------------------+\npcm1: \npcm1: Master Volume (OSS: vol)\npcm1:    |\npcm1:    +- ctl  1 (nid   3 in ):    mute\npcm1: \npcm1: PCM Volume (OSS: pcm)\npcm1:    |\npcm1:    +- ctl  1 (nid   3 in ):    mute\npcm1: \npcm1: Enabling Soft PCM volume\npcm1: Mixer \"vol\":\npcm1: Mixer \"pcm\":\npcm1: Soft PCM mixer ENABLED\npcm1: clone manager: deadline=750ms flags=0x8000001e\npcm1: sndbuf_setmap 13ffd0000, 4000; 0xffffff8074dd2000 -\u003e 13ffd0000\nata2: AHCI reset...\nata2: hardware reset ...\nata2: SATA connect time=0ms status=00000123\nata2: ready wait time=7ms\nata2: software reset port 15...\nata2: ready wait time=0ms\nata2: SIGNATURE: 00000101\nata2: AHCI reset done: devices=00000001\nata3: AHCI reset...\nata3: hardware reset ...\nata3: SATA connect timeout status=00000000\nata3: AHCI reset done: phy reset found no device\n(aprobe0:ata2:0:0:0): SIGNATURE: 0000\nusbus0: 12Mbps Full Speed USB v1.0\nusbus1: 12Mbps Full Speed USB v1.0\nusbus2: 12Mbps Full Speed USB v1.0\nusbus3: 480Mbps High Speed USB v2.0\nusbus4: 12Mbps Full Speed USB v1.0\nusbus5: 12Mbps Full Speed USB v1.0\nusbus6: 12Mbps Full Speed USB v1.0\nusbus7: 480Mbps High Speed USB v2.0\nacpi_acad0: acline initialization start\nbattery0: battery initialization start\nada0 at ata2 bus 0 scbus0 target 0 lun 0GEOM: new disk ada0\n\nada0: \u003cSAMSUNG SSD PB22-CS3 TM 256GB VBM23D1Q\u003e ATA-7 SATA 2.x device\nada0: Serial Number YF30F0K939SY939B8334\nada0: 300.000MB/s transfers (SATA 2.x, UDMA5, PIO 8192bytes)\nada0: 244198MB (500118192 512 byte sectors: 16H 63S/T 16383C)\npass0 at ata2 bus 0 scbus0 target 0 lun 0\npass0: \u003cSAMSUNG SSD PB22-CS3 TM 256GB VBM23D1Q\u003e ATA-7 SATA 2.x device\npass0: Serial Number YF30F0K939SY939B8334\npass0: 300.000MB/s transfers (SATA 2.x, UDMA5, PIO 8192bytes)\nSMP: AP CPU #1 Launched!\ncpu1 AP:\n     ID: 0x01000000   VER: 0x00050014 LDR: 0x00000000 DFR: 0xffffffff\n  lint0: 0x00010700 lint1: 0x00000400 TPR: 0x00000000 SVR: 0x000001ff\n  timer: 0x000200ef therm: 0x00010000 err: 0x00010000 pcm: 0x00010400\nioapic0: routing intpin 8 (ISA IRQ 8) to lapic 1 vector 48\nioapic0: routing intpin 12 (ISA IRQ 12) to lapic 1 vector 49\nioapic0: routing intpin 18 (PCI IRQ 18) to lapic 1 vector 50\nioapic0: routing intpin 21 (PCI IRQ 21) to lapic 1 vector 51\nmsi: Assigning MSI IRQ 257 to local APIC 1 vector 52\nmsi: Assigning MSI IRQ 259 to local APIC 1 vector 53\nugen1.1: \u003cIntel\u003e at usbus1ugen0.1: \u003cIntel\u003e at usbus0\n\nuhub0: \u003cIntel UHCI root HUB, class 9/0, rev 1.00/1.00, addr 1\u003e on usbus1\nuhub1: \u003cIntel UHCI root HUB, class 9/0, rev 1.00/1.00, addr 1\u003e on usbus0\nugen2.1: \u003cIntel\u003e at usbus2\nuhub2: \u003cIntel UHCI root HUB, class 9/0, rev 1.00/1.00, addr 1\u003e on usbus2\nugen3.1: \u003cIntel\u003e at usbus3ugen4.1: \u003cIntel\u003e at usbus4\n\nuhub3: \u003cIntel EHCI root HUB, class 9/0, rev 2.00/1.00, addr 1\u003e on usbus3\nuhub4: \u003cIntel UHCI root HUB, class 9/0, rev 1.00/1.00, addr 1\u003e on usbus4\nugen5.1: \u003cIntel\u003e at usbus5ugen6.1: \u003cIntel\u003e at usbus6\n\nuhub5: \u003cIntel UHCI root HUB, class 9/0, rev 1.00/1.00, addr 1\u003e on usbus5\nuhub6: \u003cIntel UHCI root HUB, class 9/0, rev 1.00/1.00, addr 1\u003e on usbus6\nugen7.1: \u003cIntel\u003e at usbus7\nuhub7: \u003cIntel EHCI root HUB, class 9/0, rev 2.00/1.00, addr 1\u003e on usbus7\nAcpiOsDerivePciId: \\\\_SB_.PCI0.RP01.PXCS -\u003e bus 0 dev 28 func 0\nAcpiOsDerivePciId: \\\\_SB_.PCI0.RP02.PXCS -\u003e bus 0 dev 28 func 1\nRoot mount waiting for: usbus7 usbus6 usbus5 usbus4 usbus3 usbus2 usbus1 usbus0\nbattery0: battery initialization done, tried 1 times\nacpi_lid0: Lid opened\nacpi_lid0: Lid opened\nacpi_acad0: On Line\nacpi_acad0: acline initialization done, tried 1 times\nAcpiOsDerivePciId: \\\\_SB_.PCI0.RP03.PXCS -\u003e bus 0 dev 28 func 2\nAcpiOsDerivePciId: \\\\_SB_.PCI0.RP06.PXCS -\u003e bus 0 dev 28 func 5\nuhub0: 2 ports with 2 removable, self powered\nuhub1: 2 ports with 2 removable, self powered\nuhub2: 2 ports with 2 removable, self powered\nuhub4: 2 ports with 2 removable, self powered\nuhub5: 2 ports with 2 removable, self powered\nuhub6: 2 ports with 2 removable, self powered\nRoot mount waiting for: usbus7 usbus3\nRoot mount waiting for: usbus7 usbus3\nuhub3: 6 ports with 6 removable, self powered\nuhub7: 6 ports with 6 removable, self powered\nRoot mount waiting for: usbus7\nusb_alloc_device: getting device descriptor at addr 2 failed, USB_ERR_TIMEOUT\nRoot mount waiting for: usbus7\nusbd_req_re_enumerate: getting device descriptor at addr 2 failed, USB_ERR_TIMEOUT\nRoot mount waiting for: usbus7\nusbd_req_re_enumerate: getting device descriptor at addr 2 failed, USB_ERR_TIMEOUT\nugen7.2: \u003c(null)\u003e at usbus7 (disconnected)\nuhub_reattach_port: could not allocate new device\nTrying to mount root from zfs:zroot\nct_to_ts([2010-02-23 14:49:56]) = 1266936596.000000000\nstart_init: trying /sbin/init\nacpi_lid0: Lid opened\nacpi_lid0: Lid opened\nLinux ELF exec handler installed\nlinprocfs registered\nugen6.2: \u003cBroadcom\u003e at usbus6\nuhub8: \u003cBroadcom BCM2046B1, class 9/0, rev 2.00/1.00, addr 2\u003e on usbus6\nuhub8: 3 ports with 0 removable, self powered\nugen6.3: \u003cvendor 0x413c\u003e at usbus6\nukbd0: \u003cvendor 0x413c product 0x8157, class 0/0, rev 2.00/1.00, addr 3\u003e on usbus6\nkbd2 at ukbd0\nkbd2: ukbd0, generic (0), config:0x0, flags:0x3d0000\nugen6.4: \u003cvendor 0x413c\u003e at usbus6\nums0: \u003cvendor 0x413c product 0x8158, class 0/0, rev 2.00/1.00, addr 4\u003e on usbus6\nums0: 3 buttons and [XY] coordinates ID=2\nwlan0: bpf attached\nwlan0: bpf attached\nwlan0: Ethernet address: 00:21:6a:77:cd:92\nfirmware: 'iwn5000fw' version 0: 353240 bytes loaded at 0xffffffff810330b0\nwlan0: link state changed to UP\nacpi_lid0: Lid opened\nacpi_lid0: Lid opened\ndrm0: [MPSAFE]\ndrm0: [ITHREAD]\n\nFix: \n\nRevert commits to zfsboot code around this time:\n\n  http://svn.freebsd.org/viewvc/base/head/sys/boot/i386/zfsboot/zfsboot.c?r1=199714\u0026r2=200309\n\nCompile an older version of the boot code and write it to disk:\n\n# cd /usr/src/sys/boot/\n# make cleandir\n# make cleandir\n# make obj\n# make depend\n# make\n# gpart bootcode -p /usr/obj/usr/src/sys/boot/i386/gptzfsboot/gptzfsboot -i 1 ad4\n\nKeep a FreeBSD snapshot DVD handy to boot from :)\nHow-To-Repeat: Install FreeBSD using the following method on a Dell Adamo 13:\n\n  http://wiki.freebsd.org/RootOnZFS/GPTZFSBoot\n\nusing a recent version of 8-STABLE or 9.0-CURRENT."
}