{
 "id": 1315602,
 "bug_id": 278990,
 "attachment_id": 0,
 "creation_time": "2024-07-05T05:53:13Z",
 "creator": "yklaxds@gmail.com",
 "text": "I tested this bug by using an RTL8156B USB NIC on a Raspberry Pi 5 for nearly 24 hours. I didn't find any faults. The RTL8156B or RTL8156 had issues with disconnection in the past, but it seems that this problem no longer occurs. The AX88179A also had this issue ( https://bugs.freebsd.org/bugzilla/show_bug.cgi?id=267514 ), but it seems to be fixed. The driver hasn't changed, so the fix might be due to other kernel modifications or an x86 issue. I don't have an x86 platform to test on, but the AX88179A and RTL8156B work normally on the Raspberry Pi 5.\n\n-----------------------------------------------\nroot@ykla:~ # uname -a\nFreeBSD ykla 15.0-CURRENT FreeBSD 15.0-CURRENT #0 main-n270986-14fee5324a9b: Thu Jun 27 22:55:34 UTC 2024     root@releng3.nyi.freebsd.org:/usr/obj/usr/src/arm64.aarch64/sys/GENERIC arm64\n\n------------------------------------------\nroot@ykla:~ # dmesg\n---\u003c\u003cBOOT\u003e\u003e---\nGDB: no debug ports present\nKDB: debugger backends: ddb\nKDB: current backend: ddb\nCopyright (c) 1992-2024 The FreeBSD Project.\nCopyright (c) 1979, 1980, 1983, 1986, 1988, 1989, 1991, 1992, 1993, 1994\n\tThe Regents of the University of California. All rights reserved.\nFreeBSD is a registered trademark of The FreeBSD Foundation.\nFreeBSD 15.0-CURRENT #0 main-n270986-14fee5324a9b: Thu Jun 27 22:55:34 UTC 2024\n    root@releng3.nyi.freebsd.org:/usr/obj/usr/src/arm64.aarch64/sys/GENERIC arm64\nFreeBSD clang version 18.1.6 (https://github.com/llvm/llvm-project.git llvmorg-18.1.6-0-g1118c2e05e67)\nWARNING: WITNESS option enabled, expect reduced performance.\nVT(efifb): resolution 1920x1080\nmodule scmi already present!\nreal memory  = 8569733120 (8172 MB)\navail memory = 8318590976 (7933 MB)\nStarting CPU 1 (100)\nStarting CPU 2 (200)\nStarting CPU 3 (300)\nFreeBSD/SMP: Multiprocessor System Detected: 4 CPUs\nrandom: unblocking device.\nrandom: entropy device external interface\nkbd0 at kbdmux0\nacpi0: \u003cRPIFDN RPI5\u003e\nacpi0: Power Button (fixed)\nacpi0: Could not update all GPEs: AE_NOT_CONFIGURED\npsci0: \u003cARM Power State Co-ordination Interface Driver\u003e on acpi0\ngic0: \u003cARM Generic Interrupt Controller\u003e iomem 0x107fff9000-0x107fff9fff,0x107fffa000-0x107fffafff on acpi0\ngic0: pn 0x2, arch 0x2, rev 0x1, implementer 0x43b irqs 320\ngeneric_timer0: \u003cARM Generic Timer\u003e irq 5,6,7,8 on acpi0\nTimecounter \"ARM MPCore Timecounter\" frequency 54000000 Hz quality 1000\nEvent timer \"ARM MPCore Eventtimer\" frequency 54000000 Hz quality 1000\nefirtc0: \u003cEFI Realtime Clock\u003e\nefirtc0: registered as a time-of-day clock, resolution 1.000000s\npmu0: \u003cPerformance Monitoring Unit\u003e on acpi0\ncpu0: \u003cACPI CPU\u003e on acpi0\nacpi_syscontainer0: \u003cSystem Container\u003e on acpi0\npcib0: \u003cARM PCI Firmware config space host controller\u003e on acpi0\npci0: \u003cPCI bus\u003e on pcib0\npcib1: \u003cPCI-PCI bridge\u003e at device 0.0 on pci0\npci1: \u003cPCI bus\u003e on pcib1\nnvme0: \u003cGeneric NVMe Device\u003e mem 0xc0000000-0xc0003fff at device 0.0 on pci1\nnvme0: unable to allocate MSI-X\nnvme0: unable to allocate MSI\nacpi_syscontainer1: \u003cSystem Container\u003e on acpi0\nsdhci_acpi0: \u003cIntel Bay Trail/Braswell SDXC Controller\u003e iomem 0x1000fff000-0x1000fff25f irq 3 on acpi0\nmmc0: \u003cMMC/SD bus\u003e on sdhci_acpi0\nsdhci_acpi1: \u003cIntel Bay Trail/Braswell SDXC Controller\u003e iomem 0x1001100000-0x100110025f irq 4 on acpi0\nmmc1: \u003cMMC/SD bus\u003e on sdhci_acpi1\nuart0: \u003cPrimeCell UART (PL011)\u003e iomem 0x107d001000-0x107d0011ff irq 0 on acpi0\nxhci0: \u003cGeneric USB 3.0 controller\u003e iomem 0x1f00200000-0x1f002fffff irq 1 on acpi0\nxhci0: 64 bytes context size, 64-bit DMA\nusbus0 on xhci0\nxhci1: \u003cGeneric USB 3.0 controller\u003e iomem 0x1f00300000-0x1f003fffff irq 2 on acpi0\nxhci1: 64 bytes context size, 64-bit DMA\nusbus1 on xhci1\narmv8crypto0: \u003cAES-CBC,AES-XTS,AES-GCM\u003e\nTimecounters tick every 1.000 msec\nusbus0: 5.0Gbps Super Speed USB v3.0\nusbus1: 5.0Gbps Super Speed USB v3.0\nugen1.1: \u003cGeneric XHCI root HUB\u003e at usbus1\nuhub0 on usbus1\nuhub0: \u003cGeneric XHCI root HUB, class 9/0, rev 3.00/1.00, addr 1\u003e on usbus1\nugen0.1: \u003cGeneric XHCI root HUB\u003e at usbus0\nuhub1 on usbus0\nuhub1: \u003cGeneric XHCI root HUB, class 9/0, rev 3.00/1.00, addr 1\u003e on usbus0\nZFS filesystem version: 5\nZFS storage pool version: features support (5000)\nnvme0: Allocated 16MB host memory buffer\nmmcsd0: 126GB \u003cSDHC LX128 1.0 SN 41A84716 MFG 05/2023 by 173 LS\u003e at mmc0 50.0MHz/4bit/65535-block\nmmc1: No compatible cards found on bus\nTrying to mount root from zfs:zroot/ROOT/default []...\nCPU  0: ARM Cortex-A76 r4p1 affinity:  0  0\n                   Cache Type = \u003c64 byte D-cacheline,64 byte I-cacheline,PIPT ICache,64 byte ERG,64 byte CWG,IDC\u003e\n Instruction Set Attributes 0 = \u003cDP,RDM,Atomic,CRC32,SHA2,SHA1,AES+PMULL\u003e\n Instruction Set Attributes 1 = \u003cRCPC-8.3,DCPoP\u003e\n Instruction Set Attributes 2 = \u003c\u003e\n         Processor Features 0 = \u003cCSV3,CSV2,RAS,AdvSIMD+HP,FP+HP,EL3,EL2,EL1,EL0 32\u003e\n         Processor Features 1 = \u003cPSTATE.SSBS\u003e\n         Processor Features 2 = \u003c\u003e\n      Memory Model Features 0 = \u003cTGran4,TGran64,TGran16,SNSMem,BigEnd,16bit ASID,1TB PA\u003e\n      Memory Model Features 1 = \u003cXNX,PAN+ATS1E1,LO,HPD+TTPBHA,VH,16bit VMID,HAF+DS\u003e\n      Memory Model Features 2 = \u003c32bit CCIDX,48bit VA,IESB,UAO,CnP\u003e\n      Memory Model Features 3 = \u003c\u003e\n      Memory Model Features 4 = \u003c\u003e\n             Debug Features 0 = \u003cDoubleLock,2 CTX BKPTs,4 Watchpoints,6 Breakpoints,PMUv3p1,Debugv8p2\u003e\n             Debug Features 1 = \u003c\u003e\n         Auxiliary Features 0 = \u003c\u003e\n         Auxiliary Features 1 = \u003c\u003e\nAArch32 Instruction Set Attributes 5 = \u003cRDM,CRC32,SHA2,SHA1,AES+VMULL,SEVL\u003e\nAArch32 Media and VFP Features 0 = \u003cFPRound,FPSqrt,FPDivide,DP VFPv3+v4,SP VFPv3+v4,AdvSIMD\u003e\nAArch32 Media and VFP Features 1 = \u003cSIMDFMAC,FPHP Arith,SIMDHP Arith,SIMDSP,SIMDInt,SIMDLS,FPDNaN,FPFtZ\u003e\nCPU  1: ARM Cortex-A76 r4p1 affinity:  1  0\nCPU  2: ARM Cortex-A76 r4p1 affinity:  2  0\nCPU  3: ARM Cortex-A76 r4p1 affinity:  3  0\ngic0: using for IPIs\nRelease APs...done\nnda0 at nvme0 bus 0 scbus0 target 0 lun 1\nnda0: \u003cFanxiang S542Pro 256GB SN12517 FX240440260\u003e\nnda0: Serial Number FX240440260\nnda0: nvme version 1.4\nnda0: 244198MB (500118192 512 byte sectors)\nTCP_ratelimit: Is now initialized\nWARNING: WITNESS option enabled, expect reduced performance.\nuhub0: 3 ports with 3 removable, self powered\nuhub1: 3 ports with 3 removable, self powered\nugen0.2: \u003cRealtek USB 10/100/1G/2.5G LAN\u003e at usbus0\nlo0: link state changed to UP\ncdce0 on uhub1\ncdce0: \u003cRealtek USB 10/100/1G/2.5G LAN, class 0/0, rev 3.20/31.04, addr 1\u003e on usbus0\nue0: \u003cUSB Ethernet\u003e on cdce0\nue0: Ethernet address: c8:4d:44:29:99:91\nue0: link state changed to DOWN\nue0: link state changed to UP\nSecurity policy loaded: MAC/ntpd (mac_ntpd)\nroot@ykla:~ # uptime\n 1:37PM  up 18:18, 1 user, load averages: 0.35, 0.17, 0.10\nroot@ykla:~ #  dmesg | grep ue0\nue0: \u003cUSB Ethernet\u003e on cdce0\nue0: Ethernet address: c8:4d:44:29:99:91\nue0: link state changed to DOWN\nue0: link state changed to UP\nroot@ykla:~ #  dmesg | grep cdce0\ncdce0 on uhub1\ncdce0: \u003cRealtek USB 10/100/1G/2.5G LAN, class 0/0, rev 3.20/31.04, addr 1\u003e on usbus0\nue0: \u003cUSB Ethernet\u003e on cdce0\nroot@ykla:~ # uname -a\nFreeBSD ykla 15.0-CURRENT FreeBSD 15.0-CURRENT #0 main-n270986-14fee5324a9b: Thu Jun 27 22:55:34 UTC 2024     root@releng3.nyi.freebsd.org:/usr/obj/usr/src/arm64.aarch64/sys/GENERIC arm64\nroot@ykla:~ # \nroot@ykla:~ # uptime\n 1:48PM  up 18:30, 1 user, load averages: 0.12, 0.13, 0.09\nroot@ykla:~ #  dmesg \n---\u003c\u003cBOOT\u003e\u003e---\nGDB: no debug ports present\nKDB: debugger backends: ddb\nKDB: current backend: ddb\nCopyright (c) 1992-2024 The FreeBSD Project.\nCopyright (c) 1979, 1980, 1983, 1986, 1988, 1989, 1991, 1992, 1993, 1994\n\tThe Regents of the University of California. All rights reserved.\nFreeBSD is a registered trademark of The FreeBSD Foundation.\nFreeBSD 15.0-CURRENT #0 main-n270986-14fee5324a9b: Thu Jun 27 22:55:34 UTC 2024\n    root@releng3.nyi.freebsd.org:/usr/obj/usr/src/arm64.aarch64/sys/GENERIC arm64\nFreeBSD clang version 18.1.6 (https://github.com/llvm/llvm-project.git llvmorg-18.1.6-0-g1118c2e05e67)\nWARNING: WITNESS option enabled, expect reduced performance.\nVT(efifb): resolution 1920x1080\nmodule scmi already present!\nreal memory  = 8569733120 (8172 MB)\navail memory = 8318590976 (7933 MB)\nStarting CPU 1 (100)\nStarting CPU 2 (200)\nStarting CPU 3 (300)\nFreeBSD/SMP: Multiprocessor System Detected: 4 CPUs\nrandom: unblocking device.\nrandom: entropy device external interface\nkbd0 at kbdmux0\nacpi0: \u003cRPIFDN RPI5\u003e\nacpi0: Power Button (fixed)\nacpi0: Could not update all GPEs: AE_NOT_CONFIGURED\npsci0: \u003cARM Power State Co-ordination Interface Driver\u003e on acpi0\ngic0: \u003cARM Generic Interrupt Controller\u003e iomem 0x107fff9000-0x107fff9fff,0x107fffa000-0x107fffafff on acpi0\ngic0: pn 0x2, arch 0x2, rev 0x1, implementer 0x43b irqs 320\ngeneric_timer0: \u003cARM Generic Timer\u003e irq 5,6,7,8 on acpi0\nTimecounter \"ARM MPCore Timecounter\" frequency 54000000 Hz quality 1000\nEvent timer \"ARM MPCore Eventtimer\" frequency 54000000 Hz quality 1000\nefirtc0: \u003cEFI Realtime Clock\u003e\nefirtc0: registered as a time-of-day clock, resolution 1.000000s\npmu0: \u003cPerformance Monitoring Unit\u003e on acpi0\ncpu0: \u003cACPI CPU\u003e on acpi0\nacpi_syscontainer0: \u003cSystem Container\u003e on acpi0\npcib0: \u003cARM PCI Firmware config space host controller\u003e on acpi0\npci0: \u003cPCI bus\u003e on pcib0\npcib1: \u003cPCI-PCI bridge\u003e at device 0.0 on pci0\npci1: \u003cPCI bus\u003e on pcib1\nnvme0: \u003cGeneric NVMe Device\u003e mem 0xc0000000-0xc0003fff at device 0.0 on pci1\nnvme0: unable to allocate MSI-X\nnvme0: unable to allocate MSI\nacpi_syscontainer1: \u003cSystem Container\u003e on acpi0\nsdhci_acpi0: \u003cIntel Bay Trail/Braswell SDXC Controller\u003e iomem 0x1000fff000-0x1000fff25f irq 3 on acpi0\nmmc0: \u003cMMC/SD bus\u003e on sdhci_acpi0\nsdhci_acpi1: \u003cIntel Bay Trail/Braswell SDXC Controller\u003e iomem 0x1001100000-0x100110025f irq 4 on acpi0\nmmc1: \u003cMMC/SD bus\u003e on sdhci_acpi1\nuart0: \u003cPrimeCell UART (PL011)\u003e iomem 0x107d001000-0x107d0011ff irq 0 on acpi0\nxhci0: \u003cGeneric USB 3.0 controller\u003e iomem 0x1f00200000-0x1f002fffff irq 1 on acpi0\nxhci0: 64 bytes context size, 64-bit DMA\nusbus0 on xhci0\nxhci1: \u003cGeneric USB 3.0 controller\u003e iomem 0x1f00300000-0x1f003fffff irq 2 on acpi0\nxhci1: 64 bytes context size, 64-bit DMA\nusbus1 on xhci1\narmv8crypto0: \u003cAES-CBC,AES-XTS,AES-GCM\u003e\nTimecounters tick every 1.000 msec\nusbus0: 5.0Gbps Super Speed USB v3.0\nusbus1: 5.0Gbps Super Speed USB v3.0\nugen1.1: \u003cGeneric XHCI root HUB\u003e at usbus1\nuhub0 on usbus1\nuhub0: \u003cGeneric XHCI root HUB, class 9/0, rev 3.00/1.00, addr 1\u003e on usbus1\nugen0.1: \u003cGeneric XHCI root HUB\u003e at usbus0\nuhub1 on usbus0\nuhub1: \u003cGeneric XHCI root HUB, class 9/0, rev 3.00/1.00, addr 1\u003e on usbus0\nZFS filesystem version: 5\nZFS storage pool version: features support (5000)\nnvme0: Allocated 16MB host memory buffer\nmmcsd0: 126GB \u003cSDHC LX128 1.0 SN 41A84716 MFG 05/2023 by 173 LS\u003e at mmc0 50.0MHz/4bit/65535-block\nmmc1: No compatible cards found on bus\nTrying to mount root from zfs:zroot/ROOT/default []...\nCPU  0: ARM Cortex-A76 r4p1 affinity:  0  0\n                   Cache Type = \u003c64 byte D-cacheline,64 byte I-cacheline,PIPT ICache,64 byte ERG,64 byte CWG,IDC\u003e\n Instruction Set Attributes 0 = \u003cDP,RDM,Atomic,CRC32,SHA2,SHA1,AES+PMULL\u003e\n Instruction Set Attributes 1 = \u003cRCPC-8.3,DCPoP\u003e\n Instruction Set Attributes 2 = \u003c\u003e\n         Processor Features 0 = \u003cCSV3,CSV2,RAS,AdvSIMD+HP,FP+HP,EL3,EL2,EL1,EL0 32\u003e\n         Processor Features 1 = \u003cPSTATE.SSBS\u003e\n         Processor Features 2 = \u003c\u003e\n      Memory Model Features 0 = \u003cTGran4,TGran64,TGran16,SNSMem,BigEnd,16bit ASID,1TB PA\u003e\n      Memory Model Features 1 = \u003cXNX,PAN+ATS1E1,LO,HPD+TTPBHA,VH,16bit VMID,HAF+DS\u003e\n      Memory Model Features 2 = \u003c32bit CCIDX,48bit VA,IESB,UAO,CnP\u003e\n      Memory Model Features 3 = \u003c\u003e\n      Memory Model Features 4 = \u003c\u003e\n             Debug Features 0 = \u003cDoubleLock,2 CTX BKPTs,4 Watchpoints,6 Breakpoints,PMUv3p1,Debugv8p2\u003e\n             Debug Features 1 = \u003c\u003e\n         Auxiliary Features 0 = \u003c\u003e\n         Auxiliary Features 1 = \u003c\u003e\nAArch32 Instruction Set Attributes 5 = \u003cRDM,CRC32,SHA2,SHA1,AES+VMULL,SEVL\u003e\nAArch32 Media and VFP Features 0 = \u003cFPRound,FPSqrt,FPDivide,DP VFPv3+v4,SP VFPv3+v4,AdvSIMD\u003e\nAArch32 Media and VFP Features 1 = \u003cSIMDFMAC,FPHP Arith,SIMDHP Arith,SIMDSP,SIMDInt,SIMDLS,FPDNaN,FPFtZ\u003e\nCPU  1: ARM Cortex-A76 r4p1 affinity:  1  0\nCPU  2: ARM Cortex-A76 r4p1 affinity:  2  0\nCPU  3: ARM Cortex-A76 r4p1 affinity:  3  0\ngic0: using for IPIs\nRelease APs...done\nnda0 at nvme0 bus 0 scbus0 target 0 lun 1\nnda0: \u003cFanxiang S542Pro 256GB SN12517 FX240440260\u003e\nnda0: Serial Number FX240440260\nnda0: nvme version 1.4\nnda0: 244198MB (500118192 512 byte sectors)\nTCP_ratelimit: Is now initialized\nWARNING: WITNESS option enabled, expect reduced performance.\nuhub0: 3 ports with 3 removable, self powered\nuhub1: 3 ports with 3 removable, self powered\nugen0.2: \u003cRealtek USB 10/100/1G/2.5G LAN\u003e at usbus0\nlo0: link state changed to UP\ncdce0 on uhub1\ncdce0: \u003cRealtek USB 10/100/1G/2.5G LAN, class 0/0, rev 3.20/31.04, addr 1\u003e on usbus0\nue0: \u003cUSB Ethernet\u003e on cdce0\nue0: Ethernet address: c8:4d:44:29:99:91\nue0: link state changed to DOWN\nue0: link state changed to UP\nSecurity policy loaded: MAC/ntpd (mac_ntpd)\n\n-------------------------------------------------------\nroot@ykla:~ # usbconfig\nugen1.1: \u003cGeneric XHCI root HUB\u003e at usbus1, cfg=0 md=HOST spd=SUPER (5.0Gbps) pwr=SAVE (0mA)\nugen0.1: \u003cGeneric XHCI root HUB\u003e at usbus0, cfg=0 md=HOST spd=SUPER (5.0Gbps) pwr=SAVE (0mA)\nugen0.2: \u003cRealtek USB 10/100/1G/2.5G LAN\u003e at usbus0, cfg=2 md=HOST spd=SUPER (5.0Gbps) pwr=ON (64mA)\nroot@ykla:~ # \n---------------------------------------------\n\nroot@ykla:~ # ifconfig\nlo0: flags=1008049\u003cUP,LOOPBACK,RUNNING,MULTICAST,LOWER_UP\u003e metric 0 mtu 16384\n\toptions=680003\u003cRXCSUM,TXCSUM,LINKSTATE,RXCSUM_IPV6,TXCSUM_IPV6\u003e\n\tinet 127.0.0.1 netmask 0xff000000\n\tinet6 ::1 prefixlen 128\n\tinet6 fe80::1%lo0 prefixlen 64 scopeid 0x1\n\tgroups: lo\n\tnd6 options=21\u003cPERFORMNUD,AUTO_LINKLOCAL\u003e\nue0: flags=1008843\u003cUP,BROADCAST,RUNNING,SIMPLEX,MULTICAST,LOWER_UP\u003e metric 0 mtu 1500\n\toptions=80008\u003cVLAN_MTU,LINKSTATE\u003e\n\tether c8:4d:44:29:99:91\n\tinet 192.168.31.187 netmask 0xffffff00 broadcast 192.168.31.255\n\tinet6 fe80::ca4d:44ff:fe29:9991%ue0 prefixlen 64 scopeid 0x2\n\tmedia: Ethernet autoselect\n\tstatus: active\n\tnd6 options=23\u003cPERFORMNUD,ACCEPT_RTADV,AUTO_LINKLOCAL\u003e\nroot@ykla:~ # \n-----------------------------------------------\nroot@ykla:~ # usbconfig -v\nugen0.2: \u003cRealtek USB 10/100/1G/2.5G LAN\u003e at usbus0, cfg=2 md=HOST spd=SUPER (5.0Gbps) pwr=ON (64mA)\nugen0.2.0: cdce0: \u003cRealtek USB 10/100/1G/2.5G LAN, class 0/0, rev 3.20/31.04, addr 1\u003e\n\n  bLength = 0x0012 \n  bDescriptorType = 0x0001 \n  bcdUSB = 0x0320 \n  bDeviceClass = 0x0000  \u003cProbed by interface class\u003e\n  bDeviceSubClass = 0x0000 \n  bDeviceProtocol = 0x0000 \n  bMaxPacketSize0 = 0x0009 \n  idVendor = 0x0bda \n  idProduct = 0x8156 \n  bcdDevice = 0x3104 \n  iManufacturer = 0x0001  \u003cRealtek\u003e\n  iProduct = 0x0002  \u003cUSB 10/100/1G/2.5G LAN\u003e\n  iSerialNumber = 0x0006  \u003c4013000001\u003e\n  bNumConfigurations = 0x0003 \n\n\n Configuration index 2\n\n    bLength = 0x0009 \n    bDescriptorType = 0x0002 \n    wTotalLength = 0x0062 \n    bNumInterfaces = 0x0002 \n    bConfigurationValue = 0x0003 \n    iConfiguration = 0x0000  \u003cno string\u003e\n    bmAttributes = 0x00a0 \n    bMaxPower = 0x0020 \n\n    Interface 0\n      bLength = 0x0009 \n      bDescriptorType = 0x0004 \n      bInterfaceNumber = 0x0000 \n      bAlternateSetting = 0x0000 \n      bNumEndpoints = 0x0001 \n      bInterfaceClass = 0x0002  \u003cCommunication device\u003e\n      bInterfaceSubClass = 0x0006 \n      bInterfaceProtocol = 0x0000 \n      iInterface = 0x0005  \u003cCDC Communications Control\u003e\n\n      Additional Descriptor\n\n      bLength = 0x05\n      bDescriptorType = 0x24\n      bDescriptorSubType = 0x00\n       RAW dump: \n       0x00 | 0x05, 0x24, 0x00, 0x10, 0x01\n\n\n      Additional Descriptor\n\n      bLength = 0x05\n      bDescriptorType = 0x24\n      bDescriptorSubType = 0x06\n       RAW dump: \n       0x00 | 0x05, 0x24, 0x06, 0x00, 0x01\n\n\n      Additional Descriptor\n\n      bLength = 0x0d\n      bDescriptorType = 0x24\n      bDescriptorSubType = 0x0f\n       RAW dump: \n       0x00 | 0x0d, 0x24, 0x0f, 0x03, 0x1f, 0x50, 0x31, 0x00, \n       0x08 | 0xee, 0x05, 0x00, 0x80, 0x00\n\n\n     Endpoint 0\n        bLength = 0x0007 \n        bDescriptorType = 0x0005 \n        bEndpointAddress = 0x0083  \u003cIN\u003e\n        bmAttributes = 0x0003  \u003cINTERRUPT\u003e\n        wMaxPacketSize = 0x0010 \n        bInterval = 0x000b \n        bRefresh = 0x0000 \n        bSynchAddress = 0x0000 \n\n      Additional Descriptor\n\n      bLength = 0x06\n      bDescriptorType = 0x30\n      bDescriptorSubType = 0x00\n       RAW dump: \n       0x00 | 0x06, 0x30, 0x00, 0x00, 0x08, 0x00\n\n\n\n    Interface 1\n      bLength = 0x0009 \n      bDescriptorType = 0x0004 \n      bInterfaceNumber = 0x0001 \n      bAlternateSetting = 0x0000 \n      bNumEndpoints = 0x0000 \n      bInterfaceClass = 0x000a  \u003cCDC-data\u003e\n      bInterfaceSubClass = 0x0000 \n      bInterfaceProtocol = 0x0000 \n      iInterface = 0x0000  \u003cno string\u003e\n\n\n    Interface 1 Alt 1\n      bLength = 0x0009 \n      bDescriptorType = 0x0004 \n      bInterfaceNumber = 0x0001 \n      bAlternateSetting = 0x0001 \n      bNumEndpoints = 0x0002 \n      bInterfaceClass = 0x000a  \u003cCDC-data\u003e\n      bInterfaceSubClass = 0x0000 \n      bInterfaceProtocol = 0x0000 \n      iInterface = 0x0004  \u003cEthernet Data\u003e\n\n     Endpoint 0\n        bLength = 0x0007 \n        bDescriptorType = 0x0005 \n        bEndpointAddress = 0x0081  \u003cIN\u003e\n        bmAttributes = 0x0002  \u003cBULK\u003e\n        wMaxPacketSize = 0x0400 \n        bInterval = 0x0000 \n        bRefresh = 0x0000 \n        bSynchAddress = 0x0000 \n\n      Additional Descriptor\n\n      bLength = 0x06\n      bDescriptorType = 0x30\n      bDescriptorSubType = 0x03\n       RAW dump: \n       0x00 | 0x06, 0x30, 0x03, 0x00, 0x00, 0x00\n\n\n     Endpoint 1\n        bLength = 0x0007 \n        bDescriptorType = 0x0005 \n        bEndpointAddress = 0x0002  \u003cOUT\u003e\n        bmAttributes = 0x0002  \u003cBULK\u003e\n        wMaxPacketSize = 0x0400 \n        bInterval = 0x0000 \n        bRefresh = 0x0000 \n        bSynchAddress = 0x0000 \n\n      Additional Descriptor\n\n      bLength = 0x06\n      bDescriptorType = 0x30\n      bDescriptorSubType = 0x03\n       RAW dump: \n       0x00 | 0x06, 0x30, 0x03, 0x00, 0x00, 0x00"
}