{
 "id": 969852,
 "bug_id": 184059,
 "attachment_id": 0,
 "creation_time": "2018-01-06T20:42:13Z",
 "creator": "blundar@gmail.com",
 "text": "This behavior isn't just KVM.  I have a similar but different setup that is hanging at mps0 on boot under ESXi 5.5.\n\nI'm using VMware ESXi 5.5.0 build 2068190 on a Supermicro X10SLL-F with an E3-1230v3 and 32Gb RAM with PCIe pass through for the LSI card.  The card is a LSI2116 with the latest IT firmware (20.00.07.00).  I'm using FreeNAS11 built as of Jan6-2018 for the guest image.  On bootup, the screen hangs at the mps0: prompt.  If I disable PCI pass through, the system boots normally (without the drives connected to the LSI card, of course.)\n\nI tested the exact same card and FreeNAS image on a non-virtualized physical machine (AMD A8 APU 8Gb RAM) and it worked perfectly for weeks.  The exact same FreeNAS image and card locks up on boot in the Supermicro system - I made the VM image from the USB stick that worked in the physical machine.\n\nI know that the VM Host is at least somewhat FreeBSD friendly as I'm posting this through a pfSense firewall hosted on the same box. (Don't virtualize your firewall, I know I know I know)\n\nI know that PCIe passthrough works on this host because it has been running pass through on a 8 port LSI3081E card for years with zero trouble and Freenas8.\n\nI also had PCIe pass through running on this host with a LSI2108 card with older firmware.  However, I experienced some errors due to a firmware mismatch between the card and FreeBSD's driver, which is a known issue for these cards.\n\nPrepared firmware, tested LSI2116 card on physical machine with FreeNAS11 - worked perfect.\n\nPulled LSi3081E, replaced with flashed LSI2116 card in VMHost: FreeNAS8 sees mps0 but won't talk to it, doesn't detect any disks but boots fine.\n\nUpgrade FreeNAS8 to current version via web updater - hangs at boot at mps0\n\nCopy exact FreeNAS image which worked on physical machine to VMHost - identical behavior, hang at mps0 on boot.\n\ndmesg from VM with PCI passthrough DISABLED:\nCopyright (c) 1992-2017 The FreeBSD Project.\nCopyright (c) 1979, 1980, 1983, 1986, 1988, 1989, 1991, 1992, 1993, 1994\n        The Regents of the University of California. All rights reserved.\nFreeBSD is a registered trademark of The FreeBSD Foundation.\nFreeBSD 11.1-STABLE #0 r321665+d4625dcee3e(freenas/11.1-stable): Wed Dec 13 16:33:42 UTC 2017\n    root@gauntlet:/freenas-11-releng/freenas/_BE/objs/freenas-11-releng/freenas/_BE/os/sys/FreeNAS.amd64 amd64\nFreeBSD clang version 5.0.0 (tags/RELEASE_500/final 312559) (based on LLVM 5.0.0svn)\nCPU: Intel(R) Xeon(R) CPU E3-1230 v3 @ 3.30GHz (3300.00-MHz K8-class CPU)\n  Origin=\"GenuineIntel\"  Id=0x306c3  Family=0x6  Model=0x3c  Stepping=3\n  Features=0x1fa3fbff\u003cFPU,VME,DE,PSE,TSC,MSR,PAE,MCE,CX8,APIC,SEP,MTRR,PGE,MCA,CMOV,PAT,PSE36,DTS,MMX,FXSR,SSE,SSE2,SS,HTT\u003e\n  Features2=0x9ed83203\u003cSSE3,PCLMULQDQ,SSSE3,FMA,CX16,SSE4.1,SSE4.2,MOVBE,POPCNT,AESNI,XSAVE,OSXSAVE,AVX,HV\u003e\n  AMD Features=0x28100800\u003cSYSCALL,NX,RDTSCP,LM\u003e\n  AMD Features2=0x1\u003cLAHF\u003e\n  TSC: P-state invariant\nHypervisor: Origin = \"VMwareVMware\"\nreal memory  = 13958643712 (13312 MB)\navail memory = 12416217088 (11841 MB)\nEvent timer \"LAPIC\" quality 600\nACPI APIC Table: \u003cPTLTD          APIC  \u003e\nFreeBSD/SMP: Multiprocessor System Detected: 4 CPUs\nFreeBSD/SMP: 2 package(s) x 2 core(s)\nWARNING: VIMAGE (virtualized network stack) is a highly experimental feature.\nMADT: Forcing active-low polarity and level trigger for SCI\nioapic0 \u003cVersion 1.1\u003e irqs 0-23 on motherboard\nSMP: AP CPU #3 Launched!\nSMP: AP CPU #1 Launched!\nSMP: AP CPU #2 Launched!\nrandom: entropy device external interface\nkbd1 at kbdmux0\nnexus0\ncryptosoft0: \u003csoftware crypto\u003e on motherboard\naesni0: \u003cAES-CBC,AES-XTS,AES-GCM,AES-ICM\u003e on motherboard\npadlock0: No ACE support.\nacpi0: \u003cINTEL 440BX\u003e on motherboard\nacpi0: Power Button (fixed)\nhpet0: \u003cHigh Precision Event Timer\u003e iomem 0xfed00000-0xfed003ff on acpi0\nTimecounter \"HPET\" frequency 14318180 Hz quality 950\ncpu0: \u003cACPI CPU\u003e numa-domain 0 on acpi0\ncpu1: \u003cACPI CPU\u003e numa-domain 0 on acpi0\ncpu2: \u003cACPI CPU\u003e numa-domain 0 on acpi0\ncpu3: \u003cACPI CPU\u003e numa-domain 0 on acpi0\nattimer0: \u003cAT timer\u003e port 0x40-0x43 irq 0 on acpi0\nTimecounter \"i8254\" frequency 1193182 Hz quality 0\nEvent timer \"i8254\" frequency 1193182 Hz quality 100\natrtc0: \u003cAT realtime clock\u003e port 0x70-0x71 irq 8 on acpi0\natrtc0: registered as a time-of-day clock, resolution 1.000000s\nEvent timer \"RTC\" frequency 32768 Hz quality 0\nTimecounter \"ACPI-fast\" frequency 3579545 Hz quality 900\nacpi_timer0: \u003c24-bit timer at 3.579545MHz\u003e port 0x1008-0x100b on acpi0\npcib0: \u003cACPI Host-PCI bridge\u003e port 0xcf8-0xcff on acpi0\npci0: \u003cACPI PCI bus\u003e on pcib0\npcib1: \u003cACPI PCI-PCI bridge\u003e at device 1.0 on pci0\npci1: \u003cACPI PCI bus\u003e on pcib1\nisab0: \u003cPCI-ISA bridge\u003e at device 7.0 on pci0\nisa0: \u003cISA bus\u003e on isab0\natapci0: \u003cIntel PIIX4 UDMA33 controller\u003e port 0x1f0-0x1f7,0x3f6,0x170-0x177,0x376,0x1060-0x106f at device 7.1 on pci0\nata0: \u003cATA channel\u003e at channel 0 on atapci0\nata1: \u003cATA channel\u003e at channel 1 on atapci0\npci0: \u003cbridge\u003e at device 7.3 (no driver attached)\nvgapci0: \u003cVGA-compatible display\u003e port 0x1070-0x107f mem 0xec000000-0xefffffff,0xfe000000-0xfe7fffff irq 16 at device 15.0 on pci0\nvgapci0: Boot video device\nmpt0: \u003cLSILogic 1030 Ultra4 Adapter\u003e port 0x1400-0x14ff mem 0xfeba0000-0xfebbffff,0xfebc0000-0xfebdffff irq 17 at device 16.0 on pci0\nmpt0: MPI Version=1.2.0.0\npcib2: \u003cACPI PCI-PCI bridge\u003e at device 17.0 on pci0\npci2: \u003cACPI PCI bus\u003e on pcib2\nem0: \u003cIntel(R) PRO/1000 Legacy Network Connection 1.1.0\u003e port 0x2000-0x203f mem 0xfd5c0000-0xfd5dffff,0xfdff0000-0xfdffffff irq 18 at device 0.0 on pci2\nem0: Ethernet address: 00:0c:29:30:58:66\nem0: link state changed to UP\nem1: \u003cIntel(R) PRO/1000 Legacy Network Connection 1.1.0\u003e port 0x2040-0x207f mem 0xfd5a0000-0xfd5bffff,0xfdfe0000-0xfdfeffff irq 16 at device 2.0 on pci2\nem1: Ethernet address: 00:0c:29:30:58:70\nem1: link state changed to UP\npcib3: \u003cACPI PCI-PCI bridge\u003e at device 21.0 on pci0\npcib3: [GIANT-LOCKED]\npcib4: \u003cACPI PCI-PCI bridge\u003e at device 21.1 on pci0\npcib4: [GIANT-LOCKED]\npcib5: \u003cACPI PCI-PCI bridge\u003e at device 21.2 on pci0\npcib5: [GIANT-LOCKED]\npcib6: \u003cACPI PCI-PCI bridge\u003e at device 21.3 on pci0\npcib6: [GIANT-LOCKED]\npcib7: \u003cACPI PCI-PCI bridge\u003e at device 21.4 on pci0\npcib7: [GIANT-LOCKED]\npcib8: \u003cACPI PCI-PCI bridge\u003e at device 21.5 on pci0\npcib8: [GIANT-LOCKED]\npcib9: \u003cACPI PCI-PCI bridge\u003e at device 21.6 on pci0\npcib9: [GIANT-LOCKED]\npcib10: \u003cACPI PCI-PCI bridge\u003e at device 21.7 on pci0\npcib10: [GIANT-LOCKED]\npcib11: \u003cACPI PCI-PCI bridge\u003e at device 22.0 on pci0\npcib11: [GIANT-LOCKED]\npcib12: \u003cACPI PCI-PCI bridge\u003e at device 22.1 on pci0\npcib12: [GIANT-LOCKED]\npcib13: \u003cACPI PCI-PCI bridge\u003e at device 22.2 on pci0\npcib13: [GIANT-LOCKED]\npcib14: \u003cACPI PCI-PCI bridge\u003e at device 22.3 on pci0\npcib14: [GIANT-LOCKED]\npcib15: \u003cACPI PCI-PCI bridge\u003e at device 22.4 on pci0\nacpi_acad0: \u003cAC Adapter\u003e on acpi0\natkbdc0: \u003cKeyboard controller (i8042)\u003e port 0x60,0x64 irq 1 on acpi0\natkbd0: \u003cAT Keyboard\u003e irq 1 on atkbdc0\nkbd0 at atkbd0\natkbd0: [GIANT-LOCKED]\npsm0: \u003cPS/2 Mouse\u003e irq 12 on atkbdc0\npsm0: [GIANT-LOCKED]\npsm0: model IntelliMouse, device ID 3\nacpi_syscontainer0: \u003cSystem Container\u003e on acpi0\nuart0: \u003c16550 or compatible\u003e port 0x3f8-0x3ff irq 4 flags 0x10 on acpi0\nuart1: \u003c16550 or compatible\u003e port 0x2f8-0x2ff irq 3 on acpi0\norm0: \u003cISA Option ROMs\u003e at iomem 0xc0000-0xc7fff,0xca000-0xcafff,0xcb000-0xcbfff,0xdc000-0xdffff,0xe0000-0xe7fff on isa0\nsc0: \u003cSystem console\u003e at flags 0x100 on isa0\nsc0: VGA \u003c16 virtual consoles, flags=0x300\u003e\nvga0: \u003cGeneric ISA VGA\u003e at port 0x3c0-0x3df iomem 0xa0000-0xbffff on isa0\ncoretemp0: \u003cCPU On-Die Thermal Sensors\u003e numa-domain 0 on cpu0\ncoretemp0: Tj(target) value 0 does not seem right.\ncoretemp1: \u003cCPU On-Die Thermal Sensors\u003e numa-domain 0 on cpu1\ncoretemp1: Tj(target) value 0 does not seem right.\ncoretemp2: \u003cCPU On-Die Thermal Sensors\u003e numa-domain 0 on cpu2\ncoretemp2: Tj(target) value 0 does not seem right.\ncoretemp3: \u003cCPU On-Die Thermal Sensors\u003e numa-domain 0 on cpu3\ncoretemp3: Tj(target) value 0 does not seem right.\nZFS filesystem version: 5\nZFS storage pool version: features support (5000)\nTimecounters tick every 10.000 msec\nfreenas_sysctl: adding account.\nfreenas_sysctl: adding directoryservice.\nfreenas_sysctl: adding middlewared.\nfreenas_sysctl: adding network.\nfreenas_sysctl: adding services.\nipfw2 (+ipv6) initialized, divert enabled, nat enabled, default to accept, logging disabled\nusb_needs_explore_all: no devclass\nnvme cam probe device init\nda0 at mpt0 bus 0 scbus2 target 0 lun 0\nda0: \u003cVMware Virtual disk 1.0\u003e Fixed Direct Access SCSI-2 device\nda0: 320.000MB/s transfers (160.000MHz, offset 127, 16bit)\nda0: Command Queueing enabled\nda0: 16384MB (33554432 512 byte sectors)\nda0: quirks=0x140\u003cRETRY_BUSY,STRICT_UNMAP\u003e\ncd0 at ata1 bus 0 scbus1 target 0 lun 0\ncd0: \u003cNECVMWar VMware IDE CDR10 1.00\u003e Removable CD-ROM SCSI device\ncd0: Serial Number 10000000000000000001\ncd0: 33.300MB/s transfers (UDMA2, ATAPI 12bytes, PIO 65534bytes)\ncd0: Attempt to query device size failed: NOT READY, Medium not present\ncd0: quirks=0x40\u003cRETRY_BUSY\u003e\nrandom: unblocking device.\nTrying to mount root from zfs:freenas-boot/ROOT/11.1-RELEASE []...\nwarning: KLD '/boot/kernel/smbus.ko' is newer than the linker.hints file\nwarning: KLD '/boot/kernel/vmm.ko' is newer than the linker.hints file\nvmx_init: processor does not support VMX operation\nmodule_register_init: MOD_LOAD (vmm, 0xffffffff82824400, 0) error 6\nGEOM_RAID5: Module loaded, version 1.3.20140711.62 (rev f91e28e40bf7)\nwarning: KLD '/boot/kernel/sdt.ko' is newer than the linker.hints file\nwarning: KLD '/boot/kernel/systrace.ko' is newer than the linker.hints file\nwarning: KLD '/boot/kernel/systrace_freebsd32.ko' is newer than the linker.hints file\nwarning: KLD '/boot/kernel/profile.ko' is newer than the linker.hints file\nhwpc_core: unknown PMC architecture: 1\nhwpmc: SOFT/16/64/0x67\u003cINT,USR,SYS,REA,WRI\u003e\nwarning: KLD '/boot/kernel/t3_tom.ko' is newer than the linker.hints file\nwarning: KLD '/boot/kernel/toecore.ko' is newer than the linker.hints file\nwarning: KLD '/boot/kernel/t4_tom.ko' is newer than the linker.hints file\nVMware memory control driver initialized\nWaiting (max 60 seconds) for system process `vnlru' to stop... done\nWaiting (max 60 seconds) for system process `bufdaemon' to stop... done\nWaiting (max 60 seconds) for system process `syncer' to stop...\nSyncing disks, vnodes remaining... 0 0 0 done\nAll buffers synced.\nUptime: 1m45s\nCopyright (c) 1992-2017 The FreeBSD Project.\nCopyright (c) 1979, 1980, 1983, 1986, 1988, 1989, 1991, 1992, 1993, 1994\n        The Regents of the University of California. All rights reserved.\nFreeBSD is a registered trademark of The FreeBSD Foundation.\nFreeBSD 11.1-STABLE #0 r321665+d4625dcee3e(freenas/11.1-stable): Wed Dec 13 16:33:42 UTC 2017\n    root@gauntlet:/freenas-11-releng/freenas/_BE/objs/freenas-11-releng/freenas/_BE/os/sys/FreeNAS.amd64 amd64\nFreeBSD clang version 5.0.0 (tags/RELEASE_500/final 312559) (based on LLVM 5.0.0svn)\nCPU: Intel(R) Xeon(R) CPU E3-1230 v3 @ 3.30GHz (3300.00-MHz K8-class CPU)\n  Origin=\"GenuineIntel\"  Id=0x306c3  Family=0x6  Model=0x3c  Stepping=3\n  Features=0x1fa3fbff\u003cFPU,VME,DE,PSE,TSC,MSR,PAE,MCE,CX8,APIC,SEP,MTRR,PGE,MCA,CMOV,PAT,PSE36,DTS,MMX,FXSR,SSE,SSE2,SS,HTT\u003e\n  Features2=0x9ed83203\u003cSSE3,PCLMULQDQ,SSSE3,FMA,CX16,SSE4.1,SSE4.2,MOVBE,POPCNT,AESNI,XSAVE,OSXSAVE,AVX,HV\u003e\n  AMD Features=0x28100800\u003cSYSCALL,NX,RDTSCP,LM\u003e\n  AMD Features2=0x1\u003cLAHF\u003e\n  TSC: P-state invariant\nHypervisor: Origin = \"VMwareVMware\"\nreal memory  = 13958643712 (13312 MB)\navail memory = 12416217088 (11841 MB)\nEvent timer \"LAPIC\" quality 600\nACPI APIC Table: \u003cPTLTD          APIC  \u003e\nFreeBSD/SMP: Multiprocessor System Detected: 4 CPUs\nFreeBSD/SMP: 2 package(s) x 2 core(s)\nWARNING: VIMAGE (virtualized network stack) is a highly experimental feature.\nMADT: Forcing active-low polarity and level trigger for SCI\nioapic0 \u003cVersion 1.1\u003e irqs 0-23 on motherboard\nSMP: AP CPU #3 Launched!\nSMP: AP CPU #2 Launched!\nSMP: AP CPU #1 Launched!\nrandom: entropy device external interface\nkbd1 at kbdmux0\nnexus0\ncryptosoft0: \u003csoftware crypto\u003e on motherboard\naesni0: \u003cAES-CBC,AES-XTS,AES-GCM,AES-ICM\u003e on motherboard\npadlock0: No ACE support.\nacpi0: \u003cINTEL 440BX\u003e on motherboard\nacpi0: Power Button (fixed)\nhpet0: \u003cHigh Precision Event Timer\u003e iomem 0xfed00000-0xfed003ff on acpi0\nTimecounter \"HPET\" frequency 14318180 Hz quality 950\ncpu0: \u003cACPI CPU\u003e numa-domain 0 on acpi0\ncpu1: \u003cACPI CPU\u003e numa-domain 0 on acpi0\ncpu2: \u003cACPI CPU\u003e numa-domain 0 on acpi0\ncpu3: \u003cACPI CPU\u003e numa-domain 0 on acpi0\nattimer0: \u003cAT timer\u003e port 0x40-0x43 irq 0 on acpi0\nTimecounter \"i8254\" frequency 1193182 Hz quality 0\nEvent timer \"i8254\" frequency 1193182 Hz quality 100\natrtc0: \u003cAT realtime clock\u003e port 0x70-0x71 irq 8 on acpi0\natrtc0: registered as a time-of-day clock, resolution 1.000000s\nEvent timer \"RTC\" frequency 32768 Hz quality 0\nTimecounter \"ACPI-fast\" frequency 3579545 Hz quality 900\nacpi_timer0: \u003c24-bit timer at 3.579545MHz\u003e port 0x1008-0x100b on acpi0\npcib0: \u003cACPI Host-PCI bridge\u003e port 0xcf8-0xcff on acpi0\npci0: \u003cACPI PCI bus\u003e on pcib0\npcib1: \u003cACPI PCI-PCI bridge\u003e at device 1.0 on pci0\npci1: \u003cACPI PCI bus\u003e on pcib1\nisab0: \u003cPCI-ISA bridge\u003e at device 7.0 on pci0\nisa0: \u003cISA bus\u003e on isab0\natapci0: \u003cIntel PIIX4 UDMA33 controller\u003e port 0x1f0-0x1f7,0x3f6,0x170-0x177,0x376,0x1060-0x106f at device 7.1 on pci0\nata0: \u003cATA channel\u003e at channel 0 on atapci0\nata1: \u003cATA channel\u003e at channel 1 on atapci0\npci0: \u003cbridge\u003e at device 7.3 (no driver attached)\nvgapci0: \u003cVGA-compatible display\u003e port 0x1070-0x107f mem 0xec000000-0xefffffff,0xfe000000-0xfe7fffff irq 16 at device 15.0 on pci0\nvgapci0: Boot video device\nmpt0: \u003cLSILogic 1030 Ultra4 Adapter\u003e port 0x1400-0x14ff mem 0xfeba0000-0xfebbffff,0xfebc0000-0xfebdffff irq 17 at device 16.0 on pci0\nmpt0: MPI Version=1.2.0.0\npcib2: \u003cACPI PCI-PCI bridge\u003e at device 17.0 on pci0\npci2: \u003cACPI PCI bus\u003e on pcib2\nem0: \u003cIntel(R) PRO/1000 Legacy Network Connection 1.1.0\u003e port 0x2000-0x203f mem 0xfd5c0000-0xfd5dffff,0xfdff0000-0xfdffffff irq 18 at device 0.0 on pci2\nem0: Ethernet address: 00:0c:29:30:58:66\nem0: link state changed to UP\nem1: \u003cIntel(R) PRO/1000 Legacy Network Connection 1.1.0\u003e port 0x2040-0x207f mem 0xfd5a0000-0xfd5bffff,0xfdfe0000-0xfdfeffff irq 16 at device 2.0 on pci2\nem1: Ethernet address: 00:0c:29:30:58:70\nem1: link state changed to UP\npcib3: \u003cACPI PCI-PCI bridge\u003e at device 21.0 on pci0\npcib3: [GIANT-LOCKED]\npcib4: \u003cACPI PCI-PCI bridge\u003e at device 21.1 on pci0\npcib4: [GIANT-LOCKED]\npcib5: \u003cACPI PCI-PCI bridge\u003e at device 21.2 on pci0\npcib5: [GIANT-LOCKED]\npcib6: \u003cACPI PCI-PCI bridge\u003e at device 21.3 on pci0\npcib6: [GIANT-LOCKED]\npcib7: \u003cACPI PCI-PCI bridge\u003e at device 21.4 on pci0\npcib7: [GIANT-LOCKED]\npcib8: \u003cACPI PCI-PCI bridge\u003e at device 21.5 on pci0\npcib8: [GIANT-LOCKED]\npcib9: \u003cACPI PCI-PCI bridge\u003e at device 21.6 on pci0\npcib9: [GIANT-LOCKED]\npcib10: \u003cACPI PCI-PCI bridge\u003e at device 21.7 on pci0\npcib10: [GIANT-LOCKED]\npcib11: \u003cACPI PCI-PCI bridge\u003e at device 22.0 on pci0\npcib11: [GIANT-LOCKED]\npcib12: \u003cACPI PCI-PCI bridge\u003e at device 22.1 on pci0\npcib12: [GIANT-LOCKED]\npcib13: \u003cACPI PCI-PCI bridge\u003e at device 22.2 on pci0\npcib13: [GIANT-LOCKED]\npcib14: \u003cACPI PCI-PCI bridge\u003e at device 22.3 on pci0\npcib14: [GIANT-LOCKED]\npcib15: \u003cACPI PCI-PCI bridge\u003e at device 22.4 on pci0\npcib15: [GIANT-LOCKED]\npcib16: \u003cACPI PCI-PCI bridge\u003e at device 22.5 on pci0\npcib16: [GIANT-LOCKED]\npcib17: \u003cACPI PCI-PCI bridge\u003e at device 22.6 on pci0\npcib17: [GIANT-LOCKED]\npcib18: \u003cACPI PCI-PCI bridge\u003e at device 22.7 on pci0\npcib18: [GIANT-LOCKED]\npcib19: \u003cACPI PCI-PCI bridge\u003e at device 23.0 on pci0\npcib19: [GIANT-LOCKED]\npcib20: \u003cACPI PCI-PCI bridge\u003e at device 23.1 on pci0\npcib20: [GIANT-LOCKED]\npcib21: \u003cACPI PCI-PCI bridge\u003e at device 23.2 on pci0\npcib21: [GIANT-LOCKED]\npcib22: \u003cACPI PCI-PCI bridge\u003e at device 23.3 on pci0\npcib22: [GIANT-LOCKED]\npcib23: \u003cACPI PCI-PCI bridge\u003e at device 23.4 on pci0\npcib23: [GIANT-LOCKED]\npcib24: \u003cACPI PCI-PCI bridge\u003e at device 23.5 on pci0\npcib24: [GIANT-LOCKED]\npcib25: \u003cACPI PCI-PCI bridge\u003e at device 23.6 on pci0\npcib25: [GIANT-LOCKED]\npcib26: \u003cACPI PCI-PCI bridge\u003e at device 23.7 on pci0\npcib26: [GIANT-LOCKED]\npcib27: \u003cACPI PCI-PCI bridge\u003e at device 24.0 on pci0\npcib27: [GIANT-LOCKED]\npcib28: \u003cACPI PCI-PCI bridge\u003e at device 24.1 on pci0\npcib28: [GIANT-LOCKED]\npcib29: \u003cACPI PCI-PCI bridge\u003e at device 24.2 on pci0\npcib29: [GIANT-LOCKED]\npcib30: \u003cACPI PCI-PCI bridge\u003e at device 24.3 on pci0\npcib30: [GIANT-LOCKED]\npcib31: \u003cACPI PCI-PCI bridge\u003e at device 24.4 on pci0\npcib31: [GIANT-LOCKED]\npcib32: \u003cACPI PCI-PCI bridge\u003e at device 24.5 on pci0\npcib32: [GIANT-LOCKED]\npcib33: \u003cACPI PCI-PCI bridge\u003e at device 24.6 on pci0\npcib33: [GIANT-LOCKED]\npcib34: \u003cACPI PCI-PCI bridge\u003e at device 24.7 on pci0\npcib34: [GIANT-LOCKED]\nacpi_acad0: \u003cAC Adapter\u003e on acpi0\natkbdc0: \u003cKeyboard controller (i8042)\u003e port 0x60,0x64 irq 1 on acpi0\natkbd0: \u003cAT Keyboard\u003e irq 1 on atkbdc0\nkbd0 at atkbd0\natkbd0: [GIANT-LOCKED]\npsm0: \u003cPS/2 Mouse\u003e irq 12 on atkbdc0\npsm0: [GIANT-LOCKED]\npsm0: model IntelliMouse, device ID 3\nacpi_syscontainer0: \u003cSystem Container\u003e on acpi0\nuart0: \u003c16550 or compatible\u003e port 0x3f8-0x3ff irq 4 flags 0x10 on acpi0\nuart1: \u003c16550 or compatible\u003e port 0x2f8-0x2ff irq 3 on acpi0\norm0: \u003cISA Option ROMs\u003e at iomem 0xc0000-0xc7fff,0xca000-0xcafff,0xcb000-0xcbfff,0xdc000-0xdffff,0xe0000-0xe7fff on isa0\nsc0: \u003cSystem console\u003e at flags 0x100 on isa0\nsc0: VGA \u003c16 virtual consoles, flags=0x300\u003e\nvga0: \u003cGeneric ISA VGA\u003e at port 0x3c0-0x3df iomem 0xa0000-0xbffff on isa0\ncoretemp0: \u003cCPU On-Die Thermal Sensors\u003e numa-domain 0 on cpu0\ncoretemp0: Tj(target) value 0 does not seem right.\ncoretemp1: \u003cCPU On-Die Thermal Sensors\u003e numa-domain 0 on cpu1\ncoretemp1: Tj(target) value 0 does not seem right.\ncoretemp2: \u003cCPU On-Die Thermal Sensors\u003e numa-domain 0 on cpu2\ncoretemp2: Tj(target) value 0 does not seem right.\ncoretemp3: \u003cCPU On-Die Thermal Sensors\u003e numa-domain 0 on cpu3\ncoretemp3: Tj(target) value 0 does not seem right.\nZFS filesystem version: 5\nZFS storage pool version: features support (5000)\nTimecounters tick every 10.000 msec\nfreenas_sysctl: adding account.\nfreenas_sysctl: adding directoryservice.\nfreenas_sysctl: adding middlewared.\nfreenas_sysctl: adding network.\nfreenas_sysctl: adding services.\nipfw2 (+ipv6) initialized, divert enabled, nat enabled, default to accept, logging disabled\nusb_needs_explore_all: no devclass\nnvme cam probe device init\nda0 at mpt0 bus 0 scbus2 target 0 lun 0\nda0: \u003cVMware Virtual disk 1.0\u003e Fixed Direct Access SCSI-2 device\nda0: 320.000MB/s transfers (160.000MHz, offset 127, 16bit)\nda0: Command Queueing enabled\nda0: 16384MB (33554432 512 byte sectors)\nda0: quirks=0x140\u003cRETRY_BUSY,STRICT_UNMAP\u003e\ncd0 at ata1 bus 0 scbus1 target 0 lun 0\ncd0: \u003cNECVMWar VMware IDE CDR10 1.00\u003e Removable CD-ROM SCSI device\ncd0: Serial Number 10000000000000000001\ncd0: 33.300MB/s transfers (UDMA2, ATAPI 12bytes, PIO 65534bytes)\ncd0: Attempt to query device size failed: NOT READY, Medium not present\nacpi_syscontainer0: \u003cSystem Container\u003e on acpi0\nuart0: \u003c16550 or compatible\u003e port 0x3f8-0x3ff irq 4 flags 0x10 on acpi0\nuart1: \u003c16550 or compatible\u003e port 0x2f8-0x2ff irq 3 on acpi0\norm0: \u003cISA Option ROMs\u003e at iomem 0xc0000-0xc7fff,0xca000-0xcafff,0xcb000-0xcbfff,0xdc000-0xdffff,0xe0000-0xe7fff on isa0\nsc0: \u003cSystem console\u003e at flags 0x100 on isa0\nsc0: VGA \u003c16 virtual consoles, flags=0x300\u003e\nvga0: \u003cGeneric ISA VGA\u003e at port 0x3c0-0x3df iomem 0xa0000-0xbffff on isa0\ncoretemp0: \u003cCPU On-Die Thermal Sensors\u003e numa-domain 0 on cpu0\ncoretemp0: Tj(target) value 0 does not seem right.\ncoretemp1: \u003cCPU On-Die Thermal Sensors\u003e numa-domain 0 on cpu1\ncoretemp1: Tj(target) value 0 does not seem right.\ncoretemp2: \u003cCPU On-Die Thermal Sensors\u003e numa-domain 0 on cpu2\ncoretemp2: Tj(target) value 0 does not seem right.\ncoretemp3: \u003cCPU On-Die Thermal Sensors\u003e numa-domain 0 on cpu3\ncoretemp3: Tj(target) value 0 does not seem right.\nZFS filesystem version: 5\nZFS storage pool version: features support (5000)\nTimecounters tick every 10.000 msec\nfreenas_sysctl: adding account.\nfreenas_sysctl: adding directoryservice.\nfreenas_sysctl: adding middlewared.\nfreenas_sysctl: adding network.\nfreenas_sysctl: adding services.\nipfw2 (+ipv6) initialized, divert enabled, nat enabled, default to accept, logging disabled\nusb_needs_explore_all: no devclass\nnvme cam probe device init\nda0 at mpt0 bus 0 scbus2 target 0 lun 0\nda0: \u003cVMware Virtual disk 1.0\u003e Fixed Direct Access SCSI-2 device\nda0: 320.000MB/s transfers (160.000MHz, offset 127, 16bit)\nda0: Command Queueing enabled\nda0: 16384MB (33554432 512 byte sectors)\nda0: quirks=0x140\u003cRETRY_BUSY,STRICT_UNMAP\u003e\ncd0 at ata1 bus 0 scbus1 target 0 lun 0\ncd0: \u003cNECVMWar VMware IDE CDR10 1.00\u003e Removable CD-ROM SCSI device\ncd0: Serial Number 10000000000000000001\ncd0: 33.300MB/s transfers (UDMA2, ATAPI 12bytes, PIO 65534bytes)\ncd0: Attempt to query device size failed: NOT READY, Medium not present\ncd0: quirks=0x40\u003cRETRY_BUSY\u003e\nrandom: unblocking device.\nTrying to mount root from zfs:freenas-boot/ROOT/11.1-RELEASE []...\nvmx_init: processor does not support VMX operation\nmodule_register_init: MOD_LOAD (vmm, 0xffffffff82824400, 0) error 6\nGEOM_RAID5: Module loaded, version 1.3.20140711.62 (rev f91e28e40bf7)\nhwpc_core: unknown PMC architecture: 1\nhwpmc: SOFT/16/64/0x67\u003cINT,USR,SYS,REA,WRI\u003e\nVMware memory control driver initialized"
}