{
 "id": 549303,
 "bug_id": 144867,
 "attachment_id": 0,
 "creation_time": "2010-05-05T18:54:49Z",
 "creator": "rfarmer@predatorlabs.net",
 "text": "On Sat, Apr 17, 2010 at 1:05 PM, Marius Strobl\n\u003cmarius@alchemy.franken.de\u003e wrote:\n\u003e\n\u003e Could both of you please refetch the following patch and give it try?\n\u003e http://people.freebsd.org/~marius/cas_mmf.diff\n\u003e The MD5 hash of the new version is 0d668f21e2b3bb3c9641950bd0153e3d.\n\u003e\n\u003e Marius\n\u003e\n\u003e\n\nIs the patch you sent me the same as what was committed? I just tried\nto upgrade the system today and am getting a panic again:\n\njumping to kernel entry at 0xc0088000.\nGDB: no debug ports present\nKDB: debugger backends: ddb\nKDB: current backend: ddb\nCopyright (c) 1992-2010 The FreeBSD Project.\nCopyright (c) 1979, 1980, 1983, 1986, 1988, 1989, 1991, 1992, 1993, 1994\n\tThe Regents of the University of California. All rights reserved.\nFreeBSD is a registered trademark of The FreeBSD Foundation.\nFreeBSD 9.0-CURRENT #0: Wed May  5 08:47:13 PDT 2010\n    root@:/usr/obj/usr/src/sys/GENERIC sparc64\nWARNING: WITNESS option enabled, expect reduced performance.\nreal memory  = 8589934592 (8192 MB)\navail memory = 8381554688 (7993 MB)\ncpu0: Sun Microsystems UltraSparc-III+ Processor (1200.00 MHz CPU)\ncpu1: Sun Microsystems UltraSparc-III+ Processor (1200.00 MHz CPU)\nFreeBSD/SMP: Multiprocessor System Detected: 2 CPUs\nkbd0 at kbdmux0\nnexus0: \u003cOpen Firmware Nexus device\u003e\nnexus0: \u003cmemory-controller\u003e mem 0x40000400000-0x40000400047 type\nmemory-controller (no driver attached)\nnexus0: \u003cmemory-controller\u003e mem 0x40000c00000-0x40000c00047 type\nmemory-controller (no driver attached)\npcib0: \u003cSun Host-PCI bridge\u003e mem\n0x40004700000-0x40004717fff,0x40004410000-0x4000441004f,0x7ffee000000-0x7ffee0000ff\nirq 563,560,561,564,550 on nexus0\npcib0: Schizo, version 7, IGN 0x8, bus B, 33MHz\npcib0: DVMA map: 0xc0000000 to 0xffffffff 131072 entries, streaming buffer\npcib0: [FILTER]\npcib0: [FILTER]\npcib0: [FILTER]\npcib0: [FILTER]\npcib0: [FILTER]\npci0: \u003cOFW PCI bus\u003e on pcib0\nebus0: \u003cPCI-EBus3 bridge\u003e mem\n0x7d000000-0x7dffffff,0x7e000000-0x7e7fffff at device 5.0 on pci0\nebus0: \u003cflashprom\u003e addr 0-0x1fffff (no driver attached)\nebus0: \u003ci2c\u003e addr 0x10000002e-0x10000002f,0x10000002d irq 35 (no\ndriver attached)\nebus0: \u003cbbc\u003e addr 0x100000000-0x1000fffff (no driver attached)\nebus0: \u003cpower\u003e addr 0x10030002e-0x10030002f,0x100300600-0x100300607\n(no driver attached)\nebus0: \u003ci2c\u003e addr 0x100000030-0x100000031 irq 35 (no driver attached)\nebus0: \u003cbeep\u003e addr 0x100000032-0x100000037 (no driver attached)\nrtc0: \u003cReal-Time Clock\u003e addr 0x100300070-0x100300071 irq 36 on ebus0\nebus0: \u003cgpio\u003e addr 0x100300600-0x100300607 (no driver attached)\nebus0: \u003cpmc\u003e addr 0x100300700-0x100300701 (no driver attached)\nebus0: \u003cparallel\u003e addr\n0x100300278-0x100300287,0x10030002e-0x10030002f,0x100700000-0x10070000f\nirq 28 (no driver attached)\nuart0: \u003c16550 or compatible\u003e addr 0x1003062f8-0x1003062ff irq 46 on ebus0\nuart0: [FILTER]\nuart1: \u003c16550 or compatible\u003e addr 0x1003083f8-0x1003083ff irq 45 on ebus0\nuart1: [FILTER]\nscc0: \u003cSiemens SAB 82532 dual channel SCC\u003e addr\n0x100400000-0x10040007f irq 34 on ebus0\nscc0: [FILTER]\nuart2: \u003cSAB 82532 v3.2, channel A\u003e on scc0\nuart2: [FILTER]\nuart2: CTS oflow\nuart2: console (9600,n,8,1)\nuart3: \u003cSAB 82532 v3.2, channel B\u003e on scc0\nuart3: [FILTER]\nuart3: CTS oflow\ngem0: \u003cSun ERI 10/100 Ethernet\u003e mem 0x100000-0x11ffff at device 5.1 on pci0\nmiibus0: \u003cMII bus\u003e on gem0\nukphy0: \u003cGeneric IEEE 802.3u media interface\u003e PHY 1 on miibus0\nukphy0:  10baseT, 10baseT-FDX, 100baseTX, 100baseTX-FDX, auto\ngem0: 2kB RX FIFO, 2kB TX FIFO\ngem0: Ethernet address: 00:03:ba:3a:0f:f2\ngem0: [ITHREAD]\nohci0: \u003cSun PCIO-2 USB controller\u003e mem 0x1000000-0x1007fff at device 5.3 on pci0\nohci0: [ITHREAD]\nusbus0: \u003cSun PCIO-2 USB controller\u003e on ohci0\nsym0: \u003c875\u003e port 0x300-0x3ff mem 0x124000-0x1240ff,0x126000-0x126fff\nat device 6.0 on pci0\nsym0: No NVRAM, ID 7, Fast-20, SE, parity checking\nsym0: [ITHREAD]\nsym1: \u003c875\u003e port 0x400-0x4ff mem 0x128000-0x1280ff,0x12a000-0x12afff\nat device 6.1 on pci0\nsym1: No NVRAM, ID 7, Fast-20, SE, parity checking\nsym1: [ITHREAD]\ncas0: \u003cSun Cassini+ Gigabit Ethernet\u003e mem 0x200000-0x3fffff at device\n3.0 on pci0\nmiibus1: \u003cMII bus\u003e on cas0\ngentbi0: \u003cGeneric ten-bit interface\u003e PHY 0 on miibus1\ngentbi0:  1000baseSX, 1000baseSX-FDX, auto\ncas0: 16kB RX FIFO, 9kB TX FIFO\ncas0: Ethernet address: 00:03:ba:3a:0f:f2\ncas0: [FILTER]\npcib1: \u003cSun Host-PCI bridge\u003e mem\n0x40004600000-0x40004617fff,0x40004410000-0x4000441004f,0x7ffec000000-0x7ffec0000ff\nirq 562,560,561,564 on nexus0\npcib1: Schizo, version 7, IGN 0x8, bus A, 66MHz\nTimecounter \"pcib1\" frequency 150000000 Hz quality 100\npcib1: DVMA map: 0xc0000000 to 0xffffffff 131072 entries, streaming buffer\npcib1: [FILTER]\npcib1: [FILTER]\npci1: \u003cOFW PCI bus\u003e on pcib1\nisp0: \u003cQlogic ISP 2200 PCI FC-AL Adapter\u003e port 0x300-0x3ff mem\n0x100000-0x100fff at device 4.0 on pci1\nisp0: [ITHREAD]\nisp0: invalid NVRAM header\nisp0: invalid NVRAM header\nisp0: bad frame length (0) from NVRAM- using 1024\nisp0: bad execution throttle of 0- using 16\ncas1: \u003cSun Cassini+ Gigabit Ethernet\u003e mem 0x200000-0x3fffff at device\n1.0 on pci1\nmiibus2: \u003cMII bus\u003e on cas1\ngentbi1: \u003cGeneric ten-bit interface\u003e PHY 0 on miibus2\ngentbi1:  1000baseSX, 1000baseSX-FDX, auto\ncas1: 16kB RX FIFO, 9kB TX FIFO\ncas1: Ethernet address: 00:03:ba:3a:0f:f2\ncas1: [FILTER]\nnexus0: \u003csyscons\u003e type unknown (no driver attached)\nTimecounter \"tick\" frequency 1200000000 Hz quality 10\nTimecounters tick every 1.000 msec\npanic: pcib1: PCI bus A error AFAR 0x1000c0 AFSR 0x320000000 PCI CSR\n0x60002010f003f IOMMU 0x70003 STATUS 0x2a0\ncpuid = 0\nKDB: enter: panic\n[ thread pid 0 tid 100029 ]\nStopped at      kdb_enter+0x80: ta              %xcc, 1\ndb\u003e bt\nTracing pid 0 tid 100029 td 0xfffff800030b2ec0\npanic() at panic+0x198\nschizo_pci_bus() at schizo_pci_bus+0x2c0\nintr_event_handle() at intr_event_handle+0x4c\nintr_execute_handlers() at intr_execute_handlers+0x8\nintr_fast() at intr_fast+0x68\n-- interrupt level=0xd pil=0 %o7=0xc0702c64 --\nspinlock_exit() at spinlock_exit+0x28\nfork_exit() at fork_exit+0x58\nfork_trampoline() at fork_trampoline+0x8\ndb\u003e\n\n-- \nRob Farmer"
}