{
 "id": 549291,
 "bug_id": 144867,
 "attachment_id": 0,
 "creation_time": "2010-03-19T03:00:15Z",
 "creator": "rfarmer@predatorlabs.net",
 "text": "I'm trying to boot the install DVD for the 201002 snapshot of current\non a Sunfire 280R and get the following panic at boot:\n\nBooting [/boot/kernel/kernel]...               \njumping to kernel entry at 0xc0088000.\nGDB: no debug ports present\nKDB: debugger backends: ddb\nKDB: current backend: ddb\nCopyright (c) 1992-2010 The FreeBSD Project.\nCopyright (c) 1979, 1980, 1983, 1986, 1988, 1989, 1991, 1992, 1993, 1994\n\tThe Regents of the University of California. All rights reserved.\nFreeBSD is a registered trademark of The FreeBSD Foundation.\nFreeBSD 9.0-CURRENT-201002 #0: Sat Feb 13 04:56:40 UTC 2010\n    root@heller.cse.buffalo.edu:/usr/obj/usr/src/sys/GENERIC sparc64\nWARNING: WITNESS option enabled, expect reduced performance.\nreal memory  = 8589934592 (8192 MB)\navail memory = 8377434112 (7989 MB)\ncpu0: Sun Microsystems UltraSparc-III+ Processor (1200.00 MHz CPU)\ncpu1: Sun Microsystems UltraSparc-III+ Processor (1200.00 MHz CPU)\nFreeBSD/SMP: Multiprocessor System Detected: 2 CPUs\nispfw: registered firmware \u003cisp_1000\u003e\nispfw: registered firmware \u003cisp_1040\u003e\nispfw: registered firmware \u003cisp_1040_it\u003e\nispfw: registered firmware \u003cisp_1080\u003e\nispfw: registered firmware \u003cisp_1080_it\u003e\nispfw: registered firmware \u003cisp_12160\u003e\nispfw: registered firmware \u003cisp_12160_it\u003e\nispfw: registered firmware \u003cisp_2100\u003e\nispfw: registered firmware \u003cisp_2200\u003e\nispfw: registered firmware \u003cisp_2300\u003e\nispfw: registered firmware \u003cisp_2322\u003e\nispfw: registered firmware \u003cisp_2400\u003e\nispfw: registered firmware \u003cisp_2400_multi\u003e\nispfw: registered firmware \u003cisp_2500\u003e\nispfw: registered firmware \u003cisp_2500_multi\u003e\nkbd0 at kbdmux0\nnexus0: \u003cOpen Firmware Nexus device\u003e\nnexus0: \u003cmemory-controller\u003e mem 0x40000400000-0x40000400047 type memory-controller (no driver attached)\nnexus0: \u003cmemory-controller\u003e mem 0x40000c00000-0x40000c00047 type memory-controller (no driver attached)\npcib0: \u003cSun Host-PCI bridge\u003e mem 0x40004700000-0x40004717fff,0x40004410000-0x4000441004f,0x7ffee000000-0x7ffee0000ff irq 563,560,561,564,550 on nexus0\npcib0: Schizo, version 7, IGN 0x8, bus B, 33MHz\npcib0: DVMA map: 0xc0000000 to 0xffffffff 131072 entries, streaming buffer\npcib0: [FILTER]\npcib0: [FILTER]\npcib0: [FILTER]\npcib0: [FILTER]\npcib0: [FILTER]\npci0: \u003cOFW PCI bus\u003e on pcib0\nebus0: \u003cPCI-EBus3 bridge\u003e mem 0x7d000000-0x7dffffff,0x7e000000-0x7e7fffff at device 5.0 on pci0\nebus0: \u003cflashprom\u003e addr 0-0x1fffff (no driver attached)\nebus0: \u003ci2c\u003e addr 0x10000002e-0x10000002f,0x10000002d irq 35 (no driver attached)\nebus0: \u003cbbc\u003e addr 0x100000000-0x1000fffff (no driver attached)\nebus0: \u003cpower\u003e addr 0x10030002e-0x10030002f,0x100300600-0x100300607 (no driver attached)\nebus0: \u003ci2c\u003e addr 0x100000030-0x100000031 irq 35 (no driver attached)\nebus0: \u003cbeep\u003e addr 0x100000032-0x100000037 (no driver attached)\nrtc0: \u003cReal-Time Clock\u003e addr 0x100300070-0x100300071 irq 36 on ebus0\nebus0: \u003cgpio\u003e addr 0x100300600-0x100300607 (no driver attached)\nebus0: \u003cpmc\u003e addr 0x100300700-0x100300701 (no driver attached)\nebus0: \u003cparallel\u003e addr 0x100300278-0x100300287,0x10030002e-0x10030002f,0x100700000-0x10070000f irq 28 (no driver attached)\nuart0: \u003c16550 or compatible\u003e addr 0x1003062f8-0x1003062ff irq 46 on ebus0\nuart0: [FILTER]\nuart1: \u003c16550 or compatible\u003e addr 0x1003083f8-0x1003083ff irq 45 on ebus0\nuart1: [FILTER]\nscc0: \u003cSiemens SAB 82532 dual channel SCC\u003e addr 0x100400000-0x10040007f irq 34 on ebus0\nscc0: [FILTER]\nuart2: \u003cSAB 82532 v3.2, channel A\u003e on scc0\nuart2: [FILTER]\nuart2: CTS oflow\nuart2: console (9600,n,8,1)\nuart3: \u003cSAB 82532 v3.2, channel B\u003e on scc0\nuart3: [FILTER]\nuart3: CTS oflow\ngem0: \u003cSun ERI 10/100 Ethernet\u003e mem 0x100000-0x11ffff at device 5.1 on pci0\nmiibus0: \u003cMII bus\u003e on gem0\nukphy0: \u003cGeneric IEEE 802.3u media interface\u003e PHY 1 on miibus0\nukphy0:  10baseT, 10baseT-FDX, 100baseTX, 100baseTX-FDX, auto\ngem0: 2kB RX FIFO, 2kB TX FIFO\ngem0: Ethernet address: 00:03:ba:3a:0f:f2\ngem0: [ITHREAD]\nohci0: \u003cSun PCIO-2 USB controller\u003e mem 0x1000000-0x1007fff at device 5.3 on pci0\nohci0: [ITHREAD]\nusbus0: \u003cSun PCIO-2 USB controller\u003e on ohci0\nsym0: \u003c875\u003e port 0x300-0x3ff mem 0x124000-0x1240ff,0x126000-0x126fff at device 6.0 on pci0\nsym0: No NVRAM, ID 7, Fast-20, SE, parity checking\nsym0: [ITHREAD]\nsym1: \u003c875\u003e port 0x400-0x4ff mem 0x128000-0x1280ff,0x12a000-0x12afff at device 6.1 on pci0\nsym1: No NVRAM, ID 7, Fast-20, SE, parity checking\nsym1: [ITHREAD]\ncas0: \u003cSun Cassini+ Gigabit Ethernet\u003e mem 0x200000-0x3fffff at device 2.0 on pci0\npanic: trap: memory address not aligned\ncpuid = 0\nKDB: enter: panic\n[ thread pid 0 tid 100000 ]\nStopped at      kdb_enter+0x80: ta              %xcc, 1\ndb\u003e bt\nTracing pid 0 tid 100000 td 0xc0a40730\npanic() at panic+0x20c\ntrap() at trap+0x570\n-- memory address not aligned sfar=0x7fe00200001 sfsr=0x1d007d %o7=0xc0175864 --\ncas_pci_attach() at cas_pci_attach+0xc80\ndevice_attach() at device_attach+0x4a4\ndevice_probe_and_attach() at device_probe_and_attach+0x64\nbus_generic_attach() at bus_generic_attach+0x10\nofw_pcibus_attach() at ofw_pcibus_attach+0x934\ndevice_attach() at device_attach+0x4a4\ndevice_probe_and_attach() at device_probe_and_attach+0x64\nbus_generic_attach() at bus_generic_attach+0x10\nschizo_attach() at schizo_attach+0x146c\ndevice_attach() at device_attach+0x4a4\ndevice_probe_and_attach() at device_probe_and_attach+0x64\nbus_generic_new_pass() at bus_generic_new_pass+0x11c\nbus_generic_new_pass() at bus_generic_new_pass+0x104\nbus_set_pass() at bus_set_pass+0xf8\nroot_bus_configure() at root_bus_configure+0x8\nconfigure() at configure+0x4\nmi_startup() at mi_startup+0x18c\nbtext() at btext+0x30\ndb\u003e\n\nHow-To-Repeat: Try to boot FreeBSD on Sunfire 280R"
}