{
 "id": 993550,
 "bug_id": 225791,
 "attachment_id": 0,
 "creation_time": "2018-05-22T22:25:20Z",
 "creator": "terje@elde.net",
 "text": "We're also affected by this, running c5.large, handling about 13 000 connections through haproxy, then varnish and on to other systems.  Activity was about 4000 requests pr. minute leading up to the crash, which doesn't seem all that high.  It's possible that it could have spiked shortly before the crash though, without getting that in the logs.\n\nThis is:\nFreeBSD [host snipped] 11.1-RELEASE-p8 FreeBSD 11.1-RELEASE-p8 #0: Tue Mar 13 17:07:05 UTC 2018     root@amd64-builder.daemonology.net:/usr/obj/usr/src/sys/GENERIC  amd64\n\nIt's a lightly modified/configured version of one of the usual FreeBSD AMIs, I don't recall the AMI ID exactly, sorry.  Kernel etc is stock, we've just made additions in terms of software etc for our own AMI.\n\nWe have two virtually identical machines exposed under the same hostname, receiving a near identical load, and have so far only been noticing this with one of the machines.  Could be coincidental, but figured it worthwhile to mention.\n\nIt strikes me as noteworthy that the data rate was only about 700kBps at the last data point I have before the crash.  Unfortunately I don't know anything about packet rate, and again it's possible that there could have been a peak leading up to the crash, without getting the logs of it.\n\nIf anyone is interested in any other data from this, please do let me know.  Also, this is part of a redundant setup, allowing some extra room for moving things around if anyone wants anything tested or tried on the setup.\n\n\u003e\u003e Crash itself:\n\nLimiting open port RST response from 457 to 200 packets/sec\nLimiting open port RST response from 487 to 200 packets/sec\nLimiting open port RST response from 541 to 200 packets/sec\nLimiting open port RST response from 517 to 200 packets/sec\nLimiting open port RST response from 586 to 200 packets/sec\nLimiting open port RST response from 237 to 200 packets/sec\nena0: Found a Tx that wasn't completed on time, qid 1, index 324.\npid 3639 (varnishd), uid 429: exited on signal 6\nLimiting open port RST response from 259 to 200 packets/sec\nLimiting open port RST response from 380 to 200 packets/sec\nena0: Found a Tx that wasn't completed on time, qid 1, index 181.\n\n\nFatal trap 12: page fault while in kernel mode\ncpuid = 0; apic id = 00\nfault virtual address   = 0x1c\nfault code              = supervisor write data, page not present\ninstruction pointer     = 0x20:0xffffffff82173f8c\nstack pointer           = 0x28:0xfffffe0110f43180\nframe pointer           = 0x28:0xfffffe0110f43260\ncode segment            = base 0x0, limit 0xfffff, type 0x1b\n                        = DPL 0, pres 1, long 1, def32 0, gran 1\nprocessor eflags        = interrupt enabled, resume, IOPL = 0\ncurrent process         = 12 (irq261: ena0)\ntrap number             = 12\npanic: page fault\ncpuid = 0\nKDB: stack backtrace:\n#0 0xffffffff80aadac7 at kdb_backtrace+0x67\n#1 0xffffffff80a6bba6 at vpanic+0x186\n#2 0xffffffff80a6ba13 at panic+0x43\n#3 0xffffffff80ee3092 at trap_fatal+0x322\n#4 0xffffffff80ee30eb at trap_pfault+0x4b\n#5 0xffffffff80ee290a at trap+0x2ca\n#6 0xffffffff80ec3d40 at calltrap+0x8\n#7 0xffffffff80a321ec at intr_event_execute_handlers+0xec\n#8 0xffffffff80a324d6 at ithread_loop+0xd6\n#9 0xffffffff80a2f845 at fork_exit+0x85\n#10 0xffffffff80ec4a0e at fork_trampoline+0xe\nUptime: 8d22h59m55s\nRebooting...\n\n\n\u003e\u003e boot log:\n\nCopyright (c) 1992-2017 The FreeBSD Project.\nCopyright (c) 1979, 1980, 1983, 1986, 1988, 1989, 1991, 1992, 1993, 1994\n        The Regents of the University of California. All rights reserved.\nFreeBSD is a registered trademark of The FreeBSD Foundation.\nFreeBSD 11.1-RELEASE-p8 #0: Tue Mar 13 17:07:05 UTC 2018\n    root@amd64-builder.daemonology.net:/usr/obj/usr/src/sys/GENERIC amd64\nFreeBSD clang version 4.0.0 (tags/RELEASE_400/final 297347) (based on LLVM 4.0.0)\nVT(vga): text 80x25\nCPU: HammerEM64T (3000.05-MHz K8-class CPU)\n  Origin=\"GenuineIntel\"  Id=0x50653  Family=0x6  Model=0x55  Stepping=3\n  Features=0x1f83fbff\u003cFPU,VME,DE,PSE,TSC,MSR,PAE,MCE,CX8,APIC,SEP,MTRR,PGE,MCA,CMOV,PAT,PSE36,MMX,FXSR,SSE,SSE2,SS,HTT\u003e\n  Features2=0xfffa3203\u003cSSE3,PCLMULQDQ,SSSE3,FMA,CX16,PCID,SSE4.1,SSE4.2,x2APIC,MOVBE,POPCNT,TSCDLT,AESNI,XSAVE,OSXSAVE,AVX,F16C,RDRAND,HV\u003e\n  AMD Features=0x2c100800\u003cSYSCALL,NX,Page1GB,RDTSCP,LM\u003e\n  AMD Features2=0x121\u003cLAHF,ABM,Prefetch\u003e\n  Structured Extended Features=0xd11f4fbb\u003cFSGSBASE,TSCADJ,BMI1,HLE,AVX2,SMEP,BMI2,ERMS,INVPCID,RTM,MPX,AVX512F,AVX512DQ,RDSEED,ADX,SMAP,CLWB,AVX512C\nD,AVX512BW\u003e\n  Structured Extended Features2=0x8\u003cPKU\u003e\n  XSAVE Features=0xf\u003cXSAVEOPT,XSAVEC,XINUSE,XSAVES\u003e\n  TSC: P-state invariant, performance statistics\nHypervisor: Origin = \"KVMKVMKVM\"\nreal memory  = 5114953728 (4878 MB)\navail memory = 3844890624 (3666 MB)\nEvent timer \"LAPIC\" quality 600\nACPI APIC Table: \u003cAMAZON AMZNAPIC\u003e\nFreeBSD/SMP: Multiprocessor System Detected: 2 CPUs\nFreeBSD/SMP: 1 package(s) x 1 core(s) x 2 hardware threads\nrandom: unblocking device.\nioapic0 \u003cVersion 1.1\u003e irqs 0-23 on motherboard\nSMP: AP CPU #1 Launched!\nrandom: entropy device external interface\nkbd1 at kbdmux0\nnetmap: loaded module\nmodule_register_init: MOD_LOAD (vesa, 0xffffffff80f5eb40, 0) error 19\nrandom: registering fast source Intel Secure Key RNG\nrandom: fast provider: \"Intel Secure Key RNG\"\nnexus0\nvtvga0: \u003cVT VGA driver\u003e on motherboard\ncryptosoft0: \u003csoftware crypto\u003e on motherboard\nacpi0: \u003cAMAZON AMZNRSDT\u003e on motherboard\nacpi0: Power Button (fixed)\ncpu0: \u003cACPI CPU\u003e on acpi0\ncpu1: \u003cACPI CPU\u003e on acpi0\natrtc0: \u003cAT realtime clock\u003e port 0x70-0x71,0x72-0x77 irq 8 on acpi0\nEvent timer \"RTC\" frequency 32768 Hz quality 0\nTimecounter \"ACPI-fast\" frequency 3579545 Hz quality 900\nacpi_timer0: \u003c24-bit timer at 3.579545MHz\u003e port 0xb008-0xb00b on acpi0\npcib0: \u003cACPI Host-PCI bridge\u003e port 0xcf8-0xcff on acpi0\npci0: \u003cACPI PCI bus\u003e on pcib0\nisab0: \u003cPCI-ISA bridge\u003e at device 1.0 on pci0\nisa0: \u003cISA bus\u003e on isab0\npci0: \u003cold, non-VGA display device\u003e at device 1.3 (no driver attached)\nvgapci0: \u003cVGA-compatible display\u003e mem 0xfe400000-0xfe7fffff at device 3.0 on pci0\nvgapci0: Boot video device\nnvme0: \u003cGeneric NVMe Device\u003e mem 0xfebf0000-0xfebf3fff irq 11 at device 4.0 on pci0\nena0: \u003cENA adapter\u003e mem 0xfebf4000-0xfebf7fff at device 5.0 on pci0\nena0: Elastic Network Adapter (ENA)ena v0.7.0\nena0: initalize 2 io queues\nena0: Ethernet address: 02:2b:3a:f4:70:8c\nena0: Allocated msix_entries, vectors (cnt: 3)\nnvme1: \u003cGeneric NVMe Device\u003e mem 0xfebf8000-0xfebfbfff irq 11 at device 31.0 on pci0\natkbdc0: \u003cKeyboard controller (i8042)\u003e port 0x60,0x64 irq 1 on acpi0\natkbd0: \u003cAT Keyboard\u003e irq 1 on atkbdc0\nkbd0 at atkbd0\natkbd0: [GIANT-LOCKED]\nuart0: \u003cNon-standard ns8250 class UART with FIFOs\u003e port 0x3f8-0x3ff irq 4 flags 0x10 on acpi0\nuart0: console (115200,n,8,1)\norm0: \u003cISA Option ROM\u003e at iomem 0xef000-0xeffff on isa0\nvga0: \u003cGeneric ISA VGA\u003e at port 0x3c0-0x3df iomem 0xa0000-0xbffff on isa0\nattimer0: \u003cAT timer\u003e at port 0x40 on isa0\nTimecounter \"i8254\" frequency 1193182 Hz quality 0\nattimer0: Can't map interrupt.\nppc0: cannot reserve I/O port range\nena0: link is UP\nena0: link state changed to UP\nTimecounters tick every 1.000 msec\nusb_needs_explore_all: no devclass\nnvme cam probe device init\nnvme0: temperature threshold not supported\nnvd0: \u003cAmazon Elastic Block Store\u003e NVMe namespace\nnvd0: 20480MB (41943040 512 byte sectors)\nnvme1: temperature threshold not supported\nnvd1: \u003cAmazon Elastic Block Store\u003e NVMe namespace\nGEOM: nvd1: corrupt or invalid GPT detected.\nnvd1: 20480MB (41943040 512 byte sectors)\nGEOM: nvd1: GPT rejected -- may not be recoverable.\nTrying to mount root from ufs:/dev/gpt/rootfs [rw]..."
}