{
 "id": 541800,
 "bug_id": 143349,
 "attachment_id": 0,
 "creation_time": "2010-01-29T19:10:09Z",
 "creator": "erikk@berkeley.edu",
 "text": "A kernel panic occurred today on a machine with an uptime of about 5 days.\nConsole output including a stack trace is below. I was not able to obtain a\ncore dump after this panic. The machine froze when I attempted to generate\na code dump and had to be power cycled. The machine acts as a NAT device and\nwas carrying user traffic at the time of the panic.\n\nI have conducted load tests of an identical machine in a test environment and\nI have not been able to reproduce this kernel panic. We've been running 8.0p1\nin this set up on multiple machines for a couple of months. This is the first\nkernel panic of this type we've seen.\n\nJan 28 15:08:58 doecev1cp dhcpd: send_packet: Host is down\nJan 28 15:09:08 doecev1cp last message repeated 4 times\nJan 28 15:25:48 doecev1cp dhcpd: send_packet: Host is down\nJan 28 15:58:45 doecev1cp dhcpd: send_packet: Host is down\nJan 28 16:39:30 doecev1cp dhcpd: send_packet: Host is down\nJan 28 18:59:33 doecev1cp kernel: arp: unknown hardware address format (0x0000)\nJan 28 18:59:33 doecev1cp kernel: arp: unknown hardware address format (0x0000)\nvm_page_free: pindex(246), busy(96), VPO_BUSY(0), hold(0)\npanic: vm_page_free: freeing busy page\ncpuid = 1\nKDB: stack backtrace:\ndb_trace_self_wrapper() at db_trace_self_wrapper+0x2a\npanic() at panic+0x182\nvm_page_free_toq() at vm_page_free_toq+0x1f3\nvm_object_terminate() at vm_object_terminate+0x6b\nvm_object_deallocate() at vm_object_deallocate+0x44c\n_vm_map_unlock() at _vm_map_unlock+0x70\nvm_map_remove() at vm_map_remove+0x5f\nvmspace_exit() at vmspace_exit+0xc4\nexit1() at exit1+0x361\nsys_exit() at sys_exit+0xe\nsyscall() at syscall+0x246\nXfast_syscall() at Xfast_syscall+0xe1\n--- syscall (1, FreeBSD ELF64, sys_exit), rip = 0x80111e21c, rsp = 0x7fffffffe888, rbp = 0x7fffffffe91c ---\nKDB: enter: panic\n[thread pid 20050 tid 103053 ]\nStopped at      kdb_enter+0x3d: movq    $0,0x6bdb80(%rip)\n\nkernel configuration follows.\n\ninclude GENERIC \nident WIRELESS \n\noptions KDB\noptions DDB\noptions KDB_TRACE\noptions BREAK_TO_DEBUGGER\n\noptions IPSEC\noptions IPSEC_FILTERTUNNEL\ndevice crypto\n\noptions DEVICE_POLLING\n\noptions IPFIREWALL\noptions IPFIREWALL_VERBOSE\noptions IPFIREWALL_VERBOSE_LIMIT=100\noptions IPFIREWALL_FORWARD\noptions DUMMYNET\n\noptions IPDIVERT\noptions HZ=2500\n\ndevice carp\n\ndmesg output follows.\n\nCopyright (c) 1992-2009 The FreeBSD Project.\nCopyright (c) 1979, 1980, 1983, 1986, 1988, 1989, 1991, 1992, 1993, 1994\n        The Regents of the University of California. All rights reserved.\nFreeBSD is a registered trademark of The FreeBSD Foundation.\nFreeBSD 8.0-RELEASE-p1 #4: Mon Jan  4 15:25:35 PST 2010\n    root@master1cp.net.berkeley.edu:/usr/obj/usr/src/sys/WIRELESS\nTimecounter \"i8254\" frequency 1193182 Hz quality 0\nCPU: AMD Opteron(tm) Processor 252 (2589.84-MHz K8-class CPU)\n  Origin = \"AuthenticAMD\"  Id = 0x20f51  Stepping = 1\n  Features=0x78bfbff\u003cFPU,VME,DE,PSE,TSC,MSR,PAE,MCE,CX8,APIC,SEP,MTRR,PGE,MCA,CMOV,PAT,PSE36,CLFLUSH,MMX,FXSR,SSE,SSE2\u003e\n  Features2=0x1\u003cSSE3\u003e\n  AMD Features=0xe2500800\u003cSYSCALL,NX,MMX+,FFXSR,LM,3DNow!+,3DNow!\u003e\n  AMD Features2=0x1\u003cLAHF\u003e\nreal memory  = 4294967296 (4096 MB)\navail memory = 4065366016 (3877 MB)\nACPI APIC Table: \u003cA M I  OEMAPIC \u003e\nFreeBSD/SMP: Multiprocessor System Detected: 2 CPUs\nFreeBSD/SMP: 2 package(s) x 1 core(s)\n cpu0 (BSP): APIC ID:  0\n cpu1 (AP): APIC ID:  1\nMADT: Forcing active-low polarity and level trigger for SCI\nioapic0 \u003cVersion 1.1\u003e irqs 0-23 on motherboard\nioapic1 \u003cVersion 1.1\u003e irqs 24-27 on motherboard\nioapic2 \u003cVersion 1.1\u003e irqs 28-31 on motherboard\nkbd1 at kbdmux0\ncryptosoft0: \u003csoftware crypto\u003e on motherboard\nacpi0: \u003cA M I OEMRSDT\u003e on motherboard\nacpi0: [ITHREAD]\nacpi0: Power Button (fixed)\nacpi0: reservation of 0, a0000 (3) failed\nacpi0: reservation of 100000, fbf00000 (3) failed\nTimecounter \"ACPI-fast\" frequency 3579545 Hz quality 1000\nacpi_timer0: \u003c24-bit timer at 3.579545MHz\u003e port 0x1008-0x100b on acpi0\npcib0: \u003cACPI Host-PCI bridge\u003e port 0xcf8-0xcff on acpi0\npci0: \u003cACPI PCI bus\u003e on pcib0\npcib1: \u003cACPI PCI-PCI bridge\u003e at device 6.0 on pci0\npci3: \u003cACPI PCI bus\u003e on pcib1\nohci0: \u003cOHCI (generic) USB controller\u003e mem 0xfeafc000-0xfeafcfff irq 19 at device 0.0 on pci3\nohci0: [ITHREAD]\nusbus0: \u003cOHCI (generic) USB controller\u003e on ohci0\nohci1: \u003cOHCI (generic) USB controller\u003e mem 0xfeafd000-0xfeafdfff irq 19 at device 0.1 on pci3\nohci1: [ITHREAD]\nusbus1: \u003cOHCI (generic) USB controller\u003e on ohci1\natapci0: \u003cSiI 3114 SATA150 controller\u003e port 0xbc00-0xbc07,0xb880-0xb883,0xb800-0xb807,0xac00-0xac03,0xa880-0xa88f mem 0xfeafec00-0xfeafefff irq 19 at device 5.0 on pci3\natapci0: [ITHREAD]\nata2: \u003cATA channel 0\u003e on atapci0\nata2: [ITHREAD]\nata3: \u003cATA channel 1\u003e on atapci0\nata3: [ITHREAD]\nata4: \u003cATA channel 2\u003e on atapci0\nata4: [ITHREAD]\nata5: \u003cATA channel 3\u003e on atapci0\nata5: [ITHREAD]\nvgapci0: \u003cVGA-compatible display\u003e port 0xb000-0xb0ff mem 0xfd000000-0xfdffffff,0xfeaff000-0xfeafffff irq 18 at device 6.0 on pci3\nfxp0: \u003cIntel 82551 Pro/100 Ethernet\u003e port 0xa800-0xa83f mem 0xfeafb000-0xfeafbfff,0xfeaa0000-0xfeabffff irq 18 at device 8.0 on pci3\nmiibus0: \u003cMII bus\u003e on fxp0\ninphy0: \u003ci82555 10/100 media interface\u003e PHY 1 on miibus0\ninphy0:  10baseT, 10baseT-FDX, 100baseTX, 100baseTX-FDX, auto\nfxp0: Ethernet address: 00:e0:81:32:00:b2\nfxp0: [ITHREAD]\nisab0: \u003cPCI-ISA bridge\u003e at device 7.0 on pci0\nisa0: \u003cISA bus\u003e on isab0\natapci1: \u003cAMD 8111 UDMA133 controller\u003e port 0x1f0-0x1f7,0x3f6,0x170-0x177,0x376,0xffa0-0xffaf at device 7.1 on pci0\nata0: \u003cATA channel 0\u003e on atapci1\nata0: [ITHREAD]\nata1: \u003cATA channel 1\u003e on atapci1\nata1: [ITHREAD]\npci0: \u003cserial bus, SMBus\u003e at device 7.2 (no driver attached)\npci0: \u003cbridge\u003e at device 7.3 (no driver attached)\npcib2: \u003cACPI PCI-PCI bridge\u003e at device 10.0 on pci0\npci2: \u003cACPI PCI bus\u003e on pcib2\npci2: \u003cmass storage, SCSI\u003e at device 6.0 (no driver attached)\npci2: \u003cmass storage, SCSI\u003e at device 6.1 (no driver attached)\nbge0: \u003cBroadcom NetXtreme Gigabit Ethernet Controller, ASIC rev. 0x2003\u003e mem 0xfc8b0000-0xfc8bffff,0xfc8a0000-0xfc8affff irq 24 at device 9.0 on pci2\nmiibus1: \u003cMII bus\u003e on bge0\nbrgphy0: \u003cBCM5704 10/100/1000baseTX PHY\u003e PHY 1 on miibus1\nbrgphy0:  10baseT, 10baseT-FDX, 100baseTX, 100baseTX-FDX, 1000baseT, 1000baseT-FDX, auto\nbge0: Ethernet address: 00:e0:81:32:00:24\nbge0: [ITHREAD]\nbge1: \u003cBroadcom NetXtreme Gigabit Ethernet Controller, ASIC rev. 0x2003\u003e mem 0xfc8e0000-0xfc8effff,0xfc8d0000-0xfc8dffff irq 25 at device 9.1 on pci2\nmiibus2: \u003cMII bus\u003e on bge1\nbrgphy1: \u003cBCM5704 10/100/1000baseTX PHY\u003e PHY 1 on miibus2\nbrgphy1:  10baseT, 10baseT-FDX, 100baseTX, 100baseTX-FDX, 1000baseT, 1000baseT-FDX, auto\nbge1: Ethernet address: 00:e0:81:32:00:25\nbge1: [ITHREAD]\npcib3: \u003cACPI PCI-PCI bridge\u003e at device 11.0 on pci0\npci1: \u003cACPI PCI bus\u003e on pcib3\nacpi_button0: \u003cPower Button\u003e on acpi0\natrtc0: \u003cAT realtime clock\u003e port 0x70-0x71 on acpi0\nuart0: \u003c16550 or compatible\u003e port 0x3f8-0x3ff irq 4 flags 0x10 on acpi0\nuart0: [FILTER]\nuart0: console (9600,n,8,1)\nuart1: \u003c16550 or compatible\u003e port 0x2f8-0x2ff irq 3 on acpi0\nuart1: [FILTER]\nACPI Warning: \\\\_SB_.PCI0.SBRG.FDC_._FDE: Return type mismatch - found Package, expected Buffer 20090521 nspredef-1051\nfdc0: \u003cfloppy drive controller (FDE)\u003e port 0x3f0-0x3f5,0x3f7 irq 6 drq 2 on acpi0\nfdc0: [FILTER]\nfd0: \u003c1440-KB 3.5\" drive\u003e on fdc0 drive 0\nacpi_hpet0: \u003cHigh Precision Event Timer\u003e iomem 0xfec01000-0xfec013ff irq 0,8 on acpi0\nTimecounter \"HPET\" frequency 14318180 Hz quality 900\ncpu0: \u003cACPI CPU\u003e on acpi0\nacpi_throttle0: \u003cACPI CPU Throttling\u003e on cpu0\npowernow0: \u003cCool`n'Quiet K8\u003e on cpu0\ncpu1: \u003cACPI CPU\u003e on acpi0\npowernow1: \u003cCool`n'Quiet K8\u003e on cpu1\norm0: \u003cISA Option ROMs\u003e at iomem 0xc0000-0xc7fff,0xc8000-0xcc7ff,0xcc800-0xcdfff,0xce000-0xcf7ff,0xcf800-0xd07ff on isa0\nsc0: \u003cSystem console\u003e at flags 0x100 on isa0\nsc0: VGA \u003c16 virtual consoles, flags=0x300\u003e\nvga0: \u003cGeneric ISA VGA\u003e at port 0x3c0-0x3df iomem 0xa0000-0xbffff on isa0\natkbdc0: \u003cKeyboard controller (i8042)\u003e at port 0x60,0x64 on isa0\natkbd0: \u003cAT Keyboard\u003e irq 1 on atkbdc0\nkbd0 at atkbd0\natkbd0: [GIANT-LOCKED]\natkbd0: [ITHREAD]\nppc0: cannot reserve I/O port range\nTimecounters tick every 1.200 msec\nIPsec: Initialized Security Association Processing.\nipfw2 (+ipv6) initialized, divert enabled, nat loadable, rule-based forwarding enabled, default to deny, logging disabled\nusbus0: 12Mbps Full Speed USB v1.0\nusbus1: 12Mbps Full Speed USB v1.0\nacd0: CDROM \u003cSONY CD-ROM CDU5215/7YS1\u003e at ata0-master UDMA33\nad4: 76319MB \u003cWDC WD800AAJS-22L7A0 01.03E01\u003e at ata2-master SATA150\nugen0.1: \u003cAMD\u003e at usbus0\nuhub0: \u003cAMD OHCI root HUB, class 9/0, rev 1.00/1.00, addr 1\u003e on usbus0\nugen1.1: \u003cAMD\u003e at usbus1\nuhub1: \u003cAMD OHCI root HUB, class 9/0, rev 1.00/1.00, addr 1\u003e on usbus1\nad6: 76319MB \u003cWDC WD800AAJS-22L7A0 01.03E01\u003e at ata3-master SATA150\nSMP: AP CPU #1 Launched!\nuhub0: 3 ports with 3 removable, self powered\nuhub1: 3 ports with 3 removable, self powered\nGEOM_MIRROR: Device mirror/gm0 launched (1/2).\nGEOM_MIRROR: Device gm0: rebuilding provider ad4.\nGEOM: mirror/gm0s1: geometry does not match label (16h,63s != 255h,63s).\nTrying to mount root from ufs:/dev/mirror/gm0s1a\nWARNING: / was not properly dismounted\nWARNING: /tmp was not properly dismounted\nWARNING: /usr was not properly dismounted\nWARNING: /var was not properly dismounted\n/var: mount pending error: blocks 36 files 0\nbridge1950: Ethernet address: 06:58:81:d4:6d:19\nbridge1951: Ethernet address: be:4f:78:ea:18:a6\nbridge1952: Ethernet address: 86:c7:de:33:f6:ee\nbge1: 2 link states coalesced\nWARNING: attempt to domain_add(netgraph) after domainfinalize()\n\nHow-To-Repeat: Unknown."
}