{
 "id": 568635,
 "bug_id": 148741,
 "attachment_id": 0,
 "creation_time": "2010-07-18T20:40:08Z",
 "creator": "vermaden@interia.pl",
 "text": "Sound is working very nice on Lenovo ThinkPad X300, but when I plug the headphones, there is no sound on speakers and no sound in the headphones.\n\nThey also did not worked on 8.0-RELEASE.\n\nBelow I add (maybe) needed dumps, regards,\nvermaden\n\n% sysctl hw.snd     \nhw.snd.feeder_rate_quality: 1\nhw.snd.feeder_rate_round: 25\nhw.snd.feeder_rate_max: 2016000\nhw.snd.feeder_rate_min: 1\nhw.snd.feeder_rate_polyphase_max: 183040\nhw.snd.feeder_rate_presets: 100:8:0.85 100:36:0.92 100:164:0.97\nhw.snd.feeder_eq_exact_rate: 0\nhw.snd.feeder_eq_presets: PEQ:16000,0.2500,62,0.2500:-9,9,1.0:44100,48000,88200,96000,176400,192000\nhw.snd.vpc_reset: 0\nhw.snd.vpc_0db: 45\nhw.snd.vpc_autoreset: 1\nhw.snd.latency_profile: 1\nhw.snd.latency: 7\nhw.snd.report_soft_matrix: 1\nhw.snd.report_soft_formats: 1\nhw.snd.compat_linux_mmap: 0\nhw.snd.vpc_mixer_bypass: 1\nhw.snd.verbose: 0\nhw.snd.maxautovchans: 16\nhw.snd.default_unit: 0\nhw.snd.version: 2009061500/amd64\nhw.snd.default_auto: 0\n\n% cat /dev/sndstat \nFreeBSD Audio Driver (newpcm: 64bit 2009061500/amd64)\nInstalled devices:\npcm0: \u003cHDA Analog Devices AD1984A PCM #0 Analog\u003e (play/rec) default\npcm1: \u003cHDA Analog Devices AD1984A PCM #1 Digital\u003e (rec)\npcm2: \u003cHDA Analog Devices AD1984A PCM #2 Analog\u003e (play)\n\n% pciconf -l -v\nhostb0@pci0:0:0:0:      class=0x060000 card=0x20b317aa chip=0x2a008086 rev=0x0c hdr=0x00\n    vendor     = 'Intel Corporation'\n    device     = 'Mobile PM965/GM965/GL960 Express Processor to DRAM Controller'\n    class      = bridge\n    subclass   = HOST-PCI\nvgapci0@pci0:0:2:0:     class=0x030000 card=0x20b517aa chip=0x2a028086 rev=0x0c hdr=0x00\n    vendor     = 'Intel Corporation'\n    device     = 'Mobile 965 Express Integrated Graphics Controller'\n    class      = display\n    subclass   = VGA\nvgapci1@pci0:0:2:1:     class=0x038000 card=0x20b517aa chip=0x2a038086 rev=0x0c hdr=0x00\n    vendor     = 'Intel Corporation'\n    device     = 'Mobile 965 Express Integrated Graphics Controller'\n    class      = display\nem0@pci0:0:25:0:        class=0x020000 card=0x20b917aa chip=0x10498086 rev=0x03 hdr=0x00\n    vendor     = 'Intel Corporation'\n    device     = 'Gigabit Network Connection Interface Controller (82566MM NIC)'\n    class      = network\n    subclass   = ethernet\nuhci0@pci0:0:26:0:      class=0x0c0300 card=0x20aa17aa chip=0x28348086 rev=0x03 hdr=0x00\n    vendor     = 'Intel Corporation'\n    device     = '82801H (ICH8 Family) USB UHCI *4'\n    class      = serial bus\n    subclass   = USB\nuhci1@pci0:0:26:1:      class=0x0c0300 card=0x20aa17aa chip=0x28358086 rev=0x03 hdr=0x00\n    vendor     = 'Intel Corporation'\n    device     = '82801H (ICH8 Family) USB UHCI *5'\n    class      = serial bus\n    subclass   = USB\nehci0@pci0:0:26:7:      class=0x0c0320 card=0x20ab17aa chip=0x283a8086 rev=0x03 hdr=0x00\n    vendor     = 'Intel Corporation'\n    device     = 'ICH8 Enhanced USB2 Enhanced Host Controller (81EC1043 (?))'\n    class      = serial bus\n    subclass   = USB\nhdac0@pci0:0:27:0:      class=0x040300 card=0x20ac17aa chip=0x284b8086 rev=0x03 hdr=0x00\n    vendor     = 'Intel Corporation'\n    device     = 'Intel audio controller embedded with the 82801H chipset ( ICH8 chipset ) (82801H)'\n    class      = multimedia\n    subclass   = HDA\npcib1@pci0:0:28:0:      class=0x060400 card=0x20ad17aa chip=0x283f8086 rev=0x03 hdr=0x01\n    vendor     = 'Intel Corporation'\n    device     = '82801H (ICH8 Family) PCIe Port 1'\n    class      = bridge\n    subclass   = PCI-PCI\npcib2@pci0:0:28:1:      class=0x060400 card=0x20ad17aa chip=0x28418086 rev=0x03 hdr=0x01\n    vendor     = 'Intel Corporation'\n    device     = '82801H (ICH8 Family) PCIe Port 2'\n    class      = bridge\n    subclass   = PCI-PCI\npcib3@pci0:0:28:2:      class=0x060400 card=0x20ad17aa chip=0x28438086 rev=0x03 hdr=0x01\n    vendor     = 'Intel Corporation'\n    device     = '82801H (ICH8 Family) PCIe Port 3'\n    class      = bridge\n    subclass   = PCI-PCI\nuhci2@pci0:0:29:0:      class=0x0c0300 card=0x20aa17aa chip=0x28308086 rev=0x03 hdr=0x00\n    vendor     = 'Intel Corporation'\n    device     = '82801H (ICH8 Family) USB UHCI *1'\n    class      = serial bus\n    subclass   = USB\nuhci3@pci0:0:29:1:      class=0x0c0300 card=0x20aa17aa chip=0x28318086 rev=0x03 hdr=0x00\n    vendor     = 'Intel Corporation'\n    device     = '82801H (ICH8 Family) USB UHCI *2'\n    class      = serial bus\n    subclass   = USB\nuhci4@pci0:0:29:2:      class=0x0c0300 card=0x20aa17aa chip=0x28328086 rev=0x03 hdr=0x00\n    vendor     = 'Intel Corporation'\n    device     = '82801H (ICH8 Family) USB UHCI *3'\n    class      = serial bus\n    subclass   = USB\nehci1@pci0:0:29:7:      class=0x0c0320 card=0x20ab17aa chip=0x28368086 rev=0x03 hdr=0x00\n    vendor     = 'Intel Corporation'\n    device     = '82801H (ICH8 Family) USB2 EHCI *1'\n    class      = serial bus\n    subclass   = USB\npcib4@pci0:0:30:0:      class=0x060401 card=0x20ae17aa chip=0x24488086 rev=0xf3 hdr=0x01\n    vendor     = 'Intel Corporation'\n    device     = '82801 Family (ICH2/3/4/5/6/7/8/9-M) Hub Interface to PCI Bridge'\n    class      = bridge\n    subclass   = PCI-PCI\nisab0@pci0:0:31:0:      class=0x060100 card=0x20b617aa chip=0x28118086 rev=0x03 hdr=0x00\n    vendor     = 'Intel Corporation'\n    device     = '82801HBM (ICH8M) LPC Interface Controller'\n    class      = bridge\n    subclass   = PCI-ISA\natapci0@pci0:0:31:1:    class=0x01018a card=0x20a617aa chip=0x28508086 rev=0x03 hdr=0x00\n    vendor     = 'Intel Corporation'\n    device     = '82801H (ICH8 Family) Ultra ATA Storage Controllers'\n    class      = mass storage\n    subclass   = ATA\nahci0@pci0:0:31:2:      class=0x010601 card=0x20a717aa chip=0x28298086 rev=0x03 hdr=0x00\n    vendor     = 'Intel Corporation'\n    device     = 'Mobile SATA AHCI Controller'\n    class      = mass storage\n    subclass   = SATA\nnone0@pci0:0:31:3:      class=0x0c0500 card=0x20a917aa chip=0x283e8086 rev=0x03 hdr=0x00\n    vendor     = 'Intel Corporation'\n    device     = 'SM Bus Controller (PCIVEN_8086\u0026DEV_283E\u0026SUBSYS_FF641179\u0026REV_033\u0026B1B)'\n    class      = serial bus\n    subclass   = SMBus\niwn0@pci0:3:0:0:        class=0x028000 card=0x11118086 chip=0x42308086 rev=0x61 hdr=0x00\n    vendor     = 'Intel Corporation'\n    device     = 'Intel Wireless WiFi Link 4965AGN (Intel 4965AGN)'\n    class      = network\n\n\n% dmesg\nCopyright (c) 1992-2010 The FreeBSD Project.\nCopyright (c) 1979, 1980, 1983, 1986, 1988, 1989, 1991, 1992, 1993, 1994\n        The Regents of the University of California. All rights reserved.\nFreeBSD is a registered trademark of The FreeBSD Foundation.\nFreeBSD 8.1-RC2 #0: Tue Jun 29 20:21:55 UTC 2010\n    root@mason.cse.buffalo.edu:/usr/obj/usr/src/sys/GENERIC amd64\nTimecounter \"i8254\" frequency 1193182 Hz quality 0\nCPU: Intel(R) Core(TM)2 Duo CPU     L7100  @ 1.20GHz (1197.01-MHz K8-class CPU)\n  Origin = \"GenuineIntel\"  Id = 0x6fb  Family = 6  Model = f  Stepping = 11\n  Features=0xbfebfbff\u003cFPU,VME,DE,PSE,TSC,MSR,PAE,MCE,CX8,APIC,SEP,MTRR,PGE,MCA,CMOV,PAT,PSE36,CLFLUSH,DTS,ACPI,MMX,FXSR,SSE,SSE2,SS,HTT,TM,PBE\u003e\n  Features2=0xe3bd\u003cSSE3,DTES64,MON,DS_CPL,VMX,EST,TM2,SSSE3,CX16,xTPR,PDCM\u003e\n  AMD Features=0x20100800\u003cSYSCALL,NX,LM\u003e\n  AMD Features2=0x1\u003cLAHF\u003e\n  TSC: P-state invariant\nreal memory  = 2147483648 (2048 MB)\navail memory = 2011885568 (1918 MB)\nACPI APIC Table: \u003cLENOVO TP-7T   \u003e\nFreeBSD/SMP: Multiprocessor System Detected: 2 CPUs\nFreeBSD/SMP: 1 package(s) x 2 core(s)\n cpu0 (BSP): APIC ID:  0\n cpu1 (AP): APIC ID:  1\nACPI Warning: 32/64X length mismatch in Gpe1Block: 0/32 (20100331/tbfadt-625)\nACPI Warning: Optional field Gpe1Block has zero address or length: 0x       0    102C/0x0 (20100331/tbfadt-655)\nioapic0: Changing APIC ID to 1\nioapic0 \u003cVersion 2.0\u003e irqs 0-23 on motherboard\nkbd1 at kbdmux0\nacpi0: \u003cLENOVO TP-7T\u003e on motherboard\nCPU0: local APIC error 0x40\nacpi0: [ITHREAD]\nacpi_ec0: \u003cEmbedded Controller: GPE 0x12, ECDT\u003e port 0x62,0x66 on acpi0\nacpi0: Power Button (fixed)\nacpi0: reservation of 0, a0000 (3) failed\nacpi0: reservation of 100000, 7df00000 (3) failed\nTimecounter \"ACPI-fast\" frequency 3579545 Hz quality 1000\nacpi_timer0: \u003c24-bit timer at 3.579545MHz\u003e port 0x1008-0x100b on acpi0\ncpu0: \u003cACPI CPU\u003e on acpi0\ncpu1: \u003cACPI CPU\u003e on acpi0\nacpi_hpet0: \u003cHigh Precision Event Timer\u003e iomem 0xfed00000-0xfed003ff on acpi0\nTimecounter \"HPET\" frequency 14318180 Hz quality 900\nacpi_lid0: \u003cControl Method Lid Switch\u003e on acpi0\nacpi_button0: \u003cSleep Button\u003e on acpi0\npcib0: \u003cACPI Host-PCI bridge\u003e port 0xcf8-0xcff on acpi0\npci0: \u003cACPI PCI bus\u003e on pcib0\nvgapci0: \u003cVGA-compatible display\u003e port 0x1800-0x1807 mem 0xfa000000-0xfa0fffff,0xe0000000-0xefffffff irq 16 at device 2.0 on pci0\nagp0: \u003cIntel GM965 SVGA controller\u003e on vgapci0\nagp0: detected 7676k stolen memory\nagp0: aperture size is 256M\nvgapci1: \u003cVGA-compatible display\u003e mem 0xfa100000-0xfa1fffff at device 2.1 on pci0\nem0: \u003cIntel(R) PRO/1000 Network Connection 7.0.5\u003e port 0x1840-0x185f mem 0xfa200000-0xfa21ffff,0xfa225000-0xfa225fff irq 20 at device 25.0 on pci0\nem0: Using MSI interrupt\nem0: [FILTER]\nem0: Ethernet address: 00:1c:25:7e:35:06\nuhci0: \u003cIntel 82801H (ICH8) USB controller USB-D\u003e port 0x1860-0x187f irq 20 at device 26.0 on pci0\nuhci0: [ITHREAD]\nusbus0: \u003cIntel 82801H (ICH8) USB controller USB-D\u003e on uhci0\nuhci1: \u003cIntel 82801H (ICH8) USB controller USB-E\u003e port 0x1880-0x189f irq 21 at device 26.1 on pci0\nuhci1: [ITHREAD]\nusbus1: \u003cIntel 82801H (ICH8) USB controller USB-E\u003e on uhci1\nehci0: \u003cIntel 82801H (ICH8) USB 2.0 controller USB2-B\u003e mem 0xfa426c00-0xfa426fff irq 22 at device 26.7 on pci0\nehci0: [ITHREAD]\nusbus2: EHCI version 1.0\nusbus2: \u003cIntel 82801H (ICH8) USB 2.0 controller USB2-B\u003e on ehci0\npci0: \u003cmultimedia, HDA\u003e at device 27.0 (no driver attached)\npcib1: \u003cACPI PCI-PCI bridge\u003e irq 20 at device 28.0 on pci0\npci2: \u003cACPI PCI bus\u003e on pcib1\npcib2: \u003cACPI PCI-PCI bridge\u003e irq 21 at device 28.1 on pci0\npci3: \u003cACPI PCI bus\u003e on pcib2\niwn0: \u003cIntel(R) PRO/Wireless 4965BGN\u003e mem 0xf9f00000-0xf9f01fff irq 17 at device 0.0 on pci3\niwn0: MIMO 2T3R, MoW2, address 00:1f:3b:80:dc:75\niwn0: [ITHREAD]\niwn0: 11a rates: 6Mbps 9Mbps 12Mbps 18Mbps 24Mbps 36Mbps 48Mbps 54Mbps\niwn0: 11b rates: 1Mbps 2Mbps 5.5Mbps 11Mbps\niwn0: 11g rates: 1Mbps 2Mbps 5.5Mbps 11Mbps 6Mbps 9Mbps 12Mbps 18Mbps 24Mbps 36Mbps 48Mbps 54Mbps\npcib3: \u003cACPI PCI-PCI bridge\u003e irq 22 at device 28.2 on pci0\npci4: \u003cACPI PCI bus\u003e on pcib3\nuhci2: \u003cIntel 82801H (ICH8) USB controller USB-A\u003e port 0x18a0-0x18bf irq 16 at device 29.0 on pci0\nuhci2: [ITHREAD]\nusbus3: \u003cIntel 82801H (ICH8) USB controller USB-A\u003e on uhci2\nuhci3: \u003cIntel 82801H (ICH8) USB controller USB-B\u003e port 0x18c0-0x18df irq 17 at device 29.1 on pci0\nuhci3: [ITHREAD]\nusbus4: \u003cIntel 82801H (ICH8) USB controller USB-B\u003e on uhci3\nuhci4: \u003cIntel 82801H (ICH8) USB controller USB-C\u003e port 0x18e0-0x18ff irq 18 at device 29.2 on pci0\nuhci4: [ITHREAD]\nusbus5: \u003cIntel 82801H (ICH8) USB controller USB-C\u003e on uhci4\nehci1: \u003cIntel 82801H (ICH8) USB 2.0 controller USB2-A\u003e mem 0xfa427000-0xfa4273ff irq 19 at device 29.7 on pci0\nehci1: [ITHREAD]\nusbus6: EHCI version 1.0\nusbus6: \u003cIntel 82801H (ICH8) USB 2.0 controller USB2-A\u003e on ehci1\npcib4: \u003cACPI PCI-PCI bridge\u003e at device 30.0 on pci0\npci13: \u003cACPI PCI bus\u003e on pcib4\nisab0: \u003cPCI-ISA bridge\u003e at device 31.0 on pci0\nisa0: \u003cISA bus\u003e on isab0\natapci0: \u003cIntel ICH8M UDMA100 controller\u003e port 0x1f0-0x1f7,0x3f6,0x170-0x177,0x376,0x1c00-0x1c0f at device 31.1 on pci0\nata0: \u003cATA channel 0\u003e on atapci0\nata0: [ITHREAD]\nahci0: \u003cIntel ICH8M AHCI SATA controller\u003e port 0x1c50-0x1c57,0x1c44-0x1c47,0x1c48-0x1c4f,0x1c40-0x1c43,0x1c20-0x1c3f mem 0xfa426000-0xfa4267ff irq 16 at device 31.2 on pci0\nahci0: [ITHREAD]\nahci0: AHCI v1.10 with 3 1.5Gbps ports, Port Multiplier not supported\nahcich0: \u003cAHCI channel\u003e at channel 0 on ahci0\nahcich0: [ITHREAD]\nahcich1: \u003cAHCI channel\u003e at channel 2 on ahci0\nahcich1: [ITHREAD]\npci0: \u003cserial bus, SMBus\u003e at device 31.3 (no driver attached)\nacpi_tz0: \u003cThermal Zone\u003e on acpi0\nacpi_tz1: \u003cThermal Zone\u003e on acpi0\natrtc0: \u003cAT realtime clock\u003e port 0x70-0x71 irq 8 on acpi0\natkbdc0: \u003cKeyboard controller (i8042)\u003e port 0x60,0x64 irq 1 on acpi0\natkbd0: \u003cAT Keyboard\u003e irq 1 on atkbdc0\nkbd0 at atkbd0\natkbd0: [GIANT-LOCKED]\natkbd0: [ITHREAD]\npsm0: \u003cPS/2 Mouse\u003e irq 12 on atkbdc0\npsm0: [GIANT-LOCKED]\npsm0: [ITHREAD]\npsm0: model Generic PS/2 mouse, device ID 0\nbattery0: \u003cACPI Control Method Battery\u003e on acpi0\nbattery1: \u003cACPI Control Method Battery\u003e on acpi0\nacpi_acad0: \u003cAC Adapter\u003e on acpi0\nacpi_ibm0: \u003cIBM ThinkPad ACPI Extras\u003e on acpi0\norm0: \u003cISA Option ROMs\u003e at iomem 0xc0000-0xcffff,0xe0000-0xeffff on isa0\nsc0: \u003cSystem console\u003e at flags 0x100 on isa0\nsc0: VGA \u003c16 virtual consoles, flags=0x300\u003e\nvga0: \u003cGeneric ISA VGA\u003e at port 0x3c0-0x3df iomem 0xa0000-0xbffff on isa0\nppc0: cannot reserve I/O port range\ncoretemp0: \u003cCPU On-Die Thermal Sensors\u003e on cpu0\nest0: \u003cEnhanced SpeedStep Frequency Control\u003e on cpu0\np4tcc0: \u003cCPU Frequency Thermal Control\u003e on cpu0\ncoretemp1: \u003cCPU On-Die Thermal Sensors\u003e on cpu1\nest1: \u003cEnhanced SpeedStep Frequency Control\u003e on cpu1\np4tcc1: \u003cCPU Frequency Thermal Control\u003e on cpu1\nZFS filesystem version 3\nZFS storage pool version 14\nTimecounters tick every 10.000 msec\nvboxdrv: fAsync=0 offMin=0x108 offMax=0x38a\nusbus0: 12Mbps Full Speed USB v1.0\nusbus1: 12Mbps Full Speed USB v1.0\nusbus2: 480Mbps High Speed USB v2.0\nusbus3: 12Mbps Full Speed USB v1.0\nusbus4: 12Mbps Full Speed USB v1.0\nusbus5: 12Mbps Full Speed USB v1.0\nusbus6: 480Mbps High Speed USB v2.0\nada0 at ahcich0 bus 0 scbus0 target 0 lun 0\nada0: \u003cSAMSUNG MCCOE64G8MPP-0VA PS105L16\u003e ATA-7 SATA 2.x device\nada0: 150.000MB/s transfers (SATA 1.x, UDMA5, PIO 8192bytes)\nada0: 61057MB (125045424 512 byte sectors: 16H 63S/T 16383C)\nSMP: AP CPU #1 Launched!\nugen0.1: \u003cIntel\u003e at usbus0ugen1.1: \u003cIntel\u003e at usbus1\n\nuhub0: \u003cIntel UHCI root HUB, class 9/0, rev 1.00/1.00, addr 1\u003e on usbus0\nuhub1: \u003cIntel UHCI root HUB, class 9/0, rev 1.00/1.00, addr 1\u003e on usbus1\nugen2.1: \u003cIntel\u003e at usbus2ugen3.1: \u003cIntel\u003e at usbus3\n\nuhub2: \u003cIntel EHCI root HUB, class 9/0, rev 2.00/1.00, addr 1\u003e on usbus2\nuhub3: \u003cIntel UHCI root HUB, class 9/0, rev 1.00/1.00, addr 1\u003e on usbus3\nugen4.1: \u003cIntel\u003e at usbus4ugen5.1: \u003cIntel\u003e at usbus5\n\nuhub4: \u003cIntel UHCI root HUB, class 9/0, rev 1.00/1.00, addr 1\u003e on usbus4\nuhub5: \u003cIntel UHCI root HUB, class 9/0, rev 1.00/1.00, addr 1\u003e on usbus5\nugen6.1: \u003cIntel\u003e at usbus6\nuhub6: \u003cIntel EHCI root HUB, class 9/0, rev 2.00/1.00, addr 1\u003e on usbus6\nRoot mount waiting for: usbus6 usbus5 usbus4 usbus3 usbus2 usbus1 usbus0\nuhub1: 2 ports with 2 removable, self powered\nuhub0: 2 ports with 2 removable, self powered\nuhub3: 2 ports with 2 removable, self powered\nuhub5: 2 ports with 2 removable, self powered\nuhub4: 2 ports with 2 removable, self powered\nRoot mount waiting for: usbus6 usbus2\nuhub2: 4 ports with 4 removable, self powered\nRoot mount waiting for: usbus6 usbus2\nuhub6: 6 ports with 6 removable, self powered\nRoot mount waiting for: usbus6\nugen6.2: \u003cChicony Electronics Co., Ltd.\u003e at usbus6\nTrying to mount root from ufs:/dev/label/rootfs\nugen0.2: \u003cSTMicroelectronics\u003e at usbus0\nvboxnet0: Ethernet address: 0a:00:27:00:00:00\nwlan0: Ethernet address: 00:1f:3b:80:dc:75\nwlan0: link state changed to UP\ndrm0: \u003cIntel i965GM\u003e on vgapci0\ninfo: [drm] MSI enabled 1 message(s)\nvgapci0: child drm0 requested pci_enable_busmaster\ninfo: [drm] AGP at 0xe0000000 256MB\ninfo: [drm] Initialized i915 1.6.0 20080730\ndrm0: [ITHREAD]\nhdac0: \u003cIntel 82801H High Definition Audio Controller\u003e mem 0xfa220000-0xfa223fff irq 17 at device 27.0 on pci0\nhdac0: HDA Driver Revision: 20100226_0142\nhdac0: [ITHREAD]\nhdac0: HDA Codec #0: Analog Devices AD1984A\npcm0: \u003cHDA Analog Devices AD1984A PCM #0 Analog\u003e at cad 0 nid 1 on hdac0\npcm1: \u003cHDA Analog Devices AD1984A PCM #1 Digital\u003e at cad 0 nid 1 on hdac0\npcm2: \u003cHDA Analog Devices AD1984A PCM #2 Analog\u003e at cad 0 nid 1 on hdac0"
}