{
 "id": 524017,
 "bug_id": 139679,
 "attachment_id": 0,
 "creation_time": "2009-10-16T14:30:06Z",
 "creator": "pepelac@gmail.com",
 "text": "Intel Board S5520SC - Intel® 5520 chipset with Intel® I/O Controller Hub ICH10R\nSoftware raid(Intel Embedded RAIDII) and onboard NIC's functional.\nDmesg, dmesg.verbose, pciconf, atacontrol list, ifconfig are below \n\n#dmesg\nCopyright (c) 1992-2009 The FreeBSD Project.\nCopyright (c) 1979, 1980, 1983, 1986, 1988, 1989, 1991, 1992, 1993, 1994\n\tThe Regents of the University of California. All rights reserved.\nFreeBSD is a registered trademark of The FreeBSD Foundation.\nFreeBSD 8.0-RC1 #0: Thu Sep 17 18:50:57 UTC 2009\n    root@mason.cse.buffalo.edu:/usr/obj/usr/src/sys/GENERIC\nTimecounter \"i8254\" frequency 1193182 Hz quality 0\nCPU: Intel(R) Xeon(R) CPU           E5530  @ 2.40GHz (2399.99-MHz K8-class CPU)\n  Origin = \"GenuineIntel\"  Id = 0x106a5  Stepping = 5\n  Features=0xbfebfbff\u003cFPU,VME,DE,PSE,TSC,MSR,PAE,MCE,CX8,APIC,SEP,MTRR,PGE,MCA,CMOV,PAT,PSE36,CLFLUSH,DTS,ACPI,MMX,FXSR,SSE,SSE2,SS,HTT,TM,PBE\u003e\n  Features2=0x9ce3bd\u003cSSE3,DTES64,MON,DS_CPL,VMX,EST,TM2,SSSE3,CX16,xTPR,PDCM,DCA,SSE4.1,SSE4.2,POPCNT\u003e\n  AMD Features=0x28100800\u003cSYSCALL,NX,RDTSCP,LM\u003e\n  AMD Features2=0x1\u003cLAHF\u003e\n  TSC: P-state invariant\nreal memory  = 6442450944 (6144 MB)\navail memory = 6086184960 (5804 MB)\nACPI APIC Table: \u003cINTEL  S5520SC \u003e\nFreeBSD/SMP: Multiprocessor System Detected: 8 CPUs\nFreeBSD/SMP: 1 package(s) x 4 core(s) x 2 SMT threads\n cpu0 (BSP): APIC ID:  0\n cpu1 (AP): APIC ID:  1\n cpu2 (AP): APIC ID:  2\n cpu3 (AP): APIC ID:  3\n cpu4 (AP): APIC ID:  4\n cpu5 (AP): APIC ID:  5\n cpu6 (AP): APIC ID:  6\n cpu7 (AP): APIC ID:  7\nioapic0 \u003cVersion 2.0\u003e irqs 0-23 on motherboard\nioapic1 \u003cVersion 2.0\u003e irqs 24-47 on motherboard\nlapic0: Forcing LINT1 to edge trigger\nkbd1 at kbdmux0\nacpi0: \u003cINTEL S5520SC\u003e on motherboard\nacpi0: [ITHREAD]\nacpi0: Power Button (fixed)\nTimecounter \"ACPI-fast\" frequency 3579545 Hz quality 1000\nacpi_timer0: \u003c24-bit timer at 3.579545MHz\u003e port 0x408-0x40b on acpi0\nacpi_hpet0: \u003cHigh Precision Event Timer\u003e iomem 0xfed00000-0xfed003ff on acpi0\nTimecounter \"HPET\" frequency 14318180 Hz quality 900\npcib0: \u003cACPI Host-PCI bridge\u003e port 0xcf8-0xcff on acpi0\npci0: \u003cACPI PCI bus\u003e on pcib0\npcib1: \u003cACPI PCI-PCI bridge\u003e irq 28 at device 1.0 on pci0\npci1: \u003cACPI PCI bus\u003e on pcib1\nigb0: \u003cIntel(R) PRO/1000 Network Connection version - 1.7.3\u003e port 0x2020-0x203f mem 0xc4a20000-0xc4a3ffff,0xc4a44000-0xc4a47fff irq 40 at device 0.0 on pci1\nigb0: Using MSIX interrupts with 3 vectors\nigb0: [ITHREAD]\nigb0: [ITHREAD]\nigb0: [ITHREAD]\nigb0: Ethernet address: 00:15:17:af:cd:0c\nigb1: \u003cIntel(R) PRO/1000 Network Connection version - 1.7.3\u003e port 0x2000-0x201f mem 0xc4a00000-0xc4a1ffff,0xc4a40000-0xc4a43fff irq 28 at device 0.1 on pci1\nigb1: Using MSIX interrupts with 3 vectors\nigb1: [ITHREAD]\nigb1: [ITHREAD]\nigb1: [ITHREAD]\nigb1: Ethernet address: 00:15:17:af:cd:0d\npcib2: \u003cACPI PCI-PCI bridge\u003e irq 24 at device 3.0 on pci0\npci2: \u003cACPI PCI bus\u003e on pcib2\nvgapci0: \u003cVGA-compatible display\u003e port 0x1000-0x107f mem 0xc2000000-0xc2ffffff,0xb0000000-0xbfffffff,0xc0000000-0xc1ffffff irq 24 at device 0.0 on pci2\npcib3: \u003cACPI PCI-PCI bridge\u003e irq 30 at device 7.0 on pci0\npci3: \u003cACPI PCI bus\u003e on pcib3\npci0: \u003cbase peripheral, interrupt controller\u003e at device 16.0 (no driver attached)\npci0: \u003cbase peripheral, interrupt controller\u003e at device 16.1 (no driver attached)\npci0: \u003cbase peripheral, interrupt controller\u003e at device 17.0 (no driver attached)\npci0: \u003cbase peripheral, interrupt controller\u003e at device 17.1 (no driver attached)\npci0: \u003cbase peripheral, interrupt controller\u003e at device 20.0 (no driver attached)\npci0: \u003cbase peripheral, interrupt controller\u003e at device 20.1 (no driver attached)\npci0: \u003cbase peripheral, interrupt controller\u003e at device 20.2 (no driver attached)\npci0: \u003cbase peripheral, interrupt controller\u003e at device 20.3 (no driver attached)\npci0: \u003cbase peripheral\u003e at device 22.0 (no driver attached)\npci0: \u003cbase peripheral\u003e at device 22.1 (no driver attached)\npci0: \u003cbase peripheral\u003e at device 22.2 (no driver attached)\npci0: \u003cbase peripheral\u003e at device 22.3 (no driver attached)\npci0: \u003cbase peripheral\u003e at device 22.4 (no driver attached)\npci0: \u003cbase peripheral\u003e at device 22.5 (no driver attached)\npci0: \u003cbase peripheral\u003e at device 22.6 (no driver attached)\npci0: \u003cbase peripheral\u003e at device 22.7 (no driver attached)\nuhci0: \u003cUHCI (generic) USB controller\u003e port 0x30e0-0x30ff irq 19 at device 26.0 on pci0\nuhci0: [ITHREAD]\nuhci0: LegSup = 0x103f\nusbus0: \u003cUHCI (generic) USB controller\u003e on uhci0\nuhci1: \u003cUHCI (generic) USB controller\u003e port 0x30c0-0x30df irq 19 at device 26.1 on pci0\nuhci1: [ITHREAD]\nuhci1: LegSup = 0x003f\nusbus1: \u003cUHCI (generic) USB controller\u003e on uhci1\nuhci2: \u003cUHCI (generic) USB controller\u003e port 0x30a0-0x30bf irq 19 at device 26.2 on pci0\nuhci2: [ITHREAD]\nuhci2: LegSup = 0x003f\nusbus2: \u003cUHCI (generic) USB controller\u003e on uhci2\nehci0: \u003cEHCI (generic) USB 2.0 controller\u003e mem 0xc4b26000-0xc4b263ff irq 19 at device 26.7 on pci0\nehci0: [ITHREAD]\nusbus3: EHCI version 1.0\nusbus3: \u003cEHCI (generic) USB 2.0 controller\u003e on ehci0\npci0: \u003cmultimedia, HDA\u003e at device 27.0 (no driver attached)\npcib4: \u003cACPI PCI-PCI bridge\u003e irq 16 at device 28.0 on pci0\npci4: \u003cACPI PCI bus\u003e on pcib4\npcib5: \u003cACPI PCI-PCI bridge\u003e irq 16 at device 28.4 on pci0\npci5: \u003cACPI PCI bus\u003e on pcib5\npcib6: \u003cACPI PCI-PCI bridge\u003e irq 17 at device 28.5 on pci0\npci6: \u003cACPI PCI bus\u003e on pcib6\nuhci3: \u003cUHCI (generic) USB controller\u003e port 0x3080-0x309f irq 16 at device 29.0 on pci0\nuhci3: [ITHREAD]\nuhci3: LegSup = 0x003f\nusbus4: \u003cUHCI (generic) USB controller\u003e on uhci3\nuhci4: \u003cUHCI (generic) USB controller\u003e port 0x3060-0x307f irq 16 at device 29.1 on pci0\nuhci4: [ITHREAD]\nuhci4: LegSup = 0x003f\nusbus5: \u003cUHCI (generic) USB controller\u003e on uhci4\nuhci5: \u003cUHCI (generic) USB controller\u003e port 0x3040-0x305f irq 16 at device 29.2 on pci0\nuhci5: [ITHREAD]\nuhci5: LegSup = 0x003f\nusbus6: \u003cUHCI (generic) USB controller\u003e on uhci5\nehci1: \u003cEHCI (generic) USB 2.0 controller\u003e mem 0xc4b25000-0xc4b253ff irq 16 at device 29.7 on pci0\nehci1: [ITHREAD]\nusbus7: EHCI version 1.0\nusbus7: \u003cEHCI (generic) USB 2.0 controller\u003e on ehci1\npcib7: \u003cACPI PCI-PCI bridge\u003e at device 30.0 on pci0\npci7: \u003cACPI PCI bus\u003e on pcib7\nfwohci0: \u003cTexas Instruments TSB43AB22/A\u003e mem 0xc4904000-0xc49047ff,0xc4900000-0xc4903fff irq 17 at device 1.0 on pci7\nfwohci0: [ITHREAD]\nfwohci0: OHCI version 1.10 (ROM=0)\nfwohci0: No. of Isochronous channels is 4.\nfwohci0: EUI64 00:90:27:00:02:58:ce:0c\nfwohci0: Phy 1394a available S400, 2 ports.\nfwohci0: Link S400, max_rec 2048 bytes.\nfirewire0: \u003cIEEE1394(FireWire) bus\u003e on fwohci0\ndcons_crom0: \u003cdcons configuration ROM\u003e on firewire0\ndcons_crom0: bus_addr 0x173c000\nfwe0: \u003cEthernet over FireWire\u003e on firewire0\nif_fwe0: Fake Ethernet address: 02:90:27:58:ce:0c\nfwe0: Ethernet address: 02:90:27:58:ce:0c\nfwip0: \u003cIP over FireWire\u003e on firewire0\nfwip0: Firewire address: 00:90:27:00:02:58:ce:0c @ 0xfffe00000000, S400, maxrec 2048\nsbp0: \u003cSBP-2/SCSI over FireWire\u003e on firewire0\nfwohci0: Initiate bus reset\nfwohci0: fwohci_intr_core: BUS reset\nfwohci0: fwohci_intr_core: node_id=0x00000000, SelfID Count=1, CYCLEMASTER mode\nisab0: \u003cPCI-ISA bridge\u003e at device 31.0 on pci0\nisa0: \u003cISA bus\u003e on isab0\natapci0: \u003cIntel ICH10 SATA300 controller\u003e port 0x3108-0x310f,0x3114-0x3117,0x3100-0x3107,0x3110-0x3113,0x3020-0x303f mem 0xc4b24000-0xc4b247ff irq 18 at device 31.2 on pci0\natapci0: [ITHREAD]\natapci0: AHCI called from vendor specific driver\natapci0: AHCI v1.20 controller with 6 3Gbps ports, PM not supported\nata2: \u003cATA channel 0\u003e on atapci0\nata2: [ITHREAD]\nata3: \u003cATA channel 1\u003e on atapci0\nata3: [ITHREAD]\nata4: \u003cATA channel 2\u003e on atapci0\nata4: [ITHREAD]\nata5: \u003cATA channel 3\u003e on atapci0\nata5: [ITHREAD]\nata6: \u003cATA channel 4\u003e on atapci0\nata6: [ITHREAD]\nata7: \u003cATA channel 5\u003e on atapci0\nata7: [ITHREAD]\npci0: \u003cserial bus, SMBus\u003e at device 31.3 (no driver attached)\nacpi_button0: \u003cSleep Button\u003e on acpi0\natrtc0: \u003cAT realtime clock\u003e port 0x70-0x71,0x74-0x77 irq 8 on acpi0\nuart0: \u003c16550 or compatible\u003e port 0x3f8-0x3ff irq 4 flags 0x10 on acpi0\nuart0: [FILTER]\nuart1: \u003c16550 or compatible\u003e port 0x2f8-0x2ff irq 3 on acpi0\nuart1: [FILTER]\ncpu0: \u003cACPI CPU\u003e on acpi0\nest0: \u003cEnhanced SpeedStep Frequency Control\u003e on cpu0\np4tcc0: \u003cCPU Frequency Thermal Control\u003e on cpu0\ncpu1: \u003cACPI CPU\u003e on acpi0\ndevice_attach: acpi_perf1 attach returned 6\ndevice_attach: acpi_perf1 attach returned 6\nest1: \u003cEnhanced SpeedStep Frequency Control\u003e on cpu1\nest: CPU supports Enhanced Speedstep, but is not recognized.\nest: cpu_vendor GenuineIntel, msr 12\ndevice_attach: est1 attach returned 6\np4tcc1: \u003cCPU Frequency Thermal Control\u003e on cpu1\ncpu2: \u003cACPI CPU\u003e on acpi0\nest2: \u003cEnhanced SpeedStep Frequency Control\u003e on cpu2\np4tcc2: \u003cCPU Frequency Thermal Control\u003e on cpu2\ncpu3: \u003cACPI CPU\u003e on acpi0\ndevice_attach: acpi_perf3 attach returned 6\ndevice_attach: acpi_perf3 attach returned 6\nest3: \u003cEnhanced SpeedStep Frequency Control\u003e on cpu3\nest: CPU supports Enhanced Speedstep, but is not recognized.\nest: cpu_vendor GenuineIntel, msr 12\ndevice_attach: est3 attach returned 6\np4tcc3: \u003cCPU Frequency Thermal Control\u003e on cpu3\ncpu4: \u003cACPI CPU\u003e on acpi0\nest4: \u003cEnhanced SpeedStep Frequency Control\u003e on cpu4\np4tcc4: \u003cCPU Frequency Thermal Control\u003e on cpu4\ncpu5: \u003cACPI CPU\u003e on acpi0\ndevice_attach: acpi_perf5 attach returned 6\ndevice_attach: acpi_perf5 attach returned 6\nest5: \u003cEnhanced SpeedStep Frequency Control\u003e on cpu5\nest: CPU supports Enhanced Speedstep, but is not recognized.\nest: cpu_vendor GenuineIntel, msr 12\ndevice_attach: est5 attach returned 6\np4tcc5: \u003cCPU Frequency Thermal Control\u003e on cpu5\ncpu6: \u003cACPI CPU\u003e on acpi0\nest6: \u003cEnhanced SpeedStep Frequency Control\u003e on cpu6\np4tcc6: \u003cCPU Frequency Thermal Control\u003e on cpu6\ncpu7: \u003cACPI CPU\u003e on acpi0\ndevice_attach: acpi_perf7 attach returned 6\ndevice_attach: acpi_perf7 attach returned 6\nest7: \u003cEnhanced SpeedStep Frequency Control\u003e on cpu7\nest: CPU supports Enhanced Speedstep, but is not recognized.\nest: cpu_vendor GenuineIntel, msr 12\ndevice_attach: est7 attach returned 6\np4tcc7: \u003cCPU Frequency Thermal Control\u003e on cpu7\norm0: \u003cISA Option ROMs\u003e at iomem 0xcd000-0xcdfff,0xce000-0xcefff,0xcf000-0xd4fff on isa0\natkbd: unable to set the command byte.\nsc0: \u003cSystem console\u003e at flags 0x100 on isa0\nsc0: VGA \u003c16 virtual consoles, flags=0x300\u003e\nvga0: \u003cGeneric ISA VGA\u003e at port 0x3c0-0x3df iomem 0xa0000-0xbffff on isa0\natkbdc0: \u003cKeyboard controller (i8042)\u003e at port 0x60,0x64 on isa0\natkbd0: \u003cAT Keyboard\u003e irq 1 on atkbdc0\nkbd0 at atkbd0\natkbd0: [GIANT-LOCKED]\natkbd0: [ITHREAD]\npsm0: unable to set the command byte.\nppc0: cannot reserve I/O port range\nTimecounters tick every 1.000 msec\nfirewire0: 1 nodes, maxhop \u003c= 0 cable IRM irm(0)  (me) \nfirewire0: bus manager 0 \nusbus0: 12Mbps Full Speed USB v1.0\nusbus1: 12Mbps Full Speed USB v1.0\nusbus2: 12Mbps Full Speed USB v1.0\nusbus3: 480Mbps High Speed USB v2.0\nusbus4: 12Mbps Full Speed USB v1.0\nusbus5: 12Mbps Full Speed USB v1.0\nusbus6: 12Mbps Full Speed USB v1.0\nusbus7: 480Mbps High Speed USB v2.0\nugen0.1: \u003cIntel\u003e at usbus0\nuhub0: \u003cIntel UHCI root HUB, class 9/0, rev 1.00/1.00, addr 1\u003e on usbus0\nugen1.1: \u003cIntel\u003e at usbus1\nuhub1: \u003cIntel UHCI root HUB, class 9/0, rev 1.00/1.00, addr 1\u003e on usbus1\nugen2.1: \u003cIntel\u003e at usbus2\nuhub2: \u003cIntel UHCI root HUB, class 9/0, rev 1.00/1.00, addr 1\u003e on usbus2\nugen3.1: \u003cIntel\u003e at usbus3\nuhub3: \u003cIntel EHCI root HUB, class 9/0, rev 2.00/1.00, addr 1\u003e on usbus3\nugen4.1: \u003cIntel\u003e at usbus4\nuhub4: \u003cIntel UHCI root HUB, class 9/0, rev 1.00/1.00, addr 1\u003e on usbus4\nugen5.1: \u003cIntel\u003e at usbus5\nuhub5: \u003cIntel UHCI root HUB, class 9/0, rev 1.00/1.00, addr 1\u003e on usbus5\nugen6.1: \u003cIntel\u003e at usbus6\nuhub6: \u003cIntel UHCI root HUB, class 9/0, rev 1.00/1.00, addr 1\u003e on usbus6\nugen7.1: \u003cIntel\u003e at usbus7\nuhub7: \u003cIntel EHCI root HUB, class 9/0, rev 2.00/1.00, addr 1\u003e on usbus7\nad4: 953869MB \u003cSeagate ST31000340NS SN06\u003e at ata2-master SATA150\nuhub0: 2 ports with 2 removable, self powered\nuhub1: 2 ports with 2 removable, self powered\nuhub2: 2 ports with 2 removable, self powered\nuhub4: 2 ports with 2 removable, self powered\nuhub5: 2 ports with 2 removable, self powered\nuhub6: 2 ports with 2 removable, self powered\nGEOM: ad4s1: geometry does not match label (255h,63s != 16h,63s).\nuhub3: 6 ports with 6 removable, self powered\nuhub7: 6 ports with 6 removable, self powered\nad6: 953869MB \u003cSeagate ST31000340NS SN06\u003e at ata3-master SATA150\nad8: 953869MB \u003cSeagate ST31000340NS SN06\u003e at ata4-master SATA150\nad10: 953869MB \u003cSeagate ST31000340NS SN06\u003e at ata5-master SATA150\nacd0: DVDR \u003cOptiarc DVD RW AD-5240S/1.01\u003e at ata7-master SATA150\nugen4.2: \u003cBTC\u003e at usbus4\nukbd0: \u003cBTC USB Multimedia Keyboard, class 0/0, rev 1.10/1.00, addr 2\u003e on usbus4\nkbd2 at ukbd0\nuhid0: \u003cBTC USB Multimedia Keyboard, class 0/0, rev 1.10/1.00, addr 2\u003e on usbus4\nar0: writing of DDF metadata is NOT supported yet\nar0: 952720MB \u003cDDF RAID0 (stripe 64 KB)\u003e status: READY\nar0: disk0 READY using ad4 at ata2-master\nar1: writing of DDF metadata is NOT supported yet\nar1: 2858160MB \u003cDDF RAID0 (stripe 64 KB)\u003e status: READY\nar1: disk0 READY using ad6 at ata3-master\nar1: disk1 READY using ad8 at ata4-master\nar1: disk2 READY using ad10 at ata5-master\nlapic1: Forcing LINT1 to edge trigger\nSMP: AP CPU #1 Launched!\nlapic5: Forcing LINT1 to edge trigger\nSMP: AP CPU #5 Launched!\nlapic3: Forcing LINT1 to edge trigger\nSMP: AP CPU #3 Launched!\nlapic4: Forcing LINT1 to edge trigger\nSMP: AP CPU #4 Launched!\nlapic2: Forcing LINT1 to edge trigger\nSMP: AP CPU #2 Launched!\nlapic6: Forcing LINT1 to edge trigger\nSMP: AP CPU #6 Launched!\nlapic7: Forcing LINT1 to edge trigger\nSMP: AP CPU #7 Launched!\nugen5.2: \u003cNo brand\u003e at usbus5\nukbd1: \u003cNo brand KVM, class 0/0, rev 1.10/0.00, addr 2\u003e on usbus5\nugen2.2: \u003cAmerican Megatrends Inc.\u003e at usbus2\nkbd3 at ukbd1\nukbd2: \u003cKeyboard Interface\u003e on usbus2\nkbd4 at ukbd2\nums0: \u003cNo brand KVM, class 0/0, rev 1.10/0.00, addr 2\u003e on usbus5\nums1: \u003cMouse Interface\u003e on usbus2\nums1: 3 buttons and [Z] coordinates ID=0\nums0: 5 buttons and [XYZ] coordinates ID=1\nTrying to mount root from ufs:/dev/ar0s1a\nugen5.3: \u003cLogitech\u003e at usbus5\nums2: \u003cLogitech Optical USB Mouse, class 0/0, rev 2.00/3.40, addr 3\u003e on usbus5\nums2: 3 buttons and [XYZ] coordinates ID=0\n\n#dmesg verbose\nCopyright (c) 1992-2009 The FreeBSD Project.\nCopyright (c) 1979, 1980, 1983, 1986, 1988, 1989, 1991, 1992, 1993, 1994\n\tThe Regents of the University of California. All rights reserved.\nFreeBSD is a registered trademark of The FreeBSD Foundation.\nFreeBSD 8.0-RC1 #0: Thu Sep 17 18:50:57 UTC 2009\n    root@mason.cse.buffalo.edu:/usr/obj/usr/src/sys/GENERIC\nPreloaded elf kernel \"/boot/kernel/kernel\" at 0xffffffff80e22000.\nTimecounter \"i8254\" frequency 1193182 Hz quality 0\nCalibrating TSC clock ... TSC clock: 2399984204 Hz\nCPU: Intel(R) Xeon(R) CPU           E5530  @ 2.40GHz (2399.98-MHz K8-class CPU)\n  Origin = \"GenuineIntel\"  Id = 0x106a5  Stepping = 5\n  Features=0xbfebfbff\u003cFPU,VME,DE,PSE,TSC,MSR,PAE,MCE,CX8,APIC,SEP,MTRR,PGE,MCA,CMOV,PAT,PSE36,CLFLUSH,DTS,ACPI,MMX,FXSR,SSE,SSE2,SS,HTT,TM,PBE\u003e\n  Features2=0x9ce3bd\u003cSSE3,DTES64,MON,DS_CPL,VMX,EST,TM2,SSSE3,CX16,xTPR,PDCM,DCA,SSE4.1,SSE4.2,POPCNT\u003e\n  AMD Features=0x28100800\u003cSYSCALL,NX,RDTSCP,LM\u003e\n  AMD Features2=0x1\u003cLAHF\u003e\n  TSC: P-state invariant\nreal memory  = 6442450944 (6144 MB)\nPhysical memory chunk(s):\n0x0000000000001000 - 0x0000000000090fff, 589824 bytes (144 pages)\n0x0000000000e54000 - 0x000000008c238fff, 2336116736 bytes (570341 pages)\n0x0000000100000000 - 0x00000001e16c3fff, 3781967872 bytes (923332 pages)\navail memory = 6086184960 (5804 MB)\nACPI APIC Table: \u003cINTEL  S5520SC \u003e\nINTR: Adding local APIC 1 as a target\nINTR: Adding local APIC 2 as a target\nINTR: Adding local APIC 3 as a target\nINTR: Adding local APIC 4 as a target\nINTR: Adding local APIC 5 as a target\nINTR: Adding local APIC 6 as a target\nINTR: Adding local APIC 7 as a target\nFreeBSD/SMP: Multiprocessor System Detected: 8 CPUs\nFreeBSD/SMP: 1 package(s) x 4 core(s) x 2 SMT threads\n cpu0 (BSP): APIC ID:  0\n cpu1 (AP): APIC ID:  1\n cpu2 (AP): APIC ID:  2\n cpu3 (AP): APIC ID:  3\n cpu4 (AP): APIC ID:  4\n cpu5 (AP): APIC ID:  5\n cpu6 (AP): APIC ID:  6\n cpu7 (AP): APIC ID:  7\nAPIC: CPU 0 has ACPI ID 0\nAPIC: CPU 1 has ACPI ID 8\nAPIC: CPU 2 has ACPI ID 2\nAPIC: CPU 3 has ACPI ID 10\nAPIC: CPU 4 has ACPI ID 4\nAPIC: CPU 5 has ACPI ID 12\nAPIC: CPU 6 has ACPI ID 6\nAPIC: CPU 7 has ACPI ID 14\nULE: setup cpu 0\nULE: setup cpu 1\nULE: setup cpu 2\nULE: setup cpu 3\nULE: setup cpu 4\nULE: setup cpu 5\nULE: setup cpu 6\nULE: setup cpu 7\nACPI: RSDP 0xf03f0 00024 (v2 INTEL )\nACPI: XSDT 0x8f7fe120 00094 (v1 INTEL  S5520SC  00000000      01000013)\nACPI: FACP 0x8f7fc000 000F4 (v4 INTEL  S5520SC  00000000 MSFT 0100000D)\nACPI: DSDT 0x8f7f5000 060B7 (v2 INTEL  S5520SC  00000003 MSFT 0100000D)\nACPI: FACS 0x8f727000 00040\nACPI: APIC 0x8f7f4000 00138 (v2 INTEL  S5520SC  00000000 MSFT 0100000D)\nACPI: MCFG 0x8f7f3000 0003C (v1 INTEL  S5520SC  00000001 MSFT 0100000D)\nACPI: HPET 0x8f7f2000 00038 (v1 INTEL  S5520SC  00000001 MSFT 0100000D)\nACPI: SLIT 0x8f7f1000 00030 (v1 INTEL  S5520SC  00000001 MSFT 0100000D)\nACPI: SPCR 0x8f7f0000 00050 (v1 INTEL  S5520SC  00000000 MSFT 0100000D)\nACPI: WDDT 0x8f7ef000 00040 (v1 INTEL  S5520SC  00000000 MSFT 0100000D)\nACPI: SSDT 0x8f7dd000 11FE4 (v2  INTEL SSDT  PM 00004000 INTL 20061109)\nACPI: SSDT 0x8f7dc000 001D8 (v2  INTEL IPMI     00004000 INTL 20061109)\nACPI: TCPA 0x8f7da000 00032 (v0                 00000000      00000000)\nACPI: HEST 0x8f7d9000 000A8 (v1 INTEL  S5520SC  00000001 INTL 00000001)\nACPI: BERT 0x8f7d8000 00030 (v1 INTEL  S5520SC  00000001 INTL 00000001)\nACPI: ERST 0x8f7d7000 00230 (v1 INTEL  S5520SC  00000001 INTL 00000001)\nACPI: EINJ 0x8f7d6000 00130 (v1 INTEL  S5520SC  00000001 INTL 00000001)\nMADT: Found IO APIC ID 8, Interrupt 0 at 0xfec00000\nioapic0: Routing external 8259A's -\u003e intpin 0\nMADT: Found IO APIC ID 9, Interrupt 24 at 0xfec90000\nMADT: Interrupt override: source 0, irq 2\nioapic0: Routing IRQ 0 -\u003e intpin 2\nMADT: Interrupt override: source 9, irq 9\nioapic0: intpin 9 trigger: level\nlapic0: Routing NMI -\u003e LINT1\nlapic0: LINT1 trigger: level\nlapic0: LINT1 polarity: high\nMADT: Ignoring local NMI routed to ACPI CPU 1\nlapic2: Routing NMI -\u003e LINT1\nlapic2: LINT1 trigger: level\nlapic2: LINT1 polarity: high\nMADT: Ignoring local NMI routed to ACPI CPU 3\nlapic4: Routing NMI -\u003e LINT1\nlapic4: LINT1 trigger: level\nlapic4: LINT1 polarity: high\nMADT: Ignoring local NMI routed to ACPI CPU 5\nlapic6: Routing NMI -\u003e LINT1\nlapic6: LINT1 trigger: level\nlapic6: LINT1 polarity: high\nMADT: Ignoring local NMI routed to ACPI CPU 7\nlapic1: Routing NMI -\u003e LINT1\nlapic1: LINT1 trigger: level\nlapic1: LINT1 polarity: high\nMADT: Ignoring local NMI routed to ACPI CPU 9\nlapic3: Routing NMI -\u003e LINT1\nlapic3: LINT1 trigger: level\nlapic3: LINT1 polarity: high\nMADT: Ignoring local NMI routed to ACPI CPU 11\nlapic5: Routing NMI -\u003e LINT1\nlapic5: LINT1 trigger: level\nlapic5: LINT1 polarity: high\nMADT: Ignoring local NMI routed to ACPI CPU 13\nlapic7: Routing NMI -\u003e LINT1\nlapic7: LINT1 trigger: level\nlapic7: LINT1 polarity: high\nMADT: Ignoring local NMI routed to ACPI CPU 15\nioapic0 \u003cVersion 2.0\u003e irqs 0-23 on motherboard\nioapic1 \u003cVersion 2.0\u003e irqs 24-47 on motherboard\nlapic0: Forcing LINT1 to edge trigger\ncpu0 BSP:\n     ID: 0x00000000   VER: 0x00060015 LDR: 0x00000000 DFR: 0xffffffff\n  lint0: 0x00010700 lint1: 0x00008400 TPR: 0x00000000 SVR: 0x000001ff\n  timer: 0x000100ef therm: 0x00010000 err: 0x00010000 pcm: 0x00010400\nwlan: \u003c802.11 Link Layer\u003e\nnull: \u003cnull device, zero device\u003e\nrandom: \u003centropy source, Software, Yarrow\u003e\nnfslock: pseudo-device\nkbd: new array size 4\nkbd1 at kbdmux0\nmem: \u003cmemory\u003e\nio: \u003cI/O\u003e\nhptrr: RocketRAID 17xx/2xxx SATA controller driver v1.2\nacpi0: \u003cINTEL S5520SC\u003e on motherboard\nPCIe: Memory Mapped configuration base @ 0xa0000000\nioapic0: routing intpin 9 (ISA IRQ 9) to lapic 0 vector 48\nacpi0: [MPSAFE]\nacpi0: [ITHREAD]\nacpi0: Power Button (fixed)\nacpi0: wakeup code va 0xffffff8000017000 pa 0x4000\nAcpiOsDerivePciId: \\\\_SB_.PCI0.PAMX -\u003e bus 0 dev 0 func 0\nAcpiOsDerivePciId: \\\\_SB_.PCI0.LPC0.PRR0 -\u003e bus 0 dev 31 func 0\nAcpiOsDerivePciId: \\\\_SB_.PCI0.LPC0.PRR1 -\u003e bus 0 dev 31 func 0\nACPI timer: 1/0 1/0 1/0 1/1 1/0 1/0 1/1 1/0 1/1 1/0 -\u003e 10\nTimecounter \"ACPI-fast\" frequency 3579545 Hz quality 1000\nacpi_timer0: \u003c24-bit timer at 3.579545MHz\u003e port 0x408-0x40b on acpi0\npci_link0:        Index  IRQ  Rtd  Ref  IRQs\n  Initial Probe       0   11   N     0  3 4 5 6 7 9 10 11 12 14 15\n  Validation          0   11   N     0  3 4 5 6 7 9 10 11 12 14 15\n  After Disable       0  255   N     0  3 4 5 6 7 9 10 11 12 14 15\npci_link1:        Index  IRQ  Rtd  Ref  IRQs\n  Initial Probe       0   10   N     0  3 4 5 6 7 9 10 11 12 14 15\n  Validation          0   10   N     0  3 4 5 6 7 9 10 11 12 14 15\n  After Disable       0  255   N     0  3 4 5 6 7 9 10 11 12 14 15\npci_link2:        Index  IRQ  Rtd  Ref  IRQs\n  Initial Probe       0    9   N     0  3 4 5 6 7 9 10 11 12 14 15\n  Validation          0    9   N     0  3 4 5 6 7 9 10 11 12 14 15\n  After Disable       0  255   N     0  3 4 5 6 7 9 10 11 12 14 15\npci_link3:        Index  IRQ  Rtd  Ref  IRQs\n  Initial Probe       0    5   N     0  3 4 5 6 7 9 10 11 12 14 15\n  Validation          0    5   N     0  3 4 5 6 7 9 10 11 12 14 15\n  After Disable       0  255   N     0  3 4 5 6 7 9 10 11 12 14 15\npci_link4:        Index  IRQ  Rtd  Ref  IRQs\n  Initial Probe       0  255   N     0  3 4 5 6 7 9 10 11 12 14 15\n  Validation          0  255   N     0  3 4 5 6 7 9 10 11 12 14 15\n  After Disable       0  255   N     0  3 4 5 6 7 9 10 11 12 14 15\npci_link5:        Index  IRQ  Rtd  Ref  IRQs\n  Initial Probe       0  255   N     0  3 4 5 6 7 9 10 11 12 14 15\n  Validation          0  255   N     0  3 4 5 6 7 9 10 11 12 14 15\n  After Disable       0  255   N     0  3 4 5 6 7 9 10 11 12 14 15\npci_link6:        Index  IRQ  Rtd  Ref  IRQs\n  Initial Probe       0   11   N     0  3 4 5 6 7 9 10 11 12 14 15\n  Validation          0   11   N     0  3 4 5 6 7 9 10 11 12 14 15\n  After Disable       0  255   N     0  3 4 5 6 7 9 10 11 12 14 15\npci_link7:        Index  IRQ  Rtd  Ref  IRQs\n  Initial Probe       0  255   N     0  3 4 5 6 7 9 10 11 12 14 15\n  Validation          0  255   N     0  3 4 5 6 7 9 10 11 12 14 15\n  After Disable       0  255   N     0  3 4 5 6 7 9 10 11 12 14 15\nacpi_hpet0: \u003cHigh Precision Event Timer\u003e iomem 0xfed00000-0xfed003ff on acpi0\nacpi_hpet0: vend: 0x8086 rev: 0x1 num: 3 hz: 14318180 opts: legacy_route 64-bit\nTimecounter \"HPET\" frequency 14318180 Hz quality 900\npcib0: \u003cACPI Host-PCI bridge\u003e port 0xcf8-0xcff on acpi0\npci0: \u003cACPI PCI bus\u003e on pcib0\npci0: domain=0, physical bus=0\nfound-\u003e\tvendor=0x8086, dev=0x3406, revid=0x13\n\tdomain=0, bus=0, slot=0, func=0\n\tclass=06-00-00, hdrtype=0x00, mfdev=0\n\tcmdreg=0x0140, statreg=0x0010, cachelnsz=16 (dwords)\n\tlattimer=0x00 (0 ns), mingnt=0x00 (0 ns), maxlat=0x00 (0 ns)\n\tintpin=a, irq=11\n\tpowerspec 3  supports D0 D3  current D0\n\tMSI supports 2 messages, vector masks\npcib0: matched entry for 0.0.INTA\npcib0: slot 0 INTA hardwired to IRQ 47\nfound-\u003e\tvendor=0x8086, dev=0x3408, revid=0x13\n\tdomain=0, bus=0, slot=1, func=0\n\tclass=06-04-00, hdrtype=0x01, mfdev=0\n\tcmdreg=0x0147, statreg=0x0010, cachelnsz=16 (dwords)\n\tlattimer=0x00 (0 ns), mingnt=0x03 (750 ns), maxlat=0x00 (0 ns)\n\tintpin=a, irq=11\n\tpowerspec 3  supports D0 D3  current D0\n\tMSI supports 2 messages, vector masks\npcib0: matched entry for 0.1.INTA\npcib0: slot 1 INTA hardwired to IRQ 28\nfound-\u003e\tvendor=0x8086, dev=0x340a, revid=0x13\n\tdomain=0, bus=0, slot=3, func=0\n\tclass=06-04-00, hdrtype=0x01, mfdev=0\n\tcmdreg=0x0147, statreg=0x0010, cachelnsz=16 (dwords)\n\tlattimer=0x00 (0 ns), mingnt=0x1b (6750 ns), maxlat=0x00 (0 ns)\n\tintpin=a, irq=11\n\tpowerspec 3  supports D0 D3  current D0\n\tMSI supports 2 messages, vector masks\npcib0: matched entry for 0.3.INTA\npcib0: slot 3 INTA hardwired to IRQ 24\nfound-\u003e\tvendor=0x8086, dev=0x340e, revid=0x13\n\tdomain=0, bus=0, slot=7, func=0\n\tclass=06-04-00, hdrtype=0x01, mfdev=0\n\tcmdreg=0x0147, statreg=0x0010, cachelnsz=16 (dwords)\n\tlattimer=0x00 (0 ns), mingnt=0x03 (750 ns), maxlat=0x00 (0 ns)\n\tintpin=a, irq=11\n\tpowerspec 3  supports D0 D3  current D0\n\tMSI supports 2 messages, vector masks\npcib0: matched entry for 0.7.INTA\npcib0: slot 7 INTA hardwired to IRQ 30\nfound-\u003e\tvendor=0x8086, dev=0x3425, revid=0x13\n\tdomain=0, bus=0, slot=16, func=0\n\tclass=08-00-00, hdrtype=0x00, mfdev=1\n\tcmdreg=0x0000, statreg=0x0010, cachelnsz=16 (dwords)\n\tlattimer=0x00 (0 ns), mingnt=0x00 (0 ns), maxlat=0x00 (0 ns)\nfound-\u003e\tvendor=0x8086, dev=0x3426, revid=0x13\n\tdomain=0, bus=0, slot=16, func=1\n\tclass=08-00-00, hdrtype=0x00, mfdev=1\n\tcmdreg=0x0000, statreg=0x0000, cachelnsz=16 (dwords)\n\tlattimer=0x00 (0 ns), mingnt=0x00 (0 ns), maxlat=0x00 (0 ns)\nfound-\u003e\tvendor=0x8086, dev=0x3427, revid=0x13\n\tdomain=0, bus=0, slot=17, func=0\n\tclass=08-00-00, hdrtype=0x00, mfdev=1\n\tcmdreg=0x0000, statreg=0x0010, cachelnsz=16 (dwords)\n\tlattimer=0x00 (0 ns), mingnt=0x00 (0 ns), maxlat=0x00 (0 ns)\nfound-\u003e\tvendor=0x8086, dev=0x3428, revid=0x13\n\tdomain=0, bus=0, slot=17, func=1\n\tclass=08-00-00, hdrtype=0x00, mfdev=1\n\tcmdreg=0x0000, statreg=0x0000, cachelnsz=16 (dwords)\n\tlattimer=0x00 (0 ns), mingnt=0x00 (0 ns), maxlat=0x00 (0 ns)\nfound-\u003e\tvendor=0x8086, dev=0x342d, revid=0x13\n\tdomain=0, bus=0, slot=19, func=0\n\tclass=08-00-20, hdrtype=0x00, mfdev=1\n\tcmdreg=0x0006, statreg=0x0010, cachelnsz=16 (dwords)\n\tlattimer=0x00 (0 ns), mingnt=0x00 (0 ns), maxlat=0x00 (0 ns)\n\tpowerspec 3  supports D0 D3  current D0\n\tmap[10]: type Memory, range 32, base 0xc4b28000, size 12, enabled\nfound-\u003e\tvendor=0x8086, dev=0x342e, revid=0x13\n\tdomain=0, bus=0, slot=20, func=0\n\tclass=08-00-00, hdrtype=0x00, mfdev=1\n\tcmdreg=0x0000, statreg=0x0010, cachelnsz=16 (dwords)\n\tlattimer=0x00 (0 ns), mingnt=0x00 (0 ns), maxlat=0x00 (0 ns)\nfound-\u003e\tvendor=0x8086, dev=0x3422, revid=0x13\n\tdomain=0, bus=0, slot=20, func=1\n\tclass=08-00-00, hdrtype=0x00, mfdev=1\n\tcmdreg=0x0000, statreg=0x0010, cachelnsz=16 (dwords)\n\tlattimer=0x00 (0 ns), mingnt=0x00 (0 ns), maxlat=0x00 (0 ns)\nfound-\u003e\tvendor=0x8086, dev=0x3423, revid=0x13\n\tdomain=0, bus=0, slot=20, func=2\n\tclass=08-00-00, hdrtype=0x00, mfdev=1\n\tcmdreg=0x0000, statreg=0x0010, cachelnsz=16 (dwords)\n\tlattimer=0x00 (0 ns), mingnt=0x00 (0 ns), maxlat=0x00 (0 ns)\nfound-\u003e\tvendor=0x8086, dev=0x3438, revid=0x13\n\tdomain=0, bus=0, slot=20, func=3\n\tclass=08-00-00, hdrtype=0x00, mfdev=1\n\tcmdreg=0x0000, statreg=0x0000, cachelnsz=16 (dwords)\n\tlattimer=0x00 (0 ns), mingnt=0x00 (0 ns), maxlat=0x00 (0 ns)\nfound-\u003e\tvendor=0x8086, dev=0x342f, revid=0x13\n\tdomain=0, bus=0, slot=21, func=0\n\tclass=08-00-20, hdrtype=0x00, mfdev=1\n\tcmdreg=0x0000, statreg=0x0000, cachelnsz=16 (dwords)\n\tlattimer=0x00 (0 ns), mingnt=0x00 (0 ns), maxlat=0x00 (0 ns)\nfound-\u003e\tvendor=0x8086, dev=0x3430, revid=0x13\n\tdomain=0, bus=0, slot=22, func=0\n\tclass=08-80-00, hdrtype=0x00, mfdev=1\n\tcmdreg=0x0006, statreg=0x0010, cachelnsz=16 (dwords)\n\tlattimer=0x00 (0 ns), mingnt=0x00 (0 ns), maxlat=0x00 (0 ns)\n\tintpin=a, irq=11\n\tpowerspec 3  supports D0 D3  current D0\n\tMSI-X supports 1 message in map 0x10\n\tmap[10]: type Memory, range 64, base 0xc4b00000, size 14, enabled\npcib0: matched entry for 0.22.INTA\npcib0: slot 22 INTA hardwired to IRQ 43\nfound-\u003e\tvendor=0x8086, dev=0x3431, revid=0x13\n\tdomain=0, bus=0, slot=22, func=1\n\tclass=08-80-00, hdrtype=0x00, mfdev=1\n\tcmdreg=0x0006, statreg=0x0010, cachelnsz=16 (dwords)\n\tlattimer=0x00 (0 ns), mingnt=0x00 (0 ns), maxlat=0x00 (0 ns)\n\tintpin=b, irq=10\n\tpowerspec 3  supports D0 D3  current D0\n\tMSI-X supports 1 message in map 0x10\n\tmap[10]: type Memory, range 64, base 0xc4b04000, size 14, enabled\npcib0: matched entry for 0.22.INTB\npcib0: slot 22 INTB hardwired to IRQ 44\nfound-\u003e\tvendor=0x8086, dev=0x3432, revid=0x13\n\tdomain=0, bus=0, slot=22, func=2\n\tclass=08-80-00, hdrtype=0x00, mfdev=1\n\tcmdreg=0x0006, statreg=0x0010, cachelnsz=16 (dwords)\n\tlattimer=0x00 (0 ns), mingnt=0x00 (0 ns), maxlat=0x00 (0 ns)\n\tintpin=c, irq=9\n\tpowerspec 3  supports D0 D3  current D0\n\tMSI-X supports 1 message in map 0x10\n\tmap[10]: type Memory, range 64, base 0xc4b08000, size 14, enabled\npcib0: matched entry for 0.22.INTC\npcib0: slot 22 INTC hardwired to IRQ 45\nfound-\u003e\tvendor=0x8086, dev=0x3433, revid=0x13\n\tdomain=0, bus=0, slot=22, func=3\n\tclass=08-80-00, hdrtype=0x00, mfdev=1\n\tcmdreg=0x0006, statreg=0x0010, cachelnsz=16 (dwords)\n\tlattimer=0x00 (0 ns), mingnt=0x00 (0 ns), maxlat=0x00 (0 ns)\n\tintpin=d, irq=5\n\tpowerspec 3  supports D0 D3  current D0\n\tMSI-X supports 1 message in map 0x10\n\tmap[10]: type Memory, range 64, base 0xc4b0c000, size 14, enabled\npcib0: matched entry for 0.22.INTD\npcib0: slot 22 INTD hardwired to IRQ 46\nfound-\u003e\tvendor=0x8086, dev=0x3429, revid=0x13\n\tdomain=0, bus=0, slot=22, func=4\n\tclass=08-80-00, hdrtype=0x00, mfdev=1\n\tcmdreg=0x0006, statreg=0x0010, cachelnsz=16 (dwords)\n\tlattimer=0x00 (0 ns), mingnt=0x00 (0 ns), maxlat=0x00 (0 ns)\n\tintpin=a, irq=11\n\tpowerspec 3  supports D0 D3  current D0\n\tMSI-X supports 1 message in map 0x10\n\tmap[10]: type Memory, range 64, base 0xc4b10000, size 14, enabled\npcib0: matched entry for 0.22.INTA\npcib0: slot 22 INTA hardwired to IRQ 43\nfound-\u003e\tvendor=0x8086, dev=0x342a, revid=0x13\n\tdomain=0, bus=0, slot=22, func=5\n\tclass=08-80-00, hdrtype=0x00, mfdev=1\n\tcmdreg=0x0006, statreg=0x0010, cachelnsz=16 (dwords)\n\tlattimer=0x00 (0 ns), mingnt=0x00 (0 ns), maxlat=0x00 (0 ns)\n\tintpin=b, irq=10\n\tpowerspec 3  supports D0 D3  current D0\n\tMSI-X supports 1 message in map 0x10\n\tmap[10]: type Memory, range 64, base 0xc4b14000, size 14, enabled\npcib0: matched entry for 0.22.INTB\npcib0: slot 22 INTB hardwired to IRQ 44\nfound-\u003e\tvendor=0x8086, dev=0x342b, revid=0x13\n\tdomain=0, bus=0, slot=22, func=6\n\tclass=08-80-00, hdrtype=0x00, mfdev=1\n\tcmdreg=0x0006, statreg=0x0010, cachelnsz=16 (dwords)\n\tlattimer=0x00 (0 ns), mingnt=0x00 (0 ns), maxlat=0x00 (0 ns)\n\tintpin=c, irq=9\n\tpowerspec 3  supports D0 D3  current D0\n\tMSI-X supports 1 message in map 0x10\n\tmap[10]: type Memory, range 64, base 0xc4b18000, size 14, enabled\npcib0: matched entry for 0.22.INTC\npcib0: slot 22 INTC hardwired to IRQ 45\nfound-\u003e\tvendor=0x8086, dev=0x342c, revid=0x13\n\tdomain=0, bus=0, slot=22, func=7\n\tclass=08-80-00, hdrtype=0x00, mfdev=1\n\tcmdreg=0x0006, statreg=0x0010, cachelnsz=16 (dwords)\n\tlattimer=0x00 (0 ns), mingnt=0x00 (0 ns), maxlat=0x00 (0 ns)\n\tintpin=d, irq=5\n\tpowerspec 3  supports D0 D3  current D0\n\tMSI-X supports 1 message in map 0x10\n\tmap[10]: type Memory, range 64, base 0xc4b1c000, size 14, enabled\npcib0: matched entry for 0.22.INTD\npcib0: slot 22 INTD hardwired to IRQ 46\nfound-\u003e\tvendor=0x8086, dev=0x3a37, revid=0x00\n\tdomain=0, bus=0, slot=26, func=0\n\tclass=0c-03-00, hdrtype=0x00, mfdev=1\n\tcmdreg=0x0005, statreg=0x0290, cachelnsz=0 (dwords)\n\tlattimer=0x00 (0 ns), mingnt=0x00 (0 ns), maxlat=0x00 (0 ns)\n\tintpin=d, irq=5\n\tmap[20]: type I/O Port, range 32, base 0x30e0, size  5, enabled\npcib0: matched entry for 0.26.INTD\npcib0: slot 26 INTD hardwired to IRQ 19\nfound-\u003e\tvendor=0x8086, dev=0x3a38, revid=0x00\n\tdomain=0, bus=0, slot=26, func=1\n\tclass=0c-03-00, hdrtype=0x00, mfdev=0\n\tcmdreg=0x0005, statreg=0x0290, cachelnsz=0 (dwords)\n\tlattimer=0x00 (0 ns), mingnt=0x00 (0 ns), maxlat=0x00 (0 ns)\n\tintpin=d, irq=5\n\tmap[20]: type I/O Port, range 32, base 0x30c0, size  5, enabled\npcib0: matched entry for 0.26.INTD\npcib0: slot 26 INTD hardwired to IRQ 19\nfound-\u003e\tvendor=0x8086, dev=0x3a39, revid=0x00\n\tdomain=0, bus=0, slot=26, func=2\n\tclass=0c-03-00, hdrtype=0x00, mfdev=0\n\tcmdreg=0x0005, statreg=0x0290, cachelnsz=0 (dwords)\n\tlattimer=0x00 (0 ns), mingnt=0x00 (0 ns), maxlat=0x00 (0 ns)\n\tintpin=d, irq=5\n\tmap[20]: type I/O Port, range 32, base 0x30a0, size  5, enabled\npcib0: matched entry for 0.26.INTD\npcib0: slot 26 INTD hardwired to IRQ 19\nfound-\u003e\tvendor=0x8086, dev=0x3a3c, revid=0x00\n\tdomain=0, bus=0, slot=26, func=7\n\tclass=0c-03-20, hdrtype=0x00, mfdev=0\n\tcmdreg=0x0146, statreg=0x0290, cachelnsz=0 (dwords)\n\tlattimer=0x00 (0 ns), mingnt=0x00 (0 ns), maxlat=0x00 (0 ns)\n\tintpin=d, irq=5\n\tpowerspec 2  supports D0 D3  current D0\n\tmap[10]: type Memory, range 32, base 0xc4b26000, size 10, enabled\npcib0: matched entry for 0.26.INTD\npcib0: slot 26 INTD hardwired to IRQ 19\nfound-\u003e\tvendor=0x8086, dev=0x3a3e, revid=0x00\n\tdomain=0, bus=0, slot=27, func=0\n\tclass=04-03-00, hdrtype=0x00, mfdev=0\n\tcmdreg=0x0006, statreg=0x0010, cachelnsz=16 (dwords)\n\tlattimer=0x00 (0 ns), mingnt=0x00 (0 ns), maxlat=0x00 (0 ns)\n\tintpin=a, irq=11\n\tpowerspec 2  supports D0 D3  current D0\n\tMSI supports 1 message, 64 bit\n\tmap[10]: type Memory, range 64, base 0xc4b20000, size 14, enabled\npcib0: matched entry for 0.27.INTA\npcib0: slot 27 INTA hardwired to IRQ 22\nfound-\u003e\tvendor=0x8086, dev=0x3a40, revid=0x00\n\tdomain=0, bus=0, slot=28, func=0\n\tclass=06-04-00, hdrtype=0x01, mfdev=1\n\tcmdreg=0x0147, statreg=0x0010, cachelnsz=16 (dwords)\n\tlattimer=0x00 (0 ns), mingnt=0x03 (750 ns), maxlat=0x00 (0 ns)\n\tintpin=a, irq=11\n\tpowerspec 2  supports D0 D3  current D0\n\tMSI supports 1 message\npcib0: matched entry for 0.28.INTA\npcib0: slot 28 INTA hardwired to IRQ 16\nfound-\u003e\tvendor=0x8086, dev=0x3a48, revid=0x00\n\tdomain=0, bus=0, slot=28, func=4\n\tclass=06-04-00, hdrtype=0x01, mfdev=1\n\tcmdreg=0x0007, statreg=0x0010, cachelnsz=16 (dwords)\n\tlattimer=0x00 (0 ns), mingnt=0x03 (750 ns), maxlat=0x00 (0 ns)\n\tintpin=a, irq=11\n\tpowerspec 2  supports D0 D3  current D0\n\tMSI supports 1 message\npcib0: matched entry for 0.28.INTA\npcib0: slot 28 INTA hardwired to IRQ 16\nfound-\u003e\tvendor=0x8086, dev=0x3a4a, revid=0x00\n\tdomain=0, bus=0, slot=28, func=5\n\tclass=06-04-00, hdrtype=0x01, mfdev=1\n\tcmdreg=0x0147, statreg=0x0010, cachelnsz=16 (dwords)\n\tlattimer=0x00 (0 ns), mingnt=0x03 (750 ns), maxlat=0x00 (0 ns)\n\tintpin=b, irq=10\n\tpowerspec 2  supports D0 D3  current D0\n\tMSI supports 1 message\npcib0: matched entry for 0.28.INTB\npcib0: slot 28 INTB hardwired to IRQ 17\nfound-\u003e\tvendor=0x8086, dev=0x3a34, revid=0x00\n\tdomain=0, bus=0, slot=29, func=0\n\tclass=0c-03-00, hdrtype=0x00, mfdev=1\n\tcmdreg=0x0005, statreg=0x0290, cachelnsz=0 (dwords)\n\tlattimer=0x00 (0 ns), mingnt=0x00 (0 ns), maxlat=0x00 (0 ns)\n\tintpin=d, irq=11\n\tmap[20]: type I/O Port, range 32, base 0x3080, size  5, enabled\npcib0: matched entry for 0.29.INTD\npcib0: slot 29 INTD hardwired to IRQ 16\nfound-\u003e\tvendor=0x8086, dev=0x3a35, revid=0x00\n\tdomain=0, bus=0, slot=29, func=1\n\tclass=0c-03-00, hdrtype=0x00, mfdev=0\n\tcmdreg=0x0005, statreg=0x0290, cachelnsz=0 (dwords)\n\tlattimer=0x00 (0 ns), mingnt=0x00 (0 ns), maxlat=0x00 (0 ns)\n\tintpin=d, irq=11\n\tmap[20]: type I/O Port, range 32, base 0x3060, size  5, enabled\npcib0: matched entry for 0.29.INTD\npcib0: slot 29 INTD hardwired to IRQ 16\nfound-\u003e\tvendor=0x8086, dev=0x3a36, revid=0x00\n\tdomain=0, bus=0, slot=29, func=2\n\tclass=0c-03-00, hdrtype=0x00, mfdev=0\n\tcmdreg=0x0005, statreg=0x0290, cachelnsz=0 (dwords)\n\tlattimer=0x00 (0 ns), mingnt=0x00 (0 ns), maxlat=0x00 (0 ns)\n\tintpin=d, irq=11\n\tmap[20]: type I/O Port, range 32, base 0x3040, size  5, enabled\npcib0: matched entry for 0.29.INTD\npcib0: slot 29 INTD hardwired to IRQ 16\nfound-\u003e\tvendor=0x8086, dev=0x3a3a, revid=0x00\n\tdomain=0, bus=0, slot=29, func=7\n\tclass=0c-03-20, hdrtype=0x00, mfdev=0\n\tcmdreg=0x0146, statreg=0x0290, cachelnsz=0 (dwords)\n\tlattimer=0x00 (0 ns), mingnt=0x00 (0 ns), maxlat=0x00 (0 ns)\n\tintpin=d, irq=11\n\tpowerspec 2  supports D0 D3  current D0\n\tmap[10]: type Memory, range 32, base 0xc4b25000, size 10, enabled\npcib0: matched entry for 0.29.INTD\npcib0: slot 29 INTD hardwired to IRQ 16\nfound-\u003e\tvendor=0x8086, dev=0x244e, revid=0x90\n\tdomain=0, bus=0, slot=30, func=0\n\tclass=06-04-01, hdrtype=0x01, mfdev=0\n\tcmdreg=0x0147, statreg=0x0010, cachelnsz=0 (dwords)\n\tlattimer=0x00 (0 ns), mingnt=0x03 (750 ns), maxlat=0x0a (2500 ns)\nfound-\u003e\tvendor=0x8086, dev=0x3a16, revid=0x00\n\tdomain=0, bus=0, slot=31, func=0\n\tclass=06-01-00, hdrtype=0x00, mfdev=1\n\tcmdreg=0x0147, statreg=0x0210, cachelnsz=0 (dwords)\n\tlattimer=0x00 (0 ns), mingnt=0x00 (0 ns), maxlat=0x00 (0 ns)\nfound-\u003e\tvendor=0x8086, dev=0x3a25, revid=0x00\n\tdomain=0, bus=0, slot=31, func=2\n\tclass=01-04-00, hdrtype=0x00, mfdev=0\n\tcmdreg=0x0007, statreg=0x02b0, cachelnsz=0 (dwords)\n\tlattimer=0x00 (0 ns), mingnt=0x00 (0 ns), maxlat=0x00 (0 ns)\n\tintpin=b, irq=9\n\tpowerspec 3  supports D0 D3  current D0\n\tMSI supports 16 messages\n\tmap[10]: type I/O Port, range 32, base 0x3108, size  3, enabled\n\tmap[14]: type I/O Port, range 32, base 0x3114, size  2, enabled\n\tmap[18]: type I/O Port, range 32, base 0x3100, size  3, enabled\n\tmap[1c]: type I/O Port, range 32, base 0x3110, size  2, enabled\n\tmap[20]: type I/O Port, range 32, base 0x3020, size  5, enabled\n\tmap[24]: type Memory, range 32, base 0xc4b24000, size 11, enabled\npcib0: matched entry for 0.31.INTB\npcib0: slot 31 INTB hardwired to IRQ 18\nfound-\u003e\tvendor=0x8086, dev=0x3a30, revid=0x00\n\tdomain=0, bus=0, slot=31, func=3\n\tclass=0c-05-00, hdrtype=0x00, mfdev=0\n\tcmdreg=0x0003, statreg=0x0280, cachelnsz=0 (dwords)\n\tlattimer=0x00 (0 ns), mingnt=0x00 (0 ns), maxlat=0x00 (0 ns)\n\tintpin=b, irq=9\n\tmap[10]: type Memory, range 64, base 0xc4b27000, size  8, enabled\n\tmap[20]: type I/O Port, range 32, base 0x3000, size  5, enabled\npcib0: matched entry for 0.31.INTB\npcib0: slot 31 INTB hardwired to IRQ 18\npcib1: \u003cACPI PCI-PCI bridge\u003e irq 28 at device 1.0 on pci0\npcib1:   domain            0\npcib1:   secondary bus     1\npcib1:   subordinate bus   1\npcib1:   I/O decode        0x2000-0x2fff\npcib1:   memory decode     0xc4a00000-0xc4afffff\npcib1:   no prefetched decode\npci1: \u003cACPI PCI bus\u003e on pcib1\npci1: domain=0, physical bus=1\nfound-\u003e\tvendor=0x8086, dev=0x10a7, revid=0x02\n\tdomain=0, bus=1, slot=0, func=0\n\tclass=02-00-00, hdrtype=0x00, mfdev=1\n\tcmdreg=0x0007, statreg=0x0010, cachelnsz=16 (dwords)\n\tlattimer=0x00 (0 ns), mingnt=0x00 (0 ns), maxlat=0x00 (0 ns)\n\tintpin=b, irq=10\n\tpowerspec 2  supports D0 D3  current D0\n\tMSI supports 1 message, 64 bit\n\tMSI-X supports 10 messages in map 0x1c\n\tmap[10]: type Memory, range 32, base 0xc4a20000, size 17, enabled\npcib1: requested memory range 0xc4a20000-0xc4a3ffff: good\n\tmap[18]: type I/O Port, range 32, base 0x2020, size  5, enabled\npcib1: requested I/O range 0x2020-0x203f: in range\n\tmap[1c]: type Memory, range 32, base 0xc4a44000, size 14, enabled\npcib1: requested memory range 0xc4a44000-0xc4a47fff: good\npcib1: matched entry for 1.0.INTB\npcib1: slot 0 INTB hardwired to IRQ 40\nfound-\u003e\tvendor=0x8086, dev=0x10a7, revid=0x02\n\tdomain=0, bus=1, slot=0, func=1\n\tclass=02-00-00, hdrtype=0x00, mfdev=1\n\tcmdreg=0x0007, statreg=0x0010, cachelnsz=16 (dwords)\n\tlattimer=0x00 (0 ns), mingnt=0x00 (0 ns), maxlat=0x00 (0 ns)\n\tintpin=a, irq=11\n\tpowerspec 2  supports D0 D3  current D0\n\tMSI supports 1 message, 64 bit\n\tMSI-X supports 10 messages in map 0x1c\n\tmap[10]: type Memory, range 32, base 0xc4a00000, size 17, enabled\npcib1: requested memory range 0xc4a00000-0xc4a1ffff: good\n\tmap[18]: type I/O Port, range 32, base 0x2000, size  5, enabled\npcib1: requested I/O range 0x2000-0x201f: in range\n\tmap[1c]: type Memory, range 32, base 0xc4a40000, size 14, enabled\npcib1: requested memory range 0xc4a40000-0xc4a43fff: good\npcib1: matched entry for 1.0.INTA\npcib1: slot 0 INTA hardwired to IRQ 28\nigb0: \u003cIntel(R) PRO/1000 Network Connection version - 1.7.3\u003e port 0x2020-0x203f mem 0xc4a20000-0xc4a3ffff,0xc4a44000-0xc4a47fff irq 40 at device 0.0 on pci1\nigb0: Reserved 0x20000 bytes for rid 0x10 type 3 at 0xc4a20000\nigb0: Reserved 0x4000 bytes for rid 0x1c type 3 at 0xc4a44000\nigb0: attempting to allocate 3 MSI-X vectors (10 supported)\nmsi: routing MSI-X IRQ 256 to local APIC 0 vector 49\nmsi: routing MSI-X IRQ 257 to local APIC 0 vector 50\nmsi: routing MSI-X IRQ 258 to local APIC 0 vector 51\nigb0: using IRQs 256-258 for MSI-X\nigb0: Using MSIX interrupts with 3 vectors\nigb0: [MPSAFE]\nigb0: [ITHREAD]\nigb0: [MPSAFE]\nigb0: [ITHREAD]\nigb0: [MPSAFE]\nigb0: [ITHREAD]\nigb0: bpf attached\nigb0: Ethernet address: 00:15:17:af:cd:0c\nigb1: \u003cIntel(R) PRO/1000 Network Connection version - 1.7.3\u003e port 0x2000-0x201f mem 0xc4a00000-0xc4a1ffff,0xc4a40000-0xc4a43fff irq 28 at device 0.1 on pci1\nigb1: Reserved 0x20000 bytes for rid 0x10 type 3 at 0xc4a00000\nigb1: Reserved 0x4000 bytes for rid 0x1c type 3 at 0xc4a40000\nigb1: attempting to allocate 3 MSI-X vectors (10 supported)\nmsi: routing MSI-X IRQ 259 to local APIC 0 vector 52\nmsi: routing MSI-X IRQ 260 to local APIC 0 vector 53\nmsi: routing MSI-X IRQ 261 to local APIC 0 vector 54\nigb1: using IRQs 259-261 for MSI-X\nigb1: Using MSIX interrupts with 3 vectors\nigb1: [MPSAFE]\nigb1: [ITHREAD]\nigb1: [MPSAFE]\nigb1: [ITHREAD]\nigb1: [MPSAFE]\nigb1: [ITHREAD]\nigb1: bpf attached\nigb1: Ethernet address: 00:15:17:af:cd:0d\npcib2: \u003cACPI PCI-PCI bridge\u003e irq 24 at device 3.0 on pci0\npcib2:   domain            0\npcib2:   secondary bus     2\npcib2:   subordinate bus   2\npcib2:   I/O decode        0x1000-0x1fff\npcib2:   memory decode     0xc0000000-0xc2ffffff\npcib2:   prefetched decode 0xb0000000-0xbfffffff\npci2: \u003cACPI PCI bus\u003e on pcib2\npci2: domain=0, physical bus=2\nfound-\u003e\tvendor=0x10de, dev=0x0402, revid=0xa1\n\tdomain=0, bus=2, slot=0, func=0\n\tclass=03-00-00, hdrtype=0x00, mfdev=0\n\tcmdreg=0x0007, statreg=0x0010, cachelnsz=16 (dwords)\n\tlattimer=0x00 (0 ns), mingnt=0x00 (0 ns), maxlat=0x00 (0 ns)\n\tintpin=a, irq=11\n\tpowerspec 2  supports D0 D3  current D0\n\tMSI supports 1 message, 64 bit\n\tmap[10]: type Memory, range 32, base 0xc2000000, size 24, enabled\npcib2: requested memory range 0xc2000000-0xc2ffffff: good\n\tmap[14]: type Prefetchable Memory, range 64, base 0xb0000000, size 28, enabled\npcib2: requested memory range 0xb0000000-0xbfffffff: good\n\tmap[1c]: type Memory, range 64, base 0xc0000000, size 25, enabled\npcib2: requested memory range 0xc0000000-0xc1ffffff: good\n\tmap[24]: type I/O Port, range 32, base 0x1000, size  7, enabled\npcib2: requested I/O range 0x1000-0x107f: in range\npcib2: matched entry for 2.0.INTA\npcib2: slot 0 INTA hardwired to IRQ 24\nvgapci0: \u003cVGA-compatible display\u003e port 0x1000-0x107f mem 0xc2000000-0xc2ffffff,0xb0000000-0xbfffffff,0xc0000000-0xc1ffffff irq 24 at device 0.0 on pci2\npcib3: \u003cACPI PCI-PCI bridge\u003e irq 30 at device 7.0 on pci0\npcib3:   domain            0\npcib3:   secondary bus     3\npcib3:   subordinate bus   3\npcib3:   I/O decode        0xf000-0xfff\npcib3:   no prefetched decode\npci3: \u003cACPI PCI bus\u003e on pcib3\npci3: domain=0, physical bus=3\npci0: \u003cbase peripheral, interrupt controller\u003e at device 16.0 (no driver attached)\npci0: \u003cbase peripheral, interrupt controller\u003e at device 16.1 (no driver attached)\npci0: \u003cbase peripheral, interrupt controller\u003e at device 17.0 (no driver attached)\npci0: \u003cbase peripheral, interrupt controller\u003e at device 17.1 (no driver attached)\npci0: \u003cbase peripheral, interrupt controller\u003e at device 20.0 (no driver attached)\npci0: \u003cbase peripheral, interrupt controller\u003e at device 20.1 (no driver attached)\npci0: \u003cbase peripheral, interrupt controller\u003e at device 20.2 (no driver attached)\npci0: \u003cbase peripheral, interrupt controller\u003e at device 20.3 (no driver attached)\npci0: \u003cbase peripheral\u003e at device 22.0 (no driver attached)\npci0: \u003cbase peripheral\u003e at device 22.1 (no driver attached)\npci0: \u003cbase peripheral\u003e at device 22.2 (no driver attached)\npci0: \u003cbase peripheral\u003e at device 22.3 (no driver attached)\npci0: \u003cbase peripheral\u003e at device 22.4 (no driver attached)\npci0: \u003cbase peripheral\u003e at device 22.5 (no driver attached)\npci0: \u003cbase peripheral\u003e at device 22.6 (no driver attached)\npci0: \u003cbase peripheral\u003e at device 22.7 (no driver attached)\nuhci0: \u003cUHCI (generic) USB controller\u003e port 0x30e0-0x30ff irq 19 at device 26.0 on pci0\nuhci0: Reserved 0x20 bytes for rid 0x20 type 4 at 0x30e0\nioapic0: routing intpin 19 (PCI IRQ 19) to lapic 0 vector 55\nuhci0: [MPSAFE]\nuhci0: [ITHREAD]\nuhci0: LegSup = 0x103f\nusbus0: \u003cUHCI (generic) USB controller\u003e on uhci0\nuhci1: \u003cUHCI (generic) USB controller\u003e port 0x30c0-0x30df irq 19 at device 26.1 on pci0\nuhci1: Reserved 0x20 bytes for rid 0x20 type 4 at 0x30c0\nuhci1: [MPSAFE]\nuhci1: [ITHREAD]\nuhci1: LegSup = 0x003f\nusbus1: \u003cUHCI (generic) USB controller\u003e on uhci1\nuhci2: \u003cUHCI (generic) USB controller\u003e port 0x30a0-0x30bf irq 19 at device 26.2 on pci0\nuhci2: Reserved 0x20 bytes for rid 0x20 type 4 at 0x30a0\nuhci2: [MPSAFE]\nuhci2: [ITHREAD]\nuhci2: LegSup = 0x003f\nusbus2: \u003cUHCI (generic) USB controller\u003e on uhci2\nehci0: \u003cEHCI (generic) USB 2.0 controller\u003e mem 0xc4b26000-0xc4b263ff irq 19 at device 26.7 on pci0\nehci0: Reserved 0x400 bytes for rid 0x10 type 3 at 0xc4b26000\nehci0: [MPSAFE]\nehci0: [ITHREAD]\nusbus3: EHCI version 1.0\nusbus3: \u003cEHCI (generic) USB 2.0 controller\u003e on ehci0\npci0: \u003cmultimedia, HDA\u003e at device 27.0 (no driver attached)\npcib4: \u003cACPI PCI-PCI bridge\u003e irq 16 at device 28.0 on pci0\npcib4:   domain            0\npcib4:   secondary bus     4\npcib4:   subordinate bus   4\npcib4:   I/O decode        0xf000-0xfff\npcib4:   no prefetched decode\npci4: \u003cACPI PCI bus\u003e on pcib4\npci4: domain=0, physical bus=4\npcib5: \u003cACPI PCI-PCI bridge\u003e irq 16 at device 28.4 on pci0\npcib5:   domain            0\npcib5:   secondary bus     5\npcib5:   subordinate bus   5\npcib5:   I/O decode        0xf000-0xfff\npcib5:   memory decode     0xc4000000-0xc48fffff\npcib5:   prefetched decode 0xc3000000-0xc3ffffff\npci5: \u003cACPI PCI bus\u003e on pcib5\npci5: domain=0, physical bus=5\npcib6: \u003cACPI PCI-PCI bridge\u003e irq 17 at device 28.5 on pci0\npcib6:   domain            0\npcib6:   secondary bus     6\npcib6:   subordinate bus   6\npcib6:   I/O decode        0xf000-0xfff\npcib6:   no prefetched decode\npci6: \u003cACPI PCI bus\u003e on pcib6\npci6: domain=0, physical bus=6\nuhci3: \u003cUHCI (generic) USB controller\u003e port 0x3080-0x309f irq 16 at device 29.0 on pci0\nuhci3: Reserved 0x20 bytes for rid 0x20 type 4 at 0x3080\nioapic0: routing intpin 16 (PCI IRQ 16) to lapic 0 vector 56\nuhci3: [MPSAFE]\nuhci3: [ITHREAD]\nuhci3: LegSup = 0x003f\nusbus4: \u003cUHCI (generic) USB controller\u003e on uhci3\nuhci4: \u003cUHCI (generic) USB controller\u003e port 0x3060-0x307f irq 16 at device 29.1 on pci0\nuhci4: Reserved 0x20 bytes for rid 0x20 type 4 at 0x3060\nuhci4: [MPSAFE]\nuhci4: [ITHREAD]\nuhci4: LegSup = 0x003f\nusbus5: \u003cUHCI (generic) USB controller\u003e on uhci4\nuhci5: \u003cUHCI (generic) USB controller\u003e port 0x3040-0x305f irq 16 at device 29.2 on pci0\nuhci5: Reserved 0x20 bytes for rid 0x20 type 4 at 0x3040\nuhci5: [MPSAFE]\nuhci5: [ITHREAD]\nuhci5: LegSup = 0x003f\nusbus6: \u003cUHCI (generic) USB controller\u003e on uhci5\nehci1: \u003cEHCI (generic) USB 2.0 controller\u003e mem 0xc4b25000-0xc4b253ff irq 16 at device 29.7 on pci0\nehci1: Reserved 0x400 bytes for rid 0x10 type 3 at 0xc4b25000\nehci1: [MPSAFE]\nehci1: [ITHREAD]\nusbus7: EHCI version 1.0\nusbus7: \u003cEHCI (generic) USB 2.0 controller\u003e on ehci1\npcib7: \u003cACPI PCI-PCI bridge\u003e at device 30.0 on pci0\npcib7:   domain            0\npcib7:   secondary bus     7\npcib7:   subordinate bus   7\npcib7:   I/O decode        0xf000-0xfff\npcib7:   memory decode     0xc4900000-0xc49fffff\npcib7:   no prefetched decode\npcib7:   Subtractively decoded bridge.\npci7: \u003cACPI PCI bus\u003e on pcib7\npci7: domain=0, physical bus=7\nfound-\u003e\tvendor=0x104c, dev=0x8023, revid=0x00\n\tdomain=0, bus=7, slot=1, func=0\n\tclass=0c-00-10, hdrtype=0x00, mfdev=0\n\tcmdreg=0x0016, statreg=0x0210, cachelnsz=16 (dwords)\n\tlattimer=0x20 (960 ns), mingnt=0x02 (500 ns), maxlat=0x04 (1000 ns)\n\tintpin=a, irq=10\n\tpowerspec 2  supports D0 D1 D2 D3  current D0\n\tmap[10]: type Memory, range 32, base 0xc4904000, size 11, enabled\npcib7: requested memory range 0xc4904000-0xc49047ff: good\n\tmap[14]: type Memory, range 32, base 0xc4900000, size 14, enabled\npcib7: requested memory range 0xc4900000-0xc4903fff: good\npcib7: matched entry for 7.1.INTA\npcib7: slot 1 INTA hardwired to IRQ 17\nfwohci0: \u003cTexas Instruments TSB43AB22/A\u003e mem 0xc4904000-0xc49047ff,0xc4900000-0xc4903fff irq 17 at device 1.0 on pci7\nfwohci0: Reserved 0x800 bytes for rid 0x10 type 3 at 0xc4904000\nioapic0: routing intpin 17 (PCI IRQ 17) to lapic 0 vector 57\nfwohci0: [MPSAFE]\nfwohci0: [ITHREAD]\nfwohci0: OHCI version 1.10 (ROM=0)\nfwohci0: No. of Isochronous channels is 4.\nfwohci0: EUI64 00:90:27:00:02:58:ce:0c\nfwohci0: Phy 1394a available S400, 2 ports.\nfwohci0: Link S400, max_rec 2048 bytes.\nfirewire0: \u003cIEEE1394(FireWire) bus\u003e on fwohci0\ndcons_crom0: \u003cdcons configuration ROM\u003e on firewire0\ndcons_crom0: bus_addr 0x173c000\nfwe0: \u003cEthernet over FireWire\u003e on firewire0\nif_fwe0: Fake Ethernet address: 02:90:27:58:ce:0c\nfwe0: bpf attached\nfwe0: Ethernet address: 02:90:27:58:ce:0c\nfwip0: \u003cIP over FireWire\u003e on firewire0\nfwip0: bpf attached\nfwip0: Firewire address: 00:90:27:00:02:58:ce:0c @ 0xfffe00000000, S400, maxrec 2048\nsbp0: \u003cSBP-2/SCSI over FireWire\u003e on firewire0\nfwohci0: Initiate bus reset\nfwohci0: fwohci_intr_core: BUS reset\nfwohci0: fwohci_intr_core: node_id=0x00000000, SelfID Count=1, CYCLEMASTER mode\nisab0: \u003cPCI-ISA bridge\u003e at device 31.0 on pci0\nisa0: \u003cISA bus\u003e on isab0\natapci0: \u003cIntel ICH10 SATA300 controller\u003e port 0x3108-0x310f,0x3114-0x3117,0x3100-0x3107,0x3110-0x3113,0x3020-0x303f mem 0xc4b24000-0xc4b247ff irq 18 at device 31.2 on pci0\natapci0: Reserved 0x20 bytes for rid 0x20 type 4 at 0x3020\nioapic0: routing intpin 18 (PCI IRQ 18) to lapic 0 vector 58\natapci0: [MPSAFE]\natapci0: [ITHREAD]\natapci0: Reserved 0x800 bytes for rid 0x24 type 3 at 0xc4b24000\natapci0: AHCI called from vendor specific driver\natapci0: AHCI v1.20 controller with 6 3Gbps ports, PM not supported\natapci0: Caps: 64bit NCQ SNTF ALP AL CLO 3Gbps PMD SSC PSC 32cmd CCC EM 6ports\nata2: \u003cATA channel 0\u003e on atapci0\nata2: AHCI reset...\nata2: hardware reset ...\nata2: SATA connect time=10ms status=00000113\nata2: ready wait time=33ms\nata2: software reset port 0...\nata2: ready wait time=0ms\nata2: SIGNATURE: 00000101\nata2: AHCI reset done: devices=00000001\nata2: [MPSAFE]\nata2: [ITHREAD]\nata3: \u003cATA channel 1\u003e on atapci0\nata3: AHCI reset...\nata3: hardware reset ...\nata3: SATA connect time=10ms status=00000113\nata3: ready wait time=34ms\nata3: software reset port 0...\nata3: ready wait time=0ms\nata3: SIGNATURE: 00000101\nata3: AHCI reset done: devices=00000001\nata3: [MPSAFE]\nata3: [ITHREAD]\nata4: \u003cATA channel 2\u003e on atapci0\nata4: AHCI reset...\nata4: hardware reset ...\nata4: SATA connect time=10ms status=00000113\nata4: ready wait time=34ms\nata4: software reset port 0...\nata4: ready wait time=0ms\nata4: SIGNATURE: 00000101\nata4: AHCI reset done: devices=00000001\nata4: [MPSAFE]\nata4: [ITHREAD]\nata5: \u003cATA channel 3\u003e on atapci0\nata5: AHCI reset...\nata5: hardware reset ...\nata5: SATA connect time=10ms status=00000113\nata5: ready wait time=34ms\nata5: software reset port 0...\nata5: ready wait time=0ms\nata5: SIGNATURE: 00000101\nata5: AHCI reset done: devices=00000001\nata5: [MPSAFE]\nata5: [ITHREAD]\nata6: \u003cATA channel 4\u003e on atapci0\nata6: AHCI reset...\nata6: hardware reset ...\nata6: SATA connect timeout status=00000004\nata6: AHCI reset done: phy reset found no device\nata6: [MPSAFE]\nata6: [ITHREAD]\nata7: \u003cATA channel 5\u003e on atapci0\nata7: AHCI reset...\nata7: hardware reset ...\nata7: SATA connect time=10ms status=00000113\nata7: ready wait time=89ms\nata7: software reset port 0...\nata7: ready wait time=0ms\nata7: SIGNATURE: eb140101\nata7: AHCI reset done: devices=00010000\nata7: [MPSAFE]\nata7: [ITHREAD]\npci0: \u003cserial bus, SMBus\u003e at device 31.3 (no driver attached)\nacpi_button0: \u003cSleep Button\u003e on acpi0\natrtc0: \u003cAT realtime clock\u003e port 0x70-0x71,0x74-0x77 irq 8 on acpi0\natrtc0: registered as a time-of-day clock (resolution 1000000us)\nuart0: \u003c16550 or compatible\u003e port 0x3f8-0x3ff irq 4 flags 0x10 on acpi0\nioapic0: routing intpin 4 (ISA IRQ 4) to lapic 0 vector 59\nuart0: [FILTER]\nuart0: fast interrupt\nuart1: \u003c16550 or compatible\u003e port 0x2f8-0x2ff irq 3 on acpi0\nioapic0: routing intpin 3 (ISA IRQ 3) to lapic 0 vector 60\nuart1: [FILTER]\nuart1: fast interrupt\ncpu0: \u003cACPI CPU\u003e on acpi0\nest0: \u003cEnhanced SpeedStep Frequency Control\u003e on cpu0\nest0: Invalid id16 (set, cur) = (17, 18)\nest0: Invalid freq 2261, ignored.\nest0: Invalid id16 (set, cur) = (16, 18)\nest0: Invalid freq 2128, ignored.\nest0: Invalid id16 (set, cur) = (15, 18)\nest0: Invalid freq 1995, ignored.\nest0: Invalid id16 (set, cur) = (14, 18)\nest0: Invalid freq 1862, ignored.\nest0: Invalid id16 (set, cur) = (13, 18)\nest0: Invalid freq 1729, ignored.\nest0: Invalid id16 (set, cur) = (12, 18)\nest0: Invalid freq 1596, ignored.\np4tcc0: \u003cCPU Frequency Thermal Control\u003e on cpu0\ncpu1: \u003cACPI CPU\u003e on acpi0\ndevice_attach: acpi_perf1 attach returned 6\ndevice_attach: acpi_perf1 attach returned 6\nest1: \u003cEnhanced SpeedStep Frequency Control\u003e on cpu1\nest: CPU supports Enhanced Speedstep, but is not recognized.\nest: cpu_vendor GenuineIntel, msr 12\ndevice_attach: est1 attach returned 6\np4tcc1: \u003cCPU Frequency Thermal Control\u003e on cpu1\ncpu2: \u003cACPI CPU\u003e on acpi0\nest2: \u003cEnhanced SpeedStep Frequency Control\u003e on cpu2\nest2: Invalid id16 (set, cur) = (17, 18)\nest2: Invalid freq 2261, ignored.\nest2: Invalid id16 (set, cur) = (16, 18)\nest2: Invalid freq 2128, ignored.\nest2: Invalid id16 (set, cur) = (15, 18)\nest2: Invalid freq 1995, ignored.\nest2: Invalid id16 (set, cur) = (14, 18)\nest2: Invalid freq 1862, ignored.\nest2: Invalid id16 (set, cur) = (13, 18)\nest2: Invalid freq 1729, ignored.\nest2: Invalid id16 (set, cur) = (12, 18)\nest2: Invalid freq 1596, ignored.\np4tcc2: \u003cCPU Frequency Thermal Control\u003e on cpu2\ncpu3: \u003cACPI CPU\u003e on acpi0\ndevice_attach: acpi_perf3 attach returned 6\ndevice_attach: acpi_perf3 attach returned 6\nest3: \u003cEnhanced SpeedStep Frequency Control\u003e on cpu3\nest: CPU supports Enhanced Speedstep, but is not recognized.\nest: cpu_vendor GenuineIntel, msr 12\ndevice_attach: est3 attach returned 6\np4tcc3: \u003cCPU Frequency Thermal Control\u003e on cpu3\ncpu4: \u003cACPI CPU\u003e on acpi0\nest4: \u003cEnhanced SpeedStep Frequency Control\u003e on cpu4\nest4: Invalid id16 (set, cur) = (17, 18)\nest4: Invalid freq 2261, ignored.\nest4: Invalid id16 (set, cur) = (16, 18)\nest4: Invalid freq 2128, ignored.\nest4: Invalid id16 (set, cur) = (15, 18)\nest4: Invalid freq 1995, ignored.\nest4: Invalid id16 (set, cur) = (14, 18)\nest4: Invalid freq 1862, ignored.\nest4: Invalid id16 (set, cur) = (13, 18)\nest4: Invalid freq 1729, ignored.\nest4: Invalid id16 (set, cur) = (12, 18)\nest4: Invalid freq 1596, ignored.\np4tcc4: \u003cCPU Frequency Thermal Control\u003e on cpu4\ncpu5: \u003cACPI CPU\u003e on acpi0\ndevice_attach: acpi_perf5 attach returned 6\ndevice_attach: acpi_perf5 attach returned 6\nest5: \u003cEnhanced SpeedStep Frequency Control\u003e on cpu5\nest: CPU supports Enhanced Speedstep, but is not recognized.\nest: cpu_vendor GenuineIntel, msr 12\ndevice_attach: est5 attach returned 6\np4tcc5: \u003cCPU Frequency Thermal Control\u003e on cpu5\ncpu6: \u003cACPI CPU\u003e on acpi0\nest6: \u003cEnhanced SpeedStep Frequency Control\u003e on cpu6\nest6: Invalid id16 (set, cur) = (17, 18)\nest6: Invalid freq 2261, ignored.\nest6: Invalid id16 (set, cur) = (16, 18)\nest6: Invalid freq 2128, ignored.\nest6: Invalid id16 (set, cur) = (15, 18)\nest6: Invalid freq 1995, ignored.\nest6: Invalid id16 (set, cur) = (14, 18)\nest6: Invalid freq 1862, ignored.\nest6: Invalid id16 (set, cur) = (13, 18)\nest6: Invalid freq 1729, ignored.\nest6: Invalid id16 (set, cur) = (12, 18)\nest6: Invalid freq 1596, ignored.\np4tcc6: \u003cCPU Frequency Thermal Control\u003e on cpu6\ncpu7: \u003cACPI CPU\u003e on acpi0\ndevice_attach: acpi_perf7 attach returned 6\ndevice_attach: acpi_perf7 attach returned 6\nest7: \u003cEnhanced SpeedStep Frequency Control\u003e on cpu7\nest: CPU supports Enhanced Speedstep, but is not recognized.\nest: cpu_vendor GenuineIntel, msr 12\ndevice_attach: est7 attach returned 6\np4tcc7: \u003cCPU Frequency Thermal Control\u003e on cpu7\nahc_isa_probe 0: ioport 0xc00 alloc failed\nex_isa_identify()\nisa_probe_children: disabling PnP devices\natrtc: atrtc0 already exists; skipping it\nsc: sc0 already exists; skipping it\nuart: uart0 already exists; skipping it\nuart: uart1 already exists; skipping it\nisa_probe_children: probing non-PnP devices\norm0: \u003cISA Option ROMs\u003e at iomem 0xcd000-0xcdfff,0xce000-0xcefff,0xcf000-0xd4fff on isa0\natkbd: the current kbd controller command byte 0065\natkbd: unable to set the command byte.\nsc0: \u003cSystem console\u003e at flags 0x100 on isa0\nsc0: VGA \u003c16 virtual consoles, flags=0x300\u003e\nsc0: fb0, kbd1, terminal emulator: scteken (teken terminal)\nvga0: \u003cGeneric ISA VGA\u003e at port 0x3c0-0x3df iomem 0xa0000-0xbffff on isa0\natkbdc0: \u003cKeyboard controller (i8042)\u003e at port 0x60,0x64 on isa0\natkbd0: \u003cAT Keyboard\u003e irq 1 on atkbdc0\nkbd0 at atkbd0\nkbd0: atkbd0, generic (0), config:0x0, flags:0x3d0000\nioapic0: routing intpin 1 (ISA IRQ 1) to lapic 0 vector 61\natkbd0: [GIANT-LOCKED]\natkbd0: [ITHREAD]\npsm0: current command byte:0065\npsm0: unable to set the command byte.\nfdc0 failed to probe at port 0x3f0-0x3f5,0x3f7 irq 6 drq 2 on isa0\nppc0: cannot reserve I/O port range\nppc0: \u003cParallel port\u003e failed to probe at irq 7 on isa0\nisa_probe_children: probing PnP devices\nDevice configuration finished.\nReducing kern.maxvnodes 379618 -\u003e 100000\nprocfs registered\nlapic: Divisor 2, Frequency 66666227 hz\nTimecounter \"TSC\" frequency 2399984204 Hz quality -100\nTimecounters tick every 1.000 msec\nlo0: bpf attached\nhptrr: no controller detected.\nata2: Identifying devices: 00000001\nata2: New devices: 00000001firewire0: 1 nodes, maxhop \u003c= 0 cable IRM irm(0)  (me) \nfirewire0: bus manager 0 \n\nusbus0: 12Mbps Full Speed USB v1.0\nusbus1: 12Mbps Full Speed USB v1.0\nusbus2: 12Mbps Full Speed USB v1.0\nusbus3: 480Mbps High Speed USB v2.0\nusbus4: 12Mbps Full Speed USB v1.0\nusbus5: 12Mbps Full Speed USB v1.0\nusbus6: 12Mbps Full Speed USB v1.0\nusbus7: 480Mbps High Speed USB v2.0\nata2-master: pio=PIO4 wdma=WDMA2 udma=UDMA133 cable=40 wire\nugen0.1: \u003cIntel\u003e at usbus0\nuhub0: \u003cIntel UHCI root HUB, class 9/0, rev 1.00/1.00, addr 1\u003e on usbus0\nugen1.1: \u003cIntel\u003e at usbus1\nuhub1: \u003cIntel UHCI root HUB, class 9/0, rev 1.00/1.00, addr 1\u003e on usbus1\nugen2.1: \u003cIntel\u003e at usbus2\nuhub2: \u003cIntel UHCI root HUB, class 9/0, rev 1.00/1.00, addr 1\u003e on usbus2\nugen3.1: \u003cIntel\u003e at usbus3\nuhub3: \u003cIntel EHCI root HUB, class 9/0, rev 2.00/1.00, addr 1\u003e on usbus3\nugen4.1: \u003cIntel\u003e at usbus4\nuhub4: \u003cIntel UHCI root HUB, class 9/0, rev 1.00/1.00, addr 1\u003e on usbus4\nugen5.1: \u003cIntel\u003e at usbus5\nuhub5: \u003cIntel UHCI root HUB, class 9/0, rev 1.00/1.00, addr 1\u003e on usbus5\nugen6.1: \u003cIntel\u003e at usbus6\nuhub6: \u003cIntel UHCI root HUB, class 9/0, rev 1.00/1.00, addr 1\u003e on usbus6\nugen7.1: \u003cIntel\u003e at usbus7\nuhub7: \u003cIntel EHCI root HUB, class 9/0, rev 2.00/1.00, addr 1\u003e on usbus7\nad4: 953869MB \u003cSeagate ST31000340NS SN06\u003e at ata2-master SATA150\nad4: 1953525168 sectors [1938021C/16H/63S] 16 sectors/interrupt 1 depth queue\nGEOM: new disk ad4\nad4: Intel check1 failed\nuhub0: 2 ports with 2 removable, self powered\nuhub1: 2 ports with 2 removable, self powered\nuhub2: 2 ports with 2 removable, self powered\nuhub4: 2 ports with 2 removable, self powered\nuhub5: 2 ports with 2 removable, self powered\nuhub6: 2 ports with 2 removable, self powered\nad4: Adaptec check1 failed\nad4: LSI (v3) check1 failed\nad4: LSI (v2) check1 failed\nad4: DDF pri_lba= 1953484224 length= 25 blocks\n********* ATA DDF Metadata *********\n**** Header ****\nDDF_rev= 01.00.00 Sequence_Number= 0x20 Open_Flag= 0x0\nPrimary Header LBA= 1953484224 Header_Type = 0x1\nMax_PD_Entries= 15 Max_VD_Entries= 15 Max_Partitions= 8 CR_Length= 2\nCD= 1:1 PDR= 2:2 VDR= 4:2 CR= 6:18 PDD= 241\n**** Controler Data ****\nProduct_ID: \\M^?\\M^?\\M^?\\M^?\\M^?\\M^?\\M^?\\M^?\\M^?\\M^?\\M^?\\M^?\\M^?\\M^?\\M^?\\M^?\nVendor 0x8086, Device 0x2925, SubVendor 0x0, Sub_Device 0x0\nata3: Identifying devices: 00000001\nata3: New devices: 00000001\nata3-master: pio=PIO4 wdma=WDMA2 udma=UDMA133 cable=40 wire\nad6: 953869MB \u003cSeagate ST31000340NS SN06\u003e at ata3-master SATA150\nad6: 1953525168 sectors [1938021C/16H/63S] 16 sectors/interrupt 1 depth queue\nad6: Intel check1 failed\nad6: Adaptec check1 failed\nad6: LSI (v3) check1 failed\nad6: LSI (v2) check1 failed\nad6: DDF pri_lba= 1953484224 length= 25 blocks\n********* ATA DDF Metadata *********\n**** Header ****\nDDF_rev= 01.00.00 Sequence_Number= 0x20 Open_Flag= 0x0\nPrimary Header LBA= 1953484224 Header_Type = 0x1\nMax_PD_Entries= 15 Max_VD_Entries= 15 Max_Partitions= 8 CR_Length= 2\nCD= 1:1 PDR= 2:2 VDR= 4:2 CR= 6:18 PDD= 241\n**** Controler Data ****\nProduct_ID: \\M^?\\M^?\\M^?\\M^?\\M^?\\M^?\\M^?\\M^?\\M^?\\M^?\\M^?\\M^?\\M^?\\M^?\\M^?\\M^?\nVendor 0x8086, Device 0x2925, SubVendor 0x0, Sub_Device 0x0\nata4: Identifying devices: 00000001\nata4: New devices: 00000001\nata4-master: pio=PIO4 wdma=WDMA2 udma=UDMA133 cable=40 wire\nGEOM: ad4s1: geometry does not match label (255h,63s != 16h,63s).\nGEOM: new disk ad6\nad8: 953869MB \u003cSeagate ST31000340NS SN06\u003e at ata4-master SATA150\nad8: 1953525168 sectors [1938021C/16H/63S] 16 sectors/interrupt 1 depth queue\nad8: Intel check1 failed\nad8: Adaptec check1 failed\nad8: LSI (v3) check1 failed\nad8: LSI (v2) check1 failed\nad8: DDF pri_lba= 1953484224 length= 25 blocks\n********* ATA DDF Metadata *********\n**** Header ****\nDDF_rev= 01.00.00 Sequence_Number= 0x20 Open_Flag= 0x0\nPrimary Header LBA= 1953484224 Header_Type = 0x1\nMax_PD_Entries= 15 Max_VD_Entries= 15 Max_Partitions= 8 CR_Length= 2\nCD= 1:1 PDR= 2:2 VDR= 4:2 CR= 6:18 PDD= 241\n**** Controler Data ****\nProduct_ID: \\M^?\\M^?\\M^?\\M^?\\M^?\\M^?\\M^?\\M^?\\M^?\\M^?\\M^?\\M^?\\M^?\\M^?\\M^?\\M^?\nVendor 0x8086, Device 0x2925, SubVendor 0x0, Sub_Device 0x0\nata5: Identifying devices: 00000001\nata5: New devices: 00000001\nata5-master: pio=PIO4 wdma=WDMA2 udma=UDMA133 cable=40 wire\nad10: 953869MB \u003cSeagate ST31000340NS SN06\u003e at ata5-master SATA150\nad10: 1953525168 sectors [1938021C/16H/63S] 16 sectors/interrupt 1 depth queue\nad10: Intel check1 failed\nad10: Adaptec check1 failed\nad10: LSI (v3) check1 failed\nad10: LSI (v2) check1 failed\nad10: DDF pri_lba= 1953484224 length= 25 blocks\n********* ATA DDF Metadata *********\n**** Header ****\nDDF_rev= 01.00.00 Sequence_Number= 0x20 Open_Flag= 0x0\nPrimary Header LBA= 1953484224 Header_Type = 0x1\nMax_PD_Entries= 15 Max_VD_Entries= 15 Max_Partitions= 8 CR_Length= 2\nCD= 1:1 PDR= 2:2 VDR= 4:2 CR= 6:18 PDD= 241\n**** Controler Data ****\nProduct_ID: \\M^?\\M^?\\M^?\\M^?\\M^?\\M^?\\M^?\\M^?\\M^?\\M^?\\M^?\\M^?\\M^?\\M^?\\M^?\\M^?\nVendor 0x8086, Device 0x2925, SubVendor 0x0, Sub_Device 0x0\nata6: Identifying devices: 00000000\nata6: New devices: 00000000\nata7: Identifying devices: 00010000\nata7: New devices: 00010000\nata7-master: pio=PIO4 wdma=WDMA2 udma=UDMA100 cable=40 wire\nata7: device_reset timeout=110us\nacd0: \u003cOptiarc DVD RW AD-5240S/1.01\u003e DVDR drive at ata7 as master\nacd0: read 8268KB/s (8268KB/s) write 8268KB/s (8268KB/s), 2048KB buffer, SATA150\nacd0: Reads: CDR, CDRW, CDDA stream, DVDROM, DVDR, packet\nacd0: Writes: CDR, CDRW, DVDR, test write, burnproof\nacd0: Audio: play\nacd0: Mechanism: ejectable tray, unlocked\nacd0: Medium: no/blank disc\nuhub3: 6 ports with 6 removable, self powered\nuhub7: 6 ports with 6 removable, self powered\nugen4.2: \u003cBTC\u003e at usbus4\nukbd0: \u003cBTC USB Multimedia Keyboard, class 0/0, rev 1.10/1.00, addr 2\u003e on usbus4\nkbd2 at ukbd0\nkbd2: ukbd0, generic (0), config:0x0, flags:0x3d0000\nuhid0: \u003cBTC USB Multimedia Keyboard, class 0/0, rev 1.10/1.00, addr 2\u003e on usbus4\n(probe0:sbp0:0:0:0): error 22\n(probe0:sbp0:0:0:0): Unretryable Error\n(probe1:sbp0:0:1:0): error 22\n(probe1:sbp0:0:1:0): Unretryable Error\n(probe2:sbp0:0:2:0): error 22\n(probe2:sbp0:0:2:0): Unretryable Error\n(probe3:sbp0:0:3:0): error 22\n(probe3:sbp0:0:3:0): Unretryable Error\n(probe4:sbp0:0:4:0): error 22\n(probe4:sbp0:0:4:0): Unretryable Error\n(probe5:sbp0:0:5:0): error 22\n(probe5:sbp0:0:5:0): Unretryable Error\n(probe6:sbp0:0:6:0): error 22\n(probe6:sbp0:0:6:0): Unretryable Error\nATA PseudoRAID loaded\n********** ATA PseudoRAID ar0 Metadata **********\n=================================================\nformat              DDF\ntype                RAID0\nflags               0x00 0\nmagic_0             0x00000000e14cdcb7\nmagic_1             0x0000000000000000\ngeneration          30\ntotal_sectors       1951170560\noffset_sectors      0\nheads               255\nsectors             63\ncylinders           121454\nwidth               1\ninterleave          128\ntotal_disks         1\n    disk 0:      flags = 0x0b b\u003cONLINE,ASSIGNED,PRESENT\u003e\n        ad4:  sectors 1951170560\n=================================================\nar0: writing of DDF metadata is NOT supported yet\nar0: 952720MB \u003cDDF RAID0 (stripe 64 KB)\u003e status: READY\nar0: 1951170560 sectors [121454C/255H/63S] \u003c\u003e subdisks defined as:\nar0: disk0 READY using ad4 at ata2-master\n********** ATA PseudoRAID ar1 Metadata **********\n=================================================\nformat              DDF\ntype                RAID0\nflags               0x00 0\nmagic_0             0x00000000e0581724\nmagic_1             0x0000000000000001\ngeneration          30\ntotal_sectors       5853511680\noffset_sectors      0\nheads               255\nsectors             63\ncylinders           364364\nwidth               3\ninterleave          128\ntotal_disks         3\n    disk 0:      flags = 0x0b b\u003cONLINE,ASSIGNED,PRESENT\u003e\n        ad6:  sectors 1951170560\n    disk 1:      flags = 0x0b b\u003cONLINE,ASSIGNED,PRESENT\u003e\n        ad8:  sectors 1951170560\n    disk 2:      flags = 0x0b b\u003cONLINE,ASSIGNED,PRESENT\u003e\n        ad10:  sectors 1951170560\n=================================================\nar1: writing of DDF metadata is NOT supported yet\nar1: 2858160MB \u003cDDF RAID0 (stripe 64 KB)\u003e status: READY\nar1: 5853511680 sectors [364364C/255H/63S] \u003c\u003e subdisks defined as:\nar1: disk0 READY using ad6 at ata3-master\nar1: disk1 READY using ad8 at ata4-master\nar1: disk2 READY using ad10 at ata5-master\nlapic1: Forcing LINT1 to edge trigger\nSMP: AP CPU #1 Launched!\ncpu1 AP:\n     ID: 0x01000000   VER: 0x00060015 LDR: 0x00000000 DFR: 0xffffffff\n  lint0: 0x00010700 lint1: 0x00008400 TPR: 0x00000000 SVR: 0x000001ff\n  timer: 0x000200ef therm: 0x00010000 err: 0x00010000 pcm: 0x00010400\nlapic5: Forcing LINT1 to edge trigger\nSMP: AP CPU #5 Launched!\ncpu5 AP:\n     ID: 0x05000000   VER: 0x00060015 LDR: 0x00000000 DFR: 0xffffffff\n  lint0: 0x00010700 lint1: 0x00008400 TPR: 0x00000000 SVR: 0x000001ff\n  timer: 0x000200ef therm: 0x00010000 err: 0x00010000 pcm: 0x00010400\nlapic6: Forcing LINT1 to edge trigger\nSMP: AP CPU #6 Launched!\ncpu6 AP:\n     ID: 0x06000000   VER: 0x00060015 LDR: 0x00000000 DFR: 0xffffffff\n  lint0: 0x00010700 lint1: 0x00008400 TPR: 0x00000000 SVR: 0x"
}