{
 "id": 849413,
 "bug_id": 204614,
 "attachment_id": 0,
 "creation_time": "2015-11-16T23:39:29Z",
 "creator": "pete@nomadlogic.org",
 "text": "full dmsesg:\nCopyright (c) 1992-2015 The FreeBSD Project.\nCopyright (c) 1979, 1980, 1983, 1986, 1988, 1989, 1991, 1992, 1993, 1994\n\tThe Regents of the University of California. All rights reserved.\nFreeBSD is a registered trademark of The FreeBSD Foundation.\nFreeBSD 11.0-CURRENT #2 r290942: Mon Nov 16 12:01:20 PST 2015\n    root@srd0013:/usr/obj/usr/src/sys/GENERIC amd64\nFreeBSD clang version 3.7.0 (tags/RELEASE_370/final 246257) 20150906\nWARNING: WITNESS option enabled, expect reduced performance.\nVT(efifb): resolution 1024x768\nCPU: Intel(R) Xeon(R) CPU E5-2603 v3 @ 1.60GHz (1596.34-MHz K8-class CPU)\n  Origin=\"GenuineIntel\"  Id=0x306f2  Family=0x6  Model=0x3f  Stepping=2\n  Features=0xbfebfbff\u003cFPU,VME,DE,PSE,TSC,MSR,PAE,MCE,CX8,APIC,SEP,MTRR,PGE,MCA,CMOV,PAT,PSE36,CLFLUSH,DTS,ACPI,MMX,FXSR,SSE,SSE2,SS,HTT,TM,PBE\u003e\n  Features2=0x7ffefbff\u003cSSE3,PCLMULQDQ,DTES64,MON,DS_CPL,VMX,SMX,EST,TM2,SSSE3,SDBG,FMA,CX16,xTPR,PDCM,PCID,DCA,SSE4.1,SSE4.2,x2APIC,MOVBE,POPCNT,TSCDLT,AESNI,XSAVE,OSXSAVE,AVX,F16C,RDRAND\u003e\n  AMD Features=0x2c100800\u003cSYSCALL,NX,Page1GB,RDTSCP,LM\u003e\n  AMD Features2=0x21\u003cLAHF,ABM\u003e\n  Structured Extended Features=0x37ab\u003cFSGSBASE,TSCADJ,BMI1,AVX2,SMEP,BMI2,ERMS,INVPCID,PQM,NFPUSG\u003e\n  XSAVE Features=0x1\u003cXSAVEOPT\u003e\n  VT-x: PAT,HLT,MTF,PAUSE,EPT,UG,VPID,VID,PostIntr\n  TSC: P-state invariant, performance statistics\nreal memory  = 17179869184 (16384 MB)\navail memory = 16436211712 (15674 MB)\nEvent timer \"LAPIC\" quality 600\nACPI APIC Table: \u003cALASKA A M I \u003e\nFreeBSD/SMP: Multiprocessor System Detected: 12 CPUs\nFreeBSD/SMP: 2 package(s) x 6 core(s)\n cpu0 (BSP): APIC ID:  0\n cpu1 (AP): APIC ID:  2\n cpu2 (AP): APIC ID:  4\n cpu3 (AP): APIC ID:  6\n cpu4 (AP): APIC ID:  8\n cpu5 (AP): APIC ID: 10\n cpu6 (AP): APIC ID: 16\n cpu7 (AP): APIC ID: 18\n cpu8 (AP): APIC ID: 20\n cpu9 (AP): APIC ID: 22\n cpu10 (AP): APIC ID: 24\n cpu11 (AP): APIC ID: 26\nrandom: unblocking device.\nioapic0 \u003cVersion 2.0\u003e irqs 0-23 on motherboard\nioapic1 \u003cVersion 2.0\u003e irqs 24-47 on motherboard\nioapic2 \u003cVersion 2.0\u003e irqs 48-71 on motherboard\nrandom: entropy device external interface\nkbd0 at kbdmux0\nnetmap: loaded module\nmodule_register_init: MOD_LOAD (vesa, 0xffffffff80edc540, 0) error 19\nrandom: registering fast source Intel Secure Key RNG\nrandom: fast provider: \"Intel Secure Key RNG\"\ncryptosoft0: \u003csoftware crypto\u003e on motherboard\nacpi0: \u003cALASKA A M I \u003e on motherboard\nacpi0: Power Button (fixed)\ncpu0: \u003cACPI CPU\u003e on acpi0\ncpu1: \u003cACPI CPU\u003e on acpi0\ncpu2: \u003cACPI CPU\u003e on acpi0\ncpu3: \u003cACPI CPU\u003e on acpi0\ncpu4: \u003cACPI CPU\u003e on acpi0\ncpu5: \u003cACPI CPU\u003e on acpi0\ncpu6: \u003cACPI CPU\u003e on acpi0\ncpu7: \u003cACPI CPU\u003e on acpi0\ncpu8: \u003cACPI CPU\u003e on acpi0\ncpu9: \u003cACPI CPU\u003e on acpi0\ncpu10: \u003cACPI CPU\u003e on acpi0\ncpu11: \u003cACPI CPU\u003e on acpi0\natrtc0: \u003cAT realtime clock\u003e port 0x70-0x71,0x74-0x77 irq 8 on acpi0\nEvent timer \"RTC\" frequency 32768 Hz quality 0\nattimer0: \u003cAT timer\u003e port 0x40-0x43,0x50-0x53 irq 0 on acpi0\nTimecounter \"i8254\" frequency 1193182 Hz quality 0\nEvent timer \"i8254\" frequency 1193182 Hz quality 100\nhpet0: \u003cHigh Precision Event Timer\u003e iomem 0xfed00000-0xfed003ff on acpi0\nTimecounter \"HPET\" frequency 14318180 Hz quality 950\nEvent timer \"HPET\" frequency 14318180 Hz quality 350\nEvent timer \"HPET1\" frequency 14318180 Hz quality 340\nEvent timer \"HPET2\" frequency 14318180 Hz quality 340\nEvent timer \"HPET3\" frequency 14318180 Hz quality 340\nEvent timer \"HPET4\" frequency 14318180 Hz quality 340\nEvent timer \"HPET5\" frequency 14318180 Hz quality 340\nEvent timer \"HPET6\" frequency 14318180 Hz quality 340\nEvent timer \"HPET7\" frequency 14318180 Hz quality 340\nTimecounter \"ACPI-fast\" frequency 3579545 Hz quality 900\nacpi_timer0: \u003c24-bit timer at 3.579545MHz\u003e port 0x408-0x40b on acpi0\npcib0: \u003cACPI Host-PCI bridge\u003e on acpi0\npci0: \u003cACPI PCI bus\u003e on pcib0\npcib1: \u003cACPI Host-PCI bridge\u003e on acpi0\npci1: \u003cACPI PCI bus\u003e on pcib1\npcib2: \u003cACPI Host-PCI bridge\u003e port 0xcf8-0xcff on acpi0\npci2: \u003cACPI PCI bus\u003e on pcib2\npcib3: \u003cACPI PCI-PCI bridge\u003e irq 26 at device 1.0 on pci2\npci3: \u003cACPI PCI bus\u003e on pcib3\nigb0: \u003cIntel(R) PRO/1000 Network Connection, Version - 2.5.2\u003e port 0x6020-0x603f mem 0xc7b80000-0xc7bfffff,0xc7c04000-0xc7c07fff irq 26 at device 0.0 on pci3\nigb0: Using MSIX interrupts with 9 vectors\nigb0: Ethernet address: 2c:60:0c:3c:c3:4b\nigb0: Bound queue 0 to cpu 0\nigb0: Bound queue 1 to cpu 1\nigb0: Bound queue 2 to cpu 2\nigb0: Bound queue 3 to cpu 3\nigb0: Bound queue 4 to cpu 4\nigb0: Bound queue 5 to cpu 5\nigb0: Bound queue 6 to cpu 6\nigb0: Bound queue 7 to cpu 7\nigb0: netmap queues/slots: TX 8/1024, RX 8/1024\nigb1: \u003cIntel(R) PRO/1000 Network Connection, Version - 2.5.2\u003e port 0x6000-0x601f mem 0xc7a80000-0xc7afffff,0xc7c00000-0xc7c03fff irq 28 at device 0.1 on pci3\nigb1: Using MSIX interrupts with 9 vectors\nigb1: Ethernet address: 2c:60:0c:3c:c3:4c\nigb1: Bound queue 0 to cpu 8\nigb1: Bound queue 1 to cpu 9\nigb1: Bound queue 2 to cpu 10\nigb1: Bound queue 3 to cpu 11\nigb1: Bound queue 4 to cpu 0\nigb1: Bound queue 5 to cpu 1\nigb1: Bound queue 6 to cpu 2\nigb1: Bound queue 7 to cpu 3\nigb1: netmap queues/slots: TX 8/1024, RX 8/1024\npcib4: \u003cACPI PCI-PCI bridge\u003e irq 32 at device 2.0 on pci2\npci4: \u003cACPI PCI bus\u003e on pcib4\npci4: \u003cbridge\u003e at device 0.0 (no driver attached)\npcib5: \u003cACPI PCI-PCI bridge\u003e irq 42 at device 3.0 on pci2\npci5: \u003cACPI PCI bus\u003e on pcib5\npcib6: \u003cACPI PCI-PCI bridge\u003e irq 42 at device 3.1 on pci2\npci6: \u003cACPI PCI bus\u003e on pcib6\npcib7: \u003cACPI PCI-PCI bridge\u003e irq 42 at device 3.2 on pci2\npci7: \u003cACPI PCI bus\u003e on pcib7\nmpr0: \u003cAvago Technologies (LSI) SAS3008\u003e port 0x5000-0x50ff mem 0xc7e00000-0xc7e0ffff irq 42 at device 0.0 on pci7\nmpr0: IOCFacts\t:\n\tMsgVersion: 0x205\n\tHeaderVersion: 0x2300\n\tIOCNumber: 0\n\tIOCExceptions: 0x0\n\tMaxChainDepth: 128\n\tNumberOfPorts: 1\n\tRequestCredit: 3072\n\tProductID: 0x2721\n\tIOCRequestFrameSize: 32\n\tMaxInitiators: 1\n\tMaxTargets: 256\n\tMaxSasExpanders: 48\n\tMaxEnclosures: 16\n\tHighPriorityCredit: 128\n\tMaxReplyDescriptorPostQueueDepth: 65504\n\tReplyFrameSize: 32\n\tMaxVolumes: 2\n\tMaxDevHandle: 323\n\tMaxPersistentEntries: 128\nmpr0: Firmware: 06.00.00.00, Driver: 09.255.01.00-fbsd\nmpr0: IOCCapabilities: 6985c\u003cScsiTaskFull,DiagTrace,SnapBuf,EEDP,TransRetry,IR,MSIXIndex\u003e\npci2: \u003cunknown\u003e at device 17.0 (no driver attached)\nahci0: \u003cIntel Wellsburg AHCI SATA controller\u003e port 0x7110-0x7117,0x7100-0x7103,0x70f0-0x70f7,0x70e0-0x70e3,0x7020-0x703f mem 0xc7118000-0xc71187ff irq 16 at device 17.4 on pci2\nahci0: AHCI v1.30 with 4 6Gbps ports, Port Multiplier not supported\nahcich0: \u003cAHCI channel\u003e at channel 0 on ahci0\nahcich1: \u003cAHCI channel\u003e at channel 1 on ahci0\nahcich2: \u003cAHCI channel\u003e at channel 2 on ahci0\nahcich3: \u003cAHCI channel\u003e at channel 3 on ahci0\nahciem0: \u003cAHCI enclosure management bridge\u003e on ahci0\npci2: \u003csimple comms\u003e at device 22.0 (no driver attached)\npci2: \u003csimple comms\u003e at device 22.1 (no driver attached)\nehci0: \u003cEHCI (generic) USB 2.0 controller\u003e mem 0xc7114000-0xc71143ff irq 18 at device 26.0 on pci2\nusbus0: EHCI version 1.0\nusbus0 on ehci0\npcib8: \u003cACPI PCI-PCI bridge\u003e irq 16 at device 28.0 on pci2\npci8: \u003cACPI PCI bus\u003e on pcib8\npcib9: \u003cACPI PCI-PCI bridge\u003e at device 0.0 on pci8\npci9: \u003cACPI PCI bus\u003e on pcib9\nvgapci0: \u003cVGA-compatible display\u003e port 0x4000-0x407f mem 0xc6800000-0xc6ffffff,0xc7000000-0xc701ffff irq 16 at device 0.0 on pci9\nvgapci0: Boot video device\nehci1: \u003cEHCI (generic) USB 2.0 controller\u003e mem 0xc7113000-0xc71133ff irq 18 at device 29.0 on pci2\nusbus1: EHCI version 1.0\nusbus1 on ehci1\nisab0: \u003cPCI-ISA bridge\u003e at device 31.0 on pci2\nisa0: \u003cISA bus\u003e on isab0\nahci1: \u003cIntel Wellsburg AHCI SATA controller\u003e port 0x7070-0x7077,0x7060-0x7063,0x7050-0x7057,0x7040-0x7043,0x7000-0x701f mem 0xc7112000-0xc71127ff irq 16 at device 31.2 on pci2\nahci1: AHCI v1.30 with 6 6Gbps ports, Port Multiplier not supported\nahcich4: \u003cAHCI channel\u003e at channel 0 on ahci1\nahcich5: \u003cAHCI channel\u003e at channel 1 on ahci1\nahcich6: \u003cAHCI channel\u003e at channel 2 on ahci1\nahcich7: \u003cAHCI channel\u003e at channel 3 on ahci1\nahcich8: \u003cAHCI channel\u003e at channel 4 on ahci1\nahcich9: \u003cAHCI channel\u003e at channel 5 on ahci1\nahciem1: \u003cAHCI enclosure management bridge\u003e on ahci1\npcib10: \u003cACPI Host-PCI bridge\u003e on acpi0\npci10: \u003cACPI PCI bus\u003e on pcib10\nacpi_button0: \u003cPower Button\u003e on acpi0\nuart0: \u003c16550 or compatible\u003e port 0x3f8-0x3ff irq 4 flags 0x10 on acpi0\nuart1: \u003c16550 or compatible\u003e port 0x2f8-0x2ff irq 3 on acpi0\nppc0: cannot reserve I/O port range\nest0: \u003cEnhanced SpeedStep Frequency Control\u003e on cpu0\nest1: \u003cEnhanced SpeedStep Frequency Control\u003e on cpu1\nest2: \u003cEnhanced SpeedStep Frequency Control\u003e on cpu2\nest3: \u003cEnhanced SpeedStep Frequency Control\u003e on cpu3\nest4: \u003cEnhanced SpeedStep Frequency Control\u003e on cpu4\nest5: \u003cEnhanced SpeedStep Frequency Control\u003e on cpu5\nest6: \u003cEnhanced SpeedStep Frequency Control\u003e on cpu6\nest7: \u003cEnhanced SpeedStep Frequency Control\u003e on cpu7\nest8: \u003cEnhanced SpeedStep Frequency Control\u003e on cpu8\nest9: \u003cEnhanced SpeedStep Frequency Control\u003e on cpu9\nest10: \u003cEnhanced SpeedStep Frequency Control\u003e on cpu10\nest11: \u003cEnhanced SpeedStep Frequency Control\u003e on cpu11\nusbus0: 480Mbps High Speed USB v2.0\nTimecounters tick every 1.000 msec\nIPsec: Initialized Security Association Processing.\nusbus1: 480Mbps High Speed USB v2.0\nugen0.1: \u003cIntel\u003e at usbus0\nuhub0: \u003cIntel EHCI root HUB, class 9/0, rev 2.00/1.00, addr 1\u003e on usbus0\nugen1.1: \u003cIntel\u003e at usbus1\nuhub1: \u003cIntel EHCI root HUB, class 9/0, rev 2.00/1.00, addr 1\u003e on usbus1\nuhub0: 2 ports with 2 removable, self powered\nuhub1: 2 ports with 2 removable, self powered\nugen0.2: \u003cvendor 0x8087\u003e at usbus0\nuhub2: \u003cvendor 0x8087 product 0x800a, class 9/0, rev 2.00/0.05, addr 2\u003e on usbus0\nugen1.2: \u003cvendor 0x8087\u003e at usbus1\nuhub3: \u003cvendor 0x8087 product 0x8002, class 9/0, rev 2.00/0.05, addr 2\u003e on usbus1\nuhub2: 6 ports with 6 removable, self powered\nmpr0: SAS Address for SATA device = 929180c5b5c695b\nmpr0: SAS Address from SAS device page0 = 4433221100000000\nuhub3: 8 ports with 8 removable, self powered\nmpr0: SAS Address from SATA device = 929180c5b5c695b\nmpr0: Found device \u003c881\u003cSataDev,Direct\u003e,End Device\u003e \u003c6.0Gbps\u003e handle\u003c0x0009\u003e enclosureHandle\u003c0x0001\u003e slot 0\nmpr0: At enclosure level 0 and connector name (    )\nlock order reversal:\n 1st 0xfffff8000d26bc60 CAM device lock (CAM device lock) @ /usr/src/sys/cam/cam_xpt.c:784\n 2nd 0xfffffe00012911c0 MPR lock (MPR lock) @ /usr/src/sys/cam/cam_xpt.c:2620\nKDB: stack backtrace:\ndb_trace_self_wrapper() at db_trace_self_wrapper+0x2b/frame 0xfffffe04608ec890\nwitness_checkorder() at witness_checkorder+0xe79/frame 0xfffffe04608ec910\n__mtx_lock_flags() at __mtx_lock_flags+0xa4/frame 0xfffffe04608ec960\nxpt_action_default() at xpt_action_default+0xb6c/frame 0xfffffe04608ec9b0\nscsi_scan_bus() at scsi_scan_bus+0x1d5/frame 0xfffffe04608eca20\nxpt_scanner_thread() at xpt_scanner_thread+0x15c/frame 0xfffffe04608eca70\nfork_exit() at fork_exit+0x84/frame 0xfffffe04608ecab0\nfork_trampoline() at fork_trampoline+0xe/frame 0xfffffe04608ecab0\n--- trap 0, rip = 0, rsp = 0, rbp = 0 ---\nmpr0: SAS Address for SATA device = 929180c6e705a7d\nmpr0: SAS Address from SAS device page0 = 4433221101000000\nmpr0: SAS Address from SATA device = 929180c6e705a7d\nmpr0: Found device \u003c881\u003cSataDev,Direct\u003e,End Device\u003e \u003c6.0Gbps\u003e handle\u003c0x000a\u003e enclosureHandle\u003c0x0001\u003e slot 1\nmpr0: At enclosure level 0 and connector name (    )\nugen0.3: \u003cAmerican Megatrends Inc.\u003e at usbus0\nuhub4: \u003c7-port Hub\u003e on usbus0\nuhub4: 5 ports with 5 removable, self powered\nugen0.4: \u003cAmerican Megatrends Inc.\u003e at usbus0\nukbd0: \u003cKeyboard Interface\u003e on usbus0\nkbd1 at ukbd0\nugen0.5: \u003cAmerican Megatrends Inc.\u003e at usbus0\numass0: \u003cVirtual Floppy\u003e on usbus0\numass0:  SCSI over Bulk-Only; quirks = 0x0100\numass0:13:0: Attached to scbus13\nugen0.6: \u003cvendor 0x0424\u003e at usbus0\nuhub5: \u003cvendor 0x0424 product 0x2422, class 9/0, rev 2.00/2.00, addr 6\u003e on usbus0\nuhub5: 2 ports with 0 removable, self powered\nda0 at mpr0 bus 0 scbus0 target 4 lun 0\nda0: \u003cATA ST91000640NS SN03\u003e Fixed Direct Access SPC-4 SCSI device\nda1 at mpr0 bus 0 scbus0 target 5 lun 0\nda0: Serial Number             9XG547A6\nda1: \u003cATA ST91000640NS SN03\u003e Fixed Direct Access SPC-4 SCSI device\nda0: 600.000MB/s transfersda1: Serial Number             9XG5GK2X\n\nda1: 600.000MB/s transfersda0: Command Queueing enabled\n\nda0: 953869MB (1953525168 512 byte sectors)\nda1: Command Queueing enabled\nda1: 953869MB (1953525168 512 byte sectors)\nda2 at umass-sim0 bus 0 scbus13 target 0 lun 0\nda2: \u003cAMI Virtual Floppy0 1.00\u003e Removable Direct Access SCSI device\nda2: Serial Number AAAABBBBCCCC2\nda2: 40.000MB/s transfers\nda2: Attempt to query device size failed: NOT READY, Medium not present\nda2: quirks=0x2\u003cNO_6_BYTE\u003e\nses0 at ahciem0 bus 0 scbus5 target 0 lun 0\nses0: \u003cAHCI SGPIO Enclosure 1.00 0001\u003e SEMB S-E-S 2.00 device\nses0: SEMB SES Device\nses1 at ahciem1 bus 0 scbus12 target 0 lun 0\nses1: \u003cAHCI SGPIO Enclosure 1.00 0001\u003e SEMB S-E-S 2.00 device\nses1: SEMB SES Device\nSMP: AP CPU #8 Launched!\nSMP: AP CPU #2 Launched!\nSMP: AP CPU #7 Launched!\nSMP: AP CPU #5 Launched!\nSMP: AP CPU #6 Launched!\nSMP: AP CPU #1 Launched!\nSMP: AP CPU #10 Launched!\nSMP: AP CPU #3 Launched!\nSMP: AP CPU #9 Launched!\nSMP: AP CPU #4 Launched!\nSMP: AP CPU #11 Launched!\nTimecounter \"TSC\" frequency 1596340192 Hz quality 1000\nWARNING: WITNESS option enabled, expect reduced performance.\nTrying to mount root from ufs:/dev/da0p2 [rw]...\nigb0: link state changed to UP\nums0: \u003cMouse Interface\u003e on usbus0\nums0: 3 buttons and [Z] coordinates ID=0\nugen0.3: \u003cAmerican Megatrends Inc.\u003e at usbus0 (disconnected)\nuhub4: at uhub2, port 2, addr 3 (disconnected)\nugen0.4: \u003cAmerican Megatrends Inc.\u003e at usbus0 (disconnected)\nukbd0: at uhub4, port 1, addr 4 (disconnected)\nums0: at uhub4, port 1, addr 4 (disconnected)\nugen0.5: \u003cAmerican Megatrends Inc.\u003e at usbus0 (disconnected)\numass0: at uhub4, port 3, addr 5 (disconnected)\nda2 at umass-sim0 bus 0 scbus13 target 0 lun 0\nda2: \u003cAMI Virtual Floppy0 1.00\u003e s/n AAAABBBBCCCC2 detached\n(da2:umass-sim0:0:0:0): Periph destroyed"
}