{
 "id": 795389,
 "bug_id": 194938,
 "attachment_id": 0,
 "creation_time": "2014-11-11T00:10:22Z",
 "creator": "code.jpe@gmail.com",
 "text": "Hi,\n\nI can reproduce the following kernel panic on 10.1-RC4-p1 by increasing the sysctl vfs.zfs.vdev.aggregation_limit from 131072 to 1048576. The server reliably panics within seconds.\n\nI can not reproduce it on my 10.1-RC3 r273607, so I'll classify it as \"Affects Only Me\".\n\nPanic message:\npanic: vm_fault: fault on nofault entry, addr: fffffe0020542000\ncpuid = 1\nKDB: stack backtrace:\n#0 0xffffffff80988bc0 at kdb_backtrace+0x60\n#1 0xffffffff8094da83 at panic+0x153\n#2 0xffffffff80bf4963 at vm_fault_hold+0x1b63\n#3 0xffffffff80bf2db7 at vm_fault+0x77\n#4 0xffffffff80d7bbfc at trap_pfault+0x19c\n#5 0xffffffff80d7b3ca at trap+0x47a\n#6 0xffffffff80d61372 at calltrap+0x8\n#7 0xffffffff81a8f579 at vdev_queue_io_done+0xc9\n#8 0xffffffff81aa9829 at zio_vdev_io_done+0xd9\n#9 0xffffffff81aa6382 at zio_execute+0x162\n#10 0xffffffff80996eb5 at taskqueue_run_locked+0xe5\n#11 0xffffffff80997938 at taskqueue_thread_loop+0xa8\n#12 0xffffffff809185da at fork_exit+0x9a\n#13 0xffffffff80d618ae at fork_trampoline+0xe\nUptime: 4m9s\n\nSystem was built from:\n# svnlite info /usr/src | egrep 'Rev|^URL'\nURL: https://svn0.eu.freebsd.org/base/releng/10.1\nRevision: 274348\nLast Changed Rev: 274161\n\n/etc/make.conf:\n# cat /etc/make.conf\nWITH_PKGNG=       YES\nWITH_SSP_PORTS=   YES\nDEFAULT_VERSIONS= perl5=5.18\nCFLAGS=           -O2 -fno-strict-aliasing -pipe\nCOPTFLAGS=        -O -pipe\nMAKE_SHELL?=      sh\nCPUTYPE?=         athlon64-sse3\nKERNCONF=         YGGDRASIL\n\n/etc/src.conf:\n# cat /etc/src.conf\nWITH_BSD_GREP=YES\nWITHOUT_AMD=YES\nWITHOUT_AUTHPF=YES\nWITHOUT_BLUETOOTH=YES\nWITHOUT_CTM=YES\nWITHOUT_FLOPPY=YES\nWITHOUT_GAMES=YES\nWITHOUT_HTML=YES\nWITHOUT_INFO=YES\nWITHOUT_IPX=YES\nWITHOUT_IPX_SUPPORT=YES\nWITHOUT_IPFILTER=YES\nWITHOUT_LIB32=YES\nWITHOUT_LPR=YES\nWITHOUT_NDIS=YES\nWITHOUT_PC_SYSINSTALL=YES\nWITHOUT_PPP=YES\nWITHOUT_RCMDS=YES\nWITHOUT_RCS=YES\nWITHOUT_SYSINSTALL=YES\nWITHOUT_TELNET=YES\nWITHOUT_WIRELESS=YES\nWITHOUT_WIRELESS_SUPPORT=YES\nWITHOUT_WPA_SUPPLICANT_EAPOL=YES\n\n\nCore is available:\n# kgdb kernel.debug /var/crash/vmcore.0\nGNU gdb 6.1.1 [FreeBSD]\nCopyright 2004 Free Software Foundation, Inc.\nGDB is free software, covered by the GNU General Public License, and you are\nwelcome to change it and/or distribute copies of it under certain conditions.\nType \"show copying\" to see the conditions.\nThere is absolutely no warranty for GDB.  Type \"show warranty\" for details.\nThis GDB was configured as \"amd64-marcel-freebsd\"...\n[... old dmesg ...]\n\npanic: vm_fault: fault on nofault entry, addr: fffffe0020542000\ncpuid = 1\nKDB: stack backtrace:\n#0 0xffffffff80988bc0 at kdb_backtrace+0x60\n#1 0xffffffff8094da83 at panic+0x153\n#2 0xffffffff80bf4963 at vm_fault_hold+0x1b63\n#3 0xffffffff80bf2db7 at vm_fault+0x77\n#4 0xffffffff80d7bbfc at trap_pfault+0x19c\n#5 0xffffffff80d7b3ca at trap+0x47a\n#6 0xffffffff80d61372 at calltrap+0x8\n#7 0xffffffff81a8f579 at vdev_queue_io_done+0xc9\n#8 0xffffffff81aa9829 at zio_vdev_io_done+0xd9\n#9 0xffffffff81aa6382 at zio_execute+0x162\n#10 0xffffffff80996eb5 at taskqueue_run_locked+0xe5\n#11 0xffffffff80997938 at taskqueue_thread_loop+0xa8\n#12 0xffffffff809185da at fork_exit+0x9a\n#13 0xffffffff80d618ae at fork_trampoline+0xe\nUptime: 4m9s\nDumping 285 out of 4035 MB:..6%..12%..23%..34%..45%..51%..62%..73%..84%..96%\n\nReading symbols from /boot/kernel/nullfs.ko.symbols...done.\nLoaded symbols for /boot/kernel/nullfs.ko.symbols\nReading symbols from /boot/kernel/zfs.ko.symbols...done.\nLoaded symbols for /boot/kernel/zfs.ko.symbols\nReading symbols from /boot/kernel/opensolaris.ko.symbols...done.\nLoaded symbols for /boot/kernel/opensolaris.ko.symbols\nReading symbols from /boot/kernel/geom_eli.ko.symbols...done.\nLoaded symbols for /boot/kernel/geom_eli.ko.symbols\nReading symbols from /boot/kernel/geom_mirror.ko.symbols...done.\nLoaded symbols for /boot/kernel/geom_mirror.ko.symbols\nReading symbols from /boot/kernel/pf.ko.symbols...done.\nLoaded symbols for /boot/kernel/pf.ko.symbols\nReading symbols from /boot/kernel/mac_partition.ko.symbols...done.\nLoaded symbols for /boot/kernel/mac_partition.ko.symbols\nReading symbols from /boot/kernel/mac_seeotheruids.ko.symbols...done.\nLoaded symbols for /boot/kernel/mac_seeotheruids.ko.symbols\nReading symbols from /boot/kernel/mac_portacl.ko.symbols...done.\nLoaded symbols for /boot/kernel/mac_portacl.ko.symbols\nReading symbols from /boot/kernel/cc_htcp.ko.symbols...done.\nLoaded symbols for /boot/kernel/cc_htcp.ko.symbols\nReading symbols from /boot/kernel/uhid.ko.symbols...done.\nLoaded symbols for /boot/kernel/uhid.ko.symbols\nReading symbols from /boot/kernel/ums.ko.symbols...done.\nLoaded symbols for /boot/kernel/ums.ko.symbols\n#0  doadump (textdump=\u003cvalue optimized out\u003e) at pcpu.h:219\n219             __asm(\"movq %%gs:%1,%0\" : \"=r\" (td)\n(kgdb) backtrace\n#0  doadump (textdump=\u003cvalue optimized out\u003e) at pcpu.h:219\n#1  0xffffffff8094d702 in kern_reboot (howto=260)\n    at /usr/src/sys/kern/kern_shutdown.c:452\n#2  0xffffffff8094dac2 in panic (fmt=\u003cvalue optimized out\u003e)\n    at /usr/src/sys/kern/kern_shutdown.c:759\n#3  0xffffffff80bf4963 in vm_fault_hold (map=\u003cvalue optimized out\u003e,\n    vaddr=\u003cvalue optimized out\u003e, fault_type=\u003cvalue optimized out\u003e,\n    fault_flags=\u003cvalue optimized out\u003e, m_hold=\u003cvalue optimized out\u003e)\n    at /usr/src/sys/vm/vm_fault.c:341\n#4  0xffffffff80bf2db7 in vm_fault (map=0xfffff80002000000,\n    vaddr=\u003cvalue optimized out\u003e, fault_type=2 '\\002', fault_flags=0)\n    at /usr/src/sys/vm/vm_fault.c:281\n#5  0xffffffff80d7bbfc in trap_pfault (frame=0xfffffe00dab69560, usermode=0)\n    at /usr/src/sys/amd64/amd64/trap.c:752\n#6  0xffffffff80d7b3ca in trap (frame=0xfffffe00dab69560)\n    at /usr/src/sys/amd64/amd64/trap.c:440\n#7  0xffffffff80d61372 in calltrap ()\n    at /usr/src/sys/amd64/amd64/exception.S:232\n#8  0xffffffff80d79736 in bcopy () at /usr/src/sys/amd64/amd64/support.S:112\n#9  0xffffffff81a8f2a2 in vdev_queue_io_to_issue (vq=0xfffff8001c3a93d8)\n    at /usr/src/sys/modules/zfs/../../cddl/contrib/opensolaris/uts/common/fs/zfs/vdev_queue.c:672\n#10 0xffffffff81a8f579 in vdev_queue_io_done (zio=0xfffff8011c19d398)\n    at /usr/src/sys/modules/zfs/../../cddl/contrib/opensolaris/uts/common/fs/zfs/vdev_queue.c:807\n#11 0xffffffff81aa9829 in zio_vdev_io_done (zio=0xfffff8011c19d398)\n    at /usr/src/sys/modules/zfs/../../cddl/contrib/opensolaris/uts/common/fs/zfs/zio.c:2728\n#12 0xffffffff81aa6382 in zio_execute (zio=0xfffff8011c19d398)\n    at /usr/src/sys/modules/zfs/../../cddl/contrib/opensolaris/uts/common/fs/zfs/zio.c:1414\n#13 0xffffffff80996eb5 in taskqueue_run_locked (queue=0xfffff8001c603600)\n    at /usr/src/sys/kern/subr_taskqueue.c:342\n#14 0xffffffff80997938 in taskqueue_thread_loop (arg=\u003cvalue optimized out\u003e)\n    at /usr/src/sys/kern/subr_taskqueue.c:563\n#15 0xffffffff809185da in fork_exit (\n    callout=0xffffffff80997890 \u003ctaskqueue_thread_loop\u003e,\n    arg=0xfffff8001c3127a0, frame=0xfffffe00dab69c00)\n    at /usr/src/sys/kern/kern_fork.c:996\n---Type \u003creturn\u003e to continue, or q \u003creturn\u003e to quit---\n#16 0xffffffff80d618ae in fork_trampoline ()\n    at /usr/src/sys/amd64/amd64/exception.S:606\n#17 0x0000000000000000 in ?? ()\nCurrent language:  auto; currently minimal\n(kgdb) quit\n\n\nServer dmesg:\nCopyright (c) 1992-2014 The FreeBSD Project.\nCopyright (c) 1979, 1980, 1983, 1986, 1988, 1989, 1991, 1992, 1993, 1994\n        The Regents of the University of California. All rights reserved.\nFreeBSD is a registered trademark of The FreeBSD Foundation.\nFreeBSD 10.1-RC4-p1 #1 r274348: Mon Nov 10 19:37:56 UTC 2014\n    root@yggdrasil:/usr/obj/usr/src/sys/YGGDRASIL amd64\nFreeBSD clang version 3.4.1 (tags/RELEASE_34/dot1-final 208032) 20140512\nCPU: AMD Athlon(tm) 64 X2 Dual Core Processor 5600+ (2900.03-MHz K8-class CPU)\n  Origin = \"AuthenticAMD\"  Id = 0x60fb2  Family = 0xf  Model = 0x6b  Stepping = 2\n  Features=0x178bfbff\u003cFPU,VME,DE,PSE,TSC,MSR,PAE,MCE,CX8,APIC,SEP,MTRR,PGE,MCA,CMOV,PAT,PSE36,CLFLUSH,MMX,FXSR,SSE,SSE2,HTT\u003e\n  Features2=0x2001\u003cSSE3,CX16\u003e\n  AMD Features=0xea500800\u003cSYSCALL,NX,MMX+,FFXSR,RDTSCP,LM,3DNow!+,3DNow!\u003e\n  AMD Features2=0x11f\u003cLAHF,CMP,SVM,ExtAPIC,CR8,Prefetch\u003e\nreal memory  = 4831838208 (4608 MB)\navail memory = 4081754112 (3892 MB)\nEvent timer \"LAPIC\" quality 400\nACPI APIC Table: \u003cM S I  OEMAPIC \u003e\nFreeBSD/SMP: Multiprocessor System Detected: 2 CPUs\nFreeBSD/SMP: 1 package(s) x 2 core(s)\n cpu0 (BSP): APIC ID:  0\n cpu1 (AP): APIC ID:  1\nSecurity policy loaded: TrustedBSD MAC/Partition (mac_partition)\nSecurity policy loaded: TrustedBSD MAC/portacl (mac_portacl)\nSecurity policy loaded: TrustedBSD MAC/seeotheruids (mac_seeotheruids)\nWARNING: VIMAGE (virtualized network stack) is a highly experimental feature.\nioapic0 \u003cVersion 2.1\u003e irqs 0-23 on motherboard\nrandom: \u003cSoftware, Yarrow\u003e initialized\nkbd1 at kbdmux0\nnetmap: loaded module\ncryptosoft0: \u003csoftware crypto\u003e on motherboard\nacpi0: \u003cM S I OEMRSDT\u003e on motherboard\nacpi0: Power Button (fixed)\nacpi0: reservation of 0, a0000 (3) failed\nacpi0: reservation of 100000, ddf00000 (3) failed\ncpu0: \u003cACPI CPU\u003e on acpi0\ncpu1: \u003cACPI CPU\u003e on acpi0\nattimer0: \u003cAT timer\u003e port 0x40-0x43 irq 0 on acpi0\nTimecounter \"i8254\" frequency 1193182 Hz quality 0\nEvent timer \"i8254\" frequency 1193182 Hz quality 100\natrtc0: \u003cAT realtime clock\u003e port 0x70-0x71 irq 8 on acpi0\nEvent timer \"RTC\" frequency 32768 Hz quality 0\nTimecounter \"ACPI-safe\" frequency 3579545 Hz quality 850\nacpi_timer0: \u003c32-bit timer at 3.579545MHz\u003e port 0x808-0x80b on acpi0\npcib0: \u003cACPI Host-PCI bridge\u003e port 0xcf8-0xcff on acpi0\npci0: \u003cACPI PCI bus\u003e on pcib0\npcib1: \u003cACPI PCI-PCI bridge\u003e at device 1.0 on pci0\npci1: \u003cACPI PCI bus\u003e on pcib1\nvgapci0: \u003cVGA-compatible display\u003e port 0xc000-0xc0ff mem 0xfc000000-0xfdffffff,0xfe9f0000-0xfe9fffff,0xfe800000-0xfe8fffff irq 18 at device 5.0 on pci1\nvgapci0: Boot video device\nhdac0: \u003cATI RS690 HDA Controller\u003e mem 0xfe9e8000-0xfe9ebfff irq 19 at device 5.2 on pci1\npcib2: \u003cACPI PCI-PCI bridge\u003e at device 7.0 on pci0\npci2: \u003cACPI PCI bus\u003e on pcib2\nre0: \u003cRealTek 8168/8111 B/C/CP/D/DP/E/F/G PCIe Gigabit Ethernet\u003e port 0xd800-0xd8ff mem 0xfeaff000-0xfeafffff irq 19 at device 0.0 on pci2\nre0: Using 1 MSI message\nre0: Chip rev. 0x38000000\nre0: MAC rev. 0x00000000\nmiibus0: \u003cMII bus\u003e on re0\nrgephy0: \u003cRTL8169S/8110S/8211 1000BASE-T media interface\u003e PHY 1 on miibus0\nrgephy0:  none, 10baseT, 10baseT-FDX, 10baseT-FDX-flow, 100baseTX, 100baseTX-FDX, 100baseTX-FDX-flow, 1000baseT, 1000baseT-master, 1000baseT-FDX, 1000baseT-FDX-master, 1000baseT-FDX-flow, 1000baseT-FDX-flow-master, auto, auto-flow\nre0: Ethernet address: 00:21:85:62:4f:73\n001.000009 [2705] netmap_attach             success for re0 tx 1/256 rx 1/256 queues/slots\nahci0: \u003cAMD SB600 AHCI SATA controller\u003e port 0xb000-0xb007,0xa000-0xa003,0x9000-0x9007,0x8000-0x8003,0x7000-0x700f mem 0xfe7ff800-0xfe7ffbff irq 22 at device 18.0 on pci0\nahci0: AHCI v1.10 with 4 3Gbps ports, Port Multiplier supported\nahci0: quirks=0x1000\u003cNOMSI\u003e\nahcich0: \u003cAHCI channel\u003e at channel 0 on ahci0\nahcich1: \u003cAHCI channel\u003e at channel 1 on ahci0\nahcich2: \u003cAHCI channel\u003e at channel 2 on ahci0\nahcich3: \u003cAHCI channel\u003e at channel 3 on ahci0\nohci0: \u003cOHCI (generic) USB controller\u003e mem 0xfe7fe000-0xfe7fefff irq 16 at device 19.0 on pci0\nusbus0 on ohci0\nohci1: \u003cOHCI (generic) USB controller\u003e mem 0xfe7fd000-0xfe7fdfff irq 17 at device 19.1 on pci0\nusbus1 on ohci1\nohci2: \u003cOHCI (generic) USB controller\u003e mem 0xfe7fc000-0xfe7fcfff irq 18 at device 19.2 on pci0\nusbus2 on ohci2\nohci3: \u003cOHCI (generic) USB controller\u003e mem 0xfe7fb000-0xfe7fbfff irq 17 at device 19.3 on pci0\nusbus3 on ohci3\nohci4: \u003cOHCI (generic) USB controller\u003e mem 0xfe7fa000-0xfe7fafff irq 18 at device 19.4 on pci0\nusbus4 on ohci4\nehci0: \u003cEHCI (generic) USB 2.0 controller\u003e mem 0xfe7ff000-0xfe7ff0ff irq 19 at device 19.5 on pci0\nehci0: AMD SB600/700 quirk applied\nusbus5: EHCI version 1.0\nusbus5 on ehci0\natapci0: \u003cATI IXP600 UDMA133 controller\u003e port 0x1f0-0x1f7,0x3f6,0x170-0x177,0x376,0xff00-0xff0f at device 20.1 on pci0\nata0: \u003cATA channel\u003e at channel 0 on atapci0\nisab0: \u003cPCI-ISA bridge\u003e at device 20.3 on pci0\nisa0: \u003cISA bus\u003e on isab0\npcib3: \u003cACPI PCI-PCI bridge\u003e at device 20.4 on pci0\npci3: \u003cACPI PCI bus\u003e on pcib3\nacpi_button0: \u003cPower Button\u003e on acpi0\nuart1: \u003c16550 or compatible\u003e port 0x2f8-0x2ff irq 3 on acpi0\natkbdc0: \u003cKeyboard controller (i8042)\u003e port 0x60,0x64 irq 1 on acpi0\natkbd0: \u003cAT Keyboard\u003e irq 1 on atkbdc0\nkbd0 at atkbd0\natkbd0: [GIANT-LOCKED]\norm0: \u003cISA Option ROM\u003e at iomem 0xcd800-0xce7ff on isa0\nsc0: \u003cSystem console\u003e at flags 0x100 on isa0\nsc0: VGA \u003c16 virtual consoles, flags=0x300\u003e\nvga0: \u003cGeneric ISA VGA\u003e at port 0x3c0-0x3df iomem 0xa0000-0xbffff on isa0\nppc0: cannot reserve I/O port range\nacpi_throttle0: \u003cACPI CPU Throttling\u003e on cpu0\nacpi_throttle0: CLK_VAL field overlaps THT_EN bit\ndevice_attach: acpi_throttle0 attach returned 6\npowernow0: \u003cPowerNow! K8\u003e on cpu0\npowernow1: \u003cPowerNow! K8\u003e on cpu1\nZFS NOTICE: Prefetch is disabled by default if less than 4GB of RAM is present;\n            to enable, add \"vfs.zfs.prefetch_disable=0\" to /boot/loader.conf.\nZFS filesystem version: 5\nZFS storage pool version: features support (5000)\nTimecounters tick every 1.000 msec\nIPsec: Initialized Security Association Processing.\nhdacc0: \u003cATI RS690/780 HDA CODEC\u003e at cad 0 on hdac0\nhdaa0: \u003cATI RS690/780 Audio Function Group\u003e at nid 1 on hdacc0\npcm0: \u003cATI RS690/780 (HDMI)\u003e at nid 3 on hdaa0\nrandom: unblocking device.\nusbus0: 12Mbps Full Speed USB v1.0\nusbus1: 12Mbps Full Speed USB v1.0\nusbus2: 12Mbps Full Speed USB v1.0\nusbus3: 12Mbps Full Speed USB v1.0\nusbus4: 12Mbps Full Speed USB v1.0\nusbus5: 480Mbps High Speed USB v2.0\nugen2.1: \u003cATI\u003e at usbus2\nuhub0: \u003cATI OHCI root HUB, class 9/0, rev 1.00/1.00, addr 1\u003e on usbus2\nugen1.1: \u003cATI\u003e at usbus1\nuhub1: \u003cATI OHCI root HUB, class 9/0, rev 1.00/1.00, addr 1\u003e on usbus1\nugen0.1: \u003cATI\u003e at usbus0\nuhub2: \u003cATI OHCI root HUB, class 9/0, rev 1.00/1.00, addr 1\u003e on usbus0\nugen5.1: \u003cATI\u003e at usbus5\nuhub3: \u003cATI EHCI root HUB, class 9/0, rev 2.00/1.00, addr 1\u003e on usbus5\nugen4.1: \u003cATI\u003e at usbus4\nuhub4: \u003cATI OHCI root HUB, class 9/0, rev 1.00/1.00, addr 1\u003e on usbus4\nugen3.1: \u003cATI\u003e at usbus3\nuhub5: \u003cATI OHCI root HUB, class 9/0, rev 1.00/1.00, addr 1\u003e on usbus3\n(aprobe0:ahcich0:0:15:0): NOP. ACB: 00 00 00 00 00 00 00 00 00 00 00 00\n(aprobe0:ahcich0:0:15:0): CAM status: Command timeout\n(aprobe0:ahcich0:0:15:0): Error 5, Retries exhausted\n(aprobe0:ahcich0:0:15:0): NOP. ACB: 00 00 00 00 00 00 00 00 00 00 00 00\n(aprobe0:ahcich0:0:15:0): CAM status: Command timeout\n(aprobe0:ahcich0:0:15:0): Error 5, Retries exhausted\n(aprobe2:ahcich2:0:15:0): NOP. ACB: 00 00 00 00 00 00 00 00 00 00 00 00\n(aprobe2:ahcich2:0:15:0): CAM status: Command timeout\n(aprobe2:ahcich2:0:15:0): Error 5, Retries exhausted\n(aprobe2:ahcich2:0:15:0): NOP. ACB: 00 00 00 00 00 00 00 00 00 00 00 00\n(aprobe2:ahcich2:0:15:0): CAM status: Command timeout\n(aprobe2:ahcich2:0:15:0): Error 5, Retries exhausted\nada0 at ahcich0 bus 0 scbus0 target 0 lun 0\nada0: \u003cSAMSUNG HD753LJ 1AA01108\u003e ATA-7 SATA 2.x device\nada0: Serial Number S13UJ1NQ200080\nada0: 300.000MB/s transfers (SATA 2.x, UDMA6, PIO 8192bytes)\nada0: Command Queueing enabled\nada0: 715404MB (1465149168 512 byte sectors: 16H 63S/T 16383C)\nada0: Previously was known as ad4\nada1 at ahcich2 bus 0 scbus2 target 0 lun 0\nada1: \u003cSAMSUNG HD753LJ 1AA01118\u003e ATA-7 SATA 2.x device\nada1: Serial Number S13UJDWZ102236\nada1: 300.000MB/s transfers (SATA 2.x, UDMA6, PIO 8192bytes)\nada1: Command Queueing enabled\nada1: 715404MB (1465149168 512 byte sectors: 16H 63S/T 16383C)\nada1: Previously was known as ad8\nuhub0: 2 ports with 2 removable, self powered\nSMP: AP CPU #1 Launched!\nuhub1: 2 ports with 2 removable, self powered\nuhub2: 2 ports with 2 removable, self powered\nuhub4: 2 ports with 2 removable, self powered\nuhub5: 2 ports with 2 removable, self powered\nRoot mount waiting for: usbus5\nRoot mount waiting for: usbus5\nRoot mount waiting for: usbus5\nRoot mount waiting for: usbus5\nuhub3: 10 ports with 10 removable, self powered\nRoot mount waiting for: usbus5\nugen5.2: \u003cPeppercon AG\u003e at usbus5\nukbd0: \u003cPeppercon AG Multidevice, class 0/0, rev 2.00/0.01, addr 2\u003e on usbus5\nkbd2 at ukbd0\nRoot mount waiting for: usbus5\nTrying to mount root from zfs:yggdrasil []...\nugen1.2: \u003cCHESEN\u003e at usbus1\nukbd1: \u003cCHESEN PS2 to USB Converter, class 0/0, rev 1.10/0.10, addr 2\u003e on usbus1\nkbd3 at ukbd1\nuhid0: \u003cPeppercon AG Multidevice, class 0/0, rev 2.00/0.01, addr 2\u003e on usbus5\nums0: \u003cCHESEN PS2 to USB Converter, class 0/0, rev 1.10/0.10, addr 2\u003e on usbus1\nums0: 5 buttons and [XYZ] coordinates ID=1\n\n\nThe USB spam is from the Java web kvm thingy I used."
}