{
 "id": 443997,
 "bug_id": 123392,
 "attachment_id": 0,
 "creation_time": "2008-05-04T12:40:02Z",
 "creator": "kevinxlinuz@163.com",
 "text": "when I update system from 7-release to 8-current.every thing works well,\nbut I find some thing on vfs.\n-----------------\ndmesg \nCopyright (c) 1992-2008 The FreeBSD Project.\nCopyright (c) 1979, 1980, 1983, 1986, 1988, 1989, 1991, 1992, 1993, 1994\n        The Regents of the University of California. All rights reserved.\nFreeBSD is a registered trademark of The FreeBSD Foundation.\nFreeBSD 8.0-CURRENT #0: Sun May  4 17:01:38 CST 2008\n    root@datastream.people.163.org:/usr/obj/usr/src/sys/G8C\nWARNING: WITNESS option enabled, expect reduced performance.\nTimecounter \"i8254\" frequency 1193182 Hz quality 0\nCPU: Intel(R) Pentium(R) 4 CPU 2.80GHz (2793.01-MHz 686-class CPU)\n  Origin = \"GenuineIntel\"  Id = 0xf41  Stepping = 1\n  Features=0xbfebfbff\u003cFPU,VME,DE,PSE,TSC,MSR,PAE,MCE,CX8,APIC,SEP,MTRR,PGE,MCA,CMOV,PAT,PSE36,CLFLUSH,DTS,ACPI,MMX,FXSR,SSE,SSE2,SS,HTT,TM,PBE\u003e\n  Features2=0x441d\u003cSSE3,RSVD2,MON,DS_CPL,CNXT-ID,xTPR\u003e\nreal memory  = 1072103424 (1022 MB)\navail memory = 1040637952 (992 MB)\nACPI APIC Table: \u003cDELL   170L   \u003e\nioapic0: Changing APIC ID to 1\nioapic0 \u003cVersion 2.0\u003e irqs 0-23 on motherboard\nkbd1 at kbdmux0\nacpi0: \u003cDELL 170L   \u003e on motherboard\nacpi0: [ITHREAD]\nacpi0: Power Button (fixed)\nacpi0: reservation of 0, a0000 (3) failed\nacpi0: reservation of 100000, f00000 (3) failed\nacpi0: reservation of 1000000, 3ee70000 (3) failed\nTimecounter \"ACPI-fast\" frequency 3579545 Hz quality 1000\nacpi_timer0: \u003c24-bit timer at 3.579545MHz\u003e port 0x808-0x80b on acpi0\npcib0: \u003cACPI Host-PCI bridge\u003e port 0xcf8-0xcff on acpi0\npci0: \u003cACPI PCI bus\u003e on pcib0\nvgapci0: \u003cVGA-compatible display\u003e port 0xed98-0xed9f mem 0xe8000000-0xefffffff,0xfeb80000-0xfebfffff irq 16 at device 2.0 on pci0\nagp0: \u003cIntel 82865G (865G GMCH) SVGA controller\u003e on vgapci0\nagp0: detected 892k stolen memory\nagp0: aperture size is 128M\nuhci0: \u003cIntel 82801EB (ICH5) USB controller USB-A\u003e port 0xff80-0xff9f irq 16 at device 29.0 on pci0\nuhci0: [GIANT-LOCKED]\nuhci0: [ITHREAD]\nusb0: \u003cIntel 82801EB (ICH5) USB controller USB-A\u003e on uhci0\nusb0: USB revision 1.0\nuhub0: \u003cIntel UHCI root hub, class 9/0, rev 1.00/1.00, addr 1\u003e on usb0\nuhub0: 2 ports with 2 removable, self powered\nuhci1: \u003cIntel 82801EB (ICH5) USB controller USB-B\u003e port 0xff60-0xff7f irq 19 at device 29.1 on pci0\nuhci1: [GIANT-LOCKED]\nuhci1: [ITHREAD]\nusb1: \u003cIntel 82801EB (ICH5) USB controller USB-B\u003e on uhci1\nusb1: USB revision 1.0\nuhub1: \u003cIntel UHCI root hub, class 9/0, rev 1.00/1.00, addr 1\u003e on usb1\nuhub1: 2 ports with 2 removable, self powered\nuhci2: \u003cIntel 82801EB (ICH5) USB controller USB-D\u003e port 0xff20-0xff3f irq 16 at device 29.3 on pci0\nuhci2: [GIANT-LOCKED]\nuhci2: [ITHREAD]\nusb2: \u003cIntel 82801EB (ICH5) USB controller USB-D\u003e on uhci2\nusb2: USB revision 1.0\nuhub2: \u003cIntel UHCI root hub, class 9/0, rev 1.00/1.00, addr 1\u003e on usb2\nuhub2: 2 ports with 2 removable, self powered\nehci0: \u003cIntel 82801EB/R (ICH5) USB 2.0 controller\u003e mem 0xffa80800-0xffa80bff irq 23 at device 29.7 on pci0\nehci0: [GIANT-LOCKED]\nehci0: [ITHREAD]\nusb3: EHCI version 1.0\nusb3: wrong number of companions (4 != 3)\nusb3: companion controllers, 2 ports each: usb0 usb1 usb2\nusb3: \u003cIntel 82801EB/R (ICH5) USB 2.0 controller\u003e on ehci0\nusb3: USB revision 2.0\nuhub3: \u003cIntel EHCI root hub, class 9/0, rev 2.00/1.00, addr 1\u003e on usb3\nuhub3: 8 ports with 8 removable, self powered\npcib1: \u003cACPI PCI-PCI bridge\u003e at device 30.0 on pci0\npci1: \u003cACPI PCI bus\u003e on pcib1\nfxp0: \u003cIntel 82801BA (D865) Pro/100 VE Ethernet\u003e port 0xdf40-0xdf7f mem 0xfeaff000-0xfeafffff irq 20 at device 8.0 on pci1\nmiibus0: \u003cMII bus\u003e on fxp0\ninphy0: \u003ci82562ET 10/100 media interface\u003e PHY 1 on miibus0\ninphy0:  10baseT, 10baseT-FDX, 100baseTX, 100baseTX-FDX, auto\nfxp0: Ethernet address: 00:13:20:d9:77:d1\nfxp0: [ITHREAD]\nisab0: \u003cPCI-ISA bridge\u003e at device 31.0 on pci0\nisa0: \u003cISA bus\u003e on isab0\natapci0: \u003cIntel ICH5 UDMA100 controller\u003e port 0x1f0-0x1f7,0x3f6,0x170-0x177,0x376,0xffa0-0xffaf mem 0xfeb7fc00-0xfeb7ffff irq 18 at device 31.1 on pci0\nata0: \u003cATA channel 0\u003e on atapci0\nata0: [ITHREAD]\nata1: \u003cATA channel 1\u003e on atapci0\nata1: [ITHREAD]\natapci1: \u003cIntel ICH5 SATA150 controller\u003e port 0xfe00-0xfe07,0xfe10-0xfe13,0xfe20-0xfe27,0xfe30-0xfe33,0xfea0-0xfeaf irq 18 at device 31.2 on pci0\natapci1: [ITHREAD]\nata2: \u003cATA channel 0\u003e on atapci1\nata2: [ITHREAD]\nata3: \u003cATA channel 1\u003e on atapci1\nata3: [ITHREAD]\npci0: \u003cserial bus, SMBus\u003e at device 31.3 (no driver attached)\npcm0: \u003cIntel ICH5 (82801EB)\u003e port 0xee00-0xeeff,0xedc0-0xedff mem 0xfeb7fa00-0xfeb7fbff,0xfeb7f900-0xfeb7f9ff irq 17 at device 31.5 on pci0\npcm0: [ITHREAD]\npcm0: primary codec not ready!\npcm0: \u003cAnalog Devices AD1980 AC97 Codec\u003e\ncpu0: \u003cACPI CPU\u003e on acpi0\np4tcc0: \u003cCPU Frequency Thermal Control\u003e on cpu0\nacpi_button0: \u003cPower Button\u003e on acpi0\natrtc0: \u003cAT realtime clock\u003e port 0x70-0x7f irq 8 on acpi0\npmtimer0 on isa0\norm0: \u003cISA Option ROMs\u003e at iomem 0xc0000-0xca7ff,0xca800-0xcbfff pnpid ORM0000 on isa0\nsc0: \u003cSystem console\u003e at flags 0x100 on isa0\nsc0: VGA \u003c16 virtual consoles, flags=0x300\u003e\nvga0: \u003cGeneric ISA VGA\u003e at port 0x3c0-0x3df iomem 0xa0000-0xbffff on isa0\natkbdc0: \u003cKeyboard controller (i8042)\u003e at port 0x60,0x64 on isa0\natkbd0: \u003cAT Keyboard\u003e irq 1 on atkbdc0\nkbd0 at atkbd0\natkbd0: [GIANT-LOCKED]\natkbd0: [ITHREAD]\nums0: \u003cvendor 0x0461 USB Optical Mouse, class 0/0, rev 2.00/2.00, addr 2\u003e on uhub1\nums0: 3 buttons and Z dir.\nWARNING: ZFS is considered to be an experimental feature in FreeBSD.\nTimecounter \"TSC\" frequency 2793012705 Hz quality 800\nTimecounters tick every 1.000 msec\nad0: 38146MB \u003cWDC WD400BB-75JHC0 06.01C06\u003e at ata0-master UDMA100\nZFS filesystem version 6\nZFS storage pool version 6\nacd0: CDROM \u003cGCR-8485B/1.05\u003e at ata1-master UDMA33\nad4: 238475MB \u003cMaxtor 7Y250M0 YAR511W0\u003e at ata2-master SATA150\nWARNING: WITNESS option enabled, expect reduced performance.\nlock order reversal: (sleepable after non-sleepable)\n 1st 0xc3e57020 struct mount mtx (struct mount mtx) @ /usr/src/sys/kern/vfs_subr.c:338\n 2nd 0xc3e57000 vfslock (vfslock) @ /usr/src/sys/kern/vfs_subr.c:365\nKDB: stack backtrace:\ndb_trace_self_wrapper(c0765c5e,eee4eb6c,c057b70e,c076833d,c3e57000,...) at db_trace_self_wrapper+0x26\nkdb_backtrace(c076833d,c3e57000,c076e245,c076e245,c076e7e2,...) at kdb_backtrace+0x29\nwitness_checkorder(c3e57000,1,c076e7e2,16d,4,...) at witness_checkorder+0x6de\n__lockmgr_args(c3e57000,200100,c3e57020,0,0,...) at __lockmgr_args+0x220\nvfs_busy(c3e57000,200,0,c3a17cc0,1,...) at vfs_busy+0x1bc\nvfs_mount_alloc(0,c07a0960,c076e588,c3a17cc0,c05b9060,...) at vfs_mount_alloc+0x78\nvfs_mountroot(c07eb690,4,c075d7e8,264,0,...) at vfs_mountroot+0x26c\nstart_init(0,eee4ed38,c075f17e,30d,c3a15cf8,...) at start_init+0x65\nfork_exit(c05077f0,0,eee4ed38) at fork_exit+0xb8\nfork_trampoline() at fork_trampoline+0x8\n--- trap 0, eip = 0, esp = 0xeee4ed70, ebp = 0 ---\nlock order reversal: (sleepable after non-sleepable)\n 1st 0xc3be4eb0 vnode interlock (vnode interlock) @ /usr/src/sys/fs/devfs/devfs_vnops.c:197\n 2nd 0xc3be4e90 devfs (devfs) @ /usr/src/sys/kern/vfs_subr.c:2046\nKDB: stack backtrace:\ndb_trace_self_wrapper(c0765c5e,eee4ea98,c057b70e,c076833d,c3be4e90,...) at db_trace_self_wrapper+0x26\nkdb_backtrace(c076833d,c3be4e90,c0759138,c0759138,c076e7e2,...) at kdb_backtrace+0x29\nwitness_checkorder(c3be4e90,9,c076e7e2,7fe,c3be4e90,...) at witness_checkorder+0x6de\n__lockmgr_args(c3be4e90,80100,c3be4eb0,0,0,...) at __lockmgr_args+0x777\nvop_stdlock(eee4eb90,c0759315,c075c4d5,80100,c3be4e38,...) at vop_stdlock+0x62\nVOP_LOCK1_APV(c07a09e0,eee4eb90,c07d2a60,c3be4e38,80100,...) at VOP_LOCK1_APV+0xa5\n_vn_lock(c3be4e38,80100,c076e7e2,7fe,c0759315,...) at _vn_lock+0x5e\nvget(c3be4e38,80100,c3a17cc0,c6,c3e52854,...) at vget+0x9c\ndevfs_allocv(c3e55000,c3e57000,eee4ec20,c3a17cc0,c3a17d64,...) at devfs_allocv+0x11d\ndevfs_root(c3e57000,80000,c083dfb8,c3a17cc0,4,...) at devfs_root+0x51\nset_rootvnode(c083dfa0,0,c076e147,5f6,c05b9060,...) at set_rootvnode+0x2d\nvfs_mountroot(c07eb690,4,c075d7e8,264,0,...) at vfs_mountroot+0x34c\nstart_init(0,eee4ed38,c075f17e,30d,c3a15cf8,...) at start_init+0x65\nfork_exit(c05077f0,0,eee4ed38) at fork_exit+0xb8\nfork_trampoline() at fork_trampoline+0x8\n--- trap 0, eip = 0, esp = 0xeee4ed70, ebp = 0 ---\nlock order reversal:\n 1st 0xc3be4e90 devfs (devfs) @ /usr/src/sys/kern/vfs_subr.c:2046\n 2nd 0xc3e52854 devfsmount (devfsmount) @ /usr/src/sys/fs/devfs/devfs_vnops.c:201\nKDB: stack backtrace:\ndb_trace_self_wrapper(c0765c5e,eee4ebb4,c057b70e,c076833d,c3e52854,...) at db_trace_self_wrapper+0x26\nkdb_backtrace(c076833d,c3e52854,c07592d4,c07592d4,c0759315,...) at kdb_backtrace+0x29\nwitness_checkorder(c3e52854,9,c0759315,c9,c7,...) at witness_checkorder+0x6de\n_sx_xlock(c3e52854,0,c0759315,c9,c3e52854,...) at _sx_xlock+0x7d\ndevfs_allocv(c3e55000,c3e57000,eee4ec20,c3a17cc0,c3a17d64,...) at devfs_allocv+0x142\ndevfs_root(c3e57000,80000,c083dfb8,c3a17cc0,4,...) at devfs_root+0x51\nset_rootvnode(c083dfa0,0,c076e147,5f6,c05b9060,...) at set_rootvnode+0x2d\nvfs_mountroot(c07eb690,4,c075d7e8,264,0,...) at vfs_mountroot+0x34c\nstart_init(0,eee4ed38,c075f17e,30d,c3a15cf8,...) at start_init+0x65\nfork_exit(c05077f0,0,eee4ed38) at fork_exit+0xb8\nfork_trampoline() at fork_trampoline+0x8\n--- trap 0, eip = 0, esp = 0xeee4ed70, ebp = 0 ---\nTrying to mount root from ufs:/dev/ad4s1a\nlock order reversal: (sleepable after non-sleepable)\n 1st 0xc3be4ba0 bufobj interlock (bufobj interlock) @ /usr/src/sys/kern/vfs_bio.c:2442\n 2nd 0xe3a77088 bufwait (bufwait) @ /usr/src/sys/kern/vfs_bio.c:2456\nKDB: stack backtrace:\ndb_trace_self_wrapper(c0765c5e,eee4e790,c057b70e,c076833d,e3a77088,...) at db_trace_self_wrapper+0x26\nkdb_backtrace(c076833d,e3a77088,c076d139,c076d139,c076c6e8,...) at kdb_backtrace+0x29\nwitness_checkorder(e3a77088,9,c076c6e8,998,4,...) at witness_checkorder+0x6de\n__lockmgr_args(e3a77088,81900,c3be4ba0,c076d095,50,...) at __lockmgr_args+0x777\ngetblk(c3be4af0,0,0,800,0,...) at getblk+0x153\nbreadn(c3be4af0,0,0,800,0,...) at breadn+0x44\nbread(c3be4af0,0,0,800,0,...) at bread+0x4c\nffs_blkatoff(c3be4af0,0,0,0,eee4e9a8,...) at ffs_blkatoff+0xd1\nufs_lookup(eee4e9ec,c3be4af0,eee4eb50,c3be4af0,eee4ea0c,...) at ufs_lookup+0x2b5\nVOP_CACHEDLOOKUP_APV(c07c22e0,eee4e9ec,eee4eb50,eee4eb3c,c39e0900,...) at VOP_CACHEDLOOKUP_APV+0xa5\nvfs_cache_lookup(eee4ea6c,eee4ea6c,500000c,80000,c3be4af0,...) at vfs_cache_lookup+0xd0\nVOP_LOOKUP_APV(c07c22e0,eee4ea6c,c076def5,1b0,eee4eb3c,...) at VOP_LOOKUP_APV+0xa5\nlookup(eee4eb24,c076def5,d8,c0,c39e0a2c,...) at lookup+0x56e\nnamei(eee4eb24,eee4eb28,c057aeec,c05326bc,c083d810,...) at namei+0x44b\nkern_unlinkat(c3a17cc0,ffffff9c,c076e584,1,eee4ec5c,...) at kern_unlinkat+0x46\nkern_unlink(c3a17cc0,c076e584,1,631,0,...) at kern_unlink+0x27\nvfs_mountroot_try(c076e73e,c075c4d7,c0757354,1,c05b9060,...) at vfs_mountroot_try+0x472\nvfs_mountroot(c07eb690,4,c075d7e8,264,0,...) at vfs_mountroot+0x40e\nstart_init(0,eee4ed38,c075f17e,30d,c3a15cf8,...) at start_init+0x65\nfork_exit(c05077f0,0,eee4ed38) at fork_exit+0xb8\nfork_trampoline() at fork_trampoline+0x8\n--- trap 0, eip = 0, esp = 0xeee4ed70, ebp = 0 ---\nIP Filter: v4.1.28 initialized.  Default = pass all, Logging = enabled\nukbd0: \u003cDell Dell USB Keyboard, class 0/0, rev 1.10/3.01, addr 3\u003e on uhub1\nkbd2 at ukbd0\nlock order reversal:\n 1st 0xc61ab5d0 ufs (ufs) @ /usr/src/sys/kern/vfs_subr.c:2046\n 2nd 0xc07ea0f8 kernel linker (kernel linker) @ /usr/src/sys/kern/kern_linker.c:687\nKDB: stack backtrace:\ndb_trace_self_wrapper(c0765c5e,f2e586c8,c057b70e,c076833d,c07ea0f8,...) at db_trace_self_wrapper+0x26\nkdb_backtrace(c076833d,c07ea0f8,c075fb74,c075fb74,c075fbb8,...) at kdb_backtrace+0x29\nwitness_checkorder(c07ea0f8,9,c075fbb8,2af,f2e58718,...) at witness_checkorder+0x6de\n_sx_xlock(c07ea0f8,0,c075fbb8,2af,c075fbb8,...) at _sx_xlock+0x7d\nlinker_file_lookup_set(c483b800,c075fc0a,f2e58734,f2e58730,0,...) at linker_file_lookup_set+0x4a\nlinker_file_register_sysctls(c07ea0f8,c075fbb8,19d,17c,0,...) at linker_file_register_sysctls+0x2d\nlinker_load_module(c6256d50,0,f2e58940,f2e5893c,f2e58938,...) at linker_load_module+0x92f\nlinker_load_dependencies(c4787d00,0,c6256ba0,2a4,4ba0,...) at linker_load_dependencies+0x194\nlink_elf_load_file(c07acd20,c42c48a0,f2e58c24,17c,0,...) at link_elf_load_file+0x4d7\nlinker_load_module(0,f2e58c4c,c075fbb8,3c7,81d5dd0,...) at linker_load_module+0x8cb\nkern_kldload(c486bcc0,c3b92400,f2e58c70,0,0,...) at kern_kldload+0xc8\nkldload(c486bcc0,f2e58cfc,4,c0768aae,c07a5ba0,...) at kldload+0x74\nsyscall(f2e58d38) at syscall+0x2a3\nXint0x80_syscall() at Xint0x80_syscall+0x20\n--- syscall (304, FreeBSD ELF32, kldload), eip = 0x284d68fb, esp = 0xbfbfea6c, ebp = 0xbfbfea78 ---\ndrm0: \u003cIntel i865G GMCH\u003e on vgapci0\ninfo: [drm] AGP at 0xe8000000 128MB\ninfo: [drm] Initialized i915 1.5.0 20060119\ndrm0: [ITHREAD]\n\nHow-To-Repeat: I just update src and build everything and kernel."
}