{
 "id": 1109663,
 "bug_id": 247441,
 "attachment_id": 0,
 "creation_time": "2020-06-20T17:29:41Z",
 "creator": "pauamma@gundo.com",
 "text": "[Editor's note: filing this on behalf of Scott Bennett \u003cbennett@sdf.org\u003e who can't file it due to being unable to run X or a GUI browser, as requested by Mark Linimon in IRC.]\n\n     After a random uptime, messages like the following appear in\n/var/log/messages.  The next messages to appear are the copyright lines\nof the next reboot.\n\ndrmn0: ring 0 stalled for more than 10011msec                                                                                                                                                                     \ndrmn0: GPU lockup (current fence id 0x0000000000029cee last fence id 0x0000000000029d02 on ring 0)                                                                                                                \ndrmn0: failed to get a new IB (-11)                                                                                                                                                                               \n[drm:radeon_cs_ib_fill] Failed to get ib !                                                                                                                                                                        \ndrmn0: Saved 631 dwords of commands on ring 0.\n\n     drm-fbsd11.2-kmod appears to work beautifully, except for one little\nproblem.  If xorg is running, then after some random uptime between 3 hours\nand 35 hours, the GPU apparently hangs, turning my screen light blue with\nvery pale blue vertical pinstripes two pixels wide and separated by\nsomewhere around eight or ten pixels all the way across the screen.  It's\nreasonably pretty, but not what I want.  Messages prefixed with \"drmn0: \"\nare placed into /var/log/messages, informing that the GPU is not responding\nand sometimes that the system will be rebooted in 10 seconds, is what does\nhappen every time.  After some seconds have elapsed, the system crashes down\ninto the BIOS, which goes through a reset and stops, waiting for approval to\ncontinue because one of the fan power connectors on the motherboard is\nnot currently in use.  An orderly shutdown is *not* done, so I have to pick\nup quite a few pieces to get things running again.\n     These crashes do not occur as long as I don't run xorg and just use the\ndefault eight virtual consoles, i.e., character mode only.\n\nExample of Xorg.0.log dated 14 December 2019:\n\n[   757.454]\nX.Org X Server 1.18.4\nRelease Date: 2016-07-19\n[   757.454] X Protocol Version 11, Revision 0\n[   757.454] Build Operating System: FreeBSD 11.3-STABLE amd64\n[   757.454] Current Operating System: FreeBSD hellas 11.3-STABLE FreeBSD 11.3-STABLE #19 r355521: Sun Dec  8 14:41:54 CST 2019     bennett@hellas:/usr/obj/usr/src/sys/hellas amd64\n[   757.454] Build Date: 22 September 2019  05:11:08PM\n[   757.454]  \n[   757.454] Current version of pixman: 0.38.4\n[   757.454]     Before reporting problems, check http://wiki.x.org\n    to make sure that you have the latest version.\n[   757.454] Markers: (--) probed, (**) from config file, (==) default setting,\n    (++) from command line, (!!) notice, (II) informational,\n    (WW) warning, (EE) error, (NI) not implemented, (??) unknown.\n[   757.454] (==) Log file: \"/var/log/Xorg.0.log\", Time: Sat Dec 14 18:25:55 2019\n[   757.537] (==) Using config directory: \"/usr/local/etc/X11/xorg.conf.d\"\n[   757.537] (==) Using system config directory \"/usr/local/share/X11/xorg.conf.d\"\n[   757.555] (==) No Layout section.  Using the first Screen section.\n[   757.555] (==) No screen section available. Using defaults.\n[   757.555] (**) |--\u003eScreen \"Default Screen Section\" (0)\n[   757.555] (**) |   |--\u003eMonitor \"\u003cdefault monitor\u003e\"\n[   757.557] (==) No monitor specified for screen \"Default Screen Section\".\n    Using a default monitor configuration.\n[   757.557] (==) Automatically adding devices\n[   757.557] (==) Automatically enabling devices\n[   757.557] (==) Not automatically adding GPU devices\n[   757.559] (==) Max clients allowed: 256, resource mask: 0x1fffff\n[   758.273] (**) FontPath set to:\n    /usr/local/share/fonts/100dpi,\n    /usr/local/share/fonts/75dpi,\n    /usr/local/share/fonts/adobe-cmaps,\n    /usr/local/share/fonts/Caladea,\n    /usr/local/share/fonts/cantarell,\n    /usr/local/share/fonts/Carlito,\n    /usr/local/share/fonts/cyrillic,\n    /usr/local/share/fonts/dejavu,\n    /usr/local/share/fonts/Droid,\n    /usr/local/share/fonts/freefont-ttf,\n    /usr/local/share/fonts/GentiumBasic,\n    /usr/local/share/fonts/GentiumPlus,\n    /usr/local/share/fonts/libdockapp,\n    /usr/local/share/fonts/Liberation,\n    /usr/local/share/fonts/LinLibertineG,\n    /usr/local/share/fonts/Lohit,\n    /usr/local/share/fonts/misc,\n    /usr/local/share/fonts/nanum-ttf,\n    /usr/local/share/fonts/OTF,\n    /usr/local/share/fonts/stix,\n    /usr/local/share/fonts/terminus-font,\n    /usr/local/share/fonts/TrueType,\n    /usr/local/share/fonts/TTF,\n    /usr/local/share/fonts/twemoji-color-font-ttf,\n    /usr/local/share/fonts/Type1,\n    /usr/local/share/fonts/misc/,\n    /usr/local/share/fonts/TTF/,\n    /usr/local/share/fonts/OTF/,\n    /usr/local/share/fonts/Type1/,\n    /usr/local/share/f\n[   758.273] (==) ModulePath set to \"/usr/local/lib/xorg/modules\"\n[   758.273] (II) The server relies on devd to provide the list of input devices.\n    If no devices become available, reconfigure devd or disable AutoAddDevices.\n[   758.273] (II) Loader magic: 0x84ae90\n[   758.273] (II) Module ABI versions:\n[   758.273]     X.Org ANSI C Emulation: 0.4\n[   758.273]     X.Org Video Driver: 20.0\n[   758.273]     X.Org XInput driver : 22.1\n[   758.273]     X.Org Server Extension : 9.0\n[   758.273] (--) PCI:*(0:2:0:0) 1002:68b8:1002:2543 rev 0, Mem @ 0xc0000000/268435456, 0xdfdc0000/131072, I/O @ 0x00009c00/256, BIOS @ 0x????????/65536\n[   758.273] (II) LoadModule: \"glx\"\n[   758.275] (II) Loading /usr/local/lib/xorg/modules/extensions/libglx.so\n[   758.791] (II) Module glx: vendor=\"X.Org Foundation\"\n[   758.791]     compiled for 1.18.4, module version = 1.0.0\n[   758.791]     ABI class: X.Org Server Extension, version 9.0\n[   758.791] (==) AIGLX enabled\n[   758.791] (==) Matched ati as autoconfigured driver 0\n[   758.791] (==) Matched modesetting as autoconfigured driver 1\n[   758.791] (==) Matched scfb as autoconfigured driver 2\n[   758.791] (==) Matched vesa as autoconfigured driver 3\n[   758.791] (==) Assigned the driver to the xf86ConfigLayout\n[   758.791] (II) LoadModule: \"ati\"\n[   758.817] (II) Loading /usr/local/lib/xorg/modules/drivers/ati_drv.so\n[   758.831] (II) Module ati: vendor=\"X.Org Foundation\"\n[   758.831]     compiled for 1.18.4, module version = 19.0.1\n[   758.831]     Module class: X.Org Video Driver\n[   758.831]     ABI class: X.Org Video Driver, version 20.0\n[   758.831] (II) LoadModule: \"radeon\"\n[   758.831] (II) Loading /usr/local/lib/xorg/modules/drivers/radeon_drv.so\n[   759.004] (II) Module radeon: vendor=\"X.Org Foundation\"\n[   759.004]     compiled for 1.18.4, module version = 19.0.1\n[   759.004]     Module class: X.Org Video Driver\n[   759.004]     ABI class: X.Org Video Driver, version 20.0\n[   759.004] (II) LoadModule: \"modesetting\"\n[   759.004] (II) Loading /usr/local/lib/xorg/modules/drivers/modesetting_drv.so\n[   759.080] (II) Module modesetting: vendor=\"X.Org Foundation\"\n[   759.080]     compiled for 1.18.4, module version = 1.18.4\n[   759.080]     Module class: X.Org Video Driver\n[   759.080]     ABI class: X.Org Video Driver, version 20.0\n[   759.080] (II) LoadModule: \"scfb\"\n[   759.080] (II) Loading /usr/local/lib/xorg/modules/drivers/scfb_drv.so\n[   759.093] (II) Module scfb: vendor=\"X.Org Foundation\"\n[   759.093]     compiled for 1.18.4, module version = 0.0.4\n[   759.093]     ABI class: X.Org Video Driver, version 20.0\n[   759.093] (II) LoadModule: \"vesa\"\n[   759.093] (II) Loading /usr/local/lib/xorg/modules/drivers/vesa_drv.so\n[   759.130] (II) Module vesa: vendor=\"X.Org Foundation\"\n[   759.130]     compiled for 1.18.4, module version = 2.4.0\n[   759.130]     Module class: X.Org Video Driver\n[   759.131]     ABI class: X.Org Video Driver, version 20.0\n[   759.131] (II) RADEON: Driver for ATI/AMD Radeon chipsets:\n    ATI Radeon Mobility X600 (M24), ATI FireMV 2400,\n    ATI Radeon Mobility X300 (M24), ATI FireGL M24 GL,\n    ATI Radeon X600 (RV380), ATI FireGL V3200 (RV380),\n    ATI Radeon IGP320 (A3), ATI Radeon IGP330/340/350 (A4),\n    ATI Radeon 9500, ATI Radeon 9600TX, ATI FireGL Z1, ATI Radeon 9800SE,\n    ATI Radeon 9800, ATI FireGL X2, ATI Radeon 9600, ATI Radeon 9600SE,\n    ATI Radeon 9600XT, ATI FireGL T2, ATI Radeon 9650, ATI FireGL RV360,\n    ATI Radeon 7000 IGP (A4+), ATI Radeon 8500 AIW,\n    ATI Radeon IGP320M (U1), ATI Radeon IGP330M/340M/350M (U2),\n    ATI Radeon Mobility 7000 IGP, ATI Radeon 9000/PRO, ATI Radeon 9000,\n    ATI Radeon X800 (R420), ATI Radeon X800PRO (R420),\n    ATI Radeon X800SE (R420), ATI FireGL X3 (R420),\n    ATI Radeon Mobility 9800 (M18), ATI Radeon X800 SE (R420),\n    ATI Radeon X800XT (R420), ATI Radeon X800 VE (R420),\n    ATI Radeon X850 (R480), ATI Radeon X850 XT (R480),\n    ATI Radeon X850 SE (R480), ATI Radeon X850 PRO (R480),\n    ATI Radeon X850 XT PE (R480), ATI Radeon Mobility M7,\n    ATI Mobility FireGL 7800 M7, ATI Radeon Mobility M6,\n    ATI FireGL Mobility 9000 (M9), ATI Radeon Mobility 9000 (M9),\n    ATI Radeon 9700 Pro, ATI Radeon 9700/9500Pro, ATI FireGL X1,\n    ATI Radeon 9800PRO, ATI Radeon 9800XT,\n    ATI Radeon Mobility 9600/9700 (M10/M11),\n    ATI Radeon Mobility 9600 (M10), ATI Radeon Mobility 9600 (M11),\n    ATI FireGL Mobility T2 (M10), ATI FireGL Mobility T2e (M11),\n    ATI Radeon, ATI FireGL 8700/8800, ATI Radeon 8500, ATI Radeon 9100,\n    ATI Radeon 7500, ATI Radeon VE/7000, ATI ES1000,\n    ATI Radeon Mobility X300 (M22), ATI Radeon Mobility X600 SE (M24C),\n    ATI FireGL M22 GL, ATI Radeon X800 (R423), ATI Radeon X800PRO (R423),\n    ATI Radeon X800LE (R423), ATI Radeon X800SE (R423),\n    ATI Radeon X800 XTP (R430), ATI Radeon X800 XL (R430),\n    ATI Radeon X800 SE (R430), ATI Radeon X800 (R430),\n    ATI FireGL V7100 (R423), ATI FireGL V5100 (R423),\n    ATI FireGL unknown (R423), ATI Mobility FireGL V5000 (M26),\n    ATI Mobility Radeon X700 XL (M26), ATI Mobility Radeon X700 (M26),\n    ATI Radeon X550XTX, ATI Radeon 9100 IGP (A5),\n    ATI Radeon Mobility 9100 IGP (U3), ATI Radeon XPRESS 200,\n    ATI Radeon XPRESS 200M, ATI Radeon 9250, ATI Radeon 9200,\n    ATI Radeon 9200SE, ATI FireMV 2200, ATI Radeon X300 (RV370),\n    ATI Radeon X600 (RV370), ATI Radeon X550 (RV370),\n    ATI FireGL V3100 (RV370), ATI FireMV 2200 PCIE (RV370),\n    ATI Radeon Mobility 9200 (M9+), ATI Mobility Radeon X800 XT (M28),\n    ATI Mobility FireGL V5100 (M28), ATI Mobility Radeon X800 (M28),\n    ATI Radeon X850, ATI unknown Radeon / FireGL (R480),\n    ATI Radeon X800XT (R423), ATI FireGL V5000 (RV410),\n    ATI Radeon X700 XT (RV410), ATI Radeon X700 PRO (RV410),\n    ATI Radeon X700 SE (RV410), ATI Radeon X700 (RV410),\n    ATI Radeon X1800, ATI Mobility Radeon X1800 XT,\n    ATI Mobility Radeon X1800, ATI Mobility FireGL V7200,\n    ATI FireGL V7200, ATI FireGL V5300, ATI Mobility FireGL V7100,\n    ATI FireGL V7300, ATI FireGL V7350, ATI Radeon X1600, ATI RV505,\n    ATI Radeon X1300/X1550, ATI Radeon X1550, ATI M54-GL,\n    ATI Mobility Radeon X1400, ATI Radeon X1550 64-bit,\n    ATI Mobility Radeon X1300, ATI Radeon X1300, ATI FireGL V3300,\n    ATI FireGL V3350, ATI Mobility Radeon X1450,\n    ATI Mobility Radeon X2300, ATI Mobility Radeon X1350,\n    ATI FireMV 2250, ATI Radeon X1650, ATI Mobility FireGL V5200,\n    ATI Mobility Radeon X1600, ATI Radeon X1300 XT/X1600 Pro,\n    ATI FireGL V3400, ATI Mobility FireGL V5250,\n    ATI Mobility Radeon X1700, ATI Mobility Radeon X1700 XT,\n    ATI FireGL V5200, ATI Radeon X2300HD, ATI Mobility Radeon HD 2300,\n    ATI Radeon X1950, ATI Radeon X1900, ATI AMD Stream Processor,\n    ATI RV560, ATI Mobility Radeon X1900, ATI Radeon X1950 GT, ATI RV570,\n    ATI FireGL V7400, ATI Radeon 9100 PRO IGP,\n    ATI Radeon Mobility 9200 IGP, ATI Radeon X1200, ATI RS740,\n    ATI RS740M, ATI Radeon HD 2900 XT, ATI Radeon HD 2900 Pro,\n    ATI Radeon HD 2900 GT, ATI FireGL V8650, ATI FireGL V8600,\n    ATI FireGL V7600, ATI Radeon 4800 Series, ATI Radeon HD 4870 x2,\n    ATI Radeon HD 4850 x2, ATI FirePro V8750 (FireGL),\n    ATI FirePro V7760 (FireGL), ATI Mobility RADEON HD 4850,\n    ATI Mobility RADEON HD 4850 X2, ATI FirePro RV770,\n    AMD FireStream 9270, AMD FireStream 9250, ATI FirePro V8700 (FireGL),\n    ATI Mobility RADEON HD 4870, ATI Mobility RADEON M98,\n    ATI FirePro M7750, ATI M98, ATI Mobility Radeon HD 4650,\n    ATI Radeon RV730 (AGP), ATI Mobility Radeon HD 4670,\n    ATI FirePro M5750, ATI RV730XT [Radeon HD 4670], ATI RADEON E4600,\n    ATI Radeon HD 4600 Series, ATI RV730 PRO [Radeon HD 4650],\n    ATI FirePro V7750 (FireGL), ATI FirePro V5700 (FireGL),\n    ATI FirePro V3750 (FireGL), ATI Mobility Radeon HD 4830,\n    ATI Mobility Radeon HD 4850, ATI FirePro M7740, ATI RV740,\n    ATI Radeon HD 4770, ATI Radeon HD 4700 Series, ATI RV610,\n    ATI Radeon HD 2400 XT, ATI Radeon HD 2400 Pro,\n    ATI Radeon HD 2400 PRO AGP, ATI FireGL V4000, ATI Radeon HD 2350,\n    ATI Mobility Radeon HD 2400 XT, ATI Mobility Radeon HD 2400,\n    ATI RADEON E2400, ATI FireMV 2260, ATI RV670, ATI Radeon HD3870,\n    ATI Mobility Radeon HD 3850, ATI Radeon HD3850,\n    ATI Mobility Radeon HD 3850 X2, ATI Mobility Radeon HD 3870,\n    ATI Mobility Radeon HD 3870 X2, ATI Radeon HD3870 X2,\n    ATI FireGL V7700, ATI Radeon HD3690, AMD Firestream 9170,\n    ATI Radeon HD 4550, ATI Radeon RV710, ATI Radeon HD 4350,\n    ATI Mobility Radeon 4300 Series, ATI Mobility Radeon 4500 Series,\n    ATI FirePro RG220, ATI Mobility Radeon 4330, ATI RV630,\n    ATI Mobility Radeon HD 2600, ATI Mobility Radeon HD 2600 XT,\n    ATI Radeon HD 2600 XT AGP, ATI Radeon HD 2600 Pro AGP,\n    ATI Radeon HD 2600 XT, ATI Radeon HD 2600 Pro, ATI Gemini RV630,\n    ATI Gemini Mobility Radeon HD 2600 XT, ATI FireGL V5600,\n    ATI FireGL V3600, ATI Radeon HD 2600 LE,\n    ATI Mobility FireGL Graphics Processor, ATI Radeon HD 3470,\n    ATI Mobility Radeon HD 3430, ATI Mobility Radeon HD 3400 Series,\n    ATI Radeon HD 3450, ATI Radeon HD 3430, ATI FirePro V3700,\n    ATI FireMV 2450, ATI Radeon HD 3600 Series, ATI Radeon HD 3650 AGP,\n    ATI Radeon HD 3600 PRO, ATI Radeon HD 3600 XT,\n    ATI Mobility Radeon HD 3650, ATI Mobility Radeon HD 3670,\n    ATI Mobility FireGL V5700, ATI Mobility FireGL V5725,\n    ATI Radeon HD 3200 Graphics, ATI Radeon 3100 Graphics,\n    ATI Radeon HD 3300 Graphics, ATI Radeon 3000 Graphics, SUMO, SUMO2,\n    ATI Radeon HD 4200, ATI Radeon 4100, ATI Mobility Radeon HD 4200,\n    ATI Mobility Radeon 4100, ATI Radeon HD 4290, ATI Radeon HD 4250,\n    AMD Radeon HD 6310 Graphics, AMD Radeon HD 6250 Graphics,\n    AMD Radeon HD 6300 Series Graphics,\n    AMD Radeon HD 6200 Series Graphics, PALM, CYPRESS,\n    ATI FirePro (FireGL) Graphics Adapter, AMD Firestream 9370,\n    AMD Firestream 9350, ATI Radeon HD 5800 Series,\n    ATI Radeon HD 5900 Series, ATI Mobility Radeon HD 5800 Series,\n    ATI Radeon HD 5700 Series, ATI Radeon HD 6700 Series,\n    ATI Mobility Radeon HD 5000 Series, ATI Mobility Radeon HD 5570,\n    ATI Radeon HD 5670, ATI Radeon HD 5570, ATI Radeon HD 5500 Series,\n    REDWOOD, ATI Mobility Radeon Graphics, CEDAR, ATI FirePro 2270,\n    ATI Radeon HD 5450, CAYMAN, AMD Radeon HD 6900 Series,\n    AMD Radeon HD 6900M Series, Mobility Radeon HD 6000 Series, BARTS,\n    AMD Radeon HD 6800 Series, AMD Radeon HD 6700 Series, TURKS, CAICOS,\n    ARUBA, TAHITI, PITCAIRN, VERDE, OLAND, HAINAN, BONAIRE, KABINI,\n    MULLINS, KAVERI, HAWAII\n[   759.140] (II) modesetting: Driver for Modesetting Kernel Drivers: kms\n[   759.140] (II) scfb: driver for wsdisplay framebuffer: scfb\n[   759.140] (II) VESA: driver for VESA chipsets: vesa\n[   759.140] (--) Using syscons driver with X support (version 2.0)\n[   759.140] (--) using VT number 9\n\n[   759.321] (II) [KMS] Kernel modesetting enabled.\n[   759.321] (WW) Falling back to old probe method for modesetting\n[   759.321] (WW) Falling back to old probe method for scfb\n[   759.321] scfb trace: probe start\n[   759.321] scfb trace: probe done\n[   759.321] (WW) VGA arbiter: cannot open kernel arbiter, no multi-card support\n[   759.321] (II) RADEON(0): Creating default Display subsection in Screen section\n    \"Default Screen Section\" for depth/fbbpp 24/32\n[   759.321] (==) RADEON(0): Depth 24, (--) framebuffer bpp 32\n[   759.321] (II) RADEON(0): Pixel depth = 24 bits stored in 4 bytes (32 bpp pixmaps)\n[   759.321] (==) RADEON(0): Default visual is TrueColor\n[   759.322] (==) RADEON(0): RGB weight 888\n[   759.322] (II) RADEON(0): Using 8 bits per RGB (8 bit DAC)\n[   759.322] (--) RADEON(0): Chipset: \"ATI Radeon HD 5700 Series\" (ChipID = 0x68b8)\n[   759.322] (II) Loading sub module \"fb\"\n[   759.322] (II) LoadModule: \"fb\"\n[   759.336] (II) Loading /usr/local/lib/xorg/modules/libfb.so\n[   759.370] (II) Module fb: vendor=\"X.Org Foundation\"\n[   759.370]     compiled for 1.18.4, module version = 1.0.0\n[   759.370]     ABI class: X.Org ANSI C Emulation, version 0.4\n[   759.370] (II) Loading sub module \"dri2\"\n[   759.370] (II) LoadModule: \"dri2\"\n[   759.370] (II) Module \"dri2\" already built-in\n[   761.381] (II) Loading sub module \"glamoregl\"\n[   761.381] (II) LoadModule: \"glamoregl\"\n[   761.382] (II) Loading /usr/local/lib/xorg/modules/libglamoregl.so\n[   761.480] (II) Module glamoregl: vendor=\"X.Org Foundation\"\n[   761.480]     compiled for 1.18.4, module version = 1.0.0\n[   761.480]     ABI class: X.Org ANSI C Emulation, version 0.4\n[   761.480] (II) glamor: OpenGL accelerated X.org driver based.\n[   761.523] (II) glamor: EGL version 1.5:\n[   761.586] (II) RADEON(0): glamor detected, initialising EGL layer.\n[   761.586] (II) RADEON(0): KMS Color Tiling: enabled\n[   761.586] (II) RADEON(0): KMS Color Tiling 2D: enabled\n[   761.586] (==) RADEON(0): TearFree property default: auto\n[   761.586] (II) RADEON(0): KMS Pageflipping: enabled\n[   761.604] (II) RADEON(0): Output DisplayPort-0 has no monitor section\n[   761.604] (II) RADEON(0): Output HDMI-0 has no monitor section\n[   761.636] (II) RADEON(0): Output DVI-0 has no monitor section\n[   761.642] (II) RADEON(0): Output DVI-1 has no monitor section\n[   761.660] (II) RADEON(0): EDID for output DisplayPort-0\n[   761.660] (II) RADEON(0): EDID for output HDMI-0\n[   761.692] (II) RADEON(0): EDID for output DVI-0\n[   761.692] (II) RADEON(0): Manufacturer: DEL  Model: 4038  Serial#: 808792405\n[   761.692] (II) RADEON(0): Year: 2008  Week: 25\n[   761.692] (II) RADEON(0): EDID Version: 1.3\n[   761.692] (II) RADEON(0): Analog Display Input,  Input Voltage Level: 0.700/0.700 V\n[   761.692] (II) RADEON(0): Sync:  Separate\n[   761.692] (II) RADEON(0): Max Image Size [cm]: horiz.: 47  vert.: 29\n[   761.692] (II) RADEON(0): Gamma: 2.20\n[   761.692] (II) RADEON(0): DPMS capabilities: StandBy Suspend Off; RGB/Color Display\n[   761.692] (II) RADEON(0): First detailed timing is preferred mode\n[   761.692] (II) RADEON(0): redX: 0.669 redY: 0.322   greenX: 0.220 greenY: 0.668\n[   761.692] (II) RADEON(0): blueX: 0.146 blueY: 0.077   whiteX: 0.313 whiteY: 0.329\n[   761.692] (II) RADEON(0): Supported established timings:\n[   761.692] (II) RADEON(0): 720x400@70Hz\n[   761.692] (II) RADEON(0): 640x480@60Hz\n[   761.692] (II) RADEON(0): 640x480@75Hz\n[   761.692] (II) RADEON(0): 800x600@60Hz\n[   761.692] (II) RADEON(0): 800x600@75Hz\n[   761.692] (II) RADEON(0): 1024x768@60Hz\n[   761.692] (II) RADEON(0): 1024x768@75Hz\n[   761.692] (II) RADEON(0): 1280x1024@75Hz\n[   761.692] (II) RADEON(0): Manufacturer's mask: 0\n[   761.692] (II) RADEON(0): Supported standard timings:\n[   761.692] (II) RADEON(0): #0: hsize: 1152  vsize 864  refresh: 75  vid: 20337\n[   761.692] (II) RADEON(0): #1: hsize: 1280  vsize 1024  refresh: 60  vid: 32897\n[   761.692] (II) RADEON(0): #2: hsize: 1680  vsize 1050  refresh: 60  vid: 179\n[   761.692] (II) RADEON(0): Supported detailed timing:\n[   761.692] (II) RADEON(0): clock: 146.2 MHz   Image Size:  473 x 296 mm\n[   761.692] (II) RADEON(0): h_active: 1680  h_sync: 1784  h_sync_end 1960 h_blank_end 2240 h_border: 0\n[   761.692] (II) RADEON(0): v_active: 1050  v_sync: 1053  v_sync_end 1059 v_blanking: 1089 v_border: 0\n[   761.692] (II) RADEON(0): Serial No: G494H86F051U\n[   761.692] (II) RADEON(0): Monitor name: SP2208WFP\n[   761.692] (II) RADEON(0): Ranges: V min: 56 V max: 76 Hz, H min: 30 H max: 83 kHz, PixClock max 165 MHz\n[   761.692] (II) RADEON(0): EDID (in hex):\n[   761.693] (II) RADEON(0):     00ffffffffffff0010ac384055313530\n[   761.693] (II) RADEON(0):     19120103682f1d78ea64b5ab5238ab25\n[   761.693] (II) RADEON(0):     135054a54b00714f8180b30001010101\n[   761.693] (II) RADEON(0):     01010101010121399030621a274068b0\n[   761.693] (II) RADEON(0):     3600d9281100001c000000ff00473439\n[   761.693] (II) RADEON(0):     3448383646303531550a000000fc0053\n[   761.693] (II) RADEON(0):     50323230385746500a202020000000fd\n[   761.693] (II) RADEON(0):     00384c1e5310000a2020202020200080\n[   761.693] (II) RADEON(0): Printing probed modes for output DVI-0\n[   761.693] (II) RADEON(0): Modeline \"1680x1050\"x60.0  146.25  1680 1784 1960 2240  1050 1053 1059 1089 -hsync +vsync (65.3 kHz eP)\n[   761.693] (II) RADEON(0): Modeline \"1280x1024\"x75.0  135.00  1280 1296 1440 1688  1024 1025 1028 1066 +hsync +vsync (80.0 kHz e)\n[   761.693] (II) RADEON(0): Modeline \"1280x1024\"x60.0  108.00  1280 1328 1440 1688  1024 1025 1028 1066 +hsync +vsync (64.0 kHz e)\n[   761.693] (II) RADEON(0): Modeline \"1152x864\"x75.0  108.00  1152 1216 1344 1600  864 865 868 900 +hsync +vsync (67.5 kHz e)\n[   761.693] (II) RADEON(0): Modeline \"1024x768\"x75.0   78.75  1024 1040 1136 1312  768 769 772 800 +hsync +vsync (60.0 kHz e)\n[   761.693] (II) RADEON(0): Modeline \"1024x768\"x60.0   65.00  1024 1048 1184 1344  768 771 777 806 -hsync -vsync (48.4 kHz e)\n[   761.693] (II) RADEON(0): Modeline \"800x600\"x75.0   49.50  800 816 896 1056  600 601 604 625 +hsync +vsync (46.9 kHz e)\n[   761.693] (II) RADEON(0): Modeline \"800x600\"x60.3   40.00  800 840 968 1056  600 601 605 628 +hsync +vsync (37.9 kHz e)\n[   761.693] (II) RADEON(0): Modeline \"640x480\"x75.0   31.50  640 656 720 840  480 481 484 500 -hsync -vsync (37.5 kHz e)\n[   761.693] (II) RADEON(0): Modeline \"640x480\"x59.9   25.18  640 656 752 800  480 490 492 525 -hsync -vsync (31.5 kHz e)\n[   761.693] (II) RADEON(0): Modeline \"720x400\"x70.1   28.32  720 738 846 900  400 412 414 449 -hsync +vsync (31.5 kHz e)\n[   761.699] (II) RADEON(0): EDID for output DVI-1\n[   761.699] (II) RADEON(0): Output DisplayPort-0 disconnected\n[   761.699] (II) RADEON(0): Output HDMI-0 disconnected\n[   761.699] (II) RADEON(0): Output DVI-0 connected\n[   761.699] (II) RADEON(0): Output DVI-1 disconnected\n[   761.699] (II) RADEON(0): Using exact sizes for initial modes\n[   761.699] (II) RADEON(0): Output DVI-0 using initial mode 1680x1050 +0+0\n[   761.699] (II) RADEON(0): Using default gamma of (1.0, 1.0, 1.0) unless otherwise stated.\n[   761.699] (II) RADEON(0): mem size init: gart size :3fdde000 vram size: s:40000000 visible:f5bd000\n[   761.699] (==) RADEON(0): DPI set to (96, 96)\n[   761.699] (II) Loading sub module \"ramdac\"\n[   761.699] (II) LoadModule: \"ramdac\"\n[   761.699] (II) Module \"ramdac\" already built-in\n[   761.699] (II) UnloadModule: \"modesetting\"\n[   761.699] (II) Unloading modesetting\n[   761.699] (II) UnloadModule: \"scfb\"\n[   761.699] (II) Unloading scfb\n[   761.699] (II) UnloadModule: \"vesa\"\n[   761.699] (II) Unloading vesa\n[   761.699] (--) Depth 24 pixmap format is 32 bpp\n[   761.716] (II) RADEON(0): [DRI2] Setup complete\n[   761.716] (II) RADEON(0): [DRI2]   DRI driver: r600\n[   761.716] (II) RADEON(0): [DRI2]   VDPAU driver: r600\n[   761.716] (II) RADEON(0): Front buffer size: 7087K\n[   761.716] (II) RADEON(0): VRAM usage limit set to 220007K\n[   761.736] (II) RADEON(0): SYNC extension fences enabled\n[   761.736] (II) RADEON(0): Present extension enabled\n[   761.736] (==) RADEON(0): DRI3 enabled\n[   761.736] (==) RADEON(0): Backing store enabled\n[   761.736] (II) RADEON(0): Direct rendering enabled\n[   761.787] (II) RADEON(0): Use GLAMOR acceleration.\n[   761.787] (II) RADEON(0): Acceleration enabled\n[   761.787] (==) RADEON(0): DPMS enabled\n[   761.787] (==) RADEON(0): Silken mouse enabled\n[   761.787] (II) RADEON(0): Set up textured video (glamor)\n[   761.800] (II) RADEON(0): [XvMC] Associated with GLAMOR Textured Video.\n[   761.800] (II) RADEON(0): [XvMC] Extension initialized.\n[   761.800] (II) RADEON(0): RandR 1.2 enabled, ignore the following RandR disabled message.\n[   761.801] (--) RandR disabled\n[   761.811] (II) AIGLX: enabled GLX_MESA_copy_sub_buffer\n[   761.811] (II) AIGLX: enabled GLX_ARB_create_context\n[   761.811] (II) AIGLX: enabled GLX_ARB_create_context_profile\n[   761.811] (II) AIGLX: enabled GLX_EXT_create_context_es{,2}_profile\n[   761.812] (II) AIGLX: enabled GLX_INTEL_swap_event\n[   761.812] (II) AIGLX: enabled GLX_SGI_swap_control and GLX_MESA_swap_control\n[   761.812] (II) AIGLX: enabled GLX_EXT_framebuffer_sRGB\n[   761.812] (II) AIGLX: enabled GLX_ARB_fbconfig_float\n[   761.812] (II) AIGLX: enabled GLX_EXT_fbconfig_packed_float\n[   761.812] (II) AIGLX: GLX_EXT_texture_from_pixmap backed by buffer objects\n[   761.812] (II) AIGLX: enabled GLX_ARB_create_context_robustness\n[   761.813] (II) AIGLX: Loaded and initialized r600\n[   761.813] (II) GLX: Initialized DRI2 GL provider for screen 0\n[   761.823] (II) RADEON(0): Setting screen physical size to 444 x 277\n[   762.793] (II) config/devd: probing input devices...\n[   762.793] (II) config/devd: adding input device (null) (/dev/kbdmux)\n[   762.793] (II) LoadModule: \"kbd\"\n[   762.793] (II) Loading /usr/local/lib/xorg/modules/input/kbd_drv.so\n[   762.801] (II) Module kbd: vendor=\"X.Org Foundation\"\n[   762.801]     compiled for 1.18.4, module version = 1.9.0\n[   762.802]     Module class: X.Org XInput Driver\n[   762.802]     ABI class: X.Org XInput driver, version 22.1\n[   762.802] (II) Using input driver 'kbd' for 'kbdmux'\n[   762.802] (**) kbdmux: always reports core events\n[   762.802] (**) kbdmux: always reports core events\n[   762.802] (**) Option \"Protocol\" \"standard\"\n[   762.802] (**) Option \"XkbRules\" \"base\"\n[   762.802] (**) Option \"XkbModel\" \"pc105\"\n[   762.802] (**) Option \"XkbLayout\" \"us\"\n[   762.802] (**) Option \"config_info\" \"devd:kbdmux\"\n[   762.802] (II) XINPUT: Adding extended input device \"kbdmux\" (type: KEYBOARD, id 6)\n[   762.993] (II) config/devd: kbdmux is enabled, ignoring device ukbd0\n[   762.993] (II) config/devd: kbdmux is enabled, ignoring device ukbd1\n[   762.993] (II) config/devd: kbdmux is enabled, ignoring device atkbd0\n[   762.993] (II) config/devd: adding input device (null) (/dev/sysmouse)\n[   762.993] (II) LoadModule: \"mouse\"\n[   762.994] (II) Loading /usr/local/lib/xorg/modules/input/mouse_drv.so\n[   763.023] (II) Module mouse: vendor=\"X.Org Foundation\"\n[   763.023]     compiled for 1.18.4, module version = 1.9.3\n[   763.023]     Module class: X.Org XInput Driver\n[   763.023]     ABI class: X.Org XInput driver, version 22.1\n[   763.023] (II) Using input driver 'mouse' for 'sysmouse'\n[   763.023] (**) sysmouse: always reports core events\n[   763.023] (**) Option \"Device\" \"/dev/sysmouse\"\n[   763.023] (==) sysmouse: Protocol: \"Auto\"\n[   763.023] (**) sysmouse: always reports core events\n[   763.023] (==) sysmouse: Emulate3Buttons, Emulate3Timeout: 50\n[   763.023] (**) sysmouse: ZAxisMapping: buttons 4 and 5\n[   763.023] (**) sysmouse: Buttons: 5\n[   763.023] (**) Option \"config_info\" \"devd:sysmouse\"\n[   763.023] (II) XINPUT: Adding extended input device \"sysmouse\" (type: MOUSE, id 7)\n[   763.023] (**) sysmouse: (accel) keeping acceleration scheme 1\n[   763.023] (**) sysmouse: (accel) acceleration profile 0\n[   763.023] (**) sysmouse: (accel) acceleration factor: 2.000\n[   763.023] (**) sysmouse: (accel) acceleration threshold: 4\n[   763.023] (II) sysmouse: SetupAuto: hw.iftype is 4, hw.model is 0\n[   763.023] (II) sysmouse: SetupAuto: protocol is SysMouse\n[   763.024] (II) config/devd: device /dev/ums0 already opened\n[   763.024] (II) config/devd: device /dev/ums1 already opened\n[  1246.688] (II) RADEON(0): EDID vendor \"DEL\", prod id 16440\n[  1246.688] (II) RADEON(0): Using EDID range info for horizontal sync\n[  1246.688] (II) RADEON(0): Using EDID range info for vertical refresh\n[  1246.688] (II) RADEON(0): Printing DDC gathered Modelines:\n[  1246.688] (II) RADEON(0): Modeline \"1680x1050\"x0.0  146.25  1680 1784 1960 2240  1050 1053 1059 1089 -hsync +vsync (65.3 kHz eP)\n[  1246.688] (II) RADEON(0): Modeline \"800x600\"x0.0   40.00  800 840 968 1056  600 601 605 628 +hsync +vsync (37.9 kHz e)\n[  1246.688] (II) RADEON(0): Modeline \"640x480\"x0.0   31.50  640 656 720 840  480 481 484 500 -hsync -vsync (37.5 kHz e)\n[  1246.688] (II) RADEON(0): Modeline \"640x480\"x0.0   25.18  640 656 752 800  480 490 492 525 -hsync -vsync (31.5 kHz e)\n[  1246.688] (II) RADEON(0): Modeline \"720x400\"x0.0   28.32  720 738 846 900  400 412 414 449 -hsync +vsync (31.5 kHz e)\n[  1246.689] (II) RADEON(0): Modeline \"1280x1024\"x0.0  135.00  1280 1296 1440 1688  1024 1025 1028 1066 +hsync +vsync (80.0 kHz e)\n[  1246.689] (II) RADEON(0): Modeline \"1024x768\"x0.0   78.75  1024 1040 1136 1312  768 769 772 800 +hsync +vsync (60.0 kHz e)\n[  1246.689] (II) RADEON(0): Modeline \"1024x768\"x0.0   65.00  1024 1048 1184 1344  768 771 777 806 -hsync -vsync (48.4 kHz e)\n[  1246.689] (II) RADEON(0): Modeline \"800x600\"x0.0   49.50  800 816 896 1056  600 601 604 625 +hsync +vsync (46.9 kHz e)\n[  1246.689] (II) RADEON(0): Modeline \"1152x864\"x0.0  108.00  1152 1216 1344 1600  864 865 868 900 +hsync +vsync (67.5 kHz e)\n[  1246.689] (II) RADEON(0): Modeline \"1280x1024\"x0.0  108.00  1280 1328 1440 1688  1024 1025 1028 1066 +hsync +vsync (64.0 kHz e)\n[  1246.744] (II) RADEON(0): EDID vendor \"DEL\", prod id 16440\n[  1246.744] (II) RADEON(0): Using hsync ranges from config file\n[  1246.744] (II) RADEON(0): Using vrefresh ranges from config file\n[  1246.744] (II) RADEON(0): Printing DDC gathered Modelines:\n[  1246.744] (II) RADEON(0): Modeline \"1680x1050\"x0.0  146.25  1680 1784 1960 2240  1050 1053 1059 1089 -hsync +vsync (65.3 kHz eP)\n[  1246.744] (II) RADEON(0): Modeline \"800x600\"x0.0   40.00  800 840 968 1056  600 601 605 628 +hsync +vsync (37.9 kHz e)\n[  1246.744] (II) RADEON(0): Modeline \"640x480\"x0.0   31.50  640 656 720 840  480 481 484 500 -hsync -vsync (37.5 kHz e)\n[  1246.744] (II) RADEON(0): Modeline \"640x480\"x0.0   25.18  640 656 752 800  480 490 492 525 -hsync -vsync (31.5 kHz e)\n[  1246.744] (II) RADEON(0): Modeline \"720x400\"x0.0   28.32  720 738 846 900  400 412 414 449 -hsync +vsync (31.5 kHz e)\n[  1246.744] (II) RADEON(0): Modeline \"1280x1024\"x0.0  135.00  1280 1296 1440 1688  1024 1025 1028 1066 +hsync +vsync (80.0 kHz e)\n[  1246.744] (II) RADEON(0): Modeline \"1024x768\"x0.0   78.75  1024 1040 1136 1312  768 769 772 800 +hsync +vsync (60.0 kHz e)\n[  1246.744] (II) RADEON(0): Modeline \"1024x768\"x0.0   65.00  1024 1048 1184 1344  768 771 777 806 -hsync -vsync (48.4 kHz e)\n[  1246.744] (II) RADEON(0): Modeline \"800x600\"x0.0   49.50  800 816 896 1056  600 601 604 625 +hsync +vsync (46.9 kHz e)\n[  1246.745] (II) RADEON(0): Modeline \"1152x864\"x0.0  108.00  1152 1216 1344 1600  864 865 868 900 +hsync +vsync (67.5 kHz e)\n[  1246.745] (II) RADEON(0): Modeline \"1280x1024\"x0.0  108.00  1280 1328 1440 1688  1024 1025 1028 1066 +hsync +vsync (64.0 kHz e)\n[  1712.388] (II) config/devd: ignoring device hdac0\n[  1712.406] (II) config/devd: ignoring device hdac1\n[  1712.441] (II) config/devd: ignoring device pcm0\n[  1712.444] (II) config/devd: ignoring device pcm1\n[  1712.448] (II) config/devd: ignoring device pcm2\n[  1712.458] (II) config/devd: ignoring device pcm3\n[  1712.460] (II) config/devd: ignoring device hdaa0\n[  1712.460] (II) config/devd: ignoring device hdacc0\n[  1712.471] (II) config/devd: ignoring device pcm4\n[  1712.477] (II) config/devd: ignoring device hdaa1\n[  1712.478] (II) config/devd: ignoring device hdacc1\n\ndmesg output:\n\nCopyright (c) 1992-2020 The FreeBSD Project.\nCopyright (c) 1979, 1980, 1983, 1986, 1988, 1989, 1991, 1992, 1993, 1994\n    The Regents of the University of California. All rights reserved.\nFreeBSD is a registered trademark of The FreeBSD Foundation.\nFreeBSD 11.3-STABLE #23 r359068: Wed Mar 18 14:31:28 CDT 2020\n    bennett@hellas:/usr/obj/usr/src/sys/hellas amd64\nFreeBSD clang version 8.0.1 (tags/RELEASE_801/final 366581) (based on LLVM 8.0.1)\nVT(vga): resolution 640x480\nCPU microcode: updated from 0x60b to 0x60f\nCPU: Intel(R) Core(TM)2 Extreme CPU X9650  @ 3.00GHz (3333.40-MHz K8-class CPU)\n  Origin=\"GenuineIntel\"  Id=0x10676  Family=0x6  Model=0x17  Stepping=6\n  Features=0xbfebfbff\u003cFPU,VME,DE,PSE,TSC,MSR,PAE,MCE,CX8,APIC,SEP,MTRR,PGE,MCA,CMOV,PAT,PSE36,CLFLUSH,DTS,ACPI,MMX,FXSR,SSE,SSE2,SS,HTT,TM,PBE\u003e\n  Features2=0x8e3bd\u003cSSE3,DTES64,MON,DS_CPL,VMX,EST,TM2,SSSE3,CX16,xTPR,PDCM,SSE4.1\u003e\n  AMD Features=0x20100800\u003cSYSCALL,NX,LM\u003e\n  AMD Features2=0x1\u003cLAHF\u003e\n  VT-x: HLT,PAUSE\n  TSC: P-state invariant, performance statistics\nreal memory  = 8589934592 (8192 MB)\navail memory = 8260100096 (7877 MB)\nEvent timer \"LAPIC\" quality 100\nACPI APIC Table: \u003cDELL   MC09   \u003e\nFreeBSD/SMP: Multiprocessor System Detected: 4 CPUs\nFreeBSD/SMP: 1 package(s) x 4 core(s)\nWARNING: VIMAGE (virtualized network stack) is a highly experimental feature.\nioapic0: Changing APIC ID to 4\nioapic0 \u003cVersion 1.1\u003e irqs 0-23 on motherboard\nSMP: AP CPU #3 Launched!\nSMP: AP CPU #2 Launched!\nSMP: AP CPU #1 Launched!\nTimecounter \"TSC-low\" frequency 1666698635 Hz quality 1000\nrandom: entropy device external interface\nkbd1 at kbdmux0\nmodule_register_init: MOD_LOAD (vesa, 0xffffffff80fb35e0, 0) error 19\nnexus0\nvtvga0: \u003cVT VGA driver\u003e on motherboard\ncryptosoft0: \u003csoftware crypto\u003e on motherboard\naesni0: No AESNI support.\nacpi0: \u003cDELL MC09   \u003e on motherboard\nacpi0: Power Button (fixed)\ncpu0: \u003cACPI CPU\u003e on acpi0\ncpu1: \u003cACPI CPU\u003e on acpi0\ncpu2: \u003cACPI CPU\u003e on acpi0\ncpu3: \u003cACPI CPU\u003e on acpi0\nattimer0: \u003cAT timer\u003e port 0x40-0x43 on acpi0\nTimecounter \"i8254\" frequency 1193182 Hz quality 0\nEvent timer \"i8254\" frequency 1193182 Hz quality 100\nhpet0: \u003cHigh Precision Event Timer\u003e iomem 0xfeff0000-0xfeff03ff irq 0,8 on acpi0\ndevice_attach: hpet0 attach returned 12\natrtc0: \u003cAT realtime clock\u003e port 0x70-0x71,0x72-0x73 on acpi0\natrtc0: registered as a time-of-day clock, resolution 1.000000s\nEvent timer \"RTC\" frequency 32768 Hz quality 0\nTimecounter \"ACPI-fast\" frequency 3579545 Hz quality 900\nacpi_timer0: \u003c32-bit timer at 3.579545MHz\u003e port 0x1008-0x100b on acpi0\nacpi_button0: \u003cPower Button\u003e on acpi0\npcib0: \u003cACPI Host-PCI bridge\u003e port 0xcf8-0xcff on acpi0\npci0: \u003cACPI PCI bus\u003e on pcib0\npci0: \u003cmemory, RAM\u003e at device 0.1 (no driver attached)\npci0: \u003cmemory, RAM\u003e at device 0.2 (no driver attached)\npci0: \u003cmemory, RAM\u003e at device 0.3 (no driver attached)\npci0: \u003cmemory, RAM\u003e at device 0.4 (no driver attached)\npci0: \u003cmemory, RAM\u003e at device 0.5 (no driver attached)\npci0: \u003cmemory, RAM\u003e at device 0.6 (no driver attached)\npci0: \u003cmemory, RAM\u003e at device 0.7 (no driver attached)\npci0: \u003cmemory, RAM\u003e at device 1.0 (no driver attached)\npci0: \u003cmemory, RAM\u003e at device 1.1 (no driver attached)\npci0: \u003cmemory, RAM\u003e at device 1.2 (no driver attached)\npci0: \u003cmemory, RAM\u003e at device 1.3 (no driver attached)\npci0: \u003cmemory, RAM\u003e at device 1.4 (no driver attached)\npci0: \u003cmemory, RAM\u003e at device 1.5 (no driver attached)\npci0: \u003cmemory, RAM\u003e at device 1.6 (no driver attached)\npci0: \u003cmemory, RAM\u003e at device 1.7 (no driver attached)\npcib1: \u003cACPI PCI-PCI bridge\u003e irq 16 at device 2.0 on pci0\npci1: \u003cACPI PCI bus\u003e on pcib1\npcib2: \u003cACPI PCI-PCI bridge\u003e irq 16 at device 4.0 on pci0\npci2: \u003cACPI PCI bus\u003e on pcib2\nvgapci0: \u003cVGA-compatible display\u003e port 0x9c00-0x9cff mem 0xc0000000-0xcfffffff,0xdfdc0000-0xdfddffff irq 16 at device 0.0 on pci2\nvgapci0: Boot video device\npci2: \u003cmultimedia, HDA\u003e at device 0.1 (no driver attached)\npci0: \u003cmemory, RAM\u003e at device 9.0 (no driver attached)\nisab0: \u003cPCI-ISA bridge\u003e port 0xfc00-0xfc7f at device 10.0 on pci0\nisa0: \u003cISA bus\u003e on isab0\nohci0: \u003cnVidia nForce MCP55 USB Controller\u003e mem 0xdffff000-0xdfffffff irq 22 at device 11.0 on pci0\nusbus0 on ohci0\nusbus0: 12Mbps Full Speed USB v1.0\nehci0: \u003cNVIDIA nForce MCP55 USB 2.0 controller\u003e mem 0xdfffe000-0xdfffe0ff irq 23 at device 11.1 on pci0\nusbus1: EHCI version 1.0\nusbus1 on ehci0\nusbus1: 480Mbps High Speed USB v2.0\natapci0: \u003cnVidia nForce MCP55 UDMA133 controller\u003e port 0x1f0-0x1f7,0x3f6,0x170-0x177,0x376,0xec00-0xec0f at device 13.0 on pci0\nata0: \u003cATA channel\u003e at channel 0 on atapci0\nata1: \u003cATA channel\u003e at channel 1 on atapci0\natapci1: \u003cnVidia nForce MCP55 SATA300 controller\u003e port 0x9f0-0x9f7,0xbf0-0xbf3,0x970-0x977,0xb70-0xb73,0xd800-0xd80f mem 0xdfffd000-0xdfffdfff irq 20 at device 14.0 on pci0\nata2: \u003cATA channel\u003e at channel 0 on atapci1\nata3: \u003cATA channel\u003e at channel 1 on atapci1\natapci2: \u003cnVidia nForce MCP55 SATA300 controller\u003e port 0x9e0-0x9e7,0xbe0-0xbe3,0x960-0x967,0xb60-0xb63,0xc400-0xc40f mem 0xdfffc000-0xdfffcfff irq 21 at device 14.1 on pci0\nata4: \u003cATA channel\u003e at channel 0 on atapci2\nata5: \u003cATA channel\u003e at channel 1 on atapci2\natapci3: \u003cnVidia nForce MCP55 SATA300 controller\u003e port 0xc000-0xc007,0xbc00-0xbc03,0xb800-0xb807,0xb400-0xb403,0xb000-0xb00f mem 0xdfffb000-0xdfffbfff irq 20 at device 14.2 on pci0\nata6: \u003cATA channel\u003e at channel 0 on atapci3\nata7: \u003cATA channel\u003e at channel 1 on atapci3\npcib3: \u003cACPI PCI-PCI bridge\u003e at device 15.0 on pci0\npci3: \u003cACPI PCI bus\u003e on pcib3\nfwohci0: \u003cTexas Instruments TSB43AB22/A\u003e mem 0xdfeff000-0xdfeff7ff,0xdfef8000-0xdfefbfff irq 19 at device 7.0 on pci3\nfwohci0: OHCI version 1.10 (ROM=0)\nfwohci0: No. of Isochronous channels is 4.\nfwohci0: EUI64 52:f6:94:66:00:1d:09:8a\nfwohci0: Phy 1394a available S400, 2 ports.\nfwohci0: Link S400, max_rec 2048 bytes.\nfirewire0: \u003cIEEE1394(FireWire) bus\u003e on fwohci0\ndcons_crom0: \u003cdcons configuration ROM\u003e on firewire0\ndcons_crom0: bus_addr 0x5a000\nfwe0: \u003cEthernet over FireWire\u003e on firewire0\nif_fwe0: Fake Ethernet address: 52:f6:94:1d:09:8a\nfwe0: Ethernet address: 52:f6:94:1d:09:8a\nfwip0: \u003cIP over FireWire\u003e on firewire0\nfwip0: Firewire address: 52:f6:94:66:00:1d:09:8a @ 0xfffe00000000, S400, maxrec 2048\nsbp0: \u003cSBP-2/SCSI over FireWire\u003e on firewire0\nfwohci0: Initiate bus reset\nfwohci0: fwohci_intr_core: BUS reset\nfwohci0: PhysicalUpperBound register is not implemented.  Physical memory access is limited to the first 4GB\nfwohci0: PhysicalUpperBound = 0x00000000\nfwohci0: fwohci_intr_core: node_id=0x00000001, SelfID Count=1, CYCLEMASTER mode\nfirewire0: 2 nodes, maxhop \u003c= 1 cable IRM irm(1)  (me)\nfirewire0: bus manager 1\npci0: \u003cmultimedia, HDA\u003e at device 15.1 (no driver attached)\nnfe0: \u003cNVIDIA nForce MCP55 Networking Adapter\u003e port 0xac00-0xac07 mem 0xdfffa000-0xdfffafff,0xdfff9000-0xdfff90ff,0xdfff8000-0xdfff800f irq 23 at device 17.0 on pci0\nmiibus0: \u003cMII bus\u003e on nfe0\nukphy0: \u003cGeneric IEEE 802.3u media interface\u003e PHY 0 on miibus0\nukphy0:  none, 10baseT, 10baseT-FDX, 100baseTX, 100baseTX-FDX, 1000baseT, 1000baseT-master, 1000baseT-FDX, 1000baseT-FDX-master, auto, auto-flow\nnfe0: Using defaults for TSO: 65518/35/2048\nnfe0: Ethernet address: 00:22:19:0f:48:3d\nnfe1: \u003cNVIDIA nForce MCP55 Networking Adapter\u003e port 0xa800-0xa807 mem 0xdfff7000-0xdfff7fff,0xdfff6000-0xdfff60ff,0xdfff5000-0xdfff500f irq 22 at device 18.0 on pci0\nmiibus1: \u003cMII bus\u003e on nfe1\nukphy1: \u003cGeneric IEEE 802.3u media interface\u003e PHY 1 on miibus1\nukphy1:  none, 10baseT, 10baseT-FDX, 100baseTX, 100baseTX-FDX, 1000baseT, 1000baseT-master, 1000baseT-FDX, 1000baseT-FDX-master, auto, auto-flow\nnfe1: Using defaults for TSO: 65518/35/2048\nnfe1: Ethernet address: 00:22:19:0f:48:3e\npcib4: \u003cACPI PCI-PCI bridge\u003e at device 21.0 on pci0\npci4: \u003cACPI PCI bus\u003e on pcib4\natapci4: \u003cJMicron JMB363 UDMA133 controller\u003e port 0x8c00-0x8c07,0x8800-0x8803,0x8400-0x8407,0x8000-0x8003,0x7c00-0x7c0f mem 0xdfcfe000-0xdfcfffff irq 16 at device 0.0 on pci4\nahci0: \u003cJMicron JMB363 AHCI SATA controller\u003e at channel -1 on atapci4\nahci0: AHCI v1.00 with 2 3Gbps ports, Port Multiplier supported\nahci0: quirks=0x1\u003cNOFORCE\u003e\nahcich0: \u003cAHCI channel\u003e at channel 0 on ahci0\nahcich1: \u003cAHCI channel\u003e at channel 1 on ahci0\nata8: \u003cATA channel\u003e at channel 0 on atapci4\npcib5: \u003cACPI PCI-PCI bridge\u003e at device 22.0 on pci0\npci5: \u003cACPI PCI bus\u003e on pcib5\nxhci0: \u003cXHCI (generic) USB 3.0 controller\u003e mem 0xdfbfe000-0xdfbfffff irq 16 at device 0.0 on pci5\nxhci0: 64 bytes context size, 32-bit DMA\nxhci0: Unable to map MSI-X table\nusbus2 on xhci0\nusbus2: 5.0Gbps Super Speed USB v3.0\npcib6: \u003cACPI PCI-PCI bridge\u003e at device 23.0 on pci0\npci6: \u003cACPI PCI bus\u003e on pcib6\nxhci1: \u003cNEC uPD720200 USB 3.0 controller\u003e mem 0xdfafe000-0xdfafffff irq 16 at device 0.0 on pci6\nxhci1: 32 bytes context size, 32-bit DMA\nxhci1: Unable to map MSI-X table\nusbus3 on xhci1\nusbus3: 5.0Gbps Super Speed USB v3.0\nuart0: \u003c16550 or compatible\u003e port 0x3f8-0x3ff irq 4 flags 0x10 on acpi0\norm0: \u003cISA Option ROMs\u003e at iomem 0xd0000-0xd3fff,0xd4000-0xd6fff on isa0\natkbdc0: \u003cKeyboard controller (i8042)\u003e at port 0x60,0x64 on isa0\natkbd0: \u003cAT Keyboard\u003e irq 1 on atkbdc0\nkbd0 at atkbd0\natkbd0: [GIANT-LOCKED]\nppc0: cannot reserve I/O port range\ncoretemp0: \u003cCPU On-Die Thermal Sensors\u003e on cpu0\nest0: \u003cEnhanced SpeedStep Frequency Control\u003e on cpu0\ncoretemp1: \u003cCPU On-Die Thermal Sensors\u003e on cpu1\nest1: \u003cEnhanced SpeedStep Frequency Control\u003e on cpu1\ncoretemp2: \u003cCPU On-Die Thermal Sensors\u003e on cpu2\nest2: \u003cEnhanced SpeedStep Frequency Control\u003e on cpu2\ncoretemp3: \u003cCPU On-Die Thermal Sensors\u003e on cpu3\nest3: \u003cEnhanced SpeedStep Frequency Control\u003e on cpu3\nZFS filesystem version: 5\nZFS storage pool version: features support (5000)\nTimecounters tick every 1.000 msec\nDUMMYNET 0xfffff80003723380 with IPv6 initialized (100409)\nload_dn_sched dn_sched FQ_CODEL loaded\nload_dn_sched dn_sched FQ_PIE loaded\nload_dn_sched dn_sched PRIO loaded\nload_dn_sched dn_sched QFQ loaded\nload_dn_sched dn_sched RR loaded\nload_dn_sched dn_sched WF2Q+ loaded\nload_dn_sched dn_sched FIFO loaded\nload_dn_aqm dn_aqm CODEL loaded\nload_dn_aqm dn_aqm PIE loaded\nugen1.1: \u003cnVidia EHCI root HUB\u003e at usbus1\nugen0.1: \u003cnVidia OHCI root HUB\u003e at usbus0\nugen2.1: \u003c0x1912 XHCI root HUB\u003e at usbus2\nugen3.1: \u003c0x1033 XHCI root HUB\u003e at usbus3\nuhub0: \u003cnVidia EHCI root HUB, class 9/0, rev 2.00/1.00, addr 1\u003e on usbus1\nuhub1: \u003c0x1033 XHCI root HUB, class 9/0, rev 3.00/1.00, addr 1\u003e on usbus3\nuhub2: \u003cnVidia OHCI root HUB, class 9/0, rev 1.00/1.00, addr 1\u003e on usbus0\nuhub3: \u003c0x1912 XHCI root HUB, class 9/0, rev 3.00/1.00, addr 1\u003e on usbus2\nfirewire0: fw_explore_node: fwdev-\u003espeed(S800) decremented due to negotiation\nsbp0: sbp_show_sdev_info: sbp0:0:0: ordered:1 type:0 EUI:0090a99f91a48dde node:0 speed:2 maxrec:8\nsbp0: sbp_show_sdev_info: sbp0:0:0 'WD' 'My Book' '001028'\nsbp0: sbp_show_sdev_info: sbp0:0:1: ordered:1 type:13 EUI:0090a99f91a48dde node:0 speed:2 maxrec:8\nsbp0: sbp_show_sdev_info: sbp0:0:1 'WD' 'My Book' '001028'\nuhub1: 4 ports with 4 removable, self powered\nuhub2: 10 ports with 10 removable, self powered\nuhub3: 8 ports with 8 removable, self powered\nugen3.2: \u003cVIA Labs, Inc. USB3.0 Hub\u003e at usbus3\nuhub4 on uhub1\nuhub4: \u003cVIA Labs, Inc. USB3.0 Hub, class 9/0, rev 3.00/90.91, addr 1\u003e on usbus3\nuhub4: 4 ports with 4 removable, self powered\nugen2.2: \u003cSeagate Backup+ Desk\u003e at usbus2\numass0 on uhub3\numass0: \u003cSeagate Backup+ Desk, class 0/0, rev 3.00/1.00, addr 1\u003e on usbus2\numass0:  SCSI over Bulk-Only; quirks = 0x0100\numass0:12:0: Attached to scbus12\nugen3.3: \u003cVIA Labs, Inc. USB3.0 Hub\u003e at usbus3\nuhub5 on uhub4\nuhub5: \u003cVIA Labs, Inc. USB3.0 Hub, class 9/0, rev 3.00/90.91, addr 2\u003e on usbus3\nuhub5: 4 ports with 4 removable, self powered\nuhub0: 10 ports with 10 removable, self powered\nugen3.4: \u003cVIA Labs, Inc. USB2.0 Hub\u003e at usbus3\nuhub6 on uhub1\nuhub6: \u003cVIA Labs, Inc. USB2.0 Hub, class 9/0, rev 2.10/90.90, addr 3\u003e on usbus3\nuhub6: 4 ports with 4 removable, self powered\nugen1.2: \u003cvendor 0x05e3 USB2.0 Hub\u003e at usbus1\nuhub7 on uhub0\nuhub7: \u003cvendor 0x05e3 USB2.0 Hub, class 9/0, rev 2.00/32.98, addr 2\u003e on usbus1\nugen3.5: \u003cVIA Labs, Inc. USB2.0 Hub\u003e at usbus3\nuhub8 on uhub6\nuhub8: \u003cVIA Labs, Inc. USB2.0 Hub, class 9/0, rev 2.10/90.90, addr 4\u003e on usbus3\nuhub7: 4 ports with 4 removable, self powered\nuhub8: 4 ports with 4 removable, self powered\nugen1.3: \u003cLogitech USB Trackball\u003e at usbus1\n(probe7:umass-sim0:0:0:0): INQUIRY. CDB: 12 00 00 00 24 00\n(probe7:umass-sim0:0:0:0): CAM status: CCB request completed with an error\n(probe7:umass-sim0:0:0:0): Retrying command\nugen1.4: \u003cvendor 0x05e3 USB2.0 Hub\u003e at usbus1\nuhub9 on uhub0\nuhub9: \u003cvendor 0x05e3 USB2.0 Hub, class 9/0, rev 2.00/32.98, addr 4\u003e on usbus1\nugen2.3: \u003cSeagate FreeAgent GoFlex\u003e at usbus2\numass1 on uhub3\numass1: \u003cSeagate FreeAgent GoFlex, class 0/0, rev 3.00/1.00, addr 2\u003e on usbus2\numass1:  SCSI over Bulk-Only; quirks = 0xc101\numass1:13:1: Attached to scbus13\nuhub9: 4 ports with 4 removable, self powered\nugen0.2: \u003cDell Dell USB Keyboard Hub\u003e at usbus0\nuhub10 on uhub2\nuhub10: \u003cDell USB Keyboard Hub\u003e on usbus0\nugen1.5: \u003cvendor 0x04b4 product 0x6560\u003e at usbus1\nuhub11 on uhub0\nuhub11: \u003cvendor 0x04b4 product 0x6560, class 9/0, rev 2.00/90.15, addr 5\u003e on usbus1\nugen2.4: \u003cvendor 0x1f75 product 0x0621\u003e at usbus2\numass2 on uhub3\numass2: \u003cvendor 0x1f75 product 0x0621, class 0/0, rev 3.00/0.36, addr 3\u003e on usbus2\numass2:  SCSI over Bulk-Only; quirks = 0x0100\numass2:14:2: Attached to scbus14\nuhub10: 3 ports with 2 removable, bus powered\nuhub11: 4 ports with 4 removable, self powered\nugen0.3: \u003cDell Dell USB Keyboard\u003e at usbus0\nukbd0 on uhub10\nukbd0: \u003cDell USB Keyboard\u003e on usbus0\nkbd2 at ukbd0\nrandom: unblocking device.\nugen1.6: \u003cDELL CAB-200\u003e at usbus1\numass3 on uhub11\numass3: \u003cDELL CAB-200, class 0/0, rev 2.00/7.08, addr 6\u003e on usbus1\numass3:  SCSI over Bulk-Only; quirks = 0xc000\numass3:15:3: Attached to scbus15\n(probe7:umass-sim0:0:0:0): INQUIRY. CDB: 12 00 00 00 24 00\n(probe7:umass-sim0:0:0:0): CAM status: CCB request completed with an error\n(probe7:umass-sim0:0:0:0): Retrying command\nugen1.7: \u003cLogitech BT Mini-Receiver\u003e at usbus1\nuhub12 on uhub11\nuhub12: \u003cLogitech BT Mini-Receiver, class 9/0, rev 2.00/58.00, addr 7\u003e on usbus1\n(probe7:umass-sim0:0:0:0): INQUIRY. CDB: 12 00 00 00 24 00\n(probe7:umass-sim0:0:0:0): CAM status: CCB request completed with an error\n(probe7:umass-sim0:0:0:0): Retrying command\nuhub12: 3 ports with 0 removable, bus powered\nugen1.8: \u003cLogitech BT Mini-Receiver\u003e at usbus1\nugen1.9: \u003cLogitech BT Mini-Receiver\u003e at usbus1\nukbd1 on uhub12\nukbd1: \u003cLogitech BT Mini-Receiver, class 0/0, rev 2.00/58.00, addr 9\u003e on usbus1\nkbd3 at ukbd1\n(probe0:umass-sim2:2:0:0): INQUIRY. CDB: 12 00 00 00 24 00\n(probe0:umass-sim2:2:0:0): CAM status: CCB request completed with an error\n(probe0:umass-sim2:2:0:0): Retrying command\nugen1.10: \u003cLogitech BT Mini-Receiver\u003e at usbus1\n(probe0:umass-sim2:2:0:0): INQUIRY. CDB: 12 00 00 00 24 00\n(probe0:umass-sim2:2:0:0): CAM status: CCB request completed with an error\n(probe0:umass-sim2:2:0:0): Retrying command\nusbd_setup_device_desc: getting device descriptor at addr 4 failed, USB_ERR_STALLED\nusbd_setup_device_desc: getting device descriptor at addr 4 failed, USB_ERR_STALLED\nusbd_setup_device_desc: getting device descriptor at addr 4 failed, USB_ERR_STALLED\nusbd_setup_device_desc: getting device descriptor at addr 4 failed, USB_ERR_STALLED\nusbd_setup_device_desc: getting device descriptor at addr 4 failed, USB_ERR_STALLED\nugen0.4: \u003cUnknown \u003e at usbus0 (disconnected)\nuhub_reattach_port: could not allocate new device\n(probe0:umass-sim2:2:0:0): INQUIRY. CDB: 12 00 00 00 24 00\n(probe0:umass-sim2:2:0:0): CAM status: CCB request completed with an error\n(probe0:umass-sim2:2:0:0): Retrying command\n(probe0:umass-sim2:2:0:0): INQUIRY. CDB: 12 00 00 00 24 00\n(probe0:umass-sim2:2:0:0): CAM status: CCB request completed with an error\n(probe0:umass-sim2:2:0:0): Retrying command\nada0 at ata4 bus 0 scbus4 target 0 lun 0\nada0: \u003cST1000DM003-9YN162 CC4H\u003e ATA8-ACS SATA 3.x device\nada0: Serial Number Z1D4Y5W1\nada0: 300.000MB/s transfers (SATA 2.x, UDMA5, PIO 8192bytes)\nada0: 953869MB (1953525168 512 byte sectors)\nada0: quirks=0x1\u003c4K\u003e\nada1 at ata5 bus 0 scbus5 target 0 lun 0\nada1: \u003cWDC WD1003FZEX-00MK2A0 01.01A01\u003e ACS-2 ATA SATA 3.x device\nada1: Serial Number WD-WCC3F1AY9KR3\nada1: 300.000MB/s transfers (SATA 2.x, UDMA5, PIO 8192bytes)\nada1: 953869MB (1953525168 512 byte sectors)\nada1: quirks=0x1\u003c4K\u003e\nada2 at ata6 bus 0 scbus6 target 0 lun 0\nada2: \u003cST2000DM001-1CH164 CC27\u003e ACS-2 ATA SATA 3.x device\nada2: Serial Number Z1E4Q0T1\nada2: 300.000MB/s transfers (SATA 2.x, UDMA5, PIO 8192bytes)\nada2: 1907729MB (3907029168 512 byte sectors)\nada2: quirks=0x1\u003c4K\u003e\nada3 at ata7 bus 0 scbus7 target 0 lun 0\nada3: \u003cWDC WD2003FZEX-00SRLA0 01.01A01\u003e ACS-3 ATA SATA 3.x device\nada3: Serial Number WD-WCC6N7KD2YAK\nada3: 300.000MB/s transfers (SATA 2.x, UDMA5, PIO 8192bytes)\nada3: 1907729MB (3907029168 512 byte sectors)\nada3: quirks=0x1\u003c4K\u003e\nada4 at ahcich0 bus 0 scbus9 target 0 lun 0\nada4: \u003cWDC WD3000FYYZ-01UL1B3 01.01K04\u003e ATA8-ACS SATA 3.x device\nada4: Serial Number WD-WMC130F2V1RN\nada4: 150.000MB/s transfers (SATA 1.x, UDMA6, PIO 8192bytes)\nada4: Command Queueing enabled\nada4: 2861588MB (5860533168 512 byte sectors)\nses0 at sbp0 bus 0 scbus8 target 0 lun 1\ncd0 at ata2 bus 0 scbus2 target 0 lun 0\nses0: cd0: \u003cWD My Book Device \u003e Fixed Enclosure Services SPC-2 SCSI device\n\u003cHL-DT-ST DVD+-RW GSA-H73N C106\u003e Removable CD-ROM SCSI device\nses0: 50.000MB/s transferscd0: 150.000MB/s transfers\nses0: SES Device\n (SATA 1.x, UDMA5, ATAPI 12bytes, PIO 8192bytes)\ncd0: Attempt to query device size failed: NOT READY, Medium not present\ncd1 at ata3 bus 0 scbus3 target 0 lun 0\ncd1: \u003cPLDS BD-RE DH-4B1S 7D14\u003e Removable CD-ROM SCSI device\ncd1: Serial Number 0000090825\ncd1: 150.000MB/s transfers (SATA 1.x, UDMA5, ATAPI 12bytes, PIO 8192bytes)\ncd1: Attempt to query device size failed: NOT READY, Medium not present\nda2 at umass-sim1 bus 1 scbus13 target 0 lun 0\nda2: \u003cSeagate FreeAgent GoFlex 210\u003e Fixed Direct Access SCSI device\nda2: Serial Number NA0E8J03\nda2: 400.000MB/s transfers\nda2: 476940MB (976773167 512 byte sectors)\nda2: quirks=0x2\u003cNO_6_BYTE\u003e\nda3 at umass-sim2 bus 2 scbus14 target 0 lun 0\nda3: \u003cWDC WD30 00FYYZ-01UL1B3 \u003e Fixed Direct Access SPC-4 SCSI device\nda3: Serial Number 1\nda3: 400.000MB/s transfers\nda3: 2861588MB (5860533168 512 byte sectors)\nda3: quirks=0x2\u003cNO_6_BYTE\u003e\nda1 at umass-sim0 bus 0 scbus12 target 0 lun 0\nda1: \u003c  \u003e Fixed Direct Access SCSI device\nda1: Serial Number NA5KYLVM\nda1: 400.000MB/s transfers\nda1: 1907729MB (3907029167 512 byte sectors)\nda1: quirks=0x2\u003cNO_6_BYTE\u003e\nda0 at sbp0 bus 0 scbus8 target 0 lun 0\nda0: \u003cWD My Book 1028\u003e Fixed Direct Access SPC-2 SCSI device\nda0: 50.000MB/s transfers\nda0: 1907729MB (3907029168 512 byte sectors)\nda0: quirks=0x2\u003cNO_6_BYTE\u003e\nGEOM_ELI: Device ada0p2.eli created.\nGEOM_ELI: Encryption: AES-XTS 256\nGEOM_ELI:     Crypto: software\nda4 at umass-sim3 bus 3 scbus15 target 0 lun 0\nda4: \u003cDELL USB   HS-CF Card 7.08\u003e Removable Direct Access SCSI device\nda4: Serial Number 000001034CE8\nda4: 40.000MB/s transfers\nda4: Attempt to query device size failed: NOT READY, Medium not present\nda4: quirks=0x2\u003cNO_6_BYTE\u003e\nhwpmc: SOFT/16/64/0x67\u003cINT,USR,SYS,REA,WRI\u003e TSC/1/64/0x20\u003cREA\u003e IAP/2/40/0x3ff\u003cINT,USR,SYS,EDG,THR,REA,WRI,INV,QUA,PRC\u003e IAF/3/40/0x67\u003cINT,USR,SYS,REA,WRI\u003e\nTrying to mount root from zfs:system/ROOT/hellas.r359068 []...\nda5 at umass-sim3 bus 3 scbus15 target 0 lun 1\nda5: \u003cDELL USB   HS-xD/SM 7.08\u003e Removable Direct Access SCSI device\nda5: Serial Number 000001034CE8\nda5: 40.000MB/s transfers\nda5: Attempt to query device size failed: NOT READY, Medium not present\nda5: quirks=0x2\u003cNO_6_BYTE\u003e\nda6 at umass-sim3 bus 3 scbus15 target 0 lun 2\nda6: \u003cDELL USB   HS-MS Card 7.08\u003e Removable Direct Access SCSI device\nda6: Serial Number 000001034CE8\nda6: 40.000MB/s transfers\nda6: Attempt to query device size failed: NOT READY, Medium not present\nda6: quirks=0x2\u003cNO_6_BYTE\u003e\nda7 at umass-sim3 bus 3 scbus15 target 0 lun 3\nda7: \u003cDELL USB   HS-SD Card 7.08\u003e Removable Direct Access SCSI device\nda7: Serial Number 000001034CE8\nda7: 40.000MB/s transfers\nda7: Attempt to query device size failed: NOT READY, Medium not present\nda7: quirks=0x2\u003cNO_6_BYTE\u003e\nEnter passphrase for ada0p6: GEOM_ELI: Device ada0p6.eli created.\nGEOM_ELI: Encryption: AES-XTS 256\nGEOM_ELI:     Crypto: software\nGEOM_ELI: Device ada1p2.eli created.\nGEOM_ELI: Encryption: AES-XTS 256\nGEOM_ELI:     Crypto: software\nGEOM_MIRROR: Force device dbtor start due to timeout.\nGEOM_ELI: Device ada1p6.eli created.\nGEOM_ELI: Encryption: AES-XTS 256\nGEOM_ELI:     Crypto: software\nGEOM_MIRROR: Device mirror/dbtor launched (1/2).\nGEOM_ELI: Device ada1p13.eli created.\nGEOM_ELI: Encryption: AES-XTS 256\nGEOM_ELI:     Crypto: software\nEnter passphrase for ada4p1: GEOM_MIRROR: Force device bw1 start due to timeout.\nGEOM_MIRROR: Force device bw0 start due to timeout.\nGEOM_ELI: Wrong key for ada4p1. Tries left: 2.\nEnter passphrase for ada4p1: GEOM_ELI: Wrong key for ada4p1. Tries left: 1.\nEnter passphrase for ada4p1: GEOM_ELI: Wrong key for ada4p1. No tries left.\nGEOM_MIRROR: Device mirror/bw1 launched (1/2).GEOM_MIRROR\n: Device mirror/bw0 launched (1/2).\nGEOM_MIRROR: Cancelling unmapped because of da0p5.\nGEOM_MIRROR: Cancelling unmapped because of da1p5.\nGEOM_MIRROR: Device mirror/bw2 launched (2/2).\nEnter passphrase for da3p1: GEOM_ELI: Wrong key for da3p1. Tries left: 2.\nEnter passphrase for da3p1: GEOM_ELI: Wrong key for da3p1. Tries left: 1.\nEnter passphrase for da3p1: GEOM_ELI: Wrong key for da3p1. No tries left.\nEnter passphrase for gpt/WD-WMC130F2V1RN: GEOM_ELI: Wrong key for gpt/WD-WMC130F2V1RN. Tries left: 2.\nEnter passphrase for gpt/WD-WMC130F2V1RN: GEOM_ELI: Wrong key for gpt/WD-WMC130F2V1RN. Tries left: 1.\nEnter passphrase for gpt/WD-WMC130F2V1RN: GEOM_ELI: Wrong key for gpt/WD-WMC130F2V1RN. No tries left.\nGEOM_CONCAT: Device buildwork created (id=3312381894).\nGEOM_CONCAT: Disk mirror/bw1 attached to buildwork.\nGEOM_CONCAT: Disk mirror/bw0 attached to buildwork.\nGEOM_CONCAT: Disk mirror/bw2 attached to buildwork.\nGEOM_CONCAT: Device concat/buildwork activated.\nEnter passphrase for gpt/Insignia%20case-WD%20SN%201: GEOM_ELI: Wrong key for gpt/Insignia%20case-WD%20SN%201. Tries left: 2.\nEnter passphrase for gpt/Insignia%20case-WD%20SN%201: GEOM_ELI: Wrong key for gpt/Insignia%20case-WD%20SN%201. Tries left: 1.\nEnter passphrase for gpt/Insignia%20case-WD%20SN%201: GEOM_ELI: Wrong key for gpt/Insignia%20case-WD%20SN%201. No tries left.\nGEOM_ELI: Device mirror/dbtor.eli created.\nGEOM_ELI: Encryption: AES-XTS 256\nGEOM_ELI:     Crypto: software\nGEOM_ELI: Device ada0p4.eli created.\nGEOM_ELI: Encryption: AES-XTS 256\nGEOM_ELI:     Crypto: software\nGEOM_ELI: Device ada1p4.eli created.\nGEOM_ELI: Encryption: AES-XTS 256\nGEOM_ELI:     Crypto: software\nanon_inodefs_init:\ncan't re-use a leaf (debug)!\n[drm] radeon kernel modesetting enabled.\ndrmn0: \u003cdrmn\u003e on vgapci0\nvgapci0: child drmn0 requested pci_enable_io\nvgapci0: child drmn0 requested pci_enable_io\n[drm] initializing kernel modesetting (JUNIPER 0x1002:0x68B8 0x1002:0x2543 0x00).\n[drm] register mmio base: 0xDFDC0000\n[drm] register mmio size: 131072\n[drm:radeon_device_init] Unable to find PCI I/O BAR\n[drm:radeon_atombios_init] Unable to find PCI I/O BAR; using MMIO for ATOM IIO\nATOM BIOS: JUNIPER\ndrmn0: VRAM: 1024M 0x0000000000000000 - 0x000000003FFFFFFF (1024M used)\ndrmn0: GTT: 1024M 0x0000000040000000 - 0x000000007FFFFFFF\nFailed to add WC MTRR for [0xc0000000-0xcfffffff]: -22; performance may suffer\n[drm] Detected VRAM RAM=1024M, BAR=256M\n[drm] RAM width 128bits DDR\n[TTM] Zone  kernel: Available graphics memory: 4173008 kiB\n[TTM] Zone   dma32: Available graphics memory: 2097152 kiB\n[TTM] Initializing pool allocator\n[drm] radeon: 1024M of VRAM memory ready\n[drm] radeon: 1024M of GTT memory ready.\n[drm] Loading JUNIPER Microcode\nradeon/JUNIPER_pfp.bin: could not load firmware image, error 2\nradeon/JUNIPER_pfp.bin: could not load firmware image, error 2\nradeon/JUNIPER_me.bin: could not load firmware image, error 2\nradeon/JUNIPER_me.bin: could not load firmware image, error 2\nradeon/JUNIPER_rlc.bin: could not load firmware image, error 2\nradeon/JUNIPER_rlc.bin: could not load firmware image, error 2\nradeon/JUNIPER_smc.bin: could not load firmware image, error 2\nradeon/JUNIPER_smc.bin: could not load firmware image, error 2\n[drm] Internal thermal controller with fan control\n[drm] radeon: dpm initialized\nradeon/CYPRESS_uvd.bin: could not load firmware image, error 2\nradeon/CYPRESS_uvd.bin: could not load firmware image, error 2\n[drm] GART: num cpu pages 262144, num gpu pages 262144\n[drm] enabling PCIE gen 2 link speeds, disable with radeon.pcie_gen2=0\n[drm] PCIE GART of 1024M enabled (table at 0x000000000014C000).\ndrmn0: WB enabled\ndrmn0: fence driver on ring 0 use gpu addr 0x0000000040000c00 and cpu addr 0x0xfffff800447c6c00\ndrmn0: fence driver on ring 3 use gpu addr 0x0000000040000c0c and cpu addr 0x0xfffff800447c6c0c\ndrmn0: fence driver on ring 5 use gpu addr 0x000000000005c418 and cpu addr 0x0xfffff800c005c418\n[drm] Supports vblank timestamp caching Rev 2 (21.10.2013).\n[drm] Driver supports precise vblank timestamp query.\ndrmn0: radeon: MSI limited to 32-bit\n[drm] radeon: irq initialized.\n[drm] ring test on 0 succeeded in 1 usecs\n[drm] ring test on 3 succeeded in 2 usecs\n[drm] ring test on 5 succeeded in 1 usecs\n[drm] UVD initialized successfully.\n[drm] ib test on ring 0 succeeded in 0 usecs\n[drm] ib test on ring 3 succeeded in 0 usecs\n[drm] ib test on ring 5 succeeded\n[drm] hw_i2c forced on, you may experience display detection problems!\n[drm] Connector DP-1: get mode from tunables:\n[drm]   - kern.vt.fb.modes.DP-1\n[drm]   - kern.vt.fb.default_mode\n[drm] Connector HDMI-A-1: get mode from tunables:\n[drm]   - kern.vt.fb.modes.HDMI-A-1\n[drm]   - kern.vt.fb.default_mode\n[drm] Connector DVI-I-1: get mode from tunables:\n[drm]   - kern.vt.fb.modes.DVI-I-1\n[drm]   - kern.vt.fb.default_mode\n[drm] Connector DVI-I-2: get mode from tunables:\n[drm]   - kern.vt.fb.modes.DVI-I-2\n[drm]   - kern.vt.fb.default_mode\n[drm] Radeon Display Connectors\n[drm] Connector 0:\n[drm]   DP-1\n[drm]   HPD4\n[drm]   DDC: 0x6440 0x6440 0x6444 0x6444 0x6448 0x6448 0x644c 0x644c\n[drm]   Encoders:\n[drm]     DFP1: INTERNAL_UNIPHY2\n[drm] Connector 1:\n[drm]   HDMI-A-1\n[drm]   HPD5\n[drm]   DDC: 0x6430 0x6430 0x6434 0x6434 0x6438 0x6438 0x643c 0x643c\n[drm]   Encoders:\n[drm]     DFP2: INTERNAL_UNIPHY2\n[drm] Connector 2:\n[drm]   DVI-I-1\n[drm]   HPD1\n[drm]   DDC: 0x6460 0x6460 0x6464 0x6464 0x6468 0x6468 0x646c 0x646c\n[drm]   Encoders:\n[drm]     DFP3: INTERNAL_UNIPHY1\n[drm]     CRT2: INTERNAL_KLDSCP_DAC2\n[drm] Connector 3:\n[drm]   DVI-I-2\n[drm]   HPD6\n[drm]   DDC: 0x6450 0x6450 0x6454 0x6454 0x6458 0x6458 0x645c 0x645c\n[drm]   Encoders:\n[drm]     DFP4: INTERNAL_UNIPHY\n[drm]     CRT1: INTERNAL_KLDSCP_DAC1\n[drm] fb mappable at 0xC034D000\n[drm] vram apper at 0xC0000000\n[drm] size 7299072\n[drm] fb depth is 24\n[drm]    pitch is 6912\nVT: Replacing driver \"vga\" with new \"fb\".\nstart FB_INFO:\ntype=11 height=1050 width=1680 depth=32\ncmsize=16 size=7299072\npbase=0xc034d000 vbase=0xfffff800c034d000\nname=drmn0 flags=0x0 stride=6912 bpp=32\ncmap[0]=0 cmap[1]=7f0000 cmap[2]=7f00 cmap[3]=c4a000\nend FB_INFO\ndrmn0: fb0: radeondrmfb frame buffer device\n[drm] Initialized radeon 2.49.0 20080528 for drmn0 on minor 0\nlo0: link state changed to UP\nnfe0: link state changed to DOWN\nnfe1: link state changed to DOWN\nuhid0 on uhub10\nuhid0: \u003cDell USB Keyboard\u003e on usbus0\nums0 on uhub12\nums0: \u003cLogitech BT Mini-Receiver, class 0/0, rev 2.00/58.00, addr 10\u003e on usbus1\nums0: 14 buttons and [XYZT] coordinates ID=2\nums1 on uhub7\nums1: \u003cLogitech USB Trackball, class 0/0, rev 1.10/14.00, addr 3\u003e on usbus1\nums1: 5 buttons and [XY] coordinates ID=0\nubt0 on uhub12\nubt0: \u003cLogitech BT Mini-Receiver, class 224/1, rev 2.00/58.00, addr 8\u003e on usbus1\nWARNING: attempt to domain_add(bluetooth) after domainfinalize()\nWARNING: attempt to domain_add(netgraph) after domainfinalize()\npflog0: promiscuous mode enabled\nnfe0: link state changed to UP\nAccounting enabled"
}