{
 "id": 556099,
 "bug_id": 146287,
 "attachment_id": 0,
 "creation_time": "2010-05-04T18:56:19Z",
 "creator": "peo@intersonic.se",
 "text": "Copyright (c) 1992-2009 The FreeBSD Project.\nCopyright (c) 1979, 1980, 1983, 1986, 1988, 1989, 1991, 1992, 1993, 1994\n        The Regents of the University of California. All rights reserved.\nFreeBSD is a registered trademark of The FreeBSD Foundation.\nFreeBSD 8.0-RELEASE-p2 #0: Tue May  4 00:23:37 CEST 2010\n    peo@lowell.i.inter-sonic.com:/usr/obj/usr/src/sys/GENERIC\nPreloaded elf kernel \"/boot/kernel/kernel\" at 0xffffffff80e1a000.\nTimecounter \"i8254\" frequency 1193182 Hz quality 0\nCalibrating TSC clock ... TSC clock: 3400136791 Hz\nCPU: Intel(R) Xeon(TM) CPU 3.40GHz (3400.14-MHz K8-class CPU)\n  Origin = \"GenuineIntel\"  Id = 0xf41  Stepping = 1\n\nFeatures=0xbfebfbff\u003cFPU,VME,DE,PSE,TSC,MSR,PAE,MCE,CX8,APIC,SEP,MTRR,PGE,MCA,CMOV,PAT,PSE36,CLFLUSH,DTS,ACPI,MMX,FXSR,SSE,SSE2,SS,HTT,TM,PBE\u003e\n  Features2=0x649d\u003cSSE3,DTES64,MON,DS_CPL,EST,CNXT-ID,CX16,xTPR\u003e\n  AMD Features=0x20000800\u003cSYSCALL,LM\u003e\n  TSC: P-state invariant\nreal memory  = 12884901888 (12288 MB)\nPhysical memory chunk(s):\n0x0000000000001000 - 0x000000000009bfff, 634880 bytes (155 pages)\n0x0000000000e51000 - 0x00000000dfff2fff, 3743031296 bytes (913826 pages)\n0x0000000100000000 - 0x00000003049d6fff, 8667361280 bytes (2116055 pages)\navail memory = 12349284352 (11777 MB)\nACPI APIC Table: \u003cHP     00000083\u003e\nINTR: Adding local APIC 6 as a target\nFreeBSD/SMP: Multiprocessor System Detected: 4 CPUs\nFreeBSD/SMP: 2 package(s) x 1 core(s) x 2 HTT threads\n cpu0 (BSP): APIC ID:  0\n cpu1 (AP/HT): APIC ID:  1\n cpu2 (AP): APIC ID:  6\n cpu3 (AP/HT): APIC ID:  7\nAPIC: CPU 0 has ACPI ID 0\nAPIC: CPU 1 has ACPI ID 1\nAPIC: CPU 2 has ACPI ID 6\nAPIC: CPU 3 has ACPI ID 7\nULE: setup cpu 0\nULE: setup cpu 1\nULE: setup cpu 2\nULE: setup cpu 3\nACPI: RSDP 0xf4f00 00024 (v2 HP    )\nACPI: XSDT 0xdfff3300 0004C (v1 HP     P51      00000002   ï¿½\\^D 0000162E)\nACPI: FACP 0xdfff3380 000F4 (v3 HP     P51      00000002   ï¿½\\^D 0000162E)\nACPI Warning: Invalid length for Pm1aControlBlock: 32, using default 16\n20090521 tbfadt-707\nACPI: DSDT 0xdfff3480 02DAB (v1 HP         DSDT 00000001 INTL 20030228)\nACPI: FACS 0xdfff3100 00040\nACPI: SPCR 0xdfff3140 00050 (v1 HP     SPCRRBSU 00000001   ï¿½\\^D 0000162E)\nACPI: MCFG 0xdfff31c0 0003C (v1 HP     ProLiant 00000001      00000000)\nACPI: APIC 0xdfff3200 000C2 (v1 HP     00000083 00000002      00000000)\nACPI: SSDT 0xdfff8000 004C9 (v1 HP        SSDTP 00000001 INTL 20030228)\nMADT: Found IO APIC ID 8, Interrupt 0 at 0xfec00000\nioapic0: Routing external 8259A's -\u003e intpin 0\nMADT: Found IO APIC ID 9, Interrupt 24 at 0xfec80000\nMADT: Found IO APIC ID 10, Interrupt 48 at 0xfec80400\nMADT: Found IO APIC ID 11, Interrupt 72 at 0xfec84000\nMADT: Found IO APIC ID 12, Interrupt 96 at 0xfec84400\nMADT: Interrupt override: source 0, irq 2\nioapic0: Routing IRQ 0 -\u003e intpin 2\nMADT: Interrupt override: source 9, irq 9\nioapic0: intpin 9 trigger: level\nlapic: Routing NMI -\u003e LINT1\nlapic: LINT1 trigger: edge\nlapic: LINT1 polarity: high\nioapic0 \u003cVersion 2.0\u003e irqs 0-23 on motherboard\nioapic1 \u003cVersion 2.0\u003e irqs 24-47 on motherboard\nioapic2 \u003cVersion 2.0\u003e irqs 48-71 on motherboard\nioapic3 \u003cVersion 2.0\u003e irqs 72-95 on motherboard\nioapic4 \u003cVersion 2.0\u003e irqs 96-119 on motherboard\ncpu0 BSP:\n     ID: 0x00000000   VER: 0x00050014 LDR: 0x00000000 DFR: 0xffffffff\n  lint0: 0x00010700 lint1: 0x00000400 TPR: 0x00000000 SVR: 0x000001ff\n  timer: 0x000100ef therm: 0x00010000 err: 0x000100f0 pcm: 0x00010400\nwlan: \u003c802.11 Link Layer\u003e\nnull: \u003cnull device, zero device\u003e\nrandom: \u003centropy source, Software, Yarrow\u003e\nnfslock: pseudo-device\nkbd: new array size 4\nkbd1 at kbdmux0\nmem: \u003cmemory\u003e\nio: \u003cI/O\u003e\nhptrr: RocketRAID 17xx/2xxx SATA controller driver v1.2\nacpi0: \u003cHP P51\u003e on motherboard\nPCIe: Memory Mapped configuration base @ 0xe0000000\nioapic0: routing intpin 9 (ISA IRQ 9) to lapic 0 vector 48\nacpi0: [MPSAFE]\nacpi0: [ITHREAD]\nacpi0: Power Button (fixed)\nacpi0: wakeup code va 0xffffff8000025000 pa 0x4000\nacpi_bus_number: root bus has no _BBN, assuming 0\nAcpiOsDerivePciId: \\\\_SB_.PCI0.CFG0.MEM0 -\u003e bus 0 dev 0 func 0\nacpi_bus_number: root bus has no _BBN, assuming 0\nAcpiOsDerivePciId: \\\\_SB_.PCI0.PTC0.PCXC.SHP0 -\u003e bus 5 dev 0 func 0\nacpi_bus_number: root bus has no _BBN, assuming 0\nAcpiOsDerivePciId: \\\\_SB_.PCI0.IBRG.ICH5 -\u003e bus 0 dev 31 func 0\nACPI timer: 0/397 0/5 0/5 0/5 0/6 0/5 0/5 0/6 0/5 0/4 -\u003e 0\nTimecounter \"ACPI-safe\" frequency 3579545 Hz quality 850\nacpi_timer0: \u003c24-bit timer at 3.579545MHz\u003e port 0x908-0x90b on acpi0\npci_link0:        Index  IRQ  Rtd  Ref  IRQs\n  Initial Probe       0    5   N     0  5 7 10 11\n  Validation          0    5   N     0  5 7 10 11\n  After Disable       0  255   N     0  5 7 10 11\npci_link1:        Index  IRQ  Rtd  Ref  IRQs\n  Initial Probe       0    7   N     0  5 7 10 11\n  Validation          0    7   N     0  5 7 10 11\n  After Disable       0  255   N     0  5 7 10 11\npci_link2:        Index  IRQ  Rtd  Ref  IRQs\n  Initial Probe       0    7   N     0  5 7 10 11\n  Validation          0    7   N     0  5 7 10 11\n  After Disable       0  255   N     0  5 7 10 11\npci_link3:        Index  IRQ  Rtd  Ref  IRQs\n  Initial Probe       0    5   N     0  5 7 10 11\n  Validation          0    5   N     0  5 7 10 11\n  After Disable       0  255   N     0  5 7 10 11\npci_link4:        Index  IRQ  Rtd  Ref  IRQs\n  Initial Probe       0  255   N     0  5 7 10 11\n  Validation          0  255   N     0  5 7 10 11\n  After Disable       0  255   N     0  5 7 10 11\npci_link5:        Index  IRQ  Rtd  Ref  IRQs\n  Initial Probe       0    5   N     0  5 7 10 11\n  Validation          0    5   N     0  5 7 10 11\n  After Disable       0  255   N     0  5 7 10 11\npci_link6:        Index  IRQ  Rtd  Ref  IRQs\n  Initial Probe       0    5   N     0  5 7 10 11\n  Validation          0    5   N     0  5 7 10 11\n  After Disable       0  255   N     0  5 7 10 11\npci_link7:        Index  IRQ  Rtd  Ref  IRQs\n  Initial Probe       0    5   N     0  5 7 10 11\n  Validation          0    5   N     0  5 7 10 11\n  After Disable       0  255   N     0  5 7 10 11\npcib0: \u003cACPI Host-PCI bridge\u003e on acpi0\npci0: \u003cACPI PCI bus\u003e on pcib0\npci0: domain=0, physical bus=0\nfound-\u003e vendor=0x8086, dev=0x3590, revid=0x0c\n        domain=0, bus=0, slot=0, func=0\n        class=06-00-00, hdrtype=0x00, mfdev=1\n        cmdreg=0x0146, statreg=0x0090, cachelnsz=0 (dwords)\n        lattimer=0x00 (0 ns), mingnt=0x00 (0 ns), maxlat=0x00 (0 ns)\nfound-\u003e vendor=0x8086, dev=0x3595, revid=0x0c\n        domain=0, bus=0, slot=2, func=0\n        class=06-04-00, hdrtype=0x01, mfdev=0\n        cmdreg=0x0147, statreg=0x0010, cachelnsz=16 (dwords)\n        lattimer=0x00 (0 ns), mingnt=0x03 (750 ns), maxlat=0x00 (0 ns)\n        intpin=a, irq=255\n        powerspec 2  supports D0 D3  current D0\n        MSI supports 2 messages\nfound-\u003e vendor=0x8086, dev=0x3599, revid=0x0c\n        domain=0, bus=0, slot=6, func=0\n        class=06-04-00, hdrtype=0x01, mfdev=0\n        cmdreg=0x0147, statreg=0x0010, cachelnsz=16 (dwords)\n        lattimer=0x00 (0 ns), mingnt=0x03 (750 ns), maxlat=0x00 (0 ns)\n        intpin=a, irq=255\n        powerspec 2  supports D0 D3  current D0\n        MSI supports 2 messages\nfound-\u003e vendor=0x8086, dev=0x24d2, revid=0x02\n        domain=0, bus=0, slot=29, func=0\n        class=0c-03-00, hdrtype=0x00, mfdev=1\n        cmdreg=0x0005, statreg=0x0280, cachelnsz=0 (dwords)\n        lattimer=0x00 (0 ns), mingnt=0x00 (0 ns), maxlat=0x00 (0 ns)\n        intpin=a, irq=5\n        map[20]: type I/O Port, range 32, base 0x3000, size  5, enabled\npcib0: matched entry for 0.29.INTA\npcib0: slot 29 INTA hardwired to IRQ 16\nfound-\u003e vendor=0x8086, dev=0x24d4, revid=0x02\n        domain=0, bus=0, slot=29, func=1\n        class=0c-03-00, hdrtype=0x00, mfdev=0\n        cmdreg=0x0005, statreg=0x0280, cachelnsz=0 (dwords)\n        lattimer=0x00 (0 ns), mingnt=0x00 (0 ns), maxlat=0x00 (0 ns)\n        intpin=b, irq=5\n        map[20]: type I/O Port, range 32, base 0x3020, size  5, enabled\npcib0: matched entry for 0.29.INTB\npcib0: slot 29 INTB hardwired to IRQ 19\nfound-\u003e vendor=0x8086, dev=0x24d7, revid=0x02\n        domain=0, bus=0, slot=29, func=2\n        class=0c-03-00, hdrtype=0x00, mfdev=0\n        cmdreg=0x0005, statreg=0x0280, cachelnsz=0 (dwords)\n        lattimer=0x00 (0 ns), mingnt=0x00 (0 ns), maxlat=0x00 (0 ns)\n        intpin=c, irq=7\n        map[20]: type I/O Port, range 32, base 0x3040, size  5, enabled\npcib0: matched entry for 0.29.INTC\npcib0: slot 29 INTC hardwired to IRQ 18\nfound-\u003e vendor=0x8086, dev=0x24de, revid=0x02\n        domain=0, bus=0, slot=29, func=3\n        class=0c-03-00, hdrtype=0x00, mfdev=0\n        cmdreg=0x0005, statreg=0x0280, cachelnsz=0 (dwords)\n        lattimer=0x00 (0 ns), mingnt=0x00 (0 ns), maxlat=0x00 (0 ns)\n        intpin=a, irq=5\n        map[20]: type I/O Port, range 32, base 0x3060, size  5, enabled\npcib0: matched entry for 0.29.INTA\npcib0: slot 29 INTA hardwired to IRQ 16\nfound-\u003e vendor=0x8086, dev=0x24dd, revid=0x02\n        domain=0, bus=0, slot=29, func=7\n        class=0c-03-20, hdrtype=0x00, mfdev=0\n        cmdreg=0x0106, statreg=0x0290, cachelnsz=0 (dwords)\n        lattimer=0x00 (0 ns), mingnt=0x00 (0 ns), maxlat=0x00 (0 ns)\n        intpin=d, irq=5\n        powerspec 2  supports D0 D3  current D0\n        map[10]: type Memory, range 32, base 0xfbef0000, size 10, enabled\npcib0: matched entry for 0.29.INTD\npcib0: slot 29 INTD hardwired to IRQ 23\nfound-\u003e vendor=0x8086, dev=0x244e, revid=0xc2\n        domain=0, bus=0, slot=30, func=0\n        class=06-04-00, hdrtype=0x01, mfdev=0\n        cmdreg=0x0147, statreg=0x0080, cachelnsz=0 (dwords)\n        lattimer=0x00 (0 ns), mingnt=0x03 (750 ns), maxlat=0x00 (0 ns)\nfound-\u003e vendor=0x8086, dev=0x24d0, revid=0x02\n        domain=0, bus=0, slot=31, func=0\n        class=06-01-00, hdrtype=0x00, mfdev=1\n        cmdreg=0x014f, statreg=0x0280, cachelnsz=0 (dwords)\n        lattimer=0x00 (0 ns), mingnt=0x00 (0 ns), maxlat=0x00 (0 ns)\nfound-\u003e vendor=0x8086, dev=0x24db, revid=0x02\n        domain=0, bus=0, slot=31, func=1\n        class=01-01-8a, hdrtype=0x00, mfdev=0\n        cmdreg=0x0005, statreg=0x0288, cachelnsz=0 (dwords)\n        lattimer=0x00 (0 ns), mingnt=0x00 (0 ns), maxlat=0x00 (0 ns)\n        intpin=a, irq=255\n        map[20]: type I/O Port, range 32, base 0x500, size  4, enabled\n        map[24]: type Memory, range 32, base 0, size 10, memory disabled\npcib1: \u003cACPI PCI-PCI bridge\u003e at device 2.0 on pci0\npcib1:   domain            0\npcib1:   secondary bus     2\npcib1:   subordinate bus   4\npcib1:   I/O decode        0x4000-0x4fff\npcib1:   memory decode     0xfdd00000-0xfdefffff\npcib1:   no prefetched decode\npci2: \u003cACPI PCI bus\u003e on pcib1\npci2: domain=0, physical bus=2\nfound-\u003e vendor=0x8086, dev=0x0329, revid=0x09\n        domain=0, bus=2, slot=0, func=0\n        class=06-04-00, hdrtype=0x01, mfdev=1\n        cmdreg=0x0147, statreg=0x0010, cachelnsz=16 (dwords)\n        lattimer=0x00 (0 ns), mingnt=0x03 (750 ns), maxlat=0x00 (0 ns)\n        powerspec 2  supports D0 D3  current D0\n        MSI supports 1 message, 64 bit\nfound-\u003e vendor=0x8086, dev=0x032a, revid=0x09\n        domain=0, bus=2, slot=0, func=2\n        class=06-04-00, hdrtype=0x01, mfdev=1\n        cmdreg=0x0147, statreg=0x0010, cachelnsz=16 (dwords)\n        lattimer=0x00 (0 ns), mingnt=0x03 (750 ns), maxlat=0x00 (0 ns)\n        powerspec 2  supports D0 D3  current D0\n        MSI supports 1 message, 64 bit\npcib2: \u003cACPI PCI-PCI bridge\u003e at device 0.0 on pci2\npcib2:   domain            0\npcib2:   secondary bus     3\npcib2:   subordinate bus   3\npcib2:   I/O decode        0xf000-0xfff\npcib2:   memory decode     0xfdd00000-0xfddfffff\npcib2:   no prefetched decode\npci3: \u003cACPI PCI bus\u003e on pcib2\npci3: domain=0, physical bus=3\nfound-\u003e vendor=0x14e4, dev=0x1648, revid=0x10\n        domain=0, bus=3, slot=1, func=0\n        class=02-00-00, hdrtype=0x00, mfdev=1\n        cmdreg=0x0156, statreg=0x02b0, cachelnsz=16 (dwords)\n        lattimer=0x40 (1920 ns), mingnt=0x40 (16000 ns), maxlat=0x00 (0 ns)\n        intpin=a, irq=7\n        powerspec 2  supports D0 D3  current D0\n        MSI supports 8 messages, 64 bit\n        map[10]: type Memory, range 64, base 0xfddf0000, size 16, enabled\npcib2: requested memory range 0xfddf0000-0xfddfffff: good\npcib1: requested memory range 0xfddf0000-0xfddfffff: good\npcib2: matched entry for 3.1.INTA\npcib2: slot 1 INTA hardwired to IRQ 25\nfound-\u003e vendor=0x14e4, dev=0x1648, revid=0x10\n        domain=0, bus=3, slot=1, func=1\n        class=02-00-00, hdrtype=0x00, mfdev=1\n        cmdreg=0x0156, statreg=0x02b0, cachelnsz=16 (dwords)\n        lattimer=0x40 (1920 ns), mingnt=0x40 (16000 ns), maxlat=0x00 (0 ns)\n        intpin=b, irq=7\n        powerspec 2  supports D0 D3  current D0\n        MSI supports 8 messages, 64 bit\n        map[10]: type Memory, range 64, base 0xfdde0000, size 16, enabled\npcib2: requested memory range 0xfdde0000-0xfddeffff: good\npcib1: requested memory range 0xfdde0000-0xfddeffff: good\npcib2: matched entry for 3.1.INTB\npcib2: slot 1 INTB hardwired to IRQ 26\npci0:3:1:0: bad VPD cksum, remain 19\nbge0: \u003cHP NC7782 Gigabit Server Adapter, ASIC rev. 0x2100\u003e mem\n0xfddf0000-0xfddfffff irq 25 at device 1.0 on pci3\nbge0: Reserved 0x10000 bytes for rid 0x10 type 3 at 0xfddf0000\nbge0: CHIP ID 0x21000000; ASIC REV 0x02; CHIP REV 0x21; PCI-X\nmiibus0: \u003cMII bus\u003e on bge0\nbrgphy0: \u003cBCM5704 10/100/1000baseTX PHY\u003e PHY 1 on miibus0\nbrgphy0: OUI 0x000818, model 0x0019, rev. 0\nbrgphy0:  10baseT, 10baseT-FDX, 100baseTX, 100baseTX-FDX, 1000baseT,\n1000baseT-FDX, auto\nbge0: bpf attached\nbge0: Ethernet address: 00:12:79:d1:2e:2d\nioapic1: routing intpin 1 (PCI IRQ 25) to lapic 0 vector 49\nbge0: [MPSAFE]\nbge0: [ITHREAD]\npci0:3:1:1: bad VPD cksum, remain 19\nbge1: \u003cHP NC7782 Gigabit Server Adapter, ASIC rev. 0x2100\u003e mem\n0xfdde0000-0xfddeffff irq 26 at device 1.1 on pci3\nbge1: Reserved 0x10000 bytes for rid 0x10 type 3 at 0xfdde0000\nbge1: CHIP ID 0x21000000; ASIC REV 0x02; CHIP REV 0x21; PCI-X\nmiibus1: \u003cMII bus\u003e on bge1\nbrgphy1: \u003cBCM5704 10/100/1000baseTX PHY\u003e PHY 1 on miibus1\nbrgphy1: OUI 0x000818, model 0x0019, rev. 0\nbrgphy1:  10baseT, 10baseT-FDX, 100baseTX, 100baseTX-FDX, 1000baseT,\n1000baseT-FDX, auto\nbge1: bpf attached\nbge1: Ethernet address: 00:12:79:d1:2e:2c\nioapic1: routing intpin 2 (PCI IRQ 26) to lapic 0 vector 50\nbge1: [MPSAFE]\nbge1: [ITHREAD]\npcib3: \u003cACPI PCI-PCI bridge\u003e at device 0.2 on pci2\npcib3:   domain            0\npcib3:   secondary bus     4\npcib3:   subordinate bus   4\npcib3:   I/O decode        0x4000-0x4fff\npcib3:   memory decode     0xfde00000-0xfdefffff\npcib3:   no prefetched decode\npci4: \u003cACPI PCI bus\u003e on pcib3\npci4: domain=0, physical bus=4\nfound-\u003e vendor=0x0e11, dev=0x0046, revid=0x01\n        domain=0, bus=4, slot=3, func=0\n        class=01-04-00, hdrtype=0x00, mfdev=0\n        cmdreg=0x0157, statreg=0x0230, cachelnsz=16 (dwords)\n        lattimer=0x40 (1920 ns), mingnt=0x00 (0 ns), maxlat=0x00 (0 ns)\n        intpin=a, irq=5\n        powerspec 2  supports D0 D1 D3  current D0\n        map[10]: type Memory, range 64, base 0xfdef0000, size 13, enabled\npcib3: requested memory range 0xfdef0000-0xfdef1fff: good\npcib1: requested memory range 0xfdef0000-0xfdef1fff: good\n        map[18]: type I/O Port, range 32, base 0x4000, size  8, enabled\npcib3: requested I/O range 0x4000-0x40ff: in range\npcib1: requested I/O range 0x4000-0x40ff: in range\n        map[1c]: type Memory, range 64, base 0xfde80000, size 18, enabled\npcib3: requested memory range 0xfde80000-0xfdebffff: good\npcib1: requested memory range 0xfde80000-0xfdebffff: good\npcib3: matched entry for 4.3.INTA\npcib3: slot 3 INTA hardwired to IRQ 51\nciss0: \u003cHP Smart Array 6i\u003e port 0x4000-0x40ff mem\n0xfdef0000-0xfdef1fff,0xfde80000-0xfdebffff irq 51 at device 3.0 on pci4\nciss0: Reserved 0x2000 bytes for rid 0x10 type 3 at 0xfdef0000\nciss0: PERFORMANT Transport\nciss0: got 0 MSI messages]\nioapic2: routing intpin 3 (PCI IRQ 51) to lapic 0 vector 51\nciss0: [MPSAFE]\nciss0: [ITHREAD]\nciss0: using 256 of 1024 available commands\nciss0:   firmware 2.84\nciss0:   2 SCSI channels\nciss0:   signature 'CISS'\nciss0:   valence 1\nciss0:   supported I/O methods 0x80000006\u003csimple,performant\u003e\nciss0:   active I/O method 0x5\u003cperformant\u003e\nciss0:   4G page base 0x00000000\nciss0:   interrupt coalesce delay 0us\nciss0:   interrupt coalesce count 16\nciss0:   max outstanding commands 1024\nciss0:   bus types 0x4\nciss0:   server name ''\nciss0:   heartbeat 0x5c\nciss0: 6 physical devices\nciss0: 1 logical drive\nciss0: logical drive (b0t0): RAID 1, 139776MB online\npcib4: \u003cACPI PCI-PCI bridge\u003e at device 6.0 on pci0\npcib4:   domain            0\npcib4:   secondary bus     5\npcib4:   subordinate bus   12\npcib4:   I/O decode        0x5000-0x5fff\npcib4:   memory decode     0xfdf00000-0xfdffffff\npcib4:   no prefetched decode\npci5: \u003cACPI PCI bus\u003e on pcib4\npci5: domain=0, physical bus=5\nfound-\u003e vendor=0x8086, dev=0x0329, revid=0x09\n        domain=0, bus=5, slot=0, func=0\n        class=06-04-00, hdrtype=0x01, mfdev=1\n        cmdreg=0x0147, statreg=0x0010, cachelnsz=16 (dwords)\n        lattimer=0x00 (0 ns), mingnt=0x03 (750 ns), maxlat=0x00 (0 ns)\n        powerspec 2  supports D0 D3  current D0\n        MSI supports 1 message, 64 bit\nfound-\u003e vendor=0x8086, dev=0x032a, revid=0x09\n        domain=0, bus=5, slot=0, func=2\n        class=06-04-00, hdrtype=0x01, mfdev=1\n        cmdreg=0x0147, statreg=0x0010, cachelnsz=16 (dwords)\n        lattimer=0x00 (0 ns), mingnt=0x03 (750 ns), maxlat=0x00 (0 ns)\n        powerspec 2  supports D0 D3  current D0\n        MSI supports 1 message, 64 bit\npcib5: \u003cACPI PCI-PCI bridge\u003e at device 0.0 on pci5\npcib5:   domain            0\npcib5:   secondary bus     6\npcib5:   subordinate bus   9\npcib5:   I/O decode        0x5000-0x5fff\npcib5:   memory decode     0xfdf00000-0xfdffffff\npcib5:   no prefetched decode\npci6: \u003cACPI PCI bus\u003e on pcib5\npci6: domain=0, physical bus=6\nfound-\u003e vendor=0x1014, dev=0x01a7, revid=0x02\n        domain=0, bus=6, slot=2, func=0\n        class=06-04-00, hdrtype=0x01, mfdev=0\n        cmdreg=0x0147, statreg=0x0230, cachelnsz=16 (dwords)\n        lattimer=0x40 (1920 ns), mingnt=0x03 (750 ns), maxlat=0x00 (0 ns)\n        powerspec 2  supports D0 D3  current D0\npcib6: \u003cACPI PCI-PCI bridge\u003e at device 2.0 on pci6\npcib6:   domain            0\npcib6:   secondary bus     7\npcib6:   subordinate bus   7\npcib6:   I/O decode        0x5000-0x5fff\npcib6:   memory decode     0xfdf00000-0xfdffffff\npcib6:   no prefetched decode\ndevice_attach: pcib6 attach returned 6\npcib7: \u003cACPI PCI-PCI bridge\u003e at device 0.2 on pci5\npcib7:   domain            0\npcib7:   secondary bus     10\npcib7:   subordinate bus   12\npcib7:   I/O decode        0xf000-0xfff\npcib7:   no prefetched decode\npci10: \u003cACPI PCI bus\u003e on pcib7\npci10: domain=0, physical bus=10\nuhci0: \u003cIntel 82801EB (ICH5) USB controller USB-A\u003e port 0x3000-0x301f\nirq 16 at device 29.0 on pci0\nuhci0: Reserved 0x20 bytes for rid 0x20 type 4 at 0x3000\nioapic0: routing intpin 16 (PCI IRQ 16) to lapic 0 vector 52\nuhci0: [MPSAFE]\nuhci0: [ITHREAD]\nuhci0: LegSup = 0x003b\nusbus0: \u003cIntel 82801EB (ICH5) USB controller USB-A\u003e on uhci0\nuhci1: \u003cIntel 82801EB (ICH5) USB controller USB-B\u003e port 0x3020-0x303f\nirq 19 at device 29.1 on pci0\nuhci1: Reserved 0x20 bytes for rid 0x20 type 4 at 0x3020\nioapic0: routing intpin 19 (PCI IRQ 19) to lapic 0 vector 53\nuhci1: [MPSAFE]\nuhci1: [ITHREAD]\nuhci1: LegSup = 0x0010\nusbus1: \u003cIntel 82801EB (ICH5) USB controller USB-B\u003e on uhci1\nuhci2: \u003cIntel 82801EB (ICH5) USB controller USB-C\u003e port 0x3040-0x305f\nirq 18 at device 29.2 on pci0\nuhci2: Reserved 0x20 bytes for rid 0x20 type 4 at 0x3040\nioapic0: routing intpin 18 (PCI IRQ 18) to lapic 0 vector 54\nuhci2: [MPSAFE]\nuhci2: [ITHREAD]\nuhci2: LegSup = 0x0010\nusbus2: \u003cIntel 82801EB (ICH5) USB controller USB-C\u003e on uhci2\nuhci3: \u003cIntel 82801EB (ICH5) USB controller USB-D\u003e port 0x3060-0x307f\nirq 16 at device 29.3 on pci0\nuhci3: Reserved 0x20 bytes for rid 0x20 type 4 at 0x3060\nuhci3: [MPSAFE]\nuhci3: [ITHREAD]\nuhci3: LegSup = 0x0010\nusbus3: \u003cIntel 82801EB (ICH5) USB controller USB-D\u003e on uhci3\nehci0: \u003cIntel 82801EB/R (ICH5) USB 2.0 controller\u003e mem\n0xfbef0000-0xfbef03ff irq 23 at device 29.7 on pci0\nehci0: Reserved 0x400 bytes for rid 0x10 type 3 at 0xfbef0000\nioapic0: routing intpin 23 (PCI IRQ 23) to lapic 0 vector 55\nehci0: [MPSAFE]\nehci0: [ITHREAD]\nusbus4: EHCI version 1.0\nusbus4: \u003cIntel 82801EB/R (ICH5) USB 2.0 controller\u003e on ehci0\npcib8: \u003cACPI PCI-PCI bridge\u003e at device 30.0 on pci0\npcib8:   domain            0\npcib8:   secondary bus     1\npcib8:   subordinate bus   1\npcib8:   I/O decode        0x1000-0x2fff\npcib8:   memory decode     0xfbf00000-0xfcffffff\npcib8:   no prefetched decode\npcib8:   Subtractively decoded bridge.\npci1: \u003cACPI PCI bus\u003e on pcib8\npci1: domain=0, physical bus=1\nfound-\u003e vendor=0x1002, dev=0x4752, revid=0x27\n        domain=0, bus=1, slot=3, func=0\n        class=03-00-00, hdrtype=0x00, mfdev=0\n        cmdreg=0x0087, statreg=0x0290, cachelnsz=16 (dwords)\n        lattimer=0x40 (1920 ns), mingnt=0x08 (2000 ns), maxlat=0x00 (0 ns)\n        powerspec 2  supports D0 D1 D2 D3  current D0\n        map[10]: type Memory, range 32, base 0xfc000000, size 24, enabled\npcib8: requested memory range 0xfc000000-0xfcffffff: good\n        map[14]: type I/O Port, range 32, base 0x2000, size  8, enabled\npcib8: requested I/O range 0x2000-0x20ff: in range\n        map[18]: type Memory, range 32, base 0xfbff0000, size 12, enabled\npcib8: requested memory range 0xfbff0000-0xfbff0fff: good\nfound-\u003e vendor=0x0e11, dev=0xb203, revid=0x01\n        domain=0, bus=1, slot=4, func=0\n        class=08-80-00, hdrtype=0x00, mfdev=1\n        cmdreg=0x0103, statreg=0x0290, cachelnsz=0 (dwords)\n        lattimer=0x00 (0 ns), mingnt=0x00 (0 ns), maxlat=0x00 (0 ns)\n        intpin=a, irq=5\n        powerspec 2  supports D0 D3  current D0\n        map[10]: type I/O Port, range 32, base 0x1800, size  8, enabled\npcib8: requested I/O range 0x1800-0x18ff: in range\n        map[14]: type Memory, range 32, base 0xfbfe0000, size  9, enabled\npcib8: requested memory range 0xfbfe0000-0xfbfe01ff: good\npcib8: matched entry for 1.4.INTA\npcib8: slot 4 INTA hardwired to IRQ 21\nfound-\u003e vendor=0x0e11, dev=0xb204, revid=0x01\n        domain=0, bus=1, slot=4, func=2\n        class=08-80-00, hdrtype=0x00, mfdev=1\n        cmdreg=0x0197, statreg=0x0290, cachelnsz=16 (dwords)\n        lattimer=0x40 (1920 ns), mingnt=0x00 (0 ns), maxlat=0x00 (0 ns)\n        intpin=b, irq=5\n        powerspec 2  supports D0 D3  current D0\n        map[10]: type I/O Port, range 32, base 0x2400, size  8, enabled\npcib8: requested I/O range 0x2400-0x24ff: in range\n        map[14]: type Memory, range 32, base 0xfbfd0000, size 11, enabled\npcib8: requested memory range 0xfbfd0000-0xfbfd07ff: good\n        map[18]: type Memory, range 32, base 0xfbfc0000, size 13, enabled\npcib8: requested memory range 0xfbfc0000-0xfbfc1fff: good\n        map[1c]: type Memory, range 32, base 0xfbf00000, size 19, enabled\npcib8: requested memory range 0xfbf00000-0xfbf7ffff: good\npcib8: matched entry for 1.4.INTB\npcib8: slot 4 INTB hardwired to IRQ 22\nvgapci0: \u003cVGA-compatible display\u003e port 0x2000-0x20ff mem\n0xfc000000-0xfcffffff,0xfbff0000-0xfbff0fff at device 3.0 on pci1\npci1: \u003cbase peripheral\u003e at device 4.0 (no driver attached)\npci1: \u003cbase peripheral\u003e at device 4.2 (no driver attached)\nisab0: \u003cPCI-ISA bridge\u003e at device 31.0 on pci0\nisa0: \u003cISA bus\u003e on isab0\natapci0: \u003cIntel ICH5 UDMA100 controller\u003e port\n0x1f0-0x1f7,0x3f6,0x170-0x177,0x376,0x500-0x50f at device 31.1 on pci0\natapci0: Reserved 0x10 bytes for rid 0x20 type 4 at 0x500\nata0: \u003cATA channel 0\u003e on atapci0\natapci0: Reserved 0x8 bytes for rid 0x10 type 4 at 0x1f0\natapci0: Reserved 0x1 bytes for rid 0x14 type 4 at 0x3f6\nata0: reset tp1 mask=03 ostat0=50 ostat1=00\nata0: stat0=0x00 err=0x01 lsb=0x14 msb=0xeb\nata0: stat1=0x00 err=0x00 lsb=0x00 msb=0x00\nata0: reset tp2 stat0=00 stat1=00 devices=0x10000\nioapic0: routing intpin 14 (ISA IRQ 14) to lapic 0 vector 56\nata0: [MPSAFE]\nata0: [ITHREAD]\nata1: \u003cATA channel 1\u003e on atapci0\natapci0: Reserved 0x8 bytes for rid 0x18 type 4 at 0x170\natapci0: Reserved 0x1 bytes for rid 0x1c type 4 at 0x376\nata1: reset tp1 mask=03 ostat0=00 ostat1=00\nata1: stat0=0x01 err=0x01 lsb=0x01 msb=0x01\nata1: stat1=0x01 err=0x01 lsb=0x01 msb=0x01\nata1: reset tp2 stat0=01 stat1=01 devices=0x0\nioapic0: routing intpin 15 (ISA IRQ 15) to lapic 0 vector 57\nata1: [MPSAFE]\nata1: [ITHREAD]\nacpi_tz0: \u003cThermal Zone\u003e on acpi0\natkbdc0: \u003cKeyboard controller (i8042)\u003e port 0x60,0x64 irq 1 on acpi0\natkbd0: \u003cAT Keyboard\u003e irq 1 on atkbdc0\natkbd: the current kbd controller command byte 0065\natkbd: keyboard ID 0x41ab (2)\nkbd0 at atkbd0\nkbd0: atkbd0, AT 101/102 (2), config:0x0, flags:0x3d0000\nioapic0: routing intpin 1 (ISA IRQ 1) to lapic 0 vector 58\natkbd0: [GIANT-LOCKED]\natkbd0: [ITHREAD]\npsm0: unable to allocate IRQ\npsmcpnp0: \u003cPS/2 mouse port\u003e irq 12 on acpi0\npsm0: current command byte:0065\npsm0: \u003cPS/2 Mouse\u003e irq 12 on atkbdc0\nioapic0: routing intpin 12 (ISA IRQ 12) to lapic 0 vector 59\npsm0: [GIANT-LOCKED]\npsm0: [ITHREAD]\npsm0: model Generic PS/2 mouse, device ID 0-00, 2 buttons\npsm0: config:00000000, flags:00000008, packet size:3\npsm0: syncmask:c0, syncbits:00\nuart0: \u003c16550 or compatible\u003e port 0x3f8-0x3ff irq 4 flags 0x10 on acpi0\nioapic0: routing intpin 4 (ISA IRQ 4) to lapic 0 vector 60\nuart0: [FILTER]\nuart0: fast interrupt\nfdc0: \u003cfloppy drive controller (FDE)\u003e port 0x3f2-0x3f5 irq 6 drq 2 on acpi0\nfdc0: ic_type 90 part_id 73\nioapic0: routing intpin 6 (ISA IRQ 6) to lapic 0 vector 61\nfdc0: [FILTER]\nfd0: \u003c1440-KB 3.5\" drive\u003e on fdc0 drive 0\ncpu0: \u003cACPI CPU\u003e on acpi0\nACPI: SSDT 0xdfff9000 002DA (v1 HP        SSDT0 00000001 INTL 20030228)\ncpu0: switching to generic Cx mode\nacpi_perf0: \u003cACPI CPU Frequency Control\u003e on cpu0\np4tcc0: \u003cCPU Frequency Thermal Control\u003e on cpu0\ncpu1: \u003cACPI CPU\u003e on acpi0\nACPI: SSDT 0xdfff9300 002DA (v1 HP        SSDT1 00000001 INTL 20030228)\nest1: \u003cEnhanced SpeedStep Frequency Control\u003e on cpu1\nest: CPU supports Enhanced Speedstep, but is not recognized.\nest: cpu_vendor GenuineIntel, msr 112d0000112d\ndevice_attach: est1 attach returned 6\np4tcc1: \u003cCPU Frequency Thermal Control\u003e on cpu1\ncpu2: \u003cACPI CPU\u003e on acpi0\nACPI: SSDT 0xdfff9600 002DA (v1 HP        SSDT2 00000001 INTL 20030228)\nest2: \u003cEnhanced SpeedStep Frequency Control\u003e on cpu2\nest: CPU supports Enhanced Speedstep, but is not recognized.\nest: cpu_vendor GenuineIntel, msr 112d0000112d\ndevice_attach: est2 attach returned 6\np4tcc2: \u003cCPU Frequency Thermal Control\u003e on cpu2\ncpu3: \u003cACPI CPU\u003e on acpi0\nACPI: SSDT 0xdfff9900 002DF (v1 HP        SSDT3 00000001 INTL 20030228)\nest3: \u003cEnhanced SpeedStep Frequency Control\u003e on cpu3\nest: CPU supports Enhanced Speedstep, but is not recognized.\nest: cpu_vendor GenuineIntel, msr 112d0000112d\ndevice_attach: est3 attach returned 6\np4tcc3: \u003cCPU Frequency Thermal Control\u003e on cpu3\nahc_isa_probe 0: ioport 0xc00 alloc failed\nex_isa_identify()\nisa_probe_children: disabling PnP devices\natkbdc: atkbdc0 already exists; skipping it\nfdc: fdc0 already exists; skipping it\nsc: sc0 already exists; skipping it\nuart: uart0 already exists; skipping it\nisa_probe_children: probing non-PnP devices\norm0: \u003cISA Option ROMs\u003e at iomem\n0xc0000-0xc7fff,0xc8000-0xcbfff,0xee000-0xeffff on isa0\nsc0: \u003cSystem console\u003e at flags 0x100 on isa0\nsc0: VGA \u003c16 virtual consoles, flags=0x300\u003e\nsc0: fb0, kbd1, terminal emulator: scteken (teken terminal)\nvga0: \u003cGeneric ISA VGA\u003e at port 0x3c0-0x3df iomem 0xa0000-0xbffff on isa0\natrtc0: \u003cAT Real Time Clock\u003e at port 0x70 irq 8 on isa0\natrtc0: registered as a time-of-day clock (resolution 1000000us)\nppc0: cannot reserve I/O port range\nppc0: \u003cParallel port\u003e failed to probe at irq 7 on isa0\nuart1: \u003cNon-standard ns8250 class UART with FIFOs\u003e at port 0x2f8-0x2ff\nirq 3 on isa0\nioapic0: routing intpin 3 (ISA IRQ 3) to lapic 0 vector 62\nuart1: [FILTER]\nuart1: fast interrupt\nisa_probe_children: probing PnP devices\nDevice configuration finished.\nReducing kern.maxvnodes 763673 -\u003e 100000\nprocfs registered\nlapic: Divisor 2, Frequency 100004020 hz\nTimecounter \"TSC\" frequency 3400136791 Hz quality -100\nTimecounters tick every 1.000 msec\nlo0: bpf attached\nhptrr: no controller detected.\nata0: Identifying devices: 00010000\nata0: New devices: 00010000\nfdc0: output ready timeout\nfdc0: output ready timeout\nfdc0: output ready timeout\nfdc0: output ready timeout\nfdc0: output ready timeout\nfdc0: output ready timeout\nfdc0: output ready timeout\nusbus0: 12Mbps Full Speed USB v1.0\nusbus1: 12Mbps Full Speed USB v1.0\nusbus2: 12Mbps Full Speed USB v1.0\nusbus3: 12Mbps Full Speed USB v1.0\nusbus4: 480Mbps High Speed USB v2.0\nata0-master: pio=PIO4 wdma=WDMA2 udma=UDMA33 cable=40 wire\nacd0: setting PIO4 on ICH5 chip\nacd0: setting UDMA33 on ICH5 chip\nugen0.1: \u003cIntel\u003e at usbus0\nuhub0: \u003cIntel UHCI root HUB, class 9/0, rev 1.00/1.00, addr 1\u003e on usbus0\nugen1.1: \u003cIntel\u003e at usbus1\nuhub1: \u003cIntel UHCI root HUB, class 9/0, rev 1.00/1.00, addr 1\u003e on usbus1\nugen2.1: \u003cIntel\u003e at usbus2\nuhub2: \u003cIntel UHCI root HUB, class 9/0, rev 1.00/1.00, addr 1\u003e on usbus2\nugen3.1: \u003cIntel\u003e at usbus3\nuhub3: \u003cIntel UHCI root HUB, class 9/0, rev 1.00/1.00, addr 1\u003e on usbus3\nugen4.1: \u003cIntel\u003e at usbus4\nuhub4: \u003cIntel EHCI root HUB, class 9/0, rev 2.00/1.00, addr 1\u003e on usbus4\nacd0: \u003cHL-DT-STCD-RW/DVD DRIVE GCC-C10N/2.00\u003e CDRW drive at ata0 as master\nacd0: read 4134KB/s (4134KB/s) write 4134KB/s (4134KB/s), 2048KB buffer,\nUDMA33\nacd0: Reads: CDR, CDRW, CDDA stream, DVDROM, DVDR, DVDRAM, packet\nacd0: Writes: CDR, CDRW, test write, burnproof\nacd0: Audio: play, 256 volume levels\nacd0: Mechanism: ejectable tray, unlocked\nacd0: Medium: no/blank disc\nata1: Identifying devices: 00000000\nata1: New devices: 00000000\nuhub0: 2 ports with 2 removable, self powered\nuhub1: 2 ports with 2 removable, self powered\nuhub2: 2 ports with 2 removable, self powered\nuhub3: 2 ports with 2 removable, self powered\nfdc0: output ready timeout\nfdc0: input ready timeout\nfdc0: input ready timeout\nfdc0: output ready timeout\nfdc0: input ready timeout\nfdc0: input ready timeout\nfdc0: output ready timeout\nfdc0: input ready timeout\nfdc0: input ready timeout\nfdc0: output ready timeout\nfdc0: input ready timeout\nfdc0: input ready timeout\nda0 at ciss0 bus 0 target 0 lun 0\nda0: \u003cCOMPAQ RAID 1  VOLUME OK\u003e Fixed Direct Access SCSI-4 device\nda0: 135.168MB/s transfers\nda0: Command Queueing enabled\nda0: 140002MB (286726080 512 byte sectors: 255H 32S/T 35138C)\npass0 at ciss0 bus 0 target 0 lun 0\npass0: \u003cCOMPAQ RAID 1  VOLUME OK\u003e Fixed Direct Access SCSI-4 device\npass0: 135.168MB/s transfers\npass0: Command Queueing enabled\npass1 at ciss0 bus 33 target 0 lun 0\npass1: \u003cSEAGATE ST373207LC 0005\u003e Fixed Uninstalled SCSI-3 device\npass1: Serial Number 3KT5ABMQ000077052PVP\npass1: 135.168MB/s transfers\npass1: Command Queueing enabled\npass2 at ciss0 bus 33 target 1 lun 0\npass2: \u003cSEAGATE ST373207LC 0005\u003e Fixed Uninstalled SCSI-3 device\npass2: Serial Number 3KT65G0300009740UG3C\npass2: 135.168MB/s transfers\npass2: Command Queueing enabled\npass3 at ciss0 bus 33 target 2 lun 0\npass3: \u003cSEAGATE ST373207LC 0005\u003e Fixed Uninstalled SCSI-3 device\npass3: Serial Number 3KT65G7800009740W27L\npass3: 135.168MB/s transfers\npass3: Command Queueing enabled\npass4 at ciss0 bus 33 target 3 lun 0\npass4: \u003cSEAGATE ST373207LC 0003\u003e Fixed Uninstalled SCSI-3 device\npass4: Serial Number 3KT2W9ZB00007616NLEN\npass4: 135.168MB/s transfers\npass4: Command Queueing enabled\npass5 at ciss0 bus 33 target 4 lun 0\npass5: \u003cSEAGATE ST373207LC 0003\u003e Fixed Uninstalled SCSI-3 device\npass5: Serial Number 3KT18LBP0000754281N7\npass5: 135.168MB/s transfers\npass5: Command Queueing enabled\npass6 at ciss0 bus 33 target 7 lun 0\npass6: \u003cCOMPAQ PROLIANT 6L6I 0.10\u003e Fixed Processor SCSI-2 device\npass6: 135.168MB/s transfers\nATA PseudoRAID loaded\nSMP: AP CPU #1 Launched!\ncpu1 AP:\n     ID: 0x01000000   VER: 0x00050014 LDR: 0x00000000 DFR: 0xffffffff\n  lint0: 0x00010700 lint1: 0x00000400 TPR: 0x00000000 SVR: 0x000001ff\n  timer: 0x000200ef therm: 0x00010000 err: 0x00010000 pcm: 0x00010400\nSMP: AP CPU #2 Launched!\ncpu2 AP:\n     ID: 0x06000000   VER: 0x00050014 LDR: 0x00000000 DFR: 0xffffffff\n  lint0: 0x00010700 lint1: 0x00000400 TPR: 0x00000000 SVR: 0x000001ff\n  timer: 0x000200ef therm: 0x00010000 err: 0x00010000 pcm: 0x00010400\nSMP: AP CPU #3 Launched!\ncpu3 AP:\n     ID: 0x07000000   VER: 0x00050014 LDR: 0x00000000 DFR: 0xffffffff\n  lint0: 0x00010700 lint1: 0x00000400 TPR: 0x00000000 SVR: 0x000001ff\n  timer: 0x000200ef therm: 0x00010000 err: 0x00010000 pcm: 0x00010400\nioapic0: routing intpin 3 (ISA IRQ 3) to lapic 6 vector 48\nioapic0: routing intpin 6 (ISA IRQ 6) to lapic 6 vector 49\nioapic0: routing intpin 12 (ISA IRQ 12) to lapic 6 vector 50\nioapic0: routing intpin 15 (ISA IRQ 15) to lapic 6 vector 51\nioapic0: routing intpin 18 (PCI IRQ 18) to lapic 6 vector 52\nioapic0: routing intpin 23 (PCI IRQ 23) to lapic 6 vector 53\nioapic1: routing intpin 2 (PCI IRQ 26) to lapic 6 vector 54\nuhub4: 8 ports with 8 removable, self powered\nugen2.2: \u003cvendor 0x04d9\u003e at usbus2\nukbd0: \u003cvendor 0x04d9 product 0x1400, class 0/0, rev 1.10/1.43, addr 2\u003e\non usbus2\nkbd2 at ukbd0\nkbd2: ukbd0, generic (0), config:0x0, flags:0x3d0000\nums0: \u003cvendor 0x04d9 product 0x1400, class 0/0, rev 1.10/1.43, addr 2\u003e\non usbus2\nums0: 5 buttons and [XYZ] coordinates ID=1\nGEOM: new disk da0\nTrying to mount root from ufs:/dev/da0s1a\nct_to_ts([2010-05-04 17:49:30]) = 1272995370.000000000\nstart_init: trying /sbin/init\nbge0:\nbge0: link state changed to UP\nlink UP"
}