{
 "id": 892882,
 "bug_id": 211852,
 "attachment_id": 0,
 "creation_time": "2016-08-15T00:33:03Z",
 "creator": "rajil.s@gmail.com",
 "text": "Hello,\n\nI am using a Intel 750 SSD AIC as an SLOG. Each time I poweroff the server the 'Unsafe Shutdowns' counter increments for the SSD. It seems that the Shutdown command is not being sent to the SSD.\n\n\n\nThe smart data is as follows:\n\n=== START OF SMART DATA SECTION ===\nSMART overall-health self-assessment test result: PASSED\n\nSMART/Health Information (NVMe Log 0x02, NSID 0xffffffff)\nCritical Warning:  0x00\nTemperature:  37 Celsius\nAvailable Spare:  100%\nAvailable Spare Threshold:  10%\nPercentage Used:  0%\nData Units Read:  494 [252 MB]\nData Units Written:  468,568 [239 GB]\nHost Read Commands:  5,865\nHost Write Commands:  6,246,687\nController Busy Time:  0\nPower Cycles:  11\nPower On Hours:  352\nUnsafe Shutdowns:  8\nMedia and Data Integrity Errors:  0\nError Information Log Entries:  0\n\nError Information (NVMe Log 0x01, max 64 entries)"
}