{
 "id": 997560,
 "bug_id": 229011,
 "attachment_id": 194247,
 "creation_time": "2018-06-14T12:25:32Z",
 "creator": "vmato9@gmail.com",
 "text": "Created attachment 194247\nTop shows over 900% raw CPU for single-threaded processes\n\nEspecially hard degradation appeared after upgrade of host to virtualbox-ose-5.2.8_1.\n\nProblem appears only when many CPU cores are available: On 8 cores system runs fine. On 12 or more systems becomes unstable and often completely unresponsive.\nInitial OS installation process (from boot CD) is also affected.\n\nOn installed system degradation starts somewhere after the message \"Timecounters tick every 1.000 msec\" is printed.\n\nStrange top screenshot is attached.\n\n\ndmesg:\nCopyright (c) 1992-2017 The FreeBSD Project.\nCopyright (c) 1979, 1980, 1983, 1986, 1988, 1989, 1991, 1992, 1993, 1994\n        The Regents of the University of California. All rights reserved.\nFreeBSD is a registered trademark of The FreeBSD Foundation.\nFreeBSD 11.1-RELEASE-p10 #0: Tue May  8 05:21:56 UTC 2018\n    root@amd64-builder.daemonology.net:/usr/obj/usr/src/sys/GENERIC amd64\nFreeBSD clang version 4.0.0 (tags/RELEASE_400/final 297347) (based on LLVM 4.0.0)\nVT(vga): text 80x25\nCPU: Intel(R) Xeon(R) CPU           X5650  @ 2.67GHz (2666.90-MHz K8-class CPU)\n  Origin=\"GenuineIntel\"  Id=0x206c2  Family=0x6  Model=0x2c  Stepping=2\n  Features=0x1783fbff\u003cFPU,VME,DE,PSE,TSC,MSR,PAE,MCE,CX8,APIC,SEP,MTRR,PGE,MCA,CMOV,PAT,PSE36,MMX,FXSR,SSE,SSE2,HTT\u003e\n  Features2=0x2b82203\u003cSSE3,PCLMULQDQ,SSSE3,CX16,SSE4.1,SSE4.2,x2APIC,POPCNT,AESNI\u003e\n  AMD Features=0x28100800\u003cSYSCALL,NX,RDTSCP,LM\u003e\n  AMD Features2=0x1\u003cLAHF\u003e\n  TSC: P-state invariant\nreal memory  = 9126805504 (8704 MB)\navail memory = 8268087296 (7885 MB)\nEvent timer \"LAPIC\" quality 100\nACPI APIC Table: \u003cVBOX   VBOXAPIC\u003e\nFreeBSD/SMP: Multiprocessor System Detected: 24 CPUs\nFreeBSD/SMP: 1 package(s) x 24 core(s)\nrandom: unblocking device.\nSecurity policy loaded: TrustedBSD MAC/portacl (mac_portacl)\nioapic0: Changing APIC ID to 24\nioapic0 \u003cVersion 2.0\u003e irqs 0-23 on motherboard\nSMP: AP CPU #19 Launched!\nSMP: AP CPU #15 Launched!\nSMP: AP CPU #20 Launched!\nSMP: AP CPU #14 Launched!\nSMP: AP CPU #4 Launched!\nSMP: AP CPU #16 Launched!\nSMP: AP CPU #5 Launched!\nSMP: AP CPU #18 Launched!\nSMP: AP CPU #9 Launched!\nSMP: AP CPU #7 Launched!\nSMP: AP CPU #11 Launched!\nSMP: AP CPU #2 Launched!\nSMP: AP CPU #1 Launched!\nSMP: AP CPU #6 Launched!\nSMP: AP CPU #8 Launched!\nSMP: AP CPU #13 Launched!\nSMP: AP CPU #12 Launched!\nSMP: AP CPU #23 Launched!\nSMP: AP CPU #21 Launched!\nSMP: AP CPU #22 Launched!\nSMP: AP CPU #17 Launched!\nSMP: AP CPU #3 Launched!\nSMP: AP CPU #10 Launched!\nrandom: entropy device external interface\nkbd1 at kbdmux0\nnetmap: loaded module\nmodule_register_init: MOD_LOAD (vesa, 0xffffffff80f5ec40, 0) error 19\nnexus0\nvtvga0: \u003cVT VGA driver\u003e on motherboard\ncryptosoft0: \u003csoftware crypto\u003e on motherboard\nacpi0: \u003cVBOX VBOXXSDT\u003e on motherboard\nacpi0: Power Button (fixed)\nacpi0: Sleep Button (fixed)\nhpet0: \u003cHigh Precision Event Timer\u003e iomem 0xfed00000-0xfed003ff irq 0,8 on acpi0\nTimecounter \"HPET\" frequency 100000000 Hz quality 950\ncpu0: \u003cACPI CPU\u003e on acpi0\ncpu1: \u003cACPI CPU\u003e on acpi0\ncpu2: \u003cACPI CPU\u003e on acpi0\ncpu3: \u003cACPI CPU\u003e on acpi0\ncpu4: \u003cACPI CPU\u003e on acpi0\ncpu5: \u003cACPI CPU\u003e on acpi0\ncpu6: \u003cACPI CPU\u003e on acpi0\ncpu7: \u003cACPI CPU\u003e on acpi0\ncpu8: \u003cACPI CPU\u003e on acpi0\ncpu9: \u003cACPI CPU\u003e on acpi0\ncpu10: \u003cACPI CPU\u003e on acpi0\ncpu11: \u003cACPI CPU\u003e on acpi0\ncpu12: \u003cACPI CPU\u003e on acpi0\ncpu13: \u003cACPI CPU\u003e on acpi0\ncpu14: \u003cACPI CPU\u003e on acpi0\ncpu15: \u003cACPI CPU\u003e on acpi0\ncpu16: \u003cACPI CPU\u003e on acpi0\ncpu17: \u003cACPI CPU\u003e on acpi0\ncpu18: \u003cACPI CPU\u003e on acpi0\ncpu19: \u003cACPI CPU\u003e on acpi0\ncpu20: \u003cACPI CPU\u003e on acpi0\ncpu21: \u003cACPI CPU\u003e on acpi0\ncpu22: \u003cACPI CPU\u003e on acpi0\ncpu23: \u003cACPI CPU\u003e on acpi0\nattimer0: \u003cAT timer\u003e port 0x40-0x43,0x50-0x53 on acpi0\nTimecounter \"i8254\" frequency 1193182 Hz quality 0\nEvent timer \"i8254\" frequency 1193182 Hz quality 100\nTimecounter \"ACPI-fast\" frequency 3579545 Hz quality 900\nacpi_timer0: \u003c32-bit timer at 3.579545MHz\u003e port 0x4008-0x400b on acpi0\npcib0: \u003cACPI Host-PCI bridge\u003e port 0xcf8-0xcff on acpi0\npci0: \u003cACPI PCI bus\u003e on pcib0\nisab0: \u003cPCI-ISA bridge\u003e at device 1.0 on pci0\nisa0: \u003cISA bus\u003e on isab0\nvgapci0: \u003cVGA-compatible display\u003e mem 0xe0000000-0xe0ffffff irq 18 at device 2.0 on pci0\nvgapci0: Boot video device\nem0: \u003cIntel(R) PRO/1000 Legacy Network Connection 1.1.0\u003e port 0xd000-0xd007 mem 0xf0000000-0xf001ffff irq 19 at device 3.0 on pci0\nem0: Ethernet address: 00:50:56:00:51:55\nem0: netmap queues/slots: TX 1/256, RX 1/256\npci0: \u003cbridge\u003e at device 7.0 (no driver attached)\nahci0: \u003cIntel ICH8M AHCI SATA controller\u003e port 0xd040-0xd047,0xd048-0xd04b,0xd050-0xd057,0xd058-0xd05b,0xd060-0xd06f mem 0xf0804000-0xf0805fff irq 21 at device 13.0 on pci0\nahci0: AHCI v1.10 with 2 3Gbps ports, Port Multiplier not supported\nahcich0: \u003cAHCI channel\u003e at channel 0 on ahci0\nahcich1: \u003cAHCI channel\u003e at channel 1 on ahci0\nacpi_acad0: \u003cAC Adapter\u003e on acpi0\natkbdc0: \u003cKeyboard controller (i8042)\u003e port 0x60,0x64 irq 1 on acpi0\natkbd0: \u003cAT Keyboard\u003e irq 1 on atkbdc0\nkbd0 at atkbd0\natkbd0: [GIANT-LOCKED]\npsm0: \u003cPS/2 Mouse\u003e irq 12 on atkbdc0\npsm0: [GIANT-LOCKED]\npsm0: model IntelliMouse Explorer, device ID 4\nqpi0: \u003cQPI system bus\u003e on motherboard\norm0: \u003cISA Option ROM\u003e at iomem 0xc0000-0xc7fff on isa0\nvga0: \u003cGeneric ISA VGA\u003e at port 0x3c0-0x3df iomem 0xa0000-0xbffff on isa0\natrtc0: \u003cAT realtime clock\u003e at port 0x70 irq 8 on isa0\nEvent timer \"RTC\" frequency 32768 Hz quality 0\nppc0: cannot reserve I/O port range\nZFS filesystem version: 5\nZFS storage pool version: features support (5000)\nTimecounters tick every 1.000 msec\nusb_needs_explore_all: no devclass\nnvme cam probe device init\nada0 at ahcich0 bus 0 scbus0 target 0 lun 0\nada0: \u003cVBOX HARDDISK 1.0\u003e ATA8-ACS SATA 2.x device\nada0: Serial Number VB858498bf-9eb94d3d\nada0: 300.000MB/s transfers (SATA 2.x, UDMA6, PIO 8192bytes)\nada0: Command Queueing enabled\nada0: 51200MB (104857600 512 byte sectors)\nTrying to mount root from zfs:zroot/ROOT/default []...\nvboxguest0 port 0xd020-0xd03f mem 0xf0400000-0xf07fffff,0xf0800000-0xf0803fff irq 20 at device 4.0 on pci0\nvboxguest: loaded successfully\nem0: link state changed to UP"
}