{
 "id": 579586,
 "bug_id": 150848,
 "attachment_id": 0,
 "creation_time": "2010-09-22T07:20:01Z",
 "creator": "kennedy.greg@gmail.com",
 "text": "I checked out port sysutils/devcpu-data today and used /usr/local/etc/rc.d/microcode_update start to update the microcode on my Pentium 4 CPU.  The tool returned a success message, but within 10 minutes my system ended up with a kernel panic.  I set microcode_update_enable=\"YES\" in rc.conf to update on boot and each session the system would crash and reboot in 9 or 10 minutes.\n\nHere is the full output from dmesg of a run, showing my CPU and also ending with the kernel panic.\n\nCopyright (c) 1992-2010 The FreeBSD Project.\nCopyright (c) 1979, 1980, 1983, 1986, 1988, 1989, 1991, 1992, 1993, 1994\n        The Regents of the University of California. All rights reserved.\nFreeBSD is a registered trademark of The FreeBSD Foundation.\nFreeBSD 8.1-RELEASE #0: Mon Jul 19 02:55:53 UTC 2010\n    root@almeida.cse.buffalo.edu:/usr/obj/usr/src/sys/GENERIC i386\nTimecounter \"i8254\" frequency 1193182 Hz quality 0\nCPU: Intel(R) Pentium(R) 4 CPU 1300MHz (1296.83-MHz 686-class CPU)\n  Origin = \"GenuineIntel\"  Id = 0xf07  Family = f  Model = 0  Stepping = 7\n  Features=0x3febfbff\u003cFPU,VME,DE,PSE,TSC,MSR,PAE,MCE,CX8,APIC,SEP,MTRR,PGE,MCA,CMOV,PAT,PSE36,CLFLUSH,DTS,ACPI,MMX,FXSR,SSE,SSE2,SS,HTT,TM\u003e\nreal memory  = 268435456 (256 MB)\navail memory = 247607296 (236 MB)\nkbd1 at kbdmux0\nacpi0: \u003cGATEWA N0CPP063\u003e on motherboard\nacpi0: [ITHREAD]\nacpi0: Power Button (fixed)\nacpi0: reservation of 0, a0000 (3) failed\nacpi0: reservation of 100000, ff00000 (3) failed\nTimecounter \"ACPI-fast\" frequency 3579545 Hz quality 1000\nacpi_timer0: \u003c24-bit timer at 3.579545MHz\u003e port 0x408-0x40b on acpi0\ncpu0: \u003cACPI CPU\u003e on acpi0\nacpi_button0: \u003cSleep Button\u003e on acpi0\npcib0: \u003cACPI Host-PCI bridge\u003e port 0xcf8-0xcff on acpi0\npci0: \u003cACPI PCI bus\u003e on pcib0\nagp0: \u003cIntel 82850 host to AGP bridge\u003e on hostb0\npcib1: \u003cPCI-PCI bridge\u003e at device 1.0 on pci0\npci1: \u003cPCI bus\u003e on pcib1\npcib2: \u003cACPI PCI-PCI bridge\u003e at device 30.0 on pci0\npci2: \u003cACPI PCI bus\u003e on pcib2\nvgapci0: \u003cVGA-compatible display\u003e mem 0xf8000000-0xfbffffff irq 11 at device 9.0 on pci2\nrl0: \u003cD-Link DFE-530TX+ 10/100BaseTX\u003e port 0xd800-0xd8ff mem 0xfeaefc00-0xfeaefcff irq 5 at device 10.0 on pci2\nmiibus0: \u003cMII bus\u003e on rl0\nrlphy0: \u003cRealTek internal media interface\u003e PHY 0 on miibus0\nrlphy0:  10baseT, 10baseT-FDX, 100baseTX, 100baseTX-FDX, auto\nrl0: Ethernet address: 00:05:5d:cf:1d:b5\nrl0: [ITHREAD]\nsis0: \u003cNatSemi DP8381[56] 10/100BaseTX\u003e port 0xd400-0xd4ff mem 0xfeaee000-0xfeaeefff irq 6 at device 11.0 on pci2\nsis0: Silicon Revision: DP83815D\nmiibus1: \u003cMII bus\u003e on sis0\nnsphyter0: \u003cDP83815 10/100 media interface\u003e PHY 0 on miibus1\nnsphyter0:  10baseT, 10baseT-FDX, 100baseTX, 100baseTX-FDX, auto\nsis0: Ethernet address: 00:02:e3:21:b6:87\nsis0: [ITHREAD]\nisab0: \u003cPCI-ISA bridge\u003e at device 31.0 on pci0\nisa0: \u003cISA bus\u003e on isab0\natapci0: \u003cIntel ICH2 UDMA100 controller\u003e port 0x1f0-0x1f7,0x3f6,0x170-0x177,0x376,0xffa0-0xffaf at device 31.1 on pci0\nata0: \u003cATA channel 0\u003e on atapci0\nata0: [ITHREAD]\nata1: \u003cATA channel 1\u003e on atapci0\nata1: [ITHREAD]\nuhci0: \u003cIntel 82801BA/BAM (ICH2) USB controller USB-A\u003e port 0xef40-0xef5f irq 10 at device 31.2 on pci0\nuhci0: [ITHREAD]\nuhci0: LegSup = 0x2f00\nusbus0: \u003cIntel 82801BA/BAM (ICH2) USB controller USB-A\u003e on uhci0\npci0: \u003cserial bus, SMBus\u003e at device 31.3 (no driver attached)\nuhci1: \u003cIntel 82801BA/BAM (ICH2) USB controller USB-B\u003e port 0xef80-0xef9f irq 6 at device 31.4 on pci0\nuhci1: [ITHREAD]\nuhci1: LegSup = 0x2f00\nusbus1: \u003cIntel 82801BA/BAM (ICH2) USB controller USB-B\u003e on uhci1\natrtc0: \u003cAT realtime clock\u003e port 0x70-0x71 irq 8 on acpi0\natkbdc0: \u003cKeyboard controller (i8042)\u003e port 0x60,0x64 irq 1 on acpi0\natkbd0: \u003cAT Keyboard\u003e irq 1 on atkbdc0\nkbd0 at atkbd0\natkbd0: [GIANT-LOCKED]\natkbd0: [ITHREAD]\npmtimer0 on isa0\norm0: \u003cISA Option ROM\u003e at iomem 0xc0000-0xc7fff pnpid ORM0000 on isa0\nsc0: \u003cSystem console\u003e at flags 0x100 on isa0\nsc0: VGA (mono) \u003c16 virtual consoles, flags=0x300\u003e\nvga0: \u003cGeneric ISA VGA\u003e at port 0x3b0-0x3cf iomem 0xa0000-0xbffff on isa0\nppc0: parallel port not found.\np4tcc0: \u003cCPU Frequency Thermal Control\u003e on cpu0\nTimecounter \"TSC\" frequency 1296827876 Hz quality 800\nTimecounters tick every 1.000 msec\nusbus0: 12Mbps Full Speed USB v1.0\nusbus1: 12Mbps Full Speed USB v1.0\nad0: 19595MB \u003cMAXTOR 6L020J1 A93.0500\u003e at ata0-master UDMA100\nugen0.1: \u003cIntel\u003e at usbus0\nuhub0: \u003cIntel UHCI root HUB, class 9/0, rev 1.00/1.00, addr 1\u003e on usbus0\nugen1.1: \u003cIntel\u003e at usbus1\nuhub1: \u003cIntel UHCI root HUB, class 9/0, rev 1.00/1.00, addr 1\u003e on usbus1\nad2: 114473MB \u003cWDC WD1200BEVE-00WZT0 01.01A01\u003e at ata1-master UDMA100\nuhub0: 2 ports with 2 removable, self powered\nuhub1: 2 ports with 2 removable, self powered\nTrying to mount root from ufs:/dev/ad0s1a\nWARNING: / was not properly dismounted\nWARNING: /nas was not properly dismounted\nWARNING: /tmp was not properly dismounted\nWARNING: /usr was not properly dismounted\n/usr: mount pending error: blocks 4 files 0\nWARNING: /var was not properly dismounted\n/var: mount pending error: blocks 24 files 0\nsis0: Applying short cable fix (reg=f6)\nsis0: Applying short cable fix (reg=f7)\nsis0: Applying short cable fix (reg=f7)\nsis0: Applying short cable fix (reg=f6)\npanic: free: address 0xc2b67000(0xc2b67000) has not been allocated.\n\ncpuid = 0\nUptime: 10m41s\nCannot dump. Device not defined or unavailable.\nAutomatic reboot in 15 seconds - press a key on the console to abort\nRebooting...\n\nHow-To-Repeat: check out sysutils/devcpu-data\n/usr/local/etc/rc.d/microcode_update start\nwait 10 minutes"
}