{
 "id": 631878,
 "bug_id": 161248,
 "attachment_id": 0,
 "creation_time": "2013-02-26T00:42:13Z",
 "creator": "c.prevotaux@rural-networks.com",
 "text": "I have the same problem on FreeBSD 9.1-Release using the GENERIC Kernel:\n\nFreeBSD xxx.xxx.xxx 9.1-RELEASE FreeBSD 9.1-RELEASE #0 r243825: Tue Dec  4 09:23:10 UTC 2012     root@farrell.cse.buffalo.edu:/usr/obj/usr/src/sys/GENERIC  amd64\n\n\non a HP Pavilion 2460ef (iCore5) which is using the : \n\nahci0: \u003cIntel Cougar Point AHCI SATA controller\u003e port 0xf070-0xf077,0xf060-0xf063,0xf050-0xf057,0xf040-0xf043,0xf020-0xf03f mem 0xf7406000-0xf74067ff irq 19 at device 31.2 on pci0\nahci0: AHCI v1.30 with 4 3Gbps ports, Port Multiplier not supported\nahcich0: \u003cAHCI channel\u003e at channel 0 on ahci0\nahcich4: \u003cAHCI channel\u003e at channel 4 on ahci0\n\npciconf -l:\n\nhostb0@pci0:0:0:0:\tclass=0x060000 card=0x2ada103c chip=0x01508086 rev=0x09 hdr=0x00\npcib1@pci0:0:1:0:\tclass=0x060400 card=0x2ada103c chip=0x01518086 rev=0x09 hdr=0x01\nnone0@pci0:0:22:0:\tclass=0x078000 card=0x2ada103c chip=0x1c3a8086 rev=0x04 hdr=0x00\nehci0@pci0:0:26:0:\tclass=0x0c0320 card=0x2ada103c chip=0x1c2d8086 rev=0x05 hdr=0x00\nhdac1@pci0:0:27:0:\tclass=0x040300 card=0x2ada103c chip=0x1c208086 rev=0x05 hdr=0x00\npcib2@pci0:0:28:0:\tclass=0x060400 card=0x2ada103c chip=0x1c108086 rev=0xb5 hdr=0x01\npcib3@pci0:0:28:1:\tclass=0x060400 card=0x2ada103c chip=0x1c128086 rev=0xb5 hdr=0x01\npcib4@pci0:0:28:5:\tclass=0x060400 card=0x2ada103c chip=0x1c1a8086 rev=0xb5 hdr=0x01\nehci1@pci0:0:29:0:\tclass=0x0c0320 card=0x2ada103c chip=0x1c268086 rev=0x05 hdr=0x00\nisab0@pci0:0:31:0:\tclass=0x060100 card=0x2ada103c chip=0x1c5c8086 rev=0x05 hdr=0x00\nahci0@pci0:0:31:2:\tclass=0x010601 card=0x2ada103c chip=0x1c028086 rev=0x05 hdr=0x00\nnone1@pci0:0:31:3:\tclass=0x0c0500 card=0x2ada103c chip=0x1c228086 rev=0x05 hdr=0x00\nvgapci0@pci0:1:0:0:\tclass=0x030000 card=0x90be1b0a chip=0x104910de rev=0xa1 hdr=0x00\nhdac0@pci0:1:0:1:\tclass=0x040300 card=0x90be1b0a chip=0x0e0810de rev=0xa1 hdr=0x00\nxhci0@pci0:2:0:0:\tclass=0x0c0330 card=0x2ada103c chip=0x8241104c rev=0x02 hdr=0x00\nnone2@pci0:3:0:0:\tclass=0x028000 card=0x18ed103c chip=0x539b1814 rev=0x00 hdr=0x00\nre0@pci0:4:0:0:\tclass=0x020000 card=0x2ada103c chip=0x816810ec rev=0x07 hdr=0x00\n\nFull Dmesg:\n\nCopyright (c) 1992-2012 The FreeBSD Project.\nCopyright (c) 1979, 1980, 1983, 1986, 1988, 1989, 1991, 1992, 1993, 1994\n\tThe Regents of the University of California. All rights reserved.\nFreeBSD is a registered trademark of The FreeBSD Foundation.\nFreeBSD 9.1-RELEASE #0 r243825: Tue Dec  4 09:23:10 UTC 2012\n    root@farrell.cse.buffalo.edu:/usr/obj/usr/src/sys/GENERIC amd64\nCPU: Intel(R) Core(TM) i5-3350P CPU @ 3.10GHz (3093.05-MHz K8-class CPU)\n  Origin = \"GenuineIntel\"  Id = 0x306a9  Family = 6  Model = 3a  Stepping = 9\n  Features=0xbfebfbff\u003cFPU,VME,DE,PSE,TSC,MSR,PAE,MCE,CX8,APIC,SEP,MTRR,PGE,MCA,CMOV,PAT,PSE36,CLFLUSH,DTS,ACPI,MMX,FXSR,SSE,SSE2,SS,HTT,TM,PBE\u003e\n  Features2=0x7fbae3bf\u003cSSE3,PCLMULQDQ,DTES64,MON,DS_CPL,VMX,EST,TM2,SSSE3,CX16,xTPR,PDCM,PCID,SSE4.1,SSE4.2,x2APIC,POPCNT,TSCDLT,AESNI,XSAVE,OSXSAVE,AVX,F16C,RDRAND\u003e\n  AMD Features=0x28100800\u003cSYSCALL,NX,RDTSCP,LM\u003e\n  AMD Features2=0x1\u003cLAHF\u003e\n  TSC: P-state invariant, performance statistics\nreal memory  = 8589934592 (8192 MB)\navail memory = 8186257408 (7807 MB)\nEvent timer \"LAPIC\" quality 600\nACPI APIC Table: \u003cHPQOEM SLIC-CPC\u003e\nFreeBSD/SMP: Multiprocessor System Detected: 4 CPUs\nFreeBSD/SMP: 1 package(s) x 4 core(s)\n cpu0 (BSP): APIC ID:  0\n cpu1 (AP): APIC ID:  2\n cpu2 (AP): APIC ID:  4\n cpu3 (AP): APIC ID:  6\nioapic0 \u003cVersion 2.0\u003e irqs 0-23 on motherboard\nCuse4BSD v0.1.27 @ /dev/cuse\nkbd1 at kbdmux0\nacpi0: \u003cHPQOEM SLIC-CPC\u003e on motherboard\nacpi0: Power Button (fixed)\nacpi0: reservation of 67, 1 (4) failed\ncpu0: \u003cACPI CPU\u003e on acpi0\ncpu1: \u003cACPI CPU\u003e on acpi0\ncpu2: \u003cACPI CPU\u003e on acpi0\ncpu3: \u003cACPI CPU\u003e on acpi0\nhpet0: \u003cHigh Precision Event Timer\u003e iomem 0xfed00000-0xfed003ff on acpi0\nTimecounter \"HPET\" frequency 14318180 Hz quality 950\nEvent timer \"HPET\" frequency 14318180 Hz quality 550\nEvent timer \"HPET1\" frequency 14318180 Hz quality 440\nEvent timer \"HPET2\" frequency 14318180 Hz quality 440\nEvent timer \"HPET3\" frequency 14318180 Hz quality 440\nEvent timer \"HPET4\" frequency 14318180 Hz quality 440\natrtc0: \u003cAT realtime clock\u003e port 0x70-0x77 irq 8 on acpi0\natrtc0: Warning: Couldn't map I/O.\nEvent timer \"RTC\" frequency 32768 Hz quality 0\nattimer0: \u003cAT timer\u003e port 0x40-0x43,0x50-0x53 irq 0 on acpi0\nTimecounter \"i8254\" frequency 1193182 Hz quality 0\nEvent timer \"i8254\" frequency 1193182 Hz quality 100\nTimecounter \"ACPI-fast\" frequency 3579545 Hz quality 900\nacpi_timer0: \u003c24-bit timer at 3.579545MHz\u003e port 0x408-0x40b on acpi0\npcib0: \u003cACPI Host-PCI bridge\u003e port 0xcf8-0xcff on acpi0\npci0: \u003cACPI PCI bus\u003e on pcib0\npcib1: \u003cACPI PCI-PCI bridge\u003e irq 16 at device 1.0 on pci0\npci1: \u003cACPI PCI bus\u003e on pcib1\nvgapci0: \u003cVGA-compatible display\u003e port 0xe000-0xe07f mem 0xf6000000-0xf6ffffff,0xe8000000-0xefffffff,0xf0000000-0xf1ffffff irq 16 at device 0.0 on pci1\nnvidia0: \u003cGeForce GT 620\u003e on vgapci0\nvgapci0: child nvidia0 requested pci_enable_io\nvgapci0: child nvidia0 requested pci_enable_io\nhdac0: \u003cNVIDIA GF119 HDA Controller\u003e mem 0xf7080000-0xf7083fff irq 17 at device 0.1 on pci1\npci0: \u003csimple comms\u003e at device 22.0 (no driver attached)\nehci0: \u003cEHCI (generic) USB 2.0 controller\u003e mem 0xf7408000-0xf74083ff irq 16 at device 26.0 on pci0\nusbus0: EHCI version 1.0\nusbus0 on ehci0\nhdac1: \u003cIntel Cougar Point HDA Controller\u003e mem 0xf7400000-0xf7403fff irq 22 at device 27.0 on pci0\npcib2: \u003cACPI PCI-PCI bridge\u003e irq 16 at device 28.0 on pci0\npci2: \u003cACPI PCI bus\u003e on pcib2\nxhci0: \u003cXHCI (generic) USB 3.0 controller\u003e mem 0xf7300000-0xf730ffff,0xf7310000-0xf7311fff irq 16 at device 0.0 on pci2\nxhci0: 64 byte context size.\nusbus1 on xhci0\npcib3: \u003cACPI PCI-PCI bridge\u003e irq 17 at device 28.1 on pci0\npci3: \u003cACPI PCI bus\u003e on pcib3\npci3: \u003cnetwork\u003e at device 0.0 (no driver attached)\npcib4: \u003cACPI PCI-PCI bridge\u003e irq 17 at device 28.5 on pci0\npci4: \u003cACPI PCI bus\u003e on pcib4\nre0: \u003cRealTek 8168/8111 B/C/CP/D/DP/E/F PCIe Gigabit Ethernet\u003e port 0xd000-0xd0ff mem 0xf7104000-0xf7104fff,0xf7100000-0xf7103fff irq 16 at device 0.0 on pci4\nre0: Using 1 MSI-X message\nre0: ASPM disabled\nre0: Chip rev. 0x2c800000\nre0: MAC rev. 0x00000000\nmiibus0: \u003cMII bus\u003e on re0\nrgephy0: \u003cRTL8169S/8110S/8211 1000BASE-T media interface\u003e PHY 1 on miibus0\nrgephy0:  none, 10baseT, 10baseT-FDX, 10baseT-FDX-flow, 100baseTX, 100baseTX-FDX, 100baseTX-FDX-flow, 1000baseT, 1000baseT-master, 1000baseT-FDX, 1000baseT-FDX-master, 1000baseT-FDX-flow, 1000baseT-FDX-flow-master, auto, auto-flow\nre0: Ethernet address: 10:60:4b:72:0d:1e\nehci1: \u003cEHCI (generic) USB 2.0 controller\u003e mem 0xf7407000-0xf74073ff irq 23 at device 29.0 on pci0\nusbus2: EHCI version 1.0\nusbus2 on ehci1\nisab0: \u003cPCI-ISA bridge\u003e at device 31.0 on pci0\nisa0: \u003cISA bus\u003e on isab0\nahci0: \u003cIntel Cougar Point AHCI SATA controller\u003e port 0xf070-0xf077,0xf060-0xf063,0xf050-0xf057,0xf040-0xf043,0xf020-0xf03f mem 0xf7406000-0xf74067ff irq 19 at device 31.2 on pci0\nahci0: AHCI v1.30 with 4 3Gbps ports, Port Multiplier not supported\nahcich0: \u003cAHCI channel\u003e at channel 0 on ahci0\nahcich4: \u003cAHCI channel\u003e at channel 4 on ahci0\npci0: \u003cserial bus, SMBus\u003e at device 31.3 (no driver attached)\nacpi_button0: \u003cPower Button\u003e on acpi0\nacpi_tz0: \u003cThermal Zone\u003e on acpi0\nacpi_tz1: \u003cThermal Zone\u003e on acpi0\norm0: \u003cISA Option ROMs\u003e at iomem 0xc0000-0xcdfff,0xce000-0xcefff on isa0\nsc0: \u003cSystem console\u003e at flags 0x100 on isa0\nsc0: VGA \u003c16 virtual consoles, flags=0x300\u003e\nvga0: \u003cGeneric ISA VGA\u003e at port 0x3c0-0x3df iomem 0xa0000-0xbffff on isa0\natkbdc0: \u003cKeyboard controller (i8042)\u003e at port 0x60,0x64 on isa0\natkbd0: \u003cAT Keyboard\u003e irq 1 on atkbdc0\nkbd0 at atkbd0\natkbd0: [GIANT-LOCKED]\nppc0: cannot reserve I/O port range\nctl: CAM Target Layer loaded\nest0: \u003cEnhanced SpeedStep Frequency Control\u003e on cpu0\np4tcc0: \u003cCPU Frequency Thermal Control\u003e on cpu0\nest1: \u003cEnhanced SpeedStep Frequency Control\u003e on cpu1\np4tcc1: \u003cCPU Frequency Thermal Control\u003e on cpu1\nest2: \u003cEnhanced SpeedStep Frequency Control\u003e on cpu2\np4tcc2: \u003cCPU Frequency Thermal Control\u003e on cpu2\nest3: \u003cEnhanced SpeedStep Frequency Control\u003e on cpu3\np4tcc3: \u003cCPU Frequency Thermal Control\u003e on cpu3\nTimecounters tick every 1.000 msec\nhdacc0: \u003cNVIDIA (0x001c) HDA CODEC\u003e at cad 0 on hdac0\nhdaa0: \u003cNVIDIA (0x001c) Audio Function Group\u003e at nid 1 on hdacc0\npcm0: \u003cNVIDIA (0x001c) (HDMI/DP 8ch)\u003e at nid 4 on hdaa0\npcm1: \u003cNVIDIA (0x001c) (HDMI/DP 8ch)\u003e at nid 5 on hdaa0\nhdacc1: \u003cIDT 92HD73E1 HDA CODEC\u003e at cad 0 on hdac1\nhdaa1: \u003cIDT 92HD73E1 Audio Function Group\u003e at nid 1 on hdacc1\npcm2: \u003cIDT 92HD73E1 (Analog 7.1+HP/2.0)\u003e at nid 12,16,15,17,10 and 11,14 on hdaa1\npcm3: \u003cIDT 92HD73E1 (Rear Analog Line-in)\u003e at nid 13 on hdaa1\nusbus0: 480Mbps High Speed USB v2.0\nusbus1: 5.0Gbps Super Speed USB v3.0\nusbus2: 480Mbps High Speed USB v2.0\nugen0.1: \u003cIntel\u003e at usbus0\nuhub0: \u003cIntel EHCI root HUB, class 9/0, rev 2.00/1.00, addr 1\u003e on usbus0\nugen1.1: \u003c0x104c\u003e at usbus1\nuhub1: \u003c0x104c XHCI root HUB, class 9/0, rev 3.00/1.00, addr 1\u003e on usbus1\nugen2.1: \u003cIntel\u003e at usbus2\nuhub2: \u003cIntel EHCI root HUB, class 9/0, rev 2.00/1.00, addr 1\u003e on usbus2\nuhub1: 4 ports with 4 removable, self powered\nuhub0: 2 ports with 2 removable, self powered\nuhub2: 2 ports with 2 removable, self powered\nugen0.2: \u003cvendor 0x8087\u003e at usbus0\nuhub3: \u003cvendor 0x8087 product 0x0024, class 9/0, rev 2.00/0.00, addr 2\u003e on usbus0\nugen2.2: \u003cvendor 0x8087\u003e at usbus2\nuhub4: \u003cvendor 0x8087 product 0x0024, class 9/0, rev 2.00/0.00, addr 2\u003e on usbus2\nugen1.2: \u003cSanDisk\u003e at usbus1\numass0: \u003cSanDisk Cruzer Fit, class 0/0, rev 2.00/1.26, addr 1\u003e on usbus1\numass0:  SCSI over Bulk-Only; quirks = 0x4100\numass0:3:0:-1: Attached to scbus3\nuhub3: 4 ports with 4 removable, self powered\nuhub4: 6 ports with 6 removable, self powered\nugen0.3: \u003cLogitech\u003e at usbus0\nums0: \u003cLogitech USB Optical Mouse, class 0/0, rev 2.00/72.00, addr 3\u003e on usbus0\nums0: 3 buttons and [XYZ] coordinates ID=0\nugen2.3: \u003cGeneric\u003e at usbus2\numass1: \u003cGeneric Mass Storage Device, class 0/0, rev 2.00/1.00, addr 3\u003e on usbus2\numass1:  SCSI over Bulk-Only; quirks = 0x4001\numass1:4:1:-1: Attached to scbus4\nugen0.4: \u003cNOVATEK\u003e at usbus0\nukbd0: \u003cNOVATEK USB Keyboard, class 0/0, rev 1.10/1.04, addr 4\u003e on usbus0\nkbd2 at ukbd0\nuhid0: \u003cNOVATEK USB Keyboard, class 0/0, rev 1.10/1.04, addr 4\u003e on usbus0\nada0 at ahcich0 bus 0 scbus0 target 0 lun 0\nada0: \u003cST1000DM003-9YN162 HP16\u003e ATA-8 SATA 3.x device\nada0: 300.000MB/s transfers (SATA 2.x, UDMA5, PIO 8192bytes)\nada0: Command Queueing enabled\nada0: 953869MB (1953525168 512 byte sectors: 16H 63S/T 16383C)\nada0: Previously was known as ad4\nda0 at umass-sim0 bus 0 scbus3 target 0 lun 0\nda0: \u003cSanDisk Cruzer Fit 1.26\u003e Removable Direct Access SCSI-5 device \nda0: 40.000MB/s transfers\ncd0 at ahcich4 bus 0 scbus1 target 0 lun 0\ncd0: \u003chp CDDVDW SH-216BB HE40\u003e Removable CD-ROM SCSI-0 device \ncd0: 150.000MB/s transfers (SATA 1.x, UDMA5, ATAPI 12bytes, PIO 8192bytes)\ncd0: Attempt to query device size failed: NOT READY, Medium not present - tray closed\nda0: 15267MB (31266816 512 byte sectors: 255H 63S/T 1946C)\nda1 at umass-sim1 bus 1 scbus4 target 0 lun 0\nda1: \u003cMultiple Card  Reader 1.00\u003e Removable Direct Access SCSI-0 device \nSMP: AP CPU #2 Launched!\nda1: 40.000MB/s transfers\nda1: Attempt to query device size failed: NOT READY, Medium not present\nSMP: AP CPU #3 Launched!\nSMP: AP CPU #1 Launched!\nTimecounter \"TSC-low\" frequency 12082217 Hz quality 1000\nRoot mount waiting for: usbus0\nugen0.5: \u003cRalink\u003e at usbus0\nrun0: \u003c1.0\u003e on usbus0\nrun0: MAC/BBP RT3070 (rev 0x0200), RF RT3020 (MIMO 1T1R), address 00:22:cf:04:14:45\nTrying to mount root from ufs:/dev/ada0s1a [rw]...\nwlan0: Ethernet address: 00:22:cf:04:14:45\nrun0: firmware RT2870 ver. 0.236 loaded\nNVRM: GPU at 0000:01:00: GPU-8e555549-dce3-45a1-6905-3017127318b4\n\n\n--\n=====================================================\nChristophe Prevotaux\n====================================================="
}