{
 "id": 422475,
 "bug_id": 118955,
 "attachment_id": 0,
 "creation_time": "2007-12-22T18:30:01Z",
 "creator": "etteldor@mail.be",
 "text": "googleearth crashes the system after visiting 3 or 4 locations.\n\n\nsavecore: reboot after panic: kmem_malloc(2097152): kmem_map too small: 328527872 total allocated\nDec 22 18:55:52 kadath savecore: reboot after panic: kmem_malloc(2097152): kmem_map too small: 328527872 total allocated\nsavecore: writing core to vmcore.0\n\n\n\nroot@kadath [/var/crash]: kgdb /boot/kernel/kernel vmcore.0 \n[GDB will not be able to debug user-mode threads: /usr/lib/libthread_db.so: Undefined symbol \"ps_pglobal_lookup\"]\nGNU gdb 6.1.1 [FreeBSD]\nCopyright 2004 Free Software Foundation, Inc.\nGDB is free software, covered by the GNU General Public License, and you are\nwelcome to change it and/or distribute copies of it under certain conditions.\nType \"show copying\" to see the conditions.\nThere is absolutely no warranty for GDB.  Type \"show warranty\" for details.\nThis GDB was configured as \"i386-marcel-freebsd\".\n(no debugging symbols found)...Attempt to extract a component of a value that is not a structure pointer.\n(kgdb) where\n#0  0xc059d8eb in doadump ()\n#1  0xc059de3d in boot ()\n#2  0xc059e284 in panic ()\n#3  0xc078b48d in kmem_malloc ()\n#4  0xc0784206 in uma_large_malloc ()\n#5  0xc058ede8 in malloc ()\n#6  0xc0e4aec1 in ?? ()\n#7  0x00200000 in ?? ()\n#8  0xc10bd7e0 in ?? ()\n#9  0x00000102 in ?? ()\n#10 0x00000101 in ?? ()\n#11 0xc53d6900 in ?? ()\n#12 0x00200000 in ?? ()\n#13 0x00000001 in ?? ()\n#14 0xc53d6200 in ?? ()\n#15 0xc5d52800 in ?? ()\n#16 0x00000000 in ?? ()\n#17 0xe7caf99c in ?? ()\n#18 0xc0e4b2cd in ?? ()\n#19 0xc53d6200 in ?? ()\n#20 0x00000200 in ?? ()\n#21 0x00000000 in ?? ()\n#22 0xd9180048 in ?? ()\n#23 0xd9180030 in ?? ()\n#24 0x00002000 in ?? ()\n#25 0xd9180000 in ?? ()\n#26 0xe7caf9cc in ?? ()\n#27 0xc0b38810 in ?? ()\n#28 0xc53d6200 in ?? ()\n#29 0x00000200 in ?? ()\n#30 0x00000000 in ?? ()\n#31 0x00000000 in ?? ()\n#32 0x00000000 in ?? ()\n#33 0xd9180048 in ?? ()\n#34 0xd9180030 in ?? ()\n#35 0xc0b382c6 in ?? ()\n#36 0xd9180000 in ?? ()\n#37 0x00000000 in ?? ()\n#38 0xe7cafa1c in ?? ()\n#39 0xc0d96762 in ?? ()\n#40 0xd9180000 in ?? ()\n#41 0xc0b0cb50 in ?? ()\n#42 0xe7cafa0c in ?? ()\n#43 0xc0d96687 in ?? ()\n#44 0xd9180000 in ?? ()\n#45 0x00000000 in ?? ()\n#46 0x00001050 in ?? ()\n#47 0xc5d52800 in ?? ()\n#48 0xc5d52800 in ?? ()\n#49 0x00000200 in ?? ()\n#50 0xd9180000 in ?? ()\n#51 0x00000000 in ?? ()\n#52 0x001fffff in ?? ()\n#53 0x00000000 in ?? ()\n#54 0xe7cafa4c in ?? ()\n#55 0xc0b18a7d in ?? ()\n#56 0x00000000 in ?? ()\n#57 0x001fffff in ?? ()\n#58 0xe7cafa4c in ?? ()\n#59 0xc0b18aa9 in ?? ()\n#60 0xd9180000 in ?? ()\n#61 0x00000001 in ?? ()\n#62 0x00000000 in ?? ()\n#63 0xe7cafa3c in ?? ()\n#64 0xc5d52800 in ?? ()\n#65 0x00000048 in ?? ()\n#66 0x00000041 in ?? ()\n#67 0xc5763000 in ?? ()\n#68 0xc61ed600 in ?? ()\n#69 0xc52cb000 in ?? ()\n#70 0xe7cafabc in ?? ()\n#71 0xc0b18d52 in ?? ()\n#72 0xc5d52800 in ?? ()\n#73 0xc1d00021 in ?? ()\n#74 0x001fffff in ?? ()\n#75 0x00000000 in ?? ()\n#76 0xe7cafaa0 in ?? ()\n#77 0xe7cafa98 in ?? ()\n#78 0xe7cafa9c in ?? ()\n#79 0x40005010 in ?? ()\n#80 0x00000034 in ?? ()\n#81 0xe7cafa9c in ?? ()\n#82 0x00000279 in ?? ()\n#83 0xc5d83000 in ?? ()\n#84 0xc547e200 in ?? ()\n#85 0xc52cb400 in ?? ()\n#86 0xe7cafaac in ?? ()\n#87 0xc0e48bf3 in ?? ()\n#88 0xc537a740 in ?? ()\n#89 0x00000000 in ?? ()\n#90 0x00000000 in ?? ()\n#91 0xd9180000 in ?? ()\n#92 0xc5d52800 in ?? ()\n#93 0x00000041 in ?? ()\n#94 0xe7cafacc in ?? ()\n#95 0x00000000 in ?? ()\n#96 0xc6cbd740 in ?? ()\n#97 0xc52cb400 in ?? ()\n#98 0xe7cafb0c in ?? ()\n#99 0xc0b15efd in ?? ()\n#100 0xc1d00021 in ?? ()\n#101 0xbeef0003 in ?? ()\n#102 0x350e11e0 in ?? ()\n#103 0x0000003e in ?? ()\n#104 0x40005010 in ?? ()\n#105 0xe7cafaf0 in ?? ()\n#106 0xe7cafaf4 in ?? ()\n#107 0xe7cafc10 in ?? ()\n#108 0xc5319a00 in ?? ()\n#109 0x00000000 in ?? ()\n#110 0xc5386800 in ?? ()\n#111 0x00000000 in ?? ()\n#112 0x001fffff in ?? ()\n#113 0x00000000 in ?? ()\n#114 0x00000004 in ?? ()\n#115 0xc53d6200 in ?? ()\n#116 0xc59d3500 in ?? ()\n#117 0xc6cbd740 in ?? ()\n#118 0xe7cafb4c in ?? ()\n#119 0xc0b43538 in ?? ()\n#120 0xc6cbd740 in ?? ()\n#121 0x00000006 in ?? ()\n#122 0x00000000 in ?? ()\n#123 0xe7cafb44 in ?? ()\n#124 0xc0e499fe in ?? ()\n#125 0xc53e8d80 in ?? ()\n#126 0xc53e8880 in ?? ()\n#127 0x00000020 in ?? ()\n#128 0x00000004 in ?? ()\n#129 0x00000028 in ?? ()\n#130 0x00000000 in ?? ()\n#131 0xc53d6200 in ?? ()\n#132 0x00000019 in ?? ()\n#133 0xc53d6700 in ?? ()\n#134 0xe7cafb6c in ?? ()\n#135 0xc0b410cb in ?? ()\n#136 0xc53d6200 in ?? ()\n#137 0xc59d3500 in ?? ()\n#138 0x00000027 in ?? ()\n#139 0xc6cbd740 in ?? ()\n#140 0x00000019 in ?? ()\n#141 0xc53d6700 in ?? ()\n#142 0xe7cafb8c in ?? ()\n#143 0xc0e4bc84 in ?? ()\n#144 0x00000000 in ?? ()\n#145 0xc53d6200 in ?? ()\n#146 0xc59d3500 in ?? ()\n#147 0x00000027 in ?? ()\n#148 0xc6cbd740 in ?? ()\n#149 0xc53d6200 in ?? ()\n#150 0xe7cafbb4 in ?? ()\n#151 0xc0e486bc in ?? ()\n#152 0xc53d6700 in ?? ()\n#153 0xc0304627 in ?? ()\n#154 0xc6cbd740 in ?? ()\n#155 0x00000003 in ?? ()\n#156 0xc5adfcc0 in ?? ()\n#157 0x00000004 in ?? ()\n#158 0xc53d6700 in ?? ()\n#159 0xc59c4dc8 in ?? ()\n#160 0xe7cafbd8 in ?? ()\n#161 0xc0569182 in giant_ioctl ()\nPrevious frame inner to this frame (corrupt stack?)\n\n\n\ndmesg:\nCopyright (c) 1992-2007 The FreeBSD Project.\nCopyright (c) 1979, 1980, 1983, 1986, 1988, 1989, 1991, 1992, 1993, 1994\n        The Regents of the University of California. All rights reserved.\nFreeBSD is a registered trademark of The FreeBSD Foundation.\nFreeBSD 7.0-BETA4 #2: Fri Dec  7 20:38:50 MET 2007\n    etteldor@kadath.gruftie.net:/usr/src/sys/i386/compile/KADATH\nTimecounter \"i8254\" frequency 1193182 Hz quality 0\nCPU: AMD Athlon(tm) 64 X2 Dual Core Processor 4000+ (2104.41-MHz 686-class CPU)\n  Origin = \"AuthenticAMD\"  Id = 0x60fb1  Stepping = 1\n  Features=0x178bfbff\u003cFPU,VME,DE,PSE,TSC,MSR,PAE,MCE,CX8,APIC,SEP,MTRR,PGE,MCA,CMOV,PAT,PSE36,CLFLUSH,MMX,FXSR,SSE,SSE2,HTT\u003e\n  Features2=0x2001\u003cSSE3,CX16\u003e\n  AMD Features=0xea500800\u003cSYSCALL,NX,MMX+,FFXSR,RDTSCP,LM,3DNow!+,3DNow!\u003e\n  AMD Features2=0x11f\u003cLAHF,CMP,SVM,ExtAPIC,CR8,Prefetch\u003e\n  Cores per package: 2\nreal memory  = 2012151808 (1918 MB)\navail memory = 1954721792 (1864 MB)\nACPI APIC Table: \u003cHPQOEM SLIC-CPC\u003e\nFreeBSD/SMP: Multiprocessor System Detected: 2 CPUs\n cpu0 (BSP): APIC ID:  0\n cpu1 (AP): APIC ID:  1\nioapic0: Changing APIC ID to 2\nioapic0 \u003cVersion 1.1\u003e irqs 0-23 on motherboard\ncryptosoft0: \u003csoftware crypto\u003e on motherboard\nacpi0: \u003cHPQOEM SLIC-CPC\u003e on motherboard\nacpi0: [ITHREAD]\nacpi0: Power Button (fixed)\nacpi0: reservation of 0, a0000 (3) failed\nacpi0: reservation of 100000, 77df0000 (3) failed\nTimecounter \"ACPI-fast\" frequency 3579545 Hz quality 1000\nacpi_timer0: \u003c24-bit timer at 3.579545MHz\u003e port 0x4008-0x400b on acpi0\nacpi_hpet0: \u003cHigh Precision Event Timer\u003e iomem 0xfefff000-0xfefff3ff on acpi0\nTimecounter \"HPET\" frequency 25000000 Hz quality 900\ncpu0: \u003cACPI CPU\u003e on acpi0\npowernow0: \u003cPowerNow! K8\u003e on cpu0\ncpu1: \u003cACPI CPU\u003e on acpi0\npowernow1: \u003cPowerNow! K8\u003e on cpu1\nacpi_button0: \u003cPower Button\u003e on acpi0\npcib0: \u003cACPI Host-PCI bridge\u003e port 0xcf8-0xcff on acpi0\npci0: \u003cACPI PCI bus\u003e on pcib0\npci0: \u003cmemory, RAM\u003e at device 0.0 (no driver attached)\npci0: \u003cmemory, RAM\u003e at device 0.1 (no driver attached)\npci0: \u003cmemory, RAM\u003e at device 0.2 (no driver attached)\npci0: \u003cmemory, RAM\u003e at device 0.3 (no driver attached)\npci0: \u003cmemory, RAM\u003e at device 0.4 (no driver attached)\npci0: \u003cmemory, RAM\u003e at device 0.5 (no driver attached)\npci0: \u003cmemory, RAM\u003e at device 0.6 (no driver attached)\npci0: \u003cmemory, RAM\u003e at device 0.7 (no driver attached)\npcib1: \u003cACPI PCI-PCI bridge\u003e at device 4.0 on pci0\npci1: \u003cACPI PCI bus\u003e on pcib1\nnvidia0: \u003cGeForce 6150 LE\u003e mem 0xfc000000-0xfcffffff,0xe0000000-0xefffffff,0xfb000000-0xfbffffff irq 16 at device 5.0 on pci0\nnvidia0: [GIANT-LOCKED]\nnvidia0: [ITHREAD]\npci0: \u003cmemory, RAM\u003e at device 9.0 (no driver attached)\nisab0: \u003cPCI-ISA bridge\u003e at device 10.0 on pci0\nisa0: \u003cISA bus\u003e on isab0\nnfsmb0: \u003cnForce2/3/4 MCP SMBus Controller\u003e port 0x4c00-0x4c3f,0x4c40-0x4c7f irq 20 at device 10.1 on pci0\nsmbus0: \u003cSystem Management Bus\u003e on nfsmb0\nsmb0: \u003cSMBus generic I/O\u003e on smbus0\nnfsmb1: \u003cnForce2/3/4 MCP SMBus Controller\u003e on nfsmb0\nsmbus1: \u003cSystem Management Bus\u003e on nfsmb1\nsmb1: \u003cSMBus generic I/O\u003e on smbus1\npci0: \u003cmemory, RAM\u003e at device 10.2 (no driver attached)\nohci0: \u003cOHCI (generic) USB controller\u003e mem 0xfe02f000-0xfe02ffff irq 21 at device 11.0 on pci0\nohci0: [GIANT-LOCKED]\nohci0: [ITHREAD]\nusb0: OHCI version 1.0, legacy support\nusb0: \u003cOHCI (generic) USB controller\u003e on ohci0\nusb0: USB revision 1.0\nuhub0: \u003cnVidia OHCI root hub, class 9/0, rev 1.00/1.00, addr 1\u003e on usb0\nuhub0: 8 ports with 8 removable, self powered\nehci0: \u003cEHCI (generic) USB 2.0 controller\u003e mem 0xfe02e000-0xfe02e0ff irq 22 at device 11.1 on pci0\nehci0: [GIANT-LOCKED]\nehci0: [ITHREAD]\nusb1: EHCI version 1.0\nusb1: companion controller, 8 ports each: usb0\nusb1: \u003cEHCI (generic) USB 2.0 controller\u003e on ehci0\nusb1: USB revision 2.0\nuhub1: \u003cnVidia EHCI root hub, class 9/0, rev 2.00/1.00, addr 1\u003e on usb1\nuhub1: 8 ports with 8 removable, self powered\nuhub2: \u003cHP\\M^? f2105 2PORT USB 2.0 HUB, class 9/0, rev 2.00/7.02, addr 2\u003e on uhub1\nuhub2: single transaction translator\nuhub2: 2 ports with 2 removable, self powered\numass0: \u003cGeneric USB2.0-CRW, class 0/0, rev 2.00/11.22, addr 3\u003e on uhub1\nugen0: \u003cRalink 802.11 bg WLAN, class 0/0, rev 2.00/0.01, addr 4\u003e on uhub1\natapci0: \u003cnVidia nForce MCP51 SATA300 controller\u003e port 0x9f0-0x9f7,0xbf0-0xbf3,0x970-0x977,0xb70-0xb73,0xe400-0xe40f mem 0xfe02d000-0xfe02dfff irq 23 at device 14.0 on pci0\natapci0: [ITHREAD]\nata2: \u003cATA channel 0\u003e on atapci0\nata2: [ITHREAD]\nata3: \u003cATA channel 1\u003e on atapci0\nata3: [ITHREAD]\natapci1: \u003cnVidia nForce MCP51 SATA300 controller\u003e port 0x9e0-0x9e7,0xbe0-0xbe3,0x960-0x967,0xb60-0xb63,0xd000-0xd00f mem 0xfe02c000-0xfe02cfff irq 20 at device 15.0 on pci0\natapci1: [ITHREAD]\nata4: \u003cATA channel 0\u003e on atapci1\nata4: [ITHREAD]\nata5: \u003cATA channel 1\u003e on atapci1\nata5: [ITHREAD]\npcib2: \u003cACPI PCI-PCI bridge\u003e at device 16.0 on pci0\npci2: \u003cACPI PCI bus\u003e on pcib2\nfwohci0: \u003cLucent FW322/323\u003e mem 0xfdbff000-0xfdbfffff irq 16 at device 5.0 on pci2\nfwohci0: [FILTER]\nfwohci0: OHCI version 1.0 (ROM=0)\nfwohci0: No. of Isochronous channels is 8.\nfwohci0: EUI64 00:11:d8:00:01:48:92:4c\nfwohci0: Phy 1394a available S400, 2 ports.\nfwohci0: Link S400, max_rec 1024 bytes.\nfwohci0: max_rec 1024 -\u003e 2048\nfirewire0: \u003cIEEE1394(FireWire) bus\u003e on fwohci0\nsbp0: \u003cSBP-2/SCSI over FireWire\u003e on firewire0\nfwohci0: Initiate bus reset\nfwohci0: BUS reset\nfwohci0: node_id=0xc800ffc0, gen=1, CYCLEMASTER mode\npcm0: \u003cNVidia MCP51 High Definition Audio Controller\u003e mem 0xfe024000-0xfe027fff irq 21 at device 16.1 on pci0\npcm0: [ITHREAD]\nnfe0: \u003cNVIDIA nForce 430 MCP13 Networking Adapter\u003e port 0xcc00-0xcc07 mem 0xfe02b000-0xfe02bfff irq 22 at device 20.0 on pci0\nmiibus0: \u003cMII bus\u003e on nfe0\nrlphy0: \u003cRTL8201L 10/100 media interface\u003e PHY 13 on miibus0\nrlphy0:  10baseT, 10baseT-FDX, 100baseTX, 100baseTX-FDX, auto\nnfe0: Ethernet address: 00:1b:fc:41:51:64\nnfe0: [FILTER]\nacpi_tz0: \u003cThermal Zone\u003e on acpi0\natkbdc0: \u003cKeyboard controller (i8042)\u003e port 0x60,0x64 irq 1 on acpi0\natkbd0: \u003cAT Keyboard\u003e irq 1 on atkbdc0\nkbd0 at atkbd0\natkbd0: [GIANT-LOCKED]\natkbd0: [ITHREAD]\npsm0: \u003cPS/2 Mouse\u003e irq 12 on atkbdc0\npsm0: [GIANT-LOCKED]\npsm0: [ITHREAD]\npsm0: model IntelliMouse, device ID 3\norm0: \u003cISA Option ROM\u003e at iomem 0xd0000-0xd17ff pnpid ORM0000 on isa0\nata0 at port 0x1f0-0x1f7,0x3f6 irq 14 on isa0\nata0: [ITHREAD]\nata1 at port 0x170-0x177,0x376 irq 15 on isa0\nata1: [ITHREAD]\nsc0: \u003cSystem console\u003e at flags 0x100 on isa0\nsc0: VGA \u003c16 virtual consoles, flags=0x300\u003e\nvga0: \u003cGeneric ISA VGA\u003e at port 0x3c0-0x3df iomem 0xa0000-0xbffff on isa0\nTimecounters tick every 1.000 msec\nfirewire0: 1 nodes, maxhop \u003c= 0, cable IRM = 0 (me)\nfirewire0: bus manager 0 (me)\nad4: 238475MB \u003cSeagate ST3250820AS 3.AHG\u003e at ata2-master SATA150\nacd0: DVDR \u003cTSSTcorpCD/DVDW TS-H653L/0514\u003e at ata3-master SATA150\npcm0: \u003cHDA Codec: Realtek ALC888\u003e\npcm0: \u003cHDA Driver Revision: 20071129_0050\u003e\nacd0: FAILURE - INQUIRY ILLEGAL REQUEST asc=0x24 ascq=0x00 \ncd0 at ata3 bus 0 target 0 lun 0\ncd0: \u003cTSSTcorp CD/DVDW TS-H653L 0514\u003e Removable CD-ROM SCSI-0 device \ncd0: 3.300MB/s transfers\ncd0: Attempt to query device size failed: NOT READY, Medium not present - tray closed\nSMP: AP CPU #1 Launched!\nda0 at umass-sim0 bus 0 target 0 lun 0\nda0: \u003cGeneric- Compact Flash 1.00\u003e Removable Direct Access SCSI-0 device \nda0: 40.000MB/s transfers\nda0: Attempt to query device size failed: NOT READY, Medium not present\nda1 at umass-sim0 bus 0 target 0 lun 1\nda1: \u003cGeneric- SM/xD-Picture 1.00\u003e Removable Direct Access SCSI-0 device \nda1: 40.000MB/s transfers\nda1: Attempt to query device size failed: NOT READY, Medium not present\nda2 at umass-sim0 bus 0 target 0 lun 2\nda2: \u003cGeneric- SD/MMC 1.00\u003e Removable Direct Access SCSI-0 device \nda2: 40.000MB/s transfers\nda2: Attempt to query device size failed: NOT READY, Medium not present\nda3 at umass-sim0 bus 0 target 0 lun 3\nda3: \u003cGeneric- MS/MS-Pro 1.00\u003e Removable Direct Access SCSI-0 device \nda3: 40.000MB/s transfers\nda3: Attempt to query device size failed: NOT READY, Medium not present\nTrying to mount root from ufs:/dev/ad4s1a\nWARNING: / was not properly dismounted\n\n\nloaded modules:\nroot@kadath [/var/crash]: kldstat \nId Refs Address    Size     Name\n 1   50 0xc0400000 575ca4   kernel\n 2    1 0xc0976000 5834     if_tap.ko\n 3    2 0xc097c000 1f960    miibus.ko\n 4    1 0xc099c000 c0ec     if_nfe.ko\n 5    2 0xc09a9000 4a51c    sound.ko\n 6    1 0xc09f4000 14314    snd_hda.ko\n 7    1 0xc0a09000 5c74     ugen.ko\n 8    1 0xc0a0f000 2d24     uhid.ko\n 9    1 0xc0a12000 7d88     ukbd.ko\n10    1 0xc0a1a000 3e74     ums.ko\n11    1 0xc0a1e000 7f64     umass.ko\n12    2 0xc0a26000 1792c    agp.ko\n13    1 0xc0a3e000 b530     cpufreq.ko\n14    1 0xc0a4a000 10e88    drm.ko\n15    1 0xc0a5b000 3458     ucom.ko\n16    2 0xc0a5f000 181c8    firewire.ko\n17    1 0xc0a78000 bfb4     sbp.ko\n18    3 0xc0a84000 1bd0     smbus.ko\n19    1 0xc0a86000 3260     smb.ko\n20    1 0xc0a8a000 446c     nfsmb.ko\n21    1 0xc0a8f000 69415c   nvidia.ko\n22    1 0xc1124000 a7a4     aio.ko\n23    1 0xc5b80000 1f000    kqemu.ko\n24    1 0xc5c64000 2000     rtc.ko\n\nHow-To-Repeat: start up googleearth, visit 3 or 4 different locations\n-\u003e system panics"
}