{
 "id": 1008084,
 "bug_id": 230858,
 "attachment_id": 0,
 "creation_time": "2018-08-24T06:12:33Z",
 "creator": "kiwi@oav.net",
 "text": "Hello,\n\nAs reported on twitter on FreeBSD 12.0-ALPHA2 r338240 on Supermicro X11DPU with 2 10G interfaces traffic going thru ix1 using VLAN interface doesn't work completly.\n\nHave to set the ix1 in native mode to make this work.\n\nDmesg (not on r338240, bug still present) :\n---\u003c\u003cBOOT\u003e\u003e---\nCopyright (c) 1992-2018 The FreeBSD Project.\nCopyright (c) 1979, 1980, 1983, 1986, 1988, 1989, 1991, 1992, 1993, 1994\n\tThe Regents of the University of California. All rights reserved.\nFreeBSD is a registered trademark of The FreeBSD Foundation.\nFreeBSD 12.0-ALPHA2 #0 r338182: Wed Aug 22 09:59:11 CEST 2018\n    root@rsv-filer:/usr/obj/usr/src/amd64.amd64/sys/GENERIC amd64\nFreeBSD clang version 6.0.1 (tags/RELEASE_601/final 335540) (based on LLVM 6.0.1)\nWARNING: WITNESS option enabled, expect reduced performance.\nVT(efifb): resolution 1024x768\nCPU: Intel(R) Xeon(R) Silver 4110 CPU @ 2.10GHz (2100.05-MHz K8-class CPU)\n  Origin=\"GenuineIntel\"  Id=0x50654  Family=0x6  Model=0x55  Stepping=4\n  Features=0xbfebfbff\u003cFPU,VME,DE,PSE,TSC,MSR,PAE,MCE,CX8,APIC,SEP,MTRR,PGE,MCA,CMOV,PAT,PSE36,CLFLUSH,DTS,ACPI,MMX,FXSR,SSE,SSE2,SS,HTT,TM,PBE\u003e\n  Features2=0x7ffefbff\u003cSSE3,PCLMULQDQ,DTES64,MON,DS_CPL,VMX,SMX,EST,TM2,SSSE3,SDBG,FMA,CX16,xTPR,PDCM,PCID,DCA,SSE4.1,SSE4.2,x2APIC,MOVBE,POPCNT,TSCDLT,AESNI,XSAVE,OSXSAVE,AVX,F16C,RDRAND\u003e\n  AMD Features=0x2c100800\u003cSYSCALL,NX,Page1GB,RDTSCP,LM\u003e\n  AMD Features2=0x121\u003cLAHF,ABM,Prefetch\u003e\n  Structured Extended Features=0xd39ffffb\u003cFSGSBASE,TSCADJ,BMI1,HLE,AVX2,FDPEXC,SMEP,BMI2,ERMS,INVPCID,RTM,PQM,NFPUSG,MPX,PQE,AVX512F,AVX512DQ,RDSEED,ADX,SMAP,CLFLUSHOPT,CLWB,PROCTRACE,AVX512CD,AVX512BW,AVX512VL\u003e\n  Structured Extended Features2=0x8\u003cPKU\u003e\n  Structured Extended Features3=0xc000000\u003cIBPB,STIBP\u003e\n  XSAVE Features=0xf\u003cXSAVEOPT,XSAVEC,XINUSE,XSAVES\u003e\n  VT-x: PAT,HLT,MTF,PAUSE,EPT,UG,VPID,VID,PostIntr\n  TSC: P-state invariant, performance statistics\nreal memory  = 68719476736 (65536 MB)\navail memory = 66447601664 (63369 MB)\nEvent timer \"LAPIC\" quality 600\nACPI APIC Table: \u003cSUPERM SMCI--MB\u003e\nFreeBSD/SMP: Multiprocessor System Detected: 32 CPUs\nFreeBSD/SMP: 2 package(s) x 8 core(s) x 2 hardware threads\nrandom: unblocking device.\nioapic6: Changing APIC ID to 16\nioapic7: Changing APIC ID to 17\nioapic8: Changing APIC ID to 18\nioapic0 \u003cVersion 2.0\u003e irqs 0-23 on motherboard\nioapic1 \u003cVersion 2.0\u003e irqs 24-31 on motherboard\nioapic2 \u003cVersion 2.0\u003e irqs 32-39 on motherboard\nioapic3 \u003cVersion 2.0\u003e irqs 40-47 on motherboard\nioapic4 \u003cVersion 2.0\u003e irqs 48-55 on motherboard\nioapic5 \u003cVersion 2.0\u003e irqs 72-79 on motherboard\nioapic6 \u003cVersion 2.0\u003e irqs 80-87 on motherboard\nioapic7 \u003cVersion 2.0\u003e irqs 88-95 on motherboard\nioapic8 \u003cVersion 2.0\u003e irqs 96-103 on motherboard\nLaunching APs: 1 26 6 8 4 20 10 2 12 16 14 24 22 18 9 15 31 29 30 27 3 28 25 7 5 17 11 21 13 23 19\nTimecounter \"TSC\" frequency 2100054984 Hz quality 1000\nrandom: entropy device external interface\n[ath_hal] loaded\nmodule_register_init: MOD_LOAD (vesa, 0xffffffff811011c0, 0) error 19\nrandom: registering fast source Intel Secure Key RNG\nrandom: fast provider: \"Intel Secure Key RNG\"\nkbd1 at kbdmux0\nnetmap: loaded module\nnexus0\nefirtc0: \u003cEFI Realtime Clock\u003e on motherboard\nefirtc0: registered as a time-of-day clock, resolution 1.000000s\ncryptosoft0: \u003csoftware crypto\u003e on motherboard\nacpi0: \u003cSUPERM SUPERM\u003e on motherboard\nacpi0: Power Button (fixed)\ncpu0: \u003cACPI CPU\u003e on acpi0\natrtc0: \u003cAT realtime clock\u003e port 0x70-0x71,0x74-0x77 irq 8 on acpi0\natrtc0: registered as a time-of-day clock, resolution 1.000000s\nEvent timer \"RTC\" frequency 32768 Hz quality 0\nattimer0: \u003cAT timer\u003e port 0x40-0x43,0x50-0x53 irq 0 on acpi0\nTimecounter \"i8254\" frequency 1193182 Hz quality 0\nEvent timer \"i8254\" frequency 1193182 Hz quality 100\nhpet0: \u003cHigh Precision Event Timer\u003e iomem 0xfed00000-0xfed003ff on acpi0\nTimecounter \"HPET\" frequency 24000000 Hz quality 950\nEvent timer \"HPET\" frequency 24000000 Hz quality 350\nEvent timer \"HPET1\" frequency 24000000 Hz quality 340\nEvent timer \"HPET2\" frequency 24000000 Hz quality 340\nEvent timer \"HPET3\" frequency 24000000 Hz quality 340\nEvent timer \"HPET4\" frequency 24000000 Hz quality 340\nEvent timer \"HPET5\" frequency 24000000 Hz quality 340\nEvent timer \"HPET6\" frequency 24000000 Hz quality 340\nEvent timer \"HPET7\" frequency 24000000 Hz quality 340\nTimecounter \"ACPI-fast\" frequency 3579545 Hz quality 900\nacpi_timer0: \u003c24-bit timer at 3.579545MHz\u003e port 0x508-0x50b on acpi0\nacpi_syscontainer0: \u003cSystem Container\u003e on acpi0\nacpi_syscontainer1: \u003cSystem Container\u003e on acpi0\npcib0: \u003cACPI Host-PCI bridge\u003e port 0xcf8-0xcff on acpi0\npci0: \u003cACPI PCI bus\u003e on pcib0\npci0: \u003cdasp, performance counters\u003e at device 8.1 (no driver attached)\npci0: \u003cunknown\u003e at device 17.0 (no driver attached)\npci0: \u003cunknown\u003e at device 17.1 (no driver attached)\nahci0: \u003cIntel Lewisburg AHCI SATA controller\u003e port 0x3070-0x3077,0x3060-0x3063,0x3020-0x303f mem 0x9d206000-0x9d207fff,0x9d209000-0x9d2090ff,0x9d180000-0x9d1fffff irq 16 at device 17.5 on pci0\nahci0: AHCI v1.31 with 6 6Gbps ports, Port Multiplier not supported\nahcich0: \u003cAHCI channel\u003e at channel 0 on ahci0\nahcich1: \u003cAHCI channel\u003e at channel 1 on ahci0\nahcich2: \u003cAHCI channel\u003e at channel 2 on ahci0\nahcich3: \u003cAHCI channel\u003e at channel 3 on ahci0\nahcich4: \u003cAHCI channel\u003e at channel 4 on ahci0\nahcich5: \u003cAHCI channel\u003e at channel 5 on ahci0\nahciem0: \u003cAHCI enclosure management bridge\u003e on ahci0\nxhci0: \u003cIntel Lewisburg USB 3.0 controller\u003e mem 0x383ffff00000-0x383ffff0ffff irq 16 at device 20.0 on pci0\nxhci0: 32 bytes context size, 64-bit DMA\nusbus0: waiting for BIOS to give up control\nxhci_interrupt: host controller halted\nusbus0 on xhci0\nusbus0: 5.0Gbps Super Speed USB v3.0\npci0: \u003csimple comms\u003e at device 22.0 (no driver attached)\npci0: \u003csimple comms\u003e at device 22.1 (no driver attached)\npci0: \u003csimple comms\u003e at device 22.4 (no driver attached)\nahci1: \u003cIntel Lewisburg AHCI SATA controller\u003e port 0x3050-0x3057,0x3040-0x3043,0x3000-0x301f mem 0x9d204000-0x9d205fff,0x9d208000-0x9d2080ff,0x9d100000-0x9d17ffff irq 16 at device 23.0 on pci0\nahci1: AHCI v1.31 with 8 6Gbps ports, Port Multiplier not supported\nahcich6: \u003cAHCI channel\u003e at channel 0 on ahci1\nahcich7: \u003cAHCI channel\u003e at channel 1 on ahci1\nahcich8: \u003cAHCI channel\u003e at channel 2 on ahci1\nahcich9: \u003cAHCI channel\u003e at channel 3 on ahci1\nahcich10: \u003cAHCI channel\u003e at channel 4 on ahci1\nahcich11: \u003cAHCI channel\u003e at channel 5 on ahci1\nahcich12: \u003cAHCI channel\u003e at channel 6 on ahci1\nahcich13: \u003cAHCI channel\u003e at channel 7 on ahci1\nahciem1: \u003cAHCI enclosure management bridge\u003e on ahci1\npcib1: \u003cACPI PCI-PCI bridge\u003e irq 16 at device 28.0 on pci0\npci1: \u003cACPI PCI bus\u003e on pcib1\npcib2: \u003cACPI PCI-PCI bridge\u003e irq 17 at device 28.5 on pci0\npci2: \u003cACPI PCI bus\u003e on pcib2\npcib3: \u003cACPI PCI-PCI bridge\u003e irq 17 at device 0.0 on pci2\npci3: \u003cACPI PCI bus\u003e on pcib3\nvgapci0: \u003cVGA-compatible display\u003e port 0x2000-0x207f mem 0x9c000000-0x9cffffff,0x9d000000-0x9d01ffff irq 17 at device 0.0 on pci3\nvgapci0: Boot video device\nisab0: \u003cPCI-ISA bridge\u003e at device 31.0 on pci0\nisa0: \u003cISA bus\u003e on isab0\npci0: \u003cmemory\u003e at device 31.2 (no driver attached)\npci0: \u003cserial bus\u003e at device 31.5 (no driver attached)\npcib4: \u003cACPI Host-PCI bridge\u003e on acpi0\npci4: \u003cACPI PCI bus\u003e on pcib4\npcib5: \u003cACPI PCI-PCI bridge\u003e irq 39 at device 0.0 on pci4\npci5: \u003cACPI PCI bus\u003e on pcib5\nix0: \u003cIntel(R) PRO/10GbE PCI-Express Network Driver\u003e port 0x5020-0x503f mem 0xaab80000-0xaabfffff,0xaac04000-0xaac07fff irq 32 at device 0.0 on pci5\nix0: using 2048 tx descriptors and 2048 rx descriptors\nix0: msix_init qsets capped at 16\nix0: pxm cpus: 16 queue msgs: 63 admincnt: 1\nix0: using 16 rx queues 16 tx queues \nix0: Using MSIX interrupts with 17 vectors\nix0: allocated for 16 queues\nix0: allocated for 16 rx queues\nix0: Ethernet address: 0c:c4:7a:f4:34:a0\nix0: PCI Express Bus: Speed 5.0GT/s Width x8\nix0: netmap queues/slots: TX 16/2048, RX 16/2048\nix1: \u003cIntel(R) PRO/10GbE PCI-Express Network Driver\u003e port 0x5000-0x501f mem 0xaab00000-0xaab7ffff,0xaac00000-0xaac03fff irq 36 at device 0.1 on pci5\nix1: using 2048 tx descriptors and 2048 rx descriptors\nix1: msix_init qsets capped at 16\nix1: pxm cpus: 16 queue msgs: 63 admincnt: 1\nix1: using 16 rx queues 16 tx queues \nix1: Using MSIX interrupts with 17 vectors\nix1: allocated for 16 queues\nix1: allocated for 16 rx queues\nix1: Ethernet address: 0c:c4:7a:f4:34:a1\nix1: PCI Express Bus: Speed 5.0GT/s Width x8\nix1: netmap queues/slots: TX 16/2048, RX 16/2048\npcib6: \u003cACPI PCI-PCI bridge\u003e irq 39 at device 2.0 on pci4\npci6: \u003cACPI PCI bus\u003e on pcib6\nnvme0: \u003cSamsung PM1725a\u003e mem 0xaae10000-0xaae13fff irq 39 at device 0.0 on pci6\npcib7: \u003cACPI PCI-PCI bridge\u003e irq 39 at device 3.0 on pci4\npci7: \u003cACPI PCI bus\u003e on pcib7\nnvme1: \u003cSamsung PM1725a\u003e mem 0xaad10000-0xaad13fff irq 39 at device 0.0 on pci7\npcib8: \u003cACPI Host-PCI bridge\u003e on acpi0\npci8: \u003cACPI PCI bus\u003e on pcib8\npcib9: \u003cACPI PCI-PCI bridge\u003e irq 47 at device 0.0 on pci8\npci9: \u003cACPI PCI bus\u003e on pcib9\npcib10: \u003cACPI PCI-PCI bridge\u003e irq 47 at device 1.0 on pci8\npci10: \u003cACPI PCI bus\u003e on pcib10\npcib11: \u003cACPI Host-PCI bridge\u003e on acpi0\npci11: \u003cACPI PCI bus\u003e on pcib11\npcib12: \u003cACPI PCI-PCI bridge\u003e irq 55 at device 2.0 on pci11\npci12: \u003cACPI PCI bus\u003e on pcib12\nmpr0: \u003cAvago Technologies (LSI) SAS3008\u003e port 0x9000-0x90ff mem 0xc5e40000-0xc5e4ffff,0xc5e00000-0xc5e3ffff irq 55 at device 0.0 on pci12\nmpr0: Firmware: 15.00.03.00, Driver: 18.03.00.00-fbsd\nmpr0: IOCCapabilities: 6985c\u003cScsiTaskFull,DiagTrace,SnapBuf,EEDP,TransRetry,IR,MSIXIndex,FastPath,RDPQArray\u003e\npci11: \u003cdasp, performance counters\u003e at device 14.0 (no driver attached)\npci11: \u003cdasp, performance counters\u003e at device 15.0 (no driver attached)\npci11: \u003cdasp, performance counters\u003e at device 18.0 (no driver attached)\npci11: \u003cdasp, performance counters\u003e at device 18.1 (no driver attached)\npcib13: \u003cACPI Host-PCI bridge\u003e on acpi0\npci13: \u003cACPI PCI bus\u003e on pcib13\npci13: \u003cdasp, performance counters\u003e at device 8.1 (no driver attached)\npcib14: \u003cACPI Host-PCI bridge\u003e on acpi0\npci14: \u003cACPI PCI bus\u003e on pcib14\npcib15: \u003cACPI PCI-PCI bridge\u003e irq 87 at device 2.0 on pci14\npci15: \u003cACPI PCI bus\u003e on pcib15\npcib16: \u003cACPI PCI-PCI bridge\u003e irq 87 at device 3.0 on pci14\npci16: \u003cACPI PCI bus\u003e on pcib16\npcib17: \u003cACPI Host-PCI bridge\u003e on acpi0\npci17: \u003cACPI PCI bus\u003e on pcib17\npcib18: \u003cACPI Host-PCI bridge\u003e on acpi0\npci18: \u003cACPI PCI bus\u003e on pcib18\npci18: \u003cdasp, performance counters\u003e at device 14.0 (no driver attached)\npci18: \u003cdasp, performance counters\u003e at device 15.0 (no driver attached)\npci18: \u003cdasp, performance counters\u003e at device 18.0 (no driver attached)\npci18: \u003cdasp, performance counters\u003e at device 18.1 (no driver attached)\nuart0: \u003c16550 or compatible\u003e port 0x3f8-0x3ff irq 4 flags 0x10 on acpi0\nuart0: console (115200,n,8,1)\nuart1: \u003c16550 or compatible\u003e port 0x2f8-0x2ff irq 3 on acpi0\norm0: \u003cISA Option ROMs\u003e at iomem 0xc0000-0xc7fff,0xce000-0xcefff pnpid ORM0000 on isa0\nest0: \u003cEnhanced SpeedStep Frequency Control\u003e on cpu0\nZFS filesystem version: 5\nZFS storage pool version: features support (5000)\nTimecounters tick every 1.000 msec\nugen0.1: \u003c0x8086 XHCI root HUB\u003e at usbus0\nuhub0: \u003c0x8086 XHCI root HUB, class 9/0, rev 3.00/1.00, addr 1\u003e on usbus0\nnvd0: \u003cSAMSUNG MZWLL800HEHP-00003\u003e NVMe namespace\nnvd0: 763097MB (1562824368 512 byte sectors)\nnvd1: \u003cSAMSUNG MZWLL800HEHP-00003\u003e NVMe namespace\nnvd1: 763097MB (1562824368 512 byte sectors)\nuhub0: 26 ports with 26 removable, self powered\nmpr0: Found device \u003cc01\u003cSspTarg,Direct\u003e,End Device\u003e \u003c6.0Gbps\u003e handle\u003c0x0009\u003e enclosureHandle\u003c0x0001\u003e slot 0\nmpr0: At enclosure level 0 and connector name (    )\nlock order reversal:\nmpr0:  1st 0xfffff802d0d254d0 CAM device lock (CAM device lock) @ /usr/src/sys/cam/cam_xpt.c:831\n 2nd 0xfffffe00befa2218 MPR lock (MPR lock) @ /usr/src/sys/cam/cam_xpt.c:2808\nstack backtrace:\n#0 0xffffffff80c02553 at witnesFound device \u003cc01\u003cSspTarg,Direct\u003e,End Device\u003e \u003c3.0Gbps\u003e handle\u003c0x000a\u003e enclosureHandle\u003c0x0001\u003e slot 1\nmpr0: At enclosure level 0 and connector name (    )\ns_debugger+0x73\n#1 0xffffffff80c023d4 at witness_checkorder+0xe34\n#2 0xffffffff80b74c8c at __mtx_lock_flags+0x9c\n#3 0xffffffugen0.2: \u003cvendor 0x0557 product 0x7000\u003e at usbus0\nff8034a24a at xpt_action_default+0x1ba\n#4 0xffffffff8035f1e8 at scsi_scan_bus+0x68\nmpr0: #5 0xffffffff80350e51 at xpt_scanner_thread+0x141\n#6 0xffffffff80b55334 at fork_exit+0x84\n#7 0xffffffff8105941e at fork_trampoline+0xe\nFound device \u003cc01\u003cSspTarg,Direct\u003e,End Device\u003e \u003c12.0Gbps\u003e handle\u003c0x000b\u003e enclosureHandle\u003c0x0001\u003e slot 2\nmpr0: At enclosure level 0 and connector name (    )\nmpr0: uhub1Found device \u003cc01\u003cSspTarg,Direct\u003e,End Device\u003e \u003c12.0Gbps\u003e handle\u003c0x000c\u003e enclosureHandle\u003c0x0001\u003e slot 3\nmpr0: At enclosure level 0 and connector name (    )\nmpr0:  on uhub0\nuhub1: Found device \u003cc01\u003cSspTarg,Direct\u003e,End Device\u003e \u003c12.0Gbps\u003e handle\u003c0x000d\u003e enclosureHandle\u003c0x0001\u003e slot 4\nmpr0: At enclosure level 0 and connector name (    )\nmpr0: \u003cvendor 0x0557 product 0x7000, class 9/0, rev 2.00/0.00, addr 1\u003e on usbus0\nFound device \u003cc01\u003cSspTarg,Direct\u003e,End Device\u003e \u003c12.0Gbps\u003e handle\u003c0x000e\u003e enclosureHandle\u003c0x0001\u003e slot 5\nmpr0: At enclosure level 0 and connector name (    )\nuhub1: 4 ports with 3 removable, self powered\nugen0.3: \u003cvendor 0x0557 product 0x2419\u003e at usbus0\nukbd0 on uhub1\nukbd0: \u003cvendor 0x0557 product 0x2419, class 0/0, rev 1.10/1.00, addr 2\u003e on usbus0\nkbd2 at ukbd0\nugen0.4: \u003cvendor 0x048d product 0x1172\u003e at usbus0\numass0 on uhub0\numass0: \u003cvendor 0x048d product 0x1172, class 0/0, rev 2.00/1.00, addr 3\u003e on usbus0\numass0:  SCSI over Bulk-Only; quirks = 0x8100\numass0:17:0: Attached to scbus17\nda2 at mpr0 bus 0 scbus16 target 4 lun 0\nda2: \u003cSEAGATE ST1000NX0453 N004\u003e Fixed Direct Access SPC-4 SCSI device\nda2: Serial Number W4714PYH0000E8110EQE\nda2: 1200.000MB/s transfers\nda2: Command Queueing enabled\nda2: 953869MB (1953525168 512 byte sectors)\nda3 at mpr0 bus 0 scbus16 target 5 lun 0\nda3: \u003cSEAGATE ST1000NX0453 N004\u003e Fixed Direct Access SPC-4 SCSI device\nda3: Serial Number W4714Q0R0000E810FKY7\nda3: 1200.000MB/s transfers\nda3: Command Queueing enabled\nda3: 953869MB (1953525168 512 byte sectors)\nda4 at mpr0 bus 0 scbus16 target 6 lun 0\nda4: \u003cSEAGATE ST1000NX0453 N004\u003e Fixed Direct Access SPC-4 SCSI device\nda4: Serial Number W4714PYY0000E81158Q4\nda4: 1200.000MB/s transfers\nda4: Command Queueing enabled\nda4: 953869MB (1953525168 512 byte sectors)\nda5 at mpr0 bus 0 scbus16 target 7 lun 0\nda5: \u003cSEAGATE ST1000NX0453 N004\u003e Fixed Direct Access SPC-4 SCSI device\nda5: Serial Number W4714QZ40000E8111C4T\nda5: 1200.000MB/s transfers\nda5: Command Queueing enabled\nda5: 953869MB (1953525168 512 byte sectors)\nda1 at mpr0 bus 0 scbus16 target 3 lun 0\nda1: \u003cHP DG072A9BB7 HPD0\u003e Fixed Direct Access SPC-3 SCSI device\nda1: Serial Number B365P710BTFJ0702\nda1: 300.000MB/s transfers\nda1: Command Queueing enabled\nda1: 70007MB (143374738 512 byte sectors)\nda6 at umass-sim0 bus 0 scbus17 target 0 lun 0\nda6: \u003c  0.00\u003e Removable Direct Access SPC-2 SCSI device\nda6: Serial Number B1311020000020\nda6: 40.000MB/s transfers\nda6: 3854MB (7892992 512 byte sectors)\nda6: quirks=0x2\u003cNO_6_BYTE\u003e\nda0 at mpr0 bus 0 scbus16 target 2 lun 0\nda0: \u003cHP EG0300FCSPH HPD0\u003e Fixed Direct Access SPC-3 SCSI device\nda0: Serial Number 14V0A0JHFTM91405\nda0: 600.000MB/s transfers\nda0: Command Queueing enabled\nda0: 286102MB (585937500 512 byte sectors)\nses0 at ahciem0 bus 0 scbus6 target 0 lun 0\nses0: \u003cAHCI SGPIO Enclosure 1.00 0001\u003e SEMB S-E-S 2.00 device\nses0: SEMB SES Device\nses1 at ahciem1 bus 0 scbus15 target 0 lun 0\nses1: \u003cAHCI SGPIO Enclosure 1.00 0001\u003e SEMB S-E-S 2.00 device\nses1: SEMB SES Device\nWARNING: WITNESS option enabled, expect reduced performance.\nTrying to mount root from zfs:rsvfiler/ROOT/default []...\nGEOM_ELI: Device da1p2.eli created.\nGEOM_ELI: Encryption: AES-XTS 128\nGEOM_ELI:     Crypto: software\nlo0: link state changed to UP\nlock order reversal: (sleepable after non-sleepable)\n 1st 0xfffff802e1167988 vlan (vlan) @ /usr/src/sys/net/if_vlan.c:1931\n 2nd 0xfffff800059b0160 iflib ctx lock (iflib ctx lock) @ /usr/src/sys/net/iflib.c:4198\nstack backtrace:\n#0 0xffffffff80c02553 at witness_debugger+0x73\n#1 0xffffffff80c023d4 at witness_checkorder+0xe34\n#2 0xffffffff80b9fe48 at _sx_xlock+0x68\n#3 0xffffffff80cbeeac at iflib_if_ioctl+0x8c\n#4 0xffffffff80ca01da at if_addmulti+0x24a\n#5 0xffffffff80cb11c6 at vlan_setmulti+0x196\n#6 0xffffffff80cb0349 at vlan_ioctl+0xa9\n#7 0xffffffff80ca01da at if_addmulti+0x24a\n#8 0xffffffff80d26a9a at in_joingroup_locked+0x23a\n#9 0xffffffff80d26832 at in_joingroup+0x42\n#10 0xffffffff80d21b28 at in_control+0xb08\n#11 0xffffffff80c9f1f1 at ifioctl+0x1861\n#12 0xffffffff80c07d79 at kern_ioctl+0x2b9\n#13 0xffffffff80c07a4e at sys_ioctl+0x15e\n#14 0xffffffff8107ea21 at amd64_syscall+0x281\n#15 0xffffffff81058d1d at fast_syscall_common+0x101\nix0: link state changed to UP\nvlan3401: link state changed to UP\nix1: link state changed to UP\nvlan3402: link state changed to UP\nioat0: \u003cSKX IOAT\u003e mem 0x383ffff2c000-0x383ffff2ffff irq 26 at device 4.0 on pci0\nioat0: Capabilities: f0006e1\u003cDMA_with_DIF,PQ,Extended_APIC_ID,Block_Fill,Move_CRC,Page_Break\u003e\nioat1: \u003cSKX IOAT\u003e mem 0x383ffff28000-0x383ffff2bfff irq 27 at device 4.1 on pci0\nioat1: Capabilities: f0006e1\u003cDMA_with_DIF,PQ,Extended_APIC_ID,Block_Fill,Move_CRC,Page_Break\u003e\nioat2: \u003cSKX IOAT\u003e mem 0x383ffff24000-0x383ffff27fff irq 26 at device 4.2 on pci0\nioat2: Capabilities: f0004e1\u003cDMA_with_DIF,Extended_APIC_ID,Block_Fill,Move_CRC,Page_Break\u003e\nioat3: \u003cSKX IOAT\u003e mem 0x383ffff20000-0x383ffff23fff irq 27 at device 4.3 on pci0\nioat3: Capabilities: f0004e1\u003cDMA_with_DIF,Extended_APIC_ID,Block_Fill,Move_CRC,Page_Break\u003e\nioat4: \u003cSKX IOAT\u003e mem 0x383ffff1c000-0x383ffff1ffff irq 26 at device 4.4 on pci0\nioat4: Capabilities: f0004e1\u003cDMA_with_DIF,Extended_APIC_ID,Block_Fill,Move_CRC,Page_Break\u003e\nioat5: \u003cSKX IOAT\u003e mem 0x383ffff18000-0x383ffff1bfff irq 27 at device 4.5 on pci0\nioat5: Capabilities: f0004e1\u003cDMA_with_DIF,Extended_APIC_ID,Block_Fill,Move_CRC,Page_Break\u003e\nioat6: \u003cSKX IOAT\u003e mem 0x383ffff14000-0x383ffff17fff irq 26 at device 4.6 on pci0\nioat6: Capabilities: f0004e1\u003cDMA_with_DIF,Extended_APIC_ID,Block_Fill,Move_CRC,Page_Break\u003e\nioat7: \u003cSKX IOAT\u003e mem 0x383ffff10000-0x383ffff13fff irq 27 at device 4.7 on pci0\nioat7: Capabilities: f0004e1\u003cDMA_with_DIF,Extended_APIC_ID,Block_Fill,Move_CRC,Page_Break\u003e\nioat8: \u003cSKX IOAT\u003e mem 0x393ffff1c000-0x393ffff1ffff irq 74 at device 4.0 on pci13\nioat8: Capabilities: f0006e1\u003cDMA_with_DIF,PQ,Extended_APIC_ID,Block_Fill,Move_CRC,Page_Break\u003e\nioat9: \u003cSKX IOAT\u003e mem 0x393ffff18000-0x393ffff1bfff irq 75 at device 4.1 on pci13\nioat9: Capabilities: f0006e1\u003cDMA_with_DIF,PQ,Extended_APIC_ID,Block_Fill,Move_CRC,Page_Break\u003e\nioat10: \u003cSKX IOAT\u003e mem 0x393ffff14000-0x393ffff17fff irq 74 at device 4.2 on pci13\nioat10: Capabilities: f0004e1\u003cDMA_with_DIF,Extended_APIC_ID,Block_Fill,Move_CRC,Page_Break\u003e\nioat11: \u003cSKX IOAT\u003e mem 0x393ffff10000-0x393ffff13fff irq 75 at device 4.3 on pci13\nioat11: Capabilities: f0004e1\u003cDMA_with_DIF,Extended_APIC_ID,Block_Fill,Move_CRC,Page_Break\u003e\nioat12: \u003cSKX IOAT\u003e mem 0x393ffff0c000-0x393ffff0ffff irq 74 at device 4.4 on pci13\nioat12: Capabilities: f0004e1\u003cDMA_with_DIF,Extended_APIC_ID,Block_Fill,Move_CRC,Page_Break\u003e\nioat13: \u003cSKX IOAT\u003e mem 0x393ffff08000-0x393ffff0bfff irq 75 at device 4.5 on pci13\nioat13: Capabilities: f0004e1\u003cDMA_with_DIF,Extended_APIC_ID,Block_Fill,Move_CRC,Page_Break\u003e\nioat14: \u003cSKX IOAT\u003e mem 0x393ffff04000-0x393ffff07fff irq 74 at device 4.6 on pci13\nioat14: Capabilities: f0004e1\u003cDMA_with_DIF,Extended_APIC_ID,Block_Fill,Move_CRC,Page_Break\u003e\nioat15: \u003cSKX IOAT\u003e mem 0x393ffff00000-0x393ffff03fff irq 75 at device 4.7 on pci13\nioat15: Capabilities: f0004e1\u003cDMA_with_DIF,Extended_APIC_ID,Block_Fill,Move_CRC,Page_Break\u003e\nums0 on uhub1\nums0: \u003cvendor 0x0557 product 0x2419, class 0/0, rev 1.10/1.00, addr 2\u003e on usbus0\nums0: 3 buttons and [Z] coordinates ID=0\nix1: promiscuous mode enabled\nvlan3402: promiscuous mode enabled\nlock order reversal:\n 1st 0xffffffff81fc99e8 bpf global lock (bpf global lock) @ /usr/src/sys/net/bpf.c:792\n 2nd 0xffffffff81fcac20 vlan_sx (vlan_sx) @ /usr/src/sys/net/if_vlan.c:1913\nstack backtrace:\n#0 0xffffffff80c02553 at witness_debugger+0x73\n#1 0xffffffff80c023d4 at witness_checkorder+0xe34\n#2 0xffffffff80b9fe48 at _sx_xlock+0x68\n#3 0xffffffff80cb04eb at vlan_ioctl+0x24b\n#4 0xffffffff80c9fca8 at if_setflag+0xf8\n#5 0xffffffff80c9fb4c at ifpromisc+0x2c\n#6 0xffffffff80c940c5 at bpf_detachd_locked+0x225\n#7 0xffffffff80c96eeb at bpf_dtor+0x8b\n#8 0xffffffff80a4c85e at devfs_destroy_cdevpriv+0x8e\n#9 0xffffffff80a4ffc5 at devfs_close_f+0x65\n#10 0xffffffff80b40a65 at closef+0x1f5\n#11 0xffffffff80b3dae0 at closefp+0xa0\n#12 0xffffffff8107ea21 at amd64_syscall+0x281\n#13 0xffffffff81058d1d at fast_syscall_common+0x101\nix1: promiscuous mode disabled\nvlan3402: promiscuous mode disabled\nix1: promiscuous mode enabled\nlock order reversal:\n 1st 0xffffffff81fc99e8 bpf global lock (bpf global lock) @ /usr/src/sys/net/bpf.c:792\n 2nd 0xfffff800080be960 iflib ctx lock (iflib ctx lock) @ /usr/src/sys/net/iflib.c:4180\nstack backtrace:\n#0 0xffffffff80c02553 at witness_debugger+0x73\n#1 0xffffffff80c023d4 at witness_checkorder+0xe34\n#2 0xffffffff80b9fe48 at _sx_xlock+0x68\n#3 0xffffffff80cbf10b at iflib_if_ioctl+0x2eb\n#4 0xffffffff80c9fca8 at if_setflag+0xf8\n#5 0xffffffff80c9fb4c at ifpromisc+0x2c\n#6 0xffffffff80c940c5 at bpf_detachd_locked+0x225\n#7 0xffffffff80c96eeb at bpf_dtor+0x8b\n#8 0xffffffff80a4c85e at devfs_destroy_cdevpriv+0x8e\n#9 0xffffffff80a4ffc5 at devfs_close_f+0x65\n#10 0xffffffff80b40a65 at closef+0x1f5\n#11 0xffffffff80b3dae0 at closefp+0xa0\n#12 0xffffffff8107ea21 at amd64_syscall+0x281\n#13 0xffffffff81058d1d at fast_syscall_common+0x101\nix1: promiscuous mode disabled\nix1: promiscuous mode enabled\nvlan3402: promiscuous mode enabled\nix1: promiscuous mode disabled\nvlan3402: promiscuous mode disabled\nix1: promiscuous mode enabled\nvlan3402: promiscuous mode enabled\nix1: promiscuous mode disabled\nvlan3402: promiscuous mode disabled"
}