{
 "id": 411666,
 "bug_id": 116699,
 "attachment_id": 0,
 "creation_time": "2008-02-26T20:03:58Z",
 "creator": "viktor.ivanov@gmail.com",
 "text": "I have the same problem with a P35-based motherboard (ASUS P5K).\nTested with 7.0-RC2 and 7.0-RC3.\nThe workaround is the same - plug out the keyboard (and the mouse) and then\nplug them back in.\nI'm open to any kind of experimental patches and/or pointers what to fix in\nthe kernel.\n\nHere's the dmesg from an almost GENERIC kernel (i can rebuild GENERIC and\nwork on that too if needed):\n\nCopyright (c) 1992-2008 The FreeBSD Project.\nCopyright (c) 1979, 1980, 1983, 1986, 1988, 1989, 1991, 1992, 1993, 1994\n    The Regents of the University of California. All rights reserved.\nFreeBSD is a registered trademark of The FreeBSD Foundation.\nFreeBSD 7.0-RC3 #0: Fri Feb 22 21:49:13 EET 2008\n    root@caliban.v0r.biz:/usr/obj/usr/src/sys/CALIBAN\nTimecounter \"i8254\" frequency 1193182 Hz quality 0\nCPU: Intel(R) Core(TM)2 CPU          6420  @ 2.13GHz (2138.19-MHz 686-class\nCPU)\n  Origin = \"GenuineIntel\"  Id = 0x6f6  Stepping = 6\n\nFeatures=0xbfebfbff\u003cFPU,VME,DE,PSE,TSC,MSR,PAE,MCE,CX8,APIC,SEP,MTRR,PGE,MCA,CMOV,PAT,PSE36,CLFLUSH,DTS,ACPI,MMX,FXSR,SSE,SSE2,SS,HTT,TM,PBE\u003e\n  Features2=0xe3bd\u003cSSE3,RSVD2,MON,DS_CPL,VMX,EST,TM2,SSSE3,CX16,xTPR,PDCM\u003e\n  AMD Features=0x20100000\u003cNX,LM\u003e\n  AMD Features2=0x1\u003cLAHF\u003e\n  Cores per package: 2\nreal memory  = 3489136640 (3327 MB)\navail memory = 3409944576 (3251 MB)\nACPI APIC Table: \u003cA_M_I_ OEMAPIC \u003e\nFreeBSD/SMP: Multiprocessor System Detected: 2 CPUs\n cpu0 (BSP): APIC ID:  0\n cpu1 (AP): APIC ID:  1\nioapic0 \u003cVersion 2.0\u003e irqs 0-23 on motherboard\nkbd1 at kbdmux0\nath_hal: 0.9.20.3 (AR5210, AR5211, AR5212, RF5111, RF5112, RF2413, RF5413)\nhptrr: HPT RocketRAID controller driver v1.1 (Feb 22 2008 21:49:01)\nacpi0: \u003cNEC \u003e on motherboard\nacpi0: [ITHREAD]\nacpi0: Power Button (fixed)\nacpi0: reservation of 0, a0000 (3) failed\nacpi0: reservation of 100000, cff00000 (3) failed\nTimecounter \"ACPI-fast\" frequency 3579545 Hz quality 1000\nacpi_timer0: \u003c24-bit timer at 3.579545MHz\u003e port 0x808-0x80b on acpi0\nacpi_hpet0: \u003cHigh Precision Event Timer\u003e iomem 0xfed00000-0xfed003ff on\nacpi0\nTimecounter \"HPET\" frequency 14318180 Hz quality 900\ncpu0: \u003cACPI CPU\u003e on acpi0\nACPI Warning (tbutils-0243): Incorrect checksum in table [OEMB] -  70,\nshould be 6F [20070320]\nest0: \u003cEnhanced SpeedStep Frequency Control\u003e on cpu0\np4tcc0: \u003cCPU Frequency Thermal Control\u003e on cpu0\ncpu1: \u003cACPI CPU\u003e on acpi0\nest1: \u003cEnhanced SpeedStep Frequency Control\u003e on cpu1\np4tcc1: \u003cCPU Frequency Thermal Control\u003e on cpu1\npcib0: \u003cACPI Host-PCI bridge\u003e port 0xcf8-0xcff on acpi0\npci0: \u003cACPI PCI bus\u003e on pcib0\npcib1: \u003cACPI PCI-PCI bridge\u003e irq 16 at device 1.0 on pci0\npci1: \u003cACPI PCI bus\u003e on pcib1\nvgapci0: \u003cVGA-compatible display\u003e port 0xcc00-0xcc7f mem\n0xfd000000-0xfdffffff,0xd0000000-0xdfffffff,0xfc000000-0xfcffffff irq 16 at\ndevice 0.0 on pci1\nuhci0: \u003cUHCI (generic) USB controller\u003e port 0xb800-0xb81f irq 16 at device\n26.0 on pci0\nuhci0: [GIANT-LOCKED]\nuhci0: [ITHREAD]\nusb0: \u003cUHCI (generic) USB controller\u003e on uhci0\nusb0: USB revision 1.0\nuhub0: \u003cIntel UHCI root hub, class 9/0, rev 1.00/1.00, addr 1\u003e on usb0\nuhub0: 2 ports with 2 removable, self powered\nuhci1: \u003cUHCI (generic) USB controller\u003e port 0xb880-0xb89f irq 21 at device\n26.1 on pci0\nuhci1: [GIANT-LOCKED]\nuhci1: [ITHREAD]\nusb1: \u003cUHCI (generic) USB controller\u003e on uhci1\nusb1: USB revision 1.0\nuhub1: \u003cIntel UHCI root hub, class 9/0, rev 1.00/1.00, addr 1\u003e on usb1\nuhub1: 2 ports with 2 removable, self powered\nuhci2: \u003cUHCI (generic) USB controller\u003e port 0xbc00-0xbc1f irq 18 at device\n26.2 on pci0\nuhci2: [GIANT-LOCKED]\nuhci2: [ITHREAD]\nusb2: \u003cUHCI (generic) USB controller\u003e on uhci2\nusb2: USB revision 1.0\nuhub2: \u003cIntel UHCI root hub, class 9/0, rev 1.00/1.00, addr 1\u003e on usb2\nuhub2: 2 ports with 2 removable, self powered\nehci0: \u003cEHCI (generic) USB 2.0 controller\u003e mem 0xfbfffc00-0xfbffffff irq 18\nat device 26.7 on pci0\nehci0: [GIANT-LOCKED]\nehci0: [ITHREAD]\nusb3: waiting for BIOS to give up control\nusb3: EHCI version 1.0\nusb3: companion controllers, 2 ports each: usb0 usb1 usb2\nusb3: \u003cEHCI (generic) USB 2.0 controller\u003e on ehci0\nusb3: USB revision 2.0\nuhub3: \u003cIntel EHCI root hub, class 9/0, rev 2.00/1.00, addr 1\u003e on usb3\nuhub3: 6 ports with 6 removable, self powered\nugen0: \u003cvendor 0x0c45 USB20 Camera, class 0/0, rev 2.00/1.00, addr 2\u003e on\nuhub3\npci0: \u003cmultimedia\u003e at device 27.0 (no driver attached)\npcib2: \u003cACPI PCI-PCI bridge\u003e irq 17 at device 28.0 on pci0\npci4: \u003cACPI PCI bus\u003e on pcib2\npcib3: \u003cACPI PCI-PCI bridge\u003e irq 17 at device 28.4 on pci0\npci3: \u003cACPI PCI bus\u003e on pcib3\natapci0: \u003cJMicron JMB363 SATA300 controller\u003e port\n0xdc00-0xdc07,0xd880-0xd883,0xd800-0xd807,0xd480-0xd483,0xd400-0xd40f mem\n0xfeafe000-0xfeafffff irq 16 at device 0.0 on pci3\natapci0: [ITHREAD]\natapci0: AHCI called from vendor specific driver\natapci0: AHCI Version 01.00 controller with 2 ports detected\nata2: \u003cATA channel 0\u003e on atapci0\nata2: [ITHREAD]\nata3: \u003cATA channel 1\u003e on atapci0\nata3: [ITHREAD]\nata4: \u003cATA channel 2\u003e on atapci0\nata4: [ITHREAD]\npcib4: \u003cACPI PCI-PCI bridge\u003e irq 16 at device 28.5 on pci0\npci2: \u003cACPI PCI bus\u003e on pcib4\npci2: \u003cnetwork, ethernet\u003e at device 0.0 (no driver attached)\nuhci3: \u003cUHCI (generic) USB controller\u003e port 0xb080-0xb09f irq 23 at device\n29.0 on pci0\nuhci3: [GIANT-LOCKED]\nuhci3: [ITHREAD]\nusb4: \u003cUHCI (generic) USB controller\u003e on uhci3\nusb4: USB revision 1.0\nuhub4: \u003cIntel UHCI root hub, class 9/0, rev 1.00/1.00, addr 1\u003e on usb4\nuhub4: 2 ports with 2 removable, self powered\nuhci4: \u003cUHCI (generic) USB controller\u003e port 0xb400-0xb41f irq 19 at device\n29.1 on pci0\nuhci4: [GIANT-LOCKED]\nuhci4: [ITHREAD]\nusb5: \u003cUHCI (generic) USB controller\u003e on uhci4\nusb5: USB revision 1.0\nuhub5: \u003cIntel UHCI root hub, class 9/0, rev 1.00/1.00, addr 1\u003e on usb5\nuhub5: 2 ports with 2 removable, self powered\nuhci5: \u003cUHCI (generic) USB controller\u003e port 0xb480-0xb49f irq 18 at device\n29.2 on pci0\nuhci5: [GIANT-LOCKED]\nuhci5: [ITHREAD]\nusb6: \u003cUHCI (generic) USB controller\u003e on uhci5\nusb6: USB revision 1.0\nuhub6: \u003cIntel UHCI root hub, class 9/0, rev 1.00/1.00, addr 1\u003e on usb6\nuhub6: 2 ports with 2 removable, self powered\nehci1: \u003cEHCI (generic) USB 2.0 controller\u003e mem 0xfbfff800-0xfbfffbff irq 23\nat device 29.7 on pci0\nehci1: [GIANT-LOCKED]\nehci1: [ITHREAD]\nusb7: EHCI version 1.0\nusb7: companion controllers, 2 ports each: usb4 usb5 usb6\nusb7: \u003cEHCI (generic) USB 2.0 controller\u003e on ehci1\nusb7: USB revision 2.0\nuhub7: \u003cIntel EHCI root hub, class 9/0, rev 2.00/1.00, addr 1\u003e on usb7\nuhub7: 6 ports with 6 removable, self powered\npcib5: \u003cACPI PCI-PCI bridge\u003e at device 30.0 on pci0\npci5: \u003cACPI PCI bus\u003e on pcib5\nrl0: \u003cRealTek 8139 10/100BaseTX\u003e port 0xe800-0xe8ff mem\n0xfebffc00-0xfebffcff irq 17 at device 1.0 on pci5\nmiibus0: \u003cMII bus\u003e on rl0\nrlphy0: \u003cRealTek internal media interface\u003e PHY 0 on miibus0\nrlphy0:  10baseT, 10baseT-FDX, 100baseTX, 100baseTX-FDX, auto\nrl0: Ethernet address: 00:0e:2e:7f:36:fb\nrl0: [ITHREAD]\npci5: \u003cmultimedia, audio\u003e at device 2.0 (no driver attached)\npci5: \u003cserial bus, FireWire\u003e at device 3.0 (no driver attached)\nisab0: \u003cPCI-ISA bridge\u003e at device 31.0 on pci0\nisa0: \u003cISA bus\u003e on isab0\natapci1: \u003cIntel ICH9 SATA300 controller\u003e port\n0xa000-0xa007,0x9c00-0x9c03,0x9880-0x9887,0x9800-0x9803,0x9480-0x948f,0x9400-0x940f\nirq 22 at device 31.2 on pci0\natapci1: [ITHREAD]\nata5: \u003cATA channel 0\u003e on atapci1\nata5: [ITHREAD]\nata6: \u003cATA channel 1\u003e on atapci1\nata6: [ITHREAD]\npci0: \u003cserial bus, SMBus\u003e at device 31.3 (no driver attached)\natapci2: \u003cIntel ICH9 SATA300 controller\u003e port\n0xb000-0xb007,0xac00-0xac03,0xa880-0xa887,0xa800-0xa803,0xa480-0xa48f,0xa400-0xa40f\nirq 22 at device 31.5 on pci0\natapci2: [ITHREAD]\nata7: \u003cATA channel 0\u003e on atapci2\nata7: [ITHREAD]\nata8: \u003cATA channel 1\u003e on atapci2\nata8: [ITHREAD]\nacpi_button0: \u003cPower Button\u003e on acpi0\nsio0: configured irq 4 not in bitmap of probed irqs 0\nsio0: port may not be enabled\nsio0: configured irq 4 not in bitmap of probed irqs 0\nsio0: port may not be enabled\nsio0: \u003c16550A-compatible COM port\u003e port 0x3f8-0x3ff irq 4 flags 0x10 on\nacpi0\nsio0: type 16550A\nsio0: [FILTER]\natkbdc0: \u003cKeyboard controller (i8042)\u003e port 0x60,0x64 irq 1 on acpi0\natkbd0: \u003cAT Keyboard\u003e irq 1 on atkbdc0\nkbd0 at atkbd0\natkbd0: [GIANT-LOCKED]\natkbd0: [ITHREAD]\npmtimer0 on isa0\nata0 at port 0x1f0-0x1f7,0x3f6 irq 14 on isa0\nata0: [ITHREAD]\nata1 at port 0x170-0x177,0x376 irq 15 on isa0\nata1: [ITHREAD]\nvga0: \u003cGeneric ISA VGA\u003e at port 0x3c0-0x3df iomem 0xa0000-0xbffff on isa0\nsc0: \u003cSystem console\u003e at flags 0x100 on isa0\nsc0: VGA \u003c16 virtual consoles, flags=0x300\u003e\nsio1: configured irq 3 not in bitmap of probed irqs 0\nsio1: port may not be enabled\nppc0: parallel port not found.\nTimecounters tick every 1.000 msec\nhptrr: no controller detected.\nacd0: DVDR \u003cHL-DT-STDVD-RAM GSA-H22N/1.00\u003e at ata4-master PIO4\nad10: 305245MB \u003cSeagate ST3320620AS 3.AAE\u003e at ata5-master SATA150\nad14: 305245MB \u003cSeagate ST3320620AS 3.AAE\u003e at ata7-master SATA150\nSMP: AP CPU #1 Launched!\nGEOM_LABEL: Label for provider ad10s1 is ntfs/XP.\nGEOM_LABEL: Label for provider ad10s5 is ntfs/Yo.\nGEOM_LABEL: Label for provider ad14s1 is ntfs/Piglet.\nTrying to mount root from ufs:/dev/ad10s3a\n\nThe DVD is not using DMA because I disabled it. The firewire was not\ndetected because I disabled that also.\n\nThis is what happens when I replug the keyboard and the mouse (they're two\nseparate devices connected to two adjacent USB ports on the back of the PC;\nthe mouse is wireless; the keyboard is wired).\n\nums0: \u003cLogitech USB RECEIVER, class 0/0, rev 1.10/25.10, addr 2\u003e on uhub1\nums0: 16 buttons and Z dir.\nuhub8: \u003cvendor 0x046d G11 Keyboard, class 9/0, rev 1.10/1.71, addr 3\u003e on\nuhub1\nuhub8: 4 ports with 2 removable, bus powered\nukbd0: \u003cvendor 0x046d Gaming Keyboard, class 0/0, rev 2.00/1.90, addr 4\u003e on\nuhub8\nkbd2 at ukbd0\nuhid0: \u003cvendor 0x046d Gaming Keyboard, class 0/0, rev 2.00/1.90, addr 4\u003e on\nuhub8\nuhid1: \u003cvendor 0x046d G11 Keyboard, class 0/0, rev 2.00/1.71, addr 5\u003e on\nuhub8"
}