{
 "id": 602423,
 "bug_id": 155416,
 "attachment_id": 0,
 "creation_time": "2011-03-09T16:50:04Z",
 "creator": "freebsd-pr@fabparis.no-ip.org",
 "text": "Hello,\n        I want to use the e-sata external port to hotplug a sata hard disk drive and make backups.\n        As we can see in dmesg output hotplug works fine and camcontrol see the HDD.\n \tfdisk -BI /dev/ada4 and bsdlabel -w /dev/ada4 works fine and return \"0\".\n        Error occurs when running newfs -U /dev/ada4a, here is output :\nsrvbart# newfs -U /dev/ada4a\n/dev/ada4a: 1907729.1MB (3907029152 sectors) block size 16384, fragment size 2048\n        using 10384 cylinder groups of 183.72MB, 11758 blks, 23552 inodes.\n        with soft updates\nsuper-block backups (for fsck -b #) at:\n 160, 376416, 752672, 1128928, 1505184, 1881440, 2257696, 2633952, 3010208, 3386464, 3762720, 4138976, 4515232, 4891488, 5267744, 5644000, 6020256, 6396512, 6772768, 7149024, 7525280, 7901536, 8277792, 8654048, 9030304, 9406560,\n 9782816, 10159072, 10535328, 10911584, 11287840, 11664096, 12040352, 12416608, 12792864, 13169120, 13545376, 13921632, 14297888, 14674144, 15050400, 15426656, 15802912, 16179168, 16555424, 16931680, 17307936, 17684192, 18060448,\n 18436704, 18812960, 19189216, 19565472, 19941728, 20317984, 20694240, 21070496, 21446752, 21823008, 22199264, 22575520, 22951776, 23328032, 23704288, 24080544, 24456800, 24833056, 25209312, 25585568, 25961824, 26338080, 26714336,\n 27090592, 27466848, 27843104, 28219360, 28595616, 28971872, 29348128, 29724384, 30100640, 30476896, 30853152, 31229408, 31605664, 31981920,newfs: wtfs: 65536 bytes at sector 32358176: Input/output error\n\n\tWhen re-running the same command it fails in the same way but not at the same timei, in fact more faster.\n\t\n\tThe PR amd64/135040 tels problem abount having more than 4G memory could have problem with some device drivers.\n\tI have installed freebsd i386 version and have got the same problem.\n\n\tTo check if the hard drive is in \"fault\", I have installed debian amd64 on this external drive and it works fine out of the box.\n\tThis enclosure use Jmicron JM20329 but it seems only for sata to usb mode and not used in esata mode.\n\n\tFour other hard drive \"WDC WD20EARS-00MVWB0 51.0AB51\" are connected to 4 internal sata port which are managed by the same controler (intel H55) as the externel one,\n\tI use thoses without any problem.\n\nHow-To-Repeat: \tUse ahci kernel module with GENERIC kernel, hot plug external device on an H55 esata port.\n\tCreate a whole disk slice and make one partition with bsdlabel.\n\tThen run newfs for this new partition with or without -U flag.\n\n\npciconf output :\nhostb0@pci0:0:0:0:      class=0x060000 card=0x50001458 chip=0x00408086 rev=0x18 hdr=0x00\n    vendor     = 'Intel Corporation'\n    class      = bridge\n    subclass   = HOST-PCI\npcib1@pci0:0:1:0:       class=0x060400 card=0x50011458 chip=0x00418086 rev=0x18 hdr=0x01\n    vendor     = 'Intel Corporation'\n    class      = bridge\n    subclass   = PCI-PCI\nvgapci0@pci0:0:2:0:     class=0x030000 card=0xd0001458 chip=0x00428086 rev=0x18 hdr=0x00\n    vendor     = 'Intel Corporation'\n    class      = display\n    subclass   = VGA\nnone0@pci0:0:22:0:      class=0x078000 card=0x3b641458 chip=0x3b648086 rev=0x06 hdr=0x00\n    vendor     = 'Intel Corporation'\n    class      = simple comms\nuhci0@pci0:0:26:0:      class=0x0c0300 card=0x50041458 chip=0x3b3b8086 rev=0x06 hdr=0x00\n    vendor     = 'Intel Corporation'\n    class      = serial bus\n    subclass   = USB\nuhci1@pci0:0:26:1:      class=0x0c0300 card=0x50041458 chip=0x3b3e8086 rev=0x06 hdr=0x00\n    vendor     = 'Intel Corporation'\n    class      = serial bus\n    subclass   = USB\nuhci2@pci0:0:26:2:      class=0x0c0300 card=0x50041458 chip=0x3b3f8086 rev=0x06 hdr=0x00\n    vendor     = 'Intel Corporation'\n    class      = serial bus\n    subclass   = USB\nehci0@pci0:0:26:7:      class=0x0c0320 card=0x50061458 chip=0x3b3c8086 rev=0x06 hdr=0x00\n    vendor     = 'Intel Corporation'\n    class      = serial bus\n    subclass   = USB\npcib2@pci0:0:28:0:      class=0x060400 card=0x50011458 chip=0x3b428086 rev=0x06 hdr=0x01\n    vendor     = 'Intel Corporation'\n    class      = bridge\n    subclass   = PCI-PCI\npcib3@pci0:0:28:1:      class=0x060400 card=0x50011458 chip=0x3b448086 rev=0x06 hdr=0x01\n    vendor     = 'Intel Corporation'\n    class      = bridge\n    subclass   = PCI-PCI\nuhci3@pci0:0:29:0:      class=0x0c0300 card=0x50041458 chip=0x3b368086 rev=0x06 hdr=0x00\n    vendor     = 'Intel Corporation'\n    class      = serial bus\n    subclass   = USB\nuhci4@pci0:0:29:1:      class=0x0c0300 card=0x50041458 chip=0x3b378086 rev=0x06 hdr=0x00\n    vendor     = 'Intel Corporation'\n    class      = serial bus\n    subclass   = USB\nuhci5@pci0:0:29:2:      class=0x0c0300 card=0x50041458 chip=0x3b388086 rev=0x06 hdr=0x00\n    vendor     = 'Intel Corporation'\n    class      = serial bus\n    subclass   = USB\nehci1@pci0:0:29:7:      class=0x0c0320 card=0x50061458 chip=0x3b348086 rev=0x06 hdr=0x00\n    vendor     = 'Intel Corporation'\n    class      = serial bus\n    subclass   = USB\npcib4@pci0:0:30:0:      class=0x060401 card=0x50001458 chip=0x244e8086 rev=0xa6 hdr=0x01\n    vendor     = 'Intel Corporation'\n    device     = '82801 Family (ICH2/3/4/5/6/7/8/9,63xxESB) Hub Interface to PCI Bridge'\n    class      = bridge\n    subclass   = PCI-PCI\nisab0@pci0:0:31:0:      class=0x060100 card=0x50011458 chip=0x3b068086 rev=0x06 hdr=0x00\n    vendor     = 'Intel Corporation'\n    class      = bridge\n    subclass   = PCI-ISA\nahci1@pci0:0:31:2:      class=0x010601 card=0xb0051458 chip=0x3b228086 rev=0x06 hdr=0x00\n    vendor     = 'Intel Corporation'\n    device     = 'IBEX AHCI Controller(6Port) (Intel Q57 Express)'\n    class      = mass storage\n    subclass   = SATA\nnone1@pci0:0:31:3:      class=0x0c0500 card=0x50011458 chip=0x3b308086 rev=0x06 hdr=0x00\n    vendor     = 'Intel Corporation'\n    class      = serial bus\n    subclass   = SMBus\nnone2@pci0:1:0:0:       class=0x0c0330 card=0x50071458 chip=0x01941033 rev=0x03 hdr=0x00\n    vendor     = 'NEC Electronics Hong Kong'\n    class      = serial bus\n    subclass   = USB\nahci0@pci0:2:0:0:       class=0x010601 card=0xb0001458 chip=0x2363197b rev=0x02 hdr=0x00\n    vendor     = 'JMicron Technology Corp.'\n    device     = 'JMicron JMB362/JMB363 AHCI Controller (JMB36X)'\n    class      = mass storage\n    subclass   = SATA\natapci0@pci0:2:0:1:     class=0x010185 card=0xb0001458 chip=0x2363197b rev=0x02 hdr=0x00\n    vendor     = 'JMicron Technology Corp.'\n    device     = 'JMicron JMB362/JMB363 AHCI Controller (JMB36X)'\n    class      = mass storage\n    subclass   = ATA\nre0@pci0:3:0:0: class=0x020000 card=0xe0001458 chip=0x816810ec rev=0x06 hdr=0x00\n    vendor     = 'Realtek Semiconductor'\n    device     = 'Gigabit Ethernet NIC(NDIS 6.0) (RTL8168/8111/8111c)'\n    class      = network\n    subclass   = ethernet\nrl0@pci0:4:2:0: class=0x020000 card=0x50323030 chip=0x813910ec rev=0x10 hdr=0x00\n    vendor     = 'Realtek Semiconductor'\n    device     = 'Realtek RTL8139 Family PCI Fast Ethernet NIC (RTL-8139/8139C/8139D)'\n    class      = network\n    subclass   = ethernet\nfwohci0@pci0:4:7:0:     class=0x0c0010 card=0x10001458 chip=0x8024104c rev=0x00 hdr=0x00\n    vendor     = 'Texas Instruments (TI)'\n    device     = 'TSB43AB23 1394a-2000 OHCI PHY/link-layer Controller'\n    class      = serial bus\n    subclass   = FireWire\n\n\n\nHere dmesg output:\nCopyright (c) 1992-2011 The FreeBSD Project.\nCopyright (c) 1979, 1980, 1983, 1986, 1988, 1989, 1991, 1992, 1993, 1994\n        The Regents of the University of California. All rights reserved.\nFreeBSD is a registered trademark of The FreeBSD Foundation.\nFreeBSD 8.2-RELEASE #0: Thu Feb 17 02:41:51 UTC 2011\n    root@mason.cse.buffalo.edu:/usr/obj/usr/src/sys/GENERIC amd64\nTimecounter \"i8254\" frequency 1193182 Hz quality 0\nCPU: Intel(R) Core(TM) i3 CPU         540  @ 3.07GHz (3066.65-MHz K8-class CPU)\n  Origin = \"GenuineIntel\"  Id = 0x20655  Family = 6  Model = 25  Stepping = 5\n  Features=0xbfebfbff\u003cFPU,VME,DE,PSE,TSC,MSR,PAE,MCE,CX8,APIC,SEP,MTRR,PGE,MCA,CMOV,PAT,PSE36,CLFLUSH,DTS,ACPI,MMX,FXSR,SSE,SSE2,SS,HTT,TM,PBE\u003e\n  Features2=0x9ae3bd\u003cSSE3,DTES64,MON,DS_CPL,VMX,EST,TM2,SSSE3,CX16,xTPR,PDCM,PCID,SSE4.1,SSE4.2,POPCNT\u003e\n  AMD Features=0x28100800\u003cSYSCALL,NX,RDTSCP,LM\u003e\n  AMD Features2=0x1\u003cLAHF\u003e\n  TSC: P-state invariant\nreal memory  = 8589934592 (8192 MB)\navail memory = 8111968256 (7736 MB)\nACPI APIC Table: \u003cGBT    GBTUACPI\u003e\nFreeBSD/SMP: Multiprocessor System Detected: 4 CPUs\nFreeBSD/SMP: 1 package(s) x 2 core(s) x 2 SMT threads\n cpu0 (BSP): APIC ID:  0\n cpu1 (AP): APIC ID:  1\n cpu2 (AP): APIC ID:  4\n cpu3 (AP): APIC ID:  5\nioapic0: Changing APIC ID to 2\nioapic0 \u003cVersion 2.0\u003e irqs 0-23 on motherboard\nkbd1 at kbdmux0\nacpi0: \u003cGBT GBTUACPI\u003e on motherboard\nacpi0: [ITHREAD]\nacpi0: Power Button (fixed)\nacpi0: reservation of 0, a0000 (3) failed\nacpi0: reservation of 100000, db6e0000 (3) failed\nTimecounter \"ACPI-fast\" frequency 3579545 Hz quality 1000\nacpi_timer0: \u003c24-bit timer at 3.579545MHz\u003e port 0x408-0x40b on acpi0\ncpu0: \u003cACPI CPU\u003e on acpi0\ncpu1: \u003cACPI CPU\u003e on acpi0\ncpu2: \u003cACPI CPU\u003e on acpi0\ncpu3: \u003cACPI CPU\u003e on acpi0\nacpi_button0: \u003cPower Button\u003e on acpi0\npcib0: \u003cACPI Host-PCI bridge\u003e port 0xcf8-0xcff on acpi0\npci0: \u003cACPI PCI bus\u003e on pcib0\npcib1: \u003cPCI-PCI bridge\u003e irq 16 at device 1.0 on pci0\npci1: \u003cPCI bus\u003e on pcib1\npci1: \u003cserial bus, USB\u003e at device 0.0 (no driver attached)\nvgapci0: \u003cVGA-compatible display\u003e port 0xff00-0xff07 mem 0xfb400000-0xfb7fffff,0xe0000000-0xefffffff irq 16 at device 2.0 on pci0\nagp0: \u003cIntel Ironlake (D) SVGA controller\u003e on vgapci0\nagp0: detected 32764k stolen memory\nagp0: aperture size is 256M\npci0: \u003csimple comms\u003e at device 22.0 (no driver attached)\nuhci0: \u003cUHCI (generic) USB controller\u003e port 0xfe00-0xfe1f irq 16 at device 26.0 on pci0\nuhci0: [ITHREAD]\nuhci0: LegSup = 0x2f00\nusbus0: \u003cUHCI (generic) USB controller\u003e on uhci0\nuhci1: \u003cUHCI (generic) USB controller\u003e port 0xfd00-0xfd1f irq 21 at device 26.1 on pci0\nuhci1: [ITHREAD]\nuhci1: LegSup = 0x2f00\nusbus1: \u003cUHCI (generic) USB controller\u003e on uhci1\nuhci2: \u003cUHCI (generic) USB controller\u003e port 0xfc00-0xfc1f irq 18 at device 26.2 on pci0\nuhci2: [ITHREAD]\nuhci2: LegSup = 0x2f00\nusbus2: \u003cUHCI (generic) USB controller\u003e on uhci2\nehci0: \u003cIntel PCH USB 2.0 controller USB-B\u003e mem 0xfbffe000-0xfbffe3ff irq 18 at device 26.7 on pci0\nehci0: [ITHREAD]\nusbus3: EHCI version 1.0\nusbus3: \u003cIntel PCH USB 2.0 controller USB-B\u003e on ehci0\npcib2: \u003cACPI PCI-PCI bridge\u003e irq 16 at device 28.0 on pci0\npci2: \u003cACPI PCI bus\u003e on pcib2\nahci0: \u003cJMicron JMB363 AHCI SATA controller\u003e mem 0xfbcfe000-0xfbcfffff irq 16 at device 0.0 on pci2\nahci0: [ITHREAD]\nahci0: AHCI v1.00 with 2 3Gbps ports, Port Multiplier supported\nahcich0: \u003cAHCI channel\u003e at channel 0 on ahci0\nahcich0: [ITHREAD]\nahcich1: \u003cAHCI channel\u003e at channel 1 on ahci0\nahcich1: [ITHREAD]\natapci0: \u003cJMicron JMB363 UDMA133 controller\u003e port 0xdf00-0xdf07,0xde00-0xde03,0xdd00-0xdd07,0xdc00-0xdc03,0xdb00-0xdb0f irq 17 at device 0.1 on pci2\natapci0: [ITHREAD]\nata2: \u003cATA channel 0\u003e on atapci0\nata2: [ITHREAD]\npcib3: \u003cACPI PCI-PCI bridge\u003e irq 17 at device 28.1 on pci0\npci3: \u003cACPI PCI bus\u003e on pcib3\nre0: \u003cRealTek 8168/8111 B/C/CP/D/DP/E PCIe Gigabit Ethernet\u003e port 0xee00-0xeeff mem 0xfbbff000-0xfbbfffff,0xfbbf8000-0xfbbfbfff irq 17 at device 0.0 on pci3\nre0: Using 1 MSI messages\nre0: Chip rev. 0x2c000000\nre0: MAC rev. 0x00000000\nmiibus0: \u003cMII bus\u003e on re0\nrgephy0: \u003cRTL8169S/8110S/8211B media interface\u003e PHY 1 on miibus0\nrgephy0:  10baseT, 10baseT-FDX, 10baseT-FDX-flow, 100baseTX, 100baseTX-FDX, 100baseTX-FDX-flow, 1000baseT, 1000baseT-master, 1000baseT-FDX, 1000baseT-FDX-master, 1000baseT-FDX-flow, 1000baseT-FDX-flow-master, auto, auto-flow\nre0: Ethernet address: 1c:6f:65:85:7a:4b\nre0: [FILTER]\nuhci3: \u003cUHCI (generic) USB controller\u003e port 0xfb00-0xfb1f irq 23 at device 29.0 on pci0\nuhci3: [ITHREAD]\nuhci3: LegSup = 0x2f00\nusbus4: \u003cUHCI (generic) USB controller\u003e on uhci3\nuhci4: \u003cUHCI (generic) USB controller\u003e port 0xfa00-0xfa1f irq 19 at device 29.1 on pci0\nuhci4: [ITHREAD]\nuhci4: LegSup = 0x2f00\nusbus5: \u003cUHCI (generic) USB controller\u003e on uhci4\nuhci5: \u003cUHCI (generic) USB controller\u003e port 0xf900-0xf91f irq 18 at device 29.2 on pci0\nuhci5: [ITHREAD]\nuhci5: LegSup = 0x2f00\nusbus6: \u003cUHCI (generic) USB controller\u003e on uhci5\nehci1: \u003cIntel PCH USB 2.0 controller USB-A\u003e mem 0xfbffd000-0xfbffd3ff irq 23 at device 29.7 on pci0\nehci1: [ITHREAD]\nusbus7: EHCI version 1.0\nusbus7: \u003cIntel PCH USB 2.0 controller USB-A\u003e on ehci1\npcib4: \u003cACPI PCI-PCI bridge\u003e at device 30.0 on pci0\npci4: \u003cACPI PCI bus\u003e on pcib4\nrl0: \u003cRealTek 8139 10/100BaseTX\u003e port 0xce00-0xceff mem 0xfbdff000-0xfbdff0ff irq 18 at device 2.0 on pci4\nmiibus1: \u003cMII bus\u003e on rl0\nrlphy0: \u003cRealTek internal media interface\u003e PHY 0 on miibus1\nrlphy0:  10baseT, 10baseT-FDX, 100baseTX, 100baseTX-FDX, auto\nrl0: Ethernet address: 00:08:a1:63:a0:60\nrl0: [ITHREAD]\nfwohci0: \u003cTexas Instruments TSB43AB23\u003e mem 0xfbdfe000-0xfbdfe7ff,0xfbdf8000-0xfbdfbfff irq 17 at device 7.0 on pci4\nfwohci0: [ITHREAD]\nfwohci0: OHCI version 1.10 (ROM=0)\nfwohci0: No. of Isochronous channels is 4.\nfwohci0: EUI64 00:16:cb:e1:00:1c:6f:65\nfwohci0: Phy 1394a available S400, 3 ports.\nfwohci0: Link S400, max_rec 2048 bytes.\nfirewire0: \u003cIEEE1394(FireWire) bus\u003e on fwohci0\ndcons_crom0: \u003cdcons configuration ROM\u003e on firewire0\ndcons_crom0: bus_addr 0x2348000\nfwe0: \u003cEthernet over FireWire\u003e on firewire0\nif_fwe0: Fake Ethernet address: 02:16:cb:1c:6f:65\nfwe0: Ethernet address: 02:16:cb:1c:6f:65\nfwip0: \u003cIP over FireWire\u003e on firewire0\nfwip0: Firewire address: 00:16:cb:e1:00:1c:6f:65 @ 0xfffe00000000, S400, maxrec 2048\nfwohci0: Initiate bus reset\nfwohci0: fwohci_intr_core: BUS reset\nfwohci0: fwohci_intr_core: node_id=0x00000000, SelfID Count=1, CYCLEMASTER mode\nisab0: \u003cPCI-ISA bridge\u003e at device 31.0 on pci0\nisa0: \u003cISA bus\u003e on isab0\nahci1: \u003cIntel 5 Series/3400 Series AHCI SATA controller\u003e port 0xf800-0xf807,0xf700-0xf703,0xf600-0xf607,0xf500-0xf503,0xf400-0xf41f mem 0xfbffc000-0xfbffc7ff irq 19 at device 31.2 on pci0\nahci1: [ITHREAD]\nahci1: AHCI v1.30 with 6 3Gbps ports, Port Multiplier supported\nahcich2: \u003cAHCI channel\u003e at channel 0 on ahci1\nahcich2: [ITHREAD]\nahcich3: \u003cAHCI channel\u003e at channel 1 on ahci1\nahcich3: [ITHREAD]\nahcich4: \u003cAHCI channel\u003e at channel 2 on ahci1\nahcich4: [ITHREAD]\nahcich5: \u003cAHCI channel\u003e at channel 3 on ahci1\nahcich5: [ITHREAD]\nahcich6: \u003cAHCI channel\u003e at channel 4 on ahci1\nahcich6: [ITHREAD]\nahcich7: \u003cAHCI channel\u003e at channel 5 on ahci1\nahcich7: [ITHREAD]\npci0: \u003cserial bus, SMBus\u003e at device 31.3 (no driver attached)\nacpi_hpet0: \u003cHigh Precision Event Timer\u003e iomem 0xfed00000-0xfed003ff irq 0,8 on acpi0\nTimecounter \"HPET\" frequency 14318180 Hz quality 900\natrtc0: \u003cAT realtime clock\u003e port 0x70-0x73 on acpi0\nfdc0: \u003cfloppy drive controller\u003e port 0x3f0-0x3f5,0x3f7 irq 6 drq 2 on acpi0\nfdc0: [FILTER]\nfd0: \u003c1440-KB 3.5\" drive\u003e on fdc0 drive 0\nuart0: \u003c16550 or compatible\u003e port 0x3f8-0x3ff irq 4 flags 0x10 on acpi0\nuart0: [FILTER]\natkbdc0: \u003cKeyboard controller (i8042)\u003e port 0x60,0x64 irq 1 on acpi0\natkbd0: \u003cAT Keyboard\u003e irq 1 on atkbdc0\nkbd0 at atkbd0\natkbd0: [GIANT-LOCKED]\natkbd0: [ITHREAD]\norm0: \u003cISA Option ROM\u003e at iomem 0xd2000-0xd4fff on isa0\nsc0: \u003cSystem console\u003e at flags 0x100 on isa0\nsc0: VGA \u003c16 virtual consoles, flags=0x300\u003e\nvga0: \u003cGeneric ISA VGA\u003e at port 0x3c0-0x3df iomem 0xa0000-0xbffff on isa0\nppc0: cannot reserve I/O port range\nest0: \u003cEnhanced SpeedStep Frequency Control\u003e on cpu0\np4tcc0: \u003cCPU Frequency Thermal Control\u003e on cpu0\nest1: \u003cEnhanced SpeedStep Frequency Control\u003e on cpu1\np4tcc1: \u003cCPU Frequency Thermal Control\u003e on cpu1\nest2: \u003cEnhanced SpeedStep Frequency Control\u003e on cpu2\np4tcc2: \u003cCPU Frequency Thermal Control\u003e on cpu2\nest3: \u003cEnhanced SpeedStep Frequency Control\u003e on cpu3\np4tcc3: \u003cCPU Frequency Thermal Control\u003e on cpu3\nTimecounters tick every 1.000 msec\nfirewire0: 1 nodes, maxhop \u003c= 0 cable IRM irm(0)  (me)\nfirewire0: bus manager 0\nusbus0: 12Mbps Full Speed USB v1.0\nusbus1: 12Mbps Full Speed USB v1.0\nusbus2: 12Mbps Full Speed USB v1.0\nusbus3: 480Mbps High Speed USB v2.0\nusbus4: 12Mbps Full Speed USB v1.0\nusbus5: 12Mbps Full Speed USB v1.0\nusbus6: 12Mbps Full Speed USB v1.0\nusbus7: 480Mbps High Speed USB v2.0\nugen0.1: \u003cIntel\u003e at usbus0\nuhub0: \u003cIntel UHCI root HUB, class 9/0, rev 1.00/1.00, addr 1\u003e on usbus0\nugen1.1: \u003cIntel\u003e at usbus1\nuhub1: \u003cIntel UHCI root HUB, class 9/0, rev 1.00/1.00, addr 1\u003e on usbus1\nugen2.1: \u003cIntel\u003e at usbus2\nuhub2: \u003cIntel UHCI root HUB, class 9/0, rev 1.00/1.00, addr 1\u003e on usbus2\nugen3.1: \u003cIntel\u003e at usbus3\nuhub3: \u003cIntel EHCI root HUB, class 9/0, rev 2.00/1.00, addr 1\u003e on usbus3\nugen4.1: \u003cIntel\u003e at usbus4\nuhub4: \u003cIntel UHCI root HUB, class 9/0, rev 1.00/1.00, addr 1\u003e on usbus4\nugen5.1: \u003cIntel\u003e at usbus5\nuhub5: \u003cIntel UHCI root HUB, class 9/0, rev 1.00/1.00, addr 1\u003e on usbus5\nugen6.1: \u003cIntel\u003e at usbus6\nuhub6: \u003cIntel UHCI root HUB, class 9/0, rev 1.00/1.00, addr 1\u003e on usbus6\nugen7.1: \u003cIntel\u003e at usbus7\nuhub7: \u003cIntel EHCI root HUB, class 9/0, rev 2.00/1.00, addr 1\u003e on usbus7\nad4: 78533MB \u003cHitachi HDS728080PLAT20 PF2OA2AA\u003e at ata2-master UDMA133\nuhub0: 2 ports with 2 removable, self powered\nuhub1: 2 ports with 2 removable, self powered\nuhub2: 2 ports with 2 removable, self powered\nuhub4: 2 ports with 2 removable, self powered\nuhub5: 2 ports with 2 removable, self powered\nuhub6: 2 ports with 2 removable, self powered\nada0 at ahcich2 bus 0 scbus2 target 0 lun 0\nada0: \u003cWDC WD20EARS-00MVWB0 51.0AB51\u003e ATA-8 SATA 2.x device\nada0: 300.000MB/s transfers (SATA 2.x, UDMA6, PIO 8192bytes)\nada0: Command Queueing enabled\nada0: 1907729MB (3907029168 512 byte sectors: 16H 63S/T 16383C)\nada1 at ahcich3 bus 0 scbus3 target 0 lun 0\nada1: \u003cWDC WD20EARS-00MVWB0 51.0AB51\u003e ATA-8 SATA 2.x device\nada1: 300.000MB/s transfers (SATA 2.x, UDMA6, PIO 8192bytes)\nada1: Command Queueing enabled\nada1: 1907729MB (3907029168 512 byte sectors: 16H 63S/T 16383C)\nada2 at ahcich4 bus 0 scbus4 target 0 lun 0\nada2: \u003cWDC WD20EARS-00MVWB0 51.0AB51\u003e ATA-8 SATA 2.x device\nada2: 300.000MB/s transfers (SATA 2.x, UDMA6, PIO 8192bytes)\nada2: Command Queueing enabled\nada2: 1907729MB (3907029168 512 byte sectors: 16H 63S/T 16383C)\nada3 at ahcich5 bus 0 scbus5 target 0 lun 0\nada3: \u003cWDC WD20EARS-00MVWB0 51.0AB51\u003e ATA-8 SATA 2.x device\nada3: 300.000MB/s transfers (SATA 2.x, UDMA6, PIO 8192bytes)\nada3: Command Queueing enabled\nada3: 1907729MB (3907029168 512 byte sectors: 16H 63S/T 16383C)\nSMP: AP CPU #1 Launched!\nSMP: AP CPU #3 Launched!\nSMP: AP CPU #2 Launched!\nRoot mount waiting for: usbus7 usbus3\nuhub3: 6 ports with 6 removable, self powered\nRoot mount waiting for: usbus7\nuhub7: 6 ports with 6 removable, self powered\nTrying to mount root from ufs:/dev/ad4s1a\nZFS filesystem version 4\nZFS storage pool version 15\nada4 at ahcich7 bus 0 scbus7 target 0 lun 0\nada4: \u003cST32000542AS CC34\u003e ATA-8 SATA 2.x device\nada4: 300.000MB/s transfers (SATA 2.x, UDMA6, PIO 8192bytes)\nada4: Command Queueing enabled\nada4: 1907729MB (3907029168 512 byte sectors: 16H 63S/T 16383C)\n(ada4:ahcich7:0:0:0): lost device\n(ada4:ahcich7:0:0:0): removing device entry\nada4 at ahcich7 bus 0 scbus7 target 0 lun 0\nada4: \u003cST32000542AS CC34\u003e ATA-8 SATA 2.x device\nada4: 300.000MB/s transfers (SATA 2.x, UDMA6, PIO 8192bytes)\nada4: Command Queueing enabled\nada4: 1907729MB (3907029168 512 byte sectors: 16H 63S/T 16383C)\n\n\n\n\tIt is not a production system, so I could run as many test as you need.\n\nBest regards,"
}