{
 "id": 394663,
 "bug_id": 113098,
 "attachment_id": 0,
 "creation_time": "2007-05-29T08:39:24Z",
 "creator": "admin@oregonfast.net",
 "text": "Here's some more information on the hardware I'm using, complete dmesg \noutput:\n\nCopyright (c) 1992-2007 The FreeBSD Project.\nCopyright (c) 1979, 1980, 1983, 1986, 1988, 1989, 1991, 1992, 1993, 1994\n        The Regents of the University of California. All rights reserved.\nFreeBSD is a registered trademark of The FreeBSD Foundation.\nFreeBSD 6.2-RELEASE-p5 #0: Mon May 28 10:25:50 PDT 2007\n    root@jailserver:/usr/obj/usr/src/sys/SMP\nACPI APIC Table: \u003cINTEL  S5000VSA\u003e\nTimecounter \"i8254\" frequency 1193182 Hz quality 0\nCPU: Intel(R) Xeon(R) CPU            5160  @ 3.00GHz (3195.98-MHz \nK8-class CPU)\n  Origin = \"GenuineIntel\"  Id = 0x6f6  Stepping = 6\n  \nFeatures=0xbfebfbff\u003cFPU,VME,DE,PSE,TSC,MSR,PAE,MCE,CX8,APIC,SEP,MTRR,PGE,MCA,CMOV,PAT,PSE36,CLFLUSH,DTS,ACPI,MMX,FXSR,SSE,SSE2,SS,HTT,TM,PBE\u003e\n  \nFeatures2=0x4e3bd\u003cSSE3,RSVD2,MON,DS_CPL,VMX,EST,TM2,\u003cb9\u003e,CX16,\u003cb14\u003e,\u003cb15\u003e,\u003cb18\u003e\u003e\n  AMD Features=0x20100800\u003cSYSCALL,NX,LM\u003e\n  AMD Features2=0x1\u003cLAHF\u003e\n  Cores per package: 2\nreal memory  = 9126805504 (8704 MB)\navail memory = 8293834752 (7909 MB)\nFreeBSD/SMP: Multiprocessor System Detected: 4 CPUs\n cpu0 (BSP): APIC ID:  0\n cpu1 (AP): APIC ID:  1\n cpu2 (AP): APIC ID:  6\n cpu3 (AP): APIC ID:  7\nioapic0 \u003cVersion 2.0\u003e irqs 0-23 on motherboard\nioapic1 \u003cVersion 2.0\u003e irqs 24-47 on motherboard\nlapic0: Forcing LINT1 to edge trigger\nkbd1 at kbdmux0\nath_hal: 0.9.17.2 (AR5210, AR5211, AR5212, RF5111, RF5112, RF2413, RF5413)\nacpi0: \u003cINTEL S5000VSA\u003e on motherboard\nacpi0: Power Button (fixed)\nTimecounter \"ACPI-fast\" frequency 3579545 Hz quality 1000\nacpi_timer0: \u003c24-bit timer at 3.579545MHz\u003e port 0x408-0x40b on acpi0\ncpu0: \u003cACPI CPU\u003e on acpi0\nacpi_throttle0: \u003cACPI CPU Throttling\u003e on cpu0\ncpu1: \u003cACPI CPU\u003e on acpi0\nacpi_throttle1: \u003cACPI CPU Throttling\u003e on cpu1\nacpi_throttle1: failed to attach P_CNT\ndevice_attach: acpi_throttle1 attach returned 6\ncpu2: \u003cACPI CPU\u003e on acpi0\nacpi_throttle2: \u003cACPI CPU Throttling\u003e on cpu2\nacpi_throttle2: failed to attach P_CNT\ndevice_attach: acpi_throttle2 attach returned 6\ncpu3: \u003cACPI CPU\u003e on acpi0\nacpi_throttle3: \u003cACPI CPU Throttling\u003e on cpu3\nacpi_throttle3: failed to attach P_CNT\ndevice_attach: acpi_throttle3 attach returned 6\nacpi_button0: \u003cSleep Button\u003e on acpi0\npcib0: \u003cACPI Host-PCI bridge\u003e port 0xca2,0xca3,0xcf8-0xcff on acpi0\npci0: \u003cACPI PCI bus\u003e on pcib0\npcib1: \u003cACPI PCI-PCI bridge\u003e at device 2.0 on pci0\npci1: \u003cACPI PCI bus\u003e on pcib1\npcib2: \u003cACPI PCI-PCI bridge\u003e irq 16 at device 0.0 on pci1\npci2: \u003cACPI PCI bus\u003e on pcib2\npcib3: \u003cACPI PCI-PCI bridge\u003e irq 16 at device 0.0 on pci2\npci3: \u003cACPI PCI bus\u003e on pcib3\npcib4: \u003cACPI PCI-PCI bridge\u003e irq 17 at device 1.0 on pci2\npci4: \u003cACPI PCI bus\u003e on pcib4\npcib5: \u003cACPI PCI-PCI bridge\u003e irq 18 at device 2.0 on pci2\npci5: \u003cACPI PCI bus\u003e on pcib5\nem0: \u003cIntel(R) PRO/1000 Network Connection Version - 6.2.9\u003e port \n0x2020-0x203f mem 0xf8820000-0xf883ffff,0xf8400000-0xf87fffff irq 18 at \ndevice 0.0 on pci5\nem0: Ethernet address: 00:15:17:2a:80:0c\nem1: \u003cIntel(R) PRO/1000 Network Connection Version - 6.2.9\u003e port \n0x2000-0x201f mem 0xf8800000-0xf881ffff,0xf8000000-0xf83fffff irq 19 at \ndevice 0.1 on pci5\nem1: Ethernet address: 00:15:17:2a:80:0d\npcib6: \u003cACPI PCI-PCI bridge\u003e at device 0.3 on pci1\npci6: \u003cACPI PCI bus\u003e on pcib6\npcib7: \u003cPCI-PCI bridge\u003e at device 2.0 on pci6\npci7: \u003cPCI bus\u003e on pcib7\namr0: \u003cLSILogic MegaRAID 1.53\u003e mem \n0xf8b00000-0xf8b0ffff,0xf8900000-0xf89fffff irq 27 at device 14.0 on pci7\namr0: Using 64-bit DMA\namr0: delete logical drives supported by controller\namr0: \u003cLSILogic LSI MegaRAID SATA300-8X PCI-X\u003e Firmware 815C, BIOS H432, \n128MB RAM\npcib8: \u003cPCI-PCI bridge\u003e at device 3.0 on pci0\npci8: \u003cPCI bus\u003e on pcib8\npci0: \u003cbase peripheral\u003e at device 8.0 (no driver attached)\npcib9: \u003cACPI PCI-PCI bridge\u003e irq 16 at device 28.0 on pci0\npci9: \u003cACPI PCI bus\u003e on pcib9\nuhci0: \u003cUHCI (generic) USB controller\u003e port 0x30a0-0x30bf irq 23 at \ndevice 29.0 on pci0\nuhci0: [GIANT-LOCKED]\nusb0: \u003cUHCI (generic) USB controller\u003e on uhci0\nusb0: USB revision 1.0\nuhub0: Intel UHCI root hub, class 9/0, rev 1.00/1.00, addr 1\nuhub0: 2 ports with 2 removable, self powered\nuhci1: \u003cUHCI (generic) USB controller\u003e port 0x3080-0x309f irq 22 at \ndevice 29.1 on pci0\nuhci1: [GIANT-LOCKED]\nusb1: \u003cUHCI (generic) USB controller\u003e on uhci1\nusb1: USB revision 1.0\nuhub1: Intel UHCI root hub, class 9/0, rev 1.00/1.00, addr 1\nuhub1: 2 ports with 2 removable, self powered\nuhci2: \u003cUHCI (generic) USB controller\u003e port 0x3060-0x307f irq 23 at \ndevice 29.2 on pci0\nuhci2: [GIANT-LOCKED]\nusb2: \u003cUHCI (generic) USB controller\u003e on uhci2\nusb2: USB revision 1.0\nuhub2: Intel UHCI root hub, class 9/0, rev 1.00/1.00, addr 1\nuhub2: 2 ports with 2 removable, self powered\nuhci3: \u003cUHCI (generic) USB controller\u003e port 0x3040-0x305f irq 22 at \ndevice 29.3 on pci0\nuhci3: [GIANT-LOCKED]\nusb3: \u003cUHCI (generic) USB controller\u003e on uhci3\nusb3: USB revision 1.0\nuhub3: Intel UHCI root hub, class 9/0, rev 1.00/1.00, addr 1\nuhub3: 2 ports with 2 removable, self powered\nehci0: \u003cEHCI (generic) USB 2.0 controller\u003e mem 0xf8d00400-0xf8d007ff irq \n23 at device 29.7 on pci0\nehci0: [GIANT-LOCKED]\nusb4: EHCI version 1.0\nusb4: companion controllers, 2 ports each: usb0 usb1 usb2 usb3\nusb4: \u003cEHCI (generic) USB 2.0 controller\u003e on ehci0\nusb4: USB revision 2.0\nuhub4: Intel EHCI root hub, class 9/0, rev 2.00/1.00, addr 1\nuhub4: 8 ports with 8 removable, self powered\npcib10: \u003cACPI PCI-PCI bridge\u003e at device 30.0 on pci0\npci10: \u003cACPI PCI bus\u003e on pcib10\npci10: \u003cdisplay, VGA\u003e at device 12.0 (no driver attached)\nisab0: \u003cPCI-ISA bridge\u003e at device 31.0 on pci0\nisa0: \u003cISA bus\u003e on isab0\natapci0: \u003cIntel 63XXESB2 UDMA100 controller\u003e port \n0x1f0-0x1f7,0x3f6,0x170-0x177,0x376,0x30c0-0x30cf irq 20 at device 31.1 \non pci0\nata0: \u003cATA channel 0\u003e on atapci0\nata1: \u003cATA channel 1\u003e on atapci0\natapci1: \u003cIntel 63XXESB2 SATA300 controller\u003e port \n0x30d8-0x30df,0x30f4-0x30f7,0x30d0-0x30d7,0x30f0-0x30f3,0x3020-0x303f \nmem 0xf8d00000-0xf8d003ff irq 20\nat device 31.2 on pci0\natapci1: AHCI Version 01.10 controller with 6 ports detected\nata2: \u003cATA channel 0\u003e on atapci1\nata3: \u003cATA channel 1\u003e on atapci1\nata4: \u003cATA channel 2\u003e on atapci1\nata5: \u003cATA channel 3\u003e on atapci1\nata6: \u003cATA channel 4\u003e on atapci1\nata7: \u003cATA channel 5\u003e on atapci1\npci0: \u003cserial bus, SMBus\u003e at device 31.3 (no driver attached)\natkbdc0: \u003cKeyboard controller (i8042)\u003e port 0x60,0x64 irq 1 on acpi0\natkbd0: \u003cAT Keyboard\u003e irq 1 on atkbdc0\nkbd0 at atkbd0\natkbd0: [GIANT-LOCKED]\nsio0: \u003c16550A-compatible COM port\u003e port 0x3f8-0x3ff irq 4 flags 0x10 on \nacpi0\nsio0: type 16550A\nsio1: \u003c16550A-compatible COM port\u003e port 0x2f8-0x2ff irq 3 on acpi0\nsio1: type 16550A\norm0: \u003cISA Option ROMs\u003e at iomem \n0xc0000-0xc8fff,0xd1000-0xd1fff,0xd2000-0xd2fff on isa0\nppc0: cannot reserve I/O port range\nsc0: \u003cSystem console\u003e at flags 0x100 on isa0\nsc0: VGA \u003c16 virtual consoles, flags=0x300\u003e\nvga0: \u003cGeneric ISA VGA\u003e at port 0x3c0-0x3df iomem 0xa0000-0xbffff on isa0\nTimecounters tick every 1.000 msec\nacd0: DMA limited to UDMA33, controller found non-ATA66 cable\nacd0: DVDR \u003cHL-DT-ST DVDRAM GSA-H42L/SL00\u003e at ata0-master UDMA33\nad4: 476940MB \u003cSeagate ST3500630AS 3.AAK\u003e at ata2-master SATA150\nad6: 476940MB \u003cSeagate ST3500630AS 3.AAK\u003e at ata3-master SATA150\namr0: delete logical drives supported by controller\namrd0: \u003cLSILogic MegaRAID logical drive\u003e on amr0\namrd0: 1430511MB (2929686528 sectors) RAID 5 (optimal)\namrd1: \u003cLSILogic MegaRAID logical drive\u003e on amr0\namrd1: 1430511MB (2929686528 sectors) RAID 5 (optimal)\nlapic1: Forcing LINT1 to edge trigger\nSMP: AP CPU #1 Launched!\nlapic7: Forcing LINT1 to edge trigger\nSMP: AP CPU #3 Launched!\nlapic6: Forcing LINT1 to edge trigger\nSMP: AP CPU #2 Launched!\nTrying to mount root from ufs:/dev/ad4s1a\n\nThe controller I'm having issues with is a LSI 300-8x doing two 1.5TB \nRAID 5 arrays that consist of 8 500GB Drives (The same model as ad4 and 6)\n\nThe card is also in a pci-x 64/100 slot.\n\nI also haven't modified the kernel or any sysctl knobs in any way."
}