{
 "id": 392567,
 "bug_id": 112644,
 "attachment_id": 0,
 "creation_time": "2007-05-14T02:00:11Z",
 "creator": "ooburai@gmail.com",
 "text": "I would like to report that the Asus M2A-VM would appear to work just fine out of the box.  There are some ACPI AE_NOT_FOUND errors (ACPI-0438: *** Error: Looking up [LNKC] in namespace, AE_NOT_FOUND) but other than this everything else seems to be detected without trouble.  On board Ethernet works as does the integrated video.  Sound not tested.  Please update the http://www.freebsd.org/platforms/amd64/motherboards.html page to include this board as it would appear to be a reasonable low cost option and no AMD690 chipsets are on the list yet.\n\nCopyright (c) 1992-2007 The FreeBSD Project.\nCopyright (c) 1979, 1980, 1983, 1986, 1988, 1989, 1991, 1992, 1993, 1994\n        The Regents of the University of California. All rights reserved.\nFreeBSD is a registered trademark of The FreeBSD Foundation.\nFreeBSD 6.2-RELEASE #0: Fri Jan 12 08:43:30 UTC 2007\n    root@portnoy.cse.buffalo.edu:/usr/obj/usr/src/sys/SMP\nACPI APIC Table: \u003cATI    ASUSACPI\u003e\nTimecounter \"i8254\" frequency 1193182 Hz quality 0\nCPU: AMD Athlon(tm) 64 X2 Dual Core Processor 3600+ (1899.94-MHz K8-class CPU)\n  Origin = \"AuthenticAMD\"  Id = 0x60fb1  Stepping = 1\n  Features=0x178bfbff\u003cFPU,VME,DE,PSE,TSC,MSR,PAE,MCE,CX8,APIC,SEP,MTRR,PGE,MCA,CMOV,PAT,PSE36,CLFLUSH,MMX,FXSR,SSE,SSE2,HTT\u003e\n  Features2=0x2001\u003cSSE3,CX16\u003e\n  AMD Features=0xea500800\u003cSYSCALL,NX,MMX+,FFXSR,RDTSCP,LM,3DNow+,3DNow\u003e\n  AMD Features2=0x11f\u003cLAHF,CMP,\u003cb2\u003e,\u003cb3\u003e,CR8,\u003cb8\u003e\u003e\n  Cores per package: 2\nreal memory  = 2112749568 (2014 MB)\navail memory = 2028429312 (1934 MB)\nFreeBSD/SMP: Multiprocessor System Detected: 2 CPUs\n cpu0 (BSP): APIC ID:  0\n cpu1 (AP): APIC ID:  1\nioapic0: Changing APIC ID to 2\nioapic0 \u003cVersion 2.1\u003e irqs 0-23 on motherboard\nkbd1 at kbdmux0\nath_hal: 0.9.17.2 (AR5210, AR5211, AR5212, RF5111, RF5112, RF2413, RF5413)\nacpi0: \u003cATI ASUSACPI\u003e on motherboard\n    ACPI-0438: *** Error: Looking up [LNKC] in namespace, AE_NOT_FOUND\nSearchNode 0xffffff0000c2a880 StartNode 0xffffff0000c2a880 ReturnNode 0\n    ACPI-0438: *** Error: Looking up [LNKD] in namespace, AE_NOT_FOUND\nSearchNode 0xffffff0000c2a700 StartNode 0xffffff0000c2a700 ReturnNode 0\n    ACPI-0438: *** Error: Looking up [LNKA] in namespace, AE_NOT_FOUND\nSearchNode 0xffffff0000c2e980 StartNode 0xffffff0000c2e980 ReturnNode 0\n    ACPI-0438: *** Error: Looking up [LNKB] in namespace, AE_NOT_FOUND\nSearchNode 0xffffff0000c2e800 StartNode 0xffffff0000c2e800 ReturnNode 0\n    ACPI-0438: *** Error: Looking up [LNKC] in namespace, AE_NOT_FOUND\nSearchNode 0xffffff0000c2e680 StartNode 0xffffff0000c2e680 ReturnNode 0\n    ACPI-0438: *** Error: Looking up [LNKD] in namespace, AE_NOT_FOUND\nSearchNode 0xffffff0000c2e500 StartNode 0xffffff0000c2e500 ReturnNode 0\n    ACPI-0438: *** Error: Looking up [LNKA] in namespace, AE_NOT_FOUND\nSearchNode 0xffffff0000c2e380 StartNode 0xffffff0000c2e380 ReturnNode 0\nacpi0: Power Button (fixed)\nTimecounter \"ACPI-fast\" frequency 3579545 Hz quality 1000\nacpi_timer0: \u003c32-bit timer at 3.579545MHz\u003e port 0x4008-0x400b on acpi0\ncpu0: \u003cACPI CPU\u003e on acpi0\ncpu1: \u003cACPI CPU\u003e on acpi0\nacpi_button0: \u003cPower Button\u003e on acpi0\npcib0: \u003cACPI Host-PCI bridge\u003e port 0xcf8-0xcff on acpi0\npci0: \u003cACPI PCI bus\u003e on pcib0\npcib1: \u003cACPI PCI-PCI bridge\u003e at device 1.0 on pci0\npci1: \u003cACPI PCI bus\u003e on pcib1\npci1: \u003cdisplay, VGA\u003e at device 5.0 (no driver attached)\npcib2: \u003cACPI PCI-PCI bridge\u003e at device 7.0 on pci0\npci2: \u003cACPI PCI bus\u003e on pcib2\nre0: \u003cRealTek 8168B/8111B PCIe Gigabit Ethernet\u003e port 0xee00-0xeeff mem 0xfdaff000-0xfdafffff irq 19 at device 0.0 on pci2\nmiibus0: \u003cMII bus\u003e on re0\nrgephy0: \u003cRTL8169S/8110S media interface\u003e on miibus0\nrgephy0:  10baseT, 10baseT-FDX, 100baseTX, 100baseTX-FDX, 1000baseTX, 1000baseTX-FDX, auto\nre0: Ethernet address: 00:1a:92:6f:ec:cf\nre0: [FAST]\natapci0: \u003cGENERIC ATA controller\u003e port 0xff00-0xff07,0xfe00-0xfe03,0xfd00-0xfd07,0xfc00-0xfc03,0xfb00-0xfb0f mem 0xfe02f000-0xfe02f3ff irq 22 at device 18.0 on pci0\nata2: \u003cATA channel 0\u003e on atapci0\nata3: \u003cATA channel 1\u003e on atapci0\nohci0: \u003cOHCI (generic) USB controller\u003e mem 0xfe02e000-0xfe02efff irq 16 at device 19.0 on pci0\nohci0: [GIANT-LOCKED]\nusb0: OHCI version 1.0, legacy support\nusb0: SMM does not respond, resetting\nusb0: \u003cOHCI (generic) USB controller\u003e on ohci0\nusb0: USB revision 1.0\nuhub0: ATI OHCI root hub, class 9/0, rev 1.00/1.00, addr 1\nuhub0: 2 ports with 2 removable, self powered\nohci1: \u003cOHCI (generic) USB controller\u003e mem 0xfe02d000-0xfe02dfff irq 17 at device 19.1 on pci0\nohci1: [GIANT-LOCKED]\nusb1: OHCI version 1.0, legacy support\nusb1: SMM does not respond, resetting\nusb1: \u003cOHCI (generic) USB controller\u003e on ohci1\nusb1: USB revision 1.0\nuhub1: ATI OHCI root hub, class 9/0, rev 1.00/1.00, addr 1\nuhub1: 2 ports with 2 removable, self powered\nohci2: \u003cOHCI (generic) USB controller\u003e mem 0xfe02c000-0xfe02cfff irq 18 at device 19.2 on pci0\nohci2: [GIANT-LOCKED]\nusb2: OHCI version 1.0, legacy support\nusb2: SMM does not respond, resetting\nusb2: \u003cOHCI (generic) USB controller\u003e on ohci2\nusb2: USB revision 1.0\nuhub2: ATI OHCI root hub, class 9/0, rev 1.00/1.00, addr 1\nuhub2: 2 ports with 2 removable, self powered\nohci3: \u003cOHCI (generic) USB controller\u003e mem 0xfe02b000-0xfe02bfff irq 17 at device 19.3 on pci0\nohci3: [GIANT-LOCKED]\nusb3: OHCI version 1.0, legacy support\nusb3: SMM does not respond, resetting\nusb3: \u003cOHCI (generic) USB controller\u003e on ohci3\nusb3: USB revision 1.0\nuhub3: ATI OHCI root hub, class 9/0, rev 1.00/1.00, addr 1\nuhub3: 2 ports with 2 removable, self powered\nohci4: \u003cOHCI (generic) USB controller\u003e mem 0xfe02a000-0xfe02afff irq 18 at device 19.4 on pci0\nohci4: [GIANT-LOCKED]\nusb4: OHCI version 1.0, legacy support\nusb4: SMM does not respond, resetting\nusb4: \u003cOHCI (generic) USB controller\u003e on ohci4\nusb4: USB revision 1.0\nuhub4: ATI OHCI root hub, class 9/0, rev 1.00/1.00, addr 1\nuhub4: 2 ports with 2 removable, self powered\nehci0: \u003cEHCI (generic) USB 2.0 controller\u003e mem 0xfe029000-0xfe0290ff irq 19 at device 19.5 on pci0\nehci0: [GIANT-LOCKED]\nusb5: EHCI version 1.0\nusb5: companion controllers, 2 ports each: usb0 usb1 usb2 usb3 usb4\nusb5: \u003cEHCI (generic) USB 2.0 controller\u003e on ehci0\nusb5: USB revision 2.0\nuhub5: ATI EHCI root hub, class 9/0, rev 2.00/1.00, addr 1\nuhub5: 10 ports with 10 removable, self powered\npci0: \u003cserial bus, SMBus\u003e at device 20.0 (no driver attached)\natapci1: \u003cGENERIC ATA controller\u003e port 0x1f0-0x1f7,0x3f6,0x170-0x177,0x376,0xf900-0xf90f at device 20.1 on pci0\nata0: \u003cATA channel 0\u003e on atapci1\nata1: \u003cATA channel 1\u003e on atapci1\npci0: \u003cmultimedia\u003e at device 20.2 (no driver attached)\nisab0: \u003cPCI-ISA bridge\u003e at device 20.3 on pci0\nisa0: \u003cISA bus\u003e on isab0\npcib3: \u003cACPI PCI-PCI bridge\u003e at device 20.4 on pci0\npci3: \u003cACPI PCI bus\u003e on pcib3\nacpi_tz0: \u003cThermal Zone\u003e on acpi0\nsio0: \u003c16550A-compatible COM port\u003e port 0x3f8-0x3ff irq 4 flags 0x10 on acpi0\nsio0: type 16550A\nppc0: \u003cStandard parallel printer port\u003e port 0x378-0x37f irq 7 on acpi0\nppc0: Generic chipset (EPP/NIBBLE) in COMPATIBLE mode\nppbus0: \u003cParallel port bus\u003e on ppc0\nplip0: \u003cPLIP network interface\u003e on ppbus0\nlpt0: \u003cPrinter\u003e on ppbus0\nlpt0: Interrupt-driven port\nppi0: \u003cParallel I/O\u003e on ppbus0\natkbdc0: \u003cKeyboard controller (i8042)\u003e port 0x60,0x64 irq 1 on acpi0\natkbd0: \u003cAT Keyboard\u003e irq 1 on atkbdc0\nkbd0 at atkbd0\natkbd0: [GIANT-LOCKED]\nsc0: \u003cSystem console\u003e at flags 0x100 on isa0\nsc0: VGA \u003c16 virtual consoles, flags=0x300\u003e\nsio1: configured irq 3 not in bitmap of probed irqs 0\nsio1: port may not be enabled\nvga0: \u003cGeneric ISA VGA\u003e at port 0x3c0-0x3df iomem 0xa0000-0xbffff on isa0\nTimecounters tick every 1.000 msec\nacd0: DVDR \u003cPIONEER DVD-RW DVR-112D/1.15\u003e at ata0-master UDMA33\nad4: 238475MB \u003cSeagate ST3250620AS 3.AAK\u003e at ata2-master UDMA33\nSMP: AP CPU #1 Launched!\nTrying to mount root from ufs:/dev/ad4s1a\nre0: link state changed to UP\n\nFix: \n\nn/a\nHow-To-Repeat: 1) buy an Asus M2A-VM\n2) install FreeBSD\n3) type 'dmesg'\n4) smile"
}