{
 "id": 441721,
 "bug_id": 122925,
 "attachment_id": 0,
 "creation_time": "2008-05-18T22:45:11Z",
 "creator": "nightrecon@gmail.com",
 "text": "I have seen this since doing a fresh install of FreeBSD 7 Release on my \npf/gateway server. I only use sftp to occasionally copy something. My other \nserver machine (web development box) has Samba on it for sharing and does not \nshow this behavior. Only reading the cdrom via sftp does this. Since my \nhardware is likely different from the OP, it may not be hardware related. \n\nserver# uname -a\nFreeBSD server.test.zip 7.0-RELEASE FreeBSD 7.0-RELEASE #0: Tue Apr  1 \n22:10:31 EDT 2008     \ntestuser@server.test.zip:/usr/obj/usr/src/sys/kernel_altq  i386\n\ndmesg:\n\nCopyright (c) 1992-2008 The FreeBSD Project.\nCopyright (c) 1979, 1980, 1983, 1986, 1988, 1989, 1991, 1992, 1993, 1994\n\tThe Regents of the University of California. All rights reserved.\nFreeBSD is a registered trademark of The FreeBSD Foundation.\nFreeBSD 7.0-RELEASE #0: Tue Apr  1 22:10:31 EDT 2008\n    testuser@server.test.zip:/usr/obj/usr/src/sys/kernel_altq\nTimecounter \"i8254\" frequency 1193182 Hz quality 0\nCPU: Intel Pentium III (666.54-MHz 686-class CPU)\n  Origin = \"GenuineIntel\"  Id = 0x683  Stepping = 3\n  \nFeatures=0x383f9ff\u003cFPU,VME,DE,PSE,TSC,MSR,PAE,MCE,CX8,SEP,MTRR,PGE,MCA,CMOV,PAT,PSE36,MMX,FXSR,SSE\u003e\nreal memory  = 134152192 (127 MB)\navail memory = 125841408 (120 MB)\nacpi0: \u003cPTLTD   RSDT\u003e on motherboard\nacpi0: [ITHREAD]\nacpi0: Power Button (fixed)\nacpi0: reservation of 0, a0000 (3) failed\nTimecounter \"ACPI-fast\" frequency 3579545 Hz quality 1000\nacpi_timer0: \u003c24-bit timer at 3.579545MHz\u003e port 0x408-0x40b on acpi0\ncpu0: \u003cACPI CPU\u003e on acpi0\npcib0: \u003cACPI Host-PCI bridge\u003e port 0xcf8-0xcff on acpi0\npci0: \u003cACPI PCI bus\u003e on pcib0\nagp0: \u003cIntel 82820 host to AGP bridge\u003e on hostb0\npcib1: \u003cACPI PCI-PCI bridge\u003e at device 1.0 on pci0\npci1: \u003cACPI PCI bus\u003e on pcib1\nvgapci0: \u003cVGA-compatible display\u003e mem \n0xf5000000-0xf5ffffff,0xf4800000-0xf4803fff,0xf4000000-0xf47fffff irq 11 at \ndevice 0.0 on pci1\npcib2: \u003cACPI PCI-PCI bridge\u003e at device 30.0 on pci0\npci2: \u003cACPI PCI bus\u003e on pcib2\nskc0: \u003cD-Link DGE-530T Gigabit Ethernet\u003e port 0x4000-0x40ff mem \n0xf4a04000-0xf4a07fff at device 9.0 on pci2\nskc0: DGE-530T Gigabit Ethernet Adapter rev. (0x9)\nsk0: \u003cMarvell Semiconductor, Inc. Yukon\u003e on skc0\nsk0: Ethernet address: 00:1b:11:c3:1f:92\nmiibus0: \u003cMII bus\u003e on sk0\ne1000phy0: \u003cMarvell 88E1011 Gigabit PHY\u003e PHY 0 on miibus0\ne1000phy0:  10baseT, 10baseT-FDX, 100baseTX, 100baseTX-FDX, 1000baseTX-FDX, \nauto\nskc0: [ITHREAD]\nxl0: \u003c3Com 3c905C-TX Fast Etherlink XL\u003e port 0x4400-0x447f mem \n0xf4a01000-0xf4a0107f irq 10 at device 13.0 on pci2\nmiibus1: \u003cMII bus\u003e on xl0\nxlphy0: \u003c3c905C 10/100 internal PHY\u003e PHY 24 on miibus1\nxlphy0:  10baseT, 10baseT-FDX, 100baseTX, 100baseTX-FDX, auto\nxl0: Ethernet address: 00:50:04:d3:17:e3\nxl0: [ITHREAD]\nisab0: \u003cPCI-ISA bridge\u003e at device 31.0 on pci0\nisa0: \u003cISA bus\u003e on isab0\natapci0: \u003cIntel ICH UDMA66 controller\u003e port \n0x1f0-0x1f7,0x3f6,0x170-0x177,0x376,0x1000-0x100f at device 31.1 on pci0\nata0: \u003cATA channel 0\u003e on atapci0\nata0: [ITHREAD]\nata1: \u003cATA channel 1\u003e on atapci0\nata1: [ITHREAD]\npci0: \u003cserial bus, USB\u003e at device 31.2 (no driver attached)\nacpi_button0: \u003cPower Button\u003e on acpi0\natkbdc0: \u003cKeyboard controller (i8042)\u003e port 0x60,0x64 irq 1 on acpi0\natkbd0: \u003cAT Keyboard\u003e irq 1 on atkbdc0\natkbd0: [GIANT-LOCKED]\natkbd0: [ITHREAD]\nfdc0: \u003cfloppy drive controller\u003e port 0x3f0-0x3f5,0x3f7 irq 6 drq 2 on acpi0\nfdc0: [FILTER]\nsio0: \u003c16550A-compatible COM port\u003e port 0x3f8-0x3ff irq 4 flags 0x10 on acpi0\nsio0: type 16550A\nsio0: [FILTER]\nsio1: \u003c16550A-compatible COM port\u003e port 0x2f8-0x2ff irq 3 on acpi0\nsio1: type 16550A\nsio1: [FILTER]\norm0: \u003cISA Option ROMs\u003e at iomem \n0xc0000-0xc7fff,0xc8000-0xc87ff,0xe0000-0xeffff pnpid ORM0000 on isa0\nsc0: \u003cSystem console\u003e at flags 0x100 on isa0\nsc0: VGA \u003c16 virtual consoles, flags=0x300\u003e\nvga0: \u003cGeneric ISA VGA\u003e at port 0x3c0-0x3df iomem 0xa0000-0xbffff on isa0\nppc0: \u003cParallel port\u003e at port 0x378-0x37f irq 7 on isa0\nppc0: Generic chipset (ECP/PS2/NIBBLE) in COMPATIBLE mode\nppc0: FIFO with 16/16/8 bytes threshold\nppbus0: \u003cParallel port bus\u003e on ppc0\nppbus0: [ITHREAD]\nlpt0: \u003cPrinter\u003e on ppbus0\nlpt0: Interrupt-driven port\nppi0: \u003cParallel I/O\u003e on ppbus0\nppc0: [GIANT-LOCKED]\nppc0: [ITHREAD]\nTimecounter \"TSC\" frequency 666539794 Hz quality 800\nTimecounters tick every 10.000 msec\nad0: 9536MB \u003cMaxtor 5T010H1 TAH71DP0\u003e at ata0-master UDMA66\nad1: 14669MB \u003cWDC WD153BA 16.13M16\u003e at ata0-slave UDMA66\nacd0: CDROM \u003cATAPI 48X CDROM/VER-3.30\u003e at ata1-master UDMA33\nTrying to mount root from ufs:/dev/ad0s1a\n\n\nkernel config:\n\n#\n# kernel_altq  FreeBSD 7 RC1 test-1 \n\ncpu\t\tI686_CPU\nident\t\tSERVER\t\n\n# To statically compile in device wiring instead of /boot/device.hints\n#hints\t\t\"GENERIC.hints\"\t\t# Default places to look for devices.\n\n\n#options \tSCHED_4BSD\t\t# 4BSD scheduler\noptions\t\tSCHED_ULE\t\t# ULE scheduler\noptions \tPREEMPTION\t\t# Enable kernel thread preemption\noptions \tINET\t\t\t# InterNETworking\n#options \tINET6\t\t\t# IPv6 communications protocols\n#options \tSCTP\t\t\t# Stream Control Transmission Protocol\noptions \tFFS\t\t\t# Berkeley Fast Filesystem\noptions \tSOFTUPDATES\t\t# Enable FFS soft updates support\n#options \tUFS_ACL\t\t\t# Support for access control lists\noptions \tUFS_DIRHASH\t\t# Improve performance on big directories\n#options \tUFS_GJOURNAL\t\t# Enable gjournal-based UFS journaling\n#options \tMD_ROOT\t\t\t# MD is a potential root device\n#options \tNFSCLIENT\t\t# Network Filesystem Client\n#options \tNFSSERVER\t\t# Network Filesystem Server\n#options \tNFS_ROOT\t\t# NFS usable as /, requires NFSCLIENT\n#options \tMSDOSFS\t\t\t# MSDOS Filesystem\noptions \tCD9660\t\t\t# ISO 9660 Filesystem\noptions \tPROCFS\t\t\t# Process filesystem (requires PSEUDOFS)\noptions \tPSEUDOFS\t\t# Pseudo-filesystem framework\n#options \tGEOM_PART_GPT\t\t# GUID Partition Tables.\n#options \tGEOM_LABEL\t\t# Provides labelization\n#options \tCOMPAT_43TTY\t\t# BSD 4.3 TTY compat [KEEP THIS!]\n#options \tCOMPAT_FREEBSD4\t\t# Compatible with FreeBSD4\n#options \tCOMPAT_FREEBSD5\t\t# Compatible with FreeBSD5\n#options \tCOMPAT_FREEBSD6\t\t# Compatible with FreeBSD6\n#options \tSCSI_DELAY=5000\t\t# Delay (in ms) before probing SCSI\n#options \tKTRACE\t\t\t# ktrace(1) support\noptions \tSYSVSHM\t\t\t# SYSV-style shared memory\noptions \tSYSVMSG\t\t\t# SYSV-style message queues\noptions \tSYSVSEM\t\t\t# SYSV-style semaphores\noptions \t_KPOSIX_PRIORITY_SCHEDULING # POSIX P1003_1B real-time extensions\n#options \tKBD_INSTALL_CDEV\t# install a CDEV entry in /dev\n#options \tADAPTIVE_GIANT\t\t# Giant mutex is adaptive.\n#options \tSTOP_NMI\t\t# Stop CPUS using NMI instead of IPI\n#options \tAUDIT\t\t\t# Security event auditing\n\nnooption KSE\n\n\ndevice\t\tpf\ndevice\t\tpflog\n\noptions\t\tALTQ\noptions\t\tALTQ_PRIQ\n\n\n# Bus support.\ndevice\t\tpci\n\n# Floppy drives\ndevice\t\tfdc\n\n# ATA and ATAPI devices\ndevice\t\tata\ndevice\t\tatadisk\t\t# ATA disk drives\ndevice\t\tatapicd\t\t# ATAPI CDROM drives\noptions \tATA_STATIC_ID\t# Static device numbering\n\n\n\n# atkbdc0 controls both the keyboard and the PS/2 mouse\ndevice\t\tatkbdc\t\t# AT keyboard controller\ndevice\t\tatkbd\t\t# AT keyboard\n#device\t\tpsm\t\t# PS/2 mouse\n\n#device\t\tkbdmux\t\t# keyboard multiplexer\n\ndevice\t\tvga\t\t# VGA video card driver\n\n\n# syscons is the default console driver, resembling an SCO console\ndevice\t\tsc\n\ndevice\t\tagp\t\t# support several AGP chipsets\n\n\n\n# Serial (COM) ports\ndevice\t\tsio\t\t# 8250, 16[45]50 based serial ports\ndevice\t\tuart\t\t# Generic UART driver\n\n# Parallel port\ndevice\t\tppc\ndevice\t\tppbus\t\t# Parallel port bus (required)\ndevice\t\tlpt\t\t# Printer\ndevice\t\tppi\t\t# Parallel port interface device\n\n\n\n# PCI Ethernet NICs that use the common MII bus controller code.\n# NOTE: Be sure to keep the 'device miibus' line in order to use these NICs!\ndevice\t\tmiibus\t\t# MII bus support\ndevice\t\tsk\t\t# SysKonnect SK-984x \u0026 SK-982x gigabit Ethernet\ndevice\t\txl\t\t# 3Com 3c905c \n\n\n\n# Pseudo devices.\ndevice\t\tloop\t\t# Network loopback\ndevice\t\trandom\t\t# Entropy device\ndevice\t\tether\t\t# Ethernet support\n#device\t\tsl\t\t# Kernel SLIP\n#device\t\tppp\t\t# Kernel PPP\ndevice\t\ttun\t\t# Packet tunnel.\ndevice\t\tpty\t\t# Pseudo-ttys (telnet etc)\n#device\t\tmd\t\t# Memory \"disks\"\n#device\t\tgif\t\t# IPv6 and IPv4 tunneling\n#device\t\tfaith\t\t# IPv6-to-IPv4 relaying (translation)\n#device\t\tfirmware\t# firmware assist module\n\n# The `bpf' device enables the Berkeley Packet Filter.\n# Be aware of the administrative consequences of enabling this!\n# Note that 'bpf' is required for DHCP.\ndevice\t\tbpf\t\t# Berkeley packet filter"
}