{
 "id": 1094498,
 "bug_id": 244074,
 "attachment_id": 0,
 "creation_time": "2020-03-29T21:00:19Z",
 "creator": "bobf@mrp3.com",
 "text": "I have also seen lockups in the audio.  When it happens, video playback tends to 'hang' (apparently can't write to the dsp device) and mplayer reports that audio is \"locked up\".  reboot to fix (snd_hda is apparently compiled in, can't kldunload or otherwise reset audio system).\nEasiest way to trigger it:\na) run virtualbox 5.2.34 with pulseaudio for sound on the VM (requires compiling it in)\nb) using a windows 7 VM, play anything that does multimedia [skippy audio, different problem most likely].  Let it run until audio stops working.\n\nAfter this, nothing else can access audio, either.\nThis was happening with a 7/15/2019 kernel [forget which build number].  I recently updated to the latest 12-stable.\n\nFreeBSD (computer name) 12.1-STABLE FreeBSD 12.1-STABLE r359419 GENERIC  amd64\n\nHere is the output of /dev/sndstat with verbosity at 2\n\n sysctl hw.snd.verbose=2\nhw.snd.verbose: 0 -\u003e 2\nroot@slash:/home/zelgadis # cat /dev/sndstat\nFreeBSD Audio Driver (64bit 2009061500/amd64)\nInstalled devices:\npcm0: \u003cNVIDIA (0x0051) (HDMI/DP 8ch)\u003e on hdaa0  (1p:1v/0r:0v)\n\tsnddev flags=0x2e7\u003cSIMPLEX,AUTOVCHAN,SOFTPCMVOL,BUSY,MPSAFE,REGISTERED,VPC\u003e\n\t[pcm0:play:dsp0.p0]: spd 48000, fmt 0x00200010, flags 0x00006100, 0x00000004\n\tinterrupts 1059, underruns 0, feed 1059, ready 0 [b:2048/1024/2|bs:2048/1024/2]\n\tchannel flags=0x6100\u003cBUSY,HAS_VCHAN,VCHAN_PASSTHROUGH\u003e\n\t{userland} -\u003e feeder_mixer(0x00200010) -\u003e {hardware}\n\tpcm0:play:dsp0.p0[pcm0:virtual:dsp0.vp0]: spd 44100/48000, fmt 0x00200010, flags 0x10000000, 0x00000029\n\tinterrupts 0, underruns 0, feed 0, ready 0 [b:0/0/0|bs:8192/1024/8]\n\tchannel flags=0x10000000\u003cVIRTUAL\u003e\n\t{userland} -\u003e feeder_root(0x00200010) -\u003e feeder_volume(0x00200010) -\u003e feeder_rate(0x00200010 q:1 44100 -\u003e 48000) -\u003e {hardware}\npcm1: \u003cNVIDIA (0x0051) (HDMI/DP 8ch)\u003e on hdaa0  (1p:1v/0r:0v)\n\tsnddev flags=0x2e7\u003cSIMPLEX,AUTOVCHAN,SOFTPCMVOL,BUSY,MPSAFE,REGISTERED,VPC\u003e\n\t[pcm1:play:dsp1.p0]: spd 48000, fmt 0x00200010, flags 0x00006100, 0x00000004\n\tinterrupts 1036, underruns 0, feed 1036, ready 0 [b:2048/1024/2|bs:2048/1024/2]\n\tchannel flags=0x6100\u003cBUSY,HAS_VCHAN,VCHAN_PASSTHROUGH\u003e\n\t{userland} -\u003e feeder_mixer(0x00200010) -\u003e {hardware}\n\tpcm1:play:dsp1.p0[pcm1:virtual:dsp1.vp0]: spd 44100/48000, fmt 0x00200010, flags 0x10000000, 0x00000029\n\tinterrupts 0, underruns 0, feed 0, ready 0 [b:0/0/0|bs:8192/1024/8]\n\tchannel flags=0x10000000\u003cVIRTUAL\u003e\n\t{userland} -\u003e feeder_root(0x00200010) -\u003e feeder_volume(0x00200010) -\u003e feeder_rate(0x00200010 q:1 44100 -\u003e 48000) -\u003e {hardware}\npcm2: \u003cRealtek ALC887 (Rear Analog)\u003e on hdaa1  (1p:1v/1r:1v) default\n\tsnddev flags=0x2e2\u003cAUTOVCHAN,BUSY,MPSAFE,REGISTERED,VPC\u003e\n\t[pcm2:play:dsp2.p0]: spd 48000, fmt 0x00200010, flags 0x00002100, 0x00000004\n\tinterrupts 412, underruns 0, feed 412, ready 0 [b:2048/1024/2|bs:2048/1024/2]\n\tchannel flags=0x2100\u003cBUSY,HAS_VCHAN\u003e\n\t{userland} -\u003e feeder_mixer(0x00200010) -\u003e {hardware}\n\tpcm2:play:dsp2.p0[pcm2:virtual:dsp2.vp0]: spd 8000/48000, fmt 0x00100008/0x00200010, flags 0x10000000, 0x0000006b\n\tinterrupts 0, underruns 0, feed 0, ready 0 [b:0/0/0|bs:512/64/8]\n\tchannel flags=0x10000000\u003cVIRTUAL\u003e\n\t{userland} -\u003e feeder_root(0x00100008) -\u003e feeder_format(0x00100008 -\u003e 0x00100010) -\u003e feeder_rate(0x00100010 q:1 8000 -\u003e 48000) -\u003e feeder_matrix(1.0 -\u003e 2.0) -\u003e feeder_volume(0x00200010) -\u003e {hardware}\n\t[pcm2:record:dsp2.r0]: spd 48000, fmt 0x00200010, flags 0x00002100, 0x00000005\n\tinterrupts 3809, overruns 0, feed 7618, hfree 512, sfree 512 [b:512/256/2|bs:512/256/2]\n\tchannel flags=0x2100\u003cBUSY,HAS_VCHAN\u003e\n\t{hardware} -\u003e feeder_root(0x00200010) -\u003e feeder_mixer(0x00200010) -\u003e {userland}\n\tpcm2:record:dsp2.r0[pcm2:virtual:dsp2.vr0]: spd 44100/48000, fmt 0x00200010, flags 0x10000000, 0x00000029\n\tinterrupts 0, overruns 0, feed 0, hfree 0, sfree 32768 [b:0/0/0|bs:32768/256/128]\n\tchannel flags=0x10000000\u003cVIRTUAL\u003e\n\t{hardware} -\u003e feeder_root(0x00200010) -\u003e feeder_rate(0x00200010 q:1 48000 -\u003e 44100) -\u003e feeder_volume(0x00200010) -\u003e {userland}\npcm3: \u003cRealtek ALC887 (Front Analog)\u003e on hdaa1  (1p:1v/1r:1v)\n\tsnddev flags=0x2e2\u003cAUTOVCHAN,BUSY,MPSAFE,REGISTERED,VPC\u003e\n\t[pcm3:play:dsp3.p0]: spd 48000, fmt 0x00200010, flags 0x00002100, 0x00000004\n\tinterrupts 992, underruns 0, feed 992, ready 0 [b:2048/1024/2|bs:2048/1024/2]\n\tchannel flags=0x2100\u003cBUSY,HAS_VCHAN\u003e\n\t{userland} -\u003e feeder_mixer(0x00200010) -\u003e {hardware}\n\tpcm3:play:dsp3.p0[pcm3:virtual:dsp3.vp0]: spd 44100/48000, fmt 0x00200010, flags 0x10000000, 0x00000029\n\tinterrupts 0, underruns 0, feed 0, ready 0 [b:0/0/0|bs:8192/1024/8]\n\tchannel flags=0x10000000\u003cVIRTUAL\u003e\n\t{userland} -\u003e feeder_root(0x00200010) -\u003e feeder_volume(0x00200010) -\u003e feeder_rate(0x00200010 q:1 44100 -\u003e 48000) -\u003e {hardware}\n\t[pcm3:record:dsp3.r0]: spd 48000, fmt 0x00200010, flags 0x00002100, 0x00000005\n\tinterrupts 3804, overruns 0, feed 7608, hfree 512, sfree 512 [b:512/256/2|bs:512/256/2]\n\tchannel flags=0x2100\u003cBUSY,HAS_VCHAN\u003e\n\t{hardware} -\u003e feeder_root(0x00200010) -\u003e feeder_mixer(0x00200010) -\u003e {userland}\n\tpcm3:record:dsp3.r0[pcm3:virtual:dsp3.vr0]: spd 44100/48000, fmt 0x00200010, flags 0x10000000, 0x00000029\n\tinterrupts 0, overruns 0, feed 0, hfree 0, sfree 32768 [b:0/0/0|bs:32768/256/128]\n\tchannel flags=0x10000000\u003cVIRTUAL\u003e\n\t{hardware} -\u003e feeder_root(0x00200010) -\u003e feeder_rate(0x00200010 q:1 48000 -\u003e 44100) -\u003e feeder_volume(0x00200010) -\u003e {userland}\npcm4: \u003cRealtek ALC887 (Internal Digital)\u003e on hdaa1  (1p:1v/0r:0v)\n\tsnddev flags=0x2e7\u003cSIMPLEX,AUTOVCHAN,SOFTPCMVOL,BUSY,MPSAFE,REGISTERED,VPC\u003e\n\t[pcm4:play:dsp4.p0]: spd 48000, fmt 0x00200010, flags 0x00006100, 0x00000004\n\tinterrupts 970, underruns 0, feed 970, ready 0 [b:2048/1024/2|bs:2048/1024/2]\n\tchannel flags=0x6100\u003cBUSY,HAS_VCHAN,VCHAN_PASSTHROUGH\u003e\n\t{userland} -\u003e feeder_mixer(0x00200010) -\u003e {hardware}\n\tpcm4:play:dsp4.p0[pcm4:virtual:dsp4.vp0]: spd 44100/48000, fmt 0x00200010, flags 0x10000000, 0x00000029\n\tinterrupts 0, underruns 0, feed 0, ready 0 [b:0/0/0|bs:8192/1024/8]\n\tchannel flags=0x10000000\u003cVIRTUAL\u003e\n\t{userland} -\u003e feeder_root(0x00200010) -\u003e feeder_volume(0x00200010) -\u003e feeder_rate(0x00200010 q:1 44100 -\u003e 48000) -\u003e {hardware}\nNo devices installed from userspace.\n\nthis is a relatively new system with Ryzen 6 core and Asus motherboard.  Sound has been working all along since I built it last year, and no other notable problems observed.  Unfortunately I have seen this audio problem happen in at least one other case as well, after the system had been running for over a month without a reboot, so it may not be related to pulse audio at all.\n\nhowever, the installed version of pulse audio is: pulseaudio-12.2_5\n(I shall grab the latest port version of this to see if it helps)\n\nhere is the dmesg output on last reboot\n\nCopyright (c) 1992-2020 The FreeBSD Project.\nCopyright (c) 1979, 1980, 1983, 1986, 1988, 1989, 1991, 1992, 1993, 1994\n\tThe Regents of the University of California. All rights reserved.\nFreeBSD is a registered trademark of The FreeBSD Foundation.\nFreeBSD 12.1-STABLE r359419 GENERIC amd64\nFreeBSD clang version 9.0.1 (git@github.com:llvm/llvm-project.git c1a0a213378a458fbea1a5c77b315c7dce08fd05) (based on LLVM 9.0.1)\nVT(vga): resolution 640x480\nCPU: AMD Ryzen 5 2600 Six-Core Processor             (3393.71-MHz K8-class CPU)\n  Origin=\"AuthenticAMD\"  Id=0x800f82  Family=0x17  Model=0x8  Stepping=2\n  Features=0x178bfbff\u003cFPU,VME,DE,PSE,TSC,MSR,PAE,MCE,CX8,APIC,SEP,MTRR,PGE,MCA,CMOV,PAT,PSE36,CLFLUSH,MMX,FXSR,SSE,SSE2,HTT\u003e\n  Features2=0x7ed8320b\u003cSSE3,PCLMULQDQ,MON,SSSE3,FMA,CX16,SSE4.1,SSE4.2,MOVBE,POPCNT,AESNI,XSAVE,OSXSAVE,AVX,F16C,RDRAND\u003e\n  AMD Features=0x2e500800\u003cSYSCALL,NX,MMX+,FFXSR,Page1GB,RDTSCP,LM\u003e\n  AMD Features2=0x35c233ff\u003cLAHF,CMP,SVM,ExtAPIC,CR8,ABM,SSE4A,MAS,Prefetch,OSVW,SKINIT,WDT,TCE,Topology,PCXC,PNXC,DBE,PL2I,MWAITX\u003e\n  Structured Extended Features=0x209c01a9\u003cFSGSBASE,BMI1,AVX2,SMEP,BMI2,RDSEED,ADX,SMAP,CLFLUSHOPT,SHA\u003e\n  XSAVE Features=0xf\u003cXSAVEOPT,XSAVEC,XINUSE,XSAVES\u003e\n  AMD Extended Feature Extensions ID EBX=0x1007\u003cCLZERO,IRPerf,XSaveErPtr\u003e\n  SVM: NP,NRIP,VClean,AFlush,DAssist,NAsids=32768\n  TSC: P-state invariant, performance statistics\nreal memory  = 17179869184 (16384 MB)\navail memory = 16552849408 (15786 MB)\nEvent timer \"LAPIC\" quality 600\nACPI APIC Table: \u003cALASKA A M I \u003e\nFreeBSD/SMP: Multiprocessor System Detected: 12 CPUs\nFreeBSD/SMP: 1 package(s) x 2 cache groups x 3 core(s) x 2 hardware threads\nrandom: unblocking device.\nFirmware Warning (ACPI): Optional FADT field Pm2ControlBlock has valid Length but zero Address: 0x0000000000000000/0x1 (20191213/tbfadt-796)\nioapic0 \u003cVersion 2.1\u003e irqs 0-23 on motherboard\nioapic1 \u003cVersion 2.1\u003e irqs 24-55 on motherboard\nLaunching APs: 9 7 8 11 10 6 2 1 4 5 3\nTimecounter \"TSC-low\" frequency 1696856819 Hz quality 1000\nrandom: entropy device external interface\nkbd1 at kbdmux0\n000.000023 [4336] netmap_init               netmap: loaded module\n[ath_hal] loaded\nmodule_register_init: MOD_LOAD (vesa, 0xffffffff81118130, 0) error 19\nrandom: registering fast source Intel Secure Key RNG\nrandom: fast provider: \"Intel Secure Key RNG\"\nnexus0\nvtvga0: \u003cVT VGA driver\u003e on motherboard\ncryptosoft0: \u003csoftware crypto\u003e on motherboard\nacpi0: \u003cALASKA A M I \u003e on motherboard\nacpi0: Power Button (fixed)\ncpu0: \u003cACPI CPU\u003e on acpi0\nattimer0: \u003cAT timer\u003e port 0x40-0x43 irq 0 on acpi0\nTimecounter \"i8254\" frequency 1193182 Hz quality 0\nEvent timer \"i8254\" frequency 1193182 Hz quality 100\natrtc0: \u003cAT realtime clock\u003e port 0x70-0x71 on acpi0\natrtc0: registered as a time-of-day clock, resolution 1.000000s\nEvent timer \"RTC\" frequency 32768 Hz quality 0\nhpet0: \u003cHigh Precision Event Timer\u003e iomem 0xfed00000-0xfed003ff irq 0,8 on acpi0\nTimecounter \"HPET\" frequency 14318180 Hz quality 950\nEvent timer \"HPET\" frequency 14318180 Hz quality 350\nEvent timer \"HPET1\" frequency 14318180 Hz quality 350\nEvent timer \"HPET2\" frequency 14318180 Hz quality 350\nTimecounter \"ACPI-fast\" frequency 3579545 Hz quality 900\nacpi_timer0: \u003c32-bit timer at 3.579545MHz\u003e port 0x808-0x80b on acpi0\npcib0: \u003cACPI Host-PCI bridge\u003e port 0xcf8-0xcff on acpi0\npci0: \u003cACPI PCI bus\u003e on pcib0\npci0: \u003cbase peripheral, IOMMU\u003e at device 0.2 (no driver attached)\npcib1: \u003cACPI PCI-PCI bridge\u003e at device 1.3 on pci0\npci1: \u003cACPI PCI bus\u003e on pcib1\nxhci0: \u003cXHCI (generic) USB 3.0 controller\u003e mem 0xf76a0000-0xf76a7fff irq 32 at device 0.0 on pci1\nxhci0: 32 bytes context size, 64-bit DMA\nxhci0: Unable to map MSI-X table \nusbus0 on xhci0\nusbus0: 5.0Gbps Super Speed USB v3.0\nahci0: \u003cAHCI SATA controller\u003e mem 0xf7680000-0xf769ffff irq 33 at device 0.1 on pci1\nahci0: AHCI v1.31 with 8 6Gbps ports, Port Multiplier supported\nahcich0: \u003cAHCI channel\u003e at channel 0 on ahci0\nahcich1: \u003cAHCI channel\u003e at channel 1 on ahci0\nahcich4: \u003cAHCI channel\u003e at channel 4 on ahci0\nahcich5: \u003cAHCI channel\u003e at channel 5 on ahci0\npcib2: \u003cACPI PCI-PCI bridge\u003e irq 34 at device 0.2 on pci1\npci2: \u003cACPI PCI bus\u003e on pcib2\npcib3: \u003cACPI PCI-PCI bridge\u003e irq 32 at device 0.0 on pci2\npci3: \u003cACPI PCI bus\u003e on pcib3\nre0: \u003cRealTek 8168/8111 B/C/CP/D/DP/E/F/G PCIe Gigabit Ethernet\u003e port 0xf000-0xf0ff mem 0xf7504000-0xf7504fff,0xf7500000-0xf7503fff irq 32 at device 0.0 on pci3\nre0: Using 1 MSI-X message\nre0: Chip rev. 0x54000000\nre0: MAC rev. 0x00100000\nmiibus0: \u003cMII bus\u003e on re0\nrgephy0: \u003cRTL8251/8153 1000BASE-T media interface\u003e PHY 1 on miibus0\nrgephy0:  none, 10baseT, 10baseT-FDX, 10baseT-FDX-flow, 100baseTX, 100baseTX-FDX, 100baseTX-FDX-flow, 1000baseT-FDX, 1000baseT-FDX-master, 1000baseT-FDX-flow, 1000baseT-FDX-flow-master, auto, auto-flow\nre0: Using defaults for TSO: 65518/35/2048\nre0: Ethernet address: 04:92:26:4d:0c:77\nre0: netmap queues/slots: TX 1/256, RX 1/256\npcib4: \u003cACPI PCI-PCI bridge\u003e irq 33 at device 1.0 on pci2\npci4: \u003cACPI PCI bus\u003e on pcib4\npcib5: \u003cACPI PCI-PCI bridge\u003e irq 32 at device 4.0 on pci2\npci5: \u003cACPI PCI bus\u003e on pcib5\npcib6: \u003cACPI PCI-PCI bridge\u003e irq 34 at device 6.0 on pci2\npci6: \u003cACPI PCI bus\u003e on pcib6\npcib7: \u003cACPI PCI-PCI bridge\u003e irq 35 at device 7.0 on pci2\npci7: \u003cACPI PCI bus\u003e on pcib7\npcib8: \u003cACPI PCI-PCI bridge\u003e at device 3.1 on pci0\npci8: \u003cACPI PCI bus\u003e on pcib8\nvgapci0: \u003cVGA-compatible display\u003e port 0xe000-0xe07f mem 0xf6000000-0xf6ffffff,0xe8000000-0xefffffff,0xf0000000-0xf1ffffff irq 54 at device 0.0 on pci8\nvgapci0: Boot video device\nhdac0: \u003cNVIDIA (0x0e0f) HDA Controller\u003e mem 0xf7080000-0xf7083fff irq 55 at device 0.1 on pci8\npcib9: \u003cACPI PCI-PCI bridge\u003e at device 7.1 on pci0\npci9: \u003cACPI PCI bus\u003e on pcib9\npci9: \u003cunknown\u003e at device 0.0 (no driver attached)\npci9: \u003cencrypt/decrypt\u003e at device 0.2 (no driver attached)\nxhci1: \u003cXHCI (generic) USB 3.0 controller\u003e mem 0xf7200000-0xf72fffff irq 37 at device 0.3 on pci9\nxhci1: 64 bytes context size, 64-bit DMA\nxhci1: Unable to map MSI-X table \nusbus1 on xhci1\nusbus1: 5.0Gbps Super Speed USB v3.0\npcib10: \u003cACPI PCI-PCI bridge\u003e at device 8.1 on pci0\npci10: \u003cACPI PCI bus\u003e on pcib10\npci10: \u003cunknown\u003e at device 0.0 (no driver attached)\nahci1: \u003cAMD KERNCZ AHCI SATA controller\u003e mem 0xf7708000-0xf7708fff irq 42 at device 0.2 on pci10\nahci1: AHCI v1.31 with 1 6Gbps ports, Port Multiplier supported with FBS\nahcich8: \u003cAHCI channel\u003e at channel 0 on ahci1\nhdac1: \u003cAMD (0x1457) HDA Controller\u003e mem 0xf7700000-0xf7707fff irq 43 at device 0.3 on pci10\nisab0: \u003cPCI-ISA bridge\u003e at device 20.3 on pci0\nisa0: \u003cISA bus\u003e on isab0\nacpi_button0: \u003cPower Button\u003e on acpi0\nuart2: \u003c16x50 with 256 byte FIFO\u003e iomem 0xfedc9000-0xfedc9fff,0xfedc7000-0xfedc7fff irq 3 on acpi0\nuart3: \u003c16x50 with 256 byte FIFO\u003e iomem 0xfedca000-0xfedcafff,0xfedc8000-0xfedc8fff irq 4 on acpi0\nuart4: \u003c16x50 with 256 byte FIFO\u003e iomem 0xfedce000-0xfedcefff,0xfedcc000-0xfedccfff irq 3 on acpi0\nuart5: \u003c16x50 with 256 byte FIFO\u003e iomem 0xfedcf000-0xfedcffff,0xfedcd000-0xfedcdfff irq 4 on acpi0\nuart0: \u003c16550 or compatible\u003e port 0x3f8-0x3ff irq 4 flags 0x10 on acpi0\natkbdc0: \u003cKeyboard controller (i8042)\u003e at port 0x60,0x64 on isa0\natkbd0: \u003cAT Keyboard\u003e irq 1 on atkbdc0\nkbd0 at atkbd0\natkbd0: [GIANT-LOCKED]\natkbdc0: non-PNP ISA device will be removed from GENERIC in FreeBSD 12.\nhwpstate0: \u003cCool`n'Quiet 2.0\u003e on cpu0\nZFS filesystem version: 5\nZFS storage pool version: features support (5000)\nTimecounters tick every 1.000 msec\nhdacc0: \u003cNVIDIA (0x0051) HDA CODEC\u003e at cad 0 on hdac0\nhdaa0: \u003cNVIDIA (0x0051) Audio Function Group\u003e at nid 1 on hdacc0\npcm0: \u003cNVIDIA (0x0051) (HDMI/DP 8ch)\u003e at nid 4 on hdaa0\npcm1: \u003cNVIDIA (0x0051) (HDMI/DP 8ch)\u003e at nid 5 on hdaa0\nhdacc1: \u003cRealtek ALC887 HDA CODEC\u003e at cad 0 on hdac1\nhdaa1: \u003cRealtek ALC887 Audio Function Group\u003e at nid 1 on hdacc1\npcm2: \u003cRealtek ALC887 (Rear Analog)\u003e at nid 20 and 24,26 on hdaa1\npcm3: \u003cRealtek ALC887 (Front Analog)\u003e at nid 27 and 25 on hdaa1\npcm4: \u003cRealtek ALC887 (Internal Digital)\u003e at nid 17 on hdaa1\nugen0.1: \u003c0x1022 XHCI root HUB\u003e at usbus0\nTrying to mount root from zfs:zroot/ROOT/default []...\nRoot mount waiting for: usbus0 CAM usbus1\nuhub0: \u003c0x1022 XHCI root HUB, class 9/0, rev 3.00/1.00, addr 1\u003e on usbus0\nugen1.1: \u003c0x1022 XHCI root HUB\u003e at usbus1\nuhub1: \u003c0x1022 XHCI root HUB, class 9/0, rev 3.00/1.00, addr 1\u003e on usbus1\nada0 at ahcich0 bus 0 scbus0 target 0 lun 0\nada0: \u003cWDC WD2003FYYS-70W0B0 HPG3\u003e ATA8-ACS SATA 2.x device\nada0: Serial Number WD-WMAY04927842\nada0: 300.000MB/s transfers (SATA 2.x, UDMA6, PIO 8192bytes)\nada0: Command Queueing enabled\nada0: 1907729MB (3907029168 512 byte sectors)\ncd0 at ahcich4 bus 0 scbus2 target 0 lun 0\ncd0: \u003cASUS DRW-24B1ST   j 1.11\u003e Removable CD-ROM SCSI device\ncd0: Serial Number JBD0KQ014076\ncd0: 150.000MB/s transfers (SATA 1.x, UDMA6, ATAPI 12bytes, PIO 8192bytes)\ncd0: Attempt to query device size failed: NOT READY, Medium not present - tray closed\nuhub1: 8 ports with 8 removable, self powered\nuhub0: 22 ports with 22 removable, self powered\nRoot mount waiting for: usbus0\nugen0.2: \u003cvendor 0x13ba Barcode Reader\u003e at usbus0\nukbd0 on uhub0\nukbd0: \u003cvendor 0x13ba Barcode Reader, class 0/0, rev 1.10/0.01, addr 1\u003e on usbus0\nkbd2 at ukbd0\nSetting hostuuid: 7ec5043d-7771-f7cf-7359-0492264d0c77.\nSetting hostid: 0x40159d2f.\nStarting file system checks:\nMounting local filesystems:.\nELF ldconfig path: /lib /usr/lib /usr/lib/compat /usr/local/lib /usr/local/lib/gcc8 /usr/local/lib/graphviz /usr/local/lib/mysql /usr/local/lib/nss /usr/local/lib/opencollada /usr/local/lib/perl5/5.28/mach/CORE /usr/local/lib/qt5 /usr/local/lib/samba4 /usr/local/lib/vtk-6.2 /usr/local/llvm60/lib /usr/local/llvm80/lib /usr/local/share/chromium\n32-bit compatibility ldconfig path: /usr/lib32\nLoading kernel modules:\namdsmn0: \u003cAMD Family 17h System Management Network\u003e on hostb0\namdtemp0: \u003cAMD CPU On-Die Thermal Sensors\u003e on hostb0\nnvidia0: \u003cGeForce GT 710\u003e on vgapci0\nvgapci0: child nvidia0 requested pci_enable_io\nvgapci0: child nvidia0 requested pci_enable_io\nnvidia-modeset: Loading NVIDIA Kernel Mode Setting Driver for UNIX platforms  390.87  Tue Aug 21 15:53:31 PDT 2018\nSetting hostname: (computer host name).\nAdditional TCP/IP options: ipv4-mapped-ipv6=YES.\nSetting up harvesting: PURE_RDRAND,[UMA],[FS_ATIME],SWI,INTERRUPT,NET_NG,NET_ETHER,NET_TUN,MOUSE,KEYBOARD,ATTACH,CACHED\nFeeding entropy: .\nlo0: link state changed to UP\nre0: link state changed to DOWN\nStarting Network: lo0 re0.\nlo0: flags=8049\u003cUP,LOOPBACK,RUNNING,MULTICAST\u003e metric 0 mtu 16384\n\toptions=680003\u003cRXCSUM,TXCSUM,LINKSTATE,RXCSUM_IPV6,TXCSUM_IPV6\u003e\n\tinet6 ::1 prefixlen 128\n\tinet6 fe80::1%lo0 prefixlen 64 scopeid 0x2\n\tinet 127.0.0.1 netmask 0xff000000\n\tgroups: lo\n\tnd6 options=21\u003cPERFORMNUD,AUTO_LINKLOCAL\u003e\nre0: flags=8843\u003cUP,BROADCAST,RUNNING,SIMPLEX,MULTICAST\u003e metric 0 mtu 1500\n\toptions=8209b\u003cRXCSUM,TXCSUM,VLAN_MTU,VLAN_HWTAGGING,VLAN_HWCSUM,WOL_MAGIC,LINKSTATE\u003e\n\tether 04:92:26:4d:0c:77\n\tinet6 2001:470:d:c9c::3 prefixlen 64\n\tinet6 fe80::692:26ff:fe4d:c77%re0 prefixlen 64 scopeid 0x1\n\tmedia: Ethernet autoselect (none)\n\tstatus: no carrier\n\tnd6 options=21\u003cPERFORMNUD,AUTO_LINKLOCAL\u003e\nStarting devd.\nAutoloading module: intpm.ko\nintsmb0: \u003cAMD FCH SMBus Controller\u003e at device 20.0 on pci0\nsmbus0: \u003cSystem Management Bus\u003e on intsmb0\nConfiguring vt: keyrate.\nAutoloading module: uhid.ko\nAutoloading module: ums.ko\nums0 on uhub0\nums0: \u003cvendor 0x13ba Barcode Reader, class 0/0, rev 1.10/0.01, addr 1\u003e on usbus0\nadd host 127.0.0.1: gateway lo0 fib 0: route already in table\nadd host ::1: gateway lo0 fib 0: route already in table\nadd net fe80::: gateway ::1\nadd net ff02::: gateway ::1\nadd net ::ffff:0.0.0.0: gateway ::1\nadd net ::0.0.0.0: gateway ::1\nadd net default: gateway 2001:470:d:c9c::1\nums0: 5 buttons and [XYZ] coordinates ID=1\nWaiting 30s for the default route interface: \nre0: link state changed to UP\n.(re0)\nCreating and/or trimming log files.\nStarting syslogd.\nNo core dumps found.\nAdditional ABI support: linux.\nClearing /tmp.\nStarting dbus.\nUpdating motd:.\nMounting late filesystems:.\nSecurity policy loaded: MAC/ntpd (mac_ntpd)\nStarting ntpd.\nUpdating /var/run/os-release done.\nStarting powerd.\nPerforming sanity check on Samba configuration: OK\nStarting nmbd.\nStarting smbd.\nStarting winbindd.\nStarting rsyncd.\nPerforming sanity check on sshd configuration.\nStarting sshd.\nLOG:  ending log output to stderr\nHINT:  Future log output will go to log destination \"syslog\".\nStarting hald.\nStarting cupsd.\nPerforming sanity check on apache24 configuration:\nSyntax OK\nStarting apache24.\nConfiguring vt: keyrate.\nStarting sendmail_submit.\nStarting sendmail_msp_queue.\nStarting cron.\nStarting background file system checks in 60 seconds.\n\nkldstat output:\nId Refs Address                Size Name\n 1   56 0xffffffff80200000  226f260 kernel\n 2    1 0xffffffff82470000   3ad5d8 zfs.ko\n 3    2 0xffffffff8281e000     a430 opensolaris.ko\n 4    1 0xffffffff82b21000     1480 amdtemp.ko\n 5    1 0xffffffff82b23000      818 amdsmn.ko\n 6    2 0xffffffff82b24000   c42988 nvidia.ko\n 7    2 0xffffffff83767000    3d620 linux.ko\n 8    4 0xffffffff837a5000     3148 linux_common.ko\n 9    1 0xffffffff837a9000    f4ef0 nvidia-modeset.ko\n10    1 0xffffffff8389e000     2658 intpm.ko\n11    1 0xffffffff838a1000      b60 smbus.ko\n12    1 0xffffffff838a2000     1880 uhid.ko\n13    1 0xffffffff838a4000     2968 ums.ko\n14    3 0xffffffff838a7000    520e0 vboxdrv.ko\n15    2 0xffffffff838fa000     2ce0 vboxnetflt.ko\n16    2 0xffffffff838fd000     9be0 netgraph.ko\n17    1 0xffffffff83907000     16e0 ng_ether.ko\n18    1 0xffffffff83909000     3f20 vboxnetadp.ko\n19    1 0xffffffff8390d000    35490 linux64.ko\n20    1 0xffffffff83943000      acf mac_ntpd.ko"
}