{
 "id": 490008,
 "bug_id": 132722,
 "attachment_id": 0,
 "creation_time": "2009-03-17T10:36:51Z",
 "creator": "guru@unixarea.de",
 "text": "as requested the output of dmesg(1) and the ath0 related part of\n'pciconf -lv'; pls note also that the Wifi works fine in general, i.e.\nwith the AP in my office (WPA) and in my home (WEP);\n\n\nCopyright (c) 1992-2009 The FreeBSD Project.\nCopyright (c) 1979, 1980, 1983, 1986, 1988, 1989, 1991, 1992, 1993, 1994\n\tThe Regents of the University of California. All rights reserved.\nFreeBSD is a registered trademark of The FreeBSD Foundation.\nFreeBSD 7.1-STABLE #1: Tue Mar 10 11:42:48 CET 2009\n    guru@rebelion.Sisis.de:/usr/src/sys/i386/compile/REBELION\nTimecounter \"i8254\" frequency 1193182 Hz quality 0\nCPU: Intel(R) Celeron(R) M processor          900MHz (900.10-MHz 686-class CPU)\n  Origin = \"GenuineIntel\"  Id = 0x6d8  Stepping = 8\n  Features=0xafe9fbff\u003cFPU,VME,DE,PSE,TSC,MSR,PAE,MCE,CX8,APIC,SEP,MTRR,PGE,MCA,CMOV,PAT,CLFLUSH,DTS,ACPI,MMX,FXSR,SSE,SSE2,SS,TM,PBE\u003e\n  AMD Features=0x100000\u003cNX\u003e\nreal memory  = 1064828928 (1015 MB)\navail memory = 1028284416 (980 MB)\nACPI APIC Table: \u003cA M I  OEMAPIC \u003e\nioapic0 \u003cVersion 2.0\u003e irqs 0-23 on motherboard\nkbd1 at kbdmux0\nacpi0: \u003cA M I OEMRSDT\u003e on motherboard\nacpi0: [ITHREAD]\nacpi0: Power Button (fixed)\nacpi0: reservation of 0, a0000 (3) failed\nacpi0: reservation of 100000, 3f700000 (3) failed\nTimecounter \"ACPI-safe\" frequency 3579545 Hz quality 850\nacpi_timer0: \u003c24-bit timer at 3.579545MHz\u003e port 0x808-0x80b on acpi0\nacpi_ec0: \u003cEmbedded Controller: GPE 0x18\u003e port 0x62,0x66 on acpi0\npcib0: \u003cACPI Host-PCI bridge\u003e port 0xcf8-0xcff on acpi0\npci0: \u003cACPI PCI bus\u003e on pcib0\nvgapci0: \u003cVGA-compatible display\u003e port 0xec00-0xec07 mem 0xf7f00000-0xf7f7ffff,0xd0000000-0xdfffffff,0xf7ec0000-0xf7efffff irq 16 at device 2.0 on pci0\nagp0: \u003cIntel 82915GM (915GM GMCH) SVGA controller\u003e on vgapci0\nagp0: detected 7932k stolen memory\nagp0: aperture size is 256M\nvgapci1: \u003cVGA-compatible display\u003e mem 0xf7f80000-0xf7ffffff at device 2.1 on pci0\nhdac0: \u003cIntel 82801F High Definition Audio Controller\u003e mem 0xf7eb8000-0xf7ebbfff irq 16 at device 27.0 on pci0\nhdac0: HDA Driver Revision: 20090131_0127\nhdac0: [ITHREAD]\npcib1: \u003cACPI PCI-PCI bridge\u003e irq 16 at device 28.0 on pci0\npci3: \u003cACPI PCI bus\u003e on pcib1\npcib2: \u003cACPI PCI-PCI bridge\u003e irq 18 at device 28.2 on pci0\npci1: \u003cACPI PCI bus\u003e on pcib2\nath0: \u003cAtheros 5424/2424\u003e mem 0xfbff0000-0xfbffffff irq 18 at device 0.0 on pci1\nath0: [ITHREAD]\nath0: WARNING: using obsoleted if_watchdog interface\nath0: Ethernet address: 00:15:af:b2:ae:e6\nath0: mac 14.2 phy 7.0 radio 10.2\nuhci0: \u003cIntel 82801FB/FR/FW/FRW (ICH6) USB controller USB-A\u003e port 0xe400-0xe41f irq 23 at device 29.0 on pci0\nuhci0: [GIANT-LOCKED]\nuhci0: [ITHREAD]\nusb0: \u003cIntel 82801FB/FR/FW/FRW (ICH6) USB controller USB-A\u003e on uhci0\nusb0: USB revision 1.0\nuhub0: \u003cIntel UHCI root hub, class 9/0, rev 1.00/1.00, addr 1\u003e on usb0\nuhub0: 2 ports with 2 removable, self powered\nuhci1: \u003cIntel 82801FB/FR/FW/FRW (ICH6) USB controller USB-B\u003e port 0xe480-0xe49f irq 19 at device 29.1 on pci0\nuhci1: [GIANT-LOCKED]\nuhci1: [ITHREAD]\nusb1: \u003cIntel 82801FB/FR/FW/FRW (ICH6) USB controller USB-B\u003e on uhci1\nusb1: USB revision 1.0\nuhub1: \u003cIntel UHCI root hub, class 9/0, rev 1.00/1.00, addr 1\u003e on usb1\nuhub1: 2 ports with 2 removable, self powered\nuhci2: \u003cIntel 82801FB/FR/FW/FRW (ICH6) USB controller USB-C\u003e port 0xe800-0xe81f irq 18 at device 29.2 on pci0\nuhci2: [GIANT-LOCKED]\nuhci2: [ITHREAD]\nusb2: \u003cIntel 82801FB/FR/FW/FRW (ICH6) USB controller USB-C\u003e on uhci2\nusb2: USB revision 1.0\nuhub2: \u003cIntel UHCI root hub, class 9/0, rev 1.00/1.00, addr 1\u003e on usb2\nuhub2: 2 ports with 2 removable, self powered\nuhci3: \u003cIntel 82801FB/FR/FW/FRW (ICH6) USB controller USB-D\u003e port 0xe880-0xe89f irq 16 at device 29.3 on pci0\nuhci3: [GIANT-LOCKED]\nuhci3: [ITHREAD]\nusb3: \u003cIntel 82801FB/FR/FW/FRW (ICH6) USB controller USB-D\u003e on uhci3\nusb3: USB revision 1.0\nuhub3: \u003cIntel UHCI root hub, class 9/0, rev 1.00/1.00, addr 1\u003e on usb3\nuhub3: 2 ports with 2 removable, self powered\nehci0: \u003cIntel 82801FB (ICH6) USB 2.0 controller\u003e mem 0xf7eb7c00-0xf7eb7fff irq 23 at device 29.7 on pci0\nehci0: [GIANT-LOCKED]\nehci0: [ITHREAD]\nusb4: EHCI version 1.0\nusb4: companion controllers, 2 ports each: usb0 usb1 usb2 usb3\nusb4: \u003cIntel 82801FB (ICH6) USB 2.0 controller\u003e on ehci0\nusb4: USB revision 2.0\nuhub4: \u003cIntel EHCI root hub, class 9/0, rev 2.00/1.00, addr 1\u003e on usb4\nuhub4: 8 ports with 8 removable, self powered\numass0: \u003cENE UB6225, class 0/0, rev 2.00/1.00, addr 2\u003e on uhub4\npcib3: \u003cACPI PCI-PCI bridge\u003e at device 30.0 on pci0\npci4: \u003cACPI PCI bus\u003e on pcib3\nisab0: \u003cPCI-ISA bridge\u003e at device 31.0 on pci0\nisa0: \u003cISA bus\u003e on isab0\natapci0: \u003cIntel ICH6M SATA150 controller\u003e port 0x1f0-0x1f7,0x3f6,0x170-0x177,0x376,0xffa0-0xffaf at device 31.2 on pci0\nata0: \u003cATA channel 0\u003e on atapci0\nata0: [ITHREAD]\nata1: \u003cATA channel 1\u003e on atapci0\nata1: [ITHREAD]\npci0: \u003cserial bus, SMBus\u003e at device 31.3 (no driver attached)\nacpi_asus0: \u003cASUS EeePC\u003e on acpi0\nacpi_lid0: \u003cControl Method Lid Switch\u003e on acpi0\nacpi_button0: \u003cSleep Button\u003e on acpi0\nacpi_button1: \u003cPower Button\u003e on acpi0\nacpi_tz0: \u003cThermal Zone\u003e on acpi0\nbattery0: \u003cACPI Control Method Battery\u003e on acpi0\nacpi_acad0: \u003cAC Adapter\u003e on acpi0\natkbdc0: \u003cKeyboard controller (i8042)\u003e port 0x60,0x64 irq 1 on acpi0\natkbd0: \u003cAT Keyboard\u003e irq 1 on atkbdc0\nkbd0 at atkbd0\natkbd0: [GIANT-LOCKED]\natkbd0: [ITHREAD]\npsm0: \u003cPS/2 Mouse\u003e irq 12 on atkbdc0\npsm0: [GIANT-LOCKED]\npsm0: [ITHREAD]\npsm0: model IntelliMouse, device ID 3\ncpu0: \u003cACPI CPU\u003e on acpi0\np4tcc0: \u003cCPU Frequency Thermal Control\u003e on cpu0\npmtimer0 on isa0\norm0: \u003cISA Option ROM\u003e at iomem 0xc0000-0xcf7ff pnpid ORM0000 on isa0\nppc0: parallel port not found.\nsc0: \u003cSystem console\u003e at flags 0x100 on isa0\nsc0: VGA \u003c16 virtual consoles, flags=0x300\u003e\nsio0: configured irq 4 not in bitmap of probed irqs 0\nsio0: port may not be enabled\nsio0: configured irq 4 not in bitmap of probed irqs 0\nsio0: port may not be enabled\nsio0 at port 0x3f8-0x3ff irq 4 flags 0x10 on isa0\nsio0: type 8250 or not responding\nsio0: [FILTER]\nsio1: configured irq 3 not in bitmap of probed irqs 0\nsio1: port may not be enabled\nvga0: \u003cGeneric ISA VGA\u003e at port 0x3c0-0x3df iomem 0xa0000-0xbffff on isa0\nTimecounter \"TSC\" frequency 900097206 Hz quality 800\nTimecounters tick every 10.000 msec\nad2: FAILURE - SET_MULTI status=51\u003cREADY,DSC,ERROR\u003e error=4\u003cABORTED\u003e\nad2: 3847MB \u003cASUS-PHISON OB SSD TST2.04P\u003e at ata1-master UDMA66\nad3: FAILURE - SET_MULTI status=51\u003cREADY,DSC,ERROR\u003e error=4\u003cABORTED\u003e\nad3: 15391MB \u003cASUS-PHISON SSD TST2.04P\u003e at ata1-slave UDMA66\nhdac0: HDA Codec #0: Realtek ALC662\npcm0: \u003cHDA Realtek ALC662 PCM #0 Analog\u003e at cad 0 nid 1 on hdac0\n(probe0:umass-sim0:0:0:0): TEST UNIT READY. CDB: 0 0 0 0 0 0 \n(probe0:umass-sim0:0:0:0): CAM Status: SCSI Status Error\n(probe0:umass-sim0:0:0:0): SCSI Status: Check Condition\n(probe0:umass-sim0:0:0:0): NOT READY asc:3a,0\n(probe0:umass-sim0:0:0:0): Medium not present\n(probe0:umass-sim0:0:0:0): Unretryable error\nda0 at umass-sim0 bus 0 target 0 lun 0\nda0: \u003cUSB2.0 CardReader SD0 0100\u003e Removable Direct Access SCSI-0 device \nda0: 40.000MB/s transfers\nda0: Attempt to query device size failed: NOT READY, Medium not present\nTrying to mount root from ufs:/dev/ad2s1a\nath0: link state changed to UP\n\n\n\nath0@pci0:1:0:0:\tclass=0x020000 card=0x10261a3b chip=0x001c168c rev=0x01 hdr=0x00\n    vendor     = 'Atheros Communications Inc.'\n    device     = 'AR5006 family 802.11abg Wireless NIC'\n    class      = network\n    subclass   = ethernet\n\n\n\tmatthias"
}