{
 "id": 415183,
 "bug_id": 117418,
 "attachment_id": 0,
 "creation_time": "2007-10-23T10:10:01Z",
 "creator": "rokernel@yahoo.com",
 "text": "Hello,\nI have 2 servers with amd64 4400+ procesor with diferent mainboards..\neverything works fine until i connect remotely to ssh then after a few\ncommands the system crash i can`t fine anything in the logs.\n\nA paste of dmesg is show down.\nCopyright (c) 1992-2007 The FreeBSD Project.\nCopyright (c) 1979, 1980, 1983, 1986, 1988, 1989, 1991, 1992, 1993, 1994\n        The Regents of the University of California. All rights reserved.\nFreeBSD is a registered trademark of The FreeBSD Foundation.\nFreeBSD 6.2-RELEASE-p8 #0: Tue Oct 23 03:16:25 EEST 2007\n    root@marasti-1f.east.utcluj.ro:/usr/src/sys/amd64/compile/SMP\nACPI APIC Table: \u003cGBT    NVDAACPI\u003e\nTimecounter \"i8254\" frequency 1193182 Hz quality 0\nCPU: AMD Athlon(tm) 64 X2 Dual Core Processor 4400+ (2310.53-MHz K8-class CPU)\n  Origin = \"AuthenticAMD\"  Id = 0x60fb1  Stepping = 1\n  Features=0x178bfbff\u003cFPU,VME,DE,PSE,TSC,MSR,PAE,MCE,CX8,APIC,SEP,MTRR,PGE,MCA,CMOV,PAT,PSE36,CLFLUSH,MMX,FXSR,SSE,SSE2,HTT\u003e\n  Features2=0x2001\u003cSSE3,CX16\u003e\n  AMD Features=0xea500800\u003cSYSCALL,NX,MMX+,FFXSR,RDTSCP,LM,3DNow+,3DNow\u003e\n  AMD Features2=0x11f\u003cLAHF,CMP,\u003cb2\u003e,\u003cb3\u003e,CR8,\u003cb8\u003e\u003e\n  Cores per package: 2\nreal memory  = 2080309248 (1983 MB)\navail memory = 1998008320 (1905 MB)\nFreeBSD/SMP: Multiprocessor System Detected: 2 CPUs\n cpu0 (BSP): APIC ID:  0\n cpu1 (AP): APIC ID:  1\nioapic0: Changing APIC ID to 2\nioapic0 \u003cVersion 1.1\u003e irqs 0-23 on motherboard\nkbd1 at kbdmux0\nacpi0: \u003cGBT NVDAACPI\u003e on motherboard\nacpi_bus_number: can't get _ADR\nacpi_bus_number: can't get _ADR\nacpi0: Power Button (fixed)\nacpi_bus_number: can't get _ADR\nacpi_bus_number: can't get _ADR\n    ACPI-0501: *** Error: Handler for [SystemMemory] returned AE_AML_ALIGNMENT\n    ACPI-1304: *** Error: Method execution failed [\\\\_SB_.MEM_._CRS] (Node 0xffffff0000b36d80), AE_AML_ALIGNMENT\n    ACPI-0239: *** Error: Method execution failed [\\\\_SB_.MEM_._CRS] (Node 0xffffff0000b36d80), AE_AML_ALIGNMENT\ncan't fetch resources for \\\\_SB_.MEM_ - AE_AML_ALIGNMENT\nTimecounter \"ACPI-fast\" frequency 3579545 Hz quality 1000\nacpi_timer0: \u003c24-bit timer at 3.579545MHz\u003e port 0x1008-0x100b on acpi0\ncpu0: \u003cACPI CPU\u003e on acpi0\ncpu1: \u003cACPI CPU\u003e on acpi0\nacpi_button0: \u003cPower Button\u003e on acpi0\npcib0: \u003cACPI Host-PCI bridge\u003e port 0xcf8-0xcff on acpi0\npci0: \u003cACPI PCI bus\u003e on pcib0\npci0: \u003cmemory, RAM\u003e at device 0.0 (no driver attached)\nisab0: \u003cPCI-ISA bridge\u003e at device 1.0 on pci0\nisa0: \u003cISA bus\u003e on isab0\npci0: \u003cserial bus, SMBus\u003e at device 1.1 (no driver attached)\npci0: \u003cmemory, RAM\u003e at device 1.2 (no driver attached)\npci0: \u003cserial bus, USB\u003e at device 2.0 (no driver attached)\npci0: \u003cserial bus, USB\u003e at device 2.1 (no driver attached)\npcib1: \u003cACPI PCI-PCI bridge\u003e at device 4.0 on pci0\npci1: \u003cACPI PCI bus\u003e on pcib1\nrl0: \u003cRealTek 8139 10/100BaseTX\u003e port 0xa000-0xa0ff mem 0xf4004000-0xf40040ff irq 16 at device 6.0 on pci1\nmiibus0: \u003cMII bus\u003e on rl0\nrlphy0: \u003cRealTek internal media interface\u003e on miibus0\nrlphy0:  10baseT, 10baseT-FDX, 100baseTX, 100baseTX-FDX, auto\nrl0: Ethernet address: 4c:00:10:74:b9:27\nrl1: \u003cRealTek 8139 10/100BaseTX\u003e port 0xa400-0xa4ff mem 0xf4006000-0xf40060ff irq 17 at device 7.0 on pci1\nmiibus1: \u003cMII bus\u003e on rl1\nrlphy1: \u003cRealTek internal media interface\u003e on miibus1\nrlphy1:  10baseT, 10baseT-FDX, 100baseTX, 100baseTX-FDX, auto\nrl1: Ethernet address: 4c:00:10:3a:b1:77\npci1: \u003cserial bus, FireWire\u003e at device 14.0 (no driver attached)\npci0: \u003cmultimedia\u003e at device 5.0 (no driver attached)\natapci0: \u003cGENERIC ATA controller\u003e port 0x1f0-0x1f7,0x3f6,0x170-0x177,0x376,0xf000-0xf00f at device 6.0 on pci0\nata0: \u003cATA channel 0\u003e on atapci0\nata1: \u003cATA channel 1\u003e on atapci0\npci0: \u003cbridge\u003e at device 7.0 (no driver attached)\natapci1: \u003cGENERIC ATA controller\u003e port 0x9f0-0x9f7,0xbf0-0xbf3,0x970-0x977,0xb70-0xb73,0xd000-0xd00f mem 0xf7008000-0xf7008fff irq 21 at device 8.0 on pci0\nata2: \u003cATA channel 0\u003e on atapci1\nata3: \u003cATA channel 1\u003e on atapci1\natapci2: \u003cGENERIC ATA controller\u003e port 0x9e0-0x9e7,0xbe0-0xbe3,0x960-0x967,0xb60-0xb63,0xe400-0xe40f mem 0xf7004000-0xf7004fff irq 22 at device 8.1 on pci0\nata4: \u003cATA channel 0\u003e on atapci2\nata5: \u003cATA channel 1\u003e on atapci2\npci0: \u003cdisplay, VGA\u003e at device 13.0 (no driver attached)\natkbdc0: \u003cKeyboard controller (i8042)\u003e port 0x60,0x64 irq 1 on acpi0\natkbd0: \u003cAT Keyboard\u003e irq 1 on atkbdc0\nkbd0 at atkbd0\natkbd0: [GIANT-LOCKED]\nsc0: \u003cSystem console\u003e at flags 0x100 on isa0\nsc0: VGA \u003c16 virtual consoles, flags=0x300\u003e\nvga0: \u003cGeneric ISA VGA\u003e at port 0x3c0-0x3df iomem 0xa0000-0xbffff on isa0\nTimecounters tick every 1.000 msec\nacd0: DVDROM \u003cASUS DVD-E818A/1.00\u003e at ata0-master UDMA33\nad1: 76318MB \u003cWDC WD800BB-22JHC0 05.01C05\u003e at ata0-slave UDMA33\nSMP: AP CPU #1 Launched!\nTrying to mount root from ufs:/dev/ad1s1a\nWARNING: / was not properly dismounted\nWARNING: /usr was not properly dismounted\nWARNING: /var was not properly dismounted\nrl0: link state changed to UP\nrl1: link state changed to UP\n\nHow-To-Repeat: To repeat the problem you must install freebsd with minimal configuration from cd/dvd or from www/ftp. After that i have pkg_add -r cvsup-without-gui\nrehash\n\tcd /usr/share/examples/cvsup\n\tcp ports-supfile /usr/local/etc\n\tcp standard-supfile /usr/local/etc\n\tcd /usr/local/etc\nee ports-supfile\n\tee standard-supfile\n\tcd\n\tcvsup -g -L 2 /usr/local/etc/ports-supfile ; cvsup -g -L 2 /usr/local/etc/standard-supfile\nlike the page: http://test.davidpierron.com/fbsd-pf.php\nAnd in ports-supfile i have put www1.ro.freebsd.org\nAfter all instructions the new kernel is FreeBSD 6.2-RELEASE-p8\nNow if i ssh to the server after some commands like \"ls, ps ax\" the server\ncrash and it needs reboot if i don`t make ssh to the server and make ssh\nfrom the lan everything works fine it only crash when i make ssh to the\nexternal network card with a real ip."
}