{
 "id": 727946,
 "bug_id": 181496,
 "attachment_id": 0,
 "creation_time": "2013-08-25T23:52:19Z",
 "creator": "steven@roothosts.com",
 "text": "The NIC I use dhclient on is re1, none of the configs have been changed\nrecently. All I did was svn to releng/9.2 after the security hole was\nannounced. Previously I was using 9.1-STABLE on this box (9.1-RELEASE\nhad some bugs that made these realtek cards not work quite right so I\nhad to use STABLE).\n\nI'm wondering is this patch is somehow conflicting with the re driver now.\n\n# cat /var/run/dmesg.boot\nCopyright (c) 1992-2013 The FreeBSD Project.\nCopyright (c) 1979, 1980, 1983, 1986, 1988, 1989, 1991, 1992, 1993, 1994\n\tThe Regents of the University of California. All rights reserved.\nFreeBSD is a registered trademark of The FreeBSD Foundation.\nFreeBSD 9.2-RC2 #1 r254680M: Fri Aug 23 07:44:25 UTC 2013\n    root@box.localnet:/sys/amd64/compile/GENERIC amd64\nFreeBSD clang version 3.3 (tags/RELEASE_33/final 183502) 20130610\nCPU: AMD FX(tm)-8120 Eight-Core Processor            (3888.07-MHz\nK8-class CPU)\n  Origin = \"AuthenticAMD\"  Id = 0x600f12  Family = 0x15  Model = 0x1\nStepping = 2\n\nFeatures=0x178bfbff\u003cFPU,VME,DE,PSE,TSC,MSR,PAE,MCE,CX8,APIC,SEP,MTRR,PGE,MCA,CMOV,PAT,PSE36,CLFLUSH,MMX,FXSR,SSE,SSE2,HTT\u003e\n\nFeatures2=0x1e98220b\u003cSSE3,PCLMULQDQ,MON,SSSE3,CX16,SSE4.1,SSE4.2,POPCNT,AESNI,XSAVE,OSXSAVE,AVX\u003e\n  AMD Features=0x2e500800\u003cSYSCALL,NX,MMX+,FFXSR,Page1GB,RDTSCP,LM\u003e\n  AMD\nFeatures2=0x1c9bfff\u003cLAHF,CMP,SVM,ExtAPIC,CR8,ABM,SSE4A,MAS,Prefetch,OSVW,IBS,XOP,SKINIT,WDT,LWP,FMA4,NodeId,Topology,\u003cb23\u003e,\u003cb24\u003e\u003e\n  TSC: P-state invariant, performance statistics\nreal memory  = 17179869184 (16384 MB)\navail memory = 16424644608 (15663 MB)\nEvent timer \"LAPIC\" quality 400\nACPI APIC Table: \u003cALASKA A M I\u003e\nFreeBSD/SMP: Multiprocessor System Detected: 8 CPUs\nFreeBSD/SMP: 1 package(s) x 8 core(s)\n cpu0 (BSP): APIC ID: 16\n cpu1 (AP): APIC ID: 17\n cpu2 (AP): APIC ID: 18\n cpu3 (AP): APIC ID: 19\n cpu4 (AP): APIC ID: 20\n cpu5 (AP): APIC ID: 21\n cpu6 (AP): APIC ID: 22\n cpu7 (AP): APIC ID: 23\nACPI Warning: FADT (revision 5) is longer than ACPI 2.0 version,\ntruncating length 268 to 244 (20110527/tbfadt-317)\nACPI Warning: Optional field Pm2ControlBlock has zero address or length:\n0x0000000000000000/0x1 (20110527/tbfadt-583)\nioapic0 \u003cVersion 2.1\u003e irqs 0-23 on motherboard\nioapic1 \u003cVersion 2.1\u003e irqs 24-55 on motherboard\nkbd1 at kbdmux0\naesni0: \u003cAES-CBC,AES-XTS\u003e on motherboard\ncryptosoft0: \u003csoftware crypto\u003e on motherboard\nacpi0: \u003cALASKA A M I\u003e on motherboard\nACPI Error: [RAMB] Namespace lookup failure, AE_NOT_FOUND\n(20110527/psargs-392)\nACPI Exception: AE_NOT_FOUND, Could not execute arguments for [RAMW]\n(Region) (20110527/nsinit-378)\nacpi0: Power Button (fixed)\ncpu0: \u003cACPI CPU\u003e on acpi0\ncpu1: \u003cACPI CPU\u003e on acpi0\ncpu2: \u003cACPI CPU\u003e on acpi0\ncpu3: \u003cACPI CPU\u003e on acpi0\ncpu4: \u003cACPI CPU\u003e on acpi0\ncpu5: \u003cACPI CPU\u003e on acpi0\ncpu6: \u003cACPI CPU\u003e on acpi0\ncpu7: \u003cACPI CPU\u003e on acpi0\nattimer0: \u003cAT timer\u003e port 0x40-0x43 irq 0 on acpi0\nTimecounter \"i8254\" frequency 1193182 Hz quality 0\nEvent timer \"i8254\" frequency 1193182 Hz quality 100\natrtc0: \u003cAT realtime clock\u003e port 0x70-0x71 irq 8 on acpi0\nEvent timer \"RTC\" frequency 32768 Hz quality 0\nhpet0: \u003cHigh Precision Event Timer\u003e iomem 0xfed00000-0xfed003ff on acpi0\nTimecounter \"HPET\" frequency 14318180 Hz quality 950\nEvent timer \"HPET\" frequency 14318180 Hz quality 450\nEvent timer \"HPET1\" frequency 14318180 Hz quality 450\nEvent timer \"HPET2\" frequency 14318180 Hz quality 450\nTimecounter \"ACPI-safe\" frequency 3579545 Hz quality 850\nacpi_timer0: \u003c32-bit timer at 3.579545MHz\u003e port 0x808-0x80b on acpi0\nacpi_ec0: \u003cEmbedded Controller: GPE 0xa\u003e port 0x62,0x66 on acpi0\npcib0: \u003cACPI Host-PCI bridge\u003e port 0xcf8-0xcff on acpi0\npci0: \u003cACPI PCI bus\u003e on pcib0\npcib1: \u003cACPI PCI-PCI bridge\u003e irq 52 at device 2.0 on pci0\npci1: \u003cACPI PCI bus\u003e on pcib1\nvgapci0: \u003cVGA-compatible display\u003e port 0xe000-0xe0ff mem\n0xc0000000-0xcfffffff,0xfea20000-0xfea3ffff irq 24 at device 0.0 on pci1\npci1: \u003cmultimedia, HDA\u003e at device 0.1 (no driver attached)\npcib2: \u003cACPI PCI-PCI bridge\u003e irq 52 at device 4.0 on pci0\npci2: \u003cACPI PCI bus\u003e on pcib2\nre0: \u003cRealTek 8168/8111 B/C/CP/D/DP/E/F PCIe Gigabit Ethernet\u003e port\n0xd000-0xd0ff mem 0xd0004000-0xd0004fff,0xd0000000-0xd0003fff irq 44 at\ndevice 0.0 on pci2\nre0: Using 1 MSI-X message\nre0: Chip rev. 0x48000000\nre0: MAC rev. 0x00000000\nmiibus0: \u003cMII bus\u003e on re0\nrgephy0: \u003cRTL8169S/8110S/8211 1000BASE-T media interface\u003e PHY 1 on miibus0\nrgephy0:  none, 10baseT, 10baseT-FDX, 10baseT-FDX-flow, 100baseTX,\n100baseTX-FDX, 100baseTX-FDX-flow, 1000baseT-FDX, 1000baseT-FDX-master,\n1000baseT-FDX-flow, 1000baseT-FDX-flow-master, auto, auto-flow\nre0: Ethernet address: 30:85:a9:9f:b5:71\npcib3: \u003cACPI PCI-PCI bridge\u003e irq 53 at device 9.0 on pci0\npci3: \u003cACPI PCI bus\u003e on pcib3\nem0: \u003cIntel(R) PRO/1000 Network Connection 7.3.8\u003e port 0xc000-0xc01f mem\n0xfe9c0000-0xfe9dffff,0xfe900000-0xfe97ffff,0xfe9e0000-0xfe9e3fff irq 48\nat device 0.0 on pci3\nem0: Using MSIX interrupts with 3 vectors\nem0: Ethernet address: 68:05:ca:0e:83:33\npcib4: \u003cACPI PCI-PCI bridge\u003e irq 54 at device 10.0 on pci0\npci4: \u003cACPI PCI bus\u003e on pcib4\nre1: \u003cRealTek 8168/8111 B/C/CP/D/DP/E/F PCIe Gigabit Ethernet\u003e port\n0xb000-0xb0ff mem 0xfe800000-0xfe800fff irq 47 at device 0.0 on pci4\nre1: Using 1 MSI message\nre1: Chip rev. 0x38000000\nre1: MAC rev. 0x00000000\nmiibus1: \u003cMII bus\u003e on re1\nrgephy1: \u003cRTL8169S/8110S/8211 1000BASE-T media interface\u003e PHY 1 on miibus1\nrgephy1:  none, 10baseT, 10baseT-FDX, 10baseT-FDX-flow, 100baseTX,\n100baseTX-FDX, 100baseTX-FDX-flow, 1000baseT, 1000baseT-master,\n1000baseT-FDX, 1000baseT-FDX-master, 1000baseT-FDX-flow,\n1000baseT-FDX-flow-master, auto, auto-flow\nre1: Ethernet address: 90:f6:52:00:a5:10\nahci0: \u003cATI IXP700 AHCI SATA controller\u003e port\n0xf040-0xf047,0xf030-0xf033,0xf020-0xf027,0xf010-0xf013,0xf000-0xf00f\nmem 0xfeb07000-0xfeb073ff irq 19 at device 17.0 on pci0\nahci0: AHCI v1.20 with 3 6Gbps ports, Port Multiplier supported\nahcich1: \u003cAHCI channel\u003e at channel 1 on ahci0\nahcich3: \u003cAHCI channel\u003e at channel 3 on ahci0\nahcich4: \u003cAHCI channel\u003e at channel 4 on ahci0\nohci0: \u003cAMD SB7x0/SB8x0/SB9x0 USB controller\u003e mem 0xfeb06000-0xfeb06fff\nirq 18 at device 18.0 on pci0\nusbus0 on ohci0\nehci0: \u003cAMD SB7x0/SB8x0/SB9x0 USB 2.0 controller\u003e mem\n0xfeb05000-0xfeb050ff irq 17 at device 18.2 on pci0\nusbus1: EHCI version 1.0\nusbus1 on ehci0\nohci1: \u003cAMD SB7x0/SB8x0/SB9x0 USB controller\u003e mem 0xfeb04000-0xfeb04fff\nirq 20 at device 19.0 on pci0\nusbus2 on ohci1\nehci1: \u003cAMD SB7x0/SB8x0/SB9x0 USB 2.0 controller\u003e mem\n0xfeb03000-0xfeb030ff irq 21 at device 19.2 on pci0\nusbus3: EHCI version 1.0\nusbus3 on ehci1\npci0: \u003cserial bus, SMBus\u003e at device 20.0 (no driver attached)\nisab0: \u003cPCI-ISA bridge\u003e at device 20.3 on pci0\nisa0: \u003cISA bus\u003e on isab0\npcib5: \u003cACPI PCI-PCI bridge\u003e at device 20.4 on pci0\npci5: \u003cACPI PCI bus\u003e on pcib5\nohci2: \u003cAMD SB7x0/SB8x0/SB9x0 USB controller\u003e mem 0xfeb02000-0xfeb02fff\nirq 18 at device 20.5 on pci0\nusbus4 on ohci2\npcib6: \u003cACPI PCI-PCI bridge\u003e at device 21.0 on pci0\npci6: \u003cACPI PCI bus\u003e on pcib6\nem1: \u003cIntel(R) PRO/1000 Network Connection 7.3.8\u003e port 0xa000-0xa01f mem\n0xfe7c0000-0xfe7dffff,0xfe700000-0xfe77ffff,0xfe7e0000-0xfe7e3fff irq 20\nat device 0.0 on pci6\nem1: Using MSIX interrupts with 3 vectors\nem1: Ethernet address: 68:05:ca:0f:d7:13\nohci3: \u003cAMD SB7x0/SB8x0/SB9x0 USB controller\u003e mem 0xfeb01000-0xfeb01fff\nirq 22 at device 22.0 on pci0\nusbus5 on ohci3\nehci2: \u003cAMD SB7x0/SB8x0/SB9x0 USB 2.0 controller\u003e mem\n0xfeb00000-0xfeb000ff irq 23 at device 22.2 on pci0\nusbus6: EHCI version 1.0\nusbus6 on ehci2\nacpi_button0: \u003cPower Button\u003e on acpi0\norm0: \u003cISA Option ROMs\u003e at iomem\n0xc0000-0xcffff,0xd0000-0xd0fff,0xd1000-0xd1fff on isa0\nsc0: \u003cSystem console\u003e at flags 0x100 on isa0\nsc0: VGA \u003c16 virtual consoles, flags=0x300\u003e\nvga0: \u003cGeneric ISA VGA\u003e at port 0x3c0-0x3df iomem 0xa0000-0xbffff on isa0\natkbdc0: \u003cKeyboard controller (i8042)\u003e at port 0x60,0x64 on isa0\natkbd0: \u003cAT Keyboard\u003e irq 1 on atkbdc0\nkbd0 at atkbd0\natkbd0: [GIANT-LOCKED]\nacpi_throttle0: \u003cACPI CPU Throttling\u003e on cpu0\nhwpstate0: \u003cCool`n'Quiet 2.0\u003e on cpu0\nacpi_throttle1: \u003cACPI CPU Throttling\u003e on cpu1\nacpi_throttle1: failed to attach P_CNT\ndevice_attach: acpi_throttle1 attach returned 6\nacpi_throttle2: \u003cACPI CPU Throttling\u003e on cpu2\nacpi_throttle2: failed to attach P_CNT\ndevice_attach: acpi_throttle2 attach returned 6\nacpi_throttle3: \u003cACPI CPU Throttling\u003e on cpu3\nacpi_throttle3: failed to attach P_CNT\ndevice_attach: acpi_throttle3 attach returned 6\nacpi_throttle4: \u003cACPI CPU Throttling\u003e on cpu4\nacpi_throttle4: failed to attach P_CNT\ndevice_attach: acpi_throttle4 attach returned 6\nacpi_throttle5: \u003cACPI CPU Throttling\u003e on cpu5\nacpi_throttle5: failed to attach P_CNT\ndevice_attach: acpi_throttle5 attach returned 6\nacpi_throttle6: \u003cACPI CPU Throttling\u003e on cpu6\nacpi_throttle6: failed to attach P_CNT\ndevice_attach: acpi_throttle6 attach returned 6\nacpi_throttle7: \u003cACPI CPU Throttling\u003e on cpu7\nacpi_throttle7: failed to attach P_CNT\ndevice_attach: acpi_throttle7 attach returned 6\nZFS filesystem version: 5\nZFS storage pool version: features support (5000)\nTimecounters tick every 1.000 msec\nusbus0: 12Mbps Full Speed USB v1.0\nusbus1: 480Mbps High Speed USB v2.0\nusbus2: 12Mbps Full Speed USB v1.0\nusbus3: 480Mbps High Speed USB v2.0\nusbus4: 12Mbps Full Speed USB v1.0\nusbus5: 12Mbps Full Speed USB v1.0\nusbus6: 480Mbps High Speed USB v2.0\nugen0.1: \u003cATI\u003e at usbus0\nuhub0: \u003cATI OHCI root HUB, class 9/0, rev 1.00/1.00, addr 1\u003e on usbus0\nugen1.1: \u003cATI\u003e at usbus1\nuhub1: \u003cATI EHCI root HUB, class 9/0, rev 2.00/1.00, addr 1\u003e on usbus1\nugen2.1: \u003cATI\u003e at usbus2\nuhub2: \u003cATI OHCI root HUB, class 9/0, rev 1.00/1.00, addr 1\u003e on usbus2\nugen3.1: \u003cATI\u003e at usbus3\nuhub3: \u003cATI EHCI root HUB, class 9/0, rev 2.00/1.00, addr 1\u003e on usbus3\nugen4.1: \u003cATI\u003e at usbus4\nuhub4: \u003cATI OHCI root HUB, class 9/0, rev 1.00/1.00, addr 1\u003e on usbus4\nugen5.1: \u003cATI\u003e at usbus5\nuhub5: \u003cATI OHCI root HUB, class 9/0, rev 1.00/1.00, addr 1\u003e on usbus5\nugen6.1: \u003cATI\u003e at usbus6\nuhub6: \u003cATI EHCI root HUB, class 9/0, rev 2.00/1.00, addr 1\u003e on usbus6\nada0 at ahcich1 bus 0 scbus0 target 0 lun 0\nada0: \u003cOCZ-AGILITY4 1.5.2\u003e ATA-9 SATA 3.x device\nada0: 600.000MB/s transfers (SATA 3.x, UDMA6, PIO 8192bytes)\nada0: Command Queueing enabled\nada0: 122104MB (250069680 512 byte sectors: 16H 63S/T 16383C)\nada0: Previously was known as ad4\nada1 at ahcich3 bus 0 scbus1 target 0 lun 0\nada1: \u003cSamsung SSD 840 Series DXT08B0Q\u003e ATA-9 SATA 3.x device\nada1: 600.000MB/s transfers (SATA 3.x, UDMA6, PIO 8192bytes)\nada1: Command Queueing enabled\nada1: 114473MB (234441648 512 byte sectors: 16H 63S/T 16383C)\nada1: Previously was known as ad6\nada2 at ahcich4 bus 0 scbus2 target 0 lun 0\nada2: \u003cOCZ-AGILITY3 2.25\u003e ATA-8 SATA 3.x device\nada2: 600.000MB/s transfers (SATA 3.x, UDMA6, PIO 8192bytes)\nada2: Command Queueing enabled\nada2: 114473MB (234441648 512 byte sectors: 16H 63S/T 16383C)\nada2: quirks=0x1\u003c4K\u003e\nada2: Previously was known as ad8\nSMP: AP CPU #1 Launched!\nSMP: AP CPU #5 Launched!\nSMP: AP CPU #3 Launched!\nSMP: AP CPU #7 Launched!\nSMP: AP CPU #2 Launched!\nSMP: AP CPU #4 Launched!\nSMP: AP CPU #6 Launched!\nTimecounter \"TSC-low\" frequency 1944036841 Hz quality 1000\nRoot mount waiting for: usbus6 usbus5 usbus4 usbus3 usbus2 usbus1 usbus0\nuhub4: 2 ports with 2 removable, self powered\nuhub5: 4 ports with 4 removable, self powered\nuhub0: 5 ports with 5 removable, self powered\nuhub2: 5 ports with 5 removable, self powered\nRoot mount waiting for: usbus6 usbus3 usbus1\nuhub6: 4 ports with 4 removable, self powered\nuhub1: 5 ports with 5 removable, self powered\nuhub3: 5 ports with 5 removable, self powered\nRoot mount waiting for: usbus3\nugen0.2: \u003cAvocent\u003e at usbus0\nukbd0: \u003cEP1 Interrupt\u003e on usbus0\nkbd2 at ukbd0\nRoot mount waiting for: usbus3\nRoot mount waiting for: usbus3\nugen3.2: \u003cGeneric\u003e at usbus3\numass0: \u003cGeneric Mass Storage Device, class 0/0, rev 2.00/1.00, addr 2\u003e\non usbus3\nTrying to mount root from zfs:zmirror []...\nda0 at umass-sim0 bus 0 scbus3 target 0 lun 0\nda0: \u003cGeneric USB  CF Reader 0.00\u003e Removable Direct Access SCSI-2 device\nda0: 40.000MB/s transfers\nda0: Attempt to query device size failed: NOT READY, Medium not present\nda0: quirks=0x2\u003cNO_6_BYTE\u003e\nda1 at umass-sim0 bus 0 scbus3 target 0 lun 1\nda1: \u003cGeneric USB  SD Reader 0.00\u003e Removable Direct Access SCSI-2 device\nda1: 40.000MB/s transfers\nda1: 7460MB (15278080 512 byte sectors: 255H 63S/T 951C)\nda1: quirks=0x2\u003cNO_6_BYTE\u003e\nda2 at umass-sim0 bus 0 scbus3 target 0 lun 2\nda2: \u003cGeneric USB  MS Reader 0.00\u003e Removable Direct Access SCSI-2 device\nda2: 40.000MB/s transfers\nda2: Attempt to query device size failed: NOT READY, Medium not present\nda2: quirks=0x2\u003cNO_6_BYTE\u003e\nda3 at umass-sim0 bus 0 scbus3 target 0 lun 3\nda3: \u003cGeneric USB  SM Reader 0.00\u003e Removable Direct Access SCSI-2 device\nda3: 40.000MB/s transfers\nda3: Attempt to query device size failed: NOT READY, Medium not present\nda3: quirks=0x2\u003cNO_6_BYTE\u003e\nGEOM_ELI: Device zvol/zmirror/swap.eli created.\nGEOM_ELI: Encryption: AES-XTS 256\nGEOM_ELI:     Crypto: hardware\n\nOn 13-08-25 05:37 AM, Xin Li wrote:\n\u003e Hi,\n\u003e \n\u003e Actually I'm quite surprised that the security patch could cause this\n\u003e because it's tested for quite long time and I use dhclient everyday,\n\u003e and more importantly dhclient should not use the affected code at all...\n\u003e \n\u003e Is there any other local changes than the security patch?  If not, can\n\u003e you send me the /var/run/dmesg.boot file?\n\u003e \n\u003e Thanks in advance!\n\u003e \n\u003e Cheers,\n\u003e \n\n-- \nRegards,\nSteven Lee"
}