{
 "id": 723148,
 "bug_id": 180403,
 "attachment_id": 0,
 "creation_time": "2013-07-09T04:50:00Z",
 "creator": "shelton@master.askd.ru",
 "text": "When I have tried to install FreeBSD 9.1 as guest in XenClient 4.5.5, I have detected these three problems:\n1. USB cannot work\n2. Kernel, even GENERIC, does not load, when SafeMode = On (default)\n3. When kernel starts load, console screen flicks and restore picture only after finishing load system. That was occured only with XenClient 4.5.5, with previous version (was 4.5.1) was OK.\n\nThis is a kernel log:\n\nJul  8 18:06:56 xen-fbsd kernel: FreeBSD 9.1-STABLE #1: Mon Jul  8 15:14:50 NOVT 2013\nJul  8 18:06:56 xen-fbsd kernel: root@xen-fbsd.askd.gmbh:/usr/obj/usr/src/sys/GENERIC i386\nJul  8 18:06:56 xen-fbsd kernel: gcc version 4.2.1 20070831 patched [FreeBSD]\nJul  8 18:06:56 xen-fbsd kernel: CPU: Intel(R) Pentium(R) CPU G850 @ 2.90GHz (2893.50-MHz \n686-class CPU)\nJul  8 18:06:56 xen-fbsd kernel: Origin = \"GenuineIntel\"  Id = 0x206a7  Family = 0x6  Mode\nl = 0x2a  Stepping = 7\nJul  8 18:06:56 xen-fbsd kernel: Features=0x1789fbff\u003cFPU,VME,DE,PSE,TSC,MSR,PAE,MCE,CX8,AP\nIC,SEP,MTRR,PGE,MCA,CMOV,PAT,CLFLUSH,MMX,FXSR,SSE,SSE2,HTT\u003e\nJul  8 18:06:56 xen-fbsd kernel: Features2=0x80982201\u003cSSE3,SSSE3,CX16,SSE4.1,SSE4.2,POPCNT\n,HV\u003e\nJul  8 18:06:56 xen-fbsd kernel: AMD Features=0x28100000\u003cNX,RDTSCP,LM\u003e\nJul  8 18:06:56 xen-fbsd kernel: AMD Features2=0x1\u003cLAHF\u003e\nJul  8 18:06:56 xen-fbsd kernel: TSC: P-state invariant\nJul  8 18:06:56 xen-fbsd kernel: real memory  = 469762048 (448 MB)\nJul  8 18:06:56 xen-fbsd kernel: avail memory = 436121600 (415 MB)\nJul  8 18:06:56 xen-fbsd kernel: module_register_init: MOD_LOAD (kbdmux, 0xc0786b91, 0) er\nror 6\nJul  8 18:06:56 xen-fbsd kernel: pcib0 pcibus 0 on motherboard\nJul  8 18:06:56 xen-fbsd kernel: pir0: \u003cPCI Interrupt Routing Table: 6 Entries\u003e on motherboard\nJul  8 18:06:56 xen-fbsd kernel: pci0: \u003cPCI bus\u003e on pcib0\nJul  8 18:06:56 xen-fbsd kernel: isab0: \u003cPCI-ISA bridge\u003e at device 1.0 on pci0\nJul  8 18:06:56 xen-fbsd kernel: isa0: \u003cISA bus\u003e on isab0\nJul  8 18:06:56 xen-fbsd kernel: atapci0: \u003cIntel PIIX3 WDMA2 controller\u003e port 0x1f0-0x1f7,0x3f6,0x170-0x177,0x376,0xc220-0xc22f at device 1.1 on pci0\nJul  8 18:06:56 xen-fbsd kernel: ata0: \u003cATA channel\u003e at channel 0 on atapci0\nJul  8 18:06:56 xen-fbsd kernel: ata1: \u003cATA channel\u003e at channel 1 on atapci0\nJul  8 18:06:56 xen-fbsd kernel: uhci0: \u003cIntel 82371SB (PIIX3) USB controller\u003e port 0xc200-0xc21f irq 5 at device 1.2 on pci0\nJul  8 18:06:56 xen-fbsd kernel: usbus0: controller did not stop\nJul  8 18:06:56 xen-fbsd kernel: usbus0 on uhci0\nJul  8 18:06:56 xen-fbsd kernel: piix0: PIIX I/O space not mapped\nJul  8 18:06:56 xen-fbsd kernel: pci0: \u003cbridge\u003e at device 1.3 (no driver attached)\nJul  8 18:06:56 xen-fbsd kernel: vgapci0: \u003cVGA-compatible display\u003e mem 0xf0000000-0xf1ffffff irq 11 at device 2.0 on pci0\nJul  8 18:06:56 xen-fbsd kernel: pci0: \u003cunknown\u003e at device 3.0 (no driver attached)\nJul  8 18:06:56 xen-fbsd kernel: pci0: \u003cmultimedia, audio\u003e at device 4.0 (no driver attached)\nJul  8 18:06:56 xen-fbsd kernel: re0: \u003cRealTek 8139C+ 10/100BaseTX\u003e port 0xc100-0xc1ff mem 0xf3000000-0xf30000ff irq 10 at device 5.0 on pci0\nJul  8 18:06:56 xen-fbsd kernel: re0: Chip rev. 0x74800000\nJul  8 18:06:56 xen-fbsd kernel: re0: MAC rev. 0x00000000\nJul  8 18:06:56 xen-fbsd kernel: miibus0: \u003cMII bus\u003e on re0\nJul  8 18:06:56 xen-fbsd kernel: rlphy0: \u003cRealTek internal media interface\u003e PHY 0 on miibus0\nJul  8 18:06:56 xen-fbsd kernel: rlphy0:  10baseT, 10baseT-FDX, 100baseTX, 100baseTX-FDX, auto, auto-flow\nJul  8 18:06:56 xen-fbsd kernel: re0: Ethernet address: 00:24:0b:7a:f2:3c\nJul  8 18:06:56 xen-fbsd kernel: cpu0 on motherboard\nJul  8 18:06:56 xen-fbsd kernel: smist0: \u003cSpeedStep SMI\u003e on cpu0\nJul  8 18:06:56 xen-fbsd kernel: device_attach: smist0 attach returned 6\nJul  8 18:06:56 xen-fbsd kernel: pmtimer0 on isa0\nJul  8 18:06:56 xen-fbsd kernel: orm0: \u003cISA Option ROM\u003e at iomem 0xca000-0xca7ff pnpid ORM0000 on isa0\nJul  8 18:06:56 xen-fbsd kernel: sc0: \u003cSystem console\u003e at flags 0x100 on isa0\nJul  8 18:06:56 xen-fbsd kernel: sc0: VGA \u003c16 virtual consoles, flags=0x300\u003e\nJul  8 18:06:56 xen-fbsd kernel: vga0: \u003cGeneric ISA VGA\u003e at port 0x3c0-0x3df iomem 0xa0000-0xbffff on isa0\nJul  8 18:06:56 xen-fbsd kernel: atkbdc0: \u003cKeyboard controller (i8042)\u003e at port 0x60,0x64 on isa0\nJul  8 18:06:56 xen-fbsd kernel: atkbd0: \u003cAT Keyboard\u003e irq 1 on atkbdc0\nJul  8 18:06:56 xen-fbsd kernel: kbd0 at atkbd0\nJul  8 18:06:56 xen-fbsd kernel: atkbd0: [GIANT-LOCKED]\nJul  8 18:06:56 xen-fbsd kernel: atrtc0: \u003cAT realtime clock\u003e at port 0x70 irq 8 on isa0\nJul  8 18:06:56 xen-fbsd kernel: Event timer \"RTC\" frequency 32768 Hz quality 0\nJul  8 18:06:56 xen-fbsd kernel: attimer0: \u003cAT timer\u003e at port 0x40 on isa0\nJul  8 18:06:56 xen-fbsd kernel: Timecounter \"i8254\" frequency 1193182 Hz quality 0\nJul  8 18:06:56 xen-fbsd kernel: Event timer \"i8254\" frequency 1193182 Hz quality 100\nJul  8 18:06:56 xen-fbsd kernel: ppc0: parallel port not found.\nJul  8 18:06:56 xen-fbsd kernel: uart0: \u003c16550 or compatible\u003e at port 0x3f8-0x3ff irq 4 flags 0x10 on isa0\nJul  8 18:06:56 xen-fbsd kernel: ctl: CAM Target Layer loaded\nJul  8 18:06:56 xen-fbsd kernel: smist0: \u003cSpeedStep SMI\u003e on cpu0\nJul  8 18:06:56 xen-fbsd kernel: device_attach: smist0 attach returned 6\nJul  8 18:06:56 xen-fbsd kernel: Timecounters tick every 1.000 msec\nJul  8 18:06:56 xen-fbsd kernel: usbus0: 12Mbps Full Speed USB v1.0\nJul  8 18:06:56 xen-fbsd kernel: ugen0.1: \u003cIntel\u003e at usbus0\nJul  8 18:06:56 xen-fbsd kernel: uhub0: \u003cIntel UHCI root HUB, class 9/0, rev 1.00/1.00, addr 1\u003e on usbus0\nJul  8 18:06:56 xen-fbsd kernel: ada0 at ata0 bus 0 scbus0 target 0 lun 0\nJul  8 18:06:56 xen-fbsd kernel: ada0: \u003cQEMU HARDDISK 1.1.0\u003e ATA-7 device\nJul  8 18:06:56 xen-fbsd kernel: ada0: 16.700MB/s transfers (PIO4, PIO 8192bytes)\nJul  8 18:06:56 xen-fbsd kernel: ada0: 102400MB (209715200 512 byte sectors: 16H 63S/T 16383C)\nJul  8 18:06:56 xen-fbsd kernel: ada0: Previously was known as ad0\nJul  8 18:06:56 xen-fbsd kernel: cd0 at ata1 bus 0 scbus1 target 0 lun 0\nJul  8 18:06:56 xen-fbsd kernel: cd0: \u003cQEMU QEMU DVD-ROM 1.1.\u003e Removable CD-ROM SCSI-0 device \nJul  8 18:06:56 xen-fbsd kernel: cd0: 16.700MB/s transfers (PIO4, ATAPI 12bytes, PIO 65534bytes)\nJul  8 18:06:56 xen-fbsd kernel: cd0: Attempt to query device size failed: NOT READY, Medium not present\nJul  8 18:06:56 xen-fbsd kernel: uhub0: 2 ports with 2 removable, self powered\nJul  8 18:06:56 xen-fbsd kernel: Timecounter \"TSC-low\" frequency 1446751654 Hz quality 1000\nJul  8 18:06:56 xen-fbsd kernel: Trying to mount root from ufs:/dev/ada0s1a [rw]...\nJul  8 18:06:56 xen-fbsd kernel: WARNING: / was not properly dismounted\nJul  8 18:06:56 xen-fbsd kernel: warning: total configured swap (1048576 pages) exceeds maximum recommended amount (858816 pages).\nJul  8 18:06:56 xen-fbsd kernel: warning: increase kern.maxswzone or reduce amount of swap.\n\nWhat next:\nIn spite of specifying RAM 512Mb in configuration of guest, kernel insists on 448 Mb. Why?\nNotify message about \"usbus0: controller did not stop\" - USB completely useless \nRealTek card - emulated, real hardware is 3COM 3c905cx\n\nFix: \n\nNone\nHow-To-Repeat: Install XenClient 4.5.5 directly from Citrix site\nInstall FreeBSD 9.1\nLoad FreeBSD and try to run\nAt this environment FreeBSD is quite useless"
}