{
 "id": 501950,
 "bug_id": 135206,
 "attachment_id": 0,
 "creation_time": "2009-06-03T12:10:00Z",
 "creator": "toga@puyo.org",
 "text": "When I insert USB device on DELL Inspiron mini 9, machine hangs up and reboot.\nI can see this with USB reader/writer of microSD and modem card.\n\ndmesg is here (after reboot with USB memory):\n----\nCopyright (c) 1992-2009 The FreeBSD Project.\nCopyright (c) 1979, 1980, 1983, 1986, 1988, 1989, 1991, 1992, 1993, 1994\n        The Regents of the University of California. All rights reserved.\nFreeBSD is a registered trademark of The FreeBSD Foundation.\nFreeBSD 8.0-CURRENT #22: Sun May 31 23:11:59 JST 2009\n    togawa@nayuki.vegalta.org:/usr/obj/usr/src/sys/NAYUKI\nTimecounter \"i8254\" frequency 1193182 Hz quality 0\nCPU: Intel(R) Atom(TM) CPU N270   @ 1.60GHz (1596.02-MHz 686-class CPU)\n  Origin = \"GenuineIntel\"  Id = 0x106c2  Stepping = 2\n  Features=0xbfe9fbff\u003cFPU,VME,DE,PSE,TSC,MSR,PAE,MCE,CX8,APIC,SEP,MTRR,PGE,MCA,CMOV,PAT,CLFLUSH,DTS,ACPI,MMX,FXSR,SSE,SSE2,SS,HTT,TM,PBE\u003e\n  Features2=0x40c39d\u003cSSE3,DTES64,MON,DS_CPL,EST,TM2,SSSE3,xTPR,PDCM,\u003cb22\u003e\u003e\n  AMD Features=0x100000\u003cNX\u003e\n  AMD Features2=0x1\u003cLAHF\u003e\n  TSC: P-state invariant\nreal memory  = 2147483648 (2048 MB)\navail memory = 2076233728 (1980 MB)\nACPI APIC Table: \u003cINTEL  CALISTGA\u003e\nFreeBSD/SMP: Multiprocessor System Detected: 2 CPUs\nFreeBSD/SMP: 1 package(s) x 1 core(s) x 2 HTT threads\n cpu0 (BSP): APIC ID:  0\n cpu1 (AP/HT): APIC ID:  1\nThis module (opensolaris) contains code covered by the\nCommon Development and Distribution License (CDDL)\nsee http://opensolaris.org/os/licensing/opensolaris_license/\nioapic0: Changing APIC ID to 1\nioapic0 \u003cVersion 2.0\u003e irqs 0-23 on motherboard\nkbd1 at kbdmux0\nacpi0: \u003cPTLTD    XSDT\u003e on motherboard\nacpi0: [ITHREAD]\nacpi0: Power Button (fixed)\nacpi_hpet0: \u003cHigh Precision Event Timer\u003e iomem 0xfed00000-0xfed003ff on acpi0\nTimecounter \"HPET\" frequency 14318180 Hz quality 900\nTimecounter \"ACPI-safe\" frequency 3579545 Hz quality 850\nacpi_timer0: \u003c24-bit timer at 3.579545MHz\u003e port 0x1008-0x100b on acpi0\nacpi_ec0: \u003cEmbedded Controller: GPE 0x19\u003e port 0x62,0x66 on acpi0\nacpi_lid0: \u003cControl Method Lid Switch\u003e on acpi0\nacpi_button0: \u003cPower Button\u003e on acpi0\nacpi_button1: \u003cSleep Button\u003e on acpi0\npcib0: \u003cACPI Host-PCI bridge\u003e port 0xcf8-0xcff on acpi0\npci0: \u003cACPI PCI bus\u003e on pcib0\nvgapci0: \u003cVGA-compatible display\u003e port 0x1800-0x1807 mem 0xf0000000-0xf007ffff,0xd0000000-0xdfffffff,0xf0300000-0xf033ffff irq 16 at device 2.0 on pci0\nagp0: \u003cIntel 945GME SVGA controller\u003e on vgapci0\nagp0: detected 7932k stolen memory\nagp0: aperture size is 256M\nvgapci1: \u003cVGA-compatible display\u003e mem 0xf0080000-0xf00fffff at device 2.1 on pci0\nhdac0: \u003cIntel 82801G High Definition Audio Controller\u003e mem 0xf0540000-0xf0543fff irq 22 at device 27.0 on pci0\nhdac0: HDA Driver Revision: 20090401_0132\nhdac0: [ITHREAD]\npcib1: \u003cACPI PCI-PCI bridge\u003e irq 17 at device 28.0 on pci0\npci2: \u003cACPI PCI bus\u003e on pcib1\npci2: \u003cbase peripheral\u003e at device 0.0 (no driver attached)\nsdhci0: \u003cJMicron JMB38X SD\u003e mem 0xf0100400-0xf01004ff irq 16 at device 0.2 on pci2\nsdhci0: 1 slot(s) allocated\nsdhci0: [ITHREAD]\nmmc0: \u003cMMC/SD bus\u003e on sdhci0\npci2: \u003cbase peripheral\u003e at device 0.3 (no driver attached)\npcib2: \u003cACPI PCI-PCI bridge\u003e irq 16 at device 28.1 on pci0\npci3: \u003cACPI PCI bus\u003e on pcib2\niwn0: \u003cIntel(R) PRO/Wireless 4965BGN\u003e mem 0xf0200000-0xf0201fff irq 17 at device 0.0 on pci3\niwn0: Reg Domain: JPN, address 00:1f:3b:66:15:dd\niwn0: [ITHREAD]\niwn0: 11a rates: 6Mbps 9Mbps 12Mbps 18Mbps 24Mbps 36Mbps 48Mbps 54Mbps\niwn0: 11b rates: 1Mbps 2Mbps 5.5Mbps 11Mbps\niwn0: 11g rates: 1Mbps 2Mbps 5.5Mbps 11Mbps 6Mbps 9Mbps 12Mbps 18Mbps 24Mbps 36Mbps 48Mbps 54Mbps\niwn0: 11na MCS: 15Mbps 30Mbps 45Mbps 60Mbps 90Mbps 120Mbps 135Mbps 150Mbps 30Mbps 60Mbps 90Mbps 120Mbps 180Mbps 240Mbps 270Mbps 300Mbps\niwn0: 11ng MCS: 15Mbps 30Mbps 45Mbps 60Mbps 90Mbps 120Mbps 135Mbps 150Mbps 30Mbps 60Mbps 90Mbps 120Mbps 180Mbps 240Mbps 270Mbps 300Mbps\npcib3: \u003cACPI PCI-PCI bridge\u003e irq 18 at device 28.2 on pci0\npci4: \u003cACPI PCI bus\u003e on pcib3\nre0: \u003cRealTek 8101E/8102E/8102EL PCIe 10/100baseTX\u003e port 0x2000-0x20ff mem 0xf0610000-0xf0610fff,0xf0600000-0xf060ffff irq 18 at device 0.0 on pci4\nre0: Using 1 MSI messages\nre0: Chip rev. 0x24800000\nre0: MAC rev. 0x00000000\nmiibus0: \u003cMII bus\u003e on re0\nrlphy0: \u003cRTL8201L 10/100 media interface\u003e PHY 1 on miibus0\nrlphy0:  10baseT, 10baseT-FDX, 100baseTX, 100baseTX-FDX, auto\nre0: Ethernet address: 00:21:70:d5:9e:9d\nre0: [FILTER]\nuhci0: \u003cUHCI (generic) USB controller\u003e port 0x1820-0x183f irq 23 at device 29.0 on pci0\nuhci0: [ITHREAD]\nuhci0: LegSup = 0x003b\nusbus0: \u003cUHCI (generic) USB controller\u003e on uhci0\nuhci1: \u003cUHCI (generic) USB controller\u003e port 0x1840-0x185f irq 19 at device 29.1 on pci0\nuhci1: [ITHREAD]\nuhci1: LegSup = 0x0010\nusbus1: \u003cUHCI (generic) USB controller\u003e on uhci1\nuhci2: \u003cUHCI (generic) USB controller\u003e port 0x1860-0x187f irq 18 at device 29.2 on pci0\nuhci2: [ITHREAD]\nuhci2: LegSup = 0x0010\nusbus2: \u003cUHCI (generic) USB controller\u003e on uhci2\nuhci3: \u003cUHCI (generic) USB controller\u003e port 0x1880-0x189f irq 16 at device 29.3 on pci0\nuhci3: [ITHREAD]\nuhci3: LegSup = 0x0010\nusbus3: \u003cUHCI (generic) USB controller\u003e on uhci3\nehci0: \u003cIntel 82801GB/R (ICH7) USB 2.0 controller\u003e mem 0xf0544000-0xf05443ff irq 23 at device 29.7 on pci0\nehci0: [ITHREAD]\nusbus4: EHCI version 1.0\nusbus4: \u003cIntel 82801GB/R (ICH7) USB 2.0 controller\u003e on ehci0\npcib4: \u003cACPI PCI-PCI bridge\u003e at device 30.0 on pci0\npci5: \u003cACPI PCI bus\u003e on pcib4\nisab0: \u003cPCI-ISA bridge\u003e at device 31.0 on pci0\nisa0: \u003cISA bus\u003e on isab0\natapci0: \u003cIntel ICH7 UDMA100 controller\u003e port 0x1f0-0x1f7,0x3f6,0x170-0x177,0x376,0x1810-0x181f at device 31.1 on pci0\nata0: \u003cATA channel 0\u003e on atapci0\nata0: [ITHREAD]\npci0: \u003cserial bus, SMBus\u003e at device 31.3 (no driver attached)\nacpi_tz0: \u003cThermal Zone\u003e on acpi0\nacpi_acad0: \u003cAC Adapter\u003e on acpi0\natrtc0: \u003cAT realtime clock\u003e port 0x70-0x77 irq 8 on acpi0\natrtc0: Warning: Couldn't map I/O.\nbattery0: \u003cACPI Control Method Battery\u003e on acpi0\natkbdc0: \u003cKeyboard controller (i8042)\u003e port 0x60,0x64 irq 1 on acpi0\natkbd0: \u003cAT Keyboard\u003e irq 1 on atkbdc0\nkbd0 at atkbd0\natkbd0: [GIANT-LOCKED]\natkbd0: [ITHREAD]\npsm0: \u003cPS/2 Mouse\u003e irq 12 on atkbdc0\npsm0: [GIANT-LOCKED]\npsm0: [ITHREAD]\npsm0: model Generic PS/2 mouse, device ID 0\ncpu0: \u003cACPI CPU\u003e on acpi0\nest0: \u003cEnhanced SpeedStep Frequency Control\u003e on cpu0\np4tcc0: \u003cCPU Frequency Thermal Control\u003e on cpu0\ncpu1: \u003cACPI CPU\u003e on acpi0\nest1: \u003cEnhanced SpeedStep Frequency Control\u003e on cpu1\np4tcc1: \u003cCPU Frequency Thermal Control\u003e on cpu1\npmtimer0 on isa0\norm0: \u003cISA Option ROMs\u003e at iomem 0xcf000-0xcffff,0xe0000-0xe17ff pnpid ORM0000 on isa0\nsc0: \u003cSystem console\u003e at flags 0x100 on isa0\nsc0: VGA \u003c16 virtual consoles, flags=0x300\u003e\nvga0: \u003cGeneric ISA VGA\u003e at port 0x3c0-0x3df iomem 0xa0000-0xbffff on isa0\nppc0: parallel port not found.\nWARNING: ZFS is considered to be an experimental feature in FreeBSD.\nTimecounters tick every 1.000 msec\nusbus0: 12Mbps Full Speed USB v1.0\nusbus1: 12Mbps Full Speed USB v1.0\nusbus2: 12Mbps Full Speed USB v1.0\nusbus3: 12Mbps Full Speed USB v1.0\nusbus4: 480Mbps High Speed USB v2.0\nZFS filesystem version 13\nZFS storage pool version 13\nad0: FAILURE - SETFEATURES ENABLE RCACHE status=51\u003cREADY,DSC,ERROR\u003e error=1\u003cILLugen0.1: \u003cIntel\u003e at usbus0\nuhub0: \u003cIntel UHCI root HUB, class 9/0, rev 1.00/1.00, addr 1\u003e on usbus0\nugen1.1: \u003cIntel\u003e at usbus1\nuhub1: \u003cIntel UHCI root HUB, class 9/0, rev 1.00/1.00, addr 1\u003e on usbus1\nugen2.1: \u003cIntel\u003e at usbus2\nuhub2: \u003cIntel UHCI root HUB, class 9/0, rev 1.00/1.00, addr 1\u003e on usbus2\nugen3.1: \u003cIntel\u003e at usbus3\nuhub3: \u003cIntel UHCI root HUB, class 9/0, rev 1.00/1.00, addr 1\u003e on usbus3\nugen4.1: \u003cIntel\u003e at usbus4\nuhub4: \u003cIntel EHCI root HUB, class 9/0, rev 2.00/1.00, addr 1\u003e on usbus4\nEGAL_LENGTH\u003e\nad0: 29389MB \u003cSTEC PATA 32GB D5221-10\u003e at ata0-master UDMA100\nhdac0: HDA Codec #0: Realtek ALC268\npcm0: \u003cHDA Realtek ALC268 PCM #0 Analog\u003e at cad 0 nid 1 on hdac0\npcm1: \u003cHDA Realtek ALC268 PCM #1 Analog\u003e at cad 0 nid 1 on hdac0\nGEOM_LABEL: Label for provider ad0s1a is ufsid/496440b894f6de1c.\nmmcsd0: 3781MB \u003cSDHC Memory Card\u003e at mmc0 25MHz/4bit\nSMP: AP CPU #1 Launched!\nGEOM: mmcsd0: partition 1 does not start on a track boundary.\nGEOM: mmcsd0: partition 1 does not end on a track boundary.\nGEOM_LABEL: Label for provider mmcsd0s1 is msdosfs/\\M^C{\\M^C\\M^J\\M^C\\M^E\\M^A[\\M^C\\M^@.\nRoot mount waiting for: usbus4 usbus3 usbus2 usbus1 usbus0\nuhub1: 2 ports with 2 removable, self powered\nuhub0: 2 ports with 2 removable, self powered\nuhub2: 2 ports with 2 removable, self powered\nuhub3: 2 ports with 2 removable, self powered\nRoot mount waiting for: usbus4\nRoot mount waiting for: usbus4\nRoot mount waiting for: usbus4\nuhub4: 8 ports with 8 removable, self powered\nRoot mount waiting for: usbus4\nugen4.2: \u003cGenesys\u003e at usbus4\numass0: \u003cGenesys USB Reader, class 0/0, rev 2.00/94.04, addr 2\u003e on usbus4\numass0:  SCSI over Bulk-Only; quirks = 0x0000\nRoot mount waiting for: usbus4\nugen3.2: \u003cBroadcom Corp\u003e at usbus3\nubt0: \u003cBroadcom Corp BCM92045NMD, class 224/1, rev 2.00/1.00, addr 2\u003e on usbus3\numass0:0:0:-1: Attached to scbus0\nTrying to mount root from zfs:tank/root\n(probe0:umass-sim0:0:0:0): TEST UNIT READY. CDB: 0 0 0 0 0 0 \n(probe0:umass-sim0:0:0:0): CAM Status: SCSI Status Error\n(probe0:umass-sim0:0:0:0): SCSI Status: Check Condition\n(probe0:umass-sim0:0:0:0): UNIT ATTENTION asc:28,0\n(probe0:umass-sim0:0:0:0): Not ready to ready change, medium may have changed\n(probe0:umass-sim0:0:0:0): Retrying Command (per Sense Data)\nda0 at umass-sim0 bus 0 target 0 lun 0\nda0: \u003cGeneric STORAGE DEVICE 9404\u003e Removable Direct Access SCSI-0 device \nda0: 40.000MB/s transfers\nda0: 1947MB (3987456 512 byte sectors: 255H 63S/T 248C)\nGEOM: da0: partition 1 does not start on a track boundary.\nGEOM: da0: partition 1 does not end on a track boundary.\nGEOM_LABEL: Label for provider da0s1 is msdosfs/WX340K.\nGEOM_LABEL: Label ufsid/496440b894f6de1c removed.\nGEOM_LABEL: Label for provider ad0s1a is ufsid/496440b894f6de1c.\nGEOM_LABEL: Label ufsid/496440b894f6de1c removed.\nwlan0: Ethernet address: 00:1f:3b:66:15:dd\nWARNING: attempt to net_add_domain(bluetooth) after domainfinalize()\nWARNING: attempt to net_add_domain(netgraph) after domainfinalize()\nGEOM_LABEL: Label for provider md0 is ufsid/4a265751b1244b1f.\nGEOM_LABEL: Label ufsid/4a265751b1244b1f removed.\nlink_elf: symbol kern_socketpair undefined\nfuse4bsd: version 0.3.9-pre1, FUSE ABI 7.8\nlink_elf: symbol kern_socketpair undefined\nKLD linprocfs.ko: depends on linux - not available\ndrm0: \u003cIntel i945GME\u003e on vgapci0\nvgapci0: child drm0 requested pci_enable_busmaster\ninfo: [drm] AGP at 0xd0000000 256MB\ninfo: [drm] Initialized i915 1.6.0 20080730\ndrm0: [ITHREAD]\n\nHow-To-Repeat: Inserting USB device."
}