{
 "id": 892098,
 "bug_id": 211713,
 "attachment_id": 0,
 "creation_time": "2016-08-10T07:24:37Z",
 "creator": "arkadiusz.majewski@iptrace.pl",
 "text": "Copyright (c) 1992-2016 The FreeBSD Project.\nCopyright (c) 1979, 1980, 1983, 1986, 1988, 1989, 1991, 1992, 1993, 1994\n        The Regents of the University of California. All rights reserved.\nFreeBSD is a registered trademark of The FreeBSD Foundation.\nFreeBSD 10.3-RELEASE #0 r297264: Fri Mar 25 02:10:02 UTC 2016\n    root@releng1.nyi.freebsd.org:/usr/obj/usr/src/sys/GENERIC amd64\nFreeBSD clang version 3.4.1 (tags/RELEASE_34/dot1-final 208032) 20140512\nVT(efifb): resolution 1280x1024\nCPU: Intel(R) Xeon(R) CPU E5-2650 v3 @ 2.30GHz (2300.05-MHz K8-class CPU)\n  Origin=\"GenuineIntel\"  Id=0x306f2  Family=0x6  Model=0x3f  Stepping=2\n  Features=0xbfebfbff\u003cFPU,VME,DE,PSE,TSC,MSR,PAE,MCE,CX8,APIC,SEP,MTRR,PGE,MCA,CMOV,PAT,PSE36,CLFLUSH,DTS,ACPI,MMX,FXSR,SSE,SSE2,SS,HTT,TM,PBE\u003e\n  Features2=0x7ffefbff\u003cSSE3,PCLMULQDQ,DTES64,MON,DS_CPL,VMX,SMX,EST,TM2,SSSE3,SDBG,FMA,CX16,xTPR,PDCM,PCID,DCA,SSE4.1,SSE4.2,x2APIC,MOVBE,POPCNT,TSCDLT,AESNI,XSAVE,OSXSAVE,AVX,F16C,RDRAND\u003e\n  AMD Features=0x2c100800\u003cSYSCALL,NX,Page1GB,RDTSCP,LM\u003e\n  AMD Features2=0x21\u003cLAHF,ABM\u003e\n  Structured Extended Features=0x37ab\u003cFSGSBASE,TSCADJ,BMI1,AVX2,SMEP,BMI2,ERMS,INVPCID,PQM,NFPUSG\u003e\n  XSAVE Features=0x1\u003cXSAVEOPT\u003e\n  VT-x: PAT,HLT,MTF,PAUSE,EPT,UG,VPID,VID,PostIntr\n  TSC: P-state invariant, performance statistics\nreal memory  = 274869518336 (262136 MB)\navail memory = 267073318912 (254700 MB)\nEvent timer \"LAPIC\" quality 600\nACPI APIC Table: \u003cGBT    GBTUACPI\u003e\nFreeBSD/SMP: Multiprocessor System Detected: 40 CPUs\nFreeBSD/SMP: 2 package(s) x 10 core(s) x 2 SMT threads\n cpu0 (BSP): APIC ID:  0\n cpu1 (AP): APIC ID:  1\n cpu2 (AP): APIC ID:  2\n cpu3 (AP): APIC ID:  3\n cpu4 (AP): APIC ID:  4\n cpu5 (AP): APIC ID:  5\n cpu6 (AP): APIC ID:  6\n cpu7 (AP): APIC ID:  7\n cpu8 (AP): APIC ID:  8\n cpu9 (AP): APIC ID:  9\n cpu10 (AP): APIC ID: 16\n cpu11 (AP): APIC ID: 17\n cpu12 (AP): APIC ID: 18\n cpu13 (AP): APIC ID: 19\n cpu14 (AP): APIC ID: 20\n cpu15 (AP): APIC ID: 21\n cpu16 (AP): APIC ID: 22\n cpu17 (AP): APIC ID: 23\n cpu18 (AP): APIC ID: 24\n cpu19 (AP): APIC ID: 25\n cpu20 (AP): APIC ID: 32\n cpu21 (AP): APIC ID: 33\n cpu22 (AP): APIC ID: 34\n cpu23 (AP): APIC ID: 35\n cpu24 (AP): APIC ID: 36\n cpu25 (AP): APIC ID: 37\n cpu26 (AP): APIC ID: 38\n cpu27 (AP): APIC ID: 39\n cpu28 (AP): APIC ID: 40\n cpu29 (AP): APIC ID: 41\n cpu30 (AP): APIC ID: 48\n cpu31 (AP): APIC ID: 49\n cpu32 (AP): APIC ID: 50\n cpu33 (AP): APIC ID: 51\n cpu34 (AP): APIC ID: 52\n cpu35 (AP): APIC ID: 53\n cpu36 (AP): APIC ID: 54\n cpu37 (AP): APIC ID: 55\n cpu38 (AP): APIC ID: 56\n cpu39 (AP): APIC ID: 57\nrandom: \u003cSoftware, Yarrow\u003e initialized\nioapic0 \u003cVersion 2.0\u003e irqs 0-23 on motherboard\nioapic1 \u003cVersion 2.0\u003e irqs 24-47 on motherboard\nioapic2 \u003cVersion 2.0\u003e irqs 48-71 on motherboard\nmodule_register_init: MOD_LOAD (vesa, 0xffffffff80dc6500, 0) error 19\nkbd0 at kbdmux0\nacpi0: \u003cGBT GBTUACPI\u003e on motherboard\nacpi0: Power Button (fixed)\ncpu0: \u003cACPI CPU\u003e on acpi0\ncpu1: \u003cACPI CPU\u003e on acpi0\ncpu2: \u003cACPI CPU\u003e on acpi0\ncpu3: \u003cACPI CPU\u003e on acpi0\ncpu4: \u003cACPI CPU\u003e on acpi0\ncpu5: \u003cACPI CPU\u003e on acpi0\ncpu6: \u003cACPI CPU\u003e on acpi0\ncpu7: \u003cACPI CPU\u003e on acpi0\ncpu8: \u003cACPI CPU\u003e on acpi0\ncpu9: \u003cACPI CPU\u003e on acpi0\ncpu10: \u003cACPI CPU\u003e on acpi0\ncpu11: \u003cACPI CPU\u003e on acpi0\ncpu12: \u003cACPI CPU\u003e on acpi0\ncpu13: \u003cACPI CPU\u003e on acpi0\ncpu14: \u003cACPI CPU\u003e on acpi0\ncpu15: \u003cACPI CPU\u003e on acpi0\ncpu16: \u003cACPI CPU\u003e on acpi0\ncpu17: \u003cACPI CPU\u003e on acpi0\ncpu18: \u003cACPI CPU\u003e on acpi0\ncpu19: \u003cACPI CPU\u003e on acpi0\ncpu20: \u003cACPI CPU\u003e on acpi0\ncpu21: \u003cACPI CPU\u003e on acpi0\ncpu22: \u003cACPI CPU\u003e on acpi0\ncpu23: \u003cACPI CPU\u003e on acpi0\ncpu24: \u003cACPI CPU\u003e on acpi0\ncpu25: \u003cACPI CPU\u003e on acpi0\ncpu26: \u003cACPI CPU\u003e on acpi0\ncpu27: \u003cACPI CPU\u003e on acpi0\ncpu28: \u003cACPI CPU\u003e on acpi0\ncpu29: \u003cACPI CPU\u003e on acpi0\ncpu30: \u003cACPI CPU\u003e on acpi0\ncpu31: \u003cACPI CPU\u003e on acpi0\ncpu32: \u003cACPI CPU\u003e on acpi0\ncpu33: \u003cACPI CPU\u003e on acpi0\ncpu34: \u003cACPI CPU\u003e on acpi0\ncpu35: \u003cACPI CPU\u003e on acpi0\ncpu36: \u003cACPI CPU\u003e on acpi0\ncpu37: \u003cACPI CPU\u003e on acpi0\ncpu38: \u003cACPI CPU\u003e on acpi0\ncpu39: \u003cACPI CPU\u003e on acpi0\natrtc0: \u003cAT realtime clock\u003e port 0x70-0x71,0x74-0x77 irq 8 on acpi0\nEvent timer \"RTC\" frequency 32768 Hz quality 0\nattimer0: \u003cAT timer\u003e port 0x40-0x43,0x50-0x53 irq 0 on acpi0\nTimecounter \"i8254\" frequency 1193182 Hz quality 0\nEvent timer \"i8254\" frequency 1193182 Hz quality 100\nhpet0: \u003cHigh Precision Event Timer\u003e iomem 0xfed00000-0xfed003ff on acpi0\nTimecounter \"HPET\" frequency 14318180 Hz quality 950\nEvent timer \"HPET\" frequency 14318180 Hz quality 350\nEvent timer \"HPET1\" frequency 14318180 Hz quality 340\nEvent timer \"HPET2\" frequency 14318180 Hz quality 340\nEvent timer \"HPET3\" frequency 14318180 Hz quality 340\nEvent timer \"HPET4\" frequency 14318180 Hz quality 340\nEvent timer \"HPET5\" frequency 14318180 Hz quality 340\nEvent timer \"HPET6\" frequency 14318180 Hz quality 340\nEvent timer \"HPET7\" frequency 14318180 Hz quality 340\nTimecounter \"ACPI-fast\" frequency 3579545 Hz quality 900\nacpi_timer0: \u003c24-bit timer at 3.579545MHz\u003e port 0x408-0x40b on acpi0\npcib0: \u003cACPI Host-PCI bridge\u003e on acpi0\npci255: \u003cACPI PCI bus\u003e on pcib0\npcib1: \u003cACPI Host-PCI bridge\u003e on acpi0\npci127: \u003cACPI PCI bus\u003e on pcib1\npcib2: \u003cACPI Host-PCI bridge\u003e port 0xcf8-0xcff on acpi0\npci0: \u003cACPI PCI bus\u003e on pcib2\npcib3: \u003cACPI PCI-PCI bridge\u003e irq 26 at device 1.0 on pci0\npci1: \u003cACPI PCI bus\u003e on pcib3\npcib4: \u003cACPI PCI-PCI bridge\u003e irq 32 at device 2.0 on pci0\npci2: \u003cACPI PCI bus\u003e on pcib4\npcib5: \u003cACPI PCI-PCI bridge\u003e irq 32 at device 2.2 on pci0\npci3: \u003cACPI PCI bus\u003e on pcib5\npcib6: \u003cACPI PCI-PCI bridge\u003e irq 40 at device 3.0 on pci0\npci4: \u003cACPI PCI bus\u003e on pcib6\npcib7: \u003cACPI PCI-PCI bridge\u003e irq 40 at device 3.2 on pci0\npci5: \u003cACPI PCI bus\u003e on pcib7\npci0: \u003cunknown\u003e at device 17.0 (no driver attached)\nxhci0: \u003cXHCI (generic) USB 3.0 controller\u003e mem 0xc7200000-0xc720ffff irq 19 at device 20.0 on pci0\nxhci0: 32 bytes context size, 64-bit DMA\nusbus0 on xhci0\npci0: \u003csimple comms\u003e at device 22.0 (no driver attached)\npci0: \u003csimple comms\u003e at device 22.1 (no driver attached)\nehci0: \u003cEHCI (generic) USB 2.0 controller\u003e mem 0xc7214000-0xc72143ff irq 18 at device 26.0 on pci0\nusbus1: EHCI version 1.0\nusbus1 on ehci0\npcib8: \u003cACPI PCI-PCI bridge\u003e irq 16 at device 28.0 on pci0\npci6: \u003cACPI PCI bus\u003e on pcib8\npcib9: \u003cACPI PCI-PCI bridge\u003e irq 18 at device 28.2 on pci0\npci7: \u003cACPI PCI bus\u003e on pcib9\npcib10: \u003cACPI PCI-PCI bridge\u003e at device 0.0 on pci7\npci8: \u003cACPI PCI bus\u003e on pcib10\nvgapci0: \u003cVGA-compatible display\u003e port 0x6000-0x607f mem 0xc6000000-0xc6ffffff,0xc7000000-0xc701ffff irq 16 at device 0.0 on pci8\nvgapci0: Boot video device\npcib11: \u003cACPI PCI-PCI bridge\u003e irq 16 at device 28.4 on pci0\npci9: \u003cACPI PCI bus\u003e on pcib11\nnvme0: \u003cGeneric NVMe Device\u003e mem 0xc7100000-0xc7103fff irq 16 at device 0.0 on pci9\nehci1: \u003cEHCI (generic) USB 2.0 controller\u003e mem 0xc7213000-0xc72133ff irq 18 at device 29.0 on pci0\nusbus2: EHCI version 1.0\nusbus2 on ehci1\nisab0: \u003cPCI-ISA bridge\u003e at device 31.0 on pci0\nisa0: \u003cISA bus\u003e on isab0\nahci0: \u003cIntel Wellsburg AHCI SATA controller\u003e port 0x7050-0x7057,0x7040-0x7043,0x7030-0x7037,0x7020-0x7023,0x7000-0x701f mem 0xc7212000-0xc72127ff irq 16 at device 31.2 on pci0\nahci0: AHCI v1.30 with 6 6Gbps ports, Port Multiplier not supported\nahcich0: \u003cAHCI channel\u003e at channel 0 on ahci0\nahcich1: \u003cAHCI channel\u003e at channel 1 on ahci0\nahcich2: \u003cAHCI channel\u003e at channel 2 on ahci0\nahcich3: \u003cAHCI channel\u003e at channel 3 on ahci0\nahciem0: \u003cAHCI enclosure management bridge\u003e on ahci0\npcib12: \u003cACPI Host-PCI bridge\u003e on acpi0\npci128: \u003cACPI PCI bus\u003e on pcib12\npcib13: \u003cACPI PCI-PCI bridge\u003e irq 50 at device 1.0 on pci128\npci129: \u003cACPI PCI bus\u003e on pcib13\nigb0: \u003cIntel(R) PRO/1000 Network Connection, Version - 2.5.3-k\u003e port 0xf020-0xf03f mem 0xfbd20000-0xfbd3ffff,0xfbd44000-0xfbd47fff irq 50 at device 0.0 on pci129\nigb0: Using MSIX interrupts with 9 vectors\nigb0: Ethernet address: 40:8d:5c:6d:c1:81\nigb0: Bound queue 0 to cpu 0\nigb0: Bound queue 1 to cpu 1\nigb0: Bound queue 2 to cpu 2\nigb0: Bound queue 3 to cpu 3\nigb0: Bound queue 4 to cpu 4\nigb0: Bound queue 5 to cpu 5\nigb0: Bound queue 6 to cpu 6\nigb0: Bound queue 7 to cpu 7\nigb1: \u003cIntel(R) PRO/1000 Network Connection, Version - 2.5.3-k\u003e port 0xf000-0xf01f mem 0xfbd00000-0xfbd1ffff,0xfbd40000-0xfbd43fff irq 52 at device 0.1 on pci129\nigb1: Using MSIX interrupts with 9 vectors\nigb1: Ethernet address: 40:8d:5c:6d:c1:82\nigb1: Bound queue 0 to cpu 8\nigb1: Bound queue 1 to cpu 9\nigb1: Bound queue 2 to cpu 10\nigb1: Bound queue 3 to cpu 11\nigb1: Bound queue 4 to cpu 12\nigb1: Bound queue 5 to cpu 13\nigb1: Bound queue 6 to cpu 14\nigb1: Bound queue 7 to cpu 15\npcib14: \u003cACPI PCI-PCI bridge\u003e irq 56 at device 2.0 on pci128\npci130: \u003cACPI PCI bus\u003e on pcib14\npcib15: \u003cACPI PCI-PCI bridge\u003e at device 0.0 on pci130\npci131: \u003cACPI PCI bus\u003e on pcib15\npcib16: \u003cPCI-PCI bridge\u003e at device 2.0 on pci131\npci132: \u003cPCI bus\u003e on pcib16\nigb2: \u003cIntel(R) PRO/1000 Network Connection, Version - 2.5.3-k\u003e port 0xe020-0xe03f mem 0xfbc20000-0xfbc3ffff,0xfb800000-0xfbbfffff,0xfbc44000-0xfbc47fff irq 61 at device 0.0 on pci132\nigb2: Using MSIX interrupts with 9 vectors\nigb2: Ethernet address: 90:e2:ba:06:6a:d8\nigb2: Bound queue 0 to cpu 16\nigb2: Bound queue 1 to cpu 17\nigb2: Bound queue 2 to cpu 18\nigb2: Bound queue 3 to cpu 19\nigb2: Bound queue 4 to cpu 20\nigb2: Bound queue 5 to cpu 21\nigb2: Bound queue 6 to cpu 22\nigb2: Bound queue 7 to cpu 23\nigb3: \u003cIntel(R) PRO/1000 Network Connection, Version - 2.5.3-k\u003e port 0xe000-0xe01f mem 0xfbc00000-0xfbc1ffff,0xfb000000-0xfb3fffff,0xfbc40000-0xfbc43fff irq 62 at device 0.1 on pci132\nigb3: Using MSIX interrupts with 9 vectors\nigb3: Ethernet address: 90:e2:ba:06:6a:d9\nigb3: Bound queue 0 to cpu 24\nigb3: Bound queue 1 to cpu 25\nigb3: Bound queue 2 to cpu 26\nigb3: Bound queue 3 to cpu 27\nigb3: Bound queue 4 to cpu 28\nigb3: Bound queue 5 to cpu 29\nigb3: Bound queue 6 to cpu 30\nigb3: Bound queue 7 to cpu 31\npcib17: \u003cPCI-PCI bridge\u003e at device 4.0 on pci131\npci133: \u003cPCI bus\u003e on pcib17\nigb4: \u003cIntel(R) PRO/1000 Network Connection, Version - 2.5.3-k\u003e port 0xd020-0xd03f mem 0xfa820000-0xfa83ffff,0xfa400000-0xfa7fffff,0xfa844000-0xfa847fff irq 56 at device 0.0 on pci133\nigb4: Using MSIX interrupts with 9 vectors\nigb4: Ethernet address: 90:e2:ba:06:6a:dc\nigb4: Bound queue 0 to cpu 32\nigb4: Bound queue 1 to cpu 33\nigb4: Bound queue 2 to cpu 34\nigb4: Bound queue 3 to cpu 35\nigb4: Bound queue 4 to cpu 36\nigb4: Bound queue 5 to cpu 37\nigb4: Bound queue 6 to cpu 38\nigb4: Bound queue 7 to cpu 39\nigb5: \u003cIntel(R) PRO/1000 Network Connection, Version - 2.5.3-k\u003e port 0xd000-0xd01f mem 0xfa800000-0xfa81ffff,0xf9c00000-0xf9ffffff,0xfa840000-0xfa843fff irq 60 at device 0.1 on pci133\nigb5: Using MSIX interrupts with 9 vectors\nigb5: Ethernet address: 90:e2:ba:06:6a:dd\nigb5: Bound queue 0 to cpu 0\nigb5: Bound queue 1 to cpu 1\nigb5: Bound queue 2 to cpu 2\nigb5: Bound queue 3 to cpu 3\nigb5: Bound queue 4 to cpu 4\nigb5: Bound queue 5 to cpu 5\nigb5: Bound queue 6 to cpu 6\nigb5: Bound queue 7 to cpu 7\nacpi_button0: \u003cPower Button\u003e on acpi0\nuart0: \u003c16550 or compatible\u003e port 0x3f8-0x3ff irq 4 flags 0x10 on acpi0\nuart1: \u003c16550 or compatible\u003e port 0x2f8-0x2ff irq 3 on acpi0\norm0: \u003cISA Option ROMs\u003e at iomem 0xc0000-0xc7fff,0xc8000-0xc8fff on isa0\nppc0: cannot reserve I/O port range\nest0: \u003cEnhanced SpeedStep Frequency Control\u003e on cpu0\nest1: \u003cEnhanced SpeedStep Frequency Control\u003e on cpu1\nest2: \u003cEnhanced SpeedStep Frequency Control\u003e on cpu2\nest3: \u003cEnhanced SpeedStep Frequency Control\u003e on cpu3\nest4: \u003cEnhanced SpeedStep Frequency Control\u003e on cpu4\nest5: \u003cEnhanced SpeedStep Frequency Control\u003e on cpu5\nest6: \u003cEnhanced SpeedStep Frequency Control\u003e on cpu6\nest7: \u003cEnhanced SpeedStep Frequency Control\u003e on cpu7\nest8: \u003cEnhanced SpeedStep Frequency Control\u003e on cpu8\nest9: \u003cEnhanced SpeedStep Frequency Control\u003e on cpu9\nest10: \u003cEnhanced SpeedStep Frequency Control\u003e on cpu10\nest11: \u003cEnhanced SpeedStep Frequency Control\u003e on cpu11\nest12: \u003cEnhanced SpeedStep Frequency Control\u003e on cpu12\nest13: \u003cEnhanced SpeedStep Frequency Control\u003e on cpu13\nest14: \u003cEnhanced SpeedStep Frequency Control\u003e on cpu14\nest15: \u003cEnhanced SpeedStep Frequency Control\u003e on cpu15\nest16: \u003cEnhanced SpeedStep Frequency Control\u003e on cpu16\nest17: \u003cEnhanced SpeedStep Frequency Control\u003e on cpu17\nest18: \u003cEnhanced SpeedStep Frequency Control\u003e on cpu18\nest19: \u003cEnhanced SpeedStep Frequency Control\u003e on cpu19\nest20: \u003cEnhanced SpeedStep Frequency Control\u003e on cpu20\nest21: \u003cEnhanced SpeedStep Frequency Control\u003e on cpu21\nest22: \u003cEnhanced SpeedStep Frequency Control\u003e on cpu22\nest23: \u003cEnhanced SpeedStep Frequency Control\u003e on cpu23\nest24: \u003cEnhanced SpeedStep Frequency Control\u003e on cpu24\nest25: \u003cEnhanced SpeedStep Frequency Control\u003e on cpu25\nest26: \u003cEnhanced SpeedStep Frequency Control\u003e on cpu26\nest27: \u003cEnhanced SpeedStep Frequency Control\u003e on cpu27\nest28: \u003cEnhanced SpeedStep Frequency Control\u003e on cpu28\nest29: \u003cEnhanced SpeedStep Frequency Control\u003e on cpu29\nest30: \u003cEnhanced SpeedStep Frequency Control\u003e on cpu30\nest31: \u003cEnhanced SpeedStep Frequency Control\u003e on cpu31\nest32: \u003cEnhanced SpeedStep Frequency Control\u003e on cpu32\nest33: \u003cEnhanced SpeedStep Frequency Control\u003e on cpu33\nest34: \u003cEnhanced SpeedStep Frequency Control\u003e on cpu34\nest35: \u003cEnhanced SpeedStep Frequency Control\u003e on cpu35\nest36: \u003cEnhanced SpeedStep Frequency Control\u003e on cpu36\nest37: \u003cEnhanced SpeedStep Frequency Control\u003e on cpu37\nest38: \u003cEnhanced SpeedStep Frequency Control\u003e on cpu38\nest39: \u003cEnhanced SpeedStep Frequency Control\u003e on cpu39\nrandom: unblocking device.\nusbus0: 5.0Gbps Super Speed USB v3.0\nTimecounters tick every 1.000 msec\nusbus1: 480Mbps High Speed USB v2.0\nugen0.1: \u003c0x8086\u003e at usbus0\nuhub0: \u003c0x8086 XHCI root HUB, class 9/0, rev 3.00/1.00, addr 1\u003e on usbus0\nusbus2: 480Mbps High Speed USB v2.0\nugen1.1: \u003cIntel\u003e at usbus1\nuhub1: \u003cIntel EHCI root HUB, class 9/0, rev 2.00/1.00, addr 1\u003e on usbus1\nugen2.1: \u003cIntel\u003e at usbus2\nuhub2: \u003cIntel EHCI root HUB, class 9/0, rev 2.00/1.00, addr 1\u003e on usbus2\nnvd0: \u003cSAMSUNG MZVKW1T0HMLH-00000\u003e NVMe namespace\nnvd0: 976762MB (2000409264 512 byte sectors)\nses0 at ahciem0 bus 0 scbus4 target 0 lun 0\nses0: \u003cAHCI SGPIO Enclosure 1.00 0001\u003e SEMB S-E-S 2.00 device\nses0: SEMB SES Device\nada0 at ahcich0 bus 0 scbus0 target 0 lun 0\nada0: \u003cHGST HDN724040ALE640 MJAOA5E0\u003e ATA8-ACS SATA 3.x device\nada0: Serial Number PK1334PEJH5ULS\nada0: 600.000MB/s transfers (SATA 3.x, UDMA6, PIO 8192bytes)\nada0: Command Queueing enabled\nada0: 3815447MB (7814037168 512 byte sectors)\nada0: Previously was known as ad4\nada1 at ahcich1 bus 0 scbus1 target 0 lun 0\nada1: \u003cHGST HDN724040ALE640 MJAOA5E0\u003e ATA8-ACS SATA 3.x device\nada1: Serial Number PK1334PEJH1VBS\nada1: 600.000MB/s transfers (SATA 3.x, UDMA6, PIO 8192bytes)\nada1: Command Queueing enabled\nada1: 3815447MB (7814037168 512 byte sectors)\nada1: Previously was known as ad6\nada2 at ahcich2 bus 0 scbus2 target 0 lun 0\nada2: \u003cHGST HDN724040ALE640 MJAOA5E0\u003e ATA8-ACS SATA 3.x device\nuhub1: 2 ports with 2 removable, self powered\nada2: Serial Number PK1334PEJGY25S\nuhub2: 2 ports with 2 removable, self powered\nada2: 600.000MB/s transfers (SATA 3.x, UDMA6, PIO 8192bytes)\nada2: Command Queueing enabled\nada2: 3815447MB (7814037168 512 byte sectors)\nada2: Previously was known as ad8\nada3 at ahcich3 bus 0 scbus3 target 0 lun 0\nada3: \u003cHGST HDN724040ALE640 MJAOA5E0\u003e ATA8-ACS SATA 3.x device\nada3: Serial Number PK1334PEJH1UZS\nada3: 600.000MB/s transfers (SATA 3.x, UDMA6, PIO 8192bytes)\nada3: Command Queueing enabled\nada3: 3815447MB (7814037168 512 byte sectors)\nuhub0: 21 ports with 21 removable, self powered\nada3: Previously was known as ad10\nSMP: AP CPU #1 Launched!\nSMP: AP CPU #4 Launched!\nSMP: AP CPU #30 Launched!\nSMP: AP CPU #5 Launched!\nSMP: AP CPU #34 Launched!\nSMP: AP CPU #7 Launched!\nSMP: AP CPU #20 Launched!\nSMP: AP CPU #25 Launched!\nSMP: AP CPU #16 Launched!\nSMP: AP CPU #31 Launched!\nSMP: AP CPU #17 Launched!\nSMP: AP CPU #38 Launched!\nSMP: AP CPU #11 Launched!\nSMP: AP CPU #33 Launched!\nSMP: AP CPU #32 Launched!\nSMP: AP CPU #14 Launched!\nSMP: AP CPU #21 Launched!\nSMP: AP CPU #6 Launched!\nSMP: AP CPU #22 Launched!\nSMP: AP CPU #10 Launched!\nSMP: AP CPU #35 Launched!\nSMP: AP CPU #8 Launched!\nSMP: AP CPU #3 Launched!\nSMP: AP CPU #2 Launched!\nSMP: AP CPU #23 Launched!\nSMP: AP CPU #12 Launched!\nSMP: AP CPU #18 Launched!\nSMP: AP CPU #27 Launched!\nSMP: AP CPU #36 Launched!\nSMP: AP CPU #39 Launched!\nSMP: AP CPU #19 Launched!\nSMP: AP CPU #15 Launched!\nSMP: AP CPU #29 Launched!\nSMP: AP CPU #24 Launched!\nSMP: AP CPU #26 Launched!\nSMP: AP CPU #37 Launched!\nSMP: AP CPU #28 Launched!\nSMP: AP CPU #9 Launched!\nSMP: AP CPU #13 Launched!\nTimecounter \"TSC-low\" frequency 1150026386 Hz quality 1000\nRoot mount waiting for: usbus2 usbus1 usbus0\nugen0.2: \u003cno manufacturer\u003e at usbus0\nuhub3: \u003cno manufacturer Gadget USB HUB, class 9/0, rev 2.00/0.00, addr 1\u003e on usbus0\nugen2.2: \u003cvendor 0x8087\u003e at usbus2\nuhub4: \u003cvendor 0x8087 product 0x8002, class 9/0, rev 2.00/0.05, addr 2\u003e on usbus2\nugen1.2: \u003cvendor 0x8087\u003e at usbus1\nuhub5: \u003cvendor 0x8087 product 0x800a, class 9/0, rev 2.00/0.05, addr 2\u003e on usbus1\nuhub5: 6 ports with 6 removable, self powered\nuhub4: 8 ports with 8 removable, self powered\nuhub3: 5 ports with 5 removable, self powered\nRoot mount waiting for: usbus0\nugen0.3: \u003cAvocent\u003e at usbus0\nukbd0: \u003cKeyboard\u003e on usbus0\nkbd1 at ukbd0\nugen0.4: \u003cDell\u003e at usbus0\nukbd1: \u003cEP1 Interrupt\u003e on usbus0\nkbd2 at ukbd1\nRoot mount waiting for: usbus0\nRoot mount waiting for: usbus0\nugen0.5: \u003cSanDisk\u003e at usbus0\numass0: \u003cSanDisk Extreme, class 0/0, rev 3.00/0.10, addr 4\u003e on usbus0\numass0:  SCSI over Bulk-Only; quirks = 0x0100\numass0:5:0:-1: Attached to scbus5\nTrying to mount root from ufs:/dev/da0p3 [rw,noatime]...\nmountroot: waiting for device /dev/da0p3 ...\nda0 at umass-sim0 bus 0 scbus5 target 0 lun 0\nda0: \u003cSanDisk Extreme 0001\u003e Removable Direct Access SPC-4 SCSI device\nda0: Serial Number AA011021141312316547\nda0: 400.000MB/s transfers\nda0: 61057MB (125045424 512 byte sectors)\nda0: quirks=0x2\u003cNO_6_BYTE\u003e\nWARNING: / was not properly dismounted\nigb0: link state changed to UP\nigb1: link state changed to UP\nigb2: link state changed to UP\nums0: \u003cMouse\u003e on usbus0\nums0: 3 buttons and [Z] coordinates ID=0\nums1: \u003cMouse REL\u003e on usbus0\nums1: 3 buttons and [XYZ] coordinates ID=0"
}