{
 "id": 690746,
 "bug_id": 173251,
 "attachment_id": 0,
 "creation_time": "2012-11-08T13:42:01Z",
 "creator": "michael.schuh@gmail.com",
 "text": "2012/11/6 Alexander Motin \u003cmav@freebsd.org\u003e:\n\u003e Hi.\n\u003e\n\u003e Enabling AHCI mode is quite messy process from the OS point of view, as it\n\u003e requires to change device memory allocation, that is not supposed to happen\n\u003e on that stage. I've decided to not do it. What we should do instead is find\n\u003e why legacy mode on your board is not working correctly. I guess problem is\n\u003e that your BIOS incorrectly setups device resource responsible for SATA\n\u003e registers access. Please provide parts of `pciconf -lvcb` output related to\n\u003e the controller and also full _verbose_ (press respective button in boot\n\u003e menu) dmesg output.\n\u003e\n\u003e --\n\u003e Alexander Motin\n\nYes, i can understand the reasons why not to change the controller modes.\nBetter a stable behaviour than a flaky mem alloc mess. That why i love\nand always prefer FreeBSD over any other OS.\n\nThe funny part for me is: the kernel can see the SATA Channels, just\nnot the disks/drives connected. So it looked for me the ata stuff has\nstopped device scanning after it found the channels.\n\nMany thanks for dealing with this old kind of s... stuff. :-)\n\nThe requested pciconf -lvcb, i leaved it at once. I wasn't really sure\nwhich parts are not needed. i made the earlier tests with and without\nall of the plugged PCI-Cards.\n========\n[root@blaster]~# pciconf -lvcb\nhostb0@pci0:0:0:0:      class=0x060000 card=0x01ae1028 chip=0x27788086\nrev=0x00 hdr=0x00\n    vendor     = 'Intel Corporation'\n    device     = 'E7230/3000/3010 Memory Controller Hub'\n    class      = bridge\n    subclass   = HOST-PCI\n    cap 09[e0] = vendor (length 9) Intel cap 4 version 1\npcib1@pci0:0:1:0:       class=0x060400 card=0x00008086 chip=0x27798086\nrev=0x00 hdr=0x01\n    vendor     = 'Intel Corporation'\n    device     = 'E7230/3000/3010 PCI Express Root Port'\n    class      = bridge\n    subclass   = PCI-PCI\n    cap 0d[88] = PCI Bridge card=0x00008086\n    cap 01[80] = powerspec 2  supports D0 D3  current D0\n    cap 05[90] = MSI supports 1 message\n    cap 10[a0] = PCI-Express 1 root port slot max data 128(128) link x4(x8)\necap 0002[100] = VC 1 max VC1\necap 0005[140] = unknown 1\npcib2@pci0:0:28:0:      class=0x060400 card=0x00000000 chip=0x27d08086\nrev=0x01 hdr=0x01\n    vendor     = 'Intel Corporation'\n    device     = 'N10/ICH 7 Family PCI Express Port 1'\n    class      = bridge\n    subclass   = PCI-PCI\n    cap 10[40] = PCI-Express 1 root port slot max data 128(128) link x0(x4)\n    cap 05[80] = MSI supports 1 message\n    cap 0d[90] = PCI Bridge card=0x00000000\n    cap 01[a0] = powerspec 2  supports D0 D3  current D0\necap 0002[100] = VC 1 max VC1\necap 0005[180] = unknown 1\npcib3@pci0:0:28:4:      class=0x060400 card=0x00000000 chip=0x27e08086\nrev=0x01 hdr=0x01\n    vendor     = 'Intel Corporation'\n    device     = '82801GR/GH/GHM (ICH7 Family) PCI Express Port 5'\n    class      = bridge\n    subclass   = PCI-PCI\n    cap 10[40] = PCI-Express 1 root port slot max data 128(128) link x1(x1)\n    cap 05[80] = MSI supports 1 message\n    cap 0d[90] = PCI Bridge card=0x00000000\n    cap 01[a0] = powerspec 2  supports D0 D3  current D0\necap 0002[100] = VC 1 max VC1\necap 0005[180] = unknown 1\npcib4@pci0:0:28:5:      class=0x060400 card=0x00000000 chip=0x27e28086\nrev=0x01 hdr=0x01\n    vendor     = 'Intel Corporation'\n    device     = '82801GR/GH/GHM (ICH7 Family) PCI Express Port 6'\n    class      = bridge\n    subclass   = PCI-PCI\n    cap 10[40] = PCI-Express 1 root port slot max data 128(128) link x1(x1)\n    cap 05[80] = MSI supports 1 message\n    cap 0d[90] = PCI Bridge card=0x00000000\n    cap 01[a0] = powerspec 2  supports D0 D3  current D0\necap 0002[100] = VC 1 max VC1\necap 0005[180] = unknown 1\nuhci0@pci0:0:29:0:      class=0x0c0300 card=0x01ae1028 chip=0x27c88086\nrev=0x01 hdr=0x00\n    vendor     = 'Intel Corporation'\n    device     = 'N10/ICH 7 Family USB UHCI Controller'\n    class      = serial bus\n    subclass   = USB\n    bar   [20] = type I/O Port, range 32, base 0xff80, size 32, enabled\nuhci1@pci0:0:29:1:      class=0x0c0300 card=0x01ae1028 chip=0x27c98086\nrev=0x01 hdr=0x00\n    vendor     = 'Intel Corporation'\n    device     = 'N10/ICH 7 Family USB UHCI Controller'\n    class      = serial bus\n    subclass   = USB\n    bar   [20] = type I/O Port, range 32, base 0xff60, size 32, enabled\nuhci2@pci0:0:29:2:      class=0x0c0300 card=0x01ae1028 chip=0x27ca8086\nrev=0x01 hdr=0x00\n    vendor     = 'Intel Corporation'\n    device     = 'N10/ICH 7 Family USB UHCI Controller'\n    class      = serial bus\n    subclass   = USB\n    bar   [20] = type I/O Port, range 32, base 0xff40, size 32, enabled\nuhci3@pci0:0:29:3:      class=0x0c0300 card=0x01ae1028 chip=0x27cb8086\nrev=0x01 hdr=0x00\n    vendor     = 'Intel Corporation'\n    device     = 'N10/ICH 7 Family USB UHCI Controller'\n    class      = serial bus\n    subclass   = USB\n    bar   [20] = type I/O Port, range 32, base 0xff20, size 32, enabled\nehci0@pci0:0:29:7:      class=0x0c0320 card=0x01ae1028 chip=0x27cc8086\nrev=0x01 hdr=0x00\n    vendor     = 'Intel Corporation'\n    device     = 'N10/ICH 7 Family USB2 EHCI Controller'\n    class      = serial bus\n    subclass   = USB\n    bar   [10] = type Memory, range 32, base 0xffa80800, size 1024, enabled\n    cap 01[50] = powerspec 2  supports D0 D3  current D0\n    cap 0a[58] = EHCI Debug Port at offset 0xa0 in map 0x14\npcib5@pci0:0:30:0:      class=0x060401 card=0x00000000 chip=0x244e8086\nrev=0xe1 hdr=0x01\n    vendor     = 'Intel Corporation'\n    device     = '82801 PCI Bridge'\n    class      = bridge\n    subclass   = PCI-PCI\n    cap 0d[50] = PCI Bridge card=0x00000000\nisab0@pci0:0:31:0:      class=0x060100 card=0x00000000 chip=0x27b88086\nrev=0x01 hdr=0x00\n    vendor     = 'Intel Corporation'\n    device     = '82801GB/GR (ICH7 Family) LPC Interface Bridge'\n    class      = bridge\n    subclass   = PCI-ISA\n    cap 09[e0] = vendor (length 12) Intel cap 1 version 0\n                 features: Quick Resume, 4 PCI-e x1 slots\natapci0@pci0:0:31:1:    class=0x01018a card=0x01ae1028 chip=0x27df8086\nrev=0x01 hdr=0x00\n    vendor     = 'Intel Corporation'\n    device     = '82801G (ICH7 Family) IDE Controller'\n    class      = mass storage\n    subclass   = ATA\n    bar   [20] = type I/O Port, range 32, base 0xffa0, size 16, enabled\natapci1@pci0:0:31:2:    class=0x01018f card=0x01ae1028 chip=0x27c08086\nrev=0x01 hdr=0x00\n    vendor     = 'Intel Corporation'\n    device     = 'N10/ICH7 Family SATA IDE Controller'\n    class      = mass storage\n    subclass   = ATA\n    bar   [10] = type I/O Port, range 32, base 0xfe00, size  8, enabled\n    bar   [14] = type I/O Port, range 32, base 0xfe10, size  4, enabled\n    bar   [18] = type I/O Port, range 32, base 0xfe20, size  8, enabled\n    bar   [1c] = type I/O Port, range 32, base 0xfe30, size  4, enabled\n    bar   [20] = type I/O Port, range 32, base 0xfea0, size 16, enabled\n    bar   [24] = type Memory, range 32, base 0xeff00000, size 1024, enabled\n    cap 01[70] = powerspec 2  supports D0 D3  current D0\nnone0@pci0:0:31:3:      class=0x0c0500 card=0x01ae1028 chip=0x27da8086\nrev=0x01 hdr=0x00\n    vendor     = 'Intel Corporation'\n    device     = 'N10/ICH 7 Family SMBus Controller'\n    class      = serial bus\n    subclass   = SMBus\n    bar   [20] = type I/O Port, range 32, base 0xece0, size 32, enabled\nem0@pci0:1:0:0: class=0x020000 card=0x135e8086 chip=0x105e8086 rev=0x06 hdr=0x00\n    vendor     = 'Intel Corporation'\n    device     = '82571EB Gigabit Ethernet Controller'\n    class      = network\n    subclass   = ethernet\n    bar   [10] = type Memory, range 32, base 0xfea80000, size 131072, enabled\n    bar   [14] = type Memory, range 32, base 0xfeaa0000, size 131072, enabled\n    bar   [18] = type I/O Port, range 32, base 0xdcc0, size 32, enabled\n    cap 01[c8] = powerspec 2  supports D0 D3  current D0\n    cap 05[d0] = MSI supports 1 message, 64 bit enabled with 1 message\n    cap 10[e0] = PCI-Express 1 endpoint max data 128(256) link x4(x4)\necap 0001[100] = AER 1 0 fatal 1 non-fatal 2 corrected\necap 0003[140] = Serial 1 001517ffffbb22f4\nem1@pci0:1:0:1: class=0x020000 card=0x135e8086 chip=0x105e8086 rev=0x06 hdr=0x00\n    vendor     = 'Intel Corporation'\n    device     = '82571EB Gigabit Ethernet Controller'\n    class      = network\n    subclass   = ethernet\n    bar   [10] = type Memory, range 32, base 0xfeac0000, size 131072, enabled\n    bar   [14] = type Memory, range 32, base 0xfeae0000, size 131072, enabled\n    bar   [18] = type I/O Port, range 32, base 0xdce0, size 32, enabled\n    cap 01[c8] = powerspec 2  supports D0 D3  current D0\n    cap 05[d0] = MSI supports 1 message, 64 bit enabled with 1 message\n    cap 10[e0] = PCI-Express 1 endpoint max data 128(256) link x4(x4)\necap 0001[100] = AER 1 0 fatal 1 non-fatal 2 corrected\necap 0003[140] = Serial 1 001517ffffbb22f4\nre0@pci0:3:0:0: class=0x020000 card=0x816810ec chip=0x816810ec rev=0x01 hdr=0x00\n    vendor     = 'Realtek Semiconductor Co., Ltd.'\n    device     = 'RTL8111/8168B PCI Express Gigabit Ethernet controller'\n    class      = network\n    subclass   = ethernet\n    bar   [10] = type I/O Port, range 32, base 0xcc00, size 256, enabled\n    bar   [18] = type Memory, range 64, base 0xfe7ff000, size 4096, enabled\n    cap 01[40] = powerspec 2  supports D0 D1 D2 D3  current D0\n    cap 03[48] = VPD\n    cap 05[50] = MSI supports 2 messages, 64 bit enabled with 1 message\n    cap 10[60] = PCI-Express 1 endpoint max data 128(1024) link x1(x1)\n    cap 09[84] = vendor (length 76)\necap 0001[100] = AER 1 0 fatal 0 non-fatal 0 corrected\necap 0002[12c] = VC 1 max VC0\necap 0003[148] = Serial 1 7f080000684ce000\necap 0004[154] = unknown 1\nbge0@pci0:4:0:0:        class=0x020000 card=0x01ae1028 chip=0x167714e4\nrev=0x01 hdr=0x00\n    vendor     = 'Broadcom Corporation'\n    device     = 'NetXtreme BCM5751 Gigabit Ethernet PCI Express'\n    class      = network\n    subclass   = ethernet\n    bar   [10] = type Memory, range 64, base 0xfe6f0000, size 65536, enabled\n    cap 01[48] = powerspec 2  supports D0 D3  current D0\n    cap 03[50] = VPD\n    cap 05[58] = MSI supports 8 messages, 64 bit\n    cap 10[d0] = PCI-Express 1 endpoint max data 128(128) link x1(x1)\necap 0001[100] = AER 1 0 fatal 0 non-fatal 0 corrected\necap 0002[13c] = VC 1 max VC0\nemu10kx0@pci0:5:2:0:    class=0x040100 card=0x00211102 chip=0x00021102\nrev=0x04 hdr=0x00\n    vendor     = 'Creative Labs'\n    device     = 'SB Live! EMU10k1'\n    class      = multimedia\n    subclass   = audio\n    bar   [10] = type I/O Port, range 32, base 0xbc60, size 32, enabled\n    cap 01[dc] = powerspec 1  supports D0 D3  current D0\nnone1@pci0:5:2:1:       class=0x098000 card=0x00201102 chip=0x70021102\nrev=0x01 hdr=0x00\n    vendor     = 'Creative Labs'\n    device     = 'SB Live! Game Port'\n    class      = input device\n    bar   [10] = type I/O Port, range 32, base 0xbc58, size  8, enabled\n    cap 01[dc] = powerspec 1  supports D0 D3  current D0\n\nvgapci0@pci0:5:7:0:     class=0x030000 card=0x01ae1028 chip=0x002018ca\nrev=0x00 hdr=0x00\n    vendor     = 'XGI Technology Inc. (eXtreme Graphics Innovation)'\n    device     = 'Z7/Z9 (XG20 core)'\n    class      = display\n    subclass   = VGA\n    bar   [10] = type Prefetchable Memory, range 32, base 0xfc000000,\nsize 33554432, enabled\n    bar   [14] = type Memory, range 32, base 0xfe4c0000, size 262144, enabled\n    bar   [18] = type I/O Port, range 32, base 0xbc80, size 128, enabled\n    cap 01[40] = powerspec 2  supports D0 D1 D2 D3  current D0\n========\n\ndmesg of boot -v kernel.old (Generic build without any changes, no\nspecial loader variables set for ahci/sata\n========\n[root@blaster]~# dmesg\nTable 'FACP' at 0xfd333\nTable 'SSDT' at 0xfffd14c1\nTable 'APIC' at 0xfd427\nAPIC: Found table at 0xfd427\nAPIC: Using the MADT enumerator.\nMADT: Found CPU APIC ID 0 ACPI ID 1: enabled\nSMP: Added CPU 0 (AP)\nMADT: Found CPU APIC ID 1 ACPI ID 2: enabled\nSMP: Added CPU 1 (AP)\nMADT: Found CPU APIC ID 5 ACPI ID 3: disabled\nMADT: Found CPU APIC ID 7 ACPI ID 4: disabled\nCopyright (c) 1992-2012 The FreeBSD Project.\nCopyright (c) 1979, 1980, 1983, 1986, 1988, 1989, 1991, 1992, 1993, 1994\n        The Regents of the University of California. All rights reserved.\nFreeBSD is a registered trademark of The FreeBSD Foundation.\nFreeBSD 9.1-PRERELEASE #3: Wed Oct 31 22:38:12 CET 2012\n    root@blaster.michael-schuh.net:/usr/obj/usr/src/sys/GENERIC amd64\nPreloaded elf kernel \"/boot/kernel.old/kernel\" at 0xffffffff815f9000.\nPreloaded elf obj module \"/boot/kernel.old/splash_bmp.ko\" at 0xffffffff815f9208.\nPreloaded splash_image_data \"/boot/beastie_nebula.bmp\" at 0xffffffff815f9778.\nPreloaded elf obj module \"/boot/kernel.old/geom_label.ko\" at 0xffffffff815f97e0.\nPreloaded elf obj module \"/boot/kernel.old/linux.ko\" at 0xffffffff815f9dd0.\nPreloaded elf obj module \"/boot/kernel.old/acpi_video.ko\" at 0xffffffff815fa580.\nPreloaded elf obj module \"/boot/modules/cuse4bsd.ko\" at 0xffffffff815fab30.\nPreloaded elf obj module \"/boot/modules/vboxdrv.ko\" at 0xffffffff815fb1a0.\ncan't re-use a leaf (geom_label)!\nmodule_register: module g_label already exists!\nModule g_label failed to register: 17\nCalibrating TSC clock ... TSC clock: 2992567950 Hz\nCPU: Intel(R) Pentium(R) D CPU 3.00GHz (2992.57-MHz K8-class CPU)\n  Origin = \"GenuineIntel\"  Id = 0xf62  Family = 0xf  Model = 0x6  Stepping = 2\n  Features=0xbfebfbff\u003cFPU,VME,DE,PSE,TSC,MSR,PAE,MCE,CX8,APIC,SEP,MTRR,PGE,MCA,CMOV,PAT,PSE36,CLFLUSH,DTS,ACPI,MMX,FXSR,SSE,SSE2,SS,HTT,TM,PBE\u003e\n  Features2=0xe43d\u003cSSE3,DTES64,MON,DS_CPL,VMX,CNXT-ID,CX16,xTPR,PDCM\u003e\n  AMD Features=0x20100800\u003cSYSCALL,NX,LM\u003e\n  AMD Features2=0x1\u003cLAHF\u003e\n  TSC: P-state invariant\nreal memory  = 4294967296 (4096 MB)\nPhysical memory chunk(s):\n0x0000000000010000 - 0x000000000009bfff, 573440 bytes (140 pages)\n0x0000000000100000 - 0x00000000001fffff, 1048576 bytes (256 pages)\n0x000000000162a000 - 0x00000000e8d8afff, 3883274240 bytes (948065 pages)\navail memory = 3856080896 (3677 MB)\nINTR: Adding local APIC 0 as a target\nEvent timer \"LAPIC\" quality 400\nACPI APIC Table: \u003cDELL   PESC430\u003e\nINTR: Adding local APIC 0 as a target\nINTR: Adding local APIC 1 as a target\nFreeBSD/SMP: Multiprocessor System Detected: 2 CPUs\nFreeBSD/SMP: 1 package(s) x 2 core(s)\n cpu0 (BSP): APIC ID:  0\n cpu1 (AP): APIC ID:  1\nAPIC: CPU 0 has ACPI ID 1\nAPIC: CPU 1 has ACPI ID 2\nx86bios:  IVT 0x000000-0x0004ff at 0xfffffe0000000000\nx86bios: SSEG 0x098000-0x098fff at 0xffffff8000212000\nx86bios: EBDA 0x09f000-0x09ffff at 0xfffffe000009f000\nx86bios:  ROM 0x0a0000-0x0fefff at 0xfffffe00000a0000\nULE: setup cpu 0\nULE: setup cpu 1\nACPI: RSDP 0xfeb00 00024 (v02 DELL  )\nACPI: XSDT 0xfd23b 0005C (v01 DELL    PESC430 00000007 ASL  00000061)\nACPI: FACP 0xfd333 000F4 (v03 DELL    PESC430 00000007 ASL  00000061)\nACPI: DSDT 0xfffce4df 02E15 (v01   DELL    dt_ex 00001000 INTL 20050309)\nACPI: FACS 0xefe8cc00 00040\nACPI: SSDT 0xfffd14c1 00088 (v01   DELL    st_ex 00001000 INTL 20050309)\nACPI: APIC 0xfd427 00072 (v01 DELL    PESC430 00000007 ASL  00000061)\nACPI: BOOT 0xfd499 00028 (v01 DELL    PESC430 00000007 ASL  00000061)\nACPI: ASF! 0xfd4c1 00067 (v16 DELL    PESC430 00000007 ASL  00000061)\nACPI: MCFG 0xfd528 0003E (v01 DELL    PESC430 00000007 ASL  00000061)\nACPI: HPET 0xfd566 00038 (v01 DELL    PESC430 00000007 ASL  00000061)\nMADT: Found IO APIC ID 8, Interrupt 0 at 0xfec00000\nioapic0: Changing APIC ID to 8\nioapic0: Routing external 8259A's -\u003e intpin 0\nMADT: Interrupt override: source 0, irq 2\nioapic0: Routing IRQ 0 -\u003e intpin 2\nMADT: Interrupt override: source 9, irq 9\nioapic0: intpin 9 trigger: level\nlapic: Routing NMI -\u003e LINT1\nlapic: LINT1 trigger: level\nlapic: LINT1 polarity: high\nioapic0 \u003cVersion 2.0\u003e irqs 0-23 on motherboard\nlapic0: Forcing LINT1 to edge trigger\ncpu0 BSP:\n     ID: 0x00000000   VER: 0x00050014 LDR: 0x00000000 DFR: 0xffffffff\n  lint0: 0x00010700 lint1: 0x00008400 TPR: 0x00000000 SVR: 0x000001ff\n  timer: 0x000100ef therm: 0x00010000 err: 0x000000f0 pmc: 0x00010400\nCuse4BSD v0.1.26 @ /dev/cuse\nwlan: \u003c802.11 Link Layer\u003e\nsnd_unit_init() u=0x00ff8000 [512] d=0x00007c00 [32] c=0x000003ff [1024]\nfeeder_register: snd_unit=-1 snd_maxautovchans=16 latency=5\nfeeder_rate_min=1 feeder_rate_max=2016000 feeder_rate_round=25\nkbd: new array size 4\nkbd1 at kbdmux0\nmem: \u003cmemory\u003e\nnfslock: pseudo-device\nnull: \u003cnull device, zero device\u003e\nrandom: \u003centropy source, Software, Yarrow\u003e\nVESA: INT 0x10 vector 0xc000:0x0bc7\nVESA: information block\n0000   56 45 53 41 00 03 00 01 00 99 00 00 00 00 22 00\n0010   00 99 00 01 00 01 14 01 00 99 46 01 00 99 5a 01\n0020   00 99 02 01 01 01 00 01 03 01 04 01 05 01 07 01\n0030   30 01 31 01 0d 01 0e 01 10 01 11 01 13 01 14 01\n0040   16 01 17 01 19 01 1a 01 32 01 33 01 34 01 35 01\n0050   36 01 37 01 38 01 39 01 3a 01 3b 01 3c 01 3d 01\n0060   3e 01 ff ff 01 01 01 01 01 01 01 01 01 01 01 01\n0070   01 01 01 01 01 01 01 01 01 01 01 01 01 01 01 01\n0080   01 01 01 01 01 01 01 01 01 01 01 01 01 01 01 01\n0090   01 01 01 01 01 01 01 01 01 01 01 01 01 01 01 01\n00a0   01 01 01 01 01 01 01 01 01 01 01 01 01 01 01 01\n00b0   01 01 01 01 01 01 01 01 01 01 01 01 01 01 01 01\n00c0   01 01 01 01 01 01 01 01 01 01 01 01 01 01 01 01\n00d0   01 01 01 01 01 01 01 01 01 01 01 01 01 01 01 01\n00e0   01 01 01 01 01 01 01 01 01 01 01 01 01 01 01 01\n00f0   01 01 01 01 01 01 01 01 01 01 01 01 01 01 01 01\n0100   58 47 49 00 00 00 00 00 00 00 00 00 00 00 00 00\n0110   00 00 00 00 58 47 49 20 54 65 63 68 6e 6f 6c 6f\n0120   67 79 2c 20 49 6e 63 2e 00 00 00 00 00 00 00 00\n0130   00 00 00 00 00 00 00 00 00 00 00 00 00 00 00 00\n0140   00 00 00 00 00 00 56 6f 6c 61 72 69 20 5a 37 00\n0150   00 00 00 00 00 00 00 00 00 00 31 2e 30 32 2e 30\n0160   34 00 00 00 00 00 00 00 00 00 00 00 00 00 00 00\n0170   00 00 00 00 00 00 00 00 00 00 00 00 00 00 00 00\n0180   00 00 00 00 00 00 00 00 00 00 00 00 00 00 00 00\n0190   00 00 00 00 00 00 00 00 00 00 00 00 00 00 00 00\n01a0   00 00 00 00 00 00 00 00 00 00 00 00 00 00 00 00\n01b0   00 00 00 00 00 00 00 00 00 00 00 00 00 00 00 00\n01c0   00 00 00 00 00 00 00 00 00 00 00 00 00 00 00 00\n01d0   00 00 00 00 00 00 00 00 00 00 00 00 00 00 00 00\n01e0   00 00 00 00 00 00 00 00 00 00 00 00 00 00 00 00\n01f0   00 00 00 00 00 00 00 00 00 00 00 00 00 00 00 00\nVESA: 32 mode(s) found\nVESA: v3.0, 16384k memory, flags:0x0, mode table:0xffffff8000258022 (99000022)\nVESA: XGI\nVESA: XGI Technology, Inc. Volari Z7 1.02.04\nio: \u003cI/O\u003e\nsplash: image@0xffffffff81533008, size:64534\nbmp_start(): splash_mode:257\nsplash: image decoder found: splash_bmp\nhptrr: RocketRAID 17xx/2xxx SATA controller driver v1.2\nctl: CAM Target Layer loaded\nacpi0: \u003cDELL PESC430\u003e on motherboard\nPCIe: Memory Mapped configuration base @ 0xf0000000\nioapic0: routing intpin 9 (ISA IRQ 9) to lapic 0 vector 48\nacpi0: Power Button (fixed)\nacpi0: reservation of 0, a0000 (3) failed\nacpi0: reservation of 100000, f00000 (3) failed\nacpi0: reservation of 1000000, eee8cc00 (3) failed\ncpu0: Processor \\\\_PR_.CPU0 (ACPI ID 1) -\u003e APIC ID 0\ncpu0: \u003cACPI CPU\u003e on acpi0\ncpu0: switching to generic Cx mode\ncpu1: Processor \\\\_PR_.CPU1 (ACPI ID 2) -\u003e APIC ID 1\ncpu1: \u003cACPI CPU\u003e on acpi0\nACPI: Processor \\\\_PR_.CPU2 (ACPI ID 3) ignored\nACPI: Processor \\\\_PR_.CPU3 (ACPI ID 4) ignored\natrtc0: \u003cAT realtime clock\u003e port 0x70-0x7f irq 8 on acpi0\natrtc0: registered as a time-of-day clock (resolution 1000000us,\nadjustment 0.500000000s)\nioapic0: routing intpin 8 (ISA IRQ 8) to lapic 0 vector 49\nEvent timer \"RTC\" frequency 32768 Hz quality 0\nattimer0: \u003cAT timer\u003e port 0x40-0x5f irq 0 on acpi0\nTimecounter \"i8254\" frequency 1193182 Hz quality 0\nioapic0: routing intpin 2 (ISA IRQ 0) to lapic 0 vector 50\nEvent timer \"i8254\" frequency 1193182 Hz quality 100\nACPI timer: 1/0 1/0 1/0 1/0 1/0 1/0 1/0 1/0 1/0 1/0 -\u003e 10\nTimecounter \"ACPI-fast\" frequency 3579545 Hz quality 900\nacpi_timer0: \u003c24-bit timer at 3.579545MHz\u003e port 0x808-0x80b on acpi0\nhpet0: \u003cHigh Precision Event Timer\u003e iomem 0xfed00000-0xfed003ff on acpi0\nhpet0: vendor 0x8086, rev 0x1, 14318180Hz 64bit, 3 timers, legacy route\nhpet0:  t0: irqs 0x00f00000 (0), 64bit, periodic\nhpet0:  t1: irqs 0x00f00000 (0)\nhpet0:  t2: irqs 0x00f00800 (0)\nTimecounter \"HPET\" frequency 14318180 Hz quality 950\nioapic0: routing intpin 20 (PCI IRQ 20) to lapic 0 vector 51\nEvent timer \"HPET\" frequency 14318180 Hz quality 450\nEvent timer \"HPET1\" frequency 14318180 Hz quality 440\nEvent timer \"HPET2\" frequency 14318180 Hz quality 440\npci_link0:        Index  IRQ  Rtd  Ref  IRQs\n  Initial Probe       0   11   N     0  3 4 5 6 7 9 10 11 12 15\n  Validation          0   11   N     0  3 4 5 6 7 9 10 11 12 15\n  After Disable       0  255   N     0  3 4 5 6 7 9 10 11 12 15\npci_link1:        Index  IRQ  Rtd  Ref  IRQs\n  Initial Probe       0   10   N     0  3 4 5 6 7 9 10 11 12 15\n  Validation          0   10   N     0  3 4 5 6 7 9 10 11 12 15\n  After Disable       0  255   N     0  3 4 5 6 7 9 10 11 12 15\npci_link2:        Index  IRQ  Rtd  Ref  IRQs\n  Initial Probe       0    3   N     0  3 4 5 6 7 9 10 11 12 15\n  Validation          0    3   N     0  3 4 5 6 7 9 10 11 12 15\n  After Disable       0  255   N     0  3 4 5 6 7 9 10 11 12 15\npci_link3:        Index  IRQ  Rtd  Ref  IRQs\n  Initial Probe       0  255   N     0  3 4 5 6 7 9 10 11 12 15\n  Validation          0  255   N     0  3 4 5 6 7 9 10 11 12 15\n  After Disable       0  255   N     0  3 4 5 6 7 9 10 11 12 15\npci_link4:        Index  IRQ  Rtd  Ref  IRQs\n  Initial Probe       0    5   N     0  3 4 5 6 7 9 10 11 12 15\n  Validation          0    5   N     0  3 4 5 6 7 9 10 11 12 15\n  After Disable       0  255   N     0  3 4 5 6 7 9 10 11 12 15\npci_link5:        Index  IRQ  Rtd  Ref  IRQs\n  Initial Probe       0    9   N     0  3 4 5 6 7 9 10 11 12 15\n  Validation          0    9   N     0  3 4 5 6 7 9 10 11 12 15\n  After Disable       0  255   N     0  3 4 5 6 7 9 10 11 12 15\npci_link6:        Index  IRQ  Rtd  Ref  IRQs\n  Initial Probe       0    5   N     0  3 4 5 6 7 9 10 11 12 15\n  Validation          0    5   N     0  3 4 5 6 7 9 10 11 12 15\n  After Disable       0  255   N     0  3 4 5 6 7 9 10 11 12 15\npci_link7:        Index  IRQ  Rtd  Ref  IRQs\n  Initial Probe       0   10   N     0  3 4 5 6 7 9 10 11 12 15\n  Validation          0   10   N     0  3 4 5 6 7 9 10 11 12 15\n  After Disable       0  255   N     0  3 4 5 6 7 9 10 11 12 15\nacpi_button0: \u003cPower Button\u003e on acpi0\npcib0: \u003cACPI Host-PCI bridge\u003e port 0xcf8-0xcff on acpi0\npcib0: decoding 4 range 0-0xcf7\npcib0: decoding 4 range 0xd00-0xffff\npcib0: decoding 3 range 0xa0000-0xbffff\npcib0: decoding 3 range 0xc0000-0xeffff\npcib0: decoding 3 range 0xf0000-0xfffff\npcib0: decoding 3 range 0xeff00000-0xefffffff\npcib0: decoding 3 range 0xf4000000-0xfebfffff\npcib0: decoding 3 range 0xffa80800-0xffa80bff\npci0: \u003cACPI PCI bus\u003e on pcib0\npci0: domain=0, physical bus=0\nfound-\u003e vendor=0x8086, dev=0x2778, revid=0x00\n        domain=0, bus=0, slot=0, func=0\n        class=06-00-00, hdrtype=0x00, mfdev=0\n        cmdreg=0x0106, statreg=0x2090, cachelnsz=0 (dwords)\n        lattimer=0x00 (0 ns), mingnt=0x00 (0 ns), maxlat=0x00 (0 ns)\nfound-\u003e vendor=0x8086, dev=0x2779, revid=0x00\n        domain=0, bus=0, slot=1, func=0\n        class=06-04-00, hdrtype=0x01, mfdev=0\n        cmdreg=0x0107, statreg=0x0010, cachelnsz=16 (dwords)\n        lattimer=0x00 (0 ns), mingnt=0x02 (500 ns), maxlat=0x00 (0 ns)\n        intpin=a, irq=11\n        powerspec 2  supports D0 D3  current D0\n        MSI supports 1 message\npcib0: matched entry for 0.1.INTA\npcib0: slot 1 INTA hardwired to IRQ 16\nfound-\u003e vendor=0x8086, dev=0x27d0, revid=0x01\n        domain=0, bus=0, slot=28, func=0\n        class=06-04-00, hdrtype=0x01, mfdev=1\n        cmdreg=0x0107, statreg=0x0010, cachelnsz=16 (dwords)\n        lattimer=0x00 (0 ns), mingnt=0x02 (500 ns), maxlat=0x00 (0 ns)\n        intpin=a, irq=11\n        powerspec 2  supports D0 D3  current D0\n        MSI supports 1 message\npcib0: matched entry for 0.28.INTA\npcib0: slot 28 INTA hardwired to IRQ 16\nfound-\u003e vendor=0x8086, dev=0x27e0, revid=0x01\n        domain=0, bus=0, slot=28, func=4\n        class=06-04-00, hdrtype=0x01, mfdev=1\n        cmdreg=0x0107, statreg=0x0010, cachelnsz=16 (dwords)\n        lattimer=0x00 (0 ns), mingnt=0x02 (500 ns), maxlat=0x00 (0 ns)\n        intpin=a, irq=11\n        powerspec 2  supports D0 D3  current D0\n        MSI supports 1 message\npcib0: matched entry for 0.28.INTA\npcib0: slot 28 INTA hardwired to IRQ 16\nfound-\u003e vendor=0x8086, dev=0x27e2, revid=0x01\n        domain=0, bus=0, slot=28, func=5\n        class=06-04-00, hdrtype=0x01, mfdev=1\n        cmdreg=0x0107, statreg=0x0010, cachelnsz=16 (dwords)\n        lattimer=0x00 (0 ns), mingnt=0x02 (500 ns), maxlat=0x00 (0 ns)\n        intpin=b, irq=10\n        powerspec 2  supports D0 D3  current D0\n        MSI supports 1 message\npcib0: matched entry for 0.28.INTB\npcib0: slot 28 INTB hardwired to IRQ 17\nfound-\u003e vendor=0x8086, dev=0x27c8, revid=0x01\n        domain=0, bus=0, slot=29, func=0\n        class=0c-03-00, hdrtype=0x00, mfdev=1\n        cmdreg=0x0005, statreg=0x0280, cachelnsz=0 (dwords)\n        lattimer=0x00 (0 ns), mingnt=0x00 (0 ns), maxlat=0x00 (0 ns)\n        intpin=a, irq=9\n        map[20]: type I/O Port, range 32, base 0xff80, size  5, enabled\n\npcib0: allocated type 4 (0xff80-0xff9f) for rid 20 of pci0:0:29:0\npcib0: matched entry for 0.29.INTA\npcib0: slot 29 INTA hardwired to IRQ 21\nfound-\u003e vendor=0x8086, dev=0x27c9, revid=0x01\n        domain=0, bus=0, slot=29, func=1\n        class=0c-03-00, hdrtype=0x00, mfdev=0\n        cmdreg=0x0005, statreg=0x0280, cachelnsz=0 (dwords)\n        lattimer=0x00 (0 ns), mingnt=0x00 (0 ns), maxlat=0x00 (0 ns)\n        intpin=b, irq=5\n        map[20]: type I/O Port, range 32, base 0xff60, size  5, enabled\npcib0: allocated type 4 (0xff60-0xff7f) for rid 20 of pci0:0:29:1\npcib0: matched entry for 0.29.INTB\npcib0: slot 29 INTB hardwired to IRQ 22\nfound-\u003e vendor=0x8086, dev=0x27ca, revid=0x01\n        domain=0, bus=0, slot=29, func=2\n        class=0c-03-00, hdrtype=0x00, mfdev=0\n        cmdreg=0x0005, statreg=0x0280, cachelnsz=0 (dwords)\n        lattimer=0x00 (0 ns), mingnt=0x00 (0 ns), maxlat=0x00 (0 ns)\n        intpin=c, irq=3\n        map[20]: type I/O Port, range 32, base 0xff40, size  5, enabled\npcib0: allocated type 4 (0xff40-0xff5f) for rid 20 of pci0:0:29:2\npcib0: matched entry for 0.29.INTC\npcib0: slot 29 INTC hardwired to IRQ 18\nfound-\u003e vendor=0x8086, dev=0x27cb, revid=0x01\n        domain=0, bus=0, slot=29, func=3\n        class=0c-03-00, hdrtype=0x00, mfdev=0\n        cmdreg=0x0005, statreg=0x0280, cachelnsz=0 (dwords)\n        lattimer=0x00 (0 ns), mingnt=0x00 (0 ns), maxlat=0x00 (0 ns)\n        intpin=d, irq=10\n        map[20]: type I/O Port, range 32, base 0xff20, size  5, enabled\npcib0: allocated type 4 (0xff20-0xff3f) for rid 20 of pci0:0:29:3\npcib0: matched entry for 0.29.INTD\npcib0: slot 29 INTD hardwired to IRQ 23\nfound-\u003e vendor=0x8086, dev=0x27cc, revid=0x01\n        domain=0, bus=0, slot=29, func=7\n        class=0c-03-20, hdrtype=0x00, mfdev=0\n        cmdreg=0x0106, statreg=0x0290, cachelnsz=0 (dwords)\n        lattimer=0x00 (0 ns), mingnt=0x00 (0 ns), maxlat=0x00 (0 ns)\n        intpin=a, irq=9\n        powerspec 2  supports D0 D3  current D0\n        map[10]: type Memory, range 32, base 0xffa80800, size 10, enabled\npcib0: allocated type 3 (0xffa80800-0xffa80bff) for rid 10 of pci0:0:29:7\npcib0: matched entry for 0.29.INTA\npcib0: slot 29 INTA hardwired to IRQ 21\nfound-\u003e vendor=0x8086, dev=0x244e, revid=0xe1\n        domain=0, bus=0, slot=30, func=0\n        class=06-04-01, hdrtype=0x01, mfdev=0\n        cmdreg=0x0107, statreg=0x0010, cachelnsz=0 (dwords)\n        lattimer=0x00 (0 ns), mingnt=0x0a (2500 ns), maxlat=0x00 (0 ns)\nfound-\u003e vendor=0x8086, dev=0x27b8, revid=0x01\n        domain=0, bus=0, slot=31, func=0\n        class=06-01-00, hdrtype=0x00, mfdev=1\n        cmdreg=0x0107, statreg=0x0210, cachelnsz=0 (dwords)\n        lattimer=0x00 (0 ns), mingnt=0x00 (0 ns), maxlat=0x00 (0 ns)\nfound-\u003e vendor=0x8086, dev=0x27df, revid=0x01\n        domain=0, bus=0, slot=31, func=1\n        class=01-01-8a, hdrtype=0x00, mfdev=0\n        cmdreg=0x0005, statreg=0x0288, cachelnsz=0 (dwords)\n        lattimer=0x00 (0 ns), mingnt=0x00 (0 ns), maxlat=0x00 (0 ns)\n        intpin=a, irq=11\npcib0: allocated type 4 (0x1f0-0x1f7) for rid 10 of pci0:0:31:1\npcib0: allocated type 4 (0x3f6-0x3f6) for rid 14 of pci0:0:31:1\npcib0: allocated type 4 (0x170-0x177) for rid 18 of pci0:0:31:1\npcib0: allocated type 4 (0x376-0x376) for rid 1c of pci0:0:31:1\n        map[20]: type I/O Port, range 32, base 0xffa0, size  4, enabled\npcib0: allocated type 4 (0xffa0-0xffaf) for rid 20 of pci0:0:31:1\npcib0: matched entry for 0.31.INTA\npcib0: slot 31 INTA hardwired to IRQ 16\nfound-\u003e vendor=0x8086, dev=0x27c0, revid=0x01\n        domain=0, bus=0, slot=31, func=2\n        class=01-01-8f, hdrtype=0x00, mfdev=0\n        cmdreg=0x0007, statreg=0x02b0, cachelnsz=0 (dwords)\n        lattimer=0x00 (0 ns), mingnt=0x00 (0 ns), maxlat=0x00 (0 ns)\n        intpin=c, irq=5\n        powerspec 2  supports D0 D3  current D0\n        map[10]: type I/O Port, range 32, base 0xfe00, size  3, enabled\npcib0: allocated type 4 (0xfe00-0xfe07) for rid 10 of pci0:0:31:2\n        map[14]: type I/O Port, range 32, base 0xfe10, size  2, enabled\npcib0: allocated type 4 (0xfe10-0xfe13) for rid 14 of pci0:0:31:2\n        map[18]: type I/O Port, range 32, base 0xfe20, size  3, enabled\npcib0: allocated type 4 (0xfe20-0xfe27) for rid 18 of pci0:0:31:2\n        map[1c]: type I/O Port, range 32, base 0xfe30, size  2, enabled\npcib0: allocated type 4 (0xfe30-0xfe33) for rid 1c of pci0:0:31:2\n        map[20]: type I/O Port, range 32, base 0xfea0, size  4, enabled\npcib0: allocated type 4 (0xfea0-0xfeaf) for rid 20 of pci0:0:31:2\n        map[24]: type Memory, range 32, base 0, size 10, enabled\npcib0: matched entry for 0.31.INTC\npcib0: slot 31 INTC hardwired to IRQ 20\nfound-\u003e vendor=0x8086, dev=0x27da, revid=0x01\n        domain=0, bus=0, slot=31, func=3\n        class=0c-05-00, hdrtype=0x00, mfdev=0\n        cmdreg=0x0101, statreg=0x0280, cachelnsz=0 (dwords)\n        lattimer=0x00 (0 ns), mingnt=0x00 (0 ns), maxlat=0x00 (0 ns)\n        intpin=b, irq=10\n        map[20]: type I/O Port, range 32, base 0xece0, size  5, enabled\npcib0: allocated type 4 (0xece0-0xecff) for rid 20 of pci0:0:31:3\npcib0: matched entry for 0.31.INTB\npcib0: slot 31 INTB hardwired to IRQ 17\npcib1: \u003cACPI PCI-PCI bridge\u003e irq 16 at device 1.0 on pci0\npcib0: allocated type 4 (0xd000-0xdfff) for rid 1c of pcib1\npcib0: allocated type 3 (0xfea00000-0xfeafffff) for rid 20 of pcib1\npcib1:   domain            0\npcib1:   secondary bus     1\npcib1:   subordinate bus   1\npcib1:   I/O decode        0xd000-0xdfff\npcib1:   memory decode     0xfea00000-0xfeafffff\npcib1:   no prefetched decode\npci1: \u003cACPI PCI bus\u003e on pcib1\npci1: domain=0, physical bus=1\nfound-\u003e vendor=0x8086, dev=0x105e, revid=0x06\n        domain=0, bus=1, slot=0, func=0\n        class=02-00-00, hdrtype=0x00, mfdev=1\n        cmdreg=0x0107, statreg=0x0010, cachelnsz=16 (dwords)\n        lattimer=0x00 (0 ns), mingnt=0x00 (0 ns), maxlat=0x00 (0 ns)\n        intpin=a, irq=11\n        powerspec 2  supports D0 D3  current D0\n        MSI supports 1 message, 64 bit\n        map[10]: type Memory, range 32, base 0xfea80000, size 17, enabled\npcib1: allocated memory range (0xfea80000-0xfea9ffff) for rid 10 of pci0:1:0:0\n        map[14]: type Memory, range 32, base 0xfeaa0000, size 17, enabled\npcib1: allocated memory range (0xfeaa0000-0xfeabffff) for rid 14 of pci0:1:0:0\n        map[18]: type I/O Port, range 32, base 0xdcc0, size  5, enabled\npcib1: allocated I/O port range (0xdcc0-0xdcdf) for rid 18 of pci0:1:0:0\npcib1: matched entry for 1.0.INTA\npcib1: slot 0 INTA hardwired to IRQ 16\nfound-\u003e vendor=0x8086, dev=0x105e, revid=0x06\n        domain=0, bus=1, slot=0, func=1\n        class=02-00-00, hdrtype=0x00, mfdev=1\n        cmdreg=0x0107, statreg=0x0010, cachelnsz=16 (dwords)\n        lattimer=0x00 (0 ns), mingnt=0x00 (0 ns), maxlat=0x00 (0 ns)\n        intpin=b, irq=10\n        powerspec 2  supports D0 D3  current D0\n        MSI supports 1 message, 64 bit\n        map[10]: type Memory, range 32, base 0xfeac0000, size 17, enabled\npcib1: allocated memory range (0xfeac0000-0xfeadffff) for rid 10 of pci0:1:0:1\n        map[14]: type Memory, range 32, base 0xfeae0000, size 17, enabled\npcib1: allocated memory range (0xfeae0000-0xfeafffff) for rid 14 of pci0:1:0:1\n        map[18]: type I/O Port, range 32, base 0xdce0, size  5, enabled\npcib1: allocated I/O port range (0xdce0-0xdcff) for rid 18 of pci0:1:0:1\npcib1: matched entry for 1.0.INTB\npcib1: slot 0 INTB hardwired to IRQ 17\nem0: \u003cIntel(R) PRO/1000 Network Connection 7.3.2\u003e port 0xdcc0-0xdcdf\nmem 0xfea80000-0xfea9ffff,0xfeaa0000-0xfeabffff irq 16 at device 0.0\non pci1\nem0: attempting to allocate 1 MSI vectors (1 supported)\nmsi: routing MSI IRQ 256 to local APIC 0 vector 52\nem0: using IRQ 256 for MSI\nem0: Using an MSI interrupt\nem0: Using 1024 TX descriptors instead of 8192!\nem0: Using 1024 RX descriptors instead of 8192!\nem0: bpf attached\nem0: Ethernet address: 00:15:17:bb:22:f4\nem1: \u003cIntel(R) PRO/1000 Network Connection 7.3.2\u003e port 0xdce0-0xdcff\nmem 0xfeac0000-0xfeadffff,0xfeae0000-0xfeafffff irq 17 at device 0.1\non pci1\nem1: attempting to allocate 1 MSI vectors (1 supported)\nmsi: routing MSI IRQ 257 to local APIC 0 vector 53\nem1: using IRQ 257 for MSI\nem1: Using an MSI interrupt\nem1: Using 1024 TX descriptors instead of 8192!\nem1: Using 1024 RX descriptors instead of 8192!\nem1: bpf attached\nem1: Ethernet address: 00:15:17:bb:22:f5\npcib2: \u003cACPI PCI-PCI bridge\u003e irq 16 at device 28.0 on pci0\npcib0: allocated type 3 (0xfe900000-0xfe9fffff) for rid 20 of pcib2\npcib2:   domain            0\npcib2:   secondary bus     2\npcib2:   subordinate bus   2\npcib2:   memory decode     0xfe900000-0xfe9fffff\npcib2:   no prefetched decode\npci2: \u003cACPI PCI bus\u003e on pcib2\npci2: domain=0, physical bus=2\npcib3: \u003cACPI PCI-PCI bridge\u003e irq 16 at device 28.4 on pci0\npcib0: allocated type 4 (0xc000-0xcfff) for rid 1c of pcib3\npcib0: allocated type 3 (0xfe700000-0xfe8fffff) for rid 20 of pcib3\npcib3:   domain            0\npcib3:   secondary bus     3\npcib3:   subordinate bus   3\npcib3:   I/O decode        0xc000-0xcfff\npcib3:   memory decode     0xfe700000-0xfe8fffff\npcib3:   no prefetched decode\npci3: \u003cACPI PCI bus\u003e on pcib3\npci3: domain=0, physical bus=3\nfound-\u003e vendor=0x10ec, dev=0x8168, revid=0x01\n        domain=0, bus=3, slot=0, func=0\n        class=02-00-00, hdrtype=0x00, mfdev=0\n        cmdreg=0x0007, statreg=0x0010, cachelnsz=16 (dwords)\n        lattimer=0x00 (0 ns), mingnt=0x00 (0 ns), maxlat=0x00 (0 ns)\n        intpin=a, irq=11\n        powerspec 2  supports D0 D1 D2 D3  current D0\n        MSI supports 2 messages, 64 bit\n        map[10]: type I/O Port, range 32, base 0xcc00, size  8, enabled\npcib3: allocated I/O port range (0xcc00-0xccff) for rid 10 of pci0:3:0:0\n        map[18]: type Memory, range 64, base 0xfe7ff000, size 12, enabled\npcib3: allocated memory range (0xfe7ff000-0xfe7fffff) for rid 18 of pci0:3:0:0\npcib3: matched entry for 3.0.INTA\npcib3: slot 0 INTA hardwired to IRQ 16\nre0: \u003cRealTek 8168/8111 B/C/CP/D/DP/E/F PCIe Gigabit Ethernet\u003e port\n0xcc00-0xccff mem 0xfe7ff000-0xfe7fffff irq 16 at device 0.0 on pci3\nre0: MSI count : 2\nre0: MSI-X count : 0\nre0: attempting to allocate 1 MSI vectors (2 supported)\nmsi: routing MSI IRQ 258 to local APIC 0 vector 54\nre0: using IRQ 258 for MSI\nre0: Using 1 MSI message\nre0: Chip rev. 0x38000000\nre0: MAC rev. 0x00000000\nmiibus0: \u003cMII bus\u003e on re0\nrgephy0: \u003cRTL8169S/8110S/8211 1000BASE-T media interface\u003e PHY 1 on miibus0\nrgephy0: OUI 0x00e04c, model 0x0011, rev. 2\nrgephy0:  none, 10baseT, 10baseT-FDX, 10baseT-FDX-flow, 100baseTX,\n100baseTX-FDX, 100baseTX-FDX-flow, 1000baseT, 1000baseT-master,\n1000baseT-FDX, 1000baseT-FDX-master, 1000baseT-FDX-flow,\n1000baseT-FDX-flow-master, auto, auto-flow\nre0: bpf attached\nre0: Ethernet address: 74:ea:3a:80:26:74\npcib4: \u003cACPI PCI-PCI bridge\u003e irq 17 at device 28.5 on pci0\npcib0: allocated type 3 (0xfe600000-0xfe6fffff) for rid 20 of pcib4\npcib4:   domain            0\npcib4:   secondary bus     4\npcib4:   subordinate bus   4\npcib4:   memory decode     0xfe600000-0xfe6fffff\npcib4:   no prefetched decode\npci4: \u003cACPI PCI bus\u003e on pcib4\npci4: domain=0, physical bus=4\nfound-\u003e vendor=0x14e4, dev=0x1677, revid=0x01\n        domain=0, bus=4, slot=0, func=0\n        class=02-00-00, hdrtype=0x00, mfdev=0\n        cmdreg=0x0006, statreg=0x0010, cachelnsz=16 (dwords)\n        lattimer=0x00 (0 ns), mingnt=0x00 (0 ns), maxlat=0x00 (0 ns)\n        intpin=a, irq=10\n        powerspec 2  supports D0 D3  current D0\n        MSI supports 8 messages, 64 bit\n        map[10]: type Memory, range 64, base 0xfe6f0000, size 16, enabled\npcib4: allocated memory range (0xfe6f0000-0xfe6fffff) for rid 10 of pci0:4:0:0\npcib4: matched entry for 4.0.INTA\npcib4: slot 0 INTA hardwired to IRQ 17\npci0:4:0:0: bad VPD cksum, remain 14\nbge0: \u003cBroadcom NetXtreme Gigabit Ethernet Controller, ASIC rev.\n0x004001\u003e mem 0xfe6f0000-0xfe6fffff irq 17 at device 0.0 on pci4\nbge0: CHIP ID 0x00004001; ASIC REV 0x04; CHIP REV 0x40; PCI-E\nmiibus1: \u003cMII bus\u003e on bge0\nbrgphy0: \u003cBCM5750 1000BASE-T media interface\u003e PHY 1 on miibus1\nbrgphy0: OUI 0x001018, model 0x0018, rev. 0\nbrgphy0:  10baseT, 10baseT-FDX, 100baseTX, 100baseTX-FDX, 1000baseT,\n1000baseT-master, 1000baseT-FDX, 1000baseT-FDX-master, auto, auto-flow\nbge0: bpf attached\nbge0: Ethernet address: 00:13:72:18:a6:11\nioapic0: routing intpin 17 (PCI IRQ 17) to lapic 0 vector 55\nuhci0: \u003cIntel 82801G (ICH7) USB controller USB-A\u003e port 0xff80-0xff9f\nirq 21 at device 29.0 on pci0\nioapic0: routing intpin 21 (PCI IRQ 21) to lapic 0 vector 56\nusbus0 on uhci0\nusbus0: bpf attached\nuhci0: usbpf: Attached\nuhci1: \u003cIntel 82801G (ICH7) USB controller USB-B\u003e port 0xff60-0xff7f\nirq 22 at device 29.1 on pci0\nioapic0: routing intpin 22 (PCI IRQ 22) to lapic 0 vector 57\nusbus1 on uhci1\nusbus1: bpf attached\nuhci1: usbpf: Attached\nuhci2: \u003cIntel 82801G (ICH7) USB controller USB-C\u003e port 0xff40-0xff5f\nirq 18 at device 29.2 on pci0\nioapic0: routing intpin 18 (PCI IRQ 18) to lapic 0 vector 58\nusbus2 on uhci2\nusbus2: bpf attached\nuhci2: usbpf: Attached\nuhci3: \u003cIntel 82801G (ICH7) USB controller USB-D\u003e port 0xff20-0xff3f\nirq 23 at device 29.3 on pci0\nioapic0: routing intpin 23 (PCI IRQ 23) to lapic 0 vector 59\nusbus3 on uhci3\nusbus3: bpf attached\nuhci3: usbpf: Attached\nehci0: \u003cIntel 82801GB/R (ICH7) USB 2.0 controller\u003e mem\n0xffa80800-0xffa80bff irq 21 at device 29.7 on pci0\nusbus4: EHCI version 1.0\nusbus4 on ehci0\nusbus4: bpf attached\nehci0: usbpf: Attached\npcib5: \u003cACPI PCI-PCI bridge\u003e at device 30.0 on pci0\npcib0: allocated type 4 (0xb000-0xbfff) for rid 1c of pcib5\npcib0: allocated type 3 (0xfe400000-0xfe5fffff) for rid 20 of pcib5\npcib0: allocated type 3 (0xfc000000-0xfdffffff) for rid 24 of pcib5\npcib5:   domain            0\npcib5:   secondary bus     5\npcib5:   subordinate bus   5\npcib5:   I/O decode        0xb000-0xbfff\npcib5:   memory decode     0xfe400000-0xfe5fffff\npcib5:   prefetched decode 0xfc000000-0xfdffffff\npcib5:   Subtractively decoded bridge.\npci5: \u003cACPI PCI bus\u003e on pcib5\npci5: domain=0, physical bus=5\nfound-\u003e vendor=0x1102, dev=0x0002, revid=0x04\n        domain=0, bus=5, slot=2, func=0\n        class=04-01-00, hdrtype=0x00, mfdev=1\n        cmdreg=0x0105, statreg=0x0290, cachelnsz=0 (dwords)\n        lattimer=0x40 (1920 ns), mingnt=0x02 (500 ns), maxlat=0x14 (5000 ns)\n        intpin=a, irq=3\n        powerspec 1  supports D0 D3  current D0\n        map[10]: type I/O Port, range 32, base 0xbc60, size  5, enabled\npcib5: allocated I/O port range (0xbc60-0xbc7f) for rid 10 of pci0:5:2:0\npcib5: matched entry for 5.2.INTA\npcib5: slot 2 INTA hardwired to IRQ 18\nfound-\u003e vendor=0x1102, dev=0x7002, revid=0x01\n        domain=0, bus=5, slot=2, func=1\n        class=09-80-00, hdrtype=0x00, mfdev=1\n        cmdreg=0x0105, statreg=0x0290, cachelnsz=0 (dwords)\n        lattimer=0x40 (1920 ns), mingnt=0x00 (0 ns), maxlat=0x00 (0 ns)\n        powerspec 1  supports D0 D3  current D0\n        map[10]: type I/O Port, range 32, base 0xbc58, size  3, enabled\npcib5: allocated I/O port range (0xbc58-0xbc5f) for rid 10 of pci0:5:2:1\nfound-\u003e vendor=0x18ca, dev=0x0020, revid=0x00\n        domain=0, bus=5, slot=7, func=0\n        class=03-00-00, hdrtype=0x00, mfdev=0\n        cmdreg=0x0003, statreg=0x0230, cachelnsz=0 (dwords)\n        lattimer=0x00 (0 ns), mingnt=0x00 (0 ns), maxlat=0x00 (0 ns)\n        powerspec 2  supports D0 D1 D2 D3  current D0\n        map[10]: type Prefetchable Memory, range 32, base 0xfc000000,\nsize 25, enabled\npcib5: allocated prefetch range (0xfc000000-0xfdffffff) for rid 10 of pci0:5:7:0\n        map[14]: type Memory, range 32, base 0xfe4c0000, size 18, enabled\npcib5: allocated memory range (0xfe4c0000-0xfe4fffff) for rid 14 of pci0:5:7:0\n        map[18]: type I/O Port, range 32, base 0xbc80, size  7, enabled\npcib5: allocated I/O port range (0xbc80-0xbcff) for rid 18 of pci0:5:7:0\nemu10kx0: \u003cCreative SBLive! [CT4620]\u003e port 0xbc60-0xbc7f irq 18 at\ndevice 2.0 on pci5\nemu10kx: setmap (2e40000, 8000), nseg=1, error=0\nemu10kx: setmap (2e50000, 1000), nseg=1, error=0\nemu10kx0: Card Configuration (   0x00000015 )\nemu10kx0: Card Configuration ( \u0026 0xff000000 ) :\nemu10kx0: Card Configuration ( \u0026 0x00ff0000 ) :\nemu10kx0: Card Configuration ( \u0026 0x0000ff00 ) :\nemu10kx0: Card Configuration ( \u0026 0x000000ff ) : [AUTOMUTE]\n[LOCKTANKCACHE] [AUDIOENABLE]\npcm0: \u003cEMU10Kx DSP front PCM interface\u003e on emu10kx0\npcm0: \u003cTriTech TR28023 AC97 Codec (id = 0x54524103)\u003e\npcm0: Codec features 6 bit master volume, no 3D Stereo Enhancement\npcm0: ac97 codec dac ready count: 0\npcm0: Mixer \"vol\":\npcm0: Mixer \"pcm\":\npcm0: Mixer \"speaker\":\npcm0: Mixer \"line\":\npcm0: Mixer \"mic\":\npcm0: Mixer \"cd\":\npcm0: Mixer \"rec\":\npcm0: Mixer \"igain\":\npcm0: Mixer \"line1\":\npcm0: Mixer \"line2\":\npcm0: Mixer \"line3\":\npcm0: Mixer \"dig1\":\npcm0: Mixer \"dig2\":\npcm0: Mixer \"dig3\":\npcm0: Mixer \"phin\":\npcm0: Mixer \"phout\":\npcm0: Mixer \"video\":\npcm0: clone manager: deadline=750ms flags=0x8000001e\nemu10kx: setmap (2e60000, 1000), nseg=1, error=0\nemu10kx: setmap (2e70000, 1000), nseg=1, error=0\nemu10kx: setmap (2ea0000, 1000), nseg=1, error=0\nemu10kx: setmap (2eb0000, 1000), nseg=1, error=0\npcm0: sndbuf_setmap 2ec0000, 10000; 0xffffff80e8dc8000 -\u003e 2ec0000\npcm1: \u003cEMU10Kx DSP rear PCM interface\u003e on emu10kx0\npcm1: Mixer \"vol\":\npcm1: Mixer \"pcm\":\npcm1: clone manager: deadline=750ms flags=0x8000001e\nemu10kx: setmap (2ed0000, 1000), nseg=1, error=0\npci5: \u003cinput device\u003e at device 2.1 (no driver attached)\nvgapci0: \u003cVGA-compatible display\u003e port 0xbc80-0xbcff mem\n0xfc000000-0xfdffffff,0xfe4c0000-0xfe4fffff at device 7.0 on pci5\nisab0: \u003cPCI-ISA bridge\u003e at device 31.0 on pci0\nisa0: \u003cISA bus\u003e on isab0\natapci0: \u003cIntel ICH7 UDMA100 controller\u003e port\n0x1f0-0x1f7,0x3f6,0x170-0x177,0x376,0xffa0-0xffaf irq 16 at device\n31.1 on pci0\nata0: \u003cATA channel\u003e at channel 0 on atapci0\nioapic0: routing intpin 14 (ISA IRQ 14) to lapic 0 vector 60\natapci1: \u003cIntel ICH7 SATA300 controller\u003e port\n0xfe00-0xfe07,0xfe10-0xfe13,0xfe20-0xfe27,0xfe30-0xfe33,0xfea0-0xfeaf\nirq 20 at device 31.2 on pci0\npcib0: allocated type 3 (0xeff00000-0xeff003ff) for rid 24 of atapci1\natapci1: Lazy allocation of 0x400 bytes rid 0x24 type 3 at 0xeff00000\nata2: \u003cATA channel\u003e at channel 0 on atapci1\nata3: \u003cATA channel\u003e at channel 1 on atapci1\npci0: \u003cserial bus, SMBus\u003e at device 31.3 (no driver attached)\nuart0: \u003c16550 or compatible\u003e port 0x3f8-0x3ff irq 4 flags 0x10 on acpi0\nioapic0: routing intpin 4 (ISA IRQ 4) to lapic 0 vector 61\nuart0: fast interrupt\nacpi0: wakeup code va 0xffffff810884f000 pa 0x90000\nex_isa_identify()\nahc_isa_probe 0: ioport 0xc00 alloc failed\nahc_isa_probe 1: ioport 0x1c00 alloc failed\nahc_isa_probe 2: ioport 0x2c00 alloc failed\nahc_isa_probe 3: ioport 0x3c00 alloc failed\nahc_isa_probe 4: ioport 0x4c00 alloc failed\nahc_isa_probe 5: ioport 0x5c00 alloc failed\nahc_isa_probe 6: ioport 0x6c00 alloc failed\nahc_isa_probe 7: ioport 0x7c00 alloc failed\nahc_isa_probe 8: ioport 0x8c00 alloc failed\nahc_isa_probe 9: ioport 0x9c00 alloc failed\nahc_isa_probe 10: ioport 0xac00 alloc failed\nahc_isa_probe 11: ioport 0xbc00 alloc failed\nahc_isa_probe 12: ioport 0xcc00 alloc failed\nahc_isa_probe 13: ioport 0xdc00 alloc failed\nahc_isa_probe 14: ioport 0xec00 alloc failed\npcib0: allocated type 3 (0xa0000-0xa07ff) for rid 0 of orm0\npcib0: allocated type 3 (0xa0800-0xa0fff) for rid 0 of orm0\npcib0: allocated type 3 (0xa1000-0xa17ff) for rid 0 of orm0\npcib0: allocated type 3 (0xa1800-0xa1fff) for rid 0 of orm0\npcib0: allocated type 3 (0xa2000-0xa27ff) for rid 0 of orm0\npcib0: allocated type 3 (0xa2800-0xa2fff) for rid 0 of orm0\npcib0: allocated type 3 (0xa3000-0xa37ff) for rid 0 of orm0\npcib0: allocated type 3 (0xa3800-0xa3fff) for rid 0 of orm0\npcib0: allocated type 3 (0xa4000-0xa47ff) for rid 0 of orm0\npcib0: allocated type 3 (0xa4800-0xa4fff) for rid 0 of orm0\npcib0: allocated type 3 (0xa5000-0xa57ff) for rid 0 of orm0\npcib0: allocated type 3 (0xa5800-0xa5fff) for rid 0 of orm0\npcib0: allocated type 3 (0xa6000-0xa67ff) for rid 0 of orm0\npcib0: allocated type 3 (0xa6800-0xa6fff) for rid 0 of orm0\npcib0: allocated type 3 (0xa7000-0xa77ff) for rid 0 of orm0\npcib0: allocated type 3 (0xa7800-0xa7fff) for rid 0 of orm0\npcib0: allocated type 3 (0xa8000-0xa87ff) for rid 0 of orm0\npcib0: allocated type 3 (0xa8800-0xa8fff) for rid 0 of orm0\npcib0: allocated type 3 (0xa9000-0xa97ff) for rid 0 of orm0\npcib0: allocated type 3 (0xa9800-0xa9fff) for rid 0 of orm0\npcib0: allocated type 3 (0xaa000-0xaa7ff) for rid 0 of orm0\npcib0: allocated type 3 (0xaa800-0xaafff) for rid 0 of orm0\npcib0: allocated type 3 (0xab000-0xab7ff) for rid 0 of orm0\npcib0: allocated type 3 (0xab800-0xabfff) for rid 0 of orm0\npcib0: allocated type 3 (0xac000-0xac7ff) for rid 0 of orm0\npcib0: allocated type 3 (0xac800-0xacfff) for rid 0 of orm0\npcib0: allocated type 3 (0xad000-0xad7ff) for rid 0 of orm0\npcib0: allocated type 3 (0xad800-0xadfff) for rid 0 of orm0\npcib0: allocated type 3 (0xae000-0xae7ff) for rid 0 of orm0\npcib0: allocated type 3 (0xae800-0xaefff) for rid 0 of orm0\npcib0: allocated type 3 (0xaf000-0xaf7ff) for rid 0 of orm0\npcib0: allocated type 3 (0xaf800-0xaffff) for rid 0 of orm0\npcib0: allocated type 3 (0xb0000-0xb07ff) for rid 0 of orm0\npcib0: allocated type 3 (0xb0800-0xb0fff) for rid 0 of orm0\npcib0: allocated type 3 (0xb1000-0xb17ff) for rid 0 of orm0\npcib0: allocated type 3 (0xb1800-0xb1fff) for rid 0 of orm0\npcib0: allocated type 3 (0xb2000-0xb27ff) for rid 0 of orm0\npcib0: allocated type 3 (0xb2800-0xb2fff) for rid 0 of orm0\npcib0: allocated type 3 (0xb3000-0xb37ff) for rid 0 of orm0\npcib0: allocated type 3 (0xb3800-0xb3fff) for rid 0 of orm0\npcib0: allocated type 3 (0xb4000-0xb47ff) for rid 0 of orm0\npcib0: allocated type 3 (0xb4800-0xb4fff) for rid 0 of orm0\npcib0: allocated type 3 (0xb5000-0xb57ff) for rid 0 of orm0\npcib0: allocated type 3 (0xb5800-0xb5fff) for rid 0 of orm0\npcib0: allocated type 3 (0xb6000-0xb67ff) for rid 0 of orm0\npcib0: allocated type 3 (0xb6800-0xb6fff) for rid 0 of orm0\npcib0: allocated type 3 (0xb7000-0xb77ff) for rid 0 of orm0\npcib0: allocated type 3 (0xb7800-0xb7fff) for rid 0 of orm0\npcib0: allocated type 3 (0xb8000-0xb87ff) for rid 0 of orm0\npcib0: allocated type 3 (0xb8800-0xb8fff) for rid 0 of orm0\npcib0: allocated type 3 (0xb9000-0xb97ff) for rid 0 of orm0\npcib0: allocated type 3 (0xb9800-0xb9fff) for rid 0 of orm0\npcib0: allocated type 3 (0xba000-0xba7ff) for rid 0 of orm0\npcib0: allocated type 3 (0xba800-0xbafff) for rid 0 of orm0\npcib0: allocated type 3 (0xbb000-0xbb7ff) for rid 0 of orm0\npcib0: allocated type 3 (0xbb800-0xbbfff) for rid 0 of orm0\npcib0: allocated type 3 (0xbc000-0xbc7ff) for rid 0 of orm0\npcib0: allocated type 3 (0xbc800-0xbcfff) for rid 0 of orm0\npcib0: allocated type 3 (0xbd000-0xbd7ff) for rid 0 of orm0\npcib0: allocated type 3 (0xbd800-0xbdfff) for rid 0 of orm0\npcib0: allocated type 3 (0xbe000-0xbe7ff) for rid 0 of orm0\npcib0: allocated type 3 (0xbe800-0xbefff) for rid 0 of orm0\npcib0: allocated type 3 (0xbf000-0xbf7ff) for rid 0 of orm0\npcib0: allocated type 3 (0xbf800-0xbffff) for rid 0 of orm0\npcib0: allocated type 3 (0xc0000-0xc07ff) for rid 0 of orm0\npcib0: allocated type 3 (0xc0000-0xc7fff) for rid 0 of orm0\npcib0: allocated type 3 (0xc8000-0xc87ff) for rid 1 of orm0\npcib0: allocated type 3 (0xc8000-0xc9fff) for rid 1 of orm0\npcib0: allocated type 3 (0xca000-0xca7ff) for rid 2 of orm0\npcib0: allocated type 3 (0xca000-0xcbfff) for rid 2 of orm0\npcib0: allocated type 3 (0xcc000-0xcc7ff) for rid 3 of orm0\npcib0: allocated type 3 (0xcc800-0xccfff) for rid 3 of orm0\npcib0: allocated type 3 (0xcd000-0xcd7ff) for rid 3 of orm0\npcib0: allocated type 3 (0xcd800-0xcdfff) for rid 3 of orm0\npcib0: allocated type 3 (0xce000-0xce7ff) for rid 3 of orm0\npcib0: allocated type 3 (0xce800-0xcefff) for rid 3 of orm0\npcib0: allocated type 3 (0xcf000-0xcf7ff) for rid 3 of orm0\npcib0: allocated type 3 (0xcf800-0xcffff) for rid 3 of orm0\npcib0: allocated type 3 (0xd0000-0xd07ff) for rid 3 of orm0\npcib0: allocated type 3 (0xd0800-0xd0fff) for rid 3 of orm0\npcib0: allocated type 3 (0xd1000-0xd17ff) for rid 3 of orm0\npcib0: allocated type 3 (0xd1800-0xd1fff) for rid 3 of orm0\npcib0: allocated type 3 (0xd2000-0xd27ff) for rid 3 of orm0\npcib0: allocated type 3 (0xd2800-0xd2fff) for rid 3 of orm0\npcib0: allocated type 3 (0xd3000-0xd37ff) for rid 3 of orm0\npcib0: allocated type 3 (0xd3800-0xd3fff) for rid 3 of orm0\npcib0: allocated type 3 (0xd4000-0xd47ff) for rid 3 of orm0\npcib0: allocated type 3 (0xd4800-0xd4fff) for rid 3 of orm0\npcib0: allocated type 3 (0xd5000-0xd57ff) for rid 3 of orm0\npcib0: allocated type 3 (0xd5800-0xd5fff) for rid 3 of orm0\npcib0: allocated type 3 (0xd6000-0xd67ff) for rid 3 of orm0\npcib0: allocated type 3 (0xd6800-0xd6fff) for rid 3 of orm0\npcib0: allocated type 3 (0xd7000-0xd77ff) for rid 3 of orm0\npcib0: allocated type 3 (0xd7800-0xd7fff) for rid 3 of orm0\npcib0: allocated type 3 (0xd8000-0xd87ff) for rid 3 of orm0\npcib0: allocated type 3 (0xd8800-0xd8fff) for rid 3 of orm0\npcib0: allocated type 3 (0xd9000-0xd97ff) for rid 3 of orm0\npcib0: allocated type 3 (0xd9800-0xd9fff) for rid 3 of orm0\npcib0: allocated type 3 (0xda000-0xda7ff) for rid 3 of orm0\npcib0: allocated type 3 (0xda800-0xdafff) for rid 3 of orm0\npcib0: allocated type 3 (0xdb000-0xdb7ff) for rid 3 of orm0\npcib0: allocated type 3 (0xdb800-0xdbfff) for rid 3 of orm0\npcib0: allocated type 3 (0xdc000-0xdc7ff) for rid 3 of orm0\npcib0: allocated type 3 (0xdc800-0xdcfff) for rid 3 of orm0\npcib0: allocated type 3 (0xdd000-0xdd7ff) for rid 3 of orm0\npcib0: allocated type 3 (0xdd800-0xddfff) for rid 3 of orm0\npcib0: allocated type 3 (0xde000-0xde7ff) for rid 3 of orm0\npcib0: allocated type 3 (0xde800-0xdefff) for rid 3 of orm0\npcib0: allocated type 3 (0xdf000-0xdf7ff) for rid 3 of orm0\npcib0: allocated type 3 (0xdf800-0xdffff) for rid 3 of orm0\npcib0: allocated type 3 (0xe0000-0xe07ff) for rid 3 of orm0\npcib0: allocated type 3 (0xe0800-0xe0fff) for rid 3 of orm0\npcib0: allocated type 3 (0xe1000-0xe17ff) for rid 3 of orm0\npcib0: allocated type 3 (0xe1800-0xe1fff) for rid 3 of orm0\npcib0: allocated type 3 (0xe2000-0xe27ff) for rid 3 of orm0\npcib0: allocated type 3 (0xe2800-0xe2fff) for rid 3 of orm0\npcib0: allocated type 3 (0xe3000-0xe37ff) for rid 3 of orm0\npcib0: allocated type 3 (0xe3800-0xe3fff) for rid 3 of orm0\npcib0: allocated type 3 (0xe4000-0xe47ff) for rid 3 of orm0\npcib0: allocated type 3 (0xe4800-0xe4fff) for rid 3 of orm0\npcib0: allocated type 3 (0xe5000-0xe57ff) for rid 3 of orm0\npcib0: allocated type 3 (0xe5800-0xe5fff) for rid 3 of orm0\npcib0: allocated type 3 (0xe6000-0xe67ff) for rid 3 of orm0\npcib0: allocated type 3 (0xe6800-0xe6fff) for rid 3 of orm0\npcib0: allocated type 3 (0xe7000-0xe77ff) for rid 3 of orm0\npcib0: allocated type 3 (0xe7800-0xe7fff) for rid 3 of orm0\npcib0: allocated type 3 (0xe8000-0xe87ff) for rid 3 of orm0\npcib0: allocated type 3 (0xe8800-0xe8fff) for rid 3 of orm0\npcib0: allocated type 3 (0xe9000-0xe97ff) for rid 3 of orm0\npcib0: allocated type 3 (0xe9800-0xe9fff) for rid 3 of orm0\npcib0: allocated type 3 (0xea000-0xea7ff) for rid 3 of orm0\npcib0: allocated type 3 (0xea800-0xeafff) for rid 3 of orm0\npcib0: allocated type 3 (0xeb000-0xeb7ff) for rid 3 of orm0\npcib0: allocated type 3 (0xeb800-0xebfff) for rid 3 of orm0\npcib0: allocated type 3 (0xec000-0xec7ff) for rid 3 of orm0\npcib0: allocated type 3 (0xec800-0xecfff) for rid 3 of orm0\npcib0: allocated type 3 (0xed000-0xed7ff) for rid 3 of orm0\npcib0: allocated type 3 (0xed800-0xedfff) for rid 3 of orm0\npcib0: allocated type 3 (0xee000-0xee7ff) for rid 3 of orm0\npcib0: allocated type 3 (0xee800-0xeefff) for rid 3 of orm0\npcib0: allocated type 3 (0xef000-0xef7ff) for rid 3 of orm0\npcib0: allocated type 3 (0xef800-0xeffff) for rid 3 of orm0\npcib0: allocated type 3 (0xf0000-0xf07ff) for rid 3 of orm0\npcib0: allocated type 3 (0xf0800-0xf0fff) for rid 3 of orm0\npcib0: allocated type 3 (0xf1000-0xf17ff) for rid 3 of orm0\npcib0: allocated type 3 (0xf1800-0xf1fff) for rid 3 of orm0\npcib0: allocated type 3 (0xf2000-0xf27ff) for rid 3 of orm0\npcib0: allocated type 3 (0xf2800-0xf2fff) for rid 3 of orm0\npcib0: allocated type 3 (0xf3000-0xf37ff) for rid 3 of orm0\npcib0: allocated type 3 (0xf3800-0xf3fff) for rid 3 of orm0\npcib0: allocated type 3 (0xf4000-0xf47ff) for rid 3 of orm0\npcib0: allocated type 3 (0xf4800-0xf4fff) for rid 3 of orm0\npcib0: allocated type 3 (0xf5000-0xf57ff) for rid 3 of orm0\npcib0: allocated type 3 (0xf5800-0xf5fff) for rid 3 of orm0\npcib0: allocated type 3 (0xf6000-0xf67ff) for rid 3 of orm0\npcib0: allocated type 3 (0xf6800-0xf6fff) for rid 3 of orm0\npcib0: allocated type 3 (0xf7000-0xf77ff) for rid 3 of orm0\npcib0: allocated type 3 (0xf7800-0xf7fff) for rid 3 of orm0\npcib0: allocated type 3 (0xf8000-0xf87ff) for rid 3 of orm0\npcib0: allocated type 3 (0xf8800-0xf8fff) for rid 3 of orm0\npcib0: allocated type 3 (0xf9000-0xf97ff) for rid 3 of orm0\npcib0: allocated type 3 (0xf9800-0xf9fff) for rid 3 of orm0\npcib0: allocated type 3 (0xfa000-0xfa7ff) for rid 3 of orm0\npcib0: allocated type 3 (0xfa800-0xfafff) for rid 3 of orm0\npcib0: allocated type 3 (0xfb000-0xfb7ff) for rid 3 of orm0\npcib0: allocated type 3 (0xfb800-0xfbfff) for rid 3 of orm0\npcib0: allocated type 3 (0xfc000-0xfc7ff) for rid 3 of orm0\npcib0: allocated type 3 (0xfc800-0xfcfff) for rid 3 of orm0\npcib0: allocated type 3 (0xfd000-0xfd7ff) for rid 3 of orm0\npcib0: allocated type 3 (0xfd800-0xfdfff) for rid 3 of orm0\npcib0: allocated type 3 (0xfe000-0xfe7ff) for rid 3 of orm0\npcib0: allocated type 3 (0xfe800-0xfefff) for rid 3 of orm0\npcib0: allocated type 3 (0xff000-0xff7ff) for rid 3 of orm0\npcib0: allocated type 3 (0xff800-0xfffff) for rid 3 of orm0\nisa_probe_children: disabling PnP devices\natrtc: atrtc0 already exists; skipping it\nattimer: attimer0 already exists; skipping it\nsc: sc0 already exists; skipping it\nuart: uart0 already exists; skipping it\nisa_probe_children: probing non-PnP devices\norm0: \u003cISA Option ROMs\u003e at iomem\n0xc0000-0xc7fff,0xc8000-0xc9fff,0xca000-0xcbfff on isa0\natkbd: the current kbd controller command byte 0045\natkbd: keyboard ID 0xffffffff (1)\natkbd: failed to reset the keyboard.\nsc0: \u003cSystem console\u003e at flags 0x100 on isa0\nsc0: VGA \u003c16 virtual consoles, flags=0x300\u003e\nsc0: fb0, kbd1, terminal emulator: scteken (teken terminal)\nvga0: \u003cGeneric ISA VGA\u003e at port 0x3c0-0x3df iomem 0xa0000-0xbffff on isa0\npcib0: allocated type 4 (0x3c0-0x3df) for rid 0 of vga0\npcib0: allocated type 3 (0xa0000-0xbffff) for rid 0 of vga0\npcib0: allocated type 4 (0x60-0x60) for rid 0 of atkbdc0\npcib0: allocated type 4 (0x64-0x64) for rid 1 of atkbdc0\natkbdc0: \u003cKeyboard controller (i8042)\u003e at port 0x60,0x64 on isa0\npcib0: allocated type 4 (0x60-0x60) for rid 0 of atkbdc0\npcib0: allocated type 4 (0x64-0x64) for rid 1 of atkbdc0\natkbd0: \u003cAT Keyboard\u003e irq 1 on atkbdc0\nkbd0 at atkbd0\nkbd0: atkbd0, AT 84 (1), config:0x0, flags:0x3d0000\nioapic0: routing intpin 1 (ISA IRQ 1) to lapic 0 vector 62\natkbd0: [GIANT-LOCKED]\npsm0: unable to allocate IRQ\npcib0: allocated type 4 (0x3f0-0x3f5) for rid 0 of fdc0\npcib0: allocated type 4 (0x3f7-0x3f7) for rid 1 of fdc0\nfdc0 failed to probe at port 0x3f0-0x3f5,0x3f7 irq 6 drq 2 on isa0\nppc0: cannot reserve I/O port range\nppc0 failed to probe at irq 7 on isa0\npcib0: allocated type 4 (0x2f8-0x2ff) for rid 0 of uart1\nuart1 failed to probe at port 0x2f8-0x2ff irq 3 on isa0\nwbwd0 failed to probe on isa0\nisa_probe_children: probing PnP devices\np4tcc0: \u003cCPU Frequency Thermal Control\u003e on cpu0\np4tcc1: \u003cCPU Frequency Thermal Control\u003e on cpu1\nDevice configuration finished.\nprocfs registered\nTimecounters tick every 1.000 msec\nvlan: initialized, using hash tables with chaining\nvboxdrv: fAsync=0 offMin=0x2ee offMax=0x771\nLinux ELF exec handler installed\nlo0: bpf attached\nhptrr: no controller detected.\nusbus0: 12Mbps Full Speed USB v1.0\nusbus1: 12Mbps Full Speed USB v1.0\nusbus2: 12Mbps Full Speed USB v1.0\nusbus3: 12Mbps Full Speed USB v1.0\nusbus4: 480Mbps High Speed USB v2.0\nata0: reset tp1 mask=03 ostat0=50 ostat1=50\nata0: stat0=0x50 err=0x01 lsb=0x00 msb=0x00\nata0: stat1=0x50 err=0x01 lsb=0x00 msb=0x00\nata0: reset tp2 stat0=50 stat1=50 devices=0x3\nugen0.1: \u003cIntel\u003e at usbus0\nuhub0: \u003cIntel UHCI root HUB, class 9/0, rev 1.00/1.00, addr 1\u003e on usbus0\nugen1.1: \u003cIntel\u003e at usbus1\nuhub1: \u003cIntel UHCI root HUB, class 9/0, rev 1.00/1.00, addr 1\u003e on usbus1\nugen2.1: \u003cIntel\u003e at usbus2\nuhub2: \u003cIntel UHCI root HUB, class 9/0, rev 1.00/1.00, addr 1\u003e on usbus2\nugen3.1: \u003cIntel\u003e at usbus3\nuhub3: \u003cIntel UHCI root HUB, class 9/0, rev 1.00/1.00, addr 1\u003e on usbus3\nugen4.1: \u003cIntel\u003e at usbus4\nuhub4: \u003cIntel EHCI root HUB, class 9/0, rev 2.00/1.00, addr 1\u003e on usbus4\nata2: SATA reset: ports status=0x01\nata2: p0: hard reset ...\nata2: p0: hard reset failed\nata2: p1: hard reset ...\nata2: p1: hard reset failed\nata3: SATA reset: ports status=0x0a\nata3: p0: hard reset ...\nata3: p0: hard reset failed\nata3: p1: hard reset ...\nata3: p1: hard reset failed\nThe GEOM class LABEL is already loaded.\nGEOM: new disk ada0\nada0 at ata0 bus 0 scbus0 target 0 lun 0\nada0: \u003cWDC WD2000BB-55GUA0 08.02D08\u003e ATA-6 device\nada0: Serial Number WD-WCAL71709877\nada0: 100.000MB/s transfers (UDMA5, PIO 8192bytes)\nada0: 190782MB (390721968 512 byte sectors: 16H 63S/T 16383C)\nada1 at ata0 bus 0 scbus0 target 1 lun 0\nada1: \u003cHDS725050KLAT80 K2AOAB0A\u003e ATA-7 device\nada1: Serial Number KRVA0AZBGXHEMJ\nada1: 100.000MB/s transfers (UDMA5, PIO 8192bytes)\nada1: 476940MB (976773168 512 byte sectors: 16H 63S/T 16383C)\npass0 at ata0 bus 0 scbus0 target 0 lun 0\npass0: \u003cWDC WD2000BB-55GUA0 08.02D08\u003e ATA-6 device\npass0: Serial Number WD-WCAL71709877\npass0: 100.000MB/s transfers (UDMA5, PIO 8192bytes)\npass1 at ata0 bus 0 scbus0 target 1 lun 0\npass1: \u003cHDS725050KLAT80 K2AOAB0A\u003e ATA-7 device\npass1: Serial Number KRVA0AZBGXHEMJ\npass1: 100.000MB/s transfers (UDMA5, PIO 8192bytes)\nlapic1: Forcing LINT1 to edge trigger\nSMP: AP CPU #1 Launched!\ncpu1 AP:\n     ID: 0x01000000   VER: 0x00050014 LDR: 0x00000000 DFR: 0xffffffff\n  lint0: 0x00010700 lint1: 0x00008400 TPR: 0x00000000 SVR: 0x000001ff\n  timer: 0x000100ef therm: 0x00010000 err: 0x000000f0 pmc: 0x00010400\nioapic0: routing intpin 1 (ISA IRQ 1) to lapic 1 vector 48\nioapic0: routing intpin 9 (ISA IRQ 9) to lapic 1 vector 49\nioapic0: routing intpin 17 (PCI IRQ 17) to lapic 1 vector 50\nioapic0: routing intpin 21 (PCI IRQ 21) to lapic 1 vector 51\nioapic0: routing intpin 23 (PCI IRQ 23) to lapic 1 vector 52\nmsi: Assigning MSI IRQ 257 to local APIC 1 vector 53\nSMP: passed TSC synchronization test\nTSC timecounter discards lower 8 bit(s)\nTimecounter \"TSC-low\" frequency 11689718 Hz quality 1000\nuhub0: 2 ports with 2 removable, self powered\nuhub1: 2 ports with 2 removable, self powered\nuhub2: 2 ports with 2 removable, self powered\nuhub3: 2 ports with 2 removable, self powered\nGEOM: new disk ada1\nRoot mount waiting for: usbus4\nRoot mount waiting for: usbus4\nRoot mount waiting for: usbus4\nuhub4: 8 ports with 8 removable, self powered\nRoot mount waiting for: usbus4\nTrying to mount root from ufs:/dev/ufsid/50911449207a744a [rw]...\nstart_init: trying /sbin/init\nugen0.2: \u003cMicrosoft\u003e at usbus0\nums0: \u003cMicrosoft Microsoft Basic Optical Mouse, class 0/0, rev\n1.10/3.90, addr 2\u003e on usbus0\nums0: 3 buttons and [XYZ] coordinates ID=0\nugen2.2: \u003cGASIA\u003e at usbus2\nukbd0: \u003cGASIA PS2toUSB Adapter, class 0/0, rev 1.10/1.00, addr 2\u003e on usbus2\nkbd2 at ukbd0\nkbd2: ukbd0, generic (0), config:0x0, flags:0x3d0000\nugen0.3: \u003cvendor 0x046a\u003e at usbus0\nums2: \u003cGASIA PS2toUSB Adapter, class 0/0, rev 1.10/1.00, addr 2\u003e on usbus2\nukbd1: \u003cvendor 0x046a product 0x0023, class 0/0, rev 2.00/2.20, addr\n3\u003e on usbus0\nums2: 5 buttons and [XYZ] coordinates ID=1\nkbd3 at ukbd1\nkbd3: ukbd1, generic (0), config:0x0, flags:0x3d0000\nuhid0: \u003cvendor 0x046a product 0x0023, class 0/0, rev 2.00/2.20, addr\n3\u003e on usbus0\nlagg0: bpf attached\nsplash: image decoder found: logo_saver\n========"
}