{
 "id": 690737,
 "bug_id": 173251,
 "attachment_id": 0,
 "creation_time": "2012-11-01T00:40:00Z",
 "creator": "michael.schuh@gmail.com",
 "text": "The (default) AHCI/ATA_CAM or ata-ich drivers doesn't see any SATA-Disk or Optical drive\nat the Controller.\n\nThe Machine is an DELL SC430.  For more on the HArdware see the dmesg.\n\nThis got tested with the following Kinds of FreeBSD:\n9.0 RELEASE i386\n9.0 RELEASE amd64\n9-STABLE i386\n9-STABLE amd64\n\nMay be also 8.3-RELEASE will be affected?\n\nThe above uname is from a GENERIC Kernel reverted to the old ATA drivers, like described in \nUPDATING entry 20110424for ATA/AHCI.\n\nThis behavior is valid for both configs, GENERIC with AHCI and ATA_CAM and the one without those options asa described in the UPDATING file.\n\nThe drives get properly detected by the Systems BIOS.\nThe Systems BIOS is already updated to the last Version.\nThe drives get detected and can get accessed by other Operating Systems.\nthe drives get detected and can get accessed by drive diagnostic tools under FreeDOS and unter Linux.\n\nThe entire machien is known to working very well. Until today the Machine was running under Linux debian. No Hardware Errors known.\n\nIf more testing/help is needed to figure the source of this error, please let me know.\n\nAnother sideeffect: \n#glabel create swap ad0s1b\nor resp.\n# glabel create swap ada0s1b\nis not persistend written to the disk, after a reboot the label is gone.\ni tested this with exactly the same Disk on another System that is exactly the same way installed and configure but newer hardware. \n\n\netract of\n#pciconf -lv \nisab0@pci0:0:31:0:      class=0x060100 card=0x00000000 chip=0x27b88086 rev=0x01 \nhdr=0x00\n    vendor     = 'Intel Corporation'\n    device     = '82801GB/GR (ICH7 Family) LPC Interface Bridge'\n    class      = bridge\n    subclass   = PCI-ISA\natapci0@pci0:0:31:1:    class=0x01018a card=0x01ae1028 chip=0x27df8086 rev=0x01 \nhdr=0x00\n    vendor     = 'Intel Corporation'\n    device     = '82801G (ICH7 Family) IDE Controller'\n    class      = mass storage\n    subclass   = ATA\natapci1@pci0:0:31:2:    class=0x01018f card=0x01ae1028 chip=0x27c08086 rev=0x01 \nhdr=0x00\n    vendor     = 'Intel Corporation'\n    device     = 'N10/ICH7 Family SATA IDE Controller'\n    class      = mass storage\n    subclass   = ATA\nnone0@pci0:0:31:3:      class=0x0c0500 card=0x01ae1028 chip=0x27da8086 rev=0x01 hdr=0x00\n    vendor     = 'Intel Corporation'\n    device     = 'N10/ICH 7 Family SMBus Controller'\n    class      = serial bus\n\n#dmesg\n\nCopyright (c) 1992-2012 The FreeBSD Project.\nCopyright (c) 1979, 1980, 1983, 1986, 1988, 1989, 1991, 1992, 1993, 1994\n        The Regents of the University of California. All rights reserved.\nFreeBSD is a registered trademark of The FreeBSD Foundation.\nFreeBSD 9.1-PRERELEASE #1: Thu Nov  1 01:01:29 CET 2012\n    root@blaster.michael-schuh.net:/usr/obj/usr/src/sys/MYGENERIC amd64\ncan't re-use a leaf (geom_label)!\nmodule_register: module g_label already exists!\nModule g_label failed to register: 17\nCPU: Intel(R) Pentium(R) D CPU 3.00GHz (2992.56-MHz K8-class CPU)\n  Origin = \"GenuineIntel\"  Id = 0xf62  Family = 0xf  Model = 0x6  Stepping = 2\n  Features=0xbfebfbff\u003cFPU,VME,DE,PSE,TSC,MSR,PAE,MCE,CX8,APIC,SEP,MTRR,PGE,MCA,CMOV,PAT,PSE36,CLFLUSH,DTS,ACPI,MMX,FXSR,SSE,SSE2,SS,HTT,TM,PBE\u003e\n  Features2=0xe43d\u003cSSE3,DTES64,MON,DS_CPL,VMX,CNXT-ID,CX16,xTPR,PDCM\u003e\n  AMD Features=0x20100800\u003cSYSCALL,NX,LM\u003e\n  AMD Features2=0x1\u003cLAHF\u003e\n  TSC: P-state invariant\nreal memory  = 4294967296 (4096 MB)\navail memory = 3856138240 (3677 MB)\nEvent timer \"LAPIC\" quality 400\nACPI APIC Table: \u003cDELL   PESC430\u003e\nFreeBSD/SMP: Multiprocessor System Detected: 2 CPUs\nFreeBSD/SMP: 1 package(s) x 2 core(s)\n cpu0 (BSP): APIC ID:  0\n cpu1 (AP): APIC ID:  1\nioapic0: Changing APIC ID to 8\nioapic0 \u003cVersion 2.0\u003e irqs 0-23 on motherboard\nlapic0: Forcing LINT1 to edge trigger\nCuse4BSD v0.1.26 @ /dev/cuse\nkbd1 at kbdmux0\nacpi0: \u003cDELL PESC430\u003e on motherboard\nacpi0: Power Button (fixed)\nacpi0: reservation of 0, a0000 (3) failed\nacpi0: reservation of 100000, f00000 (3) failed\nacpi0: reservation of 1000000, eee8cc00 (3) failed\ncpu0: \u003cACPI CPU\u003e on acpi0\ncpu1: \u003cACPI CPU\u003e on acpi0\natrtc0: \u003cAT realtime clock\u003e port 0x70-0x7f irq 8 on acpi0\nEvent timer \"RTC\" frequency 32768 Hz quality 0\nattimer0: \u003cAT timer\u003e port 0x40-0x5f irq 0 on acpi0\nTimecounter \"i8254\" frequency 1193182 Hz quality 0\nEvent timer \"i8254\" frequency 1193182 Hz quality 100\nhpet0: \u003cHigh Precision Event Timer\u003e iomem 0xfed00000-0xfed003ff on acpi0\nTimecounter \"HPET\" frequency 14318180 Hz quality 950\nEvent timer \"HPET\" frequency 14318180 Hz quality 450\nEvent timer \"HPET1\" frequency 14318180 Hz quality 440\nEvent timer \"HPET2\" frequency 14318180 Hz quality 440\nTimecounter \"ACPI-fast\" frequency 3579545 Hz quality 900\nacpi_timer0: \u003c24-bit timer at 3.579545MHz\u003e port 0x808-0x80b on acpi0\nacpi_button0: \u003cPower Button\u003e on acpi0\npcib0: \u003cACPI Host-PCI bridge\u003e port 0xcf8-0xcff on acpi0\npci0: \u003cACPI PCI bus\u003e on pcib0\npcib1: \u003cACPI PCI-PCI bridge\u003e irq 16 at device 1.0 on pci0\npci1: \u003cACPI PCI bus\u003e on pcib1\nem0: \u003cIntel(R) PRO/1000 Network Connection 7.3.2\u003e port 0xdcc0-0xdcdf mem 0xfea80000-0xfea9ffff,0xfeaa0000-0xfeabffff irq 16 at device 0.0 on pci1\nem0: Using an MSI interrupt\nem0: Ethernet address: 00:15:17:bb:22:f4\nem1: \u003cIntel(R) PRO/1000 Network Connection 7.3.2\u003e port 0xdce0-0xdcff mem 0xfeac0000-0xfeadffff,0xfeae0000-0xfeafffff irq 17 at device 0.1 on pci1\nem1: Using an MSI interrupt\nem1: Ethernet address: 00:15:17:bb:22:f5\npcib2: \u003cACPI PCI-PCI bridge\u003e irq 16 at device 28.0 on pci0\npci2: \u003cACPI PCI bus\u003e on pcib2\npcib3: \u003cACPI PCI-PCI bridge\u003e irq 16 at device 28.4 on pci0\npci3: \u003cACPI PCI bus\u003e on pcib3\nre0: \u003cRealTek 8168/8111 B/C/CP/D/DP/E/F PCIe Gigabit Ethernet\u003e port 0xcc00-0xccff mem 0xfe7ff000-0xfe7fffff irq 16 at device 0.0 on pci3\nre0: Using 1 MSI message\nre0: Chip rev. 0x38000000\nre0: MAC rev. 0x00000000\nmiibus0: \u003cMII bus\u003e on re0\nrgephy0: \u003cRTL8169S/8110S/8211 1000BASE-T media interface\u003e PHY 1 on miibus0\nrgephy0:  none, 10baseT, 10baseT-FDX, 10baseT-FDX-flow, 100baseTX, 100baseTX-FDX, 100baseTX-FDX-flow, 1000baseT, 1000baseT-master, 1000baseT-FDX, 1000baseT-FDX-master, 1000baseT-FDX-flow, 1000baseT-FDX-flow-master, auto, auto-flow\nre0: Ethernet address: 74:ea:3a:80:26:74\npcib4: \u003cACPI PCI-PCI bridge\u003e irq 17 at device 28.5 on pci0\npci4: \u003cACPI PCI bus\u003e on pcib4\nbge0: \u003cBroadcom NetXtreme Gigabit Ethernet Controller, ASIC rev. 0x004001\u003e mem 0xfe6f0000-0xfe6fffff irq 17 at device 0.0 on pci4\nbge0: CHIP ID 0x00004001; ASIC REV 0x04; CHIP REV 0x40; PCI-E\nmiibus1: \u003cMII bus\u003e on bge0\nbrgphy0: \u003cBCM5750 1000BASE-T media interface\u003e PHY 1 on miibus1\nbrgphy0:  10baseT, 10baseT-FDX, 100baseTX, 100baseTX-FDX, 1000baseT, 1000baseT-master, 1000baseT-FDX, 1000baseT-FDX-master, auto, auto-flow\nbge0: Ethernet address: 00:13:72:18:a6:11\nuhci0: \u003cIntel 82801G (ICH7) USB controller USB-A\u003e port 0xff80-0xff9f irq 21 at device 29.0 on pci0\nusbus0 on uhci0\nuhci1: \u003cIntel 82801G (ICH7) USB controller USB-B\u003e port 0xff60-0xff7f irq 22 at device 29.1 on pci0\nusbus1 on uhci1\n\nuhci2: \u003cIntel 82801G (ICH7) USB controller USB-C\u003e port 0xff40-0xff5f irq 18 at device 29.2 on pci0\nusbus2 on uhci2\nuhci3: \u003cIntel 82801G (ICH7) USB controller USB-D\u003e port 0xff20-0xff3f irq 23 at device 29.3 on pci0\nusbus3 on uhci3\nehci0: \u003cIntel 82801GB/R (ICH7) USB 2.0 controller\u003e mem 0xffa80800-0xffa80bff irq 21 at device 29.7 on pci0\nusbus4: EHCI version 1.0\nusbus4 on ehci0\npcib5: \u003cACPI PCI-PCI bridge\u003e at device 30.0 on pci0\npci5: \u003cACPI PCI bus\u003e on pcib5\nemu10kx0: \u003cCreative SBLive! [CT4620]\u003e port 0xbc60-0xbc7f irq 18 at device 2.0 on pci5\npcm0: \u003cEMU10Kx DSP front PCM interface\u003e on emu10kx0\npcm0: \u003cTriTech TR28023 AC97 Codec\u003e\npcm1: \u003cEMU10Kx DSP rear PCM interface\u003e on emu10kx0\npci5: \u003cinput device\u003e at device 2.1 (no driver attached)\nvgapci0: \u003cVGA-compatible display\u003e port 0xbc80-0xbcff mem 0xfc000000-0xfdffffff,0xfe4c0000-0xfe4fffff at device 7.0 on pci5\nisab0: \u003cPCI-ISA bridge\u003e at device 31.0 on pci0\nisa0: \u003cISA bus\u003e on isab0\natapci0: \u003cIntel ICH7 UDMA100 controller\u003e port 0x1f0-0x1f7,0x3f6,0x170-0x177,0x376,0xffa0-0xffaf irq 16 at device 31.1 on pci0\nata0: \u003cATA channel\u003e at channel 0 on atapci0\natapci1: \u003cIntel ICH7 SATA300 controller\u003e port 0xfe00-0xfe07,0xfe10-0xfe13,0xfe20-0xfe27,0xfe30-0xfe33,0xfea0-0xfeaf irq 20 at device 31.2 on pci0\nata2: \u003cATA channel\u003e at channel 0 on atapci1\nata3: \u003cATA channel\u003e at channel 1 on atapci1\npci0: \u003cserial bus, SMBus\u003e at device 31.3 (no driver attached)\nuart0: \u003c16550 or compatible\u003e port 0x3f8-0x3ff irq 4 flags 0x10 on acpi0\norm0: \u003cISA Option ROMs\u003e at iomem 0xc0000-0xc7fff,0xc8000-0xc9fff,0xca000-0xcbfff on isa0\nsc0: \u003cSystem console\u003e at flags 0x100 on isa0\nsc0: VGA \u003c16 virtual consoles, flags=0x300\u003e\nvga0: \u003cGeneric ISA VGA\u003e at port 0x3c0-0x3df iomem 0xa0000-0xbffff on isa0\natkbdc0: \u003cKeyboard controller (i8042)\u003e at port 0x60,0x64 on isa0\natkbd0: \u003cAT Keyboard\u003e irq 1 on atkbdc0\nkbd0 at atkbd0\natkbd0: [GIANT-LOCKED]\nppc0: cannot reserve I/O port range\nctl: CAM Target Layer loaded\np4tcc0: \u003cCPU Frequency Thermal Control\u003e on cpu0\np4tcc1: \u003cCPU Frequency Thermal Control\u003e on cpu1\nTimecounters tick every 1.000 msec\nvboxdrv: fAsync=0 offMin=0x2ee offMax=0x6ea\nusbus0: 12Mbps Full Speed USB v1.0\nusbus1: 12Mbps Full Speed USB v1.0\nusbus2: 12Mbps Full Speed USB v1.0\n\nThe GEOM class LABEL is already loaded.\nugen0.1: \u003cIntel\u003e at usbus0\nuhub0: \u003cIntel UHCI root HUB, class 9/0, rev 1.00/1.00, addr 1\u003e on usbus0\nugen1.1: \u003cIntel\u003e at usbus1\nuhub1: \u003cIntel UHCI root HUB, class 9/0, rev 1.00/1.00, addr 1\u003e on usbus1\nugen2.1: \u003cIntel\u003e at usbus2\nuhub2: \u003cIntel UHCI root HUB, class 9/0, rev 1.00/1.00, addr 1\u003e on usbus2\nugen3.1: \u003cIntel\u003e at usbus3\nuhub3: \u003cIntel UHCI root HUB, class 9/0, rev 1.00/1.00, addr 1\u003e on usbus3\nugen4.1: \u003cIntel\u003e at usbus4\nuhub4: \u003cIntel EHCI root HUB, class 9/0, rev 2.00/1.00, addr 1\u003e on usbus4\nad0: 190782MB \u003cWDC WD2000BB-55GUA0 08.02D08\u003e at ata0-master UDMA100 \nad1: 476940MB \u003cHitachi HDS725050KLAT80 K2AOAB0A\u003e at ata0-slave UDMA100 \nlapic1: Forcing LINT1 to edge trigger\nSMP: AP CPU #1 Launched!\nTimecounter \"TSC-low\" frequency 11689688 Hz quality 1000\nRoot mount waiting for: usbus4 usbus3 usbus2 usbus1 usbus0\nuhub0: 2 ports with 2 removable, self powered\nuhub1: 2 ports with 2 removable, self powered\nuhub2: 2 ports with 2 removable, self powered\nuhub3: 2 ports with 2 removable, self powered\nRoot mount waiting for: usbus4\nRoot mount waiting for: usbus4\nRoot mount waiting for: usbus4\nuhub4: 8 ports with 8 removable, self powered\nRoot mount waiting for: usbus4\nTrying to mount root from ufs:/dev/ufsid/50911449207a744a [rw]...\nugen0.2: \u003cMicrosoft\u003e at usbus0\nums0: \u003cMicrosoft Microsoft Basic Optical Mouse, class 0/0, rev 1.10/3.90, addr 2\u003e on usbus0\nums0: 3 buttons and [XYZ] coordinates ID=0\nugen2.2: \u003cGASIA\u003e at usbus2\nukbd0: \u003cGASIA PS2toUSB Adapter, class 0/0, rev 1.10/1.00, addr 2\u003e on usbus2\nugen0.3: \u003cvendor 0x046a\u003e at usbus0\nkbd2 at ukbd0\nukbd2: \u003cvendor 0x046a product 0x0023, class 0/0, rev 2.00/2.20, addr 3\u003e on usbus0\nums1: \u003cGASIA PS2toUSB Adapter, class 0/0, rev 1.10/1.00, addr 2\u003e on usbus2\nkbd3 at ukbd2\nums1: 5 buttons and [XYZ] coordinates ID=1\nuhid0: \u003cvendor 0x046a product 0x0023, class 0/0, rev 2.00/2.20, addr 3\u003e on usbus0\n\nFix: \n\nNo idea - fix the source code for ?ata-ich? or according sources for SATA drive detection and recompile kernel - reboot - look what you get. :-)\nHow-To-Repeat: Install/boot with any provided (9.0 RELEASE onwards) CD/Memstick image and try to find any SATA Drive."
}