{
 "id": 515727,
 "bug_id": 138004,
 "attachment_id": 0,
 "creation_time": "2009-08-20T22:10:01Z",
 "creator": "pcc@gmx.net",
 "text": "*** Observed the following lock order reversal on RELENG_8 which I haven't seen elsewhere before.\n\nlock order reversal:\n 1st 0xc0d70d8c allprison (allprison) @ /usr/Src-RELENG_8/sys/kern/kern_jail.c:2449\n 2nd 0xc561ebdc ufs (ufs) @ /usr/Src-RELENG_8/sys/kern/vfs_subr.c:2188\nKDB: stack backtrace:\ndb_trace_self_wrapper(c0c1fe7c,e5295ab4,c08be2a5,c08aee9b,c0c22de6,...) at db_trace_self_wrapper+0x26\nkdb_backtrace(c08aee9b,c0c22de6,c4d18138,c4d1f158,e5295b10,...) at kdb_backtrace+0x29\n_witness_debugger(c0c22de6,c561ebdc,c0c15598,c4d1f158,c0c2a1f8,...) at _witness_debugger+0x25\nwitness_checkorder(c561ebdc,9,c0c2a1f8,88c,0,...) at witness_checkorder+0x839\n__lockmgr_args(c561ebdc,80100,c561ebf8,0,0,...) at __lockmgr_args+0x7a7\nffs_lock(e5295c20,c4d18138,c0c2a1f8,80100,c561eb84,...) at ffs_lock+0x8a\nVOP_LOCK1_APV(c0d1f760,e5295c20,c086d663,c0d38160,c561eb84,...) at VOP_LOCK1_APV+0xb5\n_vn_lock(c561eb84,80100,c0c2a1f8,88c,0,...) at _vn_lock+0x5e\nvrele(c561eb84,c0c182d5,998,991,c0d05320,...) at vrele+0x137\nprison_deref(e5295cd4,c08b76bb,c4f48000,1,c0c21720,...) at prison_deref+0x4c8\nprison_complete(c4f48000,1,c0c21720,54,c4ea515c,...) at prison_complete+0x10\ntaskqueue_run(c4ea5140,c4ea515c,0,c0c1260e,0,...) at taskqueue_run+0x10b\ntaskqueue_thread_loop(c0d84f68,e5295d38,c0c17e22,33e,c0d70440,...) at taskqueue_thread_loop+0x68\nfork_exit(c08b77b0,c0d84f68,e5295d38) at fork_exit+0xb8\nfork_trampoline() at fork_trampoline+0x8\n--- trap 0, eip = 0, esp = 0xe5295d70, ebp = 0 ---\n\n\n\n*** Kernel is GENERIC with a few changes:\n\n# diff /usr/src/sys/i386/conf/GENERIC /usr/src/sys/i386/conf/NETSERV\n21,22c21,22\n\u003c cpu           I486_CPU\n\u003c cpu           I586_CPU\n---\n\u003e #cpu          I486_CPU\n\u003e #cpu          I586_CPU\n24c24,25\n\u003c ident         GENERIC\n---\n\u003e ident         VNETSERV\n\u003e #ident                NETSERV\n41c42,43\n\u003c options       SCTP                    # Stream Control Transmission Protocol\n---\n\u003e # SCTP is not yet compatible with VIMAGE.\n\u003e #options      SCTP                    # Stream Control Transmission Protocol\n343a346,354\n\u003e\n\u003e options               SC_NORM_ATTR=(FG_GREEN|BG_BLACK)\n\u003e options               SC_NORM_REV_ATTR=(FG_YELLOW|BG_GREEN)\n\u003e options               SC_KERNEL_CONS_ATTR=(FG_RED|BG_BLACK)\n\u003e options               SC_KERNEL_CONS_REV_ATTR=(FG_BLACK|BG_RED)\n\u003e\n\u003e # Network stack virtualisation.\n\u003e options               VIMAGE\n\u003e options               VNET_DEBUG\n\n\n\n*** Kernel dmesg (including a few more LORs reported by others):\n\nCopyright (c) 1992-2009 The FreeBSD Project.\nCopyright (c) 1979, 1980, 1983, 1986, 1988, 1989, 1991, 1992, 1993, 1994\n        The Regents of the University of California. All rights reserved.\nFreeBSD is a registered trademark of The FreeBSD Foundation.\nFreeBSD 8.0-BETA2 #4: Mon Aug 17 13:46:34 UTC 2009\n    root@netserv.ka.cornelius:/usr/Obj-RELENG_8/usr/Src-RELENG_8/sys/NETSERV\nWARNING: WITNESS option enabled, expect reduced performance.\nTimecounter \"i8254\" frequency 1193182 Hz quality 0\nCPU: Intel Pentium III (1004.52-MHz 686-class CPU)\n  Origin = \"GenuineIntel\"  Id = 0x686  Stepping = 6\n  Features=0x383fbff\u003cFPU,VME,DE,PSE,TSC,MSR,PAE,MCE,CX8,APIC,SEP,MTRR,PGE,MCA,CMOV,PAT,PSE36,MMX,FXSR,SSE\u003e\nreal memory  = 1610612736 (1536 MB)\navail memory = 1559441408 (1487 MB)\nACPI APIC Table: \u003cASUS   CUV4X-D \u003e\nFreeBSD/SMP: Multiprocessor System Detected: 2 CPUs\nFreeBSD/SMP: 2 package(s) x 1 core(s)\n cpu0 (BSP): APIC ID:  3\n cpu1 (AP): APIC ID:  0\nWARNING: VIMAGE (virtualized network stack) is a highly experimental feature.\nioapic0 \u003cVersion 1.1\u003e irqs 0-23 on motherboard\nkbd1 at kbdmux0\ncryptosoft0: \u003csoftware crypto\u003e on motherboard\nacpi0: \u003cASUS CUV4X-D\u003e on motherboard\nacpi0: [ITHREAD]\nacpi0: Power Button (fixed)\nacpi0: reservation of 0, a0000 (3) failed\nacpi0: reservation of 100000, 5ff00000 (3) failed\nTimecounter \"ACPI-fast\" frequency 3579545 Hz quality 1000\nacpi_timer0: \u003c24-bit timer at 3.579545MHz\u003e port 0xe408-0xe40b on acpi0\nacpi_button0: \u003cPower Button\u003e on acpi0\npcib0: \u003cACPI Host-PCI bridge\u003e port 0xcf8-0xcff on acpi0\npci0: \u003cACPI PCI bus\u003e on pcib0\nagp0: \u003cVIA 82C691 (Apollo Pro) host to PCI bridge\u003e on hostb0\nagp0: aperture size is 256M\npcib1: \u003cACPI PCI-PCI bridge\u003e at device 1.0 on pci0\npci1: \u003cACPI PCI bus\u003e on pcib1\nvgapci0: \u003cVGA-compatible display\u003e port 0xd800-0xd8ff mem 0xfa000000-0xfaffffff,0xf9800000-0xf9800fff irq 16 at device 0.0 on pci1\nisab0: \u003cPCI-ISA bridge\u003e at device 4.0 on pci0\nisa0: \u003cISA bus\u003e on isab0\natapci0: \u003cVIA 82C686B UDMA100 controller\u003e port 0x1f0-0x1f7,0x3f6,0x170-0x177,0x376,0xb800-0xb80f at device 4.1 on pci0\nata0: \u003cATA channel 0\u003e on atapci0\nata0: [ITHREAD]\nata1: \u003cATA channel 1\u003e on atapci0\nata1: [ITHREAD]\nuhci0: \u003cVIA 83C572 USB controller\u003e port 0xb400-0xb41f irq 5 at device 4.2 on pci0\nuhci0: [ITHREAD]\nusbus0: \u003cVIA 83C572 USB controller\u003e on uhci0\nuhci1: \u003cVIA 83C572 USB controller\u003e port 0xb000-0xb01f irq 5 at device 4.3 on pci0\nuhci1: [ITHREAD]\nusbus1: \u003cVIA 83C572 USB controller\u003e on uhci1\nskc0: \u003cD-Link DGE-530T Gigabit Ethernet\u003e port 0xa800-0xa8ff mem 0xf9000000-0xf9003fff at device 10.0 on pci0\nskc0: DGE-530T Gigabit Ethernet Adapter rev. (0x1)\nsk0: \u003cMarvell Semiconductor, Inc. Yukon\u003e on skc0\nsk0: Ethernet address: 00:13:46:6a:2d:f4\nmiibus0: \u003cMII bus\u003e on sk0\ne1000phy0: \u003cMarvell 88E1011 Gigabit PHY\u003e PHY 0 on miibus0\ne1000phy0:  10baseT, 10baseT-FDX, 100baseTX, 100baseTX-FDX, 1000baseT, 1000baseT-FDX, auto\nskc0: [ITHREAD]\nskc1: \u003cD-Link DGE-530T Gigabit Ethernet\u003e port 0xa400-0xa4ff mem 0xf8800000-0xf8803fff at device 11.0 on pci0\nskc1: DGE-530T Gigabit Ethernet Adapter rev. (0x1)\nsk1: \u003cMarvell Semiconductor, Inc. Yukon\u003e on skc1\nsk1: Ethernet address: 00:13:46:6a:2d:c6\nmiibus1: \u003cMII bus\u003e on sk1\ne1000phy1: \u003cMarvell 88E1011 Gigabit PHY\u003e PHY 0 on miibus1\ne1000phy1:  10baseT, 10baseT-FDX, 100baseTX, 100baseTX-FDX, 1000baseT, 1000baseT-FDX, auto\nskc1: [ITHREAD]\natapci1: \u003cPromise PDC20619 UDMA133 controller\u003e port 0xa000-0xa07f,0x9800-0x980f,0x9400-0x947f mem 0xf8000000-0xf8000fff,0xf7800000-0xf781ffff irq 16 at device 12.0 on pci0\natapci1: [ITHREAD]\natapci1: [ITHREAD]\nata2: \u003cATA channel 0\u003e on atapci1\nata2: [ITHREAD]\nata3: \u003cATA channel 1\u003e on atapci1\nata3: [ITHREAD]\nata4: \u003cATA channel 2\u003e on atapci1\nata4: [ITHREAD]\nata5: \u003cATA channel 3\u003e on atapci1\nata5: [ITHREAD]\nahc0: \u003cAdaptec 2940 SCSI adapter\u003e port 0x9000-0x90ff mem 0xf7000000-0xf7000fff irq 19 at device 13.0 on pci0\nahc0: [ITHREAD]\naic7870: Single Channel A, SCSI Id=7, 16/253 SCBs\natrtc0: \u003cAT realtime clock\u003e port 0x70-0x73 irq 8 on acpi0\nfdc1: \u003cfloppy drive controller\u003e port 0x3f2-0x3f5,0x3f7 irq 6 drq 2 on acpi0\nfdc1: [FILTER]\nppc0: \u003cParallel port\u003e port 0x378-0x37f,0x778-0x77b irq 7 drq 3 on acpi0\nppc0: SMC-like chipset (ECP/EPP/PS2/NIBBLE) in COMPATIBLE mode\nppc0: FIFO with 16/16/8 bytes threshold\nppc0: [ITHREAD]\nppbus0: \u003cParallel port bus\u003e on ppc0\nplip0: \u003cPLIP network interface\u003e on ppbus0\nplip0: [ITHREAD]\nlpt0: \u003cPrinter\u003e on ppbus0\nlpt0: [ITHREAD]\nlpt0: Interrupt-driven port\nppi0: \u003cParallel I/O\u003e on ppbus0\nuart0: \u003c16550 or compatible\u003e port 0x3f8-0x3ff irq 4 flags 0x10 on acpi0\nuart0: [FILTER]\nuart1: \u003c16550 or compatible\u003e port 0x2f8-0x2ff irq 3 on acpi0\nuart1: [FILTER]\natkbdc0: \u003cKeyboard controller (i8042)\u003e port 0x60,0x64 irq 1 on acpi0\natkbd0: \u003cAT Keyboard\u003e irq 1 on atkbdc0\nkbd0 at atkbd0\natkbd0: [GIANT-LOCKED]\natkbd0: [ITHREAD]\ncpu0: \u003cACPI CPU\u003e on acpi0\ncpu1: \u003cACPI CPU\u003e on acpi0\npmtimer0 on isa0\norm0: \u003cISA Option ROMs\u003e at iomem 0xc0000-0xce7ff,0xd8000-0xd87ff pnpid ORM0000 on isa0\nsc0: \u003cSystem console\u003e at flags 0x100 on isa0\nsc0: VGA \u003c16 virtual consoles, flags=0x300\u003e\nvga0: \u003cGeneric ISA VGA\u003e at port 0x3c0-0x3df iomem 0xa0000-0xbffff on isa0\nfdc0: No FDOUT register!\nTimecounters tick every 1.000 msec\nusbus0: 12Mbps Full Speed USB v1.0\nusbus1: 12Mbps Full Speed USB v1.0\nacd0: DVDR \u003cHL-DT-ST DVDRAM GSA-4040B/A301\u003e at ata1-master UDMA33\nad4: 305245MB \u003cSeagate ST3320620A 3.AAC\u003e at ata2-master UDMA100\nad6: 305245MB \u003cSeagate ST3320620A 3.AAC\u003e at ata3-master UDMA100\nWaiting 5 seconds for SCSI devices to settle\nugen0.1: \u003cVIA\u003e at usbus0\nuhub0: \u003cVIA UHCI root HUB, class 9/0, rev 1.00/1.00, addr 1\u003e on usbus0\nGEOM: ad4s1: geometry does not match label (255h,63s != 16h,63s).\nGEOM: ad6s1: geometry does not match label (255h,63s != 16h,63s).\nuhub0: 2 ports with 2 removable, self powered\nugen1.1: \u003cVIA\u003e at usbus1\nuhub1: \u003cVIA UHCI root HUB, class 9/0, rev 1.00/1.00, addr 1\u003e on usbus1\nuhub1: 2 ports with 2 removable, self powered\nar0: 305175MB \u003cPromise Fasttrak RAID1\u003e status: READY\nar0: disk0 READY (master) using ad4 at ata2-master\nar0: disk1 READY (mirror) using ad6 at ata3-master\nSMP: AP CPU #1 Launched!\nWARNING: WITNESS option enabled, expect reduced performance.\nTrying to mount root from ufs:/dev/ar0s1a\nGEOM_ELI: Device ar0s1e.eli created.\nGEOM_ELI: Encryption: AES-CBC 128\nGEOM_ELI:     Crypto: software\nGEOM_ELI: Device ar0s1f.eli created.\nGEOM_ELI: Encryption: AES-CBC 128\nGEOM_ELI:     Crypto: software\nGEOM_ELI: Device ar0s1d.eli created.\nGEOM_ELI: Encryption: AES-CBC 128\nGEOM_ELI:     Crypto: software\nGEOM_ELI: Device ar0s1b.eli created.\nGEOM_ELI: Encryption: AES-CBC 256\nGEOM_ELI:     Crypto: software\nlock order reversal:\n 1st 0xc561a270 ufs (ufs) @ /usr/Src-RELENG_8/sys/kern/vfs_mount.c:1054\n 2nd 0xc561a058 devfs (devfs) @ /usr/Src-RELENG_8/sys/kern/vfs_subr.c:2083\nKDB: stack backtrace:\ndb_trace_self_wrapper(c0c1fe7c,e7876814,c08be2a5,c08aee9b,c0c22de6,...) at db_trace_self_wrapper+0x26\nkdb_backtrace(c08aee9b,c0c22de6,c4d1f158,c4d1f088,e7876870,...) at kdb_backtrace+0x29\n_witness_debugger(c0c22de6,c561a058,c0c1176c,c4d1f088,c0c2a1f8,...) at _witness_debugger+0x25\nwitness_checkorder(c561a058,9,c0c2a1f8,823,0,...) at witness_checkorder+0x839\n__lockmgr_args(c561a058,80100,c561a074,0,0,...) at __lockmgr_args+0x7a7\nvop_stdlock(e7876978,c08be04b,c0c119af,80100,c561a000,...) at vop_stdlock+0x62\nVOP_LOCK1_APV(c0cfd660,e7876978,c52059a4,c0d38160,c561a000,...) at VOP_LOCK1_APV+0xb5\n_vn_lock(c561a000,80100,c0c2a1f8,823,8,...) at _vn_lock+0x5e\nvget(c561a000,80100,c5205900,15e,c0c118c8,...) at vget+0xb9\ndevfs_allocv(c55e2500,c519aa10,e7876a10,9d,c0edf078,...) at devfs_allocv+0x102\ndevfs_root(c519aa10,80000,e7876c30,42c,0,...) at devfs_root+0x4a\nvfs_donmount(c5205900,0,c5226180,c5226180,bfbfd7f9,...) at vfs_donmount+0x14c2\nnmount(c5205900,e7876cf8,c,c,c0d033b8,...) at nmount+0x75\nsyscall(e7876d38) at syscall+0x2a3\nXint0x80_syscall() at Xint0x80_syscall+0x20\n--- syscall (378, FreeBSD ELF32, nmount), eip = 0x280e876b, esp = 0xbfbfd7cc, ebp = 0xbfbfdd28 ---\nlock order reversal:\n 1st 0xd8d299f0 bufwait (bufwait) @ /usr/Src-RELENG_8/sys/kern/vfs_bio.c:2559\n 2nd 0xc518e200 dirhash (dirhash) @ /usr/Src-RELENG_8/sys/ufs/ufs/ufs_dirhash.c:285\nKDB: stack backtrace:\ndb_trace_self_wrapper(c0c1fe7c,e7894a74,c08be2a5,c08aee9b,c0c22de6,...) at db_trace_self_wrapper+0x26\nkdb_backtrace(c08aee9b,c0c22de6,c4d1bfc8,c4d1f1c0,e7894ad0,...) at kdb_backtrace+0x29\n_witness_debugger(c0c22de6,c518e200,c0c42b70,c4d1f1c0,c0c42800,...) at _witness_debugger+0x25\nwitness_checkorder(c518e200,9,c0c42800,11d,0,...) at witness_checkorder+0x839\n_sx_xlock(c518e200,0,c0c42800,11d,d9c2b36c,...) at _sx_xlock+0x85\nufsdirhash_acquire(0,e,c51b3000,d8d29990,d9c2b36c,...) at ufsdirhash_acquire+0x35\nufsdirhash_remove(c57050e8,d9c2b36c,36c,e7894b60,e7894b5c,...) at ufsdirhash_remove+0x14\nufs_dirremove(c56f410c,c56d8a6c,500800c,0,c56f410c,...) at ufs_dirremove+0xe5\nufs_remove(e7894c34,0,0,0,c571f53c,...) at\nufs_remove+0x6e\nVOP_REMOVE_APV(c0d1f760,e7894c34,c571f53c,e7894c0c,80f5200,...) at VOP_REMOVE_APV+0xa5\nkern_unlinkat(c570eb40,ffffff9c,80f5200,0,e7894c80,...) at kern_unlinkat+0x181\nkern_unlink(c570eb40,80f5200,0,e7894d2c,c0b5b453,...) at kern_unlink+0x27\nunlink(c570eb40,e7894cf8,4,c0c3d0bc,c0d00b78,...) at unlink+0x22\nsyscall(e7894d38) at syscall+0x2a3\nXint0x80_syscall() at Xint0x80_syscall+0x20\n--- syscall (10, FreeBSD ELF32, unlink), eip = 0x283936cf, esp = 0xbfbfc70c, ebp = 0xbfbfc738 ---\nlagg0: link state changed to DOWN\nsk1: link state changed to DOWN\nvlan0: link state changed to DOWN\nvlan2: link state changed to DOWN\nvlan3: link state changed to DOWN\nvlan1: link state changed to DOWN\nsk1: link state changed to UP\nCURVNET_SET(0xc4d450e0) in arp_ifscrub() on cpu 0, prev 0xc4d450e0 in soo_ioctl()\nlock order reversal:\n 1st 0xc5ab0164 ufs (ufs) @ /usr/Src-RELENG_8/sys/kern/vfs_subr.c:2083\n 2nd 0xd8e8e8a0 bufwait (bufwait) @ /usr/Src-RELENG_8/sys/ufs/ffs/ffs_softdep.c:6177\n 3rd 0xc6e8a6a0 ufs (ufs) @ /usr/Src-RELENG_8/sys/kern/vfs_subr.c:2083\nKDB: stack backtrace:\ndb_trace_self_wrapper(c0c1fe7c,e78fd3cc,c08be2a5,c08aee9b,c0c22dff,...) at db_trace_self_wrapper+0x26\nkdb_backtrace(c08aee9b,c0c22dff,c4d1bfc8,c4d1f158,e78fd428,...) at kdb_backtrace+0x29\n_witness_debugger(c0c22dff,c6e8a6a0,c0c15598,c4d1f158,c0c2a1f8,...) at _witness_debugger+0x25\nwitness_checkorder(c6e8a6a0,9,c0c2a1f8,823,0,...) at witness_checkorder+0x839\n__lockmgr_args(c6e8a6a0,80100,c6e8a6bc,0,0,...) at __lockmgr_args+0x7a7\nffs_lock(e78fd538,c08be04b,c0c296d0,80100,c6e8a648,...) at ffs_lock+0x8a\nVOP_LOCK1_APV(c0d1f760,e78fd538,c5a36764,c0d38160,c6e8a648,...) at VOP_LOCK1_APV+0xb5\n_vn_lock(c6e8a648,80100,c0c2a1f8,823,4,...) at _vn_lock+0x5e\nvget(c6e8a648,80100,c5a366c0,50,0,...) at vget+0xb9\nvfs_hash_get(c5459284,9701aa,80000,c5a366c0,e78fd694,...) at vfs_hash_get+0xe6\nffs_vgetf(c5459284,9701aa,80000,e78fd694,1,...) at ffs_vgetf+0x49\nsoftdep_sync_metadata(c5ab010c,0,c0c42470,146,0,...) at softdep_sync_metadata+0x5ba\nffs_syncvnode(c5ab010c,1,c0c1b267,c0c14bcd,3,...) at ffs_syncvnode+0x3e2\nffs_truncate(c5ab010c,200,0,880,c56b3100,...) at ffs_truncate+0x66a\nufs_direnter(c5ab010c,c6e8a648,e78fda1c,e78fdc00,d8f0c300,...) at ufs_direnter+0x8f6\nufs_mkdir(e78fdc28,e78fdc3c,0,0,e78fdb6c,...) at ufs_mkdir+0x8a7\nVOP_MKDIR_APV(c0d1f760,e78fdc28,e78fdc00,e78fdb6c,0,...) at VOP_MKDIR_APV+0xa5\nkern_mkdirat(c5a366c0,ffffff9c,bfbfe9fd,0,1ff,...) at kern_mkdirat+0x22b\nkern_mkdir(c5a366c0,bfbfe9fd,0,1ff,e78fdd2c,...) at kern_mkdir+0x2e\nmkdir(c5a366c0,e78fdcf8,8,c0c23750,c0d01940,...) at mkdir+0x29\nsyscall(e78fdd38) at syscall+0x2a3\nXint0x80_syscall() at Xint0x80_syscall+0x20\n--- syscall (136, FreeBSD ELF32, mkdir), eip = 0x281698e3, esp = 0xbfbfe78c, ebp = 0xbfbfe858 ---\nlock order reversal:\n 1st 0xc0d70d8c allprison (allprison) @ /usr/Src-RELENG_8/sys/kern/kern_jail.c:2449\n 2nd 0xc561ebdc ufs (ufs) @ /usr/Src-RELENG_8/sys/kern/vfs_subr.c:2188\nKDB: stack backtrace:\ndb_trace_self_wrapper(c0c1fe7c,e5295ab4,c08be2a5,c08aee9b,c0c22de6,...) at db_trace_self_wrapper+0x26\nkdb_backtrace(c08aee9b,c0c22de6,c4d18138,c4d1f158,e5295b10,...) at kdb_backtrace+0x29\n_witness_debugger(c0c22de6,c561ebdc,c0c15598,c4d1f158,c0c2a1f8,...) at _witness_debugger+0x25\nwitness_checkorder(c561ebdc,9,c0c2a1f8,88c,0,...) at witness_checkorder+0x839\n__lockmgr_args(c561ebdc,80100,c561ebf8,0,0,...) at __lockmgr_args+0x7a7\nffs_lock(e5295c20,c4d18138,c0c2a1f8,80100,c561eb84,...) at ffs_lock+0x8a\nVOP_LOCK1_APV(c0d1f760,e5295c20,c086d663,c0d38160,c561eb84,...) at VOP_LOCK1_APV+0xb5\n_vn_lock(c561eb84,80100,c0c2a1f8,88c,0,...) at _vn_lock+0x5e\nvrele(c561eb84,c0c182d5,998,991,c0d05320,...) at vrele+0x137\nprison_deref(e5295cd4,c08b76bb,c4f48000,1,c0c21720,...) at prison_deref+0x4c8\nprison_complete(c4f48000,1,c0c21720,54,c4ea515c,...) at prison_complete+0x10\ntaskqueue_run(c4ea5140,c4ea515c,0,c0c1260e,0,...) at taskqueue_run+0x10b\ntaskqueue_thread_loop(c0d84f68,e5295d38,c0c17e22,33e,c0d70440,...) at taskqueue_thread_loop+0x68\nfork_exit(c08b77b0,c0d84f68,e5295d38) at fork_exit+0xb8\nfork_trampoline() at fork_trampoline+0x8\n--- trap 0, eip = 0, esp = 0xe5295d70, ebp = 0 ---\n\n\n\n*** Verbose boot I just did of the same kernel in case it may help.\n\nCopyright (c) 1992-2009 The FreeBSD Project.\nCopyright (c) 1979, 1980, 1983, 1986, 1988, 1989, 1991, 1992, 1993, 1994\n        The Regents of the University of California. All rights reserved.\nFreeBSD is a registered trademark of The FreeBSD Foundation.\nFreeBSD 8.0-BETA2 #4: Mon Aug 17 13:46:34 UTC 2009\n    root@netserv.ka.cornelius:/usr/Obj-RELENG_8/usr/Src-RELENG_8/sys/NETSERV\nWARNING: WITNESS option enabled, expect reduced performance.\nPreloaded elf kernel \"/boot//kernel.old/kernel\" at 0xc10fe000.\nPreloaded elf module \"/boot//kernel.old/geom_eli.ko\" at 0xc10fe19c.\nPreloaded elf module \"/boot//kernel.old/crypto.ko\" at 0xc10fe250.\nPreloaded elf module \"/boot//kernel.old/zlib.ko\" at 0xc10fe300.\nPreloaded elf module \"/boot//kernel.old/if_vlan.ko\" at 0xc10fe3b0.\nPreloaded elf module \"/boot//kernel.old/if_lagg.ko\" at 0xc10fe464.\nTimecounter \"i8254\" frequency 1193182 Hz quality 0\nCalibrating TSC clock ... TSC clock: 1004515897 Hz\nCPU: Intel Pentium III (1004.52-MHz 686-class CPU)\n  Origin = \"GenuineIntel\"  Id = 0x686  Stepping = 6\n  Features=0x383fbff\u003cFPU,VME,DE,PSE,TSC,MSR,PAE,MCE,CX8,APIC,SEP,MTRR,PGE,MCA,CMOV,PAT,PSE36,MMX,FXSR,SSE\u003e\n\nInstruction TLB: 4 KB pages, 4-way set associative, 32 entries\nInstruction TLB: 4 MB pages, fully associative, 2 entries\nData TLB: 4 KB pages, 4-way set associative, 64 entries\n2nd-level cache: 256 KB, 8-way set associative, 32 byte line size\n1st-level instruction cache: 16 KB, 4-way set associative, 32 byte line size\nData TLB: 4 MB Pages, 4-way set associative, 8 entries\n1st-level data cache: 16 KB, 4-way set associative, 32 byte line size\nreal memory  = 1610612736 (1536 MB)\nPhysical memory chunk(s):\n0x0000000000001000 - 0x000000000009bfff, 634880 bytes (155 pages)\n0x0000000000100000 - 0x00000000003fffff, 3145728 bytes (768 pages)\n0x0000000001426000 - 0x000000005e4abfff, 1560829952 bytes (381062 pages)\navail memory = 1559441408 (1487 MB)\nTable 'FACP' at 0x5fffc100\nTable 'BOOT' at 0x5fffc040\nTable 'APIC' at 0x5fffc080\nMADT: Found table at 0x5fffc080\nMP Configuration Table version 1.4 found at 0xc00f50c4\nAPIC: Using the MADT enumerator.\nMADT: Found CPU APIC ID 3 ACPI ID 0: enabled\nSMP: Added CPU 3 (AP)\nMADT: Found CPU APIC ID 0 ACPI ID 1: enabled\nSMP: Added CPU 0 (AP)\nACPI APIC Table: \u003cASUS   CUV4X-D \u003e\nINTR: Adding local APIC 0 as a target\nFreeBSD/SMP: Multiprocessor System Detected: 2 CPUs\nFreeBSD/SMP: 2 package(s) x 1 core(s)\n cpu0 (BSP): APIC ID:  3\n cpu1 (AP): APIC ID:  0\nbios32: Found BIOS32 Service Directory header at 0xc00f1370\nbios32: Entry = 0xf0b20 (c00f0b20)  Rev = 0  Len = 1\npcibios: PCI BIOS entry at 0xf0000+0xd20\npnpbios: Found PnP BIOS data at 0xc00fbd20\npnpbios: Entry = f0000:bd50  Rev = 1.0\npnpbios: OEM ID cd041\nOther BIOS signatures found:\nAPIC: CPU 0 has ACPI ID 0\nAPIC: CPU 1 has ACPI ID 1\nWARNING: VIMAGE (virtualized network stack) is a highly experimental feature.\nULE: setup cpu 0\nULE: setup cpu 1\nACPI: RSDP 0xf6910 00014 (v0 ASUS  )\nACPI: RSDT 0x5fffc000 00030 (v1 ASUS   CUV4X-D  30303031 MSFT 31313031)\nACPI: FACP 0x5fffc100 00074 (v1 ASUS   CUV4X-D  30303031 MSFT 31313031)\nACPI: DSDT 0x5fffc180 02560 (v1   ASUS CUV4X-D  00001000 MSFT 0100000B)\nACPI: FACS 0x5ffff000 00040\nACPI: BOOT 0x5fffc040 00028 (v1 ASUS   CUV4X-D  30303031 MSFT 31313031)\nACPI: APIC 0x5fffc080 0005C (v1 ASUS   CUV4X-D  30303031 MSFT 31313031)\nMADT: Found IO APIC ID 2, Interrupt 0 at 0xfec00000\nioapic0: Routing external 8259A's -\u003e intpin 0\nMADT: Interrupt override: source 0, irq 2\nioapic0: Routing IRQ 0 -\u003e intpin 2\nMADT: Interrupt override: source 9, irq 9\nioapic0: intpin 9 trigger: level\nioapic0: intpin 9 polarity: low\nioapic0 \u003cVersion 1.1\u003e irqs 0-23 on motherboard\ncpu0 BSP:\n     ID: 0x03000000   VER: 0x00040011 LDR: 0x00000000 DFR: 0xffffffff\n  lint0: 0x00010700 lint1: 0x00000400 TPR: 0x00000000 SVR: 0x000001ff\n  timer: 0x000100ef therm: 0x00000000 err: 0x00010000 pcm: 0x00010400\nwlan: \u003c802.11 Link Layer\u003e\nrandom: \u003centropy source, Software, Yarrow\u003e\nnfslock: pseudo-device\nkbd: new array size 4\nkbd1 at kbdmux0\nmem: \u003cmemory\u003e\nPentium Pro MTRR support enabled\nio: \u003cI/O\u003e\ncrypto: \u003ccrypto core\u003e\nnull: \u003cnull device, zero device\u003e\nhptrr: RocketRAID 17xx/2xxx SATA controller driver v1.2\nnpx0: INT 16 interface\ncryptosoft0: \u003csoftware crypto\u003e on motherboard\ncrypto: assign cryptosoft0 driver id 0, flags 100663296\ncrypto: cryptosoft0 registers alg 1 flags 0 maxoplen 0\ncrypto: cryptosoft0 registers alg 2 flags 0 maxoplen 0\ncrypto: cryptosoft0 registers alg 3 flags 0 maxoplen 0\ncrypto: cryptosoft0 registers alg 4 flags 0 maxoplen 0\ncrypto: cryptosoft0 registers alg 5 flags 0 maxoplen 0\ncrypto: cryptosoft0 registers alg 16 flags 0 maxoplen 0\ncrypto: cryptosoft0 registers alg 6 flags 0 maxoplen 0\ncrypto: cryptosoft0 registers alg 7 flags 0 maxoplen 0\ncrypto: cryptosoft0 registers alg 18 flags 0 maxoplen 0\ncrypto: cryptosoft0 registers alg 19 flags 0 maxoplen 0\ncrypto: cryptosoft0 registers alg 20 flags 0 maxoplen 0\ncrypto: cryptosoft0 registers alg 8 flags 0 maxoplen 0\ncrypto: cryptosoft0 registers alg 15 flags 0 maxoplen 0\ncrypto: cryptosoft0 registers alg 9 flags 0 maxoplen 0\ncrypto: cryptosoft0 registers alg 10 flags 0 maxoplen 0\ncrypto: cryptosoft0 registers alg 13 flags 0 maxoplen 0\ncrypto: cryptosoft0 registers alg 14 flags 0 maxoplen 0\ncrypto: cryptosoft0 registers alg 11 flags 0 maxoplen 0\ncrypto: cryptosoft0 registers alg 21 flags 0 maxoplen 0\ncrypto: cryptosoft0 registers alg 17 flags 0 maxoplen 0\nacpi0: \u003cASUS CUV4X-D\u003e on motherboard\nioapic0: routing intpin 9 (ISA IRQ 9) to lapic 3 vector 48\nacpi0: [MPSAFE]\nacpi0: [ITHREAD]\nacpi0: Power Button (fixed)\nacpi0: wakeup code va 0xc4bbc000 pa 0x1000\npci_open(1):    mode 1 addr port (0x0cf8) is 0x80000060\npci_open(1a):   mode1res=0x80000000 (0x80000000)\npci_cfgcheck:   device 0 [class=060000] [hdr=00] is there (id=06911106)\npcibios: BIOS version 2.10\nacpi_bus_number: root bus has no _BBN, assuming 0\nAcpiOsDerivePciId: \\\\_SB_.PCI0.PX40.PIRQ -\u003e bus 0 dev 4 func 0\nacpi_bus_number: root bus has no _BBN, assuming 0\nAcpiOsDerivePciId: \\\\_SB_.PCI0.PX40.EFEN -\u003e bus 0 dev 4 func 0\nacpi_bus_number: root bus has no _BBN, assuming 0\nAcpiOsDerivePciId: \\\\_SB_.PCI0.PX40.IOCG -\u003e bus 0 dev 4 func 0\nacpi_bus_number: root bus has no _BBN, assuming 0\nAcpiOsDerivePciId: \\\\_SB_.PCI0.PX40.MFEN -\u003e bus 0 dev 4 func 0\nacpi_bus_number: root bus has no _BBN, assuming 0\nAcpiOsDerivePciId: \\\\_SB_.PCI0.PX40.USBE -\u003e bus 0 dev 4 func 0\nacpi0: reservation of 0, a0000 (3) failed\nacpi0: reservation of 100000, 5ff00000 (3) failed\nACPI timer: 1/2 1/1 1/1 1/1 1/1 1/1 1/1 1/1 1/1 1/1 -\u003e 10\nTimecounter \"ACPI-fast\" frequency 3579545 Hz quality 1000\nacpi_timer0: \u003c24-bit timer at 3.579545MHz\u003e port 0xe408-0xe40b on acpi0\npci_link0:        Index  IRQ  Rtd  Ref  IRQs\n  Initial Probe       0   11   N     0  3 4 5 6 7 9 10 11 12 14 15\n  Validation          0   11   N     0  3 4 5 6 7 9 10 11 12 14 15\n  After Disable       0  255   N     0  3 4 5 6 7 9 10 11 12 14 15\npci_link1:        Index  IRQ  Rtd  Ref  IRQs\n  Initial Probe       0  255   N     0  3 4 5 6 7 9 10 11 12 14 15\n  Validation          0  255   N     0  3 4 5 6 7 9 10 11 12 14 15\n  After Disable       0  255   N     0  3 4 5 6 7 9 10 11 12 14 15\npci_link2:        Index  IRQ  Rtd  Ref  IRQs\n  Initial Probe       0    5   N     0  3 4 5 6 7 9 10 11 12 14 15\n  Validation          0    5   N     0  3 4 5 6 7 9 10 11 12 14 15\n  After Disable       0  255   N     0  3 4 5 6 7 9 10 11 12 14 15\npci_link3:        Index  IRQ  Rtd  Ref  IRQs\n  Initial Probe       0    9   N     0  3 4 5 6 7 9 10 11 12 14 15\n  Validation          0    9   N     0  3 4 5 6 7 9 10 11 12 14 15\n  After Disable       0  255   N     0  3 4 5 6 7 9 10 11 12 14 15\nacpi_button0: \u003cPower Button\u003e on acpi0\npcib0: \u003cACPI Host-PCI bridge\u003e port 0xcf8-0xcff on acpi0\nACPI: Found matching pin for 0.4.INTD at func 2: 5\npci0: \u003cACPI PCI bus\u003e on pcib0\npci0: domain=0, physical bus=0\nfound-\u003e vendor=0x1106, dev=0x0691, revid=0xc4\n        domain=0, bus=0, slot=0, func=0\n        class=06-00-00, hdrtype=0x00, mfdev=0\n        cmdreg=0x0006, statreg=0x2210, cachelnsz=0 (dwords)\n        lattimer=0x00 (0 ns), mingnt=0x00 (0 ns), maxlat=0x00 (0 ns)\n        powerspec 2  supports D0 D3  current D0\n        map[10]: type Prefetchable Memory, range 32, base 0xfc000000, size 25, enabled\nfound-\u003e vendor=0x1106, dev=0x8598, revid=0x00\n        domain=0, bus=0, slot=1, func=0\n        class=06-04-00, hdrtype=0x01, mfdev=0\n        cmdreg=0x0007, statreg=0x2230, cachelnsz=0 (dwords)\n        lattimer=0x00 (0 ns), mingnt=0x08 (2000 ns), maxlat=0x00 (0 ns)\n        powerspec 2  supports D0 D1 D3  current D0\nfound-\u003e vendor=0x1106, dev=0x0686, revid=0x40\n        domain=0, bus=0, slot=4, func=0\n        class=06-01-00, hdrtype=0x00, mfdev=1\n        cmdreg=0x0087, statreg=0x0210, cachelnsz=0 (dwords)\n        lattimer=0x00 (0 ns), mingnt=0x00 (0 ns), maxlat=0x00 (0 ns)\n        powerspec 2  supports D0 D3  current D0\nfound-\u003e vendor=0x1106, dev=0x0571, revid=0x06\n        domain=0, bus=0, slot=4, func=1\n        class=01-01-8a, hdrtype=0x00, mfdev=0\n        cmdreg=0x0087, statreg=0x0290, cachelnsz=0 (dwords)\n        lattimer=0x20 (960 ns), mingnt=0x00 (0 ns), maxlat=0x00 (0 ns)\n        powerspec 2  supports D0 D3  current D0\n        map[20]: type I/O Port, range 32, base 0xb800, size  4, enabled\nfound-\u003e vendor=0x1106, dev=0x3038, revid=0x16\n        domain=0, bus=0, slot=4, func=2\n        class=0c-03-00, hdrtype=0x00, mfdev=0\n        cmdreg=0x0017, statreg=0x0210, cachelnsz=8 (dwords)\n        lattimer=0x20 (960 ns), mingnt=0x00 (0 ns), maxlat=0x00 (0 ns)\n        intpin=d, irq=5\n        powerspec 2  supports D0 D3  current D0\n        map[20]: type I/O Port, range 32, base 0xb400, size  5, enabled\npcib0: matched entry for 0.4.INTD (src \\\\_SB_.LNKC:0)\nioapic0: Changing trigger for pin 5 to level\nioapic0: Changing polarity for pin 5 to low\npcib0: slot 4 INTD routed to irq 5 via \\\\_SB_.LNKC\nfound-\u003e vendor=0x1106, dev=0x3038, revid=0x16\n        domain=0, bus=0, slot=4, func=3\n        class=0c-03-00, hdrtype=0x00, mfdev=0\n        cmdreg=0x0017, statreg=0x0210, cachelnsz=8 (dwords)\n        lattimer=0x20 (960 ns), mingnt=0x00 (0 ns), maxlat=0x00 (0 ns)\n        intpin=d, irq=5\n        powerspec 2  supports D0 D3  current D0\n        map[20]: type I/O Port, range 32, base 0xb000, size  5, enabled\npcib0: matched entry for 0.4.INTD (src \\\\_SB_.LNKC:0)\npcib0: slot 4 INTD routed to irq 5 via \\\\_SB_.LNKC\nfound-\u003e vendor=0x1106, dev=0x3057, revid=0x40\n        domain=0, bus=0, slot=4, func=4\n        class=06-00-00, hdrtype=0x00, mfdev=0\n        cmdreg=0x0000, statreg=0x0290, cachelnsz=0 (dwords)\n        lattimer=0x00 (0 ns), mingnt=0x00 (0 ns), maxlat=0x00 (0 ns)\n        powerspec 2  supports D0 D3  current D0\nfound-\u003e vendor=0x1186, dev=0x4c00, revid=0x11\n        domain=0, bus=0, slot=10, func=0\n        class=02-00-00, hdrtype=0x00, mfdev=0\n        cmdreg=0x0014, statreg=0x02b0, cachelnsz=8 (dwords)\n        lattimer=0x20 (960 ns), mingnt=0x17 (5750 ns), maxlat=0x1f (7750 ns)\n        intpin=a, irq=255\n        powerspec 2  supports D0 D1 D2 D3  current D0\n        map[10]: type Memory, range 32, base 0xf9000000, size 14, memory disabled\n        map[14]: type I/O Port, range 32, base 0xa800, size  8, port disabled\nfound-\u003e vendor=0x1186, dev=0x4c00, revid=0x11\n        domain=0, bus=0, slot=11, func=0\n        class=02-00-00, hdrtype=0x00, mfdev=0\n        cmdreg=0x0014, statreg=0x02b0, cachelnsz=8 (dwords)\n        lattimer=0x20 (960 ns), mingnt=0x17 (5750 ns), maxlat=0x1f (7750 ns)\n        intpin=a, irq=255\n        powerspec 2  supports D0 D1 D2 D3  current D0\n        map[10]: type Memory, range 32, base 0xf8800000, size 14, memory disabled\n        map[14]: type I/O Port, range 32, base 0xa400, size  8, port disabled\nfound-\u003e vendor=0x105a, dev=0x6629, revid=0x02\n        domain=0, bus=0, slot=12, func=0\n        class=01-04-00, hdrtype=0x00, mfdev=0\n        cmdreg=0x0017, statreg=0x0230, cachelnsz=144 (dwords)\n        lattimer=0x60 (2880 ns), mingnt=0x04 (1000 ns), maxlat=0x12 (4500 ns)\n        intpin=a, irq=11\n        powerspec 1  supports D0 D1 D3  current D0\n        map[10]: type I/O Port, range 32, base 0xa000, size  7, enabled\n        map[14]: type I/O Port, range 32, base 0x9800, size  4, enabled\n        map[18]: type I/O Port, range 32, base 0x9400, size  7, enabled\n        map[1c]: type Memory, range 32, base 0xf8000000, size 12, enabled\n        map[20]: type Memory, range 32, base 0xf7800000, size 17, enabled\npcib0: matched entry for 0.12.INTA\npcib0: slot 12 INTA hardwired to IRQ 16\nfound-\u003e vendor=0x9004, dev=0x7178, revid=0x00\n        domain=0, bus=0, slot=13, func=0\n        class=01-00-00, hdrtype=0x00, mfdev=0\n        cmdreg=0x0017, statreg=0x0280, cachelnsz=8 (dwords)\n        lattimer=0x20 (960 ns), mingnt=0x08 (2000 ns), maxlat=0x08 (2000 ns)\n        intpin=a, irq=9\n        map[10]: type I/O Port, range 32, base 0x9000, size  8, enabled\n        map[14]: type Memory, range 32, base 0xf7000000, size 12, enabled\npcib0: matched entry for 0.13.INTA\npcib0: slot 13 INTA hardwired to IRQ 19\nagp0: \u003cVIA 82C691 (Apollo Pro) host to PCI bridge\u003e on hostb0\nhostb0: Reserved 0x2000000 bytes for rid 0x10 type 3 at 0xfc000000\nagp0: allocating GATT for aperture of size 256M\nagp0: aperture size is 256M\npcib1: \u003cACPI PCI-PCI bridge\u003e at device 1.0 on pci0\npcib1:   domain            0\npcib1:   secondary bus     1\npcib1:   subordinate bus   1\npcib1:   I/O decode        0xd000-0xdfff\npcib1:   memory decode     0xf9800000-0xfbdfffff\npcib1:   prefetched decode 0xfbf00000-0xfbffffff\npci1: \u003cACPI PCI bus\u003e on pcib1\npci1: domain=0, physical bus=1\nfound-\u003e vendor=0x1002, dev=0x4c42, revid=0xdc\n        domain=0, bus=1, slot=0, func=0\n        class=03-00-00, hdrtype=0x00, mfdev=0\n        cmdreg=0x0087, statreg=0x0290, cachelnsz=8 (dwords)\n        lattimer=0x40 (1920 ns), mingnt=0x08 (2000 ns), maxlat=0x00 (0 ns)\n        intpin=a, irq=11\n        powerspec 1  supports D0 D1 D2 D3  current D0\n        map[10]: type Memory, range 32, base 0xfa000000, size 24, enabled\npcib1: requested memory range 0xfa000000-0xfaffffff: good\n        map[14]: type I/O Port, range 32, base 0xd800, size  8, enabled\npcib1: requested I/O range 0xd800-0xd8ff: in range\n        map[18]: type Memory, range 32, base 0xf9800000, size 12, enabled\npcib1: requested memory range 0xf9800000-0xf9800fff: good\npcib1: matched entry for 1.0.INTA\npcib1: slot 0 INTA hardwired to IRQ 16\nvgapci0: \u003cVGA-compatible display\u003e port 0xd800-0xd8ff mem 0xfa000000-0xfaffffff,0xf9800000-0xf9800fff irq 16 at device 0.0 on pci1\nisab0: \u003cPCI-ISA bridge\u003e at device 4.0 on pci0\nisa0: \u003cISA bus\u003e on isab0\natapci0: \u003cVIA 82C686B UDMA100 controller\u003e port 0x1f0-0x1f7,0x3f6,0x170-0x177,0x376,0xb800-0xb80f at device 4.1 on pci0\natapci0: Reserved 0x10 bytes for rid 0x20 type 4 at 0xb800\nata0: \u003cATA channel 0\u003e on atapci0\natapci0: Reserved 0x8 bytes for rid 0x10 type 4 at 0x1f0\natapci0: Reserved 0x1 bytes for rid 0x14 type 4 at 0x3f6\nata0: reset tp1 mask=03 ostat0=e0 ostat1=f0\nata0: stat0=0xa0 err=0xa0 lsb=0xa0 msb=0xa0\nata0: stat0=0xa0 err=0xa0 lsb=0xa0 msb=0xa0\nata0: stat0=0xa0 err=0xa0 lsb=0xa0 msb=0xa0\nata0: stat0=0xa0 err=0xa0 lsb=0xa0 msb=0xa0\nata0: stat0=0xa0 err=0xa0 lsb=0xa0 msb=0xa0\nata0: stat0=0xa0 err=0xa0 lsb=0xa0 msb=0xa0\nata0: stat0=0xa0 err=0xa0 lsb=0xa0 msb=0xa0\nata0: stat0=0xa0 err=0xa0 lsb=0xa0 msb=0xa0\nata0: stat0=0xa0 err=0xa0 lsb=0xa0 msb=0xa0\nata0: stat0=0xa0 err=0xa0 lsb=0xa0 msb=0xa0\nata0: stat0=0xa0 err=0xa0 lsb=0xa0 msb=0xa0\nata0: stat0=0xa0 err=0xa0 lsb=0xa0 msb=0xa0\nata0: stat0=0xa0 err=0xa0 lsb=0xa0 msb=0xa0\nata0: stat0=0xa0 err=0xa0 lsb=0xa0 msb=0xa0\nata0: stat0=0xa0 err=0xa0 lsb=0xa0 msb=0xa0\nata0: stat0=0xa0 err=0xa0 lsb=0xa0 msb=0xa0\nata0: stat0=0xa0 err=0xa0 lsb=0xa0 msb=0xa0\nata0: stat0=0xa0 err=0xa0 lsb=0xa0 msb=0xa0\nata0: stat0=0xa0 err=0xa0 lsb=0xa0 msb=0xa0\nata0: stat0=0xa0 err=0xa0 lsb=0xa0 msb=0xa0\nata0: stat0=0xa0 err=0xa0 lsb=0xa0 msb=0xa0\nata0: stat0=0xa0 err=0xa0 lsb=0xa0 msb=0xa0\nata0: stat0=0xa0 err=0xa0 lsb=0xa0 msb=0xa0\nata0: stat0=0xa0 err=0xa0 lsb=0xa0 msb=0xa0\nata0: stat0=0xa0 err=0xa0 lsb=0xa0 msb=0xa0\nata0: stat0=0xa0 err=0xa0 lsb=0xa0 msb=0xa0\nata0: stat0=0xa0 err=0xa0 lsb=0xa0 msb=0xa0\nata0: stat0=0xa0 err=0xa0 lsb=0xa0 msb=0xa0\nata0: stat0=0xa0 err=0xa0 lsb=0xa0 msb=0xa0\nata0: stat0=0xa0 err=0xa0 lsb=0xa0 msb=0xa0\nata0: stat0=0xa0 err=0xa0 lsb=0xa0 msb=0xa0\nata0: stat0=0xa0 err=0xa0 lsb=0xa0 msb=0xa0\nata0: stat0=0xa0 err=0xa0 lsb=0xa0 msb=0xa0\nata0: stat0=0xa0 err=0xa0 lsb=0xa0 msb=0xa0\nata0: stat0=0xa0 err=0xa0 lsb=0xa0 msb=0xa0\nata0: stat0=0xa0 err=0xa0 lsb=0xa0 msb=0xa0\nata0: stat0=0xa0 err=0xa0 lsb=0xa0 msb=0xa0\nata0: stat0=0xa0 err=0xa0 lsb=0xa0 msb=0xa0\nata0: stat0=0xa0 err=0xa0 lsb=0xa0 msb=0xa0\nata0: stat0=0xa0 err=0xa0 lsb=0xa0 msb=0xa0\nata0: stat0=0xa0 err=0xa0 lsb=0xa0 msb=0xa0\nata0: stat0=0xa0 err=0xa0 lsb=0xa0 msb=0xa0\nata0: stat0=0xa0 err=0xa0 lsb=0xa0 msb=0xa0\nata0: stat0=0xa0 err=0xa0 lsb=0xa0 msb=0xa0\nata0: stat0=0xa0 err=0xa0 lsb=0xa0 msb=0xa0\nata0: stat0=0xa0 err=0xa0 lsb=0xa0 msb=0xa0\nata0: stat0=0xa0 err=0xa0 lsb=0xa0 msb=0xa0\nata0: stat0=0xa0 err=0xa0 lsb=0xa0 msb=0xa0\nata0: stat0=0xa0 err=0xa0 lsb=0xa0 msb=0xa0\nata0: stat0=0xa0 err=0xa0 lsb=0xa0 msb=0xa0\nata0: stat0=0xa0 err=0xa0 lsb=0xa0 msb=0xa0\nata0: stat0=0xa0 err=0xa0 lsb=0xa0 msb=0xa0\nata0: stat0=0xa0 err=0xa0 lsb=0xa0 msb=0xa0\nata0: stat0=0xa0 err=0xa0 lsb=0xa0 msb=0xa0\nata0: stat0=0xa0 err=0xa0 lsb=0xa0 msb=0xa0\nata0: stat0=0xa0 err=0xa0 lsb=0xa0 msb=0xa0\nata0: stat0=0xa0 err=0xa0 lsb=0xa0 msb=0xa0\nata0: stat0=0xa0 err=0xa0 lsb=0xa0 msb=0xa0\nata0: stat0=0xa0 err=0xa0 lsb=0xa0 msb=0xa0\nata0: stat0=0xa0 err=0xa0 lsb=0xa0 msb=0xa0\nata0: stat0=0xa0 err=0xa0 lsb=0xa0 msb=0xa0\nata0: stat0=0xa0 err=0xa0 lsb=0xa0 msb=0xa0\nata0: stat0=0xa0 err=0xa0 lsb=0xa0 msb=0xa0\nata0: stat0=0xa0 err=0xa0 lsb=0xa0 msb=0xa0\nata0: stat0=0xa0 err=0xa0 lsb=0xa0 msb=0xa0\nata0: stat0=0xa0 err=0xa0 lsb=0xa0 msb=0xa0\nata0: stat0=0xa0 err=0xa0 lsb=0xa0 msb=0xa0\nata0: stat0=0xa0 err=0xa0 lsb=0xa0 msb=0xa0\nata0: stat0=0xa0 err=0xa0 lsb=0xa0 msb=0xa0\nata0: stat0=0xa0 err=0xa0 lsb=0xa0 msb=0xa0\nata0: stat0=0xa0 err=0xa0 lsb=0xa0 msb=0xa0\nata0: stat0=0xa0 err=0xa0 lsb=0xa0 msb=0xa0\nata0: stat0=0xa0 err=0xa0 lsb=0xa0 msb=0xa0\nata0: stat0=0xa0 err=0xa0 lsb=0xa0 msb=0xa0\nata0: stat0=0xa0 err=0xa0 lsb=0xa0 msb=0xa0\nata0: stat0=0xa0 err=0xa0 lsb=0xa0 msb=0xa0\nata0: stat0=0xa0 err=0xa0 lsb=0xa0 msb=0xa0\nata0: stat0=0xa0 err=0xa0 lsb=0xa0 msb=0xa0\nata0: stat0=0xa0 err=0xa0 lsb=0xa0 msb=0xa0\nata0: stat0=0xa0 err=0xa0 lsb=0xa0 msb=0xa0\nata0: stat0=0xa0 err=0xa0 lsb=0xa0 msb=0xa0\nata0: stat0=0xa0 err=0xa0 lsb=0xa0 msb=0xa0\nata0: stat0=0xa0 err=0xa0 lsb=0xa0 msb=0xa0\nata0: stat0=0xa0 err=0xa0 lsb=0xa0 msb=0xa0\nata0: stat0=0xa0 err=0xa0 lsb=0xa0 msb=0xa0\nata0: stat0=0xa0 err=0xa0 lsb=0xa0 msb=0xa0\nata0: stat0=0xa0 err=0xa0 lsb=0xa0 msb=0xa0\nata0: stat0=0xa0 err=0xa0 lsb=0xa0 msb=0xa0\nata0: stat0=0xa0 err=0xa0 lsb=0xa0 msb=0xa0\nata0: stat0=0xa0 err=0xa0 lsb=0xa0 msb=0xa0\nata0: stat0=0xa0 err=0xa0 lsb=0xa0 msb=0xa0\nata0: stat0=0xa0 err=0xa0 lsb=0xa0 msb=0xa0\nata0: stat0=0xa0 err=0xa0 lsb=0xa0 msb=0xa0\nata0: stat0=0xa0 err=0xa0 lsb=0xa0 msb=0xa0\nata0: stat0=0xa0 err=0xa0 lsb=0xa0 msb=0xa0\nata0: stat0=0xa0 err=0xa0 lsb=0xa0 msb=0xa0\nata0: stat0=0xa0 err=0xa0 lsb=0xa0 msb=0xa0\nata0: stat0=0xa0 err=0xa0 lsb=0xa0 msb=0xa0\nata0: stat0=0xa0 err=0xa0 lsb=0xa0 msb=0xa0\nata0: stat0=0xa0 err=0xa0 lsb=0xa0 msb=0xa0\nata0: stat0=0xa0 err=0xa0 lsb=0xa0 msb=0xa0\nata0: stat0=0xa0 err=0xa0 lsb=0xa0 msb=0xa0\nata0: stat1=0xb0 err=0xb0 lsb=0xb0 msb=0xb0\nata0: reset tp2 stat0=a0 stat1=b0 devices=0x0\nioapic0: routing intpin 14 (ISA IRQ 14) to lapic 3 vector 49\nata0: [MPSAFE]\nata0: [ITHREAD]\nata1: \u003cATA channel 1\u003e on atapci0\natapci0: Reserved 0x8 bytes for rid 0x18 type 4 at 0x170\natapci0: Reserved 0x1 bytes for rid 0x1c type 4 at 0x376\nata1: reset tp1 mask=03 ostat0=50 ostat1=00\nata1: stat0=0x00 err=0x01 lsb=0x14 msb=0xeb\nata1: stat1=0x00 err=0x00 lsb=0x00 msb=0x00\nata1: reset tp2 stat0=00 stat1=00 devices=0x10000\nioapic0: routing intpin 15 (ISA IRQ 15) to lapic 3 vector 50\nata1: [MPSAFE]\nata1: [ITHREAD]\nuhci0: \u003cVIA 83C572 USB controller\u003e port 0xb400-0xb41f irq 5 at device 4.2 on pci0\nuhci0: Reserved 0x20 bytes for rid 0x20 type 4 at 0xb400\nioapic0: routing intpin 5 (ISA IRQ 5) to lapic 3 vector 51\nuhci0: [MPSAFE]\nuhci0: [ITHREAD]\nusbus0: \u003cVIA 83C572 USB controller\u003e on uhci0\nuhci1: \u003cVIA 83C572 USB controller\u003e port 0xb000-0xb01f irq 5 at device 4.3 on pci0\nuhci1: Reserved 0x20 bytes for rid 0x20 type 4 at 0xb000\nuhci1: [MPSAFE]\nuhci1: [ITHREAD]\nusbus1: \u003cVIA 83C572 USB controller\u003e on uhci1\nskc0: \u003cD-Link DGE-530T Gigabit Ethernet\u003e port 0xa800-0xa8ff mem 0xf9000000-0xf9003fff at device 10.0 on pci0\nskc0: Reserved 0x4000 bytes for rid 0x10 type 3 at 0xf9000000\npcib0: matched entry for 0.10.INTA\npcib0: slot 10 INTA hardwired to IRQ 18\nskc0: interrupt moderation is 100 us\nskc0: DGE-530T Gigabit Ethernet Adapter rev. (0x1)\nskc0: chip ver  = 0xb0\nskc0: chip rev  = 0x01\nskc0: SK_EPROM0 = 0x00\nskc0: SRAM size = 0x020000\nsk0: \u003cMarvell Semiconductor, Inc. Yukon\u003e on skc0\nsk0: bpf attached\nsk0: Ethernet address: 00:13:46:6a:2d:f4\nmiibus0: \u003cMII bus\u003e on sk0\ne1000phy0: \u003cMarvell 88E1011 Gigabit PHY\u003e PHY 0 on miibus0\ne1000phy0:  10baseT, 10baseT-FDX, 100baseTX, 100baseTX-FDX, 1000baseT, 1000baseT-FDX, auto\nioapic0: routing intpin 18 (PCI IRQ 18) to lapic 3 vector 52\nskc0: [MPSAFE]\nskc0: [ITHREAD]\nskc1: \u003cD-Link DGE-530T Gigabit Ethernet\u003e port 0xa400-0xa4ff mem 0xf8800000-0xf8803fff at device 11.0 on pci0\nskc1: Reserved 0x4000 bytes for rid 0x10 type 3 at 0xf8800000\npcib0: matched entry for 0.11.INTA\npcib0: slot 11 INTA hardwired to IRQ 17\nskc1: interrupt moderation is 100 us\nskc1: DGE-530T Gigabit Ethernet Adapter rev. (0x1)\nskc1: chip ver  = 0xb0\nskc1: chip rev  = 0x01\nskc1: SK_EPROM0 = 0x00\nskc1: SRAM size = 0x020000\nsk1: \u003cMarvell Semiconductor, Inc. Yukon\u003e on skc1\nsk1: bpf attached\nsk1: Ethernet address: 00:13:46:6a:2d:c6\nmiibus1: \u003cMII bus\u003e on sk1\ne1000phy1: \u003cMarvell 88E1011 Gigabit PHY\u003e PHY 0 on miibus1\ne1000phy1:  10baseT, 10baseT-FDX, 100baseTX, 100baseTX-FDX, 1000baseT, 1000baseT-FDX, auto\nioapic0: routing intpin 17 (PCI IRQ 17) to lapic 3 vector 53\nskc1: [MPSAFE]\nskc1: [ITHREAD]\natapci1: \u003cPromise PDC20619 UDMA133 controller\u003e port 0xa000-0xa07f,0x9800-0x980f,0x9400-0x947f mem 0xf8000000-0xf8000fff,0xf7800000-0xf781ffff irq 16 at device 12.0 on pci0\npci0: child atapci1 requested type 4 for rid 0x20, but the BAR says it is an memio\nioapic0: routing intpin 16 (PCI IRQ 16) to lapic 3 vector 54\natapci1: [MPSAFE]\natapci1: [ITHREAD]\natapci1: Reserved 0x20000 bytes for rid 0x20 type 3 at 0xf7800000\natapci1: Reserved 0x1000 bytes for rid 0x1c type 3 at 0xf8000000\nioapic0: routing intpin 16 (PCI IRQ 16) to lapic 3 vector 54\natapci1: [MPSAFE]\natapci1: [ITHREAD]\nata2: \u003cATA channel 0\u003e on atapci1\nata2: reset tp1 mask=03 ostat0=50 ostat1=00\nata2: stat0=0x50 err=0x01 lsb=0x00 msb=0x00\nata2: stat1=0x00 err=0x01 lsb=0x00 msb=0x00\nata2: reset tp2 stat0=50 stat1=00 devices=0x1\nata2: [MPSAFE]\nata2: [ITHREAD]\nata3: \u003cATA channel 1\u003e on atapci1\nata3: reset tp1 mask=03 ostat0=50 ostat1=00\nata3: stat0=0x50 err=0x01 lsb=0x00 msb=0x00\nata3: stat1=0x00 err=0x01 lsb=0x00 msb=0x00\nata3: reset tp2 stat0=50 stat1=00 devices=0x1\nata3: [MPSAFE]\nata3: [ITHREAD]\nata4: \u003cATA channel 2\u003e on atapci1\nata4: reset tp1 mask=03 ostat0=60 ostat1=70\nata4: stat0=0x20 err=0x20 lsb=0x20 msb=0x20\nata4: stat1=0x30 err=0x30 lsb=0x30 msb=0x30\nata4: reset tp2 stat0=20 stat1=30 devices=0x0\nata4: [MPSAFE]\nata4: [ITHREAD]\nata5: \u003cATA channel 3\u003e on atapci1\nata5: reset tp1 mask=03 ostat0=60 ostat1=70\nata5: stat0=0x20 err=0x20 lsb=0x20 msb=0x20\nata5: stat1=0x30 err=0x30 lsb=0x30 msb=0x30\nata5: reset tp2 stat0=20 stat1=30 devices=0x0\nata5: [MPSAFE]\nata5: [ITHREAD]\nahc0: \u003cAdaptec 2940 SCSI adapter\u003e port 0x9000-0x90ff mem 0xf7000000-0xf7000fff irq 19 at device 13.0 on pci0\nahc0: Defaulting to MEMIO off\nahc0: Reserved 0x100 bytes for rid 0x10 type 4 at 0x9000\nahc0: Reading SEEPROM...done.\nahc0: internal 50 cable not present\nahc0: external cable not present\nahc0: BIOS eeprom not present\nahc0: Low byte termination Enabled\nahc0: Downloading Sequencer Program... 439 instructions downloaded\nahc0: Features 0x10000, Bugs 0x25, Flags 0x20481540\nioapic0: routing intpin 19 (PCI IRQ 19) to lapic 3 vector 55\nahc0: [MPSAFE]\nahc0: [ITHREAD]\naic7870: Single Channel A, SCSI Id=7, 16/253 SCBs\natrtc0: \u003cAT realtime clock\u003e port 0x70-0x73 irq 8 on acpi0\natrtc0: registered as a time-of-day clock (resolution 1000000us)\nfdc1: \u003cfloppy drive controller\u003e port 0x3f2-0x3f5,0x3f7 irq 6 drq 2 on acpi0\nfdc1: ic_type 90 part_id 80\nioapic0: routing intpin 6 (ISA IRQ 6) to lapic 3 vector 56\nfdc1: [FILTER]\nppc0: using extended I/O port range\nppc0: SPP ECP  ECP+EPP\nppc0: \u003cParallel port\u003e port 0x378-0x37f,0x778-0x77b irq 7 drq 3 on acpi0\nppc0: SMC-like chipset (ECP/EPP/PS2/NIBBLE) in COMPATIBLE mode\nppc0: FIFO with 16/16/8 bytes threshold\nioapic0: routing intpin 7 (ISA IRQ 7) to lapic 3 vector 57\nppc0: [MPSAFE]\nppc0: [ITHREAD]\nppbus0: \u003cParallel port bus\u003e on ppc0\nplip0: \u003cPLIP network interface\u003e on ppbus0\nplip0: bpf attached\nplip0: [MPSAFE]\nplip0: [ITHREAD]\nlpt0: \u003cPrinter\u003e on ppbus0\nlpt0: [MPSAFE]\nlpt0: [ITHREAD]\nlpt0: Interrupt-driven port\nppi0: \u003cParallel I/O\u003e on ppbus0\nuart0: \u003c16550 or compatible\u003e port 0x3f8-0x3ff irq 4 flags 0x10 on acpi0\nioapic0: routing intpin 4 (ISA IRQ 4) to lapic 3 vector 58\nuart0: [FILTER]\nuart0: fast interrupt\nuart1: \u003c16550 or compatible\u003e port 0x2f8-0x2ff irq 3 on acpi0\nioapic0: routing intpin 3 (ISA IRQ 3) to lapic 3 vector 59\nuart1: [FILTER]\nuart1: fast interrupt\natkbdc0: \u003cKeyboard controller (i8042)\u003e port 0x60,0x64 irq 1 on acpi0\natkbd0: \u003cAT Keyboard\u003e irq 1 on atkbdc0\natkbd: the current kbd controller command byte 0047\natkbd: keyboard ID 0x41ab (2)\nkbd0 at atkbd0\nkbd0: atkbd0, AT 101/102 (2), config:0x0, flags:0x3d0000\nioapic0: routing intpin 1 (ISA IRQ 1) to lapic 3 vector 60\natkbd0: [GIANT-LOCKED]\natkbd0: [ITHREAD]\npsm0: unable to allocate IRQ\ncpu0: \u003cACPI CPU\u003e on acpi0\ncpu0: switching to generic Cx mode\ncpu1: \u003cACPI CPU\u003e on acpi0\nunknown: status reg test failed ff\nunknown: status reg test failed ff\nunknown: status reg test failed ff\nunknown: status reg test failed ff\nunknown: status reg test failed ff\nunknown: status reg test failed ff\npnp_identify: Trying Read_Port at 203\npnp_identify: Trying Read_Port at 243\npnp_identify: Trying Read_Port at 283\npnp_identify: Trying Read_Port at 2c3\npnp_identify: Trying Read_Port at 303\npnp_identify: Trying Read_Port at 343\npnp_identify: Trying Read_Port at 383\npnp_identify: Trying Read_Port at 3c3\nPNP Identify complete\nex_isa_identify()\nisa_probe_children: disabling PnP devices\npmtimer0 on isa0\nata: ata0 already exists; skipping it\nata: ata1 already exists; skipping it\natkbdc: atkbdc0 already exists; skipping it\natrtc: atrtc0 already exists; skipping it\nppc: ppc0 already exists; skipping it\nsc: sc0 already exists; skipping it\nuart: uart0 already exists; skipping it\nuart: uart1 already exists; skipping it\nisa_probe_children: probing non-PnP devices\norm0: \u003cISA Option ROMs\u003e at iomem 0xc0000-0xce7ff,0xd8000-0xd87ff pnpid ORM0000 on isa0\nsc0: \u003cSystem console\u003e at flags 0x100 on isa0\nsc0: VGA \u003c16 virtual consoles, flags=0x300\u003e\nsc0: fb0, kbd1, terminal emulator: scteken (teken terminal)\nvga0: \u003cGeneric ISA VGA\u003e at port 0x3c0-0x3df iomem 0xa0000-0xbffff on isa0\nfdc0: No FDOUT register!\nfdc0 failed to probe at port 0x3f0 irq 6 drq 2 on isa0\nisa_probe_children: probing PnP devices\nDevice configuration finished.\nReducing kern.maxvnodes 101660 -\u003e 100000\nprocfs registered\nlapic: Divisor 2, Frequency 66967752 hz\nTimecounter \"TSC\" frequency 1004515897 Hz quality -100\nTimecounters tick every 1.000 msec\nvlan: initialized, using hash tables with chaining\nlo0: bpf attached\nhptrr: no controller detected.\nata0: Identifying devices: 00000000\nata0: New devices: 00000000\nata1: Identifying devices: 00010000\nata1: New devices: 00010000\nusbus0: 12Mbps Full Speed USB v1.0\nusbus1: 12Mbps Full Speed USB v1.0\nfdc1: output ready timeout\nfdc1: output ready timeout\nfdc1: output ready timeout\nfdc1: output ready timeout\nfdc1: output ready timeout\nfdc1: output ready timeout\nfdc1: output ready timeout\nata1-master: pio=PIO4 wdma=WDMA2 udma=UDMA33 cable=80 wire\nacd0: setting PIO4 on 82C686B chip\nacd0: setting UDMA33 on 82C686B chip\nacd0: \u003cHL-DT-ST DVDRAM GSA-4040B/A301\u003e DVDR drive at ata1 as master\nacd0: read 5512KB/s (5512KB/s) write 4134KB/s (4134KB/s), 2048KB buffer, UDMA33\nacd0: Reads: CDR, CDRW, CDDA stream, DVDROM, DVDR, DVDRAM, packet\nacd0: Writes: CDR, CDRW, DVDR, DVDRAM, test write, burnproof\nacd0: Audio: play, 256 volume levels\nacd0: Mechanism: ejectable tray, unlocked\nacd0: Medium: no/blank disc\nata2: Identifying devices: 00000001\nata2: New devices: 00000001\nata2-master: pio=PIO4 wdma=WDMA2 udma=UDMA100 cable=80 wire\nad4: setting PIO4 on PDC20619 chip\nad4: setting UDMA100 on PDC20619 chip\nad4: 305245MB \u003cSeagate ST3320620A 3.AAC\u003e at ata2-master UDMA100\nad4: 625142448 sectors [620181C/16H/63S] 16 sectors/interrupt 1 depth queue\n********* ATA Promise FastTrak Metadata *********\npromise_id          \u003cPromise Technology, Inc.\u003e\ndummy_0             0x00020000\nmagic_0             0x0000000001970910\nmagic_1             0x0910\nmagic_2             0x0000079e\nintegrity           0x00000080 80\u003cVALID\u003e\nflags               0x07 7\u003cASSIGNED,ONLINE,VALID\u003e\ndisk_number         0\nchannel             0x00\ndevice              0x00\nmagic_0             0x0000000001970910\ndisk_offset         3991859184\ndisk_sectors        625142385\nrebuild_lba         0xffffffff\ngeneration          0x0001\nstatus              0x8f 8f\u003cREADY,INITED,ONLINE,VALID\u003e\ntype                RAID1\ntotal_disks         2\nstripe_shift        7\narray_width         1\narray_number        0\ntotal_sectors       625000000\ncylinders           38903\nheads               254\nsectors             63\nmagic_1             0x00000000079e0910\nDISK#   flags dummy_0 channel device  magic_0\n  0    7\u003cASSIGNED,ONLINE,VALID\u003e    0x00  0x00  0x00  0x0000000001970910\n  1    7\u003cASSIGNED,ONLINE,VALID\u003e    0x00  0x01  0x00  0x0001000001980910\n  2    0    0x00  0x00  0x00  0x0000000000000000\n  3    0    0x00  0x00  0x00  0x0000000000000000\n  4    0    0x00  0x00  0x00  0x0000000000000000\n  5    0    0x00  0x00  0x00  0x0000000000000000\n  6    0    0x00  0x00  0x00  0x0000000000000000\n  7    0    0x00  0x00  0x00  0x0000000000000000\nchecksum            0xe39cbe6d\n=================================================\nata3: Identifying devices: 00000001\nata3: New devices: 00000001\nata3-master: pio=PIO4 wdma=WDMA2 udma=UDMA100 cable=80 wire\nad6: setting PIO4 on PDC20619 chip\nad6: setting UDMA100 on PDC20619 chip\nad6: 305245MB \u003cSeagate ST3320620A 3.AAC\u003e at ata3-master UDMA100\nad6: 625142448 sectors [620181C/16H/63S] 16 sectors/interrupt 1 depth queue\nGEOM: new disk ad4\nGEOM: new disk ad6\n********* ATA Promise FastTrak Metadata *********\npromise_id          \u003cPromise Technology, Inc.\u003e\ndummy_0             0x00020000\nmagic_0             0x0001000001980910\nmagic_1             0x0910\nmagic_2             0x0000079e\nintegrity           0x00000080 80\u003cVALID\u003e\nflags               0x07 7\u003cASSIGNED,ONLINE,VALID\u003e\ndisk_number         1\nchannel             0x01\ndevice              0x00\nmagic_0             0x0001000001980910\ndisk_offset         3991859184\ndisk_sectors        625142385\nrebuild_lba         0xffffffff\ngeneration          0x0001\nstatus              0x8f 8f\u003cREADY,INITED,ONLINE,VALID\u003e\ntype                RAID1\ntotal_disks         2\nstripe_shift        7\narray_width         1\narray_number        0\ntotal_sectors       625000000\ncylinders           38903\nheads               254\nsectors             63\nmagic_1             0x00000000079e0910\nDISK#   flags dummy_0 channel device  magic_0\n  0    7\u003cASSIGNED,ONLINE,VALID\u003e    0x00  0x00  0x00  0x0000000001970910\n  1    7\u003cASSIGNED,ONLINE,VALID\u003e    0x00  0x01  0x00  0x0001000001980910\n  2    0    0x00  0x00  0x00  0x0000000000000000\n  3    0    0x00  0x00  0x00  0x0000000000000000\n  4    0    0x00  0x00  0x00  0x0000000000000000\n  5    0    0x00  0x00  0x00  0x0000000000000000\n  6    0    0x00  0x00  0x00  0x0000000000000000\n  7    0    0x00  0x00  0x00  0x0000000000000000\nchecksum            0xe3a1bf6d\n=================================================\nata4: Identifying devices: 00000000\nata4: New devices: 00000000\nata5: Identifying devices: 00000000\nata5: New devices: 00000000\nWaiting 5 seconds for SCSI devices to settle\n(noperiph:ahc0:0:-1:-1): SCSI bus reset delivered. 0 SCBs aborted.\nugen0.1: \u003cVIA\u003e at usbus0\nuhub0: \u003cVIA UHCI root HUB, class 9/0, rev 1.00/1.00, addr 1\u003e on usbus0\nGEOM: ad4s1: geometry does not match label (255h,63s != 16h,63s).\nGEOM: ad6s1: geometry does not match label (255h,63s != 16h,63s).\nuhub0: 2 ports with 2 removable, self powered\nugen1.1: \u003cVIA\u003e at usbus1\nuhub1: \u003cVIA UHCI root HUB, class 9/0, rev 1.00/1.00, addr 1\u003e on usbus1\nuhub1: 2 ports with 2 removable, self powered\nfdc1: output ready timeout\nfdc1: input ready timeout\nfdc1: input ready timeout\nfdc1: output ready timeout\nfdc1: input ready timeout\nfdc1: input ready timeout\nfdc1: output ready timeout\nfdc1: input ready timeout\nfdc1: input ready timeout\nfdc1: output ready timeout\nfdc1: input ready timeout\nfdc1: input ready timeout\nahc0: Selection Timeout on A:3. 0 SCBs aborted\nahc0: Selection Timeout on A:6. 0 SCBs aborted\nahc0: Selection Timeout on A:0. 0 SCBs aborted\nahc0: Selection Timeout on A:1. 0 SCBs aborted\nahc0: Selection Timeout on A:2. 0 SCBs aborted\nahc0: Selection Timeout on A:4. 0 SCBs aborted\nahc0: Selection Timeout on A:5. 0 SCBs aborted\nATA PseudoRAID loaded\n********** ATA PseudoRAID ar0 Metadata **********\n=================================================\nformat              Promise Fasttrak\ntype                RAID1\nflags               0x01 1\u003cREADY\u003e\nmagic_0             0x0000000000000000\nmagic_1             0x00000000079e0910\ngeneration          1\ntotal_sectors       625000000\noffset_sectors      0\nheads               255\nsectors             63\ncylinders           38904\nwidth               1\ninterleave          128\ntotal_disks         2\n    disk 0:      flags = 0x0b b\u003cONLINE,ASSIGNED,PRESENT\u003e\n        ad4:  sectors 625142385\n    disk 1:      flags = 0x0b b\u003cONLINE,ASSIGNED,PRESENT\u003e\n        ad6:  sectors 625142385\n=================================================\nar0: 305175MB \u003cPromise Fasttrak RAID1\u003e status: READY\nar0: 625000000 sectors [38904C/255H/63S] \u003c\u003e subdisks defined as:\nar0: disk0 READY (master) using ad4 at ata2-master\nar0: disk1 READY (mirror) using ad6 at ata3-master\nSMP: AP CPU #1 Launched!\ncpu1 AP:\n     ID: 0x00000000   VER: 0x00040011 LDR: 0x00000000 DFR: 0xffffffff\n  lint0: 0x00010700 lint1: 0x00000400 TPR: 0x00000000 SVR: 0x000001ff\n  timer: 0x000200ef therm: 0x00000000 err: 0x00010000 pcm: 0x00010400\nioapic0: routing intpin 3 (ISA IRQ 3) to lapic 0 vector 48\nioapic0: routing intpin 5 (ISA IRQ 5) to lapic 0 vector 49\nioapic0: routing intpin 7 (ISA IRQ 7) to lapic 0 vector 50\nioapic0: routing intpin 14 (ISA IRQ 14) to lapic 0 vector 51\nioapic0: routing intpin 16 (PCI IRQ 16) to lapic 0 vector 52GEOM: new disk ar0\nioapic0: routing intpin 18 (\nPCI IRQ 18) to lapic 0 vector 53\nWARNING: WITNESS option enabled, expect reduced performance.\nTrying to mount root from ufs:/dev/ar0s1a\nct_to_ts([2009-08-20 20:02:07]) = 1250798527.000000000\nstart_init: trying /sbin/init\nGEOM_ELI: Device ar0s1e.eli created.\nGEOM_ELI: Encryption: AES-CBC 128\nGEOM_ELI:     Crypto: software\nGEOM_ELI: Device ar0s1f.eli created.\nGEOM_ELI: Encryption: AES-CBC 128\nGEOM_ELI:     Crypto: software\nGEOM_ELI: Device ar0s1d.eli created.\nGEOM_ELI: Encryption: AES-CBC 128\nGEOM_ELI:     Crypto: software\nGEOM_ELI: Device ar0s1b.eli created.\nGEOM_ELI: Encryption: AES-CBC 256\nGEOM_ELI:     Crypto: software\nlagg0: bpf attached\nvlan0: bpf attached\nvlan1: bpf attached\nvlan2: bpf attached\nvlan3: bpf attached\nlock order reversal:\n 1st 0xc56187ac ufs (ufs) @ /usr/Src-RELENG_8/sys/kern/vfs_mount.c:1054\n 2nd 0xc5618594 devfs (devfs) @ /usr/Src-RELENG_8/sys/kern/vfs_subr.c:2083\nKDB: stack backtrace:\ndb_trace_self_wrapper(c0c1fe7c,e7832814,c08be2a5,c08aee9b,c0c22de6,...) at db_trace_self_wrapper+0x26\nkdb_backtrace(c08aee9b,c0c22de6,c4d1f158,c4d1f088,e7832870,...) at kdb_backtrace+0x29\n_witness_debugger(c0c22de6,c5618594,c0c1176c,c4d1f088,c0c2a1f8,...) at _witness_debugger+0x25\nwitness_checkorder(c5618594,9,c0c2a1f8,823,0,...) at witness_checkorder+0x839\n__lockmgr_args(c5618594,80100,c56185b0,0,0,...) at __lockmgr_args+0x7a7\nvop_stdlock(e7832978,c08be04b,c0c119af,80100,c561853c,...) at vop_stdlock+0x62\nVOP_LOCK1_APV(c0cfd660,e7832978,c54889a4,c0d38160,c561853c,...) at VOP_LOCK1_APV+0xb5\n_vn_lock(c561853c,80100,c0c2a1f8,823,8,...) at _vn_lock+0x5e\nvget(c561853c,80100,c5488900,15e,c0c118c8,...) at vget+0xb9\ndevfs_allocv(c5607500,c5459000,e7832a10,9d,c0edf078,...) at devfs_allocv+0x102\ndevfs_root(c5459000,80000,e7832c30,42c,0,...) at devfs_root+0x4a\nvfs_donmount(c5488900,0,c5607280,c5607280,bfbfd7f9,...) at vfs_donmount+0x14c2\nnmount(c5488900,e7832cf8,c,c,c0d033b8,...) at nmount+0x75\nsyscall(e7832d38) at syscall+0x2a3\nXint0x80_syscall() at Xint0x80_syscall+0x20\n--- syscall (378, FreeBSD ELF32, nmount), eip = 0x280e876b, esp = 0xbfbfd7cc, ebp = 0xbfbfdd28 ---\nlagg0: link state changed to DOWN\nsk1: link state changed to DOWN\nvlan0: link state changed to DOWN\nvlan2: link state changed to DOWN\nvlan3: link state changed to DOWN\nvlan1: link state changed to DOWN\nsk1: link state changed to UP\nCURVNET_SET(0xc4d45120) in arp_ifscrub() on cpu 1, prev 0xc4d45120 in soo_ioctl()\nts_to_ct(1250798801.869694514) = [2009-08-20 20:06:41]\nfreed 1 flow entries\nfreed 3 flow entries\nfreed 3 flow entries\nfreed 3 flow entries\nfreed 2 flow entries\nfreed 3 flow entries\nfreed 1 flow entries\nfreed 4 flow entries\nfreed 1 flow entries\nfreed 3 flow entries\nfreed 2 flow entries\nfreed 1 flow entries\nfreed 3 flow entries\nfreed 2 flow entries\nfreed 2 flow entries\nfreed 1 flow entries\nfreed 3 flow entries\nfreed 2 flow entries\nfreed 3 flow entries\nfreed 1 flow entries\nfreed 3 flow entries\nfreed 3 flow entries\nfreed 1 flow entries\nfreed 3 flow entries\nfreed 3 flow entries\nfreed 1 flow entries\nfreed 2 flow entries\nfreed 2 flow entries\nfreed 2 flow entries\nfreed 2 flow entries\nfreed 3 flow entries\nfreed 1 flow entries\nfreed 1 flow entries\nfreed 3 flow entries\nfreed 4 flow entries\nfreed 1 flow entries\nfreed 3 flow entries\nfreed 1 flow entries\nfreed 3 flow entries\nfreed 1 flow entries\nfreed 4 flow entries\nfreed 1 flow entries\nfreed 3 flow entries\nfreed 3 flow entries\nfreed 1 flow entries\nfreed 4 flow entries\nfreed 2 flow entries\nfreed 2 flow entries\nfreed 3 flow entries\nfreed 1 flow entries\nfreed 3 flow entries\nfreed 3 flow entries\nfreed 1 flow entries\nfreed 3 flow entries\nfreed 1 flow entries\nfreed 3 flow entries\nfreed 1 flow entries\nfreed 4 flow entries\nfreed 1 flow entries\nfreed 3 flow entries\nfreed 2 flow entries\nfreed 1 flow entries\nfreed 2 flow entries\nfreed 3 flow entries\nfreed 2 flow entries\nfreed 2 flow entries\nfreed 3 flow entries\nfreed 1 flow entries\nfreed 3 flow entries\nfreed 1 flow entries\nfreed 3 flow entries\nfreed 3 flow entries\nfreed 1 flow entries\nfreed 3 flow entries\nfreed 1 flow entries\nfreed 3 flow entries\nfreed 1 flow entries\nfreed 4 flow entries\nfreed 1 flow entries\nfreed 2 flow entries\nfreed 1 flow entries\nfreed 5 flow entries\nfreed 3 flow entries\nfreed 2 flow entries\nfreed 2 flow entries\nfreed 3 flow entries\nfreed 1 flow entries\nfreed 3 flow entries\nfreed 3 flow entries\nfreed 5 flow entries\nfreed 1 flow entries\nfreed 1 flow entries\nfreed 2 flow entries\nfreed 4 flow entries\nfreed 3 flow entries\nfreed 3 flow entries\nfreed 1 flow entries\nfreed 3 flow entries\nfreed 2 flow entries\nfreed 2 flow entries\nfreed 3 flow entries\nfreed 4 flow entries\nfreed 1 flow entries\nfreed 1 flow entries\nfreed 3 flow entries\nfreed 4 flow entries\nfreed 3 flow entries\nfreed 4 flow entries\nfreed 3 flow entries\nfreed 2 flow entries\nfreed 1 flow entries\nfreed 3 flow entries\nfreed 3 flow entries\nfreed 1 flow entries\nfreed 3 flow entries\nfreed 2 flow entries\nfreed 1 flow entries\nfreed 4 flow entries\nfreed 3 flow entries\nfreed 4 flow entries\nfreed 3 flow entries\nfreed 1 flow entries\nfreed 3 flow entries\nfreed 2 flow entries\nfreed 3 flow entries\nfreed 2 flow entries\nfreed 2 flow entries\nfreed 2 flow entries\nfreed 1 flow entries\nfreed 4 flow entries\nfreed 1 flow entries\nfreed 2 flow entries\nfreed 4 flow entries\nfreed 3 flow entries\nfreed 2 flow entries\nfreed 2 flow entries\nfreed 1 flow entries\nfreed 4 flow entries\nfreed 2 flow entries\nfreed 1 flow entries\nfreed 2 flow entries\nfreed 1 flow entries\nfreed 1 flow entries\nfreed 1 flow entries\nfreed 4 flow entries\nfreed 1 flow entries\nfreed 1 flow entries\nfreed 1 flow entries\nfreed 3 flow entries\nfreed 2 flow entries\nfreed 2 flow entries\nfreed 1 flow entries\n\nHow-To-Repeat: Run jails?"
}