{
 "id": 547659,
 "bug_id": 144551,
 "attachment_id": 0,
 "creation_time": "2010-03-08T13:30:02Z",
 "creator": "dan.naumov@gmail.com",
 "text": "In BIOS, the system sees the CPU at 1,66 Ghz frequency, which is the correct maximum frequency for an Atom D510 CPU. However, upon finishing the boot process, without any tunables, the CPU gets stuck at the wrong frequency: dev.cpu.0.freq: 1249 Mhz, severely degrading performance.\n\nEnabling and starting powerd and then putting the system under load will put the CPU to the correct frequency: dev.cpu.0.freq: 1666, however powerd seems to misbehave as well: After the initial frequency increase of the CPU to 1666 Mhz, the CPU gets stuck at this clockrate. Sometimes powerd will work correctly for a minute or so, correctly adjusting the CPU frequency according to load, but in a very short time, the CPU will get stuck at 1666 Mhz permanently (until reboot).\n\nChanging from \"highadaptive\" to \"adaptive\" mode in powerd settings seems to have no effect on this behaviour.\n\nSystem DMESG below:\n\nCopyright (c) 1992-2009 The FreeBSD Project.\nCopyright (c) 1979, 1980, 1983, 1986, 1988, 1989, 1991, 1992, 1993, 1994\n        The Regents of the University of California. All rights reserved.\nFreeBSD is a registered trademark of The FreeBSD Foundation.\nFreeBSD 8.0-RELEASE-p2 #0: Tue Jan  5 21:11:58 UTC 2010\n    root@amd64-builder.daemonology.net:/usr/obj/usr/src/sys/GENERIC\nTimecounter \"i8254\" frequency 1193182 Hz quality 0\nCPU: Intel(R) Atom(TM) CPU D510   @ 1.66GHz (1666.68-MHz K8-class CPU)\n  Origin = \"GenuineIntel\"  Id = 0x106ca  Stepping = 10\n  Features=0xbfebfbff\u003cFPU,VME,DE,PSE,TSC,MSR,PAE,MCE,CX8,APIC,SEP,MTRR,PGE,MCA,CMOV,PAT,PSE36,CLFLUSH,DTS,ACPI,MMX,FXSR,SSE,SSE2,SS,HTT,TM,PBE\u003e\n  Features2=0x40e31d\u003cSSE3,DTES64,MON,DS_CPL,TM2,SSSE3,CX16,xTPR,PDCM,\u003cb22\u003e\u003e\n  AMD Features=0x20100800\u003cSYSCALL,NX,LM\u003e\n  AMD Features2=0x1\u003cLAHF\u003e\n  TSC: P-state invariant\nreal memory  = 4294967296 (4096 MB)\navail memory = 4088082432 (3898 MB)\nACPI APIC Table: \u003c011910 APIC1514\u003e\nFreeBSD/SMP: Multiprocessor System Detected: 4 CPUs\nFreeBSD/SMP: 1 package(s) x 2 core(s) x 2 HTT threads\n cpu0 (BSP): APIC ID:  0\n cpu1 (AP/HT): APIC ID:  1\n cpu2 (AP): APIC ID:  2\n cpu3 (AP/HT): APIC ID:  3\nioapic0: Changing APIC ID to 4\nioapic0 \u003cVersion 2.0\u003e irqs 0-23 on motherboard\nkbd1 at kbdmux0\nacpi0: \u003cSMCI \u003e on motherboard\nacpi0: [ITHREAD]\nacpi0: Power Button (fixed)\nacpi0: reservation of fee00000, 1000 (3) failed\nacpi0: reservation of 0, a0000 (3) failed\nacpi0: reservation of 100000, bf600000 (3) failed\nTimecounter \"ACPI-fast\" frequency 3579545 Hz quality 1000\nacpi_timer0: \u003c24-bit timer at 3.579545MHz\u003e port 0x808-0x80b on acpi0\nacpi_hpet0: \u003cHigh Precision Event Timer\u003e iomem 0xfed00000-0xfed003ff on acpi0\nTimecounter \"HPET\" frequency 14318180 Hz quality 900\npcib0: \u003cACPI Host-PCI bridge\u003e port 0xcf8-0xcff on acpi0\npci0: \u003cACPI PCI bus\u003e on pcib0\nvgapci0: \u003cVGA-compatible display\u003e port 0xcc00-0xcc07 mem 0xfe880000-0xfe8fffff,0xd0000000-0xdfffffff,0xfe900000-0xfe9fffff irq 16 at device 2.0 on pci0\nvgapci1: \u003cVGA-compatible display\u003e mem 0xfe780000-0xfe7fffff at device 2.1 on pci0\nuhci0: \u003cIntel 82801I (ICH9) USB controller\u003e port 0xc880-0xc89f irq 16 at device 26.0 on pci0\nuhci0: [ITHREAD]\nuhci0: LegSup = 0x0f00\nusbus0: \u003cIntel 82801I (ICH9) USB controller\u003e on uhci0\nuhci1: \u003cIntel 82801I (ICH9) USB controller\u003e port 0xc800-0xc81f irq 21 at device 26.1 on pci0\nuhci1: [ITHREAD]\nuhci1: LegSup = 0x0f00\nusbus1: \u003cIntel 82801I (ICH9) USB controller\u003e on uhci1\nuhci2: \u003cIntel 82801I (ICH9) USB controller\u003e port 0xc480-0xc49f irq 19 at device 26.2 on pci0\nuhci2: [ITHREAD]\nuhci2: LegSup = 0x0f00\nusbus2: \u003cIntel 82801I (ICH9) USB controller\u003e on uhci2\nehci0: \u003cIntel 82801I (ICH9) USB 2.0 controller\u003e mem 0xfe877c00-0xfe877fff irq 18 at device 26.7 on pci0\nehci0: [ITHREAD]\nusbus3: EHCI version 1.0\nusbus3: \u003cIntel 82801I (ICH9) USB 2.0 controller\u003e on ehci0\npcib1: \u003cACPI PCI-PCI bridge\u003e irq 17 at device 28.0 on pci0\npci1: \u003cACPI PCI bus\u003e on pcib1\npcib2: \u003cACPI PCI-PCI bridge\u003e irq 17 at device 28.4 on pci0\npci2: \u003cACPI PCI bus\u003e on pcib2\nem0: \u003cIntel(R) PRO/1000 Network Connection 6.9.14\u003e port 0xdc00-0xdc1f mem 0xfeae0000-0xfeafffff,0xfeadc000-0xfeadffff irq 16 at device 0.0 on pci2\nem0: Using MSIX interrupts\nem0: [ITHREAD]\nem0: [ITHREAD]\nem0: [ITHREAD]\nem0: Ethernet address: 00:25:90:01:32:92\npcib3: \u003cACPI PCI-PCI bridge\u003e irq 16 at device 28.5 on pci0\npci3: \u003cACPI PCI bus\u003e on pcib3\nem1: \u003cIntel(R) PRO/1000 Network Connection 6.9.14\u003e port 0xec00-0xec1f mem 0xfebe0000-0xfebfffff,0xfebdc000-0xfebdffff irq 17 at device 0.0 on pci3\nem1: Using MSIX interrupts\nem1: [ITHREAD]\nem1: [ITHREAD]\nem1: [ITHREAD]\nem1: Ethernet address: 00:25:90:01:32:93\nuhci3: \u003cIntel 82801I (ICH9) USB controller\u003e port 0xc400-0xc41f irq 23 at device 29.0 on pci0\nuhci3: [ITHREAD]\nuhci3: LegSup = 0x0f00\nusbus4: \u003cIntel 82801I (ICH9) USB controller\u003e on uhci3\nuhci4: \u003cIntel 82801I (ICH9) USB controller\u003e port 0xc080-0xc09f irq 19 at device 29.1 on pci0\nuhci4: [ITHREAD]\nuhci4: LegSup = 0x0f00\nusbus5: \u003cIntel 82801I (ICH9) USB controller\u003e on uhci4\nuhci5: \u003cIntel 82801I (ICH9) USB controller\u003e port 0xc000-0xc01f irq 18 at device 29.2 on pci0\nuhci5: [ITHREAD]\nuhci5: LegSup = 0x0f00\nusbus6: \u003cIntel 82801I (ICH9) USB controller\u003e on uhci5\nehci1: \u003cIntel 82801I (ICH9) USB 2.0 controller\u003e mem 0xfe877800-0xfe877bff irq 23 at device 29.7 on pci0\nehci1: [ITHREAD]\nusbus7: EHCI version 1.0\nusbus7: \u003cIntel 82801I (ICH9) USB 2.0 controller\u003e on ehci1\npcib4: \u003cACPI PCI-PCI bridge\u003e at device 30.0 on pci0\npci4: \u003cACPI PCI bus\u003e on pcib4\nisab0: \u003cPCI-ISA bridge\u003e at device 31.0 on pci0\nisa0: \u003cISA bus\u003e on isab0\nahci0: \u003cAHCI controller\u003e port 0xb400-0xb407,0xbc00-0xbc03,0xb880-0xb887,0xb800-0xb803,0xb480-0xb49f mem 0xfe877000-0xfe8777ff irq 19 at device 31.2 on pci0\nahci0: [ITHREAD]\nahci0: AHCI v1.20 with 6 3Gbps ports, Port Multiplier not supported\nahcich0: \u003cAHCI channel\u003e at channel 0 on ahci0\nahcich0: [ITHREAD]\nahcich1: \u003cAHCI channel\u003e at channel 1 on ahci0\nahcich1: [ITHREAD]\nahcich2: \u003cAHCI channel\u003e at channel 2 on ahci0\nahcich2: [ITHREAD]\nahcich3: \u003cAHCI channel\u003e at channel 3 on ahci0\nahcich3: [ITHREAD]\nahcich4: \u003cAHCI channel\u003e at channel 4 on ahci0\nahcich4: [ITHREAD]\nahcich5: \u003cAHCI channel\u003e at channel 5 on ahci0\nahcich5: [ITHREAD]\npci0: \u003cserial bus, SMBus\u003e at device 31.3 (no driver attached)\nacpi_button0: \u003cPower Button\u003e on acpi0\natrtc0: \u003cAT realtime clock\u003e port 0x70-0x71 irq 8 on acpi0\nuart0: \u003c16550 or compatible\u003e port 0x3f8-0x3ff irq 4 flags 0x10 on acpi0\nuart0: [FILTER]\nuart1: \u003c16550 or compatible\u003e port 0x2f8-0x2ff irq 3 on acpi0\nuart1: [FILTER]\ncpu0: \u003cACPI CPU\u003e on acpi0\np4tcc0: \u003cCPU Frequency Thermal Control\u003e on cpu0\ncpu1: \u003cACPI CPU\u003e on acpi0\np4tcc1: \u003cCPU Frequency Thermal Control\u003e on cpu1\ncpu2: \u003cACPI CPU\u003e on acpi0\np4tcc2: \u003cCPU Frequency Thermal Control\u003e on cpu2\ncpu3: \u003cACPI CPU\u003e on acpi0\np4tcc3: \u003cCPU Frequency Thermal Control\u003e on cpu3\nsc0: \u003cSystem console\u003e at flags 0x100 on isa0\nsc0: VGA \u003c16 virtual consoles, flags=0x300\u003e\nvga0: \u003cGeneric ISA VGA\u003e at port 0x3c0-0x3df iomem 0xa0000-0xbffff on isa0\natkbdc0: \u003cKeyboard controller (i8042)\u003e at port 0x60,0x64 on isa0\natkbd0: \u003cAT Keyboard\u003e irq 1 on atkbdc0\nkbd0 at atkbd0\natkbd0: [GIANT-LOCKED]\natkbd0: [ITHREAD]\nppc0: cannot reserve I/O port range\nZFS NOTICE: Prefetch is disabled by default if less than 4GB of RAM is present;\n            to enable, add \"vfs.zfs.prefetch_disable=0\" to /boot/loader.conf.\nZFS filesystem version 13\nZFS storage pool version 13\nTimecounters tick every 1.000 msec\nWaiting 5 seconds for SCSI devices to settle\nusbus0: 12Mbps Full Speed USB v1.0\nusbus1: 12Mbps Full Speed USB v1.0\nusbus2: 12Mbps Full Speed USB v1.0\nusbus3: 480Mbps High Speed USB v2.0\nusbus4: 12Mbps Full Speed USB v1.0\nusbus5: 12Mbps Full Speed USB v1.0\nusbus6: 12Mbps Full Speed USB v1.0\nusbus7: 480Mbps High Speed USB v2.0\nugen0.1: \u003cIntel\u003e at usbus0\nuhub0: \u003cIntel UHCI root HUB, class 9/0, rev 1.00/1.00, addr 1\u003e on usbus0\nugen1.1: \u003cIntel\u003e at usbus1\nuhub1: \u003cIntel UHCI root HUB, class 9/0, rev 1.00/1.00, addr 1\u003e on usbus1\nugen2.1: \u003cIntel\u003e at usbus2\nuhub2: \u003cIntel UHCI root HUB, class 9/0, rev 1.00/1.00, addr 1\u003e on usbus2\nugen3.1: \u003cIntel\u003e at usbus3\nuhub3: \u003cIntel EHCI root HUB, class 9/0, rev 2.00/1.00, addr 1\u003e on usbus3\nugen4.1: \u003cIntel\u003e at usbus4\nuhub4: \u003cIntel UHCI root HUB, class 9/0, rev 1.00/1.00, addr 1\u003e on usbus4\nugen5.1: \u003cIntel\u003e at usbus5\nuhub5: \u003cIntel UHCI root HUB, class 9/0, rev 1.00/1.00, addr 1\u003e on usbus5\nugen6.1: \u003cIntel\u003e at usbus6\nuhub6: \u003cIntel UHCI root HUB, class 9/0, rev 1.00/1.00, addr 1\u003e on usbus6\nugen7.1: \u003cIntel\u003e at usbus7\nuhub7: \u003cIntel EHCI root HUB, class 9/0, rev 2.00/1.00, addr 1\u003e on usbus7\nuhub0: 2 ports with 2 removable, self powered\nuhub1: 2 ports with 2 removable, self powered\nuhub2: 2 ports with 2 removable, self powered\nuhub4: 2 ports with 2 removable, self powered\nuhub5: 2 ports with 2 removable, self powered\nuhub6: 2 ports with 2 removable, self powered\nuhub3: 6 ports with 6 removable, self powered\nuhub7: 6 ports with 6 removable, self powered\n(aprobe0:ahcich0:0:0:0): SIGNATURE: 0000\n(aprobe1:ahcich1:0:0:0): SIGNATURE: 0000\nada0 at ahcich0 bus 0 target 0 lun 0\nada0: \u003cWDC WD20EADS-00R6B0 01.00A01\u003e ATA/ATAPI-8 SATA 2.x device\nada0: 300.000MB/s transfers\nada0: 1907729MB (3907029168 512 byte sectors: 16H 63S/T 16383C)\nada0: Native Command Queueing enabled\nada1 at ahcich1 bus 0 target 0 lun 0\nada1: \u003cWDC WD20EADS-32R6B0 01.00A01\u003e ATA/ATAPI-8 SATA 2.x device\nada1: 300.000MB/s transfers\nada1: 1907729MB (3907029168 512 byte sectors: 16H 63S/T 16383C)\nada1: Native Command Queueing enabled\nSMP: AP CPU #1 Launched!\nSMP: AP CPU #3 Launched!\nSMP: AP CPU #2 Launched!\nTrying to mount root from zfs:cerberus/ROOT/cerberus\nem1: link state changed to UP\n\nFix: \n\nAs a workaround to getting stuck at 1249Mhz upon boot, the frequency can be manually adjusted.\n\nNo fix or workaround known for the powerd behaviour.\nHow-To-Repeat: Install FreeBSD 8.0 on a system using a SuperMicro X7SPA-H board and boot the system."
}