{
 "id": 1090423,
 "bug_id": 244517,
 "attachment_id": 0,
 "creation_time": "2020-02-29T09:23:40Z",
 "creator": "Mathias.Picker@virtual-earth.de",
 "text": "I and a friend have Thinkpad X1 Tablets and the USB-C connectors are not working.\nNothing happens when a usb memory stick is inserted, nothing is shown in dmesg.\n\nLoading through USB-C works fine.\nUSB-A works fine.\n\nI'm running:\nuname -a\nFreeBSD Danton 12.1-STABLE FreeBSD 12.1-STABLE r356939 GENERIC  amd64\n\nAny help would be apreciated.\n\nThanks, Mathias\n\nMore Info:\n\nThe output of usbconfig stays the same with or without something connected to USB-C\n\nusbconfig  show_ifdrv\nugen0.1: \u003c0x8086 XHCI root HUB\u003e at usbus0, cfg=0 md=HOST spd=SUPER (5.0Gbps) pwr=SAVE (0mA)\nugen0.1.0: uhub0: \u003c0x8086 XHCI root HUB, class 9/0, rev 3.00/1.00, addr 1\u003e\nugen1.1: \u003c0x8086 XHCI root HUB\u003e at usbus1, cfg=0 md=HOST spd=SUPER (5.0Gbps) pwr=SAVE (0mA)\nugen1.1.0: uhub1: \u003c0x8086 XHCI root HUB, class 9/0, rev 3.00/1.00, addr 1\u003e\nugen0.2: \u003cGeneric 4-Port USB 2.0 Hub\u003e at usbus0, cfg=0 md=HOST spd=HIGH (480Mbps) pwr=SAVE (0mA)\nugen0.2.0: uhub2: \u003cGeneric 4-Port USB 2.0 Hub, class 9/0, rev 2.10/1.04, addr 1\u003e\nugen0.3: \u003cvendor 0x046d HD Pro Webcam C920\u003e at usbus0, cfg=0 md=HOST spd=HIGH (480Mbps) pwr=ON (500mA)\nugen0.3.2: uaudio0: \u003cvendor 0x046d HD Pro Webcam C920, class 239/2, rev 2.00/0.11, addr 2\u003e\nugen0.4: \u003cCM Storm Quickfire TKL 6keys\u003e at usbus0, cfg=0 md=HOST spd=FULL (12Mbps) pwr=ON (100mA)\nugen0.4.0: ukbd0: \u003cCM Storm Quickfire TKL 6keys, class 0/0, rev 1.10/1.11, addr 3\u003e\nugen0.4.1: uhid0: \u003cCM Storm Quickfire TKL 6keys, class 0/0, rev 1.10/1.11, addr 3\u003e\nugen0.5: \u003cLa-VIEW Technology SteelSeries\u003e at usbus0, cfg=0 md=HOST spd=FULL (12Mbps) pwr=ON (200mA)\nugen0.5.0: ums0: \u003cLa-VIEW Technology SteelSeries, class 0/0, rev 2.00/0.00, addr 4\u003e\nugen0.5.1: ukbd1: \u003cLa-VIEW Technology SteelSeries, class 0/0, rev 2.00/0.00, addr 4\u003e\nugen0.6: \u003cvendor 0x8087 product 0x0a2b\u003e at usbus0, cfg=0 md=HOST spd=FULL (12Mbps) pwr=ON (100mA)\nugen0.7: \u003cSunplusIT Inc Integrated Camera\u003e at usbus0, cfg=0 md=HOST spd=HIGH (480Mbps) pwr=ON (500mA)\nugen0.8: \u003cvendor 0x06cb product 0x009a\u003e at usbus0, cfg=0 md=HOST spd=FULL (12Mbps) pwr=ON (100mA)\nugen0.9: \u003cWacom Co.,Ltd. Pen and multitouch sensor\u003e at usbus0, cfg=0 md=HOST spd=FULL (12Mbps) pwr=ON (400mA)\nugen0.10: \u003cGeneric 4-Port USB 3.0 Hub\u003e at usbus0, cfg=0 md=HOST spd=SUPER (5.0Gbps) pwr=SAVE (0mA)\nugen0.10.0: uhub3: \u003cInterrupt In Interface\u003e\nugen0.11: \u003cGeneric USB3.0-CRW\u003e at usbus0, cfg=0 md=HOST spd=SUPER (5.0Gbps) pwr=ON (200mA)\nugen0.11.0: umass0: \u003cBulk-In, Bulk-Out, Interface\u003e\n\nThis is my dmesg:\n---\u003c\u003cBOOT\u003e\u003e---\nCopyright (c) 1992-2020 The FreeBSD Project.\nCopyright (c) 1979, 1980, 1983, 1986, 1988, 1989, 1991, 1992, 1993, 1994\n\tThe Regents of the University of California. All rights reserved.\nFreeBSD is a registered trademark of The FreeBSD Foundation.\nFreeBSD 12.1-STABLE r356939 GENERIC amd64\nFreeBSD clang version 8.0.1 (tags/RELEASE_801/final 366581) (based on LLVM 8.0.1)\nVT(efifb): resolution 2560x1440\nCPU: Intel(R) Core(TM) i7-8550U CPU @ 1.80GHz (1992.08-MHz K8-class CPU)\n  Origin=\"GenuineIntel\"  Id=0x806ea  Family=0x6  Model=0x8e  Stepping=10\n  Features=0xbfebfbff\u003cFPU,VME,DE,PSE,TSC,MSR,PAE,MCE,CX8,APIC,SEP,MTRR,PGE,MCA,CMOV,PAT,PSE36,CLFLUSH,DTS,ACPI,MMX,FXSR,SSE,SSE2,SS,HTT,TM,PBE\u003e\n  Features2=0x7ffafbbf\u003cSSE3,PCLMULQDQ,DTES64,MON,DS_CPL,VMX,EST,TM2,SSSE3,SDBG,FMA,CX16,xTPR,PDCM,PCID,SSE4.1,SSE4.2,x2APIC,MOVBE,POPCNT,TSCDLT,AESNI,XSAVE,OSXSAVE,AVX,F16C,RDRAND\u003e\n  AMD Features=0x2c100800\u003cSYSCALL,NX,Page1GB,RDTSCP,LM\u003e\n  AMD Features2=0x121\u003cLAHF,ABM,Prefetch\u003e\n  Structured Extended Features=0x29c67af\u003cFSGSBASE,TSCADJ,SGX,BMI1,AVX2,SMEP,BMI2,ERMS,INVPCID,NFPUSG,MPX,RDSEED,ADX,SMAP,CLFLUSHOPT,PROCTRACE\u003e\n  Structured Extended Features3=0x9c000000\u003cIBPB,STIBP,L1DFL,SSBD\u003e\n  XSAVE Features=0xf\u003cXSAVEOPT,XSAVEC,XINUSE,XSAVES\u003e\n  VT-x: PAT,HLT,MTF,PAUSE,EPT,UG,VPID\n  TSC: P-state invariant, performance statistics\nreal memory  = 17179869184 (16384 MB)\navail memory = 16358600704 (15600 MB)\nEvent timer \"LAPIC\" quality 600\nACPI APIC Table: \u003cLENOVO TP-N25  \u003e\nFreeBSD/SMP: Multiprocessor System Detected: 8 CPUs\nFreeBSD/SMP: 1 package(s) x 4 core(s) x 2 hardware threads\nrandom: unblocking device.\nioapic0 \u003cVersion 2.0\u003e irqs 0-119 on motherboard\nLaunching APs: 1 3 4 6 7 5 2\nTimecounter \"TSC\" frequency 1992079213 Hz quality 1000\nCuse v0.1.36 @ /dev/cuse\nrandom: entropy device external interface\n000.000020 [4336] netmap_init               netmap: loaded module\n[ath_hal] loaded\nmodule_register_init: MOD_LOAD (vesa, 0xffffffff8114d130, 0) error 19\nrandom: registering fast source Intel Secure Key RNG\nrandom: fast provider: \"Intel Secure Key RNG\"\nkbd1 at kbdmux0\nnexus0\nefirtc0: \u003cEFI Realtime Clock\u003e on motherboard\nefirtc0: registered as a time-of-day clock, resolution 1.000000s\ncryptosoft0: \u003csoftware crypto\u003e on motherboard\naesni0: \u003cAES-CBC,AES-CCM,AES-GCM,AES-ICM,AES-XTS\u003e on motherboard\nacpi0: \u003cLENOVO TP-N25\u003e on motherboard\nacpi_ec0: \u003cEmbedded Controller: GPE 0x16, ECDT\u003e port 0x62,0x66 on acpi0\nacpi0: Power Button (fixed)\nunknown: memory range not supported\ncpu0: \u003cACPI CPU\u003e on acpi0\nhpet0: \u003cHigh Precision Event Timer\u003e iomem 0xfed00000-0xfed003ff on acpi0\nTimecounter \"HPET\" frequency 24000000 Hz quality 950\nEvent timer \"HPET\" frequency 24000000 Hz quality 550\natrtc0: \u003cAT realtime clock\u003e port 0x70-0x77 irq 8 on acpi0\natrtc0: Warning: Couldn't map I/O.\natrtc0: registered as a time-of-day clock, resolution 1.000000s\nEvent timer \"RTC\" frequency 32768 Hz quality 0\nattimer0: \u003cAT timer\u003e port 0x40-0x43,0x50-0x53 irq 0 on acpi0\nTimecounter \"i8254\" frequency 1193182 Hz quality 0\nEvent timer \"i8254\" frequency 1193182 Hz quality 100\nTimecounter \"ACPI-fast\" frequency 3579545 Hz quality 900\nacpi_timer0: \u003c24-bit timer at 3.579545MHz\u003e port 0x1808-0x180b on acpi0\npcib0: \u003cACPI Host-PCI bridge\u003e port 0xcf8-0xcff on acpi0\npci0: \u003cACPI PCI bus\u003e on pcib0\nvgapci0: \u003cVGA-compatible display\u003e port 0xe000-0xe03f mem 0x2fe0000000-0x2fe0ffffff,0x2fc0000000-0x2fdfffffff at device 2.0 on pci0\nacpi_video0: \u003cACPI video extension\u003e on vgapci0\nvgapci0: Boot video device\npci0: \u003cold, non-VGA display device\u003e at device 19.0 (no driver attached)\nxhci0: \u003cIntel Sunrise Point-LP USB 3.0 controller\u003e mem 0x2fe1010000-0x2fe101ffff at device 20.0 on pci0\nxhci0: 32 bytes context size, 64-bit DMA\nusbus0 on xhci0\nusbus0: 5.0Gbps Super Speed USB v3.0\npci0: \u003csimple comms\u003e at device 22.0 (no driver attached)\npcib1: \u003cACPI PCI-PCI bridge\u003e at device 28.0 on pci0\npci1: \u003cACPI PCI bus\u003e on pcib1\npci1: \u003cnetwork\u003e at device 0.0 (no driver attached)\npcib2: \u003cACPI PCI-PCI bridge\u003e at device 28.2 on pci0\npci2: \u003cACPI PCI bus\u003e on pcib2\npci2: \u003cwireless controller\u003e at device 0.0 (no driver attached)\npcib3: \u003cACPI PCI-PCI bridge\u003e at device 28.4 on pci0\npci3: \u003cACPI PCI bus\u003e on pcib3\nnvme0: \u003cGeneric NVMe Device\u003e mem 0xec200000-0xec203fff at device 0.0 on pci3\npcib4: \u003cACPI PCI-PCI bridge\u003e at device 29.0 on pci0\npcib4: [GIANT-LOCKED]\npci4: \u003cACPI PCI bus\u003e on pcib4\npcib5: \u003cACPI PCI-PCI bridge\u003e at device 0.0 on pci4\npci5: \u003cACPI PCI bus\u003e on pcib5\npcib6: \u003cPCI-PCI bridge\u003e at device 0.0 on pci5\npci6: \u003cPCI bus\u003e on pcib6\npcib7: \u003cPCI-PCI bridge\u003e at device 1.0 on pci5\npcib7: [GIANT-LOCKED]\npcib8: \u003cACPI PCI-PCI bridge\u003e at device 2.0 on pci5\npci7: \u003cACPI PCI bus\u003e on pcib8\nxhci1: \u003cXHCI (generic) USB 3.0 controller\u003e mem 0xec000000-0xec00ffff at device 0.0 on pci7\nxhci1: 32 bytes context size, 64-bit DMA\nusbus1 on xhci1\nusbus1: 5.0Gbps Super Speed USB v3.0\npcib9: \u003cPCI-PCI bridge\u003e at device 4.0 on pci5\npcib9: [GIANT-LOCKED]\nisab0: \u003cPCI-ISA bridge\u003e at device 31.0 on pci0\nisa0: \u003cISA bus\u003e on isab0\npci0: \u003cmemory\u003e at device 31.2 (no driver attached)\nhdac0: \u003cIntel Kaby Lake-LP HDA Controller\u003e mem 0x2fe1028000-0x2fe102bfff,0x2fe1000000-0x2fe100ffff at device 31.3 on pci0\nem0: \u003cIntel(R) PRO/1000 Network Connection\u003e mem 0xec500000-0xec51ffff at device 31.6 on pci0\nem0: Using 1024 TX descriptors and 1024 RX descriptors\nem0: Using an MSI interrupt\nem0: Ethernet address: 48:2a:e3:1a:da:58\nem0: netmap queues/slots: TX 1/1024, RX 1/1024\nacpi_button0: \u003cSleep Button\u003e on acpi0\nacpi_lid0: \u003cControl Method Lid Switch\u003e on acpi0\nacpi_tz0: \u003cThermal Zone\u003e on acpi0\natkbdc0: \u003cKeyboard controller (i8042)\u003e port 0x60,0x64 irq 1 on acpi0\natkbd0: \u003cAT Keyboard\u003e irq 1 on atkbdc0\nkbd0 at atkbd0\natkbd0: [GIANT-LOCKED]\npsm0: \u003cPS/2 Mouse\u003e irq 12 on atkbdc0\npsm0: [GIANT-LOCKED]\npsm0: model Generic PS/2 mouse, device ID 0\nacpi_ibm0: \u003cIBM ThinkPad ACPI Extras\u003e on acpi0\nacpi_ibm0: Firmware version is 0x200\nacpi_acad0: \u003cAC Adapter\u003e on acpi0\nbattery0: \u003cACPI Control Method Battery\u003e on acpi0\nest0: \u003cEnhanced SpeedStep Frequency Control\u003e on cpu0\nZFS filesystem version: 5\nZFS storage pool version: features support (5000)\nTimecounters tick every 1.000 msec\nugen0.1: \u003c0x8086 XHCI root HUB\u003e at usbus0\nugen1.1: \u003c0x8086 XHCI root HUB\u003e at usbus1\nuhub0: \u003c0x8086 XHCI root HUB, class 9/0, rev 3.00/1.00, addr 1\u003e on usbus0\nuhub1: \u003c0x8086 XHCI root HUB, class 9/0, rev 3.00/1.00, addr 1\u003e on usbus1\nnvd0: \u003cSAMSUNG MZVLB1T0HALR-000L7\u003e NVMe namespace\nnvd0: 976762MB (2000409264 512 byte sectors)\nhdacc0: \u003cRealtek ALC285 HDA CODEC\u003e at cad 0 on hdac0\nGEOM_ELI: Device nvd0p4.eli created.\nhdaa0: GEOM_ELI: Encryption: AES-XTS 256\nGEOM_ELI:     Crypto: hardware\n\u003cRealtek ALC285 Audio Function Group\u003e at nid 1 on hdacc0\npcm0: \u003cRealtek ALC285 (Internal Analog)\u003e at nid 20 and 18 on hdaa0\npcm1: \u003cRealtek ALC285 (Right Analog)\u003e at nid 33 and 25 on hdaa0\nhdacc1: \u003cIntel Kaby Lake HDA CODEC\u003e at cad 2 on hdac0\nhdaa1: \u003cIntel Kaby Lake Audio Function Group\u003e at nid 1 on hdacc1\npcm2: \u003cIntel Kaby Lake (HDMI/DP 8ch)\u003e at nid 3 on hdaa1\nTrying to mount root from zfs:zroot/ROOT/default []...\nRoot mount waiting for: usbus0 usbus1 CAM\nuhub1: 4 ports with 4 removable, self powered\nuhub0: 18 ports with 18 removable, self powered\nRoot mount waiting for: usbus0\nugen0.2: \u003cGeneric 4-Port USB 2.0 Hub\u003e at usbus0\nuhub2 on uhub0\nuhub2: \u003cGeneric 4-Port USB 2.0 Hub, class 9/0, rev 2.10/1.04, addr 1\u003e on usbus0\nuhub2: MTT enabled\nuhub2: 4 ports with 4 removable, self powered\nRoot mount waiting for: usbus0\nugen0.3: \u003cvendor 0x046d HD Pro Webcam C920\u003e at usbus0\nRoot mount waiting for: usbus0\nugen0.4: \u003cCM Storm Quickfire TKL 6keys\u003e at usbus0\nukbd0 on uhub2\nukbd0: \u003cCM Storm Quickfire TKL 6keys, class 0/0, rev 1.10/1.11, addr 3\u003e on usbus0\nkbd2 at ukbd0\nugen0.5: \u003cLa-VIEW Technology SteelSeries\u003e at usbus0\nukbd1 on uhub2\nukbd1: \u003cLa-VIEW Technology SteelSeries, class 0/0, rev 2.00/0.00, addr 4\u003e on usbus0\nkbd3 at ukbd1\nRoot mount waiting for: usbus0\nugen0.6: \u003cvendor 0x8087 product 0x0a2b\u003e at usbus0\nRoot mount waiting for: usbus0\nugen0.7: \u003cSunplusIT Inc Integrated Camera\u003e at usbus0\nugen0.8: \u003cvendor 0x06cb product 0x009a\u003e at usbus0\nRoot mount waiting for: usbus0\nugen0.9: \u003cWacom Co.,Ltd. Pen and multitouch sensor\u003e at usbus0\nRoot mount waiting for: usbus0\nugen0.10: \u003cGeneric 4-Port USB 3.0 Hub\u003e at usbus0\nuhub3 on uhub0\nuhub3: \u003cInterrupt In Interface\u003e on usbus0\nuhub3: 4 ports with 4 removable, self powered\nRoot mount waiting for: usbus0\nugen0.11: \u003cGeneric USB3.0-CRW\u003e at usbus0\numass0 on uhub0\numass0: \u003cBulk-In, Bulk-Out, Interface\u003e on usbus0\numass0:  SCSI over Bulk-Only; quirks = 0x4000\numass0:0:0: Attached to scbus0\n(probe0:umass-sim0:0:0:0): REPORT LUNS. CDB: a0 00 00 00 00 00 00 00 00 10 00 00 \n(probe0:umass-sim0:0:0:0): CAM status: SCSI Status Error\n(probe0:umass-sim0:0:0:0): SCSI status: Check Condition\n(probe0:umass-sim0:0:0:0): SCSI sense: ILLEGAL REQUEST asc:24,0 (Invalid field in CDB)\n(probe0:umass-sim0:0:0:0): Error 22, Unretryable error\nda0 at umass-sim0 bus 0 scbus0 target 0 lun 0\nda0: \u003cGeneric- SD/MMC CRW 1.00\u003e Removable Direct Access SPC-4 SCSI device\nda0: Serial Number 28203008282014000\nda0: 400.000MB/s transfers\nda0: Attempt to query device size failed: NOT READY, Medium not present\nda0: quirks=0x2\u003cNO_6_BYTE\u003e\nGEOM_ELI: Device nvd0p3.eli created.\nGEOM_ELI: Encryption: AES-XTS 128\nGEOM_ELI:     Crypto: hardware\ndrmn0: \u003cdrmn\u003e on vgapci0\nvgapci0: child drmn0 requested pci_enable_io\nvgapci0: child drmn0 requested pci_enable_io\n[drm] Unable to create a private tmpfs mount, hugepage support will be disabled(-19).\nFailed to add WC MTRR for [0x2fc0000000-0x2fdfffffff]: -22; performance may suffer\n[drm] Got stolen memory base 0xaa800000, size 0x2000000\n[drm] Supports vblank timestamp caching Rev 2 (21.10.2013).\n[drm] Driver supports precise vblank timestamp query.\n[drm] Connector eDP-1: get mode from tunables:\n[drm]   - kern.vt.fb.modes.eDP-1\n[drm]   - kern.vt.fb.default_mode\n[drm] Connector DP-1: get mode from tunables:\n[drm]   - kern.vt.fb.modes.DP-1\n[drm]   - kern.vt.fb.default_mode\n[drm] Connector HDMI-A-1: get mode from tunables:\n[drm]   - kern.vt.fb.modes.HDMI-A-1\n[drm]   - kern.vt.fb.default_mode\n[drm] Connector DP-2: get mode from tunables:\n[drm]   - kern.vt.fb.modes.DP-2\n[drm]   - kern.vt.fb.default_mode\n[drm] Connector HDMI-A-2: get mode from tunables:\n[drm]   - kern.vt.fb.modes.HDMI-A-2\n[drm]   - kern.vt.fb.default_mode\n[drm] Initialized i915 1.6.0 20171222 for drmn0 on minor 0\nVT: Replacing driver \"efifb\" with new \"fb\".\nstart FB_INFO:\ntype=11 height=1440 width=2560 depth=32\ncmsize=16 size=32763904\npbase=0x2fc0040000 vbase=0xfffffe0094e40000\nname=drmn0 flags=0x0 stride=15168 bpp=32\ncmap[0]=0 cmap[1]=7f0000 cmap[2]=7f00 cmap[3]=c4a000\nend FB_INFO\ndrmn0: fb0: inteldrmfb frame buffer device\ndrmn0: successfully loaded firmware image with name: i915/kbl_dmc_ver1_04.bin\n[drm] Finished loading DMC firmware i915/kbl_dmc_ver1_04.bin (v1.4)\nlo0: link state changed to UP\nhdacc1: Unexpected unsolicited response with tag 63: ffffffff\nhdacc1: Unexpected unsolicited response with tag 63: ffffffff\nig4iic0: \u003cIntel Sunrise Point-LP I2C Controller-0\u003e mem 0x2fe102e000-0x2fe102efff at device 21.0 on pci0\nig4iic0: Using MSI\niicbus0: \u003cPhilips I2C bus\u003e on ig4iic0\niwm0: \u003cIntel(R) Dual Band Wireless AC 8265\u003e mem 0xec400000-0xec401fff at device 0.0 on pci1\niwm0: hw rev 0x230, fw ver 22.361476.0, address 18:1d:ea:16:cc:77\nuaudio0 on uhub2\nuaudio0: \u003cvendor 0x046d HD Pro Webcam C920, class 239/2, rev 2.00/0.11, addr 2\u003e on usbus0\nuaudio0: No playback.\nuaudio0: Record: 32000 Hz, 2 ch, 16-bit S-LE PCM format, 2x8ms buffer.\nuaudio0: Record: 24000 Hz, 2 ch, 16-bit S-LE PCM format, 2x8ms buffer.\nuaudio0: Record: 16000 Hz, 2 ch, 16-bit S-LE PCM format, 2x8ms buffer.\nuaudio0: No MIDI sequencer.\npcm3: \u003cUSB audio\u003e on uaudio0\nuaudio0: No HID volume keys found.\nuhid0 on uhub2\nuhid0: \u003cCM Storm Quickfire TKL 6keys, class 0/0, rev 1.10/1.11, addr 3\u003e on usbus0\nums0 on uhub2\nums0: \u003cLa-VIEW Technology SteelSeries, class 0/0, rev 2.00/0.00, addr 4\u003e on usbus0\nums0: 8 buttons and [XYZT] coordinates ID=1\nwmt0 on uhub0\nwmt0: \u003cMultitouch\u003e on usbus0\nwmt0: 16 contacts and [C]. Report range [0:0] - [12372:6960]\nwmt0: 10 feature report contactsuhid1 on uhub0\nuhid1: \u003cPen\u003e on usbus0\nwmt0: at uhub0, port 10, addr 8 (disconnected)\nwmt0: detached\nuhid1: at uhub0, port 10, addr 8 (disconnected)\nuhid1: detached\nwlan0: Ethernet address: 18:1d:ea:16:cc:77\nwlan0: link state changed to UP\nbridge0: Ethernet address: 02:19:47:22:6e:00\nbridge0: changing name to 'vm-public'\nem0: promiscuous mode enabled\nvm-public: link state changed to UP\nSecurity policy loaded: MAC/ntpd (mac_ntpd)"
}