{
 "id": 500841,
 "bug_id": 134980,
 "attachment_id": 0,
 "creation_time": "2009-05-27T11:50:01Z",
 "creator": "triosoft@triosoft.com.ua",
 "text": "I found some odd behavior of  ata device numbering. It seems, that there\nis no effect of option ATA_STATIC_ID in CURRENT.\nWhat I have:\nsupermicro server with 4 sata ports onto Intel ICH7 SATA300 controller\nrecent CURRENT\nsata mode in BIOS is Enhanced\nahci support in BIOS in Enabled\noption ATA_STATIC_ID in KERNCONF\n\nSo, if I boot with 4 HDD connected to sata i found ad4,ad6,ad8,ad10 as\ndisks. but when I detach disk, which \"was\" ad8 in last case, and then\nreboot - I see ad4,ad6,ad8! and not ad4,ad6,ad10! atacontrol list\ndoesn't show an empty ata channel. Only channels with HDDs connected. I\ncheck 6.x 7.x on the same server with _the same configuration in bios_ -\nand all works as suspected - there are empty ata channels, there are\nreally static device numbers. when I set AHCI to Disabled I have just\ntwo ata channels (with AHCI - I have four, one for each sata disk) and\nwith or without HDDs connected I see empty channels and have really\nstatic dev nums in the same CURRENT.\n\nverbose dmesg of FreeBSD-8 and FreeBSD-6 attached\n\n==freebsd-8 dmesg while one HDD connected to sata1 port and one - to sata3 port==\nCopyright (c) 1992-2009 The FreeBSD Project.\nCopyright (c) 1979, 1980, 1983, 1986, 1988, 1989, 1991, 1992, 1993, 1994\n        The Regents of the University of California. All rights reserved.\nFreeBSD is a registered trademark of The FreeBSD Foundation.\nFreeBSD 8.0-CURRENT #0: Wed May 27 10:46:40 EEST 2009\n    shurik@monstro.zk.informjust.ua:/usr/obj/usr/src/sys/TSKERNEL\nPreloaded elf kernel \"/boot/kernel/kernel\" at 0xc0b11000.\nPreloaded elf module \"/boot/kernel/zfs.ko\" at 0xc0b111bc.\nPreloaded elf module \"/boot/kernel/opensolaris.ko\" at 0xc0b11264.\nPreloaded elf module \"/boot/kernel/geom_mirror.ko\" at 0xc0b11314.\nPreloaded elf module \"/boot/kernel/if_em.ko\" at 0xc0b113c4.\nPreloaded /boot/zfs/zpool.cache \"/boot/zfs/zpool.cache\" at 0xc0b11470.\nTimecounter \"i8254\" frequency 1193182 Hz quality 0\nCalibrating TSC clock ... TSC clock: 2793014546 Hz\nCPU: Intel(R) Pentium(R) D CPU 2.80GHz (2793.01-MHz 686-class CPU)\n  Origin = \"GenuineIntel\"  Id = 0xf47  Stepping = 7\n  Features=0xbfebfbff\u003cFPU,VME,DE,PSE,TSC,MSR,PAE,MCE,CX8,APIC,SEP,MTRR,PGE,MCA,CMOV,PAT,PSE36,CLFLUSH,DTS,ACPI,MMX,FXSR,SSE,SSE2,SS,HTT,TM,PBE\u003e\n  Features2=0x641d\u003cSSE3,DTES64,MON,DS_CPL,CNXT-ID,CX16,xTPR\u003e\n  AMD Features=0x20100000\u003cNX,LM\u003e\n  AMD Features2=0x1\u003cLAHF\u003e\n  TSC: P-state invariant\n\nInstruction TLB: 4 KB, 2 MB or 4 MB pages, fully associative, 128 entries\nData TLB: 4 KB or 4 MB pages, fully associative, 64 entries\n1st-level data cache: 16 KB, 8-way set associative, sectored cache, 64 byte line size\nTrace cache: 12K-uops, 8-way set associative\n2nd-level cache: 1 MB, 8-way set associative, sectored cache, 64 byte line size\nL2 cache: 1024 kbytes, 8-way associative, 64 bytes/line\nreal memory  = 1073741824 (1024 MB)\nPhysical memory chunk(s):\n0x0000000000001000 - 0x000000000009cfff, 638976 bytes (156 pages)\n0x0000000000100000 - 0x00000000003fffff, 3145728 bytes (768 pages)\n0x0000000000c25000 - 0x000000003ed99fff, 1041715200 bytes (254325 pages)\navail memory = 1040474112 (992 MB)\nTable 'FACP' at 0x3fee8ea8\nTable 'MCFG' at 0x3fee8f1c\nTable 'APIC' at 0x3fee8f58\nMADT: Found table at 0x3fee8f58\nMP Configuration Table version 1.4 found at 0xc009e571\nAPIC: Using the MADT enumerator.\nMADT: Found CPU APIC ID 0 ACPI ID 0: enabled\nSMP: Added CPU 0 (AP)\nMADT: Found CPU APIC ID 1 ACPI ID 1: enabled\nSMP: Added CPU 1 (AP)\nACPI APIC Table: \u003cPTLTD          APIC  \u003e\nINTR: Adding local APIC 1 as a target\nFreeBSD/SMP: Multiprocessor System Detected: 2 CPUs\nFreeBSD/SMP: 1 package(s) x 2 core(s)\n cpu0 (BSP): APIC ID:  0\n cpu1 (AP): APIC ID:  1\nAPIC: CPU 0 has ACPI ID 0\nAPIC: CPU 1 has ACPI ID 1\nbios32: Found BIOS32 Service Directory header at 0xc00f5ea0\nbios32: Entry = 0xfd440 (c00fd440)  Rev = 0  Len = 1\npcibios: PCI BIOS entry at 0xfd440+0x407\npnpbios: Found PnP BIOS data at 0xc00f5f20\npnpbios: Entry = f0000:b186  Rev = 1.0\nOther BIOS signatures found:\nULE: setup cpu 0\nULE: setup cpu 1\nThis module (opensolaris) contains code covered by the\nCommon Development and Distribution License (CDDL)\nsee http://opensolaris.org/os/licensing/opensolaris_license/\nACPI: RSDP @ 0x0xf5ed0/0x0014 (v  0 PTLTD )\nACPI: RSDT @ 0x0x3fee3be9/0x0038 (v  1 PTLTD    RSDT   0x06040000  LTP 0x00000000)\nACPI: FACP @ 0x0x3fee8ea8/0x0074 (v  1 INTEL           0x06040000 PTL  0x00000003)\nACPI: DSDT @ 0x0x3fee3fdb/0x4ECD (v  1  INTEL GLENWOOD 0x06040000 MSFT 0x0100000E)\nACPI: FACS @ 0x0x3fee9fc0/0x0040\nACPI: MCFG @ 0x0x3fee8f1c/0x003C (v  1 PTLTD    MCFG   0x06040000  LTP 0x00000000)\nACPI: APIC @ 0x0x3fee8f58/0x0080 (v  1 PTLTD     APIC   0x06040000  LTP 0x00000000)\nACPI: BOOT @ 0x0x3fee8fd8/0x0028 (v  1 PTLTD  $SBFTBL$ 0x06040000  LTP 0x00000001)\nACPI: SSDT @ 0x0x3fee3c21/0x03BA (v  1  PmRef    CpuPm 0x00003000 INTL 0x20030224)\nMADT: Found IO APIC ID 2, Interrupt 0 at 0xfec00000\nioapic0: Routing external 8259A's -\u003e intpin 0\nMADT: Found IO APIC ID 3, Interrupt 24 at 0xfec80000\nMADT: Found IO APIC ID 4, Interrupt 48 at 0xfec80400\nMADT: Interrupt override: source 0, irq 2\nioapic0: Routing IRQ 0 -\u003e intpin 2\nMADT: Interrupt override: source 9, irq 9\nioapic0: intpin 9 trigger: level\nlapic0: Routing NMI -\u003e LINT1\nlapic0: LINT1 trigger: edge\nlapic0: LINT1 polarity: high\nlapic1: Routing NMI -\u003e LINT1\nlapic1: LINT1 trigger: edge\nlapic1: LINT1 polarity: high\nioapic0 \u003cVersion 2.0\u003e irqs 0-23 on motherboard\nioapic1 \u003cVersion 2.0\u003e irqs 24-47 on motherboard\nioapic2 \u003cVersion 2.0\u003e irqs 48-71 on motherboard\ncpu0 BSP:\n     ID: 0x00000000   VER: 0x00050014 LDR: 0x00000000 DFR: 0xffffffff\n  lint0: 0x00010700 lint1: 0x00000400 TPR: 0x00000000 SVR: 0x000001ff\n  timer: 0x000100ef therm: 0x00000200 err: 0x00010000 pcm: 0x00000400\nio: \u003cI/O\u003e\nkbd: new array size 4\nkbd1 at kbdmux0\nmem: \u003cmemory\u003e\nPentium Pro MTRR support enabled\nnull: \u003cnull device, zero device\u003e\nrandom: \u003centropy source, Software, Yarrow\u003e\nnfslock: pseudo-device\nnpx0: INT 16 interface\nacpi0: \u003cPTLTD   RSDT\u003e on motherboard\nPCIe: Memory Mapped configuration base @ 0xf0000000\npcibios: BIOS version 2.10\nioapic0: routing intpin 9 (ISA IRQ 9) to lapic 0 vector 48\nacpi0: [MPSAFE]\nacpi0: [ITHREAD]\nacpi0: Power Button (fixed)\nacpi0: wakeup code va 0xc39b1000 pa 0x1000\nAcpiOsDerivePciId: \\\\_SB_.PCI0.REGS -\u003e bus 0 dev 0 func 0\nAcpiOsDerivePciId: \\\\_SB_.PCI0.LPC0.REGS -\u003e bus 0 dev 31 func 0\nAcpiOsDerivePciId: \\\\_SB_.PCI0.LPC0.PIRX -\u003e bus 0 dev 31 func 0\nAcpiOsDerivePciId: \\\\_SB_.PCI0.LPC0.PIRY -\u003e bus 0 dev 31 func 0\nACPI timer: 1/0 1/0 1/0 1/0 1/0 1/0 1/0 1/0 1/0 1/0 -\u003e 10\nTimecounter \"ACPI-fast\" frequency 3579545 Hz quality 1000\nacpi_timer0: \u003c24-bit timer at 3.579545MHz\u003e port 0x1008-0x100b on acpi0\npci_link0:        Index  IRQ  Rtd  Ref  IRQs\n  Initial Probe       0   10   N     0  3 10 11 14 15\n  Validation          0   10   N     0  3 10 11 14 15\n  After Disable       0  255   N     0  3 10 11 14 15\npci_link1:        Index  IRQ  Rtd  Ref  IRQs\n  Initial Probe       0   11   N     0  3 10 11 14 15\n  Validation          0   11   N     0  3 10 11 14 15\n  After Disable       0  255   N     0  3 10 11 14 15\npci_link2:        Index  IRQ  Rtd  Ref  IRQs\n  Initial Probe       0   11   N     0  3 10 11 14 15\n  Validation          0   11   N     0  3 10 11 14 15\n  After Disable       0  255   N     0  3 10 11 14 15\npci_link3:        Index  IRQ  Rtd  Ref  IRQs\n  Initial Probe       0   10   N     0  3 10 11 14 15\n  Validation          0   10   N     0  3 10 11 14 15\n  After Disable       0  255   N     0  3 10 11 14 15\npci_link4:        Index  IRQ  Rtd  Ref  IRQs\n  Initial Probe       0  255   N     0  3 10 11 14 15\n  Validation          0  255   N     0  3 10 11 14 15\n  After Disable       0  255   N     0  3 10 11 14 15\npci_link5:        Index  IRQ  Rtd  Ref  IRQs\n  Initial Probe       0  255   N     0  3 10 11 14 15\n  Validation          0  255   N     0  3 10 11 14 15\n  After Disable       0  255   N     0  3 10 11 14 15\npci_link6:        Index  IRQ  Rtd  Ref  IRQs\n  Initial Probe       0  255   N     0  3 10 11 14 15\n  Validation          0  255   N     0  3 10 11 14 15\n  After Disable       0  255   N     0  3 10 11 14 15\npci_link7:        Index  IRQ  Rtd  Ref  IRQs\n  Initial Probe       0    5   N     0  3 10 11 14 15\n  Validation          0  255   N     0  3 10 11 14 15\n  After Disable       0  255   N     0  3 10 11 14 15\npcib0: \u003cACPI Host-PCI bridge\u003e port 0xcf8-0xcff on acpi0\npci0: \u003cACPI PCI bus\u003e on pcib0\npci0: domain=0, physical bus=0\nfound-\u003e vendor=0x8086, dev=0x2778, revid=0x81\n        domain=0, bus=0, slot=0, func=0\n        class=06-00-00, hdrtype=0x00, mfdev=0\n        cmdreg=0x0106, statreg=0x2090, cachelnsz=0 (dwords)\n        lattimer=0x00 (0 ns), mingnt=0x00 (0 ns), maxlat=0x00 (0 ns)\nfound-\u003e vendor=0x8086, dev=0x2779, revid=0x81\n        domain=0, bus=0, slot=1, func=0\n        class=06-04-00, hdrtype=0x01, mfdev=0\n        cmdreg=0x0107, statreg=0x0010, cachelnsz=8 (dwords)\n        lattimer=0x00 (0 ns), mingnt=0x04 (1000 ns), maxlat=0x00 (0 ns)\n        intpin=a, irq=10\n        powerspec 2  supports D0 D3  current D0\n        MSI supports 1 message\npcib0: matched entry for 0.1.INTA\npcib0: slot 1 INTA hardwired to IRQ 16\nfound-\u003e vendor=0x8086, dev=0x27d0, revid=0x01\n        domain=0, bus=0, slot=28, func=0\n        class=06-04-00, hdrtype=0x01, mfdev=1\n        cmdreg=0x0000, statreg=0x0010, cachelnsz=8 (dwords)\n        lattimer=0x00 (0 ns), mingnt=0x00 (0 ns), maxlat=0x00 (0 ns)\n        intpin=a, irq=11\n        powerspec 2  supports D0 D3  current D0\n        MSI supports 1 message\npcib0: matched entry for 0.28.INTA\npcib0: slot 28 INTA hardwired to IRQ 17\nfound-\u003e vendor=0x8086, dev=0x27e0, revid=0x01\n        domain=0, bus=0, slot=28, func=4\n        class=06-04-00, hdrtype=0x01, mfdev=1\n        cmdreg=0x0007, statreg=0x0010, cachelnsz=8 (dwords)\n        lattimer=0x00 (0 ns), mingnt=0x04 (1000 ns), maxlat=0x00 (0 ns)\n        intpin=a, irq=11\n        powerspec 2  supports D0 D3  current D0\n        MSI supports 1 message\npcib0: matched entry for 0.28.INTA\npcib0: slot 28 INTA hardwired to IRQ 17\nfound-\u003e vendor=0x8086, dev=0x27e2, revid=0x01\n        domain=0, bus=0, slot=28, func=5\n        class=06-04-00, hdrtype=0x01, mfdev=1\n        cmdreg=0x0007, statreg=0x0010, cachelnsz=8 (dwords)\n        lattimer=0x00 (0 ns), mingnt=0x04 (1000 ns), maxlat=0x00 (0 ns)\n        intpin=b, irq=10\n        powerspec 2  supports D0 D3  current D0\n        MSI supports 1 message\npcib0: matched entry for 0.28.INTB\npcib0: slot 28 INTB hardwired to IRQ 16\nfound-\u003e vendor=0x8086, dev=0x27c8, revid=0x01\n        domain=0, bus=0, slot=29, func=0\n        class=0c-03-00, hdrtype=0x00, mfdev=1\n        cmdreg=0x0005, statreg=0x0280, cachelnsz=0 (dwords)\n        lattimer=0x00 (0 ns), mingnt=0x00 (0 ns), maxlat=0x00 (0 ns)\n        intpin=a, irq=5\n        map[20]: type I/O Port, range 32, base 0x64e0, size  5, enabled\npcib0: matched entry for 0.29.INTA\npcib0: slot 29 INTA hardwired to IRQ 23\nfound-\u003e vendor=0x8086, dev=0x27c9, revid=0x01\n        domain=0, bus=0, slot=29, func=1\n        class=0c-03-00, hdrtype=0x00, mfdev=0\n        cmdreg=0x0005, statreg=0x0280, cachelnsz=0 (dwords)\n        lattimer=0x00 (0 ns), mingnt=0x00 (0 ns), maxlat=0x00 (0 ns)\n        intpin=b, irq=10\n        map[20]: type I/O Port, range 32, base 0x6800, size  5, enabled\npcib0: matched entry for 0.29.INTB\npcib0: slot 29 INTB hardwired to IRQ 19\nfound-\u003e vendor=0x8086, dev=0x27ca, revid=0x01\n        domain=0, bus=0, slot=29, func=2\n        class=0c-03-00, hdrtype=0x00, mfdev=0\n        cmdreg=0x0005, statreg=0x0280, cachelnsz=0 (dwords)\n        lattimer=0x00 (0 ns), mingnt=0x00 (0 ns), maxlat=0x00 (0 ns)\n        intpin=c, irq=11\n        map[20]: type I/O Port, range 32, base 0x6820, size  5, enabled\npcib0: matched entry for 0.29.INTC\npcib0: slot 29 INTC hardwired to IRQ 18\nfound-\u003e vendor=0x8086, dev=0x27cb, revid=0x01\n        domain=0, bus=0, slot=29, func=3\n        class=0c-03-00, hdrtype=0x00, mfdev=0\n        cmdreg=0x0005, statreg=0x0280, cachelnsz=0 (dwords)\n        lattimer=0x00 (0 ns), mingnt=0x00 (0 ns), maxlat=0x00 (0 ns)\n        intpin=d, irq=10\n        map[20]: type I/O Port, range 32, base 0x6840, size  5, enabled\npcib0: matched entry for 0.29.INTD\npcib0: slot 29 INTD hardwired to IRQ 16\nfound-\u003e vendor=0x8086, dev=0x27cc, revid=0x01\n        domain=0, bus=0, slot=29, func=7\n        class=0c-03-20, hdrtype=0x00, mfdev=0\n        cmdreg=0x0106, statreg=0x0290, cachelnsz=0 (dwords)\n        lattimer=0x00 (0 ns), mingnt=0x00 (0 ns), maxlat=0x00 (0 ns)\n        intpin=a, irq=5\n        powerspec 2  supports D0 D3  current D0\n        map[10]: type Memory, range 32, base 0xed000000, size 10, enabled\npcib0: matched entry for 0.29.INTA\npcib0: slot 29 INTA hardwired to IRQ 23\nfound-\u003e vendor=0x8086, dev=0x244e, revid=0xe1\n        domain=0, bus=0, slot=30, func=0\n        class=06-04-01, hdrtype=0x01, mfdev=0\n        cmdreg=0x0107, statreg=0x0010, cachelnsz=0 (dwords)\n        lattimer=0x00 (0 ns), mingnt=0x0c (3000 ns), maxlat=0x00 (0 ns)\nfound-\u003e vendor=0x8086, dev=0x27b8, revid=0x01\n        domain=0, bus=0, slot=31, func=0\n        class=06-01-00, hdrtype=0x00, mfdev=1\n        cmdreg=0x0007, statreg=0x0210, cachelnsz=0 (dwords)\n        lattimer=0x00 (0 ns), mingnt=0x00 (0 ns), maxlat=0x00 (0 ns)\nfound-\u003e vendor=0x8086, dev=0x27df, revid=0x01\n        domain=0, bus=0, slot=31, func=1\n        class=01-01-8a, hdrtype=0x00, mfdev=0\n        cmdreg=0x0005, statreg=0x0280, cachelnsz=0 (dwords)\n        lattimer=0x00 (0 ns), mingnt=0x00 (0 ns), maxlat=0x00 (0 ns)\n        intpin=a, irq=255\n        map[20]: type I/O Port, range 32, base 0x64d0, size  4, enabled\nfound-\u003e vendor=0x8086, dev=0x27c1, revid=0x01\n        domain=0, bus=0, slot=31, func=2\n        class=01-06-01, hdrtype=0x00, mfdev=0\n        cmdreg=0x0007, statreg=0x02b0, cachelnsz=0 (dwords)\n        lattimer=0x00 (0 ns), mingnt=0x00 (0 ns), maxlat=0x00 (0 ns)\n        intpin=b, irq=10\n        powerspec 2  supports D0 D3  current D0\n        MSI supports 1 message\n        map[10]: type I/O Port, range 32, base 0x6898, size  3, enabled\n        map[14]: type I/O Port, range 32, base 0x687c, size  2, enabled\n        map[18]: type I/O Port, range 32, base 0x6890, size  3, enabled\n        map[1c]: type I/O Port, range 32, base 0x6878, size  2, enabled\n        map[20]: type I/O Port, range 32, base 0x6880, size  4, enabled\n        map[24]: type Memory, range 32, base 0xed000400, size 10, enabled\npcib0: matched entry for 0.31.INTB\npcib0: slot 31 INTB hardwired to IRQ 19\nfound-\u003e vendor=0x8086, dev=0x27da, revid=0x01\n        domain=0, bus=0, slot=31, func=3\n        class=0c-05-00, hdrtype=0x00, mfdev=0\n        cmdreg=0x0101, statreg=0x0280, cachelnsz=0 (dwords)\n        lattimer=0x00 (0 ns), mingnt=0x00 (0 ns), maxlat=0x00 (0 ns)\n        intpin=b, irq=10\n        map[20]: type I/O Port, range 32, base 0x1100, size  5, enabled\npcib0: matched entry for 0.31.INTB\npcib0: slot 31 INTB hardwired to IRQ 19\npcib1: \u003cACPI PCI-PCI bridge\u003e irq 16 at device 1.0 on pci0\npcib1:   domain            0\npcib1:   secondary bus     1\npcib1:   subordinate bus   3\npcib1:   I/O decode        0xf000-0xfff\npcib1:   memory decode     0xed100000-0xed1fffff\npcib1:   no prefetched decode\npcib1: could not get PCI interrupt routing table for \\\\_SB_.PCI0.DEV1 - AE_NOT_FOUND\npci1: \u003cACPI PCI bus\u003e on pcib1\npci1: domain=0, physical bus=1\nfound-\u003e vendor=0x8086, dev=0x0329, revid=0x09\n        domain=0, bus=1, slot=0, func=0\n        class=06-04-00, hdrtype=0x01, mfdev=1\n        cmdreg=0x0107, statreg=0x0010, cachelnsz=16 (dwords)\n        lattimer=0x00 (0 ns), mingnt=0x04 (1000 ns), maxlat=0x00 (0 ns)\n        powerspec 2  supports D0 D3  current D0\n        MSI supports 1 message, 64 bit\nfound-\u003e vendor=0x8086, dev=0x0326, revid=0x09\n        domain=0, bus=1, slot=0, func=1\n        class=08-00-20, hdrtype=0x00, mfdev=1\n        cmdreg=0x0106, statreg=0x0010, cachelnsz=0 (dwords)\n        lattimer=0x00 (0 ns), mingnt=0x00 (0 ns), maxlat=0x00 (0 ns)\n        powerspec 2  supports D0 D3  current D0\n        map[10]: type Memory, range 32, base 0xed100000, size 12, enabled\npcib1: requested memory range 0xed100000-0xed100fff: good\nfound-\u003e vendor=0x8086, dev=0x032a, revid=0x09\n        domain=0, bus=1, slot=0, func=2\n        class=06-04-00, hdrtype=0x01, mfdev=1\n        cmdreg=0x0107, statreg=0x0010, cachelnsz=16 (dwords)\n        lattimer=0x00 (0 ns), mingnt=0x04 (1000 ns), maxlat=0x00 (0 ns)\n        powerspec 2  supports D0 D3  current D0\n        MSI supports 1 message, 64 bit\nfound-\u003e vendor=0x8086, dev=0x0327, revid=0x09\n        domain=0, bus=1, slot=0, func=3\n        class=08-00-20, hdrtype=0x00, mfdev=1\n        cmdreg=0x0106, statreg=0x0010, cachelnsz=0 (dwords)\n        lattimer=0x00 (0 ns), mingnt=0x00 (0 ns), maxlat=0x00 (0 ns)\n        powerspec 2  supports D0 D3  current D0\n        map[10]: type Memory, range 32, base 0xed101000, size 12, enabled\npcib1: requested memory range 0xed101000-0xed101fff: good\npcib2: \u003cACPI PCI-PCI bridge\u003e at device 0.0 on pci1\npcib2:   domain            0\npcib2:   secondary bus     2\npcib2:   subordinate bus   2\npcib2:   I/O decode        0xf000-0xfff\npcib2:   no prefetched decode\npci2: \u003cACPI PCI bus\u003e on pcib2\npci2: domain=0, physical bus=2\npcib3: \u003cACPI PCI-PCI bridge\u003e at device 0.2 on pci1\npcib3:   domain            0\npcib3:   secondary bus     3\npcib3:   subordinate bus   3\npcib3:   I/O decode        0xf000-0xfff\npcib3:   no prefetched decode\npci3: \u003cACPI PCI bus\u003e on pcib3\npci3: domain=0, physical bus=3\npcib4: \u003cACPI PCI-PCI bridge\u003e irq 17 at device 28.0 on pci0\npcib4:   domain            0\npcib4:   secondary bus     4\npcib4:   subordinate bus   4\npcib4:   I/O decode        0x0-0x0\npcib4:   no prefetched decode\npci4: \u003cACPI PCI bus\u003e on pcib4\npci4: domain=0, physical bus=4\npcib5: \u003cACPI PCI-PCI bridge\u003e irq 17 at device 28.4 on pci0\npcib5:   domain            0\npcib5:   secondary bus     5\npcib5:   subordinate bus   5\npcib5:   I/O decode        0x7000-0x7fff\npcib5:   memory decode     0xed200000-0xed2fffff\npcib5:   no prefetched decode\npci5: \u003cACPI PCI bus\u003e on pcib5\npci5: domain=0, physical bus=5\nfound-\u003e vendor=0x8086, dev=0x108c, revid=0x03\n        domain=0, bus=5, slot=0, func=0\n        class=02-00-00, hdrtype=0x00, mfdev=0\n        cmdreg=0x0107, statreg=0x0010, cachelnsz=8 (dwords)\n        lattimer=0x00 (0 ns), mingnt=0x00 (0 ns), maxlat=0x00 (0 ns)\n        intpin=a, irq=10\n        powerspec 2  supports D0 D3  current D0\n        MSI supports 1 message, 64 bit\n        map[10]: type Memory, range 32, base 0xed200000, size 17, enabled\npcib5: requested memory range 0xed200000-0xed21ffff: good\n        map[18]: type I/O Port, range 32, base 0x7000, size  5, enabled\npcib5: requested I/O range 0x7000-0x701f: in range\npcib5: matched entry for 5.0.INTA\npcib5: slot 0 INTA hardwired to IRQ 16\nem0: \u003cIntel(R) PRO/1000 Network Connection 6.9.9\u003e port 0x7000-0x701f mem 0xed200000-0xed21ffff irq 16 at device 0.0 on pci5\nem0: Reserved 0x20000 bytes for rid 0x10 type 3 at 0xed200000\nem0: attempting to allocate 1 MSI vectors (1 supported)\nem0: using IRQ 256 for MSI\nem0: Using MSI interrupt\nmsi: Assigning MSI IRQ 256 to local APIC 0 vector 49\nem0: [FILTER]\nem0: bpf attached\nem0: Ethernet address: 00:30:48:87:3f:4a\npcib6: \u003cACPI PCI-PCI bridge\u003e irq 16 at device 28.5 on pci0\npcib6:   domain            0\npcib6:   secondary bus     6\npcib6:   subordinate bus   6\npcib6:   I/O decode        0x8000-0x8fff\npcib6:   memory decode     0xed300000-0xed3fffff\npcib6:   no prefetched decode\npci6: \u003cACPI PCI bus\u003e on pcib6\npci6: domain=0, physical bus=6\nfound-\u003e vendor=0x8086, dev=0x109a, revid=0x00\n        domain=0, bus=6, slot=0, func=0\n        class=02-00-00, hdrtype=0x00, mfdev=0\n        cmdreg=0x0107, statreg=0x0010, cachelnsz=8 (dwords)\n        lattimer=0x00 (0 ns), mingnt=0x00 (0 ns), maxlat=0x00 (0 ns)\n        intpin=a, irq=11\n        powerspec 2  supports D0 D3  current D0\n        MSI supports 1 message, 64 bit\n        map[10]: type Memory, range 32, base 0xed300000, size 17, enabled\npcib6: requested memory range 0xed300000-0xed31ffff: good\n        map[18]: type I/O Port, range 32, base 0x8000, size  5, enabled\npcib6: requested I/O range 0x8000-0x801f: in range\npcib6: matched entry for 6.0.INTA\npcib6: slot 0 INTA hardwired to IRQ 17\nem1: \u003cIntel(R) PRO/1000 Network Connection 6.9.9\u003e port 0x8000-0x801f mem 0xed300000-0xed31ffff irq 17 at device 0.0 on pci6\nem1: Reserved 0x20000 bytes for rid 0x10 type 3 at 0xed300000\nem1: attempting to allocate 1 MSI vectors (1 supported)\nem1: using IRQ 257 for MSI\nem1: Using MSI interrupt\nmsi: Assigning MSI IRQ 257 to local APIC 0 vector 50\nem1: [FILTER]\nem1: bpf attached\nem1: Ethernet address: 00:30:48:87:3f:4b\nuhci0: \u003cUHCI (generic) USB controller\u003e port 0x64e0-0x64ff irq 23 at device 29.0 on pci0\nuhci0: Reserved 0x20 bytes for rid 0x20 type 4 at 0x64e0\nioapic0: routing intpin 23 (PCI IRQ 23) to lapic 0 vector 51\nuhci0: [MPSAFE]\nuhci0: [ITHREAD]\nuhci0: LegSup = 0x003b\nusbus0: \u003cUHCI (generic) USB controller\u003e on uhci0\nuhci1: \u003cUHCI (generic) USB controller\u003e port 0x6800-0x681f irq 19 at device 29.1 on pci0\nuhci1: Reserved 0x20 bytes for rid 0x20 type 4 at 0x6800\nioapic0: routing intpin 19 (PCI IRQ 19) to lapic 0 vector 52\nuhci1: [MPSAFE]\nuhci1: [ITHREAD]\nuhci1: LegSup = 0x0010\nusbus1: \u003cUHCI (generic) USB controller\u003e on uhci1\nuhci2: \u003cUHCI (generic) USB controller\u003e port 0x6820-0x683f irq 18 at device 29.2 on pci0\nuhci2: Reserved 0x20 bytes for rid 0x20 type 4 at 0x6820\nioapic0: routing intpin 18 (PCI IRQ 18) to lapic 0 vector 53\nuhci2: [MPSAFE]\nuhci2: [ITHREAD]\nuhci2: LegSup = 0x0010\nusbus2: \u003cUHCI (generic) USB controller\u003e on uhci2\nuhci3: \u003cUHCI (generic) USB controller\u003e port 0x6840-0x685f irq 16 at device 29.3 on pci0\nuhci3: Reserved 0x20 bytes for rid 0x20 type 4 at 0x6840\nioapic0: routing intpin 16 (PCI IRQ 16) to lapic 0 vector 54\nuhci3: [MPSAFE]\nuhci3: [ITHREAD]\nuhci3: LegSup = 0x0010\nusbus3: \u003cUHCI (generic) USB controller\u003e on uhci3\nehci0: \u003cIntel 82801GB/R (ICH7) USB 2.0 controller\u003e mem 0xed000000-0xed0003ff irq 23 at device 29.7 on pci0\nehci0: Reserved 0x400 bytes for rid 0x10 type 3 at 0xed000000\nehci0: [MPSAFE]\nehci0: [ITHREAD]\nusbus4: EHCI version 1.0\nusbus4: \u003cIntel 82801GB/R (ICH7) USB 2.0 controller\u003e on ehci0\npcib7: \u003cACPI PCI-PCI bridge\u003e at device 30.0 on pci0\npcib7:   domain            0\npcib7:   secondary bus     10\npcib7:   subordinate bus   10\npcib7:   I/O decode        0x9000-0x9fff\npcib7:   memory decode     0xed400000-0xeeffffff\npcib7:   no prefetched decode\npcib7:   Subtractively decoded bridge.\npci10: \u003cACPI PCI bus\u003e on pcib7\npci10: domain=0, physical bus=10\nfound-\u003e vendor=0x1002, dev=0x4752, revid=0x27\n        domain=0, bus=10, slot=4, func=0\n        class=03-00-00, hdrtype=0x00, mfdev=0\n        cmdreg=0x0087, statreg=0x0290, cachelnsz=8 (dwords)\n        lattimer=0x42 (1980 ns), mingnt=0x08 (2000 ns), maxlat=0x00 (0 ns)\n        intpin=a, irq=10\n        powerspec 2  supports D0 D1 D2 D3  current D0\n        map[10]: type Memory, range 32, base 0xee000000, size 24, enabled\npcib7: requested memory range 0xee000000-0xeeffffff: good\n        map[14]: type I/O Port, range 32, base 0x9000, size  8, enabled\npcib7: requested I/O range 0x9000-0x90ff: in range\n        map[18]: type Memory, range 32, base 0xed400000, size 12, enabled\npcib7: requested memory range 0xed400000-0xed400fff: good\npcib7: matched entry for 10.4.INTA\npcib7: slot 4 INTA hardwired to IRQ 16\nvgapci0: \u003cVGA-compatible display\u003e port 0x9000-0x90ff mem 0xee000000-0xeeffffff,0xed400000-0xed400fff irq 16 at device 4.0 on pci10\nisab0: \u003cPCI-ISA bridge\u003e at device 31.0 on pci0\nisa0: \u003cISA bus\u003e on isab0\natapci0: \u003cIntel ICH7 UDMA100 controller\u003e port 0x1f0-0x1f7,0x3f6,0x170-0x177,0x376,0x64d0-0x64df at device 31.1 on pci0\natapci0: Reserved 0x10 bytes for rid 0x20 type 4 at 0x64d0\nata0: \u003cATA channel 0\u003e on atapci0\natapci0: Reserved 0x8 bytes for rid 0x10 type 4 at 0x1f0\natapci0: Reserved 0x1 bytes for rid 0x14 type 4 at 0x3f6\nata0: reset tp1 mask=03 ostat0=50 ostat1=00\nata0: stat0=0x00 err=0x01 lsb=0x14 msb=0xeb\nata0: stat1=0x00 err=0x04 lsb=0x00 msb=0x00\nata0: reset tp2 stat0=00 stat1=00 devices=0x10000\nioapic0: routing intpin 14 (ISA IRQ 14) to lapic 0 vector 55\nata0: [MPSAFE]\nata0: [ITHREAD]\natapci1: \u003cIntel ICH7 SATA300 controller\u003e port 0x6898-0x689f,0x687c-0x687f,0x6890-0x6897,0x6878-0x687b,0x6880-0x688f mem 0xed000400-0xed0007ff irq 19 at device 31.2 on pci0\natapci1: Reserved 0x10 bytes for rid 0x20 type 4 at 0x6880\natapci1: [MPSAFE]\natapci1: [ITHREAD]\natapci1: Reserved 0x400 bytes for rid 0x24 type 3 at 0xed000400\natapci1: AHCI called from vendor specific driver\natapci1: AHCI Version 01.10 controller with 4 ports PM not supported\nata2: \u003cATA channel 0\u003e on atapci1\nata2: AHCI reset...\nata2: hardware reset ...\nata2: SATA connect time=10ms status=00000113\nata2: ready wait time=223ms\nata2: software reset port 0...\nata2: ready wait time=0ms\nata2: SIGNATURE: 00000101\nata2: AHCI reset done: devices=00000001\nata2: [MPSAFE]\nata2: [ITHREAD]\nata3: \u003cATA channel 2\u003e on atapci1\nata3: AHCI reset...\nata3: hardware reset ...\nata3: SATA connect time=0ms status=00000123\nata3: ready wait time=25ms\nata3: software reset port 0...\nata3: ready wait time=0ms\nata3: SIGNATURE: 00000101\nata3: AHCI reset done: devices=00000001\nata3: [MPSAFE]\nata3: [ITHREAD]\npci0: \u003cserial bus, SMBus\u003e at device 31.3 (no driver attached)\nacpi_button0: \u003cPower Button\u003e on acpi0\natrtc0: \u003cAT realtime clock\u003e port 0x70-0x71 irq 8 on acpi0\natrtc0: registered as a time-of-day clock (resolution 1000000us)\natkbdc0: \u003cKeyboard controller (i8042)\u003e port 0x60,0x64 irq 1 on acpi0\natkbd0: \u003cAT Keyboard\u003e irq 1 on atkbdc0\natkbd: the current kbd controller command byte 0047\natkbd: keyboard ID 0x41ab (2)\nkbd0 at atkbd0\nkbd0: atkbd0, AT 101/102 (2), config:0x0, flags:0x3d0000\nioapic0: routing intpin 1 (ISA IRQ 1) to lapic 0 vector 56\natkbd0: [GIANT-LOCKED]\natkbd0: [ITHREAD]\npsm0: unable to allocate IRQ\npsmcpnp0: \u003cPS/2 mouse port\u003e irq 12 on acpi0\npsm0: current command byte:0047\npsm0: \u003cPS/2 Mouse\u003e irq 12 on atkbdc0\nioapic0: routing intpin 12 (ISA IRQ 12) to lapic 0 vector 57\npsm0: [GIANT-LOCKED]\npsm0: [ITHREAD]\npsm0: model IntelliMouse, device ID 3-00, 3 buttons\npsm0: config:00000000, flags:00000008, packet size:4\npsm0: syncmask:08, syncbits:00\nuart0: \u003c16550 or compatible\u003e port 0x3f8-0x3ff irq 4 flags 0x10 on acpi0\nioapic0: routing intpin 4 (ISA IRQ 4) to lapic 0 vector 58\nuart0: [FILTER]\nuart0: fast interrupt\nuart1: \u003c16550 or compatible\u003e port 0x2f8-0x2ff irq 3 on acpi0\nioapic0: routing intpin 3 (ISA IRQ 3) to lapic 0 vector 59\nuart1: [FILTER]\nuart1: fast interrupt\nfdc0: \u003cfloppy drive controller\u003e port 0x3f0-0x3f5,0x3f7 irq 6 drq 2 on acpi0\nfdc0: ic_type 90 part_id 80\nioapic0: routing intpin 6 (ISA IRQ 6) to lapic 0 vector 60\nfdc0: [FILTER]\nfd0: \u003c1440-KB 3.5\" drive\u003e on fdc0 drive 0\ncpu0: \u003cACPI CPU\u003e on acpi0\ncpu0: switching to generic Cx mode\np4tcc0: \u003cCPU Frequency Thermal Control\u003e on cpu0\ncpu1: \u003cACPI CPU\u003e on acpi0\np4tcc1: \u003cCPU Frequency Thermal Control\u003e on cpu1\npnp_identify: Trying Read_Port at 203\npnp_identify: Trying Read_Port at 243\npnp_identify: Trying Read_Port at 283\npnp_identify: Trying Read_Port at 2c3\npnp_identify: Trying Read_Port at 303\npnp_identify: Trying Read_Port at 343\npnp_identify: Trying Read_Port at 383\npnp_identify: Trying Read_Port at 3c3\nPNP Identify complete\nisa_probe_children: disabling PnP devices\npmtimer0 on isa0\nata: ata0 already exists; skipping it\natkbdc: atkbdc0 already exists; skipping it\natrtc: atrtc0 already exists; skipping it\nfdc: fdc0 already exists; skipping it\nsc: sc0 already exists; skipping it\nuart: uart0 already exists; skipping it\nuart: uart1 already exists; skipping it\nisa_probe_children: probing non-PnP devices\norm0: \u003cISA Option ROMs\u003e at iomem 0xc0000-0xc7fff,0xc8000-0xc8fff,0xc9000-0xc9fff pnpid ORM0000 on isa0\nsc0: \u003cSystem console\u003e at flags 0x100 on isa0\nsc0: VGA \u003c16 virtual consoles, flags=0x300\u003e\nsc0: fb0, kbd1, terminal emulator: scteken (teken terminal)\nvga0: \u003cGeneric ISA VGA\u003e at port 0x3c0-0x3df iomem 0xa0000-0xbffff on isa0\nata1 failed to probe at port 0x170 irq 15 on isa0\nppc0 failed to probe at irq 7 on isa0\nisa_probe_children: probing PnP devices\nDevice configuration finished.\nprocfs registered\nWARNING: ZFS is considered to be an experimental feature in FreeBSD.\nlapic: Divisor 2, Frequency 99750527 hz\nTimecounter \"TSC\" frequency 2793014546 Hz quality -100\nTimecounters tick every 1.000 msec\nlo0: bpf attached\nata0: Identifying devices: 00010000\nata0: New devices: 00010000\nusbus0: 12Mbps Full Speed USB v1.0\nusbus1: 12Mbps Full Speed USB v1.0\nusbus2: 12Mbps Full Speed USB v1.0\nusbus3: 12Mbps Full Speed USB v1.0\nusbus4: 480Mbps High Speed USB v2.0\nZFS filesystem version 13\nZFS storage pool version 13\nata0-master: pio=PIO4 wdma=WDMA2 udma=UDMA33 cable=40 wire\nacd0: setting PIO4 on ICH7 chip\nacd0: setting UDMA33 on ICH7 chip\nacd0: \u003cNEC DVD RW ND-4570A/1.02\u003e DVDR drive at ata0 as master\nacd0: read 8268KB/s (8268KB/s) write 8268KB/s (8268KB/s), 2048KB buffer, UDMA33\nacd0: Reads: CDR, CDRW, CDDA stream, DVDROM, DVDR, DVDRAM, packet\nacd0: Writes: CDR, CDRW, DVDR, DVDRAM, test write, burnproof\nacd0: Audio: play, 256 volume levels\nacd0: Mechanism: ejectable tray, unlocked\nacd0: Medium: no/blank disc\nata2: Identifying devices: 00000001\nata2: New devices: 00000001\nugen0.1: \u003cIntel\u003e at usbus0\nuhub0: \u003cIntel UHCI root HUB, class 9/0, rev 1.00/1.00, addr 1\u003e on usbus0\nugen1.1: \u003cIntel\u003e at usbus1\nuhub1: \u003cIntel UHCI root HUB, class 9/0, rev 1.00/1.00, addr 1\u003e on usbus1\nugen2.1: \u003cIntel\u003e at usbus2\nuhub2: \u003cIntel UHCI root HUB, class 9/0, rev 1.00/1.00, addr 1\u003e on usbus2\nugen3.1: \u003cIntel\u003e at usbus3\nuhub3: \u003cIntel UHCI root HUB, class 9/0, rev 1.00/1.00, addr 1\u003e on usbus3\nugen4.1: \u003cIntel\u003e at usbus4\nuhub4: \u003cIntel EHCI root HUB, class 9/0, rev 2.00/1.00, addr 1\u003e on usbus4\nata2-master: pio=PIO4 wdma=WDMA2 udma=UDMA133 cable=40 wire\nad4: 76319MB \u003cSeagate ST380013AS 3.18\u003e at ata2-master SATA150\nad4: 156301488 sectors [155061C/16H/63S] 16 sectors/interrupt 1 depth queue\nata3: Identifying devices: 00000001\nata3: New devices: 00000001\nata3-master: pio=PIO4 wdma=WDMA2 udma=UDMA133 cable=40 wire\nad6: 238475MB \u003cSeagate ST3250620NS 3.AEE\u003e at ata3-master SATA300\nad6: 488397168 sectors [484521C/16H/63S] 16 sectors/interrupt 1 depth queue\nSMP: AP CPU #1 Launched!\ncpu1 AP:\n     ID: 0x01000000   VER: 0x00050014 LDR: 0x00000000 DFR: 0xffffffff\n  lint0: 0x00010700 lint1: 0x00000400 TPR: 0x00000000 SVR: 0x000001ff\n  timer: 0x000200ef therm: 0x00010000 err: 0x00010000 pcm: 0x00000400\nioapic0: routing intpin 3 (ISA IRQ 3) to lapic 1 vector 48\nioapic0: routing intpin 6 (ISA IRQ 6) to lapic 1 vector 49\nioapic0: routing intpin 12 (ISA IRQ 12) to lapic 1 vector 50\nioapic0: routing intpin 16 (PCI IRQ 16) to lapic 1 vector 51\nioapic0: routing intpin 19 (PCI IRQ 19) to lapic 1 vector 52\nmsi: Assigning MSI IRQ 256 to local APIC 1 vector 53\nuhub0: 2 ports with 2 removable, self powered\nuhub1: 2 ports with 2 removable, self powered\nuhub2: 2 ports with 2 removable, self powered\nuhub3: 2 ports with 2 removable, self powered\nGEOM: new disk ad4\nGEOM: new disk ad6\nGEOM_LABEL: Label for provider ad6 is label/disk1.\nGEOM_LABEL: Label for provider ad4p3 is label/sys1.\nGEOM_LABEL: Label for provider ad6s1 is label/disk0s1.\nGEOM: ad6s1: geometry does not match label (255h,63s != 16h,63s).\nGEOM: ad6s1: media size does not match label.\nGEOM: label/disk1s1: geometry does not match label (255h,63s != 16h,63s).\nGEOM: label/disk1s1: media size does not match label.\nGEOM: label/disk0s1: geometry does not match label (255h,63s != 16h,63s).\nGEOM: label/disk0s1: media size does not match label.\nGEOM_LABEL: Label label/disk1 removed.\nRoot mount waiting for: GMIRROR GMIRROR usbus4\nRoot mount waiting for: GMIRROR GMIRROR usbus4\nRoot mount waiting for: GMIRROR GMIRROR usbus4\nuhub4: 8 ports with 8 removable, self powered\nRoot mount waiting for: GMIRROR GMIRROR\nGEOM_MIRROR: Force device swap start due to timeout.\nGEOM_MIRROR: Device mirror/swap launched (1/2).\nGEOM_MIRROR: Force device gm0s1 start due to timeout.\nGEOM_MIRROR: Device mirror/gm0s1 launched (1/2).\nGEOM_LABEL: Label for provider mirror/gm0s1a is ufsid/460a6f6118d6913e.\nGEOM_LABEL: Label for provider mirror/gm0s1d is ufsid/460a6f6bb73b28cd.\nGEOM_LABEL: Label for provider mirror/gm0s1e is ufsid/460a6f6e30ef73f6.\nGEOM_LABEL: Label for provider mirror/gm0s1f is ufsid/460a6f716eb7cad3.\nTrying to mount root from zfs:sys\nct_to_ts([2009-05-27 12:44:52]) = 1243428292.000000000\nstart_init: trying /sbin/init\nWARNING: TMPFS is considered to be a highly experimental feature in FreeBSD.\nem1: Link is up 1000 Mbps Full Duplex\nem1: link state changed to UP\nsplash: image decoder found: blank_saver\n===========================================================================\n\n==atacontrol list for above dmesg of FreeBSD-8=============================\nATA channel 0:\n    Master: acd0 \u003cNEC DVD RW ND-4570A/1.02\u003e ATA/ATAPI revision 0\n    Slave:       no device present\nATA channel 2:\n    Master:  ad4 \u003cST380013AS/3.18\u003e SATA revision 1.x\n    Slave:       no device present\nATA channel 3:\n    Master:  ad6 \u003cST3250620NS/3.AEE\u003e SATA revision 2.x\n    Slave:       no device present\n\n===========================================================================\n\nPay attention, ther isn't any ata1 ata4 ata5 ata-channels! ad6 really should be ad8!\n\n\n==freebsd-6 dmesg while one HDD connected to sata1 port and one - to sata3 port==\nCopyright (c) 1992-2007 The FreeBSD Project.\nCopyright (c) 1979, 1980, 1983, 1986, 1988, 1989, 1991, 1992, 1993, 1994\n        The Regents of the University of California. All rights reserved.\nFreeBSD is a registered trademark of The FreeBSD Foundation.\nFreeBSD 6.2-STABLE #0: Tue Apr 10 12:14:20 EEST 2007\n    shurik@marvin.zk.informjust.ua:/usr/obj/usr/src/sys/TS_MARVIN_KERNEL\nPreloaded elf kernel \"/boot/kernel/kernel\" at 0xc07e0000.\nPreloaded elf module \"/boot/kernel/geom_label.ko\" at 0xc07e01b0.\nPreloaded elf module \"/boot/kernel/geom_mirror.ko\" at 0xc07e0260.\nPreloaded elf module \"/boot/kernel/acpi.ko\" at 0xc07e0310.\nCalibrating clock(s) ... i8254 clock: 1192982 Hz\nCLK_USE_I8254_CALIBRATION not specified - using default frequency\nTimecounter \"i8254\" frequency 1193182 Hz quality 0\nCalibrating TSC clock ... TSC clock: 2793016800 Hz\nCPU: Intel(R) Pentium(R) D CPU 2.80GHz (2793.02-MHz 686-class CPU)\n  Origin = \"GenuineIntel\"  Id = 0xf47  Stepping = 7\n  Features=0xbfebfbff\u003cFPU,VME,DE,PSE,TSC,MSR,PAE,MCE,CX8,APIC,SEP,MTRR,PGE,MCA,CMOV,PAT,PSE36,CLFLUSH,DTS,ACPI,MMX,FXSR,SSE,SSE2,SS,HTT,TM,PBE\u003e\n  Features2=0x641d\u003cSSE3,RSVD2,MON,DS_CPL,CNTX-ID,CX16,\u003cb14\u003e\u003e\n  AMD Features=0x20100000\u003cNX,LM\u003e\n  AMD Features2=0x1\u003cLAHF\u003e\n  Cores per package: 2\nreal memory  = 1072562176 (1022 MB)\nPhysical memory chunk(s):\n0x0000000000001000 - 0x000000000009cfff, 638976 bytes (156 pages)\n0x0000000000100000 - 0x00000000003fffff, 3145728 bytes (768 pages)\n0x0000000000828000 - 0x000000003ec9cfff, 1044860928 bytes (255093 pages)\navail memory = 1044623360 (996 MB)\nMP Configuration Table version 1.4 found at 0xc009e571\nTable 'FACP' at 0x3fee8ea8\nTable 'MCFG' at 0x3fee8f1c\nTable 'APIC' at 0x3fee8f58\nMADT: Found table at 0x3fee8f58\nAPIC: Using the MADT enumerator.\nMADT: Found CPU APIC ID 0 ACPI ID 0: enabled\nSMP: Added CPU 0 (AP)\nMADT: Found CPU APIC ID 1 ACPI ID 1: enabled\nSMP: Added CPU 1 (AP)\nINTR: Adding local APIC 0 as a target\nACPI APIC Table: \u003cPTLTD          APIC  \u003e\nINTR: Adding local APIC 1 as a target\nFreeBSD/SMP: Multiprocessor System Detected: 2 CPUs\n cpu0 (BSP): APIC ID:  0\n cpu1 (AP): APIC ID:  1\nbios32: Found BIOS32 Service Directory header at 0xc00f5ea0\nbios32: Entry = 0xfd440 (c00fd440)  Rev = 0  Len = 1\npcibios: PCI BIOS entry at 0xfd440+0x407\npnpbios: Found PnP BIOS data at 0xc00f5f20\npnpbios: Entry = f0000:b186  Rev = 1.0\nOther BIOS signatures found:\nAPIC: CPU 0 has ACPI ID 0\nAPIC: CPU 1 has ACPI ID 1\nMADT: Found IO APIC ID 2, Interrupt 0 at 0xfec00000\nioapic0: Routing external 8259A's -\u003e intpin 0\nMADT: Found IO APIC ID 3, Interrupt 24 at 0xfec80000\nMADT: Found IO APIC ID 4, Interrupt 48 at 0xfec80400\nMADT: Interrupt override: source 0, irq 2\nioapic0: Routing IRQ 0 -\u003e intpin 2\nMADT: Interrupt override: source 9, irq 9\nioapic0: intpin 9 trigger: level\nlapic0: Routing NMI -\u003e LINT1\nlapic0: LINT1 trigger: edge\nlapic0: LINT1 polarity: high\nlapic1: Routing NMI -\u003e LINT1\nlapic1: LINT1 trigger: edge\nlapic1: LINT1 polarity: high\nioapic0 \u003cVersion 2.0\u003e irqs 0-23 on motherboard\nioapic1 \u003cVersion 2.0\u003e irqs 24-47 on motherboard\nioapic2 \u003cVersion 2.0\u003e irqs 48-71 on motherboard\ncpu0 BSP:\n     ID: 0x00000000   VER: 0x00050014 LDR: 0x00000000 DFR: 0xffffffff\n  lint0: 0x00010700 lint1: 0x00000400 TPR: 0x00000000 SVR: 0x000001ff\n  timer: 0x000100ef therm: 0x00000200 err: 0x00010000 pcm: 0x00010000\nio: \u003cI/O\u003e\nkbd: new array size 4\nkbd1 at kbdmux0\nrandom: \u003centropy source, Software, Yarrow\u003e\nmem: \u003cmemory\u003e\nPentium Pro MTRR support enabled\nnull: \u003cnull device, zero device\u003e\nnpx0: INT 16 interface\nacpi0: \u003cPTLTD   RSDT\u003e on motherboard\nioapic0: routing intpin 9 (ISA IRQ 9) to vector 48\nacpi0: [MPSAFE]\npci_open(1):    mode 1 addr port (0x0cf8) is 0x8000fa20\npci_open(1a):   mode1res=0x80000000 (0x80000000)\npci_cfgcheck:   device 0 [class=060000] [hdr=00] is there (id=27788086)\npcibios: BIOS version 2.10\nAcpiOsDerivePciId: bus 0 dev 31 func 0\nAcpiOsDerivePciId: bus 0 dev 31 func 0\nacpi0: Power Button (fixed)\nacpi0: wakeup code va 0xd8695000 pa 0x9c000\nAcpiOsDerivePciId: bus 0 dev 0 func 0\nAcpiOsDerivePciId: bus 0 dev 31 func 0\nACPI timer: 1/0 1/0 1/0 1/0 1/0 1/0 1/0 1/0 1/0 1/0 -\u003e 10\nTimecounter \"ACPI-fast\" frequency 3579545 Hz quality 1000\nacpi_timer0: \u003c24-bit timer at 3.579545MHz\u003e port 0x1008-0x100b on acpi0\npci_link0:        Index  IRQ  Rtd  Ref  IRQs\n  Initial Probe       0   10   N     0  3 10 11 14 15\n  Validation          0   10   N     0  3 10 11 14 15\n  After Disable       0  255   N     0  3 10 11 14 15\npci_link1:        Index  IRQ  Rtd  Ref  IRQs\n  Initial Probe       0   11   N     0  3 10 11 14 15\n  Validation          0   11   N     0  3 10 11 14 15\n  After Disable       0  255   N     0  3 10 11 14 15\npci_link2:        Index  IRQ  Rtd  Ref  IRQs\n  Initial Probe       0   11   N     0  3 10 11 14 15\n  Validation          0   11   N     0  3 10 11 14 15\n  After Disable       0  255   N     0  3 10 11 14 15\npci_link3:        Index  IRQ  Rtd  Ref  IRQs\n  Initial Probe       0   10   N     0  3 10 11 14 15\n  Validation          0   10   N     0  3 10 11 14 15\n  After Disable       0  255   N     0  3 10 11 14 15\npci_link4:        Index  IRQ  Rtd  Ref  IRQs\n  Initial Probe       0  255   N     0  3 10 11 14 15\n  Validation          0  255   N     0  3 10 11 14 15\n  After Disable       0  255   N     0  3 10 11 14 15\npci_link5:        Index  IRQ  Rtd  Ref  IRQs\n  Initial Probe       0  255   N     0  3 10 11 14 15\n  Validation          0  255   N     0  3 10 11 14 15\n  After Disable       0  255   N     0  3 10 11 14 15\npci_link6:        Index  IRQ  Rtd  Ref  IRQs\n  Initial Probe       0  255   N     0  3 10 11 14 15\n  Validation          0  255   N     0  3 10 11 14 15\n  After Disable       0  255   N     0  3 10 11 14 15\npci_link7:        Index  IRQ  Rtd  Ref  IRQs\n  Initial Probe       0    5   N     0  3 10 11 14 15\n  Validation          0  255   N     0  3 10 11 14 15\n  After Disable       0  255   N     0  3 10 11 14 15\ncpu0: \u003cACPI CPU\u003e on acpi0\ncpu0: switching to generic Cx mode\nacpi_throttle0: \u003cACPI CPU Throttling\u003e on cpu0\nacpi_throttle0: P_CNT from P_BLK 0x1010\ncpu1: \u003cACPI CPU\u003e on acpi0\nacpi_throttle1: \u003cACPI CPU Throttling\u003e on cpu1\nacpi_throttle1: failed to attach P_CNT\ndevice_attach: acpi_throttle1 attach returned 6\npcib0: \u003cACPI Host-PCI bridge\u003e port 0xcf8-0xcff on acpi0\npci0: \u003cACPI PCI bus\u003e on pcib0\npci0: physical bus=0\nfound-\u003e vendor=0x8086, dev=0x2778, revid=0x81\n        bus=0, slot=0, func=0\n        class=06-00-00, hdrtype=0x00, mfdev=0\n        cmdreg=0x0106, statreg=0x2090, cachelnsz=0 (dwords)\n        lattimer=0x00 (0 ns), mingnt=0x00 (0 ns), maxlat=0x00 (0 ns)\nfound-\u003e vendor=0x8086, dev=0x2779, revid=0x81\n        bus=0, slot=1, func=0\n        class=06-04-00, hdrtype=0x01, mfdev=0\n        cmdreg=0x0107, statreg=0x0010, cachelnsz=8 (dwords)\n        lattimer=0x00 (0 ns), mingnt=0x04 (1000 ns), maxlat=0x00 (0 ns)\n        intpin=a, irq=10\n        powerspec 2  supports D0 D3  current D0\n        MSI supports 1 message\npcib0: matched entry for 0.1.INTA\npcib0: slot 1 INTA hardwired to IRQ 16\nfound-\u003e vendor=0x8086, dev=0x27d0, revid=0x01\n        bus=0, slot=28, func=0\n        class=06-04-00, hdrtype=0x01, mfdev=1\n        cmdreg=0x0000, statreg=0x0010, cachelnsz=8 (dwords)\n        lattimer=0x00 (0 ns), mingnt=0x00 (0 ns), maxlat=0x00 (0 ns)\n        intpin=a, irq=11\n        powerspec 2  supports D0 D3  current D0\n        MSI supports 1 message\npcib0: matched entry for 0.28.INTA\npcib0: slot 28 INTA hardwired to IRQ 17\nfound-\u003e vendor=0x8086, dev=0x27e0, revid=0x01\n        bus=0, slot=28, func=4\n        class=06-04-00, hdrtype=0x01, mfdev=1\n        cmdreg=0x0007, statreg=0x0010, cachelnsz=8 (dwords)\n        lattimer=0x00 (0 ns), mingnt=0x04 (1000 ns), maxlat=0x00 (0 ns)\n        intpin=a, irq=11\n        powerspec 2  supports D0 D3  current D0\n        MSI supports 1 message\npcib0: matched entry for 0.28.INTA\npcib0: slot 28 INTA hardwired to IRQ 17\nfound-\u003e vendor=0x8086, dev=0x27e2, revid=0x01\n        bus=0, slot=28, func=5\n        class=06-04-00, hdrtype=0x01, mfdev=1\n        cmdreg=0x0007, statreg=0x0010, cachelnsz=8 (dwords)\n        lattimer=0x00 (0 ns), mingnt=0x04 (1000 ns), maxlat=0x00 (0 ns)\n        intpin=b, irq=10\n        powerspec 2  supports D0 D3  current D0\n        MSI supports 1 message\npcib0: matched entry for 0.28.INTB\npcib0: slot 28 INTB hardwired to IRQ 16\nfound-\u003e vendor=0x8086, dev=0x27c8, revid=0x01\n        bus=0, slot=29, func=0\n        class=0c-03-00, hdrtype=0x00, mfdev=1\n        cmdreg=0x0005, statreg=0x0280, cachelnsz=0 (dwords)\n        lattimer=0x00 (0 ns), mingnt=0x00 (0 ns), maxlat=0x00 (0 ns)\n        intpin=a, irq=5\n        map[20]: type 4, range 32, base 000064e0, size  5, enabled\npcib0: matched entry for 0.29.INTA\npcib0: slot 29 INTA hardwired to IRQ 23\nfound-\u003e vendor=0x8086, dev=0x27c9, revid=0x01\n        bus=0, slot=29, func=1\n        class=0c-03-00, hdrtype=0x00, mfdev=0\n        cmdreg=0x0005, statreg=0x0280, cachelnsz=0 (dwords)\n        lattimer=0x00 (0 ns), mingnt=0x00 (0 ns), maxlat=0x00 (0 ns)\n        intpin=b, irq=10\n        map[20]: type 4, range 32, base 00006800, size  5, enabled\npcib0: matched entry for 0.29.INTB\npcib0: slot 29 INTB hardwired to IRQ 19\nfound-\u003e vendor=0x8086, dev=0x27ca, revid=0x01\n        bus=0, slot=29, func=2\n        class=0c-03-00, hdrtype=0x00, mfdev=0\n        cmdreg=0x0005, statreg=0x0280, cachelnsz=0 (dwords)\n        lattimer=0x00 (0 ns), mingnt=0x00 (0 ns), maxlat=0x00 (0 ns)\n        intpin=c, irq=11\n        map[20]: type 4, range 32, base 00006820, size  5, enabled\npcib0: matched entry for 0.29.INTC\npcib0: slot 29 INTC hardwired to IRQ 18\nfound-\u003e vendor=0x8086, dev=0x27cb, revid=0x01\n        bus=0, slot=29, func=3\n        class=0c-03-00, hdrtype=0x00, mfdev=0\n        cmdreg=0x0005, statreg=0x0280, cachelnsz=0 (dwords)\n        lattimer=0x00 (0 ns), mingnt=0x00 (0 ns), maxlat=0x00 (0 ns)\n        intpin=d, irq=10\n        map[20]: type 4, range 32, base 00006840, size  5, enabled\npcib0: matched entry for 0.29.INTD\npcib0: slot 29 INTD hardwired to IRQ 16\nfound-\u003e vendor=0x8086, dev=0x27cc, revid=0x01\n        bus=0, slot=29, func=7\n        class=0c-03-20, hdrtype=0x00, mfdev=0\n        cmdreg=0x0106, statreg=0x0290, cachelnsz=0 (dwords)\n        lattimer=0x00 (0 ns), mingnt=0x00 (0 ns), maxlat=0x00 (0 ns)\n        intpin=a, irq=5\n        powerspec 2  supports D0 D3  current D0\n        map[10]: type 1, range 32, base ed000000, size 10, enabled\npcib0: matched entry for 0.29.INTA\npcib0: slot 29 INTA hardwired to IRQ 23\nfound-\u003e vendor=0x8086, dev=0x244e, revid=0xe1\n        bus=0, slot=30, func=0\n        class=06-04-01, hdrtype=0x01, mfdev=0\n        cmdreg=0x0107, statreg=0x0010, cachelnsz=0 (dwords)\n        lattimer=0x00 (0 ns), mingnt=0x0c (3000 ns), maxlat=0x00 (0 ns)\nfound-\u003e vendor=0x8086, dev=0x27b8, revid=0x01\n        bus=0, slot=31, func=0\n        class=06-01-00, hdrtype=0x00, mfdev=1\n        cmdreg=0x0007, statreg=0x0210, cachelnsz=0 (dwords)\n        lattimer=0x00 (0 ns), mingnt=0x00 (0 ns), maxlat=0x00 (0 ns)\nfound-\u003e vendor=0x8086, dev=0x27df, revid=0x01\n        bus=0, slot=31, func=1\n        class=01-01-8a, hdrtype=0x00, mfdev=0\n        cmdreg=0x0005, statreg=0x0280, cachelnsz=0 (dwords)\n        lattimer=0x00 (0 ns), mingnt=0x00 (0 ns), maxlat=0x00 (0 ns)\n        intpin=a, irq=255\n        map[20]: type 4, range 32, base 000064d0, size  4, enabled\nfound-\u003e vendor=0x8086, dev=0x27c1, revid=0x01\n        bus=0, slot=31, func=2\n        class=01-06-01, hdrtype=0x00, mfdev=0\n        cmdreg=0x0007, statreg=0x02b0, cachelnsz=0 (dwords)\n        lattimer=0x00 (0 ns), mingnt=0x00 (0 ns), maxlat=0x00 (0 ns)\n        intpin=b, irq=10\n        powerspec 2  supports D0 D3  current D0\n        MSI supports 1 message\n        map[10]: type 4, range 32, base 00006898, size  3, enabled\n        map[14]: type 4, range 32, base 0000687c, size  2, enabled\n        map[18]: type 4, range 32, base 00006890, size  3, enabled\n        map[1c]: type 4, range 32, base 00006878, size  2, enabled\n        map[20]: type 4, range 32, base 00006880, size  4, enabled\n        map[24]: type 1, range 32, base ed000400, size 10, enabled\npcib0: matched entry for 0.31.INTB\npcib0: slot 31 INTB hardwired to IRQ 19\nfound-\u003e vendor=0x8086, dev=0x27da, revid=0x01\n        bus=0, slot=31, func=3\n        class=0c-05-00, hdrtype=0x00, mfdev=0\n        cmdreg=0x0101, statreg=0x0280, cachelnsz=0 (dwords)\n        lattimer=0x00 (0 ns), mingnt=0x00 (0 ns), maxlat=0x00 (0 ns)\n        intpin=b, irq=10\n        map[20]: type 4, range 32, base 00001100, size  5, enabled\npcib0: matched entry for 0.31.INTB\npcib0: slot 31 INTB hardwired to IRQ 19\npcib1: \u003cACPI PCI-PCI bridge\u003e irq 16 at device 1.0 on pci0\npcib1:   secondary bus     1\npcib1:   subordinate bus   3\npcib1:   I/O decode        0xf000-0xfff\npcib1:   memory decode     0xed100000-0xed1fffff\npcib1:   prefetched decode 0xfff00000-0xfffff\npcib1: could not get PCI interrupt routing table for \\\\_SB_.PCI0.DEV1 - AE_NOT_FOUND\npci1: \u003cACPI PCI bus\u003e on pcib1\npci1: physical bus=1\nfound-\u003e vendor=0x8086, dev=0x0329, revid=0x09\n        bus=1, slot=0, func=0\n        class=06-04-00, hdrtype=0x01, mfdev=1\n        cmdreg=0x0107, statreg=0x0010, cachelnsz=16 (dwords)\n        lattimer=0x00 (0 ns), mingnt=0x04 (1000 ns), maxlat=0x00 (0 ns)\n        powerspec 2  supports D0 D3  current D0\n        MSI supports 1 message, 64 bit\nfound-\u003e vendor=0x8086, dev=0x0326, revid=0x09\n        bus=1, slot=0, func=1\n        class=08-00-20, hdrtype=0x00, mfdev=1\n        cmdreg=0x0106, statreg=0x0010, cachelnsz=0 (dwords)\n        lattimer=0x00 (0 ns), mingnt=0x00 (0 ns), maxlat=0x00 (0 ns)\n        powerspec 2  supports D0 D3  current D0\n        map[10]: type 1, range 32, base ed100000, size 12, enabled\npcib1: requested memory range 0xed100000-0xed100fff: good\nfound-\u003e vendor=0x8086, dev=0x032a, revid=0x09\n        bus=1, slot=0, func=2\n        class=06-04-00, hdrtype=0x01, mfdev=1\n        cmdreg=0x0107, statreg=0x0010, cachelnsz=16 (dwords)\n        lattimer=0x00 (0 ns), mingnt=0x04 (1000 ns), maxlat=0x00 (0 ns)\n        powerspec 2  supports D0 D3  current D0\n        MSI supports 1 message, 64 bit\nfound-\u003e vendor=0x8086, dev=0x0327, revid=0x09\n        bus=1, slot=0, func=3\n        class=08-00-20, hdrtype=0x00, mfdev=1\n        cmdreg=0x0106, statreg=0x0010, cachelnsz=0 (dwords)\n        lattimer=0x00 (0 ns), mingnt=0x00 (0 ns), maxlat=0x00 (0 ns)\n        powerspec 2  supports D0 D3  current D0\n        map[10]: type 1, range 32, base ed101000, size 12, enabled\npcib1: requested memory range 0xed101000-0xed101fff: good\npcib2: \u003cACPI PCI-PCI bridge\u003e at device 0.0 on pci1\npcib2:   secondary bus     2\npcib2:   subordinate bus   2\npcib2:   I/O decode        0xf000-0xfff\npcib2:   memory decode     0xfff00000-0xfffff\npcib2:   prefetched decode 0xfff00000-0xfffff\npci2: \u003cACPI PCI bus\u003e on pcib2\npci2: physical bus=2\npcib3: \u003cACPI PCI-PCI bridge\u003e at device 0.2 on pci1\npcib3:   secondary bus     3\npcib3:   subordinate bus   3\npcib3:   I/O decode        0xf000-0xfff\npcib3:   memory decode     0xfff00000-0xfffff\npcib3:   prefetched decode 0xfff00000-0xfffff\npci3: \u003cACPI PCI bus\u003e on pcib3\npci3: physical bus=3\npcib4: \u003cACPI PCI-PCI bridge\u003e irq 17 at device 28.0 on pci0\npcib4:   secondary bus     4\npcib4:   subordinate bus   4\npcib4:   I/O decode        0x0-0x0\npcib4:   memory decode     0x0-0x0\npcib4:   prefetched decode 0x0-0x0\npci4: \u003cACPI PCI bus\u003e on pcib4\npci4: physical bus=4\npcib5: \u003cACPI PCI-PCI bridge\u003e irq 17 at device 28.4 on pci0\npcib5:   secondary bus     5\npcib5:   subordinate bus   5\npcib5:   I/O decode        0x7000-0x7fff\npcib5:   memory decode     0xed200000-0xed2fffff\npcib5:   prefetched decode 0xfff00000-0xfffff\npci5: \u003cACPI PCI bus\u003e on pcib5\npci5: physical bus=5\nfound-\u003e vendor=0x8086, dev=0x108c, revid=0x03\n        bus=5, slot=0, func=0\n        class=02-00-00, hdrtype=0x00, mfdev=0\n        cmdreg=0x0107, statreg=0x0010, cachelnsz=8 (dwords)\n        lattimer=0x00 (0 ns), mingnt=0x00 (0 ns), maxlat=0x00 (0 ns)\n        intpin=a, irq=10\n        powerspec 2  supports D0 D3  current D0\n        MSI supports 1 message, 64 bit\n        map[10]: type 1, range 32, base ed200000, size 17, enabled\npcib5: requested memory range 0xed200000-0xed21ffff: good\n        map[18]: type 4, range 32, base 00007000, size  5, enabled\npcib5: requested I/O range 0x7000-0x701f: in range\npcib5: matched entry for 5.0.INTA\npcib5: slot 0 INTA hardwired to IRQ 16\nem0: \u003cIntel(R) PRO/1000 Network Connection Version - 6.2.9\u003e port 0x7000-0x701f mem 0xed200000-0xed21ffff irq 16 at device 0.0 on pci5\nem0: Reserved 0x20000 bytes for rid 0x10 type 3 at 0xed200000\nem0: Reserved 0x20 bytes for rid 0x18 type 4 at 0x7000\nem0: bpf attached\nem0: Ethernet address: 00:30:48:87:3f:4a\nioapic0: routing intpin 16 (PCI IRQ 16) to vector 49\nem0: [MPSAFE]\npcib6: \u003cACPI PCI-PCI bridge\u003e irq 16 at device 28.5 on pci0\npcib6:   secondary bus     6\npcib6:   subordinate bus   6\npcib6:   I/O decode        0x8000-0x8fff\npcib6:   memory decode     0xed300000-0xed3fffff\npcib6:   prefetched decode 0xfff00000-0xfffff\npci6: \u003cACPI PCI bus\u003e on pcib6\npci6: physical bus=6\nfound-\u003e vendor=0x8086, dev=0x109a, revid=0x00\n        bus=6, slot=0, func=0\n        class=02-00-00, hdrtype=0x00, mfdev=0\n        cmdreg=0x0107, statreg=0x0010, cachelnsz=8 (dwords)\n        lattimer=0x00 (0 ns), mingnt=0x00 (0 ns), maxlat=0x00 (0 ns)\n        intpin=a, irq=11\n        powerspec 2  supports D0 D3  current D0\n        MSI supports 1 message, 64 bit\n        map[10]: type 1, range 32, base ed300000, size 17, enabled\npcib6: requested memory range 0xed300000-0xed31ffff: good\n        map[18]: type 4, range 32, base 00008000, size  5, enabled\npcib6: requested I/O range 0x8000-0x801f: in range\npcib6: matched entry for 6.0.INTA\npcib6: slot 0 INTA hardwired to IRQ 17\nem1: \u003cIntel(R) PRO/1000 Network Connection Version - 6.2.9\u003e port 0x8000-0x801f mem 0xed300000-0xed31ffff irq 17 at device 0.0 on pci6\nem1: Reserved 0x20000 bytes for rid 0x10 type 3 at 0xed300000\nem1: Reserved 0x20 bytes for rid 0x18 type 4 at 0x8000\nem1: bpf attached\nem1: Ethernet address: 00:30:48:87:3f:4b\nioapic0: routing intpin 17 (PCI IRQ 17) to vector 50\nem1: [MPSAFE]\nuhci0: \u003cUHCI (generic) USB controller\u003e port 0x64e0-0x64ff irq 23 at device 29.0 on pci0\nuhci0: Reserved 0x20 bytes for rid 0x20 type 4 at 0x64e0\nioapic0: routing intpin 23 (PCI IRQ 23) to vector 51\nuhci0: [GIANT-LOCKED]\nusb0: \u003cUHCI (generic) USB controller\u003e on uhci0\nusb0: USB revision 1.0\nuhub0: Intel UHCI root hub, class 9/0, rev 1.00/1.00, addr 1\nuhub0: 2 ports with 2 removable, self powered\nuhci1: \u003cUHCI (generic) USB controller\u003e port 0x6800-0x681f irq 19 at device 29.1 on pci0\nuhci1: Reserved 0x20 bytes for rid 0x20 type 4 at 0x6800\nioapic0: routing intpin 19 (PCI IRQ 19) to vector 52\nuhci1: [GIANT-LOCKED]\nusb1: \u003cUHCI (generic) USB controller\u003e on uhci1\nusb1: USB revision 1.0\nuhub1: Intel UHCI root hub, class 9/0, rev 1.00/1.00, addr 1\nuhub1: 2 ports with 2 removable, self powered\nuhci2: \u003cUHCI (generic) USB controller\u003e port 0x6820-0x683f irq 18 at device 29.2 on pci0\nuhci2: Reserved 0x20 bytes for rid 0x20 type 4 at 0x6820\nioapic0: routing intpin 18 (PCI IRQ 18) to vector 53\nuhci2: [GIANT-LOCKED]\nusb2: \u003cUHCI (generic) USB controller\u003e on uhci2\nusb2: USB revision 1.0\nuhub2: Intel UHCI root hub, class 9/0, rev 1.00/1.00, addr 1\nuhub2: 2 ports with 2 removable, self powered\nuhci3: \u003cUHCI (generic) USB controller\u003e port 0x6840-0x685f irq 16 at device 29.3 on pci0\nuhci3: Reserved 0x20 bytes for rid 0x20 type 4 at 0x6840\nuhci3: [GIANT-LOCKED]\nusb3: \u003cUHCI (generic) USB controller\u003e on uhci3\nusb3: USB revision 1.0\nuhub3: Intel UHCI root hub, class 9/0, rev 1.00/1.00, addr 1\nuhub3: 2 ports with 2 removable, self powered\nehci0: \u003cIntel 82801GB/R (ICH7) USB 2.0 controller\u003e mem 0xed000000-0xed0003ff irq 23 at device 29.7 on pci0\nehci0: Reserved 0x400 bytes for rid 0x10 type 3 at 0xed000000\nehci0: [GIANT-LOCKED]\nusb4: EHCI version 1.0\nusb4: companion controllers, 2 ports each: usb0 usb1 usb2 usb3\nusb4: \u003cIntel 82801GB/R (ICH7) USB 2.0 controller\u003e on ehci0\nusb4: USB revision 2.0\nuhub4: Intel EHCI root hub, class 9/0, rev 2.00/1.00, addr 1\nuhub4: 8 ports with 8 removable, self powered\npcib7: \u003cACPI PCI-PCI bridge\u003e at device 30.0 on pci0\npcib7:   secondary bus     10\npcib7:   subordinate bus   10\npcib7:   I/O decode        0x9000-0x9fff\npcib7:   memory decode     0xed400000-0xeeffffff\npcib7:   prefetched decode 0xfff00000-0xfffff\npcib7:   Subtractively decoded bridge.\npci10: \u003cACPI PCI bus\u003e on pcib7\npci10: physical bus=10\nfound-\u003e vendor=0x1002, dev=0x4752, revid=0x27\n        bus=10, slot=4, func=0\n        class=03-00-00, hdrtype=0x00, mfdev=0\n        cmdreg=0x0087, statreg=0x0290, cachelnsz=8 (dwords)\n        lattimer=0x42 (1980 ns), mingnt=0x08 (2000 ns), maxlat=0x00 (0 ns)\n        intpin=a, irq=10\n        powerspec 2  supports D0 D1 D2 D3  current D0\n        map[10]: type 1, range 32, base ee000000, size 24, enabled\npcib7: requested memory range 0xee000000-0xeeffffff: good\n        map[14]: type 4, range 32, base 00009000, size  8, enabled\npcib7: requested I/O range 0x9000-0x90ff: in range\n        map[18]: type 1, range 32, base ed400000, size 12, enabled\npcib7: requested memory range 0xed400000-0xed400fff: good\npcib7: matched entry for 10.4.INTA\npcib7: slot 4 INTA hardwired to IRQ 16\npci10: \u003cdisplay, VGA\u003e at device 4.0 (no driver attached)\nisab0: \u003cPCI-ISA bridge\u003e at device 31.0 on pci0\nisa0: \u003cISA bus\u003e on isab0\natapci0: \u003cIntel ICH7 UDMA100 controller\u003e port 0x1f0-0x1f7,0x3f6,0x170-0x177,0x376,0x64d0-0x64df at device 31.1 on pci0\natapci0: Reserved 0x10 bytes for rid 0x20 type 4 at 0x64d0\nata0: \u003cATA channel 0\u003e on atapci0\natapci0: Reserved 0x8 bytes for rid 0x10 type 4 at 0x1f0\natapci0: Reserved 0x1 bytes for rid 0x14 type 4 at 0x3f6\nata0: reset tp1 mask=03 ostat0=50 ostat1=00\nata0: stat0=0x00 err=0x01 lsb=0x14 msb=0xeb\nata0: stat1=0x00 err=0x04 lsb=0x00 msb=0x00\nata0: reset tp2 stat0=00 stat1=00 devices=0x4\u003cATAPI_MASTER\u003e\nioapic0: routing intpin 14 (ISA IRQ 14) to vector 54\nata0: [MPSAFE]\nata1: \u003cATA channel 1\u003e on atapci0\natapci0: Reserved 0x8 bytes for rid 0x18 type 4 at 0x170\natapci0: Reserved 0x1 bytes for rid 0x1c type 4 at 0x376\nata1: reset tp1 mask=00 ostat0=ff ostat1=ff\nioapic0: routing intpin 15 (ISA IRQ 15) to vector 55\nata1: [MPSAFE]\natapci1: \u003cIntel ICH7 SATA300 controller\u003e port 0x6898-0x689f,0x687c-0x687f,0x6890-0x6897,0x6878-0x687b,0x6880-0x688f mem 0xed000400-0xed0007ff irq 19 at device 31.2 on pci0\natapci1: Reserved 0x10 bytes for rid 0x20 type 4 at 0x6880\natapci1: [MPSAFE]\natapci1: Reserved 0x400 bytes for rid 0x24 type 3 at 0xed000400\natapci1: AHCI Version 01.10 controller with 4 ports detected\nata2: \u003cATA channel 0\u003e on atapci1\nata2: SATA connect ready time=0ms\nata2: sata_connect devices=0x1\u003cATA_MASTER\u003e\nata2: [MPSAFE]\nata3: \u003cATA channel 1\u003e on atapci1\nata3: SATA connect status=00000000\nata3: [MPSAFE]\nata4: \u003cATA channel 2\u003e on atapci1\nata4: SATA connect ready time=0ms\nata4: sata_connect devices=0x1\u003cATA_MASTER\u003e\nata4: [MPSAFE]\nata5: \u003cATA channel 3\u003e on atapci1\nata5: SATA connect status=00000000\nata5: [MPSAFE]\npci0: \u003cserial bus, SMBus\u003e at device 31.3 (no driver attached)\nacpi_button0: \u003cPower Button\u003e on acpi0\natkbdc0: \u003cKeyboard controller (i8042)\u003e port 0x60,0x64 irq 1 on acpi0\natkbd0: \u003cAT Keyboard\u003e irq 1 on atkbdc0\natkbd: the current kbd controller command byte 0047\natkbd: keyboard ID 0x41ab (2)\nkbd0 at atkbd0\nkbd0: atkbd0, AT 101/102 (2), config:0x0, flags:0x3d0000\nioapic0: routing intpin 1 (ISA IRQ 1) to vector 56\natkbd0: [GIANT-LOCKED]\npsm0: unable to allocate IRQ\npsmcpnp0: \u003cPS/2 mouse port\u003e irq 12 on acpi0\npsm0: current command byte:0047\npsm0: \u003cPS/2 Mouse\u003e irq 12 on atkbdc0\nioapic0: routing intpin 12 (ISA IRQ 12) to vector 57\npsm0: [GIANT-LOCKED]\npsm0: model IntelliMouse, device ID 3-00, 3 buttons\npsm0: config:00000000, flags:00000008, packet size:4\npsm0: syncmask:08, syncbits:00\nsio0: irq maps: 0x4c21 0x4c31 0x4c21 0x4c21\nsio0: \u003c16550A-compatible COM port\u003e port 0x3f8-0x3ff irq 4 flags 0x10 on acpi0\nsio0: type 16550A\nioapic0: routing intpin 4 (ISA IRQ 4) to vector 58\nsio1: irq maps: 0x4c21 0x4c29 0x4c21 0x4c21\nsio1: \u003c16550A-compatible COM port\u003e port 0x2f8-0x2ff irq 3 on acpi0\nsio1: type 16550A\nioapic0: routing intpin 3 (ISA IRQ 3) to vector 59\nfdc0: \u003cfloppy drive controller\u003e port 0x3f0-0x3f5,0x3f7 irq 6 drq 2 on acpi0\nfdc0: ic_type 90 part_id 80\nioapic0: routing intpin 6 (ISA IRQ 6) to vector 60\nfdc0: [MPSAFE]\nfdc0: [FAST]\nfd0: \u003c1440-KB 3.5\" drive\u003e on fdc0 drive 0\nata: ata0 already exists; skipping it\nata: ata1 already exists; skipping it\natkbdc: atkbdc0 already exists; skipping it\nfdc: fdc0 already exists; skipping it\nsc: sc0 already exists; skipping it\nsio: sio0 already exists; skipping it\nsio: sio1 already exists; skipping it\nvga: vga0 already exists; skipping it\npnp_identify: Trying Read_Port at 203\npnp_identify: Trying Read_Port at 243\npnp_identify: Trying Read_Port at 283\npnp_identify: Trying Read_Port at 2c3\npnp_identify: Trying Read_Port at 303\npnp_identify: Trying Read_Port at 343\npnp_identify: Trying Read_Port at 383\npnp_identify: Trying Read_Port at 3c3\nPNP Identify complete\nisa_probe_children: disabling PnP devices\nisa_probe_children: probing non-PnP devices\npmtimer0 on isa0\norm0: \u003cISA Option ROMs\u003e at iomem 0xc0000-0xc7fff,0xc8000-0xc8fff,0xc9000-0xc9fff on isa0\nsc0: \u003cSystem console\u003e at flags 0x100 on isa0\nsc0: VGA \u003c16 virtual consoles, flags=0x300\u003e\nsc0: fb0, kbd1, terminal emulator: sc (syscons terminal)\nvga0: \u003cGeneric ISA VGA\u003e at port 0x3c0-0x3df iomem 0xa0000-0xbffff on isa0\nadv0: not probed (disabled)\naha0: not probed (disabled)\naic0: not probed (disabled)\nbt0: not probed (disabled)\ncs0: not probed (disabled)\ned0: not probed (disabled)\nfe0: not probed (disabled)\nie0: not probed (disabled)\nlnc0: not probed (disabled)\nppc0 failed to probe at irq 7 on isa0\nsio2: not probed (disabled)\nsio3: not probed (disabled)\nsn0: not probed (disabled)\nvt0: not probed (disabled)\nisa_probe_children: probing PnP devices\nDevice configuration finished.\nprocfs registered\nlapic: Divisor 2, Frequency 99750283 hz\nTimecounter \"TSC\" frequency 2793016800 Hz quality -100\nTimecounters tick every 1.000 msec\nLinux ELF exec handler installed\nipfw2 initialized, divert enabled, rule-based forwarding disabled, default to accept, logging limited to 100 packets/entry by defaultem1: Link is up 1000 Mbps Full Duplex\n\nlo0: bpf attached\nata0-master: pio=PIO4 wdma=WDMA2 udma=UDMA33 cable=40 wire\nacd0: setting PIO4 on ICH7 chip\nacd0: setting UDMA33 on ICH7 chip\nacd0: \u003cNEC DVD RW ND-4570A/1.02\u003e DVDR drive at ata0 as master\nacd0: read 8268KB/s (8268KB/s) write 8268KB/s (8268KB/s), 2048KB buffer, UDMA33\nacd0: Reads: CDR, CDRW, CDDA stream, DVDROM, DVDR, DVDRAM, packet\nacd0: Writes: CDR, CDRW, DVDR, DVDRAM, test write, burnproof\nacd0: Audio: play, 256 volume levels\nacd0: Mechanism: ejectable tray, unlocked\nacd0: Medium: no/blank disc\nata2-master: pio=PIO4 wdma=WDMA2 udma=UDMA133 cable=40 wire\nad4: 238475MB \u003cSeagate ST3250620NS 3.AEE\u003e at ata2-master SATA300\nad4: 488397168 sectors [484521C/16H/63S] 16 sectors/interrupt 1 depth queue\nata4-master: pio=PIO4 wdma=WDMA2 udma=UDMA133 cable=40 wire\nad8: 76319MB \u003cSeagate ST380013AS 3.18\u003e at ata4-master SATA150\nad8: 156301488 sectors [155061C/16H/63S] 16 sectors/interrupt 1 depth queue\nSMP: AP CPU #1 Launched!\ncpu1 AP:\n     ID: 0x01000000   VER: 0x00050014 LDR: 0x00000000 DFR: 0xffffffff\n  lint0: 0x00010700 lint1: 0x00000400 TPR: 0x00000000 SVR: 0x000001ff\n  timer: 0x000200ef therm: 0x00010000 err: 0x00010000 pcm: 0x00010000\nioapic0: Assigning ISA IRQ 1 to local APIC 0\nioapic0: Assigning ISA IRQ 3 to local APIC 1\nioapic0: Assigning ISA IRQ 4 to local APIC 0\nioapic0: Assigning ISA IRQ 6 to local APIC 1\nioapic0: Assigning ISA IRQ 9 to local APIC 0\nioapic0: Assigning ISA IRQ 12 to local APIC 1\nioapic0: Assigning ISA IRQ 14 to local APIC 0\nioapic0: Assigning ISA IRQ 15 to local APIC 1\nioapic0: Assigning PCI IRQ 16 to local APIC 0\nioapic0: Assigning PCI IRQ 17 to local APIC 1\nioapic0: Assigning PCI IRQ 18 to local APIC 0\nioapic0: Assigning PCI IRQ 19 to local APIC 1\nioapic0: Assigning PCI IRQ 23 to local APIC 0\npass0 at ata0 bus 0 target 0 lun 0\npass0: \u003c_NEC DVD_RW ND-4570A 1.02\u003e Removable CD-ROM SCSI-0 device\npass0: Serial Number [\npass0: 33.000MB/s transfers\n(cd0:ata0:0:0:0): error 6\n(cd0:ata0:0:0:0): Unretryable Error\ncd0 at ata0 bus 0 target 0 lun 0\ncd0: \u003c_NEC DVD_RW ND-4570A 1.02\u003e Removable CD-ROM SCSI-0 device\ncd0: Serial Number [\ncd0: 33.000MB/s transfers\ncd0: Attempt to query device size failed: NOT READY, Medium not present\nGEOM: new disk ad4\nGEOM: new disk ad8\nGEOM: new disk cd0\nGEOM_LABEL: Label for provider ad4 is label/disk1.\n(cd0:ata0:0:0:0): error 6\n(cd0:ata0:0:0:0): Unretryable Error\n(cd0:ata0:0:0:0): error 6\n(cd0:ata0:0:0:0): Unretryable Error\n(cd0:ata0:0:0:0): error 6\n(cd0:ata0:0:0:0): Unretryable Error\n(cd0:ata0:0:0:0): error 6\n(cd0:ata0:0:0:0): Unretryable Error\n(cd0:ata0:0:0:0): error 6\n(cd0:ata0:0:0:0): Unretryable Error\nGEOM_LABEL: Label for provider ad4s1 is label/disk0s1.\nGEOM_MIRROR: Kernel module is too old to handle metadata from ad8p2.\nGEOM_LABEL: Label for provider ad8p3 is label/sys1.\nGEOM_MIRROR: Kernel module is too old to handle metadata from label/disk0s1.\nTrying to mount root from ufs:/dev/mirror/ad4s1a\n\n===========================================================================\n\n====atacontrol list for FreeBSD-6 for above dmesg==========================\nATA channel 0:\n    Master: acd0 \u003cNEC DVD RW ND-4570A/1.02\u003e ATA/ATAPI revision 0\n    Slave:       no device present\nATA channel 1:\n    Master:      no device present\n    Slave:       no device present\nATA channel 2:\n    Master:  ad4 \u003cST3250620NS/3.AEE\u003e Serial ATA II\n    Slave:       no device present\nATA channel 3:\n    Master:      no device present\n    Slave:       no device present\nATA channel 4:\n    Master:  ad8 \u003cST380013AS/3.18\u003e Serial ATA v1.0\n    Slave:       no device present\nATA channel 5:\n    Master:      no device present\n    Slave:       no device present\n===========================================================================\n\nso here we see really static ad numbers and ad8 is REALLY ad8 not ad6 and we see all ata channels.\n\nFix: \n\nnot known for me\nHow-To-Repeat: boot FreeBSD 8-CURRENT with ATA_STATIC_ID in KERNEL"
}