{
 "id": 571124,
 "bug_id": 149220,
 "attachment_id": 0,
 "creation_time": "2010-08-03T08:10:05Z",
 "creator": "telesisc@gmail.com",
 "text": "Copyright (c) 1992-2010 The FreeBSD Project.\nCopyright (c) 1979, 1980, 1983, 1986, 1988, 1989, 1991, 1992, 1993, 1994\n\tThe Regents of the University of California. All rights reserved.\nFreeBSD is a registered trademark of The FreeBSD Foundation.\nFreeBSD 8.1-RC2 #0: Tue Jun 29 20:42:40 UTC 2010\n    root@almeida.cse.buffalo.edu:/usr/obj/usr/src/sys/GENERIC i386\nPreloaded elf kernel \"/boot/kernel/kernel\" at 0xc13ef000.\nPreloaded mfs_root \"/boot/mfsroot\" at 0xc13ef1b0.\nTimecounter \"i8254\" frequency 1193182 Hz quality 0\nCalibrating TSC clock ... TSC clock: 2132267528 Hz\nCPU: Intel(R) Xeon(R) CPU           E7420  @ 2.13GHz (2132.27-MHz 686-class CPU)\n  Origin = \"GenuineIntel\"  Id = 0x106d1  Family = 6  Model = 1d  Stepping = 1\n  Features=0xbfebfbff\u003cFPU,VME,DE,PSE,TSC,MSR,PAE,MCE,CX8,APIC,SEP,MTRR,PGE,MCA,CMOV,PAT,PSE36,CLFLUSH,DTS,ACPI,MMX,FXSR,SSE,SSE2,SS,HTT,TM,PBE\u003e\n  Features2=0xce33d\u003cSSE3,DTES64,MON,DS_CPL,VMX,TM2,SSSE3,CX16,xTPR,PDCM,DCA,SSE4.1\u003e\n  AMD Features=0x20100000\u003cNX,LM\u003e\n  AMD Features2=0x1\u003cLAHF\u003e\n  TSC: P-state invariant\n\nInstruction TLB: 4 KB Pages, 4-way set associative, 128 entries\n3rd-level cache: 8 MB, 8-way set associative, 64 byte line size\n1st-level instruction cache: 32 KB, 8-way set associative, 64 byte line size\n1st-level data cache: 32 KB, 8-way set associative, 64 byte line size\nL2 cache: 3072 kbytes, 8-way associative, 64 bytes/line\nreal memory  = 8589934592 (8192 MB)\nPhysical memory chunk(s):\n0x0000000000001000 - 0x000000000009afff, 630784 bytes (154 pages)\n0x0000000000100000 - 0x00000000003fffff, 3145728 bytes (768 pages)\n0x0000000001426000 - 0x00000000cc469fff, 3406053376 bytes (831556 pages)\navail memory = 3404689408 (3246 MB)\nTable 'FACP' at 0xcff57900\nTable 'APIC' at 0xcff57780\nAPIC: Found table at 0xcff57780\nMP Configuration Table version 1.4 found at 0xc009d530\nAPIC: Using the MADT enumerator.\nMADT: Found CPU APIC ID 8 ACPI ID 0: enabled\nSMP: Added CPU 8 (AP)\nMADT: Found CPU APIC ID 32 ACPI ID 1: enabled\nSMP: Added CPU 32 (AP)\nMADT: Found CPU APIC ID 16 ACPI ID 2: enabled\nSMP: Added CPU 16 (AP)\nMADT: Found CPU APIC ID 56 ACPI ID 3: enabled\nSMP: Added CPU 56 (AP)\nMADT: Found CPU APIC ID 9 ACPI ID 4: enabled\nSMP: Added CPU 9 (AP)\nMADT: Found CPU APIC ID 33 ACPI ID 5: enabled\nSMP: Added CPU 33 (AP)\nMADT: Found CPU APIC ID 17 ACPI ID 6: enabled\nSMP: Added CPU 17 (AP)\nMADT: Found CPU APIC ID 57 ACPI ID 7: enabled\nSMP: Added CPU 57 (AP)\nMADT: Found CPU APIC ID 10 ACPI ID 8: enabled\nSMP: Added CPU 10 (AP)\nMADT: Found CPU APIC ID 34 ACPI ID 9: enabled\nSMP: Added CPU 34 (AP)\nMADT: Found CPU APIC ID 18 ACPI ID 10: enabled\nSMP: Added CPU 18 (AP)\nMADT: Found CPU APIC ID 58 ACPI ID 11: enabled\nSMP: Added CPU 58 (AP)\nMADT: Found CPU APIC ID 11 ACPI ID 12: enabled\nSMP: Added CPU 11 (AP)\nMADT: Found CPU APIC ID 35 ACPI ID 13: enabled\nSMP: Added CPU 35 (AP)\nMADT: Found CPU APIC ID 19 ACPI ID 14: enabled\nSMP: Added CPU 19 (AP)\nMADT: Found CPU APIC ID 59 ACPI ID 15: enabled\nSMP: Added CPU 59 (AP)\nACPI APIC Table: \u003cIBM    EXA01ZEU\u003e\nINTR: Adding local APIC 9 as a target\nINTR: Adding local APIC 10 as a target\nINTR: Adding local APIC 11 as a target\nINTR: Adding local APIC 16 as a target\nINTR: Adding local APIC 17 as a target\nINTR: Adding local APIC 18 as a target\nINTR: Adding local APIC 19 as a target\nINTR: Adding local APIC 32 as a target\nINTR: Adding local APIC 33 as a target\nINTR: Adding local APIC 34 as a target\nINTR: Adding local APIC 35 as a target\nINTR: Adding local APIC 56 as a target\nINTR: Adding local APIC 57 as a target\nINTR: Adding local APIC 58 as a target\nINTR: Adding local APIC 59 as a target\nFreeBSD/SMP: Multiprocessor System Detected: 16 CPUs\nFreeBSD/SMP: 4 package(s) x 4 core(s)\n cpu0 (BSP): APIC ID:  8\n cpu1 (AP): APIC ID:  9\n cpu2 (AP): APIC ID: 10\n cpu3 (AP): APIC ID: 11\n cpu4 (AP): APIC ID: 16\n cpu5 (AP): APIC ID: 17\n cpu6 (AP): APIC ID: 18\n cpu7 (AP): APIC ID: 19\n cpu8 (AP): APIC ID: 32\n cpu9 (AP): APIC ID: 33\n cpu10 (AP): APIC ID: 34\n cpu11 (AP): APIC ID: 35\n cpu12 (AP): APIC ID: 56\n cpu13 (AP): APIC ID: 57\n cpu14 (AP): APIC ID: 58\n cpu15 (AP): APIC ID: 59\nx86bios:   IVT 0x000000-0x0004ff at 0xc0000000\nx86bios:  SSEG 0x010000-0x01ffff at 0xc6fb4000\nx86bios:  EBDA 0x09b000-0x09ffff at 0xc009b000\nx86bios:   ROM 0x0a0000-0x0effff at 0xc00a0000\nAPIC: CPU 0 has ACPI ID 0\nAPIC: CPU 1 has ACPI ID 4\nAPIC: CPU 2 has ACPI ID 8\nAPIC: CPU 3 has ACPI ID 12\nAPIC: CPU 4 has ACPI ID 2\nAPIC: CPU 5 has ACPI ID 6\nAPIC: CPU 6 has ACPI ID 10\nAPIC: CPU 7 has ACPI ID 14\nAPIC: CPU 8 has ACPI ID 1\nAPIC: CPU 9 has ACPI ID 5\nAPIC: CPU 10 has ACPI ID 9\nAPIC: CPU 11 has ACPI ID 13\nAPIC: CPU 12 has ACPI ID 3\nAPIC: CPU 13 has ACPI ID 7\nAPIC: CPU 14 has ACPI ID 11\nAPIC: CPU 15 has ACPI ID 15\nbios32: Found BIOS32 Service Directory header at 0xc00fd3e0\nbios32: Entry = 0xfd3f1 (c00fd3f1)  Rev = 0  Len = 1\npcibios: PCI BIOS entry at 0xf0000+0xd42d\npnpbios: Found PnP BIOS data at 0xc00fdcd0\npnpbios: Entry = f0000:1ae0  Rev = 1.0\nOther BIOS signatures found:\nULE: setup cpu 0\nULE: setup cpu 1\nULE: setup cpu 2\nULE: setup cpu 3\nULE: setup cpu 4\nULE: setup cpu 5\nULE: setup cpu 6\nULE: setup cpu 7\nULE: setup cpu 8\nULE: setup cpu 9\nULE: setup cpu 10\nULE: setup cpu 11\nULE: setup cpu 12\nULE: setup cpu 13\nULE: setup cpu 14\nULE: setup cpu 15\nACPI: RSDP 0x9b9e0 00014 (v0 M   IB)\nACPI: RSDT 0xcff57ac0 00044 (v1 IBM    EXA01ZEU 00001000 IBM  45444F43)\nACPI: FACP 0xcff57900 000F4 (v3 IBM    EXA01ZEU 00001000 IBM  45444F43)\nACPI: DSDT 0xcff4ad80 021B5 (v1 IBM    EXA01ZEU 00001000 INTL 20060707)\nACPI: FACS 0xcff53680 00040\nACPI: APIC 0xcff57780 00164 (v1 IBM    EXA01ZEU 00001000 IBM  45444F43)\nACPI: SRAT 0xcff57600 00180 (v1 IBM    EXA01ZEU 00001000 IBM  45444F43)\nACPI: HPET 0xcff575c0 00038 (v1 IBM    EXA01ZEU 00001000 IBM  45444F43)\nACPI: TCPA 0xcff57540 00064 (v2 IBM    EXA01ZEU 00001000 IBM  45444F43)\nACPI: MCFG 0xcff57500 0003C (v1 IBM    EXA01ZEU 00001000 IBM  45444F43)\nACPI: ERST 0xcff536c0 00230 (v1 IBM    EXA01ZEU 00001000 IBM  45444F43)\nACPI: SSDT 0xcff4cf40 05D32 (v1 IBM    VIGSSDT0 00001000 INTL 20060707)\nMADT: Found IO APIC ID 15, Interrupt 0 at 0xfec00000\nioapic0: Routing external 8259A's -\u003e intpin 0\nMADT: Found IO APIC ID 16, Interrupt 24 at 0xfecff000\nioapic1: Changing APIC ID to 16\nMADT: Found IO APIC ID 14, Interrupt 27 at 0xfec01000\nMADT: Found IO APIC ID 13, Interrupt 63 at 0xfec02000\nMADT: Interrupt override: source 0, irq 2\nioapic0: Routing IRQ 0 -\u003e intpin 2\nMADT: Interrupt override: source 8, irq 8\nMADT: Interrupt override: source 14, irq 14\nMADT: Interrupt override: source 9, irq 9\nioapic0: intpin 9 trigger: level\nlapic8: Routing NMI -\u003e LINT1\nlapic8: LINT1 trigger: edge\nlapic8: LINT1 polarity: high\nlapic32: Routing NMI -\u003e LINT1\nlapic32: LINT1 trigger: edge\nlapic32: LINT1 polarity: high\nlapic16: Routing NMI -\u003e LINT1\nlapic16: LINT1 trigger: edge\nlapic16: LINT1 polarity: high\nlapic56: Routing NMI -\u003e LINT1\nlapic56: LINT1 trigger: edge\nlapic56: LINT1 polarity: high\nlapic9: Routing NMI -\u003e LINT1\nlapic9: LINT1 trigger: edge\nlapic9: LINT1 polarity: high\nlapic33: Routing NMI -\u003e LINT1\nlapic33: LINT1 trigger: edge\nlapic33: LINT1 polarity: high\nlapic17: Routing NMI -\u003e LINT1\nlapic17: LINT1 trigger: edge\nlapic17: LINT1 polarity: high\nlapic57: Routing NMI -\u003e LINT1\nlapic57: LINT1 trigger: edge\nlapic57: LINT1 polarity: high\nlapic10: Routing NMI -\u003e LINT1\nlapic10: LINT1 trigger: edge\nlapic10: LINT1 polarity: high\nlapic34: Routing NMI -\u003e LINT1\nlapic34: LINT1 trigger: edge\nlapic34: LINT1 polarity: high\nlapic18: Routing NMI -\u003e LINT1\nlapic18: LINT1 trigger: edge\nlapic18: LINT1 polarity: high\nlapic58: Routing NMI -\u003e LINT1\nlapic58: LINT1 trigger: edge\nlapic58: LINT1 polarity: high\nlapic11: Routing NMI -\u003e LINT1\nlapic11: LINT1 trigger: edge\nlapic11: LINT1 polarity: high\nlapic35: Routing NMI -\u003e LINT1\nlapic35: LINT1 trigger: edge\nlapic35: LINT1 polarity: high\nlapic19: Routing NMI -\u003e LINT1\nlapic19: LINT1 trigger: edge\nlapic19: LINT1 polarity: high\nlapic59: Routing NMI -\u003e LINT1\nlapic59: LINT1 trigger: edge\nlapic59: LINT1 polarity: high\nioapic3 \u003cVersion 1.1\u003e irqs 63-98 on motherboard\nioapic2 \u003cVersion 1.1\u003e irqs 27-62 on motherboard\nioapic0 \u003cVersion 2.0\u003e irqs 0-23 on motherboard\nioapic1 \u003cVersion 1.1\u003e irqs 24-26 on motherboard\ncpu0 BSP:\n     ID: 0x08000000   VER: 0x00050014 LDR: 0x01000000 DFR: 0xffffffff\n  lint0: 0x00010700 lint1: 0x00000400 TPR: 0x00000000 SVR: 0x000001ff\n  timer: 0x000100ef therm: 0x00010000 err: 0x000000f0 pmc: 0x00010400\nwlan: \u003c802.11 Link Layer\u003e\nnull: \u003cnull device, zero device\u003e\nrandom: \u003centropy source, Software, Yarrow\u003e\nnfslock: pseudo-device\nio: \u003cI/O\u003e\nkbd: new array size 4\nkbd1 at kbdmux0\nmem: \u003cmemory\u003e\nPentium Pro MTRR support enabled\nhptrr: RocketRAID 17xx/2xxx SATA controller driver v1.2\nnpx0: INT 16 interface\nacpi0: \u003cIBM EXA01ZEU\u003e on motherboard\nPCIe: Memory Mapped configuration base @ 0xd0000000\npcibios: BIOS version 3.00\nioapic0: routing intpin 9 (ISA IRQ 9) to lapic 8 vector 48\nacpi0: [MPSAFE]\nacpi0: [ITHREAD]\nAcpiOsDerivePciId: \\\\_SB_.VP06.P2PB.PCFG -\u003e bus 11 dev 0 func 0\nAcpiOsDerivePciId: \\\\_SB_.VP07.P2PB.PCFG -\u003e bus 17 dev 0 func 0\nacpi0: Power Button (fixed)\nacpi0: wakeup code va 0xc6c4d000 pa 0x1000\nunknown: I/O range not supported\nacpi0: reservation of 400, 100 (3) failed\nACPI timer: 1/1 1/1 1/1 1/1 1/2 1/1 1/2 1/1 1/1 1/1 -\u003e 10\nTimecounter \"ACPI-fast\" frequency 3579545 Hz quality 1000\nacpi_timer0: \u003c24-bit timer at 3.579545MHz\u003e port 0x588-0x58b on acpi0\ncpu0: \u003cACPI CPU\u003e on acpi0\ncpu0: switching to generic Cx mode\ncpu1: \u003cACPI CPU\u003e on acpi0\ncpu2: \u003cACPI CPU\u003e on acpi0\ncpu3: \u003cACPI CPU\u003e on acpi0\ncpu4: \u003cACPI CPU\u003e on acpi0\ncpu5: \u003cACPI CPU\u003e on acpi0\ncpu6: \u003cACPI CPU\u003e on acpi0\ncpu7: \u003cACPI CPU\u003e on acpi0\ncpu8: \u003cACPI CPU\u003e on acpi0\ncpu9: \u003cACPI CPU\u003e on acpi0\ncpu10: \u003cACPI CPU\u003e on acpi0\ncpu11: \u003cACPI CPU\u003e on acpi0\ncpu12: \u003cACPI CPU\u003e on acpi0\ncpu13: \u003cACPI CPU\u003e on acpi0\ncpu14: \u003cACPI CPU\u003e on acpi0\ncpu15: \u003cACPI CPU\u003e on acpi0\nacpi_hpet0: \u003cHigh Precision Event Timer\u003e iomem 0xfde84000-0xfde843ff on acpi0\nacpi_hpet0: vend: 0x1014 rev: 0x1 num: 3 hz: 266538728 opts: 64-bit\nTimecounter \"HPET\" frequency 266538728 Hz quality 900\npcib0: \u003cACPI Host-PCI bridge\u003e on acpi0\npci0: \u003cACPI PCI bus\u003e on pcib0\npci0: domain=0, physical bus=0\nfound-\u003e\tvendor=0x8086, dev=0x27d0, revid=0x01\n\tdomain=0, bus=0, slot=28, func=0\n\tclass=06-04-00, hdrtype=0x01, mfdev=1\n\tcmdreg=0x0047, statreg=0x0010, cachelnsz=16 (dwords)\n\tlattimer=0x00 (0 ns), mingnt=0x03 (750 ns), maxlat=0x00 (0 ns)\n\tpowerspec 2  supports D0 D3  current D0\n\tMSI supports 1 message\nfound-\u003e\tvendor=0x8086, dev=0x27c8, revid=0x01\n\tdomain=0, bus=0, slot=29, func=0\n\tclass=0c-03-00, hdrtype=0x00, mfdev=1\n\tcmdreg=0x0005, statreg=0x0280, cachelnsz=0 (dwords)\n\tlattimer=0x00 (0 ns), mingnt=0x00 (0 ns), maxlat=0x00 (0 ns)\n\tintpin=a, irq=11\n\tmap[20]: type I/O Port, range 32, base 0x3000, size  5, enabled\npcib0: matched entry for 0.29.INTA\npcib0: slot 29 INTA hardwired to IRQ 23\nunknown: Reserved 0x20 bytes for rid 0x20 type 4 at 0x3000\nfound-\u003e\tvendor=0x8086, dev=0x27c9, revid=0x01\n\tdomain=0, bus=0, slot=29, func=1\n\tclass=0c-03-00, hdrtype=0x00, mfdev=0\n\tcmdreg=0x0005, statreg=0x0280, cachelnsz=0 (dwords)\n\tlattimer=0x00 (0 ns), mingnt=0x00 (0 ns), maxlat=0x00 (0 ns)\n\tintpin=b, irq=3\n\tmap[20]: type I/O Port, range 32, base 0x3100, size  5, enabled\npcib0: matched entry for 0.29.INTB\npcib0: slot 29 INTB hardwired to IRQ 17\nunknown: Reserved 0x20 bytes for rid 0x20 type 4 at 0x3100\nfound-\u003e\tvendor=0x8086, dev=0x27ca, revid=0x01\n\tdomain=0, bus=0, slot=29, func=2\n\tclass=0c-03-00, hdrtype=0x00, mfdev=0\n\tcmdreg=0x0005, statreg=0x0280, cachelnsz=0 (dwords)\n\tlattimer=0x00 (0 ns), mingnt=0x00 (0 ns), maxlat=0x00 (0 ns)\n\tintpin=c, irq=11\n\tmap[20]: type I/O Port, range 32, base 0x3200, size  5, enabled\npcib0: matched entry for 0.29.INTC\npcib0: slot 29 INTC hardwired to IRQ 18\nunknown: Reserved 0x20 bytes for rid 0x20 type 4 at 0x3200\nfound-\u003e\tvendor=0x8086, dev=0x27cb, revid=0x01\n\tdomain=0, bus=0, slot=29, func=3\n\tclass=0c-03-00, hdrtype=0x00, mfdev=0\n\tcmdreg=0x0005, statreg=0x0280, cachelnsz=0 (dwords)\n\tlattimer=0x00 (0 ns), mingnt=0x00 (0 ns), maxlat=0x00 (0 ns)\n\tintpin=d, irq=3\n\tmap[20]: type I/O Port, range 32, base 0x3300, size  5, enabled\npcib0: matched entry for 0.29.INTD\npcib0: slot 29 INTD hardwired to IRQ 19\nunknown: Reserved 0x20 bytes for rid 0x20 type 4 at 0x3300\nfound-\u003e\tvendor=0x8086, dev=0x27cc, revid=0x01\n\tdomain=0, bus=0, slot=29, func=7\n\tclass=0c-03-20, hdrtype=0x00, mfdev=0\n\tcmdreg=0x0146, statreg=0x0290, cachelnsz=0 (dwords)\n\tlattimer=0x00 (0 ns), mingnt=0x00 (0 ns), maxlat=0x00 (0 ns)\n\tintpin=a, irq=11\n\tpowerspec 2  supports D0 D3  current D0\n\tmap[10]: type Memory, range 32, base 0xf6100000, size 10, enabled\npcib0: matched entry for 0.29.INTA\npcib0: slot 29 INTA hardwired to IRQ 23\nunknown: Reserved 0x400 bytes for rid 0x10 type 3 at 0xf6100000\nfound-\u003e\tvendor=0x8086, dev=0x244e, revid=0xe1\n\tdomain=0, bus=0, slot=30, func=0\n\tclass=06-04-01, hdrtype=0x01, mfdev=0\n\tcmdreg=0x0147, statreg=0x0010, cachelnsz=0 (dwords)\n\tlattimer=0x00 (0 ns), mingnt=0x0b (2750 ns), maxlat=0x00 (0 ns)\nfound-\u003e\tvendor=0x8086, dev=0x27b8, revid=0x01\n\tdomain=0, bus=0, slot=31, func=0\n\tclass=06-01-00, hdrtype=0x00, mfdev=1\n\tcmdreg=0x0147, statreg=0x0210, cachelnsz=0 (dwords)\n\tlattimer=0x00 (0 ns), mingnt=0x00 (0 ns), maxlat=0x00 (0 ns)\nfound-\u003e\tvendor=0x8086, dev=0x27c0, revid=0x01\n\tdomain=0, bus=0, slot=31, func=2\n\tclass=01-01-8a, hdrtype=0x00, mfdev=0\n\tcmdreg=0x0047, statreg=0x02b0, cachelnsz=0 (dwords)\n\tlattimer=0x00 (0 ns), mingnt=0x00 (0 ns), maxlat=0x00 (0 ns)\n\tintpin=a, irq=255\n\tpowerspec 2  supports D0 D3  current D0\n\tmap[20]: type I/O Port, range 32, base 0x700, size  4, enabled\n\tmap[24]: type Memory, range 32, base 0, size 10, enabled\npcib1: \u003cPCI-PCI bridge\u003e at device 28.0 on pci0\npcib1:   domain            0\npcib1:   secondary bus     2\npcib1:   subordinate bus   2\npcib1:   I/O decode        0xf000-0xefff\npcib1:   memory decode     0xf2000000-0xf5ffffff\npcib1:   no prefetched decode\npci2: \u003cPCI bus\u003e on pcib1\npci2: domain=0, physical bus=2\nfound-\u003e\tvendor=0x14e4, dev=0x1639, revid=0x20\n\tdomain=0, bus=2, slot=0, func=0\n\tclass=02-00-00, hdrtype=0x00, mfdev=1\n\tcmdreg=0x0006, statreg=0x0010, cachelnsz=16 (dwords)\n\tlattimer=0x00 (0 ns), mingnt=0x00 (0 ns), maxlat=0x00 (0 ns)\n\tintpin=a, irq=3\n\tpowerspec 3  supports D0 D3  current D0\n\tMSI supports 16 messages, 64 bit\n\tMSI-X supports 9 messages in map 0x10\n\tmap[10]: type Memory, range 64, base 0xf2000000, size 25, enabled\npcib1: requested memory range 0xf2000000-0xf3ffffff: good\npcib0: matched entry for 0.28.INTA\npcib0: slot 28 INTA hardwired to IRQ 16\npcib1: slot 0 INTA is routed to irq 16\nfound-\u003e\tvendor=0x14e4, dev=0x1639, revid=0x20\n\tdomain=0, bus=2, slot=0, func=1\n\tclass=02-00-00, hdrtype=0x00, mfdev=1\n\tcmdreg=0x0006, statreg=0x0010, cachelnsz=16 (dwords)\n\tlattimer=0x00 (0 ns), mingnt=0x00 (0 ns), maxlat=0x00 (0 ns)\n\tintpin=b, irq=3\n\tpowerspec 3  supports D0 D3  current D0\n\tMSI supports 16 messages, 64 bit\n\tMSI-X supports 9 messages in map 0x10\n\tmap[10]: type Memory, range 64, base 0xf4000000, size 25, enabled\npcib1: requested memory range 0xf4000000-0xf5ffffff: good\npcib0: matched entry for 0.28.INTB\npcib0: slot 28 INTB hardwired to IRQ 17\npcib1: slot 0 INTB is routed to irq 17\nbce0: \u003cBroadcom NetXtreme II BCM5709 1000Base-T (C0)\u003e mem 0xf2000000-0xf3ffffff irq 16 at device 0.0 on pci2\nbce0: Reserved 0x2000000 bytes for rid 0x10 type 3 at 0xf2000000\nbce0: attempting to allocate 1 MSI vectors (16 supported)\nmsi: routing MSI IRQ 256 to local APIC 8 vector 64\nbce0: using IRQ 256 for MSI\nmiibus0: \u003cMII bus\u003e on bce0\nbrgphy0: \u003cBCM5709C 10/100/1000baseTX PHY\u003e PHY 1 on miibus0\nbrgphy0: OUI 0x0050ef, model 0x003c, rev. 8\nbrgphy0:  10baseT, 10baseT-FDX, 100baseTX, 100baseTX-FDX, 1000baseT, 1000baseT-FDX, auto\nbce0: bpf attached\nbce0: Ethernet address: e4:1f:13:1f:87:e4\nbce0: [MPSAFE]\nbce0: [ITHREAD]\nbce0: ASIC (0x57092003); Rev (C0); Bus (PCIe x4, 2.5Gbps); B/C (5.0.6); Flags (MSI|MFW); MFW (IPMI 1.0.0)\nbce1: \u003cBroadcom NetXtreme II BCM5709 1000Base-T (C0)\u003e mem 0xf4000000-0xf5ffffff irq 17 at device 0.1 on pci2\nbce1: Reserved 0x2000000 bytes for rid 0x10 type 3 at 0xf4000000\nbce1: attempting to allocate 1 MSI vectors (16 supported)\nmsi: routing MSI IRQ 257 to local APIC 8 vector 80\nbce1: using IRQ 257 for MSI\nmiibus1: \u003cMII bus\u003e on bce1\nbrgphy1: \u003cBCM5709C 10/100/1000baseTX PHY\u003e PHY 1 on miibus1\nbrgphy1: OUI 0x0050ef, model 0x003c, rev. 8\nbrgphy1:  10baseT, 10baseT-FDX, 100baseTX, 100baseTX-FDX, 1000baseT, 1000baseT-FDX, auto\nbce1: bpf attached\nbce1: Ethernet address: e4:1f:13:1f:87:e6\nbce1: [MPSAFE]\nbce1: [ITHREAD]\nbce1: ASIC (0x57092003); Rev (C0); Bus (PCIe x4, 2.5Gbps); B/C (5.0.6); Flags (MSI|MFW); MFW (IPMI 1.0.0)\nuhci0: \u003cIntel 82801G (ICH7) USB controller USB-A\u003e port 0x3000-0x301f irq 23 at device 29.0 on pci0\nioapic0: routing intpin 23 (PCI IRQ 23) to lapic 8 vector 49\nuhci0: [MPSAFE]\nuhci0: [ITHREAD]\nusbus0: \u003cIntel 82801G (ICH7) USB controller USB-A\u003e on uhci0\nuhci1: \u003cIntel 82801G (ICH7) USB controller USB-B\u003e port 0x3100-0x311f irq 17 at device 29.1 on pci0\nioapic0: routing intpin 17 (PCI IRQ 17) to lapic 8 vector 50\nuhci1: [MPSAFE]\nuhci1: [ITHREAD]\nusbus1: \u003cIntel 82801G (ICH7) USB controller USB-B\u003e on uhci1\nuhci2: \u003cIntel 82801G (ICH7) USB controller USB-C\u003e port 0x3200-0x321f irq 18 at device 29.2 on pci0\nioapic0: routing intpin 18 (PCI IRQ 18) to lapic 8 vector 51\nuhci2: [MPSAFE]\nuhci2: [ITHREAD]\nusbus2: \u003cIntel 82801G (ICH7) USB controller USB-C\u003e on uhci2\nuhci3: \u003cIntel 82801G (ICH7) USB controller USB-D\u003e port 0x3300-0x331f irq 19 at device 29.3 on pci0\nioapic0: routing intpin 19 (PCI IRQ 19) to lapic 8 vector 52\nuhci3: [MPSAFE]\nuhci3: [ITHREAD]\nusbus3: \u003cIntel 82801G (ICH7) USB controller USB-D\u003e on uhci3\nehci0: \u003cIntel 82801GB/R (ICH7) USB 2.0 controller\u003e mem 0xf6100000-0xf61003ff irq 23 at device 29.7 on pci0\nehci0: [MPSAFE]\nehci0: [ITHREAD]\nusbus4: EHCI version 1.0\nusbus4: \u003cIntel 82801GB/R (ICH7) USB 2.0 controller\u003e on ehci0\npcib2: \u003cPCI-PCI bridge\u003e at device 30.0 on pci0\npcib2:   domain            0\npcib2:   secondary bus     1\npcib2:   subordinate bus   1\npcib2:   I/O decode        0x2000-0x2fff\npcib2:   memory decode     0xf6000000-0xf60fffff\npcib2:   prefetched decode 0xe8000000-0xefffffff\npcib2:   Subtractively decoded bridge.\npci1: \u003cPCI bus\u003e on pcib2\npci1: domain=0, physical bus=1\nfound-\u003e\tvendor=0x1002, dev=0x515e, revid=0x02\n\tdomain=0, bus=1, slot=0, func=0\n\tclass=03-00-00, hdrtype=0x00, mfdev=0\n\tcmdreg=0x0187, statreg=0x0290, cachelnsz=16 (dwords)\n\tlattimer=0xf0 (7200 ns), mingnt=0x08 (2000 ns), maxlat=0x00 (0 ns)\n\tintpin=a, irq=3\n\tpowerspec 2  supports D0 D1 D2 D3  current D0\n\tmap[10]: type Prefetchable Memory, range 32, base 0xe8000000, size 27, enabled\npcib2: requested memory range 0xe8000000-0xefffffff: good\n\tmap[14]: type I/O Port, range 32, base 0x2000, size  8, enabled\npcib2: requested I/O range 0x2000-0x20ff: in range\n\tmap[18]: type Memory, range 32, base 0xf6020000, size 16, enabled\npcib2: requested memory range 0xf6020000-0xf602ffff: good\npcib0: matched entry for 0.30.INTA\npcib0: slot 30 INTA hardwired to IRQ 16\npcib2: slot 0 INTA is routed to irq 16\nvgapci0: \u003cVGA-compatible display\u003e port 0x2000-0x20ff mem 0xe8000000-0xefffffff,0xf6020000-0xf602ffff irq 16 at device 0.0 on pci1\nisab0: \u003cPCI-ISA bridge\u003e at device 31.0 on pci0\nisa0: \u003cISA bus\u003e on isab0\natapci0: \u003cIntel ICH7 SATA300 controller\u003e port 0x1f0-0x1f7,0x3f6,0x170-0x177,0x376,0x700-0x70f at device 31.2 on pci0\natapci0: Reserved 0x10 bytes for rid 0x20 type 4 at 0x700\npci0: child atapci0 requested type 4 for rid 0x24, but the BAR says it is an memio\nata0: \u003cATA channel 0\u003e on atapci0\natapci0: Reserved 0x8 bytes for rid 0x10 type 4 at 0x1f0\natapci0: Reserved 0x1 bytes for rid 0x14 type 4 at 0x3f6\nata0: reset tp1 mask=03 ostat0=00 ostat1=00\nata0: stat0=0x00 err=0x01 lsb=0x14 msb=0xeb\nata0: stat1=0x00 err=0x01 lsb=0x14 msb=0xeb\nata0: reset tp2 stat0=00 stat1=00 devices=0x30000\nioapic0: routing intpin 14 (ISA IRQ 14) to lapic 8 vector 53\nata0: [MPSAFE]\nata0: [ITHREAD]\nata1: \u003cATA channel 1\u003e on atapci0\natapci0: Reserved 0x8 bytes for rid 0x18 type 4 at 0x170\natapci0: Reserved 0x1 bytes for rid 0x1c type 4 at 0x376\nata1: reset tp1 mask=00 ostat0=ff ostat1=ff\nioapic0: routing intpin 15 (ISA IRQ 15) to lapic 8 vector 54\nata1: [MPSAFE]\nata1: [ITHREAD]\npcib3: \u003cACPI Host-PCI bridge\u003e on acpi0\npci3: \u003cACPI PCI bus\u003e on pcib3\npci3: domain=0, physical bus=3\nfound-\u003e\tvendor=0x1014, dev=0x0308, revid=0x01\n\tdomain=0, bus=3, slot=0, func=0\n\tclass=06-04-01, hdrtype=0x01, mfdev=0\n\tcmdreg=0x0007, statreg=0x0010, cachelnsz=16 (dwords)\n\tlattimer=0x00 (0 ns), mingnt=0x03 (750 ns), maxlat=0x00 (0 ns)\n\tpowerspec 3  supports D0 D1 D2 D3  current D0\npcib4: \u003cACPI PCI-PCI bridge\u003e at device 0.0 on pci3\npcib4:   domain            0\npcib4:   secondary bus     4\npcib4:   subordinate bus   4\npcib4:   I/O decode        0xf000-0xefff\npcib4:   no prefetched decode\npcib4:   Subtractively decoded bridge.\npci4: \u003cACPI PCI bus\u003e on pcib4\npci4: domain=0, physical bus=4\nfound-\u003e\tvendor=0x1000, dev=0x0062, revid=0x04\n\tdomain=0, bus=4, slot=0, func=0\n\tclass=01-00-00, hdrtype=0x00, mfdev=0\n\tcmdreg=0x0047, statreg=0x0010, cachelnsz=16 (dwords)\n\tlattimer=0x00 (0 ns), mingnt=0x00 (0 ns), maxlat=0x00 (0 ns)\n\tintpin=a, irq=10\n\tpowerspec 2  supports D0 D1 D3  current D0\n\tMSI supports 4 messages, 64 bit\n\tMSI-X supports 4 messages in map 0x10\n\tmap[10]: type Memory, range 64, base 0xf62c0000, size 14, enabled\npcib4: requested memory range 0xf62c0000-0xf62c3fff: good\n\tmap[18]: type I/O Port, range 32, base 0x3400, size  8, enabled\n\tmap[1c]: type Memory, range 64, base 0xf6280000, size 18, enabled\npcib4: requested memory range 0xf6280000-0xf62bffff: good\npcib4: matched entry for 4.0.INTA\npcib4: slot 0 INTA hardwired to IRQ 46\nmpt0: \u003cLSILogic SAS/SATA Adapter\u003e port 0x3400-0x34ff mem 0xf62c0000-0xf62c3fff,0xf6280000-0xf62bffff irq 46 at device 0.0 on pci4\npci4: child mpt0 requested type 4 for rid 0x10, but the BAR says it is an memio\nmpt0: unable to map registers in PIO mode\npcib5: \u003cACPI Host-PCI bridge\u003e on acpi0\npci23: \u003cACPI PCI bus\u003e on pcib5\npci23: domain=0, physical bus=23\nfound-\u003e\tvendor=0x1014, dev=0x0308, revid=0x01\n\tdomain=0, bus=23, slot=0, func=0\n\tclass=06-04-01, hdrtype=0x01, mfdev=0\n\tcmdreg=0x0007, statreg=0x0010, cachelnsz=16 (dwords)\n\tlattimer=0x00 (0 ns), mingnt=0x03 (750 ns), maxlat=0x00 (0 ns)\n\tpowerspec 3  supports D0 D1 D2 D3  current D0\npcib6: \u003cACPI PCI-PCI bridge\u003e at device 0.0 on pci23\npcib6:   domain            0\npcib6:   secondary bus     24\npcib6:   subordinate bus   28\npcib6:   I/O decode        0xf000-0xefff\npcib6:   no prefetched decode\npcib6:   Subtractively decoded bridge.\npci24: \u003cACPI PCI bus\u003e on pcib6\npci24: domain=0, physical bus=24\npcib7: \u003cACPI Host-PCI bridge\u003e on acpi0\npci29: \u003cACPI PCI bus\u003e on pcib7\npci29: domain=0, physical bus=29\nfound-\u003e\tvendor=0x1014, dev=0x0308, revid=0x01\n\tdomain=0, bus=29, slot=0, func=0\n\tclass=06-04-01, hdrtype=0x01, mfdev=0\n\tcmdreg=0x0007, statreg=0x0010, cachelnsz=16 (dwords)\n\tlattimer=0x00 (0 ns), mingnt=0x03 (750 ns), maxlat=0x00 (0 ns)\n\tpowerspec 3  supports D0 D1 D2 D3  current D0\npcib8: \u003cACPI PCI-PCI bridge\u003e at device 0.0 on pci29\npcib8:   domain            0\npcib8:   secondary bus     30\npcib8:   subordinate bus   34\npcib8:   I/O decode        0xf000-0xefff\npcib8:   no prefetched decode\npcib8:   Subtractively decoded bridge.\npci30: \u003cACPI PCI bus\u003e on pcib8\npci30: domain=0, physical bus=30\npcib9: \u003cACPI Host-PCI bridge\u003e on acpi0\npci35: \u003cACPI PCI bus\u003e on pcib9\npci35: domain=0, physical bus=35\nfound-\u003e\tvendor=0x1014, dev=0x0308, revid=0x01\n\tdomain=0, bus=35, slot=0, func=0\n\tclass=06-04-01, hdrtype=0x01, mfdev=0\n\tcmdreg=0x0007, statreg=0x0010, cachelnsz=16 (dwords)\n\tlattimer=0x00 (0 ns), mingnt=0x03 (750 ns), maxlat=0x00 (0 ns)\n\tpowerspec 3  supports D0 D1 D2 D3  current D0\npcib10: \u003cACPI PCI-PCI bridge\u003e at device 0.0 on pci35\npcib10:   domain            0\npcib10:   secondary bus     36\npcib10:   subordinate bus   40\npcib10:   I/O decode        0xf000-0xefff\npcib10:   no prefetched decode\npcib10:   Subtractively decoded bridge.\npci36: \u003cACPI PCI bus\u003e on pcib10\npci36: domain=0, physical bus=36\npcib11: \u003cACPI Host-PCI bridge\u003e on acpi0\npci41: \u003cACPI PCI bus\u003e on pcib11\npci41: domain=0, physical bus=41\nfound-\u003e\tvendor=0x1014, dev=0x0308, revid=0x01\n\tdomain=0, bus=41, slot=0, func=0\n\tclass=06-04-01, hdrtype=0x01, mfdev=0\n\tcmdreg=0x0007, statreg=0x0010, cachelnsz=16 (dwords)\n\tlattimer=0x00 (0 ns), mingnt=0x03 (750 ns), maxlat=0x00 (0 ns)\n\tpowerspec 3  supports D0 D1 D2 D3  current D0\npcib12: \u003cACPI PCI-PCI bridge\u003e at device 0.0 on pci41\npcib12:   domain            0\npcib12:   secondary bus     42\npcib12:   subordinate bus   46\npcib12:   I/O decode        0xf000-0xefff\npcib12:   no prefetched decode\npcib12:   Subtractively decoded bridge.\npci42: \u003cACPI PCI bus\u003e on pcib12\npci42: domain=0, physical bus=42\npcib13: \u003cACPI Host-PCI bridge\u003e on acpi0\npci5: \u003cACPI PCI bus\u003e on pcib13\npci5: domain=0, physical bus=5\nfound-\u003e\tvendor=0x1014, dev=0x0308, revid=0x01\n\tdomain=0, bus=5, slot=0, func=0\n\tclass=06-04-01, hdrtype=0x01, mfdev=0\n\tcmdreg=0x0007, statreg=0x0010, cachelnsz=16 (dwords)\n\tlattimer=0x00 (0 ns), mingnt=0x03 (750 ns), maxlat=0x00 (0 ns)\n\tpowerspec 3  supports D0 D1 D2 D3  current D0\npcib14: \u003cACPI PCI-PCI bridge\u003e at device 0.0 on pci5\npcib14:   domain            0\npcib14:   secondary bus     6\npcib14:   subordinate bus   10\npcib14:   I/O decode        0xf000-0xefff\npcib14:   no prefetched decode\npcib14:   Subtractively decoded bridge.\npci6: \u003cACPI PCI bus\u003e on pcib14\npci6: domain=0, physical bus=6\npcib15: \u003cACPI Host-PCI bridge\u003e on acpi0\npci11: \u003cACPI PCI bus\u003e on pcib15\npci11: domain=0, physical bus=11\nfound-\u003e\tvendor=0x1014, dev=0x0308, revid=0x01\n\tdomain=0, bus=11, slot=0, func=0\n\tclass=06-04-01, hdrtype=0x01, mfdev=0\n\tcmdreg=0x0007, statreg=0x0010, cachelnsz=16 (dwords)\n\tlattimer=0x00 (0 ns), mingnt=0x03 (750 ns), maxlat=0x00 (0 ns)\n\tpowerspec 3  supports D0 D1 D2 D3  current D0\npcib16: \u003cACPI PCI-PCI bridge\u003e at device 0.0 on pci11\npcib16:   domain            0\npcib16:   secondary bus     12\npcib16:   subordinate bus   16\npcib16:   I/O decode        0xf000-0xefff\npcib16:   no prefetched decode\npcib16:   Subtractively decoded bridge.\npci12: \u003cACPI PCI bus\u003e on pcib16\npci12: domain=0, physical bus=12\npcib17: \u003cACPI Host-PCI bridge\u003e on acpi0\npci17: \u003cACPI PCI bus\u003e on pcib17\npci17: domain=0, physical bus=17\nfound-\u003e\tvendor=0x1014, dev=0x0308, revid=0x01\n\tdomain=0, bus=17, slot=0, func=0\n\tclass=06-04-01, hdrtype=0x01, mfdev=0\n\tcmdreg=0x0007, statreg=0x0010, cachelnsz=16 (dwords)\n\tlattimer=0x00 (0 ns), mingnt=0x03 (750 ns), maxlat=0x00 (0 ns)\n\tpowerspec 3  supports D0 D1 D2 D3  current D0\npcib18: \u003cACPI PCI-PCI bridge\u003e at device 0.0 on pci17\npcib18:   domain            0\npcib18:   secondary bus     18\npcib18:   subordinate bus   22\npcib18:   I/O decode        0xf000-0xefff\npcib18:   no prefetched decode\npcib18:   Subtractively decoded bridge.\npci18: \u003cACPI PCI bus\u003e on pcib18\npci18: domain=0, physical bus=18\nuart0: \u003cNon-standard ns8250 class UART with FIFOs\u003e port 0x3f8-0x3ff irq 4 flags 0x10 on acpi0\nioapic0: routing intpin 4 (ISA IRQ 4) to lapic 8 vector 55\nuart0: [FILTER]\nuart0: fast interrupt\natrtc0: \u003cAT realtime clock\u003e port 0x70-0x73 irq 8 on acpi0\natrtc0: registered as a time-of-day clock (resolution 1000000us)\nunknown: status reg test failed ff\nunknown: status reg test failed ff\nunknown: status reg test failed ff\nunknown: status reg test failed ff\nunknown: status reg test failed ff\nunknown: status reg test failed ff\nahc_isa_probe 0: ioport 0xc00 alloc failed\nex_isa_identify()\npnp_identify: Trying Read_Port at 203\npnp_identify: Trying Read_Port at 243\npnp_identify: Trying Read_Port at 283\npnp_identify: Trying Read_Port at 2c3\npnp_identify: Trying Read_Port at 303\npnp_identify: Trying Read_Port at 343\npnp_identify: Trying Read_Port at 383\npnp_identify: Trying Read_Port at 3c3\nPNP Identify complete\nisa_probe_children: disabling PnP devices\npmtimer0 on isa0\nata: ata0 already exists; skipping it\nata: ata1 already exists; skipping it\natrtc: atrtc0 already exists; skipping it\nsc: sc0 already exists; skipping it\nuart: uart0 already exists; skipping it\nisa_probe_children: probing non-PnP devices\norm0: \u003cISA Option ROM\u003e at iomem 0xc0000-0xcafff pnpid ORM0000 on isa0\natkbd: the current kbd controller command byte 004d\natkbd: keyboard ID 0xffffffff (1)\natkbd: failed to reset the keyboard.\nsc0: \u003cSystem console\u003e at flags 0x100 on isa0\nsc0: VGA \u003c16 virtual consoles, flags=0x300\u003e\nsc0: fb0, kbd1, terminal emulator: scteken (teken terminal)\nvga0: \u003cGeneric ISA VGA\u003e at port 0x3c0-0x3df iomem 0xa0000-0xbffff on isa0\natkbdc0: \u003cKeyboard controller (i8042)\u003e at port 0x60,0x64 on isa0\natkbd0: \u003cAT Keyboard\u003e irq 1 on atkbdc0\nkbd0 at atkbd0\nkbd0: atkbd0, AT 84 (1), config:0x0, flags:0x3d0000\nioapic0: routing intpin 1 (ISA IRQ 1) to lapic 8 vector 56\natkbd0: [GIANT-LOCKED]\natkbd0: [ITHREAD]\npsm0: current command byte:004d\npsm0: the aux port is not functioning (-1).\nfdc0 failed to probe at port 0x3f0-0x3f5,0x3f7 irq 6 drq 2 on isa0\nppc0: parallel port not found.\nppc0: \u003cParallel port\u003e failed to probe at irq 7 on isa0\nuart1: \u003cns8250\u003e failed to probe at port 0x2f8-0x2ff irq 3 on isa0\nisa_probe_children: probing PnP devices\np4tcc0: \u003cCPU Frequency Thermal Control\u003e on cpu0\np4tcc1: \u003cCPU Frequency Thermal Control\u003e on cpu1\np4tcc2: \u003cCPU Frequency Thermal Control\u003e on cpu2\np4tcc3: \u003cCPU Frequency Thermal Control\u003e on cpu3\np4tcc4: \u003cCPU Frequency Thermal Control\u003e on cpu4\np4tcc5: \u003cCPU Frequency Thermal Control\u003e on cpu5\np4tcc6: \u003cCPU Frequency Thermal Control\u003e on cpu6\np4tcc7: \u003cCPU Frequency Thermal Control\u003e on cpu7\np4tcc8: \u003cCPU Frequency Thermal Control\u003e on cpu8\np4tcc9: \u003cCPU Frequency Thermal Control\u003e on cpu9\np4tcc10: \u003cCPU Frequency Thermal Control\u003e on cpu10\np4tcc11: \u003cCPU Frequency Thermal Control\u003e on cpu11\np4tcc12: \u003cCPU Frequency Thermal Control\u003e on cpu12\np4tcc13: \u003cCPU Frequency Thermal Control\u003e on cpu13\np4tcc14: \u003cCPU Frequency Thermal Control\u003e on cpu14\np4tcc15: \u003cCPU Frequency Thermal Control\u003e on cpu15\nDevice configuration finished.\nReducing kern.maxvnodes 214283 -\u003e 100000\nprocfs registered\nlapic: Divisor 2, Frequency 133266725 Hz\nTimecounter \"TSC\" frequency 2132267528 Hz quality -100\nTimecounters tick every 1.000 msec\nvlan: initialized, using hash tables with chaining\nlo0: bpf attached\nhptrr: no controller detected.\nata0: Identifying devices: 00030000\nata0: New devices: 00030000\nmd0: Preloaded image \u003c/boot/mfsroot\u003e 4423680 bytes at 0xc0fb5484\nusbus0: 12Mbps Full Speed USB v1.0\nusbus1: 12Mbps Full Speed USB v1.0\nusbus2: 12Mbps Full Speed USB v1.0\nusbus3: 12Mbps Full Speed USB v1.0\nusbus4: 480Mbps High Speed USB v2.0\nugen0.1: \u003cIntel\u003e at usbus0\nuhub0: \u003cIntel UHCI root HUB, class 9/0, rev 1.00/1.00, addr 1\u003e on usbus0\nugen1.1: \u003cIntel\u003e at usbus1\nuhub1: \u003cIntel UHCI root HUB, class 9/0, rev 1.00/1.00, addr 1\u003e on usbus1\nugen2.1: \u003cIntel\u003e at usbus2\nuhub2: \u003cIntel UHCI root HUB, class 9/0, rev 1.00/1.00, addr 1\u003e on usbus2\nugen3.1: \u003cIntel\u003e at usbus3\nuhub3: \u003cIntel UHCI root HUB, class 9/0, rev 1.00/1.00, addr 1\u003e on usbus3\nugen4.1: \u003cIntel\u003e at usbus4\nuhub4: \u003cIntel EHCI root HUB, class 9/0, rev 2.00/1.00, addr 1\u003e on usbus4\nuhub0: 2 ports with 2 removable, self powered\nuhub1: 2 ports with 2 removable, self powered\nuhub2: 2 ports with 2 removable, self powered\nuhub3: 2 ports with 2 removable, self powered\nbce0: bce_pulse(): Bootcode lost the driver pulse! (bc_state = 0x0003200E)\nbce1: bce_pulse(): Bootcode lost the driver pulse! (bc_state = 0x0003200E)\nata0: reiniting channel ..\nata0: reset tp1 mask=03 ostat0=00 ostat1=00\nata0: stat0=0x00 err=0x01 lsb=0x14 msb=0xeb\nata0: stat1=0x00 err=0x01 lsb=0x14 msb=0xeb\nata0: reset tp2 stat0=00 stat1=00 devices=0x30000\nata0: reinit done ..\nunknown: FAILURE - ATAPI_IDENTIFY timed out LBA=0\nata0: reiniting channel ..\nata0: reset tp1 mask=03 ostat0=00 ostat1=00\nata0: stat0=0x00 err=0x01 lsb=0x14 msb=0xeb\nata0: stat1=0x00 err=0x01 lsb=0x14 msb=0xeb\nata0: reset tp2 stat0=00 stat1=00 devices=0x30000\nata0: reinit done ..\nunknown: FAILURE - ATAPI_IDENTIFY timed out LBA=0\nata0-master: pio=PIO4 wdma=WDMA2 udma=UDMA100 cable=40 wire\nacd0: setting UDMA100\nacd0: \u003cTSSTcorp CDDVDW TS-L633B/IB03\u003e DVDR drive at ata0 as master\nacd0: read 4134KB/s (4134KB/s) write 172KB/s (4134KB/s), 2048KB buffer, UDMA100 SATA\nacd0: Reads: CDR, CDRW, CDDA stream, DVDROM, DVDR, DVDRAM, packet\nacd0: Writes: CDR, CDRW, DVDR, DVDRAM, test write, burnproof\nacd0: Audio: play, 256 volume levels\nacd0: Mechanism: ejectable tray, unlocked\nacd0: Medium: no/blank disc\nata1: Identifying devices: 00000000\nata1: New devices: 00000000\nATA PseudoRAID loaded\nSMP: AP CPU #1 Launched!\ncpu1 AP:\n     ID: 0x09000000   VER: 0x00050014 LDR: 0x00000000 DFR: 0xffffffff\n  lint0: 0x00010700 lint1: 0x00000400 TPR: 0x00000000 SVR: 0x000001ff\n  timer: 0x000200ef therm: 0x00010000 err: 0x000000f0 pmc: 0x00010400\nSMP: AP CPU #8 Launched!\ncpu8 AP:\n     ID: 0x20000000   VER: 0x00050014 LDR: 0x00000000 DFR: 0xffffffff\n  lint0: 0x00010700 lint1: 0x00000400 TPR: 0x00000000 SVR: 0x000001ff\n  timer: 0x000200ef therm: 0x00010000 err: 0x000000f0 pmc: 0x00010400\nSMP: AP CPU #12 Launched!\ncpu12 AP:\n     ID: 0x38000000   VER: 0x00050014 LDR: 0x00000000 DFR: 0xffffffff\n  lint0: 0x00010700 lint1: 0x00000400 TPR: 0x00000000 SVR: 0x000001ff\n  timer: 0x000200ef therm: 0x00010000 err: 0x000000f0 pmc: 0x00010400\nSMP: AP CPU #4 Launched!\ncpu4 AP:\n     ID: 0x10000000   VER: 0x00050014 LDR: 0x00000000 DFR: 0xffffffff\n  lint0: 0x00010700 lint1: 0x00000400 TPR: 0x00000000 SVR: 0x000001ff\n  timer: 0x000200ef therm: 0x00010000 err: 0x000000f0 pmc: 0x00010400\nSMP: AP CPU #3 Launched!\ncpu3 AP:\n     ID: 0x0b000000   VER: 0x00050014 LDR: 0x00000000 DFR: 0xffffffff\n  lint0: 0x00010700 lint1: 0x00000400 TPR: 0x00000000 SVR: 0x000001ff\n  timer: 0x000200ef therm: 0x00010000 err: 0x000000f0 pmc: 0x00010400\nSMP: AP CPU #11 Launched!\ncpu11 AP:\n     ID: 0x23000000   VER: 0x00050014 LDR: 0x00000000 DFR: 0xffffffff\n  lint0: 0x00010700 lint1: 0x00000400 TPR: 0x00000000 SVR: 0x000001ff\n  timer: 0x000200ef therm: 0x00010000 err: 0x000000f0 pmc: 0x00010400\nSMP: AP CPU #5 Launched!\ncpu5 AP:\n     ID: 0x11000000   VER: 0x00050014 LDR: 0x00000000 DFR: 0xffffffff\n  lint0: 0x00010700 lint1: 0x00000400 TPR: 0x00000000 SVR: 0x000001ff\n  timer: 0x000200ef therm: 0x00010000 err: 0x000000f0 pmc: 0x00010400\nSMP: AP CPU #14 Launched!\ncpu14 AP:\n     ID: 0x3a000000   VER: 0x00050014 LDR: 0x00000000 DFR: 0xffffffff\n  lint0: 0x00010700 lint1: 0x00000400 TPR: 0x00000000 SVR: 0x000001ff\n  timer: 0x000200ef therm: 0x00010000 err: 0x000000f0 pmc: 0x00010400\nSMP: AP CPU #15 Launched!\ncpu15 AP:\n     ID: 0x3b000000   VER: 0x00050014 LDR: 0x00000000 DFR: 0xffffffff\n  lint0: 0x00010700 lint1: 0x00000400 TPR: 0x00000000 SVR: 0x000001ff\n  timer: 0x000200ef therm: 0x00010000 err: 0x000000f0 pmc: 0x00010400\nSMP: AP CPU #10 Launched!\ncpu10 AP:\n     ID: 0x22000000   VER: 0x00050014 LDR: 0x00000000 DFR: 0xffffffff\n  lint0: 0x00010700 lint1: 0x00000400 TPR: 0x00000000 SVR: 0x000001ff\n  timer: 0x000200ef therm: 0x00010000 err: 0x000000f0 pmc: 0x00010400\nSMP: AP CPU #2 Launched!\ncpu2 AP:\n     ID: 0x0a000000   VER: 0x00050014 LDR: 0x00000000 DFR: 0xffffffff\n  lint0: 0x00010700 lint1: 0x00000400 TPR: 0x00000000 SVR: 0x000001ff\n  timer: 0x000200ef therm: 0x00010000 err: 0x000000f0 pmc: 0x00010400\nSMP: AP CPU #7 Launched!\ncpu7 AP:\n     ID: 0x13000000   VER: 0x00050014 LDR: 0x00000000 DFR: 0xffffffff\n  lint0: 0x00010700 lint1: 0x00000400 TPR: 0x00000000 SVR: 0x000001ff\n  timer: 0x000200ef therm: 0x00010000 err: 0x000000f0 pmc: 0x00010400\nSMP: AP CPU #13 Launched!\ncpu13 AP:\n     ID: 0x39000000   VER: 0x00050014 LDR: 0x00000000 DFR: 0xffffffff\n  lint0: 0x00010700 lint1: 0x00000400 TPR: 0x00000000 SVR: 0x000001ff\n  timer: 0x000200ef therm: 0x00010000 err: 0x000000f0 pmc: 0x00010400\nSMP: AP CPU #9 Launched!\ncpu9 AP:\n     ID: 0x21000000   VER: 0x00050014 LDR: 0x00000000 DFR: 0xffffffff\n  lint0: 0x00010700 lint1: 0x00000400 TPR: 0x00000000 SVR: 0x000001ff\n  timer: 0x000200ef therm: 0x00010000 err: 0x000000f0 pmc: 0x00010400\nSMP: AP CPU #6 Launched!\ncpu6 AP:\n     ID: 0x12000000   VER: 0x00050014 LDR: 0x00000000 DFR: 0xffffffff\n  lint0: 0x00010700 lint1: 0x00000400 TPR: 0x00000000 SVR: 0x000001ff\n  timer: 0x000200ef therm: 0x00010000 err: 0x000000f0 pmc: 0x00010400\nioapic0: routing intpin 4 (ISA IRQ 4) to lapic 9 vector 48\nioapic0: routing intpin 9 (ISA IRQ 9) to lapic 10 vector 48\nioapic0: routing intpin 14 (ISA IRQ 14) to lapic 11 vector 48\nioapic0: routing intpin 15 (ISA IRQ 15) to lapic 16 vector 48\nioapic0: routing intpin 17 (PCI IRQ 17) to lapic 17 vector 48\nioapic0: routing intpin 18 (PCI IRQ 18) to lapic 18 vector 48\nioapic0: routing intpin 19 (PCI IRQ 19) to lapic 19 vector 48\nioapic0: routing intpin 23 (PCI IRQ 23) to lapic 32 vector 48\nmsi: Assigning MSI IRQ 256 to local APIC 33 vector 48\nmsi: Assigning MSI IRQ 257 to local APIC 34 vector 48\nRoot mount waiting for: usbus4\nRoot mount waiting for: usbus4\nuhub4: 8 ports with 8 removable, self powered\nRoot mount waiting for: usbus4\nugen0.2: \u003cvendor 0x0566\u003e at usbus0\nukbd0: \u003cvendor 0x0566 product 0x3002, class 0/0, rev 1.10/1.01, addr 2\u003e on usbus0\nkbd2 at ukbd0\nkbd2: ukbd0, generic (0), config:0x0, flags:0x3d0000\nugen4.2: \u003cJetFlash\u003e at usbus4\numass0: \u003cJetFlash Mass Storage Device, class 0/0, rev 2.00/11.00, addr 2\u003e on usbus4\numass0:  SCSI over Bulk-Only; quirks = 0x0000\nuhid0: \u003cvendor 0x0566 product 0x3002, class 0/0, rev 1.10/1.01, addr 2\u003e on usbus0\nugen2.2: \u003cIBM\u003e at usbus2\nukbd1: \u003cHID KB\u003e on usbus2\nkbd3 at ukbd1\nkbd3: ukbd1, generic (0), config:0x0, flags:0x3d0000\numass0:0:0:-1: Attached to scbus0\nTrying to mount root from ufs:/dev/md0\nct_to_ts([2010-08-03 05:32:52]) = 1280813572.000000000\nstart_init: trying /sbin/init\nstart_init: trying /sbin/oinit\nstart_init: trying /sbin/init.bak\nstart_init: trying /rescue/init\nstart_init: trying /stand/sysinstall\nums0: \u003cHID MS\u003e on usbus2\nums0: 3 buttons and [Z] coordinates ID=0\nuhid1: \u003cHID SYS\u003e on usbus2\n(probe0:umass-sim0:0:0:0): Down reving Protocol Version from 2 to 0?\n(probe0:umass-sim0:0:0:0): SCSI status error\n(probe0:umass-sim0:0:0:0): TEST UNIT READY. CDB: 0 0 0 0 0 0 \n(probe0:umass-sim0:0:0:0): CAM status: SCSI Status Error\n(probe0:umass-sim0:0:0:0): SCSI status: Check Condition\n(probe0:umass-sim0:0:0:0): SCSI sense: UNIT ATTENTION asc:28,0 (Not ready to ready change, medium may have changed)\n(probe0:umass-sim0:0:0:0): Retrying command (per sense data)\nGEOM: new disk da0\npass0 at umass-sim0 bus 0 scbus0 target 0 lun 0\npass0: \u003cJetFlash Transcend 4GB 1100\u003e Removable Direct Access SCSI-0 device \npass0: Serial Number 857ZXGD7HJBP4QST\npass0: 40.000MB/s transfers\nda0 at umass-sim0 bus 0 scbus0 target 0 lun 0\nda0: \u003cJetFlash Transcend 4GB 1100\u003e Removable Direct Access SCSI-0 device \nda0: Serial Number 857ZXGD7HJBP4QST\nda0: 40.000MB/s transfers\nda0: 3864MB (7913472 512 byte sectors: 255H 63S/T 492C)\nGEOM: da0: media size does not match label.\nbce0: Gigabit link up!\nbce0: Gigabit link up!"
}