{
 "id": 884442,
 "bug_id": 210438,
 "attachment_id": 0,
 "creation_time": "2016-06-21T14:35:54Z",
 "creator": "borjam@sarenet.es",
 "text": "The system has been working for a month more or less, I've been doing tests and benchmarks on it.\n\nborjam@clientes-nvme1:~ % cat /var/run/dmesg.boot \nCopyright (c) 1992-2016 The FreeBSD Project.\nCopyright (c) 1979, 1980, 1983, 1986, 1988, 1989, 1991, 1992, 1993, 1994\n\tThe Regents of the University of California. All rights reserved.\nFreeBSD is a registered trademark of The FreeBSD Foundation.\nFreeBSD 10.3-RELEASE-p5 #10: Tue Jun 21 13:10:06 CEST 2016\n    root@clientes-nvme1.sare.net:/usr/obj/usr/src/sys/GENERIC amd64\nFreeBSD clang version 3.4.1 (tags/RELEASE_34/dot1-final 208032) 20140512\nCPU: Intel(R) Xeon(R) CPU E5-2630 v3 @ 2.40GHz (2400.05-MHz K8-class CPU)\n  Origin=\"GenuineIntel\"  Id=0x306f2  Family=0x6  Model=0x3f  Stepping=2\n  Features=0xbfebfbff\u003cFPU,VME,DE,PSE,TSC,MSR,PAE,MCE,CX8,APIC,SEP,MTRR,PGE,MCA,CMOV,PAT,PSE36,CLFLUSH,DTS,ACPI,MMX,FXSR,SSE,SSE2,SS,HTT,TM,PBE\u003e\n  Features2=0x7ffefbff\u003cSSE3,PCLMULQDQ,DTES64,MON,DS_CPL,VMX,SMX,EST,TM2,SSSE3,SDBG,FMA,CX16,xTPR,PDCM,PCID,DCA,SSE4.1,SSE4.2,x2APIC,MOVBE,POPCNT,TSCDLT,AESNI,XSAVE,OSXSAVE,AVX,F16C,RDRAND\u003e\n  AMD Features=0x2c100800\u003cSYSCALL,NX,Page1GB,RDTSCP,LM\u003e\n  AMD Features2=0x21\u003cLAHF,ABM\u003e\n  Structured Extended Features=0x37ab\u003cFSGSBASE,TSCADJ,BMI1,AVX2,SMEP,BMI2,ERMS,INVPCID,PQM,NFPUSG\u003e\n  XSAVE Features=0x1\u003cXSAVEOPT\u003e\n  VT-x: PAT,HLT,MTF,PAUSE,EPT,UG,VPID,VID,PostIntr\n  TSC: P-state invariant, performance statistics\nreal memory  = 137438953472 (131072 MB)\navail memory = 133409009664 (127228 MB)\nEvent timer \"LAPIC\" quality 600\nACPI APIC Table: \u003cSUPERM SMCI--MB\u003e\nFreeBSD/SMP: Multiprocessor System Detected: 32 CPUs\nFreeBSD/SMP: 2 package(s) x 8 core(s) x 2 SMT threads\n cpu0 (BSP): APIC ID:  0\n cpu1 (AP): APIC ID:  1\n cpu2 (AP): APIC ID:  2\n cpu3 (AP): APIC ID:  3\n cpu4 (AP): APIC ID:  4\n cpu5 (AP): APIC ID:  5\n cpu6 (AP): APIC ID:  6\n cpu7 (AP): APIC ID:  7\n cpu8 (AP): APIC ID:  8\n cpu9 (AP): APIC ID:  9\n cpu10 (AP): APIC ID: 10\n cpu11 (AP): APIC ID: 11\n cpu12 (AP): APIC ID: 12\n cpu13 (AP): APIC ID: 13\n cpu14 (AP): APIC ID: 14\n cpu15 (AP): APIC ID: 15\n cpu16 (AP): APIC ID: 16\n cpu17 (AP): APIC ID: 17\n cpu18 (AP): APIC ID: 18\n cpu19 (AP): APIC ID: 19\n cpu20 (AP): APIC ID: 20\n cpu21 (AP): APIC ID: 21\n cpu22 (AP): APIC ID: 22\n cpu23 (AP): APIC ID: 23\n cpu24 (AP): APIC ID: 24\n cpu25 (AP): APIC ID: 25\n cpu26 (AP): APIC ID: 26\n cpu27 (AP): APIC ID: 27\n cpu28 (AP): APIC ID: 28\n cpu29 (AP): APIC ID: 29\n cpu30 (AP): APIC ID: 30\n cpu31 (AP): APIC ID: 31\nrandom: \u003cSoftware, Yarrow\u003e initialized\nioapic0 \u003cVersion 2.0\u003e irqs 0-23 on motherboard\nioapic1 \u003cVersion 2.0\u003e irqs 24-47 on motherboard\nioapic2 \u003cVersion 2.0\u003e irqs 48-71 on motherboard\nkbd1 at kbdmux0\nmodule_register_init: MOD_LOAD (vesa, 0xffffffff80de2590, 0) error 19\nacpi0: \u003cSUPERM SMCI--MB\u003e on motherboard\nacpi0: Power Button (fixed)\ncpu0: \u003cACPI CPU\u003e on acpi0\ncpu1: \u003cACPI CPU\u003e on acpi0\ncpu2: \u003cACPI CPU\u003e on acpi0\ncpu3: \u003cACPI CPU\u003e on acpi0\ncpu4: \u003cACPI CPU\u003e on acpi0\ncpu5: \u003cACPI CPU\u003e on acpi0\ncpu6: \u003cACPI CPU\u003e on acpi0\ncpu7: \u003cACPI CPU\u003e on acpi0\ncpu8: \u003cACPI CPU\u003e on acpi0\ncpu9: \u003cACPI CPU\u003e on acpi0\ncpu10: \u003cACPI CPU\u003e on acpi0\ncpu11: \u003cACPI CPU\u003e on acpi0\ncpu12: \u003cACPI CPU\u003e on acpi0\ncpu13: \u003cACPI CPU\u003e on acpi0\ncpu14: \u003cACPI CPU\u003e on acpi0\ncpu15: \u003cACPI CPU\u003e on acpi0\ncpu16: \u003cACPI CPU\u003e on acpi0\ncpu17: \u003cACPI CPU\u003e on acpi0\ncpu18: \u003cACPI CPU\u003e on acpi0\ncpu19: \u003cACPI CPU\u003e on acpi0\ncpu20: \u003cACPI CPU\u003e on acpi0\ncpu21: \u003cACPI CPU\u003e on acpi0\ncpu22: \u003cACPI CPU\u003e on acpi0\ncpu23: \u003cACPI CPU\u003e on acpi0\ncpu24: \u003cACPI CPU\u003e on acpi0\ncpu25: \u003cACPI CPU\u003e on acpi0\ncpu26: \u003cACPI CPU\u003e on acpi0\ncpu27: \u003cACPI CPU\u003e on acpi0\ncpu28: \u003cACPI CPU\u003e on acpi0\ncpu29: \u003cACPI CPU\u003e on acpi0\ncpu30: \u003cACPI CPU\u003e on acpi0\ncpu31: \u003cACPI CPU\u003e on acpi0\natrtc0: \u003cAT realtime clock\u003e port 0x70-0x71,0x74-0x77 irq 8 on acpi0\nEvent timer \"RTC\" frequency 32768 Hz quality 0\nattimer0: \u003cAT timer\u003e port 0x40-0x43,0x50-0x53 irq 0 on acpi0\nTimecounter \"i8254\" frequency 1193182 Hz quality 0\nEvent timer \"i8254\" frequency 1193182 Hz quality 100\nhpet0: \u003cHigh Precision Event Timer\u003e iomem 0xfed00000-0xfed003ff on acpi0\nTimecounter \"HPET\" frequency 14318180 Hz quality 950\nEvent timer \"HPET\" frequency 14318180 Hz quality 350\nEvent timer \"HPET1\" frequency 14318180 Hz quality 340\nEvent timer \"HPET2\" frequency 14318180 Hz quality 340\nEvent timer \"HPET3\" frequency 14318180 Hz quality 340\nEvent timer \"HPET4\" frequency 14318180 Hz quality 340\nEvent timer \"HPET5\" frequency 14318180 Hz quality 340\nEvent timer \"HPET6\" frequency 14318180 Hz quality 340\nEvent timer \"HPET7\" frequency 14318180 Hz quality 340\nTimecounter \"ACPI-fast\" frequency 3579545 Hz quality 900\nacpi_timer0: \u003c24-bit timer at 3.579545MHz\u003e port 0x408-0x40b on acpi0\npcib0: \u003cACPI Host-PCI bridge\u003e on acpi0\npci255: \u003cACPI PCI bus\u003e on pcib0\npcib1: \u003cACPI Host-PCI bridge\u003e on acpi0\npci127: \u003cACPI PCI bus\u003e on pcib1\npcib2: \u003cACPI Host-PCI bridge\u003e port 0xcf8-0xcff on acpi0\npci0: \u003cACPI PCI bus\u003e on pcib2\npcib3: \u003cACPI PCI-PCI bridge\u003e irq 26 at device 1.0 on pci0\npci1: \u003cACPI PCI bus\u003e on pcib3\nix0: \u003cIntel(R) PRO/10GbE PCI-Express Network Driver, Version - 3.1.13-k\u003e port 0x6020-0x603f mem 0xc7c00000-0xc7dfffff,0xc7e04000-0xc7e07fff irq 26 at device 0.0 on pci1\nix0: Using MSIX interrupts with 9 vectors\nix0: Invalid advertised speed; valid modes are 0x1 through 0x7\nix0: Ethernet address: 0c:c4:7a:a3:24:1e\nix0: PCI Express Bus: Speed 5.0GT/s Width x8\nix1: \u003cIntel(R) PRO/10GbE PCI-Express Network Driver, Version - 3.1.13-k\u003e port 0x6000-0x601f mem 0xc7a00000-0xc7bfffff,0xc7e00000-0xc7e03fff irq 28 at device 0.1 on pci1\nix1: Using MSIX interrupts with 9 vectors\nix1: Invalid advertised speed; valid modes are 0x1 through 0x7\nix1: Ethernet address: 0c:c4:7a:a3:24:1f\nix1: PCI Express Bus: Speed 5.0GT/s Width x8\npcib4: \u003cACPI PCI-PCI bridge\u003e irq 32 at device 2.0 on pci0\npci2: \u003cACPI PCI bus\u003e on pcib4\nnvme0: \u003cDC P3500 SSD [2.5\" SFF]\u003e mem 0xc7510000-0xc7513fff irq 32 at device 0.0 on pci2\npcib5: \u003cACPI PCI-PCI bridge\u003e irq 32 at device 2.1 on pci0\npci3: \u003cACPI PCI bus\u003e on pcib5\nnvme1: \u003cDC P3500 SSD [2.5\" SFF]\u003e mem 0xc7410000-0xc7413fff irq 33 at device 0.0 on pci3\npcib6: \u003cACPI PCI-PCI bridge\u003e irq 32 at device 2.2 on pci0\npci4: \u003cACPI PCI bus\u003e on pcib6\npcib7: \u003cACPI PCI-PCI bridge\u003e irq 40 at device 3.0 on pci0\npci5: \u003cACPI PCI bus\u003e on pcib7\nnvme2: \u003cDC P3500 SSD [2.5\" SFF]\u003e mem 0xc7310000-0xc7313fff irq 40 at device 0.0 on pci5\npcib8: \u003cACPI PCI-PCI bridge\u003e irq 40 at device 3.1 on pci0\npci6: \u003cACPI PCI bus\u003e on pcib8\npcib9: \u003cACPI PCI-PCI bridge\u003e irq 40 at device 3.2 on pci0\npci7: \u003cACPI PCI bus\u003e on pcib9\nnvme3: \u003cDC P3500 SSD [2.5\" SFF]\u003e mem 0xc7210000-0xc7213fff irq 42 at device 0.0 on pci7\npcib10: \u003cACPI PCI-PCI bridge\u003e irq 40 at device 3.3 on pci0\npci8: \u003cACPI PCI bus\u003e on pcib10\nnvme4: \u003cDC P3500 SSD [2.5\" SFF]\u003e mem 0xc7110000-0xc7113fff irq 43 at device 0.0 on pci8\npci0: \u003cunknown\u003e at device 17.0 (no driver attached)\nahci0: \u003cIntel Wellsburg AHCI SATA controller\u003e port 0x7110-0x7117,0x7100-0x7103,0x70f0-0x70f7,0x70e0-0x70e3,0x7020-0x703f mem 0xc7606000-0xc76067ff irq 16 at device 17.4 on pci0\nahci0: AHCI v1.30 with 4 6Gbps ports, Port Multiplier not supported\nahcich0: \u003cAHCI channel\u003e at channel 0 on ahci0\nahcich1: \u003cAHCI channel\u003e at channel 1 on ahci0\nahcich2: \u003cAHCI channel\u003e at channel 2 on ahci0\nahcich3: \u003cAHCI channel\u003e at channel 3 on ahci0\nahciem0: \u003cAHCI enclosure management bridge\u003e on ahci0\nxhci0: \u003cXHCI (generic) USB 3.0 controller\u003e mem 0x383ffff00000-0x383ffff0ffff irq 19 at device 20.0 on pci0\nxhci0: 32 bytes context size, 64-bit DMA\nusbus0 on xhci0\npci0: \u003csimple comms\u003e at device 22.0 (no driver attached)\npci0: \u003csimple comms\u003e at device 22.1 (no driver attached)\nehci0: \u003cEHCI (generic) USB 2.0 controller\u003e mem 0xc7602000-0xc76023ff irq 18 at device 26.0 on pci0\nusbus1: EHCI version 1.0\nusbus1 on ehci0\npcib11: \u003cACPI PCI-PCI bridge\u003e irq 16 at device 28.0 on pci0\npci9: \u003cACPI PCI bus\u003e on pcib11\npcib12: \u003cACPI PCI-PCI bridge\u003e irq 18 at device 28.2 on pci0\npci10: \u003cACPI PCI bus\u003e on pcib12\npcib13: \u003cACPI PCI-PCI bridge\u003e at device 0.0 on pci10\npci11: \u003cACPI PCI bus\u003e on pcib13\nvgapci0: \u003cVGA-compatible display\u003e port 0x5000-0x507f mem 0xc6000000-0xc6ffffff,0xc7000000-0xc701ffff irq 18 at device 0.0 on pci11\nvgapci0: Boot video device\nehci1: \u003cEHCI (generic) USB 2.0 controller\u003e mem 0xc7601000-0xc76013ff irq 18 at device 29.0 on pci0\nusbus2: EHCI version 1.0\nusbus2 on ehci1\nisab0: \u003cPCI-ISA bridge\u003e at device 31.0 on pci0\nisa0: \u003cISA bus\u003e on isab0\nahci1: \u003cIntel Patsburg (RAID) AHCI SATA controller\u003e port 0x7070-0x7077,0x7060-0x7063,0x7050-0x7057,0x7040-0x7043,0x7000-0x701f mem 0xc7600000-0xc76007ff irq 16 at device 31.2 on pci0\nahci1: AHCI v1.30 with 6 6Gbps ports, Port Multiplier not supported\nahcich4: \u003cAHCI channel\u003e at channel 0 on ahci1\nahcich5: \u003cAHCI channel\u003e at channel 1 on ahci1\nahcich6: \u003cAHCI channel\u003e at channel 2 on ahci1\nahcich7: \u003cAHCI channel\u003e at channel 3 on ahci1\nahcich8: \u003cAHCI channel\u003e at channel 4 on ahci1\nahcich9: \u003cAHCI channel\u003e at channel 5 on ahci1\nahciem1: \u003cAHCI enclosure management bridge\u003e on ahci1\npcib14: \u003cACPI Host-PCI bridge\u003e on acpi0\npci128: \u003cACPI PCI bus\u003e on pcib14\npcib15: \u003cACPI PCI-PCI bridge\u003e at device 0.0 on pci128\npci129: \u003cACPI PCI bus\u003e on pcib15\npcib16: \u003cACPI PCI-PCI bridge\u003e irq 50 at device 1.0 on pci128\npci130: \u003cACPI PCI bus\u003e on pcib16\nix2: \u003cIntel(R) PRO/10GbE PCI-Express Network Driver, Version - 3.1.13-k\u003e port 0xf020-0xf03f mem 0xfb880000-0xfb8fffff,0xfb904000-0xfb907fff irq 50 at device 0.0 on pci130\nix2: Using MSIX interrupts with 9 vectors\nix2: Advertised speed can only be set on copper or multispeed fiber media types.\nix2: Ethernet address: 0c:c4:7a:bd:70:26\nix2: PCI Express Bus: Speed 5.0GT/s Width x8\nix3: \u003cIntel(R) PRO/10GbE PCI-Express Network Driver, Version - 3.1.13-k\u003e port 0xf000-0xf01f mem 0xfb800000-0xfb87ffff,0xfb900000-0xfb903fff irq 52 at device 0.1 on pci130\nix3: Using MSIX interrupts with 9 vectors\nix3: Advertised speed can only be set on copper or multispeed fiber media types.\nix3: Ethernet address: 0c:c4:7a:bd:70:27\nix3: PCI Express Bus: Speed 5.0GT/s Width x8\npcib17: \u003cACPI PCI-PCI bridge\u003e irq 56 at device 2.0 on pci128\npci131: \u003cACPI PCI bus\u003e on pcib17\nnvme5: \u003cDC P3500 SSD [2.5\" SFF]\u003e mem 0xfbd10000-0xfbd13fff irq 56 at device 0.0 on pci131\npcib18: \u003cACPI PCI-PCI bridge\u003e irq 56 at device 2.1 on pci128\npci132: \u003cACPI PCI bus\u003e on pcib18\nnvme6: \u003cDC P3500 SSD [2.5\" SFF]\u003e mem 0xfbc10000-0xfbc13fff irq 57 at device 0.0 on pci132\npcib19: \u003cACPI PCI-PCI bridge\u003e irq 56 at device 2.2 on pci128\npci133: \u003cACPI PCI bus\u003e on pcib19\nnvme7: \u003cDC P3500 SSD [2.5\" SFF]\u003e mem 0xfbb10000-0xfbb13fff irq 58 at device 0.0 on pci133\npcib20: \u003cACPI PCI-PCI bridge\u003e irq 56 at device 2.3 on pci128\npci134: \u003cACPI PCI bus\u003e on pcib20\nnvme8: \u003cDC P3500 SSD [2.5\" SFF]\u003e mem 0xfba10000-0xfba13fff irq 59 at device 0.0 on pci134\npcib21: \u003cACPI PCI-PCI bridge\u003e irq 64 at device 3.0 on pci128\npci135: \u003cACPI PCI bus\u003e on pcib21\npcib22: \u003cACPI PCI-PCI bridge\u003e irq 64 at device 3.2 on pci128\npci136: \u003cACPI PCI bus\u003e on pcib22\nacpi_button0: \u003cPower Button\u003e on acpi0\nuart0: \u003c16550 or compatible\u003e port 0x3f8-0x3ff irq 4 flags 0x10 on acpi0\nuart1: \u003c16550 or compatible\u003e port 0x2f8-0x2ff irq 3 on acpi0\norm0: \u003cISA Option ROMs\u003e at iomem 0xc0000-0xc7fff,0xd0800-0xd17ff,0xd1800-0xd27ff on isa0\nsc0: \u003cSystem console\u003e at flags 0x100 on isa0\nsc0: CGA \u003c16 virtual consoles, flags=0x300\u003e\nvga0: \u003cGeneric ISA VGA\u003e at port 0x3d0-0x3db iomem 0xb8000-0xbffff on isa0\nppc0: cannot reserve I/O port range\nest0: \u003cEnhanced SpeedStep Frequency Control\u003e on cpu0\nest1: \u003cEnhanced SpeedStep Frequency Control\u003e on cpu1\nest2: \u003cEnhanced SpeedStep Frequency Control\u003e on cpu2\nest3: \u003cEnhanced SpeedStep Frequency Control\u003e on cpu3\nest4: \u003cEnhanced SpeedStep Frequency Control\u003e on cpu4\nest5: \u003cEnhanced SpeedStep Frequency Control\u003e on cpu5\nest6: \u003cEnhanced SpeedStep Frequency Control\u003e on cpu6\nest7: \u003cEnhanced SpeedStep Frequency Control\u003e on cpu7\nest8: \u003cEnhanced SpeedStep Frequency Control\u003e on cpu8\nest9: \u003cEnhanced SpeedStep Frequency Control\u003e on cpu9\nest10: \u003cEnhanced SpeedStep Frequency Control\u003e on cpu10\nest11: \u003cEnhanced SpeedStep Frequency Control\u003e on cpu11\nest12: \u003cEnhanced SpeedStep Frequency Control\u003e on cpu12\nest13: \u003cEnhanced SpeedStep Frequency Control\u003e on cpu13\nest14: \u003cEnhanced SpeedStep Frequency Control\u003e on cpu14\nest15: \u003cEnhanced SpeedStep Frequency Control\u003e on cpu15\nest16: \u003cEnhanced SpeedStep Frequency Control\u003e on cpu16\nest17: \u003cEnhanced SpeedStep Frequency Control\u003e on cpu17\nest18: \u003cEnhanced SpeedStep Frequency Control\u003e on cpu18\nest19: \u003cEnhanced SpeedStep Frequency Control\u003e on cpu19\nest20: \u003cEnhanced SpeedStep Frequency Control\u003e on cpu20\nest21: \u003cEnhanced SpeedStep Frequency Control\u003e on cpu21\nest22: \u003cEnhanced SpeedStep Frequency Control\u003e on cpu22\nest23: \u003cEnhanced SpeedStep Frequency Control\u003e on cpu23\nest24: \u003cEnhanced SpeedStep Frequency Control\u003e on cpu24\nest25: \u003cEnhanced SpeedStep Frequency Control\u003e on cpu25\nest26: \u003cEnhanced SpeedStep Frequency Control\u003e on cpu26\nest27: \u003cEnhanced SpeedStep Frequency Control\u003e on cpu27\nest28: \u003cEnhanced SpeedStep Frequency Control\u003e on cpu28\nest29: \u003cEnhanced SpeedStep Frequency Control\u003e on cpu29\nest30: \u003cEnhanced SpeedStep Frequency Control\u003e on cpu30\nest31: \u003cEnhanced SpeedStep Frequency Control\u003e on cpu31\nTimecounters tick every 1.000 msec\nrandom: unblocking device.\nusbus0: 5.0Gbps Super Speed USB v3.0\nusbus1: 480Mbps High Speed USB v2.0\nusbus2: 480Mbps High Speed USB v2.0\nugen1.1: \u003cIntel\u003e at usbus1\nuhub0: \u003cIntel EHCI root HUB, class 9/0, rev 2.00/1.00, addr 1\u003e on usbus1\nugen0.1: \u003c0x8086\u003e at usbus0\nuhub1: \u003c0x8086 XHCI root HUB, class 9/0, rev 3.00/1.00, addr 1\u003e on usbus0\nugen2.1: \u003cIntel\u003e at usbus2\nuhub2: \u003cIntel EHCI root HUB, class 9/0, rev 2.00/1.00, addr 1\u003e on usbus2\nada0 at ahcich8 bus 0 scbus9 target 0 lun 0\nada0: \u003cSATA SSD S9FM02.1\u003e ACS-3 ATA SATA 3.x device\nada0: Serial Number 7EE20759012400125695\nada0: 600.000MB/s transfers (SATA 3.x, UDMA6, PIO 8192bytes)\nada0: Command Queueing enabled\nada0: 61057MB (125045424 512 byte sectors)\nada0: Previously was known as ad20\nada1 at ahcich9 bus 0 scbus10 target 0 lun 0\nada1: \u003cSATA SSD S9FM02.1\u003e ACS-3 ATA SATA 3.x device\nada1: Serial Number 7F2F0759012400116980\nada1: 600.000MB/s transfers (SATA 3.x, UDMA6, PIO 8192bytes)\nada1: Command Queueing enabled\nada1: 61057MB (125045424 512 byte sectors)\nada1: Previously was known as ad22\nses0 at ahciem0 bus 0 scbus4 target 0 lun 0\nses0: \u003cAHCI SGPIO Enclosure 1.00 0001\u003e SEMB S-E-S 2.00 device\nses0: SEMB SES Device\nses1 at ahciem1 bus 0 scbus11 target 0 lun 0\nses1: \u003cAHCI SGPIO Enclosure 1.00 0001\u003e SEMB S-E-S 2.00 device\nses1: SEMB SES Device\nGEOM_RAID: Intel-969e55ac: Array Intel-969e55ac created.\nGEOM_RAID: Intel-969e55ac: Disk ada0 state changed from NONE to ACTIVE.\nGEOM_RAID: Intel-969e55ac: Subdisk SO:0-ada0 state changed from NONE to ACTIVE.\nGEOM_RAID: Intel-969e55ac: Disk ada1 state changed from NONE to ACTIVE.\nGEOM_RAID: Intel-969e55ac: Subdisk SO:1-ada1 state changed from NONE to RESYNC.\nGEOM_RAID: Intel-969e55ac: Array started.\nGEOM_RAID: Intel-969e55ac: Subdisk SO:1-ada1 rebuild start at 4294967296.\nGEOM_RAID: Intel-969e55ac: Volume SO state changed from STARTING to SUBOPTIMAL.\nGEOM_RAID: Intel-969e55ac: Provider raid/r0 for volume SO created.\nnvd0: \u003cINTEL SSDPE2MX020T4\u003e NVMe namespace\nnvd0: 1907729MB (3907029168 512 byte sectors)\nnvd1: \u003cINTEL SSDPE2MX020T4\u003e NVMe namespace\nnvd1: 1907729MB (3907029168 512 byte sectors)\nnvd2: \u003cINTEL SSDPE2MX020T4\u003e NVMe namespace\nnvd2: 1907729MB (3907029168 512 byte sectors)\nnvd3: \u003cINTEL SSDPE2MX020T4\u003e NVMe namespace\nnvd3: 1907729MB (3907029168 512 byte sectors)\nnvd4: \u003cINTEL SSDPE2MX020T4\u003e NVMe namespace\nnvd4: 1907729MB (3907029168 512 byte sectors)\nnvd5: \u003cINTEL SSDPE2MX020T4\u003e NVMe namespace\nnvd5: 1907729MB (3907029168 512 byte sectors)\nnvd6: \u003cINTEL SSDPE2MX020T4\u003e NVMe namespace\nnvd6: 1907729MB (3907029168 512 byte sectors)\nnvd7: \u003cINTEL SSDPE2MX020T4\u003e NVMe namespace\nnvd7: 1907729MB (3907029168 512 byte sectors)\nnvd8: \u003cINTEL SSDPE2MX020T4\u003e NVMe namespace\nnvd8: 1907729MB (3907029168 512 byte sectors)\nSMP: AP CPU #1 Launched!\nSMP: AP CPU #18 Launched!\nSMP: AP CPU #8 Launched!\nSMP: AP CPU #30 Launched!\nSMP: AP CPU #9 Launched!\nSMP: AP CPU #29 Launched!\nSMP: AP CPU #3 Launched!\nSMP: AP CPU #21 Launched!\nSMP: AP CPU #23 Launched!\nSMP: AP CPU #4 Launched!\nSMP: AP CPU #28 Launched!\nSMP: AP CPU #12 Launched!\nSMP: AP CPU #26 Launched!\nSMP: AP CPU #2 Launched!\nSMP: AP CPU #20 Launched!\nSMP: AP CPU #10 Launched!\nSMP: AP CPU #22 Launched!\nSMP: AP CPU #15 Launched!\nSMP: AP CPU #31 Launched!\nSMP: AP CPU #6 Launched!\nSMP: AP CPU #16 Launched!\nSMP: AP CPU #11 Launched!\nSMP: AP CPU #24 Launched!\nSMP: AP CPU #27 Launched!\nSMP: AP CPU #13 Launched!\nSMP: AP CPU #25 Launched!\nSMP: AP CPU #14 Launched!\nSMP: AP CPU #19 Launched!\nSMP: AP CPU #17 Launched!\nSMP: AP CPU #7 Launched!\nSMP: AP CPU #5 Launched!\nTimecounter \"TSC-low\" frequency 1200025626 Hz quality 1000\nRoot mount waiting for: usbus2 usbus1 usbus0\nuhub0: 2 ports with 2 removable, self powered\nuhub2: 2 ports with 2 removable, self powered\nuhub1: 21 ports with 21 removable, self powered\nugen1.2: \u003cvendor 0x8087\u003e at usbus1\nuhub3: \u003cvendor 0x8087 product 0x800a, class 9/0, rev 2.00/0.05, addr 2\u003e on usbus1\nugen2.2: \u003cvendor 0x8087\u003e at usbus2\nuhub4: \u003cvendor 0x8087 product 0x8002, class 9/0, rev 2.00/0.05, addr 2\u003e on usbus2\nRoot mount waiting for: usbus2 usbus1\nuhub3: 6 ports with 6 removable, self powered\nuhub4: 8 ports with 8 removable, self powered\nugen2.3: \u003cvendor 0x0557\u003e at usbus2\nuhub5: \u003cvendor 0x0557 product 0x7000, class 9/0, rev 2.00/0.00, addr 3\u003e on usbus2\nRoot mount waiting for: usbus2\nuhub5: 4 ports with 3 removable, self powered\nugen2.4: \u003cvendor 0x0557\u003e at usbus2\nukbd0: \u003cvendor 0x0557 product 0x2419, class 0/0, rev 1.10/1.00, addr 4\u003e on usbus2\nkbd0 at ukbd0\nTrying to mount root from ufs:/dev/raid/r0p3 [rw]...\nWARNING: / was not properly dismounted\nWARNING: /: mount pending error: blocks 40 files 0\nZFS filesystem version: 5\nZFS storage pool version: features support (5000)\nix0: link state changed to UP\nums0: \u003cvendor 0x0557 product 0x2419, class 0/0, rev 1.10/1.00, addr 4\u003e on usbus2\nums0: 3 buttons and [Z] coordinates ID=0\nborjam@clientes-nvme1:~ % \n\n\nroot@clientes-nvme1:/home/borjam # pciconf -l\nnone0@pci0:255:8:0:\tclass=0x088000 card=0x084415d9 chip=0x2f808086 rev=0x02 hdr=0x00\nnone1@pci0:255:8:2:\tclass=0x110100 card=0x084415d9 chip=0x2f328086 rev=0x02 hdr=0x00\nnone2@pci0:255:8:3:\tclass=0x088000 card=0x084415d9 chip=0x2f838086 rev=0x02 hdr=0x00\nnone3@pci0:255:9:0:\tclass=0x088000 card=0x084415d9 chip=0x2f908086 rev=0x02 hdr=0x00\nnone4@pci0:255:9:2:\tclass=0x110100 card=0x084415d9 chip=0x2f338086 rev=0x02 hdr=0x00\nnone5@pci0:255:9:3:\tclass=0x088000 card=0x084415d9 chip=0x2f938086 rev=0x02 hdr=0x00\nnone6@pci0:255:11:0:\tclass=0x088000 card=0x084415d9 chip=0x2f818086 rev=0x02 hdr=0x00\nnone7@pci0:255:11:1:\tclass=0x110100 card=0x084415d9 chip=0x2f368086 rev=0x02 hdr=0x00\nnone8@pci0:255:11:2:\tclass=0x110100 card=0x084415d9 chip=0x2f378086 rev=0x02 hdr=0x00\nnone9@pci0:255:12:0:\tclass=0x088000 card=0x084415d9 chip=0x2fe08086 rev=0x02 hdr=0x00\nnone10@pci0:255:12:1:\tclass=0x088000 card=0x084415d9 chip=0x2fe18086 rev=0x02 hdr=0x00\nnone11@pci0:255:12:2:\tclass=0x088000 card=0x084415d9 chip=0x2fe28086 rev=0x02 hdr=0x00\nnone12@pci0:255:12:3:\tclass=0x088000 card=0x084415d9 chip=0x2fe38086 rev=0x02 hdr=0x00\nnone13@pci0:255:12:4:\tclass=0x088000 card=0x084415d9 chip=0x2fe48086 rev=0x02 hdr=0x00\nnone14@pci0:255:12:5:\tclass=0x088000 card=0x084415d9 chip=0x2fe58086 rev=0x02 hdr=0x00\nnone15@pci0:255:12:6:\tclass=0x088000 card=0x084415d9 chip=0x2fe68086 rev=0x02 hdr=0x00\nnone16@pci0:255:12:7:\tclass=0x088000 card=0x084415d9 chip=0x2fe78086 rev=0x02 hdr=0x00\nnone17@pci0:255:15:0:\tclass=0x088000 card=0x00000000 chip=0x2ff88086 rev=0x02 hdr=0x00\nnone18@pci0:255:15:1:\tclass=0x088000 card=0x00000000 chip=0x2ff98086 rev=0x02 hdr=0x00\nnone19@pci0:255:15:4:\tclass=0x088000 card=0x084415d9 chip=0x2ffc8086 rev=0x02 hdr=0x00\nnone20@pci0:255:15:5:\tclass=0x088000 card=0x084415d9 chip=0x2ffd8086 rev=0x02 hdr=0x00\nnone21@pci0:255:15:6:\tclass=0x088000 card=0x084415d9 chip=0x2ffe8086 rev=0x02 hdr=0x00\nnone22@pci0:255:16:0:\tclass=0x088000 card=0x084415d9 chip=0x2f1d8086 rev=0x02 hdr=0x00\nnone23@pci0:255:16:1:\tclass=0x110100 card=0x084415d9 chip=0x2f348086 rev=0x02 hdr=0x00\nnone24@pci0:255:16:5:\tclass=0x088000 card=0x084415d9 chip=0x2f1e8086 rev=0x02 hdr=0x00\nnone25@pci0:255:16:6:\tclass=0x110100 card=0x084415d9 chip=0x2f7d8086 rev=0x02 hdr=0x00\nnone26@pci0:255:16:7:\tclass=0x088000 card=0x084415d9 chip=0x2f1f8086 rev=0x02 hdr=0x00\nnone27@pci0:255:18:0:\tclass=0x088000 card=0x084415d9 chip=0x2fa08086 rev=0x02 hdr=0x00\nnone28@pci0:255:18:1:\tclass=0x110100 card=0x084415d9 chip=0x2f308086 rev=0x02 hdr=0x00\nnone29@pci0:255:19:0:\tclass=0x088000 card=0x084415d9 chip=0x2fa88086 rev=0x02 hdr=0x00\nnone30@pci0:255:19:1:\tclass=0x088000 card=0x084415d9 chip=0x2f718086 rev=0x02 hdr=0x00\nnone31@pci0:255:19:2:\tclass=0x088000 card=0x084415d9 chip=0x2faa8086 rev=0x02 hdr=0x00\nnone32@pci0:255:19:3:\tclass=0x088000 card=0x084415d9 chip=0x2fab8086 rev=0x02 hdr=0x00\nnone33@pci0:255:19:4:\tclass=0x088000 card=0x084415d9 chip=0x2fac8086 rev=0x02 hdr=0x00\nnone34@pci0:255:19:5:\tclass=0x088000 card=0x084415d9 chip=0x2fad8086 rev=0x02 hdr=0x00\nnone35@pci0:255:19:6:\tclass=0x088000 card=0x00000000 chip=0x2fae8086 rev=0x02 hdr=0x00\nnone36@pci0:255:19:7:\tclass=0x088000 card=0x00000000 chip=0x2faf8086 rev=0x02 hdr=0x00\nnone37@pci0:255:20:0:\tclass=0x088000 card=0x084415d9 chip=0x2fb08086 rev=0x02 hdr=0x00\nnone38@pci0:255:20:1:\tclass=0x088000 card=0x084415d9 chip=0x2fb18086 rev=0x02 hdr=0x00\nnone39@pci0:255:20:2:\tclass=0x088000 card=0x084415d9 chip=0x2fb28086 rev=0x02 hdr=0x00\nnone40@pci0:255:20:3:\tclass=0x088000 card=0x084415d9 chip=0x2fb38086 rev=0x02 hdr=0x00\nnone41@pci0:255:20:4:\tclass=0x088000 card=0x00000000 chip=0x2fbc8086 rev=0x02 hdr=0x00\nnone42@pci0:255:20:5:\tclass=0x088000 card=0x00000000 chip=0x2fbd8086 rev=0x02 hdr=0x00\nnone43@pci0:255:20:6:\tclass=0x088000 card=0x00000000 chip=0x2fbe8086 rev=0x02 hdr=0x00\nnone44@pci0:255:20:7:\tclass=0x088000 card=0x00000000 chip=0x2fbf8086 rev=0x02 hdr=0x00\nnone45@pci0:255:21:0:\tclass=0x088000 card=0x084415d9 chip=0x2fb48086 rev=0x02 hdr=0x00\nnone46@pci0:255:21:1:\tclass=0x088000 card=0x084415d9 chip=0x2fb58086 rev=0x02 hdr=0x00\nnone47@pci0:255:21:2:\tclass=0x088000 card=0x084415d9 chip=0x2fb68086 rev=0x02 hdr=0x00\nnone48@pci0:255:21:3:\tclass=0x088000 card=0x084415d9 chip=0x2fb78086 rev=0x02 hdr=0x00\nnone49@pci0:255:22:0:\tclass=0x088000 card=0x00000000 chip=0x2f688086 rev=0x02 hdr=0x00\nnone50@pci0:255:22:6:\tclass=0x088000 card=0x00000000 chip=0x2f6e8086 rev=0x02 hdr=0x00\nnone51@pci0:255:22:7:\tclass=0x088000 card=0x00000000 chip=0x2f6f8086 rev=0x02 hdr=0x00\nnone52@pci0:255:23:0:\tclass=0x088000 card=0x00000000 chip=0x2fd08086 rev=0x02 hdr=0x00\nnone53@pci0:255:23:4:\tclass=0x088000 card=0x00000000 chip=0x2fb88086 rev=0x02 hdr=0x00\nnone54@pci0:255:23:5:\tclass=0x088000 card=0x00000000 chip=0x2fb98086 rev=0x02 hdr=0x00\nnone55@pci0:255:23:6:\tclass=0x088000 card=0x00000000 chip=0x2fba8086 rev=0x02 hdr=0x00\nnone56@pci0:255:23:7:\tclass=0x088000 card=0x00000000 chip=0x2fbb8086 rev=0x02 hdr=0x00\nnone57@pci0:255:30:0:\tclass=0x088000 card=0x084415d9 chip=0x2f988086 rev=0x02 hdr=0x00\nnone58@pci0:255:30:1:\tclass=0x088000 card=0x084415d9 chip=0x2f998086 rev=0x02 hdr=0x00\nnone59@pci0:255:30:2:\tclass=0x088000 card=0x084415d9 chip=0x2f9a8086 rev=0x02 hdr=0x00\nnone60@pci0:255:30:3:\tclass=0x088000 card=0x084415d9 chip=0x2fc08086 rev=0x02 hdr=0x00\nnone61@pci0:255:30:4:\tclass=0x088000 card=0x084415d9 chip=0x2f9c8086 rev=0x02 hdr=0x00\nnone62@pci0:255:31:0:\tclass=0x088000 card=0x00000000 chip=0x2f888086 rev=0x02 hdr=0x00\nnone63@pci0:255:31:2:\tclass=0x088000 card=0x00000000 chip=0x2f8a8086 rev=0x02 hdr=0x00\nnone64@pci0:127:8:0:\tclass=0x088000 card=0x084415d9 chip=0x2f808086 rev=0x02 hdr=0x00\nnone65@pci0:127:8:2:\tclass=0x110100 card=0x084415d9 chip=0x2f328086 rev=0x02 hdr=0x00\nnone66@pci0:127:8:3:\tclass=0x088000 card=0x084415d9 chip=0x2f838086 rev=0x02 hdr=0x00\nnone67@pci0:127:9:0:\tclass=0x088000 card=0x084415d9 chip=0x2f908086 rev=0x02 hdr=0x00\nnone68@pci0:127:9:2:\tclass=0x110100 card=0x084415d9 chip=0x2f338086 rev=0x02 hdr=0x00\nnone69@pci0:127:9:3:\tclass=0x088000 card=0x084415d9 chip=0x2f938086 rev=0x02 hdr=0x00\nnone70@pci0:127:11:0:\tclass=0x088000 card=0x084415d9 chip=0x2f818086 rev=0x02 hdr=0x00\nnone71@pci0:127:11:1:\tclass=0x110100 card=0x084415d9 chip=0x2f368086 rev=0x02 hdr=0x00\nnone72@pci0:127:11:2:\tclass=0x110100 card=0x084415d9 chip=0x2f378086 rev=0x02 hdr=0x00\nnone73@pci0:127:12:0:\tclass=0x088000 card=0x084415d9 chip=0x2fe08086 rev=0x02 hdr=0x00\nnone74@pci0:127:12:1:\tclass=0x088000 card=0x084415d9 chip=0x2fe18086 rev=0x02 hdr=0x00\nnone75@pci0:127:12:2:\tclass=0x088000 card=0x084415d9 chip=0x2fe28086 rev=0x02 hdr=0x00\nnone76@pci0:127:12:3:\tclass=0x088000 card=0x084415d9 chip=0x2fe38086 rev=0x02 hdr=0x00\nnone77@pci0:127:12:4:\tclass=0x088000 card=0x084415d9 chip=0x2fe48086 rev=0x02 hdr=0x00\nnone78@pci0:127:12:5:\tclass=0x088000 card=0x084415d9 chip=0x2fe58086 rev=0x02 hdr=0x00\nnone79@pci0:127:12:6:\tclass=0x088000 card=0x084415d9 chip=0x2fe68086 rev=0x02 hdr=0x00\nnone80@pci0:127:12:7:\tclass=0x088000 card=0x084415d9 chip=0x2fe78086 rev=0x02 hdr=0x00\nnone81@pci0:127:15:0:\tclass=0x088000 card=0x00000000 chip=0x2ff88086 rev=0x02 hdr=0x00\nnone82@pci0:127:15:1:\tclass=0x088000 card=0x00000000 chip=0x2ff98086 rev=0x02 hdr=0x00\nnone83@pci0:127:15:4:\tclass=0x088000 card=0x084415d9 chip=0x2ffc8086 rev=0x02 hdr=0x00\nnone84@pci0:127:15:5:\tclass=0x088000 card=0x084415d9 chip=0x2ffd8086 rev=0x02 hdr=0x00\nnone85@pci0:127:15:6:\tclass=0x088000 card=0x084415d9 chip=0x2ffe8086 rev=0x02 hdr=0x00\nnone86@pci0:127:16:0:\tclass=0x088000 card=0x084415d9 chip=0x2f1d8086 rev=0x02 hdr=0x00\nnone87@pci0:127:16:1:\tclass=0x110100 card=0x084415d9 chip=0x2f348086 rev=0x02 hdr=0x00\nnone88@pci0:127:16:5:\tclass=0x088000 card=0x084415d9 chip=0x2f1e8086 rev=0x02 hdr=0x00\nnone89@pci0:127:16:6:\tclass=0x110100 card=0x084415d9 chip=0x2f7d8086 rev=0x02 hdr=0x00\nnone90@pci0:127:16:7:\tclass=0x088000 card=0x084415d9 chip=0x2f1f8086 rev=0x02 hdr=0x00\nnone91@pci0:127:18:0:\tclass=0x088000 card=0x084415d9 chip=0x2fa08086 rev=0x02 hdr=0x00\nnone92@pci0:127:18:1:\tclass=0x110100 card=0x084415d9 chip=0x2f308086 rev=0x02 hdr=0x00\nnone93@pci0:127:19:0:\tclass=0x088000 card=0x084415d9 chip=0x2fa88086 rev=0x02 hdr=0x00\nnone94@pci0:127:19:1:\tclass=0x088000 card=0x084415d9 chip=0x2f718086 rev=0x02 hdr=0x00\nnone95@pci0:127:19:2:\tclass=0x088000 card=0x084415d9 chip=0x2faa8086 rev=0x02 hdr=0x00\nnone96@pci0:127:19:3:\tclass=0x088000 card=0x084415d9 chip=0x2fab8086 rev=0x02 hdr=0x00\nnone97@pci0:127:19:4:\tclass=0x088000 card=0x084415d9 chip=0x2fac8086 rev=0x02 hdr=0x00\nnone98@pci0:127:19:5:\tclass=0x088000 card=0x084415d9 chip=0x2fad8086 rev=0x02 hdr=0x00\nnone99@pci0:127:19:6:\tclass=0x088000 card=0x00000000 chip=0x2fae8086 rev=0x02 hdr=0x00\nnone100@pci0:127:19:7:\tclass=0x088000 card=0x00000000 chip=0x2faf8086 rev=0x02 hdr=0x00\nnone101@pci0:127:20:0:\tclass=0x088000 card=0x084415d9 chip=0x2fb08086 rev=0x02 hdr=0x00\nnone102@pci0:127:20:1:\tclass=0x088000 card=0x084415d9 chip=0x2fb18086 rev=0x02 hdr=0x00\nnone103@pci0:127:20:2:\tclass=0x088000 card=0x084415d9 chip=0x2fb28086 rev=0x02 hdr=0x00\nnone104@pci0:127:20:3:\tclass=0x088000 card=0x084415d9 chip=0x2fb38086 rev=0x02 hdr=0x00\nnone105@pci0:127:20:4:\tclass=0x088000 card=0x00000000 chip=0x2fbc8086 rev=0x02 hdr=0x00\nnone106@pci0:127:20:5:\tclass=0x088000 card=0x00000000 chip=0x2fbd8086 rev=0x02 hdr=0x00\nnone107@pci0:127:20:6:\tclass=0x088000 card=0x00000000 chip=0x2fbe8086 rev=0x02 hdr=0x00\nnone108@pci0:127:20:7:\tclass=0x088000 card=0x00000000 chip=0x2fbf8086 rev=0x02 hdr=0x00\nnone109@pci0:127:21:0:\tclass=0x088000 card=0x084415d9 chip=0x2fb48086 rev=0x02 hdr=0x00\nnone110@pci0:127:21:1:\tclass=0x088000 card=0x084415d9 chip=0x2fb58086 rev=0x02 hdr=0x00\nnone111@pci0:127:21:2:\tclass=0x088000 card=0x084415d9 chip=0x2fb68086 rev=0x02 hdr=0x00\nnone112@pci0:127:21:3:\tclass=0x088000 card=0x084415d9 chip=0x2fb78086 rev=0x02 hdr=0x00\nnone113@pci0:127:22:0:\tclass=0x088000 card=0x00000000 chip=0x2f688086 rev=0x02 hdr=0x00\nnone114@pci0:127:22:6:\tclass=0x088000 card=0x00000000 chip=0x2f6e8086 rev=0x02 hdr=0x00\nnone115@pci0:127:22:7:\tclass=0x088000 card=0x00000000 chip=0x2f6f8086 rev=0x02 hdr=0x00\nnone116@pci0:127:23:0:\tclass=0x088000 card=0x00000000 chip=0x2fd08086 rev=0x02 hdr=0x00\nnone117@pci0:127:23:4:\tclass=0x088000 card=0x00000000 chip=0x2fb88086 rev=0x02 hdr=0x00\nnone118@pci0:127:23:5:\tclass=0x088000 card=0x00000000 chip=0x2fb98086 rev=0x02 hdr=0x00\nnone119@pci0:127:23:6:\tclass=0x088000 card=0x00000000 chip=0x2fba8086 rev=0x02 hdr=0x00\nnone120@pci0:127:23:7:\tclass=0x088000 card=0x00000000 chip=0x2fbb8086 rev=0x02 hdr=0x00\nnone121@pci0:127:30:0:\tclass=0x088000 card=0x084415d9 chip=0x2f988086 rev=0x02 hdr=0x00\nnone122@pci0:127:30:1:\tclass=0x088000 card=0x084415d9 chip=0x2f998086 rev=0x02 hdr=0x00\nnone123@pci0:127:30:2:\tclass=0x088000 card=0x084415d9 chip=0x2f9a8086 rev=0x02 hdr=0x00\nnone124@pci0:127:30:3:\tclass=0x088000 card=0x084415d9 chip=0x2fc08086 rev=0x02 hdr=0x00\nnone125@pci0:127:30:4:\tclass=0x088000 card=0x084415d9 chip=0x2f9c8086 rev=0x02 hdr=0x00\nnone126@pci0:127:31:0:\tclass=0x088000 card=0x00000000 chip=0x2f888086 rev=0x02 hdr=0x00\nnone127@pci0:127:31:2:\tclass=0x088000 card=0x00000000 chip=0x2f8a8086 rev=0x02 hdr=0x00\nhostb0@pci0:0:0:0:\tclass=0x060000 card=0x084415d9 chip=0x2f008086 rev=0x02 hdr=0x00\npcib3@pci0:0:1:0:\tclass=0x060400 card=0x084415d9 chip=0x2f028086 rev=0x02 hdr=0x01\npcib4@pci0:0:2:0:\tclass=0x060400 card=0x084415d9 chip=0x2f048086 rev=0x02 hdr=0x01\npcib5@pci0:0:2:1:\tclass=0x060400 card=0x084415d9 chip=0x2f058086 rev=0x02 hdr=0x01\npcib6@pci0:0:2:2:\tclass=0x060400 card=0x084415d9 chip=0x2f068086 rev=0x02 hdr=0x01\npcib7@pci0:0:3:0:\tclass=0x060400 card=0x084415d9 chip=0x2f088086 rev=0x02 hdr=0x01\npcib8@pci0:0:3:1:\tclass=0x060400 card=0x084415d9 chip=0x2f098086 rev=0x02 hdr=0x01\npcib9@pci0:0:3:2:\tclass=0x060400 card=0x084415d9 chip=0x2f0a8086 rev=0x02 hdr=0x01\npcib10@pci0:0:3:3:\tclass=0x060400 card=0x084415d9 chip=0x2f0b8086 rev=0x02 hdr=0x01\nnone128@pci0:0:4:0:\tclass=0x088000 card=0x084415d9 chip=0x2f208086 rev=0x02 hdr=0x00\nnone129@pci0:0:4:1:\tclass=0x088000 card=0x084415d9 chip=0x2f218086 rev=0x02 hdr=0x00\nnone130@pci0:0:4:2:\tclass=0x088000 card=0x084415d9 chip=0x2f228086 rev=0x02 hdr=0x00\nnone131@pci0:0:4:3:\tclass=0x088000 card=0x084415d9 chip=0x2f238086 rev=0x02 hdr=0x00\nnone132@pci0:0:4:4:\tclass=0x088000 card=0x084415d9 chip=0x2f248086 rev=0x02 hdr=0x00\nnone133@pci0:0:4:5:\tclass=0x088000 card=0x084415d9 chip=0x2f258086 rev=0x02 hdr=0x00\nnone134@pci0:0:4:6:\tclass=0x088000 card=0x084415d9 chip=0x2f268086 rev=0x02 hdr=0x00\nnone135@pci0:0:4:7:\tclass=0x088000 card=0x084415d9 chip=0x2f278086 rev=0x02 hdr=0x00\nnone136@pci0:0:5:0:\tclass=0x088000 card=0x084415d9 chip=0x2f288086 rev=0x02 hdr=0x00\nnone137@pci0:0:5:1:\tclass=0x088000 card=0x084415d9 chip=0x2f298086 rev=0x02 hdr=0x00\nnone138@pci0:0:5:2:\tclass=0x088000 card=0x084415d9 chip=0x2f2a8086 rev=0x02 hdr=0x00\nioapic0@pci0:0:5:4:\tclass=0x080020 card=0x084415d9 chip=0x2f2c8086 rev=0x02 hdr=0x00\nnone139@pci0:0:17:0:\tclass=0xff0000 card=0x084415d9 chip=0x8d7c8086 rev=0x05 hdr=0x00\nahci0@pci0:0:17:4:\tclass=0x010601 card=0x084415d9 chip=0x8d628086 rev=0x05 hdr=0x00\nxhci0@pci0:0:20:0:\tclass=0x0c0330 card=0x084415d9 chip=0x8d318086 rev=0x05 hdr=0x00\nnone140@pci0:0:22:0:\tclass=0x078000 card=0x084415d9 chip=0x8d3a8086 rev=0x05 hdr=0x00\nnone141@pci0:0:22:1:\tclass=0x078000 card=0x084415d9 chip=0x8d3b8086 rev=0x05 hdr=0x00\nehci0@pci0:0:26:0:\tclass=0x0c0320 card=0x084415d9 chip=0x8d2d8086 rev=0x05 hdr=0x00\npcib11@pci0:0:28:0:\tclass=0x060400 card=0x084415d9 chip=0x8d108086 rev=0xd5 hdr=0x01\npcib12@pci0:0:28:2:\tclass=0x060400 card=0x084415d9 chip=0x8d148086 rev=0xd5 hdr=0x01\nehci1@pci0:0:29:0:\tclass=0x0c0320 card=0x084415d9 chip=0x8d268086 rev=0x05 hdr=0x00\nisab0@pci0:0:31:0:\tclass=0x060100 card=0x084415d9 chip=0x8d448086 rev=0x05 hdr=0x00\nahci1@pci0:0:31:2:\tclass=0x010400 card=0x084415d9 chip=0x28268086 rev=0x05 hdr=0x00\nnone142@pci0:0:31:3:\tclass=0x0c0500 card=0x084415d9 chip=0x8d228086 rev=0x05 hdr=0x00\nnone143@pci0:0:31:6:\tclass=0x118000 card=0x084415d9 chip=0x8d248086 rev=0x05 hdr=0x00\nix0@pci0:1:0:0:\tclass=0x020000 card=0x088a15d9 chip=0x15288086 rev=0x01 hdr=0x00\nix1@pci0:1:0:1:\tclass=0x020000 card=0x088a15d9 chip=0x15288086 rev=0x01 hdr=0x00\nnvme0@pci0:2:0:0:\tclass=0x010802 card=0x37058086 chip=0x09538086 rev=0x01 hdr=0x00\nnvme1@pci0:3:0:0:\tclass=0x010802 card=0x37058086 chip=0x09538086 rev=0x01 hdr=0x00\nnvme2@pci0:5:0:0:\tclass=0x010802 card=0x37058086 chip=0x09538086 rev=0x01 hdr=0x00\nnvme3@pci0:7:0:0:\tclass=0x010802 card=0x37058086 chip=0x09538086 rev=0x01 hdr=0x00\nnvme4@pci0:8:0:0:\tclass=0x010802 card=0x37058086 chip=0x09538086 rev=0x01 hdr=0x00\npcib13@pci0:10:0:0:\tclass=0x060400 card=0x084415d9 chip=0x11501a03 rev=0x03 hdr=0x01\nvgapci0@pci0:11:0:0:\tclass=0x030000 card=0x084415d9 chip=0x20001a03 rev=0x30 hdr=0x00\npcib15@pci0:128:0:0:\tclass=0x060400 card=0x00008086 chip=0x2f018086 rev=0x02 hdr=0x01\npcib16@pci0:128:1:0:\tclass=0x060400 card=0x084415d9 chip=0x2f028086 rev=0x02 hdr=0x01\npcib17@pci0:128:2:0:\tclass=0x060400 card=0x084415d9 chip=0x2f048086 rev=0x02 hdr=0x01\npcib18@pci0:128:2:1:\tclass=0x060400 card=0x084415d9 chip=0x2f058086 rev=0x02 hdr=0x01\npcib19@pci0:128:2:2:\tclass=0x060400 card=0x084415d9 chip=0x2f068086 rev=0x02 hdr=0x01\npcib20@pci0:128:2:3:\tclass=0x060400 card=0x084415d9 chip=0x2f078086 rev=0x02 hdr=0x01\npcib21@pci0:128:3:0:\tclass=0x060400 card=0x084415d9 chip=0x2f088086 rev=0x02 hdr=0x01\npcib22@pci0:128:3:2:\tclass=0x060400 card=0x084415d9 chip=0x2f0a8086 rev=0x02 hdr=0x01\nnone144@pci0:128:4:0:\tclass=0x088000 card=0x084415d9 chip=0x2f208086 rev=0x02 hdr=0x00\nnone145@pci0:128:4:1:\tclass=0x088000 card=0x084415d9 chip=0x2f218086 rev=0x02 hdr=0x00\nnone146@pci0:128:4:2:\tclass=0x088000 card=0x084415d9 chip=0x2f228086 rev=0x02 hdr=0x00\nnone147@pci0:128:4:3:\tclass=0x088000 card=0x084415d9 chip=0x2f238086 rev=0x02 hdr=0x00\nnone148@pci0:128:4:4:\tclass=0x088000 card=0x084415d9 chip=0x2f248086 rev=0x02 hdr=0x00\nnone149@pci0:128:4:5:\tclass=0x088000 card=0x084415d9 chip=0x2f258086 rev=0x02 hdr=0x00\nnone150@pci0:128:4:6:\tclass=0x088000 card=0x084415d9 chip=0x2f268086 rev=0x02 hdr=0x00\nnone151@pci0:128:4:7:\tclass=0x088000 card=0x084415d9 chip=0x2f278086 rev=0x02 hdr=0x00\nnone152@pci0:128:5:0:\tclass=0x088000 card=0x084415d9 chip=0x2f288086 rev=0x02 hdr=0x00\nnone153@pci0:128:5:1:\tclass=0x088000 card=0x084415d9 chip=0x2f298086 rev=0x02 hdr=0x00\nnone154@pci0:128:5:2:\tclass=0x088000 card=0x084415d9 chip=0x2f2a8086 rev=0x02 hdr=0x00\nioapic1@pci0:128:5:4:\tclass=0x080020 card=0x084415d9 chip=0x2f2c8086 rev=0x02 hdr=0x00\nix2@pci0:130:0:0:\tclass=0x020000 card=0x061115d9 chip=0x10fb8086 rev=0x01 hdr=0x00\nix3@pci0:130:0:1:\tclass=0x020000 card=0x061115d9 chip=0x10fb8086 rev=0x01 hdr=0x00\nnvme5@pci0:131:0:0:\tclass=0x010802 card=0x37058086 chip=0x09538086 rev=0x01 hdr=0x00\nnvme6@pci0:132:0:0:\tclass=0x010802 card=0x37058086 chip=0x09538086 rev=0x01 hdr=0x00\nnvme7@pci0:133:0:0:\tclass=0x010802 card=0x37058086 chip=0x09538086 rev=0x01 hdr=0x00\nnvme8@pci0:134:0:0:\tclass=0x010802 card=0x37058086 chip=0x09538086 rev=0x01 hdr=0x00\nroot@clientes-nvme1:/home/borjam #"
}