{
 "id": 479696,
 "bug_id": 130621,
 "attachment_id": 0,
 "creation_time": "2009-01-16T14:20:02Z",
 "creator": "hsing.yushu@msa.hinet.net",
 "text": "Dear Sir,\n  I use LSI21320 SCSI controler in my computer and use 6 harddisks.\nIn my system harddisks are da0,da1 and da2. Da0 is U160, da1 is U320, and da2 is a raid0 disk. \nI use 4 U320 harddisks to build a raid-0. It works just ok in freebsd6.1.\nAfter upgrade to freebsd 7.1 I find three problems.\n\n  First one the raid disk should have 4 hidden disks but just only one can be found (it should be 4) when I type the command \"camcontrol devlist.\" When I used freebsd6.1 it might be pass4,pass5,pass6 and pass7. Now it is only just pass4. I usually use the command \"smartctl\" of smartmontools to monitor my harddisk is good or not and its temperature. At now the situation I cannot monitor the other 3 disks.\n\n The second the transfer rate is inscrutable slow after I upgrade to freebsd7.1.\nWhen I use the command \"diskinfo -v -t da2\" it shows the transfer rate is about 2.7M/s. The value I have tested in windows might be about 200M/s. It must be something wrong. ( I noticed that the da2's Tag Queue seems did not be enabled is that the reason to make this shituation ? )\nWhen I test da1 which is not a raid driver shows about 48-75M/s. The value is normal.\n\n The third when I type \"dmesg\" my computer shows the boot information of da2's transfer  rate sometimes is 3.3MB/s sometimes is 320MB/s seems it is random and not alwags the same. Although the displayed value changed the actual transfer rate is the same.\n\n Are there any way to  solve these problems? May I use the old (freebsd 6.1) driver to solve this problem and how to do it ?\nHope we can solve the problem soon. If you have any problem or anything I did not say clearly please e-mail to me.\nThank you!\n \n  I attach the data the command which I mentioned above executing both in freebsd7.1 and freebsd6.1 for your reference. (7.1 first and then 6.1)\n\nthe following is the command excuse in my computer at freebsd7.1\n\nfb627@hfb6 \u003c/usr/home/fb627\u003e camcontrol devlist\n\u003cSEAGATE ST318436LW 0004\u003e          at scbus0 target 0 lun 0 (pass0,da0)\n\u003cSEAGATE ST336753LW 0002\u003e          at scbus0 target 1 lun 0 (pass1,da1)\n\u003cSONY SDX-400C 0702\u003e               at scbus0 target 8 lun 0 (sa0,pass2)\n\u003cLSILOGIC 1020/1030     IS 1000\u003e   at scbus1 target 2 lun 0 (pass3,da2)\n\u003cIBM-ESXS ST336754LW    FN B869\u003e   at scbus2 target 0 lun 0 (pass4)\n\u003cSONY DVD RW DRU-840A SS01\u003e        at scbus3 target 0 lun 0 (cd0,pass5)\n\u003cMATSHITA DVD-RAM SW-9585S ND1M\u003e   at scbus3 target 1 lun 0 (cd1,pass6)\nb627@hfb6 \u003c/usr/home/fb627\u003e\n\n\n\n\n fb627@hfb6 \u003c/usr/home/fb627\u003e diskinfo -v -t da1\nda1\n        512             # sectorsize\n        36703934464     # mediasize in bytes (34G)\n        71687372        # mediasize in sectors\n        4462            # Cylinders according to firmware.\n        255             # Heads according to firmware.\n        63              # Sectors according to firmware.\n\nSeek times:\n        Full stroke:      250 iter in   3.135179 sec =   12.541 msec\n        Half stroke:      250 iter in   2.164563 sec =    8.658 msec\n        Quarter stroke:   500 iter in   3.617471 sec =    7.235 msec\n        Short forward:    400 iter in   1.687397 sec =    4.218 msec\n        Short backward:   400 iter in   0.808002 sec =    2.020 msec\n        Seq outer:       2048 iter in   0.309039 sec =    0.151 msec\n        Seq inner:       2048 iter in   0.317622 sec =    0.155 msec\nTransfer rates:\n        outside:       102400 kbytes in   1.383036 sec =    74040 kbytes/sec\n        middle:        102400 kbytes in   1.560315 sec =    65628 kbytes/sec\n        inside:        102400 kbytes in   2.117939 sec =    48349 kbytes/sec\n\nfb627@hfb6 \u003c/usr/home/fb627\u003e diskinfo -v -t da2\nda2\n        512             # sectorsize\n        145450074112    # mediasize in bytes (135G)\n        284082176       # mediasize in sectors\n        17683           # Cylinders according to firmware.\n        255             # Heads according to firmware.\n        63              # Sectors according to firmware.\n\nSeek times:\n        Full stroke:      250 iter in   0.782250 sec =    3.129 msec\n        Half stroke:      250 iter in   1.731281 sec =    6.925 msec\n        Quarter stroke:   500 iter in   3.165127 sec =    6.330 msec\n        Short forward:    400 iter in   1.370630 sec =    3.427 msec\n        Short backward:   400 iter in   1.669160 sec =    4.173 msec\n        Seq outer:       2048 iter in   1.035004 sec =    0.505 msec\n        Seq inner:       2048 iter in   0.940420 sec =    0.459 msec\nTransfer rates:\n        outside:       102400 kbytes in  39.948788 sec =     2563 kbytes/sec\n        middle:        102400 kbytes in  38.372900 sec =     2669 kbytes/sec\n        inside:        102400 kbytes in  38.912166 sec =     2632 kbytes/sec\n\nfb627@hfb6 \u003c/usr/home/fb627\u003e                  \n\n[fb627@hfb6 /usr/home/fb627]$ dmesg\nCopyright (c) 1992-2009 The FreeBSD Project.\nCopyright (c) 1979, 1980, 1983, 1986, 1988, 1989, 1991, 1992, 1993, 1994\n        The Regents of the University of California. All rights reserved.\nFreeBSD is a registered trademark of The FreeBSD Foundation.\nFreeBSD 7.1-RELEASE-p2 #3: Wed Jan 14 16:26:24 CST 2009\n    fb627@hfb6.ZYHOME:/usr/obj/usr/src/sys/GENERIC\nmodule_register: module bge/miibus already exists!\nModule bge/miibus failed to register: 17\nmodule_register: module pci/bge already exists!\nModule pci/bge failed to register: 17\nTimecounter \"i8254\" frequency 1193182 Hz quality 0\nCPU: Intel(R) Xeon(TM) CPU 2.66GHz (2666.78-MHz 686-class CPU)\n  Origin = \"GenuineIntel\"  Id = 0xf27  Stepping = 7\n  Features=0xbfebfbff\u003cFPU,VME,DE,PSE,TSC,MSR,PAE,MCE,CX8,APIC,SEP,MTRR,PGE,MCA,CMOV,PAT,PSE36,CLFLUSH,DTS,ACPI,MMX,FXSR,SSE,SSE2,SS,HTT,TM,PBE\u003e\n  Features2=0x4400\u003cCNXT-ID,xTPR\u003e\n  Logical CPUs per core: 2\nreal memory  = 2684289024 (2559 MB)\navail memory = 2614190080 (2493 MB)\nACPI APIC Table: \u003cIntelR AWRDACPI\u003e\nFreeBSD/SMP: Multiprocessor System Detected: 4 CPUs\n cpu0 (BSP): APIC ID:  0\n cpu1 (AP): APIC ID:  1\n cpu2 (AP): APIC ID:  6\n cpu3 (AP): APIC ID:  7\nioapic0: Changing APIC ID to 4\nioapic0 \u003cVersion 2.0\u003e irqs 0-23 on motherboard\nioapic1 \u003cVersion 2.0\u003e irqs 24-47 on motherboard\nioapic2 \u003cVersion 2.0\u003e irqs 48-71 on motherboard\nkbd1 at kbdmux0\nath_hal: 0.9.20.3 (AR5210, AR5211, AR5212, RF5111, RF5112, RF2413, RF5413)\nacpi0: \u003cIntelR AWRDACPI\u003e on motherboard\nacpi0: [ITHREAD]\nacpi0: Power Button (fixed)\nunknown: I/O range not supported\nacpi0: reservation of 0, a0000 (3) failed\nacpi0: reservation of 100000, 9fef0000 (3) failed\nTimecounter \"ACPI-fast\" frequency 3579545 Hz quality 1000\nacpi_timer0: \u003c24-bit timer at 3.579545MHz\u003e port 0x4008-0x400b on acpi0\nacpi_button0: \u003cPower Button\u003e on acpi0\npcib0: \u003cACPI Host-PCI bridge\u003e port 0xcf8-0xcff on acpi0\npci0: \u003cACPI PCI bus\u003e on pcib0\nagp0: \u003cIntel E7505 host to AGP bridge\u003e on hostb0\npci0: \u003cunknown\u003e at device 0.1 (no driver attached)\npcib1: \u003cPCI-PCI bridge\u003e mem 0xfd000000-0xfd3fffff at device 1.0 on pci0\npci1: \u003cPCI bus\u003e on pcib1\npcib2: \u003cACPI PCI-PCI bridge\u003e at device 2.0 on pci0\npci2: \u003cACPI PCI bus\u003e on pcib2\npcib3: \u003cACPI PCI-PCI bridge\u003e at device 29.0 on pci2\npci3: \u003cACPI PCI bus\u003e on pcib3\nbge0: \u003cBroadcom NetXtreme Gigabit Ethernet Controller, ASIC rev. 0x1002\u003e mem 0xfb020000-0xfb02ffff irq 48 at device 1.0 on pci3\nmiibus0: \u003cMII bus\u003e on bge0\nbrgphy0: \u003cBCM5703 10/100/1000baseTX PHY\u003e PHY 1 on miibus0\nbrgphy0:  10baseT, 10baseT-FDX, 100baseTX, 100baseTX-FDX, 1000baseT, 1000baseT-FDX, auto\nbge0: Ethernet address: 00:10:dc:f2:b2:68\nbge0: [ITHREAD]\nmpt0: \u003cLSILogic 1030 Ultra4 Adapter\u003e port 0xc000-0xc0ff mem 0xfb000000-0xfb00ffff,0xfb010000-0xfb01ffff irq 56 at device 3.0 on pci3\nmpt0: [ITHREAD]\nmpt0: MPI Version=1.2.14.0\nmpt0: Capabilities: ( RAID-0 SAFTE )\nmpt0: 0 Active Volumes (0 Max)\nmpt0: 0 Hidden Drive Members (0 Max)\nmpt1: \u003cLSILogic 1030 Ultra4 Adapter\u003e port 0xc400-0xc4ff mem 0xfb030000-0xfb03ffff,0xfb040000-0xfb04ffff irq 57 at device 3.1 on pci3\nmpt1: [ITHREAD]\nmpt1: MPI Version=1.2.14.0\nmpt1: Capabilities: ( RAID-0 SAFTE )\nmpt1: 1 Active Volume (1 Max)\nmpt1: 4 Hidden Drive Members (6 Max)\npcib4: \u003cACPI PCI-PCI bridge\u003e at device 31.0 on pci2\npci4: \u003cACPI PCI bus\u003e on pcib4\npci0: \u003cunknown\u003e at device 2.1 (no driver attached)\nuhci0: \u003cIntel 82801DB (ICH4) USB controller USB-A\u003e port 0xd000-0xd01f irq 16 at device 29.0 on pci0\nuhci0: [GIANT-LOCKED]\nuhci0: [ITHREAD]\nusb0: \u003cIntel 82801DB (ICH4) USB controller USB-A\u003e on uhci0\nusb0: USB revision 1.0\nuhub0: \u003cIntel UHCI root hub, class 9/0, rev 1.00/1.00, addr 1\u003e on usb0\nuhub0: 2 ports with 2 removable, self powered\nuhci1: \u003cIntel 82801DB (ICH4) USB controller USB-B\u003e port 0xd400-0xd41f irq 19 at device 29.1 on pci0\nuhci1: [GIANT-LOCKED]\nuhci1: [ITHREAD]\nusb1: \u003cIntel 82801DB (ICH4) USB controller USB-B\u003e on uhci1\nusb1: USB revision 1.0\nuhub1: \u003cIntel UHCI root hub, class 9/0, rev 1.00/1.00, addr 1\u003e on usb1\nuhub1: 2 ports with 2 removable, self powered\nehci0: \u003cIntel 82801DB/L/M (ICH4) USB 2.0 controller\u003e mem 0xfd800000-0xfd8003ff irq 23 at device 29.7 on pci0\nehci0: [GIANT-LOCKED]\nehci0: [ITHREAD]\nusb2: EHCI version 1.0\nusb2: companion controllers, 2 ports each: usb0 usb1\nusb2: \u003cIntel 82801DB/L/M (ICH4) USB 2.0 controller\u003e on ehci0\nusb2: USB revision 2.0\nuhub2: \u003cIntel EHCI root hub, class 9/0, rev 2.00/1.00, addr 1\u003e on usb2\nuhub2: 4 ports with 4 removable, self powered\npcib5: \u003cACPI PCI-PCI bridge\u003e at device 30.0 on pci0\npci5: \u003cACPI PCI bus\u003e on pcib5\nvgapci0: \u003cVGA-compatible display\u003e mem 0xf8000000-0xf8ffffff,0xf0000000-0xf7ffffff irq 21 at device 0.0 on pci5\nnvidia0: \u003cGeForce4 MX 440 with AGP8X\u003e on vgapci0\nvgapci0: child nvidia0 requested pci_enable_busmaster\nvgapci0: child nvidia0 requested pci_enable_io\nnvidia0: [GIANT-LOCKED]\nnvidia0: [ITHREAD]\nisab0: \u003cPCI-ISA bridge\u003e at device 31.0 on pci0\nisa0: \u003cISA bus\u003e on isab0\natapci0: \u003cIntel ICH4 UDMA100 controller\u003e port 0x1f0-0x1f7,0x3f6,0x170-0x177,0x376,0xf000-0xf00f at device 31.1 on pci0\nata0: \u003cATA channel 0\u003e on atapci0\nata0: [ITHREAD]\nata1: \u003cATA channel 1\u003e on atapci0\nata1: [ITHREAD]\nichsmb0: \u003cIntel 82801DC (ICH4) SMBus controller\u003e port 0x5000-0x501f irq 17 at device 31.3 on pci0\nichsmb0: [GIANT-LOCKED]\nichsmb0: [ITHREAD]\nsmbus0: \u003cSystem Management Bus\u003e on ichsmb0\nsmb0: \u003cSMBus generic I/O\u003e on smbus0\npcm0: \u003cIntel ICH4 (82801DB)\u003e port 0xdc00-0xdcff,0xe000-0xe03f mem 0xfd801000-0xfd8011ff,0xfd802000-0xfd8020ff irq 17 at device 31.5 on pci0\npcm0: [ITHREAD]\npcm0: \u003cAnalog Devices AD1885 AC97 Codec\u003e\nfdc0: \u003cfloppy drive controller\u003e port 0x3f2-0x3f5,0x3f7 irq 6 drq 2 on acpi0\nfdc0: [FILTER]\nsio0: \u003c16550A-compatible COM port\u003e port 0x3f8-0x3ff irq 4 flags 0x10 on acpi0\nsio0: type 16550A\nsio0: [FILTER]\nsio1: \u003c16550A-compatible COM port\u003e port 0x2f8-0x2ff irq 3 on acpi0\nsio1: type 16550A\nsio1: [FILTER]\natkbdc0: \u003cKeyboard controller (i8042)\u003e port 0x60,0x64 irq 1 on acpi0\natkbd0: \u003cAT Keyboard\u003e irq 1 on atkbdc0\nkbd0 at atkbd0\natkbd0: [GIANT-LOCKED]\natkbd0: [ITHREAD]\npsm0: \u003cPS/2 Mouse\u003e irq 12 on atkbdc0\npsm0: [GIANT-LOCKED]\npsm0: [ITHREAD]\npsm0: model IntelliMouse, device ID 3\ncpu0: \u003cACPI CPU\u003e on acpi0\np4tcc0: \u003cCPU Frequency Thermal Control\u003e on cpu0\ncpu1: \u003cACPI CPU\u003e on acpi0\np4tcc1: \u003cCPU Frequency Thermal Control\u003e on cpu1\ncpu2: \u003cACPI CPU\u003e on acpi0\np4tcc2: \u003cCPU Frequency Thermal Control\u003e on cpu2\ncpu3: \u003cACPI CPU\u003e on acpi0\np4tcc3: \u003cCPU Frequency Thermal Control\u003e on cpu3\npmtimer0 on isa0\norm0: \u003cISA Option ROMs\u003e at iomem 0xc0000-0xcf7ff,0xd0000-0xd3fff pnpid ORM0000 on isa0\nppc0: \u003cParallel port\u003e at port 0x378-0x37f irq 7 on isa0\nppc0: SMC-like chipset (ECP/EPP/PS2/NIBBLE) in COMPATIBLE mode\nppc0: FIFO with 16/16/8 bytes threshold\nppbus0: \u003cParallel port bus\u003e on ppc0\nppbus0: [ITHREAD]\nplip0: \u003cPLIP network interface\u003e on ppbus0\nplip0: WARNING: using obsoleted IFF_NEEDSGIANT flag\nlpt0: \u003cPrinter\u003e on ppbus0\nlpt0: Interrupt-driven port\nppi0: \u003cParallel I/O\u003e on ppbus0\nppc0: [GIANT-LOCKED]\nppc0: [ITHREAD]\nsc0: \u003cSystem console\u003e at flags 0x100 on isa0\nsc0: VGA \u003c16 virtual consoles, flags=0x300\u003e\nvga0: \u003cGeneric ISA VGA\u003e at port 0x3c0-0x3df iomem 0xa0000-0xbffff on isa0\nTimecounters tick every 1.000 msec\nWaiting 5 seconds for SCSI devices to settle\nmpt1: mpt_read_cfg_page: Config Info Status 22\nmpt1:vol0(mpt1:0:0): mpt_refresh_raid_vol: Failed to read RAID Vol Page(0)\nmpt1:vol0(mpt1:0:0): Settings ( )\nmpt1:vol0(mpt1:0:0): 0 Members:\nmpt1:vol0(mpt1:0:0): RAID-0 - Optimal\n(mpt1:0:2): Physical (mpt1:0:2:0), Pass-thru (mpt1:1:0:0)\n(mpt1:0:2): Online\n(mpt1:0:4): Physical (mpt1:0:4:0), Pass-thru (mpt1:1:1:0)\n(mpt1:0:4): Online\n(mpt1:0:8): Physical (mpt1:0:8:0), Pass-thru (mpt1:1:2:0)\n(mpt1:0:8): Online\n(mpt1:0:12): Physical (mpt1:0:12:0), Pass-thru (mpt1:1:3:0)\n(mpt1:0:12): Online\nacd0: DVDR \u003cSONY DVD RW DRU-840A/SS01\u003e at ata0-master UDMA66\nacd1: DVDR \u003cMATSHITADVD-RAM SW-9585S/ND1M\u003e at ata0-slave UDMA66\nGEOM_LABEL: Label for provider acd0 is iso9660/ MEMOIRS_OF_A_GEISHA.\nacd0: FAILURE - INQUIRY ILLEGAL REQUEST asc=0x24 ascq=0x00\nacd1: FAILURE - INQUIRY ILLEGAL REQUEST asc=0x24 ascq=0x00\nda0 at mpt0 bus 0 target 0 lun 0\nda0: \u003cSEAGATE ST318436LW 0004\u003e Fixed Direct Access SCSI-3 device\nda0: 160.000MB/s transfers (80.000MHz, offset 31, 16bit)\nda0: Command Queueing Enabled\nda0: 17522MB (35885168 512 byte sectors: 255H 63S/T 2233C)\nda1 at mpt0 bus 0 target 1 lun 0\nda1: \u003cSEAGATE ST336753LW 0002\u003e Fixed Direct Access SCSI-3 device\nda1: 320.000MB/s transfers (160.000MHz, offset 63, 16bit)\nda1: Command Queueing Enabled\nda1: 35003MB (71687372 512 byte sectors: 255H 63S/T 4462C)\nda2 at mpt1 bus 0 target 2 lun 0\nda2: \u003cLSILOGIC 1020/1030     IS 1000\u003e Fixed Direct Access SCSI-2 device\nda2: 3.300MB/s transfers\nda2: 138712MB (284082176 512 byte sectors: 255H 63S/T 17683C)\nsa0 at mpt0 bus 0 target 8 lun 0\nsa0: \u003cSONY SDX-400C 0702\u003e Removable Sequential Access SCSI-2 device\nsa0: 40.000MB/s transfers (20.000MHz, offset 15, 16bit)\nSMP: AP CPU #3 Launched!\nSMP: AP CPU #1 Launched!\nSMP: AP CPU #2 Launched!\ncd0 at ata0 bus 0 target 0 lun 0\ncd0: \u003cSONY DVD RW DRU-840A SS01\u003e Removable CD-ROM SCSI-0 device\ncd0: 66.000MB/s transfers\ncd0: cd present [2295104 x 2048 byte records]\ncd1 at ata0 bus 0 target 1 lun 0\ncd1: \u003cMATSHITA DVD-RAM SW-9585S ND1M\u003e Removable CD-ROM SCSI-0 device\ncd1: 66.000MB/s transfers\ncd1: Attempt to query device size failed: NOT READY, Medium not present\nGEOM_LABEL: Label for provider da1s1 is ntfs/WIN2K.\nGEOM_LABEL: Label for provider da2s3 is ntfs/R4.\nTrying to mount root from ufs:/dev/da2s2a\nipfw2 (+ipv6) initialized, divert loadable, nat loadable, rule-based forwarding disabled, default to deny, logging disabled\n[fb627@hfb6 /usr/home/fb627]$  \n===============================================================================\n===============================================================================\n===============================================================================\n\nI have another slide (at the same disk) which is installed freebsd 6.1 \nI also execuse the command for a comparision at freebsd 6.1\n\n\nScript started on Sat Jan 17 03:54:58 2009\n# camcontrol devlist\n\u003cSEAGATE ST318436LW 0004\u003e          at scbus0 target 0 lun 0 (pass0,da0)\n\u003cSEAGATE ST336753LW 0002\u003e          at scbus0 target 1 lun 0 (pass1,da1)\n\u003cSONY SDX-400C 0702\u003e               at scbus0 target 8 lun 0 (sa0,pass2)\n\u003cLSILOGIC 1020/1030     IS 1000\u003e   at scbus1 target 2 lun 0 (pass3,da2)\n\u003cIBM-ESXS ST336754LW    FN B869\u003e   at scbus2 target 0 lun 0 (pass4)\n\u003cFUJITSU MAU3036NC 5C01\u003e           at scbus2 target 1 lun 0 (pass5)\n\u003cIBM-ESXS ST336754LW    FN B869\u003e   at scbus2 target 2 lun 0 (pass6)\n\u003cFUJITSU MAU3036NC 5C01\u003e           at scbus2 target 3 lun 0 (pass7)\n\u003cSONY DVD RW DRU-840A SS01\u003e        at scbus3 target 0 lun 0 (pass8,cd0)\n\u003cMATSHITA DVD-RAM SW-9585S ND1M\u003e   at scbus3 target 1 lun 0 (pass9,cd1)\n\n#diskinfo -v -t da1\nda1\n\t512         \t# sectorsize\n\t36703934464 \t# mediasize in bytes (34G)\n\t71687372    \t# mediasize in sectors\n\t4462        \t# Cylinders according to firmware.\n\t255         \t# Heads according to firmware.\n\t63          \t# Sectors according to firmware.\n\nSeek times:\n\tFull stroke:\t  250 iter in   3.098671 sec =   12.395 msec\n\tHalf stroke:\t  250 iter in   2.129506 sec =    8.518 msec\n\tQuarter stroke:\t  500 iter in   3.559885 sec =    7.120 msec\n\tShort forward:\t  400 iter in   1.658425 sec =    4.146 msec\n\tShort backward:\t  400 iter in   0.807269 sec =    2.018 msec\n\tSeq outer:\t 2048 iter in   0.266670 sec =    0.130 msec\n\tSeq inner:\t 2048 iter in   0.264463 sec =    0.129 msec\nTransfer rates:\n\toutside:       102400 kbytes in   1.385500 sec =    73908 kbytes/sec\n\tmiddle:        102400 kbytes in   1.558973 sec =    65684 kbytes/sec\n\tinside:        102400 kbytes in   2.120220 sec =    48297 kbytes/sec\n\n# diskinfo -v -t da2\nda2\n\t512         \t# sectorsize\n\t145450074112\t# mediasize in bytes (135G)\n\t284082176   \t# mediasize in sectors\n\t17683       \t# Cylinders according to firmware.\n\t255         \t# Heads according to firmware.\n\t63          \t# Sectors according to firmware.\n\nSeek times:\n\tFull stroke:\t  250 iter in   0.674995 sec =    2.700 msec\n\tHalf stroke:\t  250 iter in   1.634318 sec =    6.537 msec\n\tQuarter stroke:\t  500 iter in   2.662559 sec =    5.325 msec\n\tShort forward:\t  400 iter in   1.193850 sec =    2.985 msec\n\tShort backward:\t  400 iter in   1.363944 sec =    3.410 msec\n\tSeq outer:\t 2048 iter in   0.309164 sec =    0.151 msec\n\tSeq inner:\t 2048 iter in   0.409713 sec =    0.200 msec\nTransfer rates:\n\toutside:       102400 kbytes in   0.755343 sec =   135568 kbytes/sec\n\tmiddle:        102400 kbytes in   0.789872 sec =   129641 kbytes/sec\n\tinside:        102400 kbytes in   0.759277 sec =   134865 kbytes/sec\n\n# dmesg\nCopyright (c) 1992-2006 The FreeBSD Project.\nCopyright (c) 1979, 1980, 1983, 1986, 1988, 1989, 1991, 1992, 1993, 1994\n\tThe Regents of the University of California. All rights reserved.\nFreeBSD 6.1-RELEASE-p12 #20: Mon Feb 12 18:40:08 CST 2007\n    fb62@hfb6.ZYHOME:/usr/obj/usr/src/sys/MYSMP61\nacpi_alloc_wakeup_handler: can't alloc wake memory\nTimecounter \"i8254\" frequency 1193182 Hz quality 0\nCPU: Intel(R) Xeon(TM) CPU 2.66GHz (2666.77-MHz 686-class CPU)\n  Origin = \"GenuineIntel\"  Id = 0xf27  Stepping = 7\n  Features=0xbfebfbff\u003cFPU,VME,DE,PSE,TSC,MSR,PAE,MCE,CX8,APIC,SEP,MTRR,PGE,MCA,CMOV,PAT,PSE36,CLFLUSH,DTS,ACPI,MMX,FXSR,SSE,SSE2,SS,HTT,TM,PBE\u003e\n  Features2=0x4400\u003cCNTX-ID,\u003cb14\u003e\u003e\n  Logical CPUs per core: 2\nreal memory  = 2684289024 (2559 MB)\navail memory = 2623754240 (2502 MB)\nACPI APIC Table: \u003cIntelR AWRDACPI\u003e\nFreeBSD/SMP: Multiprocessor System Detected: 4 CPUs\n cpu0 (BSP): APIC ID:  0\n cpu1 (AP): APIC ID:  1\n cpu2 (AP): APIC ID:  6\n cpu3 (AP): APIC ID:  7\nioapic0: Changing APIC ID to 4\nioapic0 \u003cVersion 2.0\u003e irqs 0-23 on motherboard\nioapic1 \u003cVersion 2.0\u003e irqs 24-47 on motherboard\nioapic2 \u003cVersion 2.0\u003e irqs 48-71 on motherboard\nkbd1 at kbdmux0\nacpi0: \u003cIntelR AWRDACPI\u003e on motherboard\nacpi0: Power Button (fixed)\nunknown: I/O range not supported\nTimecounter \"ACPI-fast\" frequency 3579545 Hz quality 1000\nacpi_timer0: \u003c24-bit timer at 3.579545MHz\u003e port 0x4008-0x400b on acpi0\ncpu0: \u003cACPI CPU\u003e on acpi0\np4tcc0: \u003cCPU Frequency Thermal Control\u003e on cpu0\ncpu1: \u003cACPI CPU\u003e on acpi0\np4tcc1: \u003cCPU Frequency Thermal Control\u003e on cpu1\ncpu2: \u003cACPI CPU\u003e on acpi0\np4tcc2: \u003cCPU Frequency Thermal Control\u003e on cpu2\ncpu3: \u003cACPI CPU\u003e on acpi0\np4tcc3: \u003cCPU Frequency Thermal Control\u003e on cpu3\nacpi_button0: \u003cPower Button\u003e on acpi0\npcib0: \u003cACPI Host-PCI bridge\u003e port 0xcf8-0xcff on acpi0\npci0: \u003cACPI PCI bus\u003e on pcib0\npci0: \u003cunknown\u003e at device 0.1 (no driver attached)\npcib1: \u003cPCI-PCI bridge\u003e mem 0xfd000000-0xfd3fffff at device 1.0 on pci0\npci1: \u003cPCI bus\u003e on pcib1\npcib2: \u003cACPI PCI-PCI bridge\u003e at device 2.0 on pci0\npci2: \u003cACPI PCI bus\u003e on pcib2\npci2: \u003cbase peripheral, interrupt controller\u003e at device 28.0 (no driver attached)\npcib3: \u003cACPI PCI-PCI bridge\u003e at device 29.0 on pci2\npci3: \u003cACPI PCI bus\u003e on pcib3\npci3: \u003cnetwork, ethernet\u003e at device 1.0 (no driver attached)\nmpt0: \u003cLSILogic 1030 Ultra4 Adapter\u003e port 0xc000-0xc0ff mem 0xfb000000-0xfb00ffff,0xfb010000-0xfb01ffff irq 56 at device 3.0 on pci3\nmpt0: [GIANT-LOCKED]\nmpt0: MPI Version=1.2.14.0\nmpt0: Unhandled Event Notify Frame. Event 0xa.\nmpt0: Capabilities: ( RAID-0 SAFTE )\nmpt0: 0 Active Volumes (0 Max)\nmpt0: 0 Hidden Drive Members (0 Max)\nmpt1: \u003cLSILogic 1030 Ultra4 Adapter\u003e port 0xc400-0xc4ff mem 0xfb030000-0xfb03ffff,0xfb040000-0xfb04ffff irq 57 at device 3.1 on pci3\nmpt1: [GIANT-LOCKED]\nmpt1: MPI Version=1.2.14.0\nmpt1: Unhandled Event Notify Frame. Event 0xa.\nmpt1: Capabilities: ( RAID-0 SAFTE )\nmpt1: 1 Active Volume (1 Max)\nmpt1: 4 Hidden Drive Members (6 Max)\npci2: \u003cbase peripheral, interrupt controller\u003e at device 30.0 (no driver attached)\npcib4: \u003cACPI PCI-PCI bridge\u003e at device 31.0 on pci2\npci4: \u003cACPI PCI bus\u003e on pcib4\npci0: \u003cunknown\u003e at device 2.1 (no driver attached)\nuhci0: \u003cIntel 82801DB (ICH4) USB controller USB-A\u003e port 0xd000-0xd01f irq 16 at device 29.0 on pci0\nuhci0: [GIANT-LOCKED]\nusb0: \u003cIntel 82801DB (ICH4) USB controller USB-A\u003e on uhci0\nusb0: USB revision 1.0\nuhub0: Intel UHCI root hub, class 9/0, rev 1.00/1.00, addr 1\nuhub0: 2 ports with 2 removable, self powered\nuhci1: \u003cIntel 82801DB (ICH4) USB controller USB-B\u003e port 0xd400-0xd41f irq 19 at device 29.1 on pci0\nuhci1: [GIANT-LOCKED]\nusb1: \u003cIntel 82801DB (ICH4) USB controller USB-B\u003e on uhci1\nusb1: USB revision 1.0\nuhub1: Intel UHCI root hub, class 9/0, rev 1.00/1.00, addr 1\nuhub1: 2 ports with 2 removable, self powered\nehci0: \u003cIntel 82801DB/L/M (ICH4) USB 2.0 controller\u003e mem 0xfd800000-0xfd8003ff irq 23 at device 29.7 on pci0\nehci0: [GIANT-LOCKED]\nusb2: EHCI version 1.0\nusb2: companion controllers, 2 ports each: usb0 usb1\nusb2: \u003cIntel 82801DB/L/M (ICH4) USB 2.0 controller\u003e on ehci0\nusb2: USB revision 2.0\nuhub2: Intel EHCI root hub, class 9/0, rev 2.00/1.00, addr 1\nuhub2: 4 ports with 4 removable, self powered\npcib5: \u003cACPI PCI-PCI bridge\u003e at device 30.0 on pci0\npci5: \u003cACPI PCI bus\u003e on pcib5\npci5: \u003cdisplay, VGA\u003e at device 0.0 (no driver attached)\nisab0: \u003cPCI-ISA bridge\u003e at device 31.0 on pci0\nisa0: \u003cISA bus\u003e on isab0\natapci0: \u003cIntel ICH4 UDMA100 controller\u003e port 0x1f0-0x1f7,0x3f6,0x170-0x177,0x376,0xf000-0xf00f at device 31.1 on pci0\nata0: \u003cATA channel 0\u003e on atapci0\nata1: \u003cATA channel 1\u003e on atapci0\nichsmb0: \u003cIntel 82801DC (ICH4) SMBus controller\u003e port 0x5000-0x501f irq 17 at device 31.3 on pci0\nichsmb0: [GIANT-LOCKED]\nsmbus0: \u003cSystem Management Bus\u003e on ichsmb0\nsmb0: \u003cSMBus generic I/O\u003e on smbus0\npci0: \u003cmultimedia, audio\u003e at device 31.5 (no driver attached)\nsio0: \u003c16550A-compatible COM port\u003e port 0x3f8-0x3ff irq 4 flags 0x10 on acpi0\nsio0: type 16550A\nsio1: \u003c16550A-compatible COM port\u003e port 0x2f8-0x2ff irq 3 on acpi0\nsio1: type 16550A\nppc0: \u003cECP parallel printer port\u003e port 0x378-0x37f,0x778-0x77f irq 7 drq 3 on acpi0\nppc0: SMC-like chipset (ECP/EPP/PS2/NIBBLE) in COMPATIBLE mode\nppc0: FIFO with 16/16/8 bytes threshold\nppbus0: \u003cParallel port bus\u003e on ppc0\nlpt0: \u003cPrinter\u003e on ppbus0\nlpt0: Interrupt-driven port\nppi0: \u003cParallel I/O\u003e on ppbus0\natkbdc0: \u003cKeyboard controller (i8042)\u003e port 0x60,0x64 irq 1 on acpi0\natkbd0: \u003cAT Keyboard\u003e irq 1 on atkbdc0\nkbd0 at atkbd0\natkbd0: [GIANT-LOCKED]\npsm0: \u003cPS/2 Mouse\u003e irq 12 on atkbdc0\npsm0: [GIANT-LOCKED]\npsm0: model IntelliMouse, device ID 3\npmtimer0 on isa0\norm0: \u003cISA Option ROMs\u003e at iomem 0xc0000-0xcf7ff,0xd0000-0xd3fff on isa0\nsc0: \u003cSystem console\u003e at flags 0x100 on isa0\nsc0: VGA \u003c16 virtual consoles, flags=0x300\u003e\nvga0: \u003cGeneric ISA VGA\u003e at port 0x3c0-0x3df iomem 0xa0000-0xbffff on isa0\nTimecounters tick every 1.000 msec\nWaiting 15 seconds for SCSI devices to settle\nacd0: DVDR \u003cSONY DVD RW DRU-840A/SS01\u003e at ata0-master UDMA66\nacd1: DVDR \u003cMATSHITADVD-RAM SW-9585S/ND1M\u003e at ata0-slave UDMA66\nmpt1: mpt_read_cfg_page: Config Info Status 22\nmpt1:vol0(mpt1:0:0): mpt_refresh_raid_vol: Failed to read RAID Vol Page(0)\nmpt1:vol0(mpt1:0:0): Settings ( )\nmpt1:vol0(mpt1:0:0): 0 Members:\nmpt1:vol0(mpt1:0:0): RAID-0 - Optimal\n(mpt1:0:2): Physical (mpt1:0:2), Pass-thru (mpt1:1:0)\n(mpt1:0:2): Online\n(mpt1:0:4): Physical (mpt1:0:4), Pass-thru (mpt1:1:1)\n(mpt1:0:4): Online\n(mpt1:0:8): Physical (mpt1:0:8), Pass-thru (mpt1:1:2)\n(mpt1:0:8): Online\n(mpt1:0:12): Physical (mpt1:0:12), Pass-thru (mpt1:1:3)\n(mpt1:0:12): Online\nsa0 at mpt0 bus 0 target 8 lun 0\nsa0: \u003cSONY SDX-400C 0702\u003e Removable Sequential Access SCSI-2 device \nsa0: 40.000MB/s transfers (20.000MHz, offset 15, 16bit)\npass4 at mpt1 bus 1 target 0 lun 0\npass4: \u003cIBM-ESXS ST336754LW    FN B869\u003e Fixed unknown SCSI-4 device \npass4: 320.000MB/s transfers (160.000MHz, offset 63, 16bit), Tagged Queueing Enabled\npass5 at mpt1 bus 1 target 1 lun 0\npass5: \u003cFUJITSU MAU3036NC 5C01\u003e Fixed unknown SCSI-3 device \npass5: 320.000MB/s transfers (160.000MHz, offset 127, 16bit), Tagged Queueing Enabled\npass6 at mpt1 bus 1 target 2 lun 0\npass6: \u003cIBM-ESXS ST336754LW    FN B869\u003e Fixed unknown SCSI-4 device \npass6: 320.000MB/s transfers (160.000MHz, offset 63, 16bit), Tagged Queueing Enabled\npass7 at mpt1 bus 1 target 3 lun 0\npass7: \u003cFUJITSU MAU3036NC 5C01\u003e Fixed unknown SCSI-3 device \npass7: 320.000MB/s transfers (160.000MHz, offset 127, 16bit), Tagged Queueing Enabled\nda0 at mpt0 bus 0 target 0 lun 0\nda0: \u003cSEAGATE ST318436LW 0004\u003e Fixed Direct Access SCSI-3 device \nda0: 160.000MB/s transfers (80.000MHz, offset 31, 16bit), Tagged Queueing Enabled\nda0: 17522MB (35885168 512 byte sectors: 255H 63S/T 2233C)\nda1 at mpt0 bus 0 target 1 lun 0\nda1: \u003cSEAGATE ST336753LW 0002\u003e Fixed Direct Access SCSI-3 device \nda1: 320.000MB/s transfers (160.000MHz, offset 63, 16bit), Tagged Queueing Enabled\nda1: 35003MB (71687372 512 byte sectors: 255H 63S/T 4462C)\nda2 at mpt1 bus 0 target 2 lun 0\nda2: \u003cLSILOGIC 1020/1030     IS 1000\u003e Fixed Direct Access SCSI-2 device \nda2: 320.000MB/s transfers (160.000MHz, offset 63, 16bit), Tagged Queueing Enabled\nda2: 138712MB (284082176 512 byte sectors: 255H 63S/T 17683C)\ncd0 at ata0 bus 0 target 0 lun 0\ncd0: \u003cSONY DVD RW DRU-840A SS01\u003e Removable CD-ROM SCSI-0 device \ncd0: 66.000MB/s transfers\ncd0: cd present [2295104 x 2048 byte records]\nSMP: AP CPU #2 Launched!\nSMP: AP CPU #1 Launched!\nSMP: AP CPU #3 Launched!\ncd1 at ata0 bus 0 target 1 lun 0\ncd1: \u003cMATSHITA DVD-RAM SW-9585S ND1M\u003e Removable CD-ROM SCSI-0 device \ncd1: 66.000MB/s transfers\ncd1: Attempt to query device size failed: NOT READY, Medium not present\nTrying to mount root from ufs:/dev/da2s1a\n# ^[[I\b \b\b \b\b \b\b \bexit\n\nScript done on Sat Jan 17 03:58:24 2009"
}