{
 "id": 355938,
 "bug_id": 104751,
 "attachment_id": 0,
 "creation_time": "2006-10-24T14:40:17Z",
 "creator": "vlad_ber@ukr.net",
 "text": "At me 2 network interfaces with which I receive the information about the\ntraffic by module ng_ipacct each 5 minutes.  I open a browser qonkueror, in\nseveral Tab opening www pages and at start of a script of the PC it is\nreloaded.\n\n# kgdb /usr/src/sys/i386/compile/super/kernel.debug  /usr/spool/share/crash/vmcore.0\n[GDB will not be able to debug user-mode threads: /usr/lib/libthread_db.so: Undefined symbol \"ps_pglobal_lookup\"]\nGNU gdb 6.1.1 [FreeBSD]\nCopyright 2004 Free Software Foundation, Inc.\nGDB is free software, covered by the GNU General Public License, and you are\nwelcome to change it and/or distribute copies of it under certain conditions.\nType \"show copying\" to see the conditions.\nThere is absolutely no warranty for GDB.  Type \"show warranty\" for details.\nThis GDB was configured as \"i386-marcel-freebsd\".\n\nUnread portion of the kernel message buffer:\n\n\nFatal trap 12: page fault while in kernel mode\nfault virtual address   = 0xac\nfault code              = supervisor write, page not present\ninstruction pointer     = 0x20:0xc05f15d4\nstack pointer           = 0x28:0xd4412b1c\nframe pointer           = 0x28:0xd4412b44\ncode segment            = base 0x0, limit 0xfffff, type 0x1b\n                        = DPL 0, pres 1, def32 1, gran 1\nprocessor eflags        = interrupt enabled, resume, IOPL = 0\ncurrent process         = 14 (swi1: net)\ntrap number             = 12\npanic: page fault\nUptime: 2m9s\nDumping 510 MB (2 chunks)\n  chunk 0: 1MB (159 pages) ... ok\n  chunk 1: 511MB (130608 pages) 495 479 463 447 431 415 399 383 367 351 335 319 303 287 271 255 239 223 207 191 175 159 143 127 111 95 79 63 47 31 15\n\n#0  doadump () at pcpu.h:165\n165             __asm __volatile(\"movl %%fs:0,%0\" : \"=r\" (td));\n(kgdb)\n(kgdb) bt full\n#0  doadump () at pcpu.h:165\nNo locals.\n#1  0xc0536f05 in boot (howto=260) at ../../../kern/kern_shutdown.c:402\n        first_buf_printf = 1\n#2  0xc053720f in panic (fmt=0xc06b4132 \"%s\")\n    at ../../../kern/kern_shutdown.c:558\n        td = (struct thread *) 0xc32aec00\n        bootopt = 260\n        newpanic = 0\n        ap = 0xc32aec00 \"\\030\u0026#1056;*\u0026#1046;@\\016+\u0026#1046;\"\n        buf = \"page fault\", '\\0' \u003crepeats 245 times\u003e\n#3  0xc068f969 in trap_fatal (frame=0xd4412adc, eva=0)\n    at ../../../i386/i386/trap.c:836\n        code = 40\n        type = 12\n        ss = 40\n        esp = 0\n        softseg = {ssd_base = 0, ssd_limit = 1048575, ssd_type = 27,\n  ssd_dpl = 0, ssd_p = 1, ssd_xx = 10, ssd_xx1 = 2, ssd_def32 = 1,\n  ssd_gran = 1}\n        msg = 0x0\n#4  0xc068f689 in trap_pfault (frame=0xd4412adc, usermode=0, eva=172)\n    at ../../../i386/i386/trap.c:744\n---Type \u003creturn\u003e to continue, or q \u003creturn\u003e to quit---\n        va = 0\n        vm = (struct vmspace *) 0x0\n        map = 0xc07168e0\n        rv = 1\n        ftype = 1 '\\001'\n        td = (struct thread *) 0xc32aec00\n        p = (struct proc *) 0xc32ad418\n#5  0xc068f273 in trap (frame=\n      {tf_fs = -1067515896, tf_es = -1018494936, tf_ds = 40, tf_edi = -1015789532, tf_esi = -1006892848, tf_ebp = -733926588, tf_isp = -733926648, tf_ebx = 4, tf_edx = 0, tf_ecx = -1020597248, tf_eax = -1020597248, tf_trapno = 12, tf_err = 2, tf_eip = -1067510316, tf_cs = 32, tf_eflags = 66178, tf_esp = -1006892848, tf_ss = 16}) at ../../../i386/i386/trap.c:434\n        td = (struct thread *) 0xc32aec00\n        p = (struct proc *) 0xc32ad418\n        sticks = 3561040640\n        i = 0\n        ucode = 0\n        type = 12\n        code = 2\n        eva = 172\n#6  0xc068106a in calltrap () at ../../../i386/i386/exception.s:139\nNo locals.\n---Type \u003creturn\u003e to continue, or q \u003creturn\u003e to quit---\n#7  0xc05f15d4 in tcp_timewait (tw=0xc3fc08d0, to=0xd4412bf8, th=0xc3744824,\n    m=0xc32aec00, tlen=0) at atomic.h:149\n        thflags = 4\n        seq = 0\n#8  0xc05ee66e in tcp_input (m=0xc3727500, off0=20)\n    at ../../../netinet/tcp_input.c:762\n        th = (struct tcphdr *) 0xc3744824\n        ip = (struct ip *) 0xc3744810\n        ipov = (struct ipovly *) 0xc3744810\n        inp = (struct inpcb *) 0xc3fe4924\n        optp = (u_char *) 0xc3744838 \"\\001\\001\\b\\n\\207\\210\\027(\"\n        optlen = 12\n        len = -1006745308\n        tlen = 0\n        off = 32\n        drop_hdrlen = 52\n        tp = (struct tcpcb *) 0x0\n        thflags = 16\n        so = (struct socket *) 0x0\n        todrop = -1006745308\n        acked = -1006745308\n        ourfinisacked = -431947696\n        needoutput = 0\n---Type \u003creturn\u003e to continue, or q \u003creturn\u003e to quit---\n        tiwin = 4294967295\n        to = {to_flags = 0, to_tsval = 0, to_tsecr = 0, to_mss = 0,\n  to_requested_s_scale = 0 '\\0', to_nsacks = 0 '\\0', to_sacks = 0x0}\n        headlocked = 1\n        rstreason = -1006745308\n#9  0xc05e68ef in ip_input (m=0xc3727500) at ../../../netinet/ip_input.c:786\n        ip = (struct ip *) 0xc3744810\n        ia = (struct in_ifaddr *) 0xc34f8400\n        ifa = (struct ifaddr *) 0x0\n        checkif = 0\n        hlen = 20\n        sum = 60416\n        dchg = 0\n        odst = {s_addr = 83929280}\n#10 0xc05bf08f in netisr_processqueue (ni=0xc071f038)\n    at ../../../net/netisr.c:236\n        m = (struct mbuf *) 0xc3727500\n#11 0xc05bf2dc in swi_net (dummy=0x0) at ../../../net/netisr.c:349\n        ni = (struct netisr *) 0xc071f038\n        bits = 0\n        i = -1020597248\n#12 0xc051e4d0 in ithread_execute_handlers (p=0xc32ad418, ie=0xc32ab400)\n    at ../../../kern/kern_intr.c:684\n---Type \u003creturn\u003e to continue, or q \u003creturn\u003e to quit---\n        ih = (struct intr_handler *) 0xc32b4000\n        ihn = (struct intr_handler *) 0x0\n#13 0xc051e61a in ithread_loop (arg=0xc327a710)\n    at ../../../kern/kern_intr.c:767\n        intr_event = (struct intr_thread *) 0xc327a710\n        ie = (struct intr_event *) 0xc32ab400\n        td = (struct thread *) 0xc32aec00\n        p = (struct proc *) 0xc32ad418\n#14 0xc051d0f4 in fork_exit (callout=0xc051e5b7 \u003cithread_loop\u003e,\n    arg=0xc32aec00, frame=0xc32aec00) at ../../../kern/kern_fork.c:805\n        p = (struct proc *) 0xc32ad418\n        td = (struct thread *) 0x0\n#15 0xc06810cc in fork_trampoline () at ../../../i386/i386/exception.s:208\nNo locals.\n(kgdb)\n\n---------------------------------------------\nMy kernel:\n\n\nmachine\t\ti386\ncpu\t\tI686_CPU\nident\t\tsuper\nmaxusers\t0\n\n# To statically compile in device wiring instead of /boot/device.hints\n#hints\t\t\"GENERIC.hints\"\t\t# Default places to look for devices.\n\nmakeoptions\tDEBUG=-g\t\t# Build kernel with gdb(1) debug symbols\n\n#options \tSCHED_ULE\t\t# ULE scheduler\noptions \tSCHED_4BSD\t\t# 4BSD scheduler\noptions \tPREEMPTION\t\t# Enable kernel thread preemption\noptions \tINET\t\t\t# InterNETworking\n#options \tINET6\t\t\t# IPv6 communications protocols\noptions \tFFS\t\t\t# Berkeley Fast Filesystem\noptions \tSOFTUPDATES\t\t# Enable FFS soft updates support\noptions \tUFS_ACL\t\t\t# Support for access control lists\noptions \tUFS_DIRHASH\t\t# Improve performance on big directories\n#options \tMD_ROOT\t\t\t# MD is a potential root device\n#options \tNFSCLIENT\t\t# Network Filesystem Client\n#options \tNFSSERVER\t\t# Network Filesystem Server\n#options \tNFS_ROOT\t\t# NFS usable as /, requires NFSCLIENT\noptions \tMSDOSFS\t\t\t# MSDOS Filesystem\noptions \tCD9660\t\t\t# ISO 9660 Filesystem\noptions \tPROCFS\t\t\t# Process filesystem (requires PSEUDOFS)\noptions \tPSEUDOFS\t\t# Pseudo-filesystem framework\noptions \tGEOM_GPT\t\t# GUID Partition Tables.\noptions \tCOMPAT_43\t\t# Compatible with BSD 4.3 [KEEP THIS!]\n#options \tCOMPAT_FREEBSD4\t\t# Compatible with FreeBSD4\n#options \tCOMPAT_FREEBSD5\t\t# Compatible with FreeBSD5\n#options \tSCSI_DELAY=5000\t\t# Delay (in ms) before probing SCSI\noptions \tKTRACE\t\t\t# ktrace(1) support\noptions \tSYSVSHM\t\t\t# SYSV-style shared memory\noptions \tSYSVMSG\t\t\t# SYSV-style message queues\noptions \tSYSVSEM\t\t\t# SYSV-style semaphores\noptions \t_KPOSIX_PRIORITY_SCHEDULING # POSIX P1003_1B real-time extensions\noptions \tKBD_INSTALL_CDEV\t# install a CDEV entry in /dev\noptions \tAHC_REG_PRETTY_PRINT\t# Print register bitfields in debug\n\t\t\t\t\t# output.  Adds ~128k to driver.\noptions \tAHD_REG_PRETTY_PRINT\t# Print register bitfields in debug\n\t\t\t\t\t# output.  Adds ~215k to driver.\noptions \tADAPTIVE_GIANT\t\t# Giant mutex is adaptive.\n\n#device\t\tapic\t\t\t# I/O APIC\n########################################################################\ndevice\t\tatapicam\ndevice\t\tscbus\ndevice\t\tcd\ndevice\t\tpass\ndevice\t\tda\t\t# Direct Access (disks)\n#-------------------------------------------------------\noptions \tNETGRAPH\noptions \tNETGRAPH_ETHER\noptions \tNETGRAPH_SOCKET\noptions \tNETGRAPH_TEE\n#-------------------------------------------------------\n#\noptions \tIPFIREWALL\t\t#firewall\noptions \tIPFIREWALL_VERBOSE\t#enable logging to syslogd(8)\noptions\t\tIPFIREWALL_DEFAULT_TO_ACCEPT # Enable for  NFS\n#\n#\tfor ipnat\noptions \tIPFILTER\noptions \tIPFILTER_LOG\n#\noptions \tIPDIVERT\t\t#divert sockets\noptions \tDUMMYNET\n#\noptions \tNMBCLUSTERS=65536\n#\noptions \tTCP_DROP_SYNFIN\t\t#drop TCP packets with SYN+FIN\n#-------------------------------------------------------\noptions \tMSDOSFS_ICONV\noptions \tCD9660_ICONV\noptions \tLIBICONV\n#-------------------------------------------------------\ndevice\t\tsound\ndevice\t\t\"snd_es137x\"\n#-------------------------------------------------------\noptions \tSC_DISABLE_REBOOT\n########################################################################\n# Bus support.\ndevice\t\teisa\ndevice\t\tpci\n\n# Floppy drives\ndevice\t\tfdc\n\n# ATA and ATAPI devices\ndevice\t\tata\ndevice\t\tatadisk\t\t# ATA disk drives\n#device\t\tataraid\t\t# ATA RAID drives\n#device\t\tatapicd\t\t# ATAPI CDROM drives\n#device\t\tatapifd\t\t# ATAPI floppy drives\n#device\t\tatapist\t\t# ATAPI tape drives\noptions \tATA_STATIC_ID\t# Static device numbering\n\n# atkbdc0 controls both the keyboard and the PS/2 mouse\ndevice\t\tatkbdc\t\t# AT keyboard controller\ndevice\t\tatkbd\t\t# AT keyboard\ndevice\t\tpsm\t\t# PS/2 mouse\n\ndevice\t\tkbdmux\t\t# keyboard multiplexer\n\ndevice\t\tvga\t\t# VGA video card driver\n\ndevice\t\tsplash\t\t# Splash screen and screen saver support\n\n# syscons is the default console driver, resembling an SCO console\ndevice\t\tsc\n\n# Enable this for the pcvt (VT220 compatible) console driver\n#device\t\tvt\n#options \tXSERVER\t\t# support for X server on a vt console\n#options \tFAT_CURSOR\t# start with block cursor\n\ndevice\t\tagp\t\t# support several AGP chipsets\n\n# Power management support (see NOTES for more options)\n#device\t\tapm\n# Add suspend/resume support for the i8254.\ndevice\t\tpmtimer\n\n# Serial (COM) ports\ndevice\t\tsio\t\t# 8250, 16[45]50 based serial ports\n\n# Parallel port\ndevice\t\tppc\ndevice\t\tppbus\t\t# Parallel port bus (required)\ndevice\t\tlpt\t\t# Printer\n#device\t\tplip\t\t# TCP/IP over parallel\ndevice\t\tppi\t\t# Parallel port interface device\n#device\t\tvpo\t\t# Requires scbus and da\n\n# PCI Ethernet NICs that use the common MII bus controller code.\n# NOTE: Be sure to keep the 'device miibus' line in order to use these NICs!\ndevice\t\tmiibus\t\t# MII bus support\n#device\t\tdc\t\t# DEC/Intel 21143 and various workalikes\n#device\t\tfxp\t\t# Intel EtherExpress PRO/100B (82557, 82558)\ndevice\t\tem\t\t# Intel PRO/1000 adapter Gigabit Ethernet Card\ndevice\t\trl\t\t# RealTek 8129/8139\n\n# Pseudo devices.\ndevice\t\tloop\t\t# Network loopback\ndevice\t\trandom\t\t# Entropy device\ndevice\t\tether\t\t# Ethernet support\n#device\t\tsl\t\t# Kernel SLIP\ndevice\t\tppp\t\t# Kernel PPP\ndevice\t\ttun\t\t# Packet tunnel.\ndevice\t\tpty\t\t# Pseudo-ttys (telnet etc)\n#device\t\tmd\t\t# Memory \"disks\"\n#device\t\tgif\t\t# IPv6 and IPv4 tunneling\n#device\t\tfaith\t\t# IPv6-to-IPv4 relaying (translation)\n\n# The `bpf' device enables the Berkeley Packet Filter.\n# Be aware of the administrative consequences of enabling this!\n# Note that 'bpf' is required for DHCP.\ndevice\t\tbpf\t\t# Berkeley packet filter\n\n# USB support\ndevice\t\tuhci\t\t# UHCI PCI-\u003eUSB interface\n#device\t\tohci\t\t# OHCI PCI-\u003eUSB interface\ndevice\t\tehci\t\t# EHCI PCI-\u003eUSB interface (USB 2.0)\ndevice\t\tusb\t\t# USB Bus (required)\n#device\t\tudbp\t\t# USB Double Bulk Pipe devices\ndevice\t\tugen\t\t# Generic\ndevice\t\tuhid\t\t# \"Human Interface Devices\"\n#device\t\tulpt\t\t# Printer\ndevice\t\tumass\t\t# Disks/Mass storage - Requires scbus and da\n\n-----------------------------\nMy /var/run/dmesg.boot\n\nRebooting...\nCopyright (c) 1992-2006 The FreeBSD Project.\nCopyright (c) 1979, 1980, 1983, 1986, 1988, 1989, 1991, 1992, 1993, 1994\n\tThe Regents of the University of California. All rights reserved.\nFreeBSD 6.1-RELEASE #0: Sun Oct 22 23:39:28 EEST 2006\n    root@super.srvts.net:/usr/src/sys/i386/compile/super\nTimecounter \"i8254\" frequency 1193182 Hz quality 0\nCPU: Intel(R) Pentium(R) 4 CPU 2.40GHz (2394.01-MHz 686-class CPU)\n  Origin = \"GenuineIntel\"  Id = 0xf29  Stepping = 9\n  Features=0xbfebfbff\u003cFPU,VME,DE,PSE,TSC,MSR,PAE,MCE,CX8,APIC,SEP,MTRR,PGE,MCA,CMOV,PAT,PSE36,CLFLUSH,DTS,ACPI,MMX,FXSR,SSE,SSE2,SS,HTT,TM,PBE\u003e\n  Features2=0x4400\u003cCNTX-ID,\u003cb14\u003e\u003e\n  Logical CPUs per core: 2\nreal memory  = 536018944 (511 MB)\navail memory = 515174400 (491 MB)\nkbd1 at kbdmux0\nacpi0: \u003cINTEL D875BZLK\u003e on motherboard\nacpi0: Power Button (fixed)\nTimecounter \"ACPI-fast\" frequency 3579545 Hz quality 1000\nacpi_timer0: \u003c24-bit timer at 3.579545MHz\u003e port 0x408-0x40b on acpi0\ncpu0: \u003cACPI CPU\u003e on acpi0\nacpi_throttle0: \u003cACPI CPU Throttling\u003e on cpu0\npcib0: \u003cACPI Host-PCI bridge\u003e port 0xcf8-0xcff on acpi0\npci0: \u003cACPI PCI bus\u003e on pcib0\nagp0: \u003cIntel 82875P host to AGP bridge\u003e mem 0xf8000000-0xfbffffff at device 0.0 on pci0\npcib1: \u003cACPI PCI-PCI bridge\u003e at device 1.0 on pci0\npci1: \u003cACPI PCI bus\u003e on pcib1\npci1: \u003cdisplay, VGA\u003e at device 0.0 (no driver attached)\npcib2: \u003cACPI PCI-PCI bridge\u003e at device 3.0 on pci0\npci2: \u003cACPI PCI bus\u003e on pcib2\nem0: \u003cIntel(R) PRO/1000 Network Connection Version - 3.2.18\u003e port 0xac00-0xac1f mem 0xff8e0000-0xff8fffff irq 10 at device 1.0 on pci2\nem0: Ethernet address: 00:07:e9:ea:66:25\nuhci0: \u003cIntel 82801EB (ICH5) USB controller USB-A\u003e port 0xcc00-0xcc1f irq 11 at device 29.0 on pci0\nuhci0: [GIANT-LOCKED]\nusb0: \u003cIntel 82801EB (ICH5) USB controller USB-A\u003e on uhci0\nusb0: USB revision 1.0\nuhub0: Intel UHCI root hub, class 9/0, rev 1.00/1.00, addr 1\nuhub0: 2 ports with 2 removable, self powered\nuhci1: \u003cIntel 82801EB (ICH5) USB controller USB-B\u003e port 0xd000-0xd01f irq 5 at device 29.1 on pci0\nuhci1: [GIANT-LOCKED]\nusb1: \u003cIntel 82801EB (ICH5) USB controller USB-B\u003e on uhci1\nusb1: USB revision 1.0\nuhub1: Intel UHCI root hub, class 9/0, rev 1.00/1.00, addr 1\nuhub1: 2 ports with 2 removable, self powered\nuhci2: \u003cIntel 82801EB (ICH5) USB controller USB-C\u003e port 0xd400-0xd41f irq 10 at device 29.2 on pci0\nuhci2: [GIANT-LOCKED]\nusb2: \u003cIntel 82801EB (ICH5) USB controller USB-C\u003e on uhci2\nusb2: USB revision 1.0\nuhub2: Intel UHCI root hub, class 9/0, rev 1.00/1.00, addr 1\nuhub2: 2 ports with 2 removable, self powered\nuhci3: \u003cIntel 82801EB (ICH5) USB controller USB-D\u003e port 0xd800-0xd81f irq 11 at device 29.3 on pci0\nuhci3: [GIANT-LOCKED]\nusb3: \u003cIntel 82801EB (ICH5) USB controller USB-D\u003e on uhci3\nusb3: USB revision 1.0\nuhub3: Intel UHCI root hub, class 9/0, rev 1.00/1.00, addr 1\nuhub3: 2 ports with 2 removable, self powered\nehci0: \u003cIntel 82801EB/R (ICH5) USB 2.0 controller\u003e mem 0xffaffc00-0xffafffff irq 9 at device 29.7 on pci0\nehci0: [GIANT-LOCKED]\nusb4: EHCI version 1.0\nusb4: companion controllers, 2 ports each: usb0 usb1 usb2 usb3\nusb4: \u003cIntel 82801EB/R (ICH5) USB 2.0 controller\u003e on ehci0\nusb4: USB revision 2.0\nuhub4: Intel EHCI root hub, class 9/0, rev 2.00/1.00, addr 1\nuhub4: 8 ports with 8 removable, self powered\npcib3: \u003cACPI PCI-PCI bridge\u003e at device 30.0 on pci0\npci3: \u003cACPI PCI bus\u003e on pcib3\nem1: \u003cIntel(R) PRO/1000 Network Connection Version - 3.2.18\u003e port 0xbc00-0xbc3f mem 0xff9e0000-0xff9fffff,0xff9c0000-0xff9dffff irq 11 at device 1.0 on pci3\nem1: Ethernet address: 00:0e:0c:05:ef:a6\nrl0: \u003cRealTek 8139 10/100BaseTX\u003e port 0xb800-0xb8ff mem 0xff99fc00-0xff99fcff irq 3 at device 2.0 on pci3\nmiibus0: \u003cMII bus\u003e on rl0\nrlphy0: \u003cRealTek internal media interface\u003e on miibus0\nrlphy0:  10baseT, 10baseT-FDX, 100baseTX, 100baseTX-FDX, auto\nrl0: Ethernet address: 00:30:4f:09:1b:41\npcm0: \u003cCreative CT5880-C\u003e port 0xb400-0xb43f irq 5 at device 3.0 on pci3\npcm0: \u003cTriTech TR28602 AC97 Codec\u003e\npcm0: \u003cPlayback: DAC2 / Record: ADC\u003e\nisab0: \u003cPCI-ISA bridge\u003e at device 31.0 on pci0\nisa0: \u003cISA bus\u003e on isab0\natapci0: \u003cIntel ICH5 UDMA100 controller\u003e port 0x1f0-0x1f7,0x3f6,0x170-0x177,0x376,0xffa0-0xffaf at device 31.1 on pci0\nata0: \u003cATA channel 0\u003e on atapci0\nata1: \u003cATA channel 1\u003e on atapci0\natapci1: \u003cIntel ICH5 SATA150 controller\u003e port 0xec00-0xec07,0xe800-0xe803,0xe400-0xe407,0xe000-0xe003,0xdc00-0xdc0f irq 10 at device 31.2 on pci0\nata2: \u003cATA channel 0\u003e on atapci1\nata3: \u003cATA channel 1\u003e on atapci1\npci0: \u003cserial bus, SMBus\u003e at device 31.3 (no driver attached)\nacpi_button0: \u003cSleep Button\u003e on acpi0\natkbdc0: \u003cKeyboard controller (i8042)\u003e port 0x60,0x64 irq 1 on acpi0\natkbd0: \u003cAT Keyboard\u003e irq 1 on atkbdc0\nkbd0 at atkbd0\natkbd0: [GIANT-LOCKED]\npsm0: \u003cPS/2 Mouse\u003e irq 12 on atkbdc0\npsm0: [GIANT-LOCKED]\npsm0: model 4D+ Mouse, device ID 8\nfdc0: \u003cfloppy drive controller\u003e port 0x3f0-0x3f1,0x3f2-0x3f3,0x3f4-0x3f5,0x3f7 irq 6 drq 2 on acpi0\nfdc0: [FAST]\nfd0: \u003c1440-KB 3.5\" drive\u003e on fdc0 drive 0\nsio0: configured irq 4 not in bitmap of probed irqs 0\nsio0: port may not be enabled\nsio0: \u003c16550A-compatible COM port\u003e port 0x3f8-0x3ff irq 4 flags 0x10 on acpi0\nsio0: type 16550A\nppc0: \u003cStandard parallel printer port\u003e port 0x378-0x37f irq 7 on acpi0\nppc0: Generic chipset (EPP/NIBBLE) in COMPATIBLE mode\nppbus0: \u003cParallel port bus\u003e on ppc0\nppbus0: IEEE1284 device found /NIBBLE/ECP\nProbing for PnP devices on ppbus0:\nppbus0: \u003cHewlett-Packard HP LaserJet 1100.1.1\u003e PRINTER MLC,PCL,PJL\nlpt0: \u003cPrinter\u003e on ppbus0\nlpt0: Interrupt-driven port\nppi0: \u003cParallel I/O\u003e on ppbus0\npmtimer0 on isa0\norm0: \u003cISA Option ROMs\u003e at iomem 0xc0000-0xccfff,0xcd000-0xce7ff,0xce800-0xcf7ff on isa0\nsc0: \u003cSystem console\u003e at flags 0x100 on isa0\nsc0: VGA \u003c16 virtual consoles, flags=0x300\u003e\nvga0: \u003cGeneric ISA VGA\u003e at port 0x3c0-0x3df iomem 0xa0000-0xbffff on isa0\nsio1: configured irq 3 not in bitmap of probed irqs 0\nsio1: port may not be enabled\nTimecounter \"TSC\" frequency 2394010444 Hz quality 800\nTimecounters tick every 1.000 msec\nIP Filter: v4.1.8 initialized.  Default = pass all, Logging = enabled\nipfw2 (+ipv6) initialized, divert loadable, rule-based forwarding disabled, default to accept, logging unlimited\nad4: 152627MB \u003cSeagate ST3160023AS 3.05\u003e at ata2-master SATA150\ncd1 at ata0 bus 0 target 1 lun 0\ncd1: \u003cTEAC DV-516E 2.01\u003e Removable CD-ROM SCSI-0 device \ncd1: 3.300MB/s transfers\ncd1: Attempt to query device size failed: NOT READY, Medium not present\ncd0 at ata0 bus 0 target 0 lun 0\ncd0: \u003cTEAC CD-W540E 1.0D\u003e Removable CD-ROM SCSI-0 device \ncd0: 3.300MB/s transfers\ncd0: Attempt to query device size failed: NOT READY, Medium not present\nTrying to mount root from ufs:/dev/ad4s1a\nem1: link state changed to UP\nAccounting enabled\nrl0: link state changed to UP\ndrm0: \u003cATI Radeon QY RV100 7000/VE\u003e port 0x9800-0x98ff mem 0xe8000000-0xefffffff,0xff7f0000-0xff7fffff irq 11 at device 0.0 on pci1\ninfo: [drm] AGP at 0xf8000000 64MB\ninfo: [drm] Initialized radeon 1.19.0 20050911\nConnection attempt to UDP 192.168.0.5:61057 from 195.248.191.65:53\n\n\nFatal trap 12: page fault while in kernel mode\nfault virtual address\t= 0xac\nfault code\t\t= supervisor write, page not present\ninstruction pointer\t= 0x20:0xc05f15d4\nstack pointer\t        = 0x28:0xd4412b1c\nframe pointer\t        = 0x28:0xd4412b44\ncode segment\t\t= base 0x0, limit 0xfffff, type 0x1b\n\t\t\t= DPL 0, pres 1, def32 1, gran 1\nprocessor eflags\t= interrupt enabled, resume, IOPL = 0\ncurrent process\t\t= 14 (swi1: net)\ntrap number\t\t= 12\npanic: page fault\nUptime: 2m9s\nDumping 510 MB (2 chunks)\n  chunk 0: 1MB (159 pages) ... ok\n  chunk 1: 511MB (130608 pages) 495 479 463 447 431 415 399 383 367 351 335 319 303 287 271 255 239 223 207 191 175 159 143 127 111 95 79 63 47 31 15 ... ok\n\nDump complete\nAutomatic reboot in 15 seconds - press a key on the console to abort\nRebooting...\nCopyright (c) 1992-2006 The FreeBSD Project.\nCopyright (c) 1979, 1980, 1983, 1986, 1988, 1989, 1991, 1992, 1993, 1994\n\tThe Regents of the University of California. All rights reserved.\nFreeBSD 6.1-RELEASE #0: Sun Oct 22 23:39:28 EEST 2006\n    root@super.srvts.net:/usr/src/sys/i386/compile/super\nTimecounter \"i8254\" frequency 1193182 Hz quality 0\nCPU: Intel(R) Pentium(R) 4 CPU 2.40GHz (2394.01-MHz 686-class CPU)\n  Origin = \"GenuineIntel\"  Id = 0xf29  Stepping = 9\n  Features=0xbfebfbff\u003cFPU,VME,DE,PSE,TSC,MSR,PAE,MCE,CX8,APIC,SEP,MTRR,PGE,MCA,CMOV,PAT,PSE36,CLFLUSH,DTS,ACPI,MMX,FXSR,SSE,SSE2,SS,HTT,TM,PBE\u003e\n  Features2=0x4400\u003cCNTX-ID,\u003cb14\u003e\u003e\n  Logical CPUs per core: 2\nreal memory  = 536018944 (511 MB)\navail memory = 515174400 (491 MB)\nkbd1 at kbdmux0\nacpi0: \u003cINTEL D875BZLK\u003e on motherboard\nacpi0: Power Button (fixed)\nTimecounter \"ACPI-fast\" frequency 3579545 Hz quality 1000\nacpi_timer0: \u003c24-bit timer at 3.579545MHz\u003e port 0x408-0x40b on acpi0\ncpu0: \u003cACPI CPU\u003e on acpi0\nacpi_throttle0: \u003cACPI CPU Throttling\u003e on cpu0\npcib0: \u003cACPI Host-PCI bridge\u003e port 0xcf8-0xcff on acpi0\npci0: \u003cACPI PCI bus\u003e on pcib0\nagp0: \u003cIntel 82875P host to AGP bridge\u003e mem 0xf8000000-0xfbffffff at device 0.0 on pci0\npcib1: \u003cACPI PCI-PCI bridge\u003e at device 1.0 on pci0\npci1: \u003cACPI PCI bus\u003e on pcib1\npci1: \u003cdisplay, VGA\u003e at device 0.0 (no driver attached)\npcib2: \u003cACPI PCI-PCI bridge\u003e at device 3.0 on pci0\npci2: \u003cACPI PCI bus\u003e on pcib2\nem0: \u003cIntel(R) PRO/1000 Network Connection Version - 3.2.18\u003e port 0xac00-0xac1f mem 0xff8e0000-0xff8fffff irq 10 at device 1.0 on pci2\nem0: Ethernet address: 00:07:e9:ea:66:25\nuhci0: \u003cIntel 82801EB (ICH5) USB controller USB-A\u003e port 0xcc00-0xcc1f irq 11 at device 29.0 on pci0\nuhci0: [GIANT-LOCKED]\nusb0: \u003cIntel 82801EB (ICH5) USB controller USB-A\u003e on uhci0\nusb0: USB revision 1.0\nuhub0: Intel UHCI root hub, class 9/0, rev 1.00/1.00, addr 1\nuhub0: 2 ports with 2 removable, self powered\nuhci1: \u003cIntel 82801EB (ICH5) USB controller USB-B\u003e port 0xd000-0xd01f irq 5 at device 29.1 on pci0\nuhci1: [GIANT-LOCKED]\nusb1: \u003cIntel 82801EB (ICH5) USB controller USB-B\u003e on uhci1\nusb1: USB revision 1.0\nuhub1: Intel UHCI root hub, class 9/0, rev 1.00/1.00, addr 1\nuhub1: 2 ports with 2 removable, self powered\nuhci2: \u003cIntel 82801EB (ICH5) USB controller USB-C\u003e port 0xd400-0xd41f irq 10 at device 29.2 on pci0\nuhci2: [GIANT-LOCKED]\nusb2: \u003cIntel 82801EB (ICH5) USB controller USB-C\u003e on uhci2\nusb2: USB revision 1.0\nuhub2: Intel UHCI root hub, class 9/0, rev 1.00/1.00, addr 1\nuhub2: 2 ports with 2 removable, self powered\nuhci3: \u003cIntel 82801EB (ICH5) USB controller USB-D\u003e port 0xd800-0xd81f irq 11 at device 29.3 on pci0\nuhci3: [GIANT-LOCKED]\nusb3: \u003cIntel 82801EB (ICH5) USB controller USB-D\u003e on uhci3\nusb3: USB revision 1.0\nuhub3: Intel UHCI root hub, class 9/0, rev 1.00/1.00, addr 1\nuhub3: 2 ports with 2 removable, self powered\nehci0: \u003cIntel 82801EB/R (ICH5) USB 2.0 controller\u003e mem 0xffaffc00-0xffafffff irq 9 at device 29.7 on pci0\nehci0: [GIANT-LOCKED]\nusb4: EHCI version 1.0\nusb4: companion controllers, 2 ports each: usb0 usb1 usb2 usb3\nusb4: \u003cIntel 82801EB/R (ICH5) USB 2.0 controller\u003e on ehci0\nusb4: USB revision 2.0\nuhub4: Intel EHCI root hub, class 9/0, rev 2.00/1.00, addr 1\nuhub4: 8 ports with 8 removable, self powered\npcib3: \u003cACPI PCI-PCI bridge\u003e at device 30.0 on pci0\npci3: \u003cACPI PCI bus\u003e on pcib3\nem1: \u003cIntel(R) PRO/1000 Network Connection Version - 3.2.18\u003e port 0xbc00-0xbc3f mem 0xff9e0000-0xff9fffff,0xff9c0000-0xff9dffff irq 11 at device 1.0 on pci3\nem1: Ethernet address: 00:0e:0c:05:ef:a6\nrl0: \u003cRealTek 8139 10/100BaseTX\u003e port 0xb800-0xb8ff mem 0xff99fc00-0xff99fcff irq 3 at device 2.0 on pci3\nmiibus0: \u003cMII bus\u003e on rl0\nrlphy0: \u003cRealTek internal media interface\u003e on miibus0\nrlphy0:  10baseT, 10baseT-FDX, 100baseTX, 100baseTX-FDX, auto\nrl0: Ethernet address: 00:30:4f:09:1b:41\npcm0: \u003cCreative CT5880-C\u003e port 0xb400-0xb43f irq 5 at device 3.0 on pci3\npcm0: \u003cTriTech TR28602 AC97 Codec\u003e\npcm0: \u003cPlayback: DAC2 / Record: ADC\u003e\nisab0: \u003cPCI-ISA bridge\u003e at device 31.0 on pci0\nisa0: \u003cISA bus\u003e on isab0\natapci0: \u003cIntel ICH5 UDMA100 controller\u003e port 0x1f0-0x1f7,0x3f6,0x170-0x177,0x376,0xffa0-0xffaf at device 31.1 on pci0\nata0: \u003cATA channel 0\u003e on atapci0\nata1: \u003cATA channel 1\u003e on atapci0\natapci1: \u003cIntel ICH5 SATA150 controller\u003e port 0xec00-0xec07,0xe800-0xe803,0xe400-0xe407,0xe000-0xe003,0xdc00-0xdc0f irq 10 at device 31.2 on pci0\nata2: \u003cATA channel 0\u003e on atapci1\nata3: \u003cATA channel 1\u003e on atapci1\npci0: \u003cserial bus, SMBus\u003e at device 31.3 (no driver attached)\nacpi_button0: \u003cSleep Button\u003e on acpi0\natkbdc0: \u003cKeyboard controller (i8042)\u003e port 0x60,0x64 irq 1 on acpi0\natkbd0: \u003cAT Keyboard\u003e irq 1 on atkbdc0\nkbd0 at atkbd0\natkbd0: [GIANT-LOCKED]\npsm0: \u003cPS/2 Mouse\u003e irq 12 on atkbdc0\npsm0: [GIANT-LOCKED]\npsm0: model 4D+ Mouse, device ID 8\nfdc0: \u003cfloppy drive controller\u003e port 0x3f0-0x3f1,0x3f2-0x3f3,0x3f4-0x3f5,0x3f7 irq 6 drq 2 on acpi0\nfdc0: [FAST]\nfd0: \u003c1440-KB 3.5\" drive\u003e on fdc0 drive 0\nsio0: configured irq 4 not in bitmap of probed irqs 0\nsio0: port may not be enabled\nsio0: \u003c16550A-compatible COM port\u003e port 0x3f8-0x3ff irq 4 flags 0x10 on acpi0\nsio0: type 16550A\nppc0: \u003cStandard parallel printer port\u003e port 0x378-0x37f irq 7 on acpi0\nppc0: Generic chipset (EPP/NIBBLE) in COMPATIBLE mode\nppbus0: \u003cParallel port bus\u003e on ppc0\nppbus0: IEEE1284 device found /NIBBLE/ECP\nProbing for PnP devices on ppbus0:\nppbus0: \u003cHewlett-Packard HP LaserJet 1100.1.1\u003e PRINTER MLC,PCL,PJL\nlpt0: \u003cPrinter\u003e on ppbus0\nlpt0: Interrupt-driven port\nppi0: \u003cParallel I/O\u003e on ppbus0\npmtimer0 on isa0\norm0: \u003cISA Option ROMs\u003e at iomem 0xc0000-0xccfff,0xcd000-0xce7ff,0xce800-0xcf7ff on isa0\nsc0: \u003cSystem console\u003e at flags 0x100 on isa0\nsc0: VGA \u003c16 virtual consoles, flags=0x300\u003e\nvga0: \u003cGeneric ISA VGA\u003e at port 0x3c0-0x3df iomem 0xa0000-0xbffff on isa0\nsio1: configured irq 3 not in bitmap of probed irqs 0\nsio1: port may not be enabled\nTimecounter \"TSC\" frequency 2394010300 Hz quality 800\nTimecounters tick every 1.000 msec\nIP Filter: v4.1.8 initialized.  Default = pass all, Logging = enabled\nipfw2 (+ipv6) initialized, divert loadable, rule-based forwarding disabled, default to accept, logging unlimited\nad4: 152627MB \u003cSeagate ST3160023AS 3.05\u003e at ata2-master SATA150\ncd1 at ata0 bus 0 target 1 lun 0\ncd1: \u003cTEAC DV-516E 2.01\u003e Removable CD-ROM SCSI-0 device \ncd1: 3.300MB/s transfers\ncd1: Attempt to query device size failed: NOT READY, Medium not present\ncd0 at ata0 bus 0 target 0 lun 0\ncd0: \u003cTEAC CD-W540E 1.0D\u003e Removable CD-ROM SCSI-0 device \ncd0: 3.300MB/s transfers\ncd0: Attempt to query device size failed: NOT READY, Medium not present\nTrying to mount root from ufs:/dev/ad4s1a\nWARNING: / was not properly dismounted\nWARNING: /tmp was not properly dismounted\nWARNING: /usr was not properly dismounted\n/usr: mount pending error: blocks 2352 files 36\nWARNING: /usr/spool/proxy was not properly dismounted\nWARNING: /usr/spool/share was not properly dismounted\nWARNING: /var was not properly dismounted\n/var: mount pending error: blocks 392 files 16\nem1: link state changed to UP\nrl0: link state changed to UP\nAccounting enabled\n-----------------------------------------------------\nmy /etc/make.conf\n\n#NO_MODULES=\ttrue\t# do not build modules with the kernel\nCPUTYPE?=pentium4\nCFLAGS= -O -pipe\n\n# added by use.perl 2006-07-19 21:04:35\nPERL_VER=5.8.8\nPERL_VERSION=5.8.8\n\nHow-To-Repeat: 1) Install port ng_ipacct\n2) edit /usr/local/etc/ng_ipacct.conf :\n# Configuration for 'em1_ip_acct' node:\n\nng_ipacct_em1_dlt=\"EN10MB\"\t# required line; see ipacctctl(8)\nng_ipacct_em1_threshold=\"10000\"\t# '5000' by default\nng_ipacct_em1_verbose=\"yes\"\t# 'yes' by default\nng_ipacct_em1_saveuid=\"yes\"\t# 'no' by default\nng_ipacct_em1_savetime=\"yes\"\t# 'no' by default\nng_ipacct_em1_start=${ng_ipacct_default_ether_start}\nng_ipacct_em1_stop=${ng_ipacct_default_ether_stop}\nng_ipacct_em1_checkpoint_script=\"/usr/local/ng/stat.sh\"\n\t\t\t# this script is called on stop (to save accumulated \n\t\t\t# data) or via \"rc.d/ng_ipacct.sh checkpoint\"\n# Configuration for 'rl0_ip_acct' node:\n\nng_ipacct_rl0_dlt=\"EN10MB\"\t# required line; see ipacctctl(8)\nng_ipacct_rl0_threshold=\"10000\"\t# '5000' by default\nng_ipacct_rl0_verbose=\"yes\"\t# 'yes' by default\nng_ipacct_rl0_saveuid=\"yes\"\t# 'no' by default\nng_ipacct_rl0_savetime=\"yes\"\t# 'no' by default\nng_ipacct_rl0_start=${ng_ipacct_default_ether_start}\nng_ipacct_rl0_stop=${ng_ipacct_default_ether_stop}\nng_ipacct_rl0_checkpoint_script=\"/usr/local/ng/stat.sh\"\n\t\t\t# this script is called on stop (to save accumulated \n\t\t\t# data) or via \"rc.d/ng_ipacct.sh checkpoint\"\n\n3)in /usr/local/ng put stat.sh :\n#!/bin/sh\n\n# Written by Anton V. Yuzhaninov \u003ccitrin % mail.ru\u003e\n# traffic logger based on ng_ipacct by Roman V. Palagin\n# ftp://ftp.wuppy.net.ru/pub/BSD/FreeBSD/local/kernel/ng_ipacct/\n\n# File name format\n# YYYY-MM-DD-hour\n\nIPACCTCTL=\"/usr/local/sbin/ipacctctl\"\n#IFACE=$1\nIFACE=\"em1\"\n\nDIR=/usr/local/ng/traffic\nSDIR=`date -v-9M \"+%Y-%m-%d\"`\n\nif [ ! -e \"$DIR/$SDIR\" ]; then\n   mkdir $DIR/$SDIR\nfi\n\n#NAME=`date -v-9M \"+%Y-%m-%d-%H-$IFACE\"`\nNAME=`date -v-9M \"+%H-$IFACE\"`\n\n$IPACCTCTL ${IFACE}_ip_acct:$IFACE checkpoint\n$IPACCTCTL ${IFACE}_ip_acct:$IFACE show \u003e\u003e $DIR/$SDIR/$NAME\n$IPACCTCTL ${IFACE}_ip_acct:$IFACE clear\n\n/usr/bin/tail -1 $DIR/$SDIR/$NAME | /usr/bin/fgrep exceed\n\nIFACE=\"rl0\"\nNAME=`date -v-9M \"+%H-$IFACE\"`\n\n$IPACCTCTL ${IFACE}_ip_acct:$IFACE checkpoint\n$IPACCTCTL ${IFACE}_ip_acct:$IFACE show \u003e\u003e $DIR/$SDIR/$NAME\n$IPACCTCTL ${IFACE}_ip_acct:$IFACE clear\n\n/usr/bin/tail -1 $DIR/$SDIR/$NAME | /usr/bin/fgrep exceed\n\n4) in crontab put string:\n*/5 * * * * root /usr/local/ng/stat.sh\n\n5) Run Xorg with kde\n6) Open konqueror, some (3-4) new tab and open www page\n\n7) when run stat.sh by cron and openning www page system reboot"
}