{
 "id": 528264,
 "bug_id": 140564,
 "attachment_id": 0,
 "creation_time": "2009-11-15T04:30:01Z",
 "creator": "lsantagostini@gmail.com",
 "text": "When doing ifconfig wpi0 up then the following error appair:\n\nntbacer# ifconfig wpi0 up\n\nwpi0: timeout resetting Tx ring 1\nwpi0: timeout resetting Tx ring 3\nwpi0: timeout resetting Tx ring 4\nwpi0: timeout waiting for adapter to initialize\nwpi0: A problem occurred loading the firmware to the driver\n\nntbacer# ifconfig\nwpi0: flags=8803\u003cUP,BROADCAST,SIMPLEX,MULTICAST\u003e metric 0 mtu 2290\n\tether 00:1f:3c:31:94:3e\n\tmedia: IEEE 802.11 Wireless Ethernet autoselect (autoselect)\n\tstatus: no carrier\n\n-------\n/boot/loader.conf:\nntbacer# cat /boot/loader.conf\nif_wpi_load=\"YES\"\nwlan_load=\"YES\"\nfirmware_load=\"YES\"\nwpifw_load=\"YES\"\nsnd_hda_load=\"YES\"\nlegal.intel_ipw.license_ack=1\n\n-------\n/etc/rc.conf\nntbacer# cat /etc/rc.conf \nkeymap=\"us.iso\"\nifconfig_bge0=\"DHCP\"\nhostname=\"ntbacer.localdomain\"\nmoused_enable=\"YES\"\nifconfig_wpi0=\"WPA DHCP\"\ngnome_enable=\"YES\"\n\n-------\nntbacer# cat /etc/wpa_supplicant.conf \nctrl_interface=/var/run/wpa_supplicant\nctrl_interface_group=0\nap_scan=1\nfast_reauth=1\neapol_version=1\n\nnetwork={\n  ssid=\"Wifi Leo\"\n  psk=\"encrypted passwd\"\n  scan_ssid=1\n  proto=WPA2\n  key_mgmt=WPA-PSK\n}\n\n--------\nsystem boot with ACPI disabled, ACPI enabled cause system hang at boot time.\n\n--------\nMachine:\nAcer Aspire 5920\n\n--------\nNov 15 01:10:49 ntbacer syslogd: kernel boot file is /boot/kernel/kernel\nNov 15 01:10:49 ntbacer kernel: Copyright (c) 1992-2009 The FreeBSD Project.\nNov 15 01:10:49 ntbacer kernel: Copyright (c) 1979, 1980, 1983, 1986, 1988, 1989, 1991, 1992, 1993, 1994\nNov 15 01:10:49 ntbacer kernel: The Regents of the University of California. All rights reserved.\nNov 15 01:10:49 ntbacer kernel: FreeBSD is a registered trademark of The FreeBSD Foundation.\nNov 15 01:10:49 ntbacer kernel: FreeBSD 8.0-RC3 #0: Tue Nov 10 07:50:36 UTC 2009\nNov 15 01:10:49 ntbacer kernel: root@almeida.cse.buffalo.edu:/usr/obj/usr/src/sys/GENERIC\nNov 15 01:10:49 ntbacer kernel: Timecounter \"i8254\" frequency 1193182 Hz quality 0\nNov 15 01:10:49 ntbacer kernel: CPU: Intel(R) Core(TM)2 Duo CPU     T5550  @ 1.83GHz (1833.47-MHz 686-class CPU)\nNov 15 01:10:49 ntbacer kernel: Origin = \"GenuineIntel\"  Id = 0x6fd  Stepping = 13\nNov 15 01:10:49 ntbacer kernel: Features=0xbfebfbff\u003cFPU,VME,DE,PSE,TSC,MSR,PAE,MCE,CX8,APIC,SEP,MTRR,PGE,MCA,CMOV,PAT,PSE36,CLFLUSH,DTS,ACPI,MMX,FXSR,SSE,SSE2,SS,HTT,TM,PBE\u003e\nNov 15 01:10:49 ntbacer kernel: Features2=0xe39d\u003cSSE3,DTES64,MON,DS_CPL,EST,TM2,SSSE3,CX16,xTPR,PDCM\u003e\nNov 15 01:10:49 ntbacer kernel: AMD Features=0x20100000\u003cNX,LM\u003e\nNov 15 01:10:49 ntbacer kernel: AMD Features2=0x1\u003cLAHF\u003e\nNov 15 01:10:49 ntbacer kernel: TSC: P-state invariant\nNov 15 01:10:49 ntbacer kernel: real memory  = 2147483648 (2048 MB)\nNov 15 01:10:49 ntbacer kernel: avail memory = 2077458432 (1981 MB)\nNov 15 01:10:49 ntbacer kernel: MPTable: \u003cINTEL    S. Rosa CRB \u003e\nNov 15 01:10:49 ntbacer kernel: FreeBSD/SMP: Multiprocessor System Detected: 2 CPUs\nNov 15 01:10:49 ntbacer kernel: FreeBSD/SMP: 1 package(s) x 2 core(s)\nNov 15 01:10:49 ntbacer kernel: cpu0 (BSP): APIC ID:  0\nNov 15 01:10:49 ntbacer kernel: cpu1 (AP): APIC ID:  1\nNov 15 01:10:49 ntbacer kernel: ioapic0: Assuming intbase of 0\nNov 15 01:10:49 ntbacer kernel: ioapic0 \u003cVersion 2.0\u003e irqs 0-23 on motherboard\nNov 15 01:10:49 ntbacer kernel: kbd1 at kbdmux0\nNov 15 01:10:49 ntbacer kernel: pcib0: \u003cMPTable Host-PCI bridge\u003e pcibus 0 on motherboard\nNov 15 01:10:49 ntbacer kernel: pci0: \u003cPCI bus\u003e on pcib0\nNov 15 01:10:49 ntbacer kernel: vgapci0: \u003cVGA-compatible display\u003e port 0x1800-0x1807 mem 0xf0000000-0xf00fffff,0xd0000000-0xdfffffff irq 16 at device 2.0 on pci0\nNov 15 01:10:49 ntbacer kernel: agp0: \u003cIntel GM965 SVGA controller\u003e on vgapci0\nNov 15 01:10:49 ntbacer kernel: agp0: detected 7676k stolen memory\nNov 15 01:10:49 ntbacer kernel: agp0: aperture size is 256M\nNov 15 01:10:49 ntbacer kernel: vgapci1: \u003cVGA-compatible display\u003e mem 0xf0100000-0xf01fffff at device 2.1 on pci0\nNov 15 01:10:49 ntbacer kernel: uhci0: \u003cIntel 82801H (ICH8) USB controller USB-D\u003e port 0x1820-0x183f irq 16 at device 26.0 on pci0\nNov 15 01:10:49 ntbacer kernel: uhci0: [ITHREAD]\nNov 15 01:10:49 ntbacer kernel: uhci0: LegSup = 0x003b\nNov 15 01:10:49 ntbacer kernel: usbus0: \u003cIntel 82801H (ICH8) USB controller USB-D\u003e on uhci0\nNov 15 01:10:49 ntbacer kernel: uhci1: \u003cIntel 82801H (ICH8) USB controller USB-E\u003e port 0x1840-0x185f irq 21 at device 26.1 on pci0\nNov 15 01:10:49 ntbacer kernel: uhci1: [ITHREAD]\nNov 15 01:10:49 ntbacer kernel: uhci1: LegSup = 0x0010\nNov 15 01:10:49 ntbacer kernel: usbus1: \u003cIntel 82801H (ICH8) USB controller USB-E\u003e on uhci1\nNov 15 01:10:49 ntbacer kernel: ehci0: \u003cIntel 82801H (ICH8) USB 2.0 controller USB2-B\u003e mem 0xf0704000-0xf07043ff irq 18 at device 26.7 on pci0\nNov 15 01:10:49 ntbacer kernel: ehci0: [ITHREAD]\nNov 15 01:10:49 ntbacer kernel: usbus2: EHCI version 1.0\nNov 15 01:10:49 ntbacer kernel: usbus2: \u003cIntel 82801H (ICH8) USB 2.0 controller USB2-B\u003e on ehci0\nNov 15 01:10:49 ntbacer kernel: hdac0: \u003cIntel 82801H High Definition Audio Controller\u003e mem 0xf0500000-0xf0503fff irq 22 at device 27.0 on pci0\nNov 15 01:10:49 ntbacer kernel: hdac0: HDA Driver Revision: 20090624_0136\nNov 15 01:10:49 ntbacer kernel: hdac0: [ITHREAD]\nNov 15 01:10:49 ntbacer kernel: pcib1: \u003cPCI-PCI bridge\u003e irq 17 at device 28.0 on pci0\nNov 15 01:10:49 ntbacer kernel: pci2: \u003cPCI bus\u003e on pcib1\nNov 15 01:10:49 ntbacer kernel: pcib2: \u003cPCI-PCI bridge\u003e irq 19 at device 28.3 on pci0\nNov 15 01:10:49 ntbacer kernel: pci6: \u003cPCI bus\u003e on pcib2\nNov 15 01:10:49 ntbacer kernel: wpi0: \u003cIntel(R) PRO/Wireless 3945ABG\u003e mem 0xf0300000-0xf0300fff irq 17 at device 0.0 on pci6\nNov 15 01:10:49 ntbacer kernel: wpi0: Driver Revision 20071127\nNov 15 01:10:49 ntbacer kernel: wpi0: Hardware Revision (0x1)\nNov 15 01:10:49 ntbacer kernel: adding chan 1 (2412MHz) flags=0x2b maxpwr=15 passive=0, offset 2\nNov 15 01:10:49 ntbacer kernel: adding chan 2 (2417MHz) flags=0x2b maxpwr=15 passive=0, offset 4\nNov 15 01:10:49 ntbacer kernel: adding chan 3 (2422MHz) flags=0x2b maxpwr=15 passive=0, offset 6\nNov 15 01:10:49 ntbacer kernel: adding chan 4 (2427MHz) flags=0x2b maxpwr=15 passive=0, offset 8\nNov 15 01:10:49 ntbacer kernel: adding chan 5 (2432MHz) flags=0x2b maxpwr=15 passive=0, offset 10\nNov 15 01:10:49 ntbacer kernel: adding chan 6 (2437MHz) flags=0x2b maxpwr=15 passive=0, offset 12\nNov 15 01:10:49 ntbacer kernel: adding chan 7 (2442MHz) flags=0x2b maxpwr=15 passive=0, offset 14\nNov 15 01:10:49 ntbacer kernel: adding chan 8 (2447MHz) flags=0x2b maxpwr=15 passive=0, offset 16\nNov 15 01:10:49 ntbacer kernel: adding chan 9 (2452MHz) flags=0x2b maxpwr=15 passive=0, offset 18\nNov 15 01:10:49 ntbacer kernel: adding chan 10 (2457MHz) flags=0x2b maxpwr=15 passive=0, offset 20\nNov 15 01:10:49 ntbacer kernel: adding chan 11 (2462MHz) flags=0x2b maxpwr=15 passive=0, offset 22\nNov 15 01:10:49 ntbacer kernel: adding chan 12 (2467MHz) flags=0x21 maxpwr=15 passive=1, offset 24\nNov 15 01:10:49 ntbacer kernel: adding chan 13 (2472MHz) flags=0x21 maxpwr=15 passive=1, offset 26\nNov 15 01:10:49 ntbacer kernel: adding chan 34 (5170MHz) flags=0x21 maxpwr=15 passive=1, offset 27\nNov 15 01:10:49 ntbacer kernel: adding chan 36 (5180MHz) flags=0xab maxpwr=15 passive=0, offset 28\nNov 15 01:10:49 ntbacer kernel: adding chan 38 (5190MHz) flags=0x21 maxpwr=15 passive=1, offset 29\nNov 15 01:10:49 ntbacer kernel: adding chan 40 (5200MHz) flags=0xab maxpwr=15 passive=0, offset 30\nNov 15 01:10:49 ntbacer kernel: adding chan 42 (5210MHz) flags=0x21 maxpwr=15 passive=1, offset 31\nNov 15 01:10:49 ntbacer kernel: adding chan 44 (5220MHz) flags=0xab maxpwr=15 passive=0, offset 32\nNov 15 01:10:49 ntbacer kernel: adding chan 46 (5230MHz) flags=0x21 maxpwr=15 passive=1, offset 33\nNov 15 01:10:49 ntbacer kernel: adding chan 48 (5240MHz) flags=0xab maxpwr=15 passive=0, offset 34\nNov 15 01:10:49 ntbacer kernel: adding chan 52 (5260MHz) flags=0xb1 maxpwr=15 passive=1, offset 35\nNov 15 01:10:49 ntbacer kernel: adding chan 56 (5280MHz) flags=0xb1 maxpwr=15 passive=1, offset 36\nNov 15 01:10:49 ntbacer kernel: adding chan 60 (5300MHz) flags=0xb1 maxpwr=15 passive=1, offset 37\nNov 15 01:10:49 ntbacer kernel: adding chan 64 (5320MHz) flags=0xb1 maxpwr=15 passive=1, offset 38\nNov 15 01:10:49 ntbacer kernel: adding chan 100 (5500MHz) flags=0xb1 maxpwr=16 passive=1, offset 39\nNov 15 01:10:49 ntbacer kernel: adding chan 104 (5520MHz) flags=0xb1 maxpwr=16 passive=1, offset 40\nNov 15 01:10:49 ntbacer kernel: adding chan 108 (5540MHz) flags=0xb1 maxpwr=16 passive=1, offset 41\nNov 15 01:10:49 ntbacer kernel: adding chan 112 (5560MHz) flags=0xb1 maxpwr=16 passive=1, offset 42\nNov 15 01:10:49 ntbacer kernel: adding chan 116 (5580MHz) flags=0xb1 maxpwr=16 passive=1, offset 43\nNov 15 01:10:49 ntbacer kernel: adding chan 120 (5600MHz) flags=0xb1 maxpwr=16 passive=1, offset 44\nNov 15 01:10:49 ntbacer kernel: adding chan 124 (5620MHz) flags=0xb1 maxpwr=16 passive=1, offset 45\nNov 15 01:10:49 ntbacer kernel: adding chan 128 (5640MHz) flags=0xb1 maxpwr=16 passive=1, offset 46\nNov 15 01:10:49 ntbacer kernel: adding chan 132 (5660MHz) flags=0xb1 maxpwr=16 passive=1, offset 47\nNov 15 01:10:49 ntbacer kernel: adding chan 136 (5680MHz) flags=0xb1 maxpwr=16 passive=1, offset 48\nNov 15 01:10:49 ntbacer kernel: adding chan 140 (5700MHz) flags=0xb1 maxpwr=16 passive=1, offset 49\nNov 15 01:10:49 ntbacer kernel: power group 0: chan=1 maxpwr=48 temp=-182\nNov 15 01:10:49 ntbacer kernel: sample 0: index=13 power=44\nNov 15 01:10:49 ntbacer kernel: sample 1: index=29 power=31\nNov 15 01:10:49 ntbacer kernel: sample 2: index=47 power=11\nNov 15 01:10:49 ntbacer kernel: sample 3: index=58 power=0\nNov 15 01:10:49 ntbacer kernel: sample 4: index=77 power=-18\nNov 15 01:10:49 ntbacer kernel: power group 1: chan=44 maxpwr=50 temp=-186\nNov 15 01:10:49 ntbacer kernel: sample 0: index=12 power=40\nNov 15 01:10:49 ntbacer kernel: sample 1: index=19 power=31\nNov 15 01:10:49 ntbacer kernel: sample 2: index=32 power=17\nNov 15 01:10:49 ntbacer kernel: sample 3: index=43 power=7\nNov 15 01:10:49 ntbacer kernel: sample 4: index=77 power=-25\nNov 15 01:10:49 ntbacer kernel: power group 2: chan=64 maxpwr=50 temp=-185\nNov 15 01:10:49 ntbacer kernel: sample 0: index=12 power=43\nNov 15 01:10:49 ntbacer kernel: sample 1: index=20 power=34\nNov 15 01:10:49 ntbacer kernel: sample 2: index=33 power=21\nNov 15 01:10:49 ntbacer kernel: sample 3: index=44 power=11\nNov 15 01:10:49 ntbacer kernel: sample 4: index=77 power=-20\nNov 15 01:10:49 ntbacer kernel: power group 3: chan=116 maxpwr=48 temp=-184\nNov 15 01:10:49 ntbacer kernel: sample 0: index=12 power=40\nNov 15 01:10:49 ntbacer kernel: sample 1: index=20 power=31\nNov 15 01:10:49 ntbacer kernel: sample 2: index=36 power=15\nNov 15 01:10:49 ntbacer kernel: sample 3: index=48 power=4\nNov 15 01:10:49 ntbacer kernel: sample 4: index=77 power=-23\nNov 15 01:10:49 ntbacer kernel: power group 4: chan=153 maxpwr=46 temp=-183\nNov 15 01:10:49 ntbacer kernel: sample 0: index=10 power=39\nNov 15 01:10:49 ntbacer kernel: sample 1: index=20 power=29\nNov 15 01:10:49 ntbacer kernel: sample 2: index=32 power=17\nNov 15 01:10:49 ntbacer kernel: sample 3: index=42 power=9\nNov 15 01:10:49 ntbacer kernel: sample 4: index=77 power=-23\nNov 15 01:10:49 ntbacer kernel: wpi0: Regulatory Domain: MoW2\nNov 15 01:10:49 ntbacer kernel: wpi0: Hardware Type: B\nNov 15 01:10:49 ntbacer kernel: wpi0: Hardware Revision: ?\nNov 15 01:10:49 ntbacer kernel: wpi0: SKU does support 802.11a\nNov 15 01:10:49 ntbacer kernel: wpi0: [ITHREAD]\nNov 15 01:10:49 ntbacer kernel: pcib3: \u003cPCI-PCI bridge\u003e irq 16 at device 28.5 on pci0\nNov 15 01:10:49 ntbacer kernel: pci8: \u003cPCI bus\u003e on pcib3\nNov 15 01:10:49 ntbacer kernel: bge0: \u003cBroadcom NetLink Gigabit Ethernet Controller, ASIC rev. 0xb002\u003e mem 0xf0200000-0xf020ffff irq 17 at device 0.0 on pci8\nNov 15 01:10:49 ntbacer kernel: miibus0: \u003cMII bus\u003e on bge0\nNov 15 01:10:49 ntbacer kernel: brgphy0: \u003cBCM5787 10/100/1000baseTX PHY\u003e PHY 1 on miibus0\nNov 15 01:10:49 ntbacer kernel: brgphy0:  10baseT, 10baseT-FDX, 100baseTX, 100baseTX-FDX, 1000baseT, 1000baseT-FDX, auto\nNov 15 01:10:49 ntbacer kernel: bge0: Ethernet address: 00:1e:68:47:55:b3\nNov 15 01:10:49 ntbacer kernel: bge0: [ITHREAD]\nNov 15 01:10:49 ntbacer kernel: uhci2: \u003cIntel 82801H (ICH8) USB controller USB-A\u003e port 0x1860-0x187f irq 23 at device 29.0 on pci0\nNov 15 01:10:49 ntbacer kernel: uhci2: [ITHREAD]\nNov 15 01:10:49 ntbacer kernel: uhci2: LegSup = 0x003b\nNov 15 01:10:49 ntbacer kernel: usbus3: \u003cIntel 82801H (ICH8) USB controller USB-A\u003e on uhci2\nNov 15 01:10:49 ntbacer kernel: uhci3: \u003cIntel 82801H (ICH8) USB controller USB-B\u003e port 0x1880-0x189f irq 19 at device 29.1 on pci0\nNov 15 01:10:49 ntbacer kernel: uhci3: [ITHREAD]\nNov 15 01:10:49 ntbacer kernel: uhci3: LegSup = 0x0010\nNov 15 01:10:49 ntbacer kernel: usbus4: \u003cIntel 82801H (ICH8) USB controller USB-B\u003e on uhci3\nNov 15 01:10:49 ntbacer kernel: uhci4: \u003cIntel 82801H (ICH8) USB controller USB-C\u003e port 0x18a0-0x18bf irq 18 at device 29.2 on pci0\nNov 15 01:10:49 ntbacer kernel: uhci4: [ITHREAD]\nNov 15 01:10:49 ntbacer kernel: uhci4: LegSup = 0x0010\nNov 15 01:10:49 ntbacer kernel: usbus5: \u003cIntel 82801H (ICH8) USB controller USB-C\u003e on uhci4\nNov 15 01:10:49 ntbacer kernel: ehci1: \u003cIntel 82801H (ICH8) USB 2.0 controller USB2-A\u003e mem 0xf0704400-0xf07047ff irq 23 at device 29.7 on pci0\nNov 15 01:10:49 ntbacer kernel: ehci1: [ITHREAD]\nNov 15 01:10:49 ntbacer kernel: usbus6: EHCI version 1.0\nNov 15 01:10:49 ntbacer kernel: usbus6: \u003cIntel 82801H (ICH8) USB 2.0 controller USB2-A\u003e on ehci1\nNov 15 01:10:49 ntbacer kernel: pcib4: \u003cPCI-PCI bridge\u003e at device 30.0 on pci0\nNov 15 01:10:49 ntbacer kernel: pci10: \u003cPCI bus\u003e on pcib4\nNov 15 01:10:49 ntbacer kernel: fwohci0: \u003c1394 Open Host Controller Interface\u003e mem 0xf0400000-0xf04007ff at device 9.0 on pci10\nNov 15 01:10:49 ntbacer kernel: pcib0: unable to route slot 30 INTB\nNov 15 01:10:49 ntbacer kernel: fwohci0: Could not allocate irq\nNov 15 01:10:49 ntbacer kernel: device_attach: fwohci0 attach returned 6\nNov 15 01:10:49 ntbacer kernel: pci10: \u003cbase peripheral, SD host controller\u003e at device 9.1 (no driver attached)\nNov 15 01:10:49 ntbacer kernel: pci10: \u003cbase peripheral\u003e at device 9.2 (no driver attached)\nNov 15 01:10:49 ntbacer kernel: pci10: \u003cbase peripheral\u003e at device 9.3 (no driver attached)\nNov 15 01:10:49 ntbacer kernel: pci10: \u003cbase peripheral\u003e at device 9.4 (no driver attached)\nNov 15 01:10:49 ntbacer kernel: isab0: \u003cPCI-ISA bridge\u003e at device 31.0 on pci0\nNov 15 01:10:49 ntbacer kernel: isa0: \u003cISA bus\u003e on isab0\nNov 15 01:10:49 ntbacer kernel: atapci0: \u003cIntel ICH8M UDMA100 controller\u003e port 0x1f0-0x1f7,0x3f6,0x170-0x177,0x376,0x1810-0x181f at device 31.1 on pci0\nNov 15 01:10:49 ntbacer kernel: ata0: \u003cATA channel 0\u003e on atapci0\nNov 15 01:10:49 ntbacer kernel: ata0: [ITHREAD]\nNov 15 01:10:49 ntbacer kernel: atapci1: \u003cIntel ICH8M SATA300 controller\u003e port 0x1c00-0x1c07,0x18f4-0x18f7,0x18f8-0x18ff,0x18f0-0x18f3,0x18e0-0x18ef,0x18d0-0x18df irq 19 at device 31.2 on pci0\nNov 15 01:10:49 ntbacer kernel: atapci1: [ITHREAD]\nNov 15 01:10:49 ntbacer kernel: ata2: \u003cATA channel 0\u003e on atapci1\nNov 15 01:10:49 ntbacer kernel: ata2: [ITHREAD]\nNov 15 01:10:49 ntbacer kernel: ata3: \u003cATA channel 1\u003e on atapci1\nNov 15 01:10:49 ntbacer kernel: ata3: [ITHREAD]\nNov 15 01:10:49 ntbacer kernel: pci0: \u003cserial bus, SMBus\u003e at device 31.3 (no driver attached)\nNov 15 01:10:49 ntbacer kernel: cpu0 on motherboard\nNov 15 01:10:49 ntbacer kernel: est0: \u003cEnhanced SpeedStep Frequency Control\u003e on cpu0\nNov 15 01:10:49 ntbacer kernel: est: CPU supports Enhanced Speedstep, but is not recognized.\nNov 15 01:10:49 ntbacer kernel: est: cpu_vendor GenuineIntel, msr 6130b2b06000b2b\nNov 15 01:10:49 ntbacer kernel: device_attach: est0 attach returned 6\nNov 15 01:10:49 ntbacer kernel: p4tcc0: \u003cCPU Frequency Thermal Control\u003e on cpu0\nNov 15 01:10:49 ntbacer kernel: cpu1 on motherboard\nNov 15 01:10:49 ntbacer kernel: est1: \u003cEnhanced SpeedStep Frequency Control\u003e on cpu1\nNov 15 01:10:49 ntbacer kernel: est: CPU supports Enhanced Speedstep, but is not recognized.\nNov 15 01:10:49 ntbacer kernel: est: cpu_vendor GenuineIntel, msr 6130b2b06000b2b\nNov 15 01:10:49 ntbacer kernel: device_attach: est1 attach returned 6\nNov 15 01:10:49 ntbacer kernel: p4tcc1: \u003cCPU Frequency Thermal Control\u003e on cpu1\nNov 15 01:10:49 ntbacer kernel: pmtimer0 on isa0\nNov 15 01:10:49 ntbacer kernel: unknown: \u003cPNP0c01\u003e can't assign resources (memory)\nNov 15 01:10:49 ntbacer kernel: atrtc0: \u003cAT realtime clock\u003e at port 0x70-0x71 irq 8 pnpid PNP0b00 on isa0\nNov 15 01:10:49 ntbacer kernel: atkbdc0: \u003cKeyboard controller (i8042)\u003e at port 0x60,0x64 irq 1 pnpid PNP0303 on isa0\nNov 15 01:10:49 ntbacer kernel: atkbd0: \u003cAT Keyboard\u003e irq 1 on atkbdc0\nNov 15 01:10:49 ntbacer kernel: kbd0 at atkbd0\nNov 15 01:10:49 ntbacer kernel: atkbd0: [GIANT-LOCKED]\nNov 15 01:10:49 ntbacer kernel: atkbd0: [ITHREAD]\nNov 15 01:10:49 ntbacer kernel: unknown: \u003cPNP0c02\u003e can't assign resources (memory)\nNov 15 01:10:49 ntbacer kernel: unknown: \u003cPNP0c02\u003e can't assign resources (memory)\nNov 15 01:10:49 ntbacer kernel: unknown: \u003cINT0800\u003e can't assign resources (memory)\nNov 15 01:10:49 ntbacer kernel: unknown: \u003cPNP0c02\u003e can't assign resources (memory)\nNov 15 01:10:49 ntbacer kernel: psm0: \u003cPS/2 Mouse\u003e irq 12 on atkbdc0\nNov 15 01:10:49 ntbacer kernel: psm0: [GIANT-LOCKED]\nNov 15 01:10:49 ntbacer kernel: psm0: [ITHREAD]\nNov 15 01:10:49 ntbacer kernel: psm0: model Generic PS/2 mouse, device ID 0\nNov 15 01:10:49 ntbacer kernel: orm0: \u003cISA Option ROM\u003e at iomem 0xe0000-0xe17ff pnpid ORM0000 on isa0\nNov 15 01:10:49 ntbacer kernel: sc0: \u003cSystem console\u003e at flags 0x100 on isa0\nNov 15 01:10:49 ntbacer kernel: sc0: VGA \u003c16 virtual consoles, flags=0x300\u003e\nNov 15 01:10:49 ntbacer kernel: vga0: \u003cGeneric ISA VGA\u003e at port 0x3c0-0x3df iomem 0xa0000-0xbffff on isa0\nNov 15 01:10:49 ntbacer kernel: ppc0: parallel port not found.\nNov 15 01:10:49 ntbacer kernel: unknown: \u003cPNP0c01\u003e can't assign resources (memory)\nNov 15 01:10:49 ntbacer kernel: unknown: \u003cPNP0c02\u003e can't assign resources (memory)\nNov 15 01:10:49 ntbacer kernel: unknown: \u003cPNP0c02\u003e can't assign resources (memory)\nNov 15 01:10:49 ntbacer kernel: unknown: \u003cINT0800\u003e can't assign resources (memory)\nNov 15 01:10:49 ntbacer kernel: unknown: \u003cPNP0c02\u003e can't assign resources (memory)\nNov 15 01:10:49 ntbacer kernel: Timecounters tick every 1.000 msec\nNov 15 01:10:49 ntbacer kernel: usbus0: 12Mbps Full Speed USB v1.0\nNov 15 01:10:49 ntbacer kernel: usbus1: 12Mbps Full Speed USB v1.0\nNov 15 01:10:49 ntbacer kernel: usbus2: 480Mbps High Speed USB v2.0\nNov 15 01:10:49 ntbacer kernel: usbus3: 12Mbps Full Speed USB v1.0\nNov 15 01:10:49 ntbacer kernel: usbus4: 12Mbps Full Speed USB v1.0\nNov 15 01:10:49 ntbacer kernel: usbus5: 12Mbps Full Speed USB v1.0\nNov 15 01:10:49 ntbacer kernel: usbus6: 480Mbps High Speed USB v2.0\nNov 15 01:10:49 ntbacer kernel: ugen0.1: \u003cIntel\u003e at usbus0\nNov 15 01:10:49 ntbacer kernel: uhub0: \u003cIntel UHCI root HUB, class 9/0, rev 1.00/1.00, addr 1\u003e on usbus0\nNov 15 01:10:49 ntbacer kernel: ugen1.1: \u003cIntel\u003e at usbus1\nNov 15 01:10:49 ntbacer kernel: uhub1: \u003cIntel UHCI root HUB, class 9/0, rev 1.00/1.00, addr 1\u003e on usbus1\nNov 15 01:10:49 ntbacer kernel: ugen2.1: \u003cIntel\u003e at usbus2\nNov 15 01:10:49 ntbacer kernel: uhub2: \u003cIntel EHCI root HUB, class 9/0, rev 2.00/1.00, addr 1\u003e on usbus2\nNov 15 01:10:49 ntbacer kernel: ugen3.1: \u003cIntel\u003e at usbus3\nNov 15 01:10:49 ntbacer kernel: uhub3: \u003cIntel UHCI root HUB, class 9/0, rev 1.00/1.00, addr 1\u003e on usbus3\nNov 15 01:10:49 ntbacer kernel: ugen4.1: \u003cIntel\u003e at usbus4\nNov 15 01:10:49 ntbacer kernel: uhub4: \u003cIntel UHCI root HUB, class 9/0, rev 1.00/1.00, addr 1\u003e on usbus4\nNov 15 01:10:49 ntbacer kernel: ugen5.1: \u003cIntel\u003e at usbus5\nNov 15 01:10:49 ntbacer kernel: uhub5: \u003cIntel UHCI root HUB, class 9/0, rev 1.00/1.00, addr 1\u003e on usbus5\nNov 15 01:10:49 ntbacer kernel: ugen6.1: \u003cIntel\u003e at usbus6\nNov 15 01:10:49 ntbacer kernel: uhub6: \u003cIntel EHCI root HUB, class 9/0, rev 2.00/1.00, addr 1\u003e on usbus6\nNov 15 01:10:49 ntbacer kernel: acd0: DVDR \u003cHL-DT-ST DVDRAM GSA-T40N/JP01\u003e at ata0-master UDMA33\nNov 15 01:10:49 ntbacer kernel: ad4: 152627MB \u003cSAMSUNG HM160JI AD100-16\u003e at ata2-master SATA150\nNov 15 01:10:49 ntbacer kernel: hdac0: HDA Codec #0: Realtek ALC888\nNov 15 01:10:49 ntbacer kernel: hdac0: HDA Codec #1: Conexant (Unknown)\nNov 15 01:10:49 ntbacer kernel: pcm0: \u003cHDA Realtek ALC888 PCM #0 Analog\u003e at cad 0 nid 1 on hdac0\nNov 15 01:10:49 ntbacer kernel: pcm1: \u003cHDA Realtek ALC888 PCM #1 Digital\u003e at cad 0 nid 1 on hdac0\nNov 15 01:10:49 ntbacer kernel: pcm2: \u003cHDA Realtek ALC888 PCM #2 Digital\u003e at cad 0 nid 1 on hdac0\nNov 15 01:10:49 ntbacer kernel: SMP: AP CPU #1 Launched!\nNov 15 01:10:49 ntbacer kernel: uhub0: 2 ports with 2 removable, self powered\nNov 15 01:10:49 ntbacer kernel: uhub1: 2 ports with 2 removable, self powered\nNov 15 01:10:49 ntbacer kernel: uhub3: 2 ports with 2 removable, self powered\nNov 15 01:10:49 ntbacer kernel: uhub4: 2 ports with 2 removable, self powered\nNov 15 01:10:49 ntbacer kernel: uhub5: 2 ports with 2 removable, self powered\nNov 15 01:10:49 ntbacer kernel: uhub2: 4 ports with 4 removable, self powered\nNov 15 01:10:49 ntbacer kernel: uhub6: 6 ports with 6 removable, self powered\nNov 15 01:10:49 ntbacer kernel: ugen2.2: \u003cSuYin\u003e at usbus2\nNov 15 01:10:49 ntbacer kernel: Trying to mount root from ufs:/dev/ad4s1a\nNov 15 01:10:50 ntbacer kernel: bge0: link state changed to UP\nNov 15 01:10:50 ntbacer root: /etc/rc: WARNING: $dbus_enable is not set properly - see rc.conf(5).\nNov 15 01:10:50 ntbacer dhclient: New IP Address (bge0): 192.168.1.102\nNov 15 01:10:50 ntbacer dhclient: New Subnet Mask (bge0): 255.255.255.0\nNov 15 01:10:50 ntbacer dhclient: New Broadcast Address (bge0): 192.168.1.255\nNov 15 01:10:50 ntbacer dhclient: New Routers (bge0): 192.168.1.1\nNov 15 01:10:51 ntbacer avahi-daemon[972]: WARNING: No NSS support for mDNS detected, consider installing nss-mdns!\nNov 15 01:10:58 ntbacer kernel: drm0: \u003cIntel i965GM\u003e on vgapci0\nNov 15 01:10:58 ntbacer kernel: info: [drm] MSI enabled 1 message(s)\nNov 15 01:10:58 ntbacer kernel: vgapci0: child drm0 requested pci_enable_busmaster\nNov 15 01:10:58 ntbacer kernel: info: [drm] AGP at 0xd0000000 256MB\nNov 15 01:10:58 ntbacer kernel: info: [drm] Initialized i915 1.6.0 20080730\nNov 15 01:10:59 ntbacer kernel: drm0: [ITHREAD]\nNov 15 01:11:16 ntbacer gnome-session[1173]: WARNING: Application 'metacity.desktop' failed to register before timeout\nNov 15 01:11:17 ntbacer gdm-simple-greeter[1185]: WARNING: Failed to load '/share/xml/iso-codes/iso_639.xml': Failed to open file '/share/xml/iso-codes/iso_639.xml': No such file or directory \nNov 15 01:11:17 ntbacer gdm-simple-greeter[1185]: WARNING: Failed to load '/share/xml/iso-codes/iso_3166.xml': Failed to open file '/share/xml/iso-codes/iso_3166.xml': No such file or directory \nNov 15 01:11:41 ntbacer gnome-session[1212]: WARNING: Application 'metacity.desktop' failed to register before timeout\nNov 15 01:11:43 ntbacer pulseaudio[1259]: pid.c: Stale PID file, overwriting.\nNov 15 01:11:43 ntbacer pulseaudio[1259]: module.c: module-detect is deprecated: Please use module-udev-detect instead of module-detect!\nNov 15 01:11:43 ntbacer pulseaudio[1259]: oss-util.c: '/dev/dsp1.0' doesn't support full duplex\nNov 15 01:11:43 ntbacer pulseaudio[1259]: oss-util.c: '/dev/dsp2.0' doesn't support full duplex\nNov 15 01:13:44 ntbacer wpa_supplicant[1395]: Failed to initialize driver interface\nNov 15 01:13:44 ntbacer root: /etc/rc.d/wpa_supplicant: WARNING: failed to start wpa_supplicant\nNov 15 01:14:03 ntbacer kernel: drm0: [ITHREAD]\nNov 15 01:14:25 ntbacer wpa_supplicant[1518]: Failed to initialize driver interface\nNov 15 01:14:25 ntbacer root: /etc/rc.d/wpa_supplicant: WARNING: failed to start wpa_supplicant\nNov 15 01:14:42 ntbacer kernel: wpi0: timeout resetting Tx ring 1\nNov 15 01:14:42 ntbacer kernel: wpi0: timeout resetting Tx ring 3\nNov 15 01:14:42 ntbacer kernel: wpi0: timeout resetting Tx ring 4\nNov 15 01:14:43 ntbacer kernel: wpi0: timeout waiting for adapter to initialize\nNov 15 01:14:43 ntbacer kernel: wpi0: A problem occurred loading the firmware to the driver\nntbacer#"
}