{
 "id": 527566,
 "bug_id": 140429,
 "attachment_id": 0,
 "creation_time": "2009-11-09T19:20:00Z",
 "creator": "jmillay@sover.net",
 "text": "System reboots after page fault panic every few days.\n\nBacktrace:\n\n[root@frog /var/log]# kgdb /boot/kernel/kernel.symbols /var/crash/vmcore.2\nGNU gdb 6.1.1 [FreeBSD]\nCopyright 2004 Free Software Foundation, Inc.\nGDB is free software, covered by the GNU General Public License, and you are\nwelcome to change it and/or distribute copies of it under certain conditions.\nType \"show copying\" to see the conditions.\nThere is absolutely no warranty for GDB.  Type \"show warranty\" for details.\nThis GDB was configured as \"i386-marcel-freebsd\"...\n\nUnread portion of the kernel message buffer:\n\n\nFatal trap 12: page fault while in kernel mode\ncpuid = 0; apic id = 00\nfault virtual address   = 0x1b\nfault code              = supervisor read, page not present\ninstruction pointer     = 0x20:0xc08518c7\nstack pointer           = 0x28:0xe92a69b0\nframe pointer           = 0x28:0xe92a69e4\ncode segment            = base 0x0, limit 0xfffff, type 0x1b\n                        = DPL 0, pres 1, def32 1, gran 1\nprocessor eflags        = interrupt enabled, resume, IOPL = 0\ncurrent process         = 23199 (sendmail)\ntrap number             = 12\npanic: page fault\ncpuid = 0\nUptime: 6d13h9m16s\nPhysical memory: 3314 MB\nDumping 238 MB: 223 207 191 175 159 143 127 111 95 79 63 47 31 15\n\nReading symbols from /boot/kernel/acpi.ko...Reading symbols from /boot/kernel/acpi.ko.symbols...done.\ndone.\nLoaded symbols for /boot/kernel/acpi.ko\n#0  doadump () at pcpu.h:196\n196     pcpu.h: No such file or directory.\n        in pcpu.h\n(kgdb) backtrace\n#0  doadump () at pcpu.h:196\n#1  0xc07e25f7 in boot (howto=260) at /usr/src/sys/kern/kern_shutdown.c:418\n#2  0xc07e28c9 in panic (fmt=Variable \"fmt\" is not available.\n) at /usr/src/sys/kern/kern_shutdown.c:574\n#3  0xc0ae3f2c in trap_fatal (frame=0xe92a6970, eva=27) at /usr/src/sys/i386/i386/trap.c:939\n#4  0xc0ae41b0 in trap_pfault (frame=0xe92a6970, usermode=0, eva=27) at /usr/src/sys/i386/i386/trap.c:852\n#5  0xc0ae4b5c in trap (frame=0xe92a6970) at /usr/src/sys/i386/i386/trap.c:530\n#6  0xc0ac926b in calltrap () at /usr/src/sys/i386/i386/exception.s:159\n#7  0xc08518c7 in cache_lookup (dvp=0xc70cccf0, vpp=0xe92a6bbc, cnp=0xe92a6bd0) at /usr/src/sys/kern/vfs_cache.c:387\n#8  0xc0851e53 in vfs_cache_lookup (ap=0xe92a6a84) at /usr/src/sys/kern/vfs_cache.c:758\n#9  0xc0afa4f6 in VOP_LOOKUP_APV (vop=0xc0c6c720, a=0xe92a6a84) at vnode_if.c:99\n#10 0xc0858821 in lookup (ndp=0xe92a6ba8) at vnode_if.h:57\n#11 0xc0859569 in namei (ndp=0xe92a6ba8) at /usr/src/sys/kern/vfs_lookup.c:215\n#12 0xc086728d in kern_stat (td=0xc7109af0, path=0x80fd900 \u003cAddress 0x80fd900 out of bounds\u003e, pathseg=UIO_USERSPACE, sbp=0xe92a6c18) at /usr/src/sys/kern/vfs_syscalls.c:2123\n#13 0xc086746f in stat (td=0xc7109af0, uap=0xe92a6cfc) at /usr/src/sys/kern/vfs_syscalls.c:2107\n#14 0xc0ae4505 in syscall (frame=0xe92a6d38) at /usr/src/sys/i386/i386/trap.c:1090\n#15 0xc0ac92d0 in Xint0x80_syscall () at /usr/src/sys/i386/i386/exception.s:255\n#16 0x00000033 in ?? ()\nPrevious frame inner to this frame (corrupt stack?)\n\n\n\n\n/var/log/messages  output:\n\n\n\nNov  9 12:14:12 frog syslogd: kernel boot file is /boot/kernel/kernel\nNov  9 12:14:12 frog kernel: Copyright (c) 1992-2009 The FreeBSD Project.\nNov  9 12:14:12 frog kernel: Copyright (c) 1979, 1980, 1983, 1986, 1988, 1989, 1991, 1992, 1993, 1994\nNov  9 12:14:12 frog kernel: The Regents of the University of California. All rights reserved.\nNov  9 12:14:12 frog kernel: FreeBSD is a registered trademark of The FreeBSD Foundation.\nNov  9 12:14:12 frog kernel: FreeBSD 7.2-RELEASE-p4 #0: Fri Oct  2 12:21:39 UTC 2009\nNov  9 12:14:12 frog kernel: root@i386-builder.daemonology.net:/usr/obj/usr/src/sys/GENERIC\nNov  9 12:14:12 frog kernel: Timecounter \"i8254\" frequency 1193182 Hz quality 0\nNov  9 12:14:12 frog kernel: CPU: Intel(R) Xeon(TM) CPU 3.00GHz (3000.12-MHz 686-class CPU)\nNov  9 12:14:12 frog kernel: Origin = \"GenuineIntel\"  Id = 0xf4a  Stepping = 10\nNov  9 12:14:12 frog kernel: Features=0xbfebfbff\u003cFPU,VME,DE,PSE,TSC,MSR,PAE,MCE,CX8,APIC,SEP,MTRR,PGE,MCA,CMOV,PAT,PSE36,CLFLUSH,DTS,ACPI,MMX,FXSR,SSE,SSE2,SS,HTT,TM,PBE\u003e\nNov  9 12:14:12 frog kernel: Features2=0x641d\u003cSSE3,DTES64,MON,DS_CPL,CNXT-ID,CX16,xTPR\u003e\nNov  9 12:14:12 frog kernel: AMD Features=0x20100000\u003cNX,LM\u003e\nNov  9 12:14:12 frog kernel: AMD Features2=0x1\u003cLAHF\u003e\nNov  9 12:14:12 frog kernel: Logical CPUs per core: 2\nNov  9 12:14:12 frog kernel: real memory  = 3489071104 (3327 MB)\nNov  9 12:14:12 frog kernel: avail memory = 3409707008 (3251 MB)\nNov  9 12:14:12 frog kernel: ACPI APIC Table: \u003cPTLTD     APIC  \u003e\nNov  9 12:14:12 frog kernel: FreeBSD/SMP: Multiprocessor System Detected: 4 CPUs\nNov  9 12:14:12 frog kernel: cpu0 (BSP): APIC ID:  0\nNov  9 12:14:12 frog kernel: cpu1 (AP/HT): APIC ID:  1\nNov  9 12:14:12 frog kernel: cpu2 (AP): APIC ID:  6\nNov  9 12:14:12 frog kernel: cpu3 (AP/HT): APIC ID:  7\nNov  9 12:14:12 frog kernel: ioapic0 \u003cVersion 2.0\u003e irqs 0-23 on motherboard\nNov  9 12:14:12 frog kernel: ioapic1 \u003cVersion 2.0\u003e irqs 24-47 on motherboard\nNov  9 12:14:12 frog kernel: ioapic2 \u003cVersion 2.0\u003e irqs 48-71 on motherboard\nNov  9 12:14:12 frog kernel: ioapic3 \u003cVersion 2.0\u003e irqs 72-95 on motherboard\nNov  9 12:14:12 frog kernel: ioapic4 \u003cVersion 2.0\u003e irqs 96-119 on motherboard\nNov  9 12:14:12 frog kernel: kbd1 at kbdmux0\nNov  9 12:14:12 frog kernel: acpi0: \u003cPTLTD   RSDT\u003e on motherboard\nNov  9 12:14:12 frog kernel: acpi0: [ITHREAD]\nNov  9 12:14:12 frog kernel: acpi0: Power Button (fixed)\nNov  9 12:14:12 frog kernel: Timecounter \"ACPI-fast\" frequency 3579545 Hz quality 1000\nNov  9 12:14:12 frog kernel: acpi_timer0: \u003c24-bit timer at 3.579545MHz\u003e port 0x1008-0x100b on acpi0\nNov  9 12:14:12 frog kernel: pcib0: \u003cACPI Host-PCI bridge\u003e port 0xcf8-0xcff on acpi0\nNov  9 12:14:12 frog kernel: pci0: \u003cACPI PCI bus\u003e on pcib0\nNov  9 12:14:12 frog kernel: pci0: \u003cunknown\u003e at device 0.1 (no driver attached)\nNov  9 12:14:12 frog kernel: pci0: \u003cbase peripheral\u003e at device 1.0 (no driver attached)\nNov  9 12:14:12 frog kernel: pcib1: \u003cACPI PCI-PCI bridge\u003e irq 16 at device 3.0 on pci0\nNov  9 12:14:12 frog kernel: pci1: \u003cACPI PCI bus\u003e on pcib1\nNov  9 12:14:12 frog kernel: pcib2: \u003cACPI PCI-PCI bridge\u003e at device 0.0 on pci1\nNov  9 12:14:12 frog kernel: pci2: \u003cACPI PCI bus\u003e on pcib2\nNov  9 12:14:12 frog kernel: ahd0: \u003cAdaptec AIC7902 Ultra320 SCSI adapter\u003e port 0x2400-0x24ff,0x2000-0x20ff mem 0xdd200000-0xdd201fff irq 32 at device 2.0 on pci2\nNov  9 12:14:12 frog kernel: ahd0: [ITHREAD]\nNov  9 12:14:12 frog kernel: aic7902: Ultra320 Wide Channel A, SCSI Id=7, PCI-X 67-100Mhz, 512 SCBs\nNov  9 12:14:12 frog kernel: ahd1: \u003cAdaptec AIC7902 Ultra320 SCSI adapter\u003e port 0x2c00-0x2cff,0x2800-0x28ff mem 0xdd202000-0xdd203fff irq 33 at device 2.1 on pci2\nNov  9 12:14:12 frog kernel: ahd1: [ITHREAD]\nNov  9 12:14:12 frog kernel: aic7902: Ultra320 Wide Channel B, SCSI Id=7, PCI-X 67-100Mhz, 512 SCBs\nNov  9 12:14:12 frog kernel: pcib3: \u003cACPI PCI-PCI bridge\u003e at device 0.2 on pci1\nNov  9 12:14:12 frog kernel: pci3: \u003cACPI PCI bus\u003e on pcib3\nNov  9 12:14:12 frog kernel: em0: \u003cIntel(R) PRO/1000 Network Connection 6.9.6\u003e port 0x3000-0x303f mem 0xdd300000-0xdd31ffff irq 54 at device 2.0 on pci3\nNov  9 12:14:12 frog kernel: em0: [FILTER]\nNov  9 12:14:12 frog kernel: em0: Ethernet address: 00:30:48:68:c3:94\nNov  9 12:14:12 frog kernel: em1: \u003cIntel(R) PRO/1000 Network Connection 6.9.6\u003e port 0x3040-0x307f mem 0xdd320000-0xdd33ffff irq 55 at device 2.1 on pci3\nNov  9 12:14:12 frog kernel: em1: [FILTER]\nNov  9 12:14:12 frog kernel: em1: Ethernet address: 00:30:48:68:c3:95\nNov  9 12:14:12 frog kernel: pcib4: \u003cACPI PCI-PCI bridge\u003e irq 16 at device 4.0 on pci0\nNov  9 12:14:12 frog kernel: pci4: \u003cACPI PCI bus\u003e on pcib4\nNov  9 12:14:12 frog kernel: pcib5: \u003cACPI PCI-PCI bridge\u003e at device 0.0 on pci4\nNov  9 12:14:12 frog kernel: pci5: \u003cACPI PCI bus\u003e on pcib5\nNov  9 12:14:12 frog kernel: amr0: \u003cLSILogic MegaRAID 1.53\u003e mem 0xdf200000-0xdf20ffff irq 73 at device 1.0 on pci5\nNov  9 12:14:12 frog kernel: amr0: [ITHREAD]\nNov  9 12:14:12 frog kernel: amr0: delete logical drives supported by controller\nNov  9 12:14:12 frog kernel: amr0: \u003cLSILogic MegaRAID SCSI 320-1\u003e Firmware 1L47, BIOS G121, 128MB RAM\nNov  9 12:14:12 frog kernel: pcib6: \u003cACPI PCI-PCI bridge\u003e at device 0.2 on pci4\nNov  9 12:14:12 frog kernel: pci6: \u003cACPI PCI bus\u003e on pcib6\nNov  9 12:14:12 frog kernel: uhci0: \u003cIntel 82801EB (ICH5) USB controller USB-A\u003e port 0x1400-0x141f irq 16 at device 29.0 on pci0\nNov  9 12:14:12 frog kernel: uhci0: [GIANT-LOCKED]\nNov  9 12:14:12 frog kernel: uhci0: [ITHREAD]\nNov  9 12:14:12 frog kernel: usb0: \u003cIntel 82801EB (ICH5) USB controller USB-A\u003e on uhci0\nNov  9 12:14:12 frog kernel: usb0: USB revision 1.0\nNov  9 12:14:12 frog kernel: uhub0: \u003cIntel UHCI root hub, class 9/0, rev 1.00/1.00, addr 1\u003e on usb0\nNov  9 12:14:12 frog kernel: uhub0: 2 ports with 2 removable, self powered\nNov  9 12:14:12 frog kernel: uhci1: \u003cIntel 82801EB (ICH5) USB controller USB-B\u003e port 0x1420-0x143f irq 19 at device 29.1 on pci0\nNov  9 12:14:12 frog kernel: uhci1: [GIANT-LOCKED]\nNov  9 12:14:12 frog kernel: uhci1: [ITHREAD]\nNov  9 12:14:12 frog kernel: usb1: \u003cIntel 82801EB (ICH5) USB controller USB-B\u003e on uhci1\nNov  9 12:14:12 frog kernel: usb1: USB revision 1.0\nNov  9 12:14:12 frog kernel: uhub1: \u003cIntel UHCI root hub, class 9/0, rev 1.00/1.00, addr 1\u003e on usb1\nNov  9 12:14:12 frog kernel: uhub1: 2 ports with 2 removable, self powered\nNov  9 12:14:12 frog kernel: uhci2: \u003cIntel 82801EB (ICH5) USB controller USB-C\u003e port 0x1440-0x145f irq 18 at device 29.2 on pci0\nNov  9 12:14:12 frog kernel: uhci2: [GIANT-LOCKED]\nNov  9 12:14:12 frog kernel: uhci2: [ITHREAD]\nNov  9 12:14:12 frog kernel: usb2: \u003cIntel 82801EB (ICH5) USB controller USB-C\u003e on uhci2\nNov  9 12:14:12 frog kernel: usb2: USB revision 1.0\nNov  9 12:14:12 frog kernel: uhub2: \u003cIntel UHCI root hub, class 9/0, rev 1.00/1.00, addr 1\u003e on usb2\nNov  9 12:14:12 frog kernel: uhub2: 2 ports with 2 removable, self powered\nNov  9 12:14:12 frog kernel: uhci3: \u003cIntel 82801EB (ICH5) USB controller USB-D\u003e port 0x1460-0x147f irq 16 at device 29.3 on pci0\nNov  9 12:14:12 frog kernel: uhci3: [GIANT-LOCKED]\nNov  9 12:14:12 frog kernel: uhci3: [ITHREAD]\nNov  9 12:14:12 frog kernel: usb3: \u003cIntel 82801EB (ICH5) USB controller USB-D\u003e on uhci3\nNov  9 12:14:12 frog kernel: usb3: USB revision 1.0\nNov  9 12:14:12 frog kernel: uhub3: \u003cIntel UHCI root hub, class 9/0, rev 1.00/1.00, addr 1\u003e on usb3\nNov  9 12:14:12 frog kernel: uhub3: 2 ports with 2 removable, self powered\nNov  9 12:14:12 frog kernel: ehci0: \u003cIntel 82801EB/R (ICH5) USB 2.0 controller\u003e mem 0xdd001000-0xdd0013ff irq 23 at device 29.7 on pci0\nNov  9 12:14:12 frog kernel: ehci0: [GIANT-LOCKED]\nNov  9 12:14:12 frog kernel: ehci0: [ITHREAD]\nNov  9 12:14:12 frog kernel: usb4: EHCI version 1.0\nNov  9 12:14:12 frog kernel: usb4: companion controllers, 2 ports each: usb0 usb1 usb2 usb3\nNov  9 12:14:12 frog kernel: usb4: \u003cIntel 82801EB/R (ICH5) USB 2.0 controller\u003e on ehci0\nNov  9 12:14:12 frog kernel: usb4: USB revision 2.0\nNov  9 12:14:12 frog kernel: uhub4: \u003cIntel EHCI root hub, class 9/0, rev 2.00/1.00, addr 1\u003e on usb4\nNov  9 12:14:12 frog kernel: uhub4: 8 ports with 8 removable, self powered\nNov  9 12:14:12 frog kernel: pcib7: \u003cACPI PCI-PCI bridge\u003e at device 30.0 on pci0\nNov  9 12:14:12 frog kernel: pci7: \u003cACPI PCI bus\u003e on pcib7\nNov  9 12:14:12 frog kernel: vgapci0: \u003cVGA-compatible display\u003e port 0x4000-0x40ff mem 0xde000000-0xdeffffff,0xdd500000-0xdd500fff irq 17 at device 1.0 on pci7\nNov  9 12:14:12 frog kernel: isab0: \u003cPCI-ISA bridge\u003e at device 31.0 on pci0\nNov  9 12:14:12 frog kernel: isa0: \u003cISA bus\u003e on isab0\nNov  9 12:14:12 frog kernel: atapci0: \u003cIntel ICH5 UDMA100 controller\u003e port 0x1f0-0x1f7,0x3f6,0x170-0x177,0x376,0x14a0-0x14af at device 31.1 on pci0\nNov  9 12:14:12 frog kernel: ata0: \u003cATA channel 0\u003e on atapci0\nNov  9 12:14:12 frog kernel: ata0: [ITHREAD]\nNov  9 12:14:12 frog kernel: ata1: \u003cATA channel 1\u003e on atapci0\nNov  9 12:14:12 frog kernel: ata1: [ITHREAD]\nNov  9 12:14:12 frog kernel: pci0: \u003cserial bus, SMBus\u003e at device 31.3 (no driver attached)\nNov  9 12:14:12 frog kernel: acpi_button0: \u003cPower Button\u003e on acpi0\nNov  9 12:14:12 frog kernel: atkbdc0: \u003cKeyboard controller (i8042)\u003e port 0x60,0x64 irq 1 on acpi0\nNov  9 12:14:12 frog kernel: atkbd0: \u003cAT Keyboard\u003e irq 1 on atkbdc0\nNov  9 12:14:12 frog kernel: kbd0 at atkbd0\nNov  9 12:14:12 frog kernel: atkbd0: [GIANT-LOCKED]\nNov  9 12:14:12 frog kernel: atkbd0: [ITHREAD]\nNov  9 12:14:12 frog kernel: psm0: \u003cPS/2 Mouse\u003e irq 12 on atkbdc0\nNov  9 12:14:12 frog kernel: psm0: [GIANT-LOCKED]\nNov  9 12:14:12 frog kernel: psm0: [ITHREAD]\nNov  9 12:14:12 frog kernel: psm0: model IntelliMouse Explorer, device ID 4\nNov  9 12:14:12 frog kernel: sio0: \u003c16550A-compatible COM port\u003e port 0x3f8-0x3ff irq 4 flags 0x10 on acpi0\nNov  9 12:14:12 frog kernel: sio0: type 16550A\nNov  9 12:14:12 frog kernel: sio0: [FILTER]\nNov  9 12:14:12 frog kernel: sio1: \u003c16550A-compatible COM port\u003e port 0x2f8-0x2ff irq 3 on acpi0\nNov  9 12:14:12 frog kernel: sio1: type 16550A\nNov  9 12:14:12 frog kernel: sio1: [FILTER]\nNov  9 12:14:12 frog kernel: fdc0: \u003cfloppy drive controller\u003e port 0x3f0-0x3f5,0x3f7 irq 6 drq 2 on acpi0\nNov  9 12:14:12 frog kernel: fdc0: [FILTER]\nNov  9 12:14:12 frog kernel: fd0: \u003c1440-KB 3.5\" drive\u003e on fdc0 drive 0\nNov  9 12:14:12 frog kernel: cpu0: \u003cACPI CPU\u003e on acpi0\nNov  9 12:14:12 frog kernel: p4tcc0: \u003cCPU Frequency Thermal Control\u003e on cpu0\nNov  9 12:14:12 frog kernel: cpu1: \u003cACPI CPU\u003e on acpi0\nNov  9 12:14:12 frog kernel: p4tcc1: \u003cCPU Frequency Thermal Control\u003e on cpu1\nNov  9 12:14:12 frog kernel: cpu2: \u003cACPI CPU\u003e on acpi0\nNov  9 12:14:12 frog kernel: p4tcc2: \u003cCPU Frequency Thermal Control\u003e on cpu2\nNov  9 12:14:12 frog kernel: cpu3: \u003cACPI CPU\u003e on acpi0\nNov  9 12:14:12 frog kernel: p4tcc3: \u003cCPU Frequency Thermal Control\u003e on cpu3\nNov  9 12:14:12 frog kernel: pmtimer0 on isa0\nNov  9 12:14:12 frog kernel: orm0: \u003cISA Option ROMs\u003e at iomem 0xc0000-0xc7fff,0xc8000-0xc8fff,0xc9000-0xc9fff,0xca000-0xcafff pnpid ORM0000 on isa0\nNov  9 12:14:12 frog kernel: ppc0: \u003cParallel port\u003e at port 0x378-0x37f irq 7 on isa0\nNov  9 12:14:12 frog kernel: ppc0: Generic chipset (ECP/PS2/NIBBLE) in COMPATIBLE mode\nNov  9 12:14:12 frog kernel: ppc0: FIFO with 16/16/8 bytes threshold\nNov  9 12:14:12 frog kernel: ppbus0: \u003cParallel port bus\u003e on ppc0\nNov  9 12:14:12 frog kernel: ppbus0: [ITHREAD]\nNov  9 12:14:12 frog kernel: plip0: \u003cPLIP network interface\u003e on ppbus0\nNov  9 12:14:12 frog kernel: plip0: WARNING: using obsoleted IFF_NEEDSGIANT flag\nNov  9 12:14:12 frog kernel: lpt0: \u003cPrinter\u003e on ppbus0\nNov  9 12:14:12 frog kernel: lpt0: Interrupt-driven port\nNov  9 12:14:12 frog kernel: ppi0: \u003cParallel I/O\u003e on ppbus0\nNov  9 12:14:12 frog kernel: ppc0: [GIANT-LOCKED]\nNov  9 12:14:12 frog kernel: ppc0: [ITHREAD]\nNov  9 12:14:12 frog kernel: sc0: \u003cSystem console\u003e at flags 0x100 on isa0\nNov  9 12:14:12 frog kernel: sc0: VGA \u003c16 virtual consoles, flags=0x300\u003e\nNov  9 12:14:12 frog kernel: vga0: \u003cGeneric ISA VGA\u003e at port 0x3c0-0x3df iomem 0xa0000-0xbffff on isa0\nNov  9 12:14:12 frog kernel: Timecounters tick every 1.000 msec\nNov  9 12:14:12 frog kernel: Waiting 5 seconds for SCSI devices to settle\nNov  9 12:14:12 frog kernel: acd0: CDROM \u003cCD-224E-N/1.AA\u003e at ata1-master UDMA33\nNov  9 12:14:12 frog kernel: amr0: delete logical drives supported by controller\nNov  9 12:14:12 frog kernel: amrd0: \u003cLSILogic MegaRAID logical drive\u003e on amr0\nNov  9 12:14:12 frog kernel: amrd0: 70006MB (143372288 sectors) RAID 1 (optimal)\nNov  9 12:14:12 frog kernel: GEOM_LABEL: Label for provider amrd0s1a is ufsid/4acdb75bc66d1500.\nNov  9 12:14:12 frog kernel: GEOM_LABEL: Label for provider amrd0s1d is ufsid/4acdb75cfc5d8641.\nNov  9 12:14:12 frog kernel: GEOM_LABEL: Label for provider amrd0s1e is ufsid/4acdb75b12925786.\nNov  9 12:14:12 frog kernel: GEOM_LABEL: Label for provider amrd0s1f is ufsid/4acdb75b53bad37b.\nNov  9 12:14:12 frog kernel: SMP: AP CPU #2 Launched!\nNov  9 12:14:12 frog kernel: SMP: AP CPU #1 Launched!\nNov  9 12:14:12 frog kernel: SMP: AP CPU #3 Launched!\nNov  9 12:14:12 frog kernel: Trying to mount root from ufs:/dev/amrd0s1a\nNov  9 12:14:12 frog kernel: WARNING: / was not properly dismounted\nNov  9 12:14:12 frog kernel: GEOM_LABEL: Label ufsid/4acdb75bc66d1500 removed.\nNov  9 12:14:12 frog kernel: GEOM_LABEL: Label for provider amrd0s1a is ufsid/4acdb75bc66d1500.\nNov  9 12:14:12 frog kernel: GEOM_LABEL: Label ufsid/4acdb75bc66d1500 removed.\nNov  9 12:14:12 frog kernel: GEOM_LABEL: Label ufsid/4acdb75b12925786 removed.\nNov  9 12:14:12 frog kernel: WARNING: /tmp was not properly dismounted\nNov  9 12:14:12 frog kernel: GEOM_LABEL: Label ufsid/4acdb75b53bad37b removed.\nNov  9 12:14:12 frog kernel: WARNING: /usr was not properly dismounted\nNov  9 12:14:12 frog kernel: GEOM_LABEL: Label ufsid/4acdb75cfc5d8641 removed.\nNov  9 12:14:12 frog kernel: WARNING: /var was not properly dismounted\nNov  9 12:14:12 frog kernel: /var: mount pending error: blocks 7804 files 21\nNov  9 12:14:12 frog savecore: reboot after panic: page fault\nNov  9 12:14:12 frog savecore: writing core to vmcore.2\nNov  9 12:14:13 frog kernel: em0: link state changed to UP\nNov  9 12:14:34 frog ntpd[765]: ntpd 4.2.4p5-a Tue Jun  9 20:26:42 UTC 2009 (1)\n\nFix: \n\nN/A\nHow-To-Repeat: N/A"
}