{
 "id": 1298419,
 "bug_id": 277268,
 "attachment_id": 0,
 "creation_time": "2024-02-23T19:51:54Z",
 "creator": "ivy@FreeBSD.org",
 "text": "while booting, the kernel reports a LOR in gpioled(4).  the system appears to work fine aside from this (i am not using the LED driver).\n\ngpioled0: \u003cGPIO LEDs\u003e on ofwbus0\nlock order reversal: (sleepable after non-sleepable)\n 1st 0xffff000000dd5678 LED mtx (LED mtx, sleep mutex) @ /usr/src/sys/dev/led/led.c:295\n 2nd 0xffffa000013f8810 Raspberry Pi firmware gpio (Raspberry Pi firmware gpio, sx) @ /usr/src/sys/arm/broadcom/bcm2835/raspberrypi_gpio.c:250\nlock order LED mtx -\u003e Raspberry Pi firmware gpio attempted at:\n#0 0xffff0000005257e0 at witness_checkorder+0xa78\n#1 0xffff0000004ba384 at _sx_xlock+0x70\n#2 0xffff00000092a8e8 at rpi_fw_gpio_pin_set+0xe4\n#3 0xffff0000001dc00c at led_create_state+0x15c\n#4 0xffff0000001a2f34 at gpioled_attach+0x294\n#5 0xffff0000004ec360 at device_attach+0x3fc\n#6 0xffff0000004ebec8 at device_probe_and_attach+0x80\n#7 0xffff0000004ee4d4 at bus_generic_new_pass+0x100\n#8 0xffff0000004ee484 at bus_generic_new_pass+0xb0\n#9 0xffff0000004ee484 at bus_generic_new_pass+0xb0\n#10 0xffff0000004e8d60 at bus_set_pass+0x50\n#11 0xffff00000043138c at mi_startup+0x1e0\n#12 0xffff0000000008a8 at virtdone+0x68\numa_zalloc_debug: zone \"malloc-64\" with the following non-sleepable locks held:\nexclusive sleep mutex LED mtx (LED mtx) r = 0 (0xffff000000dd5678) locked @ /usr/src/sys/dev/led/led.c:295\nstack backtrace:\n#0 0xffff000000525c50 at witness_debugger+0x60\n#1 0xffff000000526ee4 at witness_warn+0x40c\n#2 0xffff0000007eaa9c at uma_zalloc_debug+0x34\n#3 0xffff0000007ea628 at uma_zalloc_arg+0x30\n#4 0xffff000000481aa4 at malloc+0x90\n#5 0xffff00000091f568 at bcm2835_firmware_property+0x48\n#6 0xffff00000092a900 at rpi_fw_gpio_pin_set+0xfc\n#7 0xffff0000001dc00c at led_create_state+0x15c\n#8 0xffff0000001a2f34 at gpioled_attach+0x294\n#9 0xffff0000004ec360 at device_attach+0x3fc\n#10 0xffff0000004ebec8 at device_probe_and_attach+0x80\n#11 0xffff0000004ee4d4 at bus_generic_new_pass+0x100\n#12 0xffff0000004ee484 at bus_generic_new_pass+0xb0\n#13 0xffff0000004ee484 at bus_generic_new_pass+0xb0\n#14 0xffff0000004e8d60 at bus_set_pass+0x50\n#15 0xffff00000043138c at mi_startup+0x1e0\n#16 0xffff0000000008a8 at virtdone+0x68\n\nrelated: bug 248490 which was closed as \"overcome by events\" but the issue is still present.\n\nfull dmesg:\n\n---\u003c\u003cBOOT\u003e\u003e---\nGDB: debug ports: uart\nGDB: current port: uart\nKDB: debugger backends: ddb gdb\nKDB: current backend: ddb\nWARNING: Cannot find freebsd,dts-version property, cannot check DTB compliance\nCopyright (c) 1992-2024 The FreeBSD Project.\nCopyright (c) 1979, 1980, 1983, 1986, 1988, 1989, 1991, 1992, 1993, 1994\n\tThe Regents of the University of California. All rights reserved.\nFreeBSD is a registered trademark of The FreeBSD Foundation.\nFreeBSD 15.0-CURRENT #0 main-n268454-9097284b98be: Thu Feb 22 06:04:22 UTC 2024\n    root@releng3.nyi.freebsd.org:/usr/obj/usr/src/arm64.aarch64/sys/GENERIC arm64\nFreeBSD clang version 17.0.6 (https://github.com/llvm/llvm-project.git llvmorg-17.0.6-0-g6009708b4367)\nWARNING: WITNESS option enabled, expect reduced performance.\nVT(efifb): resolution 592x448\nmodule scmi already present!\nreal memory  = 2067783680 (1971 MB)\navail memory = 1988354048 (1896 MB)\nStarting CPU 1 (1)\nStarting CPU 2 (2)\nStarting CPU 3 (3)\nFreeBSD/SMP: Multiprocessor System Detected: 4 CPUs\nrandom: unblocking device.\nrandom: entropy device external interface\nkbd0 at kbdmux0\nofwbus0: \u003cOpen Firmware Device Tree\u003e\nsimplebus0: \u003cFlattened device tree simple bus\u003e on ofwbus0\nofw_clkbus0: \u003cOFW clocks bus\u003e on ofwbus0\nclk_fixed0: \u003cFixed clock\u003e on ofw_clkbus0\nclk_fixed1: \u003cFixed clock\u003e on ofw_clkbus0\nclk_fixed2: \u003cFixed clock\u003e on ofwbus0\nclk_fixed3: \u003cFixed clock\u003e on ofwbus0\nsimplebus1: \u003cFlattened device tree simple bus\u003e on ofwbus0\nsimplebus2: \u003cFlattened device tree simple bus\u003e on ofwbus0\nregfix0: \u003cFixed Regulator\u003e on ofwbus0\nclk_fixed4: clock-fixed has no clock-frequency\nclk_fixed4: clock-fixed has no clock-frequency\nregfix1: \u003cFixed Regulator\u003e on ofwbus0\nregfix2: \u003cFixed Regulator\u003e on ofwbus0\nregfix3: \u003cFixed Regulator\u003e on ofwbus0\nregfix4: \u003cFixed Regulator\u003e on ofwbus0\nsimplebus3: \u003cFlattened device tree simple bus\u003e on ofwbus0\nsimple_mfd0: \u003cSimple MFD (Multi-Functions Device)\u003e mem 0x7d5d2000-0x7d5d2eff on simplebus0\nbcm2835_firmware0: \u003cBCM2835 Firmware\u003e on simplebus0\nofw_clkbus1: \u003cOFW clocks bus\u003e on bcm2835_firmware0\nclk_fixed4: clock-fixed has no clock-frequency\nclk_fixed4: clock-fixed has no clock-frequency\nclk_fixed4: clock-fixed has no clock-frequency\nclk_fixed4: clock-fixed has no clock-frequency\npsci0: \u003cARM Power State Co-ordination Interface Driver\u003e on ofwbus0\nclk_fixed4: clock-fixed has no clock-frequency\nclk_fixed4: clock-fixed has no clock-frequency\nclk_fixed4: clock-fixed has no clock-frequency\nclk_fixed4: clock-fixed has no clock-frequency\nclk_fixed4: clock-fixed has no clock-frequency\nclk_fixed4: clock-fixed has no clock-frequency\nclk_fixed4: clock-fixed has no clock-frequency\nclk_fixed4: clock-fixed has no clock-frequency\nclk_fixed4: clock-fixed has no clock-frequency\nclk_fixed4: clock-fixed has no clock-frequency\nclk_fixed4: clock-fixed has no clock-frequency\nclk_fixed4: clock-fixed has no clock-frequency\nclk_fixed4: clock-fixed has no clock-frequency\nclk_fixed4: clock-fixed has no clock-frequency\nclk_fixed4: clock-fixed has no clock-frequency\nclk_fixed4: clock-fixed has no clock-frequency\ngic0: \u003cARM Generic Interrupt Controller\u003e mem 0x40041000-0x40041fff,0x40042000-0x40043fff,0x40044000-0x40045fff,0x40046000-0x40047fff irq 30 on simplebus0\ngic0: pn 0x2, arch 0x2, rev 0x1, implementer 0x43b irqs 256\nclk_fixed4: clock-fixed has no clock-frequency\nclk_fixed4: clock-fixed has no clock-frequency\nclk_fixed4: clock-fixed has no clock-frequency\nclk_fixed4: clock-fixed has no clock-frequency\ngpio0: \u003cBCM2708/2835 GPIO controller\u003e mem 0x7e200000-0x7e2000b3 irq 14,15 on simplebus0\ngpiobus0: \u003cOFW GPIO bus\u003e on gpio0\ngpio1: \u003cRaspberry Pi Firmware GPIO controller\u003e on bcm2835_firmware0\ngpiobus1: \u003cGPIO bus\u003e on gpio1\nregfix0: Cannot configure GPIO pin: 5\nREGNODE_INIT failed: 6\nregfix0: Cannot register regulator.\nclk_fixed4: clock-fixed has no clock-frequency\nclk_fixed4: clock-fixed has no clock-frequency\nregfix2: Cannot set GPIO pin: 6\nREGNODE_INIT failed: 6\nregfix2: Cannot register regulator.\nmbox0: \u003cBCM2835 VideoCore Mailbox\u003e mem 0x7e00b880-0x7e00b8bf irq 13 on simplebus0\nclk_fixed4: clock-fixed has no clock-frequency\nclk_fixed4: clock-fixed has no clock-frequency\ngpioregulator0: \u003cGPIO controlled regulator\u003e on ofwbus0\nclk_fixed4: clock-fixed has no clock-frequency\nclk_fixed4: clock-fixed has no clock-frequency\nclk_fixed4: clock-fixed has no clock-frequency\nclk_fixed4: clock-fixed has no clock-frequency\ngeneric_timer0: \u003cARMv8 Generic Timer\u003e irq 4,5,6,7 on ofwbus0\nTimecounter \"ARM MPCore Timecounter\" frequency 54000000 Hz quality 1000\nEvent timer \"ARM MPCore Eventtimer\" frequency 54000000 Hz quality 1000\nclk_fixed4: clock-fixed has no clock-frequency\nclk_fixed4: clock-fixed has no clock-frequency\nclk_fixed4: clock-fixed has no clock-frequency\nclk_fixed4: clock-fixed has no clock-frequency\nclk_fixed4: clock-fixed has no clock-frequency\nclk_fixed4: clock-fixed has no clock-frequency\nclk_fixed4: clock-fixed has no clock-frequency\nclk_fixed4: clock-fixed has no clock-frequency\nclk_fixed4: clock-fixed has no clock-frequency\nclk_fixed4: clock-fixed has no clock-frequency\nclk_fixed4: clock-fixed has no clock-frequency\nclk_fixed4: clock-fixed has no clock-frequency\nclk_fixed4: clock-fixed has no clock-frequency\nclk_fixed4: clock-fixed has no clock-frequency\nclk_fixed4: clock-fixed has no clock-frequency\nclk_fixed4: clock-fixed has no clock-frequency\nclk_fixed4: clock-fixed has no clock-frequency\nclk_fixed4: clock-fixed has no clock-frequency\nclk_fixed4: clock-fixed has no clock-frequency\nclk_fixed4: clock-fixed has no clock-frequency\nbcm_dma0: \u003cBCM2835 DMA Controller\u003e mem 0x7e007000-0x7e007aff irq 31,32,33,34,35,36,37,38,39,40,41 on simplebus0\nusb_nop_xceiv0: \u003cUSB NOP PHY\u003e on ofwbus0\nclk_fixed4: clock-fixed has no clock-frequency\nclk_fixed4: clock-fixed has no clock-frequency\nclk_fixed4: clock-fixed has no clock-frequency\nclk_fixed4: clock-fixed has no clock-frequency\nbcm2835_clkman0: \u003cBCM283x Clock Manager\u003e mem 0x7e101000-0x7e102fff on simplebus0\ngpioc0: \u003cGPIO controller\u003e on gpio0\nuart0: \u003cPrimeCell UART (PL011)\u003e mem 0x7e201000-0x7e2011ff irq 16 on simplebus0\nuart0: console (115200,n,8,1)\nspi0: \u003cBCM2708/2835 SPI controller\u003e mem 0x7e204000-0x7e2041ff irq 18 on simplebus0\nspibus0: \u003cOFW SPI bus\u003e on spi0\nspibus0: \u003cunknown card\u003e at cs 0 mode 0\nspibus0: \u003cunknown card\u003e at cs 1 mode 0\nsdhci_bcm0: \u003cBroadcom 2708 SDHCI controller\u003e mem 0x7e300000-0x7e3000ff irq 24 on simplebus0\nmmc0: \u003cMMC/SD bus\u003e on sdhci_bcm0\niichb0: \u003cBCM2708/2835 BSC controller\u003e mem 0x7e804000-0x7e804fff irq 27 on simplebus0\nbcmwd0: \u003cBCM2708/2835 Watchdog\u003e mem 0x7e100000-0x7e100113,0x7e00a000-0x7e00a023,0x7ec11000-0x7ec1101f on simplebus0\nbcmrng0: \u003cBroadcom BCM2835/BCM2838 RNG\u003e mem 0x7e104000-0x7e104027 on simplebus0\ngpioc1: \u003cGPIO controller\u003e on gpio1\nfb0: \u003cBCM2835 VT framebuffer driver\u003e on simplebus0\nfb0: keeping existing fb bpp of 32\nfbd0 on fb0\nWARNING: Device \"fb\" is Giant locked and may be deleted before FreeBSD 15.0.\nVT: Replacing driver \"efifb\" with new \"fb\".\nfb0: 592x448(592x448@0,0) 32bpp\nfb0: fbswap: 1, pitch 2368, base 0x3eaf5000, screen_size 1060864\nsdhci_bcm1: \u003cBroadcom 2708 SDHCI controller\u003e mem 0x7e340000-0x7e3400ff irq 79 on simplebus1\nmmc1: \u003cMMC/SD bus\u003e on sdhci_bcm1\npmu0: \u003cPerformance Monitoring Unit\u003e irq 0,1,2,3 on ofwbus0\ncpulist0: \u003cOpen Firmware CPU Group\u003e on ofwbus0\ncpu0: \u003cOpen Firmware CPU\u003e on cpulist0\nbcm2835_cpufreq0: \u003cCPU Frequency Control\u003e on cpu0\npcib0: \u003cBCM2838-compatible PCI-express controller\u003e mem 0x7d500000-0x7d50930f irq 80,81 on simplebus2\npcib0: hardware identifies as revision 0x304.\npci0: \u003cOFW PCI bus\u003e on pcib0\npcib1: \u003cPCI-PCI bridge\u003e irq 91 at device 0.0 on pci0\npci1: \u003cOFW PCI bus\u003e on pcib1\nbcm_xhci0: \u003cVL805 USB 3.0 controller (on the Raspberry Pi 4b)\u003e irq 92 at device 0.0 on pci1\nbcm_xhci0: 32 bytes context size, 64-bit DMA\nusbus0 on bcm_xhci0\ngenet0: \u003cRPi4 Gigabit Ethernet\u003e mem 0x7d580000-0x7d58ffff irq 82,83 on simplebus2\ngenet0: GENET version 5.0 phy 0x0000\nmiibus0: \u003cMII bus\u003e on genet0\nbrgphy0: \u003cBCM54213PE 1000BASE-T media interface\u003e PHY 1 on miibus0\nbrgphy0:  10baseT, 10baseT-FDX, 100baseTX, 100baseTX-FDX, 1000baseT, 1000baseT-master, 1000baseT-FDX, 1000baseT-FDX-master, auto\ngenet0: Ethernet address: d8:3a:dd:53:f7:59\nclk_fixed4: clock-fixed has no clock-frequency\nclk_fixed4: clock-fixed has no clock-frequency\ngpioled0: \u003cGPIO LEDs\u003e on ofwbus0\nlock order reversal: (sleepable after non-sleepable)\n 1st 0xffff000000dd5678 LED mtx (LED mtx, sleep mutex) @ /usr/src/sys/dev/led/led.c:295\n 2nd 0xffffa000013f8810 Raspberry Pi firmware gpio (Raspberry Pi firmware gpio, sx) @ /usr/src/sys/arm/broadcom/bcm2835/raspberrypi_gpio.c:250\nlock order LED mtx -\u003e Raspberry Pi firmware gpio attempted at:\n#0 0xffff0000005257e0 at witness_checkorder+0xa78\n#1 0xffff0000004ba384 at _sx_xlock+0x70\n#2 0xffff00000092a8e8 at rpi_fw_gpio_pin_set+0xe4\n#3 0xffff0000001dc00c at led_create_state+0x15c\n#4 0xffff0000001a2f34 at gpioled_attach+0x294\n#5 0xffff0000004ec360 at device_attach+0x3fc\n#6 0xffff0000004ebec8 at device_probe_and_attach+0x80\n#7 0xffff0000004ee4d4 at bus_generic_new_pass+0x100\n#8 0xffff0000004ee484 at bus_generic_new_pass+0xb0\n#9 0xffff0000004ee484 at bus_generic_new_pass+0xb0\n#10 0xffff0000004e8d60 at bus_set_pass+0x50\n#11 0xffff00000043138c at mi_startup+0x1e0\n#12 0xffff0000000008a8 at virtdone+0x68\numa_zalloc_debug: zone \"malloc-64\" with the following non-sleepable locks held:\nexclusive sleep mutex LED mtx (LED mtx) r = 0 (0xffff000000dd5678) locked @ /usr/src/sys/dev/led/led.c:295\nstack backtrace:\n#0 0xffff000000525c50 at witness_debugger+0x60\n#1 0xffff000000526ee4 at witness_warn+0x40c\n#2 0xffff0000007eaa9c at uma_zalloc_debug+0x34\n#3 0xffff0000007ea628 at uma_zalloc_arg+0x30\n#4 0xffff000000481aa4 at malloc+0x90\n#5 0xffff00000091f568 at bcm2835_firmware_property+0x48\n#6 0xffff00000092a900 at rpi_fw_gpio_pin_set+0xfc\n#7 0xffff0000001dc00c at led_create_state+0x15c\n#8 0xffff0000001a2f34 at gpioled_attach+0x294\n#9 0xffff0000004ec360 at device_attach+0x3fc\n#10 0xffff0000004ebec8 at device_probe_and_attach+0x80\n#11 0xffff0000004ee4d4 at bus_generic_new_pass+0x100\n#12 0xffff0000004ee484 at bus_generic_new_pass+0xb0\n#13 0xffff0000004ee484 at bus_generic_new_pass+0xb0\n#14 0xffff0000004e8d60 at bus_set_pass+0x50\n#15 0xffff00000043138c at mi_startup+0x1e0\n#16 0xffff0000000008a8 at virtdone+0x68\narmv8crypto0: CPU lacks AES instructions\nTimecounters tick every 1.000 msec\nusbus0: 5.0Gbps Super Speed USB v3.0\nsdhci_bcm0-slot0: Got command interrupt 0x00030000, but there is no active command.\nsdhci_bcm0-slot0: ============== REGISTER DUMP ==============\nsdhci_bcm0-slot0: Sys addr: 0x00000000 | Version:  0x00009902\nsdhci_bcm0-slot0: Blk size: 0x00000000 | Blk cnt:  0x00000000\nsdhci_bcm0-slot0: Argument: 0x000001aa | Trn mode: 0x00000000\nsdhci_bcm0-slot0: Present:  0x000f0000 | Host ctl: 0x00000001\nsdhci_bcm0-slot0: Power:    0x0000000f | Blk gap:  0x00000000\nsdhci_bcm0-slot0: Wake-up:  0x00000000 | Clock:    0x00003947\nsdhci_bcm0-slot0: Timeout:  0x00000000 | Int stat: 0x00000000\nsdhci_bcm0-slot0: Int enab: 0x01ff00bb | Sig enab: 0x01ff00bb\nsdhci_bcm0-slot0: AC12 err: 0x00000000 | Host ctl2:0x00000000\nsdhci_bcm0-slot0: Caps:     0x00000000 | Caps2:    0x00000000\nsdhci_bcm0-slot0: Max curr: 0x00000001 | ADMA err: 0x00000000\nsdhci_bcm0-slot0: ADMA addr:0x00000000 | Slot int: 0x00000000\nsdhci_bcm0-slot0: ===========================================\nugen0.1: \u003c(0x1106) XHCI root HUB\u003e at usbus0\nuhub0 on usbus0\nuhub0: \u003c(0x1106) XHCI root HUB, class 9/0, rev 3.00/1.00, addr 1\u003e on usbus0\nsdhci_bcm0-slot0: Got command interrupt 0x00030000, but there is no active command.\nsdhci_bcm0-slot0: ============== REGISTER DUMP ==============\nsdhci_bcm0-slot0: Sys addr: 0x00000000 | Version:  0x00009902\nsdhci_bcm0-slot0: Blk size: 0x00000000 | Blk cnt:  0x00000000\nsdhci_bcm0-slot0: Argument: 0x000001aa | Trn mode: 0x00000000\nsdhci_bcm0-slot0: Present:  0x000f0000 | Host ctl: 0x00000001\nsdhci_bcm0-slot0: Power:    0x0000000f | Blk gap:  0x00000000\nsdhci_bcm0-slot0: Wake-up:  0x00000000 | Clock:    0x00003947\nsdhci_bcm0-slot0: Timeout:  0x00000000 | Int stat: 0x00000000\nsdhci_bcm0-slot0: Int enab: 0x01ff00bb | Sig enab: 0x01ff00bb\nsdhci_bcm0-slot0: AC12 err: 0x00000000 | Host ctl2:0x00000000\nsdhci_bcm0-slot0: Caps:     0x00000000 | Caps2:    0x00000000\nsdhci_bcm0-slot0: Max curr: 0x00000001 | ADMA err: 0x00000000\nsdhci_bcm0-slot0: ADMA addr:0x00000000 | Slot int: 0x00000000\nsdhci_bcm0-slot0: ===========================================\nsdhci_bcm0-slot0: Got command interrupt 0x00030000, but there is no active command.\nsdhci_bcm0-slot0: ============== REGISTER DUMP ==============\nsdhci_bcm0-slot0: Sys addr: 0x00000000 | Version:  0x00009902\nsdhci_bcm0-slot0: Blk size: 0x00000000 | Blk cnt:  0x00000000\nsdhci_bcm0-slot0: Argument: 0x00000000 | Trn mode: 0x00000000\nsdhci_bcm0-slot0: Present:  0x000f0000 | Host ctl: 0x00000001\nsdhci_bcm0-slot0: Power:    0x0000000f | Blk gap:  0x00000000\nsdhci_bcm0-slot0: Wake-up:  0x00000000 | Clock:    0x00003947\nsdhci_bcm0-slot0: Timeout:  0x00000000 | Int stat: 0x00000000\nsdhci_bcm0-slot0: Int enab: 0x01ff00bb | Sig enab: 0x01ff00bb\nsdhci_bcm0-slot0: AC12 err: 0x00000000 | Host ctl2:0x00000000\nsdhci_bcm0-slot0: Caps:     0x00000000 | Caps2:    0x00000000\nsdhci_bcm0-slot0: Max curr: 0x00000001 | ADMA err: 0x00000000\nsdhci_bcm0-slot0: ADMA addr:0x00000000 | Slot int: 0x00000000\nsdhci_bcm0-slot0: ===========================================\nsdhci_bcm0-slot0: Got command interrupt 0x00030000, but there is no active command.\nsdhci_bcm0-slot0: ============== REGISTER DUMP ==============\nsdhci_bcm0-slot0: Sys addr: 0x00000000 | Version:  0x00009902\nsdhci_bcm0-slot0: Blk size: 0x00000000 | Blk cnt:  0x00000000\nsdhci_bcm0-slot0: Argument: 0x00000000 | Trn mode: 0x00000000\nsdhci_bcm0-slot0: Present:  0x000f0000 | Host ctl: 0x00000001\nsdhci_bcm0-slot0: Power:    0x0000000f | Blk gap:  0x00000000\nsdhci_bcm0-slot0: Wake-up:  0x00000000 | Clock:    0x00003947\nsdhci_bcm0-slot0: Timeout:  0x00000000 | Int stat: 0x00000000\nsdhci_bcm0-slot0: Int enab: 0x01ff00bb | Sig enab: 0x01ff00bb\nsdhci_bcm0-slot0: AC12 err: 0x00000000 | Host ctl2:0x00000000\nsdhci_bcm0-slot0: Caps:     0x00000000 | Caps2:    0x00000000\nsdhci_bcm0-slot0: Max curr: 0x00000001 | ADMA err: 0x00000000\nsdhci_bcm0-slot0: ADMA addr:0x00000000 | Slot int: 0x00000000\nsdhci_bcm0-slot0: ===========================================\nmmc0: No compatible cards found on bus\niicbus0: \u003cOFW I2C bus\u003e on iichb0\niic0: \u003cI2C generic I/O\u003e on iicbus0\nmmcsd0: 16GB \u003cSDHC SC16G 8.0 SN 4DB2AB14 MFG 05/2022 by 3 SD\u003e at mmc1 50.0MHz/4bit/65535-block\nbcm2835_cpufreq0: ARM 600MHz, Core 200MHz, SDRAM 400MHz, Turbo OFF\nCPU  0: ARM Cortex-A72 r0p3 affinity:  0\n                   Cache Type = \u003c64 byte D-cacheline,64 byte I-cacheline,PIPT ICache,64 byte ERG,64 byte CWG\u003e\n Instruction Set Attributes 0 = \u003cCRC32\u003e\n Instruction Set Attributes 1 = \u003c\u003e\n Instruction Set Attributes 2 = \u003c\u003e\n         Processor Features 0 = \u003cAdvSIMD,FP,EL3 32,EL2 32,EL1 32,EL0 32\u003e\n         Processor Features 1 = \u003c\u003e\n      Memory Model Features 0 = \u003cTGran4,TGran64,SNSMem,BigEnd,16bit ASID,16TB PA\u003e\n      Memory Model Features 1 = \u003c8bit VMID\u003e\n      Memory Model Features 2 = \u003c32bit CCIDX,48bit VA\u003e\n             Debug Features 0 = \u003cDoubleLock,2 CTX BKPTs,4 Watchpoints,6 Breakpoints,PMUv3,Debugv8\u003e\n             Debug Features 1 = \u003c\u003e\n         Auxiliary Features 0 = \u003c\u003e\n         Auxiliary Features 1 = \u003c\u003e\nAArch32 Instruction Set Attributes 5 = \u003cCRC32,SEVL\u003e\nAArch32 Media and VFP Features 0 = \u003cFPRound,FPSqrt,FPDivide,DP VFPv3+v4,SP VFPv3+v4,AdvSIMD\u003e\nAArch32 Media and VFP Features 1 = \u003cSIMDFMAC,FPHP DP Conv,SIMDHP SP Conv,SIMDSP,SIMDInt,SIMDLS,FPDNaN,FPFtZ\u003e\nCPU  1: ARM Cortex-A72 r0p3 affinity:  1\nCPU  2: ARM Cortex-A72 r0p3 affinity:  2\nCPU  3: ARM Cortex-A72 r0p3 affinity:  3\ngic0: using for IPIs\nRelease APs...done\nTCP_ratelimit: Is now initialized\nWARNING: WITNESS option enabled, expect reduced performance.\nTrying to mount root from ufs:/dev/ufs/rootfs [rw]...\nuhub0: 5 ports with 4 removable, self powered\nWARNING: / was not properly dismounted\nWarning: no time-of-day clock registered, system time will not be set accurately\nDual Console: Serial Primary, Video Secondary\nugen0.2: \u003cvendor 0x2109 USB2.0 Hub\u003e at usbus0\nuhub1 on uhub0\nuhub1: \u003cvendor 0x2109 USB2.0 Hub, class 9/0, rev 2.10/4.21, addr 1\u003e on usbus0\nuhub1: 4 ports with 4 removable, self powered\ngenet0: link state changed to UP\nlo0: link state changed to UP\ngenet0: link state changed to DOWN\ngenet0: link state changed to UP\nSecurity policy loaded: MAC/ntpd (mac_ntpd)"
}