{
 "id": 719126,
 "bug_id": 179556,
 "attachment_id": 0,
 "creation_time": "2013-06-23T06:53:10Z",
 "creator": "linimon@lonesome.com",
 "text": "----- Forwarded message from Mark Saad \u003cnonesuch@longcount.org\u003e -----\n\nDate: Fri, 21 Jun 2013 15:42:08 -0400\nFrom: Mark Saad \u003cnonesuch@longcount.org\u003e\nTo: Ewald Jenisch \u003ca@jenisch.at\u003e\nCc: freebsd-amd64@freebsd.org\nSubject: Re: amd64/179556: FreeBSD 9-1 amd64 - Install freeze on HP Proliant DL580G5\n\nEwald\n I just got around to installing 9.1-RELEASE amd64 on a DL580G5 . I had not\ninstallation issues. Here is some reliant info.\n\nmsaad@absolute:/home/msaad % uname -a\nFreeBSD absolute 9.1-RELEASE FreeBSD 9.1-RELEASE #0 r243825: Tue Dec  4\n09:23:10 UTC 2012\nroot@farrell.cse.buffalo.edu:/usr/obj/usr/src/sys/GENERIC\namd64\n\n\nmsaad@absolute:/home/msaad % cat /var/run/dmesg.boot\nCopyright (c) 1992-2012 The FreeBSD Project.\nCopyright (c) 1979, 1980, 1983, 1986, 1988, 1989, 1991, 1992, 1993, 1994\n        The Regents of the University of California. All rights reserved.\nFreeBSD is a registered trademark of The FreeBSD Foundation.\nFreeBSD 9.1-RELEASE #0 r243825: Tue Dec  4 09:23:10 UTC 2012\n    root@farrell.cse.buffalo.edu:/usr/obj/usr/src/sys/GENERIC amd64\nCPU: Intel(R) Xeon(R) CPU           E7330  @ 2.40GHz (2400.05-MHz K8-class\nCPU)\n  Origin = \"GenuineIntel\"  Id = 0x6fb  Family = 6  Model = f  Stepping = 11\n\nFeatures=0xbfebfbff\u003cFPU,VME,DE,PSE,TSC,MSR,PAE,MCE,CX8,APIC,SEP,MTRR,PGE,MCA,CMOV,PAT,PSE36,CLFLUSH,DTS,ACPI,MMX,FXSR,SSE,SSE2,SS,HTT,TM,PBE\u003e\n\nFeatures2=0x4e3bd\u003cSSE3,DTES64,MON,DS_CPL,VMX,EST,TM2,SSSE3,CX16,xTPR,PDCM,DCA\u003e\n  AMD Features=0x20100800\u003cSYSCALL,NX,LM\u003e\n  AMD Features2=0x1\u003cLAHF\u003e\n  TSC: P-state invariant, performance statistics\nreal memory  = 38654705664 (36864 MB)\navail memory = 37240659968 (35515 MB)\nEvent timer \"LAPIC\" quality 400\nACPI APIC Table: \u003cHP     ProLiant\u003e\nFreeBSD/SMP: Multiprocessor System Detected: 16 CPUs\nFreeBSD/SMP: 4 package(s) x 4 core(s)\n cpu0 (BSP): APIC ID:  0\n cpu1 (AP): APIC ID:  1\n cpu2 (AP): APIC ID:  2\n cpu3 (AP): APIC ID:  3\n cpu4 (AP): APIC ID:  8\n cpu5 (AP): APIC ID:  9\n cpu6 (AP): APIC ID: 10\n cpu7 (AP): APIC ID: 11\n cpu8 (AP): APIC ID: 16\n cpu9 (AP): APIC ID: 17\n cpu10 (AP): APIC ID: 18\n cpu11 (AP): APIC ID: 19\n cpu12 (AP): APIC ID: 24\n cpu13 (AP): APIC ID: 25\n cpu14 (AP): APIC ID: 26\n cpu15 (AP): APIC ID: 27\nACPI Warning: Invalid length for Pm1aControlBlock: 32, using default 16\n(20110527/tbfadt-638)\nioapic0 \u003cVersion 2.0\u003e irqs 0-23 on motherboard\nioapic1 \u003cVersion 2.0\u003e irqs 24-47 on motherboard\nkbd1 at kbdmux0\nacpi0: \u003cHP ProLiant\u003e on motherboard\nacpi0: Power Button (fixed)\ncpu0: \u003cACPI CPU\u003e on acpi0\ncpu1: \u003cACPI CPU\u003e on acpi0\ncpu2: \u003cACPI CPU\u003e on acpi0\ncpu3: \u003cACPI CPU\u003e on acpi0\ncpu4: \u003cACPI CPU\u003e on acpi0\ncpu5: \u003cACPI CPU\u003e on acpi0\ncpu6: \u003cACPI CPU\u003e on acpi0\ncpu7: \u003cACPI CPU\u003e on acpi0\ncpu8: \u003cACPI CPU\u003e on acpi0\ncpu9: \u003cACPI CPU\u003e on acpi0\ncpu10: \u003cACPI CPU\u003e on acpi0\ncpu11: \u003cACPI CPU\u003e on acpi0\ncpu12: \u003cACPI CPU\u003e on acpi0\ncpu13: \u003cACPI CPU\u003e on acpi0\ncpu14: \u003cACPI CPU\u003e on acpi0\ncpu15: \u003cACPI CPU\u003e on acpi0\nattimer0: \u003cAT timer\u003e port 0x40-0x43 irq 0 on acpi0\nTimecounter \"i8254\" frequency 1193182 Hz quality 0\nEvent timer \"i8254\" frequency 1193182 Hz quality 100\nhpet0: \u003cHigh Precision Event Timer\u003e iomem 0xfed00000-0xfed003ff on acpi0\nTimecounter \"HPET\" frequency 14318180 Hz quality 950\nEvent timer \"HPET\" frequency 14318180 Hz quality 450\nEvent timer \"HPET1\" frequency 14318180 Hz quality 440\nEvent timer \"HPET2\" frequency 14318180 Hz quality 440\nTimecounter \"ACPI-fast\" frequency 3579545 Hz quality 900\nacpi_timer0: \u003c24-bit timer at 3.579545MHz\u003e port 0x908-0x90b on acpi0\npcib0: \u003cACPI Host-PCI bridge\u003e on acpi0\npci0: \u003cACPI PCI bus\u003e on pcib0\npcib0: no PRT entry for 0.31.INTA\npcib1: \u003cACPI PCI-PCI bridge\u003e at device 1.0 on pci0\npci3: \u003cACPI PCI bus\u003e on pcib1\npcib2: \u003cACPI PCI-PCI bridge\u003e at device 0.0 on pci3\npci4: \u003cACPI PCI bus\u003e on pcib2\npcib3: \u003cACPI PCI-PCI bridge\u003e at device 0.0 on pci4\npci5: \u003cACPI PCI bus\u003e on pcib3\npcib4: \u003cPCI-PCI bridge\u003e at device 0.0 on pci5\npci6: \u003cPCI bus\u003e on pcib4\nbce0: \u003cHP NC373i Multifunction Gigabit Server Adapter (B2)\u003e mem\n0xf8000000-0xf9ffffff irq 16 at device 0.0 on pci6\nbce0: /usr/src/sys/dev/bce/if_bce.c(1258): Management firmware enabled but\nnot running!\nmiibus0: \u003cMII bus\u003e on bce0\nbrgphy0: \u003cBCM5708C 1000BASE-T media interface\u003e PHY 1 on miibus0\nbrgphy0:  10baseT, 10baseT-FDX, 100baseTX, 100baseTX-FDX, 1000baseT,\n1000baseT-master, 1000baseT-FDX, 1000baseT-FDX-master, auto, auto-flow\nbce0: Ethernet address: 00:1a:4b:e6:20:82\nbce0: ASIC (0x57081020); Rev (B2); Bus (PCI-X, 64-bit, 133MHz); B/C\n(1.9.6); Bufs (RX:2;TX:2;PG:8); Flags (SPLT|MSI|MFW); MFW (NOT RUNNING!)\nCoal (RX:6,6,18,18; TX:20,20,80,80)\npcib5: \u003cACPI PCI-PCI bridge\u003e at device 1.0 on pci4\npci7: \u003cACPI PCI bus\u003e on pcib5\npcib6: \u003cPCI-PCI bridge\u003e at device 0.0 on pci7\npci8: \u003cPCI bus\u003e on pcib6\nbce1: \u003cHP NC373i Multifunction Gigabit Server Adapter (B2)\u003e mem\n0xfa000000-0xfbffffff irq 17 at device 0.0 on pci8\nbce1: /usr/src/sys/dev/bce/if_bce.c(1258): Management firmware enabled but\nnot running!\nmiibus1: \u003cMII bus\u003e on bce1\nbrgphy1: \u003cBCM5708C 1000BASE-T media interface\u003e PHY 1 on miibus1\nbrgphy1:  10baseT, 10baseT-FDX, 100baseTX, 100baseTX-FDX, 1000baseT,\n1000baseT-master, 1000baseT-FDX, 1000baseT-FDX-master, auto, auto-flow\nbce1: Ethernet address: 00:1a:4b:e6:20:84\nbce1: ASIC (0x57081020); Rev (B2); Bus (PCI-X, 64-bit, 133MHz); B/C\n(1.9.6); Bufs (RX:2;TX:2;PG:8); Flags (SPLT|MSI|MFW); MFW (NOT RUNNING!)\nCoal (RX:6,6,18,18; TX:20,20,80,80)\npcib7: \u003cACPI PCI-PCI bridge\u003e at device 2.0 on pci4\npci9: \u003cACPI PCI bus\u003e on pcib7\npcib8: \u003cPCI-PCI bridge\u003e at device 0.3 on pci3\npci10: \u003cPCI bus\u003e on pcib8\npcib9: \u003cACPI PCI-PCI bridge\u003e at device 2.0 on pci0\npci41: \u003cACPI PCI bus\u003e on pcib9\npcib10: \u003cPCI-PCI bridge\u003e at device 3.0 on pci0\npci42: \u003cPCI bus\u003e on pcib10\npcib11: \u003cACPI PCI-PCI bridge\u003e at device 4.0 on pci0\npci23: \u003cACPI PCI bus\u003e on pcib11\npcib12: \u003cACPI PCI-PCI bridge\u003e mem 0xfdfe0000-0xfdffffff at device 0.0 on\npci23\npci24: \u003cACPI PCI bus\u003e on pcib12\npcib13: \u003cACPI PCI-PCI bridge\u003e at device 1.0 on pci24\npci37: \u003cACPI PCI bus\u003e on pcib13\npcib14: \u003cACPI PCI-PCI bridge\u003e at device 2.0 on pci24\npci34: \u003cACPI PCI bus\u003e on pcib14\npcib15: \u003cACPI PCI-PCI bridge\u003e at device 8.0 on pci24\npci25: \u003cACPI PCI bus\u003e on pcib15\npcib16: \u003cACPI PCI-PCI bridge\u003e at device 9.0 on pci24\npci28: \u003cACPI PCI bus\u003e on pcib16\npcib17: \u003cACPI PCI-PCI bridge\u003e at device 10.0 on pci24\npci31: \u003cACPI PCI bus\u003e on pcib17\npcib18: \u003cPCI-PCI bridge\u003e at device 5.0 on pci0\npci40: \u003cPCI bus\u003e on pcib18\npcib19: \u003cACPI PCI-PCI bridge\u003e at device 6.0 on pci0\npci11: \u003cACPI PCI bus\u003e on pcib19\npcib20: \u003cACPI PCI-PCI bridge\u003e mem 0xfdee0000-0xfdefffff at device 0.0 on\npci11\npci12: \u003cACPI PCI bus\u003e on pcib20\npcib21: \u003cACPI PCI-PCI bridge\u003e at device 0.0 on pci12\npci19: \u003cACPI PCI bus\u003e on pcib21\npcib22: \u003cACPI PCI-PCI bridge\u003e at device 1.0 on pci12\npci16: \u003cACPI PCI bus\u003e on pcib22\npcib23: \u003cACPI PCI-PCI bridge\u003e at device 9.0 on pci12\npci13: \u003cACPI PCI bus\u003e on pcib23\npcib24: \u003cPCI-PCI bridge\u003e at device 7.0 on pci0\npci22: \u003cPCI bus\u003e on pcib24\npcib25: \u003cACPI PCI-PCI bridge\u003e at device 28.0 on pci0\npci2: \u003cACPI PCI bus\u003e on pcib25\nciss0: \u003cHP Smart Array P400\u003e port 0x4000-0x40ff mem\n0xf7e00000-0xf7efffff,0xf7df0000-0xf7df0fff irq 16 at device 0.0 on pci2\nciss0: PERFORMANT Transport\nuhci0: \u003cIntel 631XESB/632XESB/3100 USB controller USB-1\u003e port 0x1000-0x101f\nirq 16 at device 29.0 on pci0\nusbus0 on uhci0\nuhci1: \u003cIntel 631XESB/632XESB/3100 USB controller USB-2\u003e port 0x1020-0x103f\nirq 17 at device 29.1 on pci0\nusbus1 on uhci1\nuhci2: \u003cIntel 631XESB/632XESB/3100 USB controller USB-3\u003e port 0x1040-0x105f\nirq 18 at device 29.2 on pci0\nusbus2 on uhci2\nuhci3: \u003cIntel 631XESB/632XESB/3100 USB controller USB-4\u003e port 0x1060-0x107f\nirq 19 at device 29.3 on pci0\nusbus3 on uhci3\nehci0: \u003cIntel 63XXESB USB 2.0 controller\u003e mem 0xf7af0000-0xf7af03ff irq 16\nat device 29.7 on pci0\nusbus4: EHCI version 1.0\nusbus4 on ehci0\npcib26: \u003cACPI PCI-PCI bridge\u003e at device 30.0 on pci0\npci1: \u003cACPI PCI bus\u003e on pcib26\nvgapci0: \u003cVGA-compatible display\u003e port 0x3000-0x30ff mem\n0xd8000000-0xdfffffff,0xf7cf0000-0xf7cfffff irq 23 at device 3.0 on pci1\npci1: \u003cbase peripheral\u003e at device 4.0 (no driver attached)\npci1: \u003cbase peripheral\u003e at device 4.2 (no driver attached)\nuhci4: \u003cUHCI (generic) USB controller\u003e port 0x3800-0x381f irq 22 at device\n4.4 on pci1\nusbus5 on uhci4\npci1: \u003cserial bus\u003e at device 4.6 (no driver attached)\nisab0: \u003cPCI-ISA bridge\u003e at device 31.0 on pci0\nisa0: \u003cISA bus\u003e on isab0\natapci0: \u003cIntel 63XXESB2 UDMA100 controller\u003e port\n0x1f0-0x1f7,0x3f6,0x170-0x177,0x376,0x500-0x50f irq 7 at device 31.1 on pci0\nata0: \u003cATA channel\u003e at channel 0 on atapci0\nacpi_tz0: \u003cThermal Zone\u003e on acpi0\natkbdc0: \u003cKeyboard controller (i8042)\u003e port 0x60,0x64 irq 1 on acpi0\natkbd0: \u003cAT Keyboard\u003e irq 1 on atkbdc0\nkbd0 at atkbd0\natkbd0: [GIANT-LOCKED]\npsm0: \u003cPS/2 Mouse\u003e irq 12 on atkbdc0\npsm0: [GIANT-LOCKED]\npsm0: model IntelliMouse, device ID 3\nuart0: \u003c16550 or compatible\u003e port 0x3f8-0x3ff irq 4 flags 0x10 on acpi0\norm0: \u003cISA Option ROMs\u003e at iomem\n0xc0000-0xcafff,0xcb000-0xcefff,0xcf000-0xd07ff,0xe6000-0xe7fff on isa0\nsc0: \u003cSystem console\u003e at flags 0x100 on isa0\nsc0: VGA \u003c16 virtual consoles, flags=0x300\u003e\nvga0: \u003cGeneric ISA VGA\u003e at port 0x3c0-0x3df iomem 0xa0000-0xbffff on isa0\natrtc0: \u003cAT realtime clock\u003e at port 0x70 irq 8 on isa0\nEvent timer \"RTC\" frequency 32768 Hz quality 0\nppc0: cannot reserve I/O port range\nuart1: \u003cNon-standard ns8250 class UART with FIFOs\u003e at port 0x2f8-0x2ff irq\n3 on isa0\nctl: CAM Target Layer loaded\nest0: \u003cEnhanced SpeedStep Frequency Control\u003e on cpu0\nest: CPU supports Enhanced Speedstep, but is not recognized.\nest: cpu_vendor GenuineIntel, msr 927092706000927\ndevice_attach: est0 attach returned 6\np4tcc0: \u003cCPU Frequency Thermal Control\u003e on cpu0\nest1: \u003cEnhanced SpeedStep Frequency Control\u003e on cpu1\nest: CPU supports Enhanced Speedstep, but is not recognized.\nest: cpu_vendor GenuineIntel, msr 927092706000927\ndevice_attach: est1 attach returned 6\np4tcc1: \u003cCPU Frequency Thermal Control\u003e on cpu1\nest2: \u003cEnhanced SpeedStep Frequency Control\u003e on cpu2\nest: CPU supports Enhanced Speedstep, but is not recognized.\nest: cpu_vendor GenuineIntel, msr 927092706000927\ndevice_attach: est2 attach returned 6\np4tcc2: \u003cCPU Frequency Thermal Control\u003e on cpu2\nest3: \u003cEnhanced SpeedStep Frequency Control\u003e on cpu3\nest: CPU supports Enhanced Speedstep, but is not recognized.\nest: cpu_vendor GenuineIntel, msr 927092706000927\ndevice_attach: est3 attach returned 6\np4tcc3: \u003cCPU Frequency Thermal Control\u003e on cpu3\nest4: \u003cEnhanced SpeedStep Frequency Control\u003e on cpu4\nest: CPU supports Enhanced Speedstep, but is not recognized.\nest: cpu_vendor GenuineIntel, msr 927092706000927\ndevice_attach: est4 attach returned 6\np4tcc4: \u003cCPU Frequency Thermal Control\u003e on cpu4\nest5: \u003cEnhanced SpeedStep Frequency Control\u003e on cpu5\nest: CPU supports Enhanced Speedstep, but is not recognized.\nest: cpu_vendor GenuineIntel, msr 927092706000927\ndevice_attach: est5 attach returned 6\np4tcc5: \u003cCPU Frequency Thermal Control\u003e on cpu5\nest6: \u003cEnhanced SpeedStep Frequency Control\u003e on cpu6\nest: CPU supports Enhanced Speedstep, but is not recognized.\nest: cpu_vendor GenuineIntel, msr 927092706000927\ndevice_attach: est6 attach returned 6\np4tcc6: \u003cCPU Frequency Thermal Control\u003e on cpu6\nest7: \u003cEnhanced SpeedStep Frequency Control\u003e on cpu7\nest: CPU supports Enhanced Speedstep, but is not recognized.\nest: cpu_vendor GenuineIntel, msr 927092706000927\ndevice_attach: est7 attach returned 6\np4tcc7: \u003cCPU Frequency Thermal Control\u003e on cpu7\nest8: \u003cEnhanced SpeedStep Frequency Control\u003e on cpu8\nest: CPU supports Enhanced Speedstep, but is not recognized.\nest: cpu_vendor GenuineIntel, msr 927092706000927\ndevice_attach: est8 attach returned 6\np4tcc8: \u003cCPU Frequency Thermal Control\u003e on cpu8\nest9: \u003cEnhanced SpeedStep Frequency Control\u003e on cpu9\nest: CPU supports Enhanced Speedstep, but is not recognized.\nest: cpu_vendor GenuineIntel, msr 927092706000927\ndevice_attach: est9 attach returned 6\np4tcc9: \u003cCPU Frequency Thermal Control\u003e on cpu9\nest10: \u003cEnhanced SpeedStep Frequency Control\u003e on cpu10\nest: CPU supports Enhanced Speedstep, but is not recognized.\nest: cpu_vendor GenuineIntel, msr 927092706000927\ndevice_attach: est10 attach returned 6\np4tcc10: \u003cCPU Frequency Thermal Control\u003e on cpu10\nest11: \u003cEnhanced SpeedStep Frequency Control\u003e on cpu11\nest: CPU supports Enhanced Speedstep, but is not recognized.\nest: cpu_vendor GenuineIntel, msr 927092706000927\ndevice_attach: est11 attach returned 6\np4tcc11: \u003cCPU Frequency Thermal Control\u003e on cpu11\nest12: \u003cEnhanced SpeedStep Frequency Control\u003e on cpu12\nest: CPU supports Enhanced Speedstep, but is not recognized.\nest: cpu_vendor GenuineIntel, msr 927092706000927\ndevice_attach: est12 attach returned 6\np4tcc12: \u003cCPU Frequency Thermal Control\u003e on cpu12\nest13: \u003cEnhanced SpeedStep Frequency Control\u003e on cpu13\nest: CPU supports Enhanced Speedstep, but is not recognized.\nest: cpu_vendor GenuineIntel, msr 927092706000927\ndevice_attach: est13 attach returned 6\np4tcc13: \u003cCPU Frequency Thermal Control\u003e on cpu13\nest14: \u003cEnhanced SpeedStep Frequency Control\u003e on cpu14\nest: CPU supports Enhanced Speedstep, but is not recognized.\nest: cpu_vendor GenuineIntel, msr 927092706000927\ndevice_attach: est14 attach returned 6\np4tcc14: \u003cCPU Frequency Thermal Control\u003e on cpu14\nest15: \u003cEnhanced SpeedStep Frequency Control\u003e on cpu15\nest: CPU supports Enhanced Speedstep, but is not recognized.\nest: cpu_vendor GenuineIntel, msr 927092706000927\ndevice_attach: est15 attach returned 6\np4tcc15: \u003cCPU Frequency Thermal Control\u003e on cpu15\nTimecounters tick every 1.000 msec\nusbus0: 12Mbps Full Speed USB v1.0\nusbus1: 12Mbps Full Speed USB v1.0\nusbus2: 12Mbps Full Speed USB v1.0\nusbus3: 12Mbps Full Speed USB v1.0\nusbus4: 480Mbps High Speed USB v2.0\nusbus5: 12Mbps Full Speed USB v1.0\nugen0.1: \u003cIntel\u003e at usbus0\nuhub0: \u003cIntel UHCI root HUB, class 9/0, rev 1.00/1.00, addr 1\u003e on usbus0\nugen1.1: \u003cIntel\u003e at usbus1\nuhub1: \u003cIntel UHCI root HUB, class 9/0, rev 1.00/1.00, addr 1\u003e on usbus1\nugen2.1: \u003cIntel\u003e at usbus2\nuhub2: \u003cIntel UHCI root HUB, class 9/0, rev 1.00/1.00, addr 1\u003e on usbus2\nugen3.1: \u003cIntel\u003e at usbus3\nuhub3: \u003cIntel UHCI root HUB, class 9/0, rev 1.00/1.00, addr 1\u003e on usbus3\nugen4.1: \u003cIntel\u003e at usbus4\nuhub4: \u003cIntel EHCI root HUB, class 9/0, rev 2.00/1.00, addr 1\u003e on usbus4\nugen5.1: \u003c0x103c\u003e at usbus5\nuhub5: \u003c0x103c UHCI root HUB, class 9/0, rev 1.00/1.00, addr 1\u003e on usbus5\nuhub0: 2 ports with 2 removable, self powered\nuhub1: 2 ports with 2 removable, self powered\nuhub2: 2 ports with 2 removable, self powered\nuhub3: 2 ports with 2 removable, self powered\nuhub5: 2 ports with 2 removable, self powered\nbce0: bce_pulse(): Warning: bootcode thinks driver is absent! (bc_state =\n0x00000006)\nbce1: bce_pulse(): Warning: bootcode thinks driver is absent! (bc_state =\n0x00000006)\nugen5.2: \u003cHP\u003e at usbus5\nukbd0: \u003cVirtual Keyboard\u003e on usbus5\nkbd2 at ukbd0\nums0: \u003cVirtual Mouse\u003e on usbus5\nums0: 3 buttons and [XY] coordinates ID=0\nuhub4: 8 ports with 8 removable, self powered\n(probe0:ciss0:0:0:0): REPORT LUNS. CDB: a0 0 0 0 0 0 0 0 0 10 0 0\n(probe0:ciss0:0:0:0): CAM status: SCSI Status Error\n(probe0:ciss0:0:0:0): SCSI status: Check Condition\n(probe0:ciss0:0:0:0): SCSI sense: ILLEGAL REQUEST asc:20,0 (Invalid command\noperation code)\n(probe0:ciss0:0:0:0): Error 22, Unretryable error\nda0 at ciss0 bus 0 scbus0 target 0 lun 0\nda0: \u003cCOMPAQ RAID 1(1VOLUME OK\u003e Fixed Direct Access SCSI-5 device\nda0: 135.168MB/s transfers\nda0: Command Queueing enabled\nda0: 572140MB (1171743836 512 byte sectors: 255H 32S/T 65535C)\ncd0 at ata0 bus 0 scbus2 target 0 lun 0\ncd0: \u003cTEAC DV-28E-V C.AB\u003e Removable CD-ROM SCSI-0 device\ncd0: 33.300MB/s transfers (UDMA2, ATAPI 12bytes, PIO 65534bytes)\nSMP: AP CPU #8 Launched!\ncd0: Attempt to query device size failed: NOT READY, Medium not present -\ntray open\nSMP: AP CPU #10 Launched!\nSMP: AP CPU #11 Launched!\nSMP: AP CPU #9 Launched!\nSMP: AP CPU #12 Launched!\nSMP: AP CPU #13 Launched!\nSMP: AP CPU #15 Launched!\nSMP: AP CPU #14 Launched!\nSMP: AP CPU #6 Launched!\nSMP: AP CPU #1 Launched!\nSMP: AP CPU #3 Launched!\nSMP: AP CPU #2 Launched!\nSMP: AP CPU #7 Launched!\nSMP: AP CPU #5 Launched!\nSMP: AP CPU #4 Launched!\nTimecounter \"TSC-low\" frequency 9375202 Hz quality 1000\nTrying to mount root from ufs:/dev/da0p2 [rw]...\n\n\nroot@absolute:/root # pciconf -lv\nhostb0@pci0:0:0:0:      class=0x060000 card=0x31f2103c chip=0x36008086\nrev=0x01 hdr=0x00\n    vendor     = 'Intel Corporation'\n    device     = '7300 Chipset Memory Controller Hub'\n    class      = bridge\n    subclass   = HOST-PCI\npcib1@pci0:0:1:0:       class=0x060400 card=0x00008086 chip=0x36048086\nrev=0x01 hdr=0x01\n    vendor     = 'Intel Corporation'\n    device     = '7300 Chipset PCI Express Port 1'\n    class      = bridge\n    subclass   = PCI-PCI\npcib9@pci0:0:2:0:       class=0x060400 card=0x00008086 chip=0x36058086\nrev=0x01 hdr=0x01\n    vendor     = 'Intel Corporation'\n    device     = '7300 Chipset PCI Express Port 2'\n    class      = bridge\n    subclass   = PCI-PCI\npcib10@pci0:0:3:0:      class=0x060400 card=0x00008086 chip=0x36068086\nrev=0x01 hdr=0x01\n    vendor     = 'Intel Corporation'\n    device     = '7300 Chipset PCI Express Port 3'\n    class      = bridge\n    subclass   = PCI-PCI\npcib11@pci0:0:4:0:      class=0x060400 card=0x00008086 chip=0x36078086\nrev=0x01 hdr=0x01\n    vendor     = 'Intel Corporation'\n    device     = '7300 Chipset PCI Express Port 4'\n    class      = bridge\n    subclass   = PCI-PCI\npcib18@pci0:0:5:0:      class=0x060400 card=0x00008086 chip=0x36088086\nrev=0x01 hdr=0x01\n    vendor     = 'Intel Corporation'\n    device     = '7300 Chipset PCI Express Port 5'\n    class      = bridge\n    subclass   = PCI-PCI\npcib19@pci0:0:6:0:      class=0x060400 card=0x00008086 chip=0x36098086\nrev=0x01 hdr=0x01\n    vendor     = 'Intel Corporation'\n    device     = '7300 Chipset PCI Express Port 6'\n    class      = bridge\n    subclass   = PCI-PCI\npcib24@pci0:0:7:0:      class=0x060400 card=0x00008086 chip=0x360a8086\nrev=0x01 hdr=0x01\n    vendor     = 'Intel Corporation'\n    device     = '7300 Chipset PCI Express Port 7'\n    class      = bridge\n    subclass   = PCI-PCI\nhostb1@pci0:0:16:0:     class=0x060000 card=0x31f2103c chip=0x360c8086\nrev=0x01 hdr=0x00\n    vendor     = 'Intel Corporation'\n    device     = '7300 Chipset FSB Registers'\n    class      = bridge\n    subclass   = HOST-PCI\nhostb2@pci0:0:16:1:     class=0x060000 card=0x31f2103c chip=0x360c8086\nrev=0x01 hdr=0x00\n    vendor     = 'Intel Corporation'\n    device     = '7300 Chipset FSB Registers'\n    class      = bridge\n    subclass   = HOST-PCI\nhostb3@pci0:0:16:2:     class=0x060000 card=0x31f2103c chip=0x360c8086\nrev=0x01 hdr=0x00\n    vendor     = 'Intel Corporation'\n    device     = '7300 Chipset FSB Registers'\n    class      = bridge\n    subclass   = HOST-PCI\nhostb4@pci0:0:16:3:     class=0x060000 card=0x31f2103c chip=0x360c8086\nrev=0x01 hdr=0x00\n    vendor     = 'Intel Corporation'\n    device     = '7300 Chipset FSB Registers'\n    class      = bridge\n    subclass   = HOST-PCI\nhostb5@pci0:0:17:0:     class=0x060000 card=0x31f2103c chip=0x360d8086\nrev=0x01 hdr=0x00\n    vendor     = 'Intel Corporation'\n    device     = '7300 Chipset Snoop Filter Registers'\n    class      = bridge\n    subclass   = HOST-PCI\nhostb6@pci0:0:17:3:     class=0x060000 card=0x31f2103c chip=0x360d8086\nrev=0x01 hdr=0x00\n    vendor     = 'Intel Corporation'\n    device     = '7300 Chipset Snoop Filter Registers'\n    class      = bridge\n    subclass   = HOST-PCI\nhostb7@pci0:0:19:0:     class=0x060000 card=0x31f2103c chip=0x360e8086\nrev=0x01 hdr=0x00\n    vendor     = 'Intel Corporation'\n    device     = '7300 Chipset Debug and Miscellaneous Registers'\n    class      = bridge\n    subclass   = HOST-PCI\nhostb8@pci0:0:21:0:     class=0x060000 card=0x31f2103c chip=0x360f8086\nrev=0x01 hdr=0x00\n    vendor     = 'Intel Corporation'\n    device     = '7300 Chipset FBD Branch 0 Registers'\n    class      = bridge\n    subclass   = HOST-PCI\nhostb9@pci0:0:22:0:     class=0x060000 card=0x31f2103c chip=0x36108086\nrev=0x01 hdr=0x00\n    vendor     = 'Intel Corporation'\n    device     = '7300 Chipset FBD Branch 1 Registers'\n    class      = bridge\n    subclass   = HOST-PCI\npcib25@pci0:0:28:0:     class=0x060400 card=0x00000000 chip=0x26908086\nrev=0x09 hdr=0x01\n    vendor     = 'Intel Corporation'\n    device     = '631xESB/632xESB/3100 Chipset PCI Express Root Port 1'\n    class      = bridge\n    subclass   = PCI-PCI\nuhci0@pci0:0:29:0:      class=0x0c0300 card=0x31fe103c chip=0x26888086\nrev=0x09 hdr=0x00\n    vendor     = 'Intel Corporation'\n    device     = '631xESB/632xESB/3100 Chipset UHCI USB Controller'\n    class      = serial bus\n    subclass   = USB\nuhci1@pci0:0:29:1:      class=0x0c0300 card=0x31fe103c chip=0x26898086\nrev=0x09 hdr=0x00\n    vendor     = 'Intel Corporation'\n    device     = '631xESB/632xESB/3100 Chipset UHCI USB Controller'\n    class      = serial bus\n    subclass   = USB\nuhci2@pci0:0:29:2:      class=0x0c0300 card=0x31fe103c chip=0x268a8086\nrev=0x09 hdr=0x00\n    vendor     = 'Intel Corporation'\n    device     = '631xESB/632xESB/3100 Chipset UHCI USB Controller'\n    class      = serial bus\n    subclass   = USB\nuhci3@pci0:0:29:3:      class=0x0c0300 card=0x31fe103c chip=0x268b8086\nrev=0x09 hdr=0x00\n    vendor     = 'Intel Corporation'\n    device     = '631xESB/632xESB/3100 Chipset UHCI USB Controller'\n    class      = serial bus\n    subclass   = USB\nehci0@pci0:0:29:7:      class=0x0c0320 card=0x31fe103c chip=0x268c8086\nrev=0x09 hdr=0x00\n    vendor     = 'Intel Corporation'\n    device     = '631xESB/632xESB/3100 Chipset EHCI USB2 Controller'\n    class      = serial bus\n    subclass   = USB\npcib26@pci0:0:30:0:     class=0x060401 card=0x00000000 chip=0x244e8086\nrev=0xd9 hdr=0x01\n    vendor     = 'Intel Corporation'\n    device     = '82801 PCI Bridge'\n    class      = bridge\n    subclass   = PCI-PCI\nisab0@pci0:0:31:0:      class=0x060100 card=0x00000000 chip=0x26708086\nrev=0x09 hdr=0x00\n    vendor     = 'Intel Corporation'\n    device     = '631xESB/632xESB/3100 Chipset LPC Interface Controller'\n    class      = bridge\n    subclass   = PCI-ISA\natapci0@pci0:0:31:1:    class=0x01018a card=0x31fe103c chip=0x269e8086\nrev=0x09 hdr=0x00\n    vendor     = 'Intel Corporation'\n    device     = '631xESB/632xESB IDE Controller'\n    class      = mass storage\n    subclass   = ATA\npcib2@pci0:3:0:0:       class=0x060400 card=0x00000000 chip=0x35008086\nrev=0x01 hdr=0x01\n    vendor     = 'Intel Corporation'\n    device     = '6311ESB/6321ESB PCI Express Upstream Port'\n    class      = bridge\n    subclass   = PCI-PCI\npcib8@pci0:3:0:3:       class=0x060400 card=0x00000000 chip=0x350c8086\nrev=0x01 hdr=0x01\n    vendor     = 'Intel Corporation'\n    device     = '6311ESB/6321ESB PCI Express to PCI-X Bridge'\n    class      = bridge\n    subclass   = PCI-PCI\npcib3@pci0:4:0:0:       class=0x060400 card=0x00000000 chip=0x35108086\nrev=0x01 hdr=0x01\n    vendor     = 'Intel Corporation'\n    device     = '6311ESB/6321ESB PCI Express Downstream Port E1'\n    class      = bridge\n    subclass   = PCI-PCI\npcib5@pci0:4:1:0:       class=0x060400 card=0x00000000 chip=0x35148086\nrev=0x01 hdr=0x01\n    vendor     = 'Intel Corporation'\n    device     = '6311ESB/6321ESB PCI Express Downstream Port E2'\n    class      = bridge\n    subclass   = PCI-PCI\npcib7@pci0:4:2:0:       class=0x060400 card=0x00000000 chip=0x35188086\nrev=0x01 hdr=0x01\n    vendor     = 'Intel Corporation'\n    device     = '6311ESB/6321ESB PCI Express Downstream Port E3'\n    class      = bridge\n    subclass   = PCI-PCI\npcib4@pci0:5:0:0:       class=0x060400 card=0x00000000 chip=0x01031166\nrev=0xc3 hdr=0x01\n    vendor     = 'Broadcom'\n    device     = 'EPB PCI-Express to PCI-X Bridge'\n    class      = bridge\n    subclass   = PCI-PCI\nbce0@pci0:6:0:0:        class=0x020000 card=0x7038103c chip=0x164c14e4\nrev=0x12 hdr=0x00\n    vendor     = 'Broadcom Corporation'\n    device     = 'NetXtreme II BCM5708 Gigabit Ethernet'\n    class      = network\n    subclass   = ethernet\npcib6@pci0:7:0:0:       class=0x060400 card=0x00000000 chip=0x01031166\nrev=0xc3 hdr=0x01\n    vendor     = 'Broadcom'\n    device     = 'EPB PCI-Express to PCI-X Bridge'\n    class      = bridge\n    subclass   = PCI-PCI\nbce1@pci0:8:0:0:        class=0x020000 card=0x7038103c chip=0x164c14e4\nrev=0x12 hdr=0x00\n    vendor     = 'Broadcom Corporation'\n    device     = 'NetXtreme II BCM5708 Gigabit Ethernet'\n    class      = network\n    subclass   = ethernet\npcib12@pci0:23:0:0:     class=0x060400 card=0x853310b5 chip=0x853310b5\nrev=0xaa hdr=0x01\n    vendor     = 'PLX Technology, Inc.'\n    device     = 'PEX 8533 32-lane, 6-port PCI Express Switch'\n    class      = bridge\n    subclass   = PCI-PCI\npcib13@pci0:24:1:0:     class=0x060400 card=0x853310b5 chip=0x853310b5\nrev=0xaa hdr=0x01\n    vendor     = 'PLX Technology, Inc.'\n    device     = 'PEX 8533 32-lane, 6-port PCI Express Switch'\n    class      = bridge\n    subclass   = PCI-PCI\npcib14@pci0:24:2:0:     class=0x060400 card=0x853310b5 chip=0x853310b5\nrev=0xaa hdr=0x01\n    vendor     = 'PLX Technology, Inc.'\n    device     = 'PEX 8533 32-lane, 6-port PCI Express Switch'\n    class      = bridge\n    subclass   = PCI-PCI\npcib15@pci0:24:8:0:     class=0x060400 card=0x853310b5 chip=0x853310b5\nrev=0xaa hdr=0x01\n    vendor     = 'PLX Technology, Inc.'\n    device     = 'PEX 8533 32-lane, 6-port PCI Express Switch'\n    class      = bridge\n    subclass   = PCI-PCI\npcib16@pci0:24:9:0:     class=0x060400 card=0x853310b5 chip=0x853310b5\nrev=0xaa hdr=0x01\n    vendor     = 'PLX Technology, Inc.'\n    device     = 'PEX 8533 32-lane, 6-port PCI Express Switch'\n    class      = bridge\n    subclass   = PCI-PCI\npcib17@pci0:24:10:0:    class=0x060400 card=0x853310b5 chip=0x853310b5\nrev=0xaa hdr=0x01\n    vendor     = 'PLX Technology, Inc.'\n    device     = 'PEX 8533 32-lane, 6-port PCI Express Switch'\n    class      = bridge\n    subclass   = PCI-PCI\npcib20@pci0:11:0:0:     class=0x060400 card=0x853310b5 chip=0x853310b5\nrev=0xaa hdr=0x01\n    vendor     = 'PLX Technology, Inc.'\n    device     = 'PEX 8533 32-lane, 6-port PCI Express Switch'\n    class      = bridge\n    subclass   = PCI-PCI\npcib21@pci0:12:0:0:     class=0x060400 card=0x853310b5 chip=0x853310b5\nrev=0xaa hdr=0x01\n    vendor     = 'PLX Technology, Inc.'\n    device     = 'PEX 8533 32-lane, 6-port PCI Express Switch'\n    class      = bridge\n    subclass   = PCI-PCI\npcib22@pci0:12:1:0:     class=0x060400 card=0x853310b5 chip=0x853310b5\nrev=0xaa hdr=0x01\n    vendor     = 'PLX Technology, Inc.'\n    device     = 'PEX 8533 32-lane, 6-port PCI Express Switch'\n    class      = bridge\n    subclass   = PCI-PCI\npcib23@pci0:12:9:0:     class=0x060400 card=0x853310b5 chip=0x853310b5\nrev=0xaa hdr=0x01\n    vendor     = 'PLX Technology, Inc.'\n    device     = 'PEX 8533 32-lane, 6-port PCI Express Switch'\n    class      = bridge\n    subclass   = PCI-PCI\nciss0@pci0:2:0:0:       class=0x010400 card=0x3234103c chip=0x3230103c\nrev=0x03 hdr=0x00\n    vendor     = 'Hewlett-Packard Company'\n    device     = 'Smart Array Controller'\n    class      = mass storage\n    subclass   = RAID\nvgapci0@pci0:1:3:0:     class=0x030000 card=0x31fb103c chip=0x515e1002\nrev=0x02 hdr=0x00\n    vendor     = 'ATI Technologies Inc'\n    device     = 'ES1000'\n    class      = display\n    subclass   = VGA\nnone0@pci0:1:4:0:       class=0x088000 card=0x3305103c chip=0xb2030e11\nrev=0x03 hdr=0x00\n    vendor     = 'Compaq Computer Corporation'\n    device     = 'Integrated Lights Out Controller'\n    class      = base peripheral\nnone1@pci0:1:4:2:       class=0x088000 card=0x3305103c chip=0xb2040e11\nrev=0x03 hdr=0x00\n    vendor     = 'Compaq Computer Corporation'\n    device     = 'Integrated Lights Out  Processor'\n    class      = base peripheral\nuhci4@pci0:1:4:4:       class=0x0c0300 card=0x3305103c chip=0x3300103c\nrev=0x00 hdr=0x00\n    vendor     = 'Hewlett-Packard Company'\n    device     = 'Integrated Lights-Out Standard Virtual USB Controller'\n    class      = serial bus\n    subclass   = USB\nnone2@pci0:1:4:6:       class=0x0c0701 card=0x3305103c chip=0x3302103c\nrev=0x00 hdr=0x00\n    vendor     = 'Hewlett-Packard Company'\n    device     = 'Integrated Lights-Out Standard KCS Interface'\n    class      = serial bus\n\n\n\nroot@absolute:/root # dmidecode -s system-product-name\nProLiant DL580 G5\nroot@absolute:/root # dmidecode -s bios-version\nP61\nroot@absolute:/root # dmidecode -s bios-release-date\n05/02/2011\n\n\nroot@absolute:/root # sysctl -a vm.vmtotal\nvm.vmtotal:\nSystem wide totals computed every five seconds: (values in kilobytes)\n===============================================\nProcesses:              (RUNQ: 1 Disk Wait: 0 Page Wait: 0 Sleep: 24)\nVirtual Memory:         (Total: 1074456272K Active: 500772K)\nReal Memory:            (Total: 248440K Active: 24080K)\nShared Virtual Memory:  (Total: 22872K Active: 7708K)\nShared Real Memory:     (Total: 7472K Active: 6524K)\nFree Memory:    36208724K\n\n\n\nSo I did this all via freshly burnt copy of FreeBSD 9.1-RELEASE amd64 which\nI fetched from ftp-archive.freebsd.org\n\n\nAt this point I would reset the bios back to the factory defaults and see\nif the install works. Then test the box via the HP Insight manager to\nconfirm you do not have a broken server..\n\nLet us know how it works out.\n\n-- \nmark saad | nonesuch@longcount.org\n\n----- End forwarded message -----"
}