{
 "id": 350626,
 "bug_id": 103624,
 "attachment_id": 0,
 "creation_time": "2006-09-28T09:18:51Z",
 "creator": "jnlin@csie.nctu.edu.tw",
 "text": "It seems the OS has recognized the SATA Controller, but could not get\nthe hard disk.\n\ndmesg file below:\nCopyright (c) 1992-2006 The FreeBSD Project.\nCopyright (c) 1979, 1980, 1983, 1986, 1988, 1989, 1991, 1992, 1993, 1994\n\tThe Regents of the University of California. All rights reserved.\nFreeBSD 6.1-RELEASE #0: Sun May  7 04:32:43 UTC 2006\n    root@opus.cse.buffalo.edu:/usr/obj/usr/src/sys/GENERIC\nACPI APIC Table: \u003cDELL   PE745N  \u003e\nTimecounter \"i8254\" frequency 1193182 Hz quality 0\nCPU: Intel(R) Pentium(R) 4 CPU 3.00GHz (3000.12-MHz 686-class CPU)\n  Origin = \"GenuineIntel\"  Id = 0xf41  Stepping = 1\n  Features=0xbfebfbff\u003cFPU,VME,DE,PSE,TSC,MSR,PAE,MCE,CX8,APIC,SEP,MTRR,PGE,MCA,CMOV,PAT,PSE36,CLFLUSH,DTS,ACPI,MMX,FXSR,SSE,SSE2,SS,HTT,TM,PBE\u003e\n  Features2=0x441d\u003cSSE3,RSVD2,MON,DS_CPL,CNTX-ID,\u003cb14\u003e\u003e\n  Logical CPUs per core: 2\nreal memory  = 1073479680 (1023 MB)\navail memory = 1037357056 (989 MB)\nioapic0: Changing APIC ID to 2\nioapic1: Changing APIC ID to 3\nioapic0 \u003cVersion 2.0\u003e irqs 0-23 on motherboard\nioapic1 \u003cVersion 2.0\u003e irqs 24-47 on motherboard\nkbd1 at kbdmux0\nacpi0: \u003cDELL PE745N\u003e on motherboard\nacpi0: Power Button (fixed)\nTimecounter \"ACPI-fast\" frequency 3579545 Hz quality 1000\nacpi_timer0: \u003c24-bit timer at 3.579545MHz\u003e port 0x808-0x80b on acpi0\ncpu0: \u003cACPI CPU\u003e on acpi0\npcib0: \u003cACPI Host-PCI bridge\u003e port 0xcf8-0xcff on acpi0\npci0: \u003cACPI PCI bus\u003e on pcib0\npcib1: \u003cACPI PCI-PCI bridge\u003e at device 3.0 on pci0\npci1: \u003cACPI PCI bus\u003e on pcib1\nem0: \u003cIntel(R) PRO/1000 Network Connection Version - 3.2.18\u003e port\n0xece0-0xecff mem 0xfe3e0000-0xfe3fffff irq 18 at device 1.0 on pci1\nem0: Ethernet address: 00:11:43:cd:ab:98\npcib2: \u003cACPI PCI-PCI bridge\u003e at device 28.0 on pci0\npci2: \u003cACPI PCI bus\u003e on pcib2\natapci0: \u003cIntel 31244 SATA150 controller\u003e mem 0xfe1ff000-0xfe1fffff\nirq 25 at device 2.0 on pci2\nata2: \u003cATA channel 0\u003e on atapci0\nata3: \u003cATA channel 1\u003e on atapci0\nata4: \u003cATA channel 2\u003e on atapci0\nata5: \u003cATA channel 3\u003e on atapci0\nuhci0: \u003cUHCI (generic) USB controller\u003e port 0xbce0-0xbcff irq 16 at\ndevice 29.0 on pci0\nuhci0: [GIANT-LOCKED]\nusb0: \u003cUHCI (generic) USB controller\u003e on uhci0\nusb0: USB revision 1.0\nuhub0: Intel UHCI root hub, class 9/0, rev 1.00/1.00, addr 1\nuhub0: 2 ports with 2 removable, self powered\nuhci1: \u003cUHCI (generic) USB controller\u003e port 0xbcc0-0xbcdf irq 19 at\ndevice 29.1 on pci0\nuhci1: [GIANT-LOCKED]\nusb1: \u003cUHCI (generic) USB controller\u003e on uhci1\nusb1: USB revision 1.0\nuhub1: Intel UHCI root hub, class 9/0, rev 1.00/1.00, addr 1\nuhub1: 2 ports with 2 removable, self powered\npci0: \u003cbase peripheral\u003e at device 29.4 (no driver attached)\npci0: \u003cbase peripheral, interrupt controller\u003e at device 29.5 (no\ndriver attached)\nehci0: \u003cIntel 6300ESB USB 2.0 controller\u003e mem 0xfe500000-0xfe5003ff\nirq 23 at device 29.7 on pci0\nehci0: [GIANT-LOCKED]\nusb2: EHCI version 1.0\nusb2: companion controllers, 2 ports each: usb0 usb1\nusb2: \u003cIntel 6300ESB USB 2.0 controller\u003e on ehci0\nusb2: USB revision 2.0\nuhub2: Intel EHCI root hub, class 9/0, rev 2.00/1.00, addr 1\nuhub2: 4 ports with 4 removable, self powered\numass0: Myson Century, Inc. USB Mass Storage Device, rev 2.00/b0.08, addr 2\npcib3: \u003cACPI PCI-PCI bridge\u003e at device 30.0 on pci0\npci3: \u003cACPI PCI bus\u003e on pcib3\nem1: \u003cIntel(R) PRO/1000 Network Connection Version - 3.2.18\u003e port\n0xccc0-0xccff mem 0xfdee0000-0xfdefffff irq 21 at device 2.0 on pci3\nem1: Ethernet address: 00:11:43:cd:ab:99\npci3: \u003cdisplay, VGA\u003e at device 14.0 (no driver attached)\nisab0: \u003cPCI-ISA bridge\u003e at device 31.0 on pci0\nisa0: \u003cISA bus\u003e on isab0\npci0: \u003cserial bus, SMBus\u003e at device 31.3 (no driver attached)\nfdc0: \u003cfloppy drive controller\u003e port 0x3f0-0x3f5,0x3f7 irq 6 drq 2 on acpi0\nfdc0: does not respond\ndevice_attach: fdc0 attach returned 6\natkbdc0: \u003cKeyboard controller (i8042)\u003e port 0x60,0x64 irq 1 on acpi0\natkbd0: \u003cAT Keyboard\u003e irq 1 on atkbdc0\nkbd0 at atkbd0\natkbd0: [GIANT-LOCKED]\nsio0: \u003c16550A-compatible COM port\u003e port 0x3f8-0x3ff irq 4 flags 0x10 on acpi0\nsio0: type 16550A\nfdc0: \u003cfloppy drive controller\u003e port 0x3f0-0x3f5,0x3f7 irq 6 drq 2 on acpi0\nfdc0: does not respond\ndevice_attach: fdc0 attach returned 6\npmtimer0 on isa0\norm0: \u003cISA Option ROMs\u003e at iomem\n0xc0000-0xc7fff,0xc8000-0xc8fff,0xec000-0xeffff on isa0\nata0 at port 0x1f0-0x1f7,0x3f6 irq 14 on isa0\nata1 at port 0x170-0x177,0x376 irq 15 on isa0\nppc0: parallel port not found.\nsc0: \u003cSystem console\u003e at flags 0x100 on isa0\nsc0: VGA \u003c16 virtual consoles, flags=0x300\u003e\nsio1: configured irq 3 not in bitmap of probed irqs 0\nsio1: port may not be enabled\nvga0: \u003cGeneric ISA VGA\u003e at port 0x3c0-0x3df iomem 0xa0000-0xbffff on isa0\nTimecounter \"TSC\" frequency 3000118762 Hz quality 800\nTimecounters tick every 1.000 msec\nmd0: Preloaded image \u003c/boot/mfsroot\u003e 4423680 bytes at 0xc0a91928\ncd0 at umass-sim0 bus 0 target 0 lun 0\ncd0: \u003cASUS DVD-E616P2 1.03\u003e Removable CD-ROM SCSI-0 device\ncd0: 40.000MB/s transfers\ncd0: cd present [258684 x 2048 byte records]\n(cd0:umass-sim0:0:0:0): READ(10). CDB: 28 0 0 0 0 0 0 0 1 0\n(cd0:umass-sim0:0:0:0): CAM Status: SCSI Status Error\n(cd0:umass-sim0:0:0:0): SCSI Status: Check Condition\n(cd0:umass-sim0:0:0:0): MEDIUM ERROR asc:11,5\n(cd0:umass-sim0:0:0:0): L-EC uncorrectable error\n(cd0:umass-sim0:0:0:0): Retrying Command (per Sense Data)\n(cd0:umass-sim0:0:0:0): READ(10). CDB: 28 0 0 0 0 0 0 0 1 0\n(cd0:umass-sim0:0:0:0): CAM Status: SCSI Status Error\n(cd0:umass-sim0:0:0:0): SCSI Status: Check Condition\n(cd0:umass-sim0:0:0:0): MEDIUM ERROR asc:11,5\n(cd0:umass-sim0:0:0:0): L-EC uncorrectable error\n(cd0:umass-sim0:0:0:0): Retrying Command (per Sense Data)\n\npciconf -lv:\nhostb0@pci0:0:0:\tclass=0x060000 card=0x00000000 chip=0x25788086\nrev=0x02 hdr=0x00\n    class    = bridge\n    subclass = HOST-PCI\npcib1@pci0:3:0:\tclass=0x060400 card=0x00000000 chip=0x257b8086 rev=0x02 hdr=0x01\n    class    = bridge\n    subclass = PCI-PCI\npcib2@pci0:28:0:\tclass=0x060400 card=0x00000050 chip=0x25ae8086\nrev=0x02 hdr=0x01\n    class    = bridge\n    subclass = PCI-PCI\nuhci0@pci0:29:0:\tclass=0x0c0300 card=0x01661028 chip=0x25a98086\nrev=0x02 hdr=0x00\n    class    = serial bus\n    subclass = USB\nuhci1@pci0:29:1:\tclass=0x0c0300 card=0x01661028 chip=0x25aa8086\nrev=0x02 hdr=0x00\n    class    = serial bus\n    subclass = USB\nnone0@pci0:29:4:\tclass=0x088000 card=0x01661028 chip=0x25ab8086\nrev=0x02 hdr=0x00\n    class    = base peripheral\nnone1@pci0:29:5:\tclass=0x080020 card=0x01661028 chip=0x25ac8086\nrev=0x02 hdr=0x00\n    class    = base peripheral\n    subclass = interrupt controller\nehci0@pci0:29:7:\tclass=0x0c0320 card=0x01661028 chip=0x25ad8086\nrev=0x02 hdr=0x00\n    class    = serial bus\n    subclass = USB\npcib3@pci0:30:0:\tclass=0x060400 card=0x00000000 chip=0x244e8086\nrev=0x0a hdr=0x01\n    class    = bridge\n    subclass = PCI-PCI\nisab0@pci0:31:0:\tclass=0x060100 card=0x00000000 chip=0x25a18086\nrev=0x02 hdr=0x00\n    class    = bridge\n    subclass = PCI-ISA\nnone2@pci0:31:3:\tclass=0x0c0500 card=0x01661028 chip=0x25a48086\nrev=0x02 hdr=0x00\n    class    = serial bus\n    subclass = SMBus\nem0@pci1:1:0:\tclass=0x020000 card=0x01651028 chip=0x10758086 rev=0x00 hdr=0x00\n    class    = network\n    subclass = ethernet\natapci0@pci2:2:0:\tclass=0x010600 card=0x01661028 chip=0x32008086\nrev=0x00 hdr=0x00\n    class    = mass storage\nem1@pci3:2:0:\tclass=0x020000 card=0x01651028 chip=0x10768086 rev=0x00 hdr=0x00\n    class    = network\n    subclass = ethernet\nnone3@pci3:14:0:\tclass=0x030000 card=0x01661028 chip=0x47521002\nrev=0x27 hdr=0x00\n    class    = display\n    subclass = VGA\n\nTrying to mount root from ufs:/dev/md0"
}