{
 "id": 919251,
 "bug_id": 216564,
 "attachment_id": 0,
 "creation_time": "2017-01-30T11:25:08Z",
 "creator": "vermaden@interia.pl",
 "text": "(In reply to Hans Petter Selasky from comment #3)\n\n\u003e Can you show dmesg?\n\nHere.\n\n12:22|w530|vermaden ~ % dmesg\nCopyright (c) 1992-2016 The FreeBSD Project.\nCopyright (c) 1979, 1980, 1983, 1986, 1988, 1989, 1991, 1992, 1993, 1994\n        The Regents of the University of California. All rights reserved.\nFreeBSD is a registered trademark of The FreeBSD Foundation.\nFreeBSD 10.3-RELEASE-p11 #0: Mon Oct 24 18:49:24 UTC 2016\n    root@amd64-builder.daemonology.net:/usr/obj/usr/src/sys/GENERIC amd64\nFreeBSD clang version 3.4.1 (tags/RELEASE_34/dot1-final 208032) 20140512\nCPU: Intel(R) Core(TM) i7-3630QM CPU @ 2.40GHz (2394.61-MHz K8-class CPU)\n  Origin=\"GenuineIntel\"  Id=0x306a9  Family=0x6  Model=0x3a  Stepping=9\n  Features=0xbfebfbff\u003cFPU,VME,DE,PSE,TSC,MSR,PAE,MCE,CX8,APIC,SEP,MTRR,PGE,MCA,CMOV,PAT,PSE36,CLFLUSH,DTS,ACPI,MMX,FXSR,SSE,SSE2,SS,HTT,TM,PBE\u003e\n  Features2=0x7fbae3bf\u003cSSE3,PCLMULQDQ,DTES64,MON,DS_CPL,VMX,EST,TM2,SSSE3,CX16,xTPR,PDCM,PCID,SSE4.1,SSE4.2,x2APIC,POPCNT,TSCDLT,AESNI,XSAVE,OSXSAVE,AVX,F16C,RDRAND\u003e\n  AMD Features=0x28100800\u003cSYSCALL,NX,RDTSCP,LM\u003e\n  AMD Features2=0x1\u003cLAHF\u003e\n  Structured Extended Features=0x281\u003cFSGSBASE,SMEP,ERMS\u003e\n  XSAVE Features=0x1\u003cXSAVEOPT\u003e\n  VT-x: PAT,HLT,MTF,PAUSE,EPT,UG,VPID\n  TSC: P-state invariant, performance statistics\nreal memory  = 17179869184 (16384 MB)\navail memory = 16215502848 (15464 MB)\nEvent timer \"LAPIC\" quality 600\nACPI APIC Table: \u003cLENOVO TP-G5   \u003e\nFreeBSD/SMP: Multiprocessor System Detected: 4 CPUs\nFreeBSD/SMP: 1 package(s) x 4 core(s)\n cpu0 (BSP): APIC ID:  0\n cpu1 (AP): APIC ID:  2\n cpu2 (AP): APIC ID:  4\n cpu3 (AP): APIC ID:  6\nrandom: \u003cSoftware, Yarrow\u003e initialized\nioapic0 \u003cVersion 2.0\u003e irqs 0-23 on motherboard\nkbd1 at kbdmux0\ncryptosoft0: \u003csoftware crypto\u003e on motherboard\nacpi0: \u003cLENOVO TP-G5\u003e on motherboard\nacpi_ec0: \u003cEmbedded Controller: GPE 0x11, ECDT\u003e port 0x62,0x66 on acpi0\nacpi0: Power Button (fixed)\ncpu0: \u003cACPI CPU\u003e on acpi0\ncpu1: \u003cACPI CPU\u003e on acpi0\ncpu2: \u003cACPI CPU\u003e on acpi0\ncpu3: \u003cACPI CPU\u003e on acpi0\nattimer0: \u003cAT timer\u003e port 0x40-0x43 irq 0 on acpi0\nTimecounter \"i8254\" frequency 1193182 Hz quality 0\nEvent timer \"i8254\" frequency 1193182 Hz quality 100\nhpet0: \u003cHigh Precision Event Timer\u003e iomem 0xfed00000-0xfed003ff on acpi0\nTimecounter \"HPET\" frequency 14318180 Hz quality 950\nEvent timer \"HPET\" frequency 14318180 Hz quality 550\nEvent timer \"HPET1\" frequency 14318180 Hz quality 440\nEvent timer \"HPET2\" frequency 14318180 Hz quality 440\nEvent timer \"HPET3\" frequency 14318180 Hz quality 440\nEvent timer \"HPET4\" frequency 14318180 Hz quality 440\natrtc0: \u003cAT realtime clock\u003e port 0x70-0x71 irq 8 on acpi0\nEvent timer \"RTC\" frequency 32768 Hz quality 0\nTimecounter \"ACPI-fast\" frequency 3579545 Hz quality 900\nacpi_timer0: \u003c24-bit timer at 3.579545MHz\u003e port 0x408-0x40b on acpi0\nacpi_lid0: \u003cControl Method Lid Switch\u003e on acpi0\nacpi_button0: \u003cSleep Button\u003e on acpi0\npcib0: \u003cACPI Host-PCI bridge\u003e port 0xcf8-0xcff on acpi0\npci0: \u003cACPI PCI bus\u003e on pcib0\npcib1: \u003cACPI PCI-PCI bridge\u003e irq 16 at device 1.0 on pci0\npci1: \u003cACPI PCI bus\u003e on pcib1\nvgapci0: \u003cVGA-compatible display\u003e port 0x5000-0x507f mem 0xf2000000-0xf2ffffff,0xe0000000-0xefffffff,0xf0000000-0xf1ffffff irq 16 at device 0.0 on pci1\nvgapci0: Boot video device\nhdac0: \u003cNVIDIA (0x0e1b) HDA Controller\u003e mem 0xf3000000-0xf3003fff irq 17 at device 0.1 on pci1\nxhci0: \u003cIntel Panther Point USB 3.0 controller\u003e mem 0xf5320000-0xf532ffff irq 16 at device 20.0 on pci0\nxhci0: 32 bytes context size, 64-bit DMA\nxhci0: Port routing mask set to 0xffffffff\nusbus0 on xhci0\npci0: \u003csimple comms\u003e at device 22.0 (no driver attached)\nem0: \u003cIntel(R) PRO/1000 Network Connection 7.6.1-k\u003e port 0x6040-0x605f mem 0xf5300000-0xf531ffff,0xf533b000-0xf533bfff irq 20 at device 25.0 on pci0\nem0: Using an MSI interrupt\nem0: Ethernet address: \u003cMAC\u003e\nehci0: \u003cIntel Panther Point USB 2.0 controller\u003e mem 0xf533a000-0xf533a3ff irq 16 at device 26.0 on pci0\nusbus1: EHCI version 1.0\nusbus1 on ehci0\nhdac1: \u003cIntel Panther Point HDA Controller\u003e mem 0xf5330000-0xf5333fff irq 22 at device 27.0 on pci0\npcib2: \u003cACPI PCI-PCI bridge\u003e irq 16 at device 28.0 on pci0\npci2: \u003cACPI PCI bus\u003e on pcib2\nsdhci_pci0: \u003cRICOH R5CE822 SD\u003e mem 0xf4a01000-0xf4a010ff irq 16 at device 0.0 on pci2\nsdhci_pci0: 1 slot(s) allocated\nmmc0: \u003cMMC/SD bus\u003e on sdhci_pci0\npci2: \u003cserial bus, FireWire\u003e at device 0.3 (no driver attached)\npcib3: \u003cACPI PCI-PCI bridge\u003e irq 17 at device 28.1 on pci0\npci3: \u003cACPI PCI bus\u003e on pcib3\niwn0: \u003cIntel Centrino Ultimate-N 6300\u003e mem 0xf4900000-0xf4901fff irq 17 at device 0.0 on pci3\npcib4: \u003cACPI PCI-PCI bridge\u003e irq 18 at device 28.2 on pci0\npci4: \u003cACPI PCI bus\u003e on pcib4\nehci1: \u003cIntel Panther Point USB 2.0 controller\u003e mem 0xf5339000-0xf53393ff irq 23 at device 29.0 on pci0\nusbus2: EHCI version 1.0\nusbus2 on ehci1\nisab0: \u003cPCI-ISA bridge\u003e at device 31.0 on pci0\nisa0: \u003cISA bus\u003e on isab0\nahci0: \u003cIntel Panther Point AHCI SATA controller\u003e port 0x6068-0x606f,0x6074-0x6077,0x6060-0x6067,0x6070-0x6073,0x6020-0x603f mem 0xf5338000-0xf53387ff irq 19 at device 31.2 on pci0\nahci0: AHCI v1.30 with 6 6Gbps ports, Port Multiplier not supported\nahcich0: \u003cAHCI channel\u003e at channel 0 on ahci0\nahcich1: \u003cAHCI channel\u003e at channel 1 on ahci0\nahcich4: \u003cAHCI channel\u003e at channel 4 on ahci0\nahciem0: \u003cAHCI enclosure management bridge\u003e on ahci0\nacpi_tz0: \u003cThermal Zone\u003e on acpi0\natkbdc0: \u003cKeyboard controller (i8042)\u003e port 0x60,0x64 irq 1 on acpi0\natkbd0: \u003cAT Keyboard\u003e irq 1 on atkbdc0\nkbd0 at atkbd0\natkbd0: [GIANT-LOCKED]\npsm0: \u003cPS/2 Mouse\u003e irq 12 on atkbdc0\npsm0: [GIANT-LOCKED]\npsm0: model Generic PS/2 mouse, device ID 0\nbattery0: \u003cACPI Control Method Battery\u003e on acpi0\nacpi_acad0: \u003cAC Adapter\u003e on acpi0\nsc0: \u003cSystem console\u003e at flags 0x100 on isa0\nsc0: VGA \u003c16 virtual consoles, flags=0x300\u003e\nvga0: \u003cGeneric ISA VGA\u003e at port 0x3c0-0x3df iomem 0xa0000-0xbffff on isa0\nppc0: cannot reserve I/O port range\nest0: \u003cEnhanced SpeedStep Frequency Control\u003e on cpu0\nest1: \u003cEnhanced SpeedStep Frequency Control\u003e on cpu1\nest2: \u003cEnhanced SpeedStep Frequency Control\u003e on cpu2\nest3: \u003cEnhanced SpeedStep Frequency Control\u003e on cpu3\nZFS filesystem version: 5\nZFS storage pool version: features support (5000)\nTimecounters tick every 10.000 msec\nhdacc0: \u003cNVIDIA (0x0042) HDA CODEC\u003e at cad 0 on hdac0\nhdaa0: \u003cNVIDIA (0x0042) Audio Function Group\u003e at nid 1 on hdacc0\npcm0: \u003cNVIDIA (0x0042) (HDMI/DP 8ch)\u003e at nid 5 on hdaa0\npcm1: \u003cNVIDIA (0x0042) (HDMI/DP 8ch)\u003e at nid 6 on hdaa0\npcm2: \u003cNVIDIA (0x0042) (HDMI/DP 8ch)\u003e at nid 7 on hdaa0\nhdacc1: \u003cRealtek ALC269 HDA CODEC\u003e at cad 0 on hdac1\nhdaa1: \u003cRealtek ALC269 Audio Function Group\u003e at nid 1 on hdacc1\npcm3: \u003cRealtek ALC269 (Analog 2.0+HP/2.0)\u003e at nid 20,21 and 24 on hdaa1\npcm4: \u003cRealtek ALC269 (Internal Analog Mic)\u003e at nid 18 on hdaa1\nrandom: unblocking device.\nusbus0: 5.0Gbps Super Speed USB v3.0\nusbus1: 480Mbps High Speed USB v2.0\nusbus2: 480Mbps High Speed USB v2.0\nugen2.1: \u003cIntel\u003e at usbus2\nuhub0: \u003cIntel EHCI root HUB, class 9/0, rev 2.00/1.00, addr 1\u003e on usbus2\nugen1.1: \u003cIntel\u003e at usbus1\nuhub1: \u003cIntel EHCI root HUB, class 9/0, rev 2.00/1.00, addr 1\u003e on usbus1\nugen0.1: \u003c0x8086\u003e at usbus0\nuhub2: \u003c0x8086 XHCI root HUB, class 9/0, rev 3.00/1.00, addr 1\u003e on usbus0\nses0 at ahciem0 bus 0 scbus3 target 0 lun 0\nses0: \u003cAHCI SGPIO Enclosure 1.00 0001\u003e SEMB S-E-S 2.00 device\nses0: SEMB SES Device\nada0 at ahcich0 bus 0 scbus0 target 0 lun 0\nada0: \u003cSAMSUNG MZ7TD256HAFV-000L7 DXT04L6Q\u003e ACS-2 ATA SATA 3.x device\nada0: Serial Number \u003cSN\u003e\nada0: 600.000MB/s transfers (SATA 3.x, UDMA6, PIO 512bytes)\nada0: Command Queueing enabled\nada0: 244198MB (500118192 512 byte sectors)\nada0: Previously was known as ad4\nada1 at ahcich1 bus 0 scbus1 target 0 lun 0\nada1: \u003cST1000LM024 HN-M101MBB 2AR10001\u003e ATA8-ACS SATA 2.x device\nada1: Serial Number \u003cSN\u003e\nada1: 300.000MB/s transfers (SATA 2.x, UDMA5, PIO 8192bytes)\nada1: Command Queueing enabled\nada1: 953869MB (1953525168 512 byte sectors)\nada1: Previously was known as ad6\nmmcsd0: 16GB \u003cSDHC SE16G 8.0 SN \u003cSN\u003e MFG 04/2014 by 3 SD\u003e at mmc0 50.0MHz/4bit/65535-block\nSMP: AP CPU #2 Launched!\nSMP: AP CPU #1 Launched!\nSMP: AP CPU #3 Launched!\nTimecounter \"TSC-low\" frequency 1197306622 Hz quality 1000\nuhub2: 8 ports with 8 removable, self powered\nugen0.2: \u003cLenovo\u003e at usbus0\nuhub1: 3 ports with 3 removable, self powered\nuhub0: 3 ports with 3 removable, self powered\nugen2.2: \u003cvendor 0x8087\u003e at usbus2\nuhub3: \u003cvendor 0x8087 product 0x0024, class 9/0, rev 2.00/0.00, addr 2\u003e on usbus2\nugen1.2: \u003cvendor 0x8087\u003e at usbus1\nuhub4: \u003cvendor 0x8087 product 0x0024, class 9/0, rev 2.00/0.00, addr 2\u003e on usbus1\nuhub4: 6 ports with 6 removable, self powered\nGEOM_ELI: Device ada0p3.eli created.\nGEOM_ELI: Encryption: AES-CBC 128\nGEOM_ELI:     Crypto: software\nuhub3: 8 ports with 8 removable, self powered\nRoot mount waiting for: usbus2 usbus1\nugen1.3: \u003cAuth\u003e at usbus1\nugen2.3: \u003cvendor 0x17ef\u003e at usbus2\nukbd0: \u003cvendor 0x17ef Lenovo USB Receiver, class 0/0, rev 2.00/1.22, addr 3\u003e on usbus2\nkbd2 at ukbd0\nugen1.4: \u003cBroadcom Corp\u003e at usbus1\nRoot mount waiting for: usbus2 usbus1\nugen2.4: \u003cvendor 0x0765\u003e at usbus2\nugen1.5: \u003cRicoh Company Ltd.\u003e at usbus1\nTrying to mount root from zfs:sys/ROOT/release.10.3 []...\nnvidia0: \u003cQuadro K2000M\u003e on vgapci0\nvgapci0: child nvidia0 requested pci_enable_io\nvgapci0: child nvidia0 requested pci_enable_io\naesni0: \u003cAES-CBC,AES-XTS\u003e on motherboard\nfuse-freebsd: version 0.4.4, FUSE ABI 7.8\ncoretemp0: \u003cCPU On-Die Thermal Sensors\u003e on cpu0\ncoretemp1: \u003cCPU On-Die Thermal Sensors\u003e on cpu1\ncoretemp2: \u003cCPU On-Die Thermal Sensors\u003e on cpu2\ncoretemp3: \u003cCPU On-Die Thermal Sensors\u003e on cpu3\nCuse4BSD v0.1.36 @ /dev/cuse\nwlan0: Ethernet address: \u003cMAC\u003e\numodem0: \u003cH5321 gw Mobile Broadband Modem\u003e on usbus0\numodem0: data interface 2, has CM over data, has break\numodem1: \u003cH5321 gw Mobile Broadband Data Modem\u003e on usbus0\numodem1: data interface 4, has CM over data, has break\numodem2: \u003cH5321 gw Mobile Broadband GPS Port\u003e on usbus0\numodem2: data interface 10, has CM over data, has break\ncdce0: \u003cEricsson H5321 gw\u003e on usbus0\nue0: \u003cUSB Ethernet\u003e on cdce0\nue0: Ethernet address: \u003cMAC\u003e\nums0: \u003cvendor 0x17ef Lenovo USB Receiver, class 0/0, rev 2.00/1.22, addr 3\u003e on usbus2\nums0: 5 buttons and [XYZT] coordinates ID=0\nuhid0: \u003cvendor 0x17ef Lenovo USB Receiver, class 0/0, rev 2.00/1.22, addr 3\u003e on usbus2\nubt0: \u003cBroadcom Corp BCM20702A0, rev 2.00/1.12, addr 4\u003e on usbus1\nuhid1: \u003cvendor 0x0765 product 0x5010, class 0/0, rev 2.00/0.00, addr 4\u003e on usbus2\nWARNING: attempt to domain_add(bluetooth) after domainfinalize()\nWARNING: attempt to domain_add(netgraph) after domainfinalize()\nACPI Warning: \\134_SB_.PCI0.PEG_.VID_._DSM: Argument #4 type mismatch - Found [Buffer], ACPI requires [Package] (20150515/nsarguments-97)\nACPI Warning: \\134_SB_.PCI0.PEG_.VID_._DSM: Argument #4 type mismatch - Found [Buffer], ACPI requires [Package] (20150515/nsarguments-97)\nACPI Warning: \\134_SB_.PCI0.PEG_.VID_._DSM: Argument #4 type mismatch - Found [Buffer], ACPI requires [Package] (20150515/nsarguments-97)\nACPI Warning: \\134_SB_.PCI0.PEG_.VID_._DSM: Argument #4 type mismatch - Found [Buffer], ACPI requires [Package] (20150515/nsarguments-97)\nACPI Warning: \\134_SB_.PCI0.PEG_.VID_._DSM: Argument #4 type mismatch - Found [Buffer], ACPI requires [Package] (20150515/nsarguments-97)\nACPI Warning: \\134_SB_.PCI0.PEG_.VID_._DSM: Argument #4 type mismatch - Found [Buffer], ACPI requires [Package] (20150515/nsarguments-97)\nACPI Warning: \\134_SB_.PCI0.PEG_.VID_._DSM: Argument #4 type mismatch - Found [Buffer], ACPI requires [Package] (20150515/nsarguments-97)\nACPI Warning: \\134_SB_.PCI0.PEG_.VID_._DSM: Argument #4 type mismatch - Found [Buffer], ACPI requires [Package] (20150515/nsarguments-97)\nACPI Error: Field [TBF3] at 389120 exceeds Buffer [NULL] size 368640 (bits) (20150515/dsopcode-247)\nACPI Error: Method parse/execution failed [\\134_SB_.PCI0.PEG_.VID_.GETB] (Node 0xfffff800084fa300), AE_AML_BUFFER_LIMIT (20150515/psparse-552)\nACPI Error: Method parse/execution failed [\\134_SB_.PCI0.PEG_.VID_._ROM] (Node 0xfffff800084fa340), AE_AML_BUFFER_LIMIT (20150515/psparse-552)\nACPI Warning: \\134_SB_.PCI0.PEG_.VID_._DSM: Argument #4 type mismatch - Found [Buffer], ACPI requires [Package] (20150515/nsarguments-97)\nACPI Warning: \\134_SB_.PCI0.PEG_.VID_._DSM: Argument #4 type mismatch - Found [Buffer], ACPI requires [Package] (20150515/nsarguments-97)\nwlan0: link state changed to UP\nvboxnet0: Ethernet address: \u003cMAC\u003e\nvboxdrv: ffffffff8290e020 VMMR0.r0\nvboxdrv: ffffffff82a0b020 VBoxDDR0.r0\nmmc0: detached\nmmc0: \u003cMMC/SD bus\u003e on sdhci_pci0\nmmc0: No compatible cards found on bus\nmmc0: detached\nmmc0: \u003cMMC/SD bus\u003e on sdhci_pci0\nmmcsd0: 64GB \u003cSDHC SL64G 8.0 SN \u003cSN\u003e MFG 11/2015 by 3 SD\u003e at mmc0 50.0MHz/4bit/65535-block\npid 16356 (caja), uid 1000: exited on signal 6\nmmc0: detached\npid 82791 (rawtherapee), uid 1000: exited on signal 6\npid 84891 (rawtherapee), uid 1000: exited on signal 6\niwn0: iwn_intr: fatal firmware error\nfirmware error log:\n  error type      = \"NMI_INTERRUPT_WDG\" (0x00000004)\n  program counter = 0x000006B4\n  source line     = 0x0001C560\n  error data      = 0x0000000202230000\n  branch link     = 0x0000067A0000071A\n  interrupt link  = 0x0000153200006874\n  time            = 4151907338\ndriver status:\n  tx ring  0: qid=0  cur=177 queued=0  \n  tx ring  1: qid=1  cur=0   queued=0  \n  tx ring  2: qid=2  cur=0   queued=0  \n  tx ring  3: qid=3  cur=10  queued=0  \n  tx ring  4: qid=4  cur=205 queued=0  \n  tx ring  5: qid=5  cur=0   queued=0  \n  tx ring  6: qid=6  cur=0   queued=0  \n  tx ring  7: qid=7  cur=0   queued=0  \n  tx ring  8: qid=8  cur=0   queued=0  \n  tx ring  9: qid=9  cur=0   queued=0  \n  tx ring 10: qid=10 cur=242 queued=1  \n  tx ring 11: qid=11 cur=0   queued=0  \n  tx ring 12: qid=12 cur=0   queued=0  \n  tx ring 13: qid=13 cur=0   queued=0  \n  tx ring 14: qid=14 cur=0   queued=0  \n  tx ring 15: qid=15 cur=0   queued=0  \n  tx ring 16: qid=16 cur=0   queued=0  \n  tx ring 17: qid=17 cur=0   queued=0  \n  tx ring 18: qid=18 cur=0   queued=0  \n  tx ring 19: qid=19 cur=0   queued=0  \n  rx ring: cur=24\nifa_del_loopback_route: deletion failed: 48\nwlan0: link state changed to DOWN\nwlan0: Ethernet address: \u003cMAC\u003e\nwlan0: link state changed to UP\niwn0: null_update_chw: need callback\niwn0: null_update_chw: need callback\nCPU0: local APIC error 0x80\niwn0: null_update_chw: need callback\niwn0: null_update_chw: need callback\niwn0: null_update_chw: need callback\niwn0: null_update_chw: need callback\niwn0: null_update_chw: need callback\niwn0: null_update_chw: need callback\niwn0: null_update_chw: need callback\niwn0: null_update_chw: need callback\niwn0: null_update_chw: need callback\niwn0: null_update_chw: need callback\nCPU0: local APIC error 0x80\npid 27163 (rawtherapee), uid 1000: exited on signal 6\npid 6323 (rawtherapee), uid 1000: exited on signal 6\npid 79142 (rawtherapee), uid 1000: exited on signal 6\nCPU0: local APIC error 0x80\nuhub2: at usbus0, port 1, addr 1 (disconnected)\nugen0.2: \u003cLenovo\u003e at usbus0 (disconnected)\numodem0: at uhub2, port 4, addr 1 (disconnected)\numodem1: at uhub2, port 4, addr 1 (disconnected)\ncdce0: at uhub2, port 4, addr 1 (disconnected)\numodem2: at uhub2, port 4, addr 1 (disconnected)\nuhub1: at usbus1, port 1, addr 1 (disconnected)\nugen1.2: \u003cvendor 0x8087\u003e at usbus1 (disconnected)\nuhub4: at uhub1, port 1, addr 2 (disconnected)\nugen1.3: \u003cAuth\u003e at usbus1 (disconnected)\nugen1.4: \u003cBroadcom Corp\u003e at usbus1 (disconnected)\nubt0: at uhub4, port 4, addr 4 (disconnected)\nugen1.5: \u003cRicoh Company Ltd.\u003e at usbus1 (disconnected)\nwlan0: link state changed to DOWN\nuhub0: at usbus2, port 1, addr 1 (disconnected)\nugen2.2: \u003cvendor 0x8087\u003e at usbus2 (disconnected)\nuhub3: at uhub0, port 1, addr 2 (disconnected)\nugen2.3: \u003cvendor 0x17ef\u003e at usbus2 (disconnected)\nukbd0: at uhub3, port 5, addr 3 (disconnected)\nums0: at uhub3, port 5, addr 3 (disconnected)\nuhid0: at uhub3, port 5, addr 3 (disconnected)\nugen2.4: \u003cvendor 0x0765\u003e at usbus2 (disconnected)\nuhid1: at uhub3, port 7, addr 4 (disconnected)\nacpi0: cleared fixed power button status\nuhub0: \u003cIntel EHCI root HUB, class 9/0, rev 2.00/1.00, addr 1\u003e on usbus1\nuhub1: \u003cIntel EHCI root HUB, class 9/0, rev 2.00/1.00, addr 1\u003e on usbus2\nxhci0: Port routing mask set to 0xffffffff\nuhub2: \u003c0x8086 XHCI root HUB, class 9/0, rev 3.00/1.00, addr 1\u003e on usbus0\nem0: link state changed to UP\nuhub2: 8 ports with 8 removable, self powered\nuhub0: 3 ports with 3 removable, self powered\nuhub1: 3 ports with 3 removable, self powered\nugen0.2: \u003cLenovo\u003e at usbus0\numodem0: \u003cH5321 gw Mobile Broadband Modem\u003e on usbus0\numodem0: data interface 2, has CM over data, has break\numodem1: \u003cH5321 gw Mobile Broadband Data Modem\u003e on usbus0\numodem1: data interface 4, has CM over data, has break\ncdce0: \u003cEricsson H5321 gw\u003e on usbus0\nue0: \u003cUSB Ethernet\u003e on cdce0\nue0: Ethernet address: \u003cMAC\u003e\numodem2: \u003cH5321 gw Mobile Broadband GPS Port\u003e on usbus0\numodem2: data interface 10, has CM over data, has break\nugen1.2: \u003cvendor 0x8087\u003e at usbus1\nuhub3: \u003cvendor 0x8087 product 0x0024, class 9/0, rev 2.00/0.00, addr 2\u003e on usbus1\nugen2.2: \u003cvendor 0x8087\u003e at usbus2\nuhub4: \u003cvendor 0x8087 product 0x0024, class 9/0, rev 2.00/0.00, addr 2\u003e on usbus2\nuhub3: 6 ports with 6 removable, self powered\nuhub4: 8 ports with 8 removable, self powered\nugen1.3: \u003cAuth\u003e at usbus1\nugen2.3: \u003cvendor 0x17ef\u003e at usbus2\nukbd0: \u003cvendor 0x17ef Lenovo USB Receiver, class 0/0, rev 2.00/1.22, addr 3\u003e on usbus2\nkbd2 at ukbd0\nums0: \u003cvendor 0x17ef Lenovo USB Receiver, class 0/0, rev 2.00/1.22, addr 3\u003e on usbus2\nums0: 5 buttons and [XYZT] coordinates ID=0\nuhid0: \u003cvendor 0x17ef Lenovo USB Receiver, class 0/0, rev 2.00/1.22, addr 3\u003e on usbus2\nugen1.4: \u003cBroadcom Corp\u003e at usbus1\nubt0: \u003cBroadcom Corp BCM20702A0, rev 2.00/1.12, addr 4\u003e on usbus1\nugen2.4: \u003cvendor 0x0765\u003e at usbus2\nuhid1: \u003cvendor 0x0765 product 0x5010, class 0/0, rev 2.00/0.00, addr 4\u003e on usbus2\nugen1.5: \u003cRicoh Company Ltd.\u003e at usbus1\nugen2.5: \u003cvendor 0x17ef\u003e at usbus2\nuhub5: \u003cvendor 0x17ef product 0x100a, class 9/0, rev 2.00/0.00, addr 5\u003e on usbus2\nuhub5: MTT enabled\nuhub5: 7 ports with 7 removable, self powered\nugen2.6: \u003cvendor 0x0424\u003e at usbus2\nuhub6: \u003cvendor 0x0424 product 0x2514, class 9/0, rev 2.00/b.b3, addr 6\u003e on usbus2\nuhub6: MTT enabled\nuhub6: 4 ports with 4 removable, self powered\nugen2.7: \u003cCHICONY\u003e at usbus2\nukbd1: \u003cCHICONY USB NetVista Full Width Keyboard, class 0/0, rev 1.10/1.02, addr 7\u003e on usbus2\nkbd3 at ukbd1\npid 1795 (bamfdaemon), uid 1000: exited on signal 6\nifa_del_loopback_route: deletion failed: 48\nvboxdrv: ffffffff8290e020 VMMR0.r0\nvboxdrv: ffffffff82a0b020 VBoxDDR0.r0\n\n\n// ATTACHED TO 3.0 PORT\n\n12:23|w530|vermaden ~ % dmesg|tail\nugen0.3: \u003cvendor 0x13fe\u003e at usbus0\numass0: \u003cvendor 0x13fe USB DISK 3.0, class 0/0, rev 3.00/1.10, addr 2\u003e on usbus0\numass0:  SCSI over Bulk-Only; quirks = 0x8100\numass0:4:0:-1: Attached to scbus4\nda0 at umass-sim0 bus 0 scbus4 target 0 lun 0\nda0: \u003c USB DISK 3.0 PMAP\u003e Removable Direct Access SPC-4 SCSI device\nda0: Serial Number EC0068F1F89A7D02\nda0: 400.000MB/s transfers\nda0: 14786MB (30283008 512 byte sectors)\nda0: quirks=0x3\u003cNO_SYNC_CACHE,NO_6_BYTE\u003e\n\n12:23|w530|vermaden ~ % usbconfig \nugen2.1: \u003cEHCI root HUB Intel\u003e at usbus2, cfg=0 md=HOST spd=HIGH (480Mbps) pwr=SAVE (0mA)\nugen1.1: \u003cEHCI root HUB Intel\u003e at usbus1, cfg=0 md=HOST spd=HIGH (480Mbps) pwr=SAVE (0mA)\nugen0.1: \u003cXHCI root HUB 0x8086\u003e at usbus0, cfg=0 md=HOST spd=SUPER (5.0Gbps) pwr=SAVE (0mA)\nugen0.2: \u003cH5321 gw Lenovo\u003e at usbus0, cfg=0 md=HOST spd=HIGH (480Mbps) pwr=ON (0mA)\nugen1.2: \u003cproduct 0x0024 vendor 0x8087\u003e at usbus1, cfg=0 md=HOST spd=HIGH (480Mbps) pwr=SAVE (0mA)\nugen2.2: \u003cproduct 0x0024 vendor 0x8087\u003e at usbus2, cfg=0 md=HOST spd=HIGH (480Mbps) pwr=SAVE (0mA)\nugen1.3: \u003cBiometric Coprocessor Auth\u003e at usbus1, cfg=0 md=HOST spd=FULL (12Mbps) pwr=ON (100mA)\nugen2.3: \u003cLenovo USB Receiver vendor 0x17ef\u003e at usbus2, cfg=0 md=HOST spd=FULL (12Mbps) pwr=ON (100mA)\nugen1.4: \u003cBCM20702A0 Broadcom Corp\u003e at usbus1, cfg=0 md=HOST spd=FULL (12Mbps) pwr=ON (0mA)\nugen2.4: \u003cproduct 0x5010 vendor 0x0765\u003e at usbus2, cfg=0 md=HOST spd=LOW (1.5Mbps) pwr=ON (100mA)\nugen1.5: \u003cIntegrated Camera Ricoh Company Ltd.\u003e at usbus1, cfg=0 md=HOST spd=HIGH (480Mbps) pwr=ON (200mA)\nugen2.5: \u003cproduct 0x100a vendor 0x17ef\u003e at usbus2, cfg=0 md=HOST spd=HIGH (480Mbps) pwr=SAVE (2mA)\nugen2.6: \u003cproduct 0x2514 vendor 0x0424\u003e at usbus2, cfg=0 md=HOST spd=HIGH (480Mbps) pwr=SAVE (2mA)\nugen2.7: \u003cUSB NetVista Full Width Keyboard CHICONY\u003e at usbus2, cfg=0 md=HOST spd=LOW (1.5Mbps) pwr=ON (100mA)\nugen0.3: \u003cUSB DISK 3.0 vendor 0x13fe\u003e at usbus0, cfg=0 md=HOST spd=SUPER (5.0Gbps) pwr=ON (224mA) \u003c== ITS THIS ONE\n\n\n\n\n// ATTACHED TO 2.0 PORT\n\n12:24|w530|vermaden ~ % dmesg|tail -12\nda0: \u003c USB DISK 3.0 PMAP\u003e s/n EC0068F1F89A7D02 detached\n(da0:umass-sim0:0:0:0): Periph destroyed\nugen1.6: \u003cvendor 0x13fe\u003e at usbus1\numass0: \u003cvendor 0x13fe USB DISK 3.0, class 0/0, rev 2.10/1.10, addr 6\u003e on usbus1\numass0:  SCSI over Bulk-Only; quirks = 0x8100\numass0:4:0:-1: Attached to scbus4\nda0 at umass-sim0 bus 0 scbus4 target 0 lun 0\nda0: \u003c USB DISK 3.0 PMAP\u003e Removable Direct Access SPC-4 SCSI device\nda0: Serial Number EC0068F1F89A7D02\nda0: 40.000MB/s transfers\nda0: 14786MB (30283008 512 byte sectors)\nda0: quirks=0x3\u003cNO_SYNC_CACHE,NO_6_BYTE\u003e\n\n12:24|w530|vermaden ~ % usbconfig     \nugen2.1: \u003cEHCI root HUB Intel\u003e at usbus2, cfg=0 md=HOST spd=HIGH (480Mbps) pwr=SAVE (0mA)\nugen1.1: \u003cEHCI root HUB Intel\u003e at usbus1, cfg=0 md=HOST spd=HIGH (480Mbps) pwr=SAVE (0mA)\nugen0.1: \u003cXHCI root HUB 0x8086\u003e at usbus0, cfg=0 md=HOST spd=SUPER (5.0Gbps) pwr=SAVE (0mA)\nugen0.2: \u003cH5321 gw Lenovo\u003e at usbus0, cfg=0 md=HOST spd=HIGH (480Mbps) pwr=ON (0mA)\nugen1.2: \u003cproduct 0x0024 vendor 0x8087\u003e at usbus1, cfg=0 md=HOST spd=HIGH (480Mbps) pwr=SAVE (0mA)\nugen2.2: \u003cproduct 0x0024 vendor 0x8087\u003e at usbus2, cfg=0 md=HOST spd=HIGH (480Mbps) pwr=SAVE (0mA)\nugen1.3: \u003cBiometric Coprocessor Auth\u003e at usbus1, cfg=0 md=HOST spd=FULL (12Mbps) pwr=ON (100mA)\nugen2.3: \u003cLenovo USB Receiver vendor 0x17ef\u003e at usbus2, cfg=0 md=HOST spd=FULL (12Mbps) pwr=ON (100mA)\nugen1.4: \u003cBCM20702A0 Broadcom Corp\u003e at usbus1, cfg=0 md=HOST spd=FULL (12Mbps) pwr=ON (0mA)\nugen2.4: \u003cproduct 0x5010 vendor 0x0765\u003e at usbus2, cfg=0 md=HOST spd=LOW (1.5Mbps) pwr=ON (100mA)\nugen1.5: \u003cIntegrated Camera Ricoh Company Ltd.\u003e at usbus1, cfg=0 md=HOST spd=HIGH (480Mbps) pwr=ON (200mA)\nugen2.5: \u003cproduct 0x100a vendor 0x17ef\u003e at usbus2, cfg=0 md=HOST spd=HIGH (480Mbps) pwr=SAVE (2mA)\nugen2.6: \u003cproduct 0x2514 vendor 0x0424\u003e at usbus2, cfg=0 md=HOST spd=HIGH (480Mbps) pwr=SAVE (2mA)\nugen2.7: \u003cUSB NetVista Full Width Keyboard CHICONY\u003e at usbus2, cfg=0 md=HOST spd=LOW (1.5Mbps) pwr=ON (100mA)\nugen1.6: \u003cUSB DISK 3.0 vendor 0x13fe\u003e at usbus1, cfg=0 md=HOST spd=HIGH (480Mbps) pwr=ON (498mA) \u003c== ITS THIS ONE\n\n\n\n\n\u003e In order to use your device, you must ensure it enumerates at USB 2.0 or USB 1.0 speed in the host.\n\u003e Else VirtualBOX cannot forward it to the VM instance without the XHCI extension pack.\n\nShouldn't FreeBSD have a patch that also 3.0 devices should be possible to passthrough same as 2.0 devices?\n\n\n\n\u003e And are you using the latest VirtualBox port?\n\nAs in summary, 5.1.14_2, which means YES, its the latest version."
}