{
 "id": 373550,
 "bug_id": 108481,
 "attachment_id": 0,
 "creation_time": "2007-01-28T16:10:17Z",
 "creator": "exil@solace.miun.se",
 "text": "Asus M2V-TVM\n\nSocket AM2\nChipset K8M890\n\nOn-board audio (RealTek ALC655) with snd_via8233.\nSystem management bus: no driver?\nVT8237R SATA-support: not tested\n\ndmesg:\n[exil@hendrix ~]$ dmesg\nCopyright (c) 1992-2007 The FreeBSD Project.\nCopyright (c) 1979, 1980, 1983, 1986, 1988, 1989, 1991, 1992, 1993, 1994\n        The Regents of the University of California. All rights reserved.\nFreeBSD is a registered trademark of The FreeBSD Foundation.\nFreeBSD 6.2-RELEASE #2: Sat Jan 27 13:34:42 CET 2007\n    root@hendrix:/misc/shared/FreeBSD/6.2/src/sys/amd64/compile/HENDRIX\nACPI APIC Table: \u003cA M I  OEMAPIC \u003e\nTimecounter \"i8254\" frequency 1193182 Hz quality 0\nCPU: AMD Sempron(tm) Processor 3000+ (1600.01-MHz K8-class CPU)\n  Origin = \"AuthenticAMD\"  Id = 0x40ff2  Stepping = 2\n  Features=0x78bfbff\u003cFPU,VME,DE,PSE,TSC,MSR,PAE,MCE,CX8,APIC,SEP,MTRR,PGE,MCA,CMOV,PAT,PSE36,CLFLUSH,MMX,FXSR,SSE,SSE2\u003e\n  Features2=0x2001\u003cSSE3,CX16\u003e\n  AMD Features=0xea500800\u003cSYSCALL,NX,MMX+,FFXSR,RDTSCP,LM,3DNow+,3DNow\u003e\n  AMD Features2=0x19\u003cLAHF,\u003cb3\u003e,CR8\u003e\nreal memory  = 402391040 (383 MB)\navail memory = 379256832 (361 MB)\nioapic0 \u003cVersion 0.3\u003e irqs 0-23 on motherboard\nioapic1 \u003cVersion 0.3\u003e irqs 24-47 on motherboard\nkbd1 at kbdmux0\nacpi0: \u003cA M I OEMRSDT\u003e on motherboard\nacpi0: Power Button (fixed)\nTimecounter \"ACPI-fast\" frequency 3579545 Hz quality 1000\nacpi_timer0: \u003c24-bit timer at 3.579545MHz\u003e port 0x808-0x80b on acpi0\ncpu0: \u003cACPI CPU\u003e on acpi0\nacpi_throttle0: \u003cACPI CPU Throttling\u003e on cpu0\npcib0: \u003cACPI Host-PCI bridge\u003e port 0xcf8-0xcff on acpi0\npci0: \u003cACPI PCI bus\u003e on pcib0\npci0: \u003cbase peripheral, interrupt controller\u003e at device 0.5 (no driver attached)\npcib1: \u003cACPI PCI-PCI bridge\u003e at device 1.0 on pci0\npci1: \u003cACPI PCI bus\u003e on pcib1\npci1: \u003cdisplay, VGA\u003e at device 0.0 (no driver attached)\npcib2: \u003cACPI PCI-PCI bridge\u003e irq 27 at device 2.0 on pci0\npci2: \u003cACPI PCI bus\u003e on pcib2\npcib3: \u003cACPI PCI-PCI bridge\u003e irq 31 at device 3.0 on pci0\npci3: \u003cACPI PCI bus\u003e on pcib3\npcib4: \u003cACPI PCI-PCI bridge\u003e at device 12.0 on pci0\npci4: \u003cACPI PCI bus\u003e on pcib4\npci4: \u003cmultimedia, video\u003e at device 8.0 (no driver attached)     [cxm0]\npci4: \u003cmultimedia, video\u003e at device 9.0 (no driver attached)     [cxm1]\nrl0: \u003cRealTek 8139 10/100BaseTX\u003e port 0xe800-0xe8ff mem 0xfebffc00-0xfebffcff irq 20 at device 14.0 on pci0\nmiibus0: \u003cMII bus\u003e on rl0\nrlphy0: \u003cRealTek internal media interface\u003e on miibus0\nrlphy0:  10baseT, 10baseT-FDX, 100baseTX, 100baseTX-FDX, auto\nrl0: Ethernet address: 00:17:31:89:35:24\natapci0: \u003cVIA 8237 UDMA133 controller\u003e port 0x1f0-0x1f7,0x3f6,0x170-0x177,0x376,0xfc00-0xfc0f at device 15.0 on pci0\nata0: \u003cATA channel 0\u003e on atapci0\nata1: \u003cATA channel 1\u003e on atapci0\nuhci0: \u003cVIA 83C572 USB controller\u003e port 0xec00-0xec1f irq 21 at device 16.0 on pci0\nuhci0: [GIANT-LOCKED]\nusb0: \u003cVIA 83C572 USB controller\u003e on uhci0\nusb0: USB revision 1.0\nuhub0: VIA UHCI root hub, class 9/0, rev 1.00/1.00, addr 1\nuhub0: 2 ports with 2 removable, self powered\nuhci1: \u003cVIA 83C572 USB controller\u003e port 0xe400-0xe41f irq 21 at device 16.1 on pci0\nuhci1: [GIANT-LOCKED]\nusb1: \u003cVIA 83C572 USB controller\u003e on uhci1\nusb1: USB revision 1.0\nuhub1: VIA UHCI root hub, class 9/0, rev 1.00/1.00, addr 1\nuhub1: 2 ports with 2 removable, self powered\nehci0: \u003cVIA VT6202 USB 2.0 controller\u003e mem 0xfebff800-0xfebff8ff irq 21 at device 16.4 on pci0\nehci0: [GIANT-LOCKED]\nusb2: EHCI version 1.0\nusb2: companion controllers, 2 ports each: usb0 usb1\nusb2: \u003cVIA VT6202 USB 2.0 controller\u003e on ehci0\nusb2: USB revision 2.0\nuhub2: VIA EHCI root hub, class 9/0, rev 2.00/1.00, addr 1\nuhub2: 4 ports with 4 removable, self powered\nisab0: \u003cPCI-ISA bridge\u003e at device 17.0 on pci0\nisa0: \u003cISA bus\u003e on isab0\npcm0: \u003cVIA VT8237\u003e port 0xe000-0xe0ff irq 22 at device 17.5 on pci0\npcm0: \u003cAvance Logic ALC655 AC97 Codec\u003e\npcm0: \u003cVIA DXS Enabled: DXS 4 / SGD 1 / REC 1\u003e\nacpi_button0: \u003cSleep Button\u003e on acpi0\nacpi_button1: \u003cPower Button\u003e on acpi0\nfdc0: \u003cfloppy drive controller (FDE)\u003e port 0x3f0-0x3f5,0x3f7 irq 6 drq 2 on acpi0\nfdc0: [FAST]\nppc0: \u003cStandard parallel printer port\u003e port 0x378-0x37f irq 7 on acpi0\nppc0: Generic chipset (NIBBLE-only) in COMPATIBLE mode\nppbus0: \u003cParallel port bus\u003e on ppc0\nlpt0: \u003cPrinter\u003e on ppbus0\nlpt0: Interrupt-driven port\nppi0: \u003cParallel I/O\u003e on ppbus0\natkbdc0: \u003cKeyboard controller (i8042)\u003e port 0x60,0x64 irq 1 on acpi0\natkbd0: \u003cAT Keyboard\u003e irq 1 on atkbdc0\nkbd0 at atkbd0\natkbd0: [GIANT-LOCKED]\npsm0: \u003cPS/2 Mouse\u003e irq 12 on atkbdc0\npsm0: [GIANT-LOCKED]\npsm0: model MouseMan+, device ID 0\nsio0: \u003c16550A-compatible COM port\u003e port 0x3f8-0x3ff irq 4 flags 0x10 on acpi0\nsio0: type 16550A\norm0: \u003cISA Option ROM\u003e at iomem 0xc9800-0xca7ff on isa0\nsc0: \u003cSystem console\u003e at flags 0x100 on isa0\nsc0: VGA \u003c16 virtual consoles, flags=0x300\u003e\nsio1: configured irq 3 not in bitmap of probed irqs 0\nsio1: port may not be enabled\nvga0: \u003cGeneric ISA VGA\u003e at port 0x3c0-0x3df iomem 0xa0000-0xbffff on isa0\nTimecounter \"TSC\" frequency 1600014763 Hz quality 800\nTimecounters tick every 1.000 msec\nad0: 38166MB \u003cSeagate ST340810A 3.34\u003e at ata0-master UDMA100\nacd0: DVDROM \u003cTSSTcorpDVD-ROM TS-H352A/TS02\u003e at ata1-slave UDMA33\nTrying to mount root from nfs:192.168.1.2:/misc/shared/FreeBSD/hendrix\nNFS ROOT: 192.168.1.2:/misc/shared/FreeBSD/hendrix\n\n\nAdditions to kernel config-file:\n# misc devs\ndevice      iicbus\ndevice      iicbb\ndevice          sound\ndevice          drm\ndevice          cpufreq\ndevice          ipmi\ndevice          smbus\ndevice          smb\ndevice          bktr"
}