{
 "id": 351979,
 "bug_id": 103919,
 "attachment_id": 0,
 "creation_time": "2006-10-03T00:20:19Z",
 "creator": "var@schellong.biz",
 "text": "68]  ssh duo                      #FBSD 6.1\n21]  scp -rpvvv p3:/u/wir /tmp    #6.2 BETA2\nExecuting: program /usr/bin/ssh host p3, user (unspecified), command scp -v -r -p -f /u/wir\nOpenSSH_4.2p1 FreeBSD-20060930, OpenSSL 0.9.7e-p1 25 Oct 2004\ndebug1: Reading configuration data /etc/ssh/ssh_config\ndebug2: ssh_connect: needpriv 0\ndebug1: Connecting to p3 [192.168.64.100] port 22.\ndebug1: Connection established.\ndebug1: permanently_set_uid: 0/0\ndebug1: identity file /home/.ssh/identity type -1\ndebug1: identity file /home/.ssh/id_rsa type -1\ndebug3: Not a RSA1 key file /home/.ssh/id_dsa.\ndebug2: key_type_from_name: unknown key type '-----BEGIN'\ndebug3: key_read: missing keytype\ndebug3: key_read: missing whitespace\ndebug3: key_read: missing whitespace\ndebug3: key_read: missing whitespace\ndebug3: key_read: missing whitespace\ndebug3: key_read: missing whitespace\ndebug3: key_read: missing whitespace\ndebug3: key_read: missing whitespace\ndebug3: key_read: missing whitespace\ndebug3: key_read: missing whitespace\ndebug3: key_read: missing whitespace\ndebug3: key_read: missing whitespace\ndebug3: key_read: missing whitespace\ndebug3: key_read: missing whitespace\ndebug3: key_read: missing whitespace\ndebug3: key_read: missing whitespace\ndebug3: key_read: missing whitespace\ndebug3: key_read: missing whitespace\ndebug3: key_read: missing whitespace\ndebug2: key_type_from_name: unknown key type '-----END'\ndebug3: key_read: missing keytype\ndebug1: identity file /home/.ssh/id_dsa type 2\ndebug1: Remote protocol version 2.0, remote software version OpenSSH_4.2p1 FreeBSD-20050903\ndebug1: match: OpenSSH_4.2p1 FreeBSD-20050903 pat OpenSSH*\ndebug1: Enabling compatibility mode for protocol 2.0\ndebug1: Local version string SSH-2.0-OpenSSH_4.2p1 FreeBSD-20060930\ndebug2: fd 3 setting O_NONBLOCK\ndebug1: SSH2_MSG_KEXINIT sent\ndebug1: SSH2_MSG_KEXINIT received\ndebug2: kex_parse_kexinit: diffie-hellman-group-exchange-sha1,diffie-hellman-group14-sha1,diffie-hellman-group1-sha1\ndebug2: kex_parse_kexinit: ssh-dss,ssh-rsa\ndebug2: kex_parse_kexinit: aes128-cbc,3des-cbc,blowfish-cbc,cast128-cbc,arcfour128,arcfour256,arcfour,aes192-cbc,aes256-cbc,rijndael-cbc@lysator.liu.se,aes128-ctr,aes192-ctr,aes256-ctr\ndebug2: kex_parse_kexinit: aes128-cbc,3des-cbc,blowfish-cbc,cast128-cbc,arcfour128,arcfour256,arcfour,aes192-cbc,aes256-cbc,rijndael-cbc@lysator.liu.se,aes128-ctr,aes192-ctr,aes256-ctr\ndebug2: kex_parse_kexinit: hmac-md5,hmac-sha1,hmac-ripemd160,hmac-ripemd160@openssh.com,hmac-sha1-96,hmac-md5-96\ndebug2: kex_parse_kexinit: hmac-md5,hmac-sha1,hmac-ripemd160,hmac-ripemd160@openssh.com,hmac-sha1-96,hmac-md5-96\ndebug2: kex_parse_kexinit: none,zlib@openssh.com,zlib\ndebug2: kex_parse_kexinit: none,zlib@openssh.com,zlib\ndebug2: kex_parse_kexinit:\ndebug2: kex_parse_kexinit:\ndebug2: kex_parse_kexinit: first_kex_follows 0\ndebug2: kex_parse_kexinit: reserved 0\ndebug2: kex_parse_kexinit: diffie-hellman-group-exchange-sha1,diffie-hellman-group14-sha1,diffie-hellman-group1-sha1\ndebug2: kex_parse_kexinit: ssh-dss\ndebug2: kex_parse_kexinit: aes128-cbc,3des-cbc,blowfish-cbc,cast128-cbc,arcfour128,arcfour256,arcfour,aes192-cbc,aes256-cbc,rijndael-cbc@lysator.liu.se,aes128-ctr,aes192-ctr,aes256-ctr\ndebug2: kex_parse_kexinit: aes128-cbc,3des-cbc,blowfish-cbc,cast128-cbc,arcfour128,arcfour256,arcfour,aes192-cbc,aes256-cbc,rijndael-cbc@lysator.liu.se,aes128-ctr,aes192-ctr,aes256-ctr\ndebug2: kex_parse_kexinit: hmac-md5,hmac-sha1,hmac-ripemd160,hmac-ripemd160@openssh.com,hmac-sha1-96,hmac-md5-96\ndebug2: kex_parse_kexinit: hmac-md5,hmac-sha1,hmac-ripemd160,hmac-ripemd160@openssh.com,hmac-sha1-96,hmac-md5-96\ndebug2: kex_parse_kexinit: none,zlib@openssh.com\ndebug2: kex_parse_kexinit: none,zlib@openssh.com\ndebug2: kex_parse_kexinit:\ndebug2: kex_parse_kexinit:\ndebug2: kex_parse_kexinit: first_kex_follows 0\ndebug2: kex_parse_kexinit: reserved 0\ndebug2: mac_init: found hmac-md5\ndebug1: kex: server-\u003eclient aes128-cbc hmac-md5 none\ndebug2: mac_init: found hmac-md5\ndebug1: kex: client-\u003eserver aes128-cbc hmac-md5 none\ndebug1: SSH2_MSG_KEX_DH_GEX_REQUEST(1024\u003c1024\u003c8192) sent\ndebug1: expecting SSH2_MSG_KEX_DH_GEX_GROUP\ndebug2: dh_gen_key: priv key bits set: 116/256\ndebug2: bits set: 525/1024\ndebug1: SSH2_MSG_KEX_DH_GEX_INIT sent\ndebug1: expecting SSH2_MSG_KEX_DH_GEX_REPLY\ndebug3: check_host_in_hostfile: filename /home/.ssh/known_hosts\ndebug3: check_host_in_hostfile: match line 2\ndebug1: Host 'p3' is known and matches the DSA host key.\ndebug1: Found key in /home/.ssh/known_hosts:2\ndebug2: bits set: 503/1024\ndebug1: ssh_dss_verify: signature correct\ndebug2: kex_derive_keys\ndebug2: set_newkeys: mode 1\ndebug1: SSH2_MSG_NEWKEYS sent\ndebug1: expecting SSH2_MSG_NEWKEYS\ndebug2: set_newkeys: mode 0\ndebug1: SSH2_MSG_NEWKEYS received\ndebug1: SSH2_MSG_SERVICE_REQUEST sent\ndebug2: service_accept: ssh-userauth\ndebug1: SSH2_MSG_SERVICE_ACCEPT received\ndebug2: key: /home/.ssh/identity (0x0)\ndebug2: key: /home/.ssh/id_rsa (0x0)\ndebug2: key: /home/.ssh/id_dsa (0x80714f0)\ndebug1: Authentications that can continue: publickey,keyboard-interactive\ndebug3: start over, passed a different list publickey,keyboard-interactive\ndebug3: preferred publickey,keyboard-interactive,password\ndebug3: authmethod_lookup publickey\ndebug3: remaining preferred: keyboard-interactive,password\ndebug3: authmethod_is_enabled publickey\ndebug1: Next authentication method: publickey\ndebug1: Trying private key: /home/.ssh/identity\ndebug3: no such identity: /home/.ssh/identity\ndebug1: Trying private key: /home/.ssh/id_rsa\ndebug3: no such identity: /home/.ssh/id_rsa\ndebug1: Offering public key: /home/.ssh/id_dsa\ndebug3: send_pubkey_test\ndebug2: we sent a publickey packet, wait for reply\ndebug1: Server accepts key: pkalg ssh-dss blen 817\ndebug2: input_userauth_pk_ok: fp a4:1a:44:57:9a:d2:9f:20:f0:36:65:00:a3:ac:b5:38\ndebug3: sign_and_send_pubkey\ndebug1: read PEM private key done: type DSA\ndebug1: Authentication succeeded (publickey).\ndebug2: fd 4 setting O_NONBLOCK\ndebug2: fd 5 setting O_NONBLOCK\ndebug1: channel 0: new [client-session]\ndebug3: ssh_session2_open: channel_new: 0\ndebug2: channel 0: send open\ndebug1: Entering interactive session.\ndebug2: callback start\ndebug2: client_session2_setup: id 0\ndebug1: Sending command: scp -v -r -p -f /u/wir\ndebug2: channel 0: request exec confirm 0\ndebug2: callback done\ndebug2: channel 0: open confirm rwindow 0 rmax 32768\ndebug2: channel 0: rcvd adjust 131072\nSink: kern.metadelay: 8 -\u003e 8                  #########################\nkern.metadelay: 8 -\u003e 8                        #########################\ndebug2: channel 0: read\u003c=0 rfd 4 len 0\ndebug2: channel 0: read failed\ndebug2: channel 0: close_read\ndebug2: channel 0: input open -\u003e drain\ndebug2: channel 0: ibuf empty\ndebug2: channel 0: send eof\ndebug2: channel 0: input drain -\u003e closed\n22]  debug2: channel 0: write failed          ######## prompt!\ndebug2: channel 0: close_write\ndebug2: channel 0: output open -\u003e closed\ndebug1: client_input_channel_req: channel 0 rtype exit-status reply 0\ndebug2: channel 0: rcvd eof\ndebug2: channel 0: rcvd close\ndebug3: channel 0: will not send data after close\ndebug2: channel 0: almost dead\ndebug2: channel 0: gc: notify user\ndebug2: channel 0: gc: user detached\ndebug2: channel 0: send close\ndebug2: channel 0: is dead\ndebug2: channel 0: garbage collecting\ndebug1: channel 0: free: client-session, nchannels 1\ndebug3: channel 0: status: The following connections are open:\n  #0 client-session (t4 r0 i3/0 o3/0 fd -1/-1 cfd -1)\n\ndebug3: channel 0: close_fds r -1 w -1 e 6 c -1\ndebug1: fd 0 clearing O_NONBLOCK\ndebug1: fd 1 clearing O_NONBLOCK\ndebug1: Transferred: stdin 0, stdout 0, stderr 0 bytes in 0.3 seconds\ndebug1: Bytes per second: stdin 0.0, stdout 0.0, stderr 0.0\ndebug1: Exit status 1                              ######################\n=============================================================================\nWith BETA1 (not BETA2) the following was okay!!!!!!!!!!!!!!!!!!!!!!!!\nI have checked disc1: sha256 \u003c/dev/acd0: OKAY\nI have checked the harddisk with IBM-DFT tool: OKAY (Advanced Test)\nSee bug: http://www.freebsd.org/cgi/query-pr.cgi?pr=bin/103791\n=============================================================================\n69]  scp -pvvv duo:/tmp/102 /tmp        #BETA2 -\u003e FBSD 6.1\nExecuting: program /usr/bin/ssh host duo, user (unspecified), command scp -v -p -f /tmp/102\nOpenSSH_4.2p1 FreeBSD-20050903, OpenSSL 0.9.7e-p1 25 Oct 2004\ndebug1: Reading configuration data /etc/ssh/ssh_config\ndebug2: ssh_connect: needpriv 0\ndebug1: Connecting to duo [192.168.64.102] port 22.\ndebug1: Connection established.\ndebug1: permanently_set_uid: 0/0\ndebug1: identity file /home/.ssh/identity type -1\ndebug1: identity file /home/.ssh/id_rsa type -1\ndebug3: Not a RSA1 key file /home/.ssh/id_dsa.\ndebug2: key_type_from_name: unknown key type '-----BEGIN'\ndebug3: key_read: missing keytype\ndebug3: key_read: missing whitespace\ndebug3: key_read: missing whitespace\ndebug3: key_read: missing whitespace\ndebug3: key_read: missing whitespace\ndebug3: key_read: missing whitespace\ndebug3: key_read: missing whitespace\ndebug3: key_read: missing whitespace\ndebug3: key_read: missing whitespace\ndebug3: key_read: missing whitespace\ndebug3: key_read: missing whitespace\ndebug2: key_type_from_name: unknown key type '-----END'\ndebug3: key_read: missing keytype\ndebug1: identity file /home/.ssh/id_dsa type 2\ndebug1: Remote protocol version 2.0, remote software version OpenSSH_4.2p1 FreeBSD-20060930\ndebug1: match: OpenSSH_4.2p1 FreeBSD-20060930 pat OpenSSH*\ndebug1: Enabling compatibility mode for protocol 2.0\ndebug1: Local version string SSH-2.0-OpenSSH_4.2p1 FreeBSD-20050903\ndebug2: fd 3 setting O_NONBLOCK\ndebug1: SSH2_MSG_KEXINIT sent\ndebug1: SSH2_MSG_KEXINIT received\ndebug2: kex_parse_kexinit: diffie-hellman-group-exchange-sha1,diffie-hellman-group14-sha1,diffie-hellman-group1-sha1\ndebug2: kex_parse_kexinit: ssh-dss,ssh-rsa\ndebug2: kex_parse_kexinit: aes128-cbc,3des-cbc,blowfish-cbc,cast128-cbc,arcfour128,arcfour256,arcfour,aes192-cbc,aes256-cbc,rijndael-cbc@lysator.liu.se,aes128-ctr,aes192-ctr,aes256-ctr\ndebug2: kex_parse_kexinit: aes128-cbc,3des-cbc,blowfish-cbc,cast128-cbc,arcfour128,arcfour256,arcfour,aes192-cbc,aes256-cbc,rijndael-cbc@lysator.liu.se,aes128-ctr,aes192-ctr,aes256-ctr\ndebug2: kex_parse_kexinit: hmac-md5,hmac-sha1,hmac-ripemd160,hmac-ripemd160@openssh.com,hmac-sha1-96,hmac-md5-96\ndebug2: kex_parse_kexinit: hmac-md5,hmac-sha1,hmac-ripemd160,hmac-ripemd160@openssh.com,hmac-sha1-96,hmac-md5-96\ndebug2: kex_parse_kexinit: none,zlib@openssh.com,zlib\ndebug2: kex_parse_kexinit: none,zlib@openssh.com,zlib\ndebug2: kex_parse_kexinit:\ndebug2: kex_parse_kexinit:\ndebug2: kex_parse_kexinit: first_kex_follows 0\ndebug2: kex_parse_kexinit: reserved 0\ndebug2: kex_parse_kexinit: diffie-hellman-group-exchange-sha1,diffie-hellman-group14-sha1,diffie-hellman-group1-sha1\ndebug2: kex_parse_kexinit: ssh-dss\ndebug2: kex_parse_kexinit: aes128-cbc,3des-cbc,blowfish-cbc,cast128-cbc,arcfour128,arcfour256,arcfour,aes192-cbc,aes256-cbc,rijndael-cbc@lysator.liu.se,aes128-ctr,aes192-ctr,aes256-ctr\ndebug2: kex_parse_kexinit: aes128-cbc,3des-cbc,blowfish-cbc,cast128-cbc,arcfour128,arcfour256,arcfour,aes192-cbc,aes256-cbc,rijndael-cbc@lysator.liu.se,aes128-ctr,aes192-ctr,aes256-ctr\ndebug2: kex_parse_kexinit: hmac-md5,hmac-sha1,hmac-ripemd160,hmac-ripemd160@openssh.com,hmac-sha1-96,hmac-md5-96\ndebug2: kex_parse_kexinit: hmac-md5,hmac-sha1,hmac-ripemd160,hmac-ripemd160@openssh.com,hmac-sha1-96,hmac-md5-96\ndebug2: kex_parse_kexinit: none,zlib@openssh.com\ndebug2: kex_parse_kexinit: none,zlib@openssh.com\ndebug2: kex_parse_kexinit:\ndebug2: kex_parse_kexinit:\ndebug2: kex_parse_kexinit: first_kex_follows 0\ndebug2: kex_parse_kexinit: reserved 0\ndebug2: mac_init: found hmac-md5\ndebug1: kex: server-\u003eclient aes128-cbc hmac-md5 none\ndebug2: mac_init: found hmac-md5\ndebug1: kex: client-\u003eserver aes128-cbc hmac-md5 none\ndebug1: SSH2_MSG_KEX_DH_GEX_REQUEST(1024\u003c1024\u003c8192) sent\ndebug1: expecting SSH2_MSG_KEX_DH_GEX_GROUP\ndebug2: dh_gen_key: priv key bits set: 134/256\ndebug2: bits set: 522/1024\ndebug1: SSH2_MSG_KEX_DH_GEX_INIT sent\ndebug1: expecting SSH2_MSG_KEX_DH_GEX_REPLY\ndebug3: check_host_in_hostfile: filename /home/.ssh/known_hosts\ndebug3: check_host_in_hostfile: match line 2\ndebug1: Host 'duo' is known and matches the DSA host key.\ndebug1: Found key in /home/.ssh/known_hosts:2\ndebug2: bits set: 519/1024\ndebug1: ssh_dss_verify: signature correct\ndebug2: kex_derive_keys\ndebug2: set_newkeys: mode 1\ndebug1: SSH2_MSG_NEWKEYS sent\ndebug1: expecting SSH2_MSG_NEWKEYS\ndebug2: set_newkeys: mode 0\ndebug1: SSH2_MSG_NEWKEYS received\ndebug1: SSH2_MSG_SERVICE_REQUEST sent\ndebug2: service_accept: ssh-userauth\ndebug1: SSH2_MSG_SERVICE_ACCEPT received\ndebug2: key: /home/.ssh/identity (0x0)\ndebug2: key: /home/.ssh/id_rsa (0x0)\ndebug2: key: /home/.ssh/id_dsa (0x80714b0)\ndebug1: Authentications that can continue: publickey,keyboard-interactive\ndebug3: start over, passed a different list publickey,keyboard-interactive\ndebug3: preferred publickey,keyboard-interactive,password\ndebug3: authmethod_lookup publickey\ndebug3: remaining preferred: keyboard-interactive,password\ndebug3: authmethod_is_enabled publickey\ndebug1: Next authentication method: publickey\ndebug1: Trying private key: /home/.ssh/identity\ndebug3: no such identity: /home/.ssh/identity\ndebug1: Trying private key: /home/.ssh/id_rsa\ndebug3: no such identity: /home/.ssh/id_rsa\ndebug1: Offering public key: /home/.ssh/id_dsa\ndebug3: send_pubkey_test\ndebug2: we sent a publickey packet, wait for reply\ndebug1: Server accepts key: pkalg ssh-dss blen 433\ndebug2: input_userauth_pk_ok: fp f3:f8:67:15:6a:3a:3d:11:e9:e9:8f:b5:2f:bf:f6:bf\ndebug3: sign_and_send_pubkey\ndebug1: read PEM private key done: type DSA\ndebug1: Authentication succeeded (publickey).\ndebug2: fd 4 setting O_NONBLOCK\ndebug2: fd 5 setting O_NONBLOCK\ndebug1: channel 0: new [client-session]\ndebug3: ssh_session2_open: channel_new: 0\ndebug2: channel 0: send open\ndebug1: Entering interactive session.\ndebug2: callback start\ndebug2: client_session2_setup: id 0\ndebug1: Sending command: scp -v -p -f /tmp/102\ndebug2: channel 0: request exec confirm 0\ndebug2: callback done\ndebug2: channel 0: open confirm rwindow 0 rmax 32768\ndebug2: channel 0: rcvd adjust 131072\nprotocol error: unexpected \u003cnewline\u003e\ndebug2: channel 0: read\u003c=0 rfd 4 len 0\ndebug2: channel 0: read failed\ndebug2: channel 0: close_read\ndebug2: channel 0: input open -\u003e drain\ndebug2: channel 0: ibuf empty\ndebug2: channel 0: send eof\ndebug2: channel 0: input drain -\u003e closed\ndebug2: channel 0: write failed\ndebug2: channel 0: close_write\ndebug2: channel 0: output open -\u003e closed\n70]  debug1: client_input_channel_req: channel 0 rtype exit-status reply 0\ndebug2: channel 0: rcvd eof\ndebug2: channel 0: rcvd close\ndebug3: channel 0: will not send data after close\ndebug2: channel 0: almost dead\ndebug2: channel 0: gc: notify user\ndebug2: channel 0: gc: user detached\ndebug2: channel 0: send close\ndebug2: channel 0: is dead\ndebug2: channel 0: garbage collecting\ndebug1: channel 0: free: client-session, nchannels 1\ndebug3: channel 0: status: The following connections are open:\n  #0 client-session (t4 r0 i3/0 o3/0 fd -1/-1 cfd -1)\n\ndebug3: channel 0: close_fds r -1 w -1 e 6 c -1\ndebug1: fd 0 clearing O_NONBLOCK\ndebug1: fd 1 clearing O_NONBLOCK\ndebug1: Transferred: stdin 0, stdout 0, stderr 0 bytes in 0.1 seconds\ndebug1: Bytes per second: stdin 0.0, stdout 0.0, stderr 0.0\ndebug1: Exit status 1\n=============================================================================\nscp FBSD6.1 (below) fails ONLY with the BETA2 host.\nNot with BETA1!\n=============================================================================\n23]  cat /var/run/dmesg.boot                  #6.2 BETA2\nCopyright (c) 1992-2006 The FreeBSD Project.\nCopyright (c) 1979, 1980, 1983, 1986, 1988, 1989, 1991, 1992, 1993, 1994\n        The Regents of the University of California. All rights reserved.\nFreeBSD is a registered trademark of The FreeBSD Foundation.\nFreeBSD 6.2-BETA2 #0: Mon Oct  2 03:32:44 UTC 2006\n    root@opus.cse.buffalo.edu:/usr/obj/usr/src/sys/SMP\nTimecounter \"i8254\" frequency 1193182 Hz quality 0\nCPU: Intel(R) Core(TM)2 CPU          6600  @ 2.40GHz (2400.01-MHz 686-class CPU)\n  Origin = \"GenuineIntel\"  Id = 0x6f6  Stepping = 6\n  Features=0xbfebfbff\u003cFPU,VME,DE,PSE,TSC,MSR,PAE,MCE,CX8,APIC,SEP,MTRR,PGE,MCA,CMOV,PAT,PSE36,CLFLUSH,DTS,ACPI,MMX,FXSR,SSE,SSE2,SS,HTT,TM,PBE\u003e\n  Features2=0xe3bd\u003cSSE3,RSVD2,MON,DS_CPL,VMX,EST,TM2,\u003cb9\u003e,CX16,\u003cb14\u003e,\u003cb15\u003e\u003e\n  AMD Features=0x20100000\u003cNX,LM\u003e\n  AMD Features2=0x1\u003cLAHF\u003e\n  Cores per package: 2\nreal memory  = 2147090432 (2047 MB)\navail memory = 2095976448 (1998 MB)\nACPI APIC Table: \u003cA M I  OEMAPIC \u003e\nFreeBSD/SMP: Multiprocessor System Detected: 2 CPUs\n cpu0 (BSP): APIC ID:  0\n cpu1 (AP): APIC ID:  1\nioapic0 \u003cVersion 2.0\u003e irqs 0-23 on motherboard\nkbd1 at kbdmux0\nath_hal: 0.9.17.2 (AR5210, AR5211, AR5212, RF5111, RF5112, RF2413, RF5413)\nacpi0: \u003cA M I OEMRSDT\u003e on motherboard\nacpi_bus_number: can't get _ADR\nacpi_bus_number: can't get _ADR\nacpi_bus_number: can't get _ADR\nacpi_bus_number: can't get _ADR\nacpi0: Power Button (fixed)\nTimecounter \"ACPI-fast\" frequency 3579545 Hz quality 1000\nacpi_timer0: \u003c24-bit timer at 3.579545MHz\u003e port 0x808-0x80b on acpi0\ncpu0: \u003cACPI CPU\u003e on acpi0\nacpi_perf0: \u003cACPI CPU Frequency Control\u003e on cpu0\ncpu1: \u003cACPI CPU\u003e on acpi0\npcib0: \u003cACPI Host-PCI bridge\u003e port 0xcf8-0xcff on acpi0\npci0: \u003cACPI PCI bus\u003e on pcib0\npcib1: \u003cACPI PCI-PCI bridge\u003e irq 16 at device 1.0 on pci0\npci1: \u003cACPI PCI bus\u003e on pcib1\npci1: \u003cdisplay, VGA\u003e at device 0.0 (no driver attached)\npci0: \u003cmultimedia\u003e at device 27.0 (no driver attached)\npcib2: \u003cACPI PCI-PCI bridge\u003e irq 16 at device 28.0 on pci0\npci4: \u003cACPI PCI bus\u003e on pcib2\npcib3: \u003cACPI PCI-PCI bridge\u003e irq 16 at device 28.4 on pci0\npci3: \u003cACPI PCI bus\u003e on pcib3\natapci0: \u003cJMicron JMB363 SATA300 controller\u003e port 0xac00-0xac07,0xa880-0xa883,0xa800-0xa807,0xa480-0xa483,0xa400-0xa40f mem 0xfe9fe000-0xfe9fffff irq 16 at device 0.0 on pci3\natapci0: AHCI Version 01.00 controller with 2 ports detected\nata2: \u003cATA channel 0\u003e on atapci0\nata3: \u003cATA channel 1\u003e on atapci0\nata4: \u003cATA channel 2\u003e on atapci0\npcib4: \u003cACPI PCI-PCI bridge\u003e irq 17 at device 28.5 on pci0\npci2: \u003cACPI PCI bus\u003e on pcib4\npci2: \u003cnetwork, ethernet\u003e at device 0.0 (no driver attached)\nuhci0: \u003cUHCI (generic) USB controller\u003e port 0xd800-0xd81f irq 23 at device 29.0 on pci0\nuhci0: [GIANT-LOCKED]\nusb0: \u003cUHCI (generic) USB controller\u003e on uhci0\nusb0: USB revision 1.0\nuhub0: Intel UHCI root hub, class 9/0, rev 1.00/1.00, addr 1\nuhub0: 2 ports with 2 removable, self powered\nuhci1: \u003cUHCI (generic) USB controller\u003e port 0xd880-0xd89f irq 19 at device 29.1 on pci0\nuhci1: [GIANT-LOCKED]\nusb1: \u003cUHCI (generic) USB controller\u003e on uhci1\nusb1: USB revision 1.0\nuhub1: Intel UHCI root hub, class 9/0, rev 1.00/1.00, addr 1\nuhub1: 2 ports with 2 removable, self powered\nuhci2: \u003cUHCI (generic) USB controller\u003e port 0xdc00-0xdc1f irq 18 at device 29.2 on pci0\nuhci2: [GIANT-LOCKED]\nusb2: \u003cUHCI (generic) USB controller\u003e on uhci2\nusb2: USB revision 1.0\nuhub2: Intel UHCI root hub, class 9/0, rev 1.00/1.00, addr 1\nuhub2: 2 ports with 2 removable, self powered\nuhci3: \u003cUHCI (generic) USB controller\u003e port 0xe000-0xe01f irq 16 at device 29.3 on pci0\nuhci3: [GIANT-LOCKED]\nusb3: \u003cUHCI (generic) USB controller\u003e on uhci3\nusb3: USB revision 1.0\nuhub3: Intel UHCI root hub, class 9/0, rev 1.00/1.00, addr 1\nuhub3: 2 ports with 2 removable, self powered\nehci0: \u003cEHCI (generic) USB 2.0 controller\u003e mem 0xfebfbc00-0xfebfbfff irq 23 at device 29.7 on pci0\nehci0: [GIANT-LOCKED]\nusb4: EHCI version 1.0\nusb4: companion controllers, 2 ports each: usb0 usb1 usb2 usb3\nusb4: \u003cEHCI (generic) USB 2.0 controller\u003e on ehci0\nusb4: USB revision 2.0\nuhub4: Intel EHCI root hub, class 9/0, rev 2.00/1.00, addr 1\nuhub4: 8 ports with 8 removable, self powered\npcib5: \u003cACPI PCI-PCI bridge\u003e at device 30.0 on pci0\npci5: \u003cACPI PCI bus\u003e on pcib5\nfwohci0: \u003cTexas Instruments TSB43AB22/A\u003e mem 0xfeaff800-0xfeafffff,0xfeaf8000-0xfeafbfff irq 21 at device 3.0 on pci5\nfwohci0: OHCI version 1.10 (ROM=1)\nfwohci0: No. of Isochronous channels is 4.\nfwohci0: EUI64 00:11:d8:00:00:c9:2f:16\nfwohci0: Phy 1394a available S400, 2 ports.\nfwohci0: Link S400, max_rec 2048 bytes.\nfirewire0: \u003cIEEE1394(FireWire) bus\u003e on fwohci0\nfwe0: \u003cEthernet over FireWire\u003e on firewire0\nif_fwe0: Fake Ethernet address: 02:11:d8:c9:2f:16\nfwe0: Ethernet address: 02:11:d8:c9:2f:16\nfwe0: if_start running deferred for Giant\nsbp0: \u003cSBP-2/SCSI over FireWire\u003e on firewire0\nfwohci0: Initiate bus reset\nfwohci0: node_id=0xc800ffc0, gen=1, CYCLEMASTER mode\nfirewire0: 1 nodes, maxhop \u003c= 0, cable IRM = 0 (me)\nfirewire0: bus manager 0 (me)\nskc0: \u003cMarvell Gigabit Ethernet\u003e port 0xb800-0xb8ff mem 0xfeaf4000-0xfeaf7fff irq 19 at device 4.0 on pci5\nskc0: Marvell Yukon Lite Gigabit Ethernet rev. (0x9)\nsk0: \u003cMarvell Semiconductor, Inc. Yukon\u003e on skc0\nsk0: Ethernet address: 00:17:31:69:a0:77\nmiibus0: \u003cMII bus\u003e on sk0\ne1000phy0: \u003cMarvell 88E1000 Gigabit PHY\u003e on miibus0\ne1000phy0:  10baseT, 10baseT-FDX, 100baseTX, 100baseTX-FDX, 1000baseTX-FDX, auto\nisab0: \u003cPCI-ISA bridge\u003e at device 31.0 on pci0\nisa0: \u003cISA bus\u003e on isab0\natapci1: \u003cIntel ICH8 SATA300 controller\u003e port 0xec00-0xec07,0xe880-0xe883,0xe800-0xe807,0xe480-0xe483,0xe400-0xe40f,0xe080-0xe08f irq 19 at device 31.2 on pci0\nata5: \u003cATA channel 0\u003e on atapci1\nata6: \u003cATA channel 1\u003e on atapci1\npci0: \u003cserial bus, SMBus\u003e at device 31.3 (no driver attached)\natapci2: \u003cIntel ICH8 SATA300 controller\u003e port 0xd480-0xd487,0xd400-0xd403,0xd080-0xd087,0xd000-0xd003,0xcc00-0xcc0f,0xc880-0xc88f irq 19 at device 31.5 on pci0\nata7: \u003cATA channel 0\u003e on atapci2\nata8: \u003cATA channel 1\u003e on atapci2\nacpi_button0: \u003cPower Button\u003e on acpi0\nsio0: \u003c16550A-compatible COM port\u003e port 0x3f8-0x3ff irq 4 flags 0x10 on acpi0\nsio0: type 16550A\nfdc0: \u003cfloppy drive controller (FDE)\u003e port 0x3f0-0x3f5,0x3f7 irq 6 drq 2 on acpi0\nfdc0: [FAST]\nfd0: \u003c1440-KB 3.5\" drive\u003e on fdc0 drive 0\natkbdc0: \u003cKeyboard controller (i8042)\u003e port 0x60,0x64 irq 1 on acpi0\natkbd0: \u003cAT Keyboard\u003e irq 1 on atkbdc0\nkbd0 at atkbd0\natkbd0: [GIANT-LOCKED]\npsm0: \u003cPS/2 Mouse\u003e irq 12 on atkbdc0\npsm0: [GIANT-LOCKED]\npsm0: model Generic PS/2 mouse, device ID 0\npmtimer0 on isa0\nata0 at port 0x1f0-0x1f7,0x3f6 irq 14 on isa0\nata1 at port 0x170-0x177,0x376 irq 15 on isa0\nppc0: parallel port not found.\nsc0: \u003cSystem console\u003e at flags 0x100 on isa0\nsc0: VGA \u003c16 virtual consoles, flags=0x300\u003e\nsio1: configured irq 3 not in bitmap of probed irqs 0\nsio1: port may not be enabled\nvga0: \u003cGeneric ISA VGA\u003e at port 0x3c0-0x3df iomem 0xa0000-0xbffff on isa0\nTimecounters tick every 1.000 msec\nad8: 29314MB \u003cIBM DTLA-307030 TX4OA60A\u003e at ata4-master UDMA100\nacd0: DVDR \u003cPLEXTOR DVDR PX-760A/1.03\u003e at ata4-slave UDMA66\nSMP: AP CPU #1 Launched!\nTrying to mount root from ufs:/dev/ad8s2a\n=============================================================================\n=============================================================================\n\nHow-To-Repeat: execute again."
}