{
 "id": 871929,
 "bug_id": 207970,
 "attachment_id": 0,
 "creation_time": "2016-03-26T19:46:13Z",
 "creator": "allcoms@gmail.com",
 "text": "jmcneil pointed out in IRC that the previous dmesg woukd seem to have been from using the dtb I linked to but the stock test kernel.\n\nHaving tried again with both the kernel and dtb linked to in the last post, the kernel boots but there is no USB power.\n\nU-Boot 2015.04 (Mar 08 2016 - 10:01:34) Allwinner Technology\n\nCPU:   Allwinner A20 (SUN7I)\nI2C:   ready\nDRAM:  1 GiB\nWARNING: Caches not enabled\nMMC:   SUNXI SD/MMC: 0\nreading u-boot.env\n\n** Unable to read \"u-boot.env\" from mmc0:1 **\nUsing default environment\n\nHDMI connected: Setting up a 1280x1024 dvi console\nIn:    serial\nOut:   vga\nErr:   vga\nSCSI:  SUNXI SCSI INIT\nSATA link 0 timeout.\nAHCI 0001.0100 32 slots 1 ports 3 Gbps 0x1 impl SATA mode\nflags: ncq stag pm led clo only pmp pio slum part ccc apst \nNet:   dwmac.1c50000\nstarting USB...\nUSB0:   USB EHCI 1.00\nscanning bus 0 for devices... cannot reset port 1!?\n1 USB Device(s) found\nUSB1:   USB EHCI 1.00\nscanning bus 1 for devices... 1 USB Device(s) found\n       scanning usb for storage devices... 0 Storage Device(s) found\nHit any key to stop autoboot:  0 \nsunxi# boot\nBooting from: mmc 0 ubldr\nreading ubldr\n262594 bytes read in 78 ms (3.2 MiB/s)\n## Starting application at 0x42000094 ...\nConsoles: U-Boot console  \nCompatible U-Boot API signature found @0x7f235458\n\nFreeBSD/armv6 U-Boot loader, Revision 1.2\n(root@releng2.nyi.freebsd.org, Tue
Mar  8 10:28:28 UTC 2016)\n\nDRAM: 1024MB\nMMC Device 1 not found\nMMC Device 2 not found\nMMC Device 3 not found\nMMC Device 1 not found\nNumber of U-Boot devices: 3\nU-Boot env: loaderdev='mmc 0'\nFound U-Boot device: disk\n  Checking unit=1 slice=\u003cauto\u003e partition=\u003cauto\u003e... good.\nBooting from disk1s2a:\n/boot/kernel/kernel data=0x636324+0x125cdc syms=[0x4+0x8ae20+0x4+0x9ebda]\n\nHit [Enter] to boot immediately, or any other key for command prompt.\n\n\nType '?' for a list of commands, 'help' for more detailed help.\nloader\u003e usb start\nusb not found\nloader\u003e boot -v\nBooting...\n/boot/dtb/bananapi.dtb size=0x7a5f\nLoaded DTB from file 'bananapi.dtb'.\nKernel entry at 0x0x42200100...\nKernel args: -v\nKDB: debugger backends: ddb\nKDB: current backend: ddb\nCopyright (c) 1992-2016 The FreeBSD Project.\nCopyright (c) 1979, 1980, 1983, 1986, 1988, 1989, 1991, 1992, 1993, 1994\n        The Regents of the University of California. All rights reserved.\nFreeBSD is a registered trademark of The FreeBSD Foundation.\nFreeBSD 11.0-CURRENT #172 232036a(allwinner-clk)-dirty: Sat Mar 26 08:21:36 ADT 2016\n    jmcneill@undine.invisible.ca:/usr/home/jmcneill/obj/arm.armv6hf/usr/home/jmcneill/freebsd/sys/A20 arm\nFreeBSD clang version 3.7.1 (tags/RELEASE_371/final 255217) 20151225\nWARNING: WITNESS option enabled, expect reduced performance.\nVT: init without driver.\nPreloaded elf kernel \"/boot/kernel/kernel\" at 0xc0a97000.\nPreloaded dtb \"/boot/dtb/bananapi.dtb\" at 0xc0a9777c.\nCPU: Cortex A7 rev 4 (Cortex-A core)\n Supported features: ARM_ISA THUMB2 JAZELLE THUMBEE ARMv4 Security_Ext\n WB enabled LABT branch prediction disabled\nLoUU:2 LoC:3 LoUIS:2 \nCache level 1: \n 32KB/64B 4-way data cache WB Read-Alloc Write-Alloc\n 32KB/32B 2-way instruction cache Read-Alloc\nCache level 2: \n 256KB/64B 8-way unified cache WB Read-Alloc Write-Alloc\nreal memory  = 1073741824 (1024 MB)\navail memory = 1036029952 (988 MB)\nPhysical memory chunk(s):\n  0x40000000 - 0x7fffffff,  1024 MB ( 262144 pages)\nExcluded memory regions:\n  0x42200000 - 0x42b53fff,     9 MB (   2388 pages) NoAlloc \nStatic device mappings:\n  0x01c00000 - 0x01ffffff mapped at VA 0xffb00000\nFreeBSD/SMP: Multiprocessor System Detected: 2 CPUs\nULE: setup cpu 0\nULE: setup cpu 1\nsnd_unit_init() u=0x00ff8000 [512] d=0x00007c00 [32] c=0x000003ff [1024]\nfeeder_register: snd_unit=-1 snd_maxautovchans=16 latency=5 feeder_rate_min=1 feeder_rate_max=2016000 feeder_rate_round=25\nrandom: entropy device external interface\nnfslock: pseudo-device\ncrypto: \u003ccrypto core\u003e\nmem: \u003cmemory\u003e\nnull: \u003cfull device, null device, zero device\u003e\nopenfirm: \u003cOpen Firmware control device\u003e\nkbd0 at kbdmux0\nrandom: harvesting attach, 8 bytes (4 bits) from nexus0\nofwbus0: \u003cOpen Firmware Device Tree\u003e\naw_ccu0 on ofwbus0\naw_oscclk0: \u003cAllwinner Oscillator Clock\u003e mem 0x1c20050-0x1c20053 on aw_ccu0\nClock: osc24M, parent: (NULL)(-1), freq: 24000000\nrandom: harvesting attach, 8 bytes (4 bits) from aw_oscclk0\nclk_fixed0: \u003cFixed clock\u003e on aw_ccu0\nrandom: harvesting attach, 8 bytes (4 bits) from clk_fixed0\naw_pll0: \u003cAllwinner PLL Clock\u003e mem 0x1c20000-0x1c20003 on aw_ccu0\nClock: pll1, parent: osc24M(0), freq: 912000000\nrandom: harvesting attach, 8 bytes (4 bits) from aw_pll0\naw_pll1: \u003cAllwinner PLL Clock\u003e mem 0x1c20008-0x1c2000f on aw_ccu0\nClock: pll2-1x, parent: osc24M(0), freq: 750000\nClock: pll2-2x, parent: osc24M(0), freq: 750000\nClock: pll2-4x, parent: osc24M(0), freq: 1500000\nClock: pll2-8x, parent: osc24M(0), freq: 3000000\nrandom: harvesting attach, 8 bytes (4 bits) from aw_pll1\naw_pll2: \u003cAllwinner PLL Clock\u003e mem 0x1c20020-0x1c20023 on aw_ccu0\nClock: pll5_ddr, parent: osc24M(0), freq: 432000000\nClock: pll5_other, parent: osc24M(0), freq: 864000000\nrandom: harvesting attach, 8 bytes (4 bits) from aw_pll2\naw_pll3: \u003cAllwinner PLL Clock\u003e mem 0x1c20028-0x1c2002b on aw_ccu0\nClock: pll6_sata, parent: osc24M(0), freq: 100000000\nClock: pll6_other, parent: osc24M(0), freq: 300000000\nClock: pll6, parent: osc24M(0), freq: 600000000\nClock: pll6_div_4, parent: osc24M(0), freq: 150000000\nrandom: harvesting attach, 8 bytes (4 bits) from aw_pll3\naw_cpuclk0: \u003cAllwinner CPU Clock\u003e mem 0x1c20054-0x1c20057 on aw_ccu0\nClock: cpu, parent: pll1(2), freq: 912000000\nrandom: harvesting attach, 8 bytes (4 bits) from aw_cpuclk0\naw_axiclk0: \u003cAllwinner AXI Clock\u003e mem 0x1c20054-0x1c20057 on aw_ccu0\nClock: axi, parent: cpu(0), freq: 304000000\nrandom: harvesting attach, 8 bytes (4 bits) from aw_axiclk0\naw_ahbclk0: \u003cAllwinner AHB Clock\u003e mem 0x1c20054-0x1c20057 on aw_ccu0\nClock: ahb, parent: axi(0), freq: 152000000\nrandom: harvesting attach, 8 bytes (4 bits) from aw_ahbclk0\naw_gate0: \u003cAllwinner AHB Clock Gates\u003e mem 0x1c20060-0x1c20067 on aw_ccu0\nClock: ahb_usb0, parent: ahb(0), freq: 152000000\nClock: ahb_ehci0, parent: ahb(0), freq: 152000000\nClock: ahb_ohci0, parent: ahb(0), freq: 152000000\nClock: ahb_ehci1, parent: ahb(0), freq: 152000000\nClock: ahb_ohci1, parent: ahb(0), freq: 152000000\nClock: ahb_ss, parent: ahb(0), freq: 152000000\nClock: ahb_dma, parent: ahb(0), freq: 152000000\nClock: ahb_bist, parent: ahb(0), freq: 152000000\nClock: ahb_mmc0, parent: ahb(0), freq: 152000000\nClock: ahb_mmc1, parent: ahb(0), freq: 152000000\nClock: ahb_mmc2, parent: ahb(0), freq: 152000000\nClock: ahb_mmc3, parent: ahb(0), freq: 152000000\nClock: ahb_ms, parent: ahb(0), freq: 152000000\nClock: ahb_nand, parent: ahb(0), freq: 152000000\nClock: ahb_sdram, parent: ahb(0), freq: 152000000\nClock: ahb_ace, parent: ahb(0), freq: 152000000\nClock: ahb_emac, parent: ahb(0), freq: 152000000\nClock: ahb_ts, parent: ahb(0), freq: 152000000\nClock: ahb_spi0, parent: ahb(0), freq: 152000000\nClock: ahb_spi1, parent: ahb(0), freq: 152000000\nClock: ahb_spi2, parent: ahb(0), freq: 152000000\nClock: ahb_spi3, parent: ahb(0), freq: 152000000\nClock: ahb_sata, parent: ahb(0), freq: 152000000\nClock: ahb_hstimer, parent: ahb(0), freq: 152000000\nClock: ahb_ve, parent: ahb(0), freq: 152000000\nClock: ahb_tvd, parent: ahb(0), freq: 152000000\nClock: ahb_tve0, parent: ahb(0), freq: 152000000\nClock: ahb_tve1, parent: ahb(0), freq: 152000000\nClock: ahb_lcd0, parent: ahb(0), freq: 152000000\nClock: ahb_lcd1, parent: ahb(0), freq: 152000000\nClock: ahb_csi0, parent: ahb(0), freq: 152000000\nClock: ahb_csi1, parent: ahb(0), freq: 152000000\nClock: ahb_hdmi1, parent: ahb(0), freq: 152000000\nClock: ahb_hdmi0, parent: ahb(0), freq: 152000000\nClock: ahb_de_be0, parent: ahb(0), freq: 152000000\nClock: ahb_de_be1, parent: ahb(0), freq: 152000000\nClock: ahb_de_fe0, parent: ahb(0), freq: 152000000\nClock: ahb_de_fe1, parent: ahb(0), freq: 152000000\nClock: ahb_gmac, parent: ahb(0), freq: 152000000\nClock: ahb_mp, parent: ahb(0), freq: 152000000\nClock: ahb_mali, parent: ahb(0), freq: 152000000\nrandom: harvesting attach, 8 bytes (4 bits) from aw_gate0\naw_apbclk0: \u003cAllwinner APB Clock\u003e mem 0x1c20054-0x1c20057 on aw_ccu0\nClock: apb0, parent: ahb(0), freq: 76000000\nrandom: harvesting attach, 8 bytes (4 bits) from aw_apbclk0\naw_gate1: \u003cAllwinner APB0 Clock Gates\u003e mem 0x1c20068-0x1c2006b on aw_ccu0\nClock: apb0_codec, parent: apb0(0), freq: 76000000\nClock: apb0_spdif, parent: apb0(0), freq: 76000000\nClock: apb0_ac97, parent: apb0(0), freq: 76000000\nClock: apb0_iis0, parent: apb0(0), freq: 76000000\nClock: apb0_iis1, parent: apb0(0), freq: 76000000\nClock: apb0_pio, parent: apb0(0), freq: 76000000\nClock: apb0_ir0, parent: apb0(0), freq: 76000000\nClock: apb0_ir1, parent: apb0(0), freq: 76000000\nClock: apb0_iis2, parent: apb0(0), freq: 76000000\nClock: apb0_keypad, parent: apb0(0), freq: 76000000\nrandom: harvesting attach, 8 bytes (4 bits) from aw_gate1\naw_apbclk1: \u003cAllwinner APB Clock\u003e mem 0x1c20058-0x1c2005b on aw_ccu0\nClock: apb1, parent: osc24M(0), freq: 24000000\nrandom: harvesting attach, 8 bytes (4 bits) from aw_apbclk1\naw_gate2: \u003cAllwinner APB1 Clock Gates\u003e mem 0x1c2006c-0x1c2006f on aw_ccu0\nClock: apb1_i2c0, parent: apb1(0), freq: 24000000\nClock: apb1_i2c1, parent: apb1(0), freq: 24000000\nClock: apb1_i2c2, parent: apb1(0), freq: 24000000\nClock: apb1_i2c3, parent: apb1(0), freq: 24000000\nClock: apb1_can, parent: apb1(0), freq: 24000000\nClock: apb1_scr, parent: apb1(0), freq: 24000000\nClock: apb1_ps20, parent: apb1(0), freq: 24000000\nClock: apb1_ps21, parent: apb1(0), freq: 24000000\nClock: apb1_i2c4, parent: apb1(0), freq: 24000000\nClock: apb1_uart0, parent: apb1(0), freq: 24000000\nClock: apb1_uart1, parent: apb1(0), freq: 24000000\nClock: apb1_uart2, parent: apb1(0), freq: 24000000\nClock: apb1_uart3, parent: apb1(0), freq: 24000000\nClock: apb1_uart4, parent: apb1(0), freq: 24000000\nClock: apb1_uart5, parent: apb1(0), freq: 24000000\nClock: apb1_uart6, parent: apb1(0), freq: 24000000\nClock: apb1_uart7, parent: apb1(0), freq: 24000000\nrandom: harvesting attach, 8 bytes (4 bits) from aw_gate2\naw_modclk0: \u003cAllwinner Module Clock\u003e mem 0x1c20080-0x1c20083 on aw_ccu0\nClock: nand, parent: osc24M(0), freq: 24000000\nrandom: harvesting attach, 8 bytes (4 bits) from aw_modclk0\naw_modclk1: \u003cAllwinner Module Clock\u003e mem 0x1c20084-0x1c20087 on aw_ccu0\nClock: ms, parent: osc24M(0), freq: 24000000\nrandom: harvesting attach, 8 bytes (4 bits) from aw_modclk1\naw_mmcclk0: \u003cAllwinner MMC Clock\u003e mem 0x1c20088-0x1c2008b on aw_ccu0\nClock: mmc0, parent: pll6_other(1), freq: 25000000\nrandom: harvesting attach, 8 bytes (4 bits) from aw_mmcclk0\naw_mmcclk1: \u003cAllwinner MMC Clock\u003e mem 0x1c2008c-0x1c2008f on aw_ccu0\nClock: mmc1, parent: osc24M(0), freq: 24000000\nrandom: harvesting attach, 8 bytes (4 bits) from aw_mmcclk1\naw_mmcclk2: \u003cAllwinner MMC Clock\u003e mem 0x1c20090-0x1c20093 on aw_ccu0\nClock: mmc2, parent: osc24M(0), freq: 24000000\nrandom: harvesting attach, 8 bytes (4 bits) from aw_mmcclk2\naw_mmcclk3: \u003cAllwinner MMC Clock\u003e mem 0x1c20094-0x1c20097 on aw_ccu0\nClock: mmc3, parent: osc24M(0), freq: 24000000\nrandom: harvesting attach, 8 bytes (4 bits) from aw_mmcclk3\naw_modclk2: \u003cAllwinner Module Clock\u003e mem 0x1c20098-0x1c2009b on aw_ccu0\nClock: ts, parent: osc24M(0), freq: 24000000\nrandom: harvesting attach, 8 bytes (4 bits) from aw_modclk2\naw_modclk3: \u003cAllwinner Module Clock\u003e mem 0x1c2009c-0x1c2009f on aw_ccu0\nClock: ss, parent: osc24M(0), freq: 24000000\nrandom: harvesting attach, 8 bytes (4 bits) from aw_modclk3\naw_modclk4: \u003cAllwinner Module Clock\u003e mem 0x1c200a0-0x1c200a3 on aw_ccu0\nClock: spi0, parent: osc24M(0), freq: 24000000\nrandom: harvesting attach, 8 bytes (4 bits) from aw_modclk4\naw_modclk5: \u003cAllwinner Module Clock\u003e mem 0x1c200a4-0x1c200a7 on aw_ccu0\nClock: spi1, parent: osc24M(0), freq: 24000000\nrandom: harvesting attach, 8 bytes (4 bits) from aw_modclk5\naw_modclk6: \u003cAllwinner Module Clock\u003e mem 0x1c200a8-0x1c200ab on aw_ccu0\nClock: spi2, parent: osc24M(0), freq: 24000000\nrandom: harvesting attach, 8 bytes (4 bits) from aw_modclk6\naw_modclk7: \u003cAllwinner Module Clock\u003e mem 0x1c200ac-0x1c200af on aw_ccu0\nClock: pata, parent: osc24M(0), freq: 24000000\nrandom: harvesting attach, 8 bytes (4 bits) from aw_modclk7\naw_modclk8: \u003cAllwinner Module Clock\u003e mem 0x1c200b0-0x1c200b3 on aw_ccu0\nClock: ir0, parent: osc24M(0), freq: 24000000\nrandom: harvesting attach, 8 bytes (4 bits) from aw_modclk8\naw_modclk9: \u003cAllwinner Module Clock\u003e mem 0x1c200b4-0x1c200b7 on aw_ccu0\nClock: ir1, parent: osc24M(0), freq: 24000000\nrandom: harvesting attach, 8 bytes (4 bits) from aw_modclk9\naw_modclk10: \u003cAllwinner Module Clock\u003e mem 0x1c200c4-0x1c200c7 on aw_ccu0\nClock: keypad, parent: osc24M(0), freq: 750000\nrandom: harvesting attach, 8 bytes (4 bits) from aw_modclk10\naw_usbclk0: \u003cAllwinner USB Clocks\u003e mem 0x1c200cc-0x1c200cf on aw_ccu0\nClock: usb_ohci0, parent: pll6_other(0), freq: 300000000\nClock: usb_ohci1, parent: pll6_other(0), freq: 300000000\nClock: usb_phy, parent: pll6_other(0), freq: 300000000\nrandom: harvesting attach, 8 bytes (4 bits) from aw_usbclk0\naw_modclk11: \u003cAllwinner Module Clock\u003e mem 0x1c200d4-0x1c200d7 on aw_ccu0\nClock: spi3, parent: osc24M(0), freq: 24000000\nrandom: harvesting attach, 8 bytes (4 bits) from aw_modclk11\naw_gate3: \u003cAllwinner DRAM Clock Gates\u003e mem 0x1c20100-0x1c20103 on aw_ccu0\nClock: dram_ve, parent: pll5_ddr(0), freq: 432000000\nClock: dram_csi0, parent: pll5_ddr(0), freq: 432000000\nClock: dram_csi1, parent: pll5_ddr(0), freq: 432000000\nClock: dram_ts, parent: pll5_ddr(0), freq: 432000000\nClock: dram_tvd, parent: pll5_ddr(0), freq: 432000000\nClock: dram_tve0, parent: pll5_ddr(0), freq: 432000000\nClock: dram_tve1, parent: pll5_ddr(0), freq: 432000000\nClock: dram_output, parent: pll5_ddr(0), freq: 432000000\nClock: dram_de_fe1, parent: pll5_ddr(0), freq: 432000000\nClock: dram_de_fe0, parent: pll5_ddr(0), freq: 432000000\nClock: dram_de_be0, parent: pll5_ddr(0), freq: 432000000\nClock: dram_de_be1, parent: pll5_ddr(0), freq: 432000000\nClock: dram_de_mp, parent: pll5_ddr(0), freq: 432000000\nClock: dram_ace, parent: pll5_ddr(0), freq: 432000000\nrandom: harvesting attach, 8 bytes (4 bits) from aw_gate3\naw_codecclk0: \u003cAllwinner CODEC Clock\u003e mem 0x1c20140-0x1c20143 on aw_ccu0\nClock: codec, parent: pll2-1x(0), freq: 750000\nrandom: harvesting attach, 8 bytes (4 bits) from aw_codecclk0\nclk_fixed1: \u003cFixed clock\u003e on aw_ccu0\nrandom: harvesting attach, 8 bytes (4 bits) from clk_fixed1\nclk_fixed2: \u003cFixed clock\u003e on aw_ccu0\nrandom: harvesting attach, 8 bytes (4 bits) from clk_fixed2\naw_gmacclk0: \u003cAllwinner Module Clock\u003e mem 0x1c20164-0x1c20167 on aw_ccu0\nClock: gmac_tx, parent: gmac_int_tx(1), freq: 125000000\nrandom: harvesting attach, 8 bytes (4 bits) from aw_gmacclk0\nclk_fixed3: \u003cFixed factor clock\u003e on aw_ccu0\nrandom: harvesting attach, 8 bytes (4 bits) from clk_fixed3\nrandom: harvesting attach, 8 bytes (4 bits) from aw_ccu0\nsimplebus0: \u003cFlattened device tree simple bus\u003e on ofwbus0\nrandom: harvesting attach, 8 bytes (4 bits) from simplebus0\nregfix0: \u003cFixed Regulator\u003e on ofwbus0\nrandom: harvesting attach, 8 bytes (4 bits) from regfix0\nregfix1: \u003cFixed Regulator\u003e on ofwbus0\nrandom: harvesting attach, 8 bytes (4 bits) from regfix1\nregfix2: \u003cFixed Regulator\u003e on ofwbus0\nrandom: harvesting attach, 8 bytes (4 bits) from regfix2\nregfix3: \u003cFixed Regulator\u003e on ofwbus0\nrandom: harvesting attach, 8 bytes (4 bits) from regfix3\nregfix4: \u003cFixed Regulator\u003e on ofwbus0\nrandom: harvesting attach, 8 bytes (4 bits) from regfix4\nregfix5: \u003cFixed Regulator\u003e on ofwbus0\nrandom: harvesting attach, 8 bytes (4 bits) from regfix5\nregfix6: \u003cFixed Regulator\u003e on ofwbus0\nrandom: harvesting attach, 8 bytes (4 bits) from regfix6\nrandom: harvesting attach, 8 bytes (4 bits) from ofwbus0\ngpio0: \u003cAllwinner GPIO/Pinmux controller\u003e mem 0x1c20800-0x1c20bff irq 24 on simplebus0\ngpiobus0: \u003cOFW GPIO bus\u003e on gpio0\nrandom: harvesting attach, 8 bytes (4 bits) from gpiobus0\nProcessing 3 pin-config node(s) in pinctrl-0 for spi@01c05000\nProcessing 2 pin-config node(s) in pinctrl-0 for mmc@01c0f000\nProcessing 1 pin-config node(s) in pinctrl-0 for phy@01c13400\nProcessing 1 pin-config node(s) in pinctrl-0 for ir@01c21800\nProcessing 1 pin-config node(s) in pinctrl-0 for serial@01c28000\nProcessing 1 pin-config node(s) in pinctrl-0 for i2c@01c2ac00\nProcessing 1 pin-config node(s) in pinctrl-0 for i2c@01c2b400\nProcessing 1 pin-config node(s) in pinctrl-0 for ethernet@01c50000\nProcessing 1 pin-config node(s) in pinctrl-0 for usb0-vbus\nProcessing 1 pin-config node(s) in pinctrl-0 for usb1-vbus\nProcessing 1 pin-config node(s) in pinctrl-0 for usb2-vbus\nProcessing 1 pin-config node(s) in pinctrl-0 for leds\nProcessing 1 pin-config node(s) in pinctrl-0 for gmac-3v3\nrandom: harvesting attach, 8 bytes (4 bits) from gpio0\ngic0: \u003cARM Generic Interrupt Controller\u003e mem 0x1c81000-0x1c81fff,0x1c82000-0x1c82fff,0x1c84000-0x1c85fff,0x1c86000-0x1c87fff irq 54 on simplebus0\ngic0: pn 0x10, arch 0x2, rev 0x1, implementer 0x43b irqs 160\nrandom: harvesting attach, 8 bytes (4 bits) from gic0\ngeneric_timer0: \u003cARMv7 Generic Timer\u003e irq 0,1,2,3 on ofwbus0\nTimecounter \"ARM MPCore Timecounter\" frequency 24000000 Hz quality 1000\nEvent timer \"ARM MPCore Eventtimer\" frequency 24000000 Hz quality 1000\nrandom: harvesting attach, 8 bytes (4 bits) from generic_timer0\nrtc0: \u003cAllwinner RTC\u003e mem 0x1c20d00-0x1c20d1f irq 27 on simplebus0\nrtc0: Using external oscillator\nrtc0: registered as a time-of-day clock (resolution 1000000us, adjustment 0.500000000s)\nrandom: harvesting attach, 8 bytes (4 bits) from rtc0\ncpulist0: \u003cOpen Firmware CPU Group\u003e on ofwbus0\ncpu0: \u003cOpen Firmware CPU\u003e on cpulist0\ncpu0: missing 'clock-frequency' property\nrandom: harvesting attach, 8 bytes (4 bits) from cpu0\ncpu1: \u003cOpen Firmware CPU\u003e on cpulist0\ncpu1: missing 'clock-frequency' property\nrandom: harvesting attach, 8 bytes (4 bits) from cpu1\nrandom: harvesting attach, 8 bytes (4 bits) from cpulist0\nofwbus0: \u003cpmu\u003e irq 4,5 compat arm,cortex-a7-pmu (no driver attached)\naw_ccu0: \u003cclk@01c20018\u003e mem 0x1c20018-0x1c2001b compat allwinner,sun7i-a20-pll4-clk (no driver attached)\naw_ccu0: \u003cclk@01c20040\u003e mem 0x1c20040-0x1c20043 compat allwinner,sun7i-a20-pll4-clk (no driver attached)\naw_ccu0: \u003cclk@01c2013c\u003e mem 0x1c2013c-0x1c2013f compat allwinner,sun4i-a10-ve-clk (no driver attached)\naw_ccu0: \u003cclk@01c2015c\u003e mem 0x1c2015c-0x1c2015f compat allwinner,sun5i-a13-mbus-clk (no driver attached)\naw_ccu0: \u003cclk@01c201f0\u003e mem 0x1c201f0-0x1c201f3 compat allwinner,sun7i-a20-out-clk (no driver attached)\naw_ccu0: \u003cclk@01c201f4\u003e mem 0x1c201f4-0x1c201f7 compat allwinner,sun7i-a20-out-clk (no driver attached)\nsimplebus0: \u003csram-controller@01c00000\u003e mem 0x1c00000-0x1c0002f compat allwinner,sun4i-a10-sram-controller (no driver attached)\nsimplebus0: \u003cinterrupt-controller@01c00030\u003e mem 0x1c00030-0x1c0003b irq 6 compat allwinner,sun7i-a20-sc-nmi (no driver attached)\na10dmac0: \u003cAllwinner DMA controller\u003e mem 0x1c02000-0x1c02fff irq 7 on simplebus0\nrandom: harvesting attach, 8 bytes (4 bits) from a10dmac0\nsimplebus0: \u003cspi@01c05000\u003e mem 0x1c05000-0x1c05fff irq 8 compat allwinner,sun4i-a10-spi (no driver attached)\nsimplebus0: \u003cspi@01c06000\u003e mem 0x1c06000-0x1c06fff irq 9 disabled compat allwinner,sun4i-a10-spi (no driver attached)\nsimplebus0: \u003cethernet@01c0b000\u003e mem 0x1c0b000-0x1c0bfff irq 10 disabled compat allwinner,sun4i-a10-emac (no driver attached)\nsimplebus0: \u003cmdio@01c0b080\u003e mem 0x1c0b080-0x1c0b093 disabled compat allwinner,sun4i-a10-mdio (no driver attached)\na10_mmc0: \u003cAllwinner Integrated MMC/SD controller\u003e mem 0x1c0f000-0x1c0ffff irq 11 on simplebus0\na10_mmc0: DMA status: enabled\nmmc0: \u003cMMC/SD bus\u003e on a10_mmc0\nrandom: harvesting attach, 8 bytes (4 bits) from mmc0\nrandom: harvesting attach, 8 bytes (4 bits) from a10_mmc0\nsimplebus0: \u003cmmc@01c10000\u003e mem 0x1c10000-0x1c10fff irq 12 disabled compat allwinner,sun5i-a13-mmc (no driver attached)\nsimplebus0: \u003cmmc@01c11000\u003e mem 0x1c11000-0x1c11fff irq 13 disabled compat allwinner,sun5i-a13-mmc (no driver attached)\nsimplebus0: \u003cmmc@01c12000\u003e mem 0x1c12000-0x1c12fff irq 14 disabled compat allwinner,sun5i-a13-mmc (no driver attached)\nsimplebus0: \u003cusb@01c13000\u003e mem 0x1c13000-0x1c133ff irq 15 compat allwinner,sun4i-a10-musb (no driver attached)\nawusbphy0: \u003cAllwinner USB PHY\u003e mem 0x1c13400-0x1c1340f,0x1c14800-0x1c14803,0x1c1c800-0x1c1c803 on simplebus0\nrandom: harvesting attach, 8 bytes (4 bits) from awusbphy0\nehci0: \u003cAllwinner Integrated USB 2.0 controller\u003e mem 0x1c14000-0x1c140ff irq 16 on simplebus0\nusbus0: EHCI version 1.0\nusbus0 on ehci0\nehci0: usbpf: Attached\nrandom: harvesting attach, 8 bytes (4 bits) from usbus0\nrandom: harvesting attach, 8 bytes (4 bits) from ehci0\nsimplebus0: \u003cusb@01c14400\u003e mem 0x1c14400-0x1c144ff irq 17 compat allwinner,sun7i-a20-ohci (no driver attached)\nsimplebus0: \u003ccrypto-engine@01c15000\u003e mem 0x1c15000-0x1c15fff irq 18 compat allwinner,sun4i-a10-crypto (no driver attached)\nsimplebus0: \u003cspi@01c17000\u003e mem 0x1c17000-0x1c17fff irq 19 disabled compat allwinner,sun4i-a10-spi (no driver attached)\nahci0: \u003cAllwinner Integrated AHCI controller\u003e mem 0x1c18000-0x1c18fff irq 20 on simplebus0\nahci0: AHCI v1.10 with 1 3Gbps ports, Port Multiplier not supported\nahci0: quirks=0x2\u003cNOPMP\u003e\nahci0: Caps: NCQ SNTF SS ALP AL CLO 3Gbps PMD SSC PSC 32cmd CCC 1ports\nahcich0: \u003cAHCI channel\u003e at channel 0 on ahci0\nahcich0: Caps:\nrandom: harvesting attach, 8 bytes (4 bits) from ahcich0\nrandom: harvesting attach, 8 bytes (4 bits) from ahci0\nehci1: \u003cAllwinner Integrated USB 2.0 controller\u003e mem 0x1c1c000-0x1c1c0ff irq 21 on simplebus0\nusbus1: EHCI version 1.0\nusbus1 on ehci1\nehci1: usbpf: Attached\nrandom: harvesting attach, 8 bytes (4 bits) from usbus1\nrandom: harvesting attach, 8 bytes (4 bits) from ehci1\nsimplebus0: \u003cusb@01c1c400\u003e mem 0x1c1c400-0x1c1c4ff irq 22 compat allwinner,sun7i-a20-ohci (no driver attached)\nsimplebus0: \u003cspi@01c1f000\u003e mem 0x1c1f000-0x1c1ffff irq 23 disabled compat allwinner,sun4i-a10-spi (no driver attached)\ngpioled0: \u003cGPIO led\u003e at pin 149 on gpiobus0\nrandom: harvesting attach, 8 bytes (4 bits) from gpioled0\ngpioc0: \u003cGPIO controller\u003e on gpio0\nrandom: harvesting attach, 8 bytes (4 bits) from gpioc0\nsimplebus0: \u003ctimer@01c20c00\u003e mem 0x1c20c00-0x1c20c8f irq 25,26,27,28,29,30 compat allwinner,sun4i-a10-timer (no driver attached)\naw_wdog0: \u003cAllwinner A10 Watchdog\u003e mem 0x1c20c90-0x1c20c9f on simplebus0\nrandom: harvesting attach, 8 bytes (4 bits) from aw_wdog0\nsimplebus0: \u003cpwm@01c20e00\u003e mem 0x1c20e00-0x1c20e0b disabled compat allwinner,sun7i-a20-pwm (no driver attached)\nsimplebus0: \u003cir@01c21800\u003e mem 0x1c21800-0x1c2183f irq 31 compat allwinner,sun4i-a10-ir (no driver attached)\nsimplebus0: \u003cir@01c21c00\u003e mem 0x1c21c00-0x1c21c3f irq 32 disabled compat allwinner,sun4i-a10-ir (no driver attached)\nsimplebus0: \u003clradc@01c22800\u003e mem 0x1c22800-0x1c228ff irq 33 disabled compat allwinner,sun4i-a10-lradc-keys (no driver attached)\npcm0: \u003cAllwinner Audio Codec\u003e mem 0x1c22c00-0x1c22c3f irq 34 on simplebus0\npcm0: Mixer \"vol\":\npcm0: Mixer \"line\":\npcm0: Mixer \"rec\":\nrandom: harvesting attach, 8 bytes (4 bits) from pcm0\nsimplebus0: \u003ceeprom@01c23800\u003e mem 0x1c23800-0x1c239ff compat allwinner,sun7i-a20-sid (no driver attached)\nsimplebus0: \u003crtp@01c25000\u003e mem 0x1c25000-0x1c250ff irq 35 compat allwinner,sun5i-a13-ts (no driver attached)\nuart0: \u003c16750 or compatible\u003e mem 0x1c28000-0x1c283ff irq 36 on simplebus0\nuart0: console (115384,n,8,1)\nuart0: fast interrupt\nuart0: PPS capture mode: DCDinvalid\nrandom: harvesting attach, 8 bytes (4 bits) from uart0\nsimplebus0: \u003cserial@01c28400\u003e mem 0x1c28400-0x1c287ff irq 37 disabled compat snps,dw-apb-uart (no driver attached)\nsimplebus0: \u003cserial@01c28800\u003e mem 0x1c28800-0x1c28bff irq 38 disabled compat snps,dw-apb-uart (no driver attached)\nsimplebus0: \u003cserial@01c28c00\u003e mem 0x1c28c00-0x1c28fff irq 39 disabled compat snps,dw-apb-uart (no driver attached)\nsimplebus0: \u003cserial@01c29000\u003e mem 0x1c29000-0x1c293ff irq 40 disabled compat snps,dw-apb-uart (no driver attached)\nsimplebus0: \u003cserial@01c29400\u003e mem 0x1c29400-0x1c297ff irq 41 disabled compat snps,dw-apb-uart (no driver attached)\nsimplebus0: \u003cserial@01c29800\u003e mem 0x1c29800-0x1c29bff irq 42 disabled compat snps,dw-apb-uart (no driver attached)\nsimplebus0: \u003cserial@01c29c00\u003e mem 0x1c29c00-0x1c29fff irq 43 disabled compat snps,dw-apb-uart (no driver attached)\niichb0: \u003cAllwinner Integrated I2C Bus Controller\u003e mem 0x1c2ac00-0x1c2afff irq 44 on simplebus0\niicbus0: \u003cOFW I2C bus\u003e on iichb0\niic0: \u003cI2C generic I/O\u003e on iicbus0\nrandom: harvesting attach, 8 bytes (4 bits) from iic0\naxp209_pmu0: \u003cX-Power AXP209 Power Management Unit\u003e at addr 0x68 irq 57 on iicbus0\naxp209_pmu0: AXP209 Powered by AC and USB\nrandom: harvesting attach, 8 bytes (4 bits) from axp209_pmu0\nrandom: harvesting attach, 8 bytes (4 bits) from iicbus0\nrandom: harvesting attach, 8 bytes (4 bits) from iichb0\nsimplebus0: \u003ci2c@01c2b000\u003e mem 0x1c2b000-0x1c2b3ff irq 45 disabled compat allwinner,sun7i-a20-i2c (no driver attached)\niichb1: \u003cAllwinner Integrated I2C Bus Controller\u003e mem 0x1c2b400-0x1c2b7ff irq 46 on simplebus0\niicbus1: \u003cOFW I2C bus\u003e on iichb1\niic1: \u003cI2C generic I/O\u003e on iicbus1\nrandom: harvesting attach, 8 bytes (4 bits) from iic1\nrandom: harvesting attach, 8 bytes (4 bits) from iicbus1\nrandom: harvesting attach, 8 bytes (4 bits) from iichb1\nsimplebus0: \u003ci2c@01c2b800\u003e mem 0x1c2b800-0x1c2bbff irq 47 disabled compat allwinner,sun7i-a20-i2c (no driver attached)\nsimplebus0: \u003ci2c@01c2c000\u003e mem 0x1c2c000-0x1c2c3ff irq 48 disabled compat allwinner,sun7i-a20-i2c (no driver attached)\ndwc0: \u003cA20 Gigabit Ethernet Controller\u003e mem 0x1c50000-0x1c5ffff irq 49 on simplebus0\ndwc0: Can't reset DWC.\ndevice_attach: dwc0 attach returned 6\nsimplebus0: \u003chstimer@01c60000\u003e mem 0x1c60000-0x1c60fff irq 50,51,52,53 compat allwinner,sun7i-a20-hstimer (no driver attached)\nsimplebus0: \u003cps2@01c2a000\u003e mem 0x1c2a000-0x1c2a3ff irq 55 disabled compat allwinner,sun4i-a10-ps2 (no driver attached)\nsimplebus0: \u003cps2@01c2a400\u003e mem 0x1c2a400-0x1c2a7ff irq 56 disabled compat allwinner,sun4i-a10-ps2 (no driver attached)\nofwbus0: \u003cahci-5v\u003e disabled compat regulator-fixed (no driver attached)\nofwbus0: \u003cleds\u003e compat gpio-leds (no driver attached)\ncryptosoft0: \u003csoftware crypto\u003e\ncrypto: assign cryptosoft0 driver id 0, flags 100663296\ncrypto: cryptosoft0 registers alg 1 flags 0 maxoplen 0\ncrypto: cryptosoft0 registers alg 2 flags 0 maxoplen 0\ncrypto: cryptosoft0 registers alg 3 flags 0 maxoplen 0\ncrypto: cryptosoft0 registers alg 4 flags 0 maxoplen 0\ncrypto: cryptosoft0 registers alg 5 flags 0 maxoplen 0\ncrypto: cryptosoft0 registers alg 16 flags 0 maxoplen 0\ncrypto: cryptosoft0 registers alg 6 flags 0 maxoplen 0\ncrypto: cryptosoft0 registers alg 7 flags 0 maxoplen 0\ncrypto: cryptosoft0 registers alg 18 flags 0 maxoplen 0\ncrypto: cryptosoft0 registers alg 19 flags 0 maxoplen 0\ncrypto: cryptosoft0 registers alg 20 flags 0 maxoplen 0\ncrypto: cryptosoft0 registers alg 8 flags 0 maxoplen 0\ncrypto: cryptosoft0 registers alg 15 flags 0 maxoplen 0\ncrypto: cryptosoft0 registers alg 9 flags 0 maxoplen 0\ncrypto: cryptosoft0 registers alg 10 flags 0 maxoplen 0\ncrypto: cryptosoft0 registers alg 13 flags 0 maxoplen 0\ncrypto: cryptosoft0 registers alg 14 flags 0 maxoplen 0\ncrypto: cryptosoft0 registers alg 11 flags 0 maxoplen 0\ncrypto: cryptosoft0 registers alg 22 flags 0 maxoplen 0\ncrypto: cryptosoft0 registers alg 23 flags 0 maxoplen 0\ncrypto: cryptosoft0 registers alg 25 flags 0 maxoplen 0\ncrypto: cryptosoft0 registers alg 24 flags 0 maxoplen 0\ncrypto: cryptosoft0 registers alg 26 flags 0 maxoplen 0\ncrypto: cryptosoft0 registers alg 27 flags 0 maxoplen 0\ncrypto: cryptosoft0 registers alg 28 flags 0 maxoplen 0\ncrypto: cryptosoft0 registers alg 21 flags 0 maxoplen 0\ncrypto: cryptosoft0 registers alg 17 flags 0 maxoplen 0\nrandom: harvesting attach, 8 bytes (4 bits) from cryptosoft0\nprocfs registered\nTimecounters tick every 10.000 msec\ntcp_init: net.inet.tcp.tcbhashsize auto tuned to 8192\nIPsec: Initialized Security Association Processing.\nlo0: bpf attached\nmmc0: Probing bus\nusbus0: 480Mbps High Speed USB v2.0\nusbus1: 480Mbps High Speed USB v2.0\nahcich0: AHCI reset...\nugen0.1: \u003cAllwinner\u003e at usbus0\nuhub0: \u003cAllwinner EHCI root HUB, class 9/0, rev 2.00/1.00, addr 1\u003e on usbus0\nugen1.1: \u003cAllwinner\u003e at usbus1\nuhub1: \u003cAllwinner EHCI root HUB, class 9/0, rev 2.00/1.00, addr 1\u003e on usbus1\nahcich0: SATA connect timeout time=10000us status=00000000\nahcich0: AHCI reset: device not found\nmmc0: SD 2.0 interface conditions: OK\nmmc0: SD probe: OK (OCR: 0x00ff8000)\nmmc0: Current OCR: 0x00ff8000\nmmc0: Probing cards\nmmc0: New card detected (CID 02544d5341303447039c526d1e009aaf)\nmmc0: New card detected (CSD 400e00325b5900001d7b7f800a40005d)\nmmc0: Card at relative address 0x1234 added:\nmmc0:  card: SDHC SA04G 0.3 SN 9C526D1E MFG 10/2009 by 2 TM\nmmc0:  bus: 4bit, 50MHz, high speed timing\nmmc0:  memory: 7729152 blocks, erase sector 8192 blocks\nmmc0: setting transfer rate to 50.000MHz (high speed timing)\nmmcsd0: 4GB \u003cSDHC SA04G 0.3 SN 9C526D1E MFG 10/2009 by 2 TM\u003e at mmc0 50.0MHz/4bit/65535-block\nrandom: harvesting attach, 8 bytes (4 bits) from mmcsd0\nRelease APs\nWARNING: WITNESS option enabled, expect reduced performance.\nGEOM: new disk mmcsd0\nmmc0: Trying to mount root from ufs:/dev/ufs/rootfs [rw]...\nsetting bus width to 4 bits\nGEOM_PART: partition 1 on (mmcsd0, MBR) is not aligned on 4194304 bytes\nGEOM_PART: partition 2 on (mmcsd0, MBR) is not aligned on 4194304 bytes\nGEOM_PART: partition 1 on (mmcsd0s2, BSD) is not aligned on 4194304 bytes\nGEOM_PART: partition 1 on (diskid/DISK-9C526D1E, MBR) is not aligned on 4194304 bytes\nGEOM_PART: partition 2 on (diskid/DISK-9C526D1E, MBR) is not aligned on 4194304 bytes\nGEOM_PART: partition 1 on (diskid/DISK-9C526D1Es2, BSD) is not aligned on 4194304 bytes\nstart_init: trying /sbin/init\nuhub0: 1 port with 1 removable, self powered\nrandom: harvesting attach, 8 bytes (4 bits) from uhub0\nuhub1: 1 port with 1 removable, self powered\nrandom: harvesting attach, 8 bytes (4 bits) from uhub1\nSetting hostuuid: 251cce5f-e51a-11e5-b667-855498dbc380.\nSetting hostid: 0x17d69c0e.\nNo suitable dump device was found.\nStarting file system checks:\n/dev/ufs/rootfs: FILE SYSTEM CLEAN; SKIPPING CHECKS\n/dev/ufs/rootfs: clean, 726562 free (250 frags, 90789 blocks, 0.0% fragmentation)\nGEOM_PART: partition 1 on (diskid/DISK-9C526D1E, MBR) is not aligned on 4194304 bytes\nGEOM_PART: partition 2 on (diskid/DISK-9C526D1E, MBR) is not aligned on 4194304 bytes\nGEOM_PART: partition 1 on (diskid/DISK-9C526D1Es2, BSD) is not aligned on 4194304 bytes\nMounting local file systems:.\nSetting hostname: a20.\nSetting up harvesting:[UMA],[FS_ATIME],SWI,INTERRUPT,NET_NG,NET_ETHER,NET_TUN,MOUSE,KEYBOARD,ATTACH,CACHED\nFeeding entropy:random: unblocking device.\n.\nStarting Network: lo0.\nlo0: flags=8049\u003cUP,LOOPBACK,RUNNING,MULTICAST\u003e metric 0 mtu 16384\n        options=600003\u003cRXCSUM,TXCSUM,RXCSUM_IPV6,TXCSUM_IPV6\u003e\n        inet6 ::1 prefixlen 128 \n        inet6 fe80::1%lo0 prefixlen 64 scopeid 0x1 \n        inet 127.0.0.1 netmask 0xff000000 \n        groups: lo \n        nd6 options=21\u003cPERFORMNUD,AUTO_LINKLOCAL\u003e\nELF ldconfig path: /lib /usr/lib /usr/lib/compat\nStarting devd.\nadd net fe80::: gateway ::1\nadd net ff02::: gateway ::1\nadd net ::ffff:0.0.0.0: gateway ::1\nadd net ::0.0.0.0: gateway ::1\nCreating and/or trimming log files.\nStarting syslogd.\nClearing /tmp (X related).\nUpdating motd:.\nMounting late file systems:.\nPerforming sanity check on sshd configuration.\nCould not load host key: /etc/ssh/ssh_host_dsa_key\nStarting sshd.\nCould not load host key: /etc/ssh/ssh_host_dsa_key\nStarting cron.\nStarting background file system checks in 60 seconds.\n\nThu Jan  1 02:19:31 UTC 1970\n\nFreeBSD/arm (a20) (ttyu0)\n\nlogin:"
}