{
 "id": 873875,
 "bug_id": 207970,
 "attachment_id": 0,
 "creation_time": "2016-04-09T16:10:33Z",
 "creator": "allcoms@gmail.com",
 "text": "U-Boot SPL 2016.01 (Mar 23 2016 - 21:24:01)\nDRAM: 1024 MiB\nCPU: 912000000Hz, AXI/AHB/APB: 3/2/2\nTrying to boot from MMC\n\n\nU-Boot 2016.01 (Mar 23 2016 - 21:24:01 +0100) Allwinner Technology\n\nCPU:   Allwinner A20 (SUN7I)\nI2C:   ready\nDRAM:  1 GiB\nWARNING: Caches not enabled\nMMC:   SUNXI SD/MMC: 0\nreading u-boot.env\n\n** Unable to read \"u-boot.env\" from mmc0:1 **\nUsing default environment\n\nHDMI connected: Setting up a 1280x1024 dvi console (overscan 0x0)\nIn:    serial\nOut:   vga\nErr:   vga\nSCSI:  SUNXI SCSI INIT\nSATA link 0 timeout.\nAHCI 0001.0100 32 slots 1 ports 3 Gbps 0x1 impl SATA mode\nflags: ncq stag pm led clo only pmp pio slum part ccc apst \nNet:   eth0: ethernet@01c50000\nstarting USB...\nUSB0:   USB EHCI 1.00\nUSB1:   USB OHCI 1.0\nUSB2:   USB EHCI 1.00\nUSB3:   USB OHCI 1.0\nscanning bus 0 for devices... 1 USB Device(s) found\nscanning bus 2 for devices... 1 USB Device(s) found\nHit any key to stop autoboot:  0 \nBooting from: mmc 0 ubldr\nreading ubldr\n262685 bytes read in 77 ms (3.3 MiB/s)\n## Starting application at 0x42000094 ...\nConsoles: U-Boot console  \nCompatible U-Boot API signature found @0x7af3e338\n\nFreeBSD/armv6 U-Boot loader, Revision 1.2\n(root@releng2.nyi.freebsd.org, Fri
Apr  8 07:03:08 UTC 2016)\n\nDRAM: 1024MB\nMMC Device 1 not found\nNumber of U-Boot devices: 2\nU-Boot env: loaderdev='mmc 0'\nFound U-Boot device: disk\n  Checking unit=1 slice=\u003cauto\u003e partition=\u003cauto\u003e... good.\nBooting from disk1s2a:\n/boot/kernel/kernel data=0x634ca4+0x12735c syms=[0x4+0x8acb0+0x4+0x9eae7]\n\nHit [Enter] to boot immediately, or any other key for command prompt.\nBooting [/boot/kernel/kernel]...               \nNo valid device tree blob found!\n\nType '?' for a list of commands, 'help' for more detailed help.\nloader\u003e load -t dtb /boot/dtb/bananapi.dtb                      \n/boot/dtb/bananapi.dtb size=0x80ef\nloader\u003e boot\nBooting...\nUsing DTB from loaded file '/boot/dtb/bananapi.dtb'.\nKernel entry at 0x0x42200100...\nKernel args: (null)\nKDB: debugger backends: ddb\nKDB: current backend: ddb\nCopyright (c) 1992-2016 The FreeBSD Project.\nCopyright (c) 1979, 1980, 1983, 1986, 1988, 1989, 1991, 1992, 1993, 1994\n        The Regents of the University of California. All rights reserved.\nFreeBSD is a registered trademark of The FreeBSD Foundation.\nFreeBSD 11.0-CURRENT #0 r297692: Fri Apr  8 07:10:09 UTC 2016\n    root@releng2.nyi.freebsd.org:/usr/obj/arm.armv6/usr/src/sys/A20 arm\nFreeBSD clang version 3.8.0 (tags/RELEASE_380/final 262564) (based on LLVM 3.8.0)\nWARNING: WITNESS option enabled, expect reduced performance.\nVT: init without driver.\nCPU: Cortex A7 rev 4 (Cortex-A core)\n Supported features: ARM_ISA THUMB2 JAZELLE THUMBEE ARMv4 Security_Ext\n WB enabled LABT branch prediction disabled\nLoUU:2 LoC:3 LoUIS:2 \nCache level 1: \n 32KB/64B 4-way data cache WB Read-Alloc Write-Alloc\n 32KB/32B 2-way instruction cache Read-Alloc\nCache level 2: \n 256KB/64B 8-way unified cache WB Read-Alloc Write-Alloc\nreal memory  = 1073741824 (1024 MB)\navail memory = 1036029952 (988 MB)\nFreeBSD/SMP: Multiprocessor System Detected: 2 CPUs\nrandom: entropy device external interface\nkbd0 at kbdmux0\nofwbus0: \u003cOpen Firmware Device Tree\u003e\naw_ccu0 on ofwbus0\naw_oscclk0: \u003cAllwinner Oscillator Clock\u003e mem 0x1c20050-0x1c20053 on aw_ccu0\nclk_fixed0: \u003cFixed clock\u003e on aw_ccu0\naw_pll0: \u003cAllwinner PLL Clock\u003e mem 0x1c20000-0x1c20003 on aw_ccu0\naw_pll1: \u003cAllwinner PLL Clock\u003e mem 0x1c20008-0x1c2000f on aw_ccu0\naw_pll2: \u003cAllwinner PLL Clock\u003e mem 0x1c20020-0x1c20023 on aw_ccu0\naw_pll3: \u003cAllwinner PLL Clock\u003e mem 0x1c20028-0x1c2002b on aw_ccu0\naw_cpuclk0: \u003cAllwinner CPU Clock\u003e mem 0x1c20054-0x1c20057 on aw_ccu0\naw_axiclk0: \u003cAllwinner AXI Clock\u003e mem 0x1c20054-0x1c20057 on aw_ccu0\naw_ahbclk0: \u003cAllwinner AHB Clock\u003e mem 0x1c20054-0x1c20057 on aw_ccu0\naw_gate0: \u003cAllwinner AHB Clock Gates\u003e mem 0x1c20060-0x1c20067 on aw_ccu0\naw_apbclk0: \u003cAllwinner APB Clock\u003e mem 0x1c20054-0x1c20057 on aw_ccu0\naw_gate1: \u003cAllwinner APB0 Clock Gates\u003e mem 0x1c20068-0x1c2006b on aw_ccu0\naw_apbclk1: \u003cAllwinner APB Clock\u003e mem 0x1c20058-0x1c2005b on aw_ccu0\naw_gate2: \u003cAllwinner APB1 Clock Gates\u003e mem 0x1c2006c-0x1c2006f on aw_ccu0\naw_modclk0: \u003cAllwinner Module Clock\u003e mem 0x1c20080-0x1c20083 on aw_ccu0\naw_modclk1: \u003cAllwinner Module Clock\u003e mem 0x1c20084-0x1c20087 on aw_ccu0\naw_mmcclk0: \u003cAllwinner MMC Clock\u003e mem 0x1c20088-0x1c2008b on aw_ccu0\naw_mmcclk1: \u003cAllwinner MMC Clock\u003e mem 0x1c2008c-0x1c2008f on aw_ccu0\naw_mmcclk2: \u003cAllwinner MMC Clock\u003e mem 0x1c20090-0x1c20093 on aw_ccu0\naw_mmcclk3: \u003cAllwinner MMC Clock\u003e mem 0x1c20094-0x1c20097 on aw_ccu0\naw_modclk2: \u003cAllwinner Module Clock\u003e mem 0x1c20098-0x1c2009b on aw_ccu0\naw_modclk3: \u003cAllwinner Module Clock\u003e mem 0x1c2009c-0x1c2009f on aw_ccu0\naw_modclk4: \u003cAllwinner Module Clock\u003e mem 0x1c200a0-0x1c200a3 on aw_ccu0\naw_modclk5: \u003cAllwinner Module Clock\u003e mem 0x1c200a4-0x1c200a7 on aw_ccu0\naw_modclk6: \u003cAllwinner Module Clock\u003e mem 0x1c200a8-0x1c200ab on aw_ccu0\naw_modclk7: \u003cAllwinner Module Clock\u003e mem 0x1c200ac-0x1c200af on aw_ccu0\naw_modclk8: \u003cAllwinner Module Clock\u003e mem 0x1c200b0-0x1c200b3 on aw_ccu0\naw_modclk9: \u003cAllwinner Module Clock\u003e mem 0x1c200b4-0x1c200b7 on aw_ccu0\naw_modclk10: \u003cAllwinner Module Clock\u003e mem 0x1c200c4-0x1c200c7 on aw_ccu0\naw_usbclk0: \u003cAllwinner USB Clocks\u003e mem 0x1c200cc-0x1c200cf on aw_ccu0\naw_modclk11: \u003cAllwinner Module Clock\u003e mem 0x1c200d4-0x1c200d7 on aw_ccu0\naw_gate3: \u003cAllwinner DRAM Clock Gates\u003e mem 0x1c20100-0x1c20103 on aw_ccu0\naw_codecclk0: \u003cAllwinner CODEC Clock\u003e mem 0x1c20140-0x1c20143 on aw_ccu0\nclk_fixed1: \u003cFixed clock\u003e on aw_ccu0\nclk_fixed2: \u003cFixed clock\u003e on aw_ccu0\naw_gmacclk0: \u003cAllwinner Module Clock\u003e mem 0x1c20164-0x1c20167 on aw_ccu0\nclk_fixed3: \u003cFixed factor clock\u003e on aw_ccu0\naw_pll4: \u003cAllwinner PLL Clock\u003e mem 0x1c20010-0x1c20013 on aw_ccu0\naw_pll5: \u003cAllwinner PLL Clock\u003e mem 0x1c20030-0x1c20033 on aw_ccu0\naw_hdmiclk0: \u003cAllwinner HDMI Clock\u003e mem 0x1c20150-0x1c20153 on aw_ccu0\naw_lcdclk0: \u003cAllwinner LCD CH0 Clock\u003e mem 0x1c20118-0x1c2011b on aw_ccu0\naw_lcdclk1: \u003cAllwinner LCD CH1 Clock\u003e mem 0x1c2012c-0x1c2012f on aw_ccu0\naw_debeclk0: \u003cAllwinner Display Engine Backend Clock\u003e mem 0x1c20104-0x1c20107 on aw_ccu0\nsimplebus0: \u003cFlattened device tree simple bus\u003e on ofwbus0\nregfix0: \u003cFixed Regulator\u003e on ofwbus0\nregfix1: \u003cFixed Regulator\u003e on ofwbus0\nregfix2: \u003cFixed Regulator\u003e on ofwbus0\nregfix3: \u003cFixed Regulator\u003e on ofwbus0\nregfix4: \u003cFixed Regulator\u003e on ofwbus0\nregfix5: \u003cFixed Regulator\u003e on ofwbus0\nregfix6: \u003cFixed Regulator\u003e on ofwbus0\ngpio0: \u003cAllwinner GPIO/Pinmux controller\u003e mem 0x1c20800-0x1c20bff irq 10024 on simplebus0\ngpiobus0: \u003cOFW GPIO bus\u003e on gpio0\ngic0: \u003cARM Generic Interrupt Controller\u003e mem 0x1c81000-0x1c81fff,0x1c82000-0x1c82fff,0x1c84000-0x1c85fff,0x1c86000-0x1c87fff irq 10055 on simplebus0\ngic0: pn 0x10, arch 0x2, rev 0x1, implementer 0x43b irqs 160\ngeneric_timer0: \u003cARMv7 Generic Timer\u003e irq 10000,10001,10002,10003 on ofwbus0\nTimecounter \"ARM MPCore Timecounter\" frequency 24000000 Hz quality 1000\nEvent timer \"ARM MPCore Eventtimer\" frequency 24000000 Hz quality 1000\nrtc0: \u003cAllwinner RTC\u003e mem 0x1c20d00-0x1c20d1f irq 10031 on simplebus0\ncpulist0: \u003cOpen Firmware CPU Group\u003e on ofwbus0\ncpu0: \u003cOpen Firmware CPU\u003e on cpulist0\ncpu1: \u003cOpen Firmware CPU\u003e on cpulist0\na10_sramc0: \u003cAllwinner sramc module\u003e mem 0x1c00000-0x1c0002f on simplebus0\na10dmac0: \u003cAllwinner DMA controller\u003e mem 0x1c02000-0x1c02fff irq 10007 on simplebus0\na10_mmc0: \u003cAllwinner Integrated MMC/SD controller\u003e mem 0x1c0f000-0x1c0ffff irq 10011 on simplebus0\nmmc0: \u003cMMC/SD bus\u003e on a10_mmc0\nawusbphy0: \u003cAllwinner USB PHY\u003e mem 0x1c13400-0x1c1340f,0x1c14800-0x1c14803,0x1c1c800-0x1c1c803 on simplebus0\nehci0: \u003cAllwinner Integrated USB 2.0 controller\u003e mem 0x1c14000-0x1c140ff irq 10016 on simplebus0\nusbus0: EHCI version 1.0\nusbus0 on ehci0\nahci0: \u003cAllwinner Integrated AHCI controller\u003e mem 0x1c18000-0x1c18fff irq 10020 on simplebus0\nahci0: AHCI v1.10 with 1 3Gbps ports, Port Multiplier not supported\nahci0: quirks=0x2\u003cNOPMP\u003e\nahcich0: \u003cAHCI channel\u003e at channel 0 on ahci0\nehci1: \u003cAllwinner Integrated USB 2.0 controller\u003e mem 0x1c1c000-0x1c1c0ff irq 10021 on simplebus0\nusbus1: EHCI version 1.0\nusbus1 on ehci1\ngpioled0: \u003cGPIO led\u003e at pin 149 on gpiobus0\ngpioc0: \u003cGPIO controller\u003e on gpio0\naw_wdog0: \u003cAllwinner A10 Watchdog\u003e mem 0x1c20c90-0x1c20c9f on simplebus0\npcm0: \u003cAllwinner Audio Codec\u003e mem 0x1c22c00-0x1c22c3f irq 10035 on simplebus0\nuart0: \u003c16750 or compatible\u003e mem 0x1c28000-0x1c283ff irq 10037 on simplebus0\nuart0: console (115384,n,8,1)\nuart1: \u003c16750 or compatible\u003e mem 0x1c28c00-0x1c28fff irq 10040 on simplebus0\nuart2: \u003c16750 or compatible\u003e mem 0x1c29c00-0x1c29fff irq 10044 on simplebus0\niichb0: \u003cAllwinner Integrated I2C Bus Controller\u003e mem 0x1c2ac00-0x1c2afff irq 10045 on simplebus0\niicbus0: \u003cOFW I2C bus\u003e on iichb0\niic0: \u003cI2C generic I/O\u003e on iicbus0\naxp209_pmu0: \u003cX-Power AXP209 Power Management Unit\u003e at addr 0x68 irq 10058 on iicbus0\niichb1: \u003cAllwinner Integrated I2C Bus Controller\u003e mem 0x1c2b400-0x1c2b7ff irq 10047 on simplebus0\niicbus1: \u003cOFW I2C bus\u003e on iichb1\niic1: \u003cI2C generic I/O\u003e on iicbus1\ndwc0: \u003cA20 Gigabit Ethernet Controller\u003e mem 0x1c50000-0x1c5ffff irq 10050 on simplebus0\ndwc0: Can't reset DWC.\ndevice_attach: dwc0 attach returned 6\na10hdmi0: \u003cAllwinner HDMI TX\u003e mem 0x1c16000-0x1c16fff on simplebus0\npcm1: \u003cAllwinner HDMI Audio\u003e on simplebus0\nfb0: \u003cAllwinner Framebuffer\u003e mem 0x1e60000-0x1e6ffff,0x1c0c000-0x1c0cfff on simplebus0\ncryptosoft0: \u003csoftware crypto\u003e\nTimecounters tick every 10.000 msec\nusbus0: 480Mbps High Speed USB v2.0\nusbus1: 480Mbps High Speed USB v2.0\nugen1.1: \u003cAllwinner\u003e at usbus1\nuhub0: \u003cAllwinner EHCI root HUB, class 9/0, rev 2.00/1.00, addr 1\u003e on usbus1\nugen0.1: \u003cAllwinner\u003e at usbus0\nuhub1: \u003cAllwinner EHCI root HUB, class 9/0, rev 2.00/1.00, addr 1\u003e on usbus0\nmmcsd0: 4GB \u003cSDHC SA04G 0.3 SN 9C526D1E MFG 10/2009 by 2 TM\u003e at mmc0 50.0MHz/4bit/65535-block\nfbd0 on fb0\nVT: initialize with new VT driver \"fb\".\nRelease APs\nWARNING: WITNESS option enabled, expect reduced performance.\nTrying to mount root from ufs:/dev/ufs/rootfs [rw]...\nuhub1: 1 port with 1 removable, self powered\nuhub0: 1 port with 1 removable, self powered\nSetting hostuuid: 2801310e-1dd2-11b2-a3b4-b7bcc1a39a7a.\nSetting hostid: 0x39e1084c.\nZFS NOTICE: KSTACK_PAGES is 2 which could result in stack overflow panic!\nPlease consider adding 'options KSTACK_PAGES=4' to your kernel config\nZFS NOTICE: Prefetch is disabled by default if less than 4GB of RAM is present;\n            to enable, add \"vfs.zfs.prefetch_disable=0\" to /boot/loader.conf.\nZFS WARNING: Recommended minimum kmem_size is 512MB; expect unstable behavior.\n             Consider tuning vm.kmem_size and vm.kmem_size_max\n             in /boot/loader.conf.\nZFS filesystem version: 5\nZFS storage pool version: features support (5000)\nNo suitable dump device was found.\nStarting file system checks:\n/dev/ufs/rootfs: FILE SYSTEM CLEAN; SKIPPING CHECKS\n/dev/ufs/rootfs: clean, 725279 free (207 frags, 90634 blocks, 0.0% fragmentation)\nMounting local file systems:.\nSetting hostname: a20.\nrandom: unblocking device.\nSetting up harvesting:[UMA],[FS_ATIME],SWI,INTERRUPT,NET_NG,NET_ETHER,NET_TUN,MOUSE,KEYBOARD,ATTACH,CACHED\nFeeding entropy:.\nStarting Network: lo0.\nlo0: flags=8049\u003cUP,LOOPBACK,RUNNING,MULTICAST\u003e metric 0 mtu 16384\n        options=600003\u003cRXCSUM,TXCSUM,RXCSUM_IPV6,TXCSUM_IPV6\u003e\n        inet6 ::1 prefixlen 128 \n        inet6 fe80::1%lo0 prefixlen 64 scopeid 0x1 \n        inet 127.0.0.1 netmask 0xff000000 \n        groups: lo \n        nd6 options=21\u003cPERFORMNUD,AUTO_LINKLOCAL\u003e\nELF ldconfig path: /lib /usr/lib /usr/lib/compat\nSoft Float compatibility ldconfig path:\nStarting devd.\nadd net fe80::: gateway ::1\nadd net ff02::: gateway ::1\nadd net ::ffff:0.0.0.0: gateway ::1\nadd net ::0.0.0.0: gateway ::1\nGenerating host.conf.\nCreating and/or trimming log files.\nStarting syslogd.\nClearing /tmp (X related).\nUpdating motd:.\nMounting late file systems:.\nConfiguring vt: blanktime.\nPerforming sanity check on sshd configuration.\nCould not load host key: /etc/ssh/ssh_host_dsa_key\nStarting sshd.\nCould not load host key: /etc/ssh/ssh_host_dsa_key\nStarting cron.\nStarting background file system checks in 60 seconds.\n\nThu Jan  1 00:00:56 UTC 1970\n\nFreeBSD/arm (a20) (ttyu0)\n\nlogin:"
}