{
 "id": 871920,
 "bug_id": 207970,
 "attachment_id": 0,
 "creation_time": "2016-03-26T18:54:29Z",
 "creator": "allcoms@gmail.com",
 "text": "The following dmesg is from booting using https://www.bidouilliste.com/freebsd/bananapi.dtb and http://www.invisible.ca/tmp/kernel.\n\nUSB power seems to be working with this config but I can't properly test USB as it doesn't boot all the way:\n\nU-Boot SPL 2015.04 (Mar 08 2016 - 10:01:34)\nDRAM: 1024 MiB\nCPU: 912000000Hz, AXI/AHB/APB: 3/2/2\n\n\nU-Boot 2015.04 (Mar 08 2016 - 10:01:34) Allwinner Technology\n\nCPU:   Allwinner A20 (SUN7I)\nI2C:   ready\nDRAM:  1 GiB\nWARNING: Caches not enabled\nMMC:   SUNXI SD/MMC: 0\nreading u-boot.env\n\n** Unable to read \"u-boot.env\" from mmc0:1 **\nUsing default environment\n\nHDMI connected: Setting up a 1280x1024 dvi console\nIn:    serial\nOut:   vga\nErr:   vga\nSCSI:  SUNXI SCSI INIT\nSATA link 0 timeout.\nAHCI 0001.0100 32 slots 1 ports 3 Gbps 0x1 impl SATA mode\nflags: ncq stag pm led clo only pmp pio slum part ccc apst \nNet:   dwmac.1c50000\nstarting USB...\nUSB0:   USB EHCI 1.00\nscanning bus 0 for devices... cannot reset port 1!?\n1 USB Device(s) found\nUSB1:   USB EHCI 1.00\nscanning bus 1 for devices... 1 USB Device(s) found\n       scanning usb for storage devices... 0 Storage Device(s) found\nHit any key to stop autoboot:  0 \nBooting from: mmc 0 ubldr\nreading ubldr\n262594 bytes read in 78 ms (3.2 MiB/s)\n## Starting application at 0x42000094 ...\nConsoles: U-Boot console  \nCompatible U-Boot API signature found @0x7f235458\n\nFreeBSD/armv6 U-Boot loader, Revision 1.2\n(root@releng2.nyi.freebsd.org, Tue
Mar  8 10:28:28 UTC 2016)\n\nDRAM: 1024MB\nMMC Device 1 not found\nMMC Device 2 not found\nMMC Device 3 not found\nMMC Device 1 not found\nNumber of U-Boot devices: 3\nU-Boot env: loaderdev='mmc 0'\nFound U-Boot device: disk\n  Checking unit=1 slice=\u003cauto\u003e partition=\u003cauto\u003e... good.\nBooting from disk1s2a:\n/boot/kernel/kernel data=0x6162a4+0x125d5c syms=[0x4+0x868f0+0x4+0x995b2]\n\nHit [Enter] to boot immediately, or any other key for command prompt.\n\n\nType '?' for a list of commands, 'help' for more detailed help.\nloader\u003e boot -v\nBooting...\n/boot/dtb/bananapi.dtb size=0x7a5f\nLoaded DTB from file 'bananapi.dtb'.\nKernel entry at 0x0x42200100...\nKernel args: -v\nKDB: debugger backends: ddb\nKDB: current backend: ddb\nCopyright (c) 1992-2016 The FreeBSD Project.\nCopyright (c) 1979, 1980, 1983, 1986, 1988, 1989, 1991, 1992, 1993, 1994\n        The Regents of the University of California. All rights reserved.\nFreeBSD is a registered trademark of The FreeBSD Foundation.\nFreeBSD 11.0-CURRENT #0 r296485: Tue Mar  8 10:35:28 UTC 2016\n    root@releng2.nyi.freebsd.org:/usr/obj/arm.armv6/usr/src/sys/A20 arm\nFreeBSD clang version 3.8.0 (tags/RELEASE_380/final 262564) (based on LLVM 3.8.0)\nWARNING: WITNESS option enabled, expect reduced performance.\nVT: init without driver.\nPreloaded elf kernel \"/boot/kernel/kernel\" at 0xc0a6d000.\nPreloaded dtb \"/boot/dtb/bananapi.dtb\" at 0xc0a6d754.\nCPU: Cortex A7 rev 4 (Cortex-A core)\n Supported features: ARM_ISA THUMB2 JAZELLE THUMBEE ARMv4 Security_Ext\n WB enabled LABT branch prediction disabled\nLoUU:2 LoC:3 LoUIS:2 \nCache level 1: \n 32KB/64B 4-way data cache WB Read-Alloc Write-Alloc\n 32KB/32B 2-way instruction cache Read-Alloc\nCache level 2: \n 256KB/64B 8-way unified cache WB Read-Alloc Write-Alloc\nreal memory  = 1073741824 (1024 MB)\navail memory = 1036029952 (988 MB)\nPhysical memory chunk(s):\n  0x40000000 - 0x7fffffff,  1024 MB ( 262144 pages)\nExcluded memory regions:\n  0x42200000 - 0x42b53fff,     9 MB (   2388 pages) NoAlloc \nStatic device mappings:\n  0x01c00000 - 0x01ffffff mapped at VA 0xffb00000\nFreeBSD/SMP: Multiprocessor System Detected: 2 CPUs\nULE: setup cpu 0\nULE: setup cpu 1\nsnd_unit_init() u=0x00ff8000 [512] d=0x00007c00 [32] c=0x000003ff [1024]\nfeeder_register: snd_unit=-1 snd_maxautovchans=16 latency=5 feeder_rate_min=1 feeder_rate_max=2016000 feeder_rate_round=25\nrandom: entropy device external interface\nnfslock: pseudo-device\ncrypto: \u003ccrypto core\u003e\nnull: \u003cfull device, null device, zero device\u003e\nopenfirm: \u003cOpen Firmware control device\u003e\nkbd0 at kbdmux0\nmem: \u003cmemory\u003e\nrandom: harvesting attach, 8 bytes (4 bits) from nexus0\nofwbus0: \u003cOpen Firmware Device Tree\u003e\nsimplebus0: \u003cFlattened device tree simple bus\u003e on ofwbus0\nrandom: harvesting attach, 8 bytes (4 bits) from simplebus0\nrandom: harvesting attach, 8 bytes (4 bits) from ofwbus0\ngpio0: \u003cAllwinner GPIO/Pinmux controller\u003e mem 0x1c20800-0x1c20bff irq 24 on simplebus0\nProcessing 3 pin-config node(s) in pinctrl-0 for spi@01c05000\nProcessing 2 pin-config node(s) in pinctrl-0 for mmc@01c0f000\nProcessing 1 pin-config node(s) in pinctrl-0 for phy@01c13400\nProcessing 1 pin-config node(s) in pinctrl-0 for ir@01c21800\nProcessing 1 pin-config node(s) in pinctrl-0 for serial@01c28000\nProcessing 1 pin-config node(s) in pinctrl-0 for i2c@01c2ac00\nProcessing 1 pin-config node(s) in pinctrl-0 for i2c@01c2b400\nProcessing 1 pin-config node(s) in pinctrl-0 for ethernet@01c50000\nProcessing 1 pin-config node(s) in pinctrl-0 for usb0-vbus\nProcessing 1 pin-config node(s) in pinctrl-0 for usb1-vbus\nProcessing 1 pin-config node(s) in pinctrl-0 for usb2-vbus\nProcessing 1 pin-config node(s) in pinctrl-0 for leds\nProcessing 1 pin-config node(s) in pinctrl-0 for gmac-3v3\nrandom: harvesting attach, 8 bytes (4 bits) from gpio0\ngic0: \u003cARM Generic Interrupt Controller\u003e mem 0x1c81000-0x1c81fff,0x1c82000-0x1c82fff,0x1c84000-0x1c85fff,0x1c86000-0x1c87fff irq 54 on simplebus0\ngic0: pn 0x10, arch 0x2, rev 0x1, implementer 0x43b irqs 160\nrandom: harvesting attach, 8 bytes (4 bits) from gic0\ngeneric_timer0: \u003cARMv7 Generic Timer\u003e irq 0,1,2,3 on ofwbus0\ngic0: unsupported trigger/polarity configuration 0x08\ngic0: unsupported trigger/polarity configuration 0x08\ngic0: unsupported trigger/polarity configuration 0x08\nTimecounter \"ARM MPCore Timecounter\" frequency 24000000 Hz quality 1000\nEvent timer \"ARM MPCore Eventtimer\" frequency 24000000 Hz quality 1000\nrandom: harvesting attach, 8 bytes (4 bits) from generic_timer0\nrtc0: \u003cAllwinner RTC\u003e mem 0x1c20d00-0x1c20d1f irq 27 on simplebus0\nrtc0: Using external oscillator\nrtc0: registered as a time-of-day clock (resolution 1000000us, adjustment 0.500000000s)\nrandom: harvesting attach, 8 bytes (4 bits) from rtc0\ncpulist0: \u003cOpen Firmware CPU Group\u003e on ofwbus0\ncpu0: \u003cOpen Firmware CPU\u003e on cpulist0\ncpu0: missing 'clock-frequency' property\nrandom: harvesting attach, 8 bytes (4 bits) from cpu0\ncpu1: \u003cOpen Firmware CPU\u003e on cpulist0\ncpu1: missing 'clock-frequency' property\nrandom: harvesting attach, 8 bytes (4 bits) from cpu1\nrandom: harvesting attach, 8 bytes (4 bits) from cpulist0\nofwbus0: \u003cpmu\u003e irq 4,5 compat arm,cortex-a7-pmu (no driver attached)\nsimplebus0: \u003csram-controller@01c00000\u003e mem 0x1c00000-0x1c0002f compat allwinner,sun4i-a10-sram-controller (no driver attached)\nsimplebus0: \u003cinterrupt-controller@01c00030\u003e mem 0x1c00030-0x1c0003b irq 6 compat allwinner,sun7i-a20-sc-nmi (no driver attached)\na10dmac0: \u003cAllwinner DMA controller\u003e mem 0x1c02000-0x1c02fff irq 7 on simplebus0\nrandom: harvesting attach, 8 bytes (4 bits) from a10dmac0\nsimplebus0: \u003cspi@01c05000\u003e mem 0x1c05000-0x1c05fff irq 8 compat allwinner,sun4i-a10-spi (no driver attached)\nsimplebus0: \u003cspi@01c06000\u003e mem 0x1c06000-0x1c06fff irq 9 disabled compat allwinner,sun4i-a10-spi (no driver attached)\nsimplebus0: \u003cethernet@01c0b000\u003e mem 0x1c0b000-0x1c0bfff irq 10 disabled compat allwinner,sun4i-a10-emac (no driver attached)\nsimplebus0: \u003cmdio@01c0b080\u003e mem 0x1c0b080-0x1c0b093 disabled compat allwinner,sun4i-a10-mdio (no driver attached)\na10_mmc0: \u003cAllwinner Integrated MMC/SD controller\u003e mem 0x1c0f000-0x1c0ffff irq 11 on simplebus0\na10_mmc0: cannot activate mmc clock\ndevice_attach: a10_mmc0 attach returned 6\nsimplebus0: \u003cmmc@01c10000\u003e mem 0x1c10000-0x1c10fff irq 12 disabled compat allwinner,sun5i-a13-mmc (no driver attached)\nsimplebus0: \u003cmmc@01c11000\u003e mem 0x1c11000-0x1c11fff irq 13 disabled compat allwinner,sun5i-a13-mmc (no driver attached)\nsimplebus0: \u003cmmc@01c12000\u003e mem 0x1c12000-0x1c12fff irq 14 disabled compat allwinner,sun5i-a13-mmc (no driver attached)\nsimplebus0: \u003cusb@01c13000\u003e mem 0x1c13000-0x1c133ff irq 15 compat allwinner,sun4i-a10-musb (no driver attached)\nawusbphy0: \u003cAllwinner USB PHY\u003e mem 0x1c13400-0x1c1340f,0x1c14800-0x1c14803,0x1c1c800-0x1c1c803 on simplebus0\nrandom: harvesting attach, 8 bytes (4 bits) from awusbphy0\nehci0: \u003cAllwinner Integrated USB 2.0 controller\u003e mem 0x1c14000-0x1c140ff irq 16 on simplebus0\nehci0: Could not activate clock\ndevice_attach: ehci0 attach returned 6\nsimplebus0: \u003cusb@01c14400\u003e mem 0x1c14400-0x1c144ff irq 17 compat allwinner,sun7i-a20-ohci (no driver attached)\nsimplebus0: \u003ccrypto-engine@01c15000\u003e mem 0x1c15000-0x1c15fff irq 18 compat allwinner,sun4i-a10-crypto (no driver attached)\nsimplebus0: \u003cspi@01c17000\u003e mem 0x1c17000-0x1c17fff irq 19 disabled compat allwinner,sun4i-a10-spi (no driver attached)\nahci0: \u003cAllwinner Integrated AHCI controller\u003e mem 0x1c18000-0x1c18fff irq 20 on simplebus0\nahci0: AHCI v1.10 with 1 3Gbps ports, Port Multiplier not supported\nahci0: quirks=0x2\u003cNOPMP\u003e\nahci0: Caps: NCQ SNTF SS ALP AL CLO 3Gbps PMD SSC PSC 32cmd CCC 1ports\nahcich0: \u003cAHCI channel\u003e at channel 0 on ahci0\nahcich0: Caps:\nrandom: harvesting attach, 8 bytes (4 bits) from ahcich0\nrandom: harvesting attach, 8 bytes (4 bits) from ahci0\nehci0: \u003cAllwinner Integrated USB 2.0 controller\u003e mem 0x1c1c000-0x1c1c0ff irq 21 on simplebus0\nehci0: Could not activate clock\ndevice_attach: ehci0 attach returned 6\nsimplebus0: \u003cusb@01c1c400\u003e mem 0x1c1c400-0x1c1c4ff irq 22 compat allwinner,sun7i-a20-ohci (no driver attached)\nsimplebus0: \u003cspi@01c1f000\u003e mem 0x1c1f000-0x1c1ffff irq 23 disabled compat allwinner,sun4i-a10-spi (no driver attached)\ngpiobus0: \u003cOFW GPIO bus\u003e on gpio0\ngpioled0: \u003cGPIO led\u003e at pin 149 on gpiobus0\nrandom: harvesting attach, 8 bytes (4 bits) from gpioled0\nrandom: harvesting attach, 8 bytes (4 bits) from gpiobus0\ngpioc0: \u003cGPIO controller\u003e on gpio0\nrandom: harvesting attach, 8 bytes (4 bits) from gpioc0\nsimplebus0: \u003ctimer@01c20c00\u003e mem 0x1c20c00-0x1c20c8f irq 25,26,27,28,29,30 compat allwinner,sun4i-a10-timer (no driver attached)\naw_wdog0: \u003cAllwinner A10 Watchdog\u003e mem 0x1c20c90-0x1c20c9f on simplebus0\nrandom: harvesting attach, 8 bytes (4 bits) from aw_wdog0\nsimplebus0: \u003cpwm@01c20e00\u003e mem 0x1c20e00-0x1c20e0b disabled compat allwinner,sun7i-a20-pwm (no driver attached)\nsimplebus0: \u003cir@01c21800\u003e mem 0x1c21800-0x1c2183f irq 31 compat allwinner,sun4i-a10-ir (no driver attached)\nsimplebus0: \u003cir@01c21c00\u003e mem 0x1c21c00-0x1c21c3f irq 32 disabled compat allwinner,sun4i-a10-ir (no driver attached)\nsimplebus0: \u003clradc@01c22800\u003e mem 0x1c22800-0x1c228ff irq 33 disabled compat allwinner,sun4i-a10-lradc-keys (no driver attached)\npcm0: \u003cAllwinner Audio Codec\u003e mem 0x1c22c00-0x1c22c3f irq 34 on simplebus0\npcm0: Mixer \"vol\":\npcm0: Mixer \"line\":\npcm0: Mixer \"rec\":\nrandom: harvesting attach, 8 bytes (4 bits) from pcm0\nsimplebus0: \u003ceeprom@01c23800\u003e mem 0x1c23800-0x1c239ff compat allwinner,sun7i-a20-sid (no driver attached)\nsimplebus0: \u003crtp@01c25000\u003e mem 0x1c25000-0x1c250ff irq 35 compat allwinner,sun5i-a13-ts (no driver attached)\nuart0: \u003c16750 or compatible\u003e mem 0x1c28000-0x1c283ff irq 36 on simplebus0\nuart0: console (8861,n,8,1)\nuart0: fast interrupt\nuart0: PPS capture mode: DCDinvalid\nrandom: harvesting attach, 8 bytes (4 bits) from uart0\nsimplebus0: \u003cserial@01c28400\u003e mem 0x1c28400-0x1c287ff irq 37 disabled compat snps,dw-apb-uart (no driver attached)\nsimplebus0: \u003cserial@01c28800\u003e mem 0x1c28800-0x1c28bff irq 38 disabled compat snps,dw-apb-uart (no driver attached)\nsimplebus0: \u003cserial@01c28c00\u003e mem 0x1c28c00-0x1c28fff irq 39 disabled compat snps,dw-apb-uart (no driver attached)\nsimplebus0: \u003cserial@01c29000\u003e mem 0x1c29000-0x1c293ff irq 40 disabled compat snps,dw-apb-uart (no driver attached)\nsimplebus0: \u003cserial@01c29400\u003e mem 0x1c29400-0x1c297ff irq 41 disabled compat snps,dw-apb-uart (no driver attached)\nsimplebus0: \u003cserial@01c29800\u003e mem 0x1c29800-0x1c29bff irq 42 disabled compat snps,dw-apb-uart (no driver attached)\nsimplebus0: \u003cserial@01c29c00\u003e mem 0x1c29c00-0x1c29fff irq 43 disabled compat snps,dw-apb-uart (no driver attached)\niichb0: \u003cAllwinner Integrated I2C Bus Controller\u003e mem 0x1c2ac00-0x1c2afff irq 44 on simplebus0\niichb0: could not activate i2c clock\ndevice_attach: iichb0 attach returned 6\nsimplebus0: \u003ci2c@01c2b000\u003e mem 0x1c2b000-0x1c2b3ff irq 45 disabled compat allwinner,sun7i-a20-i2c (no driver attached)\niichb0: \u003cAllwinner Integrated I2C Bus Controller\u003e mem 0x1c2b400-0x1c2b7ff irq 46 on simplebus0\niichb0: could not activate i2c clock\ndevice_attach: iichb0 attach returned 6\nsimplebus0: \u003ci2c@01c2b800\u003e mem 0x1c2b800-0x1c2bbff irq 47 disabled compat allwinner,sun7i-a20-i2c (no driver attached)\nsimplebus0: \u003ci2c@01c2c000\u003e mem 0x1c2c000-0x1c2c3ff irq 48 disabled compat allwinner,sun7i-a20-i2c (no driver attached)\ndwc0: \u003cA20 Gigabit Ethernet Controller\u003e mem 0x1c50000-0x1c5ffff irq 49 on simplebus0\ndwc0: could not activate gmac module\ndevice_attach: dwc0 attach returned 6\nsimplebus0: \u003chstimer@01c60000\u003e mem 0x1c60000-0x1c60fff irq 50,51,52,53 compat allwinner,sun7i-a20-hstimer (no driver attached)\nsimplebus0: \u003cps2@01c2a000\u003e mem 0x1c2a000-0x1c2a3ff irq 55 disabled compat allwinner,sun4i-a10-ps2 (no driver attached)\nsimplebus0: \u003cps2@01c2a400\u003e mem 0x1c2a400-0x1c2a7ff irq 56 disabled compat allwinner,sun4i-a10-ps2 (no driver attached)\nofwbus0: \u003cahci-5v\u003e disabled compat regulator-fixed (no driver attached)\nofwbus0: \u003cusb0-vbus\u003e compat regulator-fixed (no driver attached)\nofwbus0: \u003cusb1-vbus\u003e compat regulator-fixed (no driver attached)\nofwbus0: \u003cusb2-vbus\u003e compat regulator-fixed (no driver attached)\nofwbus0: \u003cvcc3v0\u003e compat regulator-fixed (no driver attached)\nofwbus0: \u003cvcc3v3\u003e compat regulator-fixed (no driver attached)\nofwbus0: \u003cvcc5v0\u003e compat regulator-fixed (no driver attached)\nofwbus0: \u003cleds\u003e compat gpio-leds (no driver attached)\nofwbus0: \u003cgmac-3v3\u003e compat regulator-fixed (no driver attached)\ncryptosoft0: \u003csoftware crypto\u003e\ncrypto: assign cryptosoft0 driver id 0, flags 100663296\ncrypto: cryptosoft0 registers alg 1 flags 0 maxoplen 0\ncrypto: cryptosoft0 registers alg 2 flags 0 maxoplen 0\ncrypto: cryptosoft0 registers alg 3 flags 0 maxoplen 0\ncrypto: cryptosoft0 registers alg 4 flags 0 maxoplen 0\ncrypto: cryptosoft0 registers alg 5 flags 0 maxoplen 0\ncrypto: cryptosoft0 registers alg 16 flags 0 maxoplen 0\ncrypto: cryptosoft0 registers alg 6 flags 0 maxoplen 0\ncrypto: cryptosoft0 registers alg 7 flags 0 maxoplen 0\ncrypto: cryptosoft0 registers alg 18 flags 0 maxoplen 0\ncrypto: cryptosoft0 registers alg 19 flags 0 maxoplen 0\ncrypto: cryptosoft0 registers alg 20 flags 0 maxoplen 0\ncrypto: cryptosoft0 registers alg 8 flags 0 maxoplen 0\ncrypto: cryptosoft0 registers alg 15 flags 0 maxoplen 0\ncrypto: cryptosoft0 registers alg 9 flags 0 maxoplen 0\ncrypto: cryptosoft0 registers alg 10 flags 0 maxoplen 0\ncrypto: cryptosoft0 registers alg 13 flags 0 maxoplen 0\ncrypto: cryptosoft0 registers alg 14 flags 0 maxoplen 0\ncrypto: cryptosoft0 registers alg 11 flags 0 maxoplen 0\ncrypto: cryptosoft0 registers alg 22 flags 0 maxoplen 0\ncrypto: cryptosoft0 registers alg 23 flags 0 maxoplen 0\ncrypto: cryptosoft0 registers alg 25 flags 0 maxoplen 0\ncrypto: cryptosoft0 registers alg 24 flags 0 maxoplen 0\ncrypto: cryptosoft0 registers alg 26 flags 0 maxoplen 0\ncrypto: cryptosoft0 registers alg 27 flags 0 maxoplen 0\ncrypto: cryptosoft0 registers alg 28 flags 0 maxoplen 0\ncrypto: cryptosoft0 registers alg 21 flags 0 maxoplen 0\ncrypto: cryptosoft0 registers alg 17 flags 0 maxoplen 0\nrandom: harvesting attach, 8 bytes (4 bits) from cryptosoft0\nprocfs registered\nTimecounters tick every 10.000 msec\nIPsec: Initialized Security Association Processing.\ntcp_init: net.inet.tcp.tcbhashsize auto tuned to 8192\nlo0: bpf attached\nahcich0: AHCI reset...\nahcich0: SATA connect timeout time=10000us status=00000000\nahcich0: AHCI reset: device not found\nRelease APs\nWARNING: WITNESS option enabled, expect reduced performance.\nTrying to mount root from ufs:/dev/ufs/rootfs [rw]...\nmountroot: waiting for device /dev/ufs/rootfs...\nMounting from ufs:/dev/ufs/rootfs failed with error 19.\n\nLoader variables:\n  vfs.root.mountfrom=ufs:/dev/ufs/rootfs\n  vfs.root.mountfrom.options=rw\n\nManual root filesystem specification:\n  \u003cfstype\u003e:\u003cdevice\u003e [options]\n      Mount \u003cdevice\u003e using filesystem \u003cfstype\u003e\n      and with the specified (optional) option list.\n\n    eg. ufs:/dev/da0s1a\n        zfs:tank\n        cd9660:/dev/cd0 ro\n          (which is equivalent to: mount -t cd9660 -o ro /dev/cd0 /)\n\n  ?               List valid disk boot devices\n  .               Yield 1 second (for background tasks)\n  \u003cempty line\u003e    Abort manual input\n\nmountroot\u003e"
}