{
 "id": 697653,
 "bug_id": 174908,
 "attachment_id": 0,
 "creation_time": "2013-01-02T19:20:00Z",
 "creator": "jumper99@gmx.de",
 "text": "During the upgrade process from 9.0 to 9.1 (I fetched new sources via\nsvn) after booting the new kernel the system stops booting with error\nabove. Booting kernel.old (9.0) is still fine. The machine is virtual\non ESXi 5.1.\n\nI found a post[0] related to NAS4Free that might describe a similiar\nerror but before trying that I'd like to ask what information or further\nsteps are required.\n\nThanks, Helmut\n\nN.B.: freebsd-update failed with \"cannot open files/.gz: No such file\nor directory\" so I compiled the kernel myself which I did many times\nbefore in the past.\n\n[0] http://forums.nas4free.org/viewtopic.php?f=16\u0026t=1020\n\n[helmut@BSDHelmut ~]$ dmesg -a\nCopyright (c) 1992-2012 The FreeBSD Project.\nCopyright (c) 1979, 1980, 1983, 1986, 1988, 1989, 1991, 1992, 1993, 1994\n        The Regents of the University of California. All rights reserved.\nFreeBSD is a registered trademark of The FreeBSD Foundation.\nFreeBSD 9.0-RELEASE-p5 #20 r244958M: Wed Jan  2 17:29:17 CET 2013\n    root@BSDHelmut.charlieroot.de:/usr/obj/usr/src/sys/GENERIC-QUOTA-PF-ALTQ amd64\nCPU: Intel(R) Xeon(R) CPU           E5420  @ 2.50GHz (2500.09-MHz K8-class CPU)\n  Origin = \"GenuineIntel\"  Id = 0x10676  Family = 6  Model = 17  Stepping = 6\n  Features=0xfa3fbff\u003cFPU,VME,DE,PSE,TSC,MSR,PAE,MCE,CX8,APIC,SEP,MTRR,PGE,MCA,CMOV,PAT,PSE36,DTS,MMX,FXSR,SSE,SSE2,SS\u003e\n  Features2=0x80082201\u003cSSE3,SSSE3,CX16,SSE4.1,HV\u003e\n  AMD Features=0x20100800\u003cSYSCALL,NX,LM\u003e\n  AMD Features2=0x1\u003cLAHF\u003e\n  TSC: P-state invariant\nreal memory  = 2147483648 (2048 MB)\navail memory = 2046697472 (1951 MB)\nEvent timer \"LAPIC\" quality 400\nACPI APIC Table: \u003cPTLTD          APIC  \u003e\nFreeBSD/SMP: Multiprocessor System Detected: 4 CPUs\nFreeBSD/SMP: 4 package(s) x 1 core(s)\n cpu0 (BSP): APIC ID:  0\n cpu1 (AP): APIC ID:  1\n cpu2 (AP): APIC ID:  2\n cpu3 (AP): APIC ID:  3\nMADT: Forcing active-low polarity and level trigger for SCI\nioapic0 \u003cVersion 1.1\u003e irqs 0-23 on motherboard\nkbd1 at kbdmux0\nacpi0: \u003cINTEL 440BX\u003e on motherboard\nacpi0: Power Button (fixed)\nTimecounter \"HPET\" frequency 14318180 Hz quality 950\nTimecounter \"ACPI-fast\" frequency 3579545 Hz quality 900\nacpi_timer0: \u003c24-bit timer at 3.579545MHz\u003e port 0x1008-0x100b on acpi0\ncpu0: \u003cACPI CPU\u003e on acpi0\ncpu1: \u003cACPI CPU\u003e on acpi0\ncpu2: \u003cACPI CPU\u003e on acpi0\ncpu3: \u003cACPI CPU\u003e on acpi0\npcib0: \u003cACPI Host-PCI bridge\u003e port 0xcf8-0xcff on acpi0\npci0: \u003cACPI PCI bus\u003e on pcib0\npcib1: \u003cACPI PCI-PCI bridge\u003e at device 1.0 on pci0\npci1: \u003cACPI PCI bus\u003e on pcib1\nisab0: \u003cPCI-ISA bridge\u003e at device 7.0 on pci0\nisa0: \u003cISA bus\u003e on isab0\natapci0: \u003cIntel PIIX4 UDMA33 controller\u003e port 0x1f0-0x1f7,0x3f6,0x170-0x177,0x376,0x10c0-0x10cf at device 7.1 on pci0\nata0: \u003cATA channel 0\u003e on atapci0\nata1: \u003cATA channel 1\u003e on atapci0\npci0: \u003cbridge\u003e at device 7.3 (no driver attached)\npci0: \u003cbase peripheral\u003e at device 7.7 (no driver attached)\nvgapci0: \u003cVGA-compatible display\u003e port 0x10d0-0x10df mem 0xd8000000-0xdbffffff,0xd0800000-0xd0ffffff irq 16 at device 15.0 on pci0\npcib2: \u003cACPI PCI-PCI bridge\u003e at device 17.0 on pci0\npci2: \u003cACPI PCI bus\u003e on pcib2\nem0: \u003cIntel(R) PRO/1000 Legacy Network Connection 1.0.3\u003e port 0x2000-0x203f mem 0xd1020000-0xd103ffff,0xd1000000-0xd100ffff irq 18 at device 0.0 on pci2\nem0: Memory Access and/or Bus Master bits were not set!\nem0: Ethernet address: 00:0c:29:94:76:2c\nuhci0: \u003cUHCI (generic) USB controller\u003e port 0x2040-0x205f irq 16 at device 2.0 on pci2\nusbus0: \u003cUHCI (generic) USB controller\u003e on uhci0\nehci0: \u003cEHCI (generic) USB 2.0 controller\u003e mem 0xd1010000-0xd1010fff irq 17 at device 3.0 on pci2\nusbus1: EHCI version 1.0\nusbus1: \u003cEHCI (generic) USB 2.0 controller\u003e on ehci0\npcib3: \u003cACPI PCI-PCI bridge\u003e at device 21.0 on pci0\npci3: \u003cACPI PCI bus\u003e on pcib3\nmpt0: \u003cLSILogic SAS/SATA Adapter\u003e port 0x4000-0x40ff mem 0xd2410000-0xd2413fff,0xd2400000-0xd240ffff irq 18 at device 0.0 on pci3\nmpt0: MPI Version=1.5.0.0\npcib4: \u003cACPI PCI-PCI bridge\u003e at device 21.1 on pci0\npci4: \u003cACPI PCI bus\u003e on pcib4\npcib5: \u003cACPI PCI-PCI bridge\u003e at device 21.2 on pci0\npci5: \u003cACPI PCI bus\u003e on pcib5\npcib6: \u003cACPI PCI-PCI bridge\u003e at device 21.3 on pci0\npci6: \u003cACPI PCI bus\u003e on pcib6\npcib7: \u003cACPI PCI-PCI bridge\u003e at device 21.4 on pci0\npci7: \u003cACPI PCI bus\u003e on pcib7\npcib8: \u003cACPI PCI-PCI bridge\u003e at device 21.5 on pci0\npci8: \u003cACPI PCI bus\u003e on pcib8\npcib9: \u003cACPI PCI-PCI bridge\u003e at device 21.6 on pci0\npci9: \u003cACPI PCI bus\u003e on pcib9\npcib10: \u003cACPI PCI-PCI bridge\u003e at device 21.7 on pci0\npci10: \u003cACPI PCI bus\u003e on pcib10\npcib11: \u003cACPI PCI-PCI bridge\u003e at device 22.0 on pci0\npci11: \u003cACPI PCI bus\u003e on pcib11\npcib12: \u003cACPI PCI-PCI bridge\u003e at device 22.1 on pci0\npci12: \u003cACPI PCI bus\u003e on pcib12\npcib13: \u003cACPI PCI-PCI bridge\u003e at device 22.2 on pci0\npci13: \u003cACPI PCI bus\u003e on pcib13\npcib14: \u003cACPI PCI-PCI bridge\u003e at device 22.3 on pci0\npci14: \u003cACPI PCI bus\u003e on pcib14\npcib15: \u003cACPI PCI-PCI bridge\u003e at device 22.4 on pci0\npci15: \u003cACPI PCI bus\u003e on pcib15\npcib16: \u003cACPI PCI-PCI bridge\u003e at device 22.5 on pci0\npci16: \u003cACPI PCI bus\u003e on pcib16\npcib17: \u003cACPI PCI-PCI bridge\u003e at device 22.6 on pci0\npci17: \u003cACPI PCI bus\u003e on pcib17\npcib18: \u003cACPI PCI-PCI bridge\u003e at device 22.7 on pci0\npci18: \u003cACPI PCI bus\u003e on pcib18\npcib19: \u003cACPI PCI-PCI bridge\u003e at device 23.0 on pci0\npci19: \u003cACPI PCI bus\u003e on pcib19\npcib20: \u003cACPI PCI-PCI bridge\u003e at device 23.1 on pci0\npci20: \u003cACPI PCI bus\u003e on pcib20\npcib21: \u003cACPI PCI-PCI bridge\u003e at device 23.2 on pci0\npci21: \u003cACPI PCI bus\u003e on pcib21\npcib22: \u003cACPI PCI-PCI bridge\u003e at device 23.3 on pci0\npci22: \u003cACPI PCI bus\u003e on pcib22\npcib23: \u003cACPI PCI-PCI bridge\u003e at device 23.4 on pci0\npci23: \u003cACPI PCI bus\u003e on pcib23\npcib24: \u003cACPI PCI-PCI bridge\u003e at device 23.5 on pci0\npci24: \u003cACPI PCI bus\u003e on pcib24\npcib25: \u003cACPI PCI-PCI bridge\u003e at device 23.6 on pci0\npci25: \u003cACPI PCI bus\u003e on pcib25\npcib26: \u003cACPI PCI-PCI bridge\u003e at device 23.7 on pci0\npci26: \u003cACPI PCI bus\u003e on pcib26\npcib27: \u003cACPI PCI-PCI bridge\u003e at device 24.0 on pci0\npci27: \u003cACPI PCI bus\u003e on pcib27\npcib28: \u003cACPI PCI-PCI bridge\u003e at device 24.1 on pci0\npci28: \u003cACPI PCI bus\u003e on pcib28\npcib29: \u003cACPI PCI-PCI bridge\u003e at device 24.2 on pci0\npcib29: failed to allocate initial I/O port window: 0xf000-0xffff\npci29: \u003cACPI PCI bus\u003e on pcib29\npcib30: \u003cACPI PCI-PCI bridge\u003e at device 24.3 on pci0\npci30: \u003cACPI PCI bus\u003e on pcib30\npcib31: \u003cACPI PCI-PCI bridge\u003e at device 24.4 on pci0\npci31: \u003cACPI PCI bus\u003e on pcib31\npcib32: \u003cACPI PCI-PCI bridge\u003e at device 24.5 on pci0\npci32: \u003cACPI PCI bus\u003e on pcib32\npcib33: \u003cACPI PCI-PCI bridge\u003e at device 24.6 on pci0\npci33: \u003cACPI PCI bus\u003e on pcib33\npcib34: \u003cACPI PCI-PCI bridge\u003e at device 24.7 on pci0\npci34: \u003cACPI PCI bus\u003e on pcib34\nacpi_acad0: \u003cAC Adapter\u003e on acpi0\nattimer0: \u003cAT timer\u003e port 0x40-0x43 irq 0 on acpi0\nTimecounter \"i8254\" frequency 1193182 Hz quality 0\nEvent timer \"i8254\" frequency 1193182 Hz quality 100\natrtc0: \u003cAT realtime clock\u003e port 0x70-0x71 irq 8 on acpi0\nEvent timer \"RTC\" frequency 32768 Hz quality 0\natkbdc0: \u003cKeyboard controller (i8042)\u003e port 0x60,0x64 irq 1 on acpi0\natkbd0: \u003cAT Keyboard\u003e irq 1 on atkbdc0\nkbd0 at atkbd0\natkbd0: [GIANT-LOCKED]\npsm0: \u003cPS/2 Mouse\u003e irq 12 on atkbdc0\npsm0: [GIANT-LOCKED]\npsm0: model IntelliMouse, device ID 3\nppc0: \u003cParallel port\u003e port 0x378-0x37f irq 7 on acpi0\nppc0: Generic chipset (NIBBLE-only) in COMPATIBLE mode\nppbus0: \u003cParallel port bus\u003e on ppc0\nplip0: \u003cPLIP network interface\u003e on ppbus0\nlpt0: \u003cPrinter\u003e on ppbus0\nlpt0: Interrupt-driven port\nppi0: \u003cParallel I/O\u003e on ppbus0\nuart0: \u003c16550 or compatible\u003e port 0x3f8-0x3ff irq 4 flags 0x10 on acpi0\nuart1: \u003c16550 or compatible\u003e port 0x2f8-0x2ff irq 3 on acpi0\nfdc0: \u003cfloppy drive controller\u003e port 0x3f0-0x3f5,0x3f7 irq 6 drq 2 on acpi0\nfd0: \u003c1440-KB 3.5\" drive\u003e on fdc0 drive 0\nsc0: \u003cSystem console\u003e at flags 0x100 on isa0\nsc0: VGA \u003c16 virtual consoles, flags=0x300\u003e\nvga0: \u003cGeneric ISA VGA\u003e at port 0x3c0-0x3df iomem 0xa0000-0xbffff on isa0\nacpi_throttle0: \u003cACPI CPU Throttling\u003e on cpu0\nacpi_throttle1: \u003cACPI CPU Throttling\u003e on cpu1\nacpi_throttle1: failed to attach P_CNT\ndevice_attach: acpi_throttle1 attach returned 6\nacpi_throttle2: \u003cACPI CPU Throttling\u003e on cpu2\nacpi_throttle2: failed to attach P_CNT\ndevice_attach: acpi_throttle2 attach returned 6\nacpi_throttle3: \u003cACPI CPU Throttling\u003e on cpu3\nacpi_throttle3: failed to attach P_CNT\ndevice_attach: acpi_throttle3 attach returned 6\nTimecounters tick every 10.000 msec\nusbus0: 12Mbps Full Speed USB v1.0\nusbus1: 480Mbps High Speed USB v2.0\nugen0.1: \u003c0x15ad\u003e at usbus0\nuhub0: \u003c0x15ad UHCI root HUB, class 9/0, rev 1.00/1.00, addr 1\u003e on usbus0\nugen1.1: \u003c0x15ad\u003e at usbus1\nuhub1: \u003c0x15ad EHCI root HUB, class 9/0, rev 2.00/1.00, addr 1\u003e on usbus1\nuhub0: 2 ports with 2 removable, self powered\nugen0.2: \u003cVMware\u003e at usbus0\nuhid0: \u003cVMware\u003e on usbus0\nums0: \u003cVMware\u003e on usbus0\nums0: 16 buttons and [XYZT] coordinates ID=0\nuhub1: 6 ports with 6 removable, self powered\nugen0.3: \u003cvendor 0x0e0f\u003e at usbus0\nuhub2: \u003cVMware Virtual USB Hub\u003e on usbus0\nuhub2: 7 ports with 7 removable, self powered\nda0 at mpt0 bus 0 scbus2 target 0 lun 0\nda0: \u003cATA ST380817AS 3.42\u003e Fixed Direct Access SCSI-5 device\nda0: 300.000MB/s transfers\nda0: 76319MB (156301488 512 byte sectors: 255H 63S/T 9729C)\nda1 at mpt0 bus 0 scbus2 target 1 lun 0\nda1: \u003cATA ST380817AS 3.42\u003e Fixed Direct Access SCSI-5 device\nda1: 300.000MB/s transfers\nda1: 76319MB (156301488 512 byte sectors: 255H 63S/T 9729C)\n#################################\n######## This is where 9.1 halts.\n#################################\ncd0 at ata1 bus 0 scbus1 target 0 lun 0\ncd0: \u003cNECVMWar VMware IDE CDR10 1.00\u003e Removable CD-ROM SCSI-0 device\ncd0: 33.300MB/s transfers (UDMA2, ATAPI 12bytes, PIO 65534bytes)\ncd0: Attempt to query device size failed: NOT READY, Medium not present\nSMP: AP CPU #1 Launched!\nSMP: AP CPU #2 Launched!\nSMP: AP CPU #3 Launched!\nGEOM_MIRROR: Device mirror/gm0 launched (2/2).\nTrying to mount root from ufs:/dev/mirror/gm0p2 [rw]...\nSetting hostuuid: 564d9fa5-3d8a-0076-a894-6b8b0f4c8654.\nSetting hostid: 0x70173553.\nEntropy harvesting: interrupts ethernet point_to_point kickstart.\nStarting file system checks:\n/dev/mirror/gm0p2: FILE SYSTEM CLEAN; SKIPPING CHECKS\n/dev/mirror/gm0p2: clean, 276610 free (1106 frags, 34438 blocks, 0.1% fragmentation)\n/dev/mirror/gm0p15: FILE SYSTEM CLEAN; SKIPPING CHECKS\n/dev/mirror/gm0p15: clean, 1706896 free (2376 frags, 213065 blocks, 0.1% fragmentation)\n/dev/mirror/gm0p14: FILE SYSTEM CLEAN; SKIPPING CHECKS\n/dev/mirror/gm0p14: clean, 1013005 free (61 frags, 126618 blocks, 0.0% fragmentation)\n/dev/mirror/gm0p4: FILE SYSTEM CLEAN; SKIPPING CHECKS\n/dev/mirror/gm0p4: clean, 1170274 free (86162 frags, 135514 blocks, 1.7% fragmentation)\n/dev/mirror/gm0p5: FILE SYSTEM CLEAN; SKIPPING CHECKS\n/dev/mirror/gm0p5: clean, 339791 free (6087 frags, 41713 blocks, 0.6% fragmentation)\n/dev/mirror/gm0p7: FILE SYSTEM CLEAN; SKIPPING CHECKS\n/dev/mirror/gm0p7: clean, 100829 free (61 frags, 12596 blocks, 0.0% fragmentation)\n/dev/mirror/gm0p12: FILE SYSTEM CLEAN; SKIPPING CHECKS\n/dev/mirror/gm0p12: clean, 778599 free (1383 frags, 97152 blocks, 0.1% fragmentation)\n/dev/mirror/gm0p6: FILE SYSTEM CLEAN; SKIPPING CHECKS\n/dev/mirror/gm0p6: clean, 834727 free (199 frags, 104316 blocks, 0.0% fragmentation)\n/dev/mirror/gm0p9: FILE SYSTEM CLEAN; SKIPPING CHECKS\n/dev/mirror/gm0p9: clean, 993315 free (123 frags, 124149 blocks, 0.0% fragmentation)\n/dev/mirror/gm0p8: FILE SYSTEM CLEAN; SKIPPING CHECKS\n/dev/mirror/gm0p8: clean, 1012401 free (81 frags, 126540 blocks, 0.0% fragmentation)\n/dev/mirror/gm0p10: FILE SYSTEM CLEAN; SKIPPING CHECKS\n/dev/mirror/gm0p10: clean, 1506359 free (45575 frags, 182598 blocks, 2.2% fragmentation)\n/dev/mirror/gm0p13: FILE SYSTEM CLEAN; SKIPPING CHECKS\n/dev/mirror/gm0p13: clean, 5896961 free (281 frags, 737085 blocks, 0.0% fragmentation)\n/dev/mirror/gm0p11: FILE SYSTEM CLEAN; SKIPPING CHECKS\n/dev/mirror/gm0p11: clean, 2396541 free (1813 frags, 299341 blocks, 0.0% fragmentation)\nMounting local file systems:\nWARNING: TMPFS is considered to be a highly experimental feature in FreeBSD."
}