{
 "id": 712188,
 "bug_id": 178040,
 "attachment_id": 0,
 "creation_time": "2013-04-22T05:50:00Z",
 "creator": "jdc@koitsu.org",
 "text": "\tIntel's 320-series and 510-series SSDs advertise 512-byte sectors\n\tsizes for both logical and physical.  This adds ADA_Q_4K quirks\n\tfor both.  (Intel, for whatever reason, didn't add physical sector\n\tadvertisement in ATA IDENTIFY; maybe they're strictly adhering to\n\tnon-draft specs, I don't know...)\n\n\tValidation of my claims:\n\nroot@icarus:~ # smartctl -a /dev/ada0\n...\nModel Family:     Intel 320 Series SSDs\nDevice Model:     INTEL SSDSA2CW080G3\n...\nFirmware Version: 4PC10302\nUser Capacity:    80,026,361,856 bytes [80.0 GB]\nSector Size:      512 bytes logical/physical\n...\n\nroot@icarus:~ # smartctl -a /dev/ada5\n...\nModel Family:     Intel 510 Series SSDs\nDevice Model:     INTEL SSDSC2MH120A2\n...\nFirmware Version: PPG4\nUser Capacity:    120,034,123,776 bytes [120 GB]\nSector Size:      512 bytes logical/physical\n...\n\nFix: Apply below patch.  Patch will also be available at the following\n\tURL once I get a GNATS PR:\n\n\thttp://jdc.koitsu.org/freebsd/{prnum}/\n\nHow-To-Repeat: \tn/a"
}