{
 "id": 1072894,
 "bug_id": 241549,
 "attachment_id": 0,
 "creation_time": "2019-10-29T17:43:59Z",
 "creator": "doctor@doctor.nl2k.ab.ca",
 "text": "/var/run/dmesg.boot\n\n---\u003c\u003cBOOT\u003e\u003e---\nCopyright (c) 1992-2018 The FreeBSD Project.\nCopyright (c) 1979, 1980, 1983, 1986, 1988, 1989, 1991, 1992, 1993, 1994\n\tThe Regents of the University of California. All rights reserved.\nFreeBSD is a registered trademark of The FreeBSD Foundation.\nFreeBSD 12.0-RELEASE-p10 GENERIC amd64\nFreeBSD clang version 6.0.1 (tags/RELEASE_601/final 335540) (based on LLVM 6.0.1)\nVT(efifb): resolution 800x600\nCPU: Intel(R) Xeon(R) CPU E5-2603 v4 @ 1.70GHz (1700.03-MHz K8-class CPU)\n  Origin=\"GenuineIntel\"  Id=0x406f1  Family=0x6  Model=0x4f  Stepping=1\n  Features=0xbfebfbff\u003cFPU,VME,DE,PSE,TSC,MSR,PAE,MCE,CX8,APIC,SEP,MTRR,PGE,MCA,CMOV,PAT,PSE36,CLFLUSH,DTS,ACPI,MMX,FXSR,SSE,SSE2,SS,HTT,TM,PBE\u003e\n  Features2=0x7ffefbff\u003cSSE3,PCLMULQDQ,DTES64,MON,DS_CPL,VMX,SMX,EST,TM2,SSSE3,SDBG,FMA,CX16,xTPR,PDCM,PCID,DCA,SSE4.1,SSE4.2,x2APIC,MOVBE,POPCNT,TSCDLT,AESNI,XSAVE,OSXSAVE,AVX,F16C,RDRAND\u003e\n  AMD Features=0x2c100800\u003cSYSCALL,NX,Page1GB,RDTSCP,LM\u003e\n  AMD Features2=0x121\u003cLAHF,ABM,Prefetch\u003e\n  Structured Extended Features=0x21cbfbb\u003cFSGSBASE,TSCADJ,BMI1,HLE,AVX2,SMEP,BMI2,ERMS,INVPCID,RTM,PQM,NFPUSG,PQE,RDSEED,ADX,SMAP,PROCTRACE\u003e\n  XSAVE Features=0x1\u003cXSAVEOPT\u003e\n  VT-x: PAT,HLT,MTF,PAUSE,EPT,UG,VPID,VID,PostIntr\n  TSC: P-state invariant, performance statistics\nreal memory  = 17179869184 (16384 MB)\navail memory = 16477827072 (15714 MB)\nEvent timer \"LAPIC\" quality 600\nACPI APIC Table: \u003cSUPERM SMCI--MB\u003e\nFreeBSD/SMP: Multiprocessor System Detected: 12 CPUs\nFreeBSD/SMP: 2 package(s) x 6 core(s)\nrandom: unblocking device.\nioapic0 \u003cVersion 2.0\u003e irqs 0-23 on motherboard\nioapic1 \u003cVersion 2.0\u003e irqs 24-47 on motherboard\nioapic2 \u003cVersion 2.0\u003e irqs 48-71 on motherboard\nLaunching APs: 2 3 11 4 6 10 1 8 5 9 7\nTimecounter \"TSC\" frequency 1700033504 Hz quality 1000\nrandom: entropy device external interface\nkbd1 at kbdmux0\nnetmap: loaded module\n[ath_hal] loaded\nmodule_register_init: MOD_LOAD (vesa, 0xffffffff810f9a00, 0) error 19\nrandom: registering fast source Intel Secure Key RNG\nrandom: fast provider: \"Intel Secure Key RNG\"\nnexus0\nefirtc0: \u003cEFI Realtime Clock\u003e on motherboard\nefirtc0: registered as a time-of-day clock, resolution 1.000000s\ncryptosoft0: \u003csoftware crypto\u003e on motherboard\nacpi0: \u003c\u003e on motherboard\nacpi0: Power Button (fixed)\ncpu0: \u003cACPI CPU\u003e numa-domain 0 on acpi0\natrtc0: \u003cAT realtime clock\u003e port 0x70-0x71,0x74-0x77 irq 8 on acpi0\natrtc0: registered as a time-of-day clock, resolution 1.000000s\nEvent timer \"RTC\" frequency 32768 Hz quality 0\nattimer0: \u003cAT timer\u003e port 0x40-0x43,0x50-0x53 irq 0 on acpi0\nTimecounter \"i8254\" frequency 1193182 Hz quality 0\nEvent timer \"i8254\" frequency 1193182 Hz quality 100\nhpet0: \u003cHigh Precision Event Timer\u003e iomem 0xfed00000-0xfed003ff on acpi0\nTimecounter \"HPET\" frequency 14318180 Hz quality 950\nEvent timer \"HPET\" frequency 14318180 Hz quality 350\nEvent timer \"HPET1\" frequency 14318180 Hz quality 340\nEvent timer \"HPET2\" frequency 14318180 Hz quality 340\nEvent timer \"HPET3\" frequency 14318180 Hz quality 340\nEvent timer \"HPET4\" frequency 14318180 Hz quality 340\nEvent timer \"HPET5\" frequency 14318180 Hz quality 340\nEvent timer \"HPET6\" frequency 14318180 Hz quality 340\nEvent timer \"HPET7\" frequency 14318180 Hz quality 340\nTimecounter \"ACPI-fast\" frequency 3579545 Hz quality 900\nacpi_timer0: \u003c24-bit timer at 3.579545MHz\u003e port 0x408-0x40b on acpi0\npcib0: \u003cACPI Host-PCI bridge\u003e on acpi0\npci0: \u003cACPI PCI bus\u003e on pcib0\npci0: \u003cdasp, performance counters\u003e at device 8.2 (no driver attached)\npci0: \u003cdasp, performance counters\u003e at device 9.2 (no driver attached)\npci0: \u003cdasp, performance counters\u003e at device 11.1 (no driver attached)\npci0: \u003cdasp, performance counters\u003e at device 11.2 (no driver attached)\npci0: \u003cdasp, performance counters\u003e at device 16.1 (no driver attached)\npci0: \u003cdasp, performance counters\u003e at device 16.6 (no driver attached)\npci0: \u003cdasp, performance counters\u003e at device 18.1 (no driver attached)\npcib1: \u003cACPI Host-PCI bridge\u003e on acpi0\npci1: \u003cACPI PCI bus\u003e on pcib1\npci1: \u003cdasp, performance counters\u003e at device 8.2 (no driver attached)\npci1: \u003cdasp, performance counters\u003e at device 9.2 (no driver attached)\npci1: \u003cdasp, performance counters\u003e at device 11.1 (no driver attached)\npci1: \u003cdasp, performance counters\u003e at device 11.2 (no driver attached)\npci1: \u003cdasp, performance counters\u003e at device 16.1 (no driver attached)\npci1: \u003cdasp, performance counters\u003e at device 16.6 (no driver attached)\npci1: \u003cdasp, performance counters\u003e at device 18.1 (no driver attached)\nacpi_syscontainer0: \u003cSystem Container\u003e on acpi0\nacpi_syscontainer1: \u003cSystem Container\u003e on acpi0\npcib2: \u003cACPI Host-PCI bridge\u003e port 0xcf8-0xcff numa-domain 0 on acpi0\npci2: \u003cACPI PCI bus\u003e numa-domain 0 on pcib2\npcib3: \u003cACPI PCI-PCI bridge\u003e irq 26 at device 1.0 numa-domain 0 on pci2\npci3: \u003cACPI PCI bus\u003e numa-domain 0 on pcib3\nigb0: \u003cIntel(R) PRO/1000 PCI-Express Network Driver\u003e port 0x6020-0x603f mem 0xc7120000-0xc713ffff,0xc7144000-0xc7147fff irq 26 at device 0.0 numa-domain 0 on pci3\nigb0: attach_pre capping queues at 8\nigb0: using 1024 tx descriptors and 1024 rx descriptors\nigb0: msix_init qsets capped at 8\nigb0: pxm cpus: 6 queue msgs: 9 admincnt: 1\nigb0: using 6 rx queues 6 tx queues \nigb0: Using MSIX interrupts with 7 vectors\nigb0: allocated for 6 tx_queues\nigb0: allocated for 6 rx_queues\nigb0: Ethernet address: 0c:c4:7a:ac:51:1e\nigb0: netmap queues/slots: TX 6/1024, RX 6/1024\nigb1: \u003cIntel(R) PRO/1000 PCI-Express Network Driver\u003e port 0x6000-0x601f mem 0xc7100000-0xc711ffff,0xc7140000-0xc7143fff irq 28 at device 0.1 numa-domain 0 on pci3\nigb1: attach_pre capping queues at 8\nigb1: using 1024 tx descriptors and 1024 rx descriptors\nigb1: msix_init qsets capped at 8\nigb1: pxm cpus: 6 queue msgs: 9 admincnt: 1\nigb1: using 6 rx queues 6 tx queues \nigb1: Using MSIX interrupts with 7 vectors\nigb1: allocated for 6 tx_queues\nigb1: allocated for 6 rx_queues\nigb1: Ethernet address: 0c:c4:7a:ac:51:1f\nigb1: netmap queues/slots: TX 6/1024, RX 6/1024\npcib4: \u003cACPI PCI-PCI bridge\u003e irq 40 at device 3.0 numa-domain 0 on pci2\npci4: \u003cACPI PCI bus\u003e numa-domain 0 on pcib4\npci2: \u003cunknown\u003e at device 17.0 (no driver attached)\nahci0: \u003cIntel Wellsburg AHCI SATA controller\u003e port 0x7110-0x7117,0x7100-0x7103,0x70f0-0x70f7,0x70e0-0x70e3,0x7020-0x703f mem 0xc7238000-0xc72387ff irq 16 at device 17.4 numa-domain 0 on pci2\nahci0: AHCI v1.30 with 4 6Gbps ports, Port Multiplier not supported\nahcich0: \u003cAHCI channel\u003e at channel 0 on ahci0\nahcich1: \u003cAHCI channel\u003e at channel 1 on ahci0\nahcich2: \u003cAHCI channel\u003e at channel 2 on ahci0\nahcich3: \u003cAHCI channel\u003e at channel 3 on ahci0\nahciem0: \u003cAHCI enclosure management bridge\u003e on ahci0\nxhci0: \u003cIntel Wellsburg USB 3.0 controller\u003e mem 0xc7200000-0xc720ffff irq 19 at device 20.0 numa-domain 0 on pci2\nxhci0: 32 bytes context size, 64-bit DMA\nusbus0 numa-domain 0 on xhci0\nusbus0: 5.0Gbps Super Speed USB v3.0\npci2: \u003csimple comms\u003e at device 22.0 (no driver attached)\npci2: \u003csimple comms\u003e at device 22.1 (no driver attached)\nehci0: \u003cIntel Wellsburg USB 2.0 controller\u003e mem 0xc7234000-0xc72343ff irq 18 at device 26.0 numa-domain 0 on pci2\nusbus1: EHCI version 1.0\nusbus1 numa-domain 0 on ehci0\nusbus1: 480Mbps High Speed USB v2.0\npcib5: \u003cACPI PCI-PCI bridge\u003e irq 16 at device 28.0 numa-domain 0 on pci2\npci5: \u003cACPI PCI bus\u003e numa-domain 0 on pcib5\npcib6: \u003cACPI PCI-PCI bridge\u003e irq 16 at device 28.4 numa-domain 0 on pci2\npci6: \u003cACPI PCI bus\u003e numa-domain 0 on pcib6\npcib7: \u003cACPI PCI-PCI bridge\u003e at device 0.0 numa-domain 0 on pci6\npci7: \u003cACPI PCI bus\u003e numa-domain 0 on pcib7\nvgapci0: \u003cVGA-compatible display\u003e port 0x5000-0x507f mem 0xc6000000-0xc6ffffff,0xc7000000-0xc701ffff irq 16 at device 0.0 numa-domain 0 on pci7\nvgapci0: Boot video device\nehci1: \u003cIntel Wellsburg USB 2.0 controller\u003e mem 0xc7233000-0xc72333ff irq 18 at device 29.0 numa-domain 0 on pci2\nusbus2: EHCI version 1.0\nusbus2 numa-domain 0 on ehci1\nusbus2: 480Mbps High Speed USB v2.0\nisab0: \u003cPCI-ISA bridge\u003e at device 31.0 numa-domain 0 on pci2\nisa0: \u003cISA bus\u003e numa-domain 0 on isab0\nahci1: \u003cIntel Wellsburg AHCI SATA controller\u003e port 0x7070-0x7077,0x7060-0x7063,0x7050-0x7057,0x7040-0x7043,0x7000-0x701f mem 0xc7232000-0xc72327ff irq 16 at device 31.2 numa-domain 0 on pci2\nahci1: AHCI v1.30 with 6 6Gbps ports, Port Multiplier not supported\nahcich4: \u003cAHCI channel\u003e at channel 0 on ahci1\nahcich5: \u003cAHCI channel\u003e at channel 1 on ahci1\nahcich6: \u003cAHCI channel\u003e at channel 2 on ahci1\nahcich7: \u003cAHCI channel\u003e at channel 3 on ahci1\nahcich8: \u003cAHCI channel\u003e at channel 4 on ahci1\nahcich9: \u003cAHCI channel\u003e at channel 5 on ahci1\nahciem1: \u003cAHCI enclosure management bridge\u003e on ahci1\npcib8: \u003cACPI Host-PCI bridge\u003e numa-domain 1 on acpi0\npci8: \u003cACPI PCI bus\u003e numa-domain 1 on pcib8\npcib9: \u003cACPI PCI-PCI bridge\u003e irq 64 at device 3.0 numa-domain 1 on pci8\npci9: \u003cACPI PCI bus\u003e numa-domain 1 on pcib9\nAVAGO MegaRAID SAS FreeBSD mrsas driver version: 06.712.04.00-fbsd\nmfi0: \u003cThunderBolt\u003e port 0xf000-0xf0ff mem 0xfbe60000-0xfbe63fff,0xfbe00000-0xfbe3ffff irq 64 at device 0.0 numa-domain 1 on pci9\nmfi0: Using MSI\nmfi0: Megaraid SAS driver Ver 4.23 \nmfi0: FW MaxCmds = 1008, limiting to 128\nmfi0: MaxCmd = 1008, Drv MaxCmd = 128, MaxSgl = 70, state = 0xb73c03f0\nmfi0: 23889 (625329343s/0x0020/info) - Shutdown command received from host\nmfi0: 23890 (boot + 9s/0x0020/info) - Firmware initialization started (PCI ID 005b/1000/9276/1000)\nmfi0: 23891 (boot + 9s/0x0020/info) - Firmware version 3.460.05-4565\nmfi0: 23892 (boot + 12s/0x0008/info) - Battery Present\nmfi0: 23893 (boot + 12s/0x0020/info) - Package version 23.34.0-0005\nmfi0: 23894 (boot + 12s/0x0020/info) - Board Revision 001\nmfi0: 23895 (boot + 17s/0x0008/info) - Battery started charging\nmfi0: 23896 (boot + 17s/0x0008/info) - Battery charge complete\nmfi0: 23897 (boot + 17s/0x0008/info) - Battery temperature is normal\nmfi0: 23898 (boot + 30s/0x0002/info) - Inserted: PD 09(e0xfc/s0)\nmfi0: 23899 (boot + 30s/0x0002/info) - Inserted: PD 09(e0xfc/s0) Info: enclPd=fc, scsiType=0, portMap=01, sasAddr=5000c50096e12239,0000000000000000\nmfi0: 23900 (boot + 30s/0x0002/info) - Inserted: PD 0a(e0xfc/s1)\nmfi0: 23901 (boot + 30s/0x0002/info) - Inserted: PD 0a(e0xfc/s1) Info: enclPd=fc, scsiType=0, portMap=00, sasAddr=5000c50084ca7425,0000000000000000\nmfi0: 23902 (625329425s/0x0020/info) - Time established as 10/25/19 14:37:05; (35 seconds since power on)\nmfi0: 23903 (625329427s/0x0008/info) - Battery relearn will start in 4 days\nmfi0: 23904 (625329480s/0x0020/WARN) - Host driver needs to be upgraded to enable extended LD support\nmfi0: 23905 (625329480s/0x0020/info) - Host driver is loaded and operational\nacpi_button0: \u003cPower Button\u003e on acpi0\nuart0: \u003c16550 or compatible\u003e port 0x3f8-0x3ff irq 4 flags 0x10 on acpi0\nuart0: console (115200,n,8,1)\nuart1: \u003c16550 or compatible\u003e port 0x2f8-0x2ff irq 3 on acpi0\norm0: \u003cISA Option ROMs\u003e at iomem 0xc0000-0xc7fff,0xd0000-0xd0fff pnpid ORM0000 on isa0\nest0: \u003cEnhanced SpeedStep Frequency Control\u003e numa-domain 0 on cpu0\nfuse-freebsd: version 0.4.4, FUSE ABI 7.8\nTimecounters tick every 1.000 msec\nmfid0 numa-domain 1 on mfi0\nmfid0: 3814912MB (7812939776 sectors) RAID volume (no label) is optimal\nugen1.1: \u003cIntel EHCI root HUB\u003e at usbus1\nugen2.1: \u003cIntel EHCI root HUB\u003e at usbus2\nugen0.1: \u003c0x8086 XHCI root HUB\u003e at usbus0\nuhub0: \u003cIntel EHCI root HUB, class 9/0, rev 2.00/1.00, addr 1\u003e on usbus1\nuhub1: \u003cIntel EHCI root HUB, class 9/0, rev 2.00/1.00, addr 1\u003e on usbus2\nuhub2: \u003c0x8086 XHCI root HUB, class 9/0, rev 3.00/1.00, addr 1\u003e on usbus0\nses0 at ahciem0 bus 0 scbus4 target 0 lun 0\nses0: \u003cAHCI SGPIO Enclosure 1.00 0001\u003e SEMB S-E-S 2.00 device\nses0: SEMB SES Device\nses1 at ahciem1 bus 0 scbus11 target 0 lun 0\nses1: \u003cAHCI SGPIO Enclosure 1.00 0001\u003e SEMB S-E-S 2.00 device\nses1: SEMB SES Device\ncd0 at ahcich6 bus 0 scbus7 target 0 lun 0\ncd0: \u003cTSSTcorp CDDVDW SN-208FB SB00\u003e Removable CD-ROM SCSI device\ncd0: Serial Number S1236YAH4003P4\ncd0: 150.000MB/s transfers (SATA 1.x, UDMA5, ATAPI 12bytes, PIO 8192bytes)\ncd0: Attempt to query device size failed: NOT READY, Medium not present - tray closed\nTrying to mount root from ufs:/dev/mfid0p2 []...\nuhub0: 2 ports with 2 removable, self powered\nuhub1: 2 ports with 2 removable, self powered\nuhub2: 21 ports with 21 removable, self powered\nZFS filesystem version: 5\nZFS storage pool version: features support (5000)\nwarning: total configured swap (58982400 pages) exceeds maximum recommended amount (16155552 pages).\nwarning: increase kern.maxswzone or reduce amount of swap.\nugen0.2: \u003cLogitech USB Optical Mouse\u003e at usbus0\nugen1.2: \u003cvendor 0x8087 product 0x800a\u003e at usbus1\nuhub3 numa-domain 0 on uhub0\nuhub3: \u003cvendor 0x8087 product 0x800a, class 9/0, rev 2.00/0.05, addr 2\u003e on usbus1\nugen2.2: \u003cvendor 0x8087 product 0x8002\u003e at usbus2\nuhub4 numa-domain 0 on uhub1\nuhub4: \u003cvendor 0x8087 product 0x8002, class 9/0, rev 2.00/0.05, addr 2\u003e on usbus2\nuhub3: 6 ports with 6 removable, self powered\nuhub4: 8 ports with 8 removable, self powered\nugen0.3: \u003cLogitech USB Keyboard\u003e at usbus0\nukbd0 numa-domain 0 on uhub2\nukbd0: \u003cUSB Keyboard\u003e on usbus0\nkbd2 at ukbd0\nugen0.4: \u003cvendor 0x0557 product 0x7000\u003e at usbus0\nuhub5 numa-domain 0 on uhub2\nuhub5: \u003cvendor 0x0557 product 0x7000, class 9/0, rev 2.00/0.00, addr 3\u003e on usbus0\nuhub5: 4 ports with 3 removable, self powered\nugen0.5: \u003cvendor 0x0557 product 0x2419\u003e at usbus0\nukbd1 numa-domain 0 on uhub5\nukbd1: \u003cvendor 0x0557 product 0x2419, class 0/0, rev 1.10/1.00, addr 4\u003e on usbus0\nkbd3 at ukbd1\nbridge0: Ethernet address: 02:ea:75:2d:9d:00\ntap0: Ethernet address: 00:bd:b4:ef:f6:00\ntap1: Ethernet address: 00:bd:c0:ef:f6:01\ntap2: Ethernet address: 00:bd:cb:ef:f6:02\ntap3: Ethernet address: 00:bd:dd:ef:f6:03\ntap4: Ethernet address: 00:bd:e9:ef:f6:04\ntap5: Ethernet address: 00:bd:f5:ef:f6:05\ntap6: Ethernet address: 00:bd:00:f0:f6:06\ntap7: Ethernet address: 00:bd:10:f0:f6:07\ntap8: Ethernet address: 00:bd:1b:f0:f6:08\ntap9: Ethernet address: 00:bd:27:f0:f6:09\ntap10: Ethernet address: 00:bd:32:f0:f6:0a\ntap11: Ethernet address: 00:bd:41:f0:f6:0b\ntap12: Ethernet address: 00:bd:4d:f0:f6:0c\ntap13: Ethernet address: 00:bd:58:f0:f6:0d\ntap14: Ethernet address: 00:bd:64:f0:f6:0e\ntap15: Ethernet address: 00:bd:73:f0:f6:0f\nlo0: link state changed to UP\nigb0: promiscuous mode enabled\nbridge0: link state changed to UP\ntap0: promiscuous mode enabled\nbridge0: link state changed to DOWN\ntap1: promiscuous mode enabled\ntap2: promiscuous mode enabled\ntap3: promiscuous mode enabled\ntap4: promiscuous mode enabled\ntap5: promiscuous mode enabled\ntap6: promiscuous mode enabled\ntap7: promiscuous mode enabled\ntap8: promiscuous mode enabled\ntap9: promiscuous mode enabled\ntap10: promiscuous mode enabled\ntap11: promiscuous mode enabled\ntap12: promiscuous mode enabled\ntap13: promiscuous mode enabled\ntap14: promiscuous mode enabled\ntap15: promiscuous mode enabled\nigb0: link state changed to UP\nbridge0: link state changed to UP\nioat0: \u003cBDX IOAT Ch0\u003e mem 0xc722c000-0xc722ffff irq 31 at device 4.0 numa-domain 0 on pci2\nioat0: Capabilities: 2f7\u003cPQ,Extended_APIC_ID,Block_Fill,Move_CRC,DCA,Marker_Skipping,CRC,Page_Break\u003e\nioat1: \u003cBDX IOAT Ch1\u003e mem 0xc7228000-0xc722bfff irq 39 at device 4.1 numa-domain 0 on pci2\nioat1: Capabilities: 2f7\u003cPQ,Extended_APIC_ID,Block_Fill,Move_CRC,DCA,Marker_Skipping,CRC,Page_Break\u003e\nioat2: \u003cBDX IOAT Ch2\u003e mem 0xc7224000-0xc7227fff irq 31 at device 4.2 numa-domain 0 on pci2\nioat2: Capabilities: f7\u003cExtended_APIC_ID,Block_Fill,Move_CRC,DCA,Marker_Skipping,CRC,Page_Break\u003e\nioat3: \u003cBDX IOAT Ch3\u003e mem 0xc7220000-0xc7223fff irq 39 at device 4.3 numa-domain 0 on pci2\nioat3: Capabilities: f7\u003cExtended_APIC_ID,Block_Fill,Move_CRC,DCA,Marker_Skipping,CRC,Page_Break\u003e\nioat4: \u003cBDX IOAT Ch4\u003e mem 0xc721c000-0xc721ffff irq 31 at device 4.4 numa-domain 0 on pci2\nioat4: Capabilities: f7\u003cExtended_APIC_ID,Block_Fill,Move_CRC,DCA,Marker_Skipping,CRC,Page_Break\u003e\nioat5: \u003cBDX IOAT Ch5\u003e mem 0xc7218000-0xc721bfff irq 39 at device 4.5 numa-domain 0 on pci2\nioat5: Capabilities: f7\u003cExtended_APIC_ID,Block_Fill,Move_CRC,DCA,Marker_Skipping,CRC,Page_Break\u003e\nioat6: \u003cBDX IOAT Ch6\u003e mem 0xc7214000-0xc7217fff irq 31 at device 4.6 numa-domain 0 on pci2\nioat6: Capabilities: f7\u003cExtended_APIC_ID,Block_Fill,Move_CRC,DCA,Marker_Skipping,CRC,Page_Break\u003e\nioat7: \u003cBDX IOAT Ch7\u003e mem 0xc7210000-0xc7213fff irq 39 at device 4.7 numa-domain 0 on pci2\nioat7: Capabilities: f7\u003cExtended_APIC_ID,Block_Fill,Move_CRC,DCA,Marker_Skipping,CRC,Page_Break\u003e\nioat8: \u003cBDX IOAT Ch0\u003e mem 0xfbf1c000-0xfbf1ffff irq 55 at device 4.0 numa-domain 1 on pci8\nioat8: Capabilities: 2f7\u003cPQ,Extended_APIC_ID,Block_Fill,Move_CRC,DCA,Marker_Skipping,CRC,Page_Break\u003e\nioat9: \u003cBDX IOAT Ch1\u003e mem 0xfbf18000-0xfbf1bfff irq 63 at device 4.1 numa-domain 1 on pci8\nioat9: Capabilities: 2f7\u003cPQ,Extended_APIC_ID,Block_Fill,Move_CRC,DCA,Marker_Skipping,CRC,Page_Break\u003e\nioat10: \u003cBDX IOAT Ch2\u003e mem 0xfbf14000-0xfbf17fff irq 55 at device 4.2 numa-domain 1 on pci8\nioat10: Capabilities: f7\u003cExtended_APIC_ID,Block_Fill,Move_CRC,DCA,Marker_Skipping,CRC,Page_Break\u003e\nioat11: \u003cBDX IOAT Ch3\u003e mem 0xfbf10000-0xfbf13fff irq 63 at device 4.3 numa-domain 1 on pci8\nioat11: Capabilities: f7\u003cExtended_APIC_ID,Block_Fill,Move_CRC,DCA,Marker_Skipping,CRC,Page_Break\u003e\nioat12: \u003cBDX IOAT Ch4\u003e mem 0xfbf0c000-0xfbf0ffff irq 55 at device 4.4 numa-domain 1 on pci8\nioat12: Capabilities: f7\u003cExtended_APIC_ID,Block_Fill,Move_CRC,DCA,Marker_Skipping,CRC,Page_Break\u003e\nioat13: \u003cBDX IOAT Ch5\u003e mem 0xfbf08000-0xfbf0bfff irq 63 at device 4.5 numa-domain 1 on pci8\nioat13: Capabilities: f7\u003cExtended_APIC_ID,Block_Fill,Move_CRC,DCA,Marker_Skipping,CRC,Page_Break\u003e\nioat14: \u003cBDX IOAT Ch6\u003e mem 0xfbf04000-0xfbf07fff irq 55 at device 4.6 numa-domain 1 on pci8\nioat14: Capabilities: f7\u003cExtended_APIC_ID,Block_Fill,Move_CRC,DCA,Marker_Skipping,CRC,Page_Break\u003e\nioat15: \u003cBDX IOAT Ch7\u003e mem 0xfbf00000-0xfbf03fff irq 63 at device 4.7 numa-domain 1 on pci8\nioat15: Capabilities: f7\u003cExtended_APIC_ID,Block_Fill,Move_CRC,DCA,Marker_Skipping,CRC,Page_Break\u003e\nums0 numa-domain 0 on uhub2\nums0: \u003cLogitech USB Optical Mouse, class 0/0, rev 2.00/72.00, addr 1\u003e on usbus0\nums0: 3 buttons and [XYZ] coordinates ID=0\nuhid0 numa-domain 0 on uhub2\nuhid0: \u003cUSB Keyboard\u003e on usbus0\nums1 numa-domain 0 on uhub5\nums1: \u003cvendor 0x0557 product 0x2419, class 0/0, rev 1.10/1.00, addr 4\u003e on usbus0\nums1: 3 buttons and [Z] coordinates ID=0\npflog0: promiscuous mode enabled\npid 4964 (VBoxSVC), uid 0: exited on signal 5 (core dumped)\nCPU: Intel(R) Xeon(R) CPU E5-2603 v4 @ 1.70GHz (1700.03-MHz K8-class CPU)\n  Origin=\"GenuineIntel\"  Id=0x406f1  Family=0x6  Model=0x4f  Stepping=1\n  Features=0xbfebfbff\u003cFPU,VME,DE,PSE,TSC,MSR,PAE,MCE,CX8,APIC,SEP,MTRR,PGE,MCA,CMOV,PAT,PSE36,CLFLUSH,DTS,ACPI,MMX,FXSR,SSE,SSE2,SS,HTT,TM,PBE\u003e\n  Features2=0x7ffefbff\u003cSSE3,PCLMULQDQ,DTES64,MON,DS_CPL,VMX,SMX,EST,TM2,SSSE3,SDBG,FMA,CX16,xTPR,PDCM,PCID,DCA,SSE4.1,SSE4.2,x2APIC,MOVBE,POPCNT,TSCDLT,AESNI,XSAVE,OSXSAVE,AVX,F16C,RDRAND\u003e\n  AMD Features=0x2c100800\u003cSYSCALL,NX,Page1GB,RDTSCP,LM\u003e\n  AMD Features2=0x121\u003cLAHF,ABM,Prefetch\u003e\n  Structured Extended Features=0x21cbfbb\u003cFSGSBASE,TSCADJ,BMI1,HLE,AVX2,SMEP,BMI2,ERMS,INVPCID,RTM,PQM,NFPUSG,PQE,RDSEED,ADX,SMAP,PROCTRACE\u003e\n  XSAVE Features=0x1\u003cXSAVEOPT\u003e\n  VT-x: PAT,HLT,MTF,PAUSE,EPT,UG,VPID,VID,PostIntr\n  TSC: P-state invariant, performance statistics"
}