{
 "id": 737644,
 "bug_id": 183647,
 "attachment_id": 0,
 "creation_time": "2013-11-04T04:50:00Z",
 "creator": "claus@endresconsulting.com",
 "text": "The re Realtek ethernet driver is returning packets on receive that have their content replaced by all zeroes. All uni-cast packets are affected, multi-cast\nseems to be received intact as verified using tcpdump.\n\nThis occurs both under i386 and amd64.\n\nThe driver supplied by Realtek as rtl_bsd_drv_v183.tgz and compiled following\ntheir instructions works correctly.\n\nHardware is:\n\nre0@pci0:3:0:0:\tclass=0x020000 card=0x20d91b0a chip=0x816810ec rev=0x07 hdr=0x00\n    vendor     = 'Realtek Semiconductor Co., Ltd.'\n    device     = 'RTL8111/8168B PCI Express Gigabit Ethernet controller'\n    class      = network\n    subclass   = ethernet\n\nStartup messages describing CPU etc:\nNov  1 18:31:14 io kernel: CPU: Intel(R) Core(TM) i3-3120M CPU @ 2.50GHz (2494.38-MHz 686-class CPU)\nNov  1 18:31:14 io kernel: Origin = \"GenuineIntel\"  Id = 0x306a9  Family = 0x6  Model = 0x3a  Stepping = 9\nNov  1 18:31:14 io kernel: Features=0xbfebfbff\u003cFPU,VME,DE,PSE,TSC,MSR,PAE,MCE,CX8,APIC,SEP,MTRR,PGE,MCA,CMOV,PAT,PSE36,CLFLUSH,DTS,ACPI,MMX,FXSR,SSE,SSE2,SS,HTT,TM,PBE\u003e\nNov  1 18:31:14 io kernel: Features2=0x35bae3bf\u003cSSE3,PCLMULQDQ,DTES64,MON,DS_CPL,VMX,EST,TM2,SSSE3,CX16,xTPR,PDCM,PCID,SSE4.1,SSE4.2,x2APIC,POPCNT,TSCDLT,XSAVE,AVX,F16C\u003e\nNov  1 18:31:14 io kernel: AMD Features=0x28100000\u003cNX,RDTSCP,LM\u003e\nNov  1 18:31:14 io kernel: AMD Features2=0x1\u003cLAHF\u003e\nNov  1 18:31:14 io kernel: TSC: P-state invariant, performance statistics\nNov  1 18:31:14 io kernel: real memory  = 4294967296 (4096 MB)\nNov  1 18:31:14 io kernel: avail memory = 3552583680 (3388 MB)\nNov  1 18:31:14 io kernel: Event timer \"LAPIC\" quality 600\nNov  1 18:31:14 io kernel: ACPI APIC Table: \u003cMEDION MEDIONAG\u003e\nNov  1 18:31:14 io kernel: FreeBSD/SMP: Multiprocessor System Detected: 4 CPUs\nNov  1 18:31:14 io kernel: FreeBSD/SMP: 1 package(s) x 2 core(s) x 2 SMT threads\nNov  1 18:31:14 io kernel: cpu0 (BSP): APIC ID:  0\nNov  1 18:31:14 io kernel: cpu1 (AP): APIC ID:  1\nNov  1 18:31:14 io kernel: cpu2 (AP): APIC ID:  2\nNov  1 18:31:14 io kernel: cpu3 (AP): APIC ID:  3\nNov  1 18:31:14 io kernel: ACPI Warning: FADT (revision 5) is longer than ACPI 2.0 version, truncating length 268 to 244 (20110527/tbfadt-320)\nNov  1 18:31:14 io kernel: ioapic0 \u003cVersion 2.0\u003e irqs 0-23 on motherboard\nNov  1 18:31:14 io kernel: kbd1 at kbdmux0\nNov  1 18:31:14 io kernel: acpi0: \u003cMEDION MEDIONAG\u003e on motherboard\n\nFix: \n\nInstall driver supplied by Realtek rtl_bsd_drv_v183.tgz as per included instructions.\nHow-To-Repeat: load 9.2-release (i386 or amd64) using live-fs from DVD on system with Realtek adapter, configure interface and use tcpdump to view packets."
}