{
 "id": 424318,
 "bug_id": 119346,
 "attachment_id": 0,
 "creation_time": "2008-01-05T00:30:02Z",
 "creator": "victor@nett.ca",
 "text": "I had reported this problem before\nas http://www.freebsd.org/cgi/query-pr.cgi?pr=111337 with my old hardware,\nbut was unable to submit follow-up so the ticket expired. Since then,\nthe hardware was completely replaced (except for adaptec SCSI controller\nand two hard disks) and the system exhibits similar behaviour i.e. freezes\nwithout throwing crashdump.\n\nKernel was compiled with default options only.\n\nI appreciate your help,\npciconf and dmesg listings follow.\n\nfreebsd: \u003epciconf -l\nnone0@pci0:0:0: class=0x058000 card=0x286510f1 chip=0x005e10de rev=0xa3 hdr=0x00\nisab0@pci0:1:0: class=0x060100 card=0x286510f1 chip=0x005010de rev=0xa3 hdr=0x00\nnone1@pci0:1:1: class=0x0c0500 card=0x286510f1 chip=0x005210de rev=0xa2 hdr=0x00\nohci0@pci0:2:0: class=0x0c0310 card=0x286510f1 chip=0x005a10de rev=0xa2 hdr=0x00\nehci0@pci0:2:1: class=0x0c0320 card=0x286510f1 chip=0x005b10de rev=0xa3 hdr=0x00\natapci0@pci0:6:0:       class=0x01018a card=0x286510f1 chip=0x005310de rev=0xf2 hdr=0x00\natapci1@pci0:7:0:       class=0x010185 card=0x286510f1 chip=0x005410de rev=0xf3 hdr=0x00\natapci2@pci0:8:0:       class=0x010185 card=0x286510f1 chip=0x005510de rev=0xf3 hdr=0x00\npcib1@pci0:9:0: class=0x060401 card=0x00000000 chip=0x005c10de rev=0xa2 hdr=0x01\nnve0@pci0:10:0: class=0x068000 card=0x286510f1 chip=0x005710de rev=0xa3 hdr=0x00\npcib2@pci0:11:0:        class=0x060400 card=0x00000000 chip=0x005d10de rev=0xa3 hdr=0x01\npcib3@pci0:12:0:        class=0x060400 card=0x00000000 chip=0x005d10de rev=0xa3 hdr=0x01\npcib4@pci0:13:0:        class=0x060400 card=0x00000000 chip=0x005d10de rev=0xa3 hdr=0x01\npcib5@pci0:14:0:        class=0x060400 card=0x00000000 chip=0x005d10de rev=0xa3 hdr=0x01\nhostb0@pci0:24:0:       class=0x060000 card=0x00000000 chip=0x11001022 rev=0x00 hdr=0x00\nhostb1@pci0:24:1:       class=0x060000 card=0x00000000 chip=0x11011022 rev=0x00 hdr=0x00\nhostb2@pci0:24:2:       class=0x060000 card=0x00000000 chip=0x11021022 rev=0x00 hdr=0x00\nhostb3@pci0:24:3:       class=0x060000 card=0x00000000 chip=0x11031022 rev=0x00 hdr=0x00\nnone2@pci1:5:0: class=0x030000 card=0x80081002 chip=0x47521002 rev=0x27 hdr=0x00\nfwohci0@pci1:6:0:       class=0x0c0010 card=0x30441106 chip=0x30441106 rev=0x80 hdr=0x00\nsio4@pci1:7:0:  class=0x070002 card=0x00d312b9 chip=0x100812b9 rev=0x01 hdr=0x00\naac0@pci1:9:0:  class=0x010400 card=0x02869005 chip=0x02859005 rev=0x01 hdr=0x00\nsio5@pci1:10:0: class=0x078000 card=0x565611c1 chip=0x048011c1 rev=0x00 hdr=0x00\nbge0@pci4:0:0:  class=0x020000 card=0x165914e4 chip=0x165914e4 rev=0x11 hdr=0x00\n\n\n\nfreebsd: \u003edmesg\nCopyright (c) 1992-2007 The FreeBSD Project.\nCopyright (c) 1979, 1980, 1983, 1986, 1988, 1989, 1991, 1992, 1993, 1994\n        The Regents of the University of California. All rights reserved.\nFreeBSD is a registered trademark of The FreeBSD Foundation.\nFreeBSD 6.3-PRERELEASE #0: Thu Dec 27 12:49:12 EST 2007\n    victor@freebsd:/usr/obj/usr/src/sys/VICTOR_DEC07\nTimecounter \"i8254\" frequency 1193182 Hz quality 0\nCPU: AMD Opteron(tm) Processor 146 (2009.27-MHz K8-class CPU)\n  Origin = \"AuthenticAMD\"  Id = 0x20f71  Stepping = 1\n  Features=0x78bfbff\u003cFPU,VME,DE,PSE,TSC,MSR,PAE,MCE,CX8,APIC,SEP,MTRR,PGE,MCA,CMOV,PAT,PSE36,CLFLUSH,MMX,FXSR,SSE,SSE2\u003e\n  Features2=0x1\u003cSSE3\u003e\n  AMD Features=0xe2500800\u003cSYSCALL,NX,MMX+,FFXSR,LM,3DNow!+,3DNow!\u003e\n  AMD Features2=0x1\u003cLAHF\u003e\nreal memory  = 3756916736 (3582 MB)\navail memory = 3623956480 (3456 MB)\nACPI APIC Table: \u003cNvidia AWRDACPI\u003e\nioapic0 \u003cVersion 1.1\u003e irqs 0-23 on motherboard\nkbd1 at kbdmux0\nath_hal: 0.9.20.3 (AR5210, AR5211, AR5212, RF5111, RF5112, RF2413, RF5413)\nacpi0: \u003cNvidia AWRDACPI\u003e on motherboard\nacpi0: Power Button (fixed)\nunknown: I/O range not supported\nTimecounter \"ACPI-fast\" frequency 3579545 Hz quality 1000\nacpi_timer0: \u003c24-bit timer at 3.579545MHz\u003e port 0x1008-0x100b on acpi0\ncpu0: \u003cACPI CPU\u003e on acpi0\nacpi_button0: \u003cPower Button\u003e on acpi0\npcib0: \u003cACPI Host-PCI bridge\u003e port 0xcf8-0xcff on acpi0\npci0: \u003cACPI PCI bus\u003e on pcib0\npci0: \u003cmemory\u003e at device 0.0 (no driver attached)\nisab0: \u003cPCI-ISA bridge\u003e at device 1.0 on pci0\nisa0: \u003cISA bus\u003e on isab0\npci0: \u003cserial bus, SMBus\u003e at device 1.1 (no driver attached)\nohci0: \u003cOHCI (generic) USB controller\u003e mem 0xfebff000-0xfebfffff irq 21 at device 2.0 on pci0\nohci0: [GIANT-LOCKED]\nusb0: OHCI version 1.0, legacy support\nusb0: \u003cOHCI (generic) USB controller\u003e on ohci0\nusb0: USB revision 1.0\nuhub0: nVidia OHCI root hub, class 9/0, rev 1.00/1.00, addr 1\nuhub0: 8 ports with 8 removable, self powered\nehci0: \u003cNVIDIA nForce4 USB 2.0 controller\u003e mem 0xfeb00000-0xfeb000ff irq 22 at device 2.1 on pci0\nehci0: [GIANT-LOCKED]\nusb1: waiting for BIOS to give up control\nusb1: timed out waiting for BIOS\nusb1: EHCI version 1.0\nusb1: companion controller, 4 ports each: usb0\nusb1: \u003cNVIDIA nForce4 USB 2.0 controller\u003e on ehci0\nusb1: USB revision 2.0\nuhub1: nVidia EHCI root hub, class 9/0, rev 2.00/1.00, addr 1\nuhub1: 8 ports with 8 removable, self powered\natapci0: \u003cnVidia nForce CK804 UDMA133 controller\u003e port 0x1f0-0x1f7,0x3f6,0x170-0x177,0x376,0xe800-0xe80f at device 6.0 on pci0\nata0: \u003cATA channel 0\u003e on atapci0\nata1: \u003cATA channel 1\u003e on atapci0\natapci1: \u003cnVidia nForce CK804 SATA300 controller\u003e port 0x9f0-0x9f7,0xbf0-0xbf3,0x970-0x977,0xb70-0xb73,0xd400-0xd40f mem 0xfebfc000-0xfebfcfff irq 23 at device 7.0 on pci0\nata2: \u003cATA channel 0\u003e on atapci1\nata3: \u003cATA channel 1\u003e on atapci1\natapci2: \u003cnVidia nForce CK804 SATA300 controller\u003e port 0x9e0-0x9e7,0xbe0-0xbe3,0x960-0x967,0xb60-0xb63,0xc000-0xc00f mem 0xfebfb000-0xfebfbfff irq 21 at device 8.0 on pci0\nata4: \u003cATA channel 0\u003e on atapci2\nata5: \u003cATA channel 1\u003e on atapci2\npcib1: \u003cACPI PCI-PCI bridge\u003e at device 9.0 on pci0\npci1: \u003cACPI PCI bus\u003e on pcib1\npci1: \u003cdisplay, VGA\u003e at device 5.0 (no driver attached)\nfwohci0: \u003cVIA Fire II (VT6306)\u003e port 0xa800-0xa87f mem 0xfdffe000-0xfdffe7ff irq 18 at device 6.0 on pci1\nfwohci0: OHCI version 1.10 (ROM=1)\nfwohci0: No. of Isochronous channels is 4.\nfwohci0: EUI64 00:e0:81:00:00:26:75:55\nfwohci0: Phy 1394a available S400, 2 ports.\nfwohci0: Link S400, max_rec 2048 bytes.\nfirewire0: \u003cIEEE1394(FireWire) bus\u003e on fwohci0\nfwe0: \u003cEthernet over FireWire\u003e on firewire0\nif_fwe0: Fake Ethernet address: 02:e0:81:26:75:55\nfwe0: Ethernet address: 02:e0:81:26:75:55\nfwe0: if_start running deferred for Giant\nsbp0: \u003cSBP-2/SCSI over FireWire\u003e on firewire0\nfwohci0: Initiate bus reset\nfwohci0: BUS reset\nfwohci0: node_id=0xc800ffc0, gen=1, CYCLEMASTER mode\nfirewire0: 1 nodes, maxhop \u003c= 0, cable IRM = 0 (me)\nfirewire0: bus manager 0 (me)\nsio0: configured irq 16 not in bitmap of probed irqs 0\nsio0: port may not be enabled\nsio0: \u003c3COM PCI FaxModem\u003e port 0xa400-0xa407 irq 16 at device 7.0 on pci1\nsio0: moving to sio4\nsio4: type 16550A\naac0: \u003cAdaptec SCSI RAID 2120S\u003e mem 0xf8000000-0xfbffffff irq 18 at device 9.0 on pci1\naac0: Enabling 64-bit address support\naac0: [FAST]\naac0: Adaptec Raid Controller 2.0.0-1\naacp0: \u003cSCSI Passthrough Bus\u003e on aac0\nsio0: configured irq 17 not in bitmap of probed irqs 0\nsio0: port may not be enabled\ncan't re-use a leaf (%desc)!\ncan't re-use a leaf (%driver)!\ncan't re-use a leaf (%location)!\ncan't re-use a leaf (%pnpinfo)!\ncan't re-use a leaf (%parent)!\nsio0: \u003cLucent kermit based PCI Modem\u003e port 0xa000-0xa0ff,0x9c00-0x9cff,0x9800-0x9807 mem 0xfdffd000-0xfdffd0ff irq 17 at device 10.0 on pci1\nsio0: moving to sio5\nsio5: type 16550A\nnve0: \u003cNVIDIA nForce MCP9 Networking Adapter\u003e port 0xbc00-0xbc07 mem 0xfebfa000-0xfebfafff irq 22 at device 10.0 on pci0\nnve0: Ethernet address 00:e0:81:5d:ec:98\nmiibus0: \u003cMII bus\u003e on nve0\ne1000phy0: \u003cMarvell 88E1111 Gigabit PHY\u003e on miibus0\ne1000phy0:  10baseT, 10baseT-FDX, 100baseTX, 100baseTX-FDX, 1000baseTX-FDX, auto\nnve0: Ethernet address: 00:e0:81:5d:ec:98\npcib2: \u003cACPI PCI-PCI bridge\u003e at device 11.0 on pci0\npci2: \u003cACPI PCI bus\u003e on pcib2\npcib3: \u003cACPI PCI-PCI bridge\u003e at device 12.0 on pci0\npci3: \u003cACPI PCI bus\u003e on pcib3\npcib4: \u003cACPI PCI-PCI bridge\u003e at device 13.0 on pci0\npci4: \u003cACPI PCI bus\u003e on pcib4\nbge0: \u003cBroadcom BCM5750 B1, ASIC rev. 0x4101\u003e mem 0xfe6f0000-0xfe6fffff irq 19 at device 0.0 on pci4\nmiibus1: \u003cMII bus\u003e on bge0\nbrgphy0: \u003cBCM5750 10/100/1000baseTX PHY\u003e on miibus1\nbrgphy0:  10baseT, 10baseT-FDX, 100baseTX, 100baseTX-FDX, 1000baseT, 1000baseT-FDX, auto\nbge0: Ethernet address: 00:e0:81:5d:ec:97\npcib5: \u003cACPI PCI-PCI bridge\u003e at device 14.0 on pci0\npci5: \u003cACPI PCI bus\u003e on pcib5\nacpi_tz0: \u003cThermal Zone\u003e on acpi0\nfdc0: \u003cfloppy drive controller\u003e port 0x3f0-0x3f5,0x3f7 irq 6 drq 2 on acpi0\nfdc0: [FAST]\nfd0: \u003c1440-KB 3.5\" drive\u003e on fdc0 drive 0\ncan't re-use a leaf (%desc)!\ncan't re-use a leaf (%driver)!\ncan't re-use a leaf (%location)!\ncan't re-use a leaf (%pnpinfo)!\ncan't re-use a leaf (%parent)!\nsio0: \u003c16550A-compatible COM port\u003e port 0x3f8-0x3ff irq 4 flags 0x10 on acpi0\nsio0: type 16550A\nsio1: \u003c16550A-compatible COM port\u003e port 0x2f8-0x2ff irq 3 on acpi0\nsio1: type 16550A\nppc0: \u003cStandard parallel printer port\u003e port 0x378-0x37f irq 7 on acpi0\nppc0: Generic chipset (EPP/NIBBLE) in COMPATIBLE mode\nppbus0: \u003cParallel port bus\u003e on ppc0\nplip0: \u003cPLIP network interface\u003e on ppbus0\nlpt0: \u003cPrinter\u003e on ppbus0\nlpt0: Interrupt-driven port\nppi0: \u003cParallel I/O\u003e on ppbus0\natkbdc0: \u003cKeyboard controller (i8042)\u003e port 0x60,0x64 irq 1 on acpi0\natkbd0: \u003cAT Keyboard\u003e irq 1 on atkbdc0\nkbd0 at atkbd0\natkbd0: [GIANT-LOCKED]\npsm0: \u003cPS/2 Mouse\u003e irq 12 on atkbdc0\npsm0: [GIANT-LOCKED]\npsm0: model IntelliMouse Explorer, device ID 4\norm0: \u003cISA Option ROMs\u003e at iomem 0xc0000-0xc7fff,0xc8000-0xc97ff,0xcc000-0xcffff on isa0\nsc0: \u003cSystem console\u003e at flags 0x100 on isa0\nsc0: VGA \u003c16 virtual consoles, flags=0x300\u003e\nvga0: \u003cGeneric ISA VGA\u003e at port 0x3c0-0x3df iomem 0xa0000-0xbffff on isa0\nTimecounter \"TSC\" frequency 2009269461 Hz quality 800\nTimecounters tick every 1.000 msec\nacd0: DVDROM \u003cLITE-ON DVD SHD-16P1S/GS02\u003e at ata0-master UDMA33\naacd0: \u003cRAID 1 (Mirror)\u003e on aac0\naacd0: 34998MB (71677440 sectors)\nTrying to mount root from ufs:/dev/aacd0s1a\nWARNING: / was not properly dismounted\nkldload: Unsupported file type\nkldload: Unsupported file type\nkldload: Unsupported file type\nkldload: Unsupported file type\nkldload: Unsupported file type\nnetsmb_dev: loaded\n\nHow-To-Repeat: on a smb mounted network filesystem (supplied by Win2003 server) run \ntar -zxvf archive.tar.gz\nwhere the archive.tar.gz file is \u003e100MB in size and consists of a few\nhundred files"
}