{
 "id": 357947,
 "bug_id": 105187,
 "attachment_id": 0,
 "creation_time": "2006-11-05T22:00:52Z",
 "creator": "ohartmann@walstatt.org",
 "text": "make -j2 buildworld renders a FreeBSD 6.2-PRE/AMD64 box unusuable. Mouse pointer begin to jump, keyboard input occurs with one or up to five seconds latency, moving windows is nearly impossible. This behaviour got worse since a undetermined cvsupdate within the last 4 weeks.\nOn the same hardware this was never seen before on 6.1/amd64 or 6.1-STABLE/AMD64. A i386 box with the exact same OS and setup does not show this problem while building world with make -j2, although the i386 hardware is older and possibly less powerful.\n\nspecial kernel options:\n\nPREEMPTION\nSCHED_4BSD\nADAPTIVE_GIANT\n\nExecpt SCHED_4BSD the setup and config of kernel has not changed. The problem gets even worse with SCHED_ULE enabled. As I wrote before, I could watch a kind of development into this worse situation without specifying what the reasons are. Because I did the same make -j2 many times before without problems, this drives me crazy.\nmake without any parallelisation does hease the pain a bit, but still renders mouse, keyboard and graphics jumping ...\n\nSome output from top -S:\n\nlast pid: 46621;  load averages:  4.19,  4.16,  4.04               up 0+03:50:36  21:53:45\n133 processes: 7 running, 106 sleeping, 1 zombie, 19 waiting\nCPU states: 82.6% user,  0.0% nice, 17.1% system,  0.3% interrupt,  0.0% idle\nMem: 216M Active, 1392M Inact, 187M Wired, 75M Cache, 214M Buf, 11M Free\nSwap: 8192M Total, 8192M Free\n\n  PID USERNAME    THR PRI NICE   SIZE    RES STATE    TIME   WCPU COMMAND\n46540 root          1 131    0 13896K 13408K RUN      0:01 11.03% cc1\n  906 root          1 129    0   336M 97620K RUN      9:56 10.89% Xorg\n46620 root          1 131    0 11588K 11080K RUN      0:00  7.00% cc1\n46594 root          1 128    0  1176K  1096K select   0:00  0.51% make\n   10 root          1 171   52     0K    16K RUN    151:20  0.00% idle\n 1422 hartmann      4  20    0   232M 95060K kserel   4:34  0.00% firefox-bin\n   12 root          1 -32 -151     0K    16K WAIT     0:29  0.00% swi4: clock sio\n  968 hartmann      1  96    0 27420K  1456K select   0:18  0.00% xclock\n   34 root          1 -60 -179     0K    16K WAIT     0:11  0.00% irq12: psm0\n    4 root          1  -8    0     0K    16K -        0:10  0.00% g_down\n 1215 hartmann      1  96    0 30264K  2528K select   0:10  0.00% xterm\n   39 root          1 171   52     0K    16K RUN      0:08  0.00% pagezero\n  860 root          1  96    0  3600K   168K select   0:07  0.00% moused\n   11 root          1 -44 -163     0K    16K WAIT     0:07  0.00% swi1: net\n   16 root          1 -24 -143     0K    16K WAIT     0:05  0.00% swi6: task queue\n   41 root          1  20    0     0K    16K syncer   0:04  0.00% syncer\n  937 hartmann      1  96    0 29528K  2880K select   0:04  0.00% fvwm\n   25 root          1 -68 -187     0K    16K WAIT     0:04  0.00% irq22: nfe0 ehci0\n   30 root          1 -64 -183     0K    16K WAIT     0:04  0.00% irq20: atapci1\n 1496 hartmann      1  96    0 29192K  4916K select   0:04  0.00% xterm\n    3 root          1  -8    0     0K    16K -        0:03  0.00% g_up\n25005 hartmann      1  96    0 30764K  2396K select   0:03  0.00% xterm\n  969 hartmann      1  96    0 18180K  2576K select   0:02  0.00% xload\n 5556 root          1  96    0   668K   348K select   0:01  0.00% make\n10721 hartmann      1  96    0 31352K  7080K select   0:01  0.00% xterm\n   14 root          1 -16    0     0K    16K -        0:01  0.00% yarrow\n   43 root          1 -16    0     0K    16K sdflus   0:01  0.00% softdepflush\n   44 root          1 -68    0     0K    16K -        0:01  0.00% schedcpu\n  966 hartmann      1  96    0 23788K  1300K select   0:01  0.00% FvwmPager\n  962 hartmann      1  96    0 21552K  1212K select   0:01  0.00% FvwmIconMan\n 5645 root          1  96    0  1004K   920K select   0:01  0.00% make\n    2 root          1  -8    0     0K    16K -        0:01  0.00% g_event\n   28 root          1 -64 -183     0K    16K WAIT     0:01  0.00% irq14: ata0\n  743 root          1  96    0  7720K  1816K select   0:00  0.00% ntpd\n  430 _pflogd       1 -58    0  4924K  1300K bpf      0:00  0.00% pflogd\n   37 root          1  20    0     0K    16K psleep   0:00  0.00% vmdaemon\n93707 root          1  96    0   988K   904K select   0:00  0.00% make\n   33 root          1 -60 -179     0K    16K WAIT     0:00  0.00% irq1: atkbd0\n  816 root          1  96    0  9472K  2740K select   0:00  0.00% sendmail\n  967 hartmann      1  96    0 18148K   840K select   0:00  0.00% xbiff\n   17 root          1 -40 -159     0K    16K WAIT     0:00  0.00% swi2: cambio\n   15 root          1 -24 -143     0K    16K WAIT     0:00  0.00% swi6: Giant taskq\n44492 root          1 119    0  6324K  6252K select   0:00  0.00% make\n  811 root          1   4    0 19656K     0K select   0:00  0.00% \u003csshd\u003e\n  961 hartmann      1  96    0 23772K   736K select   0:00  0.00% FvwmButtons\n   36 root          1 -16    0     0K    16K psleep   0:00  0.00% pagedaemon\n\n\nSome dmesg output:\n\nCopyright (c) 1992-2006 The FreeBSD Project.\nCopyright (c) 1979, 1980, 1983, 1986, 1988, 1989, 1991, 1992, 1993, 1994\n        The Regents of the University of California. All rights reserved.\nFreeBSD is a registered trademark of The FreeBSD Foundation.\nFreeBSD 6.2-PRERELEASE #8: Sat Nov  4 11:23:20 UTC 2006\n    root@thor.quark-park.dyndns.org:/usr/obj/usr/src/sys/THOR\nACPI APIC Table: \u003cA M I  OEMAPIC \u003e\nTimecounter \"i8254\" frequency 1193182 Hz quality 0\nCPU: AMD Athlon(tm) 64 Processor 3500+ (2210.07-MHz K8-class CPU)\n  Origin = \"AuthenticAMD\"  Id = 0x10ff0  Stepping = 0\n  Features=0x78bfbff\u003cFPU,VME,DE,PSE,TSC,MSR,PAE,MCE,CX8,APIC,SEP,MTRR,PGE,MCA,CMOV,PAT,PSE36,CLFLUSH,MMX,FXSR,SSE,SSE2\u003e\n  AMD Features=0xe2500800\u003cSYSCALL,NX,MMX+,FFXSR,LM,3DNow+,3DNow\u003e\n  AMD Features2=0x1\u003cLAHF\u003e\nreal memory  = 2147155968 (2047 MB)\navail memory = 2065395712 (1969 MB)\nioapic0 \u003cVersion 1.1\u003e irqs 0-23 on motherboard\nkbd1 at kbdmux0\nacpi0: \u003cA M I OEMXSDT\u003e on motherboard\nacpi0: Power Button (fixed)\nTimecounter \"ACPI-fast\" frequency 3579545 Hz quality 1000\nacpi_timer0: \u003c24-bit timer at 3.579545MHz\u003e port 0x508-0x50b on acpi0\ncpu0: \u003cACPI CPU\u003e on acpi0\nacpi_throttle0: \u003cACPI CPU Throttling\u003e on cpu0\npcib0: \u003cACPI Host-PCI bridge\u003e port 0xcf8-0xcff on acpi0\npci0: \u003cACPI PCI bus\u003e on pcib0\npci0: \u003cmemory, RAM\u003e at device 0.0 (no driver attached)\npci0: \u003cmemory, RAM\u003e at device 0.1 (no driver attached)\npci0: \u003cmemory, RAM\u003e at device 0.2 (no driver attached)\npci0: \u003cmemory, RAM\u003e at device 0.3 (no driver attached)\npci0: \u003cmemory, RAM\u003e at device 0.4 (no driver attached)\npci0: \u003cmemory, RAM\u003e at device 0.5 (no driver attached)\npci0: \u003cmemory, RAM\u003e at device 0.6 (no driver attached)\npci0: \u003cmemory, RAM\u003e at device 0.7 (no driver attached)\npcib1: \u003cACPI PCI-PCI bridge\u003e at device 2.0 on pci0\npci1: \u003cACPI PCI bus\u003e on pcib1\npci1: \u003cmass storage\u003e at device 0.0 (no driver attached)\npcib2: \u003cACPI PCI-PCI bridge\u003e at device 3.0 on pci0\npci2: \u003cACPI PCI bus\u003e on pcib2\npci2: \u003cnetwork, ethernet\u003e at device 0.0 (no driver attached)\npcib3: \u003cACPI PCI-PCI bridge\u003e at device 4.0 on pci0\npci3: \u003cACPI PCI bus\u003e on pcib3\npci3: \u003cdisplay, VGA\u003e at device 0.0 (no driver attached)\npci0: \u003cmemory\u003e at device 9.0 (no driver attached)\nisab0: \u003cPCI-ISA bridge\u003e at device 10.0 on pci0\nisa0: \u003cISA bus\u003e on isab0\nnfsmb0: \u003cnForce2/3/4 MCP SMBus Controller\u003e port 0xbc00-0xbc1f,0x600-0x63f,0x700-0x73f irq 20 at device 10.1 on pci0\nsmbus0: \u003cSystem Management Bus\u003e on nfsmb0\nsmb0: \u003cSMBus generic I/O\u003e on smbus0\nnfsmb1: \u003cnForce2/3/4 MCP SMBus Controller\u003e on nfsmb0\nsmbus1: \u003cSystem Management Bus\u003e on nfsmb1\nsmb1: \u003cSMBus generic I/O\u003e on smbus1\nohci0: \u003cOHCI (generic) USB controller\u003e mem 0xdcdfa000-0xdcdfafff irq 21 at device 11.0 on pci0\nohci0: [GIANT-LOCKED]\nusb0: OHCI version 1.0, legacy support\nusb0: \u003cOHCI (generic) USB controller\u003e on ohci0\nusb0: USB revision 1.0\nuhub0: nVidia OHCI root hub, class 9/0, rev 1.00/1.00, addr 1\nuhub0: 10 ports with 10 removable, self powered\nehci0: \u003cNVIDIA nForce4 USB 2.0 controller\u003e mem 0xdcdfbc00-0xdcdfbcff irq 22 at device 11.1 on pci0\nehci0: [GIANT-LOCKED]\nusb1: EHCI version 1.0\nusb1: companion controller, 4 ports each: usb0\nusb1: \u003cNVIDIA nForce4 USB 2.0 controller\u003e on ehci0\nusb1: USB revision 2.0\nuhub1: nVidia EHCI root hub, class 9/0, rev 2.00/1.00, addr 1\nuhub1: 10 ports with 10 removable, self powered\numass0: Macpower \u0026Tytech Tech USB2.0 Enclosure, rev 2.00/1.00, addr 2\npcm0: \u003cnVidia nForce4\u003e port 0xb400-0xb4ff,0xb000-0xb0ff mem 0xdcdf9000-0xdcdf9fff irq 23 at device 13.0 on pci0\npcm0: \u003cAvance Logic ALC850 AC97 Codec\u003e\natapci0: \u003cnVidia nForce CK804 UDMA133 controller\u003e port 0x1f0-0x1f7,0x3f6,0x170-0x177,0x376,0xffa0-0xffaf at device 15.0 on pci0\nata0: \u003cATA channel 0\u003e on atapci0\nata1: \u003cATA channel 1\u003e on atapci0\natapci1: \u003cnVidia nForce CK804 SATA300 controller\u003e port 0xac00-0xac07,0xa880-0xa883,0xa800-0xa807,0xa480-0xa483,0xa400-0xa40f mem 0xdcdf8000-0xdcdf8fff irq 20 at device 16.0 on pci0\nata2: \u003cATA channel 0\u003e on atapci1\nata3: \u003cATA channel 1\u003e on atapci1\natapci2: \u003cnVidia nForce CK804 SATA300 controller\u003e port 0xa080-0xa087,0xa000-0xa003,0x9c00-0x9c07,0x9880-0x9883,0x9800-0x980f mem 0xdcdf7000-0xdcdf7fff irq 21 at device 17.0 on pci0\nata4: \u003cATA channel 0\u003e on atapci2\nata5: \u003cATA channel 1\u003e on atapci2\npcib4: \u003cACPI PCI-PCI bridge\u003e at device 18.0 on pci0\npci4: \u003cACPI PCI bus\u003e on pcib4\npci4: \u003cmultimedia, audio\u003e at device 7.0 (no driver attached)\nfwohci0: \u003cTexas Instruments TSB43AB22/A\u003e mem 0xdffff800-0xdfffffff,0xdfff8000-0xdfffbfff irq 17 at device 11.0 on pci4\nfwohci0: OHCI version 1.10 (ROM=1)\nfwohci0: No. of Isochronous channels is 4.\nfwohci0: EUI64 00:11:d8:00:00:8c:1f:22\nfwohci0: Phy 1394a available S400, 2 ports.\nfwohci0: Link S400, max_rec 2048 bytes.\nfirewire0: \u003cIEEE1394(FireWire) bus\u003e on fwohci0\nsbp0: \u003cSBP-2/SCSI over FireWire\u003e on firewire0\nfwohci0: Initiate bus reset\nfwohci0: node_id=0xc800ffc0, gen=1, CYCLEMASTER mode\nfirewire0: 1 nodes, maxhop \u003c= 0, cable IRM = 0 (me)\nfirewire0: bus manager 0 (me)\nnfe0: \u003cNVIDIA nForce4 CK804 MCP9 Networking Adapter\u003e port 0x9480-0x9487 mem 0xdcdf6000-0xdcdf6fff irq 22 at device 19.0 on pci0\nmiibus0: \u003cMII bus\u003e on nfe0\nukphy0: \u003cGeneric IEEE 802.3u media interface\u003e on miibus0\nukphy0:  10baseT, 10baseT-FDX, 100baseTX, 100baseTX-FDX, 1000baseT, 1000baseT-FDX, auto\nnfe0: Ethernet address: 00:15:f2:a2:85:ba\npcib5: \u003cACPI PCI-PCI bridge\u003e at device 22.0 on pci0\npci5: \u003cACPI PCI bus\u003e on pcib5\npcib6: \u003cACPI PCI-PCI bridge\u003e at device 23.0 on pci0\npci6: \u003cACPI PCI bus\u003e on pcib6\nacpi_button0: \u003cPower Button\u003e on acpi0\nfdc0: \u003cfloppy drive controller (FDE)\u003e port 0x3f0-0x3f5,0x3f7 irq 6 drq 2 on acpi0\nfdc0: [FAST]\nfd0: \u003c1440-KB 3.5\" drive\u003e on fdc0 drive 0\natkbdc0: \u003cKeyboard controller (i8042)\u003e port 0x60,0x64 irq 1 on acpi0\natkbd0: \u003cAT Keyboard\u003e irq 1 on atkbdc0\nkbd0 at atkbd0\natkbd0: [GIANT-LOCKED]\npsm0: \u003cPS/2 Mouse\u003e irq 12 on atkbdc0\npsm0: [GIANT-LOCKED]\npsm0: model IntelliMouse, device ID 3\nsio0: configured irq 4 not in bitmap of probed irqs 0\nsio0: port may not be enabled\nsio0: \u003c16550A-compatible COM port\u003e port 0x3f8-0x3ff irq 4 flags 0x10 on acpi0\nsio0: type 16550A\nsc0: \u003cSystem console\u003e at flags 0x100 on isa0\nsc0: VGA \u003c8 virtual consoles, flags=0x300\u003e\nvga0: \u003cGeneric ISA VGA\u003e at port 0x3c0-0x3df iomem 0xa0000-0xbffff on isa0\nfb0 at vga0\nsio1: configured irq 3 not in bitmap of probed irqs 0\nsio1: port may not be enabled\nTimecounter \"TSC\" frequency 2210070207 Hz quality 800\nTimecounters tick every 1.000 msec\nFast IPsec: Initialized Security Association Processing.\nacd0: DVDR \u003cNEC DVD RW ND-3500AG/2.1B\u003e at ata0-master UDMA33\nad4: 238475MB \u003cHDT722525DLA380 V44OA96A\u003e at ata2-master SATA300\nad6: 238475MB \u003cHDT722525DLA380 V44OA96A\u003e at ata3-master SATA300\nar0: 476950MB \u003cnVidia MediaShield RAID0 (stripe 64 KB)\u003e status: READY\nar0: disk0 READY using ad6 at ata3-master\nar0: disk1 READY using ad4 at ata2-master\ncd0 at ata0 bus 0 target 0 lun 0\ncd0: \u003c_NEC DVD_RW ND-3500AG 2.1B\u003e Removable CD-ROM SCSI-0 device \ncd0: 33.000MB/s transfers\ncd0: Attempt to query device size failed: NOT READY, Medium not present\nda0 at umass-sim0 bus 0 target 0 lun 0\nda0: \u003cSAMSUNG S07GJ10Y304470 VM10\u003e Fixed Direct Access SCSI-2 device \nda0: 40.000MB/s transfers\nda0: 190782MB (390721968 512 byte sectors: 255H 63S/T 24321C)\nGEOM_LABEL: Label for provider da0d is ufs/BACKUP.\nGEOM_LABEL: Label for provider ar0s3 is ufs/HOMES.\nGEOM_LABEL: Label for provider ar0s1d is ufs/VAR.\nGEOM_LABEL: Label for provider ar0s1e is ufs/USR.\nGEOM_LABEL: Label for provider ar0s1f is ufs/LOCAL.\nGEOM_LABEL: Label for provider ar0s1g is ufs/OBJ.\nGEOM_LABEL: Label for provider ar0s1h is ufs/SRC.\nGEOM_LABEL: Label for provider ar0s2d is ufs/COMPAT.\nGEOM_LABEL: Label for provider ar0s2e is ufs/DATABASE.\nGEOM_LABEL: Label for provider ar0s2f is ufs/PORTS.\nGEOM_LABEL: Label for provider ar0s2g is ufs/SCRATCH.\nTrying to mount root from ufs:/dev/ar0s1a\n\nHow-To-Repeat: build world with make -j2 on FreeBSD 6.2-PRE/AMD64 with UP."
}