{
 "id": 570524,
 "bug_id": 149106,
 "attachment_id": 0,
 "creation_time": "2010-07-30T14:30:05Z",
 "creator": "amdmi3@FreeBSD.org",
 "text": "xfs.5 says:\n\nEXAMPLES\n     To mount a xfs volume located on /dev/ad1s1:\n           \n           mount -t xfs /dev/ad1s1 /mnt\n\nHowever, this doesn't work:\n\n# mdconfig -a -s 256m\nmd0\n# mkfs.xfs /dev/md0\nmeta-data=/dev/md0               isize=256    agcount=8, agsize=8192 blks\n         =                       sectsz=512   attr=0\ndata     =                       bsize=4096   blocks=65536, imaxpct=25\n         =                       sunit=0      swidth=0 blks, unwritten=1\nnaming   =version 2              bsize=4096  \nlog      =internal log           bsize=4096   blocks=1200, version=1\n         =                       sectsz=512   sunit=0 blks, lazy-count=0\nrealtime =none                   extsz=4096   blocks=0, rtextents=0\n# mount -t xfs /dev/md0 /mnt\nmount: /dev/md0 : Operation not permitted\n\nHowever, it works if I explicitely request read-only mount:\n# mount -t xfs -oro /dev/md0 /mnt\n# mount | tail -1\n/dev/md0 on /mnt (xfs, local, read-only)\n\nFix: \n\nTrivial: -o ro should be added into the example\nHow-To-Repeat: See above"
}