{
 "id": 414304,
 "bug_id": 117239,
 "attachment_id": 0,
 "creation_time": "2007-10-16T11:20:01Z",
 "creator": "kirma.from.cs.hut.fi@FreeBSD.org",
 "text": "Kernel crash on an SMP i386 workstation, also an NFS client.\nPanic message:\n\nFatal trap 12: page fault while in kernel mode\ncpuid = 1; apic id = 01\nfault virtual address   = 0x5a\nfault code              = supervisor read, page not present\ninstruction pointer     = 0x20:0xc068eaba\nstack pointer           = 0x28:0xe57fb66c\nframe pointer           = 0x28:0xe57fb790\ncode segment            = base 0x0, limit 0xfffff, type 0x1b\n                        = DPL 0, pres 1, def32 1, gran 1\nprocessor eflags        = interrupt enabled, resume, IOPL = 0\ncurrent process         = 13259 (rxvt)\ntrap number             = 12\npanic: page fault\n\n0xc068eaba is vm_fault+0x13e.\n\nEssentially this panic is caused by fs.first_object being NULL.\nNULL dereference occurs at src/sys/vm/fault_vm.c version 1.205.2.7, line 295:\n\tif (fs.first_object-\u003eflags \u0026 OBJ_NEEDGIANT)\n\nRelevant snippet of objdump -d kernel:\n\nc068e97c \u003cvm_fault\u003e:\nc068e97c:       55                      push   %ebp\nc068e97d:       89 e5                   mov    %esp,%ebp\nc068e97f:       57                      push   %edi\nc068e980:       56                      push   %esi\nc068e981:       53                      push   %ebx\nc068e982:       81 ec 18 01 00 00       sub    $0x118,%esp\nc068e988:       8a 45 10                mov    0x10(%ebp),%al\nc068e98b:       88 85 5f ff ff ff       mov    %al,0xffffff5f(%ebp)\nc068e991:       c7 85 4c ff ff ff 00    movl   $0x0,0xffffff4c(%ebp)\nc068e998:       00 00 00 \nc068e99b:       c7 85 54 ff ff ff 01    movl   $0x1,0xffffff54(%ebp)\nc068e9a2:       00 00 00 \nc068e9a5:       f0 83 05 b4 7b 79 c0    lock addl $0x1,0xc0797bb4\nc068e9ac:       01 \nc068e9ad:       8b 55 08                mov    0x8(%ebp),%edx\nc068e9b0:       8d 4d 80                lea    0xffffff80(%ebp),%ecx\nc068e9b3:       89 55 a4                mov    %edx,0xffffffa4(%ebp)\nc068e9b6:       8d 9d 7f ff ff ff       lea    0xffffff7f(%ebp),%ebx\nc068e9bc:       51                      push   %ecx\nc068e9bd:       53                      push   %ebx\nc068e9be:       8d 45 9c                lea    0xffffff9c(%ebp),%eax\nc068e9c1:       50                      push   %eax\nc068e9c2:       8d 55 98                lea    0xffffff98(%ebp),%edx\nc068e9c5:       52                      push   %edx\nc068e9c6:       8d 4d a8                lea    0xffffffa8(%ebp),%ecx\nc068e9c9:       51                      push   %ecx\nc068e9ca:       0f b6 85 5f ff ff ff    movzbl 0xffffff5f(%ebp),%eax\nc068e9d1:       50                      push   %eax\nc068e9d2:       ff 75 0c                pushl  0xc(%ebp)\nc068e9d5:       8d 5d a4                lea    0xffffffa4(%ebp),%ebx\nc068e9d8:       53                      push   %ebx\nc068e9d9:       e8 fe 81 00 00          call   c0696bdc \u003cvm_map_lookup\u003e\nc068e9de:       83 c4 20                add    $0x20,%esp\nc068e9e1:       85 c0                   test   %eax,%eax\nc068e9e3:       89 c3                   mov    %eax,%ebx\nc068e9e5:       0f 84 b0 00 00 00       je     c068ea9b \u003cvm_fault+0x11f\u003e\nc068e9eb:       83 f8 02                cmp    $0x2,%eax\nc068e9ee:       74 61                   je     c068ea51 \u003cvm_fault+0xd5\u003e\nc068e9f0:       8b b5 54 ff ff ff       mov    0xffffff54(%ebp),%esi\nc068e9f6:       85 f6                   test   %esi,%esi\nc068e9f8:       0f 84 ce 08 00 00       je     c068f2cc \u003cvm_fault+0x950\u003e\nc068e9fe:       83 fb 01                cmp    $0x1,%ebx\nc068ea01:       0f 85 c5 08 00 00       jne    c068f2cc \u003cvm_fault+0x950\u003e\nc068ea07:       8b 45 08                mov    0x8(%ebp),%eax\nc068ea0a:       3b 05 ac 7a 79 c0       cmp    0xc0797aac,%eax\nc068ea10:       0f 84 b6 08 00 00       je     c068f2cc \u003cvm_fault+0x950\u003e\nc068ea16:       64 a1 00 00 00 00       mov    %fs:0x0,%eax\nc068ea1c:       8b 08                   mov    (%eax),%ecx\nc068ea1e:       85 c9                   test   %ecx,%ecx\nc068ea20:       0f 84 a6 08 00 00       je     c068f2cc \u003cvm_fault+0x950\u003e\nc068ea26:       64 a1 00 00 00 00       mov    %fs:0x0,%eax\nc068ea2c:       ff 75 0c                pushl  0xc(%ebp)\nc068ea2f:       ff 30                   pushl  (%eax)\nc068ea31:       e8 3a 7c 00 00          call   c0696670 \u003cvm_map_growstack\u003e\nc068ea36:       89 c3                   mov    %eax,%ebx\nc068ea38:       85 db                   test   %ebx,%ebx\nc068ea3a:       58                      pop    %eax\nc068ea3b:       5a                      pop    %edx\nc068ea3c:       0f 85 15 16 00 00       jne    c0690057 \u003cvm_fault+0x16db\u003e\nc068ea42:       c7 85 54 ff ff ff 00    movl   $0x0,0xffffff54(%ebp)\nc068ea49:       00 00 00 \nc068ea4c:       e9 5c ff ff ff          jmp    c068e9ad \u003cvm_fault+0x31\u003e\nc068ea51:       8b 45 14                mov    0x14(%ebp),%eax\nc068ea54:       83 e0 03                and    $0x3,%eax\nc068ea57:       83 f8 02                cmp    $0x2,%eax\nc068ea5a:       75 94                   jne    c068e9f0 \u003cvm_fault+0x74\u003e\nc068ea5c:       8d 55 80                lea    0xffffff80(%ebp),%edx\nc068ea5c:       8d 55 80                lea    0xffffff80(%ebp),%edx\nc068ea5f:       52                      push   %edx\nc068ea60:       8d 8d 7f ff ff ff       lea    0xffffff7f(%ebp),%ecx\nc068ea66:       51                      push   %ecx\nc068ea67:       8d 5d 9c                lea    0xffffff9c(%ebp),%ebx\nc068ea6a:       53                      push   %ebx\nc068ea6b:       8d 45 98                lea    0xffffff98(%ebp),%eax\nc068ea6e:       50                      push   %eax\nc068ea6f:       8d 55 a8                lea    0xffffffa8(%ebp),%edx\nc068ea72:       52                      push   %edx\nc068ea73:       6a 0b                   push   $0xb\nc068ea75:       ff 75 0c                pushl  0xc(%ebp)\nc068ea78:       8d 4d a4                lea    0xffffffa4(%ebp),%ecx\nc068ea7b:       51                      push   %ecx\nc068ea7c:       e8 5b 81 00 00          call   c0696bdc \u003cvm_map_lookup\u003e\nc068ea81:       83 c4 20                add    $0x20,%esp\nc068ea84:       85 c0                   test   %eax,%eax\nc068ea86:       89 c3                   mov    %eax,%ebx\nc068ea88:       0f 85 3e 08 00 00       jne    c068f2cc \u003cvm_fault+0x950\u003e\nc068ea8e:       8b 55 a8                mov    0xffffffa8(%ebp),%edx\nc068ea91:       f6 42 34 02             testb  $0x2,0x34(%edx)\nc068ea95:       75 07                   jne    c068ea9e \u003cvm_fault+0x122\u003e\nc068ea97:       80 62 35 fd             andb   $0xfd,0x35(%edx)\nc068ea9b:       8b 55 a8                mov    0xffffffa8(%ebp),%edx\nc068ea9e:       8b 45 a4                mov    0xffffffa4(%ebp),%eax\nc068eaa1:       8b 80 b0 00 00 00       mov    0xb0(%eax),%eax\nc068eaa7:       89 85 50 ff ff ff       mov    %eax,0xffffff50(%ebp)\nc068eaad:       f6 42 30 10             testb  $0x10,0x30(%edx)\nc068eab1:       0f 85 93 15 00 00       jne    c069004a \u003cvm_fault+0x16ce\u003e\nc068eab7:       8b 75 98                mov    0xffffff98(%ebp),%esi\n\n*** HERE ***\n\nc068eaba:       66 83 7e 5a 00          cmpw   $0x0,0x5a(%esi)\nc068eabf:       0f 88 f2 0d 00 00       js     c068f8b7 \u003cvm_fault+0xf3b\u003e\nc068eac5:       64 8b 15 00 00 00 00    mov    %fs:0x0,%edx\nc068eacc:       bb 04 00 00 00          mov    $0x4,%ebx\nc068ead1:       89 d8                   mov    %ebx,%eax\nc068ead3:       f0 0f b1 56 1c          lock cmpxchg %edx,0x1c(%esi)\nc068ead8:       0f 94 c0                sete   %al\nc068eadb:       0f b6 c0                movzbl %al,%eax\nc068eade:       85 c0                   test   %eax,%eax\nc068eae0:       0f 84 c9 0c 00 00       je     c068f7af \u003cvm_fault+0xe33\u003e\nc068eae6:       ff 75 98                pushl  0xffffff98(%ebp)\nc068eae9:       e8 66 a4 00 00          call   c0698f54 \u003cvm_object_reference_locked\u003e\n..\n\ndmesg:\n\nCopyright (c) 1992-2007 The FreeBSD Project.\nCopyright (c) 1979, 1980, 1983, 1986, 1988, 1989, 1991, 1992, 1993, 1994\n\tThe Regents of the University of California. All rights reserved.\nFreeBSD is a registered trademark of The FreeBSD Foundation.\nFreeBSD 6.2-STABLE #1: Mon Oct  8 12:57:26 EEST 2007\n    root@XXX.hut.fi:/usr/obj/usr/src/sys/XXX-SMP\nTimecounter \"i8254\" frequency 1193182 Hz quality 0\nCPU: Intel(R) Pentium(R) D CPU 2.80GHz (2805.72-MHz 686-class CPU)\n  Origin = \"GenuineIntel\"  Id = 0xf44  Stepping = 4\n  Features=0xbfebfbff\u003cFPU,VME,DE,PSE,TSC,MSR,PAE,MCE,CX8,APIC,SEP,MTRR,PGE,MCA,CMOV,PAT,PSE36,CLFLUSH,DTS,ACPI,MMX,FXSR,SSE,SSE2,SS,HTT,TM,PBE\u003e\n  Features2=0x641d\u003cSSE3,RSVD2,MON,DS_CPL,CNXT-ID,CX16,xTPR\u003e\n  AMD Features=0x20100000\u003cNX,LM\u003e\n  Cores per package: 2\nreal memory  = 1072005120 (1022 MB)\navail memory = 1031491584 (983 MB)\nACPI APIC Table: \u003cINTEL  D945PSN \u003e\nFreeBSD/SMP: Multiprocessor System Detected: 2 CPUs\n cpu0 (BSP): APIC ID:  0\n cpu1 (AP): APIC ID:  1\nioapic0: Changing APIC ID to 2\nioapic0 \u003cVersion 2.0\u003e irqs 0-23 on motherboard\nichwd module loaded\nacpi0: \u003cINTEL D945PSN\u003e on motherboard\nacpi0: Power Button (fixed)\nTimecounter \"ACPI-fast\" frequency 3579545 Hz quality 1000\nacpi_timer0: \u003c24-bit timer at 3.579545MHz\u003e port 0x408-0x40b on acpi0\ncpu0: \u003cACPI CPU\u003e on acpi0\np4tcc0: \u003cCPU Frequency Thermal Control\u003e on cpu0\ncpu1: \u003cACPI CPU\u003e on acpi0\np4tcc1: \u003cCPU Frequency Thermal Control\u003e on cpu1\nacpi_button0: \u003cSleep Button\u003e on acpi0\npcib0: \u003cACPI Host-PCI bridge\u003e port 0xcf8-0xcff on acpi0\npci0: \u003cACPI PCI bus\u003e on pcib0\npcib1: \u003cPCI-PCI bridge\u003e at device 1.0 on pci0\npci1: \u003cPCI bus\u003e on pcib1\nnvidia0: \u003cGeForce 6600 GT\u003e mem 0x48000000-0x4bffffff,0x40000000-0x47ffffff,0x4c000000-0x4cffffff irq 16 at device 0.0 on pci1\nnvidia0: [GIANT-LOCKED]\npcm0: \u003cIntel 82801G High Definition Audio Controller\u003e mem 0x4d200000-0x4d203fff irq 22 at device 27.0 on pci0\npcib2: \u003cACPI PCI-PCI bridge\u003e at device 28.0 on pci0\npci2: \u003cACPI PCI bus\u003e on pcib2\nem0: \u003cIntel(R) PRO/1000 Network Connection Version - 6.6.6\u003e port 0x1000-0x101f mem 0x4d100000-0x4d11ffff irq 16 at device 0.0 on pci2\nem0: Ethernet address: 00:XX:XX:XX:XX:XX\nem0: [FAST]\npcib3: \u003cACPI PCI-PCI bridge\u003e at device 28.2 on pci0\npci3: \u003cACPI PCI bus\u003e on pcib3\npcib4: \u003cACPI PCI-PCI bridge\u003e at device 28.3 on pci0\npci4: \u003cACPI PCI bus\u003e on pcib4\nuhci0: \u003cUHCI (generic) USB controller\u003e port 0x2080-0x209f irq 23 at device 29.0 on pci0\nuhci0: [GIANT-LOCKED]\nusb0: \u003cUHCI (generic) USB controller\u003e on uhci0\nusb0: USB revision 1.0\nuhub0: Intel UHCI root hub, class 9/0, rev 1.00/1.00, addr 1\nuhub0: 2 ports with 2 removable, self powered\nuhci1: \u003cUHCI (generic) USB controller\u003e port 0x2060-0x207f irq 19 at device 29.1 on pci0\nuhci1: [GIANT-LOCKED]\nusb1: \u003cUHCI (generic) USB controller\u003e on uhci1\nusb1: USB revision 1.0\nuhub1: Intel UHCI root hub, class 9/0, rev 1.00/1.00, addr 1\nuhub1: 2 ports with 2 removable, self powered\nuhci2: \u003cUHCI (generic) USB controller\u003e port 0x2040-0x205f irq 18 at device 29.2 on pci0\nuhci2: [GIANT-LOCKED]\nusb2: \u003cUHCI (generic) USB controller\u003e on uhci2\nusb2: USB revision 1.0\nuhub2: Intel UHCI root hub, class 9/0, rev 1.00/1.00, addr 1\nuhub2: 2 ports with 2 removable, self powered\nuhci3: \u003cUHCI (generic) USB controller\u003e port 0x2020-0x203f irq 16 at device 29.3 on pci0\nuhci3: [GIANT-LOCKED]\nusb3: \u003cUHCI (generic) USB controller\u003e on uhci3\nusb3: USB revision 1.0\nuhub3: Intel UHCI root hub, class 9/0, rev 1.00/1.00, addr 1\nuhub3: 2 ports with 2 removable, self powered\nehci0: \u003cIntel 82801GB/R (ICH7) USB 2.0 controller\u003e mem 0x4d204000-0x4d2043ff irq 23 at device 29.7 on pci0\nehci0: [GIANT-LOCKED]\nusb4: EHCI version 1.0\nusb4: companion controllers, 2 ports each: usb0 usb1 usb2 usb3\nusb4: \u003cIntel 82801GB/R (ICH7) USB 2.0 controller\u003e on ehci0\nusb4: USB revision 2.0\nuhub4: Intel EHCI root hub, class 9/0, rev 2.00/1.00, addr 1\nuhub4: 8 ports with 8 removable, self powered\numass0: Generic USB2.0 Card Reader, rev 2.00/1.9c, addr 2\npcib5: \u003cACPI PCI-PCI bridge\u003e at device 30.0 on pci0\npci5: \u003cACPI PCI bus\u003e on pcib5\nfwohci0: \u003cTexas Instruments TSB43AB23\u003e mem 0x4d004000-0x4d0047ff,0x4d000000-0x4d003fff irq 17 at device 5.0 on pci5\nfwohci0: OHCI version 1.10 (ROM=0)\nfwohci0: No. of Isochronous channels is 4.\nfwohci0: EUI64 00:90:27:00:01:9c:89:69\nfwohci0: Phy 1394a available S400, 3 ports.\nfwohci0: Link S400, max_rec 2048 bytes.\nfirewire0: \u003cIEEE1394(FireWire) bus\u003e on fwohci0\nfwe0: \u003cEthernet over FireWire\u003e on firewire0\nif_fwe0: Fake Ethernet address: 02:90:27:9c:89:69\nfwe0: Ethernet address: 02:90:27:9c:89:69\nfwe0: if_start running deferred for Giant\nsbp0: \u003cSBP-2/SCSI over FireWire\u003e on firewire0\nfwohci0: Initiate bus reset\nfwohci0: BUS reset\nfwohci0: node_id=0xc800ffc0, gen=1, CYCLEMASTER mode\nfirewire0: 1 nodes, maxhop \u003c= 0, cable IRM = 0 (me)\nfirewire0: bus manager 0 (me)\nisab0: \u003cPCI-ISA bridge\u003e at device 31.0 on pci0\nisa0: \u003cISA bus\u003e on isab0\natapci0: \u003cIntel ICH7 UDMA100 controller\u003e port 0x1f0-0x1f7,0x3f6,0x170-0x177,0x376,0x20b0-0x20bf irq 18 at device 31.1 on pci0\nata0: \u003cATA channel 0\u003e on atapci0\nata1: \u003cATA channel 1\u003e on atapci0\natapci1: \u003cIntel ICH7 SATA300 controller\u003e port 0x20c8-0x20cf,0x20e4-0x20e7,0x20c0-0x20c7,0x20e0-0x20e3,0x20a0-0x20af irq 19 at device 31.2 on pci0\nata2: \u003cATA channel 0\u003e on atapci1\nata3: \u003cATA channel 1\u003e on atapci1\npci0: \u003cserial bus, SMBus\u003e at device 31.3 (no driver attached)\natkbdc0: \u003cKeyboard controller (i8042)\u003e port 0x60,0x64 irq 1 on acpi0\natkbd0: \u003cAT Keyboard\u003e irq 1 on atkbdc0\nkbd0 at atkbd0\natkbd0: [GIANT-LOCKED]\npsm0: \u003cPS/2 Mouse\u003e irq 12 on atkbdc0\npsm0: [GIANT-LOCKED]\npsm0: model IntelliMouse, device ID 3\nsio0: \u003c16550A-compatible COM port\u003e port 0x3f8-0x3ff irq 4 flags 0x10 on acpi0\nsio0: type 16550A\nichwd0: \u003cIntel ICH7 watchdog timer\u003e on isa0\nichwd0: Intel ICH7 watchdog timer (ICH7 or equivalent)\npmtimer0 on isa0\norm0: \u003cISA Option ROMs\u003e at iomem 0xcf800-0xd07ff,0xd0800-0xd17ff on isa0\nsc0: \u003cSystem console\u003e at flags 0x100 on isa0\nsc0: VGA \u003c16 virtual consoles, flags=0x300\u003e\nsio1: configured irq 3 not in bitmap of probed irqs 0\nsio1: port may not be enabled\nvga0: \u003cGeneric ISA VGA\u003e at port 0x3c0-0x3df iomem 0xa0000-0xbffff on isa0\nugen0: HewLett Packard HP LaserJet 1200, rev 1.10/1.00, addr 2\nTimecounters tick every 1.000 msec\nacd0: DVDR \u003cHL-DT-ST DVDRAM GSA-4167B/DL11\u003e at ata0-master UDMA33\nad4: 76319MB \u003cSAMSUNG HD080HJ WT100-33\u003e at ata2-master SATA150\npcm0: \u003cHDA Codec: Sigmatel STAC9221\u003e\npcm0: \u003cHDA Driver Revision: 20070710_0047\u003e\nacd0: FAILURE - INQUIRY ILLEGAL REQUEST asc=0x24 ascq=0x00 sks=0x40 0x00 0x01\nSMP: AP CPU #1 Launched!\ncd0 at ata0 bus 0 target 0 lun 0\ncd0: \u003cHL-DT-ST DVDRAM GSA-4167B DL11\u003e Removable CD-ROM SCSI-0 device \ncd0: 33.000MB/s transfers\ncd0: Attempt to query device size failed: NOT READY, Medium not present\nda0 at umass-sim0 bus 0 target 0 lun 0\nda0: \u003cGeneric IC1210        CF 1.9C\u003e Removable Direct Access SCSI-0 device \nda0: 40.000MB/s transfers\nda0: Attempt to query device size failed: NOT READY, Medium not present\nda1 at umass-sim0 bus 0 target 0 lun 1\nda1: \u003cGeneric IC1210        MS 1.9C\u003e Removable Direct Access SCSI-0 device \nda1: 40.000MB/s transfers\nda1: Attempt to query device size failed: NOT READY, Medium not present\nda2 at umass-sim0 bus 0 target 0 lun 2\nda2: \u003cGeneric IC1210    MMC/SD 1.9C\u003e Removable Direct Access SCSI-0 device \nda2: 40.000MB/s transfers\nda2: Attempt to query device size failed: NOT READY, Medium not present\nda3 at umass-sim0 bus 0 target 0 lun 3\nda3: \u003cGeneric IC1210        SM 1.9C\u003e Removable Direct Access SCSI-0 device \nda3: 40.000MB/s transfers\nda3: Attempt to query device size failed: NOT READY, Medium not present\nTrying to mount root from ufs:/dev/ad4s1a\n\nKernel configuration XXX-SMP:\n\ninclude         XXX-UP\nident           XXX-SMP\noptions         SMP\noptions         PQ_CACHESIZE=1024\ndevice          apic\n\nXXX-UP:\n\nmachine\t\ti386\ncpu\t\tI686_CPU\nident\t\tXXX-UP\n\noptions \tPQ_CACHESIZE=512\n\noptions \tMAXDSIZ=(1024UL*1024*1024)\noptions \tMAXSSIZ=(128UL*1024*1024)\noptions \tDFLDSIZ=(1024UL*1024*1024)\n\noptions \tSCHED_4BSD\noptions\t\tPREEMPTION\n\ndevice\t\tcpufreq\ndevice\t\tacpi\ndevice\t\tichwd\n\noptions \tINET\t\t\t# InterNETworking\noptions \tINET6\t\t\t# IPv6 communications protocols\noptions \tZERO_COPY_SOCKETS\n\noptions \tNETGRAPH\t\t#netgraph(4) system\n\noptions \tFFS\t\t\t# Berkeley Fast Filesystem\noptions \tSOFTUPDATES\t\t# Enable FFS soft updates support\noptions \tUFS_ACL\t\t\t# Support for access control lists\noptions \tUFS_DIRHASH\t\t# Improve performance on big directories\noptions \tNFSCLIENT\t\t# Network Filesystem Client\noptions \tMSDOSFS\t\t\t# MSDOS Filesystem\noptions \tCD9660\t\t\t# ISO 9660 Filesystem\noptions \tPROCFS\t\t\t# Process filesystem (requires PSEUDOFS)\noptions \tDIRECTIO\n\noptions \tPROCFS\t\t\t# Process filesystem (requires PSEUDOFS)\noptions\t\tLINPROCFS\noptions \tPSEUDOFS\t\t# Pseudo-filesystem framework\n\noptions \tPSEUDOFS\t\t# Pseudo-filesystem framework\noptions \tGEOM_GPT\t\t# GUID Partition Tables.\noptions \tCOMPAT_43\t\t# Compatible with BSD 4.3 [KEEP THIS!]\noptions \tCOMPAT_FREEBSD4\t\t# Compatible with FreeBSD4\noptions\t\tCOMPAT_FREEBSD5\t\t# Compatible with FreeBSD5\noptions\t\tCOMPAT_LINUX\noptions \tSCSI_DELAY=5000\t\t# Delay (in ms) before probing SCSI\noptions \tKTRACE\t\t\t# ktrace(1) support\noptions \tSYSVSHM\t\t\t# SYSV-style shared memory\noptions \tSYSVMSG\t\t\t# SYSV-style message queues\noptions \tSYSVSEM\t\t\t# SYSV-style semaphores\noptions \t_KPOSIX_PRIORITY_SCHEDULING # POSIX P1003_1B real-time extensions\noptions \tKBD_INSTALL_CDEV\t# install a CDEV entry in /dev\n\noptions \tADAPTIVE_GIANT\t\t# Giant mutex is adaptive.\n\ndevice\t\tapic\t\t\t# I/O APIC\n\n# Bus support.  Do not remove isa, even if you have no isa slots\ndevice\t\tisa\ndevice\t\teisa\ndevice\t\tpci\n\n# Floppy drives\ndevice\t\tfdc\n\n# ATA and ATAPI devices\ndevice\t\tata\ndevice\t\tatadisk\t\t# ATA disk drives\ndevice\t\tataraid\t\t# ATA RAID drives\ndevice\t\tatapicd\t\t# ATAPI CDROM drives\ndevice\t\tatapicam\t# CAM emulation\noptions \tATA_STATIC_ID\t# Static device numbering\n\n# SCSI peripherals\ndevice\t\tscbus\t\t# SCSI bus (required for SCSI)\ndevice\t\tch\t\t# SCSI media changers\ndevice\t\tda\t\t# Direct Access (disks)\ndevice\t\tsa\t\t# Sequential Access (tape etc)\ndevice\t\tcd\t\t# CD\ndevice\t\tpass\t\t# Passthrough device (direct SCSI access)\ndevice\t\tses\t\t# SCSI Environmental Services (and SAF-TE)\n\n# atkbdc0 controls both the keyboard and the PS/2 mouse\ndevice\t\tatkbdc\t\t# AT keyboard controller\ndevice\t\tatkbd\t\t# AT keyboard\ndevice\t\tpsm\t\t# PS/2 mouse\n\ndevice\t\tvga\t\t# VGA video card driver\n\ndevice\t\tsplash\t\t# Splash screen and screen saver support\n\n# syscons is the default console driver, resembling an SCO console\ndevice\t\tsc\n\n#device\t\tagp\t\t# support several AGP chipsets\n\n# Floating point support - do not disable.\ndevice\t\tnpx\n\n# Add suspend/resume support for the i8254.\ndevice\t\tpmtimer\n\n# Serial (COM) ports\ndevice\t\tsio\t\t# 8250, 16[45]50 based serial ports\n\ndevice\t\tem\t\t# Intel PRO/1000 adapter Gigabit Ethernet Card\n\ndevice\t\tmiibus\t\t# MII bus support\n\ndevice\t\tfxp\t\t# Intel EtherExpress PRO/100B (82557, 82558)\n\n# Pseudo devices.\ndevice\t\tloop\t\t# Network loopback\ndevice\t\tmem\t\t# Memory and kernel memory devices\ndevice\t\tio\t\t# I/O device\ndevice\t\trandom\t\t# Entropy device\ndevice\t\tether\t\t# Ethernet support\ndevice\t\tsl\t\t# Kernel SLIP\ndevice\t\tppp\t\t# Kernel PPP\ndevice\t\ttun\t\t# Packet tunnel.\ndevice\t\tpty\t\t# Pseudo-ttys (telnet etc)\ndevice\t\tmd\t\t# Memory \"disks\"\ndevice\t\tgif\t\t# IPv6 and IPv4 tunneling\ndevice\t\tfaith\t\t# IPv6-to-IPv4 relaying (translation)\n\n# The `bpf' device enables the Berkeley Packet Filter.\n# Be aware of the administrative consequences of enabling this!\n# Note that 'bpf' is required for DHCP.\ndevice\t\tbpf\t\t# Berkeley packet filter\n\n# USB support\ndevice\t\tuhci\t\t# UHCI PCI-\u003eUSB interface\ndevice\t\tohci\t\t# OHCI PCI-\u003eUSB interface\ndevice\t\tehci\t\t# EHCI PCI-\u003eUSB interface (USB 2.0)\ndevice\t\tusb\t\t# USB Bus (required)\n#device\t\tudbp\t\t# USB Double Bulk Pipe devices\ndevice\t\tugen\t\t# Generic\ndevice\t\tuhid\t\t# \"Human Interface Devices\"\ndevice\t\tukbd\t\t# Keyboard\n\ndevice\t\tumass\t\t# Disks/Mass storage - Requires scbus and da\ndevice\t\tums\t\t# Mouse\n\ndevice\t\tuscanner\t# Scanners\n\n# FireWire support\ndevice\t\tfirewire\t# FireWire bus code\ndevice\t\tsbp\t\t# SCSI over FireWire (Requires scbus and da)\ndevice\t\tfwe\t\t# Ethernet over FireWire (non-standard!)\n\nFix: \n\nUnknown.\nHow-To-Repeat: Not trivially repeatable?"
}