{
 "id": 521383,
 "bug_id": 139162,
 "attachment_id": 0,
 "creation_time": "2009-09-26T23:10:01Z",
 "creator": "numisemis@yahoo.com",
 "text": "I have configured an IP over firewire interface (fwip0) by using fwip(4) driver.\nAs soon as any communication begins over the wire, kernel panics. Here is copy of a textdump:\n\nCopyright (c) 1992-2009 The FreeBSD Project.\nCopyright (c) 1979, 1980, 1983, 1986, 1988, 1989, 1991, 1992, 1993, 1994\n\tThe Regents of the University of California. All rights reserved.\nFreeBSD is a registered trademark of The FreeBSD Foundation.\nFreeBSD 8.0-RC1 #0 r: Sat Sep 26 23:42:33 CEST 2009\n    root@data.home.hr:/usr/obj/usr/src/sys/DATA\nWARNING: WITNESS option enabled, expect reduced performance.\nTimecounter \"i8254\" frequency 1193182 Hz quality 0\nCPU: Intel(R) Core(TM)2 Duo CPU     E8600  @ 3.33GHz (3333.35-MHz K8-class CPU)\n  Origin = \"GenuineIntel\"  Id = 0x1067a  Stepping = 10\n  Features=0xbfebfbff\u003cFPU,VME,DE,PSE,TSC,MSR,PAE,MCE,CX8,APIC,SEP,MTRR,PGE,MCA,CMOV,PAT,PSE36,CLFLUSH,DTS,ACPI,MMX,FXSR,SSE,SSE2,SS,HTT,TM,PBE\u003e\n  Features2=0x408e3fd\u003cSSE3,DTES64,MON,DS_CPL,VMX,SMX,EST,TM2,SSSE3,CX16,xTPR,PDCM,SSE4.1,XSAVE\u003e\n  AMD Features=0x20100800\u003cSYSCALL,NX,LM\u003e\n  AMD Features2=0x1\u003cLAHF\u003e\n  TSC: P-state invariant\nreal memory  = 8589934592 (8192 MB)\navail memory = 8251506688 (7869 MB)\nACPI APIC Table: \u003cIntelR AWRDACPI\u003e\nFreeBSD/SMP: Multiprocessor System Detected: 2 CPUs\nFreeBSD/SMP: 1 package(s) x 2 core(s)\n cpu0 (BSP): APIC ID:  0\n cpu1 (AP): APIC ID:  1\nioapic0: Changing APIC ID to 4\nioapic0 \u003cVersion 2.0\u003e irqs 0-23 on motherboard\nkbd1 at kbdmux0\nacpi0: \u003cIntelR AWRDACPI\u003e on motherboard\nacpi0: [ITHREAD]\nacpi0: Power Button (fixed)\nacpi0: reservation of 0, a0000 (3) failed\nacpi0: reservation of 100000, bfde0000 (3) failed\nTimecounter \"ACPI-fast\" frequency 3579545 Hz quality 1000\nacpi_timer0: \u003c24-bit timer at 3.579545MHz\u003e port 0x408-0x40b on acpi0\nacpi_hpet0: \u003cHigh Precision Event Timer\u003e iomem 0xfed00000-0xfed003ff on acpi0\ndevice_attach: acpi_hpet0 attach returned 12\nacpi_button0: \u003cPower Button\u003e on acpi0\npcib0: \u003cACPI Host-PCI bridge\u003e port 0xcf8-0xcff on acpi0\npci0: \u003cACPI PCI bus\u003e on pcib0\npcib1: \u003cPCI-PCI bridge\u003e irq 16 at device 1.0 on pci0\npci1: \u003cPCI bus\u003e on pcib1\nvgapci0: \u003cVGA-compatible display\u003e port 0xdf00-0xdf7f mem 0xfa000000-0xfaffffff,0xd0000000-0xdfffffff,0xf8000000-0xf9ffffff irq 16 at device 0.0 on pci1\npcib2: \u003cPCI-PCI bridge\u003e at device 6.0 on pci0\npci2: \u003cPCI bus\u003e on pcib2\npcib3: \u003cPCI-PCI bridge\u003e at device 0.0 on pci2\npci3: \u003cPCI bus\u003e on pcib3\namr0: \u003cLSILogic MegaRAID 1.53\u003e mem 0xfdcf0000-0xfdcfffff,0xfd880000-0xfd8bffff at device 14.0 on pci3\namr0: Using 64-bit DMA\namr0: [ITHREAD]\namr0: delete logical drives supported by controller\namr0: \u003cLSILogic PERC 4e/DC\u003e Firmware 521X, BIOS H430, 128MB RAM\npcib4: \u003cPCI-PCI bridge\u003e at device 0.2 on pci2\npci4: \u003cPCI bus\u003e on pcib4\nuhci0: \u003cIntel 82801I (ICH9) USB controller\u003e port 0xff00-0xff1f irq 16 at device 26.0 on pci0\nuhci0: [ITHREAD]\nuhci0: LegSup = 0x0f10\nusbus0: \u003cIntel 82801I (ICH9) USB controller\u003e on uhci0\nuhci1: \u003cIntel 82801I (ICH9) USB controller\u003e port 0xfe00-0xfe1f irq 21 at device 26.1 on pci0\nuhci1: [ITHREAD]\nuhci1: LegSup = 0x0f10\nusbus1: \u003cIntel 82801I (ICH9) USB controller\u003e on uhci1\nuhci2: \u003cIntel 82801I (ICH9) USB controller\u003e port 0xfd00-0xfd1f irq 19 at device 26.2 on pci0\nuhci2: [ITHREAD]\nuhci2: LegSup = 0x0f10\nusbus2: \u003cIntel 82801I (ICH9) USB controller\u003e on uhci2\nehci0: \u003cIntel 82801I (ICH9) USB 2.0 controller\u003e mem 0xfdfff000-0xfdfff3ff irq 18 at device 26.7 on pci0\nehci0: [ITHREAD]\nusbus3: EHCI version 1.0\nusbus3: \u003cIntel 82801I (ICH9) USB 2.0 controller\u003e on ehci0\npcib5: \u003cACPI PCI-PCI bridge\u003e irq 16 at device 28.0 on pci0\npci5: \u003cACPI PCI bus\u003e on pcib5\npcib6: \u003cACPI PCI-PCI bridge\u003e irq 16 at device 28.4 on pci0\npci6: \u003cACPI PCI bus\u003e on pcib6\natapci0: \u003cJMicron JMB363 SATA300 controller\u003e port 0xaf00-0xaf07,0xae00-0xae03,0xad00-0xad07,0xac00-0xac03,0xab00-0xab0f mem 0xfdefe000-0xfdefffff irq 16 at device 0.0 on pci6\natapci0: [ITHREAD]\natapci0: AHCI called from vendor specific driver\natapci0: AHCI v1.00 controller with 2 3Gbps ports, PM supported\nata2: \u003cATA channel 0\u003e on atapci0\nata2: [ITHREAD]\nata3: \u003cATA channel 1\u003e on atapci0\nata3: [ITHREAD]\nata4: \u003cATA channel 2\u003e on atapci0\nata4: [ITHREAD]\nuhci3: \u003cIntel 82801I (ICH9) USB controller\u003e port 0xfc00-0xfc1f irq 23 at device 29.0 on pci0\nuhci3: [ITHREAD]\nuhci3: LegSup = 0x003b\nusbus4: \u003cIntel 82801I (ICH9) USB controller\u003e on uhci3\nuhci4: \u003cIntel 82801I (ICH9) USB controller\u003e port 0xfb00-0xfb1f irq 19 at device 29.1 on pci0\nuhci4: [ITHREAD]\nuhci4: LegSup = 0x0010\nusbus5: \u003cIntel 82801I (ICH9) USB controller\u003e on uhci4\nuhci5: \u003cIntel 82801I (ICH9) USB controller\u003e port 0xfa00-0xfa1f irq 18 at device 29.2 on pci0\nuhci5: [ITHREAD]\nuhci5: LegSup = 0x0010\nusbus6: \u003cIntel 82801I (ICH9) USB controller\u003e on uhci5\nehci1: \u003cIntel 82801I (ICH9) USB 2.0 controller\u003e mem 0xfdffe000-0xfdffe3ff irq 23 at device 29.7 on pci0\nehci1: [ITHREAD]\nusbus7: EHCI version 1.0\nusbus7: \u003cIntel 82801I (ICH9) USB 2.0 controller\u003e on ehci1\npcib7: \u003cACPI PCI-PCI bridge\u003e at device 30.0 on pci0\npci7: \u003cACPI PCI bus\u003e on pcib7\nfwohci0: \u003cVIA Fire II (VT6306)\u003e port 0xbf00-0xbf7f mem 0xfdaff000-0xfdaff7ff irq 20 at device 3.0 on pci7\nfwohci0: [ITHREAD]\nfwohci0: OHCI version 1.10 (ROM=1)\nfwohci0: No. of Isochronous channels is 4.\nfwohci0: EUI64 00:01:29:20:00:06:e9:8e\nfwohci0: Phy 1394a available S400, 2 ports.\nfwohci0: Link S400, max_rec 2048 bytes.\nfirewire0: \u003cIEEE1394(FireWire) bus\u003e on fwohci0\nfwip0: \u003cIP over FireWire\u003e on firewire0\nfwip0: Firewire address: 00:01:29:20:00:06:e9:8e @ 0xfffe00000000, S400, maxrec 2048\nsbp0: \u003cSBP-2/SCSI over FireWire\u003e on firewire0\nfwohci0: Initiate bus reset\nfwohci0: fwohci_intr_core: BUS reset\nfwohci0: fwohci_intr_core: node_id=0x00000000, SelfID Count=1, CYCLEMASTER mode\nisab0: \u003cPCI-ISA bridge\u003e at device 31.0 on pci0\nisa0: \u003cISA bus\u003e on isab0\nahci0: \u003cAHCI controller\u003e port 0xf900-0xf907,0xf800-0xf803,0xf700-0xf707,0xf600-0xf603,0xf500-0xf51f mem 0xfdffd000-0xfdffd7ff irq 19 at device 31.2 on pci0\nahci0: [ITHREAD]\nahci0: AHCI v1.20 with 6 3Gbps ports, Port Multiplier supported\nahcich0: \u003cAHCI channel\u003e at channel 0 on ahci0\nahcich0: [ITHREAD]\nahcich1: \u003cAHCI channel\u003e at channel 1 on ahci0\nahcich1: [ITHREAD]\nahcich2: \u003cAHCI channel\u003e at channel 2 on ahci0\nahcich2: [ITHREAD]\nahcich3: \u003cAHCI channel\u003e at channel 3 on ahci0\nahcich3: [ITHREAD]\nahcich4: \u003cAHCI channel\u003e at channel 4 on ahci0\nahcich4: [ITHREAD]\nahcich5: \u003cAHCI channel\u003e at channel 5 on ahci0\nahcich5: [ITHREAD]\npci0: \u003cserial bus, SMBus\u003e at device 31.3 (no driver attached)\nacpi_tz0: \u003cThermal Zone\u003e on acpi0\natrtc0: \u003cAT realtime clock\u003e port 0x70-0x73 on acpi0\natkbdc0: \u003cKeyboard controller (i8042)\u003e port 0x60,0x64 irq 1 on acpi0\natkbd0: \u003cAT Keyboard\u003e irq 1 on atkbdc0\nkbd0 at atkbd0\natkbd0: [GIANT-LOCKED]\natkbd0: [ITHREAD]\ncpu0: \u003cACPI CPU\u003e on acpi0\ncoretemp0: \u003cCPU On-Die Thermal Sensors\u003e on cpu0\nest0: \u003cEnhanced SpeedStep Frequency Control\u003e on cpu0\nest: CPU supports Enhanced Speedstep, but is not recognized.\nest: cpu_vendor GenuineIntel, msr 6160a2206000a22\ndevice_attach: est0 attach returned 6\np4tcc0: \u003cCPU Frequency Thermal Control\u003e on cpu0\ncpu1: \u003cACPI CPU\u003e on acpi0\ncoretemp1: \u003cCPU On-Die Thermal Sensors\u003e on cpu1\nest1: \u003cEnhanced SpeedStep Frequency Control\u003e on cpu1\nest: CPU supports Enhanced Speedstep, but is not recognized.\nest: cpu_vendor GenuineIntel, msr 6160a2206000a22\ndevice_attach: est1 attach returned 6\np4tcc1: \u003cCPU Frequency Thermal Control\u003e on cpu1\nacpi_hpet0: \u003cHigh Precision Event Timer\u003e iomem 0xfed00000-0xfed003ff on acpi0\ndevice_attach: acpi_hpet0 attach returned 12\nsc0: \u003cSystem console\u003e at flags 0x100 on isa0\nsc0: VGA \u003c16 virtual consoles, flags=0x300\u003e\nvga0: \u003cGeneric ISA VGA\u003e at port 0x3c0-0x3df iomem 0xa0000-0xbffff on isa0\nTimecounters tick every 1.000 msec\nfirewire0: 1 nodes, maxhop \u003c= 0 cable IRM irm(0)  (me) \nfirewire0: bus manager 0 \nusbus0: 12Mbps Full Speed USB v1.0\nusbus1: 12Mbps Full Speed USB v1.0\nusbus2: 12Mbps Full Speed USB v1.0\nusbus3: 480Mbps High Speed USB v2.0\nusbus4: 12Mbps Full Speed USB v1.0\nusbus5: 12Mbps Full Speed USB v1.0\nusbus6: 12Mbps Full Speed USB v1.0\nusbus7: 480Mbps High Speed USB v2.0\nacd0: DVDROM \u003cPioneer DVD-ROM ATAPIModel DVD-120S/1.01\u003e at ata4-master UDMA66\nugen0.1: \u003cIntel\u003e at usbus0\nuhub0: \u003cIntel UHCI root HUB, class 9/0, rev 1.00/1.00, addr 1\u003e on usbus0\nugen1.1: \u003cIntel\u003e at usbus1\nuhub1: \u003cIntel UHCI root HUB, class 9/0, rev 1.00/1.00, addr 1\u003e on usbus1\nugen2.1: \u003cIntel\u003e at usbus2\nuhub2: \u003cIntel UHCI root HUB, class 9/0, rev 1.00/1.00, addr 1\u003e on usbus2\nugen3.1: \u003cIntel\u003e at usbus3\nuhub3: \u003cIntel EHCI root HUB, class 9/0, rev 2.00/1.00, addr 1\u003e on usbus3\nugen4.1: \u003cIntel\u003e at usbus4\nuhub4: \u003cIntel UHCI root HUB, class 9/0, rev 1.00/1.00, addr 1\u003e on usbus4\nugen5.1: \u003cIntel\u003e at usbus5\nuhub5: \u003cIntel UHCI root HUB, class 9/0, rev 1.00/1.00, addr 1\u003e on usbus5\nugen6.1: \u003cIntel\u003e at usbus6\nuhub6: \u003cIntel UHCI root HUB, class 9/0, rev 1.00/1.00, addr 1\u003e on usbus6\nugen7.1: \u003cIntel\u003e at usbus7\nuhub7: \u003cIntel EHCI root HUB, class 9/0, rev 2.00/1.00, addr 1\u003e on usbus7\nacd1: DVDR \u003cPIONEER DVD-RW DVR-110/1.22\u003e at ata4-slave UDMA66\nWaiting 5 seconds for SCSI devices to settle\namr0: delete logical drives supported by controller\namrd0: \u003cLSILogic MegaRAID logical drive\u003e on amr0\namrd0: 34940MB (71557120 sectors) RAID 0 (optimal)\namrd1: \u003cLSILogic MegaRAID logical drive\u003e on amr0\namrd1: 34940MB (71557120 sectors) RAID 0 (optimal)\nuhub0: 2 ports with 2 removable, self powered\nuhub1: 2 ports with 2 removable, self powered\nuhub2: 2 ports with 2 removable, self powered\nuhub4: 2 ports with 2 removable, self powered\nuhub5: 2 ports with 2 removable, self powered\nuhub6: 2 ports with 2 removable, self powered\nuhub3: 6 ports with 6 removable, self powered\nuhub7: 6 ports with 6 removable, self powered\nacd0: FAILURE - INQUIRY ILLEGAL REQUEST asc=0x24 ascq=0x00 \nacd1: FAILURE - INQUIRY ILLEGAL REQUEST asc=0x24 ascq=0x00 sks=0x48 0x00 0x01\n(probe0:ata0:0:0:0): TEST UNIT READY. CDB: 0 0 0 0 0 0 \n(probe0:ata0:0:0:0): CAM Status: SCSI Status Error\n(probe0:ata0:0:0:0): SCSI Status: Check Condition\n(probe0:ata0:0:0:0): NOT READY asc:3a,0\n(probe0:ata0:0:0:0): Medium not present\n(probe0:ata0:0:0:0): Unretryable error\n(probe1:ata0:0:1:0): TEST UNIT READY. CDB: 0 0 0 0 0 0 \n(probe1:ata0:0:1:0): CAM Status: SCSI Status Error\n(probe1:ata0:0:1:0): SCSI Status: Check Condition\n(probe1:ata0:0:1:0): NOT READY asc:3a,0\n(probe1:ata0:0:1:0): Medium not present\n(probe1:ata0:0:1:0): Unretryable error\nacd0: FAILURE - INQUIRY ILLEGAL REQUEST asc=0x24 ascq=0x00 \nacd1: FAILURE - INQUIRY ILLEGAL REQUEST asc=0x24 ascq=0x00 sks=0x48 0x00 0x01\n(aprobe1:ahcich1:0:15:0): SIGNATURE: 0000\n(aprobe0:ahcich1:0:0:0): SIGNATURE: 0000\nada0 at ahcich1 bus 0 target 0 lun 0\nada0: \u003cST3750640AS 3.AAC\u003e ATA/ATAPI-7 SATA 2.x device\ncd0 at ata0 bus 0 target 0 lun 0\ncd0: \u003cPIONEER DVD-ROM DVD-120S 1.01\u003e Removable CD-ROM SCSI-0 device \ncd0: 66.000MB/s transfers\ncd0: Attempt to query device size failed: NOT READY, Medium not present\nada0: 300.000MB/s transfers\nada0: 715404MB (1465149168 512 byte sectors: 16H 63S/T 16383C)\nada0: Native Command Queueing enabled\nSMP: AP CPU #1 Launched!\nWARNING: WITNESS option enabled, expect reduced performance.\ncd1 at ata0 bus 0 target 1 lun 0\ncd1: \u003cPIONEER DVD-RW  DVR-110 1.22\u003e Removable CD-ROM SCSI-0 device \ncd1: 66.000MB/s transfers\ncd1: Attempt to query device size failed: NOT READY, Medium not present\nGEOM: ada0s1: geometry does not match label (255h,63s != 16h,63s).\nTrying to mount root from ufs:/dev/ufs/root\nZFS filesystem version 13\nZFS storage pool version 13\n\u003c118\u003eEntropy harvesting:\n\u003c118\u003e interrupts\n\u003c118\u003e ethernet\n\u003c118\u003e point_to_point\n\u003c118\u003e kickstart\n\u003c118\u003e.\n\u003c118\u003e/dev/ufs/root: FILE SYSTEM CLEAN; SKIPPING CHECKS\n\u003c118\u003e/dev/ufs/root: clean, 104067 free (787 frags, 12910 blocks, 0.3% fragmentation)\n\u003c118\u003eStarting Network: lo0 fwip0.\n\u003c118\u003eNo ALTQ support in kernel\n\u003c118\u003eALTQ related functions disabled\n\u003c118\u003eSep 26 23:48:39 pflogd[327]: [priv]: msg PRIV_OPEN_LOG received\n\u003c118\u003eNo ALTQ support in kernel\n\u003c118\u003eALTQ related functions disabled\n\u003c118\u003eNo ALTQ support in kernel\n\u003c118\u003eALTQ related functions disabled\n\u003c118\u003epf enabled\n\u003c118\u003eadd net default: gateway 10.3.0.2\n\u003c118\u003eAdditional routing options:\n\u003c118\u003e IP gateway=YES\n\u003c118\u003e.\n\u003c118\u003eSep 26 23:48:39 data rpcbind: cannot create socket for udp6\n\u003c118\u003eStarting mountd.\nWARNING: attempt to domain_add(bluetooth) after domainfinalize()\n\u003c118\u003eStarting local daemons:\n\u003c118\u003echange net default: gateway 10.3.0.2\n\u003c118\u003e.\n\u003c118\u003eMounting late file systems:\n\u003c118\u003e.\n\u003c118\u003eRemoving stale Samba tdb files: \n\u003c118\u003e.\n\u003c118\u003e.\n\u003c118\u003e.\n\u003c118\u003e.\n\u003c118\u003e.\n\u003c118\u003e.\n\u003c118\u003e.\n\u003c118\u003e done\n\u003c118\u003emissing Xauth password\n\u003c118\u003e\n\u003c118\u003emoused: \n\u003c118\u003eunable to open /dev/psm0: No such file or directory\n\u003c118\u003e\n\u003c118\u003eStarting hald.\n\u003c118\u003eConfiguring syscons:\n\u003c118\u003e keyrate\n\u003c118\u003e blanktime\n\u003c118\u003e screensaver\n\u003c118\u003e.\n\u003c118\u003eLocal package initialization:\nmodule_register: module uhub/umass already exists!\nModule uhub/umass failed to register: 17\n\u003c118\u003ekldload: \n\u003c118\u003ecan't load umass\n\u003c118\u003e: \n\u003c118\u003eFile exists\n\u003c118\u003e.\n\u003c118\u003e\n\u003c118\u003eSat Sep 26 23:48:41 CEST 2009\n\u003c118\u003eSep 26 23:48:43 data kdm-bin[1041]: X server died during startup\n\u003c118\u003eSep 26 23:48:43 data kdm-bin[1041]: X server for display :0 cannot be started, session disabled\nfwohci0: fwohci_intr_core: BUS reset\nfwohci0: fwohci_intr_core: node_id=0x00000001, SelfID Count=2, CYCLEMASTER mode\nfirewire0: 2 nodes, maxhop \u003c= 1 cable IRM irm(1)  (me) \nfirewire0: bus manager 1 \nfirewire0: fw_rcv: Unknown service addr 0xffff:0xf0000234 RREQQ(4) src=0xffc0 data=6d345284\nfirewire0: New S400 device ID:0000390000b587c8\nkernel trap 12 with interrupts disabled\n\n\nFatal trap 12: page fault while in kernel mode\ncpuid = 0; apic id = 00\nfault virtual address\t= 0x10212\nfault code\t\t= supervisor read data, page not present\ninstruction pointer\t= 0x20:0xffffffff802c2374\nstack pointer\t        = 0x28:0xffffff80e8d958a0\nframe pointer\t        = 0x28:0xffffff80e8d958e0\ncode segment\t\t= base 0x0, limit 0xfffff, type 0x1b\n\t\t\t= DPL 0, pres 1, long 1, def32 0, gran 1\nprocessor eflags\t= resume, IOPL = 0\ncurrent process\t\t= 0 (fw0_taskq)\npanic: from debugger\ncpuid = 0\nUptime: 32s\n\nHow-To-Repeat: Try to use fwip(4) driver."
}