{
 "id": 374412,
 "bug_id": 108659,
 "attachment_id": 0,
 "creation_time": "2007-02-01T14:00:32Z",
 "creator": "gabrisgabor@gmail.com",
 "text": "On my laptop, which is an Albacomp Eco Traveller V4 (as far as I know\nit is a rebranded Clevo M660S), when I the built-in touchpad, the mouse\ncursor randomly hangs for some seconds (approx. 4-5secs). It is likely\nto happen serially, the cursor freezes for 5 seconds then it is released,\nthen hangs again and this can happen up to 4-5 times in series. Then I\ncan use the touchpad again normally, then it freezes again after some\ntime. During this, the following messages appear in dmesg:\n\ncan't re-use a leaf (directional_scrolls)!\ncan't re-use a leaf (low_speed_threshold)!\ncan't re-use a leaf (min_movement)!\ncan't re-use a leaf (squelch_level)!\n\ndmesg in verbose mode gives:\n\nbattery0: battery initialization failed, giving up\nkbdc: TEST_AUX_PORT status:0000\nkbdc: RESET_AUX return code:00fa\nkbdc: RESET_AUX status:00aa\nkbdc: RESET_AUX ID:0000\ncan't re-use a leaf (directional_scrolls)!\ncan't re-use a leaf (low_speed_threshold)!\ncan't re-use a leaf (min_movement)!\ncan't re-use a leaf (squelch_level)!\nkbdc: TEST_AUX_PORT status:0000\nkbdc: RESET_AUX return code:00fa\nkbdc: RESET_AUX status:00aa\nkbdc: RESET_AUX ID:0000\ncan't re-use a leaf (directional_scrolls)!\ncan't re-use a leaf (low_speed_threshold)!\ncan't re-use a leaf (min_movement)!\ncan't re-use a leaf (squelch_level)!\n\n\nI have hw.psm.synaptics_support=1 in /boot/loader.conf, but the problem persists without ths line.\n\nA verbose dmesg of the machine:\n\nCopyright (c) 1992-2007 The FreeBSD Project.\nCopyright (c) 1979, 1980, 1983, 1986, 1988, 1989, 1991, 1992, 1993, 1994\n\tThe Regents of the University of California. All rights reserved.\nFreeBSD is a registered trademark of The FreeBSD Foundation.\nFreeBSD 6.2-RELEASE #0: Fri Jan 12 10:40:27 UTC 2007\n    root@dessler.cse.buffalo.edu:/usr/obj/usr/src/sys/GENERIC\nPreloaded elf kernel \"/boot/kernel/kernel\" at 0xc0bba000.\nPreloaded elf module \"/boot/kernel/linux.ko\" at 0xc0bba1b0.\nPreloaded elf module \"/boot/kernel/if_vr.ko\" at 0xc0bba25c.\nPreloaded elf module \"/boot/kernel/snd_via8233.ko\" at 0xc0bba308.\nPreloaded elf module \"/boot/kernel/sound.ko\" at 0xc0bba3b8.\nPreloaded elf module \"/boot/kernel/uhid.ko\" at 0xc0bba464.\nPreloaded elf module \"/boot/kernel/umass.ko\" at 0xc0bba510.\nPreloaded elf module \"/boot/kernel/acpi_video.ko\" at 0xc0bba5bc.\nPreloaded elf module \"/boot/kernel/acpi.ko\" at 0xc0bba66c.\nPreloaded elf module \"/boot/kernel/atapicam.ko\" at 0xc0bba718.\nPreloaded elf module \"/boot/kernel/cd9660_iconv.ko\" at 0xc0bba7c8.\nPreloaded elf module \"/boot/kernel/libiconv.ko\" at 0xc0bba87c.\nmodule_register: module uhub/uhid already exists!\nModule uhub/uhid failed to register: 17\nmodule_register: module uhub/umass already exists!\nModule uhub/umass failed to register: 17\nmodule_register: module pci/vr already exists!\nModule pci/vr failed to register: 17\nmodule_register: module vr/miibus already exists!\nModule vr/miibus failed to register: 17\nTable 'FACP' at 0x1be9bf3c\nTable 'APIC' at 0x1be9bfb0\nMADT: Found table at 0x1be9bfb0\nMP Configuration Table version 1.4 found at 0xc009e571\nAPIC: Using the MADT enumerator.\nMADT: Found CPU APIC ID 0 ACPI ID 0: enabled\nACPI APIC Table: \u003cPTLTD  \t APIC  \u003e\nCalibrating clock(s) ... i8254 clock: 1193173 Hz\nCLK_USE_I8254_CALIBRATION not specified - using default frequency\nTimecounter \"i8254\" frequency 1193182 Hz quality 0\nCalibrating TSC clock ... TSC clock: 1596013572 Hz\nCPU: Intel(R) Celeron(R) M CPU        420  @ 1.60GHz (1596.01-MHz 686-class CPU)\n  Origin = \"GenuineIntel\"  Id = 0x6e8  Stepping = 8\n  Features=0xafe9fbff\u003cFPU,VME,DE,PSE,TSC,MSR,PAE,MCE,CX8,APIC,SEP,MTRR,PGE,MCA,CMOV,PAT,CLFLUSH,DTS,ACPI,MMX,FXSR,SSE,SSE2,SS,TM,PBE\u003e\n  Features2=0xc109\u003cSSE3,MON,TM2,\u003cb14\u003e,\u003cb15\u003e\u003e\n  AMD Features=0x100000\u003cNX\u003e\nreal memory  = 468254720 (446 MB)\nPhysical memory chunk(s):\n0x0000000000001000 - 0x000000000009dfff, 643072 bytes (157 pages)\n0x0000000000100000 - 0x00000000003fffff, 3145728 bytes (768 pages)\n0x0000000000c25000 - 0x000000001b671fff, 447008768 bytes (109133 pages)\navail memory = 448745472 (427 MB)\nAPIC: CPU 0 has ACPI ID 0\nbios32: Found BIOS32 Service Directory header at 0xc00f8120\nbios32: Entry = 0xfd6f0 (c00fd6f0)  Rev = 0  Len = 1\npcibios: PCI BIOS entry at 0xfd6f0+0x16e\npnpbios: Found PnP BIOS data at 0xc00f81c0\npnpbios: Entry = f0000:c316  Rev = 1.0\nOther BIOS signatures found:\nMADT: Found IO APIC ID 1, Interrupt 0 at 0xfec00000\nioapic0: Routing external 8259A's -\u003e intpin 0\nioapic0: intpin 0 -\u003e ExtINT (edge, high)\nioapic0: intpin 1 -\u003e ISA IRQ 1 (edge, high)\nioapic0: intpin 2 -\u003e ISA IRQ 2 (edge, high)\nioapic0: intpin 3 -\u003e ISA IRQ 3 (edge, high)\nioapic0: intpin 4 -\u003e ISA IRQ 4 (edge, high)\nioapic0: intpin 5 -\u003e ISA IRQ 5 (edge, high)\nioapic0: intpin 6 -\u003e ISA IRQ 6 (edge, high)\nioapic0: intpin 7 -\u003e ISA IRQ 7 (edge, high)\nioapic0: intpin 8 -\u003e ISA IRQ 8 (edge, high)\nioapic0: intpin 9 -\u003e ISA IRQ 9 (edge, high)\nioapic0: intpin 10 -\u003e ISA IRQ 10 (edge, high)\nioapic0: intpin 11 -\u003e ISA IRQ 11 (edge, high)\nioapic0: intpin 12 -\u003e ISA IRQ 12 (edge, high)\nioapic0: intpin 13 -\u003e ISA IRQ 13 (edge, high)\nioapic0: intpin 14 -\u003e ISA IRQ 14 (edge, high)\nioapic0: intpin 15 -\u003e ISA IRQ 15 (edge, high)\nioapic0: intpin 16 -\u003e PCI IRQ 16 (level, low)\nioapic0: intpin 17 -\u003e PCI IRQ 17 (level, low)\nioapic0: intpin 18 -\u003e PCI IRQ 18 (level, low)\nioapic0: intpin 19 -\u003e PCI IRQ 19 (level, low)\nioapic0: intpin 20 -\u003e PCI IRQ 20 (level, low)\nioapic0: intpin 21 -\u003e PCI IRQ 21 (level, low)\nioapic0: intpin 22 -\u003e PCI IRQ 22 (level, low)\nioapic0: intpin 23 -\u003e PCI IRQ 23 (level, low)\nMADT: Interrupt override: source 9, irq 9\nioapic0: intpin 9 trigger: level\nioapic0: intpin 9 polarity: high\nlapic0: Routing NMI -\u003e LINT1\nlapic0: LINT1 trigger: edge\nlapic0: LINT1 polarity: high\nMADT: Forcing active-low polarity and level trigger for SCI\nioapic0: intpin 10 polarity: low\nioapic0: intpin 10 trigger: level\nioapic0 \u003cVersion 0.3\u003e irqs 0-23 on motherboard\ncpu0 BSP:\n     ID: 0x00000000   VER: 0x00050014 LDR: 0x00000000 DFR: 0xffffffff\n  lint0: 0x00010700 lint1: 0x00000400 TPR: 0x00000000 SVR: 0x000001ff\n  timer: 0x000100ef therm: 0x00010000 err: 0x00010000 pcm: 0x00010000\nath_rate: version 1.2 \u003cSampleRate bit-rate selection algorithm\u003e\nwlan: \u003c802.11 Link Layer\u003e\nrandom: \u003centropy source, Software, Yarrow\u003e\nnfslock: pseudo-device\nio: \u003cI/O\u003e\nkbd: new array size 4\nkbd1 at kbdmux0\nmem: \u003cmemory\u003e\nPentium Pro MTRR support enabled\nnull: \u003cnull device, zero device\u003e\nath_hal: 0.9.17.2 (AR5210, AR5211, AR5212, RF5111, RF5112, RF2413, RF5413)\nrr232x: RocketRAID 232x controller driver v1.02 (Jan 12 2007 10:40:02)\nnpx0: INT 16 interface\nacpi0: \u003cPTLTD   RSDT\u003e on motherboard\nioapic0: routing intpin 10 (ISA IRQ 10) to vector 48\nacpi0: [MPSAFE]\n    ACPI-0438: *** Error: Looking up [\\\\_SB_.PCI0.LNKH] in namespace, AE_NOT_FOUND\nSearchNode 0xc2e9f320 StartNode 0xc2e9f320 ReturnNode 0\n    ACPI-0438: *** Error: Looking up [\\\\_SB_.PCI0.LNKH] in namespace, AE_NOT_FOUND\nSearchNode 0xc2e9f1c0 StartNode 0xc2e9f1c0 ReturnNode 0\n    ACPI-0438: *** Error: Looking up [\\\\_SB_.PCI0.LNKH] in namespace, AE_NOT_FOUND\nSearchNode 0xc2e9f060 StartNode 0xc2e9f060 ReturnNode 0\npci_open(1):\tmode 1 addr port (0x0cf8) is 0x80007904\npci_open(1a):\tmode1res=0x80000000 (0x80000000)\npci_cfgcheck:\tdevice 0 [class=060000] [hdr=80] is there (id=03141106)\npcibios: BIOS version 2.10\nFound $PIR table, 10 entries at 0xc00fdf20\nPCI-Only Interrupts: none\nLocation  Bus Device Pin  Link  IRQs\nslot 1      0    8    A   0x01  3 4 6 9 10 11 12 14 15\nslot 1      0    8    B   0x02  3 4 6 9 10 11 12 14 15\nslot 1      0    8    C   0x03  3 4 6 9 10 11 12 14 15\nslot 1      0    8    D   0x05  3 4 6 9 10 11 12 14 15\nslot 2      0    9    A   0x02  3 4 6 9 10 11 12 14 15\nslot 2      0    9    B   0x03  3 4 6 9 10 11 12 14 15\nslot 2      0    9    C   0x05  3 4 6 9 10 11 12 14 15\nslot 2      0    9    D   0x01  3 4 6 9 10 11 12 14 15\nembedded    0    0    A   0x01  3 4 5 6 7 9 10 11 12 14 15\nembedded    0    0    B   0x02  3 4 5 6 7 9 10 11 12 14 15\nembedded    0    0    C   0x03  3 4 5 6 7 9 10 11 12 14 15\nembedded    0    0    D   0x05  3 4 5 6 7 9 10 11 12 14 15\nembedded    0   17    A   0x01  3 4 5 6 7 9 10 11 12 14 15\nembedded    0   17    B   0x02  3 4 5 6 7 9 10 11 12 14 15\nembedded    0   17    C   0x03  3 4 5 6 7 9 10 11 12 14 15\nembedded    0   17    D   0x05  3 4 5 6 7 9 10 11 12 14 15\nslot 16     0   16    A   0x01  3 4 5 6 7 9 10 11 12 14 15\nslot 16     0   16    B   0x02  3 4 5 6 7 9 10 11 12 14 15\nslot 16     0   16    C   0x03  3 4 5 6 7 9 10 11 12 14 15\nslot 16     0   16    D   0x05  3 4 5 6 7 9 10 11 12 14 15\nslot 18     0   18    A   0x01  3 4 6 9 10 11 12 14 15\nslot 18     0   18    B   0x02  3 4 6 9 10 11 12 14 15\nslot 18     0   18    C   0x03  3 4 6 9 10 11 12 14 15\nslot 18     0   18    D   0x05  3 4 6 9 10 11 12 14 15\nslot 15     0   15    A   0x02  3 4 6 9 10 11 12 14 15\nslot 15     0   15    B   0x02  3 4 6 9 10 11 12 14 15\nembedded    0    1    A   0x01  3 4 6 9 10 11 12 14 15\nembedded    0    1    B   0x02  3 4 6 9 10 11 12 14 15\nembedded    0    1    C   0x03  3 4 6 9 10 11 12 14 15\nembedded    0    1    D   0x05  3 4 6 9 10 11 12 14 15\nembedded    0    2    A   0x01  3 4 6 9 10 11 12 14 15\nembedded    0    2    B   0x02  3 4 6 9 10 11 12 14 15\nembedded    0    2    C   0x03  3 4 6 9 10 11 12 14 15\nembedded    0    2    D   0x05  3 4 6 9 10 11 12 14 15\nembedded    0    3    A   0x01  3 4 6 9 10 11 12 14 15\nembedded    0    3    B   0x02  3 4 6 9 10 11 12 14 15\nembedded    0    3    C   0x03  3 4 6 9 10 11 12 14 15\nembedded    0    3    D   0x05  3 4 6 9 10 11 12 14 15\nAcpiOsDerivePciId: bus 0 dev 17 func 0\nAcpiOsDerivePciId: bus 0 dev 0 func 0\nAcpiOsDerivePciId: bus 0 dev 0 func 0\nAcpiOsDerivePciId: bus 0 dev 0 func 0\nacpi0: Power Button (fixed)\nacpi0: wakeup code va 0xcbd78000 pa 0x9d000\nAcpiOsDerivePciId: bus 0 dev 0 func 3\nACPI timer: 1/1 1/1 1/1 1/1 1/1 1/1 1/1 1/1 1/1 1/1 -\u003e 10\nTimecounter \"ACPI-fast\" frequency 3579545 Hz quality 1000\nacpi_timer0: \u003c24-bit timer at 3.579545MHz\u003e port 0x4008-0x400b on acpi0\nacpi_ec0: \u003cEmbedded Controller: GPE 0xb\u003e port 0x62,0x66 on acpi0\npci_link0: Links after initial probe:\nIndex  IRQ  Rtd  Ref  IRQs\n    0    9   N     0  16 17 18 19 20 21 22 23\npci_link0: Links after initial validation:\nIndex  IRQ  Rtd  Ref  IRQs\n    0  255   N     0  16 17 18 19 20 21 22 23\npci_link0: Links after disable:\nIndex  IRQ  Rtd  Ref  IRQs\n    0  255   N     0  16 17 18 19 20 21 22 23\npci_link1: Links after initial probe:\nIndex  IRQ  Rtd  Ref  IRQs\n    0   10   N     0  16 17 18 19 20 21 22 23\npci_link1: Links after initial validation:\nIndex  IRQ  Rtd  Ref  IRQs\n    0  255   N     0  16 17 18 19 20 21 22 23\npci_link1: Links after disable:\nIndex  IRQ  Rtd  Ref  IRQs\n    0  255   N     0  16 17 18 19 20 21 22 23\npci_link2: Links after initial probe:\nIndex  IRQ  Rtd  Ref  IRQs\n    0    7   N     0  22\npci_link2: Links after initial validation:\nIndex  IRQ  Rtd  Ref  IRQs\n    0  255   N     0  22\npci_link2: Links after disable:\nIndex  IRQ  Rtd  Ref  IRQs\n    0  255   N     0  22\npci_link3: Links after initial probe:\nIndex  IRQ  Rtd  Ref  IRQs\n    0  255   N     0  21\npci_link3: Links after initial validation:\nIndex  IRQ  Rtd  Ref  IRQs\n    0  255   N     0  21\npci_link3: Links after disable:\nIndex  IRQ  Rtd  Ref  IRQs\n    0  255   N     0  21\npci_link4: Links after initial probe:\nIndex  IRQ  Rtd  Ref  IRQs\n    0    9   N     0  3 9 10 11 12\npci_link4: Links after initial validation:\nIndex  IRQ  Rtd  Ref  IRQs\n    0    9   N     0  3 9 10 11 12\npci_link4: Links after disable:\nIndex  IRQ  Rtd  Ref  IRQs\n    0  255   N     0  3 9 10 11 12\npci_link5: Links after initial probe:\nIndex  IRQ  Rtd  Ref  IRQs\n    0   10   N     0  3 9 10 11 12\npci_link5: Links after initial validation:\nIndex  IRQ  Rtd  Ref  IRQs\n    0   10   N     0  3 9 10 11 12\npci_link5: Links after disable:\nIndex  IRQ  Rtd  Ref  IRQs\n    0  255   N     0  3 9 10 11 12\npci_link6: Links after initial probe:\nIndex  IRQ  Rtd  Ref  IRQs\n    0    7   N     0  3 9 10 11 12\npci_link6: Links after initial validation:\nIndex  IRQ  Rtd  Ref  IRQs\n    0  255   N     0  3 9 10 11 12\npci_link6: Links after disable:\nIndex  IRQ  Rtd  Ref  IRQs\n    0  255   N     0  3 9 10 11 12\npci_link7: Links after initial probe:\nIndex  IRQ  Rtd  Ref  IRQs\n    0  255   N     0  3 9 10 11 12\npci_link7: Links after initial validation:\nIndex  IRQ  Rtd  Ref  IRQs\n    0  255   N     0  3 9 10 11 12\npci_link7: Links after disable:\nIndex  IRQ  Rtd  Ref  IRQs\n    0  255   N     0  3 9 10 11 12\npci_link8: Links after initial probe:\nIndex  IRQ  Rtd  Ref  IRQs\n    0  255   N     0  3 9 10 11 12\npci_link8: Links after initial validation:\nIndex  IRQ  Rtd  Ref  IRQs\n    0  255   N     0  3 9 10 11 12\npci_link8: Links after disable:\nIndex  IRQ  Rtd  Ref  IRQs\n    0  255   N     0  3 9 10 11 12\npci_link9: Links after initial probe:\nIndex  IRQ  Rtd  Ref  IRQs\n    0  255   N     0  3 9 10 11 12\npci_link9: Links after initial validation:\nIndex  IRQ  Rtd  Ref  IRQs\n    0  255   N     0  3 9 10 11 12\npci_link9: Links after disable:\nIndex  IRQ  Rtd  Ref  IRQs\n    0  255   N     0  3 9 10 11 12\npci_link10: Links after initial probe:\nIndex  IRQ  Rtd  Ref  IRQs\n    0  255   N     0  3 9 10 11 12\npci_link10: Links after initial validation:\nIndex  IRQ  Rtd  Ref  IRQs\n    0  255   N     0  3 9 10 11 12\npci_link10: Links after disable:\nIndex  IRQ  Rtd  Ref  IRQs\n    0  255   N     0  3 9 10 11 12\npci_link11: Links after initial probe:\nIndex  IRQ  Rtd  Ref  IRQs\n    0  255   N     0  3 9 10 11 12\npci_link11: Links after initial validation:\nIndex  IRQ  Rtd  Ref  IRQs\n    0  255   N     0  3 9 10 11 12\npci_link11: Links after disable:\nIndex  IRQ  Rtd  Ref  IRQs\n    0  255   N     0  3 9 10 11 12\ncpu0: \u003cACPI CPU\u003e on acpi0\nacpi_throttle0: \u003cACPI CPU Throttling\u003e on cpu0\nacpi_throttle0: P_CNT from P_BLK 0x4010\npcib0: \u003cACPI Host-PCI bridge\u003e port 0xcf8-0xcff on acpi0\npci0: \u003cACPI PCI bus\u003e on pcib0\npci0: physical bus=0\nfound-\u003e\tvendor=0x1106, dev=0x0314, revid=0x00\n\tbus=0, slot=0, func=0\n\tclass=06-00-00, hdrtype=0x00, mfdev=1\n\tcmdreg=0x0006, statreg=0x2230, cachelnsz=0 (dwords)\n\tlattimer=0x40 (1920 ns), mingnt=0x00 (0 ns), maxlat=0x00 (0 ns)\n\tpowerspec 2  supports D0 D3  current D0\n\tmap[10]: type 3, range 32, base e0000000, size 28, enabled\nfound-\u003e\tvendor=0x1106, dev=0x1314, revid=0x00\n\tbus=0, slot=0, func=1\n\tclass=06-00-00, hdrtype=0x00, mfdev=0\n\tcmdreg=0x0006, statreg=0x0200, cachelnsz=0 (dwords)\n\tlattimer=0x00 (0 ns), mingnt=0x00 (0 ns), maxlat=0x00 (0 ns)\nfound-\u003e\tvendor=0x1106, dev=0x2314, revid=0x00\n\tbus=0, slot=0, func=2\n\tclass=06-00-00, hdrtype=0x00, mfdev=0\n\tcmdreg=0x0006, statreg=0x0200, cachelnsz=0 (dwords)\n\tlattimer=0x00 (0 ns), mingnt=0x00 (0 ns), maxlat=0x00 (0 ns)\nfound-\u003e\tvendor=0x1106, dev=0x3208, revid=0x00\n\tbus=0, slot=0, func=3\n\tclass=06-00-00, hdrtype=0x00, mfdev=0\n\tcmdreg=0x0006, statreg=0x0200, cachelnsz=0 (dwords)\n\tlattimer=0x00 (0 ns), mingnt=0x00 (0 ns), maxlat=0x00 (0 ns)\nfound-\u003e\tvendor=0x1106, dev=0x4314, revid=0x00\n\tbus=0, slot=0, func=4\n\tclass=06-00-00, hdrtype=0x00, mfdev=0\n\tcmdreg=0x0006, statreg=0x0200, cachelnsz=0 (dwords)\n\tlattimer=0x00 (0 ns), mingnt=0x00 (0 ns), maxlat=0x00 (0 ns)\nfound-\u003e\tvendor=0x1106, dev=0x7314, revid=0x00\n\tbus=0, slot=0, func=7\n\tclass=06-00-00, hdrtype=0x00, mfdev=0\n\tcmdreg=0x0006, statreg=0x0200, cachelnsz=0 (dwords)\n\tlattimer=0x00 (0 ns), mingnt=0x00 (0 ns), maxlat=0x00 (0 ns)\nfound-\u003e\tvendor=0x1106, dev=0xb198, revid=0x00\n\tbus=0, slot=1, func=0\n\tclass=06-04-00, hdrtype=0x01, mfdev=0\n\tcmdreg=0x0007, statreg=0x0230, cachelnsz=0 (dwords)\n\tlattimer=0x00 (0 ns), mingnt=0x0c (3000 ns), maxlat=0x00 (0 ns)\nfound-\u003e\tvendor=0x1524, dev=0x1412, revid=0x10\n\tbus=0, slot=14, func=0\n\tclass=06-07-00, hdrtype=0x02, mfdev=1\n\tcmdreg=0x0000, statreg=0x0210, cachelnsz=0 (dwords)\n\tlattimer=0x00 (0 ns), mingnt=0x40 (16000 ns), maxlat=0x03 (750 ns)\n\tintpin=a, irq=255\n\tpowerspec 1  supports D0 D1 D2 D3  current D0\n\tmap[10]: type 1, range 32, base 00000000, size 12, memory disabled\nfound-\u003e\tvendor=0x1524, dev=0x0530, revid=0x01\n\tbus=0, slot=14, func=1\n\tclass=05-01-00, hdrtype=0x00, mfdev=1\n\tcmdreg=0x0000, statreg=0x0210, cachelnsz=0 (dwords)\n\tlattimer=0x00 (0 ns), mingnt=0x01 (250 ns), maxlat=0x04 (1000 ns)\n\tintpin=b, irq=255\n\tpowerspec 2  supports D0 D1 D2 D3  current D0\n\tmap[10]: type 1, range 32, base 00000000, size  7, memory disabled\nfound-\u003e\tvendor=0x1524, dev=0x0550, revid=0x01\n\tbus=0, slot=14, func=2\n\tclass=08-05-01, hdrtype=0x00, mfdev=1\n\tcmdreg=0x0000, statreg=0x0210, cachelnsz=0 (dwords)\n\tlattimer=0x00 (0 ns), mingnt=0x20 (8000 ns), maxlat=0x48 (18000 ns)\n\tintpin=b, irq=255\n\tpowerspec 2  supports D0 D1 D2 D3  current D0\n\tmap[10]: type 1, range 32, base 00000000, size  8, memory disabled\nfound-\u003e\tvendor=0x1524, dev=0x0551, revid=0x01\n\tbus=0, slot=14, func=4\n\tclass=05-01-00, hdrtype=0x00, mfdev=1\n\tcmdreg=0x0000, statreg=0x0210, cachelnsz=0 (dwords)\n\tlattimer=0x00 (0 ns), mingnt=0x20 (8000 ns), maxlat=0x48 (18000 ns)\n\tintpin=b, irq=255\n\tpowerspec 2  supports D0 D1 D2 D3  current D0\n\tmap[10]: type 1, range 32, base 00000000, size  8, memory disabled\nfound-\u003e\tvendor=0x1106, dev=0x3149, revid=0x80\n\tbus=0, slot=15, func=0\n\tclass=01-01-8f, hdrtype=0x00, mfdev=1\n\tcmdreg=0x0007, statreg=0x0290, cachelnsz=0 (dwords)\n\tlattimer=0x40 (1920 ns), mingnt=0x00 (0 ns), maxlat=0x00 (0 ns)\n\tintpin=b, irq=10\n\tpowerspec 2  supports D0 D3  current D0\n\tmap[10]: type 4, range 32, base 00001430, size  3, enabled\n\tmap[14]: type 4, range 32, base 00001424, size  2, enabled\n\tmap[18]: type 4, range 32, base 00001428, size  3, enabled\n\tmap[1c]: type 4, range 32, base 00001420, size  2, enabled\n\tmap[20]: type 4, range 32, base 00001400, size  4, enabled\n\tmap[24]: type 4, range 32, base 00001000, size  8, enabled\npcib0: matched entry for 0.15.INTB\npcib0: slot 15 INTB hardwired to IRQ 20\nfound-\u003e\tvendor=0x1106, dev=0x0571, revid=0x06\n\tbus=0, slot=15, func=1\n\tclass=01-01-8a, hdrtype=0x00, mfdev=0\n\tcmdreg=0x0005, statreg=0x0290, cachelnsz=0 (dwords)\n\tlattimer=0x40 (1920 ns), mingnt=0x00 (0 ns), maxlat=0x00 (0 ns)\n\tintpin=a, irq=255\n\tpowerspec 2  supports D0 D3  current D0\n\tmap[20]: type 4, range 32, base 00001410, size  4, enabled\nfound-\u003e\tvendor=0x1106, dev=0x3038, revid=0x81\n\tbus=0, slot=16, func=0\n\tclass=0c-03-00, hdrtype=0x00, mfdev=1\n\tcmdreg=0x0015, statreg=0x0210, cachelnsz=8 (dwords)\n\tlattimer=0x40 (1920 ns), mingnt=0x00 (0 ns), maxlat=0x00 (0 ns)\n\tintpin=a, irq=9\n\tpowerspec 2  supports D0 D1 D2 D3  current D0\n\tmap[20]: type 4, range 32, base 00001440, size  5, enabled\npcib0: matched entry for 0.16.INTA (src \\\\_SB_.PCI0.PIB_.ALKD:0)\npci_link3: Picked IRQ 21 with weight 0\npcib0: slot 16 INTA routed to irq 21 via \\\\_SB_.PCI0.PIB_.ALKD\nfound-\u003e\tvendor=0x1106, dev=0x3038, revid=0x81\n\tbus=0, slot=16, func=1\n\tclass=0c-03-00, hdrtype=0x00, mfdev=1\n\tcmdreg=0x0015, statreg=0x0210, cachelnsz=8 (dwords)\n\tlattimer=0x40 (1920 ns), mingnt=0x00 (0 ns), maxlat=0x00 (0 ns)\n\tintpin=a, irq=9\n\tpowerspec 2  supports D0 D1 D2 D3  current D0\n\tmap[20]: type 4, range 32, base 00001460, size  5, enabled\npcib0: matched entry for 0.16.INTA (src \\\\_SB_.PCI0.PIB_.ALKD:0)\npcib0: slot 16 INTA routed to irq 21 via \\\\_SB_.PCI0.PIB_.ALKD\nfound-\u003e\tvendor=0x1106, dev=0x3038, revid=0x81\n\tbus=0, slot=16, func=2\n\tclass=0c-03-00, hdrtype=0x00, mfdev=1\n\tcmdreg=0x0015, statreg=0x0210, cachelnsz=8 (dwords)\n\tlattimer=0x40 (1920 ns), mingnt=0x00 (0 ns), maxlat=0x00 (0 ns)\n\tintpin=b, irq=10\n\tpowerspec 2  supports D0 D1 D2 D3  current D0\n\tmap[20]: type 4, range 32, base 00001480, size  5, enabled\npcib0: matched entry for 0.16.INTB (src \\\\_SB_.PCI0.PIB_.ALKD:0)\npcib0: slot 16 INTB routed to irq 21 via \\\\_SB_.PCI0.PIB_.ALKD\nfound-\u003e\tvendor=0x1106, dev=0x3038, revid=0x81\n\tbus=0, slot=16, func=3\n\tclass=0c-03-00, hdrtype=0x00, mfdev=1\n\tcmdreg=0x0015, statreg=0x0210, cachelnsz=8 (dwords)\n\tlattimer=0x40 (1920 ns), mingnt=0x00 (0 ns), maxlat=0x00 (0 ns)\n\tintpin=b, irq=10\n\tpowerspec 2  supports D0 D1 D2 D3  current D0\n\tmap[20]: type 4, range 32, base 000014a0, size  5, enabled\npcib0: matched entry for 0.16.INTB (src \\\\_SB_.PCI0.PIB_.ALKD:0)\npcib0: slot 16 INTB routed to irq 21 via \\\\_SB_.PCI0.PIB_.ALKD\nfound-\u003e\tvendor=0x1106, dev=0x3104, revid=0x86\n\tbus=0, slot=16, func=4\n\tclass=0c-03-20, hdrtype=0x00, mfdev=1\n\tcmdreg=0x0017, statreg=0x0210, cachelnsz=8 (dwords)\n\tlattimer=0x40 (1920 ns), mingnt=0x00 (0 ns), maxlat=0x00 (0 ns)\n\tintpin=c, irq=7\n\tpowerspec 2  supports D0 D1 D2 D3  current D0\n\tmap[10]: type 1, range 32, base f5200000, size  8, enabled\npcib0: matched entry for 0.16.INTC (src \\\\_SB_.PCI0.PIB_.ALKD:0)\npcib0: slot 16 INTC routed to irq 21 via \\\\_SB_.PCI0.PIB_.ALKD\nfound-\u003e\tvendor=0x1106, dev=0x3227, revid=0x00\n\tbus=0, slot=17, func=0\n\tclass=06-01-00, hdrtype=0x00, mfdev=1\n\tcmdreg=0x0087, statreg=0x0210, cachelnsz=0 (dwords)\n\tlattimer=0x00 (0 ns), mingnt=0x00 (0 ns), maxlat=0x00 (0 ns)\n\tpowerspec 2  supports D0 D3  current D0\nfound-\u003e\tvendor=0x1106, dev=0x3059, revid=0x60\n\tbus=0, slot=17, func=5\n\tclass=04-01-00, hdrtype=0x00, mfdev=0\n\tcmdreg=0x0001, statreg=0x0210, cachelnsz=0 (dwords)\n\tlattimer=0x00 (0 ns), mingnt=0x00 (0 ns), maxlat=0x00 (0 ns)\n\tintpin=c, irq=7\n\tpowerspec 2  supports D0 D1 D2 D3  current D0\n\tmap[10]: type 4, range 32, base 00001800, size  8, enabled\npcib0: matched entry for 0.17.INTC (src \\\\_SB_.PCI0.PIB_.ALKC:0)\npci_link2: Picked IRQ 22 with weight 0\npcib0: slot 17 INTC routed to irq 22 via \\\\_SB_.PCI0.PIB_.ALKC\nfound-\u003e\tvendor=0x1106, dev=0x3068, revid=0x80\n\tbus=0, slot=17, func=6\n\tclass=07-80-00, hdrtype=0x00, mfdev=0\n\tcmdreg=0x0000, statreg=0x0210, cachelnsz=0 (dwords)\n\tlattimer=0x00 (0 ns), mingnt=0x00 (0 ns), maxlat=0x00 (0 ns)\n\tintpin=c, irq=255\n\tpowerspec 2  supports D0 D3  current D0\n\tmap[10]: type 4, range 32, base 00001c00, size  8, port disabled\nfound-\u003e\tvendor=0x1106, dev=0x3065, revid=0x78\n\tbus=0, slot=18, func=0\n\tclass=02-00-00, hdrtype=0x00, mfdev=0\n\tcmdreg=0x0017, statreg=0x0210, cachelnsz=8 (dwords)\n\tlattimer=0x40 (1920 ns), mingnt=0x03 (750 ns), maxlat=0x08 (2000 ns)\n\tintpin=a, irq=9\n\tpowerspec 2  supports D0 D1 D2 D3  current D0\n\tmap[10]: type 4, range 32, base 00002000, size  8, enabled\n\tmap[14]: type 1, range 32, base f5200400, size  8, enabled\npcib0: matched entry for 0.18.INTA\npcib0: slot 18 INTA hardwired to IRQ 23\npcib1: \u003cACPI PCI-PCI bridge\u003e at device 1.0 on pci0\npcib1:   secondary bus     1\npcib1:   subordinate bus   1\npcib1:   I/O decode        0xf000-0xfff\npcib1:   memory decode     0xf4000000-0xf4ffffff\npcib1:   prefetched decode 0xf0000000-0xf3ffffff\npcib1: could not get PCI interrupt routing table for \\\\_SB_.PCI0.PPB_ - AE_NOT_FOUND\npci1: \u003cACPI PCI bus\u003e on pcib1\npci1: physical bus=1\nfound-\u003e\tvendor=0x1106, dev=0x3344, revid=0x01\n\tbus=1, slot=0, func=0\n\tclass=03-00-00, hdrtype=0x00, mfdev=0\n\tcmdreg=0x0007, statreg=0x0230, cachelnsz=0 (dwords)\n\tlattimer=0x40 (1920 ns), mingnt=0x02 (500 ns), maxlat=0x00 (0 ns)\n\tintpin=a, irq=9\n\tpowerspec 2  supports D0 D1 D2 D3  current D0\n\tmap[10]: type 3, range 32, base f0000000, size 26, enabled\npcib1: (null) requested memory range 0xf0000000-0xf3ffffff: good\n\tmap[14]: type 1, range 32, base f4000000, size 24, enabled\npcib1: (null) requested memory range 0xf4000000-0xf4ffffff: good\npcib0: matched entry for 0.1.INTA\npcib0: slot 1 INTA hardwired to IRQ 16\npcib1: slot 0 INTA is routed to irq 16\nacpi_video0: \u003cACPI video extension\u003e mem 0xf0000000-0xf3ffffff,0xf4000000-0xf4ffffff irq 16 at device 0.0 on pci1\nfound VGA CRT or VESA Compatible Analog Monitor(100), idx#0, port#0, detectable by BIOS, head #0\nfound Internal/Integrated Digital Flat Panel(110), idx#0, port#1, detectable by BIOS, head #0\ncbb0: \u003cPCI-CardBus Bridge\u003e at device 14.0 on pci0\ncbb0: Lazy allocation of 0x1000 bytes rid 0x10 type 3 at 0x80000000\ncardbus0: \u003cCardBus bus\u003e on cbb0\npccard0: \u003c16-bit PCCard bus\u003e on cbb0\npcib0: matched entry for 0.14.INTA\npcib0: slot 14 INTA hardwired to IRQ 16\nioapic0: routing intpin 16 (PCI IRQ 16) to vector 49\ncbb0: [MPSAFE]\ncbb0: PCI Configuration space:\n  0x00: 0x14121524 0x02100007 0x06070010 0x00822000 \n  0x10: 0x80000000 0x020000a0 0x20030200 0xfffff000 \n  0x20: 0x00000000 0xfffff000 0x00000000 0xfffffffc \n  0x30: 0x00000000 0xfffffffc 0x00000000 0x07400110 \n  0x40: 0x06621558 0x00000001 0x00000000 0x00000000 \n  0x50: 0x00000000 0x00000000 0x00000000 0x00000000 \n  0x60: 0x00000000 0x00000000 0x00000000 0x00000000 \n  0x70: 0x00000000 0x00000000 0x00000000 0x00000000 \n  0x80: 0x00409020 0x00000000 0x00000000 0x00001202 \n  0x90: 0x604400c0 0x00000000 0x00000000 0x00000000 \n  0xa0: 0xfe010001 0x00c00000 0x00000000 0x0000001d \n  0xb0: 0x00000000 0x00000000 0x00000000 0x00000000 \n  0xc0: 0x00001003 0x00800080 0x00080700 0x000007fe \n  0xd0: 0x00000020 0x00000000 0x00000000 0x00000000 \n  0xe0: 0x00000000 0x00000000 0x00000000 0x00000000 \n  0xf0: 0x00000000 0x00000000 0x00000000 0x00000000 \npci0: \u003cmemory, flash\u003e at device 14.1 (no driver attached)\npci0: \u003cbase peripheral\u003e at device 14.2 (no driver attached)\npci0: \u003cmemory, flash\u003e at device 14.4 (no driver attached)\natapci0: \u003cVIA 6420 SATA150 controller\u003e port 0x1430-0x1437,0x1424-0x1427,0x1428-0x142f,0x1420-0x1423,0x1400-0x140f,0x1000-0x10ff irq 20 at device 15.0 on pci0\natapci0: Reserved 0x10 bytes for rid 0x20 type 4 at 0x1400\nioapic0: routing intpin 20 (PCI IRQ 20) to vector 50\natapci0: [MPSAFE]\natapci0: Reserved 0x100 bytes for rid 0x24 type 4 at 0x1000\nata2: \u003cATA channel 0\u003e on atapci0\natapci0: Reserved 0x8 bytes for rid 0x10 type 4 at 0x1430\natapci0: Reserved 0x4 bytes for rid 0x14 type 4 at 0x1424\nata2: SATA connect status=00000000\nata2: [MPSAFE]\nata3: \u003cATA channel 1\u003e on atapci0\natapci0: Reserved 0x8 bytes for rid 0x18 type 4 at 0x1428\natapci0: Reserved 0x4 bytes for rid 0x1c type 4 at 0x1420\nata3: SATA connect status=00000000\nata3: [MPSAFE]\natapci1: \u003cVIA 8237 UDMA133 controller\u003e port 0x1f0-0x1f7,0x3f6,0x170-0x177,0x376,0x1410-0x141f at device 15.1 on pci0\natapci1: Reserved 0x10 bytes for rid 0x20 type 4 at 0x1410\nata0: \u003cATA channel 0\u003e on atapci1\natapci1: Reserved 0x8 bytes for rid 0x10 type 4 at 0x1f0\natapci1: Reserved 0x1 bytes for rid 0x14 type 4 at 0x3f6\nata0: reset tp1 mask=03 ostat0=50 ostat1=01\nata0: stat0=0x10 err=0x01 lsb=0x14 msb=0xeb\nata0: stat1=0x01 err=0x04 lsb=0x00 msb=0x00\nata0: reset tp2 stat0=10 stat1=01 devices=0x4\u003cATAPI_MASTER\u003e\nioapic0: routing intpin 14 (ISA IRQ 14) to vector 51\nata0: [MPSAFE]\nata1: \u003cATA channel 1\u003e on atapci1\natapci1: Reserved 0x8 bytes for rid 0x18 type 4 at 0x170\natapci1: Reserved 0x1 bytes for rid 0x1c type 4 at 0x376\nata1: reset tp1 mask=03 ostat0=50 ostat1=00\nata1: stat0=0x50 err=0x01 lsb=0x00 msb=0x00\nata1: stat1=0x00 err=0x01 lsb=0x00 msb=0x00\nata1: reset tp2 stat0=50 stat1=00 devices=0x1\u003cATA_MASTER\u003e\nioapic0: routing intpin 15 (ISA IRQ 15) to vector 52\nata1: [MPSAFE]\nuhci0: \u003cVIA 83C572 USB controller\u003e port 0x1440-0x145f irq 21 at device 16.0 on pci0\nuhci0: Reserved 0x20 bytes for rid 0x20 type 4 at 0x1440\nioapic0: routing intpin 21 (PCI IRQ 21) to vector 53\nuhci0: [GIANT-LOCKED]\nusb0: \u003cVIA 83C572 USB controller\u003e on uhci0\nusb0: USB revision 1.0\nuhub0: VIA UHCI root hub, class 9/0, rev 1.00/1.00, addr 1\nuhub0: 2 ports with 2 removable, self powered\nuhci1: \u003cVIA 83C572 USB controller\u003e port 0x1460-0x147f irq 21 at device 16.1 on pci0\nuhci1: Reserved 0x20 bytes for rid 0x20 type 4 at 0x1460\nuhci1: [GIANT-LOCKED]\nusb1: \u003cVIA 83C572 USB controller\u003e on uhci1\nusb1: USB revision 1.0\nuhub1: VIA UHCI root hub, class 9/0, rev 1.00/1.00, addr 1\nuhub1: 2 ports with 2 removable, self powered\nuhci2: \u003cVIA 83C572 USB controller\u003e port 0x1480-0x149f irq 21 at device 16.2 on pci0\nuhci2: Reserved 0x20 bytes for rid 0x20 type 4 at 0x1480\nuhci2: [GIANT-LOCKED]\nusb2: \u003cVIA 83C572 USB controller\u003e on uhci2\nusb2: USB revision 1.0\nuhub2: VIA UHCI root hub, class 9/0, rev 1.00/1.00, addr 1\nuhub2: 2 ports with 2 removable, self powered\nuhci3: \u003cVIA 83C572 USB controller\u003e port 0x14a0-0x14bf irq 21 at device 16.3 on pci0\nuhci3: Reserved 0x20 bytes for rid 0x20 type 4 at 0x14a0\nuhci3: [GIANT-LOCKED]\nusb3: \u003cVIA 83C572 USB controller\u003e on uhci3\nusb3: USB revision 1.0\nuhub3: VIA UHCI root hub, class 9/0, rev 1.00/1.00, addr 1\nuhub3: 2 ports with 2 removable, self powered\nehci0: \u003cVIA VT6202 USB 2.0 controller\u003e mem 0xf5200000-0xf52000ff irq 21 at device 16.4 on pci0\nehci0: Reserved 0x100 bytes for rid 0x10 type 3 at 0xf5200000\nehci0: [GIANT-LOCKED]\nehci0: Dropped interrupts workaround enabled\nusb4: waiting for BIOS to give up control\nusb4: timed out waiting for BIOS\nusb4: EHCI version 1.0\nusb4: companion controllers, 2 ports each: usb0 usb1 usb2 usb3\nusb4: \u003cVIA VT6202 USB 2.0 controller\u003e on ehci0\nusb4: USB revision 2.0\nuhub4: VIA EHCI root hub, class 9/0, rev 2.00/1.00, addr 1\nuhub4: 8 ports with 8 removable, self powered\nisab0: \u003cPCI-ISA bridge\u003e at device 17.0 on pci0\nisa0: \u003cISA bus\u003e on isab0\npcm0: \u003cVIA VT8237\u003e port 0x1800-0x18ff irq 22 at device 17.5 on pci0\nAcpiOsDerivePciId: bus 0 dev 17 func 5\npcm0: Reserved 0x100 bytes for rid 0x10 type 4 at 0x1800\nioapic0: routing intpin 22 (PCI IRQ 22) to vector 54\npcm0: [MPSAFE]\npcm0: \u003cUnknown AC97 Codec (id = 0x56494123)\u003e\npcm0: Codec features 18 bit DAC, 18 bit ADC, 5 bit master volume, no 3D Stereo Enhancement\npcm0: Primary codec extended features variable rate PCM, double rate PCM, reserved 1, reserved 5\npcm0: ac97 codec dac ready count: 0\npcm0: sndbuf_setmap 1b0d4000, 1000; 0xc2fc0000 -\u003e 1b0d4000\npcm0: sndbuf_setmap 1ad72000, 1000; 0xc2fbe000 -\u003e 1ad72000\npcm0: sndbuf_setmap 1a45b000, 1000; 0xc2fe7000 -\u003e 1a45b000\npcm0: sndbuf_setmap 1b339000, 1000; 0xc2fe5000 -\u003e 1b339000\npcm0: sndbuf_setmap 1b297000, 1000; 0xc2fe3000 -\u003e 1b297000\npcm0: sndbuf_setmap 1b1f5000, 1000; 0xc2fe1000 -\u003e 1b1f5000\npcm0: \u003cVIA DXS Enabled: DXS 4 / SGD 1 / REC 1\u003e\npci0: \u003csimple comms\u003e at device 17.6 (no driver attached)\nvr0: \u003cVIA VT6102 Rhine II 10/100BaseTX\u003e port 0x2000-0x20ff mem 0xf5200400-0xf52004ff irq 23 at device 18.0 on pci0\nvr0: Reserved 0x100 bytes for rid 0x10 type 4 at 0x2000\nmiibus0: \u003cMII bus\u003e on vr0\nukphy0: \u003cGeneric IEEE 802.3u media interface\u003e on miibus0\nukphy0: OUI 0x004063, model 0x0032, rev. 10\nukphy0:  10baseT, 10baseT-FDX, 100baseTX, 100baseTX-FDX, auto\nvr0: bpf attached\nvr0: Ethernet address: 00:90:f5:55:49:7d\nioapic0: routing intpin 23 (PCI IRQ 23) to vector 55\nvr0: [MPSAFE]\nbattery0: \u003cACPI Control Method Battery\u003e on acpi0\nacpi_button0: \u003cPower Button\u003e on acpi0\nacpi_button1: \u003cSleep Button\u003e on acpi0\nacpi_acad0: \u003cAC Adapter\u003e on acpi0\nacpi_lid0: \u003cControl Method Lid Switch\u003e on acpi0\nacpi_tz0: \u003cThermal Zone\u003e on acpi0\npsmcpnp0: \u003cPS/2 mouse port\u003e irq 12 on acpi0\natkbdc0: \u003cKeyboard controller (i8042)\u003e port 0x60,0x64 irq 1 on acpi0\natkbd0: \u003cAT Keyboard\u003e irq 1 on atkbdc0\natkbd: the current kbd controller command byte 0047\natkbd: keyboard ID 0x41ab (2)\nkbd0 at atkbd0\nkbd0: atkbd0, AT 101/102 (2), config:0x0, flags:0x3d0000\nioapic0: routing intpin 1 (ISA IRQ 1) to vector 56\natkbd0: [GIANT-LOCKED]\npsm0: current command byte:0047\npsm0: \u003cPS/2 Mouse\u003e irq 12 on atkbdc0\nioapic0: routing intpin 12 (ISA IRQ 12) to vector 57\npsm0: [GIANT-LOCKED]\npsm0: model Synaptics Touchpad, device ID 0-00, 7 buttons\npsm0: config:00000000, flags:00000008, packet size:6\npsm0: syncmask:c0, syncbits:00\nunknown: status reg test failed ff\nunknown: status reg test failed ff\nunknown: status reg test failed ff\nunknown: status reg test failed ff\nunknown: status reg test failed ff\nunknown: status reg test failed ff\nex_isa_identify()\nata: ata0 already exists; skipping it\nata: ata1 already exists; skipping it\natkbdc: atkbdc0 already exists; skipping it\npnp_identify: Trying Read_Port at 203\npnp_identify: Trying Read_Port at 243\npnp_identify: Trying Read_Port at 283\npnp_identify: Trying Read_Port at 2c3\npnp_identify: Trying Read_Port at 303\npnp_identify: Trying Read_Port at 343\npnp_identify: Trying Read_Port at 383\npnp_identify: Trying Read_Port at 3c3\nPNP Identify complete\nahc_isa_probe 1: ioport 0x1c00 alloc failed\nsc: sc0 already exists; skipping it\nvga: vga0 already exists; skipping it\nisa_probe_children: disabling PnP devices\nisa_probe_children: probing non-PnP devices\npmtimer0 on isa0\norm0: \u003cISA Option ROM\u003e at iomem 0xcd800-0xcf7ff on isa0\nadv0: not probed (disabled)\naha0: not probed (disabled)\naic0: not probed (disabled)\nbt0: not probed (disabled)\ncs0: not probed (disabled)\ned0: not probed (disabled)\nfdc0 failed to probe at port 0x3f0-0x3f5,0x3f7 irq 6 drq 2 on isa0\nfe0: not probed (disabled)\nie0: not probed (disabled)\nlnc0: not probed (disabled)\nppc0: parallel port not found.\nppc0: \u003cParallel port\u003e failed to probe at irq 7 on isa0\nsc0: \u003cSystem console\u003e at flags 0x100 on isa0\nsc0: VGA \u003c16 virtual consoles, flags=0x300\u003e\nsc0: fb0, kbd1, terminal emulator: sc (syscons terminal)\nsio0: configured irq 4 not in bitmap of probed irqs 0\nsio0: port may not be enabled\nsio0: irq maps: 0xc401 0xc401 0xc401 0xc401\nsio0: probe failed test(s): 0 1 2 4 6 7 9\nsio0 at port 0x3f8-0x3ff irq 4 flags 0x10 on isa0\nsio0: type 8250 or not responding\nioapic0: routing intpin 4 (ISA IRQ 4) to vector 58\nsio1: configured irq 3 not in bitmap of probed irqs 0\nsio1: port may not be enabled\nsio1: irq maps: 0xc401 0xc401 0xc401 0xc401\nsio1: probe failed test(s): 0 1 2 4 6 7 9\nsio1 failed to probe at port 0x2f8-0x2ff irq 3 on isa0\nsio2: not probed (disabled)\nsio3: not probed (disabled)\nsn0: not probed (disabled)\nvga0: \u003cGeneric ISA VGA\u003e at port 0x3c0-0x3df iomem 0xa0000-0xbffff on isa0\nvt0: not probed (disabled)\nisa_probe_children: probing PnP devices\nDevice configuration finished.\nprocfs registered\nlapic: Divisor 2, Frequency 66500364 hz\nTimecounter \"TSC\" frequency 1596013572 Hz quality 800\nTimecounters tick every 1.000 msec\nLinux ELF exec handler installed\nlo0: bpf attached\nrr232x: no controller detected.\nbattery0: battery initialization start\nacpi_acad0: acline initialization start\nacpi_acad0: On Line\nacpi_acad0: acline initialization done, tried 1 times\nata0-master: pio=PIO4 wdma=WDMA2 udma=UDMA33 cable=40 wire\nacd0: setting PIO4 on 8237 chip\nacd0: setting UDMA33 on 8237 chip\nacd0: \u003cPHILIPS DVD+/-RW SDVD8820/AX04\u003e DVDR drive at ata0 as master\nacd0: read 4148KB/s (4134KB/s) write 4134KB/s (4133KB/s), 2048KB buffer, UDMA33\nacd0: Reads: CDR, CDRW, CDDA stream, DVDROM, DVDR, DVDRAM, packet\nacd0: Writes: CDR, CDRW, DVDR, test write, burnproof\nacd0: Audio: play, 256 volume levels\nacd0: Mechanism: ejectable tray, unlocked\nacd0: Medium: no/blank disc\nata1-master: pio=PIO4 wdma=WDMA2 udma=UDMA100 cable=80 wire\nad2: setting PIO4 on 8237 chip\nad2: setting UDMA100 on 8237 chip\nad2: 57241MB \u003cSAMSUNG HM060HC YJ100-19\u003e at ata1-master UDMA100\nad2: 117231408 sectors [116301C/16H/63S] 16 sectors/interrupt 1 depth queue\nGEOM: new disk ad2\nad2: VIA check1 failed\nad2: Adaptec check1 failed\nad2: LSI (v3) check1 failed\nad2: LSI (v2) check1 failed\nad2: FreeBSD check1 failed\n(probe0:ata0:0:0:0): error 22\n(probe0:ata0:0:0:0): Unretryable Error\n(probe0:ata0:0:0:0): error 6\n(probe0:ata0:0:0:0): Unretryable Error\n(probe0:ata0:0:0:0): error 22\n(probe0:ata0:0:0:0): Unretryable Error\npass0 at ata0 bus 0 target 0 lun 0\npass0: \u003cPHILIPS DVD+-RW SDVD8820 AX04\u003e Removable CD-ROM SCSI-0 device \npass0: 33.000MB/s transfers\nGEOM: new disk cd0\nATA PseudoRAID loaded\n(cd0:ata0:0:0:0): error 6\n(cd0:ata0:0:0:0): Unretryable Error\ncd0 at ata0 bus 0 target 0 lun 0\ncd0: \u003cPHILIPS DVD+-RW SDVD8820 AX04\u003e Removable CD-ROM SCSI-0 device \ncd0: 33.000MB/s transfers\ncd0: Attempt to query device size failed: NOT READY, Medium not present - tray closed\n(cd0:ata0:0:0:0): error 6\n(cd0:ata0:0:0:0): Unretryable Error\n(cd0:ata0:0:0:0): error 6\n(cd0:ata0:0:0:0): Unretryable Error\n(cd0:ata0:0:0:0): error 6\n(cd0:ata0:0:0:0): Unretryable Error\nTrying to mount root from ufs:/dev/ad2s3a\nstart_init: trying /sbin/init\nsplash: image decoder found: green_saver\nbattery0: battery initialization failed, giving up\n\nFix: \n\nBooting with ACPI disabled.\nHow-To-Repeat: It seems that it is in connection with battery status querying. \nIt is more likely to happen without battery (on AC power) than with on\nbattery power."
}