{
 "id": 437399,
 "bug_id": 122033,
 "attachment_id": 0,
 "creation_time": "2008-03-24T06:10:02Z",
 "creator": "robertjenssen@ozemail.com.au",
 "text": "Since upgrading to FreeBSD 7 I have been experiencing some frustrating\nproblems with my RAL wifi card. In particular, it seems to me that dhclient\nfails when the ral device driver times out while scanning for my access\npoint. At the same time my HP PDA with Spectec WiFi SDIO card has no problems\nfinding my access point.\n\nToday I made a kernel with the following options:\n\nmakeoptions     DEBUG=-g\noptions         INVARIANTS\noptions         INVARIANT_SUPPORT\noptions         WITNESS\noptions         DEBUG_LOCKS\noptions         DEBUG_VFS_LOCKS\noptions         DIAGNOSTIC\noptions         SOCKBUF_DEBUG\noptions         DDB\noptions         KDB\n\nUpon rebooting the dmesg immediately showed a lock order reversal in the ral\ndriver in ieee80211_scan.c and rt2560.c (see below). \n\nMar 23 18:29:49 kraken syslogd: kernel boot file is /boot/kernel/kernel\nMar 23 18:29:49 kraken kernel: Copyright (c) 1992-2008 The FreeBSD Project.\nMar 23 18:29:49 kraken kernel: Copyright (c) 1979, 1980, 1983, 1986, 1988, \n1989, 1991, 1992, 1993, 1994\nMar 23 18:29:49 kraken kernel: The Regents of the University of California. \nAll rights reserved.\nMar 23 18:29:49 kraken kernel: FreeBSD is a registered trademark of The \nFreeBSD Foundation.\nMar 23 18:29:49 kraken kernel: FreeBSD 7.0-STABLE #0: Sun Mar 23 17:39:25 EST \n2008\nMar 23 18:29:49 kraken kernel: \nroot@kraken.wollstonecraft:/usr/obj/usr/src/sys/KRAKEN_DEBUG\nMar 23 18:29:49 kraken kernel: WARNING: WITNESS option enabled, expect reduced \nperformance.\nMar 23 18:29:49 kraken kernel: WARNING: DIAGNOSTIC option enabled, expect \nreduced performance.\nMar 23 18:29:49 kraken kernel: Timecounter \"i8254\" frequency 1193182 Hz \nquality 0\nMar 23 18:29:49 kraken kernel: CPU: Intel(R) Celeron(R) CPU 2.80GHz \n(2856.49-MHz 686-class CPU)\nMar 23 18:29:49 kraken kernel: Origin = \"GenuineIntel\"  Id = 0xf29  Stepping = \n9\nMar 23 18:29:49 kraken kernel: \nFeatures=0xbfebfbff\u003cFPU,VME,DE,PSE,TSC,MSR,PAE,MCE,CX8,APIC,SEP,MTRR,PGE,MCA,CMOV,PAT,PSE36,CLFLUSH,DTS,ACPI,MMX,FXSR,SSE,SSE2,SS,HTT,TM,PBE\u003e\nMar 23 18:29:49 kraken kernel: Features2=0x4400\u003cCNXT-ID,xTPR\u003e\nMar 23 18:29:49 kraken kernel: real memory  = 1073676288 (1023 MB)\nMar 23 18:29:49 kraken kernel: avail memory = 1040924672 (992 MB)\nMar 23 18:29:49 kraken kernel: ACPI APIC Table: \u003cIntelR AWRDACPI\u003e\nMar 23 18:29:49 kraken kernel: WITNESS: spin lock intrcnt not in order list\nMar 23 18:29:49 kraken kernel: ioapic0 \u003cVersion 2.0\u003e irqs 0-23 on motherboard\nMar 23 18:29:49 kraken kernel: kbd1 at kbdmux0\nMar 23 18:29:49 kraken kernel: acpi0: \u003cIntelR AWRDACPI\u003e on motherboard\nMar 23 18:29:49 kraken kernel: acpi0: [ITHREAD]\nMar 23 18:29:49 kraken kernel: acpi0: Power Button (fixed)\nMar 23 18:29:49 kraken kernel: acpi0: reservation of 0, a0000 (3) failed\nMar 23 18:29:49 kraken kernel: acpi0: reservation of 100000, 3fef0000 (3) \nfailed\nMar 23 18:29:49 kraken kernel: Timecounter \"ACPI-fast\" frequency 3579545 Hz \nquality 1000\nMar 23 18:29:49 kraken kernel: acpi_timer0: \u003c24-bit timer at 3.579545MHz\u003e port \n0x408-0x40b on acpi0\nMar 23 18:29:49 kraken kernel: cpu0: \u003cACPI CPU\u003e on acpi0\nMar 23 18:29:49 kraken kernel: acpi_button0: \u003cPower Button\u003e on acpi0\nMar 23 18:29:49 kraken kernel: pcib0: \u003cACPI Host-PCI bridge\u003e port 0xcf8-0xcff \non acpi0\nMar 23 18:29:49 kraken kernel: pci0: \u003cACPI PCI bus\u003e on pcib0\nMar 23 18:29:49 kraken kernel: agp0: \u003cIntel 82865 host to AGP bridge\u003e on \nhostb0\nMar 23 18:29:49 kraken kernel: pcib1: \u003cPCI-PCI bridge\u003e at device 1.0 on pci0\nMar 23 18:29:49 kraken kernel: pci1: \u003cPCI bus\u003e on pcib1\nMar 23 18:29:49 kraken kernel: vgapci0: \u003cVGA-compatible display\u003e port \n0x9000-0x90ff mem 0xe0000000-0xe7ffffff,0xf1000000-0xf100ffff irq 16 at \ndevice 0.0 on pci1\nMar 23 18:29:49 kraken kernel: vgapci1: \u003cVGA-compatible display\u003e mem \n0xe8000000-0xefffffff,0xf1010000-0xf101ffff at device 0.1 on pci1\nMar 23 18:29:49 kraken kernel: uhci0: \u003cIntel 82801EB (ICH5) USB controller \nUSB-A\u003e port 0xbc00-0xbc1f irq 16 at device 29.0 on pci0\nMar 23 18:29:49 kraken kernel: uhci0: [GIANT-LOCKED]\nMar 23 18:29:49 kraken kernel: uhci0: [ITHREAD]\nMar 23 18:29:49 kraken kernel: usb0: \u003cIntel 82801EB (ICH5) USB controller \nUSB-A\u003e on uhci0\nMar 23 18:29:49 kraken kernel: usb0: USB revision 1.0\nMar 23 18:29:49 kraken kernel: uhub0: \u003cIntel UHCI root hub, class 9/0, rev \n1.00/1.00, addr 1\u003e on usb0\nMar 23 18:29:49 kraken kernel: uhub0: 2 ports with 2 removable, self powered\nMar 23 18:29:49 kraken kernel: uhci1: \u003cIntel 82801EB (ICH5) USB controller \nUSB-B\u003e port 0xb000-0xb01f irq 19 at device 29.1 on pci0\nMar 23 18:29:49 kraken kernel: uhci1: [GIANT-LOCKED]\nMar 23 18:29:49 kraken kernel: uhci1: [ITHREAD]\nMar 23 18:29:49 kraken kernel: usb1: \u003cIntel 82801EB (ICH5) USB controller \nUSB-B\u003e on uhci1\nMar 23 18:29:49 kraken kernel: usb1: USB revision 1.0\nMar 23 18:29:49 kraken kernel: uhub1: \u003cIntel UHCI root hub, class 9/0, rev \n1.00/1.00, addr 1\u003e on usb1\nMar 23 18:29:49 kraken kernel: uhub1: 2 ports with 2 removable, self powered\nMar 23 18:29:49 kraken kernel: uhci2: \u003cIntel 82801EB (ICH5) USB controller \nUSB-C\u003e port 0xb400-0xb41f irq 18 at device 29.2 on pci0\nMar 23 18:29:49 kraken kernel: uhci2: [GIANT-LOCKED]\nMar 23 18:29:49 kraken kernel: uhci2: [ITHREAD]\nMar 23 18:29:49 kraken kernel: usb2: \u003cIntel 82801EB (ICH5) USB controller \nUSB-C\u003e on uhci2\nMar 23 18:29:49 kraken kernel: usb2: USB revision 1.0\nMar 23 18:29:49 kraken kernel: uhub2: \u003cIntel UHCI root hub, class 9/0, rev \n1.00/1.00, addr 1\u003e on usb2\nMar 23 18:29:49 kraken kernel: uhub2: 2 ports with 2 removable, self powered\nMar 23 18:29:49 kraken kernel: uhci3: \u003cIntel 82801EB (ICH5) USB controller \nUSB-D\u003e port 0xb800-0xb81f irq 16 at device 29.3 on pci0\nMar 23 18:29:49 kraken kernel: uhci3: [GIANT-LOCKED]\nMar 23 18:29:49 kraken kernel: uhci3: [ITHREAD]\nMar 23 18:29:49 kraken kernel: usb3: \u003cIntel 82801EB (ICH5) USB controller \nUSB-D\u003e on uhci3\nMar 23 18:29:49 kraken kernel: usb3: USB revision 1.0\nMar 23 18:29:49 kraken kernel: uhub3: \u003cIntel UHCI root hub, class 9/0, rev \n1.00/1.00, addr 1\u003e on usb3\nMar 23 18:29:49 kraken kernel: uhub3: 2 ports with 2 removable, self powered\nMar 23 18:29:49 kraken kernel: ehci0: \u003cIntel 82801EB/R (ICH5) USB 2.0 \ncontroller\u003e mem 0xf2200000-0xf22003ff irq 23 at device 29.7 on pci0\nMar 23 18:29:49 kraken kernel: ehci0: [GIANT-LOCKED]\nMar 23 18:29:49 kraken kernel: ehci0: [ITHREAD]\nMar 23 18:29:49 kraken kernel: usb4: EHCI version 1.0\nMar 23 18:29:49 kraken kernel: usb4: companion controllers, 2 ports each: usb0 \nusb1 usb2 usb3\nMar 23 18:29:49 kraken kernel: usb4: \u003cIntel 82801EB/R (ICH5) USB 2.0 \ncontroller\u003e on ehci0\nMar 23 18:29:49 kraken kernel: usb4: USB revision 2.0\nMar 23 18:29:49 kraken kernel: uhub4: \u003cIntel EHCI root hub, class 9/0, rev \n2.00/1.00, addr 1\u003e on usb4\nMar 23 18:29:49 kraken kernel: uhub4: 8 ports with 8 removable, self powered\nMar 23 18:29:49 kraken kernel: usb4: handing over low speed device on port 2 \nto usb0\nMar 23 18:29:49 kraken kernel: uhub4: port 2, device disappeared after reset\nMar 23 18:29:49 kraken kernel: pcib2: \u003cACPI PCI-PCI bridge\u003e at device 30.0 on \npci0\nMar 23 18:29:49 kraken kernel: pci2: \u003cACPI PCI bus\u003e on pcib2\nMar 23 18:29:49 kraken kernel: fwohci0: \u003cTexas Instruments TSB43AB23\u003e mem \n0xf2007000-0xf20077ff,0xf2000000-0xf2003fff irq 17 at device 1.0 on pci2\nMar 23 18:29:49 kraken kernel: fwohci0: [FILTER]\nMar 23 18:29:49 kraken kernel: fwohci0: OHCI version 1.10 (ROM=1)\nMar 23 18:29:49 kraken kernel: fwohci0: No. of Isochronous channels is 4.\nMar 23 18:29:49 kraken kernel: fwohci0: EUI64 00:50:8d:00:00:e2:cc:9b\nMar 23 18:29:49 kraken kernel: fwohci0: Phy 1394a available S400, 3 ports.\nMar 23 18:29:49 kraken kernel: fwohci0: Link S400, max_rec 2048 bytes.\nMar 23 18:29:49 kraken kernel: firewire0: \u003cIEEE1394(FireWire) bus\u003e on fwohci0\nMar 23 18:29:49 kraken kernel: fwip0: \u003cIP over FireWire\u003e on firewire0\nMar 23 18:29:49 kraken kernel: fwip0: Firewire address: \n00:50:8d:00:00:e2:cc:9b @ 0xfffe00000000, S400, maxrec 2048\nMar 23 18:29:49 kraken kernel: sbp0: \u003cSBP-2/SCSI over FireWire\u003e on firewire0\nMar 23 18:29:49 kraken kernel: dcons_crom0: \u003cdcons configuration ROM\u003e on \nfirewire0\nMar 23 18:29:49 kraken kernel: dcons_crom0: bus_addr 0x138c000\nMar 23 18:29:49 kraken kernel: fwe0: \u003cEthernet over FireWire\u003e on firewire0\nMar 23 18:29:49 kraken kernel: if_fwe0: Fake Ethernet address: \n02:50:8d:e2:cc:9b\nMar 23 18:29:49 kraken kernel: fwe0: Ethernet address: xx:xx:xx:xx:xx:xx\nMar 23 18:29:49 kraken kernel: fwohci0: Initiate bus reset\nMar 23 18:29:49 kraken kernel: fwohci0: BUS reset\nMar 23 18:29:49 kraken kernel: fwohci0: node_id=0xc800ffc0, gen=1, CYCLEMASTER \nmode\nMar 23 18:29:49 kraken kernel: rl0: \u003cRealTek 8139 10/100BaseTX\u003e port \n0xa000-0xa0ff mem 0xf2006000-0xf20060ff irq 18 at device 2.0 on pci2\nMar 23 18:29:49 kraken kernel: miibus0: \u003cMII bus\u003e on rl0\nMar 23 18:29:49 kraken kernel: rlphy0: \u003cRealTek internal media interface\u003e PHY \n0 on miibus0\nMar 23 18:29:49 kraken kernel: rlphy0:  10baseT, 10baseT-FDX, 100baseTX, \n100baseTX-FDX, auto\nMar 23 18:29:49 kraken kernel: rl0: Ethernet address: xx:xx:xx:xx:xx:xx\nMar 23 18:29:49 kraken kernel: rl0: [ITHREAD]\nMar 23 18:29:49 kraken kernel: pci2: \u003cprocessor\u003e at device 4.0 (no driver \nattached)\nMar 23 18:29:49 kraken kernel: ral0: \u003cRalink Technology RT2560\u003e mem \n0xf2004000-0xf2005fff irq 22 at device 6.0 on pci2\nMar 23 18:29:49 kraken kernel: ral0: MAC/BBP RT2560 (rev 0x04), RF RT2525\nMar 23 18:29:49 kraken kernel: ral0: Ethernet address: xx:xx:xx:xx:xx:xx\nMar 23 18:29:49 kraken kernel: ral0: [ITHREAD]\nMar 23 18:29:49 kraken kernel: isab0: \u003cPCI-ISA bridge\u003e at device 31.0 on pci0\nMar 23 18:29:49 kraken kernel: isa0: \u003cISA bus\u003e on isab0\nMar 23 18:29:49 kraken kernel: atapci0: \u003cIntel ICH5 UDMA100 controller\u003e port \n0x1f0-0x1f7,0x3f6,0x170-0x177,0x376,0xf000-0xf00f at device 31.1 on pci0\nMar 23 18:29:49 kraken kernel: ata0: \u003cATA channel 0\u003e on atapci0\nMar 23 18:29:49 kraken kernel: ata0: [ITHREAD]\nMar 23 18:29:49 kraken kernel: ata1: \u003cATA channel 1\u003e on atapci0\nMar 23 18:29:49 kraken kernel: ata1: [ITHREAD]\nMar 23 18:29:49 kraken kernel: atapci1: \u003cIntel ICH5 SATA150 controller\u003e port \n0xc000-0xc007,0xc400-0xc403,0xc800-0xc807,0xcc00-0xcc03,0xd000-0xd00f irq 18 \nat device 31.2 on pci0\nMar 23 18:29:49 kraken kernel: atapci1: [ITHREAD]\nMar 23 18:29:49 kraken kernel: ata2: \u003cATA channel 0\u003e on atapci1\nMar 23 18:29:49 kraken kernel: ata2: [ITHREAD]\nMar 23 18:29:49 kraken kernel: ata3: \u003cATA channel 1\u003e on atapci1\nMar 23 18:29:49 kraken kernel: ata3: [ITHREAD]\nMar 23 18:29:49 kraken kernel: pci0: \u003cserial bus, SMBus\u003e at device 31.3 (no \ndriver attached)\nMar 23 18:29:49 kraken kernel: pcm0: \u003cIntel ICH5 (82801EB)\u003e port \n0xd800-0xd8ff,0xdc00-0xdc3f mem 0xf2201000-0xf22011ff,0xf2202000-0xf22020ff \nirq 17 at device 31.5 on pci0\nMar 23 18:29:49 kraken kernel: pcm0: [ITHREAD]\nMar 23 18:29:49 kraken kernel: pcm0: \u003cAvance Logic ALC658 AC97 Codec\u003e\nMar 23 18:29:49 kraken kernel: acpi_tz0: \u003cThermal Zone\u003e on acpi0\nMar 23 18:29:49 kraken kernel: fdc0: \u003cfloppy drive controller\u003e port \n0x3f0-0x3f5,0x3f7 irq 6 drq 2 on acpi0\nMar 23 18:29:49 kraken kernel: fdc0: [FILTER]\nMar 23 18:29:49 kraken kernel: fd0: \u003c1440-KB 3.5\" drive\u003e on fdc0 drive 0\nMar 23 18:29:49 kraken kernel: sio0: \u003c16550A-compatible COM port\u003e port \n0x3f8-0x3ff irq 4 flags 0x10 on acpi0\nMar 23 18:29:49 kraken kernel: sio0: type 16550A\nMar 23 18:29:49 kraken kernel: sio0: [FILTER]\nMar 23 18:29:49 kraken kernel: atkbdc0: \u003cKeyboard controller (i8042)\u003e port \n0x60,0x64 irq 1 on acpi0\nMar 23 18:29:49 kraken kernel: atkbd0: \u003cAT Keyboard\u003e irq 1 on atkbdc0\nMar 23 18:29:49 kraken kernel: kbd0 at atkbd0\nMar 23 18:29:49 kraken kernel: atkbd0: [GIANT-LOCKED]\nMar 23 18:29:49 kraken kernel: atkbd0: [ITHREAD]\nMar 23 18:29:49 kraken kernel: pmtimer0 on isa0\nMar 23 18:29:49 kraken kernel: orm0: \u003cISA Option ROM\u003e at iomem 0xc0000-0xccfff \npnpid ORM0000 on isa0\nMar 23 18:29:49 kraken kernel: ppc0: \u003cParallel port\u003e at port 0x378-0x37f irq 7 \non isa0\nMar 23 18:29:49 kraken kernel: ppc0: Generic chipset (NIBBLE-only) in \nCOMPATIBLE mode\nMar 23 18:29:49 kraken kernel: ppbus0: \u003cParallel port bus\u003e on ppc0\nMar 23 18:29:49 kraken kernel: ppbus0: [ITHREAD]\nMar 23 18:29:49 kraken kernel: plip0: \u003cPLIP network interface\u003e on ppbus0\nMar 23 18:29:49 kraken kernel: lpt0: \u003cPrinter\u003e on ppbus0\nMar 23 18:29:49 kraken kernel: lpt0: Interrupt-driven port\nMar 23 18:29:49 kraken kernel: ppi0: \u003cParallel I/O\u003e on ppbus0\nMar 23 18:29:49 kraken kernel: ppc0: [GIANT-LOCKED]\nMar 23 18:29:49 kraken kernel: ppc0: [ITHREAD]\nMar 23 18:29:49 kraken kernel: sc0: \u003cSystem console\u003e at flags 0x100 on isa0\nMar 23 18:29:49 kraken kernel: sc0: VGA \u003c16 virtual consoles, flags=0x300\u003e\nMar 23 18:29:49 kraken kernel: sio1: configured irq 3 not in bitmap of probed \nirqs 0\nMar 23 18:29:49 kraken kernel: sio1: port may not be enabled\nMar 23 18:29:49 kraken kernel: vga0: \u003cGeneric ISA VGA\u003e at port 0x3c0-0x3df \niomem 0xa0000-0xbffff on isa0\nMar 23 18:29:49 kraken kernel: ums0: \u003cMicrosoft Microsoft Basic Optical Mouse, \nclass 0/0, rev 1.10/3.90, addr 2\u003e on uhub0\nMar 23 18:29:49 kraken kernel: ums0: 3 buttons and Z dir.\nMar 23 18:29:49 kraken kernel: Timecounter \"TSC\" frequency 2856488788 Hz \nquality 800\nMar 23 18:29:49 kraken kernel: Timecounters tick every 1.000 msec\nMar 23 18:29:49 kraken kernel: ipfw2 (+ipv6) initialized, divert enabled, nat \nloadable, rule-based forwarding firewire0: 1 nodes, maxhop \u003c= 0, cable IRM = \n0 (me)\nMar 23 18:29:49 kraken kernel: firewire0: bus manager 0 (me)\nMar 23 18:29:49 kraken kernel: disabled, default to accept, logging limited to \n5 packets/entry by default\nMar 23 18:29:49 kraken kernel: acd0: DVDR \u003cSONY DVD RW DW-U18A/UYS1\u003e at \nata0-master UDMA33\nMar 23 18:29:49 kraken kernel: acd0: FAILURE - INQUIRY ILLEGAL REQUEST \nasc=0x24 ascq=0x00\nMar 23 18:29:49 kraken kernel: acd1: CDROM \u003cATAPI CD-ROM DRIVE 36X \nMAXIMUM/36GP\u003e at ata1-master UDMA33\nMar 23 18:29:49 kraken kernel: ad4: 152627MB \u003cWDC WD1600AAJS-00PSA0 05.06H05\u003e \nat ata2-master SATA150\nMar 23 18:29:49 kraken kernel: ad6: 76319MB \u003cSeagate ST380013AS 3.05\u003e at \nata3-master SATA150\nMar 23 18:29:49 kraken kernel: acd0: FAILURE - INQUIRY ILLEGAL REQUEST \nasc=0x24 ascq=0x00\nMar 23 18:29:49 kraken kernel: cd0 at ata0 bus 0 target 0 lun 0\nMar 23 18:29:49 kraken kernel: cd0: \u003cSONY DVD RW DW-U18A UYS1\u003e Removable \nCD-ROM SCSI-0 device\nMar 23 18:29:49 kraken kernel: cd0: 33.000MB/s transfers\nMar 23 18:29:49 kraken kernel: cd0: Attempt to query device size failed: NOT \nREADY, Medium not present\nMar 23 18:29:49 kraken kernel: cd1 at ata1 bus 0 target 0 lun 0\nMar 23 18:29:49 kraken kernel: cd1: \u003cATAPI CD-ROM DRIVE-36X 36GP\u003e Removable \nCD-ROM SCSI-0 device\nMar 23 18:29:49 kraken kernel: cd1: 33.000MB/s transfers\nMar 23 18:29:49 kraken kernel: cd1: Attempt to query device size failed: NOT \nREADY, Medium not present\nMar 23 18:29:49 kraken kernel: hwpmc: TSC/1/0x20\u003cREA\u003e \nP4/18/0xfff\u003cINT,USR,SYS,EDG,THR,REA,WRI,INV,QUA,PRC,TAG,CSC\u003e\nMar 23 18:29:49 kraken kernel: WARNING: WITNESS option enabled, expect reduced \nperformance.\nMar 23 18:29:49 kraken kernel: WARNING: DIAGNOSTIC option enabled, expect \nreduced performance.\nMar 23 18:29:49 kraken kernel: Trying to mount root from ufs:/dev/ad4s2a\nMar 23 18:29:49 kraken savecore: no dumps found\nMar 23 18:30:05 kraken kernel: ipfw: limit 10 reached on entry 3240\nMar 23 18:30:36 kraken kernel: ipfw: limit 10 reached on entry 1300\nMar 23 18:30:36 kraken nmbd[879]: [2008/03/23 18:30:36, 0] \nnmbd/nmbd_become_dmb.c:become_domain_master_browser_wins(335)\nMar 23 18:30:36 kraken nmbd[879]:   become_domain_master_browser_wins:\nMar 23 18:30:36 kraken nmbd[879]:   Attempting to become domain master browser \non workgroup WORKGROUP, subnet UNICAST_SUBNET.\nMar 23 18:30:36 kraken nmbd[879]: [2008/03/23 18:30:36, 0] \nnmbd/nmbd_become_dmb.c:become_domain_master_browser_wins(349)\nMar 23 18:30:36 kraken nmbd[879]:   become_domain_master_browser_wins: \nquerying WINS server from IP 192.168.0.4 for domain master browser name \nWORKGROUP\u003c1b\u003e on workgroup WORKGROUP\nMar 23 18:30:36 kraken nmbd[879]: [2008/03/23 18:30:36, 0] \nnmbd/nmbd_become_dmb.c:become_domain_master_stage2(113)\nMar 23 18:30:36 kraken nmbd[879]:   *****\nMar 23 18:30:36 kraken nmbd[879]:\nMar 23 18:30:36 kraken nmbd[879]:   Samba server KRAKEN is now a domain master \nbrowser for workgroup WORKGROUP on subnet UNICAST_SUBNET\nMar 23 18:30:36 kraken nmbd[879]:\nMar 23 18:30:36 kraken nmbd[879]:   *****\nMar 23 18:30:36 kraken nmbd[879]: [2008/03/23 18:30:36, 0] \nnmbd/nmbd_become_dmb.c:become_domain_master_browser_bcast(290)\nMar 23 18:30:36 kraken nmbd[879]:   become_domain_master_browser_bcast:\nMar 23 18:30:36 kraken nmbd[879]:   Attempting to become domain master browser \non workgroup WORKGROUP on subnet 192.168.0.4\nMar 23 18:30:36 kraken nmbd[879]: [2008/03/23 18:30:36, 0] \nnmbd/nmbd_become_dmb.c:become_domain_master_browser_bcast(303)\nMar 23 18:30:36 kraken nmbd[879]:   become_domain_master_browser_bcast: \nquerying subnet 192.168.0.4 for domain master browser on workgroup WORKGROUP\nMar 23 18:30:44 kraken nmbd[879]: [2008/03/23 18:30:44, 0] \nnmbd/nmbd_become_dmb.c:become_domain_master_stage2(113)\nMar 23 18:30:44 kraken nmbd[879]:   *****\nMar 23 18:30:44 kraken nmbd[879]:\nMar 23 18:30:44 kraken nmbd[879]:   Samba server KRAKEN is now a domain master \nbrowser for workgroup WORKGROUP on subnet 192.168.0.4\nMar 23 18:30:44 kraken nmbd[879]:\nMar 23 18:30:44 kraken nmbd[879]:   *****\nMar 23 18:30:59 kraken nmbd[879]: [2008/03/23 18:30:59, 0] \nnmbd/nmbd_become_lmb.c:become_local_master_stage2(396)\nMar 23 18:30:59 kraken nmbd[879]:   *****\nMar 23 18:30:59 kraken nmbd[879]:\nMar 23 18:30:59 kraken nmbd[879]:   Samba name server KRAKEN is now a local \nmaster browser for workgroup WORKGROUP on subnet 192.168.0.4\nMar 23 18:30:59 kraken nmbd[879]:\nMar 23 18:30:59 kraken nmbd[879]:   *****\nMar 23 18:31:37 kraken winbindd[888]: [2008/03/23 18:31:37, 0] \nnsswitch/winbindd_cache.c:initialize_winbindd_cache(2223)\nMar 23 18:31:37 kraken winbindd[888]:   initialize_winbindd_cache: clearing \ncache and re-creating with version number 1\nMar 23 18:31:37 kraken lpd[908]: lpd startup: logging=0\nMar 23 18:31:37 kraken ntpd: logging to file /var/log/ntpd.log\nMar 23 18:31:50 kraken kernel: rl0: link state changed to DOWN\nMar 23 18:31:56 kraken kernel: Expensive timeout(9) function: 0xc05302a7\n(0xc0988260) 0.004545697 s\nMar 23 18:33:07 kraken kernel: lock order reversal:\nMar 23 18:33:07 kraken kernel: 1st 0xc3cd900c ieee80211com (802.11 com lock) \n@ /usr/src/sys/net80211/ieee80211_scan.c:524\nMar 23 18:33:07 kraken kernel: 2nd 0xc3cda41c ral0 (network driver) \n@ /usr/src/sys/dev/ral/rt2560.c:2006\nMar 23 18:33:07 kraken kernel: KDB: stack backtrace:\nMar 23 18:33:07 kraken kernel: \ndb_trace_self_wrapper(c08867d1,e4119914,c060505a,c0888c56,c3cda41c,...) at \ndb_trace_self_wrapper+0x26\nMar 23 18:33:07 kraken kernel: \nkdb_backtrace(c0888c56,c3cda41c,c3cd80c0,c086c50c,c08707e8,...) at \nkdb_backtrace+0x29\nMar 23 18:33:07 kraken kernel: \nwitness_checkorder(c3cda41c,9,c08707e8,7d6,c0604871,...) at \nwitness_checkorder+0x6b7\nMar 23 18:33:07 kraken kernel: \n_mtx_lock_flags(c3cda41c,0,c08707e8,7d6,c0894568,...) at _mtx_lock_flags+0xb0\nMar 23 18:33:07 kraken kernel: \nrt2560_start(c3cd7c00,c3cd9004,e4119a10,c068dfb2,c3cd7c00,...) at \nrt2560_start+0x3e\nMar 23 18:33:07 kraken kernel: if_start(c3cd7c00,0,c0894568,184,e41199f4,...) \nat if_start+0x4f\nMar 23 18:33:07 kraken kernel: \nieee80211_send_nulldata(c40e7000,38,c0888342,6ce,c3cd900c) at \nieee80211_send_nulldata+0x1ea\nMar 23 18:33:07 kraken kernel: \nieee80211_sta_pwrsave(c3cd9004,1,20c,6400,c3bfe000,...) at \nieee80211_sta_pwrsave+0x1fe\nMar 23 18:33:07 kraken kernel: \nscan_restart(c3bfe000,c3cd9004,c0895099,20c,2,...) at scan_restart+0x89\nMar 23 18:33:07 kraken kernel: \nieee80211_bg_scan(c3cd9004,c3d10818,8,1,c092b858,...) at \nieee80211_bg_scan+0x113\nMar 23 18:33:07 kraken kernel: \nieee80211_recv_mgmt(c3cd9004,c3ce3400,c40e7000,80,32,...) at \nieee80211_recv_mgmt+0xd9c\nMar 23 18:33:07 kraken kernel: \nieee80211_input(c3cd9004,c3ce3400,c40e7000,32,ffffffa1,...) at \nieee80211_input+0x141d\nMar 23 18:33:07 kraken kernel: \nrt2560_intr(c3cd9000,0,c088062e,471,c3af32e4,...) at rt2560_intr+0x824\nMar 23 18:33:07 kraken kernel: \nithread_loop(c3bf0940,e4119d38,c08803bd,305,c3bdaab0,...) at \nithread_loop+0x1a4\nMar 23 18:33:07 kraken kernel: fork_exit(c05b4780,c3bf0940,e4119d38) at \nfork_exit+0xb8\nMar 23 18:33:07 kraken kernel: fork_trampoline() at fork_trampoline+0x8\nMar 23 18:33:07 kraken kernel: --- trap 0, eip = 0, esp = 0xe4119d70, ebp = \n0 ---\nMar 23 18:34:38 kraken kernel: Expensive timeout(9) function: 0xc05302a7\n(0xc0988260) 0.009589366 s\nMar 23 18:34:43 kraken login: ROOT LOGIN (root) ON ttyv0\n\nHow-To-Repeat: Rebooting a debug kernel almost always repeats the problem. The problem appears to occur very rarely when I simply do \"/etc/rc.d/netif restart\"."
}