{
 "id": 859271,
 "bug_id": 201340,
 "attachment_id": 0,
 "creation_time": "2016-01-14T17:53:15Z",
 "creator": "ohartmann@walstatt.org",
 "text": "Driver 361.16 corrupts console. On  FreeBSD 11.0-CURRENT #39 r294022: Thu Jan 14 18:08:40 CET 2016 amd64, non-UEFI, vt() console, switching to console via Ctrl-Alt-FX, X= 1...9, results in unusable, blocky coloured 640x480-stylisch corrupted output.\n\nCPU:\n\nCopyright (c) 1992-2016 The FreeBSD Project.\nCopyright (c) 1979, 1980, 1983, 1986, 1988, 1989, 1991, 1992, 1993, 1994\n        The Regents of the University of California. All rights reserved.\nFreeBSD is a registered trademark of The FreeBSD Foundation.\nFreeBSD 11.0-CURRENT #38 r293849: Wed Jan 13 21:19:10 CET 2016\n    root@thor.walstatt.dynvpn.de:/usr/obj/usr/src/sys/THOR amd64\nFreeBSD clang version 3.7.1 (tags/RELEASE_371/final 255217) 20151225\nVT(vga): resolution 640x480\nCPU: Intel(R) Core(TM) i3-3220 CPU @ 3.30GHz (3300.10-MHz K8-class CPU)\n  Origin=\"GenuineIntel\"  Id=0x306a9  Family=0x6  Model=0x3a  Stepping=9\n  Features=0xbfebfbff\u003cFPU,VME,DE,PSE,TSC,MSR,PAE,MCE,CX8,APIC,SEP,MTRR,PGE,MCA,CMOV,PAT,PSE36,CLFLUSH,DTS,ACPI,MMX,FXSR,SSE,SSE2,SS,HTT,TM,PBE\u003e\n  Features2=0x3d9ae3bf\u003cSSE3,PCLMULQDQ,DTES64,MON,DS_CPL,VMX,EST,TM2,SSSE3,CX16,xTPR,PDCM,PCID,SSE4.1,SSE4.2,POPCNT,TSCDLT,XSAVE,OSXSAVE,AVX,F16C\u003e\n  AMD Features=0x28100800\u003cSYSCALL,NX,RDTSCP,LM\u003e\n  AMD Features2=0x1\u003cLAHF\u003e\n  Structured Extended Features=0x281\u003cFSGSBASE,SMEP,ERMS\u003e\n  XSAVE Features=0x1\u003cXSAVEOPT\u003e\n  VT-x: PAT,HLT,MTF,PAUSE,EPT,UG,VPID\n  TSC: P-state invariant, performance statistics\nreal memory  = 8589934592 (8192 MB)\navail memory = 8231161856 (7849 MB)\nEvent timer \"LAPIC\" quality 600\nACPI APIC Table: \u003cALASKA A M I\u003e\nFreeBSD/SMP: Multiprocessor System Detected: 4 CPUs\nFreeBSD/SMP: 1 package(s) x 2 core(s) x 2 SMT threads\n cpu0 (BSP): APIC ID:  0\n cpu1 (AP): APIC ID:  1\n cpu2 (AP): APIC ID:  2\n cpu3 (AP): APIC ID:  3\nrandom: unblocking device.\nSecurity policy loaded: TrustedBSD MAC/BSD Extended (mac_bsdextended)\nSecurity policy loaded: TrustedBSD MAC/portacl (mac_portacl)\nWARNING: VIMAGE (virtualized network stack) is a highly experimental feature.\nioapic0 \u003cVersion 2.0\u003e irqs 0-23 on motherboard\nrandom: entropy device external interface\nkbd0 at kbdmux0\nnetmap: loaded module\nvtvga0: \u003cVT VGA driver\u003e on motherboard\n[...]\n\n\nand the graphics board (nVidia GTX560Ti:\n\n[...]\npci1: \u003cACPI PCI bus\u003e on pcib1\nvgapci0: \u003cVGA-compatible display\u003e port 0xe000-0xe07f mem 0xf4000000-0xf5ffffff,0xe0000000-0xe7ffffff,0xe8000000-0xebffffff irq 16 at device 0.0 on pci1\nvgapci0: Boot video device\nhdac0: \u003cNVIDIA GF110 HDA Controller\u003e mem 0xf6080000-0xf6083fff irq 17 at device 0.1 on pci1\nxhci0: \u003cIntel Panther Point USB 3.0 controller\u003e mem 0xf6200000-0xf620ffff irq 16 at device 20.0 on pci0\n[...]\n\n\nkldstat reports:\n\nId Refs Address            Size     Name\n 1   23 0xffffffff80200000 12c2bd8  kernel\n 2    3 0xffffffff814c4000 6f648    vboxdrv.ko\n 3    1 0xffffffff81621000 1564     fdescfs.ko\n 4    2 0xffffffff81623000 8cc8aa   nvidia.ko\n 5    1 0xffffffff81ef0000 9e317    nvidia-modeset.ko\n 6    1 0xffffffff81f8f000 31739    linux.ko\n 7    1 0xffffffff81fc1000 2d11     linux_common.ko\n 8    2 0xffffffff81fc4000 2d2e     vboxnetflt.ko\n 9    1 0xffffffff81fc7000 3fdc     vboxnetadp.ko"
}