{
 "id": 913526,
 "bug_id": 215590,
 "attachment_id": 178301,
 "creation_time": "2016-12-26T21:53:45Z",
 "creator": "freebsd@kumba.dev",
 "text": "Created attachment 178301\nCustom kernel config for FreeBSD 11.0-RELEASE-p6\n\nHi again!  I found another kernel panic situation when playing DVD's, kinda similar to the one I detailed in #214705.  This one is more subtle, however, as it appears to be triggered by something in the amd64 trampoline code when attempting to restart DVD playback after resuming from a suspend that was done while the DVD was playing. The issue is triggered on a custom kernel that is basically just GENERIC with some unneeded devices/options removed to cut the kernel image's size down.  I'll attach my config to this bug.\n\nPanic message:\nFatal trap 12: page fault while in kernel mode\ncpuid = 1; apic id = 01\nfault virtual address\t= 0x8\nfault code\t\t= supervisor read data, page not present\ninstruction pointer\t= 0x20:0xffffffff802ae88f\nstack pointer\t        = 0x28:0xfffffe01d99b8910\nframe pointer\t        = 0x28:0xfffffe01d99b8920\ncode segment\t\t= base 0x0, limit 0xfffff, type 0x1b\n\t\t\t= DPL 0, pres 1, long 1, def32 0, gran 1\nprocessor eflags\t= interrupt enabled, resume, IOPL = 0\ncurrent process\t\t= 12 (irq259: ahci0:ch1)\ntrap number\t\t= 12\npanic: page fault\ncpuid = 1\nKDB: stack backtrace:\n#0 0xffffffff806e4b07 at kdb_backtrace+0x67\n#1 0xffffffff80699e72 at vpanic+0x182\n#2 0xffffffff80699ce3 at panic+0x43\n#3 0xffffffff80a1c711 at trap_fatal+0x351\n#4 0xffffffff80a1c903 at trap_pfault+0x1e3\n#5 0xffffffff80a1beac at trap+0x26c\n#6 0xffffffff80a00c61 at calltrap+0x8\n#7 0xffffffff802ac92c at camperiphdone+0x1bc\n#8 0xffffffff802b46f7 at xpt_done_process+0x807\n#9 0xffffffff802b3edf at xpt_done_direct+0x3f\n#10 0xffffffff80361dc5 at ahci_ch_intr_direct+0x155\n#11 0xffffffff8036082d at ahci_intr_one+0x2d\n#12 0xffffffff80653e9f at intr_event_execute_handlers+0x20f\n#13 0xffffffff80654106 at ithread_loop+0xc6\n#14 0xffffffff80650ae5 at fork_exit+0x85\n#15 0xffffffff80a0119e at fork_trampoline+0xe\nUptime: 2h10m43s\nDumping 573 out of 7757 MB:..3%..12%..23%..31%..42%..51%..62%..73%..81%..93%\n\n\nKGDB backtrace:\nReading symbols from /boot/kernel.custom/zfs.ko...done.\nLoaded symbols for /boot/kernel.custom/zfs.ko\nReading symbols from /boot/kernel.custom/opensolaris.ko...done.\nLoaded symbols for /boot/kernel.custom/opensolaris.ko\nReading symbols from /boot/kernel.custom/amdtemp.ko...done.\nLoaded symbols for /boot/kernel.custom/amdtemp.ko\nReading symbols from /boot/kernel.custom/tmpfs.ko...done.\nLoaded symbols for /boot/kernel.custom/tmpfs.ko\nReading symbols from /boot/kernel.custom/linprocfs.ko...done.\nLoaded symbols for /boot/kernel.custom/linprocfs.ko\nReading symbols from /boot/kernel.custom/linux_common.ko...done.\nLoaded symbols for /boot/kernel.custom/linux_common.ko\nReading symbols from /boot/kernel.custom/wlan_wep.ko...done.\nLoaded symbols for /boot/kernel.custom/wlan_wep.ko\nReading symbols from /boot/kernel.custom/ums.ko...done.\nLoaded symbols for /boot/kernel.custom/ums.ko\nReading symbols from /boot/kernel.custom/ipfw.ko...done.\nLoaded symbols for /boot/kernel.custom/ipfw.ko\nReading symbols from /boot/kernel.custom/linux.ko...done.\nLoaded symbols for /boot/kernel.custom/linux.ko\nReading symbols from /boot/kernel.custom/linux64.ko...done.\nLoaded symbols for /boot/kernel.custom/linux64.ko\nReading symbols from /boot/kernel.custom/fdescfs.ko...done.\nLoaded symbols for /boot/kernel.custom/fdescfs.ko\nReading symbols from /boot/kernel.custom/radeonkms.ko...done.\nLoaded symbols for /boot/kernel.custom/radeonkms.ko\nReading symbols from /boot/kernel.custom/drm2.ko...done.\nLoaded symbols for /boot/kernel.custom/drm2.ko\nReading symbols from /boot/kernel.custom/iicbus.ko...done.\nLoaded symbols for /boot/kernel.custom/iicbus.ko\nReading symbols from /boot/kernel.custom/iic.ko...done.\nLoaded symbols for /boot/kernel.custom/iic.ko\nReading symbols from /boot/kernel.custom/iicbb.ko...done.\nLoaded symbols for /boot/kernel.custom/iicbb.ko\nReading symbols from /boot/kernel.custom/radeonkmsfw_PALM_pfp.ko...done.\nLoaded symbols for /boot/kernel.custom/radeonkmsfw_PALM_pfp.ko\nReading symbols from /boot/kernel.custom/radeonkmsfw_PALM_me.ko...done.\nLoaded symbols for /boot/kernel.custom/radeonkmsfw_PALM_me.ko\nReading symbols from /boot/kernel.custom/radeonkmsfw_SUMO_rlc.ko...done.\nLoaded symbols for /boot/kernel.custom/radeonkmsfw_SUMO_rlc.ko\nReading symbols from /boot/kernel.custom/udf.ko...done.\nLoaded symbols for /boot/kernel.custom/udf.ko\nReading symbols from /boot/kernel.custom/autofs.ko...done.\nLoaded symbols for /boot/kernel.custom/autofs.ko\n#0  doadump (textdump=\u003cvalue optimized out\u003e) at pcpu.h:221\n221\tpcpu.h: No such file or directory.\n\tin pcpu.h\n(kgdb) bt\n#0  doadump (textdump=\u003cvalue optimized out\u003e) at pcpu.h:221\n#1  0xffffffff806998f9 in kern_reboot (howto=260)\n    at ../../../kern/kern_shutdown.c:366\n#2  0xffffffff80699eab in vpanic (fmt=\u003cvalue optimized out\u003e, \n    ap=\u003cvalue optimized out\u003e) at ../../../kern/kern_shutdown.c:759\n#3  0xffffffff80699ce3 in panic (fmt=0x0) at ../../../kern/kern_shutdown.c:690\n#4  0xffffffff80a1c711 in trap_fatal (frame=0xfffffe01d99b8860, eva=8)\n    at ../../../amd64/amd64/trap.c:841\n#5  0xffffffff80a1c903 in trap_pfault (frame=0xfffffe01d99b8860, usermode=0)\n    at ../../../amd64/amd64/trap.c:691\n#6  0xffffffff80a1beac in trap (frame=0xfffffe01d99b8860)\n    at ../../../amd64/amd64/trap.c:442\n#7  0xffffffff80a00c61 in calltrap () at ../../../amd64/amd64/exception.S:236\n#8  0xffffffff802ae88f in xpt_action (start_ccb=0xfffff801117d9800)\n    at ../../../cam/cam_xpt.c:2463\n#9  0xffffffff802ac92c in camperiphdone (periph=\u003cvalue optimized out\u003e, \n    done_ccb=0xfffff801117d9800) at ../../../cam/cam_periph.c:1230\n#10 0xffffffff802b46f7 in xpt_done_process (ccb_h=0xfffff801117d9800)\n    at ../../../cam/cam_xpt.c:5275\n#11 0xffffffff802b3edf in xpt_done_direct (done_ccb=0xfffff801117d9800)\n    at ../../../cam/cam_xpt.c:4495\n#12 0xffffffff80361dc5 in ahci_ch_intr_direct (arg=\u003cvalue optimized out\u003e)\n    at ../../../dev/ahci/ahci.c:1203\n---Type \u003creturn\u003e to continue, or q \u003creturn\u003e to quit--- \n#13 0xffffffff8036082d in ahci_intr_one (data=\u003cvalue optimized out\u003e)\n    at ../../../dev/ahci/ahci.c:502\n#14 0xffffffff80653e9f in intr_event_execute_handlers (\n    p=\u003cvalue optimized out\u003e, ie=\u003cvalue optimized out\u003e)\n    at ../../../kern/kern_intr.c:1262\n#15 0xffffffff80654106 in ithread_loop (arg=\u003cvalue optimized out\u003e)\n    at ../../../kern/kern_intr.c:1275\n#16 0xffffffff80650ae5 in fork_exit (\n    callout=0xffffffff80654040 \u003cithread_loop\u003e, arg=0xfffff800042e7c20, \n    frame=0xfffffe01d99b8c00) at ../../../kern/kern_fork.c:1038\n#17 0xffffffff80a0119e in fork_trampoline ()\n    at ../../../amd64/amd64/exception.S:611\n#18 0x0000000000000000 in ?? ()\nCurrent language:  auto; currently minimal\n(kgdb) \n\n\nSteps to reproduce:\n1. Insert DVD.\n2. Unmount auto-mounted instance from /media.\n3. Launch VLC and \"Play Disc\".\n4. Start playing the disc.\n5. Puse playback and close the lid on the laptop to put it into suspend.\n6. Wait a few seconds until it is fully in suspend, then open the laptop lid.\n7. Wait for the auto-mounter to re-mount the DVD (icon appears on the desktop).\n8. Restart playback in VLC while the DVD is auto-mounted to /media.\n9. Bada-boom!\n\n\nI have not tried this on a GENERIC kernel yet, as part of the reproduction steps requires playing the DVD while it is auto-mounted to /media, and this might trip up the bug described in #214705, as I haven't seen an updated GENERIC kernel come down the pipe yet that contains the fix for that.  My custom kernel patches that issue locally for now.\n\nThe hardware in question is an HP 2000-2b19wm notebook.  I can provide additional information if needed to troubleshoot this issue.\n\n\ndmesg:\n# dmesg\nCopyright (c) 1992-2016 The FreeBSD Project.\nCopyright (c) 1979, 1980, 1983, 1986, 1988, 1989, 1991, 1992, 1993, 1994\n\tThe Regents of the University of California. All rights reserved.\nFreeBSD is a registered trademark of The FreeBSD Foundation.\nFreeBSD 11.0-RELEASE-p6 #3: Fri Dec 23 12:28:48 EST 2016\n    root@himring:/usr/src/sys/amd64/compile/CUSTOM-11.0 amd64\nFreeBSD clang version 3.8.0 (tags/RELEASE_380/final 262564) (based on LLVM 3.8.0)\nVT(efifb): resolution 1366x768\nCPU: AMD E-300 APU with Radeon(tm) HD Graphics (1297.67-MHz K8-class CPU)\n  Origin=\"AuthenticAMD\"  Id=0x500f20  Family=0x14  Model=0x2  Stepping=0\n  Features=0x178bfbff\u003cFPU,VME,DE,PSE,TSC,MSR,PAE,MCE,CX8,APIC,SEP,MTRR,PGE,MCA,CMOV,PAT,PSE36,CLFLUSH,MMX,FXSR,SSE,SSE2,HTT\u003e\n  Features2=0x802209\u003cSSE3,MON,SSSE3,CX16,POPCNT\u003e\n  AMD Features=0x2e500800\u003cSYSCALL,NX,MMX+,FFXSR,Page1GB,RDTSCP,LM\u003e\n  AMD Features2=0x35ff\u003cLAHF,CMP,SVM,ExtAPIC,CR8,ABM,SSE4A,MAS,Prefetch,IBS,SKINIT,WDT\u003e\n  SVM: NP,NRIP,NAsids=8\n  TSC: P-state invariant, performance statistics\nreal memory  = 8589934592 (8192 MB)\navail memory = 7858003968 (7493 MB)\nEvent timer \"LAPIC\" quality 400\nACPI APIC Table: \u003cHPQOEM 188B    \u003e\nFreeBSD/SMP: Multiprocessor System Detected: 2 CPUs\nFreeBSD/SMP: 1 package(s) x 2 core(s)\nrandom: unblocking device.\nioapic0: Changing APIC ID to 4\nioapic0 \u003cVersion 2.1\u003e irqs 0-23 on motherboard\nrandom: entropy device external interface\nnetmap: loaded module\nmodule_register_init: MOD_LOAD (vesa, 0xffffffff80a38130, 0) error 19\nkbd1 at kbdmux0\ncryptosoft0: \u003csoftware crypto\u003e on motherboard\nacpi0: \u003cHPQOEM SLIC-MPC\u003e on motherboard\nacpi0: Power Button (fixed)\ncpu0: \u003cACPI CPU\u003e on acpi0\ncpu1: \u003cACPI CPU\u003e on acpi0\nhpet0: \u003cHigh Precision Event Timer\u003e iomem 0xfed00000-0xfed003ff irq 0,8 on acpi0\nTimecounter \"HPET\" frequency 14318180 Hz quality 950\natrtc0: \u003cAT realtime clock\u003e port 0x70-0x71 on acpi0\nEvent timer \"RTC\" frequency 32768 Hz quality 0\nattimer0: \u003cAT timer\u003e port 0x40-0x43 on acpi0\nTimecounter \"i8254\" frequency 1193182 Hz quality 0\nEvent timer \"i8254\" frequency 1193182 Hz quality 100\nTimecounter \"ACPI-fast\" frequency 3579545 Hz quality 900\nacpi_timer0: \u003c32-bit timer at 3.579545MHz\u003e port 0x408-0x40b on acpi0\nacpi_ec0: \u003cEmbedded Controller: GPE 0x3\u003e port 0x62,0x66 on acpi0\nacpi_button0: \u003cPower Button\u003e on acpi0\npcib0: \u003cACPI Host-PCI bridge\u003e port 0xcf8-0xcff on acpi0\npcib0: _OSC returned error 0x10\npci0: \u003cACPI PCI bus\u003e on pcib0\nvgapci0: \u003cVGA-compatible display\u003e port 0x3000-0x30ff mem 0xe0000000-0xefffffff,0xf0400000-0xf043ffff irq 18 at device 1.0 on pci0\nvgapci0: Boot video device\nhdac0: \u003cATI (0x1314) HDA Controller\u003e mem 0xf0444000-0xf0447fff irq 19 at device 1.1 on pci0\npcib1: \u003cACPI PCI-PCI bridge\u003e irq 19 at device 7.0 on pci0\npcib1: [GIANT-LOCKED]\nahci0: \u003cAMD Hudson-2 AHCI SATA controller\u003e port 0x3118-0x311f,0x3124-0x3127,0x3110-0x3117,0x3120-0x3123,0x3100-0x310f mem 0xf044c000-0xf044c7ff irq 19 at device 17.0 on pci0\nahci0: AHCI v1.30 with 2 6Gbps ports, Port Multiplier supported\nahcich0: \u003cAHCI channel\u003e at channel 0 on ahci0\nahcich1: \u003cAHCI channel\u003e at channel 1 on ahci0\nohci0: \u003cAMD FCH USB Controller\u003e mem 0xf044b000-0xf044bfff irq 18 at device 18.0 on pci0\nusbus0 on ohci0\nehci0: \u003cAMD FCH USB 2.0 controller\u003e mem 0xf044a000-0xf044a0ff irq 17 at device 18.2 on pci0\nusbus1: EHCI version 1.0\nusbus1 on ehci0\nohci1: \u003cAMD FCH USB Controller\u003e mem 0xf0449000-0xf0449fff irq 18 at device 19.0 on pci0\nusbus2 on ohci1\nehci1: \u003cAMD FCH USB 2.0 controller\u003e mem 0xf0448000-0xf04480ff irq 17 at device 19.2 on pci0\nusbus3: EHCI version 1.0\nusbus3 on ehci1\nhdac1: \u003cAMD Hudson-2 HDA Controller\u003e mem 0xf0440000-0xf0443fff irq 16 at device 20.2 on pci0\nisab0: \u003cPCI-ISA bridge\u003e at device 20.3 on pci0\nisa0: \u003cISA bus\u003e on isab0\npcib2: \u003cACPI PCI-PCI bridge\u003e at device 20.4 on pci0\npci1: \u003cACPI PCI bus\u003e on pcib2\npcib3: \u003cACPI PCI-PCI bridge\u003e at device 21.0 on pci0\npci2: \u003cACPI PCI bus\u003e on pcib3\nre0: \u003cRealTek 810xE PCIe 10/100baseTX\u003e port 0x2000-0x20ff mem 0xf0004000-0xf0004fff,0xf0000000-0xf0003fff irq 16 at device 0.0 on pci2\nre0: Using 1 MSI-X message\nre0: ASPM disabled\nre0: Chip rev. 0x40800000\nre0: MAC rev. 0x00400000\nmiibus0: \u003cMII bus\u003e on re0\nrlphy0: \u003cRTL8201E 10/100 media interface\u003e PHY 1 on miibus0\nrlphy0:  10baseT, 10baseT-FDX, 100baseTX, 100baseTX-FDX, auto, auto-flow\nre0: Using defaults for TSO: 65518/35/2048\nre0: Ethernet address: d8:9d:67:7f:ca:7e\nre0: netmap queues/slots: TX 1/256, RX 1/256\npcib4: \u003cACPI PCI-PCI bridge\u003e at device 21.1 on pci0\npci3: \u003cACPI PCI bus\u003e on pcib4\nath0: \u003cAtheros AR9485\u003e mem 0xf0200000-0xf027ffff irq 17 at device 0.0 on pci3\nar9300_attach: calling ar9300_hw_attach\nar9300_hw_attach: calling ar9300_eeprom_attach\nar9300_flash_map: unimplemented for now\nRestoring Cal data from DRAM\nRestoring Cal data from EEPROM\nRestoring Cal data from Flash\nRestoring Cal data from Flash\nRestoring Cal data from OTP\nar9300_hw_attach: ar9300_eeprom_attach returned 0\nath0: [HT] enabling HT modes\nath0: [HT] enabling short-GI in 20MHz mode\nath0: [HT] 1 stream STBC receive enabled\nath0: [HT] 1 RX streams; 1 TX streams\nath0: AR9485 mac 576.1 RF5110 phy 2457.9\nath0: 2GHz radio: 0x0000; 5GHz radio: 0x0000\npcib5: \u003cACPI PCI-PCI bridge\u003e at device 21.2 on pci0\npci4: \u003cACPI PCI bus\u003e on pcib5\npci4: \u003cunknown\u003e at device 0.0 (no driver attached)\namdtemp0: \u003cAMD CPU On-Die Thermal Sensors\u003e on hostb4\nacpi_acad0: \u003cAC Adapter\u003e on acpi0\nbattery0: \u003cACPI Control Method Battery\u003e on acpi0\nacpi_lid0: \u003cControl Method Lid Switch\u003e on acpi0\nacpi_tz0: \u003cThermal Zone\u003e on acpi0\natkbdc0: \u003cKeyboard controller (i8042)\u003e port 0x60,0x64 irq 1 on acpi0\natkbd0: \u003cAT Keyboard\u003e irq 1 on atkbdc0\nkbd0 at atkbd0\natkbd0: [GIANT-LOCKED]\npsm0: \u003cPS/2 Mouse\u003e irq 12 on atkbdc0\npsm0: [GIANT-LOCKED]\npsm0: model Synaptics Touchpad, device ID 3\nppc0: cannot reserve I/O port range\nhwpstate0: \u003cCool`n'Quiet 2.0\u003e on cpu0\nusbus0: 12Mbps Full Speed USB v1.0\nZFS filesystem version: 5\nZFS storage pool version: features support (5000)\nTimecounters tick every 1.000 msec\nhdacc0: \u003cATI R6xx HDA CODEC\u003e at cad 0 on hdac0\nhdaa0: \u003cATI R6xx Audio Function Group\u003e at nid 1 on hdacc0\npcm0: \u003cATI R6xx (HDMI)\u003e at nid 3 on hdaa0\nhdacc1: \u003cRealtek ALC269 HDA CODEC\u003e at cad 0 on hdac1\nhdaa1: \u003cRealtek ALC269 Audio Function Group\u003e at nid 1 on hdacc1\npcm1: \u003cRealtek ALC269 (Analog 2.0+HP/2.0)\u003e at nid 20,21 and 24 on hdaa1\npcm2: \u003cRealtek ALC269 (Onboard Analog Mic)\u003e at nid 18 on hdaa1\nusbus1: 480Mbps High Speed USB v2.0\nugen0.1: \u003cAMD\u003e at usbus0\nuhub0: \u003cAMD OHCI root HUB, class 9/0, rev 1.00/1.00, addr 1\u003e on usbus0\nugen1.1: \u003cAMD\u003e at usbus1\nuhub1: \u003cAMD EHCI root HUB, class 9/0, rev 2.00/1.00, addr 1\u003e on usbus1\nusbus2: 12Mbps Full Speed USB v1.0\nusbus3: 480Mbps High Speed USB v2.0\nugen2.1: \u003cAMD\u003e at usbus2\nuhub2: \u003cAMD OHCI root HUB, class 9/0, rev 1.00/1.00, addr 1\u003e on usbus2\nugen3.1: \u003cAMD\u003e at usbus3\nuhub3: \u003cAMD EHCI root HUB, class 9/0, rev 2.00/1.00, addr 1\u003e on usbus3\nuhub0: 5 ports with 5 removable, self powered\nada0 at ahcich0 bus 0 scbus0 target 0 lun 0\nada0: \u003cST500LM030-1RK17D SDM1\u003e ACS-3 ATA SATA 3.x device\nada0: Serial Number WES1J9DD\nada0: 600.000MB/s transfers (SATA 3.x, UDMA6, PIO 8192bytes)\nada0: Command Queueing enabled\nuhub2: 5 ports with 5 removable, self powered\nada0: 476940MB (976773168 512 byte sectors)\ncd0 at ahcich1 bus 0 scbus1 target 0 lun 0\ncd0: \u003chp CDDVDW SN-208DB HH01\u003e Removable CD-ROM SCSI device\ncd0: Serial Number R8Y66GLD1005Z2\ncd0: 150.000MB/s transfers (SATA 1.x, UDMA5, ATAPI 12bytes, PIO 8192bytes)\ncd0: 6031MB (3088160 2048 byte sectors)\nSMP: AP CPU #1 Launched!\nTimecounter \"TSC\" frequency 1297668517 Hz quality 800\nTrying to mount root from zfs:core/env/fbsd-20161216 []...\nuhub1: 5 ports with 5 removable, self powered\nuhub3: 5 ports with 5 removable, self powered\nugen3.2: \u003cChicony Electronics Co.,Ltd.\u003e at usbus3\nugen0.2: \u003cvendor 0x04f3\u003e at usbus0\nwlan0: Ethernet address: 20:16:d8:c9:e0:eb\nre0: link state changed to DOWN\nwlan0: link state changed to UP\nums0: \u003cvendor 0x04f3 2.4G Wireless Mouse, class 0/0, rev 1.10/9.01, addr 2\u003e on usbus0\nums0: 5 buttons and [XYZT] coordinates ID=1\nipfw2 (+ipv6) initialized, divert loadable, nat loadable, default to deny, logging disabled\ninfo: [drm] Initialized drm 1.1.0 20060810\ndrmn0: \u003cWrestler [Radeon HD 6310]\u003e on vgapci0\ninfo: [drm] RADEON_IS_PCIE\ninfo: [drm] initializing kernel modesetting (PALM 0x1002:0x9802 0x103C:0x188B).\ninfo: [drm] register mmio base: 0xF0400000\ninfo: [drm] register mmio size: 262144\ninfo: [drm] radeon_atrm_get_bios: ===\u003e Try ATRM...\ninfo: [drm] radeon_atrm_get_bios: IGP card detected, skipping this method...\ninfo: [drm] radeon_acpi_vfct_bios: ===\u003e Try VFCT...\ninfo: [drm] radeon_acpi_vfct_bios: Get \"VFCT\" ACPI table\ninfo: [drm] radeon_acpi_vfct_bios: Failed to get \"VFCT\" table: AE_NOT_FOUND\ninfo: [drm] igp_read_bios_from_vram: ===\u003e Try IGP's VRAM...\ninfo: [drm] igp_read_bios_from_vram: VRAM base address: 0xe0000000\ninfo: [drm] igp_read_bios_from_vram: Map address: 0xfffff800e0000000 (262144 bytes)\ninfo: [drm] igp_read_bios_from_vram: Incorrect BIOS signature: 0x0000\ninfo: [drm] radeon_read_bios: ===\u003e Try PCI Expansion ROM...\ninfo: [drm] radeon_read_bios: Map address: 0xfffff800000c0000 (131072 bytes)\ninfo: [drm] ATOM BIOS: HP\ndrmn0: info: VRAM: 384M 0x0000000000000000 - 0x0000000017FFFFFF (384M used)\ndrmn0: info: GTT: 512M 0x0000000018000000 - 0x0000000037FFFFFF\ninfo: [drm] Detected VRAM RAM=384M, BAR=256M\ninfo: [drm] RAM width 32bits DDR\n[TTM] Zone  kernel: Available graphics memory: 3971636 kiB\n[TTM] Zone   dma32: Available graphics memory: 2097152 kiB\n[TTM] Initializing pool allocator\ninfo: [drm] radeon: 384M of VRAM memory ready\ninfo: [drm] radeon: 512M of GTT memory ready.\ninfo: [drm] Supports vblank timestamp caching Rev 1 (10.10.2010).\ninfo: [drm] Driver supports precise vblank timestamp query.\ninfo: [drm] MSI enabled 1 message(s)\ndrmn0: info: radeon: using MSI.\ninfo: [drm] radeon: irq initialized.\ninfo: [drm] GART: num cpu pages 131072, num gpu pages 131072\ninfo: [drm] Loading PALM Microcode\ninfo: [drm] PCIE GART of 512M enabled (table at 0x0000000000040000).\ndrmn0: info: WB enabled\ndrmn0: info: fence driver on ring 0 use gpu addr 0x0000000018000c00 and cpu addr 0x0xfffff80018dfec00\ndrmn0: info: fence driver on ring 3 use gpu addr 0x0000000018000c0c and cpu addr 0x0xfffff80018dfec0c\ninfo: [drm] ring test on 0 succeeded in 1 usecs\ninfo: [drm] ring test on 3 succeeded in 1 usecs\ninfo: [drm] ib test on ring 0 succeeded in 0 usecs\ninfo: [drm] ib test on ring 3 succeeded in 0 usecs\ninfo: [drm] radeon_device_init: Taking over the fictitious range 0xe0000000-0xf0000000\niicbus0: \u003cPhilips I2C bus\u003e on iicbb0 addr 0xff\niic0: \u003cI2C generic I/O\u003e on iicbus0\niicbus1: \u003cPhilips I2C bus\u003e on iicbb1 addr 0x0\niic1: \u003cI2C generic I/O\u003e on iicbus1\niicbus2: \u003cPhilips I2C bus\u003e on iicbb2 addr 0x0\niic2: \u003cI2C generic I/O\u003e on iicbus2\niicbus3: \u003cPhilips I2C bus\u003e on iicbb3 addr 0x0\niic3: \u003cI2C generic I/O\u003e on iicbus3\niicbus4: \u003cPhilips I2C bus\u003e on iicbb4 addr 0x0\niic4: \u003cI2C generic I/O\u003e on iicbus4\niicbus5: \u003cPhilips I2C bus\u003e on iicbb5 addr 0x0\niic5: \u003cI2C generic I/O\u003e on iicbus5\niicbus6: \u003cPhilips I2C bus\u003e on iicbb6 addr 0x0\niic6: \u003cI2C generic I/O\u003e on iicbus6\niicbus7: \u003cPhilips I2C bus\u003e on iicbb7 addr 0x0\niic7: \u003cI2C generic I/O\u003e on iicbus7\ninfo: [drm] Radeon Display Connectors\ninfo: [drm] Connector 0:\ninfo: [drm]   LVDS-1\ninfo: [drm]   HPD1\ninfo: [drm]   DDC: 0x6430 0x6430 0x6434 0x6434 0x6438 0x6438 0x643c 0x643c\ninfo: [drm]   Encoders:\ninfo: [drm]     LCD1: INTERNAL_UNIPHY\ninfo: [drm] Connector 1:\ninfo: [drm]   HDMI-A-1\ninfo: [drm]   HPD2\ninfo: [drm]   DDC: 0x6440 0x6440 0x6444 0x6444 0x6448 0x6448 0x644c 0x644c\ninfo: [drm]   Encoders:\ninfo: [drm]     DFP1: INTERNAL_UNIPHY\ninfo: [drm] Connector 2:\ninfo: [drm]   VGA-1\ninfo: [drm]   DDC: 0x64d8 0x64d8 0x64dc 0x64dc 0x64e0 0x64e0 0x64e4 0x64e4\ninfo: [drm]   Encoders:\ninfo: [drm]     CRT1: INTERNAL_KLDSCP_DAC1\ninfo: [drm] Internal thermal controller without fan control\ninfo: [drm] radeon: power management initialized\ninfo: [drm] Connector LVDS-1: get mode from tunables:\ninfo: [drm]   - kern.vt.fb.modes.LVDS-1\ninfo: [drm]   - kern.vt.fb.default_mode\ninfo: [drm] Connector HDMI-A-1: get mode from tunables:\ninfo: [drm]   - kern.vt.fb.modes.HDMI-A-1\ninfo: [drm]   - kern.vt.fb.default_mode\ninfo: [drm] Connector VGA-1: get mode from tunables:\ninfo: [drm]   - kern.vt.fb.modes.VGA-1\ninfo: [drm]   - kern.vt.fb.default_mode\ninfo: [drm] fb mappable at 0xE0142000\ninfo: [drm] vram apper at 0xE0000000\ninfo: [drm] size 4325376\ninfo: [drm] fb depth is 24\ninfo: [drm]    pitch is 5632\nfbd0 on drmn0\nVT: Replacing driver \"efifb\" with new \"fb\".\nerror: [drm:pid1023:radeon_acpi_init] *ERROR* Cannot find a backlight controller\ninfo: [drm] Initialized radeon 2.29.0 20080528 for drmn0 on minor 0\nWARNING pid 1264 (python2.7): ioctl sign-extension ioctl ffffffff80087467\nWARNING pid 1267 (python2.7): ioctl sign-extension ioctl ffffffff80087467"
}