{
 "id": 869418,
 "bug_id": 204643,
 "attachment_id": 0,
 "creation_time": "2016-03-12T01:58:39Z",
 "creator": "gordon778@mail.ru",
 "text": "This bug is reproducible on FreeBSD 10.2-RELEASE (and others i guess):\nKDB: stack backtrace:\n#0 0xffffffff80984e30 at kdb_backtrace+0x60\n#1 0xffffffff809489e6 at vpanic+0x126\n#2 0xffffffff809488b3 at panic+0x43\n#3 0xffffffff80976462 at __stack_chk_fail+0x12\n#4 0xffffffff8083c652 at msdosfs_readdir+0x782\n#5 0xffffffff80e731c7 at VOP_READDIR_APV+0xa7\n#6 0xffffffff809f72bc at kern_getdirentries+0x21c\n#7 0xffffffff809f7078 at sys_getdirentries+0x28\n#8 0xffffffff80d4b3a7 at amd64_syscall+0x357\n\nuname:\nFreeBSD HP635 10.2-RELEASE-p7 FreeBSD 10.2-RELEASE-p7 #0: Mon Nov  2 14:19:39 UTC 2015     root@amd64-builder.daemonology.net:/usr/obj/usr/src/sys/GENERIC  amd64\n\ndmesg:\nCopyright (c) 1992-2015 The FreeBSD Project.\nCopyright (c) 1979, 1980, 1983, 1986, 1988, 1989, 1991, 1992, 1993, 1994\n\tThe Regents of the University of California. All rights reserved.\nFreeBSD is a registered trademark of The FreeBSD Foundation.\nFreeBSD 10.2-RELEASE-p7 #0: Mon Nov  2 14:19:39 UTC 2015\n    root@amd64-builder.daemonology.net:/usr/obj/usr/src/sys/GENERIC amd64\nFreeBSD clang version 3.4.1 (tags/RELEASE_34/dot1-final 208032) 20140512\nVT: running with driver \"vga\".\ninfo: [drm] Initialized drm 1.1.0 20060810\nCPU: AMD E-300 APU with Radeon(tm) HD Graphics (1297.27-MHz K8-class CPU)\n  Origin=\"AuthenticAMD\"  Id=0x500f20  Family=0x14  Model=0x2  Stepping=0\n  Features=0x178bfbff\u003cFPU,VME,DE,PSE,TSC,MSR,PAE,MCE,CX8,APIC,SEP,MTRR,PGE,MCA,CMOV,PAT,PSE36,CLFLUSH,MMX,FXSR,SSE,SSE2,HTT\u003e\n  Features2=0x802209\u003cSSE3,MON,SSSE3,CX16,POPCNT\u003e\n  AMD Features=0x2e500800\u003cSYSCALL,NX,MMX+,FFXSR,Page1GB,RDTSCP,LM\u003e\n  AMD Features2=0x35ff\u003cLAHF,CMP,SVM,ExtAPIC,CR8,ABM,SSE4A,MAS,Prefetch,IBS,SKINIT,WDT\u003e\n  SVM: (disabled in BIOS) NP,NRIP,NAsids=8\n  TSC: P-state invariant, performance statistics\nreal memory  = 6442450944 (6144 MB)\navail memory = 5782937600 (5515 MB)\nEvent timer \"LAPIC\" quality 400\nACPI APIC Table: \u003cHP     INSYDE  \u003e\nFreeBSD/SMP: Multiprocessor System Detected: 2 CPUs\nFreeBSD/SMP: 1 package(s) x 2 core(s)\n cpu0 (BSP): APIC ID:  0\n cpu1 (AP): APIC ID:  1\nioapic0: Changing APIC ID to 4\nioapic0 \u003cVersion 2.1\u003e irqs 0-23 on motherboard\nrandom: \u003cSoftware, Yarrow\u003e initialized\nmodule_register_init: MOD_LOAD (vesa, 0xffffffff80db8e60, 0) error 19\nkbd1 at kbdmux0\nacpi0: \u003cHPQOEM SLIC-MPC\u003e on motherboard\nacpi0: Power Button (fixed)\ncpu0: \u003cACPI CPU\u003e on acpi0\ncpu1: \u003cACPI CPU\u003e on acpi0\nhpet0: \u003cHigh Precision Event Timer\u003e iomem 0xfed00000-0xfed003ff irq 0,8 on acpi0\nTimecounter \"HPET\" frequency 14318180 Hz quality 950\nEvent timer \"HPET\" frequency 14318180 Hz quality 550\nEvent timer \"HPET1\" frequency 14318180 Hz quality 450\natrtc0: \u003cAT realtime clock\u003e port 0x70-0x71 on acpi0\nEvent timer \"RTC\" frequency 32768 Hz quality 0\nattimer0: \u003cAT timer\u003e port 0x40-0x43 on acpi0\nTimecounter \"i8254\" frequency 1193182 Hz quality 0\nEvent timer \"i8254\" frequency 1193182 Hz quality 100\nTimecounter \"ACPI-fast\" frequency 3579545 Hz quality 900\nacpi_timer0: \u003c32-bit timer at 3.579545MHz\u003e port 0x408-0x40b on acpi0\nacpi_ec0: \u003cEmbedded Controller: GPE 0x3\u003e port 0x62,0x66 on acpi0\npcib0: \u003cACPI Host-PCI bridge\u003e port 0xcf8-0xcff on acpi0\npci0: \u003cACPI PCI bus\u003e on pcib0\nvgapci0: \u003cVGA-compatible display\u003e port 0x4000-0x40ff mem 0xe0000000-0xefffffff,0xf0400000-0xf043ffff irq 18 at device 1.0 on pci0\nacpi_video0: \u003cACPI video extension\u003e on vgapci0\ndrmn0: \u003cWrestler [Radeon HD 6310]\u003e on vgapci0\ninfo: [drm] RADEON_IS_PCIE\ninfo: [drm] initializing kernel modesetting (PALM 0x1002:0x9802 0x103C:0x3577).\ninfo: [drm] register mmio base: 0xF0400000\ninfo: [drm] register mmio size: 262144\ninfo: [drm] radeon_atrm_get_bios: ===\u003e Try ATRM...\ninfo: [drm] radeon_atrm_get_bios: IGP card detected, skipping this method...\ninfo: [drm] radeon_acpi_vfct_bios: ===\u003e Try VFCT...\ninfo: [drm] radeon_acpi_vfct_bios: Get \"VFCT\" ACPI table\ninfo: [drm] radeon_acpi_vfct_bios: Failed to get \"VFCT\" table: AE_NOT_FOUND\ninfo: [drm] igp_read_bios_from_vram: ===\u003e Try IGP's VRAM...\ninfo: [drm] igp_read_bios_from_vram: VRAM base address: 0xe0000000\ninfo: [drm] igp_read_bios_from_vram: Map address: 0xfffff800e0000000 (262144 bytes)\ninfo: [drm] igp_read_bios_from_vram: Incorrect BIOS signature: 0x0000\ninfo: [drm] radeon_read_bios: ===\u003e Try PCI Expansion ROM...\ninfo: [drm] radeon_read_bios: Map address: 0xfffff800000c0000 (131072 bytes)\ninfo: [drm] ATOM BIOS: HP\ndrmn0: info: VRAM: 384M 0x0000000000000000 - 0x0000000017FFFFFF (384M used)\ndrmn0: info: GTT: 512M 0x0000000018000000 - 0x0000000037FFFFFF\ninfo: [drm] Detected VRAM RAM=384M, BAR=256M\ninfo: [drm] RAM width 32bits DDR\n[TTM] Zone  kernel: Available graphics memory: 2924656 kiB\n[TTM] Zone   dma32: Available graphics memory: 2097152 kiB\n[TTM] Initializing pool allocator\ninfo: [drm] radeon: 384M of VRAM memory ready\ninfo: [drm] radeon: 512M of GTT memory ready.\ninfo: [drm] Supports vblank timestamp caching Rev 1 (10.10.2010).\ninfo: [drm] Driver supports precise vblank timestamp query.\ninfo: [drm] MSI enabled 1 message(s)\ndrmn0: info: radeon: using MSI.\ninfo: [drm] radeon: irq initialized.\ninfo: [drm] GART: num cpu pages 131072, num gpu pages 131072\ninfo: [drm] Loading PALM Microcode\ninfo: [drm] PCIE GART of 512M enabled (table at 0x0000000000040000).\ndrmn0: info: WB enabled\ndrmn0: info: fence driver on ring 0 use gpu addr 0x0000000018000c00 and cpu addr 0x0xfffff80002f61c00\ndrmn0: info: fence driver on ring 3 use gpu addr 0x0000000018000c0c and cpu addr 0x0xfffff80002f61c0c\ninfo: [drm] ring test on 0 succeeded in 1 usecs\ninfo: [drm] ring test on 3 succeeded in 1 usecs\ninfo: [drm] ib test on ring 0 succeeded in 0 usecs\ninfo: [drm] ib test on ring 3 succeeded in 0 usecs\ninfo: [drm] radeon_device_init: Taking over the fictitious range 0xe0000000-0xf0000000\niicbus0: \u003cPhilips I2C bus\u003e on iicbb0 addr 0xff\niic0: \u003cI2C generic I/O\u003e on iicbus0\niicbus1: \u003cPhilips I2C bus\u003e on iicbb1 addr 0x0\niic1: \u003cI2C generic I/O\u003e on iicbus1\niicbus2: \u003cPhilips I2C bus\u003e on iicbb2 addr 0x0\niic2: \u003cI2C generic I/O\u003e on iicbus2\niicbus3: \u003cPhilips I2C bus\u003e on iicbb3 addr 0x0\niic3: \u003cI2C generic I/O\u003e on iicbus3\niicbus4: \u003cPhilips I2C bus\u003e on iicbb4 addr 0x0\niic4: \u003cI2C generic I/O\u003e on iicbus4\niicbus5: \u003cPhilips I2C bus\u003e on iicbb5 addr 0x0\niic5: \u003cI2C generic I/O\u003e on iicbus5\niicbus6: \u003cPhilips I2C bus\u003e on iicbb6 addr 0x0\niic6: \u003cI2C generic I/O\u003e on iicbus6\niicbus7: \u003cPhilips I2C bus\u003e on iicbb7 addr 0x0\niic7: \u003cI2C generic I/O\u003e on iicbus7\ninfo: [drm] Radeon Display Connectors\ninfo: [drm] Connector 0:\ninfo: [drm]   LVDS-1\ninfo: [drm]   HPD1\ninfo: [drm]   DDC: 0x6430 0x6430 0x6434 0x6434 0x6438 0x6438 0x643c 0x643c\ninfo: [drm]   Encoders:\ninfo: [drm]     LCD1: INTERNAL_UNIPHY\ninfo: [drm] Connector 1:\ninfo: [drm]   HDMI-A-1\ninfo: [drm]   HPD2\ninfo: [drm]   DDC: 0x6440 0x6440 0x6444 0x6444 0x6448 0x6448 0x644c 0x644c\ninfo: [drm]   Encoders:\ninfo: [drm]     DFP1: INTERNAL_UNIPHY\ninfo: [drm] Connector 2:\ninfo: [drm]   VGA-1\ninfo: [drm]   DDC: 0x64d8 0x64d8 0x64dc 0x64dc 0x64e0 0x64e0 0x64e4 0x64e4\ninfo: [drm]   Encoders:\ninfo: [drm]     CRT1: INTERNAL_KLDSCP_DAC1\ninfo: [drm] Internal thermal controller without fan control\ninfo: [drm] radeon: power management initialized\ninfo: [drm] Connector LVDS-1: get mode from tunables:\ninfo: [drm]   - kern.vt.fb.modes.LVDS-1\ninfo: [drm]   - kern.vt.fb.default_mode\ninfo: [drm] Connector HDMI-A-1: get mode from tunables:\ninfo: [drm]   - kern.vt.fb.modes.HDMI-A-1\ninfo: [drm]   - kern.vt.fb.default_mode\ninfo: [drm] Connector VGA-1: get mode from tunables:\ninfo: [drm]   - kern.vt.fb.modes.VGA-1\ninfo: [drm]   - kern.vt.fb.default_mode\ninfo: [drm] fb mappable at 0xE0142000\ninfo: [drm] vram apper at 0xE0000000\ninfo: [drm] size 4325376\ninfo: [drm] fb depth is 24\ninfo: [drm]    pitch is 5632\nfbd0 on drmn0\nVT: Replacing driver \"vga\" with new \"fb\".\nerror: [drm:pid0:radeon_acpi_init] *ERROR* Cannot find a backlight controller\ninfo: [drm] Initialized radeon 2.29.0 20080528 for drmn0 on minor 0\nvgapci0: Boot video device\nhdac0: \u003cATI (0x1314) HDA Controller\u003e mem 0xf0444000-0xf0447fff irq 19 at device 1.1 on pci0\nahci0: \u003cAMD SB7x0/SB8x0/SB9x0 AHCI SATA controller\u003e port 0x4118-0x411f,0x4124-0x4127,0x4110-0x4117,0x4120-0x4123,0x4100-0x410f mem 0xf044d000-0xf044d3ff irq 19 at device 17.0 on pci0\nahci0: AHCI v1.20 with 2 6Gbps ports, Port Multiplier supported\nahci0: quirks=0x22000\u003cATI_PMP_BUG,1MSI\u003e\nahcich0: \u003cAHCI channel\u003e at channel 0 on ahci0\nahcich1: \u003cAHCI channel\u003e at channel 1 on ahci0\nohci0: \u003cAMD SB7x0/SB8x0/SB9x0 USB controller\u003e mem 0xf044c000-0xf044cfff irq 18 at device 18.0 on pci0\nusbus0 on ohci0\nehci0: \u003cAMD SB7x0/SB8x0/SB9x0 USB 2.0 controller\u003e mem 0xf044b000-0xf044b0ff irq 17 at device 18.2 on pci0\nusbus1: EHCI version 1.0\nusbus1 on ehci0\nhdac1: \u003cATI SB600 HDA Controller\u003e mem 0xf0440000-0xf0443fff irq 16 at device 20.2 on pci0\nisab0: \u003cPCI-ISA bridge\u003e at device 20.3 on pci0\nisa0: \u003cISA bus\u003e on isab0\npcib1: \u003cACPI PCI-PCI bridge\u003e at device 20.4 on pci0\npci1: \u003cACPI PCI bus\u003e on pcib1\nohci1: \u003cAMD SB7x0/SB8x0/SB9x0 USB controller\u003e mem 0xf044a000-0xf044afff irq 18 at device 20.5 on pci0\nusbus2 on ohci1\npcib2: \u003cACPI PCI-PCI bridge\u003e at device 21.0 on pci0\npci2: \u003cACPI PCI bus\u003e on pcib2\npci2: \u003cunknown\u003e at device 0.0 (no driver attached)\npcib3: \u003cACPI PCI-PCI bridge\u003e at device 21.1 on pci0\npci6: \u003cACPI PCI bus\u003e on pcib3\nre0: \u003cRealTek 810xE PCIe 10/100baseTX\u003e port 0x2000-0x20ff mem 0xf0104000-0xf0104fff,0xf0100000-0xf0103fff irq 21 at device 0.0 on pci6\nre0: Using 1 MSI-X message\nre0: ASPM disabled\nre0: Chip rev. 0x40800000\nre0: MAC rev. 0x00200000\nmiibus0: \u003cMII bus\u003e on re0\nrlphy0: \u003cRTL8201E 10/100 media interface\u003e PHY 1 on miibus0\nrlphy0:  10baseT, 10baseT-FDX, 100baseTX, 100baseTX-FDX, auto, auto-flow\nre0: Using defaults for TSO: 65518/35/2048\nre0: Ethernet address: ac:16:2d:53:99:72\npcib4: \u003cACPI PCI-PCI bridge\u003e at device 21.3 on pci0\npci7: \u003cACPI PCI bus\u003e on pcib4\nath0: \u003cAtheros 9285\u003e mem 0xf0200000-0xf020ffff irq 23 at device 0.0 on pci7\n[ath] AR9285E_20 detected; using XE TX gain tables\n[ath] AR9285 Main LNA config: LNA1\n[ath] AR9285 Alt LNA config: LNA2\n[ath] LNA diversity disabled, Diversity disabled\nath0: [HT] enabling HT modes\nath0: [HT] 1 stream STBC receive enabled\nath0: [HT] 1 RX streams; 1 TX streams\nath0: AR9285 mac 192.2 RF5133 phy 14.0\nath0: 2GHz radio: 0x0000; 5GHz radio: 0x00c0\nohci2: \u003cAMD SB7x0/SB8x0/SB9x0 USB controller\u003e mem 0xf0449000-0xf0449fff irq 18 at device 22.0 on pci0\nusbus3 on ohci2\nehci1: \u003cAMD SB7x0/SB8x0/SB9x0 USB 2.0 controller\u003e mem 0xf0448000-0xf04480ff irq 17 at device 22.2 on pci0\nusbus4: EHCI version 1.0\nusbus4 on ehci1\nacpi_wmi0: \u003cACPI-WMI mapping\u003e on acpi0\nacpi_hp0: \u003cHP ACPI-WMI Mapping\u003e on acpi_wmi0\nacpi_hp0: HP event GUID detected, installing event handler\nacpi_acad0: \u003cAC Adapter\u003e on acpi0\nacpi_lid0: \u003cControl Method Lid Switch\u003e on acpi0\nacpi_button0: \u003cPower Button\u003e on acpi0\nacpi_tz0: \u003cThermal Zone\u003e on acpi0\natkbdc0: \u003cKeyboard controller (i8042)\u003e port 0x60,0x64 irq 1 on acpi0\natkbd0: \u003cAT Keyboard\u003e irq 1 on atkbdc0\nkbd0 at atkbd0\natkbd0: [GIANT-LOCKED]\npsm0: \u003cPS/2 Mouse\u003e irq 12 on atkbdc0\npsm0: [GIANT-LOCKED]\npsm0: model Generic PS/2 mouse, device ID 0\nbattery0: \u003cACPI Control Method Battery\u003e on acpi0\namdsbwd0: \u003cAMD SB8xx Watchdog Timer\u003e at iomem 0xfec000f0-0xfec000f3,0xfec000f4-0xfec000f7 on isa0\nppc0: cannot reserve I/O port range\nhwpstate0: \u003cCool`n'Quiet 2.0\u003e on cpu0\nrandom: unblocking device.\nusbus0: 12Mbps Full Speed USB v1.0\nfuse-freebsd: version 0.4.4, FUSE ABI 7.8\nTimecounters tick every 1.000 msec\nipfw2 (+ipv6) initialized, divert loadable, nat loadable, default to deny, logging disabled\nhdacc0: \u003cATI R6xx HDA CODEC\u003e at cad 0 on hdac0\nhdaa0: \u003cATI R6xx Audio Function Group\u003e at nid 1 on hdacc0\npcm0: \u003cATI R6xx (HDMI)\u003e at nid 3 on hdaa0\nhdacc1: \u003cRealtek ALC270 HDA CODEC\u003e at cad 0 on hdac1\nhdaa1: \u003cRealtek ALC270 Audio Function Group\u003e at nid 1 on hdacc1\npcm1: \u003cRealtek ALC270 (Analog 2.0+HP/2.0)\u003e at nid 20,33 and 24 on hdaa1\npcm2: \u003cRealtek ALC270 (Onboard Analog Mic)\u003e at nid 18 on hdaa1\nugen0.1: \u003cATI\u003e at usbus0\nuhub0: \u003cATI OHCI root HUB, class 9/0, rev 1.00/1.00, addr 1\u003e on usbus0\nusbus1: 480Mbps High Speed USB v2.0\nusbus2: 12Mbps Full Speed USB v1.0\nusbus3: 12Mbps Full Speed USB v1.0\nusbus4: 480Mbps High Speed USB v2.0\nugen4.1: \u003cATI\u003e at usbus4\nuhub1: \u003cATI EHCI root HUB, class 9/0, rev 2.00/1.00, addr 1\u003e on usbus4\nugen3.1: \u003cATI\u003e at usbus3\nuhub2: \u003cATI OHCI root HUB, class 9/0, rev 1.00/1.00, addr 1\u003e on usbus3\nugen2.1: \u003cATI\u003e at usbus2\nuhub3: \u003cATI OHCI root HUB, class 9/0, rev 1.00/1.00, addr 1\u003e on usbus2\nugen1.1: \u003cATI\u003e at usbus1\nuhub4: \u003cATI EHCI root HUB, class 9/0, rev 2.00/1.00, addr 1\u003e on usbus1\nada0 at ahcich0 bus 0 scbus0 target 0 lun 0\nada0: \u003cTOSHIBA MK3276GSX GS001C\u003e ATA8-ACS SATA 2.x device\nada0: Serial Number Y1J9C50MT\nada0: 300.000MB/s transfers (SATA 2.x, UDMA5, PIO 8192bytes)\nada0: Command Queueing enabled\nada0: 305245MB (625142448 512 byte sectors: 16H 18S/T 16383C)\nada0: Previously was known as ad4\ncd0 at ahcich1 bus 0 scbus1 target 0 lun 0\ncd0: \u003chp DVD A  DS8A8SH KH61\u003e Removable CD-ROM SCSI device\ncd0: Serial Number 696212041341\ncd0: 150.000MB/s transfers (SATA 1.x, UDMA5, ATAPI 12bytes, PIO 8192bytes)\ncd0: Attempt to query device size failed: NOT READY, Medium not present - tray closed\nSMP: AP CPU #1 Launched!\nTimecounter \"TSC\" frequency 1297265685 Hz quality 800\nuhub3: 2 ports with 2 removable, self powered\nuhub2: 4 ports with 4 removable, self powered\nuhub0: 5 ports with 5 removable, self powered\nGEOM_JOURNAL: Journal 4122145597: ada0s1a contains data.\nGEOM_JOURNAL: Journal 4122145597: ada0s1a contains journal.\nGEOM_JOURNAL: Journal ada0s1a clean.\nGEOM_JOURNAL: Journal 3177482727: ada0s1d contains data.\nGEOM_JOURNAL: Journal 3177482727: ada0s1d contains journal.\nGEOM_JOURNAL: Journal ada0s1d clean.\nGEOM_JOURNAL: Journal 1284059668: ada0s1e contains data.\nGEOM_JOURNAL: Journal 1284059668: ada0s1e contains journal.\nGEOM_JOURNAL: Journal ada0s1e clean.\nGEOM_JOURNAL: Journal 3655574912: ada0s1f contains data.\nGEOM_JOURNAL: Journal 3655574912: ada0s1f contains journal.\nGEOM_JOURNAL: Journal ada0s1f clean.\nTrying to mount root from ufs:/dev/ada0s1a.journal [rw,async]...\nugen2.2: \u003cvendor 0x03f0\u003e at usbus2\nuhub1: 4 ports with 4 removable, self powered\nuhub4: 5 ports with 5 removable, self powered\nugen4.2: \u003cHP Webcam-101\u003e at usbus4\nugen0.2: \u003cMicrosoft\u003e at usbus0\nwlan0: Ethernet address: 9c:b7:0d:f7:0e:2e\nums0: \u003cMicrosoft Basic Optical Mouse, class 0/0, rev 1.10/0.00, addr 2\u003e on usbus0\nums0: 3 buttons and [XYZ] coordinates ID=0\nre0: link state changed to DOWN\nre0: link state changed to UP\npid 1102 (firefox), uid 1001: exited on signal 10 (core dumped)\nugen1.2: \u003cSEMC\u003e at usbus1\numass0: \u003cSEMC SEMC HSUSB Device, class 0/0, rev 2.00/2.26, addr 2\u003e on usbus1\numass0:  SCSI over Bulk-Only; quirks = 0x4100\numass0:2:0:-1: Attached to scbus2\nda0 at umass-sim0 bus 0 scbus2 target 0 lun 0\nda0: \u003cSEMC Mass Storage 0100\u003e Removable Direct Access SPC-2 SCSI device\nda0: Serial Number 425839303336594C5433\nda0: 40.000MB/s transfers\nda0: Attempt to query device size failed: NOT READY, Medium not present\nda0: quirks=0x2\u003cNO_6_BYTE\u003e\npanic: stack overflow detected; backtrace may be corrupted\ncpuid = 0\nKDB: stack backtrace:\n#0 0xffffffff80984e30 at kdb_backtrace+0x60\n#1 0xffffffff809489e6 at vpanic+0x126\n#2 0xffffffff809488b3 at panic+0x43\n#3 0xffffffff80976462 at __stack_chk_fail+0x12\n#4 0xffffffff8083c652 at msdosfs_readdir+0x782\n#5 0xffffffff80e731c7 at VOP_READDIR_APV+0xa7\n#6 0xffffffff809f72bc at kern_getdirentries+0x21c\n#7 0xffffffff809f7078 at sys_getdirentries+0x28\n#8 0xffffffff80d4b3a7 at amd64_syscall+0x357"
}