{
 "id": 392734,
 "bug_id": 112680,
 "attachment_id": 0,
 "creation_time": "2007-05-15T10:30:03Z",
 "creator": "bcran@FreeBSD.org",
 "text": "Attempting to move files from an NTFS filesystem to UFS causes a panic.\n\npanic: System call rename returning with 1 locks held\ncpuid = 0\nKDB: enter: panic\n[thread pid 1394 tid 100082]\nStopped at kdb_enter+0x30: leave\n\nStack trace:\nkdb_enter\npanic\nsyscall\nXint0x80_syscall() at Xint0x80_syscall+0x20\n--- syscall (45, FreeBSD ELF32, ktrace), eip = 0x280d5dc7\n\ndmesg:\nCopyright (c) 1992-2007 The FreeBSD Project.\nCopyright (c) 1979, 1980, 1983, 1986, 1988, 1989, 1991, 1992, 1993, 1994\n\tThe Regents of the University of California. All rights reserved.\nFreeBSD is a registered trademark of The FreeBSD Foundation.\nFreeBSD 7.0-CURRENT #1: Fri May 11 02:23:32 BST 2007\n    brucec@neutrino.draftnet:/usr/obj/usr/src/sys/GENERIC\nWARNING: WITNESS option enabled, expect reduced performance.\nTimecounter \"i8254\" frequency 1193182 Hz quality 0\nCPU: AMD Athlon(TM) XP 2800+ (1668.71-MHz 686-class CPU)\n  Origin = \"AuthenticAMD\"  Id = 0x6a0  Stepping = 0\n  Features=0x383fbff\u003cFPU,VME,DE,PSE,TSC,MSR,PAE,MCE,CX8,APIC,SEP,MTRR,PGE,MCA,CMOV,PAT,PSE36,MMX,FXSR,SSE\u003e\n  AMD Features=0xc0400800\u003cSYSCALL,MMX+,3DNow!+,3DNow!\u003e\nreal memory  = 1073725440 (1023 MB)\navail memory = 1032949760 (985 MB)\nACPI APIC Table: \u003cASUS   A7V333  \u003e\nioapic0: Changing APIC ID to 2\nioapic0 \u003cVersion 0.2\u003e irqs 0-23 on motherboard\nkbd1 at kbdmux0\nath_hal: 0.9.20.3 (AR5210, AR5211, AR5212, RF5111, RF5112, RF2413, RF5413)\nacpi0: \u003cASUS A7V333\u003e on motherboard\nacpi0: [ITHREAD]\nacpi0: Power Button (fixed)\nacpi0: reservation of 0, a0000 (3) failed\nacpi0: reservation of 100000, 3ff00000 (3) failed\nTimecounter \"ACPI-fast\" frequency 3579545 Hz quality 1000\nacpi_timer0: \u003c32-bit timer at 3.579545MHz\u003e port 0xe408-0xe40b on acpi0\ncpu0: \u003cACPI CPU\u003e on acpi0\nacpi_button0: \u003cPower Button\u003e on acpi0\npcib0: \u003cACPI Host-PCI bridge\u003e port 0xcf8-0xcff on acpi0\npci0: \u003cACPI PCI bus\u003e on pcib0\nagp0: \u003cVIA 8367 (KT266/KY266x/KT333) host to PCI bridge\u003e on hostb0\npcib1: \u003cACPI PCI-PCI bridge\u003e at device 1.0 on pci0\npci1: \u003cACPI PCI bus\u003e on pcib1\nnvidia0: \u003cGeForce 7300 GT\u003e mem 0xde000000-0xdeffffff,0xe0000000-0xefffffff,0xdd000000-0xddffffff irq 16 at device 0.0 on pci1\nnvidia0: [GIANT-LOCKED]\nnvidia0: [ITHREAD]\natapci0: \u003cPromise PDC20276 UDMA133 controller\u003e port 0xd800-0xd807,0xd400-0xd403,0xd000-0xd007,0xb800-0xb803,0xb400-0xb40f mem 0xdc800000-0xdc803fff irq 19 at device 6.0 on pci0\natapci0: [ITHREAD]\nata2: \u003cATA channel 0\u003e on atapci0\nata2: [ITHREAD]\nata3: \u003cATA channel 1\u003e on atapci0\nata3: [ITHREAD]\nfwohci0: \u003cTexas Instruments TSB43AB22/A\u003e mem 0xdc000000-0xdc0007ff,0xdb800000-0xdb803fff irq 17 at device 7.0 on pci0\nfwohci0: [ITHREAD]\nfwohci0: OHCI version 1.10 (ROM=1)\nfwohci0: No. of Isochronous channels is 4.\nfwohci0: EUI64 00:e0:18:00:00:06:85:c3\nfwohci0: Phy 1394a available S400, 2 ports.\nfwohci0: Link S400, max_rec 2048 bytes.\nfirewire0: \u003cIEEE1394(FireWire) bus\u003e on fwohci0\nfwe0: \u003cEthernet over FireWire\u003e on firewire0\nif_fwe0: Fake Ethernet address: 02:e0:18:06:85:c3\nfwe0: Ethernet address: 02:e0:18:06:85:c3\nfwe0: if_start running deferred for Giant\nsbp0: \u003cSBP-2/SCSI over FireWire\u003e on firewire0\nfwohci0: Initiate bus reset\nfwohci0: BUS reset\nfwohci0: node_id=0xc800ffc0, gen=1, CYCLEMASTER mode\nfirewire0: 1 nodes, maxhop \u003c= 0, cable IRM = 0 (me)\nfirewire0: bus manager 0 (me)\nuhci0: \u003cVIA 83C572 USB controller\u003e port 0xb000-0xb01f irq 19 at device 9.0 on pci0\nuhci0: [GIANT-LOCKED]\nuhci0: [ITHREAD]\nusb0: \u003cVIA 83C572 USB controller\u003e on uhci0\nusb0: USB revision 1.0\nuhub0: \u003cVIA UHCI root hub, class 9/0, rev 1.00/1.00, addr 1\u003e on usb0\nuhub0: 2 ports with 2 removable, self powered\nuhci1: \u003cVIA 83C572 USB controller\u003e port 0xa800-0xa81f irq 16 at device 9.1 on pci0\nuhci1: [GIANT-LOCKED]\nuhci1: [ITHREAD]\nusb1: \u003cVIA 83C572 USB controller\u003e on uhci1\nusb1: USB revision 1.0\nuhub1: \u003cVIA UHCI root hub, class 9/0, rev 1.00/1.00, addr 1\u003e on usb1\nuhub1: 2 ports with 2 removable, self powered\nehci0: \u003cVIA VT6202 USB 2.0 controller\u003e mem 0xdb000000-0xdb0000ff irq 17 at device 9.2 on pci0\nehci0: [GIANT-LOCKED]\nehci0: [ITHREAD]\nusb2: EHCI version 0.95\nusb2: companion controllers, 2 ports each: usb0 usb1\nusb2: \u003cVIA VT6202 USB 2.0 controller\u003e on ehci0\nusb2: USB revision 2.0\nuhub2: \u003cVIA EHCI root hub, class 9/0, rev 2.00/1.00, addr 1\u003e on usb2\nuhub2: 4 ports with 4 removable, self powered\nsis0: \u003cNatSemi DP8381[56] 10/100BaseTX\u003e port 0xa400-0xa4ff mem 0xda800000-0xda800fff irq 19 at device 12.0 on pci0\nsis0: Silicon Revision: DP83815D\nmiibus0: \u003cMII bus\u003e on sis0\nukphy0: \u003cGeneric IEEE 802.3u media interface\u003e PHY 0 on miibus0\nukphy0:  10baseT, 10baseT-FDX, 100baseTX, 100baseTX-FDX, auto\nsis0: Ethernet address: 00:40:f4:57:98:71\nsis0: [ITHREAD]\nfwohci1: \u003cTexas Instruments TSB43AB23\u003e mem 0xda000000-0xda0007ff,0xd9800000-0xd9803fff irq 16 at device 13.0 on pci0\nfwohci1: [ITHREAD]\nfwohci1: OHCI version 1.10 (ROM=1)\nfwohci1: No. of Isochronous channels is 4.\nfwohci1: EUI64 00:d0:03:56:00:a6:7c:53\nfwohci1: Phy 1394a available S400, 3 ports.\nfwohci1: Link S400, max_rec 2048 bytes.\nfirewire1: \u003cIEEE1394(FireWire) bus\u003e on fwohci1\nfwe1: \u003cEthernet over FireWire\u003e on firewire1\nif_fwe1: Fake Ethernet address: 02:d0:03:a6:7c:53\nfwe1: Ethernet address: 02:d0:03:a6:7c:53\nfwe1: if_start running deferred for Giant\nsbp1: \u003cSBP-2/SCSI over FireWire\u003e on firewire1\nfwohci1: Initiate bus reset\nfwohci1: BUS reset\nfwohci1: node_id=0xc800ffc0, gen=1, CYCLEMASTER mode\nfirewire1: 1 nodes, maxhop \u003c= 0, cable IRM = 0 (me)\nfirewire1: bus manager 0 (me)\npcm0: \u003cCreative EMU10K1\u003e port 0xa000-0xa01f irq 17 at device 14.0 on pci0\npcm0: \u003cTriTech TR28602 AC97 Codec\u003e\npcm0: [ITHREAD]\natapci1: \u003cAcerLabs M5281 SATA150 controller\u003e port 0x9400-0x9407,0x9000-0x9003,0x8800-0x8807,0x8400-0x8403,0x8000-0x800f irq 19 at device 16.0 on pci0\natapci1: [ITHREAD]\nata4: \u003cATA channel 0\u003e on atapci1\nata4: [ITHREAD]\nata5: \u003cATA channel 1\u003e on atapci1\nata5: [ITHREAD]\npci0: \u003cmass storage\u003e at device 16.1 (no driver attached)\nisab0: \u003cPCI-ISA bridge\u003e at device 17.0 on pci0\nisa0: \u003cISA bus\u003e on isab0\natapci2: \u003cVIA 8233A UDMA133 controller\u003e port 0x1f0-0x1f7,0x3f6,0x170-0x177,0x376,0x6000-0x600f at device 17.1 on pci0\nata0: \u003cATA channel 0\u003e on atapci2\nata0: [ITHREAD]\nata1: \u003cATA channel 1\u003e on atapci2\nata1: [ITHREAD]\nuhci2: \u003cVIA 83C572 USB controller\u003e port 0x5800-0x581f at device 17.2 on pci0\nuhci2: [GIANT-LOCKED]\nuhci2: [ITHREAD]\nusb3: \u003cVIA 83C572 USB controller\u003e on uhci2\nusb3: USB revision 1.0\nuhub3: \u003cVIA UHCI root hub, class 9/0, rev 1.00/1.00, addr 1\u003e on usb3\nuhub3: 2 ports with 2 removable, self powered\nuhci3: \u003cVIA 83C572 USB controller\u003e port 0x5400-0x541f irq 21 at device 17.3 on pci0\nuhci3: [GIANT-LOCKED]\nuhci3: [ITHREAD]\nusb4: \u003cVIA 83C572 USB controller\u003e on uhci3\nusb4: USB revision 1.0\nuhub4: \u003cVIA UHCI root hub, class 9/0, rev 1.00/1.00, addr 1\u003e on usb4\nuhub4: 2 ports with 2 removable, self powered\nfdc0: \u003cfloppy drive controller\u003e port 0x3f2-0x3f5,0x3f7 irq 6 drq 2 on acpi0\nfdc0: [FILTER]\nfd0: \u003c1440-KB 3.5\" drive\u003e on fdc0 drive 0\nsio0: \u003c16550A-compatible COM port\u003e port 0x3f8-0x3ff irq 4 flags 0x10 on acpi0\nsio0: type 16550A\nsio0: [FILTER]\nsio1: \u003c16550A-compatible COM port\u003e port 0x2f8-0x2ff irq 3 on acpi0\nsio1: type 16550A\nsio1: [FILTER]\npmtimer0 on isa0\norm0: \u003cISA Option ROM\u003e at iomem 0xd0000-0xd3fff pnpid ORM0000 on isa0\natkbdc0: \u003cKeyboard controller (i8042)\u003e at port 0x60,0x64 on isa0\natkbd0: \u003cAT Keyboard\u003e irq 1 on atkbdc0\nkbd0 at atkbd0\natkbd0: [GIANT-LOCKED]\natkbd0: [ITHREAD]\nppc0: \u003cParallel port\u003e at port 0x378-0x37f irq 7 on isa0\nppc0: SMC-like chipset (ECP/EPP/PS2/NIBBLE) in COMPATIBLE mode\nppc0: FIFO with 16/16/9 bytes threshold\nppbus0: \u003cParallel port bus\u003e on ppc0\nppi0: \u003cParallel I/O\u003e on ppbus0\nplip0: \u003cPLIP network interface\u003e on ppbus0\nlpt0: \u003cPrinter\u003e on ppbus0\nlpt0: Interrupt-driven port\nppc0: [GIANT-LOCKED]\nppc0: [ITHREAD]\nsc0: \u003cSystem console\u003e at flags 0x100 on isa0\nsc0: VGA \u003c16 virtual consoles, flags=0x300\u003e\nvga0: \u003cGeneric ISA VGA\u003e at port 0x3c0-0x3df iomem 0xa0000-0xbffff on isa0\nums0: \u003cvendor 0x1241 product 0x1122, class 0/0, rev 1.00/1.00, addr 2\u003e on uhub3\nums0: 5 buttons and Z dir.\nukbd0: \u003cvendor 0x1241 USB Keyboard, class 0/0, rev 1.10/2.80, addr 3\u003e on uhub3\nkbd2 at ukbd0\nuhid0: \u003cvendor 0x1241 USB Keyboard, class 0/0, rev 1.10/2.80, addr 3\u003e on uhub3\nTimecounter \"TSC\" frequency 1668712249 Hz quality 800\nTimecounters tick every 1.000 msec\nad0: 76319MB \u003cWDC WD800BB-00CAA1 17.07W17\u003e at ata0-master UDMA100\nad1: 58644MB \u003cIC35L060AVER07 0 ER6OA46A\u003e at ata0-slave UDMA100\nad2: 78167MB \u003cMaxtor 6Y080L0 YAR41BW0\u003e at ata1-master UDMA133\nacd0: DVDR \u003cHL-DT-ST DVDRAM GSA-4163B/A104\u003e at ata1-slave UDMA33\nad8: 239372MB \u003cMaxtor 6V250F0 VA111630\u003e at ata4-master SATA150\nGEOM_LABEL: Label for provider acd0 is iso9660/FIREFLY_D4.\nGEOM_LABEL: Label for provider ad2s1 is ntfs/Stuff.\nGEOM_LABEL: Label for provider ad8s1 is ntfs/Data.\nTrying to mount root from ufs:/dev/ad0s1a\nWARNING: / was not properly dismounted\nsis0: Applying short cable fix (reg=f0)\nsis0: Applying short cable fix (reg=e8)\nsis0: Applying short cable fix (reg=e8)\nsis0: Applying short cable fix (reg=e8)\n\nFix: \n\nSince it's not possible to remove files from an NTFS volume due to restrictions on writing to NTFS, don't try to move files from the filesystem.\nHow-To-Repeat: kldload ntfs\nmount -t ntfs /dev/ad2s1 /mnt\ncd /mnt\nmv -iv * ~/data"
}