{
 "id": 988183,
 "bug_id": 227648,
 "attachment_id": 0,
 "creation_time": "2018-04-19T22:27:14Z",
 "creator": "dev.madaari@gmail.com",
 "text": "## Starting application at 0x82000000 ...                                       \nConsoles: U-Boot console                                                        \nCompatible U-Boot API signature found @0x9df30c58                               \n                                                                                \nFreeBSD/armv6 U-Boot loader, Revision 1.2                                       \n(Sun Apr 15 12:02:37 UTC 2018 root@rtemsbuild1)                                 \n                                                                                \nDRAM: 512MB                                                                     \nNumber of U-Boot devices: 3                                                     \nU-Boot env: loaderdev not set, will probe all devices.                          \nFound U-Boot device: disk                                                       \n  Probing all disk devices...                                                   \n  Checking unit=0 slice=\u003cauto\u003e partition=\u003cauto\u003e... good.                        \nBooting from disk0s2a:                                                          \nEFI boot environment                                                            \nLoading /boot/defaults/loader.conf                                              \n/boot/kernel/kernel data=0x6ef34c+0x1a0cb4 syms=[0x4+0x74df0+0x4+0xaa017]       \n\\                                                                               \nHit [Enter] to boot immediately, or any other key for command prompt.           \nBooting [/boot/kernel/kernel]...                                                \n/boot/dtb/am335x-boneblack.dtb size=0xc8b3                                      \nLoaded DTB from file 'am335x-boneblack.dtb'.                                    \nKernel entry at 0x82200100...                                                   \nKernel args: (null)                                                             \nARM Debug Architecture not supported                                            \nKDB: debugger backends: ddb                                                     \nKDB: current backend: ddb                                                       \nCopyright (c) 1992-2018 The FreeBSD Project.                                    \nCopyright (c) 1979, 1980, 1983, 1986, 1988, 1989, 1991, 1992, 1993, 1994        \n        The Regents of the University of California. All rights reserved.       \nFreeBSD is a registered trademark of The FreeBSD Foundation.                    \nFreeBSD 12.0-CURRENT #0 5c64b878fab(master): Sun Apr 15 12:31:31 UTC 2018       \n    root@rtemsbuild1:/BBB/obj/BBB/src/arm.armv6/sys/BEAGLEBONE-MMCCAM arm       \nFreeBSD clang version 6.0.0 (tags/RELEASE_600/final 326565) (based on LLVM 6.0.)\nWARNING: WITNESS option enabled, expect reduced performance.                    \nVT: init without driver.                                                        \nCPU: ARM Cortex-A8 r3p2 (ECO: 0x00000000)                                       \nCPU Features:                                                                   \n  Thumb2, Security, VMSAv7                                                      \nOptional instructions:                                                          \n  UMULL, SMULL, SIMD(ext)                                                       \nLoUU:2 LoC:3 LoUIS:1                                                            \nCache level 1:                                                                  \n 32KB/64B 4-way data cache WT WB Read-Alloc                                     \n 32KB/64B 4-way instruction cache Read-Alloc                                    \nCache level 2:                                                                  \n 256KB/64B 8-way unified cache WT WB Read-Alloc Write-Alloc                     \nreal memory  = 536870912 (512 MB)                                               \navail memory = 510996480 (487 MB)                                               \nTexas Instruments AM335x Processor, Revision ES2.1                              \narc4random: no preloaded entropy cache                                          \nrandom: entropy device external interface                                       \nkbd0 at kbdmux0                                                                 \nofwbus0: \u003cOpen Firmware Device Tree\u003e                                            \nsimplebus0: \u003cFlattened device tree simple bus\u003e on ofwbus0                       \nsimplebus1: \u003cFlattened device tree simple bus\u003e on simplebus0                    \nsimplebus2: \u003cFlattened device tree simple bus\u003e mem 0x210000-0x211fff on simpleb1\nti_scm0: \u003cTI Control Module\u003e mem 0-0x7ff on simplebus2                          \nti_aintc0: \u003cTI AINTC Interrupt Controller\u003e mem 0x48200000-0x48200fff on simpleb0\nti_aintc0: Revision 5.0                                                         \nam335x_prcm0: \u003cAM335x Power and Clock Management\u003e mem 0x200000-0x203fff on simp1\nam335x_prcm0: Clocks: System 24.0 MHz, CPU 1000 MHz                             \ncpulist0: \u003cOpen Firmware CPU Group\u003e on ofwbus0                                  \ncpu0: \u003cOpen Firmware CPU\u003e on cpulist0                                           \npmu0: \u003cPerformance Monitoring Unit\u003e mem 0x4b000000-0x4bffffff irq 0 on ofwbus0  \nti_pinmux0: \u003cTI Pinmux Module\u003e mem 0x800-0xa37 on simplebus2                    \nam335x_scm0: \u003cAM335x Control Module Extension\u003e on ti_scm0                       \ngpio0: \u003cTI AM335x General Purpose I/O (GPIO)\u003e mem 0x44e07000-0x44e07fff irq 7 o0\ngpiobus0: \u003cOFW GPIO bus\u003e on gpio0                                               \ngpioc0: \u003cGPIO controller\u003e on gpio0                                              \ngpio1: \u003cTI AM335x General Purpose I/O (GPIO)\u003e mem 0x4804c000-0x4804cfff irq 8 o0\ngpiobus1: \u003cOFW GPIO bus\u003e on gpio1                                               \ngpioc1: \u003cGPIO controller\u003e on gpio1                                              \ngpio2: \u003cTI AM335x General Purpose I/O (GPIO)\u003e mem 0x481ac000-0x481acfff irq 9 o0\ngpiobus2: \u003cOFW GPIO bus\u003e on gpio2                                               \ngpioc2: \u003cGPIO controller\u003e on gpio2                                              \ngpio3: \u003cTI AM335x General Purpose I/O (GPIO)\u003e mem 0x481ae000-0x481aefff irq 10 0\ngpiobus3: \u003cOFW GPIO bus\u003e on gpio3                                               \ngpioc3: \u003cGPIO controller\u003e on gpio3                                              \n��uart0: \u003cTI UART (16550 compatible)\u003e mem 0x44e09000-0x44e0afff irq 11 on simpl0\nuart0: console (115384,n,8,1)                                                   \niichb0: \u003cTI I2C Controller\u003e mem 0x44e0b000-0x44e0bfff irq 17 on simplebus0      \niichb0: I2C revision 4.0 FIFO size: 32 bytes                                    \niichb1: \u003cTI I2C Controller\u003e mem 0x4819c000-0x4819cfff irq 19 on simplebus0      \niichb1: I2C revision 4.0 FIFO size: 32 bytes                                    \nsdhci_ti0: \u003cTI MMCHS (SDHCI 2.0)\u003e mem 0x48060000-0x48060fff irq 20 on simplebus0\nsdhci_ti0: Custom-disabling 8-bit bus                                           \nmmc_alloc_device()                                                              \nsdhci_ti1: \u003cTI MMCHS (SDHCI 2.0)\u003e mem 0x481d8000-0x481d8fff irq 21 on simplebus0\nsdhci_ti1: Custom-disabling 8-bit bus                                           \nmmc_alloc_device()                                                              \nti_wdt0: \u003cTI Watchdog Timer\u003e mem 0x44e35000-0x44e35fff irq 23 on simplebus0     \nti_mbox0: \u003cTI System Mailbox\u003e mem 0x480c8000-0x480c81ff irq 26 on simplebus0    \nti_mbox0: revision 4.0                                                          \nam335x_dmtimer0: \u003cAM335x DMTimer2\u003e mem 0x48040000-0x480403ff irq 28 on simplebu0\nEvent timer \"DMTimer2\" frequency 24000000 Hz quality 500                        \nam335x_dmtimer1: \u003cAM335x DMTimer3\u003e mem 0x48042000-0x480423ff irq 29 on simplebu0\nTimecounter \"DMTimer3\" frequency 24000000 Hz quality 500                        \nam335x_rtc0: \u003cAM335x RTC (power management mode)\u003e mem 0x44e3e000-0x44e3efff irq0\nam335x_rtc0: AM335X RTC v1.0.6                                                  \nusbss0: \u003cTI AM33xx integrated USB OTG controller\u003e mem 0x47400000-0x47400fff on 0\nusbss0: TI AM335X USBSS v0.0.13                                                 \nmusbotg0: \u003cTI AM33xx integrated USB OTG controller\u003e mem 0x47401400-0x474017ff,00\nusbus0: Dynamic FIFO sizing detected, assuming 16Kbytes of FIFO RAM             \nusbus0 on musbotg0                                                              \nmusbotg1: \u003cTI AM33xx integrated USB OTG controller\u003e mem 0x47401c00-0x47401fff,00\nusbus1: Dynamic FIFO sizing detected, assuming 16Kbytes of FIFO RAM             \nusbus1 on musbotg1                                                              \ncpswss0: \u003c3-port Switch Ethernet Subsystem\u003e mem 0x4a100000-0x4a1007ff,0x4a101200\ncpswss0: CPSW SS Version 1.12 (0)                                               \ncpswss0: Initial queue size TX=128 RX=384                                       \ncpsw0: \u003cEthernet Switch Port\u003e on cpswss0                                        \nmiibus0: \u003cMII bus\u003e on cpsw0                                                     \nsmscphy0: \u003cSMC LAN8710A 10/100 interface\u003e PHY 0 on miibus0                      \nsmscphy0:  10baseT, 10baseT-FDX, 100baseTX, 100baseTX-FDX, auto                 \ncpsw0: Ethernet address: 68:9e:19:6f:38:cd                                      \nfb0: \u003cAM335x LCD controller\u003e mem 0x4830e000-0x4830efff irq 43 on simplebus0     \nti_adc0: \u003cTI ADC controller\u003e mem 0x44e0d000-0x44e0dfff irq 44 disabled on simpl0\nti_adc0: scheme: 0x1 func: 0x730 rtl: 0 rev: 0.1 custom rev: 0                  \ngpioled0: \u003cGPIO LEDs\u003e on ofwbus0                                                \ncryptosoft0: \u003csoftware crypto\u003e                                                  \nTimecounters tick every 1.000 msec                                              \niicbus0: \u003cOFW I2C bus\u003e on iichb0                                                \niic0: \u003cI2C generic I/O\u003e on iicbus0                                              \nam335x_pmic0: \u003cTI TPS65217 Power Management IC\u003e at addr 0x48 irq 58 on iicbus0  \niicbus0: \u003cunknown card\u003e at addr 0xa0                                            \ntda0 at addr 0xe0 on iicbus0                                                    \niicbus1: \u003cOFW I2C bus\u003e on iichb1                                                \niic1: \u003cI2C generic I/O\u003e on iicbus1                                              \niicbus1: \u003cunknown card\u003e at addr 0xa8                                            \niicbus1: \u003cunknown card\u003e at addr 0xaa                                            \niicbus1: \u003cunknown card\u003e at addr 0xac                                            \niicbus1: \u003cunknown card\u003e at addr 0xae                                            \n(noperiph:sdhci_slot0:0:-1:ffffffff): xpt_async(AC_PATH_REGISTERED)             \nmmc_dev_async(async_code=0x20, path_id=0, target_id=0, lun_id=0                 \nGot AC_PATH_REGISTERED -- whatever...                                           \nmmc_dev_async(async_code=0x20, path_id=0, target_id=ffffffff, lun_id=ffffffff   \n(noperiph:sdhci_slot1:0:-1:ffffffff): xpt_async(AC_PATH_REGISTERED)             \nmmc_dev_async(async_code=0x20, path_id=1, target_id=0, lun_id=0                 \nGot AC_PATH_REGISTERED -- whatever...                                           \nmmc_dev_async(async_code=0x20, path_id=1, target_id=ffffffff, lun_id=ffffffff   \nusbus0: 480Mbps High Speed USB v2.0                                             \nusbus1: 480Mbps High Speed USB v2.0                                             \n(noperiph:sdhci_slot0:0:-1:ffffffff): XPT_SCAN_{BUS,TGT,LUN}                    \nKernel page fault with the following non-sleepable locks held:                  \nexclusive sleep mutex CAM device lock (CAM device lock) r = 0 (0xc30e1464) lock2\nstack backtrace:                                                                \nFatal kernel mode data abort: 'Translation Fault (L1)' on read                  \ntrapframe: 0xd0dc0ac0                                                           \nFSR=00000005, FAR=00000010, spsr=60000013                                       \nr0 =00000061, r1 =00000188, r2 =d0dc0a8c, r3 =60000013                          \nr4 =c30e0000, r5 =c30dec40, r6 =00000000, r7 =d0dc0b68                          \nr8 =c086f528, r9 =c068f050, r10=00000000, r11=d0dc0d10                          \nr12=00000062, ssp=d0dc0b50, slr=c002b77c, pc =c002b5c0                          \n                                                                                \n[ thread pid 4 tid 100048 ]                                                     \nStopped at      mmc_action+0x94:        ldr     r6, [r6, #0x010]                \ndb\u003e"
}