{
 "id": 882330,
 "bug_id": 210106,
 "attachment_id": 0,
 "creation_time": "2016-06-07T16:47:45Z",
 "creator": "luciano@vespaperitivo.it",
 "text": "The system hangs during the boot:\n\nOK boot -v\nBooting...\nKernel entry at 0x1024f0 ...\nKDB: debugger backends: ddb\nKDB: current backend: ddb\nCopyright (c) 1992-2016 The FreeBSD Project.\nCopyright (c) 1979, 1980, 1983, 1986, 1988, 1989, 1991, 1992, 1993, 1994\n\tThe Regents of the University of California. All rights reserved.\nFreeBSD is a registered trademark of The FreeBSD Foundation.\nFreeBSD 11.0-ALPHA2 #0 r301230: Fri Jun  3 07:51:47 UTC 2016\n    root@releng2.nyi.freebsd.org:/usr/obj/powerpc.powerpc64/usr/src/sys/GENERIC64 powerpc\ngcc version 4.2.1 20070831 patched [FreeBSD]\nWARNING: WITNESS option enabled, expect reduced performance.\nVT: init without driver.\nPreloaded elf kernel \"/boot/kernel/kernel\" at 0x1656000.\ncpu0: IBM POWER8E revision 2.1, 3425.00 MHz\ncpu0: Features dc005180\u003cPPC32,PPC64,ALTIVEC,FPU,MMU,SMT,ARCH205,ARCH206,VSX\u003e\ncpu0: Features2 c2000000\u003cARCH207,HTM,VCRYPTO\u003e\nreal memory  = 2110451712 (2012 MB)\navailable KVA = 7650267135 (7295 MB)\nPhysical memory chunk(s):\n0x0000000000025000 - 0x00000000000fffff, 897024 bytes (219 pages)\n0x0000000001c40000 - 0x0000000001c3ffff, 0 bytes (0 pages)\n0x0000000003a49000 - 0x000000007ae67fff, 2000809984 bytes (488479 pages)\n0x000000007ffa0000 - 0x000000007ffaffff, 65536 bytes (16 pages)\n0x000000007ffb5000 - 0x000000007ffeffff, 241664 bytes (59 pages)\n0x000000007fff1000 - 0x000000007fffffff, 61440 bytes (15 pages)\n0x0000000001658000 - 0x0000000001bfffff, 5931008 bytes (1448 pages)\navail memory = 1989722112 (1897 MB)\nFreeBSD/SMP: Multiprocessor System Detected: 6 CPUs\ncpu0: dev=7e5e00b8 (BSP)\nULE: setup cpu 0\nrandom: entropy device external interface\nsnd_unit_init() u=0x00ff8000 [512] d=0x00007c00 [32] c=0x000003ff [1024]\nfeeder_register: snd_unit=-1 snd_maxautovchans=16 latency=5 feeder_rate_min=1 feeder_rate_max=2016000 feeder_rate_round=25\nfirmware: 'isp_1040' version 1: 22944 bytes loaded at 0xc54204\nfirmware: 'isp_1080' version 1: 31350 bytes loaded at 0xc59ba4\nfirmware: 'isp_12160' version 1: 28050 bytes loaded at 0xc6161a\nfirmware: 'isp_2100' version 1: 76770 bytes loaded at 0xc683ac\nfirmware: 'isp_2200' version 1: 84566 bytes loaded at 0xc7af8e\nfirmware: 'isp_2300' version 1: 125252 bytes loaded at 0xc8f9e4\nfirmware: 'isp_2322' version 1: 120814 bytes loaded at 0xcae328\nfirmware: 'isp_2400' version 1: 204384 bytes loaded at 0xccf690\nfirmware: 'isp_2500' version 1: 223908 bytes loaded at 0xd0f0c0\nkbd0 at kbdmux0\nmem: \u003cmemory\u003e\nnfslock: pseudo-device\nnull: \u003cfull device, null device, zero device\u003e\nopenfirm: \u003cOpen Firmware control device\u003e\nrandom: harvesting attach, 8 bytes (4 bits) from nexus0\nofwbus0: \u003cOpen Firmware Device Tree\u003e on nexus0\nrandom: harvesting attach, 8 bytes (4 bits) from ofwbus0\nxicp0: \u003cPAPR virtual interrupt controller\u003e on ofwbus0\nrandom: harvesting attach, 8 bytes (4 bits) from xicp0\ncpulist0: \u003cOpen Firmware CPU Group\u003e on ofwbus0\ncpu0: \u003cOpen Firmware CPU\u003e on cpulist0\nrandom: harvesting attach, 8 bytes (4 bits) from cpu0\ncpu1: \u003cOpen Firmware CPU\u003e on cpulist0\nrandom: harvesting attach, 8 bytes (4 bits) from cpu1\ncpu2: \u003cOpen Firmware CPU\u003e on cpulist0\nrandom: harvesting attach, 8 bytes (4 bits) from cpu2\ncpu3: \u003cOpen Firmware CPU\u003e on cpulist0\nrandom: harvesting attach, 8 bytes (4 bits) from cpu3\ncpu4: \u003cOpen Firmware CPU\u003e on cpulist0\nrandom: harvesting attach, 8 bytes (4 bits) from cpu4\ncpu5: \u003cOpen Firmware CPU\u003e on cpulist0\nrandom: harvesting attach, 8 bytes (4 bits) from cpu5\nrandom: harvesting attach, 8 bytes (4 bits) from cpulist0\npcib0: \u003cRTAS Host-PCI bridge\u003e on ofwbus0\npci0: \u003cPOWER Hypervisor PCI bus\u003e on pcib0\npci0: domain=0, physical bus=0\nfound-\u003e\tvendor=0x1af4, dev=0x1002, revid=0x00\n\tdomain=0, bus=0, slot=3, func=0\n\tclass=00-ff-00, hdrtype=0x00, mfdev=0\n\tcmdreg=0x0100, statreg=0x0000, cachelnsz=0 (dwords)\n\tlattimer=0x00 (0 ns), mingnt=0x00 (0 ns), maxlat=0x00 (0 ns)\n\tintpin=a, irq=0\n\tmap[10]: type I/O Port, range 32, base 0x20, size  5, port disabled\nfound-\u003e\tvendor=0x106b, dev=0x003f, revid=0x00\n\tdomain=0, bus=0, slot=2, func=0\n\tclass=0c-03-10, hdrtype=0x00, mfdev=0\n\tcmdreg=0x0106, statreg=0x0000, cachelnsz=0 (dwords)\n\tlattimer=0x00 (0 ns), mingnt=0x00 (0 ns), maxlat=0x00 (0 ns)\n\tintpin=a, irq=0\n\tmap[10]: type Memory, range 32, base 0xc0000000, size  8, enabled\nfound-\u003e\tvendor=0x10ec, dev=0x8139, revid=0x20\n\tdomain=0, bus=0, slot=1, func=0\n\tclass=02-00-00, hdrtype=0x00, mfdev=0\n\tcmdreg=0x0100, statreg=0x0000, cachelnsz=0 (dwords)\n\tlattimer=0x00 (0 ns), mingnt=0x00 (0 ns), maxlat=0x00 (0 ns)\n\tintpin=a, irq=0\n\tmap[10]: type I/O Port, range 32, base 0x100, size  8, port disabled\n\tmap[14]: type Memory, range 32, base 0xc0000100, size  8, memory disabled\npci0: \u003cold\u003e at device 3.0 (no driver attached)\nohci0: \u003cApple KeyLargo/Intrepid USB controller\u003e mem 0xc0000000-0xc00000ff irq 4100 at device 2.0 on pci0\nohci0: Mapping IOMMU domain 0x80000000\nofw_pci mapdev: start 100e0000000, len 256\nusbus0 on ohci0\nohci0: usbpf: Attached\nrandom: harvesting attach, 8 bytes (4 bits) from usbus0\nrandom: harvesting attach, 8 bytes (4 bits) from ohci0\nre0: \u003cRealTek 8139C+ 10/100BaseTX\u003e port 0x100-0x1ff mem 0xc0000100-0xc00001ff irq 4099 at device 1.0 on pci0\nofw_pci mapdev: start 100e0000100, len 256\nre0: MSI count : 0\nre0: MSI-X count : 0\nre0: Chip rev. 0x74800000\nre0: MAC rev. 0x00000000\nre0: Mapping IOMMU domain 0x80000000\nmiibus0: \u003cMII bus\u003e on re0\nrlphy0: \u003cRealTek internal media interface\u003e PHY 0 on miibus0\nrlphy0: OUI 0x000000, model 0x0000, rev. 0\nrlphy0:  10baseT, 10baseT-FDX, 100baseTX, 100baseTX-FDX, auto, auto-flow\nrandom: harvesting attach, 8 bytes (4 bits) from rlphy0\nrandom: harvesting attach, 8 bytes (4 bits) from miibus0\nre0: Using defaults for TSO: 65518/35/2048\nre0: bpf attached\nre0: Ethernet address: 52:54:00:1a:cd:48\nrandom: harvesting attach, 8 bytes (4 bits) from re0\nrandom: harvesting attach, 8 bytes (4 bits) from pci0\nrandom: harvesting attach, 8 bytes (4 bits) from pcib0\nrtas0: \u003cRun-Time Abstraction Services\u003e on ofwbus0\nrtas0: registered as a time-of-day clock (resolution 2000us, adjustment 0.001000000s)\nrandom: harvesting attach, 8 bytes (4 bits) from rtas0\nvdevice0: \u003cPOWER Hypervisor Virtual Device Root\u003e on ofwbus0\nvscsi0: \u003cPOWER Hypervisor Virtual SCSI Bus\u003e irq 16781319 on vdevice0\nvscsi0: Mapping IOMMU domain 0x2000\nvscsi0: Queue depth 22 commands\nrandom: harvesting attach, 8 bytes (4 bits) from vscsi0\nuart0: \u003cPOWER Hypervisor Virtual Serial Port\u003e irq 16781320 on vdevice0\nrandom: harvesting attach, 8 bytes (4 bits) from uart0\nrandom: harvesting attach, 8 bytes (4 bits) from vdevice0\nofwbus0: \u003chypervisor\u003e compat linux,kvm (no driver attached)\nprocfs registered\nTimecounter \"timebase\" frequency 512000000 Hz quality 0\nEvent timer \"decrementer\" frequency 512000000 Hz quality 1000\nTimecounters tick every 1.000 msec\nvlan: initialized, using hash tables with chaining\ntcp_init: net.inet.tcp.tcbhashsize auto tuned to 16384\nlo0: bpf attached\nusbus0: 12Mbps Full Speed USB v1.0\n(probe0:vscsi0:0:0:0): Down reving Protocol Version from 6 to 5?\nugen0.1: \u003cApple\u003e at usbus0\nuhub0: \u003cApple OHCI root HUB, class 9/0, rev 1.00/1.00, addr 1\u003e on usbus0\n(probe0:vscsi0:0:0:2): Down reving Protocol Version from 6 to 5?\n(probe0:vscsi0:0:0:1): Down reving Protocol Version from 6 to 5?\npass0 at vscsi0 bus 0 scbus0 target 0 lun 0\npass0: \u003cQEMU QEMU TARGET 2.3\u003e Fixed Uninstalled SPC-3 SCSI device (offline)\npass0: 150.000MB/s transfers\npass1 at vscsi0 bus 0 scbus0 target 0 lun 1\npass1: \u003cQEMU QEMU CD-ROM 2.3.\u003e Removable CD-ROM SPC-3 SCSI device\npass1: 150.000MB/s transfers\npass2 at vscsi0 bus 0 scbus0 target 0 lun 2\npass2: \u003cQEMU QEMU HARDDISK 2.3.\u003e Fixed Direct Access SPC-3 SCSI device\npass2: 150.000MB/s transfers\ncd0 at vscsi0 bus 0 scbus0 target 0 lun 1\ncd0: \u003cQEMU QEMU CD-ROM 2.3.\u003e Removable CD-ROM SPC-3 SCSI device\ncd0: 150.000MB/s transfers\ncd0: 695MB (356002 2048 byte sectors)\nda0 at vscsi0 bus 0 scbus0 target 0 lun 2\nda0: \u003cQEMU QEMU HARDDISK 2.3.\u003e Fixed Direct Access SPC-3 SCSI device\nda0: 150.000MB/s transfers\nda0: 20480MB (41943040 512 byte sectors)\nAdding CPU 0, pir=28, awake=1\nWaking up CPU 8 (dev=7e5e08d8)\nAdding CPU 8, pir=20, awake=1\nWaking up CPU 16 (dev=7e5e10f8)\nAdding CPU 16, pir=20, awake=1\nWaking up CPU 24 (dev=7e5e1918)\nAdding CPU 24, pir=20, awake=1\nWaking up CPU 32 (dev=7e5e2138)\nAdding CPU 32, pir=20, awake=1\nWaking up CPU 40 (dev=7e5e2958)\nAdding CPU 40, pir=20, awake=1\nSMP: AP CPU #8 launched\nSMP: AP CPU #32 launched\nSMP: AP CPU #16 launched\nSMP: AP CPU #24 launched\nSMP: AP CPU #40 launched\n\nand freezes with the allocated cpus at 100%"
}