{
 "id": 1187841,
 "bug_id": 260014,
 "attachment_id": 0,
 "creation_time": "2021-11-24T14:45:49Z",
 "creator": "marko.cupac@mimar.rs",
 "text": "I have just updated to stable/13-n248215-c8c2d908dd4, rebuilt world and kernel and the problem persists.\n\nHere's dmesg:\n\n---\u003c\u003cBOOT\u003e\u003e---\nCopyright (c) 1992-2021 The FreeBSD Project.\nCopyright (c) 1979, 1980, 1983, 1986, 1988, 1989, 1991, 1992, 1993, 1994\n\tThe Regents of the University of California. All rights reserved.\nFreeBSD is a registered trademark of The FreeBSD Foundation.\nFreeBSD 13.0-STABLE #0 stable/13-n248215-c8c2d908dd4: Wed Nov 24 14:24:30 CET 2021\n    root@sanri:/usr/obj/usr/src/amd64.amd64/sys/GENERIC amd64\nFreeBSD clang version 12.0.1 (git@github.com:llvm/llvm-project.git llvmorg-12.0.1-0-gfed41342a82f)\nVT(efifb): resolution 1920x1080\nCPU: AMD Ryzen 7 PRO 4750U with Radeon Graphics (1696.85-MHz K8-class CPU)\n  Origin=\"AuthenticAMD\"  Id=0x860f01  Family=0x17  Model=0x60  Stepping=1\n  Features=0x178bfbff\u003cFPU,VME,DE,PSE,TSC,MSR,PAE,MCE,CX8,APIC,SEP,MTRR,PGE,MCA,CMOV,PAT,PSE36,CLFLUSH,MMX,FXSR,SSE,SSE2,HTT\u003e\n  Features2=0x7ed8320b\u003cSSE3,PCLMULQDQ,MON,SSSE3,FMA,CX16,SSE4.1,SSE4.2,MOVBE,POPCNT,AESNI,XSAVE,OSXSAVE,AVX,F16C,RDRAND\u003e\n  AMD Features=0x2e500800\u003cSYSCALL,NX,MMX+,FFXSR,Page1GB,RDTSCP,LM\u003e\n  AMD Features2=0x75c237ff\u003cLAHF,CMP,SVM,ExtAPIC,CR8,ABM,SSE4A,MAS,Prefetch,OSVW,IBS,SKINIT,WDT,TCE,Topology,PCXC,PNXC,DBE,PL2I,MWAITX,ADMSKX\u003e\n  Structured Extended Features=0x219c91a9\u003cFSGSBASE,BMI1,AVX2,SMEP,BMI2,PQM,PQE,RDSEED,ADX,SMAP,CLFLUSHOPT,CLWB,SHA\u003e\n  Structured Extended Features2=0x400004\u003cUMIP,RDPID\u003e\n  XSAVE Features=0xf\u003cXSAVEOPT,XSAVEC,XINUSE,XSAVES\u003e\n  AMD Extended Feature Extensions ID EBX=0x90cf757\u003cCLZERO,IRPerf,XSaveErPtr,RDPRU,MCOMMIT,WBNOINVD,IBPB,IBRS,STIBP,PREFER_IBRS,SSBD\u003e\n  SVM: NP,NRIP,VClean,AFlush,DAssist,NAsids=32768\n  TSC: P-state invariant, performance statistics\nreal memory  = 17179869184 (16384 MB)\navail memory = 15814139904 (15081 MB)\nEvent timer \"LAPIC\" quality 600\nACPI APIC Table: \u003cLENOVO TP-R1B  \u003e\nFreeBSD/SMP: Multiprocessor System Detected: 16 CPUs\nFreeBSD/SMP: 1 package(s) x 2 cache groups x 4 core(s) x 2 hardware threads\nrandom: registering fast source Intel Secure Key RNG\nrandom: fast provider: \"Intel Secure Key RNG\"\nrandom: unblocking device.\nioapic0 \u003cVersion 2.1\u003e irqs 0-23\nioapic1 \u003cVersion 2.1\u003e irqs 24-55\nLaunching APs: 13 1 12 11 5 10 14 7 15 8 3 9 4 2 6\nTimecounter \"TSC\" frequency 1696847843 Hz quality 1000\nCuse v0.1.36 @ /dev/cuse\nrandom: entropy device external interface\nkbd1 at kbdmux0\nefirtc0: \u003cEFI Realtime Clock\u003e\nefirtc0: registered as a time-of-day clock, resolution 1.000000s\naesni0: \u003cAES-CBC,AES-CCM,AES-GCM,AES-ICM,AES-XTS,SHA1,SHA256\u003e\nacpi0: \u003cLENOVO TP-R1B\u003e\nacpi0: Power Button (fixed)\natrtc0: \u003cAT realtime clock\u003e port 0x70-0x71 on acpi0\natrtc0: registered as a time-of-day clock, resolution 1.000000s\nEvent timer \"RTC\" frequency 32768 Hz quality 0\nattimer0: \u003cAT timer\u003e port 0x40-0x43 irq 0 on acpi0\nTimecounter \"i8254\" frequency 1193182 Hz quality 0\nEvent timer \"i8254\" frequency 1193182 Hz quality 100\nhpet0: \u003cHigh Precision Event Timer\u003e iomem 0xfed00000-0xfed003ff on acpi0\nTimecounter \"HPET\" frequency 14318180 Hz quality 950\nEvent timer \"HPET\" frequency 14318180 Hz quality 350\nEvent timer \"HPET1\" frequency 14318180 Hz quality 350\nEvent timer \"HPET2\" frequency 14318180 Hz quality 350\nTimecounter \"ACPI-fast\" frequency 3579545 Hz quality 900\nacpi_timer0: \u003c32-bit timer at 3.579545MHz\u003e port 0x408-0x40b on acpi0\nacpi_ec0: \u003cEmbedded Controller: GPE 0x3\u003e port 0x62,0x66 on acpi0\nisab0: \u003cACPI Generic ISA bridge\u003e on acpi0\nisa0: \u003cISA bus\u003e on isab0\nacpi_button0: \u003cPower Button\u003e on acpi0\npcib0: \u003cACPI Host-PCI bridge\u003e port 0xcf8-0xcff on acpi0\npci0: \u003cACPI PCI bus\u003e on pcib0\npci0: \u003cbase peripheral, IOMMU\u003e at device 0.2 (no driver attached)\npcib1: \u003cACPI PCI-PCI bridge\u003e at device 2.1 on pci0\npci1: \u003cACPI PCI bus\u003e on pcib1\nnvme0: \u003cGeneric NVMe Device\u003e mem 0xfd800000-0xfd803fff at device 0.0 on pci1\npcib2: \u003cACPI PCI-PCI bridge\u003e at device 2.2 on pci0\npci2: \u003cACPI PCI bus\u003e on pcib2\nre0: \u003cRealTek 8168/8111 B/C/CP/D/DP/E/F/G PCIe Gigabit Ethernet\u003e port 0x3400-0x34ff mem 0xfd714000-0xfd714fff,0xfd700000-0xfd703fff at device 0.0 on pci2\nre0: Using 1 MSI-X message\nre0: ASPM disabled\nre0: Chip rev. 0x50000000\nre0: MAC rev. 0x00200000\nmiibus0: \u003cMII bus\u003e on re0\nrgephy0: \u003cRTL8251/8153 1000BASE-T media interface\u003e PHY 1 on miibus0\nrgephy0:  none, 10baseT, 10baseT-FDX, 10baseT-FDX-flow, 100baseTX, 100baseTX-FDX, 100baseTX-FDX-flow, 1000baseT-FDX, 1000baseT-FDX-master, 1000baseT-FDX-flow, 1000baseT-FDX-flow-master, auto, auto-flow\nre0: Using defaults for TSO: 65518/35/2048\nre0: Ethernet address: 84:a9:38:09:13:80\nre0: netmap queues/slots: TX 1/256, RX 1/256\npci2: \u003csimple comms, UART\u003e at device 0.1 (no driver attached)\npci2: \u003csimple comms, UART\u003e at device 0.2 (no driver attached)\npci2: \u003cserial bus\u003e at device 0.3 (no driver attached)\nehci0: \u003cEHCI (generic) USB 2.0 controller\u003e mem 0xfd718000-0xfd718fff,0xfd710000-0xfd713fff at device 0.4 on pci2\nehci0: pre-2.0 USB revision (ignored)\nusbus0: EHCI version 1.0\nusbus0 on ehci0\nusbus0: 480Mbps High Speed USB v2.0\npcib3: \u003cACPI PCI-PCI bridge\u003e at device 2.3 on pci0\npci3: \u003cACPI PCI bus\u003e on pcib3\npci3: \u003cnetwork\u003e at device 0.0 (no driver attached)\npcib4: \u003cACPI PCI-PCI bridge\u003e at device 2.4 on pci0\npci4: \u003cACPI PCI bus\u003e on pcib4\nrtsx0: \u003c2.0i Realtek RTS522A PCIe MMC/SD Card Reader\u003e mem 0xfd600000-0xfd600fff at device 0.0 on pci4\nrtsx0: No card is detected\npcib5: \u003cACPI PCI-PCI bridge\u003e at device 2.6 on pci0\npci5: \u003cACPI PCI bus\u003e on pcib5\nre1: \u003cRealTek 8168/8111 B/C/CP/D/DP/E/F/G PCIe Gigabit Ethernet\u003e port 0x2000-0x20ff mem 0xfd504000-0xfd504fff,0xfd500000-0xfd503fff at device 0.0 on pci5\nre1: Using 1 MSI-X message\nre1: ASPM disabled\nre1: Chip rev. 0x54000000\nre1: MAC rev. 0x00100000\nmiibus1: \u003cMII bus\u003e on re1\nrgephy1: \u003cRTL8251/8153 1000BASE-T media interface\u003e PHY 1 on miibus1\nrgephy1:  none, 10baseT, 10baseT-FDX, 10baseT-FDX-flow, 100baseTX, 100baseTX-FDX, 100baseTX-FDX-flow, 1000baseT-FDX, 1000baseT-FDX-master, 1000baseT-FDX-flow, 1000baseT-FDX-flow-master, auto, auto-flow\nre1: Using defaults for TSO: 65518/35/2048\nre1: Ethernet address: 84:a9:38:09:13:7f\nre1: netmap queues/slots: TX 1/256, RX 1/256\npcib6: \u003cACPI PCI-PCI bridge\u003e at device 2.7 on pci0\npci6: \u003cACPI PCI bus\u003e on pcib6\nxhci0: \u003cNEC uPD720202 USB 3.0 controller\u003e mem 0xfd400000-0xfd401fff at device 0.0 on pci6\nxhci0: 64 bytes context size, 64-bit DMA\nusbus1 on xhci0\nusbus1: 5.0Gbps Super Speed USB v3.0\npcib7: \u003cACPI PCI-PCI bridge\u003e at device 8.1 on pci0\npci7: \u003cACPI PCI bus\u003e on pcib7\nvgapci0: \u003cVGA-compatible display\u003e port 0x1000-0x10ff mem 0x460000000-0x46fffffff,0x470000000-0x4701fffff,0xfd300000-0xfd37ffff at device 0.0 on pci7\nhdac0: \u003cATI (0x1637) HDA Controller\u003e mem 0xfd3c8000-0xfd3cbfff at device 0.1 on pci7\npci7: \u003cencrypt/decrypt\u003e at device 0.2 (no driver attached)\nxhci1: \u003cXHCI (generic) USB 3.0 controller\u003e mem 0xfd000000-0xfd0fffff at device 0.3 on pci7\nxhci1: 64 bytes context size, 64-bit DMA\nusbus2 on xhci1\nusbus2: 5.0Gbps Super Speed USB v3.0\nxhci2: \u003cXHCI (generic) USB 3.0 controller\u003e mem 0xfd100000-0xfd1fffff at device 0.4 on pci7\nxhci2: 64 bytes context size, 64-bit DMA\nusbus3 on xhci2\nusbus3: 5.0Gbps Super Speed USB v3.0\npci7: \u003cmultimedia\u003e at device 0.5 (no driver attached)\nhdac1: \u003cAMD Raven HDA Controller\u003e mem 0xfd3c0000-0xfd3c7fff at device 0.6 on pci7\nisab1: \u003cPCI-ISA bridge\u003e at device 20.3 on pci0\ndevice_attach: isab1 attach returned 6\nacpi_lid0: \u003cControl Method Lid Switch\u003e on acpi0\nacpi_button1: \u003cSleep Button\u003e on acpi0\ncpu0: \u003cACPI CPU\u003e on acpi0\natkbdc0: \u003cKeyboard controller (i8042)\u003e port 0x60,0x64 irq 1 on acpi0\natkbd0: \u003cAT Keyboard\u003e irq 1 on atkbdc0\nkbd0 at atkbd0\natkbd0: [GIANT-LOCKED]\npsm0: \u003cPS/2 Mouse\u003e irq 12 on atkbdc0\npsm0: [GIANT-LOCKED]\nWARNING: Device \"psm\" is Giant locked and may be deleted before FreeBSD 14.0.\npsm0: model Synaptics Touchpad, device ID 0\nbattery0: \u003cACPI Control Method Battery\u003e on acpi0\nacpi_acad0: \u003cAC Adapter\u003e on acpi0\nacpi_ibm0: \u003cThinkPad ACPI Extras\u003e on acpi0\nacpi_ibm0: Firmware version is 0x200\nhwpstate0: \u003cCool`n'Quiet 2.0\u003e on cpu0\nTimecounters tick every 1.000 msec\nugen1.1: \u003c0x1912 XHCI root HUB\u003e at usbus1\nugen3.1: \u003c0x1022 XHCI root HUB\u003e at usbus3\nugen2.1: \u003c0x1022 XHCI root HUB\u003e at usbus2\nugen0.1: \u003c(0x10ec) EHCI root HUB\u003e at usbus0\nuhub0 on usbus1\nuhub0: \u003c0x1912 XHCI root HUB, class 9/0, rev 3.00/1.00, addr 1\u003e on usbus1\nuhub1 on usbus2\nuhub1: \u003c0x1022 XHCI root HUB, class 9/0, rev 3.00/1.00, addr 1\u003e on usbus2\nuhub2 on usbus0\nuhub2: \u003c(0x10ec) EHCI root HUB, class 9/0, rev 2.00/1.00, addr 1\u003e on usbus0\nuhub3 on usbus3\nuhub3: \u003c0x1022 XHCI root HUB, class 9/0, rev 3.00/1.00, addr 1\u003e on usbus3\nnvd0: \u003cMicron MTFDHBA512TDV\u003e NVMe namespace\nnvd0: 488386MB (1000215216 512 byte sectors)\nhdacc0: \u003cATI R6xx HDA CODEC\u003e at cad 0 on hdac0\nhdaa0: \u003cATI R6xx Audio Function Group\u003e at nid 1 on hdacc0\npcm0: \u003cATI R6xx (HDMI)\u003e at nid 3 on hdaa0\npcm1: \u003cATI R6xx (HDMI)\u003e at nid 5 on hdaa0\npcm2: \u003cATI R6xx (HDMI)\u003e at nid 7 on hdaa0\nhdacc1: \u003cRealtek ALC257 HDA CODEC\u003e at cad 0 on hdac1\nhdaa1: \u003cRealtek ALC257 Audio Function Group\u003e at nid 1 on hdacc1\npcm3: \u003cRealtek ALC257 (Analog)\u003e at nid 20 and 25 on hdaa1\npcm4: \u003cRealtek ALC257 (Right Analog Headphones)\u003e at nid 33 on hdaa1\nisab1: \u003cPCI-ISA bridge\u003e at device 20.3 on pci0\ndevice_attach: isab1 attach returned 6\nTrying to mount root from ufs:/dev/nvd0p5 [rw]...\nuhub0: 4 ports with 4 removable, self powered\nuhub3: 6 ports with 6 removable, self powered\nuhub1: 6 ports with 6 removable, self powered\nuhub2: 1 port with 1 removable, self powered\nugen1.2: \u003cAzurewave Integrated Camera\u003e at usbus1\nugen3.2: \u003cRealtek 802.11n NIC\u003e at usbus3\nrtwn0 on uhub3\nrtwn0: \u003cRealtek 802.11n NIC, class 0/0, rev 2.00/0.00, addr 1\u003e on usbus3\nugen2.2: \u003cGeneric EMV Smartcard Reader\u003e at usbus2\nrtwn0: MAC/BB RTL8188EU, RF 6052 1T1R\nugen3.3: \u003cvendor 0x06cb product 0x00bd\u003e at usbus3\nugen3.4: \u003cMediaTek Inc. WirelessDevice\u003e at usbus3\nGEOM_ELI: Device nvd0p6.eli created.\nGEOM_ELI: Encryption: AES-XTS 128\nGEOM_ELI:     Crypto: accelerated software\n[drm] amdgpu kernel modesetting enabled.\ndrmn0: \u003cdrmn\u003e on vgapci0\nVT: Replacing driver \"efifb\" with new \"dummy\".\nvgapci0: child drmn0 requested pci_enable_io\nvgapci0: child drmn0 requested pci_enable_io\nsysctl_warn_reuse: can't re-use a leaf (hw.dri.debug)!\n[drm] initializing kernel modesetting (RENOIR 0x1002:0x1636 0x17AA:0x5081 0xD1).\n[drm] register mmio base: 0xFD300000\n[drm] register mmio size: 524288\n[drm] add ip block number 0 \u003csoc15_common\u003e\n[drm] add ip block number 1 \u003cgmc_v9_0\u003e\n[drm] add ip block number 2 \u003cvega10_ih\u003e\n[drm] add ip block number 3 \u003cpsp\u003e\n[drm] add ip block number 4 \u003csmu\u003e\n[drm] add ip block number 5 \u003cgfx_v9_0\u003e\n[drm] add ip block number 6 \u003csdma_v4_0\u003e\n[drm] add ip block number 7 \u003cdm\u003e\n[drm] add ip block number 8 \u003cvcn_v2_0\u003e\ndrmn0: successfully loaded firmware image 'amdgpu/renoir_gpu_info.bin'\nATOM BIOS: 113-RENOIR-026\ndrmn0: successfully loaded firmware image 'amdgpu/renoir_sdma.bin'\n[drm] VCN decode is enabled in VM mode\n[drm] VCN encode is enabled in VM mode\n[drm] VCN jpeg decode is enabled in VM mode\n[drm] vm size is 262144 GB, 4 levels, block size is 9-bit, fragment size is 9-bit\ndrmn0: VRAM: 512M 0x000000F400000000 - 0x000000F41FFFFFFF (512M used)\ndrmn0: GART: 1024M 0x0000000000000000 - 0x000000003FFFFFFF\ndrmn0: AGP: 267419648M 0x000000F800000000 - 0x0000FFFFFFFFFFFF\nSuccessfully added WC MTRR for [0x460000000-0x46fffffff]: 0; \n[drm] Detected VRAM RAM=512M, BAR=256M\n[drm] RAM width 64bits UNKNOWN\n[TTM] Zone  kernel: Available graphics memory: 7965986 KiB\n[TTM] Zone   dma32: Available graphics memory: 2097152 KiB\n[TTM] Initializing pool allocator\n[drm] amdgpu: 512M of VRAM memory ready\n[drm] amdgpu: 3072M of GTT memory ready.\n[drm] GART: num cpu pages 262144, num gpu pages 262144\n[drm] PCIE GART of 1024M enabled (table at 0x000000F400900000).\ndrmn0: successfully loaded firmware image 'amdgpu/renoir_asd.bin'\ndrmn0: successfully loaded firmware image 'amdgpu/renoir_pfp.bin'\ndrmn0: successfully loaded firmware image 'amdgpu/renoir_me.bin'\ndrmn0: successfully loaded firmware image 'amdgpu/renoir_ce.bin'\ndrmn0: successfully loaded firmware image 'amdgpu/renoir_rlc.bin'\ndrmn0: successfully loaded firmware image 'amdgpu/renoir_mec.bin'\ndrmn0: successfully loaded firmware image 'amdgpu/renoir_mec2.bin'\n[drm] use_doorbell being set to: [true]\ndrmn0: successfully loaded firmware image 'amdgpu/renoir_vcn.bin'\n[drm] Found VCN firmware Version ENC: 1.7 DEC: 4 VEP: 0 Revision: 17\n[drm] PSP loading VCN firmware\nsos fw version = 0x110163.\n[drm] reserve 0x400000 from 0xf41f800000 for PSP TMR\namdgpu: [powerplay] smu driver if version = 0x0000000a, smu fw if version = 0x0000000e, smu fw version = 0x00374700 (55.71.0)\namdgpu: [powerplay] SMU driver if version not matched\namdgpu: [powerplay] dpm has been disabled\namdgpu: [powerplay] SMU is initialized successfully!\n[drm] Display Core initialized with v3.2.56!\n[drm] Connector eDP-1: get mode from tunables:\n[drm]   - kern.vt.fb.modes.eDP-1\n[drm]   - kern.vt.fb.default_mode\n[drm] Connector HDMI-A-1: get mode from tunables:\n[drm]   - kern.vt.fb.modes.HDMI-A-1\n[drm]   - kern.vt.fb.default_mode\n[drm] Connector DP-1: get mode from tunables:\n[drm]   - kern.vt.fb.modes.DP-1\n[drm]   - kern.vt.fb.default_mode\n[drm] Connector DP-2: get mode from tunables:\n[drm]   - kern.vt.fb.modes.DP-2\n[drm]   - kern.vt.fb.default_mode\n[drm] Supports vblank timestamp caching Rev 2 (21.10.2013).\n[drm] Driver supports precise vblank timestamp query.\n[drm] VCN decode and encode initialized successfully(under DPG Mode).\n[drm] fb mappable at 0x460BC7000\n[drm] vram apper at 0x460000000\n[drm] size 8294400\n[drm] fb depth is 24\n[drm]    pitch is 7680\nWARNING: Device \"fb\" is Giant locked and may be deleted before FreeBSD 14.0.\nVT: Replacing driver \"dummy\" with new \"fb\".\nstart FB_INFO:\ntype=11 height=1080 width=1920 depth=32\ncmsize=16 size=8294400\npbase=0x460bc7000 vbase=0xfffffe010c1c7000\nname=drmn0 flags=0x0 stride=7680 bpp=32\ncmap[0]=0 cmap[1]=7f0000 cmap[2]=7f00 cmap[3]=c4a000\nend FB_INFO\ndrmn0: fb0: amdgpudrmfb frame buffer device\ndrmn0: ring gfx uses VM inv eng 0 on hub 0\ndrmn0: ring comp_1.0.0 uses VM inv eng 1 on hub 0\ndrmn0: ring comp_1.1.0 uses VM inv eng 4 on hub 0\ndrmn0: ring comp_1.2.0 uses VM inv eng 5 on hub 0\ndrmn0: ring comp_1.3.0 uses VM inv eng 6 on hub 0\ndrmn0: ring comp_1.0.1 uses VM inv eng 7 on hub 0\ndrmn0: ring comp_1.1.1 uses VM inv eng 8 on hub 0\ndrmn0: ring comp_1.2.1 uses VM inv eng 9 on hub 0\ndrmn0: ring comp_1.3.1 uses VM inv eng 10 on hub 0\ndrmn0: ring kiq_2.1.0 uses VM inv eng 11 on hub 0\ndrmn0: ring sdma0 uses VM inv eng 0 on hub 1\ndrmn0: ring vcn_dec uses VM inv eng 1 on hub 1\ndrmn0: ring vcn_enc0 uses VM inv eng 4 on hub 1\ndrmn0: ring vcn_enc1 uses VM inv eng 5 on hub 1\ndrmn0: ring vcn_jpeg uses VM inv eng 6 on hub 1\n[drm] Initialized amdgpu 3.36.0 20150101 for drmn0 on minor 0\nintsmb0: \u003cAMD FCH SMBus Controller\u003e at device 20.0 on pci0\nsmbus0: \u003cSystem Management Bus\u003e on intsmb0\nisab1: \u003cPCI-ISA bridge\u003e at device 20.3 on pci0\ndevice_attach: isab1 attach returned 6\nacpi_wmi0: \u003cACPI-WMI mapping\u003e on acpi0\nacpi_wmi0: Embedded MOF found\nACPI: \\134_SB.WMIW.WQFE: 1 arguments were passed to a non-method ACPI object (Buffer) (20201113/nsarguments-361)\nacpi_wmi1: \u003cACPI-WMI mapping\u003e on acpi0\nacpi_wmi1: Embedded MOF found\nACPI: \\134_SB.WMI1.WQBA: 1 arguments were passed to a non-method ACPI object (Buffer) (20201113/nsarguments-361)\nacpi_wmi2: \u003cACPI-WMI mapping\u003e on acpi0\nacpi_wmi2: Embedded MOF found\nACPI: \\134_SB.WMI2.WQBB: 1 arguments were passed to a non-method ACPI object (Buffer) (20201113/nsarguments-361)\nacpi_wmi3: \u003cACPI-WMI mapping\u003e on acpi0\nacpi_wmi3: Embedded MOF found\nACPI: \\134_SB.WMI3.WQBC: 1 arguments were passed to a non-method ACPI object (Buffer) (20201113/nsarguments-361)\nacpi_wmi4: \u003cACPI-WMI mapping\u003e on acpi0\nacpi_wmi4: Embedded MOF found\nACPI: \\134_SB.WMI4.WQBD: 1 arguments were passed to a non-method ACPI object (Buffer) (20201113/nsarguments-361)\ndriver bug: Unable to set devclass (class: ppc devname: (unknown))\nacpi_wmi5: \u003cACPI-WMI mapping\u003e on acpi0\nacpi_wmi5: Embedded MOF found\nACPI: \\134_SB.WMI6.WQFE: 1 arguments were passed to a non-method ACPI object (Buffer) (20201113/nsarguments-361)\ndriver bug: Unable to set devclass (class: ppc devname: (unknown))\nwlan0: Ethernet address: 50:3e:aa:22:61:dc\nlo0: link state changed to UP\nrtwn0: timeout waiting for firmware readiness\nwlan0: link state changed to UP\nre0: link state changed to DOWN\nre1: link state changed to DOWN\nubt0 on uhub3\nubt0: \u003cBTACLIf\u003e on usbus3\nWARNING: attempt to domain_add(bluetooth) after domainfinalize()\nWARNING: attempt to domain_add(netgraph) after domainfinalize()\nng_hci_process_command_timeout: ubt0hci - unable to complete HCI command OGF=0x3, OCF=0x3. Timeout\nwlan0: link state changed to DOWN\nwlan0: link state changed to UP\nwlan0: link state changed to DOWN\nwlan0: link state changed to UP\nwlan0: link state changed to DOWN\nwlan0: link state changed to UP\nwlan0: link state changed to DOWN\nwlan0: link state changed to UP\nwlan0: link state changed to DOWN\nwlan0: link state changed to UP\nwlan0: link state changed to DOWN\nwlan0: link state changed to UP"
}