{
 "id": 785857,
 "bug_id": 193043,
 "attachment_id": 0,
 "creation_time": "2014-09-10T17:55:32Z",
 "creator": "day1234@hotmail.com",
 "text": " \n\ncamcontrol:\nscbus0 on ata0 bus 0:\n\u003c\u003e                                 at scbus0 target -1 lun -1 ()\nscbus1 on ata2 bus 0:\n\u003cOCZ SOLID SSD 02.10104\u003e           at scbus1 target 0 lun 0 (pass0,ada0)\n\u003c\u003e                                 at scbus1 target -1 lun -1 ()\nscbus2 on ata3 bus 0:\n\u003c\u003e                                 at scbus2 target -1 lun -1 ()\nscbus3 on iscsi0 bus 0:\n\u003cNAS iSCSI-VDISK 0\u003e                at scbus3 target 0 lun 2 (da0,pass1)\n\u003c\u003e                                 at scbus3 target 0 lun -1 ()\nscbus-1 on xpt0 bus 0:\n\u003c\u003e                                 at scbus-1 target -1 lun -1 (xpt0)\n \n \ndmesg:\nCopyright (c) 1992-2014 The FreeBSD Project.\nCopyright (c) 1979, 1980, 1983, 1986, 1988, 1989, 1991, 1992, 1993, 1994\n      The Regents of the University of California. All rights reserved.\nFreeBSD is a registered trademark of The FreeBSD Foundation.\nFreeBSD 10.0-RELEASE-p7 #0 r268785: Wed Jul 16 23:56:44 CDT 2014\n    root@testsys:/usr/obj/usr/src/sys/HOST2 i386\nFreeBSD clang version 3.3 (tags/RELEASE_33/final 183502) 20130610\nCPU: Pentium(R) Dual-Core  CPU      E5200  @ 2.50GHz (2502.29-MHz 686-class CPU)\n  Origin = \"GenuineIntel\"  Id = 0x10676  Family = 0x6  Model = 0x17  Stepping = 6\n  Features=0xbfebfbff\u003cFPU,VME,DE,PSE,TSC,MSR,PAE,MCE,CX8,APIC,SEP,MTRR,PGE,MCA,CMOV,PAT,PSE36,CLFLUSH,DTS,ACPI,MMX,FXSR,SSE,SSE2,SS,HTT,TM,PBE\u003e\n  Features2=0xe39d\u003cSSE3,DTES64,MON,DS_CPL,EST,TM2,SSSE3,CX16,xTPR,PDCM\u003e\n  AMD Features=0x20100000\u003cNX,LM\u003e\n  AMD Features2=0x1\u003cLAHF\u003e\n  TSC: P-state invariant, performance statistics\nreal memory  = 4294967296 (4096 MB)\navail memory = 3407663104 (3249 MB)\nEvent timer \"LAPIC\" quality 400\nACPI APIC Table: \u003cShuttl Shuttle \u003e\nFreeBSD/SMP: Multiprocessor System Detected: 2 CPUs\nFreeBSD/SMP: 1 package(s) x 2 core(s)\n cpu0 (BSP): APIC ID:  0\n cpu1 (AP): APIC ID:  1\nioapic0: Changing APIC ID to 4\nioapic0 \u003cVersion 2.0\u003e irqs 0-23 on motherboard\nkbd1 at kbdmux0\nrandom: \u003cSoftware, Yarrow\u003e initialized\nacpi0: \u003cShuttl Shuttle\u003e on motherboard\nacpi0: Power Button (fixed)\nacpi0: reservation of 0, a0000 (3) failed\nacpi0: reservation of 100000, cf490000 (3) failed\ncpu0: \u003cACPI CPU\u003e on acpi0\ncpu1: \u003cACPI CPU\u003e on acpi0\nattimer0: \u003cAT timer\u003e port 0x40-0x43 on acpi0\nTimecounter \"i8254\" frequency 1193182 Hz quality 0\nEvent timer \"i8254\" frequency 1193182 Hz quality 100\nhpet0: \u003cHigh Precision Event Timer\u003e iomem 0xfed00000-0xfed003ff irq 0,8 on acpi0\ndevice_attach: hpet0 attach returned 12\natrtc0: \u003cAT realtime clock\u003e port 0x70-0x73 on acpi0\nEvent timer \"RTC\" frequency 32768 Hz quality 0\nTimecounter \"ACPI-fast\" frequency 3579545 Hz quality 900\nacpi_timer0: \u003c24-bit timer at 3.579545MHz\u003e port 0x408-0x40b on acpi0\nacpi_button0: \u003cPower Button\u003e on acpi0\npcib0: \u003cACPI Host-PCI bridge\u003e port 0xcf8-0xcff on acpi0\npci0: \u003cACPI PCI bus\u003e on pcib0\nvgapci0: \u003cVGA-compatible display\u003e port 0xff00-0xff07 mem 0xfdf00000-0xfdf7ffff,0xd0000000-0xdfffffff,0xfd500000-0xfd5fffff irq 16 at device 2.0 on pci0\nagp0: \u003cIntel G33 SVGA controller\u003e on vgapci0\nagp0: aperture size is 256M, detected 7164k stolen memory\nvgapci0: Boot video device\nvgapci1: \u003cVGA-compatible display\u003e mem 0xfde80000-0xfdefffff at device 2.1 on pci0\npci0: \u003cmultimedia, HDA\u003e at device 27.0 (no driver attached)\npcib1: \u003cACPI PCI-PCI bridge\u003e at device 28.0 on pci0\npci1: \u003cACPI PCI bus\u003e on pcib1\npcib2: \u003cACPI PCI-PCI bridge\u003e at device 28.1 on pci0\npci2: \u003cACPI PCI bus\u003e on pcib2\npci2: \u003cnetwork, ethernet\u003e at device 0.0 (no driver attached)\npcib3: \u003cACPI PCI-PCI bridge\u003e at device 28.2 on pci0\npci3: \u003cACPI PCI bus\u003e on pcib3\npcib4: \u003cACPI PCI-PCI bridge\u003e at device 28.3 on pci0\npci4: \u003cACPI PCI bus\u003e on pcib4\nuhci0: \u003cIntel 82801G (ICH7) USB controller USB-A\u003e port 0xfe00-0xfe1f irq 23 at device 29.0 on pci0\nusbus0 on uhci0\nuhci1: \u003cIntel 82801G (ICH7) USB controller USB-B\u003e port 0xfd00-0xfd1f irq 19 at device 29.1 on pci0\nusbus1 on uhci1\nuhci2: \u003cIntel 82801G (ICH7) USB controller USB-C\u003e port 0xfc00-0xfc1f irq 18 at device 29.2 on pci0\nusbus2 on uhci2\nuhci3: \u003cIntel 82801G (ICH7) USB controller USB-D\u003e port 0xfb00-0xfb1f irq 16 at device 29.3 on pci0\nusbus3 on uhci3\nehci0: \u003cIntel 82801GB/R (ICH7) USB 2.0 controller\u003e mem 0xfdfff000-0xfdfff3ff irq 23 at device 29.7 on pci0\nusbus4: EHCI version 1.0\nusbus4 on ehci0\npcib5: \u003cACPI PCI-PCI bridge\u003e at device 30.0 on pci0\npci5: \u003cACPI PCI bus\u003e on pcib5\nem0: \u003cIntel(R) PRO/1000 Legacy Network Connection 1.0.6\u003e port 0xcf00-0xcf3f mem 0xfd4a0000-0xfd4bffff,0xfd440000-0xfd47ffff irq 17 at device 9.0 on pci5\nem0: Ethernet address: 00:07:e9:a5:60:ca\nem1: \u003cIntel(R) PRO/1000 Legacy Network Connection 1.0.6\u003e port 0xce00-0xce3f mem 0xfd4c0000-0xfd4dffff irq 18 at device 9.1 on pci5\nem1: Ethernet address: 00:07:e9:a5:60:cb\npci5: \u003cserial bus, FireWire\u003e at device 10.0 (no driver attached)\nisab0: \u003cPCI-ISA bridge\u003e at device 31.0 on pci0\nisa0: \u003cISA bus\u003e on isab0\natapci0: \u003cIntel ICH7 UDMA100 controller\u003e port 0x1f0-0x1f7,0x3f6,0x170-0x177,0x376,0xfa00-0xfa0f at device 31.1 on pci0\nata0: \u003cATA channel\u003e at channel 0 on atapci0\natapci1: \u003cIntel ICH7 SATA300 controller\u003e port 0xf900-0xf907,0xf800-0xf803,0xf700-0xf707,0xf600-0xf603,0xf500-0xf50f irq 19 at device 31.2 on pci0\nata2: \u003cATA channel\u003e at channel 0 on atapci1\nata3: \u003cATA channel\u003e at channel 1 on atapci1\npci0: \u003cserial bus, SMBus\u003e at device 31.3 (no driver attached)\nacpi_tz0: \u003cThermal Zone\u003e on acpi0\natkbdc0: \u003cKeyboard controller (i8042)\u003e port 0x60,0x64 irq 1 on acpi0\natkbd0: \u003cAT Keyboard\u003e irq 1 on atkbdc0\nkbd0 at atkbd0\natkbd0: [GIANT-LOCKED]\npsm0: \u003cPS/2 Mouse\u003e irq 12 on atkbdc0\npsm0: [GIANT-LOCKED]\npsm0: model IntelliMouse Explorer, device ID 4\npmtimer0 on isa0\norm0: \u003cISA Option ROM\u003e at iomem 0xef000-0xeffff pnpid ORM0000 on isa0\nsc0: \u003cSystem console\u003e at flags 0x100 on isa0\nsc0: VGA \u003c16 virtual consoles, flags=0x300\u003e\nvga0: \u003cGeneric ISA VGA\u003e at port 0x3c0-0x3df iomem 0xa0000-0xbffff on isa0\nest0: \u003cEnhanced SpeedStep Frequency Control\u003e on cpu0\np4tcc0: \u003cCPU Frequency Thermal Control\u003e on cpu0\nest1: \u003cEnhanced SpeedStep Frequency Control\u003e on cpu1\np4tcc1: \u003cCPU Frequency Thermal Control\u003e on cpu1\nTimecounters tick every 1.000 msec\nIP Filter: v5.1.2 initialized.  Default = block all, Logging = enabled\nrandom: unblocking device.\nusbus0: 12Mbps Full Speed USB v1.0\nusbus1: 12Mbps Full Speed USB v1.0\nusbus2: 12Mbps Full Speed USB v1.0\nusbus3: 12Mbps Full Speed USB v1.0\nusbus4: 480Mbps High Speed USB v2.0\nacpi_tz0: _TMP value is absurd, ignored (-73.0C)\nugen0.1: \u003cIntel\u003e at usbus0\nuhub0: \u003cIntel UHCI root HUB, class 9/0, rev 1.00/1.00, addr 1\u003e on usbus0\nugen3.1: \u003cIntel\u003e at usbus3\nuhub1: \u003cIntel UHCI root HUB, class 9/0, rev 1.00/1.00, addr 1\u003e on usbus3\nugen2.1: \u003cIntel\u003e at usbus2\nuhub2: \u003cIntel UHCI root HUB, class 9/0, rev 1.00/1.00, addr 1\u003e on usbus2\nugen1.1: \u003cIntel\u003e at usbus1\nuhub3: \u003cIntel UHCI root HUB, class 9/0, rev 1.00/1.00, addr 1\u003e on usbus1\nugen4.1: \u003cIntel\u003e at usbus4\nuhub4: \u003cIntel EHCI root HUB, class 9/0, rev 2.00/1.00, addr 1\u003e on usbus4\nuhub0: 2 ports with 2 removable, self powered\nuhub1: 2 ports with 2 removable, self powered\nuhub2: 2 ports with 2 removable, self powered\nuhub3: 2 ports with 2 removable, self powered\nada0 at ata2 bus 0 scbus1 target 0 lun 0\nada0: \u003cOCZ SOLID SSD 02.10104\u003e ATA-8 SATA 2.x device\nada0: Serial Number MK04090314CAC000D\nada0: 150.000MB/s transfers (SATA, UDMA5, PIO 512bytes)\nada0: 61136MB (125206528 512 byte sectors: 16H 63S/T 16383C)\nada0: Previously was known as ad4\nSMP: AP CPU #1 Launched!\nTimecounter \"TSC-low\" frequency 1251144100 Hz quality 1000\nRoot mount waiting for: usbus4\nRoot mount waiting for: usbus4\nuhub4: 8 ports with 8 removable, self powered\nRoot mount waiting for: usbus4\nTrying to mount root from ufs:/dev/ada0p2 [rw]...\nugen2.2: \u003cvendor 0x1a86\u003e at usbus2\nuchcom0: \u003cvendor 0x1a86 USB2.0-Ser, rev 1.10/2.54, addr 2\u003e on usbus2\nuchcom0: CH341 detected\niscsi: version 2.3.1\n\u003cfollowing lines added after boot by iscontrol\u003e\n0] ic_init: cam subsystem initialized\nda0 at iscsi0 bus 0 scbus3 target 0 lun 2\nda0: \u003cNAS iSCSI-VDISK 0\u003e Fixed Direct Access SCSI-4 device\nda0: Serial Number    \nda0: 95232MB (195035136 512 byte sectors: 255H 63S/T 12140C)\n \nIscontrol:\niscontrol[1327]: running\niscontrol[1327]: (pass1:iscsi0:0:0:2):  tagged openings now 0"
}