{
 "id": 707229,
 "bug_id": 176987,
 "attachment_id": 0,
 "creation_time": "2013-03-15T09:10:01Z",
 "creator": "maxpowerbsd@gmail.com",
 "text": "I'm trying to install FreeBSD 9.1 on Samsung NP-Q45, but it seems to not recognize  the HD over the ICH8M SATA controller.\n\nThis is my dmesg:\nCopyright (c) 1992-2012 The FreeBSD Project.\nCopyright (c) 1979, 1980, 1983, 1986, 1988, 1989, 1991, 1992, 1993, 1994\n\tThe Regents of the University of California. All rights reserved.\nFreeBSD is a registered trademark of The FreeBSD Foundation.\nFreeBSD 9.1-RELEASE #0 r243826: Tue Dec  4 06:55:39 UTC 2012\n    root@obrian.cse.buffalo.edu:/usr/obj/usr/src/sys/GENERIC i386\nCPU: Intel(R) Core(TM)2 Duo CPU     T5450  @ 1.66GHz (1662.54-MHz 686-class CPU)\n  Origin = \"GenuineIntel\"  Id = 0x6fd  Family = 6  Model = f  Stepping = 13\n  Features=0xbfebfbff\u003cFPU,VME,DE,PSE,TSC,MSR,PAE,MCE,CX8,APIC,SEP,MTRR,PGE,MCA,CMOV,PAT,PSE36,CLFLUSH,DTS,ACPI,MMX,FXSR,SSE,SSE2,SS,HTT,TM,PBE\u003e\n  Features2=0xe39d\u003cSSE3,DTES64,MON,DS_CPL,EST,TM2,SSSE3,CX16,xTPR,PDCM\u003e\n  AMD Features=0x20000000\u003cLM\u003e\n  AMD Features2=0x1\u003cLAHF\u003e\n  TSC: P-state invariant, performance statistics\nreal memory  = 2147483648 (2048 MB)\navail memory = 2076930048 (1980 MB)\nEvent timer \"LAPIC\" quality 400\nACPI APIC Table: \u003cINTEL  CRESTLNE\u003e\nFreeBSD/SMP: Multiprocessor System Detected: 2 CPUs\nFreeBSD/SMP: 1 package(s) x 2 core(s)\n cpu0 (BSP): APIC ID:  0\n cpu1 (AP): APIC ID:  1\nioapic0: Changing APIC ID to 1\nioapic0 \u003cVersion 2.0\u003e irqs 0-23 on motherboard\nkbd1 at kbdmux0\nctl: CAM Target Layer loaded\nacpi0: \u003cSECCSD LH43STAR\u003e on motherboard\nacpi0: Power Button (fixed)\nTimecounter \"HPET\" frequency 14318180 Hz quality 950\nEvent timer \"HPET\" frequency 14318180 Hz quality 450\nEvent timer \"HPET1\" frequency 14318180 Hz quality 440\nEvent timer \"HPET2\" frequency 14318180 Hz quality 440\ncpu0: \u003cACPI CPU\u003e on acpi0\ncpu1: \u003cACPI CPU\u003e on acpi0\natrtc0: \u003cAT realtime clock\u003e port 0x70-0x77 irq 8 on acpi0\nEvent timer \"RTC\" frequency 32768 Hz quality 0\nattimer0: \u003cAT timer\u003e port 0x40-0x43,0x50-0x53 irq 0 on acpi0\nTimecounter \"i8254\" frequency 1193182 Hz quality 0\nEvent timer \"i8254\" frequency 1193182 Hz quality 100\nTimecounter \"ACPI-fast\" frequency 3579545 Hz quality 900\nacpi_timer0: \u003c24-bit timer at 3.579545MHz\u003e port 0x1008-0x100b on acpi0\nacpi_ec0: \u003cEmbedded Controller: GPE 0x17\u003e port 0x62,0x66 on acpi0\npcib0: \u003cACPI Host-PCI bridge\u003e port 0xcf8-0xcff on acpi0\npcib0: could not evaluate _ADR - AE_NOT_FOUND\npci0: \u003cACPI PCI bus\u003e on pcib0\nvgapci0: \u003cVGA-compatible display\u003e port 0x1800-0x1807 mem 0xf0000000-0xf00fffff,0xd0000000-0xdfffffff irq 16 at device 2.0 on pci0\nagp0: \u003cIntel GM965 SVGA controller\u003e on vgapci0\nagp0: aperture size is 256M, detected 7676k stolen memory\nvgapci1: \u003cVGA-compatible display\u003e mem 0xf0100000-0xf01fffff at device 2.1 on pci0\nuhci0: \u003cIntel 82801H (ICH8) USB controller USB-D\u003e port 0x1820-0x183f irq 16 at device 26.0 on pci0\nuhci0: LegSup = 0x3f00\nusbus0 on uhci0\nuhci1: \u003cIntel 82801H (ICH8) USB controller USB-E\u003e port 0x1840-0x185f irq 21 at device 26.1 on pci0\nuhci1: LegSup = 0x2f00\nusbus1 on uhci1\nehci0: \u003cIntel 82801H (ICH8) USB 2.0 controller USB2-B\u003e mem 0xf0704000-0xf07043ff irq 18 at device 26.7 on pci0\nusbus2: EHCI version 1.0\nusbus2 on ehci0\nhdac0: \u003cIntel 82801H HDA Controller\u003e mem 0xf0500000-0xf0503fff irq 22 at device 27.0 on pci0\npcib1: \u003cACPI PCI-PCI bridge\u003e irq 17 at device 28.0 on pci0\npci2: \u003cACPI PCI bus\u003e on pcib1\nwpi0: \u003cIntel(R) PRO/Wireless 3945ABG\u003e mem 0xf0300000-0xf0300fff irq 16 at device 0.0 on pci2\npcib2: \u003cACPI PCI-PCI bridge\u003e irq 16 at device 28.1 on pci0\npci3: \u003cACPI PCI bus\u003e on pcib2\nmskc0: \u003cMarvell Yukon 88E8039 Fast Ethernet\u003e port 0x2000-0x20ff mem 0xf0200000-0xf0203fff irq 17 at device 0.0 on pci3\nmsk0: \u003cMarvell Technology Group Ltd. Yukon FE Id 0xb7 Rev 0x03\u003e on mskc0\nmsk0: disabling jumbo frame support\nmsk0: Ethernet address: 00:13:77:5d:5f:ed\nmiibus0: \u003cMII bus\u003e on msk0\ne1000phy0: \u003cMarvell 88E3082 10/100 Fast Ethernet PHY\u003e PHY 0 on miibus0\ne1000phy0:  none, 10baseT, 10baseT-FDX, 100baseTX, 100baseTX-FDX, auto, auto-flow\nuhci2: \u003cIntel 82801H (ICH8) USB controller USB-A\u003e port 0x1860-0x187f irq 23 at device 29.0 on pci0\nuhci2: LegSup = 0x2f00\nusbus3 on uhci2\nuhci3: \u003cIntel 82801H (ICH8) USB controller USB-B\u003e port 0x1880-0x189f irq 19 at device 29.1 on pci0\nuhci3: LegSup = 0x2f00\nusbus4 on uhci3\nuhci4: \u003cIntel 82801H (ICH8) USB controller USB-C\u003e port 0x18a0-0x18bf irq 18 at device 29.2 on pci0\nuhci4: LegSup = 0x2f00\nusbus5 on uhci4\nehci1: \u003cIntel 82801H (ICH8) USB 2.0 controller USB2-A\u003e mem 0xf0704400-0xf07047ff irq 23 at device 29.7 on pci0\nusbus6: EHCI version 1.0\nusbus6 on ehci1\npcib3: \u003cACPI PCI-PCI bridge\u003e at device 30.0 on pci0\npci4: \u003cACPI PCI bus\u003e on pcib3\ncbb0: \u003cRF5C476 PCI-CardBus Bridge\u003e mem 0xf0400000-0xf0400fff at device 9.0 on pci4\ncardbus0: \u003cCardBus bus\u003e on cbb0\npccard0: \u003c16-bit PCCard bus\u003e on cbb0\nfwohci0: \u003cRicoh R5C552\u003e mem 0xf0401000-0xf04017ff at device 9.1 on pci4\nfwohci0: OHCI version 1.0 (ROM=1)\nfwohci0: No. of Isochronous channels is 4.\nfwohci0: EUI64 00:00:f0:41:01:07:e0:66\nfwohci0: Phy 1394a available S400, 2 ports.\nfwohci0: Link S400, max_rec 2048 bytes.\nfirewire0: \u003cIEEE1394(FireWire) bus\u003e on fwohci0\nfwe0: \u003cEthernet over FireWire\u003e on firewire0\nif_fwe0: Fake Ethernet address: 02:00:f0:07:e0:66\nfwe0: Ethernet address: 02:00:f0:07:e0:66\nfwip0: \u003cIP over FireWire\u003e on firewire0\nfwip0: Firewire address: 00:00:f0:41:01:07:e0:66 @ 0xfffe00000000, S400, maxrec 2048\ndcons_crom0: \u003cdcons configuration ROM\u003e on firewire0\ndcons_crom0: bus_addr 0x14c0000\nfwohci0: Initiate bus reset\nfwohci0: fwohci_intr_core: BUS reset\nfwohci0: fwohci_intr_core: node_id=0x00000000, SelfID Count=1, CYCLEMASTER mode\npci4: \u003cbase peripheral, SD host controller\u003e at device 9.2 (no driver attached)\npci4: \u003cbase peripheral\u003e at device 9.3 (no driver attached)\npci4: \u003cbase peripheral\u003e at device 9.4 (no driver attached)\npci4: \u003cbase peripheral\u003e at device 9.5 (no driver attached)\nisab0: \u003cPCI-ISA bridge\u003e at device 31.0 on pci0\nisa0: \u003cISA bus\u003e on isab0\natapci0: \u003cIntel ICH8M SATA300 controller\u003e port 0x1f0-0x1f7,0x3f6,0x170-0x177,0x376,0x18e0-0x18ef,0x18d0-0x18df at device 31.2 on pci0\nata0: \u003cATA channel\u003e at channel 0 on atapci0\nata1: \u003cATA channel\u003e at channel 1 on atapci0\npci0: \u003cserial bus, SMBus\u003e at device 31.3 (no driver attached)\nacpi_acad0: \u003cAC Adapter\u003e on acpi0\nbattery0: \u003cACPI Control Method Battery\u003e on acpi0\nacpi_lid0: \u003cControl Method Lid Switch\u003e on acpi0\nacpi_button0: \u003cPower Button\u003e on acpi0\nacpi_button1: \u003cSleep Button\u003e on acpi0\nacpi_tz0: \u003cThermal Zone\u003e on acpi0\nacpi_tz1: \u003cThermal Zone\u003e on acpi0\natkbdc0: \u003cKeyboard controller (i8042)\u003e port 0x60,0x64 irq 1 on acpi0\natkbd0: \u003cAT Keyboard\u003e irq 1 on atkbdc0\nkbd0 at atkbd0\natkbd0: [GIANT-LOCKED]\npsm0: \u003cPS/2 Mouse\u003e irq 12 on atkbdc0\npsm0: [GIANT-LOCKED]\npsm0: model IntelliMouse, device ID 3\npmtimer0 on isa0\norm0: \u003cISA Option ROMs\u003e at iomem 0xdc000-0xdffff,0xe0000-0xe17ff pnpid ORM0000 on isa0\nsc0: \u003cSystem console\u003e at flags 0x100 on isa0\nsc0: VGA \u003c16 virtual consoles, flags=0x300\u003e\nvga0: \u003cGeneric ISA VGA\u003e at port 0x3c0-0x3df iomem 0xa0000-0xbffff on isa0\nppc0: parallel port not found.\nest0: \u003cEnhanced SpeedStep Frequency Control\u003e on cpu0\np4tcc0: \u003cCPU Frequency Thermal Control\u003e on cpu0\nest1: \u003cEnhanced SpeedStep Frequency Control\u003e on cpu1\np4tcc1: \u003cCPU Frequency Thermal Control\u003e on cpu1\nfirewire0: 1 nodes, maxhop \u003c= 0 cable IRM irm(0)  (me) \nfirewire0: bus manager 0 \nTimecounters tick every 1.000 msec\nhdacc0: \u003cRealtek ALC262 HDA CODEC\u003e at cad 0 on hdac0\nhdaa0: \u003cRealtek ALC262 Audio Function Group\u003e at nid 1 on hdacc0\npcm0: \u003cRealtek ALC262 (Analog 2.0+HP/2.0)\u003e at nid 20,21 and 25,24 on hdaa0\npcm1: \u003cRealtek ALC262 (Rear Digital)\u003e at nid 30 on hdaa0\nhdacc1: \u003cLucent/Agere Systems (0x1040) HDA CODEC\u003e at cad 1 on hdac0\nunknown: \u003cLucent/Agere Systems (0x1040) HDA CODEC Modem Function Group\u003e at nid 1 on hdacc1 (no driver attached)\nusbus0: 12Mbps Full Speed USB v1.0\nusbus1: 12Mbps Full Speed USB v1.0\nusbus2: 480Mbps High Speed USB v2.0\nusbus3: 12Mbps Full Speed USB v1.0\nusbus4: 12Mbps Full Speed USB v1.0\nusbus5: 12Mbps Full Speed USB v1.0\nusbus6: 480Mbps High Speed USB v2.0\nugen0.1: \u003cIntel\u003e at usbus0\nuhub0: \u003cIntel UHCI root HUB, class 9/0, rev 1.00/1.00, addr 1\u003e on usbus0\nugen1.1: \u003cIntel\u003e at usbus1\nuhub1: \u003cIntel UHCI root HUB, class 9/0, rev 1.00/1.00, addr 1\u003e on usbus1\nugen2.1: \u003cIntel\u003e at usbus2\nuhub2: \u003cIntel EHCI root HUB, class 9/0, rev 2.00/1.00, addr 1\u003e on usbus2\nugen3.1: \u003cIntel\u003e at usbus3\nuhub3: \u003cIntel UHCI root HUB, class 9/0, rev 1.00/1.00, addr 1\u003e on usbus3\nugen4.1: \u003cIntel\u003e at usbus4\nuhub4: \u003cIntel UHCI root HUB, class 9/0, rev 1.00/1.00, addr 1\u003e on usbus4\nugen5.1: \u003cIntel\u003e at usbus5\nuhub5: \u003cIntel UHCI root HUB, class 9/0, rev 1.00/1.00, addr 1\u003e on usbus5\nugen6.1: \u003cIntel\u003e at usbus6\nuhub6: \u003cIntel EHCI root HUB, class 9/0, rev 2.00/1.00, addr 1\u003e on usbus6\nuhub0: 2 ports with 2 removable, self powered\nuhub1: 2 ports with 2 removable, self powered\nuhub3: 2 ports with 2 removable, self powered\nuhub4: 2 ports with 2 removable, self powered\nuhub5: 2 ports with 2 removable, self powered\nuhub2: 4 ports with 4 removable, self powered\nuhub6: 6 ports with 6 removable, self powered\nugen2.2: \u003cVimicro Corp.\u003e at usbus2\ncd0 at ata1 bus 0 scbus1 target 0 lun 0\ncd0: \u003cTSSTcorp CDDVDW TS-L632N SC01\u003e Removable CD-ROM SCSI-0 device \ncd0: 33.300MB/s transfers (UDMA2, ATAPI 12bytes, PIO 65534bytes)\ncd0: cd present [292832 x 2048 byte records]\nSMP: AP CPU #1 Launched!\nTimecounter \"TSC-low\" frequency 12988596 Hz quality 1000\nugen5.2: \u003cBroadcom Corp\u003e at usbus5\nTrying to mount root from cd9660:/dev/iso9660/FREEBSD_INSTALL [ro]...\nubt0: \u003cBroadcom Corp BCM92045NMD, class 224/1, rev 2.00/3.54, addr 2\u003e on usbus5\nWARNING: attempt to domain_add(bluetooth) after domainfinalize()\nWARNING: attempt to domain_add(netgraph) after domainfinalize()\npid 1898 (autopart), uid 0: exited on signal 11\ninterface ata_ahci.1 already present in the KLD 'kernel'!\ninterface ata_intel.1 already present in the KLD 'kernel'!\nugen6.2: \u003cALi Corp.\u003e at usbus6\numass0: \u003cALi Corp. Audio Player, class 0/0, rev 2.00/0.02, addr 2\u003e on usbus6\numass0:  SCSI over Bulk-Only; quirks = 0x4100\numass0:3:0:-1: Attached to scbus3\nda0 at umass-sim0 bus 0 scbus3 target 0 lun 0\nda0: \u003c Audio Player \\\\000\\\\000\\\\000?\u003e Removable Direct Access SCSI-0 device \nda0: 40.000MB/s transfers\nda0: 3864MB (7913472 512 byte sectors: 255H 63S/T 492C)\n\nAnd this the output of pciconf -lvcb\nhostb0@pci0:0:0:0:\tclass=0x060000 card=0xc510144d chip=0x2a008086 rev=0x03 hdr=0x00\n    vendor     = 'Intel Corporation'\n    device     = 'Mobile PM965/GM965/GL960 Memory Controller Hub'\n    class      = bridge\n    subclass   = HOST-PCI\n    cap 09[e0] = vendor (length 10) Intel cap 9 version 1\nvgapci0@pci0:0:2:0:\tclass=0x030000 card=0xc510144d chip=0x2a028086 rev=0x03 hdr=0x00\n    vendor     = 'Intel Corporation'\n    device     = 'Mobile GM965/GL960 Integrated Graphics Controller (primary)'\n    class      = display\n    subclass   = VGA\n    bar   [10] = type Memory, range 64, base 0xf0000000, size 1048576, enabled\n    bar   [18] = type Prefetchable Memory, range 64, base 0xd0000000, size 268435456, enabled\n    bar   [20] = type I/O Port, range 32, base 0x1800, size  8, enabled\n    cap 05[90] = MSI supports 1 message \n    cap 01[d0] = powerspec 3  supports D0 D3  current D0\nvgapci1@pci0:0:2:1:\tclass=0x038000 card=0xc510144d chip=0x2a038086 rev=0x03 hdr=0x00\n    vendor     = 'Intel Corporation'\n    device     = 'Mobile GM965/GL960 Integrated Graphics Controller (secondary)'\n    class      = display\n    bar   [10] = type Memory, range 64, base 0xf0100000, size 1048576, enabled\n    cap 01[d0] = powerspec 3  supports D0 D3  current D0\nuhci0@pci0:0:26:0:\tclass=0x0c0300 card=0xc510144d chip=0x28348086 rev=0x03 hdr=0x00\n    vendor     = 'Intel Corporation'\n    device     = '82801H (ICH8 Family) USB UHCI Controller'\n    class      = serial bus\n    subclass   = USB\n    bar   [20] = type I/O Port, range 32, base 0x1820, size 32, enabled\nuhci1@pci0:0:26:1:\tclass=0x0c0300 card=0xc510144d chip=0x28358086 rev=0x03 hdr=0x00\n    vendor     = 'Intel Corporation'\n    device     = '82801H (ICH8 Family) USB UHCI Controller'\n    class      = serial bus\n    subclass   = USB\n    bar   [20] = type I/O Port, range 32, base 0x1840, size 32, enabled\nehci0@pci0:0:26:7:\tclass=0x0c0320 card=0xc510144d chip=0x283a8086 rev=0x03 hdr=0x00\n    vendor     = 'Intel Corporation'\n    device     = '82801H (ICH8 Family) USB2 EHCI Controller'\n    class      = serial bus\n    subclass   = USB\n    bar   [10] = type Memory, range 32, base 0xf0704000, size 1024, enabled\n    cap 01[50] = powerspec 2  supports D0 D3  current D0\n    cap 0a[58] = EHCI Debug Port at offset 0xa0 in map 0x14\nhdac0@pci0:0:27:0:\tclass=0x040300 card=0xc510144d chip=0x284b8086 rev=0x03 hdr=0x00\n    vendor     = 'Intel Corporation'\n    device     = '82801H (ICH8 Family) HD Audio Controller'\n    class      = multimedia\n    subclass   = HDA\n    bar   [10] = type Memory, range 64, base 0xf0500000, size 16384, enabled\n    cap 01[50] = powerspec 2  supports D0 D3  current D0\n    cap 05[60] = MSI supports 1 message, 64 bit enabled with 1 message\n    cap 10[70] = PCI-Express 1 root endpoint max data 128(128) link x0(x0)\necap 0002[100] = VC 1 max VC1\necap 0005[130] = unknown 1\npcib1@pci0:0:28:0:\tclass=0x060400 card=0xc510144d chip=0x283f8086 rev=0x03 hdr=0x01\n    vendor     = 'Intel Corporation'\n    device     = '82801H (ICH8 Family) PCI Express Port 1'\n    class      = bridge\n    subclass   = PCI-PCI\n    cap 10[40] = PCI-Express 1 root port max data 128(128) link x1(x1)\n    cap 05[80] = MSI supports 1 message \n    cap 0d[90] = PCI Bridge card=0xc510144d\n    cap 01[a0] = powerspec 2  supports D0 D3  current D0\necap 0002[100] = VC 1 max VC0\necap 0005[180] = unknown 1\npcib2@pci0:0:28:1:\tclass=0x060400 card=0xc510144d chip=0x28418086 rev=0x03 hdr=0x01\n    vendor     = 'Intel Corporation'\n    device     = '82801H (ICH8 Family) PCI Express Port 2'\n    class      = bridge\n    subclass   = PCI-PCI\n    cap 10[40] = PCI-Express 1 root port max data 128(128) link x1(x1)\n    cap 05[80] = MSI supports 1 message \n    cap 0d[90] = PCI Bridge card=0xc510144d\n    cap 01[a0] = powerspec 2  supports D0 D3  current D0\necap 0002[100] = VC 1 max VC0\necap 0005[180] = unknown 1\nuhci2@pci0:0:29:0:\tclass=0x0c0300 card=0xc510144d chip=0x28308086 rev=0x03 hdr=0x00\n    vendor     = 'Intel Corporation'\n    device     = '82801H (ICH8 Family) USB UHCI Controller'\n    class      = serial bus\n    subclass   = USB\n    bar   [20] = type I/O Port, range 32, base 0x1860, size 32, enabled\nuhci3@pci0:0:29:1:\tclass=0x0c0300 card=0xc510144d chip=0x28318086 rev=0x03 hdr=0x00\n    vendor     = 'Intel Corporation'\n    device     = '82801H (ICH8 Family) USB UHCI Controller'\n    class      = serial bus\n    subclass   = USB\n    bar   [20] = type I/O Port, range 32, base 0x1880, size 32, enabled\nuhci4@pci0:0:29:2:\tclass=0x0c0300 card=0xc510144d chip=0x28328086 rev=0x03 hdr=0x00\n    vendor     = 'Intel Corporation'\n    device     = '82801H (ICH8 Family) USB UHCI Controller'\n    class      = serial bus\n    subclass   = USB\n    bar   [20] = type I/O Port, range 32, base 0x18a0, size 32, enabled\nehci1@pci0:0:29:7:\tclass=0x0c0320 card=0xc510144d chip=0x28368086 rev=0x03 hdr=0x00\n    vendor     = 'Intel Corporation'\n    device     = '82801H (ICH8 Family) USB2 EHCI Controller'\n    class      = serial bus\n    subclass   = USB\n    bar   [10] = type Memory, range 32, base 0xf0704400, size 1024, enabled\n    cap 01[50] = powerspec 2  supports D0 D3  current D0\n    cap 0a[58] = EHCI Debug Port at offset 0xa0 in map 0x14\npcib3@pci0:0:30:0:\tclass=0x060401 card=0x00000000 chip=0x24488086 rev=0xf3 hdr=0x01\n    vendor     = 'Intel Corporation'\n    device     = '82801 Mobile PCI Bridge'\n    class      = bridge\n    subclass   = PCI-PCI\n    cap 0d[50] = PCI Bridge card=0x00000000\nisab0@pci0:0:31:0:\tclass=0x060100 card=0xc510144d chip=0x28158086 rev=0x03 hdr=0x00\n    vendor     = 'Intel Corporation'\n    device     = '82801HEM (ICH8M) LPC Interface Controller'\n    class      = bridge\n    subclass   = PCI-ISA\n    cap 09[e0] = vendor (length 12) Intel cap 1 version 0\n\t\t features: SATA RAID-5, Mobile, 4 PCI-e x1 slots, SATA RAID-0/1/10\natapci0@pci0:0:31:2:\tclass=0x010180 card=0xc510144d chip=0x28288086 rev=0x03 hdr=0x00\n    vendor     = 'Intel Corporation'\n    device     = '82801HBM/HEM (ICH8M/ICH8M-E) SATA IDE Controller'\n    class      = mass storage\n    subclass   = ATA\n    bar   [20] = type I/O Port, range 32, base 0x18e0, size 16, enabled\n    bar   [24] = type I/O Port, range 32, base 0x18d0, size 16, enabled\n    cap 01[70] = powerspec 3  supports D0 D3  current D0\nnone0@pci0:0:31:3:\tclass=0x0c0500 card=0xc510144d chip=0x283e8086 rev=0x03 hdr=0x00\n    vendor     = 'Intel Corporation'\n    device     = '82801H (ICH8 Family) SMBus Controller'\n    class      = serial bus\n    subclass   = SMBus\n    bar   [10] = type Memory, range 32, base 0, size 256, enabled\n    bar   [20] = type I/O Port, range 32, base 0x1c00, size 32, enabled\nwpi0@pci0:2:0:0:\tclass=0x028000 card=0x10018086 chip=0x42228086 rev=0x02 hdr=0x00\n    vendor     = 'Intel Corporation'\n    device     = 'PRO/Wireless 3945ABG [Golan] Network Connection'\n    class      = network\n    bar   [10] = type Memory, range 32, base 0xf0300000, size 4096, enabled\n    cap 01[c8] = powerspec 2  supports D0 D3  current D0\n    cap 05[d0] = MSI supports 1 message, 64 bit \n    cap 10[e0] = PCI-Express 1 legacy endpoint max data 128(128) link x1(x1)\necap 0001[100] = AER 1 0 fatal 1 non-fatal 1 corrected\necap 0003[140] = Serial 1 001cbfffff422f57\nmskc0@pci0:3:0:0:\tclass=0x020000 card=0xc510144d chip=0x435311ab rev=0x15 hdr=0x00\n    vendor     = 'Marvell Technology Group Ltd.'\n    device     = '88E8039 PCI-E Fast Ethernet Controller'\n    class      = network\n    subclass   = ethernet\n    bar   [10] = type Memory, range 64, base 0xf0200000, size 16384, enabled\n    bar   [18] = type I/O Port, range 32, base 0x2000, size 256, enabled\n    cap 01[48] = powerspec 2  supports D0 D1 D2 D3  current D0\n    cap 03[50] = VPD\n    cap 05[5c] = MSI supports 2 messages, 64 bit enabled with 1 message\n    cap 10[e0] = PCI-Express 1 legacy endpoint max data 128(128) link x1(x1)\necap 0001[100] = AER 1 0 fatal 0 non-fatal 1 corrected\ncbb0@pci0:4:9:0:\tclass=0x060700 card=0xc510144d chip=0x04761180 rev=0xb4 hdr=0x02\n    vendor     = 'Ricoh Co Ltd'\n    device     = 'RL5c476 II'\n    class      = bridge\n    subclass   = PCI-CardBus\n    bar   [10] = type Memory, range 32, base 0xf0400000, size 4096, enabled\n    cap 01[dc] = powerspec 2  supports D0 D1 D2 D3  current D0\nfwohci0@pci0:4:9:1:\tclass=0x0c0010 card=0xc510144d chip=0x05521180 rev=0x09 hdr=0x00\n    vendor     = 'Ricoh Co Ltd'\n    device     = 'R5C552 IEEE 1394 Controller'\n    class      = serial bus\n    subclass   = FireWire\n    bar   [10] = type Memory, range 32, base 0xf0401000, size 2048, enabled\n    cap 01[dc] = powerspec 2  supports D0 D3  current D0\nnone1@pci0:4:9:2:\tclass=0x080500 card=0xc510144d chip=0x08221180 rev=0x18 hdr=0x00\n    vendor     = 'Ricoh Co Ltd'\n    device     = 'R5C822 SD/SDIO/MMC/MS/MSPro Host Adapter'\n    class      = base peripheral\n    subclass   = SD host controller\n    bar   [10] = type Memory, range 32, base 0xf0401800, size 256, enabled\n    cap 01[80] = powerspec 2  supports D0 D1 D2 D3  current D0\nnone2@pci0:4:9:3:\tclass=0x088000 card=0xc510144d chip=0x08431180 rev=0x00 hdr=0x00\n    vendor     = 'Ricoh Co Ltd'\n    device     = 'R5C843 MMC Host Controller'\n    class      = base peripheral\n    bar   [10] = type Memory, range 32, base 0xf0401c00, size 256, enabled\n    cap 01[80] = powerspec 2  supports D0 D1 D2 D3  current D0\nnone3@pci0:4:9:4:\tclass=0x088000 card=0xc510144d chip=0x05921180 rev=0x09 hdr=0x00\n    vendor     = 'Ricoh Co Ltd'\n    device     = 'R5C592 Memory Stick Bus Host Adapter'\n    class      = base peripheral\n    bar   [10] = type Memory, range 32, base 0xf0402000, size 256, enabled\n    cap 01[80] = powerspec 2  supports D0 D1 D2 D3  current D0\nnone4@pci0:4:9:5:\tclass=0x088000 card=0xc510144d chip=0x08521180 rev=0x04 hdr=0x00\n    vendor     = 'Ricoh Co Ltd'\n    device     = 'xD-Picture Card Controller'\n    class      = base peripheral\n    bar   [10] = type Memory, range 32, base 0xf0402400, size 256, enabled\n    cap 01[80] = powerspec 2  supports D0 D1 D2 D3  current D0\n\nThanks in advance\nDola Marco"
}