{
 "id": 756505,
 "bug_id": 187905,
 "attachment_id": 0,
 "creation_time": "2014-03-24T18:20:00Z",
 "creator": "admin@support.od.ua",
 "text": "On a machine using ZFS, after upgrading from 9.0 to 10.0, zpool status\nsays:\n\n# zpool status\n  pool: tank\n state: ONLINE\nstatus: One or more devices are configured to use a non-native block size.\n        Expect reduced performance.\naction: Replace affected devices with devices that support the\n        configured block size, or migrate data to a properly configured\n        pool.\n  scan: scrub repaired 0 in 4h42m with 0 errors on Mon Mar 24 05:38:49 2014\nconfig:\n\n        NAME               STATE     READ WRITE CKSUM\n        tank               ONLINE       0     0     0\n          gpt/system-ada1  ONLINE       0     0     0  block size: 512B configured, 4096B native\n\nerrors: No known data errors\n\n\nashift: 9\n\n# zdb -U /boot/zfs/zpool.cache\ntank:\n    version: 28\n    name: 'tank'\n    state: 0\n    txg: 9794975\n    pool_guid: 14509785011519350988\n    hostid: 3616469326\n    hostname: 'bimbo.fitnessfactor.com.ua'\n    vdev_children: 1\n    vdev_tree:\n        type: 'root'\n        id: 0\n        guid: 14509785011519350988\n        children[0]:\n            type: 'disk'\n            id: 0\n            guid: 17960990484356700785\n            path: '/dev/gpt/system-ada1'\n            phys_path: '/dev/gpt/system-ada1'\n            whole_disk: 1\n            metaslab_array: 30\n            metaslab_shift: 31\n            ashift: 9\n            asize: 495807889408\n            is_log: 0\n            DTL: 82314\n            create_txg: 4\n\n# diskinfo -v /dev/ada0\n/dev/ada0\n        512             # sectorsize\n        500107862016    # mediasize in bytes (466G)\n        976773168       # mediasize in sectors\n        4096            # stripesize\n        0               # stripeoffset\n        969021          # Cylinders according to firmware.\n        16              # Heads according to firmware.\n        63              # Sectors according to firmware.\n        S20BJ90D306953  # Disk ident.\n\n\n# smartctl -a /dev/ada0\nsmartctl 6.2 2014-02-18 r3874 [FreeBSD 10.0-STABLE amd64] (local build)\nCopyright (C) 2002-13, Bruce Allen, Christian Franke, www.smartmontools.org\n\n=== START OF INFORMATION SECTION ===\nModel Family:     Seagate Barracuda SpinPoint F3\nDevice Model:     ST500DM005 HD502HJ\nSerial Number:    S20BJ90D306953\nLU WWN Device Id: 5 0004cf 209d3bdd6\nFirmware Version: 1AJ10001\nUser Capacity:    500 107 862 016 bytes [500 GB]\nSector Size:      512 bytes logical/physical\nRotation Rate:    7200 rpm\nDevice is:        In smartctl database [for details use: -P show]\nATA Version is:   ATA8-ACS T13/1699-D revision 6\nSATA Version is:  SATA 2.6, 3.0 Gb/s\nLocal Time is:    Mon Mar 24 20:00:48 2014 EET\nSMART support is: Available - device has SMART capability.\nSMART support is: Enabled\n\n=== START OF READ SMART DATA SECTION ===\nSMART overall-health self-assessment test result: PASSED\n.."
}