{
 "id": 1212233,
 "bug_id": 264139,
 "attachment_id": 234095,
 "creation_time": "2022-05-21T22:16:10Z",
 "creator": "freebsd@ihead.ru",
 "text": "Created attachment 234095\nmessages.txt\n\nI have ssd Seagate IronWolf 110 SATA SSD ZA1920NM10001.\n\nsmartctl -a output:\n\nModel Family:     Seagate IronWolf 110 SATA SSD\nDevice Model:     ZA1920NM10001\nSerial Number:    ***\nLU WWN Device Id: 5 000c50 03ea095a7\nFirmware Version: SF44011J\nUser Capacity:    1,920,383,410,176 bytes [1.92 TB]\nSector Sizes:     512 bytes logical, 4096 bytes physical\nRotation Rate:    Solid State Device\nTRIM Command:     Available, deterministic, zeroed\nDevice is:        In smartctl database 7.3/5319\nATA Version is:   ACS-4, ACS-2 T13/2015-D revision 3\nSATA Version is:  SATA 3.3, 6.0 Gb/s (current: 6.0 Gb/s)\nLocal Time is:    Sun May 22 01:04:13 2022 MSK\nSMART support is: Available - device has SMART capability.\nSMART support is: Enabled\n\nBy default kernel selects NCQ_DSM_TRIM as delete method for trim.\nThis leads to unstable work of drives (freezes).\nLog messages are attached.\n\nWorkaround is: kern.cam.ada.X.delete_method=DSM_TRIM.\n\nI suppose sys/cam/ata/ata_da.c need to be changed."
}