{
 "id": 663086,
 "bug_id": 167491,
 "attachment_id": 0,
 "creation_time": "2012-09-08T10:42:47Z",
 "creator": "alexander.kuehn@nagilum.de",
 "text": "I see the same on x86 along with:\n\nmessages.4.bz2:Sep  2 17:04:29 cakebox kernel: ath0: stuck beacon;  \nresetting (bmiss count 4)\nmessages.4.bz2:Sep  2 17:04:33 cakebox kernel: ath0: stuck beacon;  \nresetting (bmiss count 4)\nmessages.4.bz2:Sep  2 17:04:33 cakebox kernel: ath0: ath_start:  \nsc_inreset_cnt \u003e 0; bailing\nmessages.4.bz2:Sep  2 17:05:12 cakebox kernel: ath0: ath_tx_tid_drain:  \nnode 0xc47ea000: bf=0xc350fcc0: addbaw=0, dobaw=0, seqno=0, retry=0\nmessages.4.bz2:Sep  2 17:05:12 cakebox kernel: ath0: ath_tx_tid_drain:  \nnode 0xc47ea000: bf=0xc350fcc0: tid txq_depth=1 hwq_depth=0, bar_wait=0\nmessages.4.bz2:Sep  2 17:05:12 cakebox kernel: ath0: ath_tx_tid_drain:  \nnode 0xc47ea000: tid 16: txq_depth=64, txq_aggr_depth=0, sched=0,  \npaused=0, hwq_depth=0, incomp=0, baw_head=0, baw_tail=0 txa_start=-1,  \nni_txseqs=7\nmessages.4.bz2:Sep  2 17:06:25 cakebox kernel: ath0: stuck beacon;  \nresetting (bmiss count 4)\n\nUnfortunately this causes the transfer rates to drop and occasionally  \neven makes it impossible to associate with the AP.\n\ndmesg:\nCopyright (c) 1992-2012 The FreeBSD Project.\nCopyright (c) 1979, 1980, 1983, 1986, 1988, 1989, 1991, 1992, 1993, 1994\n         The Regents of the University of California. All rights reserved.\nFreeBSD is a registered trademark of The FreeBSD Foundation.\nFreeBSD 10.0-CURRENT #0: Wed Aug 29 13:01:13 CEST 2012\n     root@cakebox.tis:/usr/obj/export/src/sys/net5501 i386\nCPU: Geode(TM) Integrated Processor by AMD PCS (499.91-MHz 586-class CPU)\n   Origin = \"AuthenticAMD\"  Id = 0x5a2  Family = 5  Model = a  Stepping = 2\n   Features=0x88a93d\u003cFPU,DE,PSE,TSC,MSR,CX8,SEP,PGE,CMOV,CLFLUSH,MMX\u003e\n   AMD Features=0xc0400000\u003cMMX+,3DNow!+,3DNow!\u003e\nreal memory  = 536870912 (512 MB)\navail memory = 515837952 (491 MB)\nK6-family MTRR support enabled (2 registers)\ncryptosoft0: \u003csoftware crypto\u003e on motherboard\npcib0 pcibus 0 on motherboard\npci0: \u003cPCI bus\u003e on pcib0\nGeode LX: Soekris net5501 comBIOS ver. 1.33 20070103 Copyright (C) 2000-2007\nglxsb0: \u003cAMD Geode LX Security Block (AES-128-CBC, RNG)\u003e mem  \n0xa0000000-0xa0003fff irq 10 at device 1.2 on pci0\nvr0: \u003cVIA VT6105M Rhine III 10/100BaseTX\u003e port 0xe100-0xe1ff mem  \n0xa0004000-0xa00040ff irq 11 at device 6.0 on pci0\nvr0: Quirks: 0x2\nvr0: Revision: 0x96\nmiibus0: \u003cMII bus\u003e on vr0\nukphy0: \u003cGeneric IEEE 802.3u media interface\u003e PHY 1 on miibus0\nukphy0:  none, 10baseT, 10baseT-FDX, 100baseTX, 100baseTX-FDX, auto, auto-flow\nvr0: Ethernet address: 00:00:24:cb:a6:80\nvr1: \u003cVIA VT6105M Rhine III 10/100BaseTX\u003e port 0xe200-0xe2ff mem  \n0xa0004100-0xa00041ff irq 5 at device 7.0 on pci0\nvr1: Quirks: 0x2\nvr1: Revision: 0x96\nmiibus1: \u003cMII bus\u003e on vr1\nukphy1: \u003cGeneric IEEE 802.3u media interface\u003e PHY 1 on miibus1\nukphy1:  none, 10baseT, 10baseT-FDX, 100baseTX, 100baseTX-FDX, auto, auto-flow\nvr1: Ethernet address: 00:00:24:cb:a6:81\nvr2: \u003cVIA VT6105M Rhine III 10/100BaseTX\u003e port 0xe300-0xe3ff mem  \n0xa0004200-0xa00042ff irq 9 at device 8.0 on pci0\nvr2: Quirks: 0x2\nvr2: Revision: 0x96\nmiibus2: \u003cMII bus\u003e on vr2\nukphy2: \u003cGeneric IEEE 802.3u media interface\u003e PHY 1 on miibus2\nukphy2:  none, 10baseT, 10baseT-FDX, 100baseTX, 100baseTX-FDX, auto, auto-flow\nvr2: Ethernet address: 00:00:24:cb:a6:82\nvr3: \u003cVIA VT6105M Rhine III 10/100BaseTX\u003e port 0xe400-0xe4ff mem  \n0xa0004300-0xa00043ff irq 12 at device 9.0 on pci0\nvr3: Quirks: 0x2\nvr3: Revision: 0x96\nmiibus3: \u003cMII bus\u003e on vr3\nukphy3: \u003cGeneric IEEE 802.3u media interface\u003e PHY 1 on miibus3\nukphy3:  none, 10baseT, 10baseT-FDX, 100baseTX, 100baseTX-FDX, auto, auto-flow\nvr3: Ethernet address: 00:00:24:cb:a6:83\nath0: \u003cAtheros 5416\u003e mem 0xa0010000-0xa001ffff irq 10 at device 14.0 on pci0\nath0: DMA setup: legacy\nath0: [HT] enabling HT modes\nath0: [HT] RTS aggregates limited to 8 KiB\nath0: [HT] 2 RX streams; 2 TX streams\nath0: AR5416 mac 13.10 RF2133 phy 8.1\nath0: 2GHz radio: 0x0000; 5GHz radio: 0x00d0\nisab0: \u003cPCI-ISA bridge\u003e at device 20.0 on pci0\nisa0: \u003cISA bus\u003e on isab0\natapci0: \u003cAMD CS5536 UDMA100 controller\u003e port  \n0x1f0-0x1f7,0x3f6,0x170-0x177,0x376,0xe000-0xe00f at device 20.2 on pci0\nata0: \u003cATA channel\u003e at channel 0 on atapci0\nata1: \u003cATA channel\u003e at channel 1 on atapci0\nohci0: \u003cOHCI (generic) USB controller\u003e mem 0xa0020000-0xa0020fff irq  \n15 at device 21.0 on pci0\nusbus0 on ohci0\nehci0: \u003cAMD CS5536 (Geode) USB 2.0 controller\u003e mem  \n0xa0021000-0xa0021fff irq 15 at device 21.1 on pci0\nusbus1: EHCI version 1.0\nusbus1 on ehci0\ncpu0 on motherboard\norm0: \u003cISA Option ROM\u003e at iomem 0xc8000-0xd27ff pnpid ORM0000 on isa0\natrtc0: \u003cAT realtime clock\u003e at port 0x70 irq 8 on isa0\nEvent timer \"RTC\" frequency 32768 Hz quality 0\nattimer0: \u003cAT timer\u003e at port 0x40 on isa0\nTimecounter \"i8254\" frequency 1193182 Hz quality 0\nEvent timer \"i8254\" frequency 1193182 Hz quality 100\nuart0: \u003c16550 or compatible\u003e at port 0x3f8-0x3ff irq 4 flags 0x10 on isa0\nuart0: console (19200,n,8,1)\nuart1: \u003c16550 or compatible\u003e at port 0x2f8-0x2ff irq 3 on isa0\nTimecounters tick every 1.000 msec\nusbus0: 12Mbps Full Speed USB v1.0\nusbus1: 480Mbps High Speed USB v2.0\nugen0.1: \u003cAMD\u003e at usbus0\nuhub0: \u003cAMD OHCI root HUB, class 9/0, rev 1.00/1.00, addr 1\u003e on usbus0\nugen1.1: \u003cAMD\u003e at usbus1\nuhub1: \u003cAMD EHCI root HUB, class 9/0, rev 2.00/1.00, addr 1\u003e on usbus1\nad0: 152627MB \u003cSAMSUNG HM160HC LQ100-10\u003e at ata0-master UDMA100\nGEOM_SCHED: Initializing global data.\nGEOM_SCHED: Loading: mp = 0xc0a9aa20, g_sched_class = 0xc0a9aa20.\nTimecounter \"TSC\" frequency 499912531 Hz quality 800\nuhub0: 4 ports with 4 removable, self powered\nRoot mount waiting for: usbus1\nuhub1: 4 ports with 4 removable, self powered"
}