{
 "id": 427870,
 "bug_id": 120091,
 "attachment_id": 0,
 "creation_time": "2008-01-30T10:04:35Z",
 "creator": "ota@j.email.ne.jp",
 "text": "On Wed, 30 Jan 2008 00:16:58 +0100\nVolker \u003cvolker@vwsoft.com\u003e wrote:\n\n\u003e Hi Ota,\n\u003e \n\u003e Please provide output of:\n\u003e \n\u003e geli status\n\u003e gconcat status\n\u003e dmesg\n\u003e \n\u003e Volker\n\u003e \n\nPlease note that the system fails to mount /dev/concat/export.eli.gjournal\nand falls back to the single user mode.  Then, I type \"geli attach /dev/concat/export\"\nand \"GEOM_ELI: Device concat/export.eli created.\" appears.\n\n\n# geli status\n             Name  Status  Components\nconcat/export.eli     N/A  concat/export\n# gconcat status\n         Name  Status  Components\nconcat/export      UP  ad4s3f\n                       ad4s4f\n# dmesg\nCopyright (c) 1992-2008 The FreeBSD Project.\nCopyright (c) 1979, 1980, 1983, 1986, 1988, 1989, 1991, 1992, 1993, 1994\n\tThe Regents of the University of California. All rights reserved.\nFreeBSD is a registered trademark of The FreeBSD Foundation.\nFreeBSD 7.0-RC1 #400: Fri Jan 25 00:00:28 EST 2008\n    root@xxx:/usr/obj/usr/src/sys/GENERIC\nTimecounter \"i8254\" frequency 1193182 Hz quality 0\nCPU: AMD Turion(tm) 64 X2 Mobile Technology TL-58 (1908.70-MHz 686-class CPU)\n  Origin = \"AuthenticAMD\"  Id = 0x60f81  Stepping = 1\n  Features=0x178bfbff\u003cFPU,VME,DE,PSE,TSC,MSR,PAE,MCE,CX8,APIC,SEP,MTRR,PGE,MCA,CMOV,PAT,PSE36,CLFLUSH,MMX,FXSR,SSE,SSE2,HTT\u003e\n  Features2=0x2001\u003cSSE3,CX16\u003e\n  AMD Features=0xea500800\u003cSYSCALL,NX,MMX+,FFXSR,RDTSCP,LM,3DNow!+,3DNow!\u003e\n  AMD Features2=0x11f\u003cLAHF,CMP,SVM,ExtAPIC,CR8,Prefetch\u003e\n  Cores per package: 2\nreal memory  = 1005584384 (959 MB)\navail memory = 970309632 (925 MB)\nACPI APIC Table: \u003cHP     \t APIC  \u003e\nFreeBSD/SMP: Multiprocessor System Detected: 2 CPUs\n cpu0 (BSP): APIC ID:  0\n cpu1 (AP): APIC ID:  1\nMADT: Forcing active-low polarity and level trigger for SCI\nioapic0 \u003cVersion 1.1\u003e irqs 0-23 on motherboard\nwlan: mac acl policy registered\nkbd1 at kbdmux0\nath_hal: 0.9.20.3 (AR5210, AR5211, AR5212, RF5111, RF5112, RF2413, RF5413)\nhptrr: HPT RocketRAID controller driver v1.1 (Jan 20 2008 00:19:12)\nacpi0: \u003cHPQOEM SLIC-MPC\u003e on motherboard\nacpi0: [ITHREAD]\nacpi0: Power Button (fixed)\nTimecounter \"ACPI-safe\" frequency 3579545 Hz quality 850\nacpi_timer0: \u003c24-bit timer at 3.579545MHz\u003e port 0x1008-0x100b on acpi0\nacpi_ec0: \u003cEmbedded Controller: GPE 0x10\u003e port 0x62,0x66 on acpi0\nacpi_hpet0: \u003cHigh Precision Event Timer\u003e iomem 0xfed00000-0xfed003ff on acpi0\nTimecounter \"HPET\" frequency 25000000 Hz quality 900\ncpu0: \u003cACPI CPU\u003e on acpi0\npowernow0: \u003cPowerNow! K8\u003e on cpu0\ncpu1: \u003cACPI CPU\u003e on acpi0\npowernow1: \u003cPowerNow! K8\u003e on cpu1\nacpi_button0: \u003cPower Button\u003e on acpi0\nacpi_button1: \u003cSleep Button\u003e on acpi0\nacpi_acad0: \u003cAC Adapter\u003e on acpi0\nbattery0: \u003cACPI Control Method Battery\u003e on acpi0\nacpi_lid0: \u003cControl Method Lid Switch\u003e on acpi0\npcib0: \u003cACPI Host-PCI bridge\u003e port 0xcf8-0xcff on acpi0\npci_link9: BIOS IRQ 10 for 0.10.INTB is invalid\npci0: \u003cACPI PCI bus\u003e on pcib0\npci0: \u003cmemory, RAM\u003e at device 0.0 (no driver attached)\npci0: \u003cmemory, RAM\u003e at device 0.1 (no driver attached)\npci0: \u003cmemory, RAM\u003e at device 0.2 (no driver attached)\npci0: \u003cmemory, RAM\u003e at device 0.3 (no driver attached)\npci0: \u003cmemory, RAM\u003e at device 0.4 (no driver attached)\npci0: \u003cmemory, RAM\u003e at device 0.5 (no driver attached)\npci0: \u003cmemory, RAM\u003e at device 0.6 (no driver attached)\npci0: \u003cmemory, RAM\u003e at device 0.7 (no driver attached)\npcib1: \u003cACPI PCI-PCI bridge\u003e at device 2.0 on pci0\npci1: \u003cACPI PCI bus\u003e on pcib1\npcib2: \u003cACPI PCI-PCI bridge\u003e at device 3.0 on pci0\npci3: \u003cACPI PCI bus\u003e on pcib2\npci3: \u003cnetwork\u003e at device 0.0 (no driver attached)\nvgapci0: \u003cVGA-compatible display\u003e mem 0xb2000000-0xb2ffffff,0xc0000000-0xcfffffff,0xb1000000-0xb1ffffff irq 18 at device 5.0 on pci0\npci0: \u003cmemory, RAM\u003e at device 9.0 (no driver attached)\nisab0: \u003cPCI-ISA bridge\u003e port 0x1d00-0x1d7f at device 10.0 on pci0\nisa0: \u003cISA bus\u003e on isab0\npci0: \u003cserial bus, SMBus\u003e at device 10.1 (no driver attached)\npci0: \u003cprocessor\u003e at device 10.3 (no driver attached)\nohci0: \u003cOHCI (generic) USB controller\u003e mem 0xb0004000-0xb0004fff irq 22 at device 11.0 on pci0\nohci0: [GIANT-LOCKED]\nohci0: [ITHREAD]\nusb0: OHCI version 1.0, legacy support\nusb0: SMM does not respond, resetting\nusb0: \u003cOHCI (generic) USB controller\u003e on ohci0\nusb0: USB revision 1.0\nuhub0: \u003cnVidia OHCI root hub, class 9/0, rev 1.00/1.00, addr 1\u003e on usb0\nuhub0: 8 ports with 8 removable, self powered\nehci0: \u003cEHCI (generic) USB 2.0 controller\u003e mem 0xb0005000-0xb00050ff irq 22 at device 11.1 on pci0\nehci0: [GIANT-LOCKED]\nehci0: [ITHREAD]\nusb1: EHCI version 1.0\nusb1: companion controller, 8 ports each: usb0\nusb1: \u003cEHCI (generic) USB 2.0 controller\u003e on ehci0\nusb1: USB revision 2.0\nuhub1: \u003cnVidia EHCI root hub, class 9/0, rev 2.00/1.00, addr 1\u003e on usb1\nuhub1: 8 ports with 8 removable, self powered\numass0: \u003cvendor 0x04b4 Cypress AT2LP, class 0/0, rev 2.00/2.40, addr 2\u003e on uhub1\nugen0: \u003cSonix Technology Co., Ltd. USB 2.0 Camera, class 239/2, rev 2.00/2.10, addr 3\u003e on uhub1\natapci0: \u003cnVidia nForce MCP51 UDMA133 controller\u003e port 0x1f0-0x1f7,0x3f6,0x170-0x177,0x376,0x3080-0x308f at device 13.0 on pci0\nata0: \u003cATA channel 0\u003e on atapci0\nata0: [ITHREAD]\nata1: \u003cATA channel 1\u003e on atapci0\nata1: [ITHREAD]\natapci1: \u003cnVidia nForce MCP51 SATA300 controller\u003e port 0x30c0-0x30c7,0x30b4-0x30b7,0x30b8-0x30bf,0x30b0-0x30b3,0x3090-0x309f irq 23 at device 14.0 on pci0\natapci1: [ITHREAD]\nata2: \u003cATA channel 0\u003e on atapci1\nata2: [ITHREAD]\nata3: \u003cATA channel 1\u003e on atapci1\nata3: [ITHREAD]\npcib3: \u003cACPI PCI-PCI bridge\u003e at device 16.0 on pci0\npci_link0: BIOS IRQ 11 for 7.5.INTA is invalid\npci_link1: BIOS IRQ 11 for 7.5.INTB is invalid\npci7: \u003cACPI PCI bus\u003e on pcib3\nfwohci0: \u003c1394 Open Host Controller Interface\u003e mem 0xb8000000-0xb80007ff irq 9 at device 5.0 on pci7\nfwohci0: [FILTER]\nfwohci0: OHCI version 1.10 (ROM=0)\nfwohci0: No. of Isochronous channels is 4.\nfwohci0: EUI64 00:24:1b:00:f7:2b:34:00\nfwohci0: Phy 1394a available S400, 1 ports.\nfwohci0: Link S400, max_rec 2048 bytes.\nfirewire0: \u003cIEEE1394(FireWire) bus\u003e on fwohci0\nfwe0: \u003cEthernet over FireWire\u003e on firewire0\nif_fwe0: Fake Ethernet address: 02:24:1b:2b:34:00\nfwe0: Ethernet address: 02:24:1b:2b:34:00\nfwip0: \u003cIP over FireWire\u003e on firewire0\nfwip0: Firewire address: 00:24:1b:00:f7:2b:34:00 @ 0xfffe00000000, S400, maxrec 2048\nsbp0: \u003cSBP-2/SCSI over FireWire\u003e on firewire0\ndcons_crom0: \u003cdcons configuration ROM\u003e on firewire0\ndcons_crom0: bus_addr 0x12c4000\nfwohci0: Initiate bus reset\nfwohci0: BUS reset\nfwohci0: node_id=0xc800ffc0, gen=1, CYCLEMASTER mode\npci7: \u003cbase peripheral\u003e at device 5.1 (no driver attached)\npci7: \u003cbase peripheral\u003e at device 5.2 (no driver attached)\npci7: \u003cbase peripheral\u003e at device 5.3 (no driver attached)\npci7: \u003cbase peripheral\u003e at device 5.4 (no driver attached)\npci0: \u003cmultimedia\u003e at device 16.1 (no driver attached)\nnfe0: \u003cNVIDIA nForce 430 MCP13 Networking Adapter\u003e port 0x30e0-0x30e7 mem 0xb0008000-0xb0008fff irq 20 at device 20.0 on pci0\nmiibus0: \u003cMII bus\u003e on nfe0\nrlphy0: \u003cRTL8201L 10/100 media interface\u003e PHY 1 on miibus0\nrlphy0:  10baseT, 10baseT-FDX, 100baseTX, 100baseTX-FDX, auto\nnfe0: Ethernet address: 00:1b:24:68:7c:d7\nnfe0: [FILTER]\nacpi_tz0: \u003cThermal Zone\u003e on acpi0\natkbdc0: \u003cKeyboard controller (i8042)\u003e port 0x60,0x64 irq 1 on acpi0\natkbd0: \u003cAT Keyboard\u003e irq 1 on atkbdc0\nkbd0 at atkbd0\natkbd0: [GIANT-LOCKED]\natkbd0: [ITHREAD]\npsm0: \u003cPS/2 Mouse\u003e irq 12 on atkbdc0\npsm0: [GIANT-LOCKED]\npsm0: [ITHREAD]\npsm0: model IntelliMouse, device ID 3\npmtimer0 on isa0\norm0: \u003cISA Option ROM\u003e at iomem 0xcf800-0xd0fff pnpid ORM0000 on isa0\nppc0: parallel port not found.\nsc0: \u003cSystem console\u003e at flags 0x100 on isa0\nsc0: VGA \u003c16 virtual consoles, flags=0x300\u003e\nsio0: configured irq 4 not in bitmap of probed irqs 0\nsio0: port may not be enabled\nsio0: configured irq 4 not in bitmap of probed irqs 0\nsio0: port may not be enabled\nsio0 at port 0x3f8-0x3ff irq 4 flags 0x10 on isa0\nsio0: type 8250 or not responding\nsio0: [FILTER]\nsio1: configured irq 3 not in bitmap of probed irqs 0\nsio1: port may not be enabled\nvga0: \u003cGeneric ISA VGA\u003e at port 0x3c0-0x3df iomem 0xa0000-0xbffff on isa0\nums0: \u003cMosArt Optical Mouse, class 0/0, rev 1.10/0.00, addr 2\u003e on uhub0\nums0: 3 buttons and Z dir.\nTimecounters tick every 1.000 msec\nhptrr: no controller detected.firewire0: 1 nodes, maxhop \u003c= 0, cable IRM = 0 (me)\nfirewire0: bus manager 0 (me)\n\nacd0: DVDR \u003cTSSTcorpCD/DVDW TS-L632M/0917\u003e at ata0-master PIO4\nad4: 152627MB \u003cWDC WD1600BEVS-60RST0 04.01G04\u003e at ata2-master SATA150\nGEOM_LABEL: Label for provider ad4s2 is ntfs/HP_RECOVERY.\nGEOM_CONCAT: Device export created (id=3382027346).\nGEOM_CONCAT: Disk ad4s3f attached to export.\nGEOM_JOURNAL: Journal 4240811370: ad4s4e contains data.\nGEOM_CONCAT: Disk ad4s4f attached to export.\nGEOM_CONCAT: Device export activated.\nGEOM_JOURNAL: Journal 4240811370: ad4s4g contains journal.\nGEOM_JOURNAL: Journal ad4s4e clean.\nSMP: AP CPU #1 Launched!\nda0 at umass-sim0 bus 0 target 0 lun 0\nda0: \u003cSAMSUNG SP2514N 0000\u003e Fixed Direct Access SCSI-0 device \nda0: 40.000MB/s transfers\nda0: 238475MB (488397168 512 byte sectors: 255H 63S/T 30401C)\nTrying to mount root from ufs:/dev/ad4s4a\ncryptosoft0: \u003csoftware crypto\u003e on motherboard\nGEOM_ELI: Device concat/export.eli created.\nGEOM_ELI: Encryption: AES-CBC 128\nGEOM_ELI:     Crypto: software\nGEOM_JOURNAL: Journal 2182369297: concat/export.eli contains data.\nGEOM_JOURNAL: Journal 2182369297: concat/export.eli contains journal.\nGEOM_JOURNAL: Journal concat/export.eli clean.\nWARNING: TMPFS is considered to be a highly experimental feature in FreeBSD.\nWARNING: TMPFS is considered to be a highly experimental feature in FreeBSD.\numass0: at uhub1 port 2 (addr 2) disconnected\n(da0:umass-sim0:0:0:0): lost device\n(da0:umass-sim0:0:0:0): removing device entry\numass0: detached"
}