{
 "id": 1084153,
 "bug_id": 241774,
 "attachment_id": 0,
 "creation_time": "2020-01-17T02:14:30Z",
 "creator": "matt@snowtrek.org",
 "text": "(In reply to Vincenzo Maffione from comment #66)\n\nInstalled clean 11.3 RELEASE as QEMU 4.1. No NIC shows up under ifconfig, \nChange to QEMU 3.1 and em0 shows up. Let me know if you need anything else.\n\n#################################################\n11.3 +netmap patch, QEMU 4.1, OVMF, SATA, E1000\n+++++++++++++++++++++++++++++++++++++++++++++++++\nifconfig\n\nlo0: flags=8049\u003cUP,LOOPBACK,RUNNING,MULTICAST\u003e metric 0 mtu 16384\n\toptions=680003\u003cRXCSUM,TXCSUM,LINKSTATE,RXCSUM_IPV6,TXCSUM_IPV6\u003e\n\tinet6 ::1 prefixlen 128\n\tinet6 fe80::1%lo0 prefixlen 64 scopeid 0x1\n\tinet 127.0.0.1 netmask 0xff000000\n\tnd6 options=21\u003cPERFORMNUD,AUTO_LINKLOCAL\u003e\n\tgroups: lo\n+++++++++++++++++++++++++++++++++++++++++++++++++\npciconf -lv\n\nhostb0@pci0:0:0:0:\tclass=0x060000 card=0x11001af4 chip=0x29c08086 rev=0x00 hdr=0x00\n    vendor     = 'Intel Corporation'\n    device     = '82G33/G31/P35/P31 Express DRAM Controller'\n    class      = bridge\n    subclass   = HOST-PCI\nvgapci0@pci0:0:1:0:\tclass=0x030000 card=0x11001af4 chip=0x01001b36 rev=0x04 hdr=0x00\n    vendor     = 'Red Hat, Inc.'\n    device     = 'QXL paravirtual graphic card'\n    class      = display\n    subclass   = VGA\npcib1@pci0:0:2:0:\tclass=0x060400 card=0x00001b36 chip=0x000c1b36 rev=0x00 hdr=0x01\n    vendor     = 'Red Hat, Inc.'\n    device     = 'QEMU PCIe Root port'\n    class      = bridge\n    subclass   = PCI-PCI\npcib2@pci0:0:2:1:\tclass=0x060400 card=0x00001b36 chip=0x000c1b36 rev=0x00 hdr=0x01\n    vendor     = 'Red Hat, Inc.'\n    device     = 'QEMU PCIe Root port'\n    class      = bridge\n    subclass   = PCI-PCI\npcib3@pci0:0:2:2:\tclass=0x060400 card=0x00001b36 chip=0x000c1b36 rev=0x00 hdr=0x01\n    vendor     = 'Red Hat, Inc.'\n    device     = 'QEMU PCIe Root port'\n    class      = bridge\n    subclass   = PCI-PCI\npcib4@pci0:0:2:3:\tclass=0x060400 card=0x00001b36 chip=0x000c1b36 rev=0x00 hdr=0x01\n    vendor     = 'Red Hat, Inc.'\n    device     = 'QEMU PCIe Root port'\n    class      = bridge\n    subclass   = PCI-PCI\nuhci0@pci0:0:7:0:\tclass=0x0c0300 card=0x11001af4 chip=0x29348086 rev=0x03 hdr=0x00\n    vendor     = 'Intel Corporation'\n    device     = '82801I (ICH9 Family) USB UHCI Controller'\n    class      = serial bus\n    subclass   = USB\nuhci1@pci0:0:7:1:\tclass=0x0c0300 card=0x11001af4 chip=0x29358086 rev=0x03 hdr=0x00\n    vendor     = 'Intel Corporation'\n    device     = '82801I (ICH9 Family) USB UHCI Controller'\n    class      = serial bus\n    subclass   = USB\nuhci2@pci0:0:7:2:\tclass=0x0c0300 card=0x11001af4 chip=0x29368086 rev=0x03 hdr=0x00\n    vendor     = 'Intel Corporation'\n    device     = '82801I (ICH9 Family) USB UHCI Controller'\n    class      = serial bus\n    subclass   = USB\nnone0@pci0:0:7:7:\tclass=0x0c0320 card=0x11001af4 chip=0x293a8086 rev=0x03 hdr=0x00\n    vendor     = 'Intel Corporation'\n    device     = '82801I (ICH9 Family) USB2 EHCI Controller'\n    class      = serial bus\n    subclass   = USB\nisab0@pci0:0:31:0:\tclass=0x060100 card=0x11001af4 chip=0x29188086 rev=0x02 hdr=0x00\n    vendor     = 'Intel Corporation'\n    device     = '82801IB (ICH9) LPC Interface Controller'\n    class      = bridge\n    subclass   = PCI-ISA\nahci0@pci0:0:31:2:\tclass=0x010601 card=0x11001af4 chip=0x29228086 rev=0x02 hdr=0x00\n    vendor     = 'Intel Corporation'\n    device     = '82801IR/IO/IH (ICH9R/DO/DH) 6 port SATA Controller [AHCI mode]'\n    class      = mass storage\n    subclass   = SATA\nnone1@pci0:0:31:3:\tclass=0x0c0500 card=0x11001af4 chip=0x29308086 rev=0x02 hdr=0x00\n    vendor     = 'Intel Corporation'\n    device     = '82801I (ICH9 Family) SMBus Controller'\n    class      = serial bus\n    subclass   = SMBus\nnone2@pci0:1:0:0:\tclass=0x020000 card=0x11001af4 chip=0x100e8086 rev=0x03 hdr=0x00\n    vendor     = 'Intel Corporation'\n    device     = '82540EM Gigabit Ethernet Controller'\n    class      = network\n    subclass   = ethernet\n\n+++++++++++++++++++++++++++++++++++++++++++++++++\ndmesg\n\nCopyright (c) 1992-2019 The FreeBSD Project.\nCopyright (c) 1979, 1980, 1983, 1986, 1988, 1989, 1991, 1992, 1993, 1994\n\tThe Regents of the University of California. All rights reserved.\nFreeBSD is a registered trademark of The FreeBSD Foundation.\nFreeBSD 11.3-RELEASE #1: Thu Jan 16 16:19:11 PST 2020\n    root@cylon20:/usr/obj/usr/src/sys/MYKERNEL amd64\nFreeBSD clang version 8.0.0 (tags/RELEASE_800/final 356365) (based on LLVM 8.0.0)\nVT(efifb): resolution 800x600\nCPU: Intel(R) Core(TM) i7-8700 CPU @ 3.20GHz (3192.06-MHz K8-class CPU)\n  Origin=\"GenuineIntel\"  Id=0x906ea  Family=0x6  Model=0x9e  Stepping=10\n  Features=0x1f83fbff\u003cFPU,VME,DE,PSE,TSC,MSR,PAE,MCE,CX8,APIC,SEP,MTRR,PGE,MCA,CMOV,PAT,PSE36,MMX,FXSR,SSE,SSE2,SS,HTT\u003e\n  Features2=0xfffa3203\u003cSSE3,PCLMULQDQ,SSSE3,FMA,CX16,PCID,SSE4.1,SSE4.2,x2APIC,MOVBE,POPCNT,TSCDLT,AESNI,XSAVE,OSXSAVE,AVX,F16C,RDRAND,HV\u003e\n  AMD Features=0x2c100800\u003cSYSCALL,NX,Page1GB,RDTSCP,LM\u003e\n  AMD Features2=0x121\u003cLAHF,ABM,Prefetch\u003e\n  Structured Extended Features=0x1c4fbb\u003cFSGSBASE,TSCADJ,BMI1,HLE,AVX2,SMEP,BMI2,ERMS,INVPCID,RTM,MPX,RDSEED,ADX,SMAP\u003e\n  Structured Extended Features2=0x4\u003cUMIP\u003e\n  Structured Extended Features3=0x8c000400\u003cMD_CLEAR,IBPB,STIBP,SSBD\u003e\n  XSAVE Features=0xf\u003cXSAVEOPT,XSAVEC,XINUSE,XSAVES\u003e\nreal memory  = 4294967296 (4096 MB)\navail memory = 4063502336 (3875 MB)\nEvent timer \"LAPIC\" quality 600\nACPI APIC Table: \u003cBOCHS  BXPCAPIC\u003e\nWARNING: L1 data cache covers less APIC IDs than a core\n0 \u003c 1\nFreeBSD/SMP: Multiprocessor System Detected: 2 CPUs\nFreeBSD/SMP: 1 package(s) x 2 hardware threads\nioapic0 \u003cVersion 1.1\u003e irqs 0-23 on motherboard\nSMP: AP CPU #1 Launched!\nrandom: entropy device external interface\nkbd1 at kbdmux0\n000.000030 [4213] netmap_init               netmap: loaded module\nmodule_register_init: MOD_LOAD (vesa, 0xffffffff81004eb0, 0) error 19\nrandom: registering fast source Intel Secure Key RNG\nrandom: fast provider: \"Intel Secure Key RNG\"\nnexus0\ncryptosoft0: \u003csoftware crypto\u003e on motherboard\nacpi0: \u003cBOCHS BXPCFACP\u003e on motherboard\nacpi0: Power Button (fixed)\ncpu0: \u003cACPI CPU\u003e on acpi0\ncpu1: \u003cACPI CPU\u003e on acpi0\natrtc0: \u003cAT realtime clock\u003e port 0x70-0x71,0x72-0x77 irq 8 on acpi0\natrtc0: registered as a time-of-day clock, resolution 1.000000s\nEvent timer \"RTC\" frequency 32768 Hz quality 0\nTimecounter \"ACPI-fast\" frequency 3579545 Hz quality 900\nacpi_timer0: \u003c24-bit timer at 3.579545MHz\u003e port 0x608-0x60b on acpi0\npcib0: \u003cACPI Host-PCI bridge\u003e port 0xcf8-0xcff on acpi0\npci0: \u003cACPI PCI bus\u003e on pcib0\nvgapci0: \u003cVGA-compatible display\u003e port 0xa0c0-0xa0df mem 0x94000000-0x97ffffff,0x90000000-0x93ffffff,0x98800000-0x98801fff irq 21 at device 1.0 on pci0\nvgapci0: Boot video device\npcib1: \u003cACPI PCI-PCI bridge\u003e mem 0x98807000-0x98807fff irq 22 at device 2.0 on pci0\npcib1: [GIANT-LOCKED]\npcib2: \u003cPCI-PCI bridge\u003e mem 0x98806000-0x98806fff irq 22 at device 2.1 on pci0\npcib2: Failed to allocate interrupt for PCI-e events\npcib3: \u003cPCI-PCI bridge\u003e mem 0x98805000-0x98805fff irq 22 at device 2.2 on pci0\npcib3: Failed to allocate interrupt for PCI-e events\npcib4: \u003cPCI-PCI bridge\u003e mem 0x98804000-0x98804fff irq 22 at device 2.3 on pci0\npcib4: Failed to allocate interrupt for PCI-e events\nuhci0: \u003cIntel 82801I (ICH9) USB controller\u003e port 0xa0a0-0xa0bf irq 23 at device 7.0 on pci0\nusbus0 on uhci0\nuhci1: \u003cIntel 82801I (ICH9) USB controller\u003e port 0xa080-0xa09f irq 20 at device 7.1 on pci0\nusbus1 on uhci1\nuhci2: \u003cIntel 82801I (ICH9) USB controller\u003e port 0xa060-0xa07f irq 21 at device 7.2 on pci0\nusbus2 on uhci2\nehci0: \u003cIntel 82801I (ICH9) USB 2.0 controller\u003e mem 0x98803000-0x98803fff irq 22 at device 7.7 on pci0\nehci0: Could not allocate irq\ndevice_attach: ehci0 attach returned 6\nisab0: \u003cPCI-ISA bridge\u003e at device 31.0 on pci0\nisa0: \u003cISA bus\u003e on isab0\nahci0: \u003cIntel ICH9 AHCI SATA controller\u003e port 0xa040-0xa05f mem 0x98802000-0x98802fff irq 16 at device 31.2 on pci0\nahci0: AHCI v1.00 with 6 1.5Gbps ports, Port Multiplier not supported\nahcich0: \u003cAHCI channel\u003e at channel 0 on ahci0\nahcich1: \u003cAHCI channel\u003e at channel 1 on ahci0\nahcich2: \u003cAHCI channel\u003e at channel 2 on ahci0\nahcich3: \u003cAHCI channel\u003e at channel 3 on ahci0\nahcich4: \u003cAHCI channel\u003e at channel 4 on ahci0\nahcich5: \u003cAHCI channel\u003e at channel 5 on ahci0\nacpi_syscontainer0: \u003cSystem Container\u003e on acpi0\nacpi_syscontainer1: \u003cSystem Container\u003e port 0xcd8-0xce3 on acpi0\nacpi_syscontainer2: \u003cSystem Container\u003e port 0x620-0x62f on acpi0\natkbdc0: \u003cKeyboard controller (i8042)\u003e port 0x60,0x64 irq 1 on acpi0\natkbd0: \u003cAT Keyboard\u003e irq 1 on atkbdc0\nkbd0 at atkbd0\natkbd0: [GIANT-LOCKED]\npsm0: \u003cPS/2 Mouse\u003e irq 12 on atkbdc0\npsm0: [GIANT-LOCKED]\npsm0: model IntelliMouse Explorer, device ID 4\nuart0: \u003c16550 or compatible\u003e port 0x3f8-0x3ff irq 4 flags 0x10 on acpi0\nuart0: console (115200,n,8,1)\nattimer0: \u003cAT timer\u003e at port 0x40 on isa0\nTimecounter \"i8254\" frequency 1193182 Hz quality 0\nEvent timer \"i8254\" frequency 1193182 Hz quality 100\nppc0: cannot reserve I/O port range\nTimecounters tick every 10.000 msec\nusbus1: 12Mbps Full Speed USB v1.0\nusbus0: 12Mbps Full Speed USB v1.0\nusbus2: 12Mbps Full Speed USB v1.0\npci1: \u003cACPI PCI bus\u003e on pcib1\nem0: \u003cIntel(R) PRO/1000 Legacy Network Connection 1.1.0\u003e port 0x9000-0x903f mem 0x98600000-0x9861ffff irq 22 at device 0.0 on pci1\nem0: Unable to allocate bus resource: interrupt\ndevice_attach: em0 attach returned 6\nugen2.1: \u003cIntel UHCI root HUB\u003e at usbus2\nugen1.1: \u003cIntel UHCI root HUB\u003e at usbus1\nuhub0: \u003cIntel UHCI root HUB, class 9/0, rev 1.00/1.00, addr 1\u003e on usbus2\nugen0.1: \u003cIntel UHCI root HUB\u003e at usbus0\nuhub1: \u003cIntel UHCI root HUB, class 9/0, rev 1.00/1.00, addr 1\u003e on usbus1\nuhub2: \u003cIntel UHCI root HUB, class 9/0, rev 1.00/1.00, addr 1\u003e on usbus0\nada0 at ahcich2 bus 0 scbus2 target 0 lun 0\nada0: \u003cQEMU HARDDISK 2.5+\u003e ATA-7 SATA device\nada0: Serial Number QM00005\nada0: 150.000MB/s transfers (SATA 1.x, UDMA5, PIO 8192bytes)\nada0: Command Queueing enabled\nada0: 25600MB (52428800 512 byte sectors)\ncd0 at ahcich0 bus 0 scbus0 target 0 lun 0\nTrying to mount root from ufs:/dev/ada0p2 [rw]...\ncd0: \u003cQEMU QEMU DVD-ROM 2.5+\u003e Removable CD-ROM SCSI device\ncd0: Serial Number QM00001\ncd0: 150.000MB/s transfers (SATA 1.x, UDMA5, ATAPI 12bytes, PIO 8192bytes)\ncd0: 3490MB (1786895 2048 byte sectors)\nrandom: unblocking device.\nuhub0: 2 ports with 2 removable, self powered\nuhub1: 2 ports with 2 removable, self powered\nuhub2: 2 ports with 2 removable, self powered\nlo0: link state changed to UP\nugen0.2: \u003cQEMU QEMU USB Tablet\u003e at usbus0\nuhid0 on uhub2\nuhid0: \u003cQEMU QEMU USB Tablet, class 0/0, rev 2.00/0.00, addr 2\u003e on usbus0\n\n#################################################\n11.3 +netmap patch, QEMU 3.1, OVMF, SATA, E1000\n+++++++++++++++++++++++++++++++++++++++++++++++++\nifconfig\nem0: flags=8843\u003cUP,BROADCAST,RUNNING,SIMPLEX,MULTICAST\u003e metric 0 mtu 1500\n\toptions=209b\u003cRXCSUM,TXCSUM,VLAN_MTU,VLAN_HWTAGGING,VLAN_HWCSUM,WOL_MAGIC\u003e\n\tether 52:54:00:17:32:d0\n\thwaddr 52:54:00:17:32:d0\n\tinet 192.168.0.20 netmask 0xffffff00 broadcast 192.168.0.255\n\tnd6 options=29\u003cPERFORMNUD,IFDISABLED,AUTO_LINKLOCAL\u003e\n\tmedia: Ethernet autoselect (1000baseT \u003cfull-duplex\u003e)\n\tstatus: active\nlo0: flags=8049\u003cUP,LOOPBACK,RUNNING,MULTICAST\u003e metric 0 mtu 16384\n\toptions=680003\u003cRXCSUM,TXCSUM,LINKSTATE,RXCSUM_IPV6,TXCSUM_IPV6\u003e\n\tinet6 ::1 prefixlen 128\n\tinet6 fe80::1%lo0 prefixlen 64 scopeid 0x2\n\tinet 127.0.0.1 netmask 0xff000000\n\tnd6 options=21\u003cPERFORMNUD,AUTO_LINKLOCAL\u003e\n\tgroups: lo\n+++++++++++++++++++++++++++++++++++++++++++++++++\npciconf -lv\n\nhostb0@pci0:0:0:0:\tclass=0x060000 card=0x11001af4 chip=0x29c08086 rev=0x00 hdr=0x00\n    vendor     = 'Intel Corporation'\n    device     = '82G33/G31/P35/P31 Express DRAM Controller'\n    class      = bridge\n    subclass   = HOST-PCI\nvgapci0@pci0:0:1:0:\tclass=0x030000 card=0x11001af4 chip=0x01001b36 rev=0x04 hdr=0x00\n    vendor     = 'Red Hat, Inc.'\n    device     = 'QXL paravirtual graphic card'\n    class      = display\n    subclass   = VGA\npcib1@pci0:0:2:0:\tclass=0x060400 card=0x00001b36 chip=0x000c1b36 rev=0x00 hdr=0x01\n    vendor     = 'Red Hat, Inc.'\n    device     = 'QEMU PCIe Root port'\n    class      = bridge\n    subclass   = PCI-PCI\npcib2@pci0:0:2:1:\tclass=0x060400 card=0x00001b36 chip=0x000c1b36 rev=0x00 hdr=0x01\n    vendor     = 'Red Hat, Inc.'\n    device     = 'QEMU PCIe Root port'\n    class      = bridge\n    subclass   = PCI-PCI\npcib3@pci0:0:2:2:\tclass=0x060400 card=0x00001b36 chip=0x000c1b36 rev=0x00 hdr=0x01\n    vendor     = 'Red Hat, Inc.'\n    device     = 'QEMU PCIe Root port'\n    class      = bridge\n    subclass   = PCI-PCI\npcib4@pci0:0:2:3:\tclass=0x060400 card=0x00001b36 chip=0x000c1b36 rev=0x00 hdr=0x01\n    vendor     = 'Red Hat, Inc.'\n    device     = 'QEMU PCIe Root port'\n    class      = bridge\n    subclass   = PCI-PCI\nuhci0@pci0:0:7:0:\tclass=0x0c0300 card=0x11001af4 chip=0x29348086 rev=0x03 hdr=0x00\n    vendor     = 'Intel Corporation'\n    device     = '82801I (ICH9 Family) USB UHCI Controller'\n    class      = serial bus\n    subclass   = USB\nuhci1@pci0:0:7:1:\tclass=0x0c0300 card=0x11001af4 chip=0x29358086 rev=0x03 hdr=0x00\n    vendor     = 'Intel Corporation'\n    device     = '82801I (ICH9 Family) USB UHCI Controller'\n    class      = serial bus\n    subclass   = USB\nuhci2@pci0:0:7:2:\tclass=0x0c0300 card=0x11001af4 chip=0x29368086 rev=0x03 hdr=0x00\n    vendor     = 'Intel Corporation'\n    device     = '82801I (ICH9 Family) USB UHCI Controller'\n    class      = serial bus\n    subclass   = USB\nehci0@pci0:0:7:7:\tclass=0x0c0320 card=0x11001af4 chip=0x293a8086 rev=0x03 hdr=0x00\n    vendor     = 'Intel Corporation'\n    device     = '82801I (ICH9 Family) USB2 EHCI Controller'\n    class      = serial bus\n    subclass   = USB\nisab0@pci0:0:31:0:\tclass=0x060100 card=0x11001af4 chip=0x29188086 rev=0x02 hdr=0x00\n    vendor     = 'Intel Corporation'\n    device     = '82801IB (ICH9) LPC Interface Controller'\n    class      = bridge\n    subclass   = PCI-ISA\nahci0@pci0:0:31:2:\tclass=0x010601 card=0x11001af4 chip=0x29228086 rev=0x02 hdr=0x00\n    vendor     = 'Intel Corporation'\n    device     = '82801IR/IO/IH (ICH9R/DO/DH) 6 port SATA Controller [AHCI mode]'\n    class      = mass storage\n    subclass   = SATA\nnone0@pci0:0:31:3:\tclass=0x0c0500 card=0x11001af4 chip=0x29308086 rev=0x02 hdr=0x00\n    vendor     = 'Intel Corporation'\n    device     = '82801I (ICH9 Family) SMBus Controller'\n    class      = serial bus\n    subclass   = SMBus\nem0@pci0:1:0:0:\tclass=0x020000 card=0x11001af4 chip=0x100e8086 rev=0x03 hdr=0x00\n    vendor     = 'Intel Corporation'\n    device     = '82540EM Gigabit Ethernet Controller'\n    class      = network\n    subclass   = ethernet\nnone1@pci0:2:0:0:\tclass=0x078000 card=0x11001af4 chip=0x10431af4 rev=0x01 hdr=0x00\n    vendor     = 'Red Hat, Inc.'\n    device     = 'Virtio console'\n    class      = simple comms\nnone2@pci0:3:0:0:\tclass=0x00ff00 card=0x11001af4 chip=0x10451af4 rev=0x01 hdr=0x00\n    vendor     = 'Red Hat, Inc.'\n    device     = 'Virtio memory balloon'\n    class      = old\n+++++++++++++++++++++++++++++++++++++++++++++++++\npciconf -lv\n\nCopyright (c) 1992-2019 The FreeBSD Project.\nCopyright (c) 1979, 1980, 1983, 1986, 1988, 1989, 1991, 1992, 1993, 1994\n\tThe Regents of the University of California. All rights reserved.\nFreeBSD is a registered trademark of The FreeBSD Foundation.\nFreeBSD 11.3-RELEASE #1: Thu Jan 16 16:19:11 PST 2020\n    root@cylon20:/usr/obj/usr/src/sys/MYKERNEL amd64\nFreeBSD clang version 8.0.0 (tags/RELEASE_800/final 356365) (based on LLVM 8.0.0)\nVT(efifb): resolution 800x600\nCPU: Intel(R) Core(TM) i7-8700 CPU @ 3.20GHz (3192.06-MHz K8-class CPU)\n  Origin=\"GenuineIntel\"  Id=0x906ea  Family=0x6  Model=0x9e  Stepping=10\n  Features=0x1f83fbff\u003cFPU,VME,DE,PSE,TSC,MSR,PAE,MCE,CX8,APIC,SEP,MTRR,PGE,MCA,CMOV,PAT,PSE36,MMX,FXSR,SSE,SSE2,SS,HTT\u003e\n  Features2=0xfffa3203\u003cSSE3,PCLMULQDQ,SSSE3,FMA,CX16,PCID,SSE4.1,SSE4.2,x2APIC,MOVBE,POPCNT,TSCDLT,AESNI,XSAVE,OSXSAVE,AVX,F16C,RDRAND,HV\u003e\n  AMD Features=0x2c100800\u003cSYSCALL,NX,Page1GB,RDTSCP,LM\u003e\n  AMD Features2=0x121\u003cLAHF,ABM,Prefetch\u003e\n  Structured Extended Features=0x1c4fbb\u003cFSGSBASE,TSCADJ,BMI1,HLE,AVX2,SMEP,BMI2,ERMS,INVPCID,RTM,MPX,RDSEED,ADX,SMAP\u003e\n  Structured Extended Features2=0x4\u003cUMIP\u003e\n  Structured Extended Features3=0x8c000400\u003cMD_CLEAR,IBPB,STIBP,SSBD\u003e\n  XSAVE Features=0xf\u003cXSAVEOPT,XSAVEC,XINUSE,XSAVES\u003e\nreal memory  = 4294967296 (4096 MB)\navail memory = 4063502336 (3875 MB)\nEvent timer \"LAPIC\" quality 600\nACPI APIC Table: \u003cBOCHS  BXPCAPIC\u003e\nWARNING: L1 data cache covers less APIC IDs than a core\n0 \u003c 1\nFreeBSD/SMP: Multiprocessor System Detected: 2 CPUs\nFreeBSD/SMP: 1 package(s) x 2 hardware threads\nioapic0 \u003cVersion 1.1\u003e irqs 0-23 on motherboard\nSMP: AP CPU #1 Launched!\nrandom: entropy device external interface\nkbd1 at kbdmux0\n000.000030 [4213] netmap_init               netmap: loaded module\nmodule_register_init: MOD_LOAD (vesa, 0xffffffff81004eb0, 0) error 19\nrandom: registering fast source Intel Secure Key RNG\nrandom: fast provider: \"Intel Secure Key RNG\"\nnexus0\ncryptosoft0: \u003csoftware crypto\u003e on motherboard\nacpi0: \u003cBOCHS BXPCFACP\u003e on motherboard\nacpi0: Power Button (fixed)\ncpu0: \u003cACPI CPU\u003e on acpi0\ncpu1: \u003cACPI CPU\u003e on acpi0\natrtc0: \u003cAT realtime clock\u003e port 0x70-0x71,0x72-0x77 irq 8 on acpi0\natrtc0: registered as a time-of-day clock, resolution 1.000000s\nEvent timer \"RTC\" frequency 32768 Hz quality 0\nTimecounter \"ACPI-fast\" frequency 3579545 Hz quality 900\nacpi_timer0: \u003c24-bit timer at 3.579545MHz\u003e port 0x608-0x60b on acpi0\npcib0: \u003cACPI Host-PCI bridge\u003e port 0xcf8-0xcff on acpi0\npci0: \u003cACPI PCI bus\u003e on pcib0\nvgapci0: \u003cVGA-compatible display\u003e port 0xa0c0-0xa0df mem 0x94000000-0x97ffffff,0x90000000-0x93ffffff,0x98800000-0x98801fff irq 21 at device 1.0 on pci0\nvgapci0: Boot video device\npcib1: \u003cACPI PCI-PCI bridge\u003e mem 0x98807000-0x98807fff irq 22 at device 2.0 on pci0\npci1: \u003cACPI PCI bus\u003e on pcib1\nem0: \u003cIntel(R) PRO/1000 Legacy Network Connection 1.1.0\u003e port 0x9000-0x903f mem 0x98600000-0x9861ffff irq 22 at device 0.0 on pci1\nem0: Ethernet address: 52:54:00:17:32:d0\nem0: netmap queues/slots: TX 1/256, RX 1/256\npcib2: \u003cPCI-PCI bridge\u003e mem 0x98806000-0x98806fff irq 22 at device 2.1 on pci0\npci2: \u003cPCI bus\u003e on pcib2\npci2: \u003csimple comms\u003e at device 0.0 (no driver attached)\npcib3: \u003cPCI-PCI bridge\u003e mem 0x98805000-0x98805fff irq 22 at device 2.2 on pci0\npci3: \u003cPCI bus\u003e on pcib3\npci3: \u003cold\u003e at device 0.0 (no driver attached)\npcib4: \u003cPCI-PCI bridge\u003e mem 0x98804000-0x98804fff irq 22 at device 2.3 on pci0\npci4: \u003cPCI bus\u003e on pcib4\nuhci0: \u003cIntel 82801I (ICH9) USB controller\u003e port 0xa0a0-0xa0bf irq 23 at device 7.0 on pci0\nusbus0 on uhci0\nusbus0: 12Mbps Full Speed USB v1.0\nuhci1: \u003cIntel 82801I (ICH9) USB controller\u003e port 0xa080-0xa09f irq 20 at device 7.1 on pci0\nusbus1 on uhci1\nusbus1: 12Mbps Full Speed USB v1.0\nuhci2: \u003cIntel 82801I (ICH9) USB controller\u003e port 0xa060-0xa07f irq 21 at device 7.2 on pci0\nusbus2 on uhci2\nusbus2: 12Mbps Full Speed USB v1.0\nehci0: \u003cIntel 82801I (ICH9) USB 2.0 controller\u003e mem 0x98803000-0x98803fff irq 22 at device 7.7 on pci0\nusbus3: EHCI version 1.0\nusbus3 on ehci0\nusbus3: 480Mbps High Speed USB v2.0\nisab0: \u003cPCI-ISA bridge\u003e at device 31.0 on pci0\nisa0: \u003cISA bus\u003e on isab0\nahci0: \u003cIntel ICH9 AHCI SATA controller\u003e port 0xa040-0xa05f mem 0x98802000-0x98802fff irq 16 at device 31.2 on pci0\nahci0: AHCI v1.00 with 6 1.5Gbps ports, Port Multiplier not supported\nahcich0: \u003cAHCI channel\u003e at channel 0 on ahci0\nahcich1: \u003cAHCI channel\u003e at channel 1 on ahci0\nahcich2: \u003cAHCI channel\u003e at channel 2 on ahci0\nahcich3: \u003cAHCI channel\u003e at channel 3 on ahci0\nahcich4: \u003cAHCI channel\u003e at channel 4 on ahci0\nahcich5: \u003cAHCI channel\u003e at channel 5 on ahci0\nacpi_syscontainer0: \u003cSystem Container\u003e on acpi0\nacpi_syscontainer1: \u003cSystem Container\u003e port 0xcd8-0xce3 on acpi0\nacpi_syscontainer2: \u003cSystem Container\u003e port 0x620-0x62f on acpi0\natkbdc0: \u003cKeyboard controller (i8042)\u003e port 0x60,0x64 irq 1 on acpi0\natkbd0: \u003cAT Keyboard\u003e irq 1 on atkbdc0\nkbd0 at atkbd0\natkbd0: [GIANT-LOCKED]\npsm0: \u003cPS/2 Mouse\u003e irq 12 on atkbdc0\npsm0: [GIANT-LOCKED]\npsm0: model IntelliMouse Explorer, device ID 4\nuart0: \u003c16550 or compatible\u003e port 0x3f8-0x3ff irq 4 flags 0x10 on acpi0\nuart0: console (115200,n,8,1)\nattimer0: \u003cAT timer\u003e at port 0x40 on isa0\nTimecounter \"i8254\" frequency 1193182 Hz quality 0\nEvent timer \"i8254\" frequency 1193182 Hz quality 100\nppc0: cannot reserve I/O port range\nTimecounters tick every 10.000 msec\nugen3.1: \u003cIntel EHCI root HUB\u003e at usbus3\nugen2.1: \u003cIntel UHCI root HUB\u003e at usbus2\nuhub0: \u003cIntel EHCI root HUB, class 9/0, rev 2.00/1.00, addr 1\u003e on usbus3\nuhub1: \u003cIntel UHCI root HUB, class 9/0, rev 1.00/1.00, addr 1\u003e on usbus2\nugen0.1: \u003cIntel UHCI root HUB\u003e at usbus0\nugen1.1: \u003cIntel UHCI root HUB\u003e at usbus1\nuhub2: \u003cIntel UHCI root HUB, class 9/0, rev 1.00/1.00, addr 1\u003e on usbus0\nuhub3: \u003cIntel UHCI root HUB, class 9/0, rev 1.00/1.00, addr 1\u003e on usbus1\nada0 at ahcich2 bus 0 scbus2 target 0 lun 0\nada0: \u003cQEMU HARDDISK 2.5+\u003e ATA-7 SATA device\nada0: Serial Number QM00005\nada0: 150.000MB/s transfers (SATA 1.x, UDMA5, PIO 8192bytes)\nada0: Command Queueing enabled\nada0: 25600MB (52428800 512 byte sectors)\ncd0 at ahcich0 bus 0 scbus0 target 0 lun 0\ncd0: \u003cQEMU QEMU DVD-ROM 2.5+\u003e Removable CD-ROM SCSI device\ncd0: Serial Number QM00001\ncd0: 150.000MB/s transfers (SATA 1.x, Trying to mount root from ufs:/dev/ada0p2 [rw]...\nUDMA5, ATAPI 12bytes, PIO 8192bytes)\ncd0: 3490MB (1786895 2048 byte sectors)\nrandom: unblocking device.\nuhub1: 2 ports with 2 removable, self powered\nuhub3: 2 ports with 2 removable, self powered\nuhub2: 2 ports with 2 removable, self powered\nlo0: link state changed to UP\nuhub0: 6 ports with 6 removable, self powered\nem0: link state changed to UP\nugen3.2: \u003cQEMU QEMU USB Tablet\u003e at usbus3\nuhid0 on uhub0\nuhid0: \u003cQEMU QEMU USB Tablet, class 0/0, rev 2.00/0.00, addr 2\u003e on usbus3\nem0: link state changed to DOWN\nem0: link state changed to UP\n#################################################"
}