{
 "id": 945225,
 "bug_id": 221115,
 "attachment_id": 0,
 "creation_time": "2017-07-31T20:17:29Z",
 "creator": "vova@fbsd.ru",
 "text": "on next day it started to work as expected \n- in maintenance window I wanted to get exact panic details but problem is not reproduced any more\nNothing was changed (same sources, same build, ...) \nMay be booting after successful boot of 11.1 w/o amdtemp.ko?\n\nbut, now it shows warning message: amdtemp0: Erratum 319: temperature measurement may be inaccurate\n\n# sysctl dev.amdtemp\ndev.amdtemp.0.core0.sensor0: 26.5C\ndev.amdtemp.0.sensor_offset: 0\ndev.amdtemp.0.%parent: hostb4\ndev.amdtemp.0.%pnpinfo:\ndev.amdtemp.0.%location:\ndev.amdtemp.0.%driver: amdtemp\ndev.amdtemp.0.%desc: AMD CPU On-Die Thermal Sensors\ndev.amdtemp.%parent:\n\nSuccess boot of 11.1 with amdtemp.ko:\n\nCopyright (c) 1992-2017 The FreeBSD Project.\nCopyright (c) 1979, 1980, 1983, 1986, 1988, 1989, 1991, 1992, 1993, 1994\n        The Regents of the University of California. All rights reserved.\nFreeBSD is a registered trademark of The FreeBSD Foundation.\nFreeBSD 11.1-RELEASE #0 r321706: Sun Jul 30 10:03:52 MSK 2017\n    root@srv.fbsd.ru:/usr/obj/usr/src/sys/SRV amd64\nFreeBSD clang version 4.0.0 (tags/RELEASE_400/final 297347) (based on LLVM 4.0.0)\nVT(vga): resolution 640x480\nCPU: AMD Phenom(tm) 9550 Quad-Core Processor (2204.75-MHz K8-class CPU)\n  Origin=\"AuthenticAMD\"  Id=0x100f23  Family=0x10  Model=0x2  Stepping=3\n  Features=0x178bfbff\u003cFPU,VME,DE,PSE,TSC,MSR,PAE,MCE,CX8,APIC,SEP,MTRR,PGE,MCA,CMOV,PAT,PSE36,CLFLUSH,MMX,FXSR,SSE,SSE2,HTT\u003e\n  Features2=0x802009\u003cSSE3,MON,CX16,POPCNT\u003e\n  AMD Features=0xee500800\u003cSYSCALL,NX,MMX+,FFXSR,Page1GB,RDTSCP,LM,3DNow!+,3DNow!\u003e\n  AMD Features2=0x7ff\u003cLAHF,CMP,SVM,ExtAPIC,CR8,ABM,SSE4A,MAS,Prefetch,OSVW,IBS\u003e\n  SVM: NP,NAsids=64\n  TSC: P-state invariant\nreal memory  = 8589934592 (8192 MB)\navail memory = 7737917440 (7379 MB)\nEvent timer \"LAPIC\" quality 100\nACPI APIC Table: \u003cGBT    GBTUACPI\u003e\nFreeBSD/SMP: Multiprocessor System Detected: 4 CPUs\nFreeBSD/SMP: 1 package(s) x 4 core(s)\nrandom: unblocking device.\nioapic0: Changing APIC ID to 2\nioapic0 \u003cVersion 2.1\u003e irqs 0-23 on motherboard\nrandom: entropy device external interface\nkbd1 at kbdmux0\nnexus0\nvtvga0: \u003cVT VGA driver\u003e on motherboard\ncryptosoft0: \u003csoftware crypto\u003e on motherboard\nacpi0: \u003cGBT GBTUACPI\u003e on motherboard\nacpi0: Power Button (fixed)\ncpu0: \u003cACPI CPU\u003e on acpi0\ncpu1: \u003cACPI CPU\u003e on acpi0\ncpu2: \u003cACPI CPU\u003e on acpi0\ncpu3: \u003cACPI CPU\u003e on acpi0\n...\nohci4: \u003cAMD SB7x0/SB8x0/SB9x0 USB controller\u003e mem 0xfe028000-0xfe028fff irq 18 at device 20.5 on pci0\nusbus6 on ohci4\namdtemp0: \u003cAMD CPU On-Die Thermal Sensors\u003e on hostb4\namdtemp0: Erratum 319: temperature measurement may be inaccurate\nuart0: \u003c16550 or compatible\u003e port 0x3f8-0x3ff irq 4 flags 0x10 on acpi0\n\n\nbefore it was died after \"acpi0: \u003cGBT GBTUACPI\u003e on motherboard\""
}