{
 "id": 945106,
 "bug_id": 221115,
 "attachment_id": 0,
 "creation_time": "2017-07-31T08:26:29Z",
 "creator": "vova@fbsd.ru",
 "text": "Everything worked fine on 11.0, but just after upgrade on 11.1 (r321706)\nkerenl panics just on early phase of boot (I assume on apic initialization) \n\nloader.conf:\namdtemp_load=\"YES\" \n\n\nSuccessful dmesg of 11.1, w/o amdtemp.ko:\n------\nCopyright (c) 1992-2017 The FreeBSD Project.\nCopyright (c) 1979, 1980, 1983, 1986, 1988, 1989, 1991, 1992, 1993, 1994\n        The Regents of the University of California. All rights reserved.\nFreeBSD is a registered trademark of The FreeBSD Foundation.\nFreeBSD 11.1-RELEASE #0 r321706: Sun Jul 30 10:03:52 MSK 2017\n    root@srv.fbsd.ru:/usr/obj/usr/src/sys/SRV amd64\nFreeBSD clang version 4.0.0 (tags/RELEASE_400/final 297347) (based on LLVM 4.0.0)\nVT(vga): resolution 640x480\nCPU: AMD Phenom(tm) 9550 Quad-Core Processor (2204.74-MHz K8-class CPU)\n  Origin=\"AuthenticAMD\"  Id=0x100f23  Family=0x10  Model=0x2  Stepping=3\n  Features=0x178bfbff\u003cFPU,VME,DE,PSE,TSC,MSR,PAE,MCE,CX8,APIC,SEP,MTRR,PGE,MCA,CMOV,PAT,PSE36,CLFLUSH,MMX,FXSR,SSE,SSE2,HTT\u003e\n  Features2=0x802009\u003cSSE3,MON,CX16,POPCNT\u003e\n  AMD Features=0xee500800\u003cSYSCALL,NX,MMX+,FFXSR,Page1GB,RDTSCP,LM,3DNow!+,3DNow!\u003e\n  AMD Features2=0x7ff\u003cLAHF,CMP,SVM,ExtAPIC,CR8,ABM,SSE4A,MAS,Prefetch,OSVW,IBS\u003e\n  SVM: NP,NAsids=64\n  TSC: P-state invariant\nreal memory  = 8589934592 (8192 MB)\navail memory = 7737937920 (7379 MB)\nEvent timer \"LAPIC\" quality 100\nACPI APIC Table: \u003cGBT    GBTUACPI\u003e\nFreeBSD/SMP: Multiprocessor System Detected: 4 CPUs\nFreeBSD/SMP: 1 package(s) x 4 core(s)\nioapic0: Changing APIC ID to 2\nioapic0 \u003cVersion 2.1\u003e irqs 0-23 on motherboard\nrandom: entropy device external interface\nkbd1 at kbdmux0\nnexus0\nvtvga0: \u003cVT VGA driver\u003e on motherboard\ncryptosoft0: \u003csoftware crypto\u003e on motherboard\nacpi0: \u003cGBT GBTUACPI\u003e on motherboard\nacpi0: Power Button (fixed)\n...\nohci4: \u003cAMD SB7x0/SB8x0/SB9x0 USB controller\u003e mem 0xfe028000-0xfe028fff irq 18 at device 20.5 on pci0\nusbus6 on ohci4\nuart0: \u003c16550 or compatible\u003e port 0x3f8-0x3ff irq 4 flags 0x10 on acpi0\n...\n\n\nBoot of 11.0 with amdtemp.ko:\nMar 26 22:08:35 srv kernel: Copyright (c) 1992-2016 The FreeBSD Project.\nMar 26 22:08:35 srv kernel: Copyright (c) 1979, 1980, 1983, 1986, 1988, 1989, 1991, 1992, 1993, 1994\nMar 26 22:08:35 srv kernel: The Regents of the University of California. All rights reserved.\nMar 26 22:08:35 srv kernel: FreeBSD is a registered trademark of The FreeBSD Foundation.\nMar 26 22:08:35 srv kernel: FreeBSD 11.0-RELEASE-p7 #17 r313726: Tue Feb 14 15:01:36 MSK 2017\nMar 26 22:08:35 srv kernel: root@srv.fbsd.ru:/usr/obj/usr/src/sys/SRV amd64\nMar 26 22:08:35 srv kernel: FreeBSD clang version 3.8.0 (tags/RELEASE_380/final 262564) (based on LLVM 3.8.0)\nMar 26 22:08:35 srv kernel: VT(vga): resolution 640x480\nMar 26 22:08:35 srv kernel: info: [drm] Initialized drm 1.1.0 20060810\nMar 26 22:08:35 srv kernel: CPU: AMD Athlon(tm) II X2 245 Processor (2913.04-MHz K8-class CPU)\nMar 26 22:08:35 srv kernel: Origin=\"AuthenticAMD\"  Id=0x100f63  Family=0x10  Model=0x6  Stepping=3\nMar 26 22:08:35 srv kernel: Features=0x178bfbff\u003cFPU,VME,DE,PSE,TSC,MSR,PAE,MCE,CX8,APIC,SEP,MTRR,PGE,MCA,CMOV,PAT,PSE36,CLFLUSH,MMX,FXSR,SSE,SSE2,HTT\u003e\nMar 26 22:08:35 srv kernel: Features2=0x802009\u003cSSE3,MON,CX16,POPCNT\u003e\nMar 26 22:08:35 srv kernel: AMD Features=0xee500800\u003cSYSCALL,NX,MMX+,FFXSR,Page1GB,RDTSCP,LM,3DNow!+,3DNow!\u003e\nMar 26 22:08:35 srv kernel: AMD Features2=0x37ff\u003cLAHF,CMP,SVM,ExtAPIC,CR8,ABM,SSE4A,MAS,Prefetch,OSVW,IBS,SKINIT,WDT\u003e\nMar 26 22:08:35 srv kernel: SVM: (disabled in BIOS) NP,NRIP,NAsids=64\nMar 26 22:08:35 srv kernel: TSC: P-state invariant\nMar 26 22:08:35 srv kernel: real memory  = 4294967296 (4096 MB)\nMar 26 22:08:35 srv kernel: avail memory = 3845173248 (3667 MB)\nMar 26 22:08:35 srv kernel: Event timer \"LAPIC\" quality 400\nMar 26 22:08:35 srv kernel: ACPI APIC Table: \u003c061110 APIC0958\u003e\nMar 26 22:08:35 srv kernel: FreeBSD/SMP: Multiprocessor System Detected: 2 CPUs\nMar 26 22:08:35 srv kernel: FreeBSD/SMP: 1 package(s) x 2 core(s)\nMar 26 22:08:35 srv kernel: random: unblocking device.\nMar 26 22:08:35 srv kernel: ACPI BIOS Warning (bug): Optional FADT field Pm2ControlBlock has valid Length but zero Address: 0x0000000000000000/0x1 (20160527/tbfadt-679)\nMar 26 22:08:35 srv kernel: ACPI BIOS Warning (bug): 32/64X length mismatch in FADT/Gpe0Block: 64/32 (20160527/tbfadt-650)\nMar 26 22:08:35 srv kernel: ioapic0 \u003cVersion 2.1\u003e irqs 0-23 on motherboard\nMar 26 22:08:35 srv kernel: random: entropy device external interface\nMar 26 22:08:35 srv kernel: kbd1 at kbdmux0\nMar 26 22:08:35 srv kernel: vtvga0: \u003cVT VGA driver\u003e on motherboard\nMar 26 22:08:35 srv kernel: cryptosoft0: \u003csoftware crypto\u003e on motherboard\nMar 26 22:08:35 srv kernel: acpi0: \u003c061110 XSDT0958\u003e on motherboard\nMar 26 22:08:35 srv kernel: acpi0: Power Button (fixed)\nMar 26 22:08:35 srv kernel: cpu0: \u003cACPI CPU\u003e on acpi0\nMar 26 22:08:35 srv kernel: cpu1: \u003cACPI CPU\u003e on acpi0\nMar 26 22:08:35 srv kernel: attimer0: \u003cAT timer\u003e port 0x40-0x43 irq 0 on acpi0\nMar 26 22:08:35 srv kernel: Timecounter \"i8254\" frequency 1193182 Hz quality 0\nMar 26 22:08:35 srv kernel: Event timer \"i8254\" frequency 1193182 Hz quality 100\nMar 26 22:08:35 srv kernel: atrtc0: \u003cAT realtime clock\u003e port 0x70-0x71 irq 8 on acpi0\nMar 26 22:08:35 srv kernel: Event timer \"RTC\" frequency 32768 Hz quality 0\nMar 26 22:08:35 srv kernel: hpet0: \u003cHigh Precision Event Timer\u003e iomem 0xfed00000-0xfed003ff on acpi0\nMar 26 22:08:35 srv kernel: Timecounter \"HPET\" frequency 14318180 Hz quality 950\nMar 26 22:08:35 srv kernel: Event timer \"HPET\" frequency 14318180 Hz quality 550\nMar 26 22:08:35 srv kernel: Event timer \"HPET1\" frequency 14318180 Hz quality 450\nMar 26 22:08:35 srv kernel: Timecounter \"ACPI-fast\" frequency 3579545 Hz quality 900\nMar 26 22:08:35 srv kernel: acpi_timer0: \u003c32-bit timer at 3.579545MHz\u003e port 0x808-0x80b on acpi0\nMar 26 22:08:35 srv kernel: pcib0: \u003cACPI Host-PCI bridge\u003e port 0xcf8-0xcff on acpi0\nMar 26 22:08:35 srv kernel: pci0: \u003cACPI PCI bus\u003e on pcib0\nMar 26 22:08:35 srv kernel: pcib1: \u003cACPI PCI-PCI bridge\u003e at device 1.0 on pci0\nMar 26 22:08:35 srv kernel: pci1: \u003cACPI PCI bus\u003e on pcib1\nMar 26 22:08:35 srv kernel: vgapci0: \u003cVGA-compatible display\u003e port 0xd000-0xd0ff mem 0xd0000000-0xdfffffff,0xfeaf0000-0xfeafffff,0xfe900000-0xfe9fffff irq 18 at device 5.0 on pci1\nMar 26 22:08:35 srv kernel: drmn0: \u003cATI Radeon 3000 Graphics\u003e on vgapci0\n...\nMar 26 22:08:35 srv kernel: ohci4: \u003cAMD SB7x0/SB8x0/SB9x0 USB controller\u003e mem 0xfe8fa000-0xfe8fafff irq 18 at device 20.5 on pci0\nMar 26 22:08:35 srv kernel: usbus6 on ohci4\nMar 26 22:08:35 srv kernel: amdtemp0: \u003cAMD CPU On-Die Thermal Sensors\u003e on hostb4\nMar 26 22:08:35 srv kernel: acpi_button0: \u003cPower Button\u003e on acpi0\n..."
}