{
 "id": 514445,
 "bug_id": 137746,
 "attachment_id": 0,
 "creation_time": "2009-08-13T20:20:01Z",
 "creator": "sec@42.org",
 "text": "\nkaroshi.42.org dumped core - see /var/crash/vmcore.5\n\nThu Aug 13 20:59:12 CEST 2009\n\nFreeBSD karoshi.42.org 8.0-BETA2 FreeBSD 8.0-BETA2 #5: Thu Aug 13 13:01:24 CEST 2009     root@karoshi.42.org:/usr/obj/usr/src/sys/GENERIC  i386\n\npanic: _sx_xlock_hard: recursed on non-recursive sx newbus @ /usr/src/sys/kern/subr_bus.c:219\n\nGNU gdb 6.1.1 [FreeBSD]\nCopyright 2004 Free Software Foundation, Inc.\nGDB is free software, covered by the GNU General Public License, and you are\nwelcome to change it and/or distribute copies of it under certain conditions.\nType \"show copying\" to see the conditions.\nThere is absolutely no warranty for GDB.  Type \"show warranty\" for details.\nThis GDB was configured as \"i386-marcel-freebsd\"...\n\nUnread portion of the kernel message buffer:\nhdac0: \u003cIntel 82801H High Definition Audio Controller\u003e mem 0xfe220000-0xfe223fff irq 17 at device 27.0 on pci0\nhdac0: HDA Driver Revision: 20090624_0136\nhdac0: [ITHREAD]\npanic: _sx_xlock_hard: recursed on non-recursive sx newbus @ /usr/src/sys/kern/subr_bus.c:219\n\ncpuid = 0\nKDB: enter: panic\npanic: from debugger\ncpuid = 0\nUptime: 1h15m15s\nPhysical memory: 3030 MB\nDumping 191 MB: 176 160 144 128 112 96 80 64 48 32 16\n\nReading symbols from /boot/modules/nvidia.ko...done.\nLoaded symbols for /boot/modules/nvidia.ko\nReading symbols from /boot/kernel/linux.ko...Reading symbols from /boot/kernel/linux.ko.symbols...done.\ndone.\nLoaded symbols for /boot/kernel/linux.ko\nReading symbols from /boot/kernel/if_iwn.ko...Reading symbols from /boot/kernel/if_iwn.ko.symbols...done.\ndone.\nLoaded symbols for /boot/kernel/if_iwn.ko\nReading symbols from /boot/kernel/iwnfw.ko...Reading symbols from /boot/kernel/iwnfw.ko.symbols...done.\ndone.\nLoaded symbols for /boot/kernel/iwnfw.ko\nReading symbols from /boot/kernel/snd_ich.ko...Reading symbols from /boot/kernel/snd_ich.ko.symbols...done.\ndone.\nLoaded symbols for /boot/kernel/snd_ich.ko\nReading symbols from /boot/kernel/sound.ko...Reading symbols from /boot/kernel/sound.ko.symbols...done.\ndone.\nLoaded symbols for /boot/kernel/sound.ko\nReading symbols from /boot/kernel/snd_hda.ko...Reading symbols from /boot/kernel/snd_hda.ko.symbols...done.\ndone.\nLoaded symbols for /boot/kernel/snd_hda.ko\n#0  doadump () at pcpu.h:246\n246\tpcpu.h: No such file or directory.\n\tin pcpu.h\n(kgdb) #0  doadump () at pcpu.h:246\n#1  0xc085b72c in boot (howto=260) at /usr/src/sys/kern/kern_shutdown.c:419\n#2  0xc085ba12 in panic (fmt=Variable \"fmt\" is not available.\n) at /usr/src/sys/kern/kern_shutdown.c:575\n#3  0xc04c5f67 in db_panic (addr=Could not find the frame base for \"db_panic\".\n) at /usr/src/sys/ddb/db_command.c:478\n#4  0xc04c655e in db_command (last_cmdp=0xc0d53fbc, cmd_table=0x0, dopager=1)\n    at /usr/src/sys/ddb/db_command.c:445\n#5  0xc04c6697 in db_command_loop () at /usr/src/sys/ddb/db_command.c:498\n#6  0xc04c838f in db_trap (type=3, code=0) at /usr/src/sys/ddb/db_main.c:229\n#7  0xc08881d4 in kdb_trap (type=3, code=0, tf=0xebbd1570)\n    at /usr/src/sys/kern/subr_kdb.c:534\n#8  0xc0b7315b in trap (frame=0xebbd1570) at /usr/src/sys/i386/i386/trap.c:685\n#9  0xc0b5658b in calltrap () at /usr/src/sys/i386/i386/exception.s:165\n#10 0xc0888335 in kdb_enter (why=0xc0c32948 \"panic\", msg=0xc0c32948 \"panic\")\n    at cpufunc.h:71\n#11 0xc085b9f3 in panic (\n    fmt=0xc0c331cf \"_sx_xlock_hard: recursed on non-recursive sx %s @ %s:%d\\n\") at /usr/src/sys/kern/kern_shutdown.c:558\n#12 0xc0862d21 in _sx_xlock_hard (sx=0xc0d97540, tid=3354417984, opts=0, \n    file=0xc0c35266 \"/usr/src/sys/kern/subr_bus.c\", line=219)\n    at /usr/src/sys/kern/kern_sx.c:484\n#13 0xc086340a in _sx_xlock (sx=0xc0d97540, opts=0, \n    file=0xc0c35266 \"/usr/src/sys/kern/subr_bus.c\", line=219) at sx.h:155\n#14 0xc08821d6 in newbus_xlock () at /usr/src/sys/kern/subr_bus.c:219\n#15 0xc8db2e06 in hdac_attach2 (arg=0xc73db000)\n    at /usr/src/sys/modules/sound/driver/hda/../../../../dev/sound/pci/hda/hdac.c:7438\n#16 0xc8dbbd1e in hdac_attach (dev=0xc7381d00)\n    at /usr/src/sys/modules/sound/driver/hda/../../../../dev/sound/pci/hda/hdac.c:4193\n#17 0xc0883397 in device_attach (dev=0xc7381d00) at device_if.h:178\n#18 0xc0884065 in device_probe_and_attach (dev=0xc7381d00)\n    at /usr/src/sys/kern/subr_bus.c:2602\n#19 0xc06f700d in pci_driver_added (dev=0xc7381700, driver=0xc8dc0dc4)\n    at /usr/src/sys/dev/pci/pci.c:2839\n#20 0xc0881276 in devclass_driver_added (dc=0xc715bb80, driver=0xc8dc0dc4)\n    at bus_if.h:183\n#21 0xc0882d1b in driver_module_handler (mod=0xc78197c0, what=0, \n    arg=0xc8dc0d94) at /usr/src/sys/kern/subr_bus.c:1084\n#22 0xc084be20 in module_register_init (arg=0xc8dc0cf0)\n    at /usr/src/sys/kern/kern_module.c:124\n#23 0xc0843c05 in linker_load_module (kldname=Variable \"kldname\" is not available.\n)\n    at /usr/src/sys/kern/kern_linker.c:234\n#24 0xc08440e8 in kern_kldload (td=0xc7f05b40, file=0xc75c7400 \"snd_hda\", \n    fileid=0xebbd1c74) at /usr/src/sys/kern/kern_linker.c:1016\n#25 0xc084420b in kldload (td=0xc7f05b40, uap=0xebbd1cf8)\n    at /usr/src/sys/kern/kern_linker.c:1044\n#26 0xc0b728da in syscall (frame=0xebbd1d38)\n    at /usr/src/sys/i386/i386/trap.c:1073\n#27 0xc0b565f0 in Xint0x80_syscall ()\n    at /usr/src/sys/i386/i386/exception.s:261\n#28 0x00000033 in ?? ()\nPrevious frame inner to this frame (corrupt stack?)\n(kgdb) \n\n------------------------------------------------------------------------\ndmesg\n\nCopyright (c) 1992-2009 The FreeBSD Project.\nCopyright (c) 1979, 1980, 1983, 1986, 1988, 1989, 1991, 1992, 1993, 1994\n\tThe Regents of the University of California. All rights reserved.\nFreeBSD is a registered trademark of The FreeBSD Foundation.\nFreeBSD 8.0-BETA2 #5: Thu Aug 13 13:01:24 CEST 2009\n    root@karoshi.42.org:/usr/obj/usr/src/sys/GENERIC\nWARNING: WITNESS option enabled, expect reduced performance.\nTimecounter \"i8254\" frequency 1193182 Hz quality 0\nCPU: Intel(R) Core(TM)2 Duo CPU     T7500  @ 2.20GHz (2203.30-MHz 686-class CPU)\n  Origin = \"GenuineIntel\"  Id = 0x6fb  Stepping = 11\n  Features=0xbfebfbff\u003cFPU,VME,DE,PSE,TSC,MSR,PAE,MCE,CX8,APIC,SEP,MTRR,PGE,MCA,CMOV,PAT,PSE36,CLFLUSH,DTS,ACPI,MMX,FXSR,SSE,SSE2,SS,HTT,TM,PBE\u003e\n  Features2=0xe3bd\u003cSSE3,DTES64,MON,DS_CPL,VMX,EST,TM2,SSSE3,CX16,xTPR,PDCM\u003e\n  AMD Features=0x20100000\u003cNX,LM\u003e\n  AMD Features2=0x1\u003cLAHF\u003e\n  TSC: P-state invariant\nreal memory  = 3221225472 (3072 MB)\navail memory = 3115368448 (2971 MB)\nACPI APIC Table: \u003cLENOVO TP-7L   \u003e\nFreeBSD/SMP: Multiprocessor System Detected: 2 CPUs\nFreeBSD/SMP: 1 package(s) x 2 core(s)\n cpu0 (BSP): APIC ID:  0\n cpu1 (AP): APIC ID:  1\nACPI Warning: 32/64X length mismatch in Gpe1Block: 0/32 20090521 tbfadt-625\nACPI Warning: Optional field Gpe1Block has zero address or length:        0    102C/0 20090521 tbfadt-655\nioapic0: Changing APIC ID to 1\nioapic0 \u003cVersion 2.0\u003e irqs 0-23 on motherboard\nkbd1 at kbdmux0\nacpi0: \u003cLENOVO TP-7L\u003e on motherboard\nacpi0: [ITHREAD]\nacpi_ec0: \u003cEmbedded Controller: GPE 0x12, ECDT\u003e port 0x62,0x66 on acpi0\nacpi0: Power Button (fixed)\nacpi0: reservation of 0, a0000 (3) failed\nacpi0: reservation of 100000, bef00000 (3) failed\nTimecounter \"ACPI-safe\" frequency 3579545 Hz quality 850\nacpi_timer0: \u003c24-bit timer at 3.579545MHz\u003e port 0x1008-0x100b on acpi0\nacpi_hpet0: \u003cHigh Precision Event Timer\u003e iomem 0xfed00000-0xfed003ff on acpi0\nTimecounter \"HPET\" frequency 14318180 Hz quality 900\nacpi_lid0: \u003cControl Method Lid Switch\u003e on acpi0\nacpi_button0: \u003cSleep Button\u003e on acpi0\npcib0: \u003cACPI Host-PCI bridge\u003e port 0xcf8-0xcff on acpi0\npci0: \u003cACPI PCI bus\u003e on pcib0\npcib1: \u003cACPI PCI-PCI bridge\u003e irq 16 at device 1.0 on pci0\npci1: \u003cACPI PCI bus\u003e on pcib1\nvgapci0: \u003cVGA-compatible display\u003e port 0x2000-0x207f mem 0xd6000000-0xd6ffffff,0xe0000000-0xefffffff,0xd4000000-0xd5ffffff irq 16 at device 0.0 on pci1\nnvidia0: \u003cQuadro NVS 140M\u003e on vgapci0\nvgapci0: child nvidia0 requested pci_enable_busmaster\nvgapci0: child nvidia0 requested pci_enable_io\nvgapci0: child nvidia0 requested pci_enable_io\nnvidia0: [GIANT-LOCKED]\nnvidia0: [ITHREAD]\nem0: \u003cIntel(R) PRO/1000 Network Connection 6.9.14\u003e port 0x1840-0x185f mem 0xfe200000-0xfe21ffff,0xfe225000-0xfe225fff irq 20 at device 25.0 on pci0\nem0: Using MSI interrupt\nem0: [FILTER]\nem0: Ethernet address: 00:1c:25:20:63:10\nuhci0: \u003cIntel 82801H (ICH8) USB controller USB-D\u003e port 0x1860-0x187f irq 20 at device 26.0 on pci0\nuhci0: [ITHREAD]\nuhci0: LegSup = 0x0000\nusbus0: \u003cIntel 82801H (ICH8) USB controller USB-D\u003e on uhci0\nuhci1: \u003cIntel 82801H (ICH8) USB controller USB-E\u003e port 0x1880-0x189f irq 21 at device 26.1 on pci0\nuhci1: [ITHREAD]\nuhci1: LegSup = 0x0000\nusbus1: \u003cIntel 82801H (ICH8) USB controller USB-E\u003e on uhci1\nehci0: \u003cIntel 82801H (ICH8) USB 2.0 controller USB2-B\u003e mem 0xfe226c00-0xfe226fff irq 22 at device 26.7 on pci0\nehci0: [ITHREAD]\nusbus2: EHCI version 1.0\nusbus2: \u003cIntel 82801H (ICH8) USB 2.0 controller USB2-B\u003e on ehci0\npci0: \u003cmultimedia, HDA\u003e at device 27.0 (no driver attached)\npcib2: \u003cACPI PCI-PCI bridge\u003e irq 20 at device 28.0 on pci0\npci2: \u003cACPI PCI bus\u003e on pcib2\npcib3: \u003cACPI PCI-PCI bridge\u003e irq 21 at device 28.1 on pci0\npci3: \u003cACPI PCI bus\u003e on pcib3\npci3: \u003cnetwork\u003e at device 0.0 (no driver attached)\npcib4: \u003cACPI PCI-PCI bridge\u003e irq 22 at device 28.2 on pci0\npci4: \u003cACPI PCI bus\u003e on pcib4\npcib5: \u003cACPI PCI-PCI bridge\u003e irq 23 at device 28.3 on pci0\npci5: \u003cACPI PCI bus\u003e on pcib5\npcib6: \u003cACPI PCI-PCI bridge\u003e irq 20 at device 28.4 on pci0\npci13: \u003cACPI PCI bus\u003e on pcib6\nuhci2: \u003cIntel 82801H (ICH8) USB controller USB-A\u003e port 0x18a0-0x18bf irq 16 at device 29.0 on pci0\nuhci2: [ITHREAD]\nuhci2: LegSup = 0x0000\nusbus3: \u003cIntel 82801H (ICH8) USB controller USB-A\u003e on uhci2\nuhci3: \u003cIntel 82801H (ICH8) USB controller USB-B\u003e port 0x18c0-0x18df irq 17 at device 29.1 on pci0\nuhci3: [ITHREAD]\nuhci3: LegSup = 0x0000\nusbus4: \u003cIntel 82801H (ICH8) USB controller USB-B\u003e on uhci3\nuhci4: \u003cIntel 82801H (ICH8) USB controller USB-C\u003e port 0x18e0-0x18ff irq 18 at device 29.2 on pci0\nuhci4: [ITHREAD]\nuhci4: LegSup = 0x0000\nusbus5: \u003cIntel 82801H (ICH8) USB controller USB-C\u003e on uhci4\nehci1: \u003cIntel 82801H (ICH8) USB 2.0 controller USB2-A\u003e mem 0xfe227000-0xfe2273ff irq 19 at device 29.7 on pci0\nehci1: [ITHREAD]\nusbus6: EHCI version 1.0\nusbus6: \u003cIntel 82801H (ICH8) USB 2.0 controller USB2-A\u003e on ehci1\npcib7: \u003cACPI PCI-PCI bridge\u003e at device 30.0 on pci0\npci21: \u003cACPI PCI bus\u003e on pcib7\ncbb0: \u003cRF5C476 PCI-CardBus Bridge\u003e mem 0xf8100000-0xf8100fff irq 16 at device 0.0 on pci21\ncardbus0: \u003cCardBus bus\u003e on cbb0\npccard0: \u003c16-bit PCCard bus\u003e on cbb0\ncbb0: [FILTER]\nfwohci0: \u003c1394 Open Host Controller Interface\u003e mem 0xf8101000-0xf81017ff irq 17 at device 0.1 on pci21\nfwohci0: [ITHREAD]\nfwohci0: OHCI version 1.10 (ROM=0)\nfwohci0: No. of Isochronous channels is 4.\nfwohci0: EUI64 00:01:6c:20:00:38:8e:89\nfwohci0: Phy 1394a available S400, 1 ports.\nfwohci0: Link S400, max_rec 2048 bytes.\nfirewire0: \u003cIEEE1394(FireWire) bus\u003e on fwohci0\ndcons_crom0: \u003cdcons configuration ROM\u003e on firewire0\ndcons_crom0: bus_addr 0x1ca8000\nfwe0: \u003cEthernet over FireWire\u003e on firewire0\nif_fwe0: Fake Ethernet address: 02:01:6c:38:8e:89\nfwe0: Ethernet address: 02:01:6c:38:8e:89\nfwip0: \u003cIP over FireWire\u003e on firewire0\nfwip0: Firewire address: 00:01:6c:20:00:38:8e:89 @ 0xfffe00000000, S400, maxrec 2048\nsbp0: \u003cSBP-2/SCSI over FireWire\u003e on firewire0\nfwohci0: Initiate bus reset\nfwohci0: fwohci_intr_core: BUS reset\nfwohci0: fwohci_intr_core: node_id=0x00000000, SelfID Count=1, CYCLEMASTER mode\npci21: \u003cbase peripheral, SD host controller\u003e at device 0.2 (no driver attached)\npci21: \u003cbase peripheral\u003e at device 0.3 (no driver attached)\npci21: \u003cbase peripheral\u003e at device 0.4 (no driver attached)\npci21: \u003cbase peripheral\u003e at device 0.5 (no driver attached)\nisab0: \u003cPCI-ISA bridge\u003e at device 31.0 on pci0\nisa0: \u003cISA bus\u003e on isab0\natapci0: \u003cIntel ICH8M UDMA100 controller\u003e port 0x1f0-0x1f7,0x3f6,0x170-0x177,0x376,0x1830-0x183f at device 31.1 on pci0\nata0: \u003cATA channel 0\u003e on atapci0\nata0: [ITHREAD]\natapci1: \u003cIntel ICH8M SATA300 controller\u003e port 0x1c48-0x1c4f,0x1c1c-0x1c1f,0x1c40-0x1c47,0x1c18-0x1c1b,0x1c20-0x1c3f mem 0xfe226000-0xfe2267ff irq 16 at device 31.2 on pci0\natapci1: [ITHREAD]\natapci1: AHCI called from vendor specific driver\natapci1: AHCI v1.10 controller with 3 1.5Gbps ports, PM not supported\nata2: \u003cATA channel 0\u003e on atapci1\nata2: [ITHREAD]\nata3: \u003cATA channel 2\u003e on atapci1\nata3: [ITHREAD]\npci0: \u003cserial bus, SMBus\u003e at device 31.3 (no driver attached)\nacpi_tz0: \u003cThermal Zone\u003e on acpi0\nacpi_tz1: \u003cThermal Zone\u003e on acpi0\natrtc0: \u003cAT realtime clock\u003e port 0x70-0x71 irq 8 on acpi0\natkbdc0: \u003cKeyboard controller (i8042)\u003e port 0x60,0x64 irq 1 on acpi0\natkbd0: \u003cAT Keyboard\u003e irq 1 on atkbdc0\nkbd0 at atkbd0\natkbd0: [GIANT-LOCKED]\natkbd0: [ITHREAD]\npsm0: \u003cPS/2 Mouse\u003e irq 12 on atkbdc0\npsm0: [GIANT-LOCKED]\npsm0: [ITHREAD]\npsm0: model Generic PS/2 mouse, device ID 0\nbattery0: \u003cACPI Control Method Battery\u003e on acpi0\nacpi_acad0: \u003cAC Adapter\u003e on acpi0\ncpu0: \u003cACPI CPU\u003e on acpi0\nest0: \u003cEnhanced SpeedStep Frequency Control\u003e on cpu0\np4tcc0: \u003cCPU Frequency Thermal Control\u003e on cpu0\ncpu1: \u003cACPI CPU\u003e on acpi0\nest1: \u003cEnhanced SpeedStep Frequency Control\u003e on cpu1\np4tcc1: \u003cCPU Frequency Thermal Control\u003e on cpu1\npmtimer0 on isa0\norm0: \u003cISA Option ROMs\u003e at iomem 0xc0000-0xcefff,0xcf000-0xcffff,0xd0000-0xd0fff,0xe0000-0xeffff pnpid ORM0000 on isa0\nsc0: \u003cSystem console\u003e at flags 0x100 on isa0\nsc0: VGA \u003c16 virtual consoles, flags=0x300\u003e\nvga0: \u003cGeneric ISA VGA\u003e at port 0x3c0-0x3df iomem 0xa0000-0xbffff on isa0\nppc0: cannot reserve I/O port range\nTimecounters tick every 1.000 msec\nfirewire0: 1 nodes, maxhop \u003c= 0 cable IRM irm(0)  (me) \nfirewire0: bus manager 0 \nusbus0: 12Mbps Full Speed USB v1.0\nusbus1: 12Mbps Full Speed USB v1.0\nusbus2: 480Mbps High Speed USB v2.0\nusbus3: 12Mbps Full Speed USB v1.0\nusbus4: 12Mbps Full Speed USB v1.0\nusbus5: 12Mbps Full Speed USB v1.0\nusbus6: 480Mbps High Speed USB v2.0\nacd0: DVDR \u003cOptiarc DVD RW AD-7910A/1.D0\u003e at ata0-master UDMA33\nad4: 152627MB \u003cHITACHI HTS541616J9SA00 SB4IC7UP\u003e at ata2-master SATA150\nugen0.1: \u003cIntel\u003e at usbus0\nuhub0: \u003cIntel UHCI root HUB, class 9/0, rev 1.00/1.00, addr 1\u003e on usbus0\nGEOM: ad4s2: geometry does not match label (255h,63s != 16h,63s).\nuhub0: 2 ports with 2 removable, self powered\nugen1.1: \u003cIntel\u003e at usbus1\nuhub1: \u003cIntel UHCI root HUB, class 9/0, rev 1.00/1.00, addr 1\u003e on usbus1\nuhub1: 2 ports with 2 removable, self powered\nugen2.1: \u003cIntel\u003e at usbus2\nuhub2: \u003cIntel EHCI root HUB, class 9/0, rev 2.00/1.00, addr 1\u003e on usbus2\nuhub2: 4 ports with 4 removable, self powered\nugen3.1: \u003cIntel\u003e at usbus3\nuhub3: \u003cIntel UHCI root HUB, class 9/0, rev 1.00/1.00, addr 1\u003e on usbus3\nuhub3: 2 ports with 2 removable, self powered\nugen4.1: \u003cIntel\u003e at usbus4\nuhub4: \u003cIntel UHCI root HUB, class 9/0, rev 1.00/1.00, addr 1\u003e on usbus4\nuhub4: 2 ports with 2 removable, self powered\nugen5.1: \u003cIntel\u003e at usbus5\nuhub5: \u003cIntel UHCI root HUB, class 9/0, rev 1.00/1.00, addr 1\u003e on usbus5\nuhub5: 2 ports with 2 removable, self powered\nugen6.1: \u003cIntel\u003e at usbus6\nuhub6: \u003cIntel EHCI root HUB, class 9/0, rev 2.00/1.00, addr 1\u003e on usbus6\nSMP: AP CPU #1 Launched!\nWARNING: WITNESS option enabled, expect reduced performance.\nRoot mount waiting for: cbb0 usbus6\nRoot mount waiting for: cbb0 usbus6\nRoot mount waiting for: cbb0 usbus6\nuhub6: 6 ports with 6 removable, self powered\nTrying to mount root from ufs:/dev/ad4s2a\nugen0.2: \u003cSTMicroelectronics\u003e at usbus0\nEntropy harvesting:\n interrupts\n ethernet\n point_to_point\n kickstart\n.\n/dev/ad4s2a: FILE SYSTEM CLEAN; SKIPPING CHECKS\n/dev/ad4s2a: clean, 41538 free (1602 frags, 4992 blocks, 0.6% fragmentation)\n/dev/ad4s2e: FILE SYSTEM CLEAN; SKIPPING CHECKS\n/dev/ad4s2e: clean, 2984034 free (151554 frags, 354060 blocks, 2.6% fragmentation)\n/dev/ad4s2d: FILE SYSTEM CLEAN; SKIPPING CHECKS\n/dev/ad4s2d: clean, 1542799 free (12951 frags, 191231 blocks, 0.6% fragmentation)\nStarting Network: lo0 em0.\nGenerating host.conf.\nem0: link state changed to UP\nStarting hald.\nStarting local daemons:\n.\nConfiguring syscons:\n keymap\n blanktime\n.\n\nThu Aug 13 19:42:10 CEST 2009\nlock order reversal:\n 1st 0xc78b2e2c filedesc structure (filedesc structure) @ /usr/src/sys/kern/sys_generic.c:1211\n 2nd 0xc7cbace8 devfs (devfs) @ /usr/src/sys/kern/vfs_vnops.c:863\nKDB: stack backtrace:\ndb_trace_self_wrapper(c0c35b4c,e9b40960,c089a67f,c088bf9b,c0c38a18,...) at db_trace_self_wrapper+0x26\nkdb_backtrace(c088bf9b,c0c38a18,c712c1d0,c712f9e0,e9b409bc,...) at kdb_backtrace+0x29\n_witness_debugger(c0c38a18,c7cbace8,c0c27a26,c712f9e0,c0c40e6c,...) at _witness_debugger+0x1e\nwitness_checkorder(c7cbace8,9,c0c40e6c,35f,c7cbad04,...) at witness_checkorder+0x818\n__lockmgr_args(c7cbace8,80400,c7cbad04,0,0,0,c0c40e6c,35f) at __lockmgr_args+0x771\nvop_stdlock(e9b40ab8,c7a43ccc,e9b40b90,80400,c7cbac90,...) at vop_stdlock+0x5c\nVOP_LOCK1_APV(c0d14560,e9b40ab8,7ca,c0d51c40,c7cbac90,...) at VOP_LOCK1_APV+0xaf\n_vn_lock(c7cbac90,80400,c0c40e6c,35f,0,...) at _vn_lock+0x5e\nvn_poll(c7849380,1,c7825b00,c7b086c0,e9b40b60,...) at vn_poll+0x70\npoll(c7b086c0,e9b40cf8,c,c0c3955b,c0d1903c,...) at poll+0x214\nsyscall(e9b40d38) at syscall+0x281\nXint0x80_syscall() at Xint0x80_syscall+0x20\n--- syscall (209, FreeBSD ELF32, poll), eip = 0x282fb113, esp = 0xbfbfe32c, ebp = 0xbfbfe348 ---\niwn0: \u003cIntel(R) PRO/Wireless 4965BGN\u003e mem 0xdf2fe000-0xdf2fffff irq 17 at device 0.0 on pci3\niwn0: Reg Domain: MoW2, address 00:1d:e0:4e:8c:b1\niwn0: [ITHREAD]\niwn0: 11a rates: 6Mbps 9Mbps 12Mbps 18Mbps 24Mbps 36Mbps 48Mbps 54Mbps\niwn0: 11b rates: 1Mbps 2Mbps 5.5Mbps 11Mbps\niwn0: 11g rates: 1Mbps 2Mbps 5.5Mbps 11Mbps 6Mbps 9Mbps 12Mbps 18Mbps 24Mbps 36Mbps 48Mbps 54Mbps\niwn0: 11na MCS: 15Mbps 30Mbps 45Mbps 60Mbps 90Mbps 120Mbps 135Mbps 150Mbps 30Mbps 60Mbps 90Mbps 120Mbps 180Mbps 240Mbps 270Mbps 300Mbps\niwn0: 11ng MCS: 15Mbps 30Mbps 45Mbps 60Mbps 90Mbps 120Mbps 135Mbps 150Mbps 30Mbps 60Mbps 90Mbps 120Mbps 180Mbps 240Mbps 270Mbps 300Mbps\nwlan0: Ethernet address: 00:1d:e0:4e:8c:b1\niwn0: radio is disabled by hardware switch\niwn0: RF switch: radio enabled\niwn0: error, INTR=2000000\u003cSW_ERROR\u003e STATUS=0x0\niwn0: iwn_transfer_firmware: timeout waiting for first alive notice, error 35\niwn0: iwn_init_locked: could not load firmware, error 35\nlock order reversal:\n 1st 0xc7fae014 iwn0_com_lock (iwn0_com_lock) @ /usr/src/sys/net80211/ieee80211_proto.c:1082\n 2nd 0xc7f53058 iwn0 (network driver) @ /usr/src/sys/modules/iwn/../../dev/iwn/if_iwn.c:2845\nKDB: stack backtrace:\ndb_trace_self_wrapper(c0c35b4c,ebd1b9e4,c089a67f,c088bf9b,c0c38a18,...) at db_trace_self_wrapper+0x26\nkdb_backtrace(c088bf9b,c0c38a18,c712fe58,c7129040,ebd1ba40,...) at kdb_backtrace+0x29\n_witness_debugger(c0c38a18,c7f53058,c737d420,c7129040,c7f4b5aa,...) at _witness_debugger+0x1e\nwitness_checkorder(c7f53058,9,c7f4b5aa,b1d,0,...) at witness_checkorder+0x818\n_mtx_lock_flags(c7f53058,0,c7f4b5aa,b1d,c089a45b,...) at _mtx_lock_flags+0xb8\niwn_wme_update(c7fae000,43a,ebd1baf8,c084ce56,c7fae014,...) at iwn_wme_update+0xb5\nieee80211_wme_updateparams_locked(c78a8000,0,c0c48a36,43a,4,...) at ieee80211_wme_updateparams_locked+0x247\nieee80211_wme_updateparams(c78a8000,c0bbe770,c0c48a36,36b,c7fae014,...) at ieee80211_wme_updateparams+0x42\nieee80211_wme_initparams(c78a8000,c7fae2f8,28,c7fae000,0,...) at ieee80211_wme_initparams+0x1b0\nieee80211_sta_join1(c7fc4000,c7eb732e,c7eb733f,1) at ieee80211_sta_join1+0xd0\nieee80211_sta_join(c78a8000,c7fae2f8,c7eb7300,c7e81800,c7fae000,...) at ieee80211_sta_join+0x1ed\nsta_pick_bss(c7e81800,c78a8000,c0c4919d,1f4,c0d86780,...) at sta_pick_bss+0xfa\nieee80211_check_scan(c78a8000,2,7fffffff,0,0,...) at ieee80211_check_scan+0x1d9\nieee80211_check_scan_current(c78a8000,0,c0c497fd,d3,c7f4b5aa,...) at ieee80211_check_scan_current+0x45\nsta_newstate(c78a8000,1,0,616,ebd1bca4,...) at sta_newstate+0x24a\nieee80211_newstate_cb(c78a8000,1,c0c3737f,54,c7e8f6dc,...) at ieee80211_newstate_cb+0x173\ntaskqueue_run(c7e8f6c0,c7e8f6dc,0,c0c28819,0,...) at taskqueue_run+0x108\ntaskqueue_thread_loop(c7fae074,ebd1bd38,c0c2deaa,33e,c0d84420,...) at taskqueue_thread_loop+0x65\nfork_exit(c0893cec,c7fae074,ebd1bd38) at fork_exit+0xb8\nfork_trampoline() at fork_trampoline+0x8\n--- trap 0, eip = 0, esp = 0xebd1bd70, ebp = 0 ---\niwn0: iwn_config: could not set power mode, error 35\niwn0: iwn_config: could not set power mode, error 35\niwn0: iwn_config: could not set power mode, error 35\nlock order reversal:\n 1st 0xc0d854a0 module subsystem sx lock (module subsystem sx lock) @ /usr/src/sys/kern/kern_linker.c:602\n 2nd 0xc0d97540 newbus (newbus) @ /usr/src/sys/kern/subr_bus.c:4127\nKDB: stack backtrace:\ndb_trace_self_wrapper(c0c35b4c,ebbdab38,c089a67f,c088bf9b,c0c38a18,...) at db_trace_self_wrapper+0x26\nkdb_backtrace(c088bf9b,c0c38a18,c712bc20,c712c9f0,ebbdab94,...) at kdb_backtrace+0x29\n_witness_debugger(c0c38a18,c0d97540,c0c35234,c712c9f0,c0c35266,...) at _witness_debugger+0x1e\nwitness_checkorder(c0d97540,9,c0c35266,101f,0,...) at witness_checkorder+0x818\n_sx_xlock(c0d97540,0,c0c35266,101f,c7f4d9d8,...) at _sx_xlock+0x7f\ndriver_module_handler(c7e8f180,3,c7f4d9d8,fc,0,...) at driver_module_handler+0x43\nmodule_quiesce(c7e8f180,0,c0c2f31d,25a,c0841349,...) at module_quiesce+0x43\nlinker_file_unload(c7d18a00,0,c0c2f31d,42c,c7f3d000,...) at linker_file_unload+0x9a\nkern_kldunload(c7f05480,5,0,ebbdad2c,c0b728da,...) at kern_kldunload+0xd0\nkldunloadf(c7f05480,ebbdacf8,8,c0c39ada,c0d1a9f0,...) at kldunloadf+0x2d\nsyscall(ebbdad38) at syscall+0x281\nXint0x80_syscall() at Xint0x80_syscall+0x20\n--- syscall (444, FreeBSD ELF32, kldunloadf), eip = 0x280d29c7, esp = 0xbfbfe11c, ebp = 0xbfbfe968 ---\nlock order reversal:\n 1st 0xc0d84ddc kernel linker (kernel linker) @ /usr/src/sys/kern/kern_linker.c:1068\n 2nd 0xc0d97540 newbus (newbus) @ /usr/src/sys/kern/subr_bus.c:4127\nKDB: stack backtrace:\ndb_trace_self_wrapper(c0c35b4c,ebbdab38,c089a67f,c088bf9b,c0c38a18,...) at db_trace_self_wrapper+0x26\nkdb_backtrace(c088bf9b,c0c38a18,c712bc88,c712c9f0,ebbdab94,...) at kdb_backtrace+0x29\n_witness_debugger(c0c38a18,c0d97540,c0c35234,c712c9f0,c0c35266,...) at _witness_debugger+0x1e\nwitness_checkorder(c0d97540,9,c0c35266,101f,0,...) at witness_checkorder+0x818\n_sx_xlock(c0d97540,0,c0c35266,101f,c7f4d9d8,...) at _sx_xlock+0x7f\ndriver_module_handler(c7e8f180,1,c7f4d9d8,109,0,...) at driver_module_handler+0x43\nmodule_unload(c7e8f180,c0c2f31d,274,271,c0841349,...) at module_unload+0x43\nlinker_file_unload(c7d18a00,0,c0c2f31d,42c,c7f3d000,...) at linker_file_unload+0x14d\nkern_kldunload(c7f05480,5,0,ebbdad2c,c0b728da,...) at kern_kldunload+0xd0\nkldunloadf(c7f05480,ebbdacf8,8,c0c39ada,c0d1a9f0,...) at kldunloadf+0x2d\nsyscall(ebbdad38) at syscall+0x281\nXint0x80_syscall() at Xint0x80_syscall+0x20\n--- syscall (444, FreeBSD ELF32, kldunloadf), eip = 0x280d29c7, esp = 0xbfbfe11c, ebp = 0xbfbfe968 ---\niwn0: iwn_mem_lock: could not lock memory\niwn0: iwn_mem_lock: could not lock memory\niwn0: iwn_mem_lock: could not lock memory\niwn0: iwn_mem_lock: could not lock memory\niwn0: iwn_mem_lock: could not lock memory\niwn0: iwn_mem_lock: could not lock memory\niwn0: iwn_mem_lock: could not lock memory\niwn0: iwn_mem_lock: could not lock memory\niwn0: iwn_mem_lock: could not lock memory\niwn0: iwn_mem_lock: could not lock memory\niwn0: iwn_mem_lock: could not lock memory\niwn0: iwn_mem_lock: could not lock memory\niwn0: iwn_mem_lock: could not lock memory\niwn0: iwn_mem_lock: could not lock memory\niwn0: iwn_mem_lock: could not lock memory\niwn0: iwn_mem_lock: could not lock memory\niwn0: iwn_mem_lock: could not lock memory\niwn0: iwn_mem_lock: could not lock memory\niwn0: detached\nlock order reversal:\n 1st 0xc0d84ddc kernel linker (kernel linker) @ /usr/src/sys/kern/kern_linker.c:1068\n 2nd 0xc0d865e4 sysctl lock (sysctl lock) @ /usr/src/sys/kern/kern_sysctl.c:256\nKDB: stack backtrace:\ndb_trace_self_wrapper(c0c35b4c,ebbdaad8,c089a67f,c088bf9b,c0c38a18,...) at db_trace_self_wrapper+0x26\nkdb_backtrace(c088bf9b,c0c38a18,c712bc88,c7129e10,ebbdab34,...) at kdb_backtrace+0x29\n_witness_debugger(c0c38a18,c0d865e4,c0c336b8,c7129e10,c0c335bf,...) at _witness_debugger+0x1e\nwitness_checkorder(c0d865e4,9,c0c335bf,100,0,...) at witness_checkorder+0x818\n_sx_xlock(c0d865e4,0,c0c335bf,100,c7432b80,...) at _sx_xlock+0x7f\nsysctl_ctx_free(c7432bcc,c7432b80,ebbdabbc,c088294c,c7432b80,...) at sysctl_ctx_free+0x30\ndevice_sysctl_fini(c7432b80,0,c0d16de8,c737d420,c715a800,...) at device_sysctl_fini+0x1a\ndevice_detach(c7432b80,4,c0c35266,458,c7f4d9d8,...) at device_detach+0x1f7\ndriver_module_handler(c7e8f180,1,c7f4d9d8,109,0,...) at driver_module_handler+0x330\nmodule_unload(c7e8f180,c0c2f31d,274,271,c0841349,...) at module_unload+0x43\nlinker_file_unload(c7d18a00,0,c0c2f31d,42c,c7f3d000,...) at linker_file_unload+0x14d\nkern_kldunload(c7f05480,5,0,ebbdad2c,c0b728da,...) at kern_kldunload+0xd0\nkldunloadf(c7f05480,ebbdacf8,8,c0c39ada,c0d1a9f0,...) at kldunloadf+0x2d\nsyscall(ebbdad38) at syscall+0x281\nXint0x80_syscall() at Xint0x80_syscall+0x20\n--- syscall (444, FreeBSD ELF32, kldunloadf), eip = 0x280d29c7, esp = 0xbfbfe11c, ebp = 0xbfbfe968 ---\niwn0: \u003cIntel(R) PRO/Wireless 4965BGN\u003e mem 0xdf2fe000-0xdf2fffff irq 17 at device 0.0 on pci3\niwn0: Reg Domain: MoW2, address 00:1d:e0:4e:8c:b1\niwn0: [ITHREAD]\niwn0: 11a rates: 6Mbps 9Mbps 12Mbps 18Mbps 24Mbps 36Mbps 48Mbps 54Mbps\niwn0: 11b rates: 1Mbps 2Mbps 5.5Mbps 11Mbps\niwn0: 11g rates: 1Mbps 2Mbps 5.5Mbps 11Mbps 6Mbps 9Mbps 12Mbps 18Mbps 24Mbps 36Mbps 48Mbps 54Mbps\niwn0: 11na MCS: 15Mbps 30Mbps 45Mbps 60Mbps 90Mbps 120Mbps 135Mbps 150Mbps 30Mbps 60Mbps 90Mbps 120Mbps 180Mbps 240Mbps 270Mbps 300Mbps\niwn0: 11ng MCS: 15Mbps 30Mbps 45Mbps 60Mbps 90Mbps 120Mbps 135Mbps 150Mbps 30Mbps 60Mbps 90Mbps 120Mbps 180Mbps 240Mbps 270Mbps 300Mbps\nwlan0: Ethernet address: 00:1d:e0:4e:8c:b1\niwn0: error, INTR=2000000\u003cSW_ERROR\u003e STATUS=0x0\niwn0: iwn_transfer_firmware: timeout waiting for first alive notice, error 35\niwn0: iwn_init_locked: could not load firmware, error 35\niwn0: iwn_config: could not set power mode, error 35\niwn0: iwn_config: could not set power mode, error 35\nem0: link state changed to DOWN\niwn0: iwn_config: could not set power mode, error 35\niwn0: error, INTR=2000000\u003cSW_ERROR\u003e STATUS=0x0\niwn0: iwn_config: could not set power mode, error 35\niwn0: iwn_transfer_firmware: timeout waiting for first alive notice, error 35\niwn0: iwn_init_locked: could not load firmware, error 35\niwn0: iwn_config: could not set power mode, error 35\nem0: link state changed to UP\nlock order reversal:\n 1st 0xdb1be040 bufwait (bufwait) @ /usr/src/sys/kern/vfs_bio.c:2559\n 2nd 0xc7efea00 dirhash (dirhash) @ /usr/src/sys/ufs/ufs/ufs_dirhash.c:285\nKDB: stack backtrace:\ndb_trace_self_wrapper(c0c35b4c,e9a7a764,c089a67f,c088bf9b,c0c38a18,...) at db_trace_self_wrapper+0x26\nkdb_backtrace(c088bf9b,c0c38a18,c712bef8,c712fb18,e9a7a7c0,...) at kdb_backtrace+0x29\n_witness_debugger(c0c38a18,c7efea00,c0c59ae3,c712fb18,c0c5977c,...) at _witness_debugger+0x1e\nwitness_checkorder(c7efea00,9,c0c5977c,11d,0,...) at witness_checkorder+0x818\n_sx_xlock(c7efea00,0,c0c5977c,11d,c8060cb0,...) at _sx_xlock+0x7f\nufsdirhash_acquire(db1bdfe0,ddc70228,1d8,ddc7023c,e9a7a890,...) at ufsdirhash_acquire+0x31\nufsdirhash_add(c8060cb0,e9a7a8d8,123c,e9a7a87c,e9a7a880,...) at ufsdirhash_add+0x13\nufs_direnter(c8058a78,c806296c,e9a7a8d8,e9a7abd4,0,...) at ufs_direnter+0x70e\nufs_makeinode(e9a7abd4) at ufs_makeinode+0x4f8\nufs_create(e9a7aac0,e9a7aad8,0,0,e9a7aba8,...) at ufs_create+0x2c\nVOP_CREATE_APV(c0d391c0,e9a7aac0,e9a7abd4,e9a7aa58,0,...) at VOP_CREATE_APV+0xa2\nvn_open_cred(e9a7aba8,e9a7ac60,180,0,c7eec100,...) at vn_open_cred+0x215\nvn_open(e9a7aba8,e9a7ac60,180,c7e9ca80,c717a740,...) at vn_open+0x3b\nkern_openat(c7840480,ffffff9c,2c943ec8,0,203,...) at kern_openat+0x116\nkern_open(c7840480,2c943ec8,0,202,180,...) at kern_open+0x35\nopen(c7840480,e9a7acf8,c,c0c3955b,c0d179ec,...) at open+0x30\nsyscall(e9a7ad38) at syscall+0x281\nXint0x80_syscall() at Xint0x80_syscall+0x20\n--- syscall (5, FreeBSD ELF32, open), eip = 0x29bdbc77, esp = 0xbfbfcb08, ebp = 0xbfbfcb34 ---\nlock order reversal:\n 1st 0xc8a9cad0 ufs (ufs) @ /usr/src/sys/kern/vfs_lookup.c:497\n 2nd 0xdb324690 bufwait (bufwait) @ /usr/src/sys/ufs/ffs/ffs_softdep.c:6170\n 3rd 0xc8b0b6a0 ufs (ufs) @ /usr/src/sys/kern/vfs_subr.c:2083\nKDB: stack backtrace:\ndb_trace_self_wrapper(c0c35b4c,e9b8e2c0,c089a67f,c088bf9b,c0c38a31,...) at db_trace_self_wrapper+0x26\nkdb_backtrace(c088bf9b,c0c38a31,c712bef8,c712fab0,e9b8e31c,...) at kdb_backtrace+0x29\n_witness_debugger(c0c38a31,c8b0b6a0,c0c2b6cb,c712fab0,c0c3fca3,...) at _witness_debugger+0x1e\nwitness_checkorder(c8b0b6a0,9,c0c3fca3,823,0,...) at witness_checkorder+0x818\n__lockmgr_args(c8b0b6a0,80100,c8b0b6bc,0,0,...) at __lockmgr_args+0x771\nffs_lock(e9b8e424,c089a45b,c0c3f196,80100,c8b0b648,...) at ffs_lock+0x7d\nVOP_LOCK1_APV(c0d391c0,e9b8e424,c7cf1e24,c0d51c40,c8b0b648,...) at VOP_LOCK1_APV+0xaf\n_vn_lock(c8b0b648,80100,c0c3fca3,823,4,...) at _vn_lock+0x5e\nvget(c8b0b648,80100,c7cf1d80,50,0,...) at vget+0xb8\nvfs_hash_get(c7955508,16a5db,80000,c7cf1d80,e9b8e580,...) at vfs_hash_get+0xdf\nffs_vgetf(c7955508,16a5db,80000,e9b8e580,1,...) at ffs_vgetf+0x43\nsoftdep_sync_metadata(c8a9ca78,0,c0c593f5,146,0,...) at softdep_sync_metadata+0x5a6\nffs_syncvnode(c8a9ca78,1,e9b8e618,c089a45b,c0c3111c,...) at ffs_syncvnode+0x3c9\nffs_truncate(c8a9ca78,400,0,880,c8141c00,...) at ffs_truncate+0x644\nufs_direnter(c8a9ca78,c8b39c90,e9b8e8d8,e9b8ebd4,0,...) at ufs_direnter+0x8d6\nufs_makeinode(e9b8ebd4) at ufs_makeinode+0x4f8\nufs_create(e9b8eac0,e9b8ead8,0,0,e9b8eba8,...) at ufs_create+0x2c\nVOP_CREATE_APV(c0d391c0,e9b8eac0,e9b8ebd4,e9b8ea58,0,...) at VOP_CREATE_APV+0xa2\nvn_open_cred(e9b8eba8,e9b8ec60,1a4,0,c8141c00,...) at vn_open_cred+0x215\nvn_open(e9b8eba8,e9b8ec60,1a4,c80328f8,1ef,...) at vn_open+0x3b\nkern_openat(c7cf1d80,ffffff9c,2832c844,0,602,...) at kern_openat+0x116\nkern_open(c7cf1d80,2832c844,0,601,1b6,...) at kern_open+0x35\nopen(c7cf1d80,e9b8ecf8,c,e9b8ed2c,c0d179ec,...) at open+0x30\nsyscall(e9b8ed38) at syscall+0x281\nXint0x80_syscall() at Xint0x80_syscall+0x20\n--- syscall (5, FreeBSD ELF32, open), eip = 0x281d0c77, esp = 0xbfbfde9c, ebp = 0xbfbfdf28 ---\npid 1228 (wmx), uid 1001: exited on signal 11 (core dumped)\nAug 13 20:56:14 karoshi xdm: pam_sm_close_session(): no utmp record for :0\nhdac0: \u003cIntel 82801H High Definition Audio Controller\u003e mem 0xfe220000-0xfe223fff irq 17 at device 27.0 on pci0\nhdac0: HDA Driver Revision: 20090624_0136\nhdac0: [ITHREAD]\npanic: _sx_xlock_hard: recursed on non-recursive sx newbus @ /usr/src/sys/kern/subr_bus.c:219\n\ncpuid = 0\nKDB: enter: panic\npanic: from debugger\ncpuid = 0\nUptime: 1h15m15s\nPhysical memory: 3030 MB\nDumping 191 MB: 176 160 144 128 112 96 80 64 48 32 16\n\n------------------------------------------------------------------------\n\nFix: \n\nnone known.\nHow-To-Repeat: \nkldload /boot/kernel/snd_hda.ko"
}