{
 "id": 369461,
 "bug_id": 107639,
 "attachment_id": 0,
 "creation_time": "2007-10-22T10:00:38Z",
 "creator": "neldredge@math.ucsd.edu",
 "text": "Hi folks,\n\nI think I have encountered this bug.\n\nMy amd64 box has an SATA hard disk with some bad sectors.  When you try to \nread these sectors (e.g. with \"dd if=/dev/ad4 of=/dev/null bs=1024k\"), the \nfollowing messages are printed:\n\nad4: WARNING - SETFEATURES SET TRANSFER MODE taskqueue timeout - completing request directly\nad4: TIMEOUT - READ_DMA retrying (1 retry left) LBA=9464064\n\nThe kernel then panics with a page fault.  I couldn't gather the complete \ntraceback but it looks like this:\n\ndevice_attach+0x22\nbus_generic_attach+0x18\nata_identify+0xea\nata_sata_phy_event+0xe2\ntaskqueue_run+0xd7\ntaskqueue_thread_loop+0x85\nfork_exit+0x86 (or maybe 0x80, I can't quite read my handwriting)\nfork_trampoline+0xe\n\nThe faulting instruction is \"cmp $0, 0x50(%r13)\", and %r13=0.\n\nA glance at the source reveals that the problem is that in device_attach, \ndev-\u003edevclass is NULL.  (device_attach calls device_sysctl_init which \ncalls devclass_sysctl_init, where dev-\u003edevclass is actually dereferenced. \nThey all appear in device_attach due to inlining.)  I presume \ndevice_attach is getting called because the request for the bad sector \nfails and then the kernel tries to reset the device.\n\nThis is completely reproducible, with slightly different LBA numbers.\n\nHere's some system info.\n\nkernel: FreeBSD vulcan.lan 6.2-RELEASE-p7 FreeBSD 6.2-RELEASE-p7 #7: Mon Sep 17 22:12:36 PDT 2007     root@vulcan.lan:/usr/obj/usr/src/sys/VULCAN  amd64\ndisk: Maxtor DiamondMax 10 (model 6B250S0), 250 GB SATA\nSATA controller: Silicon Image SiI3114\nMotherboard: Tyan S2875 (Tiger K8W)\n\ndmesg output follows.  I don't have boot_verbose on, sorry.  I cannot \nreboot right now to get it, but I can do it tomorrow if something \nimportant is missing.\n\n---- cut dmesg.out -----------\ncam: using minimum scsi_delay (100ms)\nCopyright (c) 1992-2007 The FreeBSD Project.\nCopyright (c) 1979, 1980, 1983, 1986, 1988, 1989, 1991, 1992, 1993, 1994\n \tThe Regents of the University of California. All rights reserved.\nFreeBSD is a registered trademark of The FreeBSD Foundation.\nFreeBSD 6.2-RELEASE-p7 #7: Mon Sep 17 22:12:36 PDT 2007\n     root@vulcan.lan:/usr/obj/usr/src/sys/VULCAN\nTimecounter \"i8254\" frequency 1193182 Hz quality 0\nCPU: AMD Opteron(tm) Processor 244 (1790.54-MHz K8-class CPU)\n   Origin = \"AuthenticAMD\"  Id = 0xf5a  Stepping = 10\n   Features=0x78bfbff\u003cFPU,VME,DE,PSE,TSC,MSR,PAE,MCE,CX8,APIC,SEP,MTRR,PGE,MCA,CMOV,PAT,PSE36,CLFLUSH,MMX,FXSR,SSE,SSE2\u003e\n   AMD Features=0xe0500800\u003cSYSCALL,NX,MMX+,LM,3DNow+,3DNow\u003e\nreal memory  = 1073676288 (1023 MB)\navail memory = 1027481600 (979 MB)\ncpu0 on motherboard\npcib0: \u003cHost to PCI bridge\u003e pcibus 0 on motherboard\npci0: \u003cPCI bus\u003e on pcib0\nagp0: \u003cAMD 8151 AGP graphics tunnel\u003e mem 0xf0000000-0xf7ffffff at device 0.0 on pci0\npcib1: \u003cPCI-PCI bridge\u003e at device 1.0 on pci0\npci1: \u003cPCI bus\u003e on pcib1\npci1: \u003cdisplay, VGA\u003e at device 0.0 (no driver attached)\npci1: \u003cdisplay\u003e at device 0.1 (no driver attached)\npcib2: \u003cPCI-PCI bridge\u003e at device 6.0 on pci0\npci2: \u003cPCI bus\u003e on pcib2\nohci0: \u003cOHCI (generic) USB controller\u003e mem 0xff5fd000-0xff5fdfff irq 10 at device 0.0 on pci2\nohci0: [GIANT-LOCKED]\nusb0: OHCI version 1.0, legacy support\nusb0: SMM does not respond, resetting\nusb0: \u003cOHCI (generic) USB controller\u003e on ohci0\nusb0: USB revision 1.0\nuhub0: AMD OHCI root hub, class 9/0, rev 1.00/1.00, addr 1\nuhub0: 3 ports with 3 removable, self powered\nohci1: \u003cOHCI (generic) USB controller\u003e mem 0xff5fe000-0xff5fefff irq 10 at device 0.1 on pci2\nohci1: [GIANT-LOCKED]\nusb1: OHCI version 1.0, legacy support\nusb1: SMM does not respond, resetting\nusb1: \u003cOHCI (generic) USB controller\u003e on ohci1\nusb1: USB revision 1.0\nuhub1: AMD OHCI root hub, class 9/0, rev 1.00/1.00, addr 1\nuhub1: 3 ports with 3 removable, self powered\nem0: \u003cIntel(R) PRO/1000 Network Connection Version - 6.2.9\u003e port 0xa880-0xa8bf mem 0xff5c0000-0xff5dffff,0xff5a0000-0xff5bffff irq 5 at device 3.0 on pci2\nem0: Ethernet address: 00:e0:81:31:ae:1d\natapci0: \u003cSiI 3114 SATA150 controller\u003e port 0xbc00-0xbc07,0xb880-0xb883,0xb800-0xb807,0xb480-0xb483,0xb400-0xb40f mem 0xff5ffc00-0xff5fffff irq 10 at device 5.0 on pci2\nata2: \u003cATA channel 0\u003e on atapci0\nata3: \u003cATA channel 1\u003e on atapci0\nata4: \u003cATA channel 2\u003e on atapci0\nata5: \u003cATA channel 3\u003e on atapci0\nfwohci0: \u003cVIA Fire II (VT6306)\u003e port 0xac00-0xac7f mem 0xff5ff000-0xff5ff7ff irq 9 at device 10.0 on pci2\nfwohci0: OHCI version 1.0 (ROM=1)\nfwohci0: No. of Isochronous channels is 4.\nfwohci0: EUI64 00:e0:81:00:00:30:79:00\nfwohci0: Phy 1394a available S400, 2 ports.\nfwohci0: Link S400, max_rec 2048 bytes.\nfirewire0: \u003cIEEE1394(FireWire) bus\u003e on fwohci0\nsbp0: \u003cSBP-2/SCSI over FireWire\u003e on firewire0\nfwohci0: Initiate bus reset\nfwohci0: node_id=0xc800ffc0, gen=1, CYCLEMASTER mode\nfirewire0: 1 nodes, maxhop \u003c= 0, cable IRM = 0 (me)\nfirewire0: bus manager 0 (me)\npci2: \u003cserial bus, USB\u003e at device 11.0 (no driver attached)\npci2: \u003cserial bus, USB\u003e at device 11.1 (no driver attached)\nehci0: \u003cVIA VT6202 USB 2.0 controller\u003e mem 0xff5ff800-0xff5ff8ff irq 10 at device 11.2 on pci2\nehci0: [GIANT-LOCKED]\nusb2: EHCI version 1.0\nusb2: wrong number of companions (2 != 0)\nusb2: \u003cVIA VT6202 USB 2.0 controller\u003e on ehci0\nusb2: USB revision 2.0\nuhub2: VIA EHCI root hub, class 9/0, rev 2.00/1.00, addr 1\nuhub2: 4 ports with 4 removable, self powered\nisab0: \u003cPCI-ISA bridge\u003e at device 7.0 on pci0\nisa0: \u003cISA bus\u003e on isab0\natapci1: \u003cAMD 8111 UDMA133 controller\u003e port 0x1f0-0x1f7,0x3f6,0x170-0x177,0x376,0xffa0-0xffaf at device 7.1 on pci0\nata0: \u003cATA channel 0\u003e on atapci1\nata1: \u003cATA channel 1\u003e on atapci1\npci0: \u003cserial bus, SMBus\u003e at device 7.2 (no driver attached)\npci0: \u003cbridge\u003e at device 7.3 (no driver attached)\npcm0: \u003cAMD-8111\u003e port 0xc800-0xc8ff,0xcc00-0xcc3f irq 9 at device 7.5 on pci0\npcm0: \u003cAvance Logic ALC655 AC97 Codec\u003e\norm0: \u003cISA Option ROMs\u003e at iomem 0xc0000-0xccfff,0xcd000-0xd17ff on isa0\natkbdc0: \u003cKeyboard controller (i8042)\u003e at port 0x60,0x64 on isa0\natkbd0: \u003cAT Keyboard\u003e irq 1 on atkbdc0\nkbd0 at atkbd0\natkbd0: [GIANT-LOCKED]\nppc0: cannot reserve I/O port range\nsc0: \u003cSystem console\u003e at flags 0x100 on isa0\nsc0: VGA \u003c16 virtual consoles, flags=0x300\u003e\nsio0: configured irq 4 not in bitmap of probed irqs 0\nsio0: port may not be enabled\nsio0 at port 0x3f8-0x3ff irq 4 flags 0x10 on isa0\nsio0: type 16550A\nsio1: configured irq 3 not in bitmap of probed irqs 0\nsio1: port may not be enabled\nsio1 at port 0x2f8-0x2ff irq 3 on isa0\nsio1: type 16550A\nvga0: \u003cGeneric ISA VGA\u003e at port 0x3c0-0x3df iomem 0xa0000-0xbffff on isa0\nuhub3: vendor 0x0557 product 0x7000, class 9/0, rev 1.10/1.00, addr 2\nuhub3: 4 ports with 4 removable, self powered\nukbd0: vendor 0x1241 USB Keyboard, rev 1.10/2.80, addr 3, iclass 3/1\nkbd1 at ukbd0\nuhid0: vendor 0x1241 USB Keyboard, rev 1.10/2.80, addr 3, iclass 3/1\nums0: Cypress Sem PS2/USB Browser Combo Mouse, rev 1.00/0.00, addr 4, iclass 3/1\nums0: 5 buttons and Z dir.\nTimecounter \"TSC\" frequency 1790543579 Hz quality 800\nTimecounters tick every 1.000 msec\nipfw2 (+ipv6) initialized, divert loadable, rule-based forwarding disabled, default to deny, logging unlimited\nacd0: DVDR \u003cDVDRW IDE 16X/VER A07J\u003e at ata0-master UDMA66\nad4: 239372MB \u003cMaxtor 6B250S0 BANC1E00\u003e at ata2-master SATA150\nad6: 476940MB \u003cMAXTOR STM3500630AS 3.AAE\u003e at ata3-master SATA150\ncd0 at ata0 bus 0 target 0 lun 0\ncd0: \u003cDVDRW IDE 16X A07J\u003e Removable CD-ROM SCSI-0 device \ncd0: 66.000MB/s transfers\ncd0: Attempt to query device size failed: NOT READY, Medium not present - tray closed\nTrying to mount root from ufs:/dev/ad6s2a\nem0: link state changed to UP\ndrm0: \u003cATI Radeon RV280 9250\u003e port 0x9000-0x90ff mem 0xe0000000-0xe7ffffff,0xff3f0000-0xff3fffff irq 11 at device 0.0 on pci1\ninfo: [drm] AGP at 0xf0000000 128MB\ninfo: [drm] Initialized radeon 1.24.0 20060225\ninfo: [drm] Setting GART location based on new memory map\ninfo: [drm] Loading R200 Microcode\ninfo: [drm] writeback test succeeded in 1 usecs\n-------- cut dmesg.out ----------\n\nHere is the output of pciconf -l.\n\n------- cut pciconf.out ---------\nagp0@pci0:0:0:\tclass=0x060000 card=0x74541022 chip=0x74541022 rev=0x14 hdr=0x00\npcib1@pci0:1:0:\tclass=0x060400 card=0x00000000 chip=0x74551022 rev=0x14 hdr=0x01\npcib2@pci0:6:0:\tclass=0x060400 card=0x000000c0 chip=0x74601022 rev=0x07 hdr=0x01\nisab0@pci0:7:0:\tclass=0x060100 card=0x74681022 chip=0x74681022 rev=0x05 hdr=0x00\natapci1@pci0:7:1:\tclass=0x01018a card=0x74691022 chip=0x74691022 rev=0x03 hdr=0x00\nnone0@pci0:7:2:\tclass=0x0c0500 card=0x746a1022 chip=0x746a1022 rev=0x02 hdr=0x00\nnone1@pci0:7:3:\tclass=0x068000 card=0x746b1022 chip=0x746b1022 rev=0x05 hdr=0x00\npcm0@pci0:7:5:\tclass=0x040100 card=0x746d10f1 chip=0x746d1022 rev=0x03 hdr=0x00\nhostb0@pci0:24:0:\tclass=0x060000 card=0x00000000 chip=0x11001022 rev=0x00 hdr=0x00\nhostb1@pci0:24:1:\tclass=0x060000 card=0x00000000 chip=0x11011022 rev=0x00 hdr=0x00\nhostb2@pci0:24:2:\tclass=0x060000 card=0x00000000 chip=0x11021022 rev=0x00 hdr=0x00\nhostb3@pci0:24:3:\tclass=0x060000 card=0x00000000 chip=0x11031022 rev=0x00 hdr=0x00\ndrm0@pci1:0:0:\tclass=0x030000 card=0x01401092 chip=0x59601002 rev=0x01 hdr=0x00\nnone2@pci1:0:1:\tclass=0x038000 card=0x01411092 chip=0x59401002 rev=0x01 hdr=0x00\nohci0@pci2:0:0:\tclass=0x0c0310 card=0x74641022 chip=0x74641022 rev=0x0b hdr=0x00\nohci1@pci2:0:1:\tclass=0x0c0310 card=0x74641022 chip=0x74641022 rev=0x0b hdr=0x00\nem0@pci2:3:0:\tclass=0x020000 card=0x11768086 chip=0x10768086 rev=0x00 hdr=0x00\natapci0@pci2:5:0:\tclass=0x018000 card=0x31141095 chip=0x31141095 rev=0x02 hdr=0x00\nfwohci0@pci2:10:0:\tclass=0x0c0010 card=0x304410f1 chip=0x30441106 rev=0x80 hdr=0x00\nnone3@pci2:11:0:\tclass=0x0c0300 card=0x30381106 chip=0x30381106 rev=0x61 hdr=0x00\nnone4@pci2:11:1:\tclass=0x0c0300 card=0x30381106 chip=0x30381106 rev=0x61 hdr=0x00\nehci0@pci2:11:2:\tclass=0x0c0320 card=0x31041106 chip=0x31041106 rev=0x63 hdr=0x00\n------------ cut pciconf.out -----------\n\nI'm happy to provide more info, test patches, etc.\n\n-- \n\nNate Eldredge\nneldredge@math.ucsd.edu"
}