{
 "id": 434317,
 "bug_id": 121409,
 "attachment_id": 0,
 "creation_time": "2008-03-05T22:40:00Z",
 "creator": "freebsd7-pr@i-cnct.com",
 "text": "  read /usr/src/updating\n  read all current pr reports\n  previous OS FreeBSD 6.3\n  make.conf has no build options (although have also built with NO_PROFILE=true and CFLAGS= -0\n-pipe but no difference in results)\n\n  building from src\n\n#  1.  `cd /usr/src'       (or to the directory containing your source tree).\n#  2.  `make buildworld'\n#  3.  `make buildkernel KERNCONF=YOUR_KERNEL_HERE'     (default is GENERIC).\n#  4.  `make installkernel KERNCONF=YOUR_KERNEL_HERE'   (default is GENERIC).\n#       [steps 3. \u0026 4. can be combined by using the \"kernel\" target]\n#  5.  `reboot'        (in single user mode: boot -s from the loader prompt).\n#  6.  `mergemaster -p'\n#  7.  `make installworld'\n#  8.  `make delete-old'\n#  9.  `mergemaster'\n# 10.  `reboot'\n\nAfter final mergemaster and reboot, /boot/loader gives error:\n\nGuessed BIOS device 0x%x not found by probes, defaulting to disk0:\nCan't work out which disk we are booting from.\n\n[WORKAROUND]\n\nInterrupt the boot process before the error, boot from:\n\nboot: /boot/loader.old\n\nor use the fix-it disk and copy loader to loader.sav, loader.old to loader\n\n# fsck_ffs /dev/da0s1\n# mkdir /mnt/root\n# mount -rw /dev/da0s1a /mnt/root\n# mv /mnt/root/boot/loader /mnt/root/boot/loader.sav\n# cp /mnt/root/boot/loader.old /mnt/root/boot/loader\n\nI can then boot from loader.old\n\n# dmesg\nCopyright (c) 1992-2008 The FreeBSD Project.\nCopyright (c) 1979, 1980, 1983, 1986, 1988, 1989, 1991, 1992, 1993, 1994\n        The Regents of the University of California. All rights reserved.\nFreeBSD is a registered trademark of The FreeBSD Foundation.\nFreeBSD 7.0-STABLE #0: Wed Mar  5 18:47:36 MST 2008\n    freebsd7-pr@i-cnct.com:/usr/obj/usr/src/sys/MEG\nTimecounter \"i8254\" frequency 1193182 Hz quality 0\nCPU: Intel(R) Xeon(TM) CPU 2.40GHz (2392.95-MHz 686-class CPU)\n  Origin = \"GenuineIntel\"  Id = 0xf27  Stepping = 7\n  Features=0xbfebfbff\u003cFPU,VME,DE,PSE,TSC,MSR,PAE,MCE,CX8,APIC,SEP,MTRR,PGE,MCA,CMOV,PAT,PSE36,CLFL\nUSH,DTS,ACPI,MMX,FXSR,SSE,SSE2,SS,HTT,TM,PBE\u003e\n  Features2=0x400\u003cCNXT-ID\u003e\n  Logical CPUs per core: 2\nreal memory  = 536805376 (511 MB)\navail memory = 511320064 (487 MB)\nACPI APIC Table: \u003cINTEL  SWV20   \u003e\nFreeBSD/SMP: Multiprocessor System Detected: 2 CPUs\n cpu0 (BSP): APIC ID:  0\n cpu1 (AP): APIC ID:  1\nioapic0 \u003cVersion 2.0\u003e irqs 0-23 on motherboard\nioapic1 \u003cVersion 2.0\u003e irqs 24-47 on motherboard\nioapic2 \u003cVersion 2.0\u003e irqs 48-71 on motherboard\nlapic0: Forcing LINT1 to edge trigger\nkbd1 at kbdmux0\nath_hal: 0.9.20.3 (AR5210, AR5211, AR5212, RF5111, RF5112, RF2413, RF5413)\nhptrr: HPT RocketRAID controller driver v1.1 (Mar  5 2008 18:47:05)\nacpi0: \u003cINTEL SWV20\u003e on motherboard\nACPI Warning (dswload-0794): Type override - [DEB_] had invalid type (Integer) for Scope operator, changed to (Scope) [20070320]\nACPI Warning (dswload-0794): Type override - [MLIB] had invalid type (Integer) for Scope operator, changed to (Scope) [20070320]\nACPI Warning (dswload-0794): Type override - [DATA] had invalid type (String) for Scope operator, changed to (Scope) [20070320]\nACPI Warning (dswload-0794): Type override - [SIO_] had invalid type (String) for Scope operator, changed to (Scope) [20070320]\nACPI Warning (dswload-0794): Type override - [LEDP] had invalid type (String) for Scope operator, changed to (Scope) [20070320]\nACPI Warning (dswload-0794): Type override - [GPEN] had invalid type (String) for Scope operator, changed to (Scope) [20070320]\nACPI Warning (dswload-0794): Type override - [GPST] had invalid type (String) for Scope operator, changed to (Scope) [20070320]\nACPI Warning (dswload-0794): Type override - [WUES] had invalid type (String) for Scope operator, changed to (Scope) [20070320]\nACPI Warning (dswload-0794): Type override - [WUSE] had invalid type (String) for Scope operator, changed to (Scope) [20070320]\nACPI Warning (dswload-0794): Type override - [SBID] had invalid type (String) for Scope operator, changed to (Scope) [20070320]\nACPI Warning (dswload-0794): Type override - [SWCE] had invalid type (String) for Scope operator, changed to (Scope) [20070320]\nacpi0: [ITHREAD]\nacpi0: Power Button (fixed)\nacpi_timer0: couldn't allocate resource (port 0x408)\nacpi_ec0: \u003cEmbedded Controller: GPE 0x8\u003e port 0xca6,0xca7 on acpi0\ncpu0: \u003cACPI CPU\u003e on acpi0\np4tcc0: \u003cCPU Frequency Thermal Control\u003e on cpu0\ncpu1: \u003cACPI CPU\u003e on acpi0\np4tcc1: \u003cCPU Frequency Thermal Control\u003e on cpu1\npcib0: \u003cACPI Host-PCI bridge\u003e port 0xcf8-0xcff on acpi0\npci0: \u003cACPI PCI bus\u003e on pcib0\npci0: \u003cunknown\u003e at device 0.1 (no driver attached)\npcib1: \u003cACPI PCI-PCI bridge\u003e at device 3.0 on pci0\npci2: \u003cACPI PCI bus\u003e on pcib1\npcib2: \u003cACPI PCI-PCI bridge\u003e at device 29.0 on pci2\npci4: \u003cACPI PCI bus\u003e on pcib2\nasr0: \u003cAdaptec Caching SCSI RAID\u003e mem 0xfea00000-0xfeafffff,0xfb000000-0xfbffffff,0xf8000000-0xf9ffffff irq 48 at device 8.0 on pci4\nasr0: [GIANT-LOCKED]\nasr0: [ITHREAD]\nasr0:   ADAPTEC 2000S FW Rev. 380E, 2 channel, 256 CCBs, Protocol I2O\npcib3: \u003cACPI PCI-PCI bridge\u003e at device 31.0 on pci2\npci3: \u003cACPI PCI bus\u003e on pcib3\nem0: \u003cIntel(R) PRO/1000 Network Connection Version - 6.7.3\u003e port 0x2040-0x207f mem 0xfe7c0000-0xfe7dffff irq 30 at device 7.0 on pci3\nem0: Ethernet address: 00:07:e9:04:93:b2\nem0: [FILTER]\nem1: \u003cIntel(R) PRO/1000 Network Connection Version - 6.7.3\u003e port 0x2000-0x203f mem 0xfe7e0000-0xfe7fffff irq 31 at device 7.1 on pci3\nem1: Ethernet address: 00:07:e9:04:93:b3\nem1: [FILTER]\npci0: \u003cunknown\u003e at device 3.1 (no driver attached)\nuhci0: \u003cIntel 82801CA/CAM (ICH3) USB controller USB-A\u003e port 0x3020-0x303f irq 16 at device 29.0 on pci0\nuhci0: [GIANT-LOCKED]\nuhci0: [ITHREAD]\nusb0: \u003cIntel 82801CA/CAM (ICH3) USB controller USB-A\u003e on uhci0\nusb0: USB revision 1.0\nuhub0: \u003cIntel UHCI root hub, class 9/0, rev 1.00/1.00, addr 1\u003e on usb0\nuhub0: 2 ports with 2 removable, self powered\nuhci1: \u003cIntel 82801CA/CAM (ICH3) USB controller USB-B\u003e port 0x3000-0x301f irq 19 at device 29.1 on pci0\nuhci1: [GIANT-LOCKED]\nuhci1: [ITHREAD]\nusb1: \u003cIntel 82801CA/CAM (ICH3) USB controller USB-B\u003e on uhci1\nusb1: USB revision 1.0\nuhub1: \u003cIntel UHCI root hub, class 9/0, rev 1.00/1.00, addr 1\u003e on usb1\nuhub1: 2 ports with 2 removable, self powered\npcib4: \u003cACPI PCI-PCI bridge\u003e at device 30.0 on pci0\npci1: \u003cACPI PCI bus\u003e on pcib4\nvgapci0: \u003cVGA-compatible display\u003e port 0x1000-0x10ff mem 0xfd000000-0xfdffffff,0xfe6f0000-0xfe6f0fff irq 17 at device 12.0 on pci1\nisab0: \u003cPCI-ISA bridge\u003e at device 31.0 on pci0\nisa0: \u003cISA bus\u003e on isab0\natapci0: \u003cIntel ICH3 UDMA100 controller\u003e port 0x1f0-0x1f7,0x3f6,0x170-0x177,0x376,0x3a0-0x3af at device 31.1 on pci0\nata0: \u003cATA channel 0\u003e on atapci0\nata0: [ITHREAD]\nata1: \u003cATA channel 1\u003e on atapci0\nata1: [ITHREAD]\npci0: \u003cserial bus, SMBus\u003e at device 31.3 (no driver attached)\natkbdc0: \u003cKeyboard controller (i8042)\u003e port 0x60,0x64 irq 1 on acpi0\natkbd0: \u003cAT Keyboard\u003e irq 1 on atkbdc0\nkbd0 at atkbd0\natkbd0: [GIANT-LOCKED]\natkbd0: [ITHREAD]\nfdc0: \u003cfloppy drive controller (FDE)\u003e port 0x3f2-0x3f3,0x3f4-0x3f5,0x3f7 irq 6 drq 2 on acpi0\nfdc0: [FILTER]\nfd0: \u003c1440-KB 3.5\" drive\u003e on fdc0 drive 0\nsio0: \u003c16550A-compatible COM port\u003e port 0x2f8-0x2ff irq 3 flags 0x10 on acpi0\nsio0: type 16550A\nsio0: [FILTER]\nsio1: \u003c16550A-compatible COM port\u003e port 0x3f8-0x3ff irq 4 on acpi0\nsio1: type 16550A\nsio1: [FILTER]\nacpi_timer0: couldn't allocate resource (port 0x408)\npmtimer0 on isa0\norm0: \u003cISA Option ROMs\u003e at iomem 0xc0000-0xc7fff,0xc8000-0xcdfff,0xce000-0xcf7ff,0xcf800-0xd0fff,0xe4000-0xe7fff pnpid ORM0000 on isa0\nppc0: parallel port not found.\nsc0: \u003cSystem console\u003e at flags 0x100 on isa0\nsc0: VGA \u003c16 virtual consoles, flags=0x300\u003e\nvga0: \u003cGeneric ISA VGA\u003e at port 0x3c0-0x3df iomem 0xa0000-0xbffff on isa0\nTimecounters tick every 1.000 msec\nhptrr: no controller detected.\nacd0: CDROM \u003cSAMSUNG CD-ROM SN-124/QM15\u003e at ata1-master PIO4\nda0 at asr0 bus 1 target 0 lun 0\nda0: \u003cADAPTEC RAID-1 380E\u003e Fixed Direct Access SCSI-2 device \nses0 at asr0 bus 1 target 6 lun 0\nses0: \u003cESG-SHV SCA HSBP M20 0.05\u003e Fixed Processor SCSI-2 device \nlapic1: Forcing LINT1 to edge trigger\nSMP: AP CPU #1 Launched!\nTrying to mount root from ufs:/dev/da0s1a\nem1: link state changed to UP\n\nFix: \n\n[WORKAROUND]\n\nBreak out of the boot process before the failure and:\n\nboot: /boot/loader.old\n\nThen\n# mv /boot/loader /boot/loader.sav\n# cp /boot/loader.old /boot/loader\nHow-To-Repeat: Install FreeBSD6.3 and upgrade to FreeBSD7 using src.\n\nAfter final mergemaster, reboot.\n\nError happens in trying to load from /boot/loader\n\nHave other server/system that is similar in hardware but only 1 processor.  Build works on this machine (although I think that is a red herring). Have seen some other similar problem reports\n\nhttp://groups.google.com/group/lucky.freebsd.questions/browse_thread/thread/f18554c471e8d29e/bbb6c94e7b6e655d?lnk=raot"
}