{
 "id": 1081215,
 "bug_id": 220041,
 "attachment_id": 0,
 "creation_time": "2019-12-28T15:57:15Z",
 "creator": "freebsd@sysctl.cz",
 "text": "(In reply to Helge Oldach from comment #4)\nI have this same issue with model rpi zero. \nHere is log: \n\n�!MMC:   mmc@7e300000: 0\nLoading Environment from FAT... *** Warning - bad CRC, using default environment\n\nIn:    serial\nOut:   vidconsole\nErr:   vidconsole\nNet:   No ethernet found.\nstarting USB...\nBus usb@7e980000: scanning bus usb@7e980000 for devices... 1 USB Device(s) found\n       scanning usb for storage devices... 0 Storage Device(s) found\nHit any key to stop autoboot:  0 \nswitch to partitions #0, OK\nmmc0 is current device\nScanning mmc 0:1...\nFound EFI removable media binary efi/boot/bootarm.efi\nlibfdt fdt_check_header(): FDT_ERR_BADMAGIC\nScanning disk mmc@7e300000.blk...\nFound 3 disks\nBootOrder not defined\nEFI boot manager: Cannot load any image\n664768 bytes read in 66 ms (9.6 MiB/s)\nlibfdt fdt_check_header(): FDT_ERR_BADMAGIC\nConsoles: EFI console  \n    Reading loader env vars from /efi/freebsd/loader.env\nSetting currdev to disk0p1:\nFreeBSD/arm EFI loader, Revision 1.1\n(Thu Dec 26 08:31:23 UTC 2019 root@releng1.nyi.freebsd.org)\n\n   Command line arguments: l\n   Image base: 0x1aa90000\n   EFI version: 2.80\n   EFI Firmware: Das U-Boot (rev 8217.4096)\n   Console: efi (0x1000)\n   Load Path: /efi\\boot\\bootarm.efi\n   Load Device: /VenHw(e61d73b9-a384-4acc-aeab-82e828f3628b)/SD(0)/SD(0)/HD(1,0x01,0,0x42f,0x18fa8)\nTrying ESP: /VenHw(e61d73b9-a384-4acc-aeab-82e828f3628b)/SD(0)/SD(0)/HD(1,0x01,0,0x42f,0x18fa8)\nSetting currdev to disk0p1:\nTrying: /VenHw(e61d73b9-a384-4acc-aeab-82e828f3628b)/SD(0)/SD(0)/HD(2,0x01,0,0x193d7,0x3b58c29)\nSetting currdev to disk0p2:\nLoading /boot/defaults/loader.conf\nLoading /boot/device.hints\nLoading /boot/loader.conf\nLoading /boot/loader.conf.local\nLoading kernel...\n/boot/kernel/kernel text=0x6c720c data=0x869f8 data=0x0+0x254000 syms=[0x4+0xd5ae0+0x4+0xd6bc9]\nLoading configured modules...\n/boot/entropy size=0x1000\n/boot/kernel/umodem.ko text=0x1be0 text=0x1340 data=0x2b8+0x8 syms=[0x4+0x1090+0x4+0xbd9]\nloading required module 'ucom'\n/boot/kernel/ucom.ko text=0x1f54 text=0x2f70 data=0x4c8+0x83c syms=[0x4+0x14f0+0x4+0xc5d]\n\nHit [Enter] to boot immediately, or any other key for command prompt.\nBooting [/boot/kernel/kernel]...               \nUsing DTB provided by EFI at 0x7ef6000.\nKernel entry at 0x14c00180...\nKernel args: (null)\n\\"
}