{
 "id": 540957,
 "bug_id": 143173,
 "attachment_id": 0,
 "creation_time": "2010-01-24T16:10:01Z",
 "creator": "piokud84@gmail.com",
 "text": "I was going to install FreeBSD on machine with Promise FastTrack TX4 and SATA DVD (Plextor PX-810SA) connected to it. CD is booting, but im getting this error:\n\nata2: SIGNATURE: eb140101\nata2: SIGNATURE: ffffffff\nacd0: timeout waiting to issue command\nacd0: error issuing ATA PACKET command\nacd0: timeout waiting to issue command\nacd0: error issuing ATA PACKET command\nacd0: timeout waiting to issue command\nacd0: error issuing ATA PACKET command\nacd0: CDROM \u003cPLEXTOR DVDR PX-810SA/1.00\u003e at ata2-master SATA150\nacd0: timeout waiting to issue command\nacd0: error issuing ATA PACKET command\nacd0: timeout waiting to issue command\nacd0: error issuing ATA PACKET command\nacd0: timeout waiting to issue command\nacd0: error issuing ATA PACKET command\nacd0: timeout waiting to issue command\nacd0: error issuing ATA PACKET command\nacd0: timeout waiting to issue command\nacd0: error issuing ATA PACKET command\nacd0: timeout waiting to issue command\nacd0: error issuing ATA PACKET command\nacd0: timeout waiting to issue command\nacd0: error issuing ATA PACKET command\nacd0: timeout waiting to issue command\nacd0: error issuing ATA PACKET command\nacd0: timeout waiting to issue command\nacd0: error issuing ATA PACKET command\nacd0: timeout waiting to issue command\nacd0: error issuing ATA PACKET command\n\nIm getting sysinstall menu, I can set partitions and so on but instlator can't mount cd and install system on HDD. I had to install from net or UBS stick.\n\nFull DMESG:\n\nCopyright (c) 1992-2009 The FreeBSD Project.\nCopyright (c) 1979, 1980, 1983, 1986, 1988, 1989, 1991, 1992, 1993, 1994\n\tThe Regents of the University of California. All rights reserved.\nFreeBSD is a registered trademark of The FreeBSD Foundation.\nFreeBSD 8.0-RELEASE #0: Sat Nov 21 15:02:08 UTC 2009\n    root@mason.cse.buffalo.edu:/usr/obj/usr/src/sys/GENERIC\nTimecounter \"i8254\" frequency 1193182 Hz quality 0\nCPU: Dual Core AMD Opteron(tm) Processor 285 SE (2588.98-MHz K8-class CPU)\n  Origin = \"AuthenticAMD\"  Id = 0x20f12  Stepping = 2\n  Features=0x178bfbff\u003cFPU,VME,DE,PSE,TSC,MSR,PAE,MCE,CX8,APIC,SEP,MTRR,PGE,MCA,CMOV,PAT,PSE36,CLFLUSH,MMX,FXSR,SSE,SSE2,HTT\u003e\n  Features2=0x1\u003cSSE3\u003e\n  AMD Features=0xe2500800\u003cSYSCALL,NX,MMX+,FFXSR,LM,3DNow!+,3DNow!\u003e\n  AMD Features2=0x3\u003cLAHF,CMP\u003e\nreal memory  = 8589934592 (8192 MB)\navail memory = 7712686080 (7355 MB)\nACPI APIC Table: \u003cA M I  OEMAPIC \u003e\nFreeBSD/SMP: Multiprocessor System Detected: 4 CPUs\nFreeBSD/SMP: 2 package(s) x 2 core(s)\n cpu0 (BSP): APIC ID:  0\n cpu1 (AP): APIC ID:  1\n cpu2 (AP): APIC ID:  2\n cpu3 (AP): APIC ID:  3\nMADT: Forcing active-low polarity and level trigger for SCI\nioapic0 \u003cVersion 1.1\u003e irqs 0-23 on motherboard\nioapic1 \u003cVersion 1.1\u003e irqs 24-27 on motherboard\nioapic2 \u003cVersion 1.1\u003e irqs 28-31 on motherboard\nkbd1 at kbdmux0\nacpi0: \u003cA M I OEMXSDT\u003e on motherboard\nacpi0: [ITHREAD]\nacpi0: Power Button (fixed)\nacpi0: reservation of 0, a0000 (3) failed\nacpi0: reservation of 100000, ddf00000 (3) failed\nTimecounter \"ACPI-safe\" frequency 3579545 Hz quality 850\nacpi_timer0: \u003c24-bit timer at 3.579545MHz\u003e port 0x1008-0x100b on acpi0\nacpi_hpet0: \u003cHigh Precision Event Timer\u003e iomem 0xfec01000-0xfec013ff on acpi0\nTimecounter \"HPET\" frequency 14318180 Hz quality 900\npcib0: \u003cACPI Host-PCI bridge\u003e port 0xcf8-0xcff on acpi0\npci0: \u003cACPI PCI bus\u003e on pcib0\npcib1: \u003cACPI PCI-PCI bridge\u003e at device 6.0 on pci0\npci1: \u003cACPI PCI bus\u003e on pcib1\nohci0: \u003cOHCI (generic) USB controller\u003e mem 0xff3ed000-0xff3edfff irq 19 at device 0.0 on pci1\nohci0: [ITHREAD]\nusbus0: \u003cOHCI (generic) USB controller\u003e on ohci0\nohci1: \u003cOHCI (generic) USB controller\u003e mem 0xff3ee000-0xff3eefff irq 19 at device 0.1 on pci1\nohci1: [ITHREAD]\nusbus1: \u003cOHCI (generic) USB controller\u003e on ohci1\npci1: \u003cnetwork\u003e at device 4.0 (no driver attached)\nisab0: \u003cPCI-ISA bridge\u003e at device 7.0 on pci0\nisa0: \u003cISA bus\u003e on isab0\natapci0: \u003cAMD 8111 UDMA133 controller\u003e port 0x1f0-0x1f7,0x3f6,0x170-0x177,0x376,0xffa0-0xffaf at device 7.1 on pci0\nata0: \u003cATA channel 0\u003e on atapci0\nata0: [ITHREAD]\nata1: \u003cATA channel 1\u003e on atapci0\nata1: [ITHREAD]\npci0: \u003cserial bus, SMBus\u003e at device 7.2 (no driver attached)\npci0: \u003cbridge\u003e at device 7.3 (no driver attached)\npcib2: \u003cACPI PCI-PCI bridge\u003e at device 10.0 on pci0\npci2: \u003cACPI PCI bus\u003e on pcib2\npcib3: \u003cPCI-PCI bridge\u003e at device 2.0 on pci2\npci3: \u003cPCI bus\u003e on pcib3\nvgapci0: \u003cVGA-compatible display\u003e port 0x9000-0x90ff mem 0xe0000000-0xefffffff,0xff4f0000-0xff4fffff irq 26 at device 0.0 on pci3\npci3: \u003cmultimedia, HDA\u003e at device 0.1 (no driver attached)\npci2: \u003cmultimedia, audio\u003e at device 3.0 (no driver attached)\npcib4: \u003cACPI PCI-PCI bridge\u003e at device 11.0 on pci0\npci4: \u003cACPI PCI bus\u003e on pcib4\natapci1: \u003cPromise PDC40718 SATA300 controller\u003e port 0xbc00-0xbc7f,0xb800-0xb8ff mem 0xff5ff000-0xff5fffff,0xff5c0000-0xff5dffff irq 29 at device 1.0 on pci4\natapci1: [ITHREAD]\natapci1: [ITHREAD]\nata2: \u003cATA channel 0\u003e on atapci1\nata2: SIGNATURE: eb140101\nata2: [ITHREAD]\nata3: \u003cATA channel 1\u003e on atapci1\nata3: SIGNATURE: 00000101\nata3: [ITHREAD]\nata4: \u003cATA channel 2\u003e on atapci1\nata4: [ITHREAD]\nata5: \u003cATA channel 3\u003e on atapci1\nata5: SIGNATURE: 00000101\nata5: [ITHREAD]\nacpi_button0: \u003cPower Button\u003e on acpi0\natrtc0: \u003cAT realtime clock\u003e port 0x70-0x71 on acpi0\natkbdc0: \u003cKeyboard controller (i8042)\u003e port 0x60,0x64 irq 1 on acpi0\natkbd0: \u003cAT Keyboard\u003e irq 1 on atkbdc0\nkbd0 at atkbd0\natkbd0: [GIANT-LOCKED]\natkbd0: [ITHREAD]\nuart0: \u003c16550 or compatible\u003e port 0x3f8-0x3ff irq 4 flags 0x10 on acpi0\nuart0: [FILTER]\nuart1: \u003c16550 or compatible\u003e port 0x2f8-0x2ff irq 3 on acpi0\nuart1: [FILTER]\nppc0: \u003cParallel port\u003e port 0x378-0x37f irq 7 on acpi0\nppc0: Generic chipset (NIBBLE-only) in COMPATIBLE mode\nppc0: [ITHREAD]\nppbus0: \u003cParallel port bus\u003e on ppc0\nplip0: \u003cPLIP network interface\u003e on ppbus0\nplip0: [ITHREAD]\nlpt0: \u003cPrinter\u003e on ppbus0\nlpt0: [ITHREAD]\nlpt0: Interrupt-driven port\nppi0: \u003cParallel I/O\u003e on ppbus0\ncpu0: \u003cACPI CPU\u003e on acpi0\nacpi_throttle0: \u003cACPI CPU Throttling\u003e on cpu0\npowernow0: \u003cCool`n'Quiet K8\u003e on cpu0\ndevice_attach: powernow0 attach returned 6\ncpu1: \u003cACPI CPU\u003e on acpi0\npowernow1: \u003cCool`n'Quiet K8\u003e on cpu1\ndevice_attach: powernow1 attach returned 6\ncpu2: \u003cACPI CPU\u003e on acpi0\npowernow2: \u003cCool`n'Quiet K8\u003e on cpu2\ndevice_attach: powernow2 attach returned 6\ncpu3: \u003cACPI CPU\u003e on acpi0\npowernow3: \u003cCool`n'Quiet K8\u003e on cpu3\ndevice_attach: powernow3 attach returned 6\norm0: \u003cISA Option ROMs\u003e at iomem 0xc0000-0xcefff,0xcf000-0xd3fff on isa0\nsc0: \u003cSystem console\u003e at flags 0x100 on isa0\nsc0: VGA \u003c16 virtual consoles, flags=0x300\u003e\nvga0: \u003cGeneric ISA VGA\u003e at port 0x3c0-0x3df iomem 0xa0000-0xbffff on isa0\nTimecounters tick every 1.000 msec\nusbus0: 12Mbps Full Speed USB v1.0\nusbus1: 12Mbps Full Speed USB v1.0\nugen0.1: \u003cAMD\u003e at usbus0\nuhub0: \u003cAMD OHCI root HUB, class 9/0, rev 1.00/1.00, addr 1\u003e on usbus0\nugen1.1: \u003cAMD\u003e at usbus1\nuhub1: \u003cAMD OHCI root HUB, class 9/0, rev 1.00/1.00, addr 1\u003e on usbus1\nuhub0: 3 ports with 3 removable, self powered\nuhub1: 3 ports with 3 removable, self powered\nugen1.2: \u003cLogitech\u003e at usbus1\nums0: \u003cLogitech USB Gaming Mouse, class 0/0, rev 2.00/49.00, addr 2\u003e on usbus1\nums0: 16 buttons and [XYZ] coordinates ID=0\nuhid0: \u003cLogitech USB Gaming Mouse, class 0/0, rev 2.00/49.00, addr 2\u003e on usbus1\nata2: SIGNATURE: eb140101\nata2: SIGNATURE: ffffffff\nacd0: timeout waiting to issue command\nacd0: error issuing ATA PACKET command\nacd0: timeout waiting to issue command\nacd0: error issuing ATA PACKET command\nacd0: timeout waiting to issue command\nacd0: error issuing ATA PACKET command\nacd0: CDROM \u003cPLEXTOR DVDR PX-810SA/1.00\u003e at ata2-master SATA150\nacd0: timeout waiting to issue command\nacd0: error issuing ATA PACKET command\nacd0: timeout waiting to issue command\nacd0: error issuing ATA PACKET command\nacd0: timeout waiting to issue command\nacd0: error issuing ATA PACKET command\nacd0: timeout waiting to issue command\nacd0: error issuing ATA PACKET command\nacd0: timeout waiting to issue command\nacd0: error issuing ATA PACKET command\nacd0: timeout waiting to issue command\nacd0: error issuing ATA PACKET command\nacd0: timeout waiting to issue command\nacd0: error issuing ATA PACKET command\nacd0: timeout waiting to issue command\nacd0: error issuing ATA PACKET command\nacd0: timeout waiting to issue command\nacd0: error issuing ATA PACKET command\nacd0: timeout waiting to issue command\nacd0: error issuing ATA PACKET command\nad6: 152627MB \u003cMAXTOR STM3160811AS 3.AAE\u003e at ata3-master SATA150\nad10: 152627MB \u003cMAXTOR STM3160811AS 3.AAE\u003e at ata5-master SATA150\nSMP: AP CPU #1 Launched!\nSMP: AP CPU #3 Launched!\nSMP: AP CPU #2 Launched!\nTrying to mount root from ufs:/dev/ad10s1a\n\nHow-To-Repeat: Connect sata dvd to PCI Promise FastTrack TX4 controler- that do the magic..."
}