{
 "id": 726996,
 "bug_id": 181281,
 "attachment_id": 0,
 "creation_time": "2013-08-14T12:30:01Z",
 "creator": "vermaden@interia.pl",
 "text": "hardware:\n\nLenovo ThinkPad W530\n  cpu: Intel Core i7-3630QM (http://ark.intel.com/products/71459) (powerd works)\n  ram: 16 GB DDR3\n  hdd: 256 GB SSD\n  gfx: Intel HD 4000 (works without Optimus) + Nvidia Quadro K2000 2 GB (works without Optimus)\n  sdh: RICOH R5CE823 (SD/SDHC card reader works)\n\n\n\nstack trace:\n\nhttp://i.imgur.com/DiiD7hp.jpg\n\n\n\ndmesg:\n\nCopyright (c) 1992-2013 The FreeBSD Project.\nCopyright (c) 1979, 1980, 1983, 1986, 1988, 1989, 1991, 1992, 1993, 1994\n\tThe Regents of the University of California. All rights reserved.\nFreeBSD is a registered trademark of The FreeBSD Foundation.\nFreeBSD 10.0-CURRENT #0: Mon Aug 12 03:35:34 UTC 2013\n    root@bb1.allbsd.org:/usr/obj/usr/src/sys/GENERIC amd64\nFreeBSD clang version 3.3 (tags/RELEASE_33/final 183502) 20130610\nWARNING: WITNESS option enabled, expect reduced performance.\nCPU: Intel(R) Core(TM) i7-3630QM CPU @ 2.40GHz (2394.61-MHz K8-class CPU)\n  Origin = \"GenuineIntel\"  Id = 0x306a9  Family = 0x6  Model = 0x3a  Stepping = 9\n  Features=0xbfebfbff\u003cFPU,VME,DE,PSE,TSC,MSR,PAE,MCE,CX8,APIC,SEP,MTRR,PGE,MCA,CMOV,PAT,PSE36,CLFLUSH,DTS,ACPI,MMX,FXSR,SSE,SSE2,SS,HTT,TM,PBE\u003e\n  Features2=0x7fbae3bf\u003cSSE3,PCLMULQDQ,DTES64,MON,DS_CPL,VMX,EST,TM2,SSSE3,CX16,xTPR,PDCM,PCID,SSE4.1,SSE4.2,x2APIC,POPCNT,TSCDLT,AESNI,XSAVE,OSXSAVE,AVX,F16C,RDRAND\u003e\n  AMD Features=0x28100800\u003cSYSCALL,NX,RDTSCP,LM\u003e\n  AMD Features2=0x1\u003cLAHF\u003e\n  Standard Extended Features=0x281\u003cGSFSBASE,SMEP,ENHMOVSB\u003e\n  TSC: P-state invariant, performance statistics\nreal memory  = 17179869184 (16384 MB)\navail memory = 16131747840 (15384 MB)\nEvent timer \"LAPIC\" quality 600\nACPI APIC Table: \u003cLENOVO TP-G5   \u003e\nFreeBSD/SMP: Multiprocessor System Detected: 8 CPUs\nFreeBSD/SMP: 1 package(s) x 4 core(s) x 2 SMT threads\n cpu0 (BSP): APIC ID:  0\n cpu1 (AP): APIC ID:  1\n cpu2 (AP): APIC ID:  2\n cpu3 (AP): APIC ID:  3\n cpu4 (AP): APIC ID:  4\n cpu5 (AP): APIC ID:  5\n cpu6 (AP): APIC ID:  6\n cpu7 (AP): APIC ID:  7\nioapic0 \u003cVersion 2.0\u003e irqs 0-23 on motherboard\nkbd1 at kbdmux0\nrandom: \u003cHardware, Intel IvyBridge+ RNG\u003e initialized\ncryptosoft0: \u003csoftware crypto\u003e on motherboard\naesni0: \u003cAES-CBC,AES-XTS\u003e on motherboard\nacpi0: \u003cLENOVO TP-G5\u003e on motherboard\nacpi_ec0: \u003cEmbedded Controller: GPE 0x11, ECDT\u003e port 0x62,0x66 on acpi0\nacpi0: Power Button (fixed)\nacpi0: reservation of 0, a0000 (3) failed\nacpi0: reservation of 100000, bf900000 (3) failed\ncpu0: \u003cACPI CPU\u003e on acpi0\ncpu1: \u003cACPI CPU\u003e on acpi0\ncpu2: \u003cACPI CPU\u003e on acpi0\ncpu3: \u003cACPI CPU\u003e on acpi0\ncpu4: \u003cACPI CPU\u003e on acpi0\ncpu5: \u003cACPI CPU\u003e on acpi0\ncpu6: \u003cACPI CPU\u003e on acpi0\ncpu7: \u003cACPI CPU\u003e on acpi0\nattimer0: \u003cAT timer\u003e port 0x40-0x43 irq 0 on acpi0\nTimecounter \"i8254\" frequency 1193182 Hz quality 0\nEvent timer \"i8254\" frequency 1193182 Hz quality 100\nhpet0: \u003cHigh Precision Event Timer\u003e iomem 0xfed00000-0xfed003ff on acpi0\nTimecounter \"HPET\" frequency 14318180 Hz quality 950\nEvent timer \"HPET\" frequency 14318180 Hz quality 550\natrtc0: \u003cAT realtime clock\u003e port 0x70-0x71 irq 8 on acpi0\nEvent timer \"RTC\" frequency 32768 Hz quality 0\nTimecounter \"ACPI-fast\" frequency 3579545 Hz quality 900\nacpi_timer0: \u003c24-bit timer at 3.579545MHz\u003e port 0x408-0x40b on acpi0\nacpi_lid0: \u003cControl Method Lid Switch\u003e on acpi0\nacpi_button0: \u003cSleep Button\u003e on acpi0\npcib0: \u003cACPI Host-PCI bridge\u003e port 0xcf8-0xcff on acpi0\npci0: \u003cACPI PCI bus\u003e on pcib0\npcib1: \u003cACPI PCI-PCI bridge\u003e irq 16 at device 1.0 on pci0\npci1: \u003cACPI PCI bus\u003e on pcib1\nvgapci0: \u003cVGA-compatible display\u003e port 0x5000-0x507f mem 0xf0000000-0xf0ffffff,0xc0000000-0xcfffffff,0xd0000000-0xd1ffffff irq 16 at device 0.0 on pci1\nvgapci1: \u003cVGA-compatible display\u003e port 0x6000-0x603f mem 0xf1400000-0xf17fffff,0xe0000000-0xefffffff irq 16 at device 2.0 on pci0\nagp0: \u003cIvyBridge mobile GT2 IG\u003e on vgapci1\nagp0: aperture size is 256M, detected 65532k stolen memory\nxhci0: \u003cIntel Panther Point USB 3.0 controller\u003e mem 0xf3a20000-0xf3a2ffff irq 16 at device 20.0 on pci0\nxhci0: 32 byte context size.\nusbus0 on xhci0\npci0: \u003csimple comms\u003e at device 22.0 (no driver attached)\nem0: \u003cIntel(R) PRO/1000 Network Connection 7.3.8\u003e port 0x6080-0x609f mem 0xf3a00000-0xf3a1ffff,0xf3a3b000-0xf3a3bfff irq 20 at device 25.0 on pci0\nem0: Using an MSI interrupt\nem0: Ethernet address: 3c:97:0e:xx:xx:xx\nehci0: \u003cIntel Panther Point USB 2.0 controller\u003e mem 0xf3a3a000-0xf3a3a3ff irq 16 at device 26.0 on pci0\nusbus1: EHCI version 1.0\nusbus1 on ehci0\nhdac0: \u003cIntel Panther Point HDA Controller\u003e mem 0xf3a30000-0xf3a33fff irq 22 at device 27.0 on pci0\npcib2: \u003cACPI PCI-PCI bridge\u003e irq 16 at device 28.0 on pci0\npci2: \u003cACPI PCI bus\u003e on pcib2\nsdhci_pci0: \u003cRICOH R5CE823 SD\u003e mem 0xf3101000-0xf31010ff irq 16 at device 0.0 on pci2\nsdhci_pci0: 1 slot(s) allocated\npci2: \u003cserial bus, FireWire\u003e at device 0.3 (no driver attached)\npcib3: \u003cACPI PCI-PCI bridge\u003e irq 17 at device 28.1 on pci0\npci3: \u003cACPI PCI bus\u003e on pcib3\niwn0: \u003cIntel Centrino Ultimate-N 6300\u003e mem 0xf3000000-0xf3001fff irq 17 at device 0.0 on pci3\npcib4: \u003cACPI PCI-PCI bridge\u003e irq 18 at device 28.2 on pci0\npci4: \u003cACPI PCI bus\u003e on pcib4\nehci1: \u003cIntel Panther Point USB 2.0 controller\u003e mem 0xf3a39000-0xf3a393ff irq 23 at device 29.0 on pci0\nusbus2: EHCI version 1.0\nusbus2 on ehci1\nisab0: \u003cPCI-ISA bridge\u003e at device 31.0 on pci0\nisa0: \u003cISA bus\u003e on isab0\nahci0: \u003cIntel Panther Point AHCI SATA controller\u003e port 0x60a8-0x60af,0x60b4-0x60b7,0x60a0-0x60a7,0x60b0-0x60b3,0x6060-0x607f mem 0xf3a38000-0xf3a387ff irq 19 at device 31.2 on pci0\nahci0: AHCI v1.30 with 6 6Gbps ports, Port Multiplier not supported\nahcich0: \u003cAHCI channel\u003e at channel 0 on ahci0\nahcich1: \u003cAHCI channel\u003e at channel 1 on ahci0\nahcich4: \u003cAHCI channel\u003e at channel 4 on ahci0\nahciem0: \u003cAHCI enclosure management bridge\u003e on ahci0\npci0: \u003cserial bus, SMBus\u003e at device 31.3 (no driver attached)\nacpi_tz0: \u003cThermal Zone\u003e on acpi0\natkbdc0: \u003cKeyboard controller (i8042)\u003e port 0x60,0x64 irq 1 on acpi0\natkbd0: \u003cAT Keyboard\u003e irq 1 on atkbdc0\nkbd0 at atkbd0\natkbd0: [GIANT-LOCKED]\npsm0: \u003cPS/2 Mouse\u003e irq 12 on atkbdc0\npsm0: [GIANT-LOCKED]\npsm0: model Generic PS/2 mouse, device ID 0\nbattery0: \u003cACPI Control Method Battery\u003e on acpi0\nacpi_acad0: \u003cAC Adapter\u003e on acpi0\norm0: \u003cISA Option ROM\u003e at iomem 0xc0000-0xcffff on isa0\nsc0: \u003cSystem console\u003e at flags 0x100 on isa0\nsc0: VGA \u003c16 virtual consoles, flags=0x300\u003e\nvga0: \u003cGeneric ISA VGA\u003e at port 0x3c0-0x3df iomem 0xa0000-0xbffff on isa0\nppc0: cannot reserve I/O port range\nest0: \u003cEnhanced SpeedStep Frequency Control\u003e on cpu0\np4tcc0: \u003cCPU Frequency Thermal Control\u003e on cpu0\nest1: \u003cEnhanced SpeedStep Frequency Control\u003e on cpu1\np4tcc1: \u003cCPU Frequency Thermal Control\u003e on cpu1\nest2: \u003cEnhanced SpeedStep Frequency Control\u003e on cpu2\np4tcc2: \u003cCPU Frequency Thermal Control\u003e on cpu2\nest3: \u003cEnhanced SpeedStep Frequency Control\u003e on cpu3\np4tcc3: \u003cCPU Frequency Thermal Control\u003e on cpu3\nest4: \u003cEnhanced SpeedStep Frequency Control\u003e on cpu4\np4tcc4: \u003cCPU Frequency Thermal Control\u003e on cpu4\nest5: \u003cEnhanced SpeedStep Frequency Control\u003e on cpu5\np4tcc5: \u003cCPU Frequency Thermal Control\u003e on cpu5\nest6: \u003cEnhanced SpeedStep Frequency Control\u003e on cpu6\np4tcc6: \u003cCPU Frequency Thermal Control\u003e on cpu6\nest7: \u003cEnhanced SpeedStep Frequency Control\u003e on cpu7\np4tcc7: \u003cCPU Frequency Thermal Control\u003e on cpu7\nZFS filesystem version: 5\nZFS storage pool version: features support (5000)\nTimecounters tick every 1.000 msec\nhdacc0: \u003cRealtek ALC269 HDA CODEC\u003e at cad 0 on hdac0\nhdaa0: \u003cRealtek ALC269 Audio Function Group\u003e at nid 1 on hdacc0\npcm0: \u003cRealtek ALC269 (Analog 2.0+HP/2.0)\u003e at nid 20,21 and 24 on hdaa0\npcm1: \u003cRealtek ALC269 (Internal Analog Mic)\u003e at nid 18 on hdaa0\nusbus0: 5.0Gbps Super Speed USB v3.0\nusbus1: 480Mbps High Speed USB v2.0\nusbus2: 480Mbps High Speed USB v2.0\nugen1.1: \u003cIntel\u003e at usbus1\nuhub0: \u003cIntel EHCI root HUB, class 9/0, rev 2.00/1.00, addr 1\u003e on usbus1\nugen0.1: \u003c0x8086\u003e at usbus0\nuhub1: \u003c0x8086 XHCI root HUB, class 9/0, rev 3.00/1.00, addr 1\u003e on usbus0\nugen2.1: \u003cIntel\u003e at usbus2\nuhub2: \u003cIntel EHCI root HUB, class 9/0, rev 2.00/1.00, addr 1\u003e on usbus2\nada0 at ahcich0 bus 0 scbus0 target 0 lun 0\nada0: \u003cSAMSUNG MZ7TD256HAFV-000L7 DXT04L6Q\u003e ATA-9 SATA 3.x device\nada0: 600.000MB/s transfers (SATA 3.x, UDMA6, PIO 512bytes)\nada0: Command Queueing enabled\nada0: 244198MB (500118192 512 byte sectors: 1H 63S/T 16383C)\nada0: Previously was known as ad4\nses0 at ahciem0 bus 0 scbus3 target 0 lun 0\nses0: \u003cAHCI SGPIO Enclosure 1.00 0001\u003e SEMB S-E-S 2.00 device\nses0: SEMB SES Device\nSMP: AP CPU #1 Launched!\ncd0 at ahcich1 bus 0 scbus1 target 0 lun 0\ncd0: \u003cPLDS DVD-RW DS8A8SH KU54\u003e Removable CD-ROM SCSI-0 device \ncd0: 150.000MB/s transfers (SATA 1.x, UDMA5, ATAPI 12bytes, PIO 8192bytes)\ncd0: Attempt to query device size failed: NOT READY, Medium not present - tray closed\nSMP: AP CPU #4 Launched!\nSMP: AP CPU #6 Launched!\nSMP: AP CPU #5 Launched!\nSMP: AP CPU #3 Launched!\nSMP: AP CPU #2 Launched!\nSMP: AP CPU #7 Launched!\nTimecounter \"TSC-low\" frequency 1197304156 Hz quality 1000\nWARNING: WITNESS option enabled, expect reduced performance.\nEnter passphrase for ada0p3: uhub1: 8 ports with 8 removable, self powered\nugen0.2: \u003cvendor 0x17ef\u003e at usbus0\nuhub2: 3 ports with 3 removable, self powered\nuhub0: 3 ports with 3 removable, self powered\nugen0.3: \u003cLenovo\u003e at usbus0\nugen1.2: \u003cvendor 0x8087\u003e at usbus1\nuhub3: \u003cvendor 0x8087 product 0x0024, class 9/0, rev 2.00/0.00, addr 2\u003e on usbus1\nugen2.2: \u003cvendor 0x8087\u003e at usbus2\nuhub4: \u003cvendor 0x8087 product 0x0024, class 9/0, rev 2.00/0.00, addr 2\u003e on usbus2\nuhub3: 6 ports with 6 removable, self powered\nuhub4: 8 ports with 8 removable, self powered\nugen1.3: \u003cAuth\u003e at usbus1\nugen2.3: \u003cvendor 0x0765\u003e at usbus2\nugen1.4: \u003cBroadcom Corp\u003e at usbus1\nugen1.5: \u003cRicoh Company Ltd.\u003e at usbus1\nGEOM_ELI: Device ada0p3.eli created.\nGEOM_ELI: Encryption: AES-CBC 128\nGEOM_ELI:     Crypto: hardware\nTrying to mount root from zfs:sys/ROOT/default []...\nums0: \u003cvendor 0x17ef Lenovo Laser Wireless Mouse, class 0/0, rev 2.00/1.70, addr 1\u003e on usbus0\nums0: 5 buttons and [XYZT] coordinates ID=1\numodem0: \u003cH5321 gw Mobile Broadband Modem\u003e on usbus0\numodem0: data interface 2, has CM over data, has break\numodem1: \u003cH5321 gw Mobile Broadband Data Modem\u003e on usbus0\numodem1: data interface 4, has CM over data, has break\numodem2: \u003cH5321 gw Mobile Broadband GPS Port\u003e on usbus0\numodem2: data interface 10, has CM over data, has break\ncdce0: \u003cEricsson H5321 gw\u003e on usbus0\nue0: \u003cUSB Ethernet\u003e on cdce0\nue0: Ethernet address: 02:15:e0:ec:01:00\nuhid0: \u003cvendor 0x0765 product 0x5010, class 0/0, rev 2.00/0.00, addr 3\u003e on usbus2\nubt0: \u003cBroadcom Corp BCM20702A0, rev 2.00/1.12, addr 4\u003e on usbus1\nWARNING: attempt to domain_add(bluetooth) after domainfinalize()\nWARNING: attempt to domain_add(netgraph) after domainfinalize()\nwlan0: Ethernet address: 3c:a9:f4:33:79:14\nwlan0: link state changed to UP\n\nHow-To-Repeat: # mount_msdosfs /dev/mmcsd0s1 /mnt\n# umount /mnt\n(stack trace as above)"
}