{
 "id": 426477,
 "bug_id": 119799,
 "attachment_id": 0,
 "creation_time": "2008-01-19T11:10:02Z",
 "creator": "admin@lissyara.su",
 "text": "I have 12 x 750G disks in 1 storage.\nWhen I create array \u003c 2T - I may see and work with them correct.\nWhen I create \u003e 2T:\n(da2:ciss1:0:1:0): got CAM status 0x4\n(da2:ciss1:0:1:0): fatal error, failed to attach to device\n(da2:ciss1:0:1:0): lost device\n(da2:ciss1:0:1:0): removing device entry\n============\nI probe setup linux on this machine - centos4.5 see and format disk with\nsize 8T...\n\nfull dmesg\n==========\nCopyright (c) 1992-2008 The FreeBSD Project.\nCopyright (c) 1979, 1980, 1983, 1986, 1988, 1989, 1991, 1992, 1993, 1994\n        The Regents of the University of California. All rights reserved.\nFreeBSD is a registered trademark of The FreeBSD Foundation.\nFreeBSD 7.0-PRERELEASE #1: Fri Jan 18 10:46:33 MSK 2008\n    dag@backup1.xxx.local:/usr/obj/usr/src/sys/GENERIC\nTimecounter \"i8254\" frequency 1193182 Hz quality 0\nCPU: Intel(R) Xeon(R) CPU           X5355  @ 2.66GHz (2666.77-MHz 686-class CPU)\n  Origin = \"GenuineIntel\"  Id = 0x6f7  Stepping = 7\n  Features=0xbfebfbff\u003cFPU,VME,DE,PSE,TSC,MSR,PAE,MCE,CX8,APIC,SEP,MTRR,PGE,MCA,CMOV,PAT,PSE36,CLFLUSH,DTS,ACPI,MMX,FXSR,SSE,SSE2,SS,HTT,TM,PBE\u003e\n  Features2=0x4e3bd\u003cSSE3,RSVD2,MON,DS_CPL,VMX,EST,TM2,SSSE3,CX16,xTPR,PDCM,DCA\u003e\n  AMD Features=0x20000000\u003cLM\u003e\n  AMD Features2=0x1\u003cLAHF\u003e\n  Cores per package: 4\nreal memory  = 3487924224 (3326 MB)\navail memory = 3408752640 (3250 MB)\nACPI APIC Table: \u003cHP     00000083\u003e\nFreeBSD/SMP: Multiprocessor System Detected: 8 CPUs\n cpu0 (BSP): APIC ID:  0\n cpu1 (AP): APIC ID:  1\n cpu2 (AP): APIC ID:  2\n cpu3 (AP): APIC ID:  3\n cpu4 (AP): APIC ID:  4\n cpu5 (AP): APIC ID:  5\n cpu6 (AP): APIC ID:  6\n cpu7 (AP): APIC ID:  7\nioapic0 \u003cVersion 2.0\u003e irqs 0-23 on motherboard\nioapic1 \u003cVersion 2.0\u003e irqs 24-47 on motherboard\nkbd1 at kbdmux0\nath_hal: 0.9.20.3 (AR5210, AR5211, AR5212, RF5111, RF5112, RF2413, RF5413)\nhptrr: HPT RocketRAID controller driver v1.1 (Jan 18 2008 10:45:00)\nacpi0: \u003cHP P58\u003e on motherboard\nacpi0: [ITHREAD]\nacpi0: Power Button (fixed)\nTimecounter \"ACPI-fast\" frequency 3579545 Hz quality 1000\nacpi_timer0: \u003c24-bit timer at 3.579545MHz\u003e port 0x908-0x90b on acpi0\nacpi_hpet0: \u003cHigh Precision Event Timer\u003e iomem 0xfed00000-0xfed003ff on acpi0\nTimecounter \"HPET\" frequency 14318180 Hz quality 900\ncpu0: \u003cACPI CPU\u003e on acpi0\nest0: \u003cEnhanced SpeedStep Frequency Control\u003e on cpu0\nest: CPU supports Enhanced Speedstep, but is not recognized.\nest: cpu_vendor GenuineIntel, msr 828082806000828\ndevice_attach: est0 attach returned 6\np4tcc0: \u003cCPU Frequency Thermal Control\u003e on cpu0\ncpu1: \u003cACPI CPU\u003e on acpi0\nest1: \u003cEnhanced SpeedStep Frequency Control\u003e on cpu1\nest: CPU supports Enhanced Speedstep, but is not recognized.\nest: cpu_vendor GenuineIntel, msr 828082806000828\ndevice_attach: est1 attach returned 6\np4tcc1: \u003cCPU Frequency Thermal Control\u003e on cpu1\ncpu2: \u003cACPI CPU\u003e on acpi0\nest2: \u003cEnhanced SpeedStep Frequency Control\u003e on cpu2\nest: CPU supports Enhanced Speedstep, but is not recognized.\nest: cpu_vendor GenuineIntel, msr 828082806000828\ndevice_attach: est2 attach returned 6\np4tcc2: \u003cCPU Frequency Thermal Control\u003e on cpu2\ncpu3: \u003cACPI CPU\u003e on acpi0\nest3: \u003cEnhanced SpeedStep Frequency Control\u003e on cpu3\nest: CPU supports Enhanced Speedstep, but is not recognized.\nest: cpu_vendor GenuineIntel, msr 828082806000828\ndevice_attach: est3 attach returned 6\np4tcc3: \u003cCPU Frequency Thermal Control\u003e on cpu3\ncpu4: \u003cACPI CPU\u003e on acpi0\nest4: \u003cEnhanced SpeedStep Frequency Control\u003e on cpu4\nest: CPU supports Enhanced Speedstep, but is not recognized.\nest: cpu_vendor GenuineIntel, msr 828082806000828\ndevice_attach: est4 attach returned 6\np4tcc4: \u003cCPU Frequency Thermal Control\u003e on cpu4\ncpu5: \u003cACPI CPU\u003e on acpi0\nest5: \u003cEnhanced SpeedStep Frequency Control\u003e on cpu5\nest: CPU supports Enhanced Speedstep, but is not recognized.\nest: cpu_vendor GenuineIntel, msr 828082806000828\ndevice_attach: est5 attach returned 6\np4tcc5: \u003cCPU Frequency Thermal Control\u003e on cpu5\ncpu6: \u003cACPI CPU\u003e on acpi0\nest6: \u003cEnhanced SpeedStep Frequency Control\u003e on cpu6\nest: CPU supports Enhanced Speedstep, but is not recognized.\nest: cpu_vendor GenuineIntel, msr 828082806000828\ndevice_attach: est6 attach returned 6\np4tcc6: \u003cCPU Frequency Thermal Control\u003e on cpu6\ncpu7: \u003cACPI CPU\u003e on acpi0\nest7: \u003cEnhanced SpeedStep Frequency Control\u003e on cpu7\nest: CPU supports Enhanced Speedstep, but is not recognized.\nest: cpu_vendor GenuineIntel, msr 828082806000828\ndevice_attach: est7 attach returned 6\np4tcc7: \u003cCPU Frequency Thermal Control\u003e on cpu7\npcib0: \u003cACPI Host-PCI bridge\u003e on acpi0\npci0: \u003cACPI PCI bus\u003e on pcib0\npcib1: \u003cACPI PCI-PCI bridge\u003e at device 2.0 on pci0\npci9: \u003cACPI PCI bus\u003e on pcib1\npcib2: \u003cACPI PCI-PCI bridge\u003e at device 0.0 on pci9\npci10: \u003cACPI PCI bus\u003e on pcib2\npcib3: \u003cACPI PCI-PCI bridge\u003e at device 0.0 on pci10\npci11: \u003cACPI PCI bus\u003e on pcib3\npcib4: \u003cPCI-PCI bridge\u003e mem 0xfdcf0000-0xfdcf1fff at device 0.0 on pci11\npci12: \u003cPCI bus\u003e on pcib4\nmpt0: \u003cLSILogic 1030 Ultra4 Adapter\u003e port 0x5000-0x50ff mem 0xfdde0000-0xfddfffff,0xfddc0000-0xfdddffff irq 16 at device 8.0 on pci12\nmpt0: [ITHREAD]\nmpt0: MPI Version=1.2.14.0\npcib5: \u003cPCI-PCI bridge\u003e at device 1.0 on pci10\npci14: \u003cPCI bus\u003e on pcib5\npcib6: \u003cPCI-PCI bridge\u003e at device 2.0 on pci10\npci15: \u003cPCI bus\u003e on pcib6\npcib7: \u003cACPI PCI-PCI bridge\u003e at device 0.3 on pci9\npci16: \u003cACPI PCI bus\u003e on pcib7\npcib8: \u003cACPI PCI-PCI bridge\u003e at device 3.0 on pci0\npci6: \u003cACPI PCI bus\u003e on pcib8\nciss0: \u003cHP Smart Array P400i\u003e port 0x4000-0x40ff mem 0xfda00000-0xfdafffff,0xfd9f0000-0xfd9f0fff irq 16 at device 0.0 on pci6\nciss0: [ITHREAD]\npcib9: \u003cACPI PCI-PCI bridge\u003e at device 4.0 on pci0\npci19: \u003cACPI PCI bus\u003e on pcib9\nciss1: \u003cHP Smart Array P800\u003e port 0x6000-0x60ff mem 0xfdf00000-0xfdffffff,0xfdef0000-0xfdef0fff irq 17 at device 0.0 on pci19\nciss1: [ITHREAD]\npcib10: \u003cPCI-PCI bridge\u003e at device 5.0 on pci0\npci22: \u003cPCI bus\u003e on pcib10\npcib11: \u003cACPI PCI-PCI bridge\u003e at device 6.0 on pci0\npci2: \u003cACPI PCI bus\u003e on pcib11\npcib12: \u003cACPI PCI-PCI bridge\u003e at device 0.0 on pci2\npci3: \u003cACPI PCI bus\u003e on pcib12\nbce0: \u003cBroadcom NetXtreme II BCM5708 1000Base-T (B2)\u003e mem 0xf8000000-0xf9ffffff irq 18 at device 0.0 on pci3\nmiibus0: \u003cMII bus\u003e on bce0\nbrgphy0: \u003cBCM5708C 10/100/1000baseTX PHY\u003e PHY 1 on miibus0\nbrgphy0:  10baseT, 10baseT-FDX, 100baseTX, 100baseTX-FDX, 1000baseT, 1000baseT-FDX, auto\nbce0: Ethernet address: 00:1c:c4:44:bb:32\nbce0: [ITHREAD]\nbce0: ASIC (0x57081020); Rev (B2); Bus (PCI-X, 64-bit, 133MHz); F/W (0x01090605); Flags( MFW MSI )\npcib13: \u003cACPI PCI-PCI bridge\u003e at device 7.0 on pci0\npci4: \u003cACPI PCI bus\u003e on pcib13\npcib14: \u003cACPI PCI-PCI bridge\u003e at device 0.0 on pci4\npci5: \u003cACPI PCI bus\u003e on pcib14\nbce1: \u003cBroadcom NetXtreme II BCM5708 1000Base-T (B2)\u003e mem 0xfa000000-0xfbffffff irq 19 at device 0.0 on pci5\nmiibus1: \u003cMII bus\u003e on bce1\nbrgphy1: \u003cBCM5708C 10/100/1000baseTX PHY\u003e PHY 1 on miibus1\nbrgphy1:  10baseT, 10baseT-FDX, 100baseTX, 100baseTX-FDX, 1000baseT, 1000baseT-FDX, auto\nbce1: Ethernet address: 00:1c:c4:44:bb:2c\nbce1: [ITHREAD]\nbce1: ASIC (0x57081020); Rev (B2); Bus (PCI-X, 64-bit, 133MHz); F/W (0x01090605); Flags( MFW MSI )\nuhci0: \u003cIntel 631XESB/632XESB/3100 USB controller USB-1\u003e port 0x1000-0x101f irq 16 at device 29.0 on pci0\nuhci0: [GIANT-LOCKED]\nuhci0: [ITHREAD]\nusb0: \u003cIntel 631XESB/632XESB/3100 USB controller USB-1\u003e on uhci0\nusb0: USB revision 1.0\nuhub0: \u003cIntel UHCI root hub, class 9/0, rev 1.00/1.00, addr 1\u003e on usb0\nuhub0: 2 ports with 2 removable, self powered\nuhci1: \u003cIntel 631XESB/632XESB/3100 USB controller USB-2\u003e port 0x1020-0x103f irq 17 at device 29.1 on pci0\nuhci1: [GIANT-LOCKED]\nuhci1: [ITHREAD]\nusb1: \u003cIntel 631XESB/632XESB/3100 USB controller USB-2\u003e on uhci1\nusb1: USB revision 1.0\nuhub1: \u003cIntel UHCI root hub, class 9/0, rev 1.00/1.00, addr 1\u003e on usb1\nuhub1: 2 ports with 2 removable, self powered\nuhci2: \u003cIntel 631XESB/632XESB/3100 USB controller USB-3\u003e port 0x1040-0x105f irq 18 at device 29.2 on pci0\nuhci2: [GIANT-LOCKED]\nuhci2: [ITHREAD]\nusb2: \u003cIntel 631XESB/632XESB/3100 USB controller USB-3\u003e on uhci2\nusb2: USB revision 1.0\nuhub2: \u003cIntel UHCI root hub, class 9/0, rev 1.00/1.00, addr 1\u003e on usb2\nuhub2: 2 ports with 2 removable, self powered\nuhci3: \u003cIntel 631XESB/632XESB/3100 USB controller USB-4\u003e port 0x1060-0x107f irq 19 at device 29.3 on pci0\nuhci3: [GIANT-LOCKED]\nuhci3: [ITHREAD]\nusb3: \u003cIntel 631XESB/632XESB/3100 USB controller USB-4\u003e on uhci3\nusb3: USB revision 1.0\nuhub3: \u003cIntel UHCI root hub, class 9/0, rev 1.00/1.00, addr 1\u003e on usb3\nuhub3: 2 ports with 2 removable, self powered\nehci0: \u003cIntel 63XXESB USB 2.0 controller\u003e mem 0xf7df0000-0xf7df03ff irq 16 at device 29.7 on pci0\nehci0: [GIANT-LOCKED]\nehci0: [ITHREAD]\nusb4: waiting for BIOS to give up control\nusb4: EHCI version 1.0\nusb4: companion controllers, 2 ports each: usb0 usb1 usb2 usb3\nusb4: \u003cIntel 63XXESB USB 2.0 controller\u003e on ehci0\nusb4: USB revision 2.0\nuhub4: \u003cIntel EHCI root hub, class 9/0, rev 2.00/1.00, addr 1\u003e on usb4\nuhub4: 8 ports with 8 removable, self powered\npcib15: \u003cACPI PCI-PCI bridge\u003e at device 30.0 on pci0\npci1: \u003cACPI PCI bus\u003e on pcib15\nvgapci0: \u003cVGA-compatible display\u003e port 0x3000-0x30ff mem 0xd8000000-0xdfffffff,0xf7ff0000-0xf7ffffff irq 23 at device 3.0 on pci1\npci1: \u003cbase peripheral\u003e at device 4.0 (no driver attached)\npci1: \u003cbase peripheral\u003e at device 4.2 (no driver attached)\nuhci4: \u003cUHCI (generic) USB controller\u003e port 0x3800-0x381f irq 22 at device 4.4 on pci1\nuhci4: [GIANT-LOCKED]\nuhci4: [ITHREAD]\nusb5: \u003cUHCI (generic) USB controller\u003e on uhci4\nusb5: USB revision 1.0\nuhub5: \u003c(0x103c) UHCI root hub, class 9/0, rev 1.00/1.00, addr 1\u003e on usb5\nuhub5: 2 ports with 2 removable, self powered\npci1: \u003cserial bus\u003e at device 4.6 (no driver attached)\nisab0: \u003cPCI-ISA bridge\u003e at device 31.0 on pci0\nisa0: \u003cISA bus\u003e on isab0\natapci0: \u003cIntel 63XXESB2 UDMA100 controller\u003e port 0x1f0-0x1f7,0x3f6,0x170-0x177,0x376,0x500-0x50f irq 17 at device 31.1 on pci0\nata0: \u003cATA channel 0\u003e on atapci0\nata0: [ITHREAD]\nata1: \u003cATA channel 1\u003e on atapci0\nata1: [ITHREAD]\nacpi_tz0: \u003cThermal Zone\u003e on acpi0\natkbdc0: \u003cKeyboard controller (i8042)\u003e port 0x60,0x64 irq 1 on acpi0\natkbd0: \u003cAT Keyboard\u003e irq 1 on atkbdc0\nkbd0 at atkbd0\natkbd0: [GIANT-LOCKED]\natkbd0: [ITHREAD]\npsm0: \u003cPS/2 Mouse\u003e irq 12 on atkbdc0\npsm0: [GIANT-LOCKED]\npsm0: [ITHREAD]\npsm0: model IntelliMouse, device ID 3\nsio0: \u003cStandard PC COM port\u003e port 0x3f8-0x3ff irq 4 flags 0x10 on acpi0\nsio0: type 16550A\nsio0: [FILTER]\npmtimer0 on isa0\norm0: \u003cISA Option ROMs\u003e at iomem 0xc0000-0xcafff,0xe6000-0xe7fff pnpid ORM0000 on isa0\nppc0: parallel port not found.\nsc0: \u003cSystem console\u003e at flags 0x100 on isa0\nsc0: VGA \u003c16 virtual consoles, flags=0x300\u003e\nsio1 at port 0x2f8-0x2ff irq 3 on isa0\nsio1: type 16550A\nsio1: [FILTER]\nvga0: \u003cGeneric ISA VGA\u003e at port 0x3c0-0x3df iomem 0xa0000-0xbffff on isa0\nukbd0: \u003cHP Virtual Keyboard, class 0/0, rev 1.10/0.02, addr 2\u003e on uhub5\nkbd2 at ukbd0\nums0: \u003cHP Virtual Keyboard, class 0/0, rev 1.10/0.02, addr 2\u003e on uhub5\nums0: 3 buttons.\nuhub6: \u003cHP Virtual Hub, class 9/0, rev 1.10/0.01, addr 3\u003e on uhub5\nuhub6: 7 ports with 7 removable, self powered\nTimecounters tick every 1.000 msec\nhptrr: no controller detected.\nacd0: DVDR \u003cHL-DT-ST DVDRAM GSA-T20L/NS02\u003e at ata0-master UDMA33\nWaiting 5 seconds for SCSI devices to settle\nda0 at ciss0 bus 0 target 0 lun 0\nda0: \u003cCOMPAQ RAID 1  VOLUME OK\u003e Fixed Direct Access SCSI-5 device\nda0: 135.168MB/s transfers\nda0: 139979MB (286677120 512 byte sectors: 255H 32S/T 35132C)\nda1 at ciss1 bus 0 target 0 lun 0\nda1: \u003cCOMPAQ RAID 1  VOLUME OK\u003e Fixed Direct Access SCSI-5 device\nda1: 135.168MB/s transfers\nda1: 1430745MB (2930167024 512 byte sectors: 255H 32S/T 65535C)\n(da2:ciss1:0:1:0): got CAM status 0x4\n(da2:ciss1:0:1:0): fatal error, failed to attach to device\n(da2:ciss1:0:1:0): lost device\n(da2:ciss1:0:1:0): removing device entry\nSMP: AP CPU #1 Launched!\nSMP: AP CPU #2 Launched!\nSMP: AP CPU #3 Launched!\nSMP: AP CPU #5 Launched!\nSMP: AP CPU #6 Launched!\nSMP: AP CPU #4 Launched!\nSMP: AP CPU #7 Launched!\nTrying to mount root from ufs:/dev/da0s1a\nbce0: link state changed to UP\n\nHow-To-Repeat: always, when disk size \u003e 2T"
}