{
 "id": 416585,
 "bug_id": 117717,
 "attachment_id": 0,
 "creation_time": "2007-10-31T13:00:07Z",
 "creator": "jonc@chen.org.nz",
 "text": "\nI've just recently updated Deluge (a GNOME Bitorrent client), and I'm\nexperiencing kernel panics when I run this on -STABLE as at 22-Oct-2007.\nThe panic is reproducible on another machine running an older version of\n-STABLE as well.\n\nThe client has just recently undergone a rearchitecture to use more\nthreading instead of spawning processes. My uninformed guess is that\nthere is a race condition on setsockopt(2).\n\nI managed to get a kernel dump while running it under single-user\nmode. Contents of kgdb follows. Hope it is of help to someone.\n\nosiris-OSIRIS,9:44pm# kgdb kernel.debug /var/crash/vmcore.0 \nkgdb: kvm_nlist(_stopped_cpus): \nkgdb: kvm_nlist(_stoppcbs): \n[GDB will not be able to debug user-mode threads: /usr/lib/libthread_db.so: Undefined symbol \"ps_pglobal_lookup\"]\nGNU gdb 6.1.1 [FreeBSD]\nCopyright 2004 Free Software Foundation, Inc.\nGDB is free software, covered by the GNU General Public License, and you are\nwelcome to change it and/or distribute copies of it under certain conditions.\nType \"show copying\" to see the conditions.\nThere is absolutely no warranty for GDB.  Type \"show warranty\" for details.\nThis GDB was configured as \"i386-marcel-freebsd\".\n\nUnread portion of the kernel message buffer:\n\u003c118\u003eosiris-~,9:35pm\u003e \n\u003c118\u003es\n\u003c118\u003et\n\u003c118\u003ea\n\u003c118\u003er\n\u003c118\u003et\n\u003c118\u003ex\n\u003c118\u003e\n\u003c118\u003exauth:  creating new authority file /home/jonc/.serverauth.2052\n\u003c118\u003exauth:  creating new authority file /home/jonc/.Xauthority\n\u003c118\u003exauth:  creating new authority file /home/jonc/.Xauthority\n\u003c118\u003exauth: (argv):1:  \n\u003c118\u003ebad display name \"osiris.chen.org.nz:0\" in \"list\" command\n\u003c118\u003exauth: (stdin):1:  \n\u003c118\u003ebad display name \"osiris.chen.org.nz:0\" in \"add\" command\n\u003c118\u003e\n\u003c118\u003e\n\u003c118\u003e\n\u003c118\u003eX.Org X Server 1.4.0\n\u003c118\u003e\n\u003c118\u003eRelease Date: 5 September 2007\n\u003c118\u003eX Protocol Version 11, Revision 0\n\u003c118\u003eBuild Operating System: FreeBSD 6.2-STABLE i386 \n\u003c118\u003eCurrent Operating System: FreeBSD osiris.chen.org.nz 6.2-STABLE FreeBSD 6.2-STABLE #0: Mon Oct 22 11:26:18 NZDT 2007     root@osiris.chen.org.nz:/usr/obj/usr/src/sys/OSIRIS i386\n\u003c118\u003eBuild Date: 02 October 2007  08:08:35PM\n\u003c118\u003e \n\u003c118\u003e\tBefore reporting problems, check http://wiki.x.org\n\u003c118\u003e\tto make sure that you have the latest version.\n\u003c118\u003eModule Loader present\n\u003c118\u003eMarkers: \n\u003c118\u003e(--) probed, \n\u003c118\u003e(**) from config file, \n\u003c118\u003e(==) default setting,\n\u003c118\u003e\t\n\u003c118\u003e(++) from command line, \n\u003c118\u003e(!!) notice, \n\u003c118\u003e(II) informational,\n\u003c118\u003e\t\n\u003c118\u003e(WW) warning, \n\u003c118\u003e(EE) error, \n\u003c118\u003e(NI) not implemented, \n\u003c118\u003e(??) unknown.\n\u003c118\u003e(==) Log file: \"/var/log/Xorg.0.log\", Time: Tue Oct 30 21:35:20 2007\n\u003c118\u003e(==) Using config file: \"/etc/X11/xorg.conf\"\n\u003c118\u003e(II) Module \"i2c\" already built-in\n\u003c118\u003e(II) Module \"ddc\" already built-in\n\u003c118\u003e(II) Module \"ramdac\" already built-in\n\n\nFatal trap 12: page fault while in kernel mode\nfault virtual address\t= 0x0\nfault code\t\t= supervisor read, page not present\ninstruction pointer\t= 0x20:0xc0599173\nstack pointer\t        = 0x28:0xeb5feb38\nframe pointer\t        = 0x28:0xeb5feb40\ncode segment\t\t= base 0x0, limit 0xfffff, type 0x1b\n\t\t\t= DPL 0, pres 1, def32 1, gran 1\nprocessor eflags\t= interrupt enabled, resume, IOPL = 0\ncurrent process\t\t= 2096 (python2.5)\ntrap number\t\t= 12\npanic: page fault\nUptime: 5m56s\nDumping 1023 MB (2 chunks)\n  chunk 0: 1MB (159 pages) ... ok\n  chunk 1: 1023MB (261872 pages) 1007 991 975 959 943 927 911 895 879 863 847 831 815 799 783 767 751 735 719 703 687 671 655 639 623 607 591 575 559 543 527 511 495 479 463 447 431 415 399 383 367 351 335 319 303 287 271 255 239 223 207 191 175 159 143 127 111 95 79 63 47 31 15\n\n#0  doadump () at pcpu.h:165\n165\t\t__asm __volatile(\"movl %%fs:0,%0\" : \"=r\" (td));\n(kgdb) list *0xc0599173\n0xc0599173 is in if_findmulti (/usr/src/sys/net/if.c:1893).\n1888\t\tTAILQ_FOREACH(ifma, \u0026ifp-\u003eif_multiaddrs, ifma_link) {\n1889\t\t\tif (sa-\u003esa_family == AF_LINK) {\n1890\t\t\t\tif (sa_dl_equal(ifma-\u003eifma_addr, sa))\n1891\t\t\t\t\tbreak;\n1892\t\t\t} else {\n1893\t\t\t\tif (sa_equal(ifma-\u003eifma_addr, sa))\n1894\t\t\t\t\tbreak;\n1895\t\t\t}\n1896\t\t}\n1897\t\n(kgdb) bt\n#0  doadump () at pcpu.h:165\n#1  0xc052a952 in boot (howto=260) at /usr/src/sys/kern/kern_shutdown.c:409\n#2  0xc052abe8 in panic (fmt=0xc06a4845 \"%s\")\n    at /usr/src/sys/kern/kern_shutdown.c:565\n#3  0xc0673ce0 in trap_fatal (frame=0xeb5feaf8, eva=0)\n    at /usr/src/sys/i386/i386/trap.c:838\n#4  0xc0673a47 in trap_pfault (frame=0xeb5feaf8, usermode=0, eva=0)\n    at /usr/src/sys/i386/i386/trap.c:745\n#5  0xc06736a5 in trap (frame=\n      {tf_fs = 8, tf_es = 40, tf_ds = 40, tf_edi = -346035324, tf_esi = -346035324, tf_ebp = -346035392, tf_isp = -346035420, tf_ebx = -986119552, tf_edx = 176, tf_ecx = 43, tf_eax = 0, tf_trapno = 12, tf_err = 0, tf_eip = -1067871885, tf_cs = 32, tf_eflags = 66183, tf_esp = -346035324, tf_ss = -994220032})\n    at /usr/src/sys/i386/i386/trap.c:435\n#6  0xc0661b4a in calltrap () at /usr/src/sys/i386/i386/exception.s:139\n#7  0xc0599173 in if_findmulti (ifp=0x0, sa=0xeb5feb84)\n    at /usr/src/sys/net/if.c:1893\n#8  0xc0599313 in if_addmulti (ifp=0xc4bd6800, sa=0xeb5feb84, \n    retifma=0xeb5feb80) at /usr/src/sys/net/if.c:2001\n#9  0xc05af097 in in_addmulti (ap=0xeb5febb8, ifp=0xc4bd6800)\n    at /usr/src/sys/netinet/in.c:982\n#10 0xc05b8274 in ip_setmoptions (inp=0xc4ff67bc, sopt=0xb0)\n    at /usr/src/sys/netinet/ip_output.c:1897\n#11 0xc05b76a3 in ip_ctloutput_pcbinfo (so=0xc5242de8, sopt=0xeb5fec90, \n    pcbinfo=0xc070f780) at /usr/src/sys/netinet/ip_output.c:1314\n#12 0xc05b7950 in ip_ctloutput (so=0xc5242de8, sopt=0xeb5fec90)\n    at /usr/src/sys/netinet/ip_output.c:1516\n#13 0xc056583c in sosetopt (so=0xc5242de8, sopt=0xeb5fec90)\n    at /usr/src/sys/kern/uipc_socket.c:1575\n#14 0xc056abbd in kern_setsockopt (td=0xc55b5000, s=8, level=0, name=0, \n    val=0x2b, valseg=UIO_USERSPACE, valsize=176)\n    at /usr/src/sys/kern/uipc_syscalls.c:1351\n#15 0xc056aade in setsockopt (td=0xc55b5000, uap=0x0)\n    at /usr/src/sys/kern/uipc_syscalls.c:1307\n#16 0xc0673ff7 in syscall (frame=\n      {tf_fs = 59, tf_es = 59, tf_ds = 59, tf_edi = -1077948888, tf_esi = -1077947712, tf_ebp = -1077949208, tf_isp = -346034844, tf_ebx = 677728976, tf_edx = 0, tf_ecx = 1, tf_eax = 105, tf_trapno = 12, tf_err = 2, tf_eip = 673121211, tf_cs = 51, tf_eflags = 658, tf_esp = -1077949364, tf_ss = 59})\n    at /usr/src/sys/i386/i386/trap.c:984\n#17 0xc0661b9f in Xint0x80_syscall () at /usr/src/sys/i386/i386/exception.s:200\n#18 0x00000033 in ?? ()\nPrevious frame inner to this frame (corrupt stack?)\n(kgdb)\n\n-------------------------------------------------------------------------------\ndmesg follows:\n\nCopyright (c) 1992-2007 The FreeBSD Project.\nCopyright (c) 1979, 1980, 1983, 1986, 1988, 1989, 1991, 1992, 1993, 1994\n\tThe Regents of the University of California. All rights reserved.\nFreeBSD is a registered trademark of The FreeBSD Foundation.\nFreeBSD 6.2-STABLE #0: Mon Oct 22 11:26:18 NZDT 2007\n    root@osiris.chen.org.nz:/usr/obj/usr/src/sys/OSIRIS\nACPI APIC Table: \u003cNvidia AWRDACPI\u003e\nTimecounter \"i8254\" frequency 1193182 Hz quality 0\nCPU: AMD Athlon(tm) XP 2800+ (2079.56-MHz 686-class CPU)\n  Origin = \"AuthenticAMD\"  Id = 0x6a0  Stepping = 0\n  Features=0x383fbff\u003cFPU,VME,DE,PSE,TSC,MSR,PAE,MCE,CX8,APIC,SEP,MTRR,PGE,MCA,CMOV,PAT,PSE36,MMX,FXSR,SSE\u003e\n  AMD Features=0xc0400800\u003cSYSCALL,MMX+,3DNow!+,3DNow!\u003e\nreal memory  = 1073676288 (1023 MB)\navail memory = 1041678336 (993 MB)\nioapic0 \u003cVersion 1.1\u003e irqs 0-23 on motherboard\nkbd1 at kbdmux0\nacpi0: \u003cNvidia AWRDACPI\u003e on motherboard\nacpi0: Power Button (fixed)\nTimecounter \"ACPI-fast\" frequency 3579545 Hz quality 1000\nacpi_timer0: \u003c24-bit timer at 3.579545MHz\u003e port 0x1008-0x100b on acpi0\ncpu0: \u003cACPI CPU\u003e on acpi0\nacpi_button0: \u003cPower Button\u003e on acpi0\npcib0: \u003cACPI Host-PCI bridge\u003e port 0xcf8-0xcff,0xcf0-0xcf3 on acpi0\npci0: \u003cACPI PCI bus\u003e on pcib0\nCorrecting nForce2 C1 CPU disconnect hangs\nagp0: \u003cNVIDIA nForce2 AGP Controller\u003e mem 0xe0000000-0xe3ffffff at device 0.0 on pci0\npci0: \u003cmemory, RAM\u003e at device 0.1 (no driver attached)\npci0: \u003cmemory, RAM\u003e at device 0.2 (no driver attached)\npci0: \u003cmemory, RAM\u003e at device 0.3 (no driver attached)\npci0: \u003cmemory, RAM\u003e at device 0.4 (no driver attached)\npci0: \u003cmemory, RAM\u003e at device 0.5 (no driver attached)\nisab0: \u003cPCI-ISA bridge\u003e at device 1.0 on pci0\nisa0: \u003cISA bus\u003e on isab0\npci0: \u003cserial bus, SMBus\u003e at device 1.1 (no driver attached)\nohci0: \u003cOHCI (generic) USB controller\u003e mem 0xe9003000-0xe9003fff irq 20 at device 2.0 on pci0\nohci0: [GIANT-LOCKED]\nusb0: OHCI version 1.0, legacy support\nusb0: \u003cOHCI (generic) USB controller\u003e on ohci0\nusb0: USB revision 1.0\nuhub0: nVidia OHCI root hub, class 9/0, rev 1.00/1.00, addr 1\nuhub0: 3 ports with 3 removable, self powered\nohci1: \u003cOHCI (generic) USB controller\u003e mem 0xe9004000-0xe9004fff irq 21 at device 2.1 on pci0\nohci1: [GIANT-LOCKED]\nusb1: OHCI version 1.0, legacy support\nusb1: \u003cOHCI (generic) USB controller\u003e on ohci1\nusb1: USB revision 1.0\nuhub1: nVidia OHCI root hub, class 9/0, rev 1.00/1.00, addr 1\nuhub1: 3 ports with 3 removable, self powered\nehci0: \u003cNVIDIA nForce2 USB 2.0 controller\u003e mem 0xe9005000-0xe90050ff irq 22 at device 2.2 on pci0\nehci0: [GIANT-LOCKED]\nusb2: EHCI version 1.0\nusb2: companion controllers, 4 ports each: usb0 usb1\nusb2: \u003cNVIDIA nForce2 USB 2.0 controller\u003e on ehci0\nusb2: USB revision 2.0\nuhub2: nVidia EHCI root hub, class 9/0, rev 2.00/1.00, addr 1\nuhub2: 6 ports with 6 removable, self powered\npcm0: \u003cnVidia nForce2\u003e port 0xd400-0xd4ff,0xd800-0xd87f mem 0xe9001000-0xe9001fff irq 20 at device 6.0 on pci0\npcm0: \u003cAvance Logic ALC655 AC97 Codec\u003e\npcib1: \u003cACPI PCI-PCI bridge\u003e at device 8.0 on pci0\npci1: \u003cACPI PCI bus\u003e on pcib1\nxl0: \u003c3Com 3c905-TX Fast Etherlink XL\u003e port 0xa000-0xa03f irq 16 at device 8.0 on pci1\nmiibus0: \u003cMII bus\u003e on xl0\nnsphy0: \u003cDP83840 10/100 media interface\u003e on miibus0\nnsphy0:  10baseT, 10baseT-FDX, 100baseTX, 100baseTX-FDX, auto\nxl0: Ethernet address: 00:60:97:a4:7f:82\nre0: \u003cRealTek 8169S Single-chip Gigabit Ethernet\u003e port 0xa400-0xa4ff mem 0xe8006000-0xe80060ff irq 16 at device 11.0 on pci1\nmiibus1: \u003cMII bus\u003e on re0\nrgephy0: \u003cRTL8169S/8110S media interface\u003e on miibus1\nrgephy0:  10baseT, 10baseT-FDX, 100baseTX, 100baseTX-FDX, 1000baseT, 1000baseT-FDX, auto\nre0: Ethernet address: 00:0d:61:77:af:09\nre0: [FAST]\natapci0: \u003cITE IT8212F UDMA133 controller\u003e port 0xa810-0xa817,0xac00-0xac03,0xb010-0xb017,0xb400-0xb403,0xb800-0xb80f irq 17 at device 12.0 on pci1\nata2: \u003cATA channel 0\u003e on atapci0\nata3: \u003cATA channel 1\u003e on atapci0\natapci1: \u003cSiI 3512 SATA150 controller\u003e port 0xbc00-0xbc07,0xc000-0xc003,0xc400-0xc407,0xc800-0xc803,0xcc00-0xcc0f mem 0xe8004000-0xe80041ff irq 18 at device 13.0 on pci1\nata4: \u003cATA channel 0\u003e on atapci1\nata5: \u003cATA channel 1\u003e on atapci1\nfwohci0: \u003cTexas Instruments TSB43AB23\u003e mem 0xe8005000-0xe80057ff,0xe8000000-0xe8003fff irq 16 at device 14.0 on pci1\nfwohci0: OHCI version 1.10 (ROM=1)\nfwohci0: No. of Isochronous channels is 4.\nfwohci0: EUI64 00:0d:61:00:00:48:17:f4\nfwohci0: Phy 1394a available S400, 3 ports.\nfwohci0: Link S400, max_rec 2048 bytes.\nfirewire0: \u003cIEEE1394(FireWire) bus\u003e on fwohci0\nsbp0: \u003cSBP-2/SCSI over FireWire\u003e on firewire0\nfwe0: \u003cEthernet over FireWire\u003e on firewire0\nif_fwe0: Fake Ethernet address: 02:0d:61:48:17:f4\nfwe0: Ethernet address: 02:0d:61:48:17:f4\nfwe0: if_start running deferred for Giant\nfwohci0: Initiate bus reset\nfwohci0: BUS reset\nfwohci0: node_id=0xc800ffc0, gen=1, CYCLEMASTER mode\nfirewire0: 1 nodes, maxhop \u003c= 0, cable IRM = 0 (me)\nfirewire0: bus manager 0 (me)\natapci2: \u003cnVidia nForce2 UDMA133 controller\u003e port 0x1f0-0x1f7,0x3f6,0x170-0x177,0x376,0xf000-0xf00f at device 9.0 on pci0\nata0: \u003cATA channel 0\u003e on atapci2\nata1: \u003cATA channel 1\u003e on atapci2\npcib2: \u003cACPI PCI-PCI bridge\u003e at device 30.0 on pci0\npci2: \u003cACPI PCI bus\u003e on pcib2\npci2: \u003cdisplay, VGA\u003e at device 0.0 (no driver attached)\nfdc0: \u003cfloppy drive controller\u003e port 0x3f0-0x3f5,0x3f7 irq 6 drq 2 on acpi0\nfdc0: [FAST]\nsio0: \u003c16550A-compatible COM port\u003e port 0x3f8-0x3ff irq 4 flags 0x10 on acpi0\nsio0: type 16550A\nsio1: \u003c16550A-compatible COM port\u003e port 0x2f8-0x2ff irq 3 on acpi0\nsio1: type 16550A\nppc0: \u003cECP parallel printer port\u003e port 0x378-0x37f,0x778-0x77b irq 7 drq 3 on acpi0\nppc0: Generic chipset (ECP/PS2/NIBBLE) in COMPATIBLE mode\nppc0: FIFO with 16/16/16 bytes threshold\nppbus0: \u003cParallel port bus\u003e on ppc0\nppbus0: IEEE1284 device found /NIBBLE/ECP\nProbing for PnP devices on ppbus0:\nppbus0: \u003cHewlett-Packard HP LaserJet 6MP\u003e PJL,MLC,PCLXL,PCL,POSTSCRIPT\nplip0: \u003cPLIP network interface\u003e on ppbus0\nlpt0: \u003cPrinter\u003e on ppbus0\nlpt0: Interrupt-driven port\nppi0: \u003cParallel I/O\u003e on ppbus0\natkbdc0: \u003cKeyboard controller (i8042)\u003e port 0x60,0x64 irq 1 on acpi0\natkbd0: \u003cAT Keyboard\u003e irq 1 on atkbdc0\nkbd0 at atkbd0\natkbd0: [GIANT-LOCKED]\npsm0: \u003cPS/2 Mouse\u003e irq 12 on atkbdc0\npsm0: [GIANT-LOCKED]\npsm0: model IntelliMouse, device ID 3\npmtimer0 on isa0\norm0: \u003cISA Option ROM\u003e at iomem 0xc0000-0xcefff on isa0\nsc0: \u003cSystem console\u003e at flags 0x100 on isa0\nsc0: VGA \u003c16 virtual consoles, flags=0x300\u003e\nvga0: \u003cGeneric ISA VGA\u003e at port 0x3c0-0x3df iomem 0xa0000-0xbffff on isa0\nTimecounter \"TSC\" frequency 2079561755 Hz quality 800\nTimecounters tick every 1.000 msec\nad0: 78166MB \u003cMaxtor 6Y080L0 YAR41BW0\u003e at ata0-master UDMA133\nad1: 190782MB \u003cHDT722520DLAT80 V44OA96A\u003e at ata0-slave UDMA133\nacd0: DVDR \u003cHL-DT-ST DVDRAM GSA-4165B/DL05\u003e at ata1-master UDMA33\nacd0: FAILURE - INQUIRY ILLEGAL REQUEST asc=0x24 ascq=0x00 sks=0x40 0x00 0x01\ncd0 at ata1 bus 0 target 0 lun 0\ncd0: \u003cHL-DT-ST DVDRAM GSA-4165B DL05\u003e Removable CD-ROM SCSI-0 device \ncd0: 33.000MB/s transfers\ncd0: cd present [2295104 x 2048 byte records]\nTrying to mount root from ufs:/dev/ad0s1a\nWARNING: / was not properly dismounted\nipfw2 (+ipv6) initialized, divert loadable, rule-based forwarding disabled, default to deny, logging disabled\nre0: link state changed to UP\n\nHow-To-Repeat: \nInstall ports/net-p2p/deluge on a 6-STABLE UP machine with 512Mb RAM. \nRepeatedly start and stop until panic occurs."
}