{
 "id": 418021,
 "bug_id": 118021,
 "attachment_id": 0,
 "creation_time": "2007-11-13T19:10:00Z",
 "creator": "chad.albert@healthcarefirst.com",
 "text": "I have downloaded the 7.0 beta 2 ISO file for i386.  I am trying to\ninstall it on an ASUS G1S laptop.  6.2 works very nicely. When I insert\nthe Install CD and start going through the steps, it seems as if every\nkey I press sends a ctrl key with it.  When I choose to create a\npartition it just pops up and asks if I would like to abort or restart\nthe install as if I have pressed \"ctrl+c\".  Other keys produce the same\nbehavior.  When I switch to a terminal pressing d will exit etc...  I\nhave tried this with and without an external keyboard on the laptop.\nI have also tried two different external keyboards.  Below is my\ndmesg.boot from 6.2 in case you need it.\n\nCopyright (c) 1992-2007 The FreeBSD Project.\nCopyright (c) 1979, 1980, 1983, 1986, 1988, 1989, 1991, 1992, 1993, 1994\n        The Regents of the University of California. All rights reserved.\nFreeBSD is a registered trademark of The FreeBSD Foundation.\nFreeBSD 6.2-STABLE #5: Fri Sep 14 11:54:12 CDT 2007\n    calbert@schmaptop.sgf.healthcarefirst.med:/usr/obj/usr/src/sys/SCHMAPTOP\nWARNING: debug.mpsafenet forced to 0 as ng_h4 requires Giant\nWARNING: MPSAFE network stack disabled, expect reduced performance.\nTimecounter \"i8254\" frequency 1193182 Hz quality 0\nCPU: Intel(R) Core(TM)2 Duo CPU     T7500  @ 2.20GHz (2194.51-MHz 686-class CPU)\n  Origin = \"GenuineIntel\"  Id = 0x6fa  Stepping = 10\n  Features=0xbfebfbff\u003cFPU,VME,DE,PSE,TSC,MSR,PAE,MCE,CX8,APIC,SEP,MTRR,PGE,MCA,CMOV,PAT,PSE36,CLFLUSH,DTS,ACPI,MMX,FXSR,SSE,SSE2,SS,HTT,TM,PBE\u003e\n  Features2=0xe3bd\u003cSSE3,RSVD2,MON,DS_CPL,VMX,EST,TM2,\u003cb9\u003e,CX16,\u003cb14\u003e,\u003cb15\u003e\u003e\n  AMD Features=0x20100000\u003cNX,LM\u003e\n  AMD Features2=0x1\u003cLAHF\u003e\n  Cores per package: 2\nreal memory  = 2147155968 (2047 MB)\navail memory = 2087620608 (1990 MB)\nACPI APIC Table: \u003cA_M_I_ OEMAPIC \u003e\nFreeBSD/SMP: Multiprocessor System Detected: 2 CPUs\n cpu0 (BSP): APIC ID:  0\n cpu1 (AP): APIC ID:  1\nioapic0 \u003cVersion 2.0\u003e irqs 0-23 on motherboard\nwlan: mac acl policy registered\nkbd1 at kbdmux0\nnetsmb_dev: loaded\nath_hal: 0.9.20.3 (AR5210, AR5211, AR5212, RF5111, RF5112, RF2413, RF5413)\nacpi0: \u003c_ASUS_ Notebook\u003e on motherboard\nacpi_ec0: \u003cEmbedded Controller: GPE 0x1c, ECDT\u003e port 0x62,0x66 on acpi0\nacpi_hpet0: \u003cHigh Precision Event Timer\u003e iomem 0xfed00000-0xfed003ff on acpi0\nTimecounter \"HPET\" frequency 14318180 Hz quality 2000\nacpi0: Power Button (fixed)\nunknown: I/O range not supported\nunknown: I/O range not supported\nTimecounter \"ACPI-fast\" frequency 3579545 Hz quality 1000\nacpi_timer0: \u003c24-bit timer at 3.579545MHz\u003e port 0x808-0x80b on acpi0\ncpu0: \u003cACPI CPU\u003e on acpi0\nacpi_throttle0: \u003cACPI CPU Throttling\u003e on cpu0\ncpu1: \u003cACPI CPU\u003e on acpi0\nacpi_throttle1: \u003cACPI CPU Throttling\u003e on cpu1\nacpi_throttle1: failed to attach P_CNT\ndevice_attach: acpi_throttle1 attach returned 6\npcib0: \u003cACPI Host-PCI bridge\u003e port 0xcf8-0xcff on acpi0\npci0: \u003cACPI PCI bus\u003e on pcib0\npcib1: \u003cACPI PCI-PCI bridge\u003e irq 16 at device 1.0 on pci0\npci1: \u003cACPI PCI bus\u003e on pcib1\nnvidia0: \u003cGeForce 8600M GT\u003e port 0x9c00-0x9c7f mem 0xfc000000-0xfcffffff,0xc0000000-0xcfffffff,0xfa000000-0xfbffffff irq 16 at device 0.0 on pci1\nnvidia0: [GIANT-LOCKED]\nuhci0: \u003cUHCI (generic) USB controller\u003e port 0xe080-0xe09f irq 16 at device 26.0 on pci0\nuhci0: [GIANT-LOCKED]\nusb0: \u003cUHCI (generic) USB controller\u003e on uhci0\nusb0: USB revision 1.0\nuhub0: Intel UHCI root hub, class 9/0, rev 1.00/1.00, addr 1\nuhub0: 2 ports with 2 removable, self powered\nuhci1: \u003cUHCI (generic) USB controller\u003e port 0xe000-0xe01f irq 21 at device 26.1 on pci0\nuhci1: [GIANT-LOCKED]\nusb1: \u003cUHCI (generic) USB controller\u003e on uhci1\nusb1: USB revision 1.0\nuhub1: Intel UHCI root hub, class 9/0, rev 1.00/1.00, addr 1\nuhub1: 2 ports with 2 removable, self powered\nehci0: \u003cEHCI (generic) USB 2.0 controller\u003e mem 0xfebff400-0xfebff7ff irq 18 at device 26.7 on pci0\nehci0: [GIANT-LOCKED]\nusb2: waiting for BIOS to give up control\nusb2: EHCI version 1.0\nusb2: companion controllers, 2 ports each: usb0 usb1\nusb2: \u003cEHCI (generic) USB 2.0 controller\u003e on ehci0\nusb2: USB revision 2.0\nuhub2: Intel EHCI root hub, class 9/0, rev 2.00/1.00, addr 1\nuhub2: 4 ports with 4 removable, self powered\nugen0: Chicony Electronics Co., Ltd. USB2.0 1.3M UVC WebCam, rev 2.00/3.46, addr 2\nuhid0: ASUS LCM, rev 2.00/0.04, addr 3, iclass 3/0\npcm0: \u003cIntel 82801H High Definition Audio Controller\u003e mem 0xfebf8000-0xfebfbfff irq 22 at device 27.0 on pci0\npcib2: \u003cACPI PCI-PCI bridge\u003e irq 16 at device 28.0 on pci0\npci2: \u003cACPI PCI bus\u003e on pcib2\nre0: \u003cRealTek 8168/8111B PCIe Gigabit Ethernet\u003e port 0xa800-0xa8ff mem 0xfdfff000-0xfdffffff irq 16 at device 0.0 on pci2\nmiibus0: \u003cMII bus\u003e on re0\nrgephy0: \u003cRTL8169S/8110S media interface\u003e on miibus0\nrgephy0:  10baseT, 10baseT-FDX, 100baseTX, 100baseTX-FDX, 1000baseT, 1000baseT-FDX, auto\nre0: Ethernet address: 00:1b:fc:bd:bf:57\nre0: [FAST]\npcib3: \u003cACPI PCI-PCI bridge\u003e irq 17 at device 28.1 on pci0\npci3: \u003cACPI PCI bus\u003e on pcib3\npci3: \u003cnetwork\u003e at device 0.0 (no driver attached)\npcib4: \u003cACPI PCI-PCI bridge\u003e irq 18 at device 28.2 on pci0\npci4: \u003cACPI PCI bus\u003e on pcib4\npcib5: \u003cACPI PCI-PCI bridge\u003e irq 19 at device 28.3 on pci0\npci6: \u003cACPI PCI bus\u003e on pcib5\npcib6: \u003cACPI PCI-PCI bridge\u003e irq 16 at device 28.4 on pci0\npci7: \u003cACPI PCI bus\u003e on pcib6\natapci0: \u003cJMicron JMB360 SATA300 controller\u003e port 0xcc00-0xcc07,0xc880-0xc883,0xc800-0xc807,0xc480-0xc483,0xc400-0xc40f mem 0xfe9fe000-0xfe9fffff irq 16 at device 0.0 on pci7\natapci0: AHCI Version 01.00 controller with 1 ports detected\nata2: \u003cATA channel 0\u003e on atapci0\nuhci2: \u003cUHCI (generic) USB controller\u003e port 0xdc00-0xdc1f irq 23 at device 29.0 on pci0\nuhci2: [GIANT-LOCKED]\nusb3: \u003cUHCI (generic) USB controller\u003e on uhci2\nusb3: USB revision 1.0\nuhub3: Intel UHCI root hub, class 9/0, rev 1.00/1.00, addr 1\nuhub3: 2 ports with 2 removable, self powered\nuhci3: \u003cUHCI (generic) USB controller\u003e port 0xd880-0xd89f irq 19 at device 29.1 on pci0\nuhci3: [GIANT-LOCKED]\nusb4: \u003cUHCI (generic) USB controller\u003e on uhci3\nusb4: USB revision 1.0\nuhub4: Intel UHCI root hub, class 9/0, rev 1.00/1.00, addr 1\nuhub4: 2 ports with 2 removable, self powered\nuhci4: \u003cUHCI (generic) USB controller\u003e port 0xd800-0xd81f irq 18 at device 29.2 on pci0\nuhci4: [GIANT-LOCKED]\nusb5: \u003cUHCI (generic) USB controller\u003e on uhci4\nusb5: USB revision 1.0\nuhub5: Intel UHCI root hub, class 9/0, rev 1.00/1.00, addr 1\nuhub5: 2 ports with 2 removable, self powered\nehci1: \u003cEHCI (generic) USB 2.0 controller\u003e mem 0xfebff000-0xfebff3ff irq 23 at device 29.7 on pci0\nehci1: [GIANT-LOCKED]\nusb6: EHCI version 1.0\nusb6: companion controllers, 2 ports each: usb3 usb4 usb5\nusb6: \u003cEHCI (generic) USB 2.0 controller\u003e on ehci1\nusb6: USB revision 2.0\nuhub6: Intel EHCI root hub, class 9/0, rev 2.00/1.00, addr 1\nuhub6: 6 ports with 6 removable, self powered\nuhub7: vendor 0x2001 product 0xf103, class 9/0, rev 2.00/1.00, addr 2\nuhub7: single transaction translator\nuhub7: 7 ports with 0 removable, self powered\nugen1: vendor 0x9710 product 0x7780, rev 1.10/0.01, addr 3\nugen2: Keyspan, a division of InnoSys Inc. Keyspan USA-19H, rev 1.10/1.00, addr 4\nums0: Logitech USB-PS/2 Optical Mouse, rev 2.00/22.00, addr 5, iclass 3/1\nums0: 8 buttons and Z dir.\nuhub8: Dell Dell USB Keyboard Hub, class 9/0, rev 1.10/2.00, addr 6\nuhub8: 3 ports with 2 removable, bus powered\nukbd0: Dell Dell USB Keyboard Hub, rev 1.10/2.00, addr 7, iclass 3/1\nkbd2 at ukbd0\nuhid1: Dell Dell USB Keyboard Hub, rev 1.10/2.00, addr 7, iclass 3/1\numass0: vendor 0x0402 USB 2.0 Storage Device, rev 2.00/0.80, addr 8\npcib7: \u003cACPI PCI-PCI bridge\u003e at device 30.0 on pci0\npci8: \u003cACPI PCI bus\u003e on pcib7\nfwohci0: \u003c1394 Open Host Controller Interface\u003e mem 0xfeaff800-0xfeafffff irq 16 at device 1.0 on pci8\nfwohci0: [GIANT-LOCKED]\nfwohci0: OHCI version 1.0 (ROM=0)\nfwohci0: No. of Isochronous channels is 4.\nfwohci0: EUI64 00:e0:18:00:03:96:83:c7\nfwohci0: Phy 1394a available S400, 1 ports.\nfwohci0: Link S400, max_rec 2048 bytes.\nfirewire0: \u003cIEEE1394(FireWire) bus\u003e on fwohci0\nsbp0: \u003cSBP-2/SCSI over FireWire\u003e on firewire0\nfwe0: \u003cEthernet over FireWire\u003e on firewire0\nif_fwe0: Fake Ethernet address: 02:e0:18:96:83:c7\nfwe0: Ethernet address: 02:e0:18:96:83:c7\nfwohci0: Initiate bus reset\nfwohci0: BUS reset\nfwohci0: node_id=0xc800ffc0, gen=1, CYCLEMASTER mode\nfirewire0: 1 nodes, maxhop \u003c= 0, cable IRM = 0 (me)\nfirewire0: bus manager 0 (me)\npci8: \u003cbase peripheral\u003e at device 1.1 (no driver attached)\npci8: \u003cbase peripheral\u003e at device 1.2 (no driver attached)\npci8: \u003cbase peripheral\u003e at device 1.3 (no driver attached)\npci8: \u003cbase peripheral\u003e at device 1.4 (no driver attached)\nisab0: \u003cPCI-ISA bridge\u003e at device 31.0 on pci0\nisa0: \u003cISA bus\u003e on isab0\natapci1: \u003cGENERIC ATA controller\u003e port 0x1f0-0x1f7,0x3f6,0x170-0x177,0x376,0xffa0-0xffaf at device 31.1 on pci0\nata0: \u003cATA channel 0\u003e on atapci1\nata1: \u003cATA channel 1\u003e on atapci1\natapci2: \u003cIntel ICH8M SATA300 controller\u003e port 0xec00-0xec07,0xe880-0xe883,0xe800-0xe807,0xe480-0xe483,0xe400-0xe41f mem 0xfebff800-0xfebfffff irq 20 at device 31.2 on pci0\natapci2: AHCI Version 01.10 controller with 3 ports detected\nata3: \u003cATA channel 0\u003e on atapci2\nata4: \u003cATA channel 1\u003e on atapci2\nata5: \u003cATA channel 2\u003e on atapci2\nacpi_button0: \u003cSleep Button\u003e on acpi0\nacpi_lid0: \u003cControl Method Lid Switch\u003e on acpi0\nacpi_tz0: \u003cThermal Zone\u003e on acpi0\nacpi_acad0: \u003cAC Adapter\u003e on acpi0\nbattery0: \u003cACPI Control Method Battery\u003e on acpi0\natkbdc0: \u003cKeyboard controller (i8042)\u003e port 0x60,0x64 irq 1 on acpi0\natkbd0: \u003cAT Keyboard\u003e irq 1 on atkbdc0\nkbd0 at atkbd0\natkbd0: [GIANT-LOCKED]\npsm0: \u003cPS/2 Mouse\u003e irq 12 on atkbdc0\npsm0: [GIANT-LOCKED]\npsm0: model IntelliMouse, device ID 3\norm0: \u003cISA Option ROM\u003e at iomem 0xcd000-0xcefff on isa0\nppc0: parallel port not found.\nsc0: \u003cSystem console\u003e at flags 0x100 on isa0\nsc0: VGA \u003c16 virtual consoles, flags=0x300\u003e\nsio0: configured irq 4 not in bitmap of probed irqs 0\nsio0: port may not be enabled\nsio0 at port 0x3f8-0x3ff irq 4 flags 0x10 on isa0\nsio0: type 8250 or not responding\nsio1: configured irq 3 not in bitmap of probed irqs 0\nsio1: port may not be enabled\nvga0: \u003cGeneric ISA VGA\u003e at port 0x3c0-0x3df iomem 0xa0000-0xbffff on isa0\nukbd1: Gyration Gyration RF Technology Receiver, rev 1.10/1.50, addr 2, iclass 3/1\nkbd3 at ukbd1\nums1: Gyration Gyration RF Technology Receiver, rev 1.10/1.50, addr 2, iclass 3/1\nums1: 5 buttons and Z dir.\nubt0: vendor 0x0b05 product 0x1712, rev 2.00/19.15, addr 2\nubt0: vendor 0x0b05 product 0x1712, rev 2.00/19.15, addr 2\nubt0: Interface 0 endpoints: interrupt=0x81, bulk-in=0x82, bulk-out=0x2\nubt0: Interface 1 (alt.config 5) endpoints: isoc-in=0x83, isoc-out=0x3; wMaxPacketSize=49; nframes=6, buffer size=294\nTimecounters tick every 1.000 msec\nacd0: DVDR \u003cHL-DT-ST DVDRAM GSA-T20L/NR02\u003e at ata0-master UDMA33\nad6: 152627MB \u003cHitachi HTS541616J9SA00 SB4OC70P\u003e at ata3-master SATA150\npcm0: \u003cHDA Codec: Realtek ALC660\u003e\npcm0: \u003cHDA Driver Revision: 20070710_0047\u003e\nacd0: FAILURE - INQUIRY ILLEGAL REQUEST asc=0x24 ascq=0x00 sks=0x40 0x00 0x01\nSMP: AP CPU #1 Launched!\ncd0 at ata0 bus 0 target 0 lun 0\ncd0: \u003cHL-DT-ST DVDRAM GSA-T20L NR02\u003e Removable CD-ROM SCSI-0 device\ncd0: 33.000MB/s transfers\ncd0: Attempt to query device size failed: NOT READY, Medium not present\nda0 at umass-sim0 bus 0 target 0 lun 0\nda0: \u003cUSB2.0 SM/XD \\\\000\\\\000\\\\000?\u003e Removable Direct Access SCSI-0 device\nda0: 40.000MB/s transfers\nda0: Attempt to query device size failed: NOT READY, Medium not present\nda1 at umass-sim0 bus 0 target 0 lun 1\nda1: \u003cUSB2.0 CF/MD \\\\000\\\\000\\\\000?\u003e Removable Direct Access SCSI-0 device\nda1: 40.000MB/s transfers\nda1: 3908MB (8005536 512 byte sectors: 255H 63S/T 498C)\nda2 at umass-sim0 bus 0 target 0 lun 2\nda2: \u003cUSB2.0 SD/MMC \\\\000\\\\000\\\\000?\u003e Removable Direct Access SCSI-0 device\nda2: 40.000MB/s transfers\nda2: Attempt to query device size failed: NOT READY, Medium not present\nda3 at umass-sim0 bus 0 target 0 lun 3\nda3: \u003cUSB2.0 MS/MSPRO \\\\000\\\\000\\\\000?\u003e Removable Direct Access SCSI-0 device\nda3: 40.000MB/s transfers\nda3: Attempt to query device size failed: NOT READY, Medium not present\nTrying to mount root from ufs:/dev/ad6s2a\nre0: link state changed to UP\n\nHow-To-Repeat: Insert 7.0 Beta 2 CD attempt to do a standard install."
}