{
 "id": 587651,
 "bug_id": 152430,
 "attachment_id": 0,
 "creation_time": "2010-11-20T22:40:07Z",
 "creator": "beat.siegenthaler@beatsnet.com",
 "text": "FreeBSD install seem not be possible in any way on this hardware.\nI tried several ways to install 7.3|8.1 memstick|cd|dvd amd64|i386\n\nSymptom:\n\"Turning ASCII wheel\" is viewable for a few seconds, then the Server reboots immediately. \n\nCan only boot Linux for providing system info (Fedora13/64bit)\n\nlspci\n\n00:00.0 Host bridge: Advanced Micro Devices [AMD] RS780 Host Bridge Alternate\n00:01.0 PCI bridge: Hewlett-Packard Company Device 9602\n00:06.0 PCI bridge: Advanced Micro Devices [AMD] RS780 PCI to PCI bridge (PCIE port 2)\n00:11.0 RAID bus controller: ATI Technologies Inc SB700/SB800 SATA Controller [Non-RAID5 mode] (rev 40)\n00:12.0 USB Controller: ATI Technologies Inc SB700/SB800 USB OHCI0 Controller\n00:12.2 USB Controller: ATI Technologies Inc SB700/SB800 USB EHCI Controller\n00:13.0 USB Controller: ATI Technologies Inc SB700/SB800 USB OHCI0 Controller\n00:13.2 USB Controller: ATI Technologies Inc SB700/SB800 USB EHCI Controller\n00:14.0 SMBus: ATI Technologies Inc SBx00 SMBus Controller (rev 41)\n00:14.1 IDE interface: ATI Technologies Inc SB700/SB800 IDE Controller (rev 40)\n00:14.3 ISA bridge: ATI Technologies Inc SB700/SB800 LPC host controller (rev 40)\n00:14.4 PCI bridge: ATI Technologies Inc SBx00 PCI to PCI Bridge (rev 40)\n00:16.0 USB Controller: ATI Technologies Inc SB700/SB800 USB OHCI0 Controller\n00:16.2 USB Controller: ATI Technologies Inc SB700/SB800 USB EHCI Controller\n00:18.0 Host bridge: Advanced Micro Devices [AMD] K10 [Opteron, Athlon64, Sempron] HyperTransport Configuration\n00:18.1 Host bridge: Advanced Micro Devices [AMD] K10 [Opteron, Athlon64, Sempron] Address Map\n00:18.2 Host bridge: Advanced Micro Devices [AMD] K10 [Opteron, Athlon64, Sempron] DRAM Controller\n00:18.3 Host bridge: Advanced Micro Devices [AMD] K10 [Opteron, Athlon64, Sempron] Miscellaneous Control\n00:18.4 Host bridge: Advanced Micro Devices [AMD] K10 [Opteron, Athlon64, Sempron] Link Control\n01:05.0 VGA compatible controller: ATI Technologies Inc M880G [Mobility Radeon HD 4200]\n02:00.0 Ethernet controller: Broadcom Corporation NetXtreme BCM5723 Gigabit Ethernet PCIe (rev 10)\n\nlsusb\n\nBus 006 Device 001: ID 1d6b:0001 Linux Foundation 1.1 root hub\nBus 005 Device 001: ID 1d6b:0001 Linux Foundation 1.1 root hub\nBus 004 Device 003: ID 045e:00e1 Microsoft Corp. Wireless Laser Mouse 6000 Reciever\nBus 004 Device 002: ID 04d9:1203 Holtek Semiconductor, Inc. MC Industries Keyboard\nBus 004 Device 001: ID 1d6b:0001 Linux Foundation 1.1 root hub\nBus 003 Device 001: ID 1d6b:0002 Linux Foundation 2.0 root hub\nBus 002 Device 001: ID 1d6b:0002 Linux Foundation 2.0 root hub\nBus 001 Device 003: ID 058f:6362 Alcor Micro Corp. Hi-Speed 21-in-1 Flash Card Reader/Writer (Internal/External)\nBus 001 Device 001: ID 1d6b:0002 Linux Foundation 2.0 root hub\n\ndmesg\n\nInitializing cgroup subsys cpuset\nInitializing cgroup subsys cpu\nLinux version 2.6.33.3-85.fc13.x86_64 (mockbuild@x86-02.phx2.fedoraproject.org) (gcc version 4.4.4 20100503 (Red Hat 4.4.4-2) (GCC) ) #1 SMP Thu May 6 18:09:49 UTC 2010\nCommand line: initrd=/ubninit root=UUID=226D-7DDC rootfstype=auto ro liveimg quiet  rhgb rd_NO_LUKS rd_NO_MD BOOT_IMAGE=/ubnkern \nBIOS-provided physical RAM map:\n BIOS-e820: 0000000000000000 - 0000000000093000 (usable)\n BIOS-e820: 0000000000093000 - 00000000000a0000 (reserved)\n BIOS-e820: 00000000000e2000 - 0000000000100000 (reserved)\n BIOS-e820: 0000000000100000 - 0000000037830000 (usable)\n BIOS-e820: 0000000037f9e000 - 0000000037fa0000 type 9\n BIOS-e820: 0000000037fa0000 - 0000000037fae000 (ACPI data)\n BIOS-e820: 0000000037fae000 - 0000000037fe0000 (ACPI NVS)\n BIOS-e820: 0000000037fe0000 - 0000000038000000 (reserved)\n BIOS-e820: 00000000e0000000 - 00000000f0000000 (reserved)\n BIOS-e820: 00000000ffa00000 - 0000000100000000 (reserved)\nNX (Execute Disable) protection: active\nDMI present.\nNo AGP bridge found\nlast_pfn = 0x37830 max_arch_pfn = 0x400000000\nMTRR default type: uncachable\nMTRR fixed ranges enabled:\n  00000-9FFFF write-back\n  A0000-EFFFF uncachable\n  F0000-FFFFF write-protect\nMTRR variable ranges enabled:\n  0 base 000000000000 mask FFFFC0000000 write-back\n  1 disabled\n  2 disabled\n  3 disabled\n  4 disabled\n  5 disabled\n  6 disabled\n  7 disabled\nx86 PAT enabled: cpu 0, old 0x7040600070406, new 0x7010600070106\ninitial memory mapped : 0 - 20000000\nfound SMP MP-table at [ffff8800000ff780] ff780\nUsing GB pages for direct mapping\ninit_memory_mapping: 0000000000000000-0000000037830000\n 0000000000 - 0037800000 page 2M\n 0037800000 - 0037830000 page 4k\nkernel direct mapping tables up to 37830000 @ 8000-b000\nRAMDISK: 36cc7000 - 3782e090\nACPI: RSDP 00000000000f8f50 00024 (v02 HP    )\nACPI: XSDT 0000000037fa0100 0007C (v01 HP     ProLiant 20100930 HP   00000097)\nACPI: FACP 0000000037fa0290 000F4 (v03 HP     ProLiant 20100930 HP   00000097)\nACPI: DSDT 0000000037fa0620 06947 (v01 HP     ProLiant 00000006 INTL 20051117)\nACPI: FACS 0000000037fae000 00040\nACPI: APIC 0000000037fa0390 00072 (v01 HP     ProLiant 20100930 HP   00000097)\nACPI: MCFG 0000000037fa0410 0003C (v01 HP     ProLiant 20100930 HP   00000097)\nACPI: SPMI 0000000037fa0450 00041 (v05 HP     ProLiant 20100930 HP   00000097)\nACPI: OEMB 0000000037fae040 00072 (v01 HP     ProLiant 20100930 HP   00000097)\nACPI: HPET 0000000037fab4e0 00038 (v01 HP     ProLiant 20100930 HP   00000097)\nACPI: EINJ 0000000037fab520 00130 (v01  AMIER AMI_EINJ 20100930 HP   00000097)\nACPI: BERT 0000000037fab6b0 00030 (v01  AMIER AMI_BERT 20100930 HP   00000097)\nACPI: ERST 0000000037fab6e0 001B0 (v01  AMIER AMI_ERST 20100930 HP   00000097)\nACPI: HEST 0000000037fab890 000A8 (v01  AMIER ABC_HEST 20100930 HP   00000097)\nACPI: SSDT 0000000037fab940 00386 (v01 HP     ProLiant 00000001 AMD  00000001)\nACPI: Local APIC address 0xfee00000\nScanning NUMA topology in Northbridge 24\nNo NUMA configuration found\nFaking a node at 0000000000000000-0000000037830000\nBootmem setup node 0 0000000000000000-0000000037830000\n  NODE_DATA [0000000000009000 - 000000000001efff]\n  bootmap [000000000001f000 -  0000000000025f07] pages 7\n(12 early reservations) ==\u003e bootmem [0000000000 - 0037830000]\n  #0 [0000000000 - 0000001000]   BIOS data page ==\u003e [0000000000 - 0000001000]\n  #1 [0001000000 - 0001db92c8]    TEXT DATA BSS ==\u003e [0001000000 - 0001db92c8]\n  #2 [0036cc7000 - 003782e090]          RAMDISK ==\u003e [0036cc7000 - 003782e090]\n  #3 [0001dba000 - 0001dba0c4]              BRK ==\u003e [0001dba000 - 0001dba0c4]\n  #4 [00000ff790 - 0000100000]    BIOS reserved ==\u003e [00000ff790 - 0000100000]\n  #5 [00000ff780 - 00000ff790]     MP-table mpf ==\u003e [00000ff780 - 00000ff790]\n  #6 [0000093000 - 00000fbb30]    BIOS reserved ==\u003e [0000093000 - 00000fbb30]\n  #7 [00000fbc84 - 00000ff780]    BIOS reserved ==\u003e [00000fbc84 - 00000ff780]\n  #8 [00000fbb30 - 00000fbc84]     MP-table mpc ==\u003e [00000fbb30 - 00000fbc84]\n  #9 [0000001000 - 0000003000]       TRAMPOLINE ==\u003e [0000001000 - 0000003000]\n  #10 [0000003000 - 0000007000]      ACPI WAKEUP ==\u003e [0000003000 - 0000007000]\n  #11 [0000008000 - 0000009000]          PGTABLE ==\u003e [0000008000 - 0000009000]\n [ffffea0000000000-ffffea0000dfffff] PMD -\u003e [ffff880002200000-ffff880002ffffff] on node 0\nZone PFN ranges:\n  DMA      0x00000000 -\u003e 0x00001000\n  DMA32    0x00001000 -\u003e 0x00100000\n  Normal   0x00100000 -\u003e 0x00100000\nMovable zone start PFN for each node\nearly_node_map[2] active PFN ranges\n    0: 0x00000000 -\u003e 0x00000093\n    0: 0x00000100 -\u003e 0x00037830\nOn node 0 totalpages: 227267\n  DMA zone: 56 pages used for memmap\n  DMA zone: 115 pages reserved\n  DMA zone: 3816 pages, LIFO batch:0\n  DMA32 zone: 3053 pages used for memmap\n  DMA32 zone: 220227 pages, LIFO batch:31\nACPI: PM-Timer IO Port: 0x808\nACPI: Local APIC address 0xfee00000\nACPI: LAPIC (acpi_id[0x01] lapic_id[0x00] enabled)\nACPI: LAPIC (acpi_id[0x02] lapic_id[0x01] enabled)\nACPI: LAPIC (acpi_id[0x03] lapic_id[0x82] disabled)\nACPI: LAPIC (acpi_id[0x04] lapic_id[0x83] disabled)\nACPI: LAPIC_NMI (acpi_id[0xff] dfl dfl lint[0x1])\nACPI: IOAPIC (id[0x02] address[0xfec00000] gsi_base[0])\nIOAPIC[0]: apic_id 2, version 33, address 0xfec00000, GSI 0-23\nACPI: INT_SRC_OVR (bus 0 bus_irq 0 global_irq 2 dfl dfl)\nACPI: INT_SRC_OVR (bus 0 bus_irq 9 global_irq 9 low level)\nACPI: IRQ0 used by override.\nACPI: IRQ2 used by override.\nACPI: IRQ9 used by override.\nUsing ACPI (MADT) for SMP configuration information\nACPI: HPET id: 0x8300 base: 0xfed00000\nSMP: Allowing 4 CPUs, 2 hotplug CPUs\nnr_irqs_gsi: 24\nPM: Registered nosave memory: 0000000000093000 - 00000000000a0000\nPM: Registered nosave memory: 00000000000a0000 - 00000000000e2000\nPM: Registered nosave memory: 00000000000e2000 - 0000000000100000\nAllocating PCI resources starting at 38000000 (gap: 38000000:a8000000)\nBooting paravirtualized kernel on bare hardware\nsetup_percpu: NR_CPUS:256 nr_cpumask_bits:256 nr_cpu_ids:4 nr_node_ids:1\nPERCPU: Embedded 30 pages/cpu @ffff880001e00000 s90520 r8192 d24168 u524288\npcpu-alloc: s90520 r8192 d24168 u524288 alloc=1*2097152\npcpu-alloc: [0] 0 1 2 3 \nBuilt 1 zonelists in Node order, mobility grouping on.  Total pages: 224043\nPolicy zone: DMA32\nKernel command line: initrd=/ubninit root=UUID=226D-7DDC rootfstype=auto ro liveimg quiet  rhgb rd_NO_LUKS rd_NO_MD BOOT_IMAGE=/ubnkern \nPID hash table entries: 4096 (order: 3, 32768 bytes)\nChecking aperture...\nNo AGP bridge found\nNode 0: aperture @ 7f6000000 size 32 MB\nAperture beyond 4GB. Ignoring.\nMemory: 868132k/909504k available (4295k kernel code, 436k absent, 40936k reserved, 7535k data, 756k init)\nSLUB: Genslabs=14, HWalign=64, Order=0-3, MinObjects=0, CPUs=4, Nodes=1\nHierarchical RCU implementation.\nNR_IRQS:4352 nr_irqs:440\nExtended CMOS year: 2000\nConsole: colour VGA+ 80x25\nconsole [tty0] enabled\nallocated 9175040 bytes of page_cgroup\nplease try 'cgroup_disable=memory' option if you don't want memory cgroups\nhpet clockevent registered\nFast TSC calibration using PIT\nDetected 1297.800 MHz processor.\nCalibrating delay loop (skipped), value calculated using timer frequency.. 2595.59 BogoMIPS (lpj=1297799)\nSecurity Framework initialized\nSELinux:  Initializing.\nSELinux:  Starting in permissive mode\nDentry cache hash table entries: 131072 (order: 8, 1048576 bytes)\nInode-cache hash table entries: 65536 (order: 7, 524288 bytes)\nMount-cache hash table entries: 256\nInitializing cgroup subsys debug\nInitializing cgroup subsys ns\nInitializing cgroup subsys cpuacct\nInitializing cgroup subsys memory\nInitializing cgroup subsys devices\nInitializing cgroup subsys freezer\nInitializing cgroup subsys net_cls\nInitializing cgroup subsys blkio\ntseg: 0000000000\nCPU: Physical Processor ID: 0\nCPU: Processor Core ID: 0\nmce: CPU supports 6 MCE banks\nusing C1E aware idle routine\nPerformance Events: AMD PMU driver.\n.. version:                0\n.. bit width:              48\n.. generic registers:      4\n.. value mask:             0000ffffffffffff\n.. max period:             00007fffffffffff\n.. fixed-purpose events:   0\n.. event mask:             000000000000000f\nACPI: Core revision 20091214\nSetting APIC routing to flat\n.TIMER: vector=0x30 apic1=0 pin1=2 apic2=-1 pin2=-1\nCPU0: AMD Athlon(tm) II Neo N36L Dual-Core Processor stepping 03\nBooting Node   0, Processors  #1\nBrought up 2 CPUs\nTotal of 2 processors activated (5217.26 BogoMIPS).\nSystem has AMD C1E enabled\nSwitch to broadcast mode on CPU1\nsizeof(vma)=176 bytes\nsizeof(page)=56 bytes\nsizeof(inode)=584 bytes\nsizeof(dentry)=192 bytes\nsizeof(ext3inode)=792 bytes\nsizeof(buffer_head)=104 bytes\nsizeof(skbuff)=232 bytes\nsizeof(task_struct)=5968 bytes\nSwitch to broadcast mode on CPU0\ndevtmpfs: initialized\nregulator: core version 0.5\nTime: 22:34:15  Date: 11/20/10\nNET: Registered protocol family 16\nnode 0 link 0: io port [1000, ffffff]\nTOM: 0000000040000000 aka 1024M\nFam 10h mmconf [e0000000, efffffff]\nnode 0 link 0: mmio [a0000, bffff]\nnode 0 link 0: mmio [40000000, dfffffff]\nnode 0 link 0: mmio [e0000000, f7ffffff] ==\u003e [f0000000, f7ffffff]\nnode 0 link 0: mmio [f8000000, fe6fffff]\nnode 0 link 0: mmio [fe700000, fe8fffff]\nnode 0 link 0: mmio [fe900000, ffdfffff]\nbus: [00, 1f] on node 0 link 0\nbus: 00 index 0 io port: [0, ffff]\nbus: 00 index 1 mmio: [a0000, bffff]\nbus: 00 index 2 mmio: [40000000, dfffffff]\nbus: 00 index 3 mmio: [f0000000, fcffffffff]\nACPI: bus type pci registered\nPCI: MMCONFIG for domain 0000 [bus 00-ff] at [mem 0xe0000000-0xefffffff] (base 0xe0000000)\nPCI: MMCONFIG at [mem 0xe0000000-0xefffffff] reserved in E820\nPCI: Using configuration type 1 for base access\nbio: create slab \u003cbio-0\u003e at 0\nACPI: EC: Look up EC in DSDT\n\\_SB_:_OSC evaluation returned wrong type\n_OSC request data:1 7 \nACPI: Executed 2 blocks of module-level executable AML code\nACPI: BIOS _OSI(Linux) query ignored\nACPI: OEMN 0000000037faaeb0 00624 (v01 AMD    NAHP     00000001 INTL 20051117)\nACPI: Interpreter enabled\nACPI: (supports S0 S4 S5)\nACPI: Using IOAPIC for interrupt routing\nACPI: No dock devices found.\nACPI: PCI Root Bridge [PCI0] (0000:00)\npci_root PNP0A08:00: ignoring host bridge windows from ACPI; boot with \"pci=use_crs\" to use them\npci_root PNP0A08:00: host bridge window [io  0x0000-0x0cf7] (ignored)\npci_root PNP0A08:00: host bridge window [io  0x0d00-0xffff] (ignored)\npci_root PNP0A08:00: host bridge window [mem 0x000a0000-0x000bffff] (ignored)\npci_root PNP0A08:00: host bridge window [mem 0x000d0000-0x000dffff] (ignored)\npci_root PNP0A08:00: host bridge window [mem 0x38000000-0xdfffffff] (ignored)\npci_root PNP0A08:00: host bridge window [mem 0xf0000000-0xfebfffff] (ignored)\npci_root PNP0A08:00: host bridge window [mem 0x38000000-0xdfffffff] (ignored)\npci_root PNP0A08:00: host bridge window [mem 0xf0000000-0xffffffff] (ignored)\npci 0000:00:06.0: PME# supported from D0 D3hot D3cold\npci 0000:00:06.0: PME# disabled\npci 0000:00:11.0: reg 10: [io  0xd000-0xd007]\npci 0000:00:11.0: reg 14: [io  0xc000-0xc003]\npci 0000:00:11.0: reg 18: [io  0xb000-0xb007]\npci 0000:00:11.0: reg 1c: [io  0xa000-0xa003]\npci 0000:00:11.0: reg 20: [io  0x9000-0x900f]\npci 0000:00:11.0: reg 24: [mem 0xfe6ffc00-0xfe6fffff]\npci 0000:00:12.0: reg 10: [mem 0xfe6fe000-0xfe6fefff]\npci 0000:00:12.2: reg 10: [mem 0xfe6ff800-0xfe6ff8ff]\npci 0000:00:12.2: supports D1 D2\npci 0000:00:12.2: PME# supported from D0 D1 D2 D3hot\npci 0000:00:12.2: PME# disabled\npci 0000:00:13.0: reg 10: [mem 0xfe6fd000-0xfe6fdfff]\npci 0000:00:13.2: reg 10: [mem 0xfe6ff400-0xfe6ff4ff]\npci 0000:00:13.2: supports D1 D2\npci 0000:00:13.2: PME# supported from D0 D1 D2 D3hot\npci 0000:00:13.2: PME# disabled\npci 0000:00:14.1: reg 10: [io  0x0000-0x0007]\npci 0000:00:14.1: reg 14: [io  0x0000-0x0003]\npci 0000:00:14.1: reg 18: [io  0x0000-0x0007]\npci 0000:00:14.1: reg 1c: [io  0x0000-0x0003]\npci 0000:00:14.1: reg 20: [io  0xff00-0xff0f]\npci 0000:00:16.0: reg 10: [mem 0xfe6fc000-0xfe6fcfff]\npci 0000:00:16.2: reg 10: [mem 0xfe6ff000-0xfe6ff0ff]\npci 0000:00:16.2: supports D1 D2\npci 0000:00:16.2: PME# supported from D0 D1 D2 D3hot\npci 0000:00:16.2: PME# disabled\npci 0000:01:05.0: reg 10: [mem 0xf0000000-0xf7ffffff pref]\npci 0000:01:05.0: reg 14: [io  0xe000-0xe0ff]\npci 0000:01:05.0: reg 18: [mem 0xfe8f0000-0xfe8fffff]\npci 0000:01:05.0: reg 24: [mem 0xfe700000-0xfe7fffff]\npci 0000:01:05.0: supports D1 D2\npci 0000:00:01.0: PCI bridge to [bus 01-01]\npci 0000:00:01.0:   bridge window [io  0xe000-0xefff]\npci 0000:00:01.0:   bridge window [mem 0xfe700000-0xfe8fffff]\npci 0000:00:01.0:   bridge window [mem 0xf0000000-0xf7ffffff 64bit pref]\npci 0000:02:00.0: reg 10: [mem 0xfe9f0000-0xfe9fffff 64bit]\npci 0000:02:00.0: PME# supported from D3hot D3cold\npci 0000:02:00.0: PME# disabled\npci 0000:00:06.0: PCI bridge to [bus 02-02]\npci 0000:00:06.0:   bridge window [mem 0xfe900000-0xfe9fffff]\npci 0000:00:14.4: PCI bridge to [bus 03-03] (subtractive decode)\nACPI: PCI Interrupt Routing Table [\\_SB_.PCI0._PRT]\nACPI: PCI Interrupt Routing Table [\\_SB_.PCI0.P0P1._PRT]\nACPI: PCI Interrupt Routing Table [\\_SB_.PCI0.PCE6._PRT]\nACPI: PCI Interrupt Link [LNKA] (IRQs 4 7 10 11 14 15) *0\nACPI: PCI Interrupt Link [LNKB] (IRQs 4 7 10 11 14 15) *0\nACPI: PCI Interrupt Link [LNKC] (IRQs 4 7 10 11 14 15) *0\nACPI: PCI Interrupt Link [LNKD] (IRQs 4 7 10 11 14 15) *0\nACPI: PCI Interrupt Link [LNKE] (IRQs 4 7 10 11 14 15) *0\nACPI: PCI Interrupt Link [LNKF] (IRQs 4 7 10 11 14 15) *0\nACPI: PCI Interrupt Link [LNKG] (IRQs 4 7 10 11 14 15) *0\nACPI: PCI Interrupt Link [LNKH] (IRQs 4 7 10 11 14 15) *0\nvgaarb: device added: PCI:0000:01:05.0,decodes=io+mem,owns=io+mem,locks=none\nvgaarb: loaded\nSCSI subsystem initialized\nlibata version 3.00 loaded.\nusbcore: registered new interface driver usbfs\nusbcore: registered new interface driver hub\nusbcore: registered new device driver usb\nPCI: Using ACPI for IRQ routing\nPCI: pci_cache_line_size set to 64 bytes\nNetLabel: Initializing\nNetLabel:  domain hash size = 128\nNetLabel:  protocols = UNLABELED CIPSOv4\nNetLabel:  unlabeled traffic allowed by default\nhpet0: at MMIO 0xfed00000, IRQs 2, 8, 0\nhpet0: 3 comparators, 32-bit 14.318180 MHz counter\nSwitching to clocksource tsc\npnp: PnP ACPI init\nACPI: bus type pnp registered\npnp: PnP ACPI: found 11 devices\nACPI: ACPI bus type pnp unregistered\nsystem 00:01: [mem 0x38000000-0x3fffffff] has been reserved\nsystem 00:07: [mem 0xfec00000-0xfec00fff] could not be reserved\nsystem 00:07: [mem 0xfee00000-0xfee00fff] has been reserved\nsystem 00:08: [io  0x04d0-0x04d1] has been reserved\nsystem 00:08: [io  0x040b] has been reserved\nsystem 00:08: [io  0x04d6] has been reserved\nsystem 00:08: [io  0x0c00-0x0c01] has been reserved\nsystem 00:08: [io  0x0c14] has been reserved\nsystem 00:08: [io  0x0c50-0x0c51] has been reserved\nsystem 00:08: [io  0x0c52] has been reserved\nsystem 00:08: [io  0x0c6c] has been reserved\nsystem 00:08: [io  0x0c6f] has been reserved\nsystem 00:08: [io  0x0cd0-0x0cd1] has been reserved\nsystem 00:08: [io  0x0cd2-0x0cd3] has been reserved\nsystem 00:08: [io  0x0cd4-0x0cd5] has been reserved\nsystem 00:08: [io  0x0cd6-0x0cd7] has been reserved\nsystem 00:08: [io  0x0cd8-0x0cdf] has been reserved\nsystem 00:08: [io  0x0800-0x089f] has been reserved\nsystem 00:08: [io  0x0b00-0x0b1f] has been reserved\nsystem 00:08: [io  0x0b20-0x0b3f] has been reserved\nsystem 00:08: [io  0x0900-0x090f] has been reserved\nsystem 00:08: [io  0x0910-0x091f] has been reserved\nsystem 00:08: [io  0xfe00-0xfefe] has been reserved\nsystem 00:08: [mem 0xffb80000-0xffbfffff] has been reserved\nsystem 00:08: [mem 0xfec10000-0xfec1001f] has been reserved\nsystem 00:08: [mem 0xfed80000-0xfed80fff] has been reserved\nsystem 00:09: [mem 0xe0000000-0xefffffff] has been reserved\nsystem 00:0a: [mem 0x00000000-0x0009ffff] could not be reserved\nsystem 00:0a: [mem 0x000e0000-0x000fffff] could not be reserved\nsystem 00:0a: [mem 0x00100000-0x37ffffff] could not be reserved\nsystem 00:0a: [mem 0xfec00000-0xffffffff] could not be reserved\npci 0000:00:01.0: PCI bridge to [bus 01-01]\npci 0000:00:01.0:   bridge window [io  0xe000-0xefff]\npci 0000:00:01.0:   bridge window [mem 0xfe700000-0xfe8fffff]\npci 0000:00:01.0:   bridge window [mem 0xf0000000-0xf7ffffff 64bit pref]\npci 0000:00:06.0: PCI bridge to [bus 02-02]\npci 0000:00:06.0:   bridge window [io  disabled]\npci 0000:00:06.0:   bridge window [mem 0xfe900000-0xfe9fffff]\npci 0000:00:06.0:   bridge window [mem pref disabled]\npci 0000:00:14.4: PCI bridge to [bus 03-03]\npci 0000:00:14.4:   bridge window [io  disabled]\npci 0000:00:14.4:   bridge window [mem disabled]\npci 0000:00:14.4:   bridge window [mem pref disabled]\n  alloc irq_desc for 18 on node 0\n  alloc kstat_irqs on node 0\npci 0000:00:06.0: PCI INT A -\u003e GSI 18 (level, low) -\u003e IRQ 18\npci 0000:00:06.0: setting latency timer to 64\npci_bus 0000:00: resource 0 [io  0x0000-0xffff]\npci_bus 0000:00: resource 1 [mem 0x00000000-0xffffffffffffffff]\npci_bus 0000:01: resource 0 [io  0xe000-0xefff]\npci_bus 0000:01: resource 1 [mem 0xfe700000-0xfe8fffff]\npci_bus 0000:01: resource 2 [mem 0xf0000000-0xf7ffffff 64bit pref]\npci_bus 0000:02: resource 1 [mem 0xfe900000-0xfe9fffff]\npci_bus 0000:03: resource 3 [io  0x0000-0xffff]\npci_bus 0000:03: resource 4 [mem 0x00000000-0xffffffffffffffff]\nNET: Registered protocol family 2\nIP route cache hash table entries: 32768 (order: 6, 262144 bytes)\nTCP established hash table entries: 131072 (order: 9, 2097152 bytes)\nTCP bind hash table entries: 65536 (order: 8, 1048576 bytes)\nTCP: Hash tables configured (established 131072 bind 65536)\nTCP reno registered\nUDP hash table entries: 512 (order: 2, 16384 bytes)\nUDP-Lite hash table entries: 512 (order: 2, 16384 bytes)\nNET: Registered protocol family 1\npci 0000:01:05.0: Boot video device\nPCI: CLS 64 bytes, default 64\nTrying to unpack rootfs image as initramfs...\nFreeing initrd memory: 11676k freed\nIntel PCLMULQDQ-NI instructions are not detected.\naudit: initializing netlink socket (disabled)\ntype=2000 audit(1290292455.456:1): initialized\nHugeTLB registered 2 MB page size, pre-allocated 0 pages\nVFS: Disk quotas dquot_6.5.2\nDquot-cache hash table entries: 512 (order 0, 4096 bytes)\nmsgmni has been set to 1718\nSELinux:  Registering netfilter hooks\nalg: No test for stdrng (krng)\nBlock layer SCSI generic (bsg) driver version 0.4 loaded (major 252)\nio scheduler noop registered\nio scheduler deadline registered\nio scheduler cfq registered (default)\npcieport 0000:00:06.0: setting latency timer to 64\n  alloc irq_desc for 24 on node 0\n  alloc kstat_irqs on node 0\npcieport 0000:00:06.0: irq 24 for MSI/MSI-X\npci_hotplug: PCI Hot Plug PCI Core version: 0.5\npciehp: PCI Express Hot Plug Controller Driver version: 0.4\nacpiphp: ACPI Hot Plug PCI Controller Driver version: 0.5\npci-stub: invalid id string \"\"\ninput: Power Button as /devices/LNXSYSTM:00/LNXSYBUS:00/PNP0C0C:00/input/input0\nACPI: Power Button [PWRB]\ninput: Power Button as /devices/LNXSYSTM:00/LNXPWRBN:00/input/input1\nACPI: Power Button [PWRF]\nACPI: processor limited to max C-state 1\nNon-volatile memory driver v1.3\nLinux agpgart interface v0.103\nSerial: 8250/16550 driver, 4 ports, IRQ sharing enabled\nbrd: module loaded\nloop: module loaded\ninput: \nintosh mouse button emulation as /devices/virtual/input/input2\nahci 0000:00:11.0: version 3.0\n  alloc irq_desc for 19 on node 0\n  alloc kstat_irqs on node 0\nahci 0000:00:11.0: PCI INT A -\u003e GSI 19 (level, low) -\u003e IRQ 19\n  alloc irq_desc for 25 on node 0\n  alloc kstat_irqs on node 0\nahci 0000:00:11.0: irq 25 for MSI/MSI-X\nahci 0000:00:11.0: AHCI 0001.0200 32 slots 4 ports 3 Gbps 0xf impl RAID mode\nahci 0000:00:11.0: flags: 64bit ncq sntf ilck pm led clo pmp pio slum part \nscsi0 : ahci\nscsi1 : ahci\nscsi2 : ahci\nscsi3 : ahci\nata1: SATA max UDMA/133 abar m1024@0xfe6ffc00 port 0xfe6ffd00 irq 25\nata2: SATA max UDMA/133 abar m1024@0xfe6ffc00 port 0xfe6ffd80 irq 25\nata3: SATA max UDMA/133 abar m1024@0xfe6ffc00 port 0xfe6ffe00 irq 25\nata4: SATA max UDMA/133 abar m1024@0xfe6ffc00 port 0xfe6ffe80 irq 25\nFixed MDIO Bus: probed\nehci_hcd: USB 2.0 'Enhanced' Host Controller (EHCI) Driver\n  alloc irq_desc for 17 on node 0\n  alloc kstat_irqs on node 0\nehci_hcd 0000:00:12.2: PCI INT B -\u003e GSI 17 (level, low) -\u003e IRQ 17\nehci_hcd 0000:00:12.2: EHCI Host Controller\nehci_hcd 0000:00:12.2: new USB bus registered, assigned bus number 1\nehci_hcd 0000:00:12.2: debug port 1\nehci_hcd 0000:00:12.2: irq 17, io mem 0xfe6ff800\nehci_hcd 0000:00:12.2: USB 2.0 started, EHCI 1.00\nusb usb1: New USB device found, idVendor=1d6b, idProduct=0002\nusb usb1: New USB device strings: Mfr=3, Product=2, SerialNumber=1\nusb usb1: Product: EHCI Host Controller\nusb usb1: Manufacturer: Linux 2.6.33.3-85.fc13.x86_64 ehci_hcd\nusb usb1: SerialNumber: 0000:00:12.2\nhub 1-0:1.0: USB hub found\nhub 1-0:1.0: 5 ports detected\nehci_hcd 0000:00:13.2: PCI INT B -\u003e GSI 17 (level, low) -\u003e IRQ 17\nehci_hcd 0000:00:13.2: EHCI Host Controller\nehci_hcd 0000:00:13.2: new USB bus registered, assigned bus number 2\nehci_hcd 0000:00:13.2: debug port 1\nehci_hcd 0000:00:13.2: irq 17, io mem 0xfe6ff400\nehci_hcd 0000:00:13.2: USB 2.0 started, EHCI 1.00\nusb usb2: New USB device found, idVendor=1d6b, idProduct=0002\nusb usb2: New USB device strings: Mfr=3, Product=2, SerialNumber=1\nusb usb2: Product: EHCI Host Controller\nusb usb2: Manufacturer: Linux 2.6.33.3-85.fc13.x86_64 ehci_hcd\nusb usb2: SerialNumber: 0000:00:13.2\nhub 2-0:1.0: USB hub found\nhub 2-0:1.0: 5 ports detected\nehci_hcd 0000:00:16.2: PCI INT B -\u003e GSI 17 (level, low) -\u003e IRQ 17\nehci_hcd 0000:00:16.2: EHCI Host Controller\nehci_hcd 0000:00:16.2: new USB bus registered, assigned bus number 3\nehci_hcd 0000:00:16.2: debug port 1\nehci_hcd 0000:00:16.2: irq 17, io mem 0xfe6ff000\nehci_hcd 0000:00:16.2: USB 2.0 started, EHCI 1.00\nusb usb3: New USB device found, idVendor=1d6b, idProduct=0002\nusb usb3: New USB device strings: Mfr=3, Product=2, SerialNumber=1\nusb usb3: Product: EHCI Host Controller\nusb usb3: Manufacturer: Linux 2.6.33.3-85.fc13.x86_64 ehci_hcd\nusb usb3: SerialNumber: 0000:00:16.2\nhub 3-0:1.0: USB hub found\nhub 3-0:1.0: 4 ports detected\nohci_hcd: USB 1.1 'Open' Host Controller (OHCI) Driver\nohci_hcd 0000:00:12.0: PCI INT A -\u003e GSI 18 (level, low) -\u003e IRQ 18\nohci_hcd 0000:00:12.0: OHCI Host Controller\nohci_hcd 0000:00:12.0: new USB bus registered, assigned bus number 4\nohci_hcd 0000:00:12.0: irq 18, io mem 0xfe6fe000\nusb usb4: New USB device found, idVendor=1d6b, idProduct=0001\nusb usb4: New USB device strings: Mfr=3, Product=2, SerialNumber=1\nusb usb4: Product: OHCI Host Controller\nusb usb4: Manufacturer: Linux 2.6.33.3-85.fc13.x86_64 ohci_hcd\nusb usb4: SerialNumber: 0000:00:12.0\nhub 4-0:1.0: USB hub found\nhub 4-0:1.0: 5 ports detected\nohci_hcd 0000:00:13.0: PCI INT A -\u003e GSI 18 (level, low) -\u003e IRQ 18\nohci_hcd 0000:00:13.0: OHCI Host Controller\nohci_hcd 0000:00:13.0: new USB bus registered, assigned bus number 5\nohci_hcd 0000:00:13.0: irq 18, io mem 0xfe6fd000\nusb usb5: New USB device found, idVendor=1d6b, idProduct=0001\nusb usb5: New USB device strings: Mfr=3, Product=2, SerialNumber=1\nusb usb5: Product: OHCI Host Controller\nusb usb5: Manufacturer: Linux 2.6.33.3-85.fc13.x86_64 ohci_hcd\nusb usb5: SerialNumber: 0000:00:13.0\nhub 5-0:1.0: USB hub found\nhub 5-0:1.0: 5 ports detected\nohci_hcd 0000:00:16.0: PCI INT A -\u003e GSI 18 (level, low) -\u003e IRQ 18\nohci_hcd 0000:00:16.0: OHCI Host Controller\nohci_hcd 0000:00:16.0: new USB bus registered, assigned bus number 6\nohci_hcd 0000:00:16.0: irq 18, io mem 0xfe6fc000\nusb usb6: New USB device found, idVendor=1d6b, idProduct=0001\nusb usb6: New USB device strings: Mfr=3, Product=2, SerialNumber=1\nusb usb6: Product: OHCI Host Controller\nusb usb6: Manufacturer: Linux 2.6.33.3-85.fc13.x86_64 ohci_hcd\nusb usb6: SerialNumber: 0000:00:16.0\nhub 6-0:1.0: USB hub found\nhub 6-0:1.0: 4 ports detected\nuhci_hcd: USB Universal Host Controller Interface driver\nPNP: No PS/2 controller found. Probing ports directly.\nmice: PS/2 mouse device common for all mice\nrtc_cmos 00:03: RTC can wake from S4\nrtc_cmos 00:03: rtc core: registered rtc_cmos as rtc0\nrtc0: alarms up to one month, y3k, 114 bytes nvram, hpet irqs\ndevice-mapper: uevent: version 1.0.3\ndevice-mapper: ioctl: 4.17.0-ioctl (2010-03-05) initialised: dm-devel@redhat.com\ncpuidle: using governor ladder\ncpuidle: using governor menu\nusbcore: registered new interface driver hiddev\nusbcore: registered new interface driver usbhid\nusbhid: USB HID core driver\nnf_conntrack version 0.5.0 (6873 buckets, 27492 max)\nCONFIG_NF_CT_ACCT is deprecated and will be removed soon. Please use\nnf_conntrack.acct=1 kernel parameter, acct=1 nf_conntrack module option or\nsysctl net.netfilter.nf_conntrack_acct=1 to enable it.\nip_tables: (C) 2000-2006 Netfilter Core Team\nTCP cubic registered\nInitializing XFRM netlink socket\nNET: Registered protocol family 17\nPM: Resume from disk failed.\nregistered taskstats version 1\nNo TPM chip found, activating TPM-bypass!\n  Magic number: 2:897:603\nrtc_cmos 00:03: setting system clock to 2010-11-20 22:34:16 UTC (1290292456)\nInitalizing network drop monitor service\nata2: SATA link down (SStatus 0 SControl 300)\nusb 1-3: new high speed USB device using ehci_hcd and address 3\nata3: SATA link up 3.0 Gbps (SStatus 123 SControl 300)\nata4: SATA link up 3.0 Gbps (SStatus 123 SControl 300)\nata1: SATA link up 3.0 Gbps (SStatus 123 SControl 300)\nata1.00: failed to enable AA(error_mask=0x1)\nata1.00: ATA-8: VB0160EAVEQ, HPG0, max UDMA/100\nata1.00: 312581808 sectors, multi 0: LBA48 NCQ (depth 31/32)\nata1.00: failed to enable AA(error_mask=0x1)\nata1.00: configured for UDMA/100\nata3.00: ATA-7: SAMSUNG HD154UI, 1AG01118, max UDMA7\nata3.00: 2930277168 sectors, multi 0: LBA48 NCQ (depth 31/32), AA\nata4.00: ATA-7: SAMSUNG HD154UI, 1AG01118, max UDMA7\nata4.00: 2930277168 sectors, multi 0: LBA48 NCQ (depth 31/32), AA\nscsi 0:0:0:0: Direct-Access     ATA      VB0160EAVEQ      HPG0 PQ: 0 ANSI: 5\nata3.00: configured for UDMA/133\nsd 0:0:0:0: Attached scsi generic sg0 type 0\nsd 0:0:0:0: [sda] 312581808 512-byte logical blocks: (160 GB/149 GiB)\nsd 0:0:0:0: [sda] Write Protect is off\nsd 0:0:0:0: [sda] Mode Sense: 00 3a 00 00\nsd 0:0:0:0: [sda] Write cache: enabled, read cache: enabled, doesn't support DPO or FUA\n sda:\nata4.00: configured for UDMA/133\nusb 1-3: New USB device found, idVendor=058f, idProduct=6362\nusb 1-3: New USB device strings: Mfr=1, Product=2, SerialNumber=3\nusb 1-3: Product: Mass Storage Device\nusb 1-3: Manufacturer: Generic\nusb 1-3: SerialNumber: 058F312D81B1\nscsi 2:0:0:0: Direct-Access     ATA      SAMSUNG HD154UI  1AG0 PQ: 0 ANSI: 5\nsd 2:0:0:0: Attached scsi generic sg1 type 0\nsd 2:0:0:0: [sdb] 2930277168 512-byte logical blocks: (1.50 TB/1.36 TiB)\nsd 2:0:0:0: [sdb] Write Protect is off\nsd 2:0:0:0: [sdb] Mode Sense: 00 3a 00 00\nsd 2:0:0:0: [sdb] Write cache: enabled, read cache: enabled, doesn't support DPO or FUA\n sdb:\nscsi 3:0:0:0: Direct-Access     ATA      SAMSUNG HD154UI  1AG0 PQ: 0 ANSI: 5\nsd 3:0:0:0: Attached scsi generic sg2 type 0\nsd 3:0:0:0: [sdc] 2930277168 512-byte logical blocks: (1.50 TB/1.36 TiB)\nsd 3:0:0:0: [sdc] Write Protect is off\nsd 3:0:0:0: [sdc] Mode Sense: 00 3a 00 00\nsd 3:0:0:0: [sdc] Write cache: enabled, read cache: enabled, doesn't support DPO or FUA\n sdc: unknown partition table\nsd 2:0:0:0: [sdb] Attached SCSI disk\n unknown partition table\nsd 0:0:0:0: [sda] Attached SCSI disk\n unknown partition table\nsd 3:0:0:0: [sdc] Attached SCSI disk\nFreeing unused kernel memory: 756k freed\nWrite protecting the kernel read-only data: 10240k\nFreeing unused kernel memory: 1828k freed\nFreeing unused kernel memory: 1960k freed\ndracut: dracut-005-3.fc13\ndracut: rd_NO_LUKS: removing cryptoluks activation\ndracut: root was live:/dev/disk/by-uuid/226D-7DDC, liveroot is now live:UUID=226D-7DDC\nudev: starting version 151\n[drm] Initialized drm 1.1.0 20060810\n[drm] radeon defaulting to kernel modesetting.\n[drm] radeon kernel modesetting enabled.\nradeon 0000:01:05.0: PCI INT A -\u003e GSI 18 (level, low) -\u003e IRQ 18\nradeon 0000:01:05.0: setting latency timer to 64\n[drm] radeon: Initializing kernel modesetting.\n[drm] register mmio base: 0xFE8F0000\n[drm] register mmio size: 65536\nATOM BIOS: AMD_1407_150\n[drm] Clocks initialized !\n[drm] Detected VRAM RAM=128M, BAR=128M\n[drm] RAM width 32bits DDR\n[TTM] Zone  kernel: Available graphics memory: 442178 kiB.\n[ttm] Initializing pool allocator.\n[drm] radeon: 128M of VRAM memory ready\n[drm] radeon: 512M of GTT memory ready.\n[drm] radeon: irq initialized.\n[drm] GART: num cpu pages 131072, num gpu pages 131072\n[drm] Loading RS780 Microcode\nplatform radeon_cp.0: firmware: requesting radeon/RS780_pfp.bin\nplatform radeon_cp.0: firmware: requesting radeon/RS780_me.bin\nplatform radeon_cp.0: firmware: requesting radeon/R600_rlc.bin\nusb 4-2: new low speed USB device using ohci_hcd and address 2\n[drm] ring test succeeded in 0 usecs\n[drm] radeon: ib pool ready.\n[drm] ib test succeeded in 0 usecs\n[drm] Enabling audio support\n[drm] Radeon Display Connectors\n[drm] Connector 0:\n[drm]   VGA\n[drm]   DDC: 0x7e40 0x7e40 0x7e44 0x7e44 0x7e48 0x7e48 0x7e4c 0x7e4c\n[drm]   Encoders:\n[drm]     CRT1: INTERNAL_KLDSCP_DAC1\n[drm] fb mappable at 0xF0141000\n[drm] vram apper at 0xF0000000\n[drm] size 5242880\n[drm] fb depth is 24\n[drm]    pitch is 5120\nfbcon: radeondrmfb (fb0) is primary device\nusb 4-2: New USB device found, idVendor=04d9, idProduct=1203\nusb 4-2: New USB device strings: Mfr=0, Product=0, Number=0\ninput: HID 04d9:1203 as /devices/pci0000:00/0000:00:12.0/usb4/4-2/4-2:1.0/input/input3\ngeneric-usb 0003:04D9:1203.0001: input,hidraw0: USB HID v1.11 Keyboard [HID 04d9:1203] on usb-0000:00:12.0-2/input0\nConsole: switching to colour frame buffer device 160x64\ninput: HID 04d9:1203 as /devices/pci0000:00/0000:00:12.0/usb4/4-2/4-2:1.1/input/input4\ngeneric-usb 0003:04D9:1203.0002: input,hidraw1: USB HID v1.11 Device [HID 04d9:1203] on usb-0000:00:12.0-2/input1\nfb0: radeondrmfb frame buffer device\nregistered panic notifier\n[drm] Initialized radeon 2.0.0 20080528 for 0000:01:05.0 on minor 0\ndracut: Starting plymouth daemon\ndracut: rd_NO_MD: removing MD RAID activation\npata_atiixp 0000:00:14.1: PCI INT B -\u003e GSI 17 (level, low) -\u003e IRQ 17\npata_atiixp 0000:00:14.1: setting latency timer to 64\nscsi4 : pata_atiixp\nscsi5 : pata_atiixp\nata5: PATA max UDMA/100 cmd 0x1f0 ctl 0x3f6 bmdma 0xff00 irq 14\nata6: PATA max UDMA/100 cmd 0x170 ctl 0x376 bmdma 0xff08 irq 15\nInitializing USB Mass Storage driver...\nscsi6 : usb-storage 1-3:1.0\nusbcore: registered new interface driver usb-storage\nUSB Mass Storage support registered.\nata5.01: ATAPI: HL-DT-ST DVDRAM GH22NS50, TN02, max UDMA/100\nata5.01: limited to UDMA/33 due to 40-wire cable\nata5.01: configured for UDMA/33\nscsi 4:0:1:0: CD-ROM            HL-DT-ST DVDRAM GH22NS50  TN02 PQ: 0 ANSI: 5\nsr0: scsi3-mmc drive: 48x/48x writer dvd-ram cd/rw xa/form2 cdda tray\nUniform CD-ROM driver Revision: 3.20\nsr 4:0:1:0: Attached scsi CD-ROM sr0\nsr 4:0:1:0: Attached scsi generic sg3 type 5\nscsi 6:0:0:0: Direct-Access     Generic  USB SD Reader    1.00 PQ: 0 ANSI: 0\nscsi 6:0:0:1: Direct-Access     Generic  USB CF Reader    1.01 PQ: 0 ANSI: 0\nscsi 6:0:0:2: Direct-Access     Generic  USB SM Reader    1.02 PQ: 0 ANSI: 0\nscsi 6:0:0:3: Direct-Access     Generic  USB MS Reader    1.03 PQ: 0 ANSI: 0\nsd 6:0:0:0: Attached scsi generic sg4 type 0\nsd 6:0:0:1: Attached scsi generic sg5 type 0\nsd 6:0:0:2: Attached scsi generic sg6 type 0\nsd 6:0:0:3: Attached scsi generic sg7 type 0\nsd 6:0:0:0: [sdd] Attached SCSI removable disk\nsd 6:0:0:3: [sdg] Attached SCSI removable disk\nsd 6:0:0:2: [sdf] Attached SCSI removable disk\nsd 6:0:0:1: [sde] 2031120 512-byte logical blocks: (1.03 GB/991 MiB)\nsd 6:0:0:1: [sde] Write Protect is off\nsd 6:0:0:1: [sde] Mode Sense: 03 00 00 00\nsd 6:0:0:1: [sde] Assuming drive cache: write through\nsd 6:0:0:1: [sde] Assuming drive cache: write through\n sde: sde1\nsd 6:0:0:1: [sde] Assuming drive cache: write through\nsd 6:0:0:1: [sde] Attached SCSI removable disk\nsquashfs: version 4.0 (2009/01/31) Phillip Lougher\nEXT4-fs (dm-0): mounted filesystem with ordered data mode\ndracut: Mounted root filesystem /dev/mapper/live-rw\ndracut: Loading SELinux policy\ntype=1404 audit(1290292464.023:2): enforcing=1 old_enforcing=0 auid=4294967295 ses=4294967295\nSELinux: 8192 avtab hash slots, 196425 rules.\nSELinux: 8192 avtab hash slots, 196425 rules.\nSELinux:  9 users, 13 roles, 3233 types, 157 bools, 1 sens, 1024 cats\nSELinux:  77 classes, 196425 rules\nSELinux:  Completing initialization.\nSELinux:  Setting up existing superblocks.\nSELinux: initialized (dev dm-0, type ext4), uses xattr\nSELinux: initialized (dev loop2, type squashfs), not configured for labeling\nSELinux: initialized (dev loop0, type squashfs), not configured for labeling\nSELinux: initialized (dev sde1, type vfat), uses genfs_contexts\nSELinux: initialized (dev tmpfs, type tmpfs), uses transition SIDs\nSELinux: initialized (dev securityfs, type securityfs), uses genfs_contexts\nSELinux: initialized (dev usbfs, type usbfs), uses genfs_contexts\nSELinux: initialized (dev selinuxfs, type selinuxfs), uses genfs_contexts\nSELinux: initialized (dev mqueue, type mqueue), uses transition SIDs\nSELinux: initialized (dev hugetlbfs, type hugetlbfs), uses transition SIDs\nSELinux: initialized (dev devpts, type devpts), uses transition SIDs\nSELinux: initialized (dev inotifyfs, type inotifyfs), uses genfs_contexts\nSELinux: initialized (dev anon_inodefs, type anon_inodefs), uses genfs_contexts\nSELinux: initialized (dev pipefs, type pipefs), uses task SIDs\nSELinux: initialized (dev debugfs, type debugfs), uses genfs_contexts\nSELinux: initialized (dev sockfs, type sockfs), uses task SIDs\nSELinux: initialized (dev devtmpfs, type devtmpfs), uses transition SIDs\nSELinux: initialized (dev tmpfs, type tmpfs), uses transition SIDs\nSELinux: initialized (dev proc, type proc), uses genfs_contexts\nSELinux: initialized (dev bdev, type bdev), uses genfs_contexts\nSELinux: initialized (dev rootfs, type rootfs), uses genfs_contexts\nSELinux: initialized (dev sysfs, type sysfs), uses genfs_contexts\ntype=1403 audit(1290292464.442:3): policy loaded auid=4294967295 ses=4294967295\ndracut: Switching root\nreadahead: starting\nudev: starting version 151\ntg3.c:v3.106 (January 12, 2010)\ntg3 0000:02:00.0: PCI INT A -\u003e GSI 18 (level, low) -\u003e IRQ 18\ntg3 0000:02:00.0: setting latency timer to 64\nEDAC MC: Ver: 2.1.0 May  6 2010\nmicrocode: CPU0: patch_level=0x10000c8\nplatform microcode: firmware: requesting amd-ucode/microcode_amd.bin\nEDAC amd64_edac:  Ver: 3.3.0 May  6 2010\npiix4_smbus 0000:00:14.0: SMBus Host Controller at 0xb00, revision 0\neth0: Tigon3 [partno(BCM95723) rev 5784100] (PCI Express) MAC address \neth0: attached PHY is 5784 (10/100/1000Base-T Ethernet) (WireSpeed[1])\neth0: RXcsums[1] LinkChgREG[0] MIirq[0] ASF[0] TSOcap[1]\neth0: dma_rwctrl[76180000] dma_mask[64-bit]\nshpchp: Standard Hot Plug PCI Controller Driver version: 0.4\nEDAC amd64: ECC is enabled by BIOS.\nEDAC MC: F10h CPU detected\nEDAC MC: DCT0 chip selects:\nEDAC MC:  0:  1024MB 1:     0MB\nEDAC MC:  2:     0MB 3:     0MB\nEDAC MC:  4:     0MB 5:     0MB\nEDAC MC:  6:     0MB 7:     0MB\nEDAC MC: DCT1 chip selects:\nEDAC MC:  0:     0MB 1:     0MB\nEDAC MC:  2:     0MB 3:     0MB\nEDAC MC:  4:     0MB 5:     0MB\nEDAC MC:  6:     0MB 7:     0MB\nEDAC MC0: Giving out device to 'amd64_edac' 'Family 10h': DEV 0000:00:18.2\nEDAC PCI0: Giving out device to module 'amd64_edac' controller 'EDAC PCI controller': DEV '0000:00:18.2' (POLLED)\nmicrocode: CPU1: patch_level=0x10000c8\nplatform microcode: firmware: requesting amd-ucode/microcode_amd.bin\nmicrocode: Microcode Update Driver: v2.00 \u003ctigran@aivazian.fsnet.co.uk\u003e, Peter Oruba\ntype=1400 audit(1290310467.337:4): avc:  denied  { mmap_zero } for  pid=959 comm=\"vbetool\" scontext=system_u:system_r:vbetool_t:s0-s0:c0.c1023 tcontext=system_u:system_r:vbetool_t:s0-s0:c0.c1023 tclass=memprotect\nmicrocode: AMD microcode update via /dev/cpu/microcode not supported\nmicrocode: AMD microcode update via /dev/cpu/microcode not supported\nmicrocode: AMD microcode update via /dev/cpu/microcode not supported\nmicrocode: AMD microcode update via /dev/cpu/microcode not supported\nmicrocode: AMD microcode update via /dev/cpu/microcode not supported\nSELinux: initialized (dev binfmt_misc, type binfmt_misc), uses genfs_contexts\nSELinux: initialized (dev tmpfs, type tmpfs), uses transition SIDs\nSELinux: initialized (dev tmpfs, type tmpfs), uses transition SIDs\nSELinux: initialized (dev tmpfs, type tmpfs), uses transition SIDs\nNET: Registered protocol family 10\nlo: Disabled Privacy Extensions\nip6_tables: (C) 2000-2006 Netfilter Core Team\npowernow-k8: Found 1 AMD Athlon(tm) II Neo N36L Dual-Core Processor processors (2 cpu cores) (version 2.20.00)\npowernow-k8:    0 : pstate 0 (1300 MHz)\npowernow-k8:    1 : pstate 1 (1100 MHz)\npowernow-k8:    2 : pstate 2 (800 MHz)\n  alloc irq_desc for 26 on node 0\n  alloc kstat_irqs on node 0\ntg3 0000:02:00.0: irq 26 for MSI/MSI-X\nADDRCONF(NETDEV_UP): eth0: link is not ready\nRPC: Registered udp transport module.\nRPC: Registered tcp transport module.\nRPC: Registered tcp NFSv4.1 backchannel transport module.\nSELinux: initialized (dev rpc_pipefs, type rpc_pipefs), uses genfs_contexts\ntg3: eth0: Link is up at 100 Mbps, full duplex.\ntg3: eth0: Flow control is off for TX and off for RX.\nADDRCONF(NETDEV_CHANGE): eth0: link becomes ready\ntg3: eth0: Link is down.\ntg3: eth0: Link is up at 100 Mbps, full duplex.\ntg3: eth0: Flow control is off for TX and off for RX.\neth0: no IPv6 routers present\nusb 4-1: new low speed USB device using ohci_hcd and address 3\nusb 4-1: New USB device found, idVendor=045e, idProduct=00e1\nusb 4-1: New USB device strings: Mfr=1, Product=2, SerialNumber=0\nusb 4-1: Product: Microsoft Wireless Optical Mouse¬Æ 1.00\nusb 4-1: Manufacturer: Microsoft\ninput: Microsoft Microsoft Wireless Optical Mouse¬Æ 1.00 as /devices/pci0000:00/0000:00:12.0/usb4/4-1/4-1:1.0/input/input5\ngeneric-usb 0003:045E:00E1.0003: input,hidraw2: USB HID v1.11 Mouse [Microsoft Microsoft Wireless Optical Mouse¬Æ 1.00] on usb-0000:00:12.0-1/input0\ntg3: eth0: Link is down.\ntg3: eth0: Link is up at 100 Mbps, full duplex.\ntg3: eth0: Flow control is off for TX and off for RX.\n\n\nlscpu\n\n\nArchitecture:          x86_64\nCPU op-mode(s):        64-bit\nCPU(s):                2\nThread(s) per core:    1\nCore(s) per socket:    2\nCPU socket(s):         1\nNUMA node(s):          1\nVendor ID:             AuthenticAMD\nCPU family:            16\nModel:                 6\nStepping:              3\nCPU MHz:               800.000\nVirtualization:        AMD-V\nL1d cache:             64K\nL1i cache:             64K\nL2 cache:              1024K\n\nHow-To-Repeat: Try installing FreeBSD"
}