{
 "id": 736643,
 "bug_id": 183424,
 "attachment_id": 0,
 "creation_time": "2013-10-29T00:00:00Z",
 "creator": "shawn.wallbridge@imaginaryforces.com",
 "text": "Machine has kernel panic'ed around 6 or 7  times now. Each time with the same Panic.\n\nPanic String: handle_workitem_remove: bad file delta\n\nI have 6 core dumps to work with. \n\nIt's a pretty plain file server, NFS and Samba (mostly NFS). No fancy config, just 72TB off of a 3Ware controller.\n\ndmesg:\n\nroot@mercury:/var/crash # dmesg\nCopyright (c) 1992-2013 The FreeBSD Project.\nCopyright (c) 1979, 1980, 1983, 1986, 1988, 1989, 1991, 1992, 1993, 1994\n\tThe Regents of the University of California. All rights reserved.\nFreeBSD is a registered trademark of The FreeBSD Foundation.\nFreeBSD 9.2-RELEASE #0 r255898: Thu Sep 26 22:50:31 UTC 2013\n    root@bake.isc.freebsd.org:/usr/obj/usr/src/sys/GENERIC amd64\ngcc version 4.2.1 20070831 patched [FreeBSD]\nCPU: Intel(R) Xeon(R) CPU           E5620  @ 2.40GHz (2400.13-MHz K8-class CPU)\n  Origin = \"GenuineIntel\"  Id = 0x206c2  Family = 0x6  Model = 0x2c  Stepping = 2\n  Features=0xbfebfbff\u003cFPU,VME,DE,PSE,TSC,MSR,PAE,MCE,CX8,APIC,SEP,MTRR,PGE,MCA,CMOV,PAT,PSE36,CLFLUSH,DTS,ACPI,MMX,FXSR,SSE,SSE2,SS,HTT,TM,PBE\u003e\n  Features2=0x9ee3fd\u003cSSE3,DTES64,MON,DS_CPL,VMX,SMX,EST,TM2,SSSE3,CX16,xTPR,PDCM,PCID,DCA,SSE4.1,SSE4.2,POPCNT\u003e\n  AMD Features=0x2c100800\u003cSYSCALL,NX,Page1GB,RDTSCP,LM\u003e\n  AMD Features2=0x1\u003cLAHF\u003e\n  TSC: P-state invariant, performance statistics\nreal memory  = 34363932672 (32772 MB)\navail memory = 33145389056 (31609 MB)\nEvent timer \"LAPIC\" quality 600\nACPI APIC Table: \u003c123011 APIC1930\u003e\nFreeBSD/SMP: Multiprocessor System Detected: 16 CPUs\nFreeBSD/SMP: 2 package(s) x 4 core(s) x 2 SMT threads\n cpu0 (BSP): APIC ID:  0\n cpu1 (AP): APIC ID:  1\n cpu2 (AP): APIC ID:  2\n cpu3 (AP): APIC ID:  3\n cpu4 (AP): APIC ID: 18\n cpu5 (AP): APIC ID: 19\n cpu6 (AP): APIC ID: 20\n cpu7 (AP): APIC ID: 21\n cpu8 (AP): APIC ID: 32\n cpu9 (AP): APIC ID: 33\n cpu10 (AP): APIC ID: 34\n cpu11 (AP): APIC ID: 35\n cpu12 (AP): APIC ID: 50\n cpu13 (AP): APIC ID: 51\n cpu14 (AP): APIC ID: 52\n cpu15 (AP): APIC ID: 53\nioapic0: Changing APIC ID to 6\nioapic0 \u003cVersion 2.0\u003e irqs 0-23 on motherboard\nkbd1 at kbdmux0\nacpi0: \u003cSMCI \u003e on motherboard\nacpi0: Power Button (fixed)\nacpi0: reservation of 400, 100 (3) failed\ncpu0: \u003cACPI CPU\u003e on acpi0\ncpu1: \u003cACPI CPU\u003e on acpi0\ncpu2: \u003cACPI CPU\u003e on acpi0\ncpu3: \u003cACPI CPU\u003e on acpi0\ncpu4: \u003cACPI CPU\u003e on acpi0\ncpu5: \u003cACPI CPU\u003e on acpi0\ncpu6: \u003cACPI CPU\u003e on acpi0\ncpu7: \u003cACPI CPU\u003e on acpi0\ncpu8: \u003cACPI CPU\u003e on acpi0\ncpu9: \u003cACPI CPU\u003e on acpi0\ncpu10: \u003cACPI CPU\u003e on acpi0\ncpu11: \u003cACPI CPU\u003e on acpi0\ncpu12: \u003cACPI CPU\u003e on acpi0\ncpu13: \u003cACPI CPU\u003e on acpi0\ncpu14: \u003cACPI CPU\u003e on acpi0\ncpu15: \u003cACPI CPU\u003e on acpi0\nattimer0: \u003cAT timer\u003e port 0x40-0x43 irq 0 on acpi0\nTimecounter \"i8254\" frequency 1193182 Hz quality 0\nEvent timer \"i8254\" frequency 1193182 Hz quality 100\natrtc0: \u003cAT realtime clock\u003e port 0x70-0x71 irq 8 on acpi0\nEvent timer \"RTC\" frequency 32768 Hz quality 0\nhpet0: \u003cHigh Precision Event Timer\u003e iomem 0xfed00000-0xfed003ff on acpi0\nTimecounter \"HPET\" frequency 14318180 Hz quality 950\nEvent timer \"HPET\" frequency 14318180 Hz quality 450\nEvent timer \"HPET1\" frequency 14318180 Hz quality 440\nEvent timer \"HPET2\" frequency 14318180 Hz quality 440\nEvent timer \"HPET3\" frequency 14318180 Hz quality 440\nTimecounter \"ACPI-fast\" frequency 3579545 Hz quality 900\nacpi_timer0: \u003c24-bit timer at 3.579545MHz\u003e port 0x808-0x80b on acpi0\npcib0: \u003cACPI Host-PCI bridge\u003e port 0xcf8-0xcff iomem 0xfed40000-0xfed44fff on acpi0\npci0: \u003cACPI PCI bus\u003e on pcib0\npcib1: \u003cACPI PCI-PCI bridge\u003e at device 1.0 on pci0\npci1: \u003cACPI PCI bus\u003e on pcib1\nigb0: \u003cIntel(R) PRO/1000 Network Connection version - 2.3.10\u003e port 0xcc00-0xcc1f mem 0xfbbe0000-0xfbbfffff,0xfbbc0000-0xfbbdffff,0xfbb9c000-0xfbb9ffff irq 16 at device 0.0 on pci1\nigb0: Using MSIX interrupts with 9 vectors\nigb0: Ethernet address: 00:25:90:92:a4:26\nigb0: Bound queue 0 to cpu 0\nigb0: Bound queue 1 to cpu 1\nigb0: Bound queue 2 to cpu 2\nigb0: Bound queue 3 to cpu 3\nigb0: Bound queue 4 to cpu 4\nigb0: Bound queue 5 to cpu 5\nigb0: Bound queue 6 to cpu 6\nigb0: Bound queue 7 to cpu 7\nigb1: \u003cIntel(R) PRO/1000 Network Connection version - 2.3.10\u003e port 0xc880-0xc89f mem 0xfbb60000-0xfbb7ffff,0xfbb40000-0xfbb5ffff,0xfbb1c000-0xfbb1ffff irq 17 at device 0.1 on pci1\nigb1: Using MSIX interrupts with 9 vectors\nigb1: Ethernet address: 00:25:90:92:a4:27\nigb1: Bound queue 0 to cpu 8\nigb1: Bound queue 1 to cpu 9\nigb1: Bound queue 2 to cpu 10\nigb1: Bound queue 3 to cpu 11\nigb1: Bound queue 4 to cpu 12\nigb1: Bound queue 5 to cpu 13\nigb1: Bound queue 6 to cpu 14\nigb1: Bound queue 7 to cpu 15\npcib2: \u003cACPI PCI-PCI bridge\u003e at device 3.0 on pci0\npci2: \u003cACPI PCI bus\u003e on pcib2\npcib3: \u003cACPI PCI-PCI bridge\u003e at device 7.0 on pci0\npci3: \u003cACPI PCI bus\u003e on pcib3\npcib4: \u003cACPI PCI-PCI bridge\u003e at device 9.0 on pci0\npci4: \u003cACPI PCI bus\u003e on pcib4\nLSI 3ware device driver for SAS/SATA storage controllers, version: 10.80.00.005\ntws0: \u003cLSI 3ware SAS/SATA Storage Controller\u003e port 0xd800-0xd8ff mem 0xfbc9c000-0xfbc9ffff,0xfbcc0000-0xfbcfffff irq 16 at device 0.0 on pci4\ntws0: Using legacy INTx\ntws0: Controller details: Model 9750-24i4e, 28 Phys, Firmware FH9X 5.12.00.007, BIOS BE9X 5.11.00.006\npci0: \u003cbase peripheral, interrupt controller\u003e at device 20.0 (no driver attached)\npci0: \u003cbase peripheral\u003e at device 22.0 (no driver attached)\npci0: \u003cbase peripheral\u003e at device 22.1 (no driver attached)\npci0: \u003cbase peripheral\u003e at device 22.2 (no driver attached)\npci0: \u003cbase peripheral\u003e at device 22.3 (no driver attached)\npci0: \u003cbase peripheral\u003e at device 22.4 (no driver attached)\npci0: \u003cbase peripheral\u003e at device 22.5 (no driver attached)\npci0: \u003cbase peripheral\u003e at device 22.6 (no driver attached)\npci0: \u003cbase peripheral\u003e at device 22.7 (no driver attached)\nuhci0: \u003cIntel 82801JI (ICH10) USB controller USB-D\u003e port 0xac00-0xac1f irq 16 at device 26.0 on pci0\nuhci0: LegSup = 0x2f00\nusbus0 on uhci0\nuhci1: \u003cIntel 82801JI (ICH10) USB controller USB-E\u003e port 0xa880-0xa89f irq 21 at device 26.1 on pci0\nuhci1: LegSup = 0x2f00\nusbus1 on uhci1\nuhci2: \u003cIntel 82801JI (ICH10) USB controller USB-F\u003e port 0xa800-0xa81f irq 19 at device 26.2 on pci0\nuhci2: LegSup = 0x2f00\nusbus2 on uhci2\nehci0: \u003cIntel 82801JI (ICH10) USB 2.0 controller USB-B\u003e mem 0xfbeda000-0xfbeda3ff irq 18 at device 26.7 on pci0\nusbus3: EHCI version 1.0\nusbus3 on ehci0\nhdac0: \u003cIntel 82801JI HDA Controller\u003e mem 0xfbed4000-0xfbed7fff irq 22 at device 27.0 on pci0\npcib5: \u003cACPI PCI-PCI bridge\u003e irq 17 at device 28.0 on pci0\npci5: \u003cACPI PCI bus\u003e on pcib5\natapci0: \u003cJMicron JMB368 UDMA133 controller\u003e port 0xe400-0xe407,0xec00-0xec03,0xe880-0xe887,0xe800-0xe803,0xe480-0xe48f irq 16 at device 0.0 on pci5\nata2: \u003cATA channel\u003e at channel 0 on atapci0\nuhci3: \u003cIntel 82801JI (ICH10) USB controller USB-A\u003e port 0xa480-0xa49f irq 23 at device 29.0 on pci0\nuhci3: LegSup = 0x2f00\nusbus4 on uhci3\nuhci4: \u003cIntel 82801JI (ICH10) USB controller USB-B\u003e port 0xa400-0xa41f irq 19 at device 29.1 on pci0\nuhci4: LegSup = 0x2f00\nusbus5 on uhci4\nuhci5: \u003cIntel 82801JI (ICH10) USB controller USB-C\u003e port 0xa080-0xa09f irq 18 at device 29.2 on pci0\nuhci5: LegSup = 0x2f00\nusbus6 on uhci5\nehci1: \u003cIntel 82801JI (ICH10) USB 2.0 controller USB-A\u003e mem 0xfbed8000-0xfbed83ff irq 23 at device 29.7 on pci0\nusbus7: EHCI version 1.0\nusbus7 on ehci1\npcib6: \u003cACPI PCI-PCI bridge\u003e at device 30.0 on pci0\npci6: \u003cACPI PCI bus\u003e on pcib6\nvgapci0: \u003cVGA-compatible display\u003e mem 0xf9000000-0xf9ffffff,0xfaffc000-0xfaffffff,0xfb000000-0xfb7fffff irq 16 at device 4.0 on pci6\npci6: \u003cserial bus, FireWire\u003e at device 5.0 (no driver attached)\nisab0: \u003cPCI-ISA bridge\u003e at device 31.0 on pci0\nisa0: \u003cISA bus\u003e on isab0\nahci0: \u003cIntel ICH8 AHCI SATA controller\u003e port 0x9480-0x9487,0xa000-0xa003,0x9c00-0x9c07,0x9880-0x9883,0x9800-0x981f mem 0xfbed2000-0xfbed27ff irq 19 at device 31.2 on pci0\nahci0: AHCI v1.20 with 6 3Gbps ports, Port Multiplier not supported\nahcich0: \u003cAHCI channel\u003e at channel 0 on ahci0\nahcich1: \u003cAHCI channel\u003e at channel 1 on ahci0\nahcich2: \u003cAHCI channel\u003e at channel 2 on ahci0\nahcich3: \u003cAHCI channel\u003e at channel 3 on ahci0\nahcich4: \u003cAHCI channel\u003e at channel 4 on ahci0\nahcich5: \u003cAHCI channel\u003e at channel 5 on ahci0\npci0: \u003cserial bus, SMBus\u003e at device 31.3 (no driver attached)\npcib7: \u003cACPI Host-PCI bridge\u003e on acpi0\npci128: \u003cACPI PCI bus\u003e on pcib7\npcib8: \u003cPCI-PCI bridge\u003e at device 0.0 on pci128\npci129: \u003cPCI bus\u003e on pcib8\npcib9: \u003cACPI PCI-PCI bridge\u003e at device 1.0 on pci128\npci130: \u003cACPI PCI bus\u003e on pcib9\npcib10: \u003cACPI PCI-PCI bridge\u003e at device 3.0 on pci128\npci131: \u003cACPI PCI bus\u003e on pcib10\npcib11: \u003cACPI PCI-PCI bridge\u003e at device 5.0 on pci128\npci132: \u003cACPI PCI bus\u003e on pcib11\npcib12: \u003cACPI PCI-PCI bridge\u003e at device 7.0 on pci128\npci133: \u003cACPI PCI bus\u003e on pcib12\npcib13: \u003cPCI-PCI bridge\u003e at device 0.0 on pci133\npci134: \u003cPCI bus\u003e on pcib13\npcib14: \u003cPCI-PCI bridge\u003e at device 2.0 on pci134\npci135: \u003cPCI bus\u003e on pcib14\nmxge0: \u003cMyri10G-PCIE-8B\u003e mem 0xf6000000-0xf6ffffff,0xf8d00000-0xf8dfffff irq 18 at device 0.0 on pci135\nmxge0: Ethernet address: 00:60:dd:44:aa:da\npcib15: \u003cPCI-PCI bridge\u003e at device 4.0 on pci134\npci136: \u003cPCI bus\u003e on pcib15\nmxge1: \u003cMyri10G-PCIE-8B\u003e mem 0xf7000000-0xf7ffffff,0xf8f00000-0xf8ffffff irq 16 at device 0.0 on pci136\nmxge1: Ethernet address: 00:60:dd:44:aa:db\npci128: \u003cbase peripheral, interrupt controller\u003e at device 20.0 (no driver attached)\npci128: \u003cbase peripheral, interrupt controller\u003e at device 20.1 (no driver attached)\npci128: \u003cbase peripheral, interrupt controller\u003e at device 20.2 (no driver attached)\npci128: \u003cbase peripheral, interrupt controller\u003e at device 20.3 (no driver attached)\npci128: \u003cbase peripheral\u003e at device 22.0 (no driver attached)\npci128: \u003cbase peripheral\u003e at device 22.1 (no driver attached)\npci128: \u003cbase peripheral\u003e at device 22.2 (no driver attached)\npci128: \u003cbase peripheral\u003e at device 22.3 (no driver attached)\npci128: \u003cbase peripheral\u003e at device 22.4 (no driver attached)\npci128: \u003cbase peripheral\u003e at device 22.5 (no driver attached)\npci128: \u003cbase peripheral\u003e at device 22.6 (no driver attached)\npci128: \u003cbase peripheral\u003e at device 22.7 (no driver attached)\nacpi_button0: \u003cPower Button\u003e on acpi0\nuart0: \u003c16550 or compatible\u003e port 0x3f8-0x3ff irq 4 flags 0x10 on acpi0\nuart1: \u003c16550 or compatible\u003e port 0x2f8-0x2ff irq 3 on acpi0\nuart2: \u003c16550 or compatible\u003e port 0x3e8-0x3ef irq 5 on acpi0\nqpi0: \u003cQPI system bus\u003e on motherboard\npcib16: \u003cQPI Host-PCI bridge\u003e pcibus 255 on qpi0\npci255: \u003cPCI bus\u003e on pcib16\npcib17: \u003cQPI Host-PCI bridge\u003e pcibus 254 on qpi0\npci254: \u003cPCI bus\u003e on pcib17\norm0: \u003cISA Option ROMs\u003e at iomem 0xc0000-0xc7fff,0xc8000-0xc9fff,0xca000-0xcafff,0xd8800-0xda7ff on isa0\nsc0: \u003cSystem console\u003e at flags 0x100 on isa0\nsc0: VGA \u003c16 virtual consoles, flags=0x300\u003e\nvga0: \u003cGeneric ISA VGA\u003e at port 0x3c0-0x3df iomem 0xa0000-0xbffff on isa0\natkbdc0: \u003cKeyboard controller (i8042)\u003e at port 0x60,0x64 on isa0\natkbd0: \u003cAT Keyboard\u003e irq 1 on atkbdc0\nkbd0 at atkbd0\natkbd0: [GIANT-LOCKED]\nppc0: cannot reserve I/O port range\nest0: \u003cEnhanced SpeedStep Frequency Control\u003e on cpu0\np4tcc0: \u003cCPU Frequency Thermal Control\u003e on cpu0\nest1: \u003cEnhanced SpeedStep Frequency Control\u003e on cpu1\np4tcc1: \u003cCPU Frequency Thermal Control\u003e on cpu1\nest2: \u003cEnhanced SpeedStep Frequency Control\u003e on cpu2\np4tcc2: \u003cCPU Frequency Thermal Control\u003e on cpu2\nest3: \u003cEnhanced SpeedStep Frequency Control\u003e on cpu3\np4tcc3: \u003cCPU Frequency Thermal Control\u003e on cpu3\nest4: \u003cEnhanced SpeedStep Frequency Control\u003e on cpu4\np4tcc4: \u003cCPU Frequency Thermal Control\u003e on cpu4\nest5: \u003cEnhanced SpeedStep Frequency Control\u003e on cpu5\np4tcc5: \u003cCPU Frequency Thermal Control\u003e on cpu5\nest6: \u003cEnhanced SpeedStep Frequency Control\u003e on cpu6\np4tcc6: \u003cCPU Frequency Thermal Control\u003e on cpu6\nest7: \u003cEnhanced SpeedStep Frequency Control\u003e on cpu7\np4tcc7: \u003cCPU Frequency Thermal Control\u003e on cpu7\nest8: \u003cEnhanced SpeedStep Frequency Control\u003e on cpu8\np4tcc8: \u003cCPU Frequency Thermal Control\u003e on cpu8\nest9: \u003cEnhanced SpeedStep Frequency Control\u003e on cpu9\np4tcc9: \u003cCPU Frequency Thermal Control\u003e on cpu9\nest10: \u003cEnhanced SpeedStep Frequency Control\u003e on cpu10\np4tcc10: \u003cCPU Frequency Thermal Control\u003e on cpu10\nest11: \u003cEnhanced SpeedStep Frequency Control\u003e on cpu11\np4tcc11: \u003cCPU Frequency Thermal Control\u003e on cpu11\nest12: \u003cEnhanced SpeedStep Frequency Control\u003e on cpu12\np4tcc12: \u003cCPU Frequency Thermal Control\u003e on cpu12\nest13: \u003cEnhanced SpeedStep Frequency Control\u003e on cpu13\np4tcc13: \u003cCPU Frequency Thermal Control\u003e on cpu13\nest14: \u003cEnhanced SpeedStep Frequency Control\u003e on cpu14\np4tcc14: \u003cCPU Frequency Thermal Control\u003e on cpu14\nest15: \u003cEnhanced SpeedStep Frequency Control\u003e on cpu15\np4tcc15: \u003cCPU Frequency Thermal Control\u003e on cpu15\nTimecounters tick every 1.000 msec\nhdacc0: \u003cRealtek ALC888 HDA CODEC\u003e at cad 0 on hdac0\nhdaa0: \u003cRealtek ALC888 Audio Function Group\u003e at nid 1 on hdacc0\npcm0: \u003cRealtek ALC888 (Rear Analog 7.1/2.0)\u003e at nid 20,22,21,23 and 24,26 on hdaa0\npcm1: \u003cRealtek ALC888 (Front Analog)\u003e at nid 27 and 25 on hdaa0\nusbus0: 12Mbps Full Speed USB v1.0\nusbus1: 12Mbps Full Speed USB v1.0\nusbus2: 12Mbps Full Speed USB v1.0\nusbus3: 480Mbps High Speed USB v2.0\nusbus4: 12Mbps Full Speed USB v1.0\nusbus5: 12Mbps Full Speed USB v1.0\nusbus6: 12Mbps Full Speed USB v1.0\nusbus7: 480Mbps High Speed USB v2.0\n(probe65:tws0:0:65:0): INQUIRY. CDB: 12 00 00 00 24 00 \n(probe65:tws0:0:65:0): CAM status: Invalid Target ID\n(probe65:tws0:0:65:0): Error 22, Unretryable error\nugen0.1: \u003cIntel\u003e at usbus0\nuhub0: \u003cIntel UHCI root HUB, class 9/0, rev 1.00/1.00, addr 1\u003e on usbus0\nugen1.1: \u003cIntel\u003e at usbus1\nuhub1: \u003cIntel UHCI root HUB, class 9/0, rev 1.00/1.00, addr 1\u003e on usbus1\nugen2.1: \u003cIntel\u003e at usbus2\nuhub2: \u003cIntel UHCI root HUB, class 9/0, rev 1.00/1.00, addr 1\u003e on usbus2\nugen3.1: \u003cIntel\u003e at usbus3\nuhub3: \u003cIntel EHCI root HUB, class 9/0, rev 2.00/1.00, addr 1\u003e on usbus3\nugen4.1: \u003cIntel\u003e at usbus4\nuhub4: \u003cIntel UHCI root HUB, class 9/0, rev 1.00/1.00, addr 1\u003e on usbus4\nugen5.1: \u003cIntel\u003e at usbus5\nuhub5: \u003cIntel UHCI root HUB, class 9/0, rev 1.00/1.00, addr 1\u003e on usbus5\nugen6.1: \u003cIntel\u003e at usbus6\nuhub6: \u003cIntel UHCI root HUB, class 9/0, rev 1.00/1.00, addr 1\u003e on usbus6\nugen7.1: \u003cIntel\u003e at usbus7\nuhub7: \u003cIntel EHCI root HUB, class 9/0, rev 2.00/1.00, addr 1\u003e on usbus7\nuhub0: 2 ports with 2 removable, self powered\nuhub1: 2 ports with 2 removable, self powered\nuhub2: 2 ports with 2 removable, self powered\nuhub4: 2 ports with 2 removable, self powered\nuhub5: 2 ports with 2 removable, self powered\nuhub6: 2 ports with 2 removable, self powered\nda0 at tws0 bus 0 scbus0 target 0 lun 0\nda0: \u003cLSI 9750-24i4e DISK 5.12\u003e Fixed Direct Access SCSI-5 device \nda0: 6000.000MB/s transfers\nda0: 76293740MB (156249579520 512 byte sectors: 255H 63S/T 9726086C)\nada0 at ahcich0 bus 0 scbus2 target 0 lun 0\nada0: \u003cST9500423AS 0001SDM5\u003e ATA-8 SATA 2.x device\ncd0 at ahcich2 bus 0 scbus4 target 0 lun 0\ncd0: \u003cHL-DT-ST DVDRAM GT60N 1.00\u003e Removable CD-ROM SCSI-0 device \ncd0: 150.000MB/s transfers (SATA 1.x, UDMA6, ATAPI 12bytes, PIO 8192bytes)\ncd0: Attempt to query device size failed: NOT READY, Medium not present - tray open\nada0: 300.000MB/s transfers (SATA 2.x, UDMA6, PIO 8192bytes)\nada0: Command Queueing enabled\nada0: 476940MB (976773168 512 byte sectors: 16H 63S/T 16383C)\nada0: quirks=0x1\u003c4K\u003e\nada0: Previously was known as ad6\nada1 at ahcich1 bus 0 scbus3 target 0 lun 0\nada1: \u003cST9500423AS 0001SDM5\u003e ATA-8 SATA 2.x device\nada1: 300.000MB/s transfers (SATA 2.x, UDMA6, PIO 8192bytes)\nada1: Command Queueing enabled\nada1: 476940MB (976773168 512 byte sectors: 16H 63S/T 16383C)\nada1: quirks=0x1\u003c4K\u003e\nada1: Previously was known as ad8\nSMP: AP CPU #1 Launched!\nSMP: AP CPU #9 Launched!\nSMP: AP CPU #4 Launched!\nSMP: AP CPU #10 Launched!\nSMP: AP CPU #5 Launched!\nSMP: AP CPU #12 Launched!\nSMP: AP CPU #7 Launched!\nSMP: AP CPU #8 Launched!\nSMP: AP CPU #6 Launched!\nSMP: AP CPU #14 Launched!\nSMP: AP CPU #2 Launched!\nSMP: AP CPU #15 Launched!\nSMP: AP CPU #3 Launched!\nSMP: AP CPU #13 Launched!\nSMP: AP CPU #11 Launched!\nTimecounter \"TSC-low\" frequency 1200067010 Hz quality 1000\nGEOM_RAID: Intel-8a1cfe11: Array Intel-8a1cfe11 created.\nGEOM_RAID: Intel-8a1cfe11: Disk ada0 state changed from NONE to ACTIVE.\nGEOM_RAID: Intel-8a1cfe11: Subdisk Volume0:0-ada0 state changed from NONE to ACTIVE.\nGEOM_RAID: Intel-8a1cfe11: Disk ada1 state changed from NONE to ACTIVE.\nGEOM_RAID: Intel-8a1cfe11: Subdisk Volume0:1-ada1 state changed from NONE to ACTIVE.\nGEOM_RAID: Intel-8a1cfe11: Array started.\nGEOM_RAID: Intel-8a1cfe11: Volume Volume0 state changed from STARTING to OPTIMAL.\nGEOM_RAID: Intel-8a1cfe11: Provider raid/r0 for volume Volume0 created.\nRoot mount waiting for: usbus7 usbus3\nuhub3: 6 ports with 6 removable, self powered\nuhub7: 6 ports with 6 removable, self powered\nRoot mount waiting for: usbus7 usbus3\nTrying to mount root from ufs:/dev/raid/r0p2 [rw]...\nugen5.2: \u003cAvocent\u003e at usbus5\nukbd0: \u003cEP1 Interrupt\u003e on usbus5\nkbd2 at ukbd0\nugen2.2: \u003cAmerican Megatrends Inc.\u003e at usbus2\nukbd2: \u003cKeyboard Interface\u003e on usbus2\nkbd3 at ukbd2\nums0: \u003cEP2 Interrupt\u003e on usbus5\nums1: \u003cMouse Interface\u003e on usbus2\nums0: 5 buttons and [XYZ] coordinates ID=1\n\nHow-To-Repeat: Just happens, no way to induce the issue. I haven't seen any increase in load or traffic that would cause the issue."
}