{
 "id": 1147168,
 "bug_id": 235031,
 "attachment_id": 0,
 "creation_time": "2021-02-17T11:04:24Z",
 "creator": "marko.cupac@mimar.rs",
 "text": "Any news?\n\nI am having slightly different problem with em driver since 12.0. VirtualBox VMs with bridged networking have terrible network performance. I am now at 12.2-RELEASE-p3 amd64.\n\nInstalling net/intel-em-kmod and loading it instead of solves the problem.\n\n\nAny chance to have this fixed at least in upcoming 13.0-RELEASE?\n\nMy dmesg is as follows:\n\n---\u003c\u003cBOOT\u003e\u003e---\nCopyright (c) 1992-2020 The FreeBSD Project.\nCopyright (c) 1979, 1980, 1983, 1986, 1988, 1989, 1991, 1992, 1993, 1994\n\tThe Regents of the University of California. All rights reserved.\nFreeBSD is a registered trademark of The FreeBSD Foundation.\nFreeBSD 12.2-RELEASE-p3 GENERIC amd64\nFreeBSD clang version 10.0.1 (git@github.com:llvm/llvm-project.git llvmorg-10.0.1-0-gef32c611aa2)\nVT(vga): resolution 640x480\nmodule_register: cannot register pci/em from kernel; already loaded from if_em_updated.ko\nModule pci/em failed to register: 17\nCPU: Intel(R) Xeon(R) CPU E3-1245 V2 @ 3.40GHz (3392.37-MHz K8-class CPU)\n  Origin=\"GenuineIntel\"  Id=0x306a9  Family=0x6  Model=0x3a  Stepping=9\n  Features=0xbfebfbff\u003cFPU,VME,DE,PSE,TSC,MSR,PAE,MCE,CX8,APIC,SEP,MTRR,PGE,MCA,CMOV,PAT,PSE36,CLFLUSH,DTS,ACPI,MMX,FXSR,SSE,SSE2,SS,HTT,TM,PBE\u003e\n  Features2=0x7fbae3ff\u003cSSE3,PCLMULQDQ,DTES64,MON,DS_CPL,VMX,SMX,EST,TM2,SSSE3,CX16,xTPR,PDCM,PCID,SSE4.1,SSE4.2,x2APIC,POPCNT,TSCDLT,AESNI,XSAVE,OSXSAVE,AVX,F16C,RDRAND\u003e\n  AMD Features=0x28100800\u003cSYSCALL,NX,RDTSCP,LM\u003e\n  AMD Features2=0x1\u003cLAHF\u003e\n  Structured Extended Features=0x281\u003cFSGSBASE,SMEP,ERMS\u003e\n  Structured Extended Features3=0x9c000400\u003cMD_CLEAR,IBPB,STIBP,L1DFL,SSBD\u003e\n  XSAVE Features=0x1\u003cXSAVEOPT\u003e\n  VT-x: PAT,HLT,MTF,PAUSE,EPT,UG,VPID\n  TSC: P-state invariant, performance statistics\nreal memory  = 25769803776 (24576 MB)\navail memory = 24877342720 (23724 MB)\nEvent timer \"LAPIC\" quality 600\nACPI APIC Table: \u003cHPQOEM SLIC-WKS\u003e\nFreeBSD/SMP: Multiprocessor System Detected: 8 CPUs\nFreeBSD/SMP: 1 package(s) x 4 core(s) x 2 hardware threads\nrandom: unblocking device.\nioapic0 \u003cVersion 2.0\u003e irqs 0-23 on motherboard\nLaunching APs: 1 7 4 6 2 3 5\nTimecounter \"TSC-low\" frequency 1696185100 Hz quality 1000\nrandom: entropy device external interface\nkbd1 at kbdmux0\n000.000023 [4336] netmap_init               netmap: loaded module\n[ath_hal] loaded\nmodule_register_init: MOD_LOAD (vesa, 0xffffffff81114e40, 0) error 19\nrandom: registering fast source Intel Secure Key RNG\nrandom: fast provider: \"Intel Secure Key RNG\"\nnexus0\nvtvga0: \u003cVT VGA driver\u003e on motherboard\ncryptosoft0: \u003csoftware crypto\u003e on motherboard\naesni0: \u003cAES-CBC,AES-CCM,AES-GCM,AES-ICM,AES-XTS\u003e on motherboard\nacpi0: \u003cHPQOEM SLIC-WKS\u003e on motherboard\nacpi0: Power Button (fixed)\ncpu0: \u003cACPI CPU\u003e on acpi0\nhpet0: \u003cHigh Precision Event Timer\u003e iomem 0xfed00000-0xfed003ff on acpi0\nTimecounter \"HPET\" frequency 14318180 Hz quality 950\nEvent timer \"HPET\" frequency 14318180 Hz quality 550\natrtc0: \u003cAT realtime clock\u003e port 0x70-0x77 irq 8 on acpi0\natrtc0: Warning: Couldn't map I/O.\natrtc0: registered as a time-of-day clock, resolution 1.000000s\nEvent timer \"RTC\" frequency 32768 Hz quality 0\nattimer0: \u003cAT timer\u003e port 0x40-0x43,0x50-0x53 irq 0 on acpi0\nTimecounter \"i8254\" frequency 1193182 Hz quality 0\nEvent timer \"i8254\" frequency 1193182 Hz quality 100\nTimecounter \"ACPI-fast\" frequency 3579545 Hz quality 900\nacpi_timer0: \u003c24-bit timer at 3.579545MHz\u003e port 0x408-0x40b on acpi0\npcib0: \u003cACPI Host-PCI bridge\u003e port 0xcf8-0xcff on acpi0\npci0: \u003cACPI PCI bus\u003e on pcib0\nvgapci0: \u003cVGA-compatible display\u003e port 0xf000-0xf03f mem 0xf7800000-0xf7bfffff,0xe0000000-0xefffffff irq 16 at device 2.0 on pci0\nvgapci0: Boot video device\nxhci0: \u003cIntel Panther Point USB 3.0 controller\u003e mem 0xf7c20000-0xf7c2ffff irq 16 at device 20.0 on pci0\nxhci0: 32 bytes context size, 64-bit DMA\nxhci0: Port routing mask set to 0xffffffff\nusbus0 on xhci0\nusbus0: 5.0Gbps Super Speed USB v3.0\npci0: \u003csimple comms\u003e at device 22.0 (no driver attached)\nuart2: \u003cIntel Panther Point KT Controller\u003e port 0xf0e0-0xf0e7 mem 0xf7c3a000-0xf7c3afff irq 19 at device 22.3 on pci0\nuart2: Using 1 MSI message\nem0: \u003cIntel(R) PRO/1000 Network Connection 7.7.8\u003e port 0xf080-0xf09f mem 0xf7c00000-0xf7c1ffff,0xf7c39000-0xf7c39fff irq 20 at device 25.0 on pci0\nem0: Using an MSI interrupt\nem0: Ethernet address: 10:60:4b:74:64:d7\nehci0: \u003cIntel Panther Point USB 2.0 controller\u003e mem 0xf7c38000-0xf7c383ff irq 16 at device 26.0 on pci0\nusbus1: EHCI version 1.0\nusbus1 on ehci0\nusbus1: 480Mbps High Speed USB v2.0\nhdac0: \u003cIntel Panther Point HDA Controller\u003e mem 0xf7c30000-0xf7c33fff irq 22 at device 27.0 on pci0\nehci1: \u003cIntel Panther Point USB 2.0 controller\u003e mem 0xf7c37000-0xf7c373ff irq 23 at device 29.0 on pci0\nusbus2: EHCI version 1.0\nusbus2 on ehci1\nusbus2: 480Mbps High Speed USB v2.0\npcib1: \u003cACPI PCI-PCI bridge\u003e at device 30.0 on pci0\npci1: \u003cACPI PCI bus\u003e on pcib1\nisab0: \u003cPCI-ISA bridge\u003e at device 31.0 on pci0\nisa0: \u003cISA bus\u003e on isab0\nahci0: \u003cIntel Panther Point AHCI SATA controller\u003e port 0xf0d0-0xf0d7,0xf0c0-0xf0c3,0xf0b0-0xf0b7,0xf0a0-0xf0a3,0xf060-0xf07f mem 0xf7c36000-0xf7c367ff irq 19 at device 31.2 on pci0\nahci0: AHCI v1.30 with 6 6Gbps ports, Port Multiplier not supported\nahcich0: \u003cAHCI channel\u003e at channel 0 on ahci0\nahcich2: \u003cAHCI channel\u003e at channel 2 on ahci0\nahcich3: \u003cAHCI channel\u003e at channel 3 on ahci0\nahcich5: \u003cAHCI channel\u003e at channel 5 on ahci0\nahciem0: \u003cAHCI enclosure management bridge\u003e on ahci0\nacpi_button0: \u003cPower Button\u003e on acpi0\nacpi_tz0: \u003cThermal Zone\u003e on acpi0\nacpi_tz1: \u003cThermal Zone\u003e on acpi0\norm0: \u003cISA Option ROMs\u003e at iomem 0xc0000-0xce7ff,0xce800-0xcf7ff pnpid ORM0000 on isa0\natkbdc0: \u003cKeyboard controller (i8042)\u003e at port 0x60,0x64 on isa0\natkbd0: \u003cAT Keyboard\u003e irq 1 on atkbdc0\nkbd0 at atkbd0\natkbd0: [GIANT-LOCKED]\natkbdc0: non-PNP ISA device will be removed from GENERIC in FreeBSD 12.\nest0: \u003cEnhanced SpeedStep Frequency Control\u003e on cpu0\nTimecounters tick every 1.000 msec\nhdacc0: \u003cRealtek ALC221 HDA CODEC\u003e at cad 0 on hdac0\nhdaa0: \u003cRealtek ALC221 Audio Function Group\u003e at nid 1 on hdacc0\npcm0: \u003cRealtek ALC221 (Analog)\u003e at nid 23 and 24,26,27 on hdaa0\npcm1: \u003cRealtek ALC221 (Analog 2.0+HP)\u003e at nid 20,33 on hdaa0\nhdacc1: \u003cIntel Panther Point HDA CODEC\u003e at cad 3 on hdac0\nhdaa1: \u003cIntel Panther Point Audio Function Group\u003e at nid 1 on hdacc1\npcm2: \u003cIntel Panther Point (HDMI/DP 8ch)\u003e at nid 6 on hdaa1\nugen0.1: \u003c0x8086 XHCI root HUB\u003e at usbus0\nTrying to mount root from ufs:/dev/gpt/root [rw]...\nRoot mount waiting for: usbus0 usbus1 usbus2 CAM\nuhub0: \u003c0x8086 XHCI root HUB, class 9/0, rev 3.00/1.00, addr 1\u003e on usbus0\nugen2.1: \u003cIntel EHCI root HUB\u003e at usbus2\nugen1.1: \u003cIntel EHCI root HUB\u003e at usbus1\nuhub1: \u003cIntel EHCI root HUB, class 9/0, rev 2.00/1.00, addr 1\u003e on usbus2\nuhub2: \u003cIntel EHCI root HUB, class 9/0, rev 2.00/1.00, addr 1\u003e on usbus1\nses0 at ahciem0 bus 0 scbus4 target 0 lun 0\nses0: \u003cAHCI SGPIO Enclosure 2.00 0001\u003e SEMB S-E-S 2.00 device\nses0: SEMB SES Device\nada0 at ahcich0 bus 0 scbus0 target 0 lun 0\nada0: \u003cINTEL SSDSA2UP024G3H 9CV10379\u003e ATA8-ACS SATA 2.x device\nada0: Serial Number CVHA3010005D024BGN\nada0: 300.000MB/s transfers (SATA 2.x, UDMA6, PIO 8192bytes)\nada0: Command Queueing enabled\nada0: 22902MB (46905264 512 byte sectors)\nada1 at ahcich2 bus 0 scbus1 target 0 lun 0\nada1: \u003cWDC WD4004FZWX-00GBGB0 81.H0A81\u003e ACS-2 ATA SATA 3.x device\nada1: Serial Number N8GDYBKY\nada1: 300.000MB/s transfers (SATA 2.x, UDMA6, PIO 8192bytes)\nada1: Command Queueing enabled\nada1: 3815447MB (7814037168 512 byte sectors)\nses0: pass0,ada0 in 'Slot 00', SATA Slot: scbus0 target 0\nses0: pass1,ada1 in 'Slot 02', SATA Slot: scbus1 target 0\nada2 at ahcich3 bus 0 scbus2 target 0 lun 0\nada2: \u003cWDC WD4004FZWX-00GBGB0 81.H0A81\u003e ACS-2 ATA SATA 3.x device\nada2: Serial Number N8GDZT5Y\nada2: 300.000MB/s transfers (SATA 2.x, UDMA6, PIO 8192bytes)\nada2: Command Queueing enabled\nada2: 3815447MB (7814037168 512 byte sectors)\nses0: pass2,ada2 in 'Slot 03', SATA Slot: scbus2 target 0\nses0: pass3,cd0 in 'Slot 05', SATA Slot: scbus3 target 0\ncd0 at ahcich5 bus 0 scbus3 target 0 lun 0\ncd0: \u003chp CDDVDW SH-216BB HE40\u003e Removable CD-ROM SCSI device\ncd0: Serial Number R8TM6GCD103P4J\ncd0: 150.000MB/s transfers (SATA 1.x, UDMA5, ATAPI 12bytes, PIO 8192bytes)\ncd0: Attempt to query device size failed: NOT READY, Medium not present - tray closed\nuhub0: 8 ports with 8 removable, self powered\nuhub1: 3 ports with 3 removable, self powered\nuhub2: 3 ports with 3 removable, self powered\nRoot mount waiting for: usbus1 usbus2\nugen1.2: \u003cvendor 0x8087 product 0x0024\u003e at usbus1\nuhub3 on uhub2\nuhub3: \u003cvendor 0x8087 product 0x0024, class 9/0, rev 2.00/0.00, addr 2\u003e on usbus1\nugen2.2: \u003cvendor 0x8087 product 0x0024\u003e at usbus2\nuhub4 on uhub1\nuhub4: \u003cvendor 0x8087 product 0x0024, class 9/0, rev 2.00/0.00, addr 2\u003e on usbus2\nRoot mount waiting for: usbus1 usbus2\nuhub3: 6 ports with 6 removable, self powered\nuhub4: 8 ports with 8 removable, self powered\nugen1.3: \u003cvendor 0x0409 product 0x005a\u003e at usbus1\nuhub5 on uhub3\nuhub5: \u003cvendor 0x0409 product 0x005a, class 9/0, rev 2.00/1.00, addr 3\u003e on usbus1\nuhub5: 2 ports with 2 removable, self powered\nRoot mount waiting for: usbus1\nugen1.4: \u003cChicony HP Elite USB Keyboard\u003e at usbus1\nukbd0 on uhub5\nukbd0: \u003cChicony HP Elite USB Keyboard, class 0/0, rev 1.10/1.21, addr 4\u003e on usbus1\nkbd2 at ukbd0\nugen1.5: \u003cPixArt HP USB Optical Mouse\u003e at usbus1\nRoot mount waiting for: usbus1\nugen1.6: \u003cGeneric USB2.0-CRW\u003e at usbus1\numass0 on uhub3\numass0: \u003cBulk-In, Bulk-Out, Interface\u003e on usbus1\numass0:  SCSI over Bulk-Only; quirks = 0x4000\numass0:5:0: Attached to scbus5\nda0 at umass-sim0 bus 0 scbus5 target 0 lun 0\nda0: \u003cGeneric- Compact Flash 1.00\u003e Removable Direct Access SCSI device\nda0: Serial Number 20100818841300000\nda0: 40.000MB/s transfers\nda0: Attempt to query device size failed: NOT READY, Medium not present\nda0: quirks=0x2\u003cNO_6_BYTE\u003e\nda1 at umass-sim0 bus 0 scbus5 target 0 lun 1\nda1: \u003cGeneric- SM/xD-Picture 1.00\u003e Removable Direct Access SCSI device\nda1: Serial Number 20100818841300000\nda1: 40.000MB/s transfers\nda1: Attempt to query device size failed: NOT READY, Medium not present\nda1: quirks=0x2\u003cNO_6_BYTE\u003e\nda2 at umass-sim0 bus 0 scbus5 target 0 lun 2\nda2: \u003cGeneric- SD/MMC 1.00\u003e Removable Direct Access SCSI device\nda2: Serial Number 20100818841300000\nda2: 40.000MB/s transfers\nda2: Attempt to query device size failed: NOT READY, Medium not present\nda2: quirks=0x2\u003cNO_6_BYTE\u003e\nda3 at umass-sim0 bus 0 scbus5 target 0 lun 3\nda3: \u003cGeneric- M.S./M.S.Pro/HG 1.00\u003e Removable Direct Access SCSI device\nda3: Serial Number 20100818841300000\nda3: 40.000MB/s transfers\nda3: Attempt to query device size failed: NOT READY, Medium not present\nda3: quirks=0x2\u003cNO_6_BYTE\u003e\nda4 at umass-sim0 bus 0 scbus5 target 0 lun 4\nda4: \u003cGeneric- SD/MMC/M.S.PRO 1.00\u003e Removable Direct Access SCSI device\nda4: Serial Number 20100818841300000\nda4: 40.000MB/s transfers\nda4: Attempt to query device size failed: NOT READY, Medium not present\nda4: quirks=0x2\u003cNO_6_BYTE\u003e\nmountroot: waiting for device /dev/gpt/root...\nZFS filesystem version: 5\nZFS storage pool version: features support (5000)\ndrmn0: \u003cdrmn\u003e on vgapci0\nvgapci0: child drmn0 requested pci_enable_io\nvgapci0: child drmn0 requested pci_enable_io\n[drm] Unable to create a private tmpfs mount, hugepage support will be disabled(-19).\nFailed to add WC MTRR for [0xe0000000-0xefffffff]: -22; performance may suffer\n[drm] Got stolen memory base 0xdb200000, size 0x4000000\n[drm] Supports vblank timestamp caching Rev 2 (21.10.2013).\n[drm] Driver supports precise vblank timestamp query.\n[drm] Connector VGA-1: get mode from tunables:\n[drm]   - kern.vt.fb.modes.VGA-1\n[drm]   - kern.vt.fb.default_mode\n[drm] Connector HDMI-A-1: get mode from tunables:\n[drm]   - kern.vt.fb.modes.HDMI-A-1\n[drm]   - kern.vt.fb.default_mode\n[drm] Connector DP-1: get mode from tunables:\n[drm]   - kern.vt.fb.modes.DP-1\n[drm]   - kern.vt.fb.default_mode\n[drm] Connector HDMI-A-2: get mode from tunables:\n[drm]   - kern.vt.fb.modes.HDMI-A-2\n[drm]   - kern.vt.fb.default_mode\n[drm] Connector DP-2: get mode from tunables:\n[drm]   - kern.vt.fb.modes.DP-2\n[drm]   - kern.vt.fb.default_mode\n[drm] Initialized i915 1.6.0 20171222 for drmn0 on minor 0\nVT: Replacing driver \"vga\" with new \"fb\".\nstart FB_INFO:\ntype=11 height=1080 width=1920 depth=32\ncmsize=16 size=8294400\npbase=0xe0061000 vbase=0xfffff800e0061000\nname=drmn0 flags=0x0 stride=7680 bpp=32\ncmap[0]=0 cmap[1]=7f0000 cmap[2]=7f00 cmap[3]=c4a000\nend FB_INFO\ndrmn0: fb0: inteldrmfb frame buffer device\nlo0: link state changed to UP\nuhid0 on uhub5\nuhid0: \u003cChicony HP Elite USB Keyboard, class 0/0, rev 1.10/1.21, addr 4\u003e on usbus1\nums0 on uhub5\nums0: \u003cPixArt HP USB Optical Mouse, class 0/0, rev 2.00/1.00, addr 5\u003e on usbus1\nums0: 3 buttons and [XYZ] coordinates ID=0\nem0: link state changed to UP"
}