{
 "id": 1324142,
 "bug_id": 281218,
 "attachment_id": 0,
 "creation_time": "2024-09-06T19:09:01Z",
 "creator": "freebsd@jjabba.com",
 "text": "Here is my dmesg output from a the system (sim card currently unplugged)\n```\n---\u003c\u003cBOOT\u003e\u003e---\nCopyright (c) 1992-2023 The FreeBSD Project.\nCopyright (c) 1979, 1980, 1983, 1986, 1988, 1989, 1991, 1992, 1993, 1994\n\tThe Regents of the University of California. All rights reserved.\nFreeBSD is a registered trademark of The FreeBSD Foundation.\nFreeBSD 14.1-RELEASE-p3 stable/24.7-n267802-bc5627fc5f3 SMP amd64\nFreeBSD clang version 18.1.5 (https://github.com/llvm/llvm-project.git llvmorg-18.1.5-0-g617a15a9eac9)\nVT(vga): resolution 640x480\nCPU: AMD GX-412TC SOC                                (998.16-MHz K8-class CPU)\n  Origin=\"AuthenticAMD\"  Id=0x730f01  Family=0x16  Model=0x30  Stepping=1\n  Features=0x178bfbff\u003cFPU,VME,DE,PSE,TSC,MSR,PAE,MCE,CX8,APIC,SEP,MTRR,PGE,MCA,CMOV,PAT,PSE36,CLFLUSH,MMX,FXSR,SSE,SSE2,HTT\u003e\n  Features2=0x3ed8220b\u003cSSE3,PCLMULQDQ,MON,SSSE3,CX16,SSE4.1,SSE4.2,MOVBE,POPCNT,AESNI,XSAVE,OSXSAVE,AVX,F16C\u003e\n  AMD Features=0x2e500800\u003cSYSCALL,NX,MMX+,FFXSR,Page1GB,RDTSCP,LM\u003e\n  AMD Features2=0x1d4037ff\u003cLAHF,CMP,SVM,ExtAPIC,CR8,ABM,SSE4A,MAS,Prefetch,OSVW,IBS,SKINIT,WDT,Topology,PNXC,DBE,PTSC,PL2I\u003e\n  Structured Extended Features=0x8\u003cBMI1\u003e\n  XSAVE Features=0x1\u003cXSAVEOPT\u003e\n  SVM: NP,NRIP,AFlush,DAssist,NAsids=8\n  TSC: P-state invariant, performance statistics\nreal memory  = 4294967296 (4096 MB)\navail memory = 4084932608 (3895 MB)\nEvent timer \"LAPIC\" quality 100\nACPI APIC Table: \u003cCOREv4 COREBOOT\u003e\nFreeBSD/SMP: Multiprocessor System Detected: 4 CPUs\nFreeBSD/SMP: 1 package(s) x 4 core(s)\nrandom: unblocking device.\nioapic0 \u003cVersion 2.1\u003e irqs 0-23\nioapic1 \u003cVersion 2.1\u003e irqs 24-55\nLaunching APs: 2 1 3\nrandom: entropy device external interface\nwlan: mac acl policy registered\nkbd0 at kbdmux0\nWARNING: Device \"spkr\" is Giant locked and may be deleted before FreeBSD 15.0.\nvtvga0: \u003cVT VGA driver\u003e\nsmbios0: \u003cSystem Management BIOS\u003e at iomem 0xf29e0-0xf29fe\nsmbios0: Version: 3.0\naesni0: \u003cAES-CBC,AES-CCM,AES-GCM,AES-ICM,AES-XTS\u003e\nacpi0: \u003cCOREv4 COREBOOT\u003e\nacpi0: Power Button (fixed)\natrtc0: \u003cAT realtime clock\u003e port 0x70-0x71 irq 8 on acpi0\natrtc0: registered as a time-of-day clock, resolution 1.000000s\nEvent timer \"RTC\" frequency 32768 Hz quality 0\nattimer0: \u003cAT timer\u003e port 0x40-0x43 irq 0 on acpi0\nTimecounter \"i8254\" frequency 1193182 Hz quality 0\nEvent timer \"i8254\" frequency 1193182 Hz quality 100\napei0: \u003cACPI Platform Error Interface\u003e on acpi0\nhpet0: \u003cHigh Precision Event Timer\u003e iomem 0xfed00000-0xfed003ff on acpi0\nTimecounter \"HPET\" frequency 14318180 Hz quality 950\nTimecounter \"ACPI-fast\" frequency 3579545 Hz quality 900\nacpi_timer0: \u003c32-bit timer at 3.579545MHz\u003e port 0x818-0x81b on acpi0\ncpu0: \u003cACPI CPU\u003e on acpi0\npcib0: \u003cACPI Host-PCI bridge\u003e port 0xcf8-0xcff on acpi0\npci0: \u003cACPI PCI bus\u003e on pcib0\npci0: \u003cbase peripheral, IOMMU\u003e at device 0.2 (no driver attached)\npcib1: \u003cACPI PCI-PCI bridge\u003e irq 24 at device 2.1 on pci0\npcib1: failed to allocate initial I/O port window: 0x1000-0x1fff\npci1: \u003cACPI PCI bus\u003e on pcib1\nigb0: \u003cIntel(R) I210 (Fiber)\u003e port 0x2000-0x201f mem 0xd0000000-0xd00fffff,0xd0200000-0xd0203fff irq 24 at device 0.0 on pci1\nigb0: EEPROM V3.25-0 eTrack 0x800005d5\nigb0: Using 1024 TX descriptors and 1024 RX descriptors\nigb0: Using 4 RX queues 4 TX queues\nigb0: Using MSI-X interrupts with 5 vectors\nigb0: Ethernet address: 00:0d:b9:63:2a:28\nigb0: netmap queues/slots: TX 4/1024, RX 4/1024\npcib2: \u003cACPI PCI-PCI bridge\u003e irq 25 at device 2.2 on pci0\npcib2: failed to allocate initial I/O port window: 0x2000-0x2fff\npci2: \u003cACPI PCI bus\u003e on pcib2\nigb1: \u003cIntel(R) I211 (Copper)\u003e port 0x3000-0x301f mem 0xd0300000-0xd031ffff,0xd0320000-0xd0323fff irq 28 at device 0.0 on pci2\nigb1: NVM V0.6 imgtype1\nigb1: Using 1024 TX descriptors and 1024 RX descriptors\nigb1: Using 2 RX queues 2 TX queues\nigb1: Using MSI-X interrupts with 3 vectors\nigb1: Ethernet address: 00:0d:b9:63:2a:29\nigb1: netmap queues/slots: TX 2/1024, RX 2/1024\npcib3: \u003cACPI PCI-PCI bridge\u003e irq 26 at device 2.3 on pci0\npcib3: failed to allocate initial I/O port window: 0x3000-0x3fff\npci3: \u003cACPI PCI bus\u003e on pcib3\nigb2: \u003cIntel(R) I211 (Copper)\u003e port 0x4000-0x401f mem 0xd0400000-0xd041ffff,0xd0420000-0xd0423fff irq 32 at device 0.0 on pci3\nigb2: NVM V0.6 imgtype1\nigb2: Using 1024 TX descriptors and 1024 RX descriptors\nigb2: Using 2 RX queues 2 TX queues\nigb2: Using MSI-X interrupts with 3 vectors\nigb2: Ethernet address: 00:0d:b9:63:2a:2a\nigb2: netmap queues/slots: TX 2/1024, RX 2/1024\npcib4: \u003cACPI PCI-PCI bridge\u003e irq 27 at device 2.4 on pci0\npcib4: failed to allocate initial I/O port window: 0x4000-0x4fff\npci4: \u003cACPI PCI bus\u003e on pcib4\nigb3: \u003cIntel(R) I211 (Copper)\u003e port 0x6000-0x601f mem 0xd0500000-0xd051ffff,0xd0520000-0xd0523fff irq 36 at device 0.0 on pci4\nigb3: NVM V0.6 imgtype1\nigb3: Using 1024 TX descriptors and 1024 RX descriptors\nigb3: Using 2 RX queues 2 TX queues\nigb3: Using MSI-X interrupts with 3 vectors\nigb3: Ethernet address: 00:0d:b9:63:2a:2b\nigb3: netmap queues/slots: TX 2/1024, RX 2/1024\npci0: \u003cencrypt/decrypt\u003e at device 8.0 (no driver attached)\nxhci0: \u003cAMD FCH USB 3.0 controller\u003e mem 0xd0822000-0xd0823fff irq 18 at device 16.0 on pci0\nxhci0: 32 bytes context size, 64-bit DMA\nusbus0 on xhci0\nusbus0: 5.0Gbps Super Speed USB v3.0\nahci0: \u003cAMD Hudson-2 AHCI SATA controller\u003e port 0x5010-0x5017,0x5020-0x5023,0x5018-0x501f,0x5024-0x5027,0x5000-0x500f mem 0xd0825000-0xd08253ff at device 17.0 on pci0\nahci0: AHCI v1.30 with 2 6Gbps ports, Port Multiplier supported with FBS\nahcich0: \u003cAHCI channel\u003e at channel 0 on ahci0\nahcich1: \u003cAHCI channel\u003e at channel 1 on ahci0\nehci0: \u003cAMD FCH USB 2.0 controller\u003e mem 0xd0826000-0xd08260ff irq 18 at device 18.0 on pci0\nusbus1: EHCI version 1.0\nusbus1 on ehci0\nusbus1: 480Mbps High Speed USB v2.0\nehci1: \u003cAMD FCH USB 2.0 controller\u003e mem 0xd0827000-0xd08270ff irq 18 at device 19.0 on pci0\nusbus2: EHCI version 1.0\nusbus2 on ehci1\nusbus2: 480Mbps High Speed USB v2.0\nisab0: \u003cPCI-ISA bridge\u003e at device 20.3 on pci0\nisa0: \u003cISA bus\u003e on isab0\nsdhci_pci0: \u003cGeneric SD HCI\u003e mem 0xd0828000-0xd08280ff at device 20.7 on pci0\nsdhci_pci0: 1 slot(s) allocated\nacpi_tz0: \u003cThermal Zone\u003e on acpi0\nuart0: \u003c16550 or compatible\u003e port 0x3f8-0x3ff irq 4 flags 0x10 on acpi0\nuart0: console (115200,n,8,1)\nuart1: \u003c16550 or compatible\u003e port 0x2f8-0x2ff irq 3 on acpi0\norm0: \u003cISA Option ROM\u003e at iomem 0xee800-0xeffff pnpid ORM0000 on isa0\nhwpstate0: \u003cCool`n'Quiet 2.0\u003e on cpu0\nTimecounter \"TSC\" frequency 998128185 Hz quality 1000\nTimecounters tick every 1.000 msec\nugen0.1: \u003cAMD XHCI root HUB\u003e at usbus0\nugen2.1: \u003cAMD EHCI root HUB\u003e at usbus2\nugen1.1: \u003cAMD EHCI root HUB\u003e at usbus1\nuhub0 on usbus0\nuhub0: \u003cAMD XHCI root HUB, class 9/0, rev 3.00/1.00, addr 1\u003e on usbus0\nuhub1 on usbus1\nuhub1: \u003cAMD EHCI root HUB, class 9/0, rev 2.00/1.00, addr 1\u003e on usbus1\nuhub2 on usbus2\nuhub2: \u003cAMD EHCI root HUB, class 9/0, rev 2.00/1.00, addr 1\u003e on usbus2\nZFS filesystem version: 5\nZFS storage pool version: features support (5000)\nada0 at ahcich0 bus 0 scbus0 target 0 lun 0\nada0: \u003cYSE128GTLCW-SBC-2 SBFM61.5\u003e ACS-4 ATA SATA 3.x device\nada0: Serial Number 511230621109001052\nada0: 600.000MB/s transfers (SATA 3.x, UDMA6, PIO 8192bytes)\nada0: Command Queueing enabled\nada0: 122104MB (250069680 512 byte sectors)\nTrying to mount root from zfs:zroot/ROOT/default []...\nuhub0: 4 ports with 4 removable, self powered\nuhub1: 2 ports with 2 removable, self powered\nuhub2: 2 ports with 2 removable, self powered\nRoot mount waiting for: usbus1 usbus2\nugen1.2: \u003cvendor 0x0438 product 0x7900\u003e at usbus1\nuhub3 on uhub1\nuhub3: \u003cvendor 0x0438 product 0x7900, class 9/0, rev 2.00/0.18, addr 2\u003e on usbus1\nugen2.2: \u003cvendor 0x0438 product 0x7900\u003e at usbus2\nuhub4 on uhub2\nuhub4: \u003cvendor 0x0438 product 0x7900, class 9/0, rev 2.00/0.18, addr 2\u003e on usbus2\nuhub3: 4 ports with 4 removable, self powered\nuhub4: 4 ports with 4 removable, self powered\nugen2.3: \u003cSimTech, Incorporated SimTech, Incorporated\u003e at usbus2\nu3g0 on uhub4\nu3g0: \u003cSimTech, Incorporated SimTech, Incorporated, class 0/0, rev 2.00/3.18, addr 3\u003e on usbus2\nu3g0: Found 6 ports.\nigb0: link state changed to UP\nigb1: link state changed to UP\nigb2: link state changed to UP\nintsmb0: \u003cAMD FCH SMBus Controller\u003e at device 20.0 on pci0\nsmbus0: \u003cSystem Management Bus\u003e on intsmb0\nlo0: link state changed to UP\npflog0: permanently promiscuous mode enabled\nigb2: link state changed to DOWN\nwg0: link state changed to UP\nigb1: link state changed to DOWN\nigb0: link state changed to DOWN\nigb0: link state changed to UP\nigb2: link state changed to UP\nigb1: link state changed to UP\n```"
}