{
 "id": 399776,
 "bug_id": 114165,
 "attachment_id": 0,
 "creation_time": "2007-06-30T17:20:02Z",
 "creator": "hybridx87@gmail.com",
 "text": "If i run FreeBSD with acpi, computer run, but acpi not run correct - not\nrun sleep mode, hibernate, power off LCD panel, fun speed sensors.\nNotebook don't start, if ACPI is disabled -\u003e kernel failure.\n\nsysctl;\nhw.acpi.supported_sleep_state: S1 S3 S4 S5\nhw.acpi.power_button_state: S5\nhw.acpi.sleep_button_state: S1\nhw.acpi.lid_switch_state: NONE\nhw.acpi.standby_state: S1\nhw.acpi.suspend_state: S3\nhw.acpi.sleep_delay: 1\nhw.acpi.s4bios: 1\nhw.acpi.verbose: 0\nhw.acpi.disable_on_reboot: 0\nhw.acpi.handle_reboot: 0\nhw.acpi.reset_video: 0\nhw.acpi.cpu.cx_supported: C1/0 C2/50\nhw.acpi.cpu.cx_lowest: C1\nhw.acpi.cpu.cx_usage: 100.00% 0.00%\nhw.acpi.acline: 1\nhw.acpi.battery.life: 100\nhw.acpi.battery.time: -1\nhw.acpi.battery.state: 0\nhw.acpi.battery.units: 2\nhw.acpi.battery.info_expire: 5\nhw.acpi.thermal.min_runtime: 0\nhw.acpi.thermal.polling_rate: 10\nhw.acpi.thermal.user_override: 0\nhw.acpi.thermal.tz0.temperature: 62.5C\nhw.acpi.thermal.tz0.active: -1\nhw.acpi.thermal.tz0.passive_cooling: 0\nhw.acpi.thermal.tz0.thermal_flags: 0\nhw.acpi.thermal.tz0._PSV: -1\nhw.acpi.thermal.tz0._HOT: -1\nhw.acpi.thermal.tz0._CRT: 101.0C\nhw.acpi.thermal.tz0._ACx: -1 -1 -1 -1 -1 -1 -1 -1 -1 -1\n\ndmesg with ACPI;\nCopyright (c) 1992-2007 The FreeBSD Project.\nCopyright (c) 1979, 1980, 1983, 1986, 1988, 1989, 1991, 1992, 1993, 1994\n\tThe Regents of the University of California. All rights reserved.\nFreeBSD is a registered trademark of The FreeBSD Foundation.\nFreeBSD 6.2-RELEASE #0: Fri Jan 12 11:05:30 UTC 2007\n    root@dessler.cse.buffalo.edu:/usr/obj/usr/src/sys/SMP\nPreloaded elf kernel \"/boot/kernel/kernel\" at 0xc0b63000.\nPreloaded elf module \"/boot/kernel/acpi.ko\" at 0xc0b6314c.\nCalibrating clock(s) ... i8254 clock: 1193162 Hz\nCLK_USE_I8254_CALIBRATION not specified - using default frequency\nTimecounter \"i8254\" frequency 1193182 Hz quality 0\nCalibrating TSC clock ... TSC clock: 996681718 Hz\nCPU: Intel(R) Pentium(R) III Mobile CPU      1000MHz (996.68-MHz 686-class CPU)\n  Origin = \"GenuineIntel\"  Id = 0x6b1  Stepping = 1\n  Features=0x383f9ff\u003cFPU,VME,DE,PSE,TSC,MSR,PAE,MCE,CX8,SEP,MTRR,PGE,MCA,CMOV,PAT,PSE36,MMX,FXSR,SSE\u003e\nreal memory  = 536780800 (511 MB)\nPhysical memory chunk(s):\n0x0000000000001000 - 0x000000000009efff, 647168 bytes (158 pages)\n0x0000000000100000 - 0x00000000003fffff, 3145728 bytes (768 pages)\n0x0000000000c28000 - 0x000000001f6a5fff, 514318336 bytes (125566 pages)\navail memory = 515690496 (491 MB)\nbios32: Found BIOS32 Service Directory header at 0xc00ffe80\nbios32: Entry = 0xffe90 (c00ffe90)  Rev = 0  Len = 1\npcibios: PCI BIOS entry at 0xf0000+0xc06e\npnpbios: Found PnP BIOS data at 0xc00fe2d0\npnpbios: Entry = f0000:e2f4  Rev = 1.0\npnpbios: Event flag at 4b4\nOther BIOS signatures found:\nwlan: \u003c802.11 Link Layer\u003e\nath_rate: version 1.2 \u003cSampleRate bit-rate selection algorithm\u003e\nnull: \u003cnull device, zero device\u003e\nrandom: \u003centropy source, Software, Yarrow\u003e\nnfslock: pseudo-device\nio: \u003cI/O\u003e\nkbd: new array size 4\nkbd1 at kbdmux0\nmem: \u003cmemory\u003e\nPentium Pro MTRR support enabled\nath_hal: 0.9.17.2 (AR5210, AR5211, AR5212, RF5111, RF5112, RF2413, RF5413)\nrr232x: RocketRAID 232x controller driver v1.02 (Jan 12 2007 11:05:04)\nnpx0: INT 16 interface\nacpi0: \u003cDELL CPi R  \u003e on motherboard\nacpi0: [MPSAFE]\npci_open(1):\tmode 1 addr port (0x0cf8) is 0x8000fac4\npci_open(1a):\tmode1res=0x80000000 (0x80000000)\npci_cfgcheck:\tdevice 0 [class=060000] [hdr=00] is there (id=11308086)\npcibios: BIOS version 2.10\nFound $PIR table, 10 entries at 0xc00fbc20\nPCI-Only Interrupts: none\nLocation  Bus Device Pin  Link  IRQs\nembedded    0   31    B   0x61  3 4 5 6 7 9 10 11 12 14 15\nembedded    0   31    D   0x63  3 4 5 6 7 9 10 11 12 14 15\nembedded    2    3    A   0x61  5\nembedded    0   30    A   0x60  3 4 5 6 7 9 10 11 12 14 15\nembedded    0   30    B   0x61  3 4 5 6 7 9 10 11 12 14 15\nembedded    0   30    C   0x62  3 4 5 6 7 9 10 11 12 14 15\nembedded    0   30    D   0x63  3 4 5 6 7 9 10 11 12 14 15\nembedded    1    0    A   0x60  3 4 5 6 7 9 10 11 12 14 15\nembedded    2    6    A   0x63  3 4 5 6 7 9 10 11 12 14 15\nembedded    2    6    B   0x62  3 4 5 6 7 9 10 11 12 14 15\nembedded    8    0    A   0x63  3 4 5 6 7 9 10 11 12 14 15\nembedded    8    1    A   0x63  3 4 5 6 7 9 10 11 12 14 15\nembedded    2   15    A   0x63  3 4 5 6 7 9 10 11 12 14 15\nembedded    2    8    A   0x62  3 4 5 6 7 9 10 11 12 14 15\nembedded    2   12    A   0x62  3 4 5 6 7 9 10 11 12 14 15\nembedded    2   12    B   0x62  3 4 5 6 7 9 10 11 12 14 15\nembedded    2   12    C   0x62  3 4 5 6 7 9 10 11 12 14 15\nembedded    2   12    D   0x62  3 4 5 6 7 9 10 11 12 14 15\nacpi_bus_number: root bus has no _BBN, assuming 0\nAcpiOsDerivePciId: bus 0 dev 31 func 0\nacpi0: wakeup code va 0xcd756000 pa 0x9e000\natpic: Programming IRQ9 as level/low\nACPI timer: 1/1 1/1 1/1 1/1 1/1 1/1 1/1 1/1 1/1 1/1 -\u003e 10\nTimecounter \"ACPI-fast\" frequency 3579545 Hz quality 1000\nacpi_timer0: \u003c24-bit timer at 3.579545MHz\u003e port 0x808-0x80b on acpi0\npci_link0: Links after initial probe:\nIndex  IRQ  Rtd  Ref  IRQs\n    0   11   N     0  9 10 11\npci_link0: Links after initial validation:\nIndex  IRQ  Rtd  Ref  IRQs\n    0   11   N     0  9 10 11\npci_link0: Links after disable:\nIndex  IRQ  Rtd  Ref  IRQs\n    0  255   N     0  9 10 11\npci_link1: Links after initial probe:\nIndex  IRQ  Rtd  Ref  IRQs\n    0    5   N     0  5 7\npci_link1: Links after initial validation:\nIndex  IRQ  Rtd  Ref  IRQs\n    0    5   N     0  5 7\npci_link1: Links after disable:\nIndex  IRQ  Rtd  Ref  IRQs\n    0  255   N     0  5 7\npci_link2: Links after initial probe:\nIndex  IRQ  Rtd  Ref  IRQs\n    0  255   N     0  9 10 11\npci_link2: Links after initial validation:\nIndex  IRQ  Rtd  Ref  IRQs\n    0  255   N     0  9 10 11\npci_link2: Links after disable:\nIndex  IRQ  Rtd  Ref  IRQs\n    0  255   N     0  9 10 11\npci_link3: Links after initial probe:\nIndex  IRQ  Rtd  Ref  IRQs\n    0   10   N     0  5 7 10 11\npci_link3: Links after initial validation:\nIndex  IRQ  Rtd  Ref  IRQs\n    0   10   N     0  5 7 10 11\npci_link3: Links after disable:\nIndex  IRQ  Rtd  Ref  IRQs\n    0  255   N     0  5 7 10 11\ncpu0: \u003cACPI CPU\u003e on acpi0\nacpi_perf0: \u003cACPI CPU Frequency Control\u003e on cpu0\nacpi_acad0: \u003cAC Adapter\u003e on acpi0\nbattery0: \u003cACPI Control Method Battery\u003e on acpi0\nbattery1: \u003cACPI Control Method Battery\u003e on acpi0\nacpi_lid0: \u003cControl Method Lid Switch\u003e on acpi0\nacpi_button0: \u003cPower Button\u003e on acpi0\nacpi_button1: \u003cSleep Button\u003e on acpi0\npcib0: \u003cACPI Host-PCI bridge\u003e port 0xcf8-0xcff on acpi0\nACPI: Found matching pin for 0.31.INTD at func 2: 10\npci0: \u003cACPI PCI bus\u003e on pcib0\npci0: physical bus=0\nfound-\u003e\tvendor=0x8086, dev=0x1130, revid=0x04\n\tbus=0, slot=0, func=0\n\tclass=06-00-00, hdrtype=0x00, mfdev=0\n\tcmdreg=0x0106, statreg=0x2090, cachelnsz=0 (dwords)\n\tlattimer=0x00 (0 ns), mingnt=0x00 (0 ns), maxlat=0x00 (0 ns)\n\tmap[10]: type 3, range 32, base e8000000, size 26, enabled\nfound-\u003e\tvendor=0x8086, dev=0x1131, revid=0x04\n\tbus=0, slot=1, func=0\n\tclass=06-04-00, hdrtype=0x01, mfdev=0\n\tcmdreg=0x0107, statreg=0x0020, cachelnsz=0 (dwords)\n\tlattimer=0x20 (960 ns), mingnt=0x0c (3000 ns), maxlat=0x00 (0 ns)\nfound-\u003e\tvendor=0x8086, dev=0x2448, revid=0x03\n\tbus=0, slot=30, func=0\n\tclass=06-04-00, hdrtype=0x01, mfdev=0\n\tcmdreg=0x0107, statreg=0x0080, cachelnsz=0 (dwords)\n\tlattimer=0x00 (0 ns), mingnt=0x06 (1500 ns), maxlat=0x00 (0 ns)\nfound-\u003e\tvendor=0x8086, dev=0x244c, revid=0x03\n\tbus=0, slot=31, func=0\n\tclass=06-01-00, hdrtype=0x00, mfdev=1\n\tcmdreg=0x010f, statreg=0x0280, cachelnsz=0 (dwords)\n\tlattimer=0x00 (0 ns), mingnt=0x00 (0 ns), maxlat=0x00 (0 ns)\nfound-\u003e\tvendor=0x8086, dev=0x244a, revid=0x03\n\tbus=0, slot=31, func=1\n\tclass=01-01-80, hdrtype=0x00, mfdev=0\n\tcmdreg=0x0005, statreg=0x0280, cachelnsz=0 (dwords)\n\tlattimer=0x00 (0 ns), mingnt=0x00 (0 ns), maxlat=0x00 (0 ns)\n\tmap[20]: type 4, range 32, base 0000bfa0, size  4, enabled\nfound-\u003e\tvendor=0x8086, dev=0x2442, revid=0x03\n\tbus=0, slot=31, func=2\n\tclass=0c-03-00, hdrtype=0x00, mfdev=0\n\tcmdreg=0x0005, statreg=0x0280, cachelnsz=0 (dwords)\n\tlattimer=0x00 (0 ns), mingnt=0x00 (0 ns), maxlat=0x00 (0 ns)\n\tintpin=d, irq=10\n\tmap[20]: type 4, range 32, base 0000dce0, size  5, enabled\npcib0: matched entry for 0.31.INTD (src \\\\_SB_.PCI0.LNKD:0)\npcib0: slot 31 INTD routed to irq 10 via \\\\_SB_.PCI0.LNKD\nagp0: \u003cIntel 82815 (i815 GMCH) host to PCI bridge\u003e mem 0xe8000000-0xebffffff at device 0.0 on pci0\nagp0: Reserved 0x4000000 bytes for rid 0x10 type 3 at 0xe8000000\nagp0: allocating GATT for aperture of size 36M\npcib1: \u003cACPI PCI-PCI bridge\u003e at device 1.0 on pci0\npcib1:   secondary bus     1\npcib1:   subordinate bus   1\npcib1:   I/O decode        0xc000-0xcfff\npcib1:   memory decode     0xfc000000-0xfdffffff\npcib1:   prefetched decode 0xe0000000-0xe7ffffff\nACPI: Found matching pin for 1.0.INTA at func 0: 11\npci1: \u003cACPI PCI bus\u003e on pcib1\npci1: physical bus=1\nfound-\u003e\tvendor=0x10de, dev=0x0112, revid=0xb2\n\tbus=1, slot=0, func=0\n\tclass=03-00-00, hdrtype=0x00, mfdev=0\n\tcmdreg=0x0027, statreg=0x02b0, cachelnsz=0 (dwords)\n\tlattimer=0x20 (960 ns), mingnt=0x05 (1250 ns), maxlat=0x01 (250 ns)\n\tintpin=a, irq=11\n\tpowerspec 2  supports D0 D3  current D0\n\tmap[10]: type 1, range 32, base fc000000, size 24, enabled\npcib1: (null) requested memory range 0xfc000000-0xfcffffff: good\n\tmap[14]: type 3, range 32, base e0000000, size 27, enabled\npcib1: (null) requested memory range 0xe0000000-0xe7ffffff: good\npcib1: matched entry for 1.0.INTA (src \\\\_SB_.PCI0.LNKA:0)\npcib1: slot 0 INTA routed to irq 11 via \\\\_SB_.PCI0.LNKA\npci1: \u003cdisplay, VGA\u003e at device 0.0 (no driver attached)\npcib2: \u003cACPI PCI-PCI bridge\u003e at device 30.0 on pci0\npcib2:   secondary bus     2\npcib2:   subordinate bus   16\npcib2:   I/O decode        0xe000-0xffff\npcib2:   memory decode     0xf4000000-0xfbffffff\npcib2:   prefetched decode 0xfff00000-0xfffff\npcib2:   Subtractively decoded bridge.\nACPI: Found matching pin for 2.15.INTA at func 0: 255\nACPI: Found matching pin for 2.15.INTA at func 1: 255\nACPI: Found matching pin for 2.15.INTA at func 2: 10\nACPI: Found matching pin for 2.3.INTA at func 0: 5\nACPI: Found matching pin for 2.6.INTA at func 0: 10\npci2: \u003cACPI PCI bus\u003e on pcib2\npci2: physical bus=2\nfound-\u003e\tvendor=0x125d, dev=0x1998, revid=0x10\n\tbus=2, slot=3, func=0\n\tclass=04-01-00, hdrtype=0x00, mfdev=0\n\tcmdreg=0x0007, statreg=0x0290, cachelnsz=0 (dwords)\n\tlattimer=0x20 (960 ns), mingnt=0x02 (500 ns), maxlat=0x18 (6000 ns)\n\tintpin=a, irq=5\n\tpowerspec 2  supports D0 D1 D2 D3  current D0\n\tmap[10]: type 4, range 32, base 0000ec00, size  8, enabled\npcib2: (null) requested I/O range 0xec00-0xecff: in range\n\tmap[14]: type 1, range 32, base f8ffe000, size 13, enabled\npcib2: (null) requested memory range 0xf8ffe000-0xf8ffffff: good\npcib2: matched entry for 2.3.INTA (src \\\\_SB_.PCI0.LNKB:0)\npcib2: slot 3 INTA routed to irq 5 via \\\\_SB_.PCI0.LNKB\nfound-\u003e\tvendor=0x10b7, dev=0x6055, revid=0x10\n\tbus=2, slot=6, func=0\n\tclass=02-00-00, hdrtype=0x00, mfdev=1\n\tcmdreg=0x0017, statreg=0x0210, cachelnsz=8 (dwords)\n\tlattimer=0x20 (960 ns), mingnt=0x0a (2500 ns), maxlat=0x05 (1250 ns)\n\tintpin=a, irq=10\n\tpowerspec 2  supports D0 D1 D2 D3  current D0\n\tmap[10]: type 4, range 32, base 0000e800, size  8, enabled\npcib2: (null) requested I/O range 0xe800-0xe8ff: in range\n\tmap[14]: type 1, range 32, base f8ffdc00, size  7, enabled\npcib2: (null) requested memory range 0xf8ffdc00-0xf8ffdc7f: good\n\tmap[18]: type 1, range 32, base f8ffd800, size  7, enabled\npcib2: (null) requested memory range 0xf8ffd800-0xf8ffd87f: good\npcib2: matched entry for 2.6.INTA (src \\\\_SB_.PCI0.LNKD:0)\npcib2: slot 6 INTA routed to irq 10 via \\\\_SB_.PCI0.LNKD\nfound-\u003e\tvendor=0x10b7, dev=0x1007, revid=0x10\n\tbus=2, slot=6, func=1\n\tclass=07-80-00, hdrtype=0x00, mfdev=0\n\tcmdreg=0x0017, statreg=0x0210, cachelnsz=8 (dwords)\n\tlattimer=0x20 (960 ns), mingnt=0x0a (2500 ns), maxlat=0x05 (1250 ns)\n\tintpin=a, irq=10\n\tpowerspec 2  supports D0 D2 D3  current D0\n\tmap[10]: type 4, range 32, base 0000e400, size  8, enabled\npcib2: (null) requested I/O range 0xe400-0xe4ff: in range\n\tmap[14]: type 1, range 32, base f8ffd400, size  8, enabled\npcib2: (null) requested memory range 0xf8ffd400-0xf8ffd4ff: good\n\tmap[18]: type 1, range 32, base f8ffd000, size  7, enabled\npcib2: (null) requested memory range 0xf8ffd000-0xf8ffd07f: good\npcib2: matched entry for 2.6.INTA (src \\\\_SB_.PCI0.LNKD:0)\npcib2: slot 6 INTA routed to irq 10 via \\\\_SB_.PCI0.LNKD\nfound-\u003e\tvendor=0x104c, dev=0xac42, revid=0x00\n\tbus=2, slot=15, func=0\n\tclass=06-07-00, hdrtype=0x02, mfdev=1\n\tcmdreg=0x0000, statreg=0x0210, cachelnsz=8 (dwords)\n\tlattimer=0x20 (960 ns), mingnt=0x40 (16000 ns), maxlat=0x07 (1750 ns)\n\tintpin=a, irq=255\n\tpowerspec 2  supports D0 D1 D2 D3  current D0\n\tmap[10]: type 1, range 32, base 00000000, size 12, memory disabled\nfound-\u003e\tvendor=0x104c, dev=0xac42, revid=0x00\n\tbus=2, slot=15, func=1\n\tclass=06-07-00, hdrtype=0x02, mfdev=1\n\tcmdreg=0x0000, statreg=0x0210, cachelnsz=8 (dwords)\n\tlattimer=0x20 (960 ns), mingnt=0x40 (16000 ns), maxlat=0x07 (1750 ns)\n\tintpin=a, irq=255\n\tpowerspec 2  supports D0 D1 D2 D3  current D0\n\tmap[10]: type 1, range 32, base 00000000, size 12, memory disabled\nfound-\u003e\tvendor=0x104c, dev=0x8027, revid=0x00\n\tbus=2, slot=15, func=2\n\tclass=0c-00-10, hdrtype=0x00, mfdev=1\n\tcmdreg=0x0116, statreg=0x0210, cachelnsz=8 (dwords)\n\tlattimer=0x20 (960 ns), mingnt=0x02 (500 ns), maxlat=0x04 (1000 ns)\n\tintpin=a, irq=10\n\tpowerspec 2  supports D0 D2 D3  current D0\n\tmap[10]: type 1, range 32, base f8ffc800, size 11, enabled\npcib2: (null) requested memory range 0xf8ffc800-0xf8ffcfff: good\n\tmap[14]: type 1, range 32, base f8ff8000, size 14, enabled\npcib2: (null) requested memory range 0xf8ff8000-0xf8ffbfff: good\npcib2: matched entry for 2.15.INTA (src \\\\_SB_.PCI0.LNKD:0)\npcib2: slot 15 INTA routed to irq 10 via \\\\_SB_.PCI0.LNKD\npci2: \u003cmultimedia, audio\u003e at device 3.0 (no driver attached)\nxl0: \u003c3Com 3c556 Fast Etherlink XL\u003e port 0xe800-0xe8ff mem 0xf8ffdc00-0xf8ffdc7f,0xf8ffd800-0xf8ffd87f irq 10 at device 6.0 on pci2\nxl0: Reserved 0x80 bytes for rid 0x14 type 3 at 0xf8ffdc00\nxl0: using memory mapped I/O\nxl0: Reserved 0x80 bytes for rid 0x18 type 3 at 0xf8ffd800\nxl0: media options word: 40\nxl0: found MII/AUTO\nmiibus0: \u003cMII bus\u003e on xl0\ntdkphy0: \u003cTDK 78Q2120 media interface\u003e on miibus0\ntdkphy0: OUI 0x00c039, model 0x0014, rev. 11\ntdkphy0:  10baseT, 10baseT-FDX, 100baseTX, 100baseTX-FDX, auto\nxl0: bpf attached\nxl0: Ethernet address: 00:04:76:51:6b:2b\nxl0: [MPSAFE]\npci2: \u003csimple comms\u003e at device 6.1 (no driver attached)\ncbb0: \u003cTI4451 PCI-CardBus Bridge\u003e at device 15.0 on pci2\npcib2: cbb0 requested memory range 0xf4000000-0xfbffffff: good\ncbb0: Lazy allocation of 0x1000 bytes rid 0x10 type 3 at 0xf4000000\ncardbus0: \u003cCardBus bus\u003e on cbb0\npccard0: \u003c16-bit PCCard bus\u003e on cbb0\npcib2: matched entry for 2.15.INTA (src \\\\_SB_.PCI0.LNKD:0)\npcib2: slot 15 INTA routed to irq 10 via \\\\_SB_.PCI0.LNKD\ncbb0: [MPSAFE]\ncbb0: PCI Configuration space:\n  0x00: 0xac42104c 0x02100007 0x06070000 0x00822008 \n  0x10: 0xf4000000 0x020000a0 0x20040400 0xfffff000 \n  0x20: 0x00000000 0xfffff000 0x00000000 0x0000fffc \n  0x30: 0x00000000 0x0000fffc 0x00000000 0x0740010a \n  0x40: 0x00e51028 0x00000001 0x00000000 0x00000000 \n  0x50: 0x00000000 0x00000000 0x00000000 0x00000000 \n  0x60: 0x00000000 0x00000000 0x00000000 0x00000000 \n  0x70: 0x00000000 0x00000000 0x00000000 0x00000000 \n  0x80: 0x3024d021 0x00000600 0x000f0000 0x05033002 \n  0x90: 0x6064a6c0 0x00000000 0x00000000 0x00000000 \n  0xa0: 0xfe120001 0x00c00000 0x00000000 0x00000000 \n  0xb0: 0x00000000 0x00000000 0x00000000 0x00000000 \n  0xc0: 0x00000000 0x00000000 0x00000000 0x00000000 \n  0xd0: 0x00000000 0x00000000 0x00000000 0x00000000 \n  0xe0: 0x00000000 0x00000000 0x00000000 0x00000000 \n  0xf0: 0x00000000 0x00000000 0x00000000 0x00000000 \ncbb1: \u003cTI4451 PCI-CardBus Bridge\u003e at device 15.1 on pci2\npcib2: cbb1 requested memory range 0xf4000000-0xfbffffff: good\ncbb1: Lazy allocation of 0x1000 bytes rid 0x10 type 3 at 0xf4001000\ncardbus1: \u003cCardBus bus\u003e on cbb1\npccard1: \u003c16-bit PCCard bus\u003e on cbb1\npcib2: matched entry for 2.15.INTA (src \\\\_SB_.PCI0.LNKD:0)\npcib2: slot 15 INTA routed to irq 10 via \\\\_SB_.PCI0.LNKD\ncbb1: [MPSAFE]\ncbb1: PCI Configuration space:\n  0x00: 0xac42104c 0x02100007 0x06070000 0x00822008 \n  0x10: 0xf4001000 0x020000a0 0x20050500 0xfffff000 \n  0x20: 0x00000000 0xfffff000 0x00000000 0x0000fffc \n  0x30: 0x00000000 0x0000fffc 0x00000000 0x0740010a \n  0x40: 0x00e51028 0x00000001 0x00000000 0x00000000 \n  0x50: 0x00000000 0x00000000 0x00000000 0x00000000 \n  0x60: 0x00000000 0x00000000 0x00000000 0x00000000 \n  0x70: 0x00000000 0x00000000 0x00000000 0x00000000 \n  0x80: 0x3024d021 0x00000600 0x000f0000 0x05033002 \n  0x90: 0x6064a6c0 0x00000000 0x00000000 0x00000000 \n  0xa0: 0xfe120001 0x00c00000 0x00000000 0x00000000 \n  0xb0: 0x00000000 0x00000000 0x00000000 0x00000000 \n  0xc0: 0x00000000 0x00000000 0x00000000 0x00000000 \n  0xd0: 0x00000000 0x00000000 0x00000000 0x00000000 \n  0xe0: 0x00000000 0x00000000 0x00000000 0x00000000 \n  0xf0: 0x00000000 0x00000000 0x00000000 0x00000000 \nfwohci0: \u003cTexas Instruments PCI4451\u003e mem 0xf8ffc800-0xf8ffcfff,0xf8ff8000-0xf8ffbfff irq 10 at device 15.2 on pci2\nfwohci0: Reserved 0x800 bytes for rid 0x10 type 3 at 0xf8ffc800\nfwohci0: [MPSAFE]\nfwohci0: OHCI version 1.0 (ROM=1)\nfwohci0: No. of Isochronous channels is 4.\nfwohci0: EUI64 33:4f:c0:00:1b:89:38:10\nfwohci0: Phy 1394a available S400, 1 ports.\nfwohci0: Link S400, max_rec 2048 bytes.\nfirewire0: \u003cIEEE1394(FireWire) bus\u003e on fwohci0\nfwe0: \u003cEthernet over FireWire\u003e on firewire0\nif_fwe0: Fake Ethernet address: 32:4f:c0:89:38:10\nfwe0: bpf attached\nfwe0: Ethernet address: 32:4f:c0:89:38:10\nfwe0: if_start running deferred for Giant\nsbp0: \u003cSBP-2/SCSI over FireWire\u003e on firewire0\nfwohci0: Initiate bus reset\nfwohci0: node_id=0xc000ffc0, gen=1, CYCLEMASTER mode\nfirewire0: 1 nodes, maxhop \u003c= 0, cable IRM = 0 (me)\nfirewire0: bus manager 0 (me)\nisab0: \u003cPCI-ISA bridge\u003e at device 31.0 on pci0\nisa0: \u003cISA bus\u003e on isab0\natapci0: \u003cIntel ICH2 UDMA100 controller\u003e port 0x1f0-0x1f7,0x3f6,0x170-0x177,0x376,0xbfa0-0xbfaf at device 31.1 on pci0\natapci0: Reserved 0x10 bytes for rid 0x20 type 4 at 0xbfa0\nata0: \u003cATA channel 0\u003e on atapci0\natapci0: Reserved 0x8 bytes for rid 0x10 type 4 at 0x1f0\natapci0: Reserved 0x1 bytes for rid 0x14 type 4 at 0x3f6\nata0: reset tp1 mask=03 ostat0=50 ostat1=00\nata0: stat0=0x50 err=0x01 lsb=0x00 msb=0x00\nata0: stat1=0x00 err=0x01 lsb=0x14 msb=0xeb\nata0: reset tp2 stat0=50 stat1=00 devices=0x9\u003cATAPI_SLAVE,ATA_MASTER\u003e\nata0: [MPSAFE]\nata1: \u003cATA channel 1\u003e on atapci0\natapci0: Reserved 0x8 bytes for rid 0x18 type 4 at 0x170\natapci0: Reserved 0x1 bytes for rid 0x1c type 4 at 0x376\nata1: reset tp1 mask=03 ostat0=00 ostat1=00\nata1: stat0=0x01 err=0x01 lsb=0x01 msb=0x01\nata1: stat1=0x01 err=0x01 lsb=0x01 msb=0x01\nata1: reset tp2 stat0=01 stat1=01 devices=0x0\nata1: [MPSAFE]\nuhci0: \u003cIntel 82801BA/BAM (ICH2) USB controller USB-A\u003e port 0xdce0-0xdcff irq 10 at device 31.2 on pci0\nuhci0: Reserved 0x20 bytes for rid 0x20 type 4 at 0xdce0\nuhci0: [GIANT-LOCKED]\nusb0: \u003cIntel 82801BA/BAM (ICH2) USB controller USB-A\u003e on uhci0\nusb0: USB revision 1.0\nuhub0: Intel UHCI root hub, class 9/0, rev 1.00/1.00, addr 1\nuhub0: 2 ports with 2 removable, self powered\nacpi_tz0: \u003cThermal Zone\u003e on acpi0\npsmcpnp0: \u003cPS/2 mouse port\u003e irq 12 on acpi0\natkbdc0: \u003cKeyboard controller (i8042)\u003e port 0x60,0x64 irq 1 on acpi0\natkbd0: \u003cAT Keyboard\u003e irq 1 on atkbdc0\natkbd: the current kbd controller command byte 0065\natkbd: keyboard ID 0x41ab (2)\nkbd0 at atkbd0\nkbd0: atkbd0, AT 101/102 (2), config:0x0, flags:0x3d0000\natkbd0: [GIANT-LOCKED]\npsm0: current command byte:0065\npsm0: \u003cPS/2 Mouse\u003e irq 12 on atkbdc0\npsm0: [GIANT-LOCKED]\npsm0: model Generic PS/2 mouse, device ID 0-00, 2 buttons\npsm0: config:00000000, flags:00000008, packet size:3\npsm0: syncmask:c0, syncbits:00\nfdc0: \u003cfloppy drive controller (FDE)\u003e port 0x3f2-0x3f5,0x3f7 irq 6 drq 2 on acpi0\nfdc0: ic_type 90 part_id 80\nfdc0: [MPSAFE]\nfdc0: [FAST]\nfd0: \u003c1440-KB 3.5\" drive\u003e on fdc0 drive 0\nsio0: irq maps: 0x401 0x411 0x401 0x401\nsio0: \u003c16550A-compatible COM port\u003e port 0x3f8-0x3ff irq 4 flags 0x10 on acpi0\nsio0: type 16550A\nsio1: irq maps: 0x401 0x409 0x401 0x401\nsio1 port 0x2f8-0x2ff,0x280-0x287 irq 3 on acpi0\nsio1: type 16550A\nppc0: using extended I/O port range\nppc0: ECP SPP ECP+EPP SPP\nppc0: \u003cECP parallel printer port\u003e port 0x378-0x37f,0x778-0x77b irq 7 drq 3 on acpi0\nppc0: SMC-like chipset (ECP/EPP/PS2/NIBBLE) in COMPATIBLE mode\nppc0: FIFO with 16/16/8 bytes threshold\nppbus0: \u003cParallel port bus\u003e on ppc0\nplip0: \u003cPLIP network interface\u003e on ppbus0\nplip0: bpf attached\nlpt0: \u003cPrinter\u003e on ppbus0\nlpt0: Interrupt-driven port\nppi0: \u003cParallel I/O\u003e on ppbus0\nunknown: status reg test failed ff\nunknown: status reg test failed ff\nunknown: status reg test failed ff\nunknown: status reg test failed ff\nunknown: status reg test failed ff\nunknown: status reg test failed ff\nex_isa_identify()\nata: ata0 already exists; skipping it\nata: ata1 already exists; skipping it\natkbdc: atkbdc0 already exists; skipping it\nfdc: fdc0 already exists; skipping it\nppc: ppc0 already exists; skipping it\nsio: sio0 already exists; skipping it\nsio: sio1 already exists; skipping it\npnp_identify: Trying Read_Port at 203\npnp_identify: Trying Read_Port at 243\npnp_identify: Trying Read_Port at 283\npnp_identify: Trying Read_Port at 2c3\npnp_identify: Trying Read_Port at 303\npnp_identify: Trying Read_Port at 343\npnp_identify: Trying Read_Port at 383\npnp_identify: Trying Read_Port at 3c3\nPNP Identify complete\nahc_isa_probe 13: ioport 0xdc00 alloc failed\nahc_isa_probe 14: ioport 0xec00 alloc failed\nsc: sc0 already exists; skipping it\nvga: vga0 already exists; skipping it\nisa_probe_children: disabling PnP devices\nisa_probe_children: probing non-PnP devices\npmtimer0 on isa0\norm0: \u003cISA Option ROMs\u003e at iomem 0xc0000-0xcdfff,0xce000-0xce7ff,0xce800-0xcefff,0xcf000-0xcf7ff,0xcf800-0xcffff on isa0\nadv0: not probed (disabled)\naha0: not probed (disabled)\naic0: not probed (disabled)\nbt0: not probed (disabled)\ncs0: not probed (disabled)\ned0: not probed (disabled)\nfe0: not probed (disabled)\nie0: not probed (disabled)\nlnc0: not probed (disabled)\nsc0: \u003cSystem console\u003e at flags 0x100 on isa0\nsc0: VGA \u003c16 virtual consoles, flags=0x300\u003e\nsc0: fb0, kbd1, terminal emulator: sc (syscons terminal)\nsio2: not probed (disabled)\nsio3: not probed (disabled)\nsn0: not probed (disabled)\nvga0: \u003cGeneric ISA VGA\u003e at port 0x3c0-0x3df iomem 0xa0000-0xbffff on isa0\nvt0: not probed (disabled)\nisa_probe_children: probing PnP devices\nums0: Logitech product 0xc001, rev 1.00/10.00, addr 2, iclass 3/1\nums0: 3 buttons and Z dir.\nDevice configuration finished.\nprocfs registered\nTimecounter \"TSC\" frequency 996681718 Hz quality 800\nTimecounters tick every 1.000 msec\nlo0: bpf attached\nrr232x: no controller detected.\nfdc0: output ready timeout\nfdc0: output ready timeout\nfdc0: output ready timeout\nfdc0: output ready timeout\nfdc0: output ready timeout\nfdc0: output ready timeout\nfdc0: output ready timeout\nacpi_acad0: acline initialization start\nacpi_acad0: On Line\nacpi_acad0: acline initialization done, tried 1 times\nbattery0: battery initialization start\nbattery1: battery initialization start\nbattery1: battery initialization done, tried 1 times\nata0-slave: pio=PIO4 wdma=WDMA2 udma=UDMA33 cable=40 wire\nata0-master: pio=PIO4 wdma=WDMA2 udma=UDMA100 cable=40 wire\nad0: setting PIO4 on ICH2 chip\nad0: setting UDMA100 on ICH2 chip\nad0: 19077MB \u003cTOSHIBA MK2018GAS Q2.03 D\u003e at ata0-master UDMA100\nad0: 39070080 sectors [38760C/16H/63S] 16 sectors/interrupt 1 depth queue\nad0: Intel check1 failed\nad0: Adaptec check1 failed\nad0: LSI (v3) check1 failed\nad0: LSI (v2) check1 failed\nad0: FreeBSD check1 failed\nacd0: setting PIO4 on ICH2 chip\nacd0: setting UDMA33 on ICH2 chip\nacd0: \u003cSAMSUNG CD-ROM SN-124/N102\u003e CDROM drive at ata0 as slave\nacd0: read 4134KB/s (4134KB/s), 128KB buffer, UDMA33\nacd0: Reads: CDR, CDRW, CDDA stream, packet\nacd0: Writes:\nacd0: Audio: play, 255 volume levels\nacd0: Mechanism: ejectable tray, unlocked\nacd0: Medium: no/blank disc\nfdc0: output ready timeout\nfdc0: input ready timeout\nfdc0: input ready timeout\nfdc0: output ready timeout\nfdc0: input ready timeout\nfdc0: input ready timeout\nfdc0: output ready timeout\nfdc0: input ready timeout\nfdc0: input ready timeout\nfdc0: output ready timeout\nfdc0: input ready timeout\nfdc0: input ready timeout\nGEOM: new disk ad0\n(probe1:sbp0:0:1:0): error 22\n(probe1:sbp0:0:1:0): Unretryable Error\n(probe3:sbp0:0:3:0): error 22\n(probe3:sbp0:0:3:0): Unretryable Error\n(probe5:sbp0:0:5:0): error 22\n(probe5:sbp0:0:5:0): Unretryable Error\n(probe0:sbp0:0:0:0): error 22\n(probe0:sbp0:0:0:0): Unretryable Error\n(probe2:sbp0:0:2:0): error 22\n(probe2:sbp0:0:2:0): Unretryable Error\n(probe4:sbp0:0:4:0): error 22\n(probe4:sbp0:0:4:0): Unretryable Error\n(probe6:sbp0:0:6:0): error 22\n(probe6:sbp0:0:6:0): Unretryable Error\nATA PseudoRAID loaded\nTrying to mount root from ufs:/dev/ad0s1a\nstart_init: trying /sbin/init\n\nMy acpidump;\n\nhttp://sxe.boo.pl/pliki/dell-c810_bios_a12.asl"
}