{
 "id": 1234682,
 "bug_id": 246750,
 "attachment_id": 0,
 "creation_time": "2022-11-07T23:43:52Z",
 "creator": "dan@sunsaturn.com",
 "text": "Pretty serious bug, no way to mount a zfs pool from a zvol without it.\nAny progress on this?\n\nIssue:\nzfs create -V30G -o volmode=full zroot/asterisk2\n(install a ZFS guest on it)\nrouter:~ # gpart show /dev/zvol/zroot/asterisk2\n=\u003e      40  62914480  zvol/zroot/asterisk2  GPT  (30G)\n        40    532480                     1  efi  (260M)\n    532520      2008                        - free -  (1.0M)\n    534528  16777216                     2  freebsd-swap  (8.0G)\n  17311744  45600768                     3  freebsd-zfs  (22G)\n  62912512      2008                        - free -  (1.0M)\n\nrouter:~ # gdisk -l /dev/zvol/zroot/asterisk2\nGPT fdisk (gdisk) version 1.0.9\n\nPartition table scan:\n  MBR: protective\n  BSD: not present\n  APM: not present\n  GPT: present\n\nFound valid GPT with protective MBR; using GPT.\nDisk /dev/zvol/zroot/asterisk2: 62914560 sectors, 30.0 GiB\nSector size (logical): 512 bytes\nDisk identifier (GUID): 8ACD2112-5EBF-11ED-8F56-00A098E3C14E\nPartition table holds up to 128 entries\nMain partition table begins at sector 2 and ends at sector 33\nFirst usable sector is 40, last usable sector is 62914519\nPartitions will be aligned on 8-sector boundaries\nTotal free space is 4016 sectors (2.0 MiB)\n\nNumber  Start (sector)    End (sector)  Size       Code  Name\n   1              40          532519   260.0 MiB   EF00  efiboot0\n   2          534528        17311743   8.0 GiB     A502  swap0\n   3        17311744        62912511   21.7 GiB    A504  zfs0\nrouter:~ # zpool import\n   pool: testing\n     id: 8013833172609421701\n  state: UNAVAIL\nstatus: One or more devices are missing from the system.\n action: The pool cannot be imported. Attach the missing\n        devices and try again.\n   see: https://openzfs.github.io/openzfs-docs/msg/ZFS-8000-3C\n config:\n\n        testing                   UNAVAIL  insufficient replicas\n          zvol/zroot/asterisk2p3  UNAVAIL  cannot open\nrouter:~ # sysctl vfs.zfs.vol.recursive=1\nvfs.zfs.vol.recursive: 0 -\u003e 1\nrouter:~ # zpool import\n   pool: testing\n     id: 8013833172609421701\n  state: ONLINE\n action: The pool can be imported using its name or numeric identifier.\n config:\n\n        testing                   ONLINE\n          zvol/zroot/asterisk2p3  ONLINE\nzpool import -fR /mnt testing\n\nThis hangs forever....\nThe only way to import that pool from the zvol."
}