{
 "id": 429046,
 "bug_id": 120321,
 "attachment_id": 0,
 "creation_time": "2008-02-06T15:00:02Z",
 "creator": "toomas.aas@raad.tartu.ee",
 "text": "I have two identical 500 GB WD MyBook HDDs \nda0: \u003cWD 5000AAKB Externa l108\u003e Fixed Direct Access SCSI-0 device\n\nThese disks are used as backup media for daily backups using Amanda. There were no problems with FreeBSD 6.2 (I was following RELENG_6_2), but immediately after upgrading to RELENG_6_3 trouble started.\n\nSometimes when Amanda is writing its backup data to the MyBook, kernel prints out messages like this:\n\nFeb  5 22:04:49 mail kernel: g_vfs_done():da0s1a[WRITE(offset=65536, length=2048)]error = 5\nFeb  5 22:04:49 mail kernel: g_vfs_done():da0s1a[WRITE(offset=344064, length=16384)]error = 5\nFeb  5 22:04:49 mail kernel: g_vfs_done():da0s1a[WRITE(offset=360448, length=16384)]error = 5\nFeb  5 22:04:49 mail kernel: g_vfs_done():da0s1a[WRITE(offset=376832, length=2048)]error = 5\nFeb  5 22:04:49 mail kernel: g_vfs_done():da0s1a[WRITE(offset=134949781504, length=16384)]error = 5\nFeb  5 22:04:49 mail kernel: g_vfs_done():da0s1a[WRITE(offset=135183663104, length=16384)]error = 5\nFeb  5 22:04:49 mail kernel: g_vfs_done():da0s1a[WRITE(offset=135417544704, length=16384)]error = 5\nFeb  5 22:04:49 mail kernel: g_vfs_done():da0s1a[WRITE(offset=135651426304, length=16384)]error = 5\nFeb  5 22:04:49 mail kernel: g_vfs_done():da0s1a[WRITE(offset=135885307904, length=16384)]error = 5\nFeb  5 22:04:49 mail kernel: g_vfs_done():da0s1a[WRITE(offset=136119189504, length=16384)]error = 5\nFeb  5 22:04:49 mail kernel: g_vfs_done():da0s1a[WRITE(offset=136353071104, length=16384)]error = 5\nFeb  5 22:04:49 mail kernel: g_vfs_done():da0s1a[WRITE(offset=136586952704, length=16384)]error = 5\nFeb  5 22:04:49 mail kernel: g_vfs_done():da0s1a[WRITE(offset=136820834304, length=16384)]error = 5\nFeb  5 22:04:49 mail kernel: g_vfs_done():da0s1a[WRITE(offset=137054715904, length=16384)]error = 5\nFeb  5 22:04:49 mail kernel: g_vfs_done():da0s1a[WRITE(offset=137288597504, length=16384)]error = 5\nFeb  5 22:04:49 mail kernel: g_vfs_done():da0s1a[WRITE(offset=137438953472, length=131072)]error = 5\nFeb  5 22:04:49 mail kernel: g_vfs_done():da0s1a[WRITE(offset=137439084544, length=131072)]error = 5\nFeb  5 22:04:49 mail kernel: g_vfs_done():da0s1a[WRITE(offset=137439215616, length=131072)]error = 5\nFeb  5 22:04:49 mail kernel: g_vfs_done():da0s1a[WRITE(offset=137439346688, length=131072)]error = 5\nFeb  5 22:04:49 mail kernel: g_vfs_done():da0s1a[WRITE(offset=137439477760, length=131072)]error = 5\nFeb  5 22:04:49 mail kernel: g_vfs_done():da0s1a[WRITE(offset=338660655104, length=16384)]error = 5\nFeb  5 22:04:49 mail kernel: g_vfs_done():da0s1a[WRITE(offset=137438822400, length=131072)]error = 5\nFeb  5 22:10:15 mail kernel: g_vfs_done():da0s1a[WRITE(offset=65536, length=2048)]error = 5\nFeb  5 22:10:15 mail kernel: g_vfs_done():da0s1a[WRITE(offset=344064, length=16384)]error = 5\nFeb  5 22:10:15 mail kernel: g_vfs_done():da0s1a[WRITE(offset=360448, length=16384)]error = 5\nFeb  5 22:10:15 mail kernel: g_vfs_done():da0s1a[WRITE(offset=376832, length=2048)]error = 5\nFeb  5 22:10:15 mail kernel: g_vfs_done():da0s1a[WRITE(offset=137288597504, length=16384)]error = 5\nFeb  5 22:10:15 mail kernel: g_vfs_done():da0s1a[WRITE(offset=137439739904, length=131072)]error = 5\nFeb  5 22:10:15 mail kernel: g_vfs_done():da0s1a[WRITE(offset=137439870976, length=131072)]error = 5\nFeb  5 22:10:15 mail kernel: g_vfs_done():da0s1a[WRITE(offset=137440002048, length=131072)]error = 5\nFeb  5 22:10:15 mail kernel: g_vfs_done():da0s1a[WRITE(offset=137440133120, length=131072)]error = 5\nFeb  5 22:10:15 mail kernel: g_vfs_done():da0s1a[WRITE(offset=137440264192, length=131072)]error = 5\nFeb  5 22:10:15 mail kernel: g_vfs_done():da0s1a[WRITE(offset=137440395264, length=131072)]error = 5\nFeb  5 22:10:15 mail kernel: g_vfs_done():da0s1a[WRITE(offset=137440526336, length=131072)]error = 5\nFeb  5 22:10:15 mail kernel: g_vfs_done():da0s1a[WRITE(offset=137440657408, length=131072)]error = 5\nFeb  5 22:10:15 mail kernel: g_vfs_done():da0s1a[WRITE(offset=137439608832, length=131072)]error = 5\n\nWhen this happens, the system becomes unresponsive and remains this way for several minutes. During that time, the machine can be pinged but Postfix, Apache and OpenSSH do not accept new connections and console commands also hang. During one backup session this may happen several times and finally it seems that not only access to the MyBook is affected but all disk access operations (for example, I edited /etc/crontab with vi and after :w had to wait several minutes until the file was saved). \n\nDuring the last backup session which was especially troublesome I finally decided to reboot the machine, but the 'reboot' command also hung and no further interaction with the machine was possible (except ping). This was done from a remote location over ssh. Several hours later someone arrived at the site where the server is and disconnected the USB drive. After that the reboot proceeded. During these several hours, more g_vfs_done() error=5 messages were logged.\n\nThis problem does not happen during every backup session, but it has happened during 4 backup sessions of the total 8 that have been performed after upgrading to 6.3, and it has happened with both disks. One of the disks has been verified with WD Data LifeGuard and found to be OK. \n\ndmesg:\nCopyright (c) 1992-2008 The FreeBSD Project.\nCopyright (c) 1979, 1980, 1983, 1986, 1988, 1989, 1991, 1992, 1993, 1994\n        The Regents of the University of California. All rights reserved.\nFreeBSD is a registered trademark of The FreeBSD Foundation.\nFreeBSD 6.3-RELEASE #3: Wed Jan 23 07:33:34 EET 2008\n    toomas@mail.tarkvarastuudio.ee:/usr/obj/usr/src/sys/TVS\nTimecounter \"i8254\" frequency 1193182 Hz quality 0\nCPU: Intel(R) Pentium(R) D CPU 3.40GHz (3398.31-MHz K8-class CPU)\n  Origin = \"GenuineIntel\"  Id = 0xf64  Stepping = 4\n  Features=0xbfebfbff\u003cFPU,VME,DE,PSE,TSC,MSR,PAE,MCE,CX8,APIC,SEP,MTRR,PGE,MCA,CMOV,PAT,PSE36,CLFLUSH,DTS,ACPI,MMX,FXSR,SSE,SSE2,SS,HTT,TM,PBE\u003e\n  Features2=0xe49d\u003cSSE3,RSVD2,MON,DS_CPL,EST,CNXT-ID,CX16,xTPR,PDCM\u003e\n  AMD Features=0x20000800\u003cSYSCALL,LM\u003e\n  AMD Features2=0x1\u003cLAHF\u003e\n  Cores per package: 2\nreal memory  = 2145849344 (2046 MB)\navail memory = 2064629760 (1968 MB)\nACPI APIC Table: \u003cINTEL  04DT044 \u003e\nFreeBSD/SMP: Multiprocessor System Detected: 2 CPUs\n cpu0 (BSP): APIC ID:  0\n cpu1 (AP): APIC ID:  1\nioapic0: Changing APIC ID to 5\nioapic0 \u003cVersion 2.0\u003e irqs 0-23 on motherboard\nkbd1 at kbdmux0\nacpi0: \u003cINTEL 04DT044\u003e on motherboard\nacpi0: Power Button (fixed)\nTimecounter \"ACPI-fast\" frequency 3579545 Hz quality 1000\nacpi_timer0: \u003c24-bit timer at 3.579545MHz\u003e port 0x408-0x40b on acpi0\ncpu0: \u003cACPI CPU\u003e on acpi0\ncpu1: \u003cACPI CPU\u003e on acpi0\nacpi_button0: \u003cSleep Button\u003e on acpi0\npcib0: \u003cACPI Host-PCI bridge\u003e port 0xcf8-0xcff on acpi0\npci0: \u003cACPI PCI bus\u003e on pcib0\npcib1: \u003cACPI PCI-PCI bridge\u003e at device 28.0 on pci0\npci1: \u003cACPI PCI bus\u003e on pcib1\npcib2: \u003cACPI PCI-PCI bridge\u003e at device 28.4 on pci0\npci2: \u003cACPI PCI bus\u003e on pcib2\npcib3: \u003cACPI PCI-PCI bridge\u003e at device 28.5 on pci0\npci3: \u003cACPI PCI bus\u003e on pcib3\nem0: \u003cIntel(R) PRO/1000 Network Connection Version - 6.7.2\u003e port 0x2000-0x201f mem 0x88100000-0x8811ffff irq 17 at device 0.0 on pci3\nem0: Ethernet address: 00:16:76:cc:3c:4e\nuhci0: \u003cUHCI (generic) USB controller\u003e port 0x3080-0x309f irq 23 at device 29.0 on pci0\nuhci0: [GIANT-LOCKED]\nusb0: \u003cUHCI (generic) USB controller\u003e on uhci0\nusb0: USB revision 1.0\nuhub0: Intel UHCI root hub, class 9/0, rev 1.00/1.00, addr 1\nuhub0: 2 ports with 2 removable, self powered\nuhci1: \u003cUHCI (generic) USB controller\u003e port 0x3060-0x307f irq 19 at device 29.1 on pci0\nuhci1: [GIANT-LOCKED]\nusb1: \u003cUHCI (generic) USB controller\u003e on uhci1\nusb1: USB revision 1.0\nuhub1: Intel UHCI root hub, class 9/0, rev 1.00/1.00, addr 1\nuhub1: 2 ports with 2 removable, self powered\nuhci2: \u003cUHCI (generic) USB controller\u003e port 0x3040-0x305f irq 18 at device 29.2 on pci0\nuhci2: [GIANT-LOCKED]\nusb2: \u003cUHCI (generic) USB controller\u003e on uhci2\nusb2: USB revision 1.0\nuhub2: Intel UHCI root hub, class 9/0, rev 1.00/1.00, addr 1\nuhub2: 2 ports with 2 removable, self powered\nuhci3: \u003cUHCI (generic) USB controller\u003e port 0x3020-0x303f irq 16 at device 29.3 on pci0\nuhci3: [GIANT-LOCKED]\nusb3: \u003cUHCI (generic) USB controller\u003e on uhci3\nusb3: USB revision 1.0\nuhub3: Intel UHCI root hub, class 9/0, rev 1.00/1.00, addr 1\nuhub3: 2 ports with 2 removable, self powered\nehci0: \u003cIntel 82801GB/R (ICH7) USB 2.0 controller\u003e mem 0x88200400-0x882007ff irq 23 at device 29.7 on pci0\nehci0: [GIANT-LOCKED]\nusb4: EHCI version 1.0\nusb4: companion controllers, 2 ports each: usb0 usb1 usb2 usb3\nusb4: \u003cIntel 82801GB/R (ICH7) USB 2.0 controller\u003e on ehci0\nusb4: USB revision 2.0\nuhub4: Intel EHCI root hub, class 9/0, rev 2.00/1.00, addr 1\nuhub4: 8 ports with 8 removable, self powered\npcib4: \u003cACPI PCI-PCI bridge\u003e at device 30.0 on pci0\npci4: \u003cACPI PCI bus\u003e on pcib4\nfxp0: \u003cIntel 82550 Pro/100 Ethernet\u003e port 0x1140-0x117f mem 0x88070000-0x88070fff,0x88040000-0x8805ffff irq 22 at device 1.0 on pci4\nmiibus0: \u003cMII bus\u003e on fxp0\ninphy0: \u003ci82555 10/100 media interface\u003e on miibus0\ninphy0:  10baseT, 10baseT-FDX, 100baseTX, 100baseTX-FDX, auto\nfxp0: Ethernet address: 00:02:b3:89:2f:ad\npci4: \u003cdisplay, VGA\u003e at device 4.0 (no driver attached)\nem1: \u003cIntel(R) PRO/1000 Network Connection Version - 6.7.2\u003e port 0x1100-0x113f mem 0x88020000-0x8803ffff,0x88000000-0x8801ffff irq 17 at device 5.0 on pci4\nem1: Ethernet address: 00:16:76:cc:3c:4f\nisab0: \u003cPCI-ISA bridge\u003e at device 31.0 on pci0\nisa0: \u003cISA bus\u003e on isab0\natapci0: \u003cIntel ICH7 UDMA100 controller\u003e port 0x1f0-0x1f7,0x3f6,0x170-0x177,0x376,0x30b0-0x30bf irq 18 at device 31.1 on pci0\nata0: \u003cATA channel 0\u003e on atapci0\nata1: \u003cATA channel 1\u003e on atapci0\natapci1: \u003cIntel ICH7 SATA300 controller\u003e port 0x30c8-0x30cf,0x30e4-0x30e7,0x30c0-0x30c7,0x30e0-0x30e3,0x30a0-0x30af mem 0x88200000-0x882003ff irq 19 at device 31.2 on pci0\nata2: \u003cATA channel 0\u003e on atapci1\nata3: \u003cATA channel 1\u003e on atapci1\nichsmb0: \u003cIntel 82801GB (ICH7) SMBus controller\u003e port 0x3000-0x301f irq 19 at device 31.3 on pci0\nichsmb0: [GIANT-LOCKED]\nsmbus0: \u003cSystem Management Bus\u003e on ichsmb0\nsmb0: \u003cSMBus generic I/O\u003e on smbus0\natkbdc0: \u003cKeyboard controller (i8042)\u003e port 0x60,0x64 irq 1 on acpi0\natkbd0: \u003cAT Keyboard\u003e irq 1 on atkbdc0\nkbd0 at atkbd0\natkbd0: [GIANT-LOCKED]\nsio0: configured irq 4 not in bitmap of probed irqs 0\nsio0: port may not be enabled\nsio0: \u003c16550A-compatible COM port\u003e port 0x3f8-0x3ff irq 4 flags 0x10 on acpi0\nsio0: type 16550A\norm0: \u003cISA Option ROMs\u003e at iomem 0xc0000-0xcafff,0xcb000-0xcc7ff on isa0\nsc0: \u003cSystem console\u003e at flags 0x100 on isa0\nsc0: VGA \u003c16 virtual consoles, flags=0x300\u003e\nvga0: \u003cGeneric ISA VGA\u003e at port 0x3c0-0x3df iomem 0xa0000-0xbffff on isa0\nugen0: American Power Conversion Back-UPS RS 1000 FW:7.g9 .I USB FW:g9, rev 1.10/1.06, addr 2\nTimecounters tick every 1.000 msec\nad0: 190782MB \u003cWDC WD2000JB-55GVA0 08.02D08\u003e at ata0-master UDMA100\nad4: 476940MB \u003cSeagate ST3500630AS 3.AAE\u003e at ata2-master SATA150\nad6: 476940MB \u003cSeagate ST3500630AS 3.AAE\u003e at ata3-master SATA150\nSMP: AP CPU #1 Launched!\nGEOM_MIRROR: Device gm0 created (id=1300309719).\nGEOM_MIRROR: Device gm0: provider ad4 detected.\nGEOM_MIRROR: Device gm0: provider ad6 detected.\nGEOM_MIRROR: Device gm0: provider ad6 activated.\nGEOM_MIRROR: Device gm0: provider ad4 activated.\nGEOM_MIRROR: Device gm0: provider mirror/gm0 launched.\nTrying to mount root from ufs:/dev/mirror/gm0s1a\nfxp0: Microcode loaded, int_delay: 1000 usec  bundle_max: 6\nfxp0: Microcode loaded, int_delay: 1000 usec  bundle_max: 6\nem1: link state changed to UP\n\nHow-To-Repeat: Perform Amanda backup using virtual tapes on WD MyBook. Or possibly, perform other operations that write several gigabytes of data to the MyBook"
}