{
 "id": 349531,
 "bug_id": 103411,
 "attachment_id": 0,
 "creation_time": "2006-09-19T22:08:37Z",
 "creator": "v.haisman@sh.cvut.cz",
 "text": "Copyright (c) 1992-2006 The FreeBSD Project.\nCopyright (c) 1979, 1980, 1983, 1986, 1988, 1989, 1991, 1992, 1993, 1994\n\tThe Regents of the University of California. All rights reserved.\nFreeBSD 6.2-PRERELEASE #0: Wed Sep 13 00:12:05 CEST 2006\n    root@logout.sh.cvut.cz:/usr/obj/usr/src/sys/LOGOUT\nWARNING: WITNESS option enabled, expect reduced performance.\nACPI APIC Table: \u003cA M I  OEMAPIC \u003e\nTimecounter \"i8254\" frequency 1193182 Hz quality 0\nCPU: Intel(R) Celeron(R) CPU 2.40GHz (2405.47-MHz 686-class CPU)\n  Origin = \"GenuineIntel\"  Id = 0xf34  Stepping = 4\n\nFeatures=0xbfebfbff\u003cFPU,VME,DE,PSE,TSC,MSR,PAE,MCE,CX8,APIC,SEP,MTRR,PGE,MCA,CMOV,PAT,PSE36,CLFLUSH,DTS,ACPI,MMX,FXSR,SSE,SSE2,SS,HTT,TM,PBE\u003e\n  Features2=0x441d\u003cSSE3,RSVD2,MON,DS_CPL,CNTX-ID,\u003cb14\u003e\u003e\nreal memory  = 787480576 (751 MB)\navail memory = 761257984 (725 MB)\nioapic0 \u003cVersion 2.0\u003e irqs 0-23 on motherboard\nnetsmb_dev: loaded\nacpi0: \u003cA M I OEMRSDT\u003e on motherboard\nacpi0: Power Button (fixed)\nTimecounter \"ACPI-fast\" frequency 3579545 Hz quality 1000\nacpi_timer0: \u003c24-bit timer at 3.579545MHz\u003e port 0x808-0x80b on acpi0\ncpu0: \u003cACPI CPU\u003e on acpi0\npcib0: \u003cACPI Host-PCI bridge\u003e port 0xcf8-0xcff on acpi0\npci0: \u003cACPI PCI bus\u003e on pcib0\nagp0: \u003cIntel 82865G (865G GMCH) SVGA controller\u003e port 0xeff0-0xeff7 mem\n0xf0000000-0xf7ffffff,0xfe780000-0xfe7fffff irq 16 at device 2.0 on pci0\nagp0: detected 16252k stolen memory\nagp0: aperture size is 128M\nuhci0: \u003cIntel 82801EB (ICH5) USB controller USB-A\u003e port 0xef00-0xef1f\nirq 16 at device 29.0 on pci0\nuhci0: [GIANT-LOCKED]\nusb0: \u003cIntel 82801EB (ICH5) USB controller USB-A\u003e on uhci0\nusb0: USB revision 1.0\nuhub0: Intel UHCI root hub, class 9/0, rev 1.00/1.00, addr 1\nuhub0: 2 ports with 2 removable, self powered\nuhci1: \u003cIntel 82801EB (ICH5) USB controller USB-B\u003e port 0xef20-0xef3f\nirq 19 at device 29.1 on pci0\nuhci1: [GIANT-LOCKED]\nusb1: \u003cIntel 82801EB (ICH5) USB controller USB-B\u003e on uhci1\nusb1: USB revision 1.0\nuhub1: Intel UHCI root hub, class 9/0, rev 1.00/1.00, addr 1\nuhub1: 2 ports with 2 removable, self powered\nuhci2: \u003cIntel 82801EB (ICH5) USB controller USB-C\u003e port 0xef40-0xef5f\nirq 18 at device 29.2 on pci0\nuhci2: [GIANT-LOCKED]\nusb2: \u003cIntel 82801EB (ICH5) USB controller USB-C\u003e on uhci2\nusb2: USB revision 1.0\nuhub2: Intel UHCI root hub, class 9/0, rev 1.00/1.00, addr 1\nuhub2: 2 ports with 2 removable, self powered\nuhci3: \u003cIntel 82801EB (ICH5) USB controller USB-D\u003e port 0xef80-0xef9f\nirq 16 at device 29.3 on pci0\nuhci3: [GIANT-LOCKED]\nusb3: \u003cIntel 82801EB (ICH5) USB controller USB-D\u003e on uhci3\nusb3: USB revision 1.0\nuhub3: Intel UHCI root hub, class 9/0, rev 1.00/1.00, addr 1\nuhub3: 2 ports with 2 removable, self powered\nehci0: \u003cIntel 82801EB/R (ICH5) USB 2.0 controller\u003e mem\n0xfe77bc00-0xfe77bfff irq 23 at device 29.7 on pci0\nehci0: [GIANT-LOCKED]\nusb4: EHCI version 1.0\nusb4: companion controllers, 2 ports each: usb0 usb1 usb2 usb3\nusb4: \u003cIntel 82801EB/R (ICH5) USB 2.0 controller\u003e on ehci0\nusb4: USB revision 2.0\nuhub4: Intel EHCI root hub, class 9/0, rev 2.00/1.00, addr 1\nuhub4: 8 ports with 8 removable, self powered\npcib1: \u003cACPI PCI-PCI bridge\u003e at device 30.0 on pci0\npci1: \u003cACPI PCI bus\u003e on pcib1\nrl0: \u003cRealTek 8139 10/100BaseTX\u003e port 0xd800-0xd8ff mem\n0xfe5ffc00-0xfe5ffcff irq 22 at device 3.0 on pci1\nmiibus0: \u003cMII bus\u003e on rl0\nrlphy0: \u003cRealTek internal media interface\u003e on miibus0\nrlphy0:  10baseT, 10baseT-FDX, 100baseTX, 100baseTX-FDX, auto\nrl0: Ethernet address: 00:0e:a6:b2:81:26\nfxp0: \u003cIntel 82550 Pro/100 Ethernet\u003e port 0xdf00-0xdf3f mem\n0xfe5fe000-0xfe5fefff,0xfe5c0000-0xfe5dffff irq 17 at device 9.0 on pci1\nmiibus1: \u003cMII bus\u003e on fxp0\ninphy0: \u003ci82555 10/100 media interface\u003e on miibus1\ninphy0:  10baseT, 10baseT-FDX, 100baseTX, 100baseTX-FDX, auto\nfxp0: Ethernet address: 00:02:b3:28:4a:c7\nisab0: \u003cPCI-ISA bridge\u003e at device 31.0 on pci0\nisa0: \u003cISA bus\u003e on isab0\natapci0: \u003cIntel ICH5 UDMA100 controller\u003e port\n0x1f0-0x1f7,0x3f6,0x170-0x177,0x376,0xfc00-0xfc0f at device 31.1 on pci0\nata0: \u003cATA channel 0\u003e on atapci0\nata1: \u003cATA channel 1\u003e on atapci0\nichsmb0: \u003cIntel 82801EB (ICH5) SMBus controller\u003e port 0x400-0x41f irq 17\nat device 31.3 on pci0\nichsmb0: [GIANT-LOCKED]\nsmbus0: \u003cSystem Management Bus\u003e on ichsmb0\nsmb0: \u003cSMBus generic I/O\u003e on smbus0\npci0: \u003cmultimedia, audio\u003e at device 31.5 (no driver attached)\nacpi_button0: \u003cPower Button\u003e on acpi0\natkbdc0: \u003cKeyboard controller (i8042)\u003e port 0x60,0x64 irq 1 on acpi0\natkbd0: \u003cAT Keyboard\u003e irq 1 on atkbdc0\nkbd0 at atkbd0\natkbd0: [GIANT-LOCKED]\nfdc0: \u003cfloppy drive controller (FDE)\u003e port 0x3f0-0x3f5,0x3f7 irq 6 drq 2\non acpi0\nfdc0: [FAST]\nfd0: \u003c1440-KB 3.5\" drive\u003e on fdc0 drive 0\nppc0: \u003cECP parallel printer port\u003e port 0x378-0x37f,0x778-0x77b irq 7 drq\n3 on acpi0\nppc0: SMC-like chipset (ECP/EPP/PS2/NIBBLE) in COMPATIBLE mode\nppc0: FIFO with 16/16/16 bytes threshold\nppbus0: \u003cParallel port bus\u003e on ppc0\nplip0: \u003cPLIP network interface\u003e on ppbus0\nlpt0: \u003cPrinter\u003e on ppbus0\nlpt0: Interrupt-driven port\nppi0: \u003cParallel I/O\u003e on ppbus0\nsio0: \u003c16550A-compatible COM port\u003e port 0x3f8-0x3ff irq 4 flags 0x10 on\nacpi0\nsio0: type 16550A\npmtimer0 on isa0\norm0: \u003cISA Option ROM\u003e at iomem 0xca800-0xcbfff on isa0\nsc0: \u003cSystem console\u003e at flags 0x100 on isa0\nsc0: VGA \u003c16 virtual consoles, flags=0x300\u003e\nvga0: \u003cGeneric ISA VGA\u003e at port 0x3c0-0x3df iomem 0xa0000-0xbffff on isa0\nsio1: configured irq 3 not in bitmap of probed irqs 0\nsio1: port may not be enabled\nTimecounter \"TSC\" frequency 2405469465 Hz quality 800\nTimecounters tick every 1.000 msec\nIPv6 packet filtering initialized, default to accept, logging disabled\nipfw2 (+ipv6) initialized, divert loadable, rule-based forwarding\ndisabled, default to accept, logging disabled\nad0: 190782MB \u003cSeagate ST3200826A 3.01\u003e at ata0-master UDMA100\nad2: 190782MB \u003cSeagate ST3200827A 3.AAE\u003e at ata1-master UDMA100\nGEOM_MIRROR: Device gm0 created (id=4063806135).\nGEOM_MIRROR: Device gm0: provider ad0 detected.\nGEOM_MIRROR: Device gm0: provider ad2 detected.\nGEOM_MIRROR: Device gm0: provider ad2 activated.\nGEOM_MIRROR: Device gm0: provider ad0 activated.\nGEOM_MIRROR: Device gm0: provider mirror/gm0 launched.\nTrying to mount root from ufs:/dev/mirror/gm0s1a\nWARNING: / was not properly dismounted"
}