{
 "id": 355463,
 "bug_id": 104661,
 "attachment_id": 0,
 "creation_time": "2006-10-21T21:30:16Z",
 "creator": "cryx-freebsd@h3q.com",
 "text": "Vendor: Tyan\nModel: Tomcat h1000S (S3950)\nChipset: Broadcom HT1000 (ServerWorks)\nIssues: smbus does not work, SATA needs to work in P-ATA emulation, SATA disks are detected as UDMA33 but work in full speed\n\ndmesg:\nCopyright (c) 1992-2006 The FreeBSD Project.\nCopyright (c) 1979, 1980, 1983, 1986, 1988, 1989, 1991, 1992, 1993, 1994\n        The Regents of the University of California. All rights reserved.\nFreeBSD 6.1-RELEASE-p10 #0: Thu Oct 19 15:16:05 CEST 2006\n    root@server1.dpublish.de:/usr/obj/usr/src/sys/DPUBLISH\nACPI APIC Table: \u003cA M I  OEMAPIC \u003e\nTimecounter \"i8254\" frequency 1193182 Hz quality 0\nCPU: AMD Athlon(tm) 64 X2 Dual Core Processor 4200+ (2194.51-MHz K8-class CPU)\n  Origin = \"AuthenticAMD\"  Id = 0x40fb2  Stepping = 2\n  Features=0x178bfbff\u003cFPU,VME,DE,PSE,TSC,MSR,PAE,MCE,CX8,APIC,SEP,MTRR,PGE,MCA,CMOV,PAT,PSE36,CLFLUSH,MMX,FXSR,SSE,SSE2,HTT\u003e\n  Features2=0x2001\u003cSSE3,CX16\u003e\n  AMD Features=0xea500800\u003cSYSCALL,NX,MMX+,FFXSR,RDTSCP,LM,3DNow+,3DNow\u003e\n  AMD Features2=0x1f\u003cLAHF,CMP,\u003cb2\u003e,\u003cb3\u003e,CR8\u003e\n  Cores per package: 2\nreal memory  = 2147418112 (2047 MB)\navail memory = 2062290944 (1966 MB)\nFreeBSD/SMP: Multiprocessor System Detected: 2 CPUs\n cpu0 (BSP): APIC ID:  0\n cpu1 (AP): APIC ID:  1\nMADT: Forcing active-low polarity and level trigger for SCI\nioapic0 \u003cVersion 1.1\u003e irqs 0-15 on motherboard\nioapic1 \u003cVersion 1.1\u003e irqs 16-31 on motherboard\nioapic2 \u003cVersion 1.1\u003e irqs 32-47 on motherboard\nkbd0 at kbdmux0\nacpi0: \u003cA M I OEMXSDT\u003e on motherboard\nacpi0: Power Button (fixed)\nacpi0: Sleep Button (fixed)\nTimecounter \"ACPI-safe\" frequency 3579545 Hz quality 1000\nacpi_timer0: \u003c32-bit timer at 3.579545MHz\u003e port 0x508-0x50b on acpi0\ncpu0: \u003cACPI CPU\u003e on acpi0\ncpu1: \u003cACPI CPU\u003e on acpi0\npcib0: \u003cACPI Host-PCI bridge\u003e port 0xcf8-0xcff on acpi0\npci0: \u003cACPI PCI bus\u003e on pcib0\npcib1: \u003cACPI PCI-PCI bridge\u003e at device 1.0 on pci0\npci1: \u003cACPI PCI bus\u003e on pcib1\npcib2: \u003cACPI PCI-PCI bridge\u003e at device 13.0 on pci1\npci2: \u003cACPI PCI bus\u003e on pcib2\natapci0: \u003cGENERIC ATA controller\u003e port 0xc080-0xc087,0xc000-0xc003,0xbc00-0xbc07,0xb880-0xb883,0xb800-0xb80f mem 0xff3fe000-0xff3fffff irq 11 at device 14.0 on pci1\nata2: \u003cATA channel 0\u003e on atapci0\nata3: \u003cATA channel 1\u003e on atapci0\natapci1: \u003cGENERIC ATA controller\u003e port 0xcc00-0xcc07,0xc880-0xc883,0xc800-0xc807,0xc480-0xc483,0xc400-0xc40f irq 11 at device 14.1 on pci1\nata4: \u003cATA channel 0\u003e on atapci1\nata5: \u003cATA channel 1\u003e on atapci1\natapci2: \u003cGENERIC ATA controller\u003e port 0x1f0-0x1f7,0x3f6,0x170-0x177,0x376,0xffa0-0xffaf at device 2.1 on pci0\nata0: \u003cATA channel 0\u003e on atapci2\nata1: \u003cATA channel 1\u003e on atapci2\nisab0: \u003cPCI-ISA bridge\u003e at device 2.2 on pci0\nisa0: \u003cISA bus\u003e on isab0\nohci0: \u003cOHCI (generic) USB controller\u003e port 0xe000-0xe0ff mem 0xff6b4000-0xff6b4fff irq 10 at device 3.0 on pci0\nohci0: [GIANT-LOCKED]\nusb0: OHCI version 1.0, legacy support\nusb0: SMM does not respond, resetting\nusb0: \u003cOHCI (generic) USB controller\u003e on ohci0\nusb0: USB revision 1.0\nuhub0: (0x1166) OHCI root hub, class 9/0, rev 1.00/1.00, addr 1\nuhub0: 2 ports with 2 removable, self powered\nohci1: \u003cOHCI (generic) USB controller\u003e port 0xe400-0xe4ff mem 0xff6b5000-0xff6b5fff irq 10 at device 3.1 on pci0\nohci1: [GIANT-LOCKED]\nusb1: OHCI version 1.0, legacy support\nusb1: SMM does not respond, resetting\nusb1: \u003cOHCI (generic) USB controller\u003e on ohci1\nusb1: USB revision 1.0\nuhub1: (0x1166) OHCI root hub, class 9/0, rev 1.00/1.00, addr 1\nuhub1: 2 ports with 2 removable, self powered\nehci0: \u003cEHCI (generic) USB 2.0 controller\u003e port 0xe800-0xe8ff mem 0xff6b6000-0xff6b6fff irq 10 at device 3.2 on pci0\nehci0: [GIANT-LOCKED]\nusb2: EHCI version 1.0\nusb2: companion controllers, 2 ports each: usb0 usb1\nusb2: \u003cEHCI (generic) USB 2.0 controller\u003e on ehci0\nusb2: USB revision 2.0\nuhub2: (0x1166) EHCI root hub, class 9/0, rev 2.00/1.00, addr 1\nuhub2: 4 ports with 4 removable, self powered\nem0: \u003cIntel(R) PRO/1000 Network Connection Version - 3.2.18\u003e port 0xdc00-0xdc3f mem 0xff680000-0xff69ffff,0xff660000-0xff67ffff irq 24 at device 4.0 on pci0\nem0: Ethernet address: 00:e0:81:5e:bd:f4\nem1: \u003cIntel(R) PRO/1000 Network Connection Version - 3.2.18\u003e port 0xd880-0xd8bf mem 0xff620000-0xff63ffff,0xff600000-0xff61ffff irq 25 at device 5.0 on pci0\nem1: Ethernet address: 00:e0:81:5e:bd:f5\npci0: \u003cdisplay, VGA\u003e at device 6.0 (no driver attached)\nacpi_button0: \u003cPower Button\u003e on acpi0\nsio0: configured irq 4 not in bitmap of probed irqs 0\nsio0: port may not be enabled\nsio0: \u003c16550A-compatible COM port\u003e port 0x3f8-0x3ff irq 4 flags 0x10 on acpi0\nsio0: type 16550A, console\norm0: \u003cISA Option ROMs\u003e at iomem 0xc0000-0xc7fff,0xc8000-0xc9fff on isa0\natkbdc0: \u003cKeyboard controller (i8042)\u003e at port 0x60,0x64 on isa0\nppc0: cannot reserve I/O port range\nsc0: \u003cSystem console\u003e at flags 0x100 on isa0\nsc0: VGA \u003c16 virtual consoles, flags=0x300\u003e\nsio1: configured irq 3 not in bitmap of probed irqs 0\nsio1: port may not be enabled\nvga0: \u003cGeneric ISA VGA\u003e at port 0x3c0-0x3df iomem 0xa0000-0xbffff on isa0\nTimecounters tick every 1.000 msec\nmodule_register_init: MOD_LOAD (amr_linux, 0xffffffff8062e300, 0) error 6\nad4: 238475MB \u003cSeagate ST3250820NS 3.AEE\u003e at ata2-master UDMA33\nGEOM_MIRROR: Device gm0 created (id=4289931757).\nGEOM_MIRROR: Device gm0: provider ad4 detected.\nad6: 238475MB \u003cSeagate ST3250820NS 3.AEE\u003e at ata3-master UDMA33\nGEOM_SMP: AP CPU #1 Launched!\nMIRROR: Device gm0: provider ad6 detected.\nGEOM_MIRROR: Device gm0: provider ad6 activated.\nGEOM_MIRROR: Device gm0: provider ad4 activated.\nGEOM_MIRROR: Device gm0: provider mirror/gm0 launched.\nTrying to mount root from ufs:/dev/mirror/gm0s1a"
}