{
 "id": 388359,
 "bug_id": 111734,
 "attachment_id": 0,
 "creation_time": "2007-04-16T20:20:14Z",
 "creator": "kai@xs4all.nl",
 "text": "We have 4 machines on freebsd 6.2 (dual 2ghz dualcore xeon). They are\nserving webpages (static content with a few default scripts) from an NFS\nserver. They _all_ regularly panic since we've upgraded the machines to\nnew hardware + freebsd 6.2 stable.\n\nThis is the backtrace: \n\n[GDB will not be able to debug user-mode threads: /usr/lib/libthread_db.so: Undefined symbol \"ps_pglobal_lookup\"]\nGNU gdb 6.1.1 [FreeBSD]\nCopyright 2004 Free Software Foundation, Inc.\nGDB is free software, covered by the GNU General Public License, and you are\nwelcome to change it and/or distribute copies of it under certain conditions.\nType \"show copying\" to see the conditions.\nThere is absolutely no warranty for GDB.  Type \"show warranty\" for details.\nThis GDB was configured as \"i386-marcel-freebsd\".\n\nUnread portion of the kernel message buffer:\npanic: bundirty: buffer 0xdc510d50 still on queue 1\ncpuid = 0\nUptime: 8h14m42s\nDumping 3326 MB (2 chunks)\n  chunk 0: 1MB (156 pages) ... ok\n  chunk 1: 3327MB (851552 pages) 3311 3295 3279 3263 3247 3231 3215 3199 3183 3167 3151 3135 3119 3103 3087 3071 3055 3039 3023 3007 2991 2975 2959 2943 2927 2911 2895 2879 2863 2847 2831 2815 2799 2783 2767 2751 2735 2719 2703 2687 2671 2655 2639 2623 2607 2591 2575 2559 2543 2527 2511 2495 2479 2463 2447 2431 2415 2399 2383 2367 2351 2335 2319 2303 2287 2271 2255 2239 2223 2207 2191 2175 2159 2143 2127 2111 2095 2079 2063 2047 2031 2015 1999 1983 1967 1951 1935 1919 1903 1887 1871 1855 1839 1823 1807 1791 1775 1759 1743 1727 1711 1695 1679 1663 1647 1631 1615 1599 1583 1567 1551 1535 1519 1503 1487 1471 1455 1439 1423 1407 1391 1375 1359 1343 1327 1311 1295 1279 1263 1247 1231 1215 1199 1183 1167 1151 1135 1119 1103 1087 1071 1055 1039 1023 1007 991 975 959 943 927 911 895 879 863 847 831 815 799 783 767 751 735 719 703 687 671 655 639 623 607 591 575 559 543 527 511 495 479 463 447 431 415 399 383 367 351 335 319 303 287 271 255 239 223 207 191 175 159 143 127 111 95 79 63\n  47 31 15\n\n#0  doadump () at pcpu.h:165\n165             __asm __volatile(\"movl %%fs:0,%0\" : \"=r\" (td));\n(kgdb) bt\n#0  doadump () at pcpu.h:165\n#1  0xc06708e8 in boot (howto=260) at ../../../kern/kern_shutdown.c:409\n#2  0xc0670bca in panic (\n    fmt=0xc08f7fec \"bundirty: buffer %p still on queue %d\")\n    at ../../../kern/kern_shutdown.c:565\n#3  0xc06b3409 in bundirty (bp=0xdc510d50) at ../../../kern/vfs_bio.c:1036\n#4  0xc06b3d6c in brelse (bp=0xdc510d50) at ../../../kern/vfs_bio.c:1351\n#5  0xc075e18e in nfs_writebp (bp=0xdc510d50, force=1, td=0xcf6db900)\n    at ../../../nfsclient/nfs_vnops.c:2982\n#6  0xc075e3f8 in nfs_bwrite (bp=0xdc510d50) at pcpu.h:162\n#7  0xc06b5b7d in getblk (vp=0xca312aa0, blkno=8438, size=6535, slpflag=256,\n    slptimeo=0, flags=0) at buf.h:412\n#8  0xc0751299 in nfs_getcacheblk (vp=0xca312aa0, bn=8438, size=6535,\n    td=0xcf6db900) at ../../../nfsclient/nfs_bio.c:1253\n#9  0xc0750e62 in nfs_write (ap=0x0) at ../../../nfsclient/nfs_bio.c:1069\n#10 0xc08894f2 in VOP_WRITE_APV (vop=0xc097fc00, a=0xec4babf4)\n    at vnode_if.c:698\n#11 0xc06cea9a in vn_write (fp=0xc96c7ca8, uio=0xec4bacbc,\n    active_cred=0xc8e19380, flags=0, td=0xcf6db900) at vnode_if.h:372\n#12 0xc0692867 in dofilewrite (td=0xcf6db900, fd=5, fp=0xc96c7ca8,\n    auio=0xec4bacbc, offset=Unhandled dwarf expression opcode 0x93\n) at file.h:252\n#13 0xc069270b in kern_writev (td=0xcf6db900, fd=5, auio=0xec4bacbc)\n    at ../../../kern/sys_generic.c:402\n#14 0xc0692631 in write (td=0xcf6db900, uap=0x0)\n    at ../../../kern/sys_generic.c:326\n#15 0xc087842f in syscall (frame=\n      {tf_fs = 137101371, tf_es = 1210646587, tf_ds = -1078001605, tf_edi = 137121792, tf_esi = 1210674680, tf_ebp = -1077942760, tf_isp = -330584732, tf_ebx = 1210584448, tf_edx = 4096, tf_ecx = 0, tf_eax = 4, tf_trapno = 0, tf_err = 2, tf_eip = 1210524463, tf_cs = 51, tf_eflags = 530, tf_esp = -1077942788, tf_ss = 59}) at ../../../i386/i386/trap.c:983\n#16 0xc08649ef in Xint0x80_syscall () at ../../../i386/i386/exception.s:200\n#17 0x00000033 in ?? ()\nPrevious frame inner to this frame (corrupt stack?)\n\n\nThis is the dmesg:\n\nCopyright (c) 1992-2007 The FreeBSD Project.\nCopyright (c) 1979, 1980, 1983, 1986, 1988, 1989, 1991, 1992, 1993, 1994\n        The Regents of the University of California. All rights reserved.\nFreeBSD is a registered trademark of The FreeBSD Foundation.\nFreeBSD 6.2-RELEASE-p3 #2: Thu Apr  5 14:15:19 CEST 2007\n    kai@buildmachine:/usr/src/sys/i386/compile/SMP-DEBUG\nWARNING: DIAGNOSTIC option enabled, expect reduced performance.\nTimecounter \"i8254\" frequency 1193182 Hz quality 0\nCPU: Intel(R) Xeon(R) CPU            5130  @ 2.00GHz (2000.08-MHz 686-class CPU)\n  Origin = \"GenuineIntel\"  Id = 0x6f6  Stepping = 6\n  Features=0xbfebfbff\u003cFPU,VME,DE,PSE,TSC,MSR,PAE,MCE,CX8,APIC,SEP,MTRR,PGE,MCA,CMOV,PAT,PSE36,CLFLUSH,DTS,ACPI,MMX,FXSR,SSE,SSE2,SS,HTT,TM,PBE\u003e\n  Features2=0x4e33d\u003cSSE3,RSVD2,MON,DS_CPL,VMX,TM2,\u003cb9\u003e,CX16,\u003cb14\u003e,\u003cb15\u003e,\u003cb18\u003e\u003e\n  AMD Features=0x20100000\u003cNX,LM\u003e\n  AMD Features2=0x1\u003cLAHF\u003e\n  Cores per package: 2\nreal memory  = 3489005568 (3327 MB)\navail memory = 3414216704 (3256 MB)\nACPI APIC Table: \u003cPTLTD          APIC  \u003e\nFreeBSD/SMP: Multiprocessor System Detected: 4 CPUs\n cpu0 (BSP): APIC ID:  0\n cpu1 (AP): APIC ID:  1\n cpu2 (AP): APIC ID:  6\n cpu3 (AP): APIC ID:  7\nioapic0 \u003cVersion 2.0\u003e irqs 0-23 on motherboard\nioapic1 \u003cVersion 2.0\u003e irqs 24-47 on motherboard\nkbd1 at kbdmux0\nath_hal: 0.9.17.2 (AR5210, AR5211, AR5212, RF5111, RF5112, RF2413, RF5413)\nacpi0: \u003cPTLTD   RSDT\u003e on motherboard\nacpi0: Power Button (fixed)\nTimecounter \"ACPI-fast\" frequency 3579545 Hz quality 1000\nacpi_timer0: \u003c24-bit timer at 3.579545MHz\u003e port 0x1008-0x100b on acpi0\ncpu0: \u003cACPI CPU\u003e on acpi0\nacpi_throttle0: \u003cACPI CPU Throttling\u003e on cpu0\ncpu1: \u003cACPI CPU\u003e on acpi0\nacpi_throttle1: \u003cACPI CPU Throttling\u003e on cpu1\nacpi_throttle1: failed to attach P_CNT\ndevice_attach: acpi_throttle1 attach returned 6\ncpu2: \u003cACPI CPU\u003e on acpi0\nacpi_throttle2: \u003cACPI CPU Throttling\u003e on cpu2\nacpi_throttle2: failed to attach P_CNT\ndevice_attach: acpi_throttle2 attach returned 6\ncpu3: \u003cACPI CPU\u003e on acpi0\nacpi_throttle3: \u003cACPI CPU Throttling\u003e on cpu3\nacpi_throttle3: failed to attach P_CNT\ndevice_attach: acpi_throttle3 attach returned 6\npcib0: \u003cACPI Host-PCI bridge\u003e port 0xcf8-0xcff on acpi0\npci0: \u003cACPI PCI bus\u003e on pcib0\npcib1: \u003cACPI PCI-PCI bridge\u003e at device 2.0 on pci0\npci1: \u003cACPI PCI bus\u003e on pcib1\npcib2: \u003cACPI PCI-PCI bridge\u003e irq 16 at device 0.0 on pci1\npci2: \u003cACPI PCI bus\u003e on pcib2\npcib3: \u003cACPI PCI-PCI bridge\u003e irq 16 at device 0.0 on pci2\npci3: \u003cACPI PCI bus\u003e on pcib3\npcib4: \u003cACPI PCI-PCI bridge\u003e irq 18 at device 2.0 on pci2\npci4: \u003cACPI PCI bus\u003e on pcib4\nem0: \u003cIntel(R) PRO/1000 Network Connection Version - 6.2.9\u003e port 0x2000-0x201f mem 0xdd200000-0xdd21ffff irq 18 at device 0.0 on pci4\nem0: Ethernet address: 00:30:48:32:b1:ac\nem1: \u003cIntel(R) PRO/1000 Network Connection Version - 6.2.9\u003e port 0x2020-0x203f mem 0xdd220000-0xdd23ffff irq 19 at device 0.1 on pci4\nem1: Ethernet address: 00:30:48:32:b1:ad\npcib5: \u003cACPI PCI-PCI bridge\u003e at device 0.3 on pci1\npci5: \u003cACPI PCI bus\u003e on pcib5\naac0: \u003cAdaptec SCSI RAID 2020ZCR\u003e mem 0xdc000000-0xdcffffff,0xdd000000-0xdd1fffff,0xd8000000-0xdbffffff irq 28 at device 2.0 on pci5\naac0: New comm. interface enabled\naac0: Adaptec Raid Controller 2.0.0-1\naacp0: \u003cSCSI Passthrough Bus\u003e on aac0\naacp1: \u003cSCSI Passthrough Bus\u003e on aac0\npcib6: \u003cACPI PCI-PCI bridge\u003e at device 4.0 on pci0\npci6: \u003cACPI PCI bus\u003e on pcib6\npcib7: \u003cACPI PCI-PCI bridge\u003e at device 6.0 on pci0\npci7: \u003cACPI PCI bus\u003e on pcib7\npci0: \u003cbase peripheral\u003e at device 8.0 (no driver attached)\nuhci0: \u003cUHCI (generic) USB controller\u003e port 0x1800-0x181f irq 17 at device 29.0 on pci0\nuhci0: [GIANT-LOCKED]\nusb0: \u003cUHCI (generic) USB controller\u003e on uhci0\nusb0: USB revision 1.0\nuhub0: Intel UHCI root hub, class 9/0, rev 1.00/1.00, addr 1\nuhub0: 2 ports with 2 removable, self powered\nuhci1: \u003cUHCI (generic) USB controller\u003e port 0x1820-0x183f irq 19 at device 29.1 on pci0\nuhci1: [GIANT-LOCKED]\nusb1: \u003cUHCI (generic) USB controller\u003e on uhci1\nusb1: USB revision 1.0\nuhub1: Intel UHCI root hub, class 9/0, rev 1.00/1.00, addr 1\nuhub1: 2 ports with 2 removable, self powered\nuhci2: \u003cUHCI (generic) USB controller\u003e port 0x1840-0x185f irq 18 at device 29.2 on pci0\nuhci2: [GIANT-LOCKED]\nusb2: \u003cUHCI (generic) USB controller\u003e on uhci2\nusb2: USB revision 1.0\nuhub2: Intel UHCI root hub, class 9/0, rev 1.00/1.00, addr 1\nuhub2: 2 ports with 2 removable, self powered\nuhci3: \u003cUHCI (generic) USB controller\u003e port 0x1860-0x187f irq 16 at device 29.3 on pci0\nuhci3: [GIANT-LOCKED]\nusb3: \u003cUHCI (generic) USB controller\u003e on uhci3\nusb3: USB revision 1.0\nuhub3: Intel UHCI root hub, class 9/0, rev 1.00/1.00, addr 1\nuhub3: 2 ports with 2 removable, self powered\nehci0: \u003cEHCI (generic) USB 2.0 controller\u003e mem 0xdd700000-0xdd7003ff irq 17 at device 29.7 on pci0\nehci0: [GIANT-LOCKED]\nusb4: EHCI version 1.0\nusb4: companion controllers, 2 ports each: usb0 usb1 usb2 usb3\nusb4: \u003cEHCI (generic) USB 2.0 controller\u003e on ehci0\nusb4: USB revision 2.0\nuhub4: Intel EHCI root hub, class 9/0, rev 2.00/1.00, addr 1\nuhub4: 8 ports with 8 removable, self powered\npcib8: \u003cACPI PCI-PCI bridge\u003e at device 30.0 on pci0\npci8: \u003cACPI PCI bus\u003e on pcib8\npci8: \u003cdisplay, VGA\u003e at device 1.0 (no driver attached)\nisab0: \u003cPCI-ISA bridge\u003e at device 31.0 on pci0\nisa0: \u003cISA bus\u003e on isab0\natapci0: \u003cIntel 63XXESB2 UDMA100 controller\u003e port 0x1f0-0x1f7,0x3f6,0x170-0x177,0x376,0x1880-0x188f at device 31.1 on pci0\nata0: \u003cATA channel 0\u003e on atapci0\nata1: \u003cATA channel 1\u003e on atapci0\nichsmb0: \u003cSMBus controller\u003e port 0x1100-0x111f irq 19 at device 31.3 on pci0\nichsmb0: [GIANT-LOCKED]\nsmbus0: \u003cSystem Management Bus\u003e on ichsmb0\nsmb0: \u003cSMBus generic I/O\u003e on smbus0\nacpi_button0: \u003cPower Button\u003e on acpi0\natkbdc0: \u003cKeyboard controller (i8042)\u003e port 0x60,0x64 irq 1 on acpi0\natkbd0: \u003cAT Keyboard\u003e irq 1 on atkbdc0\nkbd0 at atkbd0\natkbd0: [GIANT-LOCKED]\nsio0: \u003c16550A-compatible COM port\u003e port 0x3f8-0x3ff irq 4 flags 0x10 on acpi0\nsio0: type 16550A, console\nsio1: \u003c16550A-compatible COM port\u003e port 0x2f8-0x2ff irq 3 on acpi0\nsio1: type 16550A\nfdc0: \u003cfloppy drive controller\u003e port 0x3f0-0x3f5,0x3f7 irq 6 drq 2 on acpi0\nfdc0: does not respond\ndevice_attach: fdc0 attach returned 6\nfdc0: \u003cfloppy drive controller\u003e port 0x3f0-0x3f5,0x3f7 irq 6 drq 2 on acpi0\nfdc0: does not respond\ndevice_attach: fdc0 attach returned 6\npmtimer0 on isa0\norm0: \u003cISA Option ROMs\u003e at iomem 0xc0000-0xcafff,0xcb000-0xcf7ff on isa0\nppc0: parallel port not found.\nsc0: \u003cSystem console\u003e at flags 0x100 on isa0\nsc0: VGA \u003c16 virtual consoles, flags=0x300\u003e\nvga0: \u003cGeneric ISA VGA\u003e at port 0x3c0-0x3df iomem 0xa0000-0xbffff on isa0\nTimecounters tick every 1.000 msec\nIPv6 packet filtering initialized, default to accept, logging limited to 100 packets/entry\nipfw2 (+ipv6) initialized, divert loadable, rule-based forwarding enabled, default to accept, logging limited to 100 packets/entry by default\nacd0: DMA limited to UDMA33, controller found non-ATA66 cable\nacd0: DVDROM \u003cMATSHITADVD-ROM SR-8178/PZ16\u003e at ata0-slave UDMA33\naacd0: \u003cRAID 1 (Mirror)\u003e on aac0\naacd0: 139981MB (286681856 sectors)\nses0 at aacp0 bus 0 target 6 lun 0\nses0: \u003cSUPER GEM318 0\u003e Fixed unknown SCSI-2 device \nses0: 3.300MB/s transfers\nses0: SAF-TE Compliant Device\npass0 at aacp0 bus 0 target 0 lun 0\npass0: \u003cSEAGATE ST3146707LC 0005\u003e Fixed unknown SCSI-3 device \npass0: 3.300MB/s transfers\npass1 at aacp0 bus 0 target 1 lun 0\npass1: \u003cSEAGATE ST3146707LC 0005\u003e Fixed unknown SCSI-3 device \npass1: 3.300MB/s transfers\nSMP: AP CPU #1 Launched!\nSMP: AP CPU #2 Launched!\nSMP: AP CPU #3 Launched!\n\nKernel config:\n\ninclude GENERIC\n# saves this config in the kernel (strings -n 3 kernel | sed -n 's/^___//p')\noptions         INCLUDE_CONFIG_FILE\n\n# higher limits\noptions         MAXDSIZ=\"(1024UL*1024*1024)\"\noptions         MAXSSIZ=\"(1024UL*1024*1024)\"\noptions         DFLDSIZ=\"(256UL*1024*1024)\"\n# not needed options\nnooptions MATH_EMULATE\nnooptions MD_ROOT\nnooptions UCONSOLE\n\noptions         ASR_COMPAT      # asr old ioctls support, needed by raidutils\noptions         SEMMNS=256      # Allow enough semaphores for pgsql\n\noptions         IPFIREWALL              # firewall\noptions         IPFIREWALL_VERBOSE\noptions         IPFIREWALL_VERBOSE_LIMIT=100\noptions         IPFIREWALL_FORWARD\noptions         IPFIREWALL_DEFAULT_TO_ACCEPT\noptions         IPV6FIREWALL\noptions         IPV6FIREWALL_VERBOSE\noptions         IPV6FIREWALL_VERBOSE_LIMIT=100\noptions         IPV6FIREWALL_DEFAULT_TO_ACCEPT\noptions         TCP_DROP_SYNFIN\n\noptions         SMP                     # Symmetric MultiProcessor Kernel\n\nmakeoptions DEBUG=-g\noptions     INVARIANTS\noptions     INVARIANT_SUPPORT\noptions     DIAGNOSTIC\n\n\ndevice smb\ndevice smbus\ndevice ichsmb\n\n\ndevice iic\ndevice iicbus\ndevice iicbb\ndevice iicsmb"
}