{
 "id": 386502,
 "bug_id": 111337,
 "attachment_id": 0,
 "creation_time": "2007-04-07T00:30:04Z",
 "creator": "victor@nett.ca",
 "text": "\nWhen copying ~\u003e10MB files over the network, the system freezes occasionally;\nfor files \u003e100MB freezes almost always; no warning messages; observed with\nscp, samba, and postgres connection requiring transfer of \u003e2M records;\nsystems on the other side were WinXP, Win2003, and Linux;\n\nHardware used is Asus M2V motherboard with amd64 dual core processor;\nAttansic 1GB network card working in ndis mode and 3Com 3c905B-TX network\ncards.\n\nThis behavior occurs for both interfaces; also with Attansic disabled and\nother 3Com interface used instead; the motherboard is new, Adaptec RAID\ncontroller was moved from an older system working with freebsd 6; did not\nhave any problems before;\n\nappreciate your help;\nbelow are some more listings:\n\nfreebsd# pciconf -l\nhostb0@pci0:0:0:        class=0x060000 card=0x03511106 chip=0x03511106 rev=0x00 hdr=0x00\nhostb1@pci0:0:1:        class=0x060000 card=0x00000000 chip=0x13511106 rev=0x00 hdr=0x00\nhostb2@pci0:0:2:        class=0x060000 card=0x00000000 chip=0x23511106 rev=0x00 hdr=0x00\nhostb3@pci0:0:3:        class=0x060000 card=0x00000000 chip=0x33511106 rev=0x00 hdr=0x00\nhostb4@pci0:0:4:        class=0x060000 card=0x00000000 chip=0x43511106 rev=0x00 hdr=0x00\nioapic0@pci0:0:5:       class=0x080020 card=0x00000000 chip=0x53511106 rev=0x00 hdr=0x00\nhostb5@pci0:0:6:        class=0x060000 card=0x00000008 chip=0x62381106 rev=0x00 hdr=0x00\nhostb6@pci0:0:7:        class=0x060000 card=0x00000000 chip=0x73511106 rev=0x00 hdr=0x00\npcib1@pci0:1:0: class=0x060400 card=0x00000000 chip=0xb9991106 rev=0x00 hdr=0x01\npcib2@pci0:2:0: class=0x060400 card=0x00000000 chip=0xa2381106 rev=0x00 hdr=0x01\npcib3@pci0:3:0: class=0x060400 card=0x00000000 chip=0xc2381106 rev=0x00 hdr=0x01\npcib4@pci0:3:1: class=0x060400 card=0x00000000 chip=0xd2381106 rev=0x00 hdr=0x01\npcib5@pci0:3:2: class=0x060400 card=0x00000000 chip=0xe2381106 rev=0x00 hdr=0x01\npcib6@pci0:3:3: class=0x060400 card=0x00000000 chip=0xf2381106 rev=0x00 hdr=0x01\natapci0@pci0:15:0:      class=0x01018a card=0x05711106 chip=0x05711106 rev=0x07 hdr=0x00\nisab0@pci0:17:0:        class=0x060100 card=0x33371106 chip=0x33371106 rev=0x00 hdr=0x00\nhostb7@pci0:17:7:       class=0x060000 card=0x337e1106 chip=0x287e1106 rev=0x00 hdr=0x00\npcib7@pci0:19:0:        class=0x060400 card=0x7738c02f chip=0x337b1106 rev=0x00 hdr=0x01\npcib8@pci0:19:1:        class=0x060401 card=0xb3af9d7a chip=0x337a1106 rev=0x00 hdr=0x01\nhostb8@pci0:24:0:       class=0x060000 card=0x00000000 chip=0x11001022 rev=0x00 hdr=0x00\nhostb9@pci0:24:1:       class=0x060000 card=0x00000000 chip=0x11011022 rev=0x00 hdr=0x00\nhostb10@pci0:24:2:      class=0x060000 card=0x00000000 chip=0x11021022 rev=0x00 hdr=0x00\nhostb11@pci0:24:3:      class=0x060000 card=0x00000000 chip=0x11031022 rev=0x00 hdr=0x00\nnone0@pci2:0:0: class=0x030000 card=0x037117ee chip=0x5b601002 rev=0x00 hdr=0x00\nnone1@pci2:0:1: class=0x038000 card=0x037017ee chip=0x5b701002 rev=0x00 hdr=0x00\nndis0@pci5:0:0: class=0x020000 card=0x82261043 chip=0x10481969 rev=0xb0 hdr=0x00\naac0@pci8:7:0:  class=0x010400 card=0x02869005 chip=0x02859005 rev=0x01 hdr=0x00\nxl0@pci8:9:0:   class=0x020000 card=0x905510b7 chip=0x905510b7 rev=0x30 hdr=0x00\nfreebsd#\n\nfreebsd# dmesg\nCopyright (c) 1992-2007 The FreeBSD Project.\nCopyright (c) 1979, 1980, 1983, 1986, 1988, 1989, 1991, 1992, 1993, 1994\n        The Regents of the University of California. All rights reserved.\nFreeBSD is a registered trademark of The FreeBSD Foundation.\nFreeBSD 6.2-STABLE #0: Fri Apr  6 17:44:06 EDT 2007\n    victor@freebsd:/usr/obj/usr/src/sys/VICTOR_APR07\nTimecounter \"i8254\" frequency 1193182 Hz quality 0\nCPU: AMD Athlon(tm) 64 X2 Dual Core Processor 3800+ (1999.79-MHz K8-class CPU)\n  Origin = \"AuthenticAMD\"  Id = 0x40fb2  Stepping = 2\nFeatures=0x178bfbff\u003cFPU,VME,DE,PSE,TSC,MSR,PAE,MCE,CX8,APIC,SEP,MTRR,PGE,MCA,CMOV,PAT,PSE36,CLFLUSH,MMX,FXSR,SSE,SSE2,HTT\u003e\n  Features2=0x2001\u003cSSE3,CX16\u003e\n  AMD Features=0xea500800\u003cSYSCALL,NX,MMX+,FFXSR,RDTSCP,LM,3DNow!+,3DNow!\u003e\n  AMD Features2=0x1f\u003cLAHF,CMP,SVM,ExtAPIC,CR8\u003e\n  Cores per package: 2\nreal memory  = 1073414144 (1023 MB)\navail memory = 1023401984 (975 MB)\nkbd1 at kbdmux0\nno match for NdisMSetMiniportSecondary\nno match for NdisMPromoteMiniport\nno match for RtlUpcaseUnicodeString\nath_hal: 0.9.20.3 (AR5210, AR5211, AR5212, RF5111, RF5112, RF2413, RF5413)\nacpi0: \u003cA M I OEMRSDT\u003e on motherboard\nacpi0: Power Button (fixed)\nTimecounter \"ACPI-fast\" frequency 3579545 Hz quality 1000\nacpi_timer0: \u003c24-bit timer at 3.579545MHz\u003e port 0x808-0x80b on acpi0\ncpu0: \u003cACPI CPU\u003e on acpi0\nacpi_throttle0: \u003cACPI CPU Throttling\u003e on cpu0\npcib0: \u003cACPI Host-PCI bridge\u003e port 0xcf8-0xcff on acpi0\npci0: \u003cACPI PCI bus\u003e on pcib0\npcib1: \u003cACPI PCI-PCI bridge\u003e at device 1.0 on pci0\npci1: \u003cACPI PCI bus\u003e on pcib1\npcib2: \u003cACPI PCI-PCI bridge\u003e irq 11 at device 2.0 on pci0\npci2: \u003cACPI PCI bus\u003e on pcib2\npci2: \u003cdisplay, VGA\u003e at device 0.0 (no driver attached)\npci2: \u003cdisplay\u003e at device 0.1 (no driver attached)\npcib3: \u003cACPI PCI-PCI bridge\u003e irq 11 at device 3.0 on pci0\npci3: \u003cACPI PCI bus\u003e on pcib3\npcib4: \u003cACPI PCI-PCI bridge\u003e irq 11 at device 3.1 on pci0\npci4: \u003cACPI PCI bus\u003e on pcib4\npcib5: \u003cACPI PCI-PCI bridge\u003e irq 11 at device 3.2 on pci0\npci5: \u003cACPI PCI bus\u003e on pcib5\nndis0: \u003cAttansic L1 Gigabit Ethernet 10/100/1000Base-T Adapter\u003e mem 0xfbec0000-0xfbefffff irq 11 at device 0.0 on pci5\nndis0: NDIS API version: 5.1\nndis0: Ethernet address: 00:17:31:4f:7e:64\npcib6: \u003cACPI PCI-PCI bridge\u003e irq 11 at device 3.3 on pci0\npci6: \u003cACPI PCI bus\u003e on pcib6\natapci0: \u003cGENERIC ATA controller\u003e port 0x1f0-0x1f7,0x3f6,0x170-0x177,0x376,0xfc00-0xfc0f at device 15.0 on pci0\nata0: \u003cATA channel 0\u003e on atapci0\nata1: \u003cATA channel 1\u003e on atapci0\nisab0: \u003cPCI-ISA bridge\u003e at device 17.0 on pci0\nisa0: \u003cISA bus\u003e on isab0\npcib7: \u003cACPI PCI-PCI bridge\u003e at device 19.0 on pci0\npci7: \u003cACPI PCI bus\u003e on pcib7\npcib8: \u003cACPI PCI-PCI bridge\u003e at device 19.1 on pci0\npci8: \u003cACPI PCI bus\u003e on pcib8\naac0: \u003cAdaptec SCSI RAID 2120S\u003e mem 0xf4000000-0xf7ffffff irq 10 at device 7.0 on pci8\naac0: Enabling 64-bit address support\naac0: [FAST]\naac0: Adaptec Raid Controller 2.0.0-1\naacp0: \u003cSCSI Passthrough Bus\u003e on aac0\nxl0: \u003c3Com 3c905B-TX Fast Etherlink XL\u003e port 0xec00-0xec7f mem 0xfbfefc00-0xfbfefc7f irq 5 at device 9.0 on pci8\nmiibus0: \u003cMII bus\u003e on xl0\nxlphy0: \u003c3Com internal media interface\u003e on miibus0\nxlphy0:  10baseT, 10baseT-FDX, 100baseTX, 100baseTX-FDX, auto\nxl0: Ethernet address: 00:01:02:c8:53:19\nacpi_button0: \u003cSleep Button\u003e on acpi0\nacpi_button1: \u003cPower Button\u003e on acpi0\nfdc0: \u003cfloppy drive controller (FDE)\u003e port 0x3f0-0x3f5,0x3f7 irq 6 drq 2 on acpi0\nfdc0: [FAST]\nppc0: \u003cStandard parallel printer port\u003e port 0x378-0x37f irq 7 on acpi0\nppc0: Generic chipset (EPP/NIBBLE) in COMPATIBLE mode\nppbus0: \u003cParallel port bus\u003e on ppc0\nplip0: \u003cPLIP network interface\u003e on ppbus0\nlpt0: \u003cPrinter\u003e on ppbus0\nlpt0: Interrupt-driven port\nppi0: \u003cParallel I/O\u003e on ppbus0\nsio0: \u003c16550A-compatible COM port\u003e port 0x3f8-0x3ff irq 4 flags 0x10 on acpi0\nsio0: type 16550A\natkbdc0: \u003cKeyboard controller (i8042)\u003e port 0x60,0x64 irq 1 on acpi0\natkbd0: \u003cAT Keyboard\u003e irq 1 on atkbdc0\nkbd0 at atkbd0\natkbd0: [GIANT-LOCKED]\npsm0: \u003cPS/2 Mouse\u003e irq 12 on atkbdc0\npsm0: [GIANT-LOCKED]\npsm0: model IntelliMouse Explorer, device ID 4\norm0: \u003cISA Option ROMs\u003e at iomem 0xc0000-0xccfff,0xcd000-0xcdfff on isa0\nsc0: \u003cSystem console\u003e at flags 0x100 on isa0\nsc0: VGA \u003c16 virtual consoles, flags=0x300\u003e\nsio1: configured irq 3 not in bitmap of probed irqs 0\nsio1: port may not be enabled\nvga0: \u003cGeneric ISA VGA\u003e at port 0x3c0-0x3df iomem 0xa0000-0xbffff on isa0\nTimecounter \"TSC\" frequency 1999790753 Hz quality 800\nTimecounters tick every 1.000 msec\nacd0: CDROM \u003cCREATIVE CD5233E/C1.00\u003e at ata0-master PIO4\naacd0: \u003cRAID 1 (Mirror)\u003e on aac0\naacd0: 34998MB (71677440 sectors)\nTrying to mount root from ufs:/dev/aacd0s1a\nWARNING: / was not properly dismounted\nnetsmb_dev: loaded\n\nHow-To-Repeat: Copy a \u003e100MB file from mounted smb share to local filesystem;\nCopy a \u003e100MB file from local filesystem using scp to remote ssh server;"
}