{
 "id": 446091,
 "bug_id": 123813,
 "attachment_id": 0,
 "creation_time": "2008-05-19T10:20:01Z",
 "creator": "sroberts@internet-mail.org",
 "text": "FreeBAS machine does not stay up more than a week without rebooting with a kernel panic.\n\nThe day after each reboot, I see the following message:\n\npanic: kmem_malloc(11186176): kmem_map too small: 315637760 total allocated\n\nObviously the numbers vary for each case.\n\nHere is the /var/run/dmesg.boot output:\n\nTCP: [127.0.0.1]:58511 to [127.0.0.1]:113 tcpflags 0x2\u003cSYN\u003e; tcp_input: Connection attempt to closed port\nConnection attempt to UDP 127.0.0.1:512 from 127.0.0.1:50106\nConnection attempt to UDP 127.0.0.1:512 from 127.0.0.1:62833\nTCP: [127.0.0.1]:60351 to [127.0.0.1]:113 tcpflags 0x2\u003cSYN\u003e; tcp_input: Connection attempt to closed port\nTCP: [127.0.0.1]:55840 to [127.0.0.1]:113 tcpflags 0x2\u003cSYN\u003e; tcp_input: Connection attempt to closed port\nConnection attempt to UDP 127.0.0.1:512 from 127.0.0.1:50493\nConnection attempt to UDP 127.0.0.1:512 from 127.0.0.1:55798\npanic: kmem_malloc(11186176): kmem_map too small: 315637760 total allocated\ncpuid = 0\nUptime: 7d9h29m39s\nPhysical memory: 2023 MB\nDumping 436 MB: 421 405 389 373 357 341 325 309 293 277 261 245 229 213 197 181 165 149 133 117 101 85 69 53 37 21 5Copyright (c) 1992-2008 The FreeBSD Project.\nCopyright (c) 1979, 1980, 1983, 1986, 1988, 1989, 1991, 1992, 1993, 1994\n        The Regents of the University of California. All rights reserved.\nFreeBSD is a registered trademark of The FreeBSD Foundation.\nFreeBSD 7.0-STABLE #0: Mon Apr  7 02:59:28 BST 2008\n    \u003csnipped\u003e:/usr/obj/usr/src/sys/HAMMER\nTimecounter \"i8254\" frequency 1193182 Hz quality 0\nCPU: Intel(R) Core(TM)2 CPU          6400  @ 2.13GHz (2128.01-MHz 686-class CPU)\n  Origin = \"GenuineIntel\"  Id = 0x6f2  Stepping = 2\n  Features=0xbfebfbff\u003cFPU,VME,DE,PSE,TSC,MSR,PAE,MCE,CX8,APIC,SEP,MTRR,PGE,MCA,CMOV,PAT,PSE36,CLFLUSH,DTS,ACPI,MMX,FXSR,SSE,SSE2,SS,HTT,TM,PBE\u003e\n  Features2=0xe3bd\u003cSSE3,RSVD2,MON,DS_CPL,VMX,EST,TM2,SSSE3,CX16,xTPR,PDCM\u003e\n  AMD Features=0x20100000\u003cNX,LM\u003e\n  AMD Features2=0x1\u003cLAHF\u003e\n  Cores per package: 2\nreal memory  = 2138771456 (2039 MB)\navail memory = 2079186944 (1982 MB)\nACPI APIC Table: \u003cCOMPAQ BROADH2O\u003e\nFreeBSD/SMP: Multiprocessor System Detected: 2 CPUs\n cpu0 (BSP): APIC ID:  0\n cpu1 (AP): APIC ID:  1\nioapic0: Changing APIC ID to 1\nioapic0 \u003cVersion 2.0\u003e irqs 0-23 on motherboard\nkbd1 at kbdmux0\nacpi0: \u003cHPQOEM SLIC-BPC\u003e on motherboard\nacpi0: [ITHREAD]\nacpi0: Power Button (fixed)\nacpi0: reservation of 0, a0000 (3) failed\nacpi0: reservation of 100000, 7f700000 (3) failed\nTimecounter \"ACPI-fast\" frequency 3579545 Hz quality 1000\nacpi_timer0: \u003c24-bit timer at 3.579545MHz\u003e port 0xf808-0xf80b on acpi0\nacpi_hpet0: \u003cHigh Precision Event Timer\u003e iomem 0xfed00000-0xfed003ff on acpi0\nTimecounter \"HPET\" frequency 14318180 Hz quality 900\ncpu0: \u003cACPI CPU\u003e on acpi0\nest0: \u003cEnhanced SpeedStep Frequency Control\u003e on cpu0\np4tcc0: \u003cCPU Frequency Thermal Control\u003e on cpu0\ncpu1: \u003cACPI CPU\u003e on acpi0\nest1: \u003cEnhanced SpeedStep Frequency Control\u003e on cpu1\np4tcc1: \u003cCPU Frequency Thermal Control\u003e on cpu1\npcib0: \u003cACPI Host-PCI bridge\u003e port 0xcf8-0xcff on acpi0\npci0: \u003cACPI PCI bus\u003e on pcib0\npcib1: \u003cACPI PCI-PCI bridge\u003e irq 16 at device 1.0 on pci0\npci1: \u003cACPI PCI bus\u003e on pcib1\nnvidia0: \u003cQuadro NVS 285\u003e mem 0xf1000000-0xf1ffffff,0xe8000000-0xefffffff,0xf2000000-0xf2ffffff irq 16 at device 0.0 on pci1\nnvidia0: [GIANT-LOCKED]\nnvidia0: [ITHREAD]\npci0: \u003csimple comms\u003e at device 3.0 (no driver attached)\natapci0: \u003cIntel ATA controller\u003e port 0x2210-0x2217,0x2238-0x223b,0x2218-0x221f,0x223c-0x223f,0x21e0-0x21ef irq 18 at device 3.2 on pci0\natapci0: [ITHREAD]\nata2: \u003cATA channel 0\u003e on atapci0\nata2: [ITHREAD]\nata3: \u003cATA channel 1\u003e on atapci0\nata3: [ITHREAD]\npci0: \u003csimple comms, UART\u003e at device 3.3 (no driver attached)\nem0: \u003cIntel(R) PRO/1000 Network Connection Version - 6.7.3\u003e port 0x2100-0x211f mem 0xf0c00000-0xf0c1ffff,0xf0c25000-0xf0c25fff irq 19 at device 25.0 on pci0\nem0: Using MSI interrupt\nem0: Ethernet address: 00:0f:fe:62:5c:ed\nem0: [FILTER]\nuhci0: \u003cUHCI (generic) USB controller\u003e port 0x2120-0x213f irq 20 at device 26.0 on pci0\nuhci0: [GIANT-LOCKED]\nuhci0: [ITHREAD]\nusb0: \u003cUHCI (generic) USB controller\u003e on uhci0\nusb0: USB revision 1.0\nuhub0: \u003cIntel UHCI root hub, class 9/0, rev 1.00/1.00, addr 1\u003e on usb0\nuhub0: 2 ports with 2 removable, self powered\nuhci1: \u003cUHCI (generic) USB controller\u003e port 0x2140-0x215f irq 21 at device 26.1 on pci0\nuhci1: [GIANT-LOCKED]\nuhci1: [ITHREAD]\nusb1: \u003cUHCI (generic) USB controller\u003e on uhci1\nusb1: USB revision 1.0\nuhub1: \u003cIntel UHCI root hub, class 9/0, rev 1.00/1.00, addr 1\u003e on usb1\nuhub1: 2 ports with 2 removable, self powered\nehci0: \u003cEHCI (generic) USB 2.0 controller\u003e mem 0xf0c26000-0xf0c263ff irq 22 at device 26.7 on pci0\nehci0: [GIANT-LOCKED]\nehci0: [ITHREAD]\nusb2: EHCI version 1.0\nusb2: companion controllers, 2 ports each: usb0 usb1\nusb2: \u003cEHCI (generic) USB 2.0 controller\u003e on ehci0\nusb2: USB revision 2.0\nuhub2: \u003cIntel EHCI root hub, class 9/0, rev 2.00/1.00, addr 1\u003e on usb2\nuhub2: 4 ports with 4 removable, self powered\npcm0: \u003cIntel 82801H High Definition Audio Controller\u003e mem 0xf0c20000-0xf0c23fff irq 21 at device 27.0 on pci0\npcm0: [ITHREAD]\npcib2: \u003cACPI PCI-PCI bridge\u003e at device 28.0 on pci0\npci32: \u003cACPI PCI bus\u003e on pcib2\nuhci2: \u003cUHCI (generic) USB controller\u003e port 0x2160-0x217f irq 20 at device 29.0 on pci0\nuhci2: [GIANT-LOCKED]\nuhci2: [ITHREAD]\nusb3: \u003cUHCI (generic) USB controller\u003e on uhci2\nusb3: USB revision 1.0\nuhub3: \u003cIntel UHCI root hub, class 9/0, rev 1.00/1.00, addr 1\u003e on usb3\nuhub3: 2 ports with 2 removable, self powered\nuhci3: \u003cUHCI (generic) USB controller\u003e port 0x2180-0x219f irq 21 at device 29.1 on pci0\nuhci3: [GIANT-LOCKED]\nuhci3: [ITHREAD]\nusb4: \u003cUHCI (generic) USB controller\u003e on uhci3\nusb4: USB revision 1.0\nuhub4: \u003cIntel UHCI root hub, class 9/0, rev 1.00/1.00, addr 1\u003e on usb4\nuhub4: 2 ports with 2 removable, self powered\nehci1: \u003cEHCI (generic) USB 2.0 controller\u003e mem 0xf0c26400-0xf0c267ff irq 20 at device 29.7 on pci0\nehci1: [GIANT-LOCKED]\nehci1: [ITHREAD]\nusb5: EHCI version 1.0\nusb5: companion controllers, 2 ports each: usb3 usb4\nusb5: \u003cEHCI (generic) USB 2.0 controller\u003e on ehci1\nusb5: USB revision 2.0\nuhub5: \u003cIntel EHCI root hub, class 9/0, rev 2.00/1.00, addr 1\u003e on usb5\nuhub5: 4 ports with 4 removable, self powered\npcib3: \u003cACPI PCI-PCI bridge\u003e at device 30.0 on pci0\npci7: \u003cACPI PCI bus\u003e on pcib3\npcib4: \u003cPCI-PCI bridge\u003e at device 4.0 on pci7\npci8: \u003cPCI bus\u003e on pcib4\nfxp0: \u003cIntel 82559 Pro/100 Ethernet\u003e port 0x1100-0x113f mem 0xf0600000-0xf0600fff,0xf0400000-0xf04fffff irq 20 at device 4.0 on pci8\nmiibus0: \u003cMII bus\u003e on fxp0\ninphy0: \u003ci82555 10/100 media interface\u003e PHY 1 on miibus0\ninphy0:  10baseT, 10baseT-FDX, 100baseTX, 100baseTX-FDX, auto\nfxp0: Ethernet address: 00:02:a5:89:27:8a\nfxp0: [ITHREAD]\nfxp1: \u003cIntel 82559 Pro/100 Ethernet\u003e port 0x1140-0x117f mem 0xf0601000-0xf0601fff,0xf0500000-0xf05fffff irq 21 at device 5.0 on pci8\nmiibus1: \u003cMII bus\u003e on fxp1\ninphy1: \u003ci82555 10/100 media interface\u003e PHY 1 on miibus1\ninphy1:  10baseT, 10baseT-FDX, 100baseTX, 100baseTX-FDX, auto\nfxp1: Ethernet address: 00:02:a5:89:27:8b\nfxp1: [ITHREAD]\nisab0: \u003cPCI-ISA bridge\u003e at device 31.0 on pci0\nisa0: \u003cISA bus\u003e on isab0\natapci1: \u003cIntel ICH8 SATA300 controller\u003e port 0x1f0-0x1f7,0x3f6,0x170-0x177,0x376,0x21f0-0x21ff,0x2200-0x220f irq 18 at device 31.2 on pci0\nata0: \u003cATA channel 0\u003e on atapci1\nata0: [ITHREAD]\nata1: \u003cATA channel 1\u003e on atapci1\nata1: [ITHREAD]\nacpi_button0: \u003cPower Button\u003e on acpi0\natkbdc0: \u003cKeyboard controller (i8042)\u003e port 0x60,0x64 irq 1 on acpi0\natkbd0: \u003cAT Keyboard\u003e irq 1 on atkbdc0\nkbd0 at atkbd0\natkbd0: [GIANT-LOCKED]\natkbd0: [ITHREAD]\npsm0: \u003cPS/2 Mouse\u003e irq 12 on atkbdc0\npsm0: [GIANT-LOCKED]\npsm0: [ITHREAD]\npsm0: model IntelliMouse Explorer, device ID 4\nsio0: \u003cStandard PC COM port\u003e port 0x3f8-0x3ff irq 4 flags 0x10 on acpi0\nsio0: type 16550A\nsio0: [FILTER]\nfdc0: \u003cfloppy drive controller (FDE)\u003e port 0x3f0-0x3f5,0x3f7 irq 6 drq 2 on acpi0\nfdc0: [FILTER]\npmtimer0 on isa0\norm0: \u003cISA Option ROMs\u003e at iomem 0xc0000-0xcbfff,0xcc000-0xccfff,0xcd000-0xcdfff pnpid ORM0000 on isa0\nppc0: \u003cParallel port\u003e at port 0x378-0x37f irq 7 on isa0\nppc0: SMC-like chipset (ECP/EPP/PS2/NIBBLE) in COMPATIBLE mode\nppc0: FIFO with 16/16/13 bytes threshold\nppbus0: \u003cParallel port bus\u003e on ppc0\nppbus0: [ITHREAD]\nplip0: \u003cPLIP network interface\u003e on ppbus0\nlpt0: \u003cPrinter\u003e on ppbus0\nlpt0: Interrupt-driven port\nppi0: \u003cParallel I/O\u003e on ppbus0\nppc0: [GIANT-LOCKED]\nppc0: [ITHREAD]\nsc0: \u003cSystem console\u003e at flags 0x100 on isa0\nsc0: VGA \u003c16 virtual consoles, flags=0x300\u003e\nsio1: configured irq 3 not in bitmap of probed irqs 0\nsio1: port may not be enabled\nvga0: \u003cGeneric ISA VGA\u003e at port 0x3c0-0x3df iomem 0xa0000-0xbffff on isa0\nTimecounters tick every 1.000 msec\nipfw2 initialized, divert enabled, nat loadable, rule-based forwarding disabled, default to deny, logging limited to 10 packets/entry by default\nad0: 152627MB \u003cSeagate ST3160815AS 3.CHF\u003e at ata0-master SATA300\nacd0: DVDR \u003cATAPI DVD A DH16A1L/KH37\u003e at ata1-master SATA150\npcm0: \u003cHDA Codec: Realtek ALC262\u003e\npcm0: \u003cHDA Driver Revision: 20071129_0050\u003e\nacd0: FAILURE - INQUIRY ILLEGAL REQUEST asc=0x24 ascq=0x00 \nacd0: FAILURE - INQUIRY ILLEGAL REQUEST asc=0x24 ascq=0x00 \ncd0 at ata1 bus 0 target 0 lun 0\ncd0: \u003cATAPI DVD A  DH16A1L KH37\u003e Removable CD-ROM SCSI-0 device \ncd0: 3.300MB/s transfers\ncd0: Attempt to query device size failed: NOT READY, Medium not present - tray closed\nSMP: AP CPU #1 Launched!\nTrying to mount root from ufs:/dev/ad0s1a\nWARNING: / was not properly dismounted\nWARNING: /home was not properly dismounted\n/home: mount pending error: blocks 140 files 3\nWARNING: /tmp was not properly dismounted\nWARNING: /usr was not properly dismounted\nWARNING: /var was not properly dismounted\n/var: mount pending error: blocks 4 files 1\n#\n\nFix: \n\nDon't know\nHow-To-Repeat: Leave FreeBSD machine running"
}