{
 "id": 438635,
 "bug_id": 122286,
 "attachment_id": 0,
 "creation_time": "2008-03-31T11:05:09Z",
 "creator": "matthias.apitz@oclc.org",
 "text": "additional information: 2x /var/log/messages and kernel backtrace:\n\n\n\nMar 31 10:05:34 rebelion kernel: iwi0: \u003cIntel(R) PRO/Wireless 2200BG\u003e mem 0xc8305000-0xc8305fff irq 18 at device 5.0 on pci6\nMar 31 10:05:34 rebelion kernel: iwi0: Ethernet address: 00:13:ce:a1:e6:81\nMar 31 10:05:34 rebelion kernel: iwi0: [ITHREAD]\nMar 31 10:05:36 rebelion kernel: iwi0: link state changed to UP\nMar 31 10:10:46 rebelion kernel: iwi0: ieee80211_bg_scan: active scan, ticks 321401 duration 150\nMar 31 10:10:46 rebelion kernel: iwi0: scan_next: chan   7g -\u003e   1g [active, dwell min 20 max 150]\nMar 31 10:10:46 rebelion kernel: iwi0: scan_next: chan   1g -\u003e   6g [active, dwell min 20 max 93]\nMar 31 10:10:46 rebelion kernel: iwi0: scan_next: chan   6g -\u003e  11g [active, dwell min 20 max 35]\nMar 31 10:10:46 rebelion kernel: iwi0: scan_next: stopped, [ticks 321576, dwell min 20 scanend 321552]\nMar 31 10:10:56 rebelion kernel: iwi0: ieee80211_bg_scan: active scan, ticks 331640 duration 150\nMar 31 10:10:56 rebelion kernel: iwi0: scan_next: chan   7g -\u003e   7g [active, dwell min 20 max 149]\nMar 31 10:10:56 rebelion kernel: iwi0: scan_next: chan   7g -\u003e  13g [active, dwell min 20 max 97]\nMar 31 10:10:56 rebelion kernel: iwi0: scan_next: chan  13g -\u003e   2g [active, dwell min 20 max 39]\nMar 31 10:10:56 rebelion kernel: iwi0: scan_next: stopped, [ticks 331809, dwell min 20 scanend 331790]\nMar 31 10:11:01 rebelion kernel: iwi0: ieee80211_bg_scan: active scan, ticks 336760 duration 150\nMar 31 10:11:01 rebelion kernel: iwi0: scan_next: chan   7g -\u003e   3g [active, dwell min 20 max 149]\nMar 31 10:11:01 rebelion kernel: iwi0: scan_next: chan   3g -\u003e   4g [active, dwell min 20 max 91]\nMar 31 10:11:01 rebelion kernel: iwi0: scan_next: chan   4g -\u003e   5g [active, dwell min 20 max 33]\nMar 31 10:11:01 rebelion kernel: iwi0: scan_next: stopped, [ticks 336936, dwell min 20 scanend 336910]\nMar 31 10:11:06 rebelion kernel: iwi0: ieee80211_bg_scan: active scan, ticks 341880 duration 150\nMar 31 10:11:06 rebelion kernel: iwi0: scan_next: chan   7g -\u003e   8g [active, dwell min 20 max 149]\nMar 31 10:11:06 rebelion kernel: iwi0: scan_next: chan   8g -\u003e   9g [active, dwell min 20 max 91]\nMar 31 10:11:06 rebelion kernel: iwi0: scan_next: chan   9g -\u003e  10g [active, dwell min 20 max 33]\nMar 31 10:11:07 rebelion kernel: iwi0: scan_next: stopped, [ticks 342055, dwell min 20 scanend 342030]\nMar 31 10:11:11 rebelion kernel: iwi0: ieee80211_bg_scan: active scan, ticks 347000 duration 150\nMar 31 10:11:11 rebelion kernel: iwi0: scan_next: chan   7g -\u003e  12g [active, dwell min 20 max 149]\nMar 31 10:11:12 rebelion kernel: iwi0: scan_next: chan  12g -\u003e  14g [active, dwell min 20 max 102]\nMar 31 10:11:12 rebelion kernel: iwi0: scan_next: done, [ticks 347107, dwell min 20 scanend 347150]\nMar 31 10:11:12 rebelion kernel: iwi0: notify scan done\nMar 31 10:16:14 rebelion kernel: iwi0: ieee80211_bg_scan: active scan, ticks 649278 duration 150\nMar 31 10:16:14 rebelion kernel: iwi0: scan_next: chan   7g -\u003e   1g [active, dwell min 20 max 150]\nMar 31 10:16:14 rebelion kernel: iwi0: scan_next: chan   1g -\u003e   6g [active, dwell min 20 max 92]\nMar 31 10:16:14 rebelion kernel: iwi0: scan_next: chan   6g -\u003e  11g [active, dwell min 20 max 34]\nMar 31 10:16:14 rebelion kernel: iwi0: scan_next: stopped, [ticks 649453, dwell min 20 scanend 649429]\nMar 31 10:16:19 rebelion kernel: iwi0: ieee80211_bg_scan: active scan, ticks 654398 duration 150\nMar 31 10:16:19 rebelion kernel: iwi0: scan_next: chan   7g -\u003e   7g [active, dwell min 20 max 149]\nMar 31 10:16:19 rebelion kernel: iwi0: ieee80211_add_scan: chan   7g min dwell met (654429 \u003e 654419)\nMar 31 10:16:19 rebelion kernel: iwi0: scan_next: chan   7g -\u003e  13g [active, dwell min 20 max 97]\nMar 31 10:16:19 rebelion kernel: iwi0: scan_next: chan  13g -\u003e   2g [active, dwell min 20 max 39]\nMar 31 10:16:19 rebelion kernel: iwi0: scan_next: stopped, [ticks 654567, dwell min 20 scanend 654548]\nMar 31 10:16:24 rebelion kernel: iwi0: ieee80211_bg_scan: active scan, ticks 659518 duration 150\nMar 31 10:16:24 rebelion kernel: iwi0: scan_next: chan   7g -\u003e   3g [active, dwell min 20 max 149]\nMar 31 10:16:24 rebelion kernel: iwi0: scan_next: chan   3g -\u003e   4g [active, dwell min 20 max 92]\nMar 31 10:16:24 rebelion kernel: iwi0: scan_next: chan   4g -\u003e   5g [active, dwell min 20 max 33]\nMar 31 10:16:24 rebelion kernel: iwi0: scan_next: stopped, [ticks 659693, dwell min 20 scanend 659668]\nMar 31 10:16:29 rebelion kernel: iwi0: ieee80211_bg_scan: active scan, ticks 664638 duration 150\nMar 31 10:16:29 rebelion kernel: iwi0: scan_next: chan   7g -\u003e   8g [active, dwell min 20 max 149]\nMar 31 10:16:29 rebelion kernel: iwi0: scan_next: chan   8g -\u003e   9g [active, dwell min 20 max 92]\nMar 31 10:16:29 rebelion kernel: iwi0: scan_next: chan   9g -\u003e  10g [active, dwell min 20 max 33]\nMar 31 10:16:29 rebelion kernel: iwi0: scan_next: stopped, [ticks 664813, dwell min 20 scanend 664788]\nMar 31 10:16:34 rebelion kernel: iwi0: ieee80211_bg_scan: active scan, ticks 669758 duration 150\nMar 31 10:16:34 rebelion kernel: iwi0: scan_next: chan   7g -\u003e  12g [active, dwell min 20 max 149]\nMar 31 10:16:34 rebelion kernel: iwi0: scan_next: chan  12g -\u003e  14g [active, dwell min 20 max 92]\nMar 31 10:16:34 rebelion kernel: iwi0: scan_next: done, [ticks 669875, dwell min 20 scanend 669908]\nMar 31 10:16:34 rebelion kernel: iwi0: notify scan done\nMar 31 10:21:37 rebelion kernel: iwi0: ieee80211_bg_scan: active scan, ticks 972036 duration 150\nMar 31 10:21:37 rebelion kernel: iwi0: scan_next: chan   7g -\u003e   1g [active, dwell min 20 max 150]\nMar 31 10:21:37 rebelion kernel: iwi0: scan_next: chan   1g -\u003e   6g [active, dwell min 20 max 93]\nMar 31 10:21:37 rebelion kernel: iwi0: scan_next: chan   6g -\u003e  11g [active, dwell min 20 max 34]\nMar 31 10:21:37 rebelion kernel: iwi0: scan_next: stopped, [ticks 972211, dwell min 20 scanend 972187]\nMar 31 10:21:42 rebelion kernel: iwi0: ieee80211_bg_scan: active scan, ticks 977156 duration 150\nMar 31 10:21:42 rebelion kernel: iwi0: scan_next: chan   7g -\u003e   7g [active, dwell min 20 max 149]\nMar 31 10:21:42 rebelion kernel: iwi0: ieee80211_add_scan: chan   7g min dwell met (977188 \u003e 977177)\nMar 31 10:21:42 rebelion kernel: iwi0: scan_next: chan   7g -\u003e  13g [active, dwell min 20 max 97]\nMar 31 10:21:42 rebelion kernel: iwi0: scan_next: chan  13g -\u003e   2g [active, dwell min 20 max 39]\nMar 31 10:21:42 rebelion kernel: iwi0: scan_next: stopped, [ticks 977326, dwell min 20 scanend 977306]\nMar 31 10:21:47 rebelion kernel: iwi0: ieee80211_bg_scan: active scan, ticks 982275 duration 150\nMar 31 10:21:47 rebelion kernel: iwi0: scan_next: chan   7g -\u003e   3g [active, dwell min 20 max 149]\nMar 31 10:21:47 rebelion kernel: iwi0: scan_next: chan   3g -\u003e   4g [active, dwell min 20 max 92]\nMar 31 10:21:47 rebelion kernel: iwi0: scan_next: chan   4g -\u003e   5g [active, dwell min 20 max 34]\nMar 31 10:21:47 rebelion kernel: iwi0: scan_next: stopped, [ticks 982450, dwell min 20 scanend 982425]\nMar 31 10:21:57 rebelion kernel: iwi0: ieee80211_bg_scan: active scan, ticks 992515 duration 150\nMar 31 10:21:57 rebelion kernel: iwi0: scan_next: chan   7g -\u003e   8g [active, dwell min 20 max 149]\nMar 31 10:21:57 rebelion kernel: iwi0: scan_next: chan   8g -\u003e   9g [active, dwell min 20 max 91]\nMar 31 10:21:57 rebelion kernel: iwi0: scan_next: chan   9g -\u003e  10g [active, dwell min 20 max 33]\nMar 31 10:21:57 rebelion kernel: iwi0: scan_next: stopped, [ticks 992690, dwell min 20 scanend 992665]\nMar 31 10:22:02 rebelion kernel: iwi0: ieee80211_bg_scan: active scan, ticks 997635 duration 150\nMar 31 10:22:02 rebelion kernel: iwi0: scan_next: chan   7g -\u003e  12g [active, dwell min 20 max 149]\nMar 31 10:22:02 rebelion kernel: iwi0: scan_next: chan  12g -\u003e  14g [active, dwell min 20 max 91]\nMar 31 10:22:02 rebelion kernel: iwi0: scan_next: done, [ticks 997752, dwell min 20 scanend 997785]\nMar 31 10:22:02 rebelion kernel: iwi0: notify scan done\nMar 31 10:22:07 rebelion kernel: iwi0: ieee80211_start_scan: active scan, duration 2147483647, desired mode auto, append, nopick, once\nMar 31 10:22:07 rebelion kernel: iwi0: scan set 1g, 6g, 11g, 7g, 13g, 2g, 3g, 4g, 5g, 8g, 9g, 10g, 12g, 14g dwell min 20 max 200\nMar 31 10:22:07 rebelion kernel: iwi0: scan_next: chan   7g -\u003e   1g [active, dwell min 20 max 200]\nMar 31 10:22:10 rebelion kernel: iwi0: ieee80211_cancel_scan: cancel active scan\nMar 31 10:22:10 rebelion kernel: iwi0: scan_next: done, [ticks 1005747, dwell min 20 scanend 2148486402]\n\nPANIC \u0026\u0026 reboot\n\nMar 31 10:23:46 rebelion syslogd: kernel boot file is /boot/kernel/kernel\n\n\nnothing in /var/crash to debug \n\n\n\nMar 31 10:23:46 rebelion syslogd: kernel boot file is /boot/kernel/kernel\nMar 31 10:23:46 rebelion kernel: Copyright (c) 1992-2008 The FreeBSD Project.\nMar 31 10:23:46 rebelion kernel: Copyright (c) 1979, 1980, 1983, 1986, 1988, 1989, 1991, 1992, 1993, 1994\nMar 31 10:23:46 rebelion kernel: The Regents of the University of California. All rights reserved.\nMar 31 10:23:46 rebelion kernel: FreeBSD is a registered trademark of The FreeBSD Foundation.\nMar 31 10:23:46 rebelion kernel: FreeBSD 7.0-RELEASE #0: Sun Feb 24 19:59:52 UTC 2008\nMar 31 10:23:46 rebelion kernel: root@logan.cse.buffalo.edu:/usr/obj/usr/src/sys/GENERIC\nMar 31 10:23:46 rebelion kernel: Timecounter \"i8254\" frequency 1193182 Hz quality 0\nMar 31 10:23:46 rebelion kernel: CPU: Intel(R) Pentium(R) M processor 2.13GHz (2128.65-MHz 686-class CPU)\nMar 31 10:23:46 rebelion kernel: Origin = \"GenuineIntel\"  Id = 0x6d8  Stepping = 8\nMar 31 10:23:46 rebelion kernel: Features=0xafe9fbff\u003cFPU,VME,DE,PSE,TSC,MSR,PAE,MCE,CX8,APIC,SEP,MTRR,PGE,MCA,CMOV,PAT,CLFLUSH,DTS,ACPI,MMX,FXSR,SSE,SSE2,SS,TM,PBE\u003e\nMar 31 10:23:46 rebelion kernel: Features2=0x180\u003cEST,TM2\u003e\nMar 31 10:23:46 rebelion kernel: AMD Features=0x100000\u003cNX\u003e\nMar 31 10:23:46 rebelion kernel: real memory  = 1072168960 (1022 MB)\nMar 31 10:23:46 rebelion kernel: avail memory = 1035542528 (987 MB)\nMar 31 10:23:46 rebelion kernel: ACPI APIC Table: \u003cFUJ    FJNB192 \u003e\nMar 31 10:23:46 rebelion kernel: ioapic0: Changing APIC ID to 1\nMar 31 10:23:46 rebelion kernel: ioapic0 \u003cVersion 2.0\u003e irqs 0-23 on motherboard\nMar 31 10:23:46 rebelion kernel: kbd1 at kbdmux0\nMar 31 10:23:46 rebelion kernel: kqemu version 0x00010300\nMar 31 10:23:46 rebelion kernel: kqemu: KQEMU installed, max_locked_mem=517100kB.\nMar 31 10:23:46 rebelion kernel: ath_hal: 0.9.20.3 (AR5210, AR5211, AR5212, RF5111, RF5112, RF2413, RF5413)\nMar 31 10:23:46 rebelion kernel: hptrr: HPT RocketRAID controller driver v1.1 (Feb 24 2008 19:59:27)\nMar 31 10:23:46 rebelion kernel: acpi0: \u003cFUJ FJNB192\u003e on motherboard\nMar 31 10:23:46 rebelion kernel: acpi0: [ITHREAD]\nMar 31 10:23:46 rebelion kernel: acpi0: Power Button (fixed)\nMar 31 10:23:46 rebelion kernel: Timecounter \"ACPI-fast\" frequency 3579545 Hz quality 1000\nMar 31 10:23:46 rebelion kernel: acpi_timer0: \u003c24-bit timer at 3.579545MHz\u003e port 0x1008-0x100b on acpi0\nMar 31 10:23:46 rebelion kernel: cpu0: \u003cACPI CPU\u003e on acpi0\nMar 31 10:23:46 rebelion kernel: est0: \u003cEnhanced SpeedStep Frequency Control\u003e on cpu0\nMar 31 10:23:46 rebelion kernel: p4tcc0: \u003cCPU Frequency Thermal Control\u003e on cpu0\nMar 31 10:23:46 rebelion kernel: pcib0: \u003cACPI Host-PCI bridge\u003e port 0xcf8-0xcff on acpi0\nMar 31 10:23:46 rebelion kernel: pci0: \u003cACPI PCI bus\u003e on pcib0\nMar 31 10:23:46 rebelion kernel: pcib1: \u003cACPI PCI-PCI bridge\u003e irq 16 at device 1.0 on pci0\nMar 31 10:23:46 rebelion kernel: pci1: \u003cACPI PCI bus\u003e on pcib1\nMar 31 10:23:46 rebelion kernel: vgapci0: \u003cVGA-compatible display\u003e port 0x3000-0x30ff mem 0xd0000000-0xd7ffffff,0xc8100000-0xc810ffff irq 16 at device 0.0 on pci1\nMar 31 10:23:46 rebelion kernel: pcib2: \u003cACPI PCI-PCI bridge\u003e irq 17 at device 28.0 on pci0\nMar 31 10:23:46 rebelion kernel: pci2: \u003cACPI PCI bus\u003e on pcib2\nMar 31 10:23:46 rebelion kernel: bge0: \u003cBroadcom NetXtreme Gigabit Ethernet Controller, ASIC rev. 0x4101\u003e mem 0xc8200000-0xc820ffff irq 16 at device 0.0 on pci2\nMar 31 10:23:46 rebelion kernel: miibus0: \u003cMII bus\u003e on bge0\nMar 31 10:23:46 rebelion kernel: brgphy0: \u003cBCM5750 10/100/1000baseTX PHY\u003e PHY 1 on miibus0\nMar 31 10:23:46 rebelion kernel: brgphy0:  10baseT, 10baseT-FDX, 100baseTX, 100baseTX-FDX, 1000baseT, 1000baseT-FDX, auto\nMar 31 10:23:46 rebelion kernel: bge0: Ethernet address: 00:0b:5d:c7:00:d0\nMar 31 10:23:46 rebelion kernel: bge0: [ITHREAD]\nMar 31 10:23:46 rebelion kernel: pcib3: \u003cACPI PCI-PCI bridge\u003e irq 16 at device 28.1 on pci0\nMar 31 10:23:46 rebelion kernel: pci3: \u003cACPI PCI bus\u003e on pcib3\nMar 31 10:23:46 rebelion kernel: uhci0: \u003cIntel 82801FB/FR/FW/FRW (ICH6) USB controller USB-A\u003e port 0x1400-0x141f irq 23 at device 29.0 on pci0\nMar 31 10:23:46 rebelion kernel: uhci0: [GIANT-LOCKED]\nMar 31 10:23:46 rebelion kernel: uhci0: [ITHREAD]\nMar 31 10:23:46 rebelion kernel: usb0: \u003cIntel 82801FB/FR/FW/FRW (ICH6) USB controller USB-A\u003e on uhci0\nMar 31 10:23:46 rebelion kernel: usb0: USB revision 1.0\nMar 31 10:23:46 rebelion kernel: uhub0: \u003cIntel UHCI root hub, class 9/0, rev 1.00/1.00, addr 1\u003e on usb0\nMar 31 10:23:46 rebelion kernel: uhub0: 2 ports with 2 removable, self powered\nMar 31 10:23:46 rebelion kernel: uhci1: \u003cIntel 82801FB/FR/FW/FRW (ICH6) USB controller USB-B\u003e port 0x1420-0x143f irq 19 at device 29.1 on pci0\nMar 31 10:23:46 rebelion kernel: uhci1: [GIANT-LOCKED]\nMar 31 10:23:46 rebelion kernel: uhci1: [ITHREAD]\nMar 31 10:23:46 rebelion kernel: usb1: \u003cIntel 82801FB/FR/FW/FRW (ICH6) USB controller USB-B\u003e on uhci1\nMar 31 10:23:46 rebelion kernel: usb1: USB revision 1.0\nMar 31 10:23:46 rebelion kernel: uhub1: \u003cIntel UHCI root hub, class 9/0, rev 1.00/1.00, addr 1\u003e on usb1\nMar 31 10:23:46 rebelion kernel: uhub1: 2 ports with 2 removable, self powered\nMar 31 10:23:46 rebelion kernel: uhci2: \u003cIntel 82801FB/FR/FW/FRW (ICH6) USB controller USB-C\u003e port 0x1440-0x145f irq 18 at device 29.2 on pci0\nMar 31 10:23:46 rebelion kernel: uhci2: [GIANT-LOCKED]\nMar 31 10:23:46 rebelion kernel: uhci2: [ITHREAD]\nMar 31 10:23:46 rebelion kernel: usb2: \u003cIntel 82801FB/FR/FW/FRW (ICH6) USB controller USB-C\u003e on uhci2\nMar 31 10:23:46 rebelion kernel: usb2: USB revision 1.0\nMar 31 10:23:46 rebelion kernel: uhub2: \u003cIntel UHCI root hub, class 9/0, rev 1.00/1.00, addr 1\u003e on usb2\nMar 31 10:23:46 rebelion kernel: uhub2: 2 ports with 2 removable, self powered\nMar 31 10:23:46 rebelion kernel: uhci3: \u003cIntel 82801FB/FR/FW/FRW (ICH6) USB controller USB-D\u003e port 0x1460-0x147f irq 16 at device 29.3 on pci0\nMar 31 10:23:46 rebelion kernel: uhci3: [GIANT-LOCKED]\nMar 31 10:23:46 rebelion kernel: uhci3: [ITHREAD]\nMar 31 10:23:46 rebelion kernel: usb3: \u003cIntel 82801FB/FR/FW/FRW (ICH6) USB controller USB-D\u003e on uhci3\nMar 31 10:23:46 rebelion kernel: usb3: USB revision 1.0\nMar 31 10:23:46 rebelion kernel: uhub3: \u003cIntel UHCI root hub, class 9/0, rev 1.00/1.00, addr 1\u003e on usb3\nMar 31 10:23:46 rebelion kernel: uhub3: 2 ports with 2 removable, self powered\nMar 31 10:23:46 rebelion kernel: ehci0: \u003cIntel 82801FB (ICH6) USB 2.0 controller\u003e mem 0xc8000000-0xc80003ff irq 23 at device 29.7 on pci0\nMar 31 10:23:46 rebelion kernel: ehci0: [GIANT-LOCKED]\nMar 31 10:23:46 rebelion kernel: ehci0: [ITHREAD]\nMar 31 10:23:46 rebelion kernel: usb4: EHCI version 1.0\nMar 31 10:23:46 rebelion kernel: usb4: companion controllers, 2 ports each: usb0 usb1 usb2 usb3\nMar 31 10:23:46 rebelion kernel: usb4: \u003cIntel 82801FB (ICH6) USB 2.0 controller\u003e on ehci0\nMar 31 10:23:46 rebelion kernel: usb4: USB revision 2.0\nMar 31 10:23:46 rebelion kernel: uhub4: \u003cIntel EHCI root hub, class 9/0, rev 2.00/1.00, addr 1\u003e on usb4\nMar 31 10:23:46 rebelion kernel: uhub4: 8 ports with 8 removable, self powered\nMar 31 10:23:46 rebelion kernel: pcib4: \u003cACPI PCI-PCI bridge\u003e at device 30.0 on pci0\nMar 31 10:23:46 rebelion kernel: pci6: \u003cACPI PCI bus\u003e on pcib4\nMar 31 10:23:46 rebelion kernel: cbb0: \u003cO2Micro OZ711M1 PCI-CardBus Bridge\u003e irq 16 at device 3.0 on pci6\nMar 31 10:23:46 rebelion kernel: cardbus0: \u003cCardBus bus\u003e on cbb0\nMar 31 10:23:46 rebelion kernel: pccard0: \u003c16-bit PCCard bus\u003e on cbb0\nMar 31 10:23:46 rebelion kernel: cbb0: [ITHREAD]\nMar 31 10:23:46 rebelion kernel: cbb1: \u003cO2Micro OZ711M1 PCI-CardBus Bridge\u003e irq 16 at device 3.1 on pci6\nMar 31 10:23:46 rebelion kernel: cardbus1: \u003cCardBus bus\u003e on cbb1\nMar 31 10:23:46 rebelion kernel: pccard1: \u003c16-bit PCCard bus\u003e on cbb1\nMar 31 10:23:46 rebelion kernel: cbb1: [ITHREAD]\nMar 31 10:23:46 rebelion kernel: pci6: \u003cbase peripheral\u003e at device 3.2 (no driver attached)\nMar 31 10:23:46 rebelion kernel: iwi0: \u003cIntel(R) PRO/Wireless 2200BG\u003e mem 0xc8305000-0xc8305fff irq 18 at device 5.0 on pci6\nMar 31 10:23:46 rebelion kernel: iwi0: Ethernet address: 00:13:ce:a1:e6:81\nMar 31 10:23:46 rebelion kernel: iwi0: [ITHREAD]\nMar 31 10:23:46 rebelion kernel: fwohci0: \u003cTexas Instruments TSB43AB21/A/AI/A-EP\u003e mem 0xc8306000-0xc83067ff,0xc8300000-0xc8303fff irq 21 at device 6.0 on pci6\nMar 31 10:23:46 rebelion kernel: fwohci0: [FILTER]\nMar 31 10:23:46 rebelion kernel: fwohci0: OHCI version 1.10 (ROM=0)\nMar 31 10:23:46 rebelion kernel: fwohci0: No. of Isochronous channels is 4.\nMar 31 10:23:46 rebelion kernel: fwohci0: EUI64 00:00:0e:10:03:54:7a:93\nMar 31 10:23:46 rebelion kernel: fwohci0: Phy 1394a available S400, 1 ports.\nMar 31 10:23:46 rebelion kernel: fwohci0: Link S400, max_rec 2048 bytes.\nMar 31 10:23:46 rebelion kernel: firewire0: \u003cIEEE1394(FireWire) bus\u003e on fwohci0\nMar 31 10:23:46 rebelion kernel: fwe0: \u003cEthernet over FireWire\u003e on firewire0\nMar 31 10:23:46 rebelion kernel: if_fwe0: Fake Ethernet address: 02:00:0e:54:7a:93\nMar 31 10:23:46 rebelion kernel: fwe0: Ethernet address: 02:00:0e:54:7a:93\nMar 31 10:23:46 rebelion kernel: fwip0: \u003cIP over FireWire\u003e on firewire0\nMar 31 10:23:46 rebelion kernel: fwip0: Firewire address: 00:00:0e:10:03:54:7a:93 @ 0xfffe00000000, S400, maxrec 2048\nMar 31 10:23:46 rebelion kernel: sbp0: \u003cSBP-2/SCSI over FireWire\u003e on firewire0\nMar 31 10:23:46 rebelion kernel: dcons_crom0: \u003cdcons configuration ROM\u003e on firewire0\nMar 31 10:23:46 rebelion kernel: dcons_crom0: bus_addr 0x151c000\nMar 31 10:23:46 rebelion kernel: fwohci0: Initiate bus reset\nMar 31 10:23:46 rebelion kernel: fwohci0: BUS reset\nMar 31 10:23:46 rebelion kernel: fwohci0: node_id=0xc800ffc0, gen=1, CYCLEMASTER mode\nMar 31 10:23:46 rebelion kernel: pcm0: \u003cIntel ICH6 (82801FB)\u003e port 0x1800-0x18ff,0x1480-0x14bf mem 0xc8000800-0xc80009ff,0xc8000400-0xc80004ff irq 17 at device 30.2 on pci0\nMar 31 10:23:46 rebelion kernel: pcm0: [ITHREAD]\nMar 31 10:23:46 rebelion kernel: pcm0: \u003cAvance Logic ALC203 AC97 Codec\u003e\nMar 31 10:23:46 rebelion kernel: pci0: \u003csimple comms, generic modem\u003e at device 30.3 (no driver attached)\nMar 31 10:23:46 rebelion kernel: isab0: \u003cPCI-ISA bridge\u003e at device 31.0 on pci0\nMar 31 10:23:46 rebelion kernel: isa0: \u003cISA bus\u003e on isab0\nMar 31 10:23:46 rebelion kernel: atapci0: \u003cIntel ICH6 UDMA100 controller\u003e port 0x1f0-0x1f7,0x3f6,0x170-0x177,0x376,0x14c0-0x14cf at device 31.1 on pci0\nMar 31 10:23:46 rebelion kernel: ata0: \u003cATA channel 0\u003e on atapci0\nMar 31 10:23:46 rebelion kernel: ata0: [ITHREAD]\nMar 31 10:23:46 rebelion kernel: ata1: \u003cATA channel 1\u003e on atapci0\nMar 31 10:23:46 rebelion kernel: ata1: [ITHREAD]\nMar 31 10:23:46 rebelion kernel: atapci1: \u003cIntel AHCI controller\u003e port 0x14f0-0x14f7,0x14e4-0x14e7,0x14e8-0x14ef,0x14e0-0x14e3,0x14d0-0x14df mem 0xc8000c00-0xc8000fff irq 19 at device 31.2 on pci0\nMar 31 10:23:46 rebelion kernel: atapci1: [ITHREAD]\nMar 31 10:23:46 rebelion kernel: atapci1: AHCI Version 01.00 controller with 4 ports detected\nMar 31 10:23:46 rebelion kernel: ata2: \u003cATA channel 0\u003e on atapci1\nMar 31 10:23:46 rebelion kernel: ata2: [ITHREAD]\nMar 31 10:23:46 rebelion kernel: ata3: \u003cATA channel 1\u003e on atapci1\nMar 31 10:23:46 rebelion kernel: ata3: port not implemented\nMar 31 10:23:46 rebelion kernel: ata3: [ITHREAD]\nMar 31 10:23:46 rebelion kernel: ata4: \u003cATA channel 2\u003e on atapci1\nMar 31 10:23:46 rebelion kernel: ata4: [ITHREAD]\nMar 31 10:23:46 rebelion kernel: ata5: \u003cATA channel 3\u003e on atapci1\nMar 31 10:23:46 rebelion kernel: ata5: port not implemented\nMar 31 10:23:46 rebelion kernel: ata5: [ITHREAD]\nMar 31 10:23:46 rebelion kernel: pci0: \u003cserial bus, SMBus\u003e at device 31.3 (no driver attached)\nMar 31 10:23:46 rebelion kernel: acpi_lid0: \u003cControl Method Lid Switch\u003e on acpi0\nMar 31 10:23:46 rebelion kernel: acpi_button0: \u003cPower Button\u003e on acpi0\nMar 31 10:23:46 rebelion kernel: acpi_acad0: \u003cAC Adapter\u003e on acpi0\nMar 31 10:23:46 rebelion kernel: battery0: \u003cACPI Control Method Battery\u003e on acpi0\nMar 31 10:23:46 rebelion kernel: battery1: \u003cACPI Control Method Battery\u003e on acpi0\nMar 31 10:23:46 rebelion kernel: atkbdc0: \u003cKeyboard controller (i8042)\u003e port 0x60,0x64 irq 1 on acpi0\nMar 31 10:23:46 rebelion kernel: atkbd0: \u003cAT Keyboard\u003e irq 1 on atkbdc0\nMar 31 10:23:46 rebelion kernel: kbd0 at atkbd0\nMar 31 10:23:46 rebelion kernel: atkbd0: [GIANT-LOCKED]\nMar 31 10:23:46 rebelion kernel: atkbd0: [ITHREAD]\nMar 31 10:23:46 rebelion kernel: psm0: \u003cPS/2 Mouse\u003e irq 12 on atkbdc0\nMar 31 10:23:46 rebelion kernel: psm0: [GIANT-LOCKED]\nMar 31 10:23:46 rebelion kernel: psm0: [ITHREAD]\nMar 31 10:23:46 rebelion kernel: psm0: model Generic PS/2 mouse, device ID 0\nMar 31 10:23:46 rebelion kernel: sio0: \u003c16550A-compatible COM port\u003e port 0x3f8-0x3ff irq 4 flags 0x10 on acpi0\nMar 31 10:23:46 rebelion kernel: sio0: type 16550A\nMar 31 10:23:46 rebelion kernel: sio0: [FILTER]\nMar 31 10:23:46 rebelion kernel: sio1 port 0x2e8-0x2ef,0x400-0x43f irq 3 drq 3 on acpi0\nMar 31 10:23:46 rebelion kernel: sio1: type 16550A\nMar 31 10:23:46 rebelion kernel: sio1: [FILTER]\nMar 31 10:23:46 rebelion kernel: pmtimer0 on isa0\nMar 31 10:23:46 rebelion kernel: orm0: \u003cISA Option ROMs\u003e at iomem 0xc0000-0xcffff,0xdc000-0xdffff pnpid ORM0000 on isa0\nMar 31 10:23:46 rebelion kernel: ppc0: \u003cParallel port\u003e at port 0x378-0x37f irq 7 on isa0\nMar 31 10:23:46 rebelion kernel: ppc0: Generic chipset (EPP/NIBBLE) in COMPATIBLE mode\nMar 31 10:23:46 rebelion kernel: ppbus0: \u003cParallel port bus\u003e on ppc0\nMar 31 10:23:46 rebelion kernel: ppbus0: [ITHREAD]\nMar 31 10:23:46 rebelion kernel: plip0: \u003cPLIP network interface\u003e on ppbus0\nMar 31 10:23:46 rebelion kernel: lpt0: \u003cPrinter\u003e on ppbus0\nMar 31 10:23:46 rebelion kernel: lpt0: Interrupt-driven port\nMar 31 10:23:46 rebelion kernel: ppi0: \u003cParallel I/O\u003e on ppbus0\nMar 31 10:23:46 rebelion kernel: ppc0: [GIANT-LOCKED]\nMar 31 10:23:46 rebelion kernel: ppc0: [ITHREAD]\nMar 31 10:23:46 rebelion kernel: sc0: \u003cSystem console\u003e at flags 0x100 on isa0\nMar 31 10:23:46 rebelion kernel: sc0: VGA \u003c16 virtual consoles, flags=0x300\u003e\nMar 31 10:23:46 rebelion kernel: vga0: \u003cGeneric ISA VGA\u003e at port 0x3c0-0x3df iomem 0xa0000-0xbffff on isa0\nMar 31 10:23:46 rebelion kernel: ugen0: \u003cALPS USB BT, class 224/1, rev 1.10/11.68, addr 2\u003e on uhub2\nMar 31 10:23:46 rebelion kernel: Timecounter \"TSC\" frequency 2128647592 Hz quality 800\nMar 31 10:23:46 rebelion kernel: Timecounters tick every 1.000 msec\nMar 31 10:23:46 rebelion kernel: hptrr: no controller detected.\nMar 31 10:23:46 rebelion kernel: firewire0: 1 nodes, maxhop \u003c= 0, cable IRM = 0 (me)\nMar 31 10:23:46 rebelion kernel: firewire0: bus manager 0 (me)\nMar 31 10:23:46 rebelion kernel: acd0: DVDR \u003cMATSHITAUJ-841Db/1.00\u003e at ata0-master UDMA33\nMar 31 10:23:46 rebelion kernel: ad4: 76319MB \u003cSeagate ST98823AS 3.03\u003e at ata2-master SATA150\nMar 31 10:23:46 rebelion kernel: acd0: FAILURE - INQUIRY ILLEGAL REQUEST asc=0x24 ascq=0x00 \nMar 31 10:23:46 rebelion kernel: cd0 at ata0 bus 0 target 0 lun 0\nMar 31 10:23:46 rebelion kernel: cd0: \u003cMATSHITA UJ-841Db 1.00\u003e Removable CD-ROM SCSI-0 device \nMar 31 10:23:46 rebelion kernel: cd0: 33.000MB/s transfers\nMar 31 10:23:46 rebelion kernel: cd0: Attempt to query device size failed: NOT READY, Medium not present\nMar 31 10:23:46 rebelion kernel: Trying to mount root from ufs:/dev/ad4s1a\nMar 31 10:23:46 rebelion kernel: WARNING: / was not properly dismounted\nMar 31 10:23:46 rebelion kernel: WARNING: /tmp was not properly dismounted\nMar 31 10:23:46 rebelion kernel: WARNING: /usr was not properly dismounted\nMar 31 10:23:46 rebelion kernel: WARNING: /var was not properly dismounted\nMar 31 10:23:46 rebelion kernel: /var: mount pending error: blocks 4 files 1\nMar 31 10:23:46 rebelion kernel: IP Filter: v4.1.28 initialized.  Default = pass all, Logging = enabled\nMar 31 10:23:46 rebelion savecore: no dumps found\nMar 31 10:23:47 rebelion root: /etc/rc: WARNING: $gnugk_enable is not set properly - see rc.conf(5).\nMar 31 10:23:49 rebelion kernel: iwi0: link state changed to UP\nMar 31 10:23:50 rebelion ipmon[1002]: 10:23:50.153624 5x iwi0 @0:35 b 193.31.10.34,137 -\u003e 193.31.10.63,137 PR udp len 20 96 OUT broadcast\nMar 31 10:24:00 rebelion ipmon[1002]: 10:24:00.195615 iwi0 @0:35 b 193.31.10.34,138 -\u003e 193.31.10.63,138 PR udp len 20 241 OUT broadcast\nMar 31 10:24:59 rebelion fsck: /dev/ad4s1e: UNREF FILE I=201  OWNER=guru MODE=100600\nMar 31 10:24:59 rebelion fsck: /dev/ad4s1e: SIZE=4096 MTIME=Mar 31 10:21 2008  (CLEARED)\nMar 31 10:24:59 rebelion fsck: /dev/ad4s1e: UNREF FILE I=210  OWNER=guru MODE=100600\nMar 31 10:24:59 rebelion fsck: /dev/ad4s1e: SIZE=0 MTIME=Mar 31 10:21 2008  (CLEARED)\nMar 31 10:24:59 rebelion fsck: /dev/ad4s1e: Reclaimed: 1 directories, 2 files, 9 fragments\nMar 31 10:24:59 rebelion fsck: /dev/ad4s1e: 611 files, 75196 used, 178610 free (418 frags, 22274 blocks, 0.2% fragmentation)\nMar 31 10:25:00 rebelion ipmon[1002]: 10:25:00.201685 iwi0 @0:35 b 193.31.10.34,138 -\u003e 193.31.10.63,138 PR udp len 20 241 OUT broadcast\nMar 31 10:25:57 rebelion login: ROOT LOGIN (root) ON ttyv0\nMar 31 10:27:00 rebelion ipmon[1002]: 10:27:00.213908 iwi0 @0:35 b 193.31.10.34,138 -\u003e 193.31.10.63,138 PR udp len 20 241 OUT broadcast\nMar 31 10:27:32 rebelion kernel: drm0: \u003cATI Radeon Mobility X600 M24\u003e on vgapci0\nMar 31 10:27:32 rebelion kernel: info: [drm] Initialized radeon 1.25.0 20060524\nMar 31 10:27:36 rebelion kernel: info: [drm] Setting GART location based on new memory map\nMar 31 10:27:36 rebelion kernel: info: [drm] Loading R300 Microcode\nMar 31 10:27:36 rebelion kernel: info: [drm] writeback test succeeded in 1 usecs\nMar 31 10:27:36 rebelion kernel: drm0: [ITHREAD]\nMar 31 10:28:57 rebelion su: guru to root on /dev/ttyp1\nMar 31 10:29:01 rebelion ipmon[1002]: 10:29:00.226129 iwi0 @0:35 b 193.31.10.34,137 -\u003e 193.31.10.63,137 PR udp len 20 78 OUT broadcast\nMar 31 10:29:52 rebelion ipmon[1002]: 10:29:51.760121 iwi0 @0:19 p 193.31.10.34,54773 -\u003e 10.0.1.98,110 PR tcp len 20 60 -S K-S OUT NAT\nMar 31 10:30:01 rebelion ipmon[1002]: 10:30:00.232249 iwi0 @0:35 b 193.31.10.34,138 -\u003e 193.31.10.63,138 PR udp len 20 241 OUT broadcast\nMar 31 10:30:52 rebelion ipmon[1002]: 10:30:51.995962 iwi0 @0:19 p 193.31.10.34,50128 -\u003e 10.0.1.98,110 PR tcp len 20 60 -S K-S OUT NAT\nMar 31 10:31:52 rebelion ipmon[1002]: 10:31:52.017071 iwi0 @0:19 p 193.31.10.34,49628 -\u003e 10.0.1.98,110 PR tcp len 20 60 -S K-S OUT NAT\nMar 31 10:32:52 rebelion ipmon[1002]: 10:32:52.035574 iwi0 @0:19 p 193.31.10.34,59165 -\u003e 10.0.1.98,110 PR tcp len 20 60 -S K-S OUT NAT\nMar 31 10:33:14 rebelion ipmon[1002]: 10:33:13.498375 iwi0 @0:21 p 193.31.10.34,1017 -\u003e 10.0.1.98,515 PR tcp len 20 60 -S K-S OUT NAT\nMar 31 10:33:29 rebelion su: guru to root on /dev/ttyp5\nMar 31 10:33:30 rebelion su: guru to root on /dev/ttyp5\nMar 31 10:33:30 rebelion kernel: tap0: Ethernet address: 00:bd:91:13:09:00\nMar 31 10:33:52 rebelion ipmon[1002]: 10:33:52.068366 iwi0 @0:19 p 193.31.10.34,59149 -\u003e 10.0.1.98,110 PR tcp len 20 60 -S K-S OUT NAT\nMar 31 10:34:00 rebelion ipmon[1002]: 10:34:00.256670 iwi0 @0:35 b 193.31.10.34,138 -\u003e 193.31.10.63,138 PR udp len 20 241 OUT broadcast\nMar 31 10:34:00 rebelion ipmon[1002]: 10:34:00.256777 iwi0 @0:35 b 193.31.10.34,137 -\u003e 193.31.10.63,137 PR udp len 20 78 OUT broadcast\nMar 31 10:34:21 rebelion kernel: iwi0: ieee80211_bg_scan: active scan, ticks 645360 duration 150\nMar 31 10:34:21 rebelion kernel: iwi0: scan_next: chan   7g -\u003e   1g [active, dwell min 20 max 150]\nMar 31 10:34:21 rebelion kernel: iwi0: scan_next: chan   1g -\u003e   6g [active, dwell min 20 max 93]\nMar 31 10:34:21 rebelion kernel: iwi0: scan_next: chan   6g -\u003e  11g [active, dwell min 20 max 34]\nMar 31 10:34:21 rebelion kernel: iwi0: scan_next: stopped, [ticks 645535, dwell min 20 scanend 645511]\nMar 31 10:34:26 rebelion kernel: iwi0: ieee80211_bg_scan: active scan, ticks 650480 duration 150\nMar 31 10:34:26 rebelion kernel: iwi0: scan_next: chan   7g -\u003e   7g [active, dwell min 20 max 149]\nMar 31 10:34:26 rebelion kernel: [00:18:4d:65:61:12] new beacon on chan 7 (bss chan 7) \"NETGEAR\"\nMar 31 10:34:26 rebelion kernel: [00:18:4d:65:61:12] caps 0x411 bintval 100 erp 0x0\nMar 31 10:34:26 rebelion kernel: iwi0: ieee80211_add_scan: chan   7g min dwell met (650516 \u003e 650501)\nMar 31 10:34:26 rebelion kernel: iwi0: scan_next: chan   7g -\u003e  13g [active, dwell min 20 max 97]\nMar 31 10:34:26 rebelion kernel: iwi0: scan_next: chan  13g -\u003e   2g [active, dwell min 20 max 39]\nMar 31 10:34:26 rebelion kernel: iwi0: scan_next: stopped, [ticks 650649, dwell min 20 scanend 650630]\nMar 31 10:34:31 rebelion kernel: iwi0: ieee80211_bg_scan: active scan, ticks 655600 duration 150\nMar 31 10:34:31 rebelion kernel: iwi0: scan_next: chan   7g -\u003e   3g [active, dwell min 20 max 149]\nMar 31 10:34:31 rebelion kernel: iwi0: scan_next: chan   3g -\u003e   4g [active, dwell min 20 max 92]\nMar 31 10:34:31 rebelion kernel: iwi0: scan_next: chan   4g -\u003e   5g [active, dwell min 20 max 33]\nMar 31 10:34:31 rebelion kernel: iwi0: scan_next: stopped, [ticks 655775, dwell min 20 scanend 655750]\nMar 31 10:34:36 rebelion kernel: iwi0: ieee80211_bg_scan: active scan, ticks 660720 duration 150\nMar 31 10:34:36 rebelion kernel: iwi0: scan_next: chan   7g -\u003e   8g [active, dwell min 20 max 149]\nMar 31 10:34:36 rebelion kernel: iwi0: scan_next: chan   8g -\u003e   9g [active, dwell min 20 max 98]\nMar 31 10:34:36 rebelion kernel: iwi0: scan_next: chan   9g -\u003e  10g [active, dwell min 20 max 40]\nMar 31 10:34:36 rebelion kernel: iwi0: scan_next: stopped, [ticks 660870, dwell min 20 scanend 660870]\nMar 31 10:34:41 rebelion kernel: iwi0: ieee80211_bg_scan: active scan, ticks 665840 duration 150\nMar 31 10:34:41 rebelion kernel: iwi0: scan_next: chan   7g -\u003e  12g [active, dwell min 20 max 149]\nMar 31 10:34:41 rebelion kernel: iwi0: scan_next: chan  12g -\u003e  14g [active, dwell min 20 max 92]\nMar 31 10:34:41 rebelion kernel: iwi0: scan_next: done, [ticks 665956, dwell min 20 scanend 665990]\nMar 31 10:34:41 rebelion kernel: iwi0: notify scan done\nMar 31 10:34:53 rebelion ipmon[1002]: 10:34:52.862148 iwi0 @0:19 p 193.31.10.34,63712 -\u003e 10.0.1.98,110 PR tcp len 20 60 -S K-S OUT NAT\nMar 31 10:35:53 rebelion ipmon[1002]: 10:35:52.898515 iwi0 @0:19 p 193.31.10.34,51324 -\u003e 10.0.1.98,110 PR tcp len 20 60 -S K-S OUT NAT\nMar 31 10:36:53 rebelion ipmon[1002]: 10:36:52.917666 iwi0 @0:19 p 193.31.10.34,63169 -\u003e 10.0.1.98,110 PR tcp len 20 60 -S K-S OUT NAT\nMar 31 10:37:45 rebelion ipmon[1002]: 10:37:45.088568 iwi0 @0:4 p 193.31.10.67,1334 -\u003e 193.31.10.34,119 PR tcp len 20 44 -S K-S IN\nMar 31 10:37:53 rebelion ipmon[1002]: 10:37:52.935987 iwi0 @0:19 p 193.31.10.34,61321 -\u003e 10.0.1.98,110 PR tcp len 20 60 -S K-S OUT NAT\nMar 31 10:38:47 rebelion ipmon[1002]: 10:38:47.156851 iwi0 @0:19 p 193.31.10.34,56644 -\u003e 10.0.1.98,110 PR tcp len 20 60 -S K-S OUT NAT\nMar 31 10:39:02 rebelion ipmon[1002]: 10:39:02.278258 iwi0 @0:35 b 193.31.10.34,138 -\u003e 193.31.10.63,138 PR udp len 20 241 OUT broadcast\nMar 31 10:39:02 rebelion ipmon[1002]: 10:39:02.301001 iwi0 @0:35 b 193.31.10.34,137 -\u003e 193.31.10.63,137 PR udp len 20 78 OUT broadcast\nMar 31 10:39:44 rebelion kernel: iwi0: ieee80211_bg_scan: active scan, ticks 968118 duration 150\nMar 31 10:39:44 rebelion kernel: iwi0: scan_next: chan   7g -\u003e   1g [active, dwell min 20 max 150]\nMar 31 10:39:44 rebelion kernel: iwi0: scan_next: chan   1g -\u003e   6g [active, dwell min 20 max 93]\nMar 31 10:39:44 rebelion kernel: iwi0: scan_next: chan   6g -\u003e  11g [active, dwell min 20 max 35]\nMar 31 10:39:44 rebelion kernel: iwi0: scan_next: stopped, [ticks 968293, dwell min 20 scanend 968269]\nMar 31 10:39:45 rebelion fsck: /dev/ad4s1f: UNREF FILE I=2315532  OWNER=guru MODE=100600\nMar 31 10:39:45 rebelion fsck: /dev/ad4s1f: SIZE=5456 MTIME=Mar 31 10:08 2008  (CLEARED)\nMar 31 10:39:45 rebelion fsck: /dev/ad4s1f: Reclaimed: 0 directories, -28 files, -1169 fragments\nMar 31 10:39:45 rebelion fsck: /dev/ad4s1f: 1062416 files, 23407476 used, 11926009 free (60265 frags, 1483218 blocks, 0.2% fragmentation)\nMar 31 10:39:47 rebelion ipmon[1002]: 10:39:47.175963 iwi0 @0:19 p 193.31.10.34,58876 -\u003e 10.0.1.98,110 PR tcp len 20 60 -S K-S OUT NAT\nMar 31 10:39:49 rebelion kernel: iwi0: ieee80211_bg_scan: active scan, ticks 973238 duration 150\nMar 31 10:39:49 rebelion kernel: iwi0: scan_next: chan   7g -\u003e   7g [active, dwell min 20 max 149]\nMar 31 10:39:49 rebelion kernel: [00:18:4d:65:61:12] new beacon on chan 7 (bss chan 7) \"NETGEAR\"\nMar 31 10:39:49 rebelion kernel: [00:18:4d:65:61:12] caps 0x411 bintval 100 erp 0x0\nMar 31 10:39:49 rebelion kernel: iwi0: ieee80211_add_scan: chan   7g min dwell met (973275 \u003e 973259)\nMar 31 10:39:49 rebelion kernel: iwi0: scan_next: chan   7g -\u003e  13g [active, dwell min 20 max 97]\nMar 31 10:39:49 rebelion kernel: iwi0: scan_next: chan  13g -\u003e   2g [active, dwell min 20 max 39]\nMar 31 10:39:51 rebelion kernel: iwi0: scan_next: stopped, [ticks 973407, dwell min 20 scanend 973388]\nMar 31 10:39:54 rebelion kernel: iwi0: ieee80211_bg_scan: active scan, ticks 978358 duration 150\nMar 31 10:39:54 rebelion kernel: iwi0: scan_next: chan   7g -\u003e   3g [active, dwell min 20 max 149]\nMar 31 10:39:54 rebelion kernel: iwi0: scan_next: chan   3g -\u003e   4g [active, dwell min 20 max 91]\nMar 31 10:39:54 rebelion kernel: iwi0: scan_next: chan   4g -\u003e   5g [active, dwell min 20 max 33]\nMar 31 10:39:54 rebelion kernel: iwi0: scan_next: stopped, [ticks 978534, dwell min 20 scanend 978508]\nMar 31 10:39:59 rebelion kernel: iwi0: ieee80211_bg_scan: active scan, ticks 983477 duration 150\nMar 31 10:39:59 rebelion kernel: iwi0: scan_next: chan   7g -\u003e   8g [active, dwell min 20 max 149]\nMar 31 10:39:59 rebelion kernel: iwi0: scan_next: chan   8g -\u003e   9g [active, dwell min 20 max 91]\nMar 31 10:39:59 rebelion kernel: iwi0: scan_next: chan   9g -\u003e  10g [active, dwell min 20 max 33]\nMar 31 10:39:59 rebelion kernel: iwi0: scan_next: stopped, [ticks 983652, dwell min 20 scanend 983627]\nMar 31 10:40:04 rebelion kernel: iwi0: ieee80211_bg_scan: active scan, ticks 988597 duration 150\nMar 31 10:40:04 rebelion kernel: iwi0: scan_next: chan   7g -\u003e  12g [active, dwell min 20 max 149]\nMar 31 10:40:04 rebelion kernel: iwi0: scan_next: chan  12g -\u003e  14g [active, dwell min 20 max 91]\nMar 31 10:40:04 rebelion kernel: iwi0: scan_next: done, [ticks 988714, dwell min 20 scanend 988747]\nMar 31 10:40:04 rebelion kernel: iwi0: notify scan done\nMar 31 10:40:09 rebelion kernel: iwi0: ieee80211_start_scan: active scan, duration 2147483647, desired mode auto, append, nopick, once\nMar 31 10:40:09 rebelion kernel: iwi0: scan set 1g, 6g, 11g, 7g, 13g, 2g, 3g, 4g, 5g, 8g, 9g, 10g, 12g, 14g dwell min 20 max 200\nMar 31 10:40:09 rebelion kernel: iwi0: scan_next: chan   7g -\u003e   1g [active, dwell min 20 max 200]\nMar 31 10:40:14 rebelion kernel: iwi0: firmware stuck in state 4, resetting\nMar 31 10:40:14 rebelion kernel: iwi0: ieee80211_cancel_scan: cancel active scan\nMar 31 10:40:14 rebelion kernel: iwi0: ieee80211_scan_flush\nMar 31 10:40:14 rebelion kernel: iwi0: scan_next: done, [ticks 998090, dwell min 20 scanend 2148477364]\nMar 31 10:40:14 rebelion kernel: iwi0: notify scan done\nMar 31 10:40:14 rebelion kernel: iwi0: link state changed to DOWN\nMar 31 10:40:16 rebelion kernel: iwi0: ieee80211_check_scan: active scan, duration 2147483647, desired mode auto, flush\nMar 31 10:40:16 rebelion kernel: iwi0: sta_pick_bss: no scan candidate\nMar 31 10:40:16 rebelion kernel: iwi0: ieee80211_start_scan: active scan, duration 2147483647, desired mode auto, flush\nMar 31 10:40:16 rebelion kernel: iwi0: scan set 1g, 6g, 11g, 7g, 13g, 2g, 3g, 4g, 5g, 8g, 9g, 10g, 12g, 14g dwell min 20 max 200\nMar 31 10:40:16 rebelion kernel: iwi0: scan_next: chan   7g -\u003e   1g [active, dwell min 20 max 200]\nMar 31 10:40:16 rebelion kernel: iwi0: scan_next: chan   1g -\u003e   6g [active, dwell min 20 max 200]\nMar 31 10:40:16 rebelion kernel: iwi0: scan_next: chan   6g -\u003e  11g [active, dwell min 20 max 200]\nMar 31 10:40:16 rebelion kernel: [00:1b:77:08:46:91] new probe_resp on chan 11 (bss chan 11) \"Free Public WiFi\"\nMar 31 10:40:16 rebelion kernel: [00:1b:77:08:46:91] caps 0x22 bintval 100 erp 0x0\nMar 31 10:40:16 rebelion kernel: [00:1b:77:08:46:91] new beacon on chan 11 (bss chan 11) \"Free Public WiFi\"\nMar 31 10:40:16 rebelion kernel: [00:1b:77:08:46:91] caps 0x22 bintval 100 erp 0x0\nMar 31 10:40:16 rebelion kernel: [00:16:b6:ec:21:84] new beacon on chan 11 (bss chan 11) \"SKT\"\nMar 31 10:40:16 rebelion kernel: [00:16:b6:ec:21:84] caps 0x411 bintval 100 erp 0x0\nMar 31 10:40:16 rebelion kernel: iwi0: ieee80211_add_scan: chan  11g min dwell met (998647 \u003e 998635)\nMar 31 10:40:16 rebelion kernel: [00:90:96:c0:d6:cc] new beacon on chan 11 (bss chan 11) \"SKT\"\nMar 31 10:40:16 rebelion kernel: [00:90:96:c0:d6:cc] caps 0x411 bintval 100 erp 0x4\nMar 31 10:40:16 rebelion kernel: [00:16:b6:ec:21:84] new beacon on chan 11 (bss chan 11) \"SKT\"\nMar 31 10:40:16 rebelion kernel: [00:16:b6:ec:21:84] caps 0x411 bintval 100 erp 0x0\nMar 31 10:40:16 rebelion kernel: [00:90:96:c0:d6:cc] new beacon on chan 11 (bss chan 11) \"SKT\"\nMar 31 10:40:16 rebelion kernel: [00:90:96:c0:d6:cc] caps 0x411 bintval 100 erp 0x4\nMar 31 10:40:16 rebelion kernel: iwi0: scan_next: chan  11g -\u003e   7g [active, dwell min 20 max 200]\nMar 31 10:40:16 rebelion kernel: [00:18:4d:65:61:12] new probe_resp on chan 7 (bss chan 7) \"NETGEAR\"\nMar 31 10:40:16 rebelion kernel: [00:18:4d:65:61:12] caps 0x411 bintval 100 erp 0x0\nMar 31 10:40:16 rebelion kernel: [00:04:e2:a1:76:0b] new probe_resp on chan 7 (bss chan 7) \"santaclara\"\nMar 31 10:40:16 rebelion kernel: [00:04:e2:a1:76:0b] caps 0x411 bintval 100 erp 0x4 country info 44 45 20 01 0d 14\nMar 31 10:40:16 rebelion kernel: [00:04:e2:a1:76:0b] new beacon on chan 7 (bss chan 7) \"santaclara\"\nMar 31 10:40:16 rebelion kernel: [00:04:e2:a1:76:0b] caps 0x411 bintval 100 erp 0x4 country info 44 45 20 01 0d 14\nMar 31 10:40:16 rebelion kernel: [00:18:4d:65:61:12] new beacon on chan 7 (bss chan 7) \"NETGEAR\"\nMar 31 10:40:16 rebelion kernel: [00:18:4d:65:61:12] caps 0x411 bintval 100 erp 0x0\nMar 31 10:40:16 rebelion kernel: iwi0: ieee80211_add_scan: chan   7g min dwell met (998874 \u003e 998844)\nMar 31 10:40:16 rebelion kernel: [00:04:e2:a1:76:0b] new beacon on chan 7 (bss chan 7) \"santaclara\"\nMar 31 10:40:16 rebelion kernel: [00:04:e2:a1:76:0b] caps 0x411 bintval 100 erp 0x4 country info 44 45 20 01 0d 14\nMar 31 10:40:16 rebelion kernel: iwi0: scan_next: chan   7g -\u003e  13g [active, dwell min 20 max 200]\nMar 31 10:40:16 rebelion kernel: iwi0: scan_next: chan  13g -\u003e   2g [active, dwell min 20 max 200]\nMar 31 10:40:16 rebelion kernel: iwi0: scan_next: chan   2g -\u003e   3g [active, dwell min 20 max 200]\nMar 31 10:40:16 rebelion kernel: iwi0: ieee80211_start_scan: active scan already in progress\nMar 31 10:40:16 rebelion kernel: iwi0: scan_next: chan   7g -\u003e   4g [active, dwell min 20 max 200]\nMar 31 10:40:16 rebelion kernel: iwi0: ieee80211_cancel_scan: cancel active scan\nMar 31 10:40:16 rebelion kernel: iwi0: [00:04:e2:a1:76:0b] ieee80211_scan_assoc_fail: reason 4294967295\nMar 31 10:40:16 rebelion kernel: iwi0: [00:04:e2:a1:76:0b] sta_assoc_fail: reason 4294967295 fails 1\nMar 31 10:40:16 rebelion kernel: iwi0: scan_next: done, [ticks 999673, dwell min 20 scanend 2148481815]\nMar 31 10:40:24 rebelion fsck: /dev/ad4s1d: LINK COUNT FILE I=94225  OWNER=operator MODE=100400\nMar 31 10:40:24 rebelion fsck: /dev/ad4s1d: SIZE=2048 MTIME=Mar 31 07:44 2008  COUNT 2 SHOULD BE 1 (ADJUSTED)\nMar 31 10:40:24 rebelion fsck: /dev/ad4s1d: LINK COUNT FILE I=94230  OWNER=operator MODE=100400\nMar 31 10:40:24 rebelion fsck: /dev/ad4s1d: SIZE=2048 MTIME=Mar 31 07:22 2008  COUNT 2 SHOULD BE 1 (ADJUSTED)\nMar 31 10:40:24 rebelion fsck: /dev/ad4s1d: LINK COUNT FILE I=94241  OWNER=operator MODE=100400\nMar 31 10:40:24 rebelion fsck: /dev/ad4s1d: SIZE=2048 MTIME=Mar 31 07:33 2008  COUNT 2 SHOULD BE 1 (ADJUSTED)\nMar 31 10:40:24 rebelion fsck: /dev/ad4s1d: LINK COUNT FILE I=94242  OWNER=operator MODE=100400\nMar 31 10:40:24 rebelion fsck: /dev/ad4s1d: SIZE=2048 MTIME=Mar 31 08:00 2008  COUNT 2 SHOULD BE 1 (ADJUSTED)\nMar 31 10:40:24 rebelion fsck: /dev/ad4s1d: LINK COUNT FILE I=94243  OWNER=operator MODE=100400\nMar 31 10:40:24 rebelion fsck: /dev/ad4s1d: SIZE=2048 MTIME=Mar 31 08:11 2008  COUNT 2 SHOULD BE 1 (ADJUSTED)\nMar 31 10:40:24 rebelion fsck: /dev/ad4s1d: LINK COUNT FILE I=94244  OWNER=operator MODE=100400\nMar 31 10:40:24 rebelion fsck: /dev/ad4s1d: SIZE=2048 MTIME=Mar 31 10:11 2008  COUNT 2 SHOULD BE 1 (ADJUSTED)\nMar 31 10:40:24 rebelion fsck: /dev/ad4s1d: LINK COUNT FILE I=94248  OWNER=operator MODE=100400\nMar 31 10:40:24 rebelion fsck: /dev/ad4s1d: SIZE=2048 MTIME=Mar 31 07:55 2008  COUNT 2 SHOULD BE 1 (ADJUSTED)\nMar 31 10:40:24 rebelion fsck: /dev/ad4s1d: Reclaimed: -2 directories, -8 files, -30 fragments\nMar 31 10:40:24 rebelion fsck: /dev/ad4s1d: 24448 files, 249259 used, 754058 free (602 frags, 94182 blocks, 0.1% fragmentation)\nMar 31 10:40:25 rebelion kernel: iwi0: ieee80211_start_scan: active scan, duration 2147483647, desired mode auto, append, nopick, once\nMar 31 10:40:25 rebelion kernel: iwi0: scan set 1g, 6g, 11g, 7g, 13g, 2g, 3g, 4g, 5g, 8g, 9g, 10g, 12g, 14g dwell min 20 max 200\nMar 31 10:40:25 rebelion kernel: iwi0: scan_next: chan   7g -\u003e   1g [active, dwell min 20 max 200]\nMar 31 10:40:25 rebelion kernel: iwi0: scan_next: chan   1g -\u003e   6g [active, dwell min 20 max 200]\nMar 31 10:40:25 rebelion kernel: iwi0: scan_next: chan   6g -\u003e  11g [active, dwell min 20 max 200]\nMar 31 10:40:26 rebelion kernel: [00:90:96:c0:d6:cc] new beacon on chan 11 (bss chan 11) \"SKT\"\nMar 31 10:40:26 rebelion kernel: [00:90:96:c0:d6:cc] caps 0x411 bintval 100 erp 0x4\nMar 31 10:40:26 rebelion kernel: iwi0: ieee80211_add_scan: chan  11g min dwell met (1009983 \u003e 1009948)\nMar 31 10:40:26 rebelion kernel: [00:1b:77:08:46:91] new beacon on chan 11 (bss chan 11) \"Free Public WiFi\"\nMar 31 10:40:26 rebelion kernel: [00:1b:77:08:46:91] caps 0x22 bintval 100 erp 0x0\nMar 31 10:40:26 rebelion kernel: [00:16:b6:ec:21:84] new beacon on chan 11 (bss chan 11) \"SKT\"\nMar 31 10:40:26 rebelion kernel: [00:16:b6:ec:21:84] caps 0x411 bintval 100 erp 0x0\nMar 31 10:40:26 rebelion kernel: [00:90:96:c0:d6:cc] new beacon on chan 11 (bss chan 11) \"SKT\"\nMar 31 10:40:26 rebelion kernel: [00:90:96:c0:d6:cc] caps 0x411 bintval 100 erp 0x4\nMar 31 10:40:26 rebelion kernel: [00:1b:77:08:46:91] new beacon on chan 11 (bss chan 11) \"Free Public WiFi\"\nMar 31 10:40:26 rebelion kernel: [00:1b:77:08:46:91] caps 0x22 bintval 100 erp 0x0\nMar 31 10:40:26 rebelion kernel: [00:16:b6:ec:21:84] new beacon on chan 11 (bss chan 11) \"SKT\"\nMar 31 10:40:26 rebelion kernel: [00:16:b6:ec:21:84] caps 0x411 bintval 100 erp 0x0\nMar 31 10:40:26 rebelion kernel: iwi0: scan_next: chan  11g -\u003e   7g [active, dwell min 20 max 200]\nMar 31 10:40:26 rebelion kernel: [00:18:4d:65:61:12] new probe_resp on chan 7 (bss chan 7) \"NETGEAR\"\nMar 31 10:40:26 rebelion kernel: [00:18:4d:65:61:12] caps 0x411 bintval 100 erp 0x0\nMar 31 10:40:26 rebelion kernel: [00:04:e2:a1:76:0b] new probe_resp on chan 7 (bss chan 7) \"santaclara\"\nMar 31 10:40:26 rebelion kernel: [00:04:e2:a1:76:0b] caps 0x411 bintval 100 erp 0x4 country info 44 45 20 01 0d 14\nMar 31 10:40:26 rebelion kernel: [00:04:e2:a1:76:0b] new beacon on chan 7 (bss chan 7) \"santaclara\"\nMar 31 10:40:26 rebelion kernel: [00:04:e2:a1:76:0b] caps 0x411 bintval 100 erp 0x4 country info 44 45 20 01 0d 14\nMar 31 10:40:26 rebelion kernel: iwi0: ieee80211_add_scan: chan   7g min dwell met (1010203 \u003e 1010176)\nMar 31 10:40:26 rebelion kernel: [00:18:4d:65:61:12] new beacon on chan 7 (bss chan 7) \"NETGEAR\"\nMar 31 10:40:26 rebelion kernel: [00:18:4d:65:61:12] caps 0x411 bintval 100 erp 0x0\nMar 31 10:40:26 rebelion kernel: [00:04:e2:a1:76:0b] new beacon on chan 7 (bss chan 7) \"santaclara\"\nMar 31 10:40:26 rebelion kernel: [00:04:e2:a1:76:0b] caps 0x411 bintval 100 erp 0x4 country info 44 45 20 01 0d 14\nMar 31 10:40:26 rebelion kernel: [00:18:4d:65:61:12] new beacon on chan 7 (bss chan 7) \"NETGEAR\"\nMar 31 10:40:26 rebelion kernel: [00:18:4d:65:61:12] caps 0x411 bintval 100 erp 0x0\nMar 31 10:40:26 rebelion kernel: iwi0: scan_next: chan   7g -\u003e  13g [active, dwell min 20 max 200]\nMar 31 10:40:26 rebelion kernel: iwi0: scan_next: chan  13g -\u003e   2g [active, dwell min 20 max 200]\nMar 31 10:40:26 rebelion kernel: iwi0: scan_next: chan   2g -\u003e   3g [active, dwell min 20 max 200]\nMar 31 10:40:27 rebelion kernel: [00:0f:c9:01:c8:a6] new beacon on chan 3 (bss chan 3) 0x000000000000\nMar 31 10:40:27 rebelion kernel: [00:0f:c9:01:c8:a6] caps 0x431 bintval 100 erp 0x0\nMar 31 10:40:27 rebelion kernel: iwi0: ieee80211_add_scan: chan   3g min dwell met (1011002 \u003e 1010843)\nMar 31 10:40:27 rebelion kernel: iwi0: scan_next: chan   3g -\u003e   4g [active, dwell min 20 max 200]\nMar 31 10:40:27 rebelion kernel: iwi0: scan_next: chan   4g -\u003e   5g [active, dwell min 20 max 200]\nMar 31 10:40:27 rebelion kernel: iwi0: scan_next: chan   5g -\u003e   8g [active, dwell min 20 max 200]\nMar 31 10:40:27 rebelion kernel: iwi0: scan_next: chan   8g -\u003e   9g [active, dwell min 20 max 200]\nMar 31 10:40:27 rebelion kernel: iwi0: scan_next: chan   9g -\u003e  10g [active, dwell min 20 max 200]\nMar 31 10:40:28 rebelion kernel: iwi0: scan_next: chan  10g -\u003e  12g [active, dwell min 20 max 200]\nMar 31 10:40:28 rebelion kernel: iwi0: scan_next: chan  12g -\u003e  14g [active, dwell min 20 max 200]\nMar 31 10:40:28 rebelion kernel: iwi0: scan_next: done, [ticks 1012577, dwell min 20 scanend 2148493117]\nMar 31 10:40:28 rebelion kernel: iwi0: notify scan done\nMar 31 10:40:28 rebelion kernel: iwi0: [00:04:e2:a1:76:0b] ieee80211_scan_assoc_success\nMar 31 10:40:28 rebelion kernel: iwi0: link state changed to UP\nMar 31 10:40:34 rebelion ipmon[1002]: 10:40:34.703379 iwi0 @0:35 b 193.31.10.34,60077 -\u003e 216.155.193.134,5050 PR tcp len 20 87 -AP OUT\nMar 31 10:40:47 rebelion ipmon[1002]: 10:40:47.200709 iwi0 @0:19 p 193.31.10.34,60558 -\u003e 10.0.1.98,110 PR tcp len 20 60 -S K-S OUT NAT\nMar 31 10:40:48 rebelion ipmon[1002]: 10:40:48.279395 iwi0 @0:35 b 193.31.10.34,60077 -\u003e 216.155.193.134,5050 PR tcp len 20 87 -AP OUT\nMar 31 10:40:49 rebelion ipmon[1002]: 10:40:49.255623 2x iwi0 @0:35 b 193.31.10.34,57502 -\u003e 207.46.109.104,1863 PR tcp len 20 57 -AP OUT\nMar 31 10:40:50 rebelion ipmon[1002]: 10:40:50.303403 iwi0 @0:35 b 193.31.10.34,57502 -\u003e 207.46.109.104,1863 PR tcp len 20 57 -AP OUT\nMar 31 10:40:51 rebelion ipmon[1002]: 10:40:51.367402 iwi0 @0:35 b 193.31.10.34,57502 -\u003e 207.46.109.104,1863 PR tcp len 20 57 -AP OUT\nMar 31 10:40:53 rebelion ipmon[1002]: 10:40:53.295409 iwi0 @0:35 b 193.31.10.34,57502 -\u003e 207.46.109.104,1863 PR tcp len 20 57 -AP OUT\nMar 31 10:40:57 rebelion ipmon[1002]: 10:40:56.951413 iwi0 @0:35 b 193.31.10.34,57502 -\u003e 207.46.109.104,1863 PR tcp len 20 57 -AP OUT\nMar 31 10:40:59 rebelion ipmon[1002]: 10:40:59.647417 iwi0 @0:35 b 193.31.10.34,57502 -\u003e 207.46.109.104,1863 PR tcp len 20 57 -AP OUT\nMar 31 10:41:04 rebelion ipmon[1942]: 10:41:04.839424 iwi0 @0:35 b 193.31.10.34,57502 -\u003e 207.46.109.104,1863 PR tcp len 20 57 -AP OUT\nMar 31 10:41:15 rebelion ipmon[1002]: 10:41:15.023447 iwi0 @0:35 b 193.31.10.34,57502 -\u003e 207.46.109.104,1863 PR tcp len 20 57 -AP OUT\nMar 31 10:41:15 rebelion ipmon[1002]: 10:41:15.231454 iwi0 @0:35 b 193.31.10.34,60077 -\u003e 216.155.193.134,5050 PR tcp len 20 87 -AP OUT\nMar 31 10:41:16 rebelion ipmon[1002]: 10:41:16.026968 iwi0 @0:35 b 193.31.10.34,60077 -\u003e 216.155.193.134,5050 PR tcp len 20 122 -AP OUT\nMar 31 10:41:35 rebelion ipmon[1002]: 10:41:35.191497 iwi0 @0:35 b 193.31.10.34,57502 -\u003e 207.46.109.104,1863 PR tcp len 20 57 -AP OUT\nMar 31 10:41:36 rebelion ipmon[1002]: 10:41:36.493138 iwi0 @0:35 b 193.31.10.34,55848 -\u003e 141.30.223.134,443 PR tcp len 20 78 -AP OUT\nMar 31 10:41:37 rebelion ipmon[1002]: 10:41:36.998485 iwi0 @0:35 b 193.31.10.34,55848 -\u003e 141.30.223.134,443 PR tcp len 20 78 -AP OUT\nMar 31 10:41:37 rebelion ipmon[1942]: 10:41:37.810485 iwi0 @0:35 b 193.31.10.34,55848 -\u003e 141.30.223.134,443 PR tcp len 20 78 -AP OUT\nMar 31 10:41:39 rebelion ipmon[1002]: 10:41:39.234489 iwi0 @0:35 b 193.31.10.34,55848 -\u003e 141.30.223.134,443 PR tcp len 20 78 -AP OUT\nMar 31 10:41:42 rebelion ipmon[1002]: 10:41:41.882493 iwi0 @0:35 b 193.31.10.34,55848 -\u003e 141.30.223.134,443 PR tcp len 20 78 -AP OUT\nMar 31 10:41:47 rebelion ipmon[1002]: 10:41:46.978502 iwi0 @0:35 b 193.31.10.34,55848 -\u003e 141.30.223.134,443 PR tcp len 20 78 -AP OUT\nMar 31 10:41:47 rebelion ipmon[1002]: 10:41:47.226323 iwi0 @0:19 p 193.31.10.34,51340 -\u003e 10.0.1.98,110 PR tcp len 20 60 -S K-S OUT NAT\nMar 31 10:41:55 rebelion ipmon[1002]: 10:41:55.114520 iwi0 @0:35 b 193.31.10.34,55848 -\u003e 141.30.223.134,443 PR tcp len 20 78 -AP OUT\nMar 31 10:42:09 rebelion ipmon[1002]: 10:42:08.935556 iwi0 @0:35 b 193.31.10.34,60077 -\u003e 216.155.193.134,5050 PR tcp len 20 122 -AP OUT\nMar 31 10:42:11 rebelion ipmon[1002]: 10:42:11.186560 iwi0 @0:35 b 193.31.10.34,55848 -\u003e 141.30.223.134,443 PR tcp len 20 78 -AP OUT\nMar 31 10:42:15 rebelion ipmon[1002]: 10:42:15.327566 iwi0 @0:35 b 193.31.10.34,57502 -\u003e 207.46.109.104,1863 PR tcp len 20 57 -AP OUT\nMar 31 10:42:16 rebelion ipmon[1002]: 10:42:16.027083 iwi0 @0:35 b 193.31.10.34,60077 -\u003e 216.155.193.134,5050 PR tcp len 20 157 -AP OUT\nMar 31 10:42:29 rebelion ipmon[1002]: 10:42:29.169208 iwi0 @0:35 b 193.31.10.34,55848 -\u003e 141.30.223.134,443 PR tcp len 20 255 -AP OUT\nMar 31 10:42:43 rebelion ipmon[1002]: 10:42:43.130608 iwi0 @0:35 b 193.31.10.34,55848 -\u003e 141.30.223.134,443 PR tcp len 20 255 -AP OUT\nMar 31 10:42:47 rebelion ipmon[1002]: 10:42:47.249926 iwi0 @0:19 p 193.31.10.34,64126 -\u003e 10.0.1.98,110 PR tcp len 20 60 -S K-S OUT NAT\nMar 31 10:42:55 rebelion ipmon[1002]: 10:42:55.463641 iwi0 @0:35 b 193.31.10.34,57502 -\u003e 207.46.109.104,1863 PR tcp len 20 57 -AP OUT\nMar 31 10:42:59 rebelion ipmon[1002]: 10:42:59.526414 2x iwi0 @0:35 b 193.31.10.34,55848 -\u003e 141.30.223.134,443 PR tcp len 20 255 -AFP OUT\nMar 31 10:43:12 rebelion ipmon[1942]: 10:43:12.935672 iwi0 @0:35 b 193.31.10.34,60077 -\u003e 216.155.193.134,5050 PR tcp len 20 157 -AP OUT\nMar 31 10:43:16 rebelion ipmon[1002]: 10:43:16.028224 iwi0 @0:35 b 193.31.10.34,60077 -\u003e 216.155.193.134,5050 PR tcp len 20 192 -AP OUT\nMar 31 10:43:35 rebelion ipmon[1002]: 10:43:35.599716 iwi0 @0:35 b 193.31.10.34,57502 -\u003e 207.46.109.104,1863 PR tcp len 20 57 -AP OUT\nMar 31 10:43:46 rebelion ipmon[1002]: 10:43:46.818737 iwi0 @0:35 b 193.31.10.34,55848 -\u003e 141.30.223.134,443 PR tcp len 20 255 -AFP OUT\nMar 31 10:43:47 rebelion ipmon[1002]: 10:43:47.552485 iwi0 @0:19 p 193.31.10.34,64151 -\u003e 10.0.1.98,110 PR tcp len 20 60 -S K-S OUT NAT\nMar 31 10:43:52 rebelion ipmon[1002]: 10:43:52.567922 iwi0 @0:35 b 193.31.10.34,137 -\u003e 193.31.10.63,137 PR udp len 20 78 OUT broadcast\nMar 31 10:44:15 rebelion ipmon[1002]: 10:44:15.735788 iwi0 @0:35 b 193.31.10.34,57502 -\u003e 207.46.109.104,1863 PR tcp len 20 57 -ARP OUT\nMar 31 10:44:16 rebelion ipmon[1002]: 10:44:16.150430 iwi0 @0:35 b 193.31.10.34,60077 -\u003e 216.155.193.134,5050 PR tcp len 20 227 -AP OUT\nMar 31 10:44:17 rebelion ipmon[1942]: 10:44:16.935778 iwi0 @0:35 b 193.31.10.34,60077 -\u003e 216.155.193.134,5050 PR tcp len 20 227 -AP OUT\nMar 31 10:44:47 rebelion ipmon[1002]: 10:44:47.694774 iwi0 @0:19 p 193.31.10.34,56599 -\u003e 10.0.1.98,110 PR tcp len 20 60 -S K-S OUT NAT\nMar 31 10:44:50 rebelion ipmon[1002]: 10:44:50.818854 iwi0 @0:35 b 193.31.10.34,55848 -\u003e 141.30.223.134,443 PR tcp len 20 255 -AFP OUT\nMar 31 10:45:02 rebelion ipmon[1002]: 10:45:02.574923 iwi0 @0:35 b 193.31.10.34,138 -\u003e 193.31.10.63,138 PR udp len 20 241 OUT broadcast\nMar 31 10:45:16 rebelion ipmon[1002]: 10:45:16.104413 iwi0 @0:35 b 193.31.10.34,60077 -\u003e 216.155.193.134,5050 PR tcp len 20 262 -AP OUT\nMar 31 10:45:20 rebelion ipmon[1002]: 10:45:20.935900 iwi0 @0:35 b 193.31.10.34,60077 -\u003e 216.155.193.134,5050 PR tcp len 20 262 -AP OUT\nMar 31 10:45:36 rebelion kernel: iwi0: ieee80211_bg_scan: active scan, ticks 1320366 duration 150\nMar 31 10:45:36 rebelion kernel: iwi0: scan_next: chan   7g -\u003e   1g [active, dwell min 20 max 150]\nMar 31 10:45:36 rebelion kernel: iwi0: scan_next: chan   1g -\u003e   6g [active, dwell min 20 max 93]\nMar 31 10:45:36 rebelion kernel: iwi0: scan_next: chan   6g -\u003e  11g [active, dwell min 20 max 34]\nMar 31 10:45:36 rebelion kernel: iwi0: scan_next: stopped, [ticks 1320541, dwell min 20 scanend 1320517]\nMar 31 10:45:48 rebelion ipmon[1002]: 10:45:47.715040 iwi0 @0:19 p 193.31.10.34,62528 -\u003e 10.0.1.98,110 PR tcp len 20 60 -S K-S OUT NAT\nMar 31 10:45:51 rebelion kernel: iwi0: ieee80211_bg_scan: active scan, ticks 1335725 duration 150\nMar 31 10:45:51 rebelion kernel: iwi0: scan_next: chan   7g -\u003e   7g [active, dwell min 20 max 149]\nMar 31 10:45:51 rebelion kernel: iwi0: ieee80211_cancel_scan: cancel active scan\nMar 31 10:45:51 rebelion kernel: iwi0: scan_next: done, [ticks 1335738, dwell min 20 scanend 1335875]\nMar 31 10:45:55 rebelion ipmon[1002]: 10:45:54.818973 iwi0 @0:35 b 193.31.10.34,55848 -\u003e 141.30.223.134,443 PR tcp len 20 255 -AFP OUT\nMar 31 10:46:07 rebelion kernel: iwi0: ieee80211_bg_scan: active scan, ticks 1351085 duration 150\nMar 31 10:46:07 rebelion kernel: iwi0: scan_next: chan   7g -\u003e  13g [active, dwell min 20 max 150]\nMar 31 10:46:07 rebelion kernel: iwi0: scan_next: chan  13g -\u003e   2g [active, dwell min 20 max 92]\nMar 31 10:46:07 rebelion kernel: iwi0: scan_next: chan   2g -\u003e   3g [active, dwell min 20 max 34]\nMar 31 10:46:07 rebelion kernel: iwi0: scan_next: stopped, [ticks 1351260, dwell min 20 scanend 1351236]\nMar 31 10:46:16 rebelion ipmon[1002]: 10:46:16.027589 iwi0 @0:35 b 193.31.10.34,60077 -\u003e 216.155.193.134,5050 PR tcp len 20 297 -AP OUT\nMar 31 10:46:25 rebelion ipmon[1002]: 10:46:24.936026 iwi0 @0:35 b 193.31.10.34,60077 -\u003e 216.155.193.134,5050 PR tcp len 20 297 -ARP OUT\nMar 31 10:46:42 rebelion kernel: iwi0: ieee80211_bg_scan: active scan, ticks 1386924 duration 150\nMar 31 10:46:42 rebelion kernel: iwi0: scan_next: chan   7g -\u003e   4g [active, dwell min 20 max 149]\nMar 31 10:46:42 rebelion kernel: iwi0: scan_next: chan   4g -\u003e   5g [active, dwell min 20 max 92]\nMar 31 10:46:43 rebelion kernel: iwi0: scan_next: chan   5g -\u003e   8g [active, dwell min 20 max 34]\nMar 31 10:46:43 rebelion kernel: iwi0: scan_next: stopped, [ticks 1387098, dwell min 20 scanend 1387074]\nMar 31 10:46:48 rebelion ipmon[1002]: 10:46:47.736014 iwi0 @0:19 p 193.31.10.34,53074 -\u003e 10.0.1.98,110 PR tcp len 20 60 -S K-S OUT NAT\nMar 31 10:46:53 rebelion kernel: iwi0: ieee80211_bg_scan: active scan, ticks 1397369 duration 150\nMar 31 10:46:53 rebelion kernel: iwi0: scan_next: chan   7g -\u003e   9g [active, dwell min 20 max 149]\nMar 31 10:46:53 rebelion kernel: iwi0: scan_next: chan   9g -\u003e  10g [active, dwell min 20 max 91]\nMar 31 10:46:53 rebelion kernel: iwi0: scan_next: chan  10g -\u003e  12g [active, dwell min 20 max 33]\nMar 31 10:46:53 rebelion kernel: iwi0: scan_next: stopped, [ticks 1397544, dwell min 20 scanend 1397519]\nMar 31 10:46:59 rebelion ipmon[1002]: 10:46:58.819097 iwi0 @0:35 b 193.31.10.34,55848 -\u003e 141.30.223.134,443 PR tcp len 20 255 -AFP OUT\nMar 31 10:47:03 rebelion kernel: iwi0: ieee80211_bg_scan: active scan, ticks 1407609 duration 150\nMar 31 10:47:03 rebelion kernel: iwi0: scan_next: chan   7g -\u003e  14g [active, dwell min 20 max 149]\nMar 31 10:47:03 rebelion kernel: iwi0: scan_next: done, [ticks 1407667, dwell min 20 scanend 1407759]\nMar 31 10:47:03 rebelion kernel: iwi0: notify scan done\nMar 31 10:47:48 rebelion ipmon[1002]: 10:47:47.985863 iwi0 @0:19 p 193.31.10.34,61075 -\u003e 10.0.1.98,110 PR tcp len 20 60 -S K-S OUT NAT\nMar 31 10:48:03 rebelion ipmon[1002]: 10:48:02.819705 iwi0 @0:35 b 193.31.10.34,55848 -\u003e 141.30.223.134,443 PR tcp len 20 254 -ARP OUT\nMar 31 10:48:48 rebelion ipmon[1002]: 10:48:48.128081 iwi0 @0:19 p 193.31.10.34,59045 -\u003e 10.0.1.98,110 PR tcp len 20 60 -S K-S OUT NAT\nMar 31 10:48:53 rebelion ipmon[1002]: 10:48:52.598941 iwi0 @0:35 b 193.31.10.34,137 -\u003e 193.31.10.63,137 PR udp len 20 78 OUT broadcast\nMar 31 10:49:48 rebelion ipmon[1002]: 10:49:48.150568 iwi0 @0:19 p 193.31.10.34,61335 -\u003e 10.0.1.98,110 PR tcp len 20 60 -S K-S OUT NAT\nMar 31 10:50:48 rebelion ipmon[1002]: 10:50:48.168670 iwi0 @0:19 p 193.31.10.34,56971 -\u003e 10.0.1.98,110 PR tcp len 20 60 -S K-S OUT NAT\nMar 31 10:51:48 rebelion ipmon[1002]: 10:51:48.187802 iwi0 @0:19 p 193.31.10.34,61438 -\u003e 10.0.1.98,110 PR tcp len 20 60 -S K-S OUT NAT\nMar 31 10:51:53 rebelion ipmon[1002]: 10:51:53.033940 iwi0 @0:35 b 193.31.10.34,138 -\u003e 193.31.10.63,138 PR udp len 20 241 OUT broadcast\nMar 31 10:52:05 rebelion kernel: iwi0: ieee80211_bg_scan: active scan, ticks 1709681 duration 150\nMar 31 10:52:05 rebelion kernel: iwi0: scan_next: chan   7g -\u003e   1g [active, dwell min 20 max 150]\nMar 31 10:52:05 rebelion kernel: iwi0: scan_next: chan   1g -\u003e   6g [active, dwell min 20 max 93]\nMar 31 10:52:05 rebelion kernel: iwi0: scan_next: chan   6g -\u003e  11g [active, dwell min 20 max 35]\nMar 31 10:52:05 rebelion kernel: iwi0: scan_next: stopped, [ticks 1709856, dwell min 20 scanend 1709832]\nMar 31 10:52:10 rebelion kernel: iwi0: ieee80211_bg_scan: active scan, ticks 1714801 duration 150\nMar 31 10:52:10 rebelion kernel: iwi0: scan_next: chan   7g -\u003e   7g [active, dwell min 20 max 149]\nMar 31 10:52:10 rebelion kernel: [00:18:4d:65:61:12] new beacon on chan 7 (bss chan 7) \"NETGEAR\"\nMar 31 10:52:10 rebelion kernel: [00:18:4d:65:61:12] caps 0x411 bintval 100 erp 0x0\nMar 31 10:52:10 rebelion kernel: iwi0: ieee80211_add_scan: chan   7g min dwell met (1714842 \u003e 1714822)\nMar 31 10:52:10 rebelion kernel: iwi0: scan_next: chan   7g -\u003e  13g [active, dwell min 20 max 97]\nMar 31 10:52:10 rebelion kernel: iwi0: scan_next: chan  13g -\u003e   2g [active, dwell min 20 max 39]\nMar 31 10:52:10 rebelion kernel: iwi0: scan_next: stopped, [ticks 1714970, dwell min 20 scanend 1714951]\nMar 31 10:52:15 rebelion kernel: iwi0: ieee80211_bg_scan: active scan, ticks 1719921 duration 150\nMar 31 10:52:15 rebelion kernel: iwi0: scan_next: chan   7g -\u003e   3g [active, dwell min 20 max 149]\nMar 31 10:52:15 rebelion kernel: iwi0: scan_next: chan   3g -\u003e   4g [active, dwell min 20 max 91]\nMar 31 10:52:16 rebelion kernel: iwi0: scan_next: chan   4g -\u003e   5g [active, dwell min 20 max 33]\nMar 31 10:52:16 rebelion kernel: iwi0: scan_next: stopped, [ticks 1720097, dwell min 20 scanend 1720071]\nMar 31 10:52:21 rebelion kernel: iwi0: ieee80211_bg_scan: active scan, ticks 1725246 duration 150\nMar 31 10:52:21 rebelion kernel: iwi0: scan_next: chan   7g -\u003e   8g [active, dwell min 20 max 149]\nMar 31 10:52:21 rebelion kernel: iwi0: scan_next: chan   8g -\u003e   9g [active, dwell min 20 max 92]\nMar 31 10:52:21 rebelion kernel: iwi0: scan_next: chan   9g -\u003e  10g [active, dwell min 20 max 33]\nMar 31 10:52:21 rebelion kernel: iwi0: scan_next: stopped, [ticks 1725421, dwell min 20 scanend 1725396]\nMar 31 10:52:26 rebelion kernel: iwi0: ieee80211_bg_scan: active scan, ticks 1730366 duration 150\nMar 31 10:52:26 rebelion kernel: iwi0: scan_next: chan   7g -\u003e  12g [active, dwell min 20 max 149]\nMar 31 10:52:26 rebelion kernel: iwi0: scan_next: chan  12g -\u003e  14g [active, dwell min 20 max 102]\nMar 31 10:52:26 rebelion kernel: iwi0: scan_next: done, [ticks 1730472, dwell min 20 scanend 1730516]\nMar 31 10:52:26 rebelion kernel: iwi0: notify scan done\nMar 31 10:52:48 rebelion ipmon[1002]: 10:52:48.326846 iwi0 @0:19 p 193.31.10.34,60911 -\u003e 10.0.1.98,110 PR tcp len 20 60 -S K-S OUT NAT\nMar 31 10:53:48 rebelion ipmon[1002]: 10:53:48.345967 iwi0 @0:19 p 193.31.10.34,58134 -\u003e 10.0.1.98,110 PR tcp len 20 60 -S K-S OUT NAT\nMar 31 10:54:02 rebelion ipmon[1002]: 10:54:02.308523 iwi0 @0:35 b 193.31.10.34,137 -\u003e 193.31.10.63,137 PR udp len 20 78 OUT broadcast\nMar 31 10:54:48 rebelion ipmon[1002]: 10:54:48.366708 iwi0 @0:19 p 193.31.10.34,59829 -\u003e 10.0.1.98,110 PR tcp len 20 60 -S K-S OUT NAT\nMar 31 10:55:48 rebelion ipmon[1002]: 10:55:48.387448 iwi0 @0:19 p 193.31.10.34,60162 -\u003e 10.0.1.98,110 PR tcp len 20 60 -S K-S OUT NAT\nMar 31 10:56:48 rebelion ipmon[1002]: 10:56:48.405339 iwi0 @0:19 p 193.31.10.34,51715 -\u003e 10.0.1.98,110 PR tcp len 20 60 -S K-S OUT NAT\nMar 31 10:57:28 rebelion kernel: iwi0: ieee80211_bg_scan: active scan, ticks 2032439 duration 150\nMar 31 10:57:28 rebelion kernel: iwi0: scan_next: chan   7g -\u003e   1g [active, dwell min 20 max 150]\nMar 31 10:57:28 rebelion kernel: iwi0: scan_next: chan   1g -\u003e   6g [active, dwell min 20 max 93]\nMar 31 10:57:28 rebelion kernel: iwi0: scan_next: chan   6g -\u003e  11g [active, dwell min 20 max 34]\nMar 31 10:57:28 rebelion kernel: iwi0: scan_next: stopped, [ticks 2032614, dwell min 20 scanend 2032590]\nMar 31 10:57:33 rebelion kernel: iwi0: ieee80211_bg_scan: active scan, ticks 2037559 duration 150\nMar 31 10:57:33 rebelion kernel: iwi0: scan_next: chan   7g -\u003e   7g [active, dwell min 20 max 149]\nMar 31 10:57:33 rebelion kernel: [00:18:4d:65:61:12] new beacon on chan 7 (bss chan 7) \"NETGEAR\"\nMar 31 10:57:33 rebelion kernel: [00:18:4d:65:61:12] caps 0x411 bintval 100 erp 0x0\nMar 31 10:57:33 rebelion kernel: iwi0: ieee80211_add_scan: chan   7g min dwell met (2037601 \u003e 2037580)\nMar 31 10:57:33 rebelion kernel: iwi0: scan_next: chan   7g -\u003e  13g [active, dwell min 20 max 97]\nMar 31 10:57:33 rebelion kernel: iwi0: scan_next: chan  13g -\u003e   2g [active, dwell min 20 max 39]\nMar 31 10:57:33 rebelion kernel: iwi0: scan_next: stopped, [ticks 2037728, dwell min 20 scanend 2037709]\nMar 31 10:57:38 rebelion kernel: iwi0: ieee80211_bg_scan: active scan, ticks 2042679 duration 150\nMar 31 10:57:38 rebelion kernel: iwi0: scan_next: chan   7g -\u003e   3g [active, dwell min 20 max 149]\nMar 31 10:57:38 rebelion kernel: iwi0: scan_next: chan   3g -\u003e   4g [active, dwell min 20 max 92]\nMar 31 10:57:38 rebelion kernel: iwi0: scan_next: chan   4g -\u003e   5g [active, dwell min 20 max 34]\nMar 31 10:57:38 rebelion kernel: iwi0: scan_next: stopped, [ticks 2042853, dwell min 20 scanend 2042829]\nMar 31 10:57:43 rebelion kernel: iwi0: ieee80211_bg_scan: active scan, ticks 2047798 duration 150\nMar 31 10:57:43 rebelion kernel: iwi0: scan_next: chan   7g -\u003e   8g [active, dwell min 20 max 149]\nMar 31 10:57:43 rebelion kernel: iwi0: scan_next: chan   8g -\u003e   9g [active, dwell min 20 max 92]\nMar 31 10:57:43 rebelion kernel: iwi0: scan_next: chan   9g -\u003e  10g [active, dwell min 20 max 39]\nMar 31 10:57:43 rebelion kernel: iwi0: scan_next: stopped, [ticks 2047968, dwell min 20 scanend 2047948]\nMar 31 10:57:45 rebelion ipmon[1002]: 10:57:45.110220 iwi0 @0:4 p 193.31.10.67,1335 -\u003e 193.31.10.34,119 PR tcp len 20 44 -S K-S IN\nMar 31 10:57:48 rebelion ipmon[1002]: 10:57:48.423472 iwi0 @0:19 p 193.31.10.34,49744 -\u003e 10.0.1.98,110 PR tcp len 20 60 -S K-S OUT NAT\nMar 31 10:57:49 rebelion kernel: iwi0: ieee80211_bg_scan: active scan, ticks 2053123 duration 150\nMar 31 10:57:49 rebelion kernel: iwi0: scan_next: chan   7g -\u003e  12g [active, dwell min 20 max 149]\nMar 31 10:57:49 rebelion kernel: iwi0: scan_next: chan  12g -\u003e  14g [active, dwell min 20 max 100]\nMar 31 10:57:49 rebelion kernel: iwi0: scan_next: done, [ticks 2053231, dwell min 20 scanend 2053273]\nMar 31 10:57:49 rebelion kernel: iwi0: notify scan done\nMar 31 10:57:54 rebelion kernel: iwi0: ieee80211_start_scan: active scan, duration 2147483647, desired mode auto, append, nopick, once\nMar 31 10:57:54 rebelion kernel: iwi0: scan set 1g, 6g, 11g, 7g, 13g, 2g, 3g, 4g, 5g, 8g, 9g, 10g, 12g, 14g dwell min 20 max 200\nMar 31 10:57:54 rebelion kernel: iwi0: scan_next: chan   7g -\u003e   1g [active, dwell min 20 max 200]\nMar 31 10:57:54 rebelion kernel: iwi0: ieee80211_cancel_scan: cancel active scan\nMar 31 10:57:54 rebelion kernel: iwi0: scan_next: done, [ticks 2058253, dwell min 20 scanend 2149541881]\nMar 31 10:59:43 rebelion syslogd: kernel boot file is /boot/kernel/kernel\n\n\n\n# kgdb /boot/kernel/kernel vmcore.2\n[GDB will not be able to debug user-mode threads: /usr/lib/libthread_db.so: Unde\nfined symbol \"ps_pglobal_lookup\"]\nGNU gdb 6.1.1 [FreeBSD]\nCopyright 2004 Free Software Foundation, Inc.\nGDB is free software, covered by the GNU General Public License, and you are\nwelcome to change it and/or distribute copies of it under certain conditions.\nType \"show copying\" to see the conditions.\nThere is absolutely no warranty for GDB.  Type \"show warranty\" for details.\nThis GDB was configured as \"i386-marcel-freebsd\".\n\nUnread portion of the kernel message buffer:\n\n\nFatal trap 12: page fault while in kernel mode\ncpuid = 0; apic id = 00\nfault virtual address   = 0x90\nfault code              = supervisor read, page not present\ninstruction pointer     = 0x20:0xc093fe4d\nstack pointer           = 0x28:0xe4367b5c\nframe pointer           = 0x28:0xe4367b6c\ncode segment            = base 0x0, limit 0xfffff, type 0x1b\n                        = DPL 0, pres 1, def32 1, gran 1\nprocessor eflags        = interrupt enabled, resume, IOPL = 0\ncurrent process         = 3 (g_up)\ntrap number             = 12\npanic: page fault\ncpuid = 0\nUptime: 34m43s\nPhysical memory: 1009 MB\nDumping 183 MB: 168 152 136 120 104 88 72 56 40 24 8\n\n#0  doadump () at pcpu.h:195\n195     pcpu.h: No such file or directory.\n        in pcpu.h\n(kgdb) bt\n#0  doadump () at pcpu.h:195\n#1  0xc0754457 in boot (howto=260) at /usr/src/sys/kern/kern_shutdown.c:409\n#2  0xc0754719 in panic (fmt=Variable \"fmt\" is not available.\n) at /usr/src/sys/kern/kern_shutdown.c:563\n#3  0xc0a4905c in trap_fatal (frame=0xe4367b1c, eva=144)\n    at /usr/src/sys/i386/i386/trap.c:899\n#4  0xc0a492e0 in trap_pfault (frame=0xe4367b1c, usermode=0, eva=144)\n    at /usr/src/sys/i386/i386/trap.c:812\n#5  0xc0a49c8c in trap (frame=0xe4367b1c) at /usr/src/sys/i386/i386/trap.c:490\n#6  0xc0a2fc0b in calltrap () at /usr/src/sys/i386/i386/exception.s:139\n#7  0xc093fe4d in workitem_free (item=0xc6171280, type=Variable \"type\" is not av\nailable.\n)\n    at /usr/src/sys/ufs/ffs/ffs_softdep.c:638\n#8  0xc0940b2c in free_inodedep (inodedep=Variable \"inodedep\" is not available.\n)\n    at /usr/src/sys/ufs/ffs/ffs_softdep.c:2684\n#9  0xc094656a in softdep_disk_write_complete (bp=0xd811a1e8)\n    at /usr/src/sys/ufs/ffs/ffs_softdep.c:4665\n#10 0xc07b9716 in bufdone_finish (bp=0xd811a1e8) at buf.h:443\n#11 0xc07b9b8d in bufdone (bp=0xd811a1e8) at /usr/src/sys/kern/vfs_bio.c:3173\n#12 0xc0708928 in g_vfs_done (bip=0xc49416b4)\n    at /usr/src/sys/geom/geom_vfs.c:87\n#13 0xc07b3c9d in biodone (bp=0xc49416b4) at /usr/src/sys/kern/vfs_bio.c:3009\n#14 0xc0704ddf in g_io_schedule_up (tp=0xc3f1f000)\n    at /usr/src/sys/geom/geom_io.c:587\n#15 0xc070512e in g_up_procbody () at /usr/src/sys/geom/geom_kern.c:95\n#16 0xc0734479 in fork_exit (callout=0xc07050c0 \u003cg_up_procbody\u003e, arg=0x0, \n    frame=0xe4367d38) at /usr/src/sys/kern/kern_fork.c:781\n#17 0xc0a2fc80 in fork_trampoline () at /usr/src/sys/i386/i386/exception.s:205"
}