{
 "id": 521557,
 "bug_id": 139198,
 "attachment_id": 0,
 "creation_time": "2009-09-28T02:00:09Z",
 "creator": "ler@FreeBSD.org",
 "text": "NFS mount to a couple of MAC's sharing ZFS filesystems garners:\n\nCopyright (c) 1992-2009 The FreeBSD Project.\nCopyright (c) 1979, 1980, 1983, 1986, 1988, 1989, 1991, 1992, 1993, 1994\n\tThe Regents of the University of California. All rights reserved.\nFreeBSD is a registered trademark of The FreeBSD Foundation.\nFreeBSD 8.0-RC1 #9: Sat Sep 26 03:33:42 CDT 2009\n    root@borg.lerctr.org:/usr/obj/usr/src/sys/BORG\nTimecounter \"i8254\" frequency 1193182 Hz quality 0\nCPU: Intel(R) Xeon(R) CPU            5120  @ 1.86GHz (1866.68-MHz K8-class CPU)\n  Origin = \"GenuineIntel\"  Id = 0x6f6  Stepping = 6\n  Features=0xbfebfbff\u003cFPU,VME,DE,PSE,TSC,MSR,PAE,MCE,CX8,APIC,SEP,MTRR,PGE,MCA,CMOV,PAT,PSE36,CLFLUSH,DTS,ACPI,MMX,FXSR,SSE,SSE2,SS,HTT,TM,PBE\u003e\n  Features2=0x4e3bd\u003cSSE3,DTES64,MON,DS_CPL,VMX,EST,TM2,SSSE3,CX16,xTPR,PDCM,DCA\u003e\n  AMD Features=0x20100800\u003cSYSCALL,NX,LM\u003e\n  AMD Features2=0x1\u003cLAHF\u003e\n  TSC: P-state invariant\nreal memory  = 10737418240 (10240 MB)\navail memory = 10333769728 (9855 MB)\nACPI APIC Table: \u003cPTLTD  \t APIC  \u003e\nFreeBSD/SMP: Multiprocessor System Detected: 4 CPUs\nFreeBSD/SMP: 2 package(s) x 2 core(s)\n cpu0 (BSP): APIC ID:  0\n cpu1 (AP): APIC ID:  1\n cpu2 (AP): APIC ID:  6\n cpu3 (AP): APIC ID:  7\nioapic0 \u003cVersion 2.0\u003e irqs 0-23 on motherboard\nioapic1 \u003cVersion 2.0\u003e irqs 24-47 on motherboard\nkbd1 at kbdmux0\nsmbios0: \u003cSystem Management BIOS\u003e at iomem 0xf60c0-0xf60de on motherboard\nsmbios0: Version: 2.5\ncryptosoft0: \u003csoftware crypto\u003e on motherboard\nacpi0: \u003cSMCI SMCISLP2\u003e on motherboard\nacpi0: [ITHREAD]\nacpi0: Power Button (fixed)\nTimecounter \"ACPI-fast\" frequency 3579545 Hz quality 1000\nacpi_timer0: \u003c24-bit timer at 3.579545MHz\u003e port 0x1008-0x100b on acpi0\npcib0: \u003cACPI Host-PCI bridge\u003e port 0xcf8-0xcff on acpi0\npci0: \u003cACPI PCI bus\u003e on pcib0\npcib1: \u003cACPI PCI-PCI bridge\u003e at device 2.0 on pci0\npci1: \u003cACPI PCI bus\u003e on pcib1\npcib2: \u003cACPI PCI-PCI bridge\u003e irq 16 at device 0.0 on pci1\npci2: \u003cACPI PCI bus\u003e on pcib2\npcib3: \u003cACPI PCI-PCI bridge\u003e irq 16 at device 0.0 on pci2\npci3: \u003cACPI PCI bus\u003e on pcib3\npcib4: \u003cACPI PCI-PCI bridge\u003e at device 0.0 on pci3\npci4: \u003cACPI PCI bus\u003e on pcib4\npcib5: \u003cACPI PCI-PCI bridge\u003e at device 0.2 on pci3\npci5: \u003cACPI PCI bus\u003e on pcib5\npcib6: \u003cACPI PCI-PCI bridge\u003e irq 18 at device 2.0 on pci2\npci6: \u003cACPI PCI bus\u003e on pcib6\nem0: \u003cIntel(R) PRO/1000 Network Connection 6.9.14\u003e port 0x2000-0x201f mem 0xd8000000-0xd801ffff irq 18 at device 0.0 on pci6\nem0: Using MSI interrupt\nem0: [FILTER]\nem0: Ethernet address: 00:30:48:8e:9f:f3\nem1: \u003cIntel(R) PRO/1000 Network Connection 6.9.14\u003e port 0x2020-0x203f mem 0xd8020000-0xd803ffff irq 19 at device 0.1 on pci6\nem1: Using MSI interrupt\nem1: [FILTER]\nem1: Ethernet address: 00:30:48:8e:9f:f2\npcib7: \u003cACPI PCI-PCI bridge\u003e at device 0.3 on pci1\npci7: \u003cACPI PCI bus\u003e on pcib7\npcib8: \u003cACPI PCI-PCI bridge\u003e at device 4.0 on pci0\npci8: \u003cACPI PCI bus\u003e on pcib8\npcib9: \u003cACPI PCI-PCI bridge\u003e at device 6.0 on pci0\npci9: \u003cACPI PCI bus\u003e on pcib9\npci0: \u003cbase peripheral\u003e at device 8.0 (no driver attached)\npcib10: \u003cACPI PCI-PCI bridge\u003e irq 17 at device 28.0 on pci0\npci10: \u003cACPI PCI bus\u003e on pcib10\nuhci0: \u003cIntel 631XESB/632XESB/3100 USB controller USB-1\u003e port 0x1800-0x181f irq 17 at device 29.0 on pci0\nuhci0: [ITHREAD]\nuhci0: LegSup = 0x003b\nusbus0: \u003cIntel 631XESB/632XESB/3100 USB controller USB-1\u003e on uhci0\nuhci1: \u003cIntel 631XESB/632XESB/3100 USB controller USB-2\u003e port 0x1820-0x183f irq 19 at device 29.1 on pci0\nuhci1: [ITHREAD]\nuhci1: LegSup = 0x0010\nusbus1: \u003cIntel 631XESB/632XESB/3100 USB controller USB-2\u003e on uhci1\nuhci2: \u003cIntel 631XESB/632XESB/3100 USB controller USB-3\u003e port 0x1840-0x185f irq 18 at device 29.2 on pci0\nuhci2: [ITHREAD]\nuhci2: LegSup = 0x0010\nusbus2: \u003cIntel 631XESB/632XESB/3100 USB controller USB-3\u003e on uhci2\nehci0: \u003cIntel 63XXESB USB 2.0 controller\u003e mem 0xd8500400-0xd85007ff irq 17 at device 29.7 on pci0\nehci0: [ITHREAD]\nusbus3: EHCI version 1.0\nusbus3: \u003cIntel 63XXESB USB 2.0 controller\u003e on ehci0\npcib11: \u003cACPI PCI-PCI bridge\u003e at device 30.0 on pci0\npci11: \u003cACPI PCI bus\u003e on pcib11\nvgapci0: \u003cVGA-compatible display\u003e port 0x3000-0x30ff mem 0xd0000000-0xd7ffffff,0xd8200000-0xd820ffff irq 18 at device 1.0 on pci11\ndrm0: \u003cATI ES1000 RN50\u003e on vgapci0\nvgapci0: child drm0 requested pci_enable_busmaster\ninfo: [drm] Initialized radeon 1.29.0 20080528\nisab0: \u003cPCI-ISA bridge\u003e at device 31.0 on pci0\nisa0: \u003cISA bus\u003e on isab0\natapci0: \u003cIntel 63XXESB2 UDMA100 controller\u003e port 0x1f0-0x1f7,0x3f6,0x170-0x177,0x376,0x1860-0x186f at device 31.1 on pci0\nata0: \u003cATA channel 0\u003e on atapci0\nata0: [ITHREAD]\nahci0: \u003cAHCI controller\u003e port 0x18a0-0x18a7,0x1874-0x1877,0x1878-0x187f,0x1870-0x1873,0x1880-0x189f mem 0xd8500800-0xd8500bff irq 19 at device 31.2 on pci0\nahci0: [ITHREAD]\nahci0: AHCI v1.10 with 6 3Gbps ports, Port Multiplier supported\nahcich0: \u003cAHCI channel\u003e at channel 0 on ahci0\nahcich0: [ITHREAD]\nahcich1: \u003cAHCI channel\u003e at channel 1 on ahci0\nahcich1: [ITHREAD]\nahcich2: \u003cAHCI channel\u003e at channel 2 on ahci0\nahcich2: [ITHREAD]\nahcich3: \u003cAHCI channel\u003e at channel 3 on ahci0\nahcich3: [ITHREAD]\nahcich4: \u003cAHCI channel\u003e at channel 4 on ahci0\nahcich4: [ITHREAD]\nahcich5: \u003cAHCI channel\u003e at channel 5 on ahci0\nahcich5: [ITHREAD]\nichsmb0: \u003cIntel 631xESB/6321ESB (ESB2) SMBus controller\u003e port 0x1100-0x111f irq 19 at device 31.3 on pci0\nichsmb0: [ITHREAD]\nsmbus0: \u003cSystem Management Bus\u003e on ichsmb0\nsmb0: \u003cSMBus generic I/O\u003e on smbus0\nacpi_button0: \u003cPower Button\u003e on acpi0\natrtc0: \u003cAT realtime clock\u003e port 0x70-0x71 irq 8 on acpi0\natkbdc0: \u003cKeyboard controller (i8042)\u003e port 0x60,0x64 irq 1 on acpi0\natkbd0: \u003cAT Keyboard\u003e irq 1 on atkbdc0\nkbd0 at atkbd0\natkbd0: [GIANT-LOCKED]\natkbd0: [ITHREAD]\npsm0: \u003cPS/2 Mouse\u003e irq 12 on atkbdc0\npsm0: [GIANT-LOCKED]\npsm0: [ITHREAD]\npsm0: model IntelliMouse, device ID 3\nuart0: \u003c16550 or compatible\u003e port 0x3f8-0x3ff irq 4 flags 0x10 on acpi0\nuart0: [FILTER]\nuart1: \u003c16550 or compatible\u003e port 0x2f8-0x2ff irq 3 on acpi0\nuart1: [FILTER]\nfdc0: \u003cfloppy drive controller\u003e port 0x3f0-0x3f5,0x3f7 irq 6 drq 2 on acpi0\nfdc0: [FILTER]\nfd0: \u003c1440-KB 3.5\" drive\u003e on fdc0 drive 0\nppc0: \u003cParallel port\u003e port 0x378-0x37f,0x778-0x77f irq 7 drq 3 on acpi0\nppc0: SMC-like chipset (ECP/EPP/PS2/NIBBLE) in COMPATIBLE mode\nppc0: FIFO with 16/16/9 bytes threshold\nppc0: [ITHREAD]\nppbus0: \u003cParallel port bus\u003e on ppc0\nlpt0: \u003cPrinter\u003e on ppbus0\nlpt0: [ITHREAD]\nlpt0: Interrupt-driven port\nppi0: \u003cParallel I/O\u003e on ppbus0\ncpu0: \u003cACPI CPU\u003e on acpi0\ncoretemp0: \u003cCPU On-Die Thermal Sensors\u003e on cpu0\nest0: \u003cEnhanced SpeedStep Frequency Control\u003e on cpu0\np4tcc0: \u003cCPU Frequency Thermal Control\u003e on cpu0\ncpu1: \u003cACPI CPU\u003e on acpi0\ncoretemp1: \u003cCPU On-Die Thermal Sensors\u003e on cpu1\nest1: \u003cEnhanced SpeedStep Frequency Control\u003e on cpu1\np4tcc1: \u003cCPU Frequency Thermal Control\u003e on cpu1\ncpu2: \u003cACPI CPU\u003e on acpi0\ncoretemp2: \u003cCPU On-Die Thermal Sensors\u003e on cpu2\nest2: \u003cEnhanced SpeedStep Frequency Control\u003e on cpu2\np4tcc2: \u003cCPU Frequency Thermal Control\u003e on cpu2\ncpu3: \u003cACPI CPU\u003e on acpi0\ncoretemp3: \u003cCPU On-Die Thermal Sensors\u003e on cpu3\nest3: \u003cEnhanced SpeedStep Frequency Control\u003e on cpu3\np4tcc3: \u003cCPU Frequency Thermal Control\u003e on cpu3\nipmi0: \u003cIPMI System Interface\u003e on isa0\nipmi0: KCS mode found at io 0xca2 alignment 0x1 on isa\nipmi0: KCS Error Data 43\norm0: \u003cISA Option ROM\u003e at iomem 0xc0000-0xcafff on isa0\nsc0: \u003cSystem console\u003e at flags 0x100 on isa0\nsc0: VGA \u003c16 virtual consoles, flags=0x300\u003e\nvga0: \u003cGeneric ISA VGA\u003e at port 0x3c0-0x3df iomem 0xa0000-0xbffff on isa0\nZFS filesystem version 13\nZFS storage pool version 13\nTimecounters tick every 1.000 msec\nusbus0: 12Mbps Full Speed USB v1.0\nusbus1: 12Mbps Full Speed USB v1.0\nusbus2: 12Mbps Full Speed USB v1.0\nusbus3: 480Mbps High Speed USB v2.0\nugen0.1: \u003cIntel\u003e at usbus0\nuhub0: \u003cIntel UHCI root HUB, class 9/0, rev 1.00/1.00, addr 1\u003e on usbus0\nugen1.1: \u003cIntel\u003e at usbus1\nuhub1: \u003cIntel UHCI root HUB, class 9/0, rev 1.00/1.00, addr 1\u003e on usbus1\nugen2.1: \u003cIntel\u003e at usbus2\nuhub2: \u003cIntel UHCI root HUB, class 9/0, rev 1.00/1.00, addr 1\u003e on usbus2\nugen3.1: \u003cIntel\u003e at usbus3\nuhub3: \u003cIntel EHCI root HUB, class 9/0, rev 2.00/1.00, addr 1\u003e on usbus3\nacd0: DMA limited to UDMA33, controller found non-ATA66 cable\nacd0: DVDR \u003cMemorex DVD+-RAM 510L v1/MWS7\u003e at ata0-master UDMA33\nWaiting 5 seconds for SCSI devices to settle\nipmi0: IPMI device rev. 1, firmware rev. 1.2, version 2.0\nipmi0: Number of channels 8\nipmi0: Attached watchdog\nuhub0: 2 ports with 2 removable, self powered\nuhub1: 2 ports with 2 removable, self powered\nuhub2: 2 ports with 2 removable, self powered\nuhub3: 6 ports with 6 removable, self powered\nugen3.2: \u003cPeppercon AG\u003e at usbus3\nums0: \u003cPeppercon AG Multidevice, class 0/0, rev 2.00/0.01, addr 2\u003e on usbus3\nums0: 3 buttons and [XYZ] coordinates ID=0\nukbd0: \u003cPeppercon AG Multidevice, class 0/0, rev 2.00/0.01, addr 2\u003e on usbus3\nkbd2 at ukbd0\nacd0: FAILURE - INQUIRY ILLEGAL REQUEST asc=0x24 ascq=0x00 \n(probe0:ata0:0:0:0): TEST UNIT READY. CDB: 0 0 0 0 0 0 \n(probe0:ata0:0:0:0): CAM Status: SCSI Status Error\n(probe0:ata0:0:0:0): SCSI Status: Check Condition\n(probe0:ata0:0:0:0): NOT READY asc:3a,0\n(probe0:ata0:0:0:0): Medium not present\n(probe0:ata0:0:0:0): Unretryable error\nacd0: FAILURE - INQUIRY ILLEGAL REQUEST asc=0x24 ascq=0x00 \n(aprobe0:ahcich0:0:15:0): SIGNATURE: 0000\n(aprobe0:ahcich0:0:0:0): SIGNATURE: 0000\n(aprobe1:ahcich1:0:15:0): SIGNATURE: 0000\n(aprobe0:ahcich1:0:0:0): SIGNATURE: 0000\n(aprobe2:ahcich2:0:15:0): SIGNATURE: 0000\n(aprobe0:ahcich2:0:0:0): SIGNATURE: 0000\n(aprobe3:ahcich3:0:15:0): SIGNATURE: 0000\n(aprobe0:ahcich3:0:0:0): SIGNATURE: 0000\n(aprobe4:ahcich4:0:15:0): SIGNATURE: 0000\n(aprobe0:ahcich4:0:0:0): SIGNATURE: 0000\n(aprobe5:ahcich5:0:15:0): SIGNATURE: 0000\n(aprobe0:ahcich5:0:0:0): SIGNATURE: 0000\nada0 at ahcich0 bus 0 target 0 lun 0\nada0: \u003cST3400620AS 3.AAJ\u003e ATA/ATAPI-7 SATA 2.x device\nada0: 300.000MB/s transfers\nada0: 381554MB (781422768 512 byte sectors: 16H 63S/T 16383C)\nada0: Native Command Queueing enabled\nada1 at ahcich1 bus 0 target 0 lun 0\nada1: \u003cST3400620AS 3.AAJ\u003e ATA/ATAPI-7 SATA 2.x device\nada1: 300.000MB/s transfers\nada1: 381554MB (781422768 512 byte sectors: 16H 63S/T 16383C)\nada1: Native Command Queueing enabled\nada2 at ahcich2 bus 0 target 0 lun 0\nada2: \u003cST3500630AS 3.AAE\u003e ATA/ATAPI-7 SATA 2.x device\nada2: 300.000MB/s transfers\nada2: 476940MB (976773168 512 byte sectors: 16H 63S/T 16383C)\nada2: Native Command Queueing enabled\nada3 at ahcich3 bus 0 target 0 lun 0\nada3: \u003cST3400620AS 3.AAJ\u003e ATA/ATAPI-7 SATA 2.x device\nada3: 300.000MB/s transfers\nada3: 381554MB (781422768 512 byte sectors: 16H 63S/T 16383C)\nada3: Native Command Queueing enabled\nada4 at ahcich4 bus 0 target 0 lun 0\nada4: \u003cST3400620AS 3.AAJ\u003e ATA/ATAPI-7 SATA 2.x device\nada4: 300.000MB/s transfers\nada4: 381554MB (781422768 512 byte sectors: 16H 63S/T 16383C)\nada4: Native Command Queueing enabled\nada5 at ahcich5 bus 0 target 0 lun 0\nada5: \u003cST3400620AS 3.AAJ\u003e ATA/ATAPI-7 SATA 2.x device\nada5: 300.000MB/s transfers\nada5: 381554MB (781422768 512 byte sectors: 16H 63S/T 16383C)\nada5: Native Command Queueing enabled\ncd0 at ata0 bus 0 target 0 lun 0\ncd0: \u003cMemorex DVD+-RAM 510L v1 MWS7\u003e Removable CD-ROM SCSI-0 device \ncd0: 33.000MB/s transfers\ncd0: Attempt to query device size failed: NOT READY, Medium not present\nSMP: AP CPU #1 Launched!\nSMP: AP CPU #2 Launched!\nSMP: AP CPU #3 Launched!\nTrying to mount root from ufs:/dev/ada0s1a\n\u003c118\u003eEntropy harvesting:\n\u003c118\u003e interrupts\n\u003c118\u003e ethernet\n\u003c118\u003e point_to_point\n\u003c118\u003e kickstart\n\u003c118\u003e.\n\u003c118\u003e/dev/ada0s1a: FILE SYSTEM CLEAN; SKIPPING CHECKS\n\u003c118\u003e/dev/ada0s1a: clean, 20823 free (1279 frags, 2443 blocks, 0.5% fragmentation)\n\u003c118\u003eStarting Network: lo0 em0.\n\u003c118\u003eadd net default: gateway 192.168.200.10\n\u003c5\u003eem0: link state changed to UP\n\u003c118\u003eAdditional ABI support:\n\u003c118\u003e linux\n\u003c118\u003e.\n\u003c118\u003e/etc/rc.d/mountd: WARNING: /etc/exports is not readable.\n\u003c118\u003eStarting mountd.\n\u003c118\u003ePosting monthly OS statistics to rpt.bsdstats.org\n\u003c118\u003eConfiguring syscons:\n\u003c118\u003e blanktime\n\u003c118\u003e.\n\u003c118\u003eLocal package initialization:\n\u003c118\u003e p4d\n\u003c118\u003ePerforce Server starting...\n\u003c118\u003e\n\u003c118\u003e p4web\n\u003c118\u003e.\n\u003c118\u003e\n\u003c118\u003eSun Sep 27 10:31:15 CDT 2009\n\u003c118\u003eSep 27 10:35:13 borg exim[1232]: gethostby*.gethostanswer: asked for \"borg-ipmi.lerctr.org IN AAAA\", got type \"A\"\n\u003c118\u003eSep 27 10:36:36 borg bconsole: gethostby*.gethostanswer: asked for \"borg.lerctr.org IN AAAA\", got type \"A\"\n\u003c118\u003eSep 27 10:42:46 borg bconsole: gethostby*.gethostanswer: asked for \"borg.lerctr.org IN AAAA\", got type \"A\"\n\u003c118\u003eSep 27 10:43:22 borg bacula-dir: gethostby*.gethostanswer: asked for \"borg.lerctr.org IN AAAA\", got type \"A\"\n\u003c118\u003eSep 27 10:43:23 borg bacula-fd: gethostby*.gethostanswer: asked for \"borg.lerctr.org IN AAAA\", got type \"A\"\n\u003c118\u003eSep 27 10:45:17 borg bconsole: gethostby*.gethostanswer: asked for \"borg.lerctr.org IN AAAA\", got type \"A\"\n\u003c118\u003eSep 27 10:46:09 borg bacula-dir: gethostby*.gethostanswer: asked for \"borg.lerctr.org IN AAAA\", got type \"A\"\n\u003c118\u003eSep 27 11:05:49 borg bconsole: gethostby*.gethostanswer: asked for \"borg.lerctr.org IN AAAA\", got type \"A\"\nWARNING: ada0s1a expected rawoffset 0, found 63\nWARNING: ada0s1 expected rawoffset 0, found 63\n\u003c118\u003eSep 27 12:23:10 borg postgres[11330]: [2-1] FATAL:  database \"exim\" does not exist\n\u003c118\u003eSep 27 17:39:54 borg bconsole: gethostby*.gethostanswer: asked for \"borg.lerctr.org IN AAAA\", got type \"A\"\n\u003c118\u003eSep 27 18:13:05 borg rpc.statd: gethostby*.getanswer: asked for \"lermac IN AAAA\", got type \"A\"\n\u003c118\u003eSep 27 18:13:05 borg rpc.statd: gethostby*.getanswer: asked for \"lermac IN AAAA\", got type \"A\"\n\u003c118\u003eSep 27 18:59:09 borg rpc.statd: gethostby*.getanswer: asked for \"lermac IN AAAA\", got type \"A\"\n\u003c118\u003eSep 27 19:05:27 borg rpc.statd: gethostby*.getanswer: asked for \"lrosenman-macbook IN AAAA\", got type \"A\"\n\u003c118\u003eSep 27 19:05:27 borg rpc.statd: gethostby*.getanswer: asked for \"lrosenman-macbook IN AAAA\", got type \"A\"\n\u003c118\u003eSep 27 19:05:27 borg rpc.statd: gethostby*.getanswer: asked for \"lermac IN AAAA\", got type \"A\"\n\u003c118\u003eSep 27 19:05:40 borg rpc.statd: gethostby*.getanswer: asked for \"lermac IN AAAA\", got type \"A\"\n\u003c118\u003eSep 27 19:06:29 borg last message repeated 2 times\n\u003c118\u003eSep 27 19:18:00 borg rpc.statd: gethostby*.getanswer: asked for \"lrosenman-macbook IN AAAA\", got type \"A\"\n\u003c118\u003eSep 27 19:18:00 borg rpc.statd: gethostby*.getanswer: asked for \"lermac IN AAAA\", got type \"A\"\n\u003c118\u003eSep 27 19:18:00 borg rpc.statd: gethostby*.getanswer: asked for \"lermac IN AAAA\", got type \"A\"\n\n\nFatal trap 12: page fault while in kernel mode\ncpuid = 0; apic id = 00\nfault virtual address\t= 0xf8\nfault code\t\t= supervisor read data, page not present\ninstruction pointer\t= 0x20:0xffffffff8030ba4f\nstack pointer\t        = 0x28:0xffffff812584b450\nframe pointer\t        = 0x28:0xffffff812584b470\ncode segment\t\t= base 0x0, limit 0xfffff, type 0x1b\n\t\t\t= DPL 0, pres 1, long 1, def32 0, gran 1\nprocessor eflags\t= interrupt enabled, resume, IOPL = 0\ncurrent process\t\t= 779 (NLM: master)\ntrap number\t\t= 12\npanic: page fault\ncpuid = 0\nKDB: stack backtrace:\ndb_trace_self_wrapper() at db_trace_self_wrapper+0x2a\npanic() at panic+0x182\ntrap_fatal() at trap_fatal+0x2ad\ntrap_pfault() at trap_pfault+0x294\ntrap() at trap+0x3cf\ncalltrap() at calltrap+0x8\n--- trap 0xc, rip = 0xffffffff8030ba4f, rsp = 0xffffff812584b450, rbp = 0xffffff812584b470 ---\nprison_priv_check() at prison_priv_check+0xff\npriv_check_cred() at priv_check_cred+0x1b\nsecpolicy_vnode_access() at secpolicy_vnode_access+0x28\nzfs_zaccess() at zfs_zaccess+0x141\nzfs_freebsd_access() at zfs_freebsd_access+0xd2\nnlm_get_vfs_state() at nlm_get_vfs_state+0x1af\nnlm_do_unlock() at nlm_do_unlock+0x186\nnlm4_unlock_msg_4_svc() at nlm4_unlock_msg_4_svc+0x19\nnlm_prog_4() at nlm_prog_4+0x300\nsvc_run_internal() at svc_run_internal+0x6d2\nsvc_run() at svc_run+0x94\nnlm_syscall() at nlm_syscall+0x8e1\nsyscall() at syscall+0x246\nXfast_syscall() at Xfast_syscall+0xe1\n--- syscall (154, FreeBSD ELF64, nlm_syscall), rip = 0x8008c235c, rsp = 0x7fffffffec38, rbp = 0x7fffffffed60 ---\nUptime: 8h48m20s\n\nHow-To-Repeat: share NFS with a MAC (not sure exactly what's provoking this).\n\nThe MAC's are 10.5 and 10.6"
}