{
 "id": 1182620,
 "bug_id": 259218,
 "attachment_id": 0,
 "creation_time": "2021-10-16T22:24:45Z",
 "creator": "dclarke@blastwave.org",
 "text": "This one has been tough to capture but with the setup of a serial\nconsole and the ability to capture the output we see 14.0-CURRENT i386\ndo something very wrong :\n\n\nFatal trap 12: page fault while in kernel mode\ncpuid = 0; apic id = 00\nfault virtual address   = 0x56e5ddb5\nfault code      = supervisor read data, page not present\ninstruction pointer = 0x20:0x1409fa0\nstack pointer           = 0x28:0xd2d7854\nframe pointer           = 0x28:0xd2d789c\ncode segment        = base 0x0, limit 0xfffff, type 0x1b\n            = DPL 0, pres 1, def32 1, gran 1\nprocessor eflags    = resume, IOPL = 0\ncurrent process     = 5 (rand_harvestq)\ntrap number     = 12\npanic: page fault\ncpuid = 0\ntime = 1634357727\nKDB: stack backtrace:\ndb_trace_self_wrapper(d2d7814,10280000,d2d7814,c,0,...) at db_trace_self_wrapper+0x28/frame 0xd2d76a4\nvpanic(1479d53,d2d76e0,d2d76e0,d2d7708,142f377,...) at vpanic+0x124/frame 0xd2d76c0\npanic(1479d53,150c115,0,fffff,d2df69b,...) at panic+0x14/frame 0xd2d76d4\ntrap_fatal(d2d0000,7f,1,8,1511f2a,...) at trap_fatal+0x347/frame 0xd2d7708\ntrap_pfault(56e5ddb5,0,0) at trap_pfault+0x6f/frame 0xd2d773c\ntrap(d2d7814,8,28,28,d2d798c,...) at trap+0x2d2/frame 0xd2d7808\ncalltrap() at 0xffc0319f/frame 0xd2d7808\n--- trap 0xc, eip = 0x1409fa0, esp = 0xd2d7854, ebp = 0xd2d789c ---\ndb_read_bytes(56e5ddb5,4,d2d78b0) at db_read_bytes+0x50/frame 0xd2d789c\ndb_get_value(56e5ddb5,4,0) at db_get_value+0x22/frame 0xd2d78c8\ndb_backtrace(d2d79c4,a28588,0,ffffffff) at db_backtrace+0x313/frame 0xd2d7968\ndb_trace_self(151e400,d2d7984,d2d79c4,0,d2d798c,...) at db_trace_self+0x2b/frame 0xd2d7984\ndb_trace_self_wrapper(0,10280000,10280002,d2d7a48,202,...) at db_trace_self_wrapper+0x28/frame 0xd2d79c4\nvpanic(151e486,d2d7a00,d2d7a00,d2d7ab0,12deb29,...) at vpanic+0x124/frame 0xd2d79e0\npanic(151e486,15002a6,d2d8000,d2d8000,0,...) at panic+0x14/frame 0xd2d79f4\nvm_fault(1e4f4ec,d2d8000,2,0,0) at vm_fault+0x1849/frame 0xd2d7ab0\nvm_fault_trap(1e4f4ec,d2d8000,2,0,0,0) at vm_fault_trap+0x52/frame 0xd2d7ad8\ntrap_pfault(d2d8000,0,0) at trap_pfault+0x16a/frame 0xd2d7b24\ntrap(d2d7bf8,8,28,28,d2d8000,...) at trap+0x2d2/frame 0xd2d7bec\ncalltrap() at 0xffc0319f/frame 0xd2d7bec\n--- trap 0xc, eip = 0x1404340, esp = 0xd2d7c38, ebp = 0xd2d7c60 ---\nrandom_nehemiah_read(65fbcbfe,7487cffd,937cb6b7,ae98cec2,f0294ab2,...) at random_nehemiah_read+0x60/frame 0xd2d7c60\n\n\n\nFatal trap 12: page fault while in kernel mode\ncpuid = 0; apic id = 00\nfault virtual address   = 0x56e5ddb5\nfault code      = supervisor read data, page not present\ninstruction pointer = 0x20:0x1409fa0\nstack pointer           = 0x28:0xd2d7534\nframe pointer           = 0x28:0xd2d757c\ncode segment        = base 0x0, limit 0xfffff, type 0x1b\n            = DPL 0, pres 1, def32 1, gran 1\nprocessor eflags    = resume, IOPL = 0\ncurrent process     = 5 (rand_harvestq)\ntrap number     = 12\npanic: page fault\ncpuid = 0\ntime = 1634357727\nKDB: stack backtrace:\ndb_trace_self_wrapper(d2d74f4,10280000,d2d74f4,c,0,...) at db_trace_self_wrapper+0x28/frame 0xd2d7384\nvpanic(1479d53,d2d73c0,d2d73c0,d2d73e8,142f377,...) at vpanic+0x124/frame 0xd2d73a0\npanic(1479d53,150c115,0,fffff,d2df39b,...) at panic+0x14/frame 0xd2d73b4\ntrap_fatal(d2d0000,7f,1,8,1511f2a,...) at trap_fatal+0x347/frame 0xd2d73e8\ntrap_pfault(56e5ddb5,0,0) at trap_pfault+0x6f/frame 0xd2d741c\ntrap(d2d74f4,8,28,28,d2d766c,...) at trap+0x2d2/frame 0xd2d74e8\ncalltrap() at 0xffc0319f/frame 0xd2d74e8\n--- trap 0xc, eip = 0x1409fa0, esp = 0xd2d7534, ebp = 0xd2d757c ---\ndb_read_bytes(56e5ddb5,4,d2d7590) at db_read_bytes+0x50/frame 0xd2d757c\ndb_get_value(56e5ddb5,4,0) at db_get_value+0x22/frame 0xd2d75a8\ndb_backtrace(d2d76a4,a28588,0,ffffffff) at db_backtrace+0x313/frame 0xd2d7648\ndb_trace_self(1479d01,d2d7664,d2d76a4,d2d7854,d2d766c,...) at db_trace_self+0x2b/frame 0xd2d7664\ndb_trace_self_wrapper(d2d7814,10280000,d2d7814,c,0,...) at db_trace_self_wrapper+0x28/frame 0xd2d76a4\nvpanic(1479d53,d2d76e0,d2d76e0,d2d7708,142f377,...) at vpanic+0x124/frame 0xd2d76c0\npanic(1479d53,150c115,0,fffff,d2df69b,...) at panic+0x14/frame 0xd2d76d4\ntrap_fatal(d2d0000,7f,1,8,1511f2a,...) at trap_fatal+0x347/frame 0xd2d7708\ntrap_pfault(56e5ddb5,0,0) at trap_pfault+0x6f/frame 0xd2d773c\ntrap(d2d7814,8,28,28,d2d798c,...) at trap+0x2d2/frame 0xd2d7808\ncalltrap() at 0xffc0319f/frame 0xd2d7808\n--- trap 0xc, eip = 0x1409fa0, esp = 0xd2d7854, ebp = 0xd2d789c ---\ndb_read_bytes(56e5ddb5,4,d2d78b0) at db_read_bytes+0x50/frame 0xd2d789c\ndb_get_value(56e5ddb5,4,0) at db_get_value+0x22/frame 0xd2d78c8\ndb_backtrace(d2d79c4,a28588,0,ffffffff) at db_backtrace+0x313/frame 0xd2d7968\ndb_trace_self(151e400,d2d7984,d2d79c4,0,d2d798c,...) at db_trace_self+0x2b/frame 0xd2d7984\ndb_trace_self_wrapper(0,10280000,10280002,d2d7a48,202,...) at db_trace_self_wrapper+0x28/frame 0xd2d79c4\nvpanic(151e486,d2d7a00,d2d7a00,d2d7ab0,12deb29,...) at vpanic+0x124/frame 0xd2d79e0\npanic(151e486,15002a6,d2d8000,d2d8000,0,...) at panic+0x14/frame 0xd2d79f4\nvm_fault(1e4f4ec,d2d8000,2,0,0) at vm_fault+0x1849/frame 0xd2d7ab0\nvm_fault_trap(1e4f4ec,d2d8000,2,0,0,0) at vm_fault_trap+0x52/frame 0xd2d7ad8\ntrap_pfault(d2d8000,0,0) at trap_pfault+0x16a/frame 0xd2d7b24\ntrap(d2d7bf8,8,28,28,d2d8000,...) at trap+0x2d2/frame 0xd2d7bec\ncalltrap() at 0xffc0319f/frame 0xd2d7bec\n--- trap 0xc, eip = 0x1404340, esp = 0xd2d7c38, ebp = 0xd2d7c60 ---\nrandom_nehemiah_read(65fbcbfe,7487cffd,937cb6b7,ae98cec2,f0294ab2,...) at random_nehemiah_read+0x60/frame 0xd2d7c60\n\nThis repeats over and over and over for a while until the machine simply resets/reboots and we need to fsck the root filesystem. There is no coredump. \n\nHere is what I see at boot time : \n\n/boot/kernel/kernel text=0xfecb4\ntext=0xb492a0 -\ntext=0x5f66a0\ndata=0xb0 data=0x10df8c+0x332204\n - syms=[0x4+0xece00+0x4+0x1847a6\nLoading configured modules...\n/etc/hostid size=0x25\n/boot/kernel/cryptodev.ko text=0x20a0 text=0x2113 data=0x228+0x8 syms=[0x4+0x8c0/+0x4+0xa94]\n\n/boot/entropy size=0x1000\nGDB: no debug ports present\nKDB: debugger backends: ddb\nKDB: current backend: ddb\n---\u003c\u003cBOOT\u003e\u003e---\nMP Configuration Table version 1.4 found at 0x4f0c00\nAPIC: Using the MADT enumerator.\nCopyright (c) 1992-2021 The FreeBSD Project.\nCopyright (c) 1979, 1980, 1983, 1986, 1988, 1989, 1991, 1992, 1993, 1994\n    The Regents of the University of California. All rights reserved.\nFreeBSD is a registered trademark of The FreeBSD Foundation.\nFreeBSD 14.0-CURRENT #0 main-n249945-67bceb38f46: Thu Oct  7 19:43:11 UTC 2021\n    root@releng1.nyi.freebsd.org:/usr/obj/usr/src/i386.i386/sys/GENERIC i386\nFreeBSD clang version 12.0.1 (git@github.com:llvm/llvm-project.git llvmorg-12.0.1-0-gfed41342a82f)\nWARNING: WITNESS option enabled, expect reduced performance.\nVT(vga): resolution 640x480\nPreloaded elf kernel \"/boot/kernel/kernel\" at 0x218d000.\nPreloaded hostuuid \"/etc/hostid\" at 0x2195b08.\nPreloaded elf module \"/boot/kernel/cryptodev.ko\" at 0x2195b48.\nPreloaded boot_entropy_cache \"/boot/entropy\" at 0x2195fe8.\nPreloaded TSLOG data \"TSLOG\" at 0x2196034.\nCalibrating TSC clock ... TSC clock: 400008539 Hz\nCPU: VIA Esther processor 1200MHz (400.01-MHz 686-class CPU)\n  Origin=\"CentaurHauls\"  Id=0x6a9  Family=0x6  Model=0xa  Stepping=9\n  Features=0xa7c9baff\u003cFPU,VME,DE,PSE,TSC,MSR,PAE,MCE,APIC,SEP,MTRR,PGE,CMOV,PAT,CLFLUSH,ACPI,MMX,FXSR,SSE,SSE2,TM,PBE\u003e\n  Features2=0x181\u003cSSE3,EST,TM2\u003e\n  AMD Features=0x100000\u003cNX\u003e\n  VIA Padlock Features=0x3fcc\u003cRNG,AES,AES-CTR,SHA1,SHA256,RSA\u003e\nreal memory  = 1073741824 (1024 MB)\nPhysical memory chunk(s):\n0x0000000000001000 - 0x000000000009dfff, 643072 bytes (157 pages)\n0x0000000000100000 - 0x00000000007fffff, 7340032 bytes (1792 pages)\n0x0000000002300000 - 0x000000003aca0fff, 949620736 bytes (231841 pages)\navail memory = 955727872 (911 MB)\nMADT: Found CPU APIC ID 0 ACPI ID 0: enabled\nSMP: Added CPU 0 (AP)\nEvent timer \"LAPIC\" quality 100\nLAPIC: ipi_wait() us multiplier 3 (r 11200290 tsc 400008539)\nACPI APIC Table: \u003cCN700  AWRDACPI\u003e\nAPIC: CPU 0 has ACPI ID 0\nPentium Pro MTRR support enabled\nbios32: Found BIOS32 Service Directory header at 0x4fa4e0\nbios32: Entry = 0xfa960 (4fa960)  Rev = 0  Len = 1\npcibios: PCI BIOS entry at 0xf0000+0xa9b0\npnpbios: Found PnP BIOS data at 0x4fb420\npnpbios: Entry = f0000:b450  Rev = 1.0\nOther BIOS signatures found:\nrandom: registering fast source VIA Nehemiah Padlock RNG\nrandom: fast provider: \"VIA Nehemiah Padlock RNG\"\nrandom: read 4096 bytes from preloaded cache\nrandom: unblocking device.\nVIMAGE (virtualized network stack) enabled\nhostuuid: using a566e725-28ad-11ec-9bb3-003018b029b6\nULE: setup cpu 0\nACPI: RSDP 0x00000000000F6E10 000014 (v00 CN700 )\nACPI: RSDT 0x000000003BEE3040 00002C (v01 CN700  AWRDACPI 42302E31 AWRD 00000000)\nACPI: FACP 0x000000003BEE30C0 000074 (v01 CN700  AWRDACPI 42302E31 AWRD 00000000)\nACPI: DSDT 0x000000003BEE3180 004FC3 (v01 CN700  AWRDACPI 00001000 MSFT 0100000E)\nACPI: FACS 0x000000003BEE0000 000040\nACPI: APIC 0x000000003BEE81C0 00005A (v01 CN700  AWRDACPI 42302E31 AWRD 00000000)\nMADT: Found IO APIC ID 2, Interrupt 0 at 0xfec00000\nioapic0: ver 0x03 maxredir 0x17\nioapic0: Routing external 8259A's -\u003e intpin 0\nMADT: Interrupt override: source 0, irq 2\nioapic0: Routing IRQ 0 -\u003e intpin 2\nMADT: Interrupt override: source 9, irq 9\nioapic0: intpin 9 trigger: level\nioapic0: intpin 9 polarity: low\nlapic0: Routing NMI -\u003e LINT1\nlapic0: LINT1 trigger: edge\nlapic0: LINT1 polarity: high\nioapic0 \u003cVersion 0.3\u003e irqs 0-23\nlapic: Divisor 2, Frequency 50001087 Hz\ncpu0 BSP:\n     ID: 0x00000000   VER: 0x00050014 LDR: 0x00000000 DFR: 0xffffffff\n  lint0: 0x00010700 lint1: 0x00000400 TPR: 0x00000000 SVR: 0x000001ff\n  timer: 0x000100ef therm: 0x00010000 err: 0x000000f0 pmc: 0x00010400\nTimecounter \"TSC\" frequency 400008539 Hz quality 800\nrandom: entropy device external interface\nwlan: \u003c802.11 Link Layer\u003e\nsnd_unit_init() u=0x00ff8000 [512] d=0x00007c00 [32] c=0x000003ff [1024]\nfeeder_register: snd_unit=-1 snd_maxautovchans=16 latency=2 feeder_rate_min=1 feeder_rate_max=2016000 feeder_rate_round=25\ncrypto: \u003ccrypto core\u003e\nkbd: new array size 4\nkbd1 at kbdmux0\nmem: \u003cmemory\u003e\nnull: \u003cfull device, null device, zero device\u003e\nio: \u003cI/O\u003e\n[ath_hal] loaded\nvtvga0: \u003cVT VGA driver\u003e\nsmbios0: \u003cSystem Management BIOS\u003e at iomem 0xf0be0-0xf0bfe\nsmbios0: Version: 2.3, BCD Revision: 2.3\ncrypto: assign cryptosoft0 driver id 0, flags 0x6000000\naesni0: No AES or SHA support.\nacpi0: \u003cCN700 AWRDACPI\u003e\nACPI: Actual Package length (8) is larger than NumElements field (2), truncated\nACPI: Actual Package length (8) is larger than NumElements field (2), truncated\nACPI: 1 ACPI AML tables successfully acquired and loaded\nioapic0: routing intpin 9 (ISA IRQ 9) to lapic 0 vector 48\npci_open(1):    mode 1 addr port (0x0cf8) is 0x80000760\npci_open(1a):   mode1res=0x80000000 (0x80000000)\npci_cfgcheck:   device 0 [class=060000] [hdr=80] is there (id=03141106)\npcibios: BIOS version 2.10\nacpi0: Power Button (fixed)\nacpi0: wakeup code va 0xd468000 pa 0x1000\nacpi0: reservation of f0000, 8000 (3) failed\nacpi0: reservation of 0, a0000 (3) failed\nacpi0: reservation of 100000, 3bde0000 (3) failed\ncpu0: \u003cACPI CPU\u003e on acpi0\ncpu0: switching to generic Cx mode\nattimer0: \u003cAT timer\u003e port 0x40-0x43 irq 0 on acpi0\nTimecounter \"i8254\" frequency 1193182 Hz quality 0\nioapic0: routing intpin 2 (ISA IRQ 0) to lapic 0 vector 49\nEvent timer \"i8254\" frequency 1193182 Hz quality 100\natrtc0: \u003cAT realtime clock\u003e port 0x70-0x73 irq 8 on acpi0\natrtc0: registered as a time-of-day clock, resolution 1.000000s\nioapic0: routing intpin 8 (ISA IRQ 8) to lapic 0 vector 50\nEvent timer \"RTC\" frequency 32768 Hz quality 0\nACPI timer: -\u003e 10\nTimecounter \"ACPI-fast\" frequency 3579545 Hz quality 900\nacpi_timer0: \u003c24-bit timer at 3.579545MHz\u003e port 0x408-0x40b on acpi0\npci_link0:        Index  IRQ  Rtd  Ref  IRQs\n  Initial Probe       0    5   N     0  3 4 6 7 10 11 12\n  Validation          0  255   N     0  3 4 6 7 10 11 12\n  After Disable       0  255   N     0  3 4 6 7 10 11 12\npci_link1:        Index  IRQ  Rtd  Ref  IRQs\n  Initial Probe       0   11   N     0  3 4 6 7 10 11 12\n  Validation          0   11   N     0  3 4 6 7 10 11 12\n  After Disable       0  255   N     0  3 4 6 7 10 11 12\npci_link2:        Index  IRQ  Rtd  Ref  IRQs\n  Initial Probe       0   10   N     0  3 4 6 7 10 11 12\n  Validation          0   10   N     0  3 4 6 7 10 11 12\n  After Disable       0  255   N     0  3 4 6 7 10 11 12\npci_link3:        Index  IRQ  Rtd  Ref  IRQs\n  Initial Probe       0  255   N     0  3 4 6 7 10 11 12\n  Validation          0  255   N     0  3 4 6 7 10 11 12\n  After Disable       0  255   N     0  3 4 6 7 10 11 12\npci_link4:        Index  IRQ  Rtd  Ref  IRQs\n  Initial Probe       0  255   N     0  3 4 6 7 10 11 12\n  Validation          0  255   N     0  3 4 6 7 10 11 12\n  After Disable       0  255   N     0  3 4 6 7 10 11 12\npci_link5:        Index  IRQ  Rtd  Ref  IRQs\n  Initial Probe       0  255   N     0  3 4 6 7 10 11 12\n  Validation          0  255   N     0  3 4 6 7 10 11 12\n  After Disable       0  255   N     0  3 4 6 7 10 11 12\npci_link6:        Index  IRQ  Rtd  Ref  IRQs\n  Initial Probe       0  255   N     0  3 4 6 7 10 11 12\n  Validation          0  255   N     0  3 4 6 7 10 11 12\n  After Disable       0  255   N     0  3 4 6 7 10 11 12\npci_link7:        Index  IRQ  Rtd  Ref  IRQs\n  Initial Probe       0  255   N     0  3 4 6 7 10 11 12\n  Validation          0  255   N     0  3 4 6 7 10 11 12\n  After Disable       0  255   N     0  3 4 6 7 10 11 12\npci_link8:        Index  IRQ  Rtd  Ref  IRQs\n  Initial Probe       0   20   N     0  20\n  Validation          0   20   N     0  20\n  After Disable       0  255   N     0  20\npci_link9:        Index  IRQ  Rtd  Ref  IRQs\n  Initial Probe       0   21   N     0  21\n  Validation          0   21   N     0  21\n  After Disable       0  255   N     0  21\npci_link10:       Index  IRQ  Rtd  Ref  IRQs\n  Initial Probe       0   22   N     0  22\n  Validation          0   22   N     0  22\n  After Disable       0  255   N     0  22\npci_link11:       Index  IRQ  Rtd  Ref  IRQs\n  Initial Probe       0   23   N     0  23\n  Validation          0   23   N     0  23\n  After Disable       0  255   N     0  23\nacpi_button0: \u003cPower Button\u003e on acpi0\npcib0: \u003cACPI Host-PCI bridge\u003e port 0xcf8-0xcff on acpi0\npcib0: decoding 4 range 0-0xcf7\npcib0: decoding 4 range 0xd00-0xffff\npcib0: decoding 3 range 0xa0000-0xbffff\npcib0: decoding 3 range 0xc0000-0xdffff\npcib0: decoding 3 range 0x3bf00000-0xfebfffff\npci0: \u003cACPI PCI bus\u003e on pcib0\npci0: domain=0, physical bus=0\nfound-\u003e vendor=0x1106, dev=0x0314, revid=0x00\n    domain=0, bus=0, slot=0, func=0\n    class=06-00-00, hdrtype=0x00, mfdev=1\n    cmdreg=0x0006, statreg=0x2230, cachelnsz=0 (dwords)\n    lattimer=0x08 (240 ns), mingnt=0x00 (0 ns), maxlat=0x00 (0 ns)\n    powerspec 2  supports D0 D3  current D0\n    map[10]: type Prefetchable Memory, range 32, base 0xe8000000, size 27, enabled\npcib0: allocated type 3 (0xe8000000-0xefffffff) for rid 10 of pci0:0:0:0\nfound-\u003e vendor=0x1106, dev=0x1314, revid=0x00\n    domain=0, bus=0, slot=0, func=1\n    class=06-00-00, hdrtype=0x00, mfdev=0\n    cmdreg=0x0006, statreg=0x0200, cachelnsz=0 (dwords)\n    lattimer=0x00 (0 ns), mingnt=0x00 (0 ns), maxlat=0x00 (0 ns)\nfound-\u003e vendor=0x1106, dev=0x2314, revid=0x00\n    domain=0, bus=0, slot=0, func=2\n    class=06-00-00, hdrtype=0x00, mfdev=0\n    cmdreg=0x0006, statreg=0x0200, cachelnsz=0 (dwords)\n    lattimer=0x00 (0 ns), mingnt=0x00 (0 ns), maxlat=0x00 (0 ns)\nfound-\u003e vendor=0x1106, dev=0x3208, revid=0x00\n    domain=0, bus=0, slot=0, func=3\n    class=06-00-00, hdrtype=0x00, mfdev=0\n    cmdreg=0x0006, statreg=0x0200, cachelnsz=0 (dwords)\n    lattimer=0x00 (0 ns), mingnt=0x00 (0 ns), maxlat=0x00 (0 ns)\nfound-\u003e vendor=0x1106, dev=0x4314, revid=0x00\n    domain=0, bus=0, slot=0, func=4\n    class=06-00-00, hdrtype=0x00, mfdev=0\n    cmdreg=0x0006, statreg=0x0200, cachelnsz=0 (dwords)\n    lattimer=0x00 (0 ns), mingnt=0x00 (0 ns), maxlat=0x00 (0 ns)\nfound-\u003e vendor=0x1106, dev=0x7314, revid=0x00\n    domain=0, bus=0, slot=0, func=7\n    class=06-00-00, hdrtype=0x00, mfdev=0\n    cmdreg=0x0006, statreg=0x0200, cachelnsz=0 (dwords)\n    lattimer=0x00 (0 ns), mingnt=0x00 (0 ns), maxlat=0x00 (0 ns)\nfound-\u003e vendor=0x1106, dev=0xb198, revid=0x00\n    domain=0, bus=0, slot=1, func=0\n    class=06-04-00, hdrtype=0x01, mfdev=0\n    cmdreg=0x0007, statreg=0x0230, cachelnsz=0 (dwords)\n    lattimer=0x00 (0 ns), mingnt=0x00 (0 ns), maxlat=0x00 (0 ns)\n    powerspec 2  supports D0 D1 D3  current D0\n    secbus=1, subbus=1\nfound-\u003e vendor=0x10ec, dev=0x8167, revid=0x10\n    domain=0, bus=0, slot=9, func=0\n    class=02-00-00, hdrtype=0x00, mfdev=0\n    cmdreg=0x0007, statreg=0x02b0, cachelnsz=1 (dwords)\n    lattimer=0x20 (960 ns), mingnt=0x20 (8000 ns), maxlat=0x40 (16000 ns)\n    intpin=a, irq=10\n    powerspec 2  supports D0 D1 D2 D3  current D0\n    map[10]: type I/O Port, range 32, base 0xf200, size  8, enabled\npcib0: allocated type 4 (0xf200-0xf2ff) for rid 10 of pci0:0:9:0\n    map[14]: type Memory, range 32, base 0xfdfff000, size  8, enabled\npcib0: allocated type 3 (0xfdfff000-0xfdfff0ff) for rid 14 of pci0:0:9:0\npcib0: matched entry for 0.9.INTA\npcib0: slot 9 INTA hardwired to IRQ 18\nfound-\u003e vendor=0x1106, dev=0x3149, revid=0x80\n    domain=0, bus=0, slot=15, func=0\n    class=01-01-8f, hdrtype=0x00, mfdev=1\n    cmdreg=0x0007, statreg=0x0290, cachelnsz=0 (dwords)\n    lattimer=0x20 (960 ns), mingnt=0x00 (0 ns), maxlat=0x00 (0 ns)\n    intpin=b, irq=11\n    powerspec 2  supports D0 D3  current D0\n    map[10]: type I/O Port, range 32, base 0xff00, size  3, enabled\npcib0: allocated type 4 (0xff00-0xff07) for rid 10 of pci0:0:15:0\n    map[14]: type I/O Port, range 32, base 0xfe00, size  2, enabled\npcib0: allocated type 4 (0xfe00-0xfe03) for rid 14 of pci0:0:15:0\n    map[18]: type I/O Port, range 32, base 0xfd00, size  3, enabled\npcib0: allocated type 4 (0xfd00-0xfd07) for rid 18 of pci0:0:15:0\n    map[1c]: type I/O Port, range 32, base 0xfc00, size  2, enabled\npcib0: allocated type 4 (0xfc00-0xfc03) for rid 1c of pci0:0:15:0\n    map[20]: type I/O Port, range 32, base 0xfb00, size  4, enabled\npcib0: allocated type 4 (0xfb00-0xfb0f) for rid 20 of pci0:0:15:0\n    map[24]: type I/O Port, range 32, base 0xf400, size  8, enabled\npcib0: allocated type 4 (0xf400-0xf4ff) for rid 24 of pci0:0:15:0\npcib0: matched entry for 0.15.INTB (src \\_SB_.PCI0.ALKA:0)\npcib0: slot 15 INTB routed to irq 20 via \\_SB_.PCI0.ALKA\nfound-\u003e vendor=0x1106, dev=0x0571, revid=0x06\n    domain=0, bus=0, slot=15, func=1\n    class=01-01-8a, hdrtype=0x00, mfdev=0\n    cmdreg=0x0007, statreg=0x0290, cachelnsz=0 (dwords)\n    lattimer=0x20 (960 ns), mingnt=0x00 (0 ns), maxlat=0x00 (0 ns)\n    intpin=a, irq=255\n    powerspec 2  supports D0 D3  current D0\npcib0: allocated type 4 (0x1f0-0x1f7) for rid 10 of pci0:0:15:1\npcib0: allocated type 4 (0x3f6-0x3f6) for rid 14 of pci0:0:15:1\npcib0: allocated type 4 (0x170-0x177) for rid 18 of pci0:0:15:1\npcib0: allocated type 4 (0x376-0x376) for rid 1c of pci0:0:15:1\n    map[20]: type I/O Port, range 32, base 0xfa00, size  4, enabled\npcib0: allocated type 4 (0xfa00-0xfa0f) for rid 20 of pci0:0:15:1\nfound-\u003e vendor=0x1106, dev=0x3227, revid=0x00\n    domain=0, bus=0, slot=17, func=0\n    class=06-01-00, hdrtype=0x00, mfdev=1\n    cmdreg=0x0087, statreg=0x0210, cachelnsz=0 (dwords)\n    lattimer=0x00 (0 ns), mingnt=0x00 (0 ns), maxlat=0x00 (0 ns)\n    powerspec 2  supports D0 D3  current D0\nagp0: \u003cVIA 3314 (P4M800CE) host to PCI bridge\u003e on hostb0\nWARNING: Device \"agp\" is Giant locked and may be deleted before FreeBSD 14.0.\nagp0: allocating GATT for aperture of size 128M\nagp0: aperture size is 128M\npcib1: \u003cPCI-PCI bridge\u003e at device 1.0 on pci0\npcib0: allocated type 4 (0xe000-0xefff) for rid 1c of pcib1\npcib0: allocated type 3 (0xfb000000-0xfcffffff) for rid 20 of pcib1\npcib0: allocated type 3 (0xf4000000-0xf7ffffff) for rid 24 of pcib1\npcib1:   domain            0\npcib1:   secondary bus     1\npcib1:   subordinate bus   1\npcib1:   I/O decode        0xe000-0xefff\npcib1:   memory decode     0xfb000000-0xfcffffff\npcib1:   prefetched decode 0xf4000000-0xf7ffffff\npcib1:   special decode    VGA\npci1: \u003cPCI bus\u003e on pcib1\npcib1: allocated bus range (1-1) for rid 0 of pci1\npci1: domain=0, physical bus=1\nfound-\u003e vendor=0x1106, dev=0x3344, revid=0x01\n    domain=0, bus=1, slot=0, func=0\n    class=03-00-00, hdrtype=0x00, mfdev=0\n    cmdreg=0x0007, statreg=0x0230, cachelnsz=0 (dwords)\n    lattimer=0x20 (960 ns), mingnt=0x02 (500 ns), maxlat=0x00 (0 ns)\n    intpin=a, irq=5\n    powerspec 2  supports D0 D1 D2 D3  current D0\n    map[10]: type Prefetchable Memory, range 32, base 0xf4000000, size 26, enabled\npcib1: allocated prefetch range (0xf4000000-0xf7ffffff) for rid 10 of pci0:1:0:0\n    map[14]: type Memory, range 32, base 0xfb000000, size 24, enabled\npcib1: allocated memory range (0xfb000000-0xfbffffff) for rid 14 of pci0:1:0:0\npcib0: matched entry for 0.1.INTA\npcib0: slot 1 INTA hardwired to IRQ 16\npcib1: slot 0 INTA is routed to irq 16\nvgapci0: \u003cVGA-compatible display\u003e mem 0xf4000000-0xf7ffffff,0xfb000000-0xfbffffff irq 16 at device 0.0 on pci1\nvgapci0: Boot video device\nre0: \u003cRealTek 8169SC/8110SC Single-chip Gigabit Ethernet\u003e port 0xf200-0xf2ff mem 0xfdfff000-0xfdfff0ff irq 18 at device 9.0 on pci0\nre0: MSI count : 0\nre0: MSI-X count : 0\nre0: Chip rev. 0x18000000\nre0: MAC rev. 0x00000000\nmiibus0: \u003cMII bus\u003e on re0\nrgephy0: \u003cRTL8169S/8110S/8211 1000BASE-T media interface\u003e PHY 1 on miibus0\nrgephy0: OUI 0x00e04c, model 0x0011, rev. 2\nrgephy0:  none, 10baseT, 10baseT-FDX, 10baseT-FDX-flow, 100baseTX, 100baseTX-FDX, 100baseTX-FDX-flow, 1000baseT, 1000baseT-master, 1000baseT-FDX, 1000baseT-FDX-master, 1000baseT-FDX-flow, 1000baseT-FDX-flow-master, auto, auto-flow\nre0: Using defaults for TSO: 65518/35/2048\nre0: bpf attached\nre0: Ethernet address: 00:30:18:b0:29:b6\nioapic0: routing intpin 18 (PCI IRQ 18) to lapic 0 vector 51\natapci0: \u003cVIA 6420 SATA150 controller\u003e port 0xff00-0xff07,0xfe00-0xfe03,0xfd00-0xfd07,0xfc00-0xfc03,0xfb00-0xfb0f,0xf400-0xf4ff irq 20 at device 15.0 on pci0\nioapic0: routing intpin 20 (PCI IRQ 20) to lapic 0 vector 52\nata2: \u003cATA channel\u003e at channel 0 on atapci0\nata3: \u003cATA channel\u003e at channel 1 on atapci0\natapci1: \u003cVIA 8237 UDMA133 controller\u003e port 0x1f0-0x1f7,0x3f6,0x170-0x177,0x376,0xfa00-0xfa0f at device 15.1 on pci0\nata0: \u003cATA channel\u003e at channel 0 on atapci1\nioapic0: routing intpin 14 (ISA IRQ 14) to lapic 0 vector 53\nata1: \u003cATA channel\u003e at channel 1 on atapci1\nioapic0: routing intpin 15 (ISA IRQ 15) to lapic 0 vector 54\nisab0: \u003cPCI-ISA bridge\u003e at device 17.0 on pci0\nisa0: \u003cISA bus\u003e on isab0\nacpi_tz0: \u003cThermal Zone\u003e on acpi0\nuart0: \u003c16550 or compatible\u003e port 0x3f8-0x3ff irq 4 flags 0x10 on acpi0\nuart0: console (9600,n,8,1)\nioapic0: routing intpin 4 (ISA IRQ 4) to lapic 0 vector 55\nuart0: fast interrupt\nuart0: PPS capture mode: DCD\natkbdc0: \u003cKeyboard controller (i8042)\u003e port 0x60,0x64 irq 1 on acpi0\natkbd0: \u003cAT Keyboard\u003e irq 1 on atkbdc0\natkbd: the current kbd controller command byte 0065\natkbd: keyboard ID 0x41ab (2)\nkbdc: RESET_KBD return code:00fa\nkbdc: RESET_KBD status:00aa\nkbd0 at atkbd0\nkbd0: atkbd0, AT 101/102 (2), config:0x0, flags:0x1d0000\nioapic0: routing intpin 1 (ISA IRQ 1) to lapic 0 vector 56\natkbd0: [GIANT-LOCKED]\npsm0: unable to allocate IRQ\nahc_isa_identify 0: ioport 0xc00 alloc failed\nahc_isa_identify 1: ioport 0x1c00 alloc failed\nahc_isa_identify 2: ioport 0x2c00 alloc failed\nahc_isa_identify 3: ioport 0x3c00 alloc failed\nahc_isa_identify 4: ioport 0x4c00 alloc failed\nahc_isa_identify 5: ioport 0x5c00 alloc failed\nahc_isa_identify 6: ioport 0x6c00 alloc failed\nahc_isa_identify 7: ioport 0x7c00 alloc failed\nahc_isa_identify 8: ioport 0x8c00 alloc failed\nahc_isa_identify 9: ioport 0x9c00 alloc failed\nahc_isa_identify 10: ioport 0xac00 alloc failed\nahc_isa_identify 11: ioport 0xbc00 alloc failed\nahc_isa_identify 12: ioport 0xcc00 alloc failed\nahc_isa_identify 13: ioport 0xdc00 alloc failed\nahc_isa_identify 14: ioport 0xec00 alloc failed\npcib0: allocated type 3 (0xb0000-0xb07ff) for rid 0 of orm0\npcib0: allocated type 3 (0xb0800-0xb0fff) for rid 0 of orm0\npcib0: allocated type 3 (0xb1000-0xb17ff) for rid 0 of orm0\npcib0: allocated type 3 (0xb1800-0xb1fff) for rid 0 of orm0\npcib0: allocated type 3 (0xb2000-0xb27ff) for rid 0 of orm0\npcib0: allocated type 3 (0xb2800-0xb2fff) for rid 0 of orm0\npcib0: allocated type 3 (0xb3000-0xb37ff) for rid 0 of orm0\npcib0: allocated type 3 (0xb3800-0xb3fff) for rid 0 of orm0\npcib0: allocated type 3 (0xb4000-0xb47ff) for rid 0 of orm0\npcib0: allocated type 3 (0xb4800-0xb4fff) for rid 0 of orm0\npcib0: allocated type 3 (0xb5000-0xb57ff) for rid 0 of orm0\npcib0: allocated type 3 (0xb5800-0xb5fff) for rid 0 of orm0\npcib0: allocated type 3 (0xb6000-0xb67ff) for rid 0 of orm0\npcib0: allocated type 3 (0xb6800-0xb6fff) for rid 0 of orm0\npcib0: allocated type 3 (0xb7000-0xb77ff) for rid 0 of orm0\npcib0: allocated type 3 (0xb7800-0xb7fff) for rid 0 of orm0\npcib0: allocated type 3 (0xb8000-0xb87ff) for rid 0 of orm0\npcib0: allocated type 3 (0xb8800-0xb8fff) for rid 0 of orm0\npcib0: allocated type 3 (0xb9000-0xb97ff) for rid 0 of orm0\npcib0: allocated type 3 (0xb9800-0xb9fff) for rid 0 of orm0\npcib0: allocated type 3 (0xba000-0xba7ff) for rid 0 of orm0\npcib0: allocated type 3 (0xba800-0xbafff) for rid 0 of orm0\npcib0: allocated type 3 (0xbb000-0xbb7ff) for rid 0 of orm0\npcib0: allocated type 3 (0xbb800-0xbbfff) for rid 0 of orm0\npcib0: allocated type 3 (0xbc000-0xbc7ff) for rid 0 of orm0\npcib0: allocated type 3 (0xbc800-0xbcfff) for rid 0 of orm0\npcib0: allocated type 3 (0xbd000-0xbd7ff) for rid 0 of orm0\npcib0: allocated type 3 (0xbd800-0xbdfff) for rid 0 of orm0\npcib0: allocated type 3 (0xbe000-0xbe7ff) for rid 0 of orm0\npcib0: allocated type 3 (0xbe800-0xbefff) for rid 0 of orm0\npcib0: allocated type 3 (0xbf000-0xbf7ff) for rid 0 of orm0\npcib0: allocated type 3 (0xbf800-0xbffff) for rid 0 of orm0\npcib0: allocated type 3 (0xc0000-0xc07ff) for rid 0 of orm0\npcib0: allocated type 3 (0xc0800-0xc0fff) for rid 0 of orm0\npcib0: allocated type 3 (0xc1000-0xc17ff) for rid 0 of orm0\npcib0: allocated type 3 (0xc1800-0xc1fff) for rid 0 of orm0\npcib0: allocated type 3 (0xc2000-0xc27ff) for rid 0 of orm0\npcib0: allocated type 3 (0xc2800-0xc2fff) for rid 0 of orm0\npcib0: allocated type 3 (0xc3000-0xc37ff) for rid 0 of orm0\npcib0: allocated type 3 (0xc3800-0xc3fff) for rid 0 of orm0\npcib0: allocated type 3 (0xc4000-0xc47ff) for rid 0 of orm0\npcib0: allocated type 3 (0xc4800-0xc4fff) for rid 0 of orm0\npcib0: allocated type 3 (0xc5000-0xc57ff) for rid 0 of orm0\npcib0: allocated type 3 (0xc5800-0xc5fff) for rid 0 of orm0\npcib0: allocated type 3 (0xc6000-0xc67ff) for rid 0 of orm0\npcib0: allocated type 3 (0xc6800-0xc6fff) for rid 0 of orm0\npcib0: allocated type 3 (0xc7000-0xc77ff) for rid 0 of orm0\npcib0: allocated type 3 (0xc7800-0xc7fff) for rid 0 of orm0\npcib0: allocated type 3 (0xc8000-0xc87ff) for rid 0 of orm0\npcib0: allocated type 3 (0xc8800-0xc8fff) for rid 0 of orm0\npcib0: allocated type 3 (0xc9000-0xc97ff) for rid 0 of orm0\npcib0: allocated type 3 (0xc9800-0xc9fff) for rid 0 of orm0\npcib0: allocated type 3 (0xca000-0xca7ff) for rid 0 of orm0\npcib0: allocated type 3 (0xca800-0xcafff) for rid 0 of orm0\npcib0: allocated type 3 (0xcb000-0xcb7ff) for rid 0 of orm0\npcib0: allocated type 3 (0xcb800-0xcbfff) for rid 0 of orm0\npcib0: allocated type 3 (0xcc000-0xcc7ff) for rid 0 of orm0\npcib0: allocated type 3 (0xcc800-0xccfff) for rid 0 of orm0\npcib0: allocated type 3 (0xcd000-0xcd7ff) for rid 0 of orm0\npcib0: allocated type 3 (0xcd800-0xcdfff) for rid 0 of orm0\npcib0: allocated type 3 (0xce000-0xce7ff) for rid 0 of orm0\npcib0: allocated type 3 (0xce800-0xcefff) for rid 0 of orm0\npcib0: allocated type 3 (0xcf000-0xcf7ff) for rid 0 of orm0\npcib0: allocated type 3 (0xcf800-0xcffff) for rid 0 of orm0\npcib0: allocated type 3 (0xd0000-0xd07ff) for rid 0 of orm0\npcib0: allocated type 3 (0xd0000-0xd4fff) for rid 0 of orm0\npcib0: allocated type 3 (0xd5000-0xd57ff) for rid 1 of orm0\npcib0: allocated type 3 (0xd5800-0xd5fff) for rid 1 of orm0\npcib0: allocated type 3 (0xd6000-0xd67ff) for rid 1 of orm0\npcib0: allocated type 3 (0xd6800-0xd6fff) for rid 1 of orm0\npcib0: allocated type 3 (0xd7000-0xd77ff) for rid 1 of orm0\npcib0: allocated type 3 (0xd7800-0xd7fff) for rid 1 of orm0\npcib0: allocated type 3 (0xd8000-0xd87ff) for rid 1 of orm0\npcib0: allocated type 3 (0xd8800-0xd8fff) for rid 1 of orm0\npcib0: allocated type 3 (0xd9000-0xd97ff) for rid 1 of orm0\npcib0: allocated type 3 (0xd9800-0xd9fff) for rid 1 of orm0\npcib0: allocated type 3 (0xda000-0xda7ff) for rid 1 of orm0\npcib0: allocated type 3 (0xda800-0xdafff) for rid 1 of orm0\npcib0: allocated type 3 (0xdb000-0xdb7ff) for rid 1 of orm0\npcib0: allocated type 3 (0xdb800-0xdbfff) for rid 1 of orm0\npcib0: allocated type 3 (0xdc000-0xdc7ff) for rid 1 of orm0\npcib0: allocated type 3 (0xdc800-0xdcfff) for rid 1 of orm0\npcib0: allocated type 3 (0xdd000-0xdd7ff) for rid 1 of orm0\npcib0: allocated type 3 (0xdd800-0xddfff) for rid 1 of orm0\npcib0: allocated type 3 (0xde000-0xde7ff) for rid 1 of orm0\npcib0: allocated type 3 (0xde800-0xdefff) for rid 1 of orm0\npcib0: allocated type 3 (0xdf000-0xdf7ff) for rid 1 of orm0\npcib0: allocated type 3 (0xdf800-0xdffff) for rid 1 of orm0\npnp_identify: Trying Read_Port at 203\npnp_identify: Trying Read_Port at 243\npnp_identify: Trying Read_Port at 283\npnp_identify: Trying Read_Port at 2c3\npnp_identify: Trying Read_Port at 303\npnp_identify: Trying Read_Port at 343\npnp_identify: Trying Read_Port at 383\npnp_identify: Trying Read_Port at 3c3\nPNP Identify complete\nisa_probe_children: disabling PnP devices\nata: ata0 already exists; skipping it\nata: ata1 already exists; skipping it\natkbdc: atkbdc0 already exists; skipping it\natrtc: atrtc0 already exists; skipping it\nattimer: attimer0 already exists; skipping it\nsc: sc0 already exists; skipping it\nuart: uart0 already exists; skipping it\nisa_probe_children: probing non-PnP devices\norm0: \u003cISA Option ROM\u003e at iomem 0xd0000-0xd4fff pnpid ORM0000 on isa0\nsc0 failed to probe on isa0\nvga0 failed to probe on isa0\npcib0: allocated type 4 (0x3f0-0x3f5) for rid 0 of fdc0\npcib0: allocated type 4 (0x3f7-0x3f7) for rid 1 of fdc0\nfdc0 failed to probe at port 0x3f0-0x3f5,0x3f7 irq 6 drq 2 on isa0\nppc0: parallel port not found.\nppc0 failed to probe at irq 7 on isa0\npcib0: allocated type 4 (0x2f8-0x2f8) for rid 0 of uart1\nuart1 failed to probe at port 0x2f8 irq 3 on isa0\nisa_probe_children: probing PnP devices\nAcpiOsExecute: task queue not started\nest0: \u003cEnhanced SpeedStep Frequency Control\u003e on cpu0\nest0: current setting not found in table\nDevice configuration finished.\nprocfs registered\nTimecounters tick every 1.000 msec\nlo0: bpf attached\nvlan: initialized, using hash tables with chaining\ncrypto: \u003ccrypto device\u003e\ntcp_init: net.inet.tcp.tcbhashsize auto tuned to 8192\nIPsec: Initialized Security Association Processing.\nusb_needs_explore_all: no devclass\nAcpiOsExecute: enqueue 1 pending tasks\nata2: SATA connect time=0ms status=00000113\nWARNING: WITNESS option enabled, expect reduced performance.\nata2: reset tp1 mask=01 ostat0=50 ostat1=00\nTrying to mount root from ufs:/dev/ada0s1a [rw]...\nRoot mount waiting for: CAM\nata2: stat0=0x50 err=0x01 lsb=0x00 msb=0x00\nata2: reset tp2 stat0=50 stat1=00 devices=0x1\nata3: SATA connect timeout status=00000000\nRoot mount waiting for: CAM\nata0: reset tp1 mask=03 ostat0=60 ostat1=70\nata0: stat0=0x20 err=0x20 lsb=0x20 msb=0x20\nata0: stat1=0x30 err=0x30 lsb=0x30 msb=0x30\nata0: reset tp2 stat0=20 stat1=30 devices=0x0\nata1: reset tp1 mask=00 ostat0=ff ostat1=ff\npass0 at ata2 bus 0 scbus0 target 0 lun 0\npass0: \u003cTOSHIBA MK3265GSX GJ003A\u003e ATA8-ACS SATA 1.x device\npass0: Serial Number 801NB7THB\npass0: 150.000MB/s transfers (SATA 1.x, UDMA5, PIO 8192bytes)\nada0 at ata2 bus 0 scbus0 target 0 lun 0\nada0: \u003cTOSHIBA MK3265GSX GJ003A\u003e ATA8-ACS SATA 1.x device\nada0: Serial Number 801NB7THB\nada0: 150.000MB/s transfers (SATA 1.x, UDMA5, PIO 8192bytes)\nada0: 305245MB (625142448 512 byte sectors)\nGEOM: new disk ada0\nmountroot: waiting for device /dev/ada0s1a...\nWARNING: / was not properly dismounted\natrtc0: providing initial system time\nstart_init: trying /sbin/init\nEnter root password, or ^D to go multi-user\nPassword:\nEnter full pathname of shell or RETURN for /bin/sh:\n\nthen of course comes the fsck of the root filesystem and in no time at all we are running again. \n\nroot@:/ \n# fsck -y /dev/ada0s1a\n** /dev/ada0s1a\n** SU+J Recovering /dev/ada0s1a\nJournal timestamp does not match fs mount time\n** Skipping journal, falling through to full fsck\n\n** Last Mounted on /\n** Root file system\n** Phase 1 - Check Blocks and Sizes\n** Phase 2 - Check Pathnames\n** Phase 3 - Check Connectivity\n** Phase 4 - Check Reference Counts\n** Phase 5 - Check Cyl groups\n135909 files, 831357 used, 73818561 free (969 frags, 9227199 blocks, 0.0% fragmentation)\n\n***** FILE SYSTEM IS CLEAN *****\nroot@:/ # exit\nSetting hostuuid: a566e725-28ad-11ec-9bb3-003018b029b6.\nSetting hostid: 0x14a15242.\nFast boot: skipping disk checks.\nMounting local filesystems:.\nSetting up harvesting: PURE_NEHEMIAH,[UMA],[FS_ATIME],SWI,INTERRUPT,NET_NG,[NET_ETHER],NET_TUN,MOUSE,KEYBOARD,ATTACH,CACHED\nFeeding entropy: .\nSetting hostname: esther.\nELF ldconfig path: /lib /usr/lib /usr/lib/compat /usr/local/lib /usr/local/lib/compat/pkg /usr/local/lib/compat/pkg /usr/local/lib/perl5/5.32/mach/CORE\nlo0: link state changed to UP\nre0: link state changed to DOWN\nStarting Network: lo0 re0.\nlo0: flags=8049\u003cUP,LOOPBACK,RUNNING,MULTICAST\u003e metric 0 mtu 16384\n    options=680003\u003cRXCSUM,TXCSUMre0: link state changed to UP\n,LINKSTATE,RXCSUM_IPV6,TXCSUM_IPV6\u003e\n    inet6 ::1 prefixlen 128\n    inet6 fe80::1%lo0 prefixlen 64 scopeid 0x2\n    inet 127.0.0.1 netmask 0xff000000\n    groups: lo\n    nd6 options=21\u003cPERFORMNUD,AUTO_LINKLOCAL\u003e\nre0: flags=8843\u003cUP,BROADCAST,RUNNING,SIMPLEX,MULTICAST\u003e metric 0 mtu 1500\n    options=8209b\u003cRXCSUM,TXCSUM,VLAN_MTU,VLAN_HWTAGGING,VLAN_HWCSUM,WOL_MAGIC,LINKSTATE\u003e\n    ether 00:30:18:b0:29:b6\n    inet 172.16.35.59 netmask 0xffffffc0 broadcast 172.16.35.63\n    media: Ethernet autoselect (1000baseT \u003cfull-duplex\u003e)\n    status: active\n    nd6 options=29\u003cPERFORMNUD,IFDISABLED,AUTO_LINKLOCAL\u003e\nStarting devd.\nadd host 127.0.0.1: gateway lo0 fib 0: route already in table\nadd net default: gateway 172.16.35.1\nadd host ::1: gateway lo0 fib 0: route already in table\nadd net fe80::: gateway ::1\nadd net ff02::: gateway ::1\nadd net ::ffff:0.0.0.0: gateway ::1\nadd net ::0.0.0.0: gateway ::1\nUpdating motd:.\nClearing /tmp.\nCreating and/or trimming log files.\nUpdating /var/run/os-release done.\nStarting syslogd.\nNo core dumps found.\nMounting late filesystems:.\nSecurity policy loaded: MAC/ntpd (mac_ntpd)\nStarting ntpd.\nConfiguring vt: blanktime.\nPerforming sanity check on sshd configuration.\nStarting sshd.\nStarting sendmail_submit.\nStarting sendmail_msp_queue.\nStarting cron.\nStarting background file system checks in 60 seconds.\n\nSat Oct 16 04:25\n\nFreeBSD/i386 (esther) (ttyu0)\n\n\n\nlogin:\n\n\nI have tried different types of load to trigger the panic. It seems\nalmost at random. Network load sometimes works. Begin a buildworld seems\nfine for fifteen minutes and then a panic. \n\n\n-- \nDennis Clarke\nRISC-V/SPARC/PPC/ARM/CISC\nUNIX and Linux spoken\nGreyBeard and suspenders optional"
}