{
 "id": 900860,
 "bug_id": 213083,
 "attachment_id": 0,
 "creation_time": "2016-10-08T13:40:46Z",
 "creator": "hakotani000@gmail.com",
 "text": "12-CURRENT same error\n\nCopyright (c) 1992-2016 The FreeBSD Project.\nCopyright (c) 1979, 1980, 1983, 1986, 1988, 1989, 1991, 1992, 1993, 1994\n\tThe Regents of the University of California. All rights reserved.\nFreeBSD is a registered trademark of The FreeBSD Foundation.\nFreeBSD 12.0-CURRENT #0 r306805: Fri Oct  7 23:15:11 JST 2016\n    root@riku.tsr1.dip.jp:/usr/obj/usr/src/sys/C12 amd64\nFreeBSD clang version 3.8.0 (tags/RELEASE_380/final 262564) (based on LLVM 3.8.0)\nVT(vga): resolution 640x480\nCPU: AMD FX(tm)-6200 Six-Core Processor              (3807.50-MHz K8-class CPU)\n  Origin=\"AuthenticAMD\"  Id=0x600f12  Family=0x15  Model=0x1  Stepping=2\n  Features=0x178bfbff\u003cFPU,VME,DE,PSE,TSC,MSR,PAE,MCE,CX8,APIC,SEP,MTRR,PGE,MCA,CMOV,PAT,PSE36,CLFLUSH,MMX,FXSR,SSE,SSE2,HTT\u003e\n  Features2=0x1e98220b\u003cSSE3,PCLMULQDQ,MON,SSSE3,CX16,SSE4.1,SSE4.2,POPCNT,AESNI,XSAVE,OSXSAVE,AVX\u003e\n  AMD Features=0x2e500800\u003cSYSCALL,NX,MMX+,FFXSR,Page1GB,RDTSCP,LM\u003e\n  AMD Features2=0x1c9bfff\u003cLAHF,CMP,SVM,ExtAPIC,CR8,ABM,SSE4A,MAS,Prefetch,OSVW,IBS,XOP,SKINIT,WDT,LWP,FMA4,NodeId,Topology,PCXC,PNXC\u003e\n  SVM: NP,NRIP,VClean,AFlush,DAssist,NAsids=65536\n  TSC: P-state invariant, performance statistics\nreal memory  = 8589934592 (8192 MB)\navail memory = 8019542016 (7648 MB)\nEvent timer \"LAPIC\" quality 400\nACPI APIC Table: \u003c072315 APIC2102\u003e\nFreeBSD/SMP: Multiprocessor System Detected: 6 CPUs\nFreeBSD/SMP: 1 package(s) x 6 core(s)\nACPI BIOS Warning (bug): Optional FADT field Pm2ControlBlock has valid Length but zero Address: 0x0000000000000000/0x1 (20160930/tbfadt-689)\nioapic0: Changing APIC ID to 22\nioapic0 \u003cVersion 2.1\u003e irqs 0-23 on motherboard\nrandom: entropy device external interface\nkbd1 at kbdmux0\nmodule_register_init: MOD_LOAD (vesa, 0xffffffff80821f10, 0) error 19\nnexus0\nvtvga0: \u003cVT VGA driver\u003e on motherboard\ncryptosoft0: \u003csoftware crypto\u003e on motherboard\nacpi0: \u003c072315 RSDT2102\u003e on motherboard\nacpi0: Power Button (fixed)\ncpu0: \u003cACPI CPU\u003e on acpi0\ncpu1: \u003cACPI CPU\u003e on acpi0\ncpu2: \u003cACPI CPU\u003e on acpi0\ncpu3: \u003cACPI CPU\u003e on acpi0\ncpu4: \u003cACPI CPU\u003e on acpi0\ncpu5: \u003cACPI CPU\u003e on acpi0\nattimer0: \u003cAT timer\u003e port 0x40-0x43 irq 0 on acpi0\nTimecounter \"i8254\" frequency 1193182 Hz quality 0\nEvent timer \"i8254\" frequency 1193182 Hz quality 100\natrtc0: \u003cAT realtime clock\u003e port 0x70-0x71 irq 8 on acpi0\nEvent timer \"RTC\" frequency 32768 Hz quality 0\nhpet0: \u003cHigh Precision Event Timer\u003e iomem 0xfed00000-0xfed003ff on acpi0\nTimecounter \"HPET\" frequency 14318180 Hz quality 950\nTimecounter \"ACPI-fast\" frequency 3579545 Hz quality 900\nacpi_timer0: \u003c32-bit timer at 3.579545MHz\u003e port 0x808-0x80b on acpi0\npcib0: \u003cACPI Host-PCI bridge\u003e port 0xcf8-0xcff on acpi0\npcib0: _OSC returned error 0x10\npci0: \u003cACPI PCI bus\u003e on pcib0\npcib1: \u003cACPI PCI-PCI bridge\u003e at device 1.0 on pci0\npci1: \u003cACPI PCI bus\u003e on pcib1\nvgapci0: \u003cVGA-compatible display\u003e port 0x9000-0x90ff mem 0xd0000000-0xdfffffff,0xfeaf0000-0xfeafffff,0xfe900000-0xfe9fffff irq 18 at device 5.0 on pci1\nvgapci0: Boot video device\nhdac0: \u003cATI (0x970f) HDA Controller\u003e mem 0xfeae8000-0xfeaebfff irq 19 at device 5.1 on pci1\npcib2: \u003cACPI PCI-PCI bridge\u003e irq 16 at device 4.0 on pci0\npci2: \u003cACPI PCI bus\u003e on pcib2\nahci0: \u003cMarvell 88SE912x AHCI SATA controller\u003e port 0xd800-0xd807,0xd400-0xd403,0xd000-0xd007,0xc800-0xc803,0xc400-0xc40f mem 0xfebff800-0xfebfffff irq 16 at device 0.0 on pci2\nahci0: AHCI v1.00 with 2 6Gbps ports, Port Multiplier supported with FBS\nahci0: quirks=0x800\u003cALTSIG\u003e\nahcich0: \u003cAHCI channel\u003e at channel 0 on ahci0\nahcich1: \u003cAHCI channel\u003e at channel 1 on ahci0\natapci0: \u003cMarvell 88SE912x UDMA133 controller\u003e port 0xc000-0xc007,0xb800-0xb803,0xb400-0xb407,0xb000-0xb003,0xa800-0xa80f mem 0xfebff400-0xfebff40f irq 17 at device 0.1 on pci2\npcib3: \u003cACPI PCI-PCI bridge\u003e irq 17 at device 5.0 on pci0\npci3: \u003cACPI PCI bus\u003e on pcib3\nre0: \u003cRealTek 8168/8111 B/C/CP/D/DP/E/F/G PCIe Gigabit Ethernet\u003e port 0xe800-0xe8ff mem 0xfdfff000-0xfdffffff,0xfdff8000-0xfdffbfff irq 17 at device 0.0 on pci3\nre0: Using 1 MSI-X message\nre0: Chip rev. 0x28000000\nre0: MAC rev. 0x00100000\nmiibus0: \u003cMII bus\u003e on re0\nrgephy0: \u003cRTL8169S/8110S/8211 1000BASE-T media interface\u003e PHY 1 on miibus0\nrgephy0:  none, 10baseT, 10baseT-FDX, 10baseT-FDX-flow, 100baseTX, 100baseTX-FDX, 100baseTX-FDX-flow, 1000baseT, 1000baseT-master, 1000baseT-FDX, 1000baseT-FDX-master, 1000baseT-FDX-flow, 1000baseT-FDX-flow-master, auto, auto-flow\nre0: Using defaults for TSO: 65518/35/2048\nre0: Ethernet address: bc:5f:f4:67:56:65\nahci1: \u003cAMD SB7x0/SB8x0/SB9x0 AHCI SATA controller\u003e port 0x8000-0x8007,0x7000-0x7003,0x6000-0x6007,0x5000-0x5003,0x4000-0x400f mem 0xfe8ffc00-0xfe8fffff irq 22 at device 17.0 on pci0\nahci1: AHCI v1.10 with 6 3Gbps ports, Port Multiplier supported\nahci1: quirks=0x22000\u003cATI_PMP_BUG,1MSI\u003e\nahcich2: \u003cAHCI channel\u003e at channel 0 on ahci1\nahcich3: \u003cAHCI channel\u003e at channel 1 on ahci1\nahcich4: \u003cAHCI channel\u003e at channel 2 on ahci1\nahcich5: \u003cAHCI channel\u003e at channel 3 on ahci1\nahcich6: \u003cAHCI channel\u003e at channel 4 on ahci1\nahcich7: \u003cAHCI channel\u003e at channel 5 on ahci1\nohci0: \u003cAMD SB7x0/SB8x0/SB9x0 USB controller\u003e mem 0xfe8fe000-0xfe8fefff irq 16 at device 18.0 on pci0\nusbus0 on ohci0\nohci1: \u003cAMD SB7x0/SB8x0/SB9x0 USB controller\u003e mem 0xfe8fd000-0xfe8fdfff irq 16 at device 18.1 on pci0\nusbus1 on ohci1\nehci0: \u003cAMD SB7x0/SB8x0/SB9x0 USB 2.0 controller\u003e mem 0xfe8ff800-0xfe8ff8ff irq 17 at device 18.2 on pci0\nusbus2: EHCI version 1.0\nusbus2 on ehci0\nohci2: \u003cAMD SB7x0/SB8x0/SB9x0 USB controller\u003e mem 0xfe8fc000-0xfe8fcfff irq 18 at device 19.0 on pci0\nusbus3 on ohci2\nohci3: \u003cAMD SB7x0/SB8x0/SB9x0 USB controller\u003e mem 0xfe8fb000-0xfe8fbfff irq 18 at device 19.1 on pci0\nusbus4 on ohci3\nehci1: \u003cAMD SB7x0/SB8x0/SB9x0 USB 2.0 controller\u003e mem 0xfe8ff400-0xfe8ff4ff irq 19 at device 19.2 on pci0\nusbus5: EHCI version 1.0\nusbus5 on ehci1\natapci1: \u003cATI IXP700/800 UDMA133 controller\u003e port 0x1f0-0x1f7,0x3f6,0x170-0x177,0x376,0xff00-0xff0f at device 20.1 on pci0\nata1: \u003cATA channel\u003e at channel 1 on atapci1\nhdac1: \u003cATI SB600 HDA Controller\u003e mem 0xfe8f4000-0xfe8f7fff irq 16 at device 20.2 on pci0\nisab0: \u003cPCI-ISA bridge\u003e at device 20.3 on pci0\nisa0: \u003cISA bus\u003e on isab0\npcib4: \u003cACPI PCI-PCI bridge\u003e at device 20.4 on pci0\npci4: \u003cACPI PCI bus\u003e on pcib4\nohci4: \u003cAMD SB7x0/SB8x0/SB9x0 USB controller\u003e mem 0xfe8fa000-0xfe8fafff irq 18 at device 20.5 on pci0\nusbus6 on ohci4\nacpi_button0: \u003cPower Button\u003e on acpi0\norm0: \u003cISA Option ROM\u003e at iomem 0xc0000-0xcefff on isa0\natkbdc0: \u003cKeyboard controller (i8042)\u003e at port 0x60,0x64 on isa0\natkbd0: \u003cAT Keyboard\u003e irq 1 on atkbdc0\nkbd0 at atkbd0\natkbd0: [GIANT-LOCKED]\nhwpstate0: \u003cCool`n'Quiet 2.0\u003e on cpu0\nTimecounters tick every 1.000 msec\nhdacc0: \u003cATI RS690/780 HDA CODEC\u003e at cad 0 on hdac0\nhdaa0: \u003cATI RS690/780 Audio Function Group\u003e at nid 1 on hdacc0\npcm0: \u003cATI RS690/780 (HDMI)\u003e at nid 3 on hdaa0\nhdacc1: \u003cRealtek ALC662 HDA CODEC\u003e at cad 0 on hdac1\nhdaa1: \u003cRealtek ALC662 Audio Function Group\u003e at nid 1 on hdacc1\npcm1: \u003cRealtek ALC662 (Rear Analog)\u003e at nid 20 and 24,26 on hdaa1\npcm2: \u003cRealtek ALC662 (Front Analog)\u003e at nid 27 and 25 on hdaa1\nusbus0: 12Mbps Full Speed USB v1.0\nusbus1: 12Mbps Full Speed USB v1.0\nusbus2: 480Mbps High Speed USB v2.0\nusbus3: 12Mbps Full Speed USB v1.0\nusbus4: 12Mbps Full Speed USB v1.0\nusbus5: 480Mbps High Speed USB v2.0\nusbus6: 12Mbps Full Speed USB v1.0\nugen0.1: \u003cATI\u003e at usbus0\nuhub0: \u003cATI OHCI root HUB, class 9/0, rev 1.00/1.00, addr 1\u003e on usbus0\nugen1.1: \u003cATI\u003e at usbus1\nuhub1: \u003cATI OHCI root HUB, class 9/0, rev 1.00/1.00, addr 1\u003e on usbus1\nugen2.1: \u003cATI\u003e at usbus2\nuhub2: \u003cATI EHCI root HUB, class 9/0, rev 2.00/1.00, addr 1\u003e on usbus2\nugen3.1: \u003cATI\u003e at usbus3\nuhub3: \u003cATI OHCI root HUB, class 9/0, rev 1.00/1.00, addr 1\u003e on usbus3\nugen4.1: \u003cATI\u003e at usbus4\nuhub4: \u003cATI OHCI root HUB, class 9/0, rev 1.00/1.00, addr 1\u003e on usbus4\nugen5.1: \u003cATI\u003e at usbus5\nuhub5: \u003cATI EHCI root HUB, class 9/0, rev 2.00/1.00, addr 1\u003e on usbus5\nugen6.1: \u003cATI\u003e at usbus6\nuhub6: \u003cATI OHCI root HUB, class 9/0, rev 1.00/1.00, addr 1\u003e on usbus6\nuhub6: 2 ports with 2 removable, self powered\nuhub0: 3 ports with 3 removable, self powered\nuhub1: 3 ports with 3 removable, self powered\nuhub3: 3 ports with 3 removable, self powered\nuhub4: 3 ports with 3 removable, self powered\nada0 at ahcich0 bus 0 scbus0 target 0 lun 0\nada0: \u003cADATA SP900 5.0.2a\u003e ATA8-ACS SATA 3.x device\nada0: Serial Number 02915125500600005170\nada0: 600.000MB/s transfers (SATA 3.x, UDMA6, PIO 8192bytes)\nada0: Command Queueing enabled\nada0: 61057MB (125045424 512 byte sectors)\nada1 at ahcich1 bus 0 scbus1 target 0 lun 0\nada1: \u003cKINGSTON SV300S37A240G 541ABBF0\u003e ATA8-ACS SATA 3.x device\nada1: Serial Number 50026B72450449F0\nada1: 600.000MB/s transfers (SATA 3.x, UDMA6, PIO 512bytes)\nada1: Command Queueing enabled\nada1: 228936MB (468862128 512 byte sectors)\nada2 at ahcich2 bus 0 scbus2 target 0 lun 0\nada2: \u003cKINGSTON SV300S37A120G 600ABBF0\u003e ATA8-ACS SATA 3.x device\nada2: Serial Number 50026B72510CCE03\nada2: 300.000MB/s transfers (SATA 2.x, UDMA6, PIO 512bytes)\nada2: Command Queueing enabled\nada2: 114473MB (234441648 512 byte sectors)\nada3 at ahcich3 bus 0 scbus3 target 0 lun 0\nada3: \u003cSPCC Solid State Disk V2.8\u003e ACS-3 ATA SATA 3.x device\nada3: Serial Number P1602021000000016237\nada3: 300.000MB/s transfers (SATA 2.x, UDMA6, PIO 512bytes)\nada3: Command Queueing enabled\nada3: 114473MB (234441648 512 byte sectors)\nada4 at ahcich4 bus 0 scbus4 target 0 lun 0\nada4: \u003cSPCC Solid State Disk V2.8\u003e ACS-3 ATA SATA 3.x device\nada4: Serial Number P1602021000000014424\nada4: 300.000MB/s transfers (SATA 2.x, UDMA6, PIO 512bytes)\nada4: Command Queueing enabled\nada4: 114473MB (234441648 512 byte sectors)\nada5 at ahcich5 bus 0 scbus5 target 0 lun 0\nada5: \u003cTOSHIBA DT01ACA050 MS1OA750\u003e ATA8-ACS SATA 3.x device\nada5: Serial Number 73S6GMSTS\nada5: 300.000MB/s transfers (SATA 2.x, UDMA6, PIO 8192bytes)\nada5: Command Queueing enabled\nada5: 476940MB (976773168 512 byte sectors)\nada6 at ahcich6 bus 0 scbus6 target 0 lun 0\nada6: \u003cST500DM002-1BD142 KC45\u003e ATA8-ACS SATA 3.x device\nada6: Serial Number Z2ARB0AT\nada6: 300.000MB/s transfers (SATA 2.x, UDMA6, PIO 8192bytes)\nada6: Command Queueing enabled\nada6: 476940MB (976773168 512 byte sectors)\nada6: quirks=0x1\u003c4K\u003e\nada7 at ahcich7 bus 0 scbus7 target 0 lun 0\nada7: \u003cKINGSTON SV300S37A120G 608ABBF0\u003e ATA8-ACS SATA 3.x device\nada7: Serial Number 50026B776109B9CF\nada7: 300.000MB/s transfers (SATA 2.x, UDMA6, PIO 512bytes)\nada7: Command Queueing enabled\nada7: 114473MB (234441648 512 byte sectors)\nSMP: AP CPU #1 Launched!\nSMP: AP CPU #3 Launched!\nSMP: AP CPU #4 Launched!\nSMP: AP CPU #2 Launched!\nSMP: AP CPU #5 Launched!\nTimecounter \"TSC-low\" frequency 1903751053 Hz quality 1000\nTrying to mount root from ufs:/dev/ufs/FreeBSD_Install [ro,noatime]...\nRoot mount waiting for: usbus5 usbus2\nuhub2: 6 ports with 6 removable, self powered\nuhub5: 6 ports with 6 removable, self powered\nRoot mount waiting for: usbus5 usbus2\nugen2.2: \u003cvendor 0x05e3\u003e at usbus2\nuhub7 on uhub2\nuhub7: \u003cvendor 0x05e3 USB2.0 Hub, class 9/0, rev 2.00/32.98, addr 2\u003e on usbus2\nRoot mount waiting for: usbus5 usbus2\nuhub7: 4 ports with 4 removable, self powered\nugen5.2: \u003cADATA\u003e at usbus5\numass0 on uhub5\numass0: \u003cADATA ADATA USB Flash Drive, class 0/0, rev 2.00/1.00, addr 2\u003e on usbus5\numass0:  SCSI over Bulk-Only; quirks = 0x8100\numass0:9:0: Attached to scbus9\nda0 at umass-sim0 bus 0 scbus9 target 0 lun 0\nda0: \u003cADATA USB Flash Drive 0.00\u003e Removable Direct Access SPC-2 SCSI device\nda0: Serial Number 13B1803322330205\nda0: 40.000MB/s transfers\nda0: 3707MB (7592960 512 byte sectors)\nda0: quirks=0x2\u003cNO_6_BYTE\u003e\nGEOM: da0: the secondary GPT header is not in the last LBA.\nGEOM: diskid/DISK-13B1803322330205: the secondary GPT header is not in the last LBA.\nugen2.3: \u003cKYE\u003e at usbus2\nRoot mount waiting for: usbus2\nugen2.4: \u003cvendor 0x04f3\u003e at usbus2\nukbd0 on uhub7\nukbd0: \u003cvendor 0x04f3 product 0x0103, class 0/0, rev 2.00/1.07, addr 4\u003e on usbus2\nkbd2 at ukbd0\nRoot mount waiting for: usbus2\nugen2.5: \u003cvendor 0x2101\u003e at usbus2\nukbd1 on uhub7\nukbd1: \u003cUSB Keyboard\u003e on usbus2\nkbd3 at ukbd1\nmountroot: waiting for device /dev/ufs/FreeBSD_Install...\nGEOM: diskid/DISK-13B1803322330205: the secondary GPT header is not in the last LBA.\nrandom: unblocking device.\nre0: link state changed to UP\nums0 on uhub7\nums0: \u003cKYE OPTICAL MOUSE, class 0/0, rev 1.10/1.00, addr 3\u003e on usbus2\nums0: 3 buttons and [XYZ] coordinates ID=0\nums1 on uhub7\nums1: \u003cUSB Mouse\u003e on usbus2\nums1: 3 buttons and [XYZ] coordinates ID=1\nuhid0 on uhub7\nuhid0: \u003cvendor 0x04f3 product 0x0103, class 0/0, rev 2.00/1.07, addr 4\u003e on usbus2\nugen5.3: \u003cvendor 0x13fe\u003e at usbus5\numass1 on uhub5\numass1: \u003cvendor 0x13fe USB DISK 2.0, class 0/0, rev 2.00/1.00, addr 3\u003e on usbus5\numass1:  SCSI over Bulk-Only; quirks = 0x8100\numass1:10:1: Attached to scbus10\nda1 at umass-sim1 bus 1 scbus10 target 0 lun 0\nda1: \u003c USB DISK 2.0 PMAP\u003e Removable Direct Access SPC-4 SCSI device\nda1: Serial Number 070A6422D8F02846\nda1: 40.000MB/s transfers\nda1: 7648MB (15663104 512 byte sectors)\nda1: quirks=0x3\u003cNO_SYNC_CACHE,NO_6_BYTE\u003e\nZFS filesystem version: 5\nZFS storage pool version: features support (5000)\nahcich3: Timeout on slot 26 port 0\nahcich3: is 00000000 cs 00000000 ss 04000000 rs 04000000 tfd 40 serr 00000000 cmd 0000fa17\n(ada3:ahcich3:0:0:0): SEND_FPDMA_QUEUED DATA SET MANAGEMENT. ACB: 64 01 00 00 00 40 00 00 00 00 00 00\n(ada3:ahcich3:0:0:0): CAM status: Command timeout\n(ada3:ahcich3:0:0:0): Retrying command\nahcich4: Timeout on slot 1 port 0\nahcich4: is 00000000 cs 00000000 ss 00000002 rs 00000002 tfd 40 serr 00000000 cmd 0000e117\n(ada4:ahcich4:0:0:0): SEND_FPDMA_QUEUED DATA SET MANAGEMENT. ACB: 64 01 00 00 00 40 00 00 00 00 00 00\n(ada4:ahcich4:0:0:0): CAM status: Command timeout\n(ada4:ahcich4:0:0:0): Retrying command\nahcich4: Timeout on slot 7 port 0\nahcich4: is 00000000 cs 00000000 ss 00000080 rs 00000080 tfd 40 serr 00000000 cmd 0000e717\n(ada4:ahcich4:0:0:0): SEND_FPDMA_QUEUED DATA SET MANAGEMENT. ACB: 64 01 00 00 00 40 00 00 00 00 00 00\n(ada4:ahcich4:0:0:0): CAM status: Command timeout\n(ada4:ahcich4:0:0:0): Retrying command\nahcich3: Timeout on slot 0 port 0\nahcich3: is 00000000 cs 00000000 ss 00000001 rs 00000001 tfd 40 serr 00000000 cmd 0000e017\n(ada3:ahcich3:0:0:0): SEND_FPDMA_QUEUED DATA SET MANAGEMENT. ACB: 64 01 00 00 00 40 00 00 00 00 00 00\n(ada3:ahcich3:0:0:0): CAM status: Command timeout\n(ada3:ahcich3:0:0:0): Retrying command\nahcich3: Timeout on slot 6 port 0\nahcich3: is 00000000 cs 00000000 ss 00000040 rs 00000040 tfd 40 serr 00000000 cmd 0000e617\n(ada3:ahcich3:0:0:0): SEND_FPDMA_QUEUED DATA SET MANAGEMENT. ACB: 64 01 00 00 00 40 00 00 00 00 00 00\n(ada3:ahcich3:0:0:0): CAM status: Command timeout\n(ada3:ahcich3:0:0:0): Retrying command\nahcich4: Timeout on slot 13 port 0\nahcich4: is 00000000 cs 00000000 ss 00002000 rs 00002000 tfd 40 serr 00000000 cmd 0000ed17\n(ada4:ahcich4:0:0:0): SEND_FPDMA_QUEUED DATA SET MANAGEMENT. ACB: 64 01 00 00 00 40 00 00 00 00 00 00\n(ada4:ahcich4:0:0:0): CAM status: Command timeout\n(ada4:ahcich4:0:0:0): Retrying command\nahcich4: Timeout on slot 19 port 0\nahcich4: is 00000000 cs 00000000 ss 00080000 rs 00080000 tfd 40 serr 00000000 cmd 0000f317\n(ada4:ahcich4:0:0:0): SEND_FPDMA_QUEUED DATA SET MANAGEMENT. ACB: 64 01 00 00 00 40 00 00 00 00 00 00\n(ada4:ahcich4:0:0:0): CAM status: Command timeout\n(ada4:ahcich4:0:0:0): Retrying command\nahcich3: Timeout on slot 12 port 0\nahcich3: is 00000000 cs 00000000 ss 00001000 rs 00001000 tfd 40 serr 00000000 cmd 0000ec17\n(ada3:ahcich3:0:0:0): SEND_FPDMA_QUEUED DATA SET MANAGEMENT. ACB: 64 01 00 00 00 40 00 00 00 00 00 00\n(ada3:ahcich3:0:0:0): CAM status: Command timeout\n(ada3:ahcich3:0:0:0): Retrying command"
}