{
 "id": 520073,
 "bug_id": 138891,
 "attachment_id": 0,
 "creation_time": "2009-09-17T08:10:00Z",
 "creator": "shurd@FreeBSD.org",
 "text": "A gstripe which was created and sliced under 7.2 with a bad c slice (the tools would not allow it to be correct) does not work with GEOM_PART_* in 8.0-BETA4.  Slice a is missing and slices b and d will not mount.  Disabling GEOM_PART_* and enabling GEOM_MBR and GEOM_BSD works around the issue.\n\n==== Start of fdisk (with GEOM_BSD/GEOM_MBR) ====\nace# fdisk /dev/stripe/raid0\n******* Working on device /dev/stripe/raid0 *******\nparameters extracted from in-core disklabel are:\ncylinders=5219 heads=255 sectors/track=63 (16065 blks/cyl)\n\nFigures below won't work with BIOS for partitions not in cyl 1\nparameters to be used for BIOS calculations are:\ncylinders=5219 heads=255 sectors/track=63 (16065 blks/cyl)\n\nMedia sector size is 512\nWarning: BIOS sector numbering starts with sector 1\nInformation from DOS bootblock is:\nThe data for partition 1 is:\n\u003cUNUSED\u003e\nThe data for partition 2 is:\n\u003cUNUSED\u003e\nThe data for partition 3 is:\n\u003cUNUSED\u003e\nThe data for partition 4 is:\nsysid 165 (0xa5),(FreeBSD/NetBSD/386BSD)\n    start 0, size 50000 (24 Meg), flag 80 (active)\n        beg: cyl 0/ head 0/ sector 1;\n        end: cyl 1023/ head 254/ sector 63\n===== End of fdisk (with GEOM_BSD/GEOM_MBR) =====\n\n==== Start of bsdlabel (with GEOM_BSD/GEOM_MBR) ====\nace# bsdlabel /dev/stripe/raid0\n# /dev/stripe/raid0:\n8 partitions:\n#        size   offset    fstype   [fsize bsize bps/cpg]\n  a: 16777216       16    4.2BSD     2048 16384 28552 \n  b: 16777216 16777232    4.2BSD     2048 16384 28552 \n  c: 20964825  8385930    unused        0     0         # \"raw\" part, don't edit\n  d: 50302960 33554448    4.2BSD     2048 16384 28552 \nbsdlabel: partition c doesn't start at 0!\nbsdlabel: partition c doesn't cover the whole unit!\nbsdlabel: An incorrect partition c may cause problems for standard system utilities\n===== End of bsdlabel (with GEOM_BSD/GEOM_MBR) =====\n\n==== Start of dmesg (with GEOM_BSD/GEOM_MBR) ====\nCopyright (c) 1992-2009 The FreeBSD Project.\nCopyright (c) 1979, 1980, 1983, 1986, 1988, 1989, 1991, 1992, 1993, 1994\n        The Regents of the University of California. All rights reserved.\nFreeBSD is a registered trademark of The FreeBSD Foundation.\nFreeBSD 8.0-BETA4 #4: Fri Sep 11 00:55:15 PDT 2009\n    admin@ace.hurd.local:/tmp/obj/usr/src/sys/ACE\nTimecounter \"i8254\" frequency 1193182 Hz quality 0\nCPU: Intel(R) Xeon(TM) CPU 2.40GHz (2394.77-MHz 686-class CPU)\n  Origin = \"GenuineIntel\"  Id = 0xf27  Stepping = 7\n  Features=0xbfebfbff\u003cFPU,VME,DE,PSE,TSC,MSR,PAE,MCE,CX8,APIC,SEP,MTRR,PGE,MCA,CMOV,PAT,PSE36,CLFLUSH,DTS,ACPI,MMX,FXSR,SSE,SSE2,SS,HTT,TM,PBE\u003e\n  Features2=0x4400\u003cCNXT-ID,xTPR\u003e\nreal memory  = 1342177280 (1280 MB)\navail memory = 1299419136 (1239 MB)\nACPI APIC Table: \u003cIBM    SERONYXP\u003e\nFreeBSD/SMP: Multiprocessor System Detected: 4 CPUs\nFreeBSD/SMP: 2 package(s) x 1 core(s) x 2 HTT threads\n cpu0 (BSP): APIC ID:  0\n cpu1 (AP/HT): APIC ID:  1\n cpu2 (AP): APIC ID:  6\n cpu3 (AP/HT): APIC ID:  7\nMADT: Forcing active-low polarity and level trigger for SCI\nioapic2 \u003cVersion 1.1\u003e irqs 32-47 on motherboard\nioapic1 \u003cVersion 1.1\u003e irqs 16-31 on motherboard\nioapic0 \u003cVersion 1.1\u003e irqs 0-15 on motherboard\nkbd1 at kbdmux0\nsmbios0: \u003cSystem Management BIOS\u003e at iomem 0xfdfe0-0xfdffe on motherboard\nsmbios0: Version: 2.3, BCD Revision: 2.3\nacpi0: \u003cIBM SERONYXP\u003e on motherboard\nacpi0: [ITHREAD]\nacpi0: Power Button (fixed)\nacpi0: reservation of 460, 2 (4) failed\nTimecounter \"ACPI-safe\" frequency 3579545 Hz quality 850\nacpi_timer0: \u003c32-bit timer at 3.579545MHz\u003e port 0x488-0x48b on acpi0\npcib0: \u003cACPI Host-PCI bridge\u003e on acpi0\npci0: \u003cACPI PCI bus\u003e on pcib0\npcm0: \u003cCreative CT5880-C\u003e port 0x2200-0x223f irq 16 at device 1.0 on pci0\npcm0: \u003cSigmaTel STAC9721/23 AC97 Codec\u003e\npcm0: [ITHREAD]\npcm0: \u003cPlayback: DAC1,DAC2 / Record: ADC\u003e\nvgapci0: \u003cVGA-compatible display\u003e port 0x2300-0x23ff mem 0xfd000000-0xfdffffff,0xfebff000-0xfebfffff irq 26 at device 9.0 on pci0\ndrm0: \u003cRage XL\u003e on vgapci0\nvgapci0: child drm0 requested pci_enable_busmaster\ninfo: [drm] Initialized mach64 2.0.0 20060718\natapci0: \u003cServerWorks CSB5 UDMA100 controller\u003e port 0x1f0-0x1f7,0x3f6,0x170-0x177,0x376,0x700-0x70f at device 15.1 on pci0\nata0: \u003cATA channel 0\u003e on atapci0\nata0: [ITHREAD]\nata1: \u003cATA channel 1\u003e on atapci0\nata1: [ITHREAD]\nohci0: \u003cOHCI (generic) USB controller\u003e mem 0xfebfe000-0xfebfefff irq 11 at device 15.2 on pci0\nohci0: [ITHREAD]\nusbus0: \u003cOHCI (generic) USB controller\u003e on ohci0\nisab0: \u003cPCI-ISA bridge\u003e at device 15.3 on pci0\nisa0: \u003cISA bus\u003e on isab0\npcib1: \u003cACPI Host-PCI bridge\u003e on acpi0\npci2: \u003cACPI PCI bus\u003e on pcib1\nbge0: \u003cBroadcom NetXtreme Gigabit Ethernet Controller, ASIC rev. 0x1002\u003e mem 0xfbff0000-0xfbffffff irq 29 at device 8.0 on pci2\nmiibus0: \u003cMII bus\u003e on bge0\nbrgphy0: \u003cBCM5703 10/100/1000baseTX PHY\u003e PHY 1 on miibus0\nbrgphy0:  10baseT, 10baseT-FDX, 100baseTX, 100baseTX-FDX, 1000baseT, 1000baseT-FDX, auto\nbge0: Ethernet address: 00:02:55:07:57:03\nbge0: [ITHREAD]\npcib2: \u003cACPI Host-PCI bridge\u003e on acpi0\npci5: \u003cACPI PCI bus\u003e on pcib2\nmpt0: \u003cLSILogic 1030 Ultra4 Adapter\u003e port 0x2400-0x24ff mem 0xf9ff0000-0xf9ffffff,0xf9fe0000-0xf9feffff irq 27 at device 7.0 on pci5\nmpt0: [ITHREAD]\nmpt0: MPI Version=1.2.15.0\nmpt0: Capabilities: ( RAID-1 SAFTE )\nmpt0: 0 Active Volumes (1 Max)\nmpt0: 0 Hidden Drive Members (6 Max)\nmpt1: \u003cLSILogic 1030 Ultra4 Adapter\u003e port 0x2500-0x25ff mem 0xf9fd0000-0xf9fdffff,0xf9fc0000-0xf9fcffff irq 28 at device 7.1 on pci5\nmpt1: [ITHREAD]\nmpt1: MPI Version=1.2.15.0\nmpt1: Capabilities: ( RAID-1 SAFTE )\nmpt1: 0 Active Volumes (1 Max)\nmpt1: 0 Hidden Drive Members (6 Max)\npcib3: \u003cACPI Host-PCI bridge\u003e on acpi0\npci7: \u003cACPI PCI bus\u003e on pcib3\npcib4: \u003cACPI Host-PCI bridge\u003e on acpi0\npci9: \u003cACPI PCI bus\u003e on pcib4\nfdc0: \u003cfloppy drive controller\u003e port 0x3f0-0x3f5 irq 6 drq 2 on acpi0\nfdc0: [FILTER]\nfd0: \u003c1440-KB 3.5\" drive\u003e on fdc0 drive 0\natrtc0: \u003cAT realtime clock\u003e port 0x70-0x73 irq 8 on acpi0\ncpu0: \u003cACPI CPU\u003e on acpi0\np4tcc0: \u003cCPU Frequency Thermal Control\u003e on cpu0\ncpu1: \u003cACPI CPU\u003e on acpi0\np4tcc1: \u003cCPU Frequency Thermal Control\u003e on cpu1\ncpu2: \u003cACPI CPU\u003e on acpi0\np4tcc2: \u003cCPU Frequency Thermal Control\u003e on cpu2\ncpu3: \u003cACPI CPU\u003e on acpi0\np4tcc3: \u003cCPU Frequency Thermal Control\u003e on cpu3\npmtimer0 on isa0\norm0: \u003cISA Option ROM\u003e at iomem 0xc0000-0xc7fff pnpid ORM0000 on isa0\nsc0: \u003cSystem console\u003e at flags 0x100 on isa0\nsc0: VGA \u003c16 virtual consoles, flags=0x300\u003e\nvga0: \u003cGeneric ISA VGA\u003e at port 0x3c0-0x3df iomem 0xa0000-0xbffff on isa0\natkbdc0: \u003cKeyboard controller (i8042)\u003e at port 0x60,0x64 on isa0\natkbd0: \u003cAT Keyboard\u003e irq 1 on atkbdc0\nkbd0 at atkbd0\natkbd0: [GIANT-LOCKED]\natkbd0: [ITHREAD]\npsm0: \u003cPS/2 Mouse\u003e irq 12 on atkbdc0\npsm0: [GIANT-LOCKED]\npsm0: [ITHREAD]\npsm0: model IntelliMouse, device ID 3\nppc0: \u003cParallel port\u003e at port 0x378-0x37f irq 7 on isa0\nppc0: SMC-like chipset (ECP/EPP/PS2/NIBBLE) in COMPATIBLE mode\nppc0: FIFO with 16/16/8 bytes threshold\nppc0: [ITHREAD]\nppbus0: \u003cParallel port bus\u003e on ppc0\nlpt0: \u003cPrinter\u003e on ppbus0\nlpt0: [ITHREAD]\nlpt0: Interrupt-driven port\nuart0: \u003c16550 or compatible\u003e at port 0x3f8-0x3ff irq 4 flags 0x10 on isa0\nuart0: [FILTER]\nTimecounters tick every 0.838 msec\nipfw2 (+ipv6) initialized, divert enabled, nat loadable, rule-based forwarding disabled, default to deny, logging disabled\nusbus0: 12Mbps Full Speed USB v1.0\ndriver bug: Unable to set devclass (devname: (null))\nad0: 305245MB \u003cSeagate ST3320820A 3.AAE\u003e at ata0-master UDMA100\nugen0.1: \u003c(0x1166)\u003e at usbus0\nuhub0: \u003c(0x1166) OHCI root HUB, class 9/0, rev 1.00/1.00, addr 1\u003e on usbus0\nacd0: CDRW \u003cHL-DT-ST GCE-8520B/1.04\u003e at ata0-slave UDMA33\nWaiting 5 seconds for SCSI devices to settle\nuhub0: 4 ports with 4 removable, self powered\nugen0.2: \u003cCanon\u003e at usbus0\numass0: \u003cCanon MX700 series, class 0/0, rev 2.00/1.02, addr 2\u003e on usbus0\numass0:  SCSI over Bulk-Only; quirks = 0x0000\nacd0: FAILURE - INQUIRY ILLEGAL REQUEST asc=0x24 ascq=0x00 \nacd0: FAILURE - INQUIRY ILLEGAL REQUEST asc=0x24 ascq=0x00 \numass0:5:0:-1: Attached to scbus5\n(probe2:umass-sim0:0:0:0): TEST UNIT READY. CDB: 0 0 0 0 0 0 \n(probe2:umass-sim0:0:0:0): CAM Status: SCSI Status Error\n(probe2:umass-sim0:0:0:0): SCSI Status: Check Condition\n(probe2:umass-sim0:0:0:0): UNIT ATTENTION asc:29,0\n(probe2:umass-sim0:0:0:0): Power on, reset, or bus device reset occurred\n(probe2:umass-sim0:0:0:0): Retrying Command (per Sense Data)\n(probe0:mpt0:0:8:0): TEST UNIT READY. CDB: 0 0 0 0 0 0 \n(probe0:mpt0:0:8:0): CAM Status: SCSI Status Error\n(probe0:mpt0:0:8:0): SCSI Status: Check Condition\n(probe0:mpt0:0:8:0): UNIT ATTENTION asc:29,0\n(probe0:mpt0:0:8:0): Power on, reset, or bus device reset occurred\n(probe0:mpt0:0:8:0): Retrying Command (per Sense Data)\n(probe2:umass-sim0:0:0:0): TEST UNIT READY. CDB: 0 0 0 0 0 0 \n(probe2:umass-sim0:0:0:0): CAM Status: SCSI Status Error\n(probe2:umass-sim0:0:0:0): SCSI Status: Check Condition\n(probe2:umass-sim0:0:0:0): NOT READY asc:3a,0\n(probe2:umass-sim0:0:0:0): Medium not present\n(probe2:umass-sim0:0:0:0): Unretryable error\nses0 at mpt0 bus 0 target 8 lun 0\nses0: \u003cIBM 32P0042a S320  1 1\u003e Fixed Processor SCSI-2 device \nses0: 3.300MB/s transfers\nses0: SAF-TE Compliant Device\nda0 at mpt0 bus 0 target 0 lun 0\nda0: \u003cHP 36.4GB C 80-D94N D94N\u003e Fixed Direct Access SCSI-2 device \nda0: 160.000MB/s transfers (80.000MHz DT, offset 63, 16bit)\nda0: Command Queueing enabled\nda0: 34732MB (71132960 512 byte sectors: 255H 63S/T 4427C)\nda1 at mpt0 bus 0 target 1 lun 0\nda1: \u003cHP 36.4GB C 80-D94N D94N\u003e Fixed Direct Access SCSI-2 device \nda1: 160.000MB/s transfers (80.000MHz DT, offset 63, 16bit)\nda1: Command Queueing enabled\nda1: 34732MB (71132960 512 byte sectors: 255H 63S/T 4427C)\nda2 at mpt0 bus 0 target 2 lun 0\nda2: \u003cHP 36.4GB C 80-8C34 8C34\u003e Fixed Direct Access SCSI-2 device \nda2: 160.000MB/s transfers (80.000MHz DT, offset 63, 16bit)\nda2: Command Queueing enabled\nda2: 34732MB (71132960 512 byte sectors: 255H 63S/T 4427C)\nda3 at mpt0 bus 0 target 3 lun 0\nda3: \u003cHP 36.4G ST336704LC HP02\u003e Fixed Direct Access SCSI-2 device \nda3: 160.000MB/s transfers (80.000MHz DT, offset 63, 16bit)\nda3: Command Queueing enabled\nda3: 34732MB (71132960 512 byte sectors: 255H 63S/T 4427C)\ncd0 at ata0 bus 0 target 1 lun 0\ncd0: \u003cHL-DT-ST CD-RW GCE-8520B 1.04\u003e Removable CD-ROM SCSI-0 device \ncd0: 33.000MB/s transfers\ncd0: cd present [3315 x 2048 byte records]\nda4 at umass-sim0 bus 0 target 0 lun 0\nda4: \u003cCanon MX700 series 1020\u003e Removable Direct Access SCSI-2 device \nda4: 1.000MB/s transfers\nda4: Attempt to query device size failed: NOT READY, Medium not present\nSMP: AP CPU #2 Launched!\nSMP: AP CPU #1 Launched!\nSMP: AP CPU #3 Launched!\nacd0: FAILURE - READ_BIG ILLEGAL REQUEST asc=0x64 ascq=0x00 \nacd0: FAILURE - READ_BIG ILLEGAL REQUEST asc=0x64 ascq=0x00 \nGEOM_STRIPE: Device raid0 created (id=40432321).\nGEOM_STRIPE: Disk da0s2 attached to raid0.\nGEOM_STRIPE: Disk da1s2 attached to raid0.\nGEOM_STRIPE: Disk da2s2 attached to raid0.\nGEOM_STRIPE: Disk da3s2 attached to raid0.\nGEOM_STRIPE: Device raid0 activated.\nTrying to mount root from ufs:/dev/da0s1a\nWARNING: attempt to domain_add(netgraph) after domainfinalize()\nvmnet0: Ethernet address: 00:bd:1c:70:01:00\nvmnet1: Ethernet address: 00:bd:28:70:01:01\nvmnet2: Ethernet address: 00:bd:29:70:01:02\nvmnet3: Ethernet address: 00:bd:2b:70:01:03\nugen0.2: \u003cCanon\u003e at usbus0 (disconnected)\numass0: at uhub0, port 2, addr 2 (disconnected)\n(da4:umass-sim0:0:0:0): lost device\n(da4:umass-sim0:0:0:0): removing device entry\nugen0.2: \u003cCanon\u003e at usbus0\numass0: \u003cCanon MX700 series, class 0/0, rev 2.00/1.02, addr 2\u003e on usbus0\numass0:  SCSI over Bulk-Only; quirks = 0x0000\numass0:5:0:-1: Attached to scbus5\n(probe0:umass-sim0:0:0:0): TEST UNIT READY. CDB: 0 0 0 0 0 0 \n(probe0:umass-sim0:0:0:0): CAM Status: SCSI Status Error\n(probe0:umass-sim0:0:0:0): SCSI Status: Check Condition\n(probe0:umass-sim0:0:0:0): UNIT ATTENTION asc:29,0\n(probe0:umass-sim0:0:0:0): Power on, reset, or bus device reset occurred\n(probe0:umass-sim0:0:0:0): Retrying Command (per Sense Data)\n(probe0:umass-sim0:0:0:0): TEST UNIT READY. CDB: 0 0 0 0 0 0 \n(probe0:umass-sim0:0:0:0): CAM Status: SCSI Status Error\n(probe0:umass-sim0:0:0:0): SCSI Status: Check Condition\n(probe0:umass-sim0:0:0:0): NOT READY asc:3a,0\n(probe0:umass-sim0:0:0:0): Medium not present\n(probe0:umass-sim0:0:0:0): Unretryable error\nda4 at umass-sim0 bus 0 target 0 lun 0\nda4: \u003cCanon MX700 series 1020\u003e Removable Direct Access SCSI-2 device \nda4: 1.000MB/s transfers\nda4: Attempt to query device size failed: NOT READY, Medium not present\n===== End of dmesg (with GEOM_BSD/GEOM_MBR) =====\n\n==== Start of dmesg (with GEOM_PART_*) ====\nCopyright (c) 1992-2009 The FreeBSD Project.\nCopyright (c) 1979, 1980, 1983, 1986, 1988, 1989, 1991, 1992, 1993, 1994\n\tThe Regents of the University of California. All rights reserved.\nFreeBSD is a registered trademark of The FreeBSD Foundation.\nFreeBSD 8.0-BETA4 #0: Thu Sep 10 17:00:11 PDT 2009\n    admin@ace.hurd.local:/tmp/obj/usr/src/sys/ACE\nTimecounter \"i8254\" frequency 1193182 Hz quality 0\nCPU: Intel(R) Xeon(TM) CPU 2.40GHz (2394.77-MHz 686-class CPU)\n  Origin = \"GenuineIntel\"  Id = 0xf27  Stepping = 7\n  Features=0xbfebfbff\u003cFPU,VME,DE,PSE,TSC,MSR,PAE,MCE,CX8,APIC,SEP,MTRR,PGE,MCA,CMOV,PAT,PSE36,CLFLUSH,DTS,ACPI,MMX,FXSR,SSE,SSE2,SS,HTT,TM,PBE\u003e\n  Features2=0x4400\u003cCNXT-ID,xTPR\u003e\nreal memory  = 1342013440 (1279 MB)\navail memory = 1299419136 (1239 MB)\nACPI APIC Table: \u003cIBM    SERONYXP\u003e\nFreeBSD/SMP: Multiprocessor System Detected: 4 CPUs\nFreeBSD/SMP: 2 package(s) x 1 core(s) x 2 HTT threads\n cpu0 (BSP): APIC ID:  0\n cpu1 (AP/HT): APIC ID:  1\n cpu2 (AP): APIC ID:  6\n cpu3 (AP/HT): APIC ID:  7\nMADT: Forcing active-low polarity and level trigger for SCI\nioapic2 \u003cVersion 1.1\u003e irqs 32-47 on motherboard\nioapic1 \u003cVersion 1.1\u003e irqs 16-31 on motherboard\nioapic0 \u003cVersion 1.1\u003e irqs 0-15 on motherboard\nkbd1 at kbdmux0\nsmbios0: \u003cSystem Management BIOS\u003e at iomem 0xfdfe0-0xfdffe on motherboard\nsmbios0: Version: 2.3, BCD Revision: 2.3\nacpi0: \u003cIBM SERONYXP\u003e on motherboard\nacpi0: [ITHREAD]\nacpi0: Power Button (fixed)\nacpi0: reservation of 460, 2 (4) failed\nTimecounter \"ACPI-safe\" frequency 3579545 Hz quality 850\nacpi_timer0: \u003c32-bit timer at 3.579545MHz\u003e port 0x488-0x48b on acpi0\npcib0: \u003cACPI Host-PCI bridge\u003e on acpi0\npci0: \u003cACPI PCI bus\u003e on pcib0\npcm0: \u003cCreative CT5880-C\u003e port 0x2200-0x223f irq 16 at device 1.0 on pci0\npcm0: \u003cSigmaTel STAC9721/23 AC97 Codec\u003e\npcm0: [ITHREAD]\npcm0: \u003cPlayback: DAC1,DAC2 / Record: ADC\u003e\nvgapci0: \u003cVGA-compatible display\u003e port 0x2300-0x23ff mem 0xfd000000-0xfdffffff,0xfebff000-0xfebfffff irq 26 at device 9.0 on pci0\ndrm0: \u003cRage XL\u003e on vgapci0\nvgapci0: child drm0 requested pci_enable_busmaster\ninfo: [drm] Initialized mach64 2.0.0 20060718\natapci0: \u003cServerWorks CSB5 UDMA100 controller\u003e port 0x1f0-0x1f7,0x3f6,0x170-0x177,0x376,0x700-0x70f at device 15.1 on pci0\nata0: \u003cATA channel 0\u003e on atapci0\nata0: [ITHREAD]\nata1: \u003cATA channel 1\u003e on atapci0\nata1: [ITHREAD]\nohci0: \u003cOHCI (generic) USB controller\u003e mem 0xfebfe000-0xfebfefff irq 11 at device 15.2 on pci0\nohci0: [ITHREAD]\nusbus0: \u003cOHCI (generic) USB controller\u003e on ohci0\nisab0: \u003cPCI-ISA bridge\u003e at device 15.3 on pci0\nisa0: \u003cISA bus\u003e on isab0\npcib1: \u003cACPI Host-PCI bridge\u003e on acpi0\npci2: \u003cACPI PCI bus\u003e on pcib1\nbge0: \u003cBroadcom NetXtreme Gigabit Ethernet Controller, ASIC rev. 0x1002\u003e mem 0xfbff0000-0xfbffffff irq 29 at device 8.0 on pci2\nmiibus0: \u003cMII bus\u003e on bge0\nbrgphy0: \u003cBCM5703 10/100/1000baseTX PHY\u003e PHY 1 on miibus0\nbrgphy0:  10baseT, 10baseT-FDX, 100baseTX, 100baseTX-FDX, 1000baseT, 1000baseT-FDX, auto\nbge0: Ethernet address: 00:02:55:07:57:03\nbge0: [ITHREAD]\npcib2: \u003cACPI Host-PCI bridge\u003e on acpi0\npci5: \u003cACPI PCI bus\u003e on pcib2\nmpt0: \u003cLSILogic 1030 Ultra4 Adapter\u003e port 0x2400-0x24ff mem 0xf9ff0000-0xf9ffffff,0xf9fe0000-0xf9feffff irq 27 at device 7.0 on pci5\nmpt0: [ITHREAD]\nmpt0: MPI Version=1.2.15.0\nmpt0: Capabilities: ( RAID-1 SAFTE )\nmpt0: 0 Active Volumes (1 Max)\nmpt0: 0 Hidden Drive Members (6 Max)\nmpt1: \u003cLSILogic 1030 Ultra4 Adapter\u003e port 0x2500-0x25ff mem 0xf9fd0000-0xf9fdffff,0xf9fc0000-0xf9fcffff irq 28 at device 7.1 on pci5\nmpt1: [ITHREAD]\nmpt1: MPI Version=1.2.15.0\nmpt1: Capabilities: ( RAID-1 SAFTE )\nmpt1: 0 Active Volumes (1 Max)\nmpt1: 0 Hidden Drive Members (6 Max)\npcib3: \u003cACPI Host-PCI bridge\u003e on acpi0\npci7: \u003cACPI PCI bus\u003e on pcib3\npcib4: \u003cACPI Host-PCI bridge\u003e on acpi0\npci9: \u003cACPI PCI bus\u003e on pcib4\nfdc0: \u003cfloppy drive controller\u003e port 0x3f0-0x3f5 irq 6 drq 2 on acpi0\nfdc0: [FILTER]\nfd0: \u003c1440-KB 3.5\" drive\u003e on fdc0 drive 0\natrtc0: \u003cAT realtime clock\u003e port 0x70-0x73 irq 8 on acpi0\ncpu0: \u003cACPI CPU\u003e on acpi0\np4tcc0: \u003cCPU Frequency Thermal Control\u003e on cpu0\ncpu1: \u003cACPI CPU\u003e on acpi0\np4tcc1: \u003cCPU Frequency Thermal Control\u003e on cpu1\ncpu2: \u003cACPI CPU\u003e on acpi0\np4tcc2: \u003cCPU Frequency Thermal Control\u003e on cpu2\ncpu3: \u003cACPI CPU\u003e on acpi0\np4tcc3: \u003cCPU Frequency Thermal Control\u003e on cpu3\npmtimer0 on isa0\norm0: \u003cISA Option ROM\u003e at iomem 0xc0000-0xc7fff pnpid ORM0000 on isa0\nsc0: \u003cSystem console\u003e at flags 0x100 on isa0\nsc0: VGA \u003c16 virtual consoles, flags=0x300\u003e\nvga0: \u003cGeneric ISA VGA\u003e at port 0x3c0-0x3df iomem 0xa0000-0xbffff on isa0\natkbdc0: \u003cKeyboard controller (i8042)\u003e at port 0x60,0x64 on isa0\natkbd0: \u003cAT Keyboard\u003e irq 1 on atkbdc0\nkbd0 at atkbd0\natkbd0: [GIANT-LOCKED]\natkbd0: [ITHREAD]\npsm0: \u003cPS/2 Mouse\u003e irq 12 on atkbdc0\npsm0: [GIANT-LOCKED]\npsm0: [ITHREAD]\npsm0: model IntelliMouse, device ID 3\nppc0: \u003cParallel port\u003e at port 0x378-0x37f irq 7 on isa0\nppc0: SMC-like chipset (ECP/EPP/PS2/NIBBLE) in COMPATIBLE mode\nppc0: FIFO with 16/16/8 bytes threshold\nppc0: [ITHREAD]\nppbus0: \u003cParallel port bus\u003e on ppc0\nlpt0: \u003cPrinter\u003e on ppbus0\nlpt0: [ITHREAD]\nlpt0: Interrupt-driven port\nTimecounters tick every 0.838 msec\nipfw2 (+ipv6) initialized, divert enabled, nat loadable, rule-based forwarding disabled, default to deny, logging disabled\nWaiting 5 seconds for SCSI devices to settle\nusbus0: 12Mbps Full Speed USB v1.0\ndriver bug: Unable to set devclass (devname: (null))\nad0: 305245MB \u003cSeagate ST3320820A 3.AAE\u003e at ata0-master UDMA100\nugen0.1: \u003c(0x1166)\u003e at usbus0\nuhub0: \u003c(0x1166) OHCI root HUB, class 9/0, rev 1.00/1.00, addr 1\u003e on usbus0\nacd0: CDRW \u003cHL-DT-ST GCE-8520B/1.04\u003e at ata0-slave UDMA33\nuhub0: 4 ports with 4 removable, self powered\nugen0.2: \u003cCanon\u003e at usbus0\numass0: \u003cCanon MX700 series, class 0/0, rev 2.00/1.02, addr 2\u003e on usbus0\numass0:  SCSI over Bulk-Only; quirks = 0x0000\nacd0: FAILURE - INQUIRY ILLEGAL REQUEST asc=0x24 ascq=0x00 \n(probe0:mpt0:0:8:0): TEST UNIT READY. CDB: 0 0 0 0 0 0 \n(probe0:mpt0:0:8:0): CAM Status: SCSI Status Error\n(probe0:mpt0:0:8:0): SCSI Status: Check Condition\n(probe0:mpt0:0:8:0): UNIT ATTENTION asc:29,0\n(probe0:mpt0:0:8:0): Power on, reset, or bus device reset occurred\n(probe0:mpt0:0:8:0): Retrying Command (per Sense Data)\numass0:5:0:-1: Attached to scbus5\n(probe2:umass-sim0:0:0:0): TEST UNIT READY. CDB: 0 0 0 0 0 0 \n(probe2:umass-sim0:0:0:0): CAM Status: SCSI Status Error\n(probe2:umass-sim0:0:0:0): SCSI Status: Check Condition\n(probe2:umass-sim0:0:0:0): UNIT ATTENTION asc:29,0\n(probe2:umass-sim0:0:0:0): Power on, reset, or bus device reset occurred\n(probe2:umass-sim0:0:0:0): Retrying Command (per Sense Data)\n(probe2:umass-sim0:0:0:0): TEST UNIT READY. CDB: 0 0 0 0 0 0 \n(probe2:umass-sim0:0:0:0): CAM Status: SCSI Status Error\n(probe2:umass-sim0:0:0:0): SCSI Status: Check Condition\n(probe2:umass-sim0:0:0:0): NOT READY asc:3a,0\n(probe2:umass-sim0:0:0:0): Medium not present\n(probe2:umass-sim0:0:0:0): Unretryable error\ncd0 at ata0 bus 0 target 1 lun 0\ncd0: \u003cHL-DT-ST CD-RW GCE-8520B 1.04\u003e Removable CD-ROM SCSI-0 device \ncd0: 33.000MB/s transfers\ncd0: cd present [3315 x 2048 byte records]\nses0 at mpt0 bus 0 target 8 lun 0\nses0: \u003cIBM 32P0042a S320  1 1\u003e Fixed Processor SCSI-2 device \nses0: 3.300MB/s transfers\nses0: SAF-TE Compliant Device\nda0 at mpt0 bus 0 target 0 lun 0\nda0: \u003cHP 36.4GB C 80-D94N D94N\u003e Fixed Direct Access SCSI-2 device \nda0: 160.000MB/s transfers (80.000MHz DT, offset 63, 16bit)\nda0: Command Queueing enabled\nda0: 34732MB (71132960 512 byte sectors: 255H 63S/T 4427C)\nda1 at mpt0 bus 0 target 1 lun 0\nda1: \u003cHP 36.4GB C 80-D94N D94N\u003e Fixed Direct Access SCSI-2 device \nda1: 160.000MB/s transfers (80.000MHz DT, offset 63, 16bit)\nda1: Command Queueing enabled\nda1: 34732MB (71132960 512 byte sectors: 255H 63S/T 4427C)\nda2 at mpt0 bus 0 target 2 lun 0\nda2: \u003cHP 36.4GB C 80-8C34 8C34\u003e Fixed Direct Access SCSI-2 device \nda2: 160.000MB/s transfers (80.000MHz DT, offset 63, 16bit)\nda2: Command Queueing enabled\nda2: 34732MB (71132960 512 byte sectors: 255H 63S/T 4427C)\nda3 at mpt0 bus 0 target 3 lun 0\nda3: \u003cHP 36.4G ST336704LC HP02\u003e Fixed Direct Access SCSI-2 device \nda3: 160.000MB/s transfers (80.000MHz DT, offset 63, 16bit)\nda3: Command Queueing enabled\nda3: 34732MB (71132960 512 byte sectors: 255H 63S/T 4427C)\nSMP: AP CPU #1 Launched!\nSMP: AP CPU #3 Launched!\nda4 at umass-sim0 bus 0 target 0 lun 0\nda4: \u003cCanon MX700 series 1020\u003e Removable Direct Access SCSI-2 device \nda4: 1.000MB/s transfers\nda4: Attempt to query device size failed: NOT READY, Medium not presentSMP: AP CPU #2 Launched!\n\nGEOM: ad0: geometry does not match label (255h,63s != 16h,63s).\nacd0: FAILURE - READ_BIG ILLEGAL REQUEST asc=0x64 ascq=0x00 \nacd0: FAILURE - READ_BIG ILLEGAL REQUEST asc=0x64 ascq=0x00 \nGEOM_STRIPE: Device raid0 created (id=40432321).\nGEOM_STRIPE: Disk da0s2 attached to raid0.\nGEOM_STRIPE: Disk da1s2 attached to raid0.\nGEOM_STRIPE: Disk da2s2 attached to raid0.\nGEOM_STRIPE: Disk da3s2 attached to raid0.\nGEOM_STRIPE: Device raid0 activated.\nTrying to mount root from ufs:/dev/da0s1a\n\u003c\u003c111188\u003eC\u003eaCna'tn 'stta ts t/atd e/vd/aedv0s/1sgt:ri pNeo/ rsuacidh0 af:i lNeo  sour directory\nc\nmodule_register: module g_label already exists!\nModule g_label failed to register: 17\n===== End of dmesg (with GEOM_PART_*) ====="
}