{
 "id": 1070981,
 "bug_id": 241223,
 "attachment_id": 0,
 "creation_time": "2019-10-13T02:51:54Z",
 "creator": "accornehl@fastmail.fm",
 "text": "Reliably triggers a panic during startup with r353460. The last good kernel I built is r353116. Maybe related to epoch changes in r353292?\n\n---\u003c\u003cBOOT\u003e\u003e---\nCopyright (c) 1992-2019 The FreeBSD Project.\nCopyright (c) 1979, 1980, 1983, 1986, 1988, 1989, 1991, 1992, 1993, 1994\n        The Regents of the University of California. All rights reserved.\nFreeBSD is a registered trademark of The FreeBSD Foundation.\nFreeBSD 13.0-CURRENT #5 r353460: Sun Oct 13 00:45:05 UTC 2019\n    root@tutti:/usr/obj/usr/src/amd64.amd64/sys/GENERIC amd64\nFreeBSD clang version 9.0.0 (tags/RELEASE_900/final 372316) (based on LLVM 9.0.0)\nWARNING: WITNESS option enabled, expect reduced performance.\nVT(vga): resolution 640x480\nCPU: Intel(R) Core(TM) i5-3470 CPU @ 3.20GHz (3192.81-MHz K8-class CPU)\n  Origin=\"GenuineIntel\"  Id=0x306a9  Family=0x6  Model=0x3a  Stepping=9\n  Features=0xbfebfbff\u003cFPU,VME,DE,PSE,TSC,MSR,PAE,MCE,CX8,APIC,SEP,MTRR,PGE,MCA,CMOV,PAT,PSE36,CLFLUSH,DTS,ACPI,MMX,FXSR,SSE,SSE2,SS,HTT,TM,PBE\u003e\n  Features2=0x7fbae3ff\u003cSSE3,PCLMULQDQ,DTES64,MON,DS_CPL,VMX,SMX,EST,TM2,SSSE3,CX16,xTPR,PDCM,PCID,SSE4.1,SSE4.2,x2APIC,POPCNT,TSCDLT,AESNI,XSAVE,OSXSAVE,AVX,F16C,RDRAND\u003e\n  AMD Features=0x28100800\u003cSYSCALL,NX,RDTSCP,LM\u003e\n  AMD Features2=0x1\u003cLAHF\u003e\n  Structured Extended Features=0x281\u003cFSGSBASE,SMEP,ERMS\u003e\n  XSAVE Features=0x1\u003cXSAVEOPT\u003e\n  VT-x: PAT,HLT,MTF,PAUSE,EPT,UG,VPID\n  TSC: P-state invariant, performance statistics\nreal memory  = 17179869184 (16384 MB)\navail memory = 16463777792 (15701 MB)\nEvent timer \"LAPIC\" quality 600\nACPI APIC Table: \u003cDELL   CBX3   \u003e\nFreeBSD/SMP: Multiprocessor System Detected: 4 CPUs\nFreeBSD/SMP: 1 package(s) x 4 core(s)\nrandom: registering fast source Intel Secure Key RNG\nrandom: fast provider: \"Intel Secure Key RNG\"\nrandom: unblocking device.\nioapic0 \u003cVersion 2.0\u003e irqs 0-23\nLaunching APs: 2 1 3\nTimecounter \"TSC-low\" frequency 1596405004 Hz quality 1000\nrandom: entropy device external interface\nkbd1 at kbdmux0\n000.000046 [4335] netmap_init               netmap: loaded module\nmodule_register_init: MOD_LOAD (vesa, 0xffffffff810561e0, 0) error 19\n[ath_hal] loaded\nnexus0\nvtvga0: \u003cVT VGA driver\u003e\ncryptosoft0: \u003csoftware crypto\u003e\nacpi0: \u003cDELL CBX3   \u003e\nacpi0: Power Button (fixed)\ncpu0: \u003cACPI CPU\u003e on acpi0\nhpet0: \u003cHigh Precision Event Timer\u003e iomem 0xfed00000-0xfed003ff on acpi0\nTimecounter \"HPET\" frequency 14318180 Hz quality 950\nEvent timer \"HPET\" frequency 14318180 Hz quality 550\nEvent timer \"HPET1\" frequency 14318180 Hz quality 440\nEvent timer \"HPET2\" frequency 14318180 Hz quality 440\nEvent timer \"HPET3\" frequency 14318180 Hz quality 440\nEvent timer \"HPET4\" frequency 14318180 Hz quality 440\natrtc0: \u003cAT realtime clock\u003e port 0x70-0x77 irq 8 on acpi0\natrtc0: Warning: Couldn't map I/O.\natrtc0: registered as a time-of-day clock, resolution 1.000000s\nEvent timer \"RTC\" frequency 32768 Hz quality 0\nattimer0: \u003cAT timer\u003e port 0x40-0x43,0x50-0x53 irq 0 on acpi0\nTimecounter \"i8254\" frequency 1193182 Hz quality 0\nEvent timer \"i8254\" frequency 1193182 Hz quality 100\nTimecounter \"ACPI-fast\" frequency 3579545 Hz quality 900\nacpi_timer0: \u003c24-bit timer at 3.579545MHz\u003e port 0x408-0x40b on acpi0\npcib0: \u003cACPI Host-PCI bridge\u003e port 0xcf8-0xcff on acpi0\npci0: \u003cACPI PCI bus\u003e on pcib0\nvgapci0: \u003cVGA-compatible display\u003e port 0xf000-0xf03f mem 0xf7800000-0xf7bfffff,0xe0000000-0xefffffff irq 16 at device 2.0 on pci0\nvgapci0: Boot video device\nxhci0: \u003cIntel Panther Point USB 3.0 controller\u003e mem 0xf7d20000-0xf7d2ffff irq 16 at device 20.0 on pci0\nxhci0: 32 bytes context size, 64-bit DMA\nusbus0: waiting for BIOS to give up control\nxhci0: Port routing mask set to 0xffffffff\nusbus0 on xhci0\nusbus0: 5.0Gbps Super Speed USB v3.0\npci0: \u003csimple comms\u003e at device 22.0 (no driver attached)\nuart2: \u003cIntel Panther Point KT Controller\u003e port 0xf0e0-0xf0e7 mem 0xf7d3a000-0xf7d3afff irq 19 at device 22.3 on pci0\nuart2: Using 1 MSI message\nem0: \u003cIntel(R) PRO/1000 Network Connection\u003e port 0xf080-0xf09f mem 0xf7d00000-0xf7d1ffff,0xf7d39000-0xf7d39fff irq 20 at device 25.0 on pci0\nem0: Using 1024 TX descriptors and 1024 RX descriptors\nem0: Using an MSI interrupt\n\u003c6\u003eem0: Ethernet address: b8:ca:3a:9f:e2:f9\n\u003c6\u003eem0: netmap queues/slots: TX 1/1024, RX 1/1024\nehci0: \u003cIntel Panther Point USB 2.0 controller\u003e mem 0xf7d38000-0xf7d383ff irq 16 at device 26.0 on pci0\nusbus1: EHCI version 1.0\nusbus1 on ehci0\nusbus1: 480Mbps High Speed USB v2.0\nhdac0: \u003cIntel Panther Point HDA Controller\u003e mem 0xf7d30000-0xf7d33fff irq 22 at device 27.0 on pci0\npcib1: \u003cACPI PCI-PCI bridge\u003e irq 16 at device 28.0 on pci0\npci1: \u003cACPI PCI bus\u003e on pcib1\npcib2: \u003cACPI PCI-PCI bridge\u003e irq 18 at device 28.2 on pci0\npci2: \u003cACPI PCI bus\u003e on pcib2\niwm0: \u003cIntel(R) Dual Band Wireless AC 8260\u003e mem 0xf7c00000-0xf7c01fff irq 18 at device 0.0 on pci2\nehci1: \u003cIntel Panther Point USB 2.0 controller\u003e mem 0xf7d37000-0xf7d373ff irq 23 at device 29.0 on pci0\nusbus2: EHCI version 1.0\nusbus2 on ehci1\nusbus2: 480Mbps High Speed USB v2.0\npcib3: \u003cACPI PCI-PCI bridge\u003e at device 30.0 on pci0\npci3: \u003cACPI PCI bus\u003e on pcib3\nisab0: \u003cPCI-ISA bridge\u003e at device 31.0 on pci0\nisa0: \u003cISA bus\u003e on isab0\nahci0: \u003cIntel Panther Point AHCI SATA controller\u003e port 0xf0d0-0xf0d7,0xf0c0-0xf0c3,0xf0b0-0xf0b7,0xf0a0-0xf0a3,0xf060-0xf07f mem 0xf7d36000-0xf7d367ff irq 19 at device 31.2 on pci0\nahci0: AHCI v1.30 with 6 6Gbps ports, Port Multiplier not supported\nahcich0: \u003cAHCI channel\u003e at channel 0 on ahci0\nahcich1: \u003cAHCI channel\u003e at channel 1 on ahci0\nahciem0: \u003cAHCI enclosure management bridge\u003e on ahci0\nacpi_button0: \u003cPower Button\u003e on acpi0\nacpi_tz0: \u003cThermal Zone\u003e on acpi0\nacpi_tz1: \u003cThermal Zone\u003e on acpi0\nuart0: \u003c16550 or compatible\u003e port 0x3f8-0x3ff irq 4 flags 0x10 on acpi0\norm0: \u003cISA Option ROMs\u003e at iomem 0xcf000-0xcffff,0xd0000-0xd0fff pnpid ORM0000 on isa0\natkbdc0: \u003cKeyboard controller (i8042)\u003e at port 0x60,0x64 on isa0\natkbd0: \u003cAT Keyboard\u003e irq 1 on atkbdc0\nkbd0 at atkbd0\natkbd0: [GIANT-LOCKED]\natkbdc0: non-PNP ISA device will be removed from GENERIC in FreeBSD 12.\nest0: \u003cEnhanced SpeedStep Frequency Control\u003e on cpu0\nZFS filesystem version: 5\nZFS storage pool version: features support (5000)\nTimecounters tick every 1.000 msec\nhdacc0: \u003cRealtek ALC269 HDA CODEC\u003e at cad 0 on hdac0\nhdaa0: \u003cRealtek ALC269 Audio Function Group\u003e at nid 1 on hdacc0\npcm0: \u003cRealtek ALC269 (Analog)\u003e at nid 20 and 24 on hdaa0\npcm1: \u003cRealtek ALC269 (Analog 2.0+HP/2.0)\u003e at nid 27,33 and 25 on hdaa0\nhdacc1: \u003cIntel Panther Point HDA CODEC\u003e at cad 3 on hdac0\nhdaa1: \u003cIntel Panther Point Audio Function Group\u003e at nid 1 on hdacc1\npcm2: \u003cIntel Panther Point (HDMI/DP 8ch)\u003e at nid 5 on hdaa1\npcm3: \u003cIntel Panther Point (HDMI/DP 8ch)\u003e at nid 6 on hdaa1\nugen0.1: \u003c0x8086 XHCI root HUB\u003e at usbus0\nugen1.1: \u003cIntel EHCI root HUB\u003e at usbus1\nugen2.1: \u003cIntel EHCI root HUB\u003e at usbus2\nuhub0 on usbus0\nuhub0: \u003c0x8086 XHCI root HUB, class 9/0, rev 3.00/1.00, addr 1\u003e on usbus0\nuhub1 on usbus2\nuhub1: \u003cIntel EHCI root HUB, class 9/0, rev 2.00/1.00, addr 1\u003e on usbus2\nuhub2 on usbus1\nuhub2: \u003cIntel EHCI root HUB, class 9/0, rev 2.00/1.00, addr 1\u003e on usbus1\nada0 at ahcich0 bus 0 scbus0 target 0 lun 0\nada0: \u003cHitachi HUA722020ALA331 JKAOA3NH\u003e ATA8-ACS SATA 2.x device\nada0: Serial Number B8H6KMKW\nada0: 300.000MB/s transfers (SATA 2.x, UDMA6, PIO 8192bytes)\nada0: Command Queueing enabled\nada0: 1907729MB (3907029168 512 byte sectors)\nses0 at ahciem0 bus 0 scbus2 target 0 lun 0\nses0: \u003cAHCI SGPIO Enclosure 2.00 0001\u003e SEMB S-E-S 2.00 device\nses0: SEMB SES Device\ncd0 at ahcich1 bus 0 scbus1 target 0 lun 0\ncd0: \u003cOptiarc DVD+-RW AD-7270H 101A\u003e Removable CD-ROM SCSI device\ncd0: 150.000MB/s transfers (SATA 1.x, UDMA5, ATAPI 12bytes, PIO 8192bytes)\ncd0: Attempt to query device size failed: NOT READY, Medium not present - tray closed\nses0: ada0,pass0 in 'Slot 00', SATA Slot: scbus0 target 0\niwm0: hw rev 0x200, fw ver 22.361476.0, address d8:f2:ca:df:07:e1\nses0: pass1,cd0 in 'Slot 01', SATA Slot: scbus1 target 0\nTrying to mount root from zfs:zroot/ROOT/default []...\nWARNING: WITNESS option enabled, expect reduced performance.\nRoot mount waiting for: usbus2 usbus1 usbus0\nuhub0: 8 ports with 8 removable, self powered\nuhub1: 3 ports with 3 removable, self powered\nuhub2: 3 ports with 3 removable, self powered\nRoot mount waiting for: usbus2 usbus1\nugen2.2: \u003cvendor 0x8087 product 0x0024\u003e at usbus2\nuhub3 on uhub1\nuhub3: \u003cvendor 0x8087 product 0x0024, class 9/0, rev 2.00/0.00, addr 2\u003e on usbus2\nugen1.2: \u003cvendor 0x8087 product 0x0024\u003e at usbus1\nuhub4 on uhub2\nuhub4: \u003cvendor 0x8087 product 0x0024, class 9/0, rev 2.00/0.00, addr 2\u003e on usbus1\nRoot mount waiting for: usbus2 usbus1\nuhub4: 6 ports with 6 removable, self powered\nuhub3: 8 ports with 8 removable, self powered\nugen1.3: \u003cSEM HCT Keyboard\u003e at usbus1\nukbd0 on uhub4\nukbd0: \u003cSEM HCT Keyboard, class 0/0, rev 1.10/1.10, addr 3\u003e on usbus1\nkbd2 at ukbd0\nRoot mount waiting for: usbus1\nugen1.4: \u003cvendor 0x8087 product 0x0a2b\u003e at usbus1\n\u003c118\u003eSetting hostuuid: 4c4c4544-0052-5a10-8043-c3c04f375931.\n\u003c118\u003eSetting hostid: 0x7a45d63b.\n\u003c118\u003eStarting file system checks:\n\u003c118\u003eMounting local filesystems:.\n\u003c118\u003eELF ldconfig path: /lib /usr/lib /usr/lib/compat /usr/local/lib /usr/local/lib/dovecot /usr/local/lib/perl5/5.30/mach/CORE\n\u003c118\u003e32-bit compatibility ldconfig path: /usr/lib32\n\u003c118\u003eSetting hostname: tutti.\n\u003c118\u003eSetting up harvesting: PURE_RDRAND,[UMA],[FS_ATIME],SWI,INTERRUPT,NET_NG,[NET_ETHER],NET_TUN,MOUSE,KEYBOARD,ATTACH,CACHED\n\u003c118\u003eFeeding entropy: .\n\u003c6\u003ewlan0: Ethernet address: d8:f2:ca:df:07:e1\n\u003c118\u003eCreated wlan(4) interfaces: wlan0.\nukbd0: \u003cSEM HCT Keyboard, class 0/0, rev 1.10/1.10, addr 3\u003e on usbus1\nkbd2 at ukbd0\nRoot mount waiting for: usbus1\nugen1.4: \u003cvendor 0x8087 product 0x0a2b\u003e at usbus1\n\u003c118\u003eSetting hostuuid: 4c4c4544-0052-5a10-8043-c3c04f375931.\n\u003c118\u003eSetting hostid: 0x7a45d63b.\n\u003c118\u003eStarting file system checks:\n\u003c118\u003eMounting local filesystems:.\n\u003c118\u003eELF ldconfig path: /lib /usr/lib /usr/lib/compat /usr/local/lib /usr/local/lib/dovecot /usr/local/lib/perl5/5.30/mach/CORE\n\u003c118\u003e32-bit compatibility ldconfig path: /usr/lib32\n\u003c118\u003eSetting hostname: tutti.\n\u003c118\u003eSetting up harvesting: PURE_RDRAND,[UMA],[FS_ATIME],SWI,INTERRUPT,NET_NG,[NET_ETHER],NET_TUN,MOUSE,KEYBOARD,ATTACH,CACHED\n\u003c118\u003eFeeding entropy: .\n\u003c6\u003ewlan0: Ethernet address: d8:f2:ca:df:07:e1\n\u003c118\u003eCreated wlan(4) interfaces: wlan0.\n\u003c6\u003elo0: link state changed to UP\npanic: sleeping in an epoch section\ncpuid = 0\ntime = 1570929279\nKDB: stack backtrace:\ndb_trace_self_wrapper() at db_trace_self_wrapper+0x2b/frame 0xfffffe00ad11ff40\nvpanic() at vpanic+0x17e/frame 0xfffffe00ad11ffa0\npanic() at panic+0x43/frame 0xfffffe00ad120000\n_sleep() at _sleep+0x45f/frame 0xfffffe00ad1200a0\npause_sbt() at pause_sbt+0x108/frame 0xfffffe00ad1200e0\ne1000_write_phy_reg_mdic() at e1000_write_phy_reg_mdic+0xec/frame 0xfffffe00ad120120\ne1000_enable_phy_wakeup_reg_access_bm() at e1000_enable_phy_wakeup_reg_access_bm+0x2b/frame 0xfffffe00ad120140\ne1000_update_mc_addr_list_pch2lan() at e1000_update_mc_addr_list_pch2lan+0x3a/frame 0xfffffe00ad120180\nem_if_multi_set() at em_if_multi_set+0x1d1/frame 0xfffffe00ad1201d0\niflib_if_ioctl() at iflib_if_ioctl+0xfd/frame 0xfffffe00ad120240\nif_addmulti() at if_addmulti+0x2ae/frame 0xfffffe00ad1202e0\nin6_joingroup_locked() at in6_joingroup_locked+0x25c/frame 0xfffffe00ad1203a0\nin6_joingroup() at in6_joingroup+0x44/frame 0xfffffe00ad1203d0\nin6_update_ifa() at in6_update_ifa+0x10a2/frame 0xfffffe00ad120580\nin6_ifattach() at in6_ifattach+0x57e/frame 0xfffffe00ad1206c0\nin6_if_up() at in6_if_up+0x6e/frame 0xfffffe00ad120700\nnd6_ioctl() at nd6_ioctl+0x7c5/frame 0xfffffe00ad120780\nifioctl() at ifioctl+0x40e/frame 0xfffffe00ad120850\nkern_ioctl() at kern_ioctl+0x295/frame 0xfffffe00ad1208b0\nsys_ioctl() at sys_ioctl+0x15c/frame 0xfffffe00ad120980"
}