{
 "id": 760601,
 "bug_id": 188899,
 "attachment_id": 0,
 "creation_time": "2014-04-22T21:10:00Z",
 "creator": "clif@eugeneweb.com",
 "text": "Greetings,\n\nThis is related to problem reports 179033, and 188897 in that the motherboard is the same. Initially I RMAed the mother board thinking it was a hardware problem. That was before I tested it under Linux. See the attached file of output under various situations and OSes.\n\nAs you can see for ifconfig, the \"Status:\" line does not show up for the cas Nics. Neither does the fourth port cas3. If you run dhclient on cas0 it will fail gracefully as you might expect, if no cable is connected. If a live cable is connected and you run \"dhclient cas0\" you will eventually get:\ncas0: cas_eint: status 0x41000, PCI buss error 0x20\ncas0: cas_eint: status 0x41000, PCI buss error 0x20\n..\nforever with no way to interrupt.\n\nIf you merely boot with the cable connected but don't try to run dhclient you will get a few \"cas0: device timeout\" lines every so often.\n\nHowever just having the cas quad port card in the system does not prevent re0 from working like the dc card does in PR 188897.\n\nThanks for a great project and I hope we can clean up these problems with the atom board's slightly nonstandard chipsets.\n\n    Best,\n    Clif\n\n***************************************************************************\nAtom D510MO Board without CAS quad port card\n\n********************************* IFCONFIG *********************************\n\nre0: flags=8843\u003cUP,BROADCAST,RUNNING,SIMPLEX,MULTICAST\u003e metric 0 mtu 1500\n\toptions=8209b\u003cRXCSUM,TXCSUM,VLAN_MTU,VLAN_HWTAGGING,VLAN_HWCSUM,WOL_MAGIC,LINKSTATE\u003e\n\tether 00:27:0e:07:48:a0\n\tinet 192.168.1.13 netmask 0xffffff00 broadcast 192.168.1.255 \n\tinet 192.168.0.187 netmask 0xffffff00 broadcast 192.168.0.255 \n\tnd6 options=29\u003cPERFORMNUD,IFDISABLED,AUTO_LINKLOCAL\u003e\n\tmedia: Ethernet autoselect (100baseTX \u003cfull-duplex\u003e)\n\tstatus: active\nlo0: flags=8049\u003cUP,LOOPBACK,RUNNING,MULTICAST\u003e metric 0 mtu 16384\n\toptions=600003\u003cRXCSUM,TXCSUM,RXCSUM_IPV6,TXCSUM_IPV6\u003e\n\tinet6 ::1 prefixlen 128 \n\tinet6 fe80::1%lo0 prefixlen 64 scopeid 0x2 \n\tinet 127.0.0.1 netmask 0xff000000 \n\tnd6 options=21\u003cPERFORMNUD,AUTO_LINKLOCAL\u003e\n\n********************************* DMESG *********************************\n\nCopyright (c) 1992-2014 The FreeBSD Project.\nCopyright (c) 1979, 1980, 1983, 1986, 1988, 1989, 1991, 1992, 1993, 1994\n\tThe Regents of the University of California. All rights reserved.\nFreeBSD is a registered trademark of The FreeBSD Foundation.\nFreeBSD 10.0-RELEASE #0 r260789: Fri Jan 17 01:46:25 UTC 2014\n    root@snap.freebsd.org:/usr/obj/usr/src/sys/GENERIC i386\nFreeBSD clang version 3.3 (tags/RELEASE_33/final 183502) 20130610\nCPU: Intel(R) Atom(TM) CPU D510   @ 1.66GHz (1666.73-MHz 686-class CPU)\n  Origin = \"GenuineIntel\"  Id = 0x106ca  Family = 0x6  Model = 0x1c  Stepping = 10\n  Features=0xbfebfbff\u003cFPU,VME,DE,PSE,TSC,MSR,PAE,MCE,CX8,APIC,SEP,MTRR,PGE,MCA,CMOV,PAT,PSE36,CLFLUSH,DTS,ACPI,MMX,FXSR,SSE,SSE2,SS,HTT,TM,PBE\u003e\n  Features2=0x40e31d\u003cSSE3,DTES64,MON,DS_CPL,TM2,SSSE3,CX16,xTPR,PDCM,MOVBE\u003e\n  AMD Features=0x20100000\u003cNX,LM\u003e\n  AMD Features2=0x1\u003cLAHF\u003e\n  TSC: P-state invariant, performance statistics\nreal memory  = 4294967296 (4096 MB)\navail memory = 3388112896 (3231 MB)\nEvent timer \"LAPIC\" quality 400\nACPI APIC Table: \u003cINTEL  MOPNV10N\u003e\nFreeBSD/SMP: Multiprocessor System Detected: 4 CPUs\nFreeBSD/SMP: 1 package(s) x 2 core(s) x 2 HTT threads\n cpu0 (BSP): APIC ID:  0\n cpu1 (AP/HT): APIC ID:  1\n cpu2 (AP): APIC ID:  2\n cpu3 (AP/HT): APIC ID:  3\nioapic0: Changing APIC ID to 8\nioapic0 \u003cVersion 2.0\u003e irqs 0-23 on motherboard\nlapic0: Forcing LINT1 to edge trigger\nkbd1 at kbdmux0\nrandom: \u003cSoftware, Yarrow\u003e initialized\nacpi0: \u003cINTEL MOPNV10N\u003e on motherboard\nacpi0: Power Button (fixed)\ncpu0: \u003cACPI CPU\u003e on acpi0\ncpu1: \u003cACPI CPU\u003e on acpi0\ncpu2: \u003cACPI CPU\u003e on acpi0\ncpu3: \u003cACPI CPU\u003e on acpi0\natrtc0: \u003cAT realtime clock\u003e port 0x70-0x71,0x74-0x77 irq 8 on acpi0\nEvent timer \"RTC\" frequency 32768 Hz quality 0\nattimer0: \u003cAT timer\u003e port 0x40-0x43,0x50-0x53 irq 0 on acpi0\nTimecounter \"i8254\" frequency 1193182 Hz quality 0\nEvent timer \"i8254\" frequency 1193182 Hz quality 100\nhpet0: \u003cHigh Precision Event Timer\u003e iomem 0xfed00000-0xfed03fff on acpi0\nTimecounter \"HPET\" frequency 14318180 Hz quality 950\nEvent timer \"HPET\" frequency 14318180 Hz quality 450\nEvent timer \"HPET1\" frequency 14318180 Hz quality 440\nEvent timer \"HPET2\" frequency 14318180 Hz quality 440\nTimecounter \"ACPI-safe\" frequency 3579545 Hz quality 850\nacpi_timer0: \u003c24-bit timer at 3.579545MHz\u003e port 0x408-0x40b on acpi0\nacpi_button0: \u003cSleep Button\u003e on acpi0\npcib0: \u003cACPI Host-PCI bridge\u003e port 0xcf8-0xcff on acpi0\npci0: \u003cACPI PCI bus\u003e on pcib0\nvgapci0: \u003cVGA-compatible display\u003e port 0x20c0-0x20c7 mem 0xe0200000-0xe027ffff,0xd0000000-0xdfffffff,0xe0100000-0xe01fffff irq 16 at device 2.0 on pci0\nagp0: \u003cIntel Pineview SVGA controller\u003e on vgapci0\nagp0: aperture size is 256M, detected 8188k stolen memory\nvgapci0: Boot video device\npcib1: \u003cACPI PCI-PCI bridge\u003e at device 28.0 on pci0\npcib1: failed to allocate initial prefetch window: 0xe0000000-0xe00fffff\npci1: \u003cACPI PCI bus\u003e on pcib1\nre0: \u003cRealTek 8168/8111 B/C/CP/D/DP/E/F/G PCIe Gigabit Ethernet\u003e port 0x1000-0x10ff irq 16 at device 0.0 on pci1\nre0: Using 1 MSI-X message\nre0: Chip rev. 0x28000000\nre0: MAC rev. 0x00100000\nmiibus0: \u003cMII bus\u003e on re0\nrgephy0: \u003cRTL8169S/8110S/8211 1000BASE-T media interface\u003e PHY 1 on miibus0\nrgephy0:  none, 10baseT, 10baseT-FDX, 10baseT-FDX-flow, 100baseTX, 100baseTX-FDX, 100baseTX-FDX-flow, 1000baseT, 1000baseT-master, 1000baseT-FDX, 1000baseT-FDX-master, 1000baseT-FDX-flow, 1000baseT-FDX-flow-master, auto, auto-flow\nre0: Ethernet address: 00:27:0e:07:48:a0\npcib2: \u003cACPI PCI-PCI bridge\u003e at device 28.1 on pci0\npci2: \u003cACPI PCI bus\u003e on pcib2\npcib3: \u003cACPI PCI-PCI bridge\u003e at device 28.2 on pci0\npci3: \u003cACPI PCI bus\u003e on pcib3\npcib4: \u003cACPI PCI-PCI bridge\u003e at device 28.3 on pci0\npci4: \u003cACPI PCI bus\u003e on pcib4\nuhci0: \u003cIntel 82801G (ICH7) USB controller USB-A\u003e port 0x2080-0x209f irq 23 at device 29.0 on pci0\nuhci0: LegSup = 0x2f00\nusbus0 on uhci0\nuhci1: \u003cIntel 82801G (ICH7) USB controller USB-B\u003e port 0x2060-0x207f irq 19 at device 29.1 on pci0\nuhci1: LegSup = 0x2f00\nusbus1 on uhci1\nuhci2: \u003cIntel 82801G (ICH7) USB controller USB-C\u003e port 0x2040-0x205f irq 18 at device 29.2 on pci0\nuhci2: LegSup = 0x2f00\nusbus2 on uhci2\nuhci3: \u003cIntel 82801G (ICH7) USB controller USB-D\u003e port 0x2020-0x203f irq 16 at device 29.3 on pci0\nuhci3: LegSup = 0x2f00\nusbus3 on uhci3\nehci0: \u003cIntel 82801GB/R (ICH7) USB 2.0 controller\u003e mem 0xe0280400-0xe02807ff irq 23 at device 29.7 on pci0\nusbus4: EHCI version 1.0\nusbus4 on ehci0\npcib5: \u003cACPI PCI-PCI bridge\u003e at device 30.0 on pci0\npci5: \u003cACPI PCI bus\u003e on pcib5\nisab0: \u003cPCI-ISA bridge\u003e at device 31.0 on pci0\nisa0: \u003cISA bus\u003e on isab0\natapci0: \u003cIntel ICH7 SATA300 controller\u003e port 0x20b8-0x20bf,0x20cc-0x20cf,0x20b0-0x20b7,0x20c8-0x20cb,0x20a0-0x20af mem 0xe0280000-0xe02803ff irq 19 at device 31.2 on pci0\nata2: \u003cATA channel\u003e at channel 0 on atapci0\nata3: \u003cATA channel\u003e at channel 1 on atapci0\npci0: \u003cserial bus, SMBus\u003e at device 31.3 (no driver attached)\natkbdc0: \u003cKeyboard controller (i8042)\u003e port 0x60,0x64 irq 1 on acpi0\natkbd0: \u003cAT Keyboard\u003e irq 1 on atkbdc0\nkbd0 at atkbd0\natkbd0: [GIANT-LOCKED]\nuart0: \u003c16550 or compatible\u003e port 0x3f8-0x3ff irq 4 flags 0x10 on acpi0\nuart0: console (9600,n,8,1)\nuart1: \u003c16550 or compatible\u003e port 0x2f8-0x2ff irq 3 on acpi0\npmtimer0 on isa0\nsc0: \u003cSystem console\u003e at flags 0x100 on isa0\nsc0: VGA \u003c16 virtual consoles, flags=0x300\u003e\nvga0: \u003cGeneric ISA VGA\u003e at port 0x3c0-0x3df iomem 0xa0000-0xbffff on isa0\nata0: \u003cATA channel\u003e at port 0x1f0-0x1f7,0x3f6 irq 14 on isa0\nata1: \u003cATA channel\u003e at port 0x170-0x177,0x376 irq 15 on isa0\nppc0: parallel port not found.\np4tcc0: \u003cCPU Frequency Thermal Control\u003e on cpu0\np4tcc1: \u003cCPU Frequency Thermal Control\u003e on cpu1\np4tcc2: \u003cCPU Frequency Thermal Control\u003e on cpu2\np4tcc3: \u003cCPU Frequency Thermal Control\u003e on cpu3\nTimecounters tick every 1.000 msec\nrandom: unblocking device.\nusbus0: 12Mbps Full Speed USB v1.0\nusbus1: 12Mbps Full Speed USB v1.0\nugen0.1: \u003cIntel\u003e at usbus0\nuhub0: \u003cIntel UHCI root HUB, class 9/0, rev 1.00/1.00, addr 1\u003e on usbus0\nugen1.1: \u003cIntel\u003e at usbus1\nuhub1: \u003cIntel UHCI root HUB, class 9/0, rev 1.00/1.00, addr 1\u003e on usbus1\nusbus2: 12Mbps Full Speed USB v1.0\nusbus3: 12Mbps Full Speed USB v1.0\nugen2.1: \u003cIntel\u003e at usbus2\nuhub2: \u003cIntel UHCI root HUB, class 9/0, rev 1.00/1.00, addr 1\u003e on usbus2\nugen3.1: \u003cIntel\u003e at usbus3\nuhub3: \u003cIntel UHCI root HUB, class 9/0, rev 1.00/1.00, addr 1\u003e on usbus3\nusbus4: 480Mbps High Speed USB v2.0\nugen4.1: \u003cIntel\u003e at usbus4\nuhub4: \u003cIntel EHCI root HUB, class 9/0, rev 2.00/1.00, addr 1\u003e on usbus4\nuhub0: 2 ports with 2 removable, self powered\nuhub1: 2 ports with 2 removable, self powered\nuhub2: 2 ports with 2 removable, self powered\nuhub3: 2 ports with 2 removable, self powered\nada0 at ata2 bus 0 scbus0 target 0 lun 0\nada0: \u003cWDC WD800JD-75MSA3 10.01E04\u003e ATA-7 SATA 2.x device\nada0: Serial Number WD-WMAM9ZL59310\nada0: 300.000MB/s transfers (SATA 2.x, UDMA5, PIO 8192bytes)\nada0: 76293MB (156250000 512 byte sectors: 16H 63S/T 16383C)\nada0: Previously was known as ad4\nlapic1: Forcing LINT1 to edge trigger\nSMP: AP CPU #1 Launched!\nlapic2: Forcing LINT1 to edge trigger\nSMP: AP CPU #2 Launched!\nlapic3: Forcing LINT1 to edge trigger\nSMP: AP CPU #3 Launched!\nTimecounter \"TSC\" frequency 1666726490 Hz quality 1000\nRoot mount waiting for: usbus4\nRoot mount waiting for: usbus4\nuhub4: 8 ports with 8 removable, self powered\nTrying to mount root from ufs:/dev/ada0s2a [rw]...\n\n********************************* DEVINFO *********************************\n\nnexus0\n  npx0\n  apic0\n  ram0\n  acpi0\n    cpu0\n      p4tcc0\n      cpufreq0\n    cpu1\n      p4tcc1\n      cpufreq1\n    cpu2\n      p4tcc2\n      cpufreq2\n    cpu3\n      p4tcc3\n      cpufreq3\n    acpi_button0\n    pcib0\n      pci0\n        hostb0\n        vgapci0\n          agp0\n        pcib1\n          pci1\n            re0\n              miibus0\n                rgephy0\n        pcib2\n          pci2\n        pcib3\n          pci3\n        pcib4\n          pci4\n        uhci0\n          usbus0\n            uhub0\n        uhci1\n          usbus1\n            uhub1\n        uhci2\n          usbus2\n            uhub2\n        uhci3\n          usbus3\n            uhub3\n        ehci0\n          usbus4\n            uhub4\n        pcib5\n          pci5\n        isab0\n          isa0\n            pmtimer0\n            sc0\n            vga0\n            ata0\n            ata1\n        atapci0\n          ata2\n          ata3\n    acpi_sysresource0\n    pci_link0\n    pci_link1\n    pci_link2\n    pci_link3\n    pci_link4\n    pci_link5\n    pci_link6\n    pci_link7\n    atdma0\n    atrtc0\n    atpic0\n    npxisa0\n    attimer0\n    acpi_sysresource1\n    atkbdc0\n      atkbd0\n    uart0\n    uart1\n    hpet0\n    acpi_timer0\n\n********************************* VMSTAT *********************************\n\ninterrupt                          total       rate\nirq1: atkbd0                         700          0\nirq4: uart0                          561          0\nirq19: uhci1+                       1794          0\nirq20: hpet0                      102232         34\nirq256: re0                       122474         40\nTotal                             227761         75\n\n***************************************************************************\nAtom D510MO Board with CAS quad port card\n\n********************************* IFCONFIG *********************************\n\nroot@BSD10:~ # ifconfig \nre0: flags=8843\u003cUP,BROADCAST,RUNNING,SIMPLEX,MULTICAST\u003e metric 0 mtu 1500\n\toptions=8209b\u003cRXCSUM,TXCSUM,VLAN_MTU,VLAN_HWTAGGING,VLAN_HWCSUM,WOL_MAGIC,LINKSTATE\u003e\n\tether 00:27:0e:07:48:a0\n\tinet 192.168.0.187 netmask 0xffffff00 broadcast 192.168.0.255 \n\tnd6 options=29\u003cPERFORMNUD,IFDISABLED,AUTO_LINKLOCAL\u003e\n\tmedia: Ethernet autoselect (100baseTX \u003cfull-duplex\u003e)\n\tstatus: active\ncas0: flags=8802\u003cBROADCAST,SIMPLEX,MULTICAST\u003e metric 0 mtu 1500\n\toptions=b\u003cRXCSUM,TXCSUM,VLAN_MTU\u003e\n\tether 00:03:ba:ff:74:49\n\tnd6 options=29\u003cPERFORMNUD,IFDISABLED,AUTO_LINKLOCAL\u003e\n\tmedia: Ethernet autoselect\ncas1: flags=8802\u003cBROADCAST,SIMPLEX,MULTICAST\u003e metric 0 mtu 1500\n\toptions=b\u003cRXCSUM,TXCSUM,VLAN_MTU\u003e\n\tether 00:03:ba:ff:74:4a\n\tnd6 options=29\u003cPERFORMNUD,IFDISABLED,AUTO_LINKLOCAL\u003e\n\tmedia: Ethernet autoselect\ncas2: flags=8802\u003cBROADCAST,SIMPLEX,MULTICAST\u003e metric 0 mtu 1500\n\toptions=b\u003cRXCSUM,TXCSUM,VLAN_MTU\u003e\n\tether 00:03:ba:ff:74:4b\n\tnd6 options=29\u003cPERFORMNUD,IFDISABLED,AUTO_LINKLOCAL\u003e\n\tmedia: Ethernet autoselect\nlo0: flags=8049\u003cUP,LOOPBACK,RUNNING,MULTICAST\u003e metric 0 mtu 16384\n\toptions=600003\u003cRXCSUM,TXCSUM,RXCSUM_IPV6,TXCSUM_IPV6\u003e\n\tinet6 ::1 prefixlen 128 \n\tinet6 fe80::1%lo0 prefixlen 64 scopeid 0x5 \n\tinet 127.0.0.1 netmask 0xff000000 \n\tnd6 options=21\u003cPERFORMNUD,AUTO_LINKLOCAL\u003e\n\n********************************* DMESG *********************************\n\nCopyright (c) 1992-2014 The FreeBSD Project.\nCopyright (c) 1979, 1980, 1983, 1986, 1988, 1989, 1991, 1992, 1993, 1994\n\tThe Regents of the University of California. All rights reserved.\nFreeBSD is a registered trademark of The FreeBSD Foundation.\nFreeBSD 10.0-RELEASE #0 r260789: Fri Jan 17 01:46:25 UTC 2014\n    root@snap.freebsd.org:/usr/obj/usr/src/sys/GENERIC i386\nFreeBSD clang version 3.3 (tags/RELEASE_33/final 183502) 20130610\nCPU: Intel(R) Atom(TM) CPU D510   @ 1.66GHz (1666.72-MHz 686-class CPU)\n  Origin = \"GenuineIntel\"  Id = 0x106ca  Family = 0x6  Model = 0x1c  Stepping = 10\n  Features=0xbfebfbff\u003cFPU,VME,DE,PSE,TSC,MSR,PAE,MCE,CX8,APIC,SEP,MTRR,PGE,MCA,CMOV,PAT,PSE36,CLFLUSH,DTS,ACPI,MMX,FXSR,SSE,SSE2,SS,HTT,TM,PBE\u003e\n  Features2=0x40e31d\u003cSSE3,DTES64,MON,DS_CPL,TM2,SSSE3,CX16,xTPR,PDCM,MOVBE\u003e\n  AMD Features=0x20100000\u003cNX,LM\u003e\n  AMD Features2=0x1\u003cLAHF\u003e\n  TSC: P-state invariant, performance statistics\nreal memory  = 4294967296 (4096 MB)\navail memory = 3388112896 (3231 MB)\nEvent timer \"LAPIC\" quality 400\nACPI APIC Table: \u003cINTEL  MOPNV10N\u003e\nFreeBSD/SMP: Multiprocessor System Detected: 4 CPUs\nFreeBSD/SMP: 1 package(s) x 2 core(s) x 2 HTT threads\n cpu0 (BSP): APIC ID:  0\n cpu1 (AP/HT): APIC ID:  1\n cpu2 (AP): APIC ID:  2\n cpu3 (AP/HT): APIC ID:  3\nioapic0: Changing APIC ID to 8\nioapic0 \u003cVersion 2.0\u003e irqs 0-23 on motherboard\nlapic0: Forcing LINT1 to edge trigger\nkbd1 at kbdmux0\nrandom: \u003cSoftware, Yarrow\u003e initialized\nacpi0: \u003cINTEL MOPNV10N\u003e on motherboard\nacpi0: Power Button (fixed)\ncpu0: \u003cACPI CPU\u003e on acpi0\ncpu1: \u003cACPI CPU\u003e on acpi0\ncpu2: \u003cACPI CPU\u003e on acpi0\ncpu3: \u003cACPI CPU\u003e on acpi0\natrtc0: \u003cAT realtime clock\u003e port 0x70-0x71,0x74-0x77 irq 8 on acpi0\nEvent timer \"RTC\" frequency 32768 Hz quality 0\nattimer0: \u003cAT timer\u003e port 0x40-0x43,0x50-0x53 irq 0 on acpi0\nTimecounter \"i8254\" frequency 1193182 Hz quality 0\nEvent timer \"i8254\" frequency 1193182 Hz quality 100\nhpet0: \u003cHigh Precision Event Timer\u003e iomem 0xfed00000-0xfed03fff on acpi0\nTimecounter \"HPET\" frequency 14318180 Hz quality 950\nEvent timer \"HPET\" frequency 14318180 Hz quality 450\nEvent timer \"HPET1\" frequency 14318180 Hz quality 440\nEvent timer \"HPET2\" frequency 14318180 Hz quality 440\nTimecounter \"ACPI-safe\" frequency 3579545 Hz quality 850\nacpi_timer0: \u003c24-bit timer at 3.579545MHz\u003e port 0x408-0x40b on acpi0\nacpi_button0: \u003cSleep Button\u003e on acpi0\npcib0: \u003cACPI Host-PCI bridge\u003e port 0xcf8-0xcff on acpi0\npci0: \u003cACPI PCI bus\u003e on pcib0\nvgapci0: \u003cVGA-compatible display\u003e port 0x20c0-0x20c7 mem 0xe0a00000-0xe0a7ffff,0xd0000000-0xdfffffff,0xe0900000-0xe09fffff irq 16 at device 2.0 on pci0\nagp0: \u003cIntel Pineview SVGA controller\u003e on vgapci0\nagp0: aperture size is 256M, detected 8188k stolen memory\nvgapci0: Boot video device\npcib1: \u003cACPI PCI-PCI bridge\u003e at device 28.0 on pci0\npci1: \u003cACPI PCI bus\u003e on pcib1\nre0: \u003cRealTek 8168/8111 B/C/CP/D/DP/E/F/G PCIe Gigabit Ethernet\u003e port 0x1000-0x10ff mem 0xe0804000-0xe0804fff,0xe0800000-0xe0803fff irq 16 at device 0.0 on pci1\nre0: Using 1 MSI-X message\nre0: Chip rev. 0x28000000\nre0: MAC rev. 0x00100000\nmiibus0: \u003cMII bus\u003e on re0\nrgephy0: \u003cRTL8169S/8110S/8211 1000BASE-T media interface\u003e PHY 1 on miibus0\nrgephy0:  none, 10baseT, 10baseT-FDX, 10baseT-FDX-flow, 100baseTX, 100baseTX-FDX, 100baseTX-FDX-flow, 1000baseT, 1000baseT-master, 1000baseT-FDX, 1000baseT-FDX-master, 1000baseT-FDX-flow, 1000baseT-FDX-flow-master, auto, auto-flow\nre0: Ethernet address: 00:27:0e:07:48:a0\npcib2: \u003cACPI PCI-PCI bridge\u003e at device 28.1 on pci0\npci2: \u003cACPI PCI bus\u003e on pcib2\npcib3: \u003cACPI PCI-PCI bridge\u003e at device 28.2 on pci0\npci3: \u003cACPI PCI bus\u003e on pcib3\npcib4: \u003cACPI PCI-PCI bridge\u003e at device 28.3 on pci0\npci4: \u003cACPI PCI bus\u003e on pcib4\nuhci0: \u003cIntel 82801G (ICH7) USB controller USB-A\u003e port 0x2080-0x209f irq 23 at device 29.0 on pci0\nuhci0: LegSup = 0x2f00\nusbus0 on uhci0\nuhci1: \u003cIntel 82801G (ICH7) USB controller USB-B\u003e port 0x2060-0x207f irq 19 at device 29.1 on pci0\nuhci1: LegSup = 0x2f00\nusbus1 on uhci1\nuhci2: \u003cIntel 82801G (ICH7) USB controller USB-C\u003e port 0x2040-0x205f irq 18 at device 29.2 on pci0\nuhci2: LegSup = 0x2f00\nusbus2 on uhci2\nuhci3: \u003cIntel 82801G (ICH7) USB controller USB-D\u003e port 0x2020-0x203f irq 16 at device 29.3 on pci0\nuhci3: LegSup = 0x2f00\nusbus3 on uhci3\nehci0: \u003cIntel 82801GB/R (ICH7) USB 2.0 controller\u003e mem 0xe0a80400-0xe0a807ff irq 23 at device 29.7 on pci0\nusbus4: EHCI version 1.0\nusbus4 on ehci0\npcib5: \u003cACPI PCI-PCI bridge\u003e at device 30.0 on pci0\npcib5: failed to allocate initial memory window: 0xe0000000-0xe07fffff\npci5: \u003cACPI PCI bus\u003e on pcib5\npcib6: \u003cPCI-PCI bridge\u003e at device 0.0 on pci5\npcib6: failed to allocate initial memory window: 0xe0000000-0xe07fffff\npci6: \u003cPCI bus\u003e on pcib6\ncas0: \u003cNS DP83065 Saturn Gigabit Ethernet\u003e mem 0xe0600000-0xe07fffff irq 21 at device 0.0 on pci6\nmiibus1: \u003cMII bus\u003e on cas0\nnsgphy0: \u003cDP83865 1000BASE-T media interface\u003e PHY 1 on miibus1\nnone, 10baseT, 10baseT-FDX, 100baseTX, 100baseTX-FDX, 1000baseT, 1000baseT-master, 1000baseT-FDX, 1000baseT-FDX-master, auto, auto-flow\ncas0: 16kB RX FIFO, 9kB TX FIFO\ncas0: Ethernet address: 00:03:ba:ff:74:49\ncas1: \u003cNS DP83065 Saturn Gigabit Ethernet\u003e mem 0xe0400000-0xe05fffff irq 22 at device 1.0 on pci6\nmiibus2: \u003cMII bus\u003e on cas1\nnsgphy1: \u003cDP83865 1000BASE-T media interface\u003e PHY 1 on miibus2\nnone, 10baseT, 10baseT-FDX, 100baseTX, 100baseTX-FDX, 1000baseT, 1000baseT-master, 1000baseT-FDX, 1000baseT-FDX-master, auto, auto-flow\ncas1: 16kB RX FIFO, 9kB TX FIFO\ncas1: Ethernet address: 00:03:ba:ff:74:4a\ncas2: \u003cNS DP83065 Saturn Gigabit Ethernet\u003e mem 0xe0200000-0xe03fffff irq 23 at device 2.0 on pci6\nmiibus3: \u003cMII bus\u003e on cas2\nnsgphy2: \u003cDP83865 1000BASE-T media interface\u003e PHY 1 on miibus3\nnone, 10baseT, 10baseT-FDX, 100baseTX, 100baseTX-FDX, 1000baseT, 1000baseT-master, 1000baseT-FDX, 1000baseT-FDX-master, auto, auto-flow\ncas2: 16kB RX FIFO, 9kB TX FIFO\ncas2: Ethernet address: 00:03:ba:ff:74:4b\ncas3: \u003cNS DP83065 Saturn Gigabit Ethernet\u003e irq 20 at device 3.0 on pci6\ncas3: 0x200000 bytes of rid 0x10 res 3 failed (0, 0xffffffff).\ncas3: failed to allocate resources\ndevice_attach: cas3 attach returned 6\nisab0: \u003cPCI-ISA bridge\u003e at device 31.0 on pci0\nisa0: \u003cISA bus\u003e on isab0\natapci0: \u003cIntel ICH7 SATA300 controller\u003e port 0x20b8-0x20bf,0x20cc-0x20cf,0x20b0-0x20b7,0x20c8-0x20cb,0x20a0-0x20af mem 0xe0a80000-0xe0a803ff irq 19 at device 31.2 on pci0\nata2: \u003cATA channel\u003e at channel 0 on atapci0\nata3: \u003cATA channel\u003e at channel 1 on atapci0\npci0: \u003cserial bus, SMBus\u003e at device 31.3 (no driver attached)\natkbdc0: \u003cKeyboard controller (i8042)\u003e port 0x60,0x64 irq 1 on acpi0\natkbd0: \u003cAT Keyboard\u003e irq 1 on atkbdc0\nkbd0 at atkbd0\natkbd0: [GIANT-LOCKED]\nuart0: \u003c16550 or compatible\u003e port 0x3f8-0x3ff irq 4 flags 0x10 on acpi0\nuart0: console (9600,n,8,1)\nuart1: \u003c16550 or compatible\u003e port 0x2f8-0x2ff irq 3 on acpi0\npmtimer0 on isa0\nsc0: \u003cSystem console\u003e at flags 0x100 on isa0\nsc0: VGA \u003c16 virtual consoles, flags=0x300\u003e\nvga0: \u003cGeneric ISA VGA\u003e at port 0x3c0-0x3df iomem 0xa0000-0xbffff on isa0\nata0: \u003cATA channel\u003e at port 0x1f0-0x1f7,0x3f6 irq 14 on isa0\nata1: \u003cATA channel\u003e at port 0x170-0x177,0x376 irq 15 on isa0\nppc0: parallel port not found.\np4tcc0: \u003cCPU Frequency Thermal Control\u003e on cpu0\np4tcc1: \u003cCPU Frequency Thermal Control\u003e on cpu1\np4tcc2: \u003cCPU Frequency Thermal Control\u003e on cpu2\np4tcc3: \u003cCPU Frequency Thermal Control\u003e on cpu3\nTimecounters tick every 1.000 msec\nrandom: unblocking device.\nusbus0: 12Mbps Full Speed USB v1.0\nusbus1: 12Mbps Full Speed USB v1.0\nugen0.1: \u003cIntel\u003e at usbus0\nuhub0: \u003cIntel UHCI root HUB, class 9/0, rev 1.00/1.00, addr 1\u003e on usbus0\nugen1.1: \u003cIntel\u003e at usbus1\nuhub1: \u003cIntel UHCI root HUB, class 9/0, rev 1.00/1.00, addr 1\u003e on usbus1\nusbus2: 12Mbps Full Speed USB v1.0\nusbus3: 12Mbps Full Speed USB v1.0\nugen2.1: \u003cIntel\u003e at usbus2\nuhub2: \u003cIntel UHCI root HUB, class 9/0, rev 1.00/1.00, addr 1\u003e on usbus2\nugen3.1: \u003cIntel\u003e at usbus3\nuhub3: \u003cIntel UHCI root HUB, class 9/0, rev 1.00/1.00, addr 1\u003e on usbus3\nusbus4: 480Mbps High Speed USB v2.0\nugen4.1: \u003cIntel\u003e at usbus4\nuhub4: \u003cIntel EHCI root HUB, class 9/0, rev 2.00/1.00, addr 1\u003e on usbus4\nuhub0: 2 ports with 2 removable, self powered\nuhub1: 2 ports with 2 removable, self powered\nuhub2: 2 ports with 2 removable, self powered\nuhub3: 2 ports with 2 removable, self powered\nada0 at ata2 bus 0 scbus0 target 0 lun 0\nada0: \u003cWDC WD800JD-75MSA3 10.01E04\u003e ATA-7 SATA 2.x device\nada0: Serial Number WD-WMAM9ZL59310\nada0: 300.000MB/s transfers (SATA 2.x, UDMA5, PIO 8192bytes)\nada0: 76293MB (156250000 512 byte sectors: 16H 63S/T 16383C)\nada0: Previously was known as ad4\nlapic1: Forcing LINT1 to edge trigger\nSMP: AP CPU #1 Launched!\nlapic3: Forcing LINT1 to edge trigger\nSMP: AP CPU #3 Launched!\nlapic2: Forcing LINT1 to edge trigger\nSMP: AP CPU #2 Launched!\nTimecounter \"TSC\" frequency 1666724320 Hz quality 1000\nRoot mount waiting for: usbus4\nRoot mount waiting for: usbus4\nuhub4: 8 ports with 8 removable, self powered\nTrying to mount root from ufs:/dev/ada0s2a [rw]...\nWARNING: / was not properly dismounted\nre0: link state changed to DOWN\nre0: link state changed to UP\n\n********************************* DEVINFO *********************************\n\nnexus0\n  npx0\n  apic0\n  ram0\n  acpi0\n    cpu0\n      p4tcc0\n      cpufreq0\n    cpu1\n      p4tcc1\n      cpufreq1\n    cpu2\n      p4tcc2\n      cpufreq2\n    cpu3\n      p4tcc3\n      cpufreq3\n    acpi_button0\n    pcib0\n      pci0\n        hostb0\n        vgapci0\n          agp0\n        pcib1\n          pci1\n            re0\n              miibus0\n                rgephy0\n        pcib2\n          pci2\n        pcib3\n          pci3\n        pcib4\n          pci4\n        uhci0\n          usbus0\n            uhub0\n        uhci1\n          usbus1\n            uhub1\n        uhci2\n          usbus2\n            uhub2\n        uhci3\n          usbus3\n            uhub3\n        ehci0\n          usbus4\n            uhub4\n        pcib5\n          pci5\n            pcib6\n              pci6\n                cas0\n                  miibus1\n                    nsgphy0\n                cas1\n                  miibus2\n                    nsgphy1\n                cas2\n                  miibus3\n                    nsgphy2\n        isab0\n          isa0\n            pmtimer0\n            sc0\n            vga0\n            ata0\n            ata1\n        atapci0\n          ata2\n          ata3\n    acpi_sysresource0\n    pci_link0\n    pci_link1\n    pci_link2\n    pci_link3\n    pci_link4\n    pci_link5\n    pci_link6\n    pci_link7\n    atdma0\n    atrtc0\n    atpic0\n    npxisa0\n    attimer0\n    acpi_sysresource1\n    atkbdc0\n      atkbd0\n    uart0\n    uart1\n    hpet0\n    acpi_timer0\n\n********************************* VMSTAT *********************************\n\ninterrupt                          total       rate\nirq1: atkbd0                          75          0\nirq4: uart0                          694          3\nirq19: uhci1+                       2011         10\nirq20: hpet0                       14709         79\nirq256: re0                         7897         42\nTotal                              25386        137\n\n***************************************************************************\nAtom D510MO Board with CAS quad port card runing under SysresCD linux\n\n********************************* IFCONFIG *********************************\n\nroot@sysresccd /root % ifconfig \neth0      Link encap:Ethernet  HWaddr 00:27:0e:07:48:a0  \n          inet6 addr: fe80::227:eff:fe07:48a0/64 Scope:Link\n          UP BROADCAST MULTICAST  MTU:1500  Metric:1\n          RX packets:27299 errors:0 dropped:0 overruns:0 frame:0\n          TX packets:8 errors:0 dropped:0 overruns:0 carrier:0\n          collisions:0 txqueuelen:1000 \n          RX bytes:1855569 (1.7 MiB)  TX bytes:1152 (1.1 KiB)\n          Interrupt:44 \n\neth1      Link encap:Ethernet  HWaddr 00:03:ba:ff:74:49  \n          inet addr:192.168.0.84  Bcast:192.168.0.255  Mask:255.255.255.0\n          inet6 addr: fe80::203:baff:feff:7449/64 Scope:Link\n          UP BROADCAST RUNNING MULTICAST  MTU:1500  Metric:1\n          RX packets:2838 errors:0 dropped:0 overruns:0 frame:0\n          TX packets:61 errors:0 dropped:0 overruns:0 carrier:0\n          collisions:0 txqueuelen:1000 \n          RX bytes:194514 (189.9 KiB)  TX bytes:8981 (8.7 KiB)\n          Interrupt:21 \n\neth2      Link encap:Ethernet  HWaddr 00:03:ba:ff:74:4a  \n          UP BROADCAST RUNNING MULTICAST  MTU:1500  Metric:1\n          RX packets:0 errors:0 dropped:0 overruns:0 frame:0\n          TX packets:0 errors:0 dropped:0 overruns:0 carrier:0\n          collisions:0 txqueuelen:1000 \n          RX bytes:0 (0.0 B)  TX bytes:0 (0.0 B)\n          Interrupt:22 \n\neth3      Link encap:Ethernet  HWaddr 00:03:ba:ff:74:4b  \n          UP BROADCAST RUNNING MULTICAST  MTU:1500  Metric:1\n          RX packets:0 errors:0 dropped:0 overruns:0 frame:0\n          TX packets:0 errors:0 dropped:0 overruns:0 carrier:0\n          collisions:0 txqueuelen:1000 \n          RX bytes:0 (0.0 B)  TX bytes:0 (0.0 B)\n          Interrupt:23 \n\neth4      Link encap:Ethernet  HWaddr 00:03:ba:ff:74:4c  \n          inet6 addr: fe80::203:baff:feff:744c/64 Scope:Link\n          UP BROADCAST MULTICAST  MTU:1500  Metric:1\n          RX packets:204 errors:0 dropped:0 overruns:0 frame:0\n          TX packets:8 errors:0 dropped:0 overruns:0 carrier:0\n          collisions:0 txqueuelen:1000 \n          RX bytes:14428 (14.0 KiB)  TX bytes:1152 (1.1 KiB)\n          Interrupt:20 \n\nlo        Link encap:Local Loopback  \n          inet addr:127.0.0.1  Mask:255.0.0.0\n          inet6 addr: ::1/128 Scope:Host\n          UP LOOPBACK RUNNING  MTU:16436  Metric:1\n          RX packets:0 errors:0 dropped:0 overruns:0 frame:0\n          TX packets:0 errors:0 dropped:0 overruns:0 carrier:0\n          collisions:0 txqueuelen:0 \n          RX bytes:0 (0.0 B)  TX bytes:0 (0.0 B)\n\n********************************* DMESG *********************************\n\nroot@sysresccd /root % dmesg\n[    0.000000] Initializing cgroup subsys cpuset\n[    0.000000] Initializing cgroup subsys cpu\n[    0.000000] Linux version 3.0.29-std260-i586 (root@catalyst) (gcc version 4.4.6 (Gentoo 4.4.6-r1 p1.0, pie-0.4.5) ) #2 SMP Mon Apr 23 18:26:37 UTC 2012\n[    0.000000] BIOS-provided physical RAM map:\n[    0.000000]  BIOS-e820: 0000000000000000 - 000000000008f000 (usable)\n[    0.000000]  BIOS-e820: 000000000008f000 - 0000000000090000 (reserved)\n[    0.000000]  BIOS-e820: 0000000000090000 - 000000000009ec00 (usable)\n[    0.000000]  BIOS-e820: 000000000009ec00 - 00000000000a0000 (reserved)\n[    0.000000]  BIOS-e820: 00000000000e0000 - 0000000000100000 (reserved)\n[    0.000000]  BIOS-e820: 0000000000100000 - 00000000cee98000 (usable)\n[    0.000000]  BIOS-e820: 00000000cee98000 - 00000000ceebf000 (reserved)\n[    0.000000]  BIOS-e820: 00000000ceebf000 - 00000000cef48000 (usable)\n[    0.000000]  BIOS-e820: 00000000cef48000 - 00000000cefbf000 (ACPI NVS)\n[    0.000000]  BIOS-e820: 00000000cefbf000 - 00000000ceff1000 (usable)\n[    0.000000]  BIOS-e820: 00000000ceff1000 - 00000000cefff000 (ACPI data)\n[    0.000000]  BIOS-e820: 00000000cefff000 - 00000000cf000000 (usable)\n[    0.000000]  BIOS-e820: 00000000cf000000 - 00000000d0000000 (reserved)\n[    0.000000]  BIOS-e820: 00000000f8000000 - 00000000fc000000 (reserved)\n[    0.000000]  BIOS-e820: 00000000fff00000 - 0000000100000000 (reserved)\n[    0.000000]  BIOS-e820: 0000000100000000 - 0000000130000000 (usable)\n[    0.000000] Notice: NX (Execute Disable) protection cannot be enabled: non-PAE kernel!\n[    0.000000] DMI 2.5 present.\n[    0.000000] DMI:                  /D510MO, BIOS MOPNV10N.86A.0516.2011.0331.1730 03/31/2011\n[    0.000000] e820 update range: 0000000000000000 - 0000000000010000 (usable) ==\u003e (reserved)\n[    0.000000] e820 remove range: 00000000000a0000 - 0000000000100000 (usable)\n[    0.000000] last_pfn = 0xcf000 max_arch_pfn = 0x100000\n[    0.000000] MTRR default type: uncachable\n[    0.000000] MTRR fixed ranges enabled:\n[    0.000000]   00000-9FFFF write-back\n[    0.000000]   A0000-BFFFF uncachable\n[    0.000000]   C0000-DFFFF write-protect\n[    0.000000]   E0000-FFFFF uncachable\n[    0.000000] MTRR variable ranges enabled:\n[    0.000000]   0 base 000000000 mask F80000000 write-back\n[    0.000000]   1 base 080000000 mask FC0000000 write-back\n[    0.000000]   2 base 0C0000000 mask FF0000000 write-back\n[    0.000000]   3 base 0CF000000 mask FFF000000 uncachable\n[    0.000000]   4 base 100000000 mask FC0000000 write-back\n[    0.000000]   5 base 0FFFF0000 mask FFFFF0000 write-protect\n[    0.000000]   6 disabled\n[    0.000000] x86 PAT enabled: cpu 0, old 0x7040600070406, new 0x7010600070106\n[    0.000000] found SMP MP-table at [c00fbe50] fbe50\n[    0.000000] initial memory mapped : 0 - 01800000\n[    0.000000] Base memory trampoline at [c009a000] 9a000 size 16384\n[    0.000000] init_memory_mapping: 0000000000000000-0000000036ffe000\n[    0.000000]  0000000000 - 0000400000 page 4k\n[    0.000000]  0000400000 - 0036c00000 page 2M\n[    0.000000]  0036c00000 - 0036ffe000 page 4k\n[    0.000000] kernel direct mapping tables up to 36ffe000 @ 17f9000-1800000\n[    0.000000] RAMDISK: 7f7a8000 - 7ffff000\n[    0.000000] Allocated new RAMDISK: 367a7000 - 36ffdb34\n[    0.000000] Move RAMDISK from 000000007f7a8000 - 000000007fffeb33 to 367a7000 - 36ffdb33\n[    0.000000] ACPI: RSDP 000f2060 00024 (v02 INTEL )\n[    0.000000] ACPI: XSDT ceffe120 0004C (v01 INTEL  MOPNV10N 00000204      01000013)\n[    0.000000] ACPI: FACP ceffd000 000F4 (v03 INTEL  MOPNV10N 00000204 MSFT 0100000D)\n[    0.000000] ACPI: DSDT ceff9000 039A7 (v01 INTEL  MOPNV10N 00000204 MSFT 0100000D)\n[    0.000000] ACPI: FACS cef87000 00040\n[    0.000000] ACPI: APIC ceff8000 00084 (v02 INTEL  MOPNV10N 00000204 MSFT 0100000D)\n[    0.000000] ACPI: MCFG ceff7000 0003C (v01 INTEL  MOPNV10N 00000204 MSFT 0100000D)\n[    0.000000] ACPI: HPET ceff6000 00038 (v01 INTEL  MOPNV10N 00000204 MSFT 0100000D)\n[    0.000000] ACPI: SSDT ceff2000 0377C (v01 INTEL  SSDT  PM 00000204 MSFT 0100000D)\n[    0.000000] ACPI: Local APIC address 0xfee00000\n[    0.000000] 2432MB HIGHMEM available.\n[    0.000000] 879MB LOWMEM available.\n[    0.000000]   mapped low ram: 0 - 36ffe000\n[    0.000000]   low ram: 0 - 36ffe000\n[    0.000000] Zone PFN ranges:\n[    0.000000]   DMA      0x00000010 -\u003e 0x00001000\n[    0.000000]   Normal   0x00001000 -\u003e 0x00036ffe\n[    0.000000]   HighMem  0x00036ffe -\u003e 0x000cf000\n[    0.000000] Movable zone start PFN for each node\n[    0.000000] early_node_map[6] active PFN ranges\n[    0.000000]     0: 0x00000010 -\u003e 0x0000008f\n[    0.000000]     0: 0x00000090 -\u003e 0x0000009e\n[    0.000000]     0: 0x00000100 -\u003e 0x000cee98\n[    0.000000]     0: 0x000ceebf -\u003e 0x000cef48\n[    0.000000]     0: 0x000cefbf -\u003e 0x000ceff1\n[    0.000000]     0: 0x000cefff -\u003e 0x000cf000\n[    0.000000] On node 0 totalpages: 847585\n[    0.000000] free_area_init_node: node 0, pgdat c0c70800, node_mem_map f4dc6200\n[    0.000000]   DMA zone: 32 pages used for memmap\n[    0.000000]   DMA zone: 0 pages reserved\n[    0.000000]   DMA zone: 3949 pages, LIFO batch:0\n[    0.000000]   Normal zone: 1728 pages used for memmap\n[    0.000000]   Normal zone: 219454 pages, LIFO batch:31\n[    0.000000]   HighMem zone: 4865 pages used for memmap\n[    0.000000]   HighMem zone: 617557 pages, LIFO batch:31\n[    0.000000] Using APIC driver default\n[    0.000000] ACPI: PM-Timer IO Port: 0x408\n[    0.000000] ACPI: Local APIC address 0xfee00000\n[    0.000000] ACPI: LAPIC (acpi_id[0x01] lapic_id[0x00] enabled)\n[    0.000000] ACPI: LAPIC (acpi_id[0x02] lapic_id[0x01] enabled)\n[    0.000000] ACPI: LAPIC (acpi_id[0x03] lapic_id[0x02] enabled)\n[    0.000000] ACPI: LAPIC (acpi_id[0x04] lapic_id[0x03] enabled)\n[    0.000000] ACPI: LAPIC_NMI (acpi_id[0x01] high level lint[0x1])\n[    0.000000] ACPI: LAPIC_NMI (acpi_id[0x02] high level lint[0x1])\n[    0.000000] ACPI: LAPIC_NMI (acpi_id[0x03] high level lint[0x1])\n[    0.000000] ACPI: LAPIC_NMI (acpi_id[0x04] high level lint[0x1])\n[    0.000000] ACPI: IOAPIC (id[0x08] address[0xfec00000] gsi_base[0])\n[    0.000000] IOAPIC[0]: apic_id 8, version 32, address 0xfec00000, GSI 0-23\n[    0.000000] ACPI: INT_SRC_OVR (bus 0 bus_irq 0 global_irq 2 dfl dfl)\n[    0.000000] ACPI: INT_SRC_OVR (bus 0 bus_irq 9 global_irq 9 high level)\n[    0.000000] ACPI: IRQ0 used by override.\n[    0.000000] ACPI: IRQ2 used by override.\n[    0.000000] ACPI: IRQ9 used by override.\n[    0.000000] Using ACPI (MADT) for SMP configuration information\n[    0.000000] ACPI: HPET id: 0x8086a201 base: 0xfed00000\n[    0.000000] SMP: Allowing 4 CPUs, 0 hotplug CPUs\n[    0.000000] nr_irqs_gsi: 40\n[    0.000000] PM: Registered nosave memory: 000000000008f000 - 0000000000090000\n[    0.000000] PM: Registered nosave memory: 000000000009e000 - 000000000009f000\n[    0.000000] PM: Registered nosave memory: 000000000009f000 - 00000000000a0000\n[    0.000000] PM: Registered nosave memory: 00000000000a0000 - 00000000000e0000\n[    0.000000] PM: Registered nosave memory: 00000000000e0000 - 0000000000100000\n[    0.000000] Allocating PCI resources starting at d0000000 (gap: d0000000:28000000)\n[    0.000000] Booting paravirtualized kernel on bare hardware\n[    0.000000] setup_percpu: NR_CPUS:64 nr_cpumask_bits:64 nr_cpu_ids:4 nr_node_ids:1\n[    0.000000] PERCPU: Embedded 12 pages/cpu @f4800000 s25472 r0 d23680 u1048576\n[    0.000000] pcpu-alloc: s25472 r0 d23680 u1048576 alloc=1*4194304\n[    0.000000] pcpu-alloc: [0] 0 1 2 3 \n[    0.000000] Built 1 zonelists in Zone order, mobility grouping on.  Total pages: 840960\n[    0.000000] Kernel command line: scandelay=5 initrd=initram.igz BOOT_IMAGE=rescuecd \n[    0.000000] PID hash table entries: 4096 (order: 2, 16384 bytes)\n[    0.000000] Dentry cache hash table entries: 131072 (order: 7, 524288 bytes)\n[    0.000000] Inode-cache hash table entries: 65536 (order: 6, 262144 bytes)\n[    0.000000] Initializing CPU#0\n[    0.000000] allocated 13565696 bytes of page_cgroup\n[    0.000000] please try 'cgroup_disable=memory' option if you don't want memory cgroups\n[    0.000000] Initializing HighMem for node 0 (00036ffe:000cf000)\n[    0.000000] Memory: 3325232k/3391488k available (5629k kernel code, 65108k reserved, 3075k data, 6344k init, 2489688k highmem)\n[    0.000000] virtual kernel memory layout:\n[    0.000000]     fixmap  : 0xff574000 - 0xfffff000   (10796 kB)\n[    0.000000]     pkmap   : 0xff000000 - 0xff400000   (4096 kB)\n[    0.000000]     vmalloc : 0xf77fe000 - 0xfeffe000   ( 120 MB)\n[    0.000000]     lowmem  : 0xc0000000 - 0xf6ffe000   ( 879 MB)\n[    0.000000]       .init : 0xc0c81000 - 0xc12b3000   (6344 kB)\n[    0.000000]       .data : 0xc097f6f5 - 0xc0c80500   (3075 kB)\n[    0.000000]       .text : 0xc0400000 - 0xc097f6f5   (5629 kB)\n[    0.000000] Checking if this processor honours the WP bit even in supervisor mode...Ok.\n[    0.000000] SLUB: Genslabs=15, HWalign=64, Order=0-3, MinObjects=0, CPUs=4, Nodes=1\n[    0.000000] Hierarchical RCU implementation.\n[    0.000000] \tRCU dyntick-idle grace-period acceleration is enabled.\n[    0.000000] NR_IRQS:2304\n[    0.000000] CPU 0 irqstacks, hard=f3420000 soft=f3422000\n[    0.000000] Extended CMOS year: 2000\n[    0.000000] Console: colour VGA+ 80x25\n[    0.000000] console [tty0] enabled\n[    0.000000] hpet clockevent registered\n[    0.000000] Fast TSC calibration using PIT\n[    0.000000] Detected 1666.691 MHz processor.\n[    0.001006] Calibrating delay loop (skipped), value calculated using timer frequency.. 3333.38 BogoMIPS (lpj=1666691)\n[    0.001260] pid_max: default: 32768 minimum: 301\n[    0.002281] Security Framework initialized\n[    0.002412] SELinux:  Disabled at boot.\n[    0.002673] Mount-cache hash table entries: 512\n[    0.003865] Initializing cgroup subsys cpuacct\n[    0.004098] Initializing cgroup subsys memory\n[    0.004258] Initializing cgroup subsys devices\n[    0.004381] Initializing cgroup subsys freezer\n[    0.004505] Initializing cgroup subsys net_cls\n[    0.004627] Initializing cgroup subsys blkio\n[    0.004760] Initializing cgroup subsys perf_event\n[    0.005027] CPU: Physical Processor ID: 0\n[    0.005147] CPU: Processor Core ID: 0\n[    0.005269] mce: CPU supports 5 MCE banks\n[    0.005399] CPU0: Thermal monitoring enabled (TM1)\n[    0.005523] using mwait in idle threads.\n[    0.007150] ACPI: Core revision 20110413\n[    0.019112] Enabling APIC mode:  Flat.  Using 1 I/O APICs\n[    0.019635] ..TIMER: vector=0x30 apic1=0 pin1=2 apic2=-1 pin2=-1\n[    0.030092] CPU0: Intel(R) Atom(TM) CPU D510   @ 1.66GHz stepping 0a\n[    0.030997] Performance Events: PEBS fmt0+, Atom events, Intel PMU driver.\n[    0.030997] ... version:                3\n[    0.030997] ... bit width:              40\n[    0.030997] ... generic registers:      2\n[    0.030997] ... value mask:             000000ffffffffff\n[    0.030997] ... max period:             000000007fffffff\n[    0.030997] ... fixed-purpose events:   3\n[    0.030997] ... event mask:             0000000700000003\n[    0.031691] NMI watchdog enabled, takes one hw-pmu counter.\n[    0.032238] CPU 1 irqstacks, hard=f34f0000 soft=f34f2000\n[    0.032243] Booting Node   0, Processors  #1\n[    0.032319] smpboot cpu 1: start_ip = 9a000\n[    0.001999] Initializing CPU#1\n[    0.104038] NMI watchdog enabled, takes one hw-pmu counter.\n[    0.104520] CPU 2 irqstacks, hard=f34fe000 soft=f3500000\n[    0.104526]  #2\n[    0.104565] smpboot cpu 2: start_ip = 9a000\n[    0.001999] Initializing CPU#2\n[    0.175981] TSC synchronization [CPU#0 -\u003e CPU#2]:\n[    0.175981] Measured 50 cycles TSC warp between CPUs, turning off TSC clock.\n[    0.175981] Marking TSC unstable due to check_tsc_sync_source failed\n[    0.176014] NMI watchdog enabled, takes one hw-pmu counter.\n[    0.176359] CPU 3 irqstacks, hard=f3514000 soft=f3516000\n[    0.176990]  #3 Ok.\n[    0.177102] smpboot cpu 3: start_ip = 9a000\n[    0.001999] Initializing CPU#3\n[    0.248137] NMI watchdog enabled, takes one hw-pmu counter.\n[    0.248437] Brought up 4 CPUs\n[    0.248558] Total of 4 processors activated (13332.85 BogoMIPS).\n[    0.250327] devtmpfs: initialized\n[    0.251025] PM: Registering ACPI NVS region at cef48000 (487424 bytes)\n[    0.253831] atomic64 test passed for i386+ platform with CX8 and with SSE\n[    0.254025] Time: 19:04:17  Date: 04/22/14\n[    0.254368] NET: Registered protocol family 16\n[    0.254956] ACPI FADT declares the system doesn't support PCIe ASPM, so disable it\n[    0.254979] ACPI: bus type pci registered\n[    0.255488] PCI: MMCONFIG for domain 0000 [bus 00-3f] at [mem 0xf8000000-0xfbffffff] (base 0xf8000000)\n[    0.255707] PCI: MMCONFIG at [mem 0xf8000000-0xfbffffff] reserved in E820\n[    0.255976] PCI: Using MMCONFIG for extended config space\n[    0.256102] PCI: Using configuration type 1 for base access\n[    0.259315] bio: create slab \u003cbio-0\u003e at 0\n[    0.262222] ACPI: EC: Look up EC in DSDT\n[    0.274041] [Firmware Bug]: ACPI: BIOS _OSI(Linux) query ignored\n[    0.276227] ACPI: Interpreter enabled\n[    0.276355] ACPI: (supports S0 S1 S3 S4 S5)\n[    0.276654] ACPI: Using IOAPIC for interrupt routing\n[    0.287960] ACPI: No dock devices found.\n[    0.287974] HEST: Table not found.\n[    0.288096] PCI: Using host bridge windows from ACPI; if necessary, use \"pci=nocrs\" and report a bug\n[    0.288566] ACPI: PCI Root Bridge [PCI0] (domain 0000 [bus 00-3f])\n[    0.289351] pci_root PNP0A03:00: host bridge window [io  0x0000-0x0cf7]\n[    0.289482] pci_root PNP0A03:00: host bridge window [io  0x0d00-0xffff]\n[    0.289613] pci_root PNP0A03:00: host bridge window [mem 0x000a0000-0x000bffff]\n[    0.289973] pci_root PNP0A03:00: host bridge window [mem 0xd0000000-0xf7ffffff]\n[    0.290202] pci 0000:00:00.0: [8086:a000] type 0 class 0x000600\n[    0.290265] pci 0000:00:02.0: [8086:a001] type 0 class 0x000300\n[    0.290281] pci 0000:00:02.0: reg 10: [mem 0xe0a00000-0xe0a7ffff]\n[    0.290292] pci 0000:00:02.0: reg 14: [io  0x20c0-0x20c7]\n[    0.290302] pci 0000:00:02.0: reg 18: [mem 0xd0000000-0xdfffffff pref]\n[    0.290313] pci 0000:00:02.0: reg 1c: [mem 0xe0900000-0xe09fffff]\n[    0.290407] pci 0000:00:1c.0: [8086:27d0] type 1 class 0x000604\n[    0.290517] pci 0000:00:1c.0: PME# supported from D0 D3hot D3cold\n[    0.290526] pci 0000:00:1c.0: PME# disabled\n[    0.290566] pci 0000:00:1c.1: [8086:27d2] type 1 class 0x000604\n[    0.290682] pci 0000:00:1c.1: PME# supported from D0 D3hot D3cold\n[    0.290690] pci 0000:00:1c.1: PME# disabled\n[    0.290727] pci 0000:00:1c.2: [8086:27d4] type 1 class 0x000604\n[    0.290839] pci 0000:00:1c.2: PME# supported from D0 D3hot D3cold\n[    0.290848] pci 0000:00:1c.2: PME# disabled\n[    0.290886] pci 0000:00:1c.3: [8086:27d6] type 1 class 0x000604\n[    0.291077] pci 0000:00:1c.3: PME# supported from D0 D3hot D3cold\n[    0.291085] pci 0000:00:1c.3: PME# disabled\n[    0.291126] pci 0000:00:1d.0: [8086:27c8] type 0 class 0x000c03\n[    0.291195] pci 0000:00:1d.0: reg 20: [io  0x2080-0x209f]\n[    0.291257] pci 0000:00:1d.1: [8086:27c9] type 0 class 0x000c03\n[    0.291338] pci 0000:00:1d.1: reg 20: [io  0x2060-0x207f]\n[    0.291402] pci 0000:00:1d.2: [8086:27ca] type 0 class 0x000c03\n[    0.291478] pci 0000:00:1d.2: reg 20: [io  0x2040-0x205f]\n[    0.291538] pci 0000:00:1d.3: [8086:27cb] type 0 class 0x000c03\n[    0.291609] pci 0000:00:1d.3: reg 20: [io  0x2020-0x203f]\n[    0.291680] pci 0000:00:1d.7: [8086:27cc] type 0 class 0x000c03\n[    0.291711] pci 0000:00:1d.7: reg 10: [mem 0xe0a80400-0xe0a807ff]\n[    0.291833] pci 0000:00:1d.7: PME# supported from D0 D3hot D3cold\n[    0.291842] pci 0000:00:1d.7: PME# disabled\n[    0.291874] pci 0000:00:1e.0: [8086:2448] type 1 class 0x000604\n[    0.291987] pci 0000:00:1f.0: [8086:27bc] type 0 class 0x000601\n[    0.292092] pci 0000:00:1f.0: [Firmware Bug]: TigerPoint LPC.BM_STS cleared\n[    0.292292] pci 0000:00:1f.2: [8086:27c0] type 0 class 0x000101\n[    0.292318] pci 0000:00:1f.2: reg 10: [io  0x20b8-0x20bf]\n[    0.292334] pci 0000:00:1f.2: reg 14: [io  0x20cc-0x20cf]\n[    0.292350] pci 0000:00:1f.2: reg 18: [io  0x20b0-0x20b7]\n[    0.292365] pci 0000:00:1f.2: reg 1c: [io  0x20c8-0x20cb]\n[    0.292381] pci 0000:00:1f.2: reg 20: [io  0x20a0-0x20af]\n[    0.292396] pci 0000:00:1f.2: reg 24: [mem 0xe0a80000-0xe0a803ff]\n[    0.292447] pci 0000:00:1f.2: PME# supported from D3hot\n[    0.292456] pci 0000:00:1f.2: PME# disabled\n[    0.292480] pci 0000:00:1f.3: [8086:27da] type 0 class 0x000c05\n[    0.292551] pci 0000:00:1f.3: reg 20: [io  0x2000-0x201f]\n[    0.292694] pci 0000:01:00.0: [10ec:8168] type 0 class 0x000200\n[    0.292723] pci 0000:01:00.0: reg 10: [io  0x1000-0x10ff]\n[    0.292766] pci 0000:01:00.0: reg 18: [mem 0xe0804000-0xe0804fff 64bit pref]\n[    0.292796] pci 0000:01:00.0: reg 20: [mem 0xe0800000-0xe0803fff 64bit pref]\n[    0.292817] pci 0000:01:00.0: reg 30: [mem 0xfffe0000-0xffffffff pref]\n[    0.292915] pci 0000:01:00.0: supports D1 D2\n[    0.292921] pci 0000:01:00.0: PME# supported from D0 D1 D2 D3hot D3cold\n[    0.292931] pci 0000:01:00.0: PME# disabled\n[    0.294998] pci 0000:00:1c.0: PCI bridge to [bus 01-01]\n[    0.295126] pci 0000:00:1c.0:   bridge window [io  0x1000-0x1fff]\n[    0.295137] pci 0000:00:1c.0:   bridge window [mem 0xfff00000-0x000fffff] (disabled)\n[    0.295153] pci 0000:00:1c.0:   bridge window [mem 0xe0800000-0xe08fffff 64bit pref]\n[    0.295221] pci 0000:00:1c.1: PCI bridge to [bus 02-02]\n[    0.295350] pci 0000:00:1c.1:   bridge window [io  0xf000-0x0000] (disabled)\n[    0.295359] pci 0000:00:1c.1:   bridge window [mem 0xfff00000-0x000fffff] (disabled)\n[    0.295371] pci 0000:00:1c.1:   bridge window [mem 0xfff00000-0x000fffff pref] (disabled)\n[    0.295441] pci 0000:00:1c.2: PCI bridge to [bus 03-03]\n[    0.295567] pci 0000:00:1c.2:   bridge window [io  0xf000-0x0000] (disabled)\n[    0.295577] pci 0000:00:1c.2:   bridge window [mem 0xfff00000-0x000fffff] (disabled)\n[    0.295589] pci 0000:00:1c.2:   bridge window [mem 0xfff00000-0x000fffff pref] (disabled)\n[    0.295656] pci 0000:00:1c.3: PCI bridge to [bus 04-04]\n[    0.295785] pci 0000:00:1c.3:   bridge window [io  0xf000-0x0000] (disabled)\n[    0.295795] pci 0000:00:1c.3:   bridge window [mem 0xfff00000-0x000fffff] (disabled)\n[    0.295807] pci 0000:00:1c.3:   bridge window [mem 0xfff00000-0x000fffff pref] (disabled)\n[    0.295870] pci 0000:05:00.0: [8086:537c] type 1 class 0x000604\n[    0.296027] pci 0000:05:00.0: supports D1\n[    0.296102] pci 0000:00:1e.0: PCI bridge to [bus 05-06] (subtractive decode)\n[    0.296240] pci 0000:00:1e.0:   bridge window [io  0xf000-0x0000] (disabled)\n[    0.296250] pci 0000:00:1e.0:   bridge window [mem 0xe0000000-0xe07fffff]\n[    0.296261] pci 0000:00:1e.0:   bridge window [mem 0xfff00000-0x000fffff pref] (disabled)\n[    0.296269] pci 0000:00:1e.0:   bridge window [io  0x0000-0x0cf7] (subtractive decode)\n[    0.296276] pci 0000:00:1e.0:   bridge window [io  0x0d00-0xffff] (subtractive decode)\n[    0.296283] pci 0000:00:1e.0:   bridge window [mem 0x000a0000-0x000bffff] (subtractive decode)\n[    0.296290] pci 0000:00:1e.0:   bridge window [mem 0xd0000000-0xf7ffffff] (subtractive decode)\n[    0.296368] pci 0000:06:00.0: [100b:0035] type 0 class 0x000200\n[    0.296399] pci 0000:06:00.0: reg 10: [mem 0xe0600000-0xe07fffff]\n[    0.296497] pci 0000:06:00.0: reg 30: [mem 0xfff00000-0xffffffff pref]\n[    0.296540] pci 0000:06:01.0: [100b:0035] type 0 class 0x000200\n[    0.296569] pci 0000:06:01.0: reg 10: [mem 0xe0400000-0xe05fffff]\n[    0.296670] pci 0000:06:01.0: reg 30: [mem 0xfff00000-0xffffffff pref]\n[    0.296712] pci 0000:06:02.0: [100b:0035] type 0 class 0x000200\n[    0.296743] pci 0000:06:02.0: reg 10: [mem 0xe0200000-0xe03fffff]\n[    0.296842] pci 0000:06:02.0: reg 30: [mem 0xfff00000-0xffffffff pref]\n[    0.296883] pci 0000:06:03.0: [100b:0035] type 0 class 0x000200\n[    0.296913] pci 0000:06:03.0: reg 10: [mem 0xe0000000-0xe01fffff]\n[    0.297025] pci 0000:06:03.0: reg 30: [mem 0xfff00000-0xffffffff pref]\n[    0.297122] pci 0000:05:00.0: PCI bridge to [bus 06-06]\n[    0.297253] pci 0000:05:00.0:   bridge window [io  0xfffff000-0x0000] (disabled)\n[    0.297263] pci 0000:05:00.0:   bridge window [mem 0xe0000000-0xe07fffff]\n[    0.297276] pci 0000:05:00.0:   bridge window [mem 0xfff00000-0x000fffff pref] (disabled)\n[    0.297321] pci_bus 0000:00: on NUMA node 0\n[    0.297330] ACPI: PCI Interrupt Routing Table [\\_SB_.PCI0._PRT]\n[    0.297647] ACPI: PCI Interrupt Routing Table [\\_SB_.PCI0.P32_._PRT]\n[    0.298050] ACPI: PCI Interrupt Routing Table [\\_SB_.PCI0.PEX0._PRT]\n[    0.298178] ACPI: PCI Interrupt Routing Table [\\_SB_.PCI0.PEX1._PRT]\n[    0.298300] ACPI: PCI Interrupt Routing Table [\\_SB_.PCI0.PEX2._PRT]\n[    0.298420] ACPI: PCI Interrupt Routing Table [\\_SB_.PCI0.PEX3._PRT]\n[    0.298602]  pci0000:00: Requesting ACPI _OSC control (0x1d)\n[    0.298733]  pci0000:00: ACPI _OSC request failed (AE_NOT_FOUND), returned control mask: 0x1d\n[    0.298942] ACPI _OSC control for PCIe not granted, disabling ASPM\n[    0.307686] ACPI: PCI Interrupt Link [LNKA] (IRQs 3 4 5 7 9 10 *11 12)\n[    0.308249] ACPI: PCI Interrupt Link [LNKB] (IRQs 3 4 5 7 9 10 11 12) *0, disabled.\n[    0.308928] ACPI: PCI Interrupt Link [LNKC] (IRQs 3 4 5 7 9 10 *11 12)\n[    0.309464] ACPI: PCI Interrupt Link [LNKD] (IRQs 3 4 5 7 9 *10 11 12)\n[    0.310045] ACPI: PCI Interrupt Link [LNKE] (IRQs 3 4 5 7 9 10 *11 12)\n[    0.310587] ACPI: PCI Interrupt Link [LNKF] (IRQs 3 4 5 7 *9 10 11 12)\n[    0.311114] ACPI: PCI Interrupt Link [LNKG] (IRQs 3 4 5 7 9 *10 11 12)\n[    0.311659] ACPI: PCI Interrupt Link [LNKH] (IRQs 3 4 5 7 *9 10 11 12)\n[    0.312284] vgaarb: device added: PCI:0000:00:02.0,decodes=io+mem,owns=io+mem,locks=none\n[    0.312519] vgaarb: loaded\n[    0.312635] vgaarb: bridge control possible 0000:00:02.0\n[    0.313092] SCSI subsystem initialized\n[    0.313271] libata version 3.00 loaded.\n[    0.313271] usbcore: registered new interface driver usbfs\n[    0.313304] usbcore: registered new interface driver hub\n[    0.313441] usbcore: registered new device driver usb\n[    0.314098] PCI: Using ACPI for IRQ routing\n[    0.316256] PCI: pci_cache_line_size set to 64 bytes\n[    0.316400] reserve RAM buffer: 000000000008f000 - 000000000008ffff \n[    0.316407] reserve RAM buffer: 000000000009ec00 - 000000000009ffff \n[    0.316413] reserve RAM buffer: 00000000cee98000 - 00000000cfffffff \n[    0.316421] reserve RAM buffer: 00000000cef48000 - 00000000cfffffff \n[    0.316427] reserve RAM buffer: 00000000ceff1000 - 00000000cfffffff \n[    0.316433] reserve RAM buffer: 00000000cf000000 - 00000000cfffffff \n[    0.316720] NetLabel: Initializing\n[    0.316841] NetLabel:  domain hash size = 128\n[    0.316968] NetLabel:  protocols = UNLABELED CIPSOv4\n[    0.317111] NetLabel:  unlabeled traffic allowed by default\n[    0.317248] HPET: 3 timers in total, 0 timers will be used for per-cpu timer\n[    0.317384] hpet0: at MMIO 0xfed00000, IRQs 2, 8, 0\n[    0.317619] hpet0: 3 comparators, 64-bit 14.318180 MHz counter\n[    0.320995] Switching to clocksource hpet\n[    0.321218] Switched to NOHz mode on CPU #2\n[    0.321546] Switched to NOHz mode on CPU #0\n[    0.321710] Switched to NOHz mode on CPU #1\n[    0.321717] Switched to NOHz mode on CPU #3\n[    0.340578] pnp: PnP ACPI init\n[    0.340731] ACPI: bus type pnp registered\n[    0.341197] pnp 00:00: [bus 00-3f]\n[    0.341205] pnp 00:00: [io  0x0cf8-0x0cff]\n[    0.341217] pnp 00:00: [io  0x0000-0x0cf7 window]\n[    0.341223] pnp 00:00: [io  0x0d00-0xffff window]\n[    0.341230] pnp 00:00: [mem 0x000a0000-0x000bffff window]\n[    0.341236] pnp 00:00: [mem 0xd0000000-0xf7ffffff window]\n[    0.341346] pnp 00:00: Plug and Play ACPI device, IDs PNP0a03 (active)\n[    0.341395] pnp 00:01: [mem 0xf8000000-0xfbffffff]\n[    0.341402] pnp 00:01: [mem 0xfed14000-0xfed17fff]\n[    0.341408] pnp 00:01: [mem 0xfed18000-0xfed18fff]\n[    0.341414] pnp 00:01: [mem 0xfed19000-0xfed19fff]\n[    0.341420] pnp 00:01: [mem 0xfed1c000-0xfed1ffff]\n[    0.341426] pnp 00:01: [mem 0x000c0000-0x000dffff]\n[    0.341432] pnp 00:01: [mem 0x000e0000-0x000fffff]\n[    0.341438] pnp 00:01: [mem 0xfff00000-0xffffffff]\n[    0.341549] system 00:01: [mem 0xf8000000-0xfbffffff] has been reserved\n[    0.341684] system 00:01: [mem 0xfed14000-0xfed17fff] has been reserved\n[    0.341815] system 00:01: [mem 0xfed18000-0xfed18fff] has been reserved\n[    0.341948] system 00:01: [mem 0xfed19000-0xfed19fff] has been reserved\n[    0.342104] system 00:01: [mem 0xfed1c000-0xfed1ffff] has been reserved\n[    0.342238] system 00:01: [mem 0x000c0000-0x000dffff] could not be reserved\n[    0.342373] system 00:01: [mem 0x000e0000-0x000fffff] could not be reserved\n[    0.342508] system 00:01: [mem 0xfff00000-0xffffffff] has been reserved\n[    0.342638] system 00:01: Plug and Play ACPI device, IDs PNP0c02 (active)\n[    0.342953] pnp 00:02: [io  0x0000-0x000f]\n[    0.342960] pnp 00:02: [io  0x0081-0x0083]\n[    0.342966] pnp 00:02: [io  0x0087]\n[    0.342971] pnp 00:02: [io  0x0089-0x008b]\n[    0.342977] pnp 00:02: [io  0x008f]\n[    0.342982] pnp 00:02: [io  0x00c0-0x00df]\n[    0.342988] pnp 00:02: [dma 4]\n[    0.343072] pnp 00:02: Plug and Play ACPI device, IDs PNP0200 (active)\n[    0.343100] pnp 00:03: [io  0x0070-0x0071]\n[    0.343106] pnp 00:03: [io  0x0074-0x0077]\n[    0.343124] pnp 00:03: [irq 8]\n[    0.343192] pnp 00:03: Plug and Play ACPI device, IDs PNP0b00 (active)\n[    0.343223] pnp 00:04: [io  0x00f0]\n[    0.343235] pnp 00:04: [irq 13]\n[    0.343298] pnp 00:04: Plug and Play ACPI device, IDs PNP0c04 (active)\n[    0.343328] pnp 00:05: [io  0x0061]\n[    0.343395] pnp 00:05: Plug and Play ACPI device, IDs PNP0800 (active)\n[    0.343426] pnp 00:06: [io  0x0500-0x053f]\n[    0.343432] pnp 00:06: [io  0x0400-0x047f]\n[    0.343437] pnp 00:06: [io  0x0092]\n[    0.343443] pnp 00:06: [io  0x0680-0x06ff]\n[    0.343448] pnp 00:06: [io  0x0010-0x001f]\n[    0.343454] pnp 00:06: [io  0x0072-0x0073]\n[    0.343459] pnp 00:06: [io  0x0080]\n[    0.343464] pnp 00:06: [io  0x0084-0x0086]\n[    0.343470] pnp 00:06: [io  0x0088]\n[    0.343475] pnp 00:06: [io  0x008c-0x008e]\n[    0.343481] pnp 00:06: [io  0x0090-0x009f]\n[    0.343486] pnp 00:06: [io  0x0295-0x0296]\n[    0.343595] system 00:06: [io  0x0500-0x053f] has been reserved\n[    0.343722] system 00:06: [io  0x0400-0x047f] has been reserved\n[    0.343850] system 00:06: [io  0x0680-0x06ff] has been reserved\n[    0.343977] system 00:06: [io  0x0295-0x0296] has been reserved\n[    0.344124] system 00:06: Plug and Play ACPI device, IDs PNP0c02 (active)\n[    0.344247] pnp 00:07: [io  0x0060]\n[    0.344253] pnp 00:07: [io  0x0064]\n[    0.344265] pnp 00:07: [irq 1]\n[    0.344353] pnp 00:07: Plug and Play ACPI device, IDs PNP0303 PNP030b (active)\n[    0.344905] pnp 00:08: [io  0x03f8-0x03ff]\n[    0.344918] pnp 00:08: [irq 4]\n[    0.345110] pnp 00:08: Plug and Play ACPI device, IDs PNP0501 (active)\n[    0.345431] pnp 00:09: [io  0x02f8-0x02ff]\n[    0.345444] pnp 00:09: [irq 3]\n[    0.345615] pnp 00:09: Plug and Play ACPI device, IDs PNP0501 (active)\n[    0.345674] pnp 00:0a: [mem 0xfec00000-0xfec000ff]\n[    0.345751] pnp 00:0a: Plug and Play ACPI device, IDs PNP0003 (active)\n[    0.345857] pnp 00:0b: [mem 0xfed00000-0xfed03fff]\n[    0.345937] pnp 00:0b: Plug and Play ACPI device, IDs PNP0103 (active)\n[    0.345961] pnp: PnP ACPI: found 12 devices\n[    0.346102] ACPI: ACPI bus type pnp unregistered\n[    0.385245] pci 0000:01:00.0: no compatible bridge window for [mem 0xfffe0000-0xffffffff pref]\n[    0.385470] pci 0000:06:00.0: no compatible bridge window for [mem 0xfff00000-0xffffffff pref]\n[    0.385684] pci 0000:06:01.0: no compatible bridge window for [mem 0xfff00000-0xffffffff pref]\n[    0.385899] pci 0000:06:02.0: no compatible bridge window for [mem 0xfff00000-0xffffffff pref]\n[    0.386131] pci 0000:06:03.0: no compatible bridge window for [mem 0xfff00000-0xffffffff pref]\n[    0.386346] PCI: max bus depth: 2 pci_try_num: 3\n[    0.386431] pci 0000:00:1c.0: BAR 14: assigned [mem 0xe0b00000-0xe0bfffff]\n[    0.386567] pci 0000:00:1e.0: BAR 15: assigned [mem 0xe0c00000-0xe0ffffff pref]\n[    0.386779] pci 0000:00:1c.3: BAR 14: assigned [mem 0xe1000000-0xe11fffff]\n[    0.386914] pci 0000:00:1c.3: BAR 15: assigned [mem 0xe1200000-0xe13fffff 64bit pref]\n[    0.387148] pci 0000:00:1c.3: BAR 13: assigned [io  0x3000-0x3fff]\n[    0.387283] pci 0000:00:1c.2: BAR 14: assigned [mem 0xe1400000-0xe15fffff]\n[    0.387421] pci 0000:00:1c.2: BAR 15: assigned [mem 0xe1600000-0xe17fffff 64bit pref]\n[    0.387637] pci 0000:00:1c.2: BAR 13: assigned [io  0x4000-0x4fff]\n[    0.387769] pci 0000:00:1c.1: BAR 14: assigned [mem 0xe1800000-0xe19fffff]\n[    0.387906] pci 0000:00:1c.1: BAR 15: assigned [mem 0xe1a00000-0xe1bfffff 64bit pref]\n[    0.388132] pci 0000:00:1c.1: BAR 13: assigned [io  0x5000-0x5fff]\n[    0.388267] pci 0000:01:00.0: BAR 6: assigned [mem 0xe0820000-0xe083ffff pref]\n[    0.388477] pci 0000:00:1c.0: PCI bridge to [bus 01-01]\n[    0.388603] pci 0000:00:1c.0:   bridge window [io  0x1000-0x1fff]\n[    0.388735] pci 0000:00:1c.0:   bridge window [mem 0xe0b00000-0xe0bfffff]\n[    0.388869] pci 0000:00:1c.0:   bridge window [mem 0xe0800000-0xe08fffff 64bit pref]\n[    0.389101] pci 0000:00:1c.1: PCI bridge to [bus 02-02]\n[    0.389229] pci 0000:00:1c.1:   bridge window [io  0x5000-0x5fff]\n[    0.389362] pci 0000:00:1c.1:   bridge window [mem 0xe1800000-0xe19fffff]\n[    0.389498] pci 0000:00:1c.1:   bridge window [mem 0xe1a00000-0xe1bfffff 64bit pref]\n[    0.389716] pci 0000:00:1c.2: PCI bridge to [bus 03-03]\n[    0.389844] pci 0000:00:1c.2:   bridge window [io  0x4000-0x4fff]\n[    0.389978] pci 0000:00:1c.2:   bridge window [mem 0xe1400000-0xe15fffff]\n[    0.390126] pci 0000:00:1c.2:   bridge window [mem 0xe1600000-0xe17fffff 64bit pref]\n[    0.390346] pci 0000:00:1c.3: PCI bridge to [bus 04-04]\n[    0.390476] pci 0000:00:1c.3:   bridge window [io  0x3000-0x3fff]\n[    0.390609] pci 0000:00:1c.3:   bridge window [mem 0xe1000000-0xe11fffff]\n[    0.390742] pci 0000:00:1c.3:   bridge window [mem 0xe1200000-0xe13fffff 64bit pref]\n[    0.390964] pci 0000:05:00.0: BAR 15: assigned [mem 0xe0c00000-0xe0ffffff pref]\n[    0.391197] pci 0000:06:00.0: BAR 6: assigned [mem 0xe0c00000-0xe0cfffff pref]\n[    0.391410] pci 0000:06:01.0: BAR 6: assigned [mem 0xe0d00000-0xe0dfffff pref]\n[    0.391622] pci 0000:06:02.0: BAR 6: assigned [mem 0xe0e00000-0xe0efffff pref]\n[    0.391835] pci 0000:06:03.0: BAR 6: assigned [mem 0xe0f00000-0xe0ffffff pref]\n[    0.392063] pci 0000:05:00.0: PCI bridge to [bus 06-06]\n[    0.392190] pci 0000:05:00.0:   bridge window [io  disabled]\n[    0.392323] pci 0000:05:00.0:   bridge window [mem 0xe0000000-0xe07fffff]\n[    0.392460] pci 0000:05:00.0:   bridge window [mem 0xe0c00000-0xe0ffffff pref]\n[    0.392676] pci 0000:00:1e.0: PCI bridge to [bus 05-06]\n[    0.392800] pci 0000:00:1e.0:   bridge window [io  disabled]\n[    0.392932] pci 0000:00:1e.0:   bridge window [mem 0xe0000000-0xe07fffff]\n[    0.393081] pci 0000:00:1e.0:   bridge window [mem 0xe0c00000-0xe0ffffff pref]\n[    0.393322] pci 0000:00:1c.0: PCI INT A -\u003e GSI 17 (level, low) -\u003e IRQ 17\n[    0.393459] pci 0000:00:1c.0: setting latency timer to 64\n[    0.393471] pci 0000:00:1c.1: enabling device (0000 -\u003e 0003)\n[    0.393606] pci 0000:00:1c.1: PCI INT B -\u003e GSI 16 (level, low) -\u003e IRQ 16\n[    0.393740] pci 0000:00:1c.1: setting latency timer to 64\n[    0.393752] pci 0000:00:1c.2: enabling device (0000 -\u003e 0003)\n[    0.393888] pci 0000:00:1c.2: PCI INT C -\u003e GSI 18 (level, low) -\u003e IRQ 18\n[    0.394039] pci 0000:00:1c.2: setting latency timer to 64\n[    0.394051] pci 0000:00:1c.3: enabling device (0000 -\u003e 0003)\n[    0.394185] pci 0000:00:1c.3: PCI INT D -\u003e GSI 19 (level, low) -\u003e IRQ 19\n[    0.394320] pci 0000:00:1c.3: setting latency timer to 64\n[    0.394333] pci 0000:00:1e.0: setting latency timer to 64\n[    0.394350] pci_bus 0000:00: resource 4 [io  0x0000-0x0cf7]\n[    0.394356] pci_bus 0000:00: resource 5 [io  0x0d00-0xffff]\n[    0.394363] pci_bus 0000:00: resource 6 [mem 0x000a0000-0x000bffff]\n[    0.394369] pci_bus 0000:00: resource 7 [mem 0xd0000000-0xf7ffffff]\n[    0.394376] pci_bus 0000:01: resource 0 [io  0x1000-0x1fff]\n[    0.394382] pci_bus 0000:01: resource 1 [mem 0xe0b00000-0xe0bfffff]\n[    0.394390] pci_bus 0000:01: resource 2 [mem 0xe0800000-0xe08fffff 64bit pref]\n[    0.394397] pci_bus 0000:02: resource 0 [io  0x5000-0x5fff]\n[    0.394403] pci_bus 0000:02: resource 1 [mem 0xe1800000-0xe19fffff]\n[    0.394410] pci_bus 0000:02: resource 2 [mem 0xe1a00000-0xe1bfffff 64bit pref]\n[    0.394417] pci_bus 0000:03: resource 0 [io  0x4000-0x4fff]\n[    0.394424] pci_bus 0000:03: resource 1 [mem 0xe1400000-0xe15fffff]\n[    0.394431] pci_bus 0000:03: resource 2 [mem 0xe1600000-0xe17fffff 64bit pref]\n[    0.394438] pci_bus 0000:04: resource 0 [io  0x3000-0x3fff]\n[    0.394444] pci_bus 0000:04: resource 1 [mem 0xe1000000-0xe11fffff]\n[    0.394451] pci_bus 0000:04: resource 2 [mem 0xe1200000-0xe13fffff 64bit pref]\n[    0.394458] pci_bus 0000:05: resource 1 [mem 0xe0000000-0xe07fffff]\n[    0.394465] pci_bus 0000:05: resource 2 [mem 0xe0c00000-0xe0ffffff pref]\n[    0.394472] pci_bus 0000:05: resource 4 [io  0x0000-0x0cf7]\n[    0.394478] pci_bus 0000:05: resource 5 [io  0x0d00-0xffff]\n[    0.394485] pci_bus 0000:05: resource 6 [mem 0x000a0000-0x000bffff]\n[    0.394492] pci_bus 0000:05: resource 7 [mem 0xd0000000-0xf7ffffff]\n[    0.394499] pci_bus 0000:06: resource 1 [mem 0xe0000000-0xe07fffff]\n[    0.394505] pci_bus 0000:06: resource 2 [mem 0xe0c00000-0xe0ffffff pref]\n[    0.394684] NET: Registered protocol family 2\n[    0.394993] IP route cache hash table entries: 32768 (order: 5, 131072 bytes)\n[    0.395512] TCP established hash table entries: 131072 (order: 8, 1048576 bytes)\n[    0.396700] TCP bind hash table entries: 65536 (order: 7, 524288 bytes)\n[    0.397305] TCP: Hash tables configured (established 131072 bind 65536)\n[    0.397443] TCP reno registered\n[    0.397570] UDP hash table entries: 512 (order: 2, 16384 bytes)\n[    0.397710] UDP-Lite hash table entries: 512 (order: 2, 16384 bytes)\n[    0.398484] NET: Registered protocol family 1\n[    0.398897] RPC: Registered named UNIX socket transport module.\n[    0.399054] RPC: Registered udp transport module.\n[    0.399178] RPC: Registered tcp transport module.\n[    0.399302] RPC: Registered tcp NFSv4.1 backchannel transport module.\n[    0.399448] pci 0000:00:02.0: Boot video device\n[    0.399496] pci 0000:00:1d.0: PCI INT A -\u003e GSI 23 (level, low) -\u003e IRQ 23\n[    0.399645] pci 0000:00:1d.0: PCI INT A disabled\n[    0.399775] pci 0000:00:1d.1: PCI INT B -\u003e GSI 19 (level, low) -\u003e IRQ 19\n[    0.399921] pci 0000:00:1d.1: PCI INT B disabled\n[    0.400070] pci 0000:00:1d.2: PCI INT C -\u003e GSI 18 (level, low) -\u003e IRQ 18\n[    0.400217] pci 0000:00:1d.2: PCI INT C disabled\n[    0.400347] pci 0000:00:1d.3: PCI INT D -\u003e GSI 16 (level, low) -\u003e IRQ 16\n[    0.400492] pci 0000:00:1d.3: PCI INT D disabled\n[    0.400615] pci 0000:00:1d.7: PCI INT A -\u003e GSI 23 (level, low) -\u003e IRQ 23\n[    0.415051] pci 0000:00:1d.7: PCI INT A disabled\n[    0.415210] PCI: CLS 64 bytes, default 64\n[    1.627249] Trying to unpack rootfs image as initramfs...\n[    3.707024] Freeing initrd memory: 8540k freed\n[    3.714818] apm: BIOS not found.\n[    3.715165] Intel AES-NI instructions are not detected.\n[    3.715663] audit: initializing netlink socket (disabled)\n[    3.715804] type=2000 audit(1398193460.714:1): initialized\n[    3.784378] highmem bounce pool size: 64 pages\n[    3.784501] HugeTLB registered 4 MB page size, pre-allocated 0 pages\n[    3.803503] VFS: Disk quotas dquot_6.5.2\n[    3.803988] Dquot-cache hash table entries: 1024 (order 0, 4096 bytes)\n[    3.805960] squashfs: version 4.0 (2009/01/31) Phillip Lougher\n[    3.807116] nfs4filelayout_init: NFSv4 File Layout Driver Registering...\n[    3.807241] NTFS driver 2.1.30 [Flags: R/O].\n[    3.807706] fuse init (API version 7.16)\n[    3.808434] JFS: nTxBlock = 8192, nTxLock = 65536\n[    3.812478] SGI XFS with ACLs, security attributes, realtime, large block/inode numbers, no debug enabled\n[    3.814371] SGI XFS Quota Management subsystem\n[    3.815198] Btrfs loaded\n[    3.815717] aufs 3.0-20120402\n[    3.815832] msgmni has been set to 1648\n[    3.816934] alg: No test for stdrng (krng)\n[    3.819199] NET: Registered protocol family 38\n[    3.819386] Block layer SCSI generic (bsg) driver version 0.4 loaded (major 253)\n[    3.819693] io scheduler noop registered\n[    3.819808] io scheduler deadline registered\n[    3.819971] io scheduler cfq registered (default)\n[    3.820327] pcieport 0000:00:1c.0: setting latency timer to 64\n[    3.820398] pcieport 0000:00:1c.0: irq 40 for MSI/MSI-X\n[    3.820518] pcieport 0000:00:1c.1: setting latency timer to 64\n[    3.820580] pcieport 0000:00:1c.1: irq 41 for MSI/MSI-X\n[    3.820689] pcieport 0000:00:1c.2: setting latency timer to 64\n[    3.820750] pcieport 0000:00:1c.2: irq 42 for MSI/MSI-X\n[    3.820864] pcieport 0000:00:1c.3: setting latency timer to 64\n[    3.820925] pcieport 0000:00:1c.3: irq 43 for MSI/MSI-X\n[    3.821130] pci_hotplug: PCI Hot Plug PCI Core version: 0.5\n[    3.821332] pciehp: PCI Express Hot Plug Controller Driver version: 0.4\n[    3.821451] acpiphp: ACPI Hot Plug PCI Controller Driver version: 0.5\n[    3.822154] intel_idle: MWAIT substates: 0x10\n[    3.822179] intel_idle: v0.4 model 0x1C\n[    3.822184] intel_idle: lapic_timer_reliable_states 0x2\n[    3.822428] input: Sleep Button as /devices/LNXSYSTM:00/device:00/PNP0C0E:00/input/input0\n[    3.822632] ACPI: Sleep Button [SLPB]\n[    3.822879] input: Power Button as /devices/LNXSYSTM:00/LNXPWRBN:00/input/input1\n[    3.823104] ACPI: Power Button [PWRF]\n[    3.823478] ACPI: acpi_idle yielding to intel_idle\n[    3.827263] ERST: Table is not found!\n[    3.827460] isapnp: Scanning for PnP cards...\n[    4.184128] isapnp: No Plug \u0026 Play device found\n[    4.184418] Serial: 8250/16550 driver, 32 ports, IRQ sharing enabled\n[    4.205263] serial8250: ttyS0 at I/O 0x3f8 (irq = 4) is a 16550A\n[    4.234694] serial8250: ttyS1 at I/O 0x2f8 (irq = 3) is a 16550A\n[    4.307740] 00:08: ttyS0 at I/O 0x3f8 (irq = 4) is a 16550A\n[    4.328829] 00:09: ttyS1 at I/O 0x2f8 (irq = 3) is a 16550A\n[    4.329711] Non-volatile memory driver v1.3\n[    4.329827] Linux agpgart interface v0.103\n[    4.330212] agpgart-intel 0000:00:00.0: Intel GMA3150 Chipset\n[    4.330638] agpgart-intel 0000:00:00.0: detected gtt size: 524288K total, 262144K mappable\n[    4.331253] agpgart-intel 0000:00:00.0: detected 8192K stolen memory\n[    4.331602] agpgart-intel 0000:00:00.0: AGP aperture is 256M @ 0xd0000000\n[    4.336236] brd: module loaded\n[    4.337724] loop: AES key scrubbing enabled\n[    4.337837] loop: loaded (max 8 devices)\n[    4.338210] ata_piix 0000:00:1f.2: version 2.13\n[    4.338237] ata_piix 0000:00:1f.2: PCI INT B -\u003e GSI 19 (level, low) -\u003e IRQ 19\n[    4.338363] ata_piix 0000:00:1f.2: MAP [ P0 P2 P1 P3 ]\n[    4.489080] ata_piix 0000:00:1f.2: setting latency timer to 64\n[    4.489776] scsi0 : ata_piix\n[    4.490166] scsi1 : ata_piix\n[    4.490649] ata1: SATA max UDMA/133 cmd 0x20b8 ctl 0x20cc bmdma 0x20a0 irq 19\n[    4.490772] ata2: SATA max UDMA/133 cmd 0x20b0 ctl 0x20c8 bmdma 0x20a8 irq 19\n[    4.491093] Fixed MDIO"
}