{
 "id": 548227,
 "bug_id": 144661,
 "attachment_id": 0,
 "creation_time": "2010-03-11T18:10:04Z",
 "creator": "crazyalexnt@inbox.ru",
 "text": "Smplayer (/usr/ports/multimedia/smplayer) unmotivated takes time CPU.\n\ntop\nlast pid:  3636;  load averages:  0.31,  0.17,  0.10                                            up 0+00:32:44  23:06:19\n57 processes:  3 running, 54 sleeping\nCPU 0: 13.5% user,  0.0% nice,  8.2% system,  3.0% interrupt, 75.3% idle\nCPU 1: 28.6% user,  0.0% nice, 66.2% system,  1.1% interrupt,  4.1% idle\nMem: 241M Active, 278M Inact, 136M Wired, 636K Cache, 112M Buf, 1330M Free\nSwap: 4061M Total, 4061M Free\n\n  PID USERNAME    THR PRI NICE   SIZE    RES STATE   C   TIME   WCPU COMMAND\n 3626 alex          2  50    0 34824K 21080K select  0   0:12 59.28% smplayer\n 3627 alex          1  50    0 57848K 45140K nanslp  1   0:01  7.18% mplayer\n 1176 root          1  46    0    99M 58100K select  0   1:29  2.88% Xorg\n....\n\ndmesg\nCopyright (c) 1992-2009 The FreeBSD Project.\nCopyright (c) 1979, 1980, 1983, 1986, 1988, 1989, 1991, 1992, 1993, 1994\n\tThe Regents of the University of California. All rights reserved.\nFreeBSD is a registered trademark of The FreeBSD Foundation.\nFreeBSD 8.0-RELEASE-p2 #0: Wed Feb 24 17:56:34 YEKT 2010\n    alex@crazy1.tagil.net:/usr/src/sys/i386/compile/ALEX_HOME\nTimecounter \"i8254\" frequency 1193182 Hz quality 0\nCPU: AMD Athlon(tm) 64 X2 Dual Core Processor 4000+ (2104.40-MHz 686-class CPU)\n  Origin = \"AuthenticAMD\"  Id = 0x60fb1  Stepping = 1\n  Features=0x178bfbff\u003cFPU,VME,DE,PSE,TSC,MSR,PAE,MCE,CX8,APIC,SEP,MTRR,PGE,MCA,CMOV,PAT,PSE36,CLFLUSH,MMX,FXSR,SSE,SSE2,HTT\u003e\n  Features2=0x2001\u003cSSE3,CX16\u003e\n  AMD Features=0xea500800\u003cSYSCALL,NX,MMX+,FFXSR,RDTSCP,LM,3DNow!+,3DNow!\u003e\n  AMD Features2=0x11f\u003cLAHF,CMP,SVM,ExtAPIC,CR8,Prefetch\u003e\nreal memory  = 2147483648 (2048 MB)\navail memory = 2077417472 (1981 MB)\nACPI APIC Table: \u003cNvidia ASUSACPI\u003e\nFreeBSD/SMP: Multiprocessor System Detected: 2 CPUs\nFreeBSD/SMP: 1 package(s) x 2 core(s)\n cpu0 (BSP): APIC ID:  0\n cpu1 (AP): APIC ID:  1\nioapic0: Changing APIC ID to 2\nioapic0 \u003cVersion 1.1\u003e irqs 0-23 on motherboard\nkbd1 at kbdmux0\nacpi0: \u003cNvidia ASUSACPI\u003e on motherboard\nacpi0: [ITHREAD]\nacpi0: Power Button (fixed)\nacpi0: reservation of 0, a0000 (3) failed\nacpi0: reservation of 100000, 7fdf0000 (3) failed\nTimecounter \"ACPI-fast\" frequency 3579545 Hz quality 1000\nacpi_timer0: \u003c24-bit timer at 3.579545MHz\u003e port 0x4008-0x400b on acpi0\nacpi_hpet0: \u003cHigh Precision Event Timer\u003e iomem 0xfefff000-0xfefff3ff on acpi0\nTimecounter \"HPET\" frequency 25000000 Hz quality 900\nacpi_button0: \u003cPower Button\u003e on acpi0\npcib0: \u003cACPI Host-PCI bridge\u003e port 0xcf8-0xcff on acpi0\npci0: \u003cACPI PCI bus\u003e on pcib0\npci0: \u003cmemory, RAM\u003e at device 0.0 (no driver attached)\npci0: \u003cmemory, RAM\u003e at device 0.1 (no driver attached)\npci0: \u003cmemory, RAM\u003e at device 0.2 (no driver attached)\npci0: \u003cmemory, RAM\u003e at device 0.3 (no driver attached)\npci0: \u003cmemory, RAM\u003e at device 0.4 (no driver attached)\npci0: \u003cmemory, RAM\u003e at device 0.5 (no driver attached)\npci0: \u003cmemory, RAM\u003e at device 0.6 (no driver attached)\npci0: \u003cmemory, RAM\u003e at device 0.7 (no driver attached)\npcib1: \u003cACPI PCI-PCI bridge\u003e at device 4.0 on pci0\npci1: \u003cACPI PCI bus\u003e on pcib1\nvgapci0: \u003cVGA-compatible display\u003e port 0xac00-0xac7f mem 0xfa000000-0xfaffffff,0xd0000000-0xdfffffff,0xfb000000-0xfbffffff irq 16 at device 0.0 on pci1\nnvidia0: \u003cGeForce 7600 GS\u003e on vgapci0\nvgapci0: child nvidia0 requested pci_enable_busmaster\nvgapci0: child nvidia0 requested pci_enable_io\nvgapci0: child nvidia0 requested pci_enable_io\nnvidia0: [GIANT-LOCKED]\nnvidia0: [ITHREAD]\npci0: \u003cmemory, RAM\u003e at device 9.0 (no driver attached)\nisab0: \u003cPCI-ISA bridge\u003e at device 10.0 on pci0\nisa0: \u003cISA bus\u003e on isab0\nnfsmb0: \u003cnForce2/3/4 MCP SMBus Controller\u003e port 0x4c00-0x4c3f,0x4c40-0x4c7f at device 10.1 on pci0\nsmbus0: \u003cSystem Management Bus\u003e on nfsmb0\nnfsmb1: \u003cnForce2/3/4 MCP SMBus Controller\u003e on nfsmb0\nsmbus1: \u003cSystem Management Bus\u003e on nfsmb1\npci0: \u003cmemory, RAM\u003e at device 10.2 (no driver attached)\nohci0: \u003cOHCI (generic) USB controller\u003e mem 0xfe02f000-0xfe02ffff at device 11.0 on pci0\nohci0: [ITHREAD]\nusbus0: \u003cOHCI (generic) USB controller\u003e on ohci0\nehci0: \u003cEHCI (generic) USB 2.0 controller\u003e mem 0xfe02e000-0xfe02e0ff at device 11.1 on pci0\nehci0: [ITHREAD]\nusbus1: EHCI version 1.0\nusbus1: \u003cEHCI (generic) USB 2.0 controller\u003e on ehci0\natapci0: \u003cnVidia nForce MCP51 UDMA133 controller\u003e port 0x1f0-0x1f7,0x3f6,0x170-0x177,0x376,0xf400-0xf40f at device 13.0 on pci0\nata0: \u003cATA channel 0\u003e on atapci0\nata0: [ITHREAD]\nata1: \u003cATA channel 1\u003e on atapci0\nata1: [ITHREAD]\natapci1: \u003cnVidia nForce MCP51 SATA300 controller\u003e port 0x9f0-0x9f7,0xbf0-0xbf3,0x970-0x977,0xb70-0xb73,0xe000-0xe00f mem 0xfe02d000-0xfe02dfff irq 20 at device 14.0 on pci0\natapci1: [ITHREAD]\nata2: \u003cATA channel 0\u003e on atapci1\nata2: [ITHREAD]\nata3: \u003cATA channel 1\u003e on atapci1\nata3: [ITHREAD]\natapci2: \u003cnVidia nForce MCP51 SATA300 controller\u003e port 0x9e0-0x9e7,0xbe0-0xbe3,0x960-0x967,0xb60-0xb63,0xcc00-0xcc0f mem 0xfe02c000-0xfe02cfff irq 21 at device 15.0 on pci0\natapci2: [ITHREAD]\nata4: \u003cATA channel 0\u003e on atapci2\nata4: [ITHREAD]\nata5: \u003cATA channel 1\u003e on atapci2\nata5: [ITHREAD]\npcib2: \u003cACPI PCI-PCI bridge\u003e at device 16.0 on pci0\npci2: \u003cACPI PCI bus\u003e on pcib2\nrl0: \u003cRealTek 8139 10/100BaseTX\u003e port 0xbc00-0xbcff mem 0xfdeff000-0xfdeff0ff irq 17 at device 9.0 on pci2\nmiibus0: \u003cMII bus\u003e on rl0\nrlphy0: \u003cRealTek internal media interface\u003e PHY 0 on miibus0\nrlphy0:  10baseT, 10baseT-FDX, 100baseTX, 100baseTX-FDX, auto\nrl0: Ethernet address: 00:c0:df:13:4a:77\nrl0: [ITHREAD]\npci0: \u003cmultimedia, HDA\u003e at device 16.1 (no driver attached)\nnfe0: \u003cNVIDIA nForce 430 MCP13 Networking Adapter\u003e port 0xc800-0xc807 mem 0xfe02b000-0xfe02bfff irq 23 at device 20.0 on pci0\nmiibus1: \u003cMII bus\u003e on nfe0\ne1000phy0: \u003cMarvell 88E1116 Gigabit PHY\u003e PHY 1 on miibus1\ne1000phy0:  10baseT, 10baseT-FDX, 100baseTX, 100baseTX-FDX, 1000baseT, 1000baseT-FDX, auto\nnfe0: Ethernet address: 00:1a:92:7c:06:8d\nnfe0: [FILTER]\nacpi_tz0: \u003cThermal Zone\u003e on acpi0\natrtc0: \u003cAT realtime clock\u003e port 0x70-0x73 on acpi0\nuart0: \u003c16550 or compatible\u003e port 0x3f8-0x3ff irq 4 flags 0x10 on acpi0\nuart0: [FILTER]\nuart1: \u003c16550 or compatible\u003e port 0x2f8-0x2ff irq 3 on acpi0\nuart1: [FILTER]\nppc0: \u003cParallel port\u003e port 0x378-0x37f irq 7 on acpi0\nppc0: Generic chipset (EPP/NIBBLE) in COMPATIBLE mode\nppc0: [ITHREAD]\nppbus0: \u003cParallel port bus\u003e on ppc0\nppbus0: IEEE1284 device found /NIBBLE\nppbus0: Probing for PnP devices:\nppbus0: \u003cHewlett-Packard HP LaserJet 6L/0101.01\u003e PRINTER HP ENHANCED PCL5,PJL\nplip0: \u003cPLIP network interface\u003e on ppbus0\nplip0: [ITHREAD]\nlpt0: \u003cPrinter\u003e on ppbus0\nlpt0: [ITHREAD]\nlpt0: Interrupt-driven port\nppi0: \u003cParallel I/O\u003e on ppbus0\natkbdc0: \u003cKeyboard controller (i8042)\u003e port 0x60,0x64 irq 1 on acpi0\natkbd0: \u003cAT Keyboard\u003e irq 1 on atkbdc0\nkbd0 at atkbd0\natkbd0: [GIANT-LOCKED]\natkbd0: [ITHREAD]\npsm0: \u003cPS/2 Mouse\u003e irq 12 on atkbdc0\npsm0: [GIANT-LOCKED]\npsm0: [ITHREAD]\npsm0: model IntelliMouse, device ID 3\ncpu0: \u003cACPI CPU\u003e on acpi0\npowernow0: \u003cPowerNow! K8\u003e on cpu0\ndevice_attach: powernow0 attach returned 6\ncpu1: \u003cACPI CPU\u003e on acpi0\npowernow1: \u003cPowerNow! K8\u003e on cpu1\ndevice_attach: powernow1 attach returned 6\npmtimer0 on isa0\nsc0: \u003cSystem console\u003e at flags 0x100 on isa0\nsc0: VGA \u003c16 virtual consoles, flags=0x300\u003e\nvga0: \u003cGeneric ISA VGA\u003e at port 0x3c0-0x3df iomem 0xa0000-0xbffff on isa0\nTimecounters tick every 1.000 msec\nipfw2 (+ipv6) initialized, divert loadable, nat loadable, rule-based forwarding disabled, default to deny, logging disabled\nusbus0: 12Mbps Full Speed USB v1.0\nusbus1: 480Mbps High Speed USB v2.0\nad0: 114473MB \u003cSeagate ST3120026A 3.06\u003e at ata0-master UDMA100\nugen0.1: \u003cnVidia\u003e at usbus0\nuhub0: \u003cnVidia OHCI root HUB, class 9/0, rev 1.00/1.00, addr 1\u003e on usbus0\nugen1.1: \u003cnVidia\u003e at usbus1\nuhub1: \u003cnVidia EHCI root HUB, class 9/0, rev 2.00/1.00, addr 1\u003e on usbus1\nacd0: DVDR \u003cPLEXTOR DVDR PX-755A/1.07\u003e at ata1-slave UDMA66\nad4: 76319MB \u003cSAMSUNG HD082GJ JE100-19\u003e at ata2-master SATA300\nad6: 715404MB \u003cSeagate ST3750330AS SD15\u003e at ata3-master SATA300\nuhub0: 8 ports with 8 removable, self powered\nuhub1: 8 ports with 8 removable, self powered\nacd0: FAILURE - INQUIRY ILLEGAL REQUEST asc=0x24 ascq=0x00 \n(probe0:ata1:0:1:0): TEST UNIT READY. CDB: 0 0 0 0 0 0 \n(probe0:ata1:0:1:0): CAM Status: SCSI Status Error\n(probe0:ata1:0:1:0): SCSI Status: Check Condition\n(probe0:ata1:0:1:0): NOT READY asc:3a,1\n(probe0:ata1:0:1:0): Medium not present - tray closed\n(probe0:ata1:0:1:0): Unretryable error\nacd0: FAILURE - INQUIRY ILLEGAL REQUEST asc=0x24 ascq=0x00 \ncd0 at ata1 bus 0 target 1 lun 0\ncd0: \u003cPLEXTOR DVDR   PX-755A 1.07\u003e Removable CD-ROM SCSI-0 device \ncd0: 66.000MB/s transfers\ncd0: Attempt to query device size failed: NOT READY, Medium not present - tray closed\nSMP: AP CPU #1 Launched!\nTrying to mount root from ufs:/dev/ad0s1a\nrl0: link state changed to UP\nnfe0: link state changed to UP\nhdac0: \u003cNVidia MCP51 High Definition Audio Controller\u003e mem 0xfe024000-0xfe027fff irq 22 at device 16.1 on pci0\nhdac0: HDA Driver Revision: 20090624_0136\nhdac0: [ITHREAD]\nhdac0: HDA Codec #0: Analog Devices AD1986A\nhdac0: hdac_widget_connection_parse: nid=18 WARNING: zero cnid entnum=4 j=2 index=0 entries=8 found=2 res=0x21002211\npcm0: \u003cHDA Analog Devices AD1986A PCM #0 Analog\u003e at cad 0 nid 1 on hdac0\npcm1: \u003cHDA Analog Devices AD1986A PCM #1 Digital\u003e at cad 0 nid 1 on hdac0"
}