{
 "id": 760725,
 "bug_id": 188933,
 "attachment_id": 0,
 "creation_time": "2014-04-24T01:40:00Z",
 "creator": "smith.winston.101@gmail.com",
 "text": "I used crotchet-freebsd to build an ARM version of FreeBSD 10.0-STABLE\nr264836 for the BeagleBone Black.  I booted a BeagleBone from the SD\ncard. NOT the eMMC (although I have also seen this in FreeBSD-CURRENT\nbooted from the eMMC).  Next, I copied over bash-4.3.src.tgz to build\nand while unpacking it with `tar xf`, I see the following on the console:\n\n\nlock order reversal:\n 1st 0xcd182f70 bufwait (bufwait) @ /usr/src/FreeBSD-stable-10/sys/kern/vfs_bio.c:3050\n 2nd 0xc29c6a00 dirhash (dirhash) @ /usr/src/FreeBSD-stable-10/sys/ufs/ufs/ufs_dirhash.c:284\nKDB: stack backtrace:\ndb_trace_self() at db_trace_self\n\t pc = 0xc0540880  lr = 0xc0230328 (db_trace_self_wrapper+0x30)\n\t sp = 0xdeafa7e8  fp = 0xdeafa900\n\tr10 = 0xc29c6a00\ndb_trace_self_wrapper() at db_trace_self_wrapper+0x30\n\t pc = 0xc0230328  lr = 0xc0398c90 (kdb_backtrace+0x38)\n\t sp = 0xdeafa908  fp = 0xdeafa910\n\t r4 = 0xc067e3a4  r5 = 0xc05a5545\n\t r6 = 0xc05c1009  r7 = 0xc05aaab5\nkdb_backtrace() at kdb_backtrace+0x38\n\t pc = 0xc0398c90  lr = 0xc03b367c (witness_checkorder+0xe48)\n\t sp = 0xdeafa918  fp = 0xdeafa968\n\t r4 = 0xc05c13cd\nwitness_checkorder() at witness_checkorder+0xe48\n\t pc = 0xc03b367c  lr = 0xc0368dec (_sx_xlock+0x84)\n\t sp = 0xdeafa970  fp = 0xdeafa998\n\t r4 = 0x0000011c  r5 = 0xc05c1006\n\t r6 = 0xc29c6a10  r7 = 0xc29c6a00\n\t r8 = 0x00000000  r9 = 0xc2ef27e0\n\tr10 = 0x00000000\n_sx_xlock() at _sx_xlock+0x84\n\t pc = 0xc0368dec  lr = 0xc04fc83c (ufsdirhash_add+0x34)\n\t sp = 0xdeafa9a0  fp = 0xdeafa9b8\n\t r4 = 0xc29c6a00  r5 = 0x00000818\n\t r6 = 0xc2eee180  r7 = 0xdeafaa50\n\t r8 = 0xdeafaa50\nufsdirhash_add() at ufsdirhash_add+0x34\n\t pc = 0xc04fc83c  lr = 0xc04ff350 (ufs_direnter+0x63c)\n\t sp = 0xdeafa9c0  fp = 0xdeafaa28\n\t r4 = 0xc2eee180  r5 = 0x00000018\n\t r6 = 0xcd39b818  r7 = 0xdeafaa50\n\t r8 = 0xc2c41c80  r9 = 0xc2ef27e0\nufs_direnter() at ufs_direnter+0x63c\n\t pc = 0xc04ff350  lr = 0xc05087f4 (ufs_makeinode+0x3ec)\n\t sp = 0xdeafaa30  fp = 0xdeafab90\n\t r4 = 0x00000000  r5 = 0xdeafad30\n\t r6 = 0xdeafaa50  r7 = 0x00000000\n\t r8 = 0xdeafad48  r9 = 0xc2ef27e0\n\tr10 = 0xc2f33b80\nufs_makeinode() at ufs_makeinode+0x3ec\n\t pc = 0xc05087f4  lr = 0xc0504bdc (ufs_create+0x24)\n\t sp = 0xdeafab98  fp = 0xdeafab98\n\t r4 = 0xdeafac68  r5 = 0xc06629d0\n\t r6 = 0x00000000  r7 = 0x00100a02\n\t r8 = 0x00000000  r9 = 0xdeafad50\n\tr10 = 0xdeafad30\nufs_create() at ufs_create+0x24\n\t pc = 0xc0504bdc  lr = 0xc0563fc4 (VOP_CREATE_APV+0xd0)\n\t sp = 0xdeafaba0  fp = 0xdeafabb0\nVOP_CREATE_APV() at VOP_CREATE_APV+0xd0\n\t pc = 0xc0563fc4  lr = 0xc04143ac (vn_open_cred+0x274)\n\t sp = 0xdeafabb8  fp = 0xdeafac98\n\t r4 = 0xdeaface0  r5 = 0xdeafad30\n\t r6 = 0xc2ef27e0\nvn_open_cred() at vn_open_cred+0x274\n\t pc = 0xc04143ac  lr = 0xc0414130 (vn_open+0x24)\n\t sp = 0xdeafaca0  fp = 0xdeafaca8\n\t r4 = 0xc2c41c80  r5 = 0x000500cf\n\t r6 = 0x00000012  r7 = 0xdeaface0\n\t r8 = 0x00000000  r9 = 0x20c4a380\n\tr10 = 0xdeafacd0\nvn_open() at vn_open+0x24\n\t pc = 0xc0414130  lr = 0xc040d668 (kern_openat+0x248)\n\t sp = 0xdeafacb0  fp = 0xdeafada8\nkern_openat() at kern_openat+0x248\n\t pc = 0xc040d668  lr = 0xc040d3b0 (sys_open+0x28)\n\t sp = 0xdeafadb0  fp = 0xdeafadb8\n\t r4 = 0xc2c41c80  r5 = 0xc29da640\n\t r6 = 0x00000000  r7 = 0x00000000\n\t r8 = 0x00000001  r9 = 0xdeafae10\n\tr10 = 0x20c42080\nsys_open() at sys_open+0x28\n\t pc = 0xc040d3b0  lr = 0xc0552a7c (swi_handler+0x284)\n\t sp = 0xdeafadc0  fp = 0xdeafae58\nswi_handler() at swi_handler+0x284\n\t pc = 0xc0552a7c  lr = 0xc05421ac (swi_entry+0x2c)\n\t sp = 0xdeafae60  fp = 0xbffffa28\n\t r4 = 0x20c09200  r5 = 0x000001a4\n\t r6 = 0x20c4a39b  r7 = 0x00000005\n\t r8 = 0x00000001  r9 = 0x20c09364\nswi_entry() at swi_entry+0x2c\n\t pc = 0xc05421ac  lr = 0xc05421ac (swi_entry+0x2c)\n\t sp = 0xdeafae60  fp = 0xbffffa28\nUnable to unwind further\n\n\n\nFilesystem mounts are as follows:\n\n/dev/ufs/sdfreebsd1 on / (ufs, local, noatime, journaled soft-updates, nfsv4acls)\ndevfs on /dev (devfs, local)\n/dev/msdosfs/SDBOOT on /boot/msdos (msdosfs, local, noatime)\n/dev/md0 on /tmp (ufs, local, noatime, soft-updates)\n/dev/md1 on /var/log (ufs, local, noatime, soft-updates)\n/dev/md2 on /var/tmp (ufs, local, noatime, soft-updates)\n\n\n\n\n\nAnd here's the dmesg output:\n\nKDB: debugger backends: ddb\nKDB: current backend: ddb\nCopyright (c) 1992-2014 The FreeBSD Project.\nCopyright (c) 1979, 1980, 1983, 1986, 1988, 1989, 1991, 1992, 1993, 1994\n        The Regents of the University of California. All rights reserved.\nFreeBSD is a registered trademark of The FreeBSD Foundation.\nFreeBSD 10.0-STABLE #0 r264836: Wed Apr 23 18:52:04 EDT 2014\n    root@freebsd:/usr/home/davem/Work/crochet-freebsd/work/obj/arm.armv6/usr/src/FreeBSD-stable-10/sys/BEAGLEBONE arm\nFreeBSD clang version 3.4 (tags/RELEASE_34/final 197956) 20140216\nWARNING: WITNESS option enabled, expect reduced performance.\nCPU: Cortex A8-r3 rev 2 (Cortex-A core)\n Supported features: ARM_ISA THUMB2 JAZELLE THUMBEE ARMv4 Security_Ext\n WB disabled EABT branch prediction enabled\nLoUU:2 LoC:2 LoUIS:1 \nCache level 1: \n 32KB/64B 4-way data cache WT WB Read-Alloc\n 32KB/64B 4-way instruction cache Read-Alloc\nCache level 2: \n 256KB/64B 8-way unified cache WT WB Read-Alloc Write-Alloc\nreal memory  = 536870912 (512 MB)\navail memory = 515538944 (491 MB)\nTexas Instruments AM3358 Processor, Revision ES1.1\nrandom: \u003cSoftware, Yarrow\u003e initialized\nsimplebus0: \u003cFlattened device tree simple bus\u003e on fdtbus0\naintc0: \u003cTI AINTC Interrupt Controller\u003e mem 0x48200000-0x48200fff on simplebus0\naintc0: Revision 5.0\nti_scm0: \u003cTI Control Module\u003e mem 0x44e10000-0x44e11fff on simplebus0\nam335x_prcm0: \u003cAM335x Power and Clock Management\u003e mem 0x44e00000-0x44e012ff on simplebus0\nam335x_prcm0: Clocks: System 24.0 MHz, CPU 550 MHz\nam335x_dmtimer0: \u003cAM335x DMTimer\u003e mem 0x44e05000-0x44e05fff,0x44e31000-0x44e31fff,0x48040000-0x48040fff,0x48042000-0x48042fff,0x48044000-0x48044fff,0x48046000-0x48046fff,0x48048000-0x48048fff,0x4804a000-0x4804afff irq 66,67,68,69,92,93,94,95 on simplebus0\nTimecounter \"AM335x Timecounter\" frequency 24000000 Hz quality 1000\nEvent timer \"AM335x Eventtimer0\" frequency 24000000 Hz quality 1000\ngpio0: \u003cTI General Purpose I/O (GPIO)\u003e mem 0x44e07000-0x44e07fff,0x4804c000-0x4804cfff,0x481ac000-0x481acfff,0x481ae000-0x481aefff irq 96,97,98,99,32,33,62,63 on simplebus0\ngpioc0: \u003cGPIO controller\u003e on gpio0\ngpiobus0: \u003cGPIO bus\u003e on gpio0\nuart0: \u003cTI UART (16550 compatible)\u003e mem 0x44e09000-0x44e09fff irq 72 on simplebus0\nuart0: console (115384,n,8,1)\nti_edma30: \u003cTI EDMA Controller\u003e mem 0x49000000-0x490fffff,0x49800000-0x498fffff,0x49900000-0x499fffff,0x49a00000-0x49afffff irq 12,13,14 on simplebus0\nti_edma30: EDMA revision 40014c00\nsdhci_ti0: \u003cTI MMCHS (SDHCI 2.0)\u003e mem 0x48060000-0x48060fff irq 64 on simplebus0\nmmc0: \u003cMMC/SD bus\u003e on sdhci_ti0\nsdhci_ti1: \u003cTI MMCHS (SDHCI 2.0)\u003e mem 0x481d8000-0x481d8fff irq 28 on simplebus0\nmmc1: \u003cMMC/SD bus\u003e on sdhci_ti1\ncpsw0: \u003c3-port Switch Ethernet Subsystem\u003e mem 0x4a100000-0x4a103fff irq 40,41,42,43 on simplebus0\ncpsw0: CPSW SS Version 1.12 (0)\ncpsw0: Initial queue size TX=128 RX=384\ncpsw0: Ethernet address: 90:59:af:7c:14:f7\nmiibus0: \u003cMII bus\u003e on cpsw0\nsmscphy0: \u003cSMC LAN8710A 10/100 interface\u003e PHY 0 on miibus0\nsmscphy0:  10baseT, 10baseT-FDX, 100baseTX, 100baseTX-FDX, auto\niichb0: \u003cTI I2C Controller\u003e mem 0x44e0b000-0x44e0bfff irq 70 on simplebus0\niichb0: I2C revision 4.0\niicbus0: \u003cOFW I2C bus\u003e on iichb0\niic0: \u003cI2C generic I/O\u003e on iicbus0\nam335x_pmic0: \u003cTI TPS65217 Power Management IC\u003e at addr 0x24 on iicbus0\nam335x_pwm0: \u003cAM335x PWM\u003e mem 0x48300000-0x483000ff,0x48300100-0x4830017f,0x48300180-0x483001ff,0x48300200-0x4830025f irq 86,58 on simplebus0\nam335x_pwm1: \u003cAM335x PWM\u003e mem 0x48302000-0x483020ff,0x48302100-0x4830217f,0x48302180-0x483021ff,0x48302200-0x4830225f irq 87,59 on simplebus0\nam335x_pwm2: \u003cAM335x PWM\u003e mem 0x48304000-0x483040ff,0x48304100-0x4830417f,0x48304180-0x483041ff,0x48304200-0x4830425f irq 88,60 on simplebus0\nmusbotg0: \u003cTI AM33xx integrated USB OTG controller\u003e mem 0x47400000-0x47400fff,0x47401000-0x474012ff,0x47401300-0x474013ff,0x47401400-0x474017ff,0x47401800-0x47401aff,0x47401b00-0x47401bff,0x47401c00-0x47401fff irq 17,18,19 on simplebus0\nmusbotg0: TI AM335X USBSS v0.0.13\nusbus0: Dynamic FIFO sizing detected, assuming 16Kbytes of FIFO RAM\nusbus0 on musbotg0\nusbus1: Dynamic FIFO sizing detected, assuming 16Kbytes of FIFO RAM\nusbus1 on musbotg0\nTimecounters tick every 10.000 msec\nusbus0: 480Mbps High Speed USB v2.0\nusbus1: 480Mbps High Speed USB v2.0\nugen0.1: \u003cMentor Graphics\u003e at usbus0\nuhub0: \u003cMentor Graphics OTG Root HUB, class 9/0, rev 2.00/1.00, addr 1\u003e on usbus0\nugen1.1: \u003cMentor Graphics\u003e at usbus1\nuhub1: \u003cMentor Graphics OTG Root HUB, class 9/0, rev 2.00/1.00, addr 1\u003e on usbus1\nmmcsd0: 4GB \u003cSDHC SA04G 1.0 SN 628739603 MFG 09/2011 by 2 TM\u003e at mmc0 48.0MHz/4bit/65535-block\nuhub0: 1 port with 1 removable, self powered\nuhub1: 1 port with 1 removable, self powered\nmmcsd1: 2GB \u003cMMC MMC02G 3.10 SN 2440249566 MFG 08/1997 by 254 0x004e\u003e at mmc1 48.0MHz/8bit/65535-block\nam335x_pmic0: TPS65217C ver 1.2 powered by AC\nrandom: unblocking device.\nWARNING: WITNESS option enabled, expect reduced performance.\nTrying to mount root from ufs:/dev/ufs/sdfreebsd1 [rw,noatime]...\nwarning: no time-of-day clock registered, system time will not be set accurately\n\nHow-To-Repeat: Happens on a fairly regular bases when accessing the SD card or eMMC\ndevices.  I've also seen it when umounting filesystems as well as during\n/sbin/halt."
}