{
 "id": 1004625,
 "bug_id": 230318,
 "attachment_id": 0,
 "creation_time": "2018-08-03T05:44:26Z",
 "creator": "ish@amail.plala.or.jp",
 "text": "I'm using aio boot that can UEFI boot on legacy bios machine (DELL studio 1558).\nI can UEFI boot with aio boot(clover EFI bootloader + rEFInd) until r336919.\nBut I can not UEFI boot with aio boot after r336921 on GENERIC kernel.\nOn r336921 and after, it loaded kernel and soon automatic rebooted as follows.\n\n==== r336921 (automatic rebooted)\nCopyright (c) 1992-2018 The FreeBSD Project.\nCopyright (c) 1979, 1980, 1983, 1986, 1988, 1989, 1991, 1992, 1993, 1994\n        The Regents of the University of California. All rights reserved.\nFreeBSD is a registered trademark of The FreeBSD Foundation.\nFreeBSD 12.0-CURRENT #8 r336921: Fri Aug  3 12:39:09 JST 2018\n    ishizuka@cucumber.ish.org:/usr/obj/usr/src/amd64.amd64/sys/GENERIC amd64\nFreeBSD clang version 6.0.1 (tags/RELEASE_601/final 335540) (based on LLVM 6.0.1)\nWARNING: WITNESS option enabled, expect reduced performance.\nVT(efifb): resolution 1024x768\ninfo: [drm] Initialized drm 1.1.0 20060810\nCPU: Intel(R) Core(TM) i7 CPU       Q 840  @ 1.87GHz (1862.04-MHz K8-class CPU)\n  Origin=\"GenuineIntel\"  Id=0x106e5  Family=0x6  Model=0x1e  Stepping=5\n  Features=0xbfebfbff\u003cFPU,VME,DE,PSE,TSC,MSR,PAE,MCE,CX8,APIC,SEP,MTRR,PGE,MCA,CMOV,PAT,PSE36,CLFLUSH,DTS,ACPI,MMX,FXSR,SSE,SSE2,SS,HTT,TM,PBE\u003e\n  Features2=0x98e3fd\u003cSSE3,DTES64,MON,DS_CPL,VMX,SMX,EST,TM2,SSSE3,CX16,xTPR,PDCM,SSE4.1,SSE4.2,POPCNT\u003e\n  AMD Features=0x28100800\u003cSYSCALL,NX,RDTSCP,LM\u003e\n  AMD Features2=0x1\u003cLAHF\u003e\n  VT-x: PAT,HLT,MTF,PAUSE,EPT,VPID\n  TSC: P-state invariant, performance statistics\nreal memory  = 4294967296 (4096 MB)\navail memory = 4003057664 (3817 MB)\nEvent timer \"LAPIC\" quality 100\nACPI APIC Table: \u003cPTLTD          APIC  \u003e\nFreeBSD/SMP: Multiprocessor System Detected: 8 CPUs\nFreeBSD/SMP: 1 package(s) x 4 core(s) x 2 hardware threads\nrandom: unblocking device.\nioapic0 \u003cVersion 2.0\u003e irqs 0-23 on motherboard\nLaunching APs: 1 3 4 6 2 5 \n(automatic rebooted)\n\n==== r336919 (good worked)\nCopyright (c) 1992-2018 The FreeBSD Project.\nCopyright (c) 1979, 1980, 1983, 1986, 1988, 1989, 1991, 1992, 1993, 1994\n        The Regents of the University of California. All rights reserved.\nFreeBSD is a registered trademark of The FreeBSD Foundation.\nFreeBSD 12.0-CURRENT #7 r336919: Fri Aug  3 12:09:03 JST 2018\n    ishizuka@cucumber.ish.org:/usr/obj/usr/src/amd64.amd64/sys/GENERIC amd64\nFreeBSD clang version 6.0.1 (tags/RELEASE_601/final 335540) (based on LLVM 6.0.1)\nWARNING: WITNESS option enabled, expect reduced performance.\nVT(efifb): resolution 1024x768\ninfo: [drm] Initialized drm 1.1.0 20060810\nCPU: Intel(R) Core(TM) i7 CPU       Q 840  @ 1.87GHz (1862.04-MHz K8-class CPU)\n  Origin=\"GenuineIntel\"  Id=0x106e5  Family=0x6  Model=0x1e  Stepping=5\n  Features=0xbfebfbff\u003cFPU,VME,DE,PSE,TSC,MSR,PAE,MCE,CX8,APIC,SEP,MTRR,PGE,MCA,CMOV,PAT,PSE36,CLFLUSH,DTS,ACPI,MMX,FXSR,SSE,SSE2,SS,HTT,TM,PBE\u003e\n  Features2=0x98e3fd\u003cSSE3,DTES64,MON,DS_CPL,VMX,SMX,EST,TM2,SSSE3,CX16,xTPR,PDCM,SSE4.1,SSE4.2,POPCNT\u003e\n  AMD Features=0x28100800\u003cSYSCALL,NX,RDTSCP,LM\u003e\n  AMD Features2=0x1\u003cLAHF\u003e\n  VT-x: PAT,HLT,MTF,PAUSE,EPT,VPID\n  TSC: P-state invariant, performance statistics\nreal memory  = 4294967296 (4096 MB)\navail memory = 4003057664 (3817 MB)\nEvent timer \"LAPIC\" quality 100\nACPI APIC Table: \u003cPTLTD          APIC  \u003e\nFreeBSD/SMP: Multiprocessor System Detected: 8 CPUs\nFreeBSD/SMP: 1 package(s) x 4 core(s) x 2 hardware threads\nrandom: unblocking device.\nioapic0 \u003cVersion 2.0\u003e irqs 0-23 on motherboard\nLaunching APs: 1 6 3 5 2 4 7\nTimecounter \"TSC\" frequency 1862042047 Hz quality 1000\nrandom: entropy device external interface\n[ath_hal] loaded\nmodule_register_init: MOD_LOAD (vesa, 0xffffffff810fb020, 0) error 19\nkbd1 at kbdmux0\nnetmap: loaded module\nnexus0\ncryptosoft0: \u003csoftware crypto\u003e on motherboard\nacpi0: \u003cDELL QA09   \u003e on motherboard\nacpi0: Power Button (fixed)\ncpu0: \u003cACPI CPU\u003e on acpi0\nhpet0: \u003cHigh Precision Event Timer\u003e iomem 0xfed00000-0xfed003ff irq 0,8 on acpi0\nTimecounter \"HPET\" frequency 14318180 Hz quality 950\nEvent timer \"HPET\" frequency 14318180 Hz quality 550\natrtc0: \u003cAT realtime clock\u003e port 0x70-0x77 on acpi0\natrtc0: Warning: Couldn't map I/O.\natrtc0: registered as a time-of-day clock, resolution 1.000000s\nEvent timer \"RTC\" frequency 32768 Hz quality 0\nattimer0: \u003cAT timer\u003e port 0x40-0x43,0x50-0x53 on acpi0\nTimecounter \"i8254\" frequency 1193182 Hz quality 0\nEvent timer \"i8254\" frequency 1193182 Hz quality 100\nTimecounter \"ACPI-safe\" frequency 3579545 Hz quality 850\nacpi_timer0: \u003c24-bit timer at 3.579545MHz\u003e port 0x408-0x40b on acpi0\nacpi_ec0: \u003cEmbedded Controller: GPE 0x16\u003e port 0x62,0x66 on acpi0\npcib0: \u003cACPI Host-PCI bridge\u003e port 0xcf8-0xcff on acpi0\npci0: \u003cACPI PCI bus\u003e on pcib0\npcib1: \u003cACPI PCI-PCI bridge\u003e irq 16 at device 3.0 on pci0\npci1: \u003cACPI PCI bus\u003e on pcib1\nvgapci0: \u003cVGA-compatible display\u003e port 0x2000-0x20ff mem 0xd0000000-0xdfffffff,0xcfee0000-0xcfefffff irq 16 at device 0.0 on pci1\ndrmn0: \u003cManhattan [Mobility Radeon HD 5400 Series]\u003e on vgapci0\ninfo: [drm] RADEON_IS_PCIE\ninfo: [drm] initializing kernel modesetting (CEDAR 0x1002:0x68E0 0x1028:0x0413).\ninfo: [drm] register mmio base: 0xCFEE0000\ninfo: [drm] register mmio size: 131072\ninfo: [drm] radeon_atrm_get_bios: ===\u003e Try ATRM...\n...[snip]..."
}