{
 "id": 521260,
 "bug_id": 139137,
 "attachment_id": 0,
 "creation_time": "2009-09-25T18:00:11Z",
 "creator": "jfb@mr-happy.com",
 "text": "My host's onboard ethernet, provided by ale(4), appears unable to receive IPv6 multicast packets, including solicited or unsolicited router advertisements, unless the interface is in promiscuous mode. Running \"tcpdump icmp6\" will show such packets being received, and when an RA is received with no default inet6 route installed, the routing table will be updated to include a default route. When tcpdump is not running or is running with the '-p' flag to avoid promiscuous mode, the only v6 multicasts seen are those generated by the host. An outgoing router solicitation can be seen, but no response is detected. Other hosts on this LAN, including a FreeBSD 8.0-BETA4/i386 VirtualBox with emulated em(4) (bridged by VirtualBox/OpenSolaris, no NAT), do not experience this problem.\n\n('ifconfig ale0 promisc' also allows multicasts to be received, of course.)\n\n# pciconf -lv\nhostb0@pci0:0:0:0:      class=0x060000 card=0x96001022 chip=0x96001022 rev=0x00 hdr=0x00\n    vendor     = 'Advanced Micro Devices (AMD)'\n    class      = bridge\n    subclass   = HOST-PCI\npcib1@pci0:0:1:0:       class=0x060400 card=0x96021022 chip=0x96021022 rev=0x00 hdr=0x01\n    vendor     = 'Advanced Micro Devices (AMD)'\n    class      = bridge\n    subclass   = PCI-PCI\npcib2@pci0:0:6:0:       class=0x060400 card=0x96001022 chip=0x96061022 rev=0x00 hdr=0x01\n    vendor     = 'Advanced Micro Devices (AMD)'\n    class      = bridge\n    subclass   = PCI-PCI\npcib3@pci0:0:7:0:       class=0x060400 card=0x96001022 chip=0x96071022 rev=0x00 hdr=0x01\n    vendor     = 'Advanced Micro Devices (AMD)'\n    class      = bridge\n    subclass   = PCI-PCI\natapci0@pci0:0:17:0:    class=0x01018f card=0x43901002 chip=0x43901002 rev=0x00 hdr=0x00\n    vendor     = 'ATI Technologies Inc. / Advanced Micro Devices, Inc.'\n    device     = 'SB700 SATA Controller [IDE mode]'\n    class      = mass storage\n    subclass   = ATA\nohci0@pci0:0:18:0:      class=0x0c0310 card=0x43971002 chip=0x43971002 rev=0x00 hdr=0x00\n    vendor     = 'ATI Technologies Inc. / Advanced Micro Devices, Inc.'\n    device     = 'SB700 USB OHCI0 Controller'\n    class      = serial bus\n    subclass   = USB\nohci1@pci0:0:18:1:      class=0x0c0310 card=0x43981002 chip=0x43981002 rev=0x00 hdr=0x00\n    vendor     = 'ATI Technologies Inc. / Advanced Micro Devices, Inc.'\n    device     = 'SB700 USB OHCI1 Controller'\n    class      = serial bus\n    subclass   = USB\nehci0@pci0:0:18:2:      class=0x0c0320 card=0x43971002 chip=0x43961002 rev=0x00 hdr=0x00\n    vendor     = 'ATI Technologies Inc. / Advanced Micro Devices, Inc.'\n    device     = 'SB700 USB EHCI Controller'\n    class      = serial bus\n    subclass   = USB\nohci2@pci0:0:19:0:      class=0x0c0310 card=0x43981002 chip=0x43971002 rev=0x00 hdr=0x00\n    vendor     = 'ATI Technologies Inc. / Advanced Micro Devices, Inc.'\n    device     = 'SB700 USB OHCI0 Controller'\n    class      = serial bus\n    subclass   = USB\nohci3@pci0:0:19:1:      class=0x0c0310 card=0x43991002 chip=0x43981002 rev=0x00 hdr=0x00\n    vendor     = 'ATI Technologies Inc. / Advanced Micro Devices, Inc.'\n    device     = 'SB700 USB OHCI1 Controller'\n    class      = serial bus\n    subclass   = USB\nehci1@pci0:0:19:2:      class=0x0c0320 card=0x43961002 chip=0x43961002 rev=0x00 hdr=0x00\n    vendor     = 'ATI Technologies Inc. / Advanced Micro Devices, Inc.'\n    device     = 'SB700 USB EHCI Controller'\n    class      = serial bus\n    subclass   = USB\nnone0@pci0:0:20:0:      class=0x0c0500 card=0x43851002 chip=0x43851002 rev=0x3c hdr=0x00\n    vendor     = 'ATI Technologies Inc. / Advanced Micro Devices, Inc.'\n    device     = 'ATI SMBus (ATI RD600/RS600)'\n    class      = serial bus\n    subclass   = SMBus\natapci1@pci0:0:20:1:    class=0x01018a card=0x439c1002 chip=0x439c1002 rev=0x00 hdr=0x00\n    vendor     = 'ATI Technologies Inc. / Advanced Micro Devices, Inc.'\n    device     = 'PATA 133 Controller (SB7xx)'\n    class      = mass storage\n    subclass   = ATA\nhdac1@pci0:0:20:2:      class=0x040300 card=0x10438357 chip=0x43831002 rev=0x00 hdr=0x00\n    vendor     = 'ATI Technologies Inc. / Advanced Micro Devices, Inc.'\n    device     = 'IXP SB600 High Definition Audio Controller'\n    class      = multimedia\n    subclass   = HDA\nisab0@pci0:0:20:3:      class=0x060100 card=0x43831002 chip=0x439d1002 rev=0x00 hdr=0x00\n    vendor     = 'ATI Technologies Inc. / Advanced Micro Devices, Inc.'\n    device     = 'SB700 LPC host controller'\n    class      = bridge\n    subclass   = PCI-ISA\npcib4@pci0:0:20:4:      class=0x060401 card=0x00000000 chip=0x43841002 rev=0x00 hdr=0x01\n    vendor     = 'ATI Technologies Inc. / Advanced Micro Devices, Inc.'\n    device     = 'IXP SB600 PCI to PCI Bridge'\n    class      = bridge\n    subclass   = PCI-PCI\nohci4@pci0:0:20:5:      class=0x0c0310 card=0x43961002 chip=0x43991002 rev=0x00 hdr=0x00\n    vendor     = 'ATI Technologies Inc. / Advanced Micro Devices, Inc.'\n    device     = 'SB700 USB OHCI2 Controller'\n    class      = serial bus\n    subclass   = USB\nhostb1@pci0:0:24:0:     class=0x060000 card=0x00000000 chip=0x12001022 rev=0x00 hdr=0x00\n    vendor     = 'Advanced Micro Devices (AMD)'\n    device     = '(Family 10h) Athlon64/Opteron/Sempron HyperTransport Technology Configuration'\n    class      = bridge\n    subclass   = HOST-PCI\nhostb2@pci0:0:24:1:     class=0x060000 card=0x00000000 chip=0x12011022 rev=0x00 hdr=0x00\n    vendor     = 'Advanced Micro Devices (AMD)'\n    device     = '(Family 10h) Athlon64/Opteron/Sempron Address Map'\n    class      = bridge\n    subclass   = HOST-PCI\nhostb3@pci0:0:24:2:     class=0x060000 card=0x00000000 chip=0x12021022 rev=0x00 hdr=0x00\n    vendor     = 'Advanced Micro Devices (AMD)'\n    device     = '(Family 10h) Athlon64/Opteron/Sempron DRAM Controller'\n    class      = bridge\n    subclass   = HOST-PCI\nhostb4@pci0:0:24:3:     class=0x060000 card=0x00000000 chip=0x12031022 rev=0x00 hdr=0x00\n    vendor     = 'Advanced Micro Devices (AMD)'\n    device     = '(Family 10h) Athlon64/Opteron/Sempron Miscellaneous Control'\n    class      = bridge\n    subclass   = HOST-PCI\nhostb5@pci0:0:24:4:     class=0x060000 card=0x00000000 chip=0x12041022 rev=0x00 hdr=0x00\n    vendor     = 'Advanced Micro Devices (AMD)'\n    device     = '(Family 10h) Athlon64/Opteron/Sempron Link Control'\n    class      = bridge\n    subclass   = HOST-PCI\nvgapci0@pci0:1:5:0:     class=0x030000 card=0x834d1043 chip=0x96141002 rev=0x00 hdr=0x00\n    vendor     = 'ATI Technologies Inc. / Advanced Micro Devices, Inc.'\n    class      = display\n    subclass   = VGA\nhdac0@pci0:1:5:1:       class=0x040300 card=0x960f1002 chip=0x960f1002 rev=0x00 hdr=0x00\n    vendor     = 'ATI Technologies Inc. / Advanced Micro Devices, Inc.'\n    class      = multimedia\n    subclass   = HDA\nale0@pci0:2:0:0:        class=0x020000 card=0x831c1043 chip=0x10261969 rev=0xb0 hdr=0x00\n    vendor     = 'Attansic (Now owned by Atheros)'\n    device     = 'PCI-E ETHERNET CONTROLLER  (AR8121/AR8113 )'\n    class      = network\n    subclass   = ethernet\nfwohci0@pci0:3:0:0:     class=0x0c0010 card=0x83841043 chip=0x34031106 rev=0x00 hdr=0x00\n    vendor     = 'VIA Technologies Inc'\n    class      = serial bus\n    subclass   = FireWire\n\n# dmesg\nCopyright (c) 1992-2009 The FreeBSD Project.\nCopyright (c) 1979, 1980, 1983, 1986, 1988, 1989, 1991, 1992, 1993, 1994\n        The Regents of the University of California. All rights reserved.\nFreeBSD is a registered trademark of The FreeBSD Foundation.\nFreeBSD 8.0-RC1 #0: Thu Sep 24 13:54:12 EDT 2009\n    root@crow.mr-happy.com:/usr/obj/usr/src/sys/GENERIC\nTimecounter \"i8254\" frequency 1193182 Hz quality 0\nCPU: AMD Phenom(tm) II X4 965 Processor (3411.64-MHz K8-class CPU)\n  Origin = \"AuthenticAMD\"  Id = 0x100f42  Stepping = 2\n  Features=0x178bfbff\u003cFPU,VME,DE,PSE,TSC,MSR,PAE,MCE,CX8,APIC,SEP,MTRR,PGE,MCA,CMOV,PAT,PSE36,CLFLUSH,MMX,FXSR,SSE,SSE2,HTT\u003e\n  Features2=0x802009\u003cSSE3,MON,CX16,POPCNT\u003e\n  AMD Features=0xee500800\u003cSYSCALL,NX,MMX+,FFXSR,Page1GB,RDTSCP,LM,3DNow!+,3DNow!\u003e\n  AMD Features2=0x37ff\u003cLAHF,CMP,SVM,ExtAPIC,CR8,ABM,SSE4A,MAS,Prefetch,OSVW,IBS,SKINIT,WDT\u003e\n  TSC: P-state invariant\nreal memory  = 8589934592 (8192 MB)\navail memory = 7981109248 (7611 MB)\nACPI APIC Table: \u003c060509 APIC1006\u003e\nFreeBSD/SMP: Multiprocessor System Detected: 4 CPUs\nFreeBSD/SMP: 1 package(s) x 4 core(s)\n cpu0 (BSP): APIC ID:  0\n cpu1 (AP): APIC ID:  1\n cpu2 (AP): APIC ID:  2\n cpu3 (AP): APIC ID:  3\nACPI Warning: Optional field Pm2ControlBlock has zero address or length:        0       0/1 20090521 tbfadt-655\nioapic0 \u003cVersion 2.1\u003e irqs 0-23 on motherboard\nkbd1 at kbdmux0\nacpi0: \u003c060509 RSDT1006\u003e on motherboard\nacpi0: [ITHREAD]\nacpi0: Power Button (fixed)\nacpi0: reservation of fee00000, 1000 (3) failed\nacpi0: reservation of ffb80000, 80000 (3) failed\nacpi0: reservation of fec10000, 20 (3) failed\nacpi0: reservation of 0, a0000 (3) failed\nacpi0: reservation of 100000, cfe00000 (3) failed\nACPI HPET table warning: Sequence is non-zero (2)\nTimecounter \"ACPI-fast\" frequency 3579545 Hz quality 1000\nacpi_timer0: \u003c32-bit timer at 3.579545MHz\u003e port 0x808-0x80b on acpi0\nacpi_hpet0: \u003cHigh Precision Event Timer\u003e iomem 0xfed00000-0xfed003ff on acpi0\nTimecounter \"HPET\" frequency 14318180 Hz quality 900\npcib0: \u003cACPI Host-PCI bridge\u003e port 0xcf8-0xcff on acpi0\npci0: \u003cACPI PCI bus\u003e on pcib0\npcib1: \u003cACPI PCI-PCI bridge\u003e at device 1.0 on pci0\npci1: \u003cACPI PCI bus\u003e on pcib1\nvgapci0: \u003cVGA-compatible display\u003e port 0xc000-0xc0ff mem 0xd0000000-0xdfffffff,0xfbde0000-0xfbdeffff,0xfbc00000-0xfbcfffff irq 18 at device 5.0 on pci1\nhdac0: \u003cATI RS780 High Definition Audio Controller\u003e mem 0xfbdfc000-0xfbdfffff irq 19 at device 5.1 on pci1\nhdac0: HDA Driver Revision: 20090624_0136\nhdac0: [ITHREAD]\npcib2: \u003cACPI PCI-PCI bridge\u003e irq 18 at device 6.0 on pci0\npci2: \u003cACPI PCI bus\u003e on pcib2\nale0: \u003cAtheros AR8121/AR8113/AR8114 PCIe Ethernet\u003e port 0xdc00-0xdc7f mem 0xfbec0000-0xfbefffff irq 18 at device 0.0 on pci2\nale0: 960 Tx FIFO, 1024 Rx FIFO\nale0: Using 1 MSI messages.\nmiibus0: \u003cMII bus\u003e on ale0\natphy0: \u003cAtheros F1 10/100/1000 PHY\u003e PHY 0 on miibus0\natphy0:  10baseT, 10baseT-FDX, 100baseTX, 100baseTX-FDX, 1000baseT-FDX, auto\nale0: Ethernet address: 00:26:18:82:fc:65\nale0: [FILTER]\npcib3: \u003cACPI PCI-PCI bridge\u003e irq 19 at device 7.0 on pci0\npci3: \u003cACPI PCI bus\u003e on pcib3\nfwohci0: \u003c1394 Open Host Controller Interface\u003e port 0xe800-0xe8ff mem 0xfbfff800-0xfbffffff irq 19 at device 0.0 on pci3\nfwohci0: [ITHREAD]\nfwohci0: OHCI version 1.10 (ROM=1)\nfwohci0: No. of Isochronous channels is 4.\nfwohci0: EUI64 00:1e:8c:00:01:fa:89:92\nfwohci0: Phy 1394a available S400, 2 ports.\nfwohci0: Link S400, max_rec 2048 bytes.\nfirewire0: \u003cIEEE1394(FireWire) bus\u003e on fwohci0\ndcons_crom0: \u003cdcons configuration ROM\u003e on firewire0\ndcons_crom0: bus_addr 0xcfe04000\nfwe0: \u003cEthernet over FireWire\u003e on firewire0\nif_fwe0: Fake Ethernet address: 02:1e:8c:fa:89:92\nfwe0: Ethernet address: 02:1e:8c:fa:89:92\nfwip0: \u003cIP over FireWire\u003e on firewire0\nfwip0: Firewire address: 00:1e:8c:00:01:fa:89:92 @ 0xfffe00000000, S400, maxrec 2048\nsbp0: \u003cSBP-2/SCSI over FireWire\u003e on firewire0\nfwohci0: Initiate bus reset\nfwohci0: fwohci_intr_core: BUS reset\nfwohci0: fwohci_intr_core: node_id=0x00000000, SelfID Count=1, CYCLEMASTER mode\natapci0: \u003cATI IXP700/800 SATA300 controller\u003e port 0xb000-0xb007,0xa000-0xa003,0x9000-0x9007,0x8000-0x8003,0x7000-0x700f mem 0xfbbffc00-0xfbbfffff irq 22 at device 17.0 on pci0\natapci0: [ITHREAD]\natapci0: AHCI v1.10 controller with 4 3Gbps ports, PM supported\nata2: \u003cATA channel 0\u003e on atapci0\nata2: [ITHREAD]\nata3: \u003cATA channel 1\u003e on atapci0\nata3: [ITHREAD]\nata4: \u003cATA channel 2\u003e on atapci0\nata4: [ITHREAD]\nata5: \u003cATA channel 3\u003e on atapci0\nata5: [ITHREAD]\nohci0: \u003cOHCI (generic) USB controller\u003e mem 0xfbbfd000-0xfbbfdfff irq 16 at device 18.0 on pci0\nohci0: [ITHREAD]\nusbus0: \u003cOHCI (generic) USB controller\u003e on ohci0\nohci1: \u003cOHCI (generic) USB controller\u003e mem 0xfbbfe000-0xfbbfefff irq 16 at device 18.1 on pci0\nohci1: [ITHREAD]\nusbus1: \u003cOHCI (generic) USB controller\u003e on ohci1\nehci0: \u003cEHCI (generic) USB 2.0 controller\u003e mem 0xfbbff800-0xfbbff8ff irq 17 at device 18.2 on pci0\nehci0: [ITHREAD]\nusbus2: EHCI version 1.0\nusbus2: \u003cEHCI (generic) USB 2.0 controller\u003e on ehci0\nohci2: \u003cOHCI (generic) USB controller\u003e mem 0xfbbfb000-0xfbbfbfff irq 18 at device 19.0 on pci0\nohci2: [ITHREAD]\nusbus3: \u003cOHCI (generic) USB controller\u003e on ohci2\nohci3: \u003cOHCI (generic) USB controller\u003e mem 0xfbbfc000-0xfbbfcfff irq 18 at device 19.1 on pci0\nohci3: [ITHREAD]\nusbus4: \u003cOHCI (generic) USB controller\u003e on ohci3\nehci1: \u003cEHCI (generic) USB 2.0 controller\u003e mem 0xfbbff400-0xfbbff4ff irq 19 at device 19.2 on pci0\nehci1: [ITHREAD]\nusbus5: EHCI version 1.0\nusbus5: \u003cEHCI (generic) USB 2.0 controller\u003e on ehci1\npci0: \u003cserial bus, SMBus\u003e at device 20.0 (no driver attached)\natapci1: \u003cATI IXP700/800 UDMA133 controller\u003e port 0x1f0-0x1f7,0x3f6,0x170-0x177,0x376,0xff00-0xff0f at device 20.1 on pci0\nata0: \u003cATA channel 0\u003e on atapci1\nata0: [ITHREAD]\nata1: \u003cATA channel 1\u003e on atapci1\nata1: [ITHREAD]\nhdac1: \u003cATI SB600 High Definition Audio Controller\u003e mem 0xfbbf4000-0xfbbf7fff irq 16 at device 20.2 on pci0\nhdac1: HDA Driver Revision: 20090624_0136\nhdac1: [ITHREAD]\nisab0: \u003cPCI-ISA bridge\u003e at device 20.3 on pci0\nisa0: \u003cISA bus\u003e on isab0\npcib4: \u003cACPI PCI-PCI bridge\u003e at device 20.4 on pci0\npci4: \u003cACPI PCI bus\u003e on pcib4\nohci4: \u003cOHCI (generic) USB controller\u003e mem 0xfbbfa000-0xfbbfafff irq 18 at device 20.5 on pci0\nohci4: [ITHREAD]\nusbus6: \u003cOHCI (generic) USB controller\u003e on ohci4\nacpi_button0: \u003cPower Button\u003e on acpi0\natrtc0: \u003cAT realtime clock\u003e port 0x70-0x71 irq 8 on acpi0\nuart0: \u003c16550 or compatible\u003e port 0x3f8-0x3ff irq 4 flags 0x10 on acpi0\nuart0: [FILTER]\nACPI Warning: \\\\_SB_.PCI0.SBRG.FDC_._FDE: Return type mismatch - found Package, expected Buffer 20090521 nspredef-1051\nfdc0: \u003cfloppy drive controller (FDE)\u003e port 0x3f0-0x3f5,0x3f7 irq 6 drq 2 on acpi0\nfdc0: [FILTER]\ncpu0: \u003cACPI CPU\u003e on acpi0\nacpi_throttle0: \u003cACPI CPU Throttling\u003e on cpu0\nhwpstate0: \u003cCool`n'Quiet 2.0\u003e on cpu0\ncpu1: \u003cACPI CPU\u003e on acpi0\ncpu2: \u003cACPI CPU\u003e on acpi0\ncpu3: \u003cACPI CPU\u003e on acpi0\nsc0: \u003cSystem console\u003e at flags 0x100 on isa0\nsc0: VGA \u003c16 virtual consoles, flags=0x300\u003e\nvga0: \u003cGeneric ISA VGA\u003e at port 0x3c0-0x3df iomem 0xa0000-0xbffff on isa0\natkbdc0: \u003cKeyboard controller (i8042)\u003e at port 0x60,0x64 on isa0\natkbd0: \u003cAT Keyboard\u003e irq 1 on atkbdc0\nkbd0 at atkbd0\natkbd0: [GIANT-LOCKED]\natkbd0: [ITHREAD]\nppc0: cannot reserve I/O port range\nZFS filesystem version 13\nZFS storage pool version 13\nTimecounters tick every 1.000 msec\nfirewire0: 1 nodes, maxhop \u003c= 0 cable IRM irm(0)  (me) \nfirewire0: bus manager 0 \nusbus0: 12Mbps Full Speed USB v1.0\nusbus1: 12Mbps Full Speed USB v1.0\nusbus2: 480Mbps High Speed USB v2.0\nusbus3: 12Mbps Full Speed USB v1.0\nusbus4: 12Mbps Full Speed USB v1.0\nusbus5: 480Mbps High Speed USB v2.0\nusbus6: 12Mbps Full Speed USB v1.0\nugen0.1: \u003cATI\u003e at usbus0\nuhub0: \u003cATI OHCI root HUB, class 9/0, rev 1.00/1.00, addr 1\u003e on usbus0\nugen1.1: \u003cATI\u003e at usbus1\nuhub1: \u003cATI OHCI root HUB, class 9/0, rev 1.00/1.00, addr 1\u003e on usbus1\nugen2.1: \u003cATI\u003e at usbus2\nuhub2: \u003cATI EHCI root HUB, class 9/0, rev 2.00/1.00, addr 1\u003e on usbus2\nugen3.1: \u003cATI\u003e at usbus3\nuhub3: \u003cATI OHCI root HUB, class 9/0, rev 1.00/1.00, addr 1\u003e on usbus3\nugen4.1: \u003cATI\u003e at usbus4\nuhub4: \u003cATI OHCI root HUB, class 9/0, rev 1.00/1.00, addr 1\u003e on usbus4\nugen5.1: \u003cATI\u003e at usbus5\nuhub5: \u003cATI EHCI root HUB, class 9/0, rev 2.00/1.00, addr 1\u003e on usbus5\nugen6.1: \u003cATI\u003e at usbus6\nuhub6: \u003cATI OHCI root HUB, class 9/0, rev 1.00/1.00, addr 1\u003e on usbus6\nacd0: DMA limited to UDMA33, device found non-ATA66 cable\nacd0: DVDR \u003cLITE-ON DVDRW SHW-160P6S/PS08\u003e at ata0-master UDMA33\nad4: 715404MB \u003cWDC WD7502ABYS-02A6B0 03.00C06\u003e at ata2-master SATA300\nad6: 715404MB \u003cWDC WD7502ABYS-02A6B0 03.00C06\u003e at ata3-master SATA300\nhdac0: HDA Codec #0: ATI RS690/780 HDMI\npcm0: \u003cHDA ATI RS690/780 HDMI PCM #0 Digital\u003e at cad 0 nid 1 on hdac0\nhdac1: HDA Codec #0: VIA VT1708S_0\npcm1: \u003cHDA VIA VT1708S_0 PCM #0 Analog\u003e at cad 0 nid 1 on hdac1\npcm2: \u003cHDA VIA VT1708S_0 PCM #1 Digital\u003e at cad 0 nid 1 on hdac1\npcm3: \u003cHDA VIA VT1708S_0 PCM #2 Digital\u003e at cad 0 nid 1 on hdac1\nGEOM_MIRROR: Device mirror/swap0 launched (2/2).\nuhub6: 2 ports with 2 removable, self powered\nuhub0: 3 ports with 3 removable, self powered\nuhub1: 3 ports with 3 removable, self powered\nuhub3: 3 ports with 3 removable, self powered\nuhub4: 3 ports with 3 removable, self powered\nuhub2: 6 ports with 6 removable, self powered\nuhub5: 6 ports with 6 removable, self powered\nugen1.2: \u003cContour Design\u003e at usbus1\nums0: \u003cContour Design Contour Perfit Mouse, class 0/0, rev 1.10/0.01, addr 2\u003e on usbus1\nums0: 5 buttons and [XYZ] coordinates ID=0\nacd0: FAILURE - INQUIRY ILLEGAL REQUEST asc=0x24 ascq=0x00 \n(probe7:ata0:0:0:0): TEST UNIT READY. CDB: 0 0 0 0 0 0 \n(probe7:ata0:0:0:0): CAM Status: SCSI Status Error\n(probe7:ata0:0:0:0): SCSI Status: Check Condition\n(probe7:ata0:0:0:0): NOT READY asc:3a,0\n(probe7:ata0:0:0:0): Medium not present\n(probe7:ata0:0:0:0): Unretryable error\ncd0 at ata0 bus 0 target 0 lun 0\ncd0: \u003cLITE-ON DVDRW SHW-160P6S PS08\u003e Removable CD-ROM SCSI-0 device \ncd0: 33.000MB/s transfers\ncd0: Attempt to query device size failed: NOT READY, Medium not present\nSMP: AP CPU #2 Launched!\nSMP: AP CPU #3 Launched!\nSMP: AP CPU #1 Launched!\nTrying to mount root from zfs:z0/root\nugen1.3: \u003cvendor 0x0430\u003e at usbus1\nukbd0: \u003cvendor 0x0430 product 0x0005, class 0/0, rev 1.00/1.02, addr 3\u003e on usbus1\nkbd2 at ukbd0\ntun0: link state changed to UP\ndrm0: \u003cATI Radeon 3300 Graphics\u003e on vgapci0\ninfo: [drm] MSI enabled 1 message(s)\nvgapci0: child drm0 requested pci_enable_busmaster\ninfo: [drm] Initialized radeon 1.29.0 20080528\ninfo: [drm] Setting GART location based on new memory map\ninfo: [drm] Loading RS780/RS880 Microcode\ninfo: [drm] Resetting GPU\ninfo: [drm] writeback test succeeded in 1 usecs\ndrm0: [ITHREAD]\ntun1: link state changed to UP\nale0: promiscuous mode enabled\nale0: promiscuous mode disabled\n\n# ifconfig -a\nale0: flags=8843\u003cUP,BROADCAST,RUNNING,SIMPLEX,MULTICAST\u003e metric 0 mtu 1500\n        options=19a\u003cTXCSUM,VLAN_MTU,VLAN_HWTAGGING,VLAN_HWCSUM,TSO4\u003e\n        ether 00:26:18:82:fc:65\n        inet6 fe80::226:18ff:fe82:fc65%ale0 prefixlen 64 scopeid 0x1 \n        inet6 2001:5c0:1104:7a00::1:1 prefixlen 64 \n        inet 172.19.3.81 netmask 0xffffff00 broadcast 172.19.3.255\n        media: Ethernet autoselect (100baseTX \u003cfull-duplex\u003e)\n        status: active\nfwe0: flags=8802\u003cBROADCAST,SIMPLEX,MULTICAST\u003e metric 0 mtu 1500\n        options=8\u003cVLAN_MTU\u003e\n        ether 02:1e:8c:fa:89:92\n        ch 1 dma -1\nfwip0: flags=8802\u003cBROADCAST,SIMPLEX,MULTICAST\u003e metric 0 mtu 1500\n        lladdr 0.1e.8c.0.1.fa.89.92.a.2.ff.fe.0.0.0.0\nlo0: flags=8049\u003cUP,LOOPBACK,RUNNING,MULTICAST\u003e metric 0 mtu 16384\n        options=3\u003cRXCSUM,TXCSUM\u003e\n        inet 127.0.0.1 netmask 0xff000000 \n        inet6 ::1 prefixlen 128 \n        inet6 fe80::1%lo0 prefixlen 64 scopeid 0x4 \ntun0: flags=8051\u003cUP,POINTOPOINT,RUNNING,MULTICAST\u003e metric 0 mtu 1500\n        inet6 fe80::226:18ff:fe82:fc65%tun0 prefixlen 64 scopeid 0x5 \n        inet 10.1.0.2 --\u003e 10.1.0.1 netmask 0xffffffff \n        Opened by PID 1216\ntun1: flags=8051\u003cUP,POINTOPOINT,RUNNING,MULTICAST\u003e metric 0 mtu 1500\n        inet6 fe80::226:18ff:fe82:fc65%tun1 prefixlen 64 scopeid 0x6 \n        inet 141.219.255.147 --\u003e 141.219.255.145 netmask 0xffffffff \n        Opened by PID 1528\n\n# egrep 'ale|ipv6|ifconfig' /etc/rc.conf\nifconfig_ale0=DHCP\nipv6_enable=YES\nipv6_ifconfig_ale0=\"2001:5c0:1104:7a00::1:1 prefixlen 64\"\nipv6_default_interface=ale0\n\n# netstat -rn\nRouting tables\n\nInternet:\nDestination        Gateway            Flags    Refs      Use  Netif Expire\ndefault            172.19.3.1         UGS         9   106426   ale0\n10.1.0.0/24        10.1.0.1           UGS         0      189   tun0\n10.1.0.1           link#5             UH          0      164   tun0\n10.1.0.2           link#5             UHS         0        0    lo0\n127.0.0.1          link#4             UH          0   127142    lo0\n141.219.100.6/32   141.219.255.145    UGS         0        1   tun1\n141.219.255.144/28 141.219.255.145    UGS         0        0   tun1\n141.219.255.145    link#6             UH          0        0   tun1\n141.219.255.147    link#6             UHS         0        0    lo0\n172.19.3.0/24      link#1             U           0     2869   ale0\n172.19.3.81        link#1             UHS         0        0    lo0\n198.145.180.174/32 10.1.0.1           UGS         0        9   tun0\n\nInternet6:\nDestination                       Gateway                       Flags      Netif Expire\n::/96                             ::1                           UGRS        lo0\n::1                               ::1                           UH          lo0\n::ffff:0.0.0.0/96                 ::1                           UGRS        lo0\n2001:5c0:1104:7a00::/64           link#1                        U          ale0\n2001:5c0:1104:7a00::1:1           link#1                        UHS         lo0\nfe80::/10                         ::1                           UGRS        lo0\nfe80::%ale0/64                    link#1                        U          ale0\nfe80::226:18ff:fe82:fc65%ale0     link#1                        UHS         lo0\nfe80::%lo0/64                     link#4                        U           lo0\nfe80::1%lo0                       link#4                        UHS         lo0\nfe80::%tun0/64                    link#5                        U          tun0\nfe80::226:18ff:fe82:fc65%tun0     link#5                        UHS         lo0\nfe80::%tun1/64                    link#6                        U          tun1\nfe80::226:18ff:fe82:fc65%tun1     link#6                        UHS         lo0\nff01:1::/32                       fe80::226:18ff:fe82:fc65%ale0 U          ale0\nff01:4::/32                       ::1                           U           lo0\nff01:5::/32                       fe80::226:18ff:fe82:fc65%tun0 U          tun0\nff01:6::/32                       fe80::226:18ff:fe82:fc65%tun1 U          tun1\nff02::%ale0/32                    fe80::226:18ff:fe82:fc65%ale0 U          ale0\nff02::%lo0/32                     ::1                           U           lo0\nff02::%tun0/32                    fe80::226:18ff:fe82:fc65%tun0 U          tun0\nff02::%tun1/32                    fe80::226:18ff:fe82:fc65%tun1 U          tun1\n\nHow-To-Repeat: Install FreeBSD 8 on a host with the following network adapter connected to an IPv6-enabled network:\n\nale0@pci0:2:0:0:        class=0x020000 card=0x831c1043 chip=0x10261969 rev=0xb0 hdr=0x00\n    vendor     = 'Attansic (Now owned by Atheros)'\n    device     = 'PCI-E ETHERNET CONTROLLER  (AR8121/AR8113 )'\n    class      = network\n    subclass   = ethernet\n\n(I cannot speak to whether other chipsets supported by this driver are similarly affected.)\n\nAs above, run tcpdump(1) with and without the -p flag while soliciting router advertisements ('rtsol aleX', where 'X' is the appropriate interface instance). Verify that no router advertisements are seen by 'tcpdump -p'; verify, such as with netstat(1), that the routing table is not updated when no default inet6 route exists and 'tcpdump -p' is running."
}