{
 "id": 355954,
 "bug_id": 104755,
 "attachment_id": 0,
 "creation_time": "2006-10-24T16:40:20Z",
 "creator": "alex@infobit.ru",
 "text": "At random moment reading stops. System hangs several seconds after this.\nAfter hanging I can not even switch virtual consoles with Alt-F1, Alt-F2 etc.\nIn /var/log/messages there are a lot of lines like these:\n\nOct 24 21:11:43 home kernel: cam_periph_mapmem: attempt to map 262144 bytes, which is greater than DFLTPHYS(65536)\nOct 24 21:11:43 home kernel: cam_periph_mapmem: attempt to map 260096 bytes, which is greater than DFLTPHYS(65536)\n\nSometimes system doesn't hang, but reading stops and k3b reports read error.\nIn /var/log messages in this case a lot of lines like:\n\nOct 23 21:39:07 home kernel: ata1: FAILURE - non aligned DMA transfer attempted\nOct 23 21:39:07 home kernel: acd0: setting up DMA failed\nOct 23 21:39:07 home kernel: ata1: FAILURE - non aligned DMA transfer attempted\nOct 23 21:39:07 home kernel: acd0: setting up DMA failed\nOct 23 21:39:07 home kernel: ata1: FAILURE - non aligned DMA transfer attempted\nOct 23 21:39:07 home kernel: acd0: setting up DMA failed\n\nSometimes (rarely) reading completes successfuly.\n\nreadcd does not hang system but often also stops at random moment but 10-20\nseconds later it continues.\nreadcd output:\n\n[alex@home /usr/home/alex]$ readcd dev=2,0,0 f=/dev/null\nRead  speed:  8467 kB/s (CD  48x, DVD  6x).\nWrite speed:  8467 kB/s (CD  48x, DVD  6x).\nCapacity: 2054448 Blocks = 4108896 kBytes = 4012 MBytes = 4207 prMB\nSectorsize: 2048 Bytes\nCopy from SCSI (2,0,0) disk to file '/dev/null'\nend:   2054448\nreadcd: Input/output error. read_g1: scsi sendcmd: retryable error\nCDB:  28 00 00 03 65 E0 00 00 20 00\nstatus: 0x2 (CHECK CONDITION)\nSense Bytes: 70 00 06 00 00 00 00 0A 00 00 00 00 29 00 00 00 00 00 00 00 00 00 0\n0 00 00 00 00 00 00 00 00 00\nSense Key: 0x6 Unit Attention, Segment 0\nSense Code: 0x29 Qual 0x00 (power on, reset, or bus device reset occurred) Fru 0\nx0\nSense flags: Blk 0 (not valid)\ncmd finished after 40.113s timeout 40s\nreadcd: Input/output error. Cannot read source disk\nreadcd: Retrying from sector 222688.\naddr:  2054448 cnt: 16..........addr:   222720 cnt: 32\nTime total: 332.465sec\nRead 4108896.00 kB at 12358.9 kB/sec.\n\nI'll try to obtain any needed debug info. \n\nHere is dmesg whith verbose boot:\n\nCopyright (c) 1992-2006 The FreeBSD Project.\nCopyright (c) 1979, 1980, 1983, 1986, 1988, 1989, 1991, 1992, 1993, 1994\n\tThe Regents of the University of California. All rights reserved.\nFreeBSD is a registered trademark of The FreeBSD Foundation.\nFreeBSD 6.2-PRERELEASE #0: Mon Oct 23 21:16:29 OMSST 2006\n    alex@home.bit.ab.ru:/usr/obj/usr/src/sys/GENERIC\nPreloaded elf kernel \"/boot/kernel/kernel\" at 0xc103c000.\nPreloaded elf module \"/boot/kernel/linux.ko\" at 0xc103c188.\nPreloaded elf module \"/boot/kernel/snd_ich.ko\" at 0xc103c234.\nPreloaded elf module \"/boot/kernel/sound.ko\" at 0xc103c2e0.\nPreloaded elf module \"/boot/modules/nvidia.ko\" at 0xc103c38c.\nPreloaded elf module \"/boot/kernel/atapicam.ko\" at 0xc103c438.\nPreloaded elf module \"/boot/kernel/acpi.ko\" at 0xc103c4e8.\nCalibrating clock(s) ... i8254 clock: 1193311 Hz\nCLK_USE_I8254_CALIBRATION not specified - using default frequency\nTimecounter \"i8254\" frequency 1193182 Hz quality 0\nCalibrating TSC clock ... TSC clock: 1840214857 Hz\nCPU: AMD Athlon(tm) XP 2500+ (1840.21-MHz 686-class CPU)\n  Origin = \"AuthenticAMD\"  Id = 0x6a0  Stepping = 0\n  Features=0x383fbff\u003cFPU,VME,DE,PSE,TSC,MSR,PAE,MCE,CX8,APIC,SEP,MTRR,PGE,MCA,CMOV,PAT,PSE36,MMX,FXSR,SSE\u003e\n  AMD Features=0xc0400800\u003cSYSCALL,MMX+,3DNow+,3DNow\u003e\nData TLB: 32 entries, fully associative\nInstruction TLB: 16 entries, fully associative\nL1 data cache: 64 kbytes, 64 bytes/line, 1 lines/tag, 2-way associative\nL1 instruction cache: 64 kbytes, 64 bytes/line, 1 lines/tag, 2-way associative\nL2 internal cache: 512 kbytes, 64 bytes/line, 1 lines/tag, 8-way associative\nreal memory  = 536805376 (511 MB)\nPhysical memory chunk(s):\n0x0000000000001000 - 0x000000000009efff, 647168 bytes (158 pages)\n0x0000000000100000 - 0x00000000003fffff, 3145728 bytes (768 pages)\n0x0000000001425000 - 0x000000001f6abfff, 505966592 bytes (123527 pages)\navail memory = 507510784 (484 MB)\nmptable_probe: MP Config Table has bad signature:    \nTable 'FACP' at 0x1fff3040\nTable 'APIC' at 0x1fff7b80\nMADT: Found table at 0x1fff7b80\nAPIC: Using the MADT enumerator.\nMADT: Found CPU APIC ID 0 ACPI ID 0: enabled\nACPI APIC Table: \u003cNvidia AWRDACPI\u003e\nbios32: Found BIOS32 Service Directory header at 0xc00fb040\nbios32: Entry = 0xfb4d0 (c00fb4d0)  Rev = 0  Len = 1\npcibios: PCI BIOS entry at 0xf0000+0xb500\npnpbios: Found PnP BIOS data at 0xc00fbf60\npnpbios: Entry = f0000:bf90  Rev = 1.0\nOther BIOS signatures found:\nAPIC: CPU 0 has ACPI ID 0\nMADT: Found IO APIC ID 2, Interrupt 0 at 0xfec00000\nioapic0: Routing external 8259A's -\u003e intpin 0\nioapic0: intpin 0 -\u003e ExtINT (edge, high)\nioapic0: intpin 1 -\u003e ISA IRQ 1 (edge, high)\nioapic0: intpin 2 -\u003e ISA IRQ 2 (edge, high)\nioapic0: intpin 3 -\u003e ISA IRQ 3 (edge, high)\nioapic0: intpin 4 -\u003e ISA IRQ 4 (edge, high)\nioapic0: intpin 5 -\u003e ISA IRQ 5 (edge, high)\nioapic0: intpin 6 -\u003e ISA IRQ 6 (edge, high)\nioapic0: intpin 7 -\u003e ISA IRQ 7 (edge, high)\nioapic0: intpin 8 -\u003e ISA IRQ 8 (edge, high)\nioapic0: intpin 9 -\u003e ISA IRQ 9 (edge, high)\nioapic0: intpin 10 -\u003e ISA IRQ 10 (edge, high)\nioapic0: intpin 11 -\u003e ISA IRQ 11 (edge, high)\nioapic0: intpin 12 -\u003e ISA IRQ 12 (edge, high)\nioapic0: intpin 13 -\u003e ISA IRQ 13 (edge, high)\nioapic0: intpin 14 -\u003e ISA IRQ 14 (edge, high)\nioapic0: intpin 15 -\u003e ISA IRQ 15 (edge, high)\nioapic0: intpin 16 -\u003e PCI IRQ 16 (level, low)\nioapic0: intpin 17 -\u003e PCI IRQ 17 (level, low)\nioapic0: intpin 18 -\u003e PCI IRQ 18 (level, low)\nioapic0: intpin 19 -\u003e PCI IRQ 19 (level, low)\nioapic0: intpin 20 -\u003e PCI IRQ 20 (level, low)\nioapic0: intpin 21 -\u003e PCI IRQ 21 (level, low)\nioapic0: intpin 22 -\u003e PCI IRQ 22 (level, low)\nioapic0: intpin 23 -\u003e PCI IRQ 23 (level, low)\nMADT: Interrupt override: source 0, irq 2\nioapic0: Routing IRQ 0 -\u003e intpin 2\nioapic0: intpin 2 trigger: edge\nioapic0: intpin 2 polarity: high\nMADT: Interrupt override: source 9, irq 9\nioapic0: intpin 9 trigger: level\nioapic0: intpin 9 polarity: high\nlapic0: Routing NMI -\u003e LINT1\nlapic0: LINT1 trigger: edge\nlapic0: LINT1 polarity: high\nioapic0 \u003cVersion 1.1\u003e irqs 0-23 on motherboard\ncpu0 BSP:\n     ID: 0x00000000   VER: 0x00040010 LDR: 0x00000000 DFR: 0xffffffff\n  lint0: 0x00010700 lint1: 0x00000400 TPR: 0x00000000 SVR: 0x000001ff\n  timer: 0x000100ef therm: 0x00000000 err: 0x00010000 pcm: 0x00010000\nath_rate: version 1.2 \u003cSampleRate bit-rate selection algorithm\u003e\nwlan: \u003c802.11 Link Layer\u003e\nrandom: \u003centropy source, Software, Yarrow\u003e\nnfslock: pseudo-device\nio: \u003cI/O\u003e\nkbd: new array size 4\nkbd1 at kbdmux0\nmem: \u003cmemory\u003e\nPentium Pro MTRR support enabled\nnull: \u003cnull device, zero device\u003e\nath_hal: 0.9.17.2 (AR5210, AR5211, AR5212, RF5111, RF5112, RF2413, RF5413)\nrr232x: RocketRAID 232x controller driver v1.02 (Oct 23 2006 21:13:33)\nnpx0: INT 16 interface\nacpi0: \u003cNvidia AWRDACPI\u003e on motherboard\nioapic0: routing intpin 9 (ISA IRQ 9) to vector 48\nacpi0: [MPSAFE]\npci_open(1):\tmode 1 addr port (0x0cf8) is 0x80000888\npci_open(1a):\tmode1res=0x80000000 (0x80000000)\npci_cfgcheck:\tdevice 0 [class=060000] [hdr=80] is there (id=01e010de)\npcibios: BIOS version 2.10\nFound $PIR table, 10 entries at 0xc00fdec0\nPCI-Only Interrupts: 5 11\nLocation  Bus Device Pin  Link  IRQs\nslot 1      0    8    A   0x01  3 4 5 7 9 10 11 12 14 15\nslot 1      0    8    B   0x02  3 4 5 7 9 10 11 12 14 15\nslot 1      0    8    C   0x03  3 4 5 7 9 10 11 12 14 15\nslot 1      0    8    D   0x04  3 4 5 7 9 10 11 12 14 15\nslot 2      0   12    A   0x01  3 4 5 7 9 10 11 12 14 15\nslot 2      0   12    B   0x02  3 4 5 7 9 10 11 12 14 15\nslot 2      0   12    C   0x03  3 4 5 7 9 10 11 12 14 15\nslot 2      0   12    D   0x04  3 4 5 7 9 10 11 12 14 15\nslot 3    255   31    A   0x0f  3 4 5 7 9 10 11 12 14 15\nslot 3    255   31    B   0x0f  3 4 5 7 9 10 11 12 14 15\nslot 3    255   31    C   0x0f  3 4 5 7 9 10 11 12 14 15\nslot 3    255   31    D   0x0f  3 4 5 7 9 10 11 12 14 15\nslot 4      1    6    A   0x03  3 4 5 7 9 10 11 12 14 15\nslot 4      1    6    B   0x04  3 4 5 7 9 10 11 12 14 15\nslot 4      1    6    C   0x01  3 4 5 7 9 10 11 12 14 15\nslot 4      1    6    D   0x02  3 4 5 7 9 10 11 12 14 15\nslot 5      1    7    A   0x04  3 4 5 7 9 10 11 12 14 15\nslot 5      1    7    B   0x01  3 4 5 7 9 10 11 12 14 15\nslot 5      1    7    C   0x02  3 4 5 7 9 10 11 12 14 15\nslot 5      1    7    D   0x03  3 4 5 7 9 10 11 12 14 15\nslot 6      1    8    A   0x01  3 4 5 7 9 10 11 12 14 15\nslot 6      1    8    B   0x02  3 4 5 7 9 10 11 12 14 15\nslot 6      1    8    C   0x03  3 4 5 7 9 10 11 12 14 15\nslot 6      1    8    D   0x04  3 4 5 7 9 10 11 12 14 15\nslot 7      1    9    A   0x02  3 4 5 7 9 10 11 12 14 15\nslot 7      1    9    B   0x03  3 4 5 7 9 10 11 12 14 15\nslot 7      1    9    C   0x04  3 4 5 7 9 10 11 12 14 15\nslot 7      1    9    D   0x01  3 4 5 7 9 10 11 12 14 15\nslot 8      1   10    A   0x03  3 4 5 7 9 10 11 12 14 15\nslot 8      1   10    B   0x04  3 4 5 7 9 10 11 12 14 15\nslot 8      1   10    C   0x01  3 4 5 7 9 10 11 12 14 15\nslot 8      1   10    D   0x02  3 4 5 7 9 10 11 12 14 15\nembedded    0   30    A   0x04  3 4 5 7 9 10 11 12 14 15\nembedded    0   30    B   0x02  3 4 5 7 9 10 11 12 14 15\nembedded    0   30    C   0x02  3 4 5 7 9 10 11 12 14 15\nembedded    0   30    D   0x02  3 4 5 7 9 10 11 12 14 15\nAcpiOsDerivePciId: bus 0 dev 1 func 0\nacpi0: Power Button (fixed)\nacpi0: wakeup code va 0xcdc29000 pa 0x9e000\nAcpiOsDerivePciId: bus 0 dev 1 func 0\nAcpiOsDerivePciId: bus 0 dev 1 func 0\nAcpiOsDerivePciId: bus 0 dev 1 func 0\nACPI timer: 1/2 1/2 1/2 1/2 1/2 1/2 1/2 1/2 1/2 1/2 -\u003e 10\nTimecounter \"ACPI-fast\" frequency 3579545 Hz quality 1000\nacpi_timer0: \u003c24-bit timer at 3.579545MHz\u003e port 0x4008-0x400b on acpi0\npci_link0: Links after initial probe:\nIndex  IRQ  Rtd  Ref  IRQs\n    0  255   N     0  3 4 5 6 7 10 11 12 14 15\npci_link0: Links after initial validation:\nIndex  IRQ  Rtd  Ref  IRQs\n    0  255   N     0  3 4 5 6 7 10 11 12 14 15\npci_link0: Links after disable:\nIndex  IRQ  Rtd  Ref  IRQs\n    0  255   N     0  3 4 5 6 7 10 11 12 14 15\npci_link1: Links after initial probe:\nIndex  IRQ  Rtd  Ref  IRQs\n    0  255   N     0  3 4 5 6 7 10 11 12 14 15\npci_link1: Links after initial validation:\nIndex  IRQ  Rtd  Ref  IRQs\n    0  255   N     0  3 4 5 6 7 10 11 12 14 15\npci_link1: Links after disable:\nIndex  IRQ  Rtd  Ref  IRQs\n    0  255   N     0  3 4 5 6 7 10 11 12 14 15\npci_link2: Links after initial probe:\nIndex  IRQ  Rtd  Ref  IRQs\n    0  255   N     0  3 4 5 6 7 10 11 12 14 15\npci_link2: Links after initial validation:\nIndex  IRQ  Rtd  Ref  IRQs\n    0  255   N     0  3 4 5 6 7 10 11 12 14 15\npci_link2: Links after disable:\nIndex  IRQ  Rtd  Ref  IRQs\n    0  255   N     0  3 4 5 6 7 10 11 12 14 15\npci_link3: Links after initial probe:\nIndex  IRQ  Rtd  Ref  IRQs\n    0    5   N     0  3 4 5 6 7 10 11 12 14 15\npci_link3: Links after initial validation:\nIndex  IRQ  Rtd  Ref  IRQs\n    0    5   N     0  3 4 5 6 7 10 11 12 14 15\npci_link3: Links after disable:\nIndex  IRQ  Rtd  Ref  IRQs\n    0  255   N     0  3 4 5 6 7 10 11 12 14 15\npci_link4: Links after initial probe:\nIndex  IRQ  Rtd  Ref  IRQs\n    0  255   N     0  3 4 5 6 7 10 11 12 14 15\npci_link4: Links after initial validation:\nIndex  IRQ  Rtd  Ref  IRQs\n    0  255   N     0  3 4 5 6 7 10 11 12 14 15\npci_link4: Links after disable:\nIndex  IRQ  Rtd  Ref  IRQs\n    0  255   N     0  3 4 5 6 7 10 11 12 14 15\npci_link5: Links after initial probe:\nIndex  IRQ  Rtd  Ref  IRQs\n    0    5   N     0  3 4 5 6 7 10 11 12 14 15\npci_link5: Links after initial validation:\nIndex  IRQ  Rtd  Ref  IRQs\n    0    5   N     0  3 4 5 6 7 10 11 12 14 15\npci_link5: Links after disable:\nIndex  IRQ  Rtd  Ref  IRQs\n    0  255   N     0  3 4 5 6 7 10 11 12 14 15\npci_link6: Links after initial probe:\nIndex  IRQ  Rtd  Ref  IRQs\n    0   11   N     0  3 4 5 6 7 10 11 12 14 15\npci_link6: Links after initial validation:\nIndex  IRQ  Rtd  Ref  IRQs\n    0   11   N     0  3 4 5 6 7 10 11 12 14 15\npci_link6: Links after disable:\nIndex  IRQ  Rtd  Ref  IRQs\n    0  255   N     0  3 4 5 6 7 10 11 12 14 15\npci_link7: Links after initial probe:\nIndex  IRQ  Rtd  Ref  IRQs\n    0   11   N     0  3 4 5 6 7 10 11 12 14 15\npci_link7: Links after initial validation:\nIndex  IRQ  Rtd  Ref  IRQs\n    0   11   N     0  3 4 5 6 7 10 11 12 14 15\npci_link7: Links after disable:\nIndex  IRQ  Rtd  Ref  IRQs\n    0  255   N     0  3 4 5 6 7 10 11 12 14 15\npci_link8: Links after initial probe:\nIndex  IRQ  Rtd  Ref  IRQs\n    0  255   N     0  3 4 5 6 7 10 11 12 14 15\npci_link8: Links after initial validation:\nIndex  IRQ  Rtd  Ref  IRQs\n    0  255   N     0  3 4 5 6 7 10 11 12 14 15\npci_link8: Links after disable:\nIndex  IRQ  Rtd  Ref  IRQs\n    0  255   N     0  3 4 5 6 7 10 11 12 14 15\npci_link9: Links after initial probe:\nIndex  IRQ  Rtd  Ref  IRQs\n    0   11   N     0  3 4 5 6 7 10 11 12 14 15\npci_link9: Links after initial validation:\nIndex  IRQ  Rtd  Ref  IRQs\n    0   11   N     0  3 4 5 6 7 10 11 12 14 15\npci_link9: Links after disable:\nIndex  IRQ  Rtd  Ref  IRQs\n    0  255   N     0  3 4 5 6 7 10 11 12 14 15\npci_link10: Links after initial probe:\nIndex  IRQ  Rtd  Ref  IRQs\n    0  255   N     0  3 4 5 6 7 10 11 12 14 15\npci_link10: Links after initial validation:\nIndex  IRQ  Rtd  Ref  IRQs\n    0  255   N     0  3 4 5 6 7 10 11 12 14 15\npci_link10: Links after disable:\nIndex  IRQ  Rtd  Ref  IRQs\n    0  255   N     0  3 4 5 6 7 10 11 12 14 15\npci_link11: Links after initial probe:\nIndex  IRQ  Rtd  Ref  IRQs\n    0   11   N     0  3 4 5 6 7 10 11 12 14 15\npci_link11: Links after initial validation:\nIndex  IRQ  Rtd  Ref  IRQs\n    0   11   N     0  3 4 5 6 7 10 11 12 14 15\npci_link11: Links after disable:\nIndex  IRQ  Rtd  Ref  IRQs\n    0  255   N     0  3 4 5 6 7 10 11 12 14 15\npci_link12: Links after initial probe:\nIndex  IRQ  Rtd  Ref  IRQs\n    0    5   N     0  3 4 5 6 7 10 11 12 14 15\npci_link12: Links after initial validation:\nIndex  IRQ  Rtd  Ref  IRQs\n    0    5   N     0  3 4 5 6 7 10 11 12 14 15\npci_link12: Links after disable:\nIndex  IRQ  Rtd  Ref  IRQs\n    0  255   N     0  3 4 5 6 7 10 11 12 14 15\npci_link13: Links after initial probe:\nIndex  IRQ  Rtd  Ref  IRQs\n    0  255   N     0  3 4 5 6 7 10 11 12 14 15\npci_link13: Links after initial validation:\nIndex  IRQ  Rtd  Ref  IRQs\n    0  255   N     0  3 4 5 6 7 10 11 12 14 15\npci_link13: Links after disable:\nIndex  IRQ  Rtd  Ref  IRQs\n    0  255   N     0  3 4 5 6 7 10 11 12 14 15\npci_link14: Links after initial probe:\nIndex  IRQ  Rtd  Ref  IRQs\n    0  255   N     0  3 4 5 6 7 10 11 12 14 15\npci_link14: Links after initial validation:\nIndex  IRQ  Rtd  Ref  IRQs\n    0  255   N     0  3 4 5 6 7 10 11 12 14 15\npci_link14: Links after disable:\nIndex  IRQ  Rtd  Ref  IRQs\n    0  255   N     0  3 4 5 6 7 10 11 12 14 15\npci_link15: Links after initial probe:\nIndex  IRQ  Rtd  Ref  IRQs\n    0  255   N     0  3 4 5 6 7 10 11 12 14 15\npci_link15: Links after initial validation:\nIndex  IRQ  Rtd  Ref  IRQs\n    0  255   N     0  3 4 5 6 7 10 11 12 14 15\npci_link15: Links after disable:\nIndex  IRQ  Rtd  Ref  IRQs\n    0  255   N     0  3 4 5 6 7 10 11 12 14 15\npci_link16: Links after initial probe:\nIndex  IRQ  Rtd  Ref  IRQs\n    0   16   N     0  16\npci_link16: Links after initial validation:\nIndex  IRQ  Rtd  Ref  IRQs\n    0   16   N     0  16\npci_link16: Links after disable:\nIndex  IRQ  Rtd  Ref  IRQs\n    0  255   N     0  16\npci_link17: Links after initial probe:\nIndex  IRQ  Rtd  Ref  IRQs\n    0   17   N     0  17\npci_link17: Links after initial validation:\nIndex  IRQ  Rtd  Ref  IRQs\n    0   17   N     0  17\npci_link17: Links after disable:\nIndex  IRQ  Rtd  Ref  IRQs\n    0  255   N     0  17\npci_link18: Links after initial probe:\nIndex  IRQ  Rtd  Ref  IRQs\n    0   18   N     0  18\npci_link18: Links after initial validation:\nIndex  IRQ  Rtd  Ref  IRQs\n    0   18   N     0  18\npci_link18: Links after disable:\nIndex  IRQ  Rtd  Ref  IRQs\n    0  255   N     0  18\npci_link19: Links after initial probe:\nIndex  IRQ  Rtd  Ref  IRQs\n    0   19   N     0  19\npci_link19: Links after initial validation:\nIndex  IRQ  Rtd  Ref  IRQs\n    0   19   N     0  19\npci_link19: Links after disable:\nIndex  IRQ  Rtd  Ref  IRQs\n    0  255   N     0  19\npci_link20: Links after initial probe:\nIndex  IRQ  Rtd  Ref  IRQs\n    0   16   N     0  16\npci_link20: Links after initial validation:\nIndex  IRQ  Rtd  Ref  IRQs\n    0   16   N     0  16\npci_link20: Links after disable:\nIndex  IRQ  Rtd  Ref  IRQs\n    0  255   N     0  16\npci_link21: Links after initial probe:\nIndex  IRQ  Rtd  Ref  IRQs\n    0  255   N     0  20 21 22\npci_link21: Links after initial validation:\nIndex  IRQ  Rtd  Ref  IRQs\n    0  255   N     0  20 21 22\npci_link21: Links after disable:\nIndex  IRQ  Rtd  Ref  IRQs\n    0  255   N     0  20 21 22\npci_link22: Links after initial probe:\nIndex  IRQ  Rtd  Ref  IRQs\n    0  255   N     0  20 21 22\npci_link22: Links after initial validation:\nIndex  IRQ  Rtd  Ref  IRQs\n    0  255   N     0  20 21 22\npci_link22: Links after disable:\nIndex  IRQ  Rtd  Ref  IRQs\n    0  255   N     0  20 21 22\npci_link23: Links after initial probe:\nIndex  IRQ  Rtd  Ref  IRQs\n    0  255   N     0  20 21 22\npci_link23: Links after initial validation:\nIndex  IRQ  Rtd  Ref  IRQs\n    0  255   N     0  20 21 22\npci_link23: Links after disable:\nIndex  IRQ  Rtd  Ref  IRQs\n    0  255   N     0  20 21 22\npci_link24: Links after initial probe:\nIndex  IRQ  Rtd  Ref  IRQs\n    0  255   N     0  20 21 22\npci_link24: Links after initial validation:\nIndex  IRQ  Rtd  Ref  IRQs\n    0  255   N     0  20 21 22\npci_link24: Links after disable:\nIndex  IRQ  Rtd  Ref  IRQs\n    0  255   N     0  20 21 22\npci_link25: Links after initial probe:\nIndex  IRQ  Rtd  Ref  IRQs\n    0  255   N     0  20 21 22\npci_link25: Links after initial validation:\nIndex  IRQ  Rtd  Ref  IRQs\n    0  255   N     0  20 21 22\npci_link25: Links after disable:\nIndex  IRQ  Rtd  Ref  IRQs\n    0  255   N     0  20 21 22\npci_link26: Links after initial probe:\nIndex  IRQ  Rtd  Ref  IRQs\n    0  255   N     0  20 21 22\npci_link26: Links after initial validation:\nIndex  IRQ  Rtd  Ref  IRQs\n    0  255   N     0  20 21 22\npci_link26: Links after disable:\nIndex  IRQ  Rtd  Ref  IRQs\n    0  255   N     0  20 21 22\npci_link27: Links after initial probe:\nIndex  IRQ  Rtd  Ref  IRQs\n    0   23   N     0  23\npci_link27: Links after initial validation:\nIndex  IRQ  Rtd  Ref  IRQs\n    0   23   N     0  23\npci_link27: Links after disable:\nIndex  IRQ  Rtd  Ref  IRQs\n    0  255   N     0  23\npci_link28: Links after initial probe:\nIndex  IRQ  Rtd  Ref  IRQs\n    0  255   N     0  20 21 22\npci_link28: Links after initial validation:\nIndex  IRQ  Rtd  Ref  IRQs\n    0  255   N     0  20 21 22\npci_link28: Links after disable:\nIndex  IRQ  Rtd  Ref  IRQs\n    0  255   N     0  20 21 22\npci_link29: Links after initial probe:\nIndex  IRQ  Rtd  Ref  IRQs\n    0  255   N     0  20 21 22\npci_link29: Links after initial validation:\nIndex  IRQ  Rtd  Ref  IRQs\n    0  255   N     0  20 21 22\npci_link29: Links after disable:\nIndex  IRQ  Rtd  Ref  IRQs\n    0  255   N     0  20 21 22\npci_link30: Links after initial probe:\nIndex  IRQ  Rtd  Ref  IRQs\n    0  255   N     0  20 21 22\npci_link30: Links after initial validation:\nIndex  IRQ  Rtd  Ref  IRQs\n    0  255   N     0  20 21 22\npci_link30: Links after disable:\nIndex  IRQ  Rtd  Ref  IRQs\n    0  255   N     0  20 21 22\npci_link31: Links after initial probe:\nIndex  IRQ  Rtd  Ref  IRQs\n    0  255   N     0  20 21 22\npci_link31: Links after initial validation:\nIndex  IRQ  Rtd  Ref  IRQs\n    0  255   N     0  20 21 22\npci_link31: Links after disable:\nIndex  IRQ  Rtd  Ref  IRQs\n    0  255   N     0  20 21 22\ncpu0: \u003cACPI CPU\u003e on acpi0\nacpi_button0: \u003cPower Button\u003e on acpi0\npcib0: \u003cACPI Host-PCI bridge\u003e port 0xcf8-0xcff on acpi0\npci0: \u003cACPI PCI bus\u003e on pcib0\npci0: physical bus=0\nfound-\u003e\tvendor=0x10de, dev=0x01e0, revid=0xc1\n\tbus=0, slot=0, func=0\n\tclass=06-00-00, hdrtype=0x00, mfdev=1\n\tcmdreg=0x0006, statreg=0x00b0, cachelnsz=0 (dwords)\n\tlattimer=0x00 (0 ns), mingnt=0x00 (0 ns), maxlat=0x00 (0 ns)\n\tmap[10]: type 3, range 32, base d0000000, size 27, enabled\nfound-\u003e\tvendor=0x10de, dev=0x01eb, revid=0xc1\n\tbus=0, slot=0, func=1\n\tclass=05-00-00, hdrtype=0x00, mfdev=1\n\tcmdreg=0x0000, statreg=0x0020, cachelnsz=0 (dwords)\n\tlattimer=0x00 (0 ns), mingnt=0x00 (0 ns), maxlat=0x00 (0 ns)\nfound-\u003e\tvendor=0x10de, dev=0x01ee, revid=0xc1\n\tbus=0, slot=0, func=2\n\tclass=05-00-00, hdrtype=0x00, mfdev=1\n\tcmdreg=0x0000, statreg=0x0020, cachelnsz=0 (dwords)\n\tlattimer=0x00 (0 ns), mingnt=0x00 (0 ns), maxlat=0x00 (0 ns)\nfound-\u003e\tvendor=0x10de, dev=0x01ed, revid=0xc1\n\tbus=0, slot=0, func=3\n\tclass=05-00-00, hdrtype=0x00, mfdev=1\n\tcmdreg=0x0000, statreg=0x0020, cachelnsz=0 (dwords)\n\tlattimer=0x00 (0 ns), mingnt=0x00 (0 ns), maxlat=0x00 (0 ns)\nfound-\u003e\tvendor=0x10de, dev=0x01ec, revid=0xc1\n\tbus=0, slot=0, func=4\n\tclass=05-00-00, hdrtype=0x00, mfdev=1\n\tcmdreg=0x0000, statreg=0x0020, cachelnsz=0 (dwords)\n\tlattimer=0x00 (0 ns), mingnt=0x00 (0 ns), maxlat=0x00 (0 ns)\nfound-\u003e\tvendor=0x10de, dev=0x01ef, revid=0xc1\n\tbus=0, slot=0, func=5\n\tclass=05-00-00, hdrtype=0x00, mfdev=1\n\tcmdreg=0x0000, statreg=0x0020, cachelnsz=0 (dwords)\n\tlattimer=0x00 (0 ns), mingnt=0x00 (0 ns), maxlat=0x00 (0 ns)\nfound-\u003e\tvendor=0x10de, dev=0x0060, revid=0xa4\n\tbus=0, slot=1, func=0\n\tclass=06-01-00, hdrtype=0x00, mfdev=1\n\tcmdreg=0x000f, statreg=0x00b0, cachelnsz=0 (dwords)\n\tlattimer=0x00 (0 ns), mingnt=0x00 (0 ns), maxlat=0x00 (0 ns)\nfound-\u003e\tvendor=0x10de, dev=0x0064, revid=0xa2\n\tbus=0, slot=1, func=1\n\tclass=0c-05-00, hdrtype=0x00, mfdev=1\n\tcmdreg=0x0001, statreg=0x00b0, cachelnsz=0 (dwords)\n\tlattimer=0x00 (0 ns), mingnt=0x03 (750 ns), maxlat=0x01 (250 ns)\n\tintpin=a, irq=11\n\tpowerspec 2  supports D0 D3  current D0\n\tmap[10]: type 4, range 32, base 0000d000, size  5, enabled\npcib0: matched entry for 0.1.INTA (src \\\\_SB_.PCI0.APCS:0)\nioapic0: Changing polarity for pin 23 to high\npcib0: slot 1 INTA routed to irq 23 via \\\\_SB_.PCI0.APCS\nfound-\u003e\tvendor=0x10de, dev=0x0067, revid=0xa4\n\tbus=0, slot=2, func=0\n\tclass=0c-03-10, hdrtype=0x00, mfdev=1\n\tcmdreg=0x0007, statreg=0x00b0, cachelnsz=0 (dwords)\n\tlattimer=0x00 (0 ns), mingnt=0x03 (750 ns), maxlat=0x01 (250 ns)\n\tintpin=a, irq=5\n\tpowerspec 2  supports D0 D1 D2 D3  current D0\n\tmap[10]: type 1, range 32, base e2004000, size 12, enabled\npcib0: matched entry for 0.2.INTA (src \\\\_SB_.PCI0.APCF:0)\npci_link21: Picked IRQ 20 with weight 0\nioapic0: Changing polarity for pin 20 to high\npcib0: slot 2 INTA routed to irq 20 via \\\\_SB_.PCI0.APCF\nfound-\u003e\tvendor=0x10de, dev=0x0067, revid=0xa4\n\tbus=0, slot=2, func=1\n\tclass=0c-03-10, hdrtype=0x00, mfdev=1\n\tcmdreg=0x0007, statreg=0x00b0, cachelnsz=0 (dwords)\n\tlattimer=0x00 (0 ns), mingnt=0x03 (750 ns), maxlat=0x01 (250 ns)\n\tintpin=b, irq=11\n\tpowerspec 2  supports D0 D1 D2 D3  current D0\n\tmap[10]: type 1, range 32, base e2005000, size 12, enabled\npcib0: matched entry for 0.2.INTB (src \\\\_SB_.PCI0.APCG:0)\npci_link22: Picked IRQ 21 with weight 0\nioapic0: Changing polarity for pin 21 to high\npcib0: slot 2 INTB routed to irq 21 via \\\\_SB_.PCI0.APCG\nfound-\u003e\tvendor=0x10de, dev=0x0068, revid=0xa4\n\tbus=0, slot=2, func=2\n\tclass=0c-03-20, hdrtype=0x00, mfdev=1\n\tcmdreg=0x0006, statreg=0x00b0, cachelnsz=0 (dwords)\n\tlattimer=0x00 (0 ns), mingnt=0x03 (750 ns), maxlat=0x01 (250 ns)\n\tintpin=c, irq=5\n\tpowerspec 2  supports D0 D1 D2 D3  current D0\n\tmap[10]: type 1, range 32, base e2000000, size  8, enabled\npcib0: matched entry for 0.2.INTC (src \\\\_SB_.PCI0.APCL:0)\npci_link28: Picked IRQ 22 with weight 0\nioapic0: Changing polarity for pin 22 to high\npcib0: slot 2 INTC routed to irq 22 via \\\\_SB_.PCI0.APCL\nfound-\u003e\tvendor=0x10de, dev=0x0066, revid=0xa1\n\tbus=0, slot=4, func=0\n\tclass=02-00-00, hdrtype=0x00, mfdev=0\n\tcmdreg=0x0007, statreg=0x00b0, cachelnsz=0 (dwords)\n\tlattimer=0x00 (0 ns), mingnt=0x01 (250 ns), maxlat=0x14 (5000 ns)\n\tintpin=a, irq=11\n\tpowerspec 2  supports D0 D1 D2 D3  current D0\n\tmap[10]: type 1, range 32, base e2001000, size 12, enabled\n\tmap[14]: type 4, range 32, base 0000d400, size  3, enabled\npcib0: matched entry for 0.4.INTA (src \\\\_SB_.PCI0.APCH:0)\npci_link23: Picked IRQ 20 with weight 1\npcib0: slot 4 INTA routed to irq 20 via \\\\_SB_.PCI0.APCH\nfound-\u003e\tvendor=0x10de, dev=0x006a, revid=0xa1\n\tbus=0, slot=6, func=0\n\tclass=04-01-00, hdrtype=0x00, mfdev=0\n\tcmdreg=0x0007, statreg=0x00b0, cachelnsz=0 (dwords)\n\tlattimer=0x00 (0 ns), mingnt=0x02 (500 ns), maxlat=0x05 (1250 ns)\n\tintpin=a, irq=11\n\tpowerspec 2  supports D0 D1 D2 D3  current D0\n\tmap[10]: type 4, range 32, base 0000d800, size  8, enabled\n\tmap[14]: type 4, range 32, base 0000dc00, size  7, enabled\n\tmap[18]: type 1, range 32, base e2002000, size 12, enabled\npcib0: matched entry for 0.6.INTA (src \\\\_SB_.PCI0.APCJ:0)\npci_link25: Picked IRQ 21 with weight 1\npcib0: slot 6 INTA routed to irq 21 via \\\\_SB_.PCI0.APCJ\nfound-\u003e\tvendor=0x10de, dev=0x006c, revid=0xa3\n\tbus=0, slot=8, func=0\n\tclass=06-04-00, hdrtype=0x01, mfdev=0\n\tcmdreg=0x0107, statreg=0x00a0, cachelnsz=0 (dwords)\n\tlattimer=0x00 (0 ns), mingnt=0x02 (500 ns), maxlat=0x00 (0 ns)\nfound-\u003e\tvendor=0x10de, dev=0x0065, revid=0xa2\n\tbus=0, slot=9, func=0\n\tclass=01-01-8a, hdrtype=0x00, mfdev=0\n\tcmdreg=0x0005, statreg=0x00b0, cachelnsz=0 (dwords)\n\tlattimer=0x00 (0 ns), mingnt=0x03 (750 ns), maxlat=0x01 (250 ns)\n\tpowerspec 2  supports D0 D3  current D0\n\tmap[20]: type 4, range 32, base 0000f000, size  4, enabled\nfound-\u003e\tvendor=0x10de, dev=0x01e8, revid=0xc1\n\tbus=0, slot=30, func=0\n\tclass=06-04-00, hdrtype=0x01, mfdev=0\n\tcmdreg=0x0107, statreg=0x0220, cachelnsz=0 (dwords)\n\tlattimer=0x20 (960 ns), mingnt=0x0a (2500 ns), maxlat=0x00 (0 ns)\nCorrecting nForce2 C1 CPU disconnect hangs\npci0: \u003cmemory, RAM\u003e at device 0.1 (no driver attached)\npci0: \u003cmemory, RAM\u003e at device 0.2 (no driver attached)\npci0: \u003cmemory, RAM\u003e at device 0.3 (no driver attached)\npci0: \u003cmemory, RAM\u003e at device 0.4 (no driver attached)\npci0: \u003cmemory, RAM\u003e at device 0.5 (no driver attached)\nisab0: \u003cPCI-ISA bridge\u003e at device 1.0 on pci0\nisa0: \u003cISA bus\u003e on isab0\npci0: \u003cserial bus, SMBus\u003e at device 1.1 (no driver attached)\nohci0: \u003cOHCI (generic) USB controller\u003e mem 0xe2004000-0xe2004fff irq 20 at device 2.0 on pci0\nohci0: Reserved 0x1000 bytes for rid 0x10 type 3 at 0xe2004000\nioapic0: routing intpin 20 (PCI IRQ 20) to vector 49\nohci0: [GIANT-LOCKED]\nusb0: OHCI version 1.0, legacy support\nusb0: \u003cOHCI (generic) USB controller\u003e on ohci0\nusb0: USB revision 1.0\nuhub0: nVidia OHCI root hub, class 9/0, rev 1.00/1.00, addr 1\nuhub0: 3 ports with 3 removable, self powered\nohci1: \u003cOHCI (generic) USB controller\u003e mem 0xe2005000-0xe2005fff irq 21 at device 2.1 on pci0\nohci1: Reserved 0x1000 bytes for rid 0x10 type 3 at 0xe2005000\nioapic0: routing intpin 21 (PCI IRQ 21) to vector 50\nohci1: [GIANT-LOCKED]\nusb1: OHCI version 1.0, legacy support\nusb1: \u003cOHCI (generic) USB controller\u003e on ohci1\nusb1: USB revision 1.0\nuhub1: nVidia OHCI root hub, class 9/0, rev 1.00/1.00, addr 1\nuhub1: 3 ports with 3 removable, self powered\nehci0: \u003cNVIDIA nForce2 USB 2.0 controller\u003e mem 0xe2000000-0xe20000ff irq 22 at device 2.2 on pci0\nehci0: Reserved 0x100 bytes for rid 0x10 type 3 at 0xe2000000\nioapic0: routing intpin 22 (PCI IRQ 22) to vector 51\nehci0: [GIANT-LOCKED]\nusb2: EHCI version 1.0\nusb2: companion controllers, 4 ports each: usb0 usb1\nusb2: \u003cNVIDIA nForce2 USB 2.0 controller\u003e on ehci0\nusb2: USB revision 2.0\nuhub2: nVidia EHCI root hub, class 9/0, rev 2.00/1.00, addr 1\nuhub2: 6 ports with 6 removable, self powered\numass0: Generic Mass Storage Device, rev 2.00/1.27, addr 2\numass0:0:0:-1: Attached to scbus0\nnve0: \u003cNVIDIA nForce MCP2 Networking Adapter\u003e port 0xd400-0xd407 mem 0xe2001000-0xe2001fff irq 20 at device 4.0 on pci0\nnve0: nvenetlib.o version 1.0-13\nnve0: Reserved 0x1000 bytes for rid 0x10 type 3 at 0xe2001000\nnve0: Ethernet address 00:04:61:5b:aa:d5\nmiibus0: \u003cMII bus\u003e on nve0\nrlphy0: \u003cRTL8201L 10/100 media interface\u003e on miibus0\nrlphy0:  10baseT, 10baseT-FDX, 100baseTX, 100baseTX-FDX, auto\nnve0: bpf attached\nnve0: Ethernet address: 00:04:61:5b:aa:d5\nnve0: [MPSAFE]\npcm0: \u003cnVidia nForce2\u003e port 0xd800-0xd8ff,0xdc00-0xdc7f mem 0xe2002000-0xe2002fff irq 21 at device 6.0 on pci0\npcm0: Reserved 0x100 bytes for rid 0x10 type 4 at 0xd800\npcm0: Reserved 0x80 bytes for rid 0x14 type 4 at 0xdc00\npcm0: [MPSAFE]\npcm0: \u003cAvance Logic ALC655 AC97 Codec (id = 0x414c4760)\u003e\npcm0: Codec features 5 bit master volume, no 3D Stereo Enhancement\npcm0: Primary codec extended features reserved 1, center DAC, surround DAC, LFE DAC, reserved 5\npcm0: ac97 codec dac ready count: 0\npcm0: sndbuf_setmap 1f23a000, 4000; 0xd5c7f000 -\u003e 1f23a000\npcm0: sndbuf_setmap 1f236000, 4000; 0xd5c83000 -\u003e 1f236000\npcib1: \u003cACPI PCI-PCI bridge\u003e at device 8.0 on pci0\npcib1:   secondary bus     1\npcib1:   subordinate bus   1\npcib1:   I/O decode        0xf000-0xfff\npcib1:   memory decode     0xfff00000-0xfffff\npcib1:   prefetched decode 0xfff00000-0xfffff\npci1: \u003cACPI PCI bus\u003e on pcib1\npci1: physical bus=1\natapci0: \u003cnVidia nForce2 UDMA133 controller\u003e port 0x1f0-0x1f7,0x3f6,0x170-0x177,0x376,0xf000-0xf00f at device 9.0 on pci0\natapci0: Reserved 0x10 bytes for rid 0x20 type 4 at 0xf000\nata0: \u003cATA channel 0\u003e on atapci0\natapci0: Reserved 0x8 bytes for rid 0x10 type 4 at 0x1f0\natapci0: Reserved 0x1 bytes for rid 0x14 type 4 at 0x3f6\nata0: reset tp1 mask=03 ostat0=50 ostat1=00\nata0: stat0=0x90 err=0x90 lsb=0x90 msb=0x90\nata0: stat0=0x50 err=0x01 lsb=0x00 msb=0x00\nata0: stat1=0x00 err=0x01 lsb=0x00 msb=0x00\nata0: reset tp2 stat0=50 stat1=00 devices=0x1\u003cATA_MASTER\u003e\nioapic0: routing intpin 14 (ISA IRQ 14) to vector 52\nata0: [MPSAFE]\nata1: \u003cATA channel 1\u003e on atapci0\natapci0: Reserved 0x8 bytes for rid 0x18 type 4 at 0x170\natapci0: Reserved 0x1 bytes for rid 0x1c type 4 at 0x376\nata1: reset tp1 mask=03 ostat0=50 ostat1=00\nata1: stat0=0x00 err=0x01 lsb=0x14 msb=0xeb\nata1: stat1=0x00 err=0x04 lsb=0x14 msb=0xeb\nata1: reset tp2 stat0=00 stat1=00 devices=0x4\u003cATAPI_MASTER\u003e\nioapic0: routing intpin 15 (ISA IRQ 15) to vector 53\nata1: [MPSAFE]\npcib2: \u003cACPI PCI-PCI bridge\u003e at device 30.0 on pci0\npcib2:   secondary bus     2\npcib2:   subordinate bus   2\npcib2:   I/O decode        0xf000-0xfff\npcib2:   memory decode     0xe0000000-0xe1ffffff\npcib2:   prefetched decode 0xd8000000-0xdfffffff\npci2: \u003cACPI PCI bus\u003e on pcib2\npci2: physical bus=2\nfound-\u003e\tvendor=0x10de, dev=0x0181, revid=0xc1\n\tbus=2, slot=0, func=0\n\tclass=03-00-00, hdrtype=0x00, mfdev=0\n\tcmdreg=0x0007, statreg=0x02b0, cachelnsz=0 (dwords)\n\tlattimer=0x20 (960 ns), mingnt=0x05 (1250 ns), maxlat=0x01 (250 ns)\n\tintpin=a, irq=5\n\tpowerspec 2  supports D0 D3  current D0\n\tmap[10]: type 1, range 32, base e0000000, size 24, enabled\npcib2: (null) requested memory range 0xe0000000-0xe0ffffff: good\n\tmap[14]: type 3, range 32, base d8000000, size 27, enabled\npcib2: (null) requested memory range 0xd8000000-0xdfffffff: good\npcib2: matched entry for 2.0.INTA (src \\\\_SB_.PCI0.APC4:0)\nioapic0: Changing polarity for pin 19 to high\npcib2: slot 0 INTA routed to irq 19 via \\\\_SB_.PCI0.APC4\nnvidia0: \u003cGeForce4 MX 440 with AGP8X\u003e mem 0xe0000000-0xe0ffffff,0xd8000000-0xdfffffff irq 19 at device 0.0 on pci2\nnvidia0: Reserved 0x1000000 bytes for rid 0x10 type 3 at 0xe0000000\nnvidia0: Reserved 0x8000000 bytes for rid 0x14 type 3 at 0xd8000000\nioapic0: routing intpin 19 (PCI IRQ 19) to vector 54\nnvidia0: [GIANT-LOCKED]\nacpi_tz0: \u003cThermal Zone\u003e on acpi0\nfdc0: \u003cfloppy drive controller\u003e port 0x3f0-0x3f5,0x3f7 irq 6 drq 2 on acpi0\nfdc0: ic_type 90 part_id 80\nioapic0: routing intpin 6 (ISA IRQ 6) to vector 55\nfdc0: [MPSAFE]\nfdc0: [FAST]\nfd0: \u003c1440-KB 3.5\" drive\u003e on fdc0 drive 0\nsio0: irq maps: 0x821 0x831 0x821 0x821\nsio0: \u003c16550A-compatible COM port\u003e port 0x3f8-0x3ff irq 4 flags 0x10 on acpi0\nsio0: type 16550A\nioapic0: routing intpin 4 (ISA IRQ 4) to vector 56\nsio1: irq maps: 0x821 0x829 0x821 0x821\nsio1: \u003c16550A-compatible COM port\u003e port 0x2f8-0x2ff irq 3 on acpi0\nsio1: type 16550A\nioapic0: routing intpin 3 (ISA IRQ 3) to vector 57\nppc0: using extended I/O port range\nppc0: SPP\nppc0: \u003cStandard parallel printer port\u003e port 0x378-0x37f,0x778-0x77b irq 7 on acpi0\nppc0: Generic chipset (NIBBLE-only) in COMPATIBLE mode\nppbus0: \u003cParallel port bus\u003e on ppc0\nplip0: \u003cPLIP network interface\u003e on ppbus0\nplip0: bpf attached\nlpt0: \u003cPrinter\u003e on ppbus0\nlpt0: Interrupt-driven port\nppi0: \u003cParallel I/O\u003e on ppbus0\nioapic0: routing intpin 7 (ISA IRQ 7) to vector 58\npsmcpnp0: \u003cPS/2 mouse port\u003e irq 12 on acpi0\natkbdc0: \u003cKeyboard controller (i8042)\u003e port 0x60,0x64 irq 1 on acpi0\natkbd0: \u003cAT Keyboard\u003e irq 1 on atkbdc0\natkbd: the current kbd controller command byte 0047\natkbd: keyboard ID 0x41ab (2)\nkbd0 at atkbd0\nkbd0: atkbd0, AT 101/102 (2), config:0x0, flags:0x3d0000\nioapic0: routing intpin 1 (ISA IRQ 1) to vector 59\natkbd0: [GIANT-LOCKED]\npsm0: current command byte:0047\npsm0: \u003cPS/2 Mouse\u003e irq 12 on atkbdc0\nioapic0: routing intpin 12 (ISA IRQ 12) to vector 60\npsm0: [GIANT-LOCKED]\npsm0: model NetMouse/NetScroll Optical, device ID 0-00, 3 buttons\npsm0: config:00000000, flags:00000008, packet size:4\npsm0: syncmask:08, syncbits:00\nunknown: status reg test failed 0\nunknown: status reg test failed ff\nunknown: status reg test failed ff\nunknown: status reg test failed ff\nunknown: status reg test failed ff\nunknown: status reg test failed ff\nex_isa_identify()\nata: ata0 already exists; skipping it\nata: ata1 already exists; skipping it\natkbdc: atkbdc0 already exists; skipping it\nfdc: fdc0 already exists; skipping it\nppc: ppc0 already exists; skipping it\nsio: sio0 already exists; skipping it\nsio: sio1 already exists; skipping it\npnp_identify: Trying Read_Port at 203\npnp_identify: Trying Read_Port at 243\npnp_identify: Trying Read_Port at 283\npnp_identify: Trying Read_Port at 2c3\npnp_identify: Trying Read_Port at 303\npnp_identify: Trying Read_Port at 343\npnp_identify: Trying Read_Port at 383\npnp_identify: Trying Read_Port at 3c3\nPNP Identify complete\nahc_isa_probe 0: ioport 0xc00 alloc failed\nahc_isa_probe 13: ioport 0xdc00 alloc failed\nsc: sc0 already exists; skipping it\nvga: vga0 already exists; skipping it\nisa_probe_children: disabling PnP devices\nisa_probe_children: probing non-PnP devices\npmtimer0 on isa0\norm0: \u003cISA Option ROM\u003e at iomem 0xc0000-0xcf7ff on isa0\nadv0: not probed (disabled)\naha0: not probed (disabled)\naic0: not probed (disabled)\nbt0: not probed (disabled)\ncs0: not probed (disabled)\ned0: not probed (disabled)\nfe0: not probed (disabled)\nie0: not probed (disabled)\nlnc0: not probed (disabled)\nsc0: \u003cSystem console\u003e at flags 0x100 on isa0\nsc0: VGA \u003c16 virtual consoles, flags=0x300\u003e\nsc0: fb0, kbd1, terminal emulator: sc (syscons terminal)\nsio2: not probed (disabled)\nsio3: not probed (disabled)\nsn0: not probed (disabled)\nvga0: \u003cGeneric ISA VGA\u003e at port 0x3c0-0x3df iomem 0xa0000-0xbffff on isa0\nvt0: not probed (disabled)\nisa_probe_children: probing PnP devices\nDevice configuration finished.\nprocfs registered\nlapic: Divisor 2, Frequency 167291721 hz\nTimecounter \"TSC\" frequency 1840214857 Hz quality 800\nTimecounters tick every 1.000 msec\nLinux ELF exec handler installed\nlo0: bpf attached\nrr232x: no controller detected.\nata0-master: pio=PIO4 wdma=WDMA2 udma=UDMA100 cable=80 wire\nad0: setting PIO4 on nForce2 chip\nad0: setting UDMA100 on nForce2 chip\nad0: 114473MB \u003cSeagate ST3120022A 8.54\u003e at ata0-master UDMA100\nad0: 234441648 sectors [232581C/16H/63S] 16 sectors/interrupt 1 depth queue\nad0: nVidia check1 failed\nad0: Adaptec check1 failed\nad0: LSI (v3) check1 failed\nad0: LSI (v2) check1 failed\nad0: FreeBSD check1 failed\nata1-master: pio=PIO4 wdma=WDMA2 udma=UDMA33 cable=40 wire\nacd0: setting PIO4 on nForce2 chip\nacd0: setting UDMA33 on nForce2 chip\nacd0: \u003cNEC DVD RW ND-3540A/1.01\u003e DVDR drive at ata1 as master\nacd0: read 8268KB/s (8268KB/s) write 8268KB/s (8268KB/s), 2048KB buffer, UDMA33\nacd0: Reads: CDR, CDRW, CDDA stream, DVDROM, DVDR, packet\nacd0: Writes: CDR, CDRW, DVDR, test write, burnproof\nacd0: Audio: play, 256 volume levels\nacd0: Mechanism: ejectable tray, unlocked\nacd0: Medium: 120mm data disc\npcm0: measured ac97 link rate at 47989 Hz, will use 48000 Hz\nGEOM: new disk ad0\npass0 at umass-sim0 bus 0 target 0 lun 0\npass0: \u003cGeneric USB SD Reader 1.00\u003e Removable Direct Access SCSI-0 device \npass0: 40.000MB/s transfers\npass1 at umass-sim0 bus 0 target 0 lun 1\npass1: \u003cGeneric USB CF Reader 1.01\u003e Removable Direct Access SCSI-0 device \npass1: 40.000MB/s transfers\npass2 at umass-sim0 bus 0 target 0 lun 2\npass2: \u003cGeneric USB SM Reader 1.02\u003e Removable Direct Access SCSI-0 device \npass2: 40.000MB/s transfers\npass3 at umass-sim0 bus 0 target 0 lun 3\npass3: \u003cGeneric USB MS Reader 1.03\u003e Removable Direct Access SCSI-0 device \npass3: 40.000MB/s transfers\nATA PseudoRAID loaded\n(da0:umass-sim0:0:0:0): error 6\n(da0:umass-sim0:0:0:0): Unretryable Error\nda0 at umass-sim0 bus 0 target 0 lun 0\nda0: \u003cGeneric USB SD Reader 1.00\u003e Removable Direct Access SCSI-0 device \nda0: 40.000MB/s transfers\nda0: Attempt to query device size failed: NOT READY, Medium not present\n(da1:umass-sim0:0:0:1): error 6\n(da1:umass-sim0:0:0:1): Unretryable Error\nda1 at umass-sim0 bus 0 target 0 lun 1\nda1: \u003cGeneric USB CF Reader 1.01\u003e Removable Direct Access SCSI-0 device \nda1: 40.000MB/s transfers\nda1: Attempt to query device size failed: NOT READY, Medium not present\n(da2:umass-sim0:0:0:2): error 6\n(da2:umass-sim0:0:0:2): Unretryable Error\nda2 at umass-sim0 bus 0 target 0 lun 2\nda2: \u003cGeneric USB SM Reader 1.02\u003e Removable Direct Access SCSI-0 device \nda2: 40.000MB/s transfers\nda2: Attempt to query device size failed: NOT READY, Medium not present\n(da3:umass-sim0:0:0:3): error 6\n(da3:umass-sim0:0:0:3): Unretryable Error\nda3 at umass-sim0 bus 0 target 0 lun 3\nda3: \u003cGeneric USB MS Reader 1.03\u003e Removable Direct Access SCSI-0 device \nda3: 40.000MB/s transfers\nda3: Attempt to query device size failed: NOT READY, Medium not present\npass4 at ata1 bus 0 target 0 lun 0\npass4: \u003c_NEC DVD_RW ND-3540A 1.01\u003e Removable CD-ROM SCSI-0 device \npass4: Serial Number [\npass4: 33.000MB/s transfers\ncd0 at ata1 bus 0 target 0 lun 0\ncd0: \u003c_NEC DVD_RW ND-3540A 1.01\u003e Removable CD-ROM SCSI-0 device \ncd0: Serial Number [\ncd0: 33.000MB/s transfers\ncd0: cd present [2054432 x 2048 byte records]\nGEOM: new disk da0\nGEOM: new disk da1\nGEOM: new disk da2\nGEOM: new disk da3\nGEOM: new disk cd0\n(da0:umass-sim0:0:0:0): READ CAPACITY. CDB: 25 0 0 0 0 0 0 0 0 0 \n(da0:umass-sim0:0:0:0): CAM Status: SCSI Status Error\n(da0:umass-sim0:0:0:0): SCSI Status: Check Condition\n(da0:umass-sim0:0:0:0): NOT READY csi:0,aa,55,40 asc:3a,0\n(da0:umass-sim0:0:0:0): Medium not present\n(da0:umass-sim0:0:0:0): (da0:umass-sim0:0:0:0): READ CAPACITY. CDB: 25 0 0 0 0 0 0 0 0 0 \n(da0:umass-sim0:0:0:0): NOT READY csi:0,aa,55,40 asc:3a,0\n(da0:umass-sim0:0:0:0): Medium not present\nUnretryable error\n(da0:umass-sim0:0:0:0): error 6\n(da0:umass-sim0:0:0:0): Unretryable Error\nOpened disk da0 -\u003e 6\n(da0:umass-sim0:0:0:0): READ CAPACITY. CDB: 25 0 0 0 0 0 0 0 0 0 \n(da0:umass-sim0:0:0:0): CAM Status: SCSI Status Error\n(da0:umass-sim0:0:0:0): SCSI Status: Check Condition\n(da0:umass-sim0:0:0:0): NOT READY csi:0,aa,55,40 asc:3a,0\n(da0:umass-sim0:0:0:0): Medium not present\n(da0:umass-sim0:0:0:0): (da0:umass-sim0:0:0:0): READ CAPACITY. CDB: 25 0 0 0 0 0 0 0 0 0 \n(da0:umass-sim0:0:0:0): NOT READY csi:0,aa,55,40 asc:3a,0\n(da0:umass-sim0:0:0:0): Medium not present\nUnretryable error\n(da0:umass-sim0:0:0:0): error 6\n(da0:umass-sim0:0:0:0): Unretryable Error\nOpened disk da0 -\u003e 6\n(da0:umass-sim0:0:0:0): READ CAPACITY. CDB: 25 0 0 0 0 0 0 0 0 0 \n(da0:umass-sim0:0:0:0): CAM Status: SCSI Status Error\n(da0:umass-sim0:0:0:0): SCSI Status: Check Condition\n(da0:umass-sim0:0:0:0): NOT READY csi:0,aa,55,40 asc:3a,0\n(da0:umass-sim0:0:0:0): Medium not present\n(da0:umass-sim0:0:0:0): (da0:umass-sim0:0:0:0): READ CAPACITY. CDB: 25 0 0 0 0 0 0 0 0 0 \n(da0:umass-sim0:0:0:0): NOT READY csi:0,aa,55,40 asc:3a,0\n(da0:umass-sim0:0:0:0): Medium not present\nUnretryable error\n(da0:umass-sim0:0:0:0): error 6\n(da0:umass-sim0:0:0:0): Unretryable Error\nOpened disk da0 -\u003e 6\n(da1:umass-sim0:0:0:1): READ CAPACITY. CDB: 25 20 0 0 0 0 0 0 0 0 \n(da1:umass-sim0:0:0:1): CAM Status: SCSI Status Error\n(da1:umass-sim0:0:0:1): SCSI Status: Check Condition\n(da1:umass-sim0:0:0:1): NOT READY csi:0,aa,55,40 asc:3a,0\n(da1:umass-sim0:0:0:1): Medium not present\n(da1:umass-sim0:0:0:1): (da1:umass-sim0:0:0:1): READ CAPACITY. CDB: 25 20 0 0 0 0 0 0 0 0 \n(da1:umass-sim0:0:0:1): NOT READY csi:0,aa,55,40 asc:3a,0\n(da1:umass-sim0:0:0:1): Medium not present\nUnretryable error\n(da1:umass-sim0:0:0:1): error 6\n(da1:umass-sim0:0:0:1): Unretryable Error\nOpened disk da1 -\u003e 6\n(da1:umass-sim0:0:0:1): READ CAPACITY. CDB: 25 20 0 0 0 0 0 0 0 0 \n(da1:umass-sim0:0:0:1): CAM Status: SCSI Status Error\n(da1:umass-sim0:0:0:1): SCSI Status: Check Condition\n(da1:umass-sim0:0:0:1): NOT READY csi:0,aa,55,40 asc:3a,0\n(da1:umass-sim0:0:0:1): Medium not present\n(da1:umass-sim0:0:0:1): (da1:umass-sim0:0:0:1): READ CAPACITY. CDB: 25 20 0 0 0 0 0 0 0 0 \n(da1:umass-sim0:0:0:1): NOT READY csi:0,aa,55,40 asc:3a,0\n(da1:umass-sim0:0:0:1): Medium not present\nUnretryable error\n(da1:umass-sim0:0:0:1): error 6\n(da1:umass-sim0:0:0:1): Unretryable Error\nOpened disk da1 -\u003e 6\n(da1:umass-sim0:0:0:1): READ CAPACITY. CDB: 25 20 0 0 0 0 0 0 0 0 \n(da1:umass-sim0:0:0:1): CAM Status: SCSI Status Error\n(da1:umass-sim0:0:0:1): SCSI Status: Check Condition\n(da1:umass-sim0:0:0:1): NOT READY csi:0,aa,55,40 asc:3a,0\n(da1:umass-sim0:0:0:1): Medium not present\n(da1:umass-sim0:0:0:1): (da1:umass-sim0:0:0:1): READ CAPACITY. CDB: 25 20 0 0 0 0 0 0 0 0 \n(da1:umass-sim0:0:0:1): NOT READY csi:0,aa,55,40 asc:3a,0\n(da1:umass-sim0:0:0:1): Medium not present\nUnretryable error\n(da1:umass-sim0:0:0:1): error 6\n(da1:umass-sim0:0:0:1): Unretryable Error\nOpened disk da1 -\u003e 6\n(da2:umass-sim0:0:0:2): READ CAPACITY. CDB: 25 40 0 0 0 0 0 0 0 0 \n(da2:umass-sim0:0:0:2): CAM Status: SCSI Status Error\n(da2:umass-sim0:0:0:2): SCSI Status: Check Condition\n(da2:umass-sim0:0:0:2): NOT READY csi:0,aa,55,40 asc:3a,0\n(da2:umass-sim0:0:0:2): Medium not present\n(da2:umass-sim0:0:0:2): (da2:umass-sim0:0:0:2): READ CAPACITY. CDB: 25 40 0 0 0 0 0 0 0 0 \n(da2:umass-sim0:0:0:2): NOT READY csi:0,aa,55,40 asc:3a,0\n(da2:umass-sim0:0:0:2): Medium not present\nUnretryable error\n(da2:umass-sim0:0:0:2): error 6\n(da2:umass-sim0:0:0:2): Unretryable Error\nOpened disk da2 -\u003e 6\n(da2:umass-sim0:0:0:2): READ CAPACITY. CDB: 25 40 0 0 0 0 0 0 0 0 \n(da2:umass-sim0:0:0:2): CAM Status: SCSI Status Error\n(da2:umass-sim0:0:0:2): SCSI Status: Check Condition\n(da2:umass-sim0:0:0:2): NOT READY csi:0,aa,55,40 asc:3a,0\n(da2:umass-sim0:0:0:2): Medium not present\n(da2:umass-sim0:0:0:2): (da2:umass-sim0:0:0:2): READ CAPACITY. CDB: 25 40 0 0 0 0 0 0 0 0 \n(da2:umass-sim0:0:0:2): NOT READY csi:0,aa,55,40 asc:3a,0\n(da2:umass-sim0:0:0:2): Medium not present\nUnretryable error\n(da2:umass-sim0:0:0:2): error 6\n(da2:umass-sim0:0:0:2): Unretryable Error\nOpened disk da2 -\u003e 6\n(da2:umass-sim0:0:0:2): READ CAPACITY. CDB: 25 40 0 0 0 0 0 0 0 0 \n(da2:umass-sim0:0:0:2): CAM Status: SCSI Status Error\n(da2:umass-sim0:0:0:2): SCSI Status: Check Condition\n(da2:umass-sim0:0:0:2): NOT READY csi:0,aa,55,40 asc:3a,0\n(da2:umass-sim0:0:0:2): Medium not present\n(da2:umass-sim0:0:0:2): (da2:umass-sim0:0:0:2): READ CAPACITY. CDB: 25 40 0 0 0 0 0 0 0 0 \n(da2:umass-sim0:0:0:2): NOT READY csi:0,aa,55,40 asc:3a,0\n(da2:umass-sim0:0:0:2): Medium not present\nUnretryable error\n(da2:umass-sim0:0:0:2): error 6\n(da2:umass-sim0:0:0:2): Unretryable Error\nOpened disk da2 -\u003e 6\n(da3:umass-sim0:0:0:3): READ CAPACITY. CDB: 25 60 0 0 0 0 0 0 0 0 \n(da3:umass-sim0:0:0:3): CAM Status: SCSI Status Error\n(da3:umass-sim0:0:0:3): SCSI Status: Check Condition\n(da3:umass-sim0:0:0:3): NOT READY csi:0,aa,55,40 asc:3a,0\n(da3:umass-sim0:0:0:3): Medium not present\n(da3:umass-sim0:0:0:3): (da3:umass-sim0:0:0:3): READ CAPACITY. CDB: 25 60 0 0 0 0 0 0 0 0 \n(da3:umass-sim0:0:0:3): NOT READY csi:0,aa,55,40 asc:3a,0\n(da3:umass-sim0:0:0:3): Medium not present\nUnretryable error\n(da3:umass-sim0:0:0:3): error 6\n(da3:umass-sim0:0:0:3): Unretryable Error\nOpened disk da3 -\u003e 6\n(da3:umass-sim0:0:0:3): READ CAPACITY. CDB: 25 60 0 0 0 0 0 0 0 0 \n(da3:umass-sim0:0:0:3): CAM Status: SCSI Status Error\n(da3:umass-sim0:0:0:3): SCSI Status: Check Condition\n(da3:umass-sim0:0:0:3): NOT READY csi:0,aa,55,40 asc:3a,0\n(da3:umass-sim0:0:0:3): Medium not present\n(da3:umass-sim0:0:0:3): (da3:umass-sim0:0:0:3): READ CAPACITY. CDB: 25 60 0 0 0 0 0 0 0 0 \n(da3:umass-sim0:0:0:3): NOT READY csi:0,aa,55,40 asc:3a,0\n(da3:umass-sim0:0:0:3): Medium not present\nUnretryable error\n(da3:umass-sim0:0:0:3): error 6\n(da3:umass-sim0:0:0:3): Unretryable Error\nOpened disk da3 -\u003e 6\n(da3:umass-sim0:0:0:3): READ CAPACITY. CDB: 25 60 0 0 0 0 0 0 0 0 \n(da3:umass-sim0:0:0:3): CAM Status: SCSI Status Error\n(da3:umass-sim0:0:0:3): SCSI Status: Check Condition\n(da3:umass-sim0:0:0:3): NOT READY csi:0,aa,55,40 asc:3a,0\n(da3:umass-sim0:0:0:3): Medium not present\n(da3:umass-sim0:0:0:3): (da3:umass-sim0:0:0:3): READ CAPACITY. CDB: 25 60 0 0 0 0 0 0 0 0 \n(da3:umass-sim0:0:0:3): NOT READY csi:0,aa,55,40 asc:3a,0\n(da3:umass-sim0:0:0:3): Medium not present\nUnretryable error\n(da3:umass-sim0:0:0:3): error 6\n(da3:umass-sim0:0:0:3): Unretryable Error\nOpened disk da3 -\u003e 6\nTrying to mount root from ufs:/dev/ad0s3a\nWARNING: / was not properly dismounted\nstart_init: trying /sbin/init\nsplash: image decoder found: green_saver\n\nHow-To-Repeat: Start k3b.\nInsert DVD (I tried mostly DVD+-R).\nTools-\u003eCopy DVD-\u003eOnly create image-\u003eStart.\nWait for hang."
}