{
 "id": 548314,
 "bug_id": 144680,
 "attachment_id": 0,
 "creation_time": "2010-03-12T08:30:07Z",
 "creator": "argentoff@rtelekom.ru",
 "text": "The problem appears when using Intel PRO/1000 MT Dual Port Server Adapter (separate card, not motherboard integrated) in dual-port mode.\n\nWhen I boot the system without ethernet connection or with only one port plugged the driver starts as usual and works with no problem. But if I connect both ports the driver gives this message:\n\nem0: \u003cIntel(R) PRO/1000 Network Connection 6.9.21\u003e at device 1.0 on pci6\nem0: Memory Access and/or Bus Master bits were not set!\nem0: 0x20000 bytes of rid 0x10 res 3 failed (0, 0xffffffff).\nem0: Unable to allocate bus resource: memory\nem0: Allocation of PCI resources failed\ndevice_attach: em0 attach returned 6\nem1: \u003cIntel(R) PRO/1000 Network Connection 6.9.21\u003e at device 1.1 on pci6\nem1: Memory Access and/or Bus Master bits were not set!\nem1: 0x20000 bytes of rid 0x10 res 3 failed (0, 0xffffffff).\nem1: Unable to allocate bus resource: memory\nem1: Allocation of PCI resources failed\n\nAnd there are no em devices visible to the system.\n\nIf I boot with one port online and then plug the other the card resets (turns LEDs off, then, after a second, on again) and again is invisible to the system.\n\nI've reproduced the same problem with the system's base em(4) driver (6.9.6) and Intel's driver from their site (6.9.21).\n\nTurning \"PnP OS\" parameter on/off in the BIOS makes no difference.\n\nHere's the complete dmesg:\n\nCopyright (c) 1992-2009 The FreeBSD Project.\nCopyright (c) 1979, 1980, 1983, 1986, 1988, 1989, 1991, 1992, 1993, 1994\n        The Regents of the University of California. All rights reserved.\nFreeBSD is a registered trademark of The FreeBSD Foundation.\nFreeBSD 7.2-RELEASE-p3 #0: Thu Feb 25 08:27:41 MSK 2010\n    root@pptp-new.rtelekom.ru:/usr/src/sys/i386/compile/PPTP\nTimecounter \"i8254\" frequency 1193182 Hz quality 0\nCPU: Intel(R) Core(TM)2 Quad CPU    Q8400  @ 2.66GHz (2666.38-MHz 686-class CPU)\n  Origin = \"GenuineIntel\"  Id = 0x1067a  Stepping = 10\n  Features=0xbfebfbff\u003cFPU,VME,DE,PSE,TSC,MSR,PAE,MCE,CX8,APIC,SEP,MTRR,PGE,MCA,CMOV,PAT,PSE36,CLFLUSH,DTS,ACPI,MMX,FXSR,SSE,SSE2,SS,HTT,TM,PBE\u003e\n  Features2=0x408e3bd\u003cSSE3,DTES64,MON,DS_CPL,VMX,EST,TM2,SSSE3,CX16,xTPR,PDCM,SSE4.1,XSAVE\u003e\n  AMD Features=0x20100000\u003cNX,LM\u003e\n  AMD Features2=0x1\u003cLAHF\u003e\n  Cores per package: 4\nreal memory  = 1073152000 (1023 MB)\navail memory = 1039228928 (991 MB)\nACPI APIC Table: \u003cA_M_I_ OEMAPIC \u003e\nFreeBSD/SMP: Multiprocessor System Detected: 4 CPUs\n cpu0 (BSP): APIC ID:  0\n cpu1 (AP): APIC ID:  1\n cpu2 (AP): APIC ID:  2\n cpu3 (AP): APIC ID:  3\nioapic0 \u003cVersion 2.0\u003e irqs 0-23 on motherboard\nkbd1 at kbdmux0\nacpi0: \u003cA_M_I_ OEMXSDT\u003e on motherboard\nacpi0: [ITHREAD]\nacpi0: Power Button (fixed)\nacpi0: reservation of fed08000, 1000 (3) failed\nacpi0: reservation of fed1c000, 4000 (3) failed\nacpi0: reservation of fed20000, 20000 (3) failed\nacpi0: reservation of fed50000, 40000 (3) failed\nacpi0: reservation of ffc00000, 200000 (3) failed\nacpi0: reservation of fec00000, 1000 (3) failed\nacpi0: reservation of fee00000, 1000 (3) failed\nacpi0: reservation of e0000000, 10000000 (3) failed\nacpi0: reservation of 0, a0000 (3) failed\nacpi0: reservation of 100000, 3ff00000 (3) failed\nTimecounter \"ACPI-fast\" frequency 3579545 Hz quality 1000\nacpi_timer0: \u003c24-bit timer at 3.579545MHz\u003e port 0x808-0x80b on acpi0\nacpi_hpet0: \u003cHigh Precision Event Timer\u003e iomem 0xfed00000-0xfed003ff on acpi0\nTimecounter \"HPET\" frequency 14318180 Hz quality 900\npcib0: \u003cACPI Host-PCI bridge\u003e port 0xcf8-0xcff on acpi0\npci0: \u003cACPI PCI bus\u003e on pcib0\npcib1: \u003cACPI PCI-PCI bridge\u003e irq 16 at device 1.0 on pci0\npci1: \u003cACPI PCI bus\u003e on pcib1\nvgapci0: \u003cVGA-compatible display\u003e port 0xb000-0xb0ff mem 0xd0000000-0xdfffffff,0xfe7e0000-0xfe7effff irq 16 at device 0.0 on pci1\npci1: \u003cmultimedia, HDA\u003e at device 0.1 (no driver attached)\nuhci0: \u003cUHCI (generic) USB controller\u003e port 0xa800-0xa81f irq 16 at device 26.0 on pci0\nuhci0: [GIANT-LOCKED]\nuhci0: [ITHREAD]\nusb0: \u003cUHCI (generic) USB controller\u003e on uhci0\nusb0: USB revision 1.0\nuhub0: \u003cIntel UHCI root hub, class 9/0, rev 1.00/1.00, addr 1\u003e on usb0\nuhub0: 2 ports with 2 removable, self powered\nuhci1: \u003cUHCI (generic) USB controller\u003e port 0xa880-0xa89f irq 21 at device 26.1 on pci0\nuhci1: [GIANT-LOCKED]\nuhci1: [ITHREAD]\nusb1: \u003cUHCI (generic) USB controller\u003e on uhci1\nusb1: USB revision 1.0\nuhub1: \u003cIntel UHCI root hub, class 9/0, rev 1.00/1.00, addr 1\u003e on usb1\nuhub1: 2 ports with 2 removable, self powered\nuhci2: \u003cUHCI (generic) USB controller\u003e port 0xac00-0xac1f irq 19 at device 26.2 on pci0\nuhci2: [GIANT-LOCKED]\nuhci2: [ITHREAD]\nusb2: \u003cUHCI (generic) USB controller\u003e on uhci2\nusb2: USB revision 1.0\nuhub2: \u003cIntel UHCI root hub, class 9/0, rev 1.00/1.00, addr 1\u003e on usb2\nuhub2: 2 ports with 2 removable, self powered\nehci0: \u003cEHCI (generic) USB 2.0 controller\u003e mem 0xfe6ffc00-0xfe6fffff irq 18 at device 26.7 on pci0\nehci0: [GIANT-LOCKED]\nehci0: [ITHREAD]\nusb3: EHCI version 1.0\nusb3: companion controllers, 2 ports each: usb0 usb1 usb2\nusb3: \u003cEHCI (generic) USB 2.0 controller\u003e on ehci0\nusb3: USB revision 2.0\nuhub3: \u003cIntel EHCI root hub, class 9/0, rev 2.00/1.00, addr 1\u003e on usb3\nuhub3: 6 ports with 6 removable, self powered\npcib2: \u003cACPI PCI-PCI bridge\u003e irq 17 at device 28.0 on pci0\npci4: \u003cACPI PCI bus\u003e on pcib2\npcib3: \u003cACPI PCI-PCI bridge\u003e at device 0.0 on pci4\npci6: \u003cACPI PCI bus\u003e on pcib3\nem0: \u003cIntel(R) PRO/1000 Network Connection 6.9.21\u003e at device 1.0 on pci6\nem0: Memory Access and/or Bus Master bits were not set!\nem0: 0x20000 bytes of rid 0x10 res 3 failed (0, 0xffffffff).\nem0: Unable to allocate bus resource: memory\nem0: Allocation of PCI resources failed\ndevice_attach: em0 attach returned 6\nem1: \u003cIntel(R) PRO/1000 Network Connection 6.9.21\u003e at device 1.1 on pci6\nem1: Memory Access and/or Bus Master bits were not set!\nem1: 0x20000 bytes of rid 0x10 res 3 failed (0, 0xffffffff).\nem1: Unable to allocate bus resource: memory\nem1: Allocation of PCI resources failed\ndevice_attach: em1 attach returned 6\npcib4: \u003cACPI PCI-PCI bridge\u003e mem 0xfeaffc00-0xfeaffc7f irq 16 at device 0.1 on pci4\npci5: \u003cACPI PCI bus\u003e on pcib4\npcib5: \u003cACPI PCI-PCI bridge\u003e irq 17 at device 28.4 on pci0\npci3: \u003cACPI PCI bus\u003e on pcib5\nre0: \u003cRealTek 8168/8168B/8168C/8168CP/8168D/8111B/8111C/8111CP PCIe Gigabit Ethernet\u003e port 0xd800-0xd8ff mem 0xfe9ff000-0xfe9fffff,0xfdef0000-0xfdefffff irq 16 at device 0.0 on pci3\nre0: Using 1 MSI messages\nre0: Chip rev. 0x3c000000\nre0: MAC rev. 0x00400000\nmiibus0: \u003cMII bus\u003e on re0\nrgephy0: \u003cRTL8169S/8110S/8211B media interface\u003e PHY 1 on miibus0\nrgephy0:  10baseT, 10baseT-FDX, 100baseTX, 100baseTX-FDX, 1000baseT, 1000baseT-FDX, auto\nre0: Ethernet address: 00:26:18:00:a8:20\nre0: [FILTER]\npcib6: \u003cACPI PCI-PCI bridge\u003e irq 18 at device 28.5 on pci0\npci2: \u003cACPI PCI bus\u003e on pcib6\nre1: \u003cRealTek 8168/8168B/8168C/8168CP/8168D/8111B/8111C/8111CP PCIe Gigabit Ethernet\u003e port 0xc800-0xc8ff mem 0xfe8ff000-0xfe8fffff,0xfddf0000-0xfddfffff irq 17 at device 0.0 on pci2\nre1: Using 1 MSI messages\nre1: Chip rev. 0x3c000000\nre1: MAC rev. 0x00400000\nmiibus1: \u003cMII bus\u003e on re1\nrgephy1: \u003cRTL8169S/8110S/8211B media interface\u003e PHY 1 on miibus1\nrgephy1:  10baseT, 10baseT-FDX, 100baseTX, 100baseTX-FDX, 1000baseT, 1000baseT-FDX, auto\nre1: Ethernet address: 00:26:18:00:a8:bd\nre1: [FILTER]\nuhci3: \u003cUHCI (generic) USB controller\u003e port 0xa080-0xa09f irq 23 at device 29.0 on pci0\nuhci3: [GIANT-LOCKED]\nuhci3: [ITHREAD]\nusb4: \u003cUHCI (generic) USB controller\u003e on uhci3\nusb4: USB revision 1.0\nuhub4: \u003cIntel UHCI root hub, class 9/0, rev 1.00/1.00, addr 1\u003e on usb4\nuhub4: 2 ports with 2 removable, self powered\nuhci4: \u003cUHCI (generic) USB controller\u003e port 0xa400-0xa41f irq 20 at device 29.1 on pci0\nuhci4: [GIANT-LOCKED]\nuhci4: [ITHREAD]\nusb5: \u003cUHCI (generic) USB controller\u003e on uhci4\nusb5: USB revision 1.0\nuhub5: \u003cIntel UHCI root hub, class 9/0, rev 1.00/1.00, addr 1\u003e on usb5\nuhub5: 2 ports with 2 removable, self powered\nuhci5: \u003cUHCI (generic) USB controller\u003e port 0xa480-0xa49f irq 18 at device 29.2 on pci0\nuhci5: [GIANT-LOCKED]\nuhci5: [ITHREAD]\nusb6: \u003cUHCI (generic) USB controller\u003e on uhci5\nusb6: USB revision 1.0\nuhub6: \u003cIntel UHCI root hub, class 9/0, rev 1.00/1.00, addr 1\u003e on usb6\nuhub6: 2 ports with 2 removable, self powered\nehci1: \u003cEHCI (generic) USB 2.0 controller\u003e mem 0xfe6ff800-0xfe6ffbff irq 23 at device 29.7 on pci0\nehci1: [GIANT-LOCKED]\nehci1: [ITHREAD]\nusb7: EHCI version 1.0\nusb7: companion controllers, 2 ports each: usb4 usb5 usb6\nusb7: \u003cEHCI (generic) USB 2.0 controller\u003e on ehci1\nusb7: USB revision 2.0\nuhub7: \u003cIntel EHCI root hub, class 9/0, rev 2.00/1.00, addr 1\u003e on usb7\nuhub7: 6 ports with 6 removable, self powered\npcib7: \u003cACPI PCI-PCI bridge\u003e at device 30.0 on pci0\npci7: \u003cACPI PCI bus\u003e on pcib7\nisab0: \u003cPCI-ISA bridge\u003e at device 31.0 on pci0\nisa0: \u003cISA bus\u003e on isab0\natapci0: \u003cIntel AHCI controller\u003e port 0x9c00-0x9c07,0x9880-0x9883,0x9800-0x9807,0x9480-0x9483,0x9400-0x941f mem 0xfe6fe800-0xfe6fefff irq 19 at device 31.2 on pci0\natapci0: [ITHREAD]\natapci0: AHCI Version 01.20 controller with 6 ports detected\nata2: \u003cATA channel 0\u003e on atapci0\nata2: [ITHREAD]\nata3: \u003cATA channel 1\u003e on atapci0\nata3: [ITHREAD]\nata4: \u003cATA channel 2\u003e on atapci0\nata4: [ITHREAD]\nata5: \u003cATA channel 3\u003e on atapci0\nata5: [ITHREAD]\nata6: \u003cATA channel 4\u003e on atapci0\nata6: [ITHREAD]\nata7: \u003cATA channel 5\u003e on atapci0\nata7: [ITHREAD]\nichsmb0: \u003cSMBus controller\u003e port 0x400-0x41f mem 0xfe6ff400-0xfe6ff4ff irq 18 at device 31.3 on pci0\nichsmb0: [GIANT-LOCKED]\nichsmb0: [ITHREAD]\nsmbus0: \u003cSystem Management Bus\u003e on ichsmb0\nsmb0: \u003cSMBus generic I/O\u003e on smbus0\nacpi_button0: \u003cPower Button\u003e on acpi0\natkbdc0: \u003cKeyboard controller (i8042)\u003e port 0x60,0x64 irq 1 on acpi0\natkbd0: \u003cAT Keyboard\u003e irq 1 on atkbdc0\nkbd0 at atkbd0\natkbd0: [GIANT-LOCKED]\natkbd0: [ITHREAD]\ncpu0: \u003cACPI CPU\u003e on acpi0\nest0: \u003cEnhanced SpeedStep Frequency Control\u003e on cpu0\np4tcc0: \u003cCPU Frequency Thermal Control\u003e on cpu0\ncpu1: \u003cACPI CPU\u003e on acpi0\nest1: \u003cEnhanced SpeedStep Frequency Control\u003e on cpu1\nest: CPU supports Enhanced Speedstep, but is not recognized.\nest: cpu_vendor GenuineIntel, msr 616082506000825\ndevice_attach: est1 attach returned 6\np4tcc1: \u003cCPU Frequency Thermal Control\u003e on cpu1\ncpu2: \u003cACPI CPU\u003e on acpi0\nest2: \u003cEnhanced SpeedStep Frequency Control\u003e on cpu2\np4tcc2: \u003cCPU Frequency Thermal Control\u003e on cpu2\ncpu3: \u003cACPI CPU\u003e on acpi0\nest3: \u003cEnhanced SpeedStep Frequency Control\u003e on cpu3\nest: CPU supports Enhanced Speedstep, but is not recognized.\nest: cpu_vendor GenuineIntel, msr 616082506000825\ndevice_attach: est3 attach returned 6\np4tcc3: \u003cCPU Frequency Thermal Control\u003e on cpu3\npmtimer0 on isa0\norm0: \u003cISA Option ROM\u003e at iomem 0xc0000-0xcefff pnpid ORM0000 on isa0\nsc0: \u003cSystem console\u003e at flags 0x100 on isa0\nsc0: VGA \u003c16 virtual consoles, flags=0x300\u003e\nvga0: \u003cGeneric ISA VGA\u003e at port 0x3c0-0x3df iomem 0xa0000-0xbffff on isa0\nata0 at port 0x1f0-0x1f7,0x3f6 irq 14 on isa0\nata0: [ITHREAD]\nata1 at port 0x170-0x177,0x376 irq 15 on isa0\nata1: [ITHREAD]\nsio0: configured irq 4 not in bitmap of probed irqs 0\nsio0: port may not be enabled\nsio0: configured irq 4 not in bitmap of probed irqs 0\nsio0: port may not be enabled\nsio0 at port 0x3f8-0x3ff irq 4 flags 0x10 on isa0\nsio0: type 8250 or not responding\nsio0: [FILTER]\nsio1: configured irq 3 not in bitmap of probed irqs 0\nsio1: port may not be enabled\nTimecounters tick every 1.000 msec\nipfw2 initialized, divert enabled, nat loadable, rule-based forwarding enabled, default to accept, logging limited to 100 packets/entry by default\nad4: 152627MB \u003cSeagate ST3160813AS CC2H\u003e at ata2-master SATA300\nSMP: AP CPU #1 Launched!\nSMP: AP CPU #2 Launched!\nSMP: AP CPU #3 Launched!\n\nHow-To-Repeat: Insert Intel PRO/1000 MT Dual Port Server Adapter (82546EB as seen in pciconf; FW82546GB as written on the chip) into a PCI-X slot and boot with both ports plugged.\n\nAlternative: boot with one of two ports plugged; see all ok; plug the second port."
}