{
 "id": 406565,
 "bug_id": 115623,
 "attachment_id": 0,
 "creation_time": "2012-05-29T15:57:52Z",
 "creator": "kdn_pc215hqj11010@mbr.nifty.com",
 "text": "This is a different machine I had tested before.\n\nIt seems like this card is working correctly now.\n\nCopyright (c) 1992-2012 The FreeBSD Project.\nCopyright (c) 1979, 1980, 1983, 1986, 1988, 1989, 1991, 1992, 1993, 1994\n\tThe Regents of the University of California. All rights reserved.\nFreeBSD is a registered trademark of The FreeBSD Foundation.\nFreeBSD 10.0-CURRENT #0: Sat May 26 15:13:10 JST 2012\n    tu@mc:/usr/obj/usr/src/sys/GENERIC i386\nWARNING: WITNESS option enabled, expect reduced performance.\nPreloaded elf kernel \"/boot/kernel/kernel\" at 0xc15fb000.\nCalibrating TSC clock ... TSC clock: 1993763896 Hz\nCPU: Mobile Intel(R) Celeron(R) CPU 2.00GHz (1993.76-MHz 686-class CPU)\n  Origin = \"GenuineIntel\"  Id = 0xf29  Family = f  Model = 2  Stepping = 9\n  Features=0xbfebf9ff\u003cFPU,VME,DE,PSE,TSC,MSR,PAE,MCE,CX8,SEP,MTRR,PGE,MCA,CMOV,PAT,PSE36,CLFLUSH,DTS,ACPI,MMX,FXSR,SSE,SSE2,SS,HTT,TM,PBE\u003e\n  Features2=0x4400\u003cCNXT-ID,xTPR\u003e\n\nInstruction TLB: 4 KB, 2 MB or 4 MB pages, fully associative, 128 entries\nData TLB: 4 KB or 4 MB pages, fully associative, 64 entries\n1st-level data cache: 8 KB, 4-way set associative, sectored cache, 64 byte line size\nTrace cache: 12K-uops, 8-way set associative\n2nd-level cache: 256 KB, 4-way set associative, sectored cache, 64 byte line size\nreal memory  = 1074266112 (1024 MB)\nPhysical memory chunk(s):\n0x0000000000001000 - 0x000000000009efff, 647168 bytes (158 pages)\n0x0000000000100000 - 0x00000000003fffff, 3145728 bytes (768 pages)\n0x0000000001826000 - 0x000000003cd9efff, 995594240 bytes (243065 pages)\navail memory = 993951744 (947 MB)\nINTR: Adding local APIC 0 as a target\nbios32: Found BIOS32 Service Directory header at 0xc00f6c60\nbios32: Entry = 0xfd720 (c00fd720)  Rev = 0  Len = 1\npcibios: PCI BIOS entry at 0xfd720+0x16e\npnpbios: Found PnP BIOS data at 0xc00f6cb0\npnpbios: Entry = f0000:a98e  Rev = 1.0\nOther BIOS signatures found:\nULE: setup cpu 0\nwlan: \u003c802.11 Link Layer\u003e\nsnd_unit_init() u=0x00ff8000 [512] d=0x00007c00 [32] c=0x000003ff [1024]\nfeeder_register: snd_unit=-1 snd_maxautovchans=16 latency=5 feeder_rate_min=1 feeder_rate_max=2016000 feeder_rate_round=25\nrandom: \u003centropy source, Software, Yarrow\u003e\nnfslock: pseudo-device\nkbd: new array size 4\nkbd1 at kbdmux0\nmem: \u003cmemory\u003e\nPentium Pro MTRR support enabled\nVESA: INT 0x10 vector 0xc000:0x1c16\nVESA: information block\n0000   56 45 53 41 00 02 00 01 00 01 01 00 00 00 22 00\n0010   00 01 ff 01 00 01 11 01 00 01 27 01 00 01 2c 01\n0020   00 01 82 01 0d 01 0e 01 0f 01 20 01 92 01 93 01\n0030   94 01 95 01 96 01 a2 01 a3 01 a4 01 a5 01 a6 01\n0040   b2 01 b3 01 b4 01 b5 01 b6 01 c2 01 c3 01 c4 01\n0050   c5 01 c6 01 00 01 83 01 84 01 85 01 86 01 01 01\n0060   10 01 11 01 12 01 21 01 03 01 13 01 14 01 15 01\n0070   22 01 05 01 16 01 17 01 18 01 23 01 07 01 19 01\n0080   1a 01 1b 01 24 01 40 01 41 01 42 01 43 01 44 01\n0090   ff ff 00 00 00 00 00 00 00 00 00 00 00 00 00 00\n00a0   00 00 00 00 00 00 00 00 00 00 00 00 00 00 00 00\n00b0   00 00 00 00 00 00 00 00 00 00 00 00 00 00 00 00\n00c0   00 00 00 00 00 00 00 00 00 00 00 00 00 00 00 00\n00d0   00 00 00 00 00 00 00 00 00 00 00 00 00 00 00 00\n00e0   00 00 00 00 00 00 00 00 00 00 00 00 00 00 00 00\n00f0   00 00 00 00 00 00 00 00 00 00 00 00 00 00 00 00\n0100   52 41 44 45 4f 4e 20 49 47 50 20 33 34 30 4d 20\n0110   00 41 54 49 20 54 65 63 68 6e 6f 6c 6f 67 69 65\n0120   73 20 49 6e 63 2e 00 4d 53 32 20 00 30 31 2e 30\n0130   30 00 00 00 00 00 00 00 00 00 00 00 00 00 00 00\n0140   00 00 00 00 00 00 00 00 00 00 00 00 00 00 00 00\n0150   00 00 00 00 00 00 00 00 00 00 00 00 00 00 00 00\n0160   00 00 00 00 00 00 00 00 00 00 00 00 00 00 00 00\n0170   00 00 00 00 00 00 00 00 00 00 00 00 00 00 00 00\n0180   00 00 00 00 00 00 00 00 00 00 00 00 00 00 00 00\n0190   00 00 00 00 00 00 00 00 00 00 00 00 00 00 00 00\n01a0   00 00 00 00 00 00 00 00 00 00 00 00 00 00 00 00\n01b0   00 00 00 00 00 00 00 00 00 00 00 00 00 00 00 00\n01c0   00 00 00 00 00 00 00 00 00 00 00 00 00 00 00 00\n01d0   00 00 00 00 00 00 00 00 00 00 00 00 00 00 00 00\n01e0   00 00 00 00 00 00 00 00 00 00 00 00 00 00 00 00\n01f0   00 00 00 00 00 00 00 00 00 00 00 00 00 00 00 00\nVESA: 55 mode(s) found\nVESA: v2.0, 32704k memory, flags:0x1, mode table:0xc4ded022 (1000022)\nVESA: RADEON IGP 340M \nVESA: ATI Technologies Inc. MS2  01.00\nio: \u003cI/O\u003e\nnull: \u003cnull device, zero device\u003e\nhptrr: RocketRAID 17xx/2xxx SATA controller driver v1.2\nctl: CAM Target Layer loaded\nACPI: RSDP 0xf6c20 00014 (v00 NEC   )\nACPI: RSDT 0x3df79534 0002C (v01 NEC    ND000086 00000001 MSFT 0100000E)\nACPI: FACP 0x3df7ef64 00074 (v01 NEC    ND000086 00000001 MSFT 0100000E)\nACPI: DSDT 0x3df79560 05A04 (v01    NEC ND000086 00000001 MSFT 0100000E)\nACPI: FACS 0x3df7ffc0 00040\nACPI: BOOT 0x3df7efd8 00028 (v01 NEC    ND000086 00000001 MSFT 0100000E)\nacpi0: \u003cNEC ND000086\u003e on motherboard\nacpi0: Power Button (fixed)\nacpi0: wakeup code va 0xc4e1a000 pa 0x9e000\natpic: Programming IRQ9 as level/low\npci_open(1):\tmode 1 addr port (0x0cf8) is 0x80012814\npci_open(1a):\tmode1res=0x80000000 (0x80000000)\npci_cfgcheck:\tdevice 0 [class=060000] [hdr=00] is there (id=cab21002)\npcibios: BIOS version 2.10\nacpi0: reservation of 0, a0000 (3) failed\nacpi0: reservation of 100000, 3df00000 (3) failed\ncpu0: \u003cACPI CPU\u003e on acpi0\ncpu0: switching to generic Cx mode\natrtc0: \u003cAT realtime clock\u003e port 0x70-0x75 irq 8 on acpi0\natrtc0: registered as a time-of-day clock (resolution 1000000us, adjustment 0.500000000s)\nEvent timer \"RTC\" frequency 32768 Hz quality 0\nattimer0: \u003cAT timer\u003e port 0x40-0x43 irq 0 on acpi0\nTimecounter \"i8254\" frequency 1193182 Hz quality 0\nEvent timer \"i8254\" frequency 1193182 Hz quality 100\nACPI timer: 1/1 1/1 1/1 1/1 1/1 1/1 1/1 1/1 1/1 1/1 -\u003e 10\nTimecounter \"ACPI-fast\" frequency 3579545 Hz quality 900\nacpi_timer0: \u003c32-bit timer at 3.579545MHz\u003e port 0x8008-0x800b on acpi0\npci_link0:        Index  IRQ  Rtd  Ref  IRQs\n  Initial Probe       0   11   N     0  10 11\n  Validation          0   11   N     0  10 11\n  After Disable       0  255   N     0  10 11\npci_link1:        Index  IRQ  Rtd  Ref  IRQs\n  Initial Probe       0   11   N     0  10 11\n  Validation          0   11   N     0  10 11\n  After Disable       0  255   N     0  10 11\npci_link2:        Index  IRQ  Rtd  Ref  IRQs\n  Initial Probe       0   11   N     0  10 11\n  Validation          0   11   N     0  10 11\n  After Disable       0  255   N     0  10 11\npci_link3:        Index  IRQ  Rtd  Ref  IRQs\n  Initial Probe       0   10   N     0  10 11\n  Validation          0   10   N     0  10 11\n  After Disable       0  255   N     0  10 11\npci_link4:        Index  IRQ  Rtd  Ref  IRQs\n  Initial Probe       0  255   N     0  10 11\n  Validation          0  255   N     0  10 11\n  After Disable       0  255   N     0  10 11\npci_link5:        Index  IRQ  Rtd  Ref  IRQs\n  Initial Probe       0   10   N     0  10 11\n  Validation          0   10   N     0  10 11\n  After Disable       0  255   N     0  10 11\npci_link6:        Index  IRQ  Rtd  Ref  IRQs\n  Initial Probe       0   11   N     0  10 11\n  Validation          0   11   N     0  10 11\n  After Disable       0  255   N     0  10 11\npci_link7:        Index  IRQ  Rtd  Ref  IRQs\n  Initial Probe       0  255   N     0  10 11\n  Validation          0  255   N     0  10 11\n  After Disable       0  255   N     0  10 11\nacpi_button0: \u003cPower Button\u003e on acpi0\npcib0: \u003cACPI Host-PCI bridge\u003e port 0xcf8-0xcff on acpi0\npcib0: decoding 3 range 0xa0000-0xbffff\npcib0: decoding 3 range 0xd0000-0xd3fff\npcib0: decoding 3 range 0xd4000-0xd7fff\npcib0: decoding 3 range 0xd8000-0xdbfff\npcib0: decoding 3 range 0xdc000-0xdffff\npcib0: decoding 3 range 0x3e000000-0xfff7ffff\npcib0: decoding 4 range 0-0xcf7\npcib0: decoding 4 range 0xd00-0xffff\nACPI: Found matching pin for 0.4.INTA at func 0: 11\nACPI: Found matching pin for 0.10.INTA at func 0: 11\nACPI: Found matching pin for 0.10.INTB at func 1: 11\nACPI: Found matching pin for 0.10.INTC at func 2: 11\nACPI: Found matching pin for 0.12.INTA at func 0: 255\nACPI: Found matching pin for 0.12.INTB at func 1: 255\nACPI: Found matching pin for 0.12.INTC at func 2: 11\nACPI: Found matching pin for 0.12.INTD at func 3: 10\nACPI: Found matching pin for 0.14.INTA at func 0: 10\npci0: \u003cACPI PCI bus\u003e on pcib0\npci0: domain=0, physical bus=0\nfound-\u003e\tvendor=0x1002, dev=0xcab2, revid=0x02\n\tdomain=0, bus=0, slot=0, func=0\n\tclass=06-00-00, hdrtype=0x00, mfdev=0\n\tcmdreg=0x0006, statreg=0x2230, cachelnsz=0 (dwords)\n\tlattimer=0x40 (1920 ns), mingnt=0x00 (0 ns), maxlat=0x00 (0 ns)\n\tmap[10]: type Prefetchable Memory, range 32, base 0xf4000000, size 26, enabled\npcib0: allocated type 3 (0xf4000000-0xf7ffffff) for rid 10 of pci0:0:0:0\n\tmap[14]: type Prefetchable Memory, range 32, base 0xf0800000, size 12, enabled\npcib0: allocated type 3 (0xf0800000-0xf0800fff) for rid 14 of pci0:0:0:0\nfound-\u003e\tvendor=0x1002, dev=0x7010, revid=0x00\n\tdomain=0, bus=0, slot=1, func=0\n\tclass=06-04-00, hdrtype=0x01, mfdev=0\n\tcmdreg=0x0007, statreg=0x0220, cachelnsz=0 (dwords)\n\tlattimer=0x63 (2970 ns), mingnt=0x0c (3000 ns), maxlat=0x00 (0 ns)\nfound-\u003e\tvendor=0x10b9, dev=0x5451, revid=0x02\n\tdomain=0, bus=0, slot=4, func=0\n\tclass=04-01-00, hdrtype=0x00, mfdev=0\n\tcmdreg=0x0003, statreg=0x0290, cachelnsz=0 (dwords)\n\tlattimer=0x40 (1920 ns), mingnt=0x02 (500 ns), maxlat=0x18 (6000 ns)\n\tintpin=a, irq=11\n\tpowerspec 2  supports D0 D1 D2 D3  current D0\n\tmap[10]: type I/O Port, range 32, base 0x8800, size  8, enabled\npcib0: allocated type 4 (0x8800-0x88ff) for rid 10 of pci0:0:4:0\n\tmap[14]: type Memory, range 32, base 0xf0421000, size 12, enabled\npcib0: allocated type 3 (0xf0421000-0xf0421fff) for rid 14 of pci0:0:4:0\npcib0: matched entry for 0.4.INTA (src \\\\_SB_.PCI0.ISA_.LNK7:0)\npcib0: slot 4 INTA routed to irq 11 via \\\\_SB_.PCI0.ISA_.LNK7\nfound-\u003e\tvendor=0x10b9, dev=0x7101, revid=0x00\n\tdomain=0, bus=0, slot=6, func=0\n\tclass=06-80-00, hdrtype=0x00, mfdev=0\n\tcmdreg=0x0000, statreg=0x0200, cachelnsz=0 (dwords)\n\tlattimer=0x00 (0 ns), mingnt=0x00 (0 ns), maxlat=0x00 (0 ns)\nfound-\u003e\tvendor=0x10b9, dev=0x1533, revid=0x00\n\tdomain=0, bus=0, slot=7, func=0\n\tclass=06-01-00, hdrtype=0x00, mfdev=0\n\tcmdreg=0x000f, statreg=0x0210, cachelnsz=0 (dwords)\n\tlattimer=0x00 (0 ns), mingnt=0x00 (0 ns), maxlat=0x00 (0 ns)\n\tpowerspec 1  supports D0 D3  current D0\nfound-\u003e\tvendor=0x1033, dev=0x0035, revid=0x43\n\tdomain=0, bus=0, slot=10, func=0\n\tclass=0c-03-10, hdrtype=0x00, mfdev=1\n\tcmdreg=0x0012, statreg=0x0210, cachelnsz=8 (dwords)\n\tlattimer=0x40 (1920 ns), mingnt=0x01 (250 ns), maxlat=0x2a (10500 ns)\n\tintpin=a, irq=11\n\tpowerspec 2  supports D0 D1 D2 D3  current D0\n\tmap[10]: type Memory, range 32, base 0xf0422000, size 12, enabled\npcib0: allocated type 3 (0xf0422000-0xf0422fff) for rid 10 of pci0:0:10:0\npcib0: matched entry for 0.10.INTA (src \\\\_SB_.PCI0.ISA_.LNK0:0)\npcib0: slot 10 INTA routed to irq 11 via \\\\_SB_.PCI0.ISA_.LNK0\nfound-\u003e\tvendor=0x1033, dev=0x0035, revid=0x43\n\tdomain=0, bus=0, slot=10, func=1\n\tclass=0c-03-10, hdrtype=0x00, mfdev=0\n\tcmdreg=0x0012, statreg=0x0210, cachelnsz=8 (dwords)\n\tlattimer=0x40 (1920 ns), mingnt=0x01 (250 ns), maxlat=0x2a (10500 ns)\n\tintpin=b, irq=11\n\tpowerspec 2  supports D0 D1 D2 D3  current D0\n\tmap[10]: type Memory, range 32, base 0xf0423000, size 12, enabled\npcib0: allocated type 3 (0xf0423000-0xf0423fff) for rid 10 of pci0:0:10:1\npcib0: matched entry for 0.10.INTB (src \\\\_SB_.PCI0.ISA_.LNK1:0)\npcib0: slot 10 INTB routed to irq 11 via \\\\_SB_.PCI0.ISA_.LNK1\nfound-\u003e\tvendor=0x1033, dev=0x00e0, revid=0x04\n\tdomain=0, bus=0, slot=10, func=2\n\tclass=0c-03-20, hdrtype=0x00, mfdev=0\n\tcmdreg=0x0012, statreg=0x0210, cachelnsz=8 (dwords)\n\tlattimer=0x84 (3960 ns), mingnt=0x10 (4000 ns), maxlat=0x22 (8500 ns)\n\tintpin=c, irq=11\n\tpowerspec 2  supports D0 D1 D2 D3  current D0\n\tmap[10]: type Memory, range 32, base 0xf0427800, size  8, enabled\npcib0: allocated type 3 (0xf0427800-0xf04278ff) for rid 10 of pci0:0:10:2\npcib0: matched entry for 0.10.INTC (src \\\\_SB_.PCI0.ISA_.LNK2:0)\npcib0: slot 10 INTC routed to irq 11 via \\\\_SB_.PCI0.ISA_.LNK2\nfound-\u003e\tvendor=0x1180, dev=0x0476, revid=0xab\n\tdomain=0, bus=0, slot=12, func=0\n\tclass=06-07-00, hdrtype=0x02, mfdev=1\n\tcmdreg=0x0007, statreg=0x0210, cachelnsz=0 (dwords)\n\tlattimer=0x40 (1920 ns), mingnt=0x80 (32000 ns), maxlat=0x00 (0 ns)\n\tintpin=a, irq=255\n\tpowerspec 2  supports D0 D1 D2 D3  current D0\n\tmap[10]: type Memory, range 32, base 0xf0424000, size 12, enabled\npcib0: allocated type 3 (0xf0424000-0xf0424fff) for rid 10 of pci0:0:12:0\nfound-\u003e\tvendor=0x1180, dev=0x0476, revid=0xab\n\tdomain=0, bus=0, slot=12, func=1\n\tclass=06-07-00, hdrtype=0x02, mfdev=1\n\tcmdreg=0x0007, statreg=0x0210, cachelnsz=0 (dwords)\n\tlattimer=0x40 (1920 ns), mingnt=0x80 (32000 ns), maxlat=0x00 (0 ns)\n\tintpin=b, irq=255\n\tpowerspec 2  supports D0 D1 D2 D3  current D0\n\tmap[10]: type Memory, range 32, base 0xf0425000, size 12, enabled\npcib0: allocated type 3 (0xf0425000-0xf0425fff) for rid 10 of pci0:0:12:1\nfound-\u003e\tvendor=0x1180, dev=0x0552, revid=0x03\n\tdomain=0, bus=0, slot=12, func=2\n\tclass=0c-00-10, hdrtype=0x00, mfdev=1\n\tcmdreg=0x0006, statreg=0x0210, cachelnsz=0 (dwords)\n\tlattimer=0x40 (1920 ns), mingnt=0x00 (0 ns), maxlat=0x00 (0 ns)\n\tintpin=c, irq=11\n\tpowerspec 2  supports D0 D3  current D0\n\tmap[10]: type Memory, range 32, base 0xf0427000, size 11, enabled\npcib0: allocated type 3 (0xf0427000-0xf04277ff) for rid 10 of pci0:0:12:2\npcib0: matched entry for 0.12.INTC (src \\\\_SB_.PCI0.ISA_.LNK2:0)\npcib0: slot 12 INTC routed to irq 11 via \\\\_SB_.PCI0.ISA_.LNK2\nfound-\u003e\tvendor=0x1180, dev=0x0576, revid=0x01\n\tdomain=0, bus=0, slot=12, func=3\n\tclass=08-80-00, hdrtype=0x00, mfdev=1\n\tcmdreg=0x0002, statreg=0x0210, cachelnsz=0 (dwords)\n\tlattimer=0x00 (0 ns), mingnt=0x00 (0 ns), maxlat=0x00 (0 ns)\n\tintpin=d, irq=10\n\tpowerspec 2  supports D0 D1 D2 D3  current D0\n\tmap[10]: type Memory, range 32, base 0xf0427c00, size  8, enabled\npcib0: allocated type 3 (0xf0427c00-0xf0427cff) for rid 10 of pci0:0:12:3\npcib0: matched entry for 0.12.INTD (src \\\\_SB_.PCI0.ISA_.LNK3:0)\npcib0: slot 12 INTD routed to irq 10 via \\\\_SB_.PCI0.ISA_.LNK3\nfound-\u003e\tvendor=0x1180, dev=0x0592, revid=0x00\n\tdomain=0, bus=0, slot=12, func=4\n\tclass=08-80-00, hdrtype=0x00, mfdev=1\n\tcmdreg=0x0002, statreg=0x0210, cachelnsz=0 (dwords)\n\tlattimer=0x00 (0 ns), mingnt=0x00 (0 ns), maxlat=0x00 (0 ns)\n\tintpin=d, irq=11\n\tpowerspec 2  supports D0 D1 D2 D3  current D0\n\tmap[10]: type Memory, range 32, base 0xf0428000, size  8, enabled\npcib0: allocated type 3 (0xf0428000-0xf04280ff) for rid 10 of pci0:0:12:4\npcib0: matched entry for 0.12.INTD (src \\\\_SB_.PCI0.ISA_.LNK3:0)\npcib0: slot 12 INTD routed to irq 10 via \\\\_SB_.PCI0.ISA_.LNK3\nfound-\u003e\tvendor=0x8086, dev=0x1059, revid=0x10\n\tdomain=0, bus=0, slot=14, func=0\n\tclass=02-00-00, hdrtype=0x00, mfdev=0\n\tcmdreg=0x0013, statreg=0x0290, cachelnsz=8 (dwords)\n\tlattimer=0x42 (1980 ns), mingnt=0x08 (2000 ns), maxlat=0x38 (14000 ns)\n\tintpin=a, irq=10\n\tpowerspec 2  supports D0 D1 D2 D3  current D0\n\tmap[10]: type Memory, range 32, base 0xf0426000, size 12, enabled\npcib0: allocated type 3 (0xf0426000-0xf0426fff) for rid 10 of pci0:0:14:0\n\tmap[14]: type I/O Port, range 32, base 0x8080, size  6, enabled\npcib0: allocated type 4 (0x8080-0x80bf) for rid 14 of pci0:0:14:0\n\tmap[18]: type Memory, range 32, base 0xf0400000, size 17, enabled\npcib0: allocated type 3 (0xf0400000-0xf041ffff) for rid 18 of pci0:0:14:0\npcib0: matched entry for 0.14.INTA (src \\\\_SB_.PCI0.ISA_.LNK3:0)\npcib0: slot 14 INTA routed to irq 10 via \\\\_SB_.PCI0.ISA_.LNK3\nfound-\u003e\tvendor=0x10b9, dev=0x5229, revid=0xc4\n\tdomain=0, bus=0, slot=15, func=0\n\tclass=01-01-fa, hdrtype=0x00, mfdev=0\n\tcmdreg=0x0005, statreg=0x0290, cachelnsz=0 (dwords)\n\tlattimer=0x20 (960 ns), mingnt=0x02 (500 ns), maxlat=0x04 (1000 ns)\n\tintpin=a, irq=255\n\tpowerspec 2  supports D0 D3  current D0\npcib0: allocated type 4 (0x1f0-0x1f7) for rid 10 of pci0:0:15:0\npcib0: allocated type 4 (0x3f6-0x3f6) for rid 14 of pci0:0:15:0\npcib0: allocated type 4 (0x170-0x177) for rid 18 of pci0:0:15:0\npcib0: allocated type 4 (0x376-0x376) for rid 1c of pci0:0:15:0\n\tmap[20]: type I/O Port, range 32, base 0x80c0, size  4, enabled\npcib0: allocated type 4 (0x80c0-0x80cf) for rid 20 of pci0:0:15:0\nagp0: \u003cATI RS200 AGP bridge\u003e on hostb0\npcib1: \u003cACPI PCI-PCI bridge\u003e at device 1.0 on pci0\npcib0: allocated type 4 (0xa000-0xafff) for rid 1c of pcib1\npcib0: allocated type 3 (0xf0500000-0xf05fffff) for rid 20 of pcib1\npcib0: allocated type 3 (0xf8000000-0xfbffffff) for rid 24 of pcib1\npcib1:   domain            0\npcib1:   secondary bus     1\npcib1:   subordinate bus   1\npcib1:   I/O decode        0xa000-0xafff\npcib1:   memory decode     0xf0500000-0xf05fffff\npcib1:   prefetched decode 0xf8000000-0xfbffffff\nACPI: Found matching pin for 1.5.INTA at func 0: 11\npci1: \u003cACPI PCI bus\u003e on pcib1\npci1: domain=0, physical bus=1\nfound-\u003e\tvendor=0x1002, dev=0x4337, revid=0x00\n\tdomain=0, bus=1, slot=5, func=0\n\tclass=03-00-00, hdrtype=0x00, mfdev=0\n\tcmdreg=0x0287, statreg=0x02b0, cachelnsz=8 (dwords)\n\tlattimer=0x42 (1980 ns), mingnt=0x08 (2000 ns), maxlat=0x00 (0 ns)\n\tintpin=a, irq=11\n\tpowerspec 2  supports D0 D1 D2 D3  current D0\n\tmap[10]: type Prefetchable Memory, range 32, base 0xf8000000, size 26, enabled\npcib1: allocated prefetch range (0xf8000000-0xfbffffff) for rid 10 of pci0:1:5:0\n\tmap[14]: type I/O Port, range 32, base 0xa000, size  8, enabled\npcib1: allocated I/O port range (0xa000-0xa0ff) for rid 14 of pci0:1:5:0\n\tmap[18]: type Memory, range 32, base 0xf0500000, size 16, enabled\npcib1: allocated memory range (0xf0500000-0xf050ffff) for rid 18 of pci0:1:5:0\npcib1: matched entry for 1.5.INTA (src \\\\_SB_.PCI0.ISA_.LNK2:0)\npcib1: slot 5 INTA routed to irq 11 via \\\\_SB_.PCI0.ISA_.LNK2\nvgapci0: \u003cVGA-compatible display\u003e port 0xa000-0xa0ff mem 0xf8000000-0xfbffffff,0xf0500000-0xf050ffff irq 11 at device 5.0 on pci1\npci0: \u003cmultimedia, audio\u003e at device 4.0 (no driver attached)\npci0: \u003cbridge\u003e at device 6.0 (no driver attached)\nisab0: \u003cPCI-ISA bridge\u003e at device 7.0 on pci0\nisa0: \u003cISA bus\u003e on isab0\nohci0: \u003cNEC uPD 9210 USB controller\u003e mem 0xf0422000-0xf0422fff irq 11 at device 10.0 on pci0\nusbus0 on ohci0\nusbus0: bpf attached\nohci0: usbpf: Attached\nohci1: \u003cNEC uPD 9210 USB controller\u003e mem 0xf0423000-0xf0423fff irq 11 at device 10.1 on pci0\nusbus1 on ohci1\nusbus1: bpf attached\nohci1: usbpf: Attached\nehci0: \u003cNEC uPD 720100 USB 2.0 controller\u003e mem 0xf0427800-0xf04278ff irq 11 at device 10.2 on pci0\nusbus2: EHCI version 1.0\nusbus2 on ehci0\nusbus2: bpf attached\nehci0: usbpf: Attached\ncbb0: \u003cRF5C476 PCI-CardBus Bridge\u003e mem 0xf0424000-0xf0424fff at device 12.0 on pci0\ncardbus0: \u003cCardBus bus\u003e on cbb0\npccard0: \u003c16-bit PCCard bus\u003e on cbb0\npcib0: matched entry for 0.12.INTA (src \\\\_SB_.PCI0.ISA_.LNK0:0)\npcib0: slot 12 INTA routed to irq 11 via \\\\_SB_.PCI0.ISA_.LNK0\ncbb0: PCI Configuration space:\n  0x00: 0x04761180 0x02100007 0x060700ab 0x00824000 \n  0x10: 0xf0424000 0x020000dc 0x20020200 0xfffff000 \n  0x20: 0x00000000 0xfffff000 0x00000000 0xfffffffc \n  0x30: 0x00000000 0xfffffffc 0x00000000 0x0400010b \n  0x40: 0x81f61033 0x00000001 0x00000000 0x00000000 \n  0x50: 0x00000000 0x00000000 0x00000000 0x00000000 \n  0x60: 0x00000000 0x00000000 0x00000000 0x00000000 \n  0x70: 0x00000000 0x00000000 0x00000000 0x00000000 \n  0x80: 0x30a00001 0x00000000 0x04630463 0x00000000 \n  0x90: 0x00000000 0x00000000 0x00000000 0x00000000 \n  0xa0: 0x00000000 0x00000000 0x00000000 0x00000000 \n  0xb0: 0x00000000 0x00000000 0x00000000 0x00000000 \n  0xc0: 0x81f61033 0x00000000 0x00000000 0x00000000 \n  0xd0: 0x00000000 0x00000000 0x00000000 0xfe0a0001 \n  0xe0: 0x24c04000 0x00000000 0x00000000 0x00000000 \n  0xf0: 0x00000000 0x00000000 0x00000000 0x00000000 \ncbb1: \u003cRF5C476 PCI-CardBus Bridge\u003e mem 0xf0425000-0xf0425fff at device 12.1 on pci0\ncardbus1: \u003cCardBus bus\u003e on cbb1\npccard1: \u003c16-bit PCCard bus\u003e on cbb1\npcib0: matched entry for 0.12.INTB (src \\\\_SB_.PCI0.ISA_.LNK1:0)\npcib0: slot 12 INTB routed to irq 11 via \\\\_SB_.PCI0.ISA_.LNK1\ncbb1: PCI Configuration space:\n  0x00: 0x04761180 0x02100007 0x060700ab 0x00824000 \n  0x10: 0xf0425000 0x020000dc 0x20030300 0xfffff000 \n  0x20: 0x00000000 0xfffff000 0x00000000 0xfffffffc \n  0x30: 0x00000000 0xfffffffc 0x00000000 0x0400020b \n  0x40: 0x81f61033 0x00000001 0x00000000 0x00000000 \n  0x50: 0x00000000 0x00000000 0x00000000 0x00000000 \n  0x60: 0x00000000 0x00000000 0x00000000 0x00000000 \n  0x70: 0x00000000 0x00000000 0x00000000 0x00000000 \n  0x80: 0x30a00001 0x00000000 0x04630463 0x00000000 \n  0x90: 0x00000000 0x00000000 0x00000000 0x00000000 \n  0xa0: 0x00000000 0x00000000 0x00000000 0x00000000 \n  0xb0: 0x00000000 0x00000000 0x00000000 0x00000000 \n  0xc0: 0x81f61033 0x00000000 0x00000000 0x00000000 \n  0xd0: 0x00000000 0x00000000 0x00000000 0xfe0a0001 \n  0xe0: 0x24c04000 0x00000000 0x00000000 0x00000000 \n  0xf0: 0x00000000 0x00000000 0x00000000 0x00000000 \nfwohci0: \u003cRicoh R5C552\u003e mem 0xf0427000-0xf04277ff irq 11 at device 12.2 on pci0\nfwohci0: OHCI version 1.0 (ROM=1)\nfwohci0: No. of Isochronous channels is 4.\nfwohci0: EUI64 00:00:4c:e0:32:50:90:02\nfwohci0: Phy 1394a available S400, 2 ports.\nfwohci0: Link S400, max_rec 2048 bytes.\nfirewire0: \u003cIEEE1394(FireWire) bus\u003e on fwohci0\ndcons_crom0: \u003cdcons configuration ROM\u003e on firewire0\ndcons_crom0: bus_addr 0x2de6000\nfwe0: \u003cEthernet over FireWire\u003e on firewire0\nif_fwe0: Fake Ethernet address: 02:00:4c:50:90:02\nfwe0: bpf attached\nfwe0: Ethernet address: 02:00:4c:50:90:02\nfwip0: \u003cIP over FireWire\u003e on firewire0\nfwip0: bpf attached\nfwip0: Firewire address: 00:00:4c:e0:32:50:90:02 @ 0xfffe00000000, S400, maxrec 2048\nfwohci0: Initiate bus reset\nfwohci0: fwohci_intr_core: BUS reset\nfwohci0: fwohci_intr_core: node_id=0x00000000, SelfID Count=1, CYCLEMASTER mode\npci0: \u003cbase peripheral\u003e at device 12.3 (no driver attached)\npci0: \u003cbase peripheral\u003e at device 12.4 (no driver attached)\nfxp0: \u003cIntel 82551QM Pro/100 M Mobile Connection\u003e port 0x8080-0x80bf mem 0xf0426000-0xf0426fff,0xf0400000-0xf041ffff irq 10 at device 14.0 on pci0\nfxp0: using memory space register mapping\nfxp0: PCI IDs: 8086 1059 1033 81e6 0010\nfxp0: Dynamic Standby mode is disabled\nmiibus0: \u003cMII bus\u003e on fxp0\ninphy0: \u003ci82555 10/100 media interface\u003e PHY 1 on miibus0\ninphy0: OUI 0x005500, model 0x0015, rev. 4\ninphy0:  10baseT, 10baseT-FDX, 100baseTX, 100baseTX-FDX, auto, auto-flow\nfxp0: bpf attached\nfxp0: Ethernet address: 00:0d:5e:78:3f:4b\natapci0: \u003cAcerLabs M5229 UDMA100 controller\u003e port 0x1f0-0x1f7,0x3f6,0x170-0x177,0x376,0x80c0-0x80cf at device 15.0 on pci0\natapci0: using PIO transfers above 137GB as workaround for 48bit DMA access bug, expect reduced performance\nata0: \u003cATA channel\u003e at channel 0 on atapci0\nata1: \u003cATA channel\u003e at channel 1 on atapci0\nacpi_acad0: \u003cAC Adapter\u003e on acpi0\nbattery0: \u003cACPI Control Method Battery\u003e on acpi0\nacpi_lid0: \u003cControl Method Lid Switch\u003e on acpi0\nacpi_tz0: \u003cThermal Zone\u003e on acpi0\natkbdc0: \u003cKeyboard controller (i8042)\u003e port 0x60,0x64 irq 1 on acpi0\natkbd0: \u003cAT Keyboard\u003e irq 1 on atkbdc0\natkbd: the current kbd controller command byte 0047\natkbd: keyboard ID 0x41ab (2)\nkbd0 at atkbd0\nkbd0: atkbd0, AT 101/102 (2), config:0x0, flags:0x3d0000\natkbd0: [GIANT-LOCKED]\npsm0: unable to allocate IRQ\npsmcpnp0: \u003cPS/2 mouse port\u003e irq 12 on acpi0\npsm0: current command byte:0047\npsm0: \u003cPS/2 Mouse\u003e irq 12 on atkbdc0\npsm0: [GIANT-LOCKED]\npsm0: model GlidePoint, device ID 0-00, 2 buttons\npsm0: config:00004000, flags:00000008, packet size:3\npsm0: syncmask:c0, syncbits:00\nfdc0: \u003cfloppy drive controller\u003e port 0x3f0-0x3f5,0x3f7 irq 6 drq 2 on acpi0\nfdc0: ic_type 90 part_id 80\nfd0: \u003c1440-KB 3.5\" drive\u003e on fdc0 drive 0\nuart0: \u003c16550 or compatible\u003e port 0x3f8-0x3ff irq 4 flags 0x10 on acpi0\nuart0: fast interrupt\nppc0: using extended I/O port range\nppc0: SPP EPP\nppc0: \u003cParallel port\u003e port 0x378-0x37f irq 7 on acpi0\nppc0: Generic chipset (EPP/NIBBLE) in COMPATIBLE mode\nppbus0: \u003cParallel port bus\u003e on ppc0\nlpt0: \u003cPrinter\u003e on ppbus0\nlpt0: Interrupt-driven port\nppi0: \u003cParallel I/O\u003e on ppbus0\nplip0: \u003cPLIP network interface\u003e on ppbus0\nplip0: bpf attached\nex_isa_identify()\nahc_isa_probe 0: ioport 0xc00 alloc failed\nahc_isa_probe 1: ioport 0x1c00 alloc failed\nahc_isa_probe 2: ioport 0x2c00 alloc failed\nahc_isa_probe 3: ioport 0x3c00 alloc failed\nahc_isa_probe 4: ioport 0x4c00 alloc failed\nahc_isa_probe 5: ioport 0x5c00 alloc failed\nahc_isa_probe 6: ioport 0x6c00 alloc failed\nahc_isa_probe 7: ioport 0x7c00 alloc failed\nahc_isa_probe 8: ioport 0x8c00 alloc failed\nahc_isa_probe 9: ioport 0x9c00 alloc failed\nahc_isa_probe 10: ioport 0xac00 alloc failed\nahc_isa_probe 11: ioport 0xbc00 alloc failed\nahc_isa_probe 12: ioport 0xcc00 alloc failed\nahc_isa_probe 13: ioport 0xdc00 alloc failed\nahc_isa_probe 14: ioport 0xec00 alloc failed\npnp_identify: Trying Read_Port at 203\npnp_identify: Trying Read_Port at 243\npnp_identify: Trying Read_Port at 283\npnp_identify: Trying Read_Port at 2c3\npnp_identify: Trying Read_Port at 303\npnp_identify: Trying Read_Port at 343\npnp_identify: Trying Read_Port at 383\npnp_identify: Trying Read_Port at 3c3\nPNP Identify complete\npcib0: allocated type 3 (0xa0000-0xa07ff) for rid 0 of orm0\npcib0: allocated type 3 (0xa0800-0xa0fff) for rid 0 of orm0\npcib0: allocated type 3 (0xa1000-0xa17ff) for rid 0 of orm0\npcib0: allocated type 3 (0xa1800-0xa1fff) for rid 0 of orm0\npcib0: allocated type 3 (0xa2000-0xa27ff) for rid 0 of orm0\npcib0: allocated type 3 (0xa2800-0xa2fff) for rid 0 of orm0\npcib0: allocated type 3 (0xa3000-0xa37ff) for rid 0 of orm0\npcib0: allocated type 3 (0xa3800-0xa3fff) for rid 0 of orm0\npcib0: allocated type 3 (0xa4000-0xa47ff) for rid 0 of orm0\npcib0: allocated type 3 (0xa4800-0xa4fff) for rid 0 of orm0\npcib0: allocated type 3 (0xa5000-0xa57ff) for rid 0 of orm0\npcib0: allocated type 3 (0xa5800-0xa5fff) for rid 0 of orm0\npcib0: allocated type 3 (0xa6000-0xa67ff) for rid 0 of orm0\npcib0: allocated type 3 (0xa6800-0xa6fff) for rid 0 of orm0\npcib0: allocated type 3 (0xa7000-0xa77ff) for rid 0 of orm0\npcib0: allocated type 3 (0xa7800-0xa7fff) for rid 0 of orm0\npcib0: allocated type 3 (0xa8000-0xa87ff) for rid 0 of orm0\npcib0: allocated type 3 (0xa8800-0xa8fff) for rid 0 of orm0\npcib0: allocated type 3 (0xa9000-0xa97ff) for rid 0 of orm0\npcib0: allocated type 3 (0xa9800-0xa9fff) for rid 0 of orm0\npcib0: allocated type 3 (0xaa000-0xaa7ff) for rid 0 of orm0\npcib0: allocated type 3 (0xaa800-0xaafff) for rid 0 of orm0\npcib0: allocated type 3 (0xab000-0xab7ff) for rid 0 of orm0\npcib0: allocated type 3 (0xab800-0xabfff) for rid 0 of orm0\npcib0: allocated type 3 (0xac000-0xac7ff) for rid 0 of orm0\npcib0: allocated type 3 (0xac800-0xacfff) for rid 0 of orm0\npcib0: allocated type 3 (0xad000-0xad7ff) for rid 0 of orm0\npcib0: allocated type 3 (0xad800-0xadfff) for rid 0 of orm0\npcib0: allocated type 3 (0xae000-0xae7ff) for rid 0 of orm0\npcib0: allocated type 3 (0xae800-0xaefff) for rid 0 of orm0\npcib0: allocated type 3 (0xaf000-0xaf7ff) for rid 0 of orm0\npcib0: allocated type 3 (0xaf800-0xaffff) for rid 0 of orm0\npcib0: allocated type 3 (0xb0000-0xb07ff) for rid 0 of orm0\npcib0: allocated type 3 (0xb0800-0xb0fff) for rid 0 of orm0\npcib0: allocated type 3 (0xb1000-0xb17ff) for rid 0 of orm0\npcib0: allocated type 3 (0xb1800-0xb1fff) for rid 0 of orm0\npcib0: allocated type 3 (0xb2000-0xb27ff) for rid 0 of orm0\npcib0: allocated type 3 (0xb2800-0xb2fff) for rid 0 of orm0\npcib0: allocated type 3 (0xb3000-0xb37ff) for rid 0 of orm0\npcib0: allocated type 3 (0xb3800-0xb3fff) for rid 0 of orm0\npcib0: allocated type 3 (0xb4000-0xb47ff) for rid 0 of orm0\npcib0: allocated type 3 (0xb4800-0xb4fff) for rid 0 of orm0\npcib0: allocated type 3 (0xb5000-0xb57ff) for rid 0 of orm0\npcib0: allocated type 3 (0xb5800-0xb5fff) for rid 0 of orm0\npcib0: allocated type 3 (0xb6000-0xb67ff) for rid 0 of orm0\npcib0: allocated type 3 (0xb6800-0xb6fff) for rid 0 of orm0\npcib0: allocated type 3 (0xb7000-0xb77ff) for rid 0 of orm0\npcib0: allocated type 3 (0xb7800-0xb7fff) for rid 0 of orm0\npcib0: allocated type 3 (0xb8000-0xb87ff) for rid 0 of orm0\npcib0: allocated type 3 (0xb8800-0xb8fff) for rid 0 of orm0\npcib0: allocated type 3 (0xb9000-0xb97ff) for rid 0 of orm0\npcib0: allocated type 3 (0xb9800-0xb9fff) for rid 0 of orm0\npcib0: allocated type 3 (0xba000-0xba7ff) for rid 0 of orm0\npcib0: allocated type 3 (0xba800-0xbafff) for rid 0 of orm0\npcib0: allocated type 3 (0xbb000-0xbb7ff) for rid 0 of orm0\npcib0: allocated type 3 (0xbb800-0xbbfff) for rid 0 of orm0\npcib0: allocated type 3 (0xbc000-0xbc7ff) for rid 0 of orm0\npcib0: allocated type 3 (0xbc800-0xbcfff) for rid 0 of orm0\npcib0: allocated type 3 (0xbd000-0xbd7ff) for rid 0 of orm0\npcib0: allocated type 3 (0xbd800-0xbdfff) for rid 0 of orm0\npcib0: allocated type 3 (0xbe000-0xbe7ff) for rid 0 of orm0\npcib0: allocated type 3 (0xbe800-0xbefff) for rid 0 of orm0\npcib0: allocated type 3 (0xbf000-0xbf7ff) for rid 0 of orm0\npcib0: allocated type 3 (0xbf800-0xbffff) for rid 0 of orm0\npcib0: allocated type 3 (0xd0000-0xd07ff) for rid 1 of orm0\npcib0: allocated type 3 (0xd0800-0xd0fff) for rid 1 of orm0\npcib0: allocated type 3 (0xd1000-0xd17ff) for rid 1 of orm0\npcib0: allocated type 3 (0xd1800-0xd1fff) for rid 1 of orm0\npcib0: allocated type 3 (0xd2000-0xd27ff) for rid 1 of orm0\npcib0: allocated type 3 (0xd2800-0xd2fff) for rid 1 of orm0\npcib0: allocated type 3 (0xd3000-0xd37ff) for rid 1 of orm0\npcib0: allocated type 3 (0xd3800-0xd3fff) for rid 1 of orm0\npcib0: allocated type 3 (0xd4000-0xd47ff) for rid 1 of orm0\npcib0: allocated type 3 (0xd4800-0xd4fff) for rid 1 of orm0\npcib0: allocated type 3 (0xd5000-0xd57ff) for rid 1 of orm0\npcib0: allocated type 3 (0xd5800-0xd5fff) for rid 1 of orm0\npcib0: allocated type 3 (0xd6000-0xd67ff) for rid 1 of orm0\npcib0: allocated type 3 (0xd6800-0xd6fff) for rid 1 of orm0\npcib0: allocated type 3 (0xd7000-0xd77ff) for rid 1 of orm0\npcib0: allocated type 3 (0xd7800-0xd7fff) for rid 1 of orm0\npcib0: allocated type 3 (0xd8000-0xd87ff) for rid 1 of orm0\npcib0: allocated type 3 (0xd8800-0xd8fff) for rid 1 of orm0\npcib0: allocated type 3 (0xd9000-0xd97ff) for rid 1 of orm0\npcib0: allocated type 3 (0xd9800-0xd9fff) for rid 1 of orm0\npcib0: allocated type 3 (0xda000-0xda7ff) for rid 1 of orm0\npcib0: allocated type 3 (0xda800-0xdafff) for rid 1 of orm0\npcib0: allocated type 3 (0xdb000-0xdb7ff) for rid 1 of orm0\npcib0: allocated type 3 (0xdb800-0xdbfff) for rid 1 of orm0\npcib0: allocated type 3 (0xdc000-0xdc7ff) for rid 1 of orm0\npcib0: allocated type 3 (0xdc800-0xdcfff) for rid 1 of orm0\npcib0: allocated type 3 (0xdd000-0xdd7ff) for rid 1 of orm0\npcib0: allocated type 3 (0xdd800-0xddfff) for rid 1 of orm0\npcib0: allocated type 3 (0xde000-0xde7ff) for rid 1 of orm0\npcib0: allocated type 3 (0xde800-0xdefff) for rid 1 of orm0\npcib0: allocated type 3 (0xdf000-0xdf7ff) for rid 1 of orm0\npcib0: allocated type 3 (0xdf800-0xdffff) for rid 1 of orm0\nisa_probe_children: disabling PnP devices\npmtimer0 on isa0\nata: ata0 already exists; skipping it\nata: ata1 already exists; skipping it\natkbdc: atkbdc0 already exists; skipping it\natrtc: atrtc0 already exists; skipping it\nattimer: attimer0 already exists; skipping it\nfdc: fdc0 already exists; skipping it\nppc: ppc0 already exists; skipping it\nsc: sc0 already exists; skipping it\nuart: uart0 already exists; skipping it\nisa_probe_children: probing non-PnP devices\norm0: \u003cISA Option ROM\u003e at iomem 0xc0000-0xcefff pnpid ORM0000 on isa0\nsc0: \u003cSystem console\u003e at flags 0x100 on isa0\nsc0: VGA \u003c16 virtual consoles, flags=0x300\u003e\nsc0: fb0, kbd1, terminal emulator: scteken (teken terminal)\nvga0: \u003cGeneric ISA VGA\u003e at port 0x3c0-0x3df iomem 0xa0000-0xbffff on isa0\npcib0: allocated type 4 (0x3c0-0x3df) for rid 0 of vga0\npcib0: allocated type 3 (0xa0000-0xbffff) for rid 0 of vga0\npcib0: allocated type 4 (0x2f8-0x2ff) for rid 0 of uart1\nuart1 failed to probe at port 0x2f8-0x2ff irq 3 on isa0\nwbwd0 failed to probe on isa0\nisa_probe_children: probing PnP devices\np4tcc0: \u003cCPU Frequency Thermal Control\u003e on cpu0\nDevice configuration finished.\nprocfs registered\nTimecounters tick every 1.000 msec\nvlan: initialized, using hash tables with chaining\nfirewire0: 1 nodes, maxhop \u003c= 0 cable IRM irm(0)  (me) \nfirewire0: bus manager 0 \nlo0: bpf attached\nhptrr: no controller detected.\nusbus0: 12Mbps Full Speed USB v1.0\nusbus1: 12Mbps Full Speed USB v1.0\nusbus2: 480Mbps High Speed USB v2.0\nata0: reset tp1 mask=03 ostat0=50 ostat1=00\nugen0.1: \u003cNEC\u003e at usbus0\nuhub0: \u003cNEC OHCI root HUB, class 9/0, rev 1.00/1.00, addr 1\u003e on usbus0\nugen1.1: \u003cNEC\u003e at usbus1\nuhub1: \u003cNEC OHCI root HUB, class 9/0, rev 1.00/1.00, addr 1\u003e on usbus1\nugen2.1: \u003cNEC\u003e at usbus2\nuhub2: \u003cNEC EHCI root HUB, class 9/0, rev 2.00/1.00, addr 1\u003e on usbus2\nata0: stat0=0x50 err=0x01 lsb=0x00 msb=0x00\nata0: stat1=0x00 err=0x01 lsb=0x00 msb=0x00\nata0: reset tp2 stat0=50 stat1=00 devices=0x1\n(aprobe0:ata0:0:0:0): SIGNATURE: 0000\nata1: reset tp1 mask=03 ostat0=50 ostat1=00\nata1: stat0=0x00 err=0x01 lsb=0x14 msb=0xeb\nata1: stat1=0x00 err=0x00 lsb=0x00 msb=0x00\nata1: reset tp2 stat0=00 stat1=00 devices=0x10000\n(aprobe0:ata1:0:0:0): SIGNATURE: eb14\nacpi_acad0: acline initialization start\nacpi_acad0: On Line\nacpi_acad0: acline initialization done, tried 1 times\nbattery0: battery initialization start\nbattery0: battery initialization done, tried 1 times\nuhub1: 2 ports with 2 removable, self powered\nuhub0: 3 ports with 3 removable, self powered\nuhub2: 5 ports with 5 removable, self powered\n(probe0:ctl2cam0:0:1:0): Error 6, Unretryable error\npass0 at ata0 bus 0 scbus0 target 0 lun 0\npass0: \u003cIC25N020ATDA04-0 DA3OA76A\u003e ATA-5 device\npass0: Serial Number 63A63292370\npass0: 100.000MB/s transfers (UDMA5, PIO 8192bytes)\npass1 at ata1 bus 0 scbus1 target 0 lun 0\npass1: \u003cMATSHITA DVD-RAM UJ-811 H101\u003e Removable CD-ROM SCSI-0 device \npass1: 33.300MB/s transfers (UDMA2, ATAPI 12bytes, PIO 65534bytes)\nada0 at ata0 bus 0 scbus0 target 0 lun 0\nada0: \u003cIC25N020ATDA04-0 DA3OA76A\u003e ATA-5 device\nGEOM: new disk ada0\nada0: Serial Number 63A63292370\nada0: 100.000MB/s transfers (UDMA5, PIO 8192bytes)\nada0: 19077MB (39070080 512 byte sectors: 16H 63S/T 16383C)\nada0: Previously was known as ad0\nTimecounter \"TSC\" frequency 1993763896 Hz quality 800\nWARNING: WITNESS option enabled, expect reduced performance.\n(cd0:ata1:0:0:0): SCSI status error\n(cd0:ata1:0:0:0): READ CAPACITY. CDB: 25 0 0 0 0 0 0 0 0 0 \n(cd0:ata1:0:0:0): CAM status: SCSI Status Error\n(cd0:ata1:0:0:0): SCSI status: Check Condition\n(cd0:ata1:0:0:0): SCSI sense: HARDWARE FAILURE asc:9,2 (Focus servo failure)\n(cd0:ata1:0:0:0): Command Specific Info: 0x8019\n(cd0:ata1:0:0:0): Retrying command (per sense data)\n(cd0:ata1:0:0:0): SCSI status error\n(cd0:ata1:0:0:0): READ CAPACITY. CDB: 25 0 0 0 0 0 0 0 0 0 \n(cd0:ata1:0:0:0): CAM status: SCSI Status Error\n(cd0:ata1:0:0:0): SCSI status: Check Condition\n(cd0:ata1:0:0:0): SCSI sense: HARDWARE FAILURE asc:9,2 (Focus servo failure)\n(cd0:ata1:0:0:0): Command Specific Info: 0x8019\n(cd0:ata1:0:0:0): Retrying command (per sense data)\n(cd0:ata1:0:0:0): SCSI status error\n(cd0:ata1:0:0:0): READ CAPACITY. CDB: 25 0 0 0 0 0 0 0 0 0 \n(cd0:ata1:0:0:0): CAM status: SCSI Status Error\n(cd0:ata1:0:0:0): SCSI status: Check Condition\n(cd0:ata1:0:0:0): SCSI sense: HARDWARE FAILURE asc:9,2 (Focus servo failure)\n(cd0:ata1:0:0:0): Command Specific Info: 0x8019\n(cd0:ata1:0:0:0): Retrying command (per sense data)\n(cd0:ata1:0:0:0): SCSI status error\n(cd0:ata1:0:0:0): READ CAPACITY. CDB: 25 0 0 0 0 0 0 0 0 0 \n(cd0:ata1:0:0:0): CAM status: SCSI Status Error\n(cd0:ata1:0:0:0): SCSI status: Check Condition\n(cd0:ata1:0:0:0): SCSI sense: HARDWARE FAILURE asc:9,2 (Focus servo failure)\n(cd0:ata1:0:0:0): Command Specific Info: 0x8019\n(cd0:ata1:0:0:0): Retrying command (per sense data)\n(cd0:ata1:0:0:0): SCSI status error\n(cd0:ata1:0:0:0): READ CAPACITY. CDB: 25 0 0 0 0 0 0 0 0 0 \n(cd0:ata1:0:0:0): CAM status: SCSI Status Error\n(cd0:ata1:0:0:0): SCSI status: Check Condition\n(cd0:ata1:0:0:0): SCSI sense: HARDWARE FAILURE asc:9,2 (Focus servo failure)\n(cd0:ata1:0:0:0): Command Specific Info: 0x8019\n(cd0:ata1:0:0:0): Error 5, Retries exhausted\ncd0 at ata1 bus 0 scbus1 target 0 lun 0\ncd0: \u003cMATSHITA DVD-RAM UJ-811 H101\u003e Removable CD-ROM SCSI-0 device \ncd0: 33.300MB/s transfers (UDMA2, ATAPI 12bytes, PIO 65534bytes)\ncd0: Attempt to query device size failed: HARDWARE FAILURE, Focus servo failure\nGEOM: new disk cd0\n(cd0:ata1:0:0:0): SCSI status error\n(cd0:ata1:0:0:0): READ CAPACITY. CDB: 25 0 0 0 0 0 0 0 0 0 \n(cd0:ata1:0:0:0): CAM status: SCSI Status Error\n(cd0:ata1:0:0:0): SCSI status: Check Condition\n(cd0:ata1:0:0:0): SCSI sense: HARDWARE FAILURE asc:9,2 (Focus servo failure)\n(cd0:ata1:0:0:0): Command Specific Info: 0x8019\n(cd0:ata1:0:0:0): Retrying command (per sense data)\n(cd0:ata1:0:0:0): SCSI status error\n(cd0:ata1:0:0:0): READ CAPACITY. CDB: 25 0 0 0 0 0 0 0 0 0 \n(cd0:ata1:0:0:0): CAM status: SCSI Status Error\n(cd0:ata1:0:0:0): SCSI status: Check Condition\n(cd0:ata1:0:0:0): SCSI sense: HARDWARE FAILURE asc:9,2 (Focus servo failure)\n(cd0:ata1:0:0:0): Command Specific Info: 0x8019\n(cd0:ata1:0:0:0): Retrying command (per sense data)\n(cd0:ata1:0:0:0): SCSI status error\n(cd0:ata1:0:0:0): READ CAPACITY. CDB: 25 0 0 0 0 0 0 0 0 0 \n(cd0:ata1:0:0:0): CAM status: SCSI Status Error\n(cd0:ata1:0:0:0): SCSI status: Check Condition\n(cd0:ata1:0:0:0): SCSI sense: HARDWARE FAILURE asc:9,2 (Focus servo failure)\n(cd0:ata1:0:0:0): Command Specific Info: 0x8019\n(cd0:ata1:0:0:0): Retrying command (per sense data)\n(cd0:ata1:0:0:0): SCSI status error\n(cd0:ata1:0:0:0): READ CAPACITY. CDB: 25 0 0 0 0 0 0 0 0 0 \n(cd0:ata1:0:0:0): CAM status: SCSI Status Error\n(cd0:ata1:0:0:0): SCSI status: Check Condition\n(cd0:ata1:0:0:0): SCSI sense: HARDWARE FAILURE asc:9,2 (Focus servo failure)\n(cd0:ata1:0:0:0): Command Specific Info: 0x8019\n(cd0:ata1:0:0:0): Retrying command (per sense data)\n(cd0:ata1:0:0:0): SCSI status error\n(cd0:ata1:0:0:0): READ CAPACITY. CDB: 25 0 0 0 0 0 0 0 0 0 \n(cd0:ata1:0:0:0): CAM status: SCSI Status Error\n(cd0:ata1:0:0:0): SCSI status: Check Condition\n(cd0:ata1:0:0:0): SCSI sense: HARDWARE FAILURE asc:9,2 (Focus servo failure)\n(cd0:ata1:0:0:0): Command Specific Info: 0x8019\n(cd0:ata1:0:0:0): Error 5, Retries exhausted\n(cd0:ata1:0:0:0): SCSI status error\n(cd0:ata1:0:0:0): READ CAPACITY. CDB: 25 0 0 0 0 0 0 0 0 0 \n(cd0:ata1:0:0:0): CAM status: SCSI Status Error\n(cd0:ata1:0:0:0): SCSI status: Check Condition\n(cd0:ata1:0:0:0): SCSI sense: HARDWARE FAILURE asc:9,2 (Focus servo failure)\n(cd0:ata1:0:0:0): Command Specific Info: 0x8019\n(cd0:ata1:0:0:0): Retrying command (per sense data)\n(cd0:ata1:0:0:0): SCSI status error\n(cd0:ata1:0:0:0): READ CAPACITY. CDB: 25 0 0 0 0 0 0 0 0 0 \n(cd0:ata1:0:0:0): CAM status: SCSI Status Error\n(cd0:ata1:0:0:0): SCSI status: Check Condition\n(cd0:ata1:0:0:0): SCSI sense: HARDWARE FAILURE asc:9,2 (Focus servo failure)\n(cd0:ata1:0:0:0): Command Specific Info: 0x8019\n(cd0:ata1:0:0:0): Retrying command (per sense data)\n(cd0:ata1:0:0:0): SCSI status error\n(cd0:ata1:0:0:0): READ CAPACITY. CDB: 25 0 0 0 0 0 0 0 0 0 \n(cd0:ata1:0:0:0): CAM status: SCSI Status Error\n(cd0:ata1:0:0:0): SCSI status: Check Condition\n(cd0:ata1:0:0:0): SCSI sense: HARDWARE FAILURE asc:9,2 (Focus servo failure)\n(cd0:ata1:0:0:0): Command Specific Info: 0x8019\n(cd0:ata1:0:0:0): Retrying command (per sense data)\n(cd0:ata1:0:0:0): SCSI status error\n(cd0:ata1:0:0:0): READ CAPACITY. CDB: 25 0 0 0 0 0 0 0 0 0 \n(cd0:ata1:0:0:0): CAM status: SCSI Status Error\n(cd0:ata1:0:0:0): SCSI status: Check Condition\n(cd0:ata1:0:0:0): SCSI sense: HARDWARE FAILURE asc:9,2 (Focus servo failure)\n(cd0:ata1:0:0:0): Command Specific Info: 0x8019\n(cd0:ata1:0:0:0): Retrying command (per sense data)\n(cd0:ata1:0:0:0): SCSI status error\n(cd0:ata1:0:0:0): READ CAPACITY. CDB: 25 0 0 0 0 0 0 0 0 0 \n(cd0:ata1:0:0:0): CAM status: SCSI Status Error\n(cd0:ata1:0:0:0): SCSI status: Check Condition\n(cd0:ata1:0:0:0): SCSI sense: HARDWARE FAILURE asc:9,2 (Focus servo failure)\n(cd0:ata1:0:0:0): Command Specific Info: 0x8019\n(cd0:ata1:0:0:0): Error 5, Retries exhausted\n(cd0:ata1:0:0:0): SCSI status error\n(cd0:ata1:0:0:0): READ CAPACITY. CDB: 25 0 0 0 0 0 0 0 0 0 \n(cd0:ata1:0:0:0): CAM status: SCSI Status Error\n(cd0:ata1:0:0:0): SCSI status: Check Condition\n(cd0:ata1:0:0:0): SCSI sense: HARDWARE FAILURE asc:9,2 (Focus servo failure)\n(cd0:ata1:0:0:0): Command Specific Info: 0x8019\n(cd0:ata1:0:0:0): Retrying command (per sense data)\n(cd0:ata1:0:0:0): SCSI status error\n(cd0:ata1:0:0:0): READ CAPACITY. CDB: 25 0 0 0 0 0 0 0 0 0 \n(cd0:ata1:0:0:0): CAM status: SCSI Status Error\n(cd0:ata1:0:0:0): SCSI status: Check Condition\n(cd0:ata1:0:0:0): SCSI sense: HARDWARE FAILURE asc:9,2 (Focus servo failure)\n(cd0:ata1:0:0:0): Command Specific Info: 0x8019\n(cd0:ata1:0:0:0): Retrying command (per sense data)\n(cd0:ata1:0:0:0): SCSI status error\n(cd0:ata1:0:0:0): READ CAPACITY. CDB: 25 0 0 0 0 0 0 0 0 0 \n(cd0:ata1:0:0:0): CAM status: SCSI Status Error\n(cd0:ata1:0:0:0): SCSI status: Check Condition\n(cd0:ata1:0:0:0): SCSI sense: HARDWARE FAILURE asc:9,2 (Focus servo failure)\n(cd0:ata1:0:0:0): Command Specific Info: 0x8019\n(cd0:ata1:0:0:0): Retrying command (per sense data)\n(cd0:ata1:0:0:0): SCSI status error\n(cd0:ata1:0:0:0): READ CAPACITY. CDB: 25 0 0 0 0 0 0 0 0 0 \n(cd0:ata1:0:0:0): CAM status: SCSI Status Error\n(cd0:ata1:0:0:0): SCSI status: Check Condition\n(cd0:ata1:0:0:0): SCSI sense: HARDWARE FAILURE asc:9,2 (Focus servo failure)\n(cd0:ata1:0:0:0): Command Specific Info: 0x8019\n(cd0:ata1:0:0:0): Retrying command (per sense data)\n(cd0:ata1:0:0:0): SCSI status error\n(cd0:ata1:0:0:0): READ CAPACITY. CDB: 25 0 0 0 0 0 0 0 0 0 \n(cd0:ata1:0:0:0): CAM status: SCSI Status Error\n(cd0:ata1:0:0:0): SCSI status: Check Condition\n(cd0:ata1:0:0:0): SCSI sense: HARDWARE FAILURE asc:9,2 (Focus servo failure)\n(cd0:ata1:0:0:0): Command Specific Info: 0x8019\n(cd0:ata1:0:0:0): Error 5, Retries exhausted\n(cd0:ata1:0:0:0): SCSI status error\n(cd0:ata1:0:0:0): READ CAPACITY. CDB: 25 0 0 0 0 0 0 0 0 0 \n(cd0:ata1:0:0:0): CAM status: SCSI Status Error\n(cd0:ata1:0:0:0): SCSI status: Check Condition\n(cd0:ata1:0:0:0): SCSI sense: HARDWARE FAILURE asc:9,2 (Focus servo failure)\n(cd0:ata1:0:0:0): Command Specific Info: 0x8019\n(cd0:ata1:0:0:0): Retrying command (per sense data)\n(cd0:ata1:0:0:0): SCSI status error\n(cd0:ata1:0:0:0): READ CAPACITY. CDB: 25 0 0 0 0 0 0 0 0 0 \n(cd0:ata1:0:0:0): CAM status: SCSI Status Error\n(cd0:ata1:0:0:0): SCSI status: Check Condition\n(cd0:ata1:0:0:0): SCSI sense: HARDWARE FAILURE asc:9,2 (Focus servo failure)\n(cd0:ata1:0:0:0): Command Specific Info: 0x8019\n(cd0:ata1:0:0:0): Retrying command (per sense data)\n(cd0:ata1:0:0:0): SCSI status error\n(cd0:ata1:0:0:0): READ CAPACITY. CDB: 25 0 0 0 0 0 0 0 0 0 \n(cd0:ata1:0:0:0): CAM status: SCSI Status Error\n(cd0:ata1:0:0:0): SCSI status: Check Condition\n(cd0:ata1:0:0:0): SCSI sense: HARDWARE FAILURE asc:9,2 (Focus servo failure)\n(cd0:ata1:0:0:0): Command Specific Info: 0x8019\n(cd0:ata1:0:0:0): Retrying command (per sense data)\n(cd0:ata1:0:0:0): SCSI status error\n(cd0:ata1:0:0:0): READ CAPACITY. CDB: 25 0 0 0 0 0 0 0 0 0 \n(cd0:ata1:0:0:0): CAM status: SCSI Status Error\n(cd0:ata1:0:0:0): SCSI status: Check Condition\n(cd0:ata1:0:0:0): SCSI sense: HARDWARE FAILURE asc:9,2 (Focus servo failure)\n(cd0:ata1:0:0:0): Command Specific Info: 0x8019\n(cd0:ata1:0:0:0): Retrying command (per sense data)\n(cd0:ata1:0:0:0): SCSI status error\n(cd0:ata1:0:0:0): READ CAPACITY. CDB: 25 0 0 0 0 0 0 0 0 0 \n(cd0:ata1:0:0:0): CAM status: SCSI Status Error\n(cd0:ata1:0:0:0): SCSI status: Check Condition\n(cd0:ata1:0:0:0): SCSI sense: HARDWARE FAILURE asc:9,2 (Focus servo failure)\n(cd0:ata1:0:0:0): Command Specific Info: 0x8019\n(cd0:ata1:0:0:0): Error 5, Retries exhausted\n(cd0:ata1:0:0:0): SCSI status error\n(cd0:ata1:0:0:0): READ CAPACITY. CDB: 25 0 0 0 0 0 0 0 0 0 \n(cd0:ata1:0:0:0): CAM status: SCSI Status Error\n(cd0:ata1:0:0:0): SCSI status: Check Condition\n(cd0:ata1:0:0:0): SCSI sense: HARDWARE FAILURE asc:9,2 (Focus servo failure)\n(cd0:ata1:0:0:0): Command Specific Info: 0x8019\n(cd0:ata1:0:0:0): Retrying command (per sense data)\n(cd0:ata1:0:0:0): SCSI status error\n(cd0:ata1:0:0:0): READ CAPACITY. CDB: 25 0 0 0 0 0 0 0 0 0 \n(cd0:ata1:0:0:0): CAM status: SCSI Status Error\n(cd0:ata1:0:0:0): SCSI status: Check Condition\n(cd0:ata1:0:0:0): SCSI sense: HARDWARE FAILURE asc:9,2 (Focus servo failure)\n(cd0:ata1:0:0:0): Command Specific Info: 0x8019\n(cd0:ata1:0:0:0): Retrying command (per sense data)\n(cd0:ata1:0:0:0): SCSI status error\n(cd0:ata1:0:0:0): READ CAPACITY. CDB: 25 0 0 0 0 0 0 0 0 0 \n(cd0:ata1:0:0:0): CAM status: SCSI Status Error\n(cd0:ata1:0:0:0): SCSI status: Check Condition\n(cd0:ata1:0:0:0): SCSI sense: HARDWARE FAILURE asc:9,2 (Focus servo failure)\n(cd0:ata1:0:0:0): Command Specific Info: 0x8019\n(cd0:ata1:0:0:0): Retrying command (per sense data)\n(cd0:ata1:0:0:0): SCSI status error\n(cd0:ata1:0:0:0): READ CAPACITY. CDB: 25 0 0 0 0 0 0 0 0 0 \n(cd0:ata1:0:0:0): CAM status: SCSI Status Error\n(cd0:ata1:0:0:0): SCSI status: Check Condition\n(cd0:ata1:0:0:0): SCSI sense: HARDWARE FAILURE asc:9,2 (Focus servo failure)\n(cd0:ata1:0:0:0): Command Specific Info: 0x8019\n(cd0:ata1:0:0:0): Retrying command (per sense data)\n(cd0:ata1:0:0:0): SCSI status error\n(cd0:ata1:0:0:0): READ CAPACITY. CDB: 25 0 0 0 0 0 0 0 0 0 \n(cd0:ata1:0:0:0): CAM status: SCSI Status Error\n(cd0:ata1:0:0:0): SCSI status: Check Condition\n(cd0:ata1:0:0:0): SCSI sense: HARDWARE FAILURE asc:9,2 (Focus servo failure)\n(cd0:ata1:0:0:0): Command Specific Info: 0x8019\n(cd0:ata1:0:0:0): Error 5, Retries exhausted\n(cd0:ata1:0:0:0): SCSI status error\n(cd0:ata1:0:0:0): READ CAPACITY. CDB: 25 0 0 0 0 0 0 0 0 0 \n(cd0:ata1:0:0:0): CAM status: SCSI Status Error\n(cd0:ata1:0:0:0): SCSI status: Check Condition\n(cd0:ata1:0:0:0): SCSI sense: HARDWARE FAILURE asc:9,2 (Focus servo failure)\n(cd0:ata1:0:0:0): Command Specific Info: 0x8019\n(cd0:ata1:0:0:0): Retrying command (per sense data)\n(cd0:ata1:0:0:0): SCSI status error\n(cd0:ata1:0:0:0): READ CAPACITY. CDB: 25 0 0 0 0 0 0 0 0 0 \n(cd0:ata1:0:0:0): CAM status: SCSI Status Error\n(cd0:ata1:0:0:0): SCSI status: Check Condition\n(cd0:ata1:0:0:0): SCSI sense: HARDWARE FAILURE asc:9,2 (Focus servo failure)\n(cd0:ata1:0:0:0): Command Specific Info: 0x8019\n(cd0:ata1:0:0:0): Retrying command (per sense data)\n(cd0:ata1:0:0:0): SCSI status error\n(cd0:ata1:0:0:0): READ CAPACITY. CDB: 25 0 0 0 0 0 0 0 0 0 \n(cd0:ata1:0:0:0): CAM status: SCSI Status Error\n(cd0:ata1:0:0:0): SCSI status: Check Condition\n(cd0:ata1:0:0:0): SCSI sense: HARDWARE FAILURE asc:9,2 (Focus servo failure)\n(cd0:ata1:0:0:0): Command Specific Info: 0x8019\n(cd0:ata1:0:0:0): Retrying command (per sense data)\n(cd0:ata1:0:0:0): SCSI status error\n(cd0:ata1:0:0:0): READ CAPACITY. CDB: 25 0 0 0 0 0 0 0 0 0 \n(cd0:ata1:0:0:0): CAM status: SCSI Status Error\n(cd0:ata1:0:0:0): SCSI status: Check Condition\n(cd0:ata1:0:0:0): SCSI sense: HARDWARE FAILURE asc:9,2 (Focus servo failure)\n(cd0:ata1:0:0:0): Command Specific Info: 0x8019\n(cd0:ata1:0:0:0): Retrying command (per sense data)\n(cd0:ata1:0:0:0): SCSI status error\n(cd0:ata1:0:0:0): READ CAPACITY. CDB: 25 0 0 0 0 0 0 0 0 0 \n(cd0:ata1:0:0:0): CAM status: SCSI Status Error\n(cd0:ata1:0:0:0): SCSI status: Check Condition\n(cd0:ata1:0:0:0): SCSI sense: HARDWARE FAILURE asc:9,2 (Focus servo failure)\n(cd0:ata1:0:0:0): Command Specific Info: 0x8019\n(cd0:ata1:0:0:0): Error 5, Retries exhausted\n(cd0:ata1:0:0:0): SCSI status error\n(cd0:ata1:0:0:0): READ CAPACITY. CDB: 25 0 0 0 0 0 0 0 0 0 \n(cd0:ata1:0:0:0): CAM status: SCSI Status Error\n(cd0:ata1:0:0:0): SCSI status: Check Condition\n(cd0:ata1:0:0:0): SCSI sense: HARDWARE FAILURE asc:9,2 (Focus servo failure)\n(cd0:ata1:0:0:0): Command Specific Info: 0x8019\n(cd0:ata1:0:0:0): Retrying command (per sense data)\n(cd0:ata1:0:0:0): SCSI status error\n(cd0:ata1:0:0:0): READ CAPACITY. CDB: 25 0 0 0 0 0 0 0 0 0 \n(cd0:ata1:0:0:0): CAM status: SCSI Status Error\n(cd0:ata1:0:0:0): SCSI status: Check Condition\n(cd0:ata1:0:0:0): SCSI sense: HARDWARE FAILURE asc:9,2 (Focus servo failure)\n(cd0:ata1:0:0:0): Command Specific Info: 0x8019\n(cd0:ata1:0:0:0): Retrying command (per sense data)\n(cd0:ata1:0:0:0): SCSI status error\n(cd0:ata1:0:0:0): READ CAPACITY. CDB: 25 0 0 0 0 0 0 0 0 0 \n(cd0:ata1:0:0:0): CAM status: SCSI Status Error\n(cd0:ata1:0:0:0): SCSI status: Check Condition\n(cd0:ata1:0:0:0): SCSI sense: HARDWARE FAILURE asc:9,2 (Focus servo failure)\n(cd0:ata1:0:0:0): Command Specific Info: 0x8019\n(cd0:ata1:0:0:0): Retrying command (per sense data)\n(cd0:ata1:0:0:0): SCSI status error\n(cd0:ata1:0:0:0): READ CAPACITY. CDB: 25 0 0 0 0 0 0 0 0 0 \n(cd0:ata1:0:0:0): CAM status: SCSI Status Error\n(cd0:ata1:0:0:0): SCSI status: Check Condition\n(cd0:ata1:0:0:0): SCSI sense: HARDWARE FAILURE asc:9,2 (Focus servo failure)\n(cd0:ata1:0:0:0): Command Specific Info: 0x8019\n(cd0:ata1:0:0:0): Retrying command (per sense data)\n(cd0:ata1:0:0:0): SCSI status error\n(cd0:ata1:0:0:0): READ CAPACITY. CDB: 25 0 0 0 0 0 0 0 0 0 \n(cd0:ata1:0:0:0): CAM status: SCSI Status Error\n(cd0:ata1:0:0:0): SCSI status: Check Condition\n(cd0:ata1:0:0:0): SCSI sense: HARDWARE FAILURE asc:9,2 (Focus servo failure)\n(cd0:ata1:0:0:0): Command Specific Info: 0x8019\n(cd0:ata1:0:0:0): Error 5, Retries exhausted\n(cd0:ata1:0:0:0): SCSI status error\n(cd0:ata1:0:0:0): READ CAPACITY. CDB: 25 0 0 0 0 0 0 0 0 0 \n(cd0:ata1:0:0:0): CAM status: SCSI Status Error\n(cd0:ata1:0:0:0): SCSI status: Check Condition\n(cd0:ata1:0:0:0): SCSI sense: HARDWARE FAILURE asc:9,2 (Focus servo failure)\n(cd0:ata1:0:0:0): Command Specific Info: 0x8019\n(cd0:ata1:0:0:0): Retrying command (per sense data)\n(cd0:ata1:0:0:0): SCSI status error\n(cd0:ata1:0:0:0): READ CAPACITY. CDB: 25 0 0 0 0 0 0 0 0 0 \n(cd0:ata1:0:0:0): CAM status: SCSI Status Error\n(cd0:ata1:0:0:0): SCSI status: Check Condition\n(cd0:ata1:0:0:0): SCSI sense: HARDWARE FAILURE asc:9,2 (Focus servo failure)\n(cd0:ata1:0:0:0): Command Specific Info: 0x8019\n(cd0:ata1:0:0:0): Retrying command (per sense data)\n(cd0:ata1:0:0:0): SCSI status error\n(cd0:ata1:0:0:0): READ CAPACITY. CDB: 25 0 0 0 0 0 0 0 0 0 \n(cd0:ata1:0:0:0): CAM status: SCSI Status Error\n(cd0:ata1:0:0:0): SCSI status: Check Condition\n(cd0:ata1:0:0:0): SCSI sense: HARDWARE FAILURE asc:9,2 (Focus servo failure)\n(cd0:ata1:0:0:0): Command Specific Info: 0x8019\n(cd0:ata1:0:0:0): Retrying command (per sense data)\n(cd0:ata1:0:0:0): SCSI status error\n(cd0:ata1:0:0:0): READ CAPACITY. CDB: 25 0 0 0 0 0 0 0 0 0 \n(cd0:ata1:0:0:0): CAM status: SCSI Status Error\n(cd0:ata1:0:0:0): SCSI status: Check Condition\n(cd0:ata1:0:0:0): SCSI sense: HARDWARE FAILURE asc:9,2 (Focus servo failure)\n(cd0:ata1:0:0:0): Command Specific Info: 0x8019\n(cd0:ata1:0:0:0): Retrying command (per sense data)\n(cd0:ata1:0:0:0): SCSI status error\n(cd0:ata1:0:0:0): READ CAPACITY. CDB: 25 0 0 0 0 0 0 0 0 0 \n(cd0:ata1:0:0:0): CAM status: SCSI Status Error\n(cd0:ata1:0:0:0): SCSI status: Check Condition\n(cd0:ata1:0:0:0): SCSI sense: HARDWARE FAILURE asc:9,2 (Focus servo failure)\n(cd0:ata1:0:0:0): Command Specific Info: 0x8019\n(cd0:ata1:0:0:0): Error 5, Retries exhausted\n(cd0:ata1:0:0:0): SCSI status error\n(cd0:ata1:0:0:0): READ CAPACITY. CDB: 25 0 0 0 0 0 0 0 0 0 \n(cd0:ata1:0:0:0): CAM status: SCSI Status Error\n(cd0:ata1:0:0:0): SCSI status: Check Condition\n(cd0:ata1:0:0:0): SCSI sense: HARDWARE FAILURE asc:9,2 (Focus servo failure)\n(cd0:ata1:0:0:0): Command Specific Info: 0x8019\n(cd0:ata1:0:0:0): Retrying command (per sense data)\n(cd0:ata1:0:0:0): SCSI status error\n(cd0:ata1:0:0:0): READ CAPACITY. CDB: 25 0 0 0 0 0 0 0 0 0 \n(cd0:ata1:0:0:0): CAM status: SCSI Status Error\n(cd0:ata1:0:0:0): SCSI status: Check Condition\n(cd0:ata1:0:0:0): SCSI sense: HARDWARE FAILURE asc:9,2 (Focus servo failure)\n(cd0:ata1:0:0:0): Command Specific Info: 0x8019\n(cd0:ata1:0:0:0): Retrying command (per sense data)\n(cd0:ata1:0:0:0): SCSI status error\n(cd0:ata1:0:0:0): READ CAPACITY. CDB: 25 0 0 0 0 0 0 0 0 0 \n(cd0:ata1:0:0:0): CAM status: SCSI Status Error\n(cd0:ata1:0:0:0): SCSI status: Check Condition\n(cd0:ata1:0:0:0): SCSI sense: HARDWARE FAILURE asc:9,2 (Focus servo failure)\n(cd0:ata1:0:0:0): Command Specific Info: 0x8019\n(cd0:ata1:0:0:0): Retrying command (per sense data)\n(cd0:ata1:0:0:0): SCSI status error\n(cd0:ata1:0:0:0): READ CAPACITY. CDB: 25 0 0 0 0 0 0 0 0 0 \n(cd0:ata1:0:0:0): CAM status: SCSI Status Error\n(cd0:ata1:0:0:0): SCSI status: Check Condition\n(cd0:ata1:0:0:0): SCSI sense: HARDWARE FAILURE asc:9,2 (Focus servo failure)\n(cd0:ata1:0:0:0): Command Specific Info: 0x8019\n(cd0:ata1:0:0:0): Retrying command (per sense data)\n(cd0:ata1:0:0:0): SCSI status error\n(cd0:ata1:0:0:0): READ CAPACITY. CDB: 25 0 0 0 0 0 0 0 0 0 \n(cd0:ata1:0:0:0): CAM status: SCSI Status Error\n(cd0:ata1:0:0:0): SCSI status: Check Condition\n(cd0:ata1:0:0:0): SCSI sense: HARDWARE FAILURE asc:9,2 (Focus servo failure)\n(cd0:ata1:0:0:0): Command Specific Info: 0x8019\n(cd0:ata1:0:0:0): Error 5, Retries exhausted\nTrying to mount root from ufs:/dev/ada0p2 [rw]...\nstart_init: trying /sbin/init\nacpi_tz0: _AC0: temperature 45.8 \u003e= setpoint 45.8\nacpi_tz0: switched from NONE to _AC0: 45.8C\nacpi_tz0: switched from _AC0 to NONE: 43.8C\nacpi_tz0: _AC0: temperature 45.8 \u003e= setpoint 45.8\nacpi_tz0: switched from NONE to _AC0: 45.8C\nacpi_tz0: switched from _AC0 to NONE: 44.8C\npcib0: allocated type 3 (0x88000000-0x88003fff) for rid 30 of pci0:3:0:0\nunknown: Lazy allocation of 0x4000 bytes rid 0x30 type 3 at 0x88000000\ncbb1: Opening memory:\ncbb1: Normal: 0x88000000-0x88003fff\ncbb1: Opening memory:\npcib0: allocated type 3 (0x88000000-0x88003fff) for rid 30 of pci0:3:0:0\nunknown: Lazy allocation of 0x4000 bytes rid 0x30 type 3 at 0x88000000\ncbb1: Opening memory:\ncbb1: Normal: 0x88000000-0x88003fff\ncbb1: Opening memory:\n\tmap[10]: type I/O Port, range 32, base 0, size  7, port disabled\npcib0: allocated type 4 (0x1000-0x107f) for rid 10 of pci0:3:0:0\n\tmap[14]: type Memory, range 32, base 0, size 11, enabled\npcib0: allocated type 3 (0x88000000-0x880007ff) for rid 14 of pci0:3:0:0\n\tmap[18]: type Memory, range 32, base 0, size 11, enabled\npcib0: allocated type 3 (0x88001000-0x880017ff) for rid 18 of pci0:3:0:0\nfound-\u003e\tvendor=0x115d, dev=0x0003, revid=0x03\n\tdomain=0, bus=3, slot=0, func=0\n\tclass=02-00-00, hdrtype=0x00, mfdev=0\n\tcmdreg=0x0002, statreg=0x0210, cachelnsz=0 (dwords)\n\tlattimer=0x00 (0 ns), mingnt=0x14 (5000 ns), maxlat=0x28 (10000 ns)\n\tintpin=a, irq=11\n\tpowerspec 1  supports D0 D1 D2 D3  current D0\ndc0: \u003cXircom X3201 10/100BaseTX\u003e port 0x1000-0x107f mem 0x88000000-0x880007ff,0x88001000-0x880017ff irq 11 at device 0.0 on cardbus1\ncbb1: Opening I/O: 0x1000-0x107f\nmiibus1: \u003cMII bus\u003e on dc0\ntdkphy0: \u003c78Q2120 10/100 media interface\u003e PHY 0 on miibus1\ntdkphy0: OUI 0x00039c, model 0x0014, rev. 10\ntdkphy0:  none, 10baseT, 10baseT-FDX, 100baseTX, 100baseTX-FDX, auto\ndc0: bpf attached\ndc0: Ethernet address: 00:10:a4:df:91:83\ndc0: link state changed to DOWN\nacpi_tz0: _AC0: temperature 45.8 \u003e= setpoint 45.8\nacpi_tz0: switched from NONE to _AC0: 45.8C\nacpi_tz0: switched from _AC0 to NONE: 44.8C\n\n\n--\nOsamu HASEGAWA"
}