{
 "id": 362813,
 "bug_id": 106243,
 "attachment_id": 0,
 "creation_time": "2008-02-21T19:55:40Z",
 "creator": "jbacon@mcw.edu",
 "text": "I may be seeing the same problem on 6.3-RELEASE.  I can consistently cause a \nreboot by running an rsync backup over nfs.  Popped in a Netgear card (dc \ndriver) and all is well.\n\nFreeBSD edmund bacon ~ 220: vmstat -i\ninterrupt                          total       rate\nirq1: atkbd0                         161          0\nirq6: fdc0                             7          0\nirq12: psm0                         3915          0\nirq14: ata0                       512718         34\nirq15: ata1                          327          0\nirq16: nvidia0                   1255363         85\nirq17: fwohci0                         1          0\nirq18: dc0                      14613664        990\nirq20: nve0 ohci0                     22          0\nirq21: pcm0 ohci1                   3657          0\ncpu0: timer                     29516233       1999\nTotal                           45906068       3110\n\ndmesg.boot:\n\nCopyright (c) 1992-2008 The FreeBSD Project.\nCopyright (c) 1979, 1980, 1983, 1986, 1988, 1989, 1991, 1992, 1993, 1994\n\tThe Regents of the University of California. All rights reserved.\nFreeBSD is a registered trademark of The FreeBSD Foundation.\nFreeBSD 6.3-RELEASE #0: Thu Feb  7 14:55:15 CST 2008\n    root@clone2.neuro.mcw.edu:/usr/obj/usr/src/sys/MCWNEURO\nACPI APIC Table: \u003cA M I  OEMAPIC \u003e\nTimecounter \"i8254\" frequency 1193182 Hz quality 0\nCPU: AMD Athlon(tm) 64 Processor 3400+ (2411.75-MHz 686-class CPU)\n  Origin = \"AuthenticAMD\"  Id = 0xfc0  Stepping = 0\n  \nFeatures=0x78bfbff\u003cFPU,VME,DE,PSE,TSC,MSR,PAE,MCE,CX8,APIC,SEP,MTRR,PGE,MCA,CMOV,PAT,PSE36,CLFLUSH,MMX,FXSR,SSE,SSE2\u003e\n  AMD Features=0xe0500800\u003cSYSCALL,NX,MMX+,LM,3DNow!+,3DNow!\u003e\nreal memory  = 1073479680 (1023 MB)\navail memory = 1032806400 (984 MB)\nioapic0 \u003cVersion 1.1\u003e irqs 0-23 on motherboard\nkbd1 at kbdmux0\nath_hal: 0.9.20.3 (AR5210, AR5211, AR5212, RF5111, RF5112, RF2413, RF5413)\nhptrr: HPT RocketRAID controller driver v1.1 (Feb  7 2008 14:54:57)\nacpi0: \u003cA M I OEMRSDT\u003e on motherboard\nacpi0: Power Button (fixed)\nTimecounter \"ACPI-fast\" frequency 3579545 Hz quality 1000\nacpi_timer0: \u003c24-bit timer at 3.579545MHz\u003e port 0x4008-0x400b on acpi0\ncpu0: \u003cACPI CPU\u003e on acpi0\npcib0: \u003cACPI Host-PCI bridge\u003e port 0xcf8-0xcff on acpi0\npci0: \u003cACPI PCI bus\u003e on pcib0\nisab0: \u003cPCI-ISA bridge\u003e at device 1.0 on pci0\nisa0: \u003cISA bus\u003e on isab0\npci0: \u003cserial bus, SMBus\u003e at device 1.1 (no driver attached)\nohci0: \u003cOHCI (generic) USB controller\u003e mem 0xfebfd000-0xfebfdfff irq 20 at \ndevice 2.0 on pci0\nohci0: [GIANT-LOCKED]\nusb0: OHCI version 1.0, legacy support\nusb0: \u003cOHCI (generic) USB controller\u003e on ohci0\nusb0: USB revision 1.0\nuhub0: nVidia OHCI root hub, class 9/0, rev 1.00/1.00, addr 1\nuhub0: 4 ports with 4 removable, self powered\nohci1: \u003cOHCI (generic) USB controller\u003e mem 0xfebfe000-0xfebfefff irq 21 at \ndevice 2.1 on pci0\nohci1: [GIANT-LOCKED]\nusb1: OHCI version 1.0, legacy support\nusb1: \u003cOHCI (generic) USB controller\u003e on ohci1\nusb1: USB revision 1.0\nuhub1: nVidia OHCI root hub, class 9/0, rev 1.00/1.00, addr 1\nuhub1: 4 ports with 4 removable, self powered\npci0: \u003cserial bus, USB\u003e at device 2.2 (no driver attached)\nnve0: \u003cNVIDIA nForce MCP7 Networking Adapter\u003e port 0xec00-0xec07 mem \n0xfebfc000-0xfebfcfff irq 20 at device 5.0 on pci0\nnve0: Ethernet address 00:11:2f:87:aa:71\nmiibus0: \u003cMII bus\u003e on nve0\nukphy0: \u003cGeneric IEEE 802.3u media interface\u003e on miibus0\nukphy0:  10baseT, 10baseT-FDX, 100baseTX, 100baseTX-FDX, auto\nnve0: Ethernet address: 00:11:2f:87:aa:71\npcm0: \u003cnVidia nForce3 250\u003e port 0xe800-0xe8ff,0xe400-0xe47f mem \n0xfebfb000-0xfebfbfff irq 21 at device 6.0 on pci0\npcm0: \u003cAvance Logic ALC850 AC97 Codec\u003e\natapci0: \u003cnVidia nForce3 Pro UDMA133 controller\u003e port \n0x1f0-0x1f7,0x3f6,0x170-0x177,0x376,0xffa0-0xffaf at device 8.0 on pci0\nata0: \u003cATA channel 0\u003e on atapci0\nata1: \u003cATA channel 1\u003e on atapci0\natapci1: \u003cnVidia nForce3 Pro SATA150 controller\u003e port \n0x9f0-0x9f7,0xbf0-0xbf3,0x970-0x977,0xb70-0xb73,0xc800-0xc80f,0xc400-0xc47f \nirq 22 at device 10.0 on pci0\nata2: \u003cATA channel 0\u003e on atapci1\nata3: \u003cATA channel 1\u003e on atapci1\npcib1: \u003cACPI PCI-PCI bridge\u003e at device 11.0 on pci0\npci1: \u003cACPI PCI bus\u003e on pcib1\nnvidia0: \u003cGeForce4 MX 4000\u003e mem 0xfd000000-0xfdffffff,0xe0000000-0xe7ffffff \nirq 16 at device 0.0 on pci1\nnvidia0: [GIANT-LOCKED]\npcib2: \u003cACPI PCI-PCI bridge\u003e at device 14.0 on pci0\npci2: \u003cACPI PCI bus\u003e on pcib2\nfwohci0: \u003cTexas Instruments TSB82AA2\u003e mem \n0xfeaff800-0xfeafffff,0xfeaf8000-0xfeafbfff irq 17 at device 8.0 on pci2\nfwohci0: OHCI version 1.10 (ROM=1)\nfwohci0: No. of Isochronous channels is 4.\nfwohci0: EUI64 55:aa:55:aa:55:aa:55:aa\nfwohci0: invalid speed 7 (fixed to 3).\nfwohci0: Phy 1394a available S800, 3 ports.\nfwohci0: Link S800, max_rec 4096 bytes.\nfirewire0: \u003cIEEE1394(FireWire) bus\u003e on fwohci0\nfwe0: \u003cEthernet over FireWire\u003e on firewire0\nif_fwe0: Fake Ethernet address: 56:aa:55:aa:55:aa\nfwe0: Ethernet address: 56:aa:55:aa:55:aa\nfwe0: if_start running deferred for Giant\nsbp0: \u003cSBP-2/SCSI over FireWire\u003e on firewire0\nfwohci0: Initiate bus reset\nfwohci0: BUS reset\nfwohci0: node_id=0xc800ffc0, gen=1, CYCLEMASTER mode\nfirewire0: 1 nodes, maxhop \u003c= 0, cable IRM = 0 (me)\nfirewire0: bus manager 0 (me)\nfwohci0: phy int\ndc0: \u003c82c169 PNIC 10/100BaseTX\u003e port 0xb800-0xb8ff mem 0xfeaff400-0xfeaff4ff \nirq 18 at device 10.0 on pci2\nmiibus1: \u003cMII bus\u003e on dc0\nlxtphy0: \u003cLXT970 10/100 media interface\u003e on miibus1\nlxtphy0:  100baseFX, 100baseFX-FDX, 10baseT, 10baseT-FDX, 100baseTX, \n100baseTX-FDX, auto\ndc0: Ethernet address: 00:a0:cc:40:75:9d\nacpi_button0: \u003cPower Button\u003e on acpi0\nfdc0: \u003cfloppy drive controller (FDE)\u003e port 0x3f0-0x3f5,0x3f7 irq 6 drq 2 on \nacpi0\nfdc0: [FAST]\nfd0: \u003c1440-KB 3.5\" drive\u003e on fdc0 drive 0\nppc0: \u003cECP parallel printer port\u003e port 0x378-0x37f,0x778-0x77b irq 7 drq 3 on \nacpi0\nppc0: SMC-like chipset (ECP/EPP/PS2/NIBBLE) in COMPATIBLE mode\nppc0: FIFO with 16/16/16 bytes threshold\nppbus0: \u003cParallel port bus\u003e on ppc0\nplip0: \u003cPLIP network interface\u003e on ppbus0\nlpt0: \u003cPrinter\u003e on ppbus0\nlpt0: Interrupt-driven port\nppi0: \u003cParallel I/O\u003e on ppbus0\natkbdc0: \u003cKeyboard controller (i8042)\u003e port 0x60,0x64 irq 1 on acpi0\natkbd0: \u003cAT Keyboard\u003e irq 1 on atkbdc0\nkbd0 at atkbd0\natkbd0: [GIANT-LOCKED]\npsm0: \u003cPS/2 Mouse\u003e irq 12 on atkbdc0\npsm0: [GIANT-LOCKED]\npsm0: model IntelliMouse Explorer, device ID 4\nsio0: \u003c16550A-compatible COM port\u003e port 0x3f8-0x3ff irq 4 flags 0x10 on acpi0\nsio0: type 16550A\npmtimer0 on isa0\norm0: \u003cISA Option ROM\u003e at iomem 0xc0000-0xcf7ff on isa0\nsc0: \u003cSystem console\u003e at flags 0x100 on isa0\nsc0: VGA \u003c16 virtual consoles, flags=0x300\u003e\nsio1: configured irq 3 not in bitmap of probed irqs 0\nsio1: port may not be enabled\nvga0: \u003cGeneric ISA VGA\u003e at port 0x3c0-0x3df iomem 0xa0000-0xbffff on isa0\nTimecounter \"TSC\" frequency 2411750635 Hz quality 800\nTimecounters tick every 1.000 msec\nhptrr: no controller detected.\nad0: 117246MB \u003cMaxtor 6Y120P0 YAR41BW0\u003e at ata0-master UDMA133\nacd0: CDROM \u003cFX4830T/R02C\u003e at ata1-master UDMA33\ncd0 at ata1 bus 0 target 0 lun 0\ncd0: \u003cMITSUMI CD-ROM FX4830T!B R02C\u003e Removable CD-ROM SCSI-0 device \ncd0: 33.000MB/s transfers\ncd0: Attempt to query device size failed: NOT READY, Medium not present\nTrying to mount root from ufs:/dev/ad0s1a\nWARNING: / was not properly dismounted\nWARNING: /tmp was not properly dismounted\nWARNING: /var was not properly dismounted\nWARNING: /tmp was not properly dismounted\ndc0: dc_setcfg: failed to force tx to idle state\nWaiting (max 60 seconds) for system process `vnlru' to stop...done\nWaiting (max 60 seconds) for system process `bufdaemon' to stop...done\nWaiting (max 60 seconds) for system process `syncer' to stop...\nSyncing disks, vnodes remaining...3 2 1 1 0 0 done\nAll buffers synced.\nCopyright (c) 1992-2008 The FreeBSD Project.\nCopyright (c) 1979, 1980, 1983, 1986, 1988, 1989, 1991, 1992, 1993, 1994\n\tThe Regents of the University of California. All rights reserved.\nFreeBSD is a registered trademark of The FreeBSD Foundation.\nFreeBSD 6.3-RELEASE #0: Thu Feb  7 14:55:15 CST 2008\n    root@clone2.neuro.mcw.edu:/usr/obj/usr/src/sys/MCWNEURO\nACPI APIC Table: \u003cA M I  OEMAPIC \u003e\nTimecounter \"i8254\" frequency 1193182 Hz quality 0\nCPU: AMD Athlon(tm) 64 Processor 3400+ (2411.75-MHz 686-class CPU)\n  Origin = \"AuthenticAMD\"  Id = 0xfc0  Stepping = 0\n  \nFeatures=0x78bfbff\u003cFPU,VME,DE,PSE,TSC,MSR,PAE,MCE,CX8,APIC,SEP,MTRR,PGE,MCA,CMOV,PAT,PSE36,CLFLUSH,MMX,FXSR,SSE,SSE2\u003e\n  AMD Features=0xe0500800\u003cSYSCALL,NX,MMX+,LM,3DNow!+,3DNow!\u003e\nreal memory  = 1073479680 (1023 MB)\navail memory = 1032806400 (984 MB)\nioapic0 \u003cVersion 1.1\u003e irqs 0-23 on motherboard\nkbd1 at kbdmux0\nath_hal: 0.9.20.3 (AR5210, AR5211, AR5212, RF5111, RF5112, RF2413, RF5413)\nhptrr: HPT RocketRAID controller driver v1.1 (Feb  7 2008 14:54:57)\nacpi0: \u003cA M I OEMRSDT\u003e on motherboard\nacpi0: Power Button (fixed)\nTimecounter \"ACPI-fast\" frequency 3579545 Hz quality 1000\nacpi_timer0: \u003c24-bit timer at 3.579545MHz\u003e port 0x4008-0x400b on acpi0\ncpu0: \u003cACPI CPU\u003e on acpi0\npcib0: \u003cACPI Host-PCI bridge\u003e port 0xcf8-0xcff on acpi0\npci0: \u003cACPI PCI bus\u003e on pcib0\nisab0: \u003cPCI-ISA bridge\u003e at device 1.0 on pci0\nisa0: \u003cISA bus\u003e on isab0\npci0: \u003cserial bus, SMBus\u003e at device 1.1 (no driver attached)\nohci0: \u003cOHCI (generic) USB controller\u003e mem 0xfebfd000-0xfebfdfff irq 20 at \ndevice 2.0 on pci0\nohci0: [GIANT-LOCKED]\nusb0: OHCI version 1.0, legacy support\nusb0: \u003cOHCI (generic) USB controller\u003e on ohci0\nusb0: USB revision 1.0\nuhub0: nVidia OHCI root hub, class 9/0, rev 1.00/1.00, addr 1\nuhub0: 4 ports with 4 removable, self powered\nohci1: \u003cOHCI (generic) USB controller\u003e mem 0xfebfe000-0xfebfefff irq 21 at \ndevice 2.1 on pci0\nohci1: [GIANT-LOCKED]\nusb1: OHCI version 1.0, legacy support\nusb1: \u003cOHCI (generic) USB controller\u003e on ohci1\nusb1: USB revision 1.0\nuhub1: nVidia OHCI root hub, class 9/0, rev 1.00/1.00, addr 1\nuhub1: 4 ports with 4 removable, self powered\npci0: \u003cserial bus, USB\u003e at device 2.2 (no driver attached)\nnve0: \u003cNVIDIA nForce MCP7 Networking Adapter\u003e port 0xec00-0xec07 mem \n0xfebfc000-0xfebfcfff irq 20 at device 5.0 on pci0\nnve0: Ethernet address 00:11:2f:87:aa:71\nmiibus0: \u003cMII bus\u003e on nve0\nukphy0: \u003cGeneric IEEE 802.3u media interface\u003e on miibus0\nukphy0:  10baseT, 10baseT-FDX, 100baseTX, 100baseTX-FDX, auto\nnve0: Ethernet address: 00:11:2f:87:aa:71\npcm0: \u003cnVidia nForce3 250\u003e port 0xe800-0xe8ff,0xe400-0xe47f mem \n0xfebfb000-0xfebfbfff irq 21 at device 6.0 on pci0\npcm0: \u003cAvance Logic ALC850 AC97 Codec\u003e\natapci0: \u003cnVidia nForce3 Pro UDMA133 controller\u003e port \n0x1f0-0x1f7,0x3f6,0x170-0x177,0x376,0xffa0-0xffaf at device 8.0 on pci0\nata0: \u003cATA channel 0\u003e on atapci0\nata1: \u003cATA channel 1\u003e on atapci0\natapci1: \u003cnVidia nForce3 Pro SATA150 controller\u003e port \n0x9f0-0x9f7,0xbf0-0xbf3,0x970-0x977,0xb70-0xb73,0xc800-0xc80f,0xc400-0xc47f \nirq 22 at device 10.0 on pci0\nata2: \u003cATA channel 0\u003e on atapci1\nata3: \u003cATA channel 1\u003e on atapci1\npcib1: \u003cACPI PCI-PCI bridge\u003e at device 11.0 on pci0\npci1: \u003cACPI PCI bus\u003e on pcib1\nnvidia0: \u003cGeForce4 MX 4000\u003e mem 0xfd000000-0xfdffffff,0xe0000000-0xe7ffffff \nirq 16 at device 0.0 on pci1\nnvidia0: [GIANT-LOCKED]\npcib2: \u003cACPI PCI-PCI bridge\u003e at device 14.0 on pci0\npci2: \u003cACPI PCI bus\u003e on pcib2\nfwohci0: \u003cTexas Instruments TSB82AA2\u003e mem \n0xfeaff800-0xfeafffff,0xfeaf8000-0xfeafbfff irq 17 at device 8.0 on pci2\nfwohci0: OHCI version 1.10 (ROM=1)\nfwohci0: No. of Isochronous channels is 4.\nfwohci0: EUI64 55:aa:55:aa:55:aa:55:aa\nfwohci0: invalid speed 7 (fixed to 3).\nfwohci0: Phy 1394a available S800, 3 ports.\nfwohci0: Link S800, max_rec 4096 bytes.\nfirewire0: \u003cIEEE1394(FireWire) bus\u003e on fwohci0\nfwe0: \u003cEthernet over FireWire\u003e on firewire0\nif_fwe0: Fake Ethernet address: 56:aa:55:aa:55:aa\nfwe0: Ethernet address: 56:aa:55:aa:55:aa\nfwe0: if_start running deferred for Giant\nsbp0: \u003cSBP-2/SCSI over FireWire\u003e on firewire0\nfwohci0: Initiate bus reset\nfwohci0: BUS reset\nfwohci0: node_id=0xc800ffc0, gen=1, CYCLEMASTER mode\nfirewire0: 1 nodes, maxhop \u003c= 0, cable IRM = 0 (me)\nfirewire0: bus manager 0 (me)\nfwohci0: phy int\ndc0: \u003c82c169 PNIC 10/100BaseTX\u003e port 0xb800-0xb8ff mem 0xfeaff400-0xfeaff4ff \nirq 18 at device 10.0 on pci2\nmiibus1: \u003cMII bus\u003e on dc0\nlxtphy0: \u003cLXT970 10/100 media interface\u003e on miibus1\nlxtphy0:  100baseFX, 100baseFX-FDX, 10baseT, 10baseT-FDX, 100baseTX, \n100baseTX-FDX, auto\ndc0: Ethernet address: 00:a0:cc:40:75:9d\nacpi_button0: \u003cPower Button\u003e on acpi0\nfdc0: \u003cfloppy drive controller (FDE)\u003e port 0x3f0-0x3f5,0x3f7 irq 6 drq 2 on \nacpi0\nfdc0: [FAST]\nfd0: \u003c1440-KB 3.5\" drive\u003e on fdc0 drive 0\nppc0: \u003cECP parallel printer port\u003e port 0x378-0x37f,0x778-0x77b irq 7 drq 3 on \nacpi0\nppc0: SMC-like chipset (ECP/EPP/PS2/NIBBLE) in COMPATIBLE mode\nppc0: FIFO with 16/16/16 bytes threshold\nppbus0: \u003cParallel port bus\u003e on ppc0\nplip0: \u003cPLIP network interface\u003e on ppbus0\nlpt0: \u003cPrinter\u003e on ppbus0\nlpt0: Interrupt-driven port\nppi0: \u003cParallel I/O\u003e on ppbus0\natkbdc0: \u003cKeyboard controller (i8042)\u003e port 0x60,0x64 irq 1 on acpi0\natkbd0: \u003cAT Keyboard\u003e irq 1 on atkbdc0\nkbd0 at atkbd0\natkbd0: [GIANT-LOCKED]\npsm0: \u003cPS/2 Mouse\u003e irq 12 on atkbdc0\npsm0: [GIANT-LOCKED]\npsm0: model IntelliMouse Explorer, device ID 4\nsio0: \u003c16550A-compatible COM port\u003e port 0x3f8-0x3ff irq 4 flags 0x10 on acpi0\nsio0: type 16550A\npmtimer0 on isa0\norm0: \u003cISA Option ROM\u003e at iomem 0xc0000-0xcf7ff on isa0\nsc0: \u003cSystem console\u003e at flags 0x100 on isa0\nsc0: VGA \u003c16 virtual consoles, flags=0x300\u003e\nsio1: configured irq 3 not in bitmap of probed irqs 0\nsio1: port may not be enabled\nvga0: \u003cGeneric ISA VGA\u003e at port 0x3c0-0x3df iomem 0xa0000-0xbffff on isa0\nTimecounter \"TSC\" frequency 2411750524 Hz quality 800\nTimecounters tick every 1.000 msec\nhptrr: no controller detected.\nad0: 117246MB \u003cMaxtor 6Y120P0 YAR41BW0\u003e at ata0-master UDMA133\nacd0: CDROM \u003cFX4830T/R02C\u003e at ata1-master UDMA33\ncd0 at ata1 bus 0 target 0 lun 0\ncd0: \u003cMITSUMI CD-ROM FX4830T!B R02C\u003e Removable CD-ROM SCSI-0 device \ncd0: 33.000MB/s transfers\ncd0: Attempt to query device size failed: NOT READY, Medium not present\nTrying to mount root from ufs:/dev/ad0s1a\nWARNING: /tmp was not properly dismounted\nWARNING: /var was not properly dismounted\ndc0: dc_setcfg: failed to force tx to idle state"
}