{
 "id": 362808,
 "bug_id": 106243,
 "attachment_id": 0,
 "creation_time": "2006-12-03T00:10:14Z",
 "creator": "littlesavage@orionet.ru",
 "text": "When the machine is under heavy data transfer load, it panics:\n\nkgdb: kvm_nlist(_stopped_cpus): \nkgdb: kvm_nlist(_stoppcbs): \n[GDB will not be able to debug user-mode threads: /usr/lib/libthread_db.so: Undefined symbol \"ps_pglobal_lookup\"]\nGNU gdb 6.1.1 [FreeBSD]\nCopyright 2004 Free Software Foundation, Inc.\nGDB is free software, covered by the GNU General Public License, and you are\nwelcome to change it and/or distribute copies of it under certain conditions.\nType \"show copying\" to see the conditions.\nThere is absolutely no warranty for GDB.  Type \"show warranty\" for details.\nThis GDB was configured as \"i386-marcel-freebsd\".\n\nUnread portion of the kernel message buffer:\n\nFatal double fault:\neip = 0xc068f295\nesp = 0xe5da6000\nebp = 0xe5da6020\npanic: double fault\nKDB: stack backtrace:\nkdb_backtrace(100,c5805600,0,0,0,...) at kdb_backtrace+0x29\npanic(c073c3c5,c073c763,e5da6020,0,0,...) at panic+0xa8\ndblfault_handler() at dblfault_handler+0x52\n--- trap 0x17, eip = 0xc068f295, esp = 0xe5da6000, ebp = 0xe5da6020 ---\numa_zfree_arg(c1055e80,c60bb300,0) at uma_zfree_arg+0x21\nm_freem(c60bb300,e9fd9000,e9dd8b50,c5803a10,1,...) at m_freem+0x2e\nnve_ospackettx(c5803a00,e9dd8b50,1,e9fd9000,0,...) at nve_ospackettx+0x57\nUpdateTransmitDescRingData() at UpdateTransmitDescRingData+0xd3\nUptime: 15m34s\nDumping 1535 MB (2 chunks)\n  chunk 0: 1MB (156 pages) ... ok\n  chunk 1: 1535MB (392944 pages) 1519 1503 1487 1471 1455 1439 1423 1407 1391 1375 1359 1343 1327 1311 1295 1279 1263 1247 1231 1215 1199 1183 1167 1151 1135 1119 1103 1087 1071 1055 1039 1023 1007 991 975 959 943 927 911 895 879 863 847 831 815 799 783 767 751 735 719 703 687 671 655 639 623 607 591 575 559 543 527 511 495 479 463 447 431 415 399 383 367 351 335 319 303 287 271 255 239 223 207 191 175 159 143 127 111 95 79 63 47 31 15\n\n#0  doadump () at pcpu.h:165\n165     pcpu.h: No such file or directory.\n        in pcpu.h\n(kgdb) bt\n#0  doadump () at pcpu.h:165\n#1  0xc054e38a in boot (howto=260) at /usr/src/sys/kern/kern_shutdown.c:409\n#2  0xc054e650 in panic (fmt=0xc073c3c5 \"double fault\") at /usr/src/sys/kern/kern_shutdown.c:565\n#3  0xc06e97ee in dblfault_handler () at /usr/src/sys/i386/i386/trap.c:866\n#4  0x00000000 in ?? ()\n\n(kgdb) l *(nve_ospackettx+0x57)\n0xc06bfc43 is in nve_ospackettx (/usr/src/sys/dev/nve/if_nve.c:1552).\n1547                    goto fail;\n1548    \n1549            bus_dmamap_sync(sc-\u003emtag, buf-\u003emap, BUS_DMASYNC_POSTWRITE);\n1550            bus_dmamap_unload(sc-\u003emtag, buf-\u003emap);\n1551            m_freem(buf-\u003embuf);\n1552            buf-\u003embuf = NULL;\n1553    \n1554            /* Send more packets if we have them */\n1555            if (sc-\u003epending_txs \u003c TX_RING_SIZE)\n1556                    sc-\u003eifp-\u003eif_drv_flags \u0026= ~IFF_DRV_OACTIVE;\n\n\nmy dmesg:\n\nCopyright (c) 1992-2006 The FreeBSD Project.\nCopyright (c) 1979, 1980, 1983, 1986, 1988, 1989, 1991, 1992, 1993, 1994\n        The Regents of the University of California. All rights reserved.\nFreeBSD is a registered trademark of The FreeBSD Foundation.\nFreeBSD 6.2-PRERELEASE #1: Sun Dec  3 01:30:23 MSK 2006\n    littlesavage@games.orionet.ru:/usr/obj/usr/src/sys/GAMES\nACPI APIC Table: \u003cNvidia AWRDACPI\u003e\nTimecounter \"i8254\" frequency 1193182 Hz quality 0\nCPU: AMD Athlon(tm) 64 Processor 3200+ (2009.18-MHz 686-class CPU)\n  Origin = \"AuthenticAMD\"  Id = 0x20ff0  Stepping = 0\n  Features=0x78bfbff\u003cFPU,VME,DE,PSE,TSC,MSR,PAE,MCE,CX8,APIC,SEP,MTRR,PGE,MCA,CMOV,PAT,PSE36,CLFLUSH,MMX,FXSR,SSE,SSE2\u003e\n  Features2=0x1\u003cSSE3\u003e\n  AMD Features=0xe2500800\u003cSYSCALL,NX,MMX+,FFXSR,LM,3DNow+,3DNow\u003e\n  AMD Features2=0x1\u003cLAHF\u003e\nreal memory  = 1610547200 (1535 MB)\navail memory = 1569054720 (1496 MB)\nioapic0 \u003cVersion 1.1\u003e irqs 0-23 on motherboard\nkbd1 at kbdmux0\nacpi0: \u003cNvidia AWRDACPI\u003e on motherboard\nacpi0: Power Button (fixed)\nTimecounter \"ACPI-fast\" frequency 3579545 Hz quality 1000\nacpi_timer0: \u003c24-bit timer at 3.579545MHz\u003e port 0x4008-0x400b on acpi0\ncpu0: \u003cACPI CPU\u003e on acpi0\nacpi_button0: \u003cPower Button\u003e on acpi0\npcib0: \u003cACPI Host-PCI bridge\u003e port 0xcf8-0xcff,0xcf0-0xcf3 on acpi0\npci0: \u003cACPI PCI bus\u003e on pcib0\nagp0: \u003cNVIDIA nForce3-250 AGP Controller\u003e mem 0xf0000000-0xf3ffffff at device 0.0 on pci0\nisab0: \u003cPCI-ISA bridge\u003e at device 1.0 on pci0\nisa0: \u003cISA bus\u003e on isab0\npci0: \u003cserial bus, SMBus\u003e at device 1.1 (no driver attached)\nohci0: \u003cOHCI (generic) USB controller\u003e mem 0xf6004000-0xf6004fff irq 20 at device 2.0 on pci0\nohci0: [GIANT-LOCKED]\nusb0: OHCI version 1.0, legacy support\nusb0: SMM does not respond, resetting\nusb0: \u003cOHCI (generic) USB controller\u003e on ohci0\nusb0: USB revision 1.0\nuhub0: nVidia OHCI root hub, class 9/0, rev 1.00/1.00, addr 1\nuhub0: 4 ports with 4 removable, self powered\nohci1: \u003cOHCI (generic) USB controller\u003e mem 0xf6005000-0xf6005fff irq 21 at device 2.1 on pci0\nohci1: [GIANT-LOCKED]\nusb1: OHCI version 1.0, legacy support\nusb1: SMM does not respond, resetting\nusb1: \u003cOHCI (generic) USB controller\u003e on ohci1\nusb1: USB revision 1.0\nuhub1: nVidia OHCI root hub, class 9/0, rev 1.00/1.00, addr 1\nuhub1: 4 ports with 4 removable, self powered\nehci0: \u003cNVIDIA nForce3 250 USB 2.0 controller\u003e mem 0xf6000000-0xf60000ff irq 22 at device 2.2 on pci0\nehci0: [GIANT-LOCKED]\nehci0: [GIANT-LOCKED]\nusb2: EHCI version 1.0\nusb2: companion controllers, 4 ports each: usb0 usb1\nusb2: \u003cNVIDIA nForce3 250 USB 2.0 controller\u003e on ehci0\nusb2: USB revision 2.0\nuhub2: nVidia EHCI root hub, class 9/0, rev 2.00/1.00, addr 1\nuhub2: 8 ports with 8 removable, self powered\nnve0: \u003cNVIDIA nForce MCP7 Networking Adapter\u003e port 0x9c00-0x9c07 mem 0xf6001000-0xf6001fff irq 20 at device 5.0 on pci0\nnve0: Ethernet address 00:04:61:ff:ff:ff\nmiibus0: \u003cMII bus\u003e on nve0\nrlphy0: \u003cRTL8201L 10/100 media interface\u003e on miibus0\nrlphy0:  10baseT, 10baseT-FDX, 100baseTX, 100baseTX-FDX, auto\nnve0: Ethernet address: 00:04:61:ff:ff:ff\npci0: \u003cmultimedia, audio\u003e at device 6.0 (no driver attached)\natapci0: \u003cnVidia nForce3 Pro UDMA133 controller\u003e port 0x1f0-0x1f7,0x3f6,0x170-0x177,0x376,0xf000-0xf00f at device 8.0 on pci0\nata0: \u003cATA channel 0\u003e on atapci0\nata1: \u003cATA channel 1\u003e on atapci0\natapci1: \u003cnVidia nForce3 Pro SATA150 controller\u003e port 0x9f0-0x9f7,0xbf0-0xbf3,0x970-0x977,0xb70-0xb73,0xc000-0xc00f,0xc400-0xc47f irq 22 at dev\nice 10.0 on pci0\nata2: \u003cATA channel 0\u003e on atapci1\nata3: \u003cATA channel 1\u003e on atapci1\npcib1: \u003cACPI PCI-PCI bridge\u003e at device 11.0 on pci0\npci1: \u003cACPI PCI bus\u003e on pcib1\npci1: \u003cdisplay, VGA\u003e at device 0.0 (no driver attached)\npcib2: \u003cACPI PCI-PCI bridge\u003e at device 14.0 on pci0\npci2: \u003cACPI PCI bus\u003e on pcib2\nacpi_tz0: \u003cThermal Zone\u003e on acpi0\nsio0: \u003c16550A-compatible COM port\u003e port 0x3f8-0x3ff irq 4 flags 0x10 on acpi0\nsio0: type 16550A\nsio1: \u003c16550A-compatible COM port\u003e port 0x2f8-0x2ff irq 3 on acpi0\nsio1: type 16550A\nppc0: \u003cStandard parallel printer port\u003e port 0x378-0x37f,0x778-0x77b irq 7 on acpi0\nppc0: Generic chipset (NIBBLE-only) in COMPATIBLE mode\nppbus0: \u003cParallel port bus\u003e on ppc0\nplip0: \u003cPLIP network interface\u003e on ppbus0\nlpt0: \u003cPrinter\u003e on ppbus0\nlpt0: Interrupt-driven port\nppi0: \u003cParallel I/O\u003e on ppbus0\npmtimer0 on isa0\norm0: \u003cISA Option ROM\u003e at iomem 0xc0000-0xcf7ff on isa0\natkbdc0: \u003cKeyboard controller (i8042)\u003e at port 0x60,0x64 on isa0\natkbd0: \u003cAT Keyboard\u003e irq 1 on atkbdc0\nkbd0 at atkbd0\natkbd0: [GIANT-LOCKED]\nsc0: \u003cSystem console\u003e at flags 0x100 on isa0\nsc0: VGA \u003c16 virtual consoles, flags=0x300\u003e\nvga0: \u003cGeneric ISA VGA\u003e at port 0x3c0-0x3df iomem 0xa0000-0xbffff on isa0\nTimecounter \"TSC\" frequency 2009175942 Hz quality 800\nTimecounters tick every 1.000 msec\nipfw2 (+ipv6) initialized, divert loadable, rule-based forwarding enabled, default to deny, logging limited to 100 packets/entry by default\nad0: 76319MB \u003cSeagate ST3802110A 3.AAJ\u003e at ata0-master UDMA100\nTrying to mount root from ufs:/dev/ad0s1a\n\nHow-To-Repeat: Put the machine under heavy traffic load.\nSend /usr/src over NFS was enough for me."
}