{
 "id": 362819,
 "bug_id": 106243,
 "attachment_id": 0,
 "creation_time": "2008-02-22T21:55:48Z",
 "creator": "jbacon@mcw.edu",
 "text": "I booted one of my problem children from a 7.0 disk, hammered the \nnetwork in both directions to/from an NFS server for nearly an hour.  \nNot a hiccup.  The nfe driver looks pretty solid from where I'm standing.\n\nuname -a:\n\nFreeBSD seven.neuro.mcw.edu 7.0-RC3 FreeBSD 7.0-RC3 #0: Wed Feb 20 \n18:34:00 UTC 20\n08     root@logan.cse.buffalo.edu:/usr/obj/usr/src/sys/GENERIC  i386\n\nvmstat -i (during an NFS transfer):\n\ninterrupt                          total       rate\nirq1: atkbd0                        1225          7\nirq6: fdc0                            10          0\nirq14: ata0                        18964        110\nirq15: ata1                           58          0\nirq17: fwohci0                         4          0\nirq20: nfe0 ohci0                 978708       5690\ncpu0: timer                       343540       1997\nTotal                            1342509       7805\n\nCopyright (c) 1992-2008 The FreeBSD Project.\nCopyright (c) 1979, 1980, 1983, 1986, 1988, 1989, 1991, 1992, 1993, 1994\n    The Regents of the University of California. All rights reserved.\nFreeBSD is a registered trademark of The FreeBSD Foundation.\nFreeBSD 7.0-RC3 #0: Wed Feb 20 18:34:00 UTC 2008\n    root@logan.cse.buffalo.edu:/usr/obj/usr/src/sys/GENERIC\nTimecounter \"i8254\" frequency 1193182 Hz quality 0\nCPU: AMD Athlon(tm) 64 Processor 3400+ (2411.75-MHz 686-class CPU)\n  Origin = \"AuthenticAMD\"  Id = 0xfc0  Stepping = 0\n  \nFeatures=0x78bfbff\u003cFPU,VME,DE,PSE,TSC,MSR,PAE,MCE,CX8,APIC,SEP,MTRR,PGE,MCA,CMOV,PAT,PSE36,CLFLUSH,MMX,FXSR,SSE,SSE2\u003e\n  AMD Features=0xe0500800\u003cSYSCALL,NX,MMX+,LM,3DNow!+,3DNow!\u003e\nreal memory  = 1073479680 (1023 MB)\navail memory = 1036890112 (988 MB)\nACPI APIC Table: \u003cA M I  OEMAPIC \u003e\nioapic0 \u003cVersion 1.1\u003e irqs 0-23 on motherboard\nkbd1 at kbdmux0\nath_hal: 0.9.20.3 (AR5210, AR5211, AR5212, RF5111, RF5112, RF2413, RF5413)\nhptrr: HPT RocketRAID controller driver v1.1 (Feb 20 2008 18:33:35)\nacpi0: \u003cA M I OEMRSDT\u003e on motherboard\nacpi0: [ITHREAD]\nacpi0: Power Button (fixed)\nacpi0: reservation of 0, a0000 (3) failed\nacpi0: reservation of 100000, 3ff00000 (3) failed\nTimecounter \"ACPI-fast\" frequency 3579545 Hz quality 1000\nacpi_timer0: \u003c24-bit timer at 3.579545MHz\u003e port 0x4008-0x400b on acpi0\ncpu0: \u003cACPI CPU\u003e on acpi0\npowernow0: \u003cCool`n'Quiet K8\u003e on cpu0\ndevice_attach: powernow0 attach returned 6\npcib0: \u003cACPI Host-PCI bridge\u003e port 0xcf8-0xcff on acpi0\npci0: \u003cACPI PCI bus\u003e on pcib0\nagp0: \u003cNVIDIA nForce3-250 AGP Controller\u003e on hostb0\nisab0: \u003cPCI-ISA bridge\u003e at device 1.0 on pci0\nisa0: \u003cISA bus\u003e on isab0\npci0: \u003cserial bus, SMBus\u003e at device 1.1 (no driver attached)\nohci0: \u003cOHCI (generic) USB controller\u003e mem 0xfebfd000-0xfebfdfff irq 20 \nat device 2.0 on pci0\nohci0: [GIANT-LOCKED]\nohci0: [ITHREAD]\nusb0: OHCI version 1.0, legacy support\nusb0: \u003cOHCI (generic) USB controller\u003e on ohci0\nusb0: USB revision 1.0\nuhub0: \u003cnVidia OHCI root hub, class 9/0, rev 1.00/1.00, addr 1\u003e on usb0\nuhub0: 4 ports with 4 removable, self powered\nohci1: \u003cOHCI (generic) USB controller\u003e mem 0xfebfe000-0xfebfefff irq 21 \nat device 2.1 on pci0\nohci1: [GIANT-LOCKED]\nohci1: [ITHREAD]\nusb1: OHCI version 1.0, legacy support\nusb1: \u003cOHCI (generic) USB controller\u003e on ohci1\nusb1: USB revision 1.0\nuhub1: \u003cnVidia OHCI root hub, class 9/0, rev 1.00/1.00, addr 1\u003e on usb1\nuhub1: 4 ports with 4 removable, self powered\nehci0: \u003cNVIDIA nForce3 250 USB 2.0 controller\u003e mem 0xfebffc00-0xfebffcff \nirq 22 at device 2.2 on pci0\nehci0: [GIANT-LOCKED]\nehci0: [ITHREAD]\nusb2: EHCI version 1.0\nusb2: companion controllers, 4 ports each: usb0 usb1\nusb2: \u003cNVIDIA nForce3 250 USB 2.0 controller\u003e on ehci0\nusb2: USB revision 2.0\nuhub2: \u003cnVidia EHCI root hub, class 9/0, rev 2.00/1.00, addr 1\u003e on usb2\nuhub2: 8 ports with 8 removable, self powered\nnfe0: \u003cNVIDIA nForce3 MCP7 Networking Adapter\u003e port 0xec00-0xec07 mem \n0xfebfc000-0xfebfcfff irq 20 at device 5.0 on pci0\nmiibus0: \u003cMII bus\u003e on nfe0\nrlphy0: \u003cIC Plus 10/100 PHY\u003e PHY 1 on miibus0\nrlphy0:  10baseT, 10baseT-FDX, 100baseTX, 100baseTX-FDX, auto\nnfe0: Ethernet address: 00:11:2f:87:aa:71\nnfe0: [FILTER]\npci0: \u003cmultimedia, audio\u003e at device 6.0 (no driver attached)\natapci0: \u003cnVidia nForce3 Pro UDMA133 controller\u003e port \n0x1f0-0x1f7,0x3f6,0x170-0x177,0x376,0xffa0-0xffaf at device 8.0 on pci0\nata0: \u003cATA channel 0\u003e on atapci0\nata0: [ITHREAD]\nata1: \u003cATA channel 1\u003e on atapci0\nata1: [ITHREAD]\natapci1: \u003cnVidia nForce3 Pro SATA150 controller\u003e port \n0x9f0-0x9f7,0xbf0-0xbf3,0x970-0x977,0xb70-0xb73,0xc800-0xc80f,0xc400-0xc47f \nirq 22 at device 10.0 on pci0\natapci1: [ITHREAD]\nata2: \u003cATA channel 0\u003e on atapci1\nata2: [ITHREAD]\nata3: \u003cATA channel 1\u003e on atapci1\nata3: [ITHREAD]\npcib1: \u003cACPI PCI-PCI bridge\u003e at device 11.0 on pci0\npci1: \u003cACPI PCI bus\u003e on pcib1\nvgapci0: \u003cVGA-compatible display\u003e mem \n0xfd000000-0xfdffffff,0xe0000000-0xe7ffffff irq 16 at device 0.0 on pci1\npcib2: \u003cACPI PCI-PCI bridge\u003e at device 14.0 on pci0\npci2: \u003cACPI PCI bus\u003e on pcib2\nfwohci0: \u003cTexas Instruments TSB82AA2\u003e mem \n0xfeaff800-0xfeafffff,0xfeaf8000-0xfeafbfff irq 17 at device 8.0 on pci2\nfwohci0: [FILTER]\nfwohci0: OHCI version 1.10 (ROM=1)\nfwohci0: No. of Isochronous channels is 4.\nfwohci0: EUI64 55:aa:55:aa:55:aa:55:aa\nfwohci0: invalid speed 7 (fixed to 3).\nfwohci0: Phy 1394a available S800, 3 ports.\nfwohci0: Link S800, max_rec 4096 bytes.\nfirewire0: \u003cIEEE1394(FireWire) bus\u003e on fwohci0\ndcons_crom0: \u003cdcons configuration ROM\u003e on firewire0\ndcons_crom0: bus_addr 0x1344000\nfwe0: \u003cEthernet over FireWire\u003e on firewire0\nif_fwe0: Fake Ethernet address: 56:aa:55:aa:55:aa\nfwe0: Ethernet address: 56:aa:55:aa:55:aa\nfwip0: \u003cIP over FireWire\u003e on firewire0\nfwip0: Firewire address: 55:aa:55:aa:55:aa:55:aa @ 0xfffe00000000, S800, \nmaxrec 4096\nsbp0: \u003cSBP-2/SCSI over FireWire\u003e on firewire0\nfwohci0: Initiate bus reset\nfwohci0: BUS reset\nfwohci0: node_id=0xc800ffc0, gen=1, CYCLEMASTER mode\ndc0: \u003c82c169 PNIC 10/100BaseTX\u003e port 0xb800-0xb8ff mem \n0xfeaff400-0xfeaff4ff irq 18 at device 10.0 on pci2\nmiibus1: \u003cMII bus\u003e on dc0\nlxtphy0: \u003cLXT970 10/100 media interface\u003e PHY 1 on miibus1\nlxtphy0:  100baseFX, 100baseFX-FDX, 10baseT, 10baseT-FDX, 100baseTX, \n100baseTX-FDX, auto\ndc0: Ethernet address: 00:a0:cc:40:75:9d\ndc0: [ITHREAD]\nacpi_button0: \u003cPower Button\u003e on acpi0\nfdc0: \u003cfloppy drive controller (FDE)\u003e port 0x3f0-0x3f5,0x3f7 irq 6 drq 2 \non acpi0\nfdc0: [FILTER]\nfd0: \u003c1440-KB 3.5\" drive\u003e on fdc0 drive 0\natkbdc0: \u003cKeyboard controller (i8042)\u003e port 0x60,0x64 irq 1 on acpi0\natkbd0: \u003cAT Keyboard\u003e irq 1 on atkbdc0\nkbd0 at atkbd0\natkbd0: [GIANT-LOCKED]\natkbd0: [ITHREAD]\npsm0: \u003cPS/2 Mouse\u003e irq 12 on atkbdc0\npsm0: [GIANT-LOCKED]\npsm0: [ITHREAD]\npsm0: model IntelliMouse Explorer, device ID 4\nsio0: \u003c16550A-compatible COM port\u003e port 0x3f8-0x3ff irq 4 flags 0x10 on \nacpi0\nsio0: type 16550A\nsio0: [FILTER]\npmtimer0 on isa0\norm0: \u003cISA Option ROM\u003e at iomem 0xc0000-0xcf7ff pnpid ORM0000 on isa0\nppc0: \u003cParallel port\u003e at port 0x378-0x37f irq 7 on isa0\nppc0: SMC-like chipset (ECP/EPP/PS2/NIBBLE) in COMPATIBLE mode\nppc0: FIFO with 16/16/16 bytes threshold\nppbus0: \u003cParallel port bus\u003e on ppc0\nppbus0: [ITHREAD]\nplip0: \u003cPLIP network interface\u003e on ppbus0\nlpt0: \u003cPrinter\u003e on ppbus0\nlpt0: Interrupt-driven port\nppi0: \u003cParallel I/O\u003e on ppbus0\nppc0: [GIANT-LOCKED]\nppc0: [ITHREAD]\nsc0: \u003cSystem console\u003e at flags 0x100 on isa0\nsc0: VGA \u003c16 virtual consoles, flags=0x300\u003e\nsio1: configured irq 3 not in bitmap of probed irqs 0\nsio1: port may not be enabled\nvga0: \u003cGeneric ISA VGA\u003e at port 0x3c0-0x3df iomem 0xa0000-0xbffff on isa0\nTimecounter \"TSC\" frequency 2411752556 Hz quality 800\nTimecounters tick every 1.000 msec\nhptrr: no controller detected.\nfirewire0: 1 nodes, maxhop \u003c= 0, cable IRM = 0 (me)\nfirewire0: bus manager 0 (me)\nfwohci0: phy int\nad0: 114473MB \u003cWDC WD1200JB-00FUA0 15.05R15\u003e at ata0-master UDMA100\nacd0: CDROM \u003cFX4830T/R02C\u003e at ata1-master UDMA33\nTrying to mount root from ufs:/dev/ad0s1a\n\nKris Kennaway wrote:\n\u003e Jason Bacon wrote:\n\u003e\u003e\n\u003e\u003e Just to be thorough, I'm going to do a minimal 7.0 install on a spare \n\u003e\u003e disk, pop it into one of of the problem machines, and run an rsync \n\u003e\u003e over NFS with the nfe driver.\n\u003e\u003e\n\u003e\u003e I'll get back to you ASAP.\n\u003e\n\u003e Thanks.  We should probably add a warning to the nve manpage and/or \n\u003e GENERIC that it has known bugs.\n\u003e\n\u003e Kris\n\u003e\n\u003e\u003e\n\u003e\u003e    -J\n\u003e\u003e\n\u003e\u003e Kris Kennaway wrote:\n\u003e\u003e\u003e Jason Bacon wrote:\n\u003e\u003e\u003e\u003e The following reply was made to PR kern/106243; it has been noted \n\u003e\u003e\u003e\u003e by GNATS.\n\u003e\u003e\u003e\u003e\n\u003e\u003e\u003e\u003e From: Jason Bacon \u003cjbacon@mcw.edu\u003e\n\u003e\u003e\u003e\u003e To: bug-followup@freebsd.org, littlesavage@orionet.ru\n\u003e\u003e\u003e\u003e Cc:  Subject: Re: kern/106243: [nve] double fault panic in if_nve.c \n\u003e\u003e\u003e\u003e on high loads\n\u003e\u003e\u003e\u003e Date: Thu, 21 Feb 2008 13:55:40 -0600\n\u003e\u003e\u003e\u003e\n\u003e\u003e\u003e\u003e  I may be seeing the same problem on 6.3-RELEASE.  I can \n\u003e\u003e\u003e\u003e consistently cause a  reboot by running an rsync backup over nfs.  \n\u003e\u003e\u003e\u003e Popped in a Netgear card (dc  driver) and all is well.\n\u003e\u003e\u003e\n\u003e\u003e\u003e And does nfe work for you?\n\u003e\u003e\u003e\n\u003e\u003e\u003e Kris\n\u003e\u003e\n\u003e\u003e\n\u003e"
}