{
 "id": 516672,
 "bug_id": 138207,
 "attachment_id": 0,
 "creation_time": "2009-08-26T18:20:01Z",
 "creator": "k.szatan@gmail.com",
 "text": "I haven't tested Firewire and eSATA. Everything else works fine.\n\ndmesg:\nCopyright (c) 1992-2009 The FreeBSD Project.\nCopyright (c) 1979, 1980, 1983, 1986, 1988, 1989, 1991, 1992, 1993, 1994\n\tThe Regents of the University of California. All rights reserved.\nFreeBSD is a registered trademark of The FreeBSD Foundation.\nFreeBSD 8.0-BETA2 #1: Wed Sep 16 18:31:57 CEST 2009\n    forneus@vault13:/usr/obj/usr/src/sys/VAULT13\nTimecounter \"i8254\" frequency 1193182 Hz quality 0\nCPU: Intel(R) Core(TM) i7 CPU         920  @ 2.67GHz (3326.42-MHz K8-class CPU)\n  Origin = \"GenuineIntel\"  Id = 0x106a5  Stepping = 5\n  Features=0xbfebfbff\u003cFPU,VME,DE,PSE,TSC,MSR,PAE,MCE,CX8,APIC,SEP,MTRR,PGE,MCA,CMOV,PAT,PSE36,CLFLUSH,DTS,ACPI,MMX,FXSR,SSE,SSE2,SS,HTT,TM,PBE\u003e\n  Features2=0x98e3bd\u003cSSE3,DTES64,MON,DS_CPL,VMX,EST,TM2,SSSE3,CX16,xTPR,PDCM,SSE4.1,SSE4.2,POPCNT\u003e\n  AMD Features=0x28100800\u003cSYSCALL,NX,RDTSCP,LM\u003e\n  AMD Features2=0x1\u003cLAHF\u003e\n  TSC: P-state invariant\nreal memory  = 6442450944 (6144 MB)\navail memory = 6168899584 (5883 MB)\nACPI APIC Table: \u003c051909 APIC1244\u003e\nFreeBSD/SMP: Multiprocessor System Detected: 8 CPUs\nFreeBSD/SMP: 1 package(s) x 4 core(s) x 2 SMT threads\n cpu0 (BSP): APIC ID:  0\n cpu1 (AP): APIC ID:  1\n cpu2 (AP): APIC ID:  2\n cpu3 (AP): APIC ID:  3\n cpu4 (AP): APIC ID:  4\n cpu5 (AP): APIC ID:  5\n cpu6 (AP): APIC ID:  6\n cpu7 (AP): APIC ID:  7\nioapic0 \u003cVersion 2.0\u003e irqs 0-23 on motherboard\nioapic1 \u003cVersion 2.0\u003e irqs 24-47 on motherboard\nkbd1 at kbdmux0\nacpi0: \u003c051909 XSDT1244\u003e on motherboard\nacpi0: [ITHREAD]\nacpi0: Power Button (fixed)\nacpi0: reservation of fee00000, 1000 (3) failed\nacpi0: reservation of 0, a0000 (3) failed\nacpi0: reservation of 100000, bff00000 (3) failed\nTimecounter \"ACPI-fast\" frequency 3579545 Hz quality 1000\nacpi_timer0: \u003c24-bit timer at 3.579545MHz\u003e port 0x808-0x80b on acpi0\nacpi_hpet0: \u003cHigh Precision Event Timer\u003e iomem 0xfed00000-0xfed003ff on acpi0\nTimecounter \"HPET\" frequency 14318180 Hz quality 900\npcib0: \u003cACPI Host-PCI bridge\u003e port 0xcf8-0xcff on acpi0\npci0: \u003cACPI PCI bus\u003e on pcib0\npcib1: \u003cACPI PCI-PCI bridge\u003e at device 1.0 on pci0\npci1: \u003cACPI PCI bus\u003e on pcib1\npcib2: \u003cACPI PCI-PCI bridge\u003e at device 3.0 on pci0\npci2: \u003cACPI PCI bus\u003e on pcib2\npcib3: \u003cACPI PCI-PCI bridge\u003e at device 7.0 on pci0\npci3: \u003cACPI PCI bus\u003e on pcib3\nvgapci0: \u003cVGA-compatible display\u003e port 0xbc00-0xbc7f mem 0xfa000000-0xfaffffff,0xd0000000-0xdfffffff,0xf8000000-0xf9ffffff irq 30 at device 0.0 on pci3\npci0: \u003cbase peripheral, interrupt controller\u003e at device 20.0 (no driver attached)\npci0: \u003cbase peripheral, interrupt controller\u003e at device 20.1 (no driver attached)\npci0: \u003cbase peripheral, interrupt controller\u003e at device 20.2 (no driver attached)\npci0: \u003cbase peripheral, interrupt controller\u003e at device 20.3 (no driver attached)\nuhci0: \u003cUHCI (generic) USB controller\u003e port 0xa800-0xa81f irq 16 at device 26.0 on pci0\nuhci0: [ITHREAD]\nuhci0: LegSup = 0x0f30\nusbus0: \u003cUHCI (generic) USB controller\u003e on uhci0\nuhci1: \u003cUHCI (generic) USB controller\u003e port 0xa880-0xa89f irq 21 at device 26.1 on pci0\nuhci1: [ITHREAD]\nuhci1: LegSup = 0x0f30\nusbus1: \u003cUHCI (generic) USB controller\u003e on uhci1\nuhci2: \u003cUHCI (generic) USB controller\u003e port 0xac00-0xac1f irq 19 at device 26.2 on pci0\nuhci2: [ITHREAD]\nuhci2: LegSup = 0x0f30\nusbus2: \u003cUHCI (generic) USB controller\u003e on uhci2\nehci0: \u003cEHCI (generic) USB 2.0 controller\u003e mem 0xf7fff000-0xf7fff3ff irq 18 at device 26.7 on pci0\nehci0: [ITHREAD]\nusbus3: EHCI version 1.0\nusbus3: \u003cEHCI (generic) USB 2.0 controller\u003e on ehci0\nhdac0: \u003cIntel 82801J High Definition Audio Controller\u003e mem 0xf7ff8000-0xf7ffbfff irq 22 at device 27.0 on pci0\nhdac0: HDA Driver Revision: 20090624_0136\nhdac0: [ITHREAD]\npcib4: \u003cACPI PCI-PCI bridge\u003e irq 17 at device 28.0 on pci0\npci7: \u003cACPI PCI bus\u003e on pcib4\npcib5: \u003cACPI PCI-PCI bridge\u003e irq 18 at device 28.2 on pci0\npci6: \u003cACPI PCI bus\u003e on pcib5\nmskc0: \u003cMarvell Yukon 88E8056 Gigabit Ethernet\u003e port 0xe800-0xe8ff mem 0xfbdfc000-0xfbdfffff irq 18 at device 0.0 on pci6\nmsk0: \u003cMarvell Technology Group Ltd. Yukon EC Ultra Id 0xb4 Rev 0x03\u003e on mskc0\nmsk0: Ethernet address: 00:26:18:71:d5:2e\nmiibus0: \u003cMII bus\u003e on msk0\ne1000phy0: \u003cMarvell 88E1149 Gigabit PHY\u003e PHY 0 on miibus0\ne1000phy0:  10baseT, 10baseT-FDX, 100baseTX, 100baseTX-FDX, 1000baseT, 1000baseT-FDX, auto\nmskc0: [FILTER]\npcib6: \u003cACPI PCI-PCI bridge\u003e irq 17 at device 28.4 on pci0\npci5: \u003cACPI PCI bus\u003e on pcib6\natapci0: \u003cMarvell 88SX6121 UDMA133 controller\u003e port 0xdc00-0xdc07,0xd880-0xd883,0xd800-0xd807,0xd480-0xd483,0xd400-0xd40f mem 0xfbcffc00-0xfbcfffff irq 16 at device 0.0 on pci5\natapci0: [ITHREAD]\nata2: \u003cATA channel 0\u003e on atapci0\nata2: [ITHREAD]\npcib7: \u003cACPI PCI-PCI bridge\u003e irq 16 at device 28.5 on pci0\npci4: \u003cACPI PCI bus\u003e on pcib7\nmskc1: \u003cMarvell Yukon 88E8056 Gigabit Ethernet\u003e port 0xc800-0xc8ff mem 0xfbbfc000-0xfbbfffff irq 17 at device 0.0 on pci4\nmsk1: \u003cMarvell Technology Group Ltd. Yukon EC Ultra Id 0xb4 Rev 0x03\u003e on mskc1\nmsk1: Ethernet address: 00:26:18:71:d5:2d\nmiibus1: \u003cMII bus\u003e on msk1\ne1000phy1: \u003cMarvell 88E1149 Gigabit PHY\u003e PHY 0 on miibus1\ne1000phy1:  10baseT, 10baseT-FDX, 100baseTX, 100baseTX-FDX, 1000baseT, 1000baseT-FDX, auto\nmskc1: [FILTER]\nuhci3: \u003cUHCI (generic) USB controller\u003e port 0xa080-0xa09f irq 23 at device 29.0 on pci0\nuhci3: [ITHREAD]\nuhci3: LegSup = 0x0f30\nusbus4: \u003cUHCI (generic) USB controller\u003e on uhci3\nuhci4: \u003cUHCI (generic) USB controller\u003e port 0xa400-0xa41f irq 19 at device 29.1 on pci0\nuhci4: [ITHREAD]\nuhci4: LegSup = 0x0f30\nusbus5: \u003cUHCI (generic) USB controller\u003e on uhci4\nuhci5: \u003cUHCI (generic) USB controller\u003e port 0xa480-0xa49f irq 18 at device 29.2 on pci0\nuhci5: [ITHREAD]\nuhci5: LegSup = 0x0f30\nusbus6: \u003cUHCI (generic) USB controller\u003e on uhci5\nehci1: \u003cEHCI (generic) USB 2.0 controller\u003e mem 0xf7ffe000-0xf7ffe3ff irq 23 at device 29.7 on pci0\nehci1: [ITHREAD]\nusbus7: EHCI version 1.0\nusbus7: \u003cEHCI (generic) USB 2.0 controller\u003e on ehci1\npcib8: \u003cACPI PCI-PCI bridge\u003e at device 30.0 on pci0\npci8: \u003cACPI PCI bus\u003e on pcib8\nath0: \u003cAtheros 2413\u003e mem 0xfbef0000-0xfbefffff irq 17 at device 1.0 on pci8\nath0: [ITHREAD]\nath0: AR2413 mac 7.8 RF2413 phy 4.5\nisab0: \u003cPCI-ISA bridge\u003e at device 31.0 on pci0\nisa0: \u003cISA bus\u003e on isab0\natapci1: \u003cIntel ICH10 SATA300 controller\u003e port 0x9000-0x9007,0x8c00-0x8c03,0x8880-0x8887,0x8800-0x8803,0x8480-0x848f,0x8400-0x840f irq 20 at device 31.2 on pci0\natapci1: [ITHREAD]\nata3: \u003cATA channel 0\u003e on atapci1\nata3: [ITHREAD]\nata4: \u003cATA channel 1\u003e on atapci1\nata4: [ITHREAD]\npci0: \u003cserial bus, SMBus\u003e at device 31.3 (no driver attached)\natapci2: \u003cIntel ICH10 SATA300 controller\u003e port 0xa000-0xa007,0x9c00-0x9c03,0x9880-0x9887,0x9800-0x9803,0x9480-0x948f,0x9400-0x940f irq 20 at device 31.5 on pci0\natapci2: [ITHREAD]\nata5: \u003cATA channel 0\u003e on atapci2\nata5: [ITHREAD]\nata6: \u003cATA channel 1\u003e on atapci2\nata6: [ITHREAD]\nacpi_button0: \u003cPower Button\u003e on acpi0\natrtc0: \u003cAT realtime clock\u003e port 0x70-0x71 irq 8 on acpi0\ncpu0: \u003cACPI CPU\u003e on acpi0\ncoretemp0: \u003cCPU On-Die Thermal Sensors\u003e on cpu0\nest0: \u003cEnhanced SpeedStep Frequency Control\u003e on cpu0\np4tcc0: \u003cCPU Frequency Thermal Control\u003e on cpu0\ncpu1: \u003cACPI CPU\u003e on acpi0\ncoretemp1: \u003cCPU On-Die Thermal Sensors\u003e on cpu1\nest1: \u003cEnhanced SpeedStep Frequency Control\u003e on cpu1\np4tcc1: \u003cCPU Frequency Thermal Control\u003e on cpu1\ncpu2: \u003cACPI CPU\u003e on acpi0\ncoretemp2: \u003cCPU On-Die Thermal Sensors\u003e on cpu2\nest2: \u003cEnhanced SpeedStep Frequency Control\u003e on cpu2\np4tcc2: \u003cCPU Frequency Thermal Control\u003e on cpu2\ncpu3: \u003cACPI CPU\u003e on acpi0\ncoretemp3: \u003cCPU On-Die Thermal Sensors\u003e on cpu3\nest3: \u003cEnhanced SpeedStep Frequency Control\u003e on cpu3\np4tcc3: \u003cCPU Frequency Thermal Control\u003e on cpu3\ncpu4: \u003cACPI CPU\u003e on acpi0\ncoretemp4: \u003cCPU On-Die Thermal Sensors\u003e on cpu4\nest4: \u003cEnhanced SpeedStep Frequency Control\u003e on cpu4\np4tcc4: \u003cCPU Frequency Thermal Control\u003e on cpu4\ncpu5: \u003cACPI CPU\u003e on acpi0\ncoretemp5: \u003cCPU On-Die Thermal Sensors\u003e on cpu5\nest5: \u003cEnhanced SpeedStep Frequency Control\u003e on cpu5\np4tcc5: \u003cCPU Frequency Thermal Control\u003e on cpu5\ncpu6: \u003cACPI CPU\u003e on acpi0\ncoretemp6: \u003cCPU On-Die Thermal Sensors\u003e on cpu6\nest6: \u003cEnhanced SpeedStep Frequency Control\u003e on cpu6\np4tcc6: \u003cCPU Frequency Thermal Control\u003e on cpu6\ncpu7: \u003cACPI CPU\u003e on acpi0\ncoretemp7: \u003cCPU On-Die Thermal Sensors\u003e on cpu7\nest7: \u003cEnhanced SpeedStep Frequency Control\u003e on cpu7\np4tcc7: \u003cCPU Frequency Thermal Control\u003e on cpu7\norm0: \u003cISA Option ROM\u003e at iomem 0xcd800-0xcffff on isa0\nsc0: \u003cSystem console\u003e at flags 0x100 on isa0\nsc0: VGA \u003c16 virtual consoles, flags=0x300\u003e\nvga0: \u003cGeneric ISA VGA\u003e at port 0x3c0-0x3df iomem 0xa0000-0xbffff on isa0\natkbdc0: \u003cKeyboard controller (i8042)\u003e at port 0x60,0x64 on isa0\natkbd0: \u003cAT Keyboard\u003e irq 1 on atkbdc0\nkbd0 at atkbd0\natkbd0: [GIANT-LOCKED]\natkbd0: [ITHREAD]\nTimecounters tick every 1.000 msec\nusbus0: 12Mbps Full Speed USB v1.0\nusbus1: 12Mbps Full Speed USB v1.0\nusbus2: 12Mbps Full Speed USB v1.0\nusbus3: 480Mbps High Speed USB v2.0\nusbus4: 12Mbps Full Speed USB v1.0\nusbus5: 12Mbps Full Speed USB v1.0\nusbus6: 12Mbps Full Speed USB v1.0\nusbus7: 480Mbps High Speed USB v2.0\nad4: 76319MB \u003cSeagate ST380011A 3.54\u003e at ata2-master UDMA100\nacd0: DVDR \u003cHP DVD Writer 640/QS12\u003e at ata2-slave UDMA33\nGEOM: ad4: partition 2 does not start on a track boundary.\nGEOM: ad4: partition 2 does not end on a track boundary.\nGEOM: ad4: partition 1 does not start on a track boundary.\nGEOM: ad4: partition 1 does not end on a track boundary.\nad6: 476940MB \u003cWDC WD5000AADS-00L4B1 05.04C05\u003e at ata3-master SATA300\nad8: 476940MB \u003cWDC WD5000AADS-00L4B1 05.04C05\u003e at ata4-master SATA300\nGEOM: ad6s1: geometry does not match label (255h,63s != 16h,63s).\nugen0.1: \u003cIntel\u003e at usbus0\nuhub0: \u003cIntel UHCI root HUB, class 9/0, rev 1.00/1.00, addr 1\u003e on usbus0\nGEOM: ad8s1: geometry does not match label (255h,63s != 16h,63s).\nuhub0: 2 ports with 2 removable, self powered\nugen1.1: \u003cIntel\u003e at usbus1\nuhub1: \u003cIntel UHCI root HUB, class 9/0, rev 1.00/1.00, addr 1\u003e on usbus1\nuhub1: 2 ports with 2 removable, self powered\nugen2.1: \u003cIntel\u003e at usbus2\nuhub2: \u003cIntel UHCI root HUB, class 9/0, rev 1.00/1.00, addr 1\u003e on usbus2\nuhub2: 2 ports with 2 removable, self powered\nugen3.1: \u003cIntel\u003e at usbus3\nuhub3: \u003cIntel EHCI root HUB, class 9/0, rev 2.00/1.00, addr 1\u003e on usbus3\nacd0: FAILURE - INQUIRY ILLEGAL REQUEST asc=0x24 ascq=0x00 \n(probe0:ata0:0:1:0): TEST UNIT READY. CDB: 0 0 0 0 0 0 \n(probe0:ata0:0:1:0): CAM Status: SCSI Status Error\n(probe0:ata0:0:1:0): SCSI Status: Check Condition\n(probe0:ata0:0:1:0): NOT READY asc:3a,0\n(probe0:ata0:0:1:0): Medium not present\n(probe0:ata0:0:1:0): Unretryable error\ncd0 at ata0 bus 0 target 1 lun 0\ncd0: \u003cHP DVD Writer 640c QS12\u003e Removable CD-ROM SCSI-0 device \ncd0: 33.000MB/s transfers\ncd0: Attempt to query device size failed: NOT READY, Medium not present\nuhub3: 6 ports with 6 removable, self powered\nugen4.1: \u003cIntel\u003e at usbus4\nuhub4: \u003cIntel UHCI root HUB, class 9/0, rev 1.00/1.00, addr 1\u003e on usbus4\nuhub4: 2 ports with 2 removable, self powered\nugen5.1: \u003cIntel\u003e at usbus5\nuhub5: \u003cIntel UHCI root HUB, class 9/0, rev 1.00/1.00, addr 1\u003e on usbus5\nuhub5: 2 ports with 2 removable, self powered\nugen6.1: \u003cIntel\u003e at usbus6\nuhub6: \u003cIntel UHCI root HUB, class 9/0, rev 1.00/1.00, addr 1\u003e on usbus6\nuhub6: 2 ports with 2 removable, self powered\nugen7.1: \u003cIntel\u003e at usbus7\nuhub7: \u003cIntel EHCI root HUB, class 9/0, rev 2.00/1.00, addr 1\u003e on usbus7\nuhub7: 6 ports with 6 removable, self powered\nugen3.2: \u003cvendor 0x0409\u003e at usbus3\nuhub8: \u003cvendor 0x0409 product 0x005a, class 9/0, rev 2.00/1.00, addr 2\u003e on usbus3\nuhub8: 4 ports with 4 removable, self powered\nhdac0: HDA Codec #0: Analog Devices AD1989B\npcm0: \u003cHDA Analog Devices AD1989B PCM #0 Analog\u003e at cad 0 nid 1 on hdac0\npcm1: \u003cHDA Analog Devices AD1989B PCM #1 Analog\u003e at cad 0 nid 1 on hdac0\npcm2: \u003cHDA Analog Devices AD1989B PCM #2 Digital\u003e at cad 0 nid 1 on hdac0\npcm3: \u003cHDA Analog Devices AD1989B PCM #3 Digital\u003e at cad 0 nid 1 on hdac0\nSMP: AP CPU #1 Launched!\nSMP: AP CPU #4 Launched!\nSMP: AP CPU #6 Launched!\nSMP: AP CPU #5 Launched!\nSMP: AP CPU #7 Launched!\nSMP: AP CPU #3 Launched!\nSMP: AP CPU #2 Launched!\nRoot mount waiting for: usbus7\nTrying to mount root from ufs:/dev/ad8s1a\n\npcivonf -lv:\nhostb0@pci0:0:0:0:\tclass=0x060000 card=0x836b1043 chip=0x34058086 rev=0x12 hdr=0x00\n    vendor     = 'Intel Corporation'\n    device     = 'QuickPath Architecture I/O Hub to ESI Port'\n    class      = bridge\n    subclass   = HOST-PCI\npcib1@pci0:0:1:0:\tclass=0x060400 card=0x836b1043 chip=0x34088086 rev=0x12 hdr=0x01\n    vendor     = 'Intel Corporation'\n    device     = 'QuickPath Architecture I/O Hub PCI Express Root Port 1'\n    class      = bridge\n    subclass   = PCI-PCI\npcib2@pci0:0:3:0:\tclass=0x060400 card=0x836b1043 chip=0x340a8086 rev=0x12 hdr=0x01\n    vendor     = 'Intel Corporation'\n    device     = 'QuickPath Architecture I/O Hub PCI Express Root Port 3'\n    class      = bridge\n    subclass   = PCI-PCI\npcib3@pci0:0:7:0:\tclass=0x060400 card=0x836b1043 chip=0x340e8086 rev=0x12 hdr=0x01\n    vendor     = 'Intel Corporation'\n    device     = 'QuickPath Architecture I/O Hub PCI Express Root Port 7'\n    class      = bridge\n    subclass   = PCI-PCI\nnone0@pci0:0:20:0:\tclass=0x080000 card=0x00000000 chip=0x342e8086 rev=0x12 hdr=0x00\n    vendor     = 'Intel Corporation'\n    device     = 'QuickPath Architecture I/O Hub System Management Registers'\n    class      = base peripheral\n    subclass   = interrupt controller\nnone1@pci0:0:20:1:\tclass=0x080000 card=0x00000000 chip=0x34228086 rev=0x12 hdr=0x00\n    vendor     = 'Intel Corporation'\n    device     = 'QuickPath Architecture I/O Hub GPIO and Scratch Pad Registers'\n    class      = base peripheral\n    subclass   = interrupt controller\nnone2@pci0:0:20:2:\tclass=0x080000 card=0x00000000 chip=0x34238086 rev=0x12 hdr=0x00\n    vendor     = 'Intel Corporation'\n    device     = 'QuickPath Architecture I/O Hub Control Status and RAS Registers'\n    class      = base peripheral\n    subclass   = interrupt controller\nnone3@pci0:0:20:3:\tclass=0x080000 card=0x00000000 chip=0x34388086 rev=0x12 hdr=0x00\n    vendor     = 'Intel Corporation'\n    device     = 'QuickPath Architecture I/O Hub Throttle Registers'\n    class      = base peripheral\n    subclass   = interrupt controller\nuhci0@pci0:0:26:0:\tclass=0x0c0300 card=0x82d41043 chip=0x3a378086 rev=0x00 hdr=0x00\n    vendor     = 'Intel Corporation'\n    device     = 'USB UHCI Controller *4'\n    class      = serial bus\n    subclass   = USB\nuhci1@pci0:0:26:1:\tclass=0x0c0300 card=0x82d41043 chip=0x3a388086 rev=0x00 hdr=0x00\n    vendor     = 'Intel Corporation'\n    device     = 'USB UHCI Controller *5'\n    class      = serial bus\n    subclass   = USB\nuhci2@pci0:0:26:2:\tclass=0x0c0300 card=0x82d41043 chip=0x3a398086 rev=0x00 hdr=0x00\n    vendor     = 'Intel Corporation'\n    device     = 'USB UHCI Controller *6'\n    class      = serial bus\n    subclass   = USB\nehci0@pci0:0:26:7:\tclass=0x0c0320 card=0x82d41043 chip=0x3a3c8086 rev=0x00 hdr=0x00\n    vendor     = 'Intel Corporation'\n    device     = 'USB EHCI Controller *2'\n    class      = serial bus\n    subclass   = USB\nhdac0@pci0:0:27:0:\tclass=0x040300 card=0x82ea1043 chip=0x3a3e8086 rev=0x00 hdr=0x00\n    vendor     = 'Intel Corporation'\n    device     = 'HD Audio Controller'\n    class      = multimedia\n    subclass   = HDA\npcib4@pci0:0:28:0:\tclass=0x060400 card=0x82ea1043 chip=0x3a408086 rev=0x00 hdr=0x01\n    vendor     = 'Intel Corporation'\n    device     = 'PCI Express Port 1'\n    class      = bridge\n    subclass   = PCI-PCI\npcib5@pci0:0:28:2:\tclass=0x060400 card=0x82ea1043 chip=0x3a448086 rev=0x00 hdr=0x01\n    vendor     = 'Intel Corporation'\n    device     = 'PCI Express Port 3'\n    class      = bridge\n    subclass   = PCI-PCI\npcib6@pci0:0:28:4:\tclass=0x060400 card=0x82ea1043 chip=0x3a488086 rev=0x00 hdr=0x01\n    vendor     = 'Intel Corporation'\n    device     = 'PCI Express Port 5'\n    class      = bridge\n    subclass   = PCI-PCI\npcib7@pci0:0:28:5:\tclass=0x060400 card=0x82ea1043 chip=0x3a4a8086 rev=0x00 hdr=0x01\n    vendor     = 'Intel Corporation'\n    device     = 'PCI Express Port 6'\n    class      = bridge\n    subclass   = PCI-PCI\nuhci3@pci0:0:29:0:\tclass=0x0c0300 card=0x82d41043 chip=0x3a348086 rev=0x00 hdr=0x00\n    vendor     = 'Intel Corporation'\n    device     = 'USB UHCI Controller *1'\n    class      = serial bus\n    subclass   = USB\nuhci4@pci0:0:29:1:\tclass=0x0c0300 card=0x82d41043 chip=0x3a358086 rev=0x00 hdr=0x00\n    vendor     = 'Intel Corporation'\n    device     = 'USB UHCI Controller *2'\n    class      = serial bus\n    subclass   = USB\nuhci5@pci0:0:29:2:\tclass=0x0c0300 card=0x82d41043 chip=0x3a368086 rev=0x00 hdr=0x00\n    vendor     = 'Intel Corporation'\n    device     = 'USB UHCI Controller *3'\n    class      = serial bus\n    subclass   = USB\nehci1@pci0:0:29:7:\tclass=0x0c0320 card=0x82d41043 chip=0x3a3a8086 rev=0x00 hdr=0x00\n    vendor     = 'Intel Corporation'\n    device     = 'USB EHCI Controller *1'\n    class      = serial bus\n    subclass   = USB\npcib8@pci0:0:30:0:\tclass=0x060401 card=0x82d41043 chip=0x244e8086 rev=0x90 hdr=0x01\n    vendor     = 'Intel Corporation'\n    device     = '82801 Family (ICH2/3/4/5/6/7/8/9,63xxESB) Hub Interface to PCI Bridge'\n    class      = bridge\n    subclass   = PCI-PCI\nisab0@pci0:0:31:0:\tclass=0x060100 card=0x82d41043 chip=0x3a168086 rev=0x00 hdr=0x00\n    vendor     = 'Intel Corporation'\n    device     = 'LPC Interface Controller'\n    class      = bridge\n    subclass   = PCI-ISA\natapci1@pci0:0:31:2:\tclass=0x01018f card=0x82d41043 chip=0x3a208086 rev=0x00 hdr=0x00\n    vendor     = 'Intel Corporation'\n    device     = 'SATA2(4Port2) (ICH10 Family)'\n    class      = mass storage\n    subclass   = ATA\nnone4@pci0:0:31:3:\tclass=0x0c0500 card=0x82d41043 chip=0x3a308086 rev=0x00 hdr=0x00\n    vendor     = 'Intel Corporation'\n    device     = 'SMB controller  (50011458)'\n    class      = serial bus\n    subclass   = SMBus\natapci2@pci0:0:31:5:\tclass=0x010185 card=0x82d41043 chip=0x3a268086 rev=0x00 hdr=0x00\n    vendor     = 'Intel Corporation'\n    device     = 'SATA2(2Port2) (ICH10 Family)'\n    class      = mass storage\n    subclass   = ATA\nvgapci0@pci0:3:0:0:\tclass=0x030000 card=0x311519da chip=0x061410de rev=0xa2 hdr=0x00\n    vendor     = 'Nvidia Corp'\n    class      = display\n    subclass   = VGA\nmskc0@pci0:6:0:0:\tclass=0x020000 card=0x81f81043 chip=0x436411ab rev=0x12 hdr=0x00\n    vendor     = 'Marvell Semiconductor (Was: Galileo Technology Ltd)'\n    device     = 'Yukon PCI-E Gigabit Ethernet Controller (88E8056)'\n    class      = network\n    subclass   = ethernet\natapci0@pci0:5:0:0:\tclass=0x01018f card=0x82121043 chip=0x612111ab rev=0xb2 hdr=0x00\n    vendor     = 'Marvell Semiconductor (Was: Galileo Technology Ltd)'\n    device     = '6121 SATA2 Controller'\n    class      = mass storage\n    subclass   = ATA\nmskc1@pci0:4:0:0:\tclass=0x020000 card=0x81f81043 chip=0x436411ab rev=0x12 hdr=0x00\n    vendor     = 'Marvell Semiconductor (Was: Galileo Technology Ltd)'\n    device     = 'Yukon PCI-E Gigabit Ethernet Controller (88E8056)'\n    class      = network\n    subclass   = ethernet\nath0@pci0:8:1:0:\tclass=0x020000 card=0x2052168c chip=0x001a168c rev=0x01 hdr=0x00\n    vendor     = 'Atheros Communications Inc.'\n    device     = 'Atheros AR5005G 802.11abg NIC Chipset / TP-Link (TL-WN551G) (Atheros AR5005G)'\n    class      = network\n    subclass   = ethernet"
}