{
 "id": 1220091,
 "bug_id": 265196,
 "attachment_id": 0,
 "creation_time": "2022-07-21T02:51:12Z",
 "creator": "ler@FreeBSD.org",
 "text": "still barfs.\n\n[  212.385899] [talos] task stopAllServices (1/1): done, 134.255866ms\n[  212.387460] [talos] phase stopEverything (11/15): done, 137.344084ms\n[  212.388983] [talos] phase mountBoot (12/15): 1 tasks(s)\n[  212.390456] [talos] task mountBootPartition (1/1): starting\n[  212.402938] XFS (vda3): Mounting V5 Filesystem\n[  212.412374] XFS (vda3): Ending clean mount\n[  212.415043] [talos] task mountBootPartition (1/1): done, 24.614914ms\n[  212.416672] [talos] phase mountBoot (12/15): done, 27.688828ms\n[  212.418117] [talos] phase kexec (13/15): 1 tasks(s)\n[  212.419501] [talos] task kexecPrepare (1/1): starting\n[  214.384029] [talos] prepared kexec environment kernel=\"/boot/A/vmlinuz\" initrd=\"/boot/A/initramfs.xz\" cmdline=\"talos.platform=metal talos.config=none console=ttyS0 console=tty0 init_on_alloc=1 slab_nomerge pti=on consoleblank=0 nvme_core.io_timeout=4294967295 random.trust_cpu=on printk.devkmsg=on ima_template=ima-ng ima_appraise=fix ima_hash=sha512\"\n[  214.391453] [talos] task kexecPrepare (1/1): done, 1.97197219s\n[  214.393006] [talos] phase kexec (13/15): done, 1.974892325s\n[  214.394362] [talos] phase unmountBoot (14/15): 1 tasks(s)\n[  214.395816] [talos] task unmountBootPartition (1/1): starting\n[  214.408128] XFS (vda3): Unmounting Filesystem\n[  214.474342] [talos] task unmountBootPartition (1/1): done, 78.557667ms\n[  214.476048] [talos] phase unmountBoot (14/15): done, 81.690053ms\n[  214.477549] [talos] phase reboot (15/15): 1 tasks(s)\n[  214.478977] [talos] task reboot (1/1): starting\n[  214.484518] [talos] controller runtime finished\n[  214.487247] [talos] unmounted / (/dev/loop0)\n[  214.488333] [talos] unmounted /system/libexec/apid/apid (/dev/loop0)\n[  214.489880] [talos] unmounted /system/libexec/trustd/trustd (/dev/loop0)\n[  214.491552] [talos] waiting for sync...\n[  214.492492] [talos] sync done\n[  214.701310] kexec_core: Starting new kernel\n[    0.000000] Linux version 5.15.54-talos (@buildkitsandbox) (gcc (GCC) 11.2.0, GNU ld (GNU Binutils) 2.37) #1 SMP Wed Jul 13 06:55:07 UTC 2022\n[    0.000000] Command line: talos.platform=metal talos.config=none console=ttyS0 console=tty0 init_on_alloc=1 slab_nomerge pti=on consoleblank=0 nvme_core.io_timeout=4294967295 random.trust_cpu=on printk.devkmsg=on ima_template=ima-ng ima_appraise=fix ima_hash=sha512\n[    0.000000] x86/fpu: x87 FPU will use FXSAVE\n[    0.000000] signal: max sigframe size: 1440\n[    0.000000] BIOS-provided physical RAM map:\n[    0.000000] BIOS-e820: [mem 0x0000000000000000-0x000000000009ffff] usable\n[    0.000000] BIOS-e820: [mem 0x0000000000100000-0x00000000bea85fff] usable\n[    0.000000] BIOS-e820: [mem 0x00000000bea86000-0x00000000bea87fff] reserved\n[    0.000000] BIOS-e820: [mem 0x00000000bea88000-0x00000000bea8efff] usable\n[    0.000000] BIOS-e820: [mem 0x00000000bea8f000-0x00000000bea90fff] ACPI data\n[    0.000000] BIOS-e820: [mem 0x00000000bea91000-0x00000000beb1afff] reserved\n[    0.000000] BIOS-e820: [mem 0x00000000beb1b000-0x00000000bfb9afff] usable\n[    0.000000] BIOS-e820: [mem 0x00000000bfb9b000-0x00000000bfbcafff] type 20\n[    0.000000] BIOS-e820: [mem 0x00000000bfbcb000-0x00000000bfbeefff] reserved\n[    0.000000] BIOS-e820: [mem 0x00000000bfbef000-0x00000000bfbf3fff] usable\n[    0.000000] BIOS-e820: [mem 0x00000000bfbf4000-0x00000000bfbfafff] ACPI data\n[    0.000000] BIOS-e820: [mem 0x00000000bfbfb000-0x00000000bfbfefff] ACPI NVS\n[    0.000000] BIOS-e820: [mem 0x00000000bfbff000-0x00000000bff7bfff] usable\n[    0.000000] BIOS-e820: [mem 0x00000000bff7c000-0x00000000bfffffff] reserved\n[    0.000000] BIOS-e820: [mem 0x0000000100000000-0x000000083fffffff] usable\n[    0.000000] NX (Execute Disable) protection: active\n[    0.000000] extended physical RAM map:\n[    0.000000] reserve setup_data: [mem 0x0000000000000000-0x000000000009922f] usable\n[    0.000000] reserve setup_data: [mem 0x0000000000099230-0x000000000009929f] usable\n[    0.000000] reserve setup_data: [mem 0x00000000000992a0-0x000000000009ffff] usable\n[    0.000000] reserve setup_data: [mem 0x0000000000100000-0x00000000bea85fff] usable\n[    0.000000] reserve setup_data: [mem 0x00000000bea86000-0x00000000bea87fff] reserved\n[    0.000000] reserve setup_data: [mem 0x00000000bea88000-0x00000000bea8efff] usable\n[    0.000000] reserve setup_data: [mem 0x00000000bea8f000-0x00000000bea90fff] ACPI data\n[    0.000000] reserve setup_data: [mem 0x00000000bea91000-0x00000000beb1afff] reserved\n[    0.000000] reserve setup_data: [mem 0x00000000beb1b000-0x00000000bfb9afff] usable\n[    0.000000] reserve setup_data: [mem 0x00000000bfb9b000-0x00000000bfbcafff] type 20\n[    0.000000] reserve setup_data: [mem 0x00000000bfbcb000-0x00000000bfbeefff] reserved\n[    0.000000] reserve setup_data: [mem 0x00000000bfbef000-0x00000000bfbf3fff] usable\n[    0.000000] reserve setup_data: [mem 0x00000000bfbf4000-0x00000000bfbfafff] ACPI data\n[    0.000000] reserve setup_data: [mem 0x00000000bfbfb000-0x00000000bfbfefff] ACPI NVS\n[    0.000000] reserve setup_data: [mem 0x00000000bfbff000-0x00000000bff7bfff] usable\n[    0.000000] reserve setup_data: [mem 0x00000000bff7c000-0x00000000bfffffff] reserved\n[    0.000000] reserve setup_data: [mem 0x0000000100000000-0x000000083fffffff] usable\n[    0.000000] efi: EFI v2.70 by BHYVE\n[    0.000000] efi: SMBIOS=0xbfbcc000 ACPI=0xbfbfa000 ACPI 2.0=0xbfbfa014 MEMATTR=0xbf20d298\n[    0.000000] SMBIOS 2.8 present.\n[    0.000000] DMI: FreeBSD BHYVE/BHYVE, BIOS 13.0 11/10/2020\n[    0.000000] last_pfn = 0x840000 max_arch_pfn = 0x400000000\n[    0.000000] x86/PAT: Configuration [0-7]: WB  WC  UC- UC  WB  WP  UC- WT\n[    0.000000] last_pfn = 0xbff7c max_arch_pfn = 0x400000000\n[    0.000000] found SMP MP-table at [mem 0x000f0000-0x000f000f]\n[    0.000000] Using GB pages for direct mapping\n[    0.000000] Secure boot disabled\n[    0.000000] RAMDISK: [mem 0xb7281000-0xba9fffff]\n[    0.000000] ACPI: Early table checksum verification disabled\n[    0.000000] ACPI: RSDP 0x00000000BFBFA014 000024 (v02 BHYVE )\n[    0.000000] ACPI: XSDT 0x00000000BFBF90E8 00004C (v01 BHYVE  BVFACP   00000001      01000013)\n[    0.000000] ACPI: FACP 0x00000000BFBF8000 0000F4 (v04 BHYVE  BVFACP   00000001 BHYV 00000001)\n[    0.000000] ACPI: DSDT 0x00000000BEA8F000 00191A (v02 BHYVE  BVDSDT   00000001 INTL 20201113)\n[    0.000000] ACPI: FACS 0x00000000BFBFE000 000040\n[    0.000000] ACPI: HPET 0x00000000BFBF7000 000038 (v01 BHYVE  BVHPET   00000001 BHYV 00000001)\n[    0.000000] ACPI: APIC 0x00000000BFBF6000 000062 (v01 BHYVE  BVMADT   00000001 BHYV 00000001)\n[    0.000000] ACPI: MCFG 0x00000000BFBF5000 00003C (v01 BHYVE  BVMCFG   00000001 BHYV 00000001)\n[    0.000000] ACPI: SPCR 0x00000000BFBF4000 000050 (v02 BHYVE  BVSPCR   00000001 BHYV 00000001)\n[    0.000000] ACPI: Reserving FACP table memory at [mem 0xbfbf8000-0xbfbf80f3]\n[    0.000000] ACPI: Reserving DSDT table memory at [mem 0xbea8f000-0xbea90919]\n[    0.000000] ACPI: Reserving FACS table memory at [mem 0xbfbfe000-0xbfbfe03f]\n[    0.000000] ACPI: Reserving HPET table memory at [mem 0xbfbf7000-0xbfbf7037]\n[    0.000000] ACPI: Reserving APIC table memory at [mem 0xbfbf6000-0xbfbf6061]\n[    0.000000] ACPI: Reserving MCFG table memory at [mem 0xbfbf5000-0xbfbf503b]\n[    0.000000] ACPI: Reserving SPCR table memory at [mem 0xbfbf4000-0xbfbf404f]\n[    0.000000] Setting APIC routing to physical flat.\n[    0.000000] No NUMA configuration found\n[    0.000000] Faking a node at [mem 0x0000000000000000-0x000000083fffffff]\n[    0.000000] NODE_DATA(0) allocated [mem 0x83fffa000-0x83fffdfff]\n[    0.000000] Zone ranges:\n[    0.000000]   DMA      [mem 0x0000000000001000-0x0000000000ffffff]\n[    0.000000]   DMA32    [mem 0x0000000001000000-0x00000000ffffffff]\n[    0.000000]   Normal   [mem 0x0000000100000000-0x000000083fffffff]\n[    0.000000] Movable zone start for each node\n[    0.000000] Early memory node ranges\n[    0.000000]   node   0: [mem 0x0000000000001000-0x000000000009ffff]\n[    0.000000]   node   0: [mem 0x0000000000100000-0x00000000bea85fff]\n[    0.000000]   node   0: [mem 0x00000000bea88000-0x00000000bea8efff]\n[    0.000000]   node   0: [mem 0x00000000beb1b000-0x00000000bfb9afff]\n[    0.000000]   node   0: [mem 0x00000000bfbef000-0x00000000bfbf3fff]\n[    0.000000]   node   0: [mem 0x00000000bfbff000-0x00000000bff7bfff]\n[    0.000000]   node   0: [mem 0x0000000100000000-0x000000083fffffff]\n[    0.000000] Initmem setup node 0 [mem 0x0000000000001000-0x000000083fffffff]\n[    0.000000] On node 0, zone DMA: 1 pages in unavailable ranges\n[    0.000000] On node 0, zone DMA: 96 pages in unavailable ranges\n[    0.000000] On node 0, zone DMA32: 2 pages in unavailable ranges\n[    0.000000] On node 0, zone DMA32: 140 pages in unavailable ranges\n[    0.000000] On node 0, zone DMA32: 84 pages in unavailable ranges\n[    0.000000] On node 0, zone DMA32: 11 pages in unavailable ranges\n[    0.000000] On node 0, zone Normal: 132 pages in unavailable ranges\n[    0.000000] ACPI: PM-Timer IO Port: 0x408\n[    0.000000] IOAPIC[0]: apic_id 4, version 17, address 0xfec00000, GSI 0-31\n[    0.000000] ACPI: INT_SRC_OVR (bus 0 bus_irq 0 global_irq 2 dfl dfl)\n[    0.000000] ACPI: Using ACPI (MADT) for SMP configuration information\n[    0.000000] ACPI: HPET id: 0xa400 base: 0xfed00000\n[    0.000000] ACPI: SPCR: console: uart,io,0x3f8,115200\n[    0.000000] smpboot: Allowing 4 CPUs, 0 hotplug CPUs\n[    0.000000] [mem 0xc0000000-0xffffffff] available for PCI devices\n[    0.000000] Booting paravirtualized kernel on bare hardware\n[    0.000000] clocksource: refined-jiffies: mask: 0xffffffff max_cycles: 0xffffffff, max_idle_ns: 7645519600211568 ns\n[    0.000000] setup_percpu: NR_CPUS:512 nr_cpumask_bits:512 nr_cpu_ids:4 nr_node_ids:1\n[    0.000000] percpu: Embedded 55 pages/cpu s185680 r8192 d31408 u524288\n[    0.000000] Built 1 zonelists, mobility grouping on.  Total pages: 8256916\n[    0.000000] Policy zone: Normal\n[    0.000000] Kernel command line: talos.platform=metal talos.config=none console=ttyS0 console=tty0 init_on_alloc=1 slab_nomerge pti=on consoleblank=0 nvme_core.io_timeout=4294967295 random.trust_cpu=on printk.devkmsg=on ima_template=ima-ng ima_appraise=fix ima_hash=sha512\n[    0.000000] Unknown kernel command line parameters \"pti=on\", will be passed to user space.\n[    0.000000] Dentry cache hash table entries: 4194304 (order: 13, 33554432 bytes, linear)\n[    0.000000] Inode-cache hash table entries: 2097152 (order: 12, 16777216 bytes, linear)\n[    0.000000] mem auto-init: stack:byref_all(zero), heap alloc:on, heap free:off\n[    0.000000] Memory: 32792636K/33552568K available (30745K kernel code, 3908K rwdata, 8260K rodata, 2252K init, 2612K bss, 759672K reserved, 0K cma-reserved)\n[    0.000000] SLUB: HWalign=64, Order=0-3, MinObjects=0, CPUs=4, Nodes=1\n[    0.000000] Kernel/User page tables isolation: enabled\n[    0.000000] rcu: Hierarchical RCU implementation.\n[    0.000000] rcu: \tRCU restricting CPUs from NR_CPUS=512 to nr_cpu_ids=4.\n[    0.000000] \tTracing variant of Tasks RCU enabled.\n[    0.000000] rcu: RCU calculated value of scheduler-enlistment delay is 25 jiffies.\n[    0.000000] rcu: Adjusting geometry for rcu_fanout_leaf=16, nr_cpu_ids=4\n[    0.000000] NR_IRQS: 33024, nr_irqs: 592, preallocated irqs: 16\n[    0.000000] __common_interrupt: 0.34 No irq handler for vector\n[    0.000000] Console: colour dummy device 80x25\n[    0.000000] printk: console [tty0] enabled\n[    0.000000] printk: console [ttyS0] enabled\n[    0.000000] ACPI: Core revision 20210730\n[    0.000000] clocksource: hpet: mask: 0xffffffff max_cycles: 0xffffffff, max_idle_ns: 113919999973 ns\n[    0.000000] APIC: Switch to symmetric I/O mode setup\n[    0.000000] ..TIMER: vector=0x30 apic1=0 pin1=2 apic2=-1 pin2=-1\n[    0.024000] tsc: PIT calibration matches PMTIMER. 1 loops\n[    0.024000] tsc: Detected 2923.439 MHz processor\n[    0.000006] clocksource: tsc-early: mask: 0xffffffffffffffff max_cycles: 0x2a23c142294, max_idle_ns: 440795346740 ns\n[    0.002388] Calibrating delay loop (skipped), value calculated using timer frequency.. 5846.87 BogoMIPS (lpj=11693756)\n[    0.006388] pid_max: default: 32768 minimum: 301\n[    0.007636] LSM: Security Framework initializing\n[    0.008705] Yama: becoming mindful.\n[    0.010547] Mount-cache hash table entries: 65536 (order: 7, 524288 bytes, linear)\n[    0.012343] Mountpoint-cache hash table entries: 65536 (order: 7, 524288 bytes, linear)\n[    0.015248] Last level iTLB entries: 4KB 512, 2MB 7, 4MB 7\n[    0.016497] Last level dTLB entries: 4KB 512, 2MB 32, 4MB 32, 1GB 0\n[    0.017917] Spectre V1 : Mitigation: usercopy/swapgs barriers and __user pointer sanitization\n[    0.018392] Spectre V2 : Mitigation: Retpolines\n[    0.019427] Spectre V2 : Spectre v2 / SpectreRSB mitigation: Filling RSB on context switch\n[    0.022387] Speculative Store Bypass: Vulnerable\n[    0.023450] MDS: Vulnerable: Clear CPU buffers attempted, no microcode\n[    0.033616] Freeing SMP alternatives memory: 72K\n[    0.142775] smpboot: CPU0: Intel(R) Xeon(R) CPU           X5670  @ 2.93GHz (family: 0x6, model: 0x2c, stepping: 0x2)\n[    0.145610] Performance Events: unsupported p6 CPU model 44 no PMU driver, software events only.\n[    0.146499] rcu: Hierarchical SRCU implementation.\n[    0.147886] smp: Bringing up secondary CPUs ...\n[    0.149187] x86: Booting SMP configuration:\n[    0.150391] .... node  #0, CPUs:      #1\n[    1.799985] __common_interrupt: 0.34 No irq handler for vector\n[    9.591075] __common_interrupt: 0.34 No irq handler for vector\n[   10.150399] smpboot: do_boot_cpu failed(-1) to wakeup CPU#1\n[   10.152058]  #2\n[   11.996828] __common_interrupt: 0.34 No irq handler for vector\n[   12.309836] __common_interrupt: 0.34 No irq handler for vector\n[   12.497316] __common_interrupt: 0.34 No irq handler for vector\n[   14.000026] __common_interrupt: 0.34 No irq handler for vector\n[   14.501401] __common_interrupt: 0.34 No irq handler for vector\n[   20.150400] smpboot: do_boot_cpu failed(-1) to wakeup CPU#2\n[   20.152066]  #3\n[   22.810089] __common_interrupt: 0.34 No irq handler for vector\n[   30.150400] smpboot: do_boot_cpu failed(-1) to wakeup CPU#3\n[   30.151787] smp: Brought up 1 node, 1 CPU\n[   30.152748] smpboot: Max logical packages: 4\n[   30.153767] smpboot: Total of 1 processors activated (5846.87 BogoMIPS)\n[   30.203340] devtmpfs: initialized\n[   30.204998] ACPI: PM: Registering ACPI NVS region [mem 0xbfbfb000-0xbfbfefff] (16384 bytes)\n[   30.206457] clocksource: jiffies: mask: 0xffffffff max_cycles: 0xffffffff, max_idle_ns: 7645041785100000 ns\n[   30.208759] futex hash table entries: 1024 (order: 4, 65536 bytes, linear)\n[   30.210728] PM: RTC time: 02:49:00, date: 2022-07-21\n[   30.212263] NET: Registered PF_NETLINK/PF_ROUTE protocol family\n[   30.214663] audit: initializing netlink subsys (disabled)\n[   30.216150] thermal_sys: Registered thermal governor 'step_wise'\n[   30.216152] thermal_sys: Registered thermal governor 'user_space'\n[   30.217585] cpuidle: using governor menu\n[   30.219681] ACPI FADT declares the system doesn't support PCIe ASPM, so disable it\n[   30.221468] ACPI: bus type PCI registered\n[   30.222388] acpiphp: ACPI Hot Plug PCI Controller Driver version: 0.5\n[   30.223911] audit: type=2000 audit(1658371739.240:1): state=initialized audit_enabled=0 res=1\n[   30.226553] dca service started, version 1.12.1\n[   30.227793] PCI: MMCONFIG for domain 0000 [bus 00-ff] at [mem 0xe0000000-0xefffffff] (base 0xe0000000)\n[   30.229961] PCI: not using MMCONFIG\n[   30.230402] PCI: Using configuration type 1 for base access\n[   30.242083] HugeTLB registered 2.00 MiB page size, pre-allocated 0 pages\n[   30.242932] cryptd: max_cpu_qlen set to 1000\n[   30.244891] ACPI: Added _OSI(Module Device)\n[   30.246455] ACPI: Added _OSI(Processor Device)\n[   30.247480] ACPI: Added _OSI(3.0 _SCP Extensions)\n[   30.248547] ACPI: Added _OSI(Processor Aggregator Device)\n[   30.250430] ACPI: Added _OSI(Linux-Dell-Video)\n[   30.251447] ACPI: Added _OSI(Linux-Lenovo-NV-HDMI-Audio)\n[   30.252650] ACPI: Added _OSI(Linux-HPI-Hybrid-Graphics)\n[   30.255541] ACPI: 1 ACPI AML tables successfully acquired and loaded\n[   30.257689] ACPI: Interpreter enabled\n[   30.258420] ACPI: PM: (supports S0 S5)\n[   30.259303] ACPI: Using IOAPIC for interrupt routing\n[   30.260506] PCI: MMCONFIG for domain 0000 [bus 00-ff] at [mem 0xe0000000-0xefffffff] (base 0xe0000000)\n[   30.262510] PCI: MMCONFIG at [mem 0xe0000000-0xefffffff] reserved in ACPI motherboard resources\n[   30.264538] PCI: Using host bridge windows from ACPI; if necessary, use \"pci=nocrs\" and report a bug\n[   30.268654] ACPI: PCI Root Bridge [PC00] (domain 0000 [bus 00-ff])\n[   30.270394] acpi PNP0A03:00: _OSC: OS supports [ExtendedConfig ASPM ClockPM Segments MSI HPX-Type3]\n[   30.272453] acpi PNP0A03:00: host bridge window expanded to [io  0x0000-0x0cf7]; [io  0x0000-0x0cf7 window] ignored\n[   30.274468] PCI host bridge to bus 0000:00\n[   30.275418] pci_bus 0000:00: root bus resource [io  0x0000-0x0cf7]\n[   30.276818] pci_bus 0000:00: root bus resource [io  0x0d00-0xffff window]\n[   30.278389] pci_bus 0000:00: root bus resource [mem 0x000a0000-0x000bffff window]\n[   30.280071] pci_bus 0000:00: root bus resource [mem 0xc0000000-0xdfffffff window]\n[   30.282389] pci_bus 0000:00: root bus resource [mem 0xf0000000-0xf07fffff window]\n[   30.284078] pci_bus 0000:00: root bus resource [mem 0xd000000000-0xd0000fffff window]\n[   30.285842] pci_bus 0000:00: root bus resource [bus 00-ff]\n[   30.286597] pci 0000:00:00.0: [1022:7432] type 00 class 0x060000\n[   30.288508] pci 0000:00:00.0: reg 0x30: [mem 0x00000000-0x000007ff pref]\n[   30.291338] pci 0000:00:04.0: [1af4:1001] type 00 class 0x010000\n[   30.292925] pci 0000:00:04.0: reg 0x10: [io  0x2000-0x207f]\n[   30.294509] pci 0000:00:04.0: reg 0x14: [mem 0xc0000000-0xc0001fff]\n[   30.296514] pci 0000:00:04.0: reg 0x30: [mem 0x00000000-0x000007ff pref]\n[   30.299035] pci 0000:00:05.0: [1af4:1000] type 00 class 0x020000\n[   30.300618] pci 0000:00:05.0: reg 0x10: [io  0x2080-0x20bf]\n[   30.302003] pci 0000:00:05.0: reg 0x14: [mem 0xc0002000-0xc0003fff]\n[   30.302976] pci 0000:00:05.0: reg 0x30: [mem 0x00000000-0x000007ff pref]\n[   30.305313] pci 0000:00:06.0: [8086:1e31] type 00 class 0x0c0330\n[   30.306609] pci 0000:00:06.0: reg 0x10: [mem 0xc0004000-0xc0004fff]\n[   30.308728] pci 0000:00:06.0: reg 0x30: [mem 0x00000000-0x000007ff pref]\n[   30.311435] pci 0000:00:1f.0: [8086:7000] type 00 class 0x060100\n[   30.314788] pci 0000:00:1f.0: reg 0x30: [mem 0x00000000-0x000007ff pref]\n[   30.316715] ACPI: PCI: Interrupt link LNKA configured for IRQ 0\n[   30.318063] ACPI: PCI: Interrupt link LNKA disabled\n[   30.318523] ACPI: PCI: Interrupt link LNKB configured for IRQ 0\n[   30.319860] ACPI: PCI: Interrupt link LNKB disabled\n[   30.321097] ACPI: PCI: Interrupt link LNKC configured for IRQ 0\n[   30.322388] ACPI: PCI: Interrupt link LNKC disabled\n[   30.323639] ACPI: PCI: Interrupt link LNKD configured for IRQ 0\n[   30.324984] ACPI: PCI: Interrupt link LNKD disabled\n[   30.326523] ACPI: PCI: Interrupt link LNKE configured for IRQ 0\n[   30.327868] ACPI: PCI: Interrupt link LNKE disabled\n[   30.329105] ACPI: PCI: Interrupt link LNKF configured for IRQ 0\n[   30.330388] ACPI: PCI: Interrupt link LNKF disabled\n[   30.331636] ACPI: PCI: Interrupt link LNKG configured for IRQ 0\n[   30.332977] ACPI: PCI: Interrupt link LNKG disabled\n[   30.334522] ACPI: PCI: Interrupt link LNKH configured for IRQ 0\n[   30.335891] ACPI: PCI: Interrupt link LNKH disabled\n[   30.337315] iommu: Default domain type: Translated\n[   30.338388] iommu: DMA domain TLB invalidation policy: lazy mode\n[   30.339819] vgaarb: loaded\n[   30.340596] SCSI subsystem initialized\n[   30.341565] ACPI: bus type USB registered\n[   30.342413] usbcore: registered new interface driver usbfs\n[   30.343669] usbcore: registered new interface driver hub\n[   30.344887] usbcore: registered new device driver usb\n[   30.346438] pps_core: LinuxPPS API ver. 1 registered\n[   30.347571] pps_core: Software ver. 5.3.6 - Copyright 2005-2007 Rodolfo Giometti \u003cgiometti@linux.it\u003e\n[   30.349615] PTP clock support registered\n[   30.350453] EDAC MC: Ver: 3.0.0\n[   30.351497] Registered efivars operations\n[   30.352734] NET: Registered PF_ATMPVC protocol family\n[   30.353891] NET: Registered PF_ATMSVC protocol family\n[   30.354406] NetLabel: Initializing\n[   30.355190] NetLabel:  domain hash size = 128\n[   30.356181] NetLabel:  protocols = UNLABELED CIPSOv4 CALIPSO\n[   30.357482] NetLabel:  unlabeled traffic allowed by default\n[   30.358491] PCI: Using ACPI for IRQ routing\n[   30.501224] hpet0: at MMIO 0xfed00000, IRQs 2, 8, 0, 0, 0, 0, 0, 0\n[   30.502389] hpet0: 8 comparators, 32-bit 16.777216 MHz counter\n[   30.507466] clocksource: Switched to clocksource tsc-early\n[   30.894599] VFS: Disk quotas dquot_6.6.0\n[   30.895562] VFS: Dquot-cache hash table entries: 512 (order 0, 4096 bytes)\n[   30.897222] pnp: PnP ACPI init\n[   30.898468] system 00:02: [io  0x0220-0x0223] has been reserved\n[   30.899796] system 00:02: [io  0x0224-0x0227] has been reserved\n[   30.901154] system 00:02: [io  0x04d0-0x04d1] has been reserved\n[   30.902504] system 00:02: [io  0x0400-0x0407] has been reserved\n[   30.903827] system 00:02: [mem 0xe0000000-0xefffffff] has been reserved\n[   30.905492] pnp: PnP ACPI: found 6 devices\n[   30.913637] clocksource: acpi_pm: mask: 0xffffff max_cycles: 0xffffff, max_idle_ns: 2085701024 ns\n[   30.915697] NET: Registered PF_INET protocol family\n[   30.917177] IP idents hash table entries: 262144 (order: 9, 2097152 bytes, linear)\n[   30.922697] tcp_listen_portaddr_hash hash table entries: 16384 (order: 6, 262144 bytes, linear)\n[   30.924763] Table-perturb hash table entries: 65536 (order: 6, 262144 bytes, linear)\n[   30.926876] TCP established hash table entries: 262144 (order: 9, 2097152 bytes, linear)\n[   30.929575] TCP bind hash table entries: 65536 (order: 8, 1048576 bytes, linear)\n[   30.931477] TCP: Hash tables configured (established 262144 bind 65536)\n[   30.933140] UDP hash table entries: 16384 (order: 7, 524288 bytes, linear)\n[   30.934950] UDP-Lite hash table entries: 16384 (order: 7, 524288 bytes, linear)\n[   30.936897] NET: Registered PF_UNIX/PF_LOCAL protocol family\n[   30.938390] RPC: Registered named UNIX socket transport module.\n[   30.939722] RPC: Registered udp transport module.\n[   30.940808] RPC: Registered tcp transport module.\n[   30.941890] RPC: Registered tcp NFSv4.1 backchannel transport module.\n[   30.943633] pci 0000:00:04.0: BAR 6: assigned [mem 0xc0005000-0xc00057ff pref]\n[   30.945295] pci 0000:00:05.0: BAR 6: assigned [mem 0xc0005800-0xc0005fff pref]\n[   30.946965] pci 0000:00:06.0: BAR 6: assigned [mem 0xc0006000-0xc00067ff pref]\n[   30.948605] pci 0000:00:1f.0: BAR 6: assigned [mem 0xc0006800-0xc0006fff pref]\n[   30.950235] pci_bus 0000:00: resource 4 [io  0x0000-0x0cf7]\n[   30.951480] pci_bus 0000:00: resource 5 [io  0x0d00-0xffff window]\n[   30.952892] pci_bus 0000:00: resource 6 [mem 0x000a0000-0x000bffff window]\n[   30.954445] pci_bus 0000:00: resource 7 [mem 0xc0000000-0xdfffffff window]\n[   30.955958] pci_bus 0000:00: resource 8 [mem 0xf0000000-0xf07fffff window]\n[   30.957518] pci_bus 0000:00: resource 9 [mem 0xd000000000-0xd0000fffff window]\n[   30.960075] pci 0000:00:1f.0: Activating ISA DMA hang workarounds\n[   30.961479] PCI: CLS 64 bytes, default 64\n[   30.962442] PCI-DMA: Using software bounce buffering for IO (SWIOTLB)\n[   30.963876] software IO TLB: mapped [mem 0x00000000b3281000-0x00000000b7281000] (64MB)\n[   30.966074] kvm: no hardware support\n[   30.966932] has_svm: not amd or hygon\n[   30.967777] kvm: no hardware support\n[   30.968694] Unpacking initramfs...\n[   31.263726] Initialise system trusted keyrings\n[   31.266806] workingset: timestamp_bits=40 max_order=23 bucket_order=0\n[   31.275862] squashfs: version 4.0 (2009/01/31) Phillip Lougher\n[   31.277618] NFS: Registering the id_resolver key type\n[   31.282794] Key type id_resolver registered\n[   31.283811] Key type id_legacy registered\n[   31.284784] nfs4filelayout_init: NFSv4 File Layout Driver Registering...\n[   31.286374] nfs4flexfilelayout_init: NFSv4 Flexfile Layout Driver Registering...\n[   31.298806] Key type cifs.spnego registered\n[   31.299791] Key type cifs.idmap registered\n[   31.300905] fuse: init (API version 7.34)\n[   31.302162] SGI XFS with ACLs, security attributes, quota, no debug enabled\n[   31.311129] ceph: loaded (mds proto 32)\n[   31.334679] NET: Registered PF_ALG protocol family\n[   31.335866] xor: measuring software checksum speed\n[   31.337920]    prefetch64-sse  : 11560 MB/sec\n[   31.340001]    generic_sse     :  9700 MB/sec\n[   31.341044] xor: using function: prefetch64-sse (11560 MB/sec)\n[   31.346768] Key type asymmetric registered\n[   31.347716] Asymmetric key parser 'x509' registered\n[   31.354721] Block layer SCSI generic (bsg) driver version 0.4 loaded (major 249)\n[   31.356532] io scheduler mq-deadline registered\n[   31.357620] io scheduler kyber registered\n[   31.359297] IPMI message handler: version 39.2\n[   31.360446] ipmi device interface\n[   31.362741] ipmi_si: IPMI System Interface driver\n[   31.364176] ipmi_si: Unable to find any System Interface(s)\n[   31.365504] IPMI poweroff: Copyright (C) 2004 MontaVista Software - IPMI Powerdown via sys_reboot\n[   31.375022] input: Power Button as /devices/LNXSYSTM:00/LNXPWRBN:00/input/input0\n[   31.377003] ACPI: button: Power Button [PWRF]\n[   31.378734] ioatdma: Intel(R) QuickData Technology Driver 5.00\n[   31.380733] virtio-pci 0000:00:04.0: virtio_pci: leaving for legacy driver\n[   31.387001] virtio-pci 0000:00:05.0: virtio_pci: leaving for legacy driver\n[   31.391279] Serial: 8250/16550 driver, 4 ports, IRQ sharing enabled\n[   31.392956] 00:03: ttyS0 at I/O 0x3f8 (irq = 4, base_baud = 115200) is a 16550A\n[   31.399414] 00:04: ttyS1 at I/O 0x2f8 (irq = 3, base_baud = 115200) is a 16550A\n\n\n\noldtbh2# ~ler/talosctl upgrade  --image=ghcr.io/siderolabs/installer:v1.1.1 --preserve -n 192.147.25.248 --talosconfig talosconfig\nNODE             ACK                        STARTED\n192.147.25.248   Upgrade request received   2022-07-20 21:47:43.32132402 -0500 CDT m=+32.746103905\noldtbh2# ls -ltr\ntotal 2438615\n-rw-r--r--  1 root  wheel         22292 Jul 20 19:44 worker.yaml\n-rw-r--r--  1 root  wheel         24176 Jul 20 19:56 controlplane.yaml\n-rw-r--r--  1 root  wheel          1617 Jul 20 20:00 talosconfig\n-rw-r--r--  1 root  wheel           399 Jul 20 21:38 talos1.conf\n-rw-------  1 root  wheel  107374182400 Jul 20 21:48 disk0.img\n-rw-r--r--  1 root  wheel           920 Jul 20 21:49 bhyve.log\n-rw-r--r--  1 root  wheel         20415 Jul 20 21:49 vm-bhyve.log\noldtbh2# cat bhyve.log\nrdmsr to register 0x140 on vcpu 0\nwrmsr to register 0x140(0) on vcpu 0\nrdmsr to register 0x140 on vcpu 1\nwrmsr to register 0x140(0) on vcpu 1\nrdmsr to register 0x140 on vcpu 2\nwrmsr to register 0x140(0) on vcpu 2\nrdmsr to register 0x140 on vcpu 3\nwrmsr to register 0x140(0) on vcpu 3\nrdmsr to register 0x34 on vcpu 1\nUnhandled ps2 mouse command 0xe1\nrdmsr to register 0x48 on vcpu 1\nrdmsr to register 0x122 on vcpu 1\nrdmsr to register 0x10f on vcpu 1\nrdmsr to register 0x123 on vcpu 1\nrdmsr to register 0xc0011020 on vcpu 1\nUnhandled ps2 keyboard command 0xf6\nrdmsr to register 0x140 on vcpu 0\nwrmsr to register 0x140(0) on vcpu 0\nrdmsr to register 0x34 on vcpu 0\nvm exit[3]\nvm exit[1]\n\treason\t\tVMX\n\trip\t\t0xffffffff888d32b6\n\tinst_length\t3\n\tstatus\t\t0\n\texit_reason\t2 (Triple fault)\n\tqualification\t0x0000000000000000\n\tinst_type\t\t0\n\tinst_error\t\t0\nvm exit[2]\n\treason\t\tVMX\n\trip\t\t0xffffffff888d32b6\n\tinst_length\t3\n\tstatus\t\t0\noldtbh2# cat vm-bhyve.log\nJul 20 18:47:55: generated static mac 58:9c:fc:07:82:50 (based on 'talos1:0:1658360875:0')\nJul 20 18:52:13: initialising\nJul 20 18:52:13:  [loader: bhyveload]\nJul 20 18:52:13:  [cpu: 4]\nJul 20 18:52:13:  [memory: 32G]\nJul 20 18:52:13:  [hostbridge: standard]\nJul 20 18:52:13:  [com ports: com1]\nJul 20 18:52:13:  [uuid: 6021864c-0886-11ed-b8fc-0024e8528c61]\nJul 20 18:52:13:  [debug mode: no]\nJul 20 18:52:13:  [primary disk: disk0.img]\nJul 20 18:52:13:  [primary disk dev: file]\nJul 20 18:52:13: initialising network device tap0\nJul 20 18:52:13: adding tap0 -\u003e vm-public (public addm)\nJul 20 18:52:13: bring up tap0 -\u003e vm-public (public addm)\nJul 20 18:52:13: booting\nJul 20 18:52:13: bhyveload -c /dev/nmdm-talos1.1A -m 32G -e autoboot_delay=3 -d /zroot/vm-bhyve/.iso/talos-amd64.iso talos1\nJul 20 18:52:48: fatal; loader returned error 143\nJul 20 18:52:48: destroying network device tap0\nJul 20 18:52:48: stopped\nJul 20 18:54:12: initialising\nJul 20 18:54:12:  [loader: uefi]\nJul 20 18:54:12:  [cpu: 4]\nJul 20 18:54:12:  [memory: 32G]\nJul 20 18:54:12:  [hostbridge: standard]\nJul 20 18:54:12:  [com ports: com1]\nJul 20 18:54:12:  [uuid: 6021864c-0886-11ed-b8fc-0024e8528c61]\nJul 20 18:54:12:  [debug mode: no]\nJul 20 18:54:12:  [primary disk: disk0.img]\nJul 20 18:54:12:  [primary disk dev: file]\nJul 20 18:54:12: fatal; unable to locate firmware /usr/local/share/uefi-firmware/BHYVE_UEFI.fd\nJul 20 18:56:54: initialising\nJul 20 18:56:54:  [loader: uefi]\nJul 20 18:56:54:  [cpu: 4]\nJul 20 18:56:54:  [memory: 32G]\nJul 20 18:56:54:  [hostbridge: standard]\nJul 20 18:56:54:  [com ports: com1]\nJul 20 18:56:54:  [uuid: 6021864c-0886-11ed-b8fc-0024e8528c61]\nJul 20 18:56:54:  [debug mode: no]\nJul 20 18:56:54:  [primary disk: disk0.img]\nJul 20 18:56:54:  [primary disk dev: file]\nJul 20 18:56:54: fatal; unable to locate firmware /usr/local/share/uefi-firmware/BHYVE_UEFI.fd\nJul 20 18:58:00: initialising\nJul 20 18:58:00:  [loader: uefi]\nJul 20 18:58:00:  [cpu: 4]\nJul 20 18:58:00:  [memory: 32G]\nJul 20 18:58:00:  [hostbridge: standard]\nJul 20 18:58:00:  [com ports: com1]\nJul 20 18:58:00:  [uuid: 6021864c-0886-11ed-b8fc-0024e8528c61]\nJul 20 18:58:00:  [debug mode: no]\nJul 20 18:58:00:  [primary disk: disk0.img]\nJul 20 18:58:00:  [primary disk dev: file]\nJul 20 18:58:00: initialising network device tap0\nJul 20 18:58:00: adding tap0 -\u003e vm-public (public addm)\nJul 20 18:58:00: bring up tap0 -\u003e vm-public (public addm)\nJul 20 18:58:00: booting\nJul 20 18:58:00:  [bhyve options: -c 4 -m 32G -Hwl bootrom,/usr/local/share/uefi-firmware/BHYVE_UEFI.fd -U 6021864c-0886-11ed-b8fc-0024e8528c61 -u]\nJul 20 18:58:00:  [bhyve devices: -s 0,hostbridge -s 31,lpc -s 4:0,virtio-blk,/zroot/vm-bhyve/talos1/disk0.img -s 5:0,ahci-cd,/zroot/vm-bhyve/talos1//zroot/vm-bhyve/.iso/talos-amd64.iso -s 6:0,virtio-net,tap0,mac=58:9c:fc:07:82:50]\nJul 20 18:58:00:  [bhyve console: -l com1,/dev/nmdm-talos1.1A]\nJul 20 18:58:00: starting bhyve (run 1)\nJul 20 18:58:00: bhyve exited with status 4\nJul 20 18:58:00: destroying network device tap0\nJul 20 18:58:00: stopped\nJul 20 18:59:02: initialising\nJul 20 18:59:02:  [loader: uefi]\nJul 20 18:59:02:  [cpu: 4]\nJul 20 18:59:02:  [memory: 32G]\nJul 20 18:59:02:  [hostbridge: standard]\nJul 20 18:59:02:  [com ports: com1]\nJul 20 18:59:02:  [uuid: 6021864c-0886-11ed-b8fc-0024e8528c61]\nJul 20 18:59:02:  [debug mode: no]\nJul 20 18:59:02:  [primary disk: disk0.img]\nJul 20 18:59:02:  [primary disk dev: file]\nJul 20 18:59:02: initialising network device tap0\nJul 20 18:59:02: adding tap0 -\u003e vm-public (public addm)\nJul 20 18:59:02: bring up tap0 -\u003e vm-public (public addm)\nJul 20 18:59:02: booting\nJul 20 18:59:02:  [bhyve options: -c 4 -m 32G -Hwl bootrom,/usr/local/share/uefi-firmware/BHYVE_UEFI.fd -U 6021864c-0886-11ed-b8fc-0024e8528c61 -u]\nJul 20 18:59:02:  [bhyve devices: -s 0,hostbridge -s 31,lpc -s 4:0,virtio-blk,/zroot/vm-bhyve/talos1/disk0.img -s 5:0,ahci-cd,/zroot/vm-bhyve/talos1//zroot/vm-bhyve/.iso/talos-amd64.iso -s 6:0,virtio-net,tap0,mac=58:9c:fc:07:82:50]\nJul 20 18:59:02:  [bhyve console: -l com1,/dev/nmdm-talos1.1A]\nJul 20 18:59:02: starting bhyve (run 1)\nJul 20 18:59:02: bhyve exited with status 4\nJul 20 18:59:02: destroying network device tap0\nJul 20 18:59:02: stopped\nJul 20 19:04:59: initialising\nJul 20 19:04:59:  [loader: uefi]\nJul 20 19:04:59:  [cpu: 4]\nJul 20 19:04:59:  [memory: 32G]\nJul 20 19:04:59:  [hostbridge: standard]\nJul 20 19:04:59:  [com ports: com1]\nJul 20 19:04:59:  [uuid: 6021864c-0886-11ed-b8fc-0024e8528c61]\nJul 20 19:04:59:  [debug mode: no]\nJul 20 19:04:59:  [primary disk: disk0.img]\nJul 20 19:04:59:  [primary disk dev: file]\nJul 20 19:04:59: initialising network device tap0\nJul 20 19:04:59: adding tap0 -\u003e vm-public (public addm)\nJul 20 19:04:59: bring up tap0 -\u003e vm-public (public addm)\nJul 20 19:04:59: booting\nJul 20 19:04:59:  [bhyve options: -c 4 -m 32G -Hwl bootrom,/usr/local/share/uefi-firmware/BHYVE_UEFI.fd -U 6021864c-0886-11ed-b8fc-0024e8528c61 -u]\nJul 20 19:04:59:  [bhyve devices: -s 0,hostbridge -s 31,lpc -s 4:0,virtio-blk,/zroot/vm-bhyve/talos1/disk0.img -s 5:0,ahci-cd,/zroot/vm-bhyve/talos1//zroot/vm-bhyve/.iso/talos-amd64.iso -s 6:0,virtio-net,tap0,mac=58:9c:fc:07:82:50]\nJul 20 19:04:59:  [bhyve console: -l com1,/dev/nmdm-talos1.1A]\nJul 20 19:04:59: starting bhyve (run 1)\nJul 20 19:04:59: bhyve exited with status 4\nJul 20 19:04:59: destroying network device tap0\nJul 20 19:05:00: stopped\nJul 20 19:23:42: initialising\nJul 20 19:23:42:  [loader: uefi]\nJul 20 19:23:42:  [cpu: 4]\nJul 20 19:23:42:  [memory: 32G]\nJul 20 19:23:42:  [hostbridge: standard]\nJul 20 19:23:42:  [com ports: com1]\nJul 20 19:23:42:  [uuid: 6021864c-0886-11ed-b8fc-0024e8528c61]\nJul 20 19:23:42:  [debug mode: yes]\nJul 20 19:23:42:  [primary disk: disk0.img]\nJul 20 19:23:42:  [primary disk dev: file]\nJul 20 19:23:42: initialising network device tap0\nJul 20 19:23:42: adding tap0 -\u003e vm-public (public addm)\nJul 20 19:23:42: bring up tap0 -\u003e vm-public (public addm)\nJul 20 19:23:42: booting\nJul 20 19:23:42:  [bhyve options: -c 4 -m 32G -Hwl bootrom,/usr/local/share/uefi-firmware/BHYVE_UEFI.fd -U 6021864c-0886-11ed-b8fc-0024e8528c61 -u]\nJul 20 19:23:42:  [bhyve devices: -s 0,hostbridge -s 31,lpc -s 4:0,virtio-blk,/zroot/vm-bhyve/talos1/disk0.img -s 5:0,ahci-cd,/zroot/vm-bhyve/talos1//zroot/vm-bhyve/.iso/talos-amd64.iso -s 6:0,virtio-net,tap0,mac=58:9c:fc:07:82:50]\nJul 20 19:23:42:  [bhyve console: -l com1,/dev/nmdm-talos1.1A]\nJul 20 19:23:42: starting bhyve (run 1)\nJul 20 19:23:42: bhyve exited with status 4\nJul 20 19:23:42: destroying network device tap0\nJul 20 19:23:42: stopped\nJul 20 19:24:55: initialising\nJul 20 19:24:55:  [loader: uefi]\nJul 20 19:24:55:  [cpu: 4]\nJul 20 19:24:55:  [memory: 32G]\nJul 20 19:24:55:  [hostbridge: standard]\nJul 20 19:24:55:  [com ports: com1]\nJul 20 19:24:55:  [uuid: 6021864c-0886-11ed-b8fc-0024e8528c61]\nJul 20 19:24:55:  [debug mode: yes]\nJul 20 19:24:55:  [primary disk: disk0.img]\nJul 20 19:24:55:  [primary disk dev: file]\nJul 20 19:24:55: initialising network device tap0\nJul 20 19:24:55: adding tap0 -\u003e vm-public (public addm)\nJul 20 19:24:55: bring up tap0 -\u003e vm-public (public addm)\nJul 20 19:24:55: booting\nJul 20 19:24:55:  [bhyve options: -c 4 -m 32G -Hwl bootrom,/usr/local/share/uefi-firmware/BHYVE_UEFI.fd -U 6021864c-0886-11ed-b8fc-0024e8528c61 -u]\nJul 20 19:24:55:  [bhyve devices: -s 0,hostbridge -s 31,lpc -s 4:0,virtio-blk,/zroot/vm-bhyve/talos1/disk0.img -s 5:0,ahci-cd,/zroot/vm-bhyve/talos1/.iso/talos-amd64.iso -s 6:0,virtio-net,tap0,mac=58:9c:fc:07:82:50]\nJul 20 19:24:55:  [bhyve console: -l com1,/dev/nmdm-talos1.1A]\nJul 20 19:24:55: starting bhyve (run 1)\nJul 20 19:24:55: bhyve exited with status 4\nJul 20 19:24:55: destroying network device tap0\nJul 20 19:24:55: stopped\nJul 20 19:25:47: initialising\nJul 20 19:25:47:  [loader: uefi]\nJul 20 19:25:47:  [cpu: 4]\nJul 20 19:25:47:  [memory: 32G]\nJul 20 19:25:47:  [hostbridge: standard]\nJul 20 19:25:47:  [com ports: com1]\nJul 20 19:25:47:  [uuid: 6021864c-0886-11ed-b8fc-0024e8528c61]\nJul 20 19:25:47:  [debug mode: yes]\nJul 20 19:25:47:  [primary disk: disk0.img]\nJul 20 19:25:47:  [primary disk dev: file]\nJul 20 19:25:47: initialising network device tap0\nJul 20 19:25:47: adding tap0 -\u003e vm-public (public addm)\nJul 20 19:25:47: bring up tap0 -\u003e vm-public (public addm)\nJul 20 19:25:47: booting\nJul 20 19:25:47:  [bhyve options: -c 4 -m 32G -Hwl bootrom,/usr/local/share/uefi-firmware/BHYVE_UEFI.fd -U 6021864c-0886-11ed-b8fc-0024e8528c61 -u]\nJul 20 19:25:47:  [bhyve devices: -s 0,hostbridge -s 31,lpc -s 4:0,virtio-blk,/zroot/vm-bhyve/talos1/disk0.img -s 5:0,ahci-cd,/zroot/vm-bhyve/talos1/../.iso/talos-amd64.iso -s 6:0,virtio-net,tap0,mac=58:9c:fc:07:82:50]\nJul 20 19:25:47:  [bhyve console: -l com1,/dev/nmdm-talos1.1A]\nJul 20 19:25:47: starting bhyve (run 1)\nJul 20 19:28:37: bhyve exited with status 0\nJul 20 19:28:37: restarting\nJul 20 19:28:37:  [bhyve options: -c 4 -m 32G -Hwl bootrom,/usr/local/share/uefi-firmware/BHYVE_UEFI.fd -U 6021864c-0886-11ed-b8fc-0024e8528c61 -u]\nJul 20 19:28:37:  [bhyve devices: -s 0,hostbridge -s 31,lpc -s 4:0,virtio-blk,/zroot/vm-bhyve/talos1/disk0.img -s 5:0,ahci-cd,/zroot/vm-bhyve/talos1/../.iso/talos-amd64.iso -s 6:0,virtio-net,tap0,mac=58:9c:fc:07:82:50]\nJul 20 19:28:37:  [bhyve console: -l com1,/dev/nmdm-talos1.1A]\nJul 20 19:28:37: starting bhyve (run 2)\nJul 20 19:30:35: bhyve exited with status 0\nJul 20 19:30:35: restarting\nJul 20 19:30:35:  [bhyve options: -c 4 -m 32G -Hwl bootrom,/usr/local/share/uefi-firmware/BHYVE_UEFI.fd -U 6021864c-0886-11ed-b8fc-0024e8528c61 -u]\nJul 20 19:30:35:  [bhyve devices: -s 0,hostbridge -s 31,lpc -s 4:0,virtio-blk,/zroot/vm-bhyve/talos1/disk0.img -s 5:0,ahci-cd,/zroot/vm-bhyve/talos1/../.iso/talos-amd64.iso -s 6:0,virtio-net,tap0,mac=58:9c:fc:07:82:50]\nJul 20 19:30:35:  [bhyve console: -l com1,/dev/nmdm-talos1.1A]\nJul 20 19:30:35: starting bhyve (run 3)\nJul 20 19:31:00: bhyve exited with status 1\nJul 20 19:31:00: destroying network device tap0\nJul 20 19:31:00: stopped\nJul 20 19:31:14: initialising\nJul 20 19:31:14:  [loader: uefi]\nJul 20 19:31:14:  [cpu: 4]\nJul 20 19:31:14:  [memory: 32G]\nJul 20 19:31:14:  [hostbridge: standard]\nJul 20 19:31:14:  [com ports: com1]\nJul 20 19:31:14:  [uuid: 6021864c-0886-11ed-b8fc-0024e8528c61]\nJul 20 19:31:14:  [debug mode: yes]\nJul 20 19:31:14:  [primary disk: disk0.img]\nJul 20 19:31:14:  [primary disk dev: file]\nJul 20 19:31:14: initialising network device tap0\nJul 20 19:31:14: adding tap0 -\u003e vm-public (public addm)\nJul 20 19:31:14: bring up tap0 -\u003e vm-public (public addm)\nJul 20 19:31:14: booting\nJul 20 19:31:14:  [bhyve options: -c 4 -m 32G -Hwl bootrom,/usr/local/share/uefi-firmware/BHYVE_UEFI.fd -U 6021864c-0886-11ed-b8fc-0024e8528c61 -u]\nJul 20 19:31:14:  [bhyve devices: -s 0,hostbridge -s 31,lpc -s 4:0,virtio-blk,/zroot/vm-bhyve/talos1/disk0.img -s 5:0,virtio-net,tap0,mac=58:9c:fc:07:82:50]\nJul 20 19:31:14:  [bhyve console: -l com1,/dev/nmdm-talos1.1A]\nJul 20 19:31:14: starting bhyve (run 1)\nJul 20 19:31:49: bhyve exited with status 143\nJul 20 19:31:49: destroying network device tap0\nJul 20 19:31:49: stopped\nJul 20 19:32:21: initialising\nJul 20 19:32:21:  [loader: uefi]\nJul 20 19:32:21:  [cpu: 4]\nJul 20 19:32:21:  [memory: 32G]\nJul 20 19:32:21:  [hostbridge: standard]\nJul 20 19:32:21:  [com ports: com1]\nJul 20 19:32:21:  [uuid: 6021864c-0886-11ed-b8fc-0024e8528c61]\nJul 20 19:32:21:  [debug mode: yes]\nJul 20 19:32:21:  [primary disk: disk0.img]\nJul 20 19:32:21:  [primary disk dev: file]\nJul 20 19:32:21: initialising network device tap0\nJul 20 19:32:21: adding tap0 -\u003e vm-public (public addm)\nJul 20 19:32:21: bring up tap0 -\u003e vm-public (public addm)\nJul 20 19:32:21: booting\nJul 20 19:32:21:  [bhyve options: -c 4 -m 32G -Hwl bootrom,/usr/local/share/uefi-firmware/BHYVE_UEFI.fd -U 6021864c-0886-11ed-b8fc-0024e8528c61 -u]\nJul 20 19:32:21:  [bhyve devices: -s 0,hostbridge -s 31,lpc -s 4:0,virtio-blk,/zroot/vm-bhyve/talos1/disk0.img -s 5:0,virtio-net,tap0,mac=58:9c:fc:07:82:50]\nJul 20 19:32:21:  [bhyve console: -l com1,/dev/nmdm-talos1.1A]\nJul 20 19:32:21: starting bhyve (run 1)\nJul 20 19:33:06: bhyve exited with status 1\nJul 20 19:33:06: restarting\nJul 20 19:33:06:  [bhyve options: -c 4 -m 32G -Hwl bootrom,/usr/local/share/uefi-firmware/BHYVE_UEFI.fd -U 6021864c-0886-11ed-b8fc-0024e8528c61 -u]\nJul 20 19:33:06:  [bhyve devices: -s 0,hostbridge -s 31,lpc -s 4:0,virtio-blk,/zroot/vm-bhyve/talos1/disk0.img -s 5:0,virtio-net,tap0,mac=58:9c:fc:07:82:50]\nJul 20 19:33:06:  [bhyve console: -l com1,/dev/nmdm-talos1.1A]\nJul 20 19:33:06: starting bhyve (run 2)\nJul 20 19:33:25: bhyve exited with status 1\nJul 20 19:33:25: destroying network device tap0\nJul 20 19:33:25: stopped\nJul 20 19:34:13: initialising\nJul 20 19:34:13:  [loader: uefi]\nJul 20 19:34:13:  [cpu: 4]\nJul 20 19:34:13:  [memory: 32G]\nJul 20 19:34:13:  [hostbridge: standard]\nJul 20 19:34:13:  [com ports: com1]\nJul 20 19:34:13:  [uuid: 6021864c-0886-11ed-b8fc-0024e8528c61]\nJul 20 19:34:13:  [debug mode: yes]\nJul 20 19:34:13:  [primary disk: disk0.img]\nJul 20 19:34:13:  [primary disk dev: file]\nJul 20 19:34:13: initialising network device tap0\nJul 20 19:34:13: adding tap0 -\u003e vm-public (public addm)\nJul 20 19:34:13: bring up tap0 -\u003e vm-public (public addm)\nJul 20 19:34:13: booting\nJul 20 19:34:13:  [bhyve options: -c 4 -m 32G -Hwl bootrom,/usr/local/share/uefi-firmware/BHYVE_UEFI.fd -U 6021864c-0886-11ed-b8fc-0024e8528c61 -u]\nJul 20 19:34:13:  [bhyve devices: -s 0,hostbridge -s 31,lpc -s 4:0,virtio-blk,/zroot/vm-bhyve/talos1/disk0.img -s 5:0,ahci-cd,/zroot/vm-bhyve/talos1/../.iso/talos-amd64.iso -s 6:0,virtio-net,tap0,mac=58:9c:fc:07:82:50]\nJul 20 19:34:13:  [bhyve console: -l com1,/dev/nmdm-talos1.1A]\nJul 20 19:34:13: starting bhyve (run 1)\nJul 20 19:37:11: bhyve exited with status 0\nJul 20 19:37:11: restarting\nJul 20 19:37:11:  [bhyve options: -c 4 -m 32G -Hwl bootrom,/usr/local/share/uefi-firmware/BHYVE_UEFI.fd -U 6021864c-0886-11ed-b8fc-0024e8528c61 -u]\nJul 20 19:37:11:  [bhyve devices: -s 0,hostbridge -s 31,lpc -s 4:0,virtio-blk,/zroot/vm-bhyve/talos1/disk0.img -s 5:0,ahci-cd,/zroot/vm-bhyve/talos1/../.iso/talos-amd64.iso -s 6:0,virtio-net,tap0,mac=58:9c:fc:07:82:50]\nJul 20 19:37:11:  [bhyve console: -l com1,/dev/nmdm-talos1.1A]\nJul 20 19:37:11: starting bhyve (run 2)\nJul 20 19:42:45: bhyve exited with status 0\nJul 20 19:42:45: restarting\nJul 20 19:42:45:  [bhyve options: -c 4 -m 32G -Hwl bootrom,/usr/local/share/uefi-firmware/BHYVE_UEFI.fd -U 6021864c-0886-11ed-b8fc-0024e8528c61 -u]\nJul 20 19:42:45:  [bhyve devices: -s 0,hostbridge -s 31,lpc -s 4:0,virtio-blk,/zroot/vm-bhyve/talos1/disk0.img -s 5:0,ahci-cd,/zroot/vm-bhyve/talos1/../.iso/talos-amd64.iso -s 6:0,virtio-net,tap0,mac=58:9c:fc:07:82:50]\nJul 20 19:42:45:  [bhyve console: -l com1,/dev/nmdm-talos1.1A]\nJul 20 19:42:45: starting bhyve (run 3)\nJul 20 19:45:52: bhyve exited with status 0\nJul 20 19:45:52: restarting\nJul 20 19:45:52:  [bhyve options: -c 4 -m 32G -Hwl bootrom,/usr/local/share/uefi-firmware/BHYVE_UEFI.fd -U 6021864c-0886-11ed-b8fc-0024e8528c61 -u]\nJul 20 19:45:52:  [bhyve devices: -s 0,hostbridge -s 31,lpc -s 4:0,virtio-blk,/zroot/vm-bhyve/talos1/disk0.img -s 5:0,ahci-cd,/zroot/vm-bhyve/talos1/../.iso/talos-amd64.iso -s 6:0,virtio-net,tap0,mac=58:9c:fc:07:82:50]\nJul 20 19:45:52:  [bhyve console: -l com1,/dev/nmdm-talos1.1A]\nJul 20 19:45:52: starting bhyve (run 4)\nJul 20 19:46:48: bhyve exited with status 0\nJul 20 19:46:48: restarting\nJul 20 19:46:48:  [bhyve options: -c 4 -m 32G -Hwl bootrom,/usr/local/share/uefi-firmware/BHYVE_UEFI.fd -U 6021864c-0886-11ed-b8fc-0024e8528c61 -u]\nJul 20 19:46:48:  [bhyve devices: -s 0,hostbridge -s 31,lpc -s 4:0,virtio-blk,/zroot/vm-bhyve/talos1/disk0.img -s 5:0,ahci-cd,/zroot/vm-bhyve/talos1/../.iso/talos-amd64.iso -s 6:0,virtio-net,tap0,mac=58:9c:fc:07:82:50]\nJul 20 19:46:48:  [bhyve console: -l com1,/dev/nmdm-talos1.1A]\nJul 20 19:46:48: starting bhyve (run 5)\nJul 20 20:02:33: bhyve exited with status 1\nJul 20 20:02:33: destroying network device tap0\nJul 20 20:02:33: stopped\nJul 20 20:02:53: initialising\nJul 20 20:02:53:  [loader: uefi]\nJul 20 20:02:53:  [cpu: 4]\nJul 20 20:02:53:  [memory: 32G]\nJul 20 20:02:53:  [hostbridge: standard]\nJul 20 20:02:53:  [com ports: com1]\nJul 20 20:02:53:  [uuid: 6021864c-0886-11ed-b8fc-0024e8528c61]\nJul 20 20:02:53:  [debug mode: yes]\nJul 20 20:02:53:  [primary disk: disk0.img]\nJul 20 20:02:53:  [primary disk dev: file]\nJul 20 20:02:53: initialising network device tap0\nJul 20 20:02:53: adding tap0 -\u003e vm-public (public addm)\nJul 20 20:02:53: bring up tap0 -\u003e vm-public (public addm)\nJul 20 20:02:53: booting\nJul 20 20:02:53:  [bhyve options: -c 4 -m 32G -Hwl bootrom,/usr/local/share/uefi-firmware/BHYVE_UEFI.fd -U 6021864c-0886-11ed-b8fc-0024e8528c61 -u]\nJul 20 20:02:53:  [bhyve devices: -s 0,hostbridge -s 31,lpc -s 4:0,virtio-blk,/zroot/vm-bhyve/talos1/disk0.img -s 5:0,virtio-net,tap0,mac=58:9c:fc:07:82:50]\nJul 20 20:02:53:  [bhyve console: -l com1,/dev/nmdm-talos1.1A]\nJul 20 20:02:53: starting bhyve (run 1)\nJul 20 20:08:25: bhyve exited with status 134\nJul 20 20:08:25: destroying network device tap0\nJul 20 20:08:25: stopped\nJul 20 20:11:46: initialising\nJul 20 20:11:46:  [loader: uefi]\nJul 20 20:11:46:  [cpu: 4]\nJul 20 20:11:46:  [memory: 32G]\nJul 20 20:11:46:  [hostbridge: standard]\nJul 20 20:11:46:  [com ports: com1]\nJul 20 20:11:46:  [uuid: 6021864c-0886-11ed-b8fc-0024e8528c61]\nJul 20 20:11:46:  [debug mode: yes]\nJul 20 20:11:46:  [primary disk: disk0.img]\nJul 20 20:11:46:  [primary disk dev: file]\nJul 20 20:11:46: initialising network device tap0\nJul 20 20:11:46: adding tap0 -\u003e vm-public (public addm)\nJul 20 20:11:46: bring up tap0 -\u003e vm-public (public addm)\nJul 20 20:11:46: booting\nJul 20 20:11:46:  [bhyve options: -c 4 -m 32G -Hwl bootrom,/usr/local/share/uefi-firmware/BHYVE_UEFI.fd -U 6021864c-0886-11ed-b8fc-0024e8528c61 -u]\nJul 20 20:11:46:  [bhyve devices: -s 0,hostbridge -s 31,lpc -s 4:0,virtio-blk,/zroot/vm-bhyve/talos1/disk0.img -s 5:0,virtio-net,tap0,mac=58:9c:fc:07:82:50]\nJul 20 20:11:46:  [bhyve console: -l com1,/dev/nmdm-talos1.1A]\nJul 20 20:11:46: starting bhyve (run 1)\nJul 20 20:11:47: bhyve exited with status 4\nJul 20 20:11:47: destroying network device tap0\nJul 20 20:11:47: stopped\nJul 20 21:38:36: initialising\nJul 20 21:38:36:  [loader: uefi]\nJul 20 21:38:36:  [cpu: 4]\nJul 20 21:38:36:  [memory: 32G]\nJul 20 21:38:36:  [hostbridge: amd]\nJul 20 21:38:36:  [com ports: com1]\nJul 20 21:38:36:  [uuid: 6021864c-0886-11ed-b8fc-0024e8528c61]\nJul 20 21:38:36:  [debug mode: yes]\nJul 20 21:38:36:  [primary disk: disk0.img]\nJul 20 21:38:36:  [primary disk dev: file]\nJul 20 21:38:36: initialising network device tap0\nJul 20 21:38:36: adding tap0 -\u003e vm-public (public addm)\nJul 20 21:38:36: bring up tap0 -\u003e vm-public (public addm)\nJul 20 21:38:36: booting\nJul 20 21:38:36:  [bhyve options: -c 4 -m 32G -Hwl bootrom,/usr/local/share/uefi-firmware/BHYVE_UEFI.fd -U 6021864c-0886-11ed-b8fc-0024e8528c61 -u]\nJul 20 21:38:36:  [bhyve devices: -s 0,amd_hostbridge -s 31,lpc -s 4:0,virtio-blk,/zroot/vm-bhyve/talos1/disk0.img -s 5:0,virtio-net,tap0,mac=58:9c:fc:07:82:50 -s 6:0,xhci,tablet]\nJul 20 21:38:36:  [bhyve console: -l com1,/dev/nmdm-talos1.1A]\nJul 20 21:38:36: starting bhyve (run 1)\nJul 20 21:38:36: bhyve exited with status 4\nJul 20 21:38:36: destroying network device tap0\nJul 20 21:38:36: stopped\nJul 20 21:44:40: initialising\nJul 20 21:44:40:  [loader: uefi]\nJul 20 21:44:40:  [cpu: 4]\nJul 20 21:44:40:  [memory: 32G]\nJul 20 21:44:40:  [hostbridge: amd]\nJul 20 21:44:40:  [com ports: com1]\nJul 20 21:44:40:  [uuid: 6021864c-0886-11ed-b8fc-0024e8528c61]\nJul 20 21:44:40:  [debug mode: yes]\nJul 20 21:44:40:  [primary disk: disk0.img]\nJul 20 21:44:40:  [primary disk dev: file]\nJul 20 21:44:40: initialising network device tap0\nJul 20 21:44:40: adding tap0 -\u003e vm-public (public addm)\nJul 20 21:44:40: bring up tap0 -\u003e vm-public (public addm)\nJul 20 21:44:40: booting\nJul 20 21:44:40:  [bhyve options: -c 4 -m 32G -Hwl bootrom,/usr/local/share/uefi-firmware/BHYVE_UEFI.fd -U 6021864c-0886-11ed-b8fc-0024e8528c61 -u]\nJul 20 21:44:40:  [bhyve devices: -s 0,amd_hostbridge -s 31,lpc -s 4:0,virtio-blk,/zroot/vm-bhyve/talos1/disk0.img -s 5:0,virtio-net,tap0,mac=58:9c:fc:07:82:50 -s 6:0,xhci,tablet]\nJul 20 21:44:40:  [bhyve console: -l com1,/dev/nmdm-talos1.1A]\nJul 20 21:44:40: starting bhyve (run 1)\nJul 20 21:49:02: bhyve exited with status 134\nJul 20 21:49:02: destroying network device tap0\nJul 20 21:49:02: stopped\noldtbh2# cat talos1.conf\ndebug=\"yes\"\nloader=\"uefi\"\ncpu=4\nmemory=32G\nnetwork0_type=\"virtio-net\"\nnetwork0_switch=\"public\"\ndisk0_type=\"virtio-blk\"\ndisk0_name=\"disk0.img\"\nuuid=\"6021864c-0886-11ed-b8fc-0024e8528c61\"\nnetwork0_mac=\"58:9c:fc:07:82:50\"\n#disk1_type=\"ahci-cd\"\n#disk1_name=\"../.iso/talos-amd64.iso\"\n#######\nhostbridge=\"amd\"\ngraphics_port=\"5900\"\ngraphics_res=\"1024x768\"\ngraphics_vga=\"off\"\nxhci_mouse=\"yes\"\nutctime=\"yes\"\noldtbh2#"
}