{
 "id": 422509,
 "bug_id": 118962,
 "attachment_id": 0,
 "creation_time": "2007-12-23T03:39:16Z",
 "creator": "tundra@tundraware.com",
 "text": "Remko Lodder wrote:\n\u003e Tim Daneliuk wrote:\n\u003e \n\u003e Please submit an pciconf -vl and where possible an dmesg -v, and kldstat\n\u003e -v (I think you either need to load the module or build the support in\n\u003e your kernel if you have an drm card to load with agp, from what I know\n\u003e this is not being done automatically).\n\nThe kernel conf has the agp option in it because it includes the SMP\nconf, which, in turn includes the GENERIC conf, which has\n'device agp' in it.   Do I need to do something more than this?\n\n\u003e \n\u003e Please reply-all when you have this information, mostly it works best if\n\u003e you paste the information in your email (attachements gets filtered out\n\u003e every now and then).\n\u003e \n\u003e Thanks for using FreeBSD and for the information in advance!\n\u003e \n\u003e Cheers\n\u003e remko\n\u003e \n\nHere you go:\n\n~\u003epciconf -vl\nhostb0@pci0:0:0:\tclass=0x060000 card=0x53548086 chip=0x29708086 rev=0x02 hdr=0x00\n     vendor     = 'Intel Corporation'\n     device     = '946GZ/PL/GL Processor to I/O Controller'\n     class      = bridge\n     subclass   = HOST-PCI\nnone0@pci0:2:0:\tclass=0x030000 card=0x53548086 chip=0x29728086 rev=0x02 hdr=0x00\n     vendor     = 'Intel Corporation'\n     device     = '946GZ/GL Integrated Graphics Controller'\n     class      = display\n     subclass   = VGA\nnone1@pci0:27:0:\tclass=0x040300 card=0xa2018086 chip=0x27d88086 rev=0x01 hdr=0x00\n     vendor     = 'Intel Corporation'\n     device     = '82801G (ICH7 Family) High Definition Audio'\n     class      = multimedia\npcib1@pci0:28:0:\tclass=0x060400 card=0x00000000 chip=0x27d08086 rev=0x01 hdr=0x01\n     vendor     = 'Intel Corporation'\n     device     = '82801G (ICH7 Family) PCIe Root Port'\n     class      = bridge\n     subclass   = PCI-PCI\npcib2@pci0:28:2:\tclass=0x060400 card=0x00000000 chip=0x27d48086 rev=0x01 hdr=0x01\n     vendor     = 'Intel Corporation'\n     device     = '82801G (ICH7 Family) PCIe Root Port'\n     class      = bridge\n     subclass   = PCI-PCI\npcib3@pci0:28:3:\tclass=0x060400 card=0x00000000 chip=0x27d68086 rev=0x01 hdr=0x01\n     vendor     = 'Intel Corporation'\n     device     = '82801G (ICH7 Family) PCIe Root Port'\n     class      = bridge\n     subclass   = PCI-PCI\nuhci0@pci0:29:0:\tclass=0x0c0300 card=0x53548086 chip=0x27c88086 rev=0x01 hdr=0x00\n     vendor     = 'Intel Corporation'\n     device     = '82801G (ICH7 Family) USB Universal Host Controller'\n     class      = serial bus\n     subclass   = USB\nuhci1@pci0:29:1:\tclass=0x0c0300 card=0x53548086 chip=0x27c98086 rev=0x01 hdr=0x00\n     vendor     = 'Intel Corporation'\n     device     = '82801G (ICH7 Family) USB Universal Host Controller'\n     class      = serial bus\n     subclass   = USB\nuhci2@pci0:29:2:\tclass=0x0c0300 card=0x53548086 chip=0x27ca8086 rev=0x01 hdr=0x00\n     vendor     = 'Intel Corporation'\n     device     = '82801G (ICH7 Family) USB Universal Host Controller'\n     class      = serial bus\n     subclass   = USB\nuhci3@pci0:29:3:\tclass=0x0c0300 card=0x53548086 chip=0x27cb8086 rev=0x01 hdr=0x00\n     vendor     = 'Intel Corporation'\n     device     = '82801G (ICH7 Family) USB Universal Host Controller'\n     class      = serial bus\n     subclass   = USB\nehci0@pci0:29:7:\tclass=0x0c0320 card=0x53548086 chip=0x27cc8086 rev=0x01 hdr=0x00\n     vendor     = 'Intel Corporation'\n     device     = '82801G (ICH7 Family) USB 2.0 Enhanced Host Controller'\n     class      = serial bus\n     subclass   = USB\npcib4@pci0:30:0:\tclass=0x060401 card=0x53548086 chip=0x244e8086 rev=0xe1 hdr=0x01\n     vendor     = 'Intel Corporation'\n     device     = '82801 Family (ICH2/3/4/4/5/5/6/7/8/9,63xxESB) Hub Interface \nto PCI Bridge'\n     class      = bridge\n     subclass   = PCI-PCI\nisab0@pci0:31:0:\tclass=0x060100 card=0x53548086 chip=0x27b88086 rev=0x01 hdr=0x00\n     vendor     = 'Intel Corporation'\n     device     = '945GL Intel 82801GB/GR (ICH7 Family) LPC Interface \nController - 27B8'\n     class      = bridge\n     subclass   = PCI-ISA\natapci0@pci0:31:1:\tclass=0x01018a card=0x53548086 chip=0x27df8086 rev=0x01 hdr=0x00\n     vendor     = 'Intel Corporation'\n     device     = '82801G (ICH7 Family) Ultra ATA Storage Controller'\n     class      = mass storage\n     subclass   = ATA\natapci1@pci0:31:2:\tclass=0x01018f card=0x53548086 chip=0x27c08086 rev=0x01 hdr=0x00\n     vendor     = 'Intel Corporation'\n     device     = '82801GB/GR/GH (ICH7 Family) Serial ATA Storage Controller'\n     class      = mass storage\n     subclass   = ATA\nnone2@pci0:31:3:\tclass=0x0c0500 card=0x53548086 chip=0x27da8086 rev=0x01 hdr=0x00\n     vendor     = 'Intel Corporation'\n     device     = '82801G (ICH7 Family) SMBus Controller'\n     class      = serial bus\n     subclass   = SMBus\nxl0@pci4:0:0:\tclass=0x020000 card=0x905510b7 chip=0x905510b7 rev=0x30 hdr=0x00\n     vendor     = '3COM Corp, Networking Division'\n     device     = '3C905-TX Fast Etherlink 10/100 PCI TX NIC'\n     class      = network\n     subclass   = ethernet\nahc0@pci4:1:0:\tclass=0x010000 card=0x00000000 chip=0x81789004 rev=0x00 hdr=0x00\n     vendor     = 'Adaptec Inc'\n     device     = 'AHA-2940U/UW/2940D Ultra/Ultra Wide/Dual SCSI Host Adapter'\n     class      = mass storage\n     subclass   = SCSI\nfxp0@pci4:8:0:\tclass=0x020000 card=0x00018086 chip=0x10948086 rev=0x01 hdr=0x00\n     vendor     = 'Intel Corporation'\n     device     = 'PRO/100 VE Network Connection'\n     class      = network\n     subclass   = ethernet\n\n~\u003edmesg -v\ndmesg: illegal option -- v\nusage: dmesg [-a] [-M core [-N system]]\n\n~\u003edmesg\nCopyright (c) 1992-2007 The FreeBSD Project.\nCopyright (c) 1979, 1980, 1983, 1986, 1988, 1989, 1991, 1992, 1993, 1994\n\tThe Regents of the University of California. All rights reserved.\nFreeBSD is a registered trademark of The FreeBSD Foundation.\nFreeBSD 6.3-PRERELEASE #5: Sat Dec 22 10:33:24 CST 2007\n     toor@ozzie.tundraware.com:/usr/obj/usr/src/sys/OZZIE\nTimecounter \"i8254\" frequency 1193182 Hz quality 0\nCPU: Intel(R) Pentium(R) D CPU 3.20GHz (3196.83-MHz 686-class CPU)\n   Origin = \"GenuineIntel\"  Id = 0xf64  Stepping = 4\n \nFeatures=0xbfebfbff\u003cFPU,VME,DE,PSE,TSC,MSR,PAE,MCE,CX8,APIC,SEP,MTRR,PGE,MCA,CMOV,PAT,PSE36,CLFLUSH,DTS,ACPI,MMX,FXSR,SSE,SSE2,SS,HTT,TM,PBE\u003e\n   Features2=0xe4bd\u003cSSE3,RSVD2,MON,DS_CPL,VMX,EST,CNXT-ID,CX16,xTPR,PDCM\u003e\n   AMD Features=0x20100000\u003cNX,LM\u003e\n   AMD Features2=0x1\u003cLAHF\u003e\n   Cores per package: 2\nreal memory  = 2137681920 (2038 MB)\navail memory = 2081726464 (1985 MB)\nACPI APIC Table: \u003cINTEL  D946GZIS\u003e\nFreeBSD/SMP: Multiprocessor System Detected: 2 CPUs\n  cpu0 (BSP): APIC ID:  0\n  cpu1 (AP): APIC ID:  1\nioapic0: Changing APIC ID to 2\nioapic0 \u003cVersion 2.0\u003e irqs 0-23 on motherboard\nkbd1 at kbdmux0\nath_hal: 0.9.20.3 (AR5210, AR5211, AR5212, RF5111, RF5112, RF2413, RF5413)\nhptrr: HPT RocketRAID controller driver v1.1 (Dec 22 2007 10:32:33)\nacpi0: \u003cINTEL D946GZIS\u003e on motherboard\nacpi0: Power Button (fixed)\nTimecounter \"ACPI-fast\" frequency 3579545 Hz quality 1000\nacpi_timer0: \u003c24-bit timer at 3.579545MHz\u003e port 0x408-0x40b on acpi0\nacpi_hpet0: \u003cHigh Precision Event Timer\u003e iomem 0xfed00000-0xfed003ff on acpi0\nTimecounter \"HPET\" frequency 14318180 Hz quality 900\ncpu0: \u003cACPI CPU\u003e on acpi0\nacpi_throttle0: \u003cACPI CPU Throttling\u003e on cpu0\ncpu1: \u003cACPI CPU\u003e on acpi0\nacpi_throttle1: \u003cACPI CPU Throttling\u003e on cpu1\nacpi_throttle1: failed to attach P_CNT\ndevice_attach: acpi_throttle1 attach returned 6\nacpi_button0: \u003cSleep Button\u003e on acpi0\npcib0: \u003cACPI Host-PCI bridge\u003e port 0xcf8-0xcff on acpi0\npci0: \u003cACPI PCI bus\u003e on pcib0\npci0: \u003cdisplay, VGA\u003e at device 2.0 (no driver attached)\npci0: \u003cmultimedia\u003e at device 27.0 (no driver attached)\npcib1: \u003cACPI PCI-PCI bridge\u003e at device 28.0 on pci0\npci1: \u003cACPI PCI bus\u003e on pcib1\npcib2: \u003cACPI PCI-PCI bridge\u003e at device 28.2 on pci0\npci2: \u003cACPI PCI bus\u003e on pcib2\npcib3: \u003cACPI PCI-PCI bridge\u003e at device 28.3 on pci0\npci3: \u003cACPI PCI bus\u003e on pcib3\nuhci0: \u003cUHCI (generic) USB controller\u003e port 0x2080-0x209f irq 23 at device 29.0 \non pci0\nuhci0: [GIANT-LOCKED]\nusb0: \u003cUHCI (generic) USB controller\u003e on uhci0\nusb0: USB revision 1.0\nuhub0: Intel UHCI root hub, class 9/0, rev 1.00/1.00, addr 1\nuhub0: 2 ports with 2 removable, self powered\nuhci1: \u003cUHCI (generic) USB controller\u003e port 0x2060-0x207f irq 19 at device 29.1 \non pci0\nuhci1: [GIANT-LOCKED]\nusb1: \u003cUHCI (generic) USB controller\u003e on uhci1\nusb1: USB revision 1.0\nuhub1: Intel UHCI root hub, class 9/0, rev 1.00/1.00, addr 1\nuhub1: 2 ports with 2 removable, self powered\nuhci2: \u003cUHCI (generic) USB controller\u003e port 0x2040-0x205f irq 18 at device 29.2 \non pci0\nuhci2: [GIANT-LOCKED]\nusb2: \u003cUHCI (generic) USB controller\u003e on uhci2\nusb2: USB revision 1.0\nuhub2: Intel UHCI root hub, class 9/0, rev 1.00/1.00, addr 1\nuhub2: 2 ports with 2 removable, self powered\nuhci3: \u003cUHCI (generic) USB controller\u003e port 0x2020-0x203f irq 16 at device 29.3 \non pci0\nuhci3: [GIANT-LOCKED]\nusb3: \u003cUHCI (generic) USB controller\u003e on uhci3\nusb3: USB revision 1.0\nuhub3: Intel UHCI root hub, class 9/0, rev 1.00/1.00, addr 1\nuhub3: 2 ports with 2 removable, self powered\nehci0: \u003cIntel 82801GB/R (ICH7) USB 2.0 controller\u003e mem 0x90204400-0x902047ff \nirq 23 at device 29.7 on pci0\nehci0: [GIANT-LOCKED]\nusb4: EHCI version 1.0\nusb4: companion controllers, 2 ports each: usb0 usb1 usb2 usb3\nusb4: \u003cIntel 82801GB/R (ICH7) USB 2.0 controller\u003e on ehci0\nusb4: USB revision 2.0\nuhub4: Intel EHCI root hub, class 9/0, rev 2.00/1.00, addr 1\nuhub4: 8 ports with 8 removable, self powered\numass0: Generic Mass Storage Device, rev 2.00/1.10, addr 2\npcib4: \u003cACPI PCI-PCI bridge\u003e at device 30.0 on pci0\npci4: \u003cACPI PCI bus\u003e on pcib4\nxl0: \u003c3Com 3c905B-TX Fast Etherlink XL\u003e port 0x1100-0x117f mem \n0x90002000-0x9000207f irq 21 at device 0.0 on pci4\nmiibus0: \u003cMII bus\u003e on xl0\nxlphy0: \u003c3Com internal media interface\u003e on miibus0\nxlphy0:  10baseT, 10baseT-FDX, 100baseTX, 100baseTX-FDX, auto\nxl0: Ethernet address: 00:50:04:13:44:c0\nahc0: \u003cAdaptec 2940 Ultra SCSI adapter\u003e port 0x1000-0x10ff mem \n0x90001000-0x90001fff irq 22 at device 1.0 on pci4\nahc0: [GIANT-LOCKED]\naic7880: Ultra Wide Channel A, SCSI Id=7, 16/253 SCBs\nfxp0: \u003cIntel Pro/100 946GZ (ICH7) Network Connection\u003e port 0x1180-0x11bf mem \n0x90000000-0x90000fff irq 20 at device 8.0 on pci4\nmiibus1: \u003cMII bus\u003e on fxp0\nukphy0: \u003cGeneric IEEE 802.3u media interface\u003e on miibus1\nukphy0:  10baseT, 10baseT-FDX, 100baseTX, 100baseTX-FDX, auto\nfxp0: Ethernet address: 00:19:d1:45:6a:f5\nisab0: \u003cPCI-ISA bridge\u003e at device 31.0 on pci0\nisa0: \u003cISA bus\u003e on isab0\natapci0: \u003cIntel ICH7 UDMA100 controller\u003e port \n0x1f0-0x1f7,0x3f6,0x170-0x177,0x376,0x20b0-0x20bf irq 18 at device 31.1 on pci0\nata0: \u003cATA channel 0\u003e on atapci0\nata1: \u003cATA channel 1\u003e on atapci0\natapci1: \u003cIntel ICH7 SATA300 controller\u003e port \n0x20c8-0x20cf,0x20ec-0x20ef,0x20c0-0x20c7,0x20e8-0x20eb,0x20a0-0x20af mem \n0x90204000-0x902043ff irq 19 at device 31.2 on pci0\nata2: \u003cATA channel 0\u003e on atapci1\nata3: \u003cATA channel 1\u003e on atapci1\npci0: \u003cserial bus, SMBus\u003e at device 31.3 (no driver attached)\nppc0: \u003cECP parallel printer port\u003e port 0x378-0x37f,0x778-0x77f irq 7 on acpi0\nppc0: Generic chipset (ECP/PS2/NIBBLE) in COMPATIBLE mode\nppc0: FIFO with 16/16/8 bytes threshold\nppbus0: \u003cParallel port bus\u003e on ppc0\nplip0: \u003cPLIP network interface\u003e on ppbus0\nlpt0: \u003cPrinter\u003e on ppbus0\nlpt0: Interrupt-driven port\nppi0: \u003cParallel I/O\u003e on ppbus0\natkbdc0: \u003cKeyboard controller (i8042)\u003e port 0x60,0x64 irq 1 on acpi0\natkbd0: \u003cAT Keyboard\u003e irq 1 on atkbdc0\nkbd0 at atkbd0\natkbd0: [GIANT-LOCKED]\npsm0: \u003cPS/2 Mouse\u003e irq 12 on atkbdc0\npsm0: [GIANT-LOCKED]\npsm0: model IntelliMouse Explorer, device ID 4\nsio0: \u003c16550A-compatible COM port\u003e port 0x3f8-0x3ff irq 4 flags 0x10 on acpi0\nsio0: type 16550A\npmtimer0 on isa0\nsc0: \u003cSystem console\u003e at flags 0x100 on isa0\nsc0: VGA \u003c16 virtual consoles, flags=0x300\u003e\nsio1: configured irq 3 not in bitmap of probed irqs 0\nsio1: port may not be enabled\nvga0: \u003cGeneric ISA VGA\u003e at port 0x3c0-0x3df iomem 0xa0000-0xbffff on isa0\nTimecounters tick every 1.000 msec\nipfw2 (+ipv6) initialized, divert enabled, rule-based forwarding disabled, \ndefault to deny, logging disabled\nhptrr: no controller detected.\nacd0: DVDR \u003cDVD DC DQ60/MRCC\u003e at ata0-slave UDMA66\nad4: 238475MB \u003cWDC WD2500JS-00NCB1 10.02E02\u003e at ata2-master SATA150\nWaiting 5 seconds for SCSI devices to settle\nsa0 at ahc0 bus 0 target 5 lun 0\nsa0: \u003cARCHIVE Python 28388-XXX 5.AC\u003e Removable Sequential Access SCSI-2 device\nsa0: 7.812MB/s transfers (7.812MHz, offset 15)\nSMP: AP CPU #1 Launched!\nda0 at umass-sim0 bus 0 target 0 lun 0\nda0: \u003cGeneric USB SD Reader 1.00\u003e Removable Direct Access SCSI-0 device\nda0: 40.000MB/s transfers\nda0: Attempt to query device size failed: NOT READY, Medium not present\nda1 at umass-sim0 bus 0 target 0 lun 1\nda1: \u003cGeneric USB CF Reader 1.01\u003e Removable Direct Access SCSI-0 device\nda1: 40.000MB/s transfers\nda1: Attempt to query device size failed: NOT READY, Medium not present\nda2 at umass-sim0 bus 0 target 0 lun 2\nda2: \u003cGeneric USB SM Reader 1.02\u003e Removable Direct Access SCSI-0 device\nda2: 40.000MB/s transfers\nda2: Attempt to query device size failed: NOT READY, Medium not present\nda3 at umass-sim0 bus 0 target 0 lun 3\nda3: \u003cGeneric USB MS Reader 1.03\u003e Removable Direct Access SCSI-0 device\nda3: 40.000MB/s transfers\nda3: Attempt to query device size failed: NOT READY, Medium not present\nTrying to mount root from ufs:/dev/ad4s1a\nnetsmb_dev: loaded\n\n~\u003ekldstat -v\nId Refs Address    Size     Name\n  1    7 0xc0400000 7c4b2c   kernel\n\tContains modules:\n\t\tId Name\n\t\t21 xpt\n\t\t22 probe\n\t\t23 cam\n\t\t24 cd\n\t\t25 ch\n\t\t26 da\n\t\t27 scsi_low\n\t\t28 pass\n\t\t29 sa\n\t\t30 ses\n\t\t31 aac/aacp\n\t\t32 aac/aacd\n\t\t33 pci/aac\n\t\t34 pci/aacch\n\t\t35 eisa/adv\n\t\t36 pci/adv\n\t\t37 pci/adw\n\t\t38 isa/aha\n\t\t39 eisa/ahb\n\t\t40 pccard/aic\n\t\t41 eisa/ahc_eisa\n\t\t42 isa/ahc_isa\n\t\t43 pci/ahc_pci\n\t\t44 cardbus/ahc_pci\n\t\t45 pci/ahd\n\t\t46 cardbus/ahd\n\t\t47 ahd\n\t\t48 ahc\n\t\t49 pci/amd\n\t\t50 amr/amrd\n\t\t51 pci/amr\n\t\t52 isa/an\n\t\t53 pccard/an\n\t\t54 pci/an\n\t\t55 pci/asr\n\t\t56 ata\n\t\t57 pccard/ata\n\t\t58 ata/ad\n\t\t59 isa/ata\n\t\t60 pci/atapci\n\t\t61 atapci/ata\n\t\t62 ad/subdisk\n\t\t63 ataraid\n\t\t64 ata/acd\n\t\t65 ata/afd\n\t\t66 ata/ast\n\t\t67 ath_hal\n\t\t68 ath_rate\n\t\t69 pci/if_ath\n\t\t70 cardbus/if_ath\n\t\t71 pccard/awi\n\t\t72 pci/bce\n\t\t73 bce/miibus\n\t\t74 pci/bfe\n\t\t75 bfe/miibus\n\t\t76 pci/bge\n\t\t77 bge/miibus\n\t\t78 eisa/bt\n\t\t79 isa/bt\n\t\t80 pci/bt\n\t\t81 cbb/cardbus\n\t\t82 pci/ciss\n\t\t83 isa/cs\n\t\t84 pccard/cs\n\t\t85 eisa/dpt\n\t\t86 pci/dpt\n\t\t87 pccard/ed\n\t\t88 ed/miibus\n\t\t89 pci/ed\n\t\t90 eisa/mainboard\n\t\t91 eisab/eisa\n\t\t92 legacy/eisa\n\t\t93 pci/em\n\t\t94 eisa/ep\n\t\t95 isa/ep\n\t\t96 pccard/ep\n\t\t97 isa/ex\n\t\t98 exca\n\t\t99 pccard/fe\n\t\t100 fwohci/firewire\n\t\t101 pci/fwohci\n\t\t102 cardbus/fwohci\n\t\t103 firewire/fwe\n\t\t104 firewire/sbp\n\t\t105 pci/fxp\n\t\t106 cardbus/fxp\n\t\t107 fxp/miibus\n\t\t108 ida/idad\n\t\t109 eisa/ida\n\t\t110 pci/ida\n\t\t111 isa/ie_3C507\n\t\t112 isa/ie_EE16\n\t\t113 isa/ie_SL\n\t\t114 pci/iir\n\t\t115 ips/ipsd\n\t\t116 pci/ips\n\t\t117 pci/isp\n\t\t118 pci/if_ixgb\n\t\t119 kbdmux\n\t\t120 pci/lge\n\t\t121 lge/miibus\n\t\t122 pci/lnc\n\t\t123 g_md\n\t\t124 mem\n\t\t125 pci/mfi\n\t\t126 mfi/mfid\n\t\t127 miibus/acphy\n\t\t128 miibus/amphy\n\t\t129 miibus/bmtphy\n\t\t130 miibus/brgphy\n\t\t131 miibus/ciphy\n\t\t132 miibus/dcphy\n\t\t133 miibus/e1000phy\n\t\t134 miibus/xlphy\n\t\t135 miibus/gentbi\n\t\t136 miibus/inphy\n\t\t137 miibus/ip1000phy\n\t\t138 miibus/lxtphy\n\t\t139 miibus/mlphy\n\t\t140 miibus/nsgphy\n\t\t141 miibus/nsphy\n\t\t142 miibus/pnaphy\n\t\t143 miibus/pnphy\n\t\t144 miibus/qsphy\n\t\t145 miibus/rgephy\n\t\t146 miibus/rlphy\n\t\t147 miibus/ruephy\n\t\t148 miibus/tdkphy\n\t\t149 miibus/tlphy\n\t\t150 miibus/ukphy\n\t\t151 miibus/xmphy\n\t\t152 mlx/mlxd\n\t\t153 pci/mlx\n\t\t154 pci/mly\n\t\t155 mpt_core\n\t\t156 mpt_cam\n\t\t157 pci/mpt\n\t\t158 mpt_raid\n\t\t159 pci/mskc\n\t\t160 mskc/msk\n\t\t161 msk/miibus\n\t\t162 pccard/ncv\n\t\t163 pci/nge\n\t\t164 nge/miibus\n\t\t165 pccard/nsp\n\t\t166 null\n\t\t167 pcic/pccard\n\t\t168 cbb/pccard\n\t\t169 isa/cbb\n\t\t170 pci/cbb\n\t\t171 pci/eisab\n\t\t172 pci/fixup_pci\n\t\t173 pci/ignore_pci\n\t\t174 pci/isab\n\t\t175 pcib/pci\n\t\t176 pci/pcib\n\t\t177 ppbus/plip\n\t\t178 ppbus/lpt\n\t\t179 ppc/ppbus\n\t\t180 ppbus/ppi\n\t\t181 pci/pstpci\n\t\t182 pstpci/pst\n\t\t183 pci/ral\n\t\t184 cardbus/ral\n\t\t185 random\n\t\t186 pci/re\n\t\t187 cardbus/re\n\t\t188 re/miibus\n\t\t189 pccard/sio\n\t\t190 pci/sio\n\t\t191 cardbus/sio\n\t\t192 pci/skc\n\t\t193 skc/sk\n\t\t194 sk/miibus\n\t\t195 isa/sn\n\t\t196 pccard/sn\n\t\t197 isa/stg\n\t\t198 pccard/stg\n\t\t199 pci/stg\n\t\t200 pci/stge\n\t\t201 stge/miibus\n\t\t202 pci/sym\n\t\t203 pci/trm\n\t\t204 pci/twa\n\t\t205 pci/twe\n\t\t206 twe/twed\n\t\t207 pci/tx\n\t\t208 tx/miibus\n\t\t209 pci/txp\n\t\t210 pci/ehci\n\t\t211 cardbus/ehci\n\t\t212 uhub/aue\n\t\t213 aue/miibus\n\t\t214 uhub/axe\n\t\t215 axe/miibus\n\t\t216 uhub/cdce\n\t\t217 uhub/cue\n\t\t218 uhub/kue\n\t\t219 uhub/ural\n\t\t220 uhub/rue\n\t\t221 rue/miibus\n\t\t222 pci/ohci\n\t\t223 cardbus/ohci\n\t\t224 uhub/ugen\n\t\t225 pci/uhci\n\t\t226 cardbus/uhci\n\t\t227 uhub/uhid\n\t\t228 usb/uhub\n\t\t229 uhub/uhub\n\t\t230 uhub/ukbd\n\t\t231 uhub/ulpt\n\t\t232 uhub/umass\n\t\t233 uhub/ums\n\t\t234 uhub/urio\n\t\t235 ohci/usb\n\t\t236 uhci/usb\n\t\t237 ehci/usb\n\t\t238 uhub/uscanner\n\t\t239 pci/vge\n\t\t240 cardbus/vge\n\t\t241 vge/miibus\n\t\t242 eisa/vx\n\t\t243 pci/vx\n\t\t244 watchdog\n\t\t245 pccard/wi\n\t\t246 pci/wi\n\t\t247 pccard/xe\n\t\t248 devfs\n\t\t249 msdosfs\n\t\t250 procfs\n\t\t251 pseudofs\n\t\t252 g_dev\n\t\t253 g_disk\n\t\t254 g_gpt\n\t\t255 g_vfs\n\t\t256 isab/isa\n\t\t257 eisab/isa\n\t\t258 isa/isahint\n\t\t259 isa/orm\n\t\t260 isa/pnp\n\t\t261 cd9660\n\t\t262 elf32\n\t\t263 shell\n\t\t264 cpu/cpufreq\n\t\t265 rootbus\n\t\t266 msgsys\n\t\t267 msgctl\n\t\t268 msgget\n\t\t269 msgsnd\n\t\t270 msgrcv\n\t\t271 sysvmsg\n\t\t272 semsys\n\t\t273 __semctl\n\t\t274 semget\n\t\t275 semop\n\t\t276 sysvsem\n\t\t277 shmsys\n\t\t278 shmat\n\t\t279 shmctl\n\t\t280 shmdt\n\t\t281 shmget\n\t\t282 sysvshm\n\t\t283 ether\n\t\t284 if_faith\n\t\t285 if_gif\n\t\t286 loop\n\t\t287 if_ppp\n\t\t288 if_sl\n\t\t289 if_tun\n\t\t290 wlan_ccmp\n\t\t291 wlan_tkip\n\t\t292 wlan_wep\n\t\t293 wlan\n\t\t294 ipdivert\n\t\t295 ipfw\n\t\t296 nfs4\n\t\t297 nfs\n\t\t298 nfslock\n\t\t299 nfsserver\n\t\t300 cardbus/dc\n\t\t301 pci/dc\n\t\t302 dc/miibus\n\t\t303 pci/de\n\t\t304 pci/pcn\n\t\t305 pcn/miibus\n\t\t306 pci/rl\n\t\t307 cardbus/rl\n\t\t308 rl/miibus\n\t\t309 pci/sf\n\t\t310 sf/miibus\n\t\t311 pci/sis\n\t\t312 sis/miibus\n\t\t313 pci/ste\n\t\t314 ste/miibus\n\t\t315 pci/ti\n\t\t316 pci/tl\n\t\t317 tl/miibus\n\t\t318 pci/vr\n\t\t319 vr/miibus\n\t\t320 pci/wb\n\t\t321 wb/miibus\n\t\t322 cardbus/xl\n\t\t323 pci/xl\n\t\t324 xl/miibus\n\t\t325 ufs\n\t\t326 g_class\n\t\t327 isa/adv\n\t\t328 isa/aic\n\t\t329 pci/arcmsr\n\t\t330 atkbdc/atkbd\n\t\t331 isa/atkbdc\n\t\t332 acpi/atkbdc\n\t\t333 atkbdc/psm\n\t\t334 isa/psmcpnp\n\t\t335 acpi/psmcpnp\n\t\t336 isa/ed\n\t\t337 fdc/fd\n\t\t338 acpi/fdc\n\t\t339 isa/fdc\n\t\t340 pccard/fdc\n\t\t341 isa/fe\n\t\t342 pci/hptmv\n\t\t343 pci/hptrr\n\t\t344 io\n\t\t345 isa/lnc\n\t\t346 pci/nve\n\t\t347 nve/miibus\n\t\t348 isa/ppc\n\t\t349 acpi/ppc\n\t\t350 pci/rr232x\n\t\t351 isa/sio\n\t\t352 acpi/sio\n\t\t353 scterm-sc\n\t\t354 scrndr-vga\n\t\t355 g_bsd\n\t\t356 g_mbr\n\t\t357 g_mbrext\n\t\t358 isa/pnpbios\n\t\t359 pci/ioapic\n\t\t360 nexus/legacy\n\t\t361 legacy/cpu\n\t\t362 pci/piix\n\t\t363 legacy/mptable_pcib\n\t\t364 pci/mptable_pcib\n\t\t365 root/nexus\n\t\t366 isa/sysresource\n\t\t367 isa/atpic\n\t\t368 acpi/atpic\n\t\t369 isa/attimer\n\t\t370 acpi/attimer\n\t\t371 elink\n\t\t372 legacy/isa\n\t\t373 isa/atdma\n\t\t374 acpi/atdma\n\t\t375 nexus/npx\n\t\t376 isa/npxisa\n\t\t377 acpi/npxisa\n\t\t378 isa/pmtimer\n\t\t379 vesa\n\t\t380 legacy/pcib\n\t\t381 pci/hostb\n\t\t382 isa/pcibus_pnp\n\t\t383 pci/pcibios_pcib\n\t\t384 legacy/pir\n\t\t385 isa/sc\n\t\t386 isa/vga\n\t\t387 pci/agp_ali\n\t\t388 pci/agp_amd\n\t\t389 pci/agp_amd64\n\t\t390 pci/agp_ati\n\t\t391 pci/agp_i810\n\t\t392 pci/agp_intel\n\t\t393 pci/agp_nvidia\n\t\t394 pci/agp_sis\n\t\t395 pci/agp_via\n  2    1 0xc0bc5000 2364     accf_http.ko\n\tContains modules:\n\t\tId Name\n\t\t 1 accf_http\n  3    1 0xc0bc8000 5c304    acpi.ko\n\tContains modules:\n\t\tId Name\n\t\t 2 nexus/acpi\n\t\t 3 acpi/acpi_button\n\t\t 4 acpi/acpi_isab\n\t\t 5 pcib/acpi_pci\n\t\t 6 acpi/acpi_pcib\n\t\t 7 pci/acpi_pcib\n\t\t 8 acpi/acpi_sysresource\n\t\t 9 acpi/acpi_timer\n\t\t10 acpi/acpi_pci_link\n\t\t11 acpi/acpi_tz\n\t\t12 acpi/acpi_acad\n\t\t13 acpi/acpi_cmbat\n\t\t14 acpi/cpu\n\t\t15 acpi/acpi_ec\n\t\t16 acpi/acpi_hpet\n\t\t17 acpi/acpi_lid\n\t\t18 cpu/acpi_perf\n\t\t19 acpi/acpi_smbat\n\t\t20 cpu/acpi_throttle\n  4    1 0xc7063000 1b000    smbfs.ko\n\tContains modules:\n\t\tId Name\n\t\t399 dev_netsmb\n\t\t400 smbfs\n  5    2 0xc708f000 3000     libiconv.ko\n\tContains modules:\n\t\tId Name\n\t\t396 iconv\n\t\t397 iconv_xlat\n\t\t398 iconv_xlat16\n  6    2 0xc70b3000 3000     libmchain.ko\n\tContains modules:\n\t\tId Name\n\n\n-- \n----------------------------------------------------------------------------\nTim Daneliuk     tundra@tundraware.com\nPGP Key:         http://www.tundraware.com/PGP/"
}