{
 "id": 664696,
 "bug_id": 167827,
 "attachment_id": 0,
 "creation_time": "2012-05-14T22:14:32Z",
 "creator": "maquis196@gmail.com",
 "text": "Hi, thanks for the followup! Netperf to my main machine produces the\nfollowing results;\n\n[root@crane ~]# netperf -H 192.168.1.30\nMIGRATED TCP STREAM TEST from 0.0.0.0 (0.0.0.0) port 0 AF_INET to\n192.168.1.30 (192.168.1.30) port 0 AF_INET\nRecv   Send    Send\nSocket Socket  Message  Elapsed\nSize   Size    Size     Time     Throughput\nbytes  bytes   bytes    secs.    10^6bits/sec\n\n 87380  32768  32768    10.13      94.14\n\nNow what's interesting is that I tried to force the issue with the following;\n\nifconfig_re0=\"inet 192.168.1.120 netmask 255.255.255.0 media\n1000baseT/UTP mediaopt full-duplex\"\n\nand after the link went up and down a few times (based on observation\nof the switch) the box crashed. I had to reboot, nothing else even got\nme a terminal. The other difference between this box and my linux\nserver is that the socket and message sizes are 16k each yet 32k on\nBSD.\n\nAlso, I created a ramdisk to avoid disk io and same issue;\n\n[root@crane /mnt/tmp]# dd if=/dev/urandom of=./test.img bs=1024 count=502400\n502400+0 records in\n502400+0 records out\n514457600 bytes transferred in 20.235369 secs (25423683 bytes/sec)\n[root@crane /mnt/tmp]# ls -alh\ntotal 502570\ndrwxr-xr-x  3 root  wheel      512B May 15 05:10 .\ndrwxr-xr-x  3 root  wheel        3B May 15 05:06 ..\ndrwxrwxr-x  2 root  operator   512B May 15 05:09 .snap\n-rw-r--r--  1 root  wheel      490M May 15 05:10 test.img\n[root@crane /mnt/tmp]# scp test.img root@192.168.1.30:/root/\nPassword:\ntest.img\n     0%  592KB 254.8KB/s - stalled -\n\n-------------------------- dmesg ---------------------\nCopyright (c) 1992-2012 The FreeBSD Project.\nCopyright (c) 1979, 1980, 1983, 1986, 1988, 1989, 1991, 1992, 1993, 1994\n\tThe Regents of the University of California. All rights reserved.\nFreeBSD is a registered trademark of The FreeBSD Foundation.\nFreeBSD 9.0-RELEASE #0: Tue Jan  3 07:46:30 UTC 2012\n    root@farrell.cse.buffalo.edu:/usr/obj/usr/src/sys/GENERIC amd64\nCPU: AMD E-450 APU with Radeon(tm) HD Graphics (1649.98-MHz K8-class CPU)\n  Origin = \"AuthenticAMD\"  Id = 0x500f20  Family = 14  Model = 2  Stepping = 0\n  Features=0x178bfbff\u003cFPU,VME,DE,PSE,TSC,MSR,PAE,MCE,CX8,APIC,SEP,MTRR,PGE,MCA,CMOV,PAT,PSE36,CLFLUSH,MMX,FXSR,SSE,SSE2,HTT\u003e\n  Features2=0x802209\u003cSSE3,MON,SSSE3,CX16,POPCNT\u003e\n  AMD Features=0x2e500800\u003cSYSCALL,NX,MMX+,FFXSR,Page1GB,RDTSCP,LM\u003e\n  AMD Features2=0x35ff\u003cLAHF,CMP,SVM,ExtAPIC,CR8,ABM,SSE4A,MAS,Prefetch,IBS,SKINIT,WDT\u003e\n  TSC: P-state invariant, performance statistics\nreal memory  = 8589934592 (8192 MB)\navail memory = 7808147456 (7446 MB)\nEvent timer \"LAPIC\" quality 400\nACPI APIC Table: \u003cALASKA A M I\u003e\nFreeBSD/SMP: Multiprocessor System Detected: 2 CPUs\nFreeBSD/SMP: 1 package(s) x 2 core(s)\n cpu0 (BSP): APIC ID:  0\n cpu1 (AP): APIC ID:  1\nACPI Warning: Optional field Pm2ControlBlock has zero address or\nlength: 0x0000000000000000/0x1 (20110527/tbfadt-586)\nioapic0: Changing APIC ID to 0\nioapic0 \u003cVersion 2.1\u003e irqs 0-23 on motherboard\nkbd1 at kbdmux0\nacpi0: \u003cALASKA A M I\u003e on motherboard\nACPI Error: [RAMB] Namespace lookup failure, AE_NOT_FOUND (20110527/psargs-392)\nACPI Exception: AE_NOT_FOUND, Could not execute arguments for [RAMW]\n(Region) (20110527/nsinit-380)\nacpi0: Power Button (fixed)\nTimecounter \"ACPI-fast\" frequency 3579545 Hz quality 900\nacpi_timer0: \u003c32-bit timer at 3.579545MHz\u003e port 0x808-0x80b on acpi0\ncpu0: \u003cACPI CPU\u003e on acpi0\ncpu1: \u003cACPI CPU\u003e on acpi0\nhpet0: \u003cHigh Precision Event Timer\u003e iomem 0xfed00000-0xfed003ff on acpi0\nTimecounter \"HPET\" frequency 14318180 Hz quality 950\nEvent timer \"HPET\" frequency 14318180 Hz quality 550\nEvent timer \"HPET1\" frequency 14318180 Hz quality 450\npcib0: \u003cACPI Host-PCI bridge\u003e port 0xcf8-0xcff on acpi0\npci0: \u003cACPI PCI bus\u003e on pcib0\nvgapci0: \u003cVGA-compatible display\u003e port 0xf000-0xf0ff mem\n0xc0000000-0xcfffffff,0xfeb00000-0xfeb3ffff irq 18 at device 1.0 on\npci0\nhdac0: \u003cATI (Unknown) High Definition Audio Controller\u003e mem\n0xfeb44000-0xfeb47fff irq 19 at device 1.1 on pci0\npcib1: \u003cACPI PCI-PCI bridge\u003e irq 16 at device 4.0 on pci0\npci1: \u003cACPI PCI bus\u003e on pcib1\nahci0: \u003cATI IXP700 AHCI SATA controller\u003e port\n0xf140-0xf147,0xf130-0xf133,0xf120-0xf127,0xf110-0xf113,0xf100-0xf10f\nmem 0xfeb4f000-0xfeb4f3ff irq 19 at device 17.0 on pci0\nahci0: AHCI v1.20 with 6 6Gbps ports, Port Multiplier supported\nahcich0: \u003cAHCI channel\u003e at channel 0 on ahci0\nahcich1: \u003cAHCI channel\u003e at channel 1 on ahci0\nahcich2: \u003cAHCI channel\u003e at channel 2 on ahci0\nahcich3: \u003cAHCI channel\u003e at channel 3 on ahci0\nahcich4: \u003cAHCI channel\u003e at channel 4 on ahci0\nahcich5: \u003cAHCI channel\u003e at channel 5 on ahci0\nohci0: \u003cOHCI (generic) USB controller\u003e mem 0xfeb4e000-0xfeb4efff irq\n18 at device 18.0 on pci0\nusbus0: \u003cOHCI (generic) USB controller\u003e on ohci0\nehci0: \u003cEHCI (generic) USB 2.0 controller\u003e mem 0xfeb4d000-0xfeb4d0ff\nirq 17 at device 18.2 on pci0\nusbus1: EHCI version 1.0\nusbus1: \u003cEHCI (generic) USB 2.0 controller\u003e on ehci0\nohci1: \u003cOHCI (generic) USB controller\u003e mem 0xfeb4c000-0xfeb4cfff irq\n18 at device 19.0 on pci0\nusbus2: \u003cOHCI (generic) USB controller\u003e on ohci1\nehci1: \u003cEHCI (generic) USB 2.0 controller\u003e mem 0xfeb4b000-0xfeb4b0ff\nirq 17 at device 19.2 on pci0\nusbus3: EHCI version 1.0\nusbus3: \u003cEHCI (generic) USB 2.0 controller\u003e on ehci1\npci0: \u003cserial bus, SMBus\u003e at device 20.0 (no driver attached)\nhdac1: \u003cATI SB600 High Definition Audio Controller\u003e mem\n0xfeb40000-0xfeb43fff irq 16 at device 20.2 on pci0\nisab0: \u003cPCI-ISA bridge\u003e at device 20.3 on pci0\nisa0: \u003cISA bus\u003e on isab0\npcib2: \u003cACPI PCI-PCI bridge\u003e at device 20.4 on pci0\npci2: \u003cACPI PCI bus\u003e on pcib2\nohci2: \u003cOHCI (generic) USB controller\u003e mem 0xfeb4a000-0xfeb4afff irq\n18 at device 20.5 on pci0\nusbus4: \u003cOHCI (generic) USB controller\u003e on ohci2\npcib3: \u003cACPI PCI-PCI bridge\u003e at device 21.0 on pci0\npci3: \u003cACPI PCI bus\u003e on pcib3\nath0: \u003cAtheros 9285\u003e mem 0xfea00000-0xfea0ffff irq 16 at device 0.0 on pci3\nath0: AR9285 mac 192.2 RF5133 phy 14.0\npcib4: \u003cACPI PCI-PCI bridge\u003e at device 21.1 on pci0\npci4: \u003cACPI PCI bus\u003e on pcib4\nre0: \u003cRealTek 8168/8111 B/C/CP/D/DP/E PCIe Gigabit Ethernet\u003e port\n0xe000-0xe0ff mem 0xd0004000-0xd0004fff,0xd0000000-0xd0003fff irq 17\nat device 0.0 on pci4\nre0: Using 1 MSI-X message\nre0: Chip rev. 0x2c000000\nre0: MAC rev. 0x00000000\nmiibus0: \u003cMII bus\u003e on re0\nrgephy0: \u003cRTL8169S/8110S/8211 1000BASE-T media interface\u003e PHY 1 on miibus0\nrgephy0:  none, 10baseT, 10baseT-FDX, 10baseT-FDX-flow, 100baseTX,\n100baseTX-FDX, 100baseTX-FDX-flow, 1000baseT, 1000baseT-master,\n1000baseT-FDX, 1000baseT-FDX-master, 1000baseT-FDX-flow,\n1000baseT-FDX-flow-master, auto, auto-flow\nre0: Ethernet address: c8:60:00:bc:f1:33\npcib5: \u003cACPI PCI-PCI bridge\u003e at device 21.2 on pci0\npci5: \u003cACPI PCI bus\u003e on pcib5\nxhci0: \u003cXHCI (generic) USB 3.0 controller\u003e mem 0xfe900000-0xfe901fff\nirq 18 at device 0.0 on pci5\nxhci0: 32 byte context size.\nusbus5 on xhci0\npcib6: \u003cACPI PCI-PCI bridge\u003e at device 21.3 on pci0\npci6: \u003cACPI PCI bus\u003e on pcib6\nxhci1: \u003cXHCI (generic) USB 3.0 controller\u003e mem 0xfe800000-0xfe801fff\nirq 19 at device 0.0 on pci6\nxhci1: 32 byte context size.\nusbus6 on xhci1\nohci3: \u003cOHCI (generic) USB controller\u003e mem 0xfeb49000-0xfeb49fff irq\n18 at device 22.0 on pci0\nusbus7: \u003cOHCI (generic) USB controller\u003e on ohci3\nehci2: \u003cEHCI (generic) USB 2.0 controller\u003e mem 0xfeb48000-0xfeb480ff\nirq 17 at device 22.2 on pci0\nusbus8: EHCI version 1.0\nusbus8: \u003cEHCI (generic) USB 2.0 controller\u003e on ehci2\nacpi_button0: \u003cPower Button\u003e on acpi0\nattimer0: \u003cAT timer\u003e port 0x40-0x43 irq 0 on acpi0\nTimecounter \"i8254\" frequency 1193182 Hz quality 0\nEvent timer \"i8254\" frequency 1193182 Hz quality 100\natrtc0: \u003cAT realtime clock\u003e port 0x70-0x71 irq 8 on acpi0\nEvent timer \"RTC\" frequency 32768 Hz quality 0\nuart0: \u003c16550 or compatible\u003e port 0x3f8-0x3ff irq 4 flags 0x10 on acpi0\nsc0: \u003cSystem console\u003e at flags 0x100 on isa0\nsc0: VGA \u003c16 virtual consoles, flags=0x300\u003e\nvga0: \u003cGeneric ISA VGA\u003e at port 0x3c0-0x3df iomem 0xa0000-0xbffff on isa0\natkbdc0: \u003cKeyboard controller (i8042)\u003e at port 0x60,0x64 on isa0\natkbd0: \u003cAT Keyboard\u003e irq 1 on atkbdc0\nkbd0 at atkbd0\natkbd0: [GIANT-LOCKED]\nppc0: cannot reserve I/O port range\nacpi_throttle0: \u003cACPI CPU Throttling\u003e on cpu0\nhwpstate0: \u003cCool`n'Quiet 2.0\u003e on cpu0\nacpi_throttle1: \u003cACPI CPU Throttling\u003e on cpu1\nacpi_throttle1: failed to attach P_CNT\ndevice_attach: acpi_throttle1 attach returned 6\nZFS filesystem version 5\nZFS storage pool version 28\nTimecounters tick every 1.000 msec\nhdac0: HDA Codec #0: ATI R6xx HDMI\npcm0: \u003cHDA ATI R6xx HDMI PCM #0 HDMI\u003e at cad 0 nid 1 on hdac0\nhdac1: HDA Codec #0: Realtek ALC892\npcm1: \u003cHDA Realtek ALC892 PCM #0 Analog\u003e at cad 0 nid 1 on hdac1\npcm2: \u003cHDA Realtek ALC892 PCM #1 Analog\u003e at cad 0 nid 1 on hdac1\npcm3: \u003cHDA Realtek ALC892 PCM #2 Digital\u003e at cad 0 nid 1 on hdac1\npcm4: \u003cHDA Realtek ALC892 PCM #3 Digital\u003e at cad 0 nid 1 on hdac1\nusbus0: 12Mbps Full Speed USB v1.0\nusbus1: 480Mbps High Speed USB v2.0\nusbus2: 12Mbps Full Speed USB v1.0\nusbus3: 480Mbps High Speed USB v2.0\nusbus4: 12Mbps Full Speed USB v1.0\nusbus5: 5.0Gbps Super Speed USB v3.0\nusbus6: 5.0Gbps Super Speed USB v3.0\nusbus7: 12Mbps Full Speed USB v1.0\nusbus8: 480Mbps High Speed USB v2.0\nugen0.1: \u003cATI\u003e at usbus0\nuhub0: \u003cATI OHCI root HUB, class 9/0, rev 1.00/1.00, addr 1\u003e on usbus0\nugen1.1: \u003cATI\u003e at usbus1\nuhub1: \u003cATI EHCI root HUB, class 9/0, rev 2.00/1.00, addr 1\u003e on usbus1\nugen2.1: \u003cATI\u003e at usbus2\nuhub2: \u003cATI OHCI root HUB, class 9/0, rev 1.00/1.00, addr 1\u003e on usbus2\nugen3.1: \u003cATI\u003e at usbus3\nuhub3: \u003cATI EHCI root HUB, class 9/0, rev 2.00/1.00, addr 1\u003e on usbus3\nugen4.1: \u003cATI\u003e at usbus4\nuhub4: \u003cATI OHCI root HUB, class 9/0, rev 1.00/1.00, addr 1\u003e on usbus4\nugen5.1: \u003c0x1033\u003e at usbus5\nuhub5: \u003c0x1033 XHCI root HUB, class 9/0, rev 3.00/1.00, addr 1\u003e on usbus5\nugen6.1: \u003c0x1033\u003e at usbus6\nuhub6: \u003c0x1033 XHCI root HUB, class 9/0, rev 3.00/1.00, addr 1\u003e on usbus6\nugen7.1: \u003cATI\u003e at usbus7\nuhub7: \u003cATI OHCI root HUB, class 9/0, rev 1.00/1.00, addr 1\u003e on usbus7\nugen8.1: \u003cATI\u003e at usbus8\nuhub8: \u003cATI EHCI root HUB, class 9/0, rev 2.00/1.00, addr 1\u003e on usbus8\nada0 at ahcich0 bus 0 scbus0 target 0 lun 0\nada0: \u003cWDC WD30EZRX-00MMMB0 80.00A80\u003e ATA-8 SATA 3.x device\nada0: 600.000MB/s transfers (SATA 3.x, UDMA6, PIO 8192bytes)\nada0: Command Queueing enabled\nada0: 2861588MB (5860533168 512 byte sectors: 16H 63S/T 16383C)\nada0: Previously was known as ad4\nada1 at ahcich1 bus 0 scbus1 target 0 lun 0\nada1: \u003cWDC WD30EZRX-00MMMB0 80.00A80\u003e ATA-8 SATA 3.x device\nada1: 600.000MB/s transfers (SATA 3.x, UDMA6, PIO 8192bytes)\nada1: Command Queueing enabled\nada1: 2861588MB (5860533168 512 byte sectors: 16H 63S/T 16383C)\nada1: Previously was known as ad6\nada2 at ahcich2 bus 0 scbus2 target 0 lun 0\nada2: \u003cWDC WD30EZRX-00MMMB0 80.00A80\u003e ATA-8 SATA 3.x device\nada2: 600.000MB/s transfers (SATA 3.x, UDMA6, PIO 8192bytes)\nada2: Command Queueing enabled\nada2: 2861588MB (5860533168 512 byte sectors: 16H 63S/T 16383C)\nada2: Previously was known as ad8\nada3 at ahcich3 bus 0 scbus3 target 0 lun 0\nada3: \u003cWDC WD30EZRX-00MMMB0 80.00A80\u003e ATA-8 SATA 3.x device\nada3: 600.000MB/s transfers (SATA 3.x, UDMA6, PIO 8192bytes)\nada3: Command Queueing enabled\nada3: 2861588MB (5860533168 512 byte sectors: 16H 63S/T 16383C)\nada3: Previously was known as ad10\nSMP: AP CPU #1 Launched!\nTimecounter \"TSC-low\" frequency 12890485 Hz quality 800\nuhub4: 2 ports with 2 removable, self powered\nuhub7: 4 ports with 4 removable, self powered\nuhub0: 5 ports with 5 removable, self powered\nuhub2: 5 ports with 5 removable, self powered\nuhub5: 4 ports with 4 removable, self powered\nuhub6: 4 ports with 4 removable, self powered\nugen5.2: \u003cLogitech\u003e at usbus5\nukbd0: \u003cLogitech USB Receiver, class 0/0, rev 2.00/12.01, addr 1\u003e on usbus5\nkbd2 at ukbd0\nums0: \u003cLogitech USB Receiver, class 0/0, rev 2.00/12.01, addr 1\u003e on usbus5\nums0: 16 buttons and [XYZT] coordinates ID=2\nuhid0: \u003cLogitech USB Receiver, class 0/0, rev 2.00/12.01, addr 1\u003e on usbus5\nuhub8: 4 ports with 4 removable, self powered\nuhub1: 5 ports with 5 removable, self powered\nuhub3: 5 ports with 5 removable, self powered\nTrying to mount root from zfs:zroot []...\nugen7.2: \u003cvendor 0x0cf3\u003e at usbus7\nre0: link state changed to UP\nre0: link state changed to DOWN\nre0: link state changed to UP\n\n\n---------- ifconfig --------------\n\n[root@crane /mnt/tmp]# ifconfig\nath0: flags=8802\u003cBROADCAST,SIMPLEX,MULTICAST\u003e metric 0 mtu 2290\n\tether 74:2f:68:29:7e:92\n\tnd6 options=29\u003cPERFORMNUD,IFDISABLED,AUTO_LINKLOCAL\u003e\n\tmedia: IEEE 802.11 Wireless Ethernet autoselect (autoselect)\n\tstatus: no carrier\nre0: flags=8843\u003cUP,BROADCAST,RUNNING,SIMPLEX,MULTICAST\u003e metric 0 mtu 1500\n\toptions=389b\u003cRXCSUM,TXCSUM,VLAN_MTU,VLAN_HWTAGGING,VLAN_HWCSUM,WOL_UCAST,WOL_MCAST,WOL_MAGIC\u003e\n\tether c8:60:00:bc:f1:33\n\tinet 192.168.1.120 netmask 0xffffff00 broadcast 192.168.1.255\n\tnd6 options=29\u003cPERFORMNUD,IFDISABLED,AUTO_LINKLOCAL\u003e\n\tmedia: Ethernet autoselect (100baseTX \u003cfull-duplex\u003e)\n\tstatus: active\nlo0: flags=8049\u003cUP,LOOPBACK,RUNNING,MULTICAST\u003e metric 0 mtu 16384\n\toptions=3\u003cRXCSUM,TXCSUM\u003e\n\tinet6 ::1 prefixlen 128\n\tinet6 fe80::1%lo0 prefixlen 64 scopeid 0xc\n\tinet 127.0.0.1 netmask 0xff000000\n\tnd6 options=21\u003cPERFORMNUD,AUTO_LINKLOCAL\u003e"
}