{
 "id": 412826,
 "bug_id": 116935,
 "attachment_id": 0,
 "creation_time": "2007-10-04T22:00:04Z",
 "creator": "pb@ludd.luth.se",
 "text": "Using a PCI 32/33 Promise PDC40718 SATA300 controller with FreeBSD-6.2 on\na i386 pci system result in I/O errors eventually. (Using it with geli(8)\ncauses spontaneous reboots as well)\n\nThe error doesn't occur for some time, but eventually cause any operation\nto stall for some minute, and then throw out an I/O error.\n\ndmesg:\nCopyright (c) 1992-2007 The FreeBSD Project.\nCopyright (c) 1979, 1980, 1983, 1986, 1988, 1989, 1991, 1992, 1993, 1994\n        The Regents of the University of California. All rights reserved.\nFreeBSD is a registered trademark of The FreeBSD Foundation.\nFreeBSD 6.2-RELEASE #0: Fri Jan 12 10:40:27 UTC 2007\n    root@dessler.cse.buffalo.edu:/usr/obj/usr/src/sys/GENERIC\nTimecounter \"i8254\" frequency 1193182 Hz quality 0\nCPU: Intel Pentium III (598.06-MHz 686-class CPU)\n  Origin = \"GenuineIntel\"  Id = 0x681  Stepping = 1\n  Features=0x387f9ff\u003cFPU,VME,DE,PSE,TSC,MSR,PAE,MCE,CX8,SEP,MTRR,PGE,MCA,CMOV,PA\nT,PSE36,PN,MMX,FXSR,SSE\u003e\nreal memory  = 334430208 (318 MB)\navail memory = 317763584 (303 MB)\nkbd1 at kbdmux0\nath_hal: 0.9.17.2 (AR5210, AR5211, AR5212, RF5111, RF5112, RF2413, RF5413)\nacpi0: \u003cPTLTD   RSDT\u003e on motherboard\nacpi0: Power Button (fixed)\nTimecounter \"ACPI-fast\" frequency 3579545 Hz quality 1000\nacpi_timer0: \u003c24-bit timer at 3.579545MHz\u003e port 0xf008-0xf00b on acpi0\ncpu0: \u003cACPI CPU\u003e on acpi0\nacpi_button0: \u003cPower Button\u003e on acpi0\npcib0: \u003cACPI Host-PCI bridge\u003e port 0xcf8-0xcff on acpi0\npci0: \u003cACPI PCI bus\u003e on pcib0\nagp0: \u003cIntel 82810E (i810E GMCH) SVGA controller\u003e mem 0xf8000000-0xfbffffff,0xf4000000-0xf407ffff irq 11 at device 1.0 on pci0\npcib1: \u003cACPI PCI-PCI bridge\u003e at device 30.0 on pci0\npci1: \u003cACPI PCI bus\u003e on pcib1\natapci0: \u003cPromise PDC40718 SATA300 controller\u003e port 0x3400-0x347f,0x3000-0x30ff \nmem 0xf4120000-0xf4120fff,0xf4100000-0xf411ffff irq 11 at device 5.0 on pci1\nata2: \u003cATA channel 0\u003e on atapci0\nata3: \u003cATA channel 1\u003e on atapci0\nata4: \u003cATA channel 2\u003e on atapci0\nata5: \u003cATA channel 3\u003e on atapci0\nrl0: \u003cAccton MPX 5030/5038 10/100BaseTX\u003e port 0x3800-0x38ff mem 0xf4121000-0xf41\n210ff irq 10 at device 9.0 on pci1\nmiibus0: \u003cMII bus\u003e on rl0\nrlphy0: \u003cRealTek internal media interface\u003e on miibus0\nrlphy0:  10baseT, 10baseT-FDX, 100baseTX, 100baseTX-FDX, auto\nrl0: Ethernet address: 00:10:b5:4a:0a:b9\nisab0: \u003cPCI-ISA bridge\u003e at device 31.0 on pci0\nisa0: \u003cISA bus\u003e on isab0\natapci1: \u003cIntel ICH UDMA66 controller\u003e port 0x1f0-0x1f7,0x3f6,0x170-0x177,0x376,\n0x1c00-0x1c0f at device 31.1 on pci0\nata0: \u003cATA channel 0\u003e on atapci1\nata1: \u003cATA channel 1\u003e on atapci1\nuhci0: \u003cIntel 82801AA (ICH) USB controller\u003e port 0x1000-0x101f irq 9 at device 3\n1.2 on pci0\nuhci0: [GIANT-LOCKED]\nusb0: \u003cIntel 82801AA (ICH) USB controller\u003e on uhci0\nusb0: USB revision 1.0\nuhub0: Intel UHCI root hub, class 9/0, rev 1.00/1.00, addr 1\nuhub0: 2 ports with 2 removable, self powered\npci0: \u003cserial bus, SMBus\u003e at device 31.3 (no driver attached)\npci0: \u003cmultimedia, audio\u003e at device 31.5 (no driver attached)\natkbdc0: \u003cKeyboard controller (i8042)\u003e port 0x60,0x64 irq 1 on acpi0\natkbd0: \u003cAT Keyboard\u003e irq 1 on atkbdc0\nkbd0 at atkbd0\natkbd0: [GIANT-LOCKED]\nfdc0: \u003cfloppy drive controller\u003e port 0x3f0-0x3f5,0x3f7 irq 6 drq 2 on acpi0\nfdc0: [FAST]\nfd0: \u003c1440-KB 3.5\" drive\u003e on fdc0 drive 0\nppc0: \u003cStandard parallel printer port\u003e port 0x378-0x37b irq 7 on acpi0\nppc0: Generic chipset (NIBBLE-only) in COMPATIBLE mode\nppbus0: \u003cParallel port bus\u003e on ppc0\nplip0: \u003cPLIP network interface\u003e on ppbus0\nlpt0: \u003cPrinter\u003e on ppbus0\nlpt0: Interrupt-driven port\nppi0: \u003cParallel I/O\u003e on ppbus0\nsio0: \u003c16550A-compatible COM port\u003e port 0x3f8-0x3ff irq 4 flags 0x10 on acpi0\nsio0: type 16550A\nsio1: \u003c16550A-compatible COM port\u003e port 0x2f8-0x2ff irq 3 on acpi0\nsio1: type 16550A\npmtimer0 on isa0\norm0: \u003cISA Option ROMs\u003e at iomem 0xc0000-0xc7fff,0xc8000-0xccfff on isa0\nsc0: \u003cSystem console\u003e at flags 0x100 on isa0\nsc0: VGA \u003c16 virtual consoles, flags=0x300\u003e\nvga0: \u003cGeneric ISA VGA\u003e at port 0x3c0-0x3df iomem 0xa0000-0xbffff on isa0\nTimecounter \"TSC\" frequency 598062981 Hz quality 800\nTimecounters tick every 1.000 msec\nad0: 6149MB \u003cQUANTUM FIREBALL SE6.4A API.0C00\u003e at ata0-master UDMA33\nad1: 38166MB \u003cWDC WD400BB-00CAA1 17.07W17\u003e at ata0-slave UDMA66\nacd0: CDRW \u003cLITE-ON DVDRW LDW-451S/GSB4\u003e at ata1-slave UDMA33\nad10: 305245MB \u003cMAXTOR STM3320820AS 3.AAE\u003e at ata5-master SATA150\nTrying to mount root from ufs:/dev/ad0s1a\nrl0: link state changed to UP\n\nsyslog:\nSep 19 13:05:47 opto kernel: ad10: WARNING - SETFEATURES SET TRANSFER MODE taskqueue timeout - completing request directly\nSep 19 13:05:51 opto kernel: ad10: WARNING - SETFEATURES SET TRANSFER MODE taskqueue timeout - completing request directly\nSep 19 13:05:55 opto kernel: ad10: WARNING - SETFEATURES ENABLE RCACHE taskqueue timeout - completing request directly\nSep 19 13:05:59 opto kernel: ad10: WARNING - SETFEATURES ENABLE WCACHE taskqueue timeout - completing request directly\nSep 19 13:06:03 opto kernel: ad10: WARNING - SET_MULTI taskqueue timeout - completing request directly\nSep 19 13:06:03 opto kernel: ad10: TIMEOUT - READ_DMA retrying (1 retry left) LBA=20711520\n\nFix: \n\nDon't use that controller.\nHow-To-Repeat: Install Promise PDC40718 controller + disc in a i386/FreeBSD-6 machine.\nAnd use the disc for some time (2-3 days)."
}