{
 "id": 399540,
 "bug_id": 114111,
 "attachment_id": 0,
 "creation_time": "2007-06-28T23:30:03Z",
 "creator": "vlarick@arcor.de",
 "text": "System crash and autom. reboot during writing on per NFS mounted drive.\nNFS-Server is also a FreeBSD box:\n#uname -a server\nFreeBSD penek.doma.net 6.2-RELEASE-p5 FreeBSD 6.2-RELEASE-p5 #0: Sat May 26 09:00:14 CEST 2007     root@penek.doma.net:/usr/obj/usr/src/sys/PENEK  i386\n\n#dmesg amd64 box\n    root@kopobka.doma.net:/usr/obj/usr/src/sys/KOPOBKA\nTimecounter \"i8254\" frequency 1193182 Hz quality 0\nCPU: Dual Core AMD Opteron(tm) Processor 280 (2411.12-MHz K8-class CPU)\n  Origin = \"AuthenticAMD\"  Id = 0x20f12  Stepping = 2\n  Features=0x178bfbff\u003cFPU,VME,DE,PSE,TSC,MSR,PAE,MCE,CX8,APIC,SEP,MTRR,PGE,MCA,CMOV,PAT,PSE36,CLFLUSH,MMX,FXSR,SSE,SSE2,HTT\u003e\n  Features2=0x1\u003cSSE3\u003e\n  AMD Features=0xe2500800\u003cSYSCALL,NX,MMX+,FFXSR,LM,3DNow+,3DNow\u003e\n  AMD Features2=0x3\u003cLAHF,CMP\u003e\n  Cores per package: 2\nreal memory  = 5637144576 (5376 MB)\navail memory = 4108857344 (3918 MB)\nACPI APIC Table: \u003cPTLTD          APIC  \u003e\nFreeBSD/SMP: Multiprocessor System Detected: 4 CPUs\n cpu0 (BSP): APIC ID:  0\n cpu1 (AP): APIC ID:  1\n cpu2 (AP): APIC ID:  2\n cpu3 (AP): APIC ID:  3\nioapic0 \u003cVersion 1.1\u003e irqs 0-23 on motherboard\nioapic1 \u003cVersion 1.1\u003e irqs 24-27 on motherboard\nioapic2 \u003cVersion 1.1\u003e irqs 28-31 on motherboard\nioapic3 \u003cVersion 1.1\u003e irqs 32-55 on motherboard\nkbd1 at kbdmux0\nacpi0: \u003cPTLTD   RSDT\u003e on motherboard\nacpi0: Power Button (fixed)\nTimecounter \"ACPI-fast\" frequency 3579545 Hz quality 1000\nacpi_timer0: \u003c24-bit timer at 3.579545MHz\u003e port 0x8008-0x800b on acpi0\ncpu0: \u003cACPI CPU\u003e on acpi0\ncpu1: \u003cACPI CPU\u003e on acpi0\ncpu2: \u003cACPI CPU\u003e on acpi0\ncpu3: \u003cACPI CPU\u003e on acpi0\nacpi_button0: \u003cPower Button\u003e on acpi0\npcib0: \u003cACPI Host-PCI bridge\u003e port 0xcf8-0xcff on acpi0\npci0: \u003cACPI PCI bus\u003e on pcib0\npci0: \u003cmemory\u003e at device 0.0 (no driver attached)\nisab0: \u003cPCI-ISA bridge\u003e at device 1.0 on pci0\nisa0: \u003cISA bus\u003e on isab0\npci0: \u003cserial bus, SMBus\u003e at device 1.1 (no driver attached)\nohci0: \u003cOHCI (generic) USB controller\u003e mem 0xb0000000-0xb0000fff irq 20 at device 2.0 on pci0\nohci0: [GIANT-LOCKED]\nusb0: OHCI version 1.0, legacy support\nusb0: SMM does not respond, resetting\nusb0: \u003cOHCI (generic) USB controller\u003e on ohci0\nusb0: USB revision 1.0\nuhub0: nVidia OHCI root hub, class 9/0, rev 1.00/1.00, addr 1\nuhub0: 10 ports with 10 removable, self powered\npci0: \u003cserial bus, USB\u003e at device 2.1 (no driver attached)\npcm0: \u003cnVidia nForce4\u003e port 0x1800-0x18ff,0x1400-0x14ff mem 0xb0002000-0xb0002fff irq 22 at device 4.0 on pci0\npcm0: \u003cAnalog Devices AD1981B AC97 Codec\u003e\natapci0: \u003cnVidia nForce CK804 UDMA133 controller\u003e port 0x1f0-0x1f7,0x3f6,0x170-0x177,0x376,0x1c00-0x1c0f at device 6.0 on pci0\nata0: \u003cATA channel 0\u003e on atapci0\nata1: \u003cATA channel 1\u003e on atapci0\natapci1: \u003cnVidia nForce CK804 SATA300 controller\u003e port 0x1c40-0x1c47,0x1c34-0x1c37,0x1c38-0x1c3f,0x1c30-0x1c33,0x1c10-0x1c1f mem 0xb0003000-0xb0003fff irq 23 at device 7.0 on pci0\nata2: \u003cATA channel 0\u003e on atapci1\nata3: \u003cATA channel 1\u003e on atapci1\natapci2: \u003cnVidia nForce CK804 SATA300 controller\u003e port 0x1c58-0x1c5f,0x1c4c-0x1c4f,0x1c50-0x1c57,0x1c48-0x1c4b,0x1c20-0x1c2f mem 0xb0004000-0xb0004fff irq 20 at device 8.0 on pci0\nata4: \u003cATA channel 0\u003e on atapci2\nata5: \u003cATA channel 1\u003e on atapci2\npcib1: \u003cACPI PCI-PCI bridge\u003e at device 9.0 on pci0\npci1: \u003cACPI PCI bus\u003e on pcib1\nnve0: \u003cNVIDIA nForce MCP9 Networking Adapter\u003e port 0x1c60-0x1c67 mem 0xb0005000-0xb0005fff irq 21 at device 10.0 on pci0\nnve0: Ethernet address 00:e0:81:57:ac:6e\nmiibus0: \u003cMII bus\u003e on nve0\nukphy0: \u003cGeneric IEEE 802.3u media interface\u003e on miibus0\nukphy0:  10baseT, 10baseT-FDX, 100baseTX, 100baseTX-FDX, 1000baseT, 1000baseT-FDX, auto\nnve0: Ethernet address: 00:e0:81:57:ac:6e\npcib2: \u003cACPI PCI-PCI bridge\u003e at device 14.0 on pci0\npci2: \u003cACPI PCI bus\u003e on pcib2\npci2: \u003cdisplay, VGA\u003e at device 0.0 (no driver attached)\npcib3: \u003cACPI Host-PCI bridge\u003e port 0xcf8-0xcff on acpi0\npci16: \u003cACPI PCI bus\u003e on pcib3\npcib4: \u003cACPI PCI-PCI bridge\u003e at device 10.0 on pci16\npci17: \u003cACPI PCI bus\u003e on pcib4\ntwe0: \u003c3ware Storage Controller. Driver version 1.50.01.002\u003e port 0x3000-0x300f mem 0xd0100000-0xd010000f,0xd0800000-0xd0ffffff irq 24 at device 4.0 on pci17\ntwe0: [GIANT-LOCKED]\ntwe0: 4 ports, Firmware FE7X 1.05.00.068, BIOS BE7X 1.08.00.048\npci16: \u003cbase peripheral, interrupt controller\u003e at device 10.1 (no driver attached)\npcib5: \u003cACPI PCI-PCI bridge\u003e at device 11.0 on pci16\npci18: \u003cACPI PCI bus\u003e on pcib5\npci16: \u003cbase peripheral, interrupt controller\u003e at device 11.1 (no driver attached)\npcib6: \u003cACPI Host-PCI bridge\u003e port 0xcf8-0xcff on acpi0\npci128: \u003cACPI PCI bus\u003e on pcib6\npci128: \u003cmemory\u003e at device 0.0 (no driver attached)\npci128: \u003cmemory\u003e at device 1.0 (no driver attached)\nnve1: \u003cNVIDIA nForce MCP9 Networking Adapter\u003e port 0x4000-0x4007 mem 0xd1201000-0xd1201fff irq 52 at device 10.0 on pci128\nnve1: Ethernet address 00:e0:81:57:ac:6f\nmiibus1: \u003cMII bus\u003e on nve1\nukphy1: \u003cGeneric IEEE 802.3u media interface\u003e on miibus1\nukphy1:  10baseT, 10baseT-FDX, 100baseTX, 100baseTX-FDX, 1000baseT, 1000baseT-FDX, auto\nnve1: Ethernet address: 00:e0:81:57:ac:6f\npcib7: \u003cACPI PCI-PCI bridge\u003e at device 14.0 on pci128\npci129: \u003cACPI PCI bus\u003e on pcib7\natkbdc0: \u003cKeyboard controller (i8042)\u003e port 0x60,0x64 irq 1 on acpi0\natkbd0: \u003cAT Keyboard\u003e irq 1 on atkbdc0\nkbd0 at atkbd0\natkbd0: [GIANT-LOCKED]\npsm0: \u003cPS/2 Mouse\u003e irq 12 on atkbdc0\npsm0: [GIANT-LOCKED]\npsm0: model IntelliMouse Explorer, device ID 4\nsio0: \u003c16550A-compatible COM port\u003e port 0x3f8-0x3ff irq 4 flags 0x10 on acpi0\nsio0: type 16550A\nfdc0: \u003cfloppy drive controller\u003e port 0x3f0-0x3f5,0x3f7 irq 6 drq 2 on acpi0\nfdc0: [FAST]\nfd0: \u003c1440-KB 3.5\" drive\u003e on fdc0 drive 0\norm0: \u003cISA Option ROMs\u003e at iomem 0xc0000-0xcdfff,0xce000-0xcf7ff,0xd7800-0xd87ff on isa0\nppc0: cannot reserve I/O port range\nsc0: \u003cSystem console\u003e at flags 0x100 on isa0\nsc0: VGA \u003c16 virtual consoles, flags=0x300\u003e\nsio1: configured irq 3 not in bitmap of probed irqs 0\nsio1: port may not be enabled\nvga0: \u003cGeneric ISA VGA\u003e at port 0x3c0-0x3df iomem 0xa0000-0xbffff on isa0\numass0: 0 USB DRIVE, rev 2.00/2.00, addr 2\nugen0: Reiner - S cyberJack e-co, rev 1.00/1.00, addr 3\nTimecounters tick every 1.000 msec\nacd0: DVDR \u003cPLEXTOR DVDR PX-716A/1.09\u003e at ata0-master UDMA66\nad4: 305245MB \u003cWDC WD3200YS-01PGB0 21.00M21\u003e at ata2-master SATA150\nad6: 305245MB \u003cWDC WD3200YS-01PGB0 21.00M21\u003e at ata3-master SATA150\ntwed0: \u003cUnit 0, JBOD, Normal\u003e on twe0\ntwed0: 190782MB (390721968 sectors)\ntwed1: \u003cUnit 1, JBOD, Normal\u003e on twe0\ntwed1: 190782MB (390721968 sectors)\ntwed2: \u003cUnit 2, JBOD, Normal\u003e on twe0\ntwed2: 190782MB (390721968 sectors)\ntwed3: \u003cUnit 3, JBOD, Normal\u003e on twe0\ntwed3: 238475MB (488397168 sectors)\nSMP: AP CPU #2 Launched!\nSMP: AP CPU #1 Launched!\nSMP: AP CPU #3 Launched!\ncd0 at ata0 bus 0 target 0 lun 0\ncd0: \u003cPLEXTOR DVDR   PX-716A 1.09\u003e Removable CD-ROM SCSI-0 device \ncd0: 66.000MB/s transfers\ncd0: cd present [11007 x 2048 byte records]\nda0 at umass-sim0 bus 0 target 0 lun 0\nda0: \u003c USB DRIVE 2.00\u003e Removable Direct Access SCSI-2 device \nda0: 1.000MB/s transfers\nda0: 500MB (1024000 512 byte sectors: 64H 32S/T 500C)\nTrying to mount root from ufs:/dev/ad6s1a\nWARNING: / was not properly dismounted\nGEOM_ELI: Device ad6s1b.eli created.\nGEOM_ELI: Encryption: AES-CBC 256\nGEOM_ELI:     Crypto: software\nWARNING: /usr was not properly dismounted\n/usr: mount pending error: blocks 140 files 3\nWARNING: /var was not properly dismounted\nWARNING: /tmp was not properly dismounted\nWARNING: /daten/musika was not properly dismounted\nGEOM_ELI: Device gvinum/home.eli created.\nGEOM_ELI: Encryption: AES-CBC 128\nGEOM_ELI:     Crypto: software\nWARNING: /mnt/home was not properly dismounted\nGEOM_ELI: Device twed2.eli created.\nGEOM_ELI: Encryption: AES-CBC 128\nGEOM_ELI:     Crypto: software\nGEOM_ELI: Device gvinum/ptri.eli created.\nGEOM_ELI: Encryption: AES-CBC 128\nGEOM_ELI:     Crypto: software\n\nHow-To-Repeat: mount NFS share, write on it"
}