{
 "id": 480577,
 "bug_id": 130815,
 "attachment_id": 0,
 "creation_time": "2009-01-21T11:10:02Z",
 "creator": "vermaden@interia.pl",
 "text": "Default Xorg (added from install CD) @ 7.1-RELEASE crashes to terminal @ Intel Q35 GMA 3100 graphics with xf86-video-intel-2.4.2 driver (added via pkg_add -r).\n\nThese are the errors that Xorg printed:\n--------------------------------------------------------------------------------\nMarkers: (--) probed, (**) from config file, (==) default setting,\n        (++) from command line, (!!) notice, (II) informational,\n        (WW) warning, (EE) error, (NI) not implemented, (??) unknown.\n(==) Log file: \"/var/log/Xorg.0.log\", Time: Wed Jan 21 09:44:16 2009\n(==) Using config file: \"/etc/X11/xorg.conf\"\n(II) Module \"ddc\" already built-in\n(II) Module \"i2c\" already built-in\n(II) Module \"ramdac\" already built-in\n(EE) [drm] drmOpen failed.\n(EE) intel(0): [dri] DRIScreenInit failed. Disabling DRI.\nError in I830WaitLpRing(), timeout for 2 seconds\npgetbl_ctl: 0x00000001 getbl_err: 0x00000000\nipeir: 0x00000000 iphdr: 0x7d000006\nLP ring tail: 0x0001e948 head: 0x0001e7ec len: 0x0001f001 start 0x00000000\neir: 0x0000 esr: 0x0000 emr: 0xffff\ninstdone: 0xfa41 instpm: 0x0000\nmemmode: 0x00000306 instps: 0x80007806\nhwstam: 0xffff ier: 0x0000 imr: 0xffff iir: 0x0000\nRing at virtual 0x28a00000 head 0x1e7ec tail 0x1e948 count 87\nRing at virtual 0x28a00000 head 0x1e7ec tail 0x1e948 count 87\nRing at virtual 0x28a00000 head 0x1e7ec tail 0x1e948 count 87\nRing at virtual 0x28a00000 head 0x1e7ec tail 0x1e948 count 87\nRing at virtual 0x28a00000 head 0x1e7ec tail 0x1e948 count 87\nRing at virtual 0x28a00000 head 0x1e7ec tail 0x1e948 count 87\nRing end\nspace: 130708 wanted 131064\n\nFatalError re-entered, aborting\nlockup\n\nXIO:  fatal IO error 53 (Software caused connection abort) on X server \":0.0\"\n      after 0 requests (0 known processed) with 0 events remaining.\n--------------------------------------------------------------------------------\n\nAfter Xorg crushes I needs reboot to start again since starting it again causes the same error at start.\n\n--------------------------------------------------------------------------------\n# pciconv -lv\nhostb0@pci0:0:0:0:      class=0x060000 card=0x73581462 chip=0x29b08086 rev=0x02 hdr=0x00\n    vendor     = 'Intel Corporation'\n    device     = '(??) DRAM Controller'\n    class      = bridge\n    subclass   = HOST-PCI\nvgapci0@pci0:0:2:0:     class=0x030000 card=0x73581462 chip=0x29b28086 rev=0x02 hdr=0x00\n    vendor     = 'Intel Corporation'\n    device     = '(??) Integrated Graphics Controller'\n    class      = display\n    subclass   = VGA\nnone0@pci0:0:3:0:       class=0x078000 card=0x73581462 chip=0x29b48086 rev=0x02 hdr=0x00\n    vendor     = 'Intel Corporation'\n    device     = '(??) HECI Controller'\n    class      = simple comms\nem0@pci0:0:25:0:        class=0x020000 card=0x358c1462 chip=0x10bd8086 rev=0x02 hdr=0x00\n    vendor     = 'Intel Corporation'\n    device     = '82566DM-2 Gigabit Network Connection'\n    class      = network\n    subclass   = ethernet\nuhci0@pci0:0:26:0:      class=0x0c0300 card=0x73581462 chip=0x29378086 rev=0x02 hdr=0x00\n    vendor     = 'Intel Corporation'\n    device     = '82801IB/IR/IH (ICH9 Family) USB Universal Host Controller'\n    class      = serial bus\n    subclass   = USB\nuhci1@pci0:0:26:1:      class=0x0c0300 card=0x73581462 chip=0x29388086 rev=0x02 hdr=0x00\n    vendor     = 'Intel Corporation'\n    device     = '82801IB/IR/IH (ICH9 Family) USB Universal Host Controller'\n    class      = serial bus\n    subclass   = USB\nuhci2@pci0:0:26:2:      class=0x0c0300 card=0x73581462 chip=0x29398086 rev=0x02 hdr=0x00\n    vendor     = 'Intel Corporation'\n    device     = '82801IB/IR/IH (ICH9 Family) USB Universal Host Controller'\n    class      = serial bus\n    subclass   = USB\nehci0@pci0:0:26:7:      class=0x0c0320 card=0x73581462 chip=0x293c8086 rev=0x02 hdr=0x00\n    vendor     = 'Intel Corporation'\n    device     = '82801IB/IR/IH (ICH9 Family) USB2 Enhanced Host Controller'\n    class      = serial bus\n    subclass   = USB\npcm0@pci0:0:27:0:       class=0x040300 card=0x73581462 chip=0x293e8086 rev=0x02 hdr=0x00\n    vendor     = 'Intel Corporation'\n    device     = '82801IB/IR/IH (ICH9 Family) HD Audio Controller'\n    class      = multimedia\nuhci3@pci0:0:29:0:      class=0x0c0300 card=0x73581462 chip=0x29348086 rev=0x02 hdr=0x00\n    vendor     = 'Intel Corporation'\n    device     = '82801IB/IR/IH (ICH9 Family) USB Universal Host Controller'\n    class      = serial bus\n    subclass   = USB\nuhci4@pci0:0:29:1:      class=0x0c0300 card=0x73581462 chip=0x29358086 rev=0x02 hdr=0x00\n    vendor     = 'Intel Corporation'\n    device     = '82801IB/IR/IH (ICH9 Family) USB Universal Host Controller'\n    class      = serial bus\n    subclass   = USB\nuhci5@pci0:0:29:2:      class=0x0c0300 card=0x73581462 chip=0x29368086 rev=0x02 hdr=0x00\n    vendor     = 'Intel Corporation'\n    device     = '82801IB/IR/IH (ICH9 Family) USB Universal Host Controller'\n    class      = serial bus\n    subclass   = USB\nehci1@pci0:0:29:7:      class=0x0c0320 card=0x73581462 chip=0x293a8086 rev=0x02 hdr=0x00\n    vendor     = 'Intel Corporation'\n    device     = '82801IB/IR/IH (ICH9 Family) USB2 Enhanced Host Controller'\n    class      = serial bus\n    subclass   = USB\npcib1@pci0:0:30:0:      class=0x060401 card=0x73581462 chip=0x244e8086 rev=0x92 hdr=0x01\n    vendor     = 'Intel Corporation'\n    device     = '82801 Family (ICH2/3/4/4/5/5/6/7/8/9,63xxESB) Hub Interface to PCI Bridge'\n    class      = bridge\n    subclass   = PCI-PCI\nisab0@pci0:0:31:0:      class=0x060100 card=0x73581462 chip=0x29148086 rev=0x02 hdr=0x00\n    vendor     = 'Intel Corporation'\n    device     = '82801IB/IR/IH (ICH9 Family) DO LPC Interface Controller'\n    class      = bridge\n    subclass   = PCI-ISA\natapci0@pci0:0:31:2:    class=0x01018f card=0x73581462 chip=0x29208086 rev=0x02 hdr=0x00\n    vendor     = 'Intel Corporation'\n    device     = '82801IB/IR/IH (ICH9 Family) 4 port Serial ATA Storage Controller 1'\n    class      = mass storage\n    subclass   = ATA\nnone1@pci0:0:31:3:      class=0x0c0500 card=0x73581462 chip=0x29308086 rev=0x02 hdr=0x00\n    vendor     = 'Intel Corporation'\n    device     = '82801IB/IR/IH (ICH9 Family) SMBus Controller'\n    class      = serial bus\n    subclass   = SMBus\natapci1@pci0:0:31:5:    class=0x010185 card=0x73581462 chip=0x29268086 rev=0x02 hdr=0x00\n    vendor     = 'Intel Corporation'\n    device     = '82801IB/IR/IH (ICH9 Family) 2 port Serial ATA Storage Controller 2'\n    class      = mass storage\n    subclass   = ATA\n--------------------------------------------------------------------------------\n\n--------------------------------------------------------------------------------\n# vmstat -i\ninterrupt                          total       rate\nirq1: atkbd0                       11939          1\nirq6: fdc0                             1          0\nirq12: psm0                       242684         30\nirq19: uhci2 uhci*                638036         80\nirq22: pcm0                         7855          0\nirq23: uhci3 ehci1                  6346          0\ncpu0: timer                     15843645       1999\nirq256: em0                       396376         50\ncpu1: timer                     15834901       1998\nTotal                           32981783       4163\n--------------------------------------------------------------------------------\n\n--------------------------------------------------------------------------------\n# dmesg -a\nCopyright (c) 1992-2009 The FreeBSD Project.\nCopyright (c) 1979, 1980, 1983, 1986, 1988, 1989, 1991, 1992, 1993, 1994\n\tThe Regents of the University of California. All rights reserved.\nFreeBSD is a registered trademark of The FreeBSD Foundation.\nFreeBSD 7.1-RELEASE #0: Thu Jan  1 14:37:25 UTC 2009\n    root@logan.cse.buffalo.edu:/usr/obj/usr/src/sys/GENERIC\nTimecounter \"i8254\" frequency 1193182 Hz quality 0\nCPU: Intel(R) Core(TM)2 CPU          6320  @ 1.86GHz (1868.53-MHz 686-class CPU)\n  Origin = \"GenuineIntel\"  Id = 0x6f6  Stepping = 6\n  Features=0xbfebfbff\u003cFPU,VME,DE,PSE,TSC,MSR,PAE,MCE,CX8,APIC,SEP,MTRR,PGE,MCA,CMOV,PAT,PSE36,CLFLUSH,DTS,ACPI,MMX,FXSR,SSE,SSE2,SS,HTT,TM,PBE\u003e\n  Features2=0xe3bd\u003cSSE3,DTES64,MON,DS_CPL,VMX,EST,TM2,SSSE3,CX16,xTPR,PDCM\u003e\n  AMD Features=0x20100000\u003cNX,LM\u003e\n  AMD Features2=0x1\u003cLAHF\u003e\n  Cores per package: 2\nreal memory  = 2099838976 (2002 MB)\navail memory = 2045009920 (1950 MB)\nACPI APIC Table: \u003c051508 APIC1239\u003e\nFreeBSD/SMP: Multiprocessor System Detected: 2 CPUs\n cpu0 (BSP): APIC ID:  0\n cpu1 (AP): APIC ID:  1\nioapic0 \u003cVersion 2.0\u003e irqs 0-23 on motherboard\nkbd1 at kbdmux0\nath_hal: 0.9.20.3 (AR5210, AR5211, AR5212, RF5111, RF5112, RF2413, RF5413)\nacpi0: \u003c051508 RSDT1239\u003e on motherboard\nacpi0: [ITHREAD]\nacpi0: Power Button (fixed)\nunknown: memory range not supported\nacpi0: reservation of 0, a0000 (3) failed\nacpi0: reservation of 100000, 7d500000 (3) failed\nTimecounter \"ACPI-safe\" frequency 3579545 Hz quality 850\nacpi_timer0: \u003c24-bit timer at 3.579545MHz\u003e port 0x808-0x80b on acpi0\nacpi_hpet0: \u003cHigh Precision Event Timer\u003e iomem 0xfed00000-0xfed003ff on acpi0\nTimecounter \"HPET\" frequency 14318180 Hz quality 900\npcib0: \u003cACPI Host-PCI bridge\u003e port 0xcf8-0xcff on acpi0\npci0: \u003cACPI PCI bus\u003e on pcib0\nvgapci0: \u003cVGA-compatible display\u003e port 0xec00-0xec07 mem 0xfeb80000-0xfebfffff,0xd0000000-0xdfffffff,0xfea00000-0xfeafffff irq 16 at device 2.0 on pci0\nagp0: \u003cIntel Q35 SVGA controller\u003e on vgapci0\nagp0: detected 6140k stolen memory\nagp0: aperture size is 256M\npci0: \u003csimple comms\u003e at device 3.0 (no driver attached)\nem0: \u003cIntel(R) PRO/1000 Network Connection 6.9.6\u003e port 0xe880-0xe89f mem 0xfeb40000-0xfeb5ffff,0xfeb7a000-0xfeb7afff irq 20 at device 25.0 on pci0\nem0: Using MSI interrupt\nem0: [FILTER]\nem0: Ethernet address: 00:1d:92:a4:16:54\nuhci0: \u003cUHCI (generic) USB controller\u003e port 0xe800-0xe81f irq 16 at device 26.0 on pci0\nuhci0: [GIANT-LOCKED]\nuhci0: [ITHREAD]\nusb0: \u003cUHCI (generic) USB controller\u003e on uhci0\nusb0: USB revision 1.0\nuhub0: \u003cIntel UHCI root hub, class 9/0, rev 1.00/1.00, addr 1\u003e on usb0\nuhub0: 2 ports with 2 removable, self powered\nuhci1: \u003cUHCI (generic) USB controller\u003e port 0xe480-0xe49f irq 21 at device 26.1 on pci0\nuhci1: [GIANT-LOCKED]\nuhci1: [ITHREAD]\nusb1: \u003cUHCI (generic) USB controller\u003e on uhci1\nusb1: USB revision 1.0\nuhub1: \u003cIntel UHCI root hub, class 9/0, rev 1.00/1.00, addr 1\u003e on usb1\nuhub1: 2 ports with 2 removable, self powered\nuhci2: \u003cUHCI (generic) USB controller\u003e port 0xe400-0xe41f irq 19 at device 26.2 on pci0\nuhci2: [GIANT-LOCKED]\nuhci2: [ITHREAD]\nusb2: \u003cUHCI (generic) USB controller\u003e on uhci2\nusb2: USB revision 1.0\nuhub2: \u003cIntel UHCI root hub, class 9/0, rev 1.00/1.00, addr 1\u003e on usb2\nuhub2: 2 ports with 2 removable, self powered\nehci0: \u003cEHCI (generic) USB 2.0 controller\u003e mem 0xfeb7b800-0xfeb7bbff irq 18 at device 26.7 on pci0\nehci0: [GIANT-LOCKED]\nehci0: [ITHREAD]\nusb3: EHCI version 1.0\nusb3: companion controllers, 2 ports each: usb0 usb1 usb2\nusb3: \u003cEHCI (generic) USB 2.0 controller\u003e on ehci0\nusb3: USB revision 2.0\nuhub3: \u003cIntel EHCI root hub, class 9/0, rev 2.00/1.00, addr 1\u003e on usb3\nuhub3: 6 ports with 6 removable, self powered\npcm0: \u003cIntel 82801I High Definition Audio Controller\u003e mem 0xfeb70000-0xfeb73fff irq 22 at device 27.0 on pci0\npcm0: [ITHREAD]\nuhci3: \u003cUHCI (generic) USB controller\u003e port 0xe080-0xe09f irq 23 at device 29.0 on pci0\nuhci3: [GIANT-LOCKED]\nuhci3: [ITHREAD]\nusb4: \u003cUHCI (generic) USB controller\u003e on uhci3\nusb4: USB revision 1.0\nuhub4: \u003cIntel UHCI root hub, class 9/0, rev 1.00/1.00, addr 1\u003e on usb4\nuhub4: 2 ports with 2 removable, self powered\nuhci4: \u003cUHCI (generic) USB controller\u003e port 0xe000-0xe01f irq 19 at device 29.1 on pci0\nuhci4: [GIANT-LOCKED]\nuhci4: [ITHREAD]\nusb5: \u003cUHCI (generic) USB controller\u003e on uhci4\nusb5: USB revision 1.0\nuhub5: \u003cIntel UHCI root hub, class 9/0, rev 1.00/1.00, addr 1\u003e on usb5\nuhub5: 2 ports with 2 removable, self powered\nuhci5: \u003cUHCI (generic) USB controller\u003e port 0xdc00-0xdc1f irq 18 at device 29.2 on pci0\nuhci5: [GIANT-LOCKED]\nuhci5: [ITHREAD]\nusb6: \u003cUHCI (generic) USB controller\u003e on uhci5\nusb6: USB revision 1.0\nuhub6: \u003cIntel UHCI root hub, class 9/0, rev 1.00/1.00, addr 1\u003e on usb6\nuhub6: 2 ports with 2 removable, self powered\nehci1: \u003cEHCI (generic) USB 2.0 controller\u003e mem 0xfeb7b400-0xfeb7b7ff irq 23 at device 29.7 on pci0\nehci1: [GIANT-LOCKED]\nehci1: [ITHREAD]\nusb7: EHCI version 1.0\nusb7: companion controllers, 2 ports each: usb4 usb5 usb6\nusb7: \u003cEHCI (generic) USB 2.0 controller\u003e on ehci1\nusb7: USB revision 2.0\nuhub7: \u003cIntel EHCI root hub, class 9/0, rev 2.00/1.00, addr 1\u003e on usb7\nuhub7: 6 ports with 6 removable, self powered\numass0: \u003cKingston DataTraveler 2.0, class 0/0, rev 2.00/2.00, addr 2\u003e on uhub7\npcib1: \u003cACPI PCI-PCI bridge\u003e at device 30.0 on pci0\npci1: \u003cACPI PCI bus\u003e on pcib1\nisab0: \u003cPCI-ISA bridge\u003e at device 31.0 on pci0\nisa0: \u003cISA bus\u003e on isab0\natapci0: \u003cIntel ICH9 SATA300 controller\u003e port 0xd880-0xd887,0xd800-0xd803,0xd480-0xd487,0xd400-0xd403,0xd080-0xd08f,0xd000-0xd00f irq 19 at device 31.2 on pci0\natapci0: [ITHREAD]\nata2: \u003cATA channel 0\u003e on atapci0\nata2: [ITHREAD]\nata3: \u003cATA channel 1\u003e on atapci0\nata3: [ITHREAD]\npci0: \u003cserial bus, SMBus\u003e at device 31.3 (no driver attached)\natapci1: \u003cIntel ICH9 SATA300 controller\u003e port 0xc880-0xc887,0xc800-0xc803,0xc480-0xc487,0xc400-0xc403,0xc080-0xc08f,0xc000-0xc00f irq 19 at device 31.5 on pci0\natapci1: [ITHREAD]\nata4: \u003cATA channel 0\u003e on atapci1\nata4: [ITHREAD]\nata5: \u003cATA channel 1\u003e on atapci1\nata5: [ITHREAD]\nacpi_button0: \u003cPower Button\u003e on acpi0\nfdc0: \u003cfloppy drive controller (FDE)\u003e port 0x3f0-0x3f5,0x3f7 irq 6 drq 2 on acpi0\nfdc0: [FILTER]\natkbdc0: \u003cKeyboard controller (i8042)\u003e port 0x60,0x64 irq 1 on acpi0\natkbd0: \u003cAT Keyboard\u003e irq 1 on atkbdc0\nkbd0 at atkbd0\natkbd0: [GIANT-LOCKED]\natkbd0: [ITHREAD]\npsm0: \u003cPS/2 Mouse\u003e irq 12 on atkbdc0\npsm0: [GIANT-LOCKED]\npsm0: [ITHREAD]\npsm0: model IntelliMouse, device ID 3\ncpu0: \u003cACPI CPU\u003e on acpi0\nACPI Warning (tbutils-0243): Incorrect checksum in table [OEMB] -  5C, should be 54 [20070320]\nest0: \u003cEnhanced SpeedStep Frequency Control\u003e on cpu0\np4tcc0: \u003cCPU Frequency Thermal Control\u003e on cpu0\ncpu1: \u003cACPI CPU\u003e on acpi0\nest1: \u003cEnhanced SpeedStep Frequency Control\u003e on cpu1\nest: CPU supports Enhanced Speedstep, but is not recognized.\nest: cpu_vendor GenuineIntel, msr 728072806000728\ndevice_attach: est1 attach returned 6\np4tcc1: \u003cCPU Frequency Thermal Control\u003e on cpu1\npmtimer0 on isa0\norm0: \u003cISA Option ROM\u003e at iomem 0xcb800-0xcc7ff pnpid ORM0000 on isa0\nata0 at port 0x1f0-0x1f7,0x3f6 irq 14 on isa0\nata0: [ITHREAD]\nata1 at port 0x170-0x177,0x376 irq 15 on isa0\nata1: [ITHREAD]\nppc0: parallel port not found.\nsc0: \u003cSystem console\u003e at flags 0x100 on isa0\nsc0: VGA \u003c16 virtual consoles, flags=0x300\u003e\nsio0: configured irq 4 not in bitmap of probed irqs 0\nsio0: port may not be enabled\nsio0: configured irq 4 not in bitmap of probed irqs 0\nsio0: port may not be enabled\nsio0 at port 0x3f8-0x3ff irq 4 flags 0x10 on isa0\nsio0: type 8250 or not responding\nsio0: [FILTER]\nsio1: configured irq 3 not in bitmap of probed irqs 0\nsio1: port may not be enabled\nvga0: \u003cGeneric ISA VGA\u003e at port 0x3c0-0x3df iomem 0xa0000-0xbffff on isa0\nTimecounters tick every 1.000 msec\nad5: 152627MB \u003cHitachi HDS721616PLA380 P22OABEA\u003e at ata2-slave SATA300\nacd0: DVDR \u003cHL-DT-ST DVDRAM GSA-H60N/CV02\u003e at ata5-master SATA150\npcm0: \u003cHDA Codec: Realtek ALC888\u003e\npcm0: \u003cHDA Driver Revision: 20080420_0052\u003e\nSMP: AP CPU #1 Launched!\nda0 at umass-sim0 bus 0 target 0 lun 0\nda0: \u003cKingston DataTraveler 2.0 1.00\u003e Removable Direct Access SCSI-2 device \nda0: 40.000MB/s transfers\nda0: 15384MB (31506432 512 byte sectors: 255H 63S/T 1961C)\nGEOM_LABEL: Label for provider acd0 is iso9660/ISO_vmx.\nGEOM_LABEL: Label for provider da0s1 is msdosfs/KINGSTON.\nTrying to mount root from ufs:/dev/ad5s1a\nLoading configuration files.\nkernel dumps on /dev/ad5s1b\nEntropy harvesting:\n interrupts\n ethernet\n point_to_point\n kickstart"
}