{
 "id": 1075712,
 "bug_id": 242039,
 "attachment_id": 0,
 "creation_time": "2019-11-17T21:34:16Z",
 "creator": "vezhlys@gmail.com",
 "text": "There's a regression on my eBox 3352DX3-AP system since 12.0 release. It started to crash on boot with the following backtrace (typed manually):\n\npanic: vm_fault_hold fault on nofault entry, addr: 0\ncpuid = 1\ntime = 1\nKDB: stack backtrace:\n0x103c50e at kdb_backtrace+0x4e\n0xff6001 at vpanic+0x121\n0xff5ed4 at panic+0x14\n0x12f629e at vm_fault_hold+0x274e\n0x12f3b0a at vm_fault+0x4a\n0x155cfce at trap_pfault+0xbe\n0x155c66c at trap+0x3ac\n0xffc0316d at PTDpde+0x4175\n0xfbf370 at ithread_loop+0x1c0\n0xfbc8da at fork_exit+0x6a\n0xffc033ca at PTDpde+0x43d2\n\nThe boot was performed using FreeBSD memstick installation image. The system is based on DM\u0026P Vortex86DX3 CPU and was successfully booting on 12.0 release. dmesg from 12.0 can be found below (in comparison, the crash seems to happen after \"ohci0: \u003cOHCI (generic) USB controller\u003e mem 0xfebee000-0xfebeefff irq 18 at device 10.0 on pci0\" line in 12.1):\n\n---\u003c\u003cBOOT\u003e\u003e---\nCopyright (c) 1992-2018 The FreeBSD Project.\nCopyright (c) 1979, 1980, 1983, 1986, 1988, 1989, 1991, 1992, 1993, 1994\n\tThe Regents of the University of California. All rights reserved.\nFreeBSD is a registered trademark of The FreeBSD Foundation.\nFreeBSD 12.0-RELEASE r341666 GENERIC i386\nFreeBSD clang version 6.0.1 (tags/RELEASE_601/final 335540) (based on LLVM 6.0.1)\nVT(vga): resolution 640x480\nCPU: Pentium ProUnknown (1000.02-MHz 686-class CPU)\n  Origin=\"Vortex86 SoC\"  Id=0x611\nreal memory  = 2147483648 (2048 MB)\navail memory = 2005929984 (1913 MB)\nEvent timer \"LAPIC\" quality 100\nACPI APIC Table: \u003cR D C  APIC1706\u003e\nFreeBSD/SMP: Multiprocessor System Detected: 2 CPUs\nFreeBSD/SMP: 2 package(s) x 1 core(s)\nrandom: unblocking device.\nioapic0 \u003cVersion 2.0\u003e irqs 0-23 on motherboard\nLaunching APs: 1\nrandom: entropy device external interface\nkbd1 at kbdmux0\n[ath_hal] loaded\nmodule_register_init: MOD_LOAD (vesa, 0x15f8f40, 0) error 19\nnexus0\nvtvga0: \u003cVT VGA driver\u003e on motherboard\ncryptosoft0: \u003csoftware crypto\u003e on motherboard\nacpi0: \u003cR D C QA09   \u003e on motherboard\nacpi0: Power Button (fixed)\ncpu0: \u003cACPI CPU\u003e on acpi0\nattimer0: \u003cAT timer\u003e port 0x40-0x43 irq 0 on acpi0\nTimecounter \"i8254\" frequency 1193182 Hz quality 0\nEvent timer \"i8254\" frequency 1193182 Hz quality 100\natrtc0: \u003cAT realtime clock\u003e port 0x70-0x71 irq 8 on acpi0\natrtc0: registered as a time-of-day clock, resolution 1.000000s\nEvent timer \"RTC\" frequency 32768 Hz quality 0\nTimecounter \"ACPI-safe\" frequency 3579545 Hz quality 850\nacpi_timer0: \u003c24-bit timer at 3.579545MHz\u003e port 0x808-0x80b on acpi0\nacpi_ec0: \u003cEmbedded Controller: GPE 0\u003e port 0x62,0x66 on acpi0\npcib0: \u003cACPI Host-PCI bridge\u003e port 0xcf8-0xcff on acpi0\npci0: \u003cACPI PCI bus\u003e on pcib0\npcib1: \u003cACPI PCI-PCI bridge\u003e irq 16 at device 1.0 on pci0\npcib1: [GIANT-LOCKED]\npcib2: \u003cACPI PCI-PCI bridge\u003e irq 17 at device 2.0 on pci0\npcib2: [GIANT-LOCKED]\nisab0: \u003cPCI-ISA bridge\u003e at device 7.0 on pci0\nisa0: \u003cISA bus\u003e on isab0\nisab1: \u003cPCI-ISA bridge\u003e at device 7.1 on pci0\ndevice_attach: isab1 attach returned 6\nvte0: \u003cRDC R6040 FastEthernet\u003e port 0xef00-0xefff mem 0xfebefc00-0xfebefcff irq 19 at device 8.0 on pci0\nmiibus0: \u003cMII bus\u003e on vte0\nukphy0: \u003cGeneric IEEE 802.3u media interface\u003e PHY 1 on miibus0\nukphy0:  none, 10baseT, 10baseT-FDX, 100baseTX, 100baseTX-FDX, auto\nvte0: Ethernet address: xx:xx:xx:xx:xx:xx\nohci0: \u003cOHCI (generic) USB controller\u003e mem 0xfebee000-0xfebeefff irq 18 at device 10.0 on pci0\nusbus0 on ohci0\nusbus0: 12Mbps Full Speed USB v1.0\nehci0: \u003cEHCI (generic) USB 2.0 controller\u003e mem 0xfebef800-0xfebef8ff irq 21 at device 10.1 on pci0\nusbus1: EHCI version 1.0\nusbus1 on ehci0\nusbus1: 480Mbps High Speed USB v2.0\natapci0: \u003cGeneric ATA controller\u003e port 0xee80-0xee87,0xee00-0xee03,0xed80-0xed87,0xed00-0xed03,0xec80-0xec8f irq 23 at device 12.0 on pci0\nata2: \u003cATA channel\u003e at channel 0 on atapci0\nata3: \u003cATA channel\u003e at channel 1 on atapci0\nvgapci0: \u003cVGA-compatible display\u003e port 0xec00-0xec7f mem 0xf8000000-0xfbffffff,0xfebc0000-0xfebdffff at device 13.0 on pci0\nvgapci0: Boot video device\nhdac0: \u003cRDC M3010 HDA Controller\u003e mem 0xfebe4000-0xfebe7fff irq 18 at device 14.0 on pci0\npci0: \u003cwireless controller, iRDA\u003e at device 15.0 (no driver attached)\nacpi_button0: \u003cPower Button\u003e on acpi0\nacpi_button1: \u003cSleep Button\u003e on acpi0\nacpi_lid0: \u003cControl Method Lid Switch\u003e on acpi0\nacpi_tz0: \u003cThermal Zone\u003e on acpi0\nacpi_acad0: \u003cAC Adapter\u003e on acpi0\norm0: \u003cISA Option ROM\u003e at iomem 0xc0000-0xc7fff pnpid ORM0000 on isa0\nata0: \u003cATA channel\u003e at port 0x1f0-0x1f7,0x3f6 irq 14 on isa0\nata0: non-PNP ISA device will be removed from GENERIC in FreeBSD 12.\nata1: \u003cATA channel\u003e at port 0x170-0x177,0x376 irq 15 on isa0\nata1: non-PNP ISA device will be removed from GENERIC in FreeBSD 12.\natkbdc0: \u003cKeyboard controller (i8042)\u003e at port 0x60,0x64 on isa0\natkbd0: \u003cAT Keyboard\u003e irq 1 on atkbdc0\nkbd0 at atkbd0\natkbd0: [GIANT-LOCKED]\natkbdc0: non-PNP ISA device will be removed from GENERIC in FreeBSD 12.\nppc0: parallel port not found.\nTimecounters tick every 1.000 msec\nhdacc0: \u003cRealtek ALC262 HDA CODEC\u003e at cad 1 on hdac0\nhdaa0: \u003cRealtek ALC262 Audio Function Group\u003e at nid 1 on hdacc0\npcm0: \u003cRealtek ALC262 (Analog)\u003e at nid 20 and 25 on hdaa0\npcm1: \u003cRealtek ALC262 (Digital)\u003e at nid 30 on hdaa0\npcm2: \u003cRealtek ALC262 (Rear Analog Line-in)\u003e at nid 26 on hdaa0\nugen0.1: \u003c(0x17f3) OHCI root HUB\u003e at usbus0\nugen1.1: \u003c(0x17f3) EHCI root HUB\u003e at usbus1\nuhub0: \u003c(0x17f3) OHCI root HUB, class 9/0, rev 1.00/1.00, addr 1\u003e on usbus0\nuhub1: \u003c(0x17f3) EHCI root HUB, class 9/0, rev 2.00/1.00, addr 1\u003e on usbus1\nada0 at ata2 bus 0 scbus0 target 0 lun 0\nada0: \u003cSDU1 D0 RDC SD-IDE HOST CONTROLLER 01000000\u003e ATA-6 device\nada0: Serial Number 00010000000000000000\nada0: 33.300MB/s transfers (UDMA2, PIO 512bytes)\nada0: 30145MB (61736960 512 byte sectors)\nTrying to mount root from ufs:/dev/ada0p2 [rw]...\nuhub0: 4 ports with 4 removable, self powered\nuhub1: 4 ports with 4 removable, self powered\nlo0: link state changed to UP\nugen0.2: \u003cCASUE CASUE USB Keyboard\u003e at usbus0\nukbd0 on uhub0\nukbd0: \u003cU+P Keyboard\u003e on usbus0\nkbd2 at ukbd0\nuhid0 on uhub0\nuhid0: \u003cCASUE CASUE USB Keyboard, class 0/0, rev 1.10/0.01, addr 2\u003e on usbus0"
}