{
 "id": 348461,
 "bug_id": 103186,
 "attachment_id": 0,
 "creation_time": "2006-09-12T13:50:54Z",
 "creator": "mackey@musc.edu",
 "text": "ISO installation of 6.1 Release will not format the file system and\ncommence the installation of the files.\n\nThis is a 6.0 Installation message log - vanilla, if you need hdwe list.\nThe only scsi with drives is the PowerEdge RAID, which formats correctly\nunder 6.0 installation.  I replaced the raid card with another identical\ncard and the results were the same.\n\nSep 12 08:30:29 modo newsyslog[260]: logfile first created\nSep 12 08:30:29 modo syslogd: kernel boot file is /boot/kernel/kernel\nSep 12 08:30:29 modo kernel: Copyright (c) 1992-2005 The FreeBSD Project.\nSep 12 08:30:29 modo kernel: Copyright (c) 1979, 1980, 1983, 1986, 1988, 1989, 1991, 1992, 1993, 1994\nSep 12 08:30:29 modo kernel: The Regents of the University of California. All rights reserved.\nSep 12 08:30:29 modo kernel: FreeBSD 6.0-RELEASE #0: Thu Nov  3 09:36:13 UTC 2005\nSep 12 08:30:29 modo kernel: root@x64.samsco.home:/usr/obj/usr/src/sys/GENERIC\nSep 12 08:30:29 modo kernel: ACPI APIC Table: \u003cDELL   PE2400  \u003e\nSep 12 08:30:29 modo kernel: Timecounter \"i8254\" frequency 1193182 Hz quality 0\nSep 12 08:30:29 modo kernel: CPU: Intel Pentium III (860.89-MHz 686-class CPU)\nSep 12 08:30:29 modo kernel: Origin = \"GenuineIntel\"  Id = 0x686  Stepping = 6\nSep 12 08:30:29 modo kernel: Features=0x387fbff\u003cFPU,VME,DE,PSE,TSC,MSR,PAE,MCE,CX8,APIC,SEP,MTRR,PGE,MCA,CMOV,PAT,PSE36,PN,MMX,FXSR,SSE\u003e\nSep 12 08:30:29 modo kernel: real memory  = 536862720 (511 MB)\nSep 12 08:30:29 modo kernel: avail memory = 516022272 (492 MB)\nSep 12 08:30:29 modo kernel: ioapic0: Changing APIC ID to 2\nSep 12 08:30:29 modo kernel: ioapic1: Changing APIC ID to 3\nSep 12 08:30:29 modo kernel: MADT: Forcing active-low polarity and level trigger for SCI\nSep 12 08:30:29 modo kernel: ioapic0 \u003cVersion 1.1\u003e irqs 0-15 on motherboard\nSep 12 08:30:29 modo kernel: ioapic1 \u003cVersion 1.1\u003e irqs 16-31 on motherboard\nSep 12 08:30:29 modo kernel: npx0: [FAST]\nSep 12 08:30:29 modo kernel: npx0: \u003cmath processor\u003e on motherboard\nSep 12 08:30:29 modo kernel: npx0: INT 16 interface\nSep 12 08:30:29 modo kernel: acpi0: \u003cDELL PE2400\u003e on motherboard\nSep 12 08:30:29 modo kernel: acpi0: Power Button (fixed)\nSep 12 08:30:29 modo kernel: pci_link0: \u003cACPI PCI Link LNKA\u003e on acpi0\nSep 12 08:30:29 modo kernel: pci_link1: \u003cACPI PCI Link LNKB\u003e irq 11 on acpi0\nSep 12 08:30:29 modo kernel: pci_link2: \u003cACPI PCI Link LNKC\u003e on acpi0\nSep 12 08:30:29 modo kernel: pci_link3: \u003cACPI PCI Link LNKD\u003e on acpi0\nSep 12 08:30:29 modo kernel: pci_link4: \u003cACPI PCI Link LNKE\u003e on acpi0\nSep 12 08:30:29 modo kernel: pci_link5: \u003cACPI PCI Link LNKF\u003e on acpi0\nSep 12 08:30:29 modo kernel: pci_link6: \u003cACPI PCI Link LNKG\u003e on acpi0\nSep 12 08:30:29 modo kernel: pci_link7: \u003cACPI PCI Link LNKH\u003e on acpi0\nSep 12 08:30:29 modo kernel: pci_link8: \u003cACPI PCI Link LNKI\u003e irq 5 on acpi0\nSep 12 08:30:29 modo kernel: pci_link9: \u003cACPI PCI Link LNKJ\u003e on acpi0\nSep 12 08:30:29 modo kernel: pci_link10: \u003cACPI PCI Link LNKK\u003e on acpi0\nSep 12 08:30:29 modo kernel: pci_link11: \u003cACPI PCI Link LNKL\u003e on acpi0\nSep 12 08:30:29 modo kernel: pci_link12: \u003cACPI PCI Link LNKM\u003e on acpi0\nSep 12 08:30:29 modo kernel: pci_link13: \u003cACPI PCI Link LNKN\u003e on acpi0\nSep 12 08:30:29 modo kernel: pci_link14: \u003cACPI PCI Link LNKO\u003e irq 10 on acpi0\nSep 12 08:30:29 modo kernel: pci_link15: \u003cACPI PCI Link LNKP\u003e irq 14 on acpi0\nSep 12 08:30:29 modo kernel: pci_link16: \u003cACPI PCI Link LUSB\u003e on acpi0\nSep 12 08:30:29 modo kernel: Timecounter \"ACPI-safe\" frequency 3579545 Hz quality 1000\nSep 12 08:30:29 modo kernel: acpi_timer0: \u003c32-bit timer at 3.579545MHz\u003e port 0x808-0x80b on acpi0\nSep 12 08:30:29 modo kernel: cpu0: \u003cACPI CPU\u003e on acpi0\nSep 12 08:30:29 modo kernel: pcib0: \u003cACPI Host-PCI bridge\u003e on acpi0\nSep 12 08:30:29 modo kernel: pci0: \u003cACPI PCI bus\u003e on pcib0\nSep 12 08:30:29 modo kernel: pcib1: \u003cACPI PCI-PCI bridge\u003e at device 2.0 on pci0\nSep 12 08:30:29 modo kernel: pci1: \u003cACPI PCI bus\u003e on pcib1\nSep 12 08:30:29 modo kernel: ahc0: \u003cAdaptec aic7880 Ultra SCSI adapter\u003e port 0xfc00-0xfcff mem 0xfcfff000-0xfcffffff irq 30 at device 6.0 on pci1\nSep 12 08:30:29 modo kernel: ahc0: [GIANT-LOCKED]\nSep 12 08:30:29 modo kernel: aic7880: Ultra Single Channel A, SCSI Id=7, 16/253 SCBs\nSep 12 08:30:29 modo kernel: fxp0: \u003cIntel 82557 Pro/100 Ethernet\u003e port 0xece0-0xecff mem 0xfa000000-0xfa000fff,0xfe000000-0xfe0fffff irq 17 at device 4.0 on pci0\nSep 12 08:30:29 modo kernel: miibus0: \u003cMII bus\u003e on fxp0\nSep 12 08:30:29 modo kernel: inphy0: \u003ci82555 10/100 media interface\u003e on miibus0\nSep 12 08:30:29 modo kernel: inphy0:  10baseT, 10baseT-FDX, 100baseTX, 100baseTX-FDX, auto\nSep 12 08:30:29 modo kernel: fxp0: Ethernet address: 00:a0:c9:b8:75:d2\nSep 12 08:30:29 modo kernel: pci0: \u003cdisplay, VGA\u003e at device 14.0 (no driver attached)\nSep 12 08:30:29 modo kernel: isab0: \u003cPCI-ISA bridge\u003e port 0x580-0x58f at device 15.0 on pci0\nSep 12 08:30:29 modo kernel: isa0: \u003cISA bus\u003e on isab0\nSep 12 08:30:29 modo kernel: pcib2: \u003cACPI Host-PCI bridge\u003e on acpi0\nSep 12 08:30:29 modo kernel: pci2: \u003cACPI PCI bus\u003e on pcib2\nSep 12 08:30:29 modo kernel: amr0: \u003cLSILogic MegaRAID 1.51\u003e port 0xdc80-0xdcff irq 24 at device 10.0 on pci2\nSep 12 08:30:29 modo kernel: amr0: \u003cSeries 428\u003e Firmware U.77, BIOS 1.47, 32MB RAM\nSep 12 08:30:29 modo kernel: fdc0: \u003cfloppy drive controller\u003e port 0x3f0-0x3f5,0x3f7 irq 6 drq 2 on acpi0\nSep 12 08:30:29 modo kernel: fdc0: [FAST]\nSep 12 08:30:29 modo kernel: fd0: \u003c1440-KB 3.5\" drive\u003e on fdc0 drive 0\nSep 12 08:30:29 modo kernel: atkbdc0: \u003cKeyboard controller (i8042)\u003e port 0x60,0x64 irq 1 on acpi0\nSep 12 08:30:29 modo kernel: atkbd0: \u003cAT Keyboard\u003e irq 1 on atkbdc0\nSep 12 08:30:29 modo kernel: kbd0 at atkbd0\nSep 12 08:30:29 modo kernel: atkbd0: [GIANT-LOCKED]\nSep 12 08:30:29 modo kernel: psm0: \u003cPS/2 Mouse\u003e irq 12 on atkbdc0\nSep 12 08:30:29 modo kernel: psm0: [GIANT-LOCKED]\nSep 12 08:30:29 modo kernel: psm0: model IntelliMouse Explorer, device ID 4\nSep 12 08:30:29 modo kernel: sio0: \u003c16550A-compatible COM port\u003e port 0x3f8-0x3ff irq 4 flags 0x10 on acpi0\nSep 12 08:30:29 modo kernel: sio0: type 16550A\nSep 12 08:30:29 modo kernel: sio1: \u003c16550A-compatible COM port\u003e port 0x2f8-0x2ff irq 3 on acpi0\nSep 12 08:30:29 modo kernel: sio1: type 16550A\nSep 12 08:30:29 modo kernel: ppc0: \u003cECP parallel printer port\u003e port 0x378-0x37f,0x778-0x77f irq 7 on acpi0\nSep 12 08:30:29 modo kernel: ppc0: Generic chipset (ECP/PS2/NIBBLE) in COMPATIBLE mode\nSep 12 08:30:29 modo kernel: ppc0: FIFO with 16/16/8 bytes threshold\nSep 12 08:30:29 modo kernel: ppbus0: \u003cParallel port bus\u003e on ppc0\nSep 12 08:30:29 modo kernel: plip0: \u003cPLIP network interface\u003e on ppbus0\nSep 12 08:30:29 modo kernel: lpt0: \u003cPrinter\u003e on ppbus0\nSep 12 08:30:29 modo kernel: lpt0: Interrupt-driven port\nSep 12 08:30:29 modo kernel: ppi0: \u003cParallel I/O\u003e on ppbus0\nSep 12 08:30:29 modo kernel: pmtimer0 on isa0\nSep 12 08:30:29 modo kernel: orm0: \u003cISA Option ROM\u003e at iomem 0xc0000-0xc7fff on isa0\nSep 12 08:30:29 modo kernel: ata0 at port 0x1f0-0x1f7,0x3f6 irq 14 on isa0\nSep 12 08:30:29 modo kernel: ata1 at port 0x170-0x177,0x376 irq 15 on isa0\nSep 12 08:30:29 modo kernel: sc0: \u003cSystem console\u003e at flags 0x100 on isa0\nSep 12 08:30:29 modo kernel: sc0: VGA \u003c16 virtual consoles, flags=0x300\u003e\nSep 12 08:30:29 modo kernel: vga0: \u003cGeneric ISA VGA\u003e at port 0x3c0-0x3df iomem 0xa0000-0xbffff on isa0\nSep 12 08:30:29 modo kernel: Timecounter \"TSC\" frequency 860887840 Hz quality 800\nSep 12 08:30:29 modo kernel: Timecounters tick every 1.000 msec\nSep 12 08:30:29 modo kernel: Waiting 5 seconds for SCSI devices to settle\nSep 12 08:30:29 modo kernel: amrd0: \u003cLSILogic MegaRAID logical drive\u003e on amr0\nSep 12 08:30:29 modo kernel: amrd0: 51834MB (106156032 sectors) RAID 5 (optimal)\nSep 12 08:30:29 modo kernel: sa0 at ahc0 bus 0 target 5 lun 0\nSep 12 08:30:29 modo kernel: sa0: \u003cQuantum DLT4000 CD50\u003e Removable Sequential Access SCSI-2 device \nSep 12 08:30:29 modo kernel: sa0: 10.000MB/s transfers (10.000MHz, offset 15)\nSep 12 08:30:29 modo kernel: ses0 at amr0 bus 0 target 6 lun 0\nSep 12 08:30:29 modo kernel: ses0: \u003cDELL 1x6     SCSI BP 5.47\u003e Fixed Processor SCSI-2 device \nSep 12 08:30:29 modo kernel: ses0: SAF-TE Compliant Device\nSep 12 08:30:29 modo kernel: cd0 at ahc0 bus 0 target 3 lun 0\nSep 12 08:30:29 modo kernel: cd0: \u003cNEC CD-ROM DRIVE:466 1.06\u003e Removable CD-ROM SCSI-2 device \nSep 12 08:30:29 modo kernel: cd0: 20.000MB/s transfers (20.000MHz, offset 15)\nSep 12 08:30:29 modo kernel: cd0: Attempt to query device size failed: NOT READY, Medium not present\nSep 12 08:30:29 modo kernel: Trying to mount root from ufs:/dev/amrd0s1a\nSep 12 08:30:29 modo savecore: no dumps found\nSep 12 08:30:30 modo root: /etc/rc: WARNING: Setting entropy source to blocking mode.\n\nHow-To-Repeat: Any installation from ISO CD (expert, std, etc.) will replicate the problem"
}