{
 "id": 392226,
 "bug_id": 112570,
 "attachment_id": 0,
 "creation_time": "2010-07-20T06:24:45Z",
 "creator": "dirk.mainhardt@gmail.com",
 "text": "Hallo again.\n\n2010/7/19 Pyun YongHyeon \u003cpyunyh@gmail.com\u003e:\n[...]\n\u003e Thanks for confirming this.\n\u003e I believe recent bge(4) has enabled workaround for BCM5704 B0\n\u003e issues. Brett, can you try latest FreeBSD release on your box and see\n\u003e whether it fixed your issue?\n\u003e\nI've been looking forward to early. The problem is back.\n\nI do a ping from another server in my network to this machine and I\nget package loss with 7.3-RELEASE-p2 kernel. With all old  7.2 kernels\nall works fine.\n\n# ping -c 100 xxx.xxx.xxx.xxx\nPING xxx.xxx.xxx.xxx (xxx.xxx.xxx.xxx): 56 data bytes\n64 bytes from xxx.xxx.xxx.xxx: icmp_seq=0 ttl=64 time=0.260 ms\n64 bytes from xxx.xxx.xxx.xxx: icmp_seq=1 ttl=64 time=0.318 ms\n[...]\n64 bytes from xxx.xxx.xxx.xxx: icmp_seq=99 ttl=64 time=0.454 ms\n\n--- xxx.xxx.xxx.xxx ping statistics ---\n100 packets transmitted, 82 packets received, 18% packet loss\nround-trip min/avg/max/stddev = 0.249/92.654/5060.330/616.763 ms\n\n\n\nHere are the other informations you ask for:\n\n # dmesg\nCopyright (c) 1992-2010 The FreeBSD Project.\nCopyright (c) 1979, 1980, 1983, 1986, 1988, 1989, 1991, 1992, 1993, 1994\n        The Regents of the University of California. All rights reserved.\nFreeBSD is a registered trademark of The FreeBSD Foundation.\nFreeBSD 7.3-RELEASE-p2 #0: Mon Jul 12 19:04:04 UTC 2010\n    root@i386-builder.daemonology.net:/usr/obj/usr/src/sys/GENERIC i386\nTimecounter \"i8254\" frequency 1193182 Hz quality 0\nCPU: Intel(R) Xeon(TM) CPU 3.40GHz (3400.14-MHz 686-class CPU)\n  Origin = \"GenuineIntel\"  Id = 0xf43  Stepping = 3\n  Features=0xbfebfbff\u003cFPU,VME,DE,PSE,TSC,MSR,PAE,MCE,CX8,APIC,SEP,MTRR,PGE,MCA,CMOV,PAT,PSE36,CLFLUSH,DTS,ACPI,MMX,FXSR,SSE,SSE2,SS,HTT,TM,PBE\u003e\n  Features2=0x649d\u003cSSE3,DTES64,MON,DS_CPL,EST,CNXT-ID,CX16,xTPR\u003e\n  AMD Features=0x20000000\u003cLM\u003e\n  Logical CPUs per core: 2\nreal memory  = 3758043136 (3583 MB)\navail memory = 3673956352 (3503 MB)\nACPI APIC Table: \u003cHP     00000083\u003e\nFreeBSD/SMP: Multiprocessor System Detected: 4 CPUs\n cpu0 (BSP): APIC ID:  0\n cpu1 (AP/HT): APIC ID:  1\n cpu2 (AP): APIC ID:  6\n cpu3 (AP/HT): APIC ID:  7\nioapic0 \u003cVersion 2.0\u003e irqs 0-23 on motherboard\nioapic1 \u003cVersion 2.0\u003e irqs 24-47 on motherboard\nioapic2 \u003cVersion 2.0\u003e irqs 48-71 on motherboard\nioapic3 \u003cVersion 2.0\u003e irqs 72-95 on motherboard\nioapic4 \u003cVersion 2.0\u003e irqs 96-119 on motherboard\nkbd1 at kbdmux0\nacpi0: \u003cHP P51\u003e on motherboard\nacpi0: [ITHREAD]\nacpi0: Power Button (fixed)\nTimecounter \"ACPI-safe\" frequency 3579545 Hz quality 850\nacpi_timer0: \u003c24-bit timer at 3.579545MHz\u003e port 0x908-0x90b on acpi0\npcib0: \u003cACPI Host-PCI bridge\u003e on acpi0\npci0: \u003cACPI PCI bus\u003e on pcib0\npcib1: \u003cACPI PCI-PCI bridge\u003e at device 2.0 on pci0\npci2: \u003cACPI PCI bus\u003e on pcib1\npcib2: \u003cACPI PCI-PCI bridge\u003e at device 0.0 on pci2\npci3: \u003cACPI PCI bus\u003e on pcib2\nbge0: \u003cHP NC7782 Gigabit Server Adapter, ASIC rev. 0x002100\u003e mem\n0xfdef0000-0xfdefffff irq 25 at device 1.0 on pci3\nmiibus0: \u003cMII bus\u003e on bge0\nbrgphy0: \u003cBCM5704 10/100/1000baseTX PHY\u003e PHY 1 on miibus0\nbrgphy0:  10baseT, 10baseT-FDX, 100baseTX, 100baseTX-FDX, 1000baseT,\n1000baseT-FDX, auto\nbge0: Ethernet address: 00:14:c2:5b:74:a7\nbge0: [ITHREAD]\nbge1: \u003cHP NC7782 Gigabit Server Adapter, ASIC rev. 0x002100\u003e mem\n0xfdee0000-0xfdeeffff irq 26 at device 1.1 on pci3\nmiibus1: \u003cMII bus\u003e on bge1\nbrgphy1: \u003cBCM5704 10/100/1000baseTX PHY\u003e PHY 1 on miibus1\nbrgphy1:  10baseT, 10baseT-FDX, 100baseTX, 100baseTX-FDX, 1000baseT,\n1000baseT-FDX, auto\nbge1: Ethernet address: 00:14:c2:5b:74:a6\nbge1: [ITHREAD]\npcib3: \u003cACPI PCI-PCI bridge\u003e at device 0.2 on pci2\npci4: \u003cACPI PCI bus\u003e on pcib3\nciss0: \u003cHP Smart Array 6i\u003e port 0x4000-0x40ff mem\n0xfdff0000-0xfdff1fff,0xfdf80000-0xfdfbffff irq 51 at device 3.0 on\npci4\nciss0: [ITHREAD]\npcib4: \u003cACPI PCI-PCI bridge\u003e at device 6.0 on pci0\npci5: \u003cACPI PCI bus\u003e on pcib4\npcib5: \u003cACPI PCI-PCI bridge\u003e at device 0.0 on pci5\npci6: \u003cACPI PCI bus\u003e on pcib5\npcib6: \u003cACPI PCI-PCI bridge\u003e at device 0.2 on pci5\npci10: \u003cACPI PCI bus\u003e on pcib6\nuhci0: \u003cIntel 82801EB (ICH5) USB controller USB-A\u003e port 0x3000-0x301f\nirq 16 at device 29.0 on pci0\nuhci0: [GIANT-LOCKED]\nuhci0: [ITHREAD]\nusb0: \u003cIntel 82801EB (ICH5) USB controller USB-A\u003e on uhci0\nusb0: USB revision 1.0\nuhub0: \u003cIntel UHCI root hub, class 9/0, rev 1.00/1.00, addr 1\u003e on usb0\nuhub0: 2 ports with 2 removable, self powered\nuhci1: \u003cIntel 82801EB (ICH5) USB controller USB-B\u003e port 0x3020-0x303f\nirq 19 at device 29.1 on pci0\nuhci1: [GIANT-LOCKED]\nuhci1: [ITHREAD]\nusb1: \u003cIntel 82801EB (ICH5) USB controller USB-B\u003e on uhci1\nusb1: USB revision 1.0\nuhub1: \u003cIntel UHCI root hub, class 9/0, rev 1.00/1.00, addr 1\u003e on usb1\nuhub1: 2 ports with 2 removable, self powered\nuhci2: \u003cIntel 82801EB (ICH5) USB controller USB-C\u003e port 0x3040-0x305f\nirq 18 at device 29.2 on pci0\nuhci2: [GIANT-LOCKED]\nuhci2: [ITHREAD]\nusb2: \u003cIntel 82801EB (ICH5) USB controller USB-C\u003e on uhci2\nusb2: USB revision 1.0\nuhub2: \u003cIntel UHCI root hub, class 9/0, rev 1.00/1.00, addr 1\u003e on usb2\nuhub2: 2 ports with 2 removable, self powered\nuhci3: \u003cIntel 82801EB (ICH5) USB controller USB-D\u003e port 0x3060-0x307f\nirq 16 at device 29.3 on pci0\nuhci3: [GIANT-LOCKED]\nuhci3: [ITHREAD]\nusb3: \u003cIntel 82801EB (ICH5) USB controller USB-D\u003e on uhci3\nusb3: USB revision 1.0\nuhub3: \u003cIntel UHCI root hub, class 9/0, rev 1.00/1.00, addr 1\u003e on usb3\nuhub3: 2 ports with 2 removable, self powered\nehci0: \u003cIntel 82801EB/R (ICH5) USB 2.0 controller\u003e mem\n0xfbef0000-0xfbef03ff irq 23 at device 29.7 on pci0\nehci0: [GIANT-LOCKED]\nehci0: [ITHREAD]\nusb4: EHCI version 1.0\nusb4: companion controllers, 2 ports each: usb0 usb1 usb2 usb3\nusb4: \u003cIntel 82801EB/R (ICH5) USB 2.0 controller\u003e on ehci0\nusb4: USB revision 2.0\nuhub4: \u003cIntel EHCI root hub, class 9/0, rev 2.00/1.00, addr 1\u003e on usb4\nuhub4: 8 ports with 8 removable, self powered\npcib7: \u003cACPI PCI-PCI bridge\u003e at device 30.0 on pci0\npci1: \u003cACPI PCI bus\u003e on pcib7\nvgapci0: \u003cVGA-compatible display\u003e port 0x2000-0x20ff mem\n0xfc000000-0xfcffffff,0xfbff0000-0xfbff0fff at device 3.0 on pci1\npci1: \u003cbase peripheral\u003e at device 4.0 (no driver attached)\npci1: \u003cbase peripheral\u003e at device 4.2 (no driver attached)\nisab0: \u003cPCI-ISA bridge\u003e at device 31.0 on pci0\nisa0: \u003cISA bus\u003e on isab0\natapci0: \u003cIntel ICH5 UDMA100 controller\u003e port\n0x1f0-0x1f7,0x3f6,0x170-0x177,0x376,0x500-0x50f at device 31.1 on pci0\nata0: \u003cATA channel 0\u003e on atapci0\nata0: [ITHREAD]\nata1: \u003cATA channel 1\u003e on atapci0\nata1: [ITHREAD]\nacpi_tz0: \u003cThermal Zone\u003e on acpi0\natkbdc0: \u003cKeyboard controller (i8042)\u003e port 0x60,0x64 irq 1 on acpi0\natkbd0: \u003cAT Keyboard\u003e irq 1 on atkbdc0\nkbd0 at atkbd0\natkbd0: [GIANT-LOCKED]\natkbd0: [ITHREAD]\npsm0: \u003cPS/2 Mouse\u003e irq 12 on atkbdc0\npsm0: [GIANT-LOCKED]\npsm0: [ITHREAD]\npsm0: model IntelliMouse, device ID 3\nsio0: \u003cStandard PC COM port\u003e port 0x3f8-0x3ff irq 4 flags 0x10 on acpi0\nsio0: type 16550A\nsio0: [FILTER]\nfdc0: \u003cfloppy drive controller (FDE)\u003e port 0x3f2-0x3f5 irq 6 drq 2 on acpi0\nfdc0: [FILTER]\ncpu0: \u003cACPI CPU\u003e on acpi0\nacpi_perf0: \u003cACPI CPU Frequency Control\u003e on cpu0\np4tcc0: \u003cCPU Frequency Thermal Control\u003e on cpu0\ncpu1: \u003cACPI CPU\u003e on acpi0\nest1: \u003cEnhanced SpeedStep Frequency Control\u003e on cpu1\nest: CPU supports Enhanced Speedstep, but is not recognized.\nest: cpu_vendor GenuineIntel, msr 112d0000112d\ndevice_attach: est1 attach returned 6\np4tcc1: \u003cCPU Frequency Thermal Control\u003e on cpu1\ncpu2: \u003cACPI CPU\u003e on acpi0\nest2: \u003cEnhanced SpeedStep Frequency Control\u003e on cpu2\nest: CPU supports Enhanced Speedstep, but is not recognized.\nest: cpu_vendor GenuineIntel, msr 112d0000112d\ndevice_attach: est2 attach returned 6\np4tcc2: \u003cCPU Frequency Thermal Control\u003e on cpu2\ncpu3: \u003cACPI CPU\u003e on acpi0\nest3: \u003cEnhanced SpeedStep Frequency Control\u003e on cpu3\nest: CPU supports Enhanced Speedstep, but is not recognized.\nest: cpu_vendor GenuineIntel, msr 112d0000112d\ndevice_attach: est3 attach returned 6\np4tcc3: \u003cCPU Frequency Thermal Control\u003e on cpu3\npmtimer0 on isa0\norm0: \u003cISA Option ROMs\u003e at iomem\n0xc0000-0xc7fff,0xc8000-0xcbfff,0xee000-0xeffff pnpid ORM0000 on isa0\nppc0: parallel port not found.\nsc0: \u003cSystem console\u003e at flags 0x100 on isa0\nsc0: VGA \u003c16 virtual consoles, flags=0x300\u003e\nsio1 at port 0x2f8-0x2ff irq 3 on isa0\nsio1: type 16550A\nsio1: [FILTER]\nvga0: \u003cGeneric ISA VGA\u003e at port 0x3c0-0x3df iomem 0xa0000-0xbffff on isa0\nTimecounters tick every 1.000 msec\nacd0: DVDROM \u003cDV-28E-N/C.6B\u003e at ata0-master UDMA33\nSMP: AP CPU #3 Launched!\nSMP: AP CPU #1 Launched!\nSMP: AP CPU #2 Launched!\nda0 at ciss0 bus 0 target 0 lun 0\nda0: \u003cCOMPAQ RAID 1  VOLUME OK\u003e Fixed Direct Access SCSI-4 device\nda0: 135.168MB/s transfers\nda0: Command Queueing Enabled\nda0: 34726MB (71119755 512 byte sectors: 255H 63S/T 4427C)\nTrying to mount root from ufs:/dev/da0s1a\n\n\n# sysctl dev.bge.0.stats\ndev.bge.0.stats.FramesDroppedDueToFilters: 0\ndev.bge.0.stats.DmaWriteQueueFull: 0\ndev.bge.0.stats.DmaWriteHighPriQueueFull: 0\ndev.bge.0.stats.NoMoreRxBDs: 0\ndev.bge.0.stats.InputDiscards: 0\ndev.bge.0.stats.InputErrors: 0\ndev.bge.0.stats.RecvThresholdHit: 630546\ndev.bge.0.stats.DmaReadQueueFull: 42\ndev.bge.0.stats.DmaReadHighPriQueueFull: 0\ndev.bge.0.stats.SendDataCompQueueFull: 0\ndev.bge.0.stats.RingSetSendProdIndex: 764149\ndev.bge.0.stats.RingStatusUpdate: 1089657\ndev.bge.0.stats.Interrupts: 1089657\ndev.bge.0.stats.AvoidedInterrupts: 0\ndev.bge.0.stats.SendThresholdHit: 0\ndev.bge.0.stats.rx.Octets: 816231493\ndev.bge.0.stats.rx.Fragments: 2\ndev.bge.0.stats.rx.UcastPkts: 905498\ndev.bge.0.stats.rx.MulticastPkts: 0\ndev.bge.0.stats.rx.FCSErrors: 5\ndev.bge.0.stats.rx.AlignmentErrors: 0\ndev.bge.0.stats.rx.xonPauseFramesReceived: 0\ndev.bge.0.stats.rx.xoffPauseFramesReceived: 0\ndev.bge.0.stats.rx.ControlFramesReceived: 0\ndev.bge.0.stats.rx.xoffStateEntered: 0\ndev.bge.0.stats.rx.FramesTooLong: 0\ndev.bge.0.stats.rx.Jabbers: 0\ndev.bge.0.stats.rx.UndersizePkts: 0\ndev.bge.0.stats.rx.inRangeLengthError: 0\ndev.bge.0.stats.rx.outRangeLengthError: 0\ndev.bge.0.stats.tx.Octets: 77840003\ndev.bge.0.stats.tx.Collisions: 0\ndev.bge.0.stats.tx.XonSent: 0\ndev.bge.0.stats.tx.XoffSent: 0\ndev.bge.0.stats.tx.flowControlDone: 0\ndev.bge.0.stats.tx.InternalMacTransmitErrors: 0\ndev.bge.0.stats.tx.SingleCollisionFrames: 0\ndev.bge.0.stats.tx.MultipleCollisionFrames: 0\ndev.bge.0.stats.tx.DeferredTransmissions: 0\ndev.bge.0.stats.tx.ExcessiveCollisions: 0\ndev.bge.0.stats.tx.LateCollisions: 0\ndev.bge.0.stats.tx.UcastPkts: 762920\ndev.bge.0.stats.tx.MulticastPkts: 0\ndev.bge.0.stats.tx.BroadcastPkts: 2116\ndev.bge.0.stats.tx.CarrierSenseErrors: 0\ndev.bge.0.stats.tx.Discards: 0\ndev.bge.0.stats.tx.Errors: 0\n\n\n# sysctl dev.bge.1.stats\ndev.bge.1.stats.FramesDroppedDueToFilters: 0\ndev.bge.1.stats.DmaWriteQueueFull: 0\ndev.bge.1.stats.DmaWriteHighPriQueueFull: 0\ndev.bge.1.stats.NoMoreRxBDs: 0\ndev.bge.1.stats.InputDiscards: 0\ndev.bge.1.stats.InputErrors: 0\ndev.bge.1.stats.RecvThresholdHit: 222419\ndev.bge.1.stats.DmaReadQueueFull: 44894\ndev.bge.1.stats.DmaReadHighPriQueueFull: 0\ndev.bge.1.stats.SendDataCompQueueFull: 0\ndev.bge.1.stats.RingSetSendProdIndex: 312815\ndev.bge.1.stats.RingStatusUpdate: 391050\ndev.bge.1.stats.Interrupts: 391050\ndev.bge.1.stats.AvoidedInterrupts: 0\ndev.bge.1.stats.SendThresholdHit: 0\ndev.bge.1.stats.rx.Octets: 91853644\ndev.bge.1.stats.rx.Fragments: 0\ndev.bge.1.stats.rx.UcastPkts: 221756\ndev.bge.1.stats.rx.MulticastPkts: 0\ndev.bge.1.stats.rx.FCSErrors: 0\ndev.bge.1.stats.rx.AlignmentErrors: 0\ndev.bge.1.stats.rx.xonPauseFramesReceived: 0\ndev.bge.1.stats.rx.xoffPauseFramesReceived: 0\ndev.bge.1.stats.rx.ControlFramesReceived: 0\ndev.bge.1.stats.rx.xoffStateEntered: 0\ndev.bge.1.stats.rx.FramesTooLong: 0\ndev.bge.1.stats.rx.Jabbers: 0\ndev.bge.1.stats.rx.UndersizePkts: 0\ndev.bge.1.stats.rx.inRangeLengthError: 0\ndev.bge.1.stats.rx.outRangeLengthError: 0\ndev.bge.1.stats.tx.Octets: 208962129\ndev.bge.1.stats.tx.Collisions: 0\ndev.bge.1.stats.tx.XonSent: 0\ndev.bge.1.stats.tx.XoffSent: 0\ndev.bge.1.stats.tx.flowControlDone: 0\ndev.bge.1.stats.tx.InternalMacTransmitErrors: 0\ndev.bge.1.stats.tx.SingleCollisionFrames: 0\ndev.bge.1.stats.tx.MultipleCollisionFrames: 0\ndev.bge.1.stats.tx.DeferredTransmissions: 0\ndev.bge.1.stats.tx.ExcessiveCollisions: 0\ndev.bge.1.stats.tx.LateCollisions: 0\ndev.bge.1.stats.tx.UcastPkts: 312741\ndev.bge.1.stats.tx.MulticastPkts: 0\ndev.bge.1.stats.tx.BroadcastPkts: 259\ndev.bge.1.stats.tx.CarrierSenseErrors: 0\ndev.bge.1.stats.tx.Discards: 0\ndev.bge.1.stats.tx.Errors: 0"
}