{
 "id": 852009,
 "bug_id": 204997,
 "attachment_id": 0,
 "creation_time": "2015-12-03T15:44:27Z",
 "creator": "linas@in.spb.ru",
 "text": "Hi!\n\nWhile copying file from remote server via scp copying process stalled in suspfs state. From this moment any process trying to access same fs became stalled in the same suspfs state. Processes won't be killed even with kill -9. Problem been resolved with reboot and can't be reproduced.\n\nWe can't provide syslog logs since one log been configured on affected fs and syslogd has been trapped in the same suspfs state.\n\nUname output:\n\nFreeBSD dbmain 10.1-RELEASE FreeBSD 10.1-RELEASE #0 r274401: Tue Nov 11 21:02:49 UTC 2014     root@releng1.nyi.freebsd.org:/usr/obj/usr/src/sys/GENERIC  amd64\n\nAffected fs is /1 mount point\n\n% mount\n/dev/da0s1a on / (ufs, local, journaled soft-updates)\ndevfs on /dev (devfs, local, multilabel)\n/dev/da0s1d on /tmp (ufs, local, journaled soft-updates)\n/dev/da0s1e on /var (ufs, local, journaled soft-updates)\n/dev/da0s1f on /usr (ufs, local, journaled soft-updates)\n/dev/da0s1g on /1 (ufs, local, journaled soft-updates)\n/dev/da1s1a on /data (ufs, local, journaled soft-updates)\n\n\narcconf utility output:\n\nControllers found: 1\n----------------------------------------------------------------------\nController information\n----------------------------------------------------------------------\n   Controller Status                        : Optimal\n   Controller Mode                          : RAID (Expose RAW)\n   Controller Cache Preservation            : Disabled\n   Channel description                      : SAS/SATA\n   Controller Model                         : Adaptec ASR8805\n   Controller Serial Number                 : 5E07630189A\n   Controller World Wide Name               : 50000D17000DD880\n   Controller Alarm                         : Enabled\n   Physical Slot                            : 4\n   Temperature                              : 50 C/ 122 F (Normal)\n   Installed memory                         : 1024 MB\n   Global task priority                     : High\n   Performance Mode                         : Default/Dynamic\n   Host bus type                            : PCIe\n   Host bus speed                           : 8000 MHz\n   Host bus link width                      : 8 bit(s)/link(s)\n   Stayawake period                         : Disabled\n   Spinup limit internal drives             : 0\n   Spinup limit external drives             : 0\n   Defunct disk drive count                 : 0\n   Logical devices/Failed/Degraded          : 2/0/0\n   NCQ status                               : Enabled\n   Statistics data collection mode          : Disabled\n   Global Physical Device Write Cache Policy: Drive Specific\n   Monitor Log Severity Level               : Informational\n   Global Max SAS Phy Link Rate             : 12 Gbps\n   --------------------------------------------------------\n   RAID Properties\n   --------------------------------------------------------\n   Copyback                                 : Disabled\n   Background consistency check             : Disabled\n   Background consistency check period      : 0\n   Automatic Failover                       : Enabled\n   --------------------------------------------------------\n   Controller BIOS Setting Information\n   --------------------------------------------------------\n   Runtime BIOS                             : Enabled\n   Array BBS Support                        : Enabled\n   Physical Drives Displayed during POST    : Disabled\n   Backplane Mode                           : IBPI\n   BIOS Halt on Missing Drive Count         : 255\n   --------------------------------------------------------\n   Controller Version Information\n   --------------------------------------------------------\n   BIOS                                     : 7.5-0 (32033)\n   Firmware                                 : 7.5-0 (32033)\n   Driver                                   : 3.2-5 (1)\n   Boot Flash                               : 7.5-0 (32033)\n\n   --------------------------------------------------------\n   Controller Cache Backup Unit Information\n   --------------------------------------------------------\n\n    Overall Backup Unit Status              : Ready\n\n         Backup Unit Type                   : AFM-700/700LP\n         Non-Volatile Storage Status        : Ready\n         Supercap Status                    : Ready\n\n         -----------------------------------\n         Supercap Information               \n         -----------------------------------\n         Current Temperature                : 29 deg C\n         Threshold Temperature              : 51 deg C\n         Life-time Temperature Recorded     \n         (Min/Max)                          : 20 deg C/ 35 deg C\n\n         Voltage(Present/Max)               : 4938 mV/ 5302 mV\n         Life-time Max Voltage Recorded     : 5444 mV\n\n         Current Drawn(Present/Max)         : 0 mA/ 560 mA\n         Health                             : 100 percent\n         Charge Level                       : 100 percent\n         Estimated Life-time                : 5 Years, 0 Month\n         Serial Number                      : 4A391D8F3C0\n\n----------------------------------------------------------------------\nLogical device information\n----------------------------------------------------------------------\nLogical device number 0\n   Logical device name                      : SATA\n   Block Size of member drives              : 512 Bytes\n   RAID level                               : 1\n   Unique Identifier                        : 1D12012A\n   Status of logical device                 : Optimal\n   Size                                     : 476150 MB\n   Parity space                             : 476160 MB\n   Read-cache setting                       : Enabled\n   Read-cache status                        : On\n   Write-cache setting                      : On when protected by battery/ZMM\n   Write-cache status                       : On\n   Partitioned                              : Yes\n   Protected by Hot-Spare                   : Yes\n   Dedicated Hot-Spare                      : 0,7\n   Bootable                                 : Yes\n   Failed stripes                           : No\n   Power settings                           : Disabled\n   --------------------------------------------------------\n   Logical device segment information\n   --------------------------------------------------------\n   Segment 0                                : Present (Controller:1,Enclosure:0,Slot:4)             9XF3DRDF\n   Segment 1                                : Present (Controller:1,Enclosure:0,Slot:6)             9XF3DRLC\n\nLogical device number 1\n   Logical device name                      : SSD\n   Block Size of member drives              : 512 Bytes\n   RAID level                               : 1\n   Unique Identifier                        : D752012A\n   Status of logical device                 : Optimal\n   Size                                     : 380918 MB\n   Parity space                             : 380928 MB\n   Read-cache setting                       : Disabled\n   Read-cache status                        : Off\n   Write-cache setting                      : Disabled\n   Write-cache status                       : Off\n   Partitioned                              : Yes\n   Protected by Hot-Spare                   : Yes\n   Dedicated Hot-Spare                      : 0,2\n   Bootable                                 : No\n   Failed stripes                           : No\n   Power settings                           : Disabled\n   --------------------------------------------------------\n   Logical device segment information\n   --------------------------------------------------------\n   Segment 0                                : Present (Controller:1,Enclosure:0,Slot:0) BTHV507600U9400NGN\n   Segment 1                                : Present (Controller:1,Enclosure:0,Slot:1) BTHV5076019X400NGN\n\n\n----------------------------------------------------------------------\nPhysical Device information\n----------------------------------------------------------------------\n      Device #0\n         Device is a Hard drive\n         State                              : Online\n         Block Size                         : 512 Bytes\n         Supported                          : Yes\n         Transfer Speed                     : SATA 6.0 Gb/s\n         Reported Channel,Device(T:L)       : 0,0(0:0)\n         Reported Location                  : Enclosure 0, Slot 0\n         Reported ESD(T:L)                  : 2,0(0:0)\n         Vendor                             : ATA\n         Model                              : INTEL SSDSC2BA40\n         Firmware                           : G2010110\n         Serial number                      : BTHV507600U9400NGN\n         Reserved Size                      : 641048 KB\n         Used Size                          : 380928 MB\n         Unused Size                        : 64 KB\n         Total Size                         : 381554 MB\n         Write Cache                        : Enabled (write-back)\n         FRU                                : None\n         S.M.A.R.T.                         : No\n         S.M.A.R.T. warnings                : 0\n         Power State                        : Full rpm\n         Supported Power States             : Full power,Powered off\n         SSD                                : Yes\n         NCQ status                         : Enabled\n      Device #1\n         Device is a Hard drive\n         State                              : Online\n         Block Size                         : 512 Bytes\n         Supported                          : Yes\n         Transfer Speed                     : SATA 6.0 Gb/s\n         Reported Channel,Device(T:L)       : 0,1(1:0)\n         Reported Location                  : Enclosure 0, Slot 1\n         Reported ESD(T:L)                  : 2,0(0:0)\n         Vendor                             : ATA\n         Model                              : INTEL SSDSC2BA40\n         Firmware                           : G2010110\n         Serial number                      : BTHV5076019X400NGN\n         Reserved Size                      : 641048 KB\n         Used Size                          : 380928 MB\n         Unused Size                        : 64 KB\n         Total Size                         : 381554 MB\n         Write Cache                        : Enabled (write-back)\n         FRU                                : None\n         S.M.A.R.T.                         : No\n         S.M.A.R.T. warnings                : 0\n         Power State                        : Full rpm\n         Supported Power States             : Full power,Powered off\n         SSD                                : Yes\n         NCQ status                         : Enabled\n      Device #2\n         Device is a Hard drive\n         State                              : Dedicated Hot-Spare\n         Block Size                         : 512 Bytes\n         Dedicated Spare for                : logical device 1\n         Supported                          : Yes\n         Transfer Speed                     : SATA 6.0 Gb/s\n         Reported Channel,Device(T:L)       : 0,2(2:0)\n         Reported Location                  : Enclosure 0, Slot 2\n         Reported ESD(T:L)                  : 2,0(0:0)\n         Vendor                             : ATA\n         Model                              : INTEL SSDSC2BA40\n         Firmware                           : G2010110\n         Serial number                      : BTHV50760194400NGN\n         Reserved Size                      : 641048 KB\n         Used Size                          : 380928 MB\n         Unused Size                        : 64 KB\n         Total Size                         : 381554 MB\n         Write Cache                        : Enabled (write-back)\n         FRU                                : None\n         S.M.A.R.T.                         : No\n         S.M.A.R.T. warnings                : 0\n         Power State                        : Full rpm\n         Supported Power States             : Full power,Powered off\n         SSD                                : Yes\n         NCQ status                         : Enabled\n      Device #3\n         Device is a Hard drive\n         State                              : Online\n         Block Size                         : 512 Bytes\n         Supported                          : Yes\n         Transfer Speed                     : SATA 6.0 Gb/s\n         Reported Channel,Device(T:L)       : 0,4(4:0)\n         Reported Location                  : Enclosure 0, Slot 4\n         Reported ESD(T:L)                  : 2,0(0:0)\n         Vendor                             : ATA\n         Model                              : ST9500620NS\n         Firmware                           : SN03\n         Serial number                      : 9XF3DRDF\n         World-wide name                    : 5000C5007A0CB08D\n         Reserved Size                      : 798680 KB\n         Used Size                          : 476160 MB\n         Unused Size                        : 64 KB\n         Total Size                         : 476940 MB\n         Write Cache                        : Enabled (write-back)\n         FRU                                : None\n         S.M.A.R.T.                         : No\n         S.M.A.R.T. warnings                : 0\n         Power State                        : Full rpm\n         Supported Power States             : Full rpm,Powered off\n         SSD                                : No\n         NCQ status                         : Enabled\n      Device #4\n         Device is a Hard drive\n         State                              : Online\n         Block Size                         : 512 Bytes\n         Supported                          : Yes\n         Transfer Speed                     : SATA 6.0 Gb/s\n         Reported Channel,Device(T:L)       : 0,6(6:0)\n         Reported Location                  : Enclosure 0, Slot 6\n         Reported ESD(T:L)                  : 2,0(0:0)\n         Vendor                             : ATA\n         Model                              : ST9500620NS\n         Firmware                           : SN03\n         Serial number                      : 9XF3DRLC\n         World-wide name                    : 5000C5007A0CB0C4\n         Reserved Size                      : 798680 KB\n         Used Size                          : 476160 MB\n         Unused Size                        : 64 KB\n         Total Size                         : 476940 MB\n         Write Cache                        : Enabled (write-back)\n         FRU                                : None\n         S.M.A.R.T.                         : No\n         S.M.A.R.T. warnings                : 0\n         Power State                        : Full rpm\n         Supported Power States             : Full rpm,Powered off\n         SSD                                : No\n         NCQ status                         : Enabled\n      Device #5\n         Device is a Hard drive\n         State                              : Dedicated Hot-Spare\n         Block Size                         : 512 Bytes\n         Dedicated Spare for                : logical device 0\n         Supported                          : Yes\n         Transfer Speed                     : SATA 6.0 Gb/s\n         Reported Channel,Device(T:L)       : 0,7(7:0)\n         Reported Location                  : Enclosure 0, Slot 7\n         Reported ESD(T:L)                  : 2,0(0:0)\n         Vendor                             : ATA\n         Model                              : ST9500620NS\n         Firmware                           : SN03\n         Serial number                      : 9XF3DRGJ\n         World-wide name                    : 5000C5007A0CB1E6\n         Reserved Size                      : 798680 KB\n         Used Size                          : 476160 MB\n         Unused Size                        : 64 KB\n         Total Size                         : 476940 MB\n         Write Cache                        : Enabled (write-back)\n         FRU                                : None\n         S.M.A.R.T.                         : No\n         S.M.A.R.T. warnings                : 0\n         Power State                        : Full rpm\n         Supported Power States             : Full rpm,Powered off\n         SSD                                : No\n         NCQ status                         : Enabled\n      Device #6\n         Device is an Enclosure services device\n         Reported Channel,Device(T:L)       : 2,0(0:0)\n         Enclosure ID                       : 0\n         Type                               : SES2\n         Vendor                             : ADAPTEC\n         Model                              : Virtual SGPIO\n         Firmware                           :    1\n         Status of Enclosure services device\n            Speaker status                  : Not available\n\n\n\nThe affected fs is on Logical device number 0\n\ndmesg output:\n\nCopyright (c) 1992-2014 The FreeBSD Project.\nCopyright (c) 1979, 1980, 1983, 1986, 1988, 1989, 1991, 1992, 1993, 1994\n        The Regents of the University of California. All rights reserved.\nFreeBSD is a registered trademark of The FreeBSD Foundation.\nFreeBSD 10.1-RELEASE #0 r274401: Tue Nov 11 21:02:49 UTC 2014\n    root@releng1.nyi.freebsd.org:/usr/obj/usr/src/sys/GENERIC amd64\nFreeBSD clang version 3.4.1 (tags/RELEASE_34/dot1-final 208032) 20140512\nCPU: Intel(R) Xeon(R) CPU E5-2620 v2 @ 2.10GHz (2100.04-MHz K8-class CPU)\n  Origin = \"GenuineIntel\"  Id = 0x306e4  Family = 0x6  Model = 0x3e  Stepping = 4\n  Features=0xbfebfbff\u003cFPU,VME,DE,PSE,TSC,MSR,PAE,MCE,CX8,APIC,SEP,MTRR,PGE,MCA,CMOV,PAT,PSE36,CLFLUSH,DTS,ACPI,MMX,FXSR,SSE,SSE2,SS,HTT,TM,PBE\u003e\n  Features2=0x7fbee3ff\u003cSSE3,PCLMULQDQ,DTES64,MON,DS_CPL,VMX,SMX,EST,TM2,SSSE3,CX16,xTPR,PDCM,PCID,DCA,SSE4.1,SSE4.2,x2APIC,POPCNT,TSCDLT,AESNI,XSAVE,OSXSAVE,AVX,F16C,RDRAND\u003e\n  AMD Features=0x2c100800\u003cSYSCALL,NX,Page1GB,RDTSCP,LM\u003e\n  AMD Features2=0x1\u003cLAHF\u003e\n  Structured Extended Features=0x281\u003cFSGSBASE,SMEP,ERMS\u003e\n  VT-x: PAT,HLT,MTF,PAUSE,EPT,UG,VPID,VID,PostIntr\n  TSC: P-state invariant, performance statistics\nreal memory  = 68719476736 (65536 MB)\navail memory = 66648723456 (63561 MB)\nEvent timer \"LAPIC\" quality 600\nACPI APIC Table: \u003c \u003e\nFreeBSD/SMP: Multiprocessor System Detected: 12 CPUs\nFreeBSD/SMP: 1 package(s) x 6 core(s) x 2 SMT threads\n cpu0 (BSP): APIC ID:  0\n cpu1 (AP): APIC ID:  1\n cpu2 (AP): APIC ID:  2\n cpu3 (AP): APIC ID:  3\n cpu4 (AP): APIC ID:  4\n cpu5 (AP): APIC ID:  5\n cpu6 (AP): APIC ID:  6\n cpu7 (AP): APIC ID:  7\n cpu8 (AP): APIC ID:  8\n cpu9 (AP): APIC ID:  9\n cpu10 (AP): APIC ID: 10\n cpu11 (AP): APIC ID: 11\nioapic0 \u003cVersion 2.0\u003e irqs 0-23 on motherboard\nioapic1 \u003cVersion 2.0\u003e irqs 24-47 on motherboard\nkbd1 at kbdmux0\nrandom: \u003cSoftware, Yarrow\u003e initialized\nacpi0: \u003cSUPERM SMCI--MB\u003e on motherboard\nacpi0: Power Button (fixed)\nacpi0: reservation of 0, a0000 (3) failed\ncpu0: \u003cACPI CPU\u003e on acpi0\ncpu1: \u003cACPI CPU\u003e on acpi0\ncpu2: \u003cACPI CPU\u003e on acpi0\ncpu3: \u003cACPI CPU\u003e on acpi0\ncpu4: \u003cACPI CPU\u003e on acpi0\ncpu5: \u003cACPI CPU\u003e on acpi0\ncpu6: \u003cACPI CPU\u003e on acpi0\ncpu7: \u003cACPI CPU\u003e on acpi0\ncpu8: \u003cACPI CPU\u003e on acpi0\ncpu9: \u003cACPI CPU\u003e on acpi0\ncpu10: \u003cACPI CPU\u003e on acpi0\ncpu11: \u003cACPI CPU\u003e on acpi0\nattimer0: \u003cAT timer\u003e port 0x40-0x43 irq 0 on acpi0\nTimecounter \"i8254\" frequency 1193182 Hz quality 0\nEvent timer \"i8254\" frequency 1193182 Hz quality 100\natrtc0: \u003cAT realtime clock\u003e port 0x70-0x71 irq 8 on acpi0\nEvent timer \"RTC\" frequency 32768 Hz quality 0\nhpet0: \u003cHigh Precision Event Timer\u003e iomem 0xfed00000-0xfed003ff on acpi0\nTimecounter \"HPET\" frequency 14318180 Hz quality 950\nEvent timer \"HPET\" frequency 14318180 Hz quality 350\nEvent timer \"HPET1\" frequency 14318180 Hz quality 340\nEvent timer \"HPET2\" frequency 14318180 Hz quality 340\nEvent timer \"HPET3\" frequency 14318180 Hz quality 340\nEvent timer \"HPET4\" frequency 14318180 Hz quality 340\nEvent timer \"HPET5\" frequency 14318180 Hz quality 340\nEvent timer \"HPET6\" frequency 14318180 Hz quality 340\nEvent timer \"HPET7\" frequency 14318180 Hz quality 340\nTimecounter \"ACPI-fast\" frequency 3579545 Hz quality 900\nacpi_timer0: \u003c24-bit timer at 3.579545MHz\u003e port 0x408-0x40b on acpi0\npcib0: \u003cACPI Host-PCI bridge\u003e port 0xcf8-0xcff on acpi0\npci0: \u003cACPI PCI bus\u003e on pcib0\npcib1: \u003cACPI PCI-PCI bridge\u003e irq 26 at device 1.0 on pci0\npci1: \u003cACPI PCI bus\u003e on pcib1\npcib2: \u003cACPI PCI-PCI bridge\u003e mem 0xfbc00000-0xfbc03fff irq 16 at device 0.0 on pci1\npci2: \u003cACPI PCI bus\u003e on pcib2\npcib3: \u003cACPI PCI-PCI bridge\u003e irq 16 at device 8.0 on pci2\npci3: \u003cACPI PCI bus\u003e on pcib3\nisci0: \u003cIntel(R) C600 Series Chipset SAS Controller\u003e port 0xe100-0xe1ff,0xe000-0xe0ff mem 0xfa8f8000-0xfa8fffff,0xfa000000-0xfa7fffff irq 26 at device 0.0 on pci3\npcib4: \u003cACPI PCI-PCI bridge\u003e irq 26 at device 1.1 on pci0\npci4: \u003cACPI PCI bus\u003e on pcib4\nigb0: \u003cIntel(R) PRO/1000 Network Connection version - 2.4.0\u003e port 0xd020-0xd03f mem 0xfbb20000-0xfbb3ffff,0xfbb44000-0xfbb47fff irq 27 at device 0.0 on pci4\nigb0: Using MSIX interrupts with 9 vectors\nigb0: Ethernet address: 0c:c4:7a:40:48:0c\nigb0: Bound queue 0 to cpu 0\nigb0: Bound queue 1 to cpu 1\nigb0: Bound queue 2 to cpu 2\nigb0: Bound queue 3 to cpu 3\nigb0: Bound queue 4 to cpu 4\nigb0: Bound queue 5 to cpu 5\nigb0: Bound queue 6 to cpu 6\nigb0: Bound queue 7 to cpu 7\nigb1: \u003cIntel(R) PRO/1000 Network Connection version - 2.4.0\u003e port 0xd000-0xd01f mem 0xfbb00000-0xfbb1ffff,0xfbb40000-0xfbb43fff irq 30 at device 0.1 on pci4\nigb1: Using MSIX interrupts with 9 vectors\nigb1: Ethernet address: 0c:c4:7a:40:48:0d\nigb1: Bound queue 0 to cpu 8\nigb1: Bound queue 1 to cpu 9\nigb1: Bound queue 2 to cpu 10\nigb1: Bound queue 3 to cpu 11\nigb1: Bound queue 4 to cpu 0\nigb1: Bound queue 5 to cpu 1\nigb1: Bound queue 6 to cpu 2\nigb1: Bound queue 7 to cpu 3\npcib5: \u003cACPI PCI-PCI bridge\u003e irq 33 at device 2.0 on pci0\npci6: \u003cACPI PCI bus\u003e on pcib5\naacraid0: \u003cAdaptec RAID Controller\u003e port 0xc000-0xc0ff mem 0xfb900000-0xfb9fffff,0xfba80000-0xfba803ff irq 32 at device 0.0 on pci6\naacraid0: Enable Raw I/O\naacraid0: Enable 64-bit array\naacraid0: using MSI-X interrupts (32 vectors)\naacraid0: New comm. interface type2 enabled\naacraid0: ASR8805, aacraid driver 3.2.5-1\naacraidp0 on aacraid0\naacraidp1 on aacraid0\naacraidp2 on aacraid0\naacraidp3 on aacraid0\npcib6: \u003cACPI PCI-PCI bridge\u003e irq 41 at device 3.0 on pci0\npci7: \u003cACPI PCI bus\u003e on pcib6\npci0: \u003csimple comms\u003e at device 22.0 (no driver attached)\npci0: \u003csimple comms\u003e at device 22.1 (no driver attached)\nehci0: \u003cEHCI (generic) USB 2.0 controller\u003e mem 0xfbd23000-0xfbd233ff irq 16 at device 26.0 on pci0\nusbus0: EHCI version 1.0\nusbus0 on ehci0\nehci1: \u003cEHCI (generic) USB 2.0 controller\u003e mem 0xfbd22000-0xfbd223ff irq 23 at device 29.0 on pci0\nusbus1: EHCI version 1.0\nusbus1 on ehci1\npcib7: \u003cACPI PCI-PCI bridge\u003e at device 30.0 on pci0\npci8: \u003cACPI PCI bus\u003e on pcib7\nvgapci0: \u003cVGA-compatible display\u003e mem 0xf9000000-0xf9ffffff,0xfb800000-0xfb803fff,0xfb000000-0xfb7fffff irq 22 at device 1.0 on pci8\nvgapci0: Boot video device\nisab0: \u003cPCI-ISA bridge\u003e at device 31.0 on pci0\nisa0: \u003cISA bus\u003e on isab0\nahci0: \u003cIntel Patsburg AHCI SATA controller\u003e port 0xf050-0xf057,0xf040-0xf043,0xf030-0xf037,0xf020-0xf023,0xf000-0xf01f mem 0xfbd21000-0xfbd217ff irq 18 at device 31.2 on pci0\nahci0: AHCI v1.30 with 6 6Gbps ports, Port Multiplier not supported\nahcich0: \u003cAHCI channel\u003e at channel 0 on ahci0\nahcich1: \u003cAHCI channel\u003e at channel 1 on ahci0\nahcich2: \u003cAHCI channel\u003e at channel 2 on ahci0\nahcich3: \u003cAHCI channel\u003e at channel 3 on ahci0\nahcich4: \u003cAHCI channel\u003e at channel 4 on ahci0\nahcich5: \u003cAHCI channel\u003e at channel 5 on ahci0\nahciem0: \u003cAHCI enclosure management bridge\u003e on ahci0\npcib8: \u003cACPI Host-PCI bridge\u003e on acpi0\npci255: \u003cACPI PCI bus\u003e on pcib8\nacpi_button0: \u003cPower Button\u003e on acpi0\nuart0: \u003c16550 or compatible\u003e port 0x3f8-0x3ff irq 4 flags 0x10 on acpi0\nuart1: \u003c16550 or compatible\u003e port 0x2f8-0x2ff irq 3 on acpi0\nipmi0: \u003cIPMI System Interface\u003e port 0xca2,0xca3 on acpi0\nipmi0: KCS mode found at io 0xca2 on acpi\norm0: \u003cISA Option ROMs\u003e at iomem 0xc0000-0xc7fff,0xc8000-0xcefff,0xcf000-0xcffff on isa0\nsc0: \u003cSystem console\u003e at flags 0x100 on isa0\nsc0: VGA \u003c16 virtual consoles, flags=0x300\u003e\nvga0: \u003cGeneric ISA VGA\u003e at port 0x3c0-0x3df iomem 0xa0000-0xbffff on isa0\nppc0: cannot reserve I/O port range\nest0: \u003cEnhanced SpeedStep Frequency Control\u003e on cpu0\np4tcc0: \u003cCPU Frequency Thermal Control\u003e on cpu0\nest1: \u003cEnhanced SpeedStep Frequency Control\u003e on cpu1\np4tcc1: \u003cCPU Frequency Thermal Control\u003e on cpu1\nest2: \u003cEnhanced SpeedStep Frequency Control\u003e on cpu2\np4tcc2: \u003cCPU Frequency Thermal Control\u003e on cpu2\nest3: \u003cEnhanced SpeedStep Frequency Control\u003e on cpu3\np4tcc3: \u003cCPU Frequency Thermal Control\u003e on cpu3\nest4: \u003cEnhanced SpeedStep Frequency Control\u003e on cpu4\np4tcc4: \u003cCPU Frequency Thermal Control\u003e on cpu4\nest5: \u003cEnhanced SpeedStep Frequency Control\u003e on cpu5\np4tcc5: \u003cCPU Frequency Thermal Control\u003e on cpu5\nest6: \u003cEnhanced SpeedStep Frequency Control\u003e on cpu6\np4tcc6: \u003cCPU Frequency Thermal Control\u003e on cpu6\nest7: \u003cEnhanced SpeedStep Frequency Control\u003e on cpu7\np4tcc7: \u003cCPU Frequency Thermal Control\u003e on cpu7\nest8: \u003cEnhanced SpeedStep Frequency Control\u003e on cpu8\np4tcc8: \u003cCPU Frequency Thermal Control\u003e on cpu8\nest9: \u003cEnhanced SpeedStep Frequency Control\u003e on cpu9\np4tcc9: \u003cCPU Frequency Thermal Control\u003e on cpu9\nest10: \u003cEnhanced SpeedStep Frequency Control\u003e on cpu10\np4tcc10: \u003cCPU Frequency Thermal Control\u003e on cpu10\nest11: \u003cEnhanced SpeedStep Frequency Control\u003e on cpu11\np4tcc11: \u003cCPU Frequency Thermal Control\u003e on cpu11\nrandom: unblocking device.\nusbus0: 480Mbps High Speed USB v2.0\nTimecounters tick every 1.000 msec\nusbus1: 480Mbps High Speed USB v2.0\nipmi0: IPMI device rev. 1, firmware rev. 3.23, version 2.0\nugen1.1: \u003cIntel\u003e at usbus1\nuhub0: \u003cIntel EHCI root HUB, class 9/0, rev 2.00/1.00, addr 1\u003e on usbus1\nugen0.1: \u003cIntel\u003e at usbus0\nuhub1: \u003cIntel EHCI root HUB, class 9/0, rev 2.00/1.00, addr 1\u003e on usbus0\nipmi0: Number of channels 4\nipmi0: Attached watchdog\nses0 at aacraidp3 bus 0 scbus5 target 0 lun 0\nses0: \u003cADAPTEC Virtual SGPIO 1\u003e Fixed Enclosure Services SCSI-5 device \nses0: 4294967.295MB/s transfers\nses0: Command Queueing enabled\nses0: SCSI-3 ENC Device\nses1 at ahciem0 bus 0 scbus12 target 0 lun 0\nses1: \u003cAHCI SGPIO Enclosure 1.00 0001\u003e SEMB S-E-S 2.00 device\nses1: SEMB SES Device\npass2 at aacraidp1 bus 0 scbus3 target 0 lun 0\npass2: \u003cATA INTEL SSDSC2BA40 G201\u003e Fixed unknown SCSI-6 device (offline)\npass2: Serial Number BTHV507600U9400NGN \npass2: 300.000MB/s transfers\npass3 at aacraidp1 bus 0 scbus3 target 1 lun 0\npass3: \u003cATA INTEL SSDSC2BA40 G201\u003e Fixed unknown SCSI-6 device (offline)\npass3: Serial Number BTHV5076019X400NGN  \npass3: 300.000MB/s transfers\npass4 at aacraidp1 bus 0 scbus3 target 2 lun 0\npass4: \u003cATA INTEL SSDSC2BA40 G201\u003e Fixed unknown SCSI-6 device (offline)\npass4: Serial Number BTHV50760194400NGN  \npass4: 300.000MB/s transfers\npass5 at aacraidp1 bus 0 scbus3 target 4 lun 0\npass5: \u003cATA ST9500620NS SN03\u003e Fixed unknown SCSI-6 device (offline)\npass5: Serial Number             9XF3DRDF\npass5: 300.000MB/s transfers\npass6 at aacraidp1 bus 0 scbus3 target 6 lun 0\npass6: \u003cATA ST9500620NS SN03\u003e Fixed unknown SCSI-6 device (offline)\npass6: Serial Number             9XF3DRLC\npass6: 300.000MB/s transfers\npass7 at aacraidp1 bus 0 scbus3 target 7 lun 0\npass7: \u003cATA ST9500620NS SN03\u003e Fixed unknown SCSI-6 device (offline)\npass7: Serial Number             9XF3DRGJ\npass7: 300.000MB/s transfers\nda0 at aacraidp0 bus 0 scbus2 target 0 lun 0\nda1 at aacraidp0 bus 0 scbus2 target 1 lun 0\nda1: \u003cAdaptec Array V1.0\u003e Fixed Direct Access SCSI-4 device \nda1: Serial Number D752012A01\nda1: 300.000MB/s transfers\nda1: Command Queueing enabled\nda1: 380918MB (780120064 512 byte sectors: 255H 63S/T 48560C)\nda0: \u003cAdaptec Array V1.0\u003e Fixed Direct Access SCSI-4 device \nda0: Serial Number 1D12012A00\nda0: 300.000MB/s transfers\nda0: Command Queueing enabled\nda0: 476150MB (975155200 512 byte sectors: 255H 63S/T 60700C)\nSMP: AP CPU #1 Launched!\nSMP: AP CPU #8 Launched!\nSMP: AP CPU #11 Launched!\nSMP: AP CPU #2 Launched!\nSMP: AP CPU #4 Launched!\nSMP: AP CPU #5 Launched!\nSMP: AP CPU #3 Launched!\nSMP: AP CPU #10 Launched!\nSMP: AP CPU #7 Launched!\nSMP: AP CPU #9 Launched!\nSMP: AP CPU #6 Launched!\nTimecounter \"TSC\" frequency 2100044000 Hz quality 1000\nRoot mount waiting for: usbus1 usbus0\nuhub0: 2 ports with 2 removable, self powered\nuhub1: 2 ports with 2 removable, self powered\nugen1.2: \u003cvendor 0x8087\u003e at usbus1\nuhub2: \u003cvendor 0x8087 product 0x0024, class 9/0, rev 2.00/0.00, addr 2\u003e on usbus1\nugen0.2: \u003cvendor 0x8087\u003e at usbus0\nuhub3: \u003cvendor 0x8087 product 0x0024, class 9/0, rev 2.00/0.00, addr 2\u003e on usbus0\nRoot mount waiting for: usbus1 usbus0\nuhub3: 6 ports with 6 removable, self powered\nRoot mount waiting for: usbus1 usbus0\nuhub2: 8 ports with 8 removable, self powered\nugen0.3: \u003cWinbond Electronics Corp\u003e at usbus0\nukbd0: \u003cWinbond Electronics Corp Hermon USB hidmouse Device, class 0/0, rev 1.10/0.01, addr 3\u003e on usbus0\nkbd2 at ukbd0\nTrying to mount root from ufs:/dev/da0s1a [rw]...\nWARNING: / was not properly dismounted\nums0: \u003cWinbond Electronics Corp Hermon USB hidmouse Device, class 0/0, rev 1.10/0.01, addr 3\u003e on usbus0\nums0: 3 buttons and [Z] coordinates ID=0"
}