{
 "id": 993975,
 "bug_id": 225182,
 "attachment_id": 0,
 "creation_time": "2018-05-24T20:55:33Z",
 "creator": "kennethsalerno@yahoo.com",
 "text": "This issue is fixed in 11.2-BETA2 (I was able to boot a kernel built with lang/gcc7 cross-compiled amd64-\u003eppc64, only after installing the new boot loader for 11.2). You may close this ticket.\n\n\nUsing default console: /vdevice/vty@71000000\n\n  Welcome to Open Firmware\n\n  Copyright (c) 2004, 2017 IBM Corporation All rights reserved.\n  This program and the accompanying materials are made available\n  under the terms of the BSD License available at\n  http://www.opensource.org/licenses/bsd-license.php\n\n\nTrying to load:  from: /vdevice/v-scsi@71000002/disk@8000000000000000 ...   Successfully loaded\n\n\u003e\u003e FreeBSD/powerpc Open Firmware boot block\n   Boot path:   /vdevice/v-scsi@71000002/disk@8000000000000000\n   Boot loader: /boot/loader\n   Boot volume:   /vdevice/v-scsi@71000002/disk@8000000000000000:2\nConsoles: Open Firmware console\n\nFreeBSD/powerpc64 Open Firmware loader, Revision 0.1\n(Wed May 23 18:20:01 EDT 2018 root@freebsd-amd64.kpsalerno.us.ibm.com)\nMemory: 4194304KB\nBooted from: /vdevice/v-scsi@71000002/disk@8000000000000000\n\nLoading /boot/defaults/loader.conf\n/boot/kernel/kernel data=0x592198+0x2e4db0 syms=[0x8+0x8aeb8+0x8+0x456d5]\n/boot/entropy size=0x1000\n/boot/kernel/geom_label.ko text=0x8038 data=0x11a8+0x8 syms=[0x8+0x1260+0x8+0xbc1]\n/boot/kernel/ufs.ko text=0x4a8b0 data=0x5218+0x218 syms=[0x8+0x62b8+0x8+0x2f35]\n/boot/kernel/mem.ko text=0x2260 data=0x578+0x30 syms=[0x8+0x9c0+0x8+0x45e]\n/boot/kernel/if_em.ko text=0x86c30 data=0x6190+0x38 syms=[0x8+0xa458+0x8+0x5ddc]\n/boot/kernel/virtio.ko text=0x4b08 data=0xa18 syms=[0x8+0x1050+0x8+0x87a]\n/boot/kernel/if_vtnet.ko text=0xde68 data=0x1128+0x38 syms=[0x8+0x1d70+0x8+0x11c7]\n/boot/kernel/virtio_pci.ko text=0x6010 data=0x8d8+0x10 syms=[0x8+0x11b8+0x8+0xaf1]\n/boot/kernel/virtio_blk.ko text=0x5890 data=0x958+0x10 syms=[0x8+0x11b8+0x8+0xa9f]\n\nHit [Enter] to boot immediately, or any other key for command prompt.\nBooting [/boot/kernel/kernel]...\nKernel entry at 0x100160 ...\nCopyright (c) 1992-2018 The FreeBSD Project.\nCopyright (c) 1979, 1980, 1983, 1986, 1988, 1989, 1991, 1992, 1993, 1994\n        The Regents of the University of California. All rights reserved.\nFreeBSD is a registered trademark of The FreeBSD Foundation.\nFreeBSD 11.2-BETA2 #0 r334114: Wed May 23 18:38:20 EDT 2018\n    root@freebsd-amd64.kpsalerno.us.ibm.com:/usr/obj/powerpc.powerpc64/usr/src/sys/SALERNO powerpc\ngcc version 7.3.0 (FreeBSD Ports Collection for powerpc64)\nWARNING: Running on a broken hypervisor that does not support mandatory H_CLEAR_MOD and H_CLEAR_REF hypercalls. Performance will be suboptimal.\ncpu0: Unknown PowerPC CPU revision 0x1200, 1000.00 MHz\ncpu0: Features c4000000\u003cPPC32,PPC64,MMU\u003e\nreal memory  = 4249464832 (4052 MB)\navail memory = 4091056128 (3901 MB)\nFreeBSD/SMP: Multiprocessor System Detected: 4 CPUs\ncpu0: dev=2c3c (BSP)\ncpu8: dev=2984\ncpu16: dev=26cc\ncpu24: dev=2414\nrandom: entropy device external interface\nofwbus0: \u003cOpen Firmware Device Tree\u003e on nexus0\nxicp0: \u003cPAPR virtual interrupt controller\u003e on ofwbus0\nvdevice0: \u003cPOWER Hypervisor Virtual Device Root\u003e on ofwbus0\nvscsi0: \u003cPOWER Hypervisor Virtual SCSI Bus\u003e irq 16781321 on vdevice0\nvscsi0: Queue depth 22 commands\nuart0: \u003cPOWER Hypervisor Virtual Serial Port\u003e irq 16781315 on vdevice0\npcib0: \u003cRTAS Host-PCI bridge\u003e on ofwbus0\npci0: \u003cPOWER Hypervisor PCI bus\u003e on pcib0\nem0: \u003cIntel(R) PRO/1000 Legacy Network Connection 1.1.0\u003e port 0x40-0x7f mem 0x80000000-0x8001ffff irq 4100 at device 0.0 on pci0\nem0: Ethernet address: 52:54:00:12:34:56\ncpulist0: \u003cOpen Firmware CPU Group\u003e on ofwbus0\nrtas0: \u003cRun-Time Abstraction Services\u003e on ofwbus0\nrtas0: registered as a time-of-day clock, resolution 0.002000s\nTimecounter \"timebase\" frequency 512000000 Hz quality 0\nEvent timer \"decrementer\" frequency 512000000 Hz quality 1000\nTimecounters tick every 1.000 msec\ncd0 at vscsi0 bus 0 scbus0 target 0 lun 8100\ncd0: \u003cQEMU QEMU CD-ROM 2.5+\u003e Removable CD-ROM SPC-3 SCSI device\ncd0: 150.000MB/s transfers\ncd0: 0MB (175 2048 byte sectors)\nda0 at vscsi0 bus 0 scbus0 target 0 lun 0\nda0: \u003cQEMU QEMU HARDDISK 2.5+\u003e Fixed Direct Access SPC-3 SCSI device\nda0: 150.000MB/s transfers\nda0: 10240MB (20971520 512 byte sectors)\nSMP: AP CPU #8 launched\nSMP: AP CPU #16 launched\nSMP: AP CPU #24 launched\nWARNING: Running on a broken hypervisor that does not support mandatory H_CLEAR_MOD and H_CLEAR_REF hypercalls. Performance will be suboptimal.\nTrying to mount root from ufs:/dev/label/rootfs [rw,noatime,async]...\nrandom: unblocking device.\nStarting file system checks:\n/dev/label/rootfs: FILE SYSTEM CLEAN; SKIPPING CHECKS\n/dev/label/rootfs: clean, 775575 free (7223 frags, 96044 blocks, 0.3% fragmentation)\nSetting hostuuid: bf9c298c-034d-11e8-87d6-31103780d945.\nSetting hostid: 0xaedd8091.\nMounting local filesystems:.\nSetting hostname: freebsd-ppc64.kpsalerno.us.ibm.com.\nSetting up harvesting: [UMA],[FS_ATIME],SWI,INTERRUPT,NET_NG,NET_ETHER,NET_TUN,MOUSE,KEYBOARD,ATTACH,CACHED\nFeeding entropy: .\nem0: link state changed to UP\nStarting Network: lo0 em0.\nlo0: flags=8049\u003cUP,LOOPBACK,RUNNING,MULTICAST\u003e metric 0 mtu 16384\n        options=600003\u003cRXCSUM,TXCSUM,RXCSUM_IPV6,TXCSUM_IPV6\u003e\n        inet 127.0.0.1 netmask 0xff000000\n        groups: lo\nem0: flags=8843\u003cUP,BROADCAST,RUNNING,SIMPLEX,MULTICAST\u003e metric 0 mtu 1500\n        options=209b\u003cRXCSUM,TXCSUM,VLAN_MTU,VLAN_HWTAGGING,VLAN_HWCSUM,WOL_MAGIC\u003e\n        ether 52:54:00:12:34:56\n        hwaddr 52:54:00:12:34:56\n        inet 10.0.2.6 netmask 0xffffff00 broadcast 10.0.2.255\n        media: Ethernet autoselect (1000baseT \u003cfull-duplex\u003e)\n        status: active\nELF ldconfig path: /lib /usr/lib /usr/lib/compat /usr/local/lib\nStarting devd.\nadd host 127.0.0.1: gateway lo0 fib 0: route already in table\nadd net default: gateway 10.0.2.2\nCreating and/or trimming log files.\nStarting syslogd.\nClearing /tmp (X related).\nUpdating motd:.\nMounting late filesystems:.\nPerforming sanity check on sshd configuration.\nStarting sshd.\nStarting cron.\nStarting background file system checks in 60 seconds.\n\nThu May 24 16:52:44 EDT 2018\n\nFreeBSD/powerpc (freebsd-ppc64.kpsalerno.us.ibm.com) (ttyu0)\n\nlogin: root\nPassword:\n\nMay 24 16:53:15 freebsd-ppc64 login: ROOT LOGIN (root) ON ttyu0\nLast login: Thu May 24 16:49:04 on ttyu0\nFreeBSD 11.2-BETA2 (SALERNO) #0 r334114: Wed May 23 18:38:20 EDT 2018\n\nWelcome to FreeBSD!\n\nroot@freebsd-ppc64# cc -v\ncc -v\nFreeBSD clang version 6.0.0 (tags/RELEASE_600/final 326565) (based on LLVM 6.0.0)\nTarget: powerpc64-unknown-freebsd11.2\nThread model: posix\nInstalledDir: /usr/bin\nroot@freebsd-ppc64#"
}