{
 "id": 974156,
 "bug_id": 225182,
 "attachment_id": 0,
 "creation_time": "2018-01-24T21:37:00Z",
 "creator": "kennethsalerno@yahoo.com",
 "text": "(In reply to Nathan Whitehorn from comment #4)\nHello. I have tried 12-CURRENT (HEAD), both with gcc-5.5.0 and gcc-6.3.0, and had the same result. I also tried going backwards to 11.1-RELEASE (pre-p1) and had the same result.\n\nSomething interesting however - 11.0-RELEASE* does work with gcc-5.5.0 (see output below), but does not 6.3.0 (gcc6 still has the same result with 11.0). \n\nSo I have at least narrowed it down that a change between 11.0-RELEASE-p16 and 11.1-RELEASE broke gcc-5.5.0 ppc64 kernel builds from SLOF's perspective, and I have no proof at this point gcc-6.3.0 ever worked (it would be a big hassle to get anything pre-11.0 to compile with XCC from my experience).\n\n\nBooting [/boot/kernel/kernel]...                                                \nKernel entry at 0x100120 ...                                                    \nCopyright (c) 1992-2016 The FreeBSD Project.                                    \nCopyright (c) 1979, 1980, 1983, 1986, 1988, 1989, 1991, 1992, 1993, 1994        \n        The Regents of the University of California. All rights reserved.       \nFreeBSD is a registered trademark of The FreeBSD Foundation.                    \nFreeBSD 11.0-RELEASE-p16 #0 r328307: Tue Jan 23 14:11:06 EST 2018               \n    root@freebsd-amd64.kpsalerno.us.ibm.com:/usr/obj/powerpc.powerpc64/usr/src/c\ngcc version 5.5.0 (FreeBSD Ports Collection for powerpc64)                      \nWARNING: Running on a broken hypervisor that does not support mandatory H_CLEAR.\ncpu0: IBM POWER8 revision 2.0, 1000.00 MHz                                      \ncpu0: Features dc005180\u003cPPC32,PPC64,ALTIVEC,FPU,MMU,SMT,ARCH205,ARCH206,VSX\u003e    \ncpu0: Features2 c2000000\u003cARCH207,HTM,VCRYPTO\u003e                                   \nreal memory  = 2110418944 (2012 MB)                                             \navail memory = 2008330240 (1915 MB)                                             \nrandom: unblocking device.                                                      \nrandom: entropy device external interface                                       \nofwbus0: \u003cOpen Firmware Device Tree\u003e on nexus0                                  \nxicp0: \u003cPAPR virtual interrupt controller\u003e on ofwbus0                           \nrtas0: \u003cRun-Time Abstraction Services\u003e on ofwbus0                               \ncpulist0: \u003cOpen Firmware CPU Group\u003e on ofwbus0                                  \ncpu0: \u003cOpen Firmware CPU\u003e on cpulist0                                           \npcib0: \u003cRTAS Host-PCI bridge\u003e on ofwbus0                                        \npci0: \u003cPOWER Hypervisor PCI bus\u003e on pcib0                                       \nvgapci0: \u003cVGA-compatible display\u003e mem 0x80000000-0x80ffffff,0xc0000000-0xc0000f0\nvgapci0: Boot video device                                                      \nem0: \u003cIntel(R) PRO/1000 Legacy Network Connection 1.1.0\u003e port 0x40-0x7f mem 0xc0\nem0: Ethernet address: 52:54:00:12:34:56                                        \nvdevice0: \u003cPOWER Hypervisor Virtual Device Root\u003e on ofwbus0                     \nuart0: \u003cPOWER Hypervisor Virtual Serial Port\u003e irq 16781315 on vdevice0          \nvscsi0: \u003cPOWER Hypervisor Virtual SCSI Bus\u003e irq 16781321 on vdevice0            \nvscsi0: Queue depth 22 commands                                                 \nTimecounter \"timebase\" frequency 512000000 Hz quality 0                         \nEvent timer \"decrementer\" frequency 512000000 Hz quality 1000                   \nTimecounters tick every 1.000 msec                                              \ncd0 at vscsi0 bus 0 scbus0 target 0 lun 8100                                    \ncd0: \u003cQEMU QEMU CD-ROM 2.5+\u003e Removable CD-ROM SPC-3 SCSI device                 \ncd0: 150.000MB/s transfers                                                      \ncd0: 0MB (175 2048 byte sectors)                                                \nda0 at vscsi0 bus 0 scbus0 target 0 lun 0                                       \nda0: \u003cQEMU QEMU HARDDISK 2.5+\u003e Fixed Direct Access SPC-3 SCSI device            \nda0: 150.000MB/s transfers                                                      \nda0: 10240MB (20971520 512 byte sectors)                                        \ntaskqgroup_adjust failed cnt: 1 stride: 1 mp_ncpus: 1 smp_started: 0            \ntaskqgroup_adjust failed cnt: 1 stride: 1 mp_ncpus: 1 smp_started: 0            \nWARNING: Running on a broken hypervisor that does not support mandatory H_CLEAR.\nTrying to mount root from ufs:/dev/label/rootfs [rw,noatime,async]...           \nStarting file system checks:                                                    \n/dev/label/rootfs: FILE SYSTEM CLEAN; SKIPPING CHECKS                           \n/dev/label/rootfs: clean, 704902 free (60782 frags, 80515 blocks, 3.0% fragment)\nSetting hostuuid: 1f8346d6-6d03-11e5-b8f8-733ea57cce73.                         \nSetting hostid: 0x462d7233.                                                     \nMounting local filesystems:.                                                    \nSetting hostname: freebsd-ppc64.kpsalerno.us.ibm.com.                           \nSetting up harvesting: [UMA],[FS_ATIME],SWI,INTERRUPT,NET_NG,NET_ETHER,NET_TUN,D\nFeeding entropy: .                                                              \nem0: link state changed to UP                                                   \nStarting Network: lo0 em0.                                                      \nlo0: flags=8049\u003cUP,LOOPBACK,RUNNING,MULTICAST\u003e metric 0 mtu 16384               \n        options=600003\u003cRXCSUM,TXCSUM,RXCSUM_IPV6,TXCSUM_IPV6\u003e                   \n        inet 127.0.0.1 netmask 0xff000000                                       \n        groups: lo                                                              \nem0: flags=8843\u003cUP,BROADCAST,RUNNING,SIMPLEX,MULTICAST\u003e metric 0 mtu 1500       \n        options=209b\u003cRXCSUM,TXCSUM,VLAN_MTU,VLAN_HWTAGGING,VLAN_HWCSUM,WOL_MAGI\u003e\n        ether 52:54:00:12:34:56                                                 \n        inet 10.0.2.6 netmask 0xffffff00 broadcast 10.0.2.255                   \n        media: Ethernet autoselect (1000baseT \u003cfull-duplex\u003e)                    \n        status: active                                                          \nELF ldconfig path: /lib /usr/lib /usr/lib/compat /usr/local/lib /usr/local/lib/E\nStarting devd.                                                                  \nadd host 127.0.0.1: gateway lo0 fib 0: route already in table                   \nadd net default: gateway 10.0.2.2                                               \nCreating and/or trimming log files.                                             \nStarting syslogd.                                                               \nRecovering vi editor sessions:.                                                 \nClearing /tmp (X related).                                                      \nUpdating motd:.                                                                 \nMounting late filesystems:.                                                     \nPerforming sanity check on sshd configuration.                                  \nStarting sshd.                                                                  \nStarting cron.                                                                  \nStarting background file system checks in 60 seconds.                           \n                                                                                \nWed Jan 24 16:23:27 EST 2018                                                    \n                                                                                \nFreeBSD/powerpc (freebsd-ppc64.kpsalerno.us.ibm.com) (ttyu0)                    \n                                                                                \nlogin:"
}