{
 "id": 1308973,
 "bug_id": 278958,
 "attachment_id": 0,
 "creation_time": "2024-05-14T15:45:55Z",
 "creator": "nunziotocci2000@gmail.com",
 "text": "Another panic this morning at 3:33AM with an identical backtrace.\nLooking at the core.txt there was a backup running this time as well. There is a running `zfs` process with a `sudo` as the parent, and `sshd` as the next process in the tree.\n\nA `zpool status` shoes that our jail dataset experience an error:\n  pool: zsmtp_jail\n state: ONLINE\nstatus: One or more devices has experienced an unrecoverable error.  An\n        attempt was made to correct the error.  Applications are unaffected.\naction: Determine if the device needs to be replaced, and clear the errors\n        using 'zpool clear' or replace the device with 'zpool replace'.\n   see: https://openzfs.github.io/openzfs-docs/msg/ZFS-8000-9P\n  scan: scrub repaired 92K in 00:23:52 with 0 errors on Tue May 14 03:53:36 2024\nconfig:\n\n        NAME        STATE     READ WRITE CKSUM\n        zsmtp_jail  ONLINE       0     0     0\n          mirror-0  ONLINE       0     0     0\n            nda1p3  ONLINE       0     0     1\n            nda2p3  ONLINE       0     0     0\n\nIt seems to me that this was likely caused by the panic corrupting something on that drive. smartctl -a /dev/nvme1 doesn't seem out of the ordinary:\n=== START OF INFORMATION SECTION ===\nModel Number:                       Force MP600\nSerial Number:                      2006823000012856205C\nFirmware Version:                   EGFM11.3\nPCI Vendor/Subsystem ID:            0x1987\nIEEE OUI Identifier:                0x6479a7\nTotal NVM Capacity:                 2,000,398,934,016 [2.00 TB]\nUnallocated NVM Capacity:           0\nController ID:                      1\nNVMe Version:                       1.3\nNumber of Namespaces:               1\nNamespace 1 Size/Capacity:          2,000,398,934,016 [2.00 TB]\nNamespace 1 Formatted LBA Size:     512\nNamespace 1 IEEE EUI-64:            6479a7 2fc124183d\nLocal Time is:                      Tue May 14 10:42:58 2024 CDT\nFirmware Updates (0x12):            1 Slot, no Reset required\nOptional Admin Commands (0x0017):   Security Format Frmw_DL Self_Test\nOptional NVM Commands (0x005d):     Comp DS_Mngmt Wr_Zero Sav/Sel_Feat Timestmp\nLog Page Attributes (0x08):         Telmtry_Lg\nMaximum Data Transfer Size:         512 Pages\nWarning  Comp. Temp. Threshold:     90 Celsius\nCritical Comp. Temp. Threshold:     95 Celsius\n\nSupported Power States\nSt Op     Max   Active     Idle   RL RT WL WT  Ent_Lat  Ex_Lat\n 0 +     9.78W       -        -    0  0  0  0        0       0\n 1 +     6.75W       -        -    1  1  1  1        0       0\n 2 +     5.23W       -        -    2  2  2  2        0       0\n 3 -   0.0490W       -        -    3  3  3  3     2000    2000\n 4 -   0.0018W       -        -    4  4  4  4    25000   25000\n\nSupported LBA Sizes (NSID 0x1)\nId Fmt  Data  Metadt  Rel_Perf\n 0 +     512       0         2\n 1 -    4096       0         1\n\n=== START OF SMART DATA SECTION ===\nSMART overall-health self-assessment test result: PASSED\n\nSMART/Health Information (NVMe Log 0x02)\nCritical Warning:                   0x00\nTemperature:                        39 Celsius\nAvailable Spare:                    100%\nAvailable Spare Threshold:          5%\nPercentage Used:                    3%\nData Units Read:                    295,807,203 [151 TB]\nData Units Written:                 98,425,650 [50.3 TB]\nHost Read Commands:                 1,499,250,766\nHost Write Commands:                2,297,088,561\nController Busy Time:               5,756\nPower Cycles:                       108\nPower On Hours:                     33,640\nUnsafe Shutdowns:                   67\nMedia and Data Integrity Errors:    0\nError Information Log Entries:      543\nWarning  Comp. Temperature Time:    0\nCritical Comp. Temperature Time:    0\n\nError Information (NVMe Log 0x01, 16 of 63 entries)\nNo Errors Logged\n\nSelf-test Log (NVMe Log 0x06)\nSelf-test status: No self-test in progress\nNum  Test_Description  Status                       Power_on_Hours  Failing_LBA  NSID Seg SCT Code\n 0   Short             Completed without error               30728            -     -   -   -    -\n\nI will run a SMART self test and report the results."
}