{
 "id": 795454,
 "bug_id": 194894,
 "attachment_id": 0,
 "creation_time": "2014-11-11T13:47:32Z",
 "creator": "transitive@gmail.com",
 "text": "No I didn't notice anything peculiar in the logs, nor is my system behaving unusual.  In the meantime I will keep looking for a solution to my problem.  In the worst case I will just end up installing from the repo using pkgng if necessary.\n\nFor what it's worth here is my dmesg output:\n\nCopyright (c) 1992-2014 The FreeBSD Project.\nCopyright (c) 1979, 1980, 1983, 1986, 1988, 1989, 1991, 1992, 1993, 1994\n\tThe Regents of the University of California. All rights reserved.\nFreeBSD is a registered trademark of The FreeBSD Foundation.\nFreeBSD 10.1-PRERELEASE #8 r274230: Fri Nov  7 11:46:08 EST 2014\n    root@polyfree.my.domain:/usr/obj/usr/src/sys/GENERIC amd64\nFreeBSD clang version 3.4.1 (tags/RELEASE_34/dot1-final 208032) 20140512\nVT: running with driver \"vga\".\nCPU: AMD Athlon(tm) 64 X2 Dual Core Processor 3800+ (2004.23-MHz K8-class CPU)\n  Origin = \"AuthenticAMD\"  Id = 0x40fb2  Family = 0xf  Model = 0x4b  Stepping = 2\n  Features=0x178bfbff\u003cFPU,VME,DE,PSE,TSC,MSR,PAE,MCE,CX8,APIC,SEP,MTRR,PGE,MCA,CMOV,PAT,PSE36,CLFLUSH,MMX,FXSR,SSE,SSE2,HTT\u003e\n  Features2=0x2001\u003cSSE3,CX16\u003e\n  AMD Features=0xea500800\u003cSYSCALL,NX,MMX+,FFXSR,RDTSCP,LM,3DNow!+,3DNow!\u003e\n  AMD Features2=0x1f\u003cLAHF,CMP,SVM,ExtAPIC,CR8\u003e\nreal memory  = 3221225472 (3072 MB)\navail memory = 2940796928 (2804 MB)\nEvent timer \"LAPIC\" quality 400\nACPI APIC Table: \u003cHPQOEM SLIC-CPC\u003e\nFreeBSD/SMP: Multiprocessor System Detected: 2 CPUs\nFreeBSD/SMP: 1 package(s) x 2 core(s)\n cpu0 (BSP): APIC ID:  0\n cpu1 (AP): APIC ID:  1\nioapic0: Changing APIC ID to 2\nioapic0 \u003cVersion 1.1\u003e irqs 0-23 on motherboard\nrandom: \u003cSoftware, Yarrow\u003e initialized\nmodule_register_init: MOD_LOAD (vesa, 0xffffffff80d96350, 0) error 19\nkbd1 at kbdmux0\nacpi0: \u003cHPQOEM SLIC-CPC\u003e on motherboard\nacpi0: Power Button (fixed)\nacpi0: reservation of 0, a0000 (3) failed\nacpi0: reservation of 100000, b7df0000 (3) failed\ncpu0: \u003cACPI CPU\u003e on acpi0\ncpu1: \u003cACPI CPU\u003e on acpi0\nattimer0: \u003cAT timer\u003e port 0x40-0x43 on acpi0\nTimecounter \"i8254\" frequency 1193182 Hz quality 0\nEvent timer \"i8254\" frequency 1193182 Hz quality 100\nhpet0: \u003cHigh Precision Event Timer\u003e iomem 0xfefff000-0xfefff3ff irq 0,8 on acpi0\nTimecounter \"HPET\" frequency 25000000 Hz quality 950\natrtc0: \u003cAT realtime clock\u003e port 0x70-0x73 on acpi0\nEvent timer \"RTC\" frequency 32768 Hz quality 0\nTimecounter \"ACPI-fast\" frequency 3579545 Hz quality 900\nacpi_timer0: \u003c24-bit timer at 3.579545MHz\u003e port 0x4008-0x400b on acpi0\nacpi_button0: \u003cPower Button\u003e on acpi0\npcib0: \u003cACPI Host-PCI bridge\u003e port 0xcf8-0xcff on acpi0\npci0: \u003cACPI PCI bus\u003e on pcib0\npci0: \u003cmemory, RAM\u003e at device 0.0 (no driver attached)\npci0: \u003cmemory, RAM\u003e at device 0.1 (no driver attached)\npci0: \u003cmemory, RAM\u003e at device 0.2 (no driver attached)\npci0: \u003cmemory, RAM\u003e at device 0.3 (no driver attached)\npci0: \u003cmemory, RAM\u003e at device 0.4 (no driver attached)\npci0: \u003cmemory, RAM\u003e at device 0.5 (no driver attached)\npci0: \u003cmemory, RAM\u003e at device 0.6 (no driver attached)\npci0: \u003cmemory, RAM\u003e at device 0.7 (no driver attached)\npcib1: \u003cACPI PCI-PCI bridge\u003e at device 2.0 on pci0\npci1: \u003cACPI PCI bus\u003e on pcib1\npcib2: \u003cACPI PCI-PCI bridge\u003e at device 4.0 on pci0\npci2: \u003cACPI PCI bus\u003e on pcib2\nvgapci0: \u003cVGA-compatible display\u003e mem 0xfc000000-0xfcffffff,0xe0000000-0xefffffff,0xfb000000-0xfbffffff irq 16 at device 5.0 on pci0\nnvidia0: \u003cGeForce 6150 LE\u003e on vgapci0\nvgapci0: child nvidia0 requested pci_enable_io\nvgapci0: child nvidia0 requested pci_enable_io\nvgapci0: Boot video device\npci0: \u003cmemory, RAM\u003e at device 9.0 (no driver attached)\nisab0: \u003cPCI-ISA bridge\u003e at device 10.0 on pci0\nisa0: \u003cISA bus\u003e on isab0\npci0: \u003cmemory, RAM\u003e at device 10.2 (no driver attached)\nohci0: \u003cOHCI (generic) USB controller\u003e mem 0xfe02f000-0xfe02ffff irq 21 at device 11.0 on pci0\nusbus0 on ohci0\nehci0: \u003cEHCI (generic) USB 2.0 controller\u003e mem 0xfe02e000-0xfe02e0ff irq 22 at device 11.1 on pci0\nusbus1: EHCI version 1.0\nusbus1 on ehci0\natapci0: \u003cnVidia nForce MCP51 UDMA133 controller\u003e port 0x1f0-0x1f7,0x3f6,0x170-0x177,0x376,0xf400-0xf40f at device 13.0 on pci0\nata0: \u003cATA channel\u003e at channel 0 on atapci0\nata1: \u003cATA channel\u003e at channel 1 on atapci0\natapci1: \u003cnVidia nForce MCP51 SATA300 controller\u003e port 0x9f0-0x9f7,0xbf0-0xbf3,0x970-0x977,0xb70-0xb73,0xe000-0xe00f mem 0xfe02d000-0xfe02dfff irq 23 at device 14.0 on pci0\nata2: \u003cATA channel\u003e at channel 0 on atapci1\nata3: \u003cATA channel\u003e at channel 1 on atapci1\natapci2: \u003cnVidia nForce MCP51 SATA300 controller\u003e port 0x9e0-0x9e7,0xbe0-0xbe3,0x960-0x967,0xb60-0xb63,0xcc00-0xcc0f mem 0xfe02c000-0xfe02cfff irq 23 at device 15.0 on pci0\nata4: \u003cATA channel\u003e at channel 0 on atapci2\nata5: \u003cATA channel\u003e at channel 1 on atapci2\npcib3: \u003cACPI PCI-PCI bridge\u003e at device 16.0 on pci0\npci3: \u003cACPI PCI bus\u003e on pcib3\npci3: \u003cserial bus, FireWire\u003e at device 5.0 (no driver attached)\npci3: \u003csimple comms\u003e at device 9.0 (no driver attached)\nhdac0: \u003cNVIDIA MCP51 HDA Controller\u003e mem 0xfe024000-0xfe027fff irq 20 at device 16.1 on pci0\nnfe0: \u003cNVIDIA nForce 430 MCP13 Networking Adapter\u003e port 0xc800-0xc807 mem 0xfe02b000-0xfe02bfff irq 21 at device 20.0 on pci0\nmiibus0: \u003cMII bus\u003e on nfe0\ne1000phy0: \u003cMarvell 88E1118 Gigabit PHY\u003e PHY 1 on miibus0\ne1000phy0:  none, 10baseT, 10baseT-FDX, 100baseTX, 100baseTX-FDX, auto, auto-flow\nnfe0: Ethernet address: 00:1a:92:0f:81:b7\nacpi_tz0: \u003cThermal Zone\u003e on acpi0\natkbdc0: \u003cKeyboard controller (i8042)\u003e port 0x60,0x64 irq 1 on acpi0\natkbd0: \u003cAT Keyboard\u003e irq 1 on atkbdc0\nkbd0 at atkbd0\natkbd0: [GIANT-LOCKED]\norm0: \u003cISA Option ROM\u003e at iomem 0xd0000-0xd3fff on isa0\nppc0: cannot reserve I/O port range\npowernow0: \u003cPowerNow! K8\u003e on cpu0\npowernow1: \u003cPowerNow! K8\u003e on cpu1\nrandom: unblocking device.\nusbus0: 12Mbps Full Speed USB v1.0\nZFS NOTICE: Prefetch is disabled by default if less than 4GB of RAM is present;\n            to enable, add \"vfs.zfs.prefetch_disable=0\" to /boot/loader.conf.\nZFS filesystem version: 5\nZFS storage pool version: features support (5000)\nTimecounters tick every 1.000 msec\nhdacc0: \u003cRealtek ALC888 HDA CODEC\u003e at cad 0 on hdac0\nhdaa0: \u003cRealtek ALC888 Audio Function Group\u003e at nid 1 on hdacc0\npcm0: \u003cRealtek ALC888 (Analog 7.1/2.0)\u003e at nid 20,22,21,23 and 24,26,25 on hdaa0\npcm1: \u003cRealtek ALC888 (Analog)\u003e at nid 27 and 28 on hdaa0\npcm2: \u003cRealtek ALC888 (Rear Digital)\u003e at nid 30 on hdaa0\nusbus1: 480Mbps High Speed USB v2.0\nugen0.1: \u003cnVidia\u003e at usbus0\nuhub0: \u003cnVidia OHCI root HUB, class 9/0, rev 1.00/1.00, addr 1\u003e on usbus0\nugen1.1: \u003cnVidia\u003e at usbus1\nuhub1: \u003cnVidia EHCI root HUB, class 9/0, rev 2.00/1.00, addr 1\u003e on usbus1\nuhub_attach: Turning port 1 power on\nuhub_attach: Turning port 1 power on\nuhub_attach: Turning port 2 power on\nuhub_attach: Turning port 3 power on\nuhub_attach: Turning port 4 power on\nuhub_attach: Turning port 5 power on\nuhub_attach: Turning port 6 power on\nuhub_attach: Turning port 7 power on\nuhub_attach: Turning port 8 power on\nuhub0: 8 ports with 8 removable, self powered\nuhub_attach: Turning port 2 power on\nuhub_attach: Turning port 3 power on\nada0 at ata0 bus 0 scbus0 target 1 lun 0\nada0: \u003cWDC WD1600JB-00GVA0 08.02D08\u003e ATA-6 device\ncd0 at ata3 bus 0 scbus3 target 0 lun 0\ncd0: \u003cHL-DT-ST DVDRAM GH24LS50 YP01\u003e Removable CD-ROM SCSI-0 device \ncd0: Serial Number K2GA7P85232\ncd0: 150.000MB/s transfers (SATA 1.x, UDMA5, ATAPI 12bytes, PIO 8192bytes)\ncd0: Attempt to query device size failed: NOT READY, Medium not present - tray closed\nada0: Serial Number WD-WCAL72140353\nada0: 33.300MB/s transfers (UDMA2, PIO 8192bytes)\nada0: 152627MB (312581808 512 byte sectors: 16H 63S/T 16383C)\nada0: Previously was known as ad1\nada1 at ata2 bus 0 scbus2 target 0 lun 0\nada1: \u003cWDC WD2000JS-60NCB1 10.02E02\u003e ATA-7 SATA 2.x device\nada1: Serial Number WD-WCANL2000814\nada1: 150.000MB/s transfers (SATA 1.x, UDMA5, PIO 8192bytes)\nada1: 190782MB (390721968 512 byte sectors: 16H 63S/T 16383C)\nada1: Previously was known as ad4\nSMP: AP CPU #1 Launched!\nuhub_attach: Turning port 4 power on\nRoot mount waiting for: usbus1\nuhub_attach: Turning port 5 power on\nuhub_attach: Turning port 6 power on\nRoot mount waiting for: usbus1\nuhub_attach: Turning port 7 power on\nuhub_attach: Turning port 8 power on\nuhub1: 8 ports with 8 removable, self powered\nRoot mount waiting for: usbus1\nugen1.2: \u003cCanon\u003e at usbus1\nRoot mount waiting for: usbus1\nTrying to mount root from zfs:zroot/ROOT/default []...\nugen0.2: \u003cvendor 0x1bcf\u003e at usbus0\nugen0.3: \u003cUC-LOGIC\u003e at usbus0\nums0: \u003cvendor 0x1bcf USB Optical Mouse, class 0/0, rev 2.00/0.14, addr 2\u003e on usbus0\nums0: 5 buttons and [XYZT] coordinates ID=1\nums1: \u003cTWA60\u003e on usbus0\nums1: 3 buttons and [Z] coordinates ID=7\nums1: 3 buttons and [XY] coordinates ID="
}