{
 "id": 376747,
 "bug_id": 109161,
 "attachment_id": 0,
 "creation_time": "2007-02-14T10:30:03Z",
 "creator": "freeman@bsd-admin.org",
 "text": "Synaptic tochpad doesn't works on my new laptop (dell latitude D820), I set \nhw.psm.synaptics_support=1 in my /boot/loader.conf as writen in psm(4), but nothing was changed. Here is verbose dmesg, may be it will help:\n========================\nCopyright (c) 1992-2007 The FreeBSD Project.\nCopyright (c) 1979, 1980, 1983, 1986, 1988, 1989, 1991, 1992, 1993, 1994\n\tThe Regents of the University of California. All rights reserved.\nFreeBSD is a registered trademark of The FreeBSD Foundation.\nFreeBSD 6.2-STABLE #1: Tue Jan 16 03:36:28 MSK 2007\n    root@daemon:/usr/obj/usr/src/sys/DELL_D820_OPT\nPreloaded elf kernel \"/boot/kernel/kernel\" at 0xc1110000.\nPreloaded elf module \"/boot/kernel/geom_eli.ko\" at 0xc11101c4.\nPreloaded elf module \"/boot/kernel/crypto.ko\" at 0xc1110274.\nPreloaded elf module \"/boot/kernel/zlib.ko\" at 0xc1110320.\nPreloaded elf module \"/boot/kernel/linux.ko\" at 0xc11103cc.\nPreloaded elf module \"/boot/kernel/pf.ko\" at 0xc1110478.\nPreloaded elf module \"/boot/kernel/if_bge.ko\" at 0xc1110520.\nPreloaded elf module \"/boot/kernel/sound.ko\" at 0xc11105cc.\nPreloaded elf module \"/boot/kernel/ugen.ko\" at 0xc1110678.\nPreloaded elf module \"/boot/kernel/umass.ko\" at 0xc1110724.\nPreloaded elf module \"/boot/kernel/cardbus.ko\" at 0xc11107d0.\nPreloaded elf module \"/boot/kernel/pccard.ko\" at 0xc111087c.\nPreloaded elf module \"/boot/kernel/cbb.ko\" at 0xc1110928.\nPreloaded elf module \"/boot/kernel/exca.ko\" at 0xc11109d0.\nPreloaded elf module \"/boot/kernel/wlan_acl.ko\" at 0xc1110a7c.\nPreloaded elf module \"/boot/kernel/wlan.ko\" at 0xc1110b2c.\nPreloaded elf module \"/boot/kernel/wlan_tkip.ko\" at 0xc1110bd8.\nPreloaded elf module \"/boot/kernel/wlan_wep.ko\" at 0xc1110c88.\nPreloaded elf module \"/boot/modules/fuse.ko\" at 0xc1110d38.\nPreloaded elf module \"/boot/kernel/ng_ubt.ko\" at 0xc1110de4.\nPreloaded elf module \"/boot/kernel/netgraph.ko\" at 0xc1110e90.\nPreloaded elf module \"/boot/kernel/snd_hda.ko\" at 0xc1110f40.\nPreloaded elf module \"/boot/kernel/if_ndis.ko\" at 0xc1110fec.\nPreloaded elf module \"/boot/kernel/ndis.ko\" at 0xc1111098.\nPreloaded elf module \"/boot/modules/bcmwl5_sys.ko\" at 0xc1111144.\nPreloaded elf module \"/boot/modules/nvidia.ko\" at 0xc11111f4.\nTable 'FACP' at 0x3fe92800\nTable 'APIC' at 0x3fe93000\nMADT: Found table at 0x3fe93000\nAPIC: Using the MADT enumerator.\nMADT: Found CPU APIC ID 0 ACPI ID 0: enabled\nSMP: Added CPU 0 (AP)\nMADT: Found CPU APIC ID 1 ACPI ID 1: enabled\nSMP: Added CPU 1 (AP)\nINTR: Adding local APIC 0 as a target\nACPI APIC Table: \u003cDELL   M07    \u003e\nCalibrating clock(s) ... i8254 clock: 1193202 Hz\nCLK_USE_I8254_CALIBRATION not specified - using default frequency\nTimecounter \"i8254\" frequency 1193182 Hz quality 0\nCalibrating TSC clock ... TSC clock: 1997340732 Hz\nCPU: Intel(R) Core(TM)2 CPU         T7200  @ 2.00GHz (1997.34-MHz 686-class CPU)\n  Origin = \"GenuineIntel\"  Id = 0x6f6  Stepping = 6\n  Features=0xbfebfbff\u003cFPU,VME,DE,PSE,TSC,MSR,PAE,MCE,CX8,APIC,SEP,MTRR,PGE,MCA,CMOV,PAT,PSE36,CLFLUSH,DTS,ACPI,MMX,FXSR,SSE,SSE2,SS,HTT,TM,PBE\u003e\n  Features2=0xe3bd\u003cSSE3,RSVD2,MON,DS_CPL,VMX,EST,TM2,\u003cb9\u003e,CX16,\u003cb14\u003e,\u003cb15\u003e\u003e\n  AMD Features=0x20100000\u003cNX,LM\u003e\n  AMD Features2=0x1\u003cLAHF\u003e\n  Cores per package: 2\nreal memory  = 1072238592 (1022 MB)\nPhysical memory chunk(s):\n0x0000000000001000 - 0x000000000009dfff, 643072 bytes (157 pages)\n0x0000000000100000 - 0x00000000003fffff, 3145728 bytes (768 pages)\n0x0000000001428000 - 0x000000003ec4efff, 1031958528 bytes (251943 pages)\navail memory = 1031651328 (983 MB)\nINTR: Adding local APIC 1 as a target\nFreeBSD/SMP: Multiprocessor System Detected: 2 CPUs\n cpu0 (BSP): APIC ID:  0\n cpu1 (AP): APIC ID:  1\nAPIC: CPU 0 has ACPI ID 0\nAPIC: CPU 1 has ACPI ID 1\nbios32: Found BIOS32 Service Directory header at 0xc00ffa00\nbios32: Entry = 0xffa10 (c00ffa10)  Rev = 0  Len = 1\npcibios: PCI BIOS entry at 0xf0000+0xadb6\npnpbios: Found PnP BIOS data at 0xc00fe2d0\npnpbios: Entry = f0000:e2f4  Rev = 1.0\npnpbios: Event flag at 4b4\nOther BIOS signatures found:\nMADT: Found IO APIC ID 2, Interrupt 0 at 0xfec00000\nioapic0: Changing APIC ID to 2\nioapic0: Routing external 8259A's -\u003e intpin 0\nMADT: Interrupt override: source 0, irq 2\nioapic0: Routing IRQ 0 -\u003e intpin 2\nMADT: Interrupt override: source 9, irq 9\nioapic0: intpin 9 trigger: level\nlapic0: Routing NMI -\u003e LINT1\nlapic0: LINT1 trigger: edge\nlapic0: LINT1 polarity: high\nlapic1: Routing NMI -\u003e LINT1\nlapic1: LINT1 trigger: edge\nlapic1: LINT1 polarity: high\nioapic0 \u003cVersion 2.0\u003e irqs 0-23 on motherboard\ncpu0 BSP:\n     ID: 0x00000000   VER: 0x00050014 LDR: 0x00000000 DFR: 0xffffffff\n  lint0: 0x00010700 lint1: 0x00000400 TPR: 0x00000000 SVR: 0x000001ff\n  timer: 0x000100ef therm: 0x00010000 err: 0x00010000 pcm: 0x00010000\nwlan: \u003c802.11 Link Layer\u003e\nwlan: \u003c802.11 MAC ACL support\u003e\nwlan: mac acl policy registered\ncrypto: \u003ccrypto core\u003e\nfeeder_register: snd_unit=0 snd_maxautovchans=4 latency=5 feeder_buffersize=16384 feeder_rate_min=1 feeder_rate_max=2016000 feeder_rate_round=25\nmem: \u003cmemory\u003e\nPentium Pro MTRR support enabled\nnull: \u003cnull device, zero device\u003e\nrandom: \u003centropy source, Software, Yarrow\u003e\nio: \u003cI/O\u003e\nacpi0: \u003cDELL M07    \u003e on motherboard\nioapic0: routing intpin 9 (ISA IRQ 9) to vector 48\nacpi0: [MPSAFE]\npci_open(1):\tmode 1 addr port (0x0cf8) is 0x80000054\npci_open(1a):\tmode1res=0x80000000 (0x80000000)\npci_cfgcheck:\tdevice 0 [class=060000] [hdr=00] is there (id=27a08086)\npcibios: BIOS version 2.10\nacpi_bus_number: root bus has no _BBN, assuming 0\nAcpiOsDerivePciId: bus 0 dev 31 func 0\nacpi_bus_number: root bus has no _BBN, assuming 0\nAcpiOsDerivePciId: bus 0 dev 31 func 0\nacpi0: wakeup code va 0xd927e000 pa 0x9d000\nACPI timer: 1/1 1/1 1/1 1/1 1/1 1/1 1/1 1/1 1/1 1/1 -\u003e 10\nTimecounter \"ACPI-fast\" frequency 3579545 Hz quality 1000\nacpi_timer0: \u003c24-bit timer at 3.579545MHz\u003e port 0x1008-0x100b on acpi0\npci_link0:        Index  IRQ  Rtd  Ref  IRQs\n  Initial Probe       0    9   N     0  9 10 11\n  Validation          0    9   N     0  9 10 11\n  After Disable       0  255   N     0  9 10 11\npci_link1:        Index  IRQ  Rtd  Ref  IRQs\n  Initial Probe       0    3   N     0  5 7\n  Validation          0  255   N     0  5 7\n  After Disable       0  255   N     0  5 7\npci_link2:        Index  IRQ  Rtd  Ref  IRQs\n  Initial Probe       0    5   N     0  9 10 11\n  Validation          0  255   N     0  9 10 11\n  After Disable       0  255   N     0  9 10 11\npci_link3:        Index  IRQ  Rtd  Ref  IRQs\n  Initial Probe       0   11   N     0  5 7 9 10 11\n  Validation          0   11   N     0  5 7 9 10 11\n  After Disable       0  255   N     0  5 7 9 10 11\npci_link4:        Index  IRQ  Rtd  Ref  IRQs\n  Initial Probe       0   10   N     0  3 4 5 6 7 9 10 11 12 14 15\n  Validation          0   10   N     0  3 4 5 6 7 9 10 11 12 14 15\n  After Disable       0  255   N     0  3 4 5 6 7 9 10 11 12 14 15\npci_link5:        Index  IRQ  Rtd  Ref  IRQs\n  Initial Probe       0   11   N     0  3 4 5 6 7 9 10 11 12 14 15\n  Validation          0   11   N     0  3 4 5 6 7 9 10 11 12 14 15\n  After Disable       0  255   N     0  3 4 5 6 7 9 10 11 12 14 15\npci_link6:        Index  IRQ  Rtd  Ref  IRQs\n  Initial Probe       0    9   N     0  3 4 5 6 7 9 10 11 12 14 15\n  Validation          0    9   N     0  3 4 5 6 7 9 10 11 12 14 15\n  After Disable       0  255   N     0  3 4 5 6 7 9 10 11 12 14 15\npci_link7:        Index  IRQ  Rtd  Ref  IRQs\n  Initial Probe       0    5   N     0  3 4 5 6 7 9 10 11 12 14 15\n  Validation          0    5   N     0  3 4 5 6 7 9 10 11 12 14 15\n  After Disable       0  255   N     0  3 4 5 6 7 9 10 11 12 14 15\ncpu0: \u003cACPI CPU\u003e on acpi0\nest0: \u003cEnhanced SpeedStep Frequency Control\u003e on cpu0\np4tcc0: \u003cCPU Frequency Thermal Control\u003e on cpu0\ncpu1: \u003cACPI CPU\u003e on acpi0\nest1: \u003cEnhanced SpeedStep Frequency Control\u003e on cpu1\np4tcc1: \u003cCPU Frequency Thermal Control\u003e on cpu1\nacpi_acad0: \u003cAC Adapter\u003e on acpi0\nbattery0: \u003cACPI Control Method Battery\u003e on acpi0\nbattery1: \u003cACPI Control Method Battery\u003e on acpi0\nacpi_lid0: \u003cControl Method Lid Switch\u003e on acpi0\nacpi_button0: \u003cPower Button\u003e on acpi0\nacpi_button1: \u003cSleep Button\u003e on acpi0\npcib0: \u003cACPI Host-PCI bridge\u003e port 0xcf8-0xcff on acpi0\npci0: \u003cACPI PCI bus\u003e on pcib0\npci0: physical bus=0\nfound-\u003e\tvendor=0x8086, dev=0x27a0, revid=0x03\n\tbus=0, slot=0, func=0\n\tclass=06-00-00, hdrtype=0x00, mfdev=0\n\tcmdreg=0x0006, statreg=0x2090, cachelnsz=0 (dwords)\n\tlattimer=0x00 (0 ns), mingnt=0x00 (0 ns), maxlat=0x00 (0 ns)\nfound-\u003e\tvendor=0x8086, dev=0x27a1, revid=0x03\n\tbus=0, slot=1, func=0\n\tclass=06-04-00, hdrtype=0x01, mfdev=0\n\tcmdreg=0x0107, statreg=0x0010, cachelnsz=16 (dwords)\n\tlattimer=0x00 (0 ns), mingnt=0x1a (6500 ns), maxlat=0x00 (0 ns)\n\tintpin=a, irq=255\n\tpowerspec 2  supports D0 D3  current D0\n\tMSI supports 1 message\nfound-\u003e\tvendor=0x8086, dev=0x27d8, revid=0x01\n\tbus=0, slot=27, func=0\n\tclass=04-03-00, hdrtype=0x00, mfdev=0\n\tcmdreg=0x0106, statreg=0x0010, cachelnsz=16 (dwords)\n\tlattimer=0x00 (0 ns), mingnt=0x00 (0 ns), maxlat=0x00 (0 ns)\n\tintpin=a, irq=11\n\tpowerspec 2  supports D0 D3  current D0\n\tMSI supports 1 message, 64 bit\n\tmap[10]: type 1, range 64, base dfffc000, size 14, enabled\npcib0: matched entry for 0.27.INTA\npcib0: slot 27 INTA hardwired to IRQ 21\nfound-\u003e\tvendor=0x8086, dev=0x27d0, revid=0x01\n\tbus=0, slot=28, func=0\n\tclass=06-04-00, hdrtype=0x01, mfdev=1\n\tcmdreg=0x0107, statreg=0x0010, cachelnsz=16 (dwords)\n\tlattimer=0x00 (0 ns), mingnt=0x02 (500 ns), maxlat=0x00 (0 ns)\n\tintpin=a, irq=255\n\tpowerspec 2  supports D0 D3  current D0\n\tMSI supports 1 message\nfound-\u003e\tvendor=0x8086, dev=0x27d2, revid=0x01\n\tbus=0, slot=28, func=1\n\tclass=06-04-00, hdrtype=0x01, mfdev=1\n\tcmdreg=0x0007, statreg=0x0010, cachelnsz=16 (dwords)\n\tlattimer=0x00 (0 ns), mingnt=0x02 (500 ns), maxlat=0x00 (0 ns)\n\tintpin=b, irq=255\n\tpowerspec 2  supports D0 D3  current D0\n\tMSI supports 1 message\nfound-\u003e\tvendor=0x8086, dev=0x27d4, revid=0x01\n\tbus=0, slot=28, func=2\n\tclass=06-04-00, hdrtype=0x01, mfdev=1\n\tcmdreg=0x0007, statreg=0x0010, cachelnsz=16 (dwords)\n\tlattimer=0x00 (0 ns), mingnt=0x02 (500 ns), maxlat=0x00 (0 ns)\n\tintpin=c, irq=255\n\tpowerspec 2  supports D0 D3  current D0\n\tMSI supports 1 message\nfound-\u003e\tvendor=0x8086, dev=0x27d6, revid=0x01\n\tbus=0, slot=28, func=3\n\tclass=06-04-00, hdrtype=0x01, mfdev=1\n\tcmdreg=0x0007, statreg=0x0010, cachelnsz=16 (dwords)\n\tlattimer=0x00 (0 ns), mingnt=0x02 (500 ns), maxlat=0x00 (0 ns)\n\tintpin=d, irq=255\n\tpowerspec 2  supports D0 D3  current D0\n\tMSI supports 1 message\nfound-\u003e\tvendor=0x8086, dev=0x27c8, revid=0x01\n\tbus=0, slot=29, func=0\n\tclass=0c-03-00, hdrtype=0x00, mfdev=1\n\tcmdreg=0x0005, statreg=0x0280, cachelnsz=0 (dwords)\n\tlattimer=0x00 (0 ns), mingnt=0x00 (0 ns), maxlat=0x00 (0 ns)\n\tintpin=a, irq=10\n\tmap[20]: type 4, range 32, base 0000bf80, size  5, enabled\npcib0: matched entry for 0.29.INTA\npcib0: slot 29 INTA hardwired to IRQ 20\nfound-\u003e\tvendor=0x8086, dev=0x27c9, revid=0x01\n\tbus=0, slot=29, func=1\n\tclass=0c-03-00, hdrtype=0x00, mfdev=0\n\tcmdreg=0x0005, statreg=0x0280, cachelnsz=0 (dwords)\n\tlattimer=0x00 (0 ns), mingnt=0x00 (0 ns), maxlat=0x00 (0 ns)\n\tintpin=b, irq=11\n\tmap[20]: type 4, range 32, base 0000bf60, size  5, enabled\npcib0: matched entry for 0.29.INTB\npcib0: slot 29 INTB hardwired to IRQ 21\nfound-\u003e\tvendor=0x8086, dev=0x27ca, revid=0x01\n\tbus=0, slot=29, func=2\n\tclass=0c-03-00, hdrtype=0x00, mfdev=0\n\tcmdreg=0x0005, statreg=0x0280, cachelnsz=0 (dwords)\n\tlattimer=0x00 (0 ns), mingnt=0x00 (0 ns), maxlat=0x00 (0 ns)\n\tintpin=c, irq=9\n\tmap[20]: type 4, range 32, base 0000bf40, size  5, enabled\npcib0: matched entry for 0.29.INTC\npcib0: slot 29 INTC hardwired to IRQ 22\nfound-\u003e\tvendor=0x8086, dev=0x27cb, revid=0x01\n\tbus=0, slot=29, func=3\n\tclass=0c-03-00, hdrtype=0x00, mfdev=0\n\tcmdreg=0x0005, statreg=0x0280, cachelnsz=0 (dwords)\n\tlattimer=0x00 (0 ns), mingnt=0x00 (0 ns), maxlat=0x00 (0 ns)\n\tintpin=d, irq=5\n\tmap[20]: type 4, range 32, base 0000bf20, size  5, enabled\npcib0: matched entry for 0.29.INTD\npcib0: slot 29 INTD hardwired to IRQ 23\nfound-\u003e\tvendor=0x8086, dev=0x27cc, revid=0x01\n\tbus=0, slot=29, func=7\n\tclass=0c-03-20, hdrtype=0x00, mfdev=0\n\tcmdreg=0x0106, statreg=0x0290, cachelnsz=0 (dwords)\n\tlattimer=0x00 (0 ns), mingnt=0x00 (0 ns), maxlat=0x00 (0 ns)\n\tintpin=a, irq=10\n\tpowerspec 2  supports D0 D3  current D0\n\tmap[10]: type 1, range 32, base ffa80000, size 10, enabled\npcib0: matched entry for 0.29.INTA\npcib0: slot 29 INTA hardwired to IRQ 20\nfound-\u003e\tvendor=0x8086, dev=0x2448, revid=0xe1\n\tbus=0, slot=30, func=0\n\tclass=06-04-01, hdrtype=0x01, mfdev=0\n\tcmdreg=0x0007, statreg=0x0010, cachelnsz=0 (dwords)\n\tlattimer=0x00 (0 ns), mingnt=0x02 (500 ns), maxlat=0x00 (0 ns)\nfound-\u003e\tvendor=0x8086, dev=0x27b9, revid=0x01\n\tbus=0, slot=31, func=0\n\tclass=06-01-00, hdrtype=0x00, mfdev=1\n\tcmdreg=0x0107, statreg=0x0210, cachelnsz=0 (dwords)\n\tlattimer=0x00 (0 ns), mingnt=0x00 (0 ns), maxlat=0x00 (0 ns)\nfound-\u003e\tvendor=0x8086, dev=0x27c4, revid=0x01\n\tbus=0, slot=31, func=2\n\tclass=01-01-80, hdrtype=0x00, mfdev=0\n\tcmdreg=0x0005, statreg=0x02b0, cachelnsz=0 (dwords)\n\tlattimer=0x00 (0 ns), mingnt=0x00 (0 ns), maxlat=0x00 (0 ns)\n\tintpin=b, irq=3\n\tpowerspec 2  supports D0 D3  current D0\n\tmap[20]: type 4, range 32, base 0000bfa0, size  4, enabled\npcib0: matched entry for 0.31.INTB\npcib0: slot 31 INTB hardwired to IRQ 17\nfound-\u003e\tvendor=0x8086, dev=0x27da, revid=0x01\n\tbus=0, slot=31, func=3\n\tclass=0c-05-00, hdrtype=0x00, mfdev=0\n\tcmdreg=0x0101, statreg=0x0280, cachelnsz=0 (dwords)\n\tlattimer=0x00 (0 ns), mingnt=0x00 (0 ns), maxlat=0x00 (0 ns)\n\tintpin=b, irq=3\n\tmap[20]: type 4, range 32, base 000010c0, size  5, enabled\npcib0: matched entry for 0.31.INTB\npcib0: slot 31 INTB hardwired to IRQ 17\npcib1: \u003cACPI PCI-PCI bridge\u003e at device 1.0 on pci0\npcib1:   secondary bus     1\npcib1:   subordinate bus   1\npcib1:   I/O decode        0xf000-0xfff\npcib1:   memory decode     0xdd000000-0xdfefffff\npcib1:   prefetched decode 0xc0000000-0xcfffffff\npci1: \u003cACPI PCI bus\u003e on pcib1\npci1: physical bus=1\nfound-\u003e\tvendor=0x10de, dev=0x01d7, revid=0xa1\n\tbus=1, slot=0, func=0\n\tclass=03-00-00, hdrtype=0x00, mfdev=0\n\tcmdreg=0x0007, statreg=0x0010, cachelnsz=16 (dwords)\n\tlattimer=0x00 (0 ns), mingnt=0x00 (0 ns), maxlat=0x00 (0 ns)\n\tintpin=a, irq=9\n\tpowerspec 2  supports D0 D3  current D0\n\tMSI supports 1 message, 64 bit\n\tmap[10]: type 1, range 32, base dd000000, size 24, enabled\npcib1: requested memory range 0xdd000000-0xddffffff: good\n\tmap[14]: type 3, range 64, base c0000000, size 28, enabled\npcib1: requested memory range 0xc0000000-0xcfffffff: good\n\tmap[1c]: type 1, range 64, base de000000, size 24, enabled\npcib1: requested memory range 0xde000000-0xdeffffff: good\npcib1: matched entry for 1.0.INTA\npcib1: slot 0 INTA hardwired to IRQ 16\nnvidia0: \u003cGeForce Go 7300\u003e mem 0xdd000000-0xddffffff,0xc0000000-0xcfffffff,0xde000000-0xdeffffff irq 16 at device 0.0 on pci1\nnvidia0: Reserved 0x1000000 bytes for rid 0x10 type 3 at 0xdd000000\nnvidia0: Reserved 0x10000000 bytes for rid 0x14 type 3 at 0xc0000000\nnvidia0: Reserved 0x1000000 bytes for rid 0x1c type 3 at 0xde000000\nioapic0: routing intpin 16 (PCI IRQ 16) to vector 49\nnvidia0: [GIANT-LOCKED]\npcm0: \u003cIntel 82801G High Definition Audio Controller\u003e mem 0xdfffc000-0xdfffffff irq 21 at device 27.0 on pci0\npcm0: Reserved 0x4000 bytes for rid 0x10 type 3 at 0xdfffc000\nioapic0: routing intpin 21 (PCI IRQ 21) to vector 50\npcm0: [MPSAFE]\npcib2: \u003cACPI PCI-PCI bridge\u003e at device 28.0 on pci0\npcib2:   secondary bus     11\npcib2:   subordinate bus   11\npcib2:   I/O decode        0xf000-0xfff\npcib2:   memory decode     0xfff00000-0xfffff\npcib2:   prefetched decode 0xfff00000-0xfffff\npci11: \u003cACPI PCI bus\u003e on pcib2\npci11: physical bus=11\npcib3: \u003cACPI PCI-PCI bridge\u003e at device 28.1 on pci0\npcib3:   secondary bus     12\npcib3:   subordinate bus   12\npcib3:   I/O decode        0xf000-0xfff\npcib3:   memory decode     0xdcf00000-0xdcffffff\npcib3:   prefetched decode 0xfff00000-0xfffff\npci12: \u003cACPI PCI bus\u003e on pcib3\npci12: physical bus=12\nfound-\u003e\tvendor=0x14e4, dev=0x4311, revid=0x01\n\tbus=12, slot=0, func=0\n\tclass=02-80-00, hdrtype=0x00, mfdev=0\n\tcmdreg=0x0107, statreg=0x0010, cachelnsz=16 (dwords)\n\tlattimer=0x00 (0 ns), mingnt=0x00 (0 ns), maxlat=0x00 (0 ns)\n\tintpin=a, irq=3\n\tpowerspec 2  supports D0 D1 D2 D3  current D0\n\tMSI supports 1 message\n\tmap[10]: type 1, range 32, base dcffc000, size 14, enabled\npcib3: requested memory range 0xdcffc000-0xdcffffff: good\npcib3: matched entry for 12.0.INTA\npcib3: slot 0 INTA hardwired to IRQ 17\nndis0: \u003cDell Wireless 1390 WLAN Mini-PCI Card\u003e mem 0xdcffc000-0xdcffffff irq 17 at device 0.0 on pci12\nndis0: Reserved 0x4000 bytes for rid 0x10 type 3 at 0xdcffc000\nioapic0: routing intpin 17 (PCI IRQ 17) to vector 51\nndis0: [MPSAFE]\nndis0: NDIS API version: 5.1\nndis0: bpf attached\nndis0: Ethernet address: 00:16:cf:60:70:05\nndis0: bpf attached\npcib4: \u003cACPI PCI-PCI bridge\u003e at device 28.2 on pci0\npcib4:   secondary bus     9\npcib4:   subordinate bus   9\npcib4:   I/O decode        0xf000-0xfff\npcib4:   memory decode     0xdce00000-0xdcefffff\npcib4:   prefetched decode 0xfff00000-0xfffff\npci9: \u003cACPI PCI bus\u003e on pcib4\npci9: physical bus=9\nfound-\u003e\tvendor=0x14e4, dev=0x1600, revid=0x02\n\tbus=9, slot=0, func=0\n\tclass=02-00-00, hdrtype=0x00, mfdev=0\n\tcmdreg=0x0106, statreg=0x0010, cachelnsz=16 (dwords)\n\tlattimer=0x00 (0 ns), mingnt=0x00 (0 ns), maxlat=0x00 (0 ns)\n\tintpin=a, irq=5\n\tpowerspec 2  supports D0 D3  current D0\n\tMSI supports 8 messages, 64 bit\n\tmap[10]: type 1, range 64, base dcef0000, size 16, enabled\npcib4: requested memory range 0xdcef0000-0xdcefffff: good\npcib4: matched entry for 9.0.INTA\npcib4: slot 0 INTA hardwired to IRQ 18\nbge0: \u003cBroadcom BCM5752 A2, ASIC rev. 0x6002\u003e mem 0xdcef0000-0xdcefffff irq 18 at device 0.0 on pci9\nbge0: Reserved 0x10000 bytes for rid 0x10 type 3 at 0xdcef0000\nbge0: firmware handshake timed out\nmiibus0: \u003cMII bus\u003e on bge0\nbrgphy0: \u003cBCM5752 10/100/1000baseTX PHY\u003e on miibus0\nbrgphy0:  10baseT, 10baseT-FDX, 100baseTX, 100baseTX-FDX, 1000baseTX, 1000baseTX-FDX, auto\nbge0: bpf attached\nbge0: Ethernet address: 00:15:c5:b7:22:de\nioapic0: routing intpin 18 (PCI IRQ 18) to vector 52\nbge0: [MPSAFE]\npcib5: \u003cACPI PCI-PCI bridge\u003e at device 28.3 on pci0\npcib5:   secondary bus     13\npcib5:   subordinate bus   14\npcib5:   I/O decode        0xe000-0xefff\npcib5:   memory decode     0xdcc00000-0xdcdfffff\npcib5:   prefetched decode 0xd0000000-0xd01fffff\npci13: \u003cACPI PCI bus\u003e on pcib5\npci13: physical bus=13\nuhci0: \u003cUHCI (generic) USB controller\u003e port 0xbf80-0xbf9f irq 20 at device 29.0 on pci0\nuhci0: Reserved 0x20 bytes for rid 0x20 type 4 at 0xbf80\nioapic0: routing intpin 20 (PCI IRQ 20) to vector 53\nuhci0: [MPSAFE]\nuhci0: LegSup = 0x0000\nusb0: \u003cUHCI (generic) USB controller\u003e on uhci0\nuhci1: \u003cUHCI (generic) USB controller\u003e port 0xbf60-0xbf7f irq 21 at device 29.1 on pci0\nuhci1: Reserved 0x20 bytes for rid 0x20 type 4 at 0xbf60\nuhci1: [MPSAFE]\nuhci1: LegSup = 0x0000\nusb1: \u003cUHCI (generic) USB controller\u003e on uhci1\nuhci2: \u003cUHCI (generic) USB controller\u003e port 0xbf40-0xbf5f irq 22 at device 29.2 on pci0\nuhci2: Reserved 0x20 bytes for rid 0x20 type 4 at 0xbf40\nioapic0: routing intpin 22 (PCI IRQ 22) to vector 54\nuhci2: [MPSAFE]\nuhci2: LegSup = 0x0000\nusb2: \u003cUHCI (generic) USB controller\u003e on uhci2\nuhci3: \u003cUHCI (generic) USB controller\u003e port 0xbf20-0xbf3f irq 23 at device 29.3 on pci0\nuhci3: Reserved 0x20 bytes for rid 0x20 type 4 at 0xbf20\nioapic0: routing intpin 23 (PCI IRQ 23) to vector 55\nuhci3: [MPSAFE]\nuhci3: LegSup = 0x0000\nusb3: \u003cUHCI (generic) USB controller\u003e on uhci3\nehci0: \u003cIntel 82801GB/R (ICH7) USB 2.0 controller\u003e mem 0xffa80000-0xffa803ff irq 20 at device 29.7 on pci0\nehci0: Reserved 0x400 bytes for rid 0x10 type 3 at 0xffa80000\nehci0: [MPSAFE]\nusb4: EHCI version 1.0\nusb4: \u003cIntel 82801GB/R (ICH7) USB 2.0 controller\u003e on ehci0\npcib6: \u003cACPI PCI-PCI bridge\u003e at device 30.0 on pci0\npcib6:   secondary bus     3\npcib6:   subordinate bus   4\npcib6:   I/O decode        0xf000-0xfff\npcib6:   memory decode     0xdcb00000-0xdcbfffff\npcib6:   prefetched decode 0xfff00000-0xfffff\npcib6:   Subtractively decoded bridge.\npci3: \u003cACPI PCI bus\u003e on pcib6\npci3: physical bus=3\nfound-\u003e\tvendor=0x1217, dev=0x7135, revid=0x21\n\tbus=3, slot=1, func=0\n\tclass=06-07-00, hdrtype=0x02, mfdev=1\n\tcmdreg=0x0000, statreg=0x0410, cachelnsz=0 (dwords)\n\tlattimer=0x40 (1920 ns), mingnt=0x40 (16000 ns), maxlat=0x00 (0 ns)\n\tintpin=a, irq=255\n\tpowerspec 2  supports D0 D1 D2 D3  current D0\n\tmap[10]: type 1, range 32, base 00000000, size 12, memory disabled\nfound-\u003e\tvendor=0x1217, dev=0x00f7, revid=0x02\n\tbus=3, slot=1, func=4\n\tclass=0c-00-10, hdrtype=0x00, mfdev=0\n\tcmdreg=0x0117, statreg=0x0210, cachelnsz=16 (dwords)\n\tlattimer=0x40 (1920 ns), mingnt=0x00 (0 ns), maxlat=0x00 (0 ns)\n\tintpin=a, irq=11\n\tpowerspec 2  supports D0 D1 D2 D3  current D0\n\tmap[10]: type 1, range 32, base dcbff000, size 12, enabled\npcib6: requested memory range 0xdcbff000-0xdcbfffff: good\n\tmap[14]: type 1, range 32, base dcbfe800, size 11, enabled\npcib6: requested memory range 0xdcbfe800-0xdcbfefff: good\npcib6: matched entry for 3.1.INTA\npcib6: slot 1 INTA hardwired to IRQ 19\ncbb0: \u003cPCI-CardBus Bridge\u003e at device 1.0 on pci3\npcib6: cbb0 requested memory range 0xdcb00000-0xdcbfffff: good\ncbb0: Lazy allocation of 0x1000 bytes rid 0x10 type 3 at 0xdcb00000\ncardbus0: \u003cCardBus bus\u003e on cbb0\npccard0: \u003c16-bit PCCard bus\u003e on cbb0\npcib6: matched entry for 3.1.INTA\npcib6: slot 1 INTA hardwired to IRQ 19\nioapic0: routing intpin 19 (PCI IRQ 19) to vector 56\ncbb0: [MPSAFE]\ncbb0: PCI Configuration space:\n  0x00: 0x71351217 0x04100007 0x06070021 0x00824000 \n  0x10: 0xdcb00000 0x020000a0 0x20040403 0xfffff000 \n  0x20: 0x00000000 0xfffff000 0x00000000 0x0000fffd \n  0x30: 0x00000001 0x0000fffd 0x00000001 0x04400113 \n  0x40: 0x01cc1028 0x00000001 0x00000000 0x00000000 \n  0x50: 0x00000000 0x00000000 0x00000000 0x00000000 \n  0x60: 0x00000000 0x00000000 0x00000000 0x00000000 \n  0x70: 0x00000000 0x00000000 0x00000000 0x00000000 \n  0x80: 0x00000000 0x00000000 0x00000000 0x00000000 \n  0x90: 0x00052403 0x00000000 0x00000000 0x00000000 \n  0xa0: 0xfe020001 0x00c04000 0x00000015 0x0000000a \n  0xb0: 0x00000000 0x00000000 0x00000000 0x00000000 \n  0xc0: 0x00000000 0x00000000 0x00000000 0x00000000 \n  0xd0: 0x09004000 0x808203ea 0x00000000 0x00400008 \n  0xe0: 0x00820000 0x000b101b 0x83000000 0x00000000 \n  0xf0: 0x00000000 0x00000000 0x00000000 0x00000000 \npci3: \u003cserial bus, FireWire\u003e at device 1.4 (no driver attached)\nisab0: \u003cPCI-ISA bridge\u003e at device 31.0 on pci0\nisa0: \u003cISA bus\u003e on isab0\natapci0: \u003cIntel ICH7M SATA300 controller\u003e port 0x1f0-0x1f7,0x3f6,0x170-0x177,0x376,0xbfa0-0xbfaf irq 17 at device 31.2 on pci0\natapci0: Reserved 0x10 bytes for rid 0x20 type 4 at 0xbfa0\nata0: \u003cATA channel 0\u003e on atapci0\natapci0: Reserved 0x8 bytes for rid 0x10 type 4 at 0x1f0\natapci0: Reserved 0x1 bytes for rid 0x14 type 4 at 0x3f6\nata0: reset tp1 mask=03 ostat0=50 ostat1=00\nata0: stat0=0x50 err=0x01 lsb=0x00 msb=0x00\nata0: stat1=0x00 err=0x01 lsb=0x00 msb=0x00\nata0: reset tp2 stat0=50 stat1=00 devices=0x1\u003cATA_MASTER\u003e\nioapic0: routing intpin 14 (ISA IRQ 14) to vector 57\nata0: [MPSAFE]\nata1: \u003cATA channel 1\u003e on atapci0\natapci0: Reserved 0x8 bytes for rid 0x18 type 4 at 0x170\natapci0: Reserved 0x1 bytes for rid 0x1c type 4 at 0x376\nata1: reset tp1 mask=03 ostat0=50 ostat1=00\nata1: stat0=0x00 err=0x01 lsb=0x14 msb=0xeb\nata1: stat1=0x00 err=0x00 lsb=0x00 msb=0x00\nata1: reset tp2 stat0=00 stat1=00 devices=0x4\u003cATAPI_MASTER\u003e\nioapic0: routing intpin 15 (ISA IRQ 15) to vector 58\nata1: [MPSAFE]\npci0: \u003cserial bus, SMBus\u003e at device 31.3 (no driver attached)\nacpi_tz0: \u003cThermal Zone\u003e on acpi0\npsmcpnp0: \u003cPS/2 mouse port\u003e irq 12 on acpi0\natkbdc0: \u003cKeyboard controller (i8042)\u003e port 0x60,0x64,0x62,0x66 irq 1 on acpi0\natkbd0: \u003cAT Keyboard\u003e irq 1 on atkbdc0\natkbd: the current kbd controller command byte 0065\natkbd: keyboard ID 0x41ab (2)\nkbd0 at atkbd0\nkbd0: atkbd0, AT 101/102 (2), config:0x0, flags:0x3d0000\nioapic0: routing intpin 1 (ISA IRQ 1) to vector 59\natkbd0: [GIANT-LOCKED]\npsm0: current command byte:0065\npsm0: \u003cPS/2 Mouse\u003e irq 12 on atkbdc0\nioapic0: routing intpin 12 (ISA IRQ 12) to vector 60\npsm0: [GIANT-LOCKED]\npsm0: model GlidePoint, device ID 0-00, 2 buttons\npsm0: config:00000000, flags:00000008, packet size:3\npsm0: syncmask:c0, syncbits:00\nnpx0: INT 16 interface\nata: ata0 already exists; skipping it\nata: ata1 already exists; skipping it\natkbdc: atkbdc0 already exists; skipping it\npnp_identify: Trying Read_Port at 203\npnp_identify: Trying Read_Port at 243\npnp_identify: Trying Read_Port at 283\npnp_identify: Trying Read_Port at 2c3\npnp_identify: Trying Read_Port at 303\npnp_identify: Trying Read_Port at 343\npnp_identify: Trying Read_Port at 383\npnp_identify: Trying Read_Port at 3c3\nPNP Identify complete\nsc: sc0 already exists; skipping it\nvga: vga0 already exists; skipping it\nisa_probe_children: disabling PnP devices\nisa_probe_children: probing non-PnP devices\npmtimer0 on isa0\norm0: \u003cISA Option ROM\u003e at iomem 0xc0000-0xcffff on isa0\nadv0: not probed (disabled)\naha0: not probed (disabled)\naic0: not probed (disabled)\nbt0: not probed (disabled)\ncs0: not probed (disabled)\ned0: not probed (disabled)\nfdc0 failed to probe at port 0x3f0 irq 6 drq 2 on isa0\nfe0: not probed (disabled)\nie0: not probed (disabled)\nlnc0: not probed (disabled)\nppc0 failed to probe at irq 7 on isa0\nsc0: \u003cSystem console\u003e at flags 0x100 on isa0\nsc0: VGA \u003c16 virtual consoles, flags=0x300\u003e\nsc0: fb0, kbd0, terminal emulator: sc (syscons terminal)\nsio0 failed to probe at port 0x3f8 irq 4 on isa0\nsio1 failed to probe at port 0x2f8 irq 3 on isa0\nsio2: not probed (disabled)\nsio3: not probed (disabled)\nsn0: not probed (disabled)\nvga0: \u003cGeneric ISA VGA\u003e at port 0x3c0-0x3df iomem 0xa0000-0xbffff on isa0\nvt0: not probed (disabled)\nisa_probe_children: probing PnP devices\nDevice configuration finished.\nfuse4bsd: version 0.3.0, FUSE ABI 7.5\nprocfs registered\nlapic: Divisor 2, Frequency 83222106 hz\nTimecounter \"TSC\" frequency 1997340732 Hz quality -100\nTimecounters tick every 2.500 msec\ncrypto: assign driver 0, flags 6\ncrypto: driver 0 registers alg 1 flags 0 maxoplen 0\ncrypto: driver 0 registers alg 2 flags 0 maxoplen 0\ncrypto: driver 0 registers alg 3 flags 0 maxoplen 0\ncrypto: driver 0 registers alg 4 flags 0 maxoplen 0\ncrypto: driver 0 registers alg 5 flags 0 maxoplen 0\ncrypto: driver 0 registers alg 16 flags 0 maxoplen 0\ncrypto: driver 0 registers alg 6 flags 0 maxoplen 0\ncrypto: driver 0 registers alg 7 flags 0 maxoplen 0\ncrypto: driver 0 registers alg 18 flags 0 maxoplen 0\ncrypto: driver 0 registers alg 19 flags 0 maxoplen 0\ncrypto: driver 0 registers alg 20 flags 0 maxoplen 0\ncrypto: driver 0 registers alg 8 flags 0 maxoplen 0\ncrypto: driver 0 registers alg 15 flags 0 maxoplen 0\ncrypto: driver 0 registers alg 9 flags 0 maxoplen 0\ncrypto: driver 0 registers alg 10 flags 0 maxoplen 0\ncrypto: driver 0 registers alg 13 flags 0 maxoplen 0\ncrypto: driver 0 registers alg 14 flags 0 maxoplen 0\ncrypto: driver 0 registers alg 11 flags 0 maxoplen 0\ncrypto: driver 0 registers alg 17 flags 0 maxoplen 0\nusb0: USB revision 1.0\nacpi_acad0: acline initialization start\nacpi_acad0: On Line\nacpi_acad0: acline initialization done, tried 1 times\nbattery0: battery initialization start\nbattery1: battery initialization start\nbattery0: battery initialization done, tried 1 times\nuhub0: Intel UHCI root hub, class 9/0, rev 1.00/1.00, addr 127\nuhub0: 2 ports with 2 removable, self powered\nusb1: USB revision 1.0\nuhub1: Intel UHCI root hub, class 9/0, rev 1.00/1.00, addr 127\nuhub1: 2 ports with 2 removable, self powered\nusb2: USB revision 1.0\nuhub2: Intel UHCI root hub, class 9/0, rev 1.00/1.00, addr 127\nuhub2: 2 ports with 2 removable, self powered\nusb3: USB revision 1.0\nuhub3: Intel UHCI root hub, class 9/0, rev 1.00/1.00, addr 127\nuhub3: 2 ports with 2 removable, self powered\nusb4: USB revision 2.0\nuhub4: Intel EHCI root hub, class 9/0, rev 2.00/1.00, addr 127\nuhub4: 8 ports with 8 removable, self powered\nuhub5: Dell product 0xa005, class 9/0, rev 2.00/50.18, addr 126\nuhub5: 4 ports with 1 removable, self powered\nusbd_fill_iface_data: invalid wMaxPacketSize, addr=125!\nusbd_fill_iface_data: invalid wMaxPacketSize, addr=125!\nubt0: \u003cDell product 0x8103, class 224/1, rev 2.00/24.22, addr 125\u003e\nLinux ELF exec handler installed\nlo0: bpf attached\nata0-master: pio=PIO4 wdma=WDMA2 udma=UDMA133 cable=40 wire\natapicam: atapicam0 already exists; skipping it\nad0: 114473MB \u003cWDC WD1200BEVS-75LAT0 02.06M02\u003e at ata0-master SATA150\nad0: 234441648 sectors [232581C/16H/63S] 16 sectors/interrupt 1 depth queue\nGEOM: new disk ad0\nata1-master: pio=PIO4 wdma=WDMA2 udma=UDMA33 cable=40 wire\nacd0: \u003cSONY DVD+/-RW DW-Q58A/UDS2\u003e DVDR drive at ata1 as master\nacd0: read 4134KB/s (4134KB/s) write 4134KB/s (4134KB/s), 2048KB buffer, UDMA33\nacd0: Reads: CDR, CDRW, CDDA stream, DVDROM, DVDR, packet\nacd0: Writes: CDR, CDRW, DVDR, test write, burnproof\nacd0: Audio: play, 256 volume levels\nacd0: Mechanism: ejectable tray, unlocked\nacd0: Medium: no/blank disc\npcm0: HDA_DEBUG: HDA Config: on=0x00000000 off=0x00000000\npcm0: HDA_DEBUG: Starting CORB Engine...\npcm0: HDA_DEBUG: Starting RIRB Engine...\npcm0: HDA_DEBUG: Enabling controller interrupt...\npcm0: HDA_DEBUG: Scanning HDA codecs...\npcm0: HDA_DEBUG: Probing codec: 0\npcm0: HDA_DEBUG: \tstartnode=1 endnode=2\npcm0: HDA_DEBUG: \tFound AFG nid=1 [startnode=1 endnode=2]\npcm0: HDA_DEBUG: Parsing AFG nid=1 cad=0\npcm0:        Vendor: 0x00008384\npcm0:        Device: 0x00007690\npcm0:      Revision: 0x00000022\npcm0:      Stepping: 0x00000001\npcm0: PCI Subvendor: 0x01cc1028\npcm0:         Nodes: start=2 endnode=21 total=19\npcm0: HDA_DEBUG: Parsing Ctls...\npcm0: HDA_DEBUG: Parsing vendor patch...\npcm0: HDA_DEBUG: Building AFG tree...\npcm0: HDA_DEBUG: HWiP: HDA Widget Parser - Revision 1\npcm0: HDA_DEBUG: HWiP: Found 2 DAC path using HDA_PARSE_MIXER strategy.\npcm0: HDA_DEBUG: AFG commit...\npcm0: HDA_DEBUG: Ctls commit...\npcm0: [ 2] Ctl nid=11 Bind to NONE\npcm0: [ 4] Ctl nid=17 DISABLED\npcm0: HDA_DEBUG: PCMDIR_PLAY setup...\npcm0: HDA_DEBUG: PCMDIR_REC setup...\npcm0: HDA_DEBUG: OSS mixer initialization...\npcm0: HDA_DEBUG: Pin sense: nid=13 res=0x7fffffff\npcm0: HDA_DEBUG: Enabling headphone/speaker audio routing switching:\npcm0: HDA_DEBUG: \tindex=4 nid=13 pci_subvendor=0x01cc1028 codec=0x83847690\npcm0: HDA_DEBUG: Forcing Soft PCM volume\npcm0: Mixer \"vol\":\npcm0: Mixer \"pcm\":\npcm0: Mixer \"speaker\":\npcm0: Mixer \"line\":\npcm0: Mixer \"rec\":\npcm0: Soft PCM mixer ENABLED\npcm0: HDA_DEBUG: Registering PCM channels...\npcm0: sndbuf_setmap 3e6e5000, 4000; 0xe594a000 -\u003e 3e6e5000\npcm0: sndbuf_setmap 3e6de000, 4000; 0xe594e000 -\u003e 3e6de000\npcm0: \u003cHDA Codec: Sigmatel STAC9220\u003e\npcm0: \u003cHDA Codec ID: 0x83847690\u003e\npcm0: \u003cHDA Driver Revision: 20061210_0037\u003e\npcm0: \npcm0: HDA config/quirks: softpcmvol forcestereo vref\npcm0: \npcm0: +-------------------+\npcm0: | DUMPING HDA NODES |\npcm0: +-------------------+\npcm0: \npcm0: Default Parameter\npcm0: -----------------\npcm0:      Stream cap: 0x00000001\npcm0:          Format: PCM\npcm0:         PCM cap: 0x000e07e0\npcm0:        PCM size: 16 20 24\npcm0:        PCM rate: 44 48 88 96 176 192\npcm0:          IN amp: 0x00000000\npcm0:         OUT amp: 0x80051f1f\npcm0: \npcm0:             nid: 2 [ANALOG]\npcm0:            name: audio output\npcm0:      widget_cap: 0x000d0401\npcm0:     Parse flags: 0x00000001\npcm0:       Ctl flags: 0x00000000\npcm0:      Stream cap: 0x00000001\npcm0:          Format: PCM\npcm0:         PCM cap: 0x000e07e0\npcm0:        PCM size: 16 20 24\npcm0:        PCM rate: 44 48 88 96 176 192\npcm0:     connections: 0\npcm0: \npcm0:             nid: 3 [ANALOG]\npcm0:            name: audio input\npcm0:      widget_cap: 0x001d0541\npcm0:     Parse flags: 0x00000002\npcm0:       Ctl flags: 0x00000800\npcm0:      Stream cap: 0x00000001\npcm0:          Format: PCM\npcm0:         PCM cap: 0x000e07e0\npcm0:        PCM size: 16 20 24\npcm0:        PCM rate: 44 48 88 96 176 192\npcm0:     connections: 1\npcm0:           |\npcm0:           + \u003c- nid=10 [audio selector]\npcm0: \npcm0:             nid: 4 [DIGITAL] [DISABLED]\npcm0:            name: audio input\npcm0:      widget_cap: 0x00140311\npcm0:     Parse flags: 0x00000000\npcm0:       Ctl flags: 0x00000000\npcm0:      Stream cap: 0x00000005\npcm0:          Format: AC3 PCM\npcm0:         PCM cap: 0x000e0160\npcm0:        PCM size: 16 20 24\npcm0:        PCM rate: 44 48 96\npcm0:     connections: 1\npcm0:           |\npcm0:           + \u003c- nid=8 [pin: other (none)] [DISABLED]\npcm0: \npcm0:             nid: 5 [DIGITAL] [DISABLED]\npcm0:            name: audio output\npcm0:      widget_cap: 0x00040211\npcm0:     Parse flags: 0x00000000\npcm0:       Ctl flags: 0x00000000\npcm0:      Stream cap: 0x00000005\npcm0:          Format: AC3 PCM\npcm0:         PCM cap: 0x000e01e0\npcm0:        PCM size: 16 20 24\npcm0:        PCM rate: 44 48 88 96\npcm0:     connections: 0\npcm0: \npcm0:             nid: 6 [DIGITAL] [DISABLED]\npcm0:            name: vendor widget\npcm0:      widget_cap: 0x00f30201\npcm0:     Parse flags: 0x00000000\npcm0:       Ctl flags: 0x00000000\npcm0:     connections: 0\npcm0: \npcm0:             nid: 7 [ANALOG]\npcm0:            name: audio selector\npcm0:      widget_cap: 0x00300901\npcm0:     Parse flags: 0x00000001\npcm0:       Ctl flags: 0x00000041\npcm0:     connections: 3\npcm0:           |\npcm0:           + \u003c- nid=2 [audio output] (selected)\npcm0:           |\npcm0:           + \u003c- nid=8 [pin: other (none)] [DISABLED]\npcm0:           |\npcm0:           + \u003c- nid=10 [audio selector]\npcm0: \npcm0:             nid: 8 [DIGITAL] [DISABLED]\npcm0:            name: pin: other (none)\npcm0:      widget_cap: 0x00430681\npcm0:     Parse flags: 0x00000000\npcm0:       Ctl flags: 0x00000000\npcm0:         Pin cap: 0x00010024\npcm0:                  IN EAPD : UNSOL\npcm0:      Pin config: 0x40f000f0\npcm0:     Pin control: 0x00000020 IN\npcm0:            EAPD: 0x00000002\npcm0:     connections: 0\npcm0: \npcm0:             nid: 9 [DIGITAL] [DISABLED]\npcm0:            name: pin: other (none)\npcm0:      widget_cap: 0x00400301\npcm0:     Parse flags: 0x00000000\npcm0:       Ctl flags: 0x00000000\npcm0:         Pin cap: 0x00000010\npcm0:                  OUT\npcm0:      Pin config: 0x40f000f1\npcm0:     Pin control: 0x00000040 OUT\npcm0:     connections: 2\npcm0:           |\npcm0:           + \u003c- nid=5 [audio output] [DISABLED]\npcm0:           |\npcm0:           + \u003c- nid=10 [audio selector]\npcm0: \npcm0:             nid: 10 [ANALOG]\npcm0:            name: audio selector\npcm0:      widget_cap: 0x0030090d\npcm0:     Parse flags: 0x00000002\npcm0:       Ctl flags: 0x00000841\npcm0:      Output amp: 0x80050f00\npcm0:                  mute=1 step=15 size=5 offset=0\npcm0:     connections: 1\npcm0:           |\npcm0:           + \u003c- nid=12 [audio selector]\npcm0: \npcm0:             nid: 11 [ANALOG]\npcm0:            name: audio selector\npcm0:      widget_cap: 0x00300105\npcm0:     Parse flags: 0x00000001\npcm0:       Ctl flags: 0x00000000\npcm0:      Output amp: 0x80051f1f\npcm0:                  mute=1 step=31 size=5 offset=31\npcm0:     connections: 1\npcm0:           |\npcm0:           + \u003c- nid=7 [audio selector]\npcm0: \npcm0:             nid: 12 [ANALOG]\npcm0:            name: audio selector\npcm0:      widget_cap: 0x0030010d\npcm0:     Parse flags: 0x00000006\npcm0:       Ctl flags: 0x00000041\npcm0:      Output amp: 0x00270400\npcm0:                  mute=0 step=4 size=39 offset=0\npcm0:     connections: 5\npcm0:           |\npcm0:           + \u003c- nid=16 [pin: line in (jack)] (selected)\npcm0:           |\npcm0:           + \u003c- nid=15 [pin: Mic in (fixed)]\npcm0:           |\npcm0:           + \u003c- nid=14 [pin: speaker (fixed)]\npcm0:           |\npcm0:           + \u003c- nid=13 [pin: headphones out (jack)]\npcm0:           |\npcm0:           + \u003c- nid=18 [pin: other (none)] [DISABLED]\npcm0: \npcm0:             nid: 13 [ANALOG]\npcm0:            name: pin: headphones out (jack)\npcm0:      widget_cap: 0x00400181\npcm0:     Parse flags: 0x00000001\npcm0:       Ctl flags: 0x00000000\npcm0:         Pin cap: 0x0000003f\npcm0:                  ISC TRQD HP OUT IN : UNSOL\npcm0:      Pin config: 0x0321101f\npcm0:     Pin control: 0x00000080 HP\npcm0:     connections: 1\npcm0:           |\npcm0:           + \u003c- nid=11 [audio selector]\npcm0: \npcm0:             nid: 14 [ANALOG]\npcm0:            name: pin: speaker (fixed)\npcm0:      widget_cap: 0x00400181\npcm0:     Parse flags: 0x00000001\npcm0:       Ctl flags: 0x00000000\npcm0:         Pin cap: 0x0000003f\npcm0:                  ISC TRQD HP OUT IN : UNSOL\npcm0:      Pin config: 0x90170310\npcm0:     Pin control: 0x00000040 OUT\npcm0:     connections: 1\npcm0:           |\npcm0:           + \u003c- nid=11 [audio selector]\npcm0: \npcm0:             nid: 15 [ANALOG]\npcm0:            name: pin: Mic in (fixed)\npcm0:      widget_cap: 0x00400181\npcm0:     Parse flags: 0x00000002\npcm0:       Ctl flags: 0x00000000\npcm0:         Pin cap: 0x00000037\npcm0:                  ISC TRQD OUT IN : UNSOL\npcm0:      Pin config: 0x90a70320\npcm0:     Pin control: 0x00000020 IN\npcm0:     connections: 1\npcm0:           |\npcm0:           + \u003c- nid=11 [audio selector]\npcm0: \npcm0:             nid: 16 [ANALOG]\npcm0:            name: pin: line in (jack)\npcm0:      widget_cap: 0x00400181\npcm0:     Parse flags: 0x00000002\npcm0:       Ctl flags: 0x00000041\npcm0:         Pin cap: 0x00001737\npcm0:                  ISC TRQD OUT IN VREF[ 50 80 GROUND HIZ ] : UNSOL\npcm0:      Pin config: 0x0381102e\npcm0:     Pin control: 0x00000024 IN\npcm0:     connections: 1\npcm0:           |\npcm0:           + \u003c- nid=11 [audio selector]\npcm0: \npcm0:             nid: 17 [ANALOG] [DISABLED]\npcm0:            name: pin: other (none)\npcm0:      widget_cap: 0x00400104\npcm0:     Parse flags: 0x00000000\npcm0:       Ctl flags: 0x00000000\npcm0:         Pin cap: 0x00000010\npcm0:                  OUT\npcm0:      Pin config: 0x40f000f2\npcm0:     Pin control: 0x00000040 OUT\npcm0:      Output amp: 0x80051f1f\npcm0:                  mute=1 step=31 size=5 offset=31\npcm0:     connections: 1\npcm0:           |\npcm0:           + \u003c- nid=19 [audio mixer]\npcm0: \npcm0:             nid: 18 [ANALOG] [DISABLED]\npcm0:            name: pin: other (none)\npcm0:      widget_cap: 0x00400001\npcm0:     Parse flags: 0x00000000\npcm0:       Ctl flags: 0x00000000\npcm0:         Pin cap: 0x00000020\npcm0:                  IN\npcm0:      Pin config: 0x40f000f3\npcm0:     Pin control: 0x00000020 IN\npcm0:     connections: 0\npcm0: \npcm0:             nid: 19 [ANALOG]\npcm0:            name: audio mixer\npcm0:      widget_cap: 0x00200100\npcm0:     Parse flags: 0x00000000\npcm0:       Ctl flags: 0x00000000\npcm0:     connections: 1\npcm0:           |\npcm0:           + \u003c- nid=7 [audio selector]\npcm0: \npcm0:             nid: 20 [ANALOG]\npcm0:            name: beep widget\npcm0:      widget_cap: 0x0070000c\npcm0:     Parse flags: 0x00000000\npcm0:       Ctl flags: 0x00000021\npcm0:      Output amp: 0x80170303\npcm0:                  mute=1 step=3 size=23 offset=3\npcm0:     connections: 0\npcm0: \npcm0: +------------------------+\npcm0: | DUMPING HDA AMPLIFIERS |\npcm0: +------------------------+\npcm0: \npcm0:   1: nid=10 dir=0x1 index=0 ossmask=0x00000800 ossdev=0\npcm0:   2: nid=11 dir=0x1 index=0 ossmask=0x00000001 ossdev=0\npcm0:   3: nid=12 dir=0x1 index=0 ossmask=0x00000040 ossdev=6\npcm0:   4: nid=17 dir=0x1 index=0 ossmask=0x00000000 ossdev=0 [DISABLED]\npcm0:   5: nid=20 dir=0x1 index=0 ossmask=0x00000020 ossdev=5\npcm0: \npcm0: +-----------------------------------+\npcm0: | DUMPING HDA AUDIO/VOLUME CONTROLS |\npcm0: +-----------------------------------+\npcm0: \npcm0: Master Volume (OSS: vol)\npcm0:    |\npcm0:    +-  nid: 11 index:  0           mute: 1 step:  31 size:   5 off:  31 dir=0x1 ossmask=0x00000001\npcm0: \npcm0: Line-in Volume (OSS: line)\npcm0:    |\npcm0:    +-  nid: 12 index:  0           mute: 0 step:   4 size:  39 off:   0 dir=0x1 ossmask=0x00000040\npcm0: \npcm0: Recording Level (OSS: rec)\npcm0:    |\npcm0:    +-  nid: 10 index:  0           mute: 1 step:  15 size:   5 off:   0 dir=0x1 ossmask=0x00000800\npcm0: \npcm0: Speaker/Beep (OSS: speaker)\npcm0:    |\npcm0:    +-  nid: 20 index:  0           mute: 1 step:   3 size:  23 off:   3 dir=0x1 ossmask=0x00000020\npcm0: \npcm0: Playback path:\npcm0: \npcm0:     nid=13 [pin: headphones out (jack)]\npcm0:       ^\npcm0:       |\npcm0:       +-----\u003c------+\npcm0:                    ^\npcm0:                    |\npcm0:                  nid=11 [audio selector]\npcm0:                    ^\npcm0:                    |\npcm0:                  nid=7 [audio selector]\npcm0:                    ^\npcm0:                    |\npcm0:                  nid=2 [audio output]\npcm0: \npcm0:     nid=14 [pin: speaker (fixed)]\npcm0:       ^\npcm0:       |\npcm0:       +-----\u003c------+\npcm0:                    ^\npcm0:                    |\npcm0:                  nid=11 [audio selector]\npcm0:                    ^\npcm0:                    |\npcm0:                  nid=7 [audio selector]\npcm0:                    ^\npcm0:                    |\npcm0:                  nid=2 [audio output]\npcm0: \npcm0: Recording sources:\npcm0: \npcm0:     nid=12 [audio selector]\npcm0:       |\npcm0:       + \u003c- nid=16 [pin: line in (jack)] [recsrc: vol, line]\npcm0:       |\npcm0:       + \u003c- nid=15 [pin: Mic in (fixed)]\npcm0:       |\npcm0:       + \u003c- nid=14 [pin: speaker (fixed)]\npcm0:       |\npcm0:       + \u003c- nid=13 [pin: headphones out (jack)]\npcm0: \npcm0: +--------------------------------------+\npcm0: | DUMPING PCM Playback/Record Channels |\npcm0: +--------------------------------------+\npcm0: \npcm0:    PCM Playback: 1\npcm0:      Stream cap: 0x00000001\npcm0:          Format: PCM\npcm0:         PCM cap: 0x000e07e0\npcm0:        PCM size: 16 20 24\npcm0:        PCM rate: 44 48 88 96 176 192\npcm0:             DAC: 2\npcm0: \npcm0:      PCM Record: 1\npcm0:      Stream cap: 0x00000001\npcm0:          Format: PCM\npcm0:         PCM cap: 0x000e07e0\npcm0:        PCM size: 16 20 24\npcm0:        PCM rate: 44 48 88 96 176 192\npcm0:             ADC: 3\nSMP: AP CPU #1 Launched!\ncpu1 AP:\n     ID: 0x01000000   VER: 0x00050014 LDR: 0x00000000 DFR: 0xffffffff\n  lint0: 0x00010700 lint1: 0x00000400 TPR: 0x00000000 SVR: 0x000001ff\n  timer: 0x000200ef therm: 0x00010000 err: 0x00010000 pcm: 0x00010000\nioapic0: Assigning ISA IRQ 1 to local APIC 0\nioapic0: Assigning ISA IRQ 9 to local APIC 1\nioapic0: Assigning ISA IRQ 12 to local APIC 0\nioapic0: Assigning ISA IRQ 14 to local APIC 1\nioapic0: Assigning ISA IRQ 15 to local APIC 0\nioapic0: Assigning PCI IRQ 16 to local APIC 1\nioapic0: Assigning PCI IRQ 17 to local APIC 0\nioapic0: Assigning PCI IRQ 18 to local APIC 1\nioapic0: Assigning PCI IRQ 19 to local APIC 0\nioapic0: Assigning PCI IRQ 20 to local APIC 1\nioapic0: Assigning PCI IRQ 21 to local APIC 0\nioapic0: Assigning PCI IRQ 22 to local APIC 1\nioapic0: Assigning PCI IRQ 23 to local APIC 0\n(probe0:ata1:0:0:0): error 22\n(probe0:ata1:0:0:0): Unretryable Error\npass0 at ata1 bus 0 target 0 lun 0\npass0: \u003cSONY DVD+-RW DW-Q58A UDS2\u003e Removable CD-ROM SCSI-0 device \npass0: 33.000MB/s transfers\n(cd0:ata1:0:0:0): error 6\n(cd0:ata1:0:0:0): Unretryable Error\ncd0 at ata1 bus 0 target 0 lun 0\ncd0: \u003cSONY DVD+-RW DW-Q58A UDS2\u003e Removable CD-ROM SCSI-0 device \ncd0: 33.000MB/s transfers\ncd0: Attempt to query device size failed: NOT READY, Medium not present\nGEOM: new disk cd0\n(cd0:ata1:0:0:0): error 6\n(cd0:ata1:0:0:0): Unretryable Error\n(cd0:ata1:0:0:0): error 6\n(cd0:ata1:0:0:0): Unretryable Error\n(cd0:ata1:0:0:0): error 6\n(cd0:ata1:0:0:0): Unretryable Error\n(cd0:ata1:0:0:0): error 6\n(cd0:ata1:0:0:0): Unretryable Error\nTrying to mount root from ufs:/dev/ad0s1a\nstart_init: trying /sbin/init\nuhub6: vendor 0x0b97 product 0x7761, class 9/0, rev 1.10/1.10, addr 126\nuhub6: 3 ports with 2 removable, bus powered\nugen0: \u003cO2 O2Micro CCID SC Reader, class 0/0, rev 1.10/1.10, addr 125\u003e\n=======================\nThanks for helping."
}