{
 "id": 418453,
 "bug_id": 118107,
 "attachment_id": 0,
 "creation_time": "2010-04-27T18:01:32Z",
 "creator": "tomtinn@gmail.com",
 "text": "Hello\n\nIm experiencing the exact same issue on my Freebsd-8-p2 box\n\nFreeBSD knut 8.0-RELEASE-p2 FreeBSD 8.0-RELEASE-p2 #0: Tue Apr 27\n04:36:16 UTC 2010     gunnar@knut:/usr/obj/usr/src/sys/GENERIC  amd64\n\nApr 27 16:19:09 knut kernel: pid 7944 (try), uid 0: exited on signal\n10 (core dumped)\n\nSome notes about my system.\nIm using zfs as my root filesystem so no UFS.\nComputer reboots when I try to copy a file from an ntfs filesystem.\nThe ntfs filesystem has been successfully used by windows and ntfs-3g\non a linux box.\n\nAfraid I don't have more info than this at the moment.\n\nWith Regards\n\nGunnar\n\n\nApr 27 16:37:18  syslogd: kernel boot file is /boot/kernel/kernel\nApr 27 16:37:18  kernel: Copyright (c) 1992-2009 The FreeBSD Project.\nApr 27 16:37:18  kernel: Copyright (c) 1979, 1980, 1983, 1986, 1988,\n1989, 1991, 1992, 1993, 1994\nApr 27 16:37:18  kernel: The Regents of the University of California.\nAll rights reserved.\nApr 27 16:37:18  kernel: FreeBSD is a registered trademark of The\nFreeBSD Foundation.\nApr 27 16:37:18  kernel: FreeBSD 8.0-RELEASE-p2 #0: Tue Apr 27 04:36:16 UTC 2010\nApr 27 16:37:18  kernel: gunnar@knut:/usr/obj/usr/src/sys/GENERIC\nApr 27 16:37:18  kernel: Timecounter \"i8254\" frequency 1193182 Hz quality 0\nApr 27 16:37:18  kernel: CPU: AMD Athlon(tm) 64 X2 Dual Core Processor\n4200+ (2211.34-MHz K8-class CPU)\nApr 27 16:37:18  kernel: Origin = \"AuthenticAMD\"  Id = 0x20fb1  Stepping = 1\nApr 27 16:37:18  kernel:\nFeatures=0x178bfbff\u003cFPU,VME,DE,PSE,TSC,MSR,PAE,MCE,CX8,APIC,SEP,MTRR,PGE,MCA,CMOV,PAT,PSE36,CLFLUSH,MMX,FXSR,SSE,SSE2,HTT\u003e\nApr 27 16:37:18  kernel: Features2=0x1\u003cSSE3\u003e\nApr 27 16:37:18  kernel: AMD\nFeatures=0xe2500800\u003cSYSCALL,NX,MMX+,FFXSR,LM,3DNow!+,3DNow!\u003e\nApr 27 16:37:18  kernel: AMD Features2=0x3\u003cLAHF,CMP\u003e\nApr 27 16:37:18  kernel: real memory  = 2147483648 (2048 MB)\nApr 27 16:37:18  kernel: avail memory = 2054156288 (1958 MB)\nApr 27 16:37:18  kernel: ACPI APIC Table: \u003cNvidia AWRDACPI\u003e\nApr 27 16:37:18  kernel: FreeBSD/SMP: Multiprocessor System Detected: 2 CPUs\nApr 27 16:37:18  kernel: FreeBSD/SMP: 1 package(s) x 2 core(s)\nApr 27 16:37:18  kernel: cpu0 (BSP): APIC ID:  0\nApr 27 16:37:18  kernel: cpu1 (AP): APIC ID:  1\nApr 27 16:37:18  kernel: ioapic0: Changing APIC ID to 2\nApr 27 16:37:18  kernel: ioapic0 \u003cVersion 1.1\u003e irqs 0-23 on motherboard\nApr 27 16:37:18  kernel: kbd1 at kbdmux0\nApr 27 16:37:18  kernel: acpi0: \u003cNvidia AWRDACPI\u003e on motherboard\nApr 27 16:37:18  kernel: acpi0: [ITHREAD]\nApr 27 16:37:18  kernel: acpi0: Power Button (fixed)\nApr 27 16:37:18  kernel: acpi0: reservation of 0, a0000 (3) failed\nApr 27 16:37:18  kernel: acpi0: reservation of 100000, 7fef0000 (3) failed\nApr 27 16:37:18  kernel: Timecounter \"ACPI-fast\" frequency 3579545 Hz\nquality 1000\nApr 27 16:37:18  kernel: acpi_timer0: \u003c24-bit timer at 3.579545MHz\u003e\nport 0x4008-0x400b on acpi0\nApr 27 16:37:18  kernel: acpi_button0: \u003cPower Button\u003e on acpi0\nApr 27 16:37:18  kernel: pcib0: \u003cACPI Host-PCI bridge\u003e port 0xcf8-0xcff on acpi0\nApr 27 16:37:18  kernel: pci0: \u003cACPI PCI bus\u003e on pcib0\nApr 27 16:37:18  kernel: pci0: \u003cmemory\u003e at device 0.0 (no driver attached)\nApr 27 16:37:18  kernel: isab0: \u003cPCI-ISA bridge\u003e at device 1.0 on pci0\nApr 27 16:37:18  kernel: isa0: \u003cISA bus\u003e on isab0\nApr 27 16:37:18  kernel: pci0: \u003cserial bus, SMBus\u003e at device 1.1 (no\ndriver attached)\nApr 27 16:37:18  kernel: ohci0: \u003cOHCI (generic) USB controller\u003e mem\n0xc5102000-0xc5102fff at device 2.0 on pci0\nApr 27 16:37:18  kernel: ohci0: [ITHREAD]\nApr 27 16:37:18  kernel: usbus0: \u003cOHCI (generic) USB controller\u003e on ohci0\nApr 27 16:37:18  kernel: ehci0: \u003cNVIDIA nForce4 USB 2.0 controller\u003e\nmem 0xfeb00000-0xfeb000ff at device 2.1 on pci0\nApr 27 16:37:18  kernel: ehci0: [ITHREAD]\nApr 27 16:37:18  kernel: usbus1: EHCI version 1.0\nApr 27 16:37:18  kernel: usbus1: \u003cNVIDIA nForce4 USB 2.0 controller\u003e on ehci0\nApr 27 16:37:18  kernel: atapci0: \u003cnVidia nForce CK804 UDMA133\ncontroller\u003e port 0x1f0-0x1f7,0x3f6,0x170-0x177,0x376,0xf000-0xf00f at\ndevice 6.0 on pci0\nApr 27 16:37:18  kernel: ata0: \u003cATA channel 0\u003e on atapci0\nApr 27 16:37:18  kernel: ata0: [ITHREAD]\nApr 27 16:37:18  kernel: ata1: \u003cATA channel 1\u003e on atapci0\nApr 27 16:37:18  kernel: ata1: [ITHREAD]\nApr 27 16:37:18  kernel: atapci1: \u003cnVidia nForce CK804 SATA300\ncontroller\u003e port\n0x9f0-0x9f7,0xbf0-0xbf3,0x970-0x977,0xb70-0xb73,0xd400-0xd40f mem\n0xc5101000-0xc5101fff irq 20 at device 7.0 on pci0\nApr 27 16:37:18  kernel: atapci1: [ITHREAD]\nApr 27 16:37:18  kernel: ata2: \u003cATA channel 0\u003e on atapci1\nApr 27 16:37:18  kernel: ata2: [ITHREAD]\nApr 27 16:37:18  kernel: ata3: \u003cATA channel 1\u003e on atapci1\nApr 27 16:37:18  kernel: ata3: [ITHREAD]\nApr 27 16:37:18  kernel: atapci2: \u003cnVidia nForce CK804 SATA300\ncontroller\u003e port\n0x9e0-0x9e7,0xbe0-0xbe3,0x960-0x967,0xb60-0xb63,0xc000-0xc00f mem\n0xc5100000-0xc5100fff irq 21 at device 8.0 on pci0\nApr 27 16:37:18  kernel: atapci2: [ITHREAD]\nApr 27 16:37:18  kernel: ata4: \u003cATA channel 0\u003e on atapci2\nApr 27 16:37:18  kernel: ata4: [ITHREAD]\nApr 27 16:37:18  kernel: ata5: \u003cATA channel 1\u003e on atapci2\nApr 27 16:37:18  kernel: ata5: [ITHREAD]\nApr 27 16:37:18  kernel: pcib1: \u003cACPI PCI-PCI bridge\u003e at device 9.0 on pci0\nApr 27 16:37:18  kernel: pci5: \u003cACPI PCI bus\u003e on pcib1\nApr 27 16:37:18  kernel: emu10kx0: \u003cCreative Audigy [SB0090]\u003e port\n0xa000-0xa01f irq 16 at device 6.0 on pci5\nApr 27 16:37:18  kernel: emu10kx0: [ITHREAD]\nApr 27 16:37:18  kernel: pcm0: \u003cEMU10Kx DSP front PCM interface\u003e on emu10kx0\nApr 27 16:37:18  kernel: pcm0: \u003cTriTech TR28602 AC97 Codec\u003e\nApr 27 16:37:18  kernel: pcm1: \u003cEMU10Kx DSP rear PCM interface\u003e on emu10kx0\nApr 27 16:37:18  kernel: pcm2: \u003cEMU10Kx DSP center PCM interface\u003e on emu10kx0\nApr 27 16:37:18  kernel: pcm3: \u003cEMU10Kx DSP subwoofer PCM interface\u003e on emu10kx0\nApr 27 16:37:18  kernel: pci5: \u003cinput device\u003e at device 6.1 (no driver attached)\nApr 27 16:37:18  kernel: fwohci0: \u003c1394 Open Host Controller\nInterface\u003e mem 0xc400d000-0xc400d7ff,0xc4008000-0xc400bfff at device\n6.2 on pci5\nApr 27 16:37:18  kernel: fwohci0: [ITHREAD]\nApr 27 16:37:18  kernel: fwohci0: OHCI version 1.10 (ROM=0)\nApr 27 16:37:18  kernel: fwohci0: No. of Isochronous channels is 4.\nApr 27 16:37:18  kernel: fwohci0: EUI64 00:02:3c:00:20:02:e5:98\nApr 27 16:37:18  kernel: fwohci0: Phy 1394a available S400, 2 ports.\nApr 27 16:37:18  kernel: fwohci0: Link S400, max_rec 2048 bytes.\nApr 27 16:37:18  kernel: firewire0: \u003cIEEE1394(FireWire) bus\u003e on fwohci0\nApr 27 16:37:18  kernel: dcons_crom0: \u003cdcons configuration ROM\u003e on firewire0\nApr 27 16:37:18  kernel: dcons_crom0: bus_addr 0x109c000\nApr 27 16:37:18  kernel: fwe0: \u003cEthernet over FireWire\u003e on firewire0\nApr 27 16:37:18  kernel: if_fwe0: Fake Ethernet address: 02:02:3c:02:e5:98\nApr 27 16:37:18  kernel: fwe0: Ethernet address: 02:02:3c:02:e5:98\nApr 27 16:37:18  kernel: fwip0: \u003cIP over FireWire\u003e on firewire0\nApr 27 16:37:18  kernel: fwip0: Firewire address:\n00:02:3c:00:20:02:e5:98 @ 0xfffe00000000, S400, maxrec 2048\nApr 27 16:37:18  kernel: fwohci0: Initiate bus reset\nApr 27 16:37:18  kernel: fwohci0: fwohci_intr_core: BUS reset\nApr 27 16:37:18  kernel: fwohci0: fwohci_intr_core:\nnode_id=0x00000000, SelfID Count=1, CYCLEMASTER mode\nApr 27 16:37:18  kernel: pci5: \u003cmultimedia, video\u003e at device 8.0 (no\ndriver attached)\nApr 27 16:37:18  kernel: pci5: \u003cmultimedia\u003e at device 8.1 (no driver attached)\nApr 27 16:37:18  kernel: fwohci1: \u003cTexas Instruments TSB43AB22/A\u003e mem\n0xc400c000-0xc400c7ff,0xc4000000-0xc4003fff at device 11.0 on pci5\nApr 27 16:37:18  kernel: fwohci1: [ITHREAD]\nApr 27 16:37:18  kernel: fwohci1: OHCI version 1.10 (ROM=1)\nApr 27 16:37:18  kernel: fwohci1: No. of Isochronous channels is 4.\nApr 27 16:37:18  kernel: fwohci1: EUI64 00:11:d8:00:00:00:48:86\nApr 27 16:37:18  kernel: fwohci1: Phy 1394a available S400, 2 ports.\nApr 27 16:37:18  kernel: fwohci1: Link S400, max_rec 2048 bytes.\nApr 27 16:37:18  kernel: firewire1: \u003cIEEE1394(FireWire) bus\u003e on fwohci1\nApr 27 16:37:18  kernel: dcons_crom1: \u003cdcons configuration ROM\u003e on firewire1\nApr 27 16:37:18  kernel: dcons_crom1: bus_addr 0x109c000\nApr 27 16:37:18  kernel: dcons_crom1: dcons_paddr is already set\nApr 27 16:37:18  kernel: fwe1: \u003cEthernet over FireWire\u003e on firewire1\nApr 27 16:37:18  kernel: if_fwe1: Fake Ethernet address: 02:11:d8:00:48:86\nApr 27 16:37:18  kernel: fwe1: Ethernet address: 02:11:d8:00:48:86\nApr 27 16:37:18  kernel: fwip1: \u003cIP over FireWire\u003e on firewire1\nApr 27 16:37:18  kernel: fwip1: Firewire address:\n00:11:d8:00:00:00:48:86 @ 0xfffe00000000, S400, maxrec 2048\nApr 27 16:37:18  kernel: fwohci1: Initiate bus reset\nApr 27 16:37:18  kernel: fwohci1: fwohci_intr_core: BUS reset\nApr 27 16:37:18  kernel: fwohci1: fwohci_intr_core:\nnode_id=0x00000000, SelfID Count=1, CYCLEMASTER mode\nApr 27 16:37:18  kernel: skc0: \u003cMarvell Gigabit Ethernet\u003e port\n0xa800-0xa8ff mem 0xc4004000-0xc4007fff irq 17 at device 12.0 on pci5\nApr 27 16:37:18  kernel: skc0: Marvell Yukon Lite Gigabit Ethernet rev. A3(0x7)\nApr 27 16:37:18  kernel: sk0: \u003cMarvell Semiconductor, Inc. Yukon\u003e on skc0\nApr 27 16:37:18  kernel: sk0: Ethernet address: 00:11:d8:30:39:4e\nApr 27 16:37:18  kernel: miibus0: \u003cMII bus\u003e on sk0\nApr 27 16:37:18  kernel: e1000phy0: \u003cMarvell 88E1011 Gigabit PHY\u003e PHY\n0 on miibus0\nApr 27 16:37:18  kernel: e1000phy0:  10baseT, 10baseT-FDX, 100baseTX,\n100baseTX-FDX, 1000baseT, 1000baseT-FDX, auto\nApr 27 16:37:18  kernel: skc0: [ITHREAD]\nApr 27 16:37:18  kernel: pcib2: \u003cACPI PCI-PCI bridge\u003e at device 11.0 on pci0\nApr 27 16:37:18  kernel: pci4: \u003cACPI PCI bus\u003e on pcib2\nApr 27 16:37:18  kernel: pcib3: \u003cACPI PCI-PCI bridge\u003e at device 12.0 on pci0\nApr 27 16:37:18  kernel: pci3: \u003cACPI PCI bus\u003e on pcib3\nApr 27 16:37:18  kernel: pcib4: \u003cACPI PCI-PCI bridge\u003e at device 13.0 on pci0\nApr 27 16:37:18  kernel: pci2: \u003cACPI PCI bus\u003e on pcib4\nApr 27 16:37:18  kernel: pcib5: \u003cACPI PCI-PCI bridge\u003e at device 14.0 on pci0\nApr 27 16:37:18  kernel: pci1: \u003cACPI PCI bus\u003e on pcib5\nApr 27 16:37:18  kernel: vgapci0: \u003cVGA-compatible display\u003e port\n0x9000-0x907f mem\n0xc0000000-0xc0ffffff,0xb0000000-0xbfffffff,0xc1000000-0xc1ffffff irq\n18 at device 0.0 on pci1\nApr 27 16:37:18  kernel: acpi_tz0: \u003cThermal Zone\u003e on acpi0\nApr 27 16:37:18  kernel: atrtc0: \u003cAT realtime clock\u003e port 0x70-0x73\nirq 8 on acpi0\nApr 27 16:37:18  kernel: uart0: \u003c16550 or compatible\u003e port 0x3f8-0x3ff\nirq 4 flags 0x10 on acpi0\nApr 27 16:37:18  kernel: uart0: [FILTER]\nApr 27 16:37:18  kernel: ppc0: \u003cParallel port\u003e port\n0x378-0x37f,0x778-0x77b irq 7 drq 3 on acpi0\nApr 27 16:37:18  kernel: ppc0: SMC-like chipset (ECP/EPP/PS2/NIBBLE)\nin COMPATIBLE mode\nApr 27 16:37:18  kernel: ppc0: FIFO with 16/16/16 bytes threshold\nApr 27 16:37:18  kernel: ppc0: [ITHREAD]\nApr 27 16:37:18  kernel: ppbus0: \u003cParallel port bus\u003e on ppc0\nApr 27 16:37:18  kernel: plip0: \u003cPLIP network interface\u003e on ppbus0\nApr 27 16:37:18  kernel: plip0: [ITHREAD]\nApr 27 16:37:18  kernel: lpt0: \u003cPrinter\u003e on ppbus0\nApr 27 16:37:18  kernel: lpt0: [ITHREAD]\nApr 27 16:37:18  kernel: lpt0: Interrupt-driven port\nApr 27 16:37:18  kernel: ppi0: \u003cParallel I/O\u003e on ppbus0\nApr 27 16:37:18  kernel: atkbdc0: \u003cKeyboard controller (i8042)\u003e port\n0x60,0x64 irq 1 on acpi0\nApr 27 16:37:18  kernel: atkbd0: \u003cAT Keyboard\u003e irq 1 on atkbdc0\nApr 27 16:37:18  kernel: kbd0 at atkbd0\nApr 27 16:37:18  kernel: atkbd0: [GIANT-LOCKED]\nApr 27 16:37:18  kernel: atkbd0: [ITHREAD]\nApr 27 16:37:18  kernel: cpu0: \u003cACPI CPU\u003e on acpi0\nApr 27 16:37:18  kernel: powernow0: \u003cCool`n'Quiet K8\u003e on cpu0\nApr 27 16:37:18  kernel: device_attach: powernow0 attach returned 6\nApr 27 16:37:18  kernel: cpu1: \u003cACPI CPU\u003e on acpi0\nApr 27 16:37:18  kernel: powernow1: \u003cCool`n'Quiet K8\u003e on cpu1\nApr 27 16:37:18  kernel: device_attach: powernow1 attach returned 6\nApr 27 16:37:18  kernel: orm0: \u003cISA Option ROMs\u003e at iomem\n0xd0000-0xd3fff,0xd4000-0xd4fff on isa0\nApr 27 16:37:18  kernel: sc0: \u003cSystem console\u003e at flags 0x100 on isa0\nApr 27 16:37:18  kernel: sc0: VGA \u003c16 virtual consoles, flags=0x300\u003e\nApr 27 16:37:18  kernel: vga0: \u003cGeneric ISA VGA\u003e at port 0x3c0-0x3df\niomem 0xa0000-0xbffff on isa0\nApr 27 16:37:18  kernel: ZFS NOTICE: Prefetch is disabled by default\nif less than 4GB of RAM is present;\nApr 27 16:37:18  kernel: to enable, add \"vfs.zfs.prefetch_disable=0\"\nto /boot/loader.conf.\nApr 27 16:37:18  kernel: ZFS filesystem version 13\nApr 27 16:37:18  kernel: ZFS storage pool version 13\nApr 27 16:37:18  kernel: Timecounters tick every 1.000 msec\nApr 27 16:37:18  kernel: firewire0: 1 nodes, maxhop \u003c= 0 cable IRM irm(0)  (me)\nApr 27 16:37:18  kernel: firewire0: bus manager 0\nApr 27 16:37:18  kernel: firewire1: 1 nodes, maxhop \u003c= 0 cable IRM irm(0)  (me)\nApr 27 16:37:18  kernel: firewire1: bus manager 0\nApr 27 16:37:18  kernel: usbus0: 12Mbps Full Speed USB v1.0\nApr 27 16:37:18  kernel: usbus1: 480Mbps High Speed USB v2.0\nApr 27 16:37:18  kernel: ugen0.1: \u003cnVidia\u003e at usbus0\nApr 27 16:37:18  kernel: uhub0: \u003cnVidia OHCI root HUB, class 9/0, rev\n1.00/1.00, addr 1\u003e on usbus0\nApr 27 16:37:18  kernel: ugen1.1: \u003cnVidia\u003e at usbus1\nApr 27 16:37:18  kernel: uhub1: \u003cnVidia EHCI root HUB, class 9/0, rev\n2.00/1.00, addr 1\u003e on usbus1\nApr 27 16:37:18  kernel: acd0: DVDROM \u003cCREATIVE DVD-ROM DVD6240E/0101\u003e\nat ata0-master PIO4\nApr 27 16:37:18  kernel: ad8: 476940MB \u003cWDC WD5000AAKS-00YGA0\n12.01C02\u003e at ata4-master SATA300\nApr 27 16:37:18  kernel: ad10: 114473MB \u003cSeagate ST3120026AS 3.05\u003e at\nata5-master SATA150\nApr 27 16:37:18  kernel: SMP: AP CPU #1 Launched!\nApr 27 16:37:18  kernel: Root mount waiting for: usbus1 usbus0\nApr 27 16:37:18  kernel: uhub0: 10 ports with 10 removable, self powered\nApr 27 16:37:18  kernel: Root mount waiting for: usbus1\nApr 27 16:37:18  last message repeated 2 times\nApr 27 16:37:18  kernel: uhub1: 10 ports with 10 removable, self powered\nApr 27 16:37:18  kernel: Root mount waiting for: usbus1\nApr 27 16:37:18  kernel: ugen1.2: \u003cChicony Electronics Co., Ltd.\u003e at usbus1\nApr 27 16:37:18  kernel: Trying to mount root from zfs:tank/root"
}