{
 "id": 489460,
 "bug_id": 132602,
 "attachment_id": 0,
 "creation_time": "2009-03-31T13:33:15Z",
 "creator": "MasterOne@o0l0o.org",
 "text": "If it is of any interest, here is a dmesg from that machine:\n\nCopyright (c) 1992-2008 The FreeBSD Project.\nCopyright (c) 1979, 1980, 1983, 1986, 1988, 1989, 1991, 1992, 1993, 1994\nThe Regents of the University of California. All rights reserved.\nFreeBSD is a registered trademark of The FreeBSD Foundation.\nFreeBSD 6.4-RELEASE-p3 #0: Mon Mar 9 22:22:06 UTC 2009\nroot@vmbsd64amd64:/usr/obj/freenas/usr/src/sys/FREENAS-amd64\nTimecounter \"i8254\" frequency 1193182 Hz quality 0\nCPU: Intel(R) Celeron(R) CPU 420 @ 1.60GHz (1600.01-MHz K8-class CPU)\nOrigin = \"GenuineIntel\" Id = 0x10661 Stepping = 1\nFeatures=0xafebfbff\nFeatures2=0xe31d\nAMD Features=0x20100800\nAMD Features2=0x1\nreal memory = 2147287040 (2047 MB)\navail memory = 1970548736 (1879 MB)\nACPI APIC Table: \u003c121907 APIC1340\u003e\nioapic0 irqs 0-23 on motherboard\nwlan: mac acl policy registered\nkbd1 at kbdmux0\nath_hal: 0.9.20.3 (AR5210, AR5211, AR5212, RF5111, RF5112, RF2413, RF5413)\nhptrr: HPT RocketRAID controller driver v1.1 (Mar 9 2009 22:21:59)\nacpi0: \u003c121907 XSDT1340\u003e on motherboard\nacpi0: Overriding SCI Interrupt from IRQ 9 to IRQ 20\nacpi0: Power Button (fixed)\nTimecounter \"ACPI-fast\" frequency 3579545 Hz quality 1000\nacpi_timer0: \u003c24-bit timer at 3.579545MHz\u003e port 0x808-0x80b on acpi0\nacpi_hpet0: iomem 0xfed00000-0xfed003ff on acpi0\nTimecounter \"HPET\" frequency 14318180 Hz quality 900\ncpu0: on acpi0\np4tcc0: on cpu0\npcib0: port 0xcf8-0xcff on acpi0\npci0: on pcib0\npcib1: irq 16 at device 28.0 on pci0\npci1: on pcib1\nem0: port 0xbc00-0xbc1f mem 0xff7e0000-0xff7fffff irq 16 at device 0.0 on pci1\nem0: Using MSI interrupt\nem0: Ethernet address: 00:15:17:31:d9:2b\npcib2: irq 18 at device 28.2 on pci0\npci2: on pcib2\natapci0: port 0xcc00-0xcc7f mem \n0xff9ffc00-0xff9ffc7f,0xff9f8000-0xff9fbfff irq 18 at device 0.0 on pci2\nata2: on atapci0\nata3: on atapci0\nuhci0: port 0xe080-0xe09f irq 23 at device 29.0 on pci0\nuhci0: [GIANT-LOCKED]\nusb0: on uhci0\nusb0: USB revision 1.0\nuhub0: Intel UHCI root hub, class 9/0, rev 1.00/1.00, addr 1\nuhub0: 2 ports with 2 removable, self powered\nuhci1: port 0xe000-0xe01f irq 19 at device 29.1 on pci0\nuhci1: [GIANT-LOCKED]\nusb1: on uhci1\nusb1: USB revision 1.0\nuhub1: Intel UHCI root hub, class 9/0, rev 1.00/1.00, addr 1\nuhub1: 2 ports with 2 removable, self powered\nuhci2: port 0xdc00-0xdc1f irq 18 at device 29.2 on pci0\nuhci2: [GIANT-LOCKED]\nusb2: on uhci2\nusb2: USB revision 1.0\nuhub2: Intel UHCI root hub, class 9/0, rev 1.00/1.00, addr 1\nuhub2: 2 ports with 2 removable, self powered\nuhci3: port 0xd880-0xd89f irq 16 at device 29.3 on pci0\nuhci3: [GIANT-LOCKED]\nusb3: on uhci3\nusb3: USB revision 1.0\nuhub3: Intel UHCI root hub, class 9/0, rev 1.00/1.00, addr 1\nuhub3: 2 ports with 2 removable, self powered\nehci0: mem 0xffa3f800-0xffa3fbff irq 23 at device 29.7 on pci0\nehci0: [GIANT-LOCKED]\nusb4: EHCI version 1.0\nusb4: companion controllers, 2 ports each: usb0 usb1 usb2 usb3\nusb4: on ehci0\nusb4: USB revision 2.0\nuhub4: Intel EHCI root hub, class 9/0, rev 2.00/1.00, addr 1\nuhub4: 8 ports with 8 removable, self powered\numass0: USBest Technology USB Mass Storage Device, rev 2.00/1.00, addr 2\npcib3: at device 30.0 on pci0\npci3: on pcib3\nisab0: at device 31.0 on pci0\nisa0: on isab0\natapci1: port \n0xec00-0xec07,0xe880-0xe883,0xe800-0xe807,0xe480-0xe483,0xe400-0xe40f \nmem 0xffaffc00-0xffafffff irq 19 at device 31.2 on pci0\natapci1: AHCI Version 01.10 controller with 4 ports detected\nata4: on atapci1\nata5: on atapci1\nata6: on atapci1\nata7: on atapci1\npci0: at device 31.3 (no driver attached)\nacpi_button0: on acpi0\nspeaker0: port 0x61 on acpi0\nsio0: configured irq 4 not in bitmap of probed irqs 0\nsio0: port may not be enabled\nsio0: \u003c16550A-compatible COM port\u003e port 0x3f8-0x3ff irq 4 flags 0x10 on acpi0\nsio0: type 16550A, console\natkbdc0: at port 0x60,0x64 on isa0\natkbd0: irq 1 on atkbdc0\nkbd0 at atkbd0\natkbd0: [GIANT-LOCKED]\nppc0: cannot reserve I/O port range\nsio1: configured irq 3 not in bitmap of probed irqs 0\nsio1: port may not be enabled\nTimecounter \"TSC\" frequency 1600010792 Hz quality 800\nTimecounters tick every 1.000 msec\nIPv6 packet filtering initialized, default to accept, logging limited \nto 5 packets/entry\nipfw2 (+ipv6) initialized, divert loadable, rule-based forwarding \ndisabled, default to accept, logging limited to 5 packets/entry by default\nhptrr: no controller detected.\nmd0: Preloaded image 90177536 bytes at 0xffffffff80bb5e08\nad4: 239372MB at ata2-master SATA150\nad6: 239372MB at ata3-master SATA150\nad8: 953869MB at ata4-master SATA300\nad10: 953869MB at ata5-master SATA300\nad12: 953869MB at ata6-master SATA300\nad14: 953869MB at ata7-master SATA300\nda0 at umass-sim0 bus 0 target 0 lun 0\nda0: Removable Direct Access SCSI-2 device\nda0: 40.000MB/s transfers\nda0: 454MB (930560 512 byte sectors: 64H 32S/T 454C)\ncd0 at umass-sim0 bus 0 target 0 lun 1\ncd0: Removable CD-ROM SCSI-0 device\ncd0: 40.000MB/s transfers\ncd0: Attempt to query device size failed: NOT READY, Medium not present\nem0: link state changed to UP"
}