{
 "id": 485507,
 "bug_id": 131798,
 "attachment_id": 0,
 "creation_time": "2009-12-04T13:55:07Z",
 "creator": "emilec@clarotech.co.za",
 "text": "Hi\r\n\r\nI am experiencing the same problem on this motherboard. Below is the output of the information requested from the original reporter. I am tracking RELENG_7, running 7.2-STABLE. I also found another reported bug which, once the user solved the booting issues, presents the same USB keyboard issues: http://www.freebsd.org/cgi/query-pr.cgi?pr=kern/129040 so these could potentially be merged.\r\n\r\nI tried the suggested patch http://www.freebsd.org/cgi/query-pr.cgi?pr=116947 but that made no difference. Another interesting note is that If I detach the keyboard dmesg records the event, but nothing happens when I attach the keyboard again.\r\n\r\n#dmesg\r\nCopyright (c) 1992-2009 The FreeBSD Project.\r\nCopyright (c) 1979, 1980, 1983, 1986, 1988, 1989, 1991, 1992, 1993, 1994\r\n        The Regents of the University of California. All rights reserved.\r\nFreeBSD is a registered trademark of The FreeBSD Foundation.\r\nFreeBSD 7.2-STABLE #6: Fri Dec  4 03:33:49 SAST 2009\r\n    root@dolly7:/usr/obj/usr/src/sys/DOLLY i386\r\nTimecounter \"i8254\" frequency 1193182 Hz quality 0\r\nCPU: Intel(R) Core(TM)2 Quad CPU    Q9550  @ 2.83GHz (2833.31-MHz 686-class CPU)\r\n  Origin = \"GenuineIntel\"  Id = 0x1067a  Stepping = 10\r\n  Features=0xbfebfbff\u003cFPU,VME,DE,PSE,TSC,MSR,PAE,MCE,CX8,APIC,SEP,MTRR,PGE,MCA,CMOV,PAT,PSE36,CLFLUSH,DTS,ACPI,MMX,FXSR,SSE,SSE2,SS,HTT,TM,PBE\u003e\r\n  Features2=0x408e3fd\u003cSSE3,DTES64,MON,DS_CPL,VMX,SMX,EST,TM2,SSSE3,CX16,xTPR,PDCM,SSE4.1,XSAVE\u003e\r\n  AMD Features=0x20100000\u003cNX,LM\u003e\r\n  AMD Features2=0x1\u003cLAHF\u003e\r\n  Cores per package: 4\r\nreal memory  = 3488612352 (3327 MB)\r\navail memory = 3410411520 (3252 MB)\r\nMPTable: \u003cDP45SG INTEL\u003e\r\nFreeBSD/SMP: Multiprocessor System Detected: 4 CPUs\r\n cpu0 (BSP): APIC ID:  0\r\n cpu1 (AP): APIC ID:  1\r\n cpu2 (AP): APIC ID:  2\r\n cpu3 (AP): APIC ID:  3\r\nioapic0: Assuming intbase of 0\r\nioapic0 \u003cVersion 2.0\u003e irqs 0-23 on motherboard\r\nkbd1 at kbdmux0\r\nACPI Warning (tbutils-0243): Incorrect checksum in table [XSDT] -  A0, should be 29 [20070320]\r\nacpi0: \u003cINTEL DP45SG\u003e on motherboard\r\nacpi0: [ITHREAD]\r\nacpi0: Power Button (fixed)\r\nTimecounter \"ACPI-fast\" frequency 3579545 Hz quality 1000\r\nacpi_timer0: \u003c24-bit timer at 3.579545MHz\u003e port 0x408-0x40b on acpi0\r\nacpi_hpet0: \u003cHigh Precision Event Timer\u003e iomem 0xfed00000-0xfed003ff on acpi0\r\nTimecounter \"HPET\" frequency 14318180 Hz quality 900\r\npcib0: \u003cACPI Host-PCI bridge\u003e port 0xcf8-0xcff on acpi0\r\npci0: \u003cACPI PCI bus\u003e on pcib0\r\npcib1: \u003cACPI PCI-PCI bridge\u003e irq 11 at device 1.0 on pci0\r\npci1: \u003cACPI PCI bus\u003e on pcib1\r\nvgapci0: \u003cVGA-compatible display\u003e port 0xe000-0xe07f mem 0xe2000000-0xe2ffffff,0xd0000000-0xdfffffff,0xe0000000-0xe1ffffff irq 11 at device 0.0 on pci1\r\npci1: \u003cmultimedia, HDA\u003e at device 0.1 (no driver attached)\r\nem0: \u003cIntel(R) PRO/1000 Network Connection 6.9.6\u003e port 0xf0e0-0xf0ff mem 0xe3200000-0xe321ffff,0xe3220000-0xe3220fff irq 10 at device 25.0 on pci0\r\nem0: Using MSI interrupt\r\nem0: [FILTER]\r\nem0: Ethernet address: 00:27:0e:03:1a:5e\r\nuhci0: \u003cUHCI (generic) USB controller\u003e port 0xf0c0-0xf0df irq 11 at device 26.0 on pci0\r\nuhci0: [GIANT-LOCKED]\r\nuhci0: [ITHREAD]\r\nusb0: \u003cUHCI (generic) USB controller\u003e on uhci0\r\nusb0: USB revision 1.0\r\nuhub0: \u003cIntel UHCI root hub, class 9/0, rev 1.00/1.00, addr 1\u003e on usb0\r\nuhub0: 2 ports with 2 removable, self powered\r\nuhci1: \u003cUHCI (generic) USB controller\u003e port 0xf0a0-0xf0bf irq 5 at device 26.1 on pci0\r\nuhci1: [GIANT-LOCKED]\r\nuhci1: [ITHREAD]\r\nusb1: \u003cUHCI (generic) USB controller\u003e on uhci1\r\nusb1: USB revision 1.0\r\nuhub1: \u003cIntel UHCI root hub, class 9/0, rev 1.00/1.00, addr 1\u003e on usb1\r\nuhub1: 2 ports with 2 removable, self powered\r\nuhci2: \u003cUHCI (generic) USB controller\u003e port 0xf080-0xf09f irq 3 at device 26.2 on pci0\r\nuhci2: [GIANT-LOCKED]\r\nuhci2: [ITHREAD]\r\nusb2: \u003cUHCI (generic) USB controller\u003e on uhci2\r\nusb2: USB revision 1.0\r\nuhub2: \u003cIntel UHCI root hub, class 9/0, rev 1.00/1.00, addr 1\u003e on usb2\r\nuhub2: 2 ports with 2 removable, self powered\r\nehci0: \u003cEHCI (generic) USB 2.0 controller\u003e mem 0xe3221400-0xe32217ff irq 3 at device 26.7 on pci0\r\nehci0: [GIANT-LOCKED]\r\nehci0: [ITHREAD]\r\nusb3: waiting for BIOS to give up control\r\nusb3: timed out waiting for BIOS\r\nusb3: EHCI version 1.0\r\nusb3: companion controllers, 2 ports each: usb0 usb1 usb2\r\nusb3: \u003cEHCI (generic) USB 2.0 controller\u003e on ehci0\r\nusb3: USB revision 2.0\r\nuhub3: \u003cIntel EHCI root hub, class 9/0, rev 2.00/1.00, addr 1\u003e on usb3\r\nuhub3: 6 ports with 6 removable, self powered\r\nuhci3: \u003cUHCI (generic) USB controller\u003e port 0xf060-0xf07f irq 7 at device 29.0 on pci0\r\nuhci3: [GIANT-LOCKED]\r\nuhci3: [ITHREAD]\r\nusb4: \u003cUHCI (generic) USB controller\u003e on uhci3\r\nusb4: USB revision 1.0\r\nuhub4: \u003cIntel UHCI root hub, class 9/0, rev 1.00/1.00, addr 1\u003e on usb4\r\nuhub4: 2 ports with 2 removable, self powered\r\nuhci4: \u003cUHCI (generic) USB controller\u003e port 0xf040-0xf05f irq 11 at device 29.1 on pci0\r\nuhci4: [GIANT-LOCKED]\r\nuhci4: [ITHREAD]\r\nusb5: \u003cUHCI (generic) USB controller\u003e on uhci4\r\nusb5: USB revision 1.0\r\nuhub5: \u003cIntel UHCI root hub, class 9/0, rev 1.00/1.00, addr 1\u003e on usb5\r\nuhub5: 2 ports with 2 removable, self powered\r\nuhci5: \u003cUHCI (generic) USB controller\u003e port 0xf020-0xf03f irq 3 at device 29.2 on pci0\r\nuhci5: [GIANT-LOCKED]\r\nuhci5: [ITHREAD]\r\nusb6: \u003cUHCI (generic) USB controller\u003e on uhci5\r\nusb6: USB revision 1.0\r\nuhub6: \u003cIntel UHCI root hub, class 9/0, rev 1.00/1.00, addr 1\u003e on usb6\r\nuhub6: 2 ports with 2 removable, self powered\r\nehci1: \u003cEHCI (generic) USB 2.0 controller\u003e mem 0xe3221000-0xe32213ff irq 7 at device 29.7 on pci0\r\nehci1: [GIANT-LOCKED]\r\nehci1: [ITHREAD]\r\nusb7: waiting for BIOS to give up control\r\nusb7: timed out waiting for BIOS\r\nusb7: EHCI version 1.0\r\nusb7: companion controllers, 2 ports each: usb4 usb5 usb6\r\nusb7: \u003cEHCI (generic) USB 2.0 controller\u003e on ehci1\r\nusb7: USB revision 2.0\r\nuhub7: \u003cIntel EHCI root hub, class 9/0, rev 2.00/1.00, addr 1\u003e on usb7\r\nuhub7: 6 ports with 6 removable, self powered\r\npcib2: \u003cMPTable PCI-PCI bridge\u003e at device 30.0 on pci0\r\npci2: \u003cPCI bus\u003e on pcib2\r\nrl0: \u003cRealTek 8139 10/100BaseTX\u003e port 0xd000-0xd0ff mem 0xe3100000-0xe31000ff irq 20 at device 2.0 on pci2\r\nmiibus0: \u003cMII bus\u003e on rl0\r\nrlphy0: \u003cRealTek internal media interface\u003e PHY 0 on miibus0\r\nrlphy0:  10baseT, 10baseT-FDX, 100baseTX, 100baseTX-FDX, auto\r\nrl0: Ethernet address: 00:1e:2a:c9:71:49\r\nrl0: [ITHREAD]\r\nisab0: \u003cPCI-ISA bridge\u003e at device 31.0 on pci0\r\nisa0: \u003cISA bus\u003e on isab0\r\natapci0: \u003cIntel ICH10 SATA300 controller\u003e port 0x1f0-0x1f7,0x3f6,0x170-0x177,0x376,0xf170-0xf17f,0xf160-0xf16f irq 11 at device 31.2 on pci0\r\nata0: \u003cATA channel 0\u003e on atapci0\r\nata0: [ITHREAD]\r\nata1: \u003cATA channel 1\u003e on atapci0\r\nata1: [ITHREAD]\r\npci0: \u003cserial bus, SMBus\u003e at device 31.3 (no driver attached)\r\natapci1: \u003cIntel ICH10 SATA300 controller\u003e port 0xf150-0xf157,0xf140-0xf143,0xf130-0xf137,0xf120-0xf123,0xf110-0xf11f,0xf100-0xf10f irq 11 at device 31.5 on pci0\r\natapci1: [ITHREAD]\r\nata2: \u003cATA channel 0\u003e on atapci1\r\nata2: [ITHREAD]\r\nata3: \u003cATA channel 1\u003e on atapci1\r\nata3: [ITHREAD]\r\nacpi_button0: \u003cPower Button\u003e on acpi0\r\ncpu0: \u003cACPI CPU\u003e on acpi0\r\nest0: \u003cEnhanced SpeedStep Frequency Control\u003e on cpu0\r\nest: CPU supports Enhanced Speedstep, but is not recognized.\r\nest: cpu_vendor GenuineIntel, msr 616482406004824\r\ndevice_attach: est0 attach returned 6\r\np4tcc0: \u003cCPU Frequency Thermal Control\u003e on cpu0\r\ncpu1: \u003cACPI CPU\u003e on acpi0\r\nest1: \u003cEnhanced SpeedStep Frequency Control\u003e on cpu1\r\nest: CPU supports Enhanced Speedstep, but is not recognized.\r\nest: cpu_vendor GenuineIntel, msr 616482406004824\r\ndevice_attach: est1 attach returned 6\r\np4tcc1: \u003cCPU Frequency Thermal Control\u003e on cpu1\r\ncpu2: \u003cACPI CPU\u003e on acpi0\r\nest2: \u003cEnhanced SpeedStep Frequency Control\u003e on cpu2\r\nest: CPU supports Enhanced Speedstep, but is not recognized.\r\nest: cpu_vendor GenuineIntel, msr 616482406004824\r\ndevice_attach: est2 attach returned 6\r\np4tcc2: \u003cCPU Frequency Thermal Control\u003e on cpu2\r\ncpu3: \u003cACPI CPU\u003e on acpi0\r\nest3: \u003cEnhanced SpeedStep Frequency Control\u003e on cpu3\r\nest: CPU supports Enhanced Speedstep, but is not recognized.\r\nest: cpu_vendor GenuineIntel, msr 616482406004824\r\ndevice_attach: est3 attach returned 6\r\np4tcc3: \u003cCPU Frequency Thermal Control\u003e on cpu3\r\npmtimer0 on isa0\r\norm0: \u003cISA Option ROM\u003e at iomem 0xce800-0xcf7ff pnpid ORM0000 on isa0\r\nsc0: \u003cSystem console\u003e at flags 0x100 on isa0\r\nsc0: VGA \u003c16 virtual consoles, flags=0x300\u003e\r\nvga0: \u003cGeneric ISA VGA\u003e at port 0x3c0-0x3df iomem 0xa0000-0xbffff on isa0\r\natkbdc0: \u003cKeyboard controller (i8042)\u003e at port 0x60,0x64 on isa0\r\natkbd0: \u003cAT Keyboard\u003e irq 1 on atkbdc0\r\nkbd0 at atkbd0\r\natkbd0: [GIANT-LOCKED]\r\natkbd0: [ITHREAD]\r\nukbd0: \u003cvendor 0x0566 product 0x3002, class 0/0, rev 1.10/1.00, addr 2\u003e on uhub0\r\nkbd2 at ukbd0\r\nTimecounters tick every 1.000 msec\r\nad0: 152627MB \u003cSeagate ST3160813AS CC2J\u003e at ata0-master SATA300\r\nGEOM_MIRROR: Force device gm0 start due to timeout.\r\nGEOM_MIRROR: DevSMP: AP CPU #1 Launched!\r\nSMP: AP CPU #3 Launched!\r\nSMP: AP CPU #2 Launched!\r\nice mirror/gm0 launched (1/2).\r\nTrying to mount root from ufs:/dev/mirror/gm0s1a\r\nipfw2 initialized, divert loadable, nat loadable, rule-based forwarding disabled, default to deny, logging disabled\r\nrl0: link state changed to UP\r\n\r\n# pciconf -l\r\nhostb0@pci0:0:0:0:      class=0x060000 card=0x50018086 chip=0x2e208086 rev=0x03 hdr=0x00\r\npcib1@pci0:0:1:0:       class=0x060400 card=0x50018086 chip=0x2e218086 rev=0x03 hdr=0x01\r\nem0@pci0:0:25:0:        class=0x020000 card=0x50018086 chip=0x10cd8086 rev=0x00 hdr=0x00\r\nuhci0@pci0:0:26:0:      class=0x0c0300 card=0x50018086 chip=0x3a378086 rev=0x00 hdr=0x00\r\nuhci1@pci0:0:26:1:      class=0x0c0300 card=0x50018086 chip=0x3a388086 rev=0x00 hdr=0x00\r\nuhci2@pci0:0:26:2:      class=0x0c0300 card=0x50018086 chip=0x3a398086 rev=0x00 hdr=0x00\r\nehci0@pci0:0:26:7:      class=0x0c0320 card=0x50018086 chip=0x3a3c8086 rev=0x00 hdr=0x00\r\nuhci3@pci0:0:29:0:      class=0x0c0300 card=0x50018086 chip=0x3a348086 rev=0x00 hdr=0x00\r\nuhci4@pci0:0:29:1:      class=0x0c0300 card=0x50018086 chip=0x3a358086 rev=0x00 hdr=0x00\r\nuhci5@pci0:0:29:2:      class=0x0c0300 card=0x50018086 chip=0x3a368086 rev=0x00 hdr=0x00\r\nehci1@pci0:0:29:7:      class=0x0c0320 card=0x50018086 chip=0x3a3a8086 rev=0x00 hdr=0x00\r\npcib2@pci0:0:30:0:      class=0x060401 card=0x50018086 chip=0x244e8086 rev=0x90 hdr=0x01\r\nisab0@pci0:0:31:0:      class=0x060100 card=0x50018086 chip=0x3a168086 rev=0x00 hdr=0x00\r\natapci0@pci0:0:31:2:    class=0x01018a card=0x50018086 chip=0x3a208086 rev=0x00 hdr=0x00\r\nnone0@pci0:0:31:3:      class=0x0c0500 card=0x50018086 chip=0x3a308086 rev=0x00 hdr=0x00\r\natapci1@pci0:0:31:5:    class=0x010185 card=0x50018086 chip=0x3a268086 rev=0x00 hdr=0x00\r\nvgapci0@pci0:1:0:0:     class=0x030000 card=0x00000000 chip=0x0a2010de rev=0xa2 hdr=0x00\r\nnone1@pci0:1:0:1:       class=0x040300 card=0x00000000 chip=0x0be210de rev=0xa1 hdr=0x00\r\nrl0@pci0:2:2:0: class=0x020000 card=0xf31d1385 chip=0x813910ec rev=0x10 hdr=0x00\r\n\r\n# pciconf -lv\r\nhostb0@pci0:0:0:0:      class=0x060000 card=0x50018086 chip=0x2e208086 rev=0x03 hdr=0x00\r\n    vendor     = 'Intel Corporation'\r\n    class      = bridge\r\n    subclass   = HOST-PCI\r\npcib1@pci0:0:1:0:       class=0x060400 card=0x50018086 chip=0x2e218086 rev=0x03 hdr=0x01\r\n    vendor     = 'Intel Corporation'\r\n    class      = bridge\r\n    subclass   = PCI-PCI\r\nem0@pci0:0:25:0:        class=0x020000 card=0x50018086 chip=0x10cd8086 rev=0x00 hdr=0x00\r\n    vendor     = 'Intel Corporation'\r\n    class      = network\r\n    subclass   = ethernet\r\nuhci0@pci0:0:26:0:      class=0x0c0300 card=0x50018086 chip=0x3a378086 rev=0x00 hdr=0x00\r\n    vendor     = 'Intel Corporation'\r\n    device     = 'USB UHCI Controller *4'\r\n    class      = serial bus\r\n    subclass   = USB\r\nuhci1@pci0:0:26:1:      class=0x0c0300 card=0x50018086 chip=0x3a388086 rev=0x00 hdr=0x00\r\n    vendor     = 'Intel Corporation'\r\n    device     = 'USB UHCI Controller *5'\r\n    class      = serial bus\r\n    subclass   = USB\r\nuhci2@pci0:0:26:2:      class=0x0c0300 card=0x50018086 chip=0x3a398086 rev=0x00 hdr=0x00\r\n    vendor     = 'Intel Corporation'\r\n    device     = 'USB UHCI Controller *6'\r\n    class      = serial bus\r\n    subclass   = USB\r\nehci0@pci0:0:26:7:      class=0x0c0320 card=0x50018086 chip=0x3a3c8086 rev=0x00 hdr=0x00\r\n    vendor     = 'Intel Corporation'\r\n    device     = 'USB EHCI Controller *2'\r\n    class      = serial bus\r\n    subclass   = USB\r\nuhci3@pci0:0:29:0:      class=0x0c0300 card=0x50018086 chip=0x3a348086 rev=0x00 hdr=0x00\r\n    vendor     = 'Intel Corporation'\r\n    device     = 'USB UHCI Controller *1'\r\n    class      = serial bus\r\n    subclass   = USB\r\nuhci4@pci0:0:29:1:      class=0x0c0300 card=0x50018086 chip=0x3a358086 rev=0x00 hdr=0x00\r\n    vendor     = 'Intel Corporation'\r\n    device     = 'USB UHCI Controller *2'\r\n    class      = serial bus\r\n    subclass   = USB\r\nuhci5@pci0:0:29:2:      class=0x0c0300 card=0x50018086 chip=0x3a368086 rev=0x00 hdr=0x00\r\n    vendor     = 'Intel Corporation'\r\n    device     = 'USB UHCI Controller *3'\r\n    class      = serial bus\r\n    subclass   = USB\r\nehci1@pci0:0:29:7:      class=0x0c0320 card=0x50018086 chip=0x3a3a8086 rev=0x00 hdr=0x00\r\n    vendor     = 'Intel Corporation'\r\n    device     = 'USB EHCI Controller *1'\r\n    class      = serial bus\r\n    subclass   = USB\r\npcib2@pci0:0:30:0:      class=0x060401 card=0x50018086 chip=0x244e8086 rev=0x90 hdr=0x01\r\n    vendor     = 'Intel Corporation'\r\n    device     = '82801 Family (ICH2/3/4/5/6/7/8/9,63xxESB) Hub Interface to PCI Bridge'\r\n    class      = bridge\r\n    subclass   = PCI-PCI\r\nisab0@pci0:0:31:0:      class=0x060100 card=0x50018086 chip=0x3a168086 rev=0x00 hdr=0x00\r\n    vendor     = 'Intel Corporation'\r\n    device     = 'LPC Interface Controller'\r\n    class      = bridge\r\n    subclass   = PCI-ISA\r\natapci0@pci0:0:31:2:    class=0x01018a card=0x50018086 chip=0x3a208086 rev=0x00 hdr=0x00\r\n    vendor     = 'Intel Corporation'\r\n    device     = 'SATA2(4Port2) (ICH10 Family)'\r\n    class      = mass storage\r\n    subclass   = ATA\r\nnone0@pci0:0:31:3:      class=0x0c0500 card=0x50018086 chip=0x3a308086 rev=0x00 hdr=0x00\r\n    vendor     = 'Intel Corporation'\r\n    device     = 'SMB controller  (50011458)'\r\n    class      = serial bus\r\n    subclass   = SMBus\r\natapci1@pci0:0:31:5:    class=0x010185 card=0x50018086 chip=0x3a268086 rev=0x00 hdr=0x00\r\n    vendor     = 'Intel Corporation'\r\n    device     = 'SATA2(2Port2) (ICH10 Family)'\r\n    class      = mass storage\r\n    subclass   = ATA\r\nvgapci0@pci0:1:0:0:     class=0x030000 card=0x00000000 chip=0x0a2010de rev=0xa2 hdr=0x00\r\n    vendor     = 'Nvidia Corp'\r\n    class      = display\r\n    subclass   = VGA\r\nnone1@pci0:1:0:1:       class=0x040300 card=0x00000000 chip=0x0be210de rev=0xa1 hdr=0x00\r\n    vendor     = 'Nvidia Corp'\r\n    class      = multimedia\r\n    subclass   = HDA\r\nrl0@pci0:2:2:0: class=0x020000 card=0xf31d1385 chip=0x813910ec rev=0x10 hdr=0x00\r\n    vendor     = 'Realtek Semiconductor'\r\n    device     = 'Realtek RTL8139 Family PCI Fast Ethernet NIC (RTL-8139/8139C/8139C)'\r\n    class      = network\r\n    subclass   = Ethernet\r\n\r\n# usbdevs -v\r\nController /dev/usb0:\r\naddr 1: full speed, self powered, config 1, UHCI root hub(0x0000), Intel(0x0000), rev 1.00\r\n port 1 powered\r\n port 2 addr 2: low speed, power 100 mA, config 1, product 0x3002(0x3002), vendor 0x0566(0x0566), rev 1.00\r\nController /dev/usb1:\r\naddr 1: full speed, self powered, config 1, UHCI root hub(0x0000), Intel(0x0000), rev 1.00\r\n port 1 powered\r\n port 2 powered\r\nController /dev/usb2:\r\naddr 1: full speed, self powered, config 1, UHCI root hub(0x0000), Intel(0x0000), rev 1.00\r\n port 1 powered\r\n port 2 powered\r\nController /dev/usb3:\r\naddr 1: high speed, self powered, config 1, EHCI root hub(0x0000), Intel(0x0000), rev 1.00\r\n port 1 powered\r\n port 2 powered\r\n port 3 powered\r\n port 4 powered\r\n port 5 powered\r\n port 6 powered\r\nController /dev/usb4:\r\naddr 1: full speed, self powered, config 1, UHCI root hub(0x0000), Intel(0x0000), rev 1.00\r\n port 1 powered\r\n port 2 powered\r\nController /dev/usb5:\r\naddr 1: full speed, self powered, config 1, UHCI root hub(0x0000), Intel(0x0000), rev 1.00\r\n port 1 powered\r\n port 2 powered\r\nController /dev/usb6:\r\naddr 1: full speed, self powered, config 1, UHCI root hub(0x0000), Intel(0x0000), rev 1.00\r\n port 1 powered\r\n port 2 powered\r\nController /dev/usb7:\r\naddr 1: high speed, self powered, config 1, EHCI root hub(0x0000), Intel(0x0000), rev 1.00\r\n port 1 powered\r\n port 2 powered\r\n port 3 powered\r\n port 4 powered\r\n port 5 powered\r\n port 6 powered"
}