{
 "id": 1280498,
 "bug_id": 173499,
 "attachment_id": 0,
 "creation_time": "2023-10-19T11:56:13Z",
 "creator": "jiangjun12321@gmail.com",
 "text": "Content of my /var/run/dmesg.boot :\n\nCopyright (c) 1992-2021 The FreeBSD Project.\nCopyright (c) 1979, 1980, 1983, 1986, 1988, 1989, 1991, 1992, 1993, 1994\n\tThe Regents of the University of California. All rights reserved.\nFreeBSD is a registered trademark of The FreeBSD Foundation.\nFreeBSD 13.2-RELEASE-p4 GENERIC amd64\nFreeBSD clang version 14.0.5 (https://github.com/llvm/llvm-project.git llvmorg-14.0.5-0-gc12386ae247c)\nCPU: Intel(R) Core(TM) i3-2100 CPU @ 3.10GHz (3093.07-MHz K8-class CPU)\n  Origin=\"GenuineIntel\"  Id=0x206a7  Family=0x6  Model=0x2a  Stepping=7\n  Features=0xbfebfbff\u003cFPU,VME,DE,PSE,TSC,MSR,PAE,MCE,CX8,APIC,SEP,MTRR,PGE,MCA,CMOV,PAT,PSE36,CLFLUSH,DTS,ACPI,MMX,FXSR,SSE,SSE2,SS,HTT,TM,PBE\u003e\n  Features2=0x1d9ae3bf\u003cSSE3,PCLMULQDQ,DTES64,MON,DS_CPL,VMX,EST,TM2,SSSE3,CX16,xTPR,PDCM,PCID,SSE4.1,SSE4.2,POPCNT,TSCDLT,XSAVE,OSXSAVE,AVX\u003e\n  AMD Features=0x28100800\u003cSYSCALL,NX,RDTSCP,LM\u003e\n  AMD Features2=0x1\u003cLAHF\u003e\n  XSAVE Features=0x1\u003cXSAVEOPT\u003e\n  VT-x: PAT,HLT,MTF,PAUSE,EPT,UG,VPID\n  TSC: P-state invariant, performance statistics\nreal memory  = 4294967296 (4096 MB)\navail memory = 4093161472 (3903 MB)\nEvent timer \"LAPIC\" quality 600\nACPI APIC Table: \u003cGBT    GBTUACPI\u003e\nFreeBSD/SMP: Multiprocessor System Detected: 4 CPUs\nFreeBSD/SMP: 1 package(s) x 2 core(s) x 2 hardware threads\nrandom: unblocking device.\nioapic0: MADT APIC ID 2 != hw id 0\nioapic0 \u003cVersion 2.0\u003e irqs 0-23\nLaunching APs: 1 3 2\nrandom: entropy device external interface\nkbd1 at kbdmux0\nsmbios0: \u003cSystem Management BIOS\u003e at iomem 0xf0ce0-0xf0cfe\nsmbios0: Version: 2.4, BCD Revision: 2.4\naesni0: No AES or SHA support.\nacpi0: \u003cGBT GBTUACPI\u003e\nacpi0: Power Button (fixed)\ncpu0: \u003cACPI CPU\u003e on acpi0\nattimer0: \u003cAT timer\u003e port 0x40-0x43 on acpi0\nTimecounter \"i8254\" frequency 1193182 Hz quality 0\nEvent timer \"i8254\" frequency 1193182 Hz quality 100\nhpet0: \u003cHigh Precision Event Timer\u003e iomem 0xfed00000-0xfed003ff irq 0,8 on acpi0\nTimecounter \"HPET\" frequency 14318180 Hz quality 950\nEvent timer \"HPET\" frequency 14318180 Hz quality 550\nEvent timer \"HPET1\" frequency 14318180 Hz quality 440\nEvent timer \"HPET2\" frequency 14318180 Hz quality 440\nEvent timer \"HPET3\" frequency 14318180 Hz quality 440\nEvent timer \"HPET4\" frequency 14318180 Hz quality 440\natrtc0: \u003cAT realtime clock\u003e port 0x70-0x73 on acpi0\natrtc0: registered as a time-of-day clock, resolution 1.000000s\nEvent timer \"RTC\" frequency 32768 Hz quality 0\nTimecounter \"ACPI-fast\" frequency 3579545 Hz quality 900\nacpi_timer0: \u003c24-bit timer at 3.579545MHz\u003e port 0x408-0x40b on acpi0\nacpi_button0: \u003cPower Button\u003e on acpi0\npcib0: \u003cACPI Host-PCI bridge\u003e port 0xcf8-0xcff on acpi0\npci0: \u003cACPI PCI bus\u003e on pcib0\npcib1: \u003cACPI PCI-PCI bridge\u003e irq 16 at device 1.0 on pci0\npci1: \u003cACPI PCI bus\u003e on pcib1\nvgapci0: \u003cVGA-compatible display\u003e port 0xef00-0xef7f mem 0xf9000000-0xf9ffffff,0xe0000000-0xe7ffffff,0xee000000-0xefffffff irq 16 at device 0.0 on pci1\nvgapci0: Boot video device\nhdac0: \u003cNVIDIA GT108 HDA Controller\u003e mem 0xfaffc000-0xfaffffff irq 17 at device 0.1 on pci1\npci0: \u003csimple comms\u003e at device 22.0 (no driver attached)\nehci0: \u003cIntel Cougar Point USB 2.0 controller\u003e mem 0xfbffe000-0xfbffe3ff irq 18 at device 26.0 on pci0\nusbus0: EHCI version 1.0\nusbus0 on ehci0\nusbus0: 480Mbps High Speed USB v2.0\nhdac1: \u003cIntel Cougar Point HDA Controller\u003e mem 0xfbff4000-0xfbff7fff irq 22 at device 27.0 on pci0\npcib2: \u003cACPI PCI-PCI bridge\u003e irq 16 at device 28.0 on pci0\npci2: \u003cACPI PCI bus\u003e on pcib2\npci2: \u003cnetwork\u003e at device 0.0 (no driver attached)\npcib3: \u003cACPI PCI-PCI bridge\u003e irq 16 at device 28.4 on pci0\npci3: \u003cACPI PCI bus\u003e on pcib3\nre0: \u003cRealTek 8168/8111 B/C/CP/D/DP/E/F/G PCIe Gigabit Ethernet\u003e port 0xde00-0xdeff mem 0xfbeff000-0xfbefffff,0xfbef8000-0xfbefbfff irq 16 at device 0.0 on pci3\nre0: Using 1 MSI-X message\nre0: Chip rev. 0x2c800000\nre0: MAC rev. 0x00100000\nmiibus0: \u003cMII bus\u003e on re0\nrgephy0: \u003cRTL8169S/8110S/8211 1000BASE-T media interface\u003e PHY 1 on miibus0\nrgephy0:  none, 10baseT, 10baseT-FDX, 10baseT-FDX-flow, 100baseTX, 100baseTX-FDX, 100baseTX-FDX-flow, 1000baseT, 1000baseT-master, 1000baseT-FDX, 1000baseT-FDX-master, 1000baseT-FDX-flow, 1000baseT-FDX-flow-master, auto, auto-flow\nre0: Using defaults for TSO: 65518/35/2048\nre0: Ethernet address: 50:e5:49:23:52:9d\nre0: netmap queues/slots: TX 1/256, RX 1/256\npcib4: \u003cACPI PCI-PCI bridge\u003e irq 17 at device 28.5 on pci0\npci4: \u003cACPI PCI bus\u003e on pcib4\npcib5: \u003cPCI-PCI bridge\u003e irq 17 at device 0.0 on pci4\npci5: \u003cPCI bus\u003e on pcib5\nehci1: \u003cIntel Cougar Point USB 2.0 controller\u003e mem 0xfbffd000-0xfbffd3ff irq 23 at device 29.0 on pci0\nusbus1: EHCI version 1.0\nusbus1 on ehci1\nusbus1: 480Mbps High Speed USB v2.0\npcib6: \u003cACPI PCI-PCI bridge\u003e at device 30.0 on pci0\npci6: \u003cACPI PCI bus\u003e on pcib6\nisab0: \u003cPCI-ISA bridge\u003e at device 31.0 on pci0\nisa0: \u003cISA bus\u003e on isab0\nahci0: \u003cIntel Cougar Point AHCI SATA controller\u003e port 0xff00-0xff07,0xfe00-0xfe03,0xfd00-0xfd07,0xfc00-0xfc03,0xfb00-0xfb1f mem 0xfbffc000-0xfbffc7ff irq 19 at device 31.2 on pci0\nahci0: AHCI v1.30 with 4 3Gbps ports, Port Multiplier supported\nahcich0: \u003cAHCI channel\u003e at channel 0 on ahci0\nahcich1: \u003cAHCI channel\u003e at channel 1 on ahci0\nahcich4: \u003cAHCI channel\u003e at channel 4 on ahci0\nahcich5: \u003cAHCI channel\u003e at channel 5 on ahci0\nahciem0: \u003cAHCI enclosure management bridge\u003e on ahci0\nuart0: \u003c16550 or compatible\u003e port 0x3f8-0x3ff irq 4 flags 0x10 on acpi0\nppc0: \u003cParallel port\u003e port 0x378-0x37f irq 7 on acpi0\nppc0: Generic chipset (NIBBLE-only) in COMPATIBLE mode\nppbus0: \u003cParallel port bus\u003e on ppc0\nlpt0: \u003cPrinter\u003e on ppbus0\nlpt0: Interrupt-driven port\nppi0: \u003cParallel I/O\u003e on ppbus0\nsc0: \u003cSystem console\u003e at flags 0x100 on isa0\nsc0: VGA \u003c16 virtual consoles, flags=0x300\u003e\nWARNING: Device \"consolectl\" is Giant locked and may be deleted before FreeBSD 14.0.\nsc0: non-PNP ISA device will be removed from GENERIC in FreeBSD 14.\nvga0: \u003cGeneric ISA VGA\u003e at port 0x3c0-0x3df iomem 0xa0000-0xbffff pnpid PNP0900 on isa0\natkbdc0: \u003cKeyboard controller (i8042)\u003e at port 0x60,0x64 on isa0\natkbd0: \u003cAT Keyboard\u003e irq 1 on atkbdc0\nkbd0 at atkbd0\natkbd0: [GIANT-LOCKED]\natkbdc0: non-PNP ISA device will be removed from GENERIC in FreeBSD 14.\nest0: \u003cEnhanced SpeedStep Frequency Control\u003e on cpu0\nTimecounter \"TSC-low\" frequency 1546486766 Hz quality 1000\nTimecounters tick every 1.000 msec\nZFS filesystem version: 5\nZFS storage pool version: features support (5000)\nhdacc0: \u003cNVIDIA GT440 HDA CODEC\u003e at cad 0 on hdac0\nhdaa0: \u003cNVIDIA GT440 Audio Function Group\u003e at nid 1 on hdacc0\npcm0: \u003cNVIDIA GT440 (HDMI/DP 8ch)\u003e at nid 5 on hdaa0\nhdacc1: \u003cNVIDIA GT440 HDA CODEC\u003e at cad 1 on hdac0\nhdaa1: \u003cNVIDIA GT440 Audio Function Group\u003e at nid 1 on hdacc1\npcm1: \u003cNVIDIA GT440 (HDMI/DP 8ch)\u003e at nid 5 on hdaa1\nhdacc2: \u003cNVIDIA GT440 HDA CODEC\u003e at cad 2 on hdac0\nhdaa2: \u003cNVIDIA GT440 Audio Function Group\u003e at nid 1 on hdacc2\npcm2: \u003cNVIDIA GT440 (HDMI/DP 8ch)\u003e at nid 5 on hdaa2\nhdacc3: \u003cNVIDIA GT440 HDA CODEC\u003e at cad 3 on hdac0\nhdaa3: \u003cNVIDIA GT440 Audio Function Group\u003e at nid 1 on hdacc3\npcm3: \u003cNVIDIA GT440 (HDMI/DP 8ch)\u003e at nid 5 on hdaa3\nhdacc4: \u003cRealtek ALC889 HDA CODEC\u003e at cad 2 on hdac1\nhdaa4: \u003cRealtek ALC889 Audio Function Group\u003e at nid 1 on hdacc4\npcm4: \u003cRealtek ALC889 (Rear Analog)\u003e at nid 20 and 24,26 on hdaa4\npcm5: \u003cRealtek ALC889 (Front Analog)\u003e at nid 27 and 25 on hdaa4\nTrying to mount root from zfs:zroot/ROOT/default []...\nugen0.1: \u003cIntel EHCI root HUB\u003e at usbus0\nugen1.1: \u003cIntel EHCI root HUB\u003e at usbus1\nuhub0 on usbus0\nuhub0: \u003cIntel EHCI root HUB, class 9/0, rev 2.00/1.00, addr 1\u003e on usbus0\nuhub1 on usbus1\nuhub1: \u003cIntel EHCI root HUB, class 9/0, rev 2.00/1.00, addr 1\u003e on usbus1\nses0 at ahciem0 bus 0 scbus4 target 0 lun 0\nses0: \u003cAHCI SGPIO Enclosure 2.00 0001\u003e SEMB S-E-S 2.00 device\nses0: SEMB SES Device\nada0 at ahcich0 bus 0 scbus0 target 0 lun 0\nada0: \u003cWDC WD10EADX-00TDHB0 77.04D77\u003e ATA8-ACS SATA 3.x device\nada0: Serial Number WD-WCAV5R627509\nada0: 300.000MB/s transfers (SATA 2.x, UDMA6, PIO 8192bytes)\nada0: Command Queueing enabled\nada0: 953869MB (1953525168 512 byte sectors)\nses0: ada0 in 'Slot 00', SATA Slot: scbus0 target 0\nada1 at ahcich1 bus 0 scbus1 target 0 lun 0\nada1: \u003cST9320325AS 0003SDM1\u003e ATA8-ACS SATA 2.x device\nada1: Serial Number 6VD2E7V2\nada1: 300.000MB/s transfers (SATA 2.x, UDMA6, PIO 8192bytes)\nada1: Command Queueing enabled\nada1: 305245MB (625142448 512 byte sectors)\nses0: ada1 in 'Slot 01', SATA Slot: scbus1 target 0\nuhub1: 2 ports with 2 removable, self powered\nuhub0: 2 ports with 2 removable, self powered\nugen0.2: \u003cvendor 0x8087 product 0x0024\u003e at usbus0\nuhub2 on uhub0\nuhub2: \u003cvendor 0x8087 product 0x0024, class 9/0, rev 2.00/0.00, addr 2\u003e on usbus0\nugen1.2: \u003cvendor 0x8087 product 0x0024\u003e at usbus1\nuhub3 on uhub1\nuhub3: \u003cvendor 0x8087 product 0x0024, class 9/0, rev 2.00/0.00, addr 2\u003e on usbus1\nRoot mount waiting for: usbus0 usbus1\nuhub2: 4 ports with 4 removable, self powered\nuhub3: 6 ports with 6 removable, self powered\nugen0.3: \u003cGASIA product 0x0022\u003e at usbus0\nukbd0 on uhub2\nukbd0: \u003cGASIA product 0x0022, class 0/0, rev 1.10/2.10, addr 3\u003e on usbus0\nkbd2 at ukbd0\nRoot mount waiting for: usbus0 usbus1\nugen1.3: \u003cvendor 0x8087 product 0x07dc\u003e at usbus1\nugen0.4: \u003cSIGMACHIP Usb Mouse\u003e at usbus0\nRoot mount waiting for: usbus0\nusb_msc_auto_quirk: UQ_MSC_NO_GETMAXLUN set for USB mass storage device TOSHIBA External USB 3.0 (0x0480:0xa202)\nugen0.5: \u003cTOSHIBA External USB 3.0\u003e at usbus0\numass0 on uhub2\numass0: \u003cTOSHIBA External USB 3.0, class 0/0, rev 2.10/3.15, addr 5\u003e on usbus0\numass0:  SCSI over Bulk-Only; quirks = 0x0100\numass0:5:0: Attached to scbus5\n(probe0:umass-sim0:0:0:0): REPORT LUNS. CDB: a0 00 00 00 00 00 00 00 00 10 00 00 \n(probe0:umass-sim0:0:0:0): CAM status: SCSI Status Error\n(probe0:umass-sim0:0:0:0): SCSI status: Check Condition\n(probe0:umass-sim0:0:0:0): SCSI sense: ILLEGAL REQUEST asc:20,0 (Invalid command operation code)\n(probe0:umass-sim0:0:0:0): Error 22, Unretryable error\nda0 at umass-sim0 bus 0 scbus5 target 0 lun 0\nda0: \u003cTOSHIBA External USB 3.0 5438\u003e Fixed Direct Access SPC-4 SCSI device\nda0: Serial Number 20151128002407C\nda0: 40.000MB/s transfers\nda0: 953869MB (1953525164 512 byte sectors)\nda0: quirks=0x2\u003cNO_6_BYTE\u003e\nWARNING: attempt to domain_add(netlink) after domainfinalize()\n[nl_generic] genl_register_family: Registered family nlctrl id 16\n[nl_generic] genl_register_cmds: Adding cmd GETFAMILY(3) to family nlctrl\nnvidia0: \u003cGeForce GT 430\u003e on vgapci0\nvgapci0: child nvidia0 requested pci_enable_io\nvgapci0: child nvidia0 requested pci_enable_io\nnvidia-modeset: Loading NVIDIA Kernel Mode Setting Driver for UNIX platforms  390.154  Wed Jun 22 04:42:19 UTC 2022\nIntel(R) Wireless WiFi based driver for FreeBSD\nichsmb0: \u003cIntel Cougar Point SMBus controller\u003e port 0x500-0x51f mem 0xfbffb000-0xfbffb0ff irq 18 at device 31.3 on pci0\nsmbus0: \u003cSystem Management Bus\u003e on ichsmb0\niwm0: \u003cIntel(R) Dual Band Wireless AC 3160\u003e mem 0xfbdfe000-0xfbdfffff irq 16 at device 0.0 on pci2\niwm0: hw rev 0x160, fw ver 17.352738.0, address a0:d3:7a:12:a3:54\nwlan0: Ethernet address: a0:d3:7a:12:a3:54\nlo0: link state changed to UP\nre0: link state changed to DOWN\nwlan0: link state changed to UP\nuhid0 on uhub2\nuhid0: \u003cGASIA\u003e on usbus0\nugen1.3: \u003cvendor 0x8087 product 0x07dc\u003e at usbus1 (disconnected)\nugen1.3: \u003cvendor 0x8087 product 0x07dc\u003e at usbus1\nums0 on uhub2\nums0: \u003cSIGMACHIP Usb Mouse, class 0/0, rev 1.10/1.10, addr 4\u003e on usbus0\nums0: 3 buttons and [XYZ] coordinates ID=0\nugen1.3: \u003cvendor 0x8087 product 0x07dc\u003e at usbus1 (disconnected)\nugen1.3: \u003cvendor 0x8087 product 0x07dc\u003e at usbus1\nSecurity policy loaded: MAC/ntpd (mac_ntpd)\nwlan0: link state changed to DOWN\nwlan0: link state changed to UP\nwlan0: link state changed to DOWN\nwlan0: Ethernet address: a0:d3:7a:12:a3:54\nwlan0: link state changed to UP\n\n\nFatal trap 12: page fault while in kernel mode\ncpuid = 0; apic id = 00\nfault virtual address\t= 0x0\nfault code\t\t= supervisor read data, page not present\ninstruction pointer\t= 0x20:0xffffffff831ccc12\nstack pointer\t        = 0x28:0xfffffe0062698bb0\nframe pointer\t        = 0x28:0xfffffe00aa95adb0\ncode segment\t\t= base 0x0, limit 0xfffff, type 0x1b\n\t\t\t= DPL 0, pres 1, long 1, def32 0, gran 1\nprocessor eflags\t= interrupt enabled, resume, IOPL = 0\ncurrent process\t\t= 12 (swi4: clock (0))\ntrap number\t\t= 12\npanic: page fault\ncpuid = 0\ntime = 1697711538\nKDB: stack backtrace:\n#0 0xffffffff80c53f45 at kdb_backtrace+0x65\n#1 0xffffffff80c068c1 at vpanic+0x151\n#2 0xffffffff80c06763 at panic+0x43\n#3 0xffffffff810b1fa7 at trap_fatal+0x387\n#4 0xffffffff810b1fff at trap_pfault+0x4f\n#5 0xffffffff81088fe8 at calltrap+0x8\nUptime: 1h22m36s\nDumping 446 out of 4038 MB:..4%..11%..22%..33%..43%..51%..61%..72%..83%..94%---\u003c\u003cBOOT\u003e\u003e---\nCopyright (c) 1992-2021 The FreeBSD Project.\nCopyright (c) 1979, 1980, 1983, 1986, 1988, 1989, 1991, 1992, 1993, 1994\n\tThe Regents of the University of California. All rights reserved.\nFreeBSD is a registered trademark of The FreeBSD Foundation.\nFreeBSD 13.2-RELEASE-p4 GENERIC amd64\nFreeBSD clang version 14.0.5 (https://github.com/llvm/llvm-project.git llvmorg-14.0.5-0-gc12386ae247c)\nCPU: Intel(R) Core(TM) i3-2100 CPU @ 3.10GHz (3093.14-MHz K8-class CPU)\n  Origin=\"GenuineIntel\"  Id=0x206a7  Family=0x6  Model=0x2a  Stepping=7\n  Features=0xbfebfbff\u003cFPU,VME,DE,PSE,TSC,MSR,PAE,MCE,CX8,APIC,SEP,MTRR,PGE,MCA,CMOV,PAT,PSE36,CLFLUSH,DTS,ACPI,MMX,FXSR,SSE,SSE2,SS,HTT,TM,PBE\u003e\n  Features2=0x1d9ae3bf\u003cSSE3,PCLMULQDQ,DTES64,MON,DS_CPL,VMX,EST,TM2,SSSE3,CX16,xTPR,PDCM,PCID,SSE4.1,SSE4.2,POPCNT,TSCDLT,XSAVE,OSXSAVE,AVX\u003e\n  AMD Features=0x28100800\u003cSYSCALL,NX,RDTSCP,LM\u003e\n  AMD Features2=0x1\u003cLAHF\u003e\n  XSAVE Features=0x1\u003cXSAVEOPT\u003e\n  VT-x: PAT,HLT,MTF,PAUSE,EPT,UG,VPID\n  TSC: P-state invariant, performance statistics\nreal memory  = 4294967296 (4096 MB)\navail memory = 4093165568 (3903 MB)\nEvent timer \"LAPIC\" quality 600\nACPI APIC Table: \u003cGBT    GBTUACPI\u003e\nFreeBSD/SMP: Multiprocessor System Detected: 4 CPUs\nFreeBSD/SMP: 1 package(s) x 2 core(s) x 2 hardware threads\nrandom: unblocking device.\nioapic0: MADT APIC ID 2 != hw id 0\nioapic0 \u003cVersion 2.0\u003e irqs 0-23\nLaunching APs: 1 3 2\nrandom: entropy device external interface\nkbd1 at kbdmux0\nsmbios0: \u003cSystem Management BIOS\u003e at iomem 0xf0ce0-0xf0cfe\nsmbios0: Version: 2.4, BCD Revision: 2.4\naesni0: No AES or SHA support.\nacpi0: \u003cGBT GBTUACPI\u003e\nacpi0: Power Button (fixed)\ncpu0: \u003cACPI CPU\u003e on acpi0\nattimer0: \u003cAT timer\u003e port 0x40-0x43 on acpi0\nTimecounter \"i8254\" frequency 1193182 Hz quality 0\nEvent timer \"i8254\" frequency 1193182 Hz quality 100\nhpet0: \u003cHigh Precision Event Timer\u003e iomem 0xfed00000-0xfed003ff irq 0,8 on acpi0\nTimecounter \"HPET\" frequency 14318180 Hz quality 950\nEvent timer \"HPET\" frequency 14318180 Hz quality 550\nEvent timer \"HPET1\" frequency 14318180 Hz quality 440\nEvent timer \"HPET2\" frequency 14318180 Hz quality 440\nEvent timer \"HPET3\" frequency 14318180 Hz quality 440\nEvent timer \"HPET4\" frequency 14318180 Hz quality 440\natrtc0: \u003cAT realtime clock\u003e port 0x70-0x73 on acpi0\natrtc0: registered as a time-of-day clock, resolution 1.000000s\nEvent timer \"RTC\" frequency 32768 Hz quality 0\nTimecounter \"ACPI-fast\" frequency 3579545 Hz quality 900\nacpi_timer0: \u003c24-bit timer at 3.579545MHz\u003e port 0x408-0x40b on acpi0\nacpi_button0: \u003cPower Button\u003e on acpi0\npcib0: \u003cACPI Host-PCI bridge\u003e port 0xcf8-0xcff on acpi0\npci0: \u003cACPI PCI bus\u003e on pcib0\npcib1: \u003cACPI PCI-PCI bridge\u003e irq 16 at device 1.0 on pci0\npci1: \u003cACPI PCI bus\u003e on pcib1\nvgapci0: \u003cVGA-compatible display\u003e port 0xef00-0xef7f mem 0xf9000000-0xf9ffffff,0xe0000000-0xe7ffffff,0xee000000-0xefffffff irq 16 at device 0.0 on pci1\nvgapci0: Boot video device\nhdac0: \u003cNVIDIA GT108 HDA Controller\u003e mem 0xfaffc000-0xfaffffff irq 17 at device 0.1 on pci1\npci0: \u003csimple comms\u003e at device 22.0 (no driver attached)\nehci0: \u003cIntel Cougar Point USB 2.0 controller\u003e mem 0xfbffe000-0xfbffe3ff irq 18 at device 26.0 on pci0\nusbus0: EHCI version 1.0\nusbus0 on ehci0\nusbus0: 480Mbps High Speed USB v2.0\nhdac1: \u003cIntel Cougar Point HDA Controller\u003e mem 0xfbff4000-0xfbff7fff irq 22 at device 27.0 on pci0\npcib2: \u003cACPI PCI-PCI bridge\u003e irq 16 at device 28.0 on pci0\npci2: \u003cACPI PCI bus\u003e on pcib2\npci2: \u003cnetwork\u003e at device 0.0 (no driver attached)\npcib3: \u003cACPI PCI-PCI bridge\u003e irq 16 at device 28.4 on pci0\npci3: \u003cACPI PCI bus\u003e on pcib3\nre0: \u003cRealTek 8168/8111 B/C/CP/D/DP/E/F/G PCIe Gigabit Ethernet\u003e port 0xde00-0xdeff mem 0xfbeff000-0xfbefffff,0xfbef8000-0xfbefbfff irq 16 at device 0.0 on pci3\nre0: Using 1 MSI-X message\nre0: Chip rev. 0x2c800000\nre0: MAC rev. 0x00100000\nmiibus0: \u003cMII bus\u003e on re0\nrgephy0: \u003cRTL8169S/8110S/8211 1000BASE-T media interface\u003e PHY 1 on miibus0\nrgephy0:  none, 10baseT, 10baseT-FDX, 10baseT-FDX-flow, 100baseTX, 100baseTX-FDX, 100baseTX-FDX-flow, 1000baseT, 1000baseT-master, 1000baseT-FDX, 1000baseT-FDX-master, 1000baseT-FDX-flow, 1000baseT-FDX-flow-master, auto, auto-flow\nre0: Using defaults for TSO: 65518/35/2048\nre0: Ethernet address: 50:e5:49:23:52:9d\nre0: netmap queues/slots: TX 1/256, RX 1/256\npcib4: \u003cACPI PCI-PCI bridge\u003e irq 17 at device 28.5 on pci0\npci4: \u003cACPI PCI bus\u003e on pcib4\npcib5: \u003cPCI-PCI bridge\u003e irq 17 at device 0.0 on pci4\npci5: \u003cPCI bus\u003e on pcib5\nehci1: \u003cIntel Cougar Point USB 2.0 controller\u003e mem 0xfbffd000-0xfbffd3ff irq 23 at device 29.0 on pci0\nusbus1: EHCI version 1.0\nusbus1 on ehci1\nusbus1: 480Mbps High Speed USB v2.0\npcib6: \u003cACPI PCI-PCI bridge\u003e at device 30.0 on pci0\npci6: \u003cACPI PCI bus\u003e on pcib6\nisab0: \u003cPCI-ISA bridge\u003e at device 31.0 on pci0\nisa0: \u003cISA bus\u003e on isab0\nahci0: \u003cIntel Cougar Point AHCI SATA controller\u003e port 0xff00-0xff07,0xfe00-0xfe03,0xfd00-0xfd07,0xfc00-0xfc03,0xfb00-0xfb1f mem 0xfbffc000-0xfbffc7ff irq 19 at device 31.2 on pci0\nahci0: AHCI v1.30 with 4 3Gbps ports, Port Multiplier supported\nahcich0: \u003cAHCI channel\u003e at channel 0 on ahci0\nahcich1: \u003cAHCI channel\u003e at channel 1 on ahci0\nahcich4: \u003cAHCI channel\u003e at channel 4 on ahci0\nahcich5: \u003cAHCI channel\u003e at channel 5 on ahci0\nahciem0: \u003cAHCI enclosure management bridge\u003e on ahci0\nuart0: \u003c16550 or compatible\u003e port 0x3f8-0x3ff irq 4 flags 0x10 on acpi0\nppc0: \u003cParallel port\u003e port 0x378-0x37f irq 7 on acpi0\nppc0: Generic chipset (NIBBLE-only) in COMPATIBLE mode\nppbus0: \u003cParallel port bus\u003e on ppc0\nlpt0: \u003cPrinter\u003e on ppbus0\nlpt0: Interrupt-driven port\nppi0: \u003cParallel I/O\u003e on ppbus0\nsc0: \u003cSystem console\u003e at flags 0x100 on isa0\nsc0: VGA \u003c16 virtual consoles, flags=0x300\u003e\nWARNING: Device \"consolectl\" is Giant locked and may be deleted before FreeBSD 14.0.\nsc0: non-PNP ISA device will be removed from GENERIC in FreeBSD 14.\nvga0: \u003cGeneric ISA VGA\u003e at port 0x3c0-0x3df iomem 0xa0000-0xbffff pnpid PNP0900 on isa0\natkbdc0: \u003cKeyboard controller (i8042)\u003e at port 0x60,0x64 on isa0\natkbd0: \u003cAT Keyboard\u003e irq 1 on atkbdc0\nkbd0 at atkbd0\natkbd0: [GIANT-LOCKED]\natkbdc0: non-PNP ISA device will be removed from GENERIC in FreeBSD 14.\nest0: \u003cEnhanced SpeedStep Frequency Control\u003e on cpu0\nTimecounter \"TSC-low\" frequency 1546486797 Hz quality 1000\nTimecounters tick every 1.000 msec\nZFS filesystem version: 5\nZFS storage pool version: features support (5000)\nhdacc0: \u003cNVIDIA GT440 HDA CODEC\u003e at cad 0 on hdac0\nhdaa0: \u003cNVIDIA GT440 Audio Function Group\u003e at nid 1 on hdacc0\npcm0: \u003cNVIDIA GT440 (HDMI/DP 8ch)\u003e at nid 5 on hdaa0\nhdacc1: \u003cNVIDIA GT440 HDA CODEC\u003e at cad 1 on hdac0\nhdaa1: \u003cNVIDIA GT440 Audio Function Group\u003e at nid 1 on hdacc1\npcm1: \u003cNVIDIA GT440 (HDMI/DP 8ch)\u003e at nid 5 on hdaa1\nhdacc2: \u003cNVIDIA GT440 HDA CODEC\u003e at cad 2 on hdac0\nhdaa2: \u003cNVIDIA GT440 Audio Function Group\u003e at nid 1 on hdacc2\npcm2: \u003cNVIDIA GT440 (HDMI/DP 8ch)\u003e at nid 5 on hdaa2\nhdacc3: \u003cNVIDIA GT440 HDA CODEC\u003e at cad 3 on hdac0\nhdaa3: \u003cNVIDIA GT440 Audio Function Group\u003e at nid 1 on hdacc3\npcm3: \u003cNVIDIA GT440 (HDMI/DP 8ch)\u003e at nid 5 on hdaa3\nhdacc4: \u003cRealtek ALC889 HDA CODEC\u003e at cad 2 on hdac1\nhdaa4: \u003cRealtek ALC889 Audio Function Group\u003e at nid 1 on hdacc4\npcm4: \u003cRealtek ALC889 (Rear Analog)\u003e at nid 20 and 24,26 on hdaa4\npcm5: \u003cRealtek ALC889 (Front Analog)\u003e at nid 27 and 25 on hdaa4\nTrying to mount root from zfs:zroot/ROOT/default []...\nugen0.1: \u003cIntel EHCI root HUB\u003e at usbus0\nugen1.1: \u003cIntel EHCI root HUB\u003e at usbus1\nuhub0 on usbus1\nuhub1 on usbus0\nuhub1: \u003cIntel EHCI root HUB, class 9/0, rev 2.00/1.00, addr 1\u003e on usbus0\nuhub0: \u003cIntel EHCI root HUB, class 9/0, rev 2.00/1.00, addr 1\u003e on usbus1\nses0 at ahciem0 bus 0 scbus4 target 0 lun 0\nses0: \u003cAHCI SGPIO Enclosure 2.00 0001\u003e SEMB S-E-S 2.00 device\nses0: SEMB SES Device\nada0 at ahcich0 bus 0 scbus0 target 0 lun 0\nada0: \u003cWDC WD10EADX-00TDHB0 77.04D77\u003e ATA8-ACS SATA 3.x device\nada0: Serial Number WD-WCAV5R627509\nada0: 300.000MB/s transfers (SATA 2.x, UDMA6, PIO 8192bytes)\nada0: Command Queueing enabled\nada0: 953869MB (1953525168 512 byte sectors)\nada1 at ahcich1 bus 0 scbus1 target 0 lun 0\nada1: \u003cST9320325AS 0003SDM1\u003e ATA8-ACS SATA 2.x device\nada1: Serial Number 6VD2E7V2\nada1: 300.000MB/s transfers (SATA 2.x, UDMA6, PIO 8192bytes)\nada1: Command Queueing enabled\nada1: 305245MB (625142448 512 byte sectors)\nses0: ada0 in 'Slot 00', SATA Slot: scbus0 target 0\nses0: ada1,pass1 in 'Slot 01', SATA Slot: scbus1 target 0\nuhub1: 2 ports with 2 removable, self powered\nuhub0: 2 ports with 2 removable, self powered\nugen0.2: \u003cvendor 0x8087 product 0x0024\u003e at usbus0\nuhub2 on uhub1\nuhub2: \u003cvendor 0x8087 product 0x0024, class 9/0, rev 2.00/0.00, addr 2\u003e on usbus0\nugen1.2: \u003cvendor 0x8087 product 0x0024\u003e at usbus1\nuhub3 on uhub0\nuhub3: \u003cvendor 0x8087 product 0x0024, class 9/0, rev 2.00/0.00, addr 2\u003e on usbus1\nRoot mount waiting for: usbus0 usbus1\nuhub2: 4 ports with 4 removable, self powered\nuhub3: 6 ports with 6 removable, self powered\nugen0.3: \u003cGASIA product 0x0022\u003e at usbus0\nukbd0 on uhub2\nukbd0: \u003cGASIA product 0x0022, class 0/0, rev 1.10/2.10, addr 3\u003e on usbus0\nkbd2 at ukbd0\nRoot mount waiting for: usbus0 usbus1\nugen1.3: \u003cvendor 0x8087 product 0x07dc\u003e at usbus1\nugen0.4: \u003cSIGMACHIP Usb Mouse\u003e at usbus0\nRoot mount waiting for: usbus0\nusb_msc_auto_quirk: UQ_MSC_NO_GETMAXLUN set for USB mass storage device TOSHIBA External USB 3.0 (0x0480:0xa202)\nugen0.5: \u003cTOSHIBA External USB 3.0\u003e at usbus0\numass0 on uhub2\numass0: \u003cTOSHIBA External USB 3.0, class 0/0, rev 2.10/3.15, addr 5\u003e on usbus0\numass0:  SCSI over Bulk-Only; quirks = 0x0100\numass0:5:0: Attached to scbus5\n(probe0:umass-sim0:0:0:0): REPORT LUNS. CDB: a0 00 00 00 00 00 00 00 00 10 00 00 \n(probe0:umass-sim0:0:0:0): CAM status: SCSI Status Error\n(probe0:umass-sim0:0:0:0): SCSI status: Check Condition\n(probe0:umass-sim0:0:0:0): SCSI sense: ILLEGAL REQUEST asc:20,0 (Invalid command operation code)\n(probe0:umass-sim0:0:0:0): Error 22, Unretryable error\nda0 at umass-sim0 bus 0 scbus5 target 0 lun 0\nda0: \u003cTOSHIBA External USB 3.0 5438\u003e Fixed Direct Access SPC-4 SCSI device\nda0: Serial Number 20151128002407C\nda0: 40.000MB/s transfers\nda0: 953869MB (1953525164 512 byte sectors)\nda0: quirks=0x2\u003cNO_6_BYTE\u003e\nWARNING: attempt to domain_add(netlink) after domainfinalize()\n[nl_generic] genl_register_family: Registered family nlctrl id 16\n[nl_generic] genl_register_cmds: Adding cmd GETFAMILY(3) to family nlctrl\nnvidia0: \u003cGeForce GT 430\u003e on vgapci0\nvgapci0: child nvidia0 requested pci_enable_io\nvgapci0: child nvidia0 requested pci_enable_io\nnvidia-modeset: Loading NVIDIA Kernel Mode Setting Driver for UNIX platforms  390.154  Wed Jun 22 04:42:19 UTC 2022\nIntel(R) Wireless WiFi based driver for FreeBSD\nichsmb0: \u003cIntel Cougar Point SMBus controller\u003e port 0x500-0x51f mem 0xfbffb000-0xfbffb0ff irq 18 at device 31.3 on pci0\nsmbus0: \u003cSystem Management Bus\u003e on ichsmb0\niwm0: \u003cIntel(R) Dual Band Wireless AC 3160\u003e mem 0xfbdfe000-0xfbdfffff irq 16 at device 0.0 on pci2\niwm0: hw rev 0x160, fw ver 17.352738.0, address a0:d3:7a:12:a3:54\nwlan0: Ethernet address: a0:d3:7a:12:a3:54\nlo0: link state changed to UP\nre0: link state changed to DOWN\nuhid0 on uhub2\nuhid0: \u003cGASIA\u003e on usbus0\nums0 on uhub2\nums0: \u003cSIGMACHIP Usb Mouse, class 0/0, rev 1.10/1.10, addr 4\u003e on usbus0\nums0: 3 buttons and [XYZ] coordinates ID=0\nng_ubt: HCI command 0x0c03 timed out\nng_ubt: HCI command 0x0c03 timed out\nwlan0: link state changed to UP\nSecurity policy loaded: MAC/ntpd (mac_ntpd)\nwlan0: link state changed to DOWN\nwlan0: Ethernet address: a0:d3:7a:12:a3:54\nwlan0: link state changed to UP\nmodule_register: cannot register vesa from vesa.ko; already loaded from kernel\nModule vesa failed to register: 17\n\n\nFatal trap 12: page fault while in kernel mode\ncpuid = 0; apic id = 00\nfault virtual address\t= 0x0\nfault code\t\t= supervisor read data, page not present\ninstruction pointer\t= 0x20:0xffffffff831ccc12\nstack pointer\t        = 0x28:0xfffffe0062698bb0\nframe pointer\t        = 0x28:0xfffffe00b3930db0\ncode segment\t\t= base 0x0, limit 0xfffff, type 0x1b\n\t\t\t= DPL 0, pres 1, long 1, def32 0, gran 1\nprocessor eflags\t= interrupt enabled, resume, IOPL = 0\ncurrent process\t\t= 12 (swi4: clock (0))\ntrap number\t\t= 12\npanic: page fault\ncpuid = 0\ntime = 1697712252\nKDB: stack backtrace:\n#0 0xffffffff80c53f45 at kdb_backtrace+0x65\n#1 0xffffffff80c068c1 at vpanic+0x151\n#2 0xffffffff80c06763 at panic+0x43\n#3 0xffffffff810b1fa7 at trap_fatal+0x387\n#4 0xffffffff810b1fff at trap_pfault+0x4f\n#5 0xffffffff81088fe8 at calltrap+0x8\nUptime: 11m4s\nDumping 452 out of 4038 MB:..4%..11%..22%..32%..43%..54%..61%..71%..82%..93%---\u003c\u003cBOOT\u003e\u003e---\nCopyright (c) 1992-2021 The FreeBSD Project.\nCopyright (c) 1979, 1980, 1983, 1986, 1988, 1989, 1991, 1992, 1993, 1994\n\tThe Regents of the University of California. All rights reserved.\nFreeBSD is a registered trademark of The FreeBSD Foundation.\nFreeBSD 13.2-RELEASE-p4 GENERIC amd64\nFreeBSD clang version 14.0.5 (https://github.com/llvm/llvm-project.git llvmorg-14.0.5-0-gc12386ae247c)\nCPU: Intel(R) Core(TM) i3-2100 CPU @ 3.10GHz (3093.06-MHz K8-class CPU)\n  Origin=\"GenuineIntel\"  Id=0x206a7  Family=0x6  Model=0x2a  Stepping=7\n  Features=0xbfebfbff\u003cFPU,VME,DE,PSE,TSC,MSR,PAE,MCE,CX8,APIC,SEP,MTRR,PGE,MCA,CMOV,PAT,PSE36,CLFLUSH,DTS,ACPI,MMX,FXSR,SSE,SSE2,SS,HTT,TM,PBE\u003e\n  Features2=0x1d9ae3bf\u003cSSE3,PCLMULQDQ,DTES64,MON,DS_CPL,VMX,EST,TM2,SSSE3,CX16,xTPR,PDCM,PCID,SSE4.1,SSE4.2,POPCNT,TSCDLT,XSAVE,OSXSAVE,AVX\u003e\n  AMD Features=0x28100800\u003cSYSCALL,NX,RDTSCP,LM\u003e\n  AMD Features2=0x1\u003cLAHF\u003e\n  XSAVE Features=0x1\u003cXSAVEOPT\u003e\n  VT-x: PAT,HLT,MTF,PAUSE,EPT,UG,VPID\n  TSC: P-state invariant, performance statistics\nreal memory  = 4294967296 (4096 MB)\navail memory = 4093161472 (3903 MB)\nEvent timer \"LAPIC\" quality 600\nACPI APIC Table: \u003cGBT    GBTUACPI\u003e\nFreeBSD/SMP: Multiprocessor System Detected: 4 CPUs\nFreeBSD/SMP: 1 package(s) x 2 core(s) x 2 hardware threads\nrandom: unblocking device.\nioapic0: MADT APIC ID 2 != hw id 0\nioapic0 \u003cVersion 2.0\u003e irqs 0-23\nLaunching APs: 1 3 2\nrandom: entropy device external interface\nkbd1 at kbdmux0\nsmbios0: \u003cSystem Management BIOS\u003e at iomem 0xf0ce0-0xf0cfe\nsmbios0: Version: 2.4, BCD Revision: 2.4\naesni0: No AES or SHA support.\nacpi0: \u003cGBT GBTUACPI\u003e\nacpi0: Power Button (fixed)\ncpu0: \u003cACPI CPU\u003e on acpi0\nattimer0: \u003cAT timer\u003e port 0x40-0x43 on acpi0\nTimecounter \"i8254\" frequency 1193182 Hz quality 0\nEvent timer \"i8254\" frequency 1193182 Hz quality 100\nhpet0: \u003cHigh Precision Event Timer\u003e iomem 0xfed00000-0xfed003ff irq 0,8 on acpi0\nTimecounter \"HPET\" frequency 14318180 Hz quality 950\nEvent timer \"HPET\" frequency 14318180 Hz quality 550\nEvent timer \"HPET1\" frequency 14318180 Hz quality 440\nEvent timer \"HPET2\" frequency 14318180 Hz quality 440\nEvent timer \"HPET3\" frequency 14318180 Hz quality 440\nEvent timer \"HPET4\" frequency 14318180 Hz quality 440\natrtc0: \u003cAT realtime clock\u003e port 0x70-0x73 on acpi0\natrtc0: registered as a time-of-day clock, resolution 1.000000s\nEvent timer \"RTC\" frequency 32768 Hz quality 0\nTimecounter \"ACPI-fast\" frequency 3579545 Hz quality 900\nacpi_timer0: \u003c24-bit timer at 3.579545MHz\u003e port 0x408-0x40b on acpi0\nacpi_button0: \u003cPower Button\u003e on acpi0\npcib0: \u003cACPI Host-PCI bridge\u003e port 0xcf8-0xcff on acpi0\npci0: \u003cACPI PCI bus\u003e on pcib0\npcib1: \u003cACPI PCI-PCI bridge\u003e irq 16 at device 1.0 on pci0\npci1: \u003cACPI PCI bus\u003e on pcib1\nvgapci0: \u003cVGA-compatible display\u003e port 0xef00-0xef7f mem 0xf9000000-0xf9ffffff,0xe0000000-0xe7ffffff,0xee000000-0xefffffff irq 16 at device 0.0 on pci1\nvgapci0: Boot video device\nhdac0: \u003cNVIDIA GT108 HDA Controller\u003e mem 0xfaffc000-0xfaffffff irq 17 at device 0.1 on pci1\npci0: \u003csimple comms\u003e at device 22.0 (no driver attached)\nehci0: \u003cIntel Cougar Point USB 2.0 controller\u003e mem 0xfbffe000-0xfbffe3ff irq 18 at device 26.0 on pci0\nusbus0: EHCI version 1.0\nusbus0 on ehci0\nusbus0: 480Mbps High Speed USB v2.0\nhdac1: \u003cIntel Cougar Point HDA Controller\u003e mem 0xfbff4000-0xfbff7fff irq 22 at device 27.0 on pci0\npcib2: \u003cACPI PCI-PCI bridge\u003e irq 16 at device 28.0 on pci0\npci2: \u003cACPI PCI bus\u003e on pcib2\npci2: \u003cnetwork\u003e at device 0.0 (no driver attached)\npcib3: \u003cACPI PCI-PCI bridge\u003e irq 16 at device 28.4 on pci0\npci3: \u003cACPI PCI bus\u003e on pcib3\nre0: \u003cRealTek 8168/8111 B/C/CP/D/DP/E/F/G PCIe Gigabit Ethernet\u003e port 0xde00-0xdeff mem 0xfbeff000-0xfbefffff,0xfbef8000-0xfbefbfff irq 16 at device 0.0 on pci3\nre0: Using 1 MSI-X message\nre0: Chip rev. 0x2c800000\nre0: MAC rev. 0x00100000\nmiibus0: \u003cMII bus\u003e on re0\nrgephy0: \u003cRTL8169S/8110S/8211 1000BASE-T media interface\u003e PHY 1 on miibus0\nrgephy0:  none, 10baseT, 10baseT-FDX, 10baseT-FDX-flow, 100baseTX, 100baseTX-FDX, 100baseTX-FDX-flow, 1000baseT, 1000baseT-master, 1000baseT-FDX, 1000baseT-FDX-master, 1000baseT-FDX-flow, 1000baseT-FDX-flow-master, auto, auto-flow\nre0: Using defaults for TSO: 65518/35/2048\nre0: Ethernet address: 50:e5:49:23:52:9d\nre0: netmap queues/slots: TX 1/256, RX 1/256\npcib4: \u003cACPI PCI-PCI bridge\u003e irq 17 at device 28.5 on pci0\npci4: \u003cACPI PCI bus\u003e on pcib4\npcib5: \u003cPCI-PCI bridge\u003e irq 17 at device 0.0 on pci4\npci5: \u003cPCI bus\u003e on pcib5\nehci1: \u003cIntel Cougar Point USB 2.0 controller\u003e mem 0xfbffd000-0xfbffd3ff irq 23 at device 29.0 on pci0\nusbus1: EHCI version 1.0\nusbus1 on ehci1\nusbus1: 480Mbps High Speed USB v2.0\npcib6: \u003cACPI PCI-PCI bridge\u003e at device 30.0 on pci0\npci6: \u003cACPI PCI bus\u003e on pcib6\nisab0: \u003cPCI-ISA bridge\u003e at device 31.0 on pci0\nisa0: \u003cISA bus\u003e on isab0\nahci0: \u003cIntel Cougar Point AHCI SATA controller\u003e port 0xff00-0xff07,0xfe00-0xfe03,0xfd00-0xfd07,0xfc00-0xfc03,0xfb00-0xfb1f mem 0xfbffc000-0xfbffc7ff irq 19 at device 31.2 on pci0\nahci0: AHCI v1.30 with 4 3Gbps ports, Port Multiplier supported\nahcich0: \u003cAHCI channel\u003e at channel 0 on ahci0\nahcich1: \u003cAHCI channel\u003e at channel 1 on ahci0\nahcich4: \u003cAHCI channel\u003e at channel 4 on ahci0\nahcich5: \u003cAHCI channel\u003e at channel 5 on ahci0\nahciem0: \u003cAHCI enclosure management bridge\u003e on ahci0\nuart0: \u003c16550 or compatible\u003e port 0x3f8-0x3ff irq 4 flags 0x10 on acpi0\nppc0: \u003cParallel port\u003e port 0x378-0x37f irq 7 on acpi0\nppc0: Generic chipset (NIBBLE-only) in COMPATIBLE mode\nppbus0: \u003cParallel port bus\u003e on ppc0\nlpt0: \u003cPrinter\u003e on ppbus0\nlpt0: Interrupt-driven port\nppi0: \u003cParallel I/O\u003e on ppbus0\nsc0: \u003cSystem console\u003e at flags 0x100 on isa0\nsc0: VGA \u003c16 virtual consoles, flags=0x300\u003e\nWARNING: Device \"consolectl\" is Giant locked and may be deleted before FreeBSD 14.0.\nsc0: non-PNP ISA device will be removed from GENERIC in FreeBSD 14.\nvga0: \u003cGeneric ISA VGA\u003e at port 0x3c0-0x3df iomem 0xa0000-0xbffff pnpid PNP0900 on isa0\natkbdc0: \u003cKeyboard controller (i8042)\u003e at port 0x60,0x64 on isa0\natkbd0: \u003cAT Keyboard\u003e irq 1 on atkbdc0\nkbd0 at atkbd0\natkbd0: [GIANT-LOCKED]\natkbdc0: non-PNP ISA device will be removed from GENERIC in FreeBSD 14.\nest0: \u003cEnhanced SpeedStep Frequency Control\u003e on cpu0\nTimecounter \"TSC-low\" frequency 1546486689 Hz quality 1000\nTimecounters tick every 1.000 msec\nZFS filesystem version: 5\nZFS storage pool version: features support (5000)\nhdacc0: \u003cNVIDIA GT440 HDA CODEC\u003e at cad 0 on hdac0\nhdaa0: \u003cNVIDIA GT440 Audio Function Group\u003e at nid 1 on hdacc0\npcm0: \u003cNVIDIA GT440 (HDMI/DP 8ch)\u003e at nid 5 on hdaa0\nhdacc1: \u003cNVIDIA GT440 HDA CODEC\u003e at cad 1 on hdac0\nhdaa1: \u003cNVIDIA GT440 Audio Function Group\u003e at nid 1 on hdacc1\npcm1: \u003cNVIDIA GT440 (HDMI/DP 8ch)\u003e at nid 5 on hdaa1\nhdacc2: \u003cNVIDIA GT440 HDA CODEC\u003e at cad 2 on hdac0\nhdaa2: \u003cNVIDIA GT440 Audio Function Group\u003e at nid 1 on hdacc2\npcm2: \u003cNVIDIA GT440 (HDMI/DP 8ch)\u003e at nid 5 on hdaa2\nhdacc3: \u003cNVIDIA GT440 HDA CODEC\u003e at cad 3 on hdac0\nhdaa3: \u003cNVIDIA GT440 Audio Function Group\u003e at nid 1 on hdacc3\npcm3: \u003cNVIDIA GT440 (HDMI/DP 8ch)\u003e at nid 5 on hdaa3\nhdacc4: \u003cRealtek ALC889 HDA CODEC\u003e at cad 2 on hdac1\nhdaa4: \u003cRealtek ALC889 Audio Function Group\u003e at nid 1 on hdacc4\npcm4: \u003cRealtek ALC889 (Rear Analog)\u003e at nid 20 and 24,26 on hdaa4\npcm5: \u003cRealtek ALC889 (Front Analog)\u003e at nid 27 and 25 on hdaa4\nTrying to mount root from zfs:zroot/ROOT/default []...\nugen0.1: \u003cIntel EHCI root HUB\u003e at usbus0\nugen1.1: \u003cIntel EHCI root HUB\u003e at usbus1\nuhub0 on usbus0\nuhub0: \u003cIntel EHCI root HUB, class 9/0, rev 2.00/1.00, addr 1\u003e on usbus0\nuhub1 on usbus1\nuhub1: \u003cIntel EHCI root HUB, class 9/0, rev 2.00/1.00, addr 1\u003e on usbus1\nses0 at ahciem0 bus 0 scbus4 target 0 lun 0\nses0: \u003cAHCI SGPIO Enclosure 2.00 0001\u003e SEMB S-E-S 2.00 device\nses0: SEMB SES Device\nada0 at ahcich0 bus 0 scbus0 target 0 lun 0\nada0: \u003cWDC WD10EADX-00TDHB0 77.04D77\u003e ATA8-ACS SATA 3.x device\nada0: Serial Number WD-WCAV5R627509\nada0: 300.000MB/s transfers (SATA 2.x, UDMA6, PIO 8192bytes)\nada0: Command Queueing enabled\nada0: 953869MB (1953525168 512 byte sectors)\nses0: ada0 in 'Slot 00', SATA Slot: scbus0 target 0\nada1 at ahcich1 bus 0 scbus1 target 0 lun 0\nada1: \u003cST9320325AS 0003SDM1\u003e ATA8-ACS SATA 2.x device\nada1: Serial Number 6VD2E7V2\nada1: 300.000MB/s transfers (SATA 2.x, UDMA6, PIO 8192bytes)\nada1: Command Queueing enabled\nada1: 305245MB (625142448 512 byte sectors)\nses0: ada1 in 'Slot 01', SATA Slot: scbus1 target 0\nuhub1: 2 ports with 2 removable, self powered\nuhub0: 2 ports with 2 removable, self powered\nugen0.2: \u003cvendor 0x8087 product 0x0024\u003e at usbus0\nuhub2 on uhub0\nuhub2: \u003cvendor 0x8087 product 0x0024, class 9/0, rev 2.00/0.00, addr 2\u003e on usbus0\nugen1.2: \u003cvendor 0x8087 product 0x0024\u003e at usbus1\nuhub3 on uhub1\nuhub3: \u003cvendor 0x8087 product 0x0024, class 9/0, rev 2.00/0.00, addr 2\u003e on usbus1\nRoot mount waiting for: usbus0 usbus1\nuhub2: 4 ports with 4 removable, self powered\nuhub3: 6 ports with 6 removable, self powered\nugen0.3: \u003cGASIA product 0x0022\u003e at usbus0\nukbd0 on uhub2\nukbd0: \u003cGASIA product 0x0022, class 0/0, rev 1.10/2.10, addr 3\u003e on usbus0\nkbd2 at ukbd0\nRoot mount waiting for: usbus0 usbus1\nugen1.3: \u003cvendor 0x8087 product 0x07dc\u003e at usbus1\nugen0.4: \u003cSIGMACHIP Usb Mouse\u003e at usbus0\nRoot mount waiting for: usbus0\nusb_msc_auto_quirk: UQ_MSC_NO_GETMAXLUN set for USB mass storage device TOSHIBA External USB 3.0 (0x0480:0xa202)\nugen0.5: \u003cTOSHIBA External USB 3.0\u003e at usbus0\numass0 on uhub2\numass0: \u003cTOSHIBA External USB 3.0, class 0/0, rev 2.10/3.15, addr 5\u003e on usbus0\numass0:  SCSI over Bulk-Only; quirks = 0x0100\numass0:5:0: Attached to scbus5\n(probe0:umass-sim0:0:0:0): REPORT LUNS. CDB: a0 00 00 00 00 00 00 00 00 10 00 00 \n(probe0:umass-sim0:0:0:0): CAM status: SCSI Status Error\n(probe0:umass-sim0:0:0:0): SCSI status: Check Condition\n(probe0:umass-sim0:0:0:0): SCSI sense: ILLEGAL REQUEST asc:20,0 (Invalid command operation code)\n(probe0:umass-sim0:0:0:0): Error 22, Unretryable error\nda0 at umass-sim0 bus 0 scbus5 target 0 lun 0\nda0: \u003cTOSHIBA External USB 3.0 5438\u003e Fixed Direct Access SPC-4 SCSI device\nda0: Serial Number 20151128002407C\nda0: 40.000MB/s transfers\nda0: 953869MB (1953525164 512 byte sectors)\nda0: quirks=0x2\u003cNO_6_BYTE\u003e\nWARNING: attempt to domain_add(netlink) after domainfinalize()\n[nl_generic] genl_register_family: Registered family nlctrl id 16\n[nl_generic] genl_register_cmds: Adding cmd GETFAMILY(3) to family nlctrl\nnvidia0: \u003cGeForce GT 430\u003e on vgapci0\nvgapci0: child nvidia0 requested pci_enable_io\nvgapci0: child nvidia0 requested pci_enable_io\nnvidia-modeset: Loading NVIDIA Kernel Mode Setting Driver for UNIX platforms  390.154  Wed Jun 22 04:42:19 UTC 2022\nIntel(R) Wireless WiFi based driver for FreeBSD\nichsmb0: \u003cIntel Cougar Point SMBus controller\u003e port 0x500-0x51f mem 0xfbffb000-0xfbffb0ff irq 18 at device 31.3 on pci0\nsmbus0: \u003cSystem Management Bus\u003e on ichsmb0\niwm0: \u003cIntel(R) Dual Band Wireless AC 3160\u003e mem 0xfbdfe000-0xfbdfffff irq 16 at device 0.0 on pci2\niwm0: hw rev 0x160, fw ver 17.352738.0, address a0:d3:7a:12:a3:54\nwlan0: Ethernet address: a0:d3:7a:12:a3:54\nlo0: link state changed to UP\nre0: link state changed to DOWN\nwlan0: link state changed to UP\nuhid0 on uhub2\nuhid0: \u003cGASIA\u003e on usbus0\nugen1.3: \u003cvendor 0x8087 product 0x07dc\u003e at usbus1 (disconnected)\nugen1.3: \u003cvendor 0x8087 product 0x07dc\u003e at usbus1\nums0 on uhub2\nums0: \u003cSIGMACHIP Usb Mouse, class 0/0, rev 1.10/1.10, addr 4\u003e on usbus0\nums0: 3 buttons and [XYZ] coordinates ID=0\nugen1.3: \u003cvendor 0x8087 product 0x07dc\u003e at usbus1 (disconnected)\nugen1.3: \u003cvendor 0x8087 product 0x07dc\u003e at usbus1"
}