{
 "id": 691760,
 "bug_id": 173499,
 "attachment_id": 0,
 "creation_time": "2012-11-09T13:00:00Z",
 "creator": "teg@dp.pivdenny.ua",
 "text": "System setting was led from a flash card from an image \"FreeBSD-9.1-RC3-i386-memstick.img\". \n\nAfter loading from this flash card and an input in Shell the typical\nscript of deployment of system on ZFS is fulfilled. Regular initial\nsetting is led.\n\n-----------------\nThe equipment: \nThe processor \"Intel Core i3-3220\"\nThe motherboard \"ASUS P8H61-M-LX-R2\", video onboard.\nhttp://www.asus.com/Motherboards/Intel_Socket_1155/P8H61M_LX_R20/#overview\nHDD SATA 500G.\n-----------------\nAttempt to replace video a mode leads to system reboot:\n%su\n#vidcontrol MODE_283 \n-----------------\nAfter system preferences on amd64 the error disappeared.\nI result reports dmesg and vidcontrol after system\n\"FreeBSD-9.1-RC3-amd64-memstick.img\" reinstallation\n--------------------------------------------\n% dmesg\nCopyright (c) 1992-2012 The FreeBSD Project.\nCopyright (c) 1979, 1980, 1983, 1986, 1988, 1989, 1991, 1992, 1993, 1994\n        The Regents of the University of California. All rights reserved.\nFreeBSD is a registered trademark of The FreeBSD Foundation.\nFreeBSD 9.1-RC3 #0 r242324: Tue Oct 30 00:58:57 UTC 2012\n    root@farrell.cse.buffalo.edu:/usr/obj/usr/src/sys/GENERIC amd64\nCPU: Intel(R) Core(TM) i3-3220 CPU @ 3.30GHz (3292.59-MHz K8-class CPU)\n  Origin = \"GenuineIntel\"  Id = 0x306a9  Family = 6  Model = 3a  Stepping = 9\n  Features=0xbfebfbff\u003cFPU,VME,DE,PSE,TSC,MSR,PAE,MCE,CX8,APIC,SEP,MTRR,PGE,MCA,CMOV,PAT,PSE36,CLFLUSH,DTS,ACPI,MMX,FXSR,SSE,SSE2,SS,HTT,TM,PBE\u003e\n  Features2=0x3d9ae3bf\u003cSSE3,PCLMULQDQ,DTES64,MON,DS_CPL,VMX,EST,TM2,SSSE3,CX16,xTPR,PDCM,PCID,SSE4.1,SSE4.2,POPCNT,TSCDLT,XSAVE,OSXSAVE,AVX,F16C\u003e\n  AMD Features=0x28100800\u003cSYSCALL,NX,RDTSCP,LM\u003e\n  AMD Features2=0x1\u003cLAHF\u003e\n  TSC: P-state invariant, performance statistics\nreal memory  = 4294967296 (4096 MB)\navail memory = 3781246976 (3606 MB)\nEvent timer \"LAPIC\" quality 600\nACPI APIC Table: \u003cALASKA A M I\u003e\nFreeBSD/SMP: Multiprocessor System Detected: 4 CPUs\nFreeBSD/SMP: 1 package(s) x 2 core(s) x 2 SMT threads\n cpu0 (BSP): APIC ID:  0\n cpu1 (AP): APIC ID:  1\n cpu2 (AP): APIC ID:  2\n cpu3 (AP): APIC ID:  3\nACPI Warning: FADT (revision 5) is longer than ACPI 2.0 version, truncating length 268 to 244 (20110527/tbfadt-320)\nioapic0 \u003cVersion 2.0\u003e irqs 0-23 on motherboard\nkbd1 at kbdmux0\nacpi0: \u003cALASKA A M I\u003e on motherboard\nACPI Error: [RAMB] Namespace lookup failure, AE_NOT_FOUND (20110527/psargs-392)\nACPI Exception: AE_NOT_FOUND, Could not execute arguments for [RAMW] (Region) (20110527/nsinit-380)\nacpi0: Power Button (fixed)\nacpi0: reservation of 67, 1 (4) failed\ncpu0: \u003cACPI CPU\u003e on acpi0\ncpu1: \u003cACPI CPU\u003e on acpi0\ncpu2: \u003cACPI CPU\u003e on acpi0\ncpu3: \u003cACPI CPU\u003e on acpi0\nhpet0: \u003cHigh Precision Event Timer\u003e iomem 0xfed00000-0xfed003ff on acpi0\nTimecounter \"HPET\" frequency 14318180 Hz quality 950\nEvent timer \"HPET\" frequency 14318180 Hz quality 550\nEvent timer \"HPET1\" frequency 14318180 Hz quality 440\nEvent timer \"HPET2\" frequency 14318180 Hz quality 440\nEvent timer \"HPET3\" frequency 14318180 Hz quality 440\nEvent timer \"HPET4\" frequency 14318180 Hz quality 440\natrtc0: \u003cAT realtime clock\u003e port 0x70-0x77 irq 8 on acpi0\natrtc0: Warning: Couldn't map I/O.\nEvent timer \"RTC\" frequency 32768 Hz quality 0\nattimer0: \u003cAT timer\u003e port 0x40-0x43,0x50-0x53 irq 0 on acpi0\nTimecounter \"i8254\" frequency 1193182 Hz quality 0\nEvent timer \"i8254\" frequency 1193182 Hz quality 100\nTimecounter \"ACPI-fast\" frequency 3579545 Hz quality 900\nacpi_timer0: \u003c24-bit timer at 3.579545MHz\u003e port 0x408-0x40b on acpi0\npcib0: \u003cACPI Host-PCI bridge\u003e port 0xcf8-0xcff on acpi0\npci0: \u003cACPI PCI bus\u003e on pcib0\npcib1: \u003cACPI PCI-PCI bridge\u003e irq 16 at device 1.0 on pci0\npci1: \u003cACPI PCI bus\u003e on pcib1\nvgapci0: \u003cVGA-compatible display\u003e port 0xf000-0xf03f mem 0xf7800000-0xf7bfffff,0xe0000000-0xefffffff irq 16 at device 2.0 on pci0\nagp0: \u003cIvyBridge desktop GT1 IG\u003e on vgapci0\nagp0: aperture size is 256M, detected 262140k stolen memory\npci0: \u003csimple comms\u003e at device 22.0 (no driver attached)\nehci0: \u003cEHCI (generic) USB 2.0 controller\u003e mem 0xf7c08000-0xf7c083ff irq 23 at device 26.0 on pci0\nusbus0: EHCI version 1.0\nusbus0 on ehci0\nhdac0: \u003cIntel Cougar Point HDA Controller\u003e mem 0xf7c00000-0xf7c03fff irq 22 at device 27.0 on pci0\npcib2: \u003cACPI PCI-PCI bridge\u003e irq 16 at device 28.0 on pci0\npci2: \u003cACPI PCI bus\u003e on pcib2\npcib3: \u003cACPI PCI-PCI bridge\u003e irq 18 at device 28.2 on pci0\npci3: \u003cACPI PCI bus\u003e on pcib3\nre0: \u003cRealTek 8168/8111 B/C/CP/D/DP/E/F PCIe Gigabit Ethernet\u003e port 0xe000-0xe0ff mem 0xf0004000-0xf0004fff,0xf0000000-0xf0003fff irq 18 at device 0.0 on pci3\nre0: Using 1 MSI-X message\nre0: Chip rev. 0x2c800000\nre0: MAC rev. 0x00000000\nmiibus0: \u003cMII bus\u003e on re0\nrgephy0: \u003cRTL8169S/8110S/8211 1000BASE-T media interface\u003e PHY 1 on miibus0\nrgephy0:  none, 10baseT, 10baseT-FDX, 10baseT-FDX-flow, 100baseTX, 100baseTX-FDX, 100baseTX-FDX-flow, 1000baseT, 1000baseT-master, 1000baseT-FDX, 1000baseT-FDX-master, 1000baseT-FDX-flow, 1000baseT-FDX-flow-master, auto, auto-flow\nre0: Ethernet address: 10:bf:48:80:10:e7\nehci1: \u003cEHCI (generic) USB 2.0 controller\u003e mem 0xf7c07000-0xf7c073ff irq 23 at device 29.0 on pci0\nusbus1: EHCI version 1.0\nusbus1 on ehci1\nisab0: \u003cPCI-ISA bridge\u003e at device 31.0 on pci0\nisa0: \u003cISA bus\u003e on isab0\nahci0: \u003cIntel Cougar Point AHCI SATA controller\u003e port 0xf0b0-0xf0b7,0xf0a0-0xf0a3,0xf090-0xf097,0xf080-0xf083,0xf060-0xf07f mem 0xf7c06000-0xf7c067ff irq 19 at device 31.2 on pci0\nahci0: AHCI v1.30 with 4 3Gbps ports, Port Multiplier not supported\nahcich0: \u003cAHCI channel\u003e at channel 0 on ahci0\npci0: \u003cserial bus, SMBus\u003e at device 31.3 (no driver attached)\nacpi_button0: \u003cPower Button\u003e on acpi0\nacpi_tz0: \u003cThermal Zone\u003e on acpi0\nacpi_tz1: \u003cThermal Zone\u003e on acpi0\nppc1: \u003cParallel port\u003e port 0x378-0x37f irq 5 on acpi0\nppc1: Generic chipset (NIBBLE-only) in COMPATIBLE mode\nppbus0: \u003cParallel port bus\u003e on ppc1\nplip0: \u003cPLIP network interface\u003e on ppbus0\nlpt0: \u003cPrinter\u003e on ppbus0\nlpt0: Interrupt-driven port\nppi0: \u003cParallel I/O\u003e on ppbus0\natkbdc0: \u003cKeyboard controller (i8042)\u003e port 0x60,0x64 irq 1 on acpi0\natkbd0: \u003cAT Keyboard\u003e irq 1 on atkbdc0\nkbd0 at atkbd0\natkbd0: [GIANT-LOCKED]\npsm0: \u003cPS/2 Mouse\u003e irq 12 on atkbdc0\npsm0: [GIANT-LOCKED]\npsm0: model IntelliMouse, device ID 3\nuart0: \u003c16550 or compatible\u003e port 0x3f8-0x3ff irq 4 flags 0x10 on acpi0\norm0: \u003cISA Option ROM\u003e at iomem 0xc0000-0xce7ff on isa0\nsc0: \u003cSystem console\u003e at flags 0x100 on isa0\nsc0: VGA \u003c16 virtual consoles, flags=0x300\u003e\nvga0: \u003cGeneric ISA VGA\u003e at port 0x3c0-0x3df iomem 0xa0000-0xbffff on isa0\nppc0: cannot reserve I/O port range\nctl: CAM Target Layer loaded\nest0: \u003cEnhanced SpeedStep Frequency Control\u003e on cpu0\np4tcc0: \u003cCPU Frequency Thermal Control\u003e on cpu0\nest1: \u003cEnhanced SpeedStep Frequency Control\u003e on cpu1\np4tcc1: \u003cCPU Frequency Thermal Control\u003e on cpu1\nest2: \u003cEnhanced SpeedStep Frequency Control\u003e on cpu2\np4tcc2: \u003cCPU Frequency Thermal Control\u003e on cpu2\nest3: \u003cEnhanced SpeedStep Frequency Control\u003e on cpu3\np4tcc3: \u003cCPU Frequency Thermal Control\u003e on cpu3\nZFS filesystem version 5\nZFS storage pool version 28\nTimecounters tick every 1.000 msec\nhdacc0: \u003cRealtek ALC887 HDA CODEC\u003e at cad 0 on hdac0\nhdaa0: \u003cRealtek ALC887 Audio Function Group\u003e at nid 1 on hdacc0\npcm0: \u003cRealtek ALC887 (Rear Analog)\u003e at nid 20 and 24,26 on hdaa0\npcm1: \u003cRealtek ALC887 (Front Analog)\u003e at nid 27 and 25 on hdaa0\npcm2: \u003cRealtek ALC887 (Onboard Digital)\u003e at nid 17 on hdaa0\nusbus0: 480Mbps High Speed USB v2.0\nusbus1: 480Mbps High Speed USB v2.0\nugen0.1: \u003cIntel\u003e at usbus0\nuhub0: \u003cIntel EHCI root HUB, class 9/0, rev 2.00/1.00, addr 1\u003e on usbus0\nugen1.1: \u003cIntel\u003e at usbus1\nuhub1: \u003cIntel EHCI root HUB, class 9/0, rev 2.00/1.00, addr 1\u003e on usbus1\nuhub0: 2 ports with 2 removable, self powered\nuhub1: 2 ports with 2 removable, self powered\nugen0.2: \u003cvendor 0x8087\u003e at usbus0\nuhub2: \u003cvendor 0x8087 product 0x0024, class 9/0, rev 2.00/0.00, addr 2\u003e on usbus0\nugen1.2: \u003cvendor 0x8087\u003e at usbus1\nuhub3: \u003cvendor 0x8087 product 0x0024, class 9/0, rev 2.00/0.00, addr 2\u003e on usbus1\nuhub2: 4 ports with 4 removable, self powered\nuhub3: 6 ports with 6 removable, self powered\nada0 at ahcich0 bus 0 scbus0 target 0 lun 0\nada0: \u003cWDC WD5000AAKX-00U6AA0 15.01H15\u003e ATA-8 SATA 3.x device\nada0: 300.000MB/s transfers (SATA 2.x, UDMA6, PIO 8192bytes)\nada0: Command Queueing enabled\nada0: 476940MB (976773168 512 byte sectors: 16H 63S/T 16383C)\nada0: Previously was known as ad4\nSMP: AP CPU #1 Launched!\nSMP: AP CPU #2 Launched!\nSMP: AP CPU #3 Launched!\nTimecounter \"TSC-low\" frequency 12861677 Hz quality 1000\nTrying to mount root from zfs:tank []...\nipfw2 (+ipv6) initialized, divert loadable, nat loadable, rule-based forwarding disabled, default to deny, logging disabled\nre0: link state changed to UP\n-------------\n% vidcontrol - i mode\n    mode#     flags   type    size       font      window      linear buffer\n------------------------------------------------------------------------------\n  0 (0x000) 0x00000001 T 40x25           8x8   0xb8000 32k 32k 0x00000000 32k\n  1 (0x001) 0x00000001 T 40x25           8x8   0xb8000 32k 32k 0x00000000 32k\n  2 (0x002) 0x00000001 T 80x25           8x8   0xb8000 32k 32k 0x00000000 32k\n  3 (0x003) 0x00000001 T 80x25           8x8   0xb8000 32k 32k 0x00000000 32k\n  4 (0x004) 0x00000003 G 320x200x2 C     8x8   0xb8000 32k 32k 0x00000000 32k\n  5 (0x005) 0x00000003 G 320x200x2 C     8x8   0xb8000 32k 32k 0x00000000 32k\n  6 (0x006) 0x00000003 G 640x200x1 C     8x8   0xb8000 32k 32k 0x00000000 32k\n 13 (0x00d) 0x00000003 G 320x200x4 4     8x8   0xa0000 64k 64k 0x00000000 256k\n 14 (0x00e) 0x00000003 G 640x200x4 4     8x8   0xa0000 64k 64k 0x00000000 256k\n 16 (0x010) 0x00000003 G 640x350x2 2     8x14  0xa0000 64k 64k 0x00000000 128k\n 18 (0x012) 0x00000003 G 640x350x4 4     8x14  0xa0000 64k 64k 0x00000000 256k\n 19 (0x013) 0x00000001 T 40x25           8x14  0xb8000 32k 32k 0x00000000 32k\n 20 (0x014) 0x00000001 T 40x25           8x14  0xb8000 32k 32k 0x00000000 32k\n 21 (0x015) 0x00000001 T 80x25           8x14  0xb8000 32k 32k 0x00000000 32k\n 22 (0x016) 0x00000001 T 80x25           8x14  0xb8000 32k 32k 0x00000000 32k\n 23 (0x017) 0x00000001 T 40x25           8x16  0xb8000 32k 32k 0x00000000 32k\n 24 (0x018) 0x00000001 T 80x25           8x16  0xb8000 32k 32k 0x00000000 32k\n 26 (0x01a) 0x00000003 G 640x480x4 4     8x16  0xa0000 64k 64k 0x00000000 256k\n 27 (0x01b) 0x00000003 G 640x480x4 4     8x16  0xa0000 64k 64k 0x00000000 256k\n 28 (0x01c) 0x00000003 G 320x200x8 P     8x8   0xa0000 64k 64k 0x00000000 64k\n 30 (0x01e) 0x00000001 T 80x50           8x8   0xb8000 32k 32k 0x00000000 32k\n 32 (0x020) 0x00000001 T 80x30           8x16  0xb8000 32k 32k 0x00000000 32k\n 34 (0x022) 0x00000001 T 80x60           8x8   0xb8000 32k 32k 0x00000000 32k\n 37 (0x025) 0x00000003 G 320x240x8 V     8x8   0xa0000 64k 64k 0x00000000 256k\n112 (0x070) 0x00000000 T 80x43           8x8   0xb8000 32k 32k 0x00000000 32k\n113 (0x071) 0x00000001 T 80x43           8x8   0xb8000 32k 32k 0x00000000 32k\n257 (0x101) 0x0000000f G 640x480x8 P     8x16  0xa0000 64k 64k 0xe0000000 300k\n259 (0x103) 0x0000000f G 800x600x8 P     8x16  0xa0000 64k 64k 0xe0000000 487k\n261 (0x105) 0x0000000f G 1024x768x8 P    8x16  0xa0000 64k 64k 0xe0000000 768k\n263 (0x107) 0x0000000f G 1280x1024x8 P   8x16  0xa0000 64k 64k 0xe0000000 1280k\n273 (0x111) 0x0000000f G 640x480x16 D    8x16  0xa0000 64k 64k 0xe0000000 600k\n274 (0x112) 0x0000000f G 640x480x32 D    8x16  0xa0000 64k 64k 0xe0000000 1200k\n276 (0x114) 0x0000000f G 800x600x16 D    8x16  0xa0000 64k 64k 0xe0000000 937k\n277 (0x115) 0x0000000f G 800x600x32 D    8x16  0xa0000 64k 64k 0xe0000000 1875k\n279 (0x117) 0x0000000f G 1024x768x16 D   8x16  0xa0000 64k 64k 0xe0000000 1536k\n280 (0x118) 0x0000000f G 1024x768x32 D   8x16  0xa0000 64k 64k 0xe0000000 3072k\n282 (0x11a) 0x0000000f G 1280x1024x16 D  8x16  0xa0000 64k 64k 0xe0000000 2560k\n283 (0x11b) 0x0000000f G 1280x1024x32 D  8x16  0xa0000 64k 64k 0xe0000000 5120k\n314 (0x13a) 0x0000000f G 1600x1200x8 P   8x16  0xa0000 64k 64k 0xe0000000 1875k\n316 (0x13c) 0x0000000f G 1920x1440x8 P   8x16  0xa0000 64k 64k 0xe0000000 2700k\n331 (0x14b) 0x0000000f G 1600x1200x16 D  8x16  0xa0000 64k 64k 0xe0000000 3750k\n333 (0x14d) 0x0000000f G 1920x1440x16 D  8x16  0xa0000 64k 64k 0xe0000000 5400k\n346 (0x15a) 0x0000000f G 1600x1200x32 D  8x16  0xa0000 64k 64k 0xe0000000 7500k\n348 (0x15c) 0x0000000f G 1920x1440x32 D  8x16  0xa0000 64k 64k 0xe0000000 10800k\n381 (0x17d) 0x0000000f G 1280x1024x8 P   8x16  0xa0000 64k 64k 0xe0000000 1280k\n382 (0x17e) 0x0000000f G 1280x1024x16 D  8x16  0xa0000 64k 64k 0xe0000000 2560k\n383 (0x17f) 0x0000000f G 1280x1024x32 D  8x16  0xa0000 64k 64k 0xe0000000 5120k\n\nHow-To-Repeat: #vidcontrol MODE_283\nor\n#vidcontrol MODE_282\nor\n#vidcontrol MODE_280\nor\n#vidcontrol MODE_279\nor \nother"
}