{
 "id": 748621,
 "bug_id": 186112,
 "attachment_id": 0,
 "creation_time": "2014-01-25T22:40:01Z",
 "creator": "ler@FreeBSD.org",
 "text": "\nCrashes on below rev stays up on above rev\n\nborg.lerctr.org dumped core - see /var/crash/vmcore.2\n\nSat Jan 25 15:25:30 CST 2014\n\nFreeBSD borg.lerctr.org 11.0-CURRENT FreeBSD 11.0-CURRENT #3 r261166: Sat Jan 25 14:55:24 CST 2014     root@borg.lerctr.org:/usr/obj/usr/src/sys/VT-LER  amd64\n\npanic: solaris assert: l-\u003el_phys-\u003el_hdr.lh_pad1 == 0 (0xffff000000000000 == 0x0), file: /usr/src/sys/cddl/contrib/opensolaris/uts/common/fs/zfs/zap.c, line: 479\n\nGNU gdb 6.1.1 [FreeBSD]\nCopyright 2004 Free Software Foundation, Inc.\nGDB is free software, covered by the GNU General Public License, and you are\nwelcome to change it and/or distribute copies of it under certain conditions.\nType \"show copying\" to see the conditions.\nThere is absolutely no warranty for GDB.  Type \"show warranty\" for details.\nThis GDB was configured as \"amd64-marcel-freebsd\"...\n\nUnread portion of the kernel message buffer:\nCopyright (c) 1992-2014 The FreeBSD Project.\nCopyright (c) 1979, 1980, 1983, 1986, 1988, 1989, 1991, 1992, 1993, 1994\n\tThe Regents of the University of California. All rights reserved.\nFreeBSD is a registered trademark of The FreeBSD Foundation.\nFreeBSD 11.0-CURRENT #3 r261166: Sat Jan 25 14:55:24 CST 2014\n    root@borg.lerctr.org:/usr/obj/usr/src/sys/VT-LER amd64\nFreeBSD clang version 3.3 (tags/RELEASE_33/final 183502) 20130610\ninfo: [drm] Initialized drm 1.1.0 20060810\nCPU: Intel(R) Xeon(R) CPU           E5410  @ 2.33GHz (2327.55-MHz K8-class CPU)\n  Origin=\"GenuineIntel\"  Id=0x10676  Family=0x6  Model=0x17  Stepping=6\n  Features=0xbfebfbff\u003cFPU,VME,DE,PSE,TSC,MSR,PAE,MCE,CX8,APIC,SEP,MTRR,PGE,MCA,CMOV,PAT,PSE36,CLFLUSH,DTS,ACPI,MMX,FXSR,SSE,SSE2,SS,HTT,TM,PBE\u003e\n  Features2=0xce3bd\u003cSSE3,DTES64,MON,DS_CPL,VMX,EST,TM2,SSSE3,CX16,xTPR,PDCM,DCA,SSE4.1\u003e\n  AMD Features=0x20100800\u003cSYSCALL,NX,LM\u003e\n  AMD Features2=0x1\u003cLAHF\u003e\n  TSC: P-state invariant, performance statistics\nreal memory  = 68719476736 (65536 MB)\navail memory = 65641644032 (62600 MB)\nEvent timer \"LAPIC\" quality 400\nACPI APIC Table: \u003cPTLTD  \t APIC  \u003e\nFreeBSD/SMP: Multiprocessor System Detected: 8 CPUs\nFreeBSD/SMP: 2 package(s) x 4 core(s)\n cpu0 (BSP): APIC ID:  0\n cpu1 (AP): APIC ID:  1\n cpu2 (AP): APIC ID:  2\n cpu3 (AP): APIC ID:  3\n cpu4 (AP): APIC ID:  4\n cpu5 (AP): APIC ID:  5\n cpu6 (AP): APIC ID:  6\n cpu7 (AP): APIC ID:  7\nioapic0 \u003cVersion 2.0\u003e irqs 0-23 on motherboard\nioapic1 \u003cVersion 2.0\u003e irqs 24-47 on motherboard\nrandom: \u003cSoftware, Yarrow\u003e initialized\nkbd1 at kbdmux0\ncryptosoft0: \u003csoftware crypto\u003e on motherboard\nacpi0: \u003cPTLTD   RSDT\u003e on motherboard\nacpi0: Power Button (fixed)\nunknown: I/O range not supported\ncpu0: \u003cACPI CPU\u003e on acpi0\ncpu1: \u003cACPI CPU\u003e on acpi0\ncpu2: \u003cACPI CPU\u003e on acpi0\ncpu3: \u003cACPI CPU\u003e on acpi0\ncpu4: \u003cACPI CPU\u003e on acpi0\ncpu5: \u003cACPI CPU\u003e on acpi0\ncpu6: \u003cACPI CPU\u003e on acpi0\ncpu7: \u003cACPI CPU\u003e on acpi0\nhpet0: \u003cHigh Precision Event Timer\u003e iomem 0xfed00000-0xfed003ff irq 0,8 on acpi0\nTimecounter \"HPET\" frequency 14318180 Hz quality 950\nEvent timer \"HPET\" frequency 14318180 Hz quality 350\nEvent timer \"HPET1\" frequency 14318180 Hz quality 340\nEvent timer \"HPET2\" frequency 14318180 Hz quality 340\natrtc0: \u003cAT realtime clock\u003e port 0x70-0x71 on acpi0\nEvent timer \"RTC\" frequency 32768 Hz quality 0\nattimer0: \u003cAT timer\u003e port 0x40-0x43,0x50-0x53 on acpi0\nTimecounter \"i8254\" frequency 1193182 Hz quality 0\nEvent timer \"i8254\" frequency 1193182 Hz quality 100\nTimecounter \"ACPI-fast\" frequency 3579545 Hz quality 900\nacpi_timer0: \u003c24-bit timer at 3.579545MHz\u003e port 0x1008-0x100b on acpi0\npcib0: \u003cACPI Host-PCI bridge\u003e port 0xcf8-0xcff on acpi0\npci0: \u003cACPI PCI bus\u003e on pcib0\npcib1: \u003cACPI PCI-PCI bridge\u003e at device 2.0 on pci0\npci1: \u003cACPI PCI bus\u003e on pcib1\npcib2: \u003cACPI PCI-PCI bridge\u003e irq 16 at device 0.0 on pci1\npci2: \u003cACPI PCI bus\u003e on pcib2\npcib3: \u003cACPI PCI-PCI bridge\u003e irq 16 at device 0.0 on pci2\npci3: \u003cACPI PCI bus\u003e on pcib3\npcib4: \u003cACPI PCI-PCI bridge\u003e at device 0.0 on pci3\npci4: \u003cACPI PCI bus\u003e on pcib4\npcib5: \u003cACPI PCI-PCI bridge\u003e at device 0.2 on pci3\npci5: \u003cACPI PCI bus\u003e on pcib5\npcib6: \u003cACPI PCI-PCI bridge\u003e irq 18 at device 2.0 on pci2\npci6: \u003cACPI PCI bus\u003e on pcib6\nem0: \u003cIntel(R) PRO/1000 Network Connection 7.3.8\u003e port 0x2000-0x201f mem 0xd9220000-0xd923ffff,0xd9200000-0xd921ffff irq 18 at device 0.0 on pci6\nem0: Using an MSI interrupt\nem0: Ethernet address: 00:30:48:f2:29:9c\nem1: \u003cIntel(R) PRO/1000 Network Connection 7.3.8\u003e port 0x2020-0x203f mem 0xd9260000-0xd927ffff,0xd9240000-0xd925ffff irq 19 at device 0.1 on pci6\nem1: Using an MSI interrupt\nem1: Ethernet address: 00:30:48:f2:29:9d\npcib7: \u003cACPI PCI-PCI bridge\u003e at device 0.3 on pci1\npci7: \u003cACPI PCI bus\u003e on pcib7\npcib8: \u003cACPI PCI-PCI bridge\u003e at device 4.0 on pci0\npci8: \u003cACPI PCI bus\u003e on pcib8\nvgapci0: \u003cVGA-compatible display\u003e port 0x3000-0x307f mem 0xd8000000-0xd8ffffff,0xc0000000-0xc7ffffff,0xc8000000-0xc9ffffff irq 16 at device 0.0 on pci8\nnvidia0: \u003cGeForce GT 610\u003e on vgapci0\nvgapci0: child nvidia0 requested pci_enable_io\nvgapci0: child nvidia0 requested pci_enable_io\nhdac0: \u003cNVIDIA GF119 HDA Controller\u003e mem 0xd9000000-0xd9003fff irq 17 at device 0.1 on pci8\npcib9: \u003cACPI PCI-PCI bridge\u003e at device 6.0 on pci0\npci9: \u003cACPI PCI bus\u003e on pcib9\npci0: \u003cbase peripheral\u003e at device 8.0 (no driver attached)\npcib10: \u003cACPI PCI-PCI bridge\u003e irq 17 at device 28.0 on pci0\npci10: \u003cACPI PCI bus\u003e on pcib10\npcib11: \u003cPCI-PCI bridge\u003e irq 16 at device 0.0 on pci10\npci11: \u003cPCI bus\u003e on pcib11\npcm0: \u003cEnvy24HT audio (Generic)\u003e port 0x4080-0x409f,0x4000-0x407f irq 16 at device 0.0 on pci11\npcm0: system configuration\n  SubVendorID: 0x1412, SubDeviceID: 0x2403\n  XIN2 Clock Source: 24.576MHz(96kHz*256)\n  MPU-401 UART(s) #: not implemented\n  ADC #: 1 and SPDIF receiver connected\n  DAC #: 4\n  Multi-track converter type: AC'97(SDATA_OUT:packed)\n  S/PDIF(IN/OUT): 1/1 ID# 0x00\n  GPIO(mask/dir/state): 0xff/0xff/0xff\nuhci0: \u003cIntel 631XESB/632XESB/3100 USB controller USB-1\u003e port 0x1800-0x181f irq 17 at device 29.0 on pci0\nusbus0 on uhci0\nuhci1: \u003cIntel 631XESB/632XESB/3100 USB controller USB-2\u003e port 0x1820-0x183f irq 19 at device 29.1 on pci0\nusbus1 on uhci1\nuhci2: \u003cIntel 631XESB/632XESB/3100 USB controller USB-3\u003e port 0x1840-0x185f irq 18 at device 29.2 on pci0\nusbus2 on uhci2\nehci0: \u003cIntel 63XXESB USB 2.0 controller\u003e mem 0xd9600400-0xd96007ff irq 17 at device 29.7 on pci0\nusbus3: EHCI version 1.0\nusbus3 on ehci0\npcib12: \u003cACPI PCI-PCI bridge\u003e at device 30.0 on pci0\npci12: \u003cACPI PCI bus\u003e on pcib12\nvgapci1: \u003cVGA-compatible display\u003e port 0x5000-0x50ff mem 0xd0000000-0xd7ffffff,0xd9300000-0xd930ffff irq 18 at device 1.0 on pci12\ndrmn1: \u003cATI ES1000 RN50\u003e on vgapci1\ninfo: [drm] RADEON_IS_PCI\ninfo: [drm] initializing kernel modesetting (RV100 0x1002:0x515E 0x15D9:0x8080).\ninfo: [drm] register mmio base: 0xD9300000\ninfo: [drm] register mmio size: 65536\ninfo: [drm] radeon_atrm_get_bios: ===\u003e Try ATRM...\ninfo: [drm] radeon_atrm_get_bios: pci_find_class() found: 0:8:0:0, vendor=10de, device=104a\ninfo: [drm] radeon_atrm_get_bios: Get ACPI device handle\ninfo: [drm] radeon_acpi_vfct_bios: ===\u003e Try VFCT...\ninfo: [drm] radeon_acpi_vfct_bios: Get \"VFCT\" ACPI table\ninfo: [drm] radeon_acpi_vfct_bios: Failed to get \"VFCT\" table: AE_NOT_FOUND\ninfo: [drm] igp_read_bios_from_vram: ===\u003e Try IGP's VRAM...\ninfo: [drm] igp_read_bios_from_vram: VRAM base address: 0xd0000000\ninfo: [drm] igp_read_bios_from_vram: Map address: 0xfffff800d0000000 (262144 bytes)\ninfo: [drm] igp_read_bios_from_vram: Incorrect BIOS signature: 0x0000\ninfo: [drm] radeon_read_bios: ===\u003e Try PCI Expansion ROM...\ninfo: [drm] radeon_read_bios: Map address: 0xfffff800000c0000 (131072 bytes)\ndrmn1: info: VRAM: 128M 0x00000000D0000000 - 0x00000000D7FFFFFF (16M used)\ndrmn1: info: GTT: 512M 0x00000000B0000000 - 0x00000000CFFFFFFF\ninfo: [drm] Supports vblank timestamp caching Rev 1 (10.10.2010).\ninfo: [drm] Driver supports precise vblank timestamp query.\ninfo: [drm] radeon: irq initialized.\ninfo: [drm] Detected VRAM RAM=128M, BAR=128M\ninfo: [drm] RAM width 64bits SDR\n[TTM] Zone  kernel: Available graphics memory: 33006090 kiB\n[TTM] Zone   dma32: Available graphics memory: 2097152 kiB\n[TTM] Initializing pool allocator\ninfo: [drm] radeon: 16M of VRAM memory ready\ninfo: [drm] radeon: 512M of GTT memory ready.\ninfo: [drm] GART: num cpu pages 131072, num gpu pages 131072\ninfo: [drm] PCI GART of 512M enabled (table at 0x0000000011200000).\ndrmn1: info: WB disabled\ndrmn1: info: fence driver on ring 0 use gpu addr 0x00000000b0000000 and cpu addr 0x0xfffff8001083c000\ninfo: [drm] Loading R100 Microcode\ninfo: [drm] radeon: ring at 0x00000000B0001000\ninfo: [drm] ring test succeeded in 1 usecs\ninfo: [drm] ib test succeeded in 0 usecs\ninfo: [drm] radeon_device_init: Taking over the fictitious range 0xd0000000-0xd4000000\niicbus0: \u003cPhilips I2C bus\u003e on iicbb0 addr 0xff\niic0: \u003cI2C generic I/O\u003e on iicbus0\niicbus1: \u003cPhilips I2C bus\u003e on iicbb1 addr 0xff\niic1: \u003cI2C generic I/O\u003e on iicbus1\niicbus2: \u003cPhilips I2C bus\u003e on iicbb2 addr 0xff\niic2: \u003cI2C generic I/O\u003e on iicbus2\niicbus3: \u003cPhilips I2C bus\u003e on iicbb3 addr 0xff\niic3: \u003cI2C generic I/O\u003e on iicbus3\ninfo: [drm] Radeon Display Connectors\ninfo: [drm] Connector 0:\ninfo: [drm]   VGA-1\ninfo: [drm]   DDC: 0x60 0x60 0x60 0x60 0x60 0x60 0x60 0x60\ninfo: [drm]   Encoders:\ninfo: [drm]     CRT1: INTERNAL_DAC1\ninfo: [drm] Connector 1:\ninfo: [drm]   DVI-I-1\ninfo: [drm]   HPD2\ninfo: [drm]   DDC: 0x6c 0x6c 0x6c 0x6c 0x6c 0x6c 0x6c 0x6c\ninfo: [drm]   Encoders:\ninfo: [drm]     CRT2: INTERNAL_DAC2\ninfo: [drm]     DFP2: INTERNAL_DVO1\ncomposite sync not supported\ncomposite sync not supported\ninfo: [drm] fb mappable at 0xD0040000\ninfo: [drm] vram apper at 0xD0000000\ninfo: [drm] size 2076672\ninfo: [drm] fb depth is 8\ninfo: [drm]    pitch is 1920\nfbd1 on drmn1\nvt_allocate: Replace existing VT driver.\ninfo: [drm] Initialized radeon 2.29.0 20080528\nvgapci1: Boot video device\nisab0: \u003cPCI-ISA bridge\u003e at device 31.0 on pci0\nisa0: \u003cISA bus\u003e on isab0\natapci0: \u003cIntel 63XXESB2 UDMA100 controller\u003e port 0x1f0-0x1f7,0x3f6,0x170-0x177,0x376,0x1860-0x186f at device 31.1 on pci0\nata0: \u003cATA channel\u003e at channel 0 on atapci0\nahci0: \u003cIntel ESB2 AHCI SATA controller\u003e port 0x18a0-0x18a7,0x1874-0x1877,0x1878-0x187f,0x1870-0x1873,0x1880-0x189f mem 0xd9600800-0xd9600bff irq 19 at device 31.2 on pci0\nahci0: AHCI v1.10 with 6 3Gbps ports, Port Multiplier supported\nahcich0: \u003cAHCI channel\u003e at channel 0 on ahci0\nahcich1: \u003cAHCI channel\u003e at channel 1 on ahci0\nahcich2: \u003cAHCI channel\u003e at channel 2 on ahci0\nahcich3: \u003cAHCI channel\u003e at channel 3 on ahci0\nahcich4: \u003cAHCI channel\u003e at channel 4 on ahci0\nahcich5: \u003cAHCI channel\u003e at channel 5 on ahci0\nichsmb0: \u003cIntel 631xESB/6321ESB (ESB2) SMBus controller\u003e port 0x1100-0x111f irq 19 at device 31.3 on pci0\nsmbus0: \u003cSystem Management Bus\u003e on ichsmb0\nacpi_button0: \u003cPower Button\u003e on acpi0\nipmi0: \u003cIPMI System Interface\u003e port 0xca2-0xca3 on acpi0\nipmi0: KCS mode found at io 0xca2 on acpi\natkbdc0: \u003cKeyboard controller (i8042)\u003e port 0x60,0x64 irq 1 on acpi0\natkbd0: \u003cAT Keyboard\u003e irq 1 on atkbdc0\nkbd0 at atkbd0\natkbd0: [GIANT-LOCKED]\nuart0: \u003c16550 or compatible\u003e port 0x3f8-0x3ff irq 4 flags 0x10 on acpi0\nuart1: \u003c16550 or compatible\u003e port 0x2f8-0x2ff irq 3 on acpi0\nfdc0: \u003cfloppy drive controller\u003e port 0x3f0-0x3f5,0x3f7 irq 6 drq 2 on acpi0\nfd0: \u003c1440-KB 3.5\" drive\u003e on fdc0 drive 0\nppc0: \u003cParallel port\u003e port 0x378-0x37f,0x778-0x77f irq 7 drq 3 on acpi0\nppc0: SMC-like chipset (ECP/EPP/PS2/NIBBLE) in COMPATIBLE mode\nppc0: FIFO with 16/16/9 bytes threshold\nppbus0: \u003cParallel port bus\u003e on ppc0\nlpt0: \u003cPrinter\u003e on ppbus0\nlpt0: Interrupt-driven port\nppi0: \u003cParallel I/O\u003e on ppbus0\nichwd0 on isa0\norm0: \u003cISA Option ROM\u003e at iomem 0xc0000-0xcafff on isa0\ncoretemp0: \u003cCPU On-Die Thermal Sensors\u003e on cpu0\nest0: \u003cEnhanced SpeedStep Frequency Control\u003e on cpu0\np4tcc0: \u003cCPU Frequency Thermal Control\u003e on cpu0\ncoretemp1: \u003cCPU On-Die Thermal Sensors\u003e on cpu1\nest1: \u003cEnhanced SpeedStep Frequency Control\u003e on cpu1\np4tcc1: \u003cCPU Frequency Thermal Control\u003e on cpu1\ncoretemp2: \u003cCPU On-Die Thermal Sensors\u003e on cpu2\nest2: \u003cEnhanced SpeedStep Frequency Control\u003e on cpu2\np4tcc2: \u003cCPU Frequency Thermal Control\u003e on cpu2\ncoretemp3: \u003cCPU On-Die Thermal Sensors\u003e on cpu3\nest3: \u003cEnhanced SpeedStep Frequency Control\u003e on cpu3\np4tcc3: \u003cCPU Frequency Thermal Control\u003e on cpu3\ncoretemp4: \u003cCPU On-Die Thermal Sensors\u003e on cpu4\nest4: \u003cEnhanced SpeedStep Frequency Control\u003e on cpu4\np4tcc4: \u003cCPU Frequency Thermal Control\u003e on cpu4\ncoretemp5: \u003cCPU On-Die Thermal Sensors\u003e on cpu5\nest5: \u003cEnhanced SpeedStep Frequency Control\u003e on cpu5\np4tcc5: \u003cCPU Frequency Thermal Control\u003e on cpu5\ncoretemp6: \u003cCPU On-Die Thermal Sensors\u003e on cpu6\nest6: \u003cEnhanced SpeedStep Frequency Control\u003e on cpu6\np4tcc6: \u003cCPU Frequency Thermal Control\u003e on cpu6\ncoretemp7: \u003cCPU On-Die Thermal Sensors\u003e on cpu7\nest7: \u003cEnhanced SpeedStep Frequency Control\u003e on cpu7\np4tcc7: \u003cCPU Frequency Thermal Control\u003e on cpu7\nZFS filesystem version: 5\nZFS storage pool version: features support (5000)\nTimecounters tick every 1.000 msec\nvboxdrv: fAsync=0 offMin=0x387 offMax=0x50f\nhdacc0: \u003cNVIDIA (0x001c) HDA CODEC\u003e at cad 0 on hdac0\nhdaa0: \u003cNVIDIA (0x001c) Audio Function Group\u003e at nid 1 on hdacc0\npcm1: \u003cNVIDIA (0x001c) (HDMI/DP 8ch)\u003e at nid 4 on hdaa0\npcm2: \u003cNVIDIA (0x001c) (HDMI/DP 8ch)\u003e at nid 5 on hdaa0\nrandom: unblocking device.\nusbus0: 12Mbps Full Speed USB v1.0\nusbus1: 12Mbps Full Speed USB v1.0\nusbus2: 12Mbps Full Speed USB v1.0\nusbus3: 480Mbps High Speed USB v2.0\nugen3.1: \u003cIntel\u003e at usbus3\nuhub0: \u003cIntel EHCI root HUB, class 9/0, rev 2.00/1.00, addr 1\u003e on usbus3\nugen2.1: \u003cIntel\u003e at usbus2\nuhub1: \u003cIntel UHCI root HUB, class 9/0, rev 1.00/1.00, addr 1\u003e on usbus2\nugen1.1: \u003cIntel\u003e at usbus1\nuhub2: \u003cIntel UHCI root HUB, class 9/0, rev 1.00/1.00, addr 1\u003e on usbus1\nugen0.1: \u003cIntel\u003e at usbus0\nuhub3: \u003cIntel UHCI root HUB, class 9/0, rev 1.00/1.00, addr 1\u003e on usbus0\nipmi0: IPMI device rev. 1, firmware rev. 1.64, version 2.0\nata0: DMA limited to UDMA33, controller found non-ATA66 cable\nipmi0: Number of channels 8\nipmi0: Attached watchdog\nuhub2: 2 ports with 2 removable, self powered\nuhub1: 2 ports with 2 removable, self powered\nuhub3: 2 ports with 2 removable, self powered\nada0 at ahcich0 bus 0 scbus1 target 0 lun 0\nada0: \u003cST2000DL003-9VT166 CC32\u003e ATA-8 SATA 3.x device\nada0: Serial Number 5YDA1ZL4\nada0: 300.000MB/s transfers (SATA 2.x, UDMA6, PIO 8192bytes)\nada0: 1907729MB (3907029168 512 byte sectors: 16H 63S/T 16383C)\nada0: quirks=0x1\u003c4K\u003e\nada0: Previously was known as ad4\nada1 at ahcich1 bus 0 scbus2 target 0 lun 0\nada1: \u003cST2000DL003-9VT166 CC3D\u003e ATA-8 SATA 3.x device\nada1: Serial Number 5YD6FPLG\nada1: 300.000MB/s transfers (SATA 2.x, UDMA6, PIO 8192bytes)\nada1: 1907729MB (3907029168 512 byte sectors: 16H 63S/T 16383C)\nada1: quirks=0x1\u003c4K\u003e\nada1: Previously was known as ad6\nada2 at ahcich2 bus 0 scbus3 target 0 lun 0\nada2: \u003cST2000DL003-9VT166 CC32\u003e ATA-8 SATA 3.x device\nada2: Serial Number 5YDA3PC5\nada2: 300.000MB/s transfers (SATA 2.x, UDMA6, PIO 8192bytes)\nada2: 1907729MB (3907029168 512 byte sectors: 16H 63S/T 16383C)\nada2: quirks=0x1\u003c4K\u003e\nada2: Previously was known as ad8\nada3 at ahcich3 bus 0 scbus4 target 0 lun 0\nada3: \u003cST2000DL003-9VT166 CC32\u003e ATA-8 SATA 3.x device\nada3: Serial Number 5YD9Y0P4\nada3: 300.000MB/s transfers (SATA 2.x, UDMA6, PIO 8192bytes)\nada3: 1907729MB (3907029168 512 byte sectors: 16H 63S/T 16383C)\nada3: quirks=0x1\u003c4K\u003e\nada3: Previously was known as ad10\nada4 at ahcich4 bus 0 scbus5 target 0 lun 0\nada4: \u003cST2000DL003-9VT166 CC32\u003e ATA-8 SATA 3.x device\nada4: Serial Number 5YDA1R5W\nada4: 300.000MB/s transfers (SATA 2.x, UDMA6, PIO 8192bytes)\nada4: 1907729MB (3907029168 512 byte sectors: 16H 63S/T 16383C)\nada4: quirks=0x1\u003c4K\u003e\nada4: Previously was known as ad12\nada5 at ahcich5 bus 0 scbus6 target 0 lun 0\nada5: \u003cST2000DL003-9VT166 CC3D\u003e ATA-8 SATA 3.x device\nada5: Serial Number 5YD5RBS8\nada5: 300.000MB/s transfers (SATA 2.x, UDMA6, PIO 8192bytes)\nada5: 1907729MB (3907029168 512 byte sectors: 16H 63S/T 16383C)\nada5: quirks=0x1\u003c4K\u003e\nada5: Previously was known as ad14\ncd0 at ata0 bus 0 scbus0 target 0 lun 0\ncd0: \u003cMemorex DVD+-RAM 510L v1 MWS7\u003e Removable CD-ROM SCSI-0 device \ncd0: 33.300MB/s transfers (UDMA2, ATAPI 12bytes, PIO 65534bytes)\ncd0: Attempt to query device size failed: NOT READY, Medium not present\nNetvsc initializing... done!\nSMP: AP CPU #7 Launched!\nSMP: AP CPU #1 Launched!\nSMP: AP CPU #3 Launched!\nSMP: AP CPU #2 Launched!\nSMP: AP CPU #6 Launched!\nSMP: AP CPU #4 Launched!\nSMP: AP CPU #5 Launched!\nRoot mount waiting for: usbus3\nuhub0: 6 ports with 6 removable, self powered\nRoot mount waiting for: usbus3\nRoot mount waiting for: usbus3\nugen3.2: \u003cPeppercon AG\u003e at usbus3\nukbd0: \u003cPeppercon AG Multidevice, class 0/0, rev 2.00/0.01, addr 2\u003e on usbus3\nkbd2 at ukbd0\nTrying to mount root from zfs:zroot/ROOT/default []...\nugen0.2: \u003cAmerican Power Conversion\u003e at usbus0\nugen1.2: \u003cProlific Technology Inc.\u003e at usbus1\n\u003c118\u003eSetting hostuuid: 53d19f64-d663-a017-8922-0030488e9ff3.\n\u003c118\u003eSetting hostid: 0xf53a926e.\n\u003c118\u003eEntropy harvesting: interrupts ethernet point_to_point swi.\n\u003c118\u003eStarting file system checks:\n\u003c118\u003eMounting local file systems:.\npanic: solaris assert: l-\u003el_phys-\u003el_hdr.lh_pad1 == 0 (0xffff000000000000 == 0x0), file: /usr/src/sys/cddl/contrib/opensolaris/uts/common/fs/zfs/zap.c, line: 479\ncpuid = 7\nKDB: stack backtrace:\ndb_trace_self_wrapper() at db_trace_self_wrapper+0x2b/frame 0xfffffe100c55d350\nkdb_backtrace() at kdb_backtrace+0x39/frame 0xfffffe100c55d400\nvpanic() at vpanic+0x126/frame 0xfffffe100c55d440\npanic() at panic+0x43/frame 0xfffffe100c55d4a0\nassfail3() at assfail3+0x2f/frame 0xfffffe100c55d4c0\nzap_get_leaf_byblk() at zap_get_leaf_byblk+0x2ea/frame 0xfffffe100c55d510\nzap_deref_leaf() at zap_deref_leaf+0xd1/frame 0xfffffe100c55d560\nfzap_length() at fzap_length+0x31/frame 0xfffffe100c55d5d0\nzap_length_uint64() at zap_length_uint64+0xbf/frame 0xfffffe100c55d630\nddt_zap_lookup() at ddt_zap_lookup+0x3d/frame 0xfffffe100c55d790\nddt_lookup() at ddt_lookup+0x17e/frame 0xfffffe100c55d960\nzio_ddt_write() at zio_ddt_write+0xf2/frame 0xfffffe100c55dad0\nzio_execute() at zio_execute+0x1eb/frame 0xfffffe100c55db30\ntaskqueue_run_locked() at taskqueue_run_locked+0xf0/frame 0xfffffe100c55db80\ntaskqueue_thread_loop() at taskqueue_thread_loop+0x9b/frame 0xfffffe100c55dbb0\nfork_exit() at fork_exit+0x84/frame 0xfffffe100c55dbf0\nfork_trampoline() at fork_trampoline+0xe/frame 0xfffffe100c55dbf0\n--- trap 0, rip = 0, rsp = 0xfffffe100c55dcb0, rbp = 0 ---\nKDB: enter: panic\nUptime: 23s\nDumping 2330 out of 64465 MB:..1%..11%..21%..31%..41%..51%..61%..71%..81%..91%\n\nReading symbols from /boot/kernel/linux.ko.symbols...done.\nLoaded symbols for /boot/kernel/linux.ko.symbols\nReading symbols from /boot/kernel/if_lagg.ko.symbols...done.\nLoaded symbols for /boot/kernel/if_lagg.ko.symbols\nReading symbols from /boot/kernel/snd_envy24ht.ko.symbols...done.\nLoaded symbols for /boot/kernel/snd_envy24ht.ko.symbols\nReading symbols from /boot/kernel/snd_spicds.ko.symbols...done.\nLoaded symbols for /boot/kernel/snd_spicds.ko.symbols\nReading symbols from /boot/kernel/coretemp.ko.symbols...done.\nLoaded symbols for /boot/kernel/coretemp.ko.symbols\nReading symbols from /boot/kernel/ichsmb.ko.symbols...done.\nLoaded symbols for /boot/kernel/ichsmb.ko.symbols\nReading symbols from /boot/kernel/smbus.ko.symbols...done.\nLoaded symbols for /boot/kernel/smbus.ko.symbols\nReading symbols from /boot/kernel/ichwd.ko.symbols...done.\nLoaded symbols for /boot/kernel/ichwd.ko.symbols\nReading symbols from /boot/kernel/cpuctl.ko.symbols...done.\nLoaded symbols for /boot/kernel/cpuctl.ko.symbols\nReading symbols from /boot/kernel/crypto.ko.symbols...done.\nLoaded symbols for /boot/kernel/crypto.ko.symbols\nReading symbols from /boot/kernel/cryptodev.ko.symbols...done.\nLoaded symbols for /boot/kernel/cryptodev.ko.symbols\nReading symbols from /boot/kernel/dtraceall.ko.symbols...done.\nLoaded symbols for /boot/kernel/dtraceall.ko.symbols\nReading symbols from /boot/kernel/profile.ko.symbols...done.\nLoaded symbols for /boot/kernel/profile.ko.symbols\nReading symbols from /boot/kernel/cyclic.ko.symbols...done.\nLoaded symbols for /boot/kernel/cyclic.ko.symbols\nReading symbols from /boot/kernel/dtrace.ko.symbols...done.\nLoaded symbols for /boot/kernel/dtrace.ko.symbols\nReading symbols from /boot/kernel/systrace_freebsd32.ko.symbols...done.\nLoaded symbols for /boot/kernel/systrace_freebsd32.ko.symbols\nReading symbols from /boot/kernel/systrace.ko.symbols...done.\nLoaded symbols for /boot/kernel/systrace.ko.symbols\nReading symbols from /boot/kernel/sdt.ko.symbols...done.\nLoaded symbols for /boot/kernel/sdt.ko.symbols\nReading symbols from /boot/kernel/lockstat.ko.symbols...done.\nLoaded symbols for /boot/kernel/lockstat.ko.symbols\nReading symbols from /boot/kernel/fasttrap.ko.symbols...done.\nLoaded symbols for /boot/kernel/fasttrap.ko.symbols\nReading symbols from /boot/kernel/fbt.ko.symbols...done.\nLoaded symbols for /boot/kernel/fbt.ko.symbols\nReading symbols from /boot/kernel/dtnfscl.ko.symbols...done.\nLoaded symbols for /boot/kernel/dtnfscl.ko.symbols\nReading symbols from /boot/kernel/dtmalloc.ko.symbols...done.\nLoaded symbols for /boot/kernel/dtmalloc.ko.symbols\nReading symbols from /boot/modules/vboxdrv.ko...done.\nLoaded symbols for /boot/modules/vboxdrv.ko\nReading symbols from /boot/modules/nvidia.ko...done.\nLoaded symbols for /boot/modules/nvidia.ko\nReading symbols from /boot/kernel/ipmi.ko.symbols...done.\nLoaded symbols for /boot/kernel/ipmi.ko.symbols\nReading symbols from /boot/kernel/ipmi_linux.ko.symbols...done.\nLoaded symbols for /boot/kernel/ipmi_linux.ko.symbols\nReading symbols from /boot/kernel/radeonkms.ko.symbols...done.\nLoaded symbols for /boot/kernel/radeonkms.ko.symbols\nReading symbols from /boot/kernel/iicbb.ko.symbols...done.\nLoaded symbols for /boot/kernel/iicbb.ko.symbols\nReading symbols from /boot/kernel/iicbus.ko.symbols...done.\nLoaded symbols for /boot/kernel/iicbus.ko.symbols\nReading symbols from /boot/kernel/iic.ko.symbols...done.\nLoaded symbols for /boot/kernel/iic.ko.symbols\nReading symbols from /boot/kernel/drm2.ko.symbols...done.\nLoaded symbols for /boot/kernel/drm2.ko.symbols\nReading symbols from /boot/kernel/radeonkmsfw_R100_cp.ko.symbols...done.\nLoaded symbols for /boot/kernel/radeonkmsfw_R100_cp.ko.symbols\nReading symbols from /boot/kernel/fdescfs.ko.symbols...done.\nLoaded symbols for /boot/kernel/fdescfs.ko.symbols\nReading symbols from /boot/kernel/linprocfs.ko.symbols...done.\nLoaded symbols for /boot/kernel/linprocfs.ko.symbols\n#0  doadump (textdump=1) at pcpu.h:219\n219\tpcpu.h: No such file or directory.\n\tin pcpu.h\n(kgdb) #0  doadump (textdump=1) at pcpu.h:219\n#1  0xffffffff809b9c67 in kern_reboot (howto=260)\n    at /usr/src/sys/kern/kern_shutdown.c:452\n#2  0xffffffff809ba175 in vpanic (fmt=\u003cvalue optimized out\u003e, \n    ap=\u003cvalue optimized out\u003e) at /usr/src/sys/kern/kern_shutdown.c:759\n#3  0xffffffff809ba1c3 in panic (fmt=\u003cvalue optimized out\u003e)\n    at /usr/src/sys/kern/kern_shutdown.c:688\n#4  0xffffffff80327abf in assfail3 (a=\u003cvalue optimized out\u003e, \n    lv=\u003cvalue optimized out\u003e, op=\u003cvalue optimized out\u003e, \n    rv=\u003cvalue optimized out\u003e, f=\u003cvalue optimized out\u003e, \n    l=\u003cvalue optimized out\u003e)\n    at /usr/src/sys/cddl/compat/opensolaris/kern/opensolaris_cmn_err.c:91\n#5  0xffffffff803bac1a in zap_get_leaf_byblk (zap=\u003cvalue optimized out\u003e, \n    blkid=4858, tx=0x0, lt=RW_READER, lp=0xfffffe100c55d5a0)\n    at /usr/src/sys/cddl/contrib/opensolaris/uts/common/fs/zfs/zap.c:479\n#6  0xffffffff803b84f1 in zap_deref_leaf (zap=0xfffff800220bf680, \n    h=1610088556361285632, tx=0x0, lt=RW_READER, lp=0xfffffe100c55d5a0)\n    at /usr/src/sys/cddl/contrib/opensolaris/uts/common/fs/zfs/zap.c:585\n#7  0xffffffff803b9481 in fzap_length (zn=0xfffff80028e95600, \n    integer_size=0xfffffe100c55d658, num_integers=0xfffffe100c55d650)\n    at /usr/src/sys/cddl/contrib/opensolaris/uts/common/fs/zfs/zap.c:897\n#8  0xffffffff803bf5bf in zap_length_uint64 (os=\u003cvalue optimized out\u003e, \n    zapobj=\u003cvalue optimized out\u003e, key=\u003cvalue optimized out\u003e, \n    key_numints=\u003cvalue optimized out\u003e, integer_size=0xfffffe100c55d658, \n    num_integers=0xfffffe100c55d650)\n    at /usr/src/sys/cddl/contrib/opensolaris/uts/common/fs/zfs/zap_micro.c:934\n#9  0xffffffff80352e7d in ddt_zap_lookup (os=0xfffff80020793c00, object=155, \n    dde=0xfffff80028e96600)\n    at /usr/src/sys/cddl/contrib/opensolaris/uts/common/fs/zfs/ddt_zap.c:64\n#10 0xffffffff8035146e in ddt_lookup (ddt=0xfffffe000d515000, \n    bp=\u003cvalue optimized out\u003e, add=\u003cvalue optimized out\u003e)\n    at /usr/src/sys/cddl/contrib/opensolaris/uts/common/fs/zfs/ddt.c:178\n#11 0xffffffff803fb242 in zio_ddt_write (zio=0xfffff800288a0730)\n    at /usr/src/sys/cddl/contrib/opensolaris/uts/common/fs/zfs/zio.c:2242\n#12 0xffffffff803f893b in zio_execute (zio=0xfffff800288a0730)\n    at /usr/src/sys/cddl/contrib/opensolaris/uts/common/fs/zfs/zio.c:1355\n#13 0xffffffff80a01970 in taskqueue_run_locked (queue=0xfffff80020127000)\n    at /usr/src/sys/kern/subr_taskqueue.c:355\n#14 0xffffffff80a022cb in taskqueue_thread_loop (arg=\u003cvalue optimized out\u003e)\n    at /usr/src/sys/kern/subr_taskqueue.c:576\n#15 0xffffffff80989324 in fork_exit (\n    callout=0xffffffff80a02230 \u003ctaskqueue_thread_loop\u003e, \n    arg=0xfffff800200fd4e0, frame=0xfffffe100c55dc00)\n    at /usr/src/sys/kern/kern_fork.c:977\n#16 0xffffffff80d95b0e in fork_trampoline ()\n    at /usr/src/sys/amd64/amd64/exception.S:605\n#17 0x0000000000000000 in ?? ()\nCurrent language:  auto; currently minimal\n(kgdb) \n\n------------------------------------------------------------------------\nps -axlww\n\nUID PID PPID CPU PRI NI   VSZ RSS MWCHAN   STAT TT     TIME COMMAND\n  0   0    0   0  -8  0     0   0 -        DLs   -  0:00.10 [kernel]\n  0   1    0   0  24  0  9368   0 wait     DLs   -  0:00.00 [init]\n  0   2    0   0 -16  0     0   0 ftcl     DL    -  0:00.00 [ftcleanup]\n  0   3    0   0 -16  0     0   0 crypto_w DL    -  0:00.00 [crypto]\n  0   4    0   0 -16  0     0   0 crypto_r DL    -  0:00.00 [crypto returns]\n  0   5    0   0 -16  0     0   0 ccb_scan DL    -  0:00.00 [cam]\n  0   6    0   0 -16  0     0   0 -        DL    -  0:00.00 [fdc0]\n  0   7    0   0  -8  0     0   0 zio-\u003eio_ DL    -  0:00.00 [zfskern]\n  0   8    0   0 -16  0     0   0 waiting_ DL    -  0:00.00 [sctp_iterator]\n  0   9    0   0 -16  0     0   0 ipmireq  DL    -  0:00.00 [ipmi0: kcs]\n  0  10    0   0 -16  0     0   0 audit_wo DL    -  0:00.00 [audit]\n  0  11    0   0 155  0     0   0 -        RL    -  0:00.00 [idle]\n  0  12    0   0 -84  0     0   0 -        WL    -  0:00.00 [intr]\n  0  13    0   0  -8  0     0   0 -        DL    -  0:00.00 [geom]\n  0  14    0   0 -16  0     0   0 -        DL    -  0:00.00 [rand_harvestq]\n  0  15    0   0 -68  0     0   0 -        DL    -  0:00.00 [usb]\n  0  16    0   0 -20  0     0   0 VBoxIS   DL    -  0:00.00 [TIMER]\n  0  17    0   0 -16  0     0   0 psleep   DL    -  0:00.00 [pagedaemon]\n  0  18    0   0 -16  0     0   0 psleep   DL    -  0:00.00 [vmdaemon]\n  0  19    0   0 155  0     0   0 pgzero   DL    -  0:00.00 [pagezero]\n  0  20    0   0 -16  0     0   0 psleep   DL    -  0:00.00 [bufdaemon]\n  0  21    0   0  16  0     0   0 syncer   DL    -  0:00.00 [syncer]\n  0  22    0   0 -16  0     0   0 vlruwt   DL    -  0:00.00 [vnlru]\n  0  23    0   0 -16  0     0   0 sdflush  DL    -  0:00.00 [softdepflush]\n  0  24    1   0  52  0 16928   0 wait     Ds+   -  0:00.01 [sh]\n  0  72   24   0  52  0 16928   0 wait     D+    -  0:00.00 [sh]\n  0  75   72   0  52  0 40000   0 tx-\u003etx_s D+    -  0:00.00 [zfs]\n\n------------------------------------------------------------------------\nvmstat -s\n\n   158237 cpu context switches\n    22164 device interrupts\n      800 software interrupts\n     5019 traps\n     5843 system calls\n       23 kernel threads created\n       37  fork() calls\n       15 vfork() calls\n        0 rfork() calls\n        0 swap pager pageins\n        0 swap pager pages paged in\n        0 swap pager pageouts\n        0 swap pager pages paged out\n      136 vnode pager pageins\n      911 vnode pager pages paged in\n        0 vnode pager pageouts\n        0 vnode pager pages paged out\n        0 page daemon wakeups\n        0 pages examined by the page daemon\n        0 pages reactivated\n     1771 copy-on-write faults\n       15 copy-on-write optimized faults\n     2232 zero fill pages zeroed\n        0 zero fill pages prezeroed\n        0 intransit blocking page faults\n     4649 total VM faults taken\n      113 page faults requiring I/O\n        0 pages affected by kernel thread creation\n     1334 pages affected by  fork()\n      525 pages affected by vfork()\n        0 pages affected by rfork()\n        0 pages cached\n    55169 pages freed\n        0 pages freed by daemon\n        0 pages freed by exiting processes\n      465 pages active\n      860 pages inactive\n        0 pages in VM cache\n   190921 pages wired down\n 15883166 pages free\n     4096 bytes per page\n     1886 total name lookups\n          cache hits (80% pos + 4% neg) system 0% per-directory\n          deletions 0%, falsehits 0%, toolong 0%\n\n------------------------------------------------------------------------\nvmstat -m\n\n         Type InUse MemUse HighUse Requests  Size(s)\n         cdev     8     2K       -        8  256\n     ppbusdev     2     1K       -        2  256\n     filedesc    27    54K       -       76  2048\n      kdtrace   323    76K       -      515  64,256\n         kenv    86    11K       -      114  16,32,64,128\n    proc-args     3     1K       -       31  32,64,128\n        hhook     2     1K       -        2  256\n      ithread   125    22K       -      125  32,128,256\n       KTRACE   100    13K       -      100  128\n      entropy  1026    65K       -     1026  32,64\n     acpiintr     1     1K       -        1  64\n       linker   403   101K       -      533  16,32,64,128,256,512,1024,2048,4096\n        lockf     2     1K       -        2  64,128\n   loginclass     2     1K       -        2  64\n        cache     1     1K       -        1  32\n       devbuf 17314 34391K       -    18687  16,32,64,128,256,512,1024,2048,4096\n         temp    57    18K       -      538  16,32,64,128,256,512,1024,2048\n       ip6ndp     3     1K       -        3  64\n      ata_pci     1     1K       -        1  64\n       acpica  1824   187K       -    63680  16,32,64,128,256,512,1024,2048\n       kbdmux     7    18K       -        7  16,512,1024,2048\n       module   521    66K       -      521  128\n     mtx_pool     2    16K       -        2  \n          LED     4     1K       -        4  16,128\n      CAM XPT    58     4K       -      308  16,32,64,128,512,1024,2048\n          osd     5     1K       -       11  16,32,64,128\n     pmchooks     1     1K       -        1  128\n      CAM DEV    15    30K       -       24  2048\n     acpitask     1     8K       -        1  \n         hdaa     4     5K       -        4  512,1024,2048\n         pgrp     2     1K       -        2  128\n      session     2     1K       -        2  128\n         proc     2   256K       -        2  \n      subproc   100   145K       -      149  512,4096\n         cred    40     7K       -      240  64,256\n       plimit     2     1K       -        2  256\n      uidinfo     2    33K       -        2  128\n         hdac     1     1K       -        1  512\n        hdacc     1     1K       -        1  32\n        vtbuf    24  5712K       -       24  4096\n      acpisem    22     3K       -       22  128\n           vt    11     3K       -       11  256\n       sysctl     0     0K       -       43  16,32,64\n    sysctloid  7607   378K       -     7779  16,32,64,128\n    sysctltmp     0     0K       -        6  32,64\n      tidhash     1   256K       -        1  \n      callout     9  3208K       -        9  \n         umtx   666    84K       -      666  128\n     p1003.1b     1     1K       -        1  16\n         SWAP    12 19681K       -       12  64\n          bus  2257   362K       -     8440  16,32,64,128,256,512,1024\n       bus-sc   157   310K       -     5479  16,32,64,128,256,512,1024,2048,4096\n      devstat    32    65K       -       32  32,4096\n eventhandler   104     9K       -      104  64,128\n       DEVFS3   230    58K       -      270  256\n         kobj   349  1396K       -     1111  4096\n       DEVFS1   202   101K       -      238  512\n      Per-cpu     1     1K       -        1  32\n        DEVFS    41     1K       -       42  16,128\n         rman   360    41K       -      754  16,32,128\n         sbuf     0     0K       -     2295  16,32,64,128,256\n       sglist     3     1K       -        3  32\n    taskqueue   115    17K       -      159  16,32,64,128,256\n     terminal    11     3K       -       11  256\n       Unitno    28     2K       -      120  32,64\n         vmem     2   160K       -        3  \n     ioctlops     0     0K       -      158  16,32,64\n          iov     1     1K       -       27  64,256,512\n          msg     4    30K       -        4  2048,4096\n          sem     4   106K       -        4  2048,4096\n          shm     1    20K       -        1  \n          tty    14    14K       -       14  1024\n        shmfd     1     8K       -        1  \n          pcb    12  8341K       -       12  16,128,1024,2048\n     vfscache     1 16384K       -        1  \n     vfs_hash     1  8192K       -        1  \n       vnodes     1     1K       -        1  256\n        mount   194     7K       -      402  16,32,64,128,256\n  vnodemarker     0     0K       -        8  512\n          BPF     3     1K       -        3  128\n        ifnet     4     7K       -        4  128,2048\n       ifaddr    34    10K       -       34  32,64,256,512,2048,4096\n        clone     8     1K       -        8  128\n       arpcom     2     1K       -        2  16\n      lltable     6     3K       -        6  512\n     routetbl     5     2K       -        5  256,512\n         igmp     3     1K       -        3  256\n     sctp_vrf     1     1K       -        1  64\n    hostcache     1    28K       -        1  \n     syncache     1    64K       -        1  \n          mld     3     1K       -        3  128\n          rpc     2     1K       -        2  512\naudit_evclass   187     6K       -      228  32\n    ufs_quota     1  8192K       -        1  \n    vm_pgdata     7  8193K       -        7  128\n      UMAHash    19    10K       -       19  512\n    pfs_nodes    73    19K       -       73  256\n  pfs_vncache     2     1K       -        2  64\n      scsi_cd     0     0K       -       11  16\n         GEOM   404    67K       -     3278  16,32,64,128,256,512,1024,2048\n      memdesc     1     4K       -        1  4096\n       feeder    20     2K       -       24  32,128\n      acpidev    36     3K       -       36  64\n     atkbddev     2     1K       -        2  64\n      CAM CCB     1     2K       -    22943  2048\n        mixer     3    12K       -        3  4096\n    raid_data     0     0K       -      480  32,128,256\n     CAM path    22     1K       -      110  32\n      solaris 326492 166906K       -   672607  16,32,64,128,256,512,1024,2048,4096\n         UART     6     5K       -        6  16,1024\n   kstat_data     6     1K       -        6  64\n   CAM periph    16     4K       -       40  16,32,64,128,256\nmd_nvidia_data     0     0K       -       78  512\n     pci_link    16     2K       -       16  32,64,128\n  md_sii_data     0     0K       -       78  512\n    acpi_perf     8     1K       -        8  64\n    CAM queue    23     8K       -       57  16,32,512\n       apmdev     1     1K       -        1  128\n   madt_table     0     0K       -        1  4096\nCAM dev queue     8     1K       -        8  64\n      CAM SIM     8     2K       -        8  256\n  ddb_capture     1    48K       -        1  \n      io_apic     2     4K       -        2  2048\n          MCA     8     1K       -        8  128\n          msi     4     1K       -        4  128\n     nexusdev     4     1K       -        4  16\n       isadev     5     1K       -        5  128\n          USB    46    59K       -       52  16,32,64,128,256,512,1024,2048,4096\n       USBdev    35     4K       -       35  32,64,128,256\n        linux    17     2K       -       17  64\n       spicds     7     1K       -        7  128\n     envy24ht    15   195K       -       15  64,2048\n       cpuctl     1     1K       -        1  64\n       crypto     1     1K       -        1  512\n       cyclic    32     3K       -       32  16,64,128\n          SDT    32     2K       -       32  16,64\n          fbt 60661  7839K       -    60661  128\n     iprtheap    17    54K       -       17  32,64,128,256\n       nvidia   194   864K       -      195  16,32,64,128,256,512,1024,2048,4096\n         ipmi     0     0K       -       11  128\n     gem_name    59    10K       -       62  32,4096\n   drm_global     2     1K       -        2  128,256\n   drm_vblank     7     1K       -        7  16,64\n      drm_dma     2     1K       -        2  32\n    drm_sarea     1     1K       -        1  16\n   drm_driver    32  2203K       -       36  16,32,64,128,256,512,1024,4096\ndrm_ctxbitmap     1     4K       -        1  4096\n     drm_sman    13     2K       -       13  128\n  drm_hashtab     1  4096K       -        1  \n      drm_kms    90    18K       -      108  16,32,64,128,256,2048\n       ttm_pd     6     9K       -        6  16,2048\n     ttm_rman     2     1K       -        2  256\n     ttm_zone     2     1K       -        2  64\n  ttm_poolmgr     1     1K       -        1  512\n  fdesc_mount     1     1K       -        1  16\n\n------------------------------------------------------------------------\nvmstat -z\n\nITEM                   SIZE  LIMIT     USED     FREE      REQ FAIL SLEEP\n\nUMA Kegs:               384,      0,     267,       3,     267,   0,   0\nUMA Zones:             1664,      0,     267,       1,     267,   0,   0\nUMA Slabs:              112,      0,   12325,      30,   14833,   0,   0\nUMA RCntSlabs:          120,      0,       0,       0,       0,   0,   0\nUMA Hash:               256,      0,      58,      32,      77,   0,   0\n4 Bucket:                32,      0,    1296,    1184,    9186,   0,   0\n6 Bucket:                48,      0,     310,    1018,    1646,   0,   0\n8 Bucket:                64,      0,     103,    1199,    2674,   0,   0\n12 Bucket:               96,      0,      64,    1084,    1327,   0,   0\n16 Bucket:              128,      0,     100,    1171,    1676,  17,   0\n32 Bucket:              256,      0,     240,     630,    4097,  49,   0\n64 Bucket:              512,      0,     238,     287,    1922,  49,   0\n128 Bucket:            1024,      0,    1190,     102,    6750,   0,   0\nvmem btag:               56,      0,   14856,     409,   14954, 215,   0\nVM OBJECT:              256,      0,     583,     407,    1328,   0,   0\nRADIX NODE:             144,      0,    8773,     272,   13246,   0,   0\nMAP:                    240,      0,       3,      61,       3,   0,   0\nKMAP ENTRY:             128,      0,       8,     271,       8,   0,   0\nMAP ENTRY:              128,      0,     103,    1044,    1717,   0,   0\nVMSPACE:                448,      0,       4,     172,      54,   0,   0\nfakepg:                 104,      0,       0,       0,       0,   0,   0\nmt_zone:               4112,      0,     405,       0,     405,   0,   0\n16:                      16,      0,       6,     243,       6,   0,   0\n16:                      16,      0,    2762,     724,    3015,   0,   0\n16:                      16,      0,  154129,     749,  173890,   0,   0\n16:                      16,      0,      54,     693,   28214,   0,   0\n16:                      16,      0,      62,     436,      63,   0,   0\n16:                      16,      0,     690,     804,    5386,   0,   0\n16:                      16,      0,      30,     219,      30,   0,   0\n16:                      16,      0,       1,     746,      18,   0,   0\n32:                      32,      0,      30,     962,     116,   0,   0\n32:                      32,      0,    3092,     876,    3286,   0,   0\n32:                      32,      0,   74071,     577,  140388,   0,   0\n32:                      32,      0,      66,     430,    4216,   0,   0\n32:                      32,      0,      18,    1098,      98,   0,   0\n32:                      32,      0,     833,     903,    2868,   0,   0\n32:                      32,      0,      94,     526,     186,   0,   0\n32:                      32,      0,       8,     612,     164,   0,   0\n64:                      64,      0,       5,     181,       6,   0,   0\n64:                      64,      0,     516,     786,     586,   0,   0\n64:                      64,      0,   20714,    1172,   73124,   0,   0\n64:                      64,      0,     767,     659,    1637,   0,   0\n64:                      64,      0,      80,     106,      80,   0,   0\n64:                      64,      0,    9171,     749,    9688,   0,   0\n64:                      64,      0,     131,     303,     131,   0,   0\n64:                      64,      0,    1038,     884,    1071,   0,   0\n128:                    128,      0,      34,     865,      95,   0,   0\n128:                    128,      0,    1899,     364,    1908,   0,   0\n128:                    128,      0,  121894,   13359,  190707,   0,   0\n128:                    128,      0,    1077,     318,   27008,   0,   0\n128:                    128,      0,     112,     911,     192,   0,   0\n128:                    128,      0,    1877,     882,    4086,   0,   0\n128:                    128,      0,      29,     126,      30,   0,   0\n128:                    128,      0,     524,     499,     526,   0,   0\n256:                    256,      0,       2,      73,       2,   0,   0\n256:                    256,      0,     301,     254,     444,   0,   0\n256:                    256,      0,    7514,    4696,   54916,   0,   0\n256:                    256,      0,      64,     131,     740,   0,   0\n256:                    256,      0,      28,     287,     348,   0,   0\n256:                    256,      0,     903,     447,    1957,   0,   0\n256:                    256,      0,      31,      44,      31,   0,   0\n256:                    256,      0,       4,     251,      18,   0,   0\n512:                    512,      0,       2,      33,       9,   0,   0\n512:                    512,      0,      88,     206,     244,   0,   0\n512:                    512,      0,     347,     500,   78882,   0,   0\n512:                    512,      0,      16,      47,      35,   0,   0\n512:                    512,      0,       3,      32,       3,   0,   0\n512:                    512,      0,     327,     198,    2807,   0,   0\n512:                    512,      0,      47,      16,      47,   0,   0\n512:                    512,      0,       1,      62,       2,   0,   0\n1024:                  1024,      0,       0,      92,      99,   0,   0\n1024:                  1024,      0,       9,      19,       9,   0,   0\n1024:                  1024,      0,    8351,     125,   23312,   0,   0\n1024:                  1024,      0,       5,      23,    2074,   0,   0\n1024:                  1024,      0,      16,      12,      16,   0,   0\n1024:                  1024,      0,     230,      82,    1273,   0,   0\n1024:                  1024,      0,       2,      14,       2,   0,   0\n1024:                  1024,      0,       0,       0,       0,   0,   0\n2048:                  2048,      0,       2,       4,       9,   0,   0\n2048:                  2048,      0,       6,       4,       6,   0,   0\n2048:                  2048,      0,      11,      25,      39,   0,   0\n2048:                  2048,      0,       8,      58,   22955,   0,   0\n2048:                  2048,      0,      21,       9,      30,   0,   0\n2048:                  2048,      0,      48,      38,     466,   0,   0\n2048:                  2048,      0,       5,       1,       5,   0,   0\n2048:                  2048,      0,       0,       0,       0,   0,   0\n4096:                  4096,      0,       0,       0,       0,   0,   0\n4096:                  4096,      0,       5,       0,       5,   0,   0\n4096:                  4096,      0,     298,       2,     497,   0,   0\n4096:                  4096,      0,      10,       0,      12,   0,   0\n4096:                  4096,      0,      16,       0,      17,   0,   0\n4096:                  4096,      0,      25,       0,     415,   0,   0\n4096:                  4096,      0,      15,       0,      15,   0,   0\n4096:                  4096,      0,     349,       9,    1111,   0,   0\nuint64 pcpu:              8,      0,    1398,     138,    1398,   0,   0\nSLEEPQUEUE:              88,      0,     334,     565,     334,   0,   0\nFiles:                   80,      0,       8,    1021,     395,   0,   0\nrl_entry:                40,      0,       6,     588,       6,   0,   0\nTURNSTILE:              136,      0,     334,     226,     334,   0,   0\numtx pi:                 96,      0,       0,       0,       0,   0,   0\nMAC labels:              40,      0,       0,       0,       0,   0,   0\nPROC:                  1208,      0,      26,      46,      75,   0,   0\nTHREAD:                1168,      0,     295,      38,     438,   0,   0\ncpuset:                  72,      0,     282,     488,     425,   0,   0\ncyclic_id_cache:         64,      0,       0,       0,       0,   0,   0\naudit_record:          1248,      0,       0,       0,       0,   0,   0\nmbuf_packet:            256, 25720710,       0,      10,       0,   0,   0\nmbuf:                   256, 25720710,       1,     134,       1,   0,   0\nmbuf_cluster:          2048, 4018860,       0,       0,       0,   0,   0\nmbuf_jumbo_page:       4096, 2009429,       0,       0,       0,   0,   0\nmbuf_jumbo_9k:         9216, 1786158,       0,       0,       0,   0,   0\nmbuf_jumbo_16k:       16384, 1339616,       0,       0,       0,   0,   0\nmbuf_ext_refcnt:          4,      0,       0,       0,       0,   0,   0\nsendfile_sync:          128,      0,       0,       0,       0,   0,   0\ndtrace_state_cache:    4096,      0,       0,       0,       0,   0,   0\ng_bio:                  248,      0,       3,     669,   68266,   0,   0\nDMAR_MAP_ENTRY:         120,      0,       0,       0,       0,   0,   0\nttyinq:                 160,      0,      15,      57,      15,   0,   0\nttyoutq:                256,      0,       8,      67,       8,   0,   0\nata_request:            336,      0,       0,      88,      42,   0,   0\nvtnet_tx_hdr:            24,      0,       0,       0,       0,   0,   0\ncryptop:                 88,      0,       0,       0,       0,   0,   0\ncryptodesc:              72,      0,       0,       0,       0,   0,   0\nnv_stack_t:           12288,      0,       2,       1,       6,   0,   0\nFPU_save_area:          512,      0,       0,       0,       0,   0,   0\ntaskq_zone:              48,      0,       0,     664,      47,   0,   0\ntaskq_zone:              48,      0,       0,       0,       0,   0,   0\nVNODE:                  472,      0,    4245,     139,    4246,   0,   0\nVNODEPOLL:              112,      0,       0,       0,       0,   0,   0\nBUF TRIE:               144,      0,       0,  105948,       0,   0,   0\nNAMEI:                 1024,      0,       0,     104,     887,   0,   0\nS VFS Cache:            108,      0,     247,     908,     285,   0,   0\nSTS VFS Cache:          148,      0,       0,       0,       0,   0,   0\nL VFS Cache:            328,      0,       0,       0,       0,   0,   0\nLTS VFS Cache:          368,      0,       0,       0,       0,   0,   0\nNCLNODE:                528,      0,       0,       0,       0,   0,   0\nDIRHASH:               1024,      0,       0,       0,       0,   0,   0\nreference_cache:         40,      0,       0,       0,       0,   0,   0\nreference_history_cache:      8,      0,       0,       0,       0,   0,   0\nrange_seg_cache:         64,      0,   15246,   81288,  176756,   0,   0\nzio_cache:              920,      0,    2874,    3294,  146114,   0,   0\nzio_link_cache:          48,      0,    2867,    4686,  145725,   0,   0\nzio_buf_512:            512,      0,    4917,     221,    5752,   0,   0\nzio_data_buf_512:       512,      0,     362,     247,     801,   0,   0\nzio_buf_1024:          1024,      0,      95,     113,     269,   0,   0\nzio_data_buf_1024:     1024,      0,     421,      99,     521,   0,   0\nzio_buf_1536:          1536,      0,      35,     127,     335,   0,   0\nzio_data_buf_1536:     1536,      0,     717,      85,     845,   0,   0\nzio_buf_2048:          2048,      0,      45,      91,     262,   0,   0\nzio_data_buf_2048:     2048,      0,     295,      51,     408,   0,   0\nzio_buf_2560:          2560,      0,      11,      70,     131,   0,   0\nzio_data_buf_2560:     2560,      0,     202,      32,     291,   0,   0\nzio_buf_3072:          3072,      0,       4,      53,      79,   0,   0\nzio_data_buf_3072:     3072,      0,     151,      29,     225,   0,   0\nzio_buf_3584:          3584,      0,       5,      28,      49,   0,   0\nzio_data_buf_3584:     3584,      0,     106,      11,     153,   0,   0\nzio_buf_4096:          4096,      0,    3767,    1199,   45373,   0,   0\nzio_data_buf_4096:     4096,      0,      97,     116,    2911,   0,   0\nzio_buf_5120:          5120,      0,       2,      55,      89,   0,   0\nzio_data_buf_5120:     5120,      0,     185,      21,     272,   0,   0\nzio_buf_6144:          6144,      0,       5,      35,      62,   0,   0\nzio_data_buf_6144:     6144,      0,     150,      13,     206,   0,   0\nzio_buf_7168:          7168,      0,       2,      37,      51,   0,   0\nzio_data_buf_7168:     7168,      0,     110,      10,     164,   0,   0\nzio_buf_8192:          8192,      0,       2,     286,    1766,   0,   0\nzio_data_buf_8192:     8192,      0,     102,       9,     192,   0,   0\nzio_buf_10240:        10240,      0,       1,      49,      59,   0,   0\nzio_data_buf_10240:   10240,      0,     145,      10,     215,   0,   0\nzio_buf_12288:        12288,      0,       1,     176,    1011,   0,   0\nzio_data_buf_12288:   12288,      0,     102,      10,     149,   0,   0\nzio_buf_14336:        14336,      0,       0,      24,      27,   0,   0\nzio_data_buf_14336:   14336,      0,      67,      12,     100,   0,   0\nzio_buf_16384:        16384,      0,     718,      40,    2238,   0,   0\nzio_data_buf_16384:   16384,      0,      57,       8,      86,   0,   0\nzio_buf_20480:        20480,      0,       0,      57,     571,   0,   0\nzio_data_buf_20480:   20480,      0,      59,       7,     102,   0,   0\nzio_buf_24576:        24576,      0,       0,      40,     565,   0,   0\nzio_data_buf_24576:   24576,      0,      44,       6,      67,   0,   0\nzio_buf_28672:        28672,      0,       0,     131,    1560,   0,   0\nzio_data_buf_28672:   28672,      0,      40,      13,      60,   0,   0\nzio_buf_32768:        32768,      0,       0,      27,     290,   0,   0\nzio_data_buf_32768:   32768,      0,      31,       5,      43,   0,   0\nzio_buf_36864:        36864,      0,       1,      16,     244,   0,   0\nzio_data_buf_36864:   36864,      0,      32,       3,      40,   0,   0\nzio_buf_40960:        40960,      0,       0,      14,     139,   0,   0\nzio_data_buf_40960:   40960,      0,      18,       1,      19,   0,   0\nzio_buf_45056:        45056,      0,       0,      13,      99,   0,   0\nzio_data_buf_45056:   45056,      0,      21,       3,      25,   0,   0\nzio_buf_49152:        49152,      0,       0,      18,      89,   0,   0\nzio_data_buf_49152:   49152,      0,      16,       3,      22,   0,   0\nzio_buf_53248:        53248,      0,       1,      17,     148,   0,   0\nzio_data_buf_53248:   53248,      0,      22,       3,      26,   0,   0\nzio_buf_57344:        57344,      0,       0,      11,      73,   0,   0\nzio_data_buf_57344:   57344,      0,      14,       1,      15,   0,   0\nzio_buf_61440:        61440,      0,       0,      12,      56,   0,   0\nzio_data_buf_61440:   61440,      0,      10,       3,      13,   0,   0\nzio_buf_65536:        65536,      0,       0,      11,      46,   0,   0\nzio_data_buf_65536:   65536,      0,       4,       1,       5,   0,   0\nzio_buf_69632:        69632,      0,       0,       8,      27,   0,   0\nzio_data_buf_69632:   69632,      0,       8,       1,       9,   0,   0\nzio_buf_73728:        73728,      0,       0,       9,      27,   0,   0\nzio_data_buf_73728:   73728,      0,       5,       0,       5,   0,   0\nzio_buf_77824:        77824,      0,       0,       9,      41,   0,   0\nzio_data_buf_77824:   77824,      0,       6,       1,       7,   0,   0\nzio_buf_81920:        81920,      0,       0,      13,      84,   0,   0\nzio_data_buf_81920:   81920,      0,       9,       1,      10,   0,   0\nzio_buf_86016:        86016,      0,       0,       8,      25,   0,   0\nzio_data_buf_86016:   86016,      0,       5,       3,       8,   0,   0\nzio_buf_90112:        90112,      0,       0,      10,      33,   0,   0\nzio_data_buf_90112:   90112,      0,       3,       1,       4,   0,   0\nzio_buf_94208:        94208,      0,       0,       6,      15,   0,   0\nzio_data_buf_94208:   94208,      0,       4,       1,       5,   0,   0\nzio_buf_98304:        98304,      0,       1,       5,      20,   0,   0\nzio_data_buf_98304:   98304,      0,       9,       0,       9,   0,   0\nzio_buf_102400:      102400,      0,       0,       7,      13,   0,   0\nzio_data_buf_102400: 102400,      0,       2,       1,       3,   0,   0\nzio_buf_106496:      106496,      0,       0,      16,      99,   0,   0\nzio_data_buf_106496: 106496,      0,      12,       2,      14,   0,   0\nzio_buf_110592:      110592,      0,       0,      12,      72,   0,   0\nzio_data_buf_110592: 110592,      0,       6,       1,       7,   0,   0\nzio_buf_114688:      114688,      0,       0,      22,      79,   0,   0\nzio_data_buf_114688: 114688,      0,       6,       0,       6,   0,   0\nzio_buf_118784:      118784,      0,       0,       8,      22,   0,   0\nzio_data_buf_118784: 118784,      0,       0,       0,       0,   0,   0\nzio_buf_122880:      122880,      0,       0,       9,      28,   0,   0\nzio_data_buf_122880: 122880,      0,       6,       0,       6,   0,   0\nzio_buf_126976:      126976,      0,       0,      10,      22,   0,   0\nzio_data_buf_126976: 126976,      0,       0,       0,       0,   0,   0\nzio_buf_131072:      131072,      0,     160,      79,     862,   0,   0\nzio_data_buf_131072: 131072,      0,     383,       8,     556,   0,   0\nlz4_ctx:              16384,      0,       0,       0,       0,   0,   0\nsa_cache:                80,      0,    4199,     848,    4199,   0,   0\ndnode_t:               1096,      0,    4649,      31,    5833,   0,   0\ndmu_buf_impl_t:         336,      0,    9678,      68,   14441,   0,   0\narc_buf_hdr_t:          328,      0,   10162,     134,   11502,   0,   0\narc_buf_t:               72,      0,    9396,     614,   12289,   0,   0\nzil_lwb_cache:          192,      0,       0,       0,       0,   0,   0\nzfs_znode_cache:        368,      0,    4199,     151,    4199,   0,   0\npipe:                   744,      0,       0,      55,      13,   0,   0\nMountpoints:            816,      0,      17,      23,      17,   0,   0\nprocdesc:               128,      0,       0,       0,       0,   0,   0\nksiginfo:               112,      0,      24,    1026,      24,   0,   0\nitimer:                 352,      0,       0,       0,       0,   0,   0\nKNOTE:                  128,      0,       0,       0,       0,   0,   0\nsocket:                 696, 2062880,       0,       0,       0,   0,   0\nipq:                     56, 125599,       0,       0,       0,   0,   0\nudp_inpcb:              392, 2062880,       0,       0,       0,   0,   0\nudpcb:                   16, 2062965,       0,       0,       0,   0,   0\ntcp_inpcb:              392, 2062880,       0,       0,       0,   0,   0\ntcpcb:                 1024, 2062880,       0,       0,       0,   0,   0\ntcptw:                   88,  27810,       0,       0,       0,   0,   0\nsyncache:               160,  15360,       0,       0,       0,   0,   0\nhostcache:              136,  15370,       0,       0,       0,   0,   0\ntcpreass:                40, 251262,       0,       0,       0,   0,   0\nsackhole:                32,      0,       0,       0,       0,   0,   0\nsctp_ep:               1408, 2062880,       0,       0,       0,   0,   0\nsctp_asoc:             2352,  40000,       0,       0,       0,   0,   0\nsctp_laddr:              48,  80012,       0,       0,       0,   0,   0\nsctp_raddr:             728,  80000,       0,       0,       0,   0,   0\nsctp_chunk:             136, 400026,       0,       0,       0,   0,   0\nsctp_readq:             104, 400026,       0,       0,       0,   0,   0\nsctp_stream_msg_out:    104, 400026,       0,       0,       0,   0,   0\nsctp_asconf:             40, 400059,       0,       0,       0,   0,   0\nsctp_asconf_ack:         48, 400060,       0,       0,       0,   0,   0\nripcb:                  392, 2062880,       0,       0,       0,   0,   0\nunpcb:                  240, 2062880,       0,       0,       0,   0,   0\nrtentry:                200,      0,       0,       0,       0,   0,   0\nselfd:                   56,      0,       0,       0,       0,   0,   0\nSWAPMETA:               288, 8037731,       0,       0,       0,   0,   0\n\n\n------------------------------------------------------------------------\nvmstat -i\n\ninterrupt                          total       rate\nirq6: fdc0                            22          0\nirq14: ata0                           61          0\nirq17: uhci0 ehci0                    54          0\nirq18: uhci2+                        306          2\nirq19: uhci1 ahci0+                21712        146\ncpu0:timer                          3524         23\nirq259: hdac0                          9          0\ncpu7:timer                          2042         13\ncpu1:timer                          1450          9\ncpu3:timer                          3609         24\ncpu2:timer                          1414          9\ncpu6:timer                          1949         13\ncpu4:timer                          1408          9\ncpu5:timer                          1575         10\nTotal                              39135        264\n\n------------------------------------------------------------------------\npstat -T\n\n  8/2062880 files\n0M/147455M swap space\n\n------------------------------------------------------------------------\npstat -s\n\nDevice          512-blocks     Used    Avail Capacity\n/dev/#C:0xc0      50331392        0 50331392     0%\n/dev/ad14p2       50331392        0 50331392     0%\n/dev/usb/3.2.1    50331392        0 50331392     0%\n/dev/#C:0xd0      50331392        0 50331392     0%\n/dev/#C:0xd8      50331392        0 50331392     0%\n/dev/#C:0xe0      50331392        0 50331392     0%\nTotal            301988352        0 301988352     0%\n\n------------------------------------------------------------------------\niostat\n\n       tty            ada0             ada1             ada2             cpu\n tin  tout  KB/t tps  MB/s   KB/t tps  MB/s   KB/t tps  MB/s  us ni sy in id\n   0     9 15.20 161  2.39  14.99 169  2.47  15.24 167  2.49   0  0  4  1 96\n\n------------------------------------------------------------------------\nipcs -a\n\nMessage Queues:\nT           ID          KEY MODE        OWNER    GROUP    CREATOR  CGROUP                 CBYTES                 QNUM               QBYTES        LSPID        LRPID STIME    RTIME    CTIME   \n\nShared Memory:\nT           ID          KEY MODE        OWNER    GROUP    CREATOR  CGROUP         NATTCH        SEGSZ         CPID         LPID ATIME    DTIME    CTIME   \n\nSemaphores:\nT           ID          KEY MODE        OWNER    GROUP    CREATOR  CGROUP          NSEMS OTIME    CTIME   \n\n\n------------------------------------------------------------------------\nipcs -T\n\nmsginfo:\n\tmsgmax:        16384\t(max characters in a message)\n\tmsgmni:           40\t(# of message queues)\n\tmsgmnb:         2048\t(max characters in a message queue)\n\tmsgtql:           40\t(max # of messages in system)\n\tmsgssz:            8\t(size of a message segment)\n\tmsgseg:         2048\t(# of message segments in system)\n\nshminfo:\n\tshmmax:    536870912\t(max shared memory segment size)\n\tshmmin:            1\t(min shared memory segment size)\n\tshmmni:          192\t(max number of shared memory identifiers)\n\tshmseg:          128\t(max shared memory segments per process)\n\tshmall:       131072\t(max amount of shared memory in pages)\n\nseminfo:\n\tsemmni:           50\t(# of semaphore identifiers)\n\tsemmns:          340\t(# of semaphores in system)\n\tsemmnu:          150\t(# of undo structures in system)\n\tsemmsl:          340\t(max # of semaphores per id)\n\tsemopm:          100\t(max # of operations per semop call)\n\tsemume:           50\t(max # of undo entries per process)\n\tsemusz:          632\t(size in bytes of undo structure)\n\tsemvmx:        32767\t(semaphore maximum value)\n\tsemaem:        16384\t(adjust on exit max value)\n\n\n------------------------------------------------------------------------\nnfsstat\n\nClient Info:\nRpc Counts:\n  Getattr   Setattr    Lookup  Readlink      Read     Write    Create    Remove\n        2         0         0         0         0         0         0         0\n   Rename      Link   Symlink     Mkdir     Rmdir   Readdir  RdirPlus    Access\n        0         0         0         0         0         0         0         0\n    Mknod    Fsstat    Fsinfo  PathConf    Commit\n        0         1         1         0         0\nRpc Info:\n TimedOut   Invalid X Replies   Retries  Requests\n        0         0         0         0         4\nCache Info:\nAttr Hits    Misses Lkup Hits    Misses BioR Hits    Misses BioW Hits    Misses\n        0         0         0         0         0         0         0         0\nBioRLHits    Misses BioD Hits    Misses DirE Hits    Misses Accs Hits    Misses\n        0         0         0         0         0         0         0         0\n\nServer Info:\n  Getattr   Setattr    Lookup  Readlink      Read     Write    Create    Remove\n        0         0         0         0         0         0         0         0\n   Rename      Link   Symlink     Mkdir     Rmdir   Readdir  RdirPlus    Access\n        0         0         0         0         0         0         0         0\n    Mknod    Fsstat    Fsinfo  PathConf    Commit\n        0         0         0         0         0\nServer Ret-Failed\n                0\nServer Faults\n            0\nServer Cache Stats:\n   Inprog      Idem  Non-idem    Misses\n        0         0         0         0\nServer Write Gathering:\n WriteOps  WriteRPC   Opsaved\n        0         0         0\n\n------------------------------------------------------------------------\nnetstat -s\n\ntcp:\n\t0 packets sent\n\t\t0 data packets (0 bytes)\n\t\t0 data packets (0 bytes) retransmitted\n\t\t0 data packets unnecessarily retransmitted\n\t\t0 resends initiated by MTU discovery\n\t\t0 ack-only packets (0 delayed)\n\t\t0 URG only packets\n\t\t0 window probe packets\n\t\t0 window update packets\n\t\t0 control packets\n\t0 packets received\n\t\t0 acks (for 0 bytes)\n\t\t0 duplicate acks\n\t\t0 acks for unsent data\n\t\t0 packets (0 bytes) received in-sequence\n\t\t0 completely duplicate packets (0 bytes)\n\t\t0 old duplicate packets\n\t\t0 packets with some dup. data (0 bytes duped)\n\t\t0 out-of-order packets (0 bytes)\n\t\t0 packets (0 bytes) of data after window\n\t\t0 window probes\n\t\t0 window update packets\n\t\t0 packets received after close\n\t\t0 discarded for bad checksums\n\t\t0 discarded for bad header offset fields\n\t\t0 discarded because packet too short\n\t\t0 discarded due to memory problems\n\t0 connection requests\n\t0 connection accepts\n\t0 bad connection attempts\n\t0 listen queue overflows\n\t0 ignored RSTs in the windows\n\t0 connections established (including accepts)\n\t0 connections closed (including 0 drops)\n\t\t0 connections updated cached RTT on close\n\t\t0 connections updated cached RTT variance on close\n\t\t0 connections updated cached ssthresh on close\n\t0 embryonic connections dropped\n\t0 segments updated rtt (of 0 attempts)\n\t0 retransmit timeouts\n\t\t0 connections dropped by rexmit timeout\n\t0 persist timeouts\n\t\t0 connections dropped by persist timeout\n\t0 Connections (fin_wait_2) dropped because of timeout\n\t0 keepalive timeouts\n\t\t0 keepalive probes sent\n\t\t0 connections dropped by keepalive\n\t0 correct ACK header predictions\n\t0 correct data packet header predictions\n\t0 syncache entries added\n\t\t0 retransmitted\n\t\t0 dupsyn\n\t\t0 dropped\n\t\t0 completed\n\t\t0 bucket overflow\n\t\t0 cache overflow\n\t\t0 reset\n\t\t0 stale\n\t\t0 aborted\n\t\t0 badack\n\t\t0 unreach\n\t\t0 zone failures\n\t0 cookies sent\n\t0 cookies received\n\t0 hostcache entries added\n\t\t0 bucket overflow\n\t0 SACK recovery episodes\n\t0 segment rexmits in SACK recovery episodes\n\t0 byte rexmits in SACK recovery episodes\n\t0 SACK options (SACK blocks) received\n\t0 SACK options (SACK blocks) sent\n\t0 SACK scoreboard overflow\n\t0 packets with ECN CE bit set\n\t0 packets with ECN ECT(0) bit set\n\t0 packets with ECN ECT(1) bit set\n\t0 successful ECN handshakes\n\t0 times ECN reduced the congestion window\nudp:\n\t0 datagrams received\n\t0 with incomplete header\n\t0 with bad data length field\n\t0 with bad checksum\n\t0 with no checksum\n\t0 dropped due to no socket\n\t0 broadcast/multicast datagrams undelivered\n\t0 dropped due to full socket buffers\n\t0 not for hashed pcb\n\t0 delivered\n\t0 datagrams output\n\t0 times multicast source filter matched\nip:\n\t0 total packets received\n\t0 bad header checksums\n\t0 with size smaller than minimum\n\t0 with data size \u003c data length\n\t0 with ip length \u003e max ip packet size\n\t0 with header length \u003c data size\n\t0 with data length \u003c header length\n\t0 with bad options\n\t0 with incorrect version number\n\t0 fragments received\n\t0 fragments dropped (dup or out of space)\n\t0 fragments dropped after timeout\n\t0 packets reassembled ok\n\t0 packets for this host\n\t0 packets for unknown/unsupported protocol\n\t0 packets forwarded (0 packets fast forwarded)\n\t0 packets not forwardable\n\t0 packets received for"
}