{
 "id": 372376,
 "bug_id": 108238,
 "attachment_id": 0,
 "creation_time": "2007-01-23T10:50:17Z",
 "creator": "tvernon24@comcast.net",
 "text": "I wrote a simple program in C to make a list of IP style addresses for fun. I wanted to time it piping output to a file and periodically check the file with tail to see how it was coming along. Tail starts acting erratically and eventually latches on to the file being written but is showing incorrect values in the numbers and won't end when you told it to. similar to this:\n\n(window 1) time ./ipgen \u003e outfile\n(window 2) tail -20 outfile\n\nThe first few times you issue the tail command it does what you would expect but hit your up arrow to repeat the command a few times in succession and you'll see the anomoly. I don't know how or why it does it but thought I'd bring it up in case there's the chance some 0-day security hole could be prepared to exploit it somehow or another.\n\nI'll include my make.conf file, and my kernel conf file so you can see how my system is setup, including dmesg.boot output. I've done the make buildworld process using this make.conf file so possibly the optimization flags could play a role but again I'm unsure.\n\n[make.conf]\nCFLAGS=-march=pentium3 -O2 -pipe\nMAKEOPTS=-j16\nCXXFLAGS=${CFLAGS}\n\n# added by use.perl 2006-11-22 23:52:34\nPERL_VER=5.8.8\nPERL_VERSION=5.8.8\n\n\n[dmesg.boot]\nCopyright (c) 1992-2007 The FreeBSD Project.\nCopyright (c) 1979, 1980, 1983, 1986, 1988, 1989, 1991, 1992, 1993, 1994\n        The Regents of the University of California. All rights reserved.\nFreeBSD is a registered trademark of The FreeBSD Foundation.\nFreeBSD 6.2-STABLE #2: Tue Jan 23 00:50:47 CST 2007\n    root@nerdnos:/usr/obj/usr/src/sys/STREAMLINE\nMPTable: \u003cIBM ENSW Osceola SMP \u003e\nTimecounter \"i8254\" frequency 1193182 Hz quality 0\nCPU: Pentium III/Pentium III Xeon/Celeron (549.98-MHz 686-class CPU)\n  Origin = \"GenuineIntel\"  Id = 0x673  Stepping = 3\n  Features=0x383fbff\u003cFPU,VME,DE,PSE,TSC,MSR,PAE,MCE,CX8,APIC,SEP,MTRR,PGE,MCA,CMOV,PAT,PSE36,MMX,FXSR,SSE\u003e\nreal memory  = 2415865856 (2303 MB)\navail memory = 2364243968 (2254 MB)\nFreeBSD/SMP: Multiprocessor System Detected: 4 CPUs\n cpu0 (BSP): APIC ID:  3\n cpu1 (AP): APIC ID:  0\n cpu2 (AP): APIC ID:  1\n cpu3 (AP): APIC ID:  2\nioapic0: Assuming intbase of 0\nioapic1: Assuming intbase of 24\nioapic1 \u003cVersion 1.1\u003e irqs 24-47 on motherboard\nioapic0 \u003cVersion 1.1\u003e irqs 0-23 on motherboard\nkbd1 at kbdmux0\ncpu0 on motherboard\ncpu1 on motherboard\ncpu2 on motherboard\ncpu3 on motherboard\npcib0: \u003cMPTable Host-PCI bridge\u003e pcibus 0 on motherboard\npci0: \u003cPCI bus\u003e on pcib0\nisab0: \u003cPCI-ISA bridge\u003e at device 0.0 on pci0\nisa0: \u003cISA bus\u003e on isab0\natapci0: \u003cIntel PIIX4 UDMA33 controller\u003e port 0x1f0-0x1f7,0x3f6,0x170-0x177,0x376,0x450-0x45f at device 0.1 on pci0\nata0: \u003cATA channel 0\u003e on atapci0\nata1: \u003cATA channel 1\u003e on atapci0\nuhci0: \u003cIntel 82371AB/EB (PIIX4) USB controller\u003e port 0x460-0x47f irq 18 at device 0.2 on pci0\nuhci0: [GIANT-LOCKED]\nusb0: \u003cIntel 82371AB/EB (PIIX4) USB controller\u003e on uhci0\nusb0: USB revision 1.0\nuhub0: Intel UHCI root hub, class 9/0, rev 1.00/1.00, addr 1\nuhub0: 2 ports with 2 removable, self powered\npiix0: \u003cPIIX Timecounter\u003e port 0x440-0x44f at device 0.3 on pci0\nTimecounter \"PIIX\" frequency 3579545 Hz quality 0\npcib1: \u003cMPTable PCI-PCI bridge\u003e at device 1.0 on pci0\npci1: \u003cPCI bus\u003e on pcib1\npci1: \u003cbridge\u003e at device 2.0 (no driver attached)\nahc0: \u003cAdaptec aic7895 Ultra SCSI adapter\u003e port 0x3100-0x31ff mem 0xa7010000-0xa7010fff irq 15 at device 4.0 on pci1\nahc0: [GIANT-LOCKED]\naic7895C: Ultra Wide Channel A, SCSI Id=7, 32/253 SCBs\nahc1: \u003cAdaptec aic7895 Ultra SCSI adapter\u003e port 0x3200-0x32ff mem 0xa7011000-0xa7011fff irq 16 at device 4.1 on pci1\nahc1: [GIANT-LOCKED]\naic7895C: Ultra Wide Channel B, SCSI Id=7, 32/253 SCBs\npci0: \u003cdisplay, VGA\u003e at device 10.0 (no driver attached)\ntx0: \u003cSMC EtherPower II 10/100\u003e port 0x2000-0x20ff mem 0xa78ff000-0xa78fffff irq 34 at device 11.0 on pci0\nmiibus0: \u003cMII bus\u003e on tx0\nqsphy0: \u003cQS6612 10/100 media interface\u003e on miibus0\nqsphy0:  10baseT, 10baseT-FDX, 100baseTX, 100baseTX-FDX, auto\n type SMC9432TX\ntx0: [GIANT-LOCKED]\ntx0: Ethernet address: 00:e0:29:3e:d1:3a\ntx0: if_start running deferred for Giant\npcib4: \u003cMPTable Host-PCI bridge\u003e pcibus 4 on motherboard\npci4: \u003cPCI bus\u003e on pcib4\nips0: \u003cIBM ServeRAID Adapter\u003e port 0x6000-0x60ff mem 0xd3100000-0xd31fffff irq 33 at device 10.0 on pci4\npcib10: \u003cMPTable Host-PCI bridge\u003e pcibus 10 on motherboard\npci10: \u003cPCI bus\u003e on pcib10\nbge0: \u003cBroadcom BCM5701 B5, ASIC rev. 0x105\u003e mem 0xfebf0000-0xfebfffff irq 25 at device 2.0 on pci10\nmiibus1: \u003cMII bus\u003e on bge0\nbrgphy0: \u003cBCM5701 10/100/1000baseTX PHY\u003e on miibus1\nbrgphy0:  10baseT, 10baseT-FDX, 100baseTX, 100baseTX-FDX, 1000baseTX, 1000baseTX-FDX, auto\nbge0: Ethernet address: 00:02:a5:e7:66:a0\nbge1: \u003cBroadcom BCM5701 B5, ASIC rev. 0x105\u003e mem 0xfebe0000-0xfebeffff irq 26 at device 3.0 on pci10\nmiibus2: \u003cMII bus\u003e on bge1\nbrgphy1: \u003cBCM5701 10/100/1000baseTX PHY\u003e on miibus2\nbrgphy1:  10baseT, 10baseT-FDX, 100baseTX, 100baseTX-FDX, 1000baseTX, 1000baseTX-FDX, auto\nbge1: Ethernet address: 00:02:a5:e7:69:47\npmtimer0 on isa0\norm0: \u003cISA Option ROMs\u003e at iomem 0xc0000-0xc7fff,0xc8000-0xc87ff on isa0\natkbdc0: \u003cKeyboard controller (i8042)\u003e at port 0x60,0x64 on isa0\natkbd0: \u003cAT Keyboard\u003e irq 1 on atkbdc0\nkbd0 at atkbd0\natkbd0: [GIANT-LOCKED]\npsm0: \u003cPS/2 Mouse\u003e irq 12 on atkbdc0\npsm0: [GIANT-LOCKED]\npsm0: model IntelliMouse, device ID 3\nppc0: \u003cParallel port\u003e at port 0x378-0x37f irq 7 on isa0\nppc0: Generic chipset (NIBBLE-only) in COMPATIBLE mode\nppbus0: \u003cParallel port bus\u003e on ppc0\nppi0: \u003cParallel I/O\u003e on ppbus0\nlpt0: \u003cPrinter\u003e on ppbus0\nlpt0: Interrupt-driven port\nsc0: \u003cSystem console\u003e at flags 0x100 on isa0\nsc0: VGA \u003c16 virtual consoles, flags=0x300\u003e\nsio0 at port 0x3f8-0x3ff irq 4 flags 0x10 on isa0\nsio0: type 16550A\nsio1 at port 0x2f8-0x2ff irq 3 on isa0\nsio1: type 16550A\nvga0: \u003cGeneric ISA VGA\u003e at port 0x3c0-0x3df iomem 0xa0000-0xbffff on isa0\nunknown: \u003cPNP0501\u003e can't assign resources (port)\nunknown: \u003cPNP0501\u003e can't assign resources (port)\nunknown: \u003cPNP0401\u003e can't assign resources (port)\nunknown: \u003cPNP0f13\u003e can't assign resources (irq)\nunknown: \u003cPNP0c01\u003e can't assign resources (memory)\nunknown: \u003cPNP0303\u003e can't assign resources (port)\nTimecounters tick every 1.000 msec\nad0: 78167MB \u003cMaxtor 6Y080L0 YAR41VW0\u003e at ata0-master UDMA33\nWaiting 5 seconds for SCSI devices to settle\nips0: reinitializing adapter, this could take several minutes.\nips0: adapter type: ServeRAID 3L (clarinet lite)\nips0: logical drives: 1\nips0: Logical Drive 0: RAID5 sectors: 35545088, state OK\nipsd0: \u003cLogical Drive\u003e on ips0\nipsd0: Logical Drive  (17356MB)\nSMP: AP CPU #3 Launched!\nSMP: AP CPU #2 Launched!\nSMP: AP CPU #1 Launched!\nTrying to mount root from ufs:/dev/ipsd0s1a\n\n[KERNCONF]\nmachine         i386\ncpu             I686_CPU\nident           STREAMLINE\n\n# To statically compile in device wiring instead of /boot/device.hints\n#hints          \"GENERIC.hints\"         # Default places to look for devices.\n\n\noptions         SCHED_4BSD              # scheduler, ULE is slow right now\noptions         PREEMPTION              # Enable kernel thread preemption\noptions         EXT2FS\noptions         INET                    # InterNETworking\noptions         INET6                   # IPv6 communications protocols\noptions         FFS                     # Berkeley Fast Filesystem\noptions         SOFTUPDATES             # Enable FFS soft updates support\noptions         UFS_ACL                 # Support for access control lists\noptions         UFS_DIRHASH             # Improve performance on big directories\noptions         MD_ROOT                 # MD is a potential root device\noptions         NFSCLIENT               # Network Filesystem Client\noptions         NFSSERVER               # Network Filesystem Server\noptions         NFS_ROOT                # NFS usable as /, requires NFSCLIENT\noptions         MSDOSFS                 # MSDOS Filesystem\noptions         CD9660                  # ISO 9660 Filesystem\noptions         PROCFS                  # Process filesystem (requires PSEUDOFS)\noptions         PSEUDOFS                # Pseudo-filesystem framework\noptions         GEOM_GPT                # GUID Partition Tables.\noptions         COMPAT_43               # Compatible with BSD 4.3 [KEEP THIS!]\noptions         COMPAT_FREEBSD4         # Compatible with FreeBSD4\noptions         COMPAT_FREEBSD5         # Compatible with FreeBSD5\noptions         SCSI_DELAY=5000         # Delay (in ms) before probing SCSI\noptions         SYSVSHM                 # SYSV-style shared memory\noptions         SYSVMSG                 # SYSV-style message queues\noptions         SYSVSEM                 # SYSV-style semaphores\noptions         _KPOSIX_PRIORITY_SCHEDULING # POSIX P1003_1B real-time\noptions         KBD_INSTALL_CDEV        # install a CDEV entry in /dev\noptions         ADAPTIVE_GIANT          # Giant mutex is adaptive.\n\ndevice          apic                    # I/O APIC\n\n# Bus support.\ndevice          eisa\ndevice          pci\n\n\n# ATA and ATAPI devices\ndevice          ata\ndevice          atadisk         # ATA disk drives\ndevice          atapicd         # ATAPI CDROM drives\noptions         ATA_STATIC_ID   # Static device numbering\n\n# SCSI Controllers\ndevice          ahc             # AHA2940 and onboard AIC7xxx devices\ndevice          aic             # Adaptec 15[012]x SCSI adapters, AIC-6[23]60.\n\n\n# SCSI peripherals\ndevice          scbus           # SCSI bus (required for SCSI)\ndevice          da              # Direct Access (disks)\ndevice          cd              # CD\ndevice          pass            # Passthrough device (direct SCSI access)\ndevice          ses             # SCSI Environmental Services (and SAF-TE)\n\n# RAID controllers interfaced to the SCSI subsystem\ndevice          ips             # IBM (Adaptec) ServeRAID\n\n# atkbdc0 controls both the keyboard and the PS/2 mouse\ndevice          atkbdc          # AT keyboard controller\ndevice          atkbd           # AT keyboard\ndevice          psm             # PS/2 mouse\ndevice          kbdmux          # keyboard multiplexer\ndevice          vga             # VGA video card driver\ndevice          splash          # Splash screen and screen saver support\n\n# syscons is the default console driver, resembling an SCO console\ndevice          sc\ndevice          agp             # support several AGP chipsets\n\n# Power management support (see NOTES for more options)\ndevice          apm\n# Add suspend/resume support for the i8254.\ndevice          pmtimer\n\n# Serial (COM) ports\ndevice          sio             # 8250, 16[45]50 based serial ports\n\n# Parallel port\ndevice          ppc\ndevice          ppbus           # Parallel port bus (required)\ndevice          lpt             # Printer\ndevice          ppi             # Parallel port interface device\n\n\n# PCI Ethernet NICs that use the common MII bus controller code.\n# NOTE: Be sure to keep the 'device miibus' line in order to use these NICs!\ndevice          miibus          # MII bus support\ndevice          bge             # Broadcom BCM570xx Gigabit Ethernet\ndevice          tx              # SMC EtherPower II (83c170 ``EPIC'')\n\n# Pseudo devices.\ndevice          loop            # Network loopback\ndevice          random          # Entropy device\ndevice          ether           # Ethernet support\ndevice          sl              # Kernel SLIP\ndevice          ppp             # Kernel PPP\ndevice          tun             # Packet tunnel.\ndevice          pty             # Pseudo-ttys (telnet etc)\ndevice          md              # Memory \"disks\"\ndevice          gif             # IPv6 and IPv4 tunneling\ndevice          faith           # IPv6-to-IPv4 relaying (translation)\n\n# The `bpf' device enables the Berkeley Packet Filter.\n# Be aware of the administrative consequences of enabling this!\n# Note that 'bpf' is required for DHCP.\ndevice          bpf             # Berkeley packet filter\n\n# USB support\ndevice          uhci            # UHCI PCI-\u003eUSB interface\ndevice          usb             # USB Bus (required)\n\noptions         SMP\n\nFix: \n\nI don't know where to even start. Could be my compiler flags and architecture, could be ssh is somehow omitting the -20 flag for tail by means of network related screwup.\nHow-To-Repeat: here's the code to my script that I wrote that helped me see the issue.\n\n\n[ipgen.c]++++++++++++++++++++CUT/PASTE+++++++++++++++++++++++++\n#include \u003cstdio.h\u003e\n\nint main()\n{\nint a,b,c,d;\na = b = c = d = 0;\n\nwhile (a != 255){\nd++;\nif (d == 255){  c++; d = 0;}\nif (c == 255){  b++; c = 0;}\nif (b == 255){  a++; b = 0;}\nprintf(\"%d.%d.%d.%d\\n\", a, b, c, d);\n}return 0;}\n\n++++++++++++++++++++++++CUT/PASTE++++++++++++++++++++++++++++\n\nCompile this with:\ngcc -march=pentium3 -O2 ipgen.c -o ipgen\n\nThen run the program:\ntime ./ipgen \u003e outfile\n\nThen try to view 20 lines of output with tail at another console window:\ntail -20 outfile\n\nThis is when all the weirdness begins on my system. I'm viewing through an ssh connection from putty on a windows 2k machine over a wifi network. Sometimes it does it on the first try and sometimes it takes up to 6 tries but eventually the numbers aren't right in what the screen shows and the last stage just keeps scrolling as if you had used tail -f. The numbers appear to be earlier in the sequence than where they really are."
}