{
 "id": 480054,
 "bug_id": 130698,
 "attachment_id": 0,
 "creation_time": "2009-01-18T15:50:00Z",
 "creator": "tps@vr-web.de",
 "text": "yum# dmesg\nCopyright (c) 1992-2008 The FreeBSD Project.\nCopyright (c) 1979, 1980, 1983, 1986, 1988, 1989, 1991, 1992, 1993, 1994\n\tThe Regents of the University of California. All rights reserved.\nFreeBSD is a registered trademark of The FreeBSD Foundation.\nFreeBSD 8.0-CURRENT #37: Wed Dec 10 14:18:10 CET 2008\n    root@yum.tps:/usr/obj/usr/src/sys/YUM\nWARNING: WITNESS option enabled, expect reduced performance.\nTimecounter \"i8254\" frequency 1193182 Hz quality 0\nCPU: Intel(R) Core(TM)2 Duo CPU     T7500  @ 2.20GHz (989.12-MHz 686-class CPU)\n  Origin = \"GenuineIntel\"  Id = 0x6fb  Stepping = 11\n  Features=0xfebfbff\u003cFPU,VME,DE,PSE,TSC,MSR,PAE,MCE,CX8,APIC,SEP,MTRR,PGE,MCA,CMOV,PAT,PSE36,CLFLUSH,DTS,ACPI,MMX,FXSR,SSE,SSE2,SS\u003e\n  Features2=0x2201\u003cSSE3,SSSE3,CX16\u003e\n  AMD Features=0x20100000\u003cNX,LM\u003e\n  AMD Features2=0x1\u003cLAHF\u003e\n  TSC: P-state invariant\nreal memory  = 201326592 (192 MB)\navail memory = 178044928 (169 MB)\nACPI APIC Table: \u003cPTLTD  \t APIC  \u003e\nMADT: Forcing active-low polarity and level trigger for SCI\nioapic0 \u003cVersion 1.1\u003e irqs 0-23 on motherboard\nkbd1 at kbdmux0\nacpi0: \u003cINTEL 440BX\u003e on motherboard\nacpi0: [ITHREAD]\nacpi0: Power Button (fixed)\nTimecounter \"ACPI-fast\" frequency 3579545 Hz quality 1000\nacpi_timer0: \u003c24-bit timer at 3.579545MHz\u003e port 0x1008-0x100b on acpi0\npcib0: \u003cACPI Host-PCI bridge\u003e port 0xcf8-0xcff on acpi0\npci0: \u003cACPI PCI bus\u003e on pcib0\npcib1: \u003cACPI PCI-PCI bridge\u003e at device 1.0 on pci0\npci1: \u003cACPI PCI bus\u003e on pcib1\nisab0: \u003cPCI-ISA bridge\u003e at device 7.0 on pci0\nisa0: \u003cISA bus\u003e on isab0\natapci0: \u003cIntel PIIX4 UDMA33 controller\u003e port 0x1f0-0x1f7,0x3f6,0x170-0x177,0x376,0x1400-0x140f at device 7.1 on pci0\nata0: \u003cATA channel 0\u003e on atapci0\nata0: [ITHREAD]\nata1: \u003cATA channel 1\u003e on atapci0\nata1: [ITHREAD]\npci0: \u003cbridge\u003e at device 7.3 (no driver attached)\nvgapci0: \u003cVGA-compatible display\u003e port 0x1410-0x141f mem 0xf0000000-0xf7ffffff,0xe8000000-0xe87fffff at device 15.0 on pci0\nbt1: \u003cBuslogic Multi-Master SCSI Host Adapter\u003e port 0x1060-0x107f mem 0xe8800000-0xe880001f irq 17 at device 16.0 on pci0\nbt1: BT-958 FW Rev. 5.07B Ultra Wide SCSI Host Adapter, SCSI ID 7, 192 CCBs\nbt1: [GIANT-LOCKED]\nbt1: [ITHREAD]\nle1: \u003cAMD PCnet-PCI\u003e port 0x1080-0x10ff irq 18 at device 17.0 on pci0\nle1: 16 receive buffers, 4 transmit buffers\nle1: Ethernet address: 00:0c:29:bf:26:f2\nle1: [ITHREAD]\nacpi_acad0: \u003cAC Adapter\u003e on acpi0\natrtc0: \u003cAT realtime clock\u003e port 0x70-0x71 irq 8 on acpi0\natkbdc0: \u003cKeyboard controller (i8042)\u003e port 0x60,0x64 irq 1 on acpi0\natkbd0: \u003cAT Keyboard\u003e irq 1 on atkbdc0\nkbd0 at atkbd0\natkbd0: [GIANT-LOCKED]\natkbd0: [ITHREAD]\npsm0: \u003cPS/2 Mouse\u003e irq 12 on atkbdc0\npsm0: [GIANT-LOCKED]\npsm0: [ITHREAD]\npsm0: model IntelliMouse, device ID 3\nppc0: \u003cParallel port\u003e port 0x378-0x37f irq 7 on acpi0\nppc0: Generic chipset (NIBBLE-only) in COMPATIBLE mode\nppc0: [GIANT-LOCKED]\nppc0: [ITHREAD]\nppbus0: \u003cParallel port bus\u003e on ppc0\nplip0: \u003cPLIP network interface\u003e on ppbus0\nplip0: WARNING: using obsoleted IFF_NEEDSGIANT flag\nlpt0: \u003cPrinter\u003e on ppbus0\nlpt0: Interrupt-driven port\nppi0: \u003cParallel I/O\u003e on ppbus0\nuart0: \u003c16550 or compatible\u003e port 0x3f8-0x3ff irq 4 flags 0x10 on acpi0\nuart0: [FILTER]\nuart1: \u003c16550 or compatible\u003e port 0x2f8-0x2ff irq 3 on acpi0\nuart1: [FILTER]\nfdc0: \u003cfloppy drive controller\u003e port 0x3f0-0x3f5,0x3f7 irq 6 drq 2 on acpi0\nfdc0: [FILTER]\nfd0: \u003c1440-KB 3.5\" drive\u003e on fdc0 drive 0\ncpu0: \u003cACPI CPU\u003e on acpi0\nacpi_throttle0: \u003cACPI CPU Throttling\u003e on cpu0\npmtimer0 on isa0\norm0: \u003cISA Option ROMs\u003e at iomem 0xc0000-0xc7fff,0xc8000-0xc8fff,0xdc000-0xdffff,0xe4000-0xe7fff pnpid ORM0000 on isa0\nsc0: \u003cSystem console\u003e at flags 0x100 on isa0\nsc0: VGA \u003c16 virtual consoles, flags=0x300\u003e\nvga0: \u003cGeneric ISA VGA\u003e at port 0x3c0-0x3df iomem 0xa0000-0xbffff on isa0\nTimecounter \"TSC\" frequency 989117558 Hz quality 800\nTimecounters tick every 100.000 msec\nad0: 8192MB \u003cVMware Virtual IDE Hard Drive 00000001\u003e at ata0-master UDMA33\nacd0: CDROM \u003cVMware Virtual IDE CDROM Drive/00000001\u003e at ata1-master UDMA33\nWaiting 5 seconds for SCSI devices to settle\nWARNING: WITNESS option enabled, expect reduced performance.\nTrying to mount root from ufs:/dev/ad0s1a\n\nThe kernel boots and the system is usable.\nSame with a kernel after Dec. 10th: looks mainly the same, but \"root\" does not mount because it is not found. The system asks for its root device:\nManual root filesystem specification:\n  \u003cfstype\u003e:\u003cdevice\u003e  Mount \u003cdevice\u003e using filesystem \u003cfstype\u003e\n                       eg. ufs:da0s1a\n  ?                  List valid disk boot devices\n  \u003cempty line\u003e       Abort manual input\n\nmountroot\u003e ?\n\nList of GEOM managed disk devices:\n  ad0f ad0e ad0d ad0b ad0a acd0 ad0 fd0\n\nshouldn't this list look like:\n  ad0s1a ad0s1b ad0s1d ad0s1e ad0s1f acd0 ad0 fd0\n\nLooks like kernels after Dec. 10th, 2008 are having problems with the MBR\nwritten on disk by kernels before Dec. 10th.\n\nThe system is installed on a \"Dangerously dedicated disk\"."
}