{
 "id": 717134,
 "bug_id": 179113,
 "attachment_id": 0,
 "creation_time": "2013-06-06T20:49:32Z",
 "creator": "msa@latt.net",
 "text": "On Wed, Jun 05, 2013 at 10:51:18PM +0100, Steven Hartland wrote:\n\u003e Could you post a pciconf -lv as well as a dmesg from a boot\n\u003e where you're seeing the issue and after you've disabled dma\n\u003e please.\n\npciconf -lv:\nroot@procyon:/root # pciconf -lv\nhostb0@pci0:0:0:0:\tclass=0x060000 card=0x00000000 chip=0x00011078\nrev=0x00 hdr=0x00\n    vendor     = 'Cyrix Corporation'\n    device     = 'PCI Master'\n    class      = bridge\n    subclass   = HOST-PCI\nsis0@pci0:0:6:0:\tclass=0x020000 card=0x0020100b chip=0x0020100b\nrev=0x00 hdr=0x00\n    vendor     = 'National Semiconductor Corporation'\n    device     = 'DP83815 (MacPhyter) Ethernet Controller'\n    class      = network\n    subclass   = ethernet\nsis1@pci0:0:7:0:\tclass=0x020000 card=0x0020100b chip=0x0020100b\nrev=0x00 hdr=0x00\n    vendor     = 'National Semiconductor Corporation'\n    device     = 'DP83815 (MacPhyter) Ethernet Controller'\n    class      = network\n    subclass   = ethernet\nsis2@pci0:0:8:0:\tclass=0x020000 card=0x0020100b chip=0x0020100b\nrev=0x00 hdr=0x00\n    vendor     = 'National Semiconductor Corporation'\n    device     = 'DP83815 (MacPhyter) Ethernet Controller'\n    class      = network\n    subclass   = ethernet\nisab0@pci0:0:18:0:\tclass=0x060100 card=0x0500100b chip=0x0510100b\nrev=0x00 hdr=0x00\n    vendor     = 'National Semiconductor Corporation'\n    device     = 'SC1100 Bridge'\n    class      = bridge\n    subclass   = PCI-ISA\nnone0@pci0:0:18:1:\tclass=0x068000 card=0x0501100b chip=0x0511100b\nrev=0x00 hdr=0x00\n    vendor     = 'National Semiconductor Corporation'\n    device     = 'SC1100 SMI \u0026 ACPI'\n    class      = bridge\natapci0@pci0:0:18:2:\tclass=0x010180 card=0x0502100b chip=0x0502100b\nrev=0x01 hdr=0x00\n    vendor     = 'National Semiconductor Corporation'\n    device     = 'SCx200, SC1100 IDE controller'\n    class      = mass storage\n    subclass   = ATA\nnone1@pci0:0:18:5:\tclass=0x068000 card=0x0505100b chip=0x0515100b\nrev=0x00 hdr=0x00\n    vendor     = 'National Semiconductor Corporation'\n    device     = 'SC1100 XBus'\n    class      = bridge\nohci0@pci0:0:19:0:\tclass=0x0c0310 card=0xa0f80e11 chip=0xa0f80e11\nrev=0x08 hdr=0x00\n    vendor     = 'Compaq Computer Corporation'\n    device     = 'ZFMicro Chipset USB'\n    class      = serial bus\n    subclass   = USB\n-snip-\n\nboot with issue:\n(setting hw.ata.ata_dma=1 via the loader)\n\nPOST: 012345689bcefghipsajklnopqr,,,tvwxy\n\n\n\n\n\n\n\n\ncomBIOS ver. 1.33  20080103  Copyright (C) 2000-2007 Soekris\nEngineering.\n\nnet4801\n\n0128 Mbyte Memory                        CPU Geode SC1100 267 Mhz \n\nPri Mas  CF Card                         LBA Xlt 971-255-63  7807 Mbyte\n\nSlot   Vend Dev  ClassRev Cmd  Stat CL LT HT  Base1    Base2   Int \n-------------------------------------------------------------------\n0:00:0 1078 0001 06000000 0107 0280 00 00 00 00000000 00000000 \n0:06:0 100B 0020 02000000 0107 0290 00 3F 00 0000E101 A0000000 10\n0:07:0 100B 0020 02000000 0107 0290 00 3F 00 0000E201 A0001000 10\n0:08:0 100B 0020 02000000 0107 0290 00 3F 00 0000E301 A0002000 10\n0:18:2 100B 0502 01018001 0005 0280 00 00 00 00000000 00000000 \n0:19:0 0E11 A0F8 0C031008 0117 0280 08 38 00 A0003000 00000000 11\n\n 1 Seconds to automatic boot.   Press Ctrl-P for entering Monitor.\n /boot/kernel/kernel text=0x3e6407 data=0x3fd6c+0x2b110\nsyms=[0x4+0x4bf60+0x4+0x6d1fd]\n-\n  ______               ____   _____ _____  \n |  ____|             |  _ \\ / ____|  __ \\ \n | |___ _ __ ___  ___ | |_) | (___ | |  | |\n |  ___| '__/ _ \\/ _ \\|  _ \u003c \\___ \\| |  | |\n | |   | | |  __/  __/| |_) |____) | |__| |\n | |   | | |    |    ||     |      |      |\n |_|   |_|  \\___|\\___||____/|_____/|_____/    ```\n`\n                                             s` `.....---.......--.```\n-/\n ÉÍÍÍÍÍÍÍÍÍÍÍÍWelcome to FreeBSDÍÍÍÍÍÍÍÍÍÍÍ» +o   .--`         /y:`\n+.\n º                                         º  yo`:.            :o\n`+-\n º  1. Boot [Enter]                        º   y/               -/`\n-o/\n º  2. [Esc]ape to loader prompt           º  .-\n::/sy+:.\n º  3. Reboot                              º  /                     `--\n/\n º                                         º `:\n:`\n º  Options:                               º `:\n:`\n º  5. Safe [M]ode... off                  º  /\n/\n º  6. [S]ingle User. off                  º  .-\n-.\n º  7. [V]erbose..... off                  º   --\n-.\n º                                         º    `:`                  `:`\n º                                         º      .--             `--.\n º                                         º         .---.....----.\n ÈÍÍÍÍÍÍÍÍÍÍÍÍÍÍÍÍÍÍÍÍÍÍÍÍÍÍÍÍÍÍÍÍÍÍÍÍÍÍÍÍÍ¼\n                                          \n\nTo get back to the menu, type `menu' and press ENTER\nor type `boot' and press ENTER to start FreeBSD.\n\n\n\nType '?' for a list of commands, 'help' for more detailed help.\nOK set hw.ata.ata_dma=1\nOK boot\nCopyright (c) 1992-2012 The FreeBSD Project.\nCopyright (c) 1979, 1980, 1983, 1986, 1988, 1989, 1991, 1992, 1993, 1994\n\tThe Regents of the University of California. All rights\nreserved.\nFreeBSD is a registered trademark of The FreeBSD Foundation.\nFreeBSD 9.1-RELEASE #2: Wed May 29 16:01:42 UTC 2013\n    msa@procyon.latt.net:/usr/src/sys/i386/compile/NET4801 i386\nCPU: Geode(TM) Integrated Processor by National Semi (586-class CPU)\n  Origin = \"Geode by NSC\"  Id = 0x540  Family = 5  Model = 4  Stepping =\n0\n  Features=0x808131\u003cFPU,TSC,MSR,CX8,CMOV,MMX\u003e\nreal memory  = 134217728 (128 MB)\navail memory = 121683968 (116 MB)\nkbd0 at kbdmux0\npcib0 pcibus 0 on motherboard\npci0: \u003cPCI bus\u003e on pcib0\nsis0: \u003cNatSemi DP8381[56] 10/100BaseTX\u003e port 0xe100-0xe1ff mem\n0xa0000000-0xa0000fff irq 10 at device 6.0 on pci0\nsis0: Silicon Revision: DP83816A\nmiibus0: \u003cMII bus\u003e on sis0\nnsphyter0: \u003cDP83815 10/100 media interface\u003e PHY 0 on miibus0\nnsphyter0:  none, 10baseT, 10baseT-FDX, 100baseTX, 100baseTX-FDX, auto\nsis0: Ethernet address: 00:00:24:c2:a9:50\nsis1: \u003cNatSemi DP8381[56] 10/100BaseTX\u003e port 0xe200-0xe2ff mem\n0xa0001000-0xa0001fff irq 10 at device 7.0 on pci0\nsis1: Silicon Revision: DP83816A\nmiibus1: \u003cMII bus\u003e on sis1\nnsphyter1: \u003cDP83815 10/100 media interface\u003e PHY 0 on miibus1\nnsphyter1:  none, 10baseT, 10baseT-FDX, 100baseTX, 100baseTX-FDX, auto\nsis1: Ethernet address: 00:00:24:c2:a9:51\nsis2: \u003cNatSemi DP8381[56] 10/100BaseTX\u003e port 0xe300-0xe3ff mem\n0xa0002000-0xa0002fff irq 10 at device 8.0 on pci0\nsis2: Silicon Revision: DP83816A\nmiibus2: \u003cMII bus\u003e on sis2\nnsphyter2: \u003cDP83815 10/100 media interface\u003e PHY 0 on miibus2\nnsphyter2:  none, 10baseT, 10baseT-FDX, 100baseTX, 100baseTX-FDX, auto\nsis2: Ethernet address: 00:00:24:c2:a9:52\nGeode Soekris net4801 comBIOS ver. 1.33 20080103 Copyright (C) 2000-2007\nisab0: \u003cPCI-ISA bridge\u003e port 0x6100-0x613f,0x6200-0x623f at device 18.0\non pci0\nisa0: \u003cISA bus\u003e on isab0\npci0: \u003cbridge\u003e at device 18.1 (no driver attached)\natapci0: \u003cNational Geode SC1100 ATA33 controller\u003e port\n0x1f0-0x1f7,0x3f6,0x170-0x177,0x376,0xe000-0xe00f at device 18.2 on pci0\nata0: \u003cATA channel\u003e at channel 0 on atapci0\nata1: \u003cATA channel\u003e at channel 1 on atapci0\nTimecounter \"Geode\" frequency 27000000 Hz quality 1000\npci0: \u003cbridge\u003e at device 18.5 (no driver attached)\nohci0: \u003cOHCI (generic) USB controller\u003e mem 0xa0003000-0xa0003fff irq 11\nat device 19.0 on pci0\nusbus0 on ohci0\ncpu0 on motherboard\npmtimer0 on isa0\norm0: \u003cISA Option ROM\u003e at iomem 0xc8000-0xd0fff pnpid ORM0000 on isa0\natkbdc0: \u003cKeyboard controller (i8042)\u003e at port 0x60,0x64 on isa0\natkbd0: \u003cAT Keyboard\u003e irq 1 on atkbdc0\nkbd1 at atkbd0\natkbd0: [GIANT-LOCKED]\natrtc0: \u003cAT realtime clock\u003e at port 0x70 irq 8 on isa0\nEvent timer \"RTC\" frequency 32768 Hz quality 0\nattimer0: \u003cAT timer\u003e at port 0x40 on isa0\nTimecounter \"i8254\" frequency 1193182 Hz quality 0\nEvent timer \"i8254\" frequency 1193182 Hz quality 100\nuart0: \u003c16550 or compatible\u003e at port 0x3f8-0x3ff irq 4 flags 0x10 on\nisa0\nuart0: console (9600,n,8,1)\nuart1: \u003c16550 or compatible\u003e at port 0x2f8-0x2ff irq 3 on isa0\nTimecounters tick every 1.000 msec\nusbus0: 12Mbps Full Speed USB v1.0\nugen0.1: \u003c0x0e11\u003e at usbus0\nuhub0: \u003c0x0e11 OHCI root HUB, class 9/0, rev 1.00/1.00, addr 1\u003e on\nusbus0\nada0 at ata0 bus 0 scbus0 target 0 lun 0\nada0: \u003cCF Card Ver7.00\u003e ATA-5 device\nada0: 33.300MB/s transfers (UDMA2, PIO 512bytes)\nada0: 7623MB (15613920 512 byte sectors: 16H 63S/T 15490C)\nada0: Previously was known as ad0\nuhub0: 3 ports with 3 removable, self powered\n(ada0:ata0:0:0:0): READ_DMA. ACB: c8 00 01 00 00 40 00 00 00 00 01 00\n(ada0:ata0:0:0:0): CAM status: Command timeout\n(ada0:ata0:0:0:0): Retrying command\n(ada0:ata0:0:0:0): READ_DMA. ACB: c8 00 01 00 00 40 00 00 00 00 01 00\n(ada0:ata0:0:0:0): CAM status: Command timeout\n(ada0:ata0:0:0:0): Retrying command\n(ada0:ata0:0:0:0): READ_DMA. ACB: c8 00 01 00 00 40 00 00 00 00 01 00\n(ada0:ata0:0:0:0): CAM status: Command timeout\n(ada0:ata0:0:0:0): Retrying command\n(ada0:ata0:0:0:0): READ_DMA. ACB: c8 00 01 00 00 40 00 00 00 00 01 00\n(ada0:ata0:0:0:0): CAM status: Command timeout\n(ada0:ata0:0:0:0): Retrying command\n(ada0:ata0:0:0:0): READ_DMA. ACB: c8 00 01 00 00 40 00 00 00 00 01 00\n(ada0:ata0:0:0:0): CAM status: Command timeout\n(ada0:ata0:0:0:0): Error 5, Retries exhausted\n(ada0:ata0:0:0:0): READ_DMA. ACB: c8 00 00 00 00 40 00 00 00 00 01 00\n(ada0:ata0:0:0:0): CAM status: Command timeout\n(ada0:ata0:0:0:0): Retrying command\n(ada0:ata0:0:0:0): READ_DMA. ACB: c8 00 00 00 00 40 00 00 00 00 01 00\n(ada0:ata0:0:0:0): CAM status: Command timeout\n(ada0:ata0:0:0:0): Retrying command\n(ada0:ata0:0:0:0): READ_DMA. ACB: c8 00 00 00 00 40 00 00 00 00 01 00\n(ada0:ata0:0:0:0): CAM status: Command timeout\n(ada0:ata0:0:0:0): Retrying command\n(ada0:ata0:0:0:0): READ_DMA. ACB: c8 00 00 00 00 40 00 00 00 00 01 00\n(ada0:ata0:0:0:0): CAM status: Command timeout\n(ada0:ata0:0:0:0): Retrying command\n(ada0:ata0:0:0:0): READ_DMA. ACB: c8 00 00 00 00 40 00 00 00 00 01 00\n(ada0:ata0:0:0:0): CAM status: Command timeout\n(ada0:ata0:0:0:0): Error 5, Retries exhausted\n(ada0:ata0:0:0:0): READ_DMA. ACB: c8 00 00 00 00 40 00 00 00 00 01 00\n(ada0:ata0:0:0:0): CAM status: Command timeout\n(ada0:ata0:0:0:0): Retrying command\n(ada0:ata0:0:0:0): READ_DMA. ACB: c8 00 00 00 00 40 00 00 00 00 01 00\n(ada0:ata0:0:0:0): CAM status: Command timeout\n(ada0:ata0:0:0:0): Retrying command\n-snip-\n\nNote that it never actually even seems to give up, I'd expect it to \npanic here, but it will indefinitely retry.\n\ndmesg with workaround in place:\n\nroot@procyon:/root # dmesg\nCopyright (c) 1992-2012 The FreeBSD Project.\nCopyright (c) 1979, 1980, 1983, 1986, 1988, 1989, 1991, 1992, 1993, 1994\n\tThe Regents of the University of California. All rights\nreserved.\nFreeBSD is a registered trademark of The FreeBSD Foundation.\nFreeBSD 9.1-RELEASE #2: Wed May 29 16:01:42 UTC 2013\n    msa@procyon.latt.net:/usr/src/sys/i386/compile/NET4801 i386\nCPU: Geode(TM) Integrated Processor by National Semi (586-class CPU)\n  Origin = \"Geode by NSC\"  Id = 0x540  Family = 5  Model = 4  Stepping =\n0\n  Features=0x808131\u003cFPU,TSC,MSR,CX8,CMOV,MMX\u003e\nreal memory  = 134217728 (128 MB)\navail memory = 121683968 (116 MB)\nkbd0 at kbdmux0\npcib0 pcibus 0 on motherboard\npci0: \u003cPCI bus\u003e on pcib0\nsis0: \u003cNatSemi DP8381[56] 10/100BaseTX\u003e port 0xe100-0xe1ff mem\n0xa0000000-0xa0000fff irq 10 at device 6.0 on pci0\nsis0: Silicon Revision: DP83816A\nmiibus0: \u003cMII bus\u003e on sis0\nnsphyter0: \u003cDP83815 10/100 media interface\u003e PHY 0 on miibus0\nnsphyter0:  none, 10baseT, 10baseT-FDX, 100baseTX, 100baseTX-FDX, auto\nsis0: Ethernet address: 00:00:24:c2:a9:50\nsis1: \u003cNatSemi DP8381[56] 10/100BaseTX\u003e port 0xe200-0xe2ff mem\n0xa0001000-0xa0001fff irq 10 at device 7.0 on pci0\nsis1: Silicon Revision: DP83816A\nmiibus1: \u003cMII bus\u003e on sis1\nnsphyter1: \u003cDP83815 10/100 media interface\u003e PHY 0 on miibus1\nnsphyter1:  none, 10baseT, 10baseT-FDX, 100baseTX, 100baseTX-FDX, auto\nsis1: Ethernet address: 00:00:24:c2:a9:51\nsis2: \u003cNatSemi DP8381[56] 10/100BaseTX\u003e port 0xe300-0xe3ff mem\n0xa0002000-0xa0002fff irq 10 at device 8.0 on pci0\nsis2: Silicon Revision: DP83816A\nmiibus2: \u003cMII bus\u003e on sis2\nnsphyter2: \u003cDP83815 10/100 media interface\u003e PHY 0 on miibus2\nnsphyter2:  none, 10baseT, 10baseT-FDX, 100baseTX, 100baseTX-FDX, auto\nsis2: Ethernet address: 00:00:24:c2:a9:52\nGeode Soekris net4801 comBIOS ver. 1.33 20080103 Copyright (C) 2000-2007\nisab0: \u003cPCI-ISA bridge\u003e port 0x6100-0x613f,0x6200-0x623f at device 18.0\non pci0\nisa0: \u003cISA bus\u003e on isab0\npci0: \u003cbridge\u003e at device 18.1 (no driver attached)\natapci0: \u003cNational Geode SC1100 ATA33 controller\u003e port\n0x1f0-0x1f7,0x3f6,0x170-0x177,0x376,0xe000-0xe00f at device 18.2 on pci0\nata0: \u003cATA channel\u003e at channel 0 on atapci0\nata1: \u003cATA channel\u003e at channel 1 on atapci0\nTimecounter \"Geode\" frequency 27000000 Hz quality 1000\npci0: \u003cbridge\u003e at device 18.5 (no driver attached)\nohci0: \u003cOHCI (generic) USB controller\u003e mem 0xa0003000-0xa0003fff irq 11\nat device 19.0 on pci0\nusbus0 on ohci0\ncpu0 on motherboard\npmtimer0 on isa0\norm0: \u003cISA Option ROM\u003e at iomem 0xc8000-0xd0fff pnpid ORM0000 on isa0\natkbdc0: \u003cKeyboard controller (i8042)\u003e at port 0x60,0x64 on isa0\natkbd0: \u003cAT Keyboard\u003e irq 1 on atkbdc0\nkbd1 at atkbd0\natkbd0: [GIANT-LOCKED]\natrtc0: \u003cAT realtime clock\u003e at port 0x70 irq 8 on isa0\nEvent timer \"RTC\" frequency 32768 Hz quality 0\nattimer0: \u003cAT timer\u003e at port 0x40 on isa0\nTimecounter \"i8254\" frequency 1193182 Hz quality 0\nEvent timer \"i8254\" frequency 1193182 Hz quality 100\nuart0: \u003c16550 or compatible\u003e at port 0x3f8-0x3ff irq 4 flags 0x10 on\nisa0\nuart0: console (9600,n,8,1)\nuart1: \u003c16550 or compatible\u003e at port 0x2f8-0x2ff irq 3 on isa0\nTimecounters tick every 1.000 msec\nusbus0: 12Mbps Full Speed USB v1.0\nugen0.1: \u003c0x0e11\u003e at usbus0\nuhub0: \u003c0x0e11 OHCI root HUB, class 9/0, rev 1.00/1.00, addr 1\u003e on\nusbus0\nada0 at ata0 bus 0 scbus0 target 0 lun 0\nada0: \u003cCF Card Ver7.00\u003e ATA-5 device\nada0: 16.700MB/s transfers (PIO4, PIO 512bytes)\nada0: 7623MB (15613920 512 byte sectors: 16H 63S/T 15490C)\nada0: Previously was known as ad0\nRoot mount waiting for: usbus0\nuhub0: 3 ports with 3 removable, self powered\nTrying to mount root from ufs:/dev/ada0p2 [rw]...\n\nAnd finally, for comparison purposes, this is NetBSD 6.1 release,\nGENERIC, falling back gracefully on this hardware:\n\nPOST: 012345689bcefghipsajklnopqr,,,tvwxy\n\n\n\n\n\n\n\n\ncomBIOS ver. 1.33  20080103  Copyright (C) 2000-2007 Soekris\nEngineering.\n\nnet4801\n\n0128 Mbyte Memory                        CPU Geode SC1100 267 Mhz \n\nPri Mas  CF Card                         LBA Xlt 971-255-63  7807 Mbyte\n\nSlot   Vend Dev  ClassRev Cmd  Stat CL LT HT  Base1    Base2   Int \n-------------------------------------------------------------------\n0:00:0 1078 0001 06000000 0107 0280 00 00 00 00000000 00000000 \n0:06:0 100B 0020 02000000 0107 0290 00 3F 00 0000E101 A0000000 10\n0:07:0 100B 0020 02000000 0107 0290 00 3F 00 0000E201 A0001000 10\n0:08:0 100B 0020 02000000 0107 0290 00 3F 00 0000E301 A0002000 10\n0:18:2 100B 0502 01018001 0005 0280 00 00 00 00000000 00000000 \n0:19:0 0E11 A0F8 0C031008 0117 0280 08 38 00 A0003000 00000000 11\n\n 5 Seconds to automatic boot.   Press Ctrl-P for entering Monitor.\nNetBSD MBR boot\n\nNetBSD/x86 ffsv2 Primary Bootstrap\n\n\n\u003e\u003e NetBSD/x86 BIOS Boot, Revision 5.9 (from NetBSD 6.1)\n\u003e\u003e Memory: 639/130048 k\n\n     1. Boot normally\n     2. Boot single user\n     3. Disable ACPI\n     4. Disable ACPI and SMP\n     5. Drop to boot prompt\n\nChoose an option; RETURN for default; SPACE to stop countdown.\nOption 1 will be chosen in 0 seconds.     \n11254956+564092+464544 [600096+589560]=0xcdb064\nWARNING: couldn't open /var/db/entropy-file\nWARNING: 1 module failed to load\nCopyright (c) 1996, 1997, 1998, 1999, 2000, 2001, 2002, 2003, 2004,\n2005,\n    2006, 2007, 2008, 2009, 2010, 2011, 2012\n    The NetBSD Foundation, Inc.  All rights reserved.\nCopyright (c) 1982, 1986, 1989, 1991, 1993\n    The Regents of the University of California.  All rights reserved.\n\nNetBSD 6.1 (GENERIC)\ntotal memory = 127 MB\navail memory = 112 MB\nmainbus0 (root)\nacpi_probe: failed to initialize tables\ncpu0 at mainbus0: Geode(TM) Integrated Processor by National Semi, id\n0x540\npci0 at mainbus0 bus 0: configuration mode 1\npchb0 at pci0 dev 0 function 0: vendor 0x1078 product 0x0001 (rev. 0x00)\nsip0 at pci0 dev 6 function 0: NatSemi DP83815 10/100 Ethernet, rev 00\nsip0: interrupting at irq 10\nsip0: Ethernet address 00:00:24:c2:a8:04\nnsphyter0 at sip0 phy 0: DP83815 10/100 media interface, rev. 1\nnsphyter0: 10baseT, 10baseT-FDX, 100baseTX, 100baseTX-FDX, auto\nsip1 at pci0 dev 7 function 0: NatSemi DP83815 10/100 Ethernet, rev 00\nsip1: interrupting at irq 10\nsip1: Ethernet address 00:00:24:c2:a8:05\nnsphyter1 at sip1 phy 0: DP83815 10/100 media interface, rev. 1\nnsphyter1: 10baseT, 10baseT-FDX, 100baseTX, 100baseTX-FDX, auto\nsip2 at pci0 dev 8 function 0: NatSemi DP83815 10/100 Ethernet, rev 00\nsip2: interrupting at irq 10\nsip2: Ethernet address 00:00:24:c2:a8:06\nnsphyter2 at sip2 phy 0: DP83815 10/100 media interface, rev. 1\nnsphyter2: 10baseT, 10baseT-FDX, 100baseTX, 100baseTX-FDX, auto\ngscpcib0 at pci0 dev 18 function 0: vendor 0x100b product 0x0510 (rev.\n0x00)\ngpio0 at gscpcib0: 64 pins\nvendor 0x100b product 0x0511 (miscellaneous bridge) at pci0 dev 18\nfunction 1 not configured\ngeodeide0 at pci0 dev 18 function 2: AMD Geode SC1100 IDE controller\n(rev. 0x01)\ngeodeide0: primary channel interrupting at irq 14\natabus0 at geodeide0 channel 0\ngeodeide0: secondary channel interrupting at irq 15\natabus1 at geodeide0 channel 1\ngeodegcb0 at pci0 dev 18 function 5: AMD Geode GCB (rev. 0x03)\ngeodewdog0 at geodegcb0: AMD Geode SC1100 Watchdog Timer\ngeodecntr0 at geodegcb0: AMD Geode SC1100 27MHz Counter\nohci0 at pci0 dev 19 function 0: vendor 0x0e11 product 0xa0f8 (rev.\n0x08)\nohci0: interrupting at irq 11\nohci0: OHCI version 1.0, legacy support\nusb0 at ohci0: USB revision 1.0\nisa at gscpcib0 not configured\nisa0 at mainbus0\ncom0 at isa0 port 0x3f8-0x3ff irq 4: ns16550a, working fifo\ncom0: console\ncom1 at isa0 port 0x2f8-0x2ff irq 3: ns16550a, working fifo\nattimer0 at isa0 port 0x40-0x43\npcppi0 at isa0 port 0x61\nmidi0 at pcppi0: PC speaker\nsysbeep0 at pcppi0\nnsclpcsio0 at isa0 port 0x2e-0x2f: NSC PC87366 rev. 0x9 GPIO VLM TMS \ngpio1 at nsclpcsio0: 29 pins\nisapnp0 at isa0 port 0x279\nnpx0 at isa0 port 0xf0-0xff\nattimer0: attached to pcppi0\nwd0 at atabus0 drive 0\nuhub0 at usb0: vendor 0x0e11 OHCI root hub, class 9/0, rev 1.00/1.00,\naddr 1\nwd0: \u003cCF Card\u003e\nwd0: 7623 MB, 15490 cyl, 16 head, 63 sec, 512 bytes/sect x 15613920\nsectors\ngeodeide0:0:0: lost interrupt\n\ttype: ata tc_bcount: 512 tc_skip: 0\ngeodeide0:0:0: bus-master DMA error: missing interrupt, status=0x21\nwd0: transfer error, downgrading to Ultra-DMA mode 1\nwd0d: DMA error reading fsbn 0 (wd0 bn 0; cn 0 tn 0 sn 0), retrying\ngeodeide0:0:0: lost interrupt\n\ttype: ata tc_bcount: 512 tc_skip: 0\ngeodeide0:0:0: bus-master DMA error: missing interrupt, status=0x21\nwd0: transfer error, downgrading to PIO mode 4\nwd0d: DMA error reading fsbn 0 (wd0 bn 0; cn 0 tn 0 sn 0), retrying\nwd0: soft error (corrected)\nboot device: wd0\nroot on wd0a dumps on wd0b\nroot file system type: ffs\nStarting root file system check:\n/dev/rwd0a: file system is clean; not checking\nswapctl: setting dump device to /dev/wd0b\nswapctl: adding /dev/wd0b as swap device at priority 0\nStarting file system checks:\n/dev/rwd0e: file system is clean; not checking\n/dev/rwd0f: file system is clean; not checking\n/dev/rwd0g: file system is clean; not checking\nSetting tty flags.\nSetting sysctl variables:\nddb.onpanic: 1 -\u003e 0\nStarting network.\nHostname: procyon.latt.net\nIPv6 mode: autoconfigured host\nConfiguring network interfaces: sip0\nAdding interface aliases:.\nBuilding databases: dev, utmp, utmpx.\nStarting syslogd.\nMounting all filesystems...\nClearing temporary files.\nCreating a.out runtime link editor directory cache.\nChecking quotas: done.\nLoaded entropy from disk.\nswapctl: setting dump device to /dev/wd0b\nStarting virecover.\nChecking for core dump...\nsavecore: no core dump\nStarting local daemons:.\nUpdating motd.\nStarting ntpd.\nStarting sshd.\nStarting inetd.\n\nNetBSD/i386 (procyon.latt.net) (console)\n\nlogin: \n-snip-"
}