{
 "id": 607613,
 "bug_id": 156463,
 "attachment_id": 0,
 "creation_time": "2011-04-18T06:40:05Z",
 "creator": "ak@dartit.ru",
 "text": "The box panics and reboots ~ 2 times per month.\n\nhttps://venus.dartit.ru/tmp/core.6.txt\nhttps://venus.dartit.ru/tmp/info.6.txt\nhttps://venus.dartit.ru/tmp/vmcore.6.xz (402208K).\n\nvenus.prm.ru dumped core - see /var/crash/vmcore.6\n\nMon Apr 18 09:50:21 YEKST 2011\n\nFreeBSD venus.prm.ru 8.2-RELEASE FreeBSD 8.2-RELEASE #2: Mon Feb 21 19:58:13 YEKT 2011     root@venus.prm.ru:/usr/obj/usr/src/sys/venus  amd64\n\npanic: double fault\n\nGNU gdb 6.1.1 [FreeBSD]\nCopyright 2004 Free Software Foundation, Inc.\nGDB is free software, covered by the GNU General Public License, and you are\nwelcome to change it and/or distribute copies of it under certain conditions.\nType \"show copying\" to see the conditions.\nThere is absolutely no warranty for GDB.  Type \"show warranty\" for details.\nThis GDB was configured as \"amd64-marcel-freebsd\"...\n\nUnread portion of the kernel message buffer:\n\nFatal double fault\nrip = 0xffffffff803abda4\nrsp = 0xffffff800003df80\nrbp = 0xffffff800003e0b0\ncpuid = 0; apic id = 00\npanic: double fault\ncpuid = 0\nKDB: stack backtrace:\n#0 0xffffffff802e8cce at kdb_backtrace+0x5e\n#1 0xffffffff802b6387 at panic+0x187\n#2 0xffffffff805295b6 at dblfault_handler+0x96\n#3 0xffffffff8051230d at Xdblfault+0xad\nUptime: 10m35s\nPhysical memory: 4086 MB\nDumping 658 MB: 643 627 611 595 579 563 547 531 515 499 483 467 451 435 419 403 387 371 355 339 323 307 291 275 259 243 227 211 195 179 163 147 131 115 99 83\n67 51 35 19 3\n\nReading symbols from /boot/kernel/zfs.ko...Reading symbols from /boot/kernel/zfs.ko.symbols...done.\ndone.\nLoaded symbols for /boot/kernel/zfs.ko\nReading symbols from /boot/kernel/opensolaris.ko...Reading symbols from /boot/kernel/opensolaris.ko.symbols...done.\ndone.\nLoaded symbols for /boot/kernel/opensolaris.ko\nReading symbols from /boot/kernel/ng_pppoe.ko...Reading symbols from /boot/kernel/ng_pppoe.ko.symbols...done.\ndone.\nLoaded symbols for /boot/kernel/ng_pppoe.ko\nReading symbols from /boot/kernel/ng_tcpmss.ko...Reading symbols from /boot/kernel/ng_tcpmss.ko.symbols...done.\ndone.\nLoaded symbols for /boot/kernel/ng_tcpmss.ko\n#0  doadump () at pcpu.h:224\n224     pcpu.h: No such file or directory.\n        in pcpu.h\n(kgdb) #0  doadump () at pcpu.h:224\n#1  0xffffffff802b5f3e in boot (howto=260)\n    at /usr/src/sys/kern/kern_shutdown.c:419\n#2  0xffffffff802b6371 in panic (fmt=Variable \"fmt\" is not available.)\n    at /usr/src/sys/kern/kern_shutdown.c:592\n#3  0xffffffff805295b6 in dblfault_handler (frame=Variable \"frame\" is not available.)\n    at /usr/src/sys/amd64/amd64/trap.c:810\n#4  0xffffffff8051230d in Xdblfault ()\n    at /usr/src/sys/amd64/amd64/exception.S:280\n#5  0xffffffff803abda4 in ipfw_chk (args=0xffffff800003e0e0)\n    at /usr/src/sys/netinet/ipfw/ip_fw2.c:780\nPrevious frame inner to this frame (corrupt stack?)\n(kgdb)\n\n\n#cat /var/run/dmesg.boot\n\nCopyright (c) 1992-2011 The FreeBSD Project.\nCopyright (c) 1979, 1980, 1983, 1986, 1988, 1989, 1991, 1992, 1993, 1994\n\tThe Regents of the University of California. All rights reserved.\nFreeBSD is a registered trademark of The FreeBSD Foundation.\nFreeBSD 8.2-RELEASE #2: Mon Feb 21 19:58:13 YEKT 2011\n    root@venus.prm.ru:/usr/obj/usr/src/sys/venus amd64\nTimecounter \"i8254\" frequency 1193182 Hz quality 0\nCPU: Intel(R) Core(TM)2 Duo CPU     E8400  @ 3.00GHz (3002.67-MHz K8-class CPU)\n  Origin = \"GenuineIntel\"  Id = 0x1067a  Family = 6  Model = 17  Stepping = 10\n  Features=0xbfebfbff\u003cFPU,VME,DE,PSE,TSC,MSR,PAE,MCE,CX8,APIC,SEP,MTRR,PGE,MCA,CMOV,PAT,PSE36,CLFLUSH,DTS,ACPI,MMX,FXSR,SSE,SSE2,SS,HTT,TM,PBE\u003e\n  Features2=0x408e3fd\u003cSSE3,DTES64,MON,DS_CPL,VMX,SMX,EST,TM2,SSSE3,CX16,xTPR,PDCM,SSE4.1,XSAVE\u003e\n  AMD Features=0x20100800\u003cSYSCALL,NX,LM\u003e\n  AMD Features2=0x1\u003cLAHF\u003e\n  TSC: P-state invariant\nreal memory  = 4294967296 (4096 MB)\navail memory = 4121788416 (3930 MB)\nACPI APIC Table: \u003cGBT    GBTUACPI\u003e\nFreeBSD/SMP: Multiprocessor System Detected: 2 CPUs\nFreeBSD/SMP: 1 package(s) x 2 core(s)\n cpu0 (BSP): APIC ID:  0\n cpu1 (AP): APIC ID:  1\nSecurity policy loaded: TrustedBSD MAC/BSD Extended (mac_bsdextended)\nSecurity policy loaded: TrustedBSD MAC/Partition (mac_partition)\nSecurity policy loaded: TrustedBSD MAC/portacl (mac_portacl)\nioapic0: Changing APIC ID to 2\nioapic0 \u003cVersion 2.0\u003e irqs 0-23 on motherboard\nkbd1 at kbdmux0\nnetsmb_dev: loaded\ncryptosoft0: \u003csoftware crypto\u003e on motherboard\nacpi0: \u003cGBT GBTUACPI\u003e on motherboard\nacpi0: [ITHREAD]\nacpi0: Power Button (fixed)\nacpi0: reservation of 0, a0000 (3) failed\nacpi0: reservation of 100000, efde0000 (3) failed\nTimecounter \"ACPI-fast\" frequency 3579545 Hz quality 1000\nacpi_timer0: \u003c24-bit timer at 3.579545MHz\u003e port 0x408-0x40b on acpi0\ncpu0: \u003cACPI CPU\u003e on acpi0\ncpu1: \u003cACPI CPU\u003e on acpi0\nacpi_button0: \u003cPower Button\u003e on acpi0\npcib0: \u003cACPI Host-PCI bridge\u003e port 0xcf8-0xcff on acpi0\npci0: \u003cACPI PCI bus\u003e on pcib0\npci0: \u003cserial bus, USB\u003e at device 26.0 (no driver attached)\npci0: \u003cserial bus, USB\u003e at device 26.1 (no driver attached)\npci0: \u003cserial bus, USB\u003e at device 26.2 (no driver attached)\nehci0: \u003cIntel 82801JI (ICH10) USB 2.0 controller USB-B\u003e mem 0xf9205000-0xf92053ff irq 18 at device 26.7 on pci0\nehci0: [ITHREAD]\nusbus0: EHCI version 1.0\nusbus0: \u003cIntel 82801JI (ICH10) USB 2.0 controller USB-B\u003e on ehci0\npci0: \u003cmultimedia, HDA\u003e at device 27.0 (no driver attached)\npcib1: \u003cACPI PCI-PCI bridge\u003e irq 16 at device 28.0 on pci0\npci1: \u003cACPI PCI bus\u003e on pcib1\npcib2: \u003cACPI PCI-PCI bridge\u003e irq 19 at device 28.3 on pci0\npci2: \u003cACPI PCI bus\u003e on pcib2\npci2: \u003cmass storage, ATA\u003e at device 0.0 (no driver attached)\npcib3: \u003cACPI PCI-PCI bridge\u003e irq 16 at device 28.4 on pci0\npci3: \u003cACPI PCI bus\u003e on pcib3\nre0: \u003cRealTek 8168/8111 B/C/CP/D/DP/E PCIe Gigabit Ethernet\u003e port 0xc000-0xc0ff mem 0xf9110000-0xf9110fff,0xf9100000-0xf910ffff irq 16 at device 0.0 on pci3\nre0: Using 1 MSI messages\nre0: Chip rev. 0x3c000000\nre0: MAC rev. 0x00400000\nmiibus0: \u003cMII bus\u003e on re0\nrgephy0: \u003cRTL8169S/8110S/8211B media interface\u003e PHY 1 on miibus0\nrgephy0:  10baseT, 10baseT-FDX, 10baseT-FDX-flow, 100baseTX, 100baseTX-FDX, 100baseTX-FDX-flow, 1000baseT, 1000baseT-master, 1000baseT-FDX, 1000baseT-FDX-master, 1000baseT-FDX-flow, 1000baseT-FDX-flow-master, auto, auto-flow\nre0: Ethernet address: 00:1f:d0:a2:12:0c\nre0: [FILTER]\npcib4: \u003cACPI PCI-PCI bridge\u003e irq 17 at device 28.5 on pci0\npci4: \u003cACPI PCI bus\u003e on pcib4\nre1: \u003cRealTek 8168/8111 B/C/CP/D/DP/E PCIe Gigabit Ethernet\u003e port 0xd000-0xd0ff mem 0xf9010000-0xf9010fff,0xf9000000-0xf900ffff irq 17 at device 0.0 on pci4\nre1: Using 1 MSI messages\nre1: Chip rev. 0x3c000000\nre1: MAC rev. 0x00400000\nmiibus1: \u003cMII bus\u003e on re1\nrgephy1: \u003cRTL8169S/8110S/8211B media interface\u003e PHY 1 on miibus1\nrgephy1:  10baseT, 10baseT-FDX, 10baseT-FDX-flow, 100baseTX, 100baseTX-FDX, 100baseTX-FDX-flow, 1000baseT, 1000baseT-master, 1000baseT-FDX, 1000baseT-FDX-master, 1000baseT-FDX-flow, 1000baseT-FDX-flow-master, auto, auto-flow\nre1: Ethernet address: 00:1f:d0:a2:12:0e\nre1: [FILTER]\npci0: \u003cserial bus, USB\u003e at device 29.0 (no driver attached)\npci0: \u003cserial bus, USB\u003e at device 29.1 (no driver attached)\npci0: \u003cserial bus, USB\u003e at device 29.2 (no driver attached)\nehci1: \u003cIntel 82801JI (ICH10) USB 2.0 controller USB-A\u003e mem 0xf9204000-0xf92043ff irq 23 at device 29.7 on pci0\nehci1: [ITHREAD]\nusbus1: EHCI version 1.0\nusbus1: \u003cIntel 82801JI (ICH10) USB 2.0 controller USB-A\u003e on ehci1\npcib5: \u003cACPI PCI-PCI bridge\u003e at device 30.0 on pci0\npci5: \u003cACPI PCI bus\u003e on pcib5\nvgapci0: \u003cVGA-compatible display\u003e mem 0xf8000000-0xf87fffff irq 20 at device 0.0 on pci5\npci5: \u003cserial bus, FireWire\u003e at device 7.0 (no driver attached)\nisab0: \u003cPCI-ISA bridge\u003e at device 31.0 on pci0\nisa0: \u003cISA bus\u003e on isab0\nahci0: \u003cIntel ICH10 AHCI SATA controller\u003e port 0xe600-0xe607,0xe700-0xe703,0xe800-0xe807,0xe900-0xe903,0xea00-0xea1f mem 0xf9206000-0xf92067ff irq 19 at device 31.2 on pci0\nahci0: [ITHREAD]\nahci0: AHCI v1.20 with 6 3Gbps ports, Port Multiplier supported\nahcich0: \u003cAHCI channel\u003e at channel 0 on ahci0\nahcich0: [ITHREAD]\nahcich1: \u003cAHCI channel\u003e at channel 1 on ahci0\nahcich1: [ITHREAD]\nahcich2: \u003cAHCI channel\u003e at channel 2 on ahci0\nahcich2: [ITHREAD]\nahcich3: \u003cAHCI channel\u003e at channel 3 on ahci0\nahcich3: [ITHREAD]\nahcich4: \u003cAHCI channel\u003e at channel 4 on ahci0\nahcich4: [ITHREAD]\nahcich5: \u003cAHCI channel\u003e at channel 5 on ahci0\nahcich5: [ITHREAD]\npci0: \u003cserial bus, SMBus\u003e at device 31.3 (no driver attached)\nacpi_hpet0: \u003cHigh Precision Event Timer\u003e iomem 0xfed00000-0xfed003ff irq 0,8 on acpi0\nTimecounter \"HPET\" frequency 14318180 Hz quality 900\natrtc0: \u003cAT realtime clock\u003e port 0x70-0x73 on acpi0\nuart0: \u003c16550 or compatible\u003e port 0x3f8-0x3ff irq 4 flags 0x10 on acpi0\nuart0: [FILTER]\natkbdc0: \u003cKeyboard controller (i8042)\u003e port 0x60,0x64 irq 1 on acpi0\natkbd0: \u003cAT Keyboard\u003e irq 1 on atkbdc0\nkbd0 at atkbd0\natkbd0: [GIANT-LOCKED]\natkbd0: [ITHREAD]\norm0: \u003cISA Option ROMs\u003e at iomem 0xc0000-0xc7fff,0xc8000-0xc9fff on isa0\nsc0: \u003cSystem console\u003e at flags 0x100 on isa0\nsc0: VGA \u003c16 virtual consoles, flags=0x300\u003e\nvga0: \u003cGeneric ISA VGA\u003e at port 0x3c0-0x3df iomem 0xa0000-0xbffff on isa0\ncoretemp0: \u003cCPU On-Die Thermal Sensors\u003e on cpu0\nest0: \u003cEnhanced SpeedStep Frequency Control\u003e on cpu0\nest: CPU supports Enhanced Speedstep, but is not recognized.\nest: cpu_vendor GenuineIntel, msr 616092206000922\ndevice_attach: est0 attach returned 6\np4tcc0: \u003cCPU Frequency Thermal Control\u003e on cpu0\ncoretemp1: \u003cCPU On-Die Thermal Sensors\u003e on cpu1\nest1: \u003cEnhanced SpeedStep Frequency Control\u003e on cpu1\nest: CPU supports Enhanced Speedstep, but is not recognized.\nest: cpu_vendor GenuineIntel, msr 616092206000922\ndevice_attach: est1 attach returned 6\np4tcc1: \u003cCPU Frequency Thermal Control\u003e on cpu1\nTimecounters tick every 1.000 msec\nIPsec: Initialized Security Association Processing.\nipfw2 initialized, divert enabled, nat enabled, rule-based forwarding enabled, default to deny, logging disabled\nusbus0: 480Mbps High Speed USB v2.0\nusbus1: 480Mbps High Speed USB v2.0\nugen0.1: \u003cIntel\u003e at usbus0\nuhub0: \u003cIntel EHCI root HUB, class 9/0, rev 2.00/1.00, addr 1\u003e on usbus0\nugen1.1: \u003cIntel\u003e at usbus1\nuhub1: \u003cIntel EHCI root HUB, class 9/0, rev 2.00/1.00, addr 1\u003e on usbus1\nada0 at ahcich1 bus 0 scbus1 target 0 lun 0\nada0: \u003cST31500341AS CC1H\u003e ATA-8 SATA 2.x device\nada0: 300.000MB/s transfers (SATA 2.x, UDMA6, PIO 8192bytes)\nada0: Command Queueing enabled\nada0: 1430799MB (2930277168 512 byte sectors: 16H 63S/T 16383C)\nada1 at ahcich2 bus 0 scbus2 target 0 lun 0\nada1: \u003cST3320418AS CC38\u003e ATA-8 SATA 2.x device\nada1: 300.000MB/s transfers (SATA 2.x, UDMA6, PIO 8192bytes)\nada1: Command Queueing enabled\nada1: 305245MB (625142448 512 byte sectors: 16H 63S/T 16383C)\nSMP: AP CPU #1 Launched!\nRoot mount waiting for: usbus1 usbus0\nRoot mount waiting for: usbus1 usbus0\nuhub0: 6 ports with 6 removable, self powered\nRoot mount waiting for: usbus1\nuhub1: 6 ports with 6 removable, self powered\nTrying to mount root from ufs:/dev/label/rootfs\nWARNING: / was not properly dismounted\nZFS NOTICE: Prefetch is disabled by default if less than 4GB of RAM is present;\n            to enable, add \"vfs.zfs.prefetch_disable=0\" to /boot/loader.conf.\nZFS filesystem version 4\nZFS storage pool version 15\nWARNING: /data/backup was not properly dismounted\nlan: link state changed to UP\nre1: link state changed to UP\nvlan2: link state changed to UP\nvlan3: link state changed to UP\nvlan4: link state changed to UP"
}