{
 "id": 1004689,
 "bug_id": 230331,
 "attachment_id": 0,
 "creation_time": "2018-08-03T15:27:00Z",
 "creator": "emaste@freebsd.org",
 "text": "BBG: https://beagleboard.org/green\nImage: FreeBSD-12.0-CURRENT-arm-armv7-BEAGLEBONE-20180802-r337160.img.xz\nBoot fails ending with \"WARNING! Trying to fire up the kernel, but no device tree blob found!\"\n\n\nScanning disks on mmc...\nMMC Device 2 not found\nMMC Device 3 not found\nFound 5 disks\nWARNING: booting without device tree\n493828 bytes read in 33 ms (14.3 MiB/s)\nlibfdt fdt_check_header(): FDT_ERR_BADMAGIC\nWARNING: booting without device tree\n## Starting EFI application at 82000000 ...\nConsoles: EFI console  \nFreeBSD/arm EFI loader, Revision 1.1\n(Thu Aug  2 22:26:48 UTC 2018 root@releng3.nyi.freebsd.org)\n\n   Command line arguments: l\n   EFI version: 2.70\n   EFI Firmware: Das U-Boot (rev 0.00)\n   Console: efi (0)\n   Load Path: /\\efi\\boot\\bootarm.efi\n   Load Device: /VenHw(e61d73b9-a384-4acc-aeab-82e828f3628b)/USB(0x6,0x0)/HD(1,0x01,0,0x42f,0x18fa8)\nTrying ESP: /VenHw(e61d73b9-a384-4acc-aeab-82e828f3628b)/USB(0x6,0x0)/HD(1,0x01,0,0x42f,0x18fa8)\nSetting currdev to disk0p1:\nTrying: /VenHw(e61d73b9-a384-4acc-aeab-82e828f3628b)/USB(0x6,0x0)/HD(2,0x01,0,0x193d7,0x5e6c11)\nSetting currdev to disk0p2:\nLoading /boot/defaults/loader.conf\n/boot/kernel/kernel text=0x87f1dc data=0x910b8+0x1ded48 syms=[0x4+0xa9a00+0x4+0x10e4b1]\n/boot/kernel/umodem.ko text=0x1bf4 text=0x1320 data=0x1080+0xf88 syms=[0x4+0x1070+0x4+0xbcd]\nloading required module 'ucom'\n/boot/kernel/ucom.ko text=0x1f8c text=0x2e90 data=0x1080+0x17bc syms=[0x4+0x14f0+0x4+0xc5d]\nefi-autoresizecons: Neither Graphics Output Protocol nor Universal Graphics Adapter present\n\nHit [Enter] to boot immediately, or any other key for command prompt.\nBooting [/boot/kernel/kernel]...               \nNo valid device tree blob found!\nWARNING! Trying to fire up the kernel, but no device tree blob found!\nKernel entry at 0x95000180...\nKernel args: (null)\nmodulep: 0xc0cbb000\nrelocation_offset 0"
}