{
 "id": 466372,
 "bug_id": 127910,
 "attachment_id": 0,
 "creation_time": "2009-07-20T19:58:22Z",
 "creator": "webmaster@doghouserepair.com",
 "text": "I am also having the same problem as the OP.  I'm running FreeBSD/amd64 \n8.0-BETA2 which is current as of 2-3 days ago.  It appears that no \ntraffic is passing over nfe0.\n\nOutput from dmesg:\n-----\nCopyright (c) 1992-2009 The FreeBSD Project.\nCopyright (c) 1979, 1980, 1983, 1986, 1988, 1989, 1991, 1992, 1993, 1994\n\tThe Regents of the University of California. All rights reserved.\nFreeBSD is a registered trademark of The FreeBSD Foundation.\nFreeBSD 8.0-BETA2 #1: Mon Jul 20 09:57:48 PDT 2009\n     root@soul.local.inet:/usr/obj/usr/src/sys/GATEWAY\nTimecounter \"i8254\" frequency 1193182 Hz quality 0\nCPU: Intel(R) Core(TM)2 CPU          6600  @ 2.40GHz (2399.99-MHz \nK8-class CPU)\n   Origin = \"GenuineIntel\"  Id = 0x6f6  Stepping = 6\n \nFeatures=0xbfebfbff\u003cFPU,VME,DE,PSE,TSC,MSR,PAE,MCE,CX8,APIC,SEP,MTRR,PGE,MCA,CMOV,PAT,PSE36,CLFLUSH,DTS,ACPI,MMX,FXSR,SSE,SSE2,SS,HTT,TM,PBE\u003e\n   Features2=0xe3bd\u003cSSE3,DTES64,MON,DS_CPL,VMX,EST,TM2,SSSE3,CX16,xTPR,PDCM\u003e\n   AMD Features=0x20100800\u003cSYSCALL,NX,LM\u003e\n   AMD Features2=0x1\u003cLAHF\u003e\n   TSC: P-state invariant\nreal memory  = 2147483648 (2048 MB)\navail memory = 2059468800 (1964 MB)\nACPI APIC Table: \u003cNvidia NVDAACPI\u003e\nFreeBSD/SMP: Multiprocessor System Detected: 2 CPUs\nFreeBSD/SMP: 1 package(s) x 2 core(s)\n  cpu0 (BSP): APIC ID:  0\n  cpu1 (AP): APIC ID:  1\nThis module (opensolaris) contains code covered by the\nCommon Development and Distribution License (CDDL)\nsee http://opensolaris.org/os/licensing/opensolaris_license/\nioapic0: Changing APIC ID to 4\nioapic0 \u003cVersion 1.1\u003e irqs 0-23 on motherboard\nacpi0: \u003cNvidia NVDAACPI\u003e on motherboard\nacpi0: [ITHREAD]\nacpi0: Power Button (fixed)\nacpi0: reservation of 0, a0000 (3) failed\nacpi0: reservation of 100000, 7fdf0000 (3) failed\nTimecounter \"ACPI-fast\" frequency 3579545 Hz quality 1000\nacpi_timer0: \u003c24-bit timer at 3.579545MHz\u003e port 0x1008-0x100b on acpi0\nacpi_hpet0: \u003cHigh Precision Event Timer\u003e iomem 0xfeff0000-0xfeff03ff on \nacpi0\ndevice_attach: acpi_hpet0 attach returned 12\nacpi_button0: \u003cPower Button\u003e on acpi0\npcib0: \u003cACPI Host-PCI bridge\u003e port 0xcf8-0xcff on acpi0\npci0: \u003cACPI PCI bus\u003e on pcib0\npci0: \u003cmemory, RAM\u003e at device 0.1 (no driver attached)\npci0: \u003cmemory, RAM\u003e at device 0.2 (no driver attached)\npci0: \u003cmemory, RAM\u003e at device 0.3 (no driver attached)\npci0: \u003cmemory, RAM\u003e at device 0.4 (no driver attached)\npci0: \u003cmemory, RAM\u003e at device 0.5 (no driver attached)\npci0: \u003cmemory, RAM\u003e at device 0.6 (no driver attached)\npci0: \u003cmemory, RAM\u003e at device 0.7 (no driver attached)\npci0: \u003cmemory, RAM\u003e at device 1.0 (no driver attached)\npci0: \u003cmemory, RAM\u003e at device 1.1 (no driver attached)\npci0: \u003cmemory, RAM\u003e at device 1.2 (no driver attached)\npci0: \u003cmemory, RAM\u003e at device 1.3 (no driver attached)\npci0: \u003cmemory, RAM\u003e at device 1.4 (no driver attached)\npci0: \u003cmemory, RAM\u003e at device 1.5 (no driver attached)\npci0: \u003cmemory, RAM\u003e at device 1.6 (no driver attached)\npci0: \u003cmemory, RAM\u003e at device 2.0 (no driver attached)\npci0: \u003cmemory, RAM\u003e at device 2.1 (no driver attached)\npci0: \u003cmemory, RAM\u003e at device 2.2 (no driver attached)\npcib1: \u003cACPI PCI-PCI bridge\u003e at device 3.0 on pci0\npci1: \u003cACPI PCI bus\u003e on pcib1\nvgapci0: \u003cVGA-compatible display\u003e port 0x9c00-0x9c7f mem \n0xcc000000-0xccffffff,0xb0000000-0xbfffffff,0xca000000-0xcbffffff irq 16 \nat device 0.0 on pci1\npci0: \u003cmemory, RAM\u003e at device 9.0 (no driver attached)\nisab0: \u003cPCI-ISA bridge\u003e port 0xfc00-0xfc7f at device 10.0 on pci0\nisa0: \u003cISA bus\u003e on isab0\npci0: \u003cserial bus, SMBus\u003e at device 10.1 (no driver attached)\nohci0: \u003cOHCI (generic) USB controller\u003e mem 0xcffff000-0xcfffffff irq 22 \nat device 11.0 on pci0\nohci0: [ITHREAD]\nusbus0: \u003cOHCI (generic) USB controller\u003e on ohci0\nehci0: \u003cEHCI (generic) USB 2.0 controller\u003e mem 0xcfffe000-0xcfffe0ff irq \n23 at device 11.1 on pci0\nehci0: [ITHREAD]\nusbus1: EHCI version 1.0\nusbus1: \u003cEHCI (generic) USB 2.0 controller\u003e on ehci0\natapci0: \u003cnVidia nForce MCP55 UDMA133 controller\u003e port \n0x1f0-0x1f7,0x3f6,0x170-0x177,0x376,0xec00-0xec0f at device 13.0 on pci0\nata0: \u003cATA channel 0\u003e on atapci0\nata0: [ITHREAD]\nata1: \u003cATA channel 1\u003e on atapci0\nata1: [ITHREAD]\natapci1: \u003cnVidia nForce MCP55 SATA300 controller\u003e port \n0x9f0-0x9f7,0xbf0-0xbf3,0x970-0x977,0xb70-0xb73,0xd800-0xd80f mem \n0xcfffd000-0xcfffdfff irq 20 at device 14.0 on pci0\natapci1: [ITHREAD]\nata2: \u003cATA channel 0\u003e on atapci1\nata2: [ITHREAD]\nata3: \u003cATA channel 1\u003e on atapci1\nata3: [ITHREAD]\natapci2: \u003cnVidia nForce MCP55 SATA300 controller\u003e port \n0x9e0-0x9e7,0xbe0-0xbe3,0x960-0x967,0xb60-0xb63,0xc400-0xc40f mem \n0xcfffc000-0xcfffcfff irq 21 at device 14.1 on pci0\natapci2: [ITHREAD]\nata4: \u003cATA channel 0\u003e on atapci2\nata4: [ITHREAD]\nata5: \u003cATA channel 1\u003e on atapci2\nata5: [ITHREAD]\natapci3: \u003cnVidia nForce MCP55 SATA300 controller\u003e port \n0xc000-0xc007,0xbc00-0xbc03,0xb800-0xb807,0xb400-0xb403,0xb000-0xb00f \nmem 0xcfffb000-0xcfffbfff irq 20 at device 14.2 on pci0\natapci3: [ITHREAD]\nata6: \u003cATA channel 0\u003e on atapci3\nata6: [ITHREAD]\nata7: \u003cATA channel 1\u003e on atapci3\nata7: [ITHREAD]\npcib2: \u003cACPI PCI-PCI bridge\u003e at device 15.0 on pci0\npci2: \u003cACPI PCI bus\u003e on pcib2\npci2: \u003cmultimedia, audio\u003e at device 9.0 (no driver attached)\npci2: \u003cinput device\u003e at device 9.1 (no driver attached)\npci2: \u003cserial bus, FireWire\u003e at device 9.2 (no driver attached)\nfxp0: \u003cIntel 82557 Pro/100 Ethernet\u003e port 0x8400-0x841f mem \n0xcfbff000-0xcfbfffff,0xcfd00000-0xcfdfffff irq 18 at device 10.0 on pci2\nfxp0: Enabling Rx lock-up workaround\nmiibus0: \u003cMII bus\u003e on fxp0\nnsphy0: \u003cDP83840 10/100 media interface\u003e PHY 1 on miibus0\nnsphy0:  10baseT, 10baseT-FDX, 100baseTX, 100baseTX-FDX, auto\nfxp0: Ethernet address: 00:a0:c9:27:e7:a4\nfxp0: [ITHREAD]\nnfe0: \u003cNVIDIA nForce MCP55 Networking Adapter\u003e port 0xac00-0xac07 mem \n0xcfffa000-0xcfffafff,0xcfff9000-0xcfff90ff,0xcfff8000-0xcfff800f irq 22 \nat device 17.0 on pci0\nmiibus1: \u003cMII bus\u003e on nfe0\ne1000phy0: \u003cMarvell 88E1116 Gigabit PHY\u003e PHY 1 on miibus1\ne1000phy0:  10baseT, 10baseT-FDX, 100baseTX, 100baseTX-FDX, 1000baseT, \n1000baseT-FDX, auto\nnfe0: Ethernet address: 00:04:4b:01:8c:0b\nnfe0: [FILTER]\nnfe0: [FILTER]\nnfe0: [FILTER]\nnfe0: [FILTER]\nnfe0: [FILTER]\nnfe0: [FILTER]\nnfe0: [FILTER]\nnfe0: [FILTER]\nnfe1: \u003cNVIDIA nForce MCP55 Networking Adapter\u003e port 0xa800-0xa807 mem \n0xcfff7000-0xcfff7fff,0xcfff6000-0xcfff60ff,0xcfff5000-0xcfff500f irq 23 \nat device 18.0 on pci0\nmiibus2: \u003cMII bus\u003e on nfe1\ne1000phy1: \u003cMarvell 88E1116 Gigabit PHY\u003e PHY 2 on miibus2\ne1000phy1:  10baseT, 10baseT-FDX, 100baseTX, 100baseTX-FDX, 1000baseT, \n1000baseT-FDX, auto\nnfe1: Ethernet address: 00:04:4b:01:8c:0a\nnfe1: [FILTER]\nnfe1: [FILTER]\nnfe1: [FILTER]\nnfe1: [FILTER]\nnfe1: [FILTER]\nnfe1: [FILTER]\nnfe1: [FILTER]\nnfe1: [FILTER]\natrtc1: \u003cAT realtime clock\u003e port 0x70-0x71,0x72-0x73 on acpi0\ncpu0: \u003cACPI CPU\u003e on acpi0\nest0: \u003cEnhanced SpeedStep Frequency Control\u003e on cpu0\nest: CPU supports Enhanced Speedstep, but is not recognized.\nest: cpu_vendor GenuineIntel, msr 923092306000923\ndevice_attach: est0 attach returned 6\np4tcc0: \u003cCPU Frequency Thermal Control\u003e on cpu0\ncpu1: \u003cACPI CPU\u003e on acpi0\nest1: \u003cEnhanced SpeedStep Frequency Control\u003e on cpu1\nest: CPU supports Enhanced Speedstep, but is not recognized.\nest: cpu_vendor GenuineIntel, msr 923092306000923\ndevice_attach: est1 attach returned 6\np4tcc1: \u003cCPU Frequency Thermal Control\u003e on cpu1\nacpi_hpet0: \u003cHigh Precision Event Timer\u003e iomem 0xfeff0000-0xfeff03ff on \nacpi0\ndevice_attach: acpi_hpet0 attach returned 12\norm0: \u003cISA Option ROMs\u003e at iomem 0xd0000-0xd3fff,0xd4000-0xd57ff on isa0\nsc0: \u003cSystem console\u003e at flags 0x100 on isa0\nsc0: VGA \u003c16 virtual consoles, flags=0x300\u003e\nvga0: \u003cGeneric ISA VGA\u003e at port 0x3c0-0x3df iomem 0xa0000-0xbffff on isa0\natrtc0: \u003cAT Real Time Clock\u003e at port 0x70 irq 8 on isa0\natrtc0: Warning: Couldn't map I/O.\natrtc0: Warning: Couldn't map Interrupt.\nWARNING: ZFS is considered to be an experimental feature in FreeBSD.\nTimecounters tick every 1.000 msec\nusbus0: 12Mbps Full Speed USB v1.0\nusbus1: 480Mbps High Speed USB v2.0\nZFS NOTICE: system has less than 4GB and prefetch enable is not set... \ndisabling.\nZFS filesystem version 13\nZFS storage pool version 13\nugen0.1: \u003cnVidia\u003e at usbus0\nuhub0: \u003cnVidia OHCI root HUB, class 9/0, rev 1.00/1.00, addr 1\u003e on usbus0\nugen1.1: \u003cnVidia\u003e at usbus1\nuhub1: \u003cnVidia EHCI root HUB, class 9/0, rev 2.00/1.00, addr 1\u003e on usbus1\nacd0: DVDR \u003cBENQ DVD DD DW1640/BSLB\u003e at ata0-master UDMA33\nacd1: DVDR \u003cNEC DVD RW ND-3500AG/2.FD\u003e at ata0-slave UDMA33\nad8: 953869MB \u003cSAMSUNG HE103UJ 1AA01113\u003e at ata4-master SATA300\nad10: 953869MB \u003cSAMSUNG HE103UJ 1AA01113\u003e at ata5-master SATA300\nSMP: AP CPU #1 Launched!\nRoot mount waiting for: usbus1 usbus0\nuhub0: 10 ports with 10 removable, self powered\nRoot mount waiting for: usbus1\nRoot mount waiting for: usbus1\nRoot mount waiting for: usbus1\nuhub1: 10 ports with 10 removable, self powered\nRoot mount waiting for: usbus1\nTrying to mount root from zfs:data\nugen0.2: \u003cLogitech\u003e at usbus0\nukbd0: \u003cLogitech USB Receiver, class 0/0, rev 1.10/17.00, addr 2\u003e on usbus0\nkbd0 at ukbd0\nums0: \u003cLogitech USB Receiver, class 0/0, rev 1.10/17.00, addr 2\u003e on usbus0\nums0: 16 buttons and [XYZ] coordinates ID=1\nugen0.3: \u003cLogitech\u003e at usbus0\nums1: \u003cLogitech USB Gaming Mouse, class 0/0, rev 2.00/52.00, addr 3\u003e on \nusbus0\nums1: 16 buttons and [XYZ] coordinates ID=0\nuhid0: \u003cLogitech USB Gaming Mouse, class 0/0, rev 2.00/52.00, addr 3\u003e on \nusbus0\n-----\n\nOutput from devinfo -rv:\n-----\nnexus0\n   apic0\n   ram0\n       I/O memory addresses:\n           0x0-0x9b7ff\n           0x100000-0x7feeffff\n   acpi0\n       Interrupt request lines:\n           9\n       I/O ports:\n           0x10-0x1f\n           0x22-0x3f\n           0x44-0x5f\n           0x60\n           0x62-0x63\n           0x64\n           0x65-0x6f\n           0x74-0x7f\n           0x91-0x93\n           0xa2-0xbf\n           0xe0-0xef\n           0x295-0x314\n           0x4d0-0x4d1\n           0x880-0x88f\n           0x1000-0x107f\n           0x1080-0x10ff\n           0x1400-0x147f\n           0x1480-0x14ff\n           0x1800-0x187f\n           0x1880-0x18ff\n       I/O memory addresses:\n           0xd0000-0xd3fff\n           0xd5800-0xd7fff\n           0xf0000-0xfbfff\n           0xfc000-0xfffff\n           0x7fef0000-0x7fefffff\n           0xd0000000-0xdfffffff\n           0xe0000000-0xefffffff\n           0xfec00000-0xfec00fff\n           0xfee00000-0xfee00fff\n           0xfeff0000\n           0xffff0000-0xffffffff\n     cpu0 pnpinfo _HID=none _UID=0 at handle=\\_PR_.CPU0\n       acpi_throttle0\n       est0\n       p4tcc0\n       cpufreq0\n     cpu1 pnpinfo _HID=none _UID=0 at handle=\\_PR_.CPU1\n       est1\n       p4tcc1\n       cpufreq1\n     unknown pnpinfo _HID=none _UID=0 at handle=\\_PR_.CPU2\n     unknown pnpinfo _HID=none _UID=0 at handle=\\_PR_.CPU3\n     acpi_sysresource0 pnpinfo _HID=PNP0C02 _UID=5 at handle=\\_SB_.MBIO\n     acpi_button0 pnpinfo _HID=PNP0C0C _UID=0 at handle=\\_SB_.PWRB\n     pcib0 pnpinfo _HID=PNP0A08 _UID=1 at handle=\\_SB_.PCI0\n       pci0\n           I/O ports:\n               0xa800-0xa807\n               0xac00-0xac07\n               0xf000-0xf03f\n               0xf400-0xf43f\n               0xf800-0xf83f\n               0xfc00-0xfc7f\n         hostb0 pnpinfo vendor=0x10de device=0x03a1 subvendor=0x10de \nsubdevice=0xc55e class=0x060000 at slot=0 function=0\n         unknown pnpinfo vendor=0x10de device=0x03ac subvendor=0x10de \nsubdevice=0xc55e class=0x050000 at slot=0 function=1 handle=\\_SB_.PCI0.DLDT\n         unknown pnpinfo vendor=0x10de device=0x03aa subvendor=0x10de \nsubdevice=0xc55e class=0x050000 at slot=0 function=2\n         unknown pnpinfo vendor=0x10de device=0x03a9 subvendor=0x10de \nsubdevice=0xc55e class=0x050000 at slot=0 function=3\n         unknown pnpinfo vendor=0x10de device=0x03ab subvendor=0x10de \nsubdevice=0xc55e class=0x050000 at slot=0 function=4\n         unknown pnpinfo vendor=0x10de device=0x03a8 subvendor=0x10de \nsubdevice=0xc55e class=0x050000 at slot=0 function=5\n         unknown pnpinfo vendor=0x10de device=0x03b5 subvendor=0x10de \nsubdevice=0xc55e class=0x050000 at slot=0 function=6\n         unknown pnpinfo vendor=0x10de device=0x03b4 subvendor=0x10de \nsubdevice=0xc55e class=0x050000 at slot=0 function=7\n         unknown pnpinfo vendor=0x10de device=0x03ad subvendor=0x10de \nsubdevice=0xc55e class=0x050000 at slot=1 function=0\n         unknown pnpinfo vendor=0x10de device=0x03ae subvendor=0x10de \nsubdevice=0xc55e class=0x050000 at slot=1 function=1\n         unknown pnpinfo vendor=0x10de device=0x03af subvendor=0x10de \nsubdevice=0xc55e class=0x050000 at slot=1 function=2\n         unknown pnpinfo vendor=0x10de device=0x03b0 subvendor=0x10de \nsubdevice=0xc55e class=0x050000 at slot=1 function=3\n         unknown pnpinfo vendor=0x10de device=0x03b1 subvendor=0x10de \nsubdevice=0xc55e class=0x050000 at slot=1 function=4\n         unknown pnpinfo vendor=0x10de device=0x03b2 subvendor=0x10de \nsubdevice=0xc55e class=0x050000 at slot=1 function=5\n         unknown pnpinfo vendor=0x10de device=0x03b3 subvendor=0x10de \nsubdevice=0xc55e class=0x050000 at slot=1 function=6\n         unknown pnpinfo vendor=0x10de device=0x03b6 subvendor=0x10de \nsubdevice=0xc55e class=0x050000 at slot=2 function=0\n         unknown pnpinfo vendor=0x10de device=0x03bc subvendor=0x10de \nsubdevice=0xc55e class=0x050000 at slot=2 function=1\n         unknown pnpinfo vendor=0x10de device=0x03ba subvendor=0x10de \nsubdevice=0xc55e class=0x050000 at slot=2 function=2\n         pcib1 pnpinfo vendor=0x10de device=0x03b7 subvendor=0x10de \nsubdevice=0x0c55 class=0x060400 at slot=3 function=0 handle=\\_SB_.PCI0.XVR0\n           pci1\n               I/O ports:\n                   0x9c00-0x9c7f\n               I/O memory addresses:\n                   0xb0000000-0xbfffffff\n                   0xca000000-0xcbffffff\n                   0xcc000000-0xccffffff\n             vgapci0 pnpinfo vendor=0x10de device=0x0191 \nsubvendor=0x3842 subdevice=0xc831 class=0x030000 at slot=0 function=0\n               drm0\n         unknown pnpinfo vendor=0x10de device=0x0369 subvendor=0x10de \nsubdevice=0xc55e class=0x050000 at slot=9 function=0\n         isab0 pnpinfo vendor=0x10de device=0x0360 subvendor=0x10de \nsubdevice=0xc55e class=0x060100 at slot=10 function=0 handle=\\_SB_.PCI0.VT86\n           isa0\n             sc0\n             vga0\n                 I/O ports:\n                     0x3c0-0x3df\n                 I/O memory addresses:\n                     0xa0000-0xbffff\n             orm0\n                 I/O memory addresses:\n                     0xd4000-0xd57ff\n                 ACPI I/O memory addresses:\n                     0xd0000-0xd3fff\n             atkbdc0\n             atrtc0\n             fdc0\n             ppc0\n             uart0\n             uart1\n         unknown pnpinfo vendor=0x10de device=0x0368 subvendor=0x10de \nsubdevice=0xc55e class=0x0c0500 at slot=10 function=1 handle=\\_SB_.PCI0.SMB0\n         ohci0 pnpinfo vendor=0x10de device=0x036c subvendor=0x10de \nsubdevice=0xc55e class=0x0c0310 at slot=11 function=0 handle=\\_SB_.PCI0.USB0\n             Interrupt request lines:\n                 22\n             I/O memory addresses:\n                 0xcffff000-0xcfffffff\n           usbus0\n             uhub0\n               ukbd0 pnpinfo vendor=0x046d product=0xc505 devclass=0x00 \ndevsubclass=0x00 sernum=\"\" intclass=0x03 intsubclass=0x01 at port=5 \ninterface=0\n               ums0 pnpinfo vendor=0x046d product=0xc505 devclass=0x00 \ndevsubclass=0x00 sernum=\"\" intclass=0x03 intsubclass=0x01 at port=5 \ninterface=1\n               ums1 pnpinfo vendor=0x046d product=0xc049 devclass=0x00 \ndevsubclass=0x00 sernum=\"\" intclass=0x03 intsubclass=0x01 at port=6 \ninterface=0\n               uhid0 pnpinfo vendor=0x046d product=0xc049 devclass=0x00 \ndevsubclass=0x00 sernum=\"\" intclass=0x03 intsubclass=0x00 at port=6 \ninterface=1\n         ehci0 pnpinfo vendor=0x10de device=0x036d subvendor=0x10de \nsubdevice=0xc55e class=0x0c0320 at slot=11 function=1 handle=\\_SB_.PCI0.USB2\n             Interrupt request lines:\n                 23\n             I/O memory addresses:\n                 0xcfffe000-0xcfffe0ff\n           usbus1\n             uhub1\n         atapci0 pnpinfo vendor=0x10de device=0x036e subvendor=0x10de \nsubdevice=0xc55e class=0x01018a at slot=13 function=0 handle=\\_SB_.PCI0.IDE0\n             I/O ports:\n                 0x170-0x177\n                 0x1f0-0x1f7\n                 0x376\n                 0x3f6\n                 0xec00-0xec0f\n           ata0\n               Interrupt request lines:\n                   14\n             acd0\n             acd1\n           ata1\n               Interrupt request lines:\n                   15\n         atapci1 pnpinfo vendor=0x10de device=0x037f subvendor=0x10de \nsubdevice=0xc55e class=0x010185 at slot=14 function=0 handle=\\_SB_.PCI0.SAT0\n             Interrupt request lines:\n                 20\n             I/O ports:\n                 0x970-0x977\n                 0x9f0-0x9f7\n                 0xb70-0xb73\n                 0xbf0-0xbf3\n                 0xd800-0xd80f\n             I/O memory addresses:\n                 0xcfffd000-0xcfffdfff\n           ata2\n           ata3\n         atapci2 pnpinfo vendor=0x10de device=0x037f subvendor=0x10de \nsubdevice=0xc55e class=0x010185 at slot=14 function=1 handle=\\_SB_.PCI0.SAT1\n             Interrupt request lines:\n                 21\n             I/O ports:\n                 0x960-0x967\n                 0x9e0-0x9e7\n                 0xb60-0xb63\n                 0xbe0-0xbe3\n                 0xc400-0xc40f\n             I/O memory addresses:\n                 0xcfffc000-0xcfffcfff\n           ata4\n             ad8\n               subdisk8\n           ata5\n             ad10\n               subdisk10\n         atapci3 pnpinfo vendor=0x10de device=0x037f subvendor=0x10de \nsubdevice=0xc55e class=0x010185 at slot=14 function=2 handle=\\_SB_.PCI0.SAT2\n             Interrupt request lines:\n                 20\n             I/O ports:\n                 0xb000-0xb00f\n                 0xb400-0xb403\n                 0xb800-0xb807\n                 0xbc00-0xbc03\n                 0xc000-0xc007\n             I/O memory addresses:\n                 0xcfffb000-0xcfffbfff\n           ata6\n           ata7\n         pcib2 pnpinfo vendor=0x10de device=0x0370 subvendor=0x10de \nsubdevice=0xcb84 class=0x060401 at slot=15 function=0 handle=\\_SB_.PCI0.HUB0\n           pci2\n               I/O ports:\n                   0x8400-0x841f\n                   0x8800-0x8807\n                   0x8c00-0x8c3f\n               I/O memory addresses:\n                   0xcfd00000-0xcfdfffff\n                   0xcfef8000-0xcfefbfff\n                   0xcfeff000-0xcfeff7ff\n             unknown pnpinfo vendor=0x1102 device=0x0004 \nsubvendor=0x1102 subdevice=0x2002 class=0x040100 at slot=9 function=0\n             unknown pnpinfo vendor=0x1102 device=0x7003 \nsubvendor=0x1102 subdevice=0x0040 class=0x098000 at slot=9 function=1\n             unknown pnpinfo vendor=0x1102 device=0x4001 \nsubvendor=0x1102 subdevice=0x0010 class=0x0c0010 at slot=9 function=2\n             fxp0 pnpinfo vendor=0x8086 device=0x1229 subvendor=0x0000 \nsubdevice=0x0000 class=0x020000 at slot=10 function=0\n                 Interrupt request lines:\n                     18\n                 I/O memory addresses:\n                     0xcfbff000-0xcfbfffff\n               miibus0\n                 nsphy0 pnpinfo oui=0x80017 model=0x0 rev=0x0 at phyno=1\n         nfe0 pnpinfo vendor=0x10de device=0x0373 subvendor=0x10de \nsubdevice=0xc55e class=0x068000 at slot=17 function=0 handle=\\_SB_.PCI0.MMAC\n             Interrupt request lines:\n                 256\n                 257\n                 258\n                 259\n                 260\n                 261\n                 262\n                 263\n             I/O memory addresses:\n                 0xcfff8000-0xcfff800f\n                 0xcfff9000-0xcfff90ff\n                 0xcfffa000-0xcfffafff\n           miibus1\n             e1000phy0 pnpinfo oui=0x5043 model=0x21 rev=0x1 at phyno=1\n         nfe1 pnpinfo vendor=0x10de device=0x0373 subvendor=0x10de \nsubdevice=0xc55e class=0x068000 at slot=18 function=0 handle=\\_SB_.PCI0.MAC1\n             Interrupt request lines:\n                 264\n                 265\n                 266\n                 267\n                 268\n                 269\n                 270\n                 271\n             I/O memory addresses:\n                 0xcfff5000-0xcfff500f\n                 0xcfff6000-0xcfff60ff\n                 0xcfff7000-0xcfff7fff\n           miibus2\n             e1000phy1 pnpinfo oui=0x5043 model=0x21 rev=0x1 at phyno=2\n     unknown pnpinfo _HID=none _UID=0 at handle=\\_SB_.PCI0.SAT0.PRI0\n     unknown pnpinfo _HID=none _UID=0 at handle=\\_SB_.PCI0.SAT0.PRI0.MAST\n     unknown pnpinfo _HID=none _UID=0 at handle=\\_SB_.PCI0.SAT0.SEC0\n     unknown pnpinfo _HID=none _UID=0 at handle=\\_SB_.PCI0.SAT0.SEC0.MAST\n     unknown pnpinfo _HID=none _UID=0 at handle=\\_SB_.PCI0.SAT1.PRI0\n     unknown pnpinfo _HID=none _UID=0 at handle=\\_SB_.PCI0.SAT1.PRI0.MAST\n     unknown pnpinfo _HID=none _UID=0 at handle=\\_SB_.PCI0.SAT1.SEC0\n     unknown pnpinfo _HID=none _UID=0 at handle=\\_SB_.PCI0.SAT1.SEC0.MAST\n     unknown pnpinfo _HID=none _UID=0 at handle=\\_SB_.PCI0.SAT2.PRI0\n     unknown pnpinfo _HID=none _UID=0 at handle=\\_SB_.PCI0.SAT2.PRI0.MAST\n     unknown pnpinfo _HID=none _UID=0 at handle=\\_SB_.PCI0.SAT2.SEC0\n     unknown pnpinfo _HID=none _UID=0 at handle=\\_SB_.PCI0.SAT2.SEC0.MAST\n     unknown pnpinfo _HID=none _UID=0 at handle=\\_SB_.PCI0.IDE0.PRI0\n     unknown pnpinfo _HID=none _UID=0 at handle=\\_SB_.PCI0.IDE0.PRI0.MAST\n     unknown pnpinfo _HID=none _UID=0 at handle=\\_SB_.PCI0.IDE0.PRI0.SLAV\n     unknown pnpinfo _HID=none _UID=0 at handle=\\_SB_.PCI0.IDE0.SEC0\n     unknown pnpinfo _HID=none _UID=0 at handle=\\_SB_.PCI0.IDE0.SEC0.MAST\n     unknown pnpinfo _HID=none _UID=0 at handle=\\_SB_.PCI0.IDE0.SEC0.SLAV\n     unknown pnpinfo _HID=none _UID=0 at handle=\\_SB_.PCI0.MXR0\n     unknown pnpinfo _HID=none _UID=0 at handle=\\_SB_.PCI0.MXR1\n     unknown pnpinfo _HID=none _UID=0 at handle=\\_SB_.PCI0.MXR2\n     unknown pnpinfo _HID=none _UID=0 at handle=\\_SB_.PCI0.MXR3\n     unknown pnpinfo _HID=none _UID=0 at handle=\\_SB_.PCI0.MXR4\n     unknown pnpinfo _HID=none _UID=0 at handle=\\_SB_.PCI0.MXR5\n     unknown pnpinfo _HID=none _UID=0 at handle=\\_SB_.PCI0.XVR1\n     unknown pnpinfo _HID=none _UID=0 at handle=\\_SB_.PCI0.XVR2\n     unknown pnpinfo _HID=none _UID=0 at handle=\\_SB_.PCI0.XVR3\n     acpi_sysresource1 pnpinfo _HID=PNP0C02 _UID=1 at \nhandle=\\_SB_.PCI0.VT86.SYSR\n     unknown pnpinfo _HID=PNP0000 _UID=0 at handle=\\_SB_.PCI0.VT86.PIC_\n     atdma0 pnpinfo _HID=PNP0200 _UID=0 at handle=\\_SB_.PCI0.VT86.DMA1\n     attimer0 pnpinfo _HID=PNP0100 _UID=0 at handle=\\_SB_.PCI0.VT86.TMR_\n     unknown pnpinfo _HID=PNP0103 _UID=0 at handle=\\_SB_.PCI0.VT86.HPET\n     atrtc1 pnpinfo _HID=PNP0B00 _UID=0 at handle=\\_SB_.PCI0.VT86.RTC_\n         Interrupt request lines:\n             8\n         I/O ports:\n             0x70-0x71\n     unknown pnpinfo _HID=PNP0800 _UID=0 at handle=\\_SB_.PCI0.VT86.SPKR\n     fpupnp0 pnpinfo _HID=PNP0C04 _UID=0 at handle=\\_SB_.PCI0.VT86.COPR\n     unknown pnpinfo _HID=PNP0501 _UID=3 at handle=\\_SB_.PCI0.VT86.OCU1\n     unknown pnpinfo _HID=PNP0700 _UID=0 at handle=\\_SB_.PCI0.VT86.FDC0\n     unknown pnpinfo _HID=PNP0501 _UID=1 at handle=\\_SB_.PCI0.VT86.UAR1\n     unknown pnpinfo _HID=PNP0F13 _UID=0 at handle=\\_SB_.PCI0.VT86.PS2M\n     unknown pnpinfo _HID=PNP0303 _UID=0 at handle=\\_SB_.PCI0.VT86.PS2K\n     acpi_sysresource2 pnpinfo _HID=PNP0C02 _UID=3 at \nhandle=\\_SB_.PCI0.VT86.PSMR\n     unknown pnpinfo _HID=none _UID=0 at handle=\\_SB_.PCI0.AZA_\n     unknown pnpinfo _HID=NVRAIDBUS _UID=0 at handle=\\_SB_.PCI0.NVRB\n     pci_link0 pnpinfo _HID=PNP0C0F _UID=1 at handle=\\_SB_.PCI0.LNK1\n     pci_link1 pnpinfo _HID=PNP0C0F _UID=2 at handle=\\_SB_.PCI0.LNK2\n     pci_link2 pnpinfo _HID=PNP0C0F _UID=3 at handle=\\_SB_.PCI0.LNK3\n     pci_link3 pnpinfo _HID=PNP0C0F _UID=4 at handle=\\_SB_.PCI0.LNK4\n     pci_link4 pnpinfo _HID=PNP0C0F _UID=5 at handle=\\_SB_.PCI0.LXV5\n     pci_link5 pnpinfo _HID=PNP0C0F _UID=6 at handle=\\_SB_.PCI0.LXV6\n     pci_link6 pnpinfo _HID=PNP0C0F _UID=7 at handle=\\_SB_.PCI0.LXV7\n     pci_link7 pnpinfo _HID=PNP0C0F _UID=8 at handle=\\_SB_.PCI0.LXV8\n     pci_link8 pnpinfo _HID=PNP0C0F _UID=17 at handle=\\_SB_.PCI0.LUBA\n     pci_link9 pnpinfo _HID=PNP0C0F _UID=18 at handle=\\_SB_.PCI0.LMC1\n     pci_link10 pnpinfo _HID=PNP0C0F _UID=19 at handle=\\_SB_.PCI0.LMAC\n     pci_link11 pnpinfo _HID=PNP0C0F _UID=20 at handle=\\_SB_.PCI0.LAZA\n     pci_link12 pnpinfo _HID=PNP0C0F _UID=11 at handle=\\_SB_.PCI0.LSMB\n     pci_link13 pnpinfo _HID=PNP0C0F _UID=12 at handle=\\_SB_.PCI0.LUB2\n     pci_link14 pnpinfo _HID=PNP0C0F _UID=23 at handle=\\_SB_.PCI0.LIDE\n     pci_link15 pnpinfo _HID=PNP0C0F _UID=16 at handle=\\_SB_.PCI0.LSA0\n     pci_link16 pnpinfo _HID=PNP0C0F _UID=15 at handle=\\_SB_.PCI0.LSA1\n     pci_link17 pnpinfo _HID=PNP0C0F _UID=24 at handle=\\_SB_.PCI0.LSA2\n     pci_link18 pnpinfo _HID=PNP0C0F _UID=101 at handle=\\_SB_.PCI0.APC1\n     pci_link19 pnpinfo _HID=PNP0C0F _UID=102 at handle=\\_SB_.PCI0.APC2\n     pci_link20 pnpinfo _HID=PNP0C0F _UID=103 at handle=\\_SB_.PCI0.APC3\n     pci_link21 pnpinfo _HID=PNP0C0F _UID=104 at handle=\\_SB_.PCI0.APC4\n     pci_link22 pnpinfo _HID=PNP0C0F _UID=105 at handle=\\_SB_.PCI0.AXV5\n     pci_link23 pnpinfo _HID=PNP0C0F _UID=106 at handle=\\_SB_.PCI0.AXV6\n     pci_link24 pnpinfo _HID=PNP0C0F _UID=107 at handle=\\_SB_.PCI0.AXV7\n     pci_link25 pnpinfo _HID=PNP0C0F _UID=108 at handle=\\_SB_.PCI0.AXV8\n     pci_link26 pnpinfo _HID=PNP0C0F _UID=117 at handle=\\_SB_.PCI0.AUBA\n     pci_link27 pnpinfo _HID=PNP0C0F _UID=118 at handle=\\_SB_.PCI0.AMA1\n     pci_link28 pnpinfo _HID=PNP0C0F _UID=119 at handle=\\_SB_.PCI0.AMAC\n     pci_link29 pnpinfo _HID=PNP0C0F _UID=120 at handle=\\_SB_.PCI0.AAZA\n     pci_link30 pnpinfo _HID=PNP0C0F _UID=121 at handle=\\_SB_.PCI0.AACI\n     pci_link31 pnpinfo _HID=PNP0C0F _UID=122 at handle=\\_SB_.PCI0.AMCI\n     pci_link32 pnpinfo _HID=PNP0C0F _UID=111 at handle=\\_SB_.PCI0.ASMB\n     pci_link33 pnpinfo _HID=PNP0C0F _UID=112 at handle=\\_SB_.PCI0.AUS2\n     pci_link34 pnpinfo _HID=PNP0C0F _UID=123 at handle=\\_SB_.PCI0.AIDE\n     pci_link35 pnpinfo _HID=PNP0C0F _UID=116 at handle=\\_SB_.PCI0.ASA0\n     pci_link36 pnpinfo _HID=PNP0C0F _UID=115 at handle=\\_SB_.PCI0.ASA1\n     pci_link37 pnpinfo _HID=PNP0C0F _UID=38 at handle=\\_SB_.PCI0.ASA2\n     acpi_sysresource3 pnpinfo _HID=PNP0C02 _UID=4 at handle=\\_SB_.PCI0.EXPL\n     acpi_sysresource4 pnpinfo _HID=PNP0C01 _UID=0 at handle=\\_SB_.MEM_\n     acpi_timer0 pnpinfo unknown at unknown\n         ACPI I/O ports:\n             0x1008-0x100b\n     acpi_hpet0 pnpinfo unknown at unknown\n-----\n\nOutput from pciconf -lv:\n-----\nhostb0@pci0:0:0:0:\tclass=0x060000 card=0xc55e10de chip=0x03a110de \nrev=0xa2 hdr=0x00\n     vendor     = 'Nvidia Corp'\n     device     = 'C55 Host Bridge'\n     class      = bridge\n     subclass   = HOST-PCI\nnone0@pci0:0:0:1:\tclass=0x050000 card=0xc55e10de chip=0x03ac10de \nrev=0xa1 hdr=0x00\n     vendor     = 'Nvidia Corp'\n     device     = 'C55 Memory Controller'\n     class      = memory\n     subclass   = RAM\nnone1@pci0:0:0:2:\tclass=0x050000 card=0xc55e10de chip=0x03aa10de \nrev=0xa1 hdr=0x00\n     vendor     = 'Nvidia Corp'\n     device     = 'C55 Memory Controller'\n     class      = memory\n     subclass   = RAM\nnone2@pci0:0:0:3:\tclass=0x050000 card=0xc55e10de chip=0x03a910de \nrev=0xa1 hdr=0x00\n     vendor     = 'Nvidia Corp'\n     device     = 'C55 Memory Controller'\n     class      = memory\n     subclass   = RAM\nnone3@pci0:0:0:4:\tclass=0x050000 card=0xc55e10de chip=0x03ab10de \nrev=0xa1 hdr=0x00\n     vendor     = 'Nvidia Corp'\n     device     = 'C55 Memory Controller'\n     class      = memory\n     subclass   = RAM\nnone4@pci0:0:0:5:\tclass=0x050000 card=0xc55e10de chip=0x03a810de \nrev=0xa2 hdr=0x00\n     vendor     = 'Nvidia Corp'\n     device     = 'C55 Memory Controller'\n     class      = memory\n     subclass   = RAM\nnone5@pci0:0:0:6:\tclass=0x050000 card=0xc55e10de chip=0x03b510de \nrev=0xa1 hdr=0x00\n     vendor     = 'Nvidia Corp'\n     device     = 'C55 Memory Controller'\n     class      = memory\n     subclass   = RAM\nnone6@pci0:0:0:7:\tclass=0x050000 card=0xc55e10de chip=0x03b410de \nrev=0xa1 hdr=0x00\n     vendor     = 'Nvidia Corp'\n     device     = 'C55 Memory Controller'\n     class      = memory\n     subclass   = RAM\nnone7@pci0:0:1:0:\tclass=0x050000 card=0xc55e10de chip=0x03ad10de \nrev=0xa1 hdr=0x00\n     vendor     = 'Nvidia Corp'\n     device     = 'C55 Memory Controller'\n     class      = memory\n     subclass   = RAM\nnone8@pci0:0:1:1:\tclass=0x050000 card=0xc55e10de chip=0x03ae10de \nrev=0xa1 hdr=0x00\n     vendor     = 'Nvidia Corp'\n     device     = 'C55 Memory Controller'\n     class      = memory\n     subclass   = RAM\nnone9@pci0:0:1:2:\tclass=0x050000 card=0xc55e10de chip=0x03af10de \nrev=0xa1 hdr=0x00\n     vendor     = 'Nvidia Corp'\n     device     = 'C55 Memory Controller'\n     class      = memory\n     subclass   = RAM\nnone10@pci0:0:1:3:\tclass=0x050000 card=0xc55e10de chip=0x03b010de \nrev=0xa1 hdr=0x00\n     vendor     = 'Nvidia Corp'\n     device     = 'C55 Memory Controller'\n     class      = memory\n     subclass   = RAM\nnone11@pci0:0:1:4:\tclass=0x050000 card=0xc55e10de chip=0x03b110de \nrev=0xa1 hdr=0x00\n     vendor     = 'Nvidia Corp'\n     device     = 'C55 Memory Controller'\n     class      = memory\n     subclass   = RAM\nnone12@pci0:0:1:5:\tclass=0x050000 card=0xc55e10de chip=0x03b210de \nrev=0xa1 hdr=0x00\n     vendor     = 'Nvidia Corp'\n     device     = 'C55 Memory Controller'\n     class      = memory\n     subclass   = RAM\nnone13@pci0:0:1:6:\tclass=0x050000 card=0xc55e10de chip=0x03b310de \nrev=0xa1 hdr=0x00\n     vendor     = 'Nvidia Corp'\n     device     = 'C55 Memory Controller'\n     class      = memory\n     subclass   = RAM\nnone14@pci0:0:2:0:\tclass=0x050000 card=0xc55e10de chip=0x03b610de \nrev=0xa1 hdr=0x00\n     vendor     = 'Nvidia Corp'\n     device     = 'C55 Memory Controller'\n     class      = memory\n     subclass   = RAM\nnone15@pci0:0:2:1:\tclass=0x050000 card=0xc55e10de chip=0x03bc10de \nrev=0xa1 hdr=0x00\n     vendor     = 'Nvidia Corp'\n     device     = 'C55 Memory Controller'\n     class      = memory\n     subclass   = RAM\nnone16@pci0:0:2:2:\tclass=0x050000 card=0xc55e10de chip=0x03ba10de \nrev=0xa1 hdr=0x00\n     vendor     = 'Nvidia Corp'\n     device     = 'C55 Memory Controller'\n     class      = memory\n     subclass   = RAM\npcib1@pci0:0:3:0:\tclass=0x060400 card=0x0c5510de chip=0x03b710de \nrev=0xa1 hdr=0x01\n     vendor     = 'Nvidia Corp'\n     device     = 'C55 PCIe bridge'\n     class      = bridge\n     subclass   = PCI-PCI\nnone17@pci0:0:9:0:\tclass=0x050000 card=0xc55e10de chip=0x036910de \nrev=0xa1 hdr=0x00\n     vendor     = 'Nvidia Corp'\n     device     = 'MCP55 Memory Controller'\n     class      = memory\n     subclass   = RAM\nisab0@pci0:0:10:0:\tclass=0x060100 card=0xc55e10de chip=0x036010de \nrev=0xa2 hdr=0x00\n     vendor     = 'Nvidia Corp'\n     device     = 'MCP55 LPC Bridge'\n     class      = bridge\n     subclass   = PCI-ISA\nnone18@pci0:0:10:1:\tclass=0x0c0500 card=0xc55e10de chip=0x036810de \nrev=0xa2 hdr=0x00\n     vendor     = 'Nvidia Corp'\n     device     = 'MCP55 SMBus'\n     class      = serial bus\n     subclass   = SMBus\nohci0@pci0:0:11:0:\tclass=0x0c0310 card=0xc55e10de chip=0x036c10de \nrev=0xa1 hdr=0x00\n     vendor     = 'Nvidia Corp'\n     device     = 'Standard OpenHCD USB Hostcontroller (81FB1043)'\n     class      = serial bus\n     subclass   = USB\nehci0@pci0:0:11:1:\tclass=0x0c0320 card=0xc55e10de chip=0x036d10de \nrev=0xa2 hdr=0x00\n     vendor     = 'Nvidia Corp'\n     device     = 'Standard PCI-to-USB Enhanced Hostcontroller (81FB1043)'\n     class      = serial bus\n     subclass   = USB\natapci0@pci0:0:13:0:\tclass=0x01018a card=0xc55e10de chip=0x036e10de \nrev=0xa1 hdr=0x00\n     vendor     = 'Nvidia Corp'\n     device     = 'MCP55 PATA Controller (MCP55)'\n     class      = mass storage\n     subclass   = ATA\natapci1@pci0:0:14:0:\tclass=0x010185 card=0xc55e10de chip=0x037f10de \nrev=0xa2 hdr=0x00\n     vendor     = 'Nvidia Corp'\n     device     = 'MCP55 SATA/RAID Controller (MCP55S)'\n     class      = mass storage\n     subclass   = ATA\natapci2@pci0:0:14:1:\tclass=0x010185 card=0xc55e10de chip=0x037f10de \nrev=0xa2 hdr=0x00\n     vendor     = 'Nvidia Corp'\n     device     = 'MCP55 SATA/RAID Controller (MCP55S)'\n     class      = mass storage\n     subclass   = ATA\natapci3@pci0:0:14:2:\tclass=0x010185 card=0xc55e10de chip=0x037f10de \nrev=0xa2 hdr=0x00\n     vendor     = 'Nvidia Corp'\n     device     = 'MCP55 SATA/RAID Controller (MCP55S)'\n     class      = mass storage\n     subclass   = ATA\npcib2@pci0:0:15:0:\tclass=0x060401 card=0xcb8410de chip=0x037010de \nrev=0xa2 hdr=0x01\n     vendor     = 'Nvidia Corp'\n     device     = 'MCP55 PCI bridge'\n     class      = bridge\n     subclass   = PCI-PCI\nnfe0@pci0:0:17:0:\tclass=0x068000 card=0xc55e10de chip=0x037310de \nrev=0xa2 hdr=0x00\n     vendor     = 'Nvidia Corp'\n     device     = 'MCP55 Ethernet'\n     class      = bridge\nnfe1@pci0:0:18:0:\tclass=0x068000 card=0xc55e10de chip=0x037310de \nrev=0xa2 hdr=0x00\n     vendor     = 'Nvidia Corp'\n     device     = 'MCP55 Ethernet'\n     class      = bridge\nvgapci0@pci0:1:0:0:\tclass=0x030000 card=0xc8313842 chip=0x019110de \nrev=0xa2 hdr=0x00\n     vendor     = 'Nvidia Corp'\n     device     = 'Geforce 8800GTX 768MB (G80)'\n     class      = display\n     subclass   = VGA\nnone19@pci0:2:9:0:\tclass=0x040100 card=0x20021102 chip=0x00041102 \nrev=0x04 hdr=0x00\n     vendor     = 'Creative Technology LTD.'\n     device     = 'Audigy Audio Processor (Creative SB Audigy 2 ZS (WDM))'\n     class      = multimedia\n     subclass   = audio\nnone20@pci0:2:9:1:\tclass=0x098000 card=0x00401102 chip=0x70031102 \nrev=0x04 hdr=0x00\n     vendor     = 'Creative Technology LTD.'\n     device     = 'Creative Labs SB Audigy MIDI/Game port (EMU10K2 (for \nVista 32 bit))'\n     class      = input device\nnone21@pci0:2:9:2:\tclass=0x0c0010 card=0x00101102 chip=0x40011102 \nrev=0x04 hdr=0x00\n     vendor     = 'Creative Technology LTD.'\n     device     = 'Audigy IEEE1394a Firewire Controller (EMU10K1)'\n     class      = serial bus\n     subclass   = FireWire\nfxp0@pci0:2:10:0:\tclass=0x020000 card=0x00000000 chip=0x12298086 \nrev=0x01 hdr=0x00\n     vendor     = 'Intel Corporation'\n     device     = '82550/1/7/8/9 EtherExpress PRO/100(B) Ethernet Adapter'\n     class      = network\n     subclass   = ethernet\n-----\n\nOutput from ifconfig nfe0:\n-----\nnfe0: flags=8843\u003cUP,BROADCAST,RUNNING,SIMPLEX,MULTICAST\u003e metric 0 mtu 1500\n\toptions=19b\u003cRXCSUM,TXCSUM,VLAN_MTU,VLAN_HWTAGGING,VLAN_HWCSUM,TSO4\u003e\n\tether 00:04:4b:01:8c:0b\n\tinet 10.10.10.3 netmask 0xffffff00 broadcast 10.10.10.255\n\tinet 10.20.0.2 netmask 0xff000000 broadcast 10.255.255.255\n\tinet 10.20.0.3 netmask 0xff000000 broadcast 10.255.255.255\n\tinet 10.20.0.4 netmask 0xff000000 broadcast 10.255.255.255\n\tinet 10.20.0.5 netmask 0xff000000 broadcast 10.255.255.255\n\tinet 10.20.0.6 netmask 0xff000000 broadcast 10.255.255.255\n\tmedia: Ethernet autoselect (none)\n\tstatus: active\n-----\n\n\nThe \"media: Ethernet autoselect (none)\" line from ifconfig looks suspect \nto me.  Trying to manually set it to 100baseTX/1000baseT \nfull/half-duplex didn't help any.  I also tried removing the aliases to \nsee if somehow those were causing my problems, but no luck.  The \ninterface also failed to work when booting from the 8.0-BETA2 install \ndvd.  The interface is functional in Windows as well as Ubuntu.  Any \nsuggestions?\n\nRyan"
}