{
 "id": 981075,
 "bug_id": 225629,
 "attachment_id": 0,
 "creation_time": "2018-03-06T13:08:25Z",
 "creator": "rrondan@itrestauracion.com.ar",
 "text": "Hi,\nI have a powerpc g5 Mac, when I tried to compile xorg-minmal using postmaster I have the dependency of gcc5 every time , I know it is deprecated but also I tried to install  from /usr/ports/lang/gcc6 or postmaster and every time try to compile gcc5 also I tried  only gcc5 but fails..\n\nHow I can install gcc6 avoiding gcc5 ?\n\n\nroot@:/usr/ports/lang/gcc6 # dmesg\nCopyright (c) 1992-2017 The FreeBSD Project.\nCopyright (c) 1979, 1980, 1983, 1986, 1988, 1989, 1991, 1992, 1993, 1994\n\tThe Regents of the University of California. All rights reserved.\nFreeBSD is a registered trademark of The FreeBSD Foundation.\nFreeBSD 11.1-RELEASE #0 r321309: Fri Jul 21 07:28:47 UTC 2017\n    root@releng2.nyi.freebsd.org:/usr/obj/powerpc.powerpc64/usr/src/sys/GENERIC64 powerpc\ngcc version 4.2.1 20070831 patched [FreeBSD]\nVT(ofwfb): resolution 1280x1024\ncpu0: IBM PowerPC 970MP revision 1.1, 2000.53 MHz\ncpu0: Features dc000000\u003cPPC32,PPC64,ALTIVEC,FPU,MMU\u003e\ncpu0: HID0 1511081\u003cDEEPNAP,NAP,DPM,NHR,TBEN,ENATTN\u003e\nreal memory  = 2651049984 (2528 MB)\navail memory = 2477019136 (2362 MB)\nFreeBSD/SMP: Multiprocessor System Detected: 2 CPUs\ncpu0: dev=ff89d680 (BSP)\ncpu1: dev=ff89eb70\nrandom: unblocking device.\nrandom: entropy device external interface\nkbd0 at kbdmux0\nofwbus0: \u003cOpen Firmware Device Tree\u003e on nexus0\ncpulist0: \u003cOpen Firmware CPU Group\u003e on ofwbus0\ncpu0: \u003cOpen Firmware CPU\u003e on cpulist0\npcr0: \u003cPPC 970 Power Control Register\u003e on cpu0\ncpu1: \u003cOpen Firmware CPU\u003e on cpulist0\npcr1: \u003cPPC 970 Power Control Register\u003e on cpu1\npowermac_nvram0: \u003cApple NVRAM\u003e mem 0xfff04000-0xfff07fff on ofwbus0\npowermac_nvram0: bank0 generation 1839, bank1 generation 1838\nunin0: \u003cApple UniNorth System Controller\u003e mem 0xf8000000-0xf8ffffff on ofwbus0\nunin0: Version 66\niichb0: \u003cKeywest I2C controller\u003e mem 0xf8001000-0xf8001fff irq 0 on unin0\niicbus0: \u003cOFW I2C bus\u003e on iichb0\nds17750: \u003cTemp-Monitor DS1775\u003e at addr 0x94 on iicbus0\nds16310: \u003cTemp-Monitor DS1631\u003e at addr 0x96 on iicbus0\nmax66900: \u003cTemp-Monitor MAX6690\u003e at addr 0x98 on iicbus0\nmax66901: \u003cTemp-Monitor MAX6690\u003e at addr 0x9c on iicbus0\nhtpic0: \u003cOpenPIC Interrupt Controller\u003e mem 0xf8040000-0xf807ffff on unin0\npcib0: \u003cIBM CPC945 PCI Express Root\u003e mem 0xf0000000-0xf1ffffff on ofwbus0\npci0: \u003cOFW PCI bus\u003e on pcib0\nvgapci0: \u003cVGA-compatible display\u003e mem 0x92000000-0x92ffffff,0x98000000-0x9fffffff,0x91000000-0x91ffffff irq 3 at device 0.0 on pci0\nvgapci0: Boot video device\npcib1: \u003cIBM CPC9X5 HyperTransport Tunnel\u003e mem 0xf2000000-0xf47fffff,0xf8070000-0xf8070fff on ofwbus0\npcib1: 86 HT IRQs on device 7.0\npci1: \u003cOFW PCI bus\u003e on pcib1\npcib1: Enabling MSI window for HyperTransport slave at pci1:0:1:0\npcib2: \u003cOFW PCI-PCI bridge\u003e at device 1.0 on pci1\npci2: \u003cOFW PCI bus\u003e on pcib2\npcib3: \u003cOFW PCI-PCI bridge\u003e at device 2.0 on pci1\npci3: \u003cOFW PCI bus\u003e on pcib3\nbge0: \u003cBroadcom BCM5714 B3, ASIC rev. 0x008003\u003e mem 0xfa530000-0xfa53ffff,0xfa520000-0xfa52ffff irq 66 at device 4.0 on pci3\nbge0: CHIP ID 0x00008003; ASIC REV 0x08; CHIP REV 0x80; PCI-X 33 MHz\nmiibus0: \u003cMII bus\u003e on bge0\nbrgphy0: \u003cBCM5780 1000BASE-T media interface\u003e PHY 1 on miibus0\nbrgphy0:  10baseT, 10baseT-FDX, 100baseTX, 100baseTX-FDX, 1000baseT, 1000baseT-master, 1000baseT-FDX, 1000baseT-FDX-master, auto, auto-flow\nbge0: Ethernet address: 00:14:51:68:33:0e\nbge1: \u003cBroadcom BCM5714 B3, ASIC rev. 0x008003\u003e mem 0xfa510000-0xfa51ffff,0xfa500000-0xfa50ffff irq 67 at device 4.1 on pci3\nbge1: CHIP ID 0x00008003; ASIC REV 0x08; CHIP REV 0x80; PCI-X 33 MHz\nmiibus1: \u003cMII bus\u003e on bge1\nbrgphy1: \u003cBCM5780 1000BASE-T media interface\u003e PHY 1 on miibus1\nbrgphy1:  10baseT, 10baseT-FDX, 100baseTX, 100baseTX-FDX, 1000baseT, 1000baseT-master, 1000baseT-FDX, 1000baseT-FDX-master, auto, auto-flow\nbge1: Ethernet address: 00:14:51:68:33:0f\npcib4: \u003cOFW PCI-PCI bridge\u003e at device 3.0 on pci1\npci4: \u003cOFW PCI bus\u003e on pcib4\npcib5: \u003cOFW PCI-PCI bridge\u003e at device 4.0 on pci1\npci5: \u003cOFW PCI bus\u003e on pcib5\npcib6: \u003cOFW PCI-PCI bridge\u003e at device 5.0 on pci1\npci6: \u003cOFW PCI bus\u003e on pcib6\npcib7: \u003cOFW PCI-PCI bridge\u003e at device 6.0 on pci1\npci7: \u003cOFW PCI bus\u003e on pcib7\npcib8: \u003cOFW PCI-PCI bridge\u003e at device 7.0 on pci1\npci8: \u003cOFW PCI bus\u003e on pcib8\ngem0: \u003cApple Shasta GMAC Ethernet\u003e mem 0xfa200000-0xfa3fffff at device 15.0 on pci8\ngem0: invalid MAC address\ndevice_attach: gem0 attach returned 6\npcib9: \u003cOFW PCI-PCI bridge\u003e at device 8.0 on pci1\npci9: \u003cOFW PCI bus\u003e on pcib9\nmacio0: \u003cShasta I/O Controller\u003e mem 0x80000000-0x8007ffff at device 7.0 on pci9\nmacgpio0: \u003cMacIO GPIO Controller\u003e mem 0x50-0x8a on macio0\nscc0: \u003cZilog Z8530 dual channel SCC\u003e mem 0x13000-0x13fff,0x8400-0x84ff,0x8500-0x85ff,0x8600-0x86ff,0x8700-0x87ff irq 23,17,18,24,19,20 on macio0\nuart0: \u003cz8530, channel A\u003e on scc0\nuart1: \u003cz8530, channel B\u003e on scc0\niichb1: \u003cKeywest I2C controller\u003e mem 0x18000-0x18fff irq 27 on macio0\niicbus1: \u003cOFW I2C bus\u003e on iichb1\nonyx0: \u003cTexas Instruments PCM3052 Audio Codec\u003e at addr 0x8c on iicbus1\niicbus1: \u003cunknown card\u003e at addr 0x24\npcm0: \u003cApple I2S Audio Controller\u003e mem 0x10000-0x10fff,0x8000-0x80ff,0x8100-0x81ff irq 28,11,12,30,15,16 on macio0\nohci0: \u003cNEC uPD 9210 USB controller\u003e mem 0x80082000-0x80082fff irq 70 at device 11.0 on pci9\nusbus0 on ohci0\nohci1: \u003cNEC uPD 9210 USB controller\u003e mem 0x80081000-0x80081fff irq 70 at device 11.1 on pci9\nusbus1 on ohci1\nehci0: \u003cNEC uPD 72010x USB 2.0 controller\u003e mem 0x80080000-0x800800ff irq 70 at device 11.2 on pci9\nusbus2: EHCI version 1.0\nusbus2 on ehci0\npcib10: \u003cOFW PCI-PCI bridge\u003e at device 9.0 on pci1\npci10: \u003cOFW PCI bus\u003e on pcib10\natapci0: \u003cServerWorks K2 SATA150 controller\u003e mem 0xfa402000-0xfa403fff irq 10 at device 12.0 on pci10\npcib1: failed to reserve resource for pcib10\natapci0: 0x10 bytes of rid 0x20 res 4 failed (0, 0xffffffffffffffff).\nata2: \u003cATA channel\u003e at channel 0 on atapci0\nata3: \u003cATA channel\u003e at channel 1 on atapci0\nata4: \u003cATA channel\u003e at channel 2 on atapci0\nata5: \u003cATA channel\u003e at channel 3 on atapci0\nata0: \u003cShasta Kauai ATA Controller\u003e mem 0xfa404000-0xfa407fff irq 38,37 at device 13.0 on pci10\nfwohci0: \u003c1394 Open Host Controller Interface\u003e mem 0xfa400000-0xfa400fff irq 39 at device 14.0 on pci10\nfwohci0: OHCI version 1.0 (ROM=0)\nfwohci0: No. of Isochronous channels is 8.\nfwohci0: EUI64 00:14:51:ff:fe:35:68:78\nfwohci0: invalid speed 7 (fixed to 3).\nfwohci0: Phy 1394a available S800, 3 ports.\nfwohci0: Link S800, max_rec 4096 bytes.\nfirewire0: \u003cIEEE1394(FireWire) bus\u003e on fwohci0\nfwe0: \u003cEthernet over FireWire\u003e on firewire0\nif_fwe0: Fake Ethernet address: 02:14:51:35:68:78\nfwe0: Ethernet address: 02:14:51:35:68:78\nsbp0: \u003cSBP-2/SCSI over FireWire\u003e on firewire0\nfwohci0: Initiate bus reset\nfwohci0: fwohci_intr_core: BUS reset\nfwohci0: PhysicalUpperBound register is not implemented.  Physical memory access is limited to the first 4GB\nfwohci0: PhysicalUpperBound = 0x00000000\nfwohci0: fwohci_intr_core: node_id=0x00000001, SelfID Count=1, CYCLEMASTER mode\nsmu0: \u003cApple System Management Unit\u003e on ofwbus0\niichb2: \u003cSMU I2C controller\u003e on smu0\niicbus2: \u003cOFW I2C bus\u003e on iichb2\nsmusat0: \u003cSMU Satellite Sensors\u003e at addr 0xb0 on iicbus2\niicbus2: \u003cunknown card\u003e at addr 0xd4\niichb3: \u003cSMU I2C controller\u003e on smu0\niicbus3: \u003cOFW I2C bus\u003e on iichb3\nTimecounter \"timebase\" frequency 33333333 Hz quality 0\nEvent timer \"decrementer\" frequency 33333333 Hz quality 1000\nTimecounters tick every 1.000 msec\nfirewire0: 2 nodes, maxhop \u003c= 1 cable IRM irm(1)  (me)\nfirewire0: bus manager 1\nmax66900: 2 sensors detected.\nmax66901: 2 sensors detected.\nusbus0: 12Mbps Full Speed USB v1.0\nusbus1: 12Mbps Full Speed USB v1.0\nugen0.1: \u003cNEC OHCI root HUB\u003e at usbus0\nuhub0: \u003cNEC OHCI root HUB, class 9/0, rev 1.00/1.00, addr 1\u003e on usbus0\nugen1.1: \u003cNEC OHCI root HUB\u003e at usbus1\nuhub1: \u003cNEC OHCI root HUB, class 9/0, rev 1.00/1.00, addr 1\u003e on usbus1\nusbus2: 480Mbps High Speed USB v2.0\nugen2.1: \u003cNEC EHCI root HUB\u003e at usbus2\nuhub2: \u003cNEC EHCI root HUB, class 9/0, rev 2.00/1.00, addr 1\u003e on usbus2\nuhub0: 3 ports with 3 removable, self powered\nuhub1: 2 ports with 2 removable, self powered\nuhub2: 5 ports with 5 removable, self powered\nugen2.2: \u003cRalink 802.11 n WLAN\u003e at usbus2\nada0 at ata2 bus 0 scbus0 target 0 lun 0\nada0: \u003cWDC WD1600JS-41MVB1 10.02E01\u003e ATA-7 SATA 2.x device\nada0: Serial Number WD-WMAP01138964\nada0: 150.000MB/s transfers (SATA 1.x, UDMA5, PIO 8192bytes)\nada0: 152627MB (312581808 512 byte sectors)\nada1 at ata3 bus 0 scbus1 target 0 lun 0\nada1: \u003cSAMSUNG SP2504C VT100-41\u003e ATA-7 SATA 2.x device\nada1: Serial Number S09QJ1HL952442\nada1: 150.000MB/s transfers (SATA 1.x, UDMA5, PIO 8192bytes)\nada1: 238475MB (488397168 512 byte sectors)\nSMP: AP CPU #1 launched\nTrying to mount root from ufs:/dev/ada0s3 [rw]...\nugen0.2: \u003cLogitech USB Receiver\u003e at usbus0\nukbd0 on uhub0\nukbd0: \u003cLogitech USB Receiver, class 0/0, rev 2.00/24.00, addr 2\u003e on usbus0\nkbd1 at ukbd0\nums0 on uhub0\nums0: \u003cLogitech USB Receiver, class 0/0, rev 2.00/24.00, addr 2\u003e on usbus0\nums0: 16 buttons and [XYZT] coordinates ID=2\nuhid0 on uhub0\nuhid0: \u003cLogitech USB Receiver, class 0/0, rev 2.00/24.00, addr 2\u003e on usbus0\nugen1.2: \u003cPrimax Electronics Apple Optical USB Mouse\u003e at usbus1\nums1 on uhub1\nums1: \u003cPrimax Electronics Apple Optical USB Mouse, class 0/0, rev 1.10/1.10, addr 2\u003e on usbus1\nums1: 4 buttons and [XYZW] coordinates ID=0\nbge0: link state changed to DOWN\nrun0 on uhub2\nrun0: \u003c1.0\u003e on usbus2\nrun0: MAC/BBP RT5390 (rev 0x0502), RF RT5370 (MIMO 1T1R), address 7c:dd:90:04:e7:0c\nieee80211_load_module: load the wlan_amrr module by hand for now.\nwlan0: Ethernet address: 7c:dd:90:04:e7:0c\nrun0: firmware RT3071 ver. 0.33 loaded\nwlan0: link state changed to UP\n\nhw.machine: powerpc\nhw.model: IBM PowerPC 970MP\nhw.ncpu: 2\nhw.byteorder: 4321\nhw.physmem: 2651049984\nhw.usermem: 2223316992\nhw.pagesize: 4096\nhw.machine_arch: powerpc64\nhw.realmem: 2651049984\nhw.uma_mdpages: 75462\nhw.platform: powermac\nhw.floatingpoint: 1\nhw.altivec: 1"
}