{
 "id": 518029,
 "bug_id": 138476,
 "attachment_id": 0,
 "creation_time": "2009-09-02T11:10:04Z",
 "creator": "stephane.rochoy@netasq.com",
 "text": "The system panic almost every two days at 03:02am CEST. The panics started to occure when I started to keep permanent sshfs mounts.\n\nHere is the backtrace:\n\nFatal trap 12: page fault while in kernel mode\ncpuid = 0; apic id = 00\nfault virtual address   = 0x0\nfault code              = supervisor write, page not present\ninstruction pointer     = 0x20:0xc08617e6\nstack pointer           = 0x28:0xe71d3808\nframe pointer           = 0x28:0xe71d3844\ncode segment            = base 0x0, limit 0xfffff, type 0x1b\n                        = DPL 0, pres 1, def32 1, gran 1\nprocessor eflags        = interrupt enabled, resume, IOPL = 0\ncurrent process         = 13458 (find)\ntrap number             = 12\npanic: page fault\ncpuid = 0\nUptime: 23h58m34s\nPhysical memory: 1010 MB\nDumping 134 MB: 119 103 87 71 55 39 23 7\n\nReading symbols from /boot/kernel/acpi.ko...Reading symbols from /boot/kernel/acpi.ko.symbols...done.\ndone.\nLoaded symbols for /boot/kernel/acpi.ko\nReading symbols from /usr/local/modules/fuse.ko...done.\nLoaded symbols for /usr/local/modules/fuse.ko\nReading symbols from /boot/kernel/radeon.ko...Reading symbols from /boot/kernel/radeon.ko.symbols...done.\ndone.\nLoaded symbols for /boot/kernel/radeon.ko\nReading symbols from /boot/kernel/drm.ko...Reading symbols from /boot/kernel/drm.ko.symbols...done.\ndone.\nLoaded symbols for /boot/kernel/drm.ko\nReading symbols from /boot/kernel/smbfs.ko...Reading symbols from /boot/kernel/smbfs.ko.symbols...done.\ndone.\nLoaded symbols for /boot/kernel/smbfs.ko\nReading symbols from /boot/kernel/libiconv.ko...Reading symbols from /boot/kernel/libiconv.ko.symbols...d\ndone.\nLoaded symbols for /boot/kernel/libiconv.ko\nReading symbols from /boot/kernel/libmchain.ko...Reading symbols from /boot/kernel/libmchain.ko.symbols..\ndone.\nLoaded symbols for /boot/kernel/libmchain.ko\n#0  doadump () at pcpu.h:196\n196     pcpu.h: No such file or directory.\n        in pcpu.h\n(kgdb) bt\n#0  doadump () at pcpu.h:196\n#1  0xc07e25c7 in boot (howto=260) at /usr/src/sys/kern/kern_shutdown.c:418\n#2  0xc07e2899 in panic (fmt=Variable \"fmt\" is not available.\n) at /usr/src/sys/kern/kern_shutdown.c:574\n#3  0xc0ae3efc in trap_fatal (frame=0xe71d37c8, eva=0) at /usr/src/sys/i386/i386/trap.c:939\n#4  0xc0ae4180 in trap_pfault (frame=0xe71d37c8, usermode=0, eva=0) at /usr/src/sys/i386/i386/trap.c:852\n#5  0xc0ae4b2c in trap (frame=0xe71d37c8) at /usr/src/sys/i386/i386/trap.c:530\n#6  0xc0ac923b in calltrap () at /usr/src/sys/i386/i386/exception.s:159\n#7  0xc08617e6 in vgonel (vp=0xc52aabdc) at /usr/src/sys/kern/vfs_subr.c:979\n#8  0xc086521d in vnlru_free (count=1) at /usr/src/sys/kern/vfs_subr.c:860\n#9  0xc0865367 in getnewvnode (tag=0xc0b83ce1 \"ufs\", mp=0xc449a870, vops=0xc0c6c160, vpp=0xe71d3904) at /usr/src/sys/kern/vfs_subr.c:882\n#10 0xc09f86a2 in ffs_vgetf (mp=0xc449a870, ino=641075, flags=2, vpp=0xe71d39b8, ffs_flags=0) at /usr/src/sys/ufs/ffs/ffs_vfsops.c:1436\n#11 0xc09f8aee in ffs_vget (mp=0xc449a870, ino=641075, flags=2, vpp=0xe71d39b8) at /usr/src/sys/ufs/ffs/ffs_vfsops.c:1379\n#12 0xc0a0503b in ufs_lookup (ap=0xe71d3a00) at /usr/src/sys/ufs/ufs/ufs_lookup.c:600\n#13 0xc0af87f2 in VOP_CACHEDLOOKUP_APV (vop=0xc0c6c160, a=0xe71d3a00) at vnode_if.c:153\n#14 0xc0851e4c in vfs_cache_lookup (ap=0xe71d3a84) at vnode_if.h:83\n#15 0xc0afa4c6 in VOP_LOOKUP_APV (vop=0xc0c6c680, a=0xe71d3a84) at vnode_if.c:99\n#16 0xc08587f1 in lookup (ndp=0xe71d3b48) at vnode_if.h:57\n#17 0xc0859539 in namei (ndp=0xe71d3b48) at /usr/src/sys/kern/vfs_lookup.c:215\n#18 0xc086702f in kern_lstat (td=0xc4f18460, path=0x282450f8 \u003cAddress 0x282450f8 out of bounds\u003e, pathseg=UIO_USERSPACE, sbp=0xe71d3c18) at /usr/src/sys/kern/vfs_syscalls.c:2184\n#19 0xc08671ef in lstat (td=0xc4f18460, uap=0xe71d3cfc) at /usr/src/sys/kern/vfs_syscalls.c:2167\n#20 0xc0ae44d5 in syscall (frame=0xe71d3d38) at /usr/src/sys/i386/i386/trap.c:1090\n#21 0xc0ac92a0 in Xint0x80_syscall () at /usr/src/sys/i386/i386/exception.s:255\n#22 0x00000033 in ?? ()\nPrevious frame inner to this frame (corrupt stack?)\n\nHere is a dmesg (not the one before the crash):\n\nCopyright (c) 1992-2009 The FreeBSD Project.\nCopyright (c) 1979, 1980, 1983, 1986, 1988, 1989, 1991, 1992, 1993, 1994\n        The Regents of the University of California. All rights reserved.\nFreeBSD is a registered trademark of The FreeBSD Foundation.\nFreeBSD 7.2-RELEASE-p3 #0: Wed Sep  2 09:06:11 CEST 2009\n    root@cthulhu.tac.netasq.com:/usr/obj/usr/src/sys/DEBUG-GENERIC\nTimecounter \"i8254\" frequency 1193182 Hz quality 0\nCPU: AMD Athlon(tm) 64 Processor 3200+ (2000.09-MHz 686-class CPU)\n  Origin = \"AuthenticAMD\"  Id = 0x20ff2  Stepping = 2\n  Features=0x78bfbff\u003cFPU,VME,DE,PSE,TSC,MSR,PAE,MCE,CX8,APIC,SEP,MTRR,PGE,MCA,CMOV,PAT,PSE36,CLFLUSH,MMX,FXSR,SSE,SSE2\u003e\n  Features2=0x1\u003cSSE3\u003e\n  AMD Features=0xe2500800\u003cSYSCALL,NX,MMX+,FFXSR,LM,3DNow!+,3DNow!\u003e\n  AMD Features2=0x1\u003cLAHF\u003e\nreal memory  = 1072562176 (1022 MB)\navail memory = 1035886592 (987 MB)\nACPI APIC Table: \u003cK8T890 AWRDACPI\u003e\nioapic0 \u003cVersion 0.3\u003e irqs 0-23 on motherboard\nioapic1 \u003cVersion 0.3\u003e irqs 24-47 on motherboard\nkbd1 at kbdmux0\nacpi0: \u003cK8T890 AWRDACPI\u003e on motherboard\nacpi0: [ITHREAD]\nacpi0: Power Button (fixed)\nacpi0: reservation of 0, a0000 (3) failed\nacpi0: reservation of 100000, 3fde0000 (3) failed\nTimecounter \"ACPI-fast\" frequency 3579545 Hz quality 1000\nacpi_timer0: \u003c24-bit timer at 3.579545MHz\u003e port 0x4008-0x400b on acpi0\nacpi_button0: \u003cPower Button\u003e on acpi0\npcib0: \u003cACPI Host-PCI bridge\u003e port 0xcf8-0xcff on acpi0\npci0: \u003cACPI PCI bus\u003e on pcib0\nagp0: \u003cVIA 3238 host to PCI bridge\u003e on hostb0\npcib1: \u003cPCI-PCI bridge\u003e at device 1.0 on pci0\npci1: \u003cPCI bus\u003e on pcib1\npcib2: \u003cACPI PCI-PCI bridge\u003e irq 27 at device 2.0 on pci0\npci2: \u003cACPI PCI bus\u003e on pcib2\nvgapci0: \u003cVGA-compatible display\u003e port 0x9000-0x90ff mem 0xc8000000-0xcfffffff,0xd1000000-0xd100ffff irq 24 at device 0.0 on pci2\nvgapci1: \u003cVGA-compatible display\u003e mem 0xd1010000-0xd101ffff at device 0.1 on pci2\npcib3: \u003cACPI PCI-PCI bridge\u003e irq 31 at device 3.0 on pci0\npci3: \u003cACPI PCI bus\u003e on pcib3\npcib4: \u003cACPI PCI-PCI bridge\u003e irq 35 at device 3.1 on pci0\npci4: \u003cACPI PCI bus\u003e on pcib4\npcib5: \u003cACPI PCI-PCI bridge\u003e irq 39 at device 3.2 on pci0\npci5: \u003cACPI PCI bus\u003e on pcib5\nmskc0: \u003cMarvell Yukon 88E8053 Gigabit Ethernet\u003e port 0xa000-0xa0ff mem 0xd3000000-0xd3003fff irq 36 at device 0.0 on pci5\nmsk0: \u003cMarvell Technology Group Ltd. Yukon EC Id 0xb6 Rev 0x02\u003e on mskc0\nmsk0: Ethernet address: 00:15:f2:89:3a:5a\nmiibus0: \u003cMII bus\u003e on msk0\ne1000phy0: \u003cMarvell 88E1111 Gigabit PHY\u003e PHY 0 on miibus0\ne1000phy0:  10baseT, 10baseT-FDX, 100baseTX, 100baseTX-FDX, 1000baseTX-FDX, auto\nmskc0: [FILTER]\npcib6: \u003cACPI PCI-PCI bridge\u003e irq 43 at device 3.3 on pci0\npci6: \u003cACPI PCI bus\u003e on pcib6\npcib7: \u003cPCI-PCI bridge\u003e at device 11.0 on pci0\npci7: \u003cPCI bus\u003e on pcib7\nfxp0: \u003cIntel 82558 Pro/100 Ethernet\u003e port 0xb000-0xb01f mem 0xd4200000-0xd4200fff,0xd4000000-0xd40fffff irq 16 at device 4.0 on pci7\nmiibus1: \u003cMII bus\u003e on fxp0\ninphy0: \u003ci82555 10/100 media interface\u003e PHY 1 on miibus1\ninphy0:  10baseT, 10baseT-FDX, 100baseTX, 100baseTX-FDX, auto\nfxp0: Ethernet address: 00:03:47:08:6d:09\nfxp0: [ITHREAD]\nfxp1: \u003cIntel 82558 Pro/100 Ethernet\u003e port 0xb400-0xb41f mem 0xd4201000-0xd4201fff,0xd4100000-0xd41fffff irq 17 at device 5.0 on pci7\nmiibus2: \u003cMII bus\u003e on fxp1\ninphy1: \u003ci82555 10/100 media interface\u003e PHY 1 on miibus2\ninphy1:  10baseT, 10baseT-FDX, 100baseTX, 100baseTX-FDX, auto\nfxp1: Ethernet address: 00:03:47:08:6d:0a\nfxp1: [ITHREAD]\natapci0: \u003cVIA 6420 SATA150 controller\u003e port 0xc000-0xc007,0xc400-0xc403,0xc800-0xc807,0xcc00-0xcc03,0xd000-0xd00f,0xd400-0xd4ff irq 20 at device 15.0 on pci0\natapci0: [ITHREAD]\nata2: \u003cATA channel 0\u003e on atapci0\nata2: [ITHREAD]\nata3: \u003cATA channel 1\u003e on atapci0\nata3: [ITHREAD]\natapci1: \u003cVIA 8237 UDMA133 controller\u003e port 0x1f0-0x1f7,0x3f6,0x170-0x177,0x376,0xd800-0xd80f at device 15.1 on pci0\nata0: \u003cATA channel 0\u003e on atapci1\nata0: [ITHREAD]\nata1: \u003cATA channel 1\u003e on atapci1\nata1: [ITHREAD]\nuhci0: \u003cVIA 83C572 USB controller\u003e port 0xdc00-0xdc1f irq 21 at device 16.0 on pci0\nuhci0: [GIANT-LOCKED]\nuhci0: [ITHREAD]\nusb0: \u003cVIA 83C572 USB controller\u003e on uhci0\nusb0: USB revision 1.0\nuhub0: \u003cVIA UHCI root hub, class 9/0, rev 1.00/1.00, addr 1\u003e on usb0\nuhub0: 2 ports with 2 removable, self powered\nuhci1: \u003cVIA 83C572 USB controller\u003e port 0xe000-0xe01f irq 21 at device 16.1 on pci0\nuhci1: [GIANT-LOCKED]\nuhci1: [ITHREAD]\nusb1: \u003cVIA 83C572 USB controller\u003e on uhci1\nusb1: USB revision 1.0\nuhub1: \u003cVIA UHCI root hub, class 9/0, rev 1.00/1.00, addr 1\u003e on usb1\nuhub1: 2 ports with 2 removable, self powered\nuhci2: \u003cVIA 83C572 USB controller\u003e port 0xe400-0xe41f irq 21 at device 16.2 on pci0\nuhci2: [GIANT-LOCKED]\nuhci2: [ITHREAD]\nusb2: \u003cVIA 83C572 USB controller\u003e on uhci2\nusb2: USB revision 1.0\nuhub2: \u003cVIA UHCI root hub, class 9/0, rev 1.00/1.00, addr 1\u003e on usb2\nuhub2: 2 ports with 2 removable, self powered\nuhci3: \u003cVIA 83C572 USB controller\u003e port 0xe800-0xe81f irq 21 at device 16.3 on pci0\nuhci3: [GIANT-LOCKED]\nuhci3: [ITHREAD]\nusb3: \u003cVIA 83C572 USB controller\u003e on uhci3\nusb3: USB revision 1.0\nuhub3: \u003cVIA UHCI root hub, class 9/0, rev 1.00/1.00, addr 1\u003e on usb3\nuhub3: 2 ports with 2 removable, self powered\nehci0: \u003cVIA VT6202 USB 2.0 controller\u003e mem 0xd4300000-0xd43000ff irq 21 at device 16.4 on pci0\nehci0: [GIANT-LOCKED]\nehci0: [ITHREAD]\nusb4: EHCI version 1.0\nusb4: companion controllers, 2 ports each: usb0 usb1 usb2 usb3\nusb4: \u003cVIA VT6202 USB 2.0 controller\u003e on ehci0\nusb4: USB revision 2.0\nuhub4: \u003cVIA EHCI root hub, class 9/0, rev 2.00/1.00, addr 1\u003e on usb4\nuhub4: 8 ports with 8 removable, self powered\nuhub5: \u003cvendor 0x0424 product 0x2504, class 9/0, rev 2.00/0.01, addr 2\u003e on uhub4\nuhub5: multiple transaction translators\nuhub5: 4 ports with 4 removable, self powered\nisab0: \u003cPCI-ISA bridge\u003e at device 17.0 on pci0\nisa0: \u003cISA bus\u003e on isab0\npci0: \u003cmultimedia, audio\u003e at device 17.5 (no driver attached)\nacpi_tz0: \u003cThermal Zone\u003e on acpi0\nfdc0: \u003cfloppy drive controller\u003e port 0x3f0-0x3f5,0x3f7 irq 6 drq 2 on acpi0\nfdc0: [FILTER]\nfd0: \u003c1440-KB 3.5\" drive\u003e on fdc0 drive 0\nsio0: configured irq 4 not in bitmap of probed irqs 0\nsio0: port may not be enabled\nsio0: configured irq 4 not in bitmap of probed irqs 0\nsio0: port may not be enabled\nsio0: \u003c16550A-compatible COM port\u003e port 0x3f8-0x3ff irq 4 flags 0x10 on acpi0\nsio0: type 16550A\nsio0: [FILTER]\natkbdc0: \u003cKeyboard controller (i8042)\u003e port 0x60,0x64 irq 1 on acpi0\natkbd0: \u003cAT Keyboard\u003e irq 1 on atkbdc0\nkbd0 at atkbd0\natkbd0: [GIANT-LOCKED]\natkbd0: [ITHREAD]\ncpu0: \u003cACPI CPU\u003e on acpi0\npowernow0: \u003cCool`n'Quiet K8\u003e on cpu0\ndevice_attach: powernow0 attach returned 6\npmtimer0 on isa0\norm0: \u003cISA Option ROM\u003e at iomem 0xc0000-0xcffff pnpid ORM0000 on isa0\nppc0: \u003cParallel port\u003e at port 0x378-0x37f irq 7 on isa0\nppc0: SMC-like chipset (ECP/EPP/PS2/NIBBLE) in COMPATIBLE mode\nppc0: FIFO with 16/16/9 bytes threshold\nppbus0: \u003cParallel port bus\u003e on ppc0\nppbus0: [ITHREAD]\nplip0: \u003cPLIP network interface\u003e on ppbus0\nplip0: WARNING: using obsoleted IFF_NEEDSGIANT flag\nlpt0: \u003cPrinter\u003e on ppbus0\nlpt0: Interrupt-driven port\nppi0: \u003cParallel I/O\u003e on ppbus0\nppc0: [GIANT-LOCKED]\nppc0: [ITHREAD]\nsc0: \u003cSystem console\u003e at flags 0x100 on isa0\nsc0: VGA \u003c16 virtual consoles, flags=0x300\u003e\nsio1: configured irq 3 not in bitmap of probed irqs 0\nsio1: port may not be enabled\nvga0: \u003cGeneric ISA VGA\u003e at port 0x3c0-0x3df iomem 0xa0000-0xbffff on isa0\nums0: \u003cMicrosoft Microsoft Wheel Mouse Optical\\M-., class 0/0, rev 1.10/1.21, addr 2\u003e on uhub0\nums0: 3 buttons and Z dir.\nTimecounter \"TSC\" frequency 2000092814 Hz quality 800\nTimecounters tick every 1.000 msec\nad6: 78167MB \u003cMaxtor 6V080E0 VA111630\u003e at ata3-master SATA150\nGEOM_LABEL: Label for provider ad6s1 is ntfs/SYSTEM.\nGEOM_LABEL: Label for provider ad6s5 is ntfs/USERS.\nGEOM_LABEL: Label for provider ad6s3a is ufsid/498b17d3d30402da.\nGEOM_LABEL: Label for provider ad6s3d is ufsid/498b17d4aed77cce.\nGEOM_LABEL: Label for provider ad6s3e is ufsid/498b17d337b74b9b.\nGEOM_LABEL: Label for provider ad6s3f is ufsid/498b17d3e7acca4e.\nGEOM_LABEL: Label for provider ad6s3g is ufsid/498b17d33dac1cba.\nTrying to mount root from ufs:/dev/ad6s3a\nGEOM_LABEL: Label ufsid/498b17d3d30402da removed.\nGEOM_LABEL: Label for provider ad6s3a is ufsid/498b17d3d30402da.\nGEOM_LABEL: Label ufsid/498b17d3e7acca4e removed.\nGEOM_LABEL: Label for provider ad6s3f is ufsid/498b17d3e7acca4e.\nGEOM_LABEL: Label ufsid/498b17d337b74b9b removed.\nGEOM_LABEL: Label for provider ad6s3e is ufsid/498b17d337b74b9b.\nGEOM_LABEL: Label ufsid/498b17d33dac1cba removed.\nGEOM_LABEL: Label for provider ad6s3g is ufsid/498b17d33dac1cba.\nGEOM_LABEL: Label ufsid/498b17d4aed77cce removed.\nGEOM_LABEL: Label for provider ad6s3d is ufsid/498b17d4aed77cce.\nGEOM_LABEL: Label ufsid/498b17d3d30402da removed.\nGEOM_LABEL: Label ufsid/498b17d3e7acca4e removed.\nGEOM_LABEL: Label ufsid/498b17d337b74b9b removed.\nGEOM_LABEL: Label ufsid/498b17d33dac1cba removed.\nGEOM_LABEL: Label ufsid/498b17d4aed77cce removed.\nfuse4bsd: version 0.3.9-pre1, FUSE ABI 7.8\ndrm0: \u003cATI Radeon RV370 X550\u003e on vgapci0\nvgapci0: child drm0 requested pci_enable_busmaster\ninfo: [drm] Initialized radeon 1.29.0 20080528\ninfo: [drm] Setting GART location based on new memory map\ninfo: [drm] Loading R300 Microcode\ninfo: [drm] Num pipes: 1\ninfo: [drm] writeback test succeeded in 1 usecs\ndrm0: [ITHREAD]\ninfo: [drm] Num pipes: 1\ninfo: [drm] Loading R300 Microcode\ninfo: [drm] Num pipes: 1\ninfo: [drm] Num pipes: 1\ninfo: [drm] Loading R300 Microcode\ninfo: [drm] Num pipes: 1\ninfo: [drm] Num pipes: 1\ninfo: [drm] Setting GART location based on new memory map\ninfo: [drm] Loading R300 Microcode\ninfo: [drm] Num pipes: 1\ninfo: [drm] writeback test succeeded in 1 usecs\ndrm0: [ITHREAD]\ninfo: [drm] Num pipes: 1\ninfo: [drm] Loading R300 Microcode\ninfo: [drm] Num pipes: 1\nnetsmb_dev: loaded\n\nHere is my kernel config, which is just GENERIC with debug enabled:\n\ninclude         GENERIC\nident           DEBUG-GENERIC\n\nmakeoptions DEBUG=-g\n\nHow-To-Repeat: Keep my station running and wait 2-3 days."
}