{
 "id": 715167,
 "bug_id": 178671,
 "attachment_id": 0,
 "creation_time": "2013-07-08T22:19:33Z",
 "creator": "as@cmplx.uk",
 "text": "John, sorry, missed your reply till now.\nThank you for looking into this.\n\nI must say straight away that this is a\nlaptop with a \"broken\" BIOS, for which\nyou provided this patch:\n\nhttp://lists.freebsd.org/pipermail/freebsd-current/2012-May/033598.html\n\nwhich has since been merged with the tree.\n\n$ pciconf -lcb\nhostb0@pci0:0:0:0:\tclass=0x060000 card=0x30c2103c chip=0x79101002 rev=0x00 hdr=0x00\npcib1@pci0:0:1:0:\tclass=0x060400 card=0x30c2103c chip=0x79121002 rev=0x00 hdr=0x01\n    cap 08[44] = HT MSI fixed address window enabled at 0xfee00000\n    cap 0d[b0] = PCI Bridge card=0x30c2103c\npcib2@pci0:0:4:0:\tclass=0x060400 card=0x30c2103c chip=0x79141002 rev=0x00 hdr=0x01\n    cap 01[50] = powerspec 3  supports D0 D3  current D0\n    cap 10[58] = PCI-Express 1 root port slot max data 128(128) link x1(x1)\n                 speed 2.5(2.5)\n    cap 05[80] = MSI supports 1 message \n    cap 0d[b0] = PCI Bridge card=0x30c2103c\n    cap 08[b8] = HT MSI fixed address window enabled at 0xfee00000\n    ecap 0002[100] = VC 1 max VC0\npcib3@pci0:0:5:0:\tclass=0x060400 card=0x30c2103c chip=0x79151002 rev=0x00 hdr=0x01\n    cap 01[50] = powerspec 3  supports D0 D3  current D0\n    cap 10[58] = PCI-Express 1 root port slot max data 128(128) link x16(x1)\n                 speed 2.5(2.5)\n    cap 05[80] = MSI supports 1 message \n    cap 0d[b0] = PCI Bridge card=0x30c2103c\n    cap 08[b8] = HT MSI fixed address window enabled at 0xfee00000\n    ecap 0002[100] = VC 1 max VC0\npcib4@pci0:0:6:0:\tclass=0x060400 card=0x30c2103c chip=0x79161002 rev=0x00 hdr=0x01\n    cap 01[50] = powerspec 3  supports D0 D3  current D0\n    cap 10[58] = PCI-Express 1 root port slot max data 128(128) link x1(x1)\n                 speed 2.5(2.5)\n    cap 05[80] = MSI supports 1 message \n    cap 0d[b0] = PCI Bridge card=0x30c2103c\n    cap 08[b8] = HT MSI fixed address window enabled at 0xfee00000\n    ecap 0002[100] = VC 1 max VC0\nahci0@pci0:0:18:0:\tclass=0x01018f card=0x43801002 chip=0x43801002 rev=0x00 hdr=0x00\n    bar   [10] = type I/O Port, range 32, base 0x9000, size 8, enabled\n    bar   [14] = type I/O Port, range 32, base 0x9008, size 4, enabled\n    bar   [18] = type I/O Port, range 32, base 0x9010, size 8, enabled\n    bar   [1c] = type I/O Port, range 32, base 0x5018, size 4, enabled\n    bar   [20] = type I/O Port, range 32, base 0x5020, size 16, enabled\n    bar   [24] = type Memory, range 32, base 0xd0409000, size 1024, enabled\n    cap 01[60] = powerspec 2  supports D0 D3  current D0\nohci0@pci0:0:19:0:\tclass=0x0c0310 card=0x30c2103c chip=0x43871002 rev=0x00 hdr=0x00\n    bar   [10] = type Memory, range 32, base 0xd0401000, size 4096, enabled\nohci1@pci0:0:19:1:\tclass=0x0c0310 card=0x30c2103c chip=0x43881002 rev=0x00 hdr=0x00\n    bar   [10] = type Memory, range 32, base 0xd0402000, size 4096, enabled\nohci2@pci0:0:19:2:\tclass=0x0c0310 card=0x30c2103c chip=0x43891002 rev=0x00 hdr=0x00\n    bar   [10] = type Memory, range 32, base 0xd0403000, size 4096, enabled\nohci3@pci0:0:19:3:\tclass=0x0c0310 card=0x30c2103c chip=0x438a1002 rev=0x00 hdr=0x00\n    bar   [10] = type Memory, range 32, base 0xd0404000, size 4096, enabled\nohci4@pci0:0:19:4:\tclass=0x0c0310 card=0x30c2103c chip=0x438b1002 rev=0x00 hdr=0x00\n    bar   [10] = type Memory, range 32, base 0xd0405000, size 4096, enabled\nehci0@pci0:0:19:5:\tclass=0x0c0320 card=0x30c2103c chip=0x43861002 rev=0x00 hdr=0x00\n    bar   [10] = type Memory, range 32, base 0xd0406000, size 256, enabled\n    cap 01[c0] = powerspec 2  supports D0 D1 D2 D3  current D0\n    cap 0a[e4] = EHCI Debug Port at offset 0xe0 in map 0x14\nnone0@pci0:0:20:0:\tclass=0x0c0500 card=0x30c2103c chip=0x43851002 rev=0x14 hdr=0x00\n    bar   [10] = type I/O Port, range 32, base 0x8200, size 16, enabled\n    cap 08[b0] = HT MSI fixed address window disabled at 0xfee00000\natapci0@pci0:0:20:1:\tclass=0x010182 card=0x30c2103c chip=0x438c1002 rev=0x00 hdr=0x00\n    bar   [20] = type I/O Port, range 32, base 0x5040, size 16, enabled\nhdac0@pci0:0:20:2:\tclass=0x040300 card=0x30c2103c chip=0x43831002 rev=0x00 hdr=0x00\n    bar   [10] = type Memory, range 64, base 0xc0000000, size 16384, enabled\n    cap 01[50] = powerspec 2  supports D0 D3  current D0\nisab0@pci0:0:20:3:\tclass=0x060100 card=0x30c2103c chip=0x438d1002 rev=0x00 hdr=0x00\npcib5@pci0:0:20:4:\tclass=0x060401 card=0x00000000 chip=0x43841002 rev=0x00 hdr=0x01\nhostb1@pci0:0:24:0:\tclass=0x060000 card=0x00000000 chip=0x11001022 rev=0x00 hdr=0x00\n    cap 08[80] = HT host\nhostb2@pci0:0:24:1:\tclass=0x060000 card=0x00000000 chip=0x11011022 rev=0x00 hdr=0x00\nhostb3@pci0:0:24:2:\tclass=0x060000 card=0x00000000 chip=0x11021022 rev=0x00 hdr=0x00\nhostb4@pci0:0:24:3:\tclass=0x060000 card=0x00000000 chip=0x11031022 rev=0x00 hdr=0x00\n    cap 0f[f0] = unknown\nvgapci0@pci0:1:5:0:\tclass=0x030000 card=0x30c2103c chip=0x791f1002 rev=0x00 hdr=0x00\n    bar   [10] = type Prefetchable Memory, range 64, base 0xc0000000, size 134217728, enabled\n    bar   [18] = type Memory, range 64, base 0xd0200000, size 65536, enabled\n    bar   [20] = type I/O Port, range 32, base 0x4000, size 256, enabled\n    bar   [24] = type Memory, range 32, base 0xd0300000, size 1048576, enabled\n    cap 01[50] = powerspec 2  supports D0 D1 D2 D3  current D0\n    cap 05[80] = MSI supports 1 message, 64 bit \nbge0@pci0:16:0:0:\tclass=0x020000 card=0x30c2103c chip=0x171314e4 rev=0x02 hdr=0x00\n    bar   [10] = type Memory, range 64, base 0xd0000000, size 65536, enabled\n    cap 01[48] = powerspec 3  supports D0 D3  current D0\n    cap 03[50] = VPD\n    cap 09[58] = vendor (length 120)\n    cap 05[e8] = MSI supports 1 message, 64 bit enabled with 1 message\n    cap 10[d0] = PCI-Express 1 endpoint max data 128(128) link x1(x1)\n                 speed 2.5(2.5)\n    ecap 0001[100] = AER 1 0 fatal 0 non-fatal 0 corrected\n    ecap 0002[13c] = VC 1 max VC0\n    ecap 0003[160] = Serial 1 001a4bfffe894b4e\nsiba_bwn0@pci0:48:0:0:\tclass=0x028000 card=0x1371103c chip=0x431214e4 rev=0x02 hdr=0x00\n    bar   [10] = type Memory, range 64, base 0xc8100000, size 16384, enabled\n    cap 01[40] = powerspec 3  supports D0 D1 D2 D3  current D0\n    cap 09[58] = vendor (length 120)\n    cap 05[e8] = MSI supports 1 message, 64 bit enabled with 1 message\n    cap 10[d0] = PCI-Express 1 endpoint max data 128(128) link x1(x1)\n                 speed 2.5(2.5)\n    ecap 0001[100] = AER 1 0 fatal 0 non-fatal 1 corrected\n    ecap 0002[13c] = VC 1 max VC0\n    ecap 0003[160] = Serial 1 467973ffffe1001a\n    ecap 0004[16c] = Power Budgeting 1\ncbb0@pci0:2:4:0:\tclass=0x060700 card=0x30c2103c chip=0x04761180 rev=0xb6 hdr=0x02\n    bar   [10] = type Memory, range 32, base 0xd0100000, size 4096, enabled\n    cap 01[dc] = powerspec 2  supports D0 D1 D2 D3  current D0\n\n\nGPU device:\n\nvgapci0@pci0:1:5:0:     class=0x030000 card=0x30c2103c chip=0x791f1002 rev=0x00 hdr=0x00\n    vendor     = 'Advanced Micro Devices [AMD] nee ATI'\n    device     = 'RS690M [Radeon X1200 Series]'\n    class      = display\n    subclass   = VGA\n\n\ndriver:\n\n# pkg info -xo video-\nxf86-video-ati-6.14.6          x11-drivers/xf86-video-ati\n\n\nverbose dmesg, just in case:\n\nTable 'FACP' at 0xb7fc8084\nTable 'SLIC' at 0xb7fc8220\nTable 'EPTH' at 0xb7fc8398\nTable 'APIC' at 0xb7fc83d0\nAPIC: Found table at 0xb7fc83d0\nAPIC: Using the MADT enumerator.\nMADT: Found CPU APIC ID 0 ACPI ID 1: enabled\nSMP: Added CPU 0 (AP)\nMADT: Found CPU APIC ID 1 ACPI ID 2: enabled\nSMP: Added CPU 1 (AP)\nCopyright (c) 1992-2013 The FreeBSD Project.\nCopyright (c) 1979, 1980, 1983, 1986, 1988, 1989, 1991, 1992, 1993, 1994\n\tThe Regents of the University of California. All rights reserved.\nFreeBSD is a registered trademark of The FreeBSD Foundation.\nFreeBSD 10.0-CURRENT #38 r251758: Tue Jun 18 21:14:59 BST 2013\n    root@buzi:/usr/obj/usr/src/sys/BUZI amd64\nFreeBSD clang version 3.3 (tags/RELEASE_33/final 183502) 20130610\nWARNING: WITNESS option enabled, expect reduced performance.\nPreloaded elf kernel \"/boot/kernel/kernel\" at 0xffffffff811b8000.\nPreloaded elf obj module \"/boot/modules/bwn_v4_ucode.ko\" at 0xffffffff811b8bc0.\nCalibrating TSC clock ... TSC clock: 1995039009 Hz\nCPU: AMD Turion(tm) 64 X2 Mobile Technology TL-60 (1995.04-MHz K8-class CPU)\n  Origin = \"AuthenticAMD\"  Id = 0x60f82  Family = 0xf  Model = 0x68  Stepping = 2\n  Features=0x178bfbff\u003cFPU,VME,DE,PSE,TSC,MSR,PAE,MCE,CX8,APIC,SEP,MTRR,PGE,MCA,CMOV,PAT,PSE36,CLFLUSH,MMX,FXSR,SSE,SSE2,HTT\u003e\n  Features2=0x2001\u003cSSE3,CX16\u003e\n  AMD Features=0xea500800\u003cSYSCALL,NX,MMX+,FFXSR,RDTSCP,LM,3DNow!+,3DNow!\u003e\n  AMD Features2=0x11f\u003cLAHF,CMP,SVM,ExtAPIC,CR8,Prefetch\u003e\nL1 2MB data TLB: 8 entries, fully associative\nL1 2MB instruction TLB: 8 entries, fully associative\nL1 4KB data TLB: 32 entries, fully associative\nL1 4KB instruction TLB: 32 entries, fully associative\nL1 data cache: 64 kbytes, 64 bytes/line, 1 lines/tag, 2-way associative\nL1 instruction cache: 64 kbytes, 64 bytes/line, 1 lines/tag, 2-way associative\nL2 2MB unified TLB: 0 entries, disabled/not present\nL2 4KB data TLB: 512 entries, 4-way associative\nL2 4KB instruction TLB: 512 entries, 4-way associative\nL2 unified cache: 512 kbytes, 64 bytes/line, 1 lines/tag, 16-way associative\nreal memory  = 3221225472 (3072 MB)\nPhysical memory chunk(s):\n0x0000000000010000 - 0x000000000009bfff, 573440 bytes (140 pages)\n0x0000000000100000 - 0x00000000001fffff, 1048576 bytes (256 pages)\n0x00000000011da000 - 0x00000000b346cfff, 2989043712 bytes (729747 pages)\navail memory = 2861699072 (2729 MB)\nEvent timer \"LAPIC\" quality 400\nACPI APIC Table: \u003cHP     0944    \u003e\nINTR: Adding local APIC 1 as a target\nFreeBSD/SMP: Multiprocessor System Detected: 2 CPUs\nFreeBSD/SMP: 1 package(s) x 2 core(s)\n cpu0 (BSP): APIC ID:  0\n cpu1 (AP): APIC ID:  1\nx86bios:  IVT 0x000000-0x0004ff at 0xfffffe0000000000\nx86bios: SSEG 0x098000-0x098fff at 0xffffff8000230000\nx86bios: EBDA 0x09f000-0x09ffff at 0xfffffe000009f000\nx86bios:  ROM 0x0a0000-0x0fefff at 0xfffffe00000a0000\nAPIC: CPU 0 has ACPI ID 1\nAPIC: CPU 1 has ACPI ID 2\nULE: setup cpu 0\nULE: setup cpu 1\nACPI: RSDP 0xfe0b0 00024 (v02 HP    )\nACPI: XSDT 0xb7fc81bc 00064 (v01 HPQOEM SLIC-MPC 00000001 HP   00000001)\nACPI: FACP 0xb7fc8084 000F4 (v04 HP     0944     00000003 HP   00000001)\nACPI BIOS Error (bug): 32/64X address mismatch in FADT/Pm2ControlBlock: 0x00008800/0x0000000000008100, using 32 (20130517/tbfadt-489)\nACPI: DSDT 0xb7fc84a4 11437 (v01 HP        SB400 00010000 MSFT 03000001)\nACPI: FACS 0xb7fe7d80 00040\nACPI: SLIC 0xb7fc8220 00176 (v01 HPQOEM SLIC-MPC 00000001 HP   00000001)\nACPI: EPTH 0xb7fc8398 00038 (v01 HP     0944     00000001 HP   00000001)\nACPI: APIC 0xb7fc83d0 00062 (v01 HP     0944     00000001 HP   00000001)\nACPI: MCFG 0xb7fc8434 0003C (v01 HP     0944     00000001 HP   00000001)\nACPI: TCPA 0xb7fc8470 00032 (v02 HP     0944     00000001 HP   00000001)\nACPI: SSDT 0xb7fd98db 00059 (v01 HP       HPQNLP 00000001 MSFT 03000001)\nACPI: SSDT 0xb7fd9934 00206 (v01 HP     PSSTBLID 00000001 HP   00000001)\nMADT: Found IO APIC ID 2, Interrupt 0 at 0xfec00000\nioapic0: Changing APIC ID to 2\nioapic0: Routing external 8259A's -\u003e intpin 0\nMADT: Interrupt override: source 0, irq 2\nioapic0: Routing IRQ 0 -\u003e intpin 2\nMADT: Interrupt override: source 9, irq 9\nioapic0: intpin 9 trigger: level\nioapic0: intpin 9 polarity: low\nlapic0: Routing NMI -\u003e LINT1\nlapic0: LINT1 trigger: edge\nlapic0: LINT1 polarity: high\nioapic0 \u003cVersion 2.1\u003e irqs 0-23 on motherboard\ncpu0 BSP:\n     ID: 0x00000000   VER: 0x80050010 LDR: 0x00000000 DFR: 0xffffffff\n  lint0: 0x00010700 lint1: 0x00000400 TPR: 0x00000000 SVR: 0x000001ff\n  timer: 0x000100ef therm: 0x00010000 err: 0x000000f0 pmc: 0x00010400\nsnd_unit_init() u=0x00ff8000 [512] d=0x00007c00 [32] c=0x000003ff [1024]\nfeeder_register: snd_unit=-1 snd_maxautovchans=16 latency=5 feeder_rate_min=1 feeder_rate_max=2016000 feeder_rate_round=25\nwlan: \u003c802.11 Link Layer\u003e\nfirmware: 'bwn_v4_ucode' version 0: 0 bytes loaded at 0xffffffff8118b8e0\nfirmware: 'bwn_v4_ucode5' version 0: 22384 bytes loaded at 0xffffffff8118b8e0\nfirmware: 'bwn_v4_ucode11' version 0: 29864 bytes loaded at 0xffffffff81191050\nfirmware: 'bwn_v4_ucode13' version 0: 32232 bytes loaded at 0xffffffff811984f8\nfirmware: 'bwn_v4_ucode14' version 0: 31384 bytes loaded at 0xffffffff811a02e0\nfirmware: 'bwn_v4_ucode15' version 0: 30488 bytes loaded at 0xffffffff811a7d78\nfirmware: 'bwn_v4_pcm5' version 0: 1320 bytes loaded at 0xffffffff811af490\nfirmware: 'bwn_v4_a0g1initvals5' version 0: 1840 bytes loaded at 0xffffffff811af9b8\nfirmware: 'bwn_v4_a0g0initvals5' version 0: 1840 bytes loaded at 0xffffffff811b00e8\nfirmware: 'bwn_v4_b0g0initvals5' version 0: 1840 bytes loaded at 0xffffffff811b0818\nfirmware: 'bwn_v4_b0g0initvals13' version 0: 2080 bytes loaded at 0xffffffff811b0f48\nfirmware: 'bwn_v4_a0g1bsinitvals5' version 0: 158 bytes loaded at 0xffffffff811b1768\nfirmware: 'bwn_v4_a0g0bsinitvals5' version 0: 158 bytes loaded at 0xffffffff811b1806\nfirmware: 'bwn_v4_b0g0bsinitvals5' version 0: 158 bytes loaded at 0xffffffff811b18a4\nfirmware: 'bwn_v4_lp0initvals13' version 0: 3618 bytes loaded at 0xffffffff811b1942\nfirmware: 'bwn_v4_lp0initvals14' version 0: 2064 bytes loaded at 0xffffffff811b2764\nfirmware: 'bwn_v4_lp0initvals15' version 0: 2052 bytes loaded at 0xffffffff811b2f74\nfirmware: 'bwn_v4_lp0bsinitvals13' version 0: 158 bytes loaded at 0xffffffff811b3778\nfirmware: 'bwn_v4_lp0bsinitvals14' version 0: 158 bytes loaded at 0xffffffff811b3816\nfirmware: 'bwn_v4_lp0bsinitvals15' version 0: 158 bytes loaded at 0xffffffff811b38b4\nfirmware: 'bwn_v4_n0bsinitvals11' version 0: 158 bytes loaded at 0xffffffff811b3952\nmem: \u003cmemory\u003e\nnull: \u003cnull device, zero device\u003e\nrandom: \u003centropy source, Software, Yarrow\u003e\nVESA: INT 0x10 vector 0xc000:0x039c\nVESA: information block\n0000   56 45 53 41 00 03 c8 01 00 c0 01 00 00 00 44 00\n0010   00 99 00 01 26 0a 02 01 00 c0 94 00 00 c0 30 4b\n0020   00 c0 00 00 00 00 00 00 00 00 00 00 00 00 00 00\n0030   00 00 00 00 00 00 00 00 00 00 00 00 00 00 00 00\n0040   00 00 00 00 00 01 01 01 03 01 05 01 07 01 11 01\n0050   14 01 17 01 1a 01 0e 01 20 01 93 01 95 01 96 01\n0060   b3 01 b5 01 b6 01 c3 01 c5 01 c6 01 83 01 85 01\n0070   86 01 33 01 35 01 36 01 53 01 55 01 56 01 63 01\n0080   65 01 66 01 21 01 22 01 23 01 24 01 43 01 45 01\n0090   46 01 73 01 75 01 76 01 83 01 85 01 86 01 d3 01\n00a0   d5 01 d6 01 e3 01 e5 01 e6 01 ff ff 00 00 00 00\n00b0   00 00 00 00 00 00 00 00 00 00 00 00 00 00 00 00\n00c0   00 00 00 00 00 00 00 00 00 00 00 00 00 00 00 00\n00d0   00 00 00 00 00 00 00 00 00 00 00 00 00 00 00 00\n00e0   00 00 00 00 00 00 00 00 00 00 00 00 00 00 00 00\n00f0   00 00 00 00 00 00 00 00 00 00 00 00 00 00 00 00\n0100   00 00 00 00 00 00 00 00 00 00 00 00 00 00 00 00\n0110   00 00 00 00 00 00 00 00 00 00 00 00 00 00 00 00\n0120   00 00 00 00 00 00 00 00 00 00 00 00 00 00 00 00\n0130   00 00 00 00 00 00 00 00 00 00 00 00 00 00 00 00\n0140   00 00 00 00 00 00 00 00 00 00 00 00 00 00 00 00\n0150   00 00 00 00 00 00 00 00 00 00 00 00 00 00 00 00\n0160   00 00 00 00 00 00 00 00 00 00 00 00 00 00 00 00\n0170   00 00 00 00 00 00 00 00 00 00 00 00 00 00 00 00\n0180   00 00 00 00 00 00 00 00 00 00 00 00 00 00 00 00\n0190   00 00 00 00 00 00 00 00 00 00 00 00 00 00 00 00\n01a0   00 00 00 00 00 00 00 00 00 00 00 00 00 00 00 00\n01b0   00 00 00 00 00 00 00 00 00 00 00 00 00 00 00 00\n01c0   00 00 00 00 00 00 00 00 00 00 00 00 00 00 00 00\n01d0   00 00 00 00 00 00 00 00 00 00 00 00 00 00 00 00\n01e0   00 00 00 00 00 00 00 00 00 00 00 00 00 00 00 00\n01f0   00 00 00 00 00 00 00 00 00 00 00 00 00 00 00 00\nVESA: 51 mode(s) found\nVESA: v3.0, 16384k memory, flags:0x1, mode table:0xffffff8000272044 (99000044)\nVESA: ATI ATOMBIOS\nVESA: (C) 1988-2005, ATI Technologies Inc.  RS690 01.00\nio: \u003cI/O\u003e\nnfslock: pseudo-device\nkbd: new array size 4\nkbd1 at kbdmux0\nacpi0: \u003cHPQOEM SLIC-MPC\u003e on motherboard\nACPI: All ACPI Tables successfully acquired\nPCIe: Memory Mapped configuration base @ 0xe0000000\nioapic0: routing intpin 9 (ISA IRQ 9) to lapic 0 vector 48\nacpi0: Power Button (fixed)\nunknown: I/O range not supported\nacpi0: reservation of 0, 8000000 (3) failed\nacpi0: reservation of 100000, fff00000 (3) failed\ncpu0: Processor \\134_PR_.C000 (ACPI ID 1) -\u003e APIC ID 0\ncpu0: \u003cACPI CPU\u003e on acpi0\ncpu0: switching to generic Cx mode\ncpu1: Processor \\134_PR_.C001 (ACPI ID 2) -\u003e APIC ID 1\ncpu1: \u003cACPI CPU\u003e on acpi0\nattimer0: \u003cAT timer\u003e port 0x40-0x43 irq 0 on acpi0\nTimecounter \"i8254\" frequency 1193182 Hz quality 0\nioapic0: routing intpin 2 (ISA IRQ 0) to lapic 0 vector 49\nEvent timer \"i8254\" frequency 1193182 Hz quality 100\natrtc0: \u003cAT realtime clock\u003e port 0x70-0x71,0x72-0x73 irq 8 on acpi0\natrtc0: registered as a time-of-day clock (resolution 1000000us, adjustment 0.500000000s)\nioapic0: routing intpin 8 (ISA IRQ 8) to lapic 0 vector 50\nEvent timer \"RTC\" frequency 32768 Hz quality 0\nACPI timer: 1/1 1/1 1/1 1/1 1/1 1/1 1/1 1/1 1/1 1/1 -\u003e 10\nTimecounter \"ACPI-fast\" frequency 3579545 Hz quality 900\nacpi_timer0: \u003c32-bit timer at 3.579545MHz\u003e port 0x8008-0x800b on acpi0\nacpi_ec0: \u003cEmbedded Controller: GPE 0x11\u003e port 0x62,0x66 on acpi0\npci_link0:        Index  IRQ  Rtd  Ref  IRQs\n  Initial Probe       0  255   N     0  10 11\n  Validation          0  255   N     0  10 11\n  After Disable       0  255   N     0  10 11\npci_link1:        Index  IRQ  Rtd  Ref  IRQs\n  Initial Probe       0  255   N     0  10 11\n  Validation          0  255   N     0  10 11\n  After Disable       0  255   N     0  10 11\npci_link2:        Index  IRQ  Rtd  Ref  IRQs\n  Initial Probe       0  255   N     0  10 11\n  Validation          0  255   N     0  10 11\n  After Disable       0  255   N     0  10 11\npci_link3:        Index  IRQ  Rtd  Ref  IRQs\n  Initial Probe       0  255   N     0  10 11\n  Validation          0  255   N     0  10 11\n  After Disable       0  255   N     0  10 11\npci_link4:        Index  IRQ  Rtd  Ref  IRQs\n  Initial Probe       0  255   N     0  10 11\n  Validation          0  255   N     0  10 11\n  After Disable       0  255   N     0  10 11\npci_link5:        Index  IRQ  Rtd  Ref  IRQs\n  Initial Probe       0  255   N     0  9\n  Validation          0  255   N     0  9\n  After Disable       0  255   N     0  9\npci_link6:        Index  IRQ  Rtd  Ref  IRQs\n  Initial Probe       0  255   N     0  10 11\n  Validation          0  255   N     0  10 11\n  After Disable       0  255   N     0  10 11\npci_link7:        Index  IRQ  Rtd  Ref  IRQs\n  Initial Probe       0  255   N     0  10 11\n  Validation          0  255   N     0  10 11\n  After Disable       0  255   N     0  10 11\npcib0: \u003cACPI Host-PCI bridge\u003e port 0xcf8-0xcff on acpi0\npcib0: decoding 4 range 0-0xcf7\npcib0: decoding 4 range 0xd00-0xffff\npcib0: decoding 3 range 0xa0000-0xbffff\npcib0: decoding 3 range 0xc0000000-0xfedfffff\npcib0: Length mismatch for 3 range: 11ff000 vs 11fefff\npcib0: decoding 3 range 0xfee01000-0xffffffff\npcib0: decoding 3 range 0xd3000-0xdffff\npci0: \u003cACPI PCI bus\u003e on pcib0\npci0: domain=0, physical bus=0\nfound-\u003e\tvendor=0x1002, dev=0x7910, revid=0x00\n\tdomain=0, bus=0, slot=0, func=0\n\tclass=06-00-00, hdrtype=0x00, mfdev=0\n\tcmdreg=0x0006, statreg=0x2220, cachelnsz=0 (dwords)\n\tlattimer=0x40 (1920 ns), mingnt=0x00 (0 ns), maxlat=0x00 (0 ns)\nfound-\u003e\tvendor=0x1002, dev=0x7912, revid=0x00\n\tdomain=0, bus=0, slot=1, func=0\n\tclass=06-04-00, hdrtype=0x01, mfdev=0\n\tcmdreg=0x0007, statreg=0x0230, cachelnsz=0 (dwords)\n\tlattimer=0x40 (1920 ns), mingnt=0x0c (3000 ns), maxlat=0x00 (0 ns)\nfound-\u003e\tvendor=0x1002, dev=0x7914, revid=0x00\n\tdomain=0, bus=0, slot=4, func=0\n\tclass=06-04-00, hdrtype=0x01, mfdev=0\n\tcmdreg=0x0007, statreg=0x0010, cachelnsz=16 (dwords)\n\tlattimer=0x00 (0 ns), mingnt=0x04 (1000 ns), maxlat=0x00 (0 ns)\n\tpowerspec 3  supports D0 D3  current D0\n\tMSI supports 1 message\nfound-\u003e\tvendor=0x1002, dev=0x7915, revid=0x00\n\tdomain=0, bus=0, slot=5, func=0\n\tclass=06-04-00, hdrtype=0x01, mfdev=0\n\tcmdreg=0x0007, statreg=0x0010, cachelnsz=16 (dwords)\n\tlattimer=0x00 (0 ns), mingnt=0x04 (1000 ns), maxlat=0x00 (0 ns)\n\tpowerspec 3  supports D0 D3  current D0\n\tMSI supports 1 message\nfound-\u003e\tvendor=0x1002, dev=0x7916, revid=0x00\n\tdomain=0, bus=0, slot=6, func=0\n\tclass=06-04-00, hdrtype=0x01, mfdev=0\n\tcmdreg=0x0007, statreg=0x0010, cachelnsz=16 (dwords)\n\tlattimer=0x00 (0 ns), mingnt=0x04 (1000 ns), maxlat=0x00 (0 ns)\n\tpowerspec 3  supports D0 D3  current D0\n\tMSI supports 1 message\nfound-\u003e\tvendor=0x1002, dev=0x4380, revid=0x00\n\tdomain=0, bus=0, slot=18, func=0\n\tclass=01-01-8f, hdrtype=0x00, mfdev=0\n\tcmdreg=0x0007, statreg=0x0230, cachelnsz=16 (dwords)\n\tlattimer=0x40 (1920 ns), mingnt=0x00 (0 ns), maxlat=0x00 (0 ns)\n\tintpin=a, irq=10\n\tpowerspec 2  supports D0 D3  current D0\n\tmap[10]: type I/O Port, range 32, base 0x9000, size  3, enabled\npcib0: allocated type 4 (0x9000-0x9007) for rid 10 of pci0:0:18:0\n\tmap[14]: type I/O Port, range 32, base 0x9008, size  2, enabled\npcib0: allocated type 4 (0x9008-0x900b) for rid 14 of pci0:0:18:0\n\tmap[18]: type I/O Port, range 32, base 0x9010, size  3, enabled\npcib0: allocated type 4 (0x9010-0x9017) for rid 18 of pci0:0:18:0\n\tmap[1c]: type I/O Port, range 32, base 0x5018, size  2, enabled\npcib0: allocated type 4 (0x5018-0x501b) for rid 1c of pci0:0:18:0\n\tmap[20]: type I/O Port, range 32, base 0x5020, size  4, enabled\npcib0: allocated type 4 (0x5020-0x502f) for rid 20 of pci0:0:18:0\n\tmap[24]: type Memory, range 32, base 0xd0409000, size 10, enabled\npcib0: allocated type 3 (0xd0409000-0xd04093ff) for rid 24 of pci0:0:18:0\npcib0: matched entry for 0.18.INTA\npcib0: slot 18 INTA hardwired to IRQ 16\nfound-\u003e\tvendor=0x1002, dev=0x4387, revid=0x00\n\tdomain=0, bus=0, slot=19, func=0\n\tclass=0c-03-10, hdrtype=0x00, mfdev=1\n\tcmdreg=0x0007, statreg=0x02a0, cachelnsz=16 (dwords)\n\tlattimer=0x40 (1920 ns), mingnt=0x00 (0 ns), maxlat=0x00 (0 ns)\n\tintpin=a, irq=11\n\tmap[10]: type Memory, range 32, base 0xd0401000, size 12, enabled\npcib0: allocated type 3 (0xd0401000-0xd0401fff) for rid 10 of pci0:0:19:0\npcib0: matched entry for 0.19.INTA\npcib0: slot 19 INTA hardwired to IRQ 23\nfound-\u003e\tvendor=0x1002, dev=0x4388, revid=0x00\n\tdomain=0, bus=0, slot=19, func=1\n\tclass=0c-03-10, hdrtype=0x00, mfdev=0\n\tcmdreg=0x0007, statreg=0x02a0, cachelnsz=16 (dwords)\n\tlattimer=0x40 (1920 ns), mingnt=0x00 (0 ns), maxlat=0x00 (0 ns)\n\tintpin=b, irq=5\n\tmap[10]: type Memory, range 32, base 0xd0402000, size 12, enabled\npcib0: allocated type 3 (0xd0402000-0xd0402fff) for rid 10 of pci0:0:19:1\npcib0: matched entry for 0.19.INTB\npcib0: slot 19 INTB hardwired to IRQ 17\nfound-\u003e\tvendor=0x1002, dev=0x4389, revid=0x00\n\tdomain=0, bus=0, slot=19, func=2\n\tclass=0c-03-10, hdrtype=0x00, mfdev=0\n\tcmdreg=0x0007, statreg=0x02a0, cachelnsz=16 (dwords)\n\tlattimer=0x40 (1920 ns), mingnt=0x00 (0 ns), maxlat=0x00 (0 ns)\n\tintpin=c, irq=5\n\tmap[10]: type Memory, range 32, base 0xd0403000, size 12, enabled\npcib0: allocated type 3 (0xd0403000-0xd0403fff) for rid 10 of pci0:0:19:2\npcib0: matched entry for 0.19.INTC\npcib0: slot 19 INTC hardwired to IRQ 17\nfound-\u003e\tvendor=0x1002, dev=0x438a, revid=0x00\n\tdomain=0, bus=0, slot=19, func=3\n\tclass=0c-03-10, hdrtype=0x00, mfdev=0\n\tcmdreg=0x0007, statreg=0x02a0, cachelnsz=16 (dwords)\n\tlattimer=0x40 (1920 ns), mingnt=0x00 (0 ns), maxlat=0x00 (0 ns)\n\tintpin=b, irq=5\n\tmap[10]: type Memory, range 32, base 0xd0404000, size 12, enabled\npcib0: allocated type 3 (0xd0404000-0xd0404fff) for rid 10 of pci0:0:19:3\npcib0: matched entry for 0.19.INTB\npcib0: slot 19 INTB hardwired to IRQ 17\nfound-\u003e\tvendor=0x1002, dev=0x438b, revid=0x00\n\tdomain=0, bus=0, slot=19, func=4\n\tclass=0c-03-10, hdrtype=0x00, mfdev=0\n\tcmdreg=0x0007, statreg=0x02a0, cachelnsz=16 (dwords)\n\tlattimer=0x40 (1920 ns), mingnt=0x00 (0 ns), maxlat=0x00 (0 ns)\n\tintpin=c, irq=5\n\tmap[10]: type Memory, range 32, base 0xd0405000, size 12, enabled\npcib0: allocated type 3 (0xd0405000-0xd0405fff) for rid 10 of pci0:0:19:4\npcib0: matched entry for 0.19.INTC\npcib0: slot 19 INTC hardwired to IRQ 17\nfound-\u003e\tvendor=0x1002, dev=0x4386, revid=0x00\n\tdomain=0, bus=0, slot=19, func=5\n\tclass=0c-03-20, hdrtype=0x00, mfdev=0\n\tcmdreg=0x0007, statreg=0x02b0, cachelnsz=16 (dwords)\n\tlattimer=0x40 (1920 ns), mingnt=0x00 (0 ns), maxlat=0x00 (0 ns)\n\tintpin=d, irq=11\n\tpowerspec 2  supports D0 D1 D2 D3  current D0\n\tmap[10]: type Memory, range 32, base 0xd0406000, size  8, enabled\npcib0: allocated type 3 (0xd0406000-0xd04060ff) for rid 10 of pci0:0:19:5\npcib0: matched entry for 0.19.INTD\npcib0: slot 19 INTD hardwired to IRQ 23\nfound-\u003e\tvendor=0x1002, dev=0x4385, revid=0x14\n\tdomain=0, bus=0, slot=20, func=0\n\tclass=0c-05-00, hdrtype=0x00, mfdev=1\n\tcmdreg=0x0003, statreg=0x0230, cachelnsz=0 (dwords)\n\tlattimer=0x00 (0 ns), mingnt=0x00 (0 ns), maxlat=0x00 (0 ns)\n\tmap[10]: type I/O Port, range 32, base 0x8200, size  4, enabled\npcib0: allocated type 4 (0x8200-0x820f) for rid 10 of pci0:0:20:0\nfound-\u003e\tvendor=0x1002, dev=0x438c, revid=0x00\n\tdomain=0, bus=0, slot=20, func=1\n\tclass=01-01-82, hdrtype=0x00, mfdev=0\n\tcmdreg=0x0005, statreg=0x0220, cachelnsz=16 (dwords)\n\tlattimer=0x40 (1920 ns), mingnt=0x00 (0 ns), maxlat=0x00 (0 ns)\n\tintpin=a, irq=10\npcib0: allocated type 4 (0x1f0-0x1f7) for rid 10 of pci0:0:20:1\npcib0: allocated type 4 (0x3f6-0x3f6) for rid 14 of pci0:0:20:1\npcib0: allocated type 4 (0x170-0x177) for rid 18 of pci0:0:20:1\npcib0: allocated type 4 (0x376-0x376) for rid 1c of pci0:0:20:1\n\tmap[20]: type I/O Port, range 32, base 0x5040, size  4, enabled\npcib0: allocated type 4 (0x5040-0x504f) for rid 20 of pci0:0:20:1\npcib0: matched entry for 0.20.INTA\npcib0: slot 20 INTA hardwired to IRQ 16\nfound-\u003e\tvendor=0x1002, dev=0x4383, revid=0x00\n\tdomain=0, bus=0, slot=20, func=2\n\tclass=04-03-00, hdrtype=0x00, mfdev=0\n\tcmdreg=0x0006, statreg=0x0410, cachelnsz=16 (dwords)\n\tlattimer=0x40 (1920 ns), mingnt=0x00 (0 ns), maxlat=0x00 (0 ns)\n\tintpin=a, irq=10\n\tpowerspec 2  supports D0 D3  current D0\n\tmap[10]: type Memory, range 64, base 0xd0408000, size 14, enabled\npcib0: allocated type 3 (0xc0000000-0xc0003fff) for rid 10 of pci0:0:20:2\npcib0: matched entry for 0.20.INTA\npcib0: slot 20 INTA hardwired to IRQ 16\nfound-\u003e\tvendor=0x1002, dev=0x438d, revid=0x00\n\tdomain=0, bus=0, slot=20, func=3\n\tclass=06-01-00, hdrtype=0x00, mfdev=1\n\tcmdreg=0x000f, statreg=0x0220, cachelnsz=0 (dwords)\n\tlattimer=0x00 (0 ns), mingnt=0x00 (0 ns), maxlat=0x00 (0 ns)\nfound-\u003e\tvendor=0x1002, dev=0x4384, revid=0x00\n\tdomain=0, bus=0, slot=20, func=4\n\tclass=06-04-01, hdrtype=0x01, mfdev=1\n\tcmdreg=0x0027, statreg=0x02a0, cachelnsz=0 (dwords)\n\tlattimer=0x40 (1920 ns), mingnt=0x04 (1000 ns), maxlat=0x00 (0 ns)\nfound-\u003e\tvendor=0x1022, dev=0x1100, revid=0x00\n\tdomain=0, bus=0, slot=24, func=0\n\tclass=06-00-00, hdrtype=0x00, mfdev=1\n\tcmdreg=0x0000, statreg=0x0010, cachelnsz=0 (dwords)\n\tlattimer=0x00 (0 ns), mingnt=0x00 (0 ns), maxlat=0x00 (0 ns)\nfound-\u003e\tvendor=0x1022, dev=0x1101, revid=0x00\n\tdomain=0, bus=0, slot=24, func=1\n\tclass=06-00-00, hdrtype=0x00, mfdev=1\n\tcmdreg=0x0000, statreg=0x0000, cachelnsz=0 (dwords)\n\tlattimer=0x00 (0 ns), mingnt=0x00 (0 ns), maxlat=0x00 (0 ns)\nfound-\u003e\tvendor=0x1022, dev=0x1102, revid=0x00\n\tdomain=0, bus=0, slot=24, func=2\n\tclass=06-00-00, hdrtype=0x00, mfdev=1\n\tcmdreg=0x0000, statreg=0x0000, cachelnsz=0 (dwords)\n\tlattimer=0x00 (0 ns), mingnt=0x00 (0 ns), maxlat=0x00 (0 ns)\nfound-\u003e\tvendor=0x1022, dev=0x1103, revid=0x00\n\tdomain=0, bus=0, slot=24, func=3\n\tclass=06-00-00, hdrtype=0x00, mfdev=1\n\tcmdreg=0x0000, statreg=0x0010, cachelnsz=0 (dwords)\n\tlattimer=0x00 (0 ns), mingnt=0x00 (0 ns), maxlat=0x00 (0 ns)\npcib1: \u003cACPI PCI-PCI bridge\u003e at device 1.0 on pci0\npcib0: allocated type 4 (0x4000-0x4fff) for rid 1c of pcib1\npcib0: allocated type 3 (0xd0200000-0xd03fffff) for rid 20 of pcib1\npcib1: failed to allocate initial prefetch window: 0xc0000000-0xc7ffffff\npcib1:   domain            0\npcib1:   secondary bus     1\npcib1:   subordinate bus   1\npcib1:   I/O decode        0x4000-0x4fff\npcib1:   memory decode     0xd0200000-0xd03fffff\npcib1:   no prefetched decode\npci1: \u003cACPI PCI bus\u003e on pcib1\npci1: domain=0, physical bus=1\nfound-\u003e\tvendor=0x1002, dev=0x791f, revid=0x00\n\tdomain=0, bus=1, slot=5, func=0\n\tclass=03-00-00, hdrtype=0x00, mfdev=0\n\tcmdreg=0x0007, statreg=0x0010, cachelnsz=16 (dwords)\n\tlattimer=0x40 (1920 ns), mingnt=0x00 (0 ns), maxlat=0x00 (0 ns)\n\tintpin=b, irq=11\n\tpowerspec 2  supports D0 D1 D2 D3  current D0\n\tMSI supports 1 message, 64 bit\n\tmap[10]: type Prefetchable Memory, range 64, base 0xc0000000, size 27, enabled\npcib1: failed to allocate initial prefetch window (0xc0000000-0xc7ffffff,0x8000000)\npcib1: attempting to grow memory window for (0xc0000000-0xc7ffffff,0x8000000)\n\tfront candidate range: 0xc0000000-0xc7ffffff\npcib0: allocated type 3 (0xc0100000-0xc80fffff) for rid 24 of pcib1\npcib1: allocated initial prefetch window of 0xc0100000-0xc80fffff\npcib1: allocated prefetch range (0xc0100000-0xc80fffff) for rid 10 of pci0:1:5:0\n\tmap[18]: type Memory, range 64, base 0xd0200000, size 16, enabled\npcib1: allocated memory range (0xd0200000-0xd020ffff) for rid 18 of pci0:1:5:0\n\tmap[20]: type I/O Port, range 32, base 0x4000, size  8, enabled\npcib1: allocated I/O port range (0x4000-0x40ff) for rid 20 of pci0:1:5:0\n\tmap[24]: type Memory, range 32, base 0xd0300000, size 20, enabled\npcib1: allocated memory range (0xd0300000-0xd03fffff) for rid 24 of pci0:1:5:0\npcib1: matched entry for 1.5.INTB\npcib1: slot 5 INTB hardwired to IRQ 19\nvgapci0: \u003cVGA-compatible display\u003e port 0x4000-0x40ff mem 0xc0100000-0xc80fffff,0xd0200000-0xd020ffff,0xd0300000-0xd03fffff irq 19 at device 5.0 on pci1\npcib2: \u003cACPI PCI-PCI bridge\u003e at device 4.0 on pci0\npcib0: allocated type 3 (0xd0000000-0xd00fffff) for rid 20 of pcib2\npcib2:   domain            0\npcib2:   secondary bus     16\npcib2:   subordinate bus   16\npcib2:   memory decode     0xd0000000-0xd00fffff\npcib2:   no prefetched decode\npcib2: could not get PCI interrupt routing table for \\134_SB_.C08B.C24F - AE_NOT_FOUND\npci16: \u003cACPI PCI bus\u003e on pcib2\npci16: domain=0, physical bus=16\nfound-\u003e\tvendor=0x14e4, dev=0x1713, revid=0x02\n\tdomain=0, bus=16, slot=0, func=0\n\tclass=02-00-00, hdrtype=0x00, mfdev=0\n\tcmdreg=0x0006, statreg=0x0010, cachelnsz=16 (dwords)\n\tlattimer=0x00 (0 ns), mingnt=0x00 (0 ns), maxlat=0x00 (0 ns)\n\tintpin=a, irq=10\n\tpowerspec 3  supports D0 D3  current D0\n\tMSI supports 1 message, 64 bit\n\tmap[10]: type Memory, range 64, base 0xd0000000, size 16, enabled\npcib2: allocated memory range (0xd0000000-0xd000ffff) for rid 10 of pci0:16:0:0\npcib0: matched entry for 0.4.INTA\npcib0: slot 4 INTA hardwired to IRQ 16\npcib2: slot 0 INTA is routed to irq 16\nbge0: \u003cBroadcom BCM5906 A2, ASIC rev. 0x00c002\u003e mem 0xd0000000-0xd000ffff irq 16 at device 0.0 on pci16\nbge0: attempting to allocate 1 MSI vectors (1 supported)\nmsi: routing MSI IRQ 256 to local APIC 0 vector 51\nbge0: using IRQ 256 for MSI\nbge0: CHIP ID 0x0000c002; ASIC REV 0x0c; CHIP REV 0xc0; PCI-E\nmiibus0: \u003cMII bus\u003e on bge0\nbrgphy0: \u003cBCM5906 10/100baseTX media interface\u003e PHY 1 on miibus0\nbrgphy0: OUI 0x0050ef, model 0x0004, rev. 0\nbrgphy0:  10baseT, 10baseT-FDX, 100baseTX, 100baseTX-FDX, auto, auto-flow\nbge0: bpf attached\nbge0: Ethernet address: 00:1a:4b:89:4b:4e\npcib3: \u003cACPI PCI-PCI bridge\u003e at device 5.0 on pci0\npcib0: allocated type 4 (0x2000-0x3fff) for rid 1c of pcib3\npcib0: allocated type 3 (0xcc000000-0xcfffffff) for rid 20 of pcib3\npcib3:   domain            0\npcib3:   secondary bus     32\npcib3:   subordinate bus   32\npcib3:   I/O decode        0x2000-0x3fff\npcib3:   memory decode     0xcc000000-0xcfffffff\npcib3:   no prefetched decode\npcib3: could not get PCI interrupt routing table for \\134_SB_.C08B.C254 - AE_NOT_FOUND\npci32: \u003cACPI PCI bus\u003e on pcib3\npci32: domain=0, physical bus=32\npcib4: \u003cACPI PCI-PCI bridge\u003e at device 6.0 on pci0\npcib4: failed to allocate initial memory window: 0xc8000000-0xc80fffff\npcib4:   domain            0\npcib4:   secondary bus     48\npcib4:   subordinate bus   48\npcib4:   no prefetched decode\npcib4: could not get PCI interrupt routing table for \\134_SB_.C08B.C25E - AE_NOT_FOUND\npci48: \u003cACPI PCI bus\u003e on pcib4\npci48: domain=0, physical bus=48\nfound-\u003e\tvendor=0x14e4, dev=0x4312, revid=0x02\n\tdomain=0, bus=48, slot=0, func=0\n\tclass=02-80-00, hdrtype=0x00, mfdev=0\n\tcmdreg=0x0006, statreg=0x0010, cachelnsz=16 (dwords)\n\tlattimer=0x00 (0 ns), mingnt=0x00 (0 ns), maxlat=0x00 (0 ns)\n\tintpin=a, irq=10\n\tpowerspec 3  supports D0 D1 D2 D3  current D0\n\tMSI supports 1 message, 64 bit\n\tmap[10]: type Memory, range 64, base 0xc8000000, size 14, enabled\npcib4: failed to allocate initial memory window (0xc8000000-0xc80fffff,0x100000)\npcib0: allocated type 3 (0xc8100000-0xc81fffff) for rid 20 of pcib4\npcib4: allocated initial memory window of 0xc8100000-0xc81fffff\npcib4: allocated memory range (0xc8100000-0xc8103fff) for rid 10 of pci0:48:0:0\npcib0: matched entry for 0.6.INTA\npcib0: slot 6 INTA hardwired to IRQ 18\npcib4: slot 0 INTA is routed to irq 18\nsiba_bwn0: \u003cBroadcom BCM4312 802.11a/b/g Wireless\u003e mem 0xc8100000-0xc8103fff irq 18 at device 0.0 on pci48\nsiba_bwn0: unsupported coreid (USB 1.1 Host)\nbwn0 on siba_bwn0\nbwn0: WLAN (chipid 0x4311 rev 13) PHY (analog 4 type 2 rev 9) RADIO (manuf 0x17f ver 0x2050 rev 2)\nbwn0: DMA (64 bits)\nbwn0: MSI count : 1\nsiba_bwn0: attempting to allocate 1 MSI vectors (1 supported)\nmsi: routing MSI IRQ 257 to local APIC 0 vector 52\nsiba_bwn0: using IRQ 257 for MSI\nbwn0: Using 1 MSI messages\nbwn0: 11b rates: 1Mbps 2Mbps 5.5Mbps 11Mbps\nbwn0: 11g rates: 1Mbps 2Mbps 5.5Mbps 11Mbps 6Mbps 9Mbps 12Mbps 18Mbps 24Mbps 36Mbps 48Mbps 54Mbps\nahci0: \u003cATI IXP600 AHCI SATA controller\u003e port 0x9000-0x9007,0x9008-0x900b,0x9010-0x9017,0x5018-0x501b,0x5020-0x502f mem 0xd0409000-0xd04093ff irq 16 at device 18.0 on pci0\nioapic0: routing intpin 16 (PCI IRQ 16) to lapic 0 vector 53\nahci0: AHCI v1.10 with 4 3Gbps ports, Port Multiplier not supported\nahci0: quirks=0x1000\u003cNOMSI\u003e\nahci0: Caps: 64bit NCQ SNTF MPS ALP AL CLO 3Gbps PMD SSC PSC 32cmd CCC 4ports\nahcich0: \u003cAHCI channel\u003e at channel 0 on ahci0\nahcich0: Caps:\nahcich1: not probed (disabled)\nahcich2: not probed (disabled)\nahcich3: not probed (disabled)\nohci0: \u003cOHCI (generic) USB controller\u003e mem 0xd0401000-0xd0401fff irq 23 at device 19.0 on pci0\nioapic0: routing intpin 23 (PCI IRQ 23) to lapic 0 vector 54\nusbus0 on ohci0\nohci0: usbpf: Attached\nohci1: \u003cOHCI (generic) USB controller\u003e mem 0xd0402000-0xd0402fff irq 17 at device 19.1 on pci0\nioapic0: routing intpin 17 (PCI IRQ 17) to lapic 0 vector 55\nusbus1 on ohci1\nohci1: usbpf: Attached\nohci2: \u003cOHCI (generic) USB controller\u003e mem 0xd0403000-0xd0403fff irq 17 at device 19.2 on pci0\nusbus2 on ohci2\nohci2: usbpf: Attached\nohci3: \u003cOHCI (generic) USB controller\u003e mem 0xd0404000-0xd0404fff irq 17 at device 19.3 on pci0\nusbus3 on ohci3\nohci3: usbpf: Attached\nohci4: \u003cOHCI (generic) USB controller\u003e mem 0xd0405000-0xd0405fff irq 17 at device 19.4 on pci0\nusbus4 on ohci4\nohci4: usbpf: Attached\nehci0: \u003cEHCI (generic) USB 2.0 controller\u003e mem 0xd0406000-0xd04060ff irq 23 at device 19.5 on pci0\nehci0: AMD SB600/700 quirk applied\nehci0: Dropped interrupts workaround enabled\nusbus5: EHCI version 1.0\nusbus5 on ehci0\nehci0: usbpf: Attached\npci0: \u003cserial bus, SMBus\u003e at device 20.0 (no driver attached)\natapci0: \u003cATI IXP600 UDMA133 controller\u003e port 0x1f0-0x1f7,0x3f6,0x170-0x177,0x376,0x5040-0x504f irq 16 at device 20.1 on pci0\nata0: \u003cATA channel\u003e at channel 0 on atapci0\nioapic0: routing intpin 14 (ISA IRQ 14) to lapic 0 vector 56\nhdac0: \u003cATI SB600 HDA Controller\u003e mem 0xc0000000-0xc0003fff irq 16 at device 20.2 on pci0\nhdac0: PCI card vendor: 0x103c, device: 0x30c2\nhdac0: HDA Driver Revision: 20120126_0002\nhdac0: Config options: on=0x00000000 off=0x00000000\nhdac0: Caps: OSS 4, ISS 4, BSS 0, NSDO 1, 64bit, CORB 256, RIRB 256\nisab0: \u003cPCI-ISA bridge\u003e at device 20.3 on pci0\nisa0: \u003cISA bus\u003e on isab0\npcib5: \u003cACPI PCI-PCI bridge\u003e at device 20.4 on pci0\npcib0: allocated type 3 (0xd0100000-0xd01fffff) for rid 20 of pcib5\npcib5:   domain            0\npcib5:   secondary bus     2\npcib5:   subordinate bus   3\npcib5:   memory decode     0xd0100000-0xd01fffff\npcib5:   no prefetched decode\npcib5:   Subtractively decoded bridge.\npci2: \u003cACPI PCI bus\u003e on pcib5\npci2: domain=0, physical bus=2\nfound-\u003e\tvendor=0x1180, dev=0x0476, revid=0xb6\n\tdomain=0, bus=2, slot=4, func=0\n\tclass=06-07-00, hdrtype=0x02, mfdev=1\n\tcmdreg=0x0007, statreg=0x0210, cachelnsz=0 (dwords)\n\tlattimer=0x40 (1920 ns), mingnt=0x80 (32000 ns), maxlat=0x07 (1750 ns)\n\tintpin=a, irq=10\n\tpowerspec 2  supports D0 D1 D2 D3  current D0\n\tmap[10]: type Memory, range 32, base 0xd0100000, size 12, enabled\npcib5: allocated memory range (0xd0100000-0xd0100fff) for rid 10 of pci0:2:4:0\npcib5: matched entry for 2.4.INTA\npcib5: slot 4 INTA hardwired to IRQ 20\ncbb0: \u003cRF5C476 PCI-CardBus Bridge\u003e mem 0xd0100000-0xd0100fff irq 20 at device 4.0 on pci2\ncardbus0: \u003cCardBus bus\u003e on cbb0\npccard0: \u003c16-bit PCCard bus\u003e on cbb0\nioapic0: routing intpin 20 (PCI IRQ 20) to lapic 0 vector 57\ncbb0: PCI Configuration space:\n  0x00: 0x04761180 0x02100007 0x060700b6 0x00824000 \n  0x10: 0xd0100000 0x020000dc 0x20030302 0xfffff000 \n  0x20: 0x00000000 0xfffff000 0x00000000 0xfffffffc \n  0x30: 0x00000000 0xfffffffc 0x00000000 0x07000114 \n  0x40: 0x30c2103c 0x00000001 0x00000000 0x00000000 \n  0x50: 0x00000000 0x00000000 0x00000000 0x00000000 \n  0x60: 0x00000000 0x00000000 0x00000000 0x00000000 \n  0x70: 0x00000000 0x00000000 0x00000000 0x00000000 \n  0x80: 0x30a00001 0x00000000 0x04630463 0x00000000 \n  0x90: 0x00000000 0x00000000 0x00000000 0x00000000 \n  0xa0: 0x00000008 0x00000000 0x00000000 0x00000000 \n  0xb0: 0x00000000 0xbe000000 0x00003000 0x00000000 \n  0xc0: 0x30c2103c 0x00000000 0x00000000 0x00000000 \n  0xd0: 0x00000000 0x00000000 0x00000000 0xfe0a0001 \n  0xe0: 0x24c04000 0x00000000 0x00000000 0x00000000 \n  0xf0: 0x00000000 0x00000000 0x00000000 0x00000000 \nbattery0: \u003cACPI Control Method Battery\u003e on acpi0\nbattery1: \u003cACPI Control Method Battery\u003e on acpi0\nacpi_acad0: \u003cAC Adapter\u003e on acpi0\nacpi_button0: \u003cSleep Button\u003e on acpi0\nacpi_lid0: \u003cControl Method Lid Switch\u003e on acpi0\nacpi_tz0: \u003cThermal Zone\u003e on acpi0\natkbdc0: \u003cKeyboard controller (i8042)\u003e port 0x60,0x64 irq 1 on acpi0\natkbd0: \u003cAT Keyboard\u003e irq 1 on atkbdc0\natkbd: the current kbd controller command byte 0065\natkbd: keyboard ID 0x41ab (2)\nkbd0 at atkbd0\nkbd0: atkbd0, AT 101/102 (2), config:0x0, flags:0x3d0000\nioapic0: routing intpin 1 (ISA IRQ 1) to lapic 0 vector 58\natkbd0: [GIANT-LOCKED]\npsm0: unable to allocate IRQ\npsmcpnp0: \u003cPS/2 mouse port\u003e irq 12 on acpi0\npsm0: current command byte:0065\npsm0: \u003cPS/2 Mouse\u003e irq 12 on atkbdc0\nioapic0: routing intpin 12 (ISA IRQ 12) to lapic 0 vector 59\npsm0: [GIANT-LOCKED]\npsm0: model IntelliMouse, device ID 3-00, 3 buttons\npsm0: config:00004000, flags:00000008, packet size:4\npsm0: syncmask:08, syncbits:00\nACPI: Enabled 8 GPEs in block 00 to 1F\nacpi0: wakeup code va 0xffffff80d53f6000 pa 0x90000\npcib0: allocated type 3 (0xa0000-0xa07ff) for rid 0 of orm0\npcib0: allocated type 3 (0xa0800-0xa0fff) for rid 0 of orm0\npcib0: allocated type 3 (0xa1000-0xa17ff) for rid 0 of orm0\npcib0: allocated type 3 (0xa1800-0xa1fff) for rid 0 of orm0\npcib0: allocated type 3 (0xa2000-0xa27ff) for rid 0 of orm0\npcib0: allocated type 3 (0xa2800-0xa2fff) for rid 0 of orm0\npcib0: allocated type 3 (0xa3000-0xa37ff) for rid 0 of orm0\npcib0: allocated type 3 (0xa3800-0xa3fff) for rid 0 of orm0\npcib0: allocated type 3 (0xa4000-0xa47ff) for rid 0 of orm0\npcib0: allocated type 3 (0xa4800-0xa4fff) for rid 0 of orm0\npcib0: allocated type 3 (0xa5000-0xa57ff) for rid 0 of orm0\npcib0: allocated type 3 (0xa5800-0xa5fff) for rid 0 of orm0\npcib0: allocated type 3 (0xa6000-0xa67ff) for rid 0 of orm0\npcib0: allocated type 3 (0xa6800-0xa6fff) for rid 0 of orm0\npcib0: allocated type 3 (0xa7000-0xa77ff) for rid 0 of orm0\npcib0: allocated type 3 (0xa7800-0xa7fff) for rid 0 of orm0\npcib0: allocated type 3 (0xa8000-0xa87ff) for rid 0 of orm0\npcib0: allocated type 3 (0xa8800-0xa8fff) for rid 0 of orm0\npcib0: allocated type 3 (0xa9000-0xa97ff) for rid 0 of orm0\npcib0: allocated type 3 (0xa9800-0xa9fff) for rid 0 of orm0\npcib0: allocated type 3 (0xaa000-0xaa7ff) for rid 0 of orm0\npcib0: allocated type 3 (0xaa800-0xaafff) for rid 0 of orm0\npcib0: allocated type 3 (0xab000-0xab7ff) for rid 0 of orm0\npcib0: allocated type 3 (0xab800-0xabfff) for rid 0 of orm0\npcib0: allocated type 3 (0xac000-0xac7ff) for rid 0 of orm0\npcib0: allocated type 3 (0xac800-0xacfff) for rid 0 of orm0\npcib0: allocated type 3 (0xad000-0xad7ff) for rid 0 of orm0\npcib0: allocated type 3 (0xad800-0xadfff) for rid 0 of orm0\npcib0: allocated type 3 (0xae000-0xae7ff) for rid 0 of orm0\npcib0: allocated type 3 (0xae800-0xaefff) for rid 0 of orm0\npcib0: allocated type 3 (0xaf000-0xaf7ff) for rid 0 of orm0\npcib0: allocated type 3 (0xaf800-0xaffff) for rid 0 of orm0\npcib0: allocated type 3 (0xb0000-0xb07ff) for rid 0 of orm0\npcib0: allocated type 3 (0xb0800-0xb0fff) for rid 0 of orm0\npcib0: allocated type 3 (0xb1000-0xb17ff) for rid 0 of orm0\npcib0: allocated type 3 (0xb1800-0xb1fff) for rid 0 of orm0\npcib0: allocated type 3 (0xb2000-0xb27ff) for rid 0 of orm0\npcib0: allocated type 3 (0xb2800-0xb2fff) for rid 0 of orm0\npcib0: allocated type 3 (0xb3000-0xb37ff) for rid 0 of orm0\npcib0: allocated type 3 (0xb3800-0xb3fff) for rid 0 of orm0\npcib0: allocated type 3 (0xb4000-0xb47ff) for rid 0 of orm0\npcib0: allocated type 3 (0xb4800-0xb4fff) for rid 0 of orm0\npcib0: allocated type 3 (0xb5000-0xb57ff) for rid 0 of orm0\npcib0: allocated type 3 (0xb5800-0xb5fff) for rid 0 of orm0\npcib0: allocated type 3 (0xb6000-0xb67ff) for rid 0 of orm0\npcib0: allocated type 3 (0xb6800-0xb6fff) for rid 0 of orm0\npcib0: allocated type 3 (0xb7000-0xb77ff) for rid 0 of orm0\npcib0: allocated type 3 (0xb7800-0xb7fff) for rid 0 of orm0\npcib0: allocated type 3 (0xb8000-0xb87ff) for rid 0 of orm0\npcib0: allocated type 3 (0xb8800-0xb8fff) for rid 0 of orm0\npcib0: allocated type 3 (0xb9000-0xb97ff) for rid 0 of orm0\npcib0: allocated type 3 (0xb9800-0xb9fff) for rid 0 of orm0\npcib0: allocated type 3 (0xba000-0xba7ff) for rid 0 of orm0\npcib0: allocated type 3 (0xba800-0xbafff) for rid 0 of orm0\npcib0: allocated type 3 (0xbb000-0xbb7ff) for rid 0 of orm0\npcib0: allocated type 3 (0xbb800-0xbbfff) for rid 0 of orm0\npcib0: allocated type 3 (0xbc000-0xbc7ff) for rid 0 of orm0\npcib0: allocated type 3 (0xbc800-0xbcfff) for rid 0 of orm0\npcib0: allocated type 3 (0xbd000-0xbd7ff) for rid 0 of orm0\npcib0: allocated type 3 (0xbd800-0xbdfff) for rid 0 of orm0\npcib0: allocated type 3 (0xbe000-0xbe7ff) for rid 0 of orm0\npcib0: allocated type 3 (0xbe800-0xbefff) for rid 0 of orm0\npcib0: allocated type 3 (0xbf000-0xbf7ff) for rid 0 of orm0\npcib0: allocated type 3 (0xbf800-0xbffff) for rid 0 of orm0\npcib0: allocated type 3 (0xd3000-0xd37ff) for rid 1 of orm0\npcib0: allocated type 3 (0xd3800-0xd3fff) for rid 1 of orm0\npcib0: allocated type 3 (0xd4000-0xd47ff) for rid 1 of orm0\npcib0: allocated type 3 (0xd4800-0xd4fff) for rid 1 of orm0\npcib0: allocated type 3 (0xd5000-0xd57ff) for rid 1 of orm0\npcib0: allocated type 3 (0xd5800-0xd5fff) for rid 1 of orm0\npcib0: allocated type 3 (0xd6000-0xd67ff) for rid 1 of orm0\npcib0: allocated type 3 (0xd6800-0xd6fff) for rid 1 of orm0\npcib0: allocated type 3 (0xd7000-0xd77ff) for rid 1 of orm0\npcib0: allocated type 3 (0xd7800-0xd7fff) for rid 1 of orm0\npcib0: allocated type 3 (0xd8000-0xd87ff) for rid 1 of orm0\npcib0: allocated type 3 (0xd8800-0xd8fff) for rid 1 of orm0\npcib0: allocated type 3 (0xd9000-0xd97ff) for rid 1 of orm0\npcib0: allocated type 3 (0xd9800-0xd9fff) for rid 1 of orm0\npcib0: allocated type 3 (0xda000-0xda7ff) for rid 1 of orm0\npcib0: allocated type 3 (0xda800-0xdafff) for rid 1 of orm0\npcib0: allocated type 3 (0xdb000-0xdb7ff) for rid 1 of orm0\npcib0: allocated type 3 (0xdb800-0xdbfff) for rid 1 of orm0\npcib0: allocated type 3 (0xdc000-0xdc7ff) for rid 1 of orm0\npcib0: allocated type 3 (0xdc800-0xdcfff) for rid 1 of orm0\npcib0: allocated type 3 (0xdd000-0xdd7ff) for rid 1 of orm0\npcib0: allocated type 3 (0xdd800-0xddfff) for rid 1 of orm0\npcib0: allocated type 3 (0xde000-0xde7ff) for rid 1 of orm0\npcib0: allocated type 3 (0xde800-0xdefff) for rid 1 of orm0\npcib0: allocated type 3 (0xdf000-0xdf7ff) for rid 1 of orm0\npcib0: allocated type 3 (0xdf800-0xdffff) for rid 1 of orm0\nisa_probe_children: disabling PnP devices\natkbdc: atkbdc0 already exists; skipping it\natrtc: atrtc0 already exists; skipping it\nattimer: attimer0 already exists; skipping it\nsc: sc0 already exists; skipping it\nisa_probe_children: probing non-PnP devices\norm0: \u003cISA Option ROM\u003e at iomem 0xd0000-0xd0fff on isa0\nsc0: \u003cSystem console\u003e at flags 0x100 on isa0\nsc0: VGA \u003c16 virtual consoles, flags=0x300\u003e\nsc0: fb0, kbd1, terminal emulator: scteken (teken terminal)\nvga0: \u003cGeneric ISA VGA\u003e at port 0x3c0-0x3df iomem 0xa0000-0xbffff on isa0\npcib0: allocated type 4 (0x3c0-0x3df) for rid 0 of vga0\npcib0: allocated type 3 (0xa0000-0xbffff) for rid 0 of vga0\nfdc0 failed to probe at port 0x3f0 irq 6 drq 2 on isa0\nppc0 failed to probe at irq 7 on isa0\npcib0: allocated type 4 (0x3f8-0x3ff) for rid 0 of uart0\nuart0 failed to probe at port 0x3f8-0x3ff irq 4 on isa0\npcib0: allocated type 4 (0x2f8-0x2ff) for rid 0 of uart1\nuart1 failed to probe at port 0x2f8-0x2ff irq 3 on isa0\nwbwd0 failed to probe on isa0\nisa_probe_children: probing PnP devices\nacpi_throttle0: \u003cACPI CPU Throttling\u003e on cpu0\nacpi_throttle0: P_CNT from P_BLK 0x8010\npowernow0: \u003cPowerNow! K8\u003e on cpu0\nacpi_throttle1: \u003cACPI CPU Throttling\u003e on cpu1\nacpi_throttle1: failed to attach P_CNT\ndevice_attach: acpi_throttle1 attach returned 6\npowernow1: \u003cPowerNow! K8\u003e on cpu1\nDevice configuration finished.\nprocfs registered\nlapic: Divisor 2, Frequency 99750174 Hz\nTimecounters tick every 1.000 msec\nvlan: initialized, using hash tables with chaining\nLinux ELF exec handler installed\ntcp_init: net.inet.tcp.tcbhashsize auto tuned to 32768\nlo0: bpf attached\nhdacc0: \u003cAnalog Devices AD1981HD HDA CODEC\u003e at cad 0 on hdac0\nhdaa0: \u003cAnalog Devices AD1981HD Audio Function Group\u003e at nid 1 on hdacc0\nhdaa0: Subsystem ID: 0x103c30c2\nhdaa0: NumGPIO=4 NumGPO=0 NumGPI=0 GPIWake=0 GPIUnsol=1\nhdaa0:  GPIO0: disabled\nhdaa0:  GPIO1: disabled\nhdaa0:  GPIO2: disabled\nhdaa0:  GPIO3: disabled\nhdaa0: WARNING: nid=2 has cnid outside of the AFG range j=0 entnum=4 index=0 res=0x00000401\nhdaa0: Original pins configuration:\nhdaa0: nid   0x    as seq device       conn  jack    loc        color   misc\nhdaa0:  5 92174110 1  0  Speaker       Fixed Analog  0x12       Green   1\nhdaa0:  6 0421201f 1  15 Headphones    Jack  1/8     Right      Grey    0\nhdaa0:  7 410710f0 15 0  Line-out      None  Analog  Rear       Black   0\nhdaa0:  8 04a12020 2  0  Mic           Jack  1/8     Right      Grey    0\nhdaa0:  9 0181302e 2  14 Line-in       Jack  1/8     Rear       Blue    0\nhdaa0: 10 4145f0f0 15 0  SPDIF-out     None  Optical Rear       Other   0\nhdaa0: 22 995711f0 15 0  Digital-out   Fixed Analog  Onboard    Black   1\nhdaa0: 23 5993e0f0 15 0  AUX           None  ATAPI   Onboard    White   0\nhdaa0: 24 f0a79159 5  9  Mic           Both  Analog  Other      Pink    1\nhdaa0: 25 593310f0 15 0  CD            None  ATAPI   Onboard    Black   0\nhdaa0: Patched pins configuration:\nhdaa0: nid   0x    as seq device       conn  jack    loc        color   misc\nhdaa0:  5 92174110 1  0  Speaker       Fixed Analog  0x12       Green   1\nhdaa0:  6 0421201f 1  15 Headphones    Jack  1/8     Right      Grey    0\nhdaa0:  7 410710f0 15 0  Line-out      None  Analog  Rear       Black   0 DISA\nhdaa0:  8 04a12020 2  0  Mic           Jack  1/8     Right      Grey    0\nhdaa0:  9 0181302e 2  14 Line-in       Jack  1/8     Rear       Blue    0\nhdaa0: 10 4145f0f0 15 0  SPDIF-out     None  Optical Rear       Other   0 DISA\nhdaa0: 22 995711f0 15 0  Digital-out   Fixed Analog  Onboard    Black   1\nhdaa0: 23 5993e0f0 15 0  AUX           None  ATAPI   Onboard    White   0 DISA\nhdaa0: 24 f0a79159 5  9  Mic           Both  Analog  Other      Pink    1\nhdaa0: 25 593310f0 15 0  CD            None  ATAPI   Onboard    Black   0 DISA\nhdaa0: 4 associations found:\nhdaa0: Association 0 (1) out:\nhdaa0:  Pin nid=5 seq=0\nhdaa0:  Pin nid=6 seq=15\nhdaa0: Association 1 (2) in:\nhdaa0:  Pin nid=8 seq=0\nhdaa0:  Pin nid=9 seq=14\nhdaa0: Association 2 (5) in:\nhdaa0:  Pin nid=24 seq=9\nhdaa0: Association 3 (15) out:\nhdaa0:  Pin nid=22 seq=0\nhdaa0: Tracing association 0 (1)\nhdaa0:  Pin 5 traced to DAC 3\nhdaa0:  Pin 6 traced to DAC 3 and hpredir 0\nhdaa0: Association 0 (1) trace succeeded\nhdaa0: Tracing association 1 (2)\nhdaa0:  Pin 8 traced to ADC 4\nhdaa0:  Pin 9 traced to ADC 4\nhdaa0: Association 1 (2) trace succeeded\nhdaa0: Tracing association 2 (5)\nhdaa0: Association 2 (5) trace failed\nhdaa0: Tracing association 3 (15)\nhdaa0:  Unable to trace pin 22 seq 0 with min nid 0\nhdaa0: Association 3 (15) trace failed\nhdaa0: Looking for additional DAC for association 0 (1)\nhdaa0: Looking for additional ADC for association 1 (2)\nhdaa0: Tracing input monitor\nhdaa0:  Tracing nid 12 to out\nhdaa0: Tracing other input monitors\nhdaa0:  Tracing nid 8 to out\nhdaa0:  nid 8 is input monitor\nhdaa0:  Tracing nid 9 to out\nhdaa0:  nid 9 is input monitor\nhdaa0: Tracing beeper\nhdaa0:  nid 16 traced to out\nhdaa0: Headphones redirection for association 0 nid=6 using unsolicited responses.\nhdaa0: Redirect output to: main\nhdaa0: FG config/quirks: forcestereo ivref50 ivref80 ivref100 ivref\npcm0: \u003cAnalog Devices AD1981HD (Analog 2.0+HP/2.0)\u003e at nid 5,6 and 8,9 on hdaa0\npcm0: Playback:\npcm0:      Stream cap: 0x00000001 PCM\npcm0:         PCM cap: 0x000e007f 16 20 24 bits, 8 11 16 22 32 44 48 KHz\npcm0:             DAC: 3\npcm0: \npcm0:     nid=5 [pin: Speaker (Fixed)]\npcm0:       + \u003c- nid=14 [audio mixer] [src: pcm, speaker, line, mic]\npcm0:              + \u003c- nid=13 [audio selector] [src: speaker]\npcm0:                     + \u003c- nid=16 [beep widget] [src: speaker]\npcm0:              + \u003c- nid=17 [audio selector] [src: pcm]\npcm0:                     + \u003c- nid=3 [audio output] [src: pcm]\npcm0:              + \u003c- nid=18 [audio selector] [src: mic]\npcm0:                     + \u003c- nid=8 [pin: Mic (Grey Jack)] [src: mic]\npcm0:              + \u003c- nid=19 [audio selector] [src: line]\npcm0:                     + \u003c- nid=9 [pin: Line-in (Blue Jack)] [src: line]\npcm0: \npcm0:     nid=6 [pin: Headphones (Grey Jack)]\npcm0:       + \u003c- nid=14 [audio mixer] [src: pcm, speaker, line, mic]\npcm0:              + \u003c- nid=13 [audio selector] [src: speaker]\npcm0:                     + \u003c- nid=16 [beep widget] [src: speaker]\npcm0:              + \u003c- nid=17 [audio selector] [src: pcm]\npcm0:                     + \u003c- nid=3 [audio output] [src: pcm]\npcm0:              + \u003c- nid=18 [audio selector] [src: mic]\npcm0:                     + \u003c- nid=8 [pin: Mic (Grey Jack)] [src: mic]\npcm0:              + \u003c- nid=19 [audio selector] [src: line]\npcm0:                     + \u003c- nid=9 [pin: Line-in (Blue Jack)] [src: line]\npcm0: \npcm0: Record:\npcm0:      Stream cap: 0x00000001 PCM\npcm0:         PCM cap: 0x0006007f 16 20 bits, 8 11 16 22 32 44 48 KHz\npcm0:             ADC: 4\npcm0: \npcm0:     nid=4 [audio input]\npcm0:       + \u003c- nid=21 [audio selector] [src: line, mic]\npcm0:              + \u003c- nid=12 [audio mixer] [src: mic]\npcm0:                     + \u003c- nid=30 [audio selector] [src: mic]\npcm0:                            + \u003c- nid=8 [pin: Mic (Grey Jack)] [src: mic]\npcm0:              + \u003c- nid=9 [pin: Line-in (Blue Jack)] [src: line]\npcm0: \npcm0: Master Volume (OSS: vol): -91/3dB\npcm0:    +- ctl  1 (nid   5 in ):    -91/3dB (64 steps) + mute\npcm0:    +- ctl  3 (nid   6 in ):    -91/3dB (64 steps) + mute\npcm0:    +- ctl  8 (nid  13 out):    -45/0dB (16 steps) + mute\npcm0:    +- ctl  9 (nid  17 out):    -34/12dB (32 steps) + mute\npcm0:    +- ctl 10 (nid  18 out):    -34/12dB (32 steps) + mute\npcm0:    +- ctl 11 (nid  19 out):    -34/12dB (32 steps) + mute\npcm0: \npcm0: PCM Volume (OSS: pcm): -34/12dB\npcm0:    +- ctl  9 (nid  17 out):    -34/12dB (32 steps) + mute\npcm0: \npcm0: Microphone Volume (OSS: mic): 0/30dB\npcm0:    +- ctl  5 (nid   8 out):    0/30dB (4 steps)\npcm0:    +- ctl 10 (nid  18 out):    -34/12dB (32 steps) + mute\npcm0:    +- ctl 12 (nid  21 out):    0/22dB (16 steps) + mute\npcm0:    +- ctl 19 (nid  30 out):    mute\npcm0: \npcm0: Line-in Volume (OSS: line): 0/30dB\npcm0:    +- ctl  7 (nid   9 out):    0/30dB (4 steps)\npcm0:    +- ctl 11 (nid  19 out):    -34/12dB (32 steps) + mute\npcm0:    +- ctl 12 (nid  21 out):    0/22dB (16 steps) + mute\npcm0: \npcm0: Speaker/Beep Volume (OSS: speaker): -45/0dB\npcm0:    +- ctl  8 (nid  13 out):    -45/0dB (16 steps) + mute\npcm0: \npcm0: Recording Level (OSS: rec): 0/22dB\npcm0:    +- ctl 12 (nid  21 out):    0/22dB (16 steps) + mute\npcm0:    +- ctl 19 (nid  30 out):    mute\npcm0: \npcm0: Input Monitoring Level (OSS: igain): -34/0dB\npcm0:    +- ctl  8 (nid  13 out):    -45/0dB (16 steps) + mute\npcm0:    +- ctl 10 (nid  18 out):    -34/12dB (32 steps) + mute\npcm0:    +- ctl 11 (nid  19 out):    -34/12dB (32 steps) + mute\npcm0: \npcm0: Mixer \"vol\":\npcm0: Mixer \"pcm\":\npcm0: Mixer \"speaker\":\npcm0: Mixer \"line\":\npcm0: Mixer \"mic\":\npcm0: Mixer \"rec\":\npcm0: Mixer \"igain\":\npcm0: Mixer \"ogain\":\npcm0: Playback channel set is: Front Left, Front Right, \npcm0: Playback channel matrix is: 2.0 (unknown)\npcm0: Recording channel set is: Front Left, Front Right, \npcm0: Recording channel matrix is: 2.0 (disconnected)\nhdacc1: \u003cLucent/Agere Systems (0x1040) HDA CODEC\u003e at cad 1 on hdac0\nunknown: \u003cLucent/Agere Systems (0x1040) HDA CODEC Modem Function Group\u003e at nid 1 on hdacc1 (no driver attached)\nhdacc1: Subsystem ID: 0x80ba8918\nusbus0: 12Mbps Full Speed USB v1.0\nusbus1: 12Mbps Full Speed USB v1.0\nusbus2: 12Mbps Full Speed USB v1.0\nusbus3: 12Mbps Full Speed USB v1.0\nusbus4: 12Mbps Full Speed USB v1.0\nusbus5: 480Mbps High Speed USB v2.0\nacpi_tz0: switched from NONE to _AC2: 50.0C\nahcich0: AHCI reset...\nugen1.1: \u003cATI\u003e at usbus1\nuhub0: \u003cATI OHCI root HUB, class 9/0, rev 1.00/1.00, addr 1\u003e on usbus1\nugen0.1: \u003cATI\u003e at usbus0\nuhub1: \u003cATI OHCI root HUB, class 9/0, rev 1.00/1.00, addr 1\u003e on usbus0\nugen5.1: \u003cATI\u003e at usbus5\nuhub2: \u003cATI EHCI root HUB, class 9/0, rev 2.00/1.00, addr 1\u003e on usbus5\nugen4.1: \u003cATI\u003e at usbus4\nuhub3: \u003cATI OHCI root HUB, class 9/0, rev 1.00/1.00, addr 1\u003e on usbus4\nugen3.1: \u003cATI\u003e at usbus3\nuhub4: \u003cATI OHCI root HUB, class 9/0, rev 1.00/1.00, addr 1\u003e on usbus3\nugen2.1: \u003cATI\u003e at usbus2\nuhub5: \u003cATI OHCI root HUB, class 9/0, rev 1.00/1.00, addr 1\u003e on usbus2\nahcich0: SATA connect time=1800us status=00000113\nahcich0: AHCI reset: device found\nata0: reset tp1 mask=03 ostat0=50 ostat1=00\nahcich0: AHCI reset: device ready after 100ms\nata0: stat0=0x00 err=0x01 lsb=0x14 msb=0xeb\nata0: stat1=0x00 err=0x00 lsb=0x00 msb=0x00\nata0: reset tp2 stat0=00 stat1=00 devices=0x10000\nbattery0: battery initialization start\nbattery1: battery initialization start\nacpi_acad0: acline initialization start\npass0 at ahcich0 bus 0 scbus0 target 0 lun 0\nGEOM: new disk cd0\npass0: \u003cST9160821AS 3.BHE\u003e ATA-7 SATA 1.x device\npass0: Serial Number 5MA83WKD\ncd0 at ata0 bus 0 scbus1 target 0 lun 0\ncd0: \u003cMATSHITA DVD-RAM UJ-861H 1.50\u003e Removable CD-ROM SCSI-0 device \ncd0: Serial Number HE58 101390\ncd0: 16.700MB/s transfers (WDMA2, ATAPI 12bytes, PIO 65534bytes)\ncd0: Attempt to query device size failed: NOT READY, Medium not present - tray closed\npass0: 150.000MB/s transfers (SATA 1.x, UDMA5, PIO 8192bytes)\npass1 at ata0 bus 0 scbus1 target 0 lun 0\npass1: \u003cMATSHITA DVD-RAM UJ-861H 1.50\u003e Removable CD-ROM SCSI-0 device \npass1: Serial Number HE58 101390\npass1: 16.700MB/s transfers (WDMA2, ATAPI 12bytes, PIO 65534bytes)\nada0 at ahcich0 bus 0 scbus0 target 0 lun 0\nada0: \u003cST9160821AS 3.BHE\u003e ATA-7 SATA 1.x device\nada0: Serial Number 5MA83WKD\nada0: 150.000MB/s transfers (SATA 1.x, UDMA5, PIO 8192bytes)\nada0: 152627MB (312581808 512 byte sectors: 16H 63S/T 16383C)\nada0: Previously was known as ad4\nSMP: AP CPU #1 Launched!\ncpu1 AP:\n     ID: 0x01000000   VER: 0x80050010 LDR: 0x00000000 DFR: 0xffffffff\n  lint0: 0x00010700 lint1: 0x00000400 TPR: 0x00000000 SVR: 0x000001ff\n  timer: 0x000100ef therm: 0x00010000 err: 0x000000f0 pmc: 0x00010400\nioapic0: routing intpin 1 (ISA IRQ 1) to lapic 1 vector 48\nioapic0: routing intpin 12 (ISA IRQ 12) to lapic 1 vector 49\nioapic0: routing intpin 16 (PCI IRQ 16) to lapic 1 vector 50\nioapic0: routing intpin 20 (PCI IRQ 20) to lapic 1 vector 51\nmsi: Assigning MSI IRQ 256 to local APIC 1 vector 52\nTimecounter \"TSC\" frequency 1995039009 Hz quality -100\nWARNING: WITNESS option enabled, expect reduced performance.\nacpi_acad0: On Line\nacpi_acad0: acline initialization done, tried 1 times\nacpi_tz0: switched from _AC2 to _AC3: 51.0C\nGEOM: new disk ada0\nuhub0: 2 ports with 2 removable, self powered\nuhub4: 2 ports with 2 removable, self powered\nuhub3: 2 ports with 2 removable, self powered\nuhub5: 2 ports with 2 removable, self powered\nuhub1: 2 ports with 2 removable, self powered\nRoot mount waiting for: usbus5\nRoot mount waiting for: usbus5\nRoot mount waiting for: usbus5\nRoot mount waiting for: usbus5\nRoot mount waiting for: usbus5\nuhub2: 10 ports with 10 removable, self powered\nTrying to mount root from ufs:/dev/ada0s1a [rw]...\nstart_init: trying /sbin/init\nugen0.2: \u003cBroadcom Corp\u003e at usbus0\nwlan0: bpf attached\nwlan0: bpf attached\nwlan0: Ethernet address: 00:1a:73:e1:46:79\nbwn0: firmware version (rev 410 patch 2160 date 0x751a time 0x7c0a)\nbwn0: status of RF switch is changed to OFF\nbwn0: please turn on the RF switch\nbwn0: need multicast update callback\nbwn0: RX decryption attempted (old 0 keyidx 0x1)\nbwn0: need multicast update callback\nbwn0: need multicast update callback\nbwn0: RX decryption attempted (old 0 keyidx 0x1)"
}