{
 "id": 420230,
 "bug_id": 118459,
 "attachment_id": 0,
 "creation_time": "2007-12-06T12:10:02Z",
 "creator": "cub0head@gmail.com",
 "text": "Under very high load (no CPU %idle time, high %interrupt(network) or\n%system (context switching) time) server sometimes completly stops: no\nprocesses are running (i see no logs entries), no network responses\n(no ping responses). When any key on console is hit server unfreezes\nand continues to work untill it freezes again. The problem shows only\nwhen SMP is enabled in kernel. Without SMP option everything works fine.\nThe problem persist in a varios hardware configurations (i386, amd64)\nat least on IBM servers (x3650, x3250) or some Supermicro Pentium D machines.\n \n \n \n==============\n \namd64 IBM x3650:\n \nCopyright (c) 1992-2007 The FreeBSD Project.\nCopyright (c) 1979, 1980, 1983, 1986, 1988, 1989, 1991, 1992, 1993, 1994\n        The Regents of the University of California. All rights reserved.\nFreeBSD is a registered trademark of The FreeBSD Foundation.\nFreeBSD 6.2-RELEASE-p8 #4: Fri Nov 16 13:32:35 MSK 2007\n    root@www8.doamin.com:/usr/obj/usr/src/sys/WWW8\nWARNING: MPSAFE network stack disabled, expect reduced performance.\nTimecounter \"i8254\" frequency 1193182 Hz quality 0\nCPU: Intel(R) Xeon(R) CPU           X5355  @ 2.66GHz (2660.01-MHz K8-class CPU)\n  Origin = \"GenuineIntel\"  Id = 0x6f7  Stepping = 7\n  Features=0xbfebfbff\u003cFPU,VME,DE,PSE,TSC,MSR,PAE,MCE,CX8,APIC,SEP,MTRR,PGE,MCA,CMOV,PAT,PSE36,CLFLUSH,DTS,ACPI,MMX,FXSR,SSE,SSE2,SS,HTT,TM,PBE\u003e\n  Features2=0x4e3bd\u003cSSE3,RSVD2,MON,DS_CPL,VMX,EST,TM2,\u003cb9\u003e,CX16,\u003cb14\u003e,\u003cb15\u003e,\u003cb18\u003e\u003e\n  AMD Features=0x20100800\u003cSYSCALL,NX,LM\u003e\n  AMD Features2=0x1\u003cLAHF\u003e\n  Cores per package: 4\nreal memory  = 9663676416 (9216 MB)\navail memory = 8287969280 (7904 MB)\nACPI APIC Table: \u003cIBM    SERVALNT\u003e\nFreeBSD/SMP: Multiprocessor System Detected: 8 CPUs\n cpu0 (BSP): APIC ID:  0\n cpu1 (AP): APIC ID:  1\n cpu2 (AP): APIC ID:  2\n cpu3 (AP): APIC ID:  3\n cpu4 (AP): APIC ID:  4\n cpu5 (AP): APIC ID:  5\n cpu6 (AP): APIC ID:  6\n cpu7 (AP): APIC ID:  7\nioapic0 \u003cVersion 2.0\u003e irqs 0-23 on motherboard\nkbd1 at kbdmux0\nacpi0: \u003cIBM SERVALNT\u003e on motherboard\nacpi_bus_number: can't get _ADR\nacpi_bus_number: can't get _ADR\nacpi0: Power Button (fixed)\nacpi_bus_number: can't get _ADR\nacpi_bus_number: can't get _ADR\nTimecounter \"ACPI-fast\" frequency 3579545 Hz quality 1000\nacpi_timer0: \u003c24-bit timer at 3.579545MHz\u003e port 0x588-0x58b on acpi0\ncpu0: \u003cACPI CPU\u003e on acpi0\nacpi_throttle0: \u003cACPI CPU Throttling\u003e on cpu0\ncpu1: \u003cACPI CPU\u003e on acpi0\nacpi_throttle1: \u003cACPI CPU Throttling\u003e on cpu1\nacpi_throttle1: failed to attach P_CNT\ndevice_attach: acpi_throttle1 attach returned 6\ncpu2: \u003cACPI CPU\u003e on acpi0\nacpi_throttle2: \u003cACPI CPU Throttling\u003e on cpu2\nacpi_throttle2: failed to attach P_CNT\ndevice_attach: acpi_throttle2 attach returned 6\ncpu3: \u003cACPI CPU\u003e on acpi0\nacpi_throttle3: \u003cACPI CPU Throttling\u003e on cpu3\nacpi_throttle3: failed to attach P_CNT\ndevice_attach: acpi_throttle3 attach returned 6\ncpu4: \u003cACPI CPU\u003e on acpi0\nacpi_throttle4: \u003cACPI CPU Throttling\u003e on cpu4\nacpi_throttle4: failed to attach P_CNT\ndevice_attach: acpi_throttle4 attach returned 6\ncpu5: \u003cACPI CPU\u003e on acpi0\nacpi_throttle5: \u003cACPI CPU Throttling\u003e on cpu5\nacpi_throttle5: failed to attach P_CNT\ndevice_attach: acpi_throttle5 attach returned 6\ncpu6: \u003cACPI CPU\u003e on acpi0\nacpi_throttle6: \u003cACPI CPU Throttling\u003e on cpu6\nacpi_throttle6: failed to attach P_CNT\ndevice_attach: acpi_throttle6 attach returned 6\ncpu7: \u003cACPI CPU\u003e on acpi0\nacpi_throttle7: \u003cACPI CPU Throttling\u003e on cpu7\nacpi_throttle7: failed to attach P_CNT\ndevice_attach: acpi_throttle7 attach returned 6\npcib0: \u003cACPI Host-PCI bridge\u003e on acpi0\npci0: \u003cACPI PCI bus\u003e on pcib0\npcib1: \u003cACPI PCI-PCI bridge\u003e at device 2.0 on pci0\npci26: \u003cACPI PCI bus\u003e on pcib1\npcib2: \u003cACPI PCI-PCI bridge\u003e at device 0.0 on pci26\npci27: \u003cACPI PCI bus\u003e on pcib2\npcib3: \u003cACPI PCI-PCI bridge\u003e at device 0.0 on pci27\npci28: \u003cACPI PCI bus\u003e on pcib3\npcib4: \u003cACPI PCI-PCI bridge\u003e irq 17 at device 1.0 on pci27\npci36: \u003cACPI PCI bus\u003e on pcib4\npcib5: \u003cPCI-PCI bridge\u003e at device 0.3 on pci26\npci37: \u003cPCI bus\u003e on pcib5\npcib6: \u003cACPI PCI-PCI bridge\u003e at device 3.0 on pci0\npci4: \u003cACPI PCI bus\u003e on pcib6\naac0: \u003cIBM ServeRAID-8k\u003e port 0x5000-0x50ff mem 0xc9e00000-0xc9ffffff,0xc7fe0000-0xc7ffffff irq 17 at device 0.0 on pci4\naac0: Enabling 64-bit address support\naac0: New comm. interface enabled\naac0: Adaptec Raid Controller 2.0.0-1\npcib7: \u003cACPI PCI-PCI bridge\u003e at device 4.0 on pci0\npci16: \u003cACPI PCI bus\u003e on pcib7\npcib8: \u003cPCI-PCI bridge\u003e at device 5.0 on pci0\npci69: \u003cPCI bus\u003e on pcib8\npcib9: \u003cACPI PCI-PCI bridge\u003e at device 6.0 on pci0\npci7: \u003cACPI PCI bus\u003e on pcib9\npcib10: \u003cPCI-PCI bridge\u003e at device 7.0 on pci0\npci68: \u003cPCI bus\u003e on pcib10\npci0: \u003cbase peripheral\u003e at device 8.0 (no driver attached)\npcib11: \u003cACPI PCI-PCI bridge\u003e at device 28.0 on pci0\npci2: \u003cACPI PCI bus\u003e on pcib11\npcib12: \u003cPCI-PCI bridge\u003e at device 0.0 on pci2\npci3: \u003cPCI bus\u003e on pcib12\nbce0: \u003cBroadcom NetXtreme II BCM5708 1000Base-T (B2), v0.9.6\u003e mem 0xce000000-0xcfffffff irq 16 at device 0.0 on pci3\nbce0: ASIC ID 0x57081020; Revision (B2); PCI-X 64-bit 133MHz\nmiibus0: \u003cMII bus\u003e on bce0\nbrgphy0: \u003cBCM5708C 10/100/1000baseTX PHY\u003e on miibus0\nbrgphy0:  10baseT, 10baseT-FDX, 100baseTX, 100baseTX-FDX, 1000baseTX, 1000baseTX-FDX, auto\nbce0: Ethernet address: 00:1a:64:63:a7:71\nbce0: [GIANT-LOCKED]\npcib13: \u003cACPI PCI-PCI bridge\u003e at device 28.1 on pci0\npci5: \u003cACPI PCI bus\u003e on pcib13\npcib14: \u003cPCI-PCI bridge\u003e at device 0.0 on pci5\npci6: \u003cPCI bus\u003e on pcib14\nbce1: \u003cBroadcom NetXtreme II BCM5708 1000Base-T (B2), v0.9.6\u003e mem 0xca000000-0xcbffffff irq 17 at device 0.0 on pci6\nbce1: ASIC ID 0x57081020; Revision (B2); PCI-X 64-bit 133MHz\nmiibus1: \u003cMII bus\u003e on bce1\nbrgphy1: \u003cBCM5708C 10/100/1000baseTX PHY\u003e on miibus1\nbrgphy1:  10baseT, 10baseT-FDX, 100baseTX, 100baseTX-FDX, 1000baseTX, 1000baseTX-FDX, auto\nbce1: Ethernet address: 00:1a:64:63:a7:73\nbce1: [GIANT-LOCKED]\nuhci0: \u003cUHCI (generic) USB controller\u003e port 0x2200-0x221f irq 23 at device 29.0 on pci0\nuhci0: [GIANT-LOCKED]\nusb0: \u003cUHCI (generic) USB controller\u003e on uhci0\nusb0: USB revision 1.0\nuhub0: Intel UHCI root hub, class 9/0, rev 1.00/1.00, addr 1\nuhub0: 2 ports with 2 removable, self powered\nuhci1: \u003cUHCI (generic) USB controller\u003e port 0x2600-0x261f irq 22 at device 29.1 on pci0\nuhci1: [GIANT-LOCKED]\nusb1: \u003cUHCI (generic) USB controller\u003e on uhci1\nusb1: USB revision 1.0\nuhub1: Intel UHCI root hub, class 9/0, rev 1.00/1.00, addr 1\nuhub1: 2 ports with 2 removable, self powered\nuhci2: \u003cUHCI (generic) USB controller\u003e port 0x2a00-0x2a1f irq 23 at device 29.2 on pci0\nuhci2: [GIANT-LOCKED]\nusb2: \u003cUHCI (generic) USB controller\u003e on uhci2\nusb2: USB revision 1.0\nuhub2: Intel UHCI root hub, class 9/0, rev 1.00/1.00, addr 1\nuhub2: 2 ports with 2 removable, self powered\nuhci3: \u003cUHCI (generic) USB controller\u003e port 0x2e00-0x2e1f irq 22 at device 29.3 on pci0\nuhci3: [GIANT-LOCKED]\nusb3: \u003cUHCI (generic) USB controller\u003e on uhci3\nusb3: USB revision 1.0\nuhub3: Intel UHCI root hub, class 9/0, rev 1.00/1.00, addr 1\nuhub3: 2 ports with 2 removable, self powered\nehci0: \u003cEHCI (generic) USB 2.0 controller\u003e mem 0xf9000000-0xf90003ff irq 23 at device 29.7 on pci0\nehci0: [GIANT-LOCKED]\nusb4: EHCI version 1.0\nusb4: companion controllers, 2 ports each: usb0 usb1 usb2 usb3\nusb4: \u003cEHCI (generic) USB 2.0 controller\u003e on ehci0\nusb4: USB revision 2.0\nuhub4: Intel EHCI root hub, class 9/0, rev 2.00/1.00, addr 1\nuhub4: 8 ports with 8 removable, self powered\npcib15: \u003cACPI PCI-PCI bridge\u003e at device 30.0 on pci0\npci1: \u003cACPI PCI bus\u003e on pcib15\npci1: \u003cdisplay, VGA\u003e at device 6.0 (no driver attached)\nisab0: \u003cPCI-ISA bridge\u003e at device 31.0 on pci0\nisa0: \u003cISA bus\u003e on isab0\natapci0: \u003cIntel 63XXESB2 SATA300 controller\u003e port 0x1f0-0x1f7,0x3f6,0x170-0x177,0x376,0x480-0x48f at device 31.2 on pci0\nata0: \u003cATA channel 0\u003e on atapci0\nata1: \u003cATA channel 1\u003e on atapci0\npci0: \u003cserial bus, SMBus\u003e at device 31.3 (no driver attached)\nsio0: \u003c16550A-compatible COM port\u003e port 0x3f8-0x3ff irq 4 flags 0x10 on acpi0\nsio0: type 16550A\nipmi0: \u003cIPMI System Interface\u003e on isa0\nipmi0: KCS mode found at io 0xca8 alignment 0x4 on isa\norm0: \u003cISA Option ROMs\u003e at iomem 0xc0000-0xcafff,0xcb000-0xcffff on isa0\natkbdc0: \u003cKeyboard controller (i8042)\u003e at port 0x60,0x64 on isa0\natkbd0: \u003cAT Keyboard\u003e irq 1 on atkbdc0\nkbd0 at atkbd0\natkbd0: [GIANT-LOCKED]\nppc0: cannot reserve I/O port range\nsc0: \u003cSystem console\u003e at flags 0x100 on isa0\nsc0: VGA \u003c16 virtual consoles, flags=0x300\u003e\nsio1: configured irq 3 not in bitmap of probed irqs 0\nsio1: port may not be enabled\nvga0: \u003cGeneric ISA VGA\u003e at port 0x3c0-0x3df iomem 0xa0000-0xbffff on isa0\nukbd0: Cypress Cypress USB Keyboard / PS2 Mouse, rev 1.00/0.01, addr 2, iclass 3/1\nkbd2 at ukbd0\nums0: Cypress Cypress USB Keyboard / PS2 Mouse, rev 1.00/0.01, addr 2, iclass 3/1\nums0: 3 buttons and Z dir.\nukbd1: IBM IBM RSA2, rev 1.10/0.01, addr 2, iclass 3/1\nkbd3 at ukbd1\nums1: IBM IBM RSA2, rev 1.10/0.01, addr 2, iclass 3/1\nums1: X report 0x0002 not supported\ndevice_attach: ums1 attach returned 6\nTimecounters tick every 1.000 msec\nacd0: CDRW \u003cHL-DT-STCD-RW/DVD DRIVE GCC-T10N/1.00\u003e at ata1-master UDMA33\naacd0: \u003cRAID 0/1\u003e on aac0\naacd0: 858000MB (1757184000 sectors)\nipmi0: IPMI device rev. 0, firmware rev. 1.2, version 2.0\nipmi0: Number of channels 3\nipmi0: Attached watchdog\nSMP: AP CPU #1 Launched!\nSMP: AP CPU #3 Launched!\nSMP: AP CPU #2 Launched!\nSMP: AP CPU #5 Launched!\nSMP: AP CPU #6 Launched!\nSMP: AP CPU #4 Launched!\nSMP: AP CPU #7 Launched!\nTrying to mount root from ufs:/dev/aacd0s1a\n\nFix: \n\nNot to use SMP on high-load\nHow-To-Repeat: My test server freeze after 8 days 'stress' with ~1000 load average."
}