{
 "id": 360411,
 "bug_id": 105708,
 "attachment_id": 0,
 "creation_time": "2006-11-21T08:30:11Z",
 "creator": "nonomura@nifty.com",
 "text": "em driver failed to initialize with following error\n\n----\nem0: \u003cIntel(R) PRO/1000 Network Connection Version - 6.2.9\u003e port 0x2000-0x201f mem 0xee000000-0xee01ffff irq 16 at device 0.0 on pci2\nem0: Reserved 0x20000 bytes for rid 0x10 type 3 at 0xee000000\nem0: Reserved 0x20 bytes for rid 0x18 type 4 at 0x2000\nem0: The EEPROM Checksum Is Not Valid\nem0: Unable to initialize the hardware\ndevice_attach: em0 attach returned 5\n----\n\nFull boot log is below\n----\nSMAP type=01 base=0000000000000000 len=000000000009f000\nSMAP type=02 base=000000000009f000 len=0000000000001000\nSMAP type=02 base=00000000000d2000 len=0000000000002000\nSMAP type=02 base=00000000000dc000 len=0000000000024000\nSMAP type=01 base=0000000000100000 len=000000007f5d0000\nSMAP type=03 base=000000007f6d0000 len=000000000000f000\nSMAP type=04 base=000000007f6df000 len=0000000000021000\nSMAP type=02 base=000000007f700000 len=0000000000100000\nSMAP type=02 base=000000007f800000 len=0000000000800000\nSMAP type=02 base=00000000f0000000 len=0000000004000000\nSMAP type=02 base=00000000fec00000 len=0000000000010000\nSMAP type=02 base=00000000fed00000 len=0000000000000400\nSMAP type=02 base=00000000fed14000 len=0000000000004000\nSMAP type=02 base=00000000fed18000 len=0000000000001000\nSMAP type=02 base=00000000fed19000 len=0000000000001000\nSMAP type=02 base=00000000fed1c000 len=0000000000004000\nSMAP type=02 base=00000000fed20000 len=0000000000070000\nSMAP type=02 base=00000000fee00000 len=0000000000001000\nSMAP type=02 base=00000000ff800000 len=0000000000800000\nCopyright (c) 1992-2006 The FreeBSD Project.\nCopyright (c) 1979, 1980, 1983, 1986, 1988, 1989, 1991, 1992, 1993, 1994\n\tThe Regents of the University of California. All rights reserved.\nFreeBSD is a registered trademark of The FreeBSD Foundation.\nFreeBSD 6.2-RC1 #0: Thu Nov 16 05:12:08 UTC 2006\n    root@opus.cse.buffalo.edu:/usr/obj/usr/src/sys/SMP\nPreloaded elf kernel \"/boot/kernel/kernel\" at 0xc0b61000.\nPreloaded elf module \"/boot/kernel/acpi.ko\" at 0xc0b61250.\nCalibrating clock(s) ... i8254 clock: 1193168 Hz\nCLK_USE_I8254_CALIBRATION not specified - using default frequency\nTimecounter \"i8254\" frequency 1193182 Hz quality 0\nCalibrating TSC clock ... TSC clock: 1995016368 Hz\nCPU: Intel(R) Core(TM)2 CPU         T7200  @ 2.00GHz (1995.02-MHz 686-class CPU)\n  Origin = \"GenuineIntel\"  Id = 0x6f6  Stepping = 6\n  Features=0xbfebfbff\u003cFPU,VME,DE,PSE,TSC,MSR,PAE,MCE,CX8,APIC,SEP,MTRR,PGE,MCA,CMOV,PAT,PSE36,CLFLUSH,DTS,ACPI,MMX,FXSR,SSE,SSE2,SS,HTT,TM,PBE\u003e\n  Features2=0xe3bd\u003cSSE3,RSVD2,MON,DS_CPL,VMX,EST,TM2,\u003cb9\u003e,CX16,\u003cb14\u003e,\u003cb15\u003e\u003e\n  AMD Features=0x20100000\u003cNX,LM\u003e\n  AMD Features2=0x1\u003cLAHF\u003e\n  Cores per package: 2\nreal memory  = 2137849856 (2038 MB)\nPhysical memory chunk(s):\n0x0000000000001000 - 0x000000000009dfff, 643072 bytes (157 pages)\n0x0000000000100000 - 0x00000000003fffff, 3145728 bytes (768 pages)\n0x0000000000c28000 - 0x000000007d2a8fff, 2087194624 bytes (509569 pages)\navail memory = 2086895616 (1990 MB)\nMP Configuration Table version 1.4 found at 0xc009f5a1\nTable 'FACP' at 0x7f6d1b00\nTable 'SSDT' at 0x7f6d1cb4\nTable 'ECDT' at 0x7f6ded8c\nTable 'TCPA' at 0x7f6dedde\nTable 'APIC' at 0x7f6dee10\nMADT: Found table at 0x7f6dee10\nAPIC: Using the MADT enumerator.\nMADT: Found CPU APIC ID 0 ACPI ID 0: enabled\nSMP: Added CPU 0 (AP)\nMADT: Found CPU APIC ID 1 ACPI ID 1: enabled\nSMP: Added CPU 1 (AP)\nINTR: Adding local APIC 0 as a target\nACPI APIC Table: \u003cLENOVO TP-7B   \u003e\nINTR: Adding local APIC 1 as a target\nFreeBSD/SMP: Multiprocessor System Detected: 2 CPUs\n cpu0 (BSP): APIC ID:  0\n cpu1 (AP): APIC ID:  1\nbios32: Found BIOS32 Service Directory header at 0xc00f6780\nbios32: Entry = 0xfd690 (c00fd690)  Rev = 0  Len = 1\npcibios: PCI BIOS entry at 0xfd620+0x20b\npnpbios: Found PnP BIOS data at 0xc00f6810\npnpbios: Entry = f0000:b36e  Rev = 1.0\nOther BIOS signatures found:\nAPIC: CPU 0 has ACPI ID 0\nAPIC: CPU 1 has ACPI ID 1\nMADT: Found IO APIC ID 1, Interrupt 0 at 0xfec00000\nioapic0: Changing APIC ID to 1\nioapic0: Routing external 8259A's -\u003e intpin 0\nioapic0: intpin 0 -\u003e ExtINT (edge, high)\nioapic0: intpin 1 -\u003e ISA IRQ 1 (edge, high)\nioapic0: intpin 2 -\u003e ISA IRQ 2 (edge, high)\nioapic0: intpin 3 -\u003e ISA IRQ 3 (edge, high)\nioapic0: intpin 4 -\u003e ISA IRQ 4 (edge, high)\nioapic0: intpin 5 -\u003e ISA IRQ 5 (edge, high)\nioapic0: intpin 6 -\u003e ISA IRQ 6 (edge, high)\nioapic0: intpin 7 -\u003e ISA IRQ 7 (edge, high)\nioapic0: intpin 8 -\u003e ISA IRQ 8 (edge, high)\nioapic0: intpin 9 -\u003e ISA IRQ 9 (edge, high)\nioapic0: intpin 10 -\u003e ISA IRQ 10 (edge, high)\nioapic0: intpin 11 -\u003e ISA IRQ 11 (edge, high)\nioapic0: intpin 12 -\u003e ISA IRQ 12 (edge, high)\nioapic0: intpin 13 -\u003e ISA IRQ 13 (edge, high)\nioapic0: intpin 14 -\u003e ISA IRQ 14 (edge, high)\nioapic0: intpin 15 -\u003e ISA IRQ 15 (edge, high)\nioapic0: intpin 16 -\u003e PCI IRQ 16 (level, low)\nioapic0: intpin 17 -\u003e PCI IRQ 17 (level, low)\nioapic0: intpin 18 -\u003e PCI IRQ 18 (level, low)\nioapic0: intpin 19 -\u003e PCI IRQ 19 (level, low)\nioapic0: intpin 20 -\u003e PCI IRQ 20 (level, low)\nioapic0: intpin 21 -\u003e PCI IRQ 21 (level, low)\nioapic0: intpin 22 -\u003e PCI IRQ 22 (level, low)\nioapic0: intpin 23 -\u003e PCI IRQ 23 (level, low)\nMADT: Interrupt override: source 0, irq 2\nioapic0: Routing IRQ 0 -\u003e intpin 2\nioapic0: intpin 2 trigger: edge\nioapic0: intpin 2 polarity: high\nMADT: Interrupt override: source 9, irq 9\nioapic0: intpin 9 trigger: level\nioapic0: intpin 9 polarity: high\nlapic0: Routing NMI -\u003e LINT1\nlapic0: LINT1 trigger: edge\nlapic0: LINT1 polarity: high\nlapic1: Routing NMI -\u003e LINT1\nlapic1: LINT1 trigger: edge\nlapic1: LINT1 polarity: high\nioapic0 \u003cVersion 2.0\u003e irqs 0-23 on motherboard\ncpu0 BSP:\n     ID: 0x00000000   VER: 0x00050014 LDR: 0x00000000 DFR: 0xffffffff\n  lint0: 0x00010700 lint1: 0x00000400 TPR: 0x00000000 SVR: 0x000001ff\n  timer: 0x000100ef therm: 0x00010000 err: 0x00010000 pcm: 0x00010000\nwlan: \u003c802.11 Link Layer\u003e\nath_rate: version 1.2 \u003cSampleRate bit-rate selection algorithm\u003e\nnull: \u003cnull device, zero device\u003e\nrandom: \u003centropy source, Software, Yarrow\u003e\nnfslock: pseudo-device\nio: \u003cI/O\u003e\nkbd: new array size 4\nkbd1 at kbdmux0\nmem: \u003cmemory\u003e\nPentium Pro MTRR support enabled\nath_hal: 0.9.17.2 (AR5210, AR5211, AR5212, RF5111, RF5112, RF2413, RF5413)\nrr232x: RocketRAID 232x controller driver v1.02 (Nov 16 2006 05:11:58)\nnpx0: INT 16 interface\nacpi0: \u003cLENOVO TP-7B\u003e on motherboard\nioapic0: routing intpin 9 (ISA IRQ 9) to vector 48\nacpi0: [MPSAFE]\nacpi_ec0: \u003cEmbedded Controller: GPE 0x1c, ECDT\u003e port 0x62,0x66 on acpi0\npci_open(1):\tmode 1 addr port (0x0cf8) is 0x8000fa20\npci_open(1a):\tmode1res=0x80000000 (0x80000000)\npci_cfgcheck:\tdevice 0 [class=060000] [hdr=00] is there (id=27a08086)\npcibios: BIOS version 2.10\nFound $PIR table, 15 entries at 0xc00fdea0\nPCI-Only Interrupts: none\nLocation  Bus Device Pin  Link  IRQs\nembedded    0   27    B   0x61  3 4 5 6 7 10 11 12\nembedded    0   28    A   0x68  3 4 5 6 7 10 11 12\nembedded    0   28    B   0x69  3 4 5 6 7 10 11 12\nembedded    0   28    C   0x6a  3 4 5 6 7 10 11 12\nembedded    0   28    D   0x6b  3 4 5 6 7 10 11 12\nembedded    0   29    A   0x60  3 4 5 6 7 10 11 12\nembedded    0   29    B   0x61  3 4 5 6 7 10 11 12\nembedded    0   29    C   0x62  3 4 5 6 7 10 11 12\nembedded    0   29    D   0x63  3 4 5 6 7 10 11 12\nembedded    0   31    A   0x6b  3 4 5 6 7 10 11 12\nembedded    0   31    B   0x60  3 4 5 6 7 10 11 12\nembedded    0   31    C   0x60  3 4 5 6 7 10 11 12\nembedded    2    0    A   0x68  3 4 5 6 7 10 11 12\nslot 1      3    0    A   0x69  3 4 5 6 7 10 11 12\nslot 1      3    0    B   0x6a  3 4 5 6 7 10 11 12\nslot 2      4    0    A   0x6a  3 4 5 6 7 10 11 12\nslot 2      4    0    B   0x6b  3 4 5 6 7 10 11 12\nslot 3     12    0    A   0x6b  3 4 5 6 7 10 11 12\nslot 3     12    0    B   0x68  3 4 5 6 7 10 11 12\nembedded   21    0    A   0x60  3 4 5 6 7 10 11 12\nembedded   21    0    B   0x61  3 4 5 6 7 10 11 12\nembedded   21    0    C   0x62  3 4 5 6 7 10 11 12\nembedded    0    0    A   0x60  3 4 5 6 7 10 11 12\nembedded    0    0    B   0x61  3 4 5 6 7 10 11 12\nembedded    0    0    C   0x62  3 4 5 6 7 10 11 12\nembedded    0    0    D   0x63  3 4 5 6 7 10 11 12\nembedded    0    2    A   0x60  3 4 5 6 7 10 11 12\nembedded    0    1    A   0x60  3 4 5 6 7 10 11 12\nembedded    0    1    B   0x61  3 4 5 6 7 10 11 12\nacpi_bus_number: root bus has no _BBN, assuming 0\nacpi_bus_number: can't get _ADR\nacpi_bus_number: can't get _ADR\nAcpiOsDerivePciId: bus 0 dev 31 func 0\nacpi_bus_number: root bus has no _BBN, assuming 0\nacpi_bus_number: can't get _ADR\nacpi_bus_number: can't get _ADR\nAcpiOsDerivePciId: bus 0 dev 0 func 0\nacpi_bus_number: root bus has no _BBN, assuming 0\nacpi_bus_number: can't get _ADR\nacpi_bus_number: can't get _ADR\nAcpiOsDerivePciId: bus 0 dev 29 func 7\nacpi0: Power Button (fixed)\nacpi0: wakeup code va 0xda354000 pa 0x97000\nACPI timer: 1/1 1/1 1/1 1/1 1/1 1/1 1/1 1/1 1/1 1/1 -\u003e 10\nTimecounter \"ACPI-fast\" frequency 3579545 Hz quality 1000\nacpi_timer0: \u003c24-bit timer at 3.579545MHz\u003e port 0x1008-0x100b on acpi0\npci_link0: Links after initial probe:\nIndex  IRQ  Rtd  Ref  IRQs\n    0   11   N     0  3 4 5 6 7 9 10 11\npci_link0: Links after initial validation:\nIndex  IRQ  Rtd  Ref  IRQs\n    0   11   N     0  3 4 5 6 7 9 10 11\npci_link0: Links after disable:\nIndex  IRQ  Rtd  Ref  IRQs\n    0  255   N     0  3 4 5 6 7 9 10 11\npci_link1: Links after initial probe:\nIndex  IRQ  Rtd  Ref  IRQs\n    0   11   N     0  3 4 5 6 7 9 10 11\npci_link1: Links after initial validation:\nIndex  IRQ  Rtd  Ref  IRQs\n    0   11   N     0  3 4 5 6 7 9 10 11\npci_link1: Links after disable:\nIndex  IRQ  Rtd  Ref  IRQs\n    0  255   N     0  3 4 5 6 7 9 10 11\npci_link2: Links after initial probe:\nIndex  IRQ  Rtd  Ref  IRQs\n    0   11   N     0  3 4 5 6 7 9 10 11\npci_link2: Links after initial validation:\nIndex  IRQ  Rtd  Ref  IRQs\n    0   11   N     0  3 4 5 6 7 9 10 11\npci_link2: Links after disable:\nIndex  IRQ  Rtd  Ref  IRQs\n    0  255   N     0  3 4 5 6 7 9 10 11\npci_link3: Links after initial probe:\nIndex  IRQ  Rtd  Ref  IRQs\n    0   11   N     0  3 4 5 6 7 9 10 11\npci_link3: Links after initial validation:\nIndex  IRQ  Rtd  Ref  IRQs\n    0   11   N     0  3 4 5 6 7 9 10 11\npci_link3: Links after disable:\nIndex  IRQ  Rtd  Ref  IRQs\n    0  255   N     0  3 4 5 6 7 9 10 11\npci_link4: Links after initial probe:\nIndex  IRQ  Rtd  Ref  IRQs\n    0   11   N     0  3 4 5 6 7 9 10 11\npci_link4: Links after initial validation:\nIndex  IRQ  Rtd  Ref  IRQs\n    0   11   N     0  3 4 5 6 7 9 10 11\npci_link4: Links after disable:\nIndex  IRQ  Rtd  Ref  IRQs\n    0  255   N     0  3 4 5 6 7 9 10 11\npci_link5: Links after initial probe:\nIndex  IRQ  Rtd  Ref  IRQs\n    0   11   N     0  3 4 5 6 7 9 10 11\npci_link5: Links after initial validation:\nIndex  IRQ  Rtd  Ref  IRQs\n    0   11   N     0  3 4 5 6 7 9 10 11\npci_link5: Links after disable:\nIndex  IRQ  Rtd  Ref  IRQs\n    0  255   N     0  3 4 5 6 7 9 10 11\npci_link6: Links after initial probe:\nIndex  IRQ  Rtd  Ref  IRQs\n    0   11   N     0  3 4 5 6 7 9 10 11\npci_link6: Links after initial validation:\nIndex  IRQ  Rtd  Ref  IRQs\n    0   11   N     0  3 4 5 6 7 9 10 11\npci_link6: Links after disable:\nIndex  IRQ  Rtd  Ref  IRQs\n    0  255   N     0  3 4 5 6 7 9 10 11\npci_link7: Links after initial probe:\nIndex  IRQ  Rtd  Ref  IRQs\n    0   11   N     0  3 4 5 6 7 9 10 11\npci_link7: Links after initial validation:\nIndex  IRQ  Rtd  Ref  IRQs\n    0   11   N     0  3 4 5 6 7 9 10 11\npci_link7: Links after disable:\nIndex  IRQ  Rtd  Ref  IRQs\n    0  255   N     0  3 4 5 6 7 9 10 11\ncpu0: \u003cACPI CPU\u003e on acpi0\nacpi_throttle0: \u003cACPI CPU Throttling\u003e on cpu0\nacpi_throttle0: P_CNT from P_BLK 0x1010\ncpu1: \u003cACPI CPU\u003e on acpi0\nacpi_throttle1: \u003cACPI CPU Throttling\u003e on cpu1\nacpi_throttle1: failed to attach P_CNT\ndevice_attach: acpi_throttle1 attach returned 6\nacpi_lid0: \u003cControl Method Lid Switch\u003e on acpi0\nacpi_button0: \u003cSleep Button\u003e on acpi0\npcib0: \u003cACPI Host-PCI bridge\u003e port 0xcf8-0xcff on acpi0\npci0: \u003cACPI PCI bus\u003e on pcib0\npci0: physical bus=0\nfound-\u003e\tvendor=0x8086, dev=0x27a0, revid=0x03\n\tbus=0, slot=0, func=0\n\tclass=06-00-00, hdrtype=0x00, mfdev=0\n\tcmdreg=0x0106, statreg=0x2090, cachelnsz=0 (dwords)\n\tlattimer=0x00 (0 ns), mingnt=0x00 (0 ns), maxlat=0x00 (0 ns)\nfound-\u003e\tvendor=0x8086, dev=0x27a2, revid=0x03\n\tbus=0, slot=2, func=0\n\tclass=03-00-00, hdrtype=0x00, mfdev=1\n\tcmdreg=0x0003, statreg=0x0090, cachelnsz=0 (dwords)\n\tlattimer=0x00 (0 ns), mingnt=0x00 (0 ns), maxlat=0x00 (0 ns)\n\tintpin=a, irq=11\n\tpowerspec 2  supports D0 D3  current D0\n\tMSI supports 1 message\n\tmap[10]: type 1, range 32, base ee100000, size 19, enabled\n\tmap[14]: type 4, range 32, base 00001800, size  3, enabled\n\tmap[18]: type 3, range 32, base d0000000, size 28, enabled\n\tmap[1c]: type 1, range 32, base ee200000, size 18, enabled\npcib0: matched entry for 0.2.INTA\npcib0: slot 2 INTA hardwired to IRQ 16\nfound-\u003e\tvendor=0x8086, dev=0x27a6, revid=0x03\n\tbus=0, slot=2, func=1\n\tclass=03-80-00, hdrtype=0x00, mfdev=1\n\tcmdreg=0x0003, statreg=0x0090, cachelnsz=0 (dwords)\n\tlattimer=0x00 (0 ns), mingnt=0x00 (0 ns), maxlat=0x00 (0 ns)\n\tpowerspec 2  supports D0 D3  current D0\n\tmap[10]: type 1, range 32, base ee180000, size 19, enabled\nfound-\u003e\tvendor=0x8086, dev=0x27d8, revid=0x02\n\tbus=0, slot=27, func=0\n\tclass=04-03-00, hdrtype=0x00, mfdev=0\n\tcmdreg=0x0106, statreg=0x0010, cachelnsz=16 (dwords)\n\tlattimer=0x00 (0 ns), mingnt=0x00 (0 ns), maxlat=0x00 (0 ns)\n\tintpin=b, irq=11\n\tpowerspec 2  supports D0 D3  current D0\n\tMSI supports 1 message, 64 bit\n\tmap[10]: type 1, range 64, base ee240000, size 14, enabled\npcib0: matched entry for 0.27.INTB\npcib0: slot 27 INTB hardwired to IRQ 17\nfound-\u003e\tvendor=0x8086, dev=0x27d0, revid=0x02\n\tbus=0, slot=28, func=0\n\tclass=06-04-00, hdrtype=0x01, mfdev=1\n\tcmdreg=0x0107, statreg=0x0010, cachelnsz=16 (dwords)\n\tlattimer=0x00 (0 ns), mingnt=0x04 (1000 ns), maxlat=0x00 (0 ns)\n\tintpin=a, irq=11\npcib0: matched entry for 0.28.INTA\npcib0: slot 28 INTA hardwired to IRQ 20\nfound-\u003e\tvendor=0x8086, dev=0x27d2, revid=0x02\n\tbus=0, slot=28, func=1\n\tclass=06-04-00, hdrtype=0x01, mfdev=1\n\tcmdreg=0x0107, statreg=0x0010, cachelnsz=16 (dwords)\n\tlattimer=0x00 (0 ns), mingnt=0x04 (1000 ns), maxlat=0x00 (0 ns)\n\tintpin=b, irq=11\npcib0: matched entry for 0.28.INTB\npcib0: slot 28 INTB hardwired to IRQ 21\nfound-\u003e\tvendor=0x8086, dev=0x27d4, revid=0x02\n\tbus=0, slot=28, func=2\n\tclass=06-04-00, hdrtype=0x01, mfdev=1\n\tcmdreg=0x0107, statreg=0x0010, cachelnsz=16 (dwords)\n\tlattimer=0x00 (0 ns), mingnt=0x04 (1000 ns), maxlat=0x00 (0 ns)\n\tintpin=c, irq=11\npcib0: matched entry for 0.28.INTC\npcib0: slot 28 INTC hardwired to IRQ 22\nfound-\u003e\tvendor=0x8086, dev=0x27d6, revid=0x02\n\tbus=0, slot=28, func=3\n\tclass=06-04-00, hdrtype=0x01, mfdev=1\n\tcmdreg=0x0107, statreg=0x0010, cachelnsz=16 (dwords)\n\tlattimer=0x00 (0 ns), mingnt=0x04 (1000 ns), maxlat=0x00 (0 ns)\n\tintpin=d, irq=11\npcib0: matched entry for 0.28.INTD\npcib0: slot 28 INTD hardwired to IRQ 23\nfound-\u003e\tvendor=0x8086, dev=0x27c8, revid=0x02\n\tbus=0, slot=29, func=0\n\tclass=0c-03-00, hdrtype=0x00, mfdev=1\n\tcmdreg=0x0005, statreg=0x0280, cachelnsz=0 (dwords)\n\tlattimer=0x00 (0 ns), mingnt=0x00 (0 ns), maxlat=0x00 (0 ns)\n\tintpin=a, irq=11\n\tmap[20]: type 4, range 32, base 00001820, size  5, enabled\npcib0: matched entry for 0.29.INTA\npcib0: slot 29 INTA hardwired to IRQ 16\nfound-\u003e\tvendor=0x8086, dev=0x27c9, revid=0x02\n\tbus=0, slot=29, func=1\n\tclass=0c-03-00, hdrtype=0x00, mfdev=0\n\tcmdreg=0x0005, statreg=0x0280, cachelnsz=0 (dwords)\n\tlattimer=0x00 (0 ns), mingnt=0x00 (0 ns), maxlat=0x00 (0 ns)\n\tintpin=b, irq=11\n\tmap[20]: type 4, range 32, base 00001840, size  5, enabled\npcib0: matched entry for 0.29.INTB\npcib0: slot 29 INTB hardwired to IRQ 17\nfound-\u003e\tvendor=0x8086, dev=0x27ca, revid=0x02\n\tbus=0, slot=29, func=2\n\tclass=0c-03-00, hdrtype=0x00, mfdev=0\n\tcmdreg=0x0005, statreg=0x0280, cachelnsz=0 (dwords)\n\tlattimer=0x00 (0 ns), mingnt=0x00 (0 ns), maxlat=0x00 (0 ns)\n\tintpin=c, irq=11\n\tmap[20]: type 4, range 32, base 00001860, size  5, enabled\npcib0: matched entry for 0.29.INTC\npcib0: slot 29 INTC hardwired to IRQ 18\nfound-\u003e\tvendor=0x8086, dev=0x27cb, revid=0x02\n\tbus=0, slot=29, func=3\n\tclass=0c-03-00, hdrtype=0x00, mfdev=0\n\tcmdreg=0x0005, statreg=0x0280, cachelnsz=0 (dwords)\n\tlattimer=0x00 (0 ns), mingnt=0x00 (0 ns), maxlat=0x00 (0 ns)\n\tintpin=d, irq=11\n\tmap[20]: type 4, range 32, base 00001880, size  5, enabled\npcib0: matched entry for 0.29.INTD\npcib0: slot 29 INTD hardwired to IRQ 19\nfound-\u003e\tvendor=0x8086, dev=0x27cc, revid=0x02\n\tbus=0, slot=29, func=7\n\tclass=0c-03-20, hdrtype=0x00, mfdev=0\n\tcmdreg=0x0106, statreg=0x0290, cachelnsz=0 (dwords)\n\tlattimer=0x00 (0 ns), mingnt=0x00 (0 ns), maxlat=0x00 (0 ns)\n\tintpin=d, irq=11\n\tpowerspec 2  supports D0 D3  current D0\n\tmap[10]: type 1, range 32, base ee444000, size 10, enabled\npcib0: matched entry for 0.29.INTD\npcib0: slot 29 INTD hardwired to IRQ 19\nfound-\u003e\tvendor=0x8086, dev=0x2448, revid=0xe2\n\tbus=0, slot=30, func=0\n\tclass=06-04-01, hdrtype=0x01, mfdev=0\n\tcmdreg=0x0005, statreg=0x0010, cachelnsz=0 (dwords)\n\tlattimer=0x00 (0 ns), mingnt=0x00 (0 ns), maxlat=0x00 (0 ns)\nfound-\u003e\tvendor=0x8086, dev=0x27b9, revid=0x02\n\tbus=0, slot=31, func=0\n\tclass=06-01-00, hdrtype=0x00, mfdev=1\n\tcmdreg=0x0007, statreg=0x0210, cachelnsz=0 (dwords)\n\tlattimer=0x00 (0 ns), mingnt=0x00 (0 ns), maxlat=0x00 (0 ns)\nfound-\u003e\tvendor=0x8086, dev=0x27df, revid=0x02\n\tbus=0, slot=31, func=1\n\tclass=01-01-8a, hdrtype=0x00, mfdev=0\n\tcmdreg=0x0005, statreg=0x0280, cachelnsz=0 (dwords)\n\tlattimer=0x00 (0 ns), mingnt=0x00 (0 ns), maxlat=0x00 (0 ns)\n\tintpin=c, irq=255\n\tmap[20]: type 4, range 32, base 00001810, size  4, enabled\nfound-\u003e\tvendor=0x8086, dev=0x27c5, revid=0x02\n\tbus=0, slot=31, func=2\n\tclass=01-06-01, hdrtype=0x00, mfdev=0\n\tcmdreg=0x0007, statreg=0x02b0, cachelnsz=0 (dwords)\n\tlattimer=0x00 (0 ns), mingnt=0x00 (0 ns), maxlat=0x00 (0 ns)\n\tintpin=b, irq=11\n\tpowerspec 2  supports D0 D3  current D0\n\tMSI supports 1 message\n\tmap[10]: type 4, range 32, base 000018d0, size  3, enabled\n\tmap[14]: type 4, range 32, base 000018c4, size  2, enabled\n\tmap[18]: type 4, range 32, base 000018c8, size  3, enabled\n\tmap[1c]: type 4, range 32, base 000018c0, size  2, enabled\n\tmap[20]: type 4, range 32, base 000018b0, size  4, enabled\n\tmap[24]: type 1, range 32, base ee444400, size 10, enabled\npcib0: matched entry for 0.31.INTB\npcib0: slot 31 INTB hardwired to IRQ 16\nfound-\u003e\tvendor=0x8086, dev=0x27da, revid=0x02\n\tbus=0, slot=31, func=3\n\tclass=0c-05-00, hdrtype=0x00, mfdev=0\n\tcmdreg=0x0101, statreg=0x0280, cachelnsz=0 (dwords)\n\tlattimer=0x00 (0 ns), mingnt=0x00 (0 ns), maxlat=0x00 (0 ns)\n\tintpin=a, irq=11\n\tmap[20]: type 4, range 32, base 000018e0, size  5, enabled\npcib0: matched entry for 0.31.INTA\npcib0: slot 31 INTA hardwired to IRQ 23\npci0: \u003cdisplay, VGA\u003e at device 2.0 (no driver attached)\npci0: \u003cdisplay\u003e at device 2.1 (no driver attached)\npci0: \u003cmultimedia\u003e at device 27.0 (no driver attached)\npcib1: \u003cACPI PCI-PCI bridge\u003e irq 20 at device 28.0 on pci0\npcib1:   secondary bus     2\npcib1:   subordinate bus   2\npcib1:   I/O decode        0x2000-0x2fff\npcib1:   memory decode     0xee000000-0xee0fffff\npcib1:   prefetched decode 0xfff00000-0xfffff\npci2: \u003cACPI PCI bus\u003e on pcib1\npci2: physical bus=2\nfound-\u003e\tvendor=0x8086, dev=0x109a, revid=0x00\n\tbus=2, slot=0, func=0\n\tclass=02-00-00, hdrtype=0x00, mfdev=0\n\tcmdreg=0x0107, statreg=0x0010, cachelnsz=16 (dwords)\n\tlattimer=0x00 (0 ns), mingnt=0x00 (0 ns), maxlat=0x00 (0 ns)\n\tintpin=a, irq=11\n\tpowerspec 2  supports D0 D3  current D0\n\tMSI supports 1 message, 64 bit\n\tmap[10]: type 1, range 32, base ee000000, size 17, enabled\npcib1: (null) requested memory range 0xee000000-0xee01ffff: good\n\tmap[18]: type 4, range 32, base 00002000, size  5, enabled\npcib1: (null) requested I/O range 0x2000-0x201f: in range\npcib1: matched entry for 2.0.INTA\npcib1: slot 0 INTA hardwired to IRQ 16\nem0: \u003cIntel(R) PRO/1000 Network Connection Version - 6.2.9\u003e port 0x2000-0x201f mem 0xee000000-0xee01ffff irq 16 at device 0.0 on pci2\nem0: Reserved 0x20000 bytes for rid 0x10 type 3 at 0xee000000\nem0: Reserved 0x20 bytes for rid 0x18 type 4 at 0x2000\nem0: The EEPROM Checksum Is Not Valid\nem0: Unable to initialize the hardware\ndevice_attach: em0 attach returned 5\npcib2: \u003cACPI PCI-PCI bridge\u003e irq 21 at device 28.1 on pci0\npcib2:   secondary bus     3\npcib2:   subordinate bus   3\npcib2:   I/O decode        0x3000-0x4fff\npcib2:   memory decode     0xec000000-0xedffffff\npcib2:   prefetched decode 0xe4000000-0xe40fffff\npci3: \u003cACPI PCI bus\u003e on pcib2\npci3: physical bus=3\nfound-\u003e\tvendor=0x168c, dev=0x0024, revid=0x01\n\tbus=3, slot=0, func=0\n\tclass=02-80-00, hdrtype=0x00, mfdev=0\n\tcmdreg=0x0107, statreg=0x0010, cachelnsz=16 (dwords)\n\tlattimer=0x00 (0 ns), mingnt=0x00 (0 ns), maxlat=0x00 (0 ns)\n\tintpin=a, irq=11\n\tpowerspec 2  supports D0 D1 D3  current D0\n\tMSI supports 1 message\n\tmap[10]: type 1, range 64, base edf00000, size 16, enabled\npcib2: (null) requested memory range 0xedf00000-0xedf0ffff: good\npcib2: matched entry for 3.0.INTA\npcib2: slot 0 INTA hardwired to IRQ 17\npci3: \u003cnetwork\u003e at device 0.0 (no driver attached)\npcib3: \u003cACPI PCI-PCI bridge\u003e irq 22 at device 28.2 on pci0\npcib3:   secondary bus     4\npcib3:   subordinate bus   11\npcib3:   I/O decode        0x5000-0x6fff\npcib3:   memory decode     0xe8000000-0xe9ffffff\npcib3:   prefetched decode 0xe4100000-0xe41fffff\npci4: \u003cACPI PCI bus\u003e on pcib3\npci4: physical bus=4\npcib4: \u003cACPI PCI-PCI bridge\u003e irq 23 at device 28.3 on pci0\npcib4:   secondary bus     12\npcib4:   subordinate bus   19\npcib4:   I/O decode        0x7000-0x8fff\npcib4:   memory decode     0xea000000-0xebffffff\npcib4:   prefetched decode 0xe4200000-0xe42fffff\npci12: \u003cACPI PCI bus\u003e on pcib4\npci12: physical bus=12\nuhci0: \u003cUHCI (generic) USB controller\u003e port 0x1820-0x183f irq 16 at device 29.0 on pci0\nuhci0: Reserved 0x20 bytes for rid 0x20 type 4 at 0x1820\nioapic0: routing intpin 16 (PCI IRQ 16) to vector 49\nuhci0: [GIANT-LOCKED]\nusb0: \u003cUHCI (generic) USB controller\u003e on uhci0\nusb0: USB revision 1.0\nuhub0: Intel UHCI root hub, class 9/0, rev 1.00/1.00, addr 1\nuhub0: 2 ports with 2 removable, self powered\nuhci1: \u003cUHCI (generic) USB controller\u003e port 0x1840-0x185f irq 17 at device 29.1 on pci0\nuhci1: Reserved 0x20 bytes for rid 0x20 type 4 at 0x1840\nioapic0: routing intpin 17 (PCI IRQ 17) to vector 50\nuhci1: [GIANT-LOCKED]\nusb1: \u003cUHCI (generic) USB controller\u003e on uhci1\nusb1: USB revision 1.0\nuhub1: Intel UHCI root hub, class 9/0, rev 1.00/1.00, addr 1\nuhub1: 2 ports with 2 removable, self powered\nuhci2: \u003cUHCI (generic) USB controller\u003e port 0x1860-0x187f irq 18 at device 29.2 on pci0\nuhci2: Reserved 0x20 bytes for rid 0x20 type 4 at 0x1860\nioapic0: routing intpin 18 (PCI IRQ 18) to vector 51\nuhci2: [GIANT-LOCKED]\nusb2: \u003cUHCI (generic) USB controller\u003e on uhci2\nusb2: USB revision 1.0\nuhub2: Intel UHCI root hub, class 9/0, rev 1.00/1.00, addr 1\nuhub2: 2 ports with 2 removable, self powered\nuhci3: \u003cUHCI (generic) USB controller\u003e port 0x1880-0x189f irq 19 at device 29.3 on pci0\nuhci3: Reserved 0x20 bytes for rid 0x20 type 4 at 0x1880\nioapic0: routing intpin 19 (PCI IRQ 19) to vector 52\nuhci3: [GIANT-LOCKED]\nusb3: \u003cUHCI (generic) USB controller\u003e on uhci3\nusb3: USB revision 1.0\nuhub3: Intel UHCI root hub, class 9/0, rev 1.00/1.00, addr 1\nuhub3: 2 ports with 2 removable, self powered\nehci0: \u003cIntel 82801GB/R (ICH7) USB 2.0 controller\u003e mem 0xee444000-0xee4443ff irq 19 at device 29.7 on pci0\nehci0: Reserved 0x400 bytes for rid 0x10 type 3 at 0xee444000\nehci0: [GIANT-LOCKED]\nusb4: EHCI version 1.0\nusb4: companion controllers, 2 ports each: usb0 usb1 usb2 usb3\nusb4: \u003cIntel 82801GB/R (ICH7) USB 2.0 controller\u003e on ehci0\nusb4: USB revision 2.0\nuhub4: Intel EHCI root hub, class 9/0, rev 2.00/1.00, addr 1\nuhub4: 8 ports with 8 removable, self powered\nuhub5: vendor 0x17ef product 0x1000, class 9/0, rev 2.00/0.01, addr 2\nuhub5: multiple transaction translators\nuhub5: 4 ports with 4 removable, self powered\npcib5: \u003cACPI PCI-PCI bridge\u003e at device 30.0 on pci0\npcib5:   secondary bus     21\npcib5:   subordinate bus   24\npcib5:   I/O decode        0x9000-0xcfff\npcib5:   memory decode     0x0-0x0\npcib5:   prefetched decode 0x0-0x0\npcib5:   Subtractively decoded bridge.\npci21: \u003cACPI PCI bus\u003e on pcib5\npci21: physical bus=21\nfound-\u003e\tvendor=0x1180, dev=0x0476, revid=0xb4\n\tbus=21, slot=0, func=0\n\tclass=06-07-00, hdrtype=0x02, mfdev=1\n\tcmdreg=0x0007, statreg=0x0210, cachelnsz=0 (dwords)\n\tlattimer=0x00 (0 ns), mingnt=0x80 (32000 ns), maxlat=0x07 (1750 ns)\n\tintpin=a, irq=11\n\tpowerspec 2  supports D0 D1 D2 D3  current D0\n\tmap[10]: type 1, range 32, base e4300000, size 12, enabled\npcib5: (null) requested memory range 0xe4300000-0xe4300fff: good\npcib5: matched entry for 21.0.INTA\npcib5: slot 0 INTA hardwired to IRQ 16\nfound-\u003e\tvendor=0x1180, dev=0x0552, revid=0x09\n\tbus=21, slot=0, func=1\n\tclass=0c-00-10, hdrtype=0x00, mfdev=1\n\tcmdreg=0x0006, statreg=0x0210, cachelnsz=0 (dwords)\n\tlattimer=0x00 (0 ns), mingnt=0x02 (500 ns), maxlat=0x04 (1000 ns)\n\tintpin=b, irq=11\n\tpowerspec 2  supports D0 D3  current D0\n\tmap[10]: type 1, range 32, base e4301000, size 11, enabled\npcib5: (null) requested memory range 0xe4301000-0xe43017ff: good\npcib5: matched entry for 21.0.INTB\npcib5: slot 0 INTB hardwired to IRQ 17\nfound-\u003e\tvendor=0x1180, dev=0x0822, revid=0x18\n\tbus=21, slot=0, func=2\n\tclass=08-05-00, hdrtype=0x00, mfdev=1\n\tcmdreg=0x0006, statreg=0x0210, cachelnsz=0 (dwords)\n\tlattimer=0x00 (0 ns), mingnt=0x00 (0 ns), maxlat=0x00 (0 ns)\n\tintpin=c, irq=11\n\tpowerspec 2  supports D0 D1 D2 D3  current D0\n\tmap[10]: type 1, range 32, base e4301800, size  8, enabled\npcib5: (null) requested memory range 0xe4301800-0xe43018ff: good\npcib5: matched entry for 21.0.INTC\npcib5: slot 0 INTC hardwired to IRQ 18\ncbb0: \u003cRF5C476 PCI-CardBus Bridge\u003e mem 0xe4300000-0xe4300fff irq 16 at device 0.0 on pci21\ncbb0: Reserved 0x1000 bytes for rid 0x10 type 3 at 0xe4300000\ncardbus0: \u003cCardBus bus\u003e on cbb0\npccard0: \u003c16-bit PCCard bus\u003e on cbb0\ncbb0: [MPSAFE]\ncbb0: PCI Configuration space:\n  0x00: 0x04761180 0x02100007 0x060700b4 0x00822000 \n  0x10: 0xe4300000 0x020000dc 0xb0181615 0xfffff000 \n  0x20: 0x00000000 0xfffff000 0x00000000 0xfffffffc \n  0x30: 0x00000000 0xfffffffc 0x00000000 0x07000110 \n  0x40: 0x201c17aa 0x00000001 0x00000000 0x00000000 \n  0x50: 0x00000000 0x00000000 0x00000000 0x00000000 \n  0x60: 0x00000000 0x00000000 0x00000000 0x00000000 \n  0x70: 0x00000000 0x00000000 0x00000000 0x00000000 \n  0x80: 0x04a00001 0x00000000 0x04630463 0x00000000 \n  0x90: 0x00000000 0x00000000 0x00000000 0x00000000 \n  0xa0: 0x00000000 0x00000000 0x00f00000 0x00000000 \n  0xb0: 0x00000000 0xb2000000 0x00003000 0x00000000 \n  0xc0: 0x201c17aa 0x00000000 0x00000000 0x00000000 \n  0xd0: 0x00000000 0x00000000 0x00000000 0xfe0a0001 \n  0xe0: 0x24c04000 0x00000000 0x00000000 0x00000000 \n  0xf0: 0x00000000 0x00000000 0x00000000 0x00000000 \nfwohci0: \u003cRicoh R5C552\u003e mem 0xe4301000-0xe43017ff irq 17 at device 0.1 on pci21\nfwohci0: Reserved 0x800 bytes for rid 0x10 type 3 at 0xe4301000\nfwohci0: [MPSAFE]\nfwohci0: OHCI version 1.0 (ROM=0)\nfwohci0: No. of Isochronous channels is 4.\nfwohci0: EUI64 00:0a:e4:06:00:43:20:92\nfwohci0: Phy 1394a available S400, 2 ports.\nfwohci0: Link S400, max_rec 2048 bytes.\nfirewire0: \u003cIEEE1394(FireWire) bus\u003e on fwohci0\nfwe0: \u003cEthernet over FireWire\u003e on firewire0\nif_fwe0: Fake Ethernet address: 02:0a:e4:43:20:92\nfwe0: bpf attached\nfwe0: Ethernet address: 02:0a:e4:43:20:92\nfwe0: if_start running deferred for Giant\nsbp0: \u003cSBP-2/SCSI over FireWire\u003e on firewire0\nfwohci0: Initiate bus reset\nfwohci0: node_id=0xc800ffc0, gen=1, CYCLEMASTER mode\nfirewire0: 1 nodes, maxhop \u003c= 0, cable IRM = 0 (me)\nfirewire0: bus manager 0 (me)\npci21: \u003cbase peripheral\u003e at device 0.2 (no driver attached)\nisab0: \u003cPCI-ISA bridge\u003e at device 31.0 on pci0\nisa0: \u003cISA bus\u003e on isab0\natapci0: \u003cIntel ICH7 UDMA100 controller\u003e port 0x1f0-0x1f7,0x3f6,0x170-0x177,0x376,0x1810-0x181f at device 31.1 on pci0\natapci0: Reserved 0x10 bytes for rid 0x20 type 4 at 0x1810\nata0: \u003cATA channel 0\u003e on atapci0\natapci0: Reserved 0x8 bytes for rid 0x10 type 4 at 0x1f0\natapci0: Reserved 0x1 bytes for rid 0x14 type 4 at 0x3f6\nata0: reset tp1 mask=03 ostat0=50 ostat1=00\nata0: stat0=0x00 err=0x01 lsb=0x14 msb=0xeb\nata0: stat1=0x00 err=0x00 lsb=0x00 msb=0x00\nata0: reset tp2 stat0=00 stat1=00 devices=0x4\u003cATAPI_MASTER\u003e\nioapic0: routing intpin 14 (ISA IRQ 14) to vector 53\nata0: [MPSAFE]\nata1: \u003cATA channel 1\u003e on atapci0\natapci0: Reserved 0x8 bytes for rid 0x18 type 4 at 0x170\natapci0: Reserved 0x1 bytes for rid 0x1c type 4 at 0x376\nata1: reset tp1 mask=00 ostat0=ff ostat1=ff\nioapic0: routing intpin 15 (ISA IRQ 15) to vector 54\nata1: [MPSAFE]\natapci1: \u003cIntel ICH7M SATA300 controller\u003e port 0x18d0-0x18d7,0x18c4-0x18c7,0x18c8-0x18cf,0x18c0-0x18c3,0x18b0-0x18bf mem 0xee444400-0xee4447ff irq 16 at device 31.2 on pci0\natapci1: Reserved 0x10 bytes for rid 0x20 type 4 at 0x18b0\natapci1: [MPSAFE]\natapci1: Reserved 0x400 bytes for rid 0x24 type 3 at 0xee444400\natapci1: AHCI Version 01.10 controller with 4 ports detected\nata2: \u003cATA channel 0\u003e on atapci1\nata2: SATA connect ready time=0ms\nata2: sata_connect devices=0x1\u003cATA_MASTER\u003e\nata2: [MPSAFE]\nata3: \u003cATA channel 1\u003e on atapci1\nata3: SATA connect status=00000000\nata3: [MPSAFE]\nata4: \u003cATA channel 2\u003e on atapci1\nata4: SATA connect status=00000000\nata4: [MPSAFE]\nata5: \u003cATA channel 3\u003e on atapci1\nata5: SATA connect status=00000000\nata5: [MPSAFE]\npci0: \u003cserial bus, SMBus\u003e at device 31.3 (no driver attached)\nacpi_tz0: \u003cThermal Zone\u003e on acpi0\nacpi_tz1: \u003cThermal Zone\u003e on acpi0\natkbdc0: \u003cKeyboard controller (i8042)\u003e port 0x60,0x64 irq 1 on acpi0\natkbd0: \u003cAT Keyboard\u003e irq 1 on atkbdc0\natkbd: the current kbd controller command byte 0047\natkbd: keyboard ID 0x54ab (2)\nkbdc: RESET_KBD return code:00fa\nkbdc: RESET_KBD status:00aa\nkbd0 at atkbd0\nkbd0: atkbd0, AT 101/102 (2), config:0x0, flags:0x3d0000\nioapic0: routing intpin 1 (ISA IRQ 1) to vector 55\natkbd0: [GIANT-LOCKED]\npsm0: unable to allocate IRQ\npsmcpnp0: \u003cPS/2 mouse port\u003e irq 12 on acpi0\npsm0: current command byte:0047\nkbdc: TEST_AUX_PORT status:0000\nkbdc: RESET_AUX return code:00fa\nkbdc: RESET_AUX status:00aa\nkbdc: RESET_AUX ID:0000\nkbdc: RESET_AUX return code:00fa\nkbdc: RESET_AUX status:00aa\nkbdc: RESET_AUX ID:0000\npsm: status 00 02 64\npsm: status 00 00 64\npsm: status 00 03 64\npsm: status 00 03 64\npsm: data 08 00 00\npsm: status 10 00 64\npsm: status 00 02 64\npsm: status 00 02 64\npsm0: \u003cPS/2 Mouse\u003e irq 12 on atkbdc0\nioapic0: routing intpin 12 (ISA IRQ 12) to vector 56\npsm0: [GIANT-LOCKED]\npsm0: model Generic PS/2 mouse, device ID 0-00, 2 buttons\npsm0: config:00000000, flags:00000008, packet size:3\npsm0: syncmask:c0, syncbits:00\nsio0: irq maps: 0x4a01 0x4a11 0x4a01 0x4a01\nsio0: \u003c16550A-compatible COM port\u003e port 0x3f8-0x3ff irq 4 flags 0x10 on acpi0\nsio0: type 16550A, console\nioapic0: routing intpin 4 (ISA IRQ 4) to vector 57\nppc0: using extended I/O port range\nppc0: SPP\nppc0: \u003cStandard parallel printer port\u003e port 0x3bc-0x3be irq 7 on acpi0\nppc0: Generic chipset (NIBBLE-only) in COMPATIBLE mode\nppbus0: \u003cParallel port bus\u003e on ppc0\nplip0: \u003cPLIP network interface\u003e on ppbus0\nplip0: bpf attached\nlpt0: \u003cPrinter\u003e on ppbus0\nlpt0: Interrupt-driven port\nppi0: \u003cParallel I/O\u003e on ppbus0\nioapic0: routing intpin 7 (ISA IRQ 7) to vector 58\nsio1: configured irq 3 not in bitmap of probed irqs 0\nsio1: port may not be enabled\nsio1: irq maps: 0x4a01 0x4a01 0x4a01 0x4a01\nsio1: probe failed test(s): 0 1 2 4 6 7 9\nbattery0: \u003cACPI Control Method Battery\u003e on acpi0\nacpi_acad0: \u003cAC Adapter\u003e on acpi0\nsio1: configured irq 3 not in bitmap of probed irqs 0\nsio1: port may not be enabled\nsio1: irq maps: 0x4a01 0x4a01 0x4a01 0x4a01\nsio1: probe failed test(s): 0 1 2 4 6 7 9\nunknown: status reg test failed ff\nunknown: status reg test failed ff\nunknown: status reg test failed ff\nunknown: status reg test failed ff\nunknown: status reg test failed ff\nunknown: status reg test failed ff\nex_isa_identify()\nata: ata0 already exists; skipping it\nata: ata1 already exists; skipping it\natkbdc: atkbdc0 already exists; skipping it\nppc: ppc0 already exists; skipping it\nsio: sio0 already exists; skipping it\npnp_identify: Trying Read_Port at 203\npnp_identify: Trying Read_Port at 243\npnp_identify: Trying Read_Port at 283\npnp_identify: Trying Read_Port at 2c3\npnp_identify: Trying Read_Port at 303\npnp_identify: Trying Read_Port at 343\npnp_identify: Trying Read_Port at 383\npnp_identify: Trying Read_Port at 3c3\nPNP Identify complete\nsc: sc0 already exists; skipping it\nvga: vga0 already exists; skipping it\nisa_probe_children: disabling PnP devices\nisa_probe_children: probing non-PnP devices\npmtimer0 on isa0\norm0: \u003cISA Option ROMs\u003e at iomem 0xcf000-0xcffff,0xd0000-0xd0fff,0xdc000-0xdffff,0xe0000-0xeffff on isa0\nadv0: not probed (disabled)\naha0: not probed (disabled)\naic0: not probed (disabled)\nbt0: not probed (disabled)\ncs0: not probed (disabled)\ned0: not probed (disabled)\nfdc0 failed to probe at port 0x3f0-0x3f5,0x3f7 irq 6 drq 2 on isa0\nfe0: not probed (disabled)\nie0: not probed (disabled)\nlnc0: not probed (disabled)\nsc0: \u003cSystem console\u003e at flags 0x100 on isa0\nsc0: VGA \u003c16 virtual consoles, flags=0x300\u003e\nsc0: fb0, kbd1, terminal emulator: sc (syscons terminal)\nsio1: configured irq 3 not in bitmap of probed irqs 0\nsio1: port may not be enabled\nsio1: irq maps: 0x4a01 0x4a01 0x4a01 0x4a01\nsio1: probe failed test(s): 0 1 2 4 6 7 9\nsio1 failed to probe at port 0x2f8-0x2ff irq 3 on isa0\nsio2: not probed (disabled)\nsio3: not probed (disabled)\nsn0: not probed (disabled)\nvga0: \u003cGeneric ISA VGA\u003e at port 0x3c0-0x3df iomem 0xa0000-0xbffff on isa0\nvt0: not probed (disabled)\nisa_probe_children: probing PnP devices\nugen0: STMicroelectronics Biometric Coprocessor, rev 1.00/0.01, addr 2\nDevice configuration finished.\nReducing kern.maxvnodes 133787 -\u003e 100000\nprocfs registered\nlapic: Divisor 2, Frequency 83125215 hz\nTimecounter \"TSC\" frequency 1995016368 Hz quality -100\nTimecounters tick every 1.000 msec\nlo0: bpf attached\nrr232x: no controller detected.\nbattery0: battacpi_acad0: acline iery initializanitialtion start\nization start\nbattery0: bacpi_acad0: On Lineattery initializatio\nacpi_acad0: acline n done, tried 1 timeinitialization done,s\n tried 1 times\nata0-master: pio=PIO4 wdma=WDMA2 udma=UDMA33 cable=40 wire\nacd0: setting PIO4 on ICH7 chip\nacd0: setting UDMA33 on ICH7 chip\nacd0: \u003cHL-DT-STDVD-ROM GDR8083N/0K03\u003e DVDROM drive at ata0 as master\nacd0: read 1722KB/s (4134KB/s), 256KB buffer, UDMA33\nacd0: Reads: CDR, CDRW, CDDA stream, DVDROM, DVDR, DVDRAM, packet\nacd0: Writes:\nacd0: Audio: play, 256 volume levels\nacd0: Mechanism: ejectable tray, unlocked\nacd0: Medium: no/blank disc\nata2-master: pio=PIO4 wdma=WDMA2 udma=UDMA100 cable=40 wire\nad4: 114473MB \u003cFUJITSU MHV2120BH PL 00840029\u003e at ata2-master SATA150\nad4: 234441648 sectors [232581C/16H/63S] 16 sectors/interrupt 1 depth queue\nGEOM: new disk ad4\nad4: Intel check1 failed\nad4: Adaptec check1 failed\nad4: LSI (v3) check1 failed\nad4: LSI (v2) check1 failed\nad4: FreeBSD check1 failed\n(probe0:sbp0:0:0:0): error 22\n(probe0:sbp0:0:0:0): Unretryable Error\n(probe1:sbp0:0:1:0): error 22\n(probe1:sbp0:0:1:0): Unretryable Error\n(probe2:sbp0:0:2:0): error 22\n(probe2:sbp0:0:2:0): Unretryable Error\n(probe6:sbp0:0:6:0): error 22\n(probe6:sbp0:0:6:0): Unretryable Error\n(probe3:sbp0:0:3:0): error 22\n(probe3:sbp0:0:3:0): Unretryable Error\n(probe4:sbp0:0:4:0): error 22\n(probe4:sbp0:0:4:0): Unretryable Error\n(probe5:sbp0:0:5:0): error 22\n(probe5:sbp0:0:5:0): Unretryable Error\nATA PseudoRAID loaded\nSMP: AP CPU #1 Launched!\ncpu1 AP:\n     ID: 0x01000000   VER: 0x00050014 LDR: 0x00000000 DFR: 0xffffffff\n  lint0: 0x00010700 lint1: 0x00000400 TPR: 0x00000000 SVR: 0x000001ff\n  timer: 0x000200ef therm: 0x00010200 err: 0x00010000 pcm: 0x00010000\nINTR: Assigning IRQ 1 to local APIC 0\nioapic0: Assigning ISA IRQ 1 to local APIC 0\nINTR: Assigning IRQ 4 to local APIC 1\nioapic0: Assigning ISA IRQ 4 to local APIC 1\nINTR: Assigning IRQ 7 to local APIC 0\nioapic0: Assigning ISA IRQ 7 to local APIC 0\nINTR: Assigning IRQ 9 to local APIC 1\nioapic0: Assigning ISA IRQ 9 to local APIC 1\nINTR: Assigning IRQ 12 to local APIC 0\nioapic0: Assigning ISA IRQ 12 to local APIC 0\nINTR: Assigning IRQ 14 to local APIC 1\nioapic0: Assigning ISA IRQ 14 to local APIC 1\nINTR: Assigning IRQ 15 to local APIC 0\nioapic0: Assigning ISA IRQ 15 to local APIC 0\nINTR: Assigning IRQ 16 to local APIC 1\nioapic0: Assigning PCI IRQ 16 to local APIC 1\nINTR: Assigning IRQ 17 to local APIC 0\nioapic0: Assigning PCI IRQ 17 to local APIC 0\nINTR: Assigning IRQ 18 to local APIC 1\nioapic0: Assigning PCI IRQ 18 to local APIC 1\nINTR: Assigning IRQ 19 to local APIC 0\nioapic0: Assigning PCI IRQ 19 to local APIC 0\nTrying to mount root from ufs:/dev/ad4s4a\nstart_init: trying /sbin/init\nLoading configuration files.\nEntropy harvesting: interrupts ethernet point_to_point kickstart.\nswapon: adding /dev/ad4s4b as swap device\nStarting file system checks:\n/dev/ad4s4a: FILE SYSTEM CLEAN; SKIPPING CHECKS\n/dev/ad4s4a: clean, 476571 free (3075 frags, 59187 blocks, 0.6% fragmentation)\n/dev/ad4s4e: FILE SYSTEM CLEAN; SKIPPING CHECKS\n/dev/ad4s4e: clean, 20314742 free (31662 frags, 2535385 blocks, 0.2% fragmentation)\n/dev/ad4s4d: FILE SYSTEM CLEAN; SKIPPING CHECKS\n/dev/ad4s4d: clean, 505438 free (254 frags, 63148 blocks, 0.1% fragmentation)\nMounting local file systems:.\n\nSetting hostname: .\nnet.inet6.ip6.auto_linklocal: 1 -\u003e 0\nlo0: flags=8049\u003cUP,LOOPBACK,RUNNING,MULTICAST\u003e mtu 16384\n\tinet6 ::1 prefixlen 128 \n\tinet 127.0.0.1 netmask 0xff000000 \nAdditional routing options:.\nStarting devd.\nhw.acpi.cpu.cx_lowest: C1 -\u003e C1\nMounting NFS file systems:.\nELF ldconfig path: /lib /usr/lib /usr/lib/compat /usr/X11R6/lib /usr/local/lib\na.out ldconfig path: /usr/lib/aout /usr/lib/compat/aout\nCreating and/or trimming log files:.\nStarting syslogd.\nInitial i386 initialization:.\nAdditional ABI support:.\nStarting usbd.\nStarting local daemons:.\nUpdating motd.\nMounting late file systems:.\nConfiguring syscons: keymap blanktime.\nStarting cron.\nLocal package initialization:.\nAdditional TCP options:.\nStarting default moused:.\nStarting background file system checks in 60 seconds.\n\nFix: \n\nnone\nHow-To-Repeat: Install 6.2 RC-1 on thinkpad X60"
}