{
 "id": 726348,
 "bug_id": 181148,
 "attachment_id": 0,
 "creation_time": "2013-08-08T18:45:37Z",
 "creator": "harrison@biostat.wisc.edu",
 "text": "Here is my dmesg.boot:\n\nTable 'FACP' at 0xbe7fbf58\nTable 'APIC' at 0xbe7fc050\nAPIC: Found table at 0xbe7fc050\nAPIC: Using the MADT enumerator.\nMADT: Found CPU APIC ID 0 ACPI ID 1: enabled\nSMP: Added CPU 0 (AP)\nMADT: Found CPU APIC ID 2 ACPI ID 2: enabled\nSMP: Added CPU 2 (AP)\nMADT: Found CPU APIC ID 4 ACPI ID 3: enabled\nSMP: Added CPU 4 (AP)\nMADT: Found CPU APIC ID 6 ACPI ID 4: enabled\nSMP: Added CPU 6 (AP)\nCopyright (c) 1992-2013 The FreeBSD Project.\nCopyright (c) 1979, 1980, 1983, 1986, 1988, 1989, 1991, 1992, 1993, 1994\n         The Regents of the University of California. All rights reserved.\nFreeBSD is a registered trademark of The FreeBSD Foundation.\nFreeBSD 9.2-RC1 #0 r253912: Sat Aug  3 17:18:48 UTC 2013\n     root@bake.isc.freebsd.org:/usr/obj/usr/src/sys/GENERIC amd64\ngcc version 4.2.1 20070831 patched [FreeBSD]\nPreloaded elf kernel \"/boot/kernel/kernel\" at 0xffffffff81a65000.\nPreloaded elf obj module \"/boot/kernel/zfs.ko\" at 0xffffffff81a652f0.\nPreloaded elf obj module \"/boot/kernel/opensolaris.ko\" at \n0xffffffff81a659d8.\nPreloaded elf obj module \"/boot/kernel/coretemp.ko\" at 0xffffffff81a66048.\nPreloaded /boot/zfs/zpool.cache \"/boot/zfs/zpool.cache\" at \n0xffffffff81a665b8.\nPreloaded elf obj module \"/boot/kernel/ipmi.ko\" at 0xffffffff81a66618.\nPreloaded elf obj module \"/boot/kernel/smbus.ko\" at 0xffffffff81a66c80.\nPreloaded elf obj module \"/boot/kernel/smbfs.ko\" at 0xffffffff81a67168.\nPreloaded elf obj module \"/boot/kernel/libiconv.ko\" at 0xffffffff81a67850.\nPreloaded elf obj module \"/boot/kernel/libmchain.ko\" at 0xffffffff81a67f40.\nCalibrating TSC clock ... TSC clock: 3093046596 Hz\nCPU: Intel(R) Xeon(R) CPU E31220 @ 3.10GHz (3093.05-MHz K8-class CPU)\n   Origin = \"GenuineIntel\"  Id = 0x206a7  Family = 0x6  Model = 0x2a  \nStepping = 7\n   \nFeatures=0xbfebfbff\u003cFPU,VME,DE,PSE,TSC,MSR,PAE,MCE,CX8,APIC,SEP,MTRR,PGE,MCA,CMOV,PAT,PSE36,CLFLUSH,DTS,ACPI,MMX,FXSR,SSE,SSE2,SS,HTT,TM,PBE\u003e\n   \nFeatures2=0x1fbae3ff\u003cSSE3,PCLMULQDQ,DTES64,MON,DS_CPL,VMX,SMX,EST,TM2,SSSE3,CX16,xTPR,PDCM,PCID,SSE4.1,SSE4.2,x2APIC,POPCNT,TSCDLT,AESNI,XSAVE,OSXSAVE,AVX\u003e\n   AMD Features=0x28100800\u003cSYSCALL,NX,RDTSCP,LM\u003e\n   AMD Features2=0x1\u003cLAHF\u003e\n   TSC: P-state invariant, performance statistics\nreal memory  = 8589934592 (8192 MB)\nPhysical memory chunk(s):\n0x0000000000010000 - 0x0000000000094fff, 544768 bytes (133 pages)\n0x0000000000100000 - 0x00000000001fffff, 1048576 bytes (256 pages)\n0x0000000001a9c000 - 0x00000000be7acfff, 3167817728 bytes (773393 pages)\n0x00000000bf4b1000 - 0x00000000bf4b2fff, 8192 bytes (2 pages)\n0x00000000bf57a000 - 0x00000000bf7fffff, 2646016 bytes (646 pages)\n0x0000000100000000 - 0x000000022f11ffff, 5084676096 bytes (1241376 pages)\navail memory = 8208453632 (7828 MB)\nINTR: Adding local APIC 0 as a target\nEvent timer \"LAPIC\" quality 600\nACPI APIC Table: \u003cSUPERM SMCI--MB\u003e\nINTR: Adding local APIC 0 as a target\nINTR: Adding local APIC 2 as a target\nINTR: Adding local APIC 4 as a target\nINTR: Adding local APIC 6 as a target\nFreeBSD/SMP: Multiprocessor System Detected: 4 CPUs\nFreeBSD/SMP: 1 package(s) x 4 core(s)\n  cpu0 (BSP): APIC ID:  0\n  cpu1 (AP): APIC ID:  2\n  cpu2 (AP): APIC ID:  4\n  cpu3 (AP): APIC ID:  6\nx86bios:  IVT 0x000000-0x0004ff at 0xfffffe0000000000\nx86bios: SSEG 0x094000-0x094fff at 0xffffff8000250000\nx86bios: EBDA 0x098000-0x09ffff at 0xfffffe0000098000\nx86bios:  ROM 0x0a0000-0x0fefff at 0xfffffe00000a0000\nlapic0: CMCI unmasked\nAPIC: CPU 0 has ACPI ID 1\nAPIC: CPU 1 has ACPI ID 2\nAPIC: CPU 2 has ACPI ID 3\nAPIC: CPU 3 has ACPI ID 4\nULE: setup cpu 0\nULE: setup cpu 1\nULE: setup cpu 2\nULE: setup cpu 3\nACPI: RSDP 0xf0450 00024 (v02 SUPERM)\nACPI: XSDT 0xbe7f5080 00084 (v01 SUPERM SMCI--MB 00000001 AMI  00010013)\nACPI: FACP 0xbe7fbf58 000F4 (v04 SUPERM SMCI--MB 00000001 AMI  00010013)\nACPI: DSDT 0xbe7f5198 06DC0 (v02 SUPERM SMCI--MB 00000000 INTL 20051117)\nACPI: FACS 0xbf50ef80 00040\nACPI: APIC 0xbe7fc050 00072 (v03 SUPERM SMCI--MB 00000001 AMI  00010013)\nACPI: SSDT 0xbe7fc0c8 00102 (v01 AMICPU     PROC 00000001 MSFT 03000001)\nACPI: MCFG 0xbe7fc1d0 0003C (v01 SUPERM SMCI--MB 00000001 MSFT 00000097)\nACPI: HPET 0xbe7fc210 00038 (v01 SUPERM SMCI--MB 00000001 AMI. 00000004)\nACPI: SPMI 0xbe7fc248 00040 (v05 A M I   OEMSPMI 00000000 AMI. 00000000)\nACPI: SPCR 0xbe7fc288 00050 (v01  A M I   APTIO4 00000001 AMI. 00000004)\nACPI: DMAR 0xbe7fc2d8 000B0 (v01 ALASKA    A M I 00000001 INTL 00000001)\nACPI: EINJ 0xbe7fc388 00130 (v01    AMI AMI EINJ 00000000      00000000)\nACPI: ERST 0xbe7fc4b8 00210 (v01  AMIER AMI ERST 00000000      00000000)\nACPI: HEST 0xbe7fc6c8 000A8 (v01    AMI AMI HEST 00000000      00000000)\nACPI: BERT 0xbe7fc770 00030 (v01    AMI AMI BERT 00000000      00000000)\nMADT: Found IO APIC ID 0, Interrupt 0 at 0xfec00000\nioapic0: Routing external 8259A's -\u003e intpin 0\nMADT: Interrupt override: source 0, irq 2\nioapic0: Routing IRQ 0 -\u003e intpin 2\nMADT: Interrupt override: source 9, irq 9\nioapic0: intpin 9 trigger: level\nlapic: Routing NMI -\u003e LINT1\nlapic: LINT1 trigger: edge\nlapic: LINT1 polarity: high\nioapic0 \u003cVersion 2.0\u003e irqs 0-23 on motherboard\ncpu0 BSP:\n      ID: 0x00000000   VER: 0x01060015 LDR: 0x00000000 DFR: 0xffffffff\n   lint0: 0x00010700 lint1: 0x00000400 TPR: 0x00000000 SVR: 0x000001ff\n   timer: 0x000100ef therm: 0x00010000 err: 0x000000f0 pmc: 0x00010400\n    cmci: 0x000000f2\nwlan: \u003c802.11 Link Layer\u003e\nsnd_unit_init() u=0x00ff8000 [512] d=0x00007c00 [32] c=0x000003ff [1024]\nfeeder_register: snd_unit=-1 snd_maxautovchans=16 latency=5 \nfeeder_rate_min=1 feeder_rate_max=2016000 feeder_rate_round=25\nnfslock: pseudo-device\nkbd: new array size 4\nkbd1 at kbdmux0\nmem: \u003cmemory\u003e\nVESA: INT 0x10 vector 0xc000:0x0b80\nVESA: information block\n0000   56 45 53 41 00 03 3a 59 00 c0 01 00 00 00 a7 55\n0010   00 c0 00 01 09 03 4f 59 00 c0 56 59 00 c0 5f 59\n0020   00 c0 00 00 00 00 00 00 00 00 00 00 00 00 00 00\n0030   00 00 00 00 00 00 00 00 00 00 00 00 00 00 00 00\n0040   00 00 00 00 00 00 00 00 00 00 00 00 00 00 00 00\n0050   00 00 00 00 00 00 00 00 00 00 00 00 00 00 00 00\n0060   00 00 00 00 00 00 00 00 00 00 00 00 00 00 00 00\n0070   00 00 00 00 00 00 00 00 00 00 00 00 00 00 00 00\n0080   00 00 00 00 00 00 00 00 00 00 00 00 00 00 00 00\n0090   00 00 00 00 00 00 00 00 00 00 00 00 00 00 00 00\n00a0   00 00 00 00 00 00 00 00 00 00 00 00 00 00 00 00\n00b0   00 00 00 00 00 00 00 00 00 00 00 00 00 00 00 00\n00c0   00 00 00 00 00 00 00 00 00 00 00 00 00 00 00 00\n00d0   00 00 00 00 00 00 00 00 00 00 00 00 00 00 00 00\n00e0   00 00 00 00 00 00 00 00 00 00 00 00 00 00 00 00\n00f0   00 00 00 00 00 00 00 00 00 00 00 00 00 00 00 00\n0100   4d 61 74 72 6f 78 00 4d 47 41 2d 47 32 30 30 00\n0110   30 30 00 00 00 00 00 00 00 00 00 00 00 00 00 00\n0120   00 00 00 00 00 00 00 00 00 00 00 00 00 00 00 00\n0130   00 00 00 00 00 00 00 00 00 00 00 00 00 00 00 00\n0140   00 00 00 00 00 00 00 00 00 00 00 00 00 00 00 00\n0150   00 00 00 00 00 00 00 00 00 00 00 00 00 00 00 00\n0160   00 00 00 00 00 00 00 00 00 00 00 00 00 00 00 00\n0170   00 00 00 00 00 00 00 00 00 00 00 00 00 00 00 00\n0180   00 00 00 00 00 00 00 00 00 00 00 00 00 00 00 00\n0190   00 00 00 00 00 00 00 00 00 00 00 00 00 00 00 00\n01a0   00 00 00 00 00 00 00 00 00 00 00 00 00 00 00 00\n01b0   00 00 00 00 00 00 00 00 00 00 00 00 00 00 00 00\n01c0   00 00 00 00 00 00 00 00 00 00 00 00 00 00 00 00\n01d0   00 00 00 00 00 00 00 00 00 00 00 00 00 00 00 00\n01e0   00 00 00 00 00 00 00 00 00 00 00 00 00 00 00 00\n01f0   00 00 00 00 00 00 00 00 00 00 00 00 00 00 00 00\nVESA: 21 mode(s) found\nVESA: v3.0, 16384k memory, flags:0x1, mode table:0xfffffe00000c55a7 \n(c00055a7)\nVESA: Matrox Graphics Inc.\nVESA: Matrox MGA-G200 00\nio: \u003cI/O\u003e\nnull: \u003cnull device, zero device\u003e\nrandom: \u003centropy source, Software, Yarrow\u003e\nhptnr: R750/DC7280 controller driver v1.0\nhptrr: RocketRAID 17xx/2xxx SATA controller driver v1.2\nhpt27xx: RocketRAID 27xx controller driver v1.1\nacpi0: \u003cSUPERM SMCI--MB\u003e on motherboard\nPCIe: Memory Mapped configuration base @ 0xe0000000\nioapic0: routing intpin 9 (ISA IRQ 9) to lapic 0 vector 48\nACPI: Executed 1 blocks of module-level executable AML code\nacpi0: Power Button (fixed)\ncpu0: Processor \\\\_PR_.P000 (ACPI ID 1) -\u003e APIC ID 0\ncpu0: \u003cACPI CPU\u003e on acpi0\nACPI: SSDT 0xbf508918 00448 (v01    AMI      IST 00000001 MSFT 03000001)\nACPI: Dynamic OEM Table Load:\nACPI: SSDT 0 00448 (v01    AMI      IST 00000001 MSFT 03000001)\nACPI: SSDT 0xbf507d98 000E4 (v01    AMI      CST 00000001 MSFT 03000001)\nACPI: Dynamic OEM Table Load:\nACPI: SSDT 0 000E4 (v01    AMI      CST 00000001 MSFT 03000001)\ncpu1: Processor \\\\_PR_.P001 (ACPI ID 2) -\u003e APIC ID 1\ncpu1: \u003cACPI CPU\u003e on acpi0\ncpu2: Processor \\\\_PR_.P002 (ACPI ID 3) -\u003e APIC ID 2\ncpu2: \u003cACPI CPU\u003e on acpi0\ncpu3: Processor \\\\_PR_.P003 (ACPI ID 4) -\u003e APIC ID 3\ncpu3: \u003cACPI CPU\u003e on acpi0\nattimer0: \u003cAT timer\u003e port 0x40-0x43 irq 0 on acpi0\nTimecounter \"i8254\" frequency 1193182 Hz quality 0\nioapic0: routing intpin 2 (ISA IRQ 0) to lapic 0 vector 49\nEvent timer \"i8254\" frequency 1193182 Hz quality 100\natrtc0: \u003cAT realtime clock\u003e port 0x70-0x71 irq 8 on acpi0\natrtc0: registered as a time-of-day clock (resolution 1000000us, \nadjustment 0.500000000s)\nioapic0: routing intpin 8 (ISA IRQ 8) to lapic 0 vector 50\nEvent timer \"RTC\" frequency 32768 Hz quality 0\nhpet0: \u003cHigh Precision Event Timer\u003e iomem 0xfed00000-0xfed003ff on acpi0\nhpet0: vendor 0x8086, rev 0x1, 14318180Hz 64bit, 8 timers, legacy route\nhpet0:  t0: irqs 0x00f00000 (0), MSI, 64bit, periodic\nhpet0:  t1: irqs 0x00f00000 (0), MSI\nhpet0:  t2: irqs 0x00f00800 (0), MSI\nhpet0:  t3: irqs 0x00f01000 (0), MSI\nhpet0:  t4: irqs 0x00000000 (0), MSI\nhpet0:  t5: irqs 0x00000000 (0), MSI\nhpet0:  t6: irqs 0x00000000 (0), MSI\nhpet0:  t7: irqs 0x00000000 (0), MSI\nTimecounter \"HPET\" frequency 14318180 Hz quality 950\nmsi: routing MSI-X IRQ 256 to local APIC 0 vector 51\nmsi: routing MSI-X IRQ 257 to local APIC 0 vector 52\nmsi: routing MSI-X IRQ 258 to local APIC 0 vector 53\nmsi: routing MSI-X IRQ 259 to local APIC 0 vector 54\nmsi: routing MSI-X IRQ 260 to local APIC 0 vector 55\nmsi: routing MSI-X IRQ 261 to local APIC 0 vector 56\nmsi: routing MSI-X IRQ 262 to local APIC 0 vector 57\nmsi: routing MSI-X IRQ 263 to local APIC 0 vector 58\nEvent timer \"HPET\" frequency 14318180 Hz quality 550\nEvent timer \"HPET1\" frequency 14318180 Hz quality 440\nEvent timer \"HPET2\" frequency 14318180 Hz quality 440\nEvent timer \"HPET3\" frequency 14318180 Hz quality 440\nEvent timer \"HPET4\" frequency 14318180 Hz quality 440\nACPI timer: 1/1 1/1 1/1 1/1 1/1 1/1 1/1 1/1 1/1 1/1 -\u003e 10\nTimecounter \"ACPI-fast\" frequency 3579545 Hz quality 900\nacpi_timer0: \u003c24-bit timer at 3.579545MHz\u003e port 0x408-0x40b on acpi0\npci_link0:        Index  IRQ  Rtd  Ref  IRQs\n   Initial Probe       0   11   N     0  3 4 5 6 7 10 11 12 14 15\n   Validation          0   11   N     0  3 4 5 6 7 10 11 12 14 15\n   After Disable       0  255   N     0  3 4 5 6 7 10 11 12 14 15\npci_link1:        Index  IRQ  Rtd  Ref  IRQs\n   Initial Probe       0    5   N     0  3 4 5 6 7 10 11 12 14 15\n   Validation          0    5   N     0  3 4 5 6 7 10 11 12 14 15\n   After Disable       0  255   N     0  3 4 5 6 7 10 11 12 14 15\npci_link2:        Index  IRQ  Rtd  Ref  IRQs\n   Initial Probe       0   11   N     0  3 4 5 6 10 11 12 14 15\n   Validation          0   11   N     0  3 4 5 6 10 11 12 14 15\n   After Disable       0  255   N     0  3 4 5 6 10 11 12 14 15\npci_link3:        Index  IRQ  Rtd  Ref  IRQs\n   Initial Probe       0    5   N     0  3 4 5 6 10 11 12 14 15\n   Validation          0    5   N     0  3 4 5 6 10 11 12 14 15\n   After Disable       0  255   N     0  3 4 5 6 10 11 12 14 15\npci_link4:        Index  IRQ  Rtd  Ref  IRQs\n   Initial Probe       0    7   N     0  3 4 5 6 7 10 11 12 14 15\n   Validation          0    7   N     0  3 4 5 6 7 10 11 12 14 15\n   After Disable       0  255   N     0  3 4 5 6 7 10 11 12 14 15\npci_link5:        Index  IRQ  Rtd  Ref  IRQs\n   Initial Probe       0  255   N     0  3 4 5 6 7 10 11 12 14 15\n   Validation          0  255   N     0  3 4 5 6 7 10 11 12 14 15\n   After Disable       0  255   N     0  3 4 5 6 7 10 11 12 14 15\npci_link6:        Index  IRQ  Rtd  Ref  IRQs\n   Initial Probe       0  255   N     0  3 4 5 6 7 10 11 12 14 15\n   Validation          0  255   N     0  3 4 5 6 7 10 11 12 14 15\n   After Disable       0  255   N     0  3 4 5 6 7 10 11 12 14 15\npci_link7:        Index  IRQ  Rtd  Ref  IRQs\n   Initial Probe       0   11   N     0  3 4 5 6 7 10 11 12 14 15\n   Validation          0   11   N     0  3 4 5 6 7 10 11 12 14 15\n   After Disable       0  255   N     0  3 4 5 6 7 10 11 12 14 15\npcib0: \u003cACPI Host-PCI bridge\u003e port 0xcf8-0xcff on acpi0\npcib0: decoding 4 range 0-0x3af\npcib0: decoding 4 range 0x3e0-0xcf7\npcib0: decoding 4 range 0x3b0-0x3df\npcib0: decoding 4 range 0xd00-0xffff\npcib0: decoding 3 range 0xa0000-0xbffff\npcib0: decoding 3 range 0xc0000-0xdffff\npcib0: decoding 3 range 0xf0000000-0xfbffffff\npci0: \u003cACPI PCI bus\u003e on pcib0\npci0: domain=0, physical bus=0\nfound-\u003e vendor=0x8086, dev=0x0108, revid=0x09\n         domain=0, bus=0, slot=0, func=0\n         class=06-00-00, hdrtype=0x00, mfdev=0\n         cmdreg=0x0006, statreg=0x2090, cachelnsz=0 (dwords)\n         lattimer=0x00 (0 ns), mingnt=0x00 (0 ns), maxlat=0x00 (0 ns)\nfound-\u003e vendor=0x8086, dev=0x0101, revid=0x09\n         domain=0, bus=0, slot=1, func=0\n         class=06-04-00, hdrtype=0x01, mfdev=1\n         cmdreg=0x0007, statreg=0x0010, cachelnsz=16 (dwords)\n         lattimer=0x00 (0 ns), mingnt=0x10 (4000 ns), maxlat=0x00 (0 ns)\n         intpin=a, irq=11\n         powerspec 3  supports D0 D3  current D0\n         MSI supports 1 message\npcib0: matched entry for 0.1.INTA\npcib0: slot 1 INTA hardwired to IRQ 16\nfound-\u003e vendor=0x8086, dev=0x0105, revid=0x09\n         domain=0, bus=0, slot=1, func=1\n         class=06-04-00, hdrtype=0x01, mfdev=1\n         cmdreg=0x0147, statreg=0x0010, cachelnsz=16 (dwords)\n         lattimer=0x00 (0 ns), mingnt=0x13 (4750 ns), maxlat=0x00 (0 ns)\n         intpin=a, irq=11\n         powerspec 3  supports D0 D3  current D0\n         MSI supports 1 message\npcib0: matched entry for 0.1.INTA\npcib0: slot 1 INTA hardwired to IRQ 16\nfound-\u003e vendor=0x8086, dev=0x1502, revid=0x05\n         domain=0, bus=0, slot=25, func=0\n         class=02-00-00, hdrtype=0x00, mfdev=0\n         cmdreg=0x0007, statreg=0x0010, cachelnsz=0 (dwords)\n         lattimer=0x00 (0 ns), mingnt=0x00 (0 ns), maxlat=0x00 (0 ns)\n         intpin=a, irq=7\n         powerspec 2  supports D0 D3  current D0\n         MSI supports 1 message, 64 bit\n         map[10]: type Memory, range 32, base 0xfb800000, size 17, enabled\npcib0: allocated type 3 (0xfb800000-0xfb81ffff) for rid 10 of pci0:0:25:0\n         map[14]: type Memory, range 32, base 0xfb824000, size 12, enabled\npcib0: allocated type 3 (0xfb824000-0xfb824fff) for rid 14 of pci0:0:25:0\n         map[18]: type I/O Port, range 32, base 0xf020, size  5, enabled\npcib0: allocated type 4 (0xf020-0xf03f) for rid 18 of pci0:0:25:0\npcib0: matched entry for 0.25.INTA\npcib0: slot 25 INTA hardwired to IRQ 20\nfound-\u003e vendor=0x8086, dev=0x1c2d, revid=0x05\n         domain=0, bus=0, slot=26, func=0\n         class=0c-03-20, hdrtype=0x00, mfdev=0\n         cmdreg=0x0006, statreg=0x0290, cachelnsz=0 (dwords)\n         lattimer=0x00 (0 ns), mingnt=0x00 (0 ns), maxlat=0x00 (0 ns)\n         intpin=a, irq=11\n         powerspec 2  supports D0 D3  current D0\n         map[10]: type Memory, range 32, base 0xfb823000, size 10, enabled\npcib0: allocated type 3 (0xfb823000-0xfb8233ff) for rid 10 of pci0:0:26:0\npcib0: matched entry for 0.26.INTA\npcib0: slot 26 INTA hardwired to IRQ 16\nfound-\u003e vendor=0x8086, dev=0x1c10, revid=0xb5\n         domain=0, bus=0, slot=28, func=0\n         class=06-04-00, hdrtype=0x01, mfdev=1\n         cmdreg=0x0007, statreg=0x0010, cachelnsz=16 (dwords)\n         lattimer=0x00 (0 ns), mingnt=0x10 (4000 ns), maxlat=0x00 (0 ns)\n         intpin=a, irq=5\n         powerspec 2  supports D0 D3  current D0\n         MSI supports 1 message\npcib0: matched entry for 0.28.INTA\npcib0: slot 28 INTA hardwired to IRQ 17\nfound-\u003e vendor=0x8086, dev=0x1c18, revid=0xb5\n         domain=0, bus=0, slot=28, func=4\n         class=06-04-00, hdrtype=0x01, mfdev=1\n         cmdreg=0x0007, statreg=0x0010, cachelnsz=16 (dwords)\n         lattimer=0x00 (0 ns), mingnt=0x10 (4000 ns), maxlat=0x00 (0 ns)\n         intpin=a, irq=5\n         powerspec 2  supports D0 D3  current D0\n         MSI supports 1 message\npcib0: matched entry for 0.28.INTA\npcib0: slot 28 INTA hardwired to IRQ 17\nfound-\u003e vendor=0x8086, dev=0x1c26, revid=0x05\n         domain=0, bus=0, slot=29, func=0\n         class=0c-03-20, hdrtype=0x00, mfdev=0\n         cmdreg=0x0006, statreg=0x0290, cachelnsz=0 (dwords)\n         lattimer=0x00 (0 ns), mingnt=0x00 (0 ns), maxlat=0x00 (0 ns)\n         intpin=a, irq=11\n         powerspec 2  supports D0 D3  current D0\n         map[10]: type Memory, range 32, base 0xfb822000, size 10, enabled\npcib0: allocated type 3 (0xfb822000-0xfb8223ff) for rid 10 of pci0:0:29:0\npcib0: matched entry for 0.29.INTA\npcib0: slot 29 INTA hardwired to IRQ 23\nfound-\u003e vendor=0x8086, dev=0x244e, revid=0xa5\n         domain=0, bus=0, slot=30, func=0\n         class=06-04-01, hdrtype=0x01, mfdev=0\n         cmdreg=0x0007, statreg=0x0010, cachelnsz=0 (dwords)\n         lattimer=0x00 (0 ns), mingnt=0x18 (6000 ns), maxlat=0x00 (0 ns)\nfound-\u003e vendor=0x8086, dev=0x1c54, revid=0x05\n         domain=0, bus=0, slot=31, func=0\n         class=06-01-00, hdrtype=0x00, mfdev=1\n         cmdreg=0x0007, statreg=0x0210, cachelnsz=0 (dwords)\n         lattimer=0x00 (0 ns), mingnt=0x00 (0 ns), maxlat=0x00 (0 ns)\nfound-\u003e vendor=0x8086, dev=0x1c02, revid=0x05\n         domain=0, bus=0, slot=31, func=2\n         class=01-06-01, hdrtype=0x00, mfdev=0\n         cmdreg=0x0007, statreg=0x02b0, cachelnsz=0 (dwords)\n         lattimer=0x00 (0 ns), mingnt=0x00 (0 ns), maxlat=0x00 (0 ns)\n         intpin=b, irq=5\n         powerspec 3  supports D0 D3  current D0\n         MSI supports 1 message\n         map[10]: type I/O Port, range 32, base 0xf070, size  3, enabled\npcib0: allocated type 4 (0xf070-0xf077) for rid 10 of pci0:0:31:2\n         map[14]: type I/O Port, range 32, base 0xf060, size  2, enabled\npcib0: allocated type 4 (0xf060-0xf063) for rid 14 of pci0:0:31:2\n         map[18]: type I/O Port, range 32, base 0xf050, size  3, enabled\npcib0: allocated type 4 (0xf050-0xf057) for rid 18 of pci0:0:31:2\n         map[1c]: type I/O Port, range 32, base 0xf040, size  2, enabled\npcib0: allocated type 4 (0xf040-0xf043) for rid 1c of pci0:0:31:2\n         map[20]: type I/O Port, range 32, base 0xf000, size  5, enabled\npcib0: allocated type 4 (0xf000-0xf01f) for rid 20 of pci0:0:31:2\n         map[24]: type Memory, range 32, base 0xfb821000, size 11, enabled\npcib0: allocated type 3 (0xfb821000-0xfb8217ff) for rid 24 of pci0:0:31:2\npcib0: matched entry for 0.31.INTB\npcib0: slot 31 INTB hardwired to IRQ 19\nfound-\u003e vendor=0x8086, dev=0x1c22, revid=0x05\n         domain=0, bus=0, slot=31, func=3\n         class=0c-05-00, hdrtype=0x00, mfdev=0\n         cmdreg=0x0003, statreg=0x0280, cachelnsz=0 (dwords)\n         lattimer=0x00 (0 ns), mingnt=0x00 (0 ns), maxlat=0x00 (0 ns)\n         intpin=c, irq=11\n         map[10]: type Memory, range 64, base 0xfb820000, size  8, enabled\npcib0: allocated type 3 (0xfb820000-0xfb8200ff) for rid 10 of pci0:0:31:3\n         map[20]: type I/O Port, range 32, base 0x1180, size  5, enabled\npcib0: allocated type 4 (0x1180-0x119f) for rid 20 of pci0:0:31:3\npcib0: matched entry for 0.31.INTC\npcib0: slot 31 INTC hardwired to IRQ 18\npcib1: \u003cACPI PCI-PCI bridge\u003e irq 16 at device 1.0 on pci0\npcib1:   domain            0\npcib1:   secondary bus     1\npcib1:   subordinate bus   1\npcib1:   no prefetched decode\npci1: \u003cACPI PCI bus\u003e on pcib1\npci1: domain=0, physical bus=1\npcib2: \u003cACPI PCI-PCI bridge\u003e irq 16 at device 1.1 on pci0\npcib0: allocated type 4 (0xe000-0xefff) for rid 1c of pcib2\npcib0: allocated type 3 (0xfb100000-0xfb6fffff) for rid 20 of pcib2\npcib2:   domain            0\npcib2:   secondary bus     2\npcib2:   subordinate bus   2\npcib2:   I/O decode        0xe000-0xefff\npcib2:   memory decode     0xfb100000-0xfb6fffff\npcib2:   no prefetched decode\npci2: \u003cACPI PCI bus\u003e on pcib2\npci2: domain=0, physical bus=2\nfound-\u003e vendor=0x1000, dev=0x0072, revid=0x03\n         domain=0, bus=2, slot=0, func=0\n         class=01-07-00, hdrtype=0x00, mfdev=0\n         cmdreg=0x0147, statreg=0x0010, cachelnsz=16 (dwords)\n         lattimer=0x00 (0 ns), mingnt=0x00 (0 ns), maxlat=0x00 (0 ns)\n         intpin=a, irq=5\n         powerspec 3  supports D0 D1 D2 D3  current D0\n         MSI supports 1 message, 64 bit\n         MSI-X supports 15 messages in map 0x14\n         map[10]: type I/O Port, range 32, base 0xe000, size  8, enabled\npcib2: allocated I/O port range (0xe000-0xe0ff) for rid 10 of pci0:2:0:0\n         map[14]: type Memory, range 64, base 0xfb600000, size 14, enabled\npcib2: allocated memory range (0xfb600000-0xfb603fff) for rid 14 of \npci0:2:0:0\n         map[1c]: type Memory, range 64, base 0xff580000, size 18, enabled\npcib2: attempting to grow memory window for (0xff580000-0xff5bffff,0x40000)\n         back candidate range: 0xff580000-0xff5bffff\npci2: pci0:2:0:0 bar 0x1c failed to allocate\npcib2: matched entry for 2.0.INTA\npcib2: slot 0 INTA hardwired to IRQ 17\nmps0: \u003cLSI SAS2008\u003e port 0xe000-0xe0ff mem 0xfb600000-0xfb603fff irq 17 \nat device 0.0 on pci2\nmps0: PCI memory window not available\ndevice_attach: mps0 attach returned 6\nem0: \u003cIntel(R) PRO/1000 Network Connection 7.3.8\u003e port 0xf020-0xf03f mem \n0xfb800000-0xfb81ffff,0xfb824000-0xfb824fff irq 20 at device 25.0 on pci0\nem0: attempting to allocate 1 MSI vectors (1 supported)\nmsi: routing MSI IRQ 264 to local APIC 0 vector 59\nem0: using IRQ 264 for MSI\nem0: Using an MSI interrupt\nem0: bpf attached\nem0: Ethernet address: 00:25:90:57:22:e1\nehci0: \u003cEHCI (generic) USB 2.0 controller\u003e mem 0xfb823000-0xfb8233ff irq \n16 at device 26.0 on pci0\nioapic0: routing intpin 16 (PCI IRQ 16) to lapic 0 vector 60\nusbus0: EHCI version 1.0\nusbus0 on ehci0\nusbus0: bpf attached\nehci0: usbpf: Attached\npcib3: \u003cACPI PCI-PCI bridge\u003e irq 17 at device 28.0 on pci0\npcib3:   domain            0\npcib3:   secondary bus     3\npcib3:   subordinate bus   3\npcib3:   no prefetched decode\npci3: \u003cACPI PCI bus\u003e on pcib3\npci3: domain=0, physical bus=3\npcib4: \u003cACPI PCI-PCI bridge\u003e irq 17 at device 28.4 on pci0\npcib0: allocated type 4 (0xd000-0xdfff) for rid 1c of pcib4\npcib0: allocated type 3 (0xfb700000-0xfb7fffff) for rid 20 of pcib4\npcib4:   domain            0\npcib4:   secondary bus     4\npcib4:   subordinate bus   4\npcib4:   I/O decode        0xd000-0xdfff\npcib4:   memory decode     0xfb700000-0xfb7fffff\npcib4:   no prefetched decode\npci4: \u003cACPI PCI bus\u003e on pcib4\npci4: domain=0, physical bus=4\nfound-\u003e vendor=0x8086, dev=0x10d3, revid=0x00\n         domain=0, bus=4, slot=0, func=0\n         class=02-00-00, hdrtype=0x00, mfdev=0\n         cmdreg=0x0007, statreg=0x0010, cachelnsz=16 (dwords)\n         lattimer=0x00 (0 ns), mingnt=0x00 (0 ns), maxlat=0x00 (0 ns)\n         intpin=a, irq=11\n         powerspec 2  supports D0 D3  current D0\n         MSI supports 1 message, 64 bit\n         MSI-X supports 5 messages in map 0x1c\n         map[10]: type Memory, range 32, base 0xfb700000, size 17, enabled\npcib4: allocated memory range (0xfb700000-0xfb71ffff) for rid 10 of \npci0:4:0:0\n         map[18]: type I/O Port, range 32, base 0xd000, size  5, enabled\npcib4: allocated I/O port range (0xd000-0xd01f) for rid 18 of pci0:4:0:0\n         map[1c]: type Memory, range 32, base 0xfb720000, size 14, enabled\npcib4: allocated memory range (0xfb720000-0xfb723fff) for rid 1c of \npci0:4:0:0\npcib4: matched entry for 4.0.INTA\npcib4: slot 0 INTA hardwired to IRQ 16\nem1: \u003cIntel(R) PRO/1000 Network Connection 7.3.8\u003e port 0xd000-0xd01f mem \n0xfb700000-0xfb71ffff,0xfb720000-0xfb723fff irq 16 at device 0.0 on pci4\nem1: attempting to allocate 3 MSI-X vectors (5 supported)\nmsi: routing MSI-X IRQ 265 to local APIC 0 vector 61\nmsi: routing MSI-X IRQ 266 to local APIC 0 vector 62\nmsi: routing MSI-X IRQ 267 to local APIC 0 vector 63\nem1: using IRQs 265-267 for MSI-X\nem1: Using MSIX interrupts with 3 vectors\nem1: bpf attached\nem1: Ethernet address: 00:25:90:57:22:e0\nehci1: \u003cEHCI (generic) USB 2.0 controller\u003e mem 0xfb822000-0xfb8223ff irq \n23 at device 29.0 on pci0\nioapic0: routing intpin 23 (PCI IRQ 23) to lapic 0 vector 64\nusbus1: EHCI version 1.0\nusbus1 on ehci1\nusbus1: bpf attached\nehci1: usbpf: Attached\npcib5: \u003cACPI PCI-PCI bridge\u003e at device 30.0 on pci0\npcib0: allocated type 3 (0xfa800000-0xfb0fffff) for rid 20 of pcib5\npcib0: allocated type 3 (0xf9000000-0xf9ffffff) for rid 24 of pcib5\npcib5:   domain            0\npcib5:   secondary bus     5\npcib5:   subordinate bus   5\npcib5:   memory decode     0xfa800000-0xfb0fffff\npcib5:   prefetched decode 0xf9000000-0xf9ffffff\npcib5:   Subtractively decoded bridge.\npci5: \u003cACPI PCI bus\u003e on pcib5\npci5: domain=0, physical bus=5\nfound-\u003e vendor=0x102b, dev=0x0532, revid=0x0a\n         domain=0, bus=5, slot=3, func=0\n         class=03-00-00, hdrtype=0x00, mfdev=0\n         cmdreg=0x0007, statreg=0x0290, cachelnsz=16 (dwords)\n         lattimer=0x40 (1920 ns), mingnt=0x10 (4000 ns), maxlat=0x20 \n(8000 ns)\n         intpin=a, irq=11\n         powerspec 1  supports D0 D3  current D0\n         map[10]: type Prefetchable Memory, range 32, base 0xf9000000, \nsize 24, enabled\npcib5: allocated prefetch range (0xf9000000-0xf9ffffff) for rid 10 of \npci0:5:3:0\n         map[14]: type Memory, range 32, base 0xfb000000, size 14, enabled\npcib5: allocated memory range (0xfb000000-0xfb003fff) for rid 14 of \npci0:5:3:0\n         map[18]: type Memory, range 32, base 0xfa800000, size 23, enabled\npcib5: allocated memory range (0xfa800000-0xfaffffff) for rid 18 of \npci0:5:3:0\npcib5: matched entry for 5.3.INTA\npcib5: slot 3 INTA hardwired to IRQ 23\nvgapci0: \u003cVGA-compatible display\u003e mem \n0xf9000000-0xf9ffffff,0xfb000000-0xfb003fff,0xfa800000-0xfaffffff irq 23 \nat device 3.0 on pci5\nisab0: \u003cPCI-ISA bridge\u003e at device 31.0 on pci0\nisa0: \u003cISA bus\u003e on isab0\nahci0: \u003cIntel Cougar Point AHCI SATA controller\u003e port \n0xf070-0xf077,0xf060-0xf063,0xf050-0xf057,0xf040-0xf043,0xf000-0xf01f \nmem 0xfb821000-0xfb8217ff irq 19 at device 31.2 on pci0\nahci0: attempting to allocate 1 MSI vectors (1 supported)\nmsi: routing MSI IRQ 268 to local APIC 0 vector 65\nahci0: using IRQ 268 for MSI\nahci0: AHCI v1.30 with 6 6Gbps ports, Port Multiplier not supported\nahci0: Caps: 64bit NCQ SNTF AL CLO 6Gbps PMD SSC PSC 32cmd EM 6ports\nahci0: Caps2: APST\nahci0: EM Caps: ALHD XMT SMB LED\nahcich0: \u003cAHCI channel\u003e at channel 0 on ahci0\nahcich0: Caps:\nahcich1: not probed (disabled)\nahcich2: not probed (disabled)\nahcich3: not probed (disabled)\nahcich4: not probed (disabled)\nahcich5: not probed (disabled)\npci0: \u003cserial bus, SMBus\u003e at device 31.3 (no driver attached)\nacpi_button0: \u003cPower Button\u003e on acpi0\natkbdc0: \u003cKeyboard controller (i8042)\u003e port 0x60,0x64 irq 1 on acpi0\natkbd0: \u003cAT Keyboard\u003e irq 1 on atkbdc0\nkbd0 at atkbd0\nkbd0: atkbd0, generic (0), config:0x0, flags:0x3f0000\nioapic0: routing intpin 1 (ISA IRQ 1) to lapic 0 vector 66\natkbd0: [GIANT-LOCKED]\npsm0: unable to allocate IRQ\npsmcpnp0: \u003cPS/2 mouse port\u003e irq 12 on acpi0\npsm0: current command byte:0065\npsm0: failed to reset the aux device.\nuart0: \u003c16550 or compatible\u003e port 0x3f8-0x3ff irq 4 on acpi0\nioapic0: routing intpin 4 (ISA IRQ 4) to lapic 0 vector 67\nuart0: fast interrupt\nuart1: \u003c16550 or compatible\u003e port 0x2f8-0x2ff irq 3 on acpi0\nioapic0: routing intpin 3 (ISA IRQ 3) to lapic 0 vector 68\nuart1: fast interrupt\nuart2: \u003c16550 or compatible\u003e port 0x3e8-0x3ef irq 10 flags 0x10 on acpi0\nioapic0: routing intpin 10 (ISA IRQ 10) to lapic 0 vector 69\nuart2: fast interrupt\nuart2: console (115200,n,8,1)\nacpi0: wakeup code va 0xffffff814c653000 pa 0x10000\nex_isa_identify()\nahc_isa_probe 0: ioport 0xc00 alloc failed\nahc_isa_probe 1: ioport 0x1c00 alloc failed\nahc_isa_probe 2: ioport 0x2c00 alloc failed\nahc_isa_probe 3: ioport 0x3c00 alloc failed\nahc_isa_probe 4: ioport 0x4c00 alloc failed\nahc_isa_probe 5: ioport 0x5c00 alloc failed\nahc_isa_probe 6: ioport 0x6c00 alloc failed\nahc_isa_probe 7: ioport 0x7c00 alloc failed\nahc_isa_probe 8: ioport 0x8c00 alloc failed\nahc_isa_probe 9: ioport 0x9c00 alloc failed\nahc_isa_probe 10: ioport 0xac00 alloc failed\nahc_isa_probe 11: ioport 0xbc00 alloc failed\nahc_isa_probe 12: ioport 0xcc00 alloc failed\nahc_isa_probe 13: ioport 0xdc00 alloc failed\nahc_isa_probe 14: ioport 0xec00 alloc failed\npcib0: allocated type 3 (0xa0000-0xa07ff) for rid 0 of orm0\npcib0: allocated type 3 (0xa0800-0xa0fff) for rid 0 of orm0\npcib0: allocated type 3 (0xa1000-0xa17ff) for rid 0 of orm0\npcib0: allocated type 3 (0xa1800-0xa1fff) for rid 0 of orm0\npcib0: allocated type 3 (0xa2000-0xa27ff) for rid 0 of orm0\npcib0: allocated type 3 (0xa2800-0xa2fff) for rid 0 of orm0\npcib0: allocated type 3 (0xa3000-0xa37ff) for rid 0 of orm0\npcib0: allocated type 3 (0xa3800-0xa3fff) for rid 0 of orm0\npcib0: allocated type 3 (0xa4000-0xa47ff) for rid 0 of orm0\npcib0: allocated type 3 (0xa4800-0xa4fff) for rid 0 of orm0\npcib0: allocated type 3 (0xa5000-0xa57ff) for rid 0 of orm0\npcib0: allocated type 3 (0xa5800-0xa5fff) for rid 0 of orm0\npcib0: allocated type 3 (0xa6000-0xa67ff) for rid 0 of orm0\npcib0: allocated type 3 (0xa6800-0xa6fff) for rid 0 of orm0\npcib0: allocated type 3 (0xa7000-0xa77ff) for rid 0 of orm0\npcib0: allocated type 3 (0xa7800-0xa7fff) for rid 0 of orm0\npcib0: allocated type 3 (0xa8000-0xa87ff) for rid 0 of orm0\npcib0: allocated type 3 (0xa8800-0xa8fff) for rid 0 of orm0\npcib0: allocated type 3 (0xa9000-0xa97ff) for rid 0 of orm0\npcib0: allocated type 3 (0xa9800-0xa9fff) for rid 0 of orm0\npcib0: allocated type 3 (0xaa000-0xaa7ff) for rid 0 of orm0\npcib0: allocated type 3 (0xaa800-0xaafff) for rid 0 of orm0\npcib0: allocated type 3 (0xab000-0xab7ff) for rid 0 of orm0\npcib0: allocated type 3 (0xab800-0xabfff) for rid 0 of orm0\npcib0: allocated type 3 (0xac000-0xac7ff) for rid 0 of orm0\npcib0: allocated type 3 (0xac800-0xacfff) for rid 0 of orm0\npcib0: allocated type 3 (0xad000-0xad7ff) for rid 0 of orm0\npcib0: allocated type 3 (0xad800-0xadfff) for rid 0 of orm0\npcib0: allocated type 3 (0xae000-0xae7ff) for rid 0 of orm0\npcib0: allocated type 3 (0xae800-0xaefff) for rid 0 of orm0\npcib0: allocated type 3 (0xaf000-0xaf7ff) for rid 0 of orm0\npcib0: allocated type 3 (0xaf800-0xaffff) for rid 0 of orm0\npcib0: allocated type 3 (0xb0000-0xb07ff) for rid 0 of orm0\npcib0: allocated type 3 (0xb0800-0xb0fff) for rid 0 of orm0\npcib0: allocated type 3 (0xb1000-0xb17ff) for rid 0 of orm0\npcib0: allocated type 3 (0xb1800-0xb1fff) for rid 0 of orm0\npcib0: allocated type 3 (0xb2000-0xb27ff) for rid 0 of orm0\npcib0: allocated type 3 (0xb2800-0xb2fff) for rid 0 of orm0\npcib0: allocated type 3 (0xb3000-0xb37ff) for rid 0 of orm0\npcib0: allocated type 3 (0xb3800-0xb3fff) for rid 0 of orm0\npcib0: allocated type 3 (0xb4000-0xb47ff) for rid 0 of orm0\npcib0: allocated type 3 (0xb4800-0xb4fff) for rid 0 of orm0\npcib0: allocated type 3 (0xb5000-0xb57ff) for rid 0 of orm0\npcib0: allocated type 3 (0xb5800-0xb5fff) for rid 0 of orm0\npcib0: allocated type 3 (0xb6000-0xb67ff) for rid 0 of orm0\npcib0: allocated type 3 (0xb6800-0xb6fff) for rid 0 of orm0\npcib0: allocated type 3 (0xb7000-0xb77ff) for rid 0 of orm0\npcib0: allocated type 3 (0xb7800-0xb7fff) for rid 0 of orm0\npcib0: allocated type 3 (0xb8000-0xb87ff) for rid 0 of orm0\npcib0: allocated type 3 (0xb8800-0xb8fff) for rid 0 of orm0\npcib0: allocated type 3 (0xb9000-0xb97ff) for rid 0 of orm0\npcib0: allocated type 3 (0xb9800-0xb9fff) for rid 0 of orm0\npcib0: allocated type 3 (0xba000-0xba7ff) for rid 0 of orm0\npcib0: allocated type 3 (0xba800-0xbafff) for rid 0 of orm0\npcib0: allocated type 3 (0xbb000-0xbb7ff) for rid 0 of orm0\npcib0: allocated type 3 (0xbb800-0xbbfff) for rid 0 of orm0\npcib0: allocated type 3 (0xbc000-0xbc7ff) for rid 0 of orm0\npcib0: allocated type 3 (0xbc800-0xbcfff) for rid 0 of orm0\npcib0: allocated type 3 (0xbd000-0xbd7ff) for rid 0 of orm0\npcib0: allocated type 3 (0xbd800-0xbdfff) for rid 0 of orm0\npcib0: allocated type 3 (0xbe000-0xbe7ff) for rid 0 of orm0\npcib0: allocated type 3 (0xbe800-0xbefff) for rid 0 of orm0\npcib0: allocated type 3 (0xbf000-0xbf7ff) for rid 0 of orm0\npcib0: allocated type 3 (0xbf800-0xbffff) for rid 0 of orm0\npcib0: allocated type 3 (0xc0000-0xc07ff) for rid 0 of orm0\npcib0: allocated type 3 (0xc0000-0xc7fff) for rid 0 of orm0\npcib0: allocated type 3 (0xc8000-0xc87ff) for rid 1 of orm0\npcib0: allocated type 3 (0xc8800-0xc8fff) for rid 1 of orm0\npcib0: allocated type 3 (0xc9000-0xc97ff) for rid 1 of orm0\npcib0: allocated type 3 (0xc9800-0xc9fff) for rid 1 of orm0\npcib0: allocated type 3 (0xca000-0xca7ff) for rid 1 of orm0\npcib0: allocated type 3 (0xca800-0xcafff) for rid 1 of orm0\npcib0: allocated type 3 (0xcb000-0xcb7ff) for rid 1 of orm0\npcib0: allocated type 3 (0xcb800-0xcbfff) for rid 1 of orm0\npcib0: allocated type 3 (0xcc000-0xcc7ff) for rid 1 of orm0\npcib0: allocated type 3 (0xcc800-0xccfff) for rid 1 of orm0\npcib0: allocated type 3 (0xcd000-0xcd7ff) for rid 1 of orm0\npcib0: allocated type 3 (0xcd800-0xcdfff) for rid 1 of orm0\npcib0: allocated type 3 (0xce000-0xce7ff) for rid 1 of orm0\npcib0: allocated type 3 (0xce800-0xcefff) for rid 1 of orm0\npcib0: allocated type 3 (0xce800-0xcf7ff) for rid 1 of orm0\npcib0: allocated type 3 (0xcf800-0xcffff) for rid 2 of orm0\npcib0: allocated type 3 (0xd0000-0xd07ff) for rid 2 of orm0\npcib0: allocated type 3 (0xd0800-0xd0fff) for rid 2 of orm0\npcib0: allocated type 3 (0xd1000-0xd17ff) for rid 2 of orm0\npcib0: allocated type 3 (0xd1800-0xd1fff) for rid 2 of orm0\npcib0: allocated type 3 (0xd2000-0xd27ff) for rid 2 of orm0\npcib0: allocated type 3 (0xd2800-0xd2fff) for rid 2 of orm0\npcib0: allocated type 3 (0xd3000-0xd37ff) for rid 2 of orm0\npcib0: allocated type 3 (0xd3800-0xd3fff) for rid 2 of orm0\npcib0: allocated type 3 (0xd4000-0xd47ff) for rid 2 of orm0\npcib0: allocated type 3 (0xd4800-0xd4fff) for rid 2 of orm0\npcib0: allocated type 3 (0xd5000-0xd57ff) for rid 2 of orm0\npcib0: allocated type 3 (0xd5800-0xd5fff) for rid 2 of orm0\npcib0: allocated type 3 (0xd6000-0xd67ff) for rid 2 of orm0\npcib0: allocated type 3 (0xd6800-0xd6fff) for rid 2 of orm0\npcib0: allocated type 3 (0xd7000-0xd77ff) for rid 2 of orm0\npcib0: allocated type 3 (0xd7800-0xd7fff) for rid 2 of orm0\npcib0: allocated type 3 (0xd8000-0xd87ff) for rid 2 of orm0\npcib0: allocated type 3 (0xd8800-0xd8fff) for rid 2 of orm0\npcib0: allocated type 3 (0xd9000-0xd97ff) for rid 2 of orm0\npcib0: allocated type 3 (0xd9800-0xd9fff) for rid 2 of orm0\npcib0: allocated type 3 (0xda000-0xda7ff) for rid 2 of orm0\npcib0: allocated type 3 (0xda800-0xdafff) for rid 2 of orm0\npcib0: allocated type 3 (0xdb000-0xdb7ff) for rid 2 of orm0\npcib0: allocated type 3 (0xdb800-0xdbfff) for rid 2 of orm0\npcib0: allocated type 3 (0xdc000-0xdc7ff) for rid 2 of orm0\npcib0: allocated type 3 (0xdc800-0xdcfff) for rid 2 of orm0\npcib0: allocated type 3 (0xdd000-0xdd7ff) for rid 2 of orm0\npcib0: allocated type 3 (0xdd800-0xddfff) for rid 2 of orm0\npcib0: allocated type 3 (0xde000-0xde7ff) for rid 2 of orm0\npcib0: allocated type 3 (0xde800-0xdefff) for rid 2 of orm0\npcib0: allocated type 3 (0xdf000-0xdf7ff) for rid 2 of orm0\npcib0: allocated type 3 (0xdf800-0xdffff) for rid 2 of orm0\nisa_probe_children: disabling PnP devices\nipmi0: \u003cIPMI System Interface\u003e on isa0\nipmi0: KCS mode found at io 0xca2 alignment 0x1 on isa\npcib0: allocated type 4 (0xca2-0xca3) for rid 0 of ipmi0\natkbdc: atkbdc0 already exists; skipping it\natrtc: atrtc0 already exists; skipping it\nattimer: attimer0 already exists; skipping it\nsc: sc0 already exists; skipping it\nuart: uart0 already exists; skipping it\nuart: uart1 already exists; skipping it\nuart: uart2 already exists; skipping it\nisa_probe_children: probing non-PnP devices\norm0: \u003cISA Option ROMs\u003e at iomem 0xc0000-0xc7fff,0xce800-0xcf7ff on isa0\nsc0: \u003cSystem console\u003e at flags 0x100 on isa0\nsc0: VGA \u003c16 virtual consoles, flags=0x300\u003e\nsc0: fb0, kbd1, terminal emulator: scteken (teken terminal)\nvga0: \u003cGeneric ISA VGA\u003e at port 0x3c0-0x3df iomem 0xa0000-0xbffff on isa0\npcib0: allocated type 4 (0x3c0-0x3df) for rid 0 of vga0\npcib0: allocated type 3 (0xa0000-0xbffff) for rid 0 of vga0\npcib0: allocated type 4 (0x3f0-0x3f5) for rid 0 of fdc0\npcib0: allocated type 4 (0x3f7-0x3f7) for rid 1 of fdc0\nfdc0 failed to probe at port 0x3f0-0x3f5,0x3f7 irq 6 drq 2 on isa0\nppc0: cannot reserve I/O port range\nppc0 failed to probe at irq 7 on isa0\nwbwd0 failed to probe on isa0\nisa_probe_children: probing PnP devices\ncoretemp0: \u003cCPU On-Die Thermal Sensors\u003e on cpu0\ncoretemp0: Setting TjMax=94\nest0: \u003cEnhanced SpeedStep Frequency Control\u003e on cpu0\np4tcc0: \u003cCPU Frequency Thermal Control\u003e on cpu0\ncoretemp1: \u003cCPU On-Die Thermal Sensors\u003e on cpu1\ncoretemp1: Setting TjMax=94\nest1: \u003cEnhanced SpeedStep Frequency Control\u003e on cpu1\np4tcc1: \u003cCPU Frequency Thermal Control\u003e on cpu1\ncoretemp2: \u003cCPU On-Die Thermal Sensors\u003e on cpu2\ncoretemp2: Setting TjMax=94\nest2: \u003cEnhanced SpeedStep Frequency Control\u003e on cpu2\np4tcc2: \u003cCPU Frequency Thermal Control\u003e on cpu2\ncoretemp3: \u003cCPU On-Die Thermal Sensors\u003e on cpu3\ncoretemp3: Setting TjMax=94\nest3: \u003cEnhanced SpeedStep Frequency Control\u003e on cpu3\np4tcc3: \u003cCPU Frequency Thermal Control\u003e on cpu3\nDevice configuration finished.\nprocfs registered\nZFS filesystem version: 5\nZFS storage pool version: features support (5000)\nlapic: Divisor 2, Frequency 49887851 Hz\nTimecounters tick every 1.000 msec\nvlan: initialized, using hash tables with chaining\nlo0: bpf attached\nhptnr: no controller detected.\nhptrr: no controller detected.\nhpt27xx: no controller detected.\nusbus0: 480Mbps High Speed USB v2.0\nusbus1: 480Mbps High Speed USB v2.0\nahcich0: AHCI reset...\nahcich0: SATA connect time=100us status=00000133\nugen0.1: \u003cIntel\u003e at usbus0\nuhub0: \u003cIntel EHCI root HUB, class 9/0, rev 2.00/1.00, addr 1\u003e on usbus0\nugen1.1: \u003cIntel\u003e at usbus1\nuhub1: \u003cIntel EHCI root HUB, class 9/0, rev 2.00/1.00, addr 1\u003e on usbus1\nahcich0: AHCI reset: device found\nahcich0: AHCI reset: device ready after 0ms\nipmi0: IPMI device rev. 1, firmware rev. 1.86, version 2.0\nipmi0: Number of channels 2\nipmi0: Attached watchdog\npass0 at ahcich0 bus 0 scbus0 target 0 lun 0\npass0: \u003cCorsair Force GT 1.3.2\u003e ATA-8 SATA 3.x device\npass0: Serial Number 114182040000070203B5\npass0: 600.000MB/s transfers (SATA 3.x, UDMA6, PIO 8192bytes)\npass0: Command Queueing enabled\nada0 at ahcich0 bus 0 scbus0 target 0 lun 0\nada0: \u003cCorsair Force GT 1.3.2\u003e ATA-8 SATA 3.x device\nada0: Serial Number 114182040000070203B5\nada0: 600.000MB/s transfers (SATA 3.x, UDMA6, GEOM: new disk ada0\nPIO 8192bytes)\nada0: Command Queueing enabled\nada0: 114473MB (234441648 512 byte sectors: 16H 63S/T 16383C)\nada0: quirks=0x1\u003c4K\u003e\nada0: Previously was known as ad4\nlapic2: CMCI unmasked\nlapic6: CMCI unmasked\nlapic4: CMCI unmasked\nSMP: AP CPU #1 Launched!\ncpu1 AP:\n      ID: 0x02000000   VER: 0x01060015 LDR: 0x00000000 DFR: 0xffffffff\n   lint0: 0x00010700 lint1: 0x00000400 TPR: 0x00000000 SVR: 0x000001ff\n   timer: 0x000100ef therm: 0x00010000 err: 0x000000f0 pmc: 0x00010400\n    cmci: 0x000000f2\nSMP: AP CPU #3 Launched!\ncpu3 AP:\n      ID: 0x06000000   VER: 0x01060015 LDR: 0x00000000 DFR: 0xffffffff\n   lint0: 0x00010700 lint1: 0x00000400 TPR: 0x00000000 SVR: 0x000001ff\n   timer: 0x000100ef therm: 0x00010000 err: 0x000000f0 pmc: 0x00010400\n    cmci: 0x000000f2\nSMP: AP CPU #2 Launched!\ncpu2 AP:\n      ID: 0x04000000   VER: 0x01060015 LDR: 0x00000000 DFR: 0xffffffff\n   lint0: 0x00010700 lint1: 0x00000400 TPR: 0x00000000 SVR: 0x000001ff\n   timer: 0x000100ef therm: 0x00010000 err: 0x000000f0 pmc: 0x00010400\n    cmci: 0x000000f2\nioapic0: routing intpin 1 (ISA IRQ 1) to lapic 2 vector 48\nioapic0: routing intpin 3 (ISA IRQ 3) to lapic 4 vector 48\nioapic0: routing intpin 4 (ISA IRQ 4) to lapic 6 vector 48\nioapic0: routing intpin 10 (ISA IRQ 10) to lapic 2 vector 49\nioapic0: routing intpin 16 (PCI IRQ 16) to lapic 4 vector 49\nioapic0: routing intpin 23 (PCI IRQ 23) to lapic 6 vector 49\nmsi: Assigning MSI-X IRQ 257 to local APIC 2 vector 50\nmsi: Assigning MSI-X IRQ 258 to local APIC 4 vector 50\nmsi: Assigning MSI-X IRQ 259 to local APIC 6 vector 50\nmsi: Assigning MSI-X IRQ 265 to local APIC 2 vector 51\nmsi: Assigning MSI-X IRQ 266 to local APIC 4 vector 51\nmsi: Assigning MSI-X IRQ 267 to local APIC 6 vector 51\nGEOM_PART: partition 1 is not aligned on 4096 bytes\nGEOM_PART: partition 2 is not aligned on 4096 bytes\nGEOM_PART: partition 3 is not aligned on 4096 bytes\nGEOM_PART: partition 4 is not aligned on 4096 bytes\nGEOM_PART: partition 5 is not aligned on 4096 bytes\nSMP: passed TSC synchronization test\nTSC timecounter discards lower 1 bit(s)\nTimecounter \"TSC-low\" frequency 1546523298 Hz quality 1000\nRoot mount waiting for: usbus1 usbus0\nuhub1: 2 ports with 2 removable, self powered\nuhub0: 2 ports with 2 removable, self powered\nRoot mount waiting for: usbus1 usbus0\nugen0.2: \u003cvendor 0x8087\u003e at usbus0\nuhub2: \u003cvendor 0x8087 product 0x0024, class 9/0, rev 2.00/0.00, addr 2\u003e \non usbus0\nugen1.2: \u003cvendor 0x8087\u003e at usbus1\nuhub3: \u003cvendor 0x8087 product 0x0024, class 9/0, rev 2.00/0.00, addr 2\u003e \non usbus1\nRoot mount waiting for: usbus1 usbus0\nuhub3: 6 ports with 6 removable, self powered\nuhub2: 6 ports with 6 removable, self powered\nugen0.3: \u003cWinbond Electronics Corp\u003e at usbus0\nums0: \u003cWinbond Electronics Corp Hermon USB hidmouse Device, class 0/0, \nrev 1.10/0.01, addr 3\u003e on usbus0\nums0: 3 buttons and [Z] coordinates ID=0\nukbd0: \u003cWinbond Electronics Corp Hermon USB hidmouse Device, class 0/0, \nrev 1.10/0.01, addr 3\u003e on usbus0\nkbd2 at ukbd0\nkbd2: ukbd0, generic (0), config:0x0, flags:0x3d0000\nRoot mount waiting for: usbus0\nusb_alloc_device: set address 4 failed (USB_ERR_STALLED, ignored)\nusbd_setup_device_desc: getting device descriptor at addr 4 failed, \nUSB_ERR_STALLED\nusbd_req_re_enumerate: addr=4, set address failed! (USB_ERR_STALLED, \nignored)\nusbd_setup_device_desc: getting device descriptor at addr 4 failed, \nUSB_ERR_STALLED\nRoot mount waiting for: usbus0\nusbd_req_re_enumerate: addr=4, set address failed! (USB_ERR_STALLED, \nignored)\nusbd_setup_device_desc: getting device descriptor at addr 4 failed, \nUSB_ERR_STALLED\nugen0.4: \u003cUnknown\u003e at usbus0 (disconnected)\nuhub_reattach_port: could not allocate new device\nTrying to mount root from zfs:glroot/root []...\nstart_init: trying /sbin/init\nlagg0: bpf attached\nvlan200: bpf attached\nvlan201: bpf attached\nvlan202: bpf attached\npflog0: bpf attached"
}