{
 "id": 827346,
 "bug_id": 200744,
 "attachment_id": 0,
 "creation_time": "2015-06-11T09:36:33Z",
 "creator": "paul@ifdnrg.com",
 "text": "\nuart0 failed to probe at port 0x3f8 irq 4 on isa0\n\n\nFull dmesg with boot_verbose\n\nTable 'FACP' at 0x95ff7000\nTable 'UEFI' at 0x95ffd000\nTable 'UEFI' at 0x95ffc000\nTable 'ASF!' at 0x95ffb000\nTable 'ASPT' at 0x95ffa000\nTable 'BOOT' at 0x95ff9000\nTable 'DBGP' at 0x95ff8000\nTable 'HPET' at 0x95ff6000\nTable 'APIC' at 0x95ff5000\nAPIC: Found table at 0x95ff5000\nAPIC: Using the MADT enumerator.\nMADT: Found CPU APIC ID 0 ACPI ID 1: enabled\nSMP: Added CPU 0 (AP)\nMADT: Found CPU APIC ID 1 ACPI ID 2: enabled\nSMP: Added CPU 1 (AP)\nMADT: Found CPU APIC ID 2 ACPI ID 3: enabled\nSMP: Added CPU 2 (AP)\nMADT: Found CPU APIC ID 3 ACPI ID 4: enabled\nSMP: Added CPU 3 (AP)\nMADT: Found CPU APIC ID 4 ACPI ID 5: enabled\nSMP: Added CPU 4 (AP)\nMADT: Found CPU APIC ID 5 ACPI ID 6: enabled\nSMP: Added CPU 5 (AP)\nMADT: Found CPU APIC ID 6 ACPI ID 7: enabled\nSMP: Added CPU 6 (AP)\nMADT: Found CPU APIC ID 7 ACPI ID 8: enabled\nSMP: Added CPU 7 (AP)\nCopyright (c) 1992-2014 The FreeBSD Project.\nCopyright (c) 1979, 1980, 1983, 1986, 1988, 1989, 1991, 1992, 1993, 1994\n\tThe Regents of the University of California. All rights reserved.\nFreeBSD is a registered trademark of The FreeBSD Foundation.\nFreeBSD 10.0-RELEASE #0 r260789: Thu Jan 16 22:34:59 UTC 2014\n    root@snap.freebsd.org:/usr/obj/usr/src/sys/GENERIC amd64\nFreeBSD clang version 3.3 (tags/RELEASE_33/final 183502) 20130610\nPreloaded elf kernel \"/boot/kernel/kernel\" at 0xffffffff81a34000.\nPreloaded elf obj module \"/boot/kernel/zfs.ko\" at 0xffffffff81a34d38.\nPreloaded elf obj module \"/boot/kernel/opensolaris.ko\" at 0xffffffff81a35460.\nCalibrating TSC clock ... TSC clock: 3491986424 Hz\nCPU: Intel(R) Xeon(R) CPU E3-1241 v3 @ 3.50GHz (3491.99-MHz K8-class CPU)\n  Origin = \"GenuineIntel\"  Id = 0x306c3  Family = 0x6  Model = 0x3c  Stepping = 3\n  Features=0xbfebfbff\u003cFPU,VME,DE,PSE,TSC,MSR,PAE,MCE,CX8,APIC,SEP,MTRR,PGE,MCA,CMOV,PAT,PSE36,CLFLUSH,DTS,ACPI,MMX,FXSR,SSE,SSE2,SS,HTT,TM,PBE\u003e\n  Features2=0x7ffafbff\u003cSSE3,PCLMULQDQ,DTES64,MON,DS_CPL,VMX,SMX,EST,TM2,SSSE3,\u003cb11\u003e,FMA,CX16,xTPR,PDCM,PCID,SSE4.1,SSE4.2,x2APIC,MOVBE,POPCNT,TSCDLT,AESNI,XSAVE,OSXSAVE,AVX,F16C,RDRAND\u003e\n  AMD Features=0x2c100800\u003cSYSCALL,NX,Page1GB,RDTSCP,LM\u003e\n  AMD Features2=0x21\u003cLAHF,ABM\u003e\n  Standard Extended Features=0x27ab\u003cGSFSBASE,TSCADJ,BMI1,AVX2,SMEP,BMI2,ENHMOVSB,INVPCID\u003e\n  TSC: P-state invariant, performance statistics\nreal memory  = 17179869184 (16384 MB)\nPhysical memory chunk(s):\n0x0000000000010000 - 0x000000000009afff, 569344 bytes (139 pages)\n0x0000000000100000 - 0x00000000001fffff, 1048576 bytes (256 pages)\n0x0000000001a5b000 - 0x000000009573efff, 2479767552 bytes (605412 pages)\n0x0000000095fff000 - 0x0000000095ffffff, 4096 bytes (1 pages)\n0x0000000100000000 - 0x0000000443790fff, 14016909312 bytes (3422097 pages)\navail memory = 16395362304 (15635 MB)\nEvent timer \"LAPIC\" quality 600\nACPI APIC Table: \u003cDELL   PE_SC3  \u003e\nINTR: Adding local APIC 1 as a target\nINTR: Adding local APIC 2 as a target\nINTR: Adding local APIC 3 as a target\nINTR: Adding local APIC 4 as a target\nINTR: Adding local APIC 5 as a target\nINTR: Adding local APIC 6 as a target\nINTR: Adding local APIC 7 as a target\nFreeBSD/SMP: Multiprocessor System Detected: 8 CPUs\nFreeBSD/SMP: 1 package(s) x 4 core(s) x 2 SMT threads\n cpu0 (BSP): APIC ID:  0\n cpu1 (AP): APIC ID:  1\n cpu2 (AP): APIC ID:  2\n cpu3 (AP): APIC ID:  3\n cpu4 (AP): APIC ID:  4\n cpu5 (AP): APIC ID:  5\n cpu6 (AP): APIC ID:  6\n cpu7 (AP): APIC ID:  7\nAPIC: CPU 0 has ACPI ID 1\nAPIC: CPU 1 has ACPI ID 2\nAPIC: CPU 2 has ACPI ID 3\nAPIC: CPU 3 has ACPI ID 4\nAPIC: CPU 4 has ACPI ID 5\nAPIC: CPU 5 has ACPI ID 6\nAPIC: CPU 6 has ACPI ID 7\nAPIC: CPU 7 has ACPI ID 8\nXEN: CPU 0 has VCPU ID 1\nXEN: CPU 1 has VCPU ID 2\nXEN: CPU 2 has VCPU ID 3\nXEN: CPU 3 has VCPU ID 4\nXEN: CPU 4 has VCPU ID 5\nXEN: CPU 5 has VCPU ID 6\nXEN: CPU 6 has VCPU ID 7\nXEN: CPU 7 has VCPU ID 8\nlapic0: CMCI unmasked\nx86bios:  IVT 0x000000-0x0004ff at 0xfffff80000000000\nx86bios: SSEG 0x09a000-0x09afff at 0xfffffe044b596000\nx86bios: EBDA 0x09f000-0x09ffff at 0xfffff8000009f000\nx86bios:  ROM 0x0a0000-0x0fefff at 0xfffff800000a0000\nULE: setup cpu 0\nULE: setup cpu 1\nULE: setup cpu 2\nULE: setup cpu 3\nULE: setup cpu 4\nULE: setup cpu 5\nULE: setup cpu 6\nULE: setup cpu 7\nACPI: RSDP 0xfe020 00024 (v02 DELL  )\nACPI: XSDT 0x95fcf188 000E4 (v01 DELL   PE_SC3   00000001      01000013)\nACPI: FACP 0x95ff7000 0010C (v05 DELL   PE_SC3   00000001 DELL 00040000)\nACPI: DSDT 0x95fdf000 12335 (v01 DELL   PE_SC3   00000000 DELL 00040000)\nACPI: FACS 0x95fbd000 00040\nACPI: UEFI 0x95ffd000 00236 (v01 DELL   PE_SC3   00000001 DELL 00040000)\nACPI: UEFI 0x95ffc000 00042 (v01 DELL   PE_SC3   00000000 DELL 00040000)\nACPI: ASF! 0x95ffb000 000A5 (v32 DELL   PE_SC3   00000001 DELL 00040000)\nACPI: ASPT 0x95ffa000 00034 (v07 DELL   PE_SC3   00000001 DELL 00040000)\nACPI: BOOT 0x95ff9000 00028 (v01 DELL   PE_SC3   00000001 DELL 00040000)\nACPI: DBGP 0x95ff8000 00034 (v01 DELL   PE_SC3   00000001 DELL 00040000)\nACPI: HPET 0x95ff6000 00038 (v01 DELL   PE_SC3   00000001 DELL 00040000)\nACPI: APIC 0x95ff5000 00092 (v03 DELL   PE_SC3   00000001 DELL 00040000)\nACPI: MCFG 0x95ff4000 0003C (v01 DELL   PE_SC3   00000001 DELL 00040000)\nACPI: SLIC 0x95ff3000 00176 (v01 DELL   PE_SC3   00000001 DELL 00040000)\nACPI: SSDT 0x95fdc000 02028 (v01 DELL   PE_SC3   00001000 DELL 00040000)\nACPI: SPMI 0x95fda000 00040 (v05 DELL   PE_SC3   00000001 DELL 00040000)\nACPI: SSDT 0x95fd9000 00533 (v01 DELL   PE_SC3   00003000 DELL 00040000)\nACPI: SSDT 0x95fd8000 00ACE (v01 DELL   PE_SC3   00003000 DELL 00040000)\nACPI: SSDT 0x95fd4000 03492 (v01 DELL   PE_SC3   00003000 DELL 00040000)\nACPI: SPCR 0x95ff2000 00050 (v01 DELL   PE_SC3   00000001 DELL 00040000)\nACPI: DMAR 0x95fd3000 00080 (v01 DELL   PE_SC3   00000001 DELL 00040000)\nACPI: SSDT 0x95fd2000 00514 (v01 DELL   PE_SC3   00001000 DELL 00040000)\nACPI: FPDT 0x95fd1000 00044 (v01 DELL   PE_SC3   00000001 DELL 00040000)\nACPI: HEST 0x95fd0000 000A8 (v01 DELL   PE_SC3   00000001 DELL 00040000)\nACPI: ERST 0x95fce000 00230 (v01 DELL   PE_SC3   00000001 DELL 00040000)\nACPI: BERT 0x95fcd000 00030 (v01 DELL   PE_SC3   00000001 DELL 00040000)\nACPI: EINJ 0x95fcc000 00150 (v01 DELL   PE_SC3   00000001 DELL 00040000)\nMADT: Found IO APIC ID 2, Interrupt 0 at 0xfec00000\nioapic0: Routing external 8259A's -\u003e intpin 0\nMADT: Interrupt override: source 0, irq 2\nioapic0: Routing IRQ 0 -\u003e intpin 2\nMADT: Interrupt override: source 9, irq 9\nioapic0: intpin 9 trigger: level\nlapic: Routing NMI -\u003e LINT1\nlapic: LINT1 trigger: edge\nlapic: LINT1 polarity: high\nioapic0 \u003cVersion 2.0\u003e irqs 0-23 on motherboard\ncpu0 BSP:\n     ID: 0x00000000   VER: 0x01060015 LDR: 0x00000000 DFR: 0xffffffff\n  lint0: 0x00010700 lint1: 0x00000400 TPR: 0x00000000 SVR: 0x000001ff\n  timer: 0x000100ef therm: 0x00010000 err: 0x000000f0 pmc: 0x00010400\n   cmci: 0x000000f2\nwlan: \u003c802.11 Link Layer\u003e\nsnd_unit_init() u=0x00ff8000 [512] d=0x00007c00 [32] c=0x000003ff [1024]\nfeeder_register: snd_unit=-1 snd_maxautovchans=16 latency=5 feeder_rate_min=1 feeder_rate_max=2016000 feeder_rate_round=25\nHardware, VIA Nehemiah Padlock RNG: VIA Padlock RNG not present\nnull: \u003cnull device, zero device\u003e\nnfslock: pseudo-device\nFalling back to \u003cSoftware, Yarrow\u003e random adaptor\nrandom: \u003cSoftware, Yarrow\u003e initialized\nVESA: INT 0x10 vector 0xc000:0x0b60\nVESA: information block\n0000   56 45 53 41 00 03 c6 57 00 c0 01 00 00 00 31 54\n0010   00 c0 00 01 09 03 db 57 00 c0 e2 57 00 c0 eb 57\n0020   00 c0 00 00 00 00 00 00 00 00 00 00 00 00 00 00\n0030   00 00 00 00 00 00 00 00 00 00 00 00 00 00 00 00\n0040   00 00 00 00 00 00 00 00 00 00 00 00 00 00 00 00\n0050   00 00 00 00 00 00 00 00 00 00 00 00 00 00 00 00\n0060   00 00 00 00 00 00 00 00 00 00 00 00 00 00 00 00\n0070   00 00 00 00 00 00 00 00 00 00 00 00 00 00 00 00\n0080   00 00 00 00 00 00 00 00 00 00 00 00 00 00 00 00\n0090   00 00 00 00 00 00 00 00 00 00 00 00 00 00 00 00\n00a0   00 00 00 00 00 00 00 00 00 00 00 00 00 00 00 00\n00b0   00 00 00 00 00 00 00 00 00 00 00 00 00 00 00 00\n00c0   00 00 00 00 00 00 00 00 00 00 00 00 00 00 00 00\n00d0   00 00 00 00 00 00 00 00 00 00 00 00 00 00 00 00\n00e0   00 00 00 00 00 00 00 00 00 00 00 00 00 00 00 00\n00f0   00 00 00 00 00 00 00 00 00 00 00 00 00 00 00 00\n0100   4d 61 74 72 6f 78 00 4d 47 41 2d 47 32 30 30 00\n0110   30 30 00 00 00 00 00 00 00 00 00 00 00 00 00 00\n0120   00 00 00 00 00 00 00 00 00 00 00 00 00 00 00 00\n0130   00 00 00 00 00 00 00 00 00 00 00 00 00 00 00 00\n0140   00 00 00 00 00 00 00 00 00 00 00 00 00 00 00 00\n0150   00 00 00 00 00 00 00 00 00 00 00 00 00 00 00 00\n0160   00 00 00 00 00 00 00 00 00 00 00 00 00 00 00 00\n0170   00 00 00 00 00 00 00 00 00 00 00 00 00 00 00 00\n0180   00 00 00 00 00 00 00 00 00 00 00 00 00 00 00 00\n0190   00 00 00 00 00 00 00 00 00 00 00 00 00 00 00 00\n01a0   00 00 00 00 00 00 00 00 00 00 00 00 00 00 00 00\n01b0   00 00 00 00 00 00 00 00 00 00 00 00 00 00 00 00\n01c0   00 00 00 00 00 00 00 00 00 00 00 00 00 00 00 00\n01d0   00 00 00 00 00 00 00 00 00 00 00 00 00 00 00 00\n01e0   00 00 00 00 00 00 00 00 00 00 00 00 00 00 00 00\n01f0   00 00 00 00 00 00 00 00 00 00 00 00 00 00 00 00\nVESA: 22 mode(s) found\nVESA: v3.0, 16384k memory, flags:0x1, mode table:0xfffff800000c5431 (c0005431)\nVESA: Matrox Graphics Inc.\nVESA: Matrox MGA-G200 00\nio: \u003cI/O\u003e\nVMBUS: load\nkbd: new array size 4\nkbd1 at kbdmux0\nmem: \u003cmemory\u003e\nhptnr: R750/DC7280 controller driver v1.0\nhpt27xx: RocketRAID 27xx controller driver v1.1\nhptrr: RocketRAID 17xx/2xxx SATA controller driver v1.2\nacpi0: \u003cDELL PE_SC3\u003e on motherboard\nACPI: All ACPI Tables successfully acquired\nPCIe: Memory Mapped configuration base @ 0xf0000000\nioapic0: routing intpin 9 (ISA IRQ 9) to lapic 0 vector 48\nACPI: Executed 1 blocks of module-level executable AML code\nacpi0: Power Button (fixed)\ncpu0: Processor \\134_PR_.CPU0 (ACPI ID 1) -\u003e APIC ID 0\ncpu0: \u003cACPI CPU\u003e on acpi0\nACPI: SSDT 0x95aaac18 003D3 (v01  PmRef  Cpu0Cst 00003001 INTL 20120816)\nACPI: Dynamic OEM Table Load:\nACPI: SSDT 0 003D3 (v01  PmRef  Cpu0Cst 00003001 INTL 20120816)\ncpu1: Processor \\134_PR_.CPU1 (ACPI ID 2) -\u003e APIC ID 1\ncpu1: \u003cACPI CPU\u003e on acpi0\nACPI: SSDT 0x95aaa618 005AA (v01  PmRef    ApIst 00003000 INTL 20120816)\nACPI: Dynamic OEM Table Load:\nACPI: SSDT 0 005AA (v01  PmRef    ApIst 00003000 INTL 20120816)\nACPI: SSDT 0x95aa9d98 00119 (v01  PmRef    ApCst 00003000 INTL 20120816)\nACPI: Dynamic OEM Table Load:\nACPI: SSDT 0 00119 (v01  PmRef    ApCst 00003000 INTL 20120816)\ncpu2: Processor \\134_PR_.CPU2 (ACPI ID 3) -\u003e APIC ID 2\ncpu2: \u003cACPI CPU\u003e on acpi0\ncpu3: Processor \\134_PR_.CPU3 (ACPI ID 4) -\u003e APIC ID 3\ncpu3: \u003cACPI CPU\u003e on acpi0\ncpu4: Processor \\134_PR_.CPU4 (ACPI ID 5) -\u003e APIC ID 4\ncpu4: \u003cACPI CPU\u003e on acpi0\ncpu5: Processor \\134_PR_.CPU5 (ACPI ID 6) -\u003e APIC ID 5\ncpu5: \u003cACPI CPU\u003e on acpi0\ncpu6: Processor \\134_PR_.CPU6 (ACPI ID 7) -\u003e APIC ID 6\ncpu6: \u003cACPI CPU\u003e on acpi0\ncpu7: Processor \\134_PR_.CPU7 (ACPI ID 8) -\u003e APIC ID 7\ncpu7: \u003cACPI CPU\u003e on acpi0\nhpet0: \u003cHigh Precision Event Timer\u003e iomem 0xfed00000-0xfed003ff on acpi0\nhpet0: vendor 0x8086, rev 0x1, 14318180Hz 64bit, 8 timers, legacy route\nhpet0:  t0: irqs 0x00f00000 (0), MSI, 64bit, periodic\nhpet0:  t1: irqs 0x00f00000 (0), MSI\nhpet0:  t2: irqs 0x00f00800 (0), MSI\nhpet0:  t3: irqs 0x00f01000 (0), MSI\nhpet0:  t4: irqs 0x00000000 (0), MSI\nhpet0:  t5: irqs 0x00000000 (0), MSI\nhpet0:  t6: irqs 0x00000000 (0), MSI\nhpet0:  t7: irqs 0x00000000 (0), MSI\nTimecounter \"HPET\" frequency 14318180 Hz quality 950\nmsi: routing MSI-X IRQ 256 to local APIC 0 vector 49\nmsi: routing MSI-X IRQ 257 to local APIC 0 vector 50\nmsi: routing MSI-X IRQ 258 to local APIC 0 vector 51\nmsi: routing MSI-X IRQ 259 to local APIC 0 vector 52\nmsi: routing MSI-X IRQ 260 to local APIC 0 vector 53\nmsi: routing MSI-X IRQ 261 to local APIC 0 vector 54\nmsi: routing MSI-X IRQ 262 to local APIC 0 vector 55\nmsi: routing MSI-X IRQ 263 to local APIC 0 vector 56\nEvent timer \"HPET\" frequency 14318180 Hz quality 550\natrtc0: \u003cAT realtime clock\u003e port 0x70-0x77 irq 8 on acpi0\natrtc0: Warning: Couldn't map I/O.\natrtc0: registered as a time-of-day clock (resolution 1000000us, adjustment 0.500000000s)\nioapic0: routing intpin 8 (ISA IRQ 8) to lapic 0 vector 57\nEvent timer \"RTC\" frequency 32768 Hz quality 0\nattimer0: \u003cAT timer\u003e port 0x40-0x43,0x50-0x53 irq 0 on acpi0\nTimecounter \"i8254\" frequency 1193182 Hz quality 0\nioapic0: routing intpin 2 (ISA IRQ 0) to lapic 0 vector 58\nEvent timer \"i8254\" frequency 1193182 Hz quality 100\nACPI timer: 1/1 1/1 1/2 1/2 1/2 1/1 1/1 1/1 1/1 1/1 -\u003e 10\nTimecounter \"ACPI-fast\" frequency 3579545 Hz quality 900\nacpi_timer0: \u003c24-bit timer at 3.579545MHz\u003e port 0x1808-0x180b on acpi0\npci_link0:        Index  IRQ  Rtd  Ref  IRQs\n  Initial Probe       0   10   N     0  3 4 5 6 10 11 12 14 15\n  Validation          0   10   N     0  3 4 5 6 10 11 12 14 15\n  After Disable       0  255   N     0  3 4 5 6 10 11 12 14 15\npci_link1:        Index  IRQ  Rtd  Ref  IRQs\n  Initial Probe       0   11   N     0  3 4 5 6 10 11 12 14 15\n  Validation          0   11   N     0  3 4 5 6 10 11 12 14 15\n  After Disable       0  255   N     0  3 4 5 6 10 11 12 14 15\npci_link2:        Index  IRQ  Rtd  Ref  IRQs\n  Initial Probe       0   10   N     0  3 4 5 6 10 11 12 14 15\n  Validation          0   10   N     0  3 4 5 6 10 11 12 14 15\n  After Disable       0  255   N     0  3 4 5 6 10 11 12 14 15\npci_link3:        Index  IRQ  Rtd  Ref  IRQs\n  Initial Probe       0   10   N     0  3 4 5 6 10 11 12 14 15\n  Validation          0   10   N     0  3 4 5 6 10 11 12 14 15\n  After Disable       0  255   N     0  3 4 5 6 10 11 12 14 15\npci_link4:        Index  IRQ  Rtd  Ref  IRQs\n  Initial Probe       0  255   N     0  3 4 5 6 10 11 12 14 15\n  Validation          0  255   N     0  3 4 5 6 10 11 12 14 15\n  After Disable       0  255   N     0  3 4 5 6 10 11 12 14 15\npci_link5:        Index  IRQ  Rtd  Ref  IRQs\n  Initial Probe       0  255   N     0  3 4 5 6 10 11 12 14 15\n  Validation          0  255   N     0  3 4 5 6 10 11 12 14 15\n  After Disable       0  255   N     0  3 4 5 6 10 11 12 14 15\npci_link6:        Index  IRQ  Rtd  Ref  IRQs\n  Initial Probe       0  255   N     0  3 4 5 6 10 11 12 14 15\n  Validation          0  255   N     0  3 4 5 6 10 11 12 14 15\n  After Disable       0  255   N     0  3 4 5 6 10 11 12 14 15\npci_link7:        Index  IRQ  Rtd  Ref  IRQs\n  Initial Probe       0   11   N     0  3 4 5 6 10 11 12 14 15\n  Validation          0   11   N     0  3 4 5 6 10 11 12 14 15\n  After Disable       0  255   N     0  3 4 5 6 10 11 12 14 15\npcib0: \u003cACPI Host-PCI bridge\u003e port 0xcf8-0xcff on acpi0\npcib0: decoding 4 range 0-0xcf7\npcib0: decoding 4 range 0xd00-0xffff\npcib0: decoding 3 range 0xa0000-0xbffff\npcib0: decoding 3 range 0xa0000000-0xfeafffff\npci0: \u003cACPI PCI bus\u003e on pcib0\npci0: domain=0, physical bus=0\nfound-\u003e\tvendor=0x8086, dev=0x0c08, revid=0x06\n\tdomain=0, bus=0, slot=0, func=0\n\tclass=06-00-00, hdrtype=0x00, mfdev=0\n\tcmdreg=0x0006, statreg=0x2090, cachelnsz=0 (dwords)\n\tlattimer=0x00 (0 ns), mingnt=0x00 (0 ns), maxlat=0x00 (0 ns)\nfound-\u003e\tvendor=0x8086, dev=0x8c31, revid=0x05\n\tdomain=0, bus=0, slot=20, func=0\n\tclass=0c-03-30, hdrtype=0x00, mfdev=0\n\tcmdreg=0x0006, statreg=0x0290, cachelnsz=0 (dwords)\n\tlattimer=0x00 (0 ns), mingnt=0x00 (0 ns), maxlat=0x00 (0 ns)\n\tintpin=a, irq=10\n\tpowerspec 2  supports D0 D3  current D0\n\tMSI supports 8 messages, 64 bit\n\tmap[10]: type Memory, range 64, base 0xa2b00000, size 16, enabled\npcib0: allocated type 3 (0xa2b00000-0xa2b0ffff) for rid 10 of pci0:0:20:0\npcib0: matched entry for 0.20.INTA\npcib0: slot 20 INTA hardwired to IRQ 16\nfound-\u003e\tvendor=0x8086, dev=0x8c2d, revid=0x05\n\tdomain=0, bus=0, slot=26, func=0\n\tclass=0c-03-20, hdrtype=0x00, mfdev=0\n\tcmdreg=0x0006, statreg=0x0290, cachelnsz=0 (dwords)\n\tlattimer=0x00 (0 ns), mingnt=0x00 (0 ns), maxlat=0x00 (0 ns)\n\tintpin=a, irq=10\n\tpowerspec 2  supports D0 D3  current D0\n\tmap[10]: type Memory, range 32, base 0xa2b12000, size 10, enabled\npcib0: allocated type 3 (0xa2b12000-0xa2b123ff) for rid 10 of pci0:0:26:0\npcib0: matched entry for 0.26.INTA\npcib0: slot 26 INTA hardwired to IRQ 16\nehci early: SMM active, request owner change\nfound-\u003e\tvendor=0x8086, dev=0x8c10, revid=0xd5\n\tdomain=0, bus=0, slot=28, func=0\n\tclass=06-04-00, hdrtype=0x01, mfdev=1\n\tcmdreg=0x0147, statreg=0x0010, cachelnsz=16 (dwords)\n\tlattimer=0x00 (0 ns), mingnt=0x03 (750 ns), maxlat=0x00 (0 ns)\n\tintpin=a, irq=10\n\tpowerspec 3  supports D0 D3  current D0\n\tMSI supports 1 message\npcib0: matched entry for 0.28.INTA\npcib0: slot 28 INTA hardwired to IRQ 16\nfound-\u003e\tvendor=0x8086, dev=0x8c14, revid=0xd5\n\tdomain=0, bus=0, slot=28, func=2\n\tclass=06-04-00, hdrtype=0x01, mfdev=1\n\tcmdreg=0x0147, statreg=0x0010, cachelnsz=16 (dwords)\n\tlattimer=0x00 (0 ns), mingnt=0x0b (2750 ns), maxlat=0x00 (0 ns)\n\tintpin=c, irq=10\n\tpowerspec 3  supports D0 D3  current D0\n\tMSI supports 1 message\npcib0: matched entry for 0.28.INTC\npcib0: slot 28 INTC hardwired to IRQ 18\nfound-\u003e\tvendor=0x8086, dev=0x8c26, revid=0x05\n\tdomain=0, bus=0, slot=29, func=0\n\tclass=0c-03-20, hdrtype=0x00, mfdev=0\n\tcmdreg=0x0006, statreg=0x0290, cachelnsz=0 (dwords)\n\tlattimer=0x00 (0 ns), mingnt=0x00 (0 ns), maxlat=0x00 (0 ns)\n\tintpin=a, irq=11\n\tpowerspec 2  supports D0 D3  current D0\n\tmap[10]: type Memory, range 32, base 0xa2b11000, size 10, enabled\npcib0: allocated type 3 (0xa2b11000-0xa2b113ff) for rid 10 of pci0:0:29:0\npcib0: matched entry for 0.29.INTA\npcib0: slot 29 INTA hardwired to IRQ 23\nehci early: SMM active, request owner change\nfound-\u003e\tvendor=0x8086, dev=0x8c52, revid=0x05\n\tdomain=0, bus=0, slot=31, func=0\n\tclass=06-01-00, hdrtype=0x00, mfdev=1\n\tcmdreg=0x0007, statreg=0x0210, cachelnsz=0 (dwords)\n\tlattimer=0x00 (0 ns), mingnt=0x00 (0 ns), maxlat=0x00 (0 ns)\nfound-\u003e\tvendor=0x8086, dev=0x8c02, revid=0x05\n\tdomain=0, bus=0, slot=31, func=2\n\tclass=01-06-01, hdrtype=0x00, mfdev=0\n\tcmdreg=0x0007, statreg=0x02b0, cachelnsz=0 (dwords)\n\tlattimer=0x00 (0 ns), mingnt=0x00 (0 ns), maxlat=0x00 (0 ns)\n\tintpin=b, irq=10\n\tpowerspec 3  supports D0 D3  current D0\n\tMSI supports 1 message\n\tmap[10]: type I/O Port, range 32, base 0x3048, size  3, enabled\npcib0: allocated type 4 (0x3048-0x304f) for rid 10 of pci0:0:31:2\n\tmap[14]: type I/O Port, range 32, base 0x3054, size  2, enabled\npcib0: allocated type 4 (0x3054-0x3057) for rid 14 of pci0:0:31:2\n\tmap[18]: type I/O Port, range 32, base 0x3040, size  3, enabled\npcib0: allocated type 4 (0x3040-0x3047) for rid 18 of pci0:0:31:2\n\tmap[1c]: type I/O Port, range 32, base 0x3050, size  2, enabled\npcib0: allocated type 4 (0x3050-0x3053) for rid 1c of pci0:0:31:2\n\tmap[20]: type I/O Port, range 32, base 0x3020, size  5, enabled\npcib0: allocated type 4 (0x3020-0x303f) for rid 20 of pci0:0:31:2\n\tmap[24]: type Memory, range 32, base 0xa2b10000, size 11, enabled\npcib0: allocated type 3 (0xa2b10000-0xa2b107ff) for rid 24 of pci0:0:31:2\npcib0: matched entry for 0.31.INTB\npcib0: slot 31 INTB hardwired to IRQ 19\nfound-\u003e\tvendor=0x8086, dev=0x8c22, revid=0x05\n\tdomain=0, bus=0, slot=31, func=3\n\tclass=0c-05-00, hdrtype=0x00, mfdev=0\n\tcmdreg=0x0003, statreg=0x0280, cachelnsz=0 (dwords)\n\tlattimer=0x00 (0 ns), mingnt=0x00 (0 ns), maxlat=0x00 (0 ns)\n\tintpin=c, irq=10\n\tmap[10]: type Memory, range 64, base 0xa2b13000, size  8, enabled\npcib0: allocated type 3 (0xa2b13000-0xa2b130ff) for rid 10 of pci0:0:31:3\n\tmap[20]: type I/O Port, range 32, base 0x3000, size  5, enabled\npcib0: allocated type 4 (0x3000-0x301f) for rid 20 of pci0:0:31:3\npcib0: matched entry for 0.31.INTC\npcib0: slot 31 INTC hardwired to IRQ 18\nxhci0: \u003cIntel Lynx Point USB 3.0 controller\u003e mem 0xa2b00000-0xa2b0ffff irq 16 at device 20.0 on pci0\nxhci0: attempting to allocate 1 MSI vectors (8 supported)\nmsi: routing MSI IRQ 264 to local APIC 0 vector 59\nxhci0: using IRQ 264 for MSI\nxhci0: MSI enabled\nusbus0: waiting for BIOS to give up control\nxhci0: 32 byte context size.\nxhci0: Port routing mask set to 0xffffffff\nusbus0 on xhci0\nxhci0: usbpf: Attached\nehci0: \u003cEHCI (generic) USB 2.0 controller\u003e mem 0xa2b12000-0xa2b123ff irq 16 at device 26.0 on pci0\nioapic0: routing intpin 16 (PCI IRQ 16) to lapic 0 vector 60\nusbus1: EHCI version 1.0\nusbus1 on ehci0\nehci0: usbpf: Attached\npcib1: \u003cACPI PCI-PCI bridge\u003e irq 16 at device 28.0 on pci0\npcib0: allocated type 3 (0xa2a00000-0xa2afffff) for rid 24 of pcib1\npcib1:   domain            0\npcib1:   secondary bus     1\npcib1:   subordinate bus   1\npcib1:   prefetched decode 0xa2a00000-0xa2afffff\npci1: \u003cACPI PCI bus\u003e on pcib1\npci1: domain=0, physical bus=1\nfound-\u003e\tvendor=0x14e4, dev=0x165f, revid=0x00\n\tdomain=0, bus=1, slot=0, func=0\n\tclass=02-00-00, hdrtype=0x00, mfdev=1\n\tcmdreg=0x0006, statreg=0x0010, cachelnsz=16 (dwords)\n\tlattimer=0x00 (0 ns), mingnt=0x00 (0 ns), maxlat=0x00 (0 ns)\n\tintpin=a, irq=10\n\tpowerspec 3  supports D0 D3  current D0\n\tMSI supports 8 messages, 64 bit\n\tMSI-X supports 17 messages in map 0x20\n\tmap[10]: type Prefetchable Memory, range 64, base 0xa2a30000, size 16, enabled\npcib1: allocated prefetch range (0xa2a30000-0xa2a3ffff) for rid 10 of pci0:1:0:0\n\tmap[18]: type Prefetchable Memory, range 64, base 0xa2a40000, size 16, enabled\npcib1: allocated prefetch range (0xa2a40000-0xa2a4ffff) for rid 18 of pci0:1:0:0\n\tmap[20]: type Prefetchable Memory, range 64, base 0xa2a50000, size 16, enabled\npcib1: allocated prefetch range (0xa2a50000-0xa2a5ffff) for rid 20 of pci0:1:0:0\npcib1: matched entry for 1.0.INTA\npcib1: slot 0 INTA hardwired to IRQ 16\nfound-\u003e\tvendor=0x14e4, dev=0x165f, revid=0x00\n\tdomain=0, bus=1, slot=0, func=1\n\tclass=02-00-00, hdrtype=0x00, mfdev=1\n\tcmdreg=0x0006, statreg=0x0010, cachelnsz=16 (dwords)\n\tlattimer=0x00 (0 ns), mingnt=0x00 (0 ns), maxlat=0x00 (0 ns)\n\tintpin=b, irq=11\n\tpowerspec 3  supports D0 D3  current D0\n\tMSI supports 8 messages, 64 bit\n\tMSI-X supports 17 messages in map 0x20\n\tmap[10]: type Prefetchable Memory, range 64, base 0xa2a00000, size 16, enabled\npcib1: allocated prefetch range (0xa2a00000-0xa2a0ffff) for rid 10 of pci0:1:0:1\n\tmap[18]: type Prefetchable Memory, range 64, base 0xa2a10000, size 16, enabled\npcib1: allocated prefetch range (0xa2a10000-0xa2a1ffff) for rid 18 of pci0:1:0:1\n\tmap[20]: type Prefetchable Memory, range 64, base 0xa2a20000, size 16, enabled\npcib1: allocated prefetch range (0xa2a20000-0xa2a2ffff) for rid 20 of pci0:1:0:1\npcib1: matched entry for 1.0.INTB\npcib1: slot 0 INTB hardwired to IRQ 17\nbge0: \u003cBroadcom NetXtreme Gigabit Ethernet, ASIC rev. 0x5720000\u003e mem 0xa2a30000-0xa2a3ffff,0xa2a40000-0xa2a4ffff,0xa2a50000-0xa2a5ffff irq 16 at device 0.0 on pci1\nbge0: APE FW version: NCSI v1.3.7.0\nbge0: attempting to allocate 1 MSI vectors (8 supported)\nmsi: routing MSI IRQ 265 to local APIC 0 vector 61\nbge0: using IRQ 265 for MSI\nbge0: CHIP ID 0x05720000; ASIC REV 0x5720; CHIP REV 0x57200; PCI-E\nbge0: Disabling fastboot\nmiibus0: \u003cMII bus\u003e on bge0\nbrgphy0: \u003cBCM5720C 1000BASE-T media interface\u003e PHY 1 on miibus0\nbrgphy0: OUI 0x001be9, model 0x0036, rev. 0\nbrgphy0:  10baseT, 10baseT-FDX, 100baseTX, 100baseTX-FDX, 1000baseT, 1000baseT-master, 1000baseT-FDX, 1000baseT-FDX-master, auto, auto-flow\nbge0: bpf attached\nbge0: Ethernet address: 54:9f:35:23:a9:8a\nbge1: \u003cBroadcom NetXtreme Gigabit Ethernet, ASIC rev. 0x5720000\u003e mem 0xa2a00000-0xa2a0ffff,0xa2a10000-0xa2a1ffff,0xa2a20000-0xa2a2ffff irq 17 at device 0.1 on pci1\nbge1: APE FW version: NCSI v1.3.7.0\nbge1: attempting to allocate 1 MSI vectors (8 supported)\nmsi: routing MSI IRQ 266 to local APIC 0 vector 62\nbge1: using IRQ 266 for MSI\nbge1: CHIP ID 0x05720000; ASIC REV 0x5720; CHIP REV 0x57200; PCI-E\nbge1: Disabling fastboot\nmiibus1: \u003cMII bus\u003e on bge1\nbrgphy1: \u003cBCM5720C 1000BASE-T media interface\u003e PHY 2 on miibus1\nbrgphy1: OUI 0x001be9, model 0x0036, rev. 0\nbrgphy1:  10baseT, 10baseT-FDX, 100baseTX, 100baseTX-FDX, 1000baseT, 1000baseT-master, 1000baseT-FDX, 1000baseT-FDX-master, auto, auto-flow\nbge1: bpf attached\nbge1: Ethernet address: 54:9f:35:23:a9:8c\npcib2: \u003cACPI PCI-PCI bridge\u003e irq 18 at device 28.2 on pci0\npcib0: allocated type 3 (0xa2000000-0xa29fffff) for rid 20 of pcib2\npcib0: allocated type 3 (0xa1000000-0xa1ffffff) for rid 24 of pcib2\npcib2:   domain            0\npcib2:   secondary bus     2\npcib2:   subordinate bus   6\npcib2:   memory decode     0xa2000000-0xa29fffff\npcib2:   prefetched decode 0xa1000000-0xa1ffffff\npcib2:   special decode    VGA\npci2: \u003cACPI PCI bus\u003e on pcib2\npci2: domain=0, physical bus=2\nfound-\u003e\tvendor=0x1912, dev=0x0013, revid=0x00\n\tdomain=0, bus=2, slot=0, func=0\n\tclass=06-04-00, hdrtype=0x01, mfdev=0\n\tcmdreg=0x0147, statreg=0x0010, cachelnsz=16 (dwords)\n\tlattimer=0x00 (0 ns), mingnt=0x0b (2750 ns), maxlat=0x00 (0 ns)\n\tpowerspec 3  supports D0 D3  current D0\n\tMSI supports 1 message, 64 bit\npcib3: \u003cACPI PCI-PCI bridge\u003e at device 0.0 on pci2\npcib2: allocated memory range (0xa2000000-0xa29fffff) for rid 20 of pcib3\npcib2: allocated prefetch range (0xa1000000-0xa1ffffff) for rid 24 of pcib3\npcib3:   domain            0\npcib3:   secondary bus     3\npcib3:   subordinate bus   6\npcib3:   memory decode     0xa2000000-0xa29fffff\npcib3:   prefetched decode 0xa1000000-0xa1ffffff\npcib3:   special decode    VGA\npcib3: could not get PCI interrupt routing table for \\134_SB_.PCI0.RP03.PXSX - AE_NOT_FOUND\npci3: \u003cACPI PCI bus\u003e on pcib3\npci3: domain=0, physical bus=3\nfound-\u003e\tvendor=0x1912, dev=0x0013, revid=0x00\n\tdomain=0, bus=3, slot=0, func=0\n\tclass=06-04-00, hdrtype=0x01, mfdev=0\n\tcmdreg=0x0147, statreg=0x0010, cachelnsz=16 (dwords)\n\tlattimer=0x00 (0 ns), mingnt=0x0b (2750 ns), maxlat=0x00 (0 ns)\n\tpowerspec 3  supports D0 D3  current D0\n\tMSI supports 1 message, 64 bit\nfound-\u003e\tvendor=0x1912, dev=0x0013, revid=0x00\n\tdomain=0, bus=3, slot=1, func=0\n\tclass=06-04-00, hdrtype=0x01, mfdev=0\n\tcmdreg=0x0147, statreg=0x0010, cachelnsz=16 (dwords)\n\tlattimer=0x00 (0 ns), mingnt=0x03 (750 ns), maxlat=0x00 (0 ns)\n\tpowerspec 3  supports D0 D3  current D0\n\tMSI supports 1 message, 64 bit\npcib4: \u003cPCI-PCI bridge\u003e at device 0.0 on pci3\npcib3: allocated memory range (0xa2000000-0xa28fffff) for rid 20 of pcib4\npcib3: allocated prefetch range (0xa1000000-0xa1ffffff) for rid 24 of pcib4\npcib4:   domain            0\npcib4:   secondary bus     4\npcib4:   subordinate bus   5\npcib4:   memory decode     0xa2000000-0xa28fffff\npcib4:   prefetched decode 0xa1000000-0xa1ffffff\npcib4:   special decode    VGA\npci4: \u003cPCI bus\u003e on pcib4\npci4: domain=0, physical bus=4\nfound-\u003e\tvendor=0x1912, dev=0x0012, revid=0x00\n\tdomain=0, bus=4, slot=0, func=0\n\tclass=06-04-00, hdrtype=0x01, mfdev=0\n\tcmdreg=0x0147, statreg=0x0010, cachelnsz=16 (dwords)\n\tlattimer=0x00 (0 ns), mingnt=0x0b (2750 ns), maxlat=0x00 (0 ns)\n\tpowerspec 3  supports D0 D3  current D0\n\tMSI supports 1 message, 64 bit\npcib5: \u003cPCI-PCI bridge\u003e at device 0.0 on pci4\npcib4: allocated memory range (0xa2000000-0xa28fffff) for rid 20 of pcib5\npcib4: allocated prefetch range (0xa1000000-0xa1ffffff) for rid 24 of pcib5\npcib5:   domain            0\npcib5:   secondary bus     5\npcib5:   subordinate bus   5\npcib5:   memory decode     0xa2000000-0xa28fffff\npcib5:   prefetched decode 0xa1000000-0xa1ffffff\npcib5:   special decode    VGA\npci5: \u003cPCI bus\u003e on pcib5\npci5: domain=0, physical bus=5\nfound-\u003e\tvendor=0x102b, dev=0x0534, revid=0x00\n\tdomain=0, bus=5, slot=0, func=0\n\tclass=03-00-00, hdrtype=0x00, mfdev=0\n\tcmdreg=0x0007, statreg=0x0290, cachelnsz=16 (dwords)\n\tlattimer=0x20 (960 ns), mingnt=0x10 (4000 ns), maxlat=0x20 (8000 ns)\n\tintpin=a, irq=10\n\tpowerspec 1  supports D0 D3  current D0\n\tmap[10]: type Prefetchable Memory, range 32, base 0xa1000000, size 24, enabled\npcib5: allocated prefetch range (0xa1000000-0xa1ffffff) for rid 10 of pci0:5:0:0\n\tmap[14]: type Memory, range 32, base 0xa2800000, size 14, enabled\npcib5: allocated memory range (0xa2800000-0xa2803fff) for rid 14 of pci0:5:0:0\n\tmap[18]: type Memory, range 32, base 0xa2000000, size 23, enabled\npcib5: allocated memory range (0xa2000000-0xa27fffff) for rid 18 of pci0:5:0:0\npcib2: matched entry for 2.0.INTA\npcib2: slot 0 INTA hardwired to IRQ 18\npcib3: slot 0 INTA is routed to irq 18\npcib4: slot 0 INTA is routed to irq 18\npcib5: slot 0 INTA is routed to irq 18\nvgapci0: \u003cVGA-compatible display\u003e mem 0xa1000000-0xa1ffffff,0xa2800000-0xa2803fff,0xa2000000-0xa27fffff irq 18 at device 0.0 on pci5\nvgapci0: Boot video device\npcib6: \u003cPCI-PCI bridge\u003e at device 1.0 on pci3\npcib3: allocated memory range (0xa2900000-0xa29fffff) for rid 20 of pcib6\npcib6:   domain            0\npcib6:   secondary bus     6\npcib6:   subordinate bus   6\npcib6:   memory decode     0xa2900000-0xa29fffff\npci6: \u003cPCI bus\u003e on pcib6\npci6: domain=0, physical bus=6\nfound-\u003e\tvendor=0x1912, dev=0x0011, revid=0x00\n\tdomain=0, bus=6, slot=0, func=0\n\tclass=05-00-00, hdrtype=0x00, mfdev=0\n\tcmdreg=0x0007, statreg=0x0010, cachelnsz=16 (dwords)\n\tlattimer=0x00 (0 ns), mingnt=0x00 (0 ns), maxlat=0x00 (0 ns)\n\tintpin=a, irq=10\n\tpowerspec 3  supports D0 D3  current D0\n\tmap[10]: type Memory, range 32, base 0xa2901000, size 12, enabled\npcib6: allocated memory range (0xa2901000-0xa2901fff) for rid 10 of pci0:6:0:0\n\tmap[14]: type Memory, range 32, base 0xa2900000, size  7, enabled\npcib6: allocated memory range (0xa2900000-0xa290007f) for rid 14 of pci0:6:0:0\npcib2: matched entry for 2.0.INTB\npcib2: slot 0 INTB hardwired to IRQ 19\npcib3: slot 1 INTA is routed to irq 19\npcib6: slot 0 INTA is routed to irq 19\npci6: \u003cmemory, RAM\u003e at device 0.0 (no driver attached)\nehci1: \u003cEHCI (generic) USB 2.0 controller\u003e mem 0xa2b11000-0xa2b113ff irq 23 at device 29.0 on pci0\nioapic0: routing intpin 23 (PCI IRQ 23) to lapic 0 vector 63\nusbus2: EHCI version 1.0\nusbus2 on ehci1\nehci1: usbpf: Attached\nisab0: \u003cPCI-ISA bridge\u003e at device 31.0 on pci0\nisa0: \u003cISA bus\u003e on isab0\nahci0: \u003cIntel Lynx Point AHCI SATA controller\u003e port 0x3048-0x304f,0x3054-0x3057,0x3040-0x3047,0x3050-0x3053,0x3020-0x303f mem 0xa2b10000-0xa2b107ff irq 19 at device 31.2 on pci0\nahci0: attempting to allocate 1 MSI vectors (1 supported)\nmsi: routing MSI IRQ 267 to local APIC 0 vector 64\nahci0: using IRQ 267 for MSI\nahci0: AHCI v1.30 with 6 6Gbps ports, Port Multiplier not supported\nahci0: Caps: 64bit NCQ SS AL CLO 6Gbps PMD SSC PSC 32cmd EM eSATA 6ports\nahci0: Caps2: APST\nahcich0: \u003cAHCI channel\u003e at channel 0 on ahci0\nahcich0: Caps:\nahcich1: not probed (disabled)\nahcich2: not probed (disabled)\nahcich3: not probed (disabled)\nahcich4: \u003cAHCI channel\u003e at channel 4 on ahci0\nahcich4: Caps:\nahcich5: \u003cAHCI channel\u003e at channel 5 on ahci0\nahcich5: Caps: ESP\nahciem0: \u003cAHCI enclosure management bridge\u003e on ahci0\nahciem0: Caps: ALHD XMT SMB LED\npci0: \u003cserial bus, SMBus\u003e at device 31.3 (no driver attached)\nacpi_tz0: \u003cThermal Zone\u003e on acpi0\nacpi_tz1: \u003cThermal Zone\u003e on acpi0\nbattery0: \u003cACPI Control Method Battery\u003e on acpi0\nbattery1: \u003cACPI Control Method Battery\u003e on acpi0\nbattery2: \u003cACPI Control Method Battery\u003e on acpi0\nppc1: cannot reserve I/O port range\nuart1: \u003c16550 or compatible\u003e port 0x2f8-0x2ff irq 3 on acpi0\nioapic0: routing intpin 3 (ISA IRQ 3) to lapic 0 vector 65\nuart1: fast interrupt\nACPI: Enabled 7 GPEs in block 00 to 3F\nacpi0: wakeup code va 0xfffffe045d873000 pa 0x90000\nahc_isa_identify 0: ioport 0xc00 alloc failed\nahc_isa_identify 1: ioport 0x1c00 alloc failed\nahc_isa_identify 2: ioport 0x2c00 alloc failed\nahc_isa_identify 3: ioport 0x3c00 alloc failed\nahc_isa_identify 4: ioport 0x4c00 alloc failed\nahc_isa_identify 5: ioport 0x5c00 alloc failed\nahc_isa_identify 6: ioport 0x6c00 alloc failed\nahc_isa_identify 7: ioport 0x7c00 alloc failed\nahc_isa_identify 8: ioport 0x8c00 alloc failed\nahc_isa_identify 9: ioport 0x9c00 alloc failed\nahc_isa_identify 10: ioport 0xac00 alloc failed\nahc_isa_identify 11: ioport 0xbc00 alloc failed\nahc_isa_identify 12: ioport 0xcc00 alloc failed\nahc_isa_identify 13: ioport 0xdc00 alloc failed\nahc_isa_identify 14: ioport 0xec00 alloc failed\nex_isa_identify()\npcib0: allocated type 3 (0xa0000-0xa07ff) for rid 0 of orm0\npcib0: allocated type 3 (0xa0800-0xa0fff) for rid 0 of orm0\npcib0: allocated type 3 (0xa1000-0xa17ff) for rid 0 of orm0\npcib0: allocated type 3 (0xa1800-0xa1fff) for rid 0 of orm0\npcib0: allocated type 3 (0xa2000-0xa27ff) for rid 0 of orm0\npcib0: allocated type 3 (0xa2800-0xa2fff) for rid 0 of orm0\npcib0: allocated type 3 (0xa3000-0xa37ff) for rid 0 of orm0\npcib0: allocated type 3 (0xa3800-0xa3fff) for rid 0 of orm0\npcib0: allocated type 3 (0xa4000-0xa47ff) for rid 0 of orm0\npcib0: allocated type 3 (0xa4800-0xa4fff) for rid 0 of orm0\npcib0: allocated type 3 (0xa5000-0xa57ff) for rid 0 of orm0\npcib0: allocated type 3 (0xa5800-0xa5fff) for rid 0 of orm0\npcib0: allocated type 3 (0xa6000-0xa67ff) for rid 0 of orm0\npcib0: allocated type 3 (0xa6800-0xa6fff) for rid 0 of orm0\npcib0: allocated type 3 (0xa7000-0xa77ff) for rid 0 of orm0\npcib0: allocated type 3 (0xa7800-0xa7fff) for rid 0 of orm0\npcib0: allocated type 3 (0xa8000-0xa87ff) for rid 0 of orm0\npcib0: allocated type 3 (0xa8800-0xa8fff) for rid 0 of orm0\npcib0: allocated type 3 (0xa9000-0xa97ff) for rid 0 of orm0\npcib0: allocated type 3 (0xa9800-0xa9fff) for rid 0 of orm0\npcib0: allocated type 3 (0xaa000-0xaa7ff) for rid 0 of orm0\npcib0: allocated type 3 (0xaa800-0xaafff) for rid 0 of orm0\npcib0: allocated type 3 (0xab000-0xab7ff) for rid 0 of orm0\npcib0: allocated type 3 (0xab800-0xabfff) for rid 0 of orm0\npcib0: allocated type 3 (0xac000-0xac7ff) for rid 0 of orm0\npcib0: allocated type 3 (0xac800-0xacfff) for rid 0 of orm0\npcib0: allocated type 3 (0xad000-0xad7ff) for rid 0 of orm0\npcib0: allocated type 3 (0xad800-0xadfff) for rid 0 of orm0\npcib0: allocated type 3 (0xae000-0xae7ff) for rid 0 of orm0\npcib0: allocated type 3 (0xae800-0xaefff) for rid 0 of orm0\npcib0: allocated type 3 (0xaf000-0xaf7ff) for rid 0 of orm0\npcib0: allocated type 3 (0xaf800-0xaffff) for rid 0 of orm0\npcib0: allocated type 3 (0xb0000-0xb07ff) for rid 0 of orm0\npcib0: allocated type 3 (0xb0800-0xb0fff) for rid 0 of orm0\npcib0: allocated type 3 (0xb1000-0xb17ff) for rid 0 of orm0\npcib0: allocated type 3 (0xb1800-0xb1fff) for rid 0 of orm0\npcib0: allocated type 3 (0xb2000-0xb27ff) for rid 0 of orm0\npcib0: allocated type 3 (0xb2800-0xb2fff) for rid 0 of orm0\npcib0: allocated type 3 (0xb3000-0xb37ff) for rid 0 of orm0\npcib0: allocated type 3 (0xb3800-0xb3fff) for rid 0 of orm0\npcib0: allocated type 3 (0xb4000-0xb47ff) for rid 0 of orm0\npcib0: allocated type 3 (0xb4800-0xb4fff) for rid 0 of orm0\npcib0: allocated type 3 (0xb5000-0xb57ff) for rid 0 of orm0\npcib0: allocated type 3 (0xb5800-0xb5fff) for rid 0 of orm0\npcib0: allocated type 3 (0xb6000-0xb67ff) for rid 0 of orm0\npcib0: allocated type 3 (0xb6800-0xb6fff) for rid 0 of orm0\npcib0: allocated type 3 (0xb7000-0xb77ff) for rid 0 of orm0\npcib0: allocated type 3 (0xb7800-0xb7fff) for rid 0 of orm0\npcib0: allocated type 3 (0xb8000-0xb87ff) for rid 0 of orm0\npcib0: allocated type 3 (0xb8800-0xb8fff) for rid 0 of orm0\npcib0: allocated type 3 (0xb9000-0xb97ff) for rid 0 of orm0\npcib0: allocated type 3 (0xb9800-0xb9fff) for rid 0 of orm0\npcib0: allocated type 3 (0xba000-0xba7ff) for rid 0 of orm0\npcib0: allocated type 3 (0xba800-0xbafff) for rid 0 of orm0\npcib0: allocated type 3 (0xbb000-0xbb7ff) for rid 0 of orm0\npcib0: allocated type 3 (0xbb800-0xbbfff) for rid 0 of orm0\npcib0: allocated type 3 (0xbc000-0xbc7ff) for rid 0 of orm0\npcib0: allocated type 3 (0xbc800-0xbcfff) for rid 0 of orm0\npcib0: allocated type 3 (0xbd000-0xbd7ff) for rid 0 of orm0\npcib0: allocated type 3 (0xbd800-0xbdfff) for rid 0 of orm0\npcib0: allocated type 3 (0xbe000-0xbe7ff) for rid 0 of orm0\npcib0: allocated type 3 (0xbe800-0xbefff) for rid 0 of orm0\npcib0: allocated type 3 (0xbf000-0xbf7ff) for rid 0 of orm0\npcib0: allocated type 3 (0xbf800-0xbffff) for rid 0 of orm0\nisa_probe_children: disabling PnP devices\natrtc: atrtc0 already exists; skipping it\nattimer: attimer0 already exists; skipping it\nsc: sc0 already exists; skipping it\nuart: uart1 already exists; skipping it\nisa_probe_children: probing non-PnP devices\norm0: \u003cISA Option ROMs\u003e at iomem 0xc0000-0xc7fff,0xc8000-0xcdfff on isa0\nsc0: \u003cSystem console\u003e at flags 0x100 on isa0\nsc0: VGA \u003c16 virtual consoles, flags=0x300\u003e\nsc0: fb0, kbd1, terminal emulator: scteken (teken terminal)\nvga0: \u003cGeneric ISA VGA\u003e at port 0x3c0-0x3df iomem 0xa0000-0xbffff on isa0\npcib0: allocated type 4 (0x3c0-0x3df) for rid 0 of vga0\npcib0: allocated type 3 (0xa0000-0xbffff) for rid 0 of vga0\npcib0: allocated type 4 (0x60-0x60) for rid 0 of atkbdc0\npcib0: allocated type 4 (0x64-0x64) for rid 1 of atkbdc0\natkbdc0: AT keyboard controller not found\natkbdc0 failed to probe at port 0x60,0x64 on isa0\npcib0: allocated type 4 (0x3f0-0x3f5) for rid 0 of fdc0\npcib0: allocated type 4 (0x3f7-0x3f7) for rid 1 of fdc0\nfdc0 failed to probe at port 0x3f0-0x3f5,0x3f7 irq 6 drq 2 on isa0\nppc0: cannot reserve I/O port range\nppc0 failed to probe at irq 7 on isa0\nuart0 failed to probe at port 0x3f8 irq 4 on isa0\nwbwd0 failed to probe on isa0\nisa_probe_children: probing PnP devices\nest0: \u003cEnhanced SpeedStep Frequency Control\u003e on cpu0\np4tcc0: \u003cCPU Frequency Thermal Control\u003e on cpu0\nest1: \u003cEnhanced SpeedStep Frequency Control\u003e on cpu1\np4tcc1: \u003cCPU Frequency Thermal Control\u003e on cpu1\nest2: \u003cEnhanced SpeedStep Frequency Control\u003e on cpu2\np4tcc2: \u003cCPU Frequency Thermal Control\u003e on cpu2\nest3: \u003cEnhanced SpeedStep Frequency Control\u003e on cpu3\np4tcc3: \u003cCPU Frequency Thermal Control\u003e on cpu3\nest4: \u003cEnhanced SpeedStep Frequency Control\u003e on cpu4\np4tcc4: \u003cCPU Frequency Thermal Control\u003e on cpu4\nest5: \u003cEnhanced SpeedStep Frequency Control\u003e on cpu5\np4tcc5: \u003cCPU Frequency Thermal Control\u003e on cpu5\nest6: \u003cEnhanced SpeedStep Frequency Control\u003e on cpu6\np4tcc6: \u003cCPU Frequency Thermal Control\u003e on cpu6\nest7: \u003cEnhanced SpeedStep Frequency Control\u003e on cpu7\np4tcc7: \u003cCPU Frequency Thermal Control\u003e on cpu7\nDevice configuration finished.\nprocfs registered\nZFS filesystem version: 5\nZFS storage pool version: features support (5000)\nlapic: Divisor 2, Frequency 49885523 Hz\nTimecounters tick every 1.000 msec\nvlan: initialized, using hash tables with chaining\ntcp_init: net.inet.tcp.tcbhashsize auto tuned to 131072\nlo0: bpf attached\nhptnr: no controller detected.\nhpt27xx: no controller detected.\nhptrr: no controller detected.\nrandom: unblocking device.\nusbus0: 5.0Gbps Super Speed USB v3.0\nusbus1: 480Mbps High Speed USB v2.0\nusbus2: 480Mbps High Speed USB v2.0\nacpi_tz0: switched from NONE to _AC2: 27.8C\nahcich0: AHCI reset...\nahcich0: SATA connect time=100us status=00000133\nahcich0: AHCI reset: device found\nahcich4: AHCI reset...\nahcich4: SATA connect time=1000us status=00000113\nahcich4: AHCI reset: device found\nahcich4: AHCI reset: device ready after 0ms\nugen0.1: \u003c0x8086\u003e at usbus0\nuhub0: \u003c0x8086 XHCI root HUB, class 9/0, rev 3.00/1.00, addr 1\u003e on usbus0\nugen2.1: \u003cIntel\u003e at usbus2\nuhub1: \u003cIntel EHCI root HUB, class 9/0, rev 2.00/1.00, addr 1\u003e on usbus2\nugen1.1: \u003cIntel\u003e at usbus1\nuhub2: \u003cIntel EHCI root HUB, class 9/0, rev 2.00/1.00, addr 1\u003e on usbus1\nahcich5: AHCI reset...\nahcich4: SNTF 0x0001\nahcich5: SATA connect timeout time=10000us status=00000000\nahcich5: AHCI reset: device not found\nbattery0: battery initialization start\nbattery1: battery initialization start\nbattery2: battery initialization start\nahcich4: SNTF 0x0001\nahcich0: AHCI reset: device ready after 100ms\n(aprobe0:ahcich0:0:0:0): SETFEATURES ENABLE SATA FEATURE. ACB: ef 10 00 00 00 40 00 00 00 00 05 00\n(aprobe0:ahcich0:0:0:0): CAM status: ATA Status Error\n(aprobe0:ahcich0:0:0:0): ATA status: 51 (DRDY SERV ERR), error: 04 (ABRT )\n(aprobe0:ahcich0:0:0:0): RES: 51 04 00 00 00 40 00 00 00 05 00\n(aprobe0:ahcich0:0:0:0): Retrying command\n(aprobe0:ahcich0:0:0:0): SETFEATURES ENABLE SATA FEATURE. ACB: ef 10 00 00 00 40 00 00 00 00 05 00\n(aprobe0:ahcich0:0:0:0): CAM status: ATA Status Error\n(aprobe0:ahcich0:0:0:0): ATA status: 51 (DRDY SERV ERR), error: 04 (ABRT )\n(aprobe0:ahcich0:0:0:0): RES: 51 04 00 00 00 40 00 00 00 05 00\n(aprobe0:ahcich0:0:0:0): Error 5, Retries exhausted\nses0 at ahciem0 bus 0 scbus3 target 0 lun 0\nses0: \u003cAHCI SGPIO Enclosure 1.00 0001\u003e SEMB S-E-S 2.00 device\nses0: SEMB SES Device\npass0 at ahcich0 bus 0 scbus0 target 0 lun 0\npass0: \u003cCrucial CT480M500SSD1 MU05\u003e ATA-9 SATA 3.x device\npass0: Serial Number 14270C821763\npass0: 600.000MB/s transfers (SATA 3.x, UDMA6, PIO 8192bytes)\npass0: Command Queueing enabled\npass1 at ahcich4 bus 0 scbus1 target 0 lun 0\npass1: \u003cPLDS DVD+-RW DS-8ABSH LD51\u003e Removable CD-ROM SCSI-0 device \npass1: Serial Number MTT6M7363953J63RGA01\npass1: 150.000MB/s transfers (SATA 1.x, UDMA6, ATAPI 12bytes, PIO 8192bytes)\npass2 at ahciem0 bus 0 scbus3 target 0 lun 0\npass2: \u003cAHCI SGPIO Enclosure 1.00 0001\u003e SEMB S-E-S 2.00 device\nada0 at ahcich0 bus 0 scbus0 target 0 lun 0\nada0: \u003cCrucial CT480M500SSD1 MU05\u003e ATA-9 SATA 3.x device\nada0: Serial Number 14270C821763\nada0: 600.000MB/s transfers (SATA 3.x, UDMA6, PIO 8192bytes)\nada0: Command Queueing enabled\nada0: 457862MB (937703088 512 byte sectors: 16H 63S/T 16383C)\nada0: Previously was known as ad4\nses0: Generation Code 0x0 has 1 SubEnclosures\nses0:  SubEnclosure ID 0, 1 Types With this ID, Descriptor Length 36, offset 8\nses0: WWN: 0\nses0:  Type Desc[0]: Type 0x17, MaxElt 6, In Subenc 0, Text Length 0: \nGEOM: new disk ada0\nGEOM: new disk cd0\ncd0 at ahcich4 bus 0 scbus1 target 0 lun 0\ncd0: \u003cPLDS DVD+-RW DS-8ABSH LD51\u003e Removable CD-ROM SCSI-0 device \ncd0: Serial Number MTT6M7363953J63RGA01\ncd0: 150.000MB/s transfers (SATA 1.x, UDMA6, ATAPI 12bytes, PIO 8192bytes)\ncd0: Attempt to query device size failed: NOT READY, Medium not present - tray open\nahcich4: SNTF 0x0001\nNetvsc initializing... lapic6: CMCI unmasked\nlapic7: CMCI unmasked\nlapic5: CMCI unmasked\nlapic4: CMCI unmasked\nlapic3: CMCI unmasked\nlapic2: CMCI unmasked\nSMP: AP CPU #1 Launched!\ncpu1 AP:\n     ID: 0x01000000   VER: 0x01060015 LDR: 0x00000000 DFR: 0xffffffff\n  lint0: 0x00010700 lint1: 0x00000400 TPR: 0x00000000 SVR: 0x000001ff\n  timer: 0x000100ef therm: 0x00010000 err: 0x000000f0 pmc: 0x00010400\n   cmci: 0x000100f2\nSMP: AP CPU #5 Launched!\ncpu5 AP:\n     ID: 0x05000000   VER: 0x01060015 LDR: 0x00000000 DFR: 0xffffffff\n  lint0: 0x00010700 lint1: 0x00000400 TPR: 0x00000000 SVR: 0x000001ff\n  timer: 0x000100ef therm: 0x00010000 err: 0x000000f0 pmc: 0x00010400\n   cmci: 0x000000f2\nSMP: AP CPU #2 Launched!\ncpu2 AP:\n     ID: 0x02000000   VER: 0x01060015 LDR: 0x00000000 DFR: 0xffffffff\n  lint0: 0x00010700 lint1: 0x00000400 TPR: 0x00000000 SVR: 0x000001ff\n  timer: 0x000100ef therm: 0x00010000 err: 0x000000f0 pmc: 0x00010400\n   cmci: 0x000000f2\nSMP: AP CPU #4 Launched!\ncpu4 AP:\n     ID: 0x04000000   VER: 0x01060015 LDR: 0x00000000 DFR: 0xffffffff\n  lint0: 0x00010700 lint1: 0x00000400 TPR: 0x00000000 SVR: 0x000001ff\n  timer: 0x000100ef therm: 0x00010000 err: 0x000000f0 pmc: 0x00010400\n   cmci: 0x000000f2\nSMP: AP CPU #3 Launched!\ncpu3 AP:\n     ID: 0x03000000   VER: 0x01060015 LDR: 0x00000000 DFR: 0xffffffff\n  lint0: 0x00010700 lint1: 0x00000400 TPR: 0x00000000 SVR: 0x000001ff\n  timer: 0x000100ef therm: 0x00010000 err: 0x000000f0 pmc: 0x00010400\n   cmci: 0x000000f2\nSMP: AP CPU #6 Launched!\ncpu6 AP:\n     ID: 0x06000000   VER: 0x01060015 LDR: 0x00000000 DFR: 0xffffffff\n  lint0: 0x00010700 lint1: 0x00000400 TPR: 0x00000000 SVR: 0x000001ff\n  timer: 0x000100ef therm: 0x00010000 err: 0x000000f0 pmc: 0x00010400\n   cmci: 0x000000f2\nSMP: AP CPU #7 Launched!\ncpu7 AP:\n     ID: 0x07000000   VER: 0x01060015 LDR: 0x00000000 DFR: 0xffffffff\n  lint0: 0x00010700 lint1: 0x00000400 TPR: 0x00000000 SVR: 0x000001ff\n  timer: 0x000100ef therm: 0x00010000 err: 0x000000f0 pmc: 0x00010400\n   cmci: 0x000000f2\nioapic0: routing intpin 3 (ISA IRQ 3) to lapic 1 vector 48\nioapic0: routing intpin 9 (ISA IRQ 9) to lapic 2 vector 48\nioapic0: routing intpin 16 (PCI IRQ 16) to lapic 3 vector 48\nioapic0: routing intpin 23 (PCI IRQ 23) to lapic 4 vector 48\nmsi: Assigning MSI-X IRQ 257 to local APIC 1 vector 49\nmsi: Assigning MSI-X IRQ 258 to local APIC 2 vector 49\nmsi: Assigning MSI-X IRQ 259 to local APIC 3 vector 49\nmsi: Assigning MSI-X IRQ 260 to local APIC 4 vector 49\nmsi: Assigning MSI-X IRQ 261 to local APIC 5 vector 48\nmsi: Assigning MSI-X IRQ 262 to local APIC 6 vector 48\nmsi: Assigning MSI-X IRQ 263 to local APIC 7 vector 48\nmsi: Assigning MSI IRQ 264 to local APIC 5 vector 49\nmsi: Assigning MSI IRQ 265 to local APIC 6 vector 49\nmsi: Assigning MSI IRQ 266 to local APIC 7 vector 49\nSMP: passed TSC synchronization test\nTSC timecounter discards lower 1 bit(s)\nTimecounter \"TSC-low\" frequency 1745993212 Hz quality 1000\nRoot mount waiting for: usbus2 usbus1 usbus0\nuhub0: 17 ports with 17 removable, self powered\nuhub1: 2 ports with 2 removable, self powered\nuhub2: 2 ports with 2 removable, self powered\nRoot mount waiting for: usbus2 usbus1 usbus0\nxhci0: Port routing mask set to 0x00000000\nusb_alloc_device: device init 2 failed (USB_ERR_IOERROR, ignored)\nugen0.2: \u003cUnknown\u003e at usbus0 (disconnected)\nuhub_reattach_port: could not allocate new device\nugen2.2: \u003cvendor 0x8087\u003e at usbus2\nuhub3: \u003cvendor 0x8087 product 0x8000, class 9/0, rev 2.00/0.05, addr 2\u003e on usbus2\nugen1.2: \u003cvendor 0x8087\u003e at usbus1\nuhub4: \u003cvendor 0x8087 product 0x8008, class 9/0, rev 2.00/0.05, addr 2\u003e on usbus1\nuhub4: 4 ports with 4 removable, self powered\nuhub3: 6 ports with 6 removable, self powered\nRoot mount waiting for: usbus2 usbus1\nugen2.3: \u003cDell\u003e at usbus2\nukbd0: \u003cDell Dell USB Entry Keyboard, class 0/0, rev 1.10/1.15, addr 3\u003e on usbus2\nkbd0 at ukbd0\nkbd0: ukbd0, generic (0), config:0x0, flags:0x3d0000\nugen1.3: \u003cvendor 0x15ca\u003e at usbus1\nugen2.4: \u003cno manufacturer\u003e at usbus2\nuhub5: \u003cno manufacturer Gadget USB HUB, class 9/0, rev 2.00/0.00, addr 4\u003e on usbus2\nRoot mount waiting for: usbus2 usbus1\nuhub5: 6 ports with 6 removable, self powered\nugen1.4: \u003cUFD\u003e at usbus1\numass0: \u003cUFD USB Flash Drive, class 0/0, rev 2.00/1.02, addr 4\u003e on usbus1\numass0:  SCSI over Bulk-Only; quirks = 0x4100\numass0:4:0:-1: Attached to scbus4\npass3 at umass-sim0 bus 0 scbus4 target 0 lun 0\npass3: \u003cUFD USB Flash Drive 8.07\u003e Removable Direct Access SCSI-4 device \npass3: Serial Number 20140111083412156E5A\npass3: 40.000MB/s transfers\nGEOM: new disk da0\nda0 at umass-sim0 bus 0 scbus4 target 0 lun 0\nda0: \u003cUFD USB Flash Drive 8.07\u003e Removable Direct Access SCSI-4 device \nda0: Serial Number 20140111083412156E5A\nda0: 40.000MB/s transfers\nda0: 29926MB (61288448 512 byte sectors: 255H 63S/T 3815C)\nda0: quirks=0x2\u003cNO_6_BYTE\u003e\nda0: Delete methods: \u003cNONE(*)\u003e\n(da0:umass-sim0:0:0:0): PREVENT ALLOW MEDIUM REMOVAL not supported.\nugen2.5: \u003cAvocent\u003e at usbus2\nukbd1: \u003cKeyboard\u003e on usbus2\nkbd2 at ukbd1\nkbd2: ukbd1, generic (0), config:0x0, flags:0x3d0000\nTrying to mount root from zfs:zroot/ROOT/default []...\nstart_init: trying /sbin/init\nbge0: Disabling fastboot\nbge0: Disabling fastboot\nums0: \u003cMouse\u003e on usbus2\nums1: \u003cvendor 0x15ca USB Optical Mouse, class 0/0, rev 2.00/5.12, addr 3\u003e on usbus1\nums0: 3 buttons and [Z] coordinates ID=0\nums2: \u003cMouse REL\u003e on usbus2\nums2: 3 buttons and [XYZ] coordinates ID=0\nums1: 3 buttons and [XYZ] coordinates ID=0"
}