{
 "id": 521508,
 "bug_id": 139188,
 "attachment_id": 0,
 "creation_time": "2009-09-27T16:20:01Z",
 "creator": "tahkun-GNATS@milkcup.jp",
 "text": "1.If \"kldload vboxdrv.ko\" is executed to execute emulators/virtualbox,\nkernel panic is generated. \n\n2.panic message\nxvebronxedlr vt:r afpA s1y2n cw=i0t ho fifnMtienr=r0uxp1tcs8  doifsfaMbalxe=d0\n892\n\n\nFatal trap 12: page fault while in kernel mode\ncpuid = 1; apic id = 01\nfault virtual address   = 0x0\nfault code              = supervisor read, page not present\ninstruction pointer     = 0x20:0x0\nstack pointer           = 0x28:0xc53cec0c\nframe pointer           = 0x28:0xc53cec28\ncode segment            = base 0x0, limit 0xfffff, type 0x1b\n                        = DPL 0, pres 1, def32 1, gran 1\nprocessor eflags        = resume, IOPL = 0\ncurrent process         = 11 (idle: cpu1)\ntrap number             = 12\npanic: page fault\ncpuid = 1\nUptime: 11m27s\nPhysical memory: 2026 MB\nDumping 76 MB: 61 45 29 13\nDump complete\nAutomatic reboot in 15 seconds - press a key on the console to abort\n--\u003e Press a key on the console to reboot,\n--\u003e or switch off the system now.\nRebooting...\ncpu_reset: Stopping other CPUs\ncpu_reset: Restarting BSP\ncpu_reset_proxy: Stopped CPU 1\n\n3.My PC information\nCPU: Intel(R) Core(TM)2 Duo CPU     E6750  @ 2.66GHz (2669.69-MHz 686-class CPU)\nMemory: 2GB\nMother Board: G33 neo(http://www.msi.com/index.php?func=proddesc\u0026maincat_no=1\u0026prod_no=1224)\n\n4.dmesg when \"boot -v\" is executed\n\nCopyright (c) 1992-2009 The FreeBSD Project.\nCopyright (c) 1979, 1980, 1983, 1986, 1988, 1989, 1991, 1992, 1993, 1994\n        The Regents of the University of California. All rights reserved.\nFreeBSD is a registered trademark of The FreeBSD Foundation.\nFreeBSD 7.2-RELEASE #0: Fri May  1 08:49:13 UTC 2009\n    root@walker.cse.buffalo.edu:/usr/obj/usr/src/sys/GENERIC\nPreloaded elf kernel \"/boot/kernel/kernel\" at 0xc0e67000.\nPreloaded elf module \"/boot/kernel/acpi.ko\" at 0xc0e67194.\nCalibrating clock(s) ... i8254 clock: 1193180 Hz\nCLK_USE_I8254_CALIBRATION not specified - using default frequency\nTimecounter \"i8254\" frequency 1193182 Hz quality 0\nCalibrating TSC clock ... TSC clock: 2669687136 Hz\nCPU: Intel(R) Core(TM)2 Duo CPU     E6750  @ 2.66GHz (2669.69-MHz 686-class CPU)\n  Origin = \"GenuineIntel\"  Id = 0x6fb  Stepping = 11\n  Features=0xbfebfbff\u003cFPU,VME,DE,PSE,TSC,MSR,PAE,MCE,CX8,APIC,SEP,MTRR,PGE,MCA,CMOV,PAT,PSE36,CLFLUSH,DTS,ACPI,MMX,FXSR,SSE,SSE2,SS,HTT,TM,PBE\u003e\n  Features2=0xe3fd\u003cSSE3,DTES64,MON,DS_CPL,VMX,SMX,EST,TM2,SSSE3,CX16,xTPR,PDCM\u003e\n  AMD Features=0x20100000\u003cNX,LM\u003e\n  AMD Features2=0x1\u003cLAHF\u003e\n  Cores per package: 2\n\nInstruction TLB: 4 KB Pages, 4-way set associative, 128 entries\n1st-level instruction cache: 32 KB, 8-way set associative, 64 byte line size\n1st-level data cache: 32 KB, 8-way set associative, 64 byte line size\nL2 cache: 4096 kbytes, 16-way associative, 64 bytes/line\nreal memory  = 2137718784 (2038 MB)\nPhysical memory chunk(s):\n0x0000000000001000 - 0x000000000009cfff, 638976 bytes (156 pages)\n0x0000000000100000 - 0x00000000003fffff, 3145728 bytes (768 pages)\n0x0000000001025000 - 0x000000007d284fff, 2082865152 bytes (508512 pages)\navail memory = 2082213888 (1985 MB)\nTable 'FACP' at 0x7f6b0200\nTable 'APIC' at 0x7f6b0390\nMADT: Found table at 0x7f6b0390\nMP Configuration Table version 1.4 found at 0xc00fc740\nAPIC: Using the MADT enumerator.\nMADT: Found CPU APIC ID 0 ACPI ID 1: enabled\nSMP: Added CPU 0 (AP)\nMADT: Found CPU APIC ID 1 ACPI ID 2: enabled\nSMP: Added CPU 1 (AP)\nMADT: Found CPU APIC ID 130 ACPI ID 3: disabled\nMADT: Found CPU APIC ID 131 ACPI ID 4: disabled\nACPI APIC Table: \u003c021908 APIC1538\u003e\nINTR: Adding local APIC 1 as a target\nFreeBSD/SMP: Multiprocessor System Detected: 2 CPUs\n cpu0 (BSP): APIC ID:  0\n cpu1 (AP): APIC ID:  1\nbios32: Found BIOS32 Service Directory header at 0xc00f0000\nbios32: Entry = 0xf0010 (c00f0010)  Rev = 0  Len = 1\npcibios: PCI BIOS entry at 0xf0000+0x31\npnpbios: Found PnP BIOS data at 0xc00f5cb0\npnpbios: Entry = f0000:6d8a  Rev = 1.0\nOther BIOS signatures found:\nAPIC: CPU 0 has ACPI ID 1\nAPIC: CPU 1 has ACPI ID 2\nULE: setup cpu group 0\nULE: setup cpu 0\nULE: adding cpu 0 to group 0: cpus 1 mask 0x1\nULE: setup cpu group 1\nULE: setup cpu 1\nULE: adding cpu 1 to group 1: cpus 1 mask 0x2\nACPI: RSDP @ 0x0xf9a90/0x0014 (v  0 ACPIAM)\nACPI: RSDT @ 0x0x7f6b0000/0x003C (v  1 021908 RSDT1538 0x20080219 MSFT 0x00000097)\nACPI: FACP @ 0x0x7f6b0200/0x0084 (v  1 021908 FACP1538 0x20080219 MSFT 0x00000097)\nACPI: DSDT @ 0x0x7f6b0440/0x5564 (v  1  0AAAA 0AAAA000 0x00000000 INTL 0x20051117)\nACPI: FACS @ 0x0x7f6be000/0x0040\nACPI: APIC @ 0x0x7f6b0390/0x006C (v  1 021908 APIC1538 0x20080219 MSFT 0x00000097)\nACPI: MCFG @ 0x0x7f6b0400/0x003C (v  1 021908 OEMMCFG  0x20080219 MSFT 0x00000097)\nACPI: OEMB @ 0x0x7f6be040/0x0071 (v  1 021908 OEMB1538 0x20080219 MSFT 0x00000097)\nACPI: GSCI @ 0x0x7f6be0c0/0x2024 (v  1 021908 GMCHSCI  0x20080219 MSFT 0x00000097)\nACPI: SSDT @ 0x0x7f6c0a10/0x0A7C (v  1 DpgPmm    CpuPm 0x00000012 INTL 0x20051117)\nMADT: Found IO APIC ID 2, Interrupt 0 at 0xfec00000\nioapic0: Routing external 8259A's -\u003e intpin 0\nMADT: Interrupt override: source 0, irq 2\nioapic0: Routing IRQ 0 -\u003e intpin 2\nMADT: Interrupt override: source 9, irq 9\nioapic0: intpin 9 trigger: level\nioapic0 \u003cVersion 2.0\u003e irqs 0-23 on motherboard\ncpu0 BSP:\n     ID: 0x00000000   VER: 0x00050014 LDR: 0x00000000 DFR: 0xffffffff\n  lint0: 0x00010700 lint1: 0x00000400 TPR: 0x00000000 SVR: 0x000001ff\n  timer: 0x000100ef therm: 0x00010000 err: 0x0001000f pcm: 0x00010000\nwlan_amrr: \u003cAMRR Transmit Rate Control Algorithm\u003e\nwlan: \u003c802.11 Link Layer\u003e\nnull: \u003cnull device, zero device\u003e\nrandom: \u003centropy source, Software, Yarrow\u003e\nnfslock: pseudo-device\nio: \u003cI/O\u003e\nkbd: new array size 4\nkbd1 at kbdmux0\nmem: \u003cmemory\u003e\nPentium Pro MTRR support enabled\nhptrr: RocketRAID 17xx/2xxx SATA controller driver v1.2 (May  1 2009 08:47:24)\nnpx0: INT 16 interface\nacpi0: \u003c021908 RSDT1538\u003e on motherboard\nioapic0: routing intpin 9 (ISA IRQ 9) to vector 48\nacpi0: [MPSAFE]\nacpi0: [ITHREAD]\nacpi0: Power Button (fixed)\nacpi0: wakeup code va 0xc5077000 pa 0x1000\npci_open(1):    mode 1 addr port (0x0cf8) is 0x80000090\npci_open(1a):   mode1res=0x80000000 (0x80000000)\npci_cfgcheck:   device 0 [class=060000] [hdr=00] is there (id=29c08086)\npcibios: BIOS version 3.00\nAcpiOsDerivePciId: \\\\_SB_.PCI0.SBRG.IELK.RXA0 -\u003e bus 0 dev 0 func 0\nAcpiOsDerivePciId: \\\\_SB_.PCI0.SBRG.FHR0 -\u003e bus 0 dev 31 func 0\nAcpiOsDerivePciId: \\\\_SB_.PCI0.SBRG.PIX0 -\u003e bus 0 dev 31 func 0\nacpi0: reservation of 0, a0000 (3) failed\nacpi0: reservation of 100000, 7f600000 (3) failed\nACPI timer: 1/1 1/1 1/1 1/1 1/1 1/1 1/1 1/1 1/1 1/1 -\u003e 10\nTimecounter \"ACPI-fast\" frequency 3579545 Hz quality 1000\nacpi_timer0: \u003c24-bit timer at 3.579545MHz\u003e port 0x808-0x80b on acpi0\npci_link0:        Index  IRQ  Rtd  Ref  IRQs\n  Initial Probe       0   10   N     0  3 4 6 7 10 11 12 14 15\n  Validation          0   10   N     0  3 4 6 7 10 11 12 14 15\n  After Disable       0  255   N     0  3 4 6 7 10 11 12 14 15\npci_link1:        Index  IRQ  Rtd  Ref  IRQs\n  Initial Probe       0    5   N     0  5\n  Validation          0    5   N     0  5\n  After Disable       0  255   N     0  5\npci_link2:        Index  IRQ  Rtd  Ref  IRQs\n  Initial Probe       0   14   N     0  3 4 6 7 10 11 12 14 15\n  Validation          0   14   N     0  3 4 6 7 10 11 12 14 15\n  After Disable       0  255   N     0  3 4 6 7 10 11 12 14 15\npci_link3:        Index  IRQ  Rtd  Ref  IRQs\n  Initial Probe       0   11   N     0  3 4 6 7 10 11 12 14 15\n  Validation          0   11   N     0  3 4 6 7 10 11 12 14 15\n  After Disable       0  255   N     0  3 4 6 7 10 11 12 14 15\npci_link4:        Index  IRQ  Rtd  Ref  IRQs\n  Initial Probe       0  255   N     0  3 4 6 7 10 11 12 14 15\n  Validation          0  255   N     0  3 4 6 7 10 11 12 14 15\n  After Disable       0  255   N     0  3 4 6 7 10 11 12 14 15\npci_link5:        Index  IRQ  Rtd  Ref  IRQs\n  Initial Probe       0   15   N     0  3 4 6 7 10 11 12 14 15\n  Validation          0   15   N     0  3 4 6 7 10 11 12 14 15\n  After Disable       0  255   N     0  3 4 6 7 10 11 12 14 15\npci_link6:        Index  IRQ  Rtd  Ref  IRQs\n  Initial Probe       0    3   N     0  3 4 6 7 10 11 12 14 15\n  Validation          0    3   N     0  3 4 6 7 10 11 12 14 15\n  After Disable       0  255   N     0  3 4 6 7 10 11 12 14 15\npci_link7:        Index  IRQ  Rtd  Ref  IRQs\n  Initial Probe       0    7   N     0  3 4 6 7 10 11 12 14 15\n  Validation          0    7   N     0  3 4 6 7 10 11 12 14 15\n  After Disable       0  255   N     0  3 4 6 7 10 11 12 14 15\npcib0: \u003cACPI Host-PCI bridge\u003e port 0xcf8-0xcff on acpi0\npci0: \u003cACPI PCI bus\u003e on pcib0\npci0: domain=0, physical bus=0\nfound-\u003e vendor=0x8086, dev=0x29c0, revid=0x02\n        domain=0, bus=0, slot=0, func=0\n        class=06-00-00, hdrtype=0x00, mfdev=0\n        cmdreg=0x0006, statreg=0x2090, cachelnsz=0 (dwords)\n        lattimer=0x00 (0 ns), mingnt=0x00 (0 ns), maxlat=0x00 (0 ns)\nfound-\u003e vendor=0x8086, dev=0x29c1, revid=0x02\n        domain=0, bus=0, slot=1, func=0\n        class=06-04-00, hdrtype=0x01, mfdev=0\n        cmdreg=0x0104, statreg=0x0010, cachelnsz=8 (dwords)\n        lattimer=0x00 (0 ns), mingnt=0x02 (500 ns), maxlat=0x00 (0 ns)\n        intpin=a, irq=10\n        powerspec 3  supports D0 D3  current D0\n        MSI supports 1 message\npcib0: matched entry for 0.1.INTA\npcib0: slot 1 INTA hardwired to IRQ 16\nfound-\u003e vendor=0x8086, dev=0x29c2, revid=0x02\n        domain=0, bus=0, slot=2, func=0\n        class=03-00-00, hdrtype=0x00, mfdev=0\n        cmdreg=0x0007, statreg=0x0090, cachelnsz=0 (dwords)\n        lattimer=0x00 (0 ns), mingnt=0x00 (0 ns), maxlat=0x00 (0 ns)\n        intpin=a, irq=10\n        powerspec 2  supports D0 D3  current D0\n        MSI supports 1 message\n        map[10]: type Memory, range 32, base 0xfe980000, size 19, enabled\n        map[14]: type I/O Port, range 32, base 0xcc00, size  3, enabled\n        map[18]: type Prefetchable Memory, range 32, base 0xd0000000, size 28, enabled\n        map[1c]: type Memory, range 32, base 0xfe800000, size 20, enabled\npcib0: matched entry for 0.2.INTA\npcib0: slot 2 INTA hardwired to IRQ 16\nfound-\u003e vendor=0x8086, dev=0x2937, revid=0x02\n        domain=0, bus=0, slot=26, func=0\n        class=0c-03-00, hdrtype=0x00, mfdev=1\n        cmdreg=0x0005, statreg=0x0290, cachelnsz=0 (dwords)\n        lattimer=0x00 (0 ns), mingnt=0x00 (0 ns), maxlat=0x00 (0 ns)\n        intpin=a, irq=10\n        map[20]: type I/O Port, range 32, base 0xc880, size  5, enabled\npcib0: matched entry for 0.26.INTA\npcib0: slot 26 INTA hardwired to IRQ 16\nfound-\u003e vendor=0x8086, dev=0x2938, revid=0x02\n        domain=0, bus=0, slot=26, func=1\n        class=0c-03-00, hdrtype=0x00, mfdev=0\n        cmdreg=0x0005, statreg=0x0290, cachelnsz=0 (dwords)\n        lattimer=0x00 (0 ns), mingnt=0x00 (0 ns), maxlat=0x00 (0 ns)\n        intpin=b, irq=15\n        map[20]: type I/O Port, range 32, base 0xc800, size  5, enabled\npcib0: matched entry for 0.26.INTB\npcib0: slot 26 INTB hardwired to IRQ 21\nfound-\u003e vendor=0x8086, dev=0x293c, revid=0x02\n        domain=0, bus=0, slot=26, func=7\n        class=0c-03-20, hdrtype=0x00, mfdev=0\n        cmdreg=0x0006, statreg=0x0290, cachelnsz=0 (dwords)\n        lattimer=0x00 (0 ns), mingnt=0x00 (0 ns), maxlat=0x00 (0 ns)\n        intpin=c, irq=14\n        powerspec 2  supports D0 D3  current D0\n        map[10]: type Memory, range 32, base 0xfe97bc00, size 10, enabled\npcib0: matched entry for 0.26.INTC\npcib0: slot 26 INTC hardwired to IRQ 18\nfound-\u003e vendor=0x8086, dev=0x293e, revid=0x02\n        domain=0, bus=0, slot=27, func=0\n        class=04-03-00, hdrtype=0x00, mfdev=0\n        cmdreg=0x0006, statreg=0x0010, cachelnsz=8 (dwords)\n        lattimer=0x00 (0 ns), mingnt=0x00 (0 ns), maxlat=0x00 (0 ns)\n        intpin=a, irq=3\n        powerspec 2  supports D0 D3  current D0\n        MSI supports 1 message, 64 bit\n        map[10]: type Memory, range 64, base 0xfe974000, size 14, enabled\npcib0: matched entry for 0.27.INTA\npcib0: slot 27 INTA hardwired to IRQ 22\nfound-\u003e vendor=0x8086, dev=0x2940, revid=0x02\n        domain=0, bus=0, slot=28, func=0\n        class=06-04-00, hdrtype=0x01, mfdev=1\n        cmdreg=0x0104, statreg=0x0010, cachelnsz=8 (dwords)\n        lattimer=0x00 (0 ns), mingnt=0x02 (500 ns), maxlat=0x00 (0 ns)\n        intpin=a, irq=5\n        powerspec 2  supports D0 D3  current D0\n        MSI supports 1 message\npcib0: matched entry for 0.28.INTA\npcib0: slot 28 INTA hardwired to IRQ 17\nfound-\u003e vendor=0x8086, dev=0x2948, revid=0x02\n        domain=0, bus=0, slot=28, func=4\n        class=06-04-00, hdrtype=0x01, mfdev=1\n        cmdreg=0x0107, statreg=0x0010, cachelnsz=8 (dwords)\n        lattimer=0x00 (0 ns), mingnt=0x02 (500 ns), maxlat=0x00 (0 ns)\n        intpin=a, irq=5\n        powerspec 2  supports D0 D3  current D0\n        MSI supports 1 message\npcib0: matched entry for 0.28.INTA\npcib0: slot 28 INTA hardwired to IRQ 17\nfound-\u003e vendor=0x8086, dev=0x294a, revid=0x02\n        domain=0, bus=0, slot=28, func=5\n        class=06-04-00, hdrtype=0x01, mfdev=1\n        cmdreg=0x0107, statreg=0x0010, cachelnsz=8 (dwords)\n        lattimer=0x00 (0 ns), mingnt=0x02 (500 ns), maxlat=0x00 (0 ns)\n        intpin=b, irq=10\n        powerspec 2  supports D0 D3  current D0\n        MSI supports 1 message\npcib0: matched entry for 0.28.INTB\npcib0: slot 28 INTB hardwired to IRQ 16\nfound-\u003e vendor=0x8086, dev=0x2934, revid=0x02\n        domain=0, bus=0, slot=29, func=0\n        class=0c-03-00, hdrtype=0x00, mfdev=1\n        cmdreg=0x0005, statreg=0x0290, cachelnsz=0 (dwords)\n        lattimer=0x00 (0 ns), mingnt=0x00 (0 ns), maxlat=0x00 (0 ns)\n        intpin=a, irq=7\n        map[20]: type I/O Port, range 32, base 0xc480, size  5, enabled\npcib0: matched entry for 0.29.INTA\npcib0: slot 29 INTA hardwired to IRQ 23\nfound-\u003e vendor=0x8086, dev=0x2935, revid=0x02\n        domain=0, bus=0, slot=29, func=1\n        class=0c-03-00, hdrtype=0x00, mfdev=0\n        cmdreg=0x0005, statreg=0x0290, cachelnsz=0 (dwords)\n        lattimer=0x00 (0 ns), mingnt=0x00 (0 ns), maxlat=0x00 (0 ns)\n        intpin=b, irq=11\n        map[20]: type I/O Port, range 32, base 0xc400, size  5, enabled\npcib0: matched entry for 0.29.INTB\npcib0: slot 29 INTB hardwired to IRQ 19\nfound-\u003e vendor=0x8086, dev=0x2936, revid=0x02\n        domain=0, bus=0, slot=29, func=2\n        class=0c-03-00, hdrtype=0x00, mfdev=0\n        cmdreg=0x0005, statreg=0x0290, cachelnsz=0 (dwords)\n        lattimer=0x00 (0 ns), mingnt=0x00 (0 ns), maxlat=0x00 (0 ns)\n        intpin=c, irq=14\n        map[20]: type I/O Port, range 32, base 0xc080, size  5, enabled\npcib0: matched entry for 0.29.INTC\npcib0: slot 29 INTC hardwired to IRQ 18\nfound-\u003e vendor=0x8086, dev=0x2939, revid=0x02\n        domain=0, bus=0, slot=29, func=3\n        class=0c-03-00, hdrtype=0x00, mfdev=0\n        cmdreg=0x0005, statreg=0x0290, cachelnsz=0 (dwords)\n        lattimer=0x00 (0 ns), mingnt=0x00 (0 ns), maxlat=0x00 (0 ns)\n        intpin=d, irq=10\n        map[20]: type I/O Port, range 32, base 0xc000, size  5, enabled\npcib0: matched entry for 0.29.INTD\npcib0: slot 29 INTD hardwired to IRQ 16\nfound-\u003e vendor=0x8086, dev=0x293a, revid=0x02\n        domain=0, bus=0, slot=29, func=7\n        class=0c-03-20, hdrtype=0x00, mfdev=0\n        cmdreg=0x0006, statreg=0x0290, cachelnsz=0 (dwords)\n        lattimer=0x00 (0 ns), mingnt=0x00 (0 ns), maxlat=0x00 (0 ns)\n        intpin=a, irq=7\n        powerspec 2  supports D0 D3  current D0\n        map[10]: type Memory, range 32, base 0xfe97b800, size 10, enabled\npcib0: matched entry for 0.29.INTA\npcib0: slot 29 INTA hardwired to IRQ 23\nfound-\u003e vendor=0x8086, dev=0x244e, revid=0x92\n        domain=0, bus=0, slot=30, func=0\n        class=06-04-01, hdrtype=0x01, mfdev=0\n        cmdreg=0x0104, statreg=0x0010, cachelnsz=0 (dwords)\n        lattimer=0x00 (0 ns), mingnt=0x02 (500 ns), maxlat=0x00 (0 ns)\nfound-\u003e vendor=0x8086, dev=0x2918, revid=0x02\n        domain=0, bus=0, slot=31, func=0\n        class=06-01-00, hdrtype=0x00, mfdev=1\n        cmdreg=0x0007, statreg=0x0210, cachelnsz=0 (dwords)\n        lattimer=0x00 (0 ns), mingnt=0x00 (0 ns), maxlat=0x00 (0 ns)\nfound-\u003e vendor=0x8086, dev=0x2921, revid=0x02\n        domain=0, bus=0, slot=31, func=2\n        class=01-01-8f, hdrtype=0x00, mfdev=0\n        cmdreg=0x0007, statreg=0x02b0, cachelnsz=0 (dwords)\n        lattimer=0x00 (0 ns), mingnt=0x00 (0 ns), maxlat=0x00 (0 ns)\n        intpin=b, irq=11\n        powerspec 3  supports D0 D3  current D0\n        map[10]: type I/O Port, range 32, base 0xbc00, size  3, enabled\n        map[14]: type I/O Port, range 32, base 0xb880, size  2, enabled\n        map[18]: type I/O Port, range 32, base 0xb800, size  3, enabled\n        map[1c]: type I/O Port, range 32, base 0xb480, size  2, enabled\n        map[20]: type I/O Port, range 32, base 0xb400, size  4, enabled\n        map[24]: type I/O Port, range 32, base 0xb080, size  4, enabled\npcib0: matched entry for 0.31.INTB\npcib0: slot 31 INTB hardwired to IRQ 19\nfound-\u003e vendor=0x8086, dev=0x2930, revid=0x02\n        domain=0, bus=0, slot=31, func=3\n        class=0c-05-00, hdrtype=0x00, mfdev=0\n        cmdreg=0x0003, statreg=0x0280, cachelnsz=0 (dwords)\n        lattimer=0x00 (0 ns), mingnt=0x00 (0 ns), maxlat=0x00 (0 ns)\n        intpin=c, irq=11\n        map[10]: type Memory, range 64, base 0xfe97b400, size  8, enabled\n        map[20]: type I/O Port, range 32, base 0x400, size  5, enabled\npcib0: matched entry for 0.31.INTC\npcib0: slot 31 INTC hardwired to IRQ 18\nfound-\u003e vendor=0x8086, dev=0x2926, revid=0x02\n        domain=0, bus=0, slot=31, func=5\n        class=01-01-85, hdrtype=0x00, mfdev=0\n        cmdreg=0x0007, statreg=0x02b0, cachelnsz=0 (dwords)\n        lattimer=0x00 (0 ns), mingnt=0x00 (0 ns), maxlat=0x00 (0 ns)\n        intpin=b, irq=11\n        powerspec 3  supports D0 D3  current D0\n        map[10]: type I/O Port, range 32, base 0xac00, size  3, enabled\n        map[14]: type I/O Port, range 32, base 0xa880, size  2, enabled\n        map[18]: type I/O Port, range 32, base 0xa800, size  3, enabled\n        map[1c]: type I/O Port, range 32, base 0xa480, size  2, enabled\n        map[20]: type I/O Port, range 32, base 0xa400, size  4, enabled\n        map[24]: type I/O Port, range 32, base 0xa080, size  4, enabled\npcib0: matched entry for 0.31.INTB\npcib0: slot 31 INTB hardwired to IRQ 19\npcib1: \u003cACPI PCI-PCI bridge\u003e irq 16 at device 1.0 on pci0\npcib1:   domain            0\npcib1:   secondary bus     1\npcib1:   subordinate bus   1\npcib1:   I/O decode        0x0-0x0\npcib1:   no prefetched decode\npcib1: could not get PCI interrupt routing table for \\\\_SB_.PCI0.P0P2 - AE_NOT_FOUND\npci1: \u003cACPI PCI bus\u003e on pcib1\npci1: domain=0, physical bus=1\nvgapci0: \u003cVGA-compatible display\u003e port 0xcc00-0xcc07 mem 0xfe980000-0xfe9fffff,0xd0000000-0xdfffffff,0xfe800000-0xfe8fffff irq 16 at device 2.0 on pci0\nagp0: \u003cIntel G33 SVGA controller\u003e on vgapci0\nvgapci0: Reserved 0x10000000 bytes for rid 0x18 type 3 at 0xd0000000\nvgapci0: Reserved 0x80000 bytes for rid 0x10 type 3 at 0xfe980000\nvgapci0: Reserved 0x100000 bytes for rid 0x1c type 3 at 0xfe800000\nagp0: detected 7164k stolen memory\nagp0: aperture size is 256M\nuhci0: \u003cUHCI (generic) USB controller\u003e port 0xc880-0xc89f irq 16 at device 26.0 on pci0\nuhci0: Reserved 0x20 bytes for rid 0x20 type 4 at 0xc880\nioapic0: routing intpin 16 (PCI IRQ 16) to vector 49\nuhci0: [GIANT-LOCKED]\nuhci0: [ITHREAD]\nusb0: \u003cUHCI (generic) USB controller\u003e on uhci0\nusb0: USB revision 1.0\nuhub0: \u003cIntel UHCI root hub, class 9/0, rev 1.00/1.00, addr 1\u003e on usb0\nuhub0: 2 ports with 2 removable, self powered\nuhci1: \u003cUHCI (generic) USB controller\u003e port 0xc800-0xc81f irq 21 at device 26.1 on pci0\nuhci1: Reserved 0x20 bytes for rid 0x20 type 4 at 0xc800\nioapic0: routing intpin 21 (PCI IRQ 21) to vector 50\nuhci1: [GIANT-LOCKED]\nuhci1: [ITHREAD]\nusb1: \u003cUHCI (generic) USB controller\u003e on uhci1\nusb1: USB revision 1.0\nuhub1: \u003cIntel UHCI root hub, class 9/0, rev 1.00/1.00, addr 1\u003e on usb1\nuhub1: 2 ports with 2 removable, self powered\nehci0: \u003cEHCI (generic) USB 2.0 controller\u003e mem 0xfe97bc00-0xfe97bfff irq 18 at device 26.7 on pci0\nehci0: Reserved 0x400 bytes for rid 0x10 type 3 at 0xfe97bc00\nioapic0: routing intpin 18 (PCI IRQ 18) to vector 51\nehci0: [GIANT-LOCKED]\nehci0: [ITHREAD]\nusb2: EHCI version 1.0\nusb2: companion controllers, 2 ports each: usb0 usb1\nusb2: \u003cEHCI (generic) USB 2.0 controller\u003e on ehci0\nusb2: USB revision 2.0\nuhub2: \u003cIntel EHCI root hub, class 9/0, rev 2.00/1.00, addr 1\u003e on usb2\nuhub2: 4 ports with 4 removable, self powered\npci0: \u003cmultimedia, HDA\u003e at device 27.0 (no driver attached)\npcib2: \u003cACPI PCI-PCI bridge\u003e irq 17 at device 28.0 on pci0\npcib2:   domain            0\npcib2:   secondary bus     2\npcib2:   subordinate bus   2\npcib2:   I/O decode        0x0-0x0\npcib2:   no prefetched decode\npci2: \u003cACPI PCI bus\u003e on pcib2\npci2: domain=0, physical bus=2\npcib3: \u003cACPI PCI-PCI bridge\u003e irq 17 at device 28.4 on pci0\npcib3:   domain            0\npcib3:   secondary bus     3\npcib3:   subordinate bus   3\npcib3:   I/O decode        0xd000-0xdfff\npcib3:   memory decode     0xfea00000-0xfeafffff\npcib3:   no prefetched decode\npci3: \u003cACPI PCI bus\u003e on pcib3\npci3: domain=0, physical bus=3\nfound-\u003e vendor=0x11ab, dev=0x6121, revid=0xb1\n        domain=0, bus=3, slot=0, func=0\n        class=01-01-8f, hdrtype=0x00, mfdev=0\n        cmdreg=0x0007, statreg=0x0010, cachelnsz=8 (dwords)\n        lattimer=0x00 (0 ns), mingnt=0x00 (0 ns), maxlat=0x00 (0 ns)\n        intpin=a, irq=10\n        powerspec 2  supports D0 D1 D3  current D0\n        MSI supports 1 message\n        map[10]: type I/O Port, range 32, base 0xdc00, size  3, enabled\npcib3: requested I/O range 0xdc00-0xdc07: in range\n        map[14]: type I/O Port, range 32, base 0xd880, size  2, enabled\npcib3: requested I/O range 0xd880-0xd883: in range\n        map[18]: type I/O Port, range 32, base 0xd800, size  3, enabled\npcib3: requested I/O range 0xd800-0xd807: in range\n        map[1c]: type I/O Port, range 32, base 0xd480, size  2, enabled\npcib3: requested I/O range 0xd480-0xd483: in range\n        map[20]: type I/O Port, range 32, base 0xd400, size  4, enabled\npcib3: requested I/O range 0xd400-0xd40f: in range\n        map[24]: type Memory, range 32, base 0xfeaffc00, size 10, enabled\npcib3: requested memory range 0xfeaffc00-0xfeafffff: good\npcib3: matched entry for 3.0.INTA\npcib3: slot 0 INTA hardwired to IRQ 16\natapci0: \u003cMarvell 88SX6121 UDMA133 controller\u003e port 0xdc00-0xdc07,0xd880-0xd883,0xd800-0xd807,0xd480-0xd483,0xd400-0xd40f mem 0xfeaffc00-0xfeafffff irq 16 at device 0.0 on pci3\natapci0: Reserved 0x10 bytes for rid 0x20 type 4 at 0xd400\natapci0: [MPSAFE]\natapci0: [ITHREAD]\nata2: \u003cATA channel 0\u003e on atapci0\natapci0: Reserved 0x8 bytes for rid 0x10 type 4 at 0xdc00\natapci0: Reserved 0x4 bytes for rid 0x14 type 4 at 0xd880\nata2: reset tp1 mask=03 ostat0=50 ostat1=50\nata2: stat0=0x50 err=0x01 lsb=0x00 msb=0x00\nata2: stat1=0x10 err=0x01 lsb=0x14 msb=0xeb\nata2: reset tp2 stat0=50 stat1=10 devices=0x9\u003cATAPI_SLAVE,ATA_MASTER\u003e\nata2: [MPSAFE]\nata2: [ITHREAD]\npcib4: \u003cACPI PCI-PCI bridge\u003e irq 16 at device 28.5 on pci0\npcib4:   domain            0\npcib4:   secondary bus     4\npcib4:   subordinate bus   4\npcib4:   I/O decode        0xe000-0xefff\npcib4:   memory decode     0xfeb00000-0xfebfffff\npcib4:   no prefetched decode\npci4: \u003cACPI PCI bus\u003e on pcib4\npci4: domain=0, physical bus=4\nfound-\u003e vendor=0x10ec, dev=0x8168, revid=0x01\n        domain=0, bus=4, slot=0, func=0\n        class=02-00-00, hdrtype=0x00, mfdev=0\n        cmdreg=0x0007, statreg=0x0010, cachelnsz=8 (dwords)\n        lattimer=0x00 (0 ns), mingnt=0x00 (0 ns), maxlat=0x00 (0 ns)\n        intpin=a, irq=5\n        powerspec 2  supports D0 D1 D2 D3  current D0\n        MSI supports 2 messages, 64 bit\n        map[10]: type I/O Port, range 32, base 0xe800, size  8, enabled\npcib4: requested I/O range 0xe800-0xe8ff: in range\n        map[18]: type Memory, range 64, base 0xfebff000, size 12, enabled\npcib4: requested memory range 0xfebff000-0xfebfffff: good\npcib4: matched entry for 4.0.INTA\npcib4: slot 0 INTA hardwired to IRQ 17\nre0: \u003cRealTek 8168/8168B/8168C/8168CP/8168D/8111B/8111C/8111CP PCIe Gigabit Ethernet\u003e port 0xe800-0xe8ff mem 0xfebff000-0xfebfffff irq 17 at device 0.0 on pci4\nre0: Reserved 0x1000 bytes for rid 0x18 type 3 at 0xfebff000\nre0: MSI count : 2\nre0: attempting to allocate 1 MSI vectors (2 supported)\nmsi: routing MSI IRQ 256 to vector 52\nre0: using IRQ 256 for MSI\nre0: Using 1 MSI messages\nre0: Chip rev. 0x38000000\nre0: MAC rev. 0x00000000\nmiibus0: \u003cMII bus\u003e on re0\nrgephy0: \u003cRTL8169S/8110S/8211B media interface\u003e PHY 1 on miibus0\nrgephy0:  10baseT, 10baseT-FDX, 100baseTX, 100baseTX-FDX, 1000baseT, 1000baseT-FDX, auto\nre0: bpf attached\nre0: Ethernet address: 00:19:db:63:f5:8f\nre0: [MPSAFE]\nre0: [FILTER]\nuhci2: \u003cUHCI (generic) USB controller\u003e port 0xc480-0xc49f irq 23 at device 29.0 on pci0\nuhci2: Reserved 0x20 bytes for rid 0x20 type 4 at 0xc480\nioapic0: routing intpin 23 (PCI IRQ 23) to vector 53\nuhci2: [GIANT-LOCKED]\nuhci2: [ITHREAD]\nusb3: \u003cUHCI (generic) USB controller\u003e on uhci2\nusb3: USB revision 1.0\nuhub3: \u003cIntel UHCI root hub, class 9/0, rev 1.00/1.00, addr 1\u003e on usb3\nuhub3: 2 ports with 2 removable, self powered\nuhci3: \u003cUHCI (generic) USB controller\u003e port 0xc400-0xc41f irq 19 at device 29.1 on pci0\nuhci3: Reserved 0x20 bytes for rid 0x20 type 4 at 0xc400\nioapic0: routing intpin 19 (PCI IRQ 19) to vector 54\nuhci3: [GIANT-LOCKED]\nuhci3: [ITHREAD]\nusb4: \u003cUHCI (generic) USB controller\u003e on uhci3\nusb4: USB revision 1.0\nuhub4: \u003cIntel UHCI root hub, class 9/0, rev 1.00/1.00, addr 1\u003e on usb4\nuhub4: 2 ports with 2 removable, self powered\nuhci4: \u003cUHCI (generic) USB controller\u003e port 0xc080-0xc09f irq 18 at device 29.2 on pci0\nuhci4: Reserved 0x20 bytes for rid 0x20 type 4 at 0xc080\nuhci4: [GIANT-LOCKED]\nuhci4: [ITHREAD]\nusb5: \u003cUHCI (generic) USB controller\u003e on uhci4\nusb5: USB revision 1.0\nuhub5: \u003cIntel UHCI root hub, class 9/0, rev 1.00/1.00, addr 1\u003e on usb5\nuhub5: 2 ports with 2 removable, self powered\nuhci5: \u003cUHCI (generic) USB controller\u003e port 0xc000-0xc01f irq 16 at device 29.3 on pci0\nuhci5: Reserved 0x20 bytes for rid 0x20 type 4 at 0xc000\nuhci5: [GIANT-LOCKED]\nuhci5: [ITHREAD]\nusb6: \u003cUHCI (generic) USB controller\u003e on uhci5\nusb6: USB revision 1.0\nuhub6: \u003cIntel UHCI root hub, class 9/0, rev 1.00/1.00, addr 1\u003e on usb6\nuhub6: 2 ports with 2 removable, self powered\nehci1: \u003cEHCI (generic) USB 2.0 controller\u003e mem 0xfe97b800-0xfe97bbff irq 23 at device 29.7 on pci0\nehci1: Reserved 0x400 bytes for rid 0x10 type 3 at 0xfe97b800\nehci1: [GIANT-LOCKED]\nehci1: [ITHREAD]\nusb7: EHCI version 1.0\nusb7: companion controllers, 2 ports each: usb3 usb4 usb5 usb6\nusb7: \u003cEHCI (generic) USB 2.0 controller\u003e on ehci1\nusb7: USB revision 2.0\nuhub7: \u003cIntel EHCI root hub, class 9/0, rev 2.00/1.00, addr 1\u003e on usb7\nuhub7: 8 ports with 8 removable, self powered\npcib5: \u003cACPI PCI-PCI bridge\u003e at device 30.0 on pci0\npcib5:   domain            0\npcib5:   secondary bus     5\npcib5:   subordinate bus   5\npcib5:   I/O decode        0x0-0x0\npcib5:   no prefetched decode\npcib5:   Subtractively decoded bridge.\npci5: \u003cACPI PCI bus\u003e on pcib5\npci5: domain=0, physical bus=5\nisab0: \u003cPCI-ISA bridge\u003e at device 31.0 on pci0\nisa0: \u003cISA bus\u003e on isab0\natapci1: \u003cIntel ICH9 SATA300 controller\u003e port 0xbc00-0xbc07,0xb880-0xb883,0xb800-0xb807,0xb480-0xb483,0xb400-0xb40f,0xb080-0xb08f irq 19 at device 31.2 on pci0\natapci1: Reserved 0x10 bytes for rid 0x20 type 4 at 0xb400\natapci1: [MPSAFE]\natapci1: [ITHREAD]\natapci1: Reserved 0x10 bytes for rid 0x24 type 4 at 0xb080\nata3: \u003cATA channel 0\u003e on atapci1\natapci1: Reserved 0x8 bytes for rid 0x10 type 4 at 0xbc00\natapci1: Reserved 0x4 bytes for rid 0x14 type 4 at 0xb880\nata3: reset tp1 mask=03 ostat0=50 ostat1=00\nata3: stat0=0x50 err=0x01 lsb=0x00 msb=0x00\nata3: stat1=0x00 err=0x01 lsb=0x00 msb=0x00\nata3: reset tp2 stat0=50 stat1=00 devices=0x1\u003cATA_MASTER\u003e\nata3: [MPSAFE]\nata3: [ITHREAD]\nata4: \u003cATA channel 1\u003e on atapci1\natapci1: Reserved 0x8 bytes for rid 0x18 type 4 at 0xb800\natapci1: Reserved 0x4 bytes for rid 0x1c type 4 at 0xb480\nata4: reset tp1 mask=03 ostat0=7f ostat1=7f\nata4: stat0=0x7f err=0xff lsb=0xff msb=0xff\nata4: stat0=0x7f err=0xff lsb=0xff msb=0xff\nata4: stat0=0x7f err=0xff lsb=0xff msb=0xff\nata4: stat0=0x7f err=0xff lsb=0xff msb=0xff\nata4: stat0=0x7f err=0xff lsb=0xff msb=0xff\nata4: stat0=0x7f err=0xff lsb=0xff msb=0xff\nata4: stat0=0x7f err=0xff lsb=0xff msb=0xff\nata4: stat0=0x7f err=0xff lsb=0xff msb=0xff\nata4: stat0=0x7f err=0xff lsb=0xff msb=0xff\nata4: stat0=0x7f err=0xff lsb=0xff msb=0xff\nata4: stat0=0x7f err=0xff lsb=0xff msb=0xff\nata4: stat0=0x7f err=0xff lsb=0xff msb=0xff\nata4: stat0=0x7f err=0xff lsb=0xff msb=0xff\nata4: stat0=0x7f err=0xff lsb=0xff msb=0xff\nata4: stat0=0x7f err=0xff lsb=0xff msb=0xff\nata4: stat0=0x7f err=0xff lsb=0xff msb=0xff\nata4: stat0=0x7f err=0xff lsb=0xff msb=0xff\nata4: stat0=0x7f err=0xff lsb=0xff msb=0xff\nata4: stat0=0x7f err=0xff lsb=0xff msb=0xff\nata4: stat0=0x7f err=0xff lsb=0xff msb=0xff\nata4: stat0=0x7f err=0xff lsb=0xff msb=0xff\nata4: stat0=0x7f err=0xff lsb=0xff msb=0xff\nata4: stat1=0x7f err=0xff lsb=0xff msb=0xff\nata4: reset tp2 stat0=ff stat1=ff devices=0x0\nata4: [MPSAFE]\nata4: [ITHREAD]\npci0: \u003cserial bus, SMBus\u003e at device 31.3 (no driver attached)\natapci2: \u003cIntel ICH9 SATA300 controller\u003e port 0xac00-0xac07,0xa880-0xa883,0xa800-0xa807,0xa480-0xa483,0xa400-0xa40f,0xa080-0xa08f irq 19 at device 31.5 on pci0\natapci2: Reserved 0x10 bytes for rid 0x20 type 4 at 0xa400\natapci2: [MPSAFE]\natapci2: [ITHREAD]\natapci2: Reserved 0x10 bytes for rid 0x24 type 4 at 0xa080\nata5: \u003cATA channel 0\u003e on atapci2\natapci2: Reserved 0x8 bytes for rid 0x10 type 4 at 0xac00\natapci2: Reserved 0x4 bytes for rid 0x14 type 4 at 0xa880\nata5: reset tp1 mask=03 ostat0=7f ostat1=7f\nata5: stat0=0x7f err=0xff lsb=0xff msb=0xff\nata5: stat0=0x7f err=0xff lsb=0xff msb=0xff\nata5: stat0=0x7f err=0xff lsb=0xff msb=0xff\nata5: stat0=0x7f err=0xff lsb=0xff msb=0xff\nata5: stat0=0x7f err=0xff lsb=0xff msb=0xff\nata5: stat0=0x7f err=0xff lsb=0xff msb=0xff\nata5: stat0=0x7f err=0xff lsb=0xff msb=0xff\nata5: stat0=0x7f err=0xff lsb=0xff msb=0xff\nata5: stat0=0x7f err=0xff lsb=0xff msb=0xff\nata5: stat0=0x7f err=0xff lsb=0xff msb=0xff\nata5: stat0=0x7f err=0xff lsb=0xff msb=0xff\nata5: stat0=0x7f err=0xff lsb=0xff msb=0xff\nata5: stat0=0x7f err=0xff lsb=0xff msb=0xff\nata5: stat0=0x7f err=0xff lsb=0xff msb=0xff\nata5: stat0=0x7f err=0xff lsb=0xff msb=0xff\nata5: stat0=0x7f err=0xff lsb=0xff msb=0xff\nata5: stat0=0x7f err=0xff lsb=0xff msb=0xff\nata5: stat0=0x7f err=0xff lsb=0xff msb=0xff\nata5: stat0=0x7f err=0xff lsb=0xff msb=0xff\nata5: stat0=0x7f err=0xff lsb=0xff msb=0xff\nata5: stat0=0x7f err=0xff lsb=0xff msb=0xff\nata5: stat0=0x7f err=0xff lsb=0xff msb=0xff\nata5: stat1=0x7f err=0xff lsb=0xff msb=0xff\nata5: reset tp2 stat0=ff stat1=ff devices=0x0\nata5: [MPSAFE]\nata5: [ITHREAD]\nata6: \u003cATA channel 1\u003e on atapci2\natapci2: Reserved 0x8 bytes for rid 0x18 type 4 at 0xa800\natapci2: Reserved 0x4 bytes for rid 0x1c type 4 at 0xa480\nata6: reset tp1 mask=03 ostat0=7f ostat1=7f\nata6: stat0=0x7f err=0xff lsb=0xff msb=0xff\nata6: stat0=0x7f err=0xff lsb=0xff msb=0xff\nata6: stat0=0x7f err=0xff lsb=0xff msb=0xff\nata6: stat0=0x7f err=0xff lsb=0xff msb=0xff\nata6: stat0=0x7f err=0xff lsb=0xff msb=0xff\nata6: stat0=0x7f err=0xff lsb=0xff msb=0xff\nata6: stat0=0x7f err=0xff lsb=0xff msb=0xff\nata6: stat0=0x7f err=0xff lsb=0xff msb=0xff\nata6: stat0=0x7f err=0xff lsb=0xff msb=0xff\nata6: stat0=0x7f err=0xff lsb=0xff msb=0xff\nata6: stat0=0x7f err=0xff lsb=0xff msb=0xff\nata6: stat0=0x7f err=0xff lsb=0xff msb=0xff\nata6: stat0=0x7f err=0xff lsb=0xff msb=0xff\nata6: stat0=0x7f err=0xff lsb=0xff msb=0xff\nata6: stat0=0x7f err=0xff lsb=0xff msb=0xff\nata6: stat0=0x7f err=0xff lsb=0xff msb=0xff\nata6: stat0=0x7f err=0xff lsb=0xff msb=0xff\nata6: stat0=0x7f err=0xff lsb=0xff msb=0xff\nata6: stat0=0x7f err=0xff lsb=0xff msb=0xff\nata6: stat0=0x7f err=0xff lsb=0xff msb=0xff\nata6: stat0=0x7f err=0xff lsb=0xff msb=0xff\nata6: stat0=0x7f err=0xff lsb=0xff msb=0xff\nata6: stat1=0x7f err=0xff lsb=0xff msb=0xff\nata6: reset tp2 stat0=ff stat1=ff devices=0x0\nata6: [MPSAFE]\nata6: [ITHREAD]\nacpi_button0: \u003cPower Button\u003e on acpi0\nsio0: configured irq 4 not in bitmap of probed irqs 0\nsio0: port may not be enabled\nsio0: irq maps: 0 0 0 0\nsio0: configured irq 4 not in bitmap of probed irqs 0\nsio0: port may not be enabled\nsio0: irq maps: 0 0 0 0\nsio0: \u003c16550A-compatible COM port\u003e port 0x3f8-0x3ff irq 4 flags 0x10 on acpi0\nsio0: type 16550A, console\nioapic0: routing intpin 4 (ISA IRQ 4) to vector 55\nsio0: [FILTER]\ncpu0: \u003cACPI CPU\u003e on acpi0\nACPI Warning (tbutils-0243): Incorrect checksum in table [OEMB] -  72, should be 71 [20070320]\nACPI: SSDT @ 0x0x7f6c00f0/0x0235 (v  1 DpgPmm  P001Ist 0x00000011 INTL 0x20051117)\ncpu0: switching to generic Cx mode\nest0: \u003cEnhanced SpeedStep Frequency Control\u003e on cpu0\nest0: Invalid id16 (set, cur) = (1828, 2090)\nest0: Invalid freq 2336, ignored.\nest0: Invalid id16 (set, cur) = (1565, 2090)\nest0: Invalid freq 2003, ignored.\np4tcc0: \u003cCPU Frequency Thermal Control\u003e on cpu0\ncpu1: \u003cACPI CPU\u003e on acpi0\nest1: \u003cEnhanced SpeedStep Frequency Control\u003e on cpu1\nest: CPU supports Enhanced Speedstep, but is not recognized.\nest: cpu_vendor GenuineIntel, msr 82a082a0600082a\ndevice_attach: est1 attach returned 6\np4tcc1: \u003cCPU Frequency Thermal Control\u003e on cpu1\nunknown: status reg test failed ff\nunknown: status reg test failed ff\nunknown: status reg test failed ff\nunknown: status reg test failed ff\nunknown: status reg test failed ff\nunknown: status reg test failed ff\nahc_isa_probe 10: ioport 0xac00 alloc failed\nahc_isa_probe 11: ioport 0xbc00 alloc failed\nahc_isa_probe 12: ioport 0xcc00 alloc failed\nahc_isa_probe 13: ioport 0xdc00 alloc failed\nex_isa_identify()\nsio: sio0 already exists; skipping it\npnp_identify: Trying Read_Port at 203\npnp_identify: Trying Read_Port at 243\npnp_identify: Trying Read_Port at 283\npnp_identify: Trying Read_Port at 2c3\npnp_identify: Trying Read_Port at 303\npnp_identify: Trying Read_Port at 343\npnp_identify: Trying Read_Port at 383\npnp_identify: Trying Read_Port at 3c3\nPNP Identify complete\nsc: sc0 already exists; skipping it\nvga: vga0 already exists; skipping it\nisa_probe_children: disabling PnP devices\nisa_probe_children: probing non-PnP devices\npmtimer0 on isa0\norm0: \u003cISA Option ROM\u003e at iomem 0xcb800-0xcdfff pnpid ORM0000 on isa0\nadv0: not probed (disabled)\naha0: not probed (disabled)\naic0: not probed (disabled)\nata0 at port 0x1f0-0x1f7,0x3f6 irq 14 on isa0\nata0: reset tp1 mask=00 ostat0=ff ostat1=ff\nioapic0: routing intpin 14 (ISA IRQ 14) to vector 56\nata0: [MPSAFE]\nata0: [ITHREAD]\nata1 at port 0x170-0x177,0x376 irq 15 on isa0\nata1: reset tp1 mask=00 ostat0=ff ostat1=ff\nioapic0: routing intpin 15 (ISA IRQ 15) to vector 57\nata1: [MPSAFE]\nata1: [ITHREAD]\natkbdc0: \u003cKeyboard controller (i8042)\u003e at port 0x60,0x64 on isa0\natkbd0: \u003cAT Keyboard\u003e irq 1 on atkbdc0\nkbd0 at atkbd0\nkbd0: atkbd0, generic (0), config:0x0, flags:0x3f0000\nioapic0: routing intpin 1 (ISA IRQ 1) to vector 58\natkbd0: [GIANT-LOCKED]\natkbd0: [ITHREAD]\npsm0: current command byte:0065\npsm0: failed to reset the aux device.\nbt0: not probed (disabled)\ncs0: not probed (disabled)\ned0: not probed (disabled)\nfdc0 failed to probe at port 0x3f0-0x3f5,0x3f7 irq 6 drq 2 on isa0\nfe0: not probed (disabled)\nie0: not probed (disabled)\nle0: not probed (disabled)\nppc0: parallel port not found.\nppc0: \u003cParallel port\u003e failed to probe at irq 7 on isa0\nsc0: \u003cSystem console\u003e at flags 0x100 on isa0\nsc0: VGA \u003c16 virtual consoles, flags=0x300\u003e\nsc0: fb0, kbd1, terminal emulator: sc (syscons terminal)\nsio1: configured irq 3 not in bitmap of probed irqs 0\nsio1: port may not be enabled\nsio1: irq maps: 0 0 0 0\nsio1: probe failed test(s): 0 1 2 4 6 7 9\nsio1 failed to probe at port 0x2f8-0x2ff irq 3 on isa0\nsio2: not probed (disabled)\nsio3: not probed (disabled)\nsn0: not probed (disabled)\nvga0: \u003cGeneric ISA VGA\u003e at port 0x3c0-0x3df iomem 0xa0000-0xbffff on isa0\nvt0: not probed (disabled)\nisa_probe_children: probing PnP devices\nDevice configuration finished.\nReducing kern.maxvnodes 133523 -\u003e 100000\nprocfs registered\nlapic: Divisor 2, Frequency 166855464 hz\nTimecounter \"TSC\" frequency 2669687136 Hz quality -100\nTimecounters tick every 1.000 msec\nlo0: bpf attached\nhptrr: no controller detected.\nata2-slave: pio=PIO4 wdma=WDMA2 udma=UDMA33 cable=40 wire\nata2-master: pio=PIO4 wdma=WDMA2 udma=UDMA133 cable=40 wire\nad4: DMA limited to UDMA33, device found non-ATA66 cable\nad4: 157066MB \u003cHitachi HDS721616PLAT80 P22OA60A\u003e at ata2-master UDMA33\nad4: 321672960 sectors [319120C/16H/63S] 16 sectors/interrupt 1 depth queue\nGEOM: new disk ad4\nad4: Adaptec check1 failed\nad4: LSI (v3) check1 failed\nad4: LSI (v2) check1 failed\nad4: FreeBSD check1 failed\nacd0: \u003cATAPI CDROM/V100Y\u003e CDROM drive at ata2 as slave\nacd0:  128KB buffer, UDMA33\nacd0: Reads: CDR, CDRW, CDDA stream, packet\nacd0: Writes:\nacd0: Audio: play, 255 volume levels\nacd0: Mechanism: ejectable tray, unlocked\nacd0: Medium: no/blank disc\nata3-master: pio=PIO4 wdma=WDMA2 udma=UDMA66 cable=80 wire\nad6: 19541MB \u003cMaxtor 92049U4 FA500S60\u003e at ata3-master SATA150\nad6: 40020624 sectors [39703C/16H/63S] 16 sectors/interrupt 1 depth queue\nGEOM: new disk ad6\nad6: Intel check1 failed\nad6: Adaptec check1 failed\nad6: LSI (v3) check1 failed\nad6: LSI (v2) check1 failed\nad6: FreeBSD check1 failed\nATA PseudoRAID loaded\nSMP: AP CPU #1 Launched!\ncpu1 AP:\n     ID: 0x01000000   VER: 0x00050014 LDR: 0x00000000 DFR: 0xffffffff\n  lint0: 0x00010700 lint1: 0x00000400 TPR: 0x00000000 SVR: 0x000001ff\n  timer: 0x000200ef therm: 0x00010000 err: 0x00010000 pcm: 0x00010000\nioapic0: Assigning ISA IRQ 1 to local APIC 0\nioapic0: Assigning ISA IRQ 4 to local APIC 1\nioapic0: Assigning ISA IRQ 9 to local APIC 0\nioapic0: Assigning ISA IRQ 14 to local APIC 1\nioapic0: Assigning ISA IRQ 15 to local APIC 0\nioapic0: Assigning PCI IRQ 16 to local APIC 1\nioapic0: Assigning PCI IRQ 18 to local APIC 0\nioapic0: Assigning PCI IRQ 19 to local APIC 1\nioapic0: Assigning PCI IRQ 21 to local APIC 0\nioapic0: Assigning PCI IRQ 23 to local APIC 1\nmsi: Assigning MSI IRQ 256 to local APIC 0\nGEOM_LABEL: Label for provider ad6s1a is ufsid/4abab6460f436417.\nGEOM_LABEL: Label for provider ad6s1d is ufsid/4abab6477ff1891d.\nGEOM_LABEL: Label for provider ad6s1e is ufsid/4abab648583ee709.\nGEOM_LABEL: Label for provider ad6s1f is ufsid/4abab64856cf02ce.\nGEOM_LABEL: Label for provider ad6s1g is ufsid/4abab647cf63ef54.\nTrying to mount root from ufs:/dev/ad6s1a\nstart_init: trying /sbin/init\nGEOM_LABEL: Label ufsid/4abab6460f436417 removed.\nGEOM_LABEL: Label for provider ad6s1a is ufsid/4abab6460f436417.\nGEOM_LABEL: Label ufsid/4abab647cf63ef54 removed.\nGEOM_LABEL: Label for provider ad6s1g is ufsid/4abab647cf63ef54.\nGEOM_LABEL: Label ufsid/4abab6477ff1891d removed.\nGEOM_LABEL: Label for provider ad6s1d is ufsid/4abab6477ff1891d.\nGEOM_LABEL: Label ufsid/4abab64856cf02ce removed.\nGEOM_LABEL: Label for provider ad6s1f is ufsid/4abab64856cf02ce.\nGEOM_LABEL: Label ufsid/4abab648583ee709 removed.\nGEOM_LABEL: Label for provider ad6s1e is ufsid/4abab648583ee709.\nGEOM_LABEL: Label ufsid/4abab6460f436417 removed.\nGEOM_LABEL: Label ufsid/4abab647cf63ef54 removed.\nGEOM_LABEL: Label ufsid/4abab6477ff1891d removed.\nGEOM_LABEL: Label ufsid/4abab64856cf02ce removed.\nGEOM_LABEL: Label ufsid/4abab648583ee709 removed.\n\n5.coredump\nhttp://www.milkcup.jp/vmcore.tar.bz2\n\nFix: \n\nnone\nHow-To-Repeat: Whenever \"kldload vboxdrv.ko\" is executed, it reproduces it."
}