{
 "id": 451875,
 "bug_id": 125002,
 "attachment_id": 0,
 "creation_time": "2008-06-26T08:10:05Z",
 "creator": "goodbitster@gmail.com",
 "text": "The FreeBSD 7.0 amd64 installer says it can't find any disk drives on my\ncomputer.\n\nFor whatever it's worth, here's the dmesg output from my OpenBSD\ninstallation (which found and installed on the SATA disk drives in\nquestion without any changes to the system or BIOS):\n\nreal mem = 3489198080 (3327MB)\navail mem = 3373871104 (3217MB)\nmainbus0 at root\nbios0 at mainbus0: SMBIOS rev. 2.5 @ 0xf0000 (38 entries)\nbios0: vendor Phoenix Technologies, LTD version \"6.00 PG\" date 12/17/2007\nbios0: http://www.abit.com.tw/ FP-IN9 SLI(C55-MCP51)\nacpi0 at bios0: rev 0\nacpi0: tables DSDT FACP HPET MCFG APIC SSDT\nacpi0: wakeup devices HUB0(S5) XVRA(S5) XVRB(S5) XVRC(S5) XVRD(S5) UAR1(S5) USB0(S3) USB2(S3) AZAD(S5) MMAC(S5) MMCI(S5)\nacpitimer0 at acpi0: 3579545 Hz, 24 bits\nacpihpet0 at acpi0: 25000000 Hz\nacpiprt0 at acpi0: bus 0 (PCI0)\nacpiprt1 at acpi0: bus 2 (HUB0)\nacpicpu0 at acpi0\nacpitz0 at acpi0: critical temperature 80 degC\nacpibtn0 at acpi0: PWRB\ncpu0 at mainbus0: (uniprocessor)\ncpu0: Intel(R) Core(TM)2 Quad CPU Q6600 @ 2.40GHz, 2400.32 MHz\ncpu0: FPU,VME,DE,PSE,TSC,MSR,PAE,MCE,CX8,APIC,SEP,MTRR,PGE,MCA,CMOV,PAT,PSE36,CFLUSH,DS,ACPI,MMX,FXSR,SSE,SSE2,SS,HTT,TM,SBF,SSE3,MWAIT,DS-CPL,VMX,EST,TM2,CX16,xTPR,NXE,LONG\ncpu0: 4MB 64b/line 16-way L2 cache\npci0 at mainbus0 bus 0: configuration mode 1\npchb0 at pci0 dev 0 function 0 \"NVIDIA C55 Host\" rev 0xa2\n\"NVIDIA C55 Memory\" rev 0xa1 at pci0 dev 0 function 1 not configured\n\"NVIDIA C55 Memory\" rev 0xa1 at pci0 dev 0 function 2 not configured\n\"NVIDIA C55 Memory\" rev 0xa1 at pci0 dev 0 function 3 not configured\n\"NVIDIA C55 Memory\" rev 0xa1 at pci0 dev 0 function 4 not configured\n\"NVIDIA C55 Memory\" rev 0xa2 at pci0 dev 0 function 5 not configured\n\"NVIDIA C55 Memory\" rev 0xa1 at pci0 dev 0 function 6 not configured\n\"NVIDIA C55 Memory\" rev 0xa1 at pci0 dev 0 function 7 not configured\n\"NVIDIA C55 Memory\" rev 0xa1 at pci0 dev 1 function 0 not configured\n\"NVIDIA C55 Memory\" rev 0xa1 at pci0 dev 1 function 1 not configured\n\"NVIDIA C55 Memory\" rev 0xa1 at pci0 dev 1 function 2 not configured\n\"NVIDIA C55 Memory\" rev 0xa1 at pci0 dev 1 function 3 not configured\n\"NVIDIA C55 Memory\" rev 0xa1 at pci0 dev 1 function 4 not configured\n\"NVIDIA C55 Memory\" rev 0xa1 at pci0 dev 1 function 5 not configured\n\"NVIDIA C55 Memory\" rev 0xa1 at pci0 dev 1 function 6 not configured\n\"NVIDIA C55 Memory\" rev 0xa1 at pci0 dev 2 function 0 not configured\n\"NVIDIA C55 Memory\" rev 0xa1 at pci0 dev 2 function 1 not configured\n\"NVIDIA C55 Memory\" rev 0xa1 at pci0 dev 2 function 2 not configured\nppb0 at pci0 dev 3 function 0 \"NVIDIA C55 PCIE\" rev 0xa1\npci1 at ppb0 bus 1\nvga1 at pci1 dev 0 function 0 vendor \"NVIDIA\", unknown product 0x0600 rev 0xa2\nwsdisplay0 at vga1 mux 1: console (80x25, vt100 emulation)\nwsdisplay0: screen 1-5 added (80x25, vt100 emulation)\n\"NVIDIA MCP51 Host\" rev 0xa2 at pci0 dev 9 function 0 not configured\npcib0 at pci0 dev 10 function 0 \"NVIDIA MCP51 ISA\" rev 0xa3\nnviic0 at pci0 dev 10 function 1 \"NVIDIA MCP51 SMBus\" rev 0xa3\niic0 at nviic0\niic0: addr 0x2e 00=c1 01=0f 02=00 03=00 04=00 05=00 06=00 07=c0 08=14 09=62 10=02 11=00 12=00 words 00=c1ff 01=0fff 02=00ff 03=00ff 04=00ff 05=00ff 06=00ff 07=c0ff 08=14ff 09=62ff 0a=ffff 0b=ffff 0c=ffff 0d=ffff 0e=ffff 0f=ffff\nspdmem0 at iic0 addr 0x50: 2GB DDR2 SDRAM non-parity PC2-6400CL5\nspdmem1 at iic0 addr 0x51: 2GB DDR2 SDRAM non-parity PC2-6400CL5\niic1 at nviic0\n\"NVIDIA MCP51 Memory\" rev 0xa3 at pci0 dev 10 function 2 not configured\nohci0 at pci0 dev 11 function 0 \"NVIDIA MCP51 USB\" rev 0xa3: irq 10, version 1.0, legacy support\nehci0 at pci0 dev 11 function 1 \"NVIDIA MCP51 USB\" rev 0xa3: irq 11\nusb0 at ehci0: USB revision 2.0\nuhub0 at usb0 \"NVIDIA EHCI root hub\" rev 2.00/1.00 addr 1\npciide0 at pci0 dev 13 function 0 \"NVIDIA MCP51 IDE\" rev 0xa1: DMA, channel 0 configured to compatibility, channel 1 configured to compatibility\npciide0: channel 0 disabled (no drives)\npciide0: channel 1 disabled (no drives)\npciide1 at pci0 dev 14 function 0 \"NVIDIA MCP51 SATA\" rev 0xa1: DMA\npciide1: using irq 11 for native-PCI interrupt\nwd0 at pciide1 channel 0 drive 0: \u003cWDC WD5000AAKS-00YGA0\u003e\nwd0: 16-sector PIO, LBA48, 476940MB, 976773168 sectors\nwd0(pciide1:0:0): using PIO mode 4, Ultra-DMA mode 5\nwd1 at pciide1 channel 1 drive 0: \u003cWDC WD5000AAKS-00A7B0\u003e\nwd1: 16-sector PIO, LBA48, 476940MB, 976773168 sectors\nwd1(pciide1:1:0): using PIO mode 4, Ultra-DMA mode 5\npciide2 at pci0 dev 15 function 0 \"NVIDIA MCP51 SATA\" rev 0xa1: DMA\npciide2: using irq 10 for native-PCI interrupt\natapiscsi0 at pciide2 channel 0 drive 0\nscsibus0 at atapiscsi0: 2 targets\ncd0 at scsibus0 targ 0 lun 0: \u003cPIONEER, BD-ROM BDC-202, 1.01\u003e SCSI0 5/cdrom removable\ncd0(pciide2:0:0): using PIO mode 4\natapiscsi1 at pciide2 channel 1 drive 0\nscsibus1 at atapiscsi1: 2 targets\ncd1 at scsibus1 targ 0 lun 0: \u003cPIONEER, DVD-RW DVR-212D, 1.21\u003e SCSI0 5/cdrom removable\ncd1(pciide2:1:0): using PIO mode 4\nppb1 at pci0 dev 16 function 0 \"NVIDIA MCP51 PCI-PCI\" rev 0xa2\npci2 at ppb1 bus 2\nrl0 at pci2 dev 9 function 0 \"Realtek 8139\" rev 0x10: irq 5, address 00:0e:2e:32:99:77\nrlphy0 at rl0 phy 0: RTL internal PHY\n\"Creative Labs SoundBlaster X-Fi\" rev 0x00 at pci2 dev 10 function 0 not configured\nnfe0 at pci0 dev 20 function 0 \"NVIDIA MCP51 LAN\" rev 0xa3: irq 5, address 00:50:8d:9d:8e:7e\nnfe0: no PHY found!\nisa0 at pcib0\nisadma0 at isa0\npckbc0 at isa0 port 0x60/5\npckbd0 at pckbc0 (kbd slot)\npckbc0: using irq 1 for kbd slot\nwskbd0 at pckbd0: console keyboard, using wsdisplay0\npcppi0 at isa0 port 0x61\nmidi0 at pcppi0: \u003cPC speaker\u003e\nspkr0 at pcppi0\nwbsio0 at isa0 port 0x2e/2: W83627DHG rev 0x23\nlm1 at wbsio0 port 0x290/8: W83627DHG\nfdc0 at isa0 port 0x3f0/6 irq 6 drq 2\nfd0 at fdc0 drive 0: 1.44MB 80 cyl, 2 head, 18 sec\nusb1 at ohci0: USB revision 1.0\nuhub1 at usb1 \"NVIDIA OHCI root hub\" rev 1.00/1.00 addr 1\nuhidev0 at uhub1 port 1 configuration 1 interface 0 \"Logitech USB Gaming Mouse\" rev 2.00/52.00 addr 2\nuhidev0: iclass 3/1\nums0 at uhidev0: 16 buttons and Z dir.\nwsmouse0 at ums0 mux 0\nuhidev1 at uhub1 port 1 configuration 1 interface 1 \"Logitech USB Gaming Mouse\" rev 2.00/52.00 addr 2\nuhidev1: iclass 3/0, 17 report ids\nuhid0 at uhidev1 reportid 16: input=6, output=6, feature=0\nuhid1 at uhidev1 reportid 17: input=19, output=19, feature=0\nuhub2 at uhub1 port 2 \"Logitech G15 Keyboard Hub\" rev 1.10/0.20 addr 3\nuhidev2 at uhub2 port 1 configuration 1 interface 0 \"Logitech G15 Gaming Keyboard\" rev 2.00/1.00 addr 4\nuhidev2: iclass 3/1\nukbd0 at uhidev2: 8 modifier keys, 6 key codes\nwskbd1 at ukbd0 mux 1\nwskbd1: connecting to wsdisplay0\nuhidev3 at uhub2 port 1 configuration 1 interface 1 \"Logitech G15 Gaming Keyboard\" rev 2.00/1.00 addr 4\nuhidev3: iclass 3/0, 3 report ids\nuhid2 at uhidev3 reportid 1: input=1, output=0, feature=0\nuhid3 at uhidev3 reportid 2: input=7, output=0, feature=0\nuhid4 at uhidev3 reportid 3: input=1, output=20, feature=1\nuhidev4 at uhub2 port 4 configuration 1 interface 0 \"Logitech G15 GamePanel LCD\" rev 2.00/0.20 addr 5\nuhidev4: iclass 3/0, 3 report ids\nuhid5 at uhidev4 reportid 1: input=6, output=0, feature=0\nuhid6 at uhidev4 reportid 2: input=4, output=6, feature=3\nuhid7 at uhidev4 reportid 3: input=0, output=991, feature=0\nsoftraid0 at root\nroot on wd1a swap on wd1b dump on wd1b\n\nHow-To-Repeat: Attempt to install FreeBSD 7.0."
}