{
 "id": 445725,
 "bug_id": 123741,
 "attachment_id": 0,
 "creation_time": "2008-05-16T21:20:00Z",
 "creator": "mimielliot@gmail.com",
 "text": "I'm having a system, console, and keyboard locked up problems on both\nof my production server and home server after upgrading to Freebsd 7.0.\nThere is a mpd VPN setup between these 2 servers. A PR has been filed\nregarding to the problem.\n\nhttp://www.freebsd.org/cgi/query-pr.cgi?pr=123729\n\nAfter the upgrade, my home server always got locked up after few hours.\nI compiled my home server with DDB and KDB options.  The problem seemed\nto be gone.  However, after few days, I got a kernel panic and core dump.\n\nFatal trap 12: page fault while i kernel mode\ncpuid = 0; apic id = 00\nfault virtua address = 0x8\nfault code = supervisor write, page not present\ninstruction pointer = 0x20:0xc2f62a9b\nstack pointer = 0x28:0xd615ebc4\nframe pointer = 0x28:0xd615ebe8\ncode segment = base 0x0, limit 0xfffff, type 0x1b\n             = DPL 0, pres 1, def32 1, gran 1\nprocessor eflags = interrupt enabled, resume, IOPL = 0\ncurrent process = 99236 (ngctl)\n[thread pid 99236 tid 100214 ]\nStopped at      ng_address_path+0x4d:  movl %eax,0x8(%ebx)\n\n\ndb\u003e show msgbuf\n\n.. lot of these messages\n\u003c7\u003eTCP: [x.x.x.x]:443 to [y.y.y.y]:56747 tcpflags 0x19\u003cFIN,PUSH,ACK\u003e;tcp_do_segment: FIN_WAIT_1: Received 23 bytes of data after socket was closed, sending RST and removing tcpcb\n\n\ndb\u003e bt\nTracing pid 99236 tid 100214 td 0xc383aaa0\nng_address_path(0,0,c332cbe2,0,c293a000,...) at ng_address_path+0x4d\nngd_connect(c334c000,c332cbe0,c383aaa0,25,d615ec60,...) at ngd_connect+0x65\nsoconnect(c334c000,c332cbe0,c383aaa0,c065c456,bfbfed2c,...) at soconnect+0x52\nkern_connect(c383aaa0,4,c332cbe0,c332cbe0,0,...) at kern_connect+0x56\nsyscall(d615ed38) at syscall+0x32e\nXint0x80_syscall() at Xint0x80_syscall+0x20\n--- syscall (98, FreeBSD ELF32, connect), eip = 0x281a2783, esp = 0xbfbfecdc, ebp=0xbfbfecf8\n\n\n\nkgdb -c vmcore.0 kernel.debug\n\n[GDB will not be able to debug user-mode threads: /usr/lib/libthread_db.so: Undefined symbol \"ps_pglobal_lookup\"]\nGNU gdb 6.1.1 [FreeBSD]\nCopyright 2004 Free Software Foundation, Inc.\nGDB is free software, covered by the GNU General Public License, and you are\nwelcome to change it and/or distribute copies of it under certain conditions.\nType \"show copying\" to see the conditions.\nThere is absolutely no warranty for GDB.  Type \"show warranty\" for details.\nThis GDB was configured as \"i386-marcel-freebsd\".\nThere is no member named pathname.\nReading symbols from /boot/kernel/acpi.ko...Reading symbols from /boot/kernel/acpi.ko.symbols...done.\ndone.\nLoaded symbols for /boot/kernel/acpi.ko\nReading symbols from /boot/kernel/linux.ko...Reading symbols from /boot/kernel/linux.ko.symbols...done.\ndone.\nLoaded symbols for /boot/kernel/linux.ko\nReading symbols from /boot/kernel/ng_socket.ko...Reading symbols from /boot/kernel/ng_socket.ko.symbols...done.\ndone.\nLoaded symbols for /boot/kernel/ng_socket.ko\nReading symbols from /boot/kernel/netgraph.ko...Reading symbols from /boot/kernel/netgraph.ko.symbols...done.\ndone.\nLoaded symbols for /boot/kernel/netgraph.ko\nReading symbols from /boot/kernel/ng_iface.ko...Reading symbols from /boot/kernel/ng_iface.ko.symbols...done.\ndone.\nLoaded symbols for /boot/kernel/ng_iface.ko\nReading symbols from /boot/kernel/ng_ppp.ko...Reading symbols from /boot/kernel/ng_ppp.ko.symbols...done.\ndone.\nLoaded symbols for /boot/kernel/ng_ppp.ko\nReading symbols from /boot/kernel/ng_bpf.ko...Reading symbols from /boot/kernel/ng_bpf.ko.symbols...done.\ndone.\nLoaded symbols for /boot/kernel/ng_bpf.ko\nReading symbols from /boot/kernel/ng_vjc.ko...Reading symbols from /boot/kernel/ng_vjc.ko.symbols...done.\ndone.\nLoaded symbols for /boot/kernel/ng_vjc.ko\nReading symbols from /boot/kernel/ng_pptpgre.ko...Reading symbols from /boot/kernel/ng_pptpgre.ko.symbols...done.\ndone.\nLoaded symbols for /boot/kernel/ng_pptpgre.ko\nReading symbols from /boot/kernel/ng_ksocket.ko...Reading symbols from /boot/kernel/ng_ksocket.ko.symbols...done.\ndone.\nLoaded symbols for /boot/kernel/ng_ksocket.ko\nReading symbols from /boot/kernel/fire_saver.ko...Reading symbols from /boot/kernel/fire_saver.ko.symbols...done.\ndone.\nLoaded symbols for /boot/kernel/fire_saver.ko\nReading symbols from /boot/kernel/ng_mppc.ko...Reading symbols from /boot/kernel/ng_mppc.ko.symbols...done.\ndone.\nLoaded symbols for /boot/kernel/ng_mppc.ko\nReading symbols from /boot/kernel/rc4.ko...Reading symbols from /boot/kernel/rc4.ko.symbols...done.\ndone.\nLoaded symbols for /boot/kernel/rc4.ko\n\nUnread portion of the kernel message buffer:\n\n\nFatal trap 12: page fault while in kernel mode\ncpuid = 0; apic id = 00\nfault virtual address   = 0x8\nfault code              = supervisor write, page not present\ninstruction pointer     = 0x20:0xc2f62a9b\nstack pointer           = 0x28:0xd615ebc4\nframe pointer           = 0x28:0xd615ebe8\ncode segment            = base 0x0, limit 0xfffff, type 0x1b\n                        = DPL 0, pres 1, def32 1, gran 1\nprocessor eflags        = interrupt enabled, resume, IOPL = 0\ncurrent process         = 99236 (ngctl)\npanic: from debugger\ncpuid = 0\nUptime: 4d22h59m14s\nPhysical memory: 501 MB\nDumping 88 MB: 73 57 41 25 9\n\n#0  doadump () at pcpu.h:195\n195     pcpu.h: No such file or directory.\n        in pcpu.h\n\n(kgdb) bt\n#0  doadump () at pcpu.h:195\n#1  0xc06057d6 in boot (howto=260) at /usr/src/sys/kern/kern_shutdown.c:418\n#2  0xc0605ac9 in panic (fmt=Variable \"fmt\" is not available.\n) at /usr/src/sys/kern/kern_shutdown.c:572\n#3  0xc04b2be9 in db_panic (addr=Could not find the frame base for \"db_panic\".\n) at /usr/src/sys/ddb/db_command.c:446\n#4  0xc04b3307 in db_command (last_cmdp=0xc0929614, cmd_table=0x0, dopager=1)\n    at /usr/src/sys/ddb/db_command.c:413\n#5  0xc04b340a in db_command_loop () at /usr/src/sys/ddb/db_command.c:466\n#6  0xc04b4d7e in db_trap (type=12, code=0) at /usr/src/sys/ddb/db_main.c:228\n#7  0xc062e15c in kdb_trap (type=12, code=0, tf=0xd615eb84)\n    at /usr/src/sys/kern/subr_kdb.c:524\n#8  0xc0860055 in trap_fatal (frame=0xd615eb84, eva=8)\n    at /usr/src/sys/i386/i386/trap.c:890\n#9  0xc08602e9 in trap_pfault (frame=0xd615eb84, usermode=0, eva=8)\n    at /usr/src/sys/i386/i386/trap.c:812\n#10 0xc0860c76 in trap (frame=0xd615eb84) at /usr/src/sys/i386/i386/trap.c:490\n#11 0xc084869b in calltrap () at /usr/src/sys/i386/i386/exception.s:139\n#12 0xc2f62a9b in ng_address_path (here=0x0, item=0x0,\n    address=0xc332cbe2 \"ngctl99236:\", retaddr=0)\n    at /usr/src/sys/modules/netgraph/netgraph/../../../netgraph/ng_base.c:3599\n---Type \u003creturn\u003e to continue, or q \u003creturn\u003e to quit---\n#13 0xc2f5cb25 in ngd_connect (so=0xc334c000, nam=0xc332cbe0, td=0xc383aaa0)\n    at /usr/src/sys/modules/netgraph/socket/../../../netgraph/ng_socket.c:737\n#14 0xc06568f7 in soconnect (so=0xc334c000, nam=0xc332cbe0, td=0xc383aaa0)\n    at /usr/src/sys/kern/uipc_socket.c:765\n#15 0xc065ce62 in kern_connect (td=0xc383aaa0, fd=4, sa=0xc332cbe0)\n    at /usr/src/sys/kern/uipc_syscalls.c:558\n#16 0xc065cfe7 in connect (td=0xc383aaa0, uap=0xd615ecfc)\n    at /usr/src/sys/kern/uipc_syscalls.c:526\n#17 0xc0860635 in syscall (frame=0xd615ed38)\n    at /usr/src/sys/i386/i386/trap.c:1035\n#18 0xc0848700 in Xint0x80_syscall () at /usr/src/sys/i386/i386/exception.s:196\n#19 0x00000033 in ?? ()\nPrevious frame inner to this frame (corrupt stack?)\n\n\n(kgdb) f 12\n#12 0xc2f62a9b in ng_address_path (here=0x0, item=0x0,\n    address=0xc332cbe2 \"ngctl99236:\", retaddr=0)\n    at /usr/src/sys/modules/netgraph/netgraph/../../../netgraph/ng_base.c:3599\n3599            NGI_SET_NODE(item, dest);\n(kgdb) list\n3594            error = ng_path2noderef(here, address, \u0026dest, \u0026hook);\n3595            if (error) {\n3596                    NG_FREE_ITEM(item);\n3597                    return (error);\n3598            }\n3599            NGI_SET_NODE(item, dest);\n3600            if ( hook) {\n3601                    NG_HOOK_REF(hook);      /* don't let it go while on the queue */\n3602                    NGI_SET_HOOK(item, hook);\n3603            }\n\n\n\n\n\n\nCopyright (c) 1992-2008 The FreeBSD Project.\nCopyright (c) 1979, 1980, 1983, 1986, 1988, 1989, 1991, 1992, 1993, 1994\n        The Regents of the University of California. All rights reserved.\nFreeBSD is a registered trademark of The FreeBSD Foundation.\nFreeBSD 7.0-STABLE #6: Sat May 10 05:27:18 PDT 2008\n    root@xxx:/usr/obj/usr/src/sys/XXX\nTimecounter \"i8254\" frequency 1193182 Hz quality 0\nCPU: Intel(R) Pentium(R) 4 CPU 2.40GHz (2394.01-MHz 686-class CPU)\n  Origin = \"GenuineIntel\"  Id = 0xf25  Stepping = 5\n  Features=0xbfebfbff\u003cFPU,VME,DE,PSE,TSC,MSR,PAE,MCE,CX8,APIC,SEP,MTRR,PGE,MCA,CMOV,PAT,PSE36,CLFLUSH,DTS,ACPI,MMX,FXSR,SSE,SSE2,SS,HTT,TM,PBE\u003e\n  Features2=0x4400\u003cCNXT-ID,xTPR\u003e\n  Logical CPUs per core: 2\nreal memory  = 534970368 (510 MB)\navail memory = 513785856 (489 MB)\nACPI APIC Table: \u003cINTEL  D875BZLK\u003e\nFreeBSD/SMP: Multiprocessor System Detected: 2 CPUs\n cpu0 (BSP): APIC ID:  0\n cpu1 (AP): APIC ID:  1\n[chifung@marx /var/log]$ dmesg | less\nCopyright (c) 1992-2008 The FreeBSD Project.\nCopyright (c) 1979, 1980, 1983, 1986, 1988, 1989, 1991, 1992, 1993, 1994\n        The Regents of the University of California. All rights reserved.\nFreeBSD is a registered trademark of The FreeBSD Foundation.\nFreeBSD 7.0-STABLE #6: Sat May 10 05:27:18 PDT 2008\n    root@xxx:/usr/obj/usr/src/sys/XXX\nTimecounter \"i8254\" frequency 1193182 Hz quality 0\nCPU: Intel(R) Pentium(R) 4 CPU 2.40GHz (2394.01-MHz 686-class CPU)\n  Origin = \"GenuineIntel\"  Id = 0xf25  Stepping = 5\n  Features=0xbfebfbff\u003cFPU,VME,DE,PSE,TSC,MSR,PAE,MCE,CX8,APIC,SEP,MTRR,PGE,MCA,CMOV,PAT,PSE36,CLFLUSH,DTS,ACPI,MMX,FXSR,SSE,SSE2,SS,HTT,TM,PBE\u003e\n  Features2=0x4400\u003cCNXT-ID,xTPR\u003e\n  Logical CPUs per core: 2\nreal memory  = 534970368 (510 MB)\navail memory = 513785856 (489 MB)\nACPI APIC Table: \u003cINTEL  D875BZLK\u003e\nFreeBSD/SMP: Multiprocessor System Detected: 2 CPUs\n cpu0 (BSP): APIC ID:  0\n cpu1 (AP): APIC ID:  1\nioapic0 \u003cVersion 2.0\u003e irqs 0-23 on motherboard\nkbd1 at kbdmux0\nacpi0: \u003cINTEL D875BZLK\u003e on motherboard\nacpi0: [ITHREAD]\nacpi0: Power Button (fixed)\nacpi0: reservation of 0, a0000 (3) failed\nacpi0: reservation of 100000, 1ff00000 (3) failed\nTimecounter \"ACPI-fast\" frequency 3579545 Hz quality 1000\nacpi_timer0: \u003c24-bit timer at 3.579545MHz\u003e port 0x408-0x40b on acpi0\ncpu0: \u003cACPI CPU\u003e on acpi0\np4tcc0: \u003cCPU Frequency Thermal Control\u003e on cpu0\ncpu1: \u003cACPI CPU\u003e on acpi0\np4tcc1: \u003cCPU Frequency Thermal Control\u003e on cpu1\npcib0: \u003cACPI Host-PCI bridge\u003e port 0xcf8-0xcff on acpi0\npci0: \u003cACPI PCI bus\u003e on pcib0\nagp0: \u003cIntel 82875P host to AGP bridge\u003e on hostb0\npcib1: \u003cACPI PCI-PCI bridge\u003e at device 1.0 on pci0\npci1: \u003cACPI PCI bus\u003e on pcib1\nvgapci0: \u003cVGA-compatible display\u003e mem 0xf5000000-0xf5ffffff,0xf8000000-0xfbffffff irq 16 at device 0.0 on pci1\npcib2: \u003cACPI PCI-PCI bridge\u003e at device 3.0 on pci0\npci2: \u003cACPI PCI bus\u003e on pcib2\nem0: \u003cIntel(R) PRO/1000 Network Connection 6.9.0\u003e port 0xac00-0xac1f mem 0xf7000000-0xf701ffff irq 18 at device 1.0 on pci2\nem0: [FILTER]\nem0: Ethernet address: 00:07:e9:3b:bc:37\nuhci0: \u003cIntel 82801EB (ICH5) USB controller USB-A\u003e port 0xcc00-0xcc1f irq 16 at device 29.0 on pci0\nuhci0: [GIANT-LOCKED]\nuhci0: [ITHREAD]\nusb0: \u003cIntel 82801EB (ICH5) USB controller USB-A\u003e on uhci0\nusb0: USB revision 1.0\nuhub0: \u003cIntel UHCI root hub, class 9/0, rev 1.00/1.00, addr 1\u003e on usb0\nuhub0: 2 ports with 2 removable, self powered\nuhci1: \u003cIntel 82801EB (ICH5) USB controller USB-B\u003e port 0xd000-0xd01f irq 19 at device 29.1 on pci0\nuhci1: [GIANT-LOCKED]\nuhci1: [ITHREAD]\nusb1: \u003cIntel 82801EB (ICH5) USB controller USB-B\u003e on uhci1\nusb1: USB revision 1.0\nuhub1: \u003cIntel UHCI root hub, class 9/0, rev 1.00/1.00, addr 1\u003e on usb1\nuhub1: 2 ports with 2 removable, self powered\nuhci2: \u003cIntel 82801EB (ICH5) USB controller USB-C\u003e port 0xd400-0xd41f irq 18 at device 29.2 on pci0\nuhci2: [GIANT-LOCKED]\nuhci2: [ITHREAD]\nusb2: \u003cIntel 82801EB (ICH5) USB controller USB-C\u003e on uhci2\nusb2: USB revision 1.0\nuhub2: \u003cIntel UHCI root hub, class 9/0, rev 1.00/1.00, addr 1\u003e on usb2\nuhub2: 2 ports with 2 removable, self powered\nuhci3: \u003cIntel 82801EB (ICH5) USB controller USB-D\u003e port 0xd800-0xd81f irq 16 at device 29.3 on pci0\nuhci3: [GIANT-LOCKED]\nuhci3: [ITHREAD]\nusb3: \u003cIntel 82801EB (ICH5) USB controller USB-D\u003e on uhci3\nusb3: USB revision 1.0\nuhub3: \u003cIntel UHCI root hub, class 9/0, rev 1.00/1.00, addr 1\u003e on usb3\nuhub3: 2 ports with 2 removable, self powered\nehci0: \u003cIntel 82801EB/R (ICH5) USB 2.0 controller\u003e mem 0xf7200000-0xf72003ff irq 23 at device 29.7 on pci0\nehci0: [GIANT-LOCKED]\nehci0: [ITHREAD]\nusb4: EHCI version 1.0\nusb4: companion controllers, 2 ports each: usb0 usb1 usb2 usb3\nusb4: \u003cIntel 82801EB/R (ICH5) USB 2.0 controller\u003e on ehci0\nusb4: USB revision 2.0\nuhub4: \u003cIntel EHCI root hub, class 9/0, rev 2.00/1.00, addr 1\u003e on usb4\nuhub4: 8 ports with 8 removable, self powered\npcib3: \u003cACPI PCI-PCI bridge\u003e at device 30.0 on pci0\npci3: \u003cACPI PCI bus\u003e on pcib3\nrl0: \u003cRealTek 8139 10/100BaseTX\u003e port 0xbc00-0xbc7f mem 0xf7100000-0xf710007f irq 22 at device 1.0 on pci3\nmiibus0: \u003cMII bus\u003e on rl0\nrlphy0: \u003cRealTek internal media interface\u003e PHY 0 on miibus0\nrlphy0:  10baseT, 10baseT-FDX, 100baseTX, 100baseTX-FDX, auto\nrl0: Ethernet address: 00:a0:4b:04:91:b4\nrl0: [ITHREAD]\nisab0: \u003cPCI-ISA bridge\u003e at device 31.0 on pci0\nisa0: \u003cISA bus\u003e on isab0\natapci0: \u003cIntel ICH5 UDMA100 controller\u003e port 0x1f0-0x1f7,0x3f6,0x170-0x177,0x376,0xffa0-0xffaf at device 31.1 on pci0\nata0: \u003cATA channel 0\u003e on atapci0\nata0: [ITHREAD]\nata1: \u003cATA channel 1\u003e on atapci0\nata1: [ITHREAD]\natapci1: \u003cIntel ICH5 SATA150 controller\u003e port 0xec00-0xec07,0xe800-0xe803,0xe400-0xe407,0xe000-0xe003,0xdc00-0xdc0f irq 18 at device 31.2 on pci0\natapci1: [ITHREAD]\nata2: \u003cATA channel 0\u003e on atapci1\nata2: [ITHREAD]\nata3: \u003cATA channel 1\u003e on atapci1\nata3: [ITHREAD]\npci0: \u003cserial bus, SMBus\u003e at device 31.3 (no driver attached)\nacpi_button0: \u003cSleep Button\u003e on acpi0\natkbdc0: \u003cKeyboard controller (i8042)\u003e port 0x60,0x64 irq 1 on acpi0\natkbd0: \u003cAT Keyboard\u003e irq 1 on atkbdc0\nkbd0 at atkbd0\natkbd0: [GIANT-LOCKED]\natkbd0: [ITHREAD]\npsm0: \u003cPS/2 Mouse\u003e irq 12 on atkbdc0\npsm0: [GIANT-LOCKED]\npsm0: [ITHREAD]\npsm0: model Generic PS/2 mouse, device ID 0\nfdc0: \u003cfloppy drive controller\u003e port 0x3f0-0x3f1,0x3f2-0x3f3,0x3f4-0x3f5,0x3f7 irq 6 drq 2 on acpi0\nfdc0: [FILTER]\nfd0: \u003c1440-KB 3.5\" drive\u003e on fdc0 drive 0\nsio0: configured irq 4 not in bitmap of probed irqs 0\nsio0: port may not be enabled\nsio0: configured irq 4 not in bitmap of probed irqs 0\nsio0: port may not be enabled\nsio0: \u003c16550A-compatible COM port\u003e port 0x3f8-0x3ff irq 4 flags 0x10 on acpi0\nsio0: type 16550A\nsio0: [FILTER]\ncryptosoft0: \u003csoftware crypto\u003e on motherboard\npmtimer0 on isa0\nppc0: \u003cParallel port\u003e at port 0x378-0x37f irq 7 on isa0\nppc0: Generic chipset (EPP/NIBBLE) in COMPATIBLE mode\nppbus0: \u003cParallel port bus\u003e on ppc0\nppbus0: [ITHREAD]\nplip0: \u003cPLIP network interface\u003e on ppbus0\nlpt0: \u003cPrinter\u003e on ppbus0\nlpt0: Interrupt-driven port\nppi0: \u003cParallel I/O\u003e on ppbus0\nppc0: [GIANT-LOCKED]\nppc0: [ITHREAD]\nsc0: \u003cSystem console\u003e at flags 0x100 on isa0\nsc0: VGA \u003c16 virtual consoles, flags=0x300\u003e\nsio1: configured irq 3 not in bitmap of probed irqs 0\nsio1: port may not be enabled\nvga0: \u003cGeneric ISA VGA\u003e at port 0x3c0-0x3df iomem 0xa0000-0xbffff on isa0\nTimecounters tick every 1.000 msec\nIPsec: Initialized Security Association Processing.\nad0: 57241MB \u003cWDC WD600LB-55DNA0 77.07W77\u003e at ata0-master UDMA100\nSMP: AP CPU #1 Launched!\nTrying to mount root from ufs:/dev/ad0s1a\nWARNING: /var/backups was not properly dismounted\nWARNING: attempt to net_add_domain(netgraph) after domainfinalize()\nWARNING: /crypt was not properly dismounted\n\nHow-To-Repeat: Setup VPN using mpd between 2 servers."
}