{
 "id": 440003,
 "bug_id": 122572,
 "attachment_id": 0,
 "creation_time": "2008-05-13T14:05:25Z",
 "creator": "mel.xyzzy@rachie.is-a-geek.net",
 "text": "Below is the verbose boot under 6.3-p1.\n\nACPI aml is at:\nhttp://freebsd.pastebin.org/35656\n\nThere's a second bootable slice waiting to be formatted for 7-stable, if \nsomeone wants to pick it up. I don't know for how long the machine is \navailable for non-production work.\n\n\nCopyright (c) 1992-2008 The FreeBSD Project.\nCopyright (c) 1979, 1980, 1983, 1986, 1988, 1989, 1991, 1992, 1993, 1994\n\tThe Regents of the University of California. All rights reserved.\nFreeBSD is a registered trademark of The FreeBSD Foundation.\nFreeBSD 6.3-RELEASE-p2 #0: Fri May  9 00:52:47 AKDT 2008\n    mdev@smell:/home/mdev/obj/usr/src/sys/GENERIC\nPreloaded elf kernel \"/boot/kernel/kernel\" at 0xffffffff80b31000.\nCalibrating clock(s) ... i8254 clock: 1193199 Hz\nCLK_USE_I8254_CALIBRATION not specified - using default frequency\nTimecounter \"i8254\" frequency 1193182 Hz quality 0\nCalibrating TSC clock ... TSC clock: 1800073149 Hz\nCPU: Dual-Core AMD Opteron(tm) Processor 2210 (1800.07-MHz K8-class CPU)\n  Origin = \"AuthenticAMD\"  Id = 0x40f13  Stepping = 3\n  \nFeatures=0x178bfbff\u003cFPU,VME,DE,PSE,TSC,MSR,PAE,MCE,CX8,APIC,SEP,MTRR,PGE,MCA,CMOV,PAT,PSE36,CLFLUSH,MMX,FXSR,SSE,SSE2,HTT\u003e\n  Features2=0x2001\u003cSSE3,CX16\u003e\n  AMD Features=0xea500800\u003cSYSCALL,NX,MMX+,FFXSR,RDTSCP,LM,3DNow!+,3DNow!\u003e\n  AMD Features2=0x1f\u003cLAHF,CMP,SVM,ExtAPIC,CR8\u003e\n  Cores per package: 2\nL1 2MB data TLB: 8 entries, fully associative\nL1 2MB instruction TLB: 8 entries, fully associative\nL1 4KB data TLB: 32 entries, fully associative\nL1 4KB instruction TLB: 32 entries, fully associative\nL1 data cache: 64 kbytes, 64 bytes/line, 1 lines/tag, 2-way associative\nL1 instruction cache: 64 kbytes, 64 bytes/line, 1 lines/tag, 2-way associative\nL2 2MB unified TLB: 0 entries, disabled/not present\nL2 4KB data TLB: 512 entries, 4-way associative\nL2 4KB instruction TLB: 512 entries, 4-way associative\nL2 unified cache: 1024 kbytes, 64 bytes/line, 1 lines/tag, 16-way associative\nreal memory  = 2146402304 (2046 MB)\nPhysical memory chunk(s):\n0x0000000000001000 - 0x000000000009ffff, 651264 bytes (159 pages)\n0x0000000000c2e000 - 0x000000007c2affff, 2070421504 bytes (505474 pages)\navail memory = 2060357632 (1964 MB)\nACPI APIC Table: \u003cDELL   PE_SC3  \u003e\nAPIC: CPU 0 has ACPI ID 1\nMADT: Found IO APIC ID 2, Interrupt 0 at 0xfec00000\nioapic0: Changing APIC ID to 2\nioapic0: Routing external 8259A's -\u003e intpin 0\nMADT: Found IO APIC ID 3, Interrupt 32 at 0xfec01000\nioapic1: Changing APIC ID to 3\nioapic1: WARNING: intbase 32 != expected base 16\nMADT: Found IO APIC ID 4, Interrupt 64 at 0xfec02000\nioapic2: Changing APIC ID to 4\nioapic2: WARNING: intbase 64 != expected base 48\nlapic0: Routing NMI -\u003e LINT1\nlapic0: LINT1 trigger: edge\nlapic0: LINT1 polarity: high\nlapic1: Routing NMI -\u003e LINT1\nlapic1: LINT1 trigger: edge\nlapic1: LINT1 polarity: high\nMADT: Ignoring local NMI routed to ACPI CPU 3\nMADT: Ignoring local NMI routed to ACPI CPU 4\nMADT: Interrupt override: source 0, irq 2\nioapic0: Routing IRQ 0 -\u003e intpin 2\nMADT: Forcing active-low polarity and level trigger for SCI\nioapic0: intpin 9 polarity: low\nioapic0: intpin 9 trigger: level\nioapic0 \u003cVersion 1.1\u003e irqs 0-15 on motherboard\nioapic1 \u003cVersion 1.1\u003e irqs 32-47 on motherboard\nioapic2 \u003cVersion 1.1\u003e irqs 64-79 on motherboard\ncpu0 BSP:\n     ID: 0x00000000   VER: 0x80050010 LDR: 0x00000000 DFR: 0xffffffff\n  lint0: 0x00010700 lint1: 0x00000400 TPR: 0x00000000 SVR: 0x000001ff\n  timer: 0x000100ef therm: 0x00010000 err: 0x0001000f pcm: 0x00010000\nath_rate: version 1.2 \u003cSampleRate bit-rate selection algorithm\u003e\nwlan: \u003c802.11 Link Layer\u003e\nnull: \u003cnull device, zero device\u003e\nrandom: \u003centropy source, Software, Yarrow\u003e\nnfslock: pseudo-device\nkbd: new array size 4\nkbd1 at kbdmux0\nmem: \u003cmemory\u003e\nio: \u003cI/O\u003e\nath_hal: 0.9.20.3 (AR5210, AR5211, AR5212, RF5111, RF5112, RF2413, RF5413)\nhptrr: HPT RocketRAID controller driver v1.1 (May  9 2008 00:52:29)\nrr232x: RocketRAID 232x controller driver v1.02 (May  9 2008 00:52:31)\nacpi0: \u003cDELL PE_SC3\u003e on motherboard\nioapic0: routing intpin 9 (ISA IRQ 9) to vector 48\nacpi0: [MPSAFE]\nacpi0: Power Button (fixed)\nAcpiOsDerivePciId: \\\\_SB_.PCI0.PCIR.CNFG -\u003e bus 0 dev 24 func 1\nACPI timer: 0/3 0/3 0/3 0/3 0/4 0/3 0/3 0/4 0/4 0/3 -\u003e 0\nTimecounter \"ACPI-safe\" frequency 3579545 Hz quality 850\nacpi_timer0: \u003c32-bit timer at 3.579545MHz\u003e port 0x808-0x80b on acpi0\npci_link0:        Index  IRQ  Rtd  Ref  IRQs\n  Initial Probe       0    6   N     0  3 4 5 6 7 10 11\n  Validation          0    6   N     0  3 4 5 6 7 10 11\n  After Disable       0  255   N     0  3 4 5 6 7 10 11\npci_link1:        Index  IRQ  Rtd  Ref  IRQs\n  Initial Probe       0    5   N     0  3 4 5 6 7 10 11\n  Validation          0    5   N     0  3 4 5 6 7 10 11\n  After Disable       0  255   N     0  3 4 5 6 7 10 11\npci_link2:        Index  IRQ  Rtd  Ref  IRQs\n  Initial Probe       0  255   N     0  3 4 5 6 7 10 11\n  Validation          0  255   N     0  3 4 5 6 7 10 11\n  After Disable       0  255   N     0  3 4 5 6 7 10 11\npci_link3:        Index  IRQ  Rtd  Ref  IRQs\n  Initial Probe       0    6   N     0  3 4 5 6 7 10 11\n  Validation          0    6   N     0  3 4 5 6 7 10 11\n  After Disable       0  255   N     0  3 4 5 6 7 10 11\npci_link4:        Index  IRQ  Rtd  Ref  IRQs\n  Initial Probe       0    5   N     0  3 4 5 6 7 10 11\n  Validation          0    5   N     0  3 4 5 6 7 10 11\n  After Disable       0  255   N     0  3 4 5 6 7 10 11\npci_link5:        Index  IRQ  Rtd  Ref  IRQs\n  Initial Probe       0   10   N     0  3 4 5 6 7 10 11\n  Validation          0   10   N     0  3 4 5 6 7 10 11\n  After Disable       0  255   N     0  3 4 5 6 7 10 11\npci_link6:        Index  IRQ  Rtd  Ref  IRQs\n  Initial Probe       0  255   N     0  3 4 5 6 7 10 11\n  Validation          0  255   N     0  3 4 5 6 7 10 11\n  After Disable       0  255   N     0  3 4 5 6 7 10 11\npci_link7:        Index  IRQ  Rtd  Ref  IRQs\n  Initial Probe       0  255   N     0  3 4 5 6 7 10 11\n  Validation          0  255   N     0  3 4 5 6 7 10 11\n  After Disable       0  255   N     0  3 4 5 6 7 10 11\npci_link8:        Index  IRQ  Rtd  Ref  IRQs\n  Initial Probe       0  255   N     0  3 4 5 6 7 10 11\n  Validation          0  255   N     0  3 4 5 6 7 10 11\n  After Disable       0  255   N     0  3 4 5 6 7 10 11\npci_link9:        Index  IRQ  Rtd  Ref  IRQs\n  Initial Probe       0  255   N     0  3 4 5 6 7 10 11\n  Validation          0  255   N     0  3 4 5 6 7 10 11\n  After Disable       0  255   N     0  3 4 5 6 7 10 11\npci_link10:       Index  IRQ  Rtd  Ref  IRQs\n  Initial Probe       0  255   N     0  3 4 5 6 7 10 11\n  Validation          0  255   N     0  3 4 5 6 7 10 11\n  After Disable       0  255   N     0  3 4 5 6 7 10 11\npci_link11:       Index  IRQ  Rtd  Ref  IRQs\n  Initial Probe       0  255   N     0  3 4 5 6 7 10 11\n  Validation          0  255   N     0  3 4 5 6 7 10 11\n  After Disable       0  255   N     0  3 4 5 6 7 10 11\npci_link12:       Index  IRQ  Rtd  Ref  IRQs\n  Initial Probe       0   10   N     0  3 4 5 6 7 10 11\n  Validation          0   10   N     0  3 4 5 6 7 10 11\n  After Disable       0  255   N     0  3 4 5 6 7 10 11\npci_link13:       Index  IRQ  Rtd  Ref  IRQs\n  Initial Probe       0  255   N     0  3 4 5 6 7 10 11\n  Validation          0  255   N     0  3 4 5 6 7 10 11\n  After Disable       0  255   N     0  3 4 5 6 7 10 11\npci_link14:       Index  IRQ  Rtd  Ref  IRQs\n  Initial Probe       0  255   N     0  3 4 5 6 7 10 11\n  Validation          0  255   N     0  3 4 5 6 7 10 11\n  After Disable       0  255   N     0  3 4 5 6 7 10 11\npci_link15:       Index  IRQ  Rtd  Ref  IRQs\n  Initial Probe       0  255   N     0  3 4 5 6 7 10 11\n  Validation          0  255   N     0  3 4 5 6 7 10 11\n  After Disable       0  255   N     0  3 4 5 6 7 10 11\npci_link16:       Index  IRQ  Rtd  Ref  IRQs\n  Initial Probe       0  255   N     0  3 4 5 6 7 10 11\n  Validation          0  255   N     0  3 4 5 6 7 10 11\n  After Disable       0  255   N     0  3 4 5 6 7 10 11\npci_link17:       Index  IRQ  Rtd  Ref  IRQs\n  Initial Probe       0  255   N     0  3 4 5 6 7 10 11\n  Validation          0  255   N     0  3 4 5 6 7 10 11\n  After Disable       0  255   N     0  3 4 5 6 7 10 11\npci_link18:       Index  IRQ  Rtd  Ref  IRQs\n  Initial Probe       0  255   N     0  3 4 5 6 7 10 11\n  Validation          0  255   N     0  3 4 5 6 7 10 11\n  After Disable       0  255   N     0  3 4 5 6 7 10 11\npci_link19:       Index  IRQ  Rtd  Ref  IRQs\n  Initial Probe       0  255   N     0  3 4 5 6 7 10 11\n  Validation          0  255   N     0  3 4 5 6 7 10 11\n  After Disable       0  255   N     0  3 4 5 6 7 10 11\npci_link20:       Index  IRQ  Rtd  Ref  IRQs\n  Initial Probe       0  255   N     0  3 4 5 6 7 10 11\n  Validation          0  255   N     0  3 4 5 6 7 10 11\n  After Disable       0  255   N     0  3 4 5 6 7 10 11\npci_link21:       Index  IRQ  Rtd  Ref  IRQs\n  Initial Probe       0  255   N     0  3 4 5 6 7 10 11\n  Validation          0  255   N     0  3 4 5 6 7 10 11\n  After Disable       0  255   N     0  3 4 5 6 7 10 11\npci_link22:       Index  IRQ  Rtd  Ref  IRQs\n  Initial Probe       0  255   N     0  3 4 5 6 7 10 11\n  Validation          0  255   N     0  3 4 5 6 7 10 11\n  After Disable       0  255   N     0  3 4 5 6 7 10 11\npci_link23:       Index  IRQ  Rtd  Ref  IRQs\n  Initial Probe       0  255   N     0  3 4 5 6 7 10 11\n  Validation          0  255   N     0  3 4 5 6 7 10 11\n  After Disable       0  255   N     0  3 4 5 6 7 10 11\npci_link24:       Index  IRQ  Rtd  Ref  IRQs\n  Initial Probe       0  255   N     0  3 4 5 6 7 10 11\n  Validation          0  255   N     0  3 4 5 6 7 10 11\n  After Disable       0  255   N     0  3 4 5 6 7 10 11\npci_link25:       Index  IRQ  Rtd  Ref  IRQs\n  Initial Probe       0  255   N     0  3 4 5 6 7 10 11\n  Validation          0  255   N     0  3 4 5 6 7 10 11\n  After Disable       0  255   N     0  3 4 5 6 7 10 11\npci_link26:       Index  IRQ  Rtd  Ref  IRQs\n  Initial Probe       0  255   N     0  3 4 5 6 7 10 11\n  Validation          0  255   N     0  3 4 5 6 7 10 11\n  After Disable       0  255   N     0  3 4 5 6 7 10 11\npci_link27:       Index  IRQ  Rtd  Ref  IRQs\n  Initial Probe       0  255   N     0  3 4 5 6 7 10 11\n  Validation          0  255   N     0  3 4 5 6 7 10 11\n  After Disable       0  255   N     0  3 4 5 6 7 10 11\npci_link28:       Index  IRQ  Rtd  Ref  IRQs\n  Initial Probe       0  255   N     0  3 4 5 6 7 10 11\n  Validation          0  255   N     0  3 4 5 6 7 10 11\n  After Disable       0  255   N     0  3 4 5 6 7 10 11\npci_link29:       Index  IRQ  Rtd  Ref  IRQs\n  Initial Probe       0  255   N     0  3 4 5 6 7 10 11\n  Validation          0  255   N     0  3 4 5 6 7 10 11\n  After Disable       0  255   N     0  3 4 5 6 7 10 11\npci_link30:       Index  IRQ  Rtd  Ref  IRQs\n  Initial Probe       0  255   N     0  3 4 5 6 7 10 11\n  Validation          0  255   N     0  3 4 5 6 7 10 11\n  After Disable       0  255   N     0  3 4 5 6 7 10 11\npci_link31:       Index  IRQ  Rtd  Ref  IRQs\n  Initial Probe       0  255   N     0  3 4 5 6 7 10 11\n  Validation          0  255   N     0  3 4 5 6 7 10 11\n  After Disable       0  255   N     0  3 4 5 6 7 10 11\npci_link32:       Index  IRQ  Rtd  Ref  IRQs\n  Initial Probe       0   11   N     0  3 4 5 6 7 10 11 12 14\n  Validation          0   11   N     0  3 4 5 6 7 10 11 12 14\n  After Disable       0  255   N     0  3 4 5 6 7 10 11 12 14\npci_link33:       Index  IRQ  Rtd  Ref  IRQs\n  Initial Probe       0    6   N     0  3 4 5 6 7 10 11 12 14\n  Validation          0    6   N     0  3 4 5 6 7 10 11 12 14\n  After Disable       0  255   N     0  3 4 5 6 7 10 11 12 14\nacpi_hpet0: \u003cHigh Precision Event Timer\u003e iomem 0xfed00000-0xfed003ff on acpi0\nacpi_hpet0: vend: 0x1166 rev: 0x1 num: 9 hz: 14318180 opts: leg_route \ncount_size\nTimecounter \"HPET\" frequency 14318180 Hz quality 900\ncpu0: \u003cACPI CPU\u003e on acpi0\ncpu0: switching to generic Cx mode\npcib0: \u003cACPI Host-PCI bridge\u003e port 0xcf8-0xcff on acpi0\nACPI: Found matching pin for 0.3.INTA at func 0: 11\npci0: \u003cACPI PCI bus\u003e on pcib0\npci0: physical bus=0\nfound-\u003e\tvendor=0x1166, dev=0x0036, revid=0x00\n\tbus=0, slot=1, func=0\n\tclass=06-04-00, hdrtype=0x01, mfdev=0\n\tcmdreg=0x0147, statreg=0x0010, cachelnsz=0 (dwords)\n\tlattimer=0x40 (1920 ns), mingnt=0x07 (1750 ns), maxlat=0x00 (0 ns)\nfound-\u003e\tvendor=0x1166, dev=0x0205, revid=0x00\n\tbus=0, slot=2, func=0\n\tclass=06-00-00, hdrtype=0x00, mfdev=1\n\tcmdreg=0x0147, statreg=0x0200, cachelnsz=0 (dwords)\n\tlattimer=0x40 (1920 ns), mingnt=0x00 (0 ns), maxlat=0x00 (0 ns)\nfound-\u003e\tvendor=0x1166, dev=0x0214, revid=0x00\n\tbus=0, slot=2, func=1\n\tclass=01-01-8a, hdrtype=0x00, mfdev=1\n\tcmdreg=0x0155, statreg=0x0210, cachelnsz=16 (dwords)\n\tlattimer=0x40 (1920 ns), mingnt=0x00 (0 ns), maxlat=0x00 (0 ns)\n\tmap[20]: type 4, range 32, base 000008c0, size  4, enabled\nfound-\u003e\tvendor=0x1166, dev=0x0234, revid=0x00\n\tbus=0, slot=2, func=2\n\tclass=06-01-00, hdrtype=0x00, mfdev=1\n\tcmdreg=0x0147, statreg=0x0200, cachelnsz=0 (dwords)\n\tlattimer=0x00 (0 ns), mingnt=0x00 (0 ns), maxlat=0x00 (0 ns)\nfound-\u003e\tvendor=0x1166, dev=0x0223, revid=0x01\n\tbus=0, slot=3, func=0\n\tclass=0c-03-10, hdrtype=0x00, mfdev=1\n\tcmdreg=0x0157, statreg=0x02b0, cachelnsz=16 (dwords)\n\tlattimer=0x40 (1920 ns), mingnt=0x00 (0 ns), maxlat=0x00 (0 ns)\n\tintpin=a, irq=11\n\tpowerspec 2  supports D0 D3  current D0\n\tmap[10]: type 1, range 32, base efbed000, size 12, enabled\n\tmap[14]: type 4, range 32, base 0000d000, size  8, enabled\npcib0: matched entry for 0.3.INTA (src \\\\_SB_.LK01:0)\nioapic0: Changing trigger for pin 11 to level\nioapic0: Changing polarity for pin 11 to low\npcib0: slot 3 INTA routed to irq 11 via \\\\_SB_.LK01\nfound-\u003e\tvendor=0x1166, dev=0x0223, revid=0x01\n\tbus=0, slot=3, func=1\n\tclass=0c-03-10, hdrtype=0x00, mfdev=0\n\tcmdreg=0x0157, statreg=0x02b0, cachelnsz=16 (dwords)\n\tlattimer=0x40 (1920 ns), mingnt=0x00 (0 ns), maxlat=0x00 (0 ns)\n\tintpin=a, irq=11\n\tpowerspec 2  supports D0 D3  current D0\n\tmap[10]: type 1, range 32, base efbee000, size 12, enabled\n\tmap[14]: type 4, range 32, base 0000d400, size  8, enabled\npcib0: matched entry for 0.3.INTA (src \\\\_SB_.LK01:0)\npcib0: slot 3 INTA routed to irq 11 via \\\\_SB_.LK01\nfound-\u003e\tvendor=0x1166, dev=0x0223, revid=0x01\n\tbus=0, slot=3, func=2\n\tclass=0c-03-20, hdrtype=0x00, mfdev=0\n\tcmdreg=0x0157, statreg=0x02b0, cachelnsz=16 (dwords)\n\tlattimer=0x40 (1920 ns), mingnt=0x00 (0 ns), maxlat=0x00 (0 ns)\n\tintpin=a, irq=11\n\tpowerspec 2  supports D0 D1 D2 D3  current D0\n\tmap[10]: type 1, range 32, base efbef000, size 12, enabled\n\tmap[14]: type 4, range 32, base 0000d800, size  8, enabled\npcib0: matched entry for 0.3.INTA (src \\\\_SB_.LK01:0)\npcib0: slot 3 INTA routed to irq 11 via \\\\_SB_.LK01\nfound-\u003e\tvendor=0x1002, dev=0x515e, revid=0x02\n\tbus=0, slot=4, func=0\n\tclass=03-00-00, hdrtype=0x00, mfdev=0\n\tcmdreg=0x0187, statreg=0x0290, cachelnsz=16 (dwords)\n\tlattimer=0x40 (1920 ns), mingnt=0x08 (2000 ns), maxlat=0x00 (0 ns)\n\tintpin=a, irq=10\n\tpowerspec 2  supports D0 D1 D2 D3  current D0\n\tmap[10]: type 3, range 32, base e0000000, size 27, enabled\n\tmap[14]: type 4, range 32, base 0000dc00, size  8, enabled\n\tmap[18]: type 1, range 32, base efbf0000, size 16, enabled\npcib0: matched entry for 0.4.INTA\npcib0: slot 4 INTA hardwired to IRQ 44\nfound-\u003e\tvendor=0x1166, dev=0x0140, revid=0xa2\n\tbus=0, slot=7, func=0\n\tclass=06-04-00, hdrtype=0x01, mfdev=0\n\tcmdreg=0x0107, statreg=0x0010, cachelnsz=16 (dwords)\n\tlattimer=0x00 (0 ns), mingnt=0x07 (1750 ns), maxlat=0x00 (0 ns)\n\tintpin=a, irq=6\n\tpowerspec 3  supports D0 D3  current D0\n\tMSI supports 2 messages, 64 bit\npcib0: matched entry for 0.7.INTA\npcib0: slot 7 INTA hardwired to IRQ 32\nfound-\u003e\tvendor=0x1166, dev=0x0142, revid=0xa2\n\tbus=0, slot=8, func=0\n\tclass=06-04-00, hdrtype=0x01, mfdev=0\n\tcmdreg=0x0107, statreg=0x0010, cachelnsz=16 (dwords)\n\tlattimer=0x00 (0 ns), mingnt=0x07 (1750 ns), maxlat=0x00 (0 ns)\n\tintpin=a, irq=5\n\tpowerspec 3  supports D0 D3  current D0\n\tMSI supports 2 messages, 64 bit\npcib0: matched entry for 0.8.INTA\npcib0: slot 8 INTA hardwired to IRQ 33\nfound-\u003e\tvendor=0x1166, dev=0x0144, revid=0xa2\n\tbus=0, slot=9, func=0\n\tclass=06-04-00, hdrtype=0x01, mfdev=0\n\tcmdreg=0x0107, statreg=0x0010, cachelnsz=16 (dwords)\n\tlattimer=0x00 (0 ns), mingnt=0x07 (1750 ns), maxlat=0x00 (0 ns)\n\tintpin=a, irq=10\n\tpowerspec 3  supports D0 D3  current D0\n\tMSI supports 2 messages, 64 bit\npcib0: matched entry for 0.9.INTA\npcib0: slot 9 INTA hardwired to IRQ 37\nfound-\u003e\tvendor=0x1166, dev=0x0142, revid=0xa2\n\tbus=0, slot=10, func=0\n\tclass=06-04-00, hdrtype=0x01, mfdev=0\n\tcmdreg=0x0107, statreg=0x0010, cachelnsz=16 (dwords)\n\tlattimer=0x00 (0 ns), mingnt=0x07 (1750 ns), maxlat=0x00 (0 ns)\n\tintpin=a, irq=6\n\tpowerspec 3  supports D0 D3  current D0\n\tMSI supports 2 messages, 64 bit\npcib0: matched entry for 0.10.INTA\npcib0: slot 10 INTA hardwired to IRQ 35\nfound-\u003e\tvendor=0x1166, dev=0x0144, revid=0xa2\n\tbus=0, slot=11, func=0\n\tclass=06-04-00, hdrtype=0x01, mfdev=0\n\tcmdreg=0x0107, statreg=0x0010, cachelnsz=16 (dwords)\n\tlattimer=0x00 (0 ns), mingnt=0x07 (1750 ns), maxlat=0x00 (0 ns)\n\tintpin=a, irq=5\n\tpowerspec 3  supports D0 D3  current D0\n\tMSI supports 2 messages, 64 bit\npcib0: matched entry for 0.11.INTA\npcib0: slot 11 INTA hardwired to IRQ 36\nfound-\u003e\tvendor=0x1022, dev=0x1100, revid=0x00\n\tbus=0, slot=24, func=0\n\tclass=06-00-00, hdrtype=0x00, mfdev=1\n\tcmdreg=0x0000, statreg=0x0010, cachelnsz=0 (dwords)\n\tlattimer=0x00 (0 ns), mingnt=0x00 (0 ns), maxlat=0x00 (0 ns)\nfound-\u003e\tvendor=0x1022, dev=0x1101, revid=0x00\n\tbus=0, slot=24, func=1\n\tclass=06-00-00, hdrtype=0x00, mfdev=1\n\tcmdreg=0x0000, statreg=0x0000, cachelnsz=0 (dwords)\n\tlattimer=0x00 (0 ns), mingnt=0x00 (0 ns), maxlat=0x00 (0 ns)\nfound-\u003e\tvendor=0x1022, dev=0x1102, revid=0x00\n\tbus=0, slot=24, func=2\n\tclass=06-00-00, hdrtype=0x00, mfdev=1\n\tcmdreg=0x0000, statreg=0x0000, cachelnsz=0 (dwords)\n\tlattimer=0x00 (0 ns), mingnt=0x00 (0 ns), maxlat=0x00 (0 ns)\nfound-\u003e\tvendor=0x1022, dev=0x1103, revid=0x00\n\tbus=0, slot=24, func=3\n\tclass=06-00-00, hdrtype=0x00, mfdev=1\n\tcmdreg=0x0000, statreg=0x0010, cachelnsz=0 (dwords)\n\tlattimer=0x00 (0 ns), mingnt=0x00 (0 ns), maxlat=0x00 (0 ns)\npcib1: \u003cACPI PCI-PCI bridge\u003e at device 1.0 on pci0\npcib1:   secondary bus     3\npcib1:   subordinate bus   4\npcib1:   I/O decode        0xe000-0xefff\npcib1:   memory decode     0xefc00000-0xefdfffff\npcib1:   prefetched decode 0xfff00000-0xfffff\nACPI: Found matching pin for 3.14.INTA at func 0: 6\npci3: \u003cACPI PCI bus\u003e on pcib1\npci3: physical bus=3\nfound-\u003e\tvendor=0x1166, dev=0x0104, revid=0xc0\n\tbus=3, slot=13, func=0\n\tclass=06-04-00, hdrtype=0x01, mfdev=0\n\tcmdreg=0x0157, statreg=0x0230, cachelnsz=64 (dwords)\n\tlattimer=0x40 (1920 ns), mingnt=0x07 (1750 ns), maxlat=0x00 (0 ns)\nfound-\u003e\tvendor=0x1166, dev=0x024b, revid=0x00\n\tbus=3, slot=14, func=0\n\tclass=01-01-8f, hdrtype=0x00, mfdev=0\n\tcmdreg=0x0147, statreg=0x0210, cachelnsz=0 (dwords)\n\tlattimer=0x40 (1920 ns), mingnt=0x00 (0 ns), maxlat=0x00 (0 ns)\n\tintpin=a, irq=6\n\tpowerspec 2  supports D0 D3  current D0\n\tMSI supports 1 message\n\tmap[10]: type 4, range 32, base 0000ecb0, size  3, enabled\npcib1: requested I/O range 0xecb0-0xecb7: in range\n\tmap[14]: type 4, range 32, base 0000eca0, size  2, enabled\npcib1: requested I/O range 0xeca0-0xeca3: in range\n\tmap[18]: type 4, range 32, base 0000ecb8, size  3, enabled\npcib1: requested I/O range 0xecb8-0xecbf: in range\n\tmap[1c]: type 4, range 32, base 0000eca4, size  2, enabled\npcib1: requested I/O range 0xeca4-0xeca7: in range\n\tmap[20]: type 4, range 32, base 0000ece0, size  4, enabled\npcib1: requested I/O range 0xece0-0xecef: in range\n\tmap[24]: type 1, range 32, base efdfe000, size 13, enabled\npcib1: requested memory range 0xefdfe000-0xefdfffff: good\npcib1: matched entry for 3.14.INTA (src \\\\_SB_.LK07:0)\nioapic0: Changing trigger for pin 6 to level\nioapic0: Changing polarity for pin 6 to low\npcib1: slot 14 INTA routed to irq 6 via \\\\_SB_.LK07\npcib2: \u003cACPI PCI-PCI bridge\u003e at device 13.0 on pci3\npcib2:   secondary bus     4\npcib2:   subordinate bus   4\npcib2:   I/O decode        0xf000-0xfff\npcib2:   memory decode     0xfff00000-0xfffff\npcib2:   prefetched decode 0xfff00000-0xfffff\npci4: \u003cACPI PCI bus\u003e on pcib2\npci4: physical bus=4\natapci0: \u003cServerWorks HT1000 SATA150 controller\u003e port \n0xecb0-0xecb7,0xeca0-0xeca3,0xecb8-0xecbf,0xeca4-0xeca7,0xece0-0xecef mem \n0xefdfe000-0xefdfffff irq 6 at device 14.0 on pci3\natapci0: Reserved 0x10 bytes for rid 0x20 type 4 at 0xece0\nioapic0: routing intpin 6 (ISA IRQ 6) to vector 49\natapci0: [MPSAFE]\nata2: \u003cATA channel 0\u003e on atapci0\natapci0: Reserved 0x8 bytes for rid 0x10 type 4 at 0xecb0\natapci0: Reserved 0x4 bytes for rid 0x14 type 4 at 0xeca0\nata2: reset tp1 mask=03 ostat0=50 ostat1=00\nata2: stat0=0x50 err=0x01 lsb=0x00 msb=0x00\nata2: stat1=0x00 err=0x01 lsb=0x00 msb=0x00\nata2: reset tp2 stat0=50 stat1=00 devices=0x1\u003cATA_MASTER\u003e\nata2: [MPSAFE]\nata3: \u003cATA channel 1\u003e on atapci0\natapci0: Reserved 0x8 bytes for rid 0x18 type 4 at 0xecb8\natapci0: Reserved 0x4 bytes for rid 0x1c type 4 at 0xeca4\nata3: reset tp1 mask=03 ostat0=7f ostat1=7f\nata3: stat0=0x7f err=0xff lsb=0xff msb=0xff\nata3: stat0=0x7f err=0xff lsb=0xff msb=0xff\nata3: stat0=0x7f err=0xff lsb=0xff msb=0xff\nata3: stat0=0x7f err=0xff lsb=0xff msb=0xff\nata3: stat0=0x7f err=0xff lsb=0xff msb=0xff\nata3: stat0=0x7f err=0xff lsb=0xff msb=0xff\nata3: stat0=0x7f err=0xff lsb=0xff msb=0xff\nata3: stat0=0x7f err=0xff lsb=0xff msb=0xff\nata3: stat0=0x7f err=0xff lsb=0xff msb=0xff\nata3: stat0=0x7f err=0xff lsb=0xff msb=0xff\nata3: stat0=0x7f err=0xff lsb=0xff msb=0xff\nata3: stat0=0x7f err=0xff lsb=0xff msb=0xff\nata3: stat0=0x7f err=0xff lsb=0xff msb=0xff\nata3: stat0=0x7f err=0xff lsb=0xff msb=0xff\nata3: stat0=0x7f err=0xff lsb=0xff msb=0xff\nata3: stat0=0x7f err=0xff lsb=0xff msb=0xff\nata3: stat0=0x7f err=0xff lsb=0xff msb=0xff\nata3: stat0=0x7f err=0xff lsb=0xff msb=0xff\nata3: stat0=0x7f err=0xff lsb=0xff msb=0xff\nata3: stat0=0x7f err=0xff lsb=0xff msb=0xff\nata3: stat0=0x7f err=0xff lsb=0xff msb=0xff\nata3: stat0=0x7f err=0xff lsb=0xff msb=0xff\nata3: stat1=0x7f err=0xff lsb=0xff msb=0xff\nata3: reset tp2 stat0=ff stat1=ff devices=0x0\nata3: [MPSAFE]\natapci1: \u003cServerWorks HT1000 UDMA100 controller\u003e port \n0x1f0-0x1f7,0x3f6,0x170-0x177,0x376,0x8c0-0x8cf at device 2.1 on pci0\natapci1: Reserved 0x10 bytes for rid 0x20 type 4 at 0x8c0\nata0: \u003cATA channel 0\u003e on atapci1\natapci1: Reserved 0x8 bytes for rid 0x10 type 4 at 0x1f0\natapci1: Reserved 0x1 bytes for rid 0x14 type 4 at 0x3f6\nata0: reset tp1 mask=03 ostat0=50 ostat1=00\nata0: stat0=0x00 err=0x01 lsb=0x14 msb=0xeb\nata0: stat1=0x00 err=0x00 lsb=0x00 msb=0x00\nata0: reset tp2 stat0=00 stat1=00 devices=0x4\u003cATAPI_MASTER\u003e\nioapic0: routing intpin 14 (ISA IRQ 14) to vector 50\nata0: [MPSAFE]\nata1: \u003cATA channel 1\u003e on atapci1\natapci1: Reserved 0x8 bytes for rid 0x18 type 4 at 0x170\natapci1: Reserved 0x1 bytes for rid 0x1c type 4 at 0x376\nata1: reset tp1 mask=00 ostat0=ff ostat1=ff\nioapic0: routing intpin 15 (ISA IRQ 15) to vector 51\nata1: [MPSAFE]\nisab0: \u003cPCI-ISA bridge\u003e at device 2.2 on pci0\nisa0: \u003cISA bus\u003e on isab0\nohci0: \u003cOHCI (generic) USB controller\u003e port 0xd000-0xd0ff mem \n0xefbed000-0xefbedfff irq 11 at device 3.0 on pci0\nohci0: Reserved 0x1000 bytes for rid 0x10 type 3 at 0xefbed000\nohci0: (New OHCI DeviceId=0x02231166)\nioapic0: routing intpin 11 (ISA IRQ 11) to vector 52\nohci0: [GIANT-LOCKED]\nusb0: OHCI version 1.0, legacy support\nusb0: SMM does not respond, resetting\nusb0: \u003cOHCI (generic) USB controller\u003e on ohci0\nusb0: USB revision 1.0\nuhub0: (0x1166) OHCI root hub, class 9/0, rev 1.00/1.00, addr 1\nuhub0: 2 ports with 2 removable, self powered\nohci1: \u003cOHCI (generic) USB controller\u003e port 0xd400-0xd4ff mem \n0xefbee000-0xefbeefff irq 11 at device 3.1 on pci0\nohci1: Reserved 0x1000 bytes for rid 0x10 type 3 at 0xefbee000\nohci1: (New OHCI DeviceId=0x02231166)\nohci1: [GIANT-LOCKED]\nusb1: OHCI version 1.0, legacy support\nusb1: \u003cOHCI (generic) USB controller\u003e on ohci1\nusb1: USB revision 1.0\nuhub1: (0x1166) OHCI root hub, class 9/0, rev 1.00/1.00, addr 1\nuhub1: 2 ports with 2 removable, self powered\nehci0: \u003cEHCI (generic) USB 2.0 controller\u003e port 0xd800-0xd8ff mem \n0xefbef000-0xefbeffff irq 11 at device 3.2 on pci0\nehci0: Reserved 0x1000 bytes for rid 0x10 type 3 at 0xefbef000\nehci0: (New EHCI DeviceId=0x02231166)\nehci0: [GIANT-LOCKED]\nusb2: EHCI version 1.0\nusb2: companion controllers, 2 ports each: usb0 usb1\nusb2: \u003cEHCI (generic) USB 2.0 controller\u003e on ehci0\nusb2: USB revision 2.0\nuhub2: (0x1166) EHCI root hub, class 9/0, rev 2.00/1.00, addr 1\nuhub2: 4 ports with 4 removable, self powered\nuhub3: vendor 0x413c product 0xa001, class 9/0, rev 2.00/0.00, addr 2\nuhub3: multiple transaction translators\nuhub3: 2 ports with 2 removable, self powered\npci0: \u003cdisplay, VGA\u003e at device 4.0 (no driver attached)\npcib3: \u003cACPI PCI-PCI bridge\u003e irq 32 at device 7.0 on pci0\npcib3:   secondary bus     5\npcib3:   subordinate bus   5\npcib3:   I/O decode        0xf000-0xfff\npcib3:   memory decode     0xfff00000-0xfffff\npcib3:   prefetched decode 0xfff00000-0xfffff\npci5: \u003cACPI PCI bus\u003e on pcib3\npci5: physical bus=5\npcib4: \u003cACPI PCI-PCI bridge\u003e irq 33 at device 8.0 on pci0\npcib4:   secondary bus     1\npcib4:   subordinate bus   1\npcib4:   I/O decode        0xf000-0xfff\npcib4:   memory decode     0xefe00000-0xefefffff\npcib4:   prefetched decode 0xfff00000-0xfffff\npci1: \u003cACPI PCI bus\u003e on pcib4\npci1: physical bus=1\nfound-\u003e\tvendor=0x14e4, dev=0x1659, revid=0x21\n\tbus=1, slot=0, func=0\n\tclass=02-00-00, hdrtype=0x00, mfdev=0\n\tcmdreg=0x0006, statreg=0x0010, cachelnsz=16 (dwords)\n\tlattimer=0x00 (0 ns), mingnt=0x00 (0 ns), maxlat=0x00 (0 ns)\n\tintpin=a, irq=5\n\tpowerspec 2  supports D0 D3  current D0\n\tMSI supports 8 messages, 64 bit\n\tmap[10]: type 1, range 64, base efef0000, size 16, enabled\npcib4: requested memory range 0xefef0000-0xefefffff: good\npcib4: matched entry for 1.0.INTA\npcib4: slot 0 INTA hardwired to IRQ 33\nbge0: \u003cBroadcom BCM5750 C1, ASIC rev. 0x4201\u003e mem 0xefef0000-0xefefffff irq 33 \nat device 0.0 on pci1\nbge0: Reserved 0x10000 bytes for rid 0x10 type 3 at 0xefef0000\nmiibus0: \u003cMII bus\u003e on bge0\nbrgphy0: \u003cBCM5750 10/100/1000baseTX PHY\u003e on miibus0\nbrgphy0: OUI 0x000818, model 0x0018, rev. 0\nbrgphy0:  10baseT, 10baseT-FDX, 100baseTX, 100baseTX-FDX, 1000baseT, \n1000baseT-FDX, auto\nbge0: bpf attached\nbge0: Ethernet address: 00:1d:09:0a:3d:3b\nioapic1: routing intpin 1 (PCI IRQ 33) to vector 53\nbge0: [MPSAFE]\npcib5: \u003cACPI PCI-PCI bridge\u003e irq 37 at device 9.0 on pci0\npcib5:   secondary bus     2\npcib5:   subordinate bus   2\npcib5:   I/O decode        0xf000-0xfff\npcib5:   memory decode     0xeff00000-0xefffffff\npcib5:   prefetched decode 0xfff00000-0xfffff\npci2: \u003cACPI PCI bus\u003e on pcib5\npci2: physical bus=2\nfound-\u003e\tvendor=0x14e4, dev=0x1659, revid=0x21\n\tbus=2, slot=0, func=0\n\tclass=02-00-00, hdrtype=0x00, mfdev=0\n\tcmdreg=0x0006, statreg=0x0010, cachelnsz=16 (dwords)\n\tlattimer=0x00 (0 ns), mingnt=0x00 (0 ns), maxlat=0x00 (0 ns)\n\tintpin=a, irq=10\n\tpowerspec 2  supports D0 D3  current D0\n\tMSI supports 8 messages, 64 bit\n\tmap[10]: type 1, range 64, base efff0000, size 16, enabled\npcib5: requested memory range 0xefff0000-0xefffffff: good\npcib5: matched entry for 2.0.INTA\npcib5: slot 0 INTA hardwired to IRQ 37\nbge1: \u003cBroadcom BCM5750 C1, ASIC rev. 0x4201\u003e mem 0xefff0000-0xefffffff irq 37 \nat device 0.0 on pci2\nbge1: Reserved 0x10000 bytes for rid 0x10 type 3 at 0xefff0000\nmiibus1: \u003cMII bus\u003e on bge1\nbrgphy1: \u003cBCM5750 10/100/1000baseTX PHY\u003e on miibus1\nbrgphy1: OUI 0x000818, model 0x0018, rev. 0\nbrgphy1:  10baseT, 10baseT-FDX, 100baseTX, 100baseTX-FDX, 1000baseT, \n1000baseT-FDX, auto\nbge1: bpf attached\nbge1: Ethernet address: 00:1d:09:0a:3d:3c\nioapic1: routing intpin 5 (PCI IRQ 37) to vector 54\nbge1: [MPSAFE]\npcib6: \u003cACPI PCI-PCI bridge\u003e irq 35 at device 10.0 on pci0\npcib6:   secondary bus     6\npcib6:   subordinate bus   6\npcib6:   I/O decode        0xf000-0xfff\npcib6:   memory decode     0xfff00000-0xfffff\npcib6:   prefetched decode 0xfff00000-0xfffff\npci6: \u003cACPI PCI bus\u003e on pcib6\npci6: physical bus=6\npcib7: \u003cACPI PCI-PCI bridge\u003e irq 36 at device 11.0 on pci0\npcib7:   secondary bus     7\npcib7:   subordinate bus   7\npcib7:   I/O decode        0xf000-0xfff\npcib7:   memory decode     0xfff00000-0xfffff\npcib7:   prefetched decode 0xfff00000-0xfffff\npci7: \u003cACPI PCI bus\u003e on pcib7\npci7: physical bus=7\nsio0: irq maps: 0x4a01 0x4a11 0x4a01 0x4a01\nsio0: \u003c16550A-compatible COM port\u003e port 0x3f8-0x3ff irq 4 flags 0x10 on acpi0\nsio0: type 16550A\nioapic0: routing intpin 4 (ISA IRQ 4) to vector 55\nsio1: irq maps: 0x4a01 0x4a09 0x4a01 0x4a01\nsio1: \u003c16550A-compatible COM port\u003e port 0x2f8-0x2ff irq 3 on acpi0\nsio1: type 16550A\nioapic0: routing intpin 3 (ISA IRQ 3) to vector 56\nahc_isa_probe 0: ioport 0xc00 alloc failed\nahc_isa_probe 13: ioport 0xdc00 alloc failed\nahc_isa_probe 14: ioport 0xec00 alloc failed\nex_isa_identify()\nsio: sio0 already exists; skipping it\nsio: sio1 already exists; skipping it\npnp_identify: Trying Read_Port at 203\npnp_identify: Trying Read_Port at 243\npnp_identify: Trying Read_Port at 283\npnp_identify: Trying Read_Port at 2c3\npnp_identify: Trying Read_Port at 303\npnp_identify: Trying Read_Port at 343\npnp_identify: Trying Read_Port at 383\npnp_identify: Trying Read_Port at 3c3\nPNP Identify complete\nsc: sc0 already exists; skipping it\nvga: vga0 already exists; skipping it\nisa_probe_children: disabling PnP devices\nisa_probe_children: probing non-PnP devices\norm0: \u003cISA Option ROMs\u003e at iomem \n0xc0000-0xc8fff,0xc9000-0xc9fff,0xec000-0xeffff on isa0\natkbdc0: \u003cKeyboard controller (i8042)\u003e at port 0x60,0x64 on isa0\natkbd0: \u003cAT Keyboard\u003e irq 1 on atkbdc0\natkbd: the current kbd controller command byte 0065\natkbd: keyboard ID 0xffffffff (1)\natkbd: failed to reset the keyboard.\nkbd0 at atkbd0\nkbd0: atkbd0, AT 84 (1), config:0x0, flags:0x3d0000\nioapic0: routing intpin 1 (ISA IRQ 1) to vector 57\natkbd0: [GIANT-LOCKED]\npsm0: current command byte:0065\npsm0: failed to reset the aux device.\nfdc0 failed to probe at port 0x3f0-0x3f5,0x3f7 irq 6 drq 2 on isa0\nppc0: cannot reserve I/O port range\nppc0: \u003cParallel port\u003e failed to probe at irq 7 on isa0\nsc0: \u003cSystem console\u003e at flags 0x100 on isa0\nsc0: VGA \u003c16 virtual consoles, flags=0x300\u003e\nsc0: fb0, kbd1, terminal emulator: sc (syscons terminal)\nsio2: not probed (disabled)\nsio3: not probed (disabled)\nvga0: \u003cGeneric ISA VGA\u003e at port 0x3c0-0x3df iomem 0xa0000-0xbffff on isa0\nisa_probe_children: probing PnP devices\nums0: Dell Dell USB Mouse, rev 2.00/1.10, addr 2, iclass 3/1\nums0: 3 buttons and Z dir.\nukbd0: vendor 0x1267 product 0x0103, rev 1.10/1.01, addr 3, iclass 3/1\nkbd2 at ukbd0\nkbd2: ukbd0, generic (0), config:0x0, flags:0x3d0000\nuhid0: vendor 0x1267 product 0x0103, rev 1.10/1.01, addr 3, iclass 3/1\nDevice configuration finished.\nReducing kern.maxvnodes 132572 -\u003e 100000\nprocfs registered\nlinprocfs registered\nlapic: Divisor 2, Frequency 100004069 hz\nTimecounter \"TSC\" frequency 1800073149 Hz quality 800\nTimecounters tick every 1.000 msec\nLinux ELF exec handler installed\nlo0: bpf attached\nhptrr: no controller detected.\nrr232x: no controller detected.\nata0-master: pio=PIO4 wdma=WDMA2 udma=UDMA33 cable=40 wire\nacd0: setting PIO4 on HT1000 chip\nacd0: setting UDMA33 on HT1000 chip\nacd0: \u003cHL-DT-STDVD-ROM GDR-T10N/1.02\u003e DVDROM drive at ata0 as master\nacd0: read 4134KB/s (4134KB/s), 2048KB buffer, UDMA33\nacd0: Reads: CDR, CDRW, CDDA stream, DVDROM, DVDR, packet\nacd0: Writes:\nacd0: Audio: play, 256 volume levels\nacd0: Mechanism: ejectable tray, unlocked\nacd0: Medium: no/blank disc\nata2-master: pio=PIO4 wdma=WDMA2 udma=UDMA133 cable=40 wire\nad4: setting PIO4 on HT1000 chip\nad4: DMA limited to UDMA33, device found non-ATA66 cable\nad4: setting UDMA33 on HT1000 chip\nad4: 76293MB \u003cWDC WD800JD-75MSA3 10.01E04\u003e at ata2-master UDMA33\nad4: 156250000 sectors [155009C/16H/63S] 16 sectors/interrupt 1 depth queue\nad4: Adaptec check1 failed\nad4: LSI (v3) check1 failed\nad4: LSI (v2) check1 failed\nad4: FreeBSD check1 failedGEOM: new disk ad4\n\nATA PseudoRAID loaded\nTrying to mount root from ufs:/dev/ad4s1a\nstart_init: trying /sbin/init\n\n-- \nMel"
}