{
 "id": 658027,
 "bug_id": 166469,
 "attachment_id": 0,
 "creation_time": "2012-03-28T21:00:21Z",
 "creator": "lausts@acm.org",
 "text": "All of the floppy disk operations (fdformat, DD of an image to floppy,\netc.) don't work on a computer that was running FreeBSD 8.3-RC1.  I\nreloaded 8.3-RC1 just to be sure that the hardware was still functional.\nFreeBSD 8.3-RC1 works and FreeBSD 9.0-STABLE does not.\n\nHere is my dmesg using FreeBSD 9.0-STABLE:\n\nCopyright (c) 1992-2012 The FreeBSD Project.\nCopyright (c) 1979, 1980, 1983, 1986, 1988, 1989, 1991, 1992, 1993, 1994\n\tThe Regents of the University of California. All rights reserved.\nFreeBSD is a registered trademark of The FreeBSD Foundation.\nFreeBSD 9.0-STABLE #0: Wed Mar 28 14:44:23 EDT 2012\n    root@video.laus.org:/usr/obj/usr/src/sys/VIDEO i386\nCPU: Intel(R) Celeron(R) CPU 2.66GHz (2665.44-MHz 686-class CPU)\n  Origin = \"GenuineIntel\"  Id = 0xf41  Family = f  Model = 4  Stepping = 1\n  Features=0xbfebfbff\u003cFPU,VME,DE,PSE,TSC,MSR,PAE,MCE,CX8,APIC,SEP,MTRR,PGE,MCA,CMOV,PAT,PSE36,CLFLUSH,DTS,ACPI,MMX,FXSR,SSE,SSE2,SS,HTT,TM,PBE\u003e\n  Features2=0x451d\u003cSSE3,DTES64,MON,DS_CPL,TM2,CNXT-ID,xTPR\u003e\n  TSC: P-state invariant\nreal memory  = 2147483648 (2048 MB)\navail memory = 2095869952 (1998 MB)\nEvent timer \"LAPIC\" quality 400\nACPI APIC Table: \u003cA M I  OEMAPIC \u003e\nioapic0 \u003cVersion 2.0\u003e irqs 0-23 on motherboard\nkbd1 at kbdmux0\nacpi0: \u003cA M I OEMRSDT\u003e on motherboard\nacpi0: Power Button (fixed)\nacpi0: reservation of 0, a0000 (3) failed\nacpi0: reservation of 100000, 7fef0000 (3) failed\ncpu0: \u003cACPI CPU\u003e on acpi0\nattimer0: \u003cAT timer\u003e port 0x40-0x43 irq 0 on acpi0\nTimecounter \"i8254\" frequency 1193182 Hz quality 0\nEvent timer \"i8254\" frequency 1193182 Hz quality 100\natrtc0: \u003cAT realtime clock\u003e port 0x70-0x71 irq 8 on acpi0\nEvent timer \"RTC\" frequency 32768 Hz quality 0\nTimecounter \"ACPI-fast\" frequency 3579545 Hz quality 900\nacpi_timer0: \u003c24-bit timer at 3.579545MHz\u003e port 0x808-0x80b on acpi0\npcib0: \u003cACPI Host-PCI bridge\u003e port 0xcf8-0xcff on acpi0\npci0: \u003cACPI PCI bus\u003e on pcib0\nagp0: \u003cIntel 82865 host to AGP bridge\u003e on hostb0\npcib1: \u003cACPI PCI-PCI bridge\u003e at device 1.0 on pci0\npci1: \u003cACPI PCI bus\u003e on pcib1\nvgapci0: \u003cVGA-compatible display\u003e port 0xd000-0xd0ff mem 0xe8000000-0xefffffff,0xfbee0000-0xfbeeffff at device 0.0 on pci1\nvgapci1: \u003cVGA-compatible display\u003e mem 0xf0000000-0xf7ffffff,0xfbef0000-0xfbefffff at device 0.1 on pci1\nuhci0: \u003cIntel 82801EB (ICH5) USB controller USB-A\u003e port 0xb800-0xb81f irq 16 at device 29.0 on pci0\nusbus0 on uhci0\nuhci1: \u003cIntel 82801EB (ICH5) USB controller USB-B\u003e port 0xc000-0xc01f irq 19 at device 29.1 on pci0\nusbus1 on uhci1\nuhci2: \u003cIntel 82801EB (ICH5) USB controller USB-C\u003e port 0xc400-0xc41f irq 18 at device 29.2 on pci0\nusbus2 on uhci2\nuhci3: \u003cIntel 82801EB (ICH5) USB controller USB-D\u003e port 0xc800-0xc81f irq 16 at device 29.3 on pci0\nusbus3 on uhci3\nehci0: \u003cIntel 82801EB/R (ICH5) USB 2.0 controller\u003e mem 0xfbdffc00-0xfbdfffff irq 23 at device 29.7 on pci0\nusbus4: EHCI version 1.0\nusbus4 on ehci0\npcib2: \u003cACPI PCI-PCI bridge\u003e at device 30.0 on pci0\npci2: \u003cACPI PCI bus\u003e on pcib2\nskc0: \u003cMarvell Gigabit Ethernet\u003e port 0xe800-0xe8ff mem 0xfbffc000-0xfbffffff irq 22 at device 5.0 on pci2\nskc0: Marvell Yukon Lite Gigabit Ethernet rev. A3(0x7)\nsk0: \u003cMarvell Semiconductor, Inc. Yukon\u003e on skc0\nsk0: Ethernet address: 00:11:2f:c4:fe:c2\nmiibus0: \u003cMII bus\u003e on sk0\ne1000phy0: \u003cMarvell 88E1011 Gigabit PHY\u003e PHY 0 on miibus0\ne1000phy0:  none, 10baseT, 10baseT-FDX, 100baseTX, 100baseTX-FDX, 1000baseT, 1000baseT-master, 1000baseT-FDX, 1000baseT-FDX-master, auto\nfwohci0: \u003cVIA Fire II (VT6306)\u003e port 0xe400-0xe47f mem 0xfbffb800-0xfbffbfff irq 21 at device 13.0 on pci2\nfwohci0: OHCI version 1.0 (ROM=1)\nfwohci0: No. of Isochronous channels is 8.\nfwohci0: EUI64 00:11:06:00:00:00:41:ac\nfwohci0: Phy 1394a available S400, 3 ports.\nfwohci0: Link S400, max_rec 2048 bytes.\nfirewire0: \u003cIEEE1394(FireWire) bus\u003e on fwohci0\nfwohci0: Initiate bus reset\nfwohci0: fwohci_intr_core: BUS reset\nfwohci0: fwohci_intr_core: node_id=0x00000000, SelfID Count=1, CYCLEMASTER mode\nisab0: \u003cPCI-ISA bridge\u003e at device 31.0 on pci0\nisa0: \u003cISA bus\u003e on isab0\natapci0: \u003cIntel ICH5 UDMA100 controller\u003e port 0x1f0-0x1f7,0x3f6,0x170-0x177,0x376,0xfc00-0xfc0f at device 31.1 on pci0\nata0: \u003cATA channel\u003e at channel 0 on atapci0\nata1: \u003cATA channel\u003e at channel 1 on atapci0\natapci1: \u003cIntel ICH5 SATA150 controller\u003e port 0xa800-0xa807,0xa400-0xa403,0xa000-0xa007,0x9800-0x9803,0x9400-0x940f irq 18 at device 31.2 on pci0\nata2: \u003cATA channel\u003e at channel 0 on atapci1\nata3: \u003cATA channel\u003e at channel 1 on atapci1\npcm0: \u003cIntel ICH5 (82801EB)\u003e port 0xb400-0xb4ff,0xb000-0xb03f mem 0xfbdff800-0xfbdff9ff,0xfbdff400-0xfbdff4ff irq 17 at device 31.5 on pci0\npcm0: \u003cAnalog Devices AD1985 AC97 Codec\u003e\nacpi_button0: \u003cPower Button\u003e on acpi0\natkbdc0: \u003cKeyboard controller (i8042)\u003e port 0x60,0x64 irq 1 on acpi0\natkbd0: \u003cAT Keyboard\u003e irq 1 on atkbdc0\nkbd0 at atkbd0\natkbd0: [GIANT-LOCKED]\npsm0: \u003cPS/2 Mouse\u003e irq 12 on atkbdc0\npsm0: [GIANT-LOCKED]\npsm0: model Generic PS/2 mouse, device ID 0\nuart0: \u003c16550 or compatible\u003e port 0x3f8-0x3ff irq 4 flags 0x10 on acpi0\nuart1: \u003c16550 or compatible\u003e port 0x2f8-0x2ff irq 3 on acpi0\nfdc0: \u003cfloppy drive controller (FDE)\u003e port 0x3f0-0x3f5,0x3f7 irq 6 drq 2 on acpi0\nfd0: \u003c1440-KB 3.5\" drive\u003e on fdc0 drive 0\npmtimer0 on isa0\norm0: \u003cISA Option ROM\u003e at iomem 0xc0000-0xccfff pnpid ORM0000 on isa0\nsc0: \u003cSystem console\u003e at flags 0x100 on isa0\nsc0: VGA \u003c16 virtual consoles, flags=0x300\u003e\nvga0: \u003cGeneric ISA VGA\u003e at port 0x3c0-0x3df iomem 0xa0000-0xbffff on isa0\nppc0: parallel port not found.\np4tcc0: \u003cCPU Frequency Thermal Control\u003e on cpu0\nTimecounters tick every 1.000 msec\nfirewire0: 1 nodes, maxhop \u003c= 0 cable IRM irm(0)  (me) \nfirewire0: bus manager 0 \nusbus0: 12Mbps Full Speed USB v1.0\nusbus1: 12Mbps Full Speed USB v1.0\nusbus2: 12Mbps Full Speed USB v1.0\nusbus3: 12Mbps Full Speed USB v1.0\nusbus4: 480Mbps High Speed USB v2.0\nugen0.1: \u003cIntel\u003e at usbus0\nuhub0: \u003cIntel UHCI root HUB, class 9/0, rev 1.00/1.00, addr 1\u003e on usbus0\nugen1.1: \u003cIntel\u003e at usbus1\nuhub1: \u003cIntel UHCI root HUB, class 9/0, rev 1.00/1.00, addr 1\u003e on usbus1\nugen2.1: \u003cIntel\u003e at usbus2\nuhub2: \u003cIntel UHCI root HUB, class 9/0, rev 1.00/1.00, addr 1\u003e on usbus2\nugen3.1: \u003cIntel\u003e at usbus3\nuhub3: \u003cIntel UHCI root HUB, class 9/0, rev 1.00/1.00, addr 1\u003e on usbus3\nugen4.1: \u003cIntel\u003e at usbus4\nuhub4: \u003cIntel EHCI root HUB, class 9/0, rev 2.00/1.00, addr 1\u003e on usbus4\nada0 at ata2 bus 0 scbus2 target 0 lun 0\nada0: \u003cHDS722580VLSA80 V32OA63A\u003e ATA-6 SATA 1.x device\nada0: 150.000MB/s transfers (SATA 1.x, UDMA5, PIO 8192bytes)\nada0: 78533MB (160836480 512 byte sectors: 16H 63S/T 16383C)\nada0: Previously was known as ad4\nTimecounter \"TSC\" frequency 2665440640 Hz quality 1000\ncd0 at ata0 bus 0 scbus0 target 0 lun 0\ncd0: \u003cHP CD-Writer+ 9500 1.0e\u003e Removable CD-ROM SCSI-0 device \ncd0: 33.300MB/s transfers (UDMA2, ATAPI 12bytes, PIO 65534bytes)\ncd0: Attempt to query device size failed: NOT READY, Medium not present\ncd1 at ata3 bus 0 scbus3 target 0 lun 0\ncd1: \u003cOptiarc DVD RW AD-7240S 1.03\u003e Removable CD-ROM SCSI-0 device \ncd1: 150.000MB/s transfers (SATA 1.x, UDMA5, ATAPI 12bytes, PIO 8192bytes)\ncd1: Attempt to query device size failed: NOT READY, Medium not present - tray closed\nuhub0: 2 ports with 2 removable, self powered\nuhub1: 2 ports with 2 removable, self powered\nuhub2: 2 ports with 2 removable, self powered\nuhub3: 2 ports with 2 removable, self powered\nRoot mount waiting for: usbus4\nRoot mount waiting for: usbus4\nRoot mount waiting for: usbus4\nuhub4: 8 ports with 8 removable, self powered\nTrying to mount root from ufs:/dev/ada0p2 [rw]...\n\nFix: \n\nUnknown\nHow-To-Repeat: Type fdformat on a FreeBSD 9.0-STABLE computer.  It will mark all tracks\non the floppy disk as bad.  Do the same test on the same computer running\nFreeBSD 8.3-RC1 and everything will operate normal."
}