{
 "id": 1064636,
 "bug_id": 239240,
 "attachment_id": 0,
 "creation_time": "2019-09-01T09:35:48Z",
 "creator": "76nemo76@gmx.ch",
 "text": "I have the same problem with FreeBSD12 patch level 7.\n\nThe machine has 4 igb ports running as a bridge. Whe the\nphysical network switch (where the IGB card and thus \nthe bridge is connected) is switched off, I get the messages:\n  
Jul 29 14:04:20 oche kernel: igb0: TX(0) desc avail = 1024, pidx = 0\n  
Jul 29 14:04:51 oche syslogd: last message repeated 18 times\n\nand nothing, except a reboot, makes the bridge (and network card) functionnal again.\n\nThis parameter is set in the \"/boot/loader.conf\"\n--------------------------/boot/loader.conf (extract)---------------------------\n#\n#Increase the memory allocated for the network card\n#driver. Useful/necessary to take in account\n#the 4 network card (instead of one).\n#See this link:\n#  https://docs.netgate.com/pfsense/en/latest/hardware/tuning-and-troubleshootil\n#for some explanations.\n#\nkern.ipc.nmbclusters=\"131072\"\n\nhere is the dmesg.txt of the machine:\n\n------------------------------dmesg-------------------------------------------\n---\u003c\u003cBOOT\u003e\u003e---\nCopyright (c) 1992-2018 The FreeBSD Project.\nCopyright (c) 1979, 1980, 1983, 1986, 1988, 1989, 1991, 1992, 1993, 1994\n\tThe Regents of the University of California. All rights reserved.\nFreeBSD is a registered trademark of The FreeBSD Foundation.\nFreeBSD 12.0-RELEASE-p7 GENERIC amd64\nFreeBSD clang version 6.0.1 (tags/RELEASE_601/final 335540) (based on LLVM 6.0.1)\nVT(vga): resolution 640x480\nCPU: AMD GX-412TC SOC                                (998.15-MHz K8-class CPU)\n  Origin=\"AuthenticAMD\"  Id=0x730f01  Family=0x16  Model=0x30  Stepping=1\n  Features=0x178bfbff\u003cFPU,VME,DE,PSE,TSC,MSR,PAE,MCE,CX8,APIC,SEP,MTRR,PGE,MCA,CMOV,PAT,PSE36,CLFLUSH,MMX,FXSR,SSE,SSE2,HTT\u003e\n  Features2=0x3ed8220b\u003cSSE3,PCLMULQDQ,MON,SSSE3,CX16,SSE4.1,SSE4.2,MOVBE,POPCNT,AESNI,XSAVE,OSXSAVE,AVX,F16C\u003e\n  AMD Features=0x2e500800\u003cSYSCALL,NX,MMX+,FFXSR,Page1GB,RDTSCP,LM\u003e\n  AMD Features2=0x1d4037ff\u003cLAHF,CMP,SVM,ExtAPIC,CR8,ABM,SSE4A,MAS,Prefetch,OSVW,IBS,SKINIT,WDT,Topology,PNXC,DBE,PTSC,PL2I\u003e\n  Structured Extended Features=0x8\u003cBMI1\u003e\n  XSAVE Features=0x1\u003cXSAVEOPT\u003e\n  SVM: NP,NRIP,AFlush,DAssist,NAsids=8\n  TSC: P-state invariant, performance statistics\nreal memory  = 4294967296 (4096 MB)\navail memory = 4092137472 (3902 MB)\nEvent timer \"LAPIC\" quality 600\nACPI APIC Table: \u003cCORE   COREBOOT\u003e\nFreeBSD/SMP: Multiprocessor System Detected: 4 CPUs\nFreeBSD/SMP: 1 package(s) x 4 core(s)\nrandom: unblocking device.\nioapic1: Changing APIC ID to 5\nioapic0 \u003cVersion 2.1\u003e irqs 0-23 on motherboard\nioapic1 \u003cVersion 2.1\u003e irqs 24-55 on motherboard\nLaunching APs: 1 2 3\nTimecounter \"TSC\" frequency 998147250 Hz quality 1000\nrandom: entropy device external interface\nnetmap: loaded module\n[ath_hal] loaded\nmodule_register_init: MOD_LOAD (vesa, 0xffffffff810f9a00, 0) error 19\nkbd0 at kbdmux0\nnexus0\nvtvga0: \u003cVT VGA driver\u003e on motherboard\ncryptosoft0: \u003csoftware crypto\u003e on motherboard\naesni0: \u003cAES-CBC,AES-XTS,AES-GCM,AES-ICM\u003e on motherboard\nacpi0: \u003cCORE COREBOOT\u003e on motherboard\nacpi0: Power Button (fixed)\ncpu0: \u003cACPI CPU\u003e on acpi0\natrtc0: \u003cAT realtime clock\u003e port 0x70-0x71 irq 8 on acpi0\natrtc0: registered as a time-of-day clock, resolution 1.000000s\nEvent timer \"RTC\" frequency 32768 Hz quality 0\nattimer0: \u003cAT timer\u003e port 0x40-0x43 irq 0 on acpi0\nTimecounter \"i8254\" frequency 1193182 Hz quality 0\nEvent timer \"i8254\" frequency 1193182 Hz quality 100\nhpet0: \u003cHigh Precision Event Timer\u003e iomem 0xfed00000-0xfed003ff on acpi0\nTimecounter \"HPET\" frequency 14318180 Hz quality 950\nTimecounter \"ACPI-safe\" frequency 3579545 Hz quality 850\nacpi_timer0: \u003c32-bit timer at 3.579545MHz\u003e port 0x818-0x81b on acpi0\nacpi_button0: \u003cPower Button\u003e on acpi0\npcib0: \u003cACPI Host-PCI bridge\u003e port 0xcf8-0xcff on acpi0\npci0: \u003cACPI PCI bus\u003e on pcib0\npcib1: \u003cACPI PCI-PCI bridge\u003e at device 2.1 on pci0\npcib1: failed to allocate initial I/O port window: 0x1000-0x1fff\npci1: \u003cACPI PCI bus\u003e on pcib1\nigb0: \u003cIntel(R) PRO/1000 PCI-Express Network Driver\u003e mem 0xfe500000-0xfe51ffff,0xfe520000-0xfe523fff at device 0.0 on pci1\nigb0: attach_pre capping queues at 2\nigb0: using 1024 tx descriptors and 1024 rx descriptors\nigb0: msix_init qsets capped at 2\nigb0: pxm cpus: 4 queue msgs: 4 admincnt: 1\nigb0: using 2 rx queues 2 tx queues \nigb0: Using MSIX interrupts with 3 vectors\nigb0: allocated for 2 tx_queues\nigb0: allocated for 2 rx_queues\nigb0: Ethernet address: 00:0d:b9:4e:88:10\nigb0: netmap queues/slots: TX 2/1024, RX 2/1024\npcib2: \u003cACPI PCI-PCI bridge\u003e at device 2.2 on pci0\npci2: \u003cACPI PCI bus\u003e on pcib2\nigb1: \u003cIntel(R) PRO/1000 PCI-Express Network Driver\u003e port 0x2000-0x201f mem 0xfe600000-0xfe61ffff,0xfe620000-0xfe623fff at device 0.0 on pci2\nigb1: attach_pre capping queues at 2\nigb1: using 1024 tx descriptors and 1024 rx descriptors\nigb1: msix_init qsets capped at 2\nigb1: pxm cpus: 4 queue msgs: 4 admincnt: 1\nigb1: using 2 rx queues 2 tx queues \nigb1: Using MSIX interrupts with 3 vectors\nigb1: allocated for 2 tx_queues\nigb1: allocated for 2 rx_queues\nigb1: Ethernet address: 00:0d:b9:4e:88:11\nigb1: netmap queues/slots: TX 2/1024, RX 2/1024\npcib3: \u003cACPI PCI-PCI bridge\u003e at device 2.3 on pci0\npci3: \u003cACPI PCI bus\u003e on pcib3\nigb2: \u003cIntel(R) PRO/1000 PCI-Express Network Driver\u003e port 0x3000-0x301f mem 0xfe700000-0xfe71ffff,0xfe720000-0xfe723fff at device 0.0 on pci3\nigb2: attach_pre capping queues at 2\nigb2: using 1024 tx descriptors and 1024 rx descriptors\nigb2: msix_init qsets capped at 2\nigb2: pxm cpus: 4 queue msgs: 4 admincnt: 1\nigb2: using 2 rx queues 2 tx queues \nigb2: Using MSIX interrupts with 3 vectors\nigb2: allocated for 2 tx_queues\nigb2: allocated for 2 rx_queues\nigb2: Ethernet address: 00:0d:b9:4e:88:12\nigb2: netmap queues/slots: TX 2/1024, RX 2/1024\npcib4: \u003cACPI PCI-PCI bridge\u003e at device 2.4 on pci0\npci4: \u003cACPI PCI bus\u003e on pcib4\nigb3: \u003cIntel(R) PRO/1000 PCI-Express Network Driver\u003e port 0x4000-0x401f mem 0xfe800000-0xfe81ffff,0xfe820000-0xfe823fff at device 0.0 on pci4\nigb3: attach_pre capping queues at 2\nigb3: using 1024 tx descriptors and 1024 rx descriptors\nigb3: msix_init qsets capped at 2\nigb3: pxm cpus: 4 queue msgs: 4 admincnt: 1\nigb3: using 2 rx queues 2 tx queues \nigb3: Using MSIX interrupts with 3 vectors\nigb3: allocated for 2 tx_queues\nigb3: allocated for 2 rx_queues\nigb3: Ethernet address: 00:0d:b9:4e:88:13\nigb3: netmap queues/slots: TX 2/1024, RX 2/1024\npci0: \u003cencrypt/decrypt\u003e at device 8.0 (no driver attached)\nxhci0: \u003cAMD FCH USB 3.0 controller\u003e mem 0xfeb22000-0xfeb23fff at device 16.0 on pci0\nxhci0: 32 bytes context size, 64-bit DMA\nxhci0: Unable to map MSI-X table \nusbus0 on xhci0\nusbus0: 5.0Gbps Super Speed USB v3.0\nahci0: \u003cAMD Hudson-2 AHCI SATA controller\u003e port 0x5010-0x5017,0x5020-0x5023,0x5018-0x501f,0x5024-0x5027,0x5000-0x500f mem 0xfeb25000-0xfeb253ff at device 17.0 on pci0\nahci0: AHCI v1.30 with 2 6Gbps ports, Port Multiplier supported with FBS\nahcich0: \u003cAHCI channel\u003e at channel 0 on ahci0\nahcich1: \u003cAHCI channel\u003e at channel 1 on ahci0\nehci0: \u003cAMD FCH USB 2.0 controller\u003e mem 0xfeb25400-0xfeb254ff at device 19.0 on pci0\nusbus1: EHCI version 1.0\nusbus1 on ehci0\nusbus1: 480Mbps High Speed USB v2.0\nisab0: \u003cPCI-ISA bridge\u003e at device 20.3 on pci0\nisa0: \u003cISA bus\u003e on isab0\nsdhci_pci0: \u003cGeneric SD HCI\u003e mem 0xfeb25500-0xfeb255ff at device 20.7 on pci0\nsdhci_pci0: 1 slot(s) allocated\nmmc0: \u003cMMC/SD bus\u003e on sdhci_pci0\namdtemp0: \u003cAMD CPU On-Die Thermal Sensors\u003e on hostb5\nuart0: \u003c16550 or compatible\u003e port 0x3f8-0x3ff irq 4 flags 0x10 on acpi0\nuart0: console (115200,n,8,1)\norm0: \u003cISA Option ROM\u003e at iomem 0xef000-0xeffff pnpid ORM0000 on isa0\nuart1: \u003c16550 or compatible\u003e at port 0x2f8 irq 3 on isa0\nuart1: non-PNP ISA device will be removed from GENERIC in FreeBSD 12.\nhwpstate0: \u003cCool`n'Quiet 2.0\u003e on cpu0\nfuse-freebsd: version 0.4.4, FUSE ABI 7.8\nZFS NOTICE: Prefetch is disabled by default if less than 4GB of RAM is present;\n            to enable, add \"vfs.zfs.prefetch_disable=0\" to /boot/loader.conf.\nZFS filesystem version: 5\nZFS storage pool version: features support (5000)\nTimecounters tick every 1.000 msec\nugen0.1: \u003c0x1022 XHCI root HUB\u003e at usbus0\nugen1.1: \u003cAMD EHCI root HUB\u003e at usbus1\nuhub0: \u003c0x1022 XHCI root HUB, class 9/0, rev 3.00/1.00, addr 1\u003e on usbus0\nuhub1: \u003cAMD EHCI root HUB, class 9/0, rev 2.00/1.00, addr 1\u003e on usbus1\nmmcsd0: 64GB \u003cSDHC EC2QT 3.0 SN C54F610D MFG 12/2017 by 27 SM\u003e at mmc0 50.0MHz/4bit/65535-block\nuhub0: 4 ports with 4 removable, self powered\nuhub1: 2 ports with 2 removable, self powered\nugen1.2: \u003cvendor 0x0438 product 0x7900\u003e at usbus1\nuhub2 on uhub1\nuhub2: \u003cvendor 0x0438 product 0x7900, class 9/0, rev 2.00/0.18, addr 2\u003e on usbus1\nuhub2: 4 ports with 4 removable, self powered\nada0 at ahcich0 bus 0 scbus0 target 0 lun 0\nada0: \u003cSamsung SSD 860 EVO mSATA 500GB RVT41B6Q\u003e ACS-4 ATA SATA 3.x device\nada0: Serial Number S41NNB0K101594V\nada0: 600.000MB/s transfers (SATA 3.x, UDMA6, PIO 512bytes)\nada0: Command Queueing enabled\nada0: 476940MB (976773168 512 byte sectors)\nTrying to mount root from zfs:zroot/ROOT/default []...\nGEOM_ELI: Device ada0.eli created.\nGEOM_ELI: Encryption: AES-XTS 128\nGEOM_ELI:     Crypto: hardware\nGEOM_ELI: Device mmcsd0p3.eli created.\nGEOM_ELI: Encryption: AES-XTS 128\nGEOM_ELI:     Crypto: hardware\nbridge0: Ethernet address: 02:91:bc:80:6d:00\nlo0: link state changed to UP\nigb0: promiscuous mode enabled\nbridge0: link state changed to UP\nigb1: promiscuous mode enabled\nigb2: promiscuous mode enabled\nigb3: promiscuous mode enabled\nigb3: link state changed to UP\nintsmb0: \u003cAMD FCH SMBus Controller\u003e at device 20.0 on pci0\nsmbus0: \u003cSystem Management Bus\u003e on intsmb0\nSecurity policy loaded: MAC/ntpd (mac_ntpd)"
}