{
 "id": 921324,
 "bug_id": 212681,
 "attachment_id": 0,
 "creation_time": "2017-02-11T14:29:57Z",
 "creator": "rainer@ultra-secure.de",
 "text": "I switched back the OS-type to FreeBSD 10 64bit.\nI also booted back into a stock kernel and then the XENTIMER-LAPIC change went through without a freeze.\n\n\nI recompiled (a clean source-tree) with your patch and now I get about 26MB/s.\n\ndmesg:\nCopyright (c) 1992-2016 The FreeBSD Project.\nCopyright (c) 1979, 1980, 1983, 1986, 1988, 1989, 1991, 1992, 1993, 1994\n\tThe Regents of the University of California. All rights reserved.\nFreeBSD is a registered trademark of The FreeBSD Foundation.\nFreeBSD 11.0-RELEASE-p7 #2: Sat Feb 11 14:46:26 CET 2017\n    root@freebsd11:/usr/obj/usr/src/sys/GENERIC amd64\nFreeBSD clang version 3.8.0 (tags/RELEASE_380/final 262564) (based on LLVM 3.8.0)\nVT(vga): text 80x25\nCPU: Intel(R) Xeon(R) CPU E5-2650 v2 @ 2.60GHz (2593.55-MHz K8-class CPU)\n  Origin=\"GenuineIntel\"  Id=0x306e4  Family=0x6  Model=0x3e  Stepping=4\n  Features=0x783fbff\u003cFPU,VME,DE,PSE,TSC,MSR,PAE,MCE,CX8,APIC,SEP,MTRR,PGE,MCA,CMOV,PAT,PSE36,MMX,FXSR,SSE,SSE2\u003e\n  Features2=0xc3ba2203\u003cSSE3,PCLMULQDQ,SSSE3,CX16,PCID,SSE4.1,SSE4.2,x2APIC,POPCNT,TSCDLT,AESNI,RDRAND,HV\u003e\n  AMD Features=0x28100800\u003cSYSCALL,NX,RDTSCP,LM\u003e\n  AMD Features2=0x1\u003cLAHF\u003e\n  Structured Extended Features=0x200\u003cERMS\u003e\nHypervisor: Origin = \"XenVMMXenVMM\"\nreal memory  = 8585740288 (8188 MB)\navail memory = 8265371648 (7882 MB)\nEvent timer \"LAPIC\" quality 400\nACPI APIC Table: \u003cXen HVM\u003e\nFreeBSD/SMP: Multiprocessor System Detected: 2 CPUs\nFreeBSD/SMP: 2 package(s)\nrandom: unblocking device.\nioapic0: Changing APIC ID to 1\nMADT: Forcing active-low polarity and level trigger for SCI\nioapic0 \u003cVersion 1.1\u003e irqs 0-47 on motherboard\nrandom: entropy device external interface\nkbd1 at kbdmux0\nnetmap: loaded module\nmodule_register_init: MOD_LOAD (vesa, 0xffffffff8101c970, 0) error 19\nrandom: registering fast source Intel Secure Key RNG\nrandom: fast provider: \"Intel Secure Key RNG\"\nvtvga0: \u003cVT VGA driver\u003e on motherboard\ncryptosoft0: \u003csoftware crypto\u003e on motherboard\nacpi0: \u003cXen\u003e on motherboard\nacpi0: Power Button (fixed)\nacpi0: Sleep Button (fixed)\ncpu0: \u003cACPI CPU\u003e on acpi0\ncpu1: \u003cACPI CPU\u003e on acpi0\nhpet0: \u003cHigh Precision Event Timer\u003e iomem 0xfed00000-0xfed003ff on acpi0\nTimecounter \"HPET\" frequency 62500000 Hz quality 950\nattimer0: \u003cAT timer\u003e port 0x40-0x43 irq 0 on acpi0\nTimecounter \"i8254\" frequency 1193182 Hz quality 0\nEvent timer \"i8254\" frequency 1193182 Hz quality 100\natrtc0: \u003cAT realtime clock\u003e port 0x70-0x71 irq 8 on acpi0\nEvent timer \"RTC\" frequency 32768 Hz quality 0\nTimecounter \"ACPI-fast\" frequency 3579545 Hz quality 900\nacpi_timer0: \u003c32-bit timer at 3.579545MHz\u003e port 0xb008-0xb00b on acpi0\npcib0: \u003cACPI Host-PCI bridge\u003e port 0xcf8-0xcff on acpi0\npci0: \u003cACPI PCI bus\u003e on pcib0\nisab0: \u003cPCI-ISA bridge\u003e at device 1.0 on pci0\nisa0: \u003cISA bus\u003e on isab0\natapci0: \u003cIntel PIIX3 WDMA2 controller\u003e port 0x1f0-0x1f7,0x3f6,0x170-0x177,0x376,0xc220-0xc22f at device 1.1 on pci0\nata0: \u003cATA channel\u003e at channel 0 on atapci0\nata1: \u003cATA channel\u003e at channel 1 on atapci0\nuhci0: \u003cIntel 82371SB (PIIX3) USB controller\u003e port 0xc200-0xc21f irq 23 at device 1.2 on pci0\nusbus0: controller did not stop\nusbus0 on uhci0\npci0: \u003cbridge\u003e at device 1.3 (no driver attached)\nvgapci0: \u003cVGA-compatible display\u003e mem 0xf0000000-0xf1ffffff,0xf3000000-0xf3000fff irq 24 at device 2.0 on pci0\nvgapci0: Boot video device\npci0: \u003cmass storage, SCSI\u003e at device 3.0 (no driver attached)\nre0: \u003cRealTek 8139C+ 10/100BaseTX\u003e port 0xc100-0xc1ff mem 0xf3001000-0xf30010ff irq 32 at device 4.0 on pci0\nre0: Chip rev. 0x74800000\nre0: MAC rev. 0x00000000\nmiibus0: \u003cMII bus\u003e on re0\nrlphy0: \u003cRealTek internal media interface\u003e PHY 0 on miibus0\nrlphy0:  10baseT, 10baseT-FDX, 100baseTX, 100baseTX-FDX, auto, auto-flow\nre0: Using defaults for TSO: 65518/35/2048\nre0: Ethernet address: 02:00:2b:42:00:12\nre0: netmap queues/slots: TX 1/64, RX 1/64\natkbdc0: \u003cKeyboard controller (i8042)\u003e port 0x60,0x64 irq 1 on acpi0\natkbd0: \u003cAT Keyboard\u003e irq 1 on atkbdc0\nkbd0 at atkbd0\natkbd0: [GIANT-LOCKED]\npsm0: \u003cPS/2 Mouse\u003e irq 12 on atkbdc0\npsm0: [GIANT-LOCKED]\npsm0: model IntelliMouse Explorer, device ID 4\nfdc0: \u003cfloppy drive controller\u003e port 0x3f0-0x3f5,0x3f7 irq 6 drq 2 on acpi0\nfdc0: does not respond\ndevice_attach: fdc0 attach returned 6\nuart0: \u003c16550 or compatible\u003e port 0x3f8-0x3ff irq 4 flags 0x10 on acpi0\nppc0: \u003cParallel port\u003e port 0x378-0x37f irq 7 on acpi0\nppc0: Generic chipset (NIBBLE-only) in COMPATIBLE mode\nppbus0: \u003cParallel port bus\u003e on ppc0\nlpt0: \u003cPrinter\u003e on ppbus0\nlpt0: Interrupt-driven port\nppi0: \u003cParallel I/O\u003e on ppbus0\nvga0: \u003cGeneric ISA VGA\u003e at port 0x3c0-0x3df iomem 0xa0000-0xbffff on isa0\nfdc0: No FDOUT register!\nZFS filesystem version: 5\nZFS storage pool version: features support (5000)\nTimecounters tick every 1.000 msec\nnvme cam probe device init\nusbus0: 12Mbps Full Speed USB v1.0\nugen0.1: \u003cIntel\u003e at usbus0\nuhub0: \u003cIntel UHCI root HUB, class 9/0, rev 1.00/1.00, addr 1\u003e on usbus0\nada0 at ata0 bus 0 scbus0 target 0 lun 0\nada0: \u003cQEMU HARDDISK 0.10.2\u003e ATA-7 device\nada0: Serial Number QM00001\nada0: 16.700MB/s transfers (WDMA2, PIO 8192bytes)\nada0: 25600MB (52428800 512 byte sectors)\nuhub0: 2 ports with 2 removable, self powered\nada1 at ata0 bus 0 scbus0 target 1 lun 0\nada1: \u003cQEMU HARDDISK 0.10.2\u003e ATA-7 device\nada1: Serial Number QM00002\nada1: 16.700MB/s transfers (WDMA2, PIO 8192bytes)\nada1: 51200MB (104857600 512 byte sectors)\nada2 at ata1 bus 0 scbus1 target 0 lun 0\nada2: \u003cQEMU HARDDISK 0.10.2\u003e ATA-7 device\nada2: Serial Number QM00003\nada2: 16.700MB/s transfers (WDMA2, PIO 8192bytes)\nada2: 51200MB (104857600 512 byte sectors)\ncd0 at ata1 bus 0 scbus1 target 1 lun 0\ncd0: \u003cQEMU QEMU DVD-ROM 0.10\u003e Removable CD-ROM SCSI device\nSMP: AP CPU #1 Launched!\ncd0: Serial Number QM00004\ncd0: 16.700MB/s transfers (WDMA2, ATAPI 12bytes, PIO 65534bytes)\ncd0: Attempt to query device size failed: NOT READY, Medium not present\nTrying to mount root from zfs:zroot/ROOT/default []...\nRoot mount waiting for: usbus0\nugen0.2: \u003cQEMU 0.10.2\u003e at usbus0\nre0: link state changed to UP\nums0: \u003cEndpoint1 Interrupt Pipe\u003e on usbus0\nums0: 3 buttons and [Z] coordinates ID=0\n\nFrom what I know, there is no configuration-file for the guests in XenServer - it's stored in a DB. Is there still a way to extract how the VM is configured on the Dom0-side?"
}