{
 "id": 339917,
 "bug_id": 101062,
 "attachment_id": 0,
 "creation_time": "2006-07-30T18:40:12Z",
 "creator": "happy@xboxnews.de",
 "text": "I have Samsung Q30 plus, Freeze on detect VGA on boot with ACPI but\nwithout going without right VGAcard intel 900\n\nThe bios is uptodate\nhttp://notebook.samsung.de/article.asp?artid=B5EBC2DD-17F8-43A6-8D6D-B4222464CA1D\u0026show=specs\n\nCopyright (c) 1992-2006 The FreeBSD Project.\nCopyright (c) 1979, 1980, 1983, 1986, 1988, 1989, 1991, 1992, 1993, 1994\n        The Regents of the University of California. All rights reserved.\nFreeBSD 6.1-RELEASE-p3 #4: Sun Jul 30 17:51:36 CEST 2006\n    root@sam.local:/usr/obj/usr/src/sys/SAM\nTimecounter \"i8254\" frequency 1193182 Hz quality 0\nCPU: Intel(R) Pentium(R) M processor 1.20GHz (1196.14-MHz 686-class CPU)\n  Origin = \"GenuineIntel\"  Id = 0x6d8  Stepping = 8\n  Features=0xafe9f9ff\u003cFPU,VME,DE,PSE,TSC,MSR,PAE,MCE,CX8,SEP,MTRR,PGE,MCA,CMOV,PAT,CLFLUSH,DTS,ACPI,MMX,FXSR,SSE,SSE2,SS,TM,PBE\u003e\n  Features2=0x180\u003cEST,TM2\u003e\n  AMD Features=0x100000\u003cNX\u003e\nreal memory  = 1332609024 (1270 MB)\navail memory = 1296105472 (1236 MB)\nwlan: mac acl policy registered\nkbd1 at kbdmux0\ncpu0 on motherboard\npcib0: \u003cHost to PCI bridge\u003e pcibus 0 on motherboard\npir0: \u003cPCI Interrupt Routing Table: 8 Entries\u003e on motherboard\npci0: \u003cPCI bus\u003e on pcib0\npci0: \u003cbase peripheral\u003e at device 0.1 (no driver attached)\npci0: \u003cbase peripheral\u003e at device 0.3 (no driver attached)\nagp0: \u003cIntel 82855GME (855GME GMCH) SVGA controller\u003e port 0x1800-0x1807 mem 0xe8000000-0xefffffff,0xe0000000-0xe007ffff irq 10 at device 2.0 on pci0\nagp0: detected 8060k stolen memory\nagp0: aperture size is 128M\npci0: \u003cdisplay\u003e at device 2.1 (no driver attached)\nuhci0: \u003cIntel 82801DB (ICH4) USB controller USB-A\u003e port 0x1820-0x183f irq 10 at device 29.0 on pci0\nuhci0: [GIANT-LOCKED]\nusb0: \u003cIntel 82801DB (ICH4) USB controller USB-A\u003e on uhci0\nusb0: USB revision 1.0\nuhub0: Intel UHCI root hub, class 9/0, rev 1.00/1.00, addr 1\nuhub0: 2 ports with 2 removable, self powered\nuhci1: \u003cIntel 82801DB (ICH4) USB controller USB-B\u003e port 0x1840-0x185f irq 5 at device 29.1 on pci0\nuhci1: [GIANT-LOCKED]\nusb1: \u003cIntel 82801DB (ICH4) USB controller USB-B\u003e on uhci1\nusb1: USB revision 1.0\nuhub1: Intel UHCI root hub, class 9/0, rev 1.00/1.00, addr 1\nuhub1: 2 ports with 2 removable, self powered\nuhci2: \u003cIntel 82801DB (ICH4) USB controller USB-C\u003e port 0x1860-0x187f irq 11 at device 29.2 on pci0\nuhci2: [GIANT-LOCKED]\nusb2: \u003cIntel 82801DB (ICH4) USB controller USB-C\u003e on uhci2\nusb2: USB revision 1.0\nuhub2: Intel UHCI root hub, class 9/0, rev 1.00/1.00, addr 1\nuhub2: 2 ports with 2 removable, self powered\nehci0: \u003cIntel 82801DB/L/M (ICH4) USB 2.0 controller\u003e mem 0xe0100000-0xe01003ff at device 29.7 on pci0\n$PIR: No matching entry for 0.29.INTD\nehci0: Could not allocate irq\ndevice_attach: ehci0 attach returned 6\npcib1: \u003cPCIBIOS PCI-PCI bridge\u003e at device 30.0 on pci0\npci2: \u003cPCI bus\u003e on pcib1\ncbb0: \u003cRF5C476 PCI-CardBus Bridge\u003e at device 3.0 on pci2\ncardbus0: \u003cCardBus bus\u003e on cbb0\npccard0: \u003c16-bit PCCard bus\u003e on cbb0\ncbb1: \u003cRF5C476 PCI-CardBus Bridge\u003e at device 3.1 on pci2\ncardbus1: \u003cCardBus bus\u003e on cbb1\npccard1: \u003c16-bit PCCard bus\u003e on cbb1\nfwohci0: \u003cRicoh R5C552\u003e mem 0xe0203000-0xe02037ff irq 5 at device 3.2 on pci2\nfwohci0: OHCI version 1.0 (ROM=1)\nfwohci0: No. of Isochronous channels is 4.\nfwohci0: EUI64 00:00:f0:41:20:0b:51:ad\nfwohci0: Phy 1394a available S400, 2 ports.\nfwohci0: Link S400, max_rec 2048 bytes.\nfirewire0: \u003cIEEE1394(FireWire) bus\u003e on fwohci0\nsbp0: \u003cSBP-2/SCSI over FireWire\u003e on firewire0\nfwe0: \u003cEthernet over FireWire\u003e on firewire0\nif_fwe0: Fake Ethernet address: 02:00:f0:0b:51:ad\nfwe0: Ethernet address: 02:00:f0:0b:51:ad\nfwe0: if_start running deferred for Giant\nfwohci0: Initiate bus reset\nfwohci0: node_id=0xc800ffc0, gen=1, CYCLEMASTER mode\nfirewire0: 1 nodes, maxhop \u003c= 0, cable IRM = 0 (me)\nfirewire0: bus manager 0 (me)\nbfe0: \u003cBroadcom BCM4401-B0 Fast Ethernet\u003e mem 0xe0200000-0xe0201fff irq 5 at device 5.0 on pci2\nmiibus0: \u003cMII bus\u003e on bfe0\nbmtphy0: \u003cBCM4401 10/100baseTX PHY\u003e on miibus0\nbmtphy0:  10baseT, 10baseT-FDX, 100baseTX, 100baseTX-FDX, auto\nbfe0: Ethernet address: 00:00:f0:7a:29:42\niwi0: \u003cIntel(R) PRO/Wireless 2200BG\u003e mem 0xe0202000-0xe0202fff irq 11 at device 7.0 on pci2\niwi0: Ethernet address: 00:12:f0:dd:a6:98\nisab0: \u003cPCI-ISA bridge\u003e at device 31.0 on pci0\nisa0: \u003cISA bus\u003e on isab0\natapci0: \u003cIntel ICH4 UDMA100 controller\u003e port 0x1f0-0x1f7,0x3f6,0x170-0x177,0x376,0x1810-0x181f at device 31.1 on pci0\nata0: \u003cATA channel 0\u003e on atapci0\nata1: \u003cATA channel 1\u003e on atapci0\npci0: \u003cserial bus, SMBus\u003e at device 31.3 (no driver attached)\npcm0: \u003cIntel ICH4 (82801DB)\u003e port 0x1c00-0x1cff,0x18c0-0x18ff mem 0xe0100c00-0xe0100dff,0xe0100800-0xe01008ff irq 11 at device 31.5 on pci0\npcm0: \u003cAnalog Devices AD1981B AC97 Codec\u003e\npci0: \u003csimple comms, generic modem\u003e at device 31.6 (no driver attached)\npmtimer0 on isa0\norm0: \u003cISA Option ROMs\u003e at iomem 0xd8000-0xdbfff,0xdc000-0xdffff on isa0\natkbdc0: \u003cKeyboard controller (i8042)\u003e at port 0x60,0x64 on isa0\natkbd0: \u003cAT Keyboard\u003e irq 1 on atkbdc0\nkbd0 at atkbd0\natkbd0: [GIANT-LOCKED]\npsm0: \u003cPS/2 Mouse\u003e irq 12 on atkbdc0\npsm0: [GIANT-LOCKED]\npsm0: model Generic PS/2 mouse, device ID 0\nppc0: parallel port not found.\nsc0: \u003cSystem console\u003e at flags 0x100 on isa0\nsc0: VGA \u003c16 virtual consoles, flags=0x300\u003e\nsio0: configured irq 4 not in bitmap of probed irqs 0\nsio0: port may not be enabled\nsio0 at port 0x3f8-0x3ff irq 4 flags 0x10 on isa0\nsio0: type 8250 or not responding\nsio1: configured irq 3 not in bitmap of probed irqs 0\nsio1: port may not be enabled\n\nvga0: \u003cGeneric ISA VGA\u003e at port 0x3c0-0x3df iomem 0xa0000-0xbffff on isa0\nunknown: \u003cPNP0c02\u003e can't assign resources (memory)\nunknown: \u003cPNP0303\u003e can't assign resources (port)\nunknown: \u003cPNP0c02\u003e can't assign resources (memory)\nunknown: \u003cPNP0c02\u003e can't assign resources (memory)\nunknown: \u003cPNP0f13\u003e can't assign resources (irq)\n\nums0: Microsoft Microsoft Notebook/Mobile Optical Mouse 2.0, rev 1.10/2.00, addr 2, iclass 3/1\nums0: 3 buttons and Z dir.\nTimecounter \"TSC\" frequency 1196143713 Hz quality 800\nTimecounters tick every 1.000 msec\nad0: 38147MB \u003cTOSHIBA MK4006GAH BY201A\u003e at ata0-master UDMA100\nTrying to mount root from ufs:/dev/ad0s2a\niwi0: Please load firmware\niwi0: link state changed to UP\ndrmsub1: \u003cIntel i852GM/i855GM GMCH\u003e mem 0xf0000000-0xf7ffffff,0xe0080000-0xe00fffff at device 2.1 on pci0\ninfo: [drm] AGP at 0xe8000000 128MB\ninfo: [drm] Initialized i915 1.2.0 20041217\nehci0: \u003cIntel 82801DB/L/M (ICH4) USB 2.0 controller\u003e mem 0xe0100000-0xe01003ff at device 29.7 on pci0\n$PIR: No matching entry for 0.29.INTD\nehci0: Could not allocate irq\ndevice_attach: ehci0 attach returned 6\nroot@sam:/home/happy#\n\nHow-To-Repeat: Th sam problem with Current BootOnly Freebsd 7 ,"
}