{
 "id": 1260545,
 "bug_id": 271578,
 "attachment_id": 0,
 "creation_time": "2023-05-23T08:21:02Z",
 "creator": "schakrabarti@microsoft.com",
 "text": "When we use SI_SUB_SMP + 1 for sysinit for vmbus_doattach(), to enable synthetic interrupt setup to all CPU in SMP, then after installation FreeBSD is hitting a panic during post install reboot.\nBelow is the panic.\n\nOK boot -v\nLoading kernel...\n/boot/kernel/kernel text=0x2a8 text=0x8fe6a0 text=0x2991ec data=0x1526c8 data=0x                                                                                                                                                             0+0x31e000 0x8+0x1549c8+0x8+0x17ce6d\nLoading configured modules...\n/boot/kernel/cryptodev.ko text=0x17a2 text=0x228c data=0x648+0x10 0x8+0xcc0+0x8+                                                                                                                                                             0x958\n/boot/entropy size=0x1000\n/boot/kernel/zfs.ko text=0xe89fc text=0x227800 data=0x2c770+0xab87c 0x8+0x353a0+                                                                                                                                                             0x8+0x2e4b8|\ncan't find '/etc/hostid'\nNo valid device tree blob found!\nWARNING! Trying to fire up the kernel, but no device tree blob found!\nEFI framebuffer information:\naddr, size     0xe0000000, 0x800000\ndimensions     1024 x 768\nstride         1024\nmasks          0x00ff0000, 0x0000ff00, 0x000000ff, 0xff000000\n---\u003c\u003cBOOT\u003e\u003e---\nGDB: no debug ports present\nKDB: debugger backends: ddb\nKDB: current backend: ddb\n                   Type     Physical      Virtual   #Pages Attr\n       BootServicesData 000000000000 000000000000 00000800 UC WC WT WB\n       BootServicesData 000000824000 000000000000 00000021 UC WC WT WB\n     ConventionalMemory 000000845000 000000000000 000d5fb3 UC WC WT WB\n             LoaderData 0000d67f8000 000000000000 00000001 UC WC WT WB\n             LoaderCode 0000d67f9000 000000000000 00004000 UC WC WT WB\n             LoaderData 0000da7f9000 000000000000 00004000 UC WC WT WB\n             LoaderCode 0000de7f9000 000000000000 000000d1 UC WC WT WB\n     ConventionalMemory 0000de8ca000 000000000000 0000021f UC WC WT WB\n       BootServicesData 0000deae9000 000000000000 00000ce1 UC WC WT WB\n     ConventionalMemory 0000df7ca000 000000000000 0000015b UC WC WT WB\n       BootServicesCode 0000df925000 000000000000 000003a5 UC WC WT WB\n    RuntimeServicesCode 0000dfcca000 0000dfcca000 00000030 UC WC WT WB RUNTIME\n    RuntimeServicesData 0000dfcfa000 0000dfcfa000 00000054 UC WC WT WB RUNTIME\n     ConventionalMemory 0000dfd4e000 000000000000 00000017 UC WC WT WB\n      ACPIReclaimMemory 0000dfd65000 000000000000 0000001f UC WC WT WB\n          ACPIMemoryNVS 0000dfd84000 000000000000 00000004 UC WC WT WB\n       BootServicesData 0000dfd88000 000000000000 00000021 UC WC WT WB\n       BootServicesCode 0000dfda9000 000000000000 0000002a UC WC WT WB\n       BootServicesData 0000dfdd3000 000000000000 00000008 UC WC WT WB\n       BootServicesCode 0000dfddb000 000000000000 00000021 UC WC WT WB\n       BootServicesData 0000dfdfc000 000000000000 00000204 UC WC WT WB\n     ConventionalMemory 000100000000 000000000000 00020000 UC WC WT WB\n         MemoryMappedIO 0000effed000 0000effed000 00000001 UC RUNTIME\nPhysical memory chunk(s):\n  0x00001000 - 0x007fffff,     7 MB (   2047 pages)\n  0x00824000 - 0xdfd83fff,  3573 MB ( 914784 pages)\n  0xdfd88000 - 0xdfffffff,     2 MB (    632 pages)\n  0x100000000 - 0x11fffffff,   512 MB ( 131072 pages)\nExcluded memory regions:\n  0xd6800000 - 0xd82c5fff,    26 MB (   6854 pages) NoAlloc\n  0xdfcca000 - 0xdfd4dfff,     0 MB (    132 pages) NoAlloc\n  0xdfd65000 - 0xdfd83fff,     0 MB (     31 pages) NoAlloc\n  0xe0000000 - 0xe07fffff,     8 MB (   2048 pages) NoAlloc\nFound 2 CPUs in the ACPI tables\nCopyright (c) 1992-2023 The FreeBSD Project.\nCopyright (c) 1979, 1980, 1983, 1986, 1988, 1989, 1991, 1992, 1993, 1994\n        The Regents of the University of California. All rights reserved.\nFreeBSD is a registered trademark of The FreeBSD Foundation.\nFreeBSD 14.0-CURRENT #2 main-n263073-634a770a5e16-dirty: Tue May 23 07:33:53 UTC                                                                                                                                                              2023\n    schakrabarti@schakrabarti-freebsd:/datadrive/sandbox_19_05/obj/datadrive/san                                                                                                                                                             dbox_19_05/src/arm64.aarch64/sys/GENERIC arm64\nFreeBSD clang version 15.0.7 (https://github.com/llvm/llvm-project.git llvmorg-1                                                                                                                                                             5.0.7-0-g8dfdcc7b7bf6)\nWARNING: WITNESS option enabled, expect reduced performance.\nSRAT: Found CPU UID 1 domain 0: enabled\nSRAT: Found CPU UID 2 domain 0: enabled\nSRAT: Found memory domain 0 addr 0x0 len 0xe0000000: enabled\nSRAT: Found memory domain 0 addr 0x100000000 len 0x20000000: enabled\nSRAT: Found memory domain 0 addr 0x120000000 len 0xec0000000: enabled\nSRAT: Ignoring memory at addr 0x120000000\nSRAT: Found memory domain 0 addr 0x1000000000 len 0xf000000000: enabled\nSRAT: Ignoring memory at addr 0x1000000000\nSRAT: Found memory domain 0 addr 0x10000000000 len 0x10000000000: enabled\nSRAT: Ignoring memory at addr 0x10000000000\nSRAT: Found memory domain 0 addr 0x20000000000 len 0x20000000000: enabled\nSRAT: Ignoring memory at addr 0x20000000000\nSRAT: Found memory domain 0 addr 0x40000000000 len 0x40000000000: enabled\nSRAT: Ignoring memory at addr 0x40000000000\nSRAT: Found memory domain 0 addr 0x80000000000 len 0x80000000000: enabled\nSRAT: Ignoring memory at addr 0x80000000000\nSRAT: Found memory domain 0 addr 0x100000000000 len 0x100000000000: enabled\nSRAT: Ignoring memory at addr 0x100000000000\nSRAT: Found memory domain 0 addr 0x200000000000 len 0x200000000000: enabled\nSRAT: Ignoring memory at addr 0x200000000000\nSRAT: Found memory domain 0 addr 0x400000000000 len 0x400000000000: enabled\nSRAT: Ignoring memory at addr 0x400000000000\nSRAT: Found memory domain 0 addr 0x800000000000 len 0x800000000000: enabled\nSRAT: Ignoring memory at addr 0x800000000000\nVT(efifb): resolution 1024x768\nPreloaded elf kernel \"/boot/kernel/kernel\" at 0xffff00000188e000.\nPreloaded elf module \"/boot/kernel/cryptodev.ko\" at 0xffff000001897378.\nPreloaded boot_entropy_cache \"/boot/entropy\" at 0xffff000001897b58.\nPreloaded elf module \"/boot/kernel/zfs.ko\" at 0xffff000001897bb0.\nPreloaded boot_entropy_platform \"efi_rng_seed\" at 0xffff000001898408.\nPreloaded TSLOG data \"TSLOG\" at 0xffff000001898460.\nmodule scmi already present!\nmodule firmware already present!\nreal memory  = 4294799360 (4095 MB)\nPhysical memory chunk(s):\n0x00000000001000 - 0x000000007fffff, 8384512 bytes (2047 pages)\n0x00000000824000 - 0x000000d006dfff, 3481575424 bytes (849994 pages)\n0x000000d82c6000 - 0x000000dfcc9fff, 127942656 bytes (31236 pages)\n0x000000dfd4e000 - 0x000000dfd64fff, 94208 bytes (23 pages)\n0x000000dfd88000 - 0x000000dfffffff, 2588672 bytes (632 pages)\n0x00000100000000 - 0x0000011fffdfff, 536862720 bytes (131070 pages)\navail memory = 4155707392 (3963 MB)\nStarting CPU 1 (1)\nSRAT: CPU 0 has memory domain 0\nSRAT: CPU 1 has memory domain 0\nFreeBSD/SMP: Multiprocessor System Detected: 2 CPUs\nEnabling LSE atomics in the kernel\nrandom: read 4096 bytes from preloaded cache\nrandom: read 2048 bytes from platform bootloader\nrandom: unblocking device.\nVIMAGE (virtualized network stack) enabled\nhostuuid: using 00000000-0000-0000-0000-000000000000\nULE: setup cpu 0\nULE: setup cpu 1\nrandom: entropy device external interface\nhyperv: Hypercall created\nfirmware: 'tegra210_xusb_fw' version 0: 132608 bytes loaded at 0xffff000000a7e1a                                                                                                                                                             8\nsnd_unit_init() u=0x00ff8000 [512] d=0x00007c00 [32] c=0x000003ff [1024]\nfeeder_register: snd_unit=-1 snd_maxautovchans=16 latency=2 feeder_rate_min=1 fe                                                                                                                                                             eder_rate_max=2016000 feeder_rate_round=25\nMAP dfcca000 mode 2 pages 48\nMAP dfcfa000 mode 2 pages 84\nMAP effed000 mode 4 pages 1\nnull: \u003cfull device, null device, zero device\u003e\nopenfirm: \u003cOpen Firmware control device\u003e\ntcp_log: tcp_log device\nkbd0 at kbdmux0\nmem: \u003cmemory\u003e\ncrypto: \u003ccrypto core\u003e\nACPI: RSDP 0x00000000DFD83018 000024 (v02 VRTUAL)\nACPI: XSDT 0x00000000DFD83F18 00006C (v01 VRTUAL MICROSFT 00000001 MSFT 00000001                                                                                                                                                             )\nACPI: FACP 0x00000000DFD83C18 000114 (v06 VRTUAL MICROSFT 00000001 MSFT 00000001                                                                                                                                                             )\nACPI: DSDT 0x00000000DFD65018 01DEC0 (v02 MSFTVM DSDT01   00000001 MSFT 05000000                                                                                                                                                             )\nACPI: DBG2 0x00000000DFD83B18 000072 (v00 VRTUAL MICROSFT 00000001 MSFT 00000001                                                                                                                                                             )\nACPI: GTDT 0x00000000DFD83D98 000060 (v02 VRTUAL MICROSFT 00000001 MSFT 00000001                                                                                                                                                             )\nACPI: OEM0 0x00000000DFD83098 000064 (v01 VRTUAL MICROSFT 00000001 MSFT 00000001                                                                                                                                                             )\nACPI: SPCR 0x00000000DFD83A98 000050 (v02 VRTUAL MICROSFT 00000001 MSFT 00000001                                                                                                                                                             )\nACPI: APIC 0x00000000DFD83818 0000FC (v04 VRTUAL MICROSFT 00000001 MSFT 00000001                                                                                                                                                             )\nACPI: SRAT 0x00000000DFD83198 000234 (v03 VRTUAL MICROSFT 00000001 MSFT 00000001                                                                                                                                                             )\nACPI: PPTT 0x00000000DFD83418 000108 (v01 VRTUAL MICROSFT 00000000 MSFT 00000000                                                                                                                                                             )\nACPI: BGRT 0x00000000DFD83E98 000038 (v01 VRTUAL MICROSFT 00000001 MSFT 00000001                                                                                                                                                             )\nacpi0: \u003cVRTUAL MICROSFT\u003e\nACPI: 1 ACPI AML tables successfully acquired and loaded\nacpi0: Could not update all GPEs: AE_NOT_CONFIGURED\npsci0: \u003cARM Power State Co-ordination Interface Driver\u003e on acpi0\npsci0: PSCI version 0.2 compatible\nFound SMCCC version 1.0\ngic0: \u003cARM Generic Interrupt Controller v3.0\u003e iomem 0xffff0000-0xffffffff,0xeffe                                                                                                                                                             e000-0xf000dfff,0xf000e000-0xf002dfff on acpi0\ngic0: using spi 64 to 991\ngic0: SPIs: 992, IDs: 16383\ngic0: Start searching for Re-Distributor\ngic0: CPU0 Re-Distributor has been found\ngic0: CPU0 Re-Distributor woke up\ngic0: CPU0 enabled CPU interface via system registers\ngeneric_timer0: \u003cARM Generic Timer\u003e irq 4,5,6 on acpi0\ngeneric_timer0: allocated irq for 'sec-phys'\ngeneric_timer0: allocated irq for 'phys'\ngeneric_timer0: allocated irq for 'virt'\ngeneric_timer0: could not allocate irq for optional interrupt 'hyp-phys'\ngeneric_timer0: could not allocate irq for optional interrupt 'hyp-virt'\nTimecounter \"ARM MPCore Timecounter\" frequency 25000000 Hz quality 1000\nEvent timer \"ARM MPCore Eventtimer\" frequency 25000000 Hz quality 1000\nefirtc0: \u003cEFI Realtime Clock\u003e\nefirtc0: registered as a time-of-day clock, resolution 1.000000s\nram0: reserving memory region:   1000-800000\nram0: reserving memory region:   824000-d6800000\nram0: reserving memory region:   d82c6000-dfcca000\nram0: reserving memory region:   dfd4e000-dfd65000\nram0: reserving memory region:   dfd88000-e0000000\nram0: reserving memory region:   100000000-120000000\nram0: reserving excluded region: d6800000-d82c5fff\nram0: reserving excluded region: dfcca000-dfd4dfff\nram0: reserving excluded region: dfd65000-dfd83fff\nram0: reserving excluded region: e0000000-e07fffff\npmu0: \u003cPerformance Monitoring Unit\u003e on acpi0\npmu0: MADT: cpu 0 (mpidr 0) irq 0 level-triggered\npmu0: MADT: cpu 1 (mpidr 1) irq 0 level-triggered\ncpu0: \u003cACPI CPU\u003e on acpi0\ncpu0: switching to generic Cx mode\ncpu1: \u003cACPI CPU\u003e on acpi0\nacpi_syscontainer0: \u003cSystem Container\u003e on acpi0\nvmbus0: \u003cHyper-V Vmbus\u003e on acpi_syscontainer0\nvmgenc0: \u003cVM Generation Counter\u003e on acpi0\nacpi_ged0: \u003cGeneric Event Device\u003e irq 3 on acpi0\nacpi_ged0: Raw IRQ 35\nuart0: \u003cPrimeCell UART (PL011)\u003e iomem 0xeffec000-0xeffecfff irq 0 on acpi0\nuart0: console (115200,n,8,1)\nuart0: fast interrupt\nuart0: PPS capture mode: DCD\nuart1: \u003cPrimeCell UART (PL011)\u003e iomem 0xeffeb000-0xeffebfff irq 1 on acpi0\nuart1: fast interrupt\nuart1: PPS capture mode: DCD\nvmbus_res0: \u003cHyper-V Vmbus Resource\u003e irq 2 on acpi0\narmv8crypto0: \u003cAES-CBC,AES-XTS,AES-GCM\u003e\ncrypto: assign armv8crypto0 driver id 0, flags 0xe000000\ncrypto: assign cryptosoft0 driver id 1, flags 0x6000000\nAcpiOsExecute: task queue not started\nDevice configuration finished.\nprocfs registered\nTimecounters tick every 10.000 msec\nZFS filesystem version: 5\nZFS storage pool version: features support (5000)\ncrypto: \u003ccrypto device\u003e\nvlan: initialized, using hash tables with chaining\nlo0: bpf attached\nIPsec: Initialized Security Association Processing.\ntcp_init: net.inet.tcp.tcbhashsize auto tuned to 32768\nusb_needs_explore_all: no devclass\nAcpiOsExecute: enqueue 1 pending tasks\nTrying to mount root from zfs:zroot/ROOT/default []...\nCPU  0: ARM Neoverse-N1 r3p1 affinity:  0\n                   Cache Type = \u003c64 byte D-cacheline,64 byte I-cacheline,PIPT IC                                                                                                                                                             ache,64 byte ERG,64 byte CWG\u003e\n Instruction Set Attributes 0 = \u003cDP,RDM,Atomic,CRC32,SHA2,SHA1,AES+PMULL\u003e\n Instruction Set Attributes 1 = \u003cRCPC-8.3,DCPoP\u003e\n Instruction Set Attributes 2 = \u003c\u003e\n         Processor Features 0 = \u003cCSV3,CSV2,GIC,AdvSIMD+HP,FP+HP,EL3,EL2,EL1,EL0                                                                                                                                                              32\u003e\n         Processor Features 1 = \u003c\u003e\n      Memory Model Features 0 = \u003cTGran4,TGran64,TGran16,16bit ASID,256TB PA\u003e\n      Memory Model Features 1 = \u003cPAN+ATS1E1,8bit VMID,HAF+DS\u003e\n      Memory Model Features 2 = \u003c32bit CCIDX,48bit VA,UAO\u003e\n             Debug Features 0 = \u003cDoubleLock,2 CTX BKPTs,4 Watchpoints,6 Breakpoi                                                                                                                                                             nts,PMUv3 v8.1,Debugv8\u003e\n             Debug Features 1 = \u003c\u003e\n         Auxiliary Features 0 = \u003c\u003e\n         Auxiliary Features 1 = \u003c\u003e\nAArch32 Instruction Set Attributes 5 = \u003cRDM,CRC32,SHA2,SHA1,AES+VMULL,SEVL\u003e\nAArch32 Media and VFP Features 0 = \u003cFPRound,FPSqrt,FPDivide,DP VFPv3+v4,SP VFPv3                                                                                                                                                             +v4,AdvSIMD\u003e\nAArch32 Media and VFP Features 1 = \u003cSIMDFMAC,FPHP Arith,SIMDHP Arith,SIMDSP,SIMD                                                                                                                                                             Int,SIMDLS,FPDNaN,FPFtZ\u003e\n L1 cache: 64KB (instruction), 64KB (data)\n L2 cache: 1024KB (unified)\nCPU  1: ARM Neoverse-N1 r3p1 affinity:  1\n L1 cache: 64KB (instruction), 64KB (data)\n L2 cache: 1024KB (unified)\nRelease APs...gic0: Start searching for Re-Distributor\npanic: data abort with spinlock held\ncpuid = 1\ntime = 1\nKDB: stack backtrace:\ndb_trace_self() at db_trace_self\nKDB: enter: panic\n[ thread pid 11 tid 100004 ]\nStopped at      kdb_enter+0x44: str     xzr, [x19, #3328]\ndb\u003e APs not started\npanic: smp_after_idle_runnable: SMP not started yet\ncpuid = 0\ntime = 4\nKDB: stack backtrace:\ndb_trace_self() at db_trace_self\ndb_trace_self_wrapper() at db_trace_self_wrapper+0x30\nvpanic() at vpanic+0x13c\npanic() at panic+0x44\nsmp_after_idle_runnable() at smp_after_idle_runnable+0xb0\nmi_startup() at mi_startup+0x1fc\nvirtdone() at virtdone+0x70\nUptime: 4s\n\nThis time smp_started is zero, as init_secondary has not got completed for all the secondary CPUs.\nThis is blocking the bringup of FreeBSD in Azure ARM64.\n\nThis problem has a small history, at first FreeBSD was unable to setup PPI in all the secondary processors during installation boot, and Kyle has fixed that with https://reviews.freebsd.org/rG172af24449cd8d34339172d125832b7ecd274213.\nBut post that we are able to boot install, but post installation we are hitting this panic."
}