{
 "id": 899078,
 "bug_id": 212957,
 "attachment_id": 175117,
 "creation_time": "2016-09-24T06:23:52Z",
 "creator": "misc@fagersrd.net",
 "text": "Created attachment 175117\nGENERIC boot panic\n\nSoekris 4801 has Geode SC1100 which has broken i8254 timer, so I make a new kernel build adding \"options CPU_SOEKRIS\" and \"options CPU_GEODE\", but at least the GENERIC will boot in version 8.2 (which is the last version I did for this device) and then I proceed with a custom kernel. 10.3 refuses to complete booting, but both of these options are still availilible, so I made a custom kernel from a different machine and that one does the same thing. Include is both boot logs GENERIC and NET6801 that I made. I am assuming there was a change in the timers logic to panic instead of allowing this to continue.\n\nBelow is the custom kernel and the attachment has the GENERIC kernel.\n\n\nCopyright (c) 1992-2016 The FreeBSD Project.\nCopyright (c) 1979, 1980, 1983, 1986, 1988, 1989, 1991, 1992, 1993, 1994\n        The Regents of the University of California. All rights reserved.\nFreeBSD is a registered trademark of The FreeBSD Foundation.\nFreeBSD 10.3-RELEASE #0: Fri Sep 23 16:18:15 AST 2016\n    root@test:/usr/obj/usr/src/sys/NET4801 i386\nFreeBSD clang version 3.4.1 (tags/RELEASE_34/dot1-final 208032) 20140512\nCPU: Geode(TM) Integrated Processor by National Semi (586-class CPU)\n  Origin=\"Geode by NSC\"  Id=0x540  Family=0x5  Model=0x4  Stepping=0\n  Features=0x808131\u003cFPU,TSC,MSR,CX8,CMOV,MMX\u003e\n  AMD Features=0x1010000\u003c\u003cs16\u003e,\u003cs24\u003e\u003e\nreal memory  = 134217728 (128 MB)\navail memory = 121790464 (116 MB)\nrandom: \u003cSoftware, Yarrow\u003e initialized\nkbd0 at kbdmux0\npcib0 pcibus 0 on motherboard\npci0: \u003cPCI bus\u003e on pcib0\nsis0: \u003cNatSemi DP8381[56] 10/100BaseTX\u003e port 0xe100-0xe1ff mem 0xa0000000-0xa000\n0fff irq 10 at device 6.0 on pci0\nsis0: Silicon Revision: DP83816A\nmiibus0: \u003cMII bus\u003e on sis0\nnsphyter0: \u003cDP83815 10/100 media interface\u003e PHY 0 on miibus0\nnsphyter0:  none, 10baseT, 10baseT-FDX, 100baseTX, 100baseTX-FDX, auto\nsis0: Ethernet address: 00:00:24:c4:8d:70\nsis1: \u003cNatSemi DP8381[56] 10/100BaseTX\u003e port 0xe200-0xe2ff mem 0xa0001000-0xa000\n1fff irq 10 at device 7.0 on pci0\nsis1: Silicon Revision: DP83816A\nmiibus1: \u003cMII bus\u003e on sis1\nnsphyter1: \u003cDP83815 10/100 media interface\u003e PHY 0 on miibus1\nnsphyter1:  none, 10baseT, 10baseT-FDX, 100baseTX, 100baseTX-FDX, auto\nsis1: Ethernet address: 00:00:24:c4:8d:71\nsis2: \u003cNatSemi DP8381[56] 10/100BaseTX\u003e port 0xe300-0xe3ff mem 0xa0002000-0xa000\n2fff irq 10 at device 8.0 on pci0\nsis2: Silicon Revision: DP83816A\nmiibus2: \u003cMII bus\u003e on sis2\nnsphyter2: \u003cDP83815 10/100 media interface\u003e PHY 0 on miibus2\nnsphyter2:  none, 10baseT, 10baseT-FDX, 100baseTX, 100baseTX-FDX, auto\nsis2: Ethernet address: 00:00:24:c4:8d:72\nGeode Soekris net4801 comBIOS ver. 1.33 20080103 Copyright (C) 2000-2007\nisab0: \u003cPCI-ISA bridge\u003e port 0x6100-0x613f,0x6200-0x623f at device 18.0 on pci0\nisa0: \u003cISA bus\u003e on isab0\npci0: \u003cbridge\u003e at device 18.1 (no driver attached)\natapci0: \u003cNational Geode SC1100 ATA33 controller\u003e port 0x1f0-0x1f7,0x3f6,0x170-0\nx177,0x376,0xe000-0xe00f at device 18.2 on pci0\nata0: \u003cATA channel\u003e at channel 0 on atapci0\nata1: \u003cATA channel\u003e at channel 1 on atapci0\nTimecounter \"Geode\" frequency 27000000 Hz quality 1000\npci0: \u003cbridge\u003e at device 18.5 (no driver attached)\nohci0: \u003cOHCI (generic) USB controller\u003e mem 0xa0003000-0xa0003fff irq 11 at devic\ne 19.0 on pci0\nusbus0 on ohci0\ncpu0 on motherboard\npmtimer0 on isa0\norm0: \u003cISA Option ROM\u003e at iomem 0xc8000-0xd0fff pnpid ORM0000 on isa0\npanic: No usable event timer found!\nKDB: stack backtrace:\n#0 0xc065f222 at kdb_backtrace+0x52\n#1 0xc0627662 at vpanic+0x82\n#2 0xc06275db at panic+0x1b\n#3 0xc087d787 at cpu_initclocks_bsp+0x447\n#4 0xc05d1e9f at initclocks+0x2f\n#5 0xc05ce7c7 at mi_startup+0xe7\n#6 0xc0450d9d at begin+0x22\nUptime: 1s\nAutomatic reboot in 15 seconds - press a key on the console to abort\n--\u003e Press a key on the console to reboot,\n--\u003e or switch off the system now."
}