{
 "id": 400871,
 "bug_id": 114406,
 "attachment_id": 0,
 "creation_time": "2007-07-08T17:40:04Z",
 "creator": "StevenFriedrich@InsightBB.com",
 "text": "While troubleshooting a DRI issue, I was following the steps at\nhttp://dri.freedesktop.org/wiki/DriTroubleshooting.\n\ndmesg | grep -i agp returned nothing.  I have device agp in my kernel conf.\n\nHere's my dmesg:\nCopyright (c) 1992-2007 The FreeBSD Project.\nCopyright (c) 1979, 1980, 1983, 1986, 1988, 1989, 1991, 1992, 1993, 1994\n        The Regents of the University of California. All rights reserved.\nFreeBSD is a registered trademark of The FreeBSD Foundation.\nFreeBSD 6.2-RELEASE #71: Sat Feb 17 14:54:58 EST 2007\n    root@laptop.StevenFriedrich.org:/usr/obj/usr/src/sys/LAPTOP\nTimecounter \"i8254\" frequency 1193182 Hz quality 0\nCPU: Intel(R) Pentium(R) 4 CPU 2.80GHz (2793.02-MHz 686-class CPU)\n  Origin = \"GenuineIntel\"  Id = 0xf41  Stepping = 1\n  Features=0xbfebfbff\u003cFPU,VME,DE,PSE,TSC,MSR,PAE,MCE,CX8,APIC,SEP,MTRR,PGE,MCA,CMOV,PAT,PSE36,CLFLUSH,DTS,ACPI,MMX,FXSR,SSE,SSE2,SS,HTT,TM,PBE\u003e\n  Features2=0x641d\u003cSSE3,RSVD2,MON,DS_CPL,CNTX-ID,CX16,\u003cb14\u003e\u003e\n  AMD Features=0x20100000\u003cNX,LM\u003e\n  Logical CPUs per core: 2\nreal memory  = 535756800 (510 MB)\navail memory = 514760704 (490 MB)\nACPI APIC Table: \u003cHP     3082    \u003e\nFreeBSD/SMP: Multiprocessor System Detected: 2 CPUs\n cpu0 (BSP): APIC ID:  0\n cpu1 (AP): APIC ID:  1\nioapic0 \u003cVersion 2.0\u003e irqs 0-23 on motherboard\nath_hal: 0.9.17.2 (AR5210, AR5211, AR5212, RF5111, RF5112, RF2413, RF5413)\nacpi0: \u003cHP 3082\u003e on motherboard\nacpi0: Power Button (fixed)\nTimecounter \"ACPI-fast\" frequency 3579545 Hz quality 1000\nacpi_timer0: \u003c24-bit timer at 3.579545MHz\u003e port 0x1008-0x100b on acpi0\nacpi_ec0: \u003cEmbedded Controller: GPE 0x1d\u003e port 0x62,0x66 on acpi0\ncpu0: \u003cACPI CPU\u003e on acpi0\nacpi_throttle0: \u003cACPI CPU Throttling\u003e on cpu0\ncpu1: \u003cACPI CPU\u003e on acpi0\nacpi_throttle1: \u003cACPI CPU Throttling\u003e on cpu1\nacpi_throttle1: failed to attach P_CNT\ndevice_attach: acpi_throttle1 attach returned 6\npcib0: \u003cACPI Host-PCI bridge\u003e port 0xcf8-0xcff on acpi0\npci0: \u003cACPI PCI bus\u003e on pcib0\npcib1: \u003cACPI PCI-PCI bridge\u003e irq 16 at device 1.0 on pci0\npci1: \u003cACPI PCI bus\u003e on pcib1\npci1: \u003cdisplay, VGA\u003e at device 0.0 (no driver attached)\npcib2: \u003cACPI PCI-PCI bridge\u003e irq 17 at device 28.0 on pci0\npci2: \u003cACPI PCI bus\u003e on pcib2\nuhci0: \u003cIntel 82801FB/FR/FW/FRW (ICH6) USB controller USB-A\u003e port 0x1800-0x181f irq 23 at device 29.0 on pci0\nuhci0: [GIANT-LOCKED]\nusb0: \u003cIntel 82801FB/FR/FW/FRW (ICH6) USB controller USB-A\u003e on uhci0\nusb0: USB revision 1.0\nuhub0: Intel UHCI root hub, class 9/0, rev 1.00/1.00, addr 1\nuhub0: 2 ports with 2 removable, self powered\nuhci1: \u003cIntel 82801FB/FR/FW/FRW (ICH6) USB controller USB-B\u003e port 0x38c0-0x38df irq 19 at device 29.1 on pci0\nuhci1: [GIANT-LOCKED]\nusb1: \u003cIntel 82801FB/FR/FW/FRW (ICH6) USB controller USB-B\u003e on uhci1\nusb1: USB revision 1.0\nuhub1: Intel UHCI root hub, class 9/0, rev 1.00/1.00, addr 1\nuhub1: 2 ports with 2 removable, self powered\nuhci2: \u003cIntel 82801FB/FR/FW/FRW (ICH6) USB controller USB-C\u003e port 0x38e0-0x38ff irq 18 at device 29.2 on pci0\nuhci2: [GIANT-LOCKED]\nusb2: \u003cIntel 82801FB/FR/FW/FRW (ICH6) USB controller USB-C\u003e on uhci2\nusb2: USB revision 1.0\nuhub2: Intel UHCI root hub, class 9/0, rev 1.00/1.00, addr 1\nuhub2: 2 ports with 2 removable, self powered\nuhci3: \u003cIntel 82801FB/FR/FW/FRW (ICH6) USB controller USB-D\u003e port 0x3c00-0x3c1f irq 16 at device 29.3 on pci0\nuhci3: [GIANT-LOCKED]\nusb3: \u003cIntel 82801FB/FR/FW/FRW (ICH6) USB controller USB-D\u003e on uhci3\nusb3: USB revision 1.0\nuhub3: Intel UHCI root hub, class 9/0, rev 1.00/1.00, addr 1\nuhub3: 2 ports with 2 removable, self powered\nehci0: \u003cIntel 82801FB (ICH6) USB 2.0 controller\u003e mem 0xc8000000-0xc80003ff irq 23 at device 29.7 on pci0\nehci0: [GIANT-LOCKED]\nusb4: EHCI version 1.0\nusb4: companion controllers, 2 ports each: usb0 usb1 usb2 usb3\nusb4: \u003cIntel 82801FB (ICH6) USB 2.0 controller\u003e on ehci0\nusb4: USB revision 2.0\nuhub4: Intel EHCI root hub, class 9/0, rev 2.00/1.00, addr 1\nuhub4: 8 ports with 8 removable, self powered\npcib3: \u003cACPI PCI-PCI bridge\u003e at device 30.0 on pci0\npci11: \u003cACPI PCI bus\u003e on pcib3\ncbb0: \u003cPCI-CardBus Bridge\u003e at device 0.0 on pci11\ncardbus0: \u003cCardBus bus\u003e on cbb0\npccard0: \u003c16-bit PCCard bus\u003e on cbb0\nfwohci0: \u003c1394 Open Host Controller Interface\u003e mem 0xc8208000-0xc82087ff,0xc8200000-0xc8203fff irq 22 at device 0.2 on pci11\nfwohci0: OHCI version 1.10 (ROM=1)\nfwohci0: No. of Isochronous channels is 4.\nfwohci0: EUI64 08:00:28:56:00:0d:3d:b1\nfwohci0: Phy 1394a available S400, 2 ports.\nfwohci0: Link S400, max_rec 2048 bytes.\nfirewire0: \u003cIEEE1394(FireWire) bus\u003e on fwohci0\nfwe0: \u003cEthernet over FireWire\u003e on firewire0\nif_fwe0: Fake Ethernet address: 0a:00:28:0d:3d:b1\nfwe0: Ethernet address: 0a:00:28:0d:3d:b1\nfwe0: if_start running deferred for Giant\nsbp0: \u003cSBP-2/SCSI over FireWire\u003e on firewire0\nfwohci0: Initiate bus reset\nfwohci0: node_id=0xc000ffc0, gen=2, CYCLEMASTER mode\nfirewire0: 1 nodes, maxhop \u003c= 0, cable IRM = 0 (me)\nfirewire0: bus manager 0 (me)\nfwohci0: phy int\npci11: \u003cmass storage\u003e at device 0.3 (no driver attached)\npci11: \u003cbase peripheral\u003e at device 0.4 (no driver attached)\nrl0: \u003cRealTek 8139 10/100BaseTX\u003e port 0x5000-0x50ff mem 0xc8209400-0xc82094ff irq 20 at device 2.0 on pci11\nmiibus0: \u003cMII bus\u003e on rl0\nrlphy0: \u003cRealTek internal media interface\u003e on miibus0\nrlphy0:  10baseT, 10baseT-FDX, 100baseTX, 100baseTX-FDX, auto\nrl0: Ethernet address: 00:c0:9f:fb:46:48\nndis0: \u003cBroadcom 802.11b/g WLAN\u003e mem 0xc8206000-0xc8207fff irq 17 at device 3.0 on pci11\nndis0: NDIS API version: 5.1\nndis0: Ethernet address: 00:14:a5:2a:a5:db\npcm0: \u003cIntel ICH6 (82801FB)\u003e port 0x3000-0x30ff,0x3880-0x38bf mem 0xc8000800-0xc80009ff,0xc8000400-0xc80004ff irq 22 at device 30.2 on pci0\npcm0: \u003cConexant CX20468-21 AC97 Codec\u003e\npci0: \u003csimple comms, generic modem\u003e at device 30.3 (no driver attached)\nisab0: \u003cPCI-ISA bridge\u003e at device 31.0 on pci0\nisa0: \u003cISA bus\u003e on isab0\natapci0: \u003cIntel ICH6 UDMA100 controller\u003e port 0x1f0-0x1f7,0x3f6,0x170-0x177,0x376,0x3c40-0x3c4f at device 31.1 on pci0\nata0: \u003cATA channel 0\u003e on atapci0\nata1: \u003cATA channel 1\u003e on atapci0\npci0: \u003cserial bus, SMBus\u003e at device 31.3 (no driver attached)\nacpi_lid0: \u003cControl Method Lid Switch\u003e on acpi0\nacpi_acad0: \u003cAC Adapter\u003e on acpi0\nbattery0: \u003cACPI Control Method Battery\u003e on acpi0\nacpi_button0: \u003cPower Button\u003e on acpi0\nacpi_button1: \u003cSleep Button\u003e on acpi0\nacpi_tz0: \u003cThermal Zone\u003e on acpi0\nspeaker0: \u003cPC speaker\u003e port 0x61 on acpi0\natkbdc0: \u003cKeyboard controller (i8042)\u003e port 0x60,0x64 irq 1 on acpi0\natkbd0: \u003cAT Keyboard\u003e irq 1 on atkbdc0\nkbd0 at atkbd0\natkbd0: [GIANT-LOCKED]\npsm0: \u003cPS/2 Mouse\u003e irq 12 on atkbdc0\npsm0: [GIANT-LOCKED]\npsm0: model IntelliMouse, device ID 3\npmtimer0 on isa0\norm0: \u003cISA Option ROMs\u003e at iomem 0xc0000-0xcffff,0xd0000-0xd0fff,0xdb000-0xdbfff,0xdc000-0xdffff on isa0\nsc0: \u003cSystem console\u003e at flags 0x100 on isa0\nsc0: VGA \u003c16 virtual consoles, flags=0x300\u003e\nsio0: configured irq 4 not in bitmap of probed irqs 0\nsio0: port may not be enabled\nsio0 at port 0x3f8-0x3ff irq 4 flags 0x10 on isa0\nsio0: type 8250 or not responding\nsio1: configured irq 3 not in bitmap of probed irqs 0\nsio1: port may not be enabled\nvga0: \u003cGeneric ISA VGA\u003e at port 0x3c0-0x3df iomem 0xa0000-0xbffff on isa0\nTimecounters tick every 1.000 msec\nad0: 76319MB \u003cSeagate ST9808211A 3.02\u003e at ata0-master UDMA100\nacd0: DVDR \u003cHL-DT-ST DVD-RW GWA-4082N/CC15\u003e at ata0-slave PIO4\nSMP: AP CPU #1 Launched!\nTrying to mount root from ufs:/dev/ad0s2a\n\n\nHere's my scanpci:\npci bus 0x0000 cardnum 0x00 function 0x00: vendor 0x8086 device 0x2580\n Intel Corporation 82915G/P/GV/GL/PL/910GL Memory Controller Hub\n\npci bus 0x0000 cardnum 0x01 function 0x00: vendor 0x8086 device 0x2581\n Intel Corporation 82915G/P/GV/GL/PL/910GL PCI Express Root Port\n\npci bus 0x0000 cardnum 0x1c function 0x00: vendor 0x8086 device 0x2660\n Intel Corporation 82801FB/FBM/FR/FW/FRW (ICH6 Family) PCI Express Port 1\n\npci bus 0x0000 cardnum 0x1d function 0x00: vendor 0x8086 device 0x2658\n Intel Corporation 82801FB/FBM/FR/FW/FRW (ICH6 Family) USB UHCI #1\n\npci bus 0x0000 cardnum 0x1d function 0x01: vendor 0x8086 device 0x2659\n Intel Corporation 82801FB/FBM/FR/FW/FRW (ICH6 Family) USB UHCI #2\n\npci bus 0x0000 cardnum 0x1d function 0x02: vendor 0x8086 device 0x265a\n Intel Corporation 82801FB/FBM/FR/FW/FRW (ICH6 Family) USB UHCI #3\n\npci bus 0x0000 cardnum 0x1d function 0x03: vendor 0x8086 device 0x265b\n Intel Corporation 82801FB/FBM/FR/FW/FRW (ICH6 Family) USB UHCI #4\n\npci bus 0x0000 cardnum 0x1d function 0x07: vendor 0x8086 device 0x265c\n Intel Corporation 82801FB/FBM/FR/FW/FRW (ICH6 Family) USB2 EHCI Controller\n\npci bus 0x0000 cardnum 0x1e function 0x00: vendor 0x8086 device 0x244e\n Intel Corporation 82801 PCI Bridge\n\npci bus 0x0000 cardnum 0x1e function 0x02: vendor 0x8086 device 0x266e\n Intel Corporation 82801FB/FBM/FR/FW/FRW (ICH6 Family) AC'97 Audio Controller\n\npci bus 0x0000 cardnum 0x1e function 0x03: vendor 0x8086 device 0x266d\n Intel Corporation 82801FB/FBM/FR/FW/FRW (ICH6 Family) AC'97 Modem Controller\n\npci bus 0x0000 cardnum 0x1f function 0x00: vendor 0x8086 device 0x2640\n Intel Corporation 82801FB/FR (ICH6/ICH6R) LPC Interface Bridge\n\npci bus 0x0000 cardnum 0x1f function 0x01: vendor 0x8086 device 0x266f\n Intel Corporation 82801FB/FBM/FR/FW/FRW (ICH6 Family) IDE Controller\n\npci bus 0x0000 cardnum 0x1f function 0x03: vendor 0x8086 device 0x266a\n Intel Corporation 82801FB/FBM/FR/FW/FRW (ICH6 Family) SMBus Controller\n\npci bus 0x0001 cardnum 0x00 function 0x00: vendor 0x1002 device 0x3150\n ATI Technologies Inc M24 1P [Radeon Mobility X600]\n\npci bus 0x000b cardnum 0x00 function 0x00: vendor 0x104c device 0x8031\n Texas Instruments PCIxx21/x515 Cardbus Controller\n\npci bus 0x000b cardnum 0x00 function 0x02: vendor 0x104c device 0x8032\n Texas Instruments OHCI Compliant IEEE 1394 Host Controller\n\npci bus 0x000b cardnum 0x00 function 0x03: vendor 0x104c device 0x8033\n Texas Instruments PCIxx21 Integrated FlashMedia Controller\n\npci bus 0x000b cardnum 0x00 function 0x04: vendor 0x104c device 0x8034\n Texas Instruments PCI6411/6421/6611/6621/7411/7421/7611/7621 Secure Digital Controller\n\npci bus 0x000b cardnum 0x02 function 0x00: vendor 0x10ec device 0x8139\n Realtek Semiconductor Co., Ltd. RTL-8139/8139C/8139C+\n\npci bus 0x000b cardnum 0x03 function 0x00: vendor 0x14e4 device 0x4318\n Broadcom Corporation BCM4318 [AirForce One 54g] 802.11g Wireless LAN Controller"
}