{
 "id": 570311,
 "bug_id": 149058,
 "attachment_id": 0,
 "creation_time": "2010-07-29T09:20:09Z",
 "creator": "lepis@lepis.net.ru",
 "text": "Hello!\n\nThis Wi-Fi card works correctly in 6.4 \u0026 7.3 on the same computer.\n\nSteps:\n1. I installed FreeBSD 8.1-RELEASE.\n2. Wrote in rc.conf:\n   ifconfig_ural0=\"inet 172.30.0.11 netmask 255.255.0.0 ssid lepishome wepmode off channel 2 media OFDM/54Mbps mediaopt hostap up\n3. Reboot.\n\nAt this moment in 7.3 Wi-Fi card starts work correctly - as a Wi-Fi access point. In 8.1 nothing happens. 'ural0' hasn't IP-address or any settings.\n\nI wrote in console 'ifconfig ural0 172.30.0.11 netmask 255.255.0.0 up' - address and netmask successfully assigned to ural0. But LED on it doesn't blink.\n\nI wrote in console 'ifconfig ural0 ssid lepishome' and get message \"ifconfig: SIOCS80211: Invalid argument\" in this console and message \"ural0: discard raw packet\" in 1st console.\n\n\"http://fixunix.com/freebsd/541408-ifconfig-siocs80211-invalid-argument.html\" didn't help me.\n\nI tried to update kernel source code and recompile kernel \u0026#8212; the same result.\n\nThere is no info about \"discard raw packet\" in Internet, except source codes of \"head/sys/net80211/ieee80211.c\".\n\nMy dmesg:\n\nJul 28 23:05:42 lepis syslogd: kernel boot file is /boot/kernel/kernel\nJul 28 23:05:42 lepis kernel: Copyright (c) 1992-2010 The FreeBSD Project.\nJul 28 23:05:42 lepis kernel: Copyright (c) 1979, 1980, 1983, 1986, 1988, 1989, 1991, 1992, 1993, 1994\nJul 28 23:05:42 lepis kernel: The Regents of the University of California. All rights reserved.\nJul 28 23:05:42 lepis kernel: FreeBSD is a registered trademark of The FreeBSD Foundation.\nJul 28 23:05:42 lepis kernel: FreeBSD 8.1-RELEASE #0: Wed Jul 28 20:58:59 UTC 2010\nJul 28 23:05:42 lepis kernel: lepis@:/usr/obj/usr/src/sys/lepis i386\nJul 28 23:05:42 lepis kernel: module_register: module if_bridge already exists!\nJul 28 23:05:42 lepis kernel: Module if_bridge failed to register: 17\nJul 28 23:05:42 lepis kernel: Timecounter \"i8254\" frequency 1193182 Hz quality 0\nJul 28 23:05:42 lepis kernel: CPU: Pentium(R) Dual-Core  CPU      E5300  @ 2.60GHz (2621.49-MHz 686-class CPU)\nJul 28 23:05:42 lepis kernel: Origin = \"GenuineIntel\"  Id = 0x1067a  Family = 6  Model = 17  Stepping = 10\nJul 28 23:05:42 lepis kernel: Features=0xbfebfbff\u003cFPU,VME,DE,PSE,TSC,MSR,PAE,MCE,CX8,APIC,SEP,MTRR,PGE,MCA,CMOV,PAT,PSE36,CLFLUSH,DTS,ACPI,MMX,FXSR,SSE,SSE2,SS,HTT,TM,PBE\u003e\nJul 28 23:05:42 lepis kernel: Features2=0x400e3bd\u003cSSE3,DTES64,MON,DS_CPL,VMX,EST,TM2,SSSE3,CX16,xTPR,PDCM,XSAVE\u003e\nJul 28 23:05:42 lepis kernel: AMD Features=0x20100000\u003cNX,LM\u003e\nJul 28 23:05:42 lepis kernel: AMD Features2=0x1\u003cLAHF\u003e\nJul 28 23:05:42 lepis kernel: TSC: P-state invariant\nJul 28 23:05:42 lepis kernel: real memory  = 2147483648 (2048 MB)\nJul 28 23:05:42 lepis kernel: avail memory = 2055565312 (1960 MB)\nJul 28 23:05:42 lepis kernel: ACPI APIC Table: \u003cA_M_I_ OEMAPIC \u003e\nJul 28 23:05:42 lepis kernel: FreeBSD/SMP: Multiprocessor System Detected: 2 CPUs\nJul 28 23:05:42 lepis kernel: FreeBSD/SMP: 1 package(s) x 2 core(s)\nJul 28 23:05:42 lepis kernel: cpu0 (BSP): APIC ID:  0\nJul 28 23:05:42 lepis kernel: cpu1 (AP): APIC ID:  1\nJul 28 23:05:42 lepis kernel: ioapic0 \u003cVersion 2.0\u003e irqs 0-23 on motherboard\nJul 28 23:05:42 lepis kernel: kbd1 at kbdmux0\nJul 28 23:05:42 lepis kernel: acpi0: \u003cA_M_I_ OEMRSDT\u003e on motherboard\nJul 28 23:05:42 lepis kernel: acpi0: [ITHREAD]\nJul 28 23:05:42 lepis kernel: acpi0: Power Button (fixed)\nJul 28 23:05:42 lepis kernel: acpi0: reservation of fed1c000, 4000 (3) failed\nJul 28 23:05:42 lepis kernel: acpi0: reservation of fed20000, 70000 (3) failed\nJul 28 23:05:42 lepis kernel: acpi0: reservation of ffc00000, 300000 (3) failed\nJul 28 23:05:42 lepis kernel: acpi0: reservation of fec00000, 1000 (3) failed\nJul 28 23:05:42 lepis kernel: acpi0: reservation of fee00000, 1000 (3) failed\nJul 28 23:05:42 lepis kernel: acpi0: reservation of f0000000, 4000000 (3) failed\nJul 28 23:05:42 lepis kernel: acpi0: reservation of 0, a0000 (3) failed\nJul 28 23:05:42 lepis kernel: acpi0: reservation of 100000, 7dd00000 (3) failed\nJul 28 23:05:42 lepis kernel: Timecounter \"ACPI-fast\" frequency 3579545 Hz quality 1000\nJul 28 23:05:42 lepis kernel: acpi_timer0: \u003c24-bit timer at 3.579545MHz\u003e port 0x808-0x80b on acpi0\nJul 28 23:05:42 lepis kernel: cpu0: \u003cACPI CPU\u003e on acpi0\nJul 28 23:05:42 lepis kernel: ACPI Warning: Incorrect checksum in table [OEMB] - 0x27, should be 0x22 (20100331/tbutils-354)\nJul 28 23:05:42 lepis kernel: cpu1: \u003cACPI CPU\u003e on acpi0\nJul 28 23:05:42 lepis kernel: acpi_hpet0: \u003cHigh Precision Event Timer\u003e iomem 0xfed00000-0xfed003ff on acpi0\nJul 28 23:05:42 lepis kernel: Timecounter \"HPET\" frequency 14318180 Hz quality 900\nJul 28 23:05:42 lepis kernel: pcib0: \u003cACPI Host-PCI bridge\u003e port 0xcf8-0xcff on acpi0\nJul 28 23:05:42 lepis kernel: pci0: \u003cACPI PCI bus\u003e on pcib0\nJul 28 23:05:42 lepis kernel: vgapci0: \u003cVGA-compatible display\u003e port 0xcc00-0xcc07 mem 0xfe400000-0xfe7fffff,0xe0000000-0xefffffff irq 16 at device 2.0 on pci0\nJul 28 23:05:42 lepis kernel: agp0: \u003cIntel G41 SVGA controller\u003e on vgapci0\nJul 28 23:05:42 lepis kernel: agp0: detected 32764k stolen memory\nJul 28 23:05:42 lepis kernel: agp0: aperture size is 256M\nJul 28 23:05:42 lepis kernel: pci0: \u003cmultimedia, HDA\u003e at device 27.0 (no driver attached)\nJul 28 23:05:42 lepis kernel: pcib1: \u003cACPI PCI-PCI bridge\u003e irq 16 at device 28.0 on pci0\nJul 28 23:05:42 lepis kernel: pci2: \u003cACPI PCI bus\u003e on pcib1\nJul 28 23:05:42 lepis kernel: pcib2: \u003cACPI PCI-PCI bridge\u003e irq 17 at device 28.1 on pci0\nJul 28 23:05:42 lepis kernel: pci1: \u003cACPI PCI bus\u003e on pcib2\nJul 28 23:05:42 lepis kernel: ale0: \u003cAtheros AR8121/AR8113/AR8114 PCIe Ethernet\u003e port 0xdc00-0xdc7f mem 0xfeac0000-0xfeafffff irq 17 at device 0.0 on pci1\nJul 28 23:05:42 lepis kernel: ale0: 960 Tx FIFO, 1024 Rx FIFO\nJul 28 23:05:42 lepis kernel: ale0: Using 1 MSI messages.\nJul 28 23:05:42 lepis kernel: miibus0: \u003cMII bus\u003e on ale0\nJul 28 23:05:42 lepis kernel: atphy0: \u003cAtheros F1 10/100/1000 PHY\u003e PHY 0 on miibus0\nJul 28 23:05:42 lepis kernel: atphy0:  10baseT, 10baseT-FDX, 100baseTX, 100baseTX-FDX, 1000baseT-FDX, auto\nJul 28 23:05:42 lepis kernel: ale0: Ethernet address: 90:e6:ba:cb:2c:7b\nJul 28 23:05:42 lepis kernel: ale0: [FILTER]\nJul 28 23:05:42 lepis kernel: uhci0: \u003cIntel 82801G (ICH7) USB controller USB-A\u003e port 0xc400-0xc41f irq 23 at device 29.0 on pci0\nJul 28 23:05:42 lepis kernel: uhci0: [ITHREAD]\nJul 28 23:05:42 lepis kernel: uhci0: LegSup = 0x2f00\nJul 28 23:05:42 lepis kernel: usbus0: \u003cIntel 82801G (ICH7) USB controller USB-A\u003e on uhci0\nJul 28 23:05:42 lepis kernel: uhci1: \u003cIntel 82801G (ICH7) USB controller USB-B\u003e port 0xc480-0xc49f irq 19 at device 29.1 on pci0\nJul 28 23:05:42 lepis kernel: uhci1: [ITHREAD]\nJul 28 23:05:42 lepis kernel: uhci1: LegSup = 0x2f00\nJul 28 23:05:42 lepis kernel: usbus1: \u003cIntel 82801G (ICH7) USB controller USB-B\u003e on uhci1\nJul 28 23:05:42 lepis kernel: uhci2: \u003cIntel 82801G (ICH7) USB controller USB-C\u003e port 0xc800-0xc81f irq 18 at device 29.2 on pci0\nJul 28 23:05:42 lepis kernel: uhci2: [ITHREAD]\nJul 28 23:05:42 lepis kernel: uhci2: LegSup = 0x2f00\nJul 28 23:05:42 lepis kernel: usbus2: \u003cIntel 82801G (ICH7) USB controller USB-C\u003e on uhci2\nJul 28 23:05:42 lepis kernel: uhci3: \u003cIntel 82801G (ICH7) USB controller USB-D\u003e port 0xc880-0xc89f irq 16 at device 29.3 on pci0\nJul 28 23:05:42 lepis kernel: uhci3: [ITHREAD]\nJul 28 23:05:42 lepis kernel: uhci3: LegSup = 0x2f00\nJul 28 23:05:42 lepis kernel: usbus3: \u003cIntel 82801G (ICH7) USB controller USB-D\u003e on uhci3\nJul 28 23:05:42 lepis kernel: ehci0: \u003cIntel 82801GB/R (ICH7) USB 2.0 controller\u003e mem 0xfe9f7c00-0xfe9f7fff irq 23 at device 29.7 on pci0\nJul 28 23:05:42 lepis kernel: ehci0: [ITHREAD]\nJul 28 23:05:42 lepis kernel: usbus4: EHCI version 1.0\nJul 28 23:05:42 lepis kernel: usbus4: \u003cIntel 82801GB/R (ICH7) USB 2.0 controller\u003e on ehci0\nJul 28 23:05:42 lepis kernel: pcib3: \u003cACPI PCI-PCI bridge\u003e at device 30.0 on pci0\nJul 28 23:05:42 lepis kernel: pci3: \u003cACPI PCI bus\u003e on pcib3\nJul 28 23:05:42 lepis kernel: rl0: \u003cD-Link DFE-530TX+ 10/100BaseTX\u003e port 0xe800-0xe8ff mem 0xfebffc00-0xfebffcff irq 19 at device 0.0 on pci3\nJul 28 23:05:42 lepis kernel: miibus1: \u003cMII bus\u003e on rl0\nJul 28 23:05:42 lepis kernel: rlphy0: \u003cRealTek internal media interface\u003e PHY 0 on miibus1\nJul 28 23:05:42 lepis kernel: rlphy0:  10baseT, 10baseT-FDX, 100baseTX, 100baseTX-FDX, auto\nJul 28 23:05:42 lepis kernel: rl0: Ethernet address: 00:50:ba:5c:b0:b6\nJul 28 23:05:42 lepis kernel: rl0: [ITHREAD]\nJul 28 23:05:42 lepis kernel: isab0: \u003cPCI-ISA bridge\u003e at device 31.0 on pci0\nJul 28 23:05:42 lepis kernel: isa0: \u003cISA bus\u003e on isab0\nJul 28 23:05:42 lepis kernel: atapci0: \u003cIntel ICH7 UDMA100 controller\u003e port 0xb480-0xb487,0xb400-0xb403,0x8f0-0x8f7,0x8f8-0x8fb,0xac00-0xac0f irq 18 at device 31.1 on pci0\nJul 28 23:05:42 lepis kernel: atapci0: [ITHREAD]\nJul 28 23:05:42 lepis kernel: ata2: \u003cATA channel 0\u003e on atapci0\nJul 28 23:05:42 lepis kernel: ata2: [ITHREAD]\nJul 28 23:05:42 lepis kernel: atapci1: \u003cIntel ICH7 SATA300 controller\u003e port 0xc080-0xc087,0xc000-0xc003,0xbc00-0xbc07,0xb880-0xb883,0xb800-0xb80f irq 22 at device 31.2 on pci0\nJul 28 23:05:42 lepis kernel: atapci1: [ITHREAD]\nJul 28 23:05:42 lepis kernel: ata3: \u003cATA channel 0\u003e on atapci1\nJul 28 23:05:42 lepis kernel: ata3: [ITHREAD]\nJul 28 23:05:42 lepis kernel: ata4: \u003cATA channel 1\u003e on atapci1\nJul 28 23:05:42 lepis kernel: ata4: [ITHREAD]\nJul 28 23:05:42 lepis kernel: acpi_button0: \u003cPower Button\u003e on acpi0\nJul 28 23:05:42 lepis kernel: atrtc0: \u003cAT realtime clock\u003e port 0x70-0x71 irq 8 on acpi0\nJul 28 23:05:42 lepis kernel: ppc0: \u003cParallel port\u003e port 0x378-0x37f,0x778-0x77f irq 7 drq 3 on acpi0\nJul 28 23:05:42 lepis kernel: ppc0: SMC-like chipset (ECP/EPP/PS2/NIBBLE) in COMPATIBLE mode\nJul 28 23:05:42 lepis kernel: ppc0: FIFO with 16/16/9 bytes threshold\nJul 28 23:05:42 lepis kernel: ppc0: [ITHREAD]\nJul 28 23:05:42 lepis kernel: ppbus0: \u003cParallel port bus\u003e on ppc0\nJul 28 23:05:42 lepis kernel: plip0: \u003cPLIP network interface\u003e on ppbus0\nJul 28 23:05:42 lepis kernel: plip0: [ITHREAD]\nJul 28 23:05:42 lepis kernel: lpt0: \u003cPrinter\u003e on ppbus0\nJul 28 23:05:42 lepis kernel: lpt0: [ITHREAD]\nJul 28 23:05:42 lepis kernel: lpt0: Interrupt-driven port\nJul 28 23:05:42 lepis kernel: ppi0: \u003cParallel I/O\u003e on ppbus0\nJul 28 23:05:42 lepis kernel: uart0: \u003c16550 or compatible\u003e port 0x3f8-0x3ff irq 4 flags 0x10 on acpi0\nJul 28 23:05:42 lepis kernel: uart0: [FILTER]\nJul 28 23:05:42 lepis kernel: atkbdc0: \u003cKeyboard controller (i8042)\u003e port 0x60,0x64 irq 1 on acpi0\nJul 28 23:05:42 lepis kernel: atkbd0: \u003cAT Keyboard\u003e irq 1 on atkbdc0\nJul 28 23:05:42 lepis kernel: kbd0 at atkbd0\nJul 28 23:05:42 lepis kernel: atkbd0: [GIANT-LOCKED]\nJul 28 23:05:42 lepis kernel: atkbd0: [ITHREAD]\nJul 28 23:05:42 lepis kernel: pmtimer0 on isa0\nJul 28 23:05:42 lepis kernel: sc0: \u003cSystem console\u003e at flags 0x100 on isa0\nJul 28 23:05:42 lepis kernel: sc0: VGA \u003c16 virtual consoles, flags=0x300\u003e\nJul 28 23:05:42 lepis kernel: vga0: \u003cGeneric ISA VGA\u003e at port 0x3c0-0x3df iomem 0xa0000-0xbffff on isa0\nJul 28 23:05:42 lepis kernel: ata0 at port 0x1f0-0x1f7,0x3f6 irq 14 on isa0\nJul 28 23:05:42 lepis kernel: ata0: [ITHREAD]\nJul 28 23:05:42 lepis kernel: ata1 at port 0x170-0x177,0x376 irq 15 on isa0\nJul 28 23:05:42 lepis kernel: ata1: [ITHREAD]\nJul 28 23:05:42 lepis kernel: est0: \u003cEnhanced SpeedStep Frequency Control\u003e on cpu0\nJul 28 23:05:42 lepis kernel: p4tcc0: \u003cCPU Frequency Thermal Control\u003e on cpu0\nJul 28 23:05:42 lepis kernel: est1: \u003cEnhanced SpeedStep Frequency Control\u003e on cpu1\nJul 28 23:05:42 lepis kernel: p4tcc1: \u003cCPU Frequency Thermal Control\u003e on cpu1\nJul 28 23:05:42 lepis kernel: Timecounters tick every 1.000 msec\nJul 28 23:05:42 lepis kernel: ipfw2 (+ipv6) initialized, divert enabled, nat loadable, rule-based forwarding enabled, default to accept, logging disabled\nJul 28 23:05:42 lepis kernel: load_dn_sched dn_sched FIFO loaded\nJul 28 23:05:42 lepis kernel: load_dn_sched dn_sched PRIO loaded\nJul 28 23:05:42 lepis kernel: load_dn_sched dn_sched QFQ loaded\nJul 28 23:05:42 lepis kernel: load_dn_sched dn_sched RR loaded\nJul 28 23:05:42 lepis kernel: load_dn_sched dn_sched WF2Q+ loaded\nJul 28 23:05:42 lepis kernel: usbus0: 12Mbps Full Speed USB v1.0\nJul 28 23:05:42 lepis kernel: usbus1: 12Mbps Full Speed USB v1.0\nJul 28 23:05:42 lepis kernel: usbus2: 12Mbps Full Speed USB v1.0\nJul 28 23:05:42 lepis kernel: usbus3: 12Mbps Full Speed USB v1.0\nJul 28 23:05:42 lepis kernel: usbus4: 480Mbps High Speed USB v2.0\nJul 28 23:05:42 lepis kernel: ad4: 38166MB \u003cSeagate ST340015A 3.01\u003e at ata2-master UDMA100 \nJul 28 23:05:42 lepis kernel: ugen0.1: \u003cIntel\u003e at usbus0\nJul 28 23:05:42 lepis kernel: uhub0: \u003cIntel UHCI root HUB, class 9/0, rev 1.00/1.00, addr 1\u003e on usbus0\nJul 28 23:05:42 lepis kernel: ugen1.1: \u003cIntel\u003e at usbus1\nJul 28 23:05:42 lepis kernel: uhub1: \u003cIntel UHCI root HUB, class 9/0, rev 1.00/1.00, addr 1\u003e on usbus1\nJul 28 23:05:42 lepis kernel: ugen2.1: \u003cIntel\u003e at usbus2\nJul 28 23:05:42 lepis kernel: uhub2: \u003cIntel UHCI root HUB, class 9/0, rev 1.00/1.00, addr 1\u003e on usbus2\nJul 28 23:05:42 lepis kernel: ugen3.1: \u003cIntel\u003e at usbus3\nJul 28 23:05:42 lepis kernel: uhub3: \u003cIntel UHCI root HUB, class 9/0, rev 1.00/1.00, addr 1\u003e on usbus3\nJul 28 23:05:42 lepis kernel: ugen4.1: \u003cIntel\u003e at usbus4\nJul 28 23:05:42 lepis kernel: uhub4: \u003cIntel EHCI root HUB, class 9/0, rev 2.00/1.00, addr 1\u003e on usbus4\nJul 28 23:05:42 lepis kernel: ad9: 76318MB \u003cSeagate ST380817AS 3.42\u003e at ata4-slave UDMA100 SATA\nJul 28 23:05:42 lepis kernel: SMP: AP CPU #1 Launched!\nJul 28 23:05:42 lepis kernel: GEOM: ad4s1: geometry does not match label (255h,63s != 16h,63s).\nJul 28 23:05:42 lepis kernel: Root mount waiting for: usbus4 usbus3 usbus2 usbus1 usbus0\nJul 28 23:05:42 lepis kernel: uhub0: 2 ports with 2 removable, self powered\nJul 28 23:05:42 lepis kernel: uhub1: 2 ports with 2 removable, self powered\nJul 28 23:05:42 lepis kernel: uhub2: 2 ports with 2 removable, self powered\nJul 28 23:05:42 lepis kernel: uhub3: 2 ports with 2 removable, self powered\nJul 28 23:05:42 lepis kernel: Root mount waiting for: usbus4\nJul 28 23:05:42 lepis last message repeated 2 times\nJul 28 23:05:42 lepis kernel: uhub4: 8 ports with 8 removable, self powered\nJul 28 23:05:42 lepis kernel: Root mount waiting for: usbus4\nJul 28 23:05:42 lepis kernel: ugen4.2: \u003cASUS\u003e at usbus4\nJul 28 23:05:42 lepis kernel: ural0: \u003cASUS 802.11g WLAN Drive, class 0/0, rev 2.00/0.01, addr 2\u003e on usbus4\nJul 28 23:05:42 lepis kernel: ural0: MAC/BBP RT2570 (rev 0x05), RF RT2526\nJul 28 23:05:42 lepis kernel: Trying to mount root from ufs:/dev/ad9s1a\nJul 28 23:05:43 lepis kernel: rl0: link state changed to UP\nJul 28 23:05:57 lepis login: ROOT LOGIN (root) ON ttyv7\nJul 28 23:06:56 lepis login: ROOT LOGIN (root) ON ttyv6\nJul 28 23:15:11 lepis login: ROOT LOGIN (root) ON ttyv6\nJul 28 23:48:17 lepis kernel: ural0: discard raw packet\nJul 28 23:55:36 lepis reboot: rebooted by root\nJul 28 23:55:36 lepis syslogd: exiting on signal 15\n\nThanks,\nAlexey\n\nHow-To-Repeat: 1. Install FreeBSD 8.1\n2. Attach ASUS WL-167g\n3. ifconfig ural0 172.30.0.11 netmask 255.255.0.0 up ssid lepishome"
}