{
 "id": 394414,
 "bug_id": 113053,
 "attachment_id": 0,
 "creation_time": "2007-05-27T10:50:04Z",
 "creator": "almarrie@gmail.com",
 "text": "ACPI APIC Table: \u003cIntelR AWRDACPI\u003e\nTimecounter \"i8254\" frequency 1193182 Hz quality 0\nCPU: Intel(R) Xeon(TM) CPU 2.80GHz (2800.11-MHz 686-class CPU)\n Origin = \"GenuineIntel\"  Id = 0xf41  Stepping = 1\n Features=0xbfebfbff\u003cFPU,VME,DE,PSE,TSC,MSR,PAE,MCE,CX8,APIC,SEP,MTRR,PGE,MCA,CMOV,PAT,PSE36,CLFLUSH,DTS,ACPI,MMX,FXSR,SSE,SSE2,SS,HTT,TM,PBE\u003e\n Features2=0x641d\u003cSSE3,RSVD2,MON,DS_CPL,CNXT-ID,CX16,xTPR\u003e\n AMD Features=0x20100000\u003cNX,LM\u003e\nreal memory  = 2146304000 (2046 MB)\navail memory = 2099286016 (2002 MB)\nFreeBSD/SMP: Multiprocessor System Detected: 2 CPUs\n cpu0 (BSP): APIC ID:  0\n cpu1 (AP): APIC ID:  6\nioapic0: Changing APIC ID to 4\nioapic0 \u003cVersion 2.0\u003e irqs 0-23 on motherboard\nioapic1 \u003cVersion 2.0\u003e irqs 24-47 on motherboard\nacpi0: \u003cIntelR AWRDACPI\u003e on motherboard\nacpi0: [ITHREAD]\nacpi0: Power Button (fixed)\nacpi0: reservation of 0, a0000 (3) failed\nacpi0: reservation of 100000, 7fde0000 (3) failed\nTimecounter \"ACPI-fast\" frequency 3579545 Hz quality 1000\nacpi_timer0: \u003c24-bit timer at 3.579545MHz\u003e port 0x408-0x40b on acpi0\ncpu0: \u003cACPI CPU\u003e on acpi0\ncpu1: \u003cACPI CPU\u003e on acpi0\nacpi_button0: \u003cPower Button\u003e on acpi0\npcib0: \u003cACPI Host-PCI bridge\u003e port 0xcf8-0xcff on acpi0\npci0: \u003cACPI PCI bus\u003e on pcib0\npcib1: \u003cPCI-PCI bridge\u003e at device 1.0 on pci0\npci1: \u003cPCI bus\u003e on pcib1\npcib2: \u003cACPI PCI-PCI bridge\u003e at device 3.0 on pci0\npci2: \u003cACPI PCI bus\u003e on pcib2\nem0: \u003cIntel(R) PRO/1000 Network Connection Version - 6.5.2\u003e port\n0xa000-0xa01f mem 0xf9020000-0xf903ffff,0xf9000000-0xf901ffff irq 18\nat device 1.0 on pci2\nem0: Ethernet address: 00:11:d8:ba:54:00\nem0: [FILTER]\npcib3: \u003cACPI PCI-PCI bridge\u003e at device 28.0 on pci0\npci3: \u003cACPI PCI bus\u003e on pcib3\nvgapci0: \u003cVGA-compatible display\u003e port 0xb000-0xb0ff mem\n0xfa000000-0xfaffffff,0xfc000000-0xfc000fff irq 24 at device 2.0 on\npci3\npcib4: \u003cACPI PCI-PCI bridge\u003e at device 30.0 on pci0\npci4: \u003cACPI PCI bus\u003e on pcib4\nisab0: \u003cPCI-ISA bridge\u003e at device 31.0 on pci0\nisa0: \u003cISA bus\u003e on isab0\natapci0: \u003cIntel 6300ESB SATA150 controller\u003e port\n0x1f0-0x1f7,0x3f6,0x170-0x177,0x376,0xf000-0xf00f irq 18 at device\n31.2 on pci0\nata0: \u003cATA channel 0\u003e on atapci0\nata0: [ITHREAD]\nata1: \u003cATA channel 1\u003e on atapci0\nata1: [ITHREAD]\npci0: \u003cserial bus, SMBus\u003e at device 31.3 (no driver attached)\norm0: \u003cISA Option ROM\u003e at iomem 0xc0000-0xc7fff pnpid ORM0000 on isa0\natkbdc0: \u003cKeyboard controller (i8042)\u003e at port 0x60,0x64 on isa0\natkbd0: \u003cAT Keyboard\u003e irq 1 on atkbdc0\nkbd0 at atkbd0\natkbd0: [GIANT-LOCKED]\natkbd0: [ITHREAD]\nsc0: \u003cSystem console\u003e at flags 0x100 on isa0\nsc0: VGA \u003c16 virtual consoles, flags=0x300\u003e\nvga0: \u003cGeneric ISA VGA\u003e at port 0x3c0-0x3df iomem 0xa0000-0xbffff on isa0\nTimecounters tick every 1.000 msec\nipfw2 initialized, divert loadable, rule-based forwarding disabled,\ndefault to accept, logging limited to 10000 packets/entry by default\nad0: 70911MB \u003cWDC WD740ADFD-60NLR1 20.07P20\u003e at ata0-master SATA150\nad1: 238475MB \u003cWDC WD2500JD-50FYB0 02.05D02\u003e at ata0-slave SATA150\nSMP: AP CPU #1 Launched!\nTrying to mount root from ufs:/dev/ad0s1a\nem0: link state changed to UP\n\n\n\nTCP: [70.162.96.41]:54686 to [IP removed for security reasons]:59999\ntcpflags 0x18\u003cPUSH,ACK\u003e; syncache_expand: Segment failed SYNCOOKIE\nauthentication\n\nFix: \n\nturn off syncache via sysctl.\nHow-To-Repeat: I don't know, my friend, and I were connected to the server via SSH on\nport 59999, then it paniced and the box got rebooted."
}