{
 "id": 1059880,
 "bug_id": 239566,
 "attachment_id": 206183,
 "creation_time": "2019-07-31T22:10:05Z",
 "creator": "pascal.guitierrez@gmail.com",
 "text": "Created attachment 206183\nKernel panic screenshot\n\nPanic hit whilst having a number of (around 50) zfs recv's happening (this box is purely a zfs recv backup machine) and a scrub is running.\n\nMachine is 12.0-RELEASEp8, has been running fine, however this is the first time we've had so many recvs whilst running a scrub.\n\nSystem has panicked 3x in the last few hours.\n\nPanic output is attached as a screenshot.\n\ndmesg is below:\n\n---\u003c\u003cBOOT\u003e\u003e---\nCopyright (c) 1992-2018 The FreeBSD Project.\nCopyright (c) 1979, 1980, 1983, 1986, 1988, 1989, 1991, 1992, 1993, 1994\n\tThe Regents of the University of California. All rights reserved.\nFreeBSD is a registered trademark of The FreeBSD Foundation.\nFreeBSD 12.0-RELEASE-p8 GENERIC amd64\nFreeBSD clang version 6.0.1 (tags/RELEASE_601/final 335540) (based on LLVM 6.0.1)\nVT(vga): resolution 640x480\nCPU: Intel(R) Xeon(R) CPU           E5620  @ 2.40GHz (2400.05-MHz K8-class CPU)\n  Origin=\"GenuineIntel\"  Id=0x206c2  Family=0x6  Model=0x2c  Stepping=2\n  Features=0xbfebfbff\u003cFPU,VME,DE,PSE,TSC,MSR,PAE,MCE,CX8,APIC,SEP,MTRR,PGE,MCA,CMOV,PAT,PSE36,CLFLUSH,DTS,ACPI,MMX,FXSR,SSE,SSE2,SS,HTT,TM,PBE\u003e\n  Features2=0x9ee3fd\u003cSSE3,DTES64,MON,DS_CPL,VMX,SMX,EST,TM2,SSSE3,CX16,xTPR,PDCM,PCID,DCA,SSE4.1,SSE4.2,POPCNT\u003e\n  AMD Features=0x2c100800\u003cSYSCALL,NX,Page1GB,RDTSCP,LM\u003e\n  AMD Features2=0x1\u003cLAHF\u003e\n  Structured Extended Features3=0x9c000000\u003cIBPB,STIBP,L1DFL,SSBD\u003e\n  VT-x: PAT,HLT,MTF,PAUSE,EPT,UG,VPID\n  TSC: P-state invariant, performance statistics\nreal memory  = 206158430208 (196608 MB)\navail memory = 200875819008 (191570 MB)\nEvent timer \"LAPIC\" quality 600\nACPI APIC Table: \u003c070918 APIC2257\u003e\nFreeBSD/SMP: Multiprocessor System Detected: 8 CPUs\nFreeBSD/SMP: 2 package(s) x 4 core(s)\nrandom: unblocking device.\nFirmware Warning (ACPI): 32/64X length mismatch in FADT/Gpe0Block: 128/64 (20181003/tbfadt-748)\nioapic0: Changing APIC ID to 1\nioapic1: Changing APIC ID to 3\nioapic0 \u003cVersion 2.0\u003e irqs 0-23 on motherboard\nioapic1 \u003cVersion 2.0\u003e irqs 24-47 on motherboard\nLaunching APs: 3 2 7 5 4 1 6\nTimecounter \"TSC-low\" frequency 1200024188 Hz quality 1000\nrandom: entropy device external interface\nkbd1 at kbdmux0\nnetmap: loaded module\n[ath_hal] loaded\nmodule_register_init: MOD_LOAD (vesa, 0xffffffff810f9a00, 0) error 19\nnexus0\nvtvga0: \u003cVT VGA driver\u003e on motherboard\ncryptosoft0: \u003csoftware crypto\u003e on motherboard\naesni0: No AES or SHA support.\nacpi0: \u003cNEC \u003e on motherboard\nacpi0: Power Button (fixed)\ncpu0: \u003cACPI CPU\u003e on acpi0\nattimer0: \u003cAT timer\u003e port 0x40-0x43 irq 0 on acpi0\nTimecounter \"i8254\" frequency 1193182 Hz quality 0\nEvent timer \"i8254\" frequency 1193182 Hz quality 100\natrtc0: \u003cAT realtime clock\u003e port 0x70-0x71 irq 8 on acpi0\natrtc0: registered as a time-of-day clock, resolution 1.000000s\nEvent timer \"RTC\" frequency 32768 Hz quality 0\nhpet0: \u003cHigh Precision Event Timer\u003e iomem 0xfed00000-0xfed003ff on acpi0\nTimecounter \"HPET\" frequency 14318180 Hz quality 950\nEvent timer \"HPET\" frequency 14318180 Hz quality 350\nEvent timer \"HPET1\" frequency 14318180 Hz quality 340\nEvent timer \"HPET2\" frequency 14318180 Hz quality 340\nEvent timer \"HPET3\" frequency 14318180 Hz quality 340\nTimecounter \"ACPI-fast\" frequency 3579545 Hz quality 900\nacpi_timer0: \u003c24-bit timer at 3.579545MHz\u003e port 0x808-0x80b on acpi0\npcib0: \u003cACPI Host-PCI bridge\u003e port 0xcf8-0xcff on acpi0\npci0: \u003cACPI PCI bus\u003e on pcib0\npcib1: \u003cACPI PCI-PCI bridge\u003e at device 1.0 on pci0\npci1: \u003cACPI PCI bus\u003e on pcib1\nigb0: \u003cIntel(R) PRO/1000 PCI-Express Network Driver\u003e port 0xef80-0xef9f mem 0xfafe0000-0xfaffffff,0xfafc0000-0xfafdffff,0xfaf9c000-0xfaf9ffff irq 28 at device 0.0 on pci1\nigb0: attach_pre capping queues at 8\nigb0: using 1024 tx descriptors and 1024 rx descriptors\nigb0: msix_init qsets capped at 8\nigb0: pxm cpus: 8 queue msgs: 9 admincnt: 1\nigb0: using 8 rx queues 8 tx queues \nigb0: Using MSIX interrupts with 9 vectors\nigb0: allocated for 8 tx_queues\nigb0: allocated for 8 rx_queues\nigb0: Ethernet address: 00:25:90:2c:58:7a\nigb0: netmap queues/slots: TX 8/1024, RX 8/1024\nigb1: \u003cIntel(R) PRO/1000 PCI-Express Network Driver\u003e port 0xef40-0xef5f mem 0xfaf60000-0xfaf7ffff,0xfaf40000-0xfaf5ffff,0xfaf1c000-0xfaf1ffff irq 40 at device 0.1 on pci1\nigb1: attach_pre capping queues at 8\nigb1: using 1024 tx descriptors and 1024 rx descriptors\nigb1: msix_init qsets capped at 8\nigb1: pxm cpus: 8 queue msgs: 9 admincnt: 1\nigb1: using 8 rx queues 8 tx queues \nigb1: Using MSIX interrupts with 9 vectors\nigb1: allocated for 8 tx_queues\nigb1: allocated for 8 rx_queues\nigb1: Ethernet address: 00:25:90:2c:58:7b\nigb1: netmap queues/slots: TX 8/1024, RX 8/1024\npcib2: \u003cACPI PCI-PCI bridge\u003e at device 3.0 on pci0\npci2: \u003cACPI PCI bus\u003e on pcib2\nmps0: \u003cAvago Technologies (LSI) SAS2008\u003e port 0xd000-0xd0ff mem 0xfae3c000-0xfae3ffff,0xfae40000-0xfae7ffff irq 24 at device 0.0 on pci2\nmps0: Firmware: 20.00.04.00, Driver: 21.02.00.00-fbsd\nmps0: IOCCapabilities: 1285c\u003cScsiTaskFull,DiagTrace,SnapBuf,EEDP,TransRetry,EventReplay,HostDisc\u003e\npcib3: \u003cACPI PCI-PCI bridge\u003e at device 5.0 on pci0\npci3: \u003cACPI PCI bus\u003e on pcib3\npcib4: \u003cACPI PCI-PCI bridge\u003e at device 7.0 on pci0\npci4: \u003cACPI PCI bus\u003e on pcib4\npci0: \u003cbase peripheral, interrupt controller\u003e at device 20.0 (no driver attached)\npci0: \u003cbase peripheral, interrupt controller\u003e at device 20.1 (no driver attached)\npci0: \u003cbase peripheral, interrupt controller\u003e at device 20.2 (no driver attached)\npci0: \u003cbase peripheral, interrupt controller\u003e at device 20.3 (no driver attached)\nuhci0: \u003cIntel 82801JI (ICH10) USB controller USB-D\u003e port 0xce80-0xce9f irq 16 at device 26.0 on pci0\nuhci0: LegSup = 0x2f00\nusbus0 on uhci0\nusbus0: 12Mbps Full Speed USB v1.0\nuhci1: \u003cIntel 82801JI (ICH10) USB controller USB-E\u003e port 0xce20-0xce3f irq 21 at device 26.1 on pci0\nuhci1: LegSup = 0x2f00\nusbus1 on uhci1\nusbus1: 12Mbps Full Speed USB v1.0\nuhci2: \u003cIntel 82801JI (ICH10) USB controller USB-F\u003e port 0xcdc0-0xcddf irq 19 at device 26.2 on pci0\nuhci2: LegSup = 0x2f00\nusbus2 on uhci2\nusbus2: 12Mbps Full Speed USB v1.0\nehci0: \u003cIntel 82801JI (ICH10) USB 2.0 controller USB-B\u003e mem 0xfadf6000-0xfadf63ff irq 18 at device 26.7 on pci0\nusbus3: EHCI version 1.0\nusbus3 on ehci0\nusbus3: 480Mbps High Speed USB v2.0\nuhci3: \u003cIntel 82801JI (ICH10) USB controller USB-A\u003e port 0xcf00-0xcf1f irq 23 at device 29.0 on pci0\nuhci3: LegSup = 0x2f00\nusbus4 on uhci3\nusbus4: 12Mbps Full Speed USB v1.0\nuhci4: \u003cIntel 82801JI (ICH10) USB controller USB-B\u003e port 0xcec0-0xcedf irq 19 at device 29.1 on pci0\nuhci4: LegSup = 0x2f00\nusbus5 on uhci4\nusbus5: 12Mbps Full Speed USB v1.0\nuhci5: \u003cIntel 82801JI (ICH10) USB controller USB-C\u003e port 0xcea0-0xcebf irq 18 at device 29.2 on pci0\nuhci5: LegSup = 0x2f00\nusbus6 on uhci5\nusbus6: 12Mbps Full Speed USB v1.0\nehci1: \u003cIntel 82801JI (ICH10) USB 2.0 controller USB-A\u003e mem 0xfadf8000-0xfadf83ff irq 23 at device 29.7 on pci0\nusbus7: EHCI version 1.0\nusbus7 on ehci1\nusbus7: 480Mbps High Speed USB v2.0\npcib5: \u003cACPI PCI-PCI bridge\u003e at device 30.0 on pci0\npci5: \u003cACPI PCI bus\u003e on pcib5\nvgapci0: \u003cVGA-compatible display\u003e mem 0xf8000000-0xf8ffffff,0xf9ffc000-0xf9ffffff,0xfa000000-0xfa7fffff irq 16 at device 3.0 on pci5\nvgapci0: Boot video device\nisab0: \u003cPCI-ISA bridge\u003e at device 31.0 on pci0\nisa0: \u003cISA bus\u003e on isab0\natapci0: \u003cIntel ICH10 SATA300 controller\u003e port 0xcff0-0xcff7,0xcf8c-0xcf8f,0xcfe0-0xcfe7,0xcf88-0xcf8b,0xcfa0-0xcfaf,0xcf90-0xcf9f irq 19 at device 31.2 on pci0\nata2: \u003cATA channel\u003e at channel 0 on atapci0\nata3: \u003cATA channel\u003e at channel 1 on atapci0\natapci1: \u003cIntel ICH10 SATA300 controller\u003e port 0xcf80-0xcf87,0xcf7c-0xcf7f,0xcf28-0xcf2f,0xcf24-0xcf27,0xcf60-0xcf6f,0xcf30-0xcf3f irq 19 at device 31.5 on pci0\nata4: \u003cATA channel\u003e at channel 0 on atapci1\nata5: \u003cATA channel\u003e at channel 1 on atapci1\nacpi_button0: \u003cPower Button\u003e on acpi0\nuart0: \u003c16550 or compatible\u003e port 0x3f8-0x3ff irq 4 flags 0x10 on acpi0\nuart1: \u003c16550 or compatible\u003e port 0x2f8-0x2ff irq 3 on acpi0\nuart2: \u003c16550 or compatible\u003e port 0x3e8-0x3ef irq 5 on acpi0\norm0: \u003cISA Option ROMs\u003e at iomem 0xc0000-0xc7fff,0xc8000-0xc87ff,0xc8800-0xc97ff pnpid ORM0000 on isa0\natkbdc0: \u003cKeyboard controller (i8042)\u003e at port 0x60,0x64 on isa0\natkbd0: \u003cAT Keyboard\u003e irq 1 on atkbdc0\nkbd0 at atkbd0\natkbd0: [GIANT-LOCKED]\natkbdc0: non-PNP ISA device will be removed from GENERIC in FreeBSD 12.\nest0: \u003cEnhanced SpeedStep Frequency Control\u003e on cpu0\nZFS filesystem version: 5\nZFS storage pool version: features support (5000)\nTimecounters tick every 1.000 msec\nugen7.1: \u003cIntel EHCI root HUB\u003e at usbus7\nugen6.1: \u003cIntel UHCI root HUB\u003e at usbus6\nugen2.1: \u003cIntel UHCI root HUB\u003e at usbus2\nugen0.1: \u003cIntel UHCI root HUB\u003e at usbus0\nugen1.1: \u003cIntel UHCI root HUB\u003e at usbus1\nugen3.1: \u003cIntel EHCI root HUB\u003e at usbus3\nugen4.1: \u003cIntel UHCI root HUB\u003e at usbus4\nugen5.1: \u003cIntel UHCI root HUB\u003e at usbus5\nuhub0: \u003cIntel EHCI root HUB, class 9/0, rev 2.00/1.00, addr 1\u003e on usbus7\nuhub1: \u003cIntel UHCI root HUB, class 9/0, rev 1.00/1.00, addr 1\u003e on usbus2\nuhub2: \u003cIntel UHCI root HUB, class 9/0, rev 1.00/1.00, addr 1\u003e on usbus1\nuhub3: \u003cIntel UHCI root HUB, class 9/0, rev 1.00/1.00, addr 1\u003e on usbus5\nuhub4: \u003cIntel UHCI root HUB, class 9/0, rev 1.00/1.00, addr 1\u003e on usbus4\nuhub5: \u003cIntel EHCI root HUB, class 9/0, rev 2.00/1.00, addr 1\u003e on usbus3\nuhub6: \u003cIntel UHCI root HUB, class 9/0, rev 1.00/1.00, addr 1\u003e on usbus0\nuhub7: \u003cIntel UHCI root HUB, class 9/0, rev 1.00/1.00, addr 1\u003e on usbus6\nuhub2: 2 ports with 2 removable, self powered\nuhub1: 2 ports with 2 removable, self powered\nuhub4: 2 ports with 2 removable, self powered\nuhub3: 2 ports with 2 removable, self powered\nuhub7: 2 ports with 2 removable, self powered\nuhub6: 2 ports with 2 removable, self powered\nuhub0: 6 ports with 6 removable, self powered\nuhub5: 6 ports with 6 removable, self powered\nugen2.2: \u003cAmerican Megatrends Inc. Virtual Keyboard and Mouse\u003e at usbus2\nukbd0 on uhub1\nugen7.2: \u003cGeneric USB Storage\u003e at usbus7\numass0 on uhub0\numass0: \u003cGeneric USB Storage, class 0/0, rev 2.00/2.72, addr 2\u003e on usbus7\numass0:  SCSI over Bulk-Only; quirks = 0xc100\numass0:5:0: Attached to scbus5\nukbd0: \u003cKeyboard Interface\u003e on usbus2\nkbd2 at ukbd0\nugen7.3: \u003cGeneric USB Storage\u003e at usbus7\numass1 on uhub0\numass1: \u003cGeneric USB Storage, class 0/0, rev 2.00/2.72, addr 3\u003e on usbus7\numass1:  SCSI over Bulk-Only; quirks = 0xc100\numass1:6:1: Attached to scbus6\nses0 at mps0 bus 0 scbus0 target 21 lun 0\nses0: \u003cLSI CORP SAS2X28 0717\u003e Fixed Enclosure Services SPC-3 SCSI device\nses0: Serial Number \nses0: 600.000MB/s transfers\nses0: Command Queueing enabled\nses0: SCSI-3 ENC Device\nses1 at mps0 bus 0 scbus0 target 41 lun 0\nses1: \u003cLSI CORP SAS2X36 0717\u003e Fixed Enclosure Services SPC-3 SCSI device\nses1: Serial Number \nses1: 600.000MB/s transfers\nses1: Command Queueing enabled\nses1: SCSI-3 ENC Device\nda1 at mps0 bus 0 scbus0 target 9 lun 0\nda1: \u003cHGST HUH721008AL4200 A384\u003e Fixed Direct Access SPC-4 SCSI device\nda1: Serial Number 7SGA0SVC\nda1: 600.000MB/s transfers\nda1: Command Queueing enabled\nda1: 7630885MB (1953506646 4096 byte sectors)\nda5 at mps0 bus 0 scbus0 target 13 lun 0\nda5: \u003cHGST HUH721008AL4200 A384\u003e Fixed Direct Access SPC-4 SCSI device\nda5: Serial Number 7SGDWJYC\nda5: 600.000MB/s transfers\nda5: Command Queueing enabled\nda5: 7630885MB (1953506646 4096 byte sectors)\nda8 at mps0 bus 0 scbus0 target 16 lun 0\nda8: \u003cHGST HUH721008AL4200 A384\u003e Fixed Direct Access SPC-4 SCSI device\nda8: Serial Number 7SGDP3MC\nda8: 600.000MB/s transfers\nda8: Command Queueing enabled\nda8: 7630885MB (1953506646 4096 byte sectors)\nda11 at mps0 bus 0 scbus0 target 147 lun 0\nda11: \u003cHGST HUH721008AL4200 A384\u003e Fixed Direct Access SPC-4 SCSI device\nda11: Serial Number 7SGDR52C\nda11: 600.000MB/s transfers\nda11: Command Queueing enabled\nda11: 7630885MB (1953506646 4096 byte sectors)\nda2 at mps0 bus 0 scbus0 target 10 lun 0\nda2: \u003cHGST HUH721008AL4200 A384\u003e Fixed Direct Access SPC-4 SCSI device\nda2: Serial Number 7SGBVZZC\nda2: 600.000MB/s transfers\nda2: Command Queueing enabled\nda2: 7630885MB (1953506646 4096 byte sectors)\nda13 at mps0 bus 0 scbus0 target 149 lun 0\nda13: \u003cHGST HUH721008AL4200 A384\u003e Fixed Direct Access SPC-4 SCSI device\nda13: Serial Number 7SGJTBBC\nda13: 600.000MB/s transfers\nda13: Command Queueing enabled\nda13: 7630885MB (1953506646 4096 byte sectors)\nda18 at mps0 bus 0 scbus0 target 154 lun 0\nda18: \u003cHGST HUH721008AL4200 A384\u003e Fixed Direct Access SPC-4 SCSI device\nda18: Serial Number 7SGBBYBC\nda18: 600.000MB/s transfers\nda18: Command Queueing enabled\nda18: 7630885MB (1953506646 4096 byte sectors)\nda19 at mps0 bus 0 scbus0 target 155 lun 0\nda19: \u003cHGST HUH721008AL4200 A384\u003e Fixed Direct Access SPC-4 SCSI device\nda19: Serial Number 7SGDHK9C\nda19: 600.000MB/s transfers\nda19: Command Queueing enabled\nda19: 7630885MB (1953506646 4096 byte sectors)\nda12 at mps0 bus 0 scbus0 target 148 lun 0\nda12: \u003cHGST HUH721008AL4200 A384\u003e Fixed Direct Access SPC-4 SCSI device\nda12: Serial Number 7SGJRZ9C\nda12: 600.000MB/s transfers\nda12: Command Queueing enabled\nda12: 7630885MB (1953506646 4096 byte sectors)\nda23 at mps0 bus 0 scbus0 target 159 lun 0\nda23: \u003cHGST HUH721008AL4200 A384\u003e Fixed Direct Access SPC-4 SCSI device\nda23: Serial Number 7SGJ46ZC\nda23: 600.000MB/s transfers\nda23: Command Queueing enabled\nda23: 7630885MB (1953506646 4096 byte sectors)\nda21 at mps0 bus 0 scbus0 target 157 lun 0\nda21: \u003cHGST HUH721008AL4200 A384\u003e Fixed Direct Access SPC-4 SCSI device\nda21: Serial Number 7SGDMJXC\nda21: 600.000MB/s transfers\nda21: Command Queueing enabled\nda21: 7630885MB (1953506646 4096 byte sectors)\nda14 at mps0 bus 0 scbus0 target 150 lun 0\nda14: \u003cHGST HUH721008AL4200 A384\u003e Fixed Direct Access SPC-4 SCSI device\nda14: Serial Number 7SH4YJ5L\nda14: 600.000MB/s transfers\nda14: Command Queueing enabled\nda14: 7630885MB (1953506646 4096 byte sectors)\nda7 at mps0 bus 0 scbus0 target 15 lun 0\nda7: \u003cHGST HUH721008AL4200 A384\u003e Fixed Direct Access SPC-4 SCSI device\nda7: Serial Number 7SH4YHKL\nda7: 600.000MB/s transfers\nda7: Command Queueing enabled\nda7: 7630885MB (1953506646 4096 byte sectors)\nda10 at mps0 bus 0 scbus0 target 18 lun 0\nda10: \u003cHGST HUH721008AL4200 A384\u003e Fixed Direct Access SPC-4 SCSI device\nda10: Serial Number 7SGDEZAC\nda10: 600.000MB/s transfers\nda10: Command Queueing enabled\nda10: 7630885MB (1953506646 4096 byte sectors)\nda17 at mps0 bus 0 scbus0 target 153 lun 0\nda17: \u003cHGST HUH721008AL4200 A384\u003e Fixed Direct Access SPC-4 SCSI device\nda17: Serial Number 7SH4YJHL\nda17: 600.000MB/s transfers\nda17: Command Queueing enabled\nda17: 7630885MB (1953506646 4096 byte sectors)\nda16 at mps0 bus 0 scbus0 target 152 lun 0\nda16: \u003cHGST HUH721008AL4200 A384\u003e Fixed Direct Access SPC-4 SCSI device\nda16: Serial Number 7SGJ7VDC\nda16: 600.000MB/s transfers\nda16: Command Queueing enabled\nda16: 7630885MB (1953506646 4096 byte sectors)\nda9 at mps0 bus 0 scbus0 target 17 lun 0\nda9: \u003cHGST HUH721008AL4200 A384\u003e Fixed Direct Access SPC-4 SCSI device\nda9: Serial Number 7SGE899C\nda9: 600.000MB/s transfers\nda9: Command Queueing enabled\nda9: 7630885MB (1953506646 4096 byte sectors)\nda6 at mps0 bus 0 scbus0 target 14 lun 0\nda6: \u003cHGST HUH721008AL4200 A384\u003e Fixed Direct Access SPC-4 SCSI device\nda6: Serial Number 7SGDLLEC\nda6: 600.000MB/s transfers\nda6: Command Queueing enabled\nda6: 7630885MB (1953506646 4096 byte sectors)\nda3 at mps0 bus 0 scbus0 target 11 lun 0\nda3: \u003cHGST HUH721008AL4200 A384\u003e Fixed Direct Access SPC-4 SCSI device\nda3: Serial Number 7SGBL59C\nda3: 600.000MB/s transfers\nda3: Command Queueing enabled\nda3: 7630885MB (1953506646 4096 byte sectors)\nda20 at mps0 bus 0 scbus0 target 156 lun 0\nda20: \u003cHGST HUH721008AL4200 A384\u003e Fixed Direct Access SPC-4 SCSI device\nda20: Serial Number 7SGJG60C\nda20: 600.000MB/s transfers\nda20: Command Queueing enabled\nda20: 7630885MB (1953506646 4096 byte sectors)\nda15 at mps0 bus 0 scbus0 target 151 lun 0\nda15: \u003cHGST HUH721008AL4200 A384\u003e Fixed Direct Access SPC-4 SCSI device\nda15: Serial Number 7SGJEM1C\nda15: 600.000MB/s transfers\nda15: Command Queueing enabled\nda15: 7630885MB (1953506646 4096 byte sectors)\nda4 at mps0 bus 0 scbus0 target 12 lun 0\nda4: \u003cHGST HUH721008AL4200 A384\u003e Fixed Direct Access SPC-4 SCSI device\nda4: Serial Number 7SGUV03C\nda4: 600.000MB/s transfers\nda4: Command Queueing enabled\nda4: 7630885MB (1953506646 4096 byte sectors)\nda22 at mps0 bus 0 scbus0 target 158 lun 0\nda22: \u003cHGST HUH721008AL4200 A384\u003e Fixed Direct Access SPC-4 SCSI device\nda22: Serial Number 7SH4YN5L\nda22: 600.000MB/s transfers\nda22: Command Queueing enabled\nda22: 7630885MB (1953506646 4096 byte sectors)\nda24 at umass-sim0 bus 0 scbus5 target 0 lun 0\nda24: \u003cGeneric STORAGE DEVICE 0272\u003e Removable Direct Access SCSI device\nda24: Serial Number 000000000272\nda24: 40.000MB/s transfers\nda24: 3968MB (8126464 512 byte sectors)\nda24: quirks=0x3\u003cNO_SYNC_CACHE,NO_6_BYTE\u003e\nda0 at mps0 bus 0 scbus0 target 8 lun 0\nda0: \u003cHGST HUH721008AL4200 A384\u003e Fixed Direct Access SPC-4 SCSI device\nda0: Serial Number 7SGK036C\nda0: 600.000MB/s transfers\nda0: Command Queueing enabled\nda0: 7630885MB (1953506646 4096 byte sectors)\nda25 at umass-sim1 bus 1 scbus6 target 0 lun 0\nda25: \u003cGeneric STORAGE DEVICE 0272\u003e Removable Direct Access SCSI device\nda25: Serial Number 000000000272\nda25: 40.000MB/s transfers\nda25: 3968MB (8126464 512 byte sectors)\nda25: quirks=0x3\u003cNO_SYNC_CACHE,NO_6_BYTE\u003e\nses1: da23,pass25: Element descriptor: 'Slot 01'\nses1: da23,pass25: SAS Device Slot Element: 1 Phys at Slot 0\nses1:  phy 0: SAS device type 1 id 0\nses1:  phy 0: protocols: Initiator( None ) Target( SSP )\nses1:  phy 0: parent 500304800107877f addr 5000cca2521d5731\nses1: da22,pass24: Element descriptor: 'Slot 02'\nses1: da22,pass24: SAS Device Slot Element: 1 Phys at Slot 1\nses1:  phy 0: SAS device type 1 id 0\nses1:  phy 0: protocols: Initiator( None ) Target( SSP )\nses1:  phy 0: parent 500304800107877f addr 5000cca25241612d\nses1: da21,pass23: Element descriptor: 'Slot 03'\nses1: da21,pass23: SAS Device Slot Element: 1 Phys at Slot 2\nses1:  phy 0: SAS device type 1 id 0\nses1:  phy 0: protocols: Initiator( None ) Target( SSP )\nses1:  phy 0: parent 500304800107877f addr 5000cca25216f74d\nses1: da20,pass22: Element descriptor: 'Slot 04'\nses1: da20,pass22: SAS Device Slot Element: 1 Phys at Slot 3\nses1:  phy 0: SAS device type 1 id 0\nses1:  phy 0: protocols: Initiator( None ) Target( SSP )\nses1:  phy 0: parent 500304800107877f addr 5000cca2521dece1\nses1: da19,pass21: Element descriptor: 'Slot 05'\nses1: da19,pass21: SAS Device Slot Element: 1 Phys at Slot 4\nses1:  phy 0: SAS device type 1 id 0\nses1:  phy 0: protocols: Initiator( None ) Target( SSP )\nses1:  phy 0: parent 500304800107877f addr 5000cca25216bb6d\nses1: da18,pass20: Element descriptor: 'Slot 06'\nses1: da18,pass20: SAS Device Slot Element: 1 Phys at Slot 5\nses1:  phy 0: SAS device type 1 id 0\nses1:  phy 0: protocols: Initiator( None ) Target( SSP )\nses1:  phy 0: parent 500304800107877f addr 5000cca25214b3b9\nses1: da17,pass19: Element descriptor: 'Slot 07'\nses1: da17,pass19: SAS Device Slot Element: 1 Phys at Slot 6\nses1:  phy 0: SAS device type 1 id 0\nses1:  phy 0: protocols: Initiator( None ) Target( SSP )\nses1:  phy 0: parent 500304800107877f addr 5000cca252415f65\nses1: da16,pass18: Element descriptor: 'Slot 08'\nses1: da16,pass18: SAS Device Slot Element: 1 Phys at Slot 7\nses1:  phy 0: SAS device type 1 id 0\nses1:  phy 0: protocols: Initiator( None ) Target( SSP )\nses1:  phy 0: parent 500304800107877f addr 5000cca2521d8da5\nses1: da15,pass17: Element descriptor: 'Slot 09'\nses1: da15,pass17: SAS Device Slot Element: 1 Phys at Slot 8\nses1:  phy 0: SAS device type 1 id 0\nses1:  phy 0: protocols: Initiator( None ) Target( SSP )\nses1:  phy 0: parent 500304800107877f addr 5000cca2521de42d\nses1: da14,pass16: Element descriptor: 'Slot 10'\nses1: da14,pass16: SAS Device Slot Element: 1 Phys at Slot 9\nses1:  phy 0: SAS device type 1 id 0\nses1:  phy 0: protocols: Initiator( None ) Target( SSP )\nses1:  phy 0: parent 500304800107877f addr 5000cca252415f3d\nses1: da13,pass15: Element descriptor: 'Slot 11'\nses1: da13,pass15: SAS Device Slot Element: 1 Phys at Slot 10\nses1:  phy 0: SAS device type 1 id 0\nses1:  phy 0: protocols: Initiator( None ) Target( SSP )\nses1:  phy 0: parent 500304800107877f addr 5000cca2521e85a1\nses1: da5,pass5: Element descriptor: 'Slot 12'\nses1: da5,pass5: SAS Device Slot Element: 1 Phys at Slot 11\nses1:  phy 0: SAS device type 1 id 0\nses1:  phy 0: protocols: Initiator( None ) Target( SSP )\nses1:  phy 0: parent 500304800107877f addr 5000cca252176f71\nses1: da12,pass14: Element descriptor: 'Slot 13'\nses1: da12,pass14: SAS Device Slot Element: 1 Phys at Slot 12\nses1:  phy 0: SAS device type 1 id 0\nses1:  phy 0: protocols: Initiator( None ) Target( SSP )\nses1:  phy 0: parent 500304800107877f addr 5000cca2521e70c5\nses1: da11,pass13: Element descriptor: 'Slot 14'\nses1: da11,pass13: SAS Device Slot Element: 1 Phys at Slot 13\nses1:  phy 0: SAS device type 1 id 0\nses1:  phy 0: protocols: Initiator( None ) Target( SSP )\nses1:  phy 0: parent 500304800107877f addr 5000cca252171e9d\nses1: da10,pass10: Element descriptor: 'Slot 15'\nses1: da10,pass10: SAS Device Slot Element: 1 Phys at Slot 14\nses1:  phy 0: SAS device type 1 id 0\nses1:  phy 0: protocols: Initiator( None ) Target( SSP )\nses1:  phy 0: parent 500304800107877f addr 5000cca25216a3b5\nses1: da6,pass6: Element descriptor: 'Slot 16'\nses1: da6,pass6: SAS Device Slot Element: 1 Phys at Slot 15\nses1:  phy 0: SAS device type 1 id 0\nses1:  phy 0: protocols: Initiator( None ) Target( SSP )\nses1:  phy 0: parent 500304800107877f addr 5000cca25216e905\nses1: da3,pass3: Element descriptor: 'Slot 17'\nses1: da3,pass3: SAS Device Slot Element: 1 Phys at Slot 16\nses1:  phy 0: SAS device type 1 id 0\nses1:  phy 0: protocols: Initiator( None ) Target( SSP )\nses1:  phy 0: parent 500304800107877f addr 5000cca25215112d\nses1: da2,pass2: Element descriptor: 'Slot 18'\nses1: da2,pass2: SAS Device Slot Element: 1 Phys at Slot 17\nses1:  phy 0: SAS device type 1 id 0\nses1:  phy 0: protocols: Initiator( None ) Target( SSP )\nses1:  phy 0: parent 500304800107877f addr 5000cca2521595bd\nses1: da9,pass9: Element descriptor: 'Slot 19'\nses1: da9,pass9: SAS Device Slot Element: 1 Phys at Slot 18\nses1:  phy 0: SAS device type 1 id 0\nses1:  phy 0: protocols: Initiator( None ) Target( SSP )\nses1:  phy 0: parent 500304800107877f addr 5000cca252181fed\nses1: da8,pass8: Element descriptor: 'Slot 20'\nses1: da8,pass8: SAS Device Slot Element: 1 Phys at Slot 19\nses1:  phy 0: SAS device type 1 id 0\nses1:  phy 0: protocols: Initiator( None ) Target( SSP )\nses1:  phy 0: parent 500304800107877f addr 5000cca252170ee5\nses1: da7,pass7: Element descriptor: 'Slot 21'\nses1: da7,pass7: SAS Device Slot Element: 1 Phys at Slot 20\nses1:  phy 0: SAS device type 1 id 0\nses1:  phy 0: protocols: Initiator( None ) Target( SSP )\nses1:  phy 0: parent 500304800107877f addr 5000cca252415ef1\nses1: da4,pass4: Element descriptor: 'Slot 22'\nses1: da4,pass4: SAS Device Slot Element: 1 Phys at Slot 21\nses1:  phy 0: SAS device type 1 id 0\nses1:  phy 0: protocols: Initiator( None ) Target( SSP )\nses1:  phy 0: parent 500304800107877f addr 5000cca2522efb91\nses1: da1,pass1: Element descriptor: 'Slot 23'\nses1: da1,pass1: SAS Device Slot Element: 1 Phys at Slot 22\nses1:  phy 0: SAS device type 1 id 0\nses1:  phy 0: protocols: Initiator( None ) Target( SSP )\nses1:  phy 0: parent 500304800107877f addr 5000cca252123a65\nses1: da0,pass0: Element descriptor: 'Slot 24'\nses1: da0,pass0: SAS Device Slot Element: 1 Phys at Slot 23\nses1:  phy 0: SAS device type 1 id 0\nses1:  phy 0: protocols: Initiator( None ) Target( SSP )\nses1:  phy 0: parent 500304800107877f addr 5000cca2521eeac9\nTrying to mount root from zfs:zroot []...\nlo0: link state changed to UP\nigb0: link state changed to UP\nioat0: \u003cTBG IOAT Ch0\u003e mem 0xfadf0000-0xfadf3fff irq 43 at device 22.0 on pci0\nioat0: Capabilities: 77\u003cBlock_Fill,Move_CRC,DCA,Marker_Skipping,CRC,Page_Break\u003e\nioat1: \u003cTBG IOAT Ch1\u003e mem 0xfadec000-0xfadeffff irq 44 at device 22.1 on pci0\nioat1: Capabilities: 77\u003cBlock_Fill,Move_CRC,DCA,Marker_Skipping,CRC,Page_Break\u003e\nioat2: \u003cTBG IOAT Ch2\u003e mem 0xfade8000-0xfadebfff irq 45 at device 22.2 on pci0\nioat2: Capabilities: 77\u003cBlock_Fill,Move_CRC,DCA,Marker_Skipping,CRC,Page_Break\u003e\nioat3: \u003cTBG IOAT Ch3\u003e mem 0xfade4000-0xfade7fff irq 46 at device 22.3 on pci0\nioat3: Capabilities: 77\u003cBlock_Fill,Move_CRC,DCA,Marker_Skipping,CRC,Page_Break\u003e\nioat4: \u003cTBG IOAT Ch4\u003e mem 0xfade0000-0xfade3fff irq 43 at device 22.4 on pci0\nioat4: Capabilities: 77\u003cBlock_Fill,Move_CRC,DCA,Marker_Skipping,CRC,Page_Break\u003e\nioat5: \u003cTBG IOAT Ch5\u003e mem 0xfaddc000-0xfaddffff irq 44 at device 22.5 on pci0\nioat5: Capabilities: 77\u003cBlock_Fill,Move_CRC,DCA,Marker_Skipping,CRC,Page_Break\u003e\nioat6: \u003cTBG IOAT Ch6\u003e mem 0xfadd8000-0xfaddbfff irq 45 at device 22.6 on pci0\nioat6: Capabilities: 77\u003cBlock_Fill,Move_CRC,DCA,Marker_Skipping,CRC,Page_Break\u003e\nioat7: \u003cTBG IOAT Ch7\u003e mem 0xfadd4000-0xfadd7fff irq 46 at device 22.7 on pci0\nioat7: Capabilities: 77\u003cBlock_Fill,Move_CRC,DCA,Marker_Skipping,CRC,Page_Break\u003e\nums0 on uhub1\nums0: \u003cMouse Interface\u003e on usbus2\nSecurity policy loaded: MAC/ntpd (mac_ntpd)"
}