{
 "id": 544826,
 "bug_id": 144005,
 "attachment_id": 0,
 "creation_time": "2010-02-16T17:50:01Z",
 "creator": "dan@imp.ch",
 "text": "System Hangs after approx. 1 Week sometimes earlier sometimes later, then, there is no input or output and no logs.\n\nThe time of the freeze is typically random, it seems not to be bound to a high load or any special circumstances.\n\nThis is a client machine in a VMWare VCenter 4.0\n\nFreeBSD 8.0-RELEASE-p2 FreeBSD 8.0-RELEASE-p2 #7: Mon Feb  1 13:42:26 CET 2010     toor@dev6.imp.ch:/usr/obj/usr/src/sys/GENDDB  i386\n\nthis machine is running mysql, has sometimes 1600+ threads.\n\nmade a debugging kernel with following additions to generic:\n\noptions     KDB\noptions     DDB\noptions     INVARIANT_SUPPORT\noptions     INVARIANTS\noptions     ALT_BREAK_TO_DEBUGGER\noptions     DEBUG_VFS_LOCKS\noptions     WITNESS\n\nbut still can't get into kernel debugger (hot key relocated to control-shift-f6, which worked, normally).\n\noutput of dmesg:\n\nFreeBSD Host 8.0-RELEASE-p2 FreeBSD 8.0-RELEASE-p2 #7: Mon Feb  1 13:42:26 CET 2010     toor@dev6.imp.ch:/usr/obj/usr/src/sys/GENDDB  i386\n[root@mx5 ~]# uname -a\nFreeBSD mx5.imp.ch 8.0-RELEASE-p2 FreeBSD 8.0-RELEASE-p2 #7: Mon Feb  1 13:42:26 CET 2010     toor@dev6.imp.ch:/usr/obj/usr/src/sys/GENDDB  i386\n[root@mx5 ~]# uname -a\nFreeBSD mx5.imp.ch 8.0-RELEASE-p2 FreeBSD 8.0-RELEASE-p2 #7: Mon Feb  1 13:42:26 CET 2010     toor@dev6.imp.ch:/usr/obj/usr/src/sys/GENDDB  i386\n[root@mx5 ~]# dmesg | more\nCopyright (c) 1992-2009 The FreeBSD Project.\nCopyright (c) 1979, 1980, 1983, 1986, 1988, 1989, 1991, 1992, 1993, 1994\n        The Regents of the University of California. All rights reserved.\nFreeBSD is a registered trademark of The FreeBSD Foundation.\nFreeBSD 8.0-RELEASE-p2 #7: Mon Feb  1 13:42:26 CET 2010\n    toor@dev6.imp.ch:/usr/obj/usr/src/sys/GENDDB\nWARNING: WITNESS option enabled, expect reduced performance.\nTimecounter \"i8254\" frequency 1193182 Hz quality 0\nCPU: Intel(R) Xeon(R) CPU           X5460  @ 3.16GHz (3158.37-MHz 686-class CPU)\n  Origin = \"GenuineIntel\"  Id = 0x6f1  Stepping = 1\n  Features=0xfebfbff\u003cFPU,VME,DE,PSE,TSC,MSR,PAE,MCE,CX8,APIC,SEP,MTRR,PGE,MCA,CMOV,PAT,PSE36,CLFLUSH,DTS,ACPI,MMX,FXSR,SSE,SSE2,SS\u003e\n  Features2=0x2201\u003cSSE3,SSSE3,CX16\u003e\n  AMD Features=0x20100000\u003cNX,LM\u003e\n  AMD Features2=0x1\u003cLAHF\u003e\n  TSC: P-state invariant\nreal memory  = 4026531840 (3840 MB)\navail memory = 3932672000 (3750 MB)\nACPI APIC Table: \u003cPTLTD          APIC  \u003e\nFreeBSD/SMP: Multiprocessor System Detected: 4 CPUs\nFreeBSD/SMP: 1 package(s) x 4 core(s)\n cpu0 (BSP): APIC ID:  0\n cpu1 (AP): APIC ID:  1\n cpu2 (AP): APIC ID:  2\n cpu3 (AP): APIC ID:  3\nMADT: Forcing active-low polarity and level trigger for SCI\nioapic0 \u003cVersion 1.1\u003e irqs 0-23 on motherboard\nkbd1 at kbdmux0\nacpi0: \u003cINTEL 440BX\u003e on motherboard\nacpi0: [ITHREAD]\nacpi0: Power Button (fixed)\nTimecounter \"ACPI-safe\" frequency 3579545 Hz quality 850\nacpi_timer0: \u003c24-bit timer at 3.579545MHz\u003e port 0x1008-0x100b on acpi0\npcib0: \u003cACPI Host-PCI bridge\u003e port 0xcf8-0xcff on acpi0\npci0: \u003cACPI PCI bus\u003e on pcib0\npcib1: \u003cACPI PCI-PCI bridge\u003e at device 1.0 on pci0\npci1: \u003cACPI PCI bus\u003e on pcib1\nisab0: \u003cPCI-ISA bridge\u003e at device 7.0 on pci0\nisa0: \u003cISA bus\u003e on isab0\natapci0: \u003cIntel PIIX4 UDMA33 controller\u003e port 0x1f0-0x1f7,0x3f6,0x170-0x177,0x376,0x1060-0x106f at device 7.1 on pci0\nata0: \u003cATA channel 0\u003e on atapci0\nata0: [ITHREAD]\nata1: \u003cATA channel 1\u003e on atapci0\nata1: [ITHREAD]\npci0: \u003cbridge\u003e at device 7.3 (no driver attached)\nvgapci0: \u003cVGA-compatible display\u003e port 0x1070-0x107f mem 0xf8000000-0xfbffffff,0xf4000000-0xf47fffff at device 15.0 on pci0\nmpt0: \u003cLSILogic 1030 Ultra4 Adapter\u003e port 0x1080-0x10ff mem 0xf4860000-0xf4860fff irq 17 at device 16.0 on pci0\nmpt0: [ITHREAD]\nmpt0: MPI Version=1.2.0.0\nem0: \u003cIntel(R) PRO/1000 Network Connection 6.9.14\u003e port 0x1400-0x143f mem 0xf4820000-0xf483ffff,0xf4800000-0xf480ffff irq 18 at device 17.0 on pci0\nem0: Memory Access and/or Bus Master bits were not set!\nem0: [FILTER]\nem0: Ethernet address: 00:50:56:85:4a:8b\nem1: \u003cIntel(R) PRO/1000 Network Connection 6.9.14\u003e port 0x1440-0x147f mem 0xf4840000-0xf485ffff,0xf4810000-0xf481ffff irq 19 at device 18.0 on pci0\nem1: Memory Access and/or Bus Master bits were not set!\nem1: [FILTER]\nem1: Ethernet address: 00:50:56:85:31:fc\nacpi_acad0: \u003cAC Adapter\u003e on acpi0\natrtc0: \u003cAT realtime clock\u003e port 0x70-0x71 irq 8 on acpi0\natkbdc0: \u003cKeyboard controller (i8042)\u003e port 0x60,0x64 irq 1 on acpi0\natkbd0: \u003cAT Keyboard\u003e irq 1 on atkbdc0\nkbd0 at atkbd0\natkbd0: [GIANT-LOCKED]\natkbd0: [ITHREAD]\npsm0: \u003cPS/2 Mouse\u003e irq 12 on atkbdc0\npsm0: [GIANT-LOCKED]\npsm0: [ITHREAD]\npsm0: model IntelliMouse, device ID 3\nppc0: \u003cParallel port\u003e port 0x378-0x37f irq 7 on acpi0\nppc0: Generic chipset (NIBBLE-only) in COMPATIBLE mode\nppc0: [ITHREAD]\nppbus0: \u003cParallel port bus\u003e on ppc0\nplip0: \u003cPLIP network interface\u003e on ppbus0\nplip0: [ITHREAD]\nlpt0: \u003cPrinter\u003e on ppbus0\nlpt0: [ITHREAD]\nlpt0: Interrupt-driven port\nppi0: \u003cParallel I/O\u003e on ppbus0\nuart0: \u003c16550 or compatible\u003e port 0x3f8-0x3ff irq 4 on acpi0\nuart0: [FILTER]\nuart1: \u003c16550 or compatible\u003e port 0x2f8-0x2ff irq 3 on acpi0\nuart1: [FILTER]\nfdc0: \u003cfloppy drive controller\u003e port 0x3f0-0x3f5,0x3f7 irq 6 drq 2 on acpi0\nfdc0: [FILTER]\ncpu0: \u003cACPI CPU\u003e on acpi0\nacpi_throttle0: \u003cACPI CPU Throttling\u003e on cpu0\ncpu1: \u003cACPI CPU\u003e on acpi0\nacpi_throttle1: \u003cACPI CPU Throttling\u003e on cpu1\nacpi_throttle1: failed to attach P_CNT\ndevice_attach: acpi_throttle1 attach returned 6\ncpu2: \u003cACPI CPU\u003e on acpi0\nacpi_throttle2: \u003cACPI CPU Throttling\u003e on cpu2\nacpi_throttle2: failed to attach P_CNT\ndevice_attach: acpi_throttle2 attach returned 6\ncpu3: \u003cACPI CPU\u003e on acpi0\nacpi_throttle3: \u003cACPI CPU Throttling\u003e on cpu3\nacpi_throttle3: failed to attach P_CNT\ndevice_attach: acpi_throttle3 attach returned 6\npmtimer0 on isa0\norm0: \u003cISA Option ROMs\u003e at iomem 0xc0000-0xc7fff,0xca000-0xcafff,0xcb000-0xcbfff,0xdc000-0xdffff,0xe0000-0xe3fff pnpid ORM0000 on isa0\nsc0: \u003cSystem console\u003e at flags 0x100 on isa0\nsc0: VGA \u003c16 virtual consoles, flags=0x300\u003e\nvga0: \u003cGeneric ISA VGA\u003e at port 0x3c0-0x3df iomem 0xa0000-0xbffff on isa0\nTimecounters tick every 10.000 msec\nWaiting 5 seconds for SCSI devices to settle\nacd0: CDROM \u003cVMware Virtual IDE CDROM Drive/00000001\u003e at ata0-master UDMA33\nfdc0: ready for output in input\nfdc0: ready for output in input\nfdc0: ready for output in input\nfdc0: ready for output in input\nfdc0: ready for output in input\nfdc0: ready for output in input\nfdc0: ready for output in input\nfdc0: ready for output in input\nda0 at mpt0 bus 0 target 0 lun 0\nda0: \u003cVMware Virtual disk 1.0\u003e Fixed Direct Access SCSI-2 device \nda0: 320.000MB/s transfers (160.000MHz, offset 127, 16bit)\nda0: Command Queueing enabled\nda0: 20480MB (41943040 512 byte sectors: 255H 63S/T 2610C)\nda1 at mpt0 bus 0 target 1 lun 0\nda1: \u003cVMware Virtual disk 1.0\u003e Fixed Direct Access SCSI-2 device \nda1: 320.000MB/s transfers (160.000MHz, offset 127, 16bit)\nda1: Command Queueing enabled\nda1: 2048MB (4194304 512 byte sectors: 255H 63S/T 261C)\nda2 at mpt0 bus 0 target 2 lun 0\nda2: \u003cVMware Virtual disk 1.0\u003e Fixed Direct Access SCSI-2 device \nda2: 320.000MB/s transfers (160.000MHz, offset 127, 16bit)\nda2: Command Queueing enabled\nda2: 2048MB (4194304 512 byte sectors: 255H 63S/T 261C)\nda3 at mpt0 bus 0 target 3 lun 0\nda3: \u003cVMware Virtual disk 1.0\u003e Fixed Direct Access SCSI-2 device \nda3: 320.000MB/s transfers (160.000MHz, offset 127, 16bit)\nda3: Command Queueing enabled\nda3: 61440MB (125829120 512 byte sectors: 255H 63S/T 7832C)\nda4 at mpt0 bus 0 target 4 lun 0\nda4: \u003cVMware Virtual disk 1.0\u003e Fixed Direct Access SCSI-2 device \nda4: 320.000MB/s transfers (160.000MHz, offset 127, 16bit)\nda4: Command Queueing enabled\nda4: 30720MB (62914560 512 byte sectors: 255H 63S/T 3916C)\nSMP: AP CPU #2 Launched!\nSMP: AP CPU #1 Launched!\nSMP: AP CPU #3 Launched!\nWARNING: WITNESS option enabled, expect reduced performance.\nTrying to mount root from ufs:/dev/da0s1a\nWARNING: / was not properly dismounted\nWARNING: /tmp was not properly dismounted\nWARNING: /var was not properly dismounted\n/var: mount pending error: blocks 17900 files 94\nWARNING: /idms was not properly dismounted\nlock order reversal:\n 1st 0xdb8f55e0 bufwait (bufwait) @ /usr/src/sys/kern/vfs_bio.c:2559\n 2nd 0xc7dbf400 dirhash (dirhash) @ /usr/src/sys/ufs/ufs/ufs_dirhash.c:285\nKDB: stack backtrace:\ndb_trace_self_wrapper(c0c70601,ea0aea74,c08bb055,c08abe7b,c0c7348e,...) at db_trace_self_wrapper+0x26\nkdb_backtrace(c08abe7b,c0c7348e,c792c008,c792f2d0,ea0aead0,...) at kdb_backtrace+0x29\n_witness_debugger(c0c7348e,c7dbf400,c0c94d77,c792f2d0,c0c94a10,...) at _witness_debugger+0x25\nwitness_checkorder(c7dbf400,9,c0c94a10,11d,0,...) at witness_checkorder+0x839\n_sx_xlock(c7dbf400,0,c0c94a10,11d,dbe37364,...) at _sx_xlock+0x85\nufsdirhash_acquire(0,e,c7e09800,db8f5580,dbe37364,...) at ufsdirhash_acquire+0x48\nufsdirhash_remove(c7e58d24,dbe37364,364,ea0aeb60,ea0aeb5c,...) at ufsdirhash_remove+0x14\nufs_dirremove(c7bc3c90,c7fa29f8,500800c,0,c7bc3c90,...) at ufs_dirremove+0xe5\nufs_remove(ea0aec34,c0ca9ea0,0,0,c83ef430,...) at ufs_remove+0x6e\nVOP_REMOVE_APV(c0d73f80,ea0aec34,c83ef430,ea0aec0c,bfbfef62,...) at VOP_REMOVE_APV+0xf6\nkern_unlinkat(c7fbb480,ffffff9c,bfbfef62,0,ea0aec80,...) at kern_unlinkat+0x181\nkern_unlink(c7fbb480,bfbfef62,0,ea0aed2c,c0bac083,...) at kern_unlink+0x27\nunlink(c7fbb480,ea0aecf8,4,c0c73d2b,c0d52998,...) at unlink+0x22\nsyscall(ea0aed38) at syscall+0x2a3\nXint0x80_syscall() at Xint0x80_syscall+0x20\n--- syscall (10, FreeBSD ELF32, unlink), eip = 0x2814fa7f, esp = 0xbfbfe51c, ebp = 0xbfbfeda8 ---\nlock order reversal:\n 1st 0xc83f8bdc ufs (ufs) @ /usr/src/sys/kern/vfs_mount.c:1054\n 2nd 0xc7fa4ce8 devfs (devfs) @ /usr/src/sys/kern/vfs_subr.c:2083\nKDB: stack backtrace:\ndb_trace_self_wrapper(c0c70601,c77d2814,c08bb055,c08abe7b,c0c7348e,...) at db_trace_self_wrapper+0x26\nkdb_backtrace(c08abe7b,c0c7348e,c792f268,c792f198,c77d2870,...) at kdb_backtrace+0x29\n_witness_debugger(c0c7348e,c7fa4ce8,c0c62468,c792f198,c0c7a714,...) at _witness_debugger+0x25\nwitness_checkorder(c7fa4ce8,9,c0c7a714,823,0,...) at witness_checkorder+0x839\n__lockmgr_args(c7fa4ce8,80100,c7fa4d04,0,0,...) at __lockmgr_args+0x7a7\nvop_stdlock(c77d2978,c08badfb,c0c62699,80100,c7fa4c90,...) at vop_stdlock+0x62\nVOP_LOCK1_APV(c0d4f640,c77d2978,c7b549a4,c0d8ca80,c7fa4c90,...) at VOP_LOCK1_APV+0xb5\n_vn_lock(c7fa4c90,80100,c0c7a714,823,8,...) at _vn_lock+0x78\nvget(c7fa4c90,80100,c7b54900,15e,c0c625bb,...) at vget+0xb9\ndevfs_allocv(c7dd5080,c83ffc94,c77d2a10,9d,c0f2dab8,...) at devfs_allocv+0x102\ndevfs_root(c83ffc94,80000,c77d2c30,42c,0,...) at devfs_root+0x4a\nvfs_donmount(c7b54900,0,c7c84c80,c7c84c80,bfbfde51,...) at vfs_donmount+0x14c2\nnmount(c7b54900,c77d2cf8,c,c7b54900,c0d551d8,...) at nmount+0x75\nsyscall(c77d2d38) at syscall+0x2a3\nXint0x80_syscall() at Xint0x80_syscall+0x20\n--- syscall (378, FreeBSD ELF32, nmount), eip = 0x280d246b, esp = 0xbfbfde2c, ebp = 0xbfbfe388 ---\nLimiting closed port RST response from 248 to 200 packets/sec\nLimiting closed port RST response from 335 to 200 packets/sec\nLimiting closed port RST response from 305 to 200 packets/sec\nLimiting closed port RST response from 248 to 200 packets/sec\nLimiting closed port RST response from 281 to 200 packets/sec\nLimiting closed port RST response from 323 to 200 packets/sec\nLimiting closed port RST response from 239 to 200 packets/sec\nLimiting closed port RST response from 276 to 200 packets/sec\nLimiting closed port RST response from 263 to 200 packets/sec\npid 1873 (sshd) is using legacy pty devices - not logging anymore\nLimiting closed port RST response from 253 to 200 packets/sec\nlock order reversal:\n 1st 0xc9a6e058 ufs (ufs) @ /usr/src/sys/ufs/ffs/ffs_snapshot.c:423\n 2nd 0xdba7cd20 bufwait (bufwait) @ /usr/src/sys/kern/vfs_bio.c:2559\n 3rd 0xc7ec8ce8 ufs (ufs) @ /usr/src/sys/ufs/ffs/ffs_snapshot.c:544\nKDB: stack backtrace:\ndb_trace_self_wrapper(c0c70601,c77da40c,c08bb055,c08abe7b,c0c734a7,...) at db_trace_self_wrapper+0x26\nkdb_backtrace(c08abe7b,c0c734a7,c792c008,c792f268,c77da468,...) at kdb_backtrace+0x29\n_witness_debugger(c0c734a7,c7ec8ce8,c0c66067,c792f268,c0c9280e,...) at _witness_debugger+0x25\nwitness_checkorder(c7ec8ce8,9,c0c9280e,220,0,...) at witness_checkorder+0x839\n__lockmgr_args(c7ec8ce8,80100,c7ec8d04,0,0,...) at __lockmgr_args+0x7a7\nffs_lock(c77da574,c0ef0c28,c7e699a4,80100,c7ec8c90,...) at ffs_lock+0x9e\nVOP_LOCK1_APV(c0d73f80,c77da574,c77da594,c0d8ca80,c7ec8c90,...) at VOP_LOCK1_APV+0xb5\n_vn_lock(c7ec8c90,80100,c0c9280e,220,c795a700,...) at _vn_lock+0x78\nffs_snapshot(c7e4ea10,c7dab920,c0c94215,15f,c0c79a46,...) at ffs_snapshot+0x150b\nffs_mount(c7e4ea10,0,c0c79f33,3d2,0,...) at ffs_mount+0x14aa\nvfs_donmount(c7e69900,1211000,c86ac380,c86ac380,1211000,...) at vfs_donmount+0x1012\nnmount(c7e69900,c77dacf8,c,c7e69900,c0d551d8,...) at nmount+0x75\nsyscall(c77dad38) at syscall+0x2a3\nXint0x80_syscall() at Xint0x80_syscall+0x20\n--- syscall (378, FreeBSD ELF32, nmount), eip = 0x280d746b, esp = 0xbfbfeacc, ebp = 0xbfbfee28 ---\nlock order reversal:\n 1st 0xdba7cd20 bufwait (bufwait) @ /usr/src/sys/kern/vfs_bio.c:2559\n 2nd 0xc905e3dc snaplk (snaplk) @ /usr/src/sys/ufs/ffs/ffs_snapshot.c:793\nKDB: stack backtrace:\ndb_trace_self_wrapper(c0c70601,c77da40c,c08bb055,c08abe7b,c0c7348e,...) at db_trace_self_wrapper+0x26\nkdb_backtrace(c08abe7b,c0c7348e,c792c008,c792fa20,c77da468,...) at kdb_backtrace+0x29\n_witness_debugger(c0c7348e,c905e3dc,c0c92891,c792fa20,c0c9280e,...) at _witness_debugger+0x25\nwitness_checkorder(c905e3dc,9,c0c9280e,319,c9a6e074,...) at witness_checkorder+0x839\n__lockmgr_args(c905e3dc,80400,c9a6e074,0,0,...) at __lockmgr_args+0x7a7\nffs_lock(c77da574,0,0,80400,c9a6e000,...) at ffs_lock+0x9e\nVOP_LOCK1_APV(c0d73f80,c77da574,c191a330,c0d8ca80,c9a6e000,...) at VOP_LOCK1_APV+0xb5\n_vn_lock(c9a6e000,80400,c0c9280e,319,0,...) at _vn_lock+0x78\nffs_snapshot(c7e4ea10,c7dab920,c0c94215,15f,c0c79a46,...) at ffs_snapshot+0x28c6\nffs_mount(c7e4ea10,0,c0c79f33,3d2,0,...) at ffs_mount+0x14aa\nvfs_donmount(c7e69900,1211000,c86ac380,c86ac380,1211000,...) at vfs_donmount+0x1012\nnmount(c7e69900,c77dacf8,c,c7e69900,c0d551d8,...) at nmount+0x75\nsyscall(c77dad38) at syscall+0x2a3\nXint0x80_syscall() at Xint0x80_syscall+0x20\n--- syscall (378, FreeBSD ELF32, nmount), eip = 0x280d746b, esp = 0xbfbfeacc, ebp = 0xbfbfee28 ---\nlock order reversal:\n 1st 0xc905e3dc snaplk (snaplk) @ /usr/src/sys/kern/vfs_vnops.c:296\n 2nd 0xc9a6e058 ufs (ufs) @ /usr/src/sys/ufs/ffs/ffs_snapshot.c:1587\nKDB: stack backtrace:\ndb_trace_self_wrapper(c0c70601,c77da8b4,c08bb055,c08abe7b,c0c7348e,...) at db_trace_self_wrapper+0x26\nkdb_backtrace(c08abe7b,c0c7348e,c792fa20,c792f268,c77da910,...) at kdb_backtrace+0x29\n_witness_debugger(c0c7348e,c9a6e058,c0c66067,c792f268,c0c9280e,...) at _witness_debugger+0x25\nwitness_checkorder(c9a6e058,9,c0c9280e,633,0,...) at witness_checkorder+0x839\n__lockmgr_args(c9a6e058,80000,0,0,0,...) at __lockmgr_args+0x7a7\nffs_snapremove(c9a6e000,c7e4ea10,0,c0c7bb58,41d,...) at ffs_snapremove+0x11f\nsoftdep_releasefile(c873e15c,c77daa98,2,c7e699a4,c9a6e000,...) at softdep_releasefile+0x3b\nufs_inactive(c77daadc,c0ca9c14,c9a6e074,c9a6e074,c9a6e000,...) at ufs_inactive+0x1bc\nVOP_INACTIVE_APV(c0d73f80,c77daadc,c0c7a714,924,c0d8ca40,...) at VOP_INACTIVE_APV+0xc5\nvinactive(c0d73f80,c77dab10,c0c7a714,8aa,c9a6e000,...) at vinactive+0xae\nvput(c9a6e000,c77dab4c,c0c7bb58,128,0,...) at vput+0x1dd\nvn_close(c9a6e000,1,c796b400,c7e69900,0,...) at vn_close+0x19a\nvn_closefile(c8400d20,c7e69900,3,0,c8400d20,...) at vn_closefile+0xe4\n_fdrop(c8400d20,c7e69900,c77dac18,c08bae9c,0,c7e699a4,c0ef0bf8,c0d5bd50,c0c67d9b,c873612c,45b,c0c67d9b,c77dac40,c0881d80,c873612c,8,c0c67d9b,45b) at _fdrop+0x43\nclosef(c8400d20,c7e69900,45b,440,c873612c,...) at closef+0x290\nkern_close(c7e69900,4,c77dad2c,c0bac083,c7e69900,...) at kern_close+0x117\nclose(c7e69900,c77dacf8,4,c0c74283,c0d52928,...) at close+0x1a\nsyscall(c77dad38) at syscall+0x2a3\nXint0x80_syscall() at Xint0x80_syscall+0x20\n--- syscall (6, FreeBSD ELF32, close), eip = 0x2816e283, esp = 0xbfbfeacc, ebp = 0xbfbfee28 ---"
}