{
 "id": 999935,
 "bug_id": 229422,
 "attachment_id": 0,
 "creation_time": "2018-06-30T21:48:19Z",
 "creator": "iwama@t3.rim.or.jp",
 "text": "The log booted with 11.1-RELEASE disc1 disc are below:\n\n{1} ok reset-all\nSC Alert: Host System has Reset\n\nProbing system devices\nProbing memory\nProbing I/O buses\nscreen not found.\nkeyboard not found.\nKeyboard not present.  Using ttya for input and output.\nProbing system devices\nProbing memory\nProbing I/O buses\n\n\nSun Fire V245, No Keyboard\nCopyright 2006 Sun Microsystems, Inc.  All rights reserved.\nOpenBoot 4.22.22, 16384 MB memory installed, Serial #XXXXXXXX.\nEthernet address 0:14:4f:XX:XX:XX, Host ID: XXXXXXXX.\n\n\n\n\n{1} ok probe-scsi-all\n/pci@1e,600000/pci@0/pci@a/pci@0/pci@8/scsi@1\n\nMPT Version 1.05, Firmware Version 1.08.04.00\n\nTarget 0\nUnit 0   Disk     HITACHI H106030SDSUN300GA2B0    585937500 Blocks, 300 GB\n  SASAddress 5000cca0123b5619  PhyNum 0\nTarget 1\nUnit 0   Disk     SEAGATE ST930003SSUN300G0B70    585937500 Blocks, 300 GB\n  SASAddress 5000c50033aa3a69  PhyNum 1\nTarget 2\nUnit 0   Disk     HITACHI H106030SDSUN300GA2B0    585937500 Blocks, 300 GB\n  SASAddress 5000cca0123b3391  PhyNum 2\nTarget 3\nUnit 0   Disk     SEAGATE ST930003SSUN300G0B70    585937500 Blocks, 300 GB\n  SASAddress 5000c50033aacf89  PhyNum 3\n\n{1} ok probe-ide\n  Device 0  ( Primary Master )\n         Removable ATAPI Model: MATSHITADVD-RAM UJ-85JS\n\n  Device 1  ( Primary Slave )\n         Not Present\n\n  Device 2  ( Secondary Master )\n         Not Present\n\n  Device 3  ( Secondary Slave )\n         Not Present\n\n{1} ok devalias\nnet                      /pci@1e,600000/pci@0/pci@9/pci@0/network@4\nnet0                     /pci@1e,600000/pci@0/pci@9/pci@0/network@4\nnet1                     /pci@1e,600000/pci@0/pci@9/pci@0/network@4,1\nnet2                     /pci@1e,600000/pci@0/pci@a/pci@0/network@4\nnet3                     /pci@1e,600000/pci@0/pci@a/pci@0/network@4,1\ncdrom                    /pci@1e,600000/pci@0/pci@1/pci@0/ide@1f/cdrom@0,0:f\nide                      /pci@1e,600000/pci@0/pci@1/pci@0/ide@1f\ndisk                     /pci@1e,600000/pci@0/pci@a/pci@0/pci@8/scsi@1/disk@0,0\ndisk0                    /pci@1e,600000/pci@0/pci@a/pci@0/pci@8/scsi@1/disk@0,0\ndisk1                    /pci@1e,600000/pci@0/pci@a/pci@0/pci@8/scsi@1/disk@1,0\ndisk2                    /pci@1e,600000/pci@0/pci@a/pci@0/pci@8/scsi@1/disk@2,0\ndisk3                    /pci@1e,600000/pci@0/pci@a/pci@0/pci@8/scsi@1/disk@3,0\nscsi                     /pci@1e,600000/pci@0/pci@a/pci@0/pci@8/scsi@1\nttya                     /ebus@1f,464000/serial@2,80\nttyb                     /ebus@1f,464000/serial@2,40\nsc-control               /ebus@1f,464000/rmc-comm@2,0\nname                     aliases\n{1} ok boot cdrom\nBoot device: /pci@1e,600000/pci@0/pci@1/pci@0/ide@1f/cdrom@0,0:f  File and args:\n\n\u003e\u003e FreeBSD/sparc64 boot block\n   Boot path:   /pci@1e,600000/pci@0/pci@1/pci@0/ide@1f/cdrom@0,0:f\n   Boot loader: /boot/loader\nConsoles: Open Firmware console\n\nFreeBSD/sparc64 bootstrap loader, Revision 1.0\n(Fri Jul 21 08:44:40 UTC 2017 root@releng2.nyi.freebsd.org)\nbootpath=\"/pci@1e,600000/pci@0/pci@1/pci@0/ide@1f/cdrom@0,0:a\"\nLoading /boot/defaults/loader.conf\n/boot/kernel/kernel data=0xc47740+0xf4078 syms=[0x8+0xd5a38+0x8+0xc746a]\n|\nHit [Enter] to boot immediately, or any other key for command prompt.\nBooting [/boot/kernel/kernel]...\njumping to kernel entry at 0xc00b0000.\nCopyright (c) 1992-2017 The FreeBSD Project.\nCopyright (c) 1979, 1980, 1983, 1986, 1988, 1989, 1991, 1992, 1993, 1994\n        The Regents of the University of California. All rights reserved.\nFreeBSD is a registered trademark of The FreeBSD Foundation.\nFreeBSD 11.1-RELEASE #0 r321309: Fri Jul 21 08:46:54 UTC 2017\n    root@releng2.nyi.freebsd.org:/usr/obj/sparc64.sparc64/usr/src/sys/GENERIC sparc64\ngcc version 4.2.1 20070831 patched [FreeBSD]\nreal memory  = 17179869184 (16384 MB)\navail memory = 16830537728 (16050 MB)\ncpu0: Sun Microsystems UltraSparc-IIIi Processor (1504.00 MHz CPU)\ncpu1: Sun Microsystems UltraSparc-IIIi Processor (1504.00 MHz CPU)\nFreeBSD/SMP: Multiprocessor System Detected: 2 CPUs\nrandom: entropy device external interface\nkbd0 at kbdmux0\nnexus0: \u003cOpen Firmware Nexus device\u003e\npcib0: \u003cSun Host-PCIe bridge\u003e mem 0x4000f600000-0x4000f6effff,0x4000f410000-0x4000f473fff irq 1983,1982 on nexus0\npcib0: Fire, module-revision 3, IGN 0x1e\nTimecounter \"pcib0\" frequency 188000000 Hz quality 100\npcib0: DVMA map: 0xc0000000 to 0xffffffff 131072 entries\npci0: \u003cOFW PCI bus\u003e on pcib0\npcib1: \u003cOFW PCIe-PCIe bridge\u003e mem 0x100000-0x11ffff at device 0.0 on pci0\npci1: \u003cOFW PCI bus\u003e on pcib1\npcib2: \u003cOFW PCIe-PCIe bridge\u003e at device 1.0 on pci1\npci2: \u003cOFW PCI bus\u003e on pcib2\npcib3: \u003cOFW PCIe-PCIe bridge\u003e at device 0.0 on pci2\npci3: \u003cOFW PCI bus\u003e on pcib3\npcib4: \u003cOFW PCIe-PCIe bridge\u003e at device 2.0 on pci1\npci4: \u003cOFW PCI bus\u003e on pcib4\npcib5: \u003cOFW PCIe-PCIe bridge\u003e at device 8.0 on pci1\npci5: \u003cOFW PCI bus\u003e on pcib5\npcib6: \u003cOFW PCIe-PCIe bridge\u003e at device 9.0 on pci1\npci6: \u003cOFW PCI bus\u003e on pcib6\npcib7: \u003cOFW PCIe-PCIe bridge\u003e at device 0.0 on pci6\npci7: \u003cOFW PCI bus\u003e on pcib7\npcib8: \u003cOFW PCIe-PCI bridge\u003e at device 8.0 on pci7\npci8: \u003cOFW PCI bus\u003e on pcib8\npcib9: \u003cOFW PCIe-PCIe bridge\u003e at device 10.0 on pci1\npci9: \u003cOFW PCI bus\u003e on pcib9\npcib10: \u003cOFW PCIe-PCIe bridge\u003e at device 0.0 on pci9\npci10: \u003cOFW PCI bus\u003e on pcib10\npcib11: \u003cOFW PCIe-PCI bridge\u003e at device 8.0 on pci10\npci11: \u003cOFW PCI bus\u003e on pcib11\npcib12: \u003cSun Host-PCIe bridge\u003e mem 0x4000ff00000-0x4000ffeffff,0x4000fc10000-0x4000fc73fff irq 2047,2046 on nexus0\npcib12: Fire, module-revision 3, IGN 0x1f\npcib12: DVMA map: 0xc0000000 to 0xffffffff 131072 entries\npci12: \u003cOFW PCI bus\u003e on pcib12\npcib13: \u003cOFW PCIe-PCIe bridge\u003e at device 0.0 on pci12\npci13: \u003cOFW PCI bus\u003e on pcib13\npcib14: \u003cOFW PCIe-PCIe bridge\u003e at device 0.2 on pci12\npci14: \u003cOFW PCI bus\u003e on pcib14\nebus0: \u003cJBus-EBus bridge\u003e mem 0x4000fc64000-0x4000fc6401f on nexus0\nnexus0: \u003cmemory-controller\u003e mem 0x40000000000-0x40000000007 type memory-controller (no driver attached)\nnexus0: \u003cmemory-controller\u003e mem 0x40000800000-0x40000800007 type memory-controller (no driver attached)\nohci0: \u003cAcerLabs M5237 (Aladdin-V) USB controller\u003e mem 0x1000000-0x1000fff at device 28.0 on pci3\nusbus0 on ohci0\nohci1: \u003cAcerLabs M5237 (Aladdin-V) USB controller\u003e mem 0x2000000-0x2000fff at device 28.1 on pci3\nusbus1 on ohci1\nehci0: \u003cALi M5239 USB 2.0 controller\u003e mem 0x200000-0x2000ff at device 28.3 on pci3\nusbus2: EHCI version 1.0\nusbus2 on ehci0\nisab0: \u003cPCI-ISA bridge\u003e at device 30.0 on pci3\nisa0: \u003cISA bus\u003e on isab0\natapci0: \u003cAcerLabs M5229 UDMA133 controller\u003e port 0x1040-0x1047,0x1080-0x1083,0x10c0-0x10c7,0x1100-0x1103,0x1000-0x100f at device 31.0 on pci3\nata2: \u003cATA channel\u003e at channel 0 on atapci0\nata3: \u003cATA channel\u003e at channel 1 on atapci0\nbge0: \u003cBroadcom BCM5715 A3, ASIC rev. 0x009003\u003e mem 0x4200000-0x420ffff,0x4010000-0x401ffff at device 4.0 on pci7\nbge0: CHIP ID 0x00009003; ASIC REV 0x09; CHIP REV 0x90; PCI-X 133 MHz\nmiibus0: \u003cMII bus\u003e on bge0\nbrgphy0: \u003cBCM5714 1000BASE-T media interface\u003e PHY 1 on miibus0\nbrgphy0:  10baseT, 10baseT-FDX, 100baseTX, 100baseTX-FDX, 1000baseT, 1000baseT-master, 1000baseT-FDX, 1000baseT-FDX-master, auto, auto-flow\nbge0: Ethernet address: 00:14:4f:a9:58:9e\nbge1: \u003cBroadcom BCM5715 A3, ASIC rev. 0x009003\u003e mem 0x4400000-0x440ffff,0x4030000-0x403ffff at device 4.1 on pci7\nbge1: CHIP ID 0x00009003; ASIC REV 0x09; CHIP REV 0x90; PCI-X 133 MHz\nmiibus1: \u003cMII bus\u003e on bge1\nbrgphy1: \u003cBCM5714 1000BASE-T media interface\u003e PHY 1 on miibus1\nbrgphy1:  10baseT, 10baseT-FDX, 100baseTX, 100baseTX-FDX, 1000baseT, 1000baseT-master, 1000baseT-FDX, 1000baseT-FDX-master, auto, auto-flow\nbge1: Ethernet address: 00:14:4f:a9:58:9f\nbge2: \u003cBroadcom BCM5715 A3, ASIC rev. 0x009003\u003e mem 0x4800000-0x480ffff,0x4610000-0x461ffff at device 4.0 on pci10\nbge2: CHIP ID 0x00009003; ASIC REV 0x09; CHIP REV 0x90; PCI-X 133 MHz\nmiibus2: \u003cMII bus\u003e on bge2\nbrgphy2: \u003cBCM5714 1000BASE-T media interface\u003e PHY 1 on miibus2\nbrgphy2:  10baseT, 10baseT-FDX, 100baseTX, 100baseTX-FDX, 1000baseT, 1000baseT-master, 1000baseT-FDX, 1000baseT-FDX-master, auto, auto-flow\nbge2: Ethernet address: 00:14:4f:a9:58:a0\nbge3: \u003cBroadcom BCM5715 A3, ASIC rev. 0x009003\u003e mem 0x4a00000-0x4a0ffff,0x4630000-0x463ffff at device 4.1 on pci10\nbge3: CHIP ID 0x00009003; ASIC REV 0x09; CHIP REV 0x90; PCI-X 133 MHz\nmiibus3: \u003cMII bus\u003e on bge3\nbrgphy3: \u003cBCM5714 1000BASE-T media interface\u003e PHY 1 on miibus3\nbrgphy3:  10baseT, 10baseT-FDX, 100baseTX, 100baseTX-FDX, 1000baseT, 1000baseT-master, 1000baseT-FDX, 1000baseT-FDX-master, auto, auto-flow\nbge3: Ethernet address: 00:14:4f:a9:58:a1\nmpt0: \u003cLSILogic SAS/SATA Adapter\u003e port 0x2000-0x20ff mem 0x4c00000-0x4c03fff,0x4c10000-0x4c1ffff at device 1.0 on pci11\nmpt0: MPI Version=1.5.12.0\nmpt0: Capabilities: ( RAID-0 RAID-1E RAID-1 )\nmpt0: 0 Active Volumes (2 Max)\nmpt0: 0 Hidden Drive Members (10 Max)\nebus0: \u003cflashprom\u003e addr 0-0x1fffff (no driver attached)\nuart0: console (9600,n,8,1)\u003e addr 0x200000080-0x200000087 irq 1992 on ebus0\nuart1: \u003c16550 or compatible\u003e addr 0x200000040-0x200000047 irq 1993 on ebus0\nebus0: \u003crmc-comm\u003e addr 0x200000000-0x200000007 irq 1994 (no driver attached)\nebus0: \u003cgpio\u003e addr 0x2000000c0 (no driver attached)\nepic0: \u003cSun Fire V215/V245 LEDs\u003e addr 0x300000000-0x300000080 on ebus0\nebus0: \u003cpower\u003e addr 0x300000040-0x3000000c1 irq 1987 (no driver attached)\nnexus0: \u003ci2c\u003e mem 0x4000fd30000-0x4000fd3003f irq 1985 type i2c (no driver attached)\ncryptosoft0: \u003csoftware crypto\u003e on nexus0\nnexus0: \u003csyscons\u003e type unknown (no driver attached)\nrtc0: \u003cReal-Time Clock\u003e at port 0x70-0x73 on isa0\nTimecounter \"tick\" frequency 1504000000 Hz quality 10\nTimecounter \"stick\" frequency 20000000 Hz quality 10\nEvent timer \"tick\" frequency 1504000000 Hz quality 1000\nTimecounters tick every 1.000 msec\nusbus0: 12Mbps Full Speed USB v1.0\nusbus1: 12Mbps Full Speed USB v1.0\nugen0.1: \u003cAcerLabs OHCI root HUB\u003e at usbus0\nuhub0: \u003cAcerLabs OHCI root HUB, class 9/0, rev 1.00/1.00, addr 1\u003e on usbus0\nugen1.1: \u003cAcerLabs OHCI root HUB\u003e at usbus1\nuhub1: \u003cAcerLabs OHCI root HUB, class 9/0, rev 1.00/1.00, addr 1\u003e on usbus1\nusbus2: 480Mbps High Speed USB v2.0\nugen2.1: \u003cAcerLabs EHCI root HUB\u003e at usbus2\nuhub2: \u003cAcerLabs EHCI root HUB, class 9/0, rev 2.00/1.00, addr 1\u003e on usbus2\nda0 at mpt0 bus 0 scbus2 target 0 lun 0\nuhub0: 3 ports with 3 removable, self powered\nuhub1: 3 ports with 3 removable, self powered\nda0: \u003cHITACHI H106030SDSUN300G A2B0\u003e Fixed Direct Access SPC-4 SCSI device\nda0: Serial Number 001114N1MM6B        PMH1MM6B\nda0: 300.000MB/s transfers\nda0: Command Queueing enabled\nda0: 286102MB (585937500 512 byte sectors)\nda1 at mpt0 bus 0 scbus2 target 1 lun 0\nda1: \u003cSEAGATE ST930003SSUN300G 0B70\u003e Fixed Direct Access SPC-3 SCSI device\nda1: Serial Number 001109734E4D        6SE34E4D\nda1: 300.000MB/s transfers\nda1: Command Queueing enabled\nda1: 286102MB (585937500 512 byte sectors)\nda2 at mpt0 bus 0 scbus2 target 2 lun 0\nda2: \u003cHITACHI H106030SDSUN300G A2B0\u003e Fixed Direct Access SPC-4 SCSI device\nda2: Serial Number 001114N1K9XB        PMH1K9XB\nda2: 300.000MB/s transfers\nda2: Command Queueing enabled\nda2: 286102MB (585937500 512 byte sectors)\nSMP: AP CPU #1 Launched!\nda3 at mpt0 bus 0 scbus2 target 3 lun 0\nTrying to mount root from cd9660:/dev/iso9660/11_1_RELEASE_SPARC64_CD [ro]...\nda3: \u003cSEAGATE ST930003SSUN300G 0B70\u003e Fixed Direct Access SPC-3 SCSI device\nda3: Serial Number 001109734D8E        6SE34D8E\nda3: 300.000MB/s transfers\nda3: Command Queueing enabled\nda3: 286102MB (585937500 512 byte sectors)\ncd0 at ata2 bus 0 scbus0 target 0 lun 0\ncd0: \u003cMATSHITA DVD-RAM UJ-85JS F100\u003e Removable CD-ROM SCSI device\ncd0: 33.300MB/s transfers (UDMA2, ATAPI 12bytes, PIO 65534bytes)\ncd0: 549MB (281122 2048 byte sectors)\n(cd0:ata2:0:0:0): READ(10). CDB: 28 00 00 04 4a 21 00 00 01 00\n(cd0:ata2:0:0:0): CAM status: SCSI Status Error\n(cd0:ata2:0:0:0): SCSI status: Check Condition\n(cd0:ata2:0:0:0): SCSI sense: ILLEGAL REQUEST asc:64,0 (Illegal mode for this track)\n(cd0:ata2:0:0:0): Info: 0x44a21\n(cd0:ata2:0:0:0): Command Specific Info: 0x1d0000\n(cd0:ata2:0:0:0): Error 6, Unretryable error\n(cd0:ata2:0:0:0): cddone: got error 0x6 back\n(cd0:ata2:0:0:0): READ(10). CDB: 28 00 00 04 4a 21 00 00 01 00\n(cd0:ata2:0:0:0): CAM status: SCSI Status Error\n(cd0:ata2:0:0:0): SCSI status: Check Condition\n(cd0:ata2:0:0:0): SCSI sense: ILLEGAL REQUEST asc:64,0 (Illegal mode for this track)\n(cd0:ata2:0:0:0): Info: 0x44a21\n(cd0:ata2:0:0:0): Command Specific Info: 0x1d0000\n(cd0:ata2:0:0:0): Error 6, Unretryable error\n(cd0:ata2:0:0:0): cddone: got error 0x6 back\nuhub2: 8 ports with 8 removable, self powered\n(cd0:ata2:0:0:0): READ(10). CDB: 28 00 00 04 4a 21 00 00 01 00\n(cd0:ata2:0:0:0): CAM status: SCSI Status Error\n(cd0:ata2:0:0:0): SCSI status: Check Condition\n(cd0:ata2:0:0:0): SCSI sense: ILLEGAL REQUEST asc:64,0 (Illegal mode for this track)\n(cd0:ata2:0:0:0): Info: 0x44a21\n(cd0:ata2:0:0:0): Command Specific Info: 0x1d0000\n(cd0:ata2:0:0:0): Error 6, Unretryable error\n(cd0:ata2:0:0:0): cddone: got error 0x6 back\nugen1.2: \u003cvendor 0x03eb Standard USB Hub\u003e at usbus1\nuhub3 on uhub1\nuhub3: \u003cStandard USB Hub\u003e on usbus1\nuhub3: 4 ports with 4 removable, self powered\nrandom: unblocking device.\nStarting file system checks:\nMounting local filesystems:.\nELF ldconfig path: /lib /usr/lib /usr/lib/compat\n/etc/rc: WARNING: $hostname is not set -- see rc.conf(5).\nSetting up harvesting: [UMA],[FS_ATIME],SWI,INTERRUPT,NET_NG,NET_ETHER,NET_TUN,MOUSE,KEYBOARD,ATTACH,CACHED\nFeeding entropy: dd: /entropy: Read-only file system\ndd: /boot/entropy: Read-only file system\n.\nStarting Network: lo0 bge0 bge1 bge2 bge3.\nlo0: flags=8049\u003cUP,LOOPBACK,RUNNING,MULTICAST\u003e metric 0 mtu 16384\n        options=600003\u003cRXCSUM,TXCSUM,RXCSUM_IPV6,TXCSUM_IPV6\u003e\n        inet6 ::1 prefixlen 128\n        inet6 fe80::1%lo0 prefixlen 64 scopeid 0x5\n        inet 127.0.0.1 netmask 0xff000000\n        nd6 options=21\u003cPERFORMNUD,AUTO_LINKLOCAL\u003e\n        groups: lo\nbge0: flags=8802\u003cBROADCAST,SIMPLEX,MULTICAST\u003e metric 0 mtu 1500\n        options=8009b\u003cRXCSUM,TXCSUM,VLAN_MTU,VLAN_HWTAGGING,VLAN_HWCSUM,LINKSTATE\u003e\n        ether 00:14:4f:a9:58:9e\n        hwaddr 00:14:4f:a9:58:9e\n        nd6 options=29\u003cPERFORMNUD,IFDISABLED,AUTO_LINKLOCAL\u003e\n        media: Ethernet autoselect\nbge1: flags=8802\u003cBROADCAST,SIMPLEX,MULTICAST\u003e metric 0 mtu 1500\n        options=8009b\u003cRXCSUM,TXCSUM,VLAN_MTU,VLAN_HWTAGGING,VLAN_HWCSUM,LINKSTATE\u003e\n        ether 00:14:4f:a9:58:9f\n        hwaddr 00:14:4f:a9:58:9f\n        nd6 options=29\u003cPERFORMNUD,IFDISABLED,AUTO_LINKLOCAL\u003e\n        media: Ethernet autoselect\nbge2: flags=8802\u003cBROADCAST,SIMPLEX,MULTICAST\u003e metric 0 mtu 1500\n        options=8009b\u003cRXCSUM,TXCSUM,VLAN_MTU,VLAN_HWTAGGING,VLAN_HWCSUM,LINKSTATE\u003e\n        ether 00:14:4f:a9:58:a0\n        hwaddr 00:14:4f:a9:58:a0\n        nd6 options=29\u003cPERFORMNUD,IFDISABLED,AUTO_LINKLOCAL\u003e\n        media: Ethernet autoselect\nbge3: flags=8802\u003cBROADCAST,SIMPLEX,MULTICAST\u003e metric 0 mtu 1500\n        options=8009b\u003cRXCSUM,TXCSUM,VLAN_MTU,VLAN_HWTAGGING,VLAN_HWCSUM,LINKSTATE\u003e\n        ether 00:14:4f:a9:58:a1\n        hwaddr 00:14:4f:a9:58:a1\n        nd6 options=29\u003cPERFORMNUD,IFDISABLED,AUTO_LINKLOCAL\u003e\n        media: Ethernet autoselect\nStarting devd.\nStarting Network: bge0.\nbge0: flags=8802\u003cBROADCAST,SIMPLEX,MULTICAST\u003e metric 0 mtu 1500\n        options=8009b\u003cRXCSUM,TXCSUM,VLAN_MTU,VLAN_HWTAGGING,VLAN_HWCSUM,LINKSTATE\u003e\n        ether 00:14:4f:a9:58:9e\n        hwaddr 00:14:4f:a9:58:9e\n        nd6 options=29\u003cPERFORMNUD,IFDISABLED,AUTO_LINKLOCAL\u003e\n        media: Ethernet autoselect\nStarting Network: bge1.\nbge1: flags=8802\u003cBROADCAST,SIMPLEX,MULTICAST\u003e metric 0 mtu 1500\n        options=8009b\u003cRXCSUM,TXCSUM,VLAN_MTU,VLAN_HWTAGGING,VLAN_HWCSUM,LINKSTATE\u003e\n        ether 00:14:4f:a9:58:9f\n        hwaddr 00:14:4f:a9:58:9f\n        nd6 options=29\u003cPERFORMNUD,IFDISABLED,AUTO_LINKLOCAL\u003e\n        media: Ethernet autoselect\nStarting Network: bge2.\nbge2: flags=8802\u003cBROADCAST,SIMPLEX,MULTICAST\u003e metric 0 mtu 1500\n        options=8009b\u003cRXCSUM,TXCSUM,VLAN_MTU,VLAN_HWTAGGING,VLAN_HWCSUM,LINKSTATE\u003e\n        ether 00:14:4f:a9:58:a0\n        hwaddr 00:14:4f:a9:58:a0\n        nd6 options=29\u003cPERFORMNUD,IFDISABLED,AUTO_LINKLOCAL\u003e\n        media: Ethernet autoselect\nStarting Network: bge3.\nbge3: flags=8802\u003cBROADCAST,SIMPLEX,MULTICAST\u003e metric 0 mtu 1500\n        options=8009b\u003cRXCSUM,TXCSUM,VLAN_MTU,VLAN_HWTAGGING,VLAN_HWCSUM,LINKSTATE\u003e\n        ether 00:14:4f:a9:58:a1\n        hwaddr 00:14:4f:a9:58:a1\n        nd6 options=29\u003cPERFORMNUD,IFDISABLED,AUTO_LINKLOCAL\u003e\n        media: Ethernet autoselect\nadd host 127.0.0.1: gateway lo0 fib 0: route already in table\nadd host ::1: gateway lo0 fib 0: route already in table\nadd net fe80::: gateway ::1\nadd net ff02::: gateway ::1\nadd net ::ffff:0.0.0.0: gateway ::1\nadd net ::0.0.0.0: gateway ::1\nGenerating host.conf.\neval: cannot create /etc/host.conf: Read-only file system\neval: cannot create /etc/host.conf: Read-only file system\neval: cannot create /etc/host.conf: Read-only file system\nCreating and/or trimming log files.\nStarting syslogd.\nClearing /tmp (X related).\nStarting local daemons:\nWelcome to FreeBSD!\n\nPlease choose the appropriate terminal type for your system.\nCommon console types are:\n   ansi     Standard ANSI terminal\n   vt100    VT100 or compatible terminal\n   xterm    xterm terminal emulator (or compatible)\n   cons25w  cons25w terminal\n\nConsole type [vt100]:"
}