{
 "id": 372893,
 "bug_id": 108345,
 "attachment_id": 0,
 "creation_time": "2007-01-25T17:40:21Z",
 "creator": "chris+freebsd-PR@revolt.com",
 "text": "The Pentium D EMT64 on a SuperMicro board will not boot with ACPI enabled on 6.2-RELEASE (GENERIC).\n\nWhile this isn't a huge deal (simply boot w/o ACPI from loader), it does\nmean that some manual intervention is required to both install and run\nFreeBSD on this machine. Verbose dmesg of hung start attached:\n\n\n|\b/\b-\b\\\b|\b/\b-\bSMAP type=01 base=0000000000000000 len=000000000009c800\nSMAP type=02 base=000000000009c800 len=0000000000003800\nSMAP type=02 base=00000000000e4000 len=000000000001c000\nSMAP type=01 base=0000000000100000 len=00000000dfde0000\nSMAP type=03 base=00000000dfee0000 len=0000000000009000\nSMAP type=04 base=00000000dfee9000 len=0000000000017000\nSMAP type=02 base=00000000dff00000 len=0000000000100000\nSMAP type=02 base=00000000fec00000 len=0000000000010000\nSMAP type=02 base=00000000fee00000 len=0000000000001000\nSMAP type=02 base=00000000ff000000 len=0000000001000000\nSMAP type=01 base=0000000100000000 len=0000000020000000\nCopyright (c) 1992-2007 The FreeBSD Project.\nCopyright (c) 1979, 1980, 1983, 1986, 1988, 1989, 1991, 1992, 1993, 1994\n\tThe Regents of the University of California. All rights reserved.\nFreeBSD is a registered trademark of The FreeBSD Foundation.\nFreeBSD 6.2-RELEASE #0: Fri Jan 12 08:32:24 UTC 2007\n    root@portnoy.cse.buffalo.edu:/usr/obj/usr/src/sys/GENERIC\nPreloaded elf kernel \"/boot/kernel/kernel\" at 0xffffffff80a53000.\nCalibrating clock(s) ... i8254 clock: 1192952 Hz\nCLK_USE_I8254_CALIBRATION not specified - using default frequency\nTimecounter \"i8254\" frequency 1193182 Hz quality 0\nCalibrating TSC clock ... TSC clock: 3391521165 Hz\nCPU: Intel(R) Pentium(R) D CPU 3.40GHz (3391.52-MHz K8-class CPU)\n  Origin = \"GenuineIntel\"  Id = 0xf64  Stepping = 4\n  Features=0xbfebfbff\u003cFPU,VME,DE,PSE,TSC,MSR,PAE,MCE,CX8,APIC,SEP,MTRR,PGE,MCA,CMOV,PAT,PSE36,CLFLUSH,DTS,ACPI,MMX,FXSR,SSE,SSE2,SS,HTT,TM,PBE\u003e\n  Features2=0xe49d\u003cSSE3,RSVD2,MON,DS_CPL,EST,CNTX-ID,CX16,\u003cb14\u003e,\u003cb15\u003e\u003e\n  AMD Features=0x20100800\u003cSYSCALL,NX,LM\u003e\n  AMD Features2=0x1\u003cLAHF\u003e\n  Cores per package: 2\nreal memory  = 4831838208 (4608 MB)\nPhysical memory chunk(s):\n0x0000000000001000 - 0x000000000009bfff, 634880 bytes (155 pages)\n0x0000000000b51000 - 0x00000000d778bfff, 3603148800 bytes (879675 pages)\n0x0000000100000000 - 0x000000011ffeffff, 536805376 bytes (131056 pages)\navail memory = 4129779712 (3938 MB)\nACPI APIC Table: \u003cPTLTD  \t APIC  \u003e\nAPIC: CPU 0 has ACPI ID 0\nMADT: Found IO APIC ID 2, Interrupt 0 at 0xfec00000\nioapic0: Routing external 8259A's -\u003e intpin 0\nioapic0: intpin 0 -\u003e ExtINT (edge, high)\nioapic0: intpin 1 -\u003e ISA IRQ 1 (edge, high)\nioapic0: intpin 2 -\u003e ISA IRQ 2 (edge, high)\nioapic0: intpin 3 -\u003e ISA IRQ 3 (edge, high)\nioapic0: intpin 4 -\u003e ISA IRQ 4 (edge, high)\nioapic0: intpin 5 -\u003e ISA IRQ 5 (edge, high)\nioapic0: intpin 6 -\u003e ISA IRQ 6 (edge, high)\nioapic0: intpin 7 -\u003e ISA IRQ 7 (edge, high)\nioapic0: intpin 8 -\u003e ISA IRQ 8 (edge, high)\nioapic0: intpin 9 -\u003e ISA IRQ 9 (edge, high)\nioapic0: intpin 10 -\u003e ISA IRQ 10 (edge, high)\nioapic0: intpin 11 -\u003e ISA IRQ 11 (edge, high)\nioapic0: intpin 12 -\u003e ISA IRQ 12 (edge, high)\nioapic0: intpin 13 -\u003e ISA IRQ 13 (edge, high)\nioapic0: intpin 14 -\u003e ISA IRQ 14 (edge, high)\nioapic0: intpin 15 -\u003e ISA IRQ 15 (edge, high)\nioapic0: intpin 16 -\u003e PCI IRQ 16 (level, low)\nioapic0: intpin 17 -\u003e PCI IRQ 17 (level, low)\nioapic0: intpin 18 -\u003e PCI IRQ 18 (level, low)\nioapic0: intpin 19 -\u003e PCI IRQ 19 (level, low)\nioapic0: intpin 20 -\u003e PCI IRQ 20 (level, low)\nioapic0: intpin 21 -\u003e PCI IRQ 21 (level, low)\nioapic0: intpin 22 -\u003e PCI IRQ 22 (level, low)\nioapic0: intpin 23 -\u003e PCI IRQ 23 (level, low)\nMADT: Found IO APIC ID 3, Interrupt 24 at 0xfecc0000\nioapic1: intpin 0 -\u003e PCI IRQ 24 (level, low)\nioapic1: intpin 1 -\u003e PCI IRQ 25 (level, low)\nioapic1: intpin 2 -\u003e PCI IRQ 26 (level, low)\nioapic1: intpin 3 -\u003e PCI IRQ 27 (level, low)\nioapic1: intpin 4 -\u003e PCI IRQ 28 (level, low)\nioapic1: intpin 5 -\u003e PCI IRQ 29 (level, low)\nioapic1: intpin 6 -\u003e PCI IRQ 30 (level, low)\nioapic1: intpin 7 -\u003e PCI IRQ 31 (level, low)\nioapic1: intpin 8 -\u003e PCI IRQ 32 (level, low)\nioapic1: intpin 9 -\u003e PCI IRQ 33 (level, low)\nioapic1: intpin 10 -\u003e PCI IRQ 34 (level, low)\nioapic1: intpin 11 -\u003e PCI IRQ 35 (level, low)\nioapic1: intpin 12 -\u003e PCI IRQ 36 (level, low)\nioapic1: intpin 13 -\u003e PCI IRQ 37 (level, low)\nioapic1: intpin 14 -\u003e PCI IRQ 38 (level, low)\nioapic1: intpin 15 -\u003e PCI IRQ 39 (level, low)\nioapic1: intpin 16 -\u003e PCI IRQ 40 (level, low)\nioapic1: intpin 17 -\u003e PCI IRQ 41 (level, low)\nioapic1: intpin 18 -\u003e PCI IRQ 42 (level, low)\nioapic1: intpin 19 -\u003e PCI IRQ 43 (level, low)\nioapic1: intpin 20 -\u003e PCI IRQ 44 (level, low)\nioapic1: intpin 21 -\u003e PCI IRQ 45 (level, low)\nioapic1: intpin 22 -\u003e PCI IRQ 46 (level, low)\nioapic1: intpin 23 -\u003e PCI IRQ 47 (level, low)\nMADT: Found IO APIC ID 4, Interrupt 48 at 0xfecc0400\nioapic2: intpin 0 -\u003e PCI IRQ 48 (level, low)\nioapic2: intpin 1 -\u003e PCI IRQ 49 (level, low)\nioapic2: intpin 2 -\u003e PCI IRQ 50 (level, low)\nioapic2: intpin 3 -\u003e PCI IRQ 51 (level, low)\nioapic2: intpin 4 -\u003e PCI IRQ 52 (level, low)\nioapic2: intpin 5 -\u003e PCI IRQ 53 (level, low)\nioapic2: intpin 6 -\u003e PCI IRQ 54 (level, low)\nioapic2: intpin 7 -\u003e PCI IRQ 55 (level, low)\nioapic2: intpin 8 -\u003e PCI IRQ 56 (level, low)\nioapic2: intpin 9 -\u003e PCI IRQ 57 (level, low)\nioapic2: intpin 10 -\u003e PCI IRQ 58 (level, low)\nioapic2: intpin 11 -\u003e PCI IRQ 59 (level, low)\nioapic2: intpin 12 -\u003e PCI IRQ 60 (level, low)\nioapic2: intpin 13 -\u003e PCI IRQ 61 (level, low)\nioapic2: intpin 14 -\u003e PCI IRQ 62 (level, low)\nioapic2: intpin 15 -\u003e PCI IRQ 63 (level, low)\nioapic2: intpin 16 -\u003e PCI IRQ 64 (level, low)\nioapic2: intpin 17 -\u003e PCI IRQ 65 (level, low)\nioapic2: intpin 18 -\u003e PCI IRQ 66 (level, low)\nioapic2: intpin 19 -\u003e PCI IRQ 67 (level, low)\nioapic2: intpin 20 -\u003e PCI IRQ 68 (level, low)\nioapic2: intpin 21 -\u003e PCI IRQ 69 (level, low)\nioapic2: intpin 22 -\u003e PCI IRQ 70 (level, low)\nioapic2: intpin 23 -\u003e PCI IRQ 71 (level, low)\nMADT: Interrupt override: source 0, irq 2\nioapic0: Routing IRQ 0 -\u003e intpin 2\nioapic0: intpin 2 trigger: edge\nioapic0: intpin 2 polarity: high\nMADT: Interrupt override: source 9, irq 9\nioapic0: intpin 9 trigger: level\nioapic0: intpin 9 polarity: high\nlapic0: Routing NMI -\u003e LINT1\nlapic0: LINT1 trigger: edge\nlapic0: LINT1 polarity: high\nlapic1: Routing NMI -\u003e LINT1\nlapic1: LINT1 trigger: edge\nlapic1: LINT1 polarity: high\nioapic0 \u003cVersion 2.0\u003e irqs 0-23 on motherboard\nioapic1 \u003cVersion 2.0\u003e irqs 24-47 on motherboard\nioapic2 \u003cVersion 2.0\u003e irqs 48-71 on motherboard\ncpu0 BSP:\n     ID: 0x00000000   VER: 0x00050014 LDR: 0x03000000 DFR: 0xffffffff\n  lint0: 0x00010700 lint1: 0x00000400 TPR: 0x00000000 SVR: 0x000001ff\n  timer: 0x000100ef therm: 0x00000200 err: 0x00010000 pcm: 0x00010000\nwlan: \u003c802.11 Link Layer\u003e\nath_rate: version 1.2 \u003cSampleRate bit-rate selection algorithm\u003e\nnull: \u003cnull device, zero device\u003e\nrandom: \u003centropy source, Software, Yarrow\u003e\nnfslock: pseudo-device\nkbd: new array size 4\nkbd1 at kbdmux0\nmem: \u003cmemory\u003e\nio: \u003cI/O\u003e\nath_hal: 0.9.17.2 (AR5210, AR5211, AR5212, RF5111, RF5112, RF2413, RF5413)\nrr232x: RocketRAID 232x controller driver v1.02 (Jan 12 2007 08:30:39)\nacpi0: \u003cPTLTD   RSDT\u003e on motherboard\nioapic0: routing intpin 9 (ISA IRQ 9) to vector 48\nacpi0: [MPSAFE]\npci_open(1):\tmode 1 addr port (0x0cf8) is 0x80000090\npci_open(1a):\tmode1res=0x80000000 (0x80000000)\npci_cfgcheck:\tdevice 0 [class=060000] [hdr=00] is there (id=27788086)\nAcpiOsDerivePciId: bus 0 dev 31 func 0\nAcpiOsDerivePciId: bus 0 dev 31 func 0\nacpi0: Power Button (fixed)\nAcpiOsDerivePciId: bus 0 dev 0 func 0\nAcpiOsDerivePciId: bus 0 dev 31 func 0\nACPI timer: 1/0 1/0 1/0 1/0 1/0 1/0 1/0 1/0 1/0 1/0 -\u003e 10\nTimecounter \"ACPI-fast\" frequency 3579545 Hz quality 1000\nacpi_timer0: \u003c24-bit timer at 3.579545MHz\u003e port 0x1008-0x100b on acpi0\npci_link0: Links after initial probe:\nIndex  IRQ  Rtd  Ref  IRQs\n    0   10   N     0  3 10 11 14 15\npci_link0: Links after initial validation:\nIndex  IRQ  Rtd  Ref  IRQs\n    0   10   N     0  3 10 11 14 15\npci_link0: Links after disable:\nIndex  IRQ  Rtd  Ref  IRQs\n    0  255   N     0  3 10 11 14 15\npci_link1: Links after initial probe:\nIndex  IRQ  Rtd  Ref  IRQs\n    0   11   N     0  3 10 11 14 15\npci_link1: Links after initial validation:\nIndex  IRQ  Rtd  Ref  IRQs\n    0   11   N     0  3 10 11 14 15\npci_link1: Links after disable:\nIndex  IRQ  Rtd  Ref  IRQs\n    0  255   N     0  3 10 11 14 15\npci_link2: Links after initial probe:\nIndex  IRQ  Rtd  Ref  IRQs\n    0   11   N     0  3 10 11 14 15\npci_link2: Links after initial validation:\nIndex  IRQ  Rtd  Ref  IRQs\n    0   11   N     0  3 10 11 14 15\npci_link2: Links after disable:\nIndex  IRQ  Rtd  Ref  IRQs\n    0  255   N     0  3 10 11 14 15\npci_link3: Links after initial probe:\nIndex  IRQ  Rtd  Ref  IRQs\n    0   10   N     0  3 10 11 14 15\npci_link3: Links after initial validation:\nIndex  IRQ  Rtd  Ref  IRQs\n    0   10   N     0  3 10 11 14 15\npci_link3: Links after disable:\nIndex  IRQ  Rtd  Ref  IRQs\n    0  255   N     0  3 10 11 14 15\npci_link4: Links after initial probe:\nIndex  IRQ  Rtd  Ref  IRQs\n    0  255   N     0  3 10 11 14 15\npci_link4: Links after initial validation:\nIndex  IRQ  Rtd  Ref  IRQs\n    0  255   N     0  3 10 11 14 15\npci_link4: Links after disable:\nIndex  IRQ  Rtd  Ref  IRQs\n    0  255   N     0  3 10 11 14 15\npci_link5: Links after initial probe:\nIndex  IRQ  Rtd  Ref  IRQs\n    0  255   N     0  3 10 11 14 15\npci_link5: Links after initial validation:\nIndex  IRQ  Rtd  Ref  IRQs\n    0  255   N     0  3 10 11 14 15\npci_link5: Links after disable:\nIndex  IRQ  Rtd  Ref  IRQs\n    0  255   N     0  3 10 11 14 15\npci_link6: Links after initial probe:\nIndex  IRQ  Rtd  Ref  IRQs\n    0  255   N     0  3 10 11 14 15\npci_link6: Links after initial validation:\nIndex  IRQ  Rtd  Ref  IRQs\n    0  255   N     0  3 10 11 14 15\npci_link6: Links after disable:\nIndex  IRQ  Rtd  Ref  IRQs\n    0  255   N     0  3 10 11 14 15\npci_link7: Links after initial probe:\nIndex  IRQ  Rtd  Ref  IRQs\n    0    5   N     0  3 10 11 14 15\npci_link7: Links after initial validation:\nIndex  IRQ  Rtd  Ref  IRQs\n    0  255   N     0  3 10 11 14 15\npci_link7: Links after disable:\nIndex  IRQ  Rtd  Ref  IRQs\n    0  255   N     0  3 10 11 14 15\ncpu0: \u003cACPI CPU\u003e on acpi0\nacpi_throttle0: \u003cACPI CPU Throttling\u003e on cpu0\nacpi_throttle0: P_CNT from P_BLK 0x1010\npcib0: \u003cACPI Host-PCI bridge\u003e port 0xcf8-0xcff on acpi0\npci0: \u003cACPI PCI bus\u003e on pcib0\npci0: physical bus=0\nfound-\u003e\tvendor=0x8086, dev=0x2778, revid=0xc0\n\tbus=0, slot=0, func=0\n\tclass=06-00-00, hdrtype=0x00, mfdev=0\n\tcmdreg=0x0106, statreg=0x2090, cachelnsz=0 (dwords)\n\tlattimer=0x00 (0 ns), mingnt=0x00 (0 ns), maxlat=0x00 (0 ns)\nfound-\u003e\tvendor=0x8086, dev=0x2779, revid=0xc0\n\tbus=0, slot=1, func=0\n\tclass=06-04-00, hdrtype=0x01, mfdev=0\n\tcmdreg=0x0107, statreg=0x0010, cachelnsz=8 (dwords)\n\tlattimer=0x00 (0 ns), mingnt=0x04 (1000 ns), maxlat=0x00 (0 ns)\n\tintpin=a, irq=10\npcib0: matched entry for 0.1.INTA\npcib0: slot 1 INTA hardwired to IRQ 16\nfound-\u003e\tvendor=0x8086, dev=0x27d0, revid=0x01\n\tbus=0, slot=28, func=0\n\tclass=06-04-00, hdrtype=0x01, mfdev=1\n\tcmdreg=0x0000, statreg=0x0010, cachelnsz=8 (dwords)\n\tlattimer=0x00 (0 ns), mingnt=0x00 (0 ns), maxlat=0x00 (0 ns)\n\tintpin=a, irq=11\npcib0: matched entry for 0.28.INTA\npcib0: slot 28 INTA hardwired to IRQ 17\nfound-\u003e\tvendor=0x8086, dev=0x27e0, revid=0x01\n\tbus=0, slot=28, func=4\n\tclass=06-04-00, hdrtype=0x01, mfdev=1\n\tcmdreg=0x0007, statreg=0x0010, cachelnsz=8 (dwords)\n\tlattimer=0x00 (0 ns), mingnt=0x04 (1000 ns), maxlat=0x00 (0 ns)\n\tintpin=a, irq=11\npcib0: matched entry for 0.28.INTA\npcib0: slot 28 INTA hardwired to IRQ 17\nfound-\u003e\tvendor=0x8086, dev=0x27e2, revid=0x01\n\tbus=0, slot=28, func=5\n\tclass=06-04-00, hdrtype=0x01, mfdev=1\n\tcmdreg=0x0007, statreg=0x0010, cachelnsz=8 (dwords)\n\tlattimer=0x00 (0 ns), mingnt=0x04 (1000 ns), maxlat=0x00 (0 ns)\n\tintpin=b, irq=10\npcib0: matched entry for 0.28.INTB\npcib0: slot 28 INTB hardwired to IRQ 16\nfound-\u003e\tvendor=0x8086, dev=0x27c8, revid=0x01\n\tbus=0, slot=29, func=0\n\tclass=0c-03-00, hdrtype=0x00, mfdev=1\n\tcmdreg=0x0005, statreg=0x0280, cachelnsz=0 (dwords)\n\tlattimer=0x00 (0 ns), mingnt=0x00 (0 ns), maxlat=0x00 (0 ns)\n\tintpin=a, irq=5\n\tmap[20]: type 4, range 32, base 00003000, size  5, enabled\npcib0: matched entry for 0.29.INTA\npcib0: slot 29 INTA hardwired to IRQ 23\nfound-\u003e\tvendor=0x8086, dev=0x27c9, revid=0x01\n\tbus=0, slot=29, func=1\n\tclass=0c-03-00, hdrtype=0x00, mfdev=0\n\tcmdreg=0x0005, statreg=0x0280, cachelnsz=0 (dwords)\n\tlattimer=0x00 (0 ns), mingnt=0x00 (0 ns), maxlat=0x00 (0 ns)\n\tintpin=b, irq=10\n\tmap[20]: type 4, range 32, base 00003020, size  5, enabled\npcib0: matched entry for 0.29.INTB\npcib0: slot 29 INTB hardwired to IRQ 19\nfound-\u003e\tvendor=0x8086, dev=0x27ca, revid=0x01\n\tbus=0, slot=29, func=2\n\tclass=0c-03-00, hdrtype=0x00, mfdev=0\n\tcmdreg=0x0005, statreg=0x0280, cachelnsz=0 (dwords)\n\tlattimer=0x00 (0 ns), mingnt=0x00 (0 ns), maxlat=0x00 (0 ns)\n\tintpin=c, irq=11\n\tmap[20]: type 4, range 32, base 00003040, size  5, enabled\npcib0: matched entry for 0.29.INTC\npcib0: slot 29 INTC hardwired to IRQ 18\nfound-\u003e\tvendor=0x8086, dev=0x27cb, revid=0x01\n\tbus=0, slot=29, func=3\n\tclass=0c-03-00, hdrtype=0x00, mfdev=0\n\tcmdreg=0x0005, statreg=0x0280, cachelnsz=0 (dwords)\n\tlattimer=0x00 (0 ns), mingnt=0x00 (0 ns), maxlat=0x00 (0 ns)\n\tintpin=d, irq=10\n\tmap[20]: type 4, range 32, base 00003060, size  5, enabled\npcib0: matched entry for 0.29.INTD\npcib0: slot 29 INTD hardwired to IRQ 16\nfound-\u003e\tvendor=0x8086, dev=0x27cc, revid=0x01\n\tbus=0, slot=29, func=7\n\tclass=0c-03-20, hdrtype=0x00, mfdev=0\n\tcmdreg=0x0106, statreg=0x0290, cachelnsz=0 (dwords)\n\tlattimer=0x00 (0 ns), mingnt=0x00 (0 ns), maxlat=0x00 (0 ns)\n\tintpin=a, irq=5\n\tpowerspec 2  supports D0 D3  current D0\n\tmap[10]: type 1, range 32, base e0000000, size 10, enabled\npcib0: matched entry for 0.29.INTA\npcib0: slot 29 INTA hardwired to IRQ 23\nfound-\u003e\tvendor=0x8086, dev=0x244e, revid=0xe1\n\tbus=0, slot=30, func=0\n\tclass=06-04-01, hdrtype=0x01, mfdev=0\n\tcmdreg=0x0107, statreg=0x0010, cachelnsz=0 (dwords)\n\tlattimer=0x00 (0 ns), mingnt=0x0c (3000 ns), maxlat=0x00 (0 ns)\nfound-\u003e\tvendor=0x8086, dev=0x27b8, revid=0x01\n\tbus=0, slot=31, func=0\n\tclass=06-01-00, hdrtype=0x00, mfdev=1\n\tcmdreg=0x0007, statreg=0x0210, cachelnsz=0 (dwords)\n\tlattimer=0x00 (0 ns), mingnt=0x00 (0 ns), maxlat=0x00 (0 ns)\nfound-\u003e\tvendor=0x8086, dev=0x27df, revid=0x01\n\tbus=0, slot=31, func=1\n\tclass=01-01-8a, hdrtype=0x00, mfdev=0\n\tcmdreg=0x0005, statreg=0x0288, cachelnsz=0 (dwords)\n\tlattimer=0x00 (0 ns), mingnt=0x00 (0 ns), maxlat=0x00 (0 ns)\n\tintpin=a, irq=255\n\tmap[20]: type 4, range 32, base 000030a0, size  4, enabled\nfound-\u003e\tvendor=0x8086, dev=0x27da, revid=0x01\n\tbus=0, slot=31, func=3\n\tclass=0c-05-00, hdrtype=0x00, mfdev=0\n\tcmdreg=0x0101, statreg=0x0280, cachelnsz=0 (dwords)\n\tlattimer=0x00 (0 ns), mingnt=0x00 (0 ns), maxlat=0x00 (0 ns)\n\tintpin=b, irq=10\n\tmap[20]: type 4, range 32, base 00001100, size  5, enabled\npcib0: matched entry for 0.31.INTB\npcib0: slot 31 INTB hardwired to IRQ 19\npcib1: \u003cACPI PCI-PCI bridge\u003e irq 16 at device 1.0 on pci0\npcib1:   secondary bus     1\npcib1:   subordinate bus   3\npcib1:   I/O decode        0x4000-0x4fff\npcib1:   memory decode     0xe0100000-0xe02fffff\npcib1:   prefetched decode 0xe2000000-0xe3ffffff\npcib1: could not get PCI interrupt routing table for \\_SB_.PCI0.DEV1 - AE_NOT_FOUND\npci1: \u003cACPI PCI bus\u003e on pcib1\npci1: physical bus=1\nfound-\u003e\tvendor=0x8086, dev=0x0329, revid=0x09\n\tbus=1, slot=0, func=0\n\tclass=06-04-00, hdrtype=0x01, mfdev=1\n\tcmdreg=0x0107, statreg=0x0010, cachelnsz=16 (dwords)\n\tlattimer=0x00 (0 ns), mingnt=0x04 (1000 ns), maxlat=0x00 (0 ns)\nfound-\u003e\tvendor=0x8086, dev=0x0326, revid=0x09\n\tbus=1, slot=0, func=1\n\tclass=08-00-20, hdrtype=0x00, mfdev=1\n\tcmdreg=0x0106, statreg=0x0010, cachelnsz=0 (dwords)\n\tlattimer=0x00 (0 ns), mingnt=0x00 (0 ns), maxlat=0x00 (0 ns)\n\tpowerspec 2  supports D0 D3  current D0\n\tmap[10]: type 1, range 32, base e0100000, size 12, enabled\npcib1: (null) requested memory range 0xe0100000-0xe0100fff: good\nfound-\u003e\tvendor=0x8086, dev=0x032a, revid=0x09\n\tbus=1, slot=0, func=2\n\tclass=06-04-00, hdrtype=0x01, mfdev=1\n\tcmdreg=0x0107, statreg=0x0010, cachelnsz=16 (dwords)\n\tlattimer=0x00 (0 ns), mingnt=0x04 (1000 ns), maxlat=0x00 (0 ns)\nfound-\u003e\tvendor=0x8086, dev=0x0327, revid=0x09\n\tbus=1, slot=0, func=3\n\tclass=08-00-20, hdrtype=0x00, mfdev=1\n\tcmdreg=0x0106, statreg=0x0010, cachelnsz=0 (dwords)\n\tlattimer=0x00 (0 ns), mingnt=0x00 (0 ns), maxlat=0x00 (0 ns)\n\tpowerspec 2  supports D0 D3  current D0\n\tmap[10]: type 1, range 32, base e0101000, size 12, enabled\npcib1: (null) requested memory range 0xe0101000-0xe0101fff: good\npcib2: \u003cACPI PCI-PCI bridge\u003e at device 0.0 on pci1\npcib2:   secondary bus     2\npcib2:   subordinate bus   2\npcib2:   I/O decode        0xf000-0xfff\npcib2:   memory decode     0xfff00000-0xfffff\npcib2:   prefetched decode 0xfff00000-0xfffff\npci2: \u003cACPI PCI bus\u003e on pcib2\npci2: physical bus=2\npci1: \u003cbase peripheral, interrupt controller\u003e at device 0.1 (no driver attached)\npcib3: \u003cACPI PCI-PCI bridge\u003e at device 0.2 on pci1\npcib3:   secondary bus     3\npcib3:   subordinate bus   3\npcib3:   I/O decode        0x4000-0x4fff\npcib3:   memory decode     0xe0200000-0xe02fffff\npcib3:   prefetched decode 0xe2000000-0xe3ffffff\npci3: \u003cACPI PCI bus\u003e on pcib3\npci3: physical bus=3\nfound-\u003e\tvendor=0x13c1, dev=0x1003, revid=0x00\n\tbus=3, slot=1, func=0\n\tclass=01-04-00, hdrtype=0x00, mfdev=0\n\tcmdreg=0x0317, statreg=0x02b0, cachelnsz=8 (dwords)\n\tlattimer=0x20 (960 ns), mingnt=0x40 (16000 ns), maxlat=0x00 (0 ns)\n\tintpin=a, irq=10\n\tpowerspec 2  supports D0 D1 D2 D3  current D0\n\tMSI supports 8 messages, 64 bit\n\tmap[10]: type 3, range 64, base e2000000, size 25, enabled\npcib3: (null) requested memory range 0xe2000000-0xe3ffffff: good\npcib1: (null) requested memory range 0xe2000000-0xe3ffffff: good\n\tmap[18]: type 1, range 64, base e0200000, size 12, enabled\npcib3: (null) requested memory range 0xe0200000-0xe0200fff: good\npcib1: (null) requested memory range 0xe0200000-0xe0200fff: good\n\tmap[20]: type 4, range 32, base 00004000, size  6, enabled\npcib3: (null) requested I/O range 0x4000-0x403f: in range\npcib1: (null) requested I/O range 0x4000-0x403f: in range\npcib3: matched entry for 3.1.INTA\npcib3: slot 1 INTA hardwired to IRQ 48\n3ware device driver for 9000 series storage controllers, version: 3.60.02.012\ntwa0: \u003c3ware 9000 series Storage Controller\u003e port 0x4000-0x403f mem 0xe2000000-0xe3ffffff,0xe0200000-0xe0200fff irq 48 at device 1.0 on pci3\ntwa0: Reserved 0x1000 bytes for rid 0x18 type 3 at 0xe0200000\nioapic2: routing intpin 0 (PCI IRQ 48) to vector 49\ntwa0: [GIANT-LOCKED]\ntwa0: INFO: (0x15: 0x1300): Controller details:: Model 9550SX-8LP, 8 ports, Firmware FE9X 3.04.01.011, BIOS BE9X 3.04.00.002\npci1: \u003cbase peripheral, interrupt controller\u003e at device 0.3 (no driver attached)\npcib4: \u003cACPI PCI-PCI bridge\u003e irq 17 at device 28.0 on pci0\npcib4:   secondary bus     9\npcib4:   subordinate bus   9\npcib4:   I/O decode        0x0-0x0\npcib4:   memory decode     0x0-0x0\npcib4:   prefetched decode 0x0-0x0\npci9: \u003cACPI PCI bus\u003e on pcib4\npci9: physical bus=9\npcib5: \u003cACPI PCI-PCI bridge\u003e irq 17 at device 28.4 on pci0\npcib5:   secondary bus     13\npcib5:   subordinate bus   13\npcib5:   I/O decode        0x5000-0x5fff\npcib5:   memory decode     0xe0300000-0xe03fffff\npcib5:   prefetched decode 0xfff00000-0xfffff\npci13: \u003cACPI PCI bus\u003e on pcib5\npci13: physical bus=13\nfound-\u003e\tvendor=0x8086, dev=0x108c, revid=0x03\n\tbus=13, slot=0, func=0\n\tclass=02-00-00, hdrtype=0x00, mfdev=0\n\tcmdreg=0x0107, statreg=0x0010, cachelnsz=8 (dwords)\n\tlattimer=0x00 (0 ns), mingnt=0x00 (0 ns), maxlat=0x00 (0 ns)\n\tintpin=a, irq=10\n\tpowerspec 2  supports D0 D3  current D0\n\tMSI supports 1 message, 64 bit\n\tmap[10]: type 1, range 32, base e0300000, size 17, enabled\npcib5: (null) requested memory range 0xe0300000-0xe031ffff: good\n\tmap[18]: type 4, range 32, base 00005000, size  5, enabled\npcib5: (null) requested I/O range 0x5000-0x501f: in range\npcib5: matched entry for 13.0.INTA\npcib5: slot 0 INTA hardwired to IRQ 16\nem0: \u003cIntel(R) PRO/1000 Network Connection Version - 6.2.9\u003e port 0x5000-0x501f mem 0xe0300000-0xe031ffff irq 16 at device 0.0 on pci13\nem0: Reserved 0x20000 bytes for rid 0x10 type 3 at 0xe0300000\nem0: Reserved 0x20 bytes for rid 0x18 type 4 at 0x5000\nem0: bpf attached\nem0: Ethernet address: 00:30:48:89:a0:b6\nioapic0: routing intpin 16 (PCI IRQ 16) to vector 50\nem0: [MPSAFE]\npcib6: \u003cACPI PCI-PCI bridge\u003e irq 16 at device 28.5 on pci0\npcib6:   secondary bus     14\npcib6:   subordinate bus   14\npcib6:   I/O decode        0x6000-0x6fff\npcib6:   memory decode     0xe0400000-0xe04fffff\npcib6:   prefetched decode 0xfff00000-0xfffff\npci14: \u003cACPI PCI bus\u003e on pcib6\npci14: physical bus=14\nfound-\u003e\tvendor=0x8086, dev=0x109a, revid=0x00\n\tbus=14, slot=0, func=0\n\tclass=02-00-00, hdrtype=0x00, mfdev=0\n\tcmdreg=0x0107, statreg=0x0010, cachelnsz=8 (dwords)\n\tlattimer=0x00 (0 ns), mingnt=0x00 (0 ns), maxlat=0x00 (0 ns)\n\tintpin=a, irq=11\n\tpowerspec 2  supports D0 D3  current D0\n\tMSI supports 1 message, 64 bit\n\tmap[10]: type 1, range 32, base e0400000, size 17, enabled\npcib6: (null) requested memory range 0xe0400000-0xe041ffff: good\n\tmap[18]: type 4, range 32, base 00006000, size  5, enabled\npcib6: (null) requested I/O range 0x6000-0x601f: in range\npcib6: matched entry for 14.0.INTA\npcib6: slot 0 INTA hardwired to IRQ 17\nem1: \u003cIntel(R) PRO/1000 Network Connection Version - 6.2.9\u003e port 0x6000-0x601f mem 0xe0400000-0xe041ffff irq 17 at device 0.0 on pci14\nem1: Reserved 0x20000 bytes for rid 0x10 type 3 at 0xe0400000\nem1: Reserved 0x20 bytes for rid 0x18 type 4 at 0x6000\nem1: bpf attached\nem1: Ethernet address: 00:30:48:89:a0:b7\nioapic0: routing intpin 17 (PCI IRQ 17) to vector 51\nem1: [MPSAFE]\nuhci0: \u003cUHCI (generic) USB controller\u003e port 0x3000-0x301f irq 23 at device 29.0 on pci0\nuhci0: Reserved 0x20 bytes for rid 0x20 type 4 at 0x3000\nioapic0: routing intpin 23 (PCI IRQ 23) to vector 52\nuhci0: [GIANT-LOCKED]\nusb0: \u003cUHCI (generic) USB controller\u003e on uhci0\nusb0: USB revision 1.0\nuhub0: Intel UHCI root hub, class 9/0, rev 1.00/1.00, addr 1\nuhub0: 2 ports with 2 removable, self powered\nuhci1: \u003cUHCI (generic) USB controller\u003e port 0x3020-0x303f irq 19 at device 29.1 on pci0\nuhci1: Reserved 0x20 bytes for rid 0x20 type 4 at 0x3020\nioapic0: routing intpin 19 (PCI IRQ 19) to vector 53\nuhci1: [GIANT-LOCKED]\nusb1: \u003cUHCI (generic) USB controller\u003e on uhci1\nusb1: USB revision 1.0\nuhub1: Intel UHCI root hub, class 9/0, rev 1.00/1.00, addr 1\nuhub1: 2 ports with 2 removable, self powered\nuhci2: \u003cUHCI (generic) USB controller\u003e port 0x3040-0x305f irq 18 at device 29.2 on pci0\nuhci2: Reserved 0x20 bytes for rid 0x20 type 4 at 0x3040\nioapic0: routing intpin 18 (PCI IRQ 18) to vector 54\nuhci2: [GIANT-LOCKED]\nusb2: \u003cUHCI (generic) USB controller\u003e on uhci2\nusb2: USB revision 1.0\nuhub2: Intel UHCI root hub, class 9/0, rev 1.00/1.00, addr 1\nuhub2: 2 ports with 2 removable, self powered\nuhci3: \u003cUHCI (generic) USB controller\u003e port 0x3060-0x307f irq 16 at device 29.3 on pci0\nuhci3: Reserved 0x20 bytes for rid 0x20 type 4 at 0x3060\nuhci3: [GIANT-LOCKED]\nusb3: \u003cUHCI (generic) USB controller\u003e on uhci3\nusb3: USB revision 1.0\nuhub3: Intel UHCI root hub, class 9/0, rev 1.00/1.00, addr 1\nuhub3: 2 ports with 2 removable, self powered\nehci0: \u003cIntel 82801GB/R (ICH7) USB 2.0 controller\u003e mem 0xe0000000-0xe00003ff irq 23 at device 29.7 on pci0\nehci0: Reserved 0x400 bytes for rid 0x10 type 3 at 0xe0000000\nehci0: [GIANT-LOCKED]\nusb4: EHCI version 1.0\nusb4: companion controllers, 2 ports each: usb0 usb1 usb2 usb3\nusb4: \u003cIntel 82801GB/R (ICH7) USB 2.0 controller\u003e on ehci0\nusb4: USB revision 2.0\nuhub4: Intel EHCI root hub, class 9/0, rev 2.00/1.00, addr 1\nuhub4: 8 ports with 8 removable, self powered\npcib7: \u003cACPI PCI-PCI bridge\u003e at device 30.0 on pci0\npcib7:   secondary bus     15\npcib7:   subordinate bus   15\npcib7:   I/O decode        0x7000-0x7fff\npcib7:   memory decode     0xe0500000-0xe05fffff\npcib7:   prefetched decode 0xe8000000-0xefffffff\npcib7:   Subtractively decoded bridge.\npci15: \u003cACPI PCI bus\u003e on pcib7\npci15: physical bus=15\nfound-\u003e\tvendor=0x1002, dev=0x515e, revid=0x02\n\tbus=15, slot=4, func=0\n\tclass=03-00-00, hdrtype=0x00, mfdev=0\n\tcmdreg=0x0387, statreg=0x0290, cachelnsz=8 (dwords)\n\tlattimer=0x42 (1980 ns), mingnt=0x08 (2000 ns), maxlat=0x00 (0 ns)\n\tintpin=a, irq=10\n\tpowerspec 2  supports D0 D1 D2 D3  current D0\n\tmap[10]: type 3, range 32, base e8000000, size 27, enabled\npcib7: (null) requested memory range 0xe8000000-0xefffffff: good\n\tmap[14]: type 4, range 32, base 00007000, size  8, enabled\npcib7: (null) requested I/O range 0x7000-0x70ff: in range\n\tmap[18]: type 1, range 32, base e0500000, size 16, enabled\npcib7: (null) requested memory range 0xe0500000-0xe050ffff: good\npcib7: matched entry for 15.4.INTA\npcib7: slot 4 INTA hardwired to IRQ 16\npci15: \u003cdisplay, VGA\u003e at device 4.0 (no driver attached)\nisab0: \u003cPCI-ISA bridge\u003e at device 31.0 on pci0\nisa0: \u003cISA bus\u003e on isab0\natapci0: \u003cIntel ICH7 UDMA100 controller\u003e port 0x1f0-0x1f7,0x3f6,0x170-0x177,0x376,0x30a0-0x30af at device 31.1 on pci0\natapci0: Reserved 0x10 bytes for rid 0x20 type 4 at 0x30a0\nata0: \u003cATA channel 0\u003e on atapci0\natapci0: Reserved 0x8 bytes for rid 0x10 type 4 at 0x1f0\natapci0: Reserved 0x1 bytes for rid 0x14 type 4 at 0x3f6\nata0: reset tp1 mask=03 ostat0=7f ostat1=51\nata0: stat0=0x00 err=0x00 lsb=0x00 msb=0x00\nata0: stat1=0x00 err=0x01 lsb=0x14 msb=0xeb\nata0: reset tp2 stat0=00 stat1=00 devices=0x8\u003cATAPI_SLAVE\u003e\nioapic0: routing intpin 14 (ISA IRQ 14) to vector 55\nata0: [MPSAFE]\nata1: \u003cATA channel 1\u003e on atapci0\natapci0: Reserved 0x8 bytes for rid 0x18 type 4 at 0x170\natapci0: Reserved 0x1 bytes for rid 0x1c type 4 at 0x376\nata1: reset tp1 mask=03 ostat0=7f ostat1=7f\nata1: stat0=0x7f err=0x7f lsb=0x7f msb=0x7f\nata1: stat0=0x7f err=0x7f lsb=0x7f msb=0x7f\nata1: stat0=0x7f err=0x7f lsb=0x7f msb=0x7f\nata1: stat0=0x7f err=0x7f lsb=0x7f msb=0x7f\nata1: stat0=0x7f err=0x7f lsb=0x7f msb=0x7f\nata1: stat0=0x7f err=0x7f lsb=0x7f msb=0x7f\nata1: stat0=0x7f err=0x7f lsb=0x7f msb=0x7f\nata1: stat0=0x7f err=0x7f lsb=0x7f msb=0x7f\nata1: stat0=0x7f err=0x7f lsb=0x7f msb=0x7f\nata1: stat0=0x7f err=0x7f lsb=0x7f msb=0x7f\nata1: stat0=0x7f err=0x7f lsb=0x7f msb=0x7f\nata1: stat0=0x7f err=0x7f lsb=0x7f msb=0x7f\nata1: stat1=0x7f err=0x7f lsb=0x7f msb=0x7f\nata1: reset tp2 stat0=ff stat1=ff devices=0x0\nioapic0: routing intpin 15 (ISA IRQ 15) to vector 56\nata1: [MPSAFE]\npci0: \u003cserial bus, SMBus\u003e at device 31.3 (no driver attached)\nacpi_button0: \u003cPower Button\u003e on acpi0\natkbdc0: \u003cKeyboard controller (i8042)\u003e port 0x60,0x64 irq 1 on acpi0\natkbd0: \u003cAT Keyboard\u003e irq 1 on atkbdc0\nkbd0 at atkbd0\nkbd0: atkbd0, generic (0), config:0x0, flags:0x3f0000\nioapic0: routing intpin 1 (ISA IRQ 1) to vector 57\natkbd0: [GIANT-LOCKED]\npsm0: unable to allocate IRQ\npsmcpnp0: \u003cPS/2 mouse port\u003e irq 12 on acpi0\npsm0: current command byte:0067\nkbdc: TEST_AUX_PORT status:0000\nkbdc: RESET_AUX return code:00fe\nkbdc: RESET_AUX return code:00fe\nkbdc: RESET_AUX return code:00fe\nkbdc: DIAGNOSE status:0055\nkbdc: TEST_KBD_PORT status:0000\npsm0: failed to reset the aux device.\nsio0: irq maps: 0x4c21 0x4c31 0x4c21 0x4c21\nsio0: \u003c16550A-compatible COM port\u003e port 0x3f8-0x3ff irq 4 flags 0x10 on acpi0\nsio0: type 16550A, console\nioapic0: routing intpin 4 (ISA IRQ 4) to vector 58\nsio1: irq maps: 0x4c21 0x4c29 0x4c21 0x4c21\nsio1: \u003c16550A-compatible COM port\u003e port 0x2f8-0x2ff irq 3 on acpi0\nsio1: type 16550A\nioapic0: routing intpin 3 (ISA IRQ 3) to vector 59\nfdc0: \u003cfloppy drive controller\u003e port 0x3f0-0x3f5,0x3f7 irq 6 drq 2 on acpi0\nfdc0: ic_type 90 part_id 80\nioapic0: routing intpin 6 (ISA IRQ 6) to vector 60\nfdc0: [MPSAFE]\nfdc0: [FAST]\nppc0: using extended I/O port range\nppc0: ECP SPP ECP+EPP SPP\nppc0: \u003cECP parallel printer port\u003e port 0x378-0x37f,0x778-0x77f irq 7 drq 3 on acpi0\nppc0: SMC-like chipset (ECP/EPP/PS2/NIBBLE) in COMPATIBLE mode\nppc0: FIFO with 16/16/9 bytes threshold\nppbus0: \u003cParallel port bus\u003e on ppc0\nplip0: \u003cPLIP network interface\u003e on ppbus0\nplip0: bpf attached\nlpt0: \u003cPrinter\u003e on ppbus0\nlpt0: Interrupt-driven port\nppi0: \u003cParallel I/O\u003e on ppbus0\nioapic0: routing intpin 7 (ISA IRQ 7) to vector 61\nex_isa_identify()\natkbdc: atkbdc0 already exists; skipping it\nfdc: fdc0 already exists; skipping it\nppc: ppc0 already exists; skipping it\nsio: sio0 already exists; skipping it\nsio: sio1 already exists; skipping it\npnp_identify: Trying Read_Port at 203\npnp_identify: Trying Read_Port at 243\npnp_identify: Trying Read_Port at 283\npnp_identify: Trying Read_Port at 2c3\npnp_identify: Trying Read_Port at 303\npnp_identify: Trying Read_Port at 343\npnp_identify: Trying Read_Port at 383\npnp_identify: Trying Read_Port at 3c3\nPNP Identify complete\nsc: sc0 already exists; skipping it\nvga: vga0 already exists; skipping it\nisa_probe_children: disabling PnP devices\nisa_probe_children: probing non-PnP devices\norm0: \u003cISA Option ROMs\u003e at iomem 0xc0000-0xcafff,0xcb000-0xcbfff,0xcc000-0xccfff,0xcd000-0xce7ff on isa0\nsc0: \u003cSystem console\u003e at flags 0x100 on isa0\nsc0: VGA \u003c16 virtual consoles, flags=0x300\u003e\nsc0: fb0, kbd1, terminal emulator: sc (syscons terminal)\nsio2: not probed (disabled)\nsio3: not probed (disabled)\nvga0: \u003cGeneric ISA VGA\u003e at port 0x3c0-0x3df iomem 0xa0000-0xbffff on isa0\nisa_probe_children: probing PnP devices\nDevice configuration finished.\nReducing kern.maxvnodes 233016 -\u003e 100000\nprocfs registered\nlinprocfs registered\nlapic: Divisor 2, Frequency 99750277 hz\nTimecounter \"TSC\" frequency 3391521165 Hz quality 800\nTimecounters tick every 1em0: Link is up 100 Mbps Full Duplex\n.000 msec\nLinux ELF exec handler installed\nlo0: bpf attached\nrr232x: no controller detected.\nem0: link state changed to UP\nata0-slave: pio=PIO4 wdma=WDMA2 udma=UNSUPPORTED cable=40 wire\nacd0: setting PIO4 on ICH7 chip\nacd0: \u003cCompaq CRN-8245B/1.16\u003e CDROM drive at ata0 as slave\nacd0: read 4125KB/s (4125KB/s), 128KB buffer, PIO4\nacd0: Reads: CDR, CDRW, CDDA stream, packet\nacd0: Writes:\nacd0: Audio: play, 255 volume levels\nacd0: Mechanism: ejectable tray, unlocked\nacd0: Medium: no/blank disc\n[kernel boot hangs here]\n\nFix: \n\nDisable ACPI from loader menu.\nHow-To-Repeat: Boot system with ACPI enabled (default)."
}