{
 "id": 483666,
 "bug_id": 131426,
 "attachment_id": 0,
 "creation_time": "2009-02-05T17:10:01Z",
 "creator": "as@cmplx.uk",
 "text": "This is an old laptop Compaq Armada 1700.\n\nadding hald_enable=\"YES\" to /etc/rc.conf makes cdrom fail straight after boot\nwith \n\nacd0: FAILURE - unknown CMD (0x03) ILLEGAL REQUEST asc=0x24 ascq=0x00 sks=0x40 0\nx00 0x00\n\nThe error message is repeated approx. every 2 seconds indefinitely.\nAfter rebooting without hald_enable, all is fine again, checked 3-4 times.\n\nhald_enable=\"YES\" is required to make mouse and keyboard detected in X, so\nthe problem results in unusable X.\n\n#cat dmesg\nCopyright (c) 1992-2009 The FreeBSD Project.\nCopyright (c) 1979, 1980, 1983, 1986, 1988, 1989, 1991, 1992, 1993, 1994\n\tThe Regents of the University of California. All rights reserved.\nFreeBSD is a registered trademark of The FreeBSD Foundation.\nFreeBSD 7.1-STABLE #0: Sat Jan 31 14:31:50 GMT 2009\n    mexas@mech-aslap33.men.bris.ac.uk:/usr/obj/usr/src/sys/ARMADA1700\nTimecounter \"i8254\" frequency 1193182 Hz quality 0\nCPU: Pentium II/Pentium II Xeon/Celeron (233.34-MHz 686-class CPU)\n  Origin = \"GenuineIntel\"  Id = 0x652  Stepping = 2\n  Features=0x183f9ff\u003cFPU,VME,DE,PSE,TSC,MSR,PAE,MCE,CX8,SEP,MTRR,PGE,MCA,CMOV,PAT,PSE36,MMX,FXSR\u003e\nreal memory  = 167772160 (160 MB)\navail memory = 154570752 (147 MB)\npcib0: \u003cIntel 82443BX host to PCI bridge (AGP disabled)\u003e pcibus 0 on motherboard\npci0: \u003cPCI bus\u003e on pcib0\nisab0: \u003cPCI-ISA bridge\u003e at device 7.0 on pci0\nisa0: \u003cISA bus\u003e on isab0\natapci0: \u003cIntel PIIX4 UDMA33 controller\u003e port 0x1f0-0x1f7,0x3f6,0x170-0x177,0x376,0x1020-0x102f at device 7.1 on pci0\nata0: \u003cATA channel 0\u003e on atapci0\nata0: [ITHREAD]\nata1: \u003cATA channel 1\u003e on atapci0\nata1: [ITHREAD]\nuhci0: \u003cIntel 82371AB/EB (PIIX4) USB controller\u003e port 0x1000-0x101f irq 11 at device 7.2 on pci0\nuhci0: [GIANT-LOCKED]\nuhci0: [ITHREAD]\nusb0: \u003cIntel 82371AB/EB (PIIX4) USB controller\u003e on uhci0\nusb0: USB revision 1.0\nuhub0: \u003cIntel UHCI root hub, class 9/0, rev 1.00/1.00, addr 1\u003e on usb0\nuhub0: 2 ports with 2 removable, self powered\npci0: \u003cbridge\u003e at device 7.3 (no driver attached)\nvgapci0: \u003cVGA-compatible display\u003e mem 0x40000000-0x40ffffff at device 8.0 on pci0\ncbb0: \u003cTI1220 PCI-CardBus Bridge\u003e mem 0x7fffe000-0x7fffefff irq 11 at device 17.0 on pci0\ncardbus0: \u003cCardBus bus\u003e on cbb0\npccard0: \u003c16-bit PCCard bus\u003e on cbb0\ncbb0: [ITHREAD]\ncbb1: \u003cTI1220 PCI-CardBus Bridge\u003e mem 0x7ffff000-0x7fffffff irq 11 at device 17.1 on pci0\ncardbus1: \u003cCardBus bus\u003e on cbb1\npccard1: \u003c16-bit PCCard bus\u003e on cbb1\ncbb1: [ITHREAD]\ncpu0 on motherboard\npmtimer0 on isa0\norm0: \u003cISA Option ROM\u003e at iomem 0xc0000-0xcafff pnpid ORM0000 on isa0\natkbdc0: \u003cKeyboard controller (i8042)\u003e at port 0x60,0x64 on isa0\natkbd0: \u003cAT Keyboard\u003e irq 1 on atkbdc0\nkbd0 at atkbd0\natkbd0: [GIANT-LOCKED]\natkbd0: [ITHREAD]\npsm0: \u003cPS/2 Mouse\u003e irq 12 on atkbdc0\npsm0: [GIANT-LOCKED]\npsm0: [ITHREAD]\npsm0: model IntelliMouse, device ID 3\nfdc0: \u003cEnhanced floppy controller\u003e at port 0x3f0-0x3f5,0x3f7 irq 6 drq 2 on isa0\nfdc0: [FILTER]\nfd0: \u003c1440-KB 3.5\" drive\u003e on fdc0 drive 0\nppc0: \u003cParallel port\u003e at port 0x378-0x37f irq 7 on isa0\nppc0: Generic chipset (EPP/NIBBLE) in COMPATIBLE mode\nppbus0: \u003cParallel port bus\u003e on ppc0\nppbus0: [ITHREAD]\nlpt0: \u003cPrinter\u003e on ppbus0\nlpt0: Interrupt-driven port\nppc0: [GIANT-LOCKED]\nppc0: [ITHREAD]\nsc0: \u003cSystem console\u003e at flags 0x100 on isa0\nsc0: VGA \u003c16 virtual consoles, flags=0x300\u003e\nsio0 at port 0x3f8-0x3ff irq 4 flags 0x10 on isa0\nsio0: type 16550A\nsio0: [FILTER]\nsio1: configured irq 3 not in bitmap of probed irqs 0\nsio1: port may not be enabled\nvga0: \u003cGeneric ISA VGA\u003e at port 0x3c0-0x3df iomem 0xa0000-0xbffff on isa0\nunknown: \u003cPNP0401\u003e can't assign resources (port)\nunknown: \u003cPNP0501\u003e can't assign resources (port)\nunknown: \u003cPNP0700\u003e can't assign resources (port)\nsbc0: \u003cESS ES1869 (Compaq OEM)\u003e at port 0x230-0x23f,0x388-0x38b,0x300-0x301 irq 5 drq 0,1 pnpid CPQb0ac on isa0\nsbc0: [GIANT-LOCKED]\nsbc0: [ITHREAD]\npcm0: \u003cESS 18xx DSP\u003e on sbc0\npcm0: [GIANT-LOCKED]\npcm0: [ITHREAD]\nunknown: \u003cPNP0c01\u003e can't assign resources (memory)\nunknown: \u003cPNP0303\u003e can't assign resources (port)\nunknown: \u003cPNP0f13\u003e can't assign resources (irq)\nunknown: \u003cPNP0c02\u003e can't assign resources (memory)\nTimecounter \"TSC\" frequency 233343487 Hz quality 800\nTimecounters tick every 1.000 msec\nad0: 38154MB \u003cSeagate ST940815A 3.ALD\u003e at ata0-master UDMA33\nrl0: \u003cRealTek 8139 10/100BaseTX\u003e port 0x1100-0x11ff mem 0x88000000-0x880001ff irq 11 at device 0.0 on cardbus0\nmiibus0: \u003cMII bus\u003e on rl0\nrlphy0: \u003cRealTek internal media interface\u003e PHY 0 on miibus0\nrlphy0:  10baseT, 10baseT-FDX, 100baseTX, 100baseTX-FDX, auto\nrl0: Ethernet address: 00:02:44:7b:52:b8\nrl0: [ITHREAD]\nacd0: CDROM \u003cUJDA150/1.02\u003e at ata0-slave PIO4\nTrying to mount root from ufs:/dev/ad0s1a\nacd0: FAILURE - unknown CMD (0x03) ILLEGAL REQUEST asc=0x24 ascq=0x00 sks=0x40 0x00 0x00\nacd0: FAILURE - unknown CMD (0x03) ILLEGAL REQUEST asc=0x24 ascq=0x00 sks=0x40 0x00 0x00\nacd0: FAILURE - unknown CMD (0x03) ILLEGAL REQUEST asc=0x24 ascq=0x00 sks=0x40 0x00 0x00\nrl0: watchdog timeout\nacd0: FAILURE - unknown CMD (0x03) ILLEGAL REQUEST asc=0x24 ascq=0x00 sks=0x40 0x00 0x00\nacd0: FAILURE - unknown CMD (0x03) ILLEGAL REQUEST asc=0x24 ascq=0x00 sks=0x40 0x00 0x00\nacd0: FAILURE - unknown CMD (0x03) ILLEGAL REQUEST asc=0x24 ascq=0x00 sks=0x40 0x00 0x00\nacd0: FAILURE - unknown CMD (0x03) ILLEGAL REQUEST asc=0x24 ascq=0x00 sks=0x40 0x00 0x00\nacd0: FAILURE - unknown CMD (0x03) ILLEGAL REQUEST asc=0x24 ascq=0x00 sks=0x40 0x00 0x00\nacd0: FAILURE - unknown CMD (0x03) ILLEGAL REQUEST asc=0x24 ascq=0x00 sks=0x40 0x00 0x00\nacd0: FAILURE - unknown CMD (0x03) ILLEGAL REQUEST asc=0x24 ascq=0x00 sks=0x40 0x00 0x00\nacd0: FAILURE - unknown CMD (0x03) ILLEGAL REQUEST asc=0x24 ascq=0x00 sks=0x40 0x00 0x00\nacd0: FAILURE - unknown CMD (0x03) ILLEGAL REQUEST asc=0x24 ascq=0x00 sks=0x40 0x00 0x00\nacd0: FAILURE - unknown CMD (0x03) ILLEGAL REQUEST asc=0x24 ascq=0x00 sks=0x40 0x00 0x00\nacd0: FAILURE - unknown CMD (0x03) ILLEGAL REQUEST asc=0x24 ascq=0x00 sks=0x40 0x00 0x00\nacd0: FAILURE - unknown CMD (0x03) ILLEGAL REQUEST asc=0x24 ascq=0x00 sks=0x40 0x00 0x00\nacd0: FAILURE - unknown CMD (0x03) ILLEGAL REQUEST asc=0x24 ascq=0x00 sks=0x40 0x00 0x00\nacd0: FAILURE - unknown CMD (0x03) ILLEGAL REQUEST asc=0x24 ascq=0x00 sks=0x40 0x00 0x00\n\nFix: \n\nno idea, I think hal port is buggy. I think it is giving me problems on\n8.0-current as well.\nHow-To-Repeat: \nOn Compaq Armada 1700 laptop, FBSD-7.1-stable add hald_enable=\"YES\" to\n/etc/rc.conf and reboot"
}