{
 "id": 429991,
 "bug_id": 120528,
 "attachment_id": 0,
 "creation_time": "2008-02-11T10:10:01Z",
 "creator": "jdalberg@gmail.com",
 "text": "The box runs rtorrent and after a few days of low-med traffic it becomes\nunable to move traffic in or out. It is pingable, but cant move trafic,\nso you cant SSH in, for instance.\n\nThe problem was there in 7.0b3 aswell. We didnt notice on 7.0b2.\n\nFreeBSD 7.0-RC1 #0: Mon Dec 24 12:18:24 UTC 2007\n    root@logan.cse.buffalo.edu:/usr/obj/usr/src/sys/GENERIC\nTimecounter \"i8254\" frequency 1193182 Hz quality 0\nCPU: Intel(R) Xeon(R) CPU           E5335  @ 2.00GHz (2000.01-MHz 686-class CPU)\n  Origin = \"GenuineIntel\"  Id = 0x6f7  Stepping = 7\n  Features=0xbfebfbff\u003cFPU,VME,DE,PSE,TSC,MSR,PAE,MCE,CX8,APIC,SEP,MTRR,PGE,MCA,CMOV,PAT,PSE36,CLFLUSH,DTS,ACPI,MMX,FXSR,SSE,SSE2,SS,HTT,TM,PBE\u003e\n  Features2=0x4e33d\u003cSSE3,RSVD2,MON,DS_CPL,VMX,TM2,SSSE3,CX16,xTPR,PDCM,DCA\u003e\n  AMD Features=0x20000000\u003cLM\u003e\n  AMD Features2=0x1\u003cLAHF\u003e\n  Cores per package: 4\nreal memory  = 2145746944 (2046 MB)\navail memory = 2090229760 (1993 MB)\nACPI APIC Table: \u003cHP     00000083\u003e\nFreeBSD/SMP: Multiprocessor System Detected: 4 CPUs\n cpu0 (BSP): APIC ID:  0\n cpu1 (AP): APIC ID:  1\n cpu2 (AP): APIC ID:  2\n cpu3 (AP): APIC ID:  3\n\nbce0: \u003cBroadcom NetXtreme II BCM5708 1000Base-T (B2)\u003e mem 0xf8000000-0xf9ffffff irq 16 at device 0.0 on pci3\nbrgphy0: \u003cBCM5708C 10/100/1000baseTX PHY\u003e PHY 1 on miibus0\n\nacd0: CDRW \u003cHL-DT-STCD-RW/DVD DRIVE GCC-4244N/2.00\u003e at ata0-master UDMA33\nSMP: AP CPU #1 Launched!\nSMP: AP CPU #3 Launched!\nSMP: AP CPU #2 Launched!\nda0 at ciss0 bus 0 target 0 lun 0\nda0: \u003cCOMPAQ RAID 1  VOLUME OK\u003e Fixed Direct Access SCSI-5 device \nda0: 135.168MB/s transfers\nda0: 69973MB (143305920 512 byte sectors: 255H 32S/T 17562C)\nda1 at ciss0 bus 0 target 1 lun 0\nda1: \u003cCOMPAQ RAID 0  VOLUME OK\u003e Fixed Direct Access SCSI-5 device \nda1: 135.168MB/s transfers\nda1: 69973MB (143305920 512 byte sectors: 255H 32S/T 17562C)\nda2 at ciss0 bus 0 target 2 lun 0\nda2: \u003cCOMPAQ RAID 0  VOLUME OK\u003e Fixed Direct Access SCSI-5 device \nda2: 135.168MB/s transfers\nda2: 69973MB (143305920 512 byte sectors: 255H 32S/T 17562C)\n\nFix: \n\nWe have to coldstart the box to fix.\nHow-To-Repeat: We can repeat by starting rtorrent on the machine and letting it run\ntraffic for a few days."
}