{
 "id": 447552,
 "bug_id": 124130,
 "attachment_id": 0,
 "creation_time": "2008-05-30T13:50:00Z",
 "creator": "kena@vodka-pomme.net",
 "text": "Using a gmirror/gjournal filesystem on 2 external USB drives, the gmirror device is not detected during boot if the drives are connected prior to booting.\n\nIt should.\n\nIt is detected correctly if the USB drives are connected *after* the boot has completed (after \"login\" starts).\n\nConfiguration (when all is fine):\n\numass0: \u003cNEC Electronics uPD720133, class 0/0, rev 2.00/0.00, addr 2\u003e on uhub3\numass1: \u003cNEC Electronics uPD720133, class 0/0, rev 2.00/0.00, addr 3\u003e on uhub3\nda0 at umass-sim1 bus 1 target 0 lun 0\nda0: \u003cSAMSUNG SP1604N TM10\u003e Fixed Direct Access SCSI-2 device \nda0: 40.000MB/s transfers\nda0: 152627MB (312581808 512 byte sectors: 255H 63S/T 19457C)\nda1 at umass-sim0 bus 0 target 0 lun 0\nda1: \u003cSAMSUNG SP1604N TM10\u003e Fixed Direct Access SCSI-2 device \nda1: 40.000MB/s transfers\nda1: 152627MB (312581808 512 byte sectors: 255H 63S/T 19457C)\n\n# glabel status\n      Name  Status  Components\nufs/dumpty     N/A  da0s2a\nufs/humpty     N/A  da1s2a\n    ufs/ao     N/A  mirror/cxm.journal\n\n# gjournal status\n              Name  Status  Components\nmirror/cxm.journal     N/A  mirror/cxm\n\n# gmirror status\n      Name    Status  Components\nmirror/cxm  COMPLETE  da0s1\n                      da1s1\n\n\ndmesg report when booting the system with the drives connected prior to boot:\nCopyright (c) 1992-2008 The FreeBSD Project.\nCopyright (c) 1979, 1980, 1983, 1986, 1988, 1989, 1991, 1992, 1993, 1994\n        The Regents of the University of California. All rights reserved.\nFreeBSD is a registered trademark of The FreeBSD Foundation.\nFreeBSD 7.0-STABLE #2: Fri May 30 13:10:57 CEST 2008\n    root@fungus.kalhua:/usr/obj/usr/src/sys/GENERIC\nTimecounter \"i8254\" frequency 1193182 Hz quality 0\nCPU: Intel(R) Pentium(R) 4 CPU 1.80GHz (1793.36-MHz 686-class CPU)\n  Origin = \"GenuineIntel\"  Id = 0xf24  Stepping = 4\n  Features=0x3febfbff\u003cFPU,VME,DE,PSE,TSC,MSR,PAE,MCE,CX8,APIC,SEP,MTRR,PGE,MCA,CMOV,PAT,PSE36,CLFLUSH,DTS,ACPI,M\nMX,FXSR,SSE,SSE2,SS,HTT,TM\u003e\nreal memory  = 1072107520 (1022 MB)\navail memory = 1035526144 (987 MB)\nkbd1 at kbdmux0\nath_hal: 0.9.20.3 (AR5210, AR5211, AR5212, RF5111, RF5112, RF2413, RF5413)\nacpi0: \u003cDELL GX260  \u003e on motherboard\nacpi0: [ITHREAD]\nacpi0: Power Button (fixed)\nacpi0: reservation of 0, a0000 (3) failed\nacpi0: reservation of 100000, f00000 (3) failed\nacpi0: reservation of 1000000, 3ee71000 (3) failed\nTimecounter \"ACPI-fast\" frequency 3579545 Hz quality 1000\nacpi_timer0: \u003c24-bit timer at 3.579545MHz\u003e port 0x808-0x80b on acpi0\ncpu0: \u003cACPI CPU\u003e on acpi0\np4tcc0: \u003cCPU Frequency Thermal Control\u003e on cpu0\nacpi_button0: \u003cPower Button\u003e on acpi0\npcib0: \u003cACPI Host-PCI bridge\u003e port 0xcf8-0xcff on acpi0\npci0: \u003cACPI PCI bus\u003e on pcib0\nvgapci0: \u003cVGA-compatible display\u003e mem 0xf0000000-0xf7ffffff,0xff680000-0xff6fffff irq 9 at device 2.0 on pci0\nagp0: \u003cIntel 82845M (845M GMCH) SVGA controller\u003e on vgapci0\nagp0: detected 892k stolen memory\nagp0: aperture size is 128M\nhci0: \u003cIntel 82801DB (ICH4) USB controller USB-A\u003e port 0xff80-0xff9f irq 9 at device 29.0 on pci0\nuhci0: [GIANT-LOCKED]\nuhci0: [ITHREAD]\nusb0: \u003cIntel 82801DB (ICH4) USB controller USB-A\u003e on uhci0\nusb0: USB revision 1.0\nuhub0: \u003cIntel UHCI root hub, class 9/0, rev 1.00/1.00, addr 1\u003e on usb0\nuhub0: 2 ports with 2 removable, self powered\nuhci1: \u003cIntel 82801DB (ICH4) USB controller USB-B\u003e port 0xff60-0xff7f irq 11 at device 29.1 on pci0\nuhci1: [GIANT-LOCKED]\nuhci1: [ITHREAD]\nusb1: \u003cIntel 82801DB (ICH4) USB controller USB-B\u003e on uhci1\nusb1: USB revision 1.0\nuhub1: \u003cIntel UHCI root hub, class 9/0, rev 1.00/1.00, addr 1\u003e on usb1\nuhub1: 2 ports with 2 removable, self powered\nuhci2: \u003cIntel 82801DB (ICH4) USB controller USB-C\u003e port 0xff40-0xff5f irq 10 at device 29.2 on pci0\nuhci2: [GIANT-LOCKED]\nuhci2: [ITHREAD]\nusb2: \u003cIntel 82801DB (ICH4) USB controller USB-C\u003e on uhci2\nusb2: USB revision 1.0\nuhub2: \u003cIntel UHCI root hub, class 9/0, rev 1.00/1.00, addr 1\u003e on usb2\nuhub2: 2 ports with 2 removable, self powered\nehci0: \u003cIntel 82801DB/L/M (ICH4) USB 2.0 controller\u003e mem 0xffa00800-0xffa00bff irq 3 at device 29.7 on pci0\nehci0: [GIANT-LOCKED]\nehci0: [ITHREAD]\nusb3: EHCI version 1.0\nusb3: companion controllers, 2 ports each: usb0 usb1 usb2\nusb3: \u003cIntel 82801DB/L/M (ICH4) USB 2.0 controller\u003e on ehci0\nusb3: USB revision 2.0\nuhub3: \u003cIntel EHCI root hub, class 9/0, rev 2.00/1.00, addr 1\u003e on usb3\nuhub3: 6 ports with 6 removable, self powered\numass0: \u003cNEC Electronics uPD720133, class 0/0, rev 2.00/0.00, addr 2\u003e on uhub3\numass1: \u003cNEC Electronics uPD720133, class 0/0, rev 2.00/0.00, addr 3\u003e on uhub3\npcib1: \u003cACPI PCI-PCI bridge\u003e at device 30.0 on pci0\npci1: \u003cACPI PCI bus\u003e on pcib1\nrl0: \u003cRealTek 8139 10/100BaseTX\u003e port 0xec00-0xecff mem 0xff8ffc00-0xff8ffcff irq 9 at device 7.0 on pci1\nmiibus0: \u003cMII bus\u003e on rl0\nrlphy0: \u003cRealTek internal media interface\u003e PHY 0 on miibus0\nrlphy0:  10baseT, 10baseT-FDX, 100baseTX, 100baseTX-FDX, auto\nrl0: Ethernet address: 00:50:fc:0d:6f:8a\nrl0: [ITHREAD]\ndc0: \u003cIntel 21143 10/100BaseTX\u003e port 0xe880-0xe8ff mem 0xff8ff800-0xff8ffbff irq 11 at device 8.0 on pci1\nmiibus1: \u003cMII bus\u003e on dc0\ndcphy0: \u003cIntel 21143 NWAY media interface\u003e PHY 31 on miibus1\ndcphy0:  10baseT, 10baseT-FDX, 100baseTX, 100baseTX-FDX, auto\ndc0: Ethernet address: 00:c0:ca:17:63:4d\ndc0: [ITHREAD]\nem0: \u003cIntel(R) PRO/1000 Network Connection 6.9.5\u003e port 0xe840-0xe87f mem 0xff8c0000-0xff8dffff irq 10 at device 12.0 on pci1\nem0: [FILTER]\nem0: Ethernet address: 00:08:74:13:6a:c7\nisab0: \u003cPCI-ISA bridge\u003e at device 31.0 on pci0\nisa0: \u003cISA bus\u003e on isab0\natapci0: \u003cIntel ICH4 UDMA100 controller\u003e port 0x1f0-0x1f7,0x3f6,0x170-0x177,0x376,0xffa0-0xffaf at device 31.1 on pci0\nata0: \u003cATA channel 0\u003e on atapci0\nata0: [ITHREAD]\nata1: \u003cATA channel 1\u003e on atapci0\nata1: [ITHREAD]\npci0: \u003cserial bus, SMBus\u003e at device 31.3 (no driver attached)\npci0: \u003cmultimedia, audio\u003e at device 31.5 (no driver attached)\nfdc0: \u003cfloppy drive controller\u003e port 0x3f0-0x3f5,0x3f7 irq 6 drq 2 on acpi0\nfdc0: [FILTER]\nfd0: \u003c1440-KB 3.5\" drive\u003e on fdc0 drive 0\natkbdc0: \u003cKeyboard controller (i8042)\u003e port 0x60,0x64 irq 1 on acpi0\natkbd0: \u003cAT Keyboard\u003e irq 1 on atkbdc0\nkbd0 at atkbd0\natkbd0: [GIANT-LOCKED]\natkbd0: [ITHREAD]\nsio0: \u003c16550A-compatible COM port\u003e port 0x3f8-0x3ff irq 4 flags 0x10 on acpi0\nsio0: type 16550A\nsio0: [FILTER]\npmtimer0 on isa0\norm0: \u003cISA Option ROMs\u003e at iomem 0xc0000-0xcafff,0xcb000-0xcbfff pnpid ORM0000 on isa0\nsc0: \u003cSystem console\u003e at flags 0x100 on isa0\nsc0: VGA \u003c16 virtual consoles, flags=0x300\u003e\nsio1: configured irq 3 not in bitmap of probed irqs 0\nsio1: port may not be enabled\nvga0: \u003cGeneric ISA VGA\u003e at port 0x3c0-0x3df iomem 0xa0000-0xbffff on isa0\nulpt0: \u003cBrother HL-2030 series, class 0/0, rev 2.00/1.00, addr 2\u003e on uhub1\nulpt0: using bi-directional mode\nTimecounter \"TSC\" frequency 1793362192 Hz quality 800\nTimecounters tick every 1.000 msec\nad0: 38172MB \u003cMAXTOR 6L040J2 A93.0500\u003e at ata0-master UDMA100\nacd0: CDROM \u003cLite-On LTN486S 48x Max/YDS4\u003e at ata1-master UDMA33\nda0 at umass-sim0 bus 0 target 0 lun 0\nda0: \u003cSAMSUNG SP1604N TM10\u003e Fixed Direct Access SCSI-2 device \nda0: 40.000MB/s transfers\nda0: 152627MB (312581808 512 byte sectors: 255H 63S/T 19457C)\nda1 at umass-sim1 bus 1 target 0 lun 0\nda1: \u003cSAMSUNG SP1604N TM10\u003e Fixed Direct Access SCSI-2 device \nda1: 40.000MB/s transfers\nda1: 152627MB (312581808 512 byte sectors: 255H 63S/T 19457C)\nGEOM_LABEL: Label for provider da0s2a is ufs/humpty.\nGEOM_LABEL: Label for provider da1s2a is ufs/dumpty.\nTrying to mount root from ufs:/dev/ad0s1a\n\n\nAt this point the system is up, the two \"regular\" UFS filesystems are mounted, but the device mirror/cxm has not been enabled:\n\n# gmirror status\n(no output)\n\nWhen using \"gmirror unload; gmirror load\" nothing happens (i.e. no disk activity, no further dmesg output, no new devices)\n\nAfter unmounting da0s2a and da1s2a and unplugging/replugging the drives to the system, dmesg reports the following additional messages:\n\numass1: at uhub3 port 4 (addr 3) disconnected\n(da1:umass-sim1:1:0:0): lost device\n(da1:umass-sim1:1:0:0): removing device entry\nGEOM_LABEL: Label ufs/dumpty removed.\numass1: detached\numass0: at uhub3 port 2 (addr 2) disconnected\n(da0:umass-sim0:0:0:0): lost device\n(da0:umass-sim0:0:0:0): removing device entry\nGEOM_LABEL: Label ufs/humpty removed.\numass0: detached\numass0: \u003cNEC Electronics uPD720133, class 0/0, rev 2.00/0.00, addr 2\u003e on uhub3\numass1: \u003cNEC Electronics uPD720133, class 0/0, rev 2.00/0.00, addr 3\u003e on uhub3\nda0 at umass-sim1 bus 1 target 0 lun 0\nda0: \u003cSAMSUNG SP1604N TM10\u003e Fixed Direct Access SCSI-2 device \nda0: 40.000MB/s transfers\nda0: 152627MB (312581808 512 byte sectors: 255H 63S/T 19457C)\nda1 at umass-sim0 bus 0 target 0 lun 0\nda1: \u003cSAMSUNG SP1604N TM10\u003e Fixed Direct Access SCSI-2 device \nda1: 40.000MB/s transfers\nda1: 152627MB (312581808 512 byte sectors: 255H 63S/T 19457C)\nGEOM_LABEL: Label for provider da0s2a is ufs/dumpty.\nGEOM_MIRROR: Device mirror/cxm launched (2/2).\nGEOM_JOURNAL: Journal 2557790385: mirror/cxm contains data.\nGEOM_JOURNAL: Journal 2557790385: mirror/cxm contains journal.\nGEOM_JOURNAL: Journal mirror/cxm clean.\nGEOM_LABEL: Label for provider da1s2a is ufs/humpty.\nGEOM_LABEL: Label for provider mirror/cxm.journal is ufs/ao.\n\nAt this point the device mirror/cxm is ready to use and can be mounted successfully.\n\nFix: \n\nDisconnect and reconnect the USB drives.\nHow-To-Repeat: 1. configure a 2-way mirror on external USB drives\n2. reboot the system while keeping the external drives connected (and externally powered)\n\nobserve: the gmirror is not detected upon system startup."
}