{
 "id": 496738,
 "bug_id": 134146,
 "attachment_id": 0,
 "creation_time": "2009-05-09T15:35:06Z",
 "creator": "info@martenvijn.nl",
 "text": "Hi,\n\nI have the same here, after a rebuild to r191935 it worked again\n\nthanks,\nMarten\n\nThe old info\n\n%uname -a\nFreeBSD dfd 8.0-CURRENT FreeBSD 8.0-CURRENT #0: Tue Dec 30 20:16:47 CET\n2008     root@dfd:/usr/obj/usr/src/sys/DEV-box  i386\n%\n\n\n%dmesg\nCopyright (c) 1992-2009 The FreeBSD Project.\nCopyright (c) 1979, 1980, 1983, 1986, 1988, 1989, 1991, 1992, 1993, 1994\n\tThe Regents of the University of California. All rights reserved.\nFreeBSD is a registered trademark of The FreeBSD Foundation.\nFreeBSD 8.0-CURRENT #0: Tue Dec 30 20:16:47 CET 2008\n    root@dfd:/usr/obj/usr/src/sys/DEV-box\nTimecounter \"i8254\" frequency 1193182 Hz quality 0\nCPU: AMD Athlon(tm) 64 X2 Dual Core Processor 6000+ (3006.28-MHz\n686-class CPU)\n  Origin = \"AuthenticAMD\"  Id = 0x40f33  Stepping = 3\n\nFeatures=0x178bfbff\u003cFPU,VME,DE,PSE,TSC,MSR,PAE,MCE,CX8,APIC,SEP,MTRR,PGE,MCA,CMOV,PAT,PSE36,CLFLUSH,MMX,FXSR,SSE,SSE2,HTT\u003e\n  Features2=0x2001\u003cSSE3,CX16\u003e\n  AMD Features=0xea500800\u003cSYSCALL,NX,MMX+,FFXSR,RDTSCP,LM,3DNow!+,3DNow!\n\u003e\n  AMD Features2=0x1f\u003cLAHF,CMP,SVM,ExtAPIC,CR8\u003e\n  Cores per package: 2\nreal memory  = 3354263552 (3198 MB)\navail memory = 3280052224 (3128 MB)\nACPI APIC Table: \u003cNvidia ASUSACPI\u003e\nFreeBSD/SMP: Multiprocessor System Detected: 2 CPUs\n cpu0 (BSP): APIC ID:  0\n cpu1 (AP): APIC ID:  1\nioapic0: Changing APIC ID to 2\nioapic0 \u003cVersion 1.1\u003e irqs 0-23 on motherboard\nkbd1 at kbdmux0\nacpi0: \u003cNvidia ASUSACPI\u003e on motherboard\nacpi0: [ITHREAD]\nacpi0: Power Button (fixed)\nacpi0: reservation of c7ee0000, 20000 (3) failed\nacpi0: reservation of 0, a0000 (3) failed\nacpi0: reservation of 100000, c7de0000 (3) failed\nTimecounter \"ACPI-fast\" frequency 3579545 Hz quality 1000\nacpi_timer0: \u003c24-bit timer at 3.579545MHz\u003e port 0x4008-0x400b on acpi0\nacpi_hpet0: \u003cHigh Precision Event Timer\u003e iomem 0xfefff000-0xfefff3ff on\nacpi0\nTimecounter \"HPET\" frequency 25000000 Hz quality 900\nacpi_button0: \u003cPower Button\u003e on acpi0\npcib0: \u003cACPI Host-PCI bridge\u003e port 0xcf8-0xcff on acpi0\npci0: \u003cACPI PCI bus\u003e on pcib0\npci0: \u003cmemory, RAM\u003e at device 0.0 (no driver attached)\npci0: \u003cmemory, RAM\u003e at device 0.1 (no driver attached)\npci0: \u003cmemory, RAM\u003e at device 0.2 (no driver attached)\npci0: \u003cmemory, RAM\u003e at device 0.3 (no driver attached)\npci0: \u003cmemory, RAM\u003e at device 0.4 (no driver attached)\npci0: \u003cmemory, RAM\u003e at device 0.5 (no driver attached)\npci0: \u003cmemory, RAM\u003e at device 0.6 (no driver attached)\npci0: \u003cmemory, RAM\u003e at device 0.7 (no driver attached)\nvgapci0: \u003cVGA-compatible display\u003e mem\n0xfc000000-0xfcffffff,0xd0000000-0xdfffffff,0xfb000000-0xfbffffff irq 16\nat device 5.0 on pci0\npci0: \u003cmemory, RAM\u003e at device 9.0 (no driver attached)\nisab0: \u003cPCI-ISA bridge\u003e at device 10.0 on pci0\nisa0: \u003cISA bus\u003e on isab0\npci0: \u003cserial bus, SMBus\u003e at device 10.1 (no driver attached)\npci0: \u003cmemory, RAM\u003e at device 10.2 (no driver attached)\nohci0: \u003cOHCI (generic) USB controller\u003e mem 0xfe02f000-0xfe02ffff at\ndevice 11.0 on pci0\nohci0: [GIANT-LOCKED]\nohci0: [ITHREAD]\nusb0: OHCI version 1.0, legacy support\nusb0: \u003cOHCI (generic) USB controller\u003e on ohci0\nusb0: USB revision 1.0\nuhub0: \u003cnVidia OHCI root hub, class 9/0, rev 1.00/1.00, addr 1\u003e on usb0\nuhub0: 8 ports with 8 removable, self powered\nehci0: \u003cEHCI (generic) USB 2.0 controller\u003e mem 0xfe02e000-0xfe02e0ff at\ndevice 11.1 on pci0\nehci0: [GIANT-LOCKED]\nehci0: [ITHREAD]\nusb1: EHCI version 1.0\nusb1: companion controller, 8 ports each: usb0\nusb1: \u003cEHCI (generic) USB 2.0 controller\u003e on ehci0\nusb1: USB revision 2.0\nuhub1: \u003cnVidia EHCI root hub, class 9/0, rev 2.00/1.00, addr 1\u003e on usb1\nuhub1: 8 ports with 8 removable, self powered\natapci0: \u003cnVidia nForce MCP51 UDMA133 controller\u003e port\n0x1f0-0x1f7,0x3f6,0x170-0x177,0x376,0xf400-0xf40f at device 13.0 on pci0\nata0: \u003cATA channel 0\u003e on atapci0\nata0: [ITHREAD]\nata1: \u003cATA channel 1\u003e on atapci0\nata1: [ITHREAD]\natapci1: \u003cnVidia nForce MCP51 SATA300 controller\u003e port\n0x9f0-0x9f7,0xbf0-0xbf3,0x970-0x977,0xb70-0xb73,0xe000-0xe00f mem\n0xfe02d000-0xfe02dfff irq 20 at device 14.0 on pci0\natapci1: [ITHREAD]\nata2: \u003cATA channel 0\u003e on atapci1\nata2: [ITHREAD]\nata3: \u003cATA channel 1\u003e on atapci1\nata3: [ITHREAD]\natapci2: \u003cnVidia nForce MCP51 SATA300 controller\u003e port\n0x9e0-0x9e7,0xbe0-0xbe3,0x960-0x967,0xb60-0xb63,0xcc00-0xcc0f mem\n0xfe02c000-0xfe02cfff irq 21 at device 15.0 on pci0\natapci2: [ITHREAD]\nata4: \u003cATA channel 0\u003e on atapci2\nata4: [ITHREAD]\nata5: \u003cATA channel 1\u003e on atapci2\nata5: [ITHREAD]\npcib1: \u003cACPI PCI-PCI bridge\u003e at device 16.0 on pci0\npci1: \u003cACPI PCI bus\u003e on pcib1\npci1: \u003cserial bus, FireWire\u003e at device 5.0 (no driver attached)\npcib2: \u003cPCI-PCI bridge\u003e at device 8.0 on pci1\npci2: \u003cPCI bus\u003e on pcib2\nste0: \u003cD-Link DL10050 10/100BaseTX\u003e port 0xbc00-0xbc7f irq 16 at device\n4.0 on pci2\nmiibus0: \u003cMII bus\u003e on ste0\nukphy0: \u003cGeneric IEEE 802.3u media interface\u003e PHY 1 on miibus0\nukphy0:  10baseT, 10baseT-FDX, 100baseTX, 100baseTX-FDX, auto\nste0: WARNING: using obsoleted if_watchdog interface\nste0: Ethernet address: 00:0d:88:68:57:20\nste0: [ITHREAD]\nste1: \u003cD-Link DL10050 10/100BaseTX\u003e port 0xb800-0xb87f irq 17 at device\n5.0 on pci2\nmiibus1: \u003cMII bus\u003e on ste1\nukphy1: \u003cGeneric IEEE 802.3u media interface\u003e PHY 1 on miibus1\nukphy1:  10baseT, 10baseT-FDX, 100baseTX, 100baseTX-FDX, auto\nste1: WARNING: using obsoleted if_watchdog interface\nste1: Ethernet address: 00:0d:88:68:57:21\nste1: [ITHREAD]\nste2: \u003cD-Link DL10050 10/100BaseTX\u003e port 0xb400-0xb47f irq 18 at device\n6.0 on pci2\nmiibus2: \u003cMII bus\u003e on ste2\nukphy2: \u003cGeneric IEEE 802.3u media interface\u003e PHY 1 on miibus2\nukphy2:  10baseT, 10baseT-FDX, 100baseTX, 100baseTX-FDX, auto\nste2: WARNING: using obsoleted if_watchdog interface\nste2: Ethernet address: 00:0d:88:68:57:22\nste2: [ITHREAD]\nste3: \u003cD-Link DL10050 10/100BaseTX\u003e port 0xb000-0xb07f irq 19 at device\n7.0 on pci2\nmiibus3: \u003cMII bus\u003e on ste3\nukphy3: \u003cGeneric IEEE 802.3u media interface\u003e PHY 1 on miibus3\nukphy3:  10baseT, 10baseT-FDX, 100baseTX, 100baseTX-FDX, auto\nste3: WARNING: using obsoleted if_watchdog interface\nste3: Ethernet address: 00:0d:88:68:57:23\nste3: [ITHREAD]\npci0: \u003cmultimedia, HDA\u003e at device 16.1 (no driver attached)\nnfe0: \u003cNVIDIA nForce 430 MCP13 Networking Adapter\u003e port 0xc800-0xc807\nmem 0xfe02b000-0xfe02bfff irq 23 at device 20.0 on pci0\nmiibus4: \u003cMII bus\u003e on nfe0\ne1000phy0: \u003cMarvell 88E1116 Gigabit PHY\u003e PHY 1 on miibus4\ne1000phy0:  10baseT, 10baseT-FDX, 100baseTX, 100baseTX-FDX,\n1000baseTX-FDX, auto\nnfe0: Ethernet address: 00:1d:60:00:96:a3\nnfe0: [FILTER]\nacpi_tz0: \u003cThermal Zone\u003e on acpi0\natrtc1: \u003cAT realtime clock\u003e port 0x70-0x73 on acpi0\nuart0: \u003c16550 or compatible\u003e port 0x3f8-0x3ff irq 4 flags 0x10 on acpi0\nuart0: [FILTER]\nuart1: \u003c16550 or compatible\u003e port 0x2f8-0x2ff irq 3 on acpi0\nuart1: [FILTER]\ncpu0: \u003cACPI CPU\u003e on acpi0\npowernow0: \u003cPowerNow! K8\u003e on cpu0\ncpu1: \u003cACPI CPU\u003e on acpi0\npowernow1: \u003cPowerNow! K8\u003e on cpu1\npmtimer0 on isa0\nsc0: \u003cSystem console\u003e at flags 0x100 on isa0\nsc0: VGA \u003c16 virtual consoles, flags=0x300\u003e\nvga0: \u003cGeneric ISA VGA\u003e at port 0x3c0-0x3df iomem 0xa0000-0xbffff on\nisa0\natkbdc0: \u003cKeyboard controller (i8042)\u003e at port 0x60,0x64 on isa0\natkbd0: \u003cAT Keyboard\u003e irq 1 on atkbdc0\nkbd0 at atkbd0\natkbd0: [GIANT-LOCKED]\natkbd0: [ITHREAD]\natrtc0: \u003cAT Real Time Clock\u003e at port 0x70 irq 8 on isa0\natrtc0: Warning: Couldn't map I/O.\natrtc0: Warning: Couldn't map Interrupt.\nucom0: \u003cProlific Technology Inc. USB-Serial Controller, class 0/0, rev\n1.10/3.00, addr 2\u003e on uhub0\nTimecounters tick every 1.000 msec\nad0: 76319MB \u003cWDC WD800JB-00JJC0 05.01C05\u003e at ata0-master UDMA100\nacd0: DVDROM \u003cLITEON DVD-ROM LTD163D/GHR3\u003e at ata1-slave UDMA33\nad4: 305245MB \u003cSAMSUNG HD321KJ CP100-10\u003e at ata2-master SATA300\nGEOM: ad0s1: geometry does not match label (255h,63s != 16h,63s).\nSMP: AP CPU #1 Launched!\nGEOM: ad4s1: geometry does not match label (255h,63s != 16h,63s).\nTrying to mount root from ufs:/dev/ad4s1a\nste0: link state changed to UP\nukbd0: \u003cCHICONY Keyboard NT68P81, class 0/0, rev 1.00/0.01, addr 3\u003e on\nuhub0\nkbd2 at ukbd0\n\n\n\n-- \nhttp://martenvijn.nl                 Marten Vijn \nhttp://martenvijn.nl/trac/wiki/soas  Sugar on a Stick\nhttp://bsd.wifisoft.org/nek/         The Network Event Kit\nhttp://har2009.org                   13th-16th August \nhttp://opencommunitycamp.org         26th Jul - 2nd August"
}