{
 "id": 689443,
 "bug_id": 172918,
 "attachment_id": 0,
 "creation_time": "2012-10-21T06:00:00Z",
 "creator": "jb.1234abcd@gmail.com",
 "text": "Error messages:\npci21: failed to set ACPI power state D2 on \\\\_SB_.PCI0.PCI1.CDBS: AE_BAD_PARAMETER\npci0: failed to set ACPI power state D2 on \\\\_SB_.PCI0.EXP0: AE_BAD_PARAMETER\npci0: failed to set ACPI power state D2 on \\\\_SB_.PCI0.EXP1: AE_BAD_PARAMETER\npci0: failed to set ACPI power state D2 on \\\\_SB_.PCI0.EXP2: AE_BAD_PARAMETER\n\n$ dmesg\nCopyright (c) 1992-2012 The FreeBSD Project.\nCopyright (c) 1979, 1980, 1983, 1986, 1988, 1989, 1991, 1992, 1993, 1994\n\tThe Regents of the University of California. All rights reserved.\nFreeBSD is a registered trademark of The FreeBSD Foundation.\nFreeBSD 9.1-RC2 #0 r241133: Tue Oct  2 17:11:45 UTC 2012\n    root@obrian.cse.buffalo.edu:/usr/obj/usr/src/sys/GENERIC i386\nCPU: Intel(R) Pentium(R) Dual  CPU  T2390  @ 1.86GHz (1862.04-MHz 686-class CPU)\n  Origin = \"GenuineIntel\"  Id = 0x6fd  Family = 6  Model = f  Stepping = 13\n  Features=0xbfebfbff\u003cFPU,VME,DE,PSE,TSC,MSR,PAE,MCE,CX8,APIC,SEP,MTRR,PGE,MCA,CMOV,PAT,PSE36,CLFLUSH,DTS,ACPI,MMX,FXSR,SSE,SSE2,SS,HTT,TM,PBE\u003e\n  Features2=0xe39d\u003cSSE3,DTES64,MON,DS_CPL,EST,TM2,SSSE3,CX16,xTPR,PDCM\u003e\n  AMD Features=0x20100000\u003cNX,LM\u003e\n  AMD Features2=0x1\u003cLAHF\u003e\n  TSC: P-state invariant, performance statistics\nreal memory  = 2147483648 (2048 MB)\navail memory = 2076921856 (1980 MB)\nEvent timer \"LAPIC\" quality 400\nACPI APIC Table: \u003cLENOVO TP-7P   \u003e\nFreeBSD/SMP: Multiprocessor System Detected: 2 CPUs\nFreeBSD/SMP: 1 package(s) x 2 core(s)\n cpu0 (BSP): APIC ID:  0\n cpu1 (AP): APIC ID:  1\nACPI Warning: 32/64X length mismatch in Gpe1Block: 0/32 (20110527/tbfadt-556)\nACPI Warning: Optional field Gpe1Block has zero address or length: 0x000000000000102C/0x0 (20110527/tbfadt-586)\nioapic0: Changing APIC ID to 1\nioapic0 \u003cVersion 2.0\u003e irqs 0-23 on motherboard\nkbd1 at kbdmux0\nctl: CAM Target Layer loaded\nacpi0: \u003cLENOVO TP-7P\u003e on motherboard\nCPU0: local APIC error 0x40\nacpi_ec0: \u003cEmbedded Controller: GPE 0x12, ECDT\u003e port 0x62,0x66 on acpi0\nacpi0: Power Button (fixed)\nacpi0: reservation of 0, a0000 (3) failed\nacpi0: reservation of 100000, 7ff00000 (3) failed\ncpu0: \u003cACPI CPU\u003e on acpi0\ncpu1: \u003cACPI CPU\u003e on acpi0\nattimer0: \u003cAT timer\u003e port 0x40-0x43 irq 0 on acpi0\nTimecounter \"i8254\" frequency 1193182 Hz quality 0\nEvent timer \"i8254\" frequency 1193182 Hz quality 100\nhpet0: \u003cHigh Precision Event Timer\u003e iomem 0xfed00000-0xfed003ff on acpi0\nTimecounter \"HPET\" frequency 14318180 Hz quality 950\nEvent timer \"HPET\" frequency 14318180 Hz quality 450\nEvent timer \"HPET1\" frequency 14318180 Hz quality 440\nEvent timer \"HPET2\" frequency 14318180 Hz quality 440\natrtc0: \u003cAT realtime clock\u003e port 0x70-0x71 irq 8 on acpi0\nEvent timer \"RTC\" frequency 32768 Hz quality 0\nTimecounter \"ACPI-safe\" frequency 3579545 Hz quality 850\nacpi_timer0: \u003c24-bit timer at 3.579545MHz\u003e port 0x1008-0x100b on acpi0\nacpi_lid0: \u003cControl Method Lid Switch\u003e on acpi0\nacpi_button0: \u003cSleep Button\u003e on acpi0\npcib0: \u003cACPI Host-PCI bridge\u003e port 0xcf8-0xcff on acpi0\npci0: \u003cACPI PCI bus\u003e on pcib0\nvgapci0: \u003cVGA-compatible display\u003e port 0x1800-0x1807 mem 0xf8100000-0xf81fffff,0xe0000000-0xefffffff irq 16 at device 2.0 on pci0\nagp0: \u003cIntel GM965 SVGA controller\u003e on vgapci0\nagp0: aperture size is 256M, detected 7676k stolen memory\nvgapci1: \u003cVGA-compatible display\u003e mem 0xf8200000-0xf82fffff at device 2.1 on pci0\nuhci0: \u003cIntel 82801H (ICH8) USB controller USB-D\u003e port 0x1820-0x183f irq 20 at device 26.0 on pci0\nuhci0: LegSup = 0x3000\nusbus0 on uhci0\nuhci1: \u003cIntel 82801H (ICH8) USB controller USB-E\u003e port 0x1840-0x185f irq 21 at device 26.1 on pci0\nusbus1 on uhci1\nehci0: \u003cIntel 82801H (ICH8) USB 2.0 controller USB2-B\u003e mem 0xfe304800-0xfe304bff irq 22 at device 26.7 on pci0\nusbus2: EHCI version 1.0\nusbus2 on ehci0\nhdac0: \u003cIntel 82801H HDA Controller\u003e mem 0xfe100000-0xfe103fff irq 17 at device 27.0 on pci0\npcib1: \u003cACPI PCI-PCI bridge\u003e irq 20 at device 28.0 on pci0\npci2: \u003cACPI PCI bus\u003e on pcib1\npcib2: \u003cACPI PCI-PCI bridge\u003e irq 21 at device 28.1 on pci0\npci3: \u003cACPI PCI bus\u003e on pcib2\nwpi0: \u003cIntel(R) PRO/Wireless 3945ABG\u003e mem 0xdfcff000-0xdfcfffff irq 17 at device 0.0 on pci3\npcib3: \u003cACPI PCI-PCI bridge\u003e irq 22 at device 28.2 on pci0\npci4: \u003cACPI PCI bus\u003e on pcib3\nbge0: \u003cBroadcom NetXtreme Gigabit Ethernet Controller  , ASIC rev. 0x00b002\u003e mem 0xfe000000-0xfe00ffff irq 18 at device 0.0 on pci4\nbge0: CHIP ID 0x0000b002; ASIC REV 0x0b; CHIP REV 0xb0; PCI-E\nmiibus0: \u003cMII bus\u003e on bge0\nbrgphy0: \u003cBCM5754/5787 1000BASE-T media interface\u003e PHY 1 on miibus0\nbrgphy0:  10baseT, 10baseT-FDX, 100baseTX, 100baseTX-FDX, 1000baseT, 1000baseT-master, 1000baseT-FDX, 1000baseT-FDX-master, auto, auto-flow\nbge0: Ethernet address: 00:1c:25:91:8f:0a\nuhci2: \u003cIntel 82801H (ICH8) USB controller USB-A\u003e port 0x1860-0x187f irq 16 at device 29.0 on pci0\nusbus3 on uhci2\nuhci3: \u003cIntel 82801H (ICH8) USB controller USB-B\u003e port 0x1880-0x189f irq 17 at device 29.1 on pci0\nusbus4 on uhci3\nuhci4: \u003cIntel 82801H (ICH8) USB controller USB-C\u003e port 0x18a0-0x18bf irq 18 at device 29.2 on pci0\nusbus5 on uhci4\nehci1: \u003cIntel 82801H (ICH8) USB 2.0 controller USB2-A\u003e mem 0xfe304c00-0xfe304fff irq 19 at device 29.7 on pci0\nusbus6: EHCI version 1.0\nusbus6 on ehci1\npcib4: \u003cACPI PCI-PCI bridge\u003e at device 30.0 on pci0\npci21: \u003cACPI PCI bus\u003e on pcib4\ncbb0: \u003cRF5C476 PCI-CardBus Bridge\u003e mem 0xf8300000-0xf8300fff irq 16 at device 0.0 on pci21\ncardbus0: \u003cCardBus bus\u003e on cbb0\npccard0: \u003c16-bit PCCard bus\u003e on cbb0\nisab0: \u003cPCI-ISA bridge\u003e at device 31.0 on pci0\nisa0: \u003cISA bus\u003e on isab0\natapci0: \u003cIntel ICH8M UDMA100 controller\u003e port 0x1f0-0x1f7,0x3f6,0x170-0x177,0x376,0x1810-0x181f at device 31.1 on pci0\nata0: \u003cATA channel\u003e at channel 0 on atapci0\nahci0: \u003cIntel ICH8M AHCI SATA controller\u003e port 0x1c00-0x1c07,0x18d4-0x18d7,0x18d8-0x18df,0x18d0-0x18d3,0x18e0-0x18ff mem 0xfe304000-0xfe3047ff irq 16 at device 31.2 on pci0\nahci0: AHCI v1.10 with 3 1.5Gbps ports, Port Multiplier not supported\nahcich0: \u003cAHCI channel\u003e at channel 0 on ahci0\nahcich2: \u003cAHCI channel\u003e at channel 2 on ahci0\npci0: \u003cserial bus, SMBus\u003e at device 31.3 (no driver attached)\nacpi_tz0: \u003cThermal Zone\u003e on acpi0\nacpi_tz1: \u003cThermal Zone\u003e on acpi0\natkbdc0: \u003cKeyboard controller (i8042)\u003e port 0x60,0x64 irq 1 on acpi0\natkbd0: \u003cAT Keyboard\u003e irq 1 on atkbdc0\nkbd0 at atkbd0\natkbd0: [GIANT-LOCKED]\npsm0: \u003cPS/2 Mouse\u003e flags 0x2000 irq 12 on atkbdc0\npsm0: [GIANT-LOCKED]\npsm0: model Generic PS/2 mouse, device ID 0\nbattery0: \u003cACPI Control Method Battery\u003e on acpi0\nacpi_acad0: \u003cAC Adapter\u003e on acpi0\npmtimer0 on isa0\norm0: \u003cISA Option ROMs\u003e at iomem 0xc0000-0xcffff,0xe0000-0xeffff pnpid ORM0000 on isa0\nsc0: \u003cSystem console\u003e at flags 0x100 on isa0\nsc0: VGA \u003c16 virtual consoles, flags=0x300\u003e\nvga0: \u003cGeneric ISA VGA\u003e at port 0x3c0-0x3df iomem 0xa0000-0xbffff on isa0\nppc0: cannot reserve I/O port range\nest0: \u003cEnhanced SpeedStep Frequency Control\u003e on cpu0\np4tcc0: \u003cCPU Frequency Thermal Control\u003e on cpu0\nest1: \u003cEnhanced SpeedStep Frequency Control\u003e on cpu1\np4tcc1: \u003cCPU Frequency Thermal Control\u003e on cpu1\nTimecounters tick every 1.000 msec\nhdacc0: \u003cConexant CX20549 (Venice) HDA CODEC\u003e at cad 0 on hdac0\nhdaa0: \u003cConexant CX20549 (Venice) Audio Function Group\u003e at nid 1 on hdacc0\npcm0: \u003cConexant CX20549 (Venice) (Analog 2.0+HP/2.0)\u003e at nid 16,17 and 20 on hdaa0\nunknown: \u003cConexant CX20549 (Venice) HDA CODEC Modem Function Group\u003e at nid 2 on hdacc0 (no driver attached)\nusbus0: 12Mbps Full Speed USB v1.0\nusbus1: 12Mbps Full Speed USB v1.0\nusbus2: 480Mbps High Speed USB v2.0\nusbus3: 12Mbps Full Speed USB v1.0\nusbus4: 12Mbps Full Speed USB v1.0\nusbus5: 12Mbps Full Speed USB v1.0\nusbus6: 480Mbps High Speed USB v2.0\nugen0.1: \u003cIntel\u003e at usbus0\nuhub0: \u003cIntel UHCI root HUB, class 9/0, rev 1.00/1.00, addr 1\u003e on usbus0\nugen1.1: \u003cIntel\u003e at usbus1\nuhub1: \u003cIntel UHCI root HUB, class 9/0, rev 1.00/1.00, addr 1\u003e on usbus1\nugen2.1: \u003cIntel\u003e at usbus2\nuhub2: \u003cIntel EHCI root HUB, class 9/0, rev 2.00/1.00, addr 1\u003e on usbus2\nugen3.1: \u003cIntel\u003e at usbus3\nuhub3: \u003cIntel UHCI root HUB, class 9/0, rev 1.00/1.00, addr 1\u003e on usbus3\nugen4.1: \u003cIntel\u003e at usbus4\nuhub4: \u003cIntel UHCI root HUB, class 9/0, rev 1.00/1.00, addr 1\u003e on usbus4\nugen5.1: \u003cIntel\u003e at usbus5\nuhub5: \u003cIntel UHCI root HUB, class 9/0, rev 1.00/1.00, addr 1\u003e on usbus5\nugen6.1: \u003cIntel\u003e at usbus6\nuhub6: \u003cIntel EHCI root HUB, class 9/0, rev 2.00/1.00, addr 1\u003e on usbus6\nuhub0: 2 ports with 2 removable, self powered\nuhub1: 2 ports with 2 removable, self powered\nuhub3: 2 ports with 2 removable, self powered\nuhub4: 2 ports with 2 removable, self powered\nuhub5: 2 ports with 2 removable, self powered\nuhub2: 4 ports with 4 removable, self powered\nuhub6: 6 ports with 6 removable, self powered\nada0 at ahcich0 bus 0 scbus1 target 0 lun 0\nada0: \u003cWDC WD1600BEVS-08RST2 11.01G11\u003e ATA-7 SATA 1.x device\nada0: 150.000MB/s transfers (SATA 1.x, UDMA6, PIO 8192bytes)\nada0: Command Queueing enabled\nada0: 152627MB (312581808 512 byte sectors: 16H 63S/T 16383C)\nada0: Previously was known as ad4\ncd0 at ata0 bus 0 scbus0 target 0 lun 0\ncd0: \u003cHL-DT-ST RW/DVD GCC-4244N 1.02\u003e Removable CD-ROM SCSI-0 device \ncd0: 33.300MB/s transfers (UDMA2, ATAPI 12bytes, PIO 65534bytes)\ncd0: Attempt to query device size failed: NOT READY, Medium not present\nSMP: AP CPU #1 Launched!\nugen0.2: \u003cBroadcom Corp\u003e at usbus0\nTrying to mount root from ufs:/dev/ada0s2a [rw]...\nugen3.2: \u003cGenius\u003e at usbus3\nums0: \u003cGenius Optical Mouse, class 0/0, rev 1.10/1.00, addr 2\u003e on usbus3\nums0: 3 buttons and [XYZ] coordinates ID=0\nubt0: \u003cBroadcom Corp BCM2045B, class 224/1, rev 2.00/1.00, addr 2\u003e on usbus0\nWARNING: attempt to domain_add(bluetooth) after domainfinalize()\nWARNING: attempt to domain_add(netgraph) after domainfinalize()\nipfw2 (+ipv6) initialized, divert loadable, nat loadable, rule-based forwarding disabled, default to deny, logging disabled\ndrm0: \u003cIntel i965GM\u003e on vgapci0\ninfo: [drm] MSI enabled 1 message(s)\ninfo: [drm] AGP at 0xe0000000 256MB\ninfo: [drm] Initialized i915 1.6.0 20080730\nuhub0: at usbus0, port 1, addr 1 (disconnected)\nugen0.2: \u003cBroadcom Corp\u003e at usbus0 (disconnected)\nubt0: at uhub0, port 1, addr 2 (disconnected)\nuhub1: at usbus1, port 1, addr 1 (disconnected)\nuhci_interrupt: resume detect\nuhub2: at usbus2, port 1, addr 1 (disconnected)\nuhub3: at usbus3, port 1, addr 1 (disconnected)\nugen3.2: \u003cGenius\u003e at usbus3 (disconnected)\nums0: at uhub3, port 1, addr 2 (disconnected)\nuhub4: at usbus4, port 1, addr 1 (disconnected)\nuhub5: at usbus5, port 1, addr 1 (disconnected)\nuhub6: at usbus6, port 1, addr 1 (disconnected)\npci21: failed to set ACPI power state D2 on \\\\_SB_.PCI0.PCI1.CDBS: AE_BAD_PARAMETER\npci0: failed to set ACPI power state D2 on \\\\_SB_.PCI0.EXP0: AE_BAD_PARAMETER\npci0: failed to set ACPI power state D2 on \\\\_SB_.PCI0.EXP1: AE_BAD_PARAMETER\npci0: failed to set ACPI power state D2 on \\\\_SB_.PCI0.EXP2: AE_BAD_PARAMETER\nuhci_interrupt: resume detect\nbge0: link state changed to DOWN\nwakeup from sleeping state (slept 00:00:38)\nuhub0: \u003cIntel EHCI root HUB, class 9/0, rev 2.00/1.00, addr 1\u003e on usbus2\nuhub1: \u003cIntel EHCI root HUB, class 9/0, rev 2.00/1.00, addr 1\u003e on usbus6\nuhub2: \u003cIntel UHCI root HUB, class 9/0, rev 1.00/1.00, addr 1\u003e on usbus4\nuhub3: \u003cIntel UHCI root HUB, class 9/0, rev 1.00/1.00, addr 1\u003e on usbus1\nuhub4: \u003cIntel UHCI root HUB, class 9/0, rev 1.00/1.00, addr 1\u003e on usbus5\nuhub5: \u003cIntel UHCI root HUB, class 9/0, rev 1.00/1.00, addr 1\u003e on usbus3\nuhub6: \u003cIntel UHCI root HUB, class 9/0, rev 1.00/1.00, addr 1\u003e on usbus0\nuhub2: 2 ports with 2 removable, self powered\nuhub3: 2 ports with 2 removable, self powered\nuhub4: 2 ports with 2 removable, self powered\nuhub6: 2 ports with 2 removable, self powered\nuhub5: 2 ports with 2 removable, self powered\nbge0: link state changed to UP\nuhub0: 4 ports with 4 removable, self powered\nuhub1: 6 ports with 6 removable, self powered\nugen3.2: \u003cGenius\u003e at usbus3\nums0: \u003cGenius Optical Mouse, class 0/0, rev 1.10/1.00, addr 2\u003e on usbus3\nums0: 3 buttons and [XYZ] coordinates ID=0\nugen0.2: \u003cBroadcom Corp\u003e at usbus0\nubt0: \u003cBroadcom Corp BCM2045B, class 224/1, rev 2.00/1.00, addr 2\u003e on usbus0\n\n$ pciconf -lv\nhostb0@pci0:0:0:0:\tclass=0x060000 card=0x20b317aa chip=0x2a008086 rev=0x0c hdr=0x00\n    vendor     = 'Intel Corporation'\n    device     = 'Mobile PM965/GM965/GL960 Memory Controller Hub'\n    class      = bridge\n    subclass   = HOST-PCI\nvgapci0@pci0:0:2:0:\tclass=0x030000 card=0x20b517aa chip=0x2a028086 rev=0x0c hdr=0x00\n    vendor     = 'Intel Corporation'\n    device     = 'Mobile GM965/GL960 Integrated Graphics Controller (primary)'\n    class      = display\n    subclass   = VGA\nvgapci1@pci0:0:2:1:\tclass=0x038000 card=0x20b517aa chip=0x2a038086 rev=0x0c hdr=0x00\n    vendor     = 'Intel Corporation'\n    device     = 'Mobile GM965/GL960 Integrated Graphics Controller (secondary)'\n    class      = display\nuhci0@pci0:0:26:0:\tclass=0x0c0300 card=0x20aa17aa chip=0x28348086 rev=0x03 hdr=0x00\n    vendor     = 'Intel Corporation'\n    device     = '82801H (ICH8 Family) USB UHCI Controller'\n    class      = serial bus\n    subclass   = USB\nuhci1@pci0:0:26:1:\tclass=0x0c0300 card=0x20aa17aa chip=0x28358086 rev=0x03 hdr=0x00\n    vendor     = 'Intel Corporation'\n    device     = '82801H (ICH8 Family) USB UHCI Controller'\n    class      = serial bus\n    subclass   = USB\nehci0@pci0:0:26:7:\tclass=0x0c0320 card=0x20ab17aa chip=0x283a8086 rev=0x03 hdr=0x00\n    vendor     = 'Intel Corporation'\n    device     = '82801H (ICH8 Family) USB2 EHCI Controller'\n    class      = serial bus\n    subclass   = USB\nhdac0@pci0:0:27:0:\tclass=0x040300 card=0x20ac17aa chip=0x284b8086 rev=0x03 hdr=0x00\n    vendor     = 'Intel Corporation'\n    device     = '82801H (ICH8 Family) HD Audio Controller'\n    class      = multimedia\n    subclass   = HDA\npcib1@pci0:0:28:0:\tclass=0x060400 card=0x20ad17aa chip=0x283f8086 rev=0x03 hdr=0x01\n    vendor     = 'Intel Corporation'\n    device     = '82801H (ICH8 Family) PCI Express Port 1'\n    class      = bridge\n    subclass   = PCI-PCI\npcib2@pci0:0:28:1:\tclass=0x060400 card=0x20ad17aa chip=0x28418086 rev=0x03 hdr=0x01\n    vendor     = 'Intel Corporation'\n    device     = '82801H (ICH8 Family) PCI Express Port 2'\n    class      = bridge\n    subclass   = PCI-PCI\npcib3@pci0:0:28:2:\tclass=0x060400 card=0x20ad17aa chip=0x28438086 rev=0x03 hdr=0x01\n    vendor     = 'Intel Corporation'\n    device     = '82801H (ICH8 Family) PCI Express Port 3'\n    class      = bridge\n    subclass   = PCI-PCI\nuhci2@pci0:0:29:0:\tclass=0x0c0300 card=0x20aa17aa chip=0x28308086 rev=0x03 hdr=0x00\n    vendor     = 'Intel Corporation'\n    device     = '82801H (ICH8 Family) USB UHCI Controller'\n    class      = serial bus\n    subclass   = USB\nuhci3@pci0:0:29:1:\tclass=0x0c0300 card=0x20aa17aa chip=0x28318086 rev=0x03 hdr=0x00\n    vendor     = 'Intel Corporation'\n    device     = '82801H (ICH8 Family) USB UHCI Controller'\n    class      = serial bus\n    subclass   = USB\nuhci4@pci0:0:29:2:\tclass=0x0c0300 card=0x20aa17aa chip=0x28328086 rev=0x03 hdr=0x00\n    vendor     = 'Intel Corporation'\n    device     = '82801H (ICH8 Family) USB UHCI Controller'\n    class      = serial bus\n    subclass   = USB\nehci1@pci0:0:29:7:\tclass=0x0c0320 card=0x20ab17aa chip=0x28368086 rev=0x03 hdr=0x00\n    vendor     = 'Intel Corporation'\n    device     = '82801H (ICH8 Family) USB2 EHCI Controller'\n    class      = serial bus\n    subclass   = USB\npcib4@pci0:0:30:0:\tclass=0x060401 card=0x20ae17aa chip=0x24488086 rev=0xf3 hdr=0x01\n    vendor     = 'Intel Corporation'\n    device     = '82801 Mobile PCI Bridge'\n    class      = bridge\n    subclass   = PCI-PCI\nisab0@pci0:0:31:0:\tclass=0x060100 card=0x20a517aa chip=0x28158086 rev=0x03 hdr=0x00\n    vendor     = 'Intel Corporation'\n    device     = '82801HEM (ICH8M) LPC Interface Controller'\n    class      = bridge\n    subclass   = PCI-ISA\natapci0@pci0:0:31:1:\tclass=0x01018a card=0x20a617aa chip=0x28508086 rev=0x03 hdr=0x00\n    vendor     = 'Intel Corporation'\n    device     = '82801HBM/HEM (ICH8M/ICH8M-E) IDE Controller'\n    class      = mass storage\n    subclass   = ATA\nahci0@pci0:0:31:2:\tclass=0x010601 card=0x20a717aa chip=0x28298086 rev=0x03 hdr=0x00\n    vendor     = 'Intel Corporation'\n    device     = '82801HBM/HEM (ICH8M/ICH8M-E) SATA AHCI Controller'\n    class      = mass storage\n    subclass   = SATA\nnone0@pci0:0:31:3:\tclass=0x0c0500 card=0x20a917aa chip=0x283e8086 rev=0x03 hdr=0x00\n    vendor     = 'Intel Corporation'\n    device     = '82801H (ICH8 Family) SMBus Controller'\n    class      = serial bus\n    subclass   = SMBus\nwpi0@pci0:3:0:0:\tclass=0x028000 card=0x10118086 chip=0x42278086 rev=0x02 hdr=0x00\n    vendor     = 'Intel Corporation'\n    device     = 'PRO/Wireless 3945ABG [Golan] Network Connection'\n    class      = network\nbge0@pci0:4:0:0:\tclass=0x020000 card=0x20d517aa chip=0x169314e4 rev=0x02 hdr=0x00\n    vendor     = 'Broadcom Corporation'\n    device     = 'NetLink BCM5787M Gigabit Ethernet PCI Express'\n    class      = network\n    subclass   = ethernet\ncbb0@pci0:21:0:0:\tclass=0x060700 card=0x20c417aa chip=0x04761180 rev=0xb6 hdr=0x02\n    vendor     = 'Ricoh Co Ltd'\n    device     = 'RL5c476 II'\n    class      = bridge\n    subclass   = PCI-CardBus\n\nHow-To-Repeat: Suspend. Resume."
}