{
 "id": 427568,
 "bug_id": 120026,
 "attachment_id": 0,
 "creation_time": "2008-01-27T01:10:01Z",
 "creator": "kbrint@rufus.net",
 "text": "I've been experiencing regular kernel panics on 6.3-RELEASE machine.\nThis machine was previously stable under 6.2-RELEASE.\nThe crashes are always in the sis0 driver.\n\nThe first crash I was able to capture looked like this:\n\nFatal trap 12: page fault while in kernel mode\ncpuid = 0; apic id = 00\nfault virtual address   = 0xbfe7a7e8\nfault code              = supervisor read, page not present\ninstruction pointer     = 0x20:0xc07f8a16\nstack pointer           = 0x28:0xe6704c20\nframe pointer           = 0x28:0xe6704c68\ncode segment            = base 0x0, limit 0xfffff, type 0x1b\n                        = DPL 0, pres 1, def32 1, gran 1\nprocessor eflags        = interrupt enabled, resume, IOPL = 0\ncurrent process         = 31 (irq19: sis0)\ntrap number             = 12\npanic: page fault\ncpuid = 0\nUptime: 59m55s\nDumping 3007 MB (2 chunks)\n  chunk 0: 1MB (159 pages) ... ok\n  chunk 1: 3007MB (769776 pages) 2991 2975 2959 2943 2927 2911 2895 2879 2863 2847 2831 2815 2799 2783 2767 2751 2735 2719 2703 2687 2671 2655 2639 2623 2607 2591 2575 2559 2543 2527 2511 2495 2479 2463 2447 2431 2415 2399 2383 2367 2351 2335 2319 2303 2287 2271 2255 2239 2223 2207 2191 2175 2159 2143 2127 2111 2095 2079 2063 2047 2031 2015 1999 1983 1967 1951 1935 1919 1903 1887 1871 1855 1839 1823 1807 1791 1775 1759 1743 1727 1711 1695 1679 1663 1647 1631 1615 1599 1583 1567 1551 1535 1519 1503 1487 1471 1455 1439 1423 1407 1391 1375 1359 1343 1327 13crash-1 \n\nThe subsequent two captures looked like this:\n\nFatal trap 12: page fault while in kernel mode\ncpuid = 0; apic id = 00\nfault virtual address   = 0x40\nfault code              = supervisor read, page not present\ninstruction pointer     = 0x20:0xc07f9bec\nstack pointer           = 0x28:0xe6704c9c\nframe pointer           = 0x28:0xe6704ca4\ncode segment            = base 0x0, limit 0xfffff, type 0x1b\n                        = DPL 0, pres 1, def32 1, gran 1\nprocessor eflags        = interrupt enabled, resume, IOPL = 0\ncurrent process         = 31 (irq19: sis0)\ntrap number             = 12\npanic: page fault\ncpuid = 0\nGEOM_MIRROR: Device gm1: rebuilding provider ad0s1 stopped.\nUptime: 20m51s\nDumping 3007 MB (2 chunks)\n  chunk 0: 1MB (159 pages) ... ok\n  chunk 1: 3007MB (769776 pages) 2991 2975 2959 2943 2927 2911 2895 2879 2863 2847 2831 2815 2799 2783 2767 2751 2735 2719 2703 2687 2671 2655 2639 2623 2607 2591 2575 2559 2543 2527 2511 2495 2479 2463 2447 2431 2415 2399 2383 2367 2351 2335 2319 2303 2287 2271 2255 2239 2223 2207 2191 2175 2159 2143 2127 2111 2095 2079 2063 2047 2031 2015 1999 1983 1967 1951 1935 1919 1903 1887 1871 1855 1839 1823 1807 1791 1775 1759 1743 1727 1711 1695 1679 1663 1647 1631 1615 1599 1583 1567 1551 1535 1519 1503 1487 1471 1455 1439 1423 1407 1391 1375 1359 1343 1327 1311 1295 1279 1263 1247 1231 1215 1199 1183 1167 1151 1135 1119 1103 1087 1071 1055 1039 1023 1007 991 975 959 943 927 911 895 879 863 847 831 815 799 783 767 751 735 719 703 687 671 655 639 623 607 591 575 559 543 527 511 495 479 463 447 431 415 399 383 367 351 335 319 303 287 271 255 239 223 207 191 175 159 143 127 111 95 79 63 47 31 15 ... ok\n\nThe final crash was different...  It hung the machine completely.\nI'm not sure if the hang was related to the crash, or whether it\nwas background_fsck hanging the machine.  I've had some problems\nwith background_fsck in the past.\n\nsis0: discard frame w/o packet header\npanic: vm_fault: fault on nofault entry, addr: e3f7a000\ncpuid = 0\nGEOM_MIRROR: Device gm1: rebuilding provider ad0s1 stopped.\nUptime: 5m42s\nDumping 3007 MB (2 chunks)\n  chunk 0: 1MB (159 pages) ... ok\n  chunk 1: 3007MB (769776 pages)sis0: watchdog timeout\nsis0: watchdog timeout\nsis0: watchdog timeout\nsis0: watchdog timeout\nsis0: watchdog timeout\nsis0: watchdog timeout\n\nAlthough I have had several dumps to $dumpdev, savecore has\nnever been able to retrieve any of them!!  So, i can't provide a\nbacktrace at this time.  I'm attempting to deduce why savecore\nnever produces anything..\n\nsavecore: error reading last dump header at offset 4296851456 in /dev/ad0s2b: Input/output error\n\nThis is the full boot:\n\n/boot/kernel/acpi.ko text=0x46704 data=0x2440+0x1b8c syms=[0x4+0x8050+0x4+0xaec0]\nCopyright (c) 1992-2008 The FreeBSD Project.\nCopyright (c) 1979, 1980, 1983, 1986, 1988, 1989, 1991, 1992, 1993, 1994\n        The Regents of the University of California. All rights reserved.\nFreeBSD is a registered trademark of The FreeBSD Foundation.\nFreeBSD 6.3-RELEASE #0: Sun Jan 20 13:03:27 CST 2008\n    root@maguro.rufus.net:/usr/obj/usr/src/sys/RUFUS\nTimecounter \"i8254\" frequency 1193182 Hz quality 0\nCPU: Intel(R) Pentium(R) 4 CPU 2.80GHz (2796.35-MHz 686-class CPU)\n  Origin = \"GenuineIntel\"  Id = 0xf29  Stepping = 9\n  Features=0xbfebfbff\u003cFPU,VME,DE,PSE,TSC,MSR,PAE,MCE,CX8,APIC,SEP,MTRR,PGE,MCA,CMOV,PAT,PSE36,CLFLUSH,DTS,ACPI,MMX,FXSR,SSE,SSE2,SS,HTT,TM,PBE\u003e\n  Features2=0x4400\u003cCNXT-ID,xTPR\u003e\n  Logical CPUs per core: 2\nreal memory  = 3154051072 (3007 MB)\navail memory = 3085287424 (2942 MB)\nACPI APIC Table: \u003cAMIINT SiS740XX\u003e\nFreeBSD/SMP: Multiprocessor System Detected: 2 CPUs\n cpu0 (BSP): APIC ID:  0\n cpu1 (AP): APIC ID:  1\nioapic0 \u003cVersion 1.1\u003e irqs 0-23 on motherboard\nkbd1 at kbdmux0\nacpi0: \u003cAMIINT SiS740XX\u003e on motherboard\nacpi0: Power Button (fixed)\nTimecounter \"ACPI-fast\" frequency 3579545 Hz quality 1000\nacpi_timer0: \u003c24-bit timer at 3.579545MHz\u003e port 0x808-0x80b on acpi0\ncpu0: \u003cACPI CPU\u003e on acpi0\ncpu1: \u003cACPI CPU\u003e on acpi0\nacpi_button0: \u003cPower Button\u003e on acpi0\npcib0: \u003cACPI Host-PCI bridge\u003e port 0xcf8-0xcff on acpi0\npci0: \u003cACPI PCI bus\u003e on pcib0\nagp0: \u003cSiS 661 host to AGP bridge\u003e mem 0xe0000000-0xe3ffffff at device 0.0 on pci0\npcib1: \u003cPCI-PCI bridge\u003e at device 1.0 on pci0\npci1: \u003cPCI bus\u003e on pcib1\npci1: \u003cdisplay, VGA\u003e at device 0.0 (no driver attached)\nisab0: \u003cPCI-ISA bridge\u003e at device 2.0 on pci0\nisa0: \u003cISA bus\u003e on isab0\natapci0: \u003cSiS 962/963 UDMA133 controller\u003e port 0x1f0-0x1f7,0x3f6,0x170-0x177,0x376,0xff00-0xff0f at device 2.5 on pci0\nata0: \u003cATA channel 0\u003e on atapci0\nata1: \u003cATA channel 1\u003e on atapci0\npci0: \u003cmultimedia, audio\u003e at device 2.7 (no driver attached)\nohci0: \u003cSiS 5571 USB controller\u003e mem 0xcfff9000-0xcfff9fff irq 20 at device 3.0 on pci0\nohci0: [GIANT-LOCKED]\nusb0: OHCI version 1.0, legacy support\nusb0: \u003cSiS 5571 USB controller\u003e on ohci0\nusb0: USB revision 1.0\nuhub0: SiS OHCI root hub, class 9/0, rev 1.00/1.00, addr 1\nuhub0: 3 ports with 3 removable, self powered\nohci1: \u003cSiS 5571 USB controller\u003e mem 0xcfffa000-0xcfffafff irq 21 at device 3.1 on pci0\nohci1: [GIANT-LOCKED]\nusb1: OHCI version 1.0, legacy support\nusb1: \u003cSiS 5571 USB controller\u003e on ohci1\nusb1: USB revision 1.0\nuhub1: SiS OHCI root hub, class 9/0, rev 1.00/1.00, addr 1\nuhub1: 3 ports with 3 removable, self powered\nehci0: \u003cEHCI (generic) USB 2.0 controller\u003e mem 0xcfffb000-0xcfffbfff irq 23 at device 3.2 on pci0\nehci0: [GIANT-LOCKED]\nusb2: EHCI version 1.0\nusb2: companion controllers, 3 ports each: usb0 usb1\nusb2: \u003cEHCI (generic) USB 2.0 controller\u003e on ehci0\nusb2: USB revision 2.0\nuhub2: SiS EHCI root hub, class 9/0, rev 2.00/1.00, addr 1\nuhub2: 6 ports with 6 removable, self powered\nsis0: \u003cSiS 900 10/100BaseTX\u003e port 0xd400-0xd4ff mem 0xcfff8000-0xcfff8fff irq 19 at device 4.0 on pci0\nmiibus0: \u003cMII bus\u003e on sis0\nrlphy0: \u003cRTL8201L 10/100 media interface\u003e on miibus0\nrlphy0:  10baseT, 10baseT-FDX, 100baseTX, 100baseTX-FDX, auto\nsis0: Ethernet address: 00:0b:6a:59:ff:67\nfdc0: \u003cfloppy drive controller\u003e port 0x3f2-0x3f3,0x3f4-0x3f5,0x3f7 irq 6 drq 2 on acpi0\nfdc0: [FAST]\nsio0: \u003c16550A-compatible COM port\u003e port 0x3f8-0x3ff irq 4 flags 0x10 on acpi0\nsio0: type 16550A, console\npmtimer0 on isa0\norm0: \u003cISA Option ROM\u003e at iomem 0xc0000-0xcbfff on isa0\nsc0: \u003cSystem console\u003e at flags 0x100 on isa0\nsc0: VGA \u003c16 virtual consoles, flags=0x100\u003e\nvga0: \u003cGeneric ISA VGA\u003e at port 0x3c0-0x3df iomem 0xa0000-0xbffff on isa0\natkbdc0: \u003cKeyboard controller (i8042)\u003e at port 0x60,0x64 on isa0\natkbd0: \u003cAT Keyboard\u003e irq 1 on atkbdc0\nkbd0 at atkbd0\natkbd0: [GIANT-LOCKED]\nsio1: configured irq 3 not in bitmap of probed irqs 0\nsio1: port may not be enabled\nTimecounters tick every 1.000 msec\nad0: 114440MB \u003cWDC WD1200JB-75CRA0 16.06V16\u003e at ata0-master UDMA100\nad2: 114473MB \u003cWDC WD1200JB-00REA0 20.00K20\u003e at ata1-master UDMA100\nSMP: AP CPU #1 Launched!\nGEOM_MIRROR: Device gm1 created (id=1450529221).\nGEOM_MIRROR: Device gm1: provider ad0s1 detected.\nGEOM_MIRROR: Device gm1: provider ad2s1 detected.\nGEOM_MIRROR: Device gm1: provider ad2s1 activated.\nGEOM_MIRROR: Device gm1: provider mirror/gm1 launched.\nGEOM_MIRROR: Device gm1: rebuilding provider ad0s1.\nTrying to mount root from ufs:/dev/mirror/gm1a\nWARNING: / was not properly dismounted\nLoading configuration files.\nkernel dumps on /dev/ad0s2b\nEntropy harvesting: interrupts ethernet point_to_point kickstart.\nswapon: adding /dev/ad0s2b as swap device\nswapon: adding /dev/ad2s2b as swap device\nStarting file system checks:\n/dev/mirror/gm1a: 2010 files, 41571 used, 212244 free (2924 frags, 26165 blocks, 1.2% fragmentation)\n/dev/mirror/gm1f: 22506 files, 3949371 used, 44943764 free (7292 frags, 5617059 blocks, 0.0% fragmentation)\n.. lots of fsck\nMounting local file systems:.\nSetting hostname: maguro.rufus.net.\nkern.ipc.shm_use_phys: 0 -\u003e 1\nmachdep.hyperthreading_allowed: 0 -\u003e 1\nkern.ipc.maxsockbuf: 262144 -\u003e 16777216\nnet.inet.tcp.sendspace: 32768 -\u003e 262144\nnet.inet.tcp.recvspace: 65536 -\u003e 262144\nnet.inet.udp.recvspace: 41600 -\u003e 2097152\nnet.inet.udp.maxdgram: 9216 -\u003e 65535\nlo0: flags=8049\u003cUP,LOOPBACK,RUNNsING,MULTICAST\u003e mitu 16384\ns       inet 127.0.0.1 0netmask 0xff0000:00 \n sis0: flags=8843l\u003cUP,BROADCAST,RUiNNING,SIMPLEX,MUnLTICAST\u003e mtu 150k0\n        options=8\u003cVL AN_MTU\u003e\n        inet 2s09.240.71.9 netmtask 0xfffffff8 baroadcast 209.240t.71.15\n        ether 0e0:0b:6a:59:ff:67 \n        media: Etherncet autoselect (1h00baseTX \u003cfull-dauplex\u003e)\n        statusn: active\nged to UP\nStarting pflog.\npflog0: promiscuous mode enabled\nEnabling pf.\nJan 26 17:29:54 pflogd[311]: [priv]: msg PRIV_OPEN_LOG received\npf enabled\nadd net default: gateway 209.240.71.14\nAdditional routing options:.\nStarting devd.\nhw.acpi.cpu.cx_lowest: C1\nsysctl: hw.acpi.cpu.cx_lowest: Invalid argument\nAdditional TCP options:.\nMounting NFS file systems:.\nELF ldconfig path: /lib /usr/lib /usr/lib/compat /usr/X11R6/lib /usr/local/lib /usr/local/lib/compat/pkg /usr/local/lib/apache2 /usr/local/lib/compat/pkg /usr/local/lib/graphviz /usr/local/lib/jabberd /usr/local/lib/pth /usr/local/lib/zsh /usr/local/lib/apache2 /usr/local/lib/compat/pkg /usr/local/lib/graphviz /usr/local/lib/jabberd /usr/local/lib/pth /usr/local/lib/zsh\na.out ldconfig path: /usr/lib/aout /usr/lib/compat/aout\nCreating and/or trimming log files:.\nStarting syslogd.\nChecking for core dump on /dev/ad0s2b...\nsavecore: error reading last dump header at offset 4296851456 in /dev/ad0s2b: Input/output error\nsavecore: no dumps found\nJan 26 17:29:56 maguro savecore: error reading last dump header at offset 4296851456 in /dev/ad0s2b: Input/output error\nInitial i386 initialization:.\nAdditional ABI support:.\nStarting named.\nClearing /tmp (X related).\nStarting socks5.\nStarting local daemons:.\nUpdating motd.\nMounting late file systems:.\nStarting ntpd.\nJan 26 17:30:00 maguro ntpd[615]: no IPv6 interfaces found\npostfix/postfix-script: starting the Postfix mail system\nConfiguring syscons: blanktime.\nStarting sshd.\nStarting cron.\nLocal package initialization:.\nSat Jan 26 17:30:03 CST 2008\n\nFreeBSD/i386 (maguro.rufus.net) (ttyd0)\n\nlogin:
Jan 26 17:32:10 maguro savecore: error reading last dump header at offset 4296851456 in /dev/ad0s2b: Input/output error\nJan 26 17:32:31 maguro savecore: error reading last dump header at offset 4296851456 in /dev/ad0s2b: Input/output error\n\nHow-To-Repeat: The panic occurs most often when the system is under high load.\n\"/usr/src# make cleandir\" can cause the problem.  Also, it is more\nlikely to happen during gmirror re-builds (which are common due to \nall the crashes).\n\nHowever, it has also crashed a couple times under low load."
}