{
 "id": 1023158,
 "bug_id": 233450,
 "attachment_id": 0,
 "creation_time": "2018-11-23T19:44:21Z",
 "creator": "michael.adm@gmail.com",
 "text": "/var/log/messages\n-----------------\nNov 23 20:07:32 f12rw kernel: Copyright (c) 1992-2018 The FreeBSD Project.\nNov 23 20:07:32 f12rw kernel: Copyright (c) 1979, 1980, 1983, 1986, 1988, 1989, 1991, 1992, 1993, 1994\nNov 23 20:07:32 f12rw kernel: \tThe Regents of the University of California. All rights reserved.\nNov 23 20:07:32 f12rw kernel: FreeBSD is a registered trademark of The FreeBSD Foundation.\nNov 23 20:07:32 f12rw kernel: FreeBSD 13.0-CURRENT #0 8b2e2bba54f(master)-dirty: Fri Nov 23 19:54:26 EET 2018\nNov 23 20:07:32 f12rw kernel:     root@f12rw.local.lan:/usr/obj/usr/src/amd64.amd64/sys/GENERIC-NODBG amd64\nNov 23 20:07:32 f12rw kernel: FreeBSD clang version 6.0.1 (tags/RELEASE_601/final 335540) (based on LLVM 6.0.1)\nNov 23 20:07:32 f12rw kernel: SRAT: Ignoring memory at addr 0x3f0000000\nNov 23 20:07:32 f12rw kernel: SRAT: Ignoring memory at addr 0x1000000000\nNov 23 20:07:32 f12rw kernel: SRAT: Ignoring memory at addr 0x10000000000\nNov 23 20:07:32 f12rw kernel: SRAT: Ignoring memory at addr 0x20000000000\nNov 23 20:07:32 f12rw kernel: SRAT: Ignoring memory at addr 0x40000000000\nNov 23 20:07:32 f12rw kernel: SRAT: Ignoring memory at addr 0x80000000000\nNov 23 20:07:32 f12rw kernel: SRAT: Ignoring memory at addr 0x9e8000000\nNov 23 20:07:32 f12rw kernel: SRAT: Ignoring memory at addr 0x8800000000\nNov 23 20:07:32 f12rw kernel: SRAT: Ignoring memory at addr 0x18000000000\nNov 23 20:07:32 f12rw kernel: SRAT: Ignoring memory at addr 0x30000000000\nNov 23 20:07:32 f12rw kernel: SRAT: Ignoring memory at addr 0x60000000000\nNov 23 20:07:32 f12rw kernel: SRAT: Ignoring memory at addr 0xc0000000000\nNov 23 20:07:32 f12rw kernel: VT(efifb): resolution 1024x768\nNov 23 20:07:32 f12rw kernel: Hyper-V Version: 10.0.17763 [SP0]\nNov 23 20:07:32 f12rw kernel:   Features=0x2e7f\u003cVPRUNTIME,TMREFCNT,SYNIC,SYNTM,APIC,HYPERCALL,VPINDEX,REFTSC,IDLE,TMFREQ\u003e\nNov 23 20:07:32 f12rw kernel:   PM Features=0x0 [C2]\nNov 23 20:07:32 f12rw kernel:   Features3=0xbed7b2\u003cDEBUG,XMMHC,IDLE,NUMA,TMFREQ,SYNCMC,CRASH,NPIEP\u003e\nNov 23 20:07:32 f12rw kernel: Timecounter \"Hyper-V\" frequency 10000000 Hz quality 2000\nNov 23 20:07:32 f12rw kernel: module_register: cannot register pci/ixv from kernel; already loaded from if_ixv.ko\nNov 23 20:07:32 f12rw kernel: Module pci/ixv failed to register: 17\nNov 23 20:07:32 f12rw kernel: CPU: Intel(R) Xeon(R) CPU E5-2690 v3 @ 2.60GHz (2597.00-MHz K8-class CPU)\nNov 23 20:07:32 f12rw kernel:   Origin=\"GenuineIntel\"  Id=0x306f2  Family=0x6  Model=0x3f  Stepping=2\nNov 23 20:07:32 f12rw kernel:   Features=0x1f83fbff\u003cFPU,VME,DE,PSE,TSC,MSR,PAE,MCE,CX8,APIC,SEP,MTRR,PGE,MCA,CMOV,PAT,PSE36,MMX,FXSR,SSE,SSE2,SS,HTT\u003e\nNov 23 20:07:32 f12rw kernel:   Features2=0xfeda3203\u003cSSE3,PCLMULQDQ,SSSE3,FMA,CX16,PCID,SSE4.1,SSE4.2,MOVBE,POPCNT,AESNI,XSAVE,OSXSAVE,AVX,F16C,RDRAND,HV\u003e\nNov 23 20:07:32 f12rw kernel:   AMD Features=0x2c100800\u003cSYSCALL,NX,Page1GB,RDTSCP,LM\u003e\nNov 23 20:07:32 f12rw kernel:   AMD Features2=0x21\u003cLAHF,ABM\u003e\nNov 23 20:07:32 f12rw kernel:   Structured Extended Features=0x27a9\u003cFSGSBASE,BMI1,AVX2,SMEP,BMI2,ERMS,INVPCID,NFPUSG\u003e\nNov 23 20:07:32 f12rw kernel:   Structured Extended Features3=0xbc000000\u003cIBPB,STIBP,L1DFL,ARCH_CAP,SSBD\u003e\nNov 23 20:07:32 f12rw kernel:   XSAVE Features=0x1\u003cXSAVEOPT\u003e\nNov 23 20:07:32 f12rw kernel:   IA32_ARCH_CAPS=0x4\u003cRSBA\u003e\nNov 23 20:07:32 f12rw kernel: Hypervisor: Origin = \"Microsoft Hv\"\nNov 23 20:07:32 f12rw kernel: real memory  = 16777216000 (16000 MB)\nNov 23 20:07:32 f12rw kernel: avail memory = 16249954304 (15497 MB)\nNov 23 20:07:32 f12rw kernel: Event timer \"LAPIC\" quality 100\nNov 23 20:07:32 f12rw kernel: ACPI APIC Table: \u003cVRTUAL MICROSFT\u003e\nNov 23 20:07:32 f12rw kernel: FreeBSD/SMP: Multiprocessor System Detected: 8 CPUs\nNov 23 20:07:32 f12rw kernel: FreeBSD/SMP: 1 package(s) x 4 core(s) x 2 hardware threads\nNov 23 20:07:32 f12rw kernel: random: unblocking device.\nNov 23 20:07:32 f12rw kernel: ioapic0 \u003cVersion 1.1\u003e irqs 0-23 on motherboard\nNov 23 20:07:32 f12rw kernel: Launching APs: 5 6 7 2 3 1 4\nNov 23 20:07:32 f12rw kernel: Timecounter \"Hyper-V-TSC\" frequency 10000000 Hz quality 3000\nNov 23 20:07:32 f12rw kernel: random: entropy device external interface\nNov 23 20:07:32 f12rw kernel: kbd0 at kbdmux0\nNov 23 20:07:32 f12rw kernel: module_register_init: MOD_LOAD (vesa, 0xffffffff811df190, 0) error 19\nNov 23 20:07:32 f12rw kernel: random: registering fast source Intel Secure Key RNG\nNov 23 20:07:32 f12rw kernel: random: fast provider: \"Intel Secure Key RNG\"\nNov 23 20:07:32 f12rw kernel: netmap: loaded module\nNov 23 20:07:32 f12rw kernel: [ath_hal] loaded\nNov 23 20:07:32 f12rw kernel: nexus0\nNov 23 20:07:32 f12rw kernel: efirtc0: \u003cEFI Realtime Clock\u003e on motherboard\nNov 23 20:07:32 f12rw kernel: efirtc0: registered as a time-of-day clock, resolution 1.000000s\nNov 23 20:07:32 f12rw kernel: cryptosoft0: \u003csoftware crypto\u003e on motherboard\nNov 23 20:07:32 f12rw kernel: acpi0: \u003cVRTUAL MICROSFT\u003e on motherboard\nNov 23 20:07:32 f12rw kernel: atrtc0: \u003cAT realtime clock\u003e port 0x70-0x71 irq 8 on acpi0\nNov 23 20:07:32 f12rw kernel: atrtc0: registered as a time-of-day clock, resolution 1.000000s\nNov 23 20:07:32 f12rw kernel: Event timer \"RTC\" frequency 32768 Hz quality 0\nNov 23 20:07:32 f12rw kernel: Timecounter \"ACPI-fast\" frequency 3579545 Hz quality 900\nNov 23 20:07:32 f12rw kernel: acpi_timer0: \u003c32-bit timer at 3.579545MHz\u003e port 0x408-0x40b on acpi0\nNov 23 20:07:32 f12rw kernel: cpu0: \u003cACPI CPU\u003e on acpi0\nNov 23 20:07:32 f12rw kernel: acpi_syscontainer0: \u003cSystem Container\u003e iomem 0xf8000000-0xffffffff,0xfe0000000-0xfffffffff on acpi0\nNov 23 20:07:32 f12rw kernel: vmbus0: \u003cHyper-V Vmbus\u003e on acpi_syscontainer0\nNov 23 20:07:32 f12rw kernel: vmbus_res0: \u003cHyper-V Vmbus Resource\u003e irq 5 on acpi0\nNov 23 20:07:32 f12rw kernel: Timecounters tick every 10.000 msec\nNov 23 20:07:32 f12rw kernel: ipfw2 (+ipv6) initialized, divert enabled, nat enabled, default to deny, logging disabled\nNov 23 20:07:32 f12rw kernel: DUMMYNET 0xfffff801fc0b00c0 with IPv6 initialized (100409)\nNov 23 20:07:32 f12rw kernel: load_dn_sched dn_sched RR loaded\nNov 23 20:07:32 f12rw kernel: load_dn_sched dn_sched WF2Q+ loaded\nNov 23 20:07:32 f12rw kernel: load_dn_sched dn_sched FIFO loaded\nNov 23 20:07:32 f12rw kernel: load_dn_sched dn_sched FQ_CODEL loaded\nNov 23 20:07:32 f12rw kernel: load_dn_sched dn_sched FQ_PIE loaded\nNov 23 20:07:32 f12rw kernel: load_dn_sched dn_sched PRIO loaded\nNov 23 20:07:32 f12rw kernel: load_dn_sched dn_sched QFQ loaded\nNov 23 20:07:32 f12rw kernel: load_dn_aqm dn_aqm CODEL loaded\nNov 23 20:07:32 f12rw kernel: load_dn_aqm dn_aqm PIE loaded\nNov 23 20:07:32 f12rw kernel: usb_needs_explore_all: no devclass\nNov 23 20:07:32 f12rw kernel: vmbus0: version 3.0\nNov 23 20:07:32 f12rw kernel: hvet0: \u003cHyper-V event timer\u003e on vmbus0\nNov 23 20:07:32 f12rw kernel: Event timer \"Hyper-V\" frequency 10000000 Hz quality 1000\nNov 23 20:07:32 f12rw kernel: hvkbd0: \u003cHyper-V KBD\u003e on vmbus0\nNov 23 20:07:32 f12rw kernel: hvheartbeat0: \u003cHyper-V Heartbeat\u003e on vmbus0\nNov 23 20:07:32 f12rw kernel: hvkvp0: \u003cHyper-V KVP\u003e on vmbus0\nNov 23 20:07:32 f12rw kernel: hvshutdown0: \u003cHyper-V Shutdown\u003e on vmbus0\nNov 23 20:07:32 f12rw kernel: hvtimesync0: \u003cHyper-V Timesync\u003e on vmbus0\nNov 23 20:07:32 f12rw kernel: hvtimesync0: RTT\nNov 23 20:07:32 f12rw kernel: hvvss0: \u003cHyper-V VSS\u003e on vmbus0\nNov 23 20:07:32 f12rw kernel: storvsc0: \u003cHyper-V SCSI\u003e on vmbus0\nNov 23 20:07:32 f12rw kernel: hn0: \u003cHyper-V Network Interface\u003e on vmbus0\nNov 23 20:07:32 f12rw kernel: da0 at storvsc0 bus 0 scbus0 target 0 lun 0\nNov 23 20:07:32 f12rw kernel: da0: \u003cMsft Virtual Disk 1.0\u003e Fixed Direct Access SPC-3 SCSI device\nNov 23 20:07:32 f12rw kernel: da0: 300.000MB/s transfers\nNov 23 20:07:32 f12rw kernel: da0: Command Queueing enabled\nNov 23 20:07:32 f12rw kernel: da0: 61440MB (125829120 512 byte sectors)\nNov 23 20:07:32 f12rw kernel: da1 at storvsc0 bus 0 scbus0 target 0 lun 1\nNov 23 20:07:32 f12rw kernel: da1: \u003cMsft Virtual Disk 1.0\u003e Fixed Direct Access SPC-3 SCSI device\nNov 23 20:07:32 f12rw kernel: da1: 300.000MB/s transfers\nNov 23 20:07:32 f12rw kernel: da1: Command Queueing enabled\nNov 23 20:07:32 f12rw kernel: da1: 409600MB (838860800 512 byte sectors)\nNov 23 20:07:32 f12rw kernel: da2 at storvsc0 bus 0 scbus0 target 0 lun 2\nNov 23 20:07:32 f12rw kernel: da2: \u003cMsft Virtual Disk 1.0\u003e Fixed Direct Access SPC-3 SCSI device\nNov 23 20:07:32 f12rw kernel: da2: 300.000MB/s transfers\nNov 23 20:07:32 f12rw kernel: da2: Command Queueing enabled\nNov 23 20:07:32 f12rw kernel: da2: 40960MB (83886080 512 byte sectors)\nNov 23 20:07:32 f12rw kernel: da3 at storvsc0 bus 0 scbus0 target 0 lun 3\nNov 23 20:07:32 f12rw kernel: da3: \u003cMsft Virtual Disk 1.0\u003e Fixed Direct Access SPC-3 SCSI device\nNov 23 20:07:32 f12rw kernel: da3: 300.000MB/s transfers\nNov 23 20:07:32 f12rw kernel: da3: Command Queueing enabled\nNov 23 20:07:32 f12rw kernel: da3: 40960MB (83886080 512 byte sectors)\nNov 23 20:07:32 f12rw kernel: hn0: Ethernet address: 00:15:5d:00:8a:09\nNov 23 20:07:32 f12rw kernel: hn0: link state changed to UP\nNov 23 20:07:32 f12rw kernel: hn1: \u003cHyper-V Network Interface\u003e on vmbus0\nNov 23 20:07:32 f12rw kernel: hn1: Ethernet address: 00:15:5d:00:8a:0a\nNov 23 20:07:32 f12rw kernel: hn1: link state changed to UP\nNov 23 20:07:32 f12rw kernel: hn2: \u003cHyper-V Network Interface\u003e on vmbus0\nNov 23 20:07:32 f12rw kernel: hn2: Ethernet address: 00:15:5d:00:8a:0b\nNov 23 20:07:32 f12rw kernel: hn2: link state changed to UP\nNov 23 20:07:32 f12rw kernel: hn3: \u003cHyper-V Network Interface\u003e on vmbus0\nNov 23 20:07:32 f12rw kernel: hn3: Ethernet address: 00:15:5d:00:8a:0c\nNov 23 20:07:32 f12rw kernel: hn3: link state changed to UP\nNov 23 20:07:32 f12rw kernel: hn4: \u003cHyper-V Network Interface\u003e on vmbus0\nNov 23 20:07:32 f12rw kernel: hn4: Ethernet address: 00:15:5d:00:8a:0d\nNov 23 20:07:32 f12rw kernel: hn4: link state changed to UP\nNov 23 20:07:32 f12rw kernel: hn5: \u003cHyper-V Network Interface\u003e on vmbus0\nNov 23 20:07:32 f12rw kernel: hn5: Ethernet address: 00:15:5d:00:8a:0e\nNov 23 20:07:32 f12rw kernel: hn5: link state changed to UP\nNov 23 20:07:32 f12rw kernel: Trying to mount root from ufs:/dev/da0p2 [rw]...\nNov 23 20:07:32 f12rw kernel: lo0: link state changed to UP\n...\n-//- cut -//-\n...\nNov 23 20:07:36 f12rw HV_KVP[2093]: Operation failed OP = 4, error = 0x16\nNov 23 20:07:37 f12rw kernel: tun1: link state changed to UP\nNov 23 20:07:37 f12rw kernel: tun2: link state changed to UP\nNov 23 20:07:47 f12rw HV_KVP[2093]: Operation failed OP = 4, error = 0x16\nNov 23 20:07:50 f12rw kernel: tun3: link state changed to UP\nNov 23 20:07:57 f12rw HV_KVP[2093]: Operation failed OP = 4, error = 0x16\nNov 23 20:08:27 f12rw syslogd: last message repeated 3 times\nNov 23 20:10:31 f12rw syslogd: last message repeated 12 times\nNov 23 20:20:27 f12rw syslogd: last message repeated 58 times\nNov 23 20:30:23 f12rw syslogd: last message repeated 58 times\nNov 23 20:37:35 f12rw syslogd: last message repeated 42 times\nNov 23 20:37:37 f12rw kernel: tun3: link state changed to DOWN\nNov 23 20:37:45 f12rw kernel: tun3: link state changed to UP\nNov 23 20:37:45 f12rw HV_KVP[2093]: Operation failed OP = 4, error = 0x16\nNov 23 20:38:16 f12rw syslogd: last message repeated 3 times\nNov 23 20:40:19 f12rw syslogd: last message repeated 12 times\nNov 23 20:49:03 f12rw syslogd: last message repeated 51 times\n------------------------------------------------------------------\nroot@f12rw:/etc# ps ax | grep hv_kvp\n 2093  -  Is     0:17.39 /usr/sbin/hv_kvp_daemon\n------------------------------------------------------------------\n/etc/fstab\n----------\n/dev/da0p2      /               ufs                     rw                              1       1\n/dev/da0p3      none            swap                    sw                              0       0\n/dev/ufs/cache1 /squid-z        ufs                     rw,async,noatime,nosuid         0       2\n/dev/ufs/cache2 /squid-c        ufs                     rw,async,noatime,nosuid         0       2\n/dev/ufs/cache3 /var/run/squid  ufs                     rw,async                        1       1\n------------------------------------------------------------------\n\nHyper-V host Windows server 2019 17763.134\nFreeBSD-CURRENT Hyper-V guest v9.0 age 2"
}