{
 "id": 467202,
 "bug_id": 128083,
 "attachment_id": 0,
 "creation_time": "2008-10-14T07:20:01Z",
 "creator": "eugene@donpac.ru",
 "text": "The PC has a GigaByte GA-G31M-S2L motherboard with Intel Pentium Dual-Core\nprocessor E5200 and 2GB RAM.\n\nWhen a PS/2 mouse is plugged in and USB Mouse Support is Enabled in the\nBIOS Setup, on the start of the booting process I can see\n\n..\nreal memory  = 2136866816 (2037 MB)\navail memory = 2082840576 (1986 MB)\nACPI APIC Table: \u003cGBT    GBTUACPI\u003e\n\nthen there's a pause for a couple of seconds and finally\n\nAP #1 (PHY #1) failed!\npanic y/n? [y]\n\nSetting USB Mouse Support to Disabled or unplugging the PS/2 mouse helps.\n\nHere is /var/run/dmesg.boot for the successful boot:\n\nCopyright (c) 1992-2008 The FreeBSD Project.\nCopyright (c) 1979, 1980, 1983, 1986, 1988, 1989, 1991, 1992, 1993, 1994\n        The Regents of the University of California. All rights reserved.\nFreeBSD is a registered trademark of The FreeBSD Foundation.\nFreeBSD 7.1-PRERELEASE #4: Thu Oct  9 12:18:07 MSD 2008\n    root@example.net:/usr/obj/usr/src/sys/ASCOT\nmodule_register: module cpu/ichss already exists!\nModule cpu/ichss failed to register: 17\nmodule_register: module cpu/est already exists!\nModule cpu/est failed to register: 17\nmodule_register: module cpu/p4tcc already exists!\nModule cpu/p4tcc failed to register: 17\nmodule_register: module cpu/powernow already exists!\nModule cpu/powernow failed to register: 17\nmodule_register: module cpu/smist already exists!\nModule cpu/smist failed to register: 17\nTimecounter \"i8254\" frequency 1193182 Hz quality 0\nCPU: Pentium(R) Dual-Core  CPU      E5200  @ 2.50GHz (2500.01-MHz 686-class CPU)\n  Origin = \"GenuineIntel\"  Id = 0x10676  Stepping = 6\n  Features=0xbfebfbff\u003cFPU,VME,DE,PSE,TSC,MSR,PAE,MCE,CX8,APIC,SEP,MTRR,PGE,MCA,CMOV,PAT,PSE36,CLFLUSH,DTS,ACPI,MMX,FXSR,SSE,SSE2,SS,HTT,TM,PBE\u003e\n  Features2=0xe39d\u003cSSE3,RSVD2,MON,DS_CPL,EST,TM2,SSSE3,CX16,xTPR,PDCM\u003e\n  AMD Features=0x20100000\u003cNX,LM\u003e\n  AMD Features2=0x1\u003cLAHF\u003e\n  Cores per package: 2\nreal memory  = 2136866816 (2037 MB)\navail memory = 2082840576 (1986 MB)\nACPI APIC Table: \u003cGBT    GBTUACPI\u003e\nFreeBSD/SMP: Multiprocessor System Detected: 2 CPUs\n cpu0 (BSP): APIC ID:  0\n cpu1 (AP): APIC ID:  1\nioapic0: Changing APIC ID to 2\nioapic0 \u003cVersion 2.0\u003e irqs 0-23 on motherboard\nkbd1 at kbdmux0\nacpi0: \u003cGBT GBTUACPI\u003e on motherboard\nacpi0: [ITHREAD]\nacpi0: Power Button (fixed)\nacpi0: reservation of 0, a0000 (3) failed\nacpi0: reservation of 100000, 7f4e0000 (3) failed\nTimecounter \"ACPI-fast\" frequency 3579545 Hz quality 1000\nacpi_timer0: \u003c24-bit timer at 3.579545MHz\u003e port 0x408-0x40b on acpi0\nacpi_hpet0: \u003cHigh Precision Event Timer\u003e iomem 0xfed00000-0xfed003ff on acpi0\nTimecounter \"HPET\" frequency 14318180 Hz quality 900\nacpi_button0: \u003cPower Button\u003e on acpi0\npcib0: \u003cACPI Host-PCI bridge\u003e port 0xcf8-0xcff on acpi0\npci0: \u003cACPI PCI bus\u003e on pcib0\nvgapci0: \u003cVGA-compatible display\u003e port 0xe400-0xe407 mem 0xf1100000-0xf117ffff,0xe0000000-0xefffffff,0xf1000000-0xf10fffff irq 16 at device 2.0 on pci0\nagp0: \u003cIntel G33 SVGA controller\u003e on vgapci0\nagp0: detected 7676k stolen memory\nagp0: aperture size is 256M\npci0: \u003cmultimedia\u003e at device 27.0 (no driver attached)\npcib1: \u003cACPI PCI-PCI bridge\u003e irq 16 at device 28.0 on pci0\npci1: \u003cACPI PCI bus\u003e on pcib1\nuhci0: \u003cUHCI (generic) USB controller\u003e port 0xe000-0xe01f irq 23 at device 29.0 on pci0\nuhci0: [GIANT-LOCKED]\nuhci0: [ITHREAD]\nusb0: \u003cUHCI (generic) USB controller\u003e on uhci0\nusb0: USB revision 1.0\nuhub0: \u003cIntel UHCI root hub, class 9/0, rev 1.00/1.00, addr 1\u003e on usb0\nuhub0: 2 ports with 2 removable, self powered\nuhci1: \u003cUHCI (generic) USB controller\u003e port 0xe100-0xe11f irq 19 at device 29.1 on pci0\nuhci1: [GIANT-LOCKED]\nuhci1: [ITHREAD]\nusb1: \u003cUHCI (generic) USB controller\u003e on uhci1\nusb1: USB revision 1.0\nuhub1: \u003cIntel UHCI root hub, class 9/0, rev 1.00/1.00, addr 1\u003e on usb1\nuhub1: 2 ports with 2 removable, self powered\nuhci2: \u003cUHCI (generic) USB controller\u003e port 0xe200-0xe21f irq 18 at device 29.2 on pci0\nuhci2: [GIANT-LOCKED]\nuhci2: [ITHREAD]\nusb2: \u003cUHCI (generic) USB controller\u003e on uhci2\nusb2: USB revision 1.0\nuhub2: \u003cIntel UHCI root hub, class 9/0, rev 1.00/1.00, addr 1\u003e on usb2\nuhub2: 2 ports with 2 removable, self powered\nuhci3: \u003cUHCI (generic) USB controller\u003e port 0xe300-0xe31f irq 16 at device 29.3 on pci0\nuhci3: [GIANT-LOCKED]\nuhci3: [ITHREAD]\nusb3: \u003cUHCI (generic) USB controller\u003e on uhci3\nusb3: USB revision 1.0\nuhub3: \u003cIntel UHCI root hub, class 9/0, rev 1.00/1.00, addr 1\u003e on usb3\nuhub3: 2 ports with 2 removable, self powered\nehci0: \u003cIntel 82801GB/R (ICH7) USB 2.0 controller\u003e mem 0xf1184000-0xf11843ff irq 23 at device 29.7 on pci0\nehci0: [GIANT-LOCKED]\nehci0: [ITHREAD]\nusb4: EHCI version 1.0\nusb4: companion controllers, 2 ports each: usb0 usb1 usb2 usb3\nusb4: \u003cIntel 82801GB/R (ICH7) USB 2.0 controller\u003e on ehci0\nusb4: USB revision 2.0\nuhub4: \u003cIntel EHCI root hub, class 9/0, rev 2.00/1.00, addr 1\u003e on usb4\nuhub4: 8 ports with 8 removable, self powered\npcib2: \u003cACPI PCI-PCI bridge\u003e at device 30.0 on pci0\npci2: \u003cACPI PCI bus\u003e on pcib2\nxl0: \u003c3Com 3c905-TX Fast Etherlink XL\u003e port 0xd000-0xd03f irq 20 at device 0.0 on pci2\nmiibus0: \u003cMII bus\u003e on xl0\nnsphy0: \u003cDP83840 10/100 media interface\u003e PHY 24 on miibus0\nnsphy0:  10baseT, 10baseT-FDX, 100baseTX, 100baseTX-FDX, auto\nxl0: Ethernet address: 00:10:4b:22:5d:a7\nxl0: [ITHREAD]\nisab0: \u003cPCI-ISA bridge\u003e at device 31.0 on pci0\nisa0: \u003cISA bus\u003e on isab0\natapci0: \u003cIntel ICH7 UDMA100 controller\u003e port 0x1f0-0x1f7,0x3f6,0x170-0x177,0x376,0xf000-0xf00f at device 31.1 on pci0\nata0: \u003cATA channel 0\u003e on atapci0\nata0: [ITHREAD]\nata1: \u003cATA channel 1\u003e on atapci0\nata1: [ITHREAD]\natapci1: \u003cIntel ICH7 SATA300 controller\u003e port 0xe900-0xe907,0xea00-0xea03,0xeb00-0xeb07,0xec00-0xec03,0xed00-0xed0f irq 19 at device 31.2 on pci0\natapci1: [ITHREAD]\nata2: \u003cATA channel 0\u003e on atapci1\nata2: [ITHREAD]\nata3: \u003cATA channel 1\u003e on atapci1\nata3: [ITHREAD]\npci0: \u003cserial bus, SMBus\u003e at device 31.3 (no driver attached)\nspeaker0: \u003cPC speaker\u003e port 0x61 on acpi0\nfdc0: \u003cfloppy drive controller\u003e port 0x3f0-0x3f5,0x3f7 irq 6 drq 2 on acpi0\nfdc0: [FILTER]\nsio0: \u003c16550A-compatible COM port\u003e port 0x3f8-0x3ff irq 4 flags 0x10 on acpi0\nsio0: type 16550A\nsio0: [FILTER]\ncpu0: \u003cACPI CPU\u003e on acpi0\ncoretemp0: \u003cCPU On-Die Thermal Sensors\u003e on cpu0\nest0: \u003cEnhanced SpeedStep Frequency Control\u003e on cpu0\nest: CPU supports Enhanced Speedstep, but is not recognized.\nest: cpu_vendor GenuineIntel, msr 61a4c1d0600091d\ndevice_attach: est0 attach returned 6\np4tcc0: \u003cCPU Frequency Thermal Control\u003e on cpu0\ncpu1: \u003cACPI CPU\u003e on acpi0\ncoretemp1: \u003cCPU On-Die Thermal Sensors\u003e on cpu1\nest1: \u003cEnhanced SpeedStep Frequency Control\u003e on cpu1\nest: CPU supports Enhanced Speedstep, but is not recognized.\nest: cpu_vendor GenuineIntel, msr 61a4c1d0600091d\ndevice_attach: est1 attach returned 6\np4tcc1: \u003cCPU Frequency Thermal Control\u003e on cpu1\npmtimer0 on isa0\natkbdc0: \u003cKeyboard controller (i8042)\u003e at port 0x60,0x64 on isa0\natkbd0: \u003cAT Keyboard\u003e irq 1 on atkbdc0\nkbd0 at atkbd0\natkbd0: [GIANT-LOCKED]\natkbd0: [ITHREAD]\npsm0: \u003cPS/2 Mouse\u003e irq 12 on atkbdc0\npsm0: [GIANT-LOCKED]\npsm0: [ITHREAD]\npsm0: model NetMouse/NetScroll Optical, device ID 0\nsc0: \u003cSystem console\u003e at flags 0x100 on isa0\nsc0: VGA \u003c16 virtual consoles, flags=0x300\u003e\nsio1: configured irq 3 not in bitmap of probed irqs 0\nsio1: port may not be enabled\nvga0: \u003cGeneric ISA VGA\u003e at port 0x3c0-0x3df iomem 0xa0000-0xbffff on isa0\nTimecounters tick every 1.000 msec\nipfw2 (+ipv6) initialized, divert enabled, nat loadable, rule-based forwarding disabled, default to deny, logging limited to 100 packets/entry by default\nad0: 6149MB \u003cQUANTUM FIREBALL CX6.4A A3F.0B00\u003e at ata0-master UDMA66\nad1: 152627MB \u003cSeagate ST3160815A 3.AAC\u003e at ata0-slave UDMA100\nad4: 476940MB \u003cSeagate ST3500320AS SD15\u003e at ata2-master SATA150\nSMP: AP CPU #1 Launched!\nTrying to mount root from ufs:/dev/ad0s1a\nThis module (opensolaris) contains code covered by the\nCommon Development and Distribution License (CDDL)\nsee http://opensolaris.org/os/licensing/opensolaris_license/\nWARNING: ZFS is considered to be an experimental feature in FreeBSD.\nZFS filesystem version 6\nZFS storage pool version 6"
}