{
 "id": 796615,
 "bug_id": 195162,
 "attachment_id": 149581,
 "creation_time": "2014-11-19T11:21:12Z",
 "creator": "freebsd@centroid.eu",
 "text": "Created attachment 149581\nimage capture of panic and backtrace\n\nI have a panic, saved in a .png, I'm going to try to write it out:\n\ndev = da0s1f, block = 210733008, fs = /usr\npanic: ffs_blkfree: freeing free block\ncpuid = 3\nKDB: stack backtrace:\n#0 0xc068595f at kdb_backtrace+0x4f\n#1 0xc06551ec at panic+0x15c\n#2 0xc08ab0c1 at ffs_blkfree_cg+0x451\n#3 0xc08ab429 at ffs_blkfree+0x89\n#4 0xc08be6c8 at indir_trunc+0x3b8\n#5 0xc08be687 at indir_trunc+0x377\n#6 0xc08be998 at handle_workitem_freeblocks+0x1d8\n#7 0xc08bfa98 at process_worklist_item+0x238\n#8 0xc08c1cbd at softdep_process_worklist+0x8d\n#9 0xc08c3557 at softdep_flush+0x3b7\n#10 0xc0628477 at fork_exit+0x97\n#11 0xc09f6c24 at fork_trampoline+0x8\nUptime: 17h47m7s\ntwa0: ERROR: (0x15: 0x1201): Unposted command completed!!:  request = 0xcef59288, status = 3\nCannot dump.  Device not defined or unavailable.\nAutomatic reboot in 15 seconds - press a key on the console to abort\n\n\nNow the kern.version:\n\n# sysctl kern.version\nkern.version: FreeBSD 8.4-RELEASE-p14 #8: Wed Jul 23 04:34:31 EDT 2014\n    pjp@enterprise.xxxxxxxxx.net:/usr/obj/usr/src/sys/PAE-XXX\n\n\nNow the kernel config file:\n\n# $FreeBSD: src/sys/i386/conf/PAE,v 1.32.2.1.6.1 2010/12/21 17:09:25 kensmith Exp $\n\ninclude GENERIC\n\nident           PAE-GENERIC\n\n# To make a PAE kernel, the next option is needed\noptions         PAE                     # Physical Address Extensions Kernel\noptions         NULLFS                  #pjp\noptions         FDESCFS                 #pjp \noptions         IPSEC                   #pjp\n\n# ipsec device pjp\n\ndevice crypto \ndevice pf \n\n# Compile acpi in statically since the module isn't built properly.  Most\n# machines which support large amounts of memory require acpi.\ndevice          acpi\n\n# Don't build modules with this kernel config, since they are not built with\n# the correct options headers.\nmakeoptions     NO_MODULES=yes\n\n# force isp firmware to fully loaded\ndevice          ispfw\n\n# What follows is a list of drivers that are normally in GENERIC, but either\n# don't work or are untested with PAE.  Be very careful before enabling any\n# of these drivers.  Drivers which use DMA and don't handle 64 bit physical\n# address properly may cause data corruption when used in a machine with more\n# than 4 gigabytes of memory.\n\nnodevice        ahb\nnodevice        amd\nnodevice        sym\nnodevice        trm\n\nnodevice        adv\nnodevice        adw\nnodevice        aha\nnodevice        aic\nnodevice        bt\n\nnodevice        ncv\nnodevice        nsp\nnodevice        stg\n\nnodevice        asr\nnodevice        dpt\nnodevice        mly\nnodevice        hptmv\nnodevice        hptrr\n\nnodevice        ida\nnodevice        mlx\nnodevice        pst\n\nnodevice        agp\n\nnodevice        txp\nnodevice        vx\n\nnodevice        nve\nnodevice        pcn\nnodevice        sf\nnodevice        sis\nnodevice        ste\nnodevice        tl\nnodevice        tx\nnodevice        vr\nnodevice        wb\n\nnodevice        cs\nnodevice        ed\nnodevice        ex\nnodevice        ep\nnodevice        fe\nnodevice        ie\nnodevice        sn\nnodevice        xe\n\nnodevice        an\nnodevice        ath             # Atheros pci/cardbus NIC's\nnodevice        ath_hal\nnodevice        ath_rate_sample # SampleRate tx rate control for ath\nnodevice        ral\nnodevice        wi\n\n# end of PAE-XXX\n\nAnd a dmesg:\n\nCopyright (c) 1992-2013 The FreeBSD Project.\nCopyright (c) 1979, 1980, 1983, 1986, 1988, 1989, 1991, 1992, 1993, 1994\n        The Regents of the University of California. All rights reserved.\nFreeBSD is a registered trademark of The FreeBSD Foundation.\nFreeBSD 8.4-RELEASE-p14 #8: Wed Jul 23 04:34:31 EDT 2014\n    pjp@enterprise.xxxxxx:/usr/obj/usr/src/sys/PAE-XXX i386\ngcc version 4.2.1 20070831 patched [FreeBSD]\nTimecounter \"i8254\" frequency 1193182 Hz quality 0\nCPU: Intel(R) Core(TM)2 Quad CPU    Q6600  @ 2.40GHz (2400.10-MHz 686-class CPU)\n  Origin = \"GenuineIntel\"  Id = 0x6fb  Family = 6  Model = f  Stepping = 11\n  Features=0xbfebfbff\u003cFPU,VME,DE,PSE,TSC,MSR,PAE,MCE,CX8,APIC,SEP,MTRR,PGE,MCA,CMOV,PAT,PSE36,CLFLUSH,DTS,ACPI,MMX,FXSR,SSE,SSE2,SS,HTT,TM,PBE\u003e\n  Features2=0xe3bd\u003cSSE3,DTES64,MON,DS_CPL,VMX,EST,TM2,SSSE3,CX16,xTPR,PDCM\u003e\n  AMD Features=0x20100000\u003cNX,LM\u003e\n  AMD Features2=0x1\u003cLAHF\u003e\n  TSC: P-state invariant\nreal memory  = 8589934592 (8192 MB)\navail memory = 8376778752 (7988 MB)\nACPI APIC Table: \u003cPTLTD          APIC  \u003e\nFreeBSD/SMP: Multiprocessor System Detected: 4 CPUs\nFreeBSD/SMP: 1 package(s) x 4 core(s)\n cpu0 (BSP): APIC ID:  0\n cpu1 (AP): APIC ID:  1\n cpu2 (AP): APIC ID:  2\n cpu3 (AP): APIC ID:  3\nioapic0 \u003cVersion 2.0\u003e irqs 0-23 on motherboard\nispfw: registered firmware \u003cisp_1040\u003e\nispfw: registered firmware \u003cisp_1040_it\u003e\nispfw: registered firmware \u003cisp_1080\u003e\nispfw: registered firmware \u003cisp_1080_it\u003e\nispfw: registered firmware \u003cisp_12160\u003e\nispfw: registered firmware \u003cisp_12160_it\u003e\nispfw: registered firmware \u003cisp_2100\u003e\nispfw: registered firmware \u003cisp_2200\u003e\nispfw: registered firmware \u003cisp_2300\u003e\nispfw: registered firmware \u003cisp_2322\u003e\nispfw: registered firmware \u003cisp_2400\u003e\nispfw: registered firmware \u003cisp_2400_multi\u003e\nispfw: registered firmware \u003cisp_2500\u003e\nispfw: registered firmware \u003cisp_2500_multi\u003e\nkbd1 at kbdmux0\ncryptosoft0: \u003csoftware crypto\u003e on motherboard\nacpi0: \u003cPTLTD    XSDT\u003e on motherboard\nacpi0: [ITHREAD]\nacpi0: Power Button (fixed)\nTimecounter \"ACPI-fast\" frequency 3579545 Hz quality 1000\nacpi_timer0: \u003c24-bit timer at 3.579545MHz\u003e port 0x1008-0x100b on acpi0\ncpu0: \u003cACPI CPU\u003e on acpi0\ncpu1: \u003cACPI CPU\u003e on acpi0\ncpu2: \u003cACPI CPU\u003e on acpi0\ncpu3: \u003cACPI CPU\u003e on acpi0\npcib0: \u003cACPI Host-PCI bridge\u003e port 0xcf8-0xcff on acpi0\npci0: \u003cACPI PCI bus\u003e on pcib0\npcib1: \u003cACPI PCI-PCI bridge\u003e irq 16 at device 1.0 on pci0\npci1: \u003cACPI PCI bus\u003e on pcib1\n3ware device driver for 9000 series storage controllers, version: 3.80.06.003\ntwa0: \u003c3ware 9000 series Storage Controller\u003e port 0x2000-0x20ff mem 0xd0000000-0xd1ffffff,0xd2100000-0xd2100fff irq 16 at device 0.0 on pci1\ntwa0: [ITHREAD]\ntwa0: INFO: (0x04: 0x003D): Verify paused: unit=0\ntwa0: INFO: (0x15: 0x1300): Controller details:: Model 9650SE-2LP, 2 ports, Firmware FE9X 3.08.00.016, BIOS BE9X 3.08.00.004\nvgapci0: \u003cVGA-compatible display\u003e port 0x1c60-0x1c67 mem 0xd2300000-0xd237ffff,0xc0000000-0xcfffffff,0xd2000000-0xd20fffff irq 16 at device 2.0 on pci0\nem0: \u003cIntel(R) PRO/1000 Network Connection 7.3.7\u003e port 0x1820-0x183f mem 0xd2580000-0xd259ffff,0xd25a0000-0xd25a0fff irq 16 at device 25.0 on pci0\nem0: Using an MSI interrupt\nem0: [FILTER]\nem0: Ethernet address: 00:30:48:b8:2a:70\nuhci0: \u003cIntel 82801I (ICH9) USB controller\u003e port 0x1840-0x185f irq 16 at device 26.0 on pci0\nuhci0: [ITHREAD]\nusbus0 on uhci0\nuhci1: \u003cIntel 82801I (ICH9) USB controller\u003e port 0x1860-0x187f irq 17 at device\n26.1 on pci0\nuhci1: [ITHREAD]\nusbus1 on uhci1\nuhci2: \u003cIntel 82801I (ICH9) USB controller\u003e port 0x1880-0x189f irq 18 at device 26.2 on pci0\nuhci2: [ITHREAD]\nusbus2 on uhci2\nehci0: \u003cIntel 82801I (ICH9) USB 2.0 controller\u003e mem 0xd25a1000-0xd25a13ff irq 18 at device 26.7 on pci0\nehci0: [ITHREAD]\nusbus3: EHCI version 1.0\nusbus3 on ehci0\nuhci3: \u003cIntel 82801I (ICH9) USB controller\u003e port 0x18a0-0x18bf irq 23 at device 29.0 on pci0\nuhci3: [ITHREAD]\nusbus4 on uhci3\nuhci4: \u003cIntel 82801I (ICH9) USB controller\u003e port 0x18c0-0x18df irq 22 at device 29.1 on pci0\nuhci4: [ITHREAD]\nusbus5 on uhci4\nuhci5: \u003cIntel 82801I (ICH9) USB controller\u003e port 0x18e0-0x18ff irq 18 at device 29.2 on pci0\nuhci5: [ITHREAD]\nusbus6 on uhci5\nehci1: \u003cIntel 82801I (ICH9) USB 2.0 controller\u003e mem 0xd25a2000-0xd25a23ff irq 23 at device 29.7 on pci0\nehci1: [ITHREAD]\nusbus7: EHCI version 1.0\nusbus7 on ehci1\npcib2: \u003cACPI PCI-PCI bridge\u003e at device 30.0 on pci0\npci17: \u003cACPI PCI bus\u003e on pcib2\nxl0: \u003c3Com 3c905C-TX Fast Etherlink XL\u003e port 0x3000-0x307f mem 0xd2200000-0xd220007f irq 21 at device 1.0 on pci17\nmiibus0: \u003cMII bus\u003e on xl0\nukphy0: \u003cGeneric IEEE 802.3u media interface\u003e PHY 24 on miibus0\nukphy0:  none, 10baseT, 10baseT-FDX, 100baseTX, 100baseTX-FDX, auto, auto-flow\nxl0: Ethernet address: 00:0a:5e:77:cf:2d\nxl0: [ITHREAD]\natapci0: \u003cITE IT8213F UDMA133 controller\u003e port 0x30a0-0x30a7,0x3094-0x3097,0x3098-0x309f,0x3090-0x3093,0x3080-0x308f irq 23 at device 4.0 on pci17\natapci0: [ITHREAD]\nata2: \u003cATA channel\u003e at channel 0 on atapci0\nata2: [ITHREAD]\nisab0: \u003cPCI-ISA bridge\u003e at device 31.0 on pci0\nisa0: \u003cISA bus\u003e on isab0\natapci1: \u003cIntel ICH9 SATA300 controller\u003e port 0x1c78-0x1c7f,0x1c6c-0x1c6f,0x1c70-0x1c77,0x1c68-0x1c6b,0x1c00-0x1c1f mem 0xd25a3000-0xd25a37ff irq 17 at device 31.2 on pci0\natapci1: [ITHREAD]\natapci1: AHCI called from vendor specific driver\natapci1: AHCI v1.20 controller with 6 3Gbps ports, PM supported\nata3: \u003cATA channel\u003e at channel 0 on atapci1\nata3: [ITHREAD]\nata4: \u003cATA channel\u003e at channel 1 on atapci1\nata4: [ITHREAD]\nata5: \u003cATA channel\u003e at channel 2 on atapci1\nata5: [ITHREAD]\nata6: \u003cATA channel\u003e at channel 3 on atapci1\nata6: [ITHREAD]\nata7: \u003cATA channel\u003e at channel 4 on atapci1\nata7: [ITHREAD]\nata8: \u003cATA channel\u003e at channel 5 on atapci1\nata8: [ITHREAD]\npci0: \u003cserial bus, SMBus\u003e at device 31.3 (no driver attached)\npci0: \u003cdasp\u003e at device 31.6 (no driver attached)\nacpi_button0: \u003cPower Button\u003e on acpi0\natrtc0: \u003cAT realtime clock\u003e port 0x70-0x71 irq 8 on acpi0\natkbdc0: \u003cKeyboard controller (i8042)\u003e port 0x60,0x64 irq 1 on acpi0\natkbd0: \u003cAT Keyboard\u003e irq 1 on atkbdc0\nkbd0 at atkbd0\natkbd0: [GIANT-LOCKED]\natkbd0: [ITHREAD]\npsm0: \u003cPS/2 Mouse\u003e irq 12 on atkbdc0\npsm0: [GIANT-LOCKED]\npsm0: [ITHREAD]\npsm0: model IntelliMouse, device ID 3\nuart0: \u003c16550 or compatible\u003e port 0x3f8-0x3ff irq 4 flags 0x10 on acpi0\nuart0: [FILTER]\nuart1: \u003c16550 or compatible\u003e port 0x2f8-0x2ff irq 3 on acpi0\nuart1: [FILTER]\nuart2: \u003c16550 or compatible\u003e port 0x220-0x227 irq 5 on acpi0\nuart2: [FILTER]\nuart3: \u003c16550 or compatible\u003e port 0x238-0x23f irq 10 on acpi0\nuart3: [FILTER]\npmtimer0 on isa0\norm0: \u003cISA Option ROMs\u003e at iomem 0xcb800-0xcd7ff,0xcd800-0xcdfff pnpid ORM0000 on isa0\nsc0: \u003cSystem console\u003e at flags 0x100 on isa0\nsc0: VGA \u003c16 virtual consoles, flags=0x300\u003e\nvga0: \u003cGeneric ISA VGA\u003e at port 0x3c0-0x3df iomem 0xa0000-0xbffff on isa0\nata0: \u003cATA channel\u003e at port 0x1f0-0x1f7,0x3f6 irq 14 on isa0\nata0: [ITHREAD]\nata1: \u003cATA channel\u003e at port 0x170-0x177,0x376 irq 15 on isa0\nata1: [ITHREAD]\nppc0: parallel port not found.\nest0: \u003cEnhanced SpeedStep Frequency Control\u003e on cpu0\np4tcc0: \u003cCPU Frequency Thermal Control\u003e on cpu0\nest1: \u003cEnhanced SpeedStep Frequency Control\u003e on cpu1\np4tcc1: \u003cCPU Frequency Thermal Control\u003e on cpu1\nest2: \u003cEnhanced SpeedStep Frequency Control\u003e on cpu2\np4tcc2: \u003cCPU Frequency Thermal Control\u003e on cpu2\nest3: \u003cEnhanced SpeedStep Frequency Control\u003e on cpu3\np4tcc3: \u003cCPU Frequency Thermal Control\u003e on cpu3\nTimecounters tick every 1.000 msec\nIPsec: Initialized Security Association Processing.\nusbus0: 12Mbps Full Speed USB v1.0\nusbus1: 12Mbps Full Speed USB v1.0\nusbus2: 12Mbps Full Speed USB v1.0\nusbus3: 480Mbps High Speed USB v2.0\nusbus4: 12Mbps Full Speed USB v1.0\nusbus5: 12Mbps Full Speed USB v1.0\nusbus6: 12Mbps Full Speed USB v1.0\nusbus7: 480Mbps High Speed USB v2.0\nugen0.1: \u003cIntel\u003e at usbus0\nuhub0: \u003cIntel UHCI root HUB, class 9/0, rev 1.00/1.00, addr 1\u003e on usbus0\nugen1.1: \u003cIntel\u003e at usbus1\nuhub1: \u003cIntel UHCI root HUB, class 9/0, rev 1.00/1.00, addr 1\u003e on usbus1\nugen2.1: \u003cIntel\u003e at usbus2\nuhub2: \u003cIntel UHCI root HUB, class 9/0, rev 1.00/1.00, addr 1\u003e on usbus2\nugen3.1: \u003cIntel\u003e at usbus3\nuhub3: \u003cIntel EHCI root HUB, class 9/0, rev 2.00/1.00, addr 1\u003e on usbus3\nugen4.1: \u003cIntel\u003e at usbus4\nuhub4: \u003cIntel UHCI root HUB, class 9/0, rev 1.00/1.00, addr 1\u003e on usbus4\nugen5.1: \u003cIntel\u003e at usbus5\nuhub5: \u003cIntel UHCI root HUB, class 9/0, rev 1.00/1.00, addr 1\u003e on usbus5\nugen6.1: \u003cIntel\u003e at usbus6\nuhub6: \u003cIntel UHCI root HUB, class 9/0, rev 1.00/1.00, addr 1\u003e on usbus6\nugen7.1: \u003cIntel\u003e at usbus7\nuhub7: \u003cIntel EHCI root HUB, class 9/0, rev 2.00/1.00, addr 1\u003e on usbus7\nuhub0: 2 ports with 2 removable, self powered\nuhub1: 2 ports with 2 removable, self powered\nuhub2: 2 ports with 2 removable, self powered\nuhub4: 2 ports with 2 removable, self powered\nuhub5: 2 ports with 2 removable, self powered\nuhub6: 2 ports with 2 removable, self powered\nuhub3: 6 ports with 6 removable, self powered\nuhub7: 6 ports with 6 removable, self powered\nugen7.2: \u003cPeppercon AG\u003e at usbus7\nukbd0: \u003cPeppercon AG Multidevice, class 0/0, rev 2.00/0.01, addr 2\u003e on usbus7\nkbd2 at ukbd0\nums0: \u003cPeppercon AG Multidevice, class 0/0, rev 2.00/0.01, addr 2\u003e on usbus7\nums0: 3 buttons and [Z] coordinates ID=0\nda0 at twa0 bus 0 scbus0 target 0 lun 0\nda0: \u003cAMCC 9650SE-2LP DISK 3.08\u003e Fixed Direct Access SCSI-5 device \nda0: 100.000MB/s transfers\nda0: 476827MB (976541696 512 byte sectors: 255H 63S/T 60786C)\nSMP: AP CPU #2 Launched!\nSMP: AP CPU #1 Launched!\nSMP: AP CPU #3 Launched!\nTrying to mount root from ufs:/dev/da0s1a\nWARNING: /tmp was not properly dismounted\nWARNING: /var was not properly dismounted\nxl0: link state changed to UP\ntwa0: INFO: (0x04: 0x0029): Verify started: unit=0"
}