{
 "id": 421073,
 "bug_id": 118645,
 "attachment_id": 0,
 "creation_time": "2007-12-13T11:20:01Z",
 "creator": "uyamba@gmail.com",
 "text": "When CPU is 100% loaded (compiling something) mouse moves jumpy (like\non old PC with MS Windows). This problem can be resolved by setting\nrealtime priority both for moused and X processes. But even in this case\nkeyboard input is slow, delays up to 1 sec. appear somtimes. When using\n6.2 all works nice without any rtprio.\n\n# dmesg\nCopyright (c) 1992-2007 The FreeBSD Project.\nCopyright (c) 1979, 1980, 1983, 1986, 1988, 1989, 1991, 1992, 1993, 1994\n        The Regents of the University of California. All rights reserved.\nFreeBSD is a registered trademark of The FreeBSD Foundation.\nFreeBSD 7.0-BETA4 #3: Wed Dec 12 16:30:46 MSK 2007\n    ton@current.gznet.ru:/usr/obj/usr/src/sys/CURRENT\nTimecounter \"i8254\" frequency 1193182 Hz quality 0\nCPU: Mobile Intel(R) Pentium(R) III CPU - M  1200MHz (1196.15-MHz 686-class CPU)\n  Origin = \"GenuineIntel\"  Id = 0x6b4  Stepping = 4\n  Features=0x383f9ff\u003cFPU,VME,DE,PSE,TSC,MSR,PAE,MCE,CX8,SEP,MTRR,PGE,MCA,CMOV,PAT,PSE36,MMX,FXSR,SSE\u003e\nreal memory  = 267239424 (254 MB)\navail memory = 251920384 (240 MB)\nkbd1 at kbdmux0\nacpi0: \u003cDELL CPi R  \u003e on motherboard\nacpi0: [ITHREAD]\nacpi0: reservation of 0, 9fc00 (3) failed\nacpi0: reservation of 100000, fdf0000 (3) failed\nTimecounter \"ACPI-fast\" frequency 3579545 Hz quality 1000\nacpi_timer0: \u003c24-bit timer at 3.579545MHz\u003e port 0x808-0x80b on acpi0\ncpu0: \u003cACPI CPU\u003e on acpi0\nacpi_perf0: \u003cACPI CPU Frequency Control\u003e on cpu0\nacpi_acad0: \u003cAC Adapter\u003e on acpi0\nbattery0: \u003cACPI Control Method Battery\u003e on acpi0\nacpi_lid0: \u003cControl Method Lid Switch\u003e on acpi0\nacpi_button0: \u003cPower Button\u003e on acpi0\nacpi_button1: \u003cSleep Button\u003e on acpi0\npcib0: \u003cACPI Host-PCI bridge\u003e port 0xcf8-0xcff on acpi0\npci_link1: BIOS IRQ 11 for 0.31.INTB is invalid\npci0: \u003cACPI PCI bus\u003e on pcib0\nvgapci0: \u003cVGA-compatible display\u003e mem 0xe0000000-0xe7ffffff,0xf4f80000-0xf4ffffff irq 11 at device 2.0 on pci0\nagp0: \u003cIntel 82830M (830M GMCH) SVGA controller\u003e on vgapci0\nagp0: detected 892k stolen memory\nagp0: aperture size is 128M\ndrm0: \u003cIntel i830M GMCH\u003e on vgapci0\ninfo: [drm] AGP at 0xe0000000 128MB\ninfo: [drm] Initialized i915 1.5.0 20060119\nvgapci1: \u003cVGA-compatible display\u003e mem 0xd8000000-0xdfffffff,0xf4f00000-0xf4f7ffff at device 2.1 on pci0\ndrm1: \u003cIntel i830M GMCH\u003e on vgapci1\ninfo: [drm] AGP at 0xe0000000 128MB\ninfo: [drm] Initialized i915 1.5.0 20060119\n..\n\nHow-To-Repeat: Start compiling something and move mouse."
}