{
 "id": 1025167,
 "bug_id": 233817,
 "attachment_id": 0,
 "creation_time": "2018-12-05T23:49:34Z",
 "creator": "jason@tubnor.net",
 "text": "The em driver on my Lenovo T450 does not re-initialise after resuming from sleep.  This is on 12.0-RC3 but it has always been an issue with the 11 series too.\n\nHow-to replicate:\n\nHave a functioning network on the em0 interface, usually getting an address via dhcp.\n\nPut laptop to sleep for 30s\n\nRemove patch lead from laptop\n\nWake laptop from sleep, re-insert patch lead after 10s and perform ping/tcpdump, no traffic will pass.\n\nNote:  Problem doesn't exist as long as the patch lead always remains attached to the laptop and associated switch powered up.  But the replication above is a typical daily scenario for a laptop.\n\nBelow is the pciconf -lcvb and dmesg output after wake:\n\n# pciconf -lcvb\nhostb0@pci0:0:0:0:\tclass=0x060000 card=0x503417aa chip=0x16048086 rev=0x09 hdr=0x00\n    vendor     = 'Intel Corporation'\n    device     = 'Broadwell-U Host Bridge -OPI'\n    class      = bridge\n    subclass   = HOST-PCI\n    cap 09[e0] = vendor (length 12) Intel cap 0 version 1\nvgapci0@pci0:0:2:0:\tclass=0x030000 card=0x503417aa chip=0x16168086 rev=0x09 hdr=0x00\n    vendor     = 'Intel Corporation'\n    device     = 'HD Graphics 5500'\n    class      = display\n    subclass   = VGA\n    bar   [10] = type Memory, range 64, base 0xf0000000, size 16777216, enabled\n    bar   [18] = type Prefetchable Memory, range 64, base 0xe0000000, size 268435456, enabled\n    bar   [20] = type I/O Port, range 32, base 0x3000, size 64, enabled\n    cap 05[90] = MSI supports 1 message \n    cap 01[d0] = powerspec 2  supports D0 D3  current D0\n    cap 13[a4] = PCI Advanced Features: FLR TP\nhdac0@pci0:0:3:0:\tclass=0x040300 card=0x503417aa chip=0x160c8086 rev=0x09 hdr=0x00\n    vendor     = 'Intel Corporation'\n    device     = 'Broadwell-U Audio Controller'\n    class      = multimedia\n    subclass   = HDA\n    bar   [10] = type Memory, range 64, base 0xf1230000, size 16384, enabled\n    cap 01[50] = powerspec 2  supports D0 D3  current D0\n    cap 05[60] = MSI supports 1 message enabled with 1 message\n    cap 10[70] = PCI-Express 1 root endpoint max data 128(128) FLR NS\nxhci0@pci0:0:20:0:\tclass=0x0c0330 card=0x503417aa chip=0x9cb18086 rev=0x03 hdr=0x00\n    vendor     = 'Intel Corporation'\n    device     = 'Wildcat Point-LP USB xHCI Controller'\n    class      = serial bus\n    subclass   = USB\n    bar   [10] = type Memory, range 64, base 0xf1220000, size 65536, enabled\n    cap 01[70] = powerspec 2  supports D0 D3  current D0\n    cap 05[80] = MSI supports 8 messages, 64 bit enabled with 1 message\nnone0@pci0:0:22:0:\tclass=0x078000 card=0x503417aa chip=0x9cba8086 rev=0x03 hdr=0x00\n    vendor     = 'Intel Corporation'\n    device     = 'Wildcat Point-LP MEI Controller'\n    class      = simple comms\n    bar   [10] = type Memory, range 64, base 0xf1239000, size 32, enabled\n    cap 01[50] = powerspec 3  supports D0 D3  current D0\n    cap 05[8c] = MSI supports 1 message, 64 bit \nem0@pci0:0:25:0:\tclass=0x020000 card=0x222617aa chip=0x15a38086 rev=0x03 hdr=0x00\n    vendor     = 'Intel Corporation'\n    device     = 'Ethernet Connection (3) I218-V'\n    class      = network\n    subclass   = ethernet\n    bar   [10] = type Memory, range 32, base 0xf1200000, size 131072, enabled\n    bar   [14] = type Memory, range 32, base 0xf123e000, size 4096, enabled\n    bar   [18] = type I/O Port, range 32, base 0x3080, size 32, enabled\n    cap 01[c8] = powerspec 2  supports D0 D3  current D0\n    cap 05[d0] = MSI supports 1 message, 64 bit enabled with 1 message\n    cap 13[e0] = PCI Advanced Features: FLR TP\nhdac1@pci0:0:27:0:\tclass=0x040300 card=0x503417aa chip=0x9ca08086 rev=0x03 hdr=0x00\n    vendor     = 'Intel Corporation'\n    device     = 'Wildcat Point-LP High Definition Audio Controller'\n    class      = multimedia\n    subclass   = HDA\n    bar   [10] = type Memory, range 64, base 0xf1234000, size 16384, enabled\n    cap 01[50] = powerspec 3  supports D0 D3  current D0\n    cap 05[60] = MSI supports 1 message, 64 bit enabled with 1 message\npcib1@pci0:0:28:0:\tclass=0x060400 card=0x503417aa chip=0x9c9a8086 rev=0xe3 hdr=0x01\n    vendor     = 'Intel Corporation'\n    device     = 'Wildcat Point-LP PCI Express Root Port'\n    class      = bridge\n    subclass   = PCI-PCI\n    cap 10[40] = PCI-Express 2 root port max data 128(128)\n                 link x1(x1) speed 2.5(5.0) ASPM L0s/L1(L0s/L1)\n                 slot 5 power limit 100 mW\n    cap 05[80] = MSI supports 1 message \n    cap 0d[90] = PCI Bridge card=0x503417aa\n    cap 01[a0] = powerspec 3  supports D0 D3  current D0\n    ecap 0000[100] = unknown 0\n    ecap 001e[200] = unknown 1\npcib2@pci0:0:28:1:\tclass=0x060400 card=0x503417aa chip=0x9c948086 rev=0xe3 hdr=0x01\n    vendor     = 'Intel Corporation'\n    device     = 'Wildcat Point-LP PCI Express Root Port'\n    class      = bridge\n    subclass   = PCI-PCI\n    cap 10[40] = PCI-Express 2 root port max data 128(128)\n                 link x1(x1) speed 2.5(5.0) ASPM L1(L0s/L1)\n                 slot 2 power limit 100 mW\n    cap 05[80] = MSI supports 1 message \n    cap 0d[90] = PCI Bridge card=0x503417aa\n    cap 01[a0] = powerspec 3  supports D0 D3  current D0\n    ecap 0000[100] = unknown 0\n    ecap 001e[200] = unknown 1\nehci0@pci0:0:29:0:\tclass=0x0c0320 card=0x503417aa chip=0x9ca68086 rev=0x03 hdr=0x00\n    vendor     = 'Intel Corporation'\n    device     = 'Wildcat Point-LP USB EHCI Controller'\n    class      = serial bus\n    subclass   = USB\n    bar   [10] = type Memory, range 32, base 0xf123d000, size 1024, enabled\n    cap 01[50] = powerspec 3  supports D0 D3  current D0\n    cap 0a[58] = EHCI Debug Port at offset 0xa0 in map 0x14\n    cap 13[98] = PCI Advanced Features: FLR TP\nisab0@pci0:0:31:0:\tclass=0x060100 card=0x503417aa chip=0x9cc38086 rev=0x03 hdr=0x00\n    vendor     = 'Intel Corporation'\n    device     = 'Wildcat Point-LP LPC Controller'\n    class      = bridge\n    subclass   = PCI-ISA\n    cap 09[e0] = vendor (length 12) Intel cap 1 version 0\n\t\t features: AMT, 4 PCI-e x1 slots\nahci0@pci0:0:31:2:\tclass=0x010601 card=0x503417aa chip=0x9c838086 rev=0x03 hdr=0x00\n    vendor     = 'Intel Corporation'\n    device     = 'Wildcat Point-LP SATA Controller [AHCI Mode]'\n    class      = mass storage\n    subclass   = SATA\n    bar   [10] = type I/O Port, range 32, base 0x30a8, size 8, enabled\n    bar   [14] = type I/O Port, range 32, base 0x30b4, size 4, enabled\n    bar   [18] = type I/O Port, range 32, base 0x30a0, size 8, enabled\n    bar   [1c] = type I/O Port, range 32, base 0x30b0, size 4, enabled\n    bar   [20] = type I/O Port, range 32, base 0x3060, size 32, enabled\n    bar   [24] = type Memory, range 32, base 0xf123c000, size 2048, enabled\n    cap 05[80] = MSI supports 1 message enabled with 1 message\n    cap 01[70] = powerspec 3  supports D0 D3  current D0\n    cap 12[a8] = SATA Index-Data Pair\nnone1@pci0:0:31:3:\tclass=0x0c0500 card=0x503417aa chip=0x9ca28086 rev=0x03 hdr=0x00\n    vendor     = 'Intel Corporation'\n    device     = 'Wildcat Point-LP SMBus Controller'\n    class      = serial bus\n    subclass   = SMBus\n    bar   [10] = type Memory, range 64, base 0xf1238000, size 256, enabled\n    bar   [20] = type I/O Port, range 32, base 0xefa0, size 32, enabled\nnone2@pci0:0:31:6:\tclass=0x118000 card=0x503417aa chip=0x9ca48086 rev=0x03 hdr=0x00\n    vendor     = 'Intel Corporation'\n    device     = 'Wildcat Point-LP Thermal Management Controller'\n    class      = dasp\n    bar   [10] = type Memory, range 64, base 0xf123b000, size 4096, enabled\n    cap 01[50] = powerspec 3  supports D0 D3  current D0\n    cap 05[80] = MSI supports 1 message \nnone3@pci0:2:0:0:\tclass=0xff0000 card=0x503417aa chip=0x522710ec rev=0x01 hdr=0x00\n    vendor     = 'Realtek Semiconductor Co., Ltd.'\n    device     = 'RTS5227 PCI Express Card Reader'\n    bar   [10] = type Memory, range 32, base 0xf1100000, size 4096, enabled\n    cap 01[40] = powerspec 3  supports D0 D1 D2 D3  current D0\n    cap 05[50] = MSI supports 1 message, 64 bit \n    cap 10[70] = PCI-Express 2 endpoint max data 128(128) RO\n                 link x1(x1) speed 2.5(2.5) ASPM L0s/L1(L0s/L1)\n    ecap 0001[100] = AER 2 0 fatal 0 non-fatal 0 corrected\n    ecap 0003[140] = Serial 1 00000001004ce000\n    ecap 0018[150] = LTR 1\n    ecap 001e[158] = unknown 1\niwm0@pci0:3:0:0:\tclass=0x028000 card=0x52108086 chip=0x095b8086 rev=0x99 hdr=0x00\n    vendor     = 'Intel Corporation'\n    device     = 'Wireless 7265'\n    class      = network\n    bar   [10] = type Memory, range 64, base 0xf1000000, size 8192, enabled\n    cap 01[c8] = powerspec 3  supports D0 D3  current D0\n    cap 05[d0] = MSI supports 1 message, 64 bit enabled with 1 message\n    cap 10[40] = PCI-Express 2 endpoint max data 128(128) FLR RO NS\n                 link x1(x1) speed 2.5(2.5) ASPM L1(L1)\n    ecap 0001[100] = AER 1 0 fatal 0 non-fatal 0 corrected\n    ecap 0003[140] = Serial 1 1002b5ffffbadb9b\n    ecap 0018[14c] = LTR 1\n    ecap 001e[154] = unknown 1\n\n\n# dmesg\n\n---\u003c\u003cBOOT\u003e\u003e---\nCopyright (c) 1992-2018 The FreeBSD Project.\nCopyright (c) 1979, 1980, 1983, 1986, 1988, 1989, 1991, 1992, 1993, 1994\n\tThe Regents of the University of California. All rights reserved.\nFreeBSD is a registered trademark of The FreeBSD Foundation.\nFreeBSD 12.0-RC3 r341271 GENERIC amd64\nFreeBSD clang version 6.0.1 (tags/RELEASE_601/final 335540) (based on LLVM 6.0.1)\nVT(efifb): resolution 1600x900\nCPU: Intel(R) Core(TM) i5-5200U CPU @ 2.20GHz (2194.97-MHz K8-class CPU)\n  Origin=\"GenuineIntel\"  Id=0x306d4  Family=0x6  Model=0x3d  Stepping=4\n  Features=0xbfebfbff\u003cFPU,VME,DE,PSE,TSC,MSR,PAE,MCE,CX8,APIC,SEP,MTRR,PGE,MCA,CMOV,PAT,PSE36,CLFLUSH,DTS,ACPI,MMX,FXSR,SSE,SSE2,SS,HTT,TM,PBE\u003e\n  Features2=0x7ffafbbf\u003cSSE3,PCLMULQDQ,DTES64,MON,DS_CPL,VMX,EST,TM2,SSSE3,SDBG,FMA,CX16,xTPR,PDCM,PCID,SSE4.1,SSE4.2,x2APIC,MOVBE,POPCNT,TSCDLT,AESNI,XSAVE,OSXSAVE,AVX,F16C,RDRAND\u003e\n  AMD Features=0x2c100800\u003cSYSCALL,NX,Page1GB,RDTSCP,LM\u003e\n  AMD Features2=0x121\u003cLAHF,ABM,Prefetch\u003e\n  Structured Extended Features=0x21c27ab\u003cFSGSBASE,TSCADJ,BMI1,AVX2,SMEP,BMI2,ERMS,INVPCID,NFPUSG,RDSEED,ADX,SMAP,PROCTRACE\u003e\n  Structured Extended Features3=0x9c000000\u003cIBPB,STIBP,L1DFL,SSBD\u003e\n  XSAVE Features=0x1\u003cXSAVEOPT\u003e\n  VT-x: PAT,HLT,MTF,PAUSE,EPT,UG,VPID\n  TSC: P-state invariant, performance statistics\nreal memory  = 8589934592 (8192 MB)\navail memory = 8152264704 (7774 MB)\nEvent timer \"LAPIC\" quality 600\nACPI APIC Table: \u003cLENOVO TP-JB   \u003e\nFreeBSD/SMP: Multiprocessor System Detected: 4 CPUs\nFreeBSD/SMP: 1 package(s) x 2 core(s) x 2 hardware threads\nrandom: unblocking device.\nioapic0 \u003cVersion 2.0\u003e irqs 0-39 on motherboard\nLaunching APs: 1 2 3\nTimecounter \"TSC-low\" frequency 1097482600 Hz quality 1000\nrandom: entropy device external interface\nkbd1 at kbdmux0\nnetmap: loaded module\n[ath_hal] loaded\nmodule_register_init: MOD_LOAD (vesa, 0xffffffff810f9750, 0) error 19\nrandom: registering fast source Intel Secure Key RNG\nrandom: fast provider: \"Intel Secure Key RNG\"\nnexus0\nefirtc0: \u003cEFI Realtime Clock\u003e on motherboard\nefirtc0: registered as a time-of-day clock, resolution 1.000000s\ncryptosoft0: \u003csoftware crypto\u003e on motherboard\nacpi0: \u003cLENOVO TP-JB\u003e on motherboard\nacpi_ec0: \u003cEmbedded Controller: GPE 0x25, ECDT\u003e port 0x62,0x66 on acpi0\nacpi0: Power Button (fixed)\ncpu0: \u003cACPI CPU\u003e on acpi0\nattimer0: \u003cAT timer\u003e port 0x40-0x43 irq 0 on acpi0\nTimecounter \"i8254\" frequency 1193182 Hz quality 0\nEvent timer \"i8254\" frequency 1193182 Hz quality 100\nhpet0: \u003cHigh Precision Event Timer\u003e iomem 0xfed00000-0xfed003ff on acpi0\nTimecounter \"HPET\" frequency 14318180 Hz quality 950\nEvent timer \"HPET\" frequency 14318180 Hz quality 550\nEvent timer \"HPET1\" frequency 14318180 Hz quality 440\nEvent timer \"HPET2\" frequency 14318180 Hz quality 440\nEvent timer \"HPET3\" frequency 14318180 Hz quality 440\nEvent timer \"HPET4\" frequency 14318180 Hz quality 440\natrtc0: \u003cAT realtime clock\u003e port 0x70-0x71 irq 8 on acpi0\natrtc0: registered as a time-of-day clock, resolution 1.000000s\nEvent timer \"RTC\" frequency 32768 Hz quality 0\nTimecounter \"ACPI-fast\" frequency 3579545 Hz quality 900\nacpi_timer0: \u003c24-bit timer at 3.579545MHz\u003e port 0x1808-0x180b on acpi0\nacpi_lid0: \u003cControl Method Lid Switch\u003e on acpi0\nacpi_button0: \u003cSleep Button\u003e on acpi0\npcib0: \u003cACPI Host-PCI bridge\u003e port 0xcf8-0xcff on acpi0\npci0: \u003cACPI PCI bus\u003e on pcib0\nvgapci0: \u003cVGA-compatible display\u003e port 0x3000-0x303f mem 0xf0000000-0xf0ffffff,0xe0000000-0xefffffff at device 2.0 on pci0\nacpi_video0: \u003cACPI video extension\u003e on vgapci0\nvgapci0: Boot video device\nhdac0: \u003cIntel Broadwell HDA Controller\u003e mem 0xf1230000-0xf1233fff at device 3.0 on pci0\nxhci0: \u003cBroadwell Integrated PCH-LP chipset USB 3.0 controller\u003e mem 0xf1220000-0xf122ffff at device 20.0 on pci0\nxhci0: 32 bytes context size, 64-bit DMA\nxhci0: Port routing mask set to 0xffffffff\nusbus0 on xhci0\nusbus0: 5.0Gbps Super Speed USB v3.0\npci0: \u003csimple comms\u003e at device 22.0 (no driver attached)\nem0: \u003cIntel(R) PRO/1000 Network Connection\u003e port 0x3080-0x309f mem 0xf1200000-0xf121ffff,0xf123e000-0xf123efff at device 25.0 on pci0\nem0: attach_pre capping queues at 1\nem0: using 1024 tx descriptors and 1024 rx descriptors\nem0: msix_init qsets capped at 1\nem0: Unable to map MSIX table \nem0: Using an MSI interrupt\nem0: allocated for 1 tx_queues\nem0: allocated for 1 rx_queues\nem0: Ethernet address: 50:7b:9d:c4:ec:a8\nem0: netmap queues/slots: TX 1/1024, RX 1/1024\nhdac1: \u003cIntel Broadwell HDA Controller\u003e mem 0xf1234000-0xf1237fff at device 27.0 on pci0\npcib1: \u003cACPI PCI-PCI bridge\u003e at device 28.0 on pci0\npci1: \u003cACPI PCI bus\u003e on pcib1\npci1: \u003cunknown\u003e at device 0.0 (no driver attached)\npcib2: \u003cACPI PCI-PCI bridge\u003e at device 28.1 on pci0\npci2: \u003cACPI PCI bus\u003e on pcib2\npci2: \u003cnetwork\u003e at device 0.0 (no driver attached)\nehci0: \u003cEHCI (generic) USB 2.0 controller\u003e mem 0xf123d000-0xf123d3ff at device 29.0 on pci0\nusbus1: EHCI version 1.0\nusbus1 on ehci0\nusbus1: 480Mbps High Speed USB v2.0\nisab0: \u003cPCI-ISA bridge\u003e at device 31.0 on pci0\nisa0: \u003cISA bus\u003e on isab0\nahci0: \u003cAHCI SATA controller\u003e port 0x30a8-0x30af,0x30b4-0x30b7,0x30a0-0x30a7,0x30b0-0x30b3,0x3060-0x307f mem 0xf123c000-0xf123c7ff at device 31.2 on pci0\nahci0: AHCI v1.30 with 3 6Gbps ports, Port Multiplier not supported\nahcich0: \u003cAHCI channel\u003e at channel 0 on ahci0\nacpi_tz0: \u003cThermal Zone\u003e on acpi0\natkbdc0: \u003cKeyboard controller (i8042)\u003e port 0x60,0x64 irq 1 on acpi0\natkbd0: \u003cAT Keyboard\u003e irq 1 on atkbdc0\nkbd0 at atkbd0\natkbd0: [GIANT-LOCKED]\npsm0: \u003cPS/2 Mouse\u003e irq 12 on atkbdc0\npsm0: [GIANT-LOCKED]\npsm0: model Generic PS/2 mouse, device ID 0\nbattery0: \u003cACPI Control Method Battery\u003e on acpi0\nbattery1: \u003cACPI Control Method Battery\u003e on acpi0\nacpi_acad0: \u003cAC Adapter\u003e on acpi0\nacpi_ibm0: \u003cIBM ThinkPad ACPI Extras\u003e on acpi0\nest0: \u003cEnhanced SpeedStep Frequency Control\u003e on cpu0\nZFS filesystem version: 5\nZFS storage pool version: features support (5000)\nTimecounters tick every 1.000 msec\nhdacc0: \u003cIntel Broadwell HDA CODEC\u003e at cad 0 on hdac0\nhdaa0: \u003cIntel Broadwell Audio Function Group\u003e at nid 1 on hdacc0\npcm0: \u003cIntel Broadwell (HDMI/DP 8ch)\u003e at nid 3 on hdaa0\nhdacc1: \u003cRealtek ALC292 HDA CODEC\u003e at cad 0 on hdac1\nhdaa1: \u003cRealtek ALC292 Audio Function Group\u003e at nid 1 on hdacc1\npcm1: \u003cRealtek ALC292 (Analog 2.0+HP/2.0)\u003e at nid 20,21 and 26 on hdaa1\npcm2: \u003cRealtek ALC292 (Internal Analog Mic)\u003e at nid 18 on hdaa1\nugen0.1: \u003c0x8086 XHCI root HUB\u003e at usbus0\nugen1.1: \u003cIntel EHCI root HUB\u003e at usbus1\nuhub0: ada0 at ahcich0 bus 0 scbus0 target 0 lun 0\nada0: \u003cSAMSUNG MZ7LF192HCGS-000L1 FXT03L1Q\u003e ACS-2 ATA SATA 3.x device\nada0: Serial Number S28ZNXAG812321\nada0: 600.000MB/s transfers (SATA 3.x, UDMA6, PIO 8192bytes)\nada0: Command Queueing enabled\nada0: 183151MB (375093936 512 byte sectors)\nada0: quirks=0x3\u003c4K,NCQ_TRIM_BROKEN\u003e\n\u003c0x8086 XHCI root HUB, class 9/0, rev 3.00/1.00, addr 1\u003e on usbus0\nTrying to mount root from zfs:tb1/ROOT/default []...\nuhub1: \u003cIntel EHCI root HUB, class 9/0, rev 2.00/1.00, addr 1\u003e on usbus1\nRoot mount waiting for: usbus1 usbus0\nuhub0: 15 ports with 15 removable, self powered\nRoot mount waiting for: usbus1 usbus0\nuhub1: 3 ports with 3 removable, self powered\nugen0.2: \u003cGeneric EMV Smartcard Reader\u003e at usbus0\nRoot mount waiting for: usbus1 usbus0\nugen0.3: \u003cSunplusIT Inc Integrated Camera\u003e at usbus0\nugen1.2: \u003cvendor 0x8087 product 0x8001\u003e at usbus1\nuhub2 on uhub1\nuhub2: \u003cvendor 0x8087 product 0x8001, class 9/0, rev 2.00/0.03, addr 2\u003e on usbus1\nuhub2: 8 ports with 8 removable, self powered\nanon_inodefs_init: \ndrmn0: \u003cdrmn\u003e on vgapci0\nvgapci0: child drmn0 requested pci_enable_io\nvgapci0: child drmn0 requested pci_enable_io\n[drm] Memory usable by graphics device = 4096M\n[drm] Supports vblank timestamp caching Rev 2 (21.10.2013).\n[drm] Driver supports precise vblank timestamp query.\n[drm] Connector eDP-1: get mode from tunables:\n[drm]   - kern.vt.fb.modes.eDP-1\n[drm]   - kern.vt.fb.default_mode\n[drm] Connector DP-1: get mode from tunables:\n[drm]   - kern.vt.fb.modes.DP-1\n[drm]   - kern.vt.fb.default_mode\n[drm] Connector HDMI-A-1: get mode from tunables:\n[drm]   - kern.vt.fb.modes.HDMI-A-1\n[drm]   - kern.vt.fb.default_mode\n[drm] Connector DP-2: get mode from tunables:\n[drm]   - kern.vt.fb.modes.DP-2\n[drm]   - kern.vt.fb.default_mode\n[drm] Connector HDMI-A-2: get mode from tunables:\n[drm]   - kern.vt.fb.modes.HDMI-A-2\n[drm]   - kern.vt.fb.default_mode\n[drm] Initialized i915 1.6.0 20170123 for drmn0 on minor 0\nVT: Replacing driver \"efifb\" with new \"fb\".\nstart FB_INFO:\ntype=11 height=900 width=1600 depth=32\ncmsize=16 size=5763072\npbase=0xe0011000 vbase=0xfffff800e0011000\nname=drmn0 flags=0x0 stride=6400 bpp=32\ncmap[0]=0 cmap[1]=7f0000 cmap[2]=7f00 cmap[3]=c4a000\nend FB_INFO\ndrmn0: fb0: inteldrmfb frame buffer device\nlo0: link state changed to UP\nem0: link state changed to UP\niwm0: \u003cIntel(R) Dual Band Wireless AC 7265\u003e mem 0xf1000000-0xf1001fff at device 0.0 on pci2\niwm0: hw rev 0x210, fw ver 22.361476.0, address 10:02:b5:ba:db:9b\nhdac0: Unexpected unsolicited response from address 0: 00000000\nhdac0: Unexpected unsolicited response from address 0: 00000000\nhdac0: Unexpected unsolicited response from address 0: 00000000\nhdac0: Unexpected unsolicited response from address 0: 00000000\nhdac0: Unexpected unsolicited response from address 0: 00000000\nhdac0: Unexpected unsolicited response from address 0: 00000000\nhdac0: Unexpected unsolicited response from address 0: 00000000\nhdac0: Unexpected unsolicited response from address 0: 00000000\nhdac0: Unexpected unsolicited response from address 0: 00000000\nhdac0: Unexpected unsolicited response from address 0: 00000000\nhdac0: Unexpected unsolicited response from address 0: 00000000\n\u003c-- snip 200 lines --\u003e\nhdac0: Unexpected unsolicited response from address 0: 00000000\nhdac0: Unexpected unsolicited response from address 0: 00000000\nhdac0: Unexpected unsolicited response from address 0: 00000000\nhdac0: Unexpected unsolicited response from address 0: 00000000\nhdac0: Unexpected unsolicited response from address 0: 00000000\nhdac0: Unexpected unsolicited response from address 0: 00000000\nhdac0: Unexpected unsolicited response from address 0: 00000000\nhdac0: Unexpected unsolicited response from address 0: 00000000\nhdac0: Unexpected unsolicited response from address 0: 00000000\nhdac0: Unexpected unsolicited response from address 0: 00000000\nhdac0: Unexpected unsolicited response from address 0: 00000000\nuhub1: at usbus1, port 1, addr 1 (disconnected)\nugen1.2: \u003cvendor 0x8087 product 0x8001\u003e at usbus1 (disconnected)\nuhub2: at uhub1, port 1, addr 2 (disconnected)\nuhub2: detached\nuhub0: at usbus0, port 1, addr 1 (disconnected)\nugen0.2: \u003cGeneric EMV Smartcard Reader\u003e at usbus0 (disconnected)\nugen0.3: \u003cSunplusIT Inc Integrated Camera\u003e at usbus0 (disconnected)\nhdac0: Command timeout on address 0\nvgapci0: child drmn0 requested pci_set_powerstate\npcib0: failed to set ACPI power state D2 on \\134_SB_.PCI0: AE_BAD_PARAMETER\nacpi0: cleared fixed power button status\nvgapci0: child drmn0 requested pci_set_powerstate\nvgapci0: child drmn0 requested pci_enable_io\nvgapci0: child drmn0 requested pci_enable_io\nhdac0: Device stuck in reset\nhdac0: Command timeout on address 0\nhdac0: Command timeout on address 0\nhdac0: Command timeout on address 0\nhdac0: Command timeout on address 0\nhdac0: Command timeout on address 0\nhdac0: Command timeout on address 0\nhdac0: Command timeout on address 0\nhdac0: Command timeout on address 0\nhdac0: Command timeout on address 0\nhdac0: Command timeout on address 0\nhdac0: Command timeout on address 0\nxhci0: Port routing mask set to 0xffffffff\nuhub0: \u003c0x8086 XHCI root HUB, class 9/0, rev 3.00/1.00, addr 1\u003e on usbus0\nem0: link state changed to DOWN\nuhub0: 15 ports with 15 removable, self powered\nuhub1: \u003cIntel EHCI root HUB, class 9/0, rev 2.00/1.00, addr 1\u003e on usbus1\nugen0.2: \u003cGeneric EMV Smartcard Reader\u003e at usbus0\nugen0.3: \u003cSunplusIT Inc Integrated Camera\u003e at usbus0\nuhub1: 3 ports with 3 removable, self powered\nugen1.2: \u003cvendor 0x8087 product 0x8001\u003e at usbus1\nuhub2 on uhub1\nuhub2: \u003cvendor 0x8087 product 0x8001, class 9/0, rev 2.00/0.03, addr 2\u003e on usbus1\nuhub2: 8 ports with 8 removable, self powered\nem0: link state changed to UP\n\n# ping 9.9.9.9\nPING 9.9.9.9 (9.9.9.9): 56 data bytes\n^C\n--- 9.9.9.9 ping statistics ---\n13 packets transmitted, 0 packets received, 100.0% packet loss"
}