{
 "id": 717950,
 "bug_id": 179299,
 "attachment_id": 0,
 "creation_time": "2013-06-04T14:50:00Z",
 "creator": "sysop@prisjakt.nu",
 "text": "\nHi, \n\nI have two machines with Intel X540-T2 (dual-port 10Gb NIC).\nNIC seems to be unstable after reboot - it sporadically responses to ICMP PING requests.\nECHO REQUEST packets seems to show up, but not all of them(tcpdump).\nNIC is connected to a 1Gb HP switch. Machines have PF with 'pass all' active and PFSync(master/backup CARP setup).\n\nAfter 'ifconfig ix0 down' and 'ifconfig ix0 up' it starts to replay to ICMP requests, but after some time machine stops responding again. After some time NICs seems to come back again.\n\nThere is no firewall in between testing and tested systems. Same testing done from other machines on the network with same result.\n\nDmesg below:\n\nCopyright (c) 1992-2013 The FreeBSD Project.\nCopyright (c) 1979, 1980, 1983, 1986, 1988, 1989, 1991, 1992, 1993, 1994\n\tThe Regents of the University of California. All rights reserved.\nFreeBSD is a registered trademark of The FreeBSD Foundation.\nFreeBSD 9.1-STABLE #1: Tue May 21 21:42:21 CEST 2013\n    root@nfs2:/usr/obj/usr/src/sys/GENERIC amd64\ngcc version 4.2.1 20070831 patched [FreeBSD]\nCPU: Intel(R) Xeon(R) CPU E5-2620 0 @ 2.00GHz (2000.05-MHz K8-class CPU)\n  Origin = \"GenuineIntel\"  Id = 0x206d7  Family = 0x6  Model = 0x2d  Stepping = 7\n  Features=0xbfebfbff\u003cFPU,VME,DE,PSE,TSC,MSR,PAE,MCE,CX8,APIC,SEP,MTRR,PGE,MCA,CMOV,PAT,PSE36,CLFLUSH,DTS,ACPI,MMX,FXSR,SSE,SSE2,SS,HTT,TM,PBE\u003e\n  Features2=0x1fbee3ff\u003cSSE3,PCLMULQDQ,DTES64,MON,DS_CPL,VMX,SMX,EST,TM2,SSSE3,CX16,xTPR,PDCM,PCID,DCA,SSE4.1,SSE4.2,x2APIC,POPCNT,TSCDLT,AESNI,XSAVE,OSXSAVE,AVX\u003e\n  AMD Features=0x2c100800\u003cSYSCALL,NX,Page1GB,RDTSCP,LM\u003e\n  AMD Features2=0x1\u003cLAHF\u003e\n  TSC: P-state invariant, performance statistics\nreal memory  = 68736253952 (65552 MB)\navail memory = 66171219968 (63105 MB)\nEvent timer \"LAPIC\" quality 600\nACPI APIC Table: \u003cSUPERM SMCI--MB\u003e\nFreeBSD/SMP: Multiprocessor System Detected: 12 CPUs\nFreeBSD/SMP: 1 package(s) x 6 core(s) x 2 SMT threads\n cpu0 (BSP): APIC ID:  0\n cpu1 (AP): APIC ID:  1\n cpu2 (AP): APIC ID:  2\n cpu3 (AP): APIC ID:  3\n cpu4 (AP): APIC ID:  4\n cpu5 (AP): APIC ID:  5\n cpu6 (AP): APIC ID:  6\n cpu7 (AP): APIC ID:  7\n cpu8 (AP): APIC ID:  8\n cpu9 (AP): APIC ID:  9\n cpu10 (AP): APIC ID: 10\n cpu11 (AP): APIC ID: 11\nioapic0 \u003cVersion 2.0\u003e irqs 0-23 on motherboard\nioapic1 \u003cVersion 2.0\u003e irqs 24-47 on motherboard\nkbd1 at kbdmux0\nctl: CAM Target Layer loaded\nacpi0: \u003cSUPERM SMCI--MB\u003e on motherboard\nacpi0: Power Button (fixed)\nacpi0: reservation of 0, a0000 (3) failed\ncpu0: \u003cACPI CPU\u003e on acpi0\ncpu1: \u003cACPI CPU\u003e on acpi0\ncpu2: \u003cACPI CPU\u003e on acpi0\ncpu3: \u003cACPI CPU\u003e on acpi0\ncpu4: \u003cACPI CPU\u003e on acpi0\ncpu5: \u003cACPI CPU\u003e on acpi0\ncpu6: \u003cACPI CPU\u003e on acpi0\ncpu7: \u003cACPI CPU\u003e on acpi0\ncpu8: \u003cACPI CPU\u003e on acpi0\ncpu9: \u003cACPI CPU\u003e on acpi0\ncpu10: \u003cACPI CPU\u003e on acpi0\ncpu11: \u003cACPI CPU\u003e on acpi0\nattimer0: \u003cAT timer\u003e port 0x40-0x43 irq 0 on acpi0\nTimecounter \"i8254\" frequency 1193182 Hz quality 0\nEvent timer \"i8254\" frequency 1193182 Hz quality 100\natrtc0: \u003cAT realtime clock\u003e port 0x70-0x71 irq 8 on acpi0\nEvent timer \"RTC\" frequency 32768 Hz quality 0\nhpet0: \u003cHigh Precision Event Timer\u003e iomem 0xfed00000-0xfed003ff on acpi0\nTimecounter \"HPET\" frequency 14318180 Hz quality 950\nEvent timer \"HPET\" frequency 14318180 Hz quality 450\nEvent timer \"HPET1\" frequency 14318180 Hz quality 440\nEvent timer \"HPET2\" frequency 14318180 Hz quality 440\nEvent timer \"HPET3\" frequency 14318180 Hz quality 440\nEvent timer \"HPET4\" frequency 14318180 Hz quality 440\nEvent timer \"HPET5\" frequency 14318180 Hz quality 440\nEvent timer \"HPET6\" frequency 14318180 Hz quality 440\nEvent timer \"HPET7\" frequency 14318180 Hz quality 440\nTimecounter \"ACPI-fast\" frequency 3579545 Hz quality 900\nacpi_timer0: \u003c24-bit timer at 3.579545MHz\u003e port 0x408-0x40b on acpi0\npcib0: \u003cACPI Host-PCI bridge\u003e port 0xcf8-0xcff on acpi0\npci0: \u003cACPI PCI bus\u003e on pcib0\npcib1: \u003cACPI PCI-PCI bridge\u003e irq 26 at device 1.0 on pci0\npci1: \u003cACPI PCI bus\u003e on pcib1\npcib2: \u003cACPI PCI-PCI bridge\u003e irq 26 at device 1.1 on pci0\npci2: \u003cACPI PCI bus\u003e on pcib2\nigb0: \u003cIntel(R) PRO/1000 Network Connection version - 2.3.9\u003e port 0xe020-0xe03f mem 0xfb820000-0xfb83ffff,0xfb844000-0xfb847fff irq 27 at device 0.0 on pci2\nigb0: Using MSIX interrupts with 9 vectors\nigb0: Ethernet address: 00:25:90:c0:16:ac\nigb0: Bound queue 0 to cpu 0\nigb0: Bound queue 1 to cpu 1\nigb0: Bound queue 2 to cpu 2\nigb0: Bound queue 3 to cpu 3\nigb0: Bound queue 4 to cpu 4\nigb0: Bound queue 5 to cpu 5\nigb0: Bound queue 6 to cpu 6\nigb0: Bound queue 7 to cpu 7\nigb1: \u003cIntel(R) PRO/1000 Network Connection version - 2.3.9\u003e port 0xe000-0xe01f mem 0xfb800000-0xfb81ffff,0xfb840000-0xfb843fff irq 30 at device 0.1 on pci2\nigb1: Using MSIX interrupts with 9 vectors\nigb1: Ethernet address: 00:25:90:c0:16:ad\nigb1: Bound queue 0 to cpu 8\nigb1: Bound queue 1 to cpu 9\nigb1: Bound queue 2 to cpu 10\nigb1: Bound queue 3 to cpu 11\nigb1: Bound queue 4 to cpu 0\nigb1: Bound queue 5 to cpu 1\nigb1: Bound queue 6 to cpu 2\nigb1: Bound queue 7 to cpu 3\npcib3: \u003cACPI PCI-PCI bridge\u003e irq 33 at device 2.0 on pci0\npci4: \u003cACPI PCI bus\u003e on pcib3\nix0: \u003cIntel(R) PRO/10GbE PCI-Express Network Driver, Version - 2.5.7 - STABLE/9\u003e mem 0xf9800000-0xf99fffff,0xf9a04000-0xf9a07fff irq 36 at device 0.0 on pci4\nix0: Using MSIX interrupts with 9 vectors\nix0: Ethernet address: a0:36:9f:1a:15:38\nix0: PCI Express Bus: Speed 5.0Gb/s Width x8\nix1: \u003cIntel(R) PRO/10GbE PCI-Express Network Driver, Version - 2.5.7 - STABLE/9\u003e mem 0xf9600000-0xf97fffff,0xf9a00000-0xf9a03fff irq 32 at device 0.1 on pci4\nix1: Using MSIX interrupts with 9 vectors\nix1: Ethernet address: a0:36:9f:1a:15:3a\nix1: PCI Express Bus: Speed 5.0Gb/s Width x8\npcib4: \u003cACPI PCI-PCI bridge\u003e irq 33 at device 2.2 on pci0\npci6: \u003cACPI PCI bus\u003e on pcib4\npcib5: \u003cACPI PCI-PCI bridge\u003e irq 41 at device 3.0 on pci0\npci7: \u003cACPI PCI bus\u003e on pcib5\nmps0: \u003cLSI SAS2308\u003e port 0xd000-0xd0ff mem 0xfb740000-0xfb74ffff,0xfb700000-0xfb73ffff irq 40 at device 0.0 on pci7\nmps0: Firmware: 15.00.00.00, Driver: 14.00.00.01-fbsd\nmps0: IOCCapabilities: 1285c\u003cScsiTaskFull,DiagTrace,SnapBuf,EEDP,TransRetry,EventReplay,HostDisc\u003e\npci0: \u003cbase peripheral\u003e at device 4.0 (no driver attached)\npci0: \u003cbase peripheral\u003e at device 4.1 (no driver attached)\npci0: \u003cbase peripheral\u003e at device 4.2 (no driver attached)\npci0: \u003cbase peripheral\u003e at device 4.3 (no driver attached)\npci0: \u003cbase peripheral\u003e at device 4.4 (no driver attached)\npci0: \u003cbase peripheral\u003e at device 4.5 (no driver attached)\npci0: \u003cbase peripheral\u003e at device 4.6 (no driver attached)\npci0: \u003cbase peripheral\u003e at device 4.7 (no driver attached)\npci0: \u003cbase peripheral\u003e at device 5.0 (no driver attached)\npci0: \u003cbase peripheral\u003e at device 5.2 (no driver attached)\npcib6: \u003cACPI PCI-PCI bridge\u003e irq 16 at device 17.0 on pci0\npci8: \u003cACPI PCI bus\u003e on pcib6\nisci0: \u003cIntel(R) C600 Series Chipset SAS Controller (SATA mode)\u003e port 0xc000-0xc0ff mem 0xf947c000-0xf947ffff,0xf9000000-0xf93fffff irq 16 at device 0.0 on pci8\npci0: \u003csimple comms\u003e at device 22.0 (no driver attached)\npci0: \u003csimple comms\u003e at device 22.1 (no driver attached)\nehci0: \u003cEHCI (generic) USB 2.0 controller\u003e mem 0xfb923000-0xfb9233ff irq 16 at device 26.0 on pci0\nusbus0: EHCI version 1.0\nusbus0 on ehci0\npcib7: \u003cACPI PCI-PCI bridge\u003e irq 17 at device 28.0 on pci0\npci9: \u003cACPI PCI bus\u003e on pcib7\npcib8: \u003cACPI PCI-PCI bridge\u003e irq 19 at device 28.7 on pci0\npci10: \u003cACPI PCI bus\u003e on pcib8\npcib9: \u003cPCI-PCI bridge\u003e at device 0.0 on pci10\npci11: \u003cPCI bus\u003e on pcib9\npcib10: \u003cPCI-PCI bridge\u003e at device 0.0 on pci11\npci12: \u003cPCI bus\u003e on pcib10\npcib11: \u003cPCI-PCI bridge\u003e at device 0.0 on pci12\npci13: \u003cPCI bus\u003e on pcib11\nvgapci0: \u003cVGA-compatible display\u003e mem 0xf8000000-0xf8ffffff,0xfb000000-0xfb003fff,0xfa800000-0xfaffffff irq 19 at device 0.0 on pci13\npcib12: \u003cPCI-PCI bridge\u003e at device 1.0 on pci11\npci14: \u003cPCI bus\u003e on pcib12\nehci1: \u003cEHCI (generic) USB 2.0 controller\u003e mem 0xfb922000-0xfb9223ff irq 23 at device 29.0 on pci0\nusbus1: EHCI version 1.0\nusbus1 on ehci1\npcib13: \u003cACPI PCI-PCI bridge\u003e at device 30.0 on pci0\npci15: \u003cACPI PCI bus\u003e on pcib13\nisab0: \u003cPCI-ISA bridge\u003e at device 31.0 on pci0\nisa0: \u003cISA bus\u003e on isab0\nahci0: \u003cIntel Patsburg AHCI SATA controller\u003e port 0xf050-0xf057,0xf040-0xf043,0xf030-0xf037,0xf020-0xf023,0xf000-0xf01f mem 0xfb921000-0xfb9217ff irq 18 at device 31.2 on pci0\nahci0: AHCI v1.30 with 6 6Gbps ports, Port Multiplier not supported\nahcich0: \u003cAHCI channel\u003e at channel 0 on ahci0\nahcich1: \u003cAHCI channel\u003e at channel 1 on ahci0\nahcich2: \u003cAHCI channel\u003e at channel 2 on ahci0\nahcich3: \u003cAHCI channel\u003e at channel 3 on ahci0\nahcich4: \u003cAHCI channel\u003e at channel 4 on ahci0\nahcich5: \u003cAHCI channel\u003e at channel 5 on ahci0\npci0: \u003cserial bus, SMBus\u003e at device 31.3 (no driver attached)\npci0: \u003cdasp\u003e at device 31.6 (no driver attached)\npcib14: \u003cACPI Host-PCI bridge\u003e on acpi0\npci255: \u003cACPI PCI bus\u003e on pcib14\npci255: \u003cbase peripheral\u003e at device 8.0 (no driver attached)\npci255: \u003cbase peripheral\u003e at device 8.3 (no driver attached)\npci255: \u003cbase peripheral\u003e at device 8.4 (no driver attached)\npci255: \u003cbase peripheral\u003e at device 9.0 (no driver attached)\npci255: \u003cbase peripheral\u003e at device 9.3 (no driver attached)\npci255: \u003cbase peripheral\u003e at device 9.4 (no driver attached)\npci255: \u003cbase peripheral\u003e at device 10.0 (no driver attached)\npci255: \u003cbase peripheral\u003e at device 10.1 (no driver attached)\npci255: \u003cbase peripheral\u003e at device 10.2 (no driver attached)\npci255: \u003cbase peripheral\u003e at device 10.3 (no driver attached)\npci255: \u003cbase peripheral\u003e at device 11.0 (no driver attached)\npci255: \u003cbase peripheral\u003e at device 11.3 (no driver attached)\npci255: \u003cbase peripheral\u003e at device 12.0 (no driver attached)\npci255: \u003cbase peripheral\u003e at device 12.1 (no driver attached)\npci255: \u003cbase peripheral\u003e at device 12.2 (no driver attached)\npci255: \u003cbase peripheral\u003e at device 12.6 (no driver attached)\npci255: \u003cbase peripheral\u003e at device 12.7 (no driver attached)\npci255: \u003cbase peripheral\u003e at device 13.0 (no driver attached)\npci255: \u003cbase peripheral\u003e at device 13.1 (no driver attached)\npci255: \u003cbase peripheral\u003e at device 13.2 (no driver attached)\npci255: \u003cbase peripheral\u003e at device 13.6 (no driver attached)\npci255: \u003cbase peripheral\u003e at device 14.0 (no driver attached)\npci255: \u003cdasp\u003e at device 14.1 (no driver attached)\npci255: \u003cbase peripheral\u003e at device 15.0 (no driver attached)\npci255: \u003cbase peripheral\u003e at device 15.1 (no driver attached)\npci255: \u003cbase peripheral\u003e at device 15.2 (no driver attached)\npci255: \u003cbase peripheral\u003e at device 15.3 (no driver attached)\npci255: \u003cbase peripheral\u003e at device 15.4 (no driver attached)\npci255: \u003cbase peripheral\u003e at device 15.5 (no driver attached)\npci255: \u003cbase peripheral\u003e at device 15.6 (no driver attached)\npci255: \u003cbase peripheral\u003e at device 16.0 (no driver attached)\npci255: \u003cbase peripheral\u003e at device 16.1 (no driver attached)\npci255: \u003cbase peripheral\u003e at device 16.2 (no driver attached)\npci255: \u003cbase peripheral\u003e at device 16.3 (no driver attached)\npci255: \u003cbase peripheral\u003e at device 16.4 (no driver attached)\npci255: \u003cbase peripheral\u003e at device 16.5 (no driver attached)\npci255: \u003cbase peripheral\u003e at device 16.6 (no driver attached)\npci255: \u003cbase peripheral\u003e at device 16.7 (no driver attached)\npci255: \u003cbase peripheral\u003e at device 17.0 (no driver attached)\npci255: \u003cbase peripheral\u003e at device 19.0 (no driver attached)\npci255: \u003cdasp\u003e at device 19.1 (no driver attached)\npci255: \u003cdasp\u003e at device 19.4 (no driver attached)\npci255: \u003cdasp\u003e at device 19.5 (no driver attached)\npci255: \u003cbase peripheral\u003e at device 19.6 (no driver attached)\nacpi_button0: \u003cPower Button\u003e on acpi0\nuart0: \u003c16550 or compatible\u003e port 0x3f8-0x3ff irq 4 flags 0x10 on acpi0\nuart1: \u003c16550 or compatible\u003e port 0x2f8-0x2ff irq 3 on acpi0\norm0: \u003cISA Option ROMs\u003e at iomem 0xc0000-0xc7fff,0xc8000-0xcdfff,0xce000-0xcefff,0xcf000-0xcffff,0xd0000-0xd0fff on isa0\nsc0: \u003cSystem console\u003e at flags 0x100 on isa0\nsc0: VGA \u003c16 virtual consoles, flags=0x300\u003e\nvga0: \u003cGeneric ISA VGA\u003e at port 0x3c0-0x3df iomem 0xa0000-0xbffff on isa0\nppc0: cannot reserve I/O port range\nest0: \u003cEnhanced SpeedStep Frequency Control\u003e on cpu0\np4tcc0: \u003cCPU Frequency Thermal Control\u003e on cpu0\nest1: \u003cEnhanced SpeedStep Frequency Control\u003e on cpu1\np4tcc1: \u003cCPU Frequency Thermal Control\u003e on cpu1\nest2: \u003cEnhanced SpeedStep Frequency Control\u003e on cpu2\np4tcc2: \u003cCPU Frequency Thermal Control\u003e on cpu2\nest3: \u003cEnhanced SpeedStep Frequency Control\u003e on cpu3\np4tcc3: \u003cCPU Frequency Thermal Control\u003e on cpu3\nest4: \u003cEnhanced SpeedStep Frequency Control\u003e on cpu4\np4tcc4: \u003cCPU Frequency Thermal Control\u003e on cpu4\nest5: \u003cEnhanced SpeedStep Frequency Control\u003e on cpu5\np4tcc5: \u003cCPU Frequency Thermal Control\u003e on cpu5\nest6: \u003cEnhanced SpeedStep Frequency Control\u003e on cpu6\np4tcc6: \u003cCPU Frequency Thermal Control\u003e on cpu6\nest7: \u003cEnhanced SpeedStep Frequency Control\u003e on cpu7\np4tcc7: \u003cCPU Frequency Thermal Control\u003e on cpu7\nest8: \u003cEnhanced SpeedStep Frequency Control\u003e on cpu8\np4tcc8: \u003cCPU Frequency Thermal Control\u003e on cpu8\nest9: \u003cEnhanced SpeedStep Frequency Control\u003e on cpu9\np4tcc9: \u003cCPU Frequency Thermal Control\u003e on cpu9\nest10: \u003cEnhanced SpeedStep Frequency Control\u003e on cpu10\np4tcc10: \u003cCPU Frequency Thermal Control\u003e on cpu10\nest11: \u003cEnhanced SpeedStep Frequency Control\u003e on cpu11\np4tcc11: \u003cCPU Frequency Thermal Control\u003e on cpu11\nZFS filesystem version: 5\nZFS storage pool version: features support (5000)\nTimecounters tick every 1.000 msec\nusbus0: 480Mbps High Speed USB v2.0\nusbus1: 480Mbps High Speed USB v2.0\nugen0.1: \u003cIntel\u003e at usbus0\nuhub0: \u003cIntel EHCI root HUB, class 9/0, rev 2.00/1.00, addr 1\u003e on usbus0\nugen1.1: \u003cIntel\u003e at usbus1\nuhub1: \u003cIntel EHCI root HUB, class 9/0, rev 2.00/1.00, addr 1\u003e on usbus1\nuhub0: 2 ports with 2 removable, self powered\nuhub1: 2 ports with 2 removable, self powered\nses0 at mps0 bus 0 scbus0 target 20 lun 0\nses0: \u003cLSI CORP SAS2X36 0717\u003e Fixed Enclosure Services SCSI-5 device\nses0: 600.000MB/s transfers\nses0: Command Queueing enabled\nses0: SCSI-3 ENC Device\nda3 at mps0 bus 0 scbus0 target 8 lun 0\nda3: \u003cSEAGATE ST9900805SS 0004\u003e Fixed Direct Access SCSI-6 device\nda3: 600.000MB/s transfers\nda3: Command Queueing enabled\nda3: 858483MB (1758174768 512 byte sectors: 255H 63S/T 109441C)\nda4 at mps0 bus 0 scbus0 target 9 lun 0\nda4: \u003cSEAGATE ST9900805SS 0002\u003e Fixed Direct Access SCSI-6 device\nda4: 600.000MB/s transfers\nda4: Command Queueing enabled\nda4: 858483MB (1758174768 512 byte sectors: 255H 63S/T 109441C)\nda5 at mps0 bus 0 scbus0 target 10 lun 0\nda5: \u003cSEAGATE ST9900805SS 0002\u003e Fixed Direct Access SCSI-6 device\nda5: 600.000MB/s transfers\nda5: Command Queueing enabled\nda5: 858483MB (1758174768 512 byte sectors: 255H 63S/T 109441C)\nda8 at mps0 bus 0 scbus0 target 13 lun 0\nda8: \u003cSEAGATE ST9900805SS 0002\u003e Fixed Direct Access SCSI-6 device\nda8: 600.000MB/s transfers\nda8: Command Queueing enabled\nda8: 858483MB (1758174768 512 byte sectors: 255H 63S/T 109441C)\nda6 at mps0 bus 0 scbus0 target 11 lun 0\nda6: \u003cSEAGATE ST9900805SS 0004\u003e Fixed Direct Access SCSI-6 device\nda6: 600.000MB/s transfers\nda6: Command Queueing enabled\nda6: 858483MB (1758174768 512 byte sectors: 255H 63S/T 109441C)\nda10 at mps0 bus 0 scbus0 target 15 lun 0\nda10: \u003cSEAGATE ST9900805SS 0002\u003e Fixed Direct Access SCSI-6 device\nda10: 600.000MB/s transfers\nda10: Command Queueing enabled\nda10: 858483MB (1758174768 512 byte sectors: 255H 63S/T 109441C)\nda12 at mps0 bus 0 scbus0 target 17 lun 0\nda12: \u003cSEAGATE ST9900805SS 0002\u003e Fixed Direct Access SCSI-6 device\nda12: 600.000MB/s transfers\nda12: Command Queueing enabled\nda12: 858483MB (1758174768 512 byte sectors: 255H 63S/T 109441C)\nda11 at mps0 bus 0 scbus0 target 16 lun 0\nda11: \u003cSEAGATE ST9900805SS 0004\u003e Fixed Direct Access SCSI-6 device\nda11: 600.000MB/s transfers\nda11: Command Queueing enabled\nda11: 858483MB (1758174768 512 byte sectors: 255H 63S/T 109441C)\nda7 at mps0 bus 0 scbus0 target 12 lun 0\nda7: \u003cSEAGATE ST9900805SS 0004\u003e Fixed Direct Access SCSI-6 device\nda7: 600.000MB/s transfers\nda7: Command Queueing enabled\nda7: 858483MB (1758174768 512 byte sectors: 255H 63S/T 109441C)\nda9 at mps0 bus 0 scbus0 target 14 lun 0\nda9: \u003cSEAGATE ST9900805SS 0002\u003e Fixed Direct Access SCSI-6 device\nda9: 600.000MB/s transfers\nda9: Command Queueing enabled\nda9: 858483MB (1758174768 512 byte sectors: 255H 63S/T 109441C)\nda13 at mps0 bus 0 scbus0 target 18 lun 0\nda13: \u003cSEAGATE ST100FM0002 0003\u003e Fixed Direct Access SCSI-5 device\nda13: 600.000MB/s transfers\nda13: Command Queueing enabled\nda13: 95396MB (195371568 512 byte sectors: 255H 63S/T 12161C)\nda14 at mps0 bus 0 scbus0 target 19 lun 0\nda14: \u003cSEAGATE ST100FM0002 0003\u003e Fixed Direct Access SCSI-5 device\nda14: 600.000MB/s transfers\nda14: Command Queueing enabled\nda14: 95396MB (195371568 512 byte sectors: 255H 63S/T 12161C)\nses0: pass3,da3: Element descriptor: 'Slot 01'\nses0: pass3,da3: SAS Device Slot Element: 1 Phys at Slot 0\nses0:  phy 0: SAS device type 1 id 1\nses0:  phy 0: protocols: Initiator( None ) Target( SSP )\nses0:  phy 0: parent 50030480014028ff addr 5000c5005f32bbc6\nses0: pass4,da4: Element descriptor: 'Slot 02'\nses0: pass4,da4: SAS Device Slot Element: 1 Phys at Slot 1\nses0:  phy 0: SAS device type 1 id 1\nses0:  phy 0: protocols: Initiator( None ) Target( SSP )\nses0:  phy 0: parent 50030480014028ff addr 5000c50059ae2c56\nses0: pass5,da5: Element descriptor: 'Slot 03'\nses0: pass5,da5: SAS Device Slot Element: 1 Phys at Slot 2\nses0:  phy 0: SAS device type 1 id 1\nses0:  phy 0: protocols: Initiator( None ) Target( SSP )\nses0:  phy 0: parent 50030480014028ff addr 5000c5005a20f0de\nses0: pass6,da6: Element descriptor: 'Slot 04'\nses0: pass6,da6: SAS Device Slot Element: 1 Phys at Slot 3\nses0:  phy 0: SAS device type 1 id 1\nses0:  phy 0: protocols: Initiator( None ) Target( SSP )\nses0:  phy 0: parent 50030480014028ff addr 5000c5005f32bcbe\nses0: pass7,da7: Element descriptor: 'Slot 05'\nses0: pass7,da7: SAS Device Slot Element: 1 Phys at Slot 4\nses0:  phy 0: SAS device type 1 id 1\nses0:  phy 0: protocols: Initiator( None ) Target( SSP )\nses0:  phy 0: parent 50030480014028ff addr 5000c5005f278dce\nses0: pass8,da8: Element descriptor: 'Slot 06'\nses0: pass8,da8: SAS Device Slot Element: 1 Phys at Slot 5\nses0:  phy 0: SAS device type 1 id 1\nses0:  phy 0: protocols: Initiator( None ) Target( SSP )\nses0:  phy 0: parent 50030480014028ff addr 5000c5005a1f3cf2\nses0: pass9,da9: Element descriptor: 'Slot 07'\nses0: pass9,da9: SAS Device Slot Element: 1 Phys at Slot 6\nses0:  phy 0: SAS device type 1 id 1\nses0:  phy 0: protocols: Initiator( None ) Target( SSP )\nses0:  phy 0: parent 50030480014028ff addr 5000c5005a20e6c2\nda0 at mps0 bus 0 scbus0 target 0 lun 0\nda0: \u003cATA INTEL SSDSC2CW18 400i\u003e Fixed Direct Access SCSI-6 device\nda0: 600.000MB/s transfers\nda0: Command Queueing enabled\nda0: 171705MB (351651888 512 byte sectors: 255H 63S/T 21889C)\nda1 at mps0 bus 0 scbus0 target 1 lun 0\nda1: \u003cATA INTEL SSDSC2CW06 400i\u003e Fixed Direct Access SCSI-6 device\nda1: 600.000MB/s transfers\nda1: Command Queueing enabled\nda1: 57241MB (117231408 512 byte sectors: 255H 63S/T 7297C)\nda2 at mps0 bus 0 scbus0 target 2 lun 0\nda2: \u003cATA INTEL SSDSC2CW06 400i\u003e Fixed Direct Access SCSI-6 device\nda2: 600.000MB/s transfers\nda2: Command Queueing enabled\nda2: 57241MB (117231408 512 byte sectors: 255H 63S/T 7297C)\nses0: pass10,da10: Element descriptor: 'Slot 08'\nses0: pass10,da10: SAS Device Slot Element: 1 Phys at Slot 7\nses0:  phy 0: SAS device type 1 id 1\nses0:  phy 0: protocols: Initiator( None ) Target( SSP )\nses0:  phy 0: parent 50030480014028ff addr 5000c5005a17647a\nses0: pass11,da11: Element descriptor: 'Slot 09'\nses0: pass11,da11: SAS Device Slot Element: 1 Phys at Slot 8\nses0:  phy 0: SAS device type 1 id 1\nses0:  phy 0: protocols: Initiator( None ) Target( SSP )\nses0:  phy 0: parent 50030480014028ff addr 5000c5005f3784ee\nses0: pass12,da12: Element descriptor: 'Slot 10'\nses0: pass12,da12: SAS Device Slot Element: 1 Phys at Slot 9\nses0:  phy 0: SAS device type 1 id 1\nses0:  phy 0: protocols: Initiator( None ) Target( SSP )\nses0:  phy 0: parent 50030480014028ff addr 5000c5005a20ea5a\nses0: pass13,da13: Element descriptor: 'Slot 23'\nses0: pass13,da13: SAS Device Slot Element: 1 Phys at Slot 22\nses0:  phy 0: SAS device type 1 id 1\nses0:  phy 0: protocols: Initiator( None ) Target( SSP )\nses0:  phy 0: parent 50030480014028ff addr 5000c50030105af6\nses0: pass14,da14: Element descriptor: 'Slot 24'\nses0: pass14,da14: SAS Device Slot Element: 1 Phys at Slot 23\nses0:  phy 0: SAS device type 1 id 1\nses0:  phy 0: protocols: Initiator( None ) Target( SSP )\nses0:  phy 0: parent 50030480014028ff addr 5000c50030105b3e\nSMP: AP CPU #1 Launched!\nSMP: AP CPU #4 Launched!\nSMP: AP CPU #2 Launched!\nSMP: AP CPU #8 Launched!\nSMP: AP CPU #7 Launched!\nSMP: AP CPU #10 Launched!\nSMP: AP CPU #3 Launched!\nSMP: AP CPU #5 Launched!\nSMP: AP CPU #9 Launched!\nSMP: AP CPU #6 Launched!\nSMP: AP CPU #11 Launched!\nSwap zone entries reduced from 8127319 to 5418212.\nTimecounter \"TSC\" frequency 2000045124 Hz quality 1000\nugen0.2: \u003cvendor 0x8087\u003e at usbus0\nuhub2: \u003cvendor 0x8087 product 0x0024, class 9/0, rev 2.00/0.00, addr 2\u003e on usbus0\nugen1.2: \u003cvendor 0x8087\u003e at usbus1\nuhub3: \u003cvendor 0x8087 product 0x0024, class 9/0, rev 2.00/0.00, addr 2\u003e on usbus1\nuhub2: 6 ports with 6 removable, self powered\nRoot mount waiting for: usbus1 usbus0\nuhub3: 8 ports with 8 removable, self powered\nugen0.3: \u003cAmerican Megatrends Inc.\u003e at usbus0\nukbd0: \u003cKeyboard Interface\u003e on usbus0\nkbd2 at ukbd0\nums0: \u003cMouse Interface\u003e on usbus0\nums0: 3 buttons and [Z] coordinates ID=0\nTrying to mount root from ufs:/dev/da0p2 [rw]...\nigb0: link state changed to UP\nlagg0: link state changed to UP\nigb1: link state changed to UP\ncarp0: INIT -\u003e BACKUP\nix0: link state changed to UP\ncarp0: link state changed to DOWN\ncarp0: link state changed to UP\nigb1: link state changed to DOWN\nigb0: link state changed to DOWN\nlagg0: link state changed to DOWN\nigb1: link state changed to UP\nlagg0: link state changed to UP\nigb0: link state changed to UP\nigb1: link state changed to DOWN\nigb0: link state changed to DOWN\nlagg0: link state changed to DOWN\nigb0: link state changed to UP\nlagg0: link state changed to UP\nigb1: link state changed to UP\nix1: link state changed to UP\nigb0: link state changed to DOWN\nigb1: link state changed to DOWN\nlagg0: link state changed to DOWN\nigb1: link state changed to UP\nlagg0: link state changed to UP\nigb0: link state changed to UP\nix1: link state changed to DOWN\nigb0: link state changed to DOWN\nigb1: link state changed to DOWN\nlagg0: link state changed to DOWN\nigb0: link state changed to UP\nlagg0: link state changed to UP\nigb1: link state changed to UP\nix1: link state changed to UP\nigb1: link state changed to DOWN\nigb0: link state changed to DOWN\nlagg0: link state changed to DOWN\nigb1: link state changed to UP\nlagg0: link state changed to UP\nigb0: link state changed to UP\nigb1: link state changed to DOWN\nigb0: link state changed to DOWN\nlagg0: link state changed to DOWN\nigb1: link state changed to UP\nlagg0: link state changed to UP\nigb0: link state changed to UP\nigb1: link state changed to DOWN\nigb0: link state changed to DOWN\nlagg0: link state changed to DOWN\nix1: link state changed to DOWN\nix1: link state changed to UP\nix1: link state changed to DOWN\nigb1: link state changed to UP\nlagg0: link state changed to UP\nigb0: link state changed to UP\nix1: link state changed to UP\ncarp0: MASTER -\u003e BACKUP (more frequent advertisement received)\ncarp0: link state changed to DOWN\ncarp0: link state changed to UP\ncarp0: MASTER -\u003e BACKUP (more frequent advertisement received)\ncarp0: link state changed to DOWN\nugen1.3: \u003cLogitech\u003e at usbus1\nukbd1: \u003cLogitech HID compliant keyboard, class 0/0, rev 1.10/1.80, addr 3\u003e on usbus1\nkbd3 at ukbd1\nuhid0: \u003cLogitech HID compliant keyboard, class 0/0, rev 1.10/1.80, addr 3\u003e on usbus1\ncarp0: link state changed to DOWN\ncarp0: INIT -\u003e BACKUP\ncarp0: link state changed to DOWN\nix0: link state changed to DOWN\ncarp0: link state changed to DOWN\ncarp0: INIT -\u003e BACKUP\nix0: link state changed to UP\ncarp0: link state changed to DOWN\n\nHow-To-Repeat: Test to reboot and PING a system with X540-T2 connected to a 1Gb switch."
}