{
 "id": 356680,
 "bug_id": 104914,
 "attachment_id": 0,
 "creation_time": "2006-10-29T21:50:19Z",
 "creator": "imriz@co.zahav.net.il",
 "text": "When the filesystem is full, there is a complete network hang (not even arp\nis working), and only reboot solves it. The console remains responsive.\n\ndmesg:\n\nCopyright (c) 1992-2006 The FreeBSD Project.\nCopyright (c) 1979, 1980, 1983, 1986, 1988, 1989, 1991, 1992, 1993, 1994\n        The Regents of the University of California. All rights reserved.\nFreeBSD is a registered trademark of The FreeBSD Foundation.\nFreeBSD 6.2-PRERELEASE #8: Sun Oct 29 23:21:16 IST 2006\n    root@einstein:/usr/obj/usr/src/sys/IGLD\nMPTable: \u003c  Kings Canyon\u003e\nTimecounter \"i8254\" frequency 1193182 Hz quality 0\nCPU: Intel(R) Xeon(TM) CPU 2.80GHz (2799.22-MHz 686-class CPU)\n  Origin = \"GenuineIntel\"  Id = 0xf29  Stepping = 9\n  Features=0xbfebfbff\u003cFPU,VME,DE,PSE,TSC,MSR,PAE,MCE,CX8,APIC,SEP,MTRR,PGE,MCA,CMOV,PAT,PSE36,CLFLUSH,DTS,ACPI,MMX,FXSR,SSE,SSE2,SS,HTT,TM,PBE\u003e\n  Features2=0x4400\u003cCNTX-ID,\u003cb14\u003e\u003e\n  Logical CPUs per core: 2\nreal memory  = 3220701184 (3071 MB)\navail memory = 3150663680 (3004 MB)\nFreeBSD/SMP: Multiprocessor System Detected: 4 CPUs\n cpu0 (BSP): APIC ID:  0\n cpu1 (AP): APIC ID:  1\n cpu2 (AP): APIC ID:  6\n cpu3 (AP): APIC ID:  7\nioapic0: Assuming intbase of 0\nioapic1: Assuming intbase of 24\nioapic2: Assuming intbase of 48\nioapic0 \u003cVersion 2.0\u003e irqs 0-23 on motherboard\nioapic1 \u003cVersion 2.0\u003e irqs 24-47 on motherboard\nioapic2 \u003cVersion 2.0\u003e irqs 48-71 on motherboard\ncpu0 on motherboard\ncpu1 on motherboard\ncpu2 on motherboard\ncpu3 on motherboard\npcib0: \u003cMPTable Host-PCI bridge\u003e pcibus 0 on motherboard\npci0: \u003cPCI bus\u003e on pcib0\npci0: \u003cunknown\u003e at device 0.1 (no driver attached)\npcib1: \u003cPCI-PCI bridge\u003e at device 2.0 on pci0\npci1: \u003cPCI bus\u003e on pcib1\npci1: \u003cbase peripheral, interrupt controller\u003e at device 28.0 (no driver attached)\npcib2: \u003cMPTable PCI-PCI bridge\u003e at device 29.0 on pci1\npci2: \u003cPCI bus\u003e on pcib2\nem0: \u003cIntel(R) PRO/1000 Network Connection Version - 6.2.9\u003e port 0x3000-0x303f mem 0xfc200000-0xfc21ffff irq 48 at device 1.0 on pci2\nem0: Ethernet address: 00:07:e9:11:2d:e2\nem1: \u003cIntel(R) PRO/1000 Network Connection Version - 6.2.9\u003e port 0x3040-0x307f mem 0xfc220000-0xfc23ffff irq 49 at device 1.1 on pci2\nem1: Ethernet address: 00:07:e9:11:2d:e3\nem2: \u003cIntel(R) PRO/1000 Network Connection Version - 6.2.9\u003e port 0x3080-0x30bf mem 0xfc240000-0xfc25ffff irq 54 at device 3.0 on pci2\nem2: Ethernet address: 00:30:48:29:5b:a6\nem3: \u003cIntel(R) PRO/1000 Network Connection Version - 6.2.9\u003e port 0x30c0-0x30ff mem 0xfc260000-0xfc27ffff irq 55 at device 3.1 on pci2\nem3: Ethernet address: 00:30:48:29:5b:a7\npci1: \u003cbase peripheral, interrupt controller\u003e at device 30.0 (no driver attached)\npcib3: \u003cMPTable PCI-PCI bridge\u003e at device 31.0 on pci1\npci3: \u003cPCI bus\u003e on pcib3\nahd0: \u003cAdaptec AIC7902 Ultra320 SCSI adapter\u003e port 0x4400-0x44ff,0x4000-0x40ff mem 0xfc300000-0xfc301fff irq 28 at device 2.0 on pci3\nahd0: [GIANT-LOCKED]\naic7902: Ultra320 Wide Channel A, SCSI Id=7, PCI-X 101-133Mhz, 512 SCBs\nahd1: \u003cAdaptec AIC7902 Ultra320 SCSI adapter\u003e port 0x4c00-0x4cff,0x4800-0x48ff mem 0xfc302000-0xfc303fff irq 29 at device 2.1 on pci3\nahd1: [GIANT-LOCKED]\naic7902: Ultra320 Wide Channel B, SCSI Id=7, PCI-X 101-133Mhz, 512 SCBs\npci0: \u003cunknown\u003e at device 2.1 (no driver attached)\nuhci0: \u003cIntel 82801CA/CAM (ICH3) USB controller USB-A\u003e port 0x2000-0x201f irq 16 at device 29.0 on pci0\nuhci0: [GIANT-LOCKED]\nusb0: \u003cIntel 82801CA/CAM (ICH3) USB controller USB-A\u003e on uhci0\nusb0: USB revision 1.0\nuhub0: Intel UHCI root hub, class 9/0, rev 1.00/1.00, addr 1\nuhub0: 2 ports with 2 removable, self powered\nuhci1: \u003cIntel 82801CA/CAM (ICH3) USB controller USB-B\u003e port 0x2020-0x203f irq 19 at device 29.1 on pci0\nuhci1: [GIANT-LOCKED]\nusb1: \u003cIntel 82801CA/CAM (ICH3) USB controller USB-B\u003e on uhci1\nusb1: USB revision 1.0\nuhub1: Intel UHCI root hub, class 9/0, rev 1.00/1.00, addr 1\nuhub1: 2 ports with 2 removable, self powered\nuhci2: \u003cIntel 82801CA/CAM (ICH3) USB controller USB-C\u003e port 0x2040-0x205f irq 18 at device 29.2 on pci0\nuhci2: [GIANT-LOCKED]\nusb2: \u003cIntel 82801CA/CAM (ICH3) USB controller USB-C\u003e on uhci2\nusb2: USB revision 1.0\nuhub2: Intel UHCI root hub, class 9/0, rev 1.00/1.00, addr 1\nuhub2: 2 ports with 2 removable, self powered\npcib4: \u003cMPTable PCI-PCI bridge\u003e at device 30.0 on pci0\npci4: \u003cPCI bus\u003e on pcib4\npci4: \u003cdisplay, VGA\u003e at device 1.0 (no driver attached)\nisab0: \u003cPCI-ISA bridge\u003e at device 31.0 on pci0\nisa0: \u003cISA bus\u003e on isab0\natapci0: \u003cIntel ICH3 UDMA100 controller\u003e port 0x1f0-0x1f7,0x3f6,0x170-0x177,0x376,0x2080-0x208f at device 31.1 on pci0\nata0: \u003cATA channel 0\u003e on atapci0\nata1: \u003cATA channel 1\u003e on atapci0\npci0: \u003cserial bus, SMBus\u003e at device 31.3 (no driver attached)\npmtimer0 on isa0\norm0: \u003cISA Option ROMs\u003e at iomem 0xc0000-0xc7fff,0xc8000-0xc8fff,0xc9000-0xc9fff,0xca000-0xcafff,0xe0000-0xe3fff on isa0\natkbdc0: \u003cKeyboard controller (i8042)\u003e at port 0x60,0x64 on isa0\natkbd0: \u003cAT Keyboard\u003e irq 1 on atkbdc0\nkbd0 at atkbd0\natkbd0: [GIANT-LOCKED]\nppc0: parallel port not found.\nsc0: \u003cSystem console\u003e at flags 0x100 on isa0\nsc0: VGA \u003c16 virtual consoles, flags=0x300\u003e\nsio0 at port 0x3f8-0x3ff irq 4 flags 0x10 on isa0\nsio0: type 16550A\nsio1 at port 0x2f8-0x2ff irq 3 on isa0\nsio1: type 16550A\nvga0: \u003cGeneric ISA VGA\u003e at port 0x3c0-0x3df iomem 0xa0000-0xbffff on isa0\nunknown: \u003cPNP0c02\u003e can't assign resources (memory)\nunknown: \u003cPNP0303\u003e can't assign resources (port)\nunknown: \u003cPNP0c02\u003e can't assign resources (memory)\nunknown: \u003cPNP0501\u003e can't assign resources (port)\nunknown: \u003cPNP0501\u003e can't assign resources (port)\nfdc1: No FDOUT register!\nTimecounters tick every 1.000 msec\nipfw2 (+ipv6) initialized, divert loadable, rule-based forwarding disabled, default to accept, logging unlimited\nWaiting 5 seconds for SCSI devices to settle\nda0 at ahd0 bus 0 target 0 lun 0\nda0: \u003cSEAGATE ST336753LW 0006\u003e Fixed Direct Access SCSI-3 device\nda0: 320.000MB/s transfers (160.000MHz, offset 63, 16bit), Tagged Queueing Enabled\nda0: 34732MB (71132960 512 byte sectors: 255H 63S/T 4427C)\nSMP: AP CPU #2 Launched!\nSMP: AP CPU #1 Launched!\nSMP: AP CPU #3 Launched!\nTrying to mount root from ufs:/dev/da0s1a\n\n\n\npciconf -vl:\n\nhostb0@pci0:0:0:        class=0x060000 card=0x358015d9 chip=0x254c8086 rev=0x01 hdr=0x00\n    vendor   = 'Intel Corporation'\n    device   = 'E7501 Host Controller'\n    class    = bridge\n    subclass = HOST-PCI\nnone0@pci0:0:1: class=0xff0000 card=0x358015d9 chip=0x25418086 rev=0x01 hdr=0x00\n    vendor   = 'Intel Corporation'\n    device   = 'E7500 System Controller (MCH, Hub Interface A) Error Reporter'\npcib1@pci0:2:0: class=0x060400 card=0x00000000 chip=0x25438086 rev=0x01 hdr=0x01\n    vendor   = 'Intel Corporation'\n    device   = 'E7500/E7501 HI_B Virtual PCI-to-PCI Bridge'\n    class    = bridge\n    subclass = PCI-PCI\nnone1@pci0:2:1: class=0xff0000 card=0x00000000 chip=0x25448086 rev=0x01 hdr=0x00\n    vendor   = 'Intel Corporation'\n    device   = 'E7500/E7501 HI_B PCI-to-PCI Bridge Error Reporting'\nuhci0@pci0:29:0:        class=0x0c0300 card=0x358015d9 chip=0x24828086 rev=0x02 hdr=0x00\n    vendor   = 'Intel Corporation'\n    device   = '82801CA/CAM (ICH3-S/ICH3-M) USB Controller'\n    class    = serial bus\n    subclass = USB\nuhci1@pci0:29:1:        class=0x0c0300 card=0x358015d9 chip=0x24848086 rev=0x02 hdr=0x00\n    vendor   = 'Intel Corporation'\n    device   = '82801CA/CAM (ICH3-S/ICH3-M) USB Controller'\n    class    = serial bus\n    subclass = USB\nuhci2@pci0:29:2:        class=0x0c0300 card=0x358015d9 chip=0x24878086 rev=0x02 hdr=0x00\n    vendor   = 'Intel Corporation'\n    device   = '82801CA/CAM (ICH3-S/ICH3-M) USB Controller'\n    class    = serial bus\n    subclass = USB\npcib4@pci0:30:0:        class=0x060400 card=0x00000000 chip=0x244e8086 rev=0x42 hdr=0x01\n    vendor   = 'Intel Corporation'\n    device   = '82801BA/CA/DB/DBL/EB/ER/FB (ICH2/3/4/4/5/5/6), 6300ESB Hub Interface to PCI Bridge'\n    class    = bridge\n    subclass = PCI-PCI\nisab0@pci0:31:0:        class=0x060100 card=0x00000000 chip=0x24808086 rev=0x02 hdr=0x00\n    vendor   = 'Intel Corporation'\n    device   = '82801CA/CAM (ICH3-S/ICH3-M) LPC Interface'\n    class    = bridge\n    subclass = PCI-ISA\natapci0@pci0:31:1:      class=0x01018a card=0x358015d9 chip=0x248b8086 rev=0x02 hdr=0x00\n    vendor   = 'Intel Corporation'\n    device   = '82801CA (ICH3) UltraATA/100 EIDE Controller'\n    class    = mass storage\n    subclass = ATA\nnone2@pci0:31:3:        class=0x0c0500 card=0x358015d9 chip=0x24838086 rev=0x02 hdr=0x00\n    vendor   = 'Intel Corporation'\n    device   = '82801CA/CAM (ICH3-S/ICH3-M) SMBus Controller'\n    class    = serial bus\n    subclass = SMBus\nnone3@pci1:28:0:        class=0x080020 card=0x358015d9 chip=0x14618086 rev=0x04 hdr=0x00\n    vendor   = 'Intel Corporation'\n    device   = 'P64H2 I/O Advanced Programmable Interrupt Controller'\n    class    = base peripheral\n    subclass = interrupt controller\npcib2@pci1:29:0:        class=0x060400 card=0x00000050 chip=0x14608086 rev=0x04 hdr=0x01\n    vendor   = 'Intel Corporation'\n    device   = '82870P2 P64H2 PCI/PCI-X Hub Controller'\n    class    = bridge\n    subclass = PCI-PCI\nnone4@pci1:30:0:        class=0x080020 card=0x358015d9 chip=0x14618086 rev=0x04 hdr=0x00\n    vendor   = 'Intel Corporation'\n    device   = 'P64H2 I/O Advanced Programmable Interrupt Controller'\n    class    = base peripheral\n    subclass = interrupt controller\npcib3@pci1:31:0:        class=0x060400 card=0x00000050 chip=0x14608086 rev=0x04 hdr=0x01\n    vendor   = 'Intel Corporation'\n    device   = '82870P2 P64H2 PCI/PCI-X Hub Controller'\n    class    = bridge\n    subclass = PCI-PCI\nem0@pci2:1:0:   class=0x020000 card=0x10118086 chip=0x10108086 rev=0x01 hdr=0x00\n    vendor   = 'Intel Corporation'\n    device   = '82546EB Dual Port Gigabit Ethernet Controller (Copper)'\n    class    = network\n    subclass = ethernet\nem1@pci2:1:1:   class=0x020000 card=0x10118086 chip=0x10108086 rev=0x01 hdr=0x00\n    vendor   = 'Intel Corporation'\n    device   = '82546EB Dual Port Gigabit Ethernet Controller (Copper)'\n    class    = network\n    subclass = ethernet\nem2@pci2:3:0:   class=0x020000 card=0x10118086 chip=0x10108086 rev=0x01 hdr=0x00\n    vendor   = 'Intel Corporation'\n    device   = '82546EB Dual Port Gigabit Ethernet Controller (Copper)'\n    class    = network\n    subclass = ethernet\nem3@pci2:3:1:   class=0x020000 card=0x10118086 chip=0x10108086 rev=0x01 hdr=0x00\n    vendor   = 'Intel Corporation'\n    device   = '82546EB Dual Port Gigabit Ethernet Controller (Copper)'\n    class    = network\n    subclass = ethernet\nahd0@pci3:2:0:  class=0x010000 card=0x005e9005 chip=0x801d9005 rev=0x10 hdr=0x00\n    vendor   = 'Adaptec Inc'\n    device   = 'AIC-7902B Ultra320 SCSI Controller'\n    class    = mass storage\n    subclass = SCSI\nahd1@pci3:2:1:  class=0x010000 card=0x005e9005 chip=0x801d9005 rev=0x10 hdr=0x00\n    vendor   = 'Adaptec Inc'\n    device   = 'AIC-7902B Ultra320 SCSI Controller'\n    class    = mass storage\n    subclass = SCSI\nnone5@pci4:1:0: class=0x030000 card=0x00081002 chip=0x47521002 rev=0x27 hdr=0x00\n    vendor   = 'ATI Technologies Inc'\n    device   = 'Rage XL PCI'\n    class    = display\n    subclass = VGA\n\nvmstat -i:\n\ninterrupt                          total       rate\nirq1: atkbd0                           1          0\nirq28: ahd0                        41514         74\nirq29: ahd1                           15          0\nirq54: em2                        155725        279\ncpu0: timer                      1110289       1989\ncpu2: timer                      1092537       1957\ncpu1: timer                      1092537       1957\ncpu3: timer                      1092537       1957\nTotal                            4585155       8217"
}