{
 "id": 691130,
 "bug_id": 173353,
 "attachment_id": 0,
 "creation_time": "2012-11-04T06:20:01Z",
 "creator": "stephane.lapie@darkbsd.org",
 "text": "I decided to give 9-STABLE a test, only to have a kernel very close to GENERIC (mostly only removing NICs and SCSI/RAID controllers I don't need, seeing as I only have Intel em(4) NICs and LSI mpt(4) controllers) freeze on me at boot.\n\nRunning it in non verbose would yield this :\nCopyright (c) 1992-2012 The FreeBSD Project.\nCopyright (c) 1979, 1980, 1983, 1986, 1988, 1989, 1991, 1992, 1993, 1994\n        The Regents of the University of California. All rights reserved.\nFreeBSD is a registered trademark of The FreeBSD Foundation.\nFreeBSD 9.1-PRERELEASE #2: Fri Nov  2 23:25:05 JST 2012\n    darksoul@eirei-no-za.yomi.darkbsd.org:/usr/obj/usr/storage/tech/eirei-no-za.yomi.darkbsd.org/usr/src/sys/DARK-2012KERN amd64\nCPU: Intel(R) Core(TM)2 Quad CPU    Q9400  @ 2.66GHz (2666.72-MHz K8-class CPU)\n  Origin = \"GenuineIntel\"  Id = 0x1067a  Family = 0x6  Model = 0x17  Stepping = 10\n  Features=0xbfebfbff\u003cFPU,VME,DE,PSE,TSC,MSR,PAE,MCE,CX8,APIC,SEP,MTRR,PGE,MCA,CMOV,PAT,PSE36,CLFLUSH,DTS,ACPI,MMX,FXSR,SSE,SSE2,SS,HTT,TM,PBE\u003e\n  Features2=0xc08e3fd\u003cSSE3,DTES64,MON,DS_CPL,VMX,SMX,EST,TM2,SSSE3,CX16,xTPR,PDCM,SSE4.1,XSAVE,OSXSAVE\u003e\n  AMD Features=0x20100800\u003cSYSCALL,NX,LM\u003e\n  AMD Features2=0x1\u003cLAHF\u003e\n  TSC: P-state invariant, performance statistics\nreal memory  = 8589934592 (8192 MB)\navail memory = 8240766976 (7859 MB)\nEvent timer \"LAPIC\" quality 400\nACPI APIC Table: \u003cPTLTD          APIC  \u003e\nFreeBSD/SMP: Multiprocessor System Detected: 4 CPUs\nFreeBSD/SMP: 1 package(s) x 4 core(s)\n cpu0 (BSP): APIC ID:  0\n cpu1 (AP): APIC ID:  1\n cpu2 (AP): APIC ID:  2\n cpu3 (AP): APIC ID:  3\nioapic0 \u003cVersion 2.0\u003e irqs 0-23 on motherboard\nioapic1 \u003cVersion 2.0\u003e irqs 24-47 on motherboard\nCuse4BSD v0.1.23 @ /dev/cuse\nkbd1 at kbdmux0\n\nAfter which it would freeze totally. Booting with the verbose flag yielded the following trace, which allowed me to narrow down the problem to the VESA BIOS extensions :\n\nreal memory  = 8589934592 (8192 MB)\nPhysical memory chunk(s):\n0x0000000000010000 - 0x0000000000097fff, 557056 bytes (136 pages)\n0x0000000000100000 - 0x00000000001fffff, 1048576 bytes (256 pages)\n0x00000000010ea000 - 0x00000000cfe6ffff, 3470286848 bytes (847238 pages)\n0x0000000100000000 - 0x000000021f8a3fff, 4824121344 bytes (1177764 pages)\navail memory = 8240852992 (7859 MB)\nINTR: Adding local APIC 0 as a target\nx86bios:  IVT 0x000000-0x0004ff at 0xfffffe0000000000\nx86bios: SSEG 0x090000-0x090fff at 0xffffff800021a000\nx86bios: EBDA 0x09b000-0x09ffff at 0xfffffe000009b000\nx86bios:  ROM 0x0a0000-0x0fefff at 0xfffffe00000a0000\nULE: setup cpu 0\nCuse4BSD v0.1.23 @ /dev/cuse\nmodule_register_init: MOD_LOAD (kbdmux, 0xffffffff803b40b0, 0) error 6\nmem: \u003cmemory\u003e\nVESA: INT 0x10 vector 0xc000:0x10d2\nVESA: information block\n0000   56 45 53 41 00 02 00 01 00 91 04 00 00 00 70 32\n0010   00 c0 40 00 00 01 1e 01 00 91 50 01 00 91 64 01\n0020   00 91 00 00 00 00 00 00 00 00 00 00 00 00 00 00\n0030   00 00 00 00 00 00 00 00 00 00 00 00 00 00 00 00\n0040   00 00 00 00 00 00 00 00 00 00 00 00 00 00 00 00\n0050   00 00 00 00 00 00 00 00 00 00 00 00 00 00 00 00\n0060   00 00 00 00 00 00 00 00 00 00 00 00 00 00 00 00\n0070   00 00 00 00 00 00 00 00 00 00 00 00 00 00 00 00\n0080   00 00 00 00 00 00 00 00 00 00 00 00 00 00 00 00\n0090   00 00 00 00 00 00 00 00 00 00 00 00 00 00 00 00\n00a0   00 00 00 00 00 00 00 00 00 00 00 00 00 00 00 00\n00b0   00 00 00 00 00 00 00 00 00 00 00 00 00 00 00 00\n00c0   00 00 00 00 00 00 00 00 00 00 00 00 00 00 00 00\n00d0   00 00 00 00 00 00 00 00 00 00 00 00 00 00 00 00\n00e0   00 00 00 00 00 00 00 00 00 00 00 00 00 00 00 00\n00f0   00 00 00 00 00 00 00 00 00 00 00 00 00 00 00 00\n0100   53 69 53 00 00 00 00 00 00 00 00 00 00 00 00 00\n0110   00 00 00 00 00 00 00 00 00 00 00 00 00 00 53 69\n0120   6c 69 63 6f 6e 20 49 6e 74 65 67 72 61 74 65 64\n0130   20 53 79 73 74 65 6d 73 20 43 6f 72 70 2e 00 00\n0140   00 00 00 00 00 00 00 00 00 00 00 00 00 00 00 00\n0150   36 33 32 36 00 00 00 00 00 00 00 00 00 00 00 00\n0160   00 00 00 00 20 20 00 00 00 00 00 00 00 00 00 00\n0170   00 00 00 00 00 00 00 00 00 00 00 00 00 00 00 00\n0180   00 00 00 00 00 00 00 00 00 00 00 00 00 00 00 00\n0190   00 00 00 00 00 00 00 00 00 00 00 00 00 00 00 00\n01a0   00 00 00 00 00 00 00 00 00 00 00 00 00 00 00 00\n01b0   00 00 00 00 00 00 00 00 00 00 00 00 00 00 00 00\n01c0   00 00 00 00 00 00 00 00 00 00 00 00 00 00 00 00\n01d0   00 00 00 00 00 00 00 00 00 00 00 00 00 00 00 00\n01e0   00 00 00 00 00 00 00 00 00 00 00 00 00 00 00 00\n01f0   00 00 00 00 00 00 00 00 00 00 00 00 00 00 00 00\n\nThis system only has a very standard PCI graphics card (I feel no need to have anything more powerful for a server; though for some reason this server or the BTX loader wouldn't handle VGA-less booting ?) :\n\nvgapci0@pci0:17:1:0:\tclass=0x030000 card=0x63261039 chip=0x63261039 rev=0x0b hdr=0x00\n    vendor     = 'Silicon Integrated Systems [SiS]'\n    device     = '86C326 5598/6326'\n    class      = display\n    subclass   = VGA\n\nHere is the motherboard information in case it might be relevant :\nsmbios.system.maker=\"Supermicro\"\nsmbios.system.product=\"C2SBX\"\nsmbios.bios.reldate=\"12/19/2008\"\nsmbios.bios.vendor=\"Phoenix Technologies LTD\"\nsmbios.bios.version=\"1.2a      \"\n\nFix: \n\nRemoving \"options VESA\" from the kernel allowed me to build a bootable kernel.\nHow-To-Repeat: Building a GENERIC kernel, or any kernel with \"options VESA\".\nOn earlier versions, kldloading vesa.ko.\n\nI already had spotted that my specific hardware configuration could not handle this, ever since 8.0-RELEASE, with a total freeze, requiring a hardware reset."
}