{
 "id": 531890,
 "bug_id": 141327,
 "attachment_id": 0,
 "creation_time": "2009-12-09T18:50:01Z",
 "creator": "cowens@greatbaysoftware.com",
 "text": "(Kernel conf is simply PAE)\n\nI'm having problems with the functioning of USB keyboards with an IBM\nSystem x3550 M2 (new quad core Xeon, 4 GB RAM).  System has no PS/2 ports... so there's no alternative to a USB keyboard.  With a FreeBSD 7.1\nPAE-enabled kernel a USB keyboard will almost always not function (occasionally after a reboot it will work on some but not all ports).  The error messages seen with usbdevs or in during boot might suggest some issue with USB bus initialization, except for this seemingly conflicting fact:  an 'axe' USB NIC always works, plugged into any of the USB ports.\n\nIt may be worth noting that we have four other hardware platforms (different IBM, HP, and OEM Intel) that do not exhibit this behavior (ie. PAE and USB seem okay with each other).\n\nFollowing are details for the system with a PAE-enable kernel.  (To see same info for this system when running a non-PAE kernel, see http://docs.freebsd.org/cgi/mid.cgi?4B169F1F.8050100)\n\nFrom dmidecode:\n\nSystem Information\n        Manufacturer: IBM\n        Product Name: IBM System x -[7946AC1]-\n        Version: 00\n\n####\n#### usbdevs, with keyboard working on front USB ports only\n####\n[root@dmz55 ~]# usbdevs -v\nController /dev/usb0:\naddr 1: full speed, self powered, config 1, UHCI root hub(0x0000),\nIntel(0x0000), rev 1.00\n port 1 powered\n port 2 addr 2: low speed, power 100 mA, config 1, Comfort Curve\nKeyboard 2000(0x00dd), Microsoft(0x045e), rev 1.73\nController /dev/usb1:\naddr 1: full speed, self powered, config 1, UHCI root hub(0x0000),\nIntel(0x0000), rev 1.00\n port 1 powered\n port 2 powered\nController /dev/usb2:\naddr 1: high speed, self powered, config 1, EHCI root hub(0x0000),\nIntel(0x0000), rev 1.00\n port 1 powered\n port 2 powered\n port 3 powered\n port 4 powered\n port 5 powered\n port 6 powered\nusbdevs: /dev/usb3: Input/output error\nusbdevs: /dev/usb4: Input/output error\nusbdevs: /dev/usb5: Input/output error\nController /dev/usb6:\naddr 1: high speed, self powered, config 1, EHCI root hub(0x0000),\nIntel(0x0000), rev 1.00\n port 1 addr 2: high speed, power 2 mA, config 2, IBM Composite\nDevice-0(0x4012), IBM(0x04b3), rev 0.00\n port 2 powered\n port 3 powered\n port 4 powered\n port 5 powered\n port 6 addr 3: high speed, power 450 mA, config 1, product\n0x1a00(0x1a00), vendor 0x2001(0x2001), rev 10.01\n\n####\n#### usbdevs, with keyboard not working at all (more typical)\n####\ndmz55# usbdevs -v\nusbdevs: /dev/usb0: Input/output error\nusbdevs: /dev/usb1: Input/output error\nController /dev/usb2:\naddr 1: high speed, self powered, config 1, EHCI root hub(0x0000), Intel(0x0000), rev 1.00\n port 1 powered\n port 2 powered\n port 3 powered\n port 4 powered\n port 5 powered\n port 6 powered\nusbdevs: /dev/usb3: Input/output error\nusbdevs: /dev/usb4: Input/output error\nusbdevs: /dev/usb5: Input/output error\nController /dev/usb6:\naddr 1: high speed, self powered, config 1, EHCI root hub(0x0000), Intel(0x0000), rev 1.00\n port 1 addr 2: high speed, power 2 mA, config 2, IBM Composite Device-0(0x4012), IBM(0x04b3), rev 0.00\n port 2 powered\n port 3 powered\n port 4 powered\n port 5 powered\n port 6 addr 3: high speed, power 450 mA, config 1, product 0x1a00(0x1a00), vendor 0x2001(0x2001), rev 10.01\n\n\n\nCopyright (c) 1992-2009 The FreeBSD Project.\nCopyright (c) 1979, 1980, 1983, 1986, 1988, 1989, 1991, 1992, 1993, 1994\n        The Regents of the University of California. All rights reserved.\nFreeBSD is a registered trademark of The FreeBSD Foundation.\nFreeBSD 7.1-RELEASE-p8 #3: Thu Nov 19 15:24:03 EST 2009\n    muck@dmz55.greatbaysoftware.com:/usr/obj/usr/src/sys/DMZ55\nTimecounter \"i8254\" frequency 1193182 Hz quality 0\nCPU: Intel(R) Xeon(R) CPU           E5504  @ 2.00GHz (2000.08-MHz\n686-class CPU)\n  Origin = \"GenuineIntel\"  Id = 0x106a5  Stepping = 5\n \nFeatures=0xbfebfbff\u003cFPU,VME,DE,PSE,TSC,MSR,PAE,MCE,CX8,APIC,SEP,MTRR,PGE,MCA,CMOV,PAT,PSE36,CLFLUSH,DTS,ACPI,MMX,FXSR,SSE,SSE2,SS,HTT,TM,PBE\u003e\n \nFeatures2=0x9ce3bd\u003cSSE3,DTES64,MON,DS_CPL,VMX,EST,TM2,SSSE3,CX16,xTPR,PDCM,DCA,SSE4.1,SSE4.2,POPCNT\u003e\n  AMD Features=0x28100000\u003cNX,RDTSCP,LM\u003e\n  AMD Features2=0x1\u003cLAHF\u003e\n  Cores per package: 8\n  Logical CPUs per core: 2\nreal memory  = 6442450944 (6144 MB)\navail memory = 4150349824 (3958 MB)\nACPI APIC Table: \u003cIBM    THURLEY \u003e\nFreeBSD/SMP: Multiprocessor System Detected: 4 CPUs\n cpu0 (BSP): APIC ID:  0\n cpu1 (AP): APIC ID:  2\n cpu2 (AP): APIC ID:  4\n cpu3 (AP): APIC ID:  6\nioapic0 \u003cVersion 2.0\u003e irqs 0-23 on motherboard\nioapic1 \u003cVersion 2.0\u003e irqs 24-47 on motherboard\nkbd1 at kbdmux0\nacpi0: \u003cIBM THURLEY\u003e on motherboard\nacpi0: [ITHREAD]\nacpi0: Power Button (fixed)\nacpi_hpet0: \u003cHigh Precision Event Timer\u003e iomem 0xfed00000-0xfed003ff on\nacpi0\nTimecounter \"HPET\" frequency 14318180 Hz quality 900\nTimecounter \"ACPI-fast\" frequency 3579545 Hz quality 1000\nacpi_timer0: \u003c24-bit timer at 3.579545MHz\u003e port 0x588-0x58b on acpi0\npcib0: \u003cACPI Host-PCI bridge\u003e port 0xcf8-0xcff on acpi0\npci0: \u003cACPI PCI bus\u003e on pcib0\npcib1: \u003cACPI PCI-PCI bridge\u003e irq 28 at device 1.0 on pci0\npci11: \u003cACPI PCI bus\u003e on pcib1\npci11: \u003cnetwork, ethernet\u003e at device 0.0 (no driver attached)\npci11: \u003cnetwork, ethernet\u003e at device 0.1 (no driver attached)\npcib2: \u003cPCI-PCI bridge\u003e irq 29 at device 2.0 on pci0\npci16: \u003cPCI bus\u003e on pcib2\npci16: \u003cnetwork, ethernet\u003e at device 0.0 (no driver attached)\npci16: \u003cnetwork, ethernet\u003e at device 0.1 (no driver attached)\npcib3: \u003cACPI PCI-PCI bridge\u003e irq 24 at device 3.0 on pci0\npci21: \u003cACPI PCI bus\u003e on pcib3\npcib4: \u003cACPI PCI-PCI bridge\u003e irq 30 at device 7.0 on pci0\npci26: \u003cACPI PCI bus\u003e on pcib4\npci0: \u003cbase peripheral, interrupt controller\u003e at device 16.0 (no driver\nattached)\npci0: \u003cbase peripheral, interrupt controller\u003e at device 16.1 (no driver\nattached)\npci0: \u003cbase peripheral, interrupt controller\u003e at device 17.0 (no driver\nattached)\npci0: \u003cbase peripheral, interrupt controller\u003e at device 17.1 (no driver\nattached)\npci0: \u003cbase peripheral, interrupt controller\u003e at device 20.0 (no driver\nattached)\npci0: \u003cbase peripheral, interrupt controller\u003e at device 20.1 (no driver\nattached)\npci0: \u003cbase peripheral, interrupt controller\u003e at device 20.2 (no driver\nattached)\npci0: \u003cbase peripheral, interrupt controller\u003e at device 20.3 (no driver\nattached)\npci0: \u003cbase peripheral\u003e at device 22.0 (no driver attached)\npci0: \u003cbase peripheral\u003e at device 22.1 (no driver attached)\npci0: \u003cbase peripheral\u003e at device 22.2 (no driver attached)\npci0: \u003cbase peripheral\u003e at device 22.3 (no driver attached)\npci0: \u003cbase peripheral\u003e at device 22.4 (no driver attached)\npci0: \u003cbase peripheral\u003e at device 22.5 (no driver attached)\npci0: \u003cbase peripheral\u003e at device 22.6 (no driver attached)\npci0: \u003cbase peripheral\u003e at device 22.7 (no driver attached)\nuhci0: \u003cUHCI (generic) USB controller\u003e port 0x20a0-0x20bf irq 17 at\ndevice 26.0 on pci0\nuhci0: [GIANT-LOCKED]\nuhci0: [ITHREAD]\nusb0: \u003cUHCI (generic) USB controller\u003e on uhci0\nusb0: USB revision 1.0\nuhub0: \u003cIntel UHCI root hub, class 9/0, rev 1.00/1.00, addr 1\u003e on usb0\nuhub0: 2 ports with 2 removable, self powered\nuhci1: \u003cUHCI (generic) USB controller\u003e port 0x2080-0x209f irq 18 at\ndevice 26.1 on pci0\nuhci1: [GIANT-LOCKED]\nuhci1: [ITHREAD]\nusb1: \u003cUHCI (generic) USB controller\u003e on uhci1\nusb1: USB revision 1.0\nuhub1: \u003cIntel UHCI root hub, class 9/0, rev 1.00/1.00, addr 1\u003e on usb1\nuhub1: 2 ports with 2 removable, self powered\nehci0: \u003cEHCI (generic) USB 2.0 controller\u003e mem 0x9ba21400-0x9ba217ff irq\n19 at device 26.7 on pci0\nehci0: [GIANT-LOCKED]\nehci0: [ITHREAD]\nusb2: EHCI version 1.0\nusb2: wrong number of companions (3 != 2)\nusb2: companion controllers, 2 ports each: usb0 usb1\nusb2: \u003cEHCI (generic) USB 2.0 controller\u003e on ehci0\nusb2: USB revision 2.0\nuhub2: \u003cIntel EHCI root hub, class 9/0, rev 2.00/1.00, addr 1\u003e on usb2\nuhub2: 6 ports with 6 removable, self powered\npcib5: \u003cPCI-PCI bridge\u003e irq 16 at device 28.0 on pci0\npci1: \u003cPCI bus\u003e on pcib5\nmpt0: \u003cLSILogic SAS/SATA Adapter\u003e port 0x1000-0x10ff mem\n0x9b910000-0x9b913fff,0x9b900000-0x9b90ffff irq 16 at device 0.0 on pci1\nmpt0: [ITHREAD]\nmpt0: MPI Version=1.5.20.0\nmpt0: Capabilities: ( RAID-0 RAID-1E RAID-1 )\nmpt0: 0 Active Volumes (2 Max)\nmpt0: 0 Hidden Drive Members (14 Max)\npcib6: \u003cPCI-PCI bridge\u003e irq 16 at device 28.4 on pci0\npci6: \u003cPCI bus\u003e on pcib6\npcib7: \u003cPCI-PCI bridge\u003e irq 16 at device 0.0 on pci6\npci7: \u003cPCI bus\u003e on pcib7\nvgapci0: \u003cVGA-compatible display\u003e mem\n0x9a000000-0x9affffff,0x9b800000-0x9b803fff,0x9b000000-0x9b7fffff irq 16\nat device 0.0 on pci7\nuhci2: \u003cUHCI (generic) USB controller\u003e port 0x2060-0x207f irq 17 at\ndevice 29.0 on pci0\nuhci2: [GIANT-LOCKED]\nuhci2: [ITHREAD]\nusb3: \u003cUHCI (generic) USB controller\u003e on uhci2\nusb3: USB revision 1.0\nusb3: root hub problem, error=4\nuhci3: \u003cUHCI (generic) USB controller\u003e port 0x2040-0x205f irq 18 at\ndevice 29.1 on pci0\nuhci3: [GIANT-LOCKED]\nuhci3: [ITHREAD]\nusb4: \u003cUHCI (generic) USB controller\u003e on uhci3\nusb4: USB revision 1.0\nusb4: root hub problem, error=4\nuhci4: \u003cUHCI (generic) USB controller\u003e port 0x2020-0x203f irq 19 at\ndevice 29.2 on pci0\nuhci4: [GIANT-LOCKED]\nuhci4: [ITHREAD]\nusb5: \u003cUHCI (generic) USB controller\u003e on uhci4\nusb5: USB revision 1.0\nusb5: root hub problem, error=4\nehci1: \u003cEHCI (generic) USB 2.0 controller\u003e mem 0x9ba21000-0x9ba213ff irq\n17 at device 29.7 on pci0\nehci1: [GIANT-LOCKED]\nehci1: [ITHREAD]\nusb6: EHCI version 1.0\nusb6: companion controllers, 2 ports each: usb3 usb4 usb5\nusb6: \u003cEHCI (generic) USB 2.0 controller\u003e on ehci1\nusb6: USB revision 2.0\nuhub3: \u003cIntel EHCI root hub, class 9/0, rev 2.00/1.00, addr 1\u003e on usb6\nuhub3: 6 ports with 6 removable, self powered\nukbd0: \u003cIBM IBM Composite Device-0, class 0/0, rev 2.00/0.00, addr 2\u003e on\nuhub3\nkbd2 at ukbd0\nuhid0: \u003cIBM IBM Composite Device-0, class 0/0, rev 2.00/0.00, addr 2\u003e on\nuhub3\nuhid1: \u003cIBM IBM Composite Device-0, class 0/0, rev 2.00/0.00, addr 2\u003e on\nuhub3\numass0: \u003cIBM IBM Composite Device-0, class 0/0, rev 2.00/0.00, addr 2\u003e\non uhub3\numass1: \u003cIBM IBM Composite Device-0, class 0/0, rev 2.00/0.00, addr 2\u003e\non uhub3\naxe0: \u003cvendor 0x2001 product 0x1a00, class 2/0, rev 2.00/10.01, addr 3\u003e\non uhub3\naxe0: AX88172, bufsz 1536, boundary 64\nmiibus0: \u003cMII bus\u003e on axe0\nrlphy0: \u003cIC Plus 10/100 PHY\u003e PHY 3 on miibus0\nrlphy0:  10baseT, 10baseT-FDX, 100baseTX, 100baseTX-FDX, auto\naxe0: WARNING: using obsoleted if_watchdog interface\naxe0: WARNING: using obsoleted IFF_NEEDSGIANT flag\naxe0: Ethernet address: 00:80:c8:38:15:ff\npcib8: \u003cPCI-PCI bridge\u003e at device 30.0 on pci0\npci31: \u003cPCI bus\u003e on pcib8\nisab0: \u003cPCI-ISA bridge\u003e at device 31.0 on pci0\nisa0: \u003cISA bus\u003e on isab0\natapci0: \u003cIntel ATA controller\u003e port\n0x1f0-0x1f7,0x3f6,0x170-0x177,0x376,0x20f0-0x20ff,0x20e0-0x20ef irq 16\nat device 31.2 on pci0\nata0: \u003cATA channel 0\u003e on atapci0\nata0: [ITHREAD]\nata1: \u003cATA channel 1\u003e on atapci0\nata1: [ITHREAD]\npci0: \u003cserial bus, SMBus\u003e at device 31.3 (no driver attached)\natapci1: \u003cIntel ATA controller\u003e port\n0x2108-0x210f,0x2124-0x2127,0x2100-0x2107,0x2120-0x2123,0x20d0-0x20df,0x20c0-0x20cf\nirq 21 at device 31.5 on pci0\natapci1: [ITHREAD]\nata2: \u003cATA channel 0\u003e on atapci1\nata2: [ITHREAD]\nata3: \u003cATA channel 1\u003e on atapci1\nata3: [ITHREAD]\nsio0: \u003c16550A-compatible COM port\u003e port 0x3f8-0x3ff irq 4 flags 0x10 on\nacpi0\nsio0: type 16550A, console\nsio0: [FILTER]\nsio1: \u003c16550A-compatible COM port\u003e port 0x2f8-0x2ff irq 3 on acpi0\nsio1: type 16550A\nsio1: [FILTER]\ncpu0: \u003cACPI CPU\u003e on acpi0\nest0: \u003cEnhanced SpeedStep Frequency Control\u003e on cpu0\np4tcc0: \u003cCPU Frequency Thermal Control\u003e on cpu0\ncpu1: \u003cACPI CPU\u003e on acpi0\nest1: \u003cEnhanced SpeedStep Frequency Control\u003e on cpu1\np4tcc1: \u003cCPU Frequency Thermal Control\u003e on cpu1\ncpu2: \u003cACPI CPU\u003e on acpi0\nest2: \u003cEnhanced SpeedStep Frequency Control\u003e on cpu2\np4tcc2: \u003cCPU Frequency Thermal Control\u003e on cpu2\ncpu3: \u003cACPI CPU\u003e on acpi0\nest3: \u003cEnhanced SpeedStep Frequency Control\u003e on cpu3\np4tcc3: \u003cCPU Frequency Thermal Control\u003e on cpu3\ncpu3: \u003cACPI CPU\u003e on acpi0\nest3: \u003cEnhanced SpeedStep Frequency Control\u003e on cpu3\np4tcc3: \u003cCPU Frequency Thermal Control\u003e on cpu3\npmtimer0 on isa0\norm0: \u003cISA Option ROM\u003e at iomem 0xc0000-0xc7fff pnpid ORM0000 on isa0\natkbdc0: \u003cKeyboard controller (i8042)\u003e at port 0x60,0x64 on isa0\natkbd0: \u003cAT Keyboard\u003e irq 1 on atkbdc0\nkbd0 at atkbd0\natkbd0: [GIANT-LOCKED]\natkbd0: [ITHREAD]\nppc0: parallel port not found.\nsc0: \u003cSystem console\u003e at flags 0x100 on isa0\nsc0: VGA \u003c16 virtual consoles, flags=0x100\u003e\nvga0: \u003cGeneric ISA VGA\u003e at port 0x3c0-0x3df iomem 0xa0000-0xbffff on isa0\nukbd1: \u003cMicrosoft Comfort Curve Keyboard 2000, class 0/0, rev 2.00/1.73,\naddr 2\u003e on uhub0\nkbd3 at ukbd1\nuhid2: \u003cMicrosoft Comfort Curve Keyboard 2000, class 0/0, rev 2.00/1.73,\naddr 2\u003e on uhub0\nTimecounters tick every 1.000 msec\nda0 at mpt0 bus 0 target 1 lun 0\nda0: \u003cATA WD3000BLFS-23YBU 4V04\u003e Fixed Direct Access SCSI-5 device\nda0: 300.000MB/s transfers\nda0: Command Queueing Enabled\nda0: 286102MB (585937500 512 byte sectors: 255H 63S/T 36472C)\ncd0 at umass-sim0 bus 0 target 0 lun 0\ncd0: \u003cLinux Virtual CD/DVD 0316\u003e Removable CD-ROM SCSI-0 device\ncd0: 40.000MB/s transfers\ncd0: Attempt to query device size failed: NOT READY, Medium not present\nda1 at mpt0 bus 0 target 2 lun 0\nda1: \u003cATA WD3000BLFS-23YBU 4V04\u003e Fixed Direct Access SCSI-5 device\nda1: 300.000MB/s transfers\nda1: Command Queueing Enabled\nda1: 286102MB (585937500 512 byte sectors: 255H 63S/T 36472C)\nSMP: AP CPU #1 Launched!\nSMP: AP CPU #3 Launched!\nSMP: AP CPU #2 Launched!\nda2 at umass-sim1 bus 1 target 0 lun 0\nda2: \u003cLinux Virtual Floppy 0316\u003e Removable Direct Access SCSI-0 device\nda2: 40.000MB/s transfers\nda2: Attempt to query device size failed: NOT READY, Medium not present\nda3 at umass-sim1 bus 1 target 0 lun 1\nda3: \u003cLinux Virtual Floppy 0316\u003e Removable Direct Access SCSI-0 device\nda3: 40.000MB/s transfers\nda3: Attempt to query device size failed: NOT READY, Medium not present\nTrying to mount root from ufs:/dev/da0s1a\n\nHow-To-Repeat: Install 7.1-RELEASE on system (IBM x3550 M2) and build and install a PAE enabled kernel.  After most reboots, USB keyboard will be non-functional (occasionally seen to work on some USB ports)."
}