{
 "id": 599570,
 "bug_id": 154828,
 "attachment_id": 0,
 "creation_time": "2011-02-16T19:20:09Z",
 "creator": "Frank.Scheckenbach@online.de",
 "text": "After a binary update from 8.2-RC2 to 8.2-RC3 I can no longer create\ndirectories on my external USB HDD. The filesystem is fat32 and the\ndrive is manually mounted using \"mount_msdosfs -o large\".  Writing,\nediting and deleting files is still possible. But even when I write\nfiles to the HDD, dmesg reports errors\n\"g_vfs_done():da0s1[WRITE(offset=- ... , length=16384)]error = 5\",\nalthough, the files are correctly written. It is even possible to delete\ndirectories but creating directories is impossible. The error does not\noccur on any fat16/fat32 USB flash disk, nor did it occur before updating\nto 8.2-RC3. Once the systems starts reporting these errors, it is\nimpossible to unmount the HDD, and if I force it to unmount the HDD\nusing \"unmount -f\" the systems freezes. Furthermore, these errors are\nreported continuously, after writing once to the HDD, and do never stop.\n\nThe drive is working fine with other OSs and \"fsck_msdosfs\" reported a\nclean filesystem.\n\n#################################################\ndmesg\n#################################################\n\nCopyright (c) 1992-2011 The FreeBSD Project.\nCopyright (c) 1979, 1980, 1983, 1986, 1988, 1989, 1991, 1992, 1993, 1994\n\tThe Regents of the University of California. All rights reserved.\nFreeBSD is a registered trademark of The FreeBSD Foundation.\nFreeBSD 8.2-RC2 #0: Wed Jan 12 17:02:35 UTC 2011\n    root@mason.cse.buffalo.edu:/usr/obj/usr/src/sys/GENERIC amd64\nTimecounter \"i8254\" frequency 1193182 Hz quality 0\nCPU: Genuine Intel(R) CPU           U2300  @ 1.20GHz (1197.01-MHz K8-class CPU)\n  Origin = \"GenuineIntel\"  Id = 0x1067a  Family = 6  Model = 17  Stepping = 10\n  Features=0xbfebfbff\u003cFPU,VME,DE,PSE,TSC,MSR,PAE,MCE,CX8,APIC,SEP,MTRR,PGE,MCA,CMOV,PAT,PSE36,CLFLUSH,DTS,ACPI,MMX,FXSR,SSE,SSE2,SS,HTT,TM,PBE\u003e\n  Features2=0x400e3bd\u003cSSE3,DTES64,MON,DS_CPL,VMX,EST,TM2,SSSE3,CX16,xTPR,PDCM,XSAVE\u003e\n  AMD Features=0x20100800\u003cSYSCALL,NX,LM\u003e\n  AMD Features2=0x1\u003cLAHF\u003e\n  TSC: P-state invariant\nreal memory  = 2147483648 (2048 MB)\navail memory = 2012815360 (1919 MB)\nACPI APIC Table: \u003cPTLTD  \t APIC  \u003e\nFreeBSD/SMP: Multiprocessor System Detected: 2 CPUs\nFreeBSD/SMP: 1 package(s) x 2 core(s)\n cpu0 (BSP): APIC ID:  0\n cpu1 (AP): APIC ID:  1\nioapic0 \u003cVersion 2.0\u003e irqs 0-23 on motherboard\nkbd1 at kbdmux0\nacpi0: \u003cLENOVO CB-01\u003e on motherboard\nacpi0: [ITHREAD]\nacpi0: Power Button (fixed)\nacpi_hpet0: \u003cHigh Precision Event Timer\u003e iomem 0xfed00000-0xfed003ff on acpi0\nTimecounter \"HPET\" frequency 14318180 Hz quality 900\nTimecounter \"ACPI-fast\" frequency 3579545 Hz quality 1000\nacpi_timer0: \u003c24-bit timer at 3.579545MHz\u003e port 0x408-0x40b on acpi0\ncpu0: \u003cACPI CPU\u003e on acpi0\ncpu1: \u003cACPI CPU\u003e on acpi0\nacpi_ec0: \u003cEmbedded Controller: GPE 0x1c\u003e port 0x62,0x66 on acpi0\nacpi_lid0: \u003cControl Method Lid Switch\u003e on acpi0\nacpi_button0: \u003cPower Button\u003e on acpi0\nacpi_button1: \u003cSleep Button\u003e on acpi0\npcib0: \u003cACPI Host-PCI bridge\u003e port 0xcf8-0xcff on acpi0\npci0: \u003cACPI PCI bus\u003e on pcib0\nvgapci0: \u003cVGA-compatible display\u003e port 0x1800-0x1807 mem 0xf0000000-0xf03fffff,0xd0000000-0xdfffffff irq 16 at device 2.0 on pci0\nagp0: \u003cIntel GM45 SVGA controller\u003e on vgapci0\nagp0: detected 32764k stolen memory\nagp0: aperture size is 256M\nvgapci1: \u003cVGA-compatible display\u003e mem 0xf0400000-0xf04fffff at device 2.1 on pci0\nuhci0: \u003cIntel 82801I (ICH9) USB controller\u003e port 0x1820-0x183f irq 21 at device 26.0 on pci0\nuhci0: [ITHREAD]\nusbus0: \u003cIntel 82801I (ICH9) USB controller\u003e on uhci0\nuhci1: \u003cIntel 82801I (ICH9) USB controller\u003e port 0x1840-0x185f irq 21 at device 26.1 on pci0\nuhci1: [ITHREAD]\nusbus1: \u003cIntel 82801I (ICH9) USB controller\u003e on uhci1\nehci0: \u003cIntel 82801I (ICH9) USB 2.0 controller\u003e mem 0xf0805800-0xf0805bff irq 20 at device 26.7 on pci0\nehci0: [ITHREAD]\nusbus2: EHCI version 1.0\nusbus2: \u003cIntel 82801I (ICH9) USB 2.0 controller\u003e on ehci0\nhdac0: \u003cIntel 82801I High Definition Audio Controller\u003e mem 0xf0800000-0xf0803fff irq 22 at device 27.0 on pci0\nhdac0: HDA Driver Revision: 20100226_0142\nhdac0: [ITHREAD]\npcib1: \u003cACPI PCI-PCI bridge\u003e irq 17 at device 28.0 on pci0\npci2: \u003cACPI PCI bus\u003e on pcib1\nre0: \u003cRealTek 8168/8111 B/C/CP/D/DP/E PCIe Gigabit Ethernet\u003e port 0x2000-0x20ff mem 0xf0904000-0xf0904fff,0xf0900000-0xf0903fff irq 16 at device 0.0 on pci2\nre0: Using 1 MSI messages\nre0: Chip rev. 0x28000000\nre0: MAC rev. 0x00000000\nmiibus0: \u003cMII bus\u003e on re0\nrgephy0: \u003cRTL8169S/8110S/8211B media interface\u003e PHY 1 on miibus0\nrgephy0:  10baseT, 10baseT-FDX, 10baseT-FDX-flow, 100baseTX, 100baseTX-FDX, 100baseTX-FDX-flow, 1000baseT, 1000baseT-master, 1000baseT-FDX, 1000baseT-FDX-master, 1000baseT-FDX-flow, 1000baseT-FDX-flow-master, auto, auto-flow\nre0: Ethernet address: 70:5a:b6:54:09:cb\nre0: [FILTER]\npcib2: \u003cACPI PCI-PCI bridge\u003e irq 16 at device 28.1 on pci0\npci3: \u003cACPI PCI bus\u003e on pcib2\npci3: \u003cnetwork\u003e at device 0.0 (no driver attached)\nuhci2: \u003cIntel 82801I (ICH9) USB controller\u003e port 0x1860-0x187f irq 23 at device 29.0 on pci0\nuhci2: [ITHREAD]\nusbus3: \u003cIntel 82801I (ICH9) USB controller\u003e on uhci2\nuhci3: \u003cIntel 82801I (ICH9) USB controller\u003e port 0x1880-0x189f irq 19 at device 29.1 on pci0\nuhci3: [ITHREAD]\nusbus4: \u003cIntel 82801I (ICH9) USB controller\u003e on uhci3\nuhci4: \u003cIntel 82801I (ICH9) USB controller\u003e port 0x18a0-0x18bf irq 18 at device 29.2 on pci0\nuhci4: [ITHREAD]\nusbus5: \u003cIntel 82801I (ICH9) USB controller\u003e on uhci4\nehci1: \u003cIntel 82801I (ICH9) USB 2.0 controller\u003e mem 0xf0805c00-0xf0805fff irq 23 at device 29.7 on pci0\nehci1: [ITHREAD]\nusbus6: EHCI version 1.0\nusbus6: \u003cIntel 82801I (ICH9) USB 2.0 controller\u003e on ehci1\npcib3: \u003cACPI PCI-PCI bridge\u003e at device 30.0 on pci0\npci4: \u003cACPI PCI bus\u003e on pcib3\nisab0: \u003cPCI-ISA bridge\u003e at device 31.0 on pci0\nisa0: \u003cISA bus\u003e on isab0\natapci0: \u003cIntel AHCI controller\u003e port 0x1818-0x181f,0x180c-0x180f,0x1810-0x1817,0x1808-0x180b,0x18c0-0x18df mem 0xf0805000-0xf08057ff irq 19 at device 31.2 on pci0\natapci0: [ITHREAD]\natapci0: AHCI v1.20 controller with 4 3Gbps ports, PM not supported\nata2: \u003cATA channel 0\u003e on atapci0\nata2: [ITHREAD]\nata3: \u003cATA channel 1\u003e on atapci0\nata3: [ITHREAD]\nata4: \u003cATA channel 4\u003e on atapci0\nata4: [ITHREAD]\npci0: \u003cserial bus, SMBus\u003e at device 31.3 (no driver attached)\npci0: \u003cdasp\u003e at device 31.6 (no driver attached)\nacpi_tz0: \u003cThermal Zone\u003e on acpi0\natrtc0: \u003cAT realtime clock\u003e port 0x70-0x77 irq 8 on acpi0\natrtc0: Warning: Couldn't map I/O.\nbattery0: \u003cACPI Control Method Battery\u003e on acpi0\nacpi_acad0: \u003cAC Adapter\u003e on acpi0\natkbdc0: \u003cKeyboard controller (i8042)\u003e port 0x60,0x64 irq 1 on acpi0\natkbd0: \u003cAT Keyboard\u003e irq 1 on atkbdc0\nkbd0 at atkbd0\natkbd0: [GIANT-LOCKED]\natkbd0: [ITHREAD]\npsm0: \u003cPS/2 Mouse\u003e irq 12 on atkbdc0\npsm0: [GIANT-LOCKED]\npsm0: [ITHREAD]\npsm0: model IntelliMouse, device ID 3\norm0: \u003cISA Option ROMs\u003e at iomem 0xd0000-0xd0fff,0xdc000-0xdffff,0xe0000-0xe17ff on isa0\nsc0: \u003cSystem console\u003e at flags 0x100 on isa0\nsc0: VGA \u003c16 virtual consoles, flags=0x300\u003e\nvga0: \u003cGeneric ISA VGA\u003e at port 0x3c0-0x3df iomem 0xa0000-0xbffff on isa0\nppc0: cannot reserve I/O port range\nest0: \u003cEnhanced SpeedStep Frequency Control\u003e on cpu0\np4tcc0: \u003cCPU Frequency Thermal Control\u003e on cpu0\nest1: \u003cEnhanced SpeedStep Frequency Control\u003e on cpu1\np4tcc1: \u003cCPU Frequency Thermal Control\u003e on cpu1\nTimecounters tick every 1.000 msec\nusbus0: 12Mbps Full Speed USB v1.0\nusbus1: 12Mbps Full Speed USB v1.0\nusbus2: 480Mbps High Speed USB v2.0\nusbus3: 12Mbps Full Speed USB v1.0\nusbus4: 12Mbps Full Speed USB v1.0\nusbus5: 12Mbps Full Speed USB v1.0\nusbus6: 480Mbps High Speed USB v2.0\nad4: 238475MB \u003cSeagate ST9250315AS 0010LVM1\u003e at ata2-master UDMA100 SATA 1.5Gb/s\nugen0.1: \u003cIntel\u003e at usbus0\nuhub0: \u003cIntel UHCI root HUB, class 9/0, rev 1.00/1.00, addr 1\u003e on usbus0\nugen1.1: \u003cIntel\u003e at usbus1\nuhub1: \u003cIntel UHCI root HUB, class 9/0, rev 1.00/1.00, addr 1\u003e on usbus1\nugen2.1: \u003cIntel\u003e at usbus2\nuhub2: \u003cIntel EHCI root HUB, class 9/0, rev 2.00/1.00, addr 1\u003e on usbus2\nugen3.1: \u003cIntel\u003e at usbus3\nuhub3: \u003cIntel UHCI root HUB, class 9/0, rev 1.00/1.00, addr 1\u003e on usbus3\nugen4.1: \u003cIntel\u003e at usbus4\nuhub4: \u003cIntel UHCI root HUB, class 9/0, rev 1.00/1.00, addr 1\u003e on usbus4\nugen5.1: \u003cIntel\u003e at usbus5\nuhub5: \u003cIntel UHCI root HUB, class 9/0, rev 1.00/1.00, addr 1\u003e on usbus5\nugen6.1: \u003cIntel\u003e at usbus6\nuhub6: \u003cIntel EHCI root HUB, class 9/0, rev 2.00/1.00, addr 1\u003e on usbus6\nhdac0: HDA Codec #0: Realtek ALC272\nhdac0: HDA Codec #2: Intel G45 HDMI\npcm0: \u003cHDA Realtek ALC272 PCM #0 Analog\u003e at cad 0 nid 1 on hdac0\npcm1: \u003cHDA Intel G45 HDMI PCM #0 HDMI\u003e at cad 2 nid 1 on hdac0\nSMP: AP CPU #1 Launched!\nGEOM: ad4: partition 4 does not start on a track boundary.\nGEOM: ad4: partition 4 does not end on a track boundary.\nuhub0: 2 ports with 2 removable, self powered\nuhub1: 2 ports with 2 removable, self powered\nuhub3: 2 ports with 2 removable, self powered\nuhub4: 2 ports with 2 removable, self powered\nuhub5: 2 ports with 2 removable, self powered\nRoot mount waiting for: usbus6 usbus2\nRoot mount waiting for: usbus6 usbus2\nuhub2: 4 ports with 4 removable, self powered\nRoot mount waiting for: usbus6 usbus2\nuhub6: 6 ports with 6 removable, self powered\nugen2.2: \u003cSonix Technology Co., Ltd.\u003e at usbus2\nRoot mount waiting for: usbus6 usbus2\nugen6.2: \u003cvendor 0x05e3\u003e at usbus6\nuhub7: \u003cvendor 0x05e3 USB2.0 Hub, class 9/0, rev 2.00/77.60, addr 2\u003e on usbus6\nugen0.2: \u003cTouchStrip\u003e at usbus0\nuhub7: 4 ports with 4 removable, self powered\nugen2.3: \u003cvendor 0x05e3\u003e at usbus2\nuhub8: \u003cvendor 0x05e3 USB2.0 Hub, class 9/0, rev 2.00/77.60, addr 3\u003e on usbus2\nRoot mount waiting for: usbus6 usbus2\nugen6.3: \u003cvendor 0x05af\u003e at usbus6\nukbd0: \u003cvendor 0x05af USB Keyboard, class 0/0, rev 1.10/1.01, addr 3\u003e on usbus6\nkbd2 at ukbd0\nuhub8: 4 ports with 4 removable, self powered\nuhid0: \u003cvendor 0x05af USB Keyboard, class 0/0, rev 1.10/1.01, addr 3\u003e on usbus6\nRoot mount waiting for: usbus6 usbus2\nugen2.4: \u003cFormac Elektronik GmbH\u003e at usbus2\numass0: \u003cInterface0\u003e on usbus2\numass0:  SCSI over Bulk-Only; quirks = 0x0000\nugen6.4: \u003cLogitech\u003e at usbus6\nums0: \u003cLogitech USB-PS/2 Optical Mouse, class 0/0, rev 2.00/27.20, addr 4\u003e on usbus6\nums0: 8 buttons and [XYZT] coordinates ID=0\numass0:1:0:-1: Attached to scbus1\nTrying to mount root from ufs:/dev/ad4s4a\nda0 at umass-sim0 bus 0 scbus1 target 0 lun 0\nda0: \u003cExt Hard Disk \u003e Fixed Direct Access SCSI-4 device \nda0: 40.000MB/s transfers\nda0: 1430799MB (2930277168 512 byte sectors: 255H 63S/T 182401C)\nugen3.2: \u003cBroadcom Corp\u003e at usbus3\nipfw2 (+ipv6) initialized, divert loadable, nat loadable, rule-based forwarding disabled, default to deny, logging disabled\nre0: link state changed to UP\nre0: promiscuous mode enabled\nre0: promiscuous mode disabled\nre0: promiscuous mode enabled\ndrm0: \u003cMobile Intel\\M-B\\M-. GM45 Express Chipset\u003e on vgapci0\ninfo: [drm] MSI enabled 1 message(s)\nvgapci0: child drm0 requested pci_enable_busmaster\ninfo: [drm] AGP at 0xd0000000 256MB\ninfo: [drm] Initialized i915 1.6.0 20080730\ndrm0: [ITHREAD]\n\nHow-To-Repeat: Simply by writing to the HDD or trying to create a directory."
}