{
 "id": 401493,
 "bug_id": 114550,
 "attachment_id": 0,
 "creation_time": "2007-07-13T12:40:01Z",
 "creator": "kindman@amc-os.com",
 "text": "Hello,\n\nI have a problem with Cardbus support : the inserted card is not\ncorrectly recognized during bootup unless a specific PCICONF command\nis done after. Here is the output of the boot process with cardbus debug\nenabled :\n\ncbb0: \u003cENE CB1410 PCI-CardBus Bridge\u003e irq 19 at device 8.0 on pci2\ncbb0: Found memory at f7801000\ncbb0: Secondary bus is 0\ncbb0: Setting primary bus to 2\ncbb0: Secondary bus set to 3 subbus 4\ncardbus0: \u003cCardBus bus\u003e on cbb0\npccard0: \u003c16-bit PCCard bus\u003e on cbb0\ncbb0: [ITHREAD]\nStatus is 0x30000820\ncbb0: card inserted: event=0x00000006, state=30000820\ncbb0: cbb_power: 3V\ncbb0: cbb_power: 0V\n\nI saw on a forum with posts of March 2007 that to active correctly the\ncard, it is required to do something like : \n\n# pciconf -wb pci0:16:0 0x1a 8\n\nand then, after removing and inserting the card again, everything works\ncorrectly :\n\nStatus is 0x30000086\nStatus is 0x30000086\nStatus is 0x30000820\ncbb0: card inserted: event=0x00000006, state=30000820\ncbb0: cbb_power: 3V\ncardbus0: CIS pointer is 0x601\ncardbus0: CIS in BAR 0x10\ncardbus0: Expecting link target, got 0x0\ncardbus0: Warning: Bogus CIS ignored\nral0: \u003cRalink Technology RT2561S\u003e mem 0xf7808000-0xf780ffff irq 19 at device 0.0 on cardbus0\nral0: MAC/BBP RT2661B, RF RT2527\nral0: Ethernet address: 00:0c:f6:1b:1f:1f\nral0: [ITHREAD]\n\nIs there any patch available or planned to be commited in the source?\nI tried using the last CURRENT release and I still get the problem.\nThanks by advance,\n\nAurélien\n\n--\n\nHere is the output of pciconf -l and dmesg :\n\n$ pciconf -l\nhostb0@pci0:0:0:        class=0x060000 card=0x00000000 chip=0x700c1022 rev=0x11 hdr=0x00\npcib1@pci0:1:0: class=0x060400 card=0x00000000 chip=0x700d1022 rev=0x00 hdr=0x01\nisab0@pci0:7:0: class=0x060100 card=0x80441043 chip=0x74401022 rev=0x05 hdr=0x00\natapci0@pci0:7:1:       class=0x01018a card=0x74411022 chip=0x74411022 rev=0x04 hdr=0x00\nnone0@pci0:7:3: class=0x068000 card=0x80441043 chip=0x74431022 rev=0x03 hdr=0x00\nahc0@pci0:8:0:  class=0x010000 card=0xe2a09005 chip=0x00809005 rev=0x02 hdr=0x00\npcib2@pci0:16:0:        class=0x060400 card=0x00000000 chip=0x74481022 rev=0x05 hdr=0x01\nvgapci0@pci1:5:0:       class=0x030000 card=0x00041049 chip=0x78008086 rev=0x21 hdr=0x00\nre0@pci2:6:0:   class=0x020000 card=0x311a1385 chip=0x816910ec rev=0x10 hdr=0x00\ncbb0@pci2:8:0:  class=0x060700 card=0x14101524 chip=0x14101524 rev=0x01 hdr=0x02\nral0@pci3:0:0:  class=0x028000 card=0x9072182d chip=0x03011814 rev=0x00 hdr=0x00\n\n$ dmesg\nCopyright (c) 1992-2007 The FreeBSD Project.\nCopyright (c) 1979, 1980, 1983, 1986, 1988, 1989, 1991, 1992, 1993, 1994\n        The Regents of the University of California. All rights reserved.\nFreeBSD is a registered trademark of The FreeBSD Foundation.\nFreeBSD 7.0-CURRENT #1: Fri Jul  6 10:59:58 UTC 2007\n    kindman@zubrowka.pedards.amc-os.com:/mnt/da0s1a/obj/usr/src/sys/ZUBROWKA\nACPI APIC Table: \u003cASUS   A7M266-D\u003e\nTimecounter \"i8254\" frequency 1193182 Hz quality 0\nCPU: AMD Athlon(TM) MP 2000+ (1666.74-MHz 686-class CPU)\n  Origin = \"AuthenticAMD\"  Id = 0x662  Stepping = 2\n  Features=0x383fbff\u003cFPU,VME,DE,PSE,TSC,MSR,PAE,MCE,CX8,APIC,SEP,MTRR,PGE,MCA,CMOV,PAT,PSE36,MMX,FXSR,SSE\u003e\n  AMD Features=0xc0480800\u003cSYSCALL,MP,MMX+,3DNow!+,3DNow!\u003e\nreal memory  = 805224448 (767 MB)\navail memory = 778293248 (742 MB)\nFreeBSD/SMP: Multiprocessor System Detected: 2 CPUs\n cpu0 (BSP): APIC ID:  0\n cpu1 (AP): APIC ID:  1\nioapic0 \u003cVersion 1.1\u003e irqs 0-23 on motherboard\nkbd1 at kbdmux0\nath_hal: 0.9.20.3 (AR5210, AR5211, AR5212, RF5111, RF5112, RF2413, RF5413)\nacpi0: \u003cASUS A7M266-D\u003e on motherboard\nacpi0: [ITHREAD]\nacpi0: Power Button (fixed)\nacpi0: Sleep Button (fixed)\nacpi0: reservation of 0, a0000 (3) failed\nacpi0: reservation of 100000, 2ff00000 (3) failed\nTimecounter \"ACPI-fast\" frequency 3579545 Hz quality 1000\nacpi_timer0: \u003c24-bit timer at 3.579545MHz\u003e port 0xe408-0xe40b on acpi0\ncpu0: \u003cACPI CPU\u003e on acpi0\ncpu1: \u003cACPI CPU\u003e on acpi0\nacpi_button0: \u003cPower Button\u003e on acpi0\npcib0: \u003cACPI Host-PCI bridge\u003e port 0xcf8-0xcff on acpi0\npci0: \u003cACPI PCI bus\u003e on pcib0\nagp0: \u003cAMD 762 host to AGP bridge\u003e on hostb0\npcib1: \u003cACPI PCI-PCI bridge\u003e at device 1.0 on pci0\npci1: \u003cACPI PCI bus\u003e on pcib1\nvgapci0: \u003cVGA-compatible display\u003e mem 0xfa000000-0xfaffffff,0xf9000000-0xf907ffff irq 16 at device 5.0 on pci1\nisab0: \u003cPCI-ISA bridge\u003e at device 7.0 on pci0\nisa0: \u003cISA bus\u003e on isab0\natapci0: \u003cAMD 768 UDMA100 controller\u003e port 0x1f0-0x1f7,0x3f6,0x170-0x177,0x376,0xd800-0xd80f at device 7.1 on pci0\nata0: \u003cATA channel 0\u003e on atapci0\nata0: [ITHREAD]\nata1: \u003cATA channel 1\u003e on atapci0\nata1: [ITHREAD]\npci0: \u003cbridge\u003e at device 7.3 (no driver attached)\nahc0: \u003cAdaptec 29160 Ultra160 SCSI adapter\u003e port 0xd400-0xd4ff mem 0xf8800000-0xf8800fff irq 20 at device 8.0 on pci0\nahc0: [ITHREAD]\naic7892: Ultra160 Wide Channel A, SCSI Id=7, 32/253 SCBs\npcib2: \u003cACPI PCI-PCI bridge\u003e at device 16.0 on pci0\npci2: \u003cACPI PCI bus\u003e on pcib2\nre0: \u003cRealTek 8169S Single-chip Gigabit Ethernet\u003e port 0xc800-0xc8ff mem 0xf7800000-0xf78000ff irq 17 at device 6.0 on pci2\nmiibus0: \u003cMII bus\u003e on re0\nrgephy0: \u003cRTL8169S/8110S media interface\u003e PHY 1 on miibus0\nrgephy0:  10baseT, 10baseT-FDX, 100baseTX, 100baseTX-FDX, 1000baseT, 1000baseT-FDX, auto\nre0: Ethernet address: 00:18:4d:79:72:65\nre0: [FILTER]\ncbb0: \u003cENE CB1410 PCI-CardBus Bridge\u003e irq 19 at device 8.0 on pci2\ncbb0: Found memory at f7801000\ncbb0: Secondary bus is 0\ncbb0: Setting primary bus to 2\ncbb0: Secondary bus set to 3 subbus 4\ncardbus0: \u003cCardBus bus\u003e on cbb0\npccard0: \u003c16-bit PCCard bus\u003e on cbb0\ncbb0: [ITHREAD]\nppc0: \u003cParallel port\u003e port 0x378-0x37f,0x778-0x77f irq 7 drq 3 on acpi0\nppc0: SMC-like chipset (ECP/EPP/PS2/NIBBLE) in COMPATIBLE mode\nppc0: FIFO with 16/16/9 bytes threshold\nppbus0: \u003cParallel port bus\u003e on ppc0\nplip0: \u003cPLIP network interface\u003e on ppbus0\nlpt0: \u003cPrinter\u003e on ppbus0\nlpt0: Interrupt-driven port\nppi0: \u003cParallel I/O\u003e on ppbus0\nppc0: [GIANT-LOCKED]\nppc0: [ITHREAD]\nsio0: \u003c16550A-compatible COM port\u003e port 0x3f8-0x3ff irq 4 flags 0x10 on acpi0\nsio0: type 16550A\nsio0: [FILTER]\nsio1: \u003c16550A-compatible COM port\u003e port 0x2f8-0x2ff irq 3 on acpi0\nsio1: type 16550A\nsio1: [FILTER]\natkbdc0: \u003cKeyboard controller (i8042)\u003e port 0x60,0x64 irq 1 on acpi0\natkbd0: \u003cAT Keyboard\u003e irq 1 on atkbdc0\nkbd0 at atkbd0\natkbd0: [GIANT-LOCKED]\natkbd0: [ITHREAD]\npmtimer0 on isa0\norm0: \u003cISA Option ROM\u003e at iomem 0xc0000-0xc7fff pnpid ORM0000 on isa0\nsc0: \u003cSystem console\u003e at flags 0x100 on isa0\nsc0: VGA \u003c16 virtual consoles, flags=0x300\u003e\nvga0: \u003cGeneric ISA VGA\u003e at port 0x3c0-0x3df iomem 0xa0000-0xbffff on isa0\nTimecounters tick every 1.000 msec\nipfw2 initialized, divert enabled, rule-based forwarding disabled, default to deny, logging unlimited\nWaiting 5 seconds for SCSI devices to settle\nStatus is 0x30000086\nad0: 9641MB \u003cIBM DTTA-371010 T77OA73A\u003e at ata0-master UDMA33\nad1: 117800MB \u003cIC35L120AVV207 1 V24OA66A\u003e at ata0-slave UDMA100\nda0 at ahc0 bus 0 target 0 lun 0\nda0: \u003cIBM DDYS-T18350N S93D\u003e Fixed Direct Access SCSI-3 device\nda0: 160.000MB/s transfers (80.000MHz DT, offset 63, 16bit)\nda0: Command Queueing Enabled\nda0: 17357MB (35548320 512 byte sectors: 255H 63S/T 2212C)\nda1 at ahc0 bus 0 target 1 lun 0\nda1: \u003cIBM DMVS09V 02B0\u003e Fixed Direct Access SCSI-3 device\nda1: 80.000MB/s transfers (40.000MHz, offset 31, 16bit)\nda1: Command Queueing Enabled\nda1: 8748MB (17916240 512 byte sectors: 255H 63S/T 1115C)\nda3 at ahc0 bus 0 target 4 lun 0\nda3: \u003cIBMAS400 DFHSS4W 03B8\u003e Fixed Direct Access SCSI-3 device\nda3: 40.000MB/s transfers (20.000MHz, offset 15, 16bit)\nda3: Command Queueing Enabled\nda3: 4303MB (8813870 512 byte sectors: 255H 63S/T 548C)\nSMP: AP CPU #1 Launched!\nda2 at ahc0 bus 0 target 2 lun 0\nda2: \u003cIBM DNES-309170W SAH0\u003e Fixed Direct Access SCSI-3 device\nda2: 40.000MB/s transfers (20.000MHz, offset 31, 16bit)\nda2: Command Queueing Enabled\nda2: 8748MB (17916240 512 byte sectors: 255H 63S/T 1115C)\nGEOM_LABEL: Label for provider da1s1 is ntfs/KW-S9A.\nTrying to mount root from ufs:/dev/ad0s1a\nre0: link state changed to UP\nStatus is 0x30000820\ncbb0: card inserted: event=0x00000006, state=30000820\ncbb0: cbb_power: 3V\ncbb0: cbb_power: 0V\n\n--"
}