{
 "id": 1182002,
 "bug_id": 259102,
 "attachment_id": 0,
 "creation_time": "2021-10-12T13:18:06Z",
 "creator": "budijanto@studiokaraoke.co.id",
 "text": "Hallo folks,\n\nLast night, I decide to restart my server but something was happened, I failed to SSH my box. Here, I describe a bit information.\n\n# uname -srmK\nFreeBSD 13.0-RELEASE-p4 amd64 1300139\n\n# df -h\nFilesystem     Size    Used   Avail Capacity  Mounted on\n/dev/ada0p2    222G    3.7G    200G     2%    /\ndevfs          1.0K    1.0K      0B   100%    /dev\n/dev/ada0p1    256M    1.7M    254M     1%    /boot/efi\n\n# dmesg\n---\u003c\u003cBOOT\u003e\u003e---\nCopyright (c) 1992-2021 The FreeBSD Project.\nCopyright (c) 1979, 1980, 1983, 1986, 1988, 1989, 1991, 1992, 1993, 1994\n        The Regents of the University of California. All rights reserved.\nFreeBSD is a registered trademark of The FreeBSD Foundation.\nFreeBSD 13.0-RELEASE-p4 #0: Tue Aug 24 07:33:27 UTC 2021\n\nroot@amd64-builder.daemonology.net:/usr/obj/usr/src/amd64.amd64/sys/GENERIC amd64\nFreeBSD clang version 11.0.1 (git@github.com:llvm/llvm-project.git llvmorg-11.0.1-0-g43ff75f2c3fe)\nVT(efifb): resolution 800x600\nCPU: Intel(R) Xeon(R) CPU E3-1220 v3 @ 3.10GHz (3092.91-MHz K8-class CPU)\n  Origin=\"GenuineIntel\"  Id=0x306c3  Family=0x6  Model=0x3c  Stepping=3\n\nFeatures=0xbfebfbff\u003cFPU,VME,DE,PSE,TSC,MSR,PAE,MCE,CX8,APIC,SEP,MTRR,PGE,MCA,CMOV,PAT,PSE36,CLFLUSH,DTS,ACPI,MMX,FXSR,SSE,SSE2,SS,HTT,TM,PBE\u003e\n\nFeatures2=0x7ffafbff\u003cSSE3,PCLMULQDQ,DTES64,MON,DS_CPL,VMX,SMX,EST,TM2,SSSE3,SDBG,FMA,CX16,xTPR,PDCM,PCID,SSE4.1,SSE4.2,x2APIC,MOVBE,POPCNT,TSCDLT,AESNI,XSAVE,OSXSAVE,AVX,F16C,RDRAND\u003e\n  AMD Features=0x2c100800\u003cSYSCALL,NX,Page1GB,RDTSCP,LM\u003e\n  AMD Features2=0x21\u003cLAHF,ABM\u003e\n  Structured Extended Features=0x27ab\u003cFSGSBASE,TSCADJ,BMI1,AVX2,SMEP,BMI2,ERMS,INVPCID,NFPUSG\u003e\n  XSAVE Features=0x1\u003cXSAVEOPT\u003e\n  VT-x: (disabled in BIOS) PAT,HLT,MTF,PAUSE,EPT,UG,VPID\n  TSC: P-state invariant, performance statistics\nreal memory  = 17179869184 (16384 MB)\navail memory = 16551342080 (15784 MB)\n--- cut ---\n\n# smartctl -i /dev/ada0\nsmartctl 7.2 2020-12-30 r5155 [FreeBSD 13.0-RELEASE-p4 amd64] (local build)\nCopyright (C) 2002-20, Bruce Allen, Christian Franke, www.smartmontools.org\n\n=== START OF INFORMATION SECTION ===\nDevice Model:     Samsung SSD 870 EVO 250GB\nSerial Number:    S6P2NF0R556085D\nLU WWN Device Id: 5 002538 f4158216f\nFirmware Version: SVT01B6Q\nUser Capacity:    250,059,350,016 bytes [250 GB]\nSector Size:      512 bytes logical/physical\nRotation Rate:    Solid State Device\nForm Factor:      2.5 inches\nTRIM Command:     Available, deterministic, zeroed\nDevice is:        Not in smartctl database [for details use: -P showall]\nATA Version is:   ACS-4 T13/BSR INCITS 529 revision 5\nSATA Version is:  SATA 3.3, 6.0 Gb/s (current: 6.0 Gb/s)\nLocal Time is:    Wed Oct  6 10:31:53 2021 WIB\nSMART support is: Available - device has SMART capability.\nSMART support is: Enabled\n\nI try to capture boot failure through photo from remote worker (I attach too for more clear).\n\n--- cut ---\nHit [Enter] to boot immediately, or any other key for command prompt.\nBooting [/boot/kernel/kernel]...\nStart @ 0xffffffff8037c000 ...\nEFI framebuffer information:\naddr, size      0xb2000000, 0x7f0000\ndimensions      800 x 600\nstride          800\nmasks           0x00ff0000, 0x0000ff00, 0x000000ff, 0xff000000\n\nAnyone can give me some clue with this problem? because this situation not always does -- Thank you."
}