{
 "id": 443772,
 "bug_id": 123347,
 "attachment_id": 0,
 "creation_time": "2008-05-02T23:10:03Z",
 "creator": "adam@mhm.lv",
 "text": "This box works as an Internet router and I have two NICs in it, 3com 3C996-SX and 3C996-T, the later is bge1 on which I get this persistent ERROR below, the first one, bge0 is OK!\n\nThe result of this error is blackouts and instability of the Internet connections!\n\nMay  2 14:09:48 GBRT2 kernel: bge1: watchdog timeout -- resetting\nMay  2 14:09:48 GBRT2 kernel: bge1: link state changed to DOWN\nMay  2 14:09:51 GBRT2 kernel: bge1: link state changed to UP\nMay  2 14:38:53 GBRT2 kernel: bge1: watchdog timeout -- resetting\nMay  2 14:38:53 GBRT2 kernel: bge1: link state changed to DOWN\nMay  2 14:38:55 GBRT2 kernel: bge1: link state changed to UP\nMay  2 15:56:56 GBRT2 kernel: bge1: watchdog timeout -- resetting\nMay  2 15:56:56 GBRT2 kernel: bge1: link state changed to DOWN\nMay  2 15:56:58 GBRT2 kernel: bge1: link state changed to UP\nMay  2 17:04:14 GBRT2 kernel: bge1: watchdog timeout -- resetting\nMay  2 17:04:14 GBRT2 kernel: bge1: link state changed to DOWN\nMay  2 17:04:16 GBRT2 kernel: bge1: link state changed to UP\nMay  2 17:14:13 GBRT2 kernel: bge1: watchdog timeout -- resetting\nMay  2 17:14:13 GBRT2 kernel: bge1: link state changed to DOWN\nMay  2 17:14:16 GBRT2 kernel: bge1: link state changed to UP\nMay  2 18:50:36 GBRT2 kernel: bge1: watchdog timeout -- resetting\nMay  2 18:50:36 GBRT2 kernel: bge1: link state changed to DOWN\nMay  2 18:50:38 GBRT2 kernel: bge1: link state changed to UP\nMay  2 19:03:48 GBRT2 kernel: bge1: watchdog timeout -- resetting\nMay  2 19:03:48 GBRT2 kernel: bge1: link state changed to DOWN\nMay  2 19:03:51 GBRT2 kernel: bge1: link state changed to UP\nMay  2 20:13:39 GBRT2 kernel: bge1: watchdog timeout -- resetting\nMay  2 20:13:39 GBRT2 kernel: bge1: link state changed to DOWN\nMay  2 20:13:41 GBRT2 kernel: bge1: link state changed to UP\n\n\nHere is the output of dmesg.boot:\n\nCopyright (c) 1992-2008 The FreeBSD Project.\nCopyright (c) 1979, 1980, 1983, 1986, 1988, 1989, 1991, 1992, 1993, 1994\n        The Regents of the University of California. All rights reserved.\nFreeBSD is a registered trademark of The FreeBSD Foundation.\nFreeBSD 6.3-RELEASE #0: Tue Apr  1 00:29:12 UTC 2008\n    root@GBRT2.mhm.lv:/usr/src/sys/i386/compile/GBRT2\nTimecounter \"i8254\" frequency 1193182 Hz quality 0\nCPU: Intel(R) Core(TM)2 Duo CPU     E6850  @ 3.00GHz (3001.18-MHz 686-class CPU)\n  Origin = \"GenuineIntel\"  Id = 0x6fb  Stepping = 11\n  Features=0xbfebfbff\u003cFPU,VME,DE,PSE,TSC,MSR,PAE,MCE,CX8,APIC,SEP,MTRR,PGE,MCA,CMOV,PAT,PSE36,CLFLUSH,DTS,ACPI,MMX,FXSR,SSE,SSE2,SS$\n  Features2=0xe3fd\u003cSSE3,RSVD2,MON,DS_CPL,VMX,SMX,EST,TM2,SSSE3,CX16,xTPR,PDCM\u003e\n  AMD Features=0x20000000\u003cLM\u003e\n  AMD Features2=0x1\u003cLAHF\u003e\n  Cores per package: 2\nreal memory  = 2146828288 (2047 MB)\navail memory = 2095779840 (1998 MB)\nACPI APIC Table: \u003cA_M_I_ OEMAPIC \u003e\nFreeBSD/SMP: Multiprocessor System Detected: 2 CPUs\n cpu0 (BSP): APIC ID:  0\n cpu1 (AP): APIC ID:  1\nioapic0 \u003cVersion 2.0\u003e irqs 0-23 on motherboard\nioapic1 \u003cVersion 2.0\u003e irqs 24-47 on motherboard\nacpi0: \u003cNEC \u003e on motherboard\nacpi0: Power Button (fixed)\nTimecounter \"ACPI-fast\" frequency 3579545 Hz quality 1000\nacpi_timer0: \u003c24-bit timer at 3.579545MHz\u003e port 0x808-0x80b on acpi0\nacpi_hpet0: \u003cHigh Precision Event Timer\u003e iomem 0xfed00000-0xfed003ff on acpi0\nTimecounter \"HPET\" frequency 14318180 Hz quality 900\ncpu0: \u003cACPI CPU\u003e on acpi0\nacpi_throttle0: \u003cACPI CPU Throttling\u003e on cpu0\ncpu1: \u003cACPI CPU\u003e on acpi0\nacpi_throttle1: \u003cACPI CPU Throttling\u003e on cpu1\nacpi_throttle1: failed to attach P_CNT\ndevice_attach: acpi_throttle1 attach returned 6\npcib0: \u003cACPI Host-PCI bridge\u003e port 0xcf8-0xcff on acpi0\npci0: \u003cACPI PCI bus\u003e on pcib0\npcib1: \u003cACPI PCI-PCI bridge\u003e irq 16 at device 1.0 on pci0\npci6: \u003cACPI PCI bus\u003e on pcib1\npcib2: \u003cACPI PCI-PCI bridge\u003e irq 16 at device 28.0 on pci0\npci4: \u003cACPI PCI bus\u003e on pcib2\npcib3: \u003cACPI PCI-PCI bridge\u003e at device 0.0 on pci4\npci5: \u003cACPI PCI bus\u003e on pcib3\nbge0: \u003cBroadcom BCM5701 B5, ASIC rev. 0x105\u003e mem 0xfeaf0000-0xfeafffff irq 24 at device 1.0 on pci5\nbge0: Ethernet address: 00:0a:5e:62:38:1a\nbge1: \u003cBroadcom BCM5700 B2, ASIC rev. 0x7102\u003e mem 0xfeae0000-0xfeaeffff irq 28 at device 2.0 on pci5\nmiibus0: \u003cMII bus\u003e on bge1\nbrgphy0: \u003cBCM5401 10/100/1000baseTX PHY\u003e on miibus0\nbrgphy0:  10baseT, 10baseT-FDX, 100baseTX, 100baseTX-FDX, 1000baseT, 1000baseT-FDX, auto\nbge1: Ethernet address: 00:04:76:2f:c1:25\npcib4: \u003cACPI PCI-PCI bridge\u003e irq 16 at device 28.4 on pci0\npci3: \u003cACPI PCI bus\u003e on pcib4\nmskc0: \u003cMarvell Yukon 88E8052 Gigabit Ethernet\u003e port 0xd800-0xd8ff mem 0xfe9fc000-0xfe9fffff irq 16 at device 0.0 on pci3\nmsk0: \u003cMarvell Technology Group Ltd. Yukon EC Id 0xb6 Rev 0x02\u003e on mskc0\nmsk0: Ethernet address: 00:1d:60:05:00:7e\nmiibus1: \u003cMII bus\u003e on msk0\ne1000phy0: \u003cMarvell 88E1111 Gigabit PHY\u003e on miibus1\ne1000phy0:  10baseT, 10baseT-FDX, 100baseTX, 100baseTX-FDX, 1000baseTX-FDX, auto\nmskc0: [FAST]\npcib5: \u003cACPI PCI-PCI bridge\u003e irq 17 at device 28.5 on pci0\npci2: \u003cACPI PCI bus\u003e on pcib5\natapci0: \u003cMarvell 88SX6145 UDMA133 controller\u003e port 0xcc00-0xcc07,0xc880-0xc883,0xc800-0xc807,0xc480-0xc483,0xc400-0xc40f mem 0xfe8$\nata2: \u003cATA channel 0\u003e on atapci0\nata3: \u003cATA channel 1\u003e on atapci0\npcib6: \u003cACPI PCI-PCI bridge\u003e at device 30.0 on pci0\npci1: \u003cACPI PCI bus\u003e on pcib6\npci1: \u003cdisplay, VGA\u003e at device 1.0 (no driver attached)\nskc0: \u003cMarvell Gigabit Ethernet\u003e port 0xb800-0xb8ff mem 0xfe7f8000-0xfe7fbfff irq 21 at device 5.0 on pci1\nskc0: Marvell Yukon Lite Gigabit Ethernet rev. (0x9)\nsk0: \u003cMarvell Semiconductor, Inc. Yukon\u003e on skc0\nsk0: Ethernet address: 00:1d:60:05:02:43\nmiibus2: \u003cMII bus\u003e on sk0\ne1000phy1: \u003cMarvell 88E1011 Gigabit PHY\u003e on miibus2\ne1000phy1:  10baseT, 10baseT-FDX, 100baseTX, 100baseTX-FDX, 1000baseTX-FDX, auto\nisab0: \u003cPCI-ISA bridge\u003e at device 31.0 on pci0\nisa0: \u003cISA bus\u003e on isab0\natapci1: \u003cIntel ICH7 UDMA100 controller\u003e port 0x1f0-0x1f7,0x3f6,0x170-0x177,0x376,0xffa0-0xffaf at device 31.1 on pci0\nata0: \u003cATA channel 0\u003e on atapci1\nata1: \u003cATA channel 1\u003e on atapci1\natapci2: \u003cIntel ICH7 SATA300 controller\u003e port 0xec00-0xec07,0xe880-0xe883,0xe800-0xe807,0xe480-0xe483,0xe400-0xe40f mem 0xfebffc00-$\nata4: \u003cATA channel 0\u003e on atapci2\nata5: \u003cATA channel 1\u003e on atapci2\npci0: \u003cserial bus, SMBus\u003e at device 31.3 (no driver attached)\nacpi_button0: \u003cPower Button\u003e on acpi0\norm0: \u003cISA Option ROM\u003e at iomem 0xc0000-0xc7fff on isa0\nsc0: \u003cSystem console\u003e at flags 0x100 on isa0\nsc0: VGA \u003c16 virtual consoles, flags=0x300\u003e\nvga0: \u003cGeneric ISA VGA\u003e at port 0x3c0-0x3df iomem 0xa0000-0xbffff on isa0\natkbdc0: \u003cKeyboard controller (i8042)\u003e at port 0x60,0x64 on isa0\natkbd0: \u003cAT Keyboard\u003e irq 1 on atkbdc0\nkbd0 at atkbd0\natkbd0: [GIANT-LOCKED]\nTimecounters tick every 1.000 msec\nipfw2 (+ipv6) initialized, divert enabled, rule-based forwarding enabled, default to accept, logging limited to 10 packets/entry by$\nad0: 76319MB \u003cWDC WD800JB-22JJC0 05.01C05\u003e at ata0-master UDMA100\nSMP: AP CPU #1 Launched!\nTrying to mount root from ufs:/dev/ad0s1a\n\nFix: \n\nNot yet, and the same problem is being reported with Intel em driver on the 6-STABLE branch\nHow-To-Repeat: Just install two 3Com PCI NICs 3C996 on the 64-bit PCI-E slots on a router box with the similar hard and software environment. \nMotherboard: Asus P5WDG2 WS Professional 975X P4EE/Pentium D/P4/Celeron 1066FSB LGA775 DDR2 ATX \n\nCPU: INTEL Core 2 Duo BX80557E6850 E6850 3GHz FSB1333MHz 4M LGA775"
}