{
 "id": 422557,
 "bug_id": 118973,
 "attachment_id": 0,
 "creation_time": "2007-12-23T17:20:01Z",
 "creator": "mggabro@gmail.com",
 "text": "Kernel panic if I booting the GENERIC kernel with ACPI.\n\nHere is a picture:\nhttp://195.228.66.5/pic/panic.jpg (Sorry, not good quality, create with mobile phone)\n\nand my Dmesg with no-ACPI kernel:\n\nCopyright (c) 1992-2007 The FreeBSD Project.\nCopyright (c) 1979, 1980, 1983, 1986, 1988, 1989, 1991, 1992, 1993, 1994\n\tThe Regents of the University of California. All rights reserved.\nFreeBSD is a registered trademark of The FreeBSD Foundation.\nFreeBSD 7.0-BETA4 #0: Sun Dec  2 19:19:04 UTC 2007\n    root@logan.cse.buffalo.edu:/usr/obj/usr/src/sys/GENERIC\nTimecounter \"i8254\" frequency 1193182 Hz quality 0\nCPU: AMD Athlon(tm) 64 X2 Dual Core Processor 5600+ (2814.44-MHz 686-class CPU)\n  Origin = \"AuthenticAMD\"  Id = 0x40f33  Stepping = 3\n  Features=0x178bfbff\u003cFPU,VME,DE,PSE,TSC,MSR,PAE,MCE,CX8,APIC,SEP,MTRR,PGE,MCA,CMOV,PAT,PSE36,CLFLUSH,MMX,FXSR,SSE,SSE2,HTT\u003e\n  Features2=0x2001\u003cSSE3,CX16\u003e\n  AMD Features=0xea500800\u003cSYSCALL,NX,MMX+,FFXSR,RDTSCP,LM,3DNow!+,3DNow!\u003e\n  AMD Features2=0x1f\u003cLAHF,CMP,SVM,ExtAPIC,CR8\u003e\n  Cores per package: 2\nreal memory  = 2147418112 (2047 MB)\navail memory = 2091892736 (1994 MB)\nMPTable: \u003cOEM00000 PROD00000000\u003e\nFreeBSD/SMP: Multiprocessor System Detected: 2 CPUs\n cpu0 (BSP): APIC ID:  0\n cpu1 (AP): APIC ID:  1\nioapic0: Changing APIC ID to 2\nioapic0: Assuming intbase of 0\nioapic0 \u003cVersion 1.1\u003e irqs 0-23 on motherboard\nkbd1 at kbdmux0\nath_hal: 0.9.20.3 (AR5210, AR5211, AR5212, RF5111, RF5112, RF2413, RF5413)\ncpu0 on motherboard\npowernow0: \u003cPowerNow! K8\u003e on cpu0\ncpu1 on motherboard\npowernow1: \u003cPowerNow! K8\u003e on cpu1\npcib0: \u003cMPTable Host-PCI bridge\u003e pcibus 0 on motherboard\npci0: \u003cPCI bus\u003e on pcib0\npci0: \u003cmemory, RAM\u003e at device 0.0 (no driver attached)\nisab0: \u003cPCI-ISA bridge\u003e at device 1.0 on pci0\nisa0: \u003cISA bus\u003e on isab0\npci0: \u003cserial bus, SMBus\u003e at device 1.1 (no driver attached)\npci0: \u003cmemory, RAM\u003e at device 1.2 (no driver attached)\nohci0: \u003cOHCI (generic) USB controller\u003e mem 0xfd002000-0xfd002fff irq 10 at device 2.0 on pci0\nohci0: [GIANT-LOCKED]\nohci0: [ITHREAD]\nusb0: OHCI version 1.0, legacy support\nusb0: \u003cOHCI (generic) USB controller\u003e on ohci0\nusb0: USB revision 1.0\nuhub0: \u003cnVidia OHCI root hub, class 9/0, rev 1.00/1.00, addr 1\u003e on usb0\nuhub0: 10 ports with 10 removable, self powered\nehci0: \u003cEHCI (generic) USB 2.0 controller\u003e mem 0xfd003000-0xfd0030ff irq 11 at device 2.1 on pci0\nehci0: [GIANT-LOCKED]\nehci0: [ITHREAD]\nusb1: EHCI version 1.0\nusb1: companion controller, 10 ports each: usb0\nusb1: \u003cEHCI (generic) USB 2.0 controller\u003e on ehci0\nusb1: USB revision 2.0\nuhub1: \u003cnVidia EHCI root hub, class 9/0, rev 2.00/1.00, addr 1\u003e on usb1\nuhub1: 10 ports with 10 removable, self powered\natapci0: \u003cnVidia nForce MCP55 UDMA133 controller\u003e port 0x1f0-0x1f7,0x3f6,0x170-0x177,0x376,0xf000-0xf00f at device 4.0 on pci0\nata0: \u003cATA channel 0\u003e on atapci0\nata0: [ITHREAD]\nata1: \u003cATA channel 1\u003e on atapci0\nata1: [ITHREAD]\natapci1: \u003cnVidia nForce MCP55 SATA300 controller\u003e port 0xa000-0xa007,0xa400-0xa403,0xa800-0xa807,0xac00-0xac03,0xb000-0xb00f mem 0xfd004000-0xfd004fff irq 15 at device 5.0 on pci0\natapci1: [ITHREAD]\nata2: \u003cATA channel 0\u003e on atapci1\nata2: [ITHREAD]\nata3: \u003cATA channel 1\u003e on atapci1\nata3: [ITHREAD]\natapci2: \u003cnVidia nForce MCP55 SATA300 controller\u003e port 0xb400-0xb407,0xb800-0xb803,0xbc00-0xbc07,0xc000-0xc003,0xc400-0xc40f mem 0xfd000000-0xfd000fff irq 10 at device 5.1 on pci0\natapci2: [ITHREAD]\nata4: \u003cATA channel 0\u003e on atapci2\nata4: [ITHREAD]\nata5: \u003cATA channel 1\u003e on atapci2\nata5: [ITHREAD]\natapci3: \u003cnVidia nForce MCP55 SATA300 controller\u003e port 0xc800-0xc807,0xcc00-0xcc03,0xd000-0xd007,0xd400-0xd403,0xd800-0xd80f mem 0xfd001000-0xfd001fff irq 11 at device 5.2 on pci0\natapci3: [ITHREAD]\nata6: \u003cATA channel 0\u003e on atapci3\nata6: [ITHREAD]\nata7: \u003cATA channel 1\u003e on atapci3\nata7: [ITHREAD]\npcib1: \u003cMPTable PCI-PCI bridge\u003e at device 6.0 on pci0\npci1: \u003cPCI bus\u003e on pcib1\npci1: \u003cmultimedia, audio\u003e at device 7.0 (no driver attached)\npci1: \u003cinput device\u003e at device 7.1 (no driver attached)\nfwohci0: \u003c1394 Open Host Controller Interface\u003e mem 0xfc005000-0xfc0057ff,0xfc000000-0xfc003fff irq 5 at device 7.2 on pci1\nfwohci0: [FILTER]\nfwohci0: OHCI version 1.10 (ROM=0)\nfwohci0: No. of Isochronous channels is 4.\nfwohci0: EUI64 00:02:3c:00:91:04:90:c3\nfwohci0: Phy 1394a available S400, 2 ports.\nfwohci0: Link S400, max_rec 2048 bytes.\nfirewire0: \u003cIEEE1394(FireWire) bus\u003e on fwohci0\ndcons_crom0: \u003cdcons configuration ROM\u003e on firewire0\ndcons_crom0: bus_addr 0x138c000\nfwe0: \u003cEthernet over FireWire\u003e on firewire0\nif_fwe0: Fake Ethernet address: 02:02:3c:04:90:c3\nfwe0: Ethernet address: 02:02:3c:04:90:c3\nfwip0: \u003cIP over FireWire\u003e on firewire0\nfwip0: Firewire address: 00:02:3c:00:91:04:90:c3 @ 0xfffe00000000, S400, maxrec 2048\nsbp0: \u003cSBP-2/SCSI over FireWire\u003e on firewire0\nfwohci0: Initiate bus reset\nfwohci0: BUS reset\nfwohci0: node_id=0xc800ffc0, gen=1, CYCLEMASTER mode\nxl0: \u003c3Com 3c905C-TX Fast Etherlink XL\u003e port 0x8800-0x887f mem 0xfc004000-0xfc00407f irq 5 at device 8.0 on pci1\nmiibus0: \u003cMII bus\u003e on xl0\nukphy0: \u003cGeneric IEEE 802.3u media interface\u003e PHY 24 on miibus0\nukphy0:  10baseT, 10baseT-FDX, 100baseTX, 100baseTX-FDX, auto\nxl0: Ethernet address: 00:0a:5e:64:db:9e\nxl0: [ITHREAD]\npcib2: \u003cMPTable PCI-PCI bridge\u003e at device 15.0 on pci0\npci2: \u003cPCI bus\u003e on pcib2\nvgapci0: \u003cVGA-compatible display\u003e port 0x9000-0x907f mem 0xf8000000-0xf8ffffff,0xe0000000-0xefffffff,0xf9000000-0xf9ffffff irq 7 at device 0.0 on pci2\npmtimer0 on isa0\norm0: \u003cISA Option ROM\u003e at iomem 0xd0000-0xd07ff pnpid ORM0000 on isa0\natkbdc0: \u003cKeyboard controller (i8042)\u003e at port 0x60,0x64 on isa0\natkbd0: \u003cAT Keyboard\u003e irq 1 on atkbdc0\nkbd0 at atkbd0\natkbd0: [GIANT-LOCKED]\natkbd0: [ITHREAD]\npsm0: \u003cPS/2 Mouse\u003e irq 12 on atkbdc0\npsm0: [GIANT-LOCKED]\npsm0: [ITHREAD]\npsm0: model IntelliMouse, device ID 3\nppc0: parallel port not found.\nsc0: \u003cSystem console\u003e at flags 0x100 on isa0\nsc0: VGA \u003c16 virtual consoles, flags=0x300\u003e\nsio0: configured irq 4 not in bitmap of probed irqs 0\nsio0: port may not be enabled\nsio0: configured irq 4 not in bitmap of probed irqs 0\nsio0: port may not be enabled\nsio0 at port 0x3f8-0x3ff irq 4 flags 0x10 on isa0\nsio0: type 8250 or not responding\nsio0: [FILTER]\nsio1: configured irq 3 not in bitmap of probed irqs 0\nsio1: port may not be enabled\nvga0: \u003cGeneric ISA VGA\u003e at port 0x3c0-0x3df iomem 0xa0000-0xbffff on isa0\nunknown: \u003cPNP0303\u003e can't assign resources (port)\nunknown: \u003cPNP0c01\u003e can't assign resources (memory)\nunknown: \u003cPNP0f13\u003e can't assign resources (irq)\nTimecounters tick every 1.000 msec\nfirewire0: 1 nodes, maxhop \u003c= 0, cable IRM = 0 (me)\nfirewire0: bus manager 0 (me)\nacd0: DVDR \u003cPIONEER DVD-RW DVR-111D/1.23\u003e at ata0-master UDMA66\nad1: 76318MB \u003cSAMSUNG SP0842N BH100-50\u003e at ata0-slave UDMA100\nSMP: AP CPU #1 Launched!\nTrying to mount root from ufs:/dev/ad1s1a \n\nSorry for my english, but I hope, you understand me.\n\nHow-To-Repeat: Boot with ACPI GENERIC kernel."
}