{
 "id": 531300,
 "bug_id": 141212,
 "attachment_id": 0,
 "creation_time": "2009-12-06T10:00:14Z",
 "creator": "ohartmann@walstatt.org",
 "text": "Having attached a high-end keyboard USB-attached 'DAS keyboard' to my private FreeBSD box. Since then, the kernel drops error messages:\n\nukbd_set_leds_callback:700: error=USB_ERR_STALLED\n\nI'm able to disable these messages via\nsysctl hw.usb.ukbd.no_leds=0\n\nbut then I can't see anymore wheter CAPSLOCK or NUMLOCK are enabled or not.\n\nAppended is the dmesg output. I realised that the USB controller seems to be unrecognised (MoBo is an oldish ASUS A8N32-SLI, based on nVidia CK804/X16 nForce4X16).\n\n------------\n------------\nCopyright (c) 1992-2009 The FreeBSD Project.\nCopyright (c) 1979, 1980, 1983, 1986, 1988, 1989, 1991, 1992, 1993, 1994\n        The Regents of the University of California. All rights reserved.\nFreeBSD is a registered trademark of The FreeBSD Foundation.\nFreeBSD 8.0-STABLE #39 r200128: Sat Dec  5 17:20:27 UTC 2009\n    root@foo.fighter.org:/usr/obj/usr/src/sys/FOO amd64\nTimecounter \"i8254\" frequency 1193182 Hz quality 0\nCPU: AMD Athlon(tm) 64 Processor 3500+ (2310.01-MHz K8-class CPU)\n  Origin = \"AuthenticAMD\"  Id = 0x10ff0  Stepping = 0\n  Features=0x78bfbff\u003cFPU,VME,DE,PSE,TSC,MSR,PAE,MCE,CX8,APIC,SEP,MTRR,PGE,MCA,CMOV,PAT,PSE36,CLFLUSH,MMX,FXSR,SSE,SSE2\u003e\n  AMD Features=0xe2500800\u003cSYSCALL,NX,MMX+,FFXSR,LM,3DNow!+,3DNow!\u003e\n  AMD Features2=0x1\u003cLAHF\u003e\nreal memory  = 2147483648 (2048 MB)\navail memory = 2060111872 (1964 MB)\nACPI APIC Table: \u003cA_M_I_ OEMAPIC \u003e\nioapic0 \u003cVersion 1.1\u003e irqs 0-23 on motherboard\nkbd1 at kbdmux0\ncryptosoft0: \u003csoftware crypto\u003e on motherboard\nacpi0: \u003cA_M_I_ OEMXSDT\u003e on motherboard\nacpi0: [ITHREAD]\nacpi0: Power Button (fixed)\nacpi0: reservation of 0, a0000 (3) failed\nacpi0: reservation of 100000, 7ff00000 (3) failed\nTimecounter \"ACPI-safe\" frequency 3579545 Hz quality 850\nacpi_timer0: \u003c24-bit timer at 3.579545MHz\u003e port 0x508-0x50b on acpi0\npcib0: \u003cACPI Host-PCI bridge\u003e port 0xcf8-0xcff on acpi0\npci0: \u003cACPI PCI bus\u003e on pcib0\npci0: \u003cmemory, RAM\u003e at device 0.0 (no driver attached)\npci0: \u003cmemory, RAM\u003e at device 0.1 (no driver attached)\npci0: \u003cmemory, RAM\u003e at device 0.2 (no driver attached)\npci0: \u003cmemory, RAM\u003e at device 0.3 (no driver attached)\npci0: \u003cmemory, RAM\u003e at device 0.4 (no driver attached)\npci0: \u003cmemory, RAM\u003e at device 0.5 (no driver attached)\npci0: \u003cmemory, RAM\u003e at device 0.6 (no driver attached)\npci0: \u003cmemory, RAM\u003e at device 0.7 (no driver attached)\npcib1: \u003cACPI PCI-PCI bridge\u003e at device 2.0 on pci0\npci1: \u003cACPI PCI bus\u003e on pcib1\natapci0: \u003cSiI 3132 SATA300 controller\u003e port 0xbc00-0xbc7f mem 0xdfcffc00-0xdfcffc7f,0xdfcf8000-0xdfcfbfff irq 16 at device 0.0 on pci1\natapci0: [ITHREAD]\nata2: \u003cATA channel 0\u003e on atapci0\nata2: [ITHREAD]\nata3: \u003cATA channel 1\u003e on atapci0\nata3: [ITHREAD]\npcib2: \u003cACPI PCI-PCI bridge\u003e at device 3.0 on pci0\npci2: \u003cACPI PCI bus\u003e on pcib2\nmskc0: \u003cMarvell Yukon 88E8053 Gigabit Ethernet\u003e port 0xc800-0xc8ff mem 0xdfdfc000-0xdfdfffff irq 17 at device 0.0 on pci2\nmsk0: \u003cMarvell Technology Group Ltd. Yukon EC Id 0xb6 Rev 0x02\u003e on mskc0\nmsk0: Ethernet address: 00:15:f2:a2:79:aa\nmiibus0: \u003cMII bus\u003e on msk0\ne1000phy0: \u003cMarvell 88E1111 Gigabit PHY\u003e PHY 0 on miibus0\ne1000phy0:  10baseT, 10baseT-FDX, 100baseTX, 100baseTX-FDX, 1000baseT, 1000baseT-FDX, auto\nmskc0: [FILTER]\npcib3: \u003cACPI PCI-PCI bridge\u003e at device 4.0 on pci0\npci3: \u003cACPI PCI bus\u003e on pcib3\nvgapci0: \u003cVGA-compatible display\u003e port 0xd000-0xd0ff mem 0xc0000000-0xcfffffff,0xdfee0000-0xdfeeffff irq 17 at device 0.0 on pci3\ndrm0: \u003cATI Radeon 4800 Series\u003e on vgapci0\ninfo: [drm] MSI enabled 1 message(s)\nvgapci0: child drm0 requested pci_enable_busmaster\ninfo: [drm] Initialized radeon 1.31.0 20080613\nhdac0: \u003cATI RV770 High Definition Audio Controller\u003e mem 0xdfefc000-0xdfefffff irq 16 at device 0.1 on pci3\nhdac0: HDA Driver Revision: 20091113_0138\nhdac0: [ITHREAD]\npci0: \u003cmemory\u003e at device 9.0 (no driver attached)\nisab0: \u003cPCI-ISA bridge\u003e at device 10.0 on pci0\nisa0: \u003cISA bus\u003e on isab0\nnfsmb0: \u003cnForce2/3/4 MCP SMBus Controller\u003e port 0xac00-0xac1f,0x600-0x63f,0x700-0x73f irq 20 at device 10.1 on pci0\nsmbus0: \u003cSystem Management Bus\u003e on nfsmb0\nsmb0: \u003cSMBus generic I/O\u003e on smbus0\nnfsmb1: \u003cnForce2/3/4 MCP SMBus Controller\u003e on nfsmb0\nsmbus1: \u003cSystem Management Bus\u003e on nfsmb1\nsmb1: \u003cSMBus generic I/O\u003e on smbus1\nohci0: \u003cOHCI (generic) USB controller\u003e mem 0xdfbfe000-0xdfbfefff irq 21 at device 11.0 on pci0\nohci0: [ITHREAD]\nusbus0: \u003cOHCI (generic) USB controller\u003e on ohci0\nehci0: \u003cNVIDIA nForce4 USB 2.0 controller\u003e mem 0xdfbffc00-0xdfbffcff irq 22 at device 11.1 on pci0\nehci0: [ITHREAD]\nusbus1: EHCI version 1.0\nusbus1: \u003cNVIDIA nForce4 USB 2.0 controller\u003e on ehci0\natapci1: \u003cnVidia nForce CK804 UDMA133 controller\u003e port 0x1f0-0x1f7,0x3f6,0x170-0x177,0x376,0xffa0-0xffaf at device 15.0 on pci0\nata0: \u003cATA channel 0\u003e on atapci1\nata0: [ITHREAD]\nata1: \u003cATA channel 1\u003e on atapci1\nata1: [ITHREAD]\natapci2: \u003cnVidia nForce CK804 SATA300 controller\u003e port 0xa480-0xa487,0xa400-0xa403,0xa080-0xa087,0xa000-0xa003,0x9c00-0x9c0f mem 0xdfbfd000-0xdfbfdfff irq 23 at device 16.0 on pci0\natapci2: [ITHREAD]\nata4: \u003cATA channel 0\u003e on atapci2\nata4: [ITHREAD]\nata5: \u003cATA channel 1\u003e on atapci2\nata5: [ITHREAD]\natapci3: \u003cnVidia nForce CK804 SATA300 controller\u003e port 0x9880-0x9887,0x9800-0x9803,0x9480-0x9487,0x9400-0x9403,0x9080-0x908f mem 0xdfbfc000-0xdfbfcfff irq 20 at device 17.0 on pci0\natapci3: [ITHREAD]\nata6: \u003cATA channel 0\u003e on atapci3\nata6: [ITHREAD]\nata7: \u003cATA channel 1\u003e on atapci3\nata7: [ITHREAD]\npcib4: \u003cACPI PCI-PCI bridge\u003e at device 18.0 on pci0\npci4: \u003cACPI PCI bus\u003e on pcib4\nrl0: \u003cRealTek 8139 10/100BaseTX\u003e port 0xe800-0xe8ff mem 0xdffffc00-0xdffffcff irq 16 at device 7.0 on pci4\nmiibus1: \u003cMII bus\u003e on rl0\nrlphy0: \u003cRealTek internal media interface\u003e PHY 0 on miibus1\nrlphy0:  10baseT, 10baseT-FDX, 100baseTX, 100baseTX-FDX, auto\nrl0: Ethernet address: 00:e0:7d:78:b4:ec\nrl0: [ITHREAD]\npcm0: \u003cEnvy24GT audio (M-Audio Revolution 5.1)\u003e port 0xec00-0xec1f,0xe480-0xe4ff irq 18 at device 8.0 on pci4\npcm0: [GIANT-LOCKED]\npcm0: [ITHREAD]\npcm0: system configuration\n  SubVendorID: 0x1412, SubDeviceID: 0x3631\n  XIN2 Clock Source: 49.152MHz(192kHz*256)\n  MPU-401 UART(s) #: not implemented\n  ADC #: 1\n  DAC #: 3\n  Multi-track converter type: I2S(with volume, 192KHz support, 24bit resolution, ID#0x0)\n  S/PDIF(IN/OUT): 0/1 ID# 0x00\n  GPIO(mask/dir/state): 0x3fff05/0x4000fa/0x4000f0\nfwohci0: \u003cTexas Instruments TSB43AB22/A\u003e mem 0xdffff000-0xdffff7ff,0xdfff8000-0xdfffbfff irq 17 at device 11.0 on pci4\nfwohci0: [ITHREAD]\nfwohci0: OHCI version 1.10 (ROM=1)\nfwohci0: No. of Isochronous channels is 4.\nfwohci0: EUI64 00:11:d8:00:00:8c:1f:22\nfwohci0: Phy 1394a available S400, 2 ports.\nfwohci0: Link S400, max_rec 2048 bytes.\nfirewire0: \u003cIEEE1394(FireWire) bus\u003e on fwohci0\ndcons_crom0: \u003cdcons configuration ROM\u003e on firewire0\ndcons_crom0: bus_addr 0x1244000\nsbp0: \u003cSBP-2/SCSI over FireWire\u003e on firewire0\nfwohci0: Initiate bus reset\nfwohci0: fwohci_intr_core: BUS reset\nfwohci0: fwohci_intr_core: node_id=0x00000000, SelfID Count=1, CYCLEMASTER mode\nnfe0: \u003cNVIDIA nForce4 CK804 MCP9 Networking Adapter\u003e port 0x9000-0x9007 mem 0xdfbfb000-0xdfbfbfff irq 21 at device 19.0 on pci0\nmiibus2: \u003cMII bus\u003e on nfe0\ne1000phy1: \u003cMarvell 88E1111 Gigabit PHY\u003e PHY 1 on miibus2\ne1000phy1:  10baseT, 10baseT-FDX, 100baseTX, 100baseTX-FDX, 1000baseT, 1000baseT-FDX, auto\nnfe0: Ethernet address: 00:15:f2:a2:85:ba\nnfe0: [FILTER]\npcib5: \u003cACPI PCI-PCI bridge\u003e at device 22.0 on pci0\npci5: \u003cACPI PCI bus\u003e on pcib5\npcib6: \u003cACPI PCI-PCI bridge\u003e at device 23.0 on pci0\npci6: \u003cACPI PCI bus\u003e on pcib6\namdtemp0: \u003cAMD K8 Thermal Sensors\u003e on hostb3\nacpi_button0: \u003cPower Button\u003e on acpi0\natrtc0: \u003cAT realtime clock\u003e port 0x70-0x71 irq 8 on acpi0\nACPI Warning: \\\\_SB_.PCI0.SBRG.FDC_._FDE: Return type mismatch - found Package, expected Buffer 20090521 nspredef-1051\nfdc0: \u003cfloppy drive controller (FDE)\u003e port 0x3f0-0x3f5,0x3f7 irq 6 drq 2 on acpi0\nfdc0: [FILTER]\ncpu0: \u003cACPI CPU\u003e on acpi0\nacpi_throttle0: \u003cACPI CPU Throttling\u003e on cpu0\nsc0: \u003cSystem console\u003e at flags 0x100 on isa0\nsc0: VGA \u003c8 virtual consoles, flags=0x300\u003e\nvga0: \u003cGeneric ISA VGA\u003e at port 0x3c0-0x3df iomem 0xa0000-0xbffff on isa0\nfb0 at vga0\natkbdc0: \u003cKeyboard controller (i8042)\u003e at port 0x60,0x64 on isa0\natkbd0: \u003cAT Keyboard\u003e irq 1 on atkbdc0\nkbd0 at atkbd0\natkbd0: [GIANT-LOCKED]\natkbd0: [ITHREAD]\nTimecounter \"TSC\" frequency 2310007981 Hz quality 800\nTimecounters tick every 1.333 msec\nIPsec: Initialized Security Association Processing.\nfirewire0: 1 nodes, maxhop \u003c= 0 cable IRM irm(0)  (me) \nfirewire0: bus manager 0 \nusbus0: 12Mbps Full Speed USB v1.0\nusbus1: 480Mbps High Speed USB v2.0\nugen0.1: \u003cnVidia\u003e at usbus0\nuhub0: \u003cnVidia OHCI root HUB, class 9/0, rev 1.00/1.00, addr 1\u003e on usbus0\nugen1.1: \u003cnVidia\u003e at usbus1\nuhub1: \u003cnVidia EHCI root HUB, class 9/0, rev 2.00/1.00, addr 1\u003e on usbus1\nuhub0: 10 ports with 10 removable, self powered\nacd0: DVDR \u003cHL-DT-ST DVDRAM GH22LS50/TL01\u003e at ata3-master SATA150\nad8: 476940MB \u003cWDC WD5001AALS-00L3B2 01.03B01\u003e at ata4-master SATA300\nad10: 953869MB \u003cWDC WD1001FALS-00J7B0 05.00K05\u003e at ata5-master SATA300\nad12: 953869MB \u003cWDC WD1001FALS-00J7B1 05.00K05\u003e at ata6-master SATA300\nad14: 152627MB \u003cSAMSUNG HD160JJ ZM100-47\u003e at ata7-master SATA300\nhdac0: HDA Codec #0: ATI R6xx HDMI\npcm1: \u003cHDA ATI R6xx HDMI PCM #0 HDMI\u003e at cad 0 nid 1 on hdac0\nGEOM: ad14: partition 1 does not end on a track boundary.\nacd0: FAILURE - INQUIRY ILLEGAL REQUEST asc=0x24 ascq=0x00 sks=0x40 0x00 0x01\n(probe0:ata0:0:0:0): TEST UNIT READY. CDB: 0 0 0 0 0 0 \n(probe0:ata0:0:0:0): CAM Status: SCSI Status Error\n(probe0:ata0:0:0:0): SCSI Status: Check Condition\n(probe0:ata0:0:0:0): NOT READY asc:3a,1\n(probe0:ata0:0:0:0): Medium not present - tray closed\n(probe0:ata0:0:0:0): Unretryable error\nacd0: FAILURE - INQUIRY ILLEGAL REQUEST asc=0x24 ascq=0x00 sks=0x40 0x00 0x01\ncd0 at ata0 bus 0 scbus1 target 0 lun 0\ncd0: \u003cHL-DT-ST DVDRAM GH22LS50 TL01\u003e Removable CD-ROM SCSI-0 device \ncd0: 150.000MB/s transfers\ncd0: Attempt to query device size failed: NOT READY, Medium not present - tray closed\nRoot mount waiting for: usbus1\nuhub1: 10 ports with 10 removable, self powered\nRoot mount waiting for: usbus1\nRoot mount waiting for: usbus1\nugen0.2: \u003cLogitech\u003e at usbus0\nums0: \u003cLogitech G9x Laser Mouse, class 0/0, rev 2.00/58.00, addr 2\u003e on usbus0\nums0: 16 buttons and [XYZ] coordinates ID=0\nukbd0: \u003cLogitech G9x Laser Mouse, class 0/0, rev 2.00/58.00, addr 2\u003e on usbus0\nkbd2 at ukbd0\nukbd_set_leds_callback:700: error=USB_ERR_STALLED\nugen1.2: \u003cvendor 0x05e3\u003e at usbus1\nuhub2: \u003cvendor 0x05e3 USB2.0 Hub, class 9/0, rev 2.00/7.02, addr 2\u003e on usbus1\nuhub2: 4 ports with 4 removable, self powered\nRoot mount waiting for: usbus1\nugen1.3: \u003cvendor 0x04d9\u003e at usbus1\nukbd1: \u003cvendor 0x04d9 product 0x2013, class 0/0, rev 1.10/1.03, addr 3\u003e on usbus1\nkbd3 at ukbd1\nums1: \u003cvendor 0x04d9 product 0x2013, class 0/0, rev 1.10/1.03, addr 3\u003e on usbus1\nRoot mount waiting for: usbus1\nugen1.4: \u003cvendor 0x0424\u003e at usbus1\nuhub3: \u003cvendor 0x0424 product 0x2504, class 9/0, rev 2.00/0.01, addr 4\u003e on usbus1\nuhub3: 4 ports with 4 removable, self powered\nRoot mount waiting for: usbus1\nugen1.5: \u003cChicony Electronics Co., Ltd.\u003e at usbus1\nTrying to mount root from ufs:/dev/ad8s1a\nZFS NOTICE: Prefetch is disabled by default if less than 4GB of RAM is present;\n            to enable, add \"vfs.zfs.prefetch_disable=0\" to /boot/loader.conf.\nZFS filesystem version 13\nZFS storage pool version 13\npf: started\naltq: started\nrl0: link state changed to UP\ninfo: [drm] Setting GART location based on new memory map\ninfo: [drm] Loading RV770/RV790 Microcode\ninfo: [drm] Resetting GPU\ninfo: [drm] writeback test succeeded in 1 usecs\ndrm0: [ITHREAD]\nukbd_set_leds_callback:700: error=USB_ERR_STALLED\nukbd_set_leds_callback:700: error=USB_ERR_STALLED\nukbd_set_leds_callback:700: error=USB_ERR_STALLED\nukbd_set_leds_callback:700: error=USB_ERR_STALLED\nukbd_set_leds_callback:700: error=USB_ERR_STALLED\nukbd_set_leds_callback:700: error=USB_ERR_STALLED\nukbd_set_leds_callback:700: error=USB_ERR_STALLED\nukbd_set_leds_callback:700: error=USB_ERR_STALLED\nohartmann:"
}