{
 "id": 415300,
 "bug_id": 117443,
 "attachment_id": 0,
 "creation_time": "2007-10-24T09:20:01Z",
 "creator": "neldredge@ucsd.edu",
 "text": "When I use ataidle to put a disk in standby or sleep mode (ataidle -s or\n-o), trying to access it again hangs the system.  I might expect it to\nhang briefly while the drive spins back up, but it never recovers.  Even\nnumlock on the console doesn't work anymore.\n\nataidle -i doesn't cause a problem.  On the other hand it also doesn't\nseem to spin the disk down.\n\nThis is possibly related to kern/117421 since it's a similar symptom on\nthe same hardware.\n\nOutput of dmesg in verbose mode:\n\ncam: using minimum scsi_delay (100ms)\nCopyright (c) 1992-2007 The FreeBSD Project.\nCopyright (c) 1979, 1980, 1983, 1986, 1988, 1989, 1991, 1992, 1993, 1994\n\tThe Regents of the University of California. All rights reserved.\nFreeBSD is a registered trademark of The FreeBSD Foundation.\nFreeBSD 6.2-RELEASE-p7 #13: Mon Oct 22 23:36:32 PDT 2007\n    nate@vulcan.lan:/usr/obj/usr/src/sys/VULCAN\nPreloaded elf kernel \"/boot/kernel/kernel\" at 0xffffffff80734000.\nPreloaded elf obj module \"/boot/kernel/snd_ich.ko\" at 0xffffffff80734198.\nPreloaded elf obj module \"/boot/kernel/sound.ko\" at 0xffffffff80734740.\nCalibrating clock(s) ... i8254 clock: 1192963 Hz\nCLK_USE_I8254_CALIBRATION not specified - using default frequency\nTimecounter \"i8254\" frequency 1193182 Hz quality 0\nCalibrating TSC clock ... TSC clock: 1790360410 Hz\nCPU: AMD Opteron(tm) Processor 244 (1790.36-MHz K8-class CPU)\n  Origin = \"AuthenticAMD\"  Id = 0xf5a  Stepping = 10\n  Features=0x78bfbff\u003cFPU,VME,DE,PSE,TSC,MSR,PAE,MCE,CX8,APIC,SEP,MTRR,PGE,MCA,CMOV,PAT,PSE36,CLFLUSH,MMX,FXSR,SSE,SSE2\u003e\n  AMD Features=0xe0500800\u003cSYSCALL,NX,MMX+,LM,3DNow+,3DNow\u003e\nL1 2MB data TLB: 8 entries, fully associative\nL1 2MB instruction TLB: 8 entries, fully associative\nL1 4KB data TLB: 32 entries, fully associative\nL1 4KB instruction TLB: 32 entries, fully associative\nL1 data cache: 64 kbytes, 64 bytes/line, 1 lines/tag, 2-way associative\nL1 instruction cache: 64 kbytes, 64 bytes/line, 1 lines/tag, 2-way associative\nL2 2MB unified TLB: 0 entries, disabled/not present\nL2 4KB data TLB: 512 entries, 4-way associative\nL2 4KB instruction TLB: 512 entries, 4-way associative\nL2 unified cache: 1024 kbytes, 64 bytes/line, 1 lines/tag, 16-way associative\nreal memory  = 1073676288 (1023 MB)\nPhysical memory chunk(s):\n0x0000000000001000 - 0x000000000009efff, 647168 bytes (158 pages)\n0x0000000000831000 - 0x000000003e1a7fff, 1033334784 bytes (252279 pages)\navail memory = 1027506176 (979 MB)\nmem: \u003cmemory\u003e\nnull: \u003cnull device, zero device\u003e\nrandom: \u003centropy source, Software, Yarrow\u003e\nio: \u003cI/O\u003e\nnfslock: pseudo-device\ncpu0 on motherboard\npci_open(1):\tmode 1 addr port (0x0cf8) is 0x80010014\npci_open(1a):\tmode1res=0x80000000 (0x80000000)\npci_cfgcheck:\tdevice 0 [class=060000] [hdr=00] is there (id=74541022)\npcib0: \u003cHost to PCI bridge\u003e pcibus 0 on motherboard\npci0: \u003cPCI bus\u003e on pcib0\npci0: physical bus=0\nfound-\u003e\tvendor=0x1022, dev=0x7454, revid=0x14\n\tbus=0, slot=0, func=0\n\tclass=06-00-00, hdrtype=0x00, mfdev=0\n\tcmdreg=0x0006, statreg=0x0210, cachelnsz=0 (dwords)\n\tlattimer=0x00 (0 ns), mingnt=0x00 (0 ns), maxlat=0x00 (0 ns)\n\tmap[10]: type 3, range 32, base f0000000, size 27, enabled\nfound-\u003e\tvendor=0x1022, dev=0x7455, revid=0x14\n\tbus=0, slot=1, func=0\n\tclass=06-04-00, hdrtype=0x01, mfdev=0\n\tcmdreg=0x0107, statreg=0x0220, cachelnsz=0 (dwords)\n\tlattimer=0x40 (1920 ns), mingnt=0x08 (2000 ns), maxlat=0x00 (0 ns)\nfound-\u003e\tvendor=0x1022, dev=0x7460, revid=0x07\n\tbus=0, slot=6, func=0\n\tclass=06-04-00, hdrtype=0x01, mfdev=0\n\tcmdreg=0x0117, statreg=0x0230, cachelnsz=0 (dwords)\n\tlattimer=0x40 (1920 ns), mingnt=0x06 (1500 ns), maxlat=0x04 (1000 ns)\nfound-\u003e\tvendor=0x1022, dev=0x7468, revid=0x05\n\tbus=0, slot=7, func=0\n\tclass=06-01-00, hdrtype=0x00, mfdev=1\n\tcmdreg=0x000f, statreg=0x0220, cachelnsz=0 (dwords)\n\tlattimer=0x00 (0 ns), mingnt=0x00 (0 ns), maxlat=0x00 (0 ns)\nfound-\u003e\tvendor=0x1022, dev=0x7469, revid=0x03\n\tbus=0, slot=7, func=1\n\tclass=01-01-8a, hdrtype=0x00, mfdev=0\n\tcmdreg=0x0005, statreg=0x0200, cachelnsz=0 (dwords)\n\tlattimer=0x20 (960 ns), mingnt=0x00 (0 ns), maxlat=0x00 (0 ns)\n\tmap[20]: type 4, range 32, base 0000ffa0, size  4, enabled\nfound-\u003e\tvendor=0x1022, dev=0x746a, revid=0x02\n\tbus=0, slot=7, func=2\n\tclass=0c-05-00, hdrtype=0x00, mfdev=0\n\tcmdreg=0x0001, statreg=0x0200, cachelnsz=0 (dwords)\n\tlattimer=0x40 (1920 ns), mingnt=0x00 (0 ns), maxlat=0x00 (0 ns)\n\tintpin=d, irq=10\n\tmap[10]: type 4, range 32, base 0000c480, size  5, enabled\nfound-\u003e\tvendor=0x1022, dev=0x746b, revid=0x05\n\tbus=0, slot=7, func=3\n\tclass=06-80-00, hdrtype=0x00, mfdev=0\n\tcmdreg=0x0000, statreg=0x0280, cachelnsz=0 (dwords)\n\tlattimer=0x40 (1920 ns), mingnt=0x00 (0 ns), maxlat=0x00 (0 ns)\nfound-\u003e\tvendor=0x1022, dev=0x746d, revid=0x03\n\tbus=0, slot=7, func=5\n\tclass=04-01-00, hdrtype=0x00, mfdev=0\n\tcmdreg=0x0005, statreg=0x0200, cachelnsz=0 (dwords)\n\tlattimer=0x40 (1920 ns), mingnt=0x00 (0 ns), maxlat=0x00 (0 ns)\n\tintpin=b, irq=9\n\tmap[10]: type 4, range 32, base 0000c800, size  8, enabled\n\tmap[14]: type 4, range 32, base 0000cc00, size  6, enabled\nfound-\u003e\tvendor=0x1022, dev=0x1100, revid=0x00\n\tbus=0, slot=24, func=0\n\tclass=06-00-00, hdrtype=0x00, mfdev=1\n\tcmdreg=0x0000, statreg=0x0010, cachelnsz=0 (dwords)\n\tlattimer=0x00 (0 ns), mingnt=0x00 (0 ns), maxlat=0x00 (0 ns)\nfound-\u003e\tvendor=0x1022, dev=0x1101, revid=0x00\n\tbus=0, slot=24, func=1\n\tclass=06-00-00, hdrtype=0x00, mfdev=1\n\tcmdreg=0x0000, statreg=0x0000, cachelnsz=0 (dwords)\n\tlattimer=0x00 (0 ns), mingnt=0x00 (0 ns), maxlat=0x00 (0 ns)\nfound-\u003e\tvendor=0x1022, dev=0x1102, revid=0x00\n\tbus=0, slot=24, func=2\n\tclass=06-00-00, hdrtype=0x00, mfdev=1\n\tcmdreg=0x0000, statreg=0x0000, cachelnsz=0 (dwords)\n\tlattimer=0x00 (0 ns), mingnt=0x00 (0 ns), maxlat=0x00 (0 ns)\nfound-\u003e\tvendor=0x1022, dev=0x1103, revid=0x00\n\tbus=0, slot=24, func=3\n\tclass=06-00-00, hdrtype=0x00, mfdev=1\n\tcmdreg=0x0000, statreg=0x0000, cachelnsz=0 (dwords)\n\tlattimer=0x00 (0 ns), mingnt=0x00 (0 ns), maxlat=0x00 (0 ns)\nagp0: \u003cAMD 8151 AGP graphics tunnel\u003e mem 0xf0000000-0xf7ffffff at device 0.0 on pci0\nagp0: 1 Miscellaneous Control unit(s) found.\nagp0: Aperture Base[0]: 0x00000078\nagp0: Reserved 0x8000000 bytes for rid 0x10 type 3 at 0xf0000000\nagp0: allocating GATT for aperture of size 128M\npcib1: \u003cPCI-PCI bridge\u003e at device 1.0 on pci0\npcib1:   secondary bus     1\npcib1:   subordinate bus   1\npcib1:   I/O decode        0x7000-0x9fff\npcib1:   memory decode     0xff300000-0xff3fffff\npcib1:   prefetched decode 0xceb00000-0xeeafffff\npci1: \u003cPCI bus\u003e on pcib1\npci1: physical bus=1\nfound-\u003e\tvendor=0x1002, dev=0x5960, revid=0x01\n\tbus=1, slot=0, func=0\n\tclass=03-00-00, hdrtype=0x00, mfdev=1\n\tcmdreg=0x0107, statreg=0x02b0, cachelnsz=16 (dwords)\n\tlattimer=0x40 (1920 ns), mingnt=0x08 (2000 ns), maxlat=0x00 (0 ns)\n\tintpin=a, irq=11\n\tpowerspec 2  supports D0 D1 D2 D3  current D0\n\tmap[10]: type 3, range 32, base e0000000, size 27, enabled\npcib1: (null) requested memory range 0xe0000000-0xe7ffffff: good\n\tmap[14]: type 4, range 32, base 00009000, size  8, enabled\npcib1: (null) requested I/O range 0x9000-0x90ff: in range\n\tmap[18]: type 1, range 32, base ff3f0000, size 16, enabled\npcib1: (null) requested memory range 0xff3f0000-0xff3fffff: good\nfound-\u003e\tvendor=0x1002, dev=0x5940, revid=0x01\n\tbus=1, slot=0, func=1\n\tclass=03-80-00, hdrtype=0x00, mfdev=0\n\tcmdreg=0x0007, statreg=0x02b0, cachelnsz=16 (dwords)\n\tlattimer=0x40 (1920 ns), mingnt=0x08 (2000 ns), maxlat=0x00 (0 ns)\n\tpowerspec 2  supports D0 D1 D2 D3  current D0\n\tmap[10]: type 3, range 32, base d8000000, size 27, enabled\npcib1: (null) requested memory range 0xd8000000-0xdfffffff: good\n\tmap[14]: type 1, range 32, base ff3e0000, size 16, enabled\npcib1: (null) requested memory range 0xff3e0000-0xff3effff: good\npci1: \u003cdisplay, VGA\u003e at device 0.0 (no driver attached)\npci1: \u003cdisplay\u003e at device 0.1 (no driver attached)\npcib2: \u003cPCI-PCI bridge\u003e at device 6.0 on pci0\npcib2:   secondary bus     2\npcib2:   subordinate bus   2\npcib2:   I/O decode        0xa000-0xbfff\npcib2:   memory decode     0xff400000-0xff5fffff\npcib2:   prefetched decode 0xfff00000-0xfffff\npci2: \u003cPCI bus\u003e on pcib2\npci2: physical bus=2\nfound-\u003e\tvendor=0x1022, dev=0x7464, revid=0x0b\n\tbus=2, slot=0, func=0\n\tclass=0c-03-10, hdrtype=0x00, mfdev=1\n\tcmdreg=0x0117, statreg=0x0280, cachelnsz=0 (dwords)\n\tlattimer=0x40 (1920 ns), mingnt=0x00 (0 ns), maxlat=0x50 (20000 ns)\n\tintpin=d, irq=10\n\tmap[10]: type 1, range 32, base ff5fd000, size 12, enabled\npcib2: (null) requested memory range 0xff5fd000-0xff5fdfff: good\nfound-\u003e\tvendor=0x1022, dev=0x7464, revid=0x0b\n\tbus=2, slot=0, func=1\n\tclass=0c-03-10, hdrtype=0x00, mfdev=0\n\tcmdreg=0x0117, statreg=0x0280, cachelnsz=0 (dwords)\n\tlattimer=0x40 (1920 ns), mingnt=0x00 (0 ns), maxlat=0x50 (20000 ns)\n\tintpin=d, irq=10\n\tmap[10]: type 1, range 32, base ff5fe000, size 12, enabled\npcib2: (null) requested memory range 0xff5fe000-0xff5fefff: good\nfound-\u003e\tvendor=0x8086, dev=0x1076, revid=0x00\n\tbus=2, slot=3, func=0\n\tclass=02-00-00, hdrtype=0x00, mfdev=0\n\tcmdreg=0x0117, statreg=0x0230, cachelnsz=16 (dwords)\n\tlattimer=0x40 (1920 ns), mingnt=0xff (63750 ns), maxlat=0x00 (0 ns)\n\tintpin=a, irq=5\n\tpowerspec 2  supports D0 D3  current D0\n\tmap[10]: type 1, range 32, base ff5c0000, size 17, enabled\npcib2: (null) requested memory range 0xff5c0000-0xff5dffff: good\n\tmap[14]: type 1, range 32, base ff5a0000, size 17, enabled\npcib2: (null) requested memory range 0xff5a0000-0xff5bffff: good\n\tmap[18]: type 4, range 32, base 0000a880, size  6, enabled\npcib2: (null) requested I/O range 0xa880-0xa8bf: in range\nfound-\u003e\tvendor=0x1095, dev=0x3114, revid=0x02\n\tbus=2, slot=5, func=0\n\tclass=01-80-00, hdrtype=0x00, mfdev=0\n\tcmdreg=0x0107, statreg=0x02b0, cachelnsz=16 (dwords)\n\tlattimer=0x40 (1920 ns), mingnt=0x00 (0 ns), maxlat=0x00 (0 ns)\n\tintpin=a, irq=10\n\tpowerspec 2  supports D0 D1 D2 D3  current D0\n\tmap[10]: type 4, range 32, base 0000bc00, size  3, enabled\npcib2: (null) requested I/O range 0xbc00-0xbc07: in range\n\tmap[14]: type 4, range 32, base 0000b880, size  2, enabled\npcib2: (null) requested I/O range 0xb880-0xb883: in range\n\tmap[18]: type 4, range 32, base 0000b800, size  3, enabled\npcib2: (null) requested I/O range 0xb800-0xb807: in range\n\tmap[1c]: type 4, range 32, base 0000b480, size  2, enabled\npcib2: (null) requested I/O range 0xb480-0xb483: in range\n\tmap[20]: type 4, range 32, base 0000b400, size  4, enabled\npcib2: (null) requested I/O range 0xb400-0xb40f: in range\n\tmap[24]: type 1, range 32, base ff5ffc00, size 10, enabled\npcib2: (null) requested memory range 0xff5ffc00-0xff5fffff: good\nfound-\u003e\tvendor=0x1106, dev=0x3044, revid=0x80\n\tbus=2, slot=10, func=0\n\tclass=0c-00-10, hdrtype=0x00, mfdev=0\n\tcmdreg=0x0117, statreg=0x0210, cachelnsz=16 (dwords)\n\tlattimer=0x40 (1920 ns), mingnt=0x00 (0 ns), maxlat=0x20 (8000 ns)\n\tintpin=a, irq=9\n\tpowerspec 2  supports D0 D2 D3  current D0\n\tmap[10]: type 1, range 32, base ff5ff000, size 11, enabled\npcib2: (null) requested memory range 0xff5ff000-0xff5ff7ff: good\n\tmap[14]: type 4, range 32, base 0000ac00, size  7, enabled\npcib2: (null) requested I/O range 0xac00-0xac7f: in range\nfound-\u003e\tvendor=0x1106, dev=0x3038, revid=0x61\n\tbus=2, slot=11, func=0\n\tclass=0c-03-00, hdrtype=0x00, mfdev=1\n\tcmdreg=0x0117, statreg=0x0210, cachelnsz=16 (dwords)\n\tlattimer=0x40 (1920 ns), mingnt=0x00 (0 ns), maxlat=0x00 (0 ns)\n\tintpin=a, irq=9\n\tpowerspec 2  supports D0 D1 D2 D3  current D0\n\tmap[20]: type 4, range 32, base 0000b000, size  5, enabled\npcib2: (null) requested I/O range 0xb000-0xb01f: in range\nfound-\u003e\tvendor=0x1106, dev=0x3038, revid=0x61\n\tbus=2, slot=11, func=1\n\tclass=0c-03-00, hdrtype=0x00, mfdev=1\n\tcmdreg=0x0117, statreg=0x0210, cachelnsz=16 (dwords)\n\tlattimer=0x40 (1920 ns), mingnt=0x00 (0 ns), maxlat=0x00 (0 ns)\n\tintpin=b, irq=5\n\tpowerspec 2  supports D0 D1 D2 D3  current D0\n\tmap[20]: type 4, range 32, base 0000b080, size  5, enabled\npcib2: (null) requested I/O range 0xb080-0xb09f: in range\nfound-\u003e\tvendor=0x1106, dev=0x3104, revid=0x63\n\tbus=2, slot=11, func=2\n\tclass=0c-03-20, hdrtype=0x00, mfdev=1\n\tcmdreg=0x0117, statreg=0x0210, cachelnsz=16 (dwords)\n\tlattimer=0x40 (1920 ns), mingnt=0x00 (0 ns), maxlat=0x00 (0 ns)\n\tintpin=c, irq=10\n\tpowerspec 2  supports D0 D1 D2 D3  current D0\n\tmap[10]: type 1, range 32, base ff5ff800, size  8, enabled\npcib2: (null) requested memory range 0xff5ff800-0xff5ff8ff: good\nohci0: \u003cOHCI (generic) USB controller\u003e mem 0xff5fd000-0xff5fdfff irq 10 at device 0.0 on pci2\nohci0: Reserved 0x1000 bytes for rid 0x10 type 3 at 0xff5fd000\nohci0: [GIANT-LOCKED]\nusb0: OHCI version 1.0, legacy support\nusb0: SMM does not respond, resetting\nusb0: \u003cOHCI (generic) USB controller\u003e on ohci0\nusb0: USB revision 1.0\nuhub0: AMD OHCI root hub, class 9/0, rev 1.00/1.00, addr 1\nuhub0: 3 ports with 3 removable, self powered\nohci1: \u003cOHCI (generic) USB controller\u003e mem 0xff5fe000-0xff5fefff irq 10 at device 0.1 on pci2\nohci1: Reserved 0x1000 bytes for rid 0x10 type 3 at 0xff5fe000\nohci1: [GIANT-LOCKED]\nusb1: OHCI version 1.0, legacy support\nusb1: SMM does not respond, resetting\nusb1: \u003cOHCI (generic) USB controller\u003e on ohci1\nusb1: USB revision 1.0\nuhub1: AMD OHCI root hub, class 9/0, rev 1.00/1.00, addr 1\nuhub1: 3 ports with 3 removable, self powered\nem0: \u003cIntel(R) PRO/1000 Network Connection Version - 6.2.9\u003e port 0xa880-0xa8bf mem 0xff5c0000-0xff5dffff,0xff5a0000-0xff5bffff irq 5 at device 3.0 on pci2\nem0: Reserved 0x20000 bytes for rid 0x10 type 3 at 0xff5c0000\nem0: Reserved 0x40 bytes for rid 0x18 type 4 at 0xa880\nem0: bpf attached\nem0: Ethernet address: 00:e0:81:31:ae:1d\nem0: [MPSAFE]\natapci0: \u003cSiI 3114 SATA150 controller\u003e port 0xbc00-0xbc07,0xb880-0xb883,0xb800-0xb807,0xb480-0xb483,0xb400-0xb40f mem 0xff5ffc00-0xff5fffff irq 10 at device 5.0 on pci2\natapci0: Reserved 0x10 bytes for rid 0x20 type 4 at 0xb400\natapci0: [MPSAFE]\natapci0: Reserved 0x400 bytes for rid 0x24 type 3 at 0xff5ffc00\nata2: \u003cATA channel 0\u003e on atapci0\nata2: SATA connect ready time=30ms\nata2: sata_connect devices=0x1\u003cATA_MASTER\u003e\nata2: [MPSAFE]\nata3: \u003cATA channel 1\u003e on atapci0\nata3: SATA connect ready time=20ms\nata3: sata_connect devices=0x1\u003cATA_MASTER\u003e\nata3: [MPSAFE]\nata4: \u003cATA channel 2\u003e on atapci0\nata4: SATA connect status=00000000\nata4: [MPSAFE]\nata5: \u003cATA channel 3\u003e on atapci0\nata5: SATA connect status=00000000\nata5: [MPSAFE]\nfwohci0: \u003cVIA Fire II (VT6306)\u003e port 0xac00-0xac7f mem 0xff5ff000-0xff5ff7ff irq 9 at device 10.0 on pci2\nfwohci0: Reserved 0x800 bytes for rid 0x10 type 3 at 0xff5ff000\nfwohci0: [MPSAFE]\nfwohci0: OHCI version 1.0 (ROM=1)\nfwohci0: No. of Isochronous channels is 4.\nfwohci0: EUI64 00:e0:81:00:00:30:79:00\nfwohci0: Phy 1394a available S400, 2 ports.\nfwohci0: Link S400, max_rec 2048 bytes.\nfirewire0: \u003cIEEE1394(FireWire) bus\u003e on fwohci0\nsbp0: \u003cSBP-2/SCSI over FireWire\u003e on firewire0\nfwohci0: Initiate bus reset\nfwohci0: node_id=0xc800ffc0, gen=1, CYCLEMASTER mode\nfirewire0: 1 nodes, maxhop \u003c= 0, cable IRM = 0 (me)\nfirewire0: bus manager 0 (me)\npci2: \u003cserial bus, USB\u003e at device 11.0 (no driver attached)\npci2: \u003cserial bus, USB\u003e at device 11.1 (no driver attached)\nehci0: \u003cVIA VT6202 USB 2.0 controller\u003e mem 0xff5ff800-0xff5ff8ff irq 10 at device 11.2 on pci2\nehci0: Reserved 0x100 bytes for rid 0x10 type 3 at 0xff5ff800\nehci0: [GIANT-LOCKED]\nehci0: Dropped interrupts workaround enabled\nusb2: EHCI version 1.0\nusb2: wrong number of companions (2 != 0)\nusb2: \u003cVIA VT6202 USB 2.0 controller\u003e on ehci0\nusb2: USB revision 2.0\nuhub2: VIA EHCI root hub, class 9/0, rev 2.00/1.00, addr 1\nuhub2: 4 ports with 4 removable, self powered\nisab0: \u003cPCI-ISA bridge\u003e at device 7.0 on pci0\nisa0: \u003cISA bus\u003e on isab0\natapci1: \u003cAMD 8111 UDMA133 controller\u003e port 0x1f0-0x1f7,0x3f6,0x170-0x177,0x376,0xffa0-0xffaf at device 7.1 on pci0\natapci1: Reserved 0x10 bytes for rid 0x20 type 4 at 0xffa0\nata0: \u003cATA channel 0\u003e on atapci1\natapci1: Reserved 0x8 bytes for rid 0x10 type 4 at 0x1f0\natapci1: Reserved 0x1 bytes for rid 0x14 type 4 at 0x3f6\nata0: reset tp1 mask=03 ostat0=50 ostat1=01\nata0: stat0=0x10 err=0x01 lsb=0x14 msb=0xeb\nata0: stat1=0x01 err=0x04 lsb=0x00 msb=0x00\nata0: reset tp2 stat0=10 stat1=01 devices=0x4\u003cATAPI_MASTER\u003e\nata0: [MPSAFE]\nata1: \u003cATA channel 1\u003e on atapci1\natapci1: Reserved 0x8 bytes for rid 0x18 type 4 at 0x170\natapci1: Reserved 0x1 bytes for rid 0x1c type 4 at 0x376\nata1: reset tp1 mask=03 ostat0=60 ostat1=70\nata1: stat0=0x20 err=0x20 lsb=0x20 msb=0x20\nata1: stat1=0x30 err=0x30 lsb=0x30 msb=0x30\nata1: reset tp2 stat0=20 stat1=30 devices=0x0\nata1: [MPSAFE]\npci0: \u003cserial bus, SMBus\u003e at device 7.2 (no driver attached)\npci0: \u003cbridge\u003e at device 7.3 (no driver attached)\npcm0: \u003cAMD-8111\u003e port 0xc800-0xc8ff,0xcc00-0xcc3f irq 9 at device 7.5 on pci0\npcm0: Reserved 0x100 bytes for rid 0x10 type 4 at 0xc800\npcm0: Reserved 0x40 bytes for rid 0x14 type 4 at 0xcc00\npcm0: [MPSAFE]\npcm0: \u003cAvance Logic ALC655 AC97 Codec (id = 0x414c4760)\u003e\npcm0: Codec features 5 bit master volume, no 3D Stereo Enhancement\npcm0: Primary codec extended features reserved 1, center DAC, surround DAC, LFE DAC, reserved 5\npcm0: ac97 codec dac ready count: 0\npcm0: sndbuf_setmap 3dadf000, 4000; 0xffffffffa55e7000 -\u003e 3dadf000\npcm0: sndbuf_setmap 3dadb000, 4000; 0xffffffffa55eb000 -\u003e 3dadb000\npnp_identify: Trying Read_Port at 203\npnp_identify: Trying Read_Port at 243\npnp_identify: Trying Read_Port at 283\npnp_identify: Trying Read_Port at 2c3\npnp_identify: Trying Read_Port at 303\npnp_identify: Trying Read_Port at 343\npnp_identify: Trying Read_Port at 383\npnp_identify: Trying Read_Port at 3c3\nPNP Identify complete\nsc: sc0 already exists; skipping it\nvga: vga0 already exists; skipping it\nisa_probe_children: disabling PnP devices\nisa_probe_children: probing non-PnP devices\norm0: \u003cISA Option ROMs\u003e at iomem 0xc0000-0xccfff,0xcd000-0xd17ff on isa0\natkbdc0: \u003cKeyboard controller (i8042)\u003e at port 0x60,0x64 on isa0\natkbd0: \u003cAT Keyboard\u003e irq 1 on atkbdc0\natkbd: the current kbd controller command byte 0065\natkbd: keyboard ID 0x41ab (2)\nkbd0 at atkbd0\nkbd0: atkbd0, AT 101/102 (2), config:0x0, flags:0x3d0000\natkbd0: [GIANT-LOCKED]\npsm0: current command byte:0065\npsm0: failed to reset the aux device.\nfdc0 failed to probe at port 0x3f0 irq 6 drq 2 on isa0\nppc0: cannot reserve I/O port range\nppc0: \u003cParallel port\u003e failed to probe at irq 7 on isa0\nsc0: \u003cSystem console\u003e at flags 0x100 on isa0\nsc0: VGA \u003c16 virtual consoles, flags=0x300\u003e\nsc0: fb0, kbd0, terminal emulator: sc (syscons terminal)\nsio0: configured irq 4 not in bitmap of probed irqs 0\nsio0: port may not be enabled\nsio0: irq maps: 0 0 0 0\nsio0 at port 0x3f8-0x3ff irq 4 flags 0x10 on isa0\nsio0: type 16550A\nsio1: configured irq 3 not in bitmap of probed irqs 0\nsio1: port may not be enabled\nsio1: irq maps: 0 0 0 0\nsio1 at port 0x2f8-0x2ff irq 3 on isa0\nsio1: type 16550A\nsio2: not probed (disabled)\nsio3: not probed (disabled)\nvga0: \u003cGeneric ISA VGA\u003e at port 0x3c0-0x3df iomem 0xa0000-0xbffff on isa0\nisa_probe_children: probing PnP devices\nuhub3: vendor 0x0557 product 0x7000, class 9/0, rev 1.10/1.00, addr 2\nuhub3: 4 ports with 4 removable, self powered\nukbd0: vendor 0x1241 USB Keyboard, rev 1.10/2.80, addr 3, iclass 3/1\nkbd: new array size 4\nkbd1 at ukbd0\nkbd1: ukbd0, generic (0), config:0x0, flags:0x1d0000\nuhid0: vendor 0x1241 USB Keyboard, rev 1.10/2.80, addr 3, iclass 3/1\nums0: Cypress Sem PS2/USB Browser Combo Mouse, rev 1.00/0.00, addr 4, iclass 3/1\nums0: 5 buttons and Z dir.\nDevice configuration finished.\nlinprocfs registered\nprocfs registered\nTimecounter \"TSC\" frequency 1790360410 Hz quality 800\nTimecounters tick every 1.000 msec\nLinux ELF exec handler installed\nDUMMYNET with IPv6 initialized (040826)\nlo0: bpf attached\nipfw2 (+ipv6) initialized, divert loadable, rule-based forwarding disabled, default to deny, logging unlimited\nem0: Link is up 100 Mbps Full Duplex\nata0-master: pio=PIO4 wdma=WDMA2 udma=UDMA66 cable=40 wire\nacd0: setting PIO4 on 8111 chip\nacd0: setting UDMA66 on 8111 chip\nacd0: \u003cDVDRW IDE 16X/VER A07J\u003e DVDR drive at ata0 as master\nacd0: read 172KB/s (8251KB/s) write 8269KB/s (8251KB/s), 2048KB buffer, UDMA66\nacd0: Reads: CDR, CDRW, CDDA stream, DVDROM, DVDR, packet\nacd0: Writes: CDR, CDRW, DVDR, test write, burnproof\nacd0: Audio: play, 256 volume levels\nacd0: Mechanism: ejectable tray, unlocked\nacd0: Medium: no/blank disc\n(probe0:ata0:0:0:0): error 22\n(probe0:ata0:0:0:0): Unretryable Error\nata2-master: pio=PIO4 wdma=WDMA2 udma=UDMA133 cable=40 wire\nad4: 239372MB \u003cMaxtor 6B250S0 BANC1E00\u003e at ata2-master SATA150\nad4: 490234752 sectors [486344C/16H/63S] 16 sectors/interrupt 1 depth queue\nGEOM: new disk ad4\nata3-master: pio=PIO4 wdma=WDMA2 udma=UDMA133 cable=40 wire\nad6: 476940MB \u003cMAXTOR STM3500630AS 3.AAE\u003e at ata3-master SATA150\nad6: 976773168 sectors [969021C/16H/63S] 16 sectors/interrupt 1 depth queue\npcm0: measured ac97 link rate at 48175 Hz, will use 48000 Hz\n(probe7:ata0:0:0:0): error 6\n(probe7:ata0:0:0:0): Unretryable Error\nGEOM: new disk ad6\n(probe7:ata0:0:0:0): error 22\n(probe7:ata0:0:0:0): Unretryable Error\n(probe0:sbp0:0:0:0): error 22\n(probe0:sbp0:0:0:0): Unretryable Error\n(probe1:sbp0:0:1:0): error 22\n(probe1:sbp0:0:1:0): Unretryable Error\n(probe2:sbp0:0:2:0): error 22\n(probe2:sbp0:0:2:0): Unretryable Error\n(probe3:sbp0:0:3:0): error 22\n(probe3:sbp0:0:3:0): Unretryable Error\n(probe4:sbp0:0:4:0): error 22\n(probe4:sbp0:0:4:0): Unretryable Error\n(probe5:sbp0:0:5:0): error 22\n(probe5:sbp0:0:5:0): Unretryable Error\n(probe6:sbp0:0:6:0): error 22\n(probe6:sbp0:0:6:0): Unretryable Error\npass0 at ata0 bus 0 target 0 lun 0\npass0: \u003cDVDRW IDE 16X A07J\u003e Removable CD-ROM SCSI-0 device \npass0: 66.000MB/s transfers\n(cd0:ata0:0:0:0): error 6\n(cd0:ata0:0:0:0): Unretryable Error\ncd0 at ata0 bus 0 target 0 lun 0\ncd0: \u003cDVDRW IDE 16X A07J\u003e Removable CD-ROM SCSI-0 device \ncd0: 66.000MB/s transfers\ncd0: Attempt to query device size failed: NOT READY, Medium not present - tray closed\nGEOM: new disk cd0\n(cd0:ata0:0:0:0): error 6\n(cd0:ata0:0:0:0): Unretryable Error\n(cd0:ata0:0:0:0): error 6\n(cd0:ata0:0:0:0): Unretryable Error\n(cd0:ata0:0:0:0): error 6\n(cd0:ata0:0:0:0): Unretryable Error\nTrying to mount root from ufs:/dev/ad6s2a\nstart_init: trying /sbin/init\nem0: Link is Down\ntun0: bpf attached\nem0: Link is up 100 Mbps Full Duplex\nem0: link state changed to UP\n\nOutput of pciconf -l:\n\nagp0@pci0:0:0:\tclass=0x060000 card=0x74541022 chip=0x74541022 rev=0x14 hdr=0x00\npcib1@pci0:1:0:\tclass=0x060400 card=0x00000000 chip=0x74551022 rev=0x14 hdr=0x01\npcib2@pci0:6:0:\tclass=0x060400 card=0x000000c0 chip=0x74601022 rev=0x07 hdr=0x01\nisab0@pci0:7:0:\tclass=0x060100 card=0x74681022 chip=0x74681022 rev=0x05 hdr=0x00\natapci1@pci0:7:1:\tclass=0x01018a card=0x74691022 chip=0x74691022 rev=0x03 hdr=0x00\nnone0@pci0:7:2:\tclass=0x0c0500 card=0x746a1022 chip=0x746a1022 rev=0x02 hdr=0x00\nnone1@pci0:7:3:\tclass=0x068000 card=0x746b1022 chip=0x746b1022 rev=0x05 hdr=0x00\npcm0@pci0:7:5:\tclass=0x040100 card=0x746d10f1 chip=0x746d1022 rev=0x03 hdr=0x00\nhostb0@pci0:24:0:\tclass=0x060000 card=0x00000000 chip=0x11001022 rev=0x00 hdr=0x00\nhostb1@pci0:24:1:\tclass=0x060000 card=0x00000000 chip=0x11011022 rev=0x00 hdr=0x00\nhostb2@pci0:24:2:\tclass=0x060000 card=0x00000000 chip=0x11021022 rev=0x00 hdr=0x00\nhostb3@pci0:24:3:\tclass=0x060000 card=0x00000000 chip=0x11031022 rev=0x00 hdr=0x00\ndrm0@pci1:0:0:\tclass=0x030000 card=0x01401092 chip=0x59601002 rev=0x01 hdr=0x00\nnone2@pci1:0:1:\tclass=0x038000 card=0x01411092 chip=0x59401002 rev=0x01 hdr=0x00\nohci0@pci2:0:0:\tclass=0x0c0310 card=0x74641022 chip=0x74641022 rev=0x0b hdr=0x00\nohci1@pci2:0:1:\tclass=0x0c0310 card=0x74641022 chip=0x74641022 rev=0x0b hdr=0x00\nem0@pci2:3:0:\tclass=0x020000 card=0x11768086 chip=0x10768086 rev=0x00 hdr=0x00\natapci0@pci2:5:0:\tclass=0x018000 card=0x31141095 chip=0x31141095 rev=0x02 hdr=0x00\nfwohci0@pci2:10:0:\tclass=0x0c0010 card=0x304410f1 chip=0x30441106 rev=0x80 hdr=0x00\nnone3@pci2:11:0:\tclass=0x0c0300 card=0x30381106 chip=0x30381106 rev=0x61 hdr=0x00\nnone4@pci2:11:1:\tclass=0x0c0300 card=0x30381106 chip=0x30381106 rev=0x61 hdr=0x00\nehci0@pci2:11:2:\tclass=0x0c0320 card=0x31041106 chip=0x31041106 rev=0x63 hdr=0x00\n\nFix: \n\nNope.\nHow-To-Repeat: portupgrade -N ataidle\nataidle -s 2 0\ndd if=/dev/ad4 of=/dev/null count=1"
}