{
 "id": 923729,
 "bug_id": 217422,
 "attachment_id": 0,
 "creation_time": "2017-02-28T17:07:56Z",
 "creator": "cam@vasteel.io",
 "text": "I get 2-4 crashes (followed by automatic soft reboots) a week. Every night at 1 am PST, I have a cron that backs up another system using rsync over ssh.\n\nLast night's crash occurred at ~3:09 am, and the previous crash before that occurred around 3:24 am.\n\nI've noticed that the \"periodic daily\" cron, which I believe causes some IO load of its own, is set to start at 3:01 am.\n\nThe crashes all occur during this heavy backup via rsync. I went through all the bug reports I could, I don't *think* this is a duplicate.\n\nNote: runs on physical hardware w/8 core Intel Avaton CPU.\n\nMotherboard: supermicro a1sai-2750f\nMemory: 16G ECC\n\nroot file system is ZFS on 2x Intel 730 240G SSD's (ada1 \u0026 ada2)\n\nBackup drive is 8TB Seagate ST8000NM0055-1RM112 spinning disk. It's less than a year old on a SATA2 port (ada0). Filesystem is ZFS.\n\n(I recently remade the filesystem so I could create a swap partition for kernel crash dumps).\n\nzpool status\n  pool: storage\n state: ONLINE\n  scan: scrub repaired 0 in 0h0m with 0 errors on Mon Feb 27 13:01:41 2017\nconfig:\n\n        NAME        STATE     READ WRITE CKSUM\n        storage     ONLINE       0     0     0\n          ada0p2    ONLINE       0     0     0\n\nerrors: No known data errors\n\n  pool: zroot\n state: ONLINE\n  scan: scrub repaired 0 in 0h2m with 0 errors on Sun Feb 26 01:54:37 2017\nconfig:\n\n        NAME                                            STATE     READ WRITE CKSUM\n        zroot                                           ONLINE       0     0     0\n          mirror-0                                      ONLINE       0     0     0\n            gptid/3f64a6eb-0faa-11e4-8b78-002590f1cfc0  ONLINE       0     0     0\n            gptid/2eb24e92-1555-11e4-9076-002590f1cfc0  ONLINE       0     0     0\n\nerrors: No known data errors\n\nI'm using a custom kernel with very few changes (I'll switch to GENERIC to see if it makes a difference). Here's the diff:\ndiff -u GENERIC VASTEEL\n--- GENERIC     2016-09-05 10:40:05.944395438 -0700\n+++ VASTEEL     2016-09-05 10:40:22.326390926 -0700\n@@ -357,3 +357,18 @@\n \n # The crypto framework is required by IPSEC\n device         crypto                  # Required by IPSEC\n+\n+# Enable disk quota.\n+options QUOTA\n+\n+device         pf\n+device         pflog\n+device         pfsync\n+\n+options                ALTQ\n+options                ALTQ_CBQ        # Class Bases Queuing (CBQ)\n+options                ALTQ_RED        # Random Early Detection (RED)\n+options                ALTQ_RIO        # RED In/Out\n+options                ALTQ_HFSC       # Hierarchical Packet Scheduler (HFSC)\n+options                ALTQ_PRIQ       # Priority Queuing (PRIQ)\n+options                ALTQ_NOPCC      # Required for SMP build\n\nkldstat \nId Refs Address            Size     Name\n 1   25 0xffffffff80200000 20058c0  kernel\n 2    1 0xffffffff82207000 30b650   zfs.ko\n 3    2 0xffffffff82513000 adb0     opensolaris.ko\n 4    1 0xffffffff8251e000 4c60     coretemp.ko\n 5    1 0xffffffff82621000 587b     fdescfs.ko\n 6    1 0xffffffff82627000 3710     ums.ko\n 7    1 0xffffffff8262b000 abf1     linprocfs.ko\n 8    1 0xffffffff82636000 7b18     linux_common.ko\n\nKernel crash dump:\n\nGNU gdb 6.1.1 [FreeBSD]\nCopyright 2004 Free Software Foundation, Inc.\nGDB is free software, covered by the GNU General Public License, and you are\nwelcome to change it and/or distribute copies of it under certain conditions.\nType \"show copying\" to see the conditions.\nThere is absolutely no warranty for GDB.  Type \"show warranty\" for details.\nThis GDB was configured as \"amd64-marcel-freebsd\"...\n\nUnread portion of the kernel message buffer:\n\n\nFatal trap 12: page fault while in kernel mode\ncpuid = 7; apic id = 0e\nfault virtual address   = 0x8\nfault code              = supervisor read data, page not present\ninstruction pointer     = 0x20:0xffffffff80b7b5d0\nstack pointer           = 0x28:0xfffffe04669a87c0\nframe pointer           = 0x28:0xfffffe04669a8800\ncode segment            = base 0x0, limit 0xfffff, type 0x1b\n                        = DPL 0, pres 1, long 1, def32 0, gran 1\nprocessor eflags        = interrupt enabled, resume, IOPL = 0\ncurrent process         = 10403 (rsync)\ntrap number             = 12\npanic: page fault\ncpuid = 7\nKDB: stack backtrace:\n#0 0xffffffff80b2dcb7 at kdb_backtrace+0x67\n#1 0xffffffff80ae2302 at vpanic+0x182\n#2 0xffffffff80ae2173 at panic+0x43\n#3 0xffffffff80ff2c71 at trap_fatal+0x351\n#4 0xffffffff80ff2e63 at trap_pfault+0x1e3\n#5 0xffffffff80ff240d at trap+0x26d\n#6 0xffffffff80fd5441 at calltrap+0x8\n#7 0xffffffff80b7a398 at sbdestroy+0x18\n#8 0xffffffff80b7cd9a at sofree+0x22a\n#9 0xffffffff80b7d516 at soclose+0x516\n#10 0xffffffff80a7ad0d at _fdrop+0x1d\n#11 0xffffffff80a7e90d at closef+0x2ed\n#12 0xffffffff80a7e35d at fdescfree_fds+0x7d\n#13 0xffffffff80a7dee9 at fdescfree+0x6b9\n#14 0xffffffff80a9011e at exit1+0x75e\n#15 0xffffffff80a8f9bd at sys_sys_exit+0xd\n#16 0xffffffff80ff35e3 at amd64_syscall+0x4e3\n#17 0xffffffff80fd572b at Xfast_syscall+0xfb\nUptime: 13h43m7s\nDumping 2913 out of 16321 MB:..1%..11%..21%..31%..41%..51%..61%..71%..81%..91%\n\nReading symbols from /boot/kernel/zfs.ko...Reading symbols from /usr/lib/debug//boot/kernel/zfs.ko.debug...done.\ndone.\nLoaded symbols for /boot/kernel/zfs.ko\nReading symbols from /boot/kernel/opensolaris.ko...Reading symbols from /usr/lib/debug//boot/kernel/opensolaris.ko.debug...done.\ndone.\nLoaded symbols for /boot/kernel/opensolaris.ko\nReading symbols from /boot/kernel/coretemp.ko...Reading symbols from /usr/lib/debug//boot/kernel/coretemp.ko.debug...done.\ndone.\nLoaded symbols for /boot/kernel/coretemp.ko\nReading symbols from /boot/kernel/fdescfs.ko...Reading symbols from /usr/lib/debug//boot/kernel/fdescfs.ko.debug...done.\ndone.\nLoaded symbols for /boot/kernel/fdescfs.ko\nReading symbols from /boot/kernel/ums.ko...Reading symbols from /usr/lib/debug//boot/kernel/ums.ko.debug...done.\ndone.\nLoaded symbols for /boot/kernel/ums.ko\nReading symbols from /boot/kernel/linprocfs.ko...Reading symbols from /usr/lib/debug//boot/kernel/linprocfs.ko.debug...done.\ndone.\nLoaded symbols for /boot/kernel/linprocfs.ko\nReading symbols from /boot/kernel/linux_common.ko...Reading symbols from /usr/lib/debug//boot/kernel/linux_common.ko.debug...done.\ndone.\nLoaded symbols for /boot/kernel/linux_common.ko\nReading symbols from /boot/kernel/snp.ko...Reading symbols from /usr/lib/debug//boot/kernel/snp.ko.debug...done.\ndone.\nLoaded symbols for /boot/kernel/snp.ko\n#0  doadump (textdump=\u003cvalue optimized out\u003e) at pcpu.h:221\n221             __asm(\"movq %%gs:%1,%0\" : \"=r\" (td\n\n\ndmesg:\nCopyright (c) 1992-2016 The FreeBSD Project.\nCopyright (c) 1979, 1980, 1983, 1986, 1988, 1989, 1991, 1992, 1993, 1994\n        The Regents of the University of California. All rights reserved.\nFreeBSD is a registered trademark of The FreeBSD Foundation.\nFreeBSD 11.0-RELEASE-p8 #16 r314186: Thu Feb 23 16:40:33 PST 2017\n    root@vasteel.neo-zeon.de:/usr/obj/usr/src/sys/VASTEEL amd64\nFreeBSD clang version 3.8.0 (tags/RELEASE_380/final 262564) (based on LLVM 3.8.0)\nVT(vga): resolution 640x480\nCPU: Intel(R) Atom(TM) CPU  C2750  @ 2.40GHz (2400.07-MHz K8-class CPU)\n  Origin=\"GenuineIntel\"  Id=0x406d8  Family=0x6  Model=0x4d  Stepping=8\n  Features=0xbfebfbff\u003cFPU,VME,DE,PSE,TSC,MSR,PAE,MCE,CX8,APIC,SEP,MTRR,PGE,MCA,CMOV,PAT,PSE36,CLFLUSH,DTS,ACPI,MMX,FXSR,SSE,SSE2,SS,HTT,TM,PBE\u003e\n  Features2=0x43d8e3bf\u003cSSE3,PCLMULQDQ,DTES64,MON,DS_CPL,VMX,EST,TM2,SSSE3,CX16,xTPR,PDCM,SSE4.1,SSE4.2,MOVBE,POPCNT,TSCDLT,AESNI,RDRAND\u003e\n  AMD Features=0x28100800\u003cSYSCALL,NX,RDTSCP,LM\u003e\n  AMD Features2=0x101\u003cLAHF,Prefetch\u003e\n  Structured Extended Features=0x2282\u003cTSCADJ,SMEP,ERMS,NFPUSG\u003e\n  VT-x: PAT,HLT,MTF,PAUSE,EPT,UG,VPID\n  TSC: P-state invariant, performance statistics\nreal memory  = 17179869184 (16384 MB)\navail memory = 16515948544 (15750 MB)\nEvent timer \"LAPIC\" quality 600\nACPI APIC Table: \u003cINTEL  TIANO   \u003e\nWARNING: L1 data cache covers less APIC IDs than a core\n0 \u003c 1\nFreeBSD/SMP: Multiprocessor System Detected: 8 CPUs\nFreeBSD/SMP: 1 package(s) x 8 core(s)\nrandom: unblocking device.\nioapic0 \u003cVersion 2.0\u003e irqs 0-23 on motherboard\nrandom: entropy device external interface\nkbd1 at kbdmux0\nnetmap: loaded module\nmodule_register_init: MOD_LOAD (vesa, 0xffffffff8106e9a0, 0) error 19\nrandom: registering fast source Intel Secure Key RNG\nrandom: fast provider: \"Intel Secure Key RNG\"\nvtvga0: \u003cVT VGA driver\u003e on motherboard\ncryptosoft0: \u003csoftware crypto\u003e on motherboard\nacpi0: \u003cALASKA A M I \u003e on motherboard\nacpi0: Power Button (fixed)\ncpu0: \u003cACPI CPU\u003e on acpi0\ncpu1: \u003cACPI CPU\u003e on acpi0\ncpu2: \u003cACPI CPU\u003e on acpi0\ncpu3: \u003cACPI CPU\u003e on acpi0\ncpu4: \u003cACPI CPU\u003e on acpi0\ncpu5: \u003cACPI CPU\u003e on acpi0\ncpu6: \u003cACPI CPU\u003e on acpi0\ncpu7: \u003cACPI CPU\u003e on acpi0\nhpet0: \u003cHigh Precision Event Timer\u003e iomem 0xfed00000-0xfed003ff on acpi0\nTimecounter \"HPET\" frequency 14318180 Hz quality 950\nEvent timer \"HPET\" frequency 14318180 Hz quality 350\nEvent timer \"HPET1\" frequency 14318180 Hz quality 340\nEvent timer \"HPET2\" frequency 14318180 Hz quality 340\natrtc0: \u003cAT realtime clock\u003e port 0x70-0x77 irq 8 on acpi0\natrtc0: Warning: Couldn't map I/O.\nEvent timer \"RTC\" frequency 32768 Hz quality 0\nattimer0: \u003cAT timer\u003e port 0x40-0x43,0x50-0x53 irq 0 on acpi0\nTimecounter \"i8254\" frequency 1193182 Hz quality 0\nEvent timer \"i8254\" frequency 1193182 Hz quality 100\nTimecounter \"ACPI-safe\" frequency 3579545 Hz quality 850\nacpi_timer0: \u003c24-bit timer at 3.579545MHz\u003e port 0x408-0x40b on acpi0\npcib0: \u003cACPI Host-PCI bridge\u003e port 0xcf8-0xcff on acpi0\npcib0: _OSC returned error 0x10\npci0: \u003cACPI PCI bus\u003e on pcib0\npcib1: \u003cACPI PCI-PCI bridge\u003e mem 0xdf2c0000-0xdf2dffff irq 16 at device 1.0 on pci0\npci1: \u003cACPI PCI bus\u003e on pcib1\npcib2: \u003cACPI PCI-PCI bridge\u003e at device 0.0 on pci1\npci2: \u003cACPI PCI bus\u003e on pcib2\nvgapci0: \u003cVGA-compatible display\u003e port 0xd000-0xd07f mem 0xde000000-0xdeffffff,0xdf000000-0xdf01ffff irq 16 at device 0.0 on pci2\nvgapci0: Boot video device\npcib3: \u003cACPI PCI-PCI bridge\u003e mem 0xdf2a0000-0xdf2bffff irq 16 at device 2.0 on pci0\npci3: \u003cACPI PCI bus\u003e on pcib3\nxhci0: \u003cXHCI (generic) USB 3.0 controller\u003e mem 0xdf100000-0xdf101fff irq 17 at device 0.0 on pci3\nxhci0: 64 bytes context size, 32-bit DMA\nxhci0: Unable to map MSI-X table \nusbus0 on xhci0\npcib4: \u003cACPI PCI-PCI bridge\u003e mem 0xdf280000-0xdf29ffff irq 20 at device 3.0 on pci0\npci4: \u003cACPI PCI bus\u003e on pcib4\npci0: \u003cbase peripheral, IOMMU\u003e at device 15.0 (no driver attached)\nigb0: \u003cIntel(R) PRO/1000 Network Connection, Version - 2.5.3-k\u003e port 0xe0c0-0xe0df mem 0xdf260000-0xdf27ffff,0xdf2ec000-0xdf2effff irq 20 at device 20.0 on pci0\nigb0: Using MSIX interrupts with 9 vectors\nigb0: Ethernet address: 00:25:90:f1:cf:c0\nigb0: Bound queue 0 to cpu 0\nigb0: Bound queue 1 to cpu 1\nigb0: Bound queue 2 to cpu 2\nigb0: Bound queue 3 to cpu 3\nigb0: Bound queue 4 to cpu 4\nigb0: Bound queue 5 to cpu 5\nigb0: Bound queue 6 to cpu 6\nigb0: Bound queue 7 to cpu 7\nigb0: netmap queues/slots: TX 8/1024, RX 8/1024\nigb1: \u003cIntel(R) PRO/1000 Network Connection, Version - 2.5.3-k\u003e port 0xe0a0-0xe0bf mem 0xdf240000-0xdf25ffff,0xdf2e8000-0xdf2ebfff irq 21 at device 20.1 on pci0\nigb1: Using MSIX interrupts with 9 vectors\nigb1: Ethernet address: 00:25:90:f1:cf:c1\nigb1: Bound queue 0 to cpu 0\nigb1: Bound queue 1 to cpu 1\nigb1: Bound queue 2 to cpu 2\nigb1: Bound queue 3 to cpu 3\nigb1: Bound queue 4 to cpu 4\nigb1: Bound queue 5 to cpu 5\nigb1: Bound queue 6 to cpu 6\nigb1: Bound queue 7 to cpu 7\nigb1: netmap queues/slots: TX 8/1024, RX 8/1024\nigb2: \u003cIntel(R) PRO/1000 Network Connection, Version - 2.5.3-k\u003e port 0xe080-0xe09f mem 0xdf220000-0xdf23ffff,0xdf2e4000-0xdf2e7fff irq 22 at device 20.2 on pci0\nigb2: Using MSIX interrupts with 9 vectors\nigb2: Ethernet address: 00:25:90:f1:cf:c2\nigb2: Bound queue 0 to cpu 0\nigb2: Bound queue 1 to cpu 1\nigb2: Bound queue 2 to cpu 2\nigb2: Bound queue 3 to cpu 3\nigb2: Bound queue 4 to cpu 4\nigb2: Bound queue 5 to cpu 5\nigb2: Bound queue 6 to cpu 6\nigb2: Bound queue 7 to cpu 7\nigb2: netmap queues/slots: TX 8/1024, RX 8/1024\nigb3: \u003cIntel(R) PRO/1000 Network Connection, Version - 2.5.3-k\u003e port 0xe060-0xe07f mem 0xdf200000-0xdf21ffff,0xdf2e0000-0xdf2e3fff irq 23 at device 20.3 on pci0\nigb3: Using MSIX interrupts with 9 vectors\nigb3: Ethernet address: 00:25:90:f1:cf:c3\nigb3: Bound queue 0 to cpu 0\nigb3: Bound queue 1 to cpu 1\nigb3: Bound queue 2 to cpu 2\nigb3: Bound queue 3 to cpu 3\nigb3: Bound queue 4 to cpu 4\nigb3: Bound queue 5 to cpu 5\nigb3: Bound queue 6 to cpu 6\nigb3: Bound queue 7 to cpu 7\nigb3: netmap queues/slots: TX 8/1024, RX 8/1024\nehci0: \u003cIntel Avoton USB 2.0 controller\u003e mem 0xdf2f3000-0xdf2f33ff irq 23 at device 22.0 on pci0\nusbus1: EHCI version 1.0\nusbus1 on ehci0\nahci0: \u003cIntel Avoton AHCI SATA controller\u003e port 0xe150-0xe157,0xe140-0xe143,0xe130-0xe137,0xe120-0xe123,0xe040-0xe05f mem 0xdf2f2000-0xdf2f27ff irq 19 at device 23.0 on pci0\nahci0: AHCI v1.30 with 4 3Gbps ports, Port Multiplier not supported\nahcich0: \u003cAHCI channel\u003e at channel 0 on ahci0\nahcich1: \u003cAHCI channel\u003e at channel 1 on ahci0\nahcich2: \u003cAHCI channel\u003e at channel 2 on ahci0\nahcich3: \u003cAHCI channel\u003e at channel 3 on ahci0\nahci1: \u003cIntel Avoton AHCI SATA controller\u003e port 0xe110-0xe117,0xe100-0xe103,0xe0f0-0xe0f7,0xe0e0-0xe0e3,0xe020-0xe03f mem 0xdf2f1000-0xdf2f17ff irq 19 at device 24.0 on pci0\nahci1: AHCI v1.30 with 2 6Gbps ports, Port Multiplier not supported\nahcich4: \u003cAHCI channel\u003e at channel 0 on ahci1\nahcich5: \u003cAHCI channel\u003e at channel 1 on ahci1\nisab0: \u003cPCI-ISA bridge\u003e at device 31.0 on pci0\nisa0: \u003cISA bus\u003e on isab0\nuart0: \u003c16550 or compatible\u003e port 0x3f8-0x3ff irq 4 flags 0x10 on acpi0\nuart1: \u003c16550 or compatible\u003e port 0x2f8-0x2ff irq 3 on acpi0\norm0: \u003cISA Option ROMs\u003e at iomem 0xc0000-0xc7fff,0xc8000-0xc8fff on isa0\natkbdc0: \u003cKeyboard controller (i8042)\u003e at port 0x60,0x64 on isa0\natkbd0: \u003cAT Keyboard\u003e irq 1 on atkbdc0\nkbd0 at atkbd0\natkbd0: [GIANT-LOCKED]\nppc0: cannot reserve I/O port range\ncoretemp0: \u003cCPU On-Die Thermal Sensors\u003e on cpu0\nest0: \u003cEnhanced SpeedStep Frequency Control\u003e on cpu0\ncoretemp1: \u003cCPU On-Die Thermal Sensors\u003e on cpu1\nest1: \u003cEnhanced SpeedStep Frequency Control\u003e on cpu1\ncoretemp2: \u003cCPU On-Die Thermal Sensors\u003e on cpu2\nest2: \u003cEnhanced SpeedStep Frequency Control\u003e on cpu2\ncoretemp3: \u003cCPU On-Die Thermal Sensors\u003e on cpu3\nest3: \u003cEnhanced SpeedStep Frequency Control\u003e on cpu3\ncoretemp4: \u003cCPU On-Die Thermal Sensors\u003e on cpu4\nest4: \u003cEnhanced SpeedStep Frequency Control\u003e on cpu4\ncoretemp5: \u003cCPU On-Die Thermal Sensors\u003e on cpu5\nest5: \u003cEnhanced SpeedStep Frequency Control\u003e on cpu5\ncoretemp6: \u003cCPU On-Die Thermal Sensors\u003e on cpu6\nest6: \u003cEnhanced SpeedStep Frequency Control\u003e on cpu6\ncoretemp7: \u003cCPU On-Die Thermal Sensors\u003e on cpu7\nest7: \u003cEnhanced SpeedStep Frequency Control\u003e on cpu7\nusbus0: 5.0Gbps Super Speed USB v3.0\nZFS filesystem version: 5\nZFS storage pool version: features support (5000)\nTimecounters tick every 1.000 msec\nnvme cam probe device init\nusbus1: 480Mbps High Speed USB v2.0\nugen0.1: \u003c0x1912\u003e at usbus0\nuhub0: \u003c0x1912 XHCI root HUB, class 9/0, rev 3.00/1.00, addr 1\u003e on usbus0\nugen1.1: \u003cIntel\u003e at usbus1\nuhub1: \u003cIntel EHCI root HUB, class 9/0, rev 2.00/1.00, addr 1\u003e on usbus1\nada0 at ahcich1 bus 0 scbus1 target 0 lun 0\nada0: \u003cST8000NM0055-1RM112 SN02\u003e ACS-3 ATA SATA 3.x device\nada0: Serial Number ZA11E7R9\nada0: 300.000MB/s transfers (SATA 2.x, UDMA6, PIO 8192bytes)\nada0: Command Queueing enabled\nada0: 7630885MB (15628053168 512 byte sectors)\nada1 at ahcich4 bus 0 scbus4 target 0 lun 0\nada1: \u003cINTEL SSDSC2BP240G4 L2010410\u003e ATA8-ACS SATA 3.x device\nada1: Serial Number BTJR408202C3240AGN\nada1: 600.000MB/s transfers (SATA 3.x, UDMA6, PIO 512bytes)\nada1: Command Queueing enabled\nada1: 228936MB (468862128 512 byte sectors)\nada2 at ahcich5 bus 0 scbus5 target 0 lun 0\nada2: \u003cINTEL SSDSC2BP240G4 L2010410\u003e ATA8-ACS SATA 3.x device\nada2: Serial Number BTJR40820CQN240AGN\nada2: 600.000MB/s transfers (SATA 3.x, UDMA6, PIO 512bytes)\nada2: Command Queueing enabled\nada2: 228936MB (468862128 512 byte sectors)\nSMP: AP CPU #6 Launched!\nSMP: AP CPU #2 Launched!\nSMP: AP CPU #5 Launched!\nSMP: AP CPU #7 Launched!\nSMP: AP CPU #3 Launched!\nSMP: AP CPU #4 Launched!\nSMP: AP CPU #1 Launched!\nTimecounter \"TSC-low\" frequency 1200035112 Hz quality 1000\nTrying to mount root from zfs:zroot/ROOT/default []...\nRoot mount waiting for: usbus1 usbus0\nuhub0: 8 ports with 8 removable, self powered\nRoot mount waiting for: usbus1\nRoot mount waiting for: usbus1\nuhub1: 8 ports with 8 removable, self powered\nRoot mount waiting for: usbus1\nugen1.2: \u003cvendor 0x8087\u003e at usbus1\nuhub2: \u003cvendor 0x8087 product 0x07db, class 9/0, rev 2.00/0.02, addr 2\u003e on usbus1\nRoot mount waiting for: usbus1\nuhub2: 4 ports with 4 removable, self powered\nugen1.3: \u003cvendor 0x0000\u003e at usbus1\nuhub3: \u003cvendor 0x0000 product 0x0001, class 9/0, rev 2.00/0.00, addr 3\u003e on usbus1\nRoot mount waiting for: usbus1\nuhub3: 4 ports with 3 removable, self powered\nugen1.4: \u003cvendor 0x0557\u003e at usbus1\nukbd0: \u003cvendor 0x0557 product 0x2419, class 0/0, rev 1.10/1.00, addr 4\u003e on usbus1\nkbd2 at ukbd0\nigb0: link state changed to UP\nums0: \u003cvendor 0x0557 product 0x2419, class 0/0, rev 1.10/1.00, addr 4\u003e on usbus1\nums0: 3 buttons and [Z] coordinates ID=0\npflog0: promiscuous mode enabled\nigb1: link state changed to UP"
}