{
 "id": 382547,
 "bug_id": 110407,
 "attachment_id": 0,
 "creation_time": "2009-06-04T03:07:58Z",
 "creator": "matheus@eternamente.info",
 "text": "just to add info:\n\nverbose dmesg it should be ad0:\n\nCopyright (c) 1992-2009 The FreeBSD Project.\nCopyright (c) 1979, 1980, 1983, 1986, 1988, 1989, 1991, 1992, 1993, 1994\n\tThe Regents of the University of California. All rights reserved.\nFreeBSD is a registered trademark of The FreeBSD Foundation.\nFreeBSD 8.0-HEAD-20090501-JPSNAP #0: Fri May  1 04:22:31 UTC 2009\n    root@build-i386-fbsd-2.allbsd.org:/usr/obj/i386/usr/src/sys/GENERIC\nWARNING: WITNESS option enabled, expect reduced performance.\nPreloaded elf kernel \"/boot/kernel/kernel\" at 0xc10b7000.\nTimecounter \"i8254\" frequency 1193182 Hz quality 0\nCalibrating TSC clock ... TSC clock: 798130616 Hz\nCPU: Transmeta(tm) Crusoe(tm) Processor TM5700 (798.13-MHz 586-class CPU)\n  Origin = \"GenuineTMx86\"  Id = 0x543  Stepping = 3\n  Features=0x84893f\u003cFPU,VME,DE,PSE,TSC,MSR,CX8,SEP,CMOV,PN,MMX\u003e\n  Processor revision 1.5.0.2\n  Code Morphing Software revision 4.5.2-12-11\n  20040614 15:00 official release 4.5.2#1\nreal memory  = 136314880 (130 MB)\nPhysical memory chunk(s):\n0x0000000000001000 - 0x0000000000099fff, 626688 bytes (153 pages)\n0x0000000000100000 - 0x00000000003fffff, 3145728 bytes (768 pages)\n0x0000000001425000 - 0x0000000006dd1fff, 94031872 bytes (22957 pages)\navail memory = 95813632 (91 MB)\nbios32: Found BIOS32 Service Directory header at 0xc00f9de0\nbios32: Entry = 0xfa260 (c00fa260)  Rev = 0  Len = 1\npcibios: PCI BIOS entry at 0xf0000+0xa290\npnpbios: Found PnP BIOS data at 0xc00facf0\npnpbios: Entry = f0000:ad20  Rev = 1.0\nOther BIOS signatures found:\nULE: setup cpu 0\nwlan: \u003c802.11 Link Layer\u003e\nnull: \u003cnull device, zero device\u003e\nrandom: \u003centropy source, Software, Yarrow\u003e\nnfslock: pseudo-device\nkbd: new array size 4\nkbd1 at kbdmux0\nio: \u003cI/O\u003e\nmem: \u003cmemory\u003e\nhptrr: RocketRAID 17xx/2xxx SATA controller driver v1.2 (May  1 2009 04:21:18)\nnpx0: INT 16 interface\npci_open(1):\tmode 1 addr port (0x0cf8) is 0x80000058\npci_open(1a):\tmode1res=0x80000000 (0x80000000)\npci_cfgcheck:\tdevice 0 [class=060000] [hdr=80] is there (id=03951279)\npcibios: BIOS version 2.10\npcib0: \u003cHost to PCI bridge\u003e pcibus 0 on motherboard\npir0: \u003cPCI Interrupt Routing Table: 5 Entries\u003e on motherboard\n$PIR: Links after initial probe:\nLink  IRQ  Rtd  Ref  IRQs\n 0x2  255   N     3  3 4 5 7 9 10 11 14 15\n 0x3  255   N     4  3 4 5 7 9 10 11 14 15\n 0x5  255   N     4  3 4 5 7 9 10 11 14 15\n 0x1  255   N     4  3 4 5 7 9 10 11 14 15\n$PIR: Found matching pin for 0.11.INTA at func 0: 15\n$PIR: Found matching pin for 0.13.INTA at func 0: 10\n$PIR: Found matching pin for 0.9.INTA at func 0: 11\n$PIR: Found matching pin for 0.9.INTB at func 1: 15\n$PIR: Found matching pin for 0.9.INTC at func 2: 5\n$PIR: Found matching pin for 0.18.INTA at func 0: 11\n$PIR: Links after initial IRQ discovery:\nLink  IRQ  Rtd  Ref  IRQs\n 0x2   15   Y     3  3 4 5 7 9 10 11 14 15\n 0x3    5   Y     4  3 4 5 7 9 10 11 14 15\n 0x5   10   Y     4  3 4 5 7 9 10 11 14 15\n 0x1   11   Y     4  3 4 5 7 9 10 11 14 15\n$PIR: IRQs used by BIOS: 5 10 11 15\n$PIR: Interrupt Weights:\n[    0   1   2   3   4   5   6   7   8   9  10  11  12  13  14  15 ]\n[    0   0   0   0   0   4   0   0   0   0   4   4   0   0   0   3 ]\npci0: \u003cPCI bus\u003e on pcib0\npci0: domain=0, physical bus=0\nfound-\u003e\tvendor=0x1279, dev=0x0395, revid=0x04\n\tdomain=0, bus=0, slot=0, func=0\n\tclass=06-00-00, hdrtype=0x00, mfdev=1\n\tcmdreg=0x0006, statreg=0x2200, cachelnsz=0 (dwords)\n\tlattimer=0x20 (960 ns), mingnt=0x00 (0 ns), maxlat=0x00 (0 ns)\n\tmap[10]: type Memory, range 32, base 0xe8000000, size 20, enabled\nfound-\u003e\tvendor=0x1279, dev=0x0396, revid=0x00\n\tdomain=0, bus=0, slot=0, func=1\n\tclass=05-00-00, hdrtype=0x00, mfdev=1\n\tcmdreg=0x0000, statreg=0x0000, cachelnsz=0 (dwords)\n\tlattimer=0x00 (0 ns), mingnt=0x00 (0 ns), maxlat=0x00 (0 ns)\nfound-\u003e\tvendor=0x1279, dev=0x0397, revid=0x00\n\tdomain=0, bus=0, slot=0, func=2\n\tclass=05-00-00, hdrtype=0x00, mfdev=1\n\tcmdreg=0x0000, statreg=0x0000, cachelnsz=0 (dwords)\n\tlattimer=0x00 (0 ns), mingnt=0x00 (0 ns), maxlat=0x00 (0 ns)\nfound-\u003e\tvendor=0x1279, dev=0x0399, revid=0x00\n\tdomain=0, bus=0, slot=0, func=3\n\tclass=05-00-00, hdrtype=0x00, mfdev=1\n\tcmdreg=0x0000, statreg=0x0000, cachelnsz=0 (dwords)\n\tlattimer=0x00 (0 ns), mingnt=0x00 (0 ns), maxlat=0x00 (0 ns)\nfound-\u003e\tvendor=0x1106, dev=0x3038, revid=0x61\n\tdomain=0, bus=0, slot=9, func=0\n\tclass=0c-03-00, hdrtype=0x00, mfdev=1\n\tcmdreg=0x0147, statreg=0x0210, cachelnsz=8 (dwords)\n\tlattimer=0x20 (960 ns), mingnt=0x00 (0 ns), maxlat=0x00 (0 ns)\n\tintpin=a, irq=11\n\tpowerspec 2  supports D0 D1 D2 D3  current D0\n\tmap[20]: type I/O Port, range 32, base 0xe000, size  5, enabled\n$PIR: 0:9 INTA routed to irq 11\nfound-\u003e\tvendor=0x1106, dev=0x3038, revid=0x61\n\tdomain=0, bus=0, slot=9, func=1\n\tclass=0c-03-00, hdrtype=0x00, mfdev=1\n\tcmdreg=0x0147, statreg=0x0210, cachelnsz=8 (dwords)\n\tlattimer=0x20 (960 ns), mingnt=0x00 (0 ns), maxlat=0x00 (0 ns)\n\tintpin=b, irq=15\n\tpowerspec 2  supports D0 D1 D2 D3  current D0\n\tmap[20]: type I/O Port, range 32, base 0xe100, size  5, enabled\n$PIR: 0:9 INTB routed to irq 15\nfound-\u003e\tvendor=0x1106, dev=0x3104, revid=0x63\n\tdomain=0, bus=0, slot=9, func=2\n\tclass=0c-03-20, hdrtype=0x00, mfdev=1\n\tcmdreg=0x0147, statreg=0x0210, cachelnsz=8 (dwords)\n\tlattimer=0x20 (960 ns), mingnt=0x00 (0 ns), maxlat=0x00 (0 ns)\n\tintpin=c, irq=5\n\tpowerspec 2  supports D0 D1 D2 D3  current D0\n\tmap[10]: type Memory, range 32, base 0xe8192000, size  8, enabled\n$PIR: 0:9 INTC routed to irq 5\nfound-\u003e\tvendor=0x1095, dev=0x3114, revid=0x02\n\tdomain=0, bus=0, slot=11, func=0\n\tclass=01-04-00, hdrtype=0x00, mfdev=0\n\tcmdreg=0x0147, statreg=0x02b0, cachelnsz=8 (dwords)\n\tlattimer=0x20 (960 ns), mingnt=0x00 (0 ns), maxlat=0x00 (0 ns)\n\tintpin=a, irq=15\n\tpowerspec 2  supports D0 D1 D2 D3  current D0\n\tmap[10]: type I/O Port, range 32, base 0xe200, size  3, enabled\n\tmap[14]: type I/O Port, range 32, base 0xe300, size  2, enabled\n\tmap[18]: type I/O Port, range 32, base 0xe400, size  3, enabled\n\tmap[1c]: type I/O Port, range 32, base 0xe500, size  2, enabled\n\tmap[20]: type I/O Port, range 32, base 0xe600, size  4, enabled\n\tmap[24]: type Memory, range 32, base 0xe8190000, size 10, enabled\n$PIR: 0:11 INTA routed to irq 15\nfound-\u003e\tvendor=0x1002, dev=0x5159, revid=0x00\n\tdomain=0, bus=0, slot=13, func=0\n\tclass=03-00-00, hdrtype=0x00, mfdev=0\n\tcmdreg=0x0187, statreg=0x0290, cachelnsz=8 (dwords)\n\tlattimer=0x20 (960 ns), mingnt=0x08 (2000 ns), maxlat=0x00 (0 ns)\n\tintpin=a, irq=10\n\tpowerspec 2  supports D0 D1 D2 D3  current D0\n\tmap[10]: type Prefetchable Memory, range 32, base 0xe0000000, size 27, enabled\n\tmap[14]: type I/O Port, range 32, base 0xe700, size  8, enabled\n\tmap[18]: type Memory, range 32, base 0xe8180000, size 16, enabled\n$PIR: 0:13 INTA routed to irq 10\nfound-\u003e\tvendor=0x1106, dev=0x8231, revid=0x10\n\tdomain=0, bus=0, slot=17, func=0\n\tclass=06-01-00, hdrtype=0x00, mfdev=1\n\tcmdreg=0x0087, statreg=0x0210, cachelnsz=0 (dwords)\n\tlattimer=0x00 (0 ns), mingnt=0x00 (0 ns), maxlat=0x00 (0 ns)\n\tpowerspec 2  supports D0 D3  current D0\nfound-\u003e\tvendor=0x1106, dev=0x0571, revid=0x06\n\tdomain=0, bus=0, slot=17, func=1\n\tclass=01-01-8a, hdrtype=0x00, mfdev=0\n\tcmdreg=0x0007, statreg=0x0290, cachelnsz=0 (dwords)\n\tlattimer=0x20 (960 ns), mingnt=0x00 (0 ns), maxlat=0x00 (0 ns)\n\tpowerspec 2  supports D0 D3  current D0\n\tmap[20]: type I/O Port, range 32, base 0xe800, size  4, enabled\nfound-\u003e\tvendor=0x1106, dev=0x8235, revid=0x10\n\tdomain=0, bus=0, slot=17, func=4\n\tclass=06-80-00, hdrtype=0x00, mfdev=0\n\tcmdreg=0x0000, statreg=0x0290, cachelnsz=0 (dwords)\n\tlattimer=0x00 (0 ns), mingnt=0x00 (0 ns), maxlat=0x00 (0 ns)\n\tpowerspec 2  supports D0 D3  current D0\nfound-\u003e\tvendor=0x1106, dev=0x3065, revid=0x51\n\tdomain=0, bus=0, slot=18, func=0\n\tclass=02-00-00, hdrtype=0x00, mfdev=0\n\tcmdreg=0x0147, statreg=0x0210, cachelnsz=8 (dwords)\n\tlattimer=0x20 (960 ns), mingnt=0x03 (750 ns), maxlat=0x08 (2000 ns)\n\tintpin=a, irq=11\n\tpowerspec 2  supports D0 D1 D2 D3  current D0\n\tmap[10]: type I/O Port, range 32, base 0xeb00, size  8, enabled\n\tmap[14]: type Memory, range 32, base 0xe8191000, size  8, enabled\n$PIR: 0:18 INTA routed to irq 11\npci0: \u003cmemory, RAM\u003e at device 0.1 (no driver attached)\npci0: \u003cmemory, RAM\u003e at device 0.2 (no driver attached)\npci0: \u003cmemory, RAM\u003e at device 0.3 (no driver attached)\nuhci0: \u003cVIA 83C572 USB controller\u003e port 0xe000-0xe01f irq 11 at device 9.0 on pci0\nuhci0: Reserved 0x20 bytes for rid 0x20 type 4 at 0xe000\nuhci0: [MPSAFE]\nuhci0: [ITHREAD]\nuhci0: LegSup = 0x201a\nusbus0: \u003cVIA 83C572 USB controller\u003e on uhci0\nuhci1: \u003cVIA 83C572 USB controller\u003e port 0xe100-0xe11f irq 15 at device 9.1 on pci0\nuhci1: Reserved 0x20 bytes for rid 0x20 type 4 at 0xe100\nuhci1: [MPSAFE]\nuhci1: [ITHREAD]\nuhci1: LegSup = 0x2010\nusbus1: \u003cVIA 83C572 USB controller\u003e on uhci1\nehci0: \u003cVIA VT6202 USB 2.0 controller\u003e mem 0xe8192000-0xe81920ff irq 5 at device 9.2 on pci0\nehci0: Reserved 0x100 bytes for rid 0x10 type 3 at 0xe8192000\nehci0: [MPSAFE]\nehci0: [ITHREAD]\nusbus2: EHCI version 1.0\nusbus2: \u003cVIA VT6202 USB 2.0 controller\u003e on ehci0\natapci0: \u003cSiI 3114 SATA150 controller\u003e port 0xe200-0xe207,0xe300-0xe303,0xe400-0xe407,0xe500-0xe503,0xe600-0xe60f mem 0xe8190000-0xe81903ff irq 15 at device 11.0 on pci0\natapci0: Reserved 0x10 bytes for rid 0x20 type 4 at 0xe600\natapci0: [MPSAFE]\natapci0: [ITHREAD]\natapci0: Reserved 0x400 bytes for rid 0x24 type 3 at 0xe8190000\nata2: \u003cATA channel 0\u003e on atapci0\nata2: SATA connect time=0ms status=00000113\nata2: reset tp1 mask=01 ostat0=50 ostat1=00\nata2: stat0=0x50 err=0x01 lsb=0x00 msb=0x00\nata2: reset tp2 stat0=50 stat1=00 devices=0x1\nata2: [MPSAFE]\nata2: [ITHREAD]\nata3: \u003cATA channel 1\u003e on atapci0\nata3: SATA connect timeout status=00000000\nata3: [MPSAFE]\nata3: [ITHREAD]\nata4: \u003cATA channel 2\u003e on atapci0\nata4: SATA connect timeout status=00000000\nata4: [MPSAFE]\nata4: [ITHREAD]\nata5: \u003cATA channel 3\u003e on atapci0\nata5: SATA connect timeout status=00000000\nata5: [MPSAFE]\nata5: [ITHREAD]\nvgapci0: \u003cVGA-compatible display\u003e port 0xe700-0xe7ff mem 0xe0000000-0xe7ffffff,0xe8180000-0xe818ffff irq 10 at device 13.0 on pci0\nisab0: \u003cPCI-ISA bridge\u003e at device 17.0 on pci0\nisa0: \u003cISA bus\u003e on isab0\natapci1: \u003cVIA 8231 UDMA100 controller\u003e port 0x1f0-0x1f7,0x3f6,0x170-0x177,0x376,0xe800-0xe80f at device 17.1 on pci0\natapci1: Reserved 0x10 bytes for rid 0x20 type 4 at 0xe800\nata0: \u003cATA channel 0\u003e on atapci1\natapci1: Reserved 0x8 bytes for rid 0x10 type 4 at 0x1f0\natapci1: Reserved 0x1 bytes for rid 0x14 type 4 at 0x3f6\nata0: reset tp1 mask=03 ostat0=58 ostat1=00\nata0: stat0=0x50 err=0x01 lsb=0x00 msb=0x00\nata0: stat1=0x00 err=0x01 lsb=0x00 msb=0x00\nata0: reset tp2 stat0=50 stat1=00 devices=0x1\nata0: [MPSAFE]\nata0: [ITHREAD]\nata1: \u003cATA channel 1\u003e on atapci1\natapci1: Reserved 0x8 bytes for rid 0x18 type 4 at 0x170\natapci1: Reserved 0x1 bytes for rid 0x1c type 4 at 0x376\nata1: reset tp1 mask=00 ostat0=ff ostat1=ff\nata1: [MPSAFE]\nata1: [ITHREAD]\npci0: \u003cbridge\u003e at device 17.4 (no driver attached)\nvr0: \u003cVIA VT6102 Rhine II 10/100BaseTX\u003e port 0xeb00-0xebff mem 0xe8191000-0xe81910ff irq 11 at device 18.0 on pci0\nvr0: Quirks: 0x0\nvr0: Revision: 0x51\nvr0: Reserved 0x100 bytes for rid 0x10 type 4 at 0xeb00\nmiibus0: \u003cMII bus\u003e on vr0\nukphy0: \u003cGeneric IEEE 802.3u media interface\u003e PHY 1 on miibus0\nukphy0: OUI 0x004063, model 0x0032, rev. 10\nukphy0:  10baseT, 10baseT-FDX, 100baseTX, 100baseTX-FDX, auto\nvr0: bpf attached\nvr0: Ethernet address: 00:13:21:ee:26:00\nvr0: [MPSAFE]\nvr0: [ITHREAD]\ncpu0 on motherboard\nunknown: status reg test failed ff\nunknown: status reg test failed ff\nunknown: status reg test failed ff\nunknown: status reg test failed ff\nunknown: status reg test failed ff\nunknown: status reg test failed ff\nahc_isa_probe 14: ioport 0xec00 alloc failed\npnp_identify: Trying Read_Port at 203\npnp_identify: Trying Read_Port at 243\npnp_identify: Trying Read_Port at 283\npnp_identify: Trying Read_Port at 2c3\npnp_identify: Trying Read_Port at 303\npnp_identify: Trying Read_Port at 343\npnp_identify: Trying Read_Port at 383\npnp_identify: Trying Read_Port at 3c3\nPNP Identify complete\nex_isa_identify()\npnpbios: 11 devices, largest 78 bytes\nPNP0200: adding dma mask 0x10\nPNP0200: adding io range 0-0xf, size=0x10, align=0\nPNP0200: adding io range 0x81-0x83, size=0x3, align=0\nPNP0200: adding io range 0x87-0x87, size=0x1, align=0\nPNP0200: adding io range 0x89-0x8b, size=0x3, align=0\nPNP0200: adding io range 0x8f-0x91, size=0x3, align=0\nPNP0200: adding io range 0xc0-0xdf, size=0x20, align=0\npnpbios: handle 1 device ID PNP0200 (0002d041)\nPNP0100: adding irq mask 0x1\nPNP0100: adding io range 0x40-0x43, size=0x4, align=0\npnpbios: handle 2 device ID PNP0100 (0001d041)\nPNP0b00: adding irq mask 0x100\nPNP0b00: adding io range 0x70-0x71, size=0x2, align=0\npnpbios: handle 3 device ID PNP0b00 (000bd041)\nPNP0303: adding irq mask 0x2\nPNP0303: adding io range 0x60-0x60, size=0x1, align=0\nPNP0303: adding io range 0x64-0x64, size=0x1, align=0\npnpbios: handle 4 device ID PNP0303 (0303d041)\nPNP0800: adding io range 0x61-0x61, size=0x1, align=0\npnpbios: handle 5 device ID PNP0800 (0008d041)\nPNP0c04: adding irq mask 0x2000\nPNP0c04: adding io range 0xf0-0xff, size=0x10, align=0\npnpbios: handle 6 device ID PNP0c04 (040cd041)\nPNP0c01: adding fixed memory32 range 0-0x9ffff, size=0xa0000\nPNP0c01: adding fixed memory32 range 0xfffe0000-0xffffffff, size=0x20000\nPNP0c01: adding fixed memory32 range 0xfff80000-0xfffdffff, size=0x60000\nPNP0c01: adding fixed memory32 range 0xfee00000-0xfee0ffff, size=0x10000\nPNP0c01: adding fixed memory32 range 0x100000-0xffffff, size=0xf00000\npnpbios: handle 7 device ID PNP0c01 (010cd041)\nPNP0c02: adding fixed memory32 range 0xf0000-0xf3fff, size=0x4000\nPNP0c02: adding fixed memory32 range 0xf4000-0xf7fff, size=0x4000\nPNP0c02: adding fixed memory32 range 0xf8000-0xfffff, size=0x8000\nPNP0c02: adding fixed memory32 range 0xda000-0xdbfff, size=0x2000\npnpbios: handle 8 device ID PNP0c02 (020cd041)\nPNP0a03: adding io range 0x4d0-0x4d1, size=0x2, align=0\nPNP0a03: adding io range 0xcf8-0xcff, size=0x8, align=0\nPNP0a03: adding io range 0x4000-0x407f, size=0x80, align=0\nPNP0a03: adding io range 0x4080-0x40ff, size=0x80, align=0\nPNP0a03: adding io range 0x5000-0x501f, size=0x20, align=0\nPNP0a03: adding io range 0x6000-0x607f, size=0x80, align=0\npnpbios: handle 9 device ID PNP0a03 (030ad041)\nPNP0700: adding dma mask 0x4\nPNP0700: adding io range 0x3f2-0x3f5, size=0x4, align=0\nPNP0700: adding io range 0x3f7-0x3f7, size=0x1, align=0\nPNP0700: adding irq mask 0x40\npnpbios: handle 13 device ID PNP0700 (0007d041)\nisa_probe_children: disabling PnP devices\npmtimer0 on isa0\natrtc0: \u003cAT realtime clock\u003e at port 0x70-0x71 irq 8 pnpid PNP0b00 on isa0\natrtc0: registered as a time-of-day clock (resolution 1000000us)\natkbdc0: \u003cKeyboard controller (i8042)\u003e at port 0x60,0x64 irq 1 pnpid PNP0303 on isa0\natkbd0: \u003cAT Keyboard\u003e irq 1 on atkbdc0\natkbd: the current kbd controller command byte 0067\natkbd: keyboard ID 0xffffffff (1)\natkbd: failed to reset the keyboard.\nkbd0 at atkbd0\nkbd0: atkbd0, AT 84 (1), config:0x0, flags:0x3d0000\natkbd0: [GIANT-LOCKED]\natkbd0: [ITHREAD]\npsm0: unable to allocate IRQ\nunknown: \u003cAT Real Time Clock\u003e failed to probe at port 0x61 pnpid PNP0800 on isa0\nunknown: \u003cPNP0c01\u003e can't assign resources (memory)\nunknown: \u003cPNP0c01\u003e at iomem 0-0x9ffff pnpid PNP0c01 on isa0\nunknown: \u003cAT Real Time Clock\u003e failed to probe at port 0x3f2-0x3f5,0x3f7 irq 6 drq 2 pnpid PNP0700 on isa0\nata: ata0 already exists; skipping it\nata: ata1 already exists; skipping it\natkbdc: atkbdc0 already exists; skipping it\natrtc: atrtc0 already exists; skipping it\nsc: sc0 already exists; skipping it\nvga: vga0 already exists; skipping it\nisa_probe_children: probing non-PnP devices\norm0: \u003cISA Option ROMs\u003e at iomem 0xc0000-0xc8fff,0xcc000-0xcffff,0xd0000-0xd9fff pnpid ORM0000 on isa0\nsc0: \u003cSystem console\u003e at flags 0x100 on isa0\nsc0: VGA \u003c16 virtual consoles, flags=0x300\u003e\nsc0: fb0, kbd1, terminal emulator: scteken (teken terminal)\nvga0: \u003cGeneric ISA VGA\u003e at port 0x3c0-0x3df iomem 0xa0000-0xbffff on isa0\nadv0: not probed (disabled)\naha0: not probed (disabled)\naic0: not probed (disabled)\nbt0: not probed (disabled)\ncs0: not probed (disabled)\ned0: not probed (disabled)\nfdc0 failed to probe at port 0x3f0-0x3f5,0x3f7 irq 6 drq 2 on isa0\nfe0: not probed (disabled)\nie0: not probed (disabled)\nle0: not probed (disabled)\nppc0: parallel port not found.\nppc0: \u003cParallel port\u003e failed to probe at irq 7 on isa0\nsn0: not probed (disabled)\nuart0: \u003cns8250\u003e failed to probe at port 0x3f8-0x3ff irq 4 on isa0\nuart1: \u003cns8250\u003e failed to probe at port 0x2f8-0x2ff irq 3 on isa0\nuart2: not probed (disabled)\nuart3: not probed (disabled)\nisa_probe_children: probing PnP devices\nunknown: \u003cPNP0c01\u003e can't assign resources (memory)\nunknown: \u003cPNP0c01\u003e at iomem 0-0x9ffff pnpid PNP0c01 on isa0\nDevice configuration finished.\nprocfs registered\nTimecounter \"TSC\" frequency 798130616 Hz quality 800\nTimecounters tick every 1.000 msec\nlo0: bpf attached\nhptrr: no controller detected.\nata0: Identifying devices: 00000001\nata0: New devices: 00000001\nusbus0: 12Mbps Full Speed USB v1.0\nusbus1: 12Mbps Full Speed USB v1.0\nusbus2: 480Mbps High Speed USB v2.0\nugen0.1: \u003cVIA\u003e at usbus0\nuhub0: \u003cVIA UHCI root HUB, class 9/0, rev 1.00/1.00, addr 1\u003e on usbus0\nugen1.1: \u003cVIA\u003e at usbus1\nuhub1: \u003cVIA UHCI root HUB, class 9/0, rev 1.00/1.00, addr 1\u003e on usbus1\nugen2.1: \u003cVIA\u003e at usbus2\nuhub2: \u003cVIA EHCI root HUB, class 9/0, rev 2.00/1.00, addr 1\u003e on usbus2\nuhub0: 2 ports with 2 removable, self powered\nuhub1: 2 ports with 2 removable, self powered\nata0: reiniting channel ..\nata0: reset tp1 mask=03 ostat0=58 ostat1=00\nata0: stat0=0x50 err=0x01 lsb=0x00 msb=0x00\nata0: stat1=0x00 err=0x01 lsb=0x00 msb=0x00\nata0: reset tp2 stat0=50 stat1=00 devices=0x1\nata0: reinit done ..\nunknown: FAILURE - ATA_IDENTIFY timed out LBA=0\nuhub2: 4 ports with 4 removable, self powered\nata0: reiniting channel ..\nata0: reset tp1 mask=03 ostat0=58 ostat1=00\nata0: stat0=0x50 err=0x01 lsb=0x00 msb=0x00\nata0: stat1=0x00 err=0x01 lsb=0x00 msb=0x00\nata0: reset tp2 stat0=50 stat1=00 devices=0x1\nata0: reinit done ..\nunknown: FAILURE - ATA_IDENTIFY timed out LBA=0\nata1: Identifying devices: 00000000\nata1: New devices: 00000000\nata2: Identifying devices: 00000001\nata2: New devices: 00000001\nata2-master: pio=PIO4 wdma=WDMA2 udma=UDMA33 cable=40 wire\nad4: 6149MB \u003cSAMSUNG SV0643D KT100\u003e at ata2-master SATA150\nad4: 12594960 sectors [13328C/15H/63S] 16 sectors/interrupt 1 depth queue\nGEOM: new disk ad4\nad4: Silicon Image check1 failed\nad4: Adaptec check1 failed\nad4: LSI (v3) check1 failed\nad4: LSI (v2) check1 failed\nad4: FreeBSD check1 failed\nata3: Identifying devices: 00000000\nata3: New devices: 00000000\nata4: Identifying devices: 00000000\nata4: New devices: 00000000\nata5: Identifying devices: 00000000\nata5: New devices: 00000000\nATA PseudoRAID loaded\nWARNING: WITNESS option enabled, expect reduced performance.\nGEOM: ad4s1: geometry does not match label (255h,63s != 15h,63s).\nGEOM: ad4s2: geometry does not match label (255h,63s != 15h,63s).\nGEOM_LABEL: Label for provider ad4s1a is ufsid/48a498393b6d8bea.\nTrying to mount root from ufs:/dev/ad4s1a\nct_to_ts([2009-05-04 22:10:17]) = 1241475017.000000000\nstart_init: trying /sbin/init\nugen1.2: \u003cGM-TEK\u003e at usbus1\nukbd0: \u003cHID Keyboard\u003e on usbus1\nkbd2 at ukbd0\nkbd2: ukbd0, generic (0), config:0x0, flags:0x3d0000\nums0: \u003cHID Mouse\u003e on usbus1\nums0: 3 buttons and [XYZ] coordinates ID=0\nGEOM_LABEL: Label ufsid/48a498393b6d8bea removed.\nGEOM_LABEL: Label for provider ad4s1a is ufsid/48a498393b6d8bea.\nGEOM_LABEL: Label ufsid/48a498393b6d8bea removed.\nsplash: image decoder found: green_saver\n\npciconf -lv:\n\nhostb0@pci0:0:0:0:\tclass=0x060000 card=0x02951279 chip=0x03951279 rev=0x04 hdr=0x00\n    vendor     = 'Transmeta Corp.'\n    device     = 'LongRun Northbridge'\n    class      = bridge\n    subclass   = HOST-PCI\nnone0@pci0:0:0:1:\tclass=0x050000 card=0x02951279 chip=0x03961279 rev=0x00 hdr=0x00\n    vendor     = 'Transmeta Corp.'\n    device     = 'SDRAM Controller'\n    class      = memory\n    subclass   = RAM\nnone1@pci0:0:0:2:\tclass=0x050000 card=0x02951279 chip=0x03971279 rev=0x00 hdr=0x00\n    vendor     = 'Transmeta Corp.'\n    device     = 'BIOS scratchpad'\n    class      = memory\n    subclass   = RAM\nnone2@pci0:0:0:3:\tclass=0x050000 card=0x00000000 chip=0x03991279 rev=0x00 hdr=0x00\n    vendor     = 'Transmeta Corp.'\n    class      = memory\n    subclass   = RAM\nuhci0@pci0:0:9:0:\tclass=0x0c0300 card=0x30381106 chip=0x30381106 rev=0x61 hdr=0x00\n    vendor     = 'VIA Technologies Inc'\n    device     = 'VT83C572, VT6202 VIA Rev 5 or later USB Universal Host Controller'\n    class      = serial bus\n    subclass   = USB\nuhci1@pci0:0:9:1:\tclass=0x0c0300 card=0x30381106 chip=0x30381106 rev=0x61 hdr=0x00\n    vendor     = 'VIA Technologies Inc'\n    device     = 'VT83C572, VT6202 VIA Rev 5 or later USB Universal Host Controller'\n    class      = serial bus\n    subclass   = USB\nehci0@pci0:0:9:2:\tclass=0x0c0320 card=0x31041106 chip=0x31041106 rev=0x63 hdr=0x00\n    vendor     = 'VIA Technologies Inc'\n    device     = 'VT6202/12 USB 2.0 Enhanced Host Controller'\n    class      = serial bus\n    subclass   = USB\natapci0@pci0:0:11:0:\tclass=0x010400 card=0x61141095 chip=0x31141095 rev=0x02 hdr=0x00\n    vendor     = 'Silicon Image Inc (Was: CMD Technology Inc)'\n    device     = 'Sil 3114 SATALink/SATARaid Controller'\n    class      = mass storage\n    subclass   = RAID\nvgapci0@pci0:0:13:0:\tclass=0x030000 card=0x51591002 chip=0x51591002 rev=0x00 hdr=0x00\n    vendor     = 'ATI Technologies Inc'\n    device     = 'RV100 Radeon 7000 / Radeon VE'\n    class      = display\n    subclass   = VGA\nisab0@pci0:0:17:0:\tclass=0x060100 card=0x00001106 chip=0x82311106 rev=0x10 hdr=0x00\n    vendor     = 'VIA Technologies Inc'\n    device     = 'VT8231 PCI to ISA Bridge'\n    class      = bridge\n    subclass   = PCI-ISA\natapci1@pci0:0:17:1:\tclass=0x01018a card=0x05711106 chip=0x05711106 rev=0x06 hdr=0x00\n    vendor     = 'VIA Technologies Inc'\n    device     = 'VT82C586A/B/VT82C686/A/B/VT823x/A/C Bus Master IDE Controller'\n    class      = mass storage\n    subclass   = ATA\nnone3@pci0:0:17:4:\tclass=0x068000 card=0x82351106 chip=0x82351106 rev=0x10 hdr=0x00\n    vendor     = 'VIA Technologies Inc'\n    device     = 'VT8751 Power Management Controller'\n    class      = bridge\nvr0@pci0:0:18:0:\tclass=0x020000 card=0x01021106 chip=0x30651106 rev=0x51 hdr=0x00\n    vendor     = 'VIA Technologies Inc'\n    device     = 'VT6102 Rhine II PCI Fast Ethernet Controller||Used by GERICOM in laptop Webengine Advanced'\n    class      = network\n    subclass   = ethernet\n\nI can confirm it not working in 8-current as of this day (see dmesg above)\n\nmatheus\n\n-- \nWe will call you cygnus,\nThe God of balance you shall be\n\nA: Because it messes up the order in which people normally read text.\nQ: Why is top-posting such a bad thing?\n\nhttp://en.wikipedia.org/wiki/Posting_style"
}