{
 "id": 591832,
 "bug_id": 153255,
 "attachment_id": 0,
 "creation_time": "2010-12-17T18:10:11Z",
 "creator": "ports@grosbein.net",
 "text": "\tI run four PPPoE network access servers based on\n\tFreeBSD 8.2-PRERELEASE/amd64 and mpd-5.5 (/usr/ports/net/mpd5)\n\tthat extensively use NETGRAPH. Machines use very different hardware\n\tbut same software: they are NanoBSD-based and loaded with same disk image\n\tand nearly same configuration (just distinct IP addresses).\n\n\tAll servers panic under heavy load when they have 900-1800 PPPoE clients\n\tconnected and more than 500Mbps going from uplink to clients\n\tand more than 500Mbps going from clients to uplink same time.\n\n\tAll panics are pretty similar: that's GPF when mpd is active process.\n\tI've got full crashdump for total 4GB of router memory.\n\tHere comes gdb backtrace. Then dmesg output, kernel config file,\n\tboot.conf and sysctl.conf.\n\nScript started on Fri Dec 17 23:32:55 2010\nkgdb kernel.debug /home/crash/vmcore.0\nGNU gdb 6.1.1 [FreeBSD]\nCopyright 2004 Free Software Foundation, Inc.\nGDB is free software, covered by the GNU General Public License, and you are\nwelcome to change it and/or distribute copies of it under certain conditions.\nType \"show copying\" to see the conditions.\nThere is absolutely no warranty for GDB.  Type \"show warranty\" for details.\nThis GDB was configured as \"amd64-marcel-freebsd\"...\n\nUnread portion of the kernel message buffer:\n\n\nFatal trap 9: general protection fault while in kernel mode\ncpuid = 2; apic id = 04\ninstruction pointer\t= 0x20:0xffffffff803df4e6\nstack pointer\t        = 0x28:0xffffff80eb5fc8d0\nframe pointer\t        = 0x28:0xffffff80eb5fc900\ncode segment\t\t= base 0x0, limit 0xfffff, type 0x1b\n\t\t\t= DPL 0, pres 1, long 1, def32 0, gran 1\nprocessor eflags\t= interrupt enabled, resume, IOPL = 0\ncurrent process\t\t= 1951 (mpd5)\ntrap number\t\t= 9\npanic: general protection fault\ncpuid = 2\nUptime: 1d1h36m42s\nDumping 4087 MB (3 chunks)\n  chunk 0: 1MB (155 pages) (CTRL-C to abort)  ... ok\n  chunk 1: 3831MB (980592 pages) 3815 3799 3783 3767 3751 3735 3719 3703 3687 3671 3655 3639 3623 3607 3591 3575 3559 3543 3527 3511 3495 3479 3463 3447 3431 3415 3399 3383 3367 3351 3335 3319 3303 3287 3271 3255 3239 3223 3207 3191 3175 3159 3143 3127 3111 3095 3079 3063 3047 3031 3015 2999 2983 2967 2951 2935 2919 2903 2887 2871 2855 2839 2823 2807 2791 2775 2759 2743 2727 2711 2695 2679 2663 2647 2631 2615 2599 2583 2567 2551 2535 2519 2503 2487 2471 2455 2439 2423 2407 2391 2375 2359 2343 2327 2311 2295 2279 2263 2247 2231 2215 2199 2183 2167 2151 2135 2119 2103 2087 2071 2055 2039 2023 2007 1991 1975 1959 1943 1927 1911 1895 1879 1863 1847 1831 1815 1799 1783 1767 1751 1735 1719 1703 1687 1671 1655 1639 1623 1607 1591 1575 1559 1543 1527 1511 1495 1479 1463 1447 1431 1415 1399 1383 1367 1351 1335 1319 1303 1287 1271 1255 1239 1223 1207 1191 1175 1159 1143 1127 1111 1095 1079 1063 1047 1031 1015 999 983 967 951 935 919 903 887 871 855 839 823 807 791 775 759 743 727 711 !\n 695 679 663 647 631 615 599 583 567 551 535 519 503 487 471 455 439 423 407 391 375 359 343 327 311 295 279 263 247 231 215 199 183 167 151 135 119 103 87 71 55 39 23 7 ... ok\n  chunk 2: 256MB (65536 pages) 241 225 209 193 177 161 145 129 113 97 81 65 49 33 17 1\n\nReading symbols from /boot/kernel/if_lagg.ko...done.\nLoaded symbols for /boot/kernel/if_lagg.ko\nReading symbols from /boot/kernel/ipmi.ko...done.\nLoaded symbols for /boot/kernel/ipmi.ko\n#0  doadump () at pcpu.h:224\n224\t\t__asm(\"movq %%gs:0,%0\" : \"=r\" (td));\n(kgdb) bt\n#0  doadump () at pcpu.h:224\n#1  0xffffffff802feb0e in boot (howto=260) at /home/src/sys/kern/kern_shutdown.c:419\n#2  0xffffffff802fef23 in panic (fmt=0x0) at /home/src/sys/kern/kern_shutdown.c:592\n#3  0xffffffff8049ff4d in trap_fatal (frame=0xffffff0012f12000, eva=Variable \"eva\" is not available.\n) at /home/src/sys/amd64/amd64/trap.c:783\n#4  0xffffffff804a04ba in trap (frame=0xffffff80eb5fc820) at /home/src/sys/amd64/amd64/trap.c:592\n#5  0xffffffff80488a24 in calltrap () at /home/src/sys/amd64/amd64/exception.S:224\n#6  0xffffffff803df4e6 in in_pcbrele (inp=0xffffff0012c7b930) at /home/src/sys/netinet/in_pcb.c:1540\n#7  0xffffffff803e0ba1 in in_pcbfree (inp=0xffffff0012c7b930) at /home/src/sys/netinet/in_pcb.c:1024\n#8  0xffffffff8040dca7 in udp_detach (so=Variable \"so\" is not available.\n) at /home/src/sys/netinet/udp_usrreq.c:1561\n#9  0xffffffff80361624 in sofree (so=0xffffff00d2fecaa0) at /home/src/sys/kern/uipc_socket.c:616\n#10 0xffffffff80362101 in soclose (so=0xffffff00d2fecaa0) at /home/src/sys/kern/uipc_socket.c:708\n#11 0xffffffff802c69f3 in _fdrop (fp=0xffffff00d2868870, td=Variable \"td\" is not available.\n) at file.h:293\n#12 0xffffffff802c7c45 in closef (fp=0xffffff00d2868870, td=0xffffff00212ca460) at /home/src/sys/kern/kern_descrip.c:2117\n#13 0xffffffff802c8443 in kern_close (td=0xffffff00212ca460, fd=Variable \"fd\" is not available.\n) at /home/src/sys/kern/kern_descrip.c:1162\n#14 0xffffffff8033cb85 in syscallenter (td=0xffffff00212ca460, sa=0xffffff80eb5fcba0) at /home/src/sys/kern/subr_trap.c:315\n#15 0xffffffff804a038b in syscall (frame=0xffffff80eb5fcc40) at /home/src/sys/amd64/amd64/trap.c:888\n#16 0xffffffff80488d02 in Xfast_syscall () at /home/src/sys/amd64/amd64/exception.S:377\n#17 0x00000008018e377c in ?? ()\nPrevious frame inner to this frame (corrupt stack?)\n(kgdb) frame 6\n#6  0xffffffff803df4e6 in in_pcbrele (inp=0xffffff0012c7b930) at /home/src/sys/netinet/in_pcb.c:1540\n1540\t\t\t\tfree(phd, M_PCB);\n(kgdb) l\n1535\t\n1536\t\t\tLIST_REMOVE(inp, inp_hash);\n1537\t\t\tLIST_REMOVE(inp, inp_portlist);\n1538\t\t\tif (LIST_FIRST(\u0026phd-\u003ephd_pcblist) == NULL) {\n1539\t\t\t\tLIST_REMOVE(phd, phd_hash);\n1540\t\t\t\tfree(phd, M_PCB);\n1541\t\t\t}\n1542\t\t\tinp-\u003einp_flags \u0026= ~INP_INHASHLIST;\n1543\t\t}\n1544\t\tLIST_REMOVE(inp, inp_list);\n(kgdb) p M_PCB\n$1 = {{ks_next = 0xffffffff80684d40, ks_magic = 877983977, ks_shortdesc = 0xffffffff8054212f \"pcb\", ks_handle = 0xffffff0001648000}}\n(kgdb) p inp-\u003einp_phd\n$2 = (struct inpcbport *) 0xffffff0078c304c0\n(kgdb) p *inp-\u003einp_phd\n$3 = {phd_hash = {le_next = 0x0, le_prev = 0x420f81ef00080800}, phd_pcblist = {lh_first = 0xffffffff8035b850}, phd_port = 36864}\n(kgdb) quit\n\nScript done on Fri Dec 17 23:36:05 2010\n\n\tNow dmesg output:\n\nCopyright (c) 1992-2010 The FreeBSD Project.\nCopyright (c) 1979, 1980, 1983, 1986, 1988, 1989, 1991, 1992, 1993, 1994\n\tThe Regents of the University of California. All rights reserved.\nFreeBSD is a registered trademark of The FreeBSD Foundation.\nFreeBSD 8.2-PRERELEASE #1: Mon Dec 13 11:48:13 NOVT 2010\n    root@k-45-pc-1.sd.rdtc.ru:/usr/local/obj/nanobsd.pppoe/home/src/sys/PPPOE8 amd64\nTimecounter \"i8254\" frequency 1193182 Hz quality 0\nCPU: Intel(R) Core(TM) i7 CPU         860  @ 2.80GHz (2809.81-MHz K8-class CPU)\n  Origin = \"GenuineIntel\"  Id = 0x106e5  Family = 6  Model = 1e  Stepping = 5\n  Features=0xbfebfbff\u003cFPU,VME,DE,PSE,TSC,MSR,PAE,MCE,CX8,APIC,SEP,MTRR,PGE,MCA,CMOV,PAT,PSE36,CLFLUSH,DTS,ACPI,MMX,FXSR,SSE,SSE2,SS,HTT,TM,PBE\u003e\n  Features2=0x98e3fd\u003cSSE3,DTES64,MON,DS_CPL,VMX,SMX,EST,TM2,SSSE3,CX16,xTPR,PDCM,SSE4.1,SSE4.2,POPCNT\u003e\n  AMD Features=0x28100800\u003cSYSCALL,NX,RDTSCP,LM\u003e\n  AMD Features2=0x1\u003cLAHF\u003e\n  TSC: P-state invariant\nreal memory  = 4294967296 (4096 MB)\navail memory = 4117843968 (3927 MB)\nACPI APIC Table: \u003c070710 APIC1713\u003e\nFreeBSD/SMP: Multiprocessor System Detected: 4 CPUs\nFreeBSD/SMP: 1 package(s) x 4 core(s)\n cpu0 (BSP): APIC ID:  0\n cpu1 (AP): APIC ID:  2\n cpu2 (AP): APIC ID:  4\n cpu3 (AP): APIC ID:  6\nioapic0: Changing APIC ID to 7\nioapic0 \u003cVersion 2.0\u003e irqs 0-23 on motherboard\nkbd1 at kbdmux0\nichwd module loaded\nacpi0: \u003c070710 XSDT1713\u003e on motherboard\nacpi0: [ITHREAD]\nacpi0: Power Button (fixed)\nacpi0: reservation of fee00000, 1000 (3) failed\nacpi0: reservation of 0, a0000 (3) failed\nacpi0: reservation of 100000, eff00000 (3) failed\nTimecounter \"ACPI-fast\" frequency 3579545 Hz quality 1000\nacpi_timer0: \u003c24-bit timer at 3.579545MHz\u003e port 0x808-0x80b on acpi0\ncpu0: \u003cACPI CPU\u003e on acpi0\nACPI Warning: Incorrect checksum in table [OEMB] - 0xD7, should be 0xD6 (20101013/tbutils-354)\ncpu1: \u003cACPI CPU\u003e on acpi0\ncpu2: \u003cACPI CPU\u003e on acpi0\ncpu3: \u003cACPI CPU\u003e on acpi0\npcib0: \u003cACPI Host-PCI bridge\u003e port 0xcf8-0xcff on acpi0\npci0: \u003cACPI PCI bus\u003e on pcib0\npcib1: \u003cACPI PCI-PCI bridge\u003e irq 16 at device 3.0 on pci0\npci1: \u003cACPI PCI bus\u003e on pcib1\nigb0: \u003cIntel(R) PRO/1000 Network Connection version - 2.0.7\u003e port 0xb880-0xb89f mem 0xf7ca0000-0xf7cbffff,0xf7000000-0xf73fffff,0xf7cd8000-0xf7cdbfff irq 16 at device 0.0 on pci1\nigb0: Using MSIX interrupts with 5 vectors\nigb0: [ITHREAD]\nigb0: [ITHREAD]\nigb0: [ITHREAD]\nigb0: [ITHREAD]\nigb0: [ITHREAD]\nigb0: Ethernet address: 00:1b:21:72:6c:10\nigb1: \u003cIntel(R) PRO/1000 Network Connection version - 2.0.7\u003e port 0xbc00-0xbc1f mem 0xf7ce0000-0xf7cfffff,0xf7800000-0xf7bfffff,0xf7cdc000-0xf7cdffff irq 17 at device 0.1 on pci1\nigb1: Using MSIX interrupts with 5 vectors\nigb1: [ITHREAD]\nigb1: [ITHREAD]\nigb1: [ITHREAD]\nigb1: [ITHREAD]\nigb1: [ITHREAD]\nigb1: Ethernet address: 00:1b:21:72:6c:11\npci0: \u003cbase peripheral\u003e at device 8.0 (no driver attached)\npci0: \u003cbase peripheral\u003e at device 8.1 (no driver attached)\npci0: \u003cbase peripheral\u003e at device 8.2 (no driver attached)\npci0: \u003cbase peripheral\u003e at device 8.3 (no driver attached)\npci0: \u003cbase peripheral\u003e at device 16.0 (no driver attached)\npci0: \u003cbase peripheral\u003e at device 16.1 (no driver attached)\nehci0: \u003cIntel PCH USB 2.0 controller USB-B\u003e mem 0xf6bfe000-0xf6bfe3ff irq 16 at device 26.0 on pci0\nehci0: [ITHREAD]\nusbus0: EHCI version 1.0\nusbus0: \u003cIntel PCH USB 2.0 controller USB-B\u003e on ehci0\npcib2: \u003cACPI PCI-PCI bridge\u003e irq 17 at device 28.0 on pci0\npci5: \u003cACPI PCI bus\u003e on pcib2\npcib3: \u003cACPI PCI-PCI bridge\u003e irq 19 at device 28.3 on pci0\npci4: \u003cACPI PCI bus\u003e on pcib3\nem0: \u003cIntel(R) PRO/1000 Network Connection 7.1.8\u003e port 0xec00-0xec1f mem 0xf7fe0000-0xf7ffffff,0xf7f00000-0xf7f7ffff,0xf7fdc000-0xf7fdffff irq 19 at device 0.0 on pci4\nem0: Using MSIX interrupts with 3 vectors\nem0: [ITHREAD]\nem0: [ITHREAD]\nem0: [ITHREAD]\nem0: Ethernet address: 00:1b:21:68:56:51\npcib4: \u003cACPI PCI-PCI bridge\u003e irq 17 at device 28.4 on pci0\npci3: \u003cACPI PCI bus\u003e on pcib4\natapci0: \u003cVIA ATA controller\u003e port 0xdc00-0xdc07,0xd880-0xd883,0xd800-0xd807,0xd480-0xd483,0xd400-0xd40f irq 16 at device 0.0 on pci3\natapci0: [ITHREAD]\nata2: \u003cATA channel 0\u003e on atapci0\nata2: [ITHREAD]\nata3: \u003cATA channel 1\u003e on atapci0\nata3: [ITHREAD]\npcib5: \u003cACPI PCI-PCI bridge\u003e irq 16 at device 28.5 on pci0\npci2: \u003cACPI PCI bus\u003e on pcib5\nre0: \u003cRealTek 8168/8111 B/C/CP/D/DP/E PCIe Gigabit Ethernet\u003e port 0xc800-0xc8ff mem 0xf5fff000-0xf5ffffff,0xf5ff8000-0xf5ffbfff irq 17 at device 0.0 on pci2\nre0: Using 1 MSI messages\nre0: Chip rev. 0x28000000\nre0: MAC rev. 0x00000000\nmiibus0: \u003cMII bus\u003e on re0\nrgephy0: \u003cRTL8169S/8110S/8211B media interface\u003e PHY 1 on miibus0\nrgephy0:  10baseT, 10baseT-FDX, 10baseT-FDX-flow, 100baseTX, 100baseTX-FDX, 100baseTX-FDX-flow, 1000baseT, 1000baseT-master, 1000baseT-FDX, 1000baseT-FDX-master, 1000baseT-FDX-flow, 1000baseT-FDX-flow-master, auto, auto-flow\nre0: Ethernet address: 48:5b:39:f7:5a:03\nre0: [FILTER]\nehci1: \u003cIntel PCH USB 2.0 controller USB-A\u003e mem 0xf6bfd000-0xf6bfd3ff irq 23 at device 29.0 on pci0\nehci1: [ITHREAD]\nusbus1: EHCI version 1.0\nusbus1: \u003cIntel PCH USB 2.0 controller USB-A\u003e on ehci1\npcib6: \u003cACPI PCI-PCI bridge\u003e at device 30.0 on pci0\npci6: \u003cACPI PCI bus\u003e on pcib6\nisab0: \u003cPCI-ISA bridge\u003e at device 31.0 on pci0\nisa0: \u003cISA bus\u003e on isab0\natapci1: \u003cIntel 5 Series/3400 Series PCH SATA300 controller\u003e port 0xa880-0xa887,0xa800-0xa803,0xa480-0xa487,0xa400-0xa403,0xa080-0xa09f mem 0xf6bfb000-0xf6bfb7ff irq 21 at device 31.2 on pci0\natapci1: [ITHREAD]\natapci1: AHCI called from vendor specific driver\natapci1: AHCI v1.30 controller with 6 3Gbps ports, PM supported\nata4: \u003cATA channel 0\u003e on atapci1\nata4: [ITHREAD]\nata5: \u003cATA channel 1\u003e on atapci1\nata5: [ITHREAD]\nata6: \u003cATA channel 2\u003e on atapci1\nata6: [ITHREAD]\nata7: \u003cATA channel 3\u003e on atapci1\nata7: [ITHREAD]\nata8: \u003cATA channel 4\u003e on atapci1\nata8: [ITHREAD]\nata9: \u003cATA channel 5\u003e on atapci1\nata9: [ITHREAD]\nichsmb0: \u003cIntel PCH SMBus controller\u003e port 0x400-0x41f mem 0xf6bfc000-0xf6bfc0ff irq 18 at device 31.3 on pci0\nichsmb0: [ITHREAD]\nsmbus0: \u003cSystem Management Bus\u003e on ichsmb0\nsmb0: \u003cSMBus generic I/O\u003e on smbus0\nacpi_button0: \u003cPower Button\u003e on acpi0\natrtc0: \u003cAT realtime clock\u003e port 0x70-0x71 irq 8 on acpi0\nacpi_hpet0: \u003cHigh Precision Event Timer\u003e iomem 0xfed00000-0xfed003ff on acpi0\nTimecounter \"HPET\" frequency 14318180 Hz quality 900\nuart0: \u003c16550 or compatible\u003e port 0x3f8-0x3ff irq 4 flags 0x10 on acpi0\nuart0: [FILTER]\nuart0: console (115200,n,8,1)\nichwd0: \u003cIntel H55 watchdog timer\u003e on isa0\nichwd0: Intel H55 watchdog timer (ICH10 or equivalent)\norm0: \u003cISA Option ROM\u003e at iomem 0xc8000-0xc8fff on isa0\natkbdc0: \u003cKeyboard controller (i8042)\u003e at port 0x60,0x64 on isa0\natkbd0: \u003cAT Keyboard\u003e irq 1 on atkbdc0\nkbd0 at atkbd0\natkbd0: [GIANT-LOCKED]\natkbd0: [ITHREAD]\ncoretemp0: \u003cCPU On-Die Thermal Sensors\u003e on cpu0\nest0: \u003cEnhanced SpeedStep Frequency Control\u003e on cpu0\np4tcc0: \u003cCPU Frequency Thermal Control\u003e on cpu0\ncoretemp1: \u003cCPU On-Die Thermal Sensors\u003e on cpu1\nest1: \u003cEnhanced SpeedStep Frequency Control\u003e on cpu1\np4tcc1: \u003cCPU Frequency Thermal Control\u003e on cpu1\ncoretemp2: \u003cCPU On-Die Thermal Sensors\u003e on cpu2\nest2: \u003cEnhanced SpeedStep Frequency Control\u003e on cpu2\np4tcc2: \u003cCPU Frequency Thermal Control\u003e on cpu2\ncoretemp3: \u003cCPU On-Die Thermal Sensors\u003e on cpu3\nest3: \u003cEnhanced SpeedStep Frequency Control\u003e on cpu3\np4tcc3: \u003cCPU Frequency Thermal Control\u003e on cpu3\nTimecounters tick every 1.000 msec\nipfw2 initialized, divert loadable, nat loadable, rule-based forwarding enabled, default to deny, logging disabled\nload_dn_sched dn_sched RR loaded\nload_dn_sched dn_sched WF2Q+ loaded\nload_dn_sched dn_sched FIFO loaded\nload_dn_sched dn_sched PRIO loaded\nload_dn_sched dn_sched QFQ loaded\nusbus0: 480Mbps High Speed USB v2.0\nusbus1: 480Mbps High Speed USB v2.0\nad0: 61057MB \u003cKINGSTON SNV425S264GB C091126a\u003e at ata4-master UDMA100 SATA 3Gb/s\nSMP: AP CPU #3 Launched!\nSMP: AP CPU #2 Launched!\nSMP: AP CPU #1 Launched!\nugen0.1: \u003cIntel\u003e at usbus0ugen1.1: \u003cIntel\u003e at usbus1\nuhub0: \n\u003cIntel EHCI root HUB, class 9/0, rev 2.00/1.00, addr 1\u003e on usbus0\nuhub1: \u003cIntel EHCI root HUB, class 9/0, rev 2.00/1.00, addr 1\u003e on usbus1\nRoot mount waiting for: usbus1 usbus0\nuhub0: 2 ports with 2 removable, self powered\nuhub1: 2 ports with 2 removable, self powered\nRoot mount waiting for: usbus1 usbus0\nugen0.2: \u003cIntel\u003e at usbus0\nuhub2: \u003cIntel Integrated Rate Matching Hub, class 9/0, rev 2.00/0.00, addr 2\u003e on usbus0\nugen1.2: \u003cIntel\u003e at usbus1\nuhub3: \u003cIntel Integrated Rate Matching Hub, class 9/0, rev 2.00/0.00, addr 2\u003e on usbus1\nRoot mount waiting for: usbus1 usbus0\nuhub2: 6 ports with 6 removable, self powered\nuhub3: 8 ports with 8 removable, self powered\nTrying to mount root from ufs:/dev/ad0s1a\nSetting hostuuid: 142d9a80-791c-11df-86b7-485b39f75a03.\nSetting hostid: 0x950b3200.\nEntropy harvesting:\n interrupts\n ethernet\n point_to_point\n kickstart\n.\nStarting file system checks:\n/dev/ad0s1a: FILE SYSTEM CLEAN; SKIPPING CHECKS\n/dev/ad0s1a: clean, 702718 free (1166 frags, 87694 blocks, 0.1% fragmentation)\n/dev/ad0s3: FILE SYSTEM CLEAN; SKIPPING CHECKS\n/dev/ad0s3: clean, 100806 free (30 frags, 12597 blocks, 0.0% fragmentation)\nMounting local file systems:\n.\nSetting hostname: m-19-pc-2.sd.rdtc.ru\n.\nStarting Network: lo0 igb0 igb1 em0.\nlo0: flags=8049\u003cUP,LOOPBACK,RUNNING,MULTICAST\u003e metric 0 mtu 16384\n\toptions=3\u003cRXCSUM,TXCSUM\u003e\n\tinet 127.0.0.1 netmask 0xff000000 \nigb0: flags=8843\u003cUP,BROADCAST,RUNNING,SIMPLEX,MULTICAST\u003e metric 0 mtu 1500\n\toptions=1bb\u003cRXCSUM,TXCSUM,VLAN_MTU,VLAN_HWTAGGING,JUMBO_MTU,VLAN_HWCSUM,TSO4\u003e\n\tether 00:1b:21:72:6c:10\n\tmedia: Ethernet autoselect\n\tstatus: no carrier\nigb1: flags=8843\u003cUP,BROADCAST,RUNNING,SIMPLEX,MULTICAST\u003e metric 0 mtu 1500\n\toptions=1bb\u003cRXCSUM,TXCSUM,VLAN_MTU,VLAN_HWTAGGING,JUMBO_MTU,VLAN_HWCSUM,TSO4\u003e\n\tether 00:1b:21:72:6c:11\n\tmedia: Ethernet autoselect\n\tstatus: no carrier\nem0: flags=8843\u003cUP,BROADCAST,RUNNING,SIMPLEX,MULTICAST\u003e metric 0 mtu 1500\n\toptions=19b\u003cRXCSUM,TXCSUM,VLAN_MTU,VLAN_HWTAGGING,VLAN_HWCSUM,TSO4\u003e\n\tether 00:1b:21:68:56:51\n\tinet 62.231.191.246 netmask 0xfffffffc broadcast 62.231.191.247\n\tmedia: Ethernet autoselect\n\tstatus: no carrier\nadd net default: gateway 62.231.191.245\nAdditional routing options:\n IP gateway=YES\n.\nStarting zebra.\nStarting ospfd.\nDec 17 22:02:36 ospfd[602]: ASBR[Status:1]: Update\n/etc/rc: WARNING: run_rc_command: cannot run /sbin/devd\nGenerating host.conf.\nFirewall rules loaded.\nCreating and/or trimming log files\n.\nStarting syslogd.\nsavecore: reboot after panic: general protection fault\nsavecore: no dump, not enough free space on device (450468 available, need 4185138)\nsavecore: unsaved dumps found but not saved\nNo crash dumps in /var/crash.\nELF ldconfig path: /lib /usr/lib /usr/local/lib\n32-bit compatibility ldconfig path:\nClearing /tmp (X related).\nStarting watchdogd.\nStarting local daemons:\n.\nUpdating motd:\n.\nStarting ntpd.\nStarting sshd.\nigb0: link state changed to UP\nvlan990: link state changed to UP\nvlan952: link state changed to UP\nvlan922: link state changed to UP\nvlan884: link state changed to UP\nvlan854: link state changed to UP\nvlan816: link state changed to UP\nvlan786: link state changed to UP\nvlan718: link state changed to UP\nvlan680: link state changed to UP\nvlan650: link state changed to UP\nvlan544: link state changed to UP\nvlan476: link state changed to UP\nvlan34: link state changed to UP\nvlan68: link state changed to UP\nvlan170: link state changed to UP\nvlan204: link state changed to UP\nvlan272: link state changed to UP\nvlan340: link state changed to UP\nvlan991: link state changed to UP\nvlan953: link state changed to UP\nvlan885: link state changed to UP\nvlan855: link state changed to UP\nvlan817: link state changed to UP\nvlan787: link state changed to UP\nvlan719: link state changed to UP\nvlan681: link state changed to UP\nvlan651: link state changed to UP\nvlan583: link state changed to UP\nvlan545: link state changed to UP\nvlan515: link state changed to UP\nvlan477: link state changed to UP\nvlan103: link state changed to UP\nvlan239: link state changed to UP\nvlan341: link state changed to UP\nvlan988: link state changed to UP\nvlan954: link state changed to UP\nvlan886: link state changed to UP\nvlan852: link state changed to UP\nvlan818: link state changed to UP\nvlan784: link state changed to UP\nvlan750: link state changed to UP\nvlan682: link state changed to UP\nvlan648: link state changed to UP\nvlan546: link state changed to UP\nvlan478: link state changed to UP\nvlan372: link state changed to UP\nvlan70: link state changed to UP\nvlan236: link state changed to UP\nvlan342: link state changed to UP\nvlan989: link state changed to UP\nvlan955: link state changed to UP\nvlan887: link state changed to UP\nvlan853: link state changed to UP\nvlan819: link state changed to UP\nvlan785: link state changed to UP\nvlan683: link state changed to UP\nvlan649: link state changed to UP\nvlan479: link state changed to UP\nvlan441: link state changed to UP\nvlan411: link state changed to UP\nvlan373: link state changed to UP\nvlan986: link state changed to UP\nvlan956: link state changed to UP\nvlan926: link state changed to UP\nvlan880: link state changed to UP\nvlan850: link state changed to UP\nvlan820: link state changed to UP\nvlan790: link state changed to UP\nvlan714: link state changed to UP\nvlan684: link state changed to UP\nvlan654: link state changed to UP\nvlan608: link state changed to UP\nvlan472: link state changed to UP\nvlan412: link state changed to UP\nvlan38: link state changed to UP\nvlan336: link state changed to UP\nvlan370: link state changed to UP\nvlan987: link state changed to UP\nvlan957: link state changed to UP\nvlan881: link state changed to UP\nvlan851: link state changed to UP\nvlan821: link state changed to UP\nvlan791: link state changed to UP\nvlan685: link state changed to UP\nvlan655: link state changed to UP\nvlan519: link state changed to UP\nvlan473: link state changed to UP\nvlan447: link state changed to UP\nvlan337: link state changed to UP\nvlan371: link state changed to UP\nvlan984: link state changed to UP\nvlan958: link state changed to UP\nvlan924: link state changed to UP\nvlan882: link state changed to UP\nvlan848: link state changed to UP\nvlan788: link state changed to UP\nvlan712: link state changed to UP\nvlan686: link state changed to UP\nvlan652: link state changed to UP\nvlan516: link state changed to UP\nvlan504: link state changed to UP\nvlan474: link state changed to UP\nvlan444: link state changed to UP\nvlan278: link state changed to UP\nvlan338: link state changed to UP\nvlan368: link state changed to UP\nvlan985: link state changed to UP\nvlan959: link state changed to UP\nvlan925: link state changed to UP\nvlan883: link state changed to UP\nvlan849: link state changed to UP\nvlan823: link state changed to UP\nvlan789: link state changed to UP\nvlan687: link state changed to UP\nvlan653: link state changed to UP\nvlan475: link state changed to UP\nvlan37: link state changed to UP\nvlan339: link state changed to UP\nvlan369: link state changed to UP\nvlan982: link state changed to UP\nvlan944: link state changed to UP\nvlan892: link state changed to UP\nvlan862: link state changed to UP\nvlan824: link state changed to UP\nvlan794: link state changed to UP\nvlan672: link state changed to UP\nvlan522: link state changed to UP\nvlan502: link state changed to UP\nvlan468: link state changed to UP\nvlan382: link state changed to UP\nvlan42: link state changed to UP\nvlan76: link state changed to UP\nvlan162: link state changed to UP\nvlan196: link state changed to UP\nvlan983: link state changed to UP\nvlan945: link state changed to UP\nvlan915: link state changed to UP\nvlan893: link state changed to UP\nvlan863: link state changed to UP\nvlan825: link state changed to UP\nvlan795: link state changed to UP\nvlan741: link state changed to UP\nvlan673: link state changed to UP\nvlan643: link state changed to UP\nvlan503: link state changed to UP\nvlan469: link state changed to UP\nvlan383: link state changed to UP\nvlan9: link state changed to UP\nvlan43: link state changed to UP\nvlan197: link state changed to UP\nvlan231: link state changed to UP\nvlan315: link state changed to UP\nvlan349: link state changed to UP\nvlan980: link state changed to UP\nvlan946: link state changed to UP\nvlan894: link state changed to UP\nvlan860: link state changed to UP\nvlan826: link state changed to UP\nvlan792: link state changed to UP\nvlan742: link state changed to UP\nvlan674: link state changed to UP\nvlan520: link state changed to UP\nvlan470: link state changed to UP\nvlan380: link state changed to UP\nvlan40: link state changed to UP\nvlan78: link state changed to UP\nvlan312: link state changed to UP\nvlan350: link state changed to UP\nvlan981: link state changed to UP\nvlan947: link state changed to UP\nvlan895: link state changed to UP\nvlan861: link state changed to UP\nvlan827: link state changed to UP\nvlan793: link state changed to UP\nvlan521: link state changed to UP\nvlan471: link state changed to UP\nvlan403: link state changed to UP\nvlan381: link state changed to UP\nvlan161: link state changed to UP\nvlan351: link state changed to UP\nvlan978: link state changed to UP\nvlan948: link state changed to UP\nvlan888: link state changed to UP\nvlan858: link state changed to UP\nvlan828: link state changed to UP\nvlan798: link state changed to UP\nvlan646: link state changed to UP\nvlan556: link state changed to UP\nvlan526: link state changed to UP\nvlan498: link state changed to UP\nvlan464: link state changed to UP\nvlan438: link state changed to UP\nvlan404: link state changed to UP\nvlan378: link state changed to UP\nvlan72: link state changed to UP\nvlan192: link state changed to UP\nvlan318: link state changed to UP\nvlan979: link state changed to UP\nvlan949: link state changed to UP\nvlan889: link state changed to UP\nvlan859: link state changed to UP\nvlan829: link state changed to UP\nvlan799: link state changed to UP\nvlan677: link state changed to UP\nvlan647: link state changed to UP\nvlan527: link state changed to UP\nvlan465: link state changed to UP\nvlan439: link state changed to UP\nvlan107: link state changed to UP\nvlan193: link state changed to UP\nvlan319: link state changed to UP\nvlan976: link state changed to UP\nvlan950: link state changed to UP\nvlan916: link state changed to UP\nvlan890: link state changed to UP\nvlan856: link state changed to UP\nvlan830: link state changed to UP\nvlan796: link state changed to UP\nvlan678: link state changed to UP\nvlan644: link state changed to UP\nvlan496: link state changed to UP\nvlan376: link state changed to UP\nvlan74: link state changed to UP\nvlan104: link state changed to UP\nvlan194: link state changed to UP\nvlan316: link state changed to UP\nvlan977: link state changed to UP\nvlan951: link state changed to UP\nvlan917: link state changed to UP\nvlan891: link state changed to UP\nvlan857: link state changed to UP\nvlan831: link state changed to UP\nvlan797: link state changed to UP\nvlan679: link state changed to UP\nvlan645: link state changed to UP\nvlan497: link state changed to UP\nvlan437: link state changed to UP\nvlan45: link state changed to UP\nvlan195: link state changed to UP\nvlan287: link state changed to UP\nvlan317: link state changed to UP\nvlan975: link state changed to UP\nvlan869: link state changed to UP\nvlan839: link state changed to UP\nvlan801: link state changed to UP\nvlan765: link state changed to UP\nvlan697: link state changed to UP\nvlan667: link state changed to UP\nvlan599: link state changed to UP\nvlan531: link state changed to UP\nvlan495: link state changed to UP\nvlan85: link state changed to UP\nvlan153: link state changed to UP\nvlan187: link state changed to UP\nvlan255: link state changed to UP\nvlan257: link state changed to UP\nvlan325: link state changed to UP\nvlan359: link state changed to UP\nvlan974: link state changed to UP\nvlan868: link state changed to UP\nvlan838: link state changed to UP\nvlan764: link state changed to UP\nvlan696: link state changed to UP\nvlan666: link state changed to UP\nvlan530: link state changed to UP\nvlan494: link state changed to UP\nvlan84: link state changed to UP\nvlan186: link state changed to UP\nvlan254: link state changed to UP\nvlan290: link state changed to UP\nvlan324: link state changed to UP\nvlan358: link state changed to UP\nvlan973: link state changed to UP\nvlan871: link state changed to UP\nvlan837: link state changed to UP\nvlan803: link state changed to UP\nvlan767: link state changed to UP\nvlan699: link state changed to UP\nvlan529: link state changed to UP\nvlan493: link state changed to UP\nvlan463: link state changed to UP\nvlan19: link state changed to UP\nvlan49: link state changed to UP\nvlan185: link state changed to UP\nvlan289: link state changed to UP\nvlan327: link state changed to UP\nvlan357: link state changed to UP\nvlan972: link state changed to UP\nvlan904: link state changed to UP\nvlan870: link state changed to UP\nvlan836: link state changed to UP\nvlan802: link state changed to UP\nvlan698: link state changed to UP\nvlan664: link state changed to UP\nvlan528: link state changed to UP\nvlan492: link state changed to UP\nvlan462: link state changed to UP\nvlan394: link state changed to UP\nvlan48: link state changed to UP\nvlan184: link state changed to UP\nvlan222: link state changed to UP\nvlan326: link state changed to UP\nvlan356: link state changed to UP\nvlan971: link state changed to UP\nvlan865: link state changed to UP\nvlan835: link state changed to UP\nvlan805: link state changed to UP\nvlan775: link state changed to UP\nvlan761: link state changed to UP\nvlan701: link state changed to UP\nvlan491: link state changed to UP\nvlan457: link state changed to UP\nvlan397: link state changed to UP\nvlan21: link state changed to UP\nvlan191: link state changed to UP\nvlan251: link state changed to UP\nvlan261: link state changed to UP\nvlan321: link state changed to UP\nvlan355: link state changed to UP\nvlan1000: link state changed to UP\nvlan970: link state changed to UP\nvlan864: link state changed to UP\nvlan834: link state changed to UP\nvlan804: link state changed to UP\nvlan774: link state changed to UP\nvlan760: link state changed to UP\nvlan670: link state changed to UP\nvlan534: link state changed to UP\nvlan490: link state changed to UP\nvlan456: link state changed to UP\nvlan80: link state changed to UP\nvlan114: link state changed to UP\nvlan190: link state changed to UP\nvlan216: link state changed to UP\nvlan260: link state changed to UP\nvlan294: link state changed to UP\nvlan320: link state changed to UP\nvlan354: link state changed to UP\nvlan969: link state changed to UP\nvlan943: link state changed to UP\nvlan867: link state changed to UP\nvlan833: link state changed to UP\nvlan807: link state changed to UP\nvlan773: link state changed to UP\nvlan763: link state changed to UP\nvlan669: link state changed to UP\nvlan533: link state changed to UP\nvlan489: link state changed to UP\nvlan459: link state changed to UP\nvlan399: link state changed to UP\nvlan189: link state changed to UP\nvlan323: link state changed to UP\nvlan353: link state changed to UP\nvlan968: link state changed to UP\nvlan866: link state changed to UP\nvlan832: link state changed to UP\nvlan806: link state changed to UP\nvlan762: link state changed to UP\nvlan668: link state changed to UP\nvlan488: link state changed to UP\nvlan458: link state changed to UP\nvlan398: link state changed to UP\nvlan52: link state changed to UP\nvlan188: link state changed to UP\nvlan322: link state changed to UP\nvlan352: link state changed to UP\nvlan967: link state changed to UP\nvlan899: link state changed to UP\nvlan877: link state changed to UP\nvlan847: link state changed to UP\nvlan809: link state changed to UP\nvlan779: link state changed to UP\nvlan757: link state changed to UP\nvlan689: link state changed to UP\nvlan659: link state changed to UP\nvlan569: link state changed to UP\nvlan539: link state changed to UP\nvlan487: link state changed to UP\nvlan385: link state changed to UP\nvlan265: link state changed to UP\nvlan876: link state changed to UP\nvlan846: link state changed to UP\nvlan808: link state changed to UP\nvlan756: link state changed to UP\nvlan688: link state changed to UP\nvlan658: link state changed to UP\nvlan486: link state changed to UP\nvlan384: link state changed to UP\nvlan58: link state changed to UP\nvlan264: link state changed to UP\nvlan332: link state changed to UP\nvlan965: link state changed to UP\nvlan879: link state changed to UP\nvlan845: link state changed to UP\nvlan811: link state changed to UP\nvlan759: link state changed to UP\nvlan691: link state changed to UP\nvlan657: link state changed to UP\nvlan485: link state changed to UP\nvlan455: link state changed to UP\nvlan417: link state changed to UP\nvlan387: link state changed to UP\nvlan245: link state changed to UP\nvlan267: link state changed to UP\nvlan335: link state changed to UP\nvlan964: link state changed to UP\nvlan930: link state changed to UP\nvlan878: link state changed to UP\nvlan844: link state changed to UP\nvlan810: link state changed to UP\nvlan776: link state changed to UP\nvlan758: link state changed to UP\nvlan724: link state changed to UP\nvlan690: link state changed to UP\nvlan656: link state changed to UP\nvlan484: link state changed to UP\nvlan454: link state changed to UP\nvlan386: link state changed to UP\nvlan94: link state changed to UP\nvlan214: link state changed to UP\nvlan266: link state changed to UP\nvlan334: link state changed to UP\nvlan364: link state changed to UP\nvlan963: link state changed to UP\nvlan873: link state changed to UP\nvlan843: link state changed to UP\nvlan813: link state changed to UP\nvlan783: link state changed to UP\nvlan693: link state changed to UP\nvlan663: link state changed to UP\nvlan543: link state changed to UP\nvlan483: link state changed to UP\nvlan449: link state changed to UP\nvlan389: link state changed to UP\nvlan63: link state changed to UP\nvlan183: link state changed to UP\nvlan269: link state changed to UP\nvlan329: link state changed to UP\nvlan363: link state changed to UP\nvlan962: link state changed to UP\nvlan932: link state changed to UP\nvlan902: link state changed to UP\nvlan842: link state changed to UP\nvlan812: link state changed to UP\nvlan782: link state changed to UP\nvlan752: link state changed to UP\nvlan692: link state changed to UP\nvlan662: link state changed to UP\nvlan542: link state changed to UP\nvlan482: link state changed to UP\nvlan388: link state changed to UP\nvlan208: link state changed to UP\nvlan268: link state changed to UP\nvlan328: link state changed to UP\nvlan362: link state changed to UP\nvlan961: link state changed to UP\nvlan875: link state changed to UP\nvlan841: link state changed to UP\nvlan815: link state changed to UP\nvlan755: link state changed to UP\nvlan695: link state changed to UP\nvlan661: link state changed to UP\nvlan541: link state changed to UP\nvlan481: link state changed to UP\nvlan451: link state changed to UP\nvlan391: link state changed to UP\nvlan211: link state changed to UP\nvlan241: link state changed to UP\nvlan271: link state changed to UP\nvlan331: link state changed to UP\nvlan361: link state changed to UP\nvlan960: link state changed to UP\nvlan874: link state changed to UP\nvlan840: link state changed to UP\nvlan814: link state changed to UP\nvlan694: link state changed to UP\nvlan660: link state changed to UP\nvlan540: link state changed to UP\nvlan480: link state changed to UP\nvlan450: link state changed to UP\nvlan420: link state changed to UP\nvlan390: link state changed to UP\nvlan90: link state changed to UP\nvlan210: link state changed to UP\nvlan240: link state changed to UP\nvlan330: link state changed to UP\nvlan360: link state changed to UP\nem0: link state changed to UP\nStarting cron.\nStarting bsnmpd.\nStarting background file system checks in 60 seconds.\n\nFri Dec 17 22:02:42 NOVT 2010\n\n\tThe kernel is mostly monolithic; if_lagg.ko and ipmi.ko are loaded\n\tbut unused - this particular box has no lagg devices configured and no IPMI hardware.\n\tHere comes kernel config file:\n\ncpu\t\tHAMMER\nident\t\tPPPOE\n\n# To statically compile in device wiring instead of /boot/device.hints\n#hints\t\t\"GENERIC.hints\"\t\t# Default places to look for devices.\n\n# Use the following to compile in values accessible to the kernel\n# through getenv() (or kenv(1) in userland). The format of the file\n# is 'variable=value', see kenv(1)\n#\n# env\t\t\"GENERIC.env\"\n\nmakeoptions\tDEBUG=-g\t\t# Build kernel with gdb(1) debug symbols\n\noptions \tSCHED_ULE\t\t# ULE scheduler\noptions \tPREEMPTION\t\t# Enable kernel thread preemption\noptions \tINET\t\t\t# InterNETworking\n#options \tINET6\t\t\t# IPv6 communications protocols\n#options \tSCTP\t\t\t# Stream Control Transmission Protocol\noptions \tFFS\t\t\t# Berkeley Fast Filesystem\noptions \tSOFTUPDATES\t\t# Enable FFS soft updates support\noptions \tUFS_ACL\t\t\t# Support for access control lists\noptions \tUFS_DIRHASH\t\t# Improve performance on big directories\noptions \tUFS_GJOURNAL\t\t# Enable gjournal-based UFS journaling\noptions \tMD_ROOT\t\t\t# MD is a potential root device\n#options \tNFSCLIENT\t\t# Network Filesystem Client\n#options \tNFSSERVER\t\t# Network Filesystem Server\n#options \tNFSLOCKD\t\t# Network Lock Manager\noptions \tNFS_ROOT\t\t# NFS usable as /, requires NFSCLIENT\n#options \tMSDOSFS\t\t\t# MSDOS Filesystem\n#options \tCD9660\t\t\t# ISO 9660 Filesystem\n#options \tPROCFS\t\t\t# Process filesystem (requires PSEUDOFS)\noptions \tPSEUDOFS\t\t# Pseudo-filesystem framework\noptions \tGEOM_PART_GPT\t\t# GUID Partition Tables.\noptions \tGEOM_LABEL\t\t# Provides labelization\noptions \tGEOM_JOURNAL\noptions \tCOMPAT_43TTY\t\t# BSD 4.3 TTY compat (sgtty)\noptions \tCOMPAT_FREEBSD32\t# Compatible with i386 binaries\n#options \tCOMPAT_FREEBSD4\t\t# Compatible with FreeBSD4\n#options \tCOMPAT_FREEBSD5\t\t# Compatible with FreeBSD5\n#options \tCOMPAT_FREEBSD6\t\t# Compatible with FreeBSD6\n#options \tCOMPAT_FREEBSD7\t\t# Compatible with FreeBSD7\n#options \tSCSI_DELAY=5000\t\t# Delay (in ms) before probing SCSI\noptions \tKTRACE\t\t\t# ktrace(1) support\noptions \tSTACK\t\t\t# stack(9) support\noptions \tSYSVSHM\t\t\t# SYSV-style shared memory\noptions \tSYSVMSG\t\t\t# SYSV-style message queues\noptions \tSYSVSEM\t\t\t# SYSV-style semaphores\noptions \tP1003_1B_SEMAPHORES\t# POSIX-style semaphores\noptions \t_KPOSIX_PRIORITY_SCHEDULING # POSIX P1003_1B real-time extensions\noptions \tPRINTF_BUFR_SIZE=128\t# Prevent printf output being interspersed.\noptions \tKBD_INSTALL_CDEV\t# install a CDEV entry in /dev\noptions \tHWPMC_HOOKS\t\t# Necessary kernel hooks for hwpmc(4)\noptions \tAUDIT\t\t\t# Security event auditing\noptions \tMAC\t\t\t# TrustedBSD MAC Framework\n#options\tFLOWTABLE\t\t# per-cpu routing cache\n#options \tKDTRACE_FRAME\t\t# Ensure frames are compiled in\n#options \tKDTRACE_HOOKS\t\t# Kernel DTrace hooks\noptions \tINCLUDE_CONFIG_FILE     # Include this file in kernel\n\n# Make an SMP-capable kernel by default\noptions \tSMP\t\t\t# Symmetric MultiProcessor Kernel\n\n# CPU frequency control\ndevice\t\tcpufreq\n\n# Bus support.\ndevice\t\tacpi\ndevice\t\tpci\n\n# Floppy drives\n#device\t\tfdc\n\n# ATA and ATAPI devices\ndevice\t\tata\ndevice\t\tatadisk\t\t# ATA disk drives\n#device\t\tataraid\t\t# ATA RAID drives\ndevice\t\tatapicd\t\t# ATAPI CDROM drives\n#device\t\tatapifd\t\t# ATAPI floppy drives\n#device\t\tatapist\t\t# ATAPI tape drives\n#options \tATA_STATIC_ID\t# Static device numbering\n\n# SCSI peripherals\ndevice\t\tscbus\t\t# SCSI bus (required for SCSI)\n#device\t\tch\t\t# SCSI media changers\ndevice\t\tda\t\t# Direct Access (disks)\n#device\t\tsa\t\t# Sequential Access (tape etc)\ndevice\t\tcd\t\t# CD\ndevice\t\tpass\t\t# Passthrough device (direct SCSI access)\n#device\t\tses\t\t# SCSI Environmental Services (and SAF-TE)\n\n# atkbdc0 controls both the keyboard and the PS/2 mouse\ndevice\t\tatkbdc\t\t# AT keyboard controller\ndevice\t\tatkbd\t\t# AT keyboard\ndevice\t\tpsm\t\t# PS/2 mouse\n\ndevice\t\tkbdmux\t\t# keyboard multiplexer\n\ndevice\t\tvga\t\t# VGA video card driver\n\n#device\t\tsplash\t\t# Splash screen and screen saver support\n\n# syscons is the default console driver, resembling an SCO console\ndevice\t\tsc\n\n#device\t\tagp\t\t# support several AGP chipsets\n\n# Serial (COM) ports\ndevice\t\tuart\t\t# Generic UART driver\n\n# PCI Ethernet NICs.\ndevice\t\tem\t\t# Intel PRO/1000 Gigabit Ethernet Family\ndevice\t\tigb\n\n# PCI Ethernet NICs that use the common MII bus controller code.\n# NOTE: Be sure to keep the 'device miibus' line in order to use these NICs!\ndevice\t\tmiibus\t\t# MII bus support\ndevice\t\tre\n\n# Pseudo devices.\ndevice\t\tloop\t\t# Network loopback\ndevice\t\trandom\t\t# Entropy device\ndevice\t\tether\t\t# Ethernet support\ndevice\t\tvlan\t\t# 802.1Q VLAN support\n#device\t\ttun\t\t# Packet tunnel.\ndevice\t\tpty\t\t# BSD-style compatibility pseudo ttys\ndevice\t\tmd\t\t# Memory \"disks\"\ndevice\t\tgif\t\t# IPv6 and IPv4 tunneling\n#device\t\tfaith\t\t# IPv6-to-IPv4 relaying (translation)\ndevice\t\tfirmware\t# firmware assist module\ndevice\t\tsnp\n\n# The `bpf' device enables the Berkeley Packet Filter.\n# Be aware of the administrative consequences of enabling this!\n# Note that 'bpf' is required for DHCP.\ndevice\t\tbpf\t\t# Berkeley packet filter\n\n# USB support\n#options \tUSB_DEBUG\t# enable debug msgs\noptions\t\tUSB_VERBOSE\ndevice\t\tuhci\t\t# UHCI PCI-\u003eUSB interface\ndevice\t\tehci\t\t# EHCI PCI-\u003eUSB interface (USB 2.0)\ndevice\t\tusb\t\t# USB Bus (required)\ndevice\t\tukbd\t\t# Keyboard\ndevice\t\tumass\t\t# Disks/Mass storage - Requires scbus and da\ndevice\t\tums\t\t# Mouse\n\ndevice\t\tucom\n# USB support for Technologies ARK3116 based serial adapters\ndevice\t\tuark\n# USB support for Belkin F5U103 and compatible serial adapters\ndevice\t\tubsa\n# USB support for serial adapters based on the FT8U100AX and FT8U232AM\ndevice\t\tuftdi\n# USB support for some Windows CE based serial communication.\ndevice\t\tuipaq\n# USB support for Prolific PL-2303 serial adapters\ndevice\t\tuplcom\n# USB support for Silicon Laboratories CP2101/CP2102 based USB serial adapters\ndevice\t\tuslcom\n\n#options\t\tIPSEC\n#device\t\tcrypto\n\noptions\t\tNETGRAPH\noptions\t\tNETGRAPH_ETHER\noptions\t\tNETGRAPH_IFACE\noptions         NETGRAPH_MPPC_ENCRYPTION\noptions\t\tNETGRAPH_PPP\noptions\t\tNETGRAPH_PPPOE\noptions\t\tNETGRAPH_SOCKET\noptions\t\tNETGRAPH_TCPMSS\noptions\t\tNETGRAPH_TEE\noptions\t\tNETGRAPH_VJC\n\noptions\t\tIPFIREWALL\noptions\t\tIPFIREWALL_FORWARD\n#options\t\tIPDIVERT\noptions\t\tDUMMYNET\n\noptions\t\tVFS_AIO\n\ndevice\t\tsmbus\ndevice\t\tsmb\ndevice\t\tichsmb\ndevice\t\tiicbus\ndevice\t\tiicbb\ndevice\t\tic\ndevice\t\tiic\ndevice\t\tiicsmb\ndevice\t\tcoretemp\ndevice\t\tichwd\ndevice\t\tnvram\n\n#options\t\tDEVICE_POLLING\n\n#options         KDB\n#options         KDB_TRACE\n#options         KDB_UNATTENDED\n#options\t\tDDB\n#options\t\tDDB_NUMSYM\n\n\n\tNow /boot/loader.conf:\n\nconsole=\"vidconsole comconsole\"\ncomconsole_speed=115200\naiboost_load=\"YES\"\n\nbeastie_disable=\"YES\"\nautoboot_delay=\"2\"\n\nhw.em.rxd=4096\nhw.em.txd=4096\nhw.igb.rxd=4096\nhw.igb.txd=4096\nvm.kmem_size=3G\nmachdep.hyperthreading_allowed=0\n\nif_lagg_load=\"YES\"\nipmi_load=\"YES\"\n\n# netgraph queue sizes tuning, see vmstat -z|egrep 'ITEM|NetGraph'\nnet.graph.maxdata=65536\nnet.graph.maxalloc=65536\nnet.isr.maxthreads=4\n# default value\n#net.isr.maxqlimit=10240\n# for rtsock\nnet.route.netisr_maxqlen=4096\n# for other protocols (IP \u0026 PPPoE?)\nnet.isr.defaultqlimit=4096\n\n\tNow /etc/sysctl.conf:\n\ndev.em.0.rx_int_delay=200\ndev.em.0.tx_int_delay=200\ndev.em.0.rx_abs_int_delay=4000\ndev.em.0.tx_abs_int_delay=4000\ndev.em.0.rx_processing_limit=4096\n\nnet.inet.ip.intr_queue_maxlen=4096 \nnet.inet.ip.fastforwarding=1\n\nnet.inet.ip.dummynet.pipe_slot_limit=1000\nnet.inet.ip.dummynet.io_fast=1\n\nkern.ipc.nmbclusters=100000\nkern.ipc.nmbjumbop=100000\nkern.ipc.maxsockbuf=83886080\n\nnet.graph.maxdgram=8388608\nnet.graph.recvspace=8388608\n\nnet.isr.direct=0\nnet.isr.direct_force=0\n\nnet.inet.ip.redirect=0\nnet.inet.ip.ttl=128\nnet.inet.ip.random_id=1\nnet.inet.tcp.blackhole=1\nnet.inet.tcp.drop_synfin=1\nnet.inet.tcp.path_mtu_discovery=0\nnet.inet.icmp.drop_redirect=1\nnet.inet.tcp.ecn.enable=1\nnet.inet.ip.ttl=130\n\ndebug.minidump=0\n\nFix: \n\nUnknown.\n\n\nEugene Grosbein\nHow-To-Repeat: \n\tIt takes one-three days for panic to occur\n\tand seem to depend from load: more load, less time to panic."
}