{
 "id": 1199240,
 "bug_id": 261948,
 "attachment_id": 0,
 "creation_time": "2022-02-14T15:40:47Z",
 "creator": "szczepan@szczepan.net",
 "text": "Trying to boot FreeBSD 13-STABLE / 14-CURRENT (also tried 13-RELEASE) - effect is the same, after booting kernel, there's a stuck loop:\n\nLoading kernel...\n/boot/kernel/kernel text=0x2a8 text=0x84ad60 text=0x247f14 data=0x1b92a8 data=0x0+0x40d000 syms=[0x8+0x133158+0x8+0x15a65a]\nLoading configured modules...\ncan't find '/boot/entropy'\ncan't find '/etc/hostid'\nNo valid device tree blob found!\nWARNING! Trying to fire up the kernel, but no device tree blob found!\nEFI framebuffer information:\naddr, size     0x0, 0x0\ndimensions     0 x 0\nstride         0\nmasks          0x00000000, 0x00000000, 0x00000000, 0x00000000\n---\u003c\u003cBOOT\u003e\u003e---\nGDB: no debug ports present\nKDB: debugger backends: ddb\nKDB: current backend: ddb\nCopyright (c) 1992-2022 The FreeBSD Project.\nCopyright (c) 1979, 1980, 1983, 1986, 1988, 1989, 1991, 1992, 1993, 1994\n        The Regents of the University of California. All rights reserved.\nFreeBSD is a registered trademark of The FreeBSD Foundation.\nFreeBSD 14.0-CURRENT #0 main-n253065-8dc42f98047: Thu Feb 10 06:40:36 UTC 2022\n    root@releng1.nyi.freebsd.org:/usr/obj/usr/src/arm64.aarch64/sys/GENERIC arm64\nFreeBSD clang version 13.0.0 (git@github.com:llvm/llvm-project.git llvmorg-13.0.0-0-gd7b669b3a303)\nWARNING: WITNESS option enabled, expect reduced performance.\nVT: init without driver.\nmodule firmware already present!\nreal memory  = 25766789120 (24573 MB)\navail memory = 25096417280 (23933 MB)\nStarting CPU 1 (1)\nStarting CPU 2 (2)\nStarting CPU 3 (3)\nFreeBSD/SMP: Multiprocessor System Detected: 4 CPUs\narc4random: WARNING: initial seeding bypassed the cryptographic random device because it was not yet seeded and the knob 'bypass_before_seeding' was enabled.\nrandom: entropy device external interface\nMAP 6386b0000 mode 2 pages 80\nMAP 638700000 mode 2 pages 80\nMAP 638750000 mode 2 pages 80\nMAP 6387a0000 mode 2 pages 80\nMAP 6387f0000 mode 2 pages 192\nMAP 6388b0000 mode 2 pages 96\nMAP 638910000 mode 2 pages 160\nMAP 6389b0000 mode 2 pages 80\nMAP 638a00000 mode 2 pages 80\nMAP 638a50000 mode 2 pages 240\nMAP 63be20000 mode 2 pages 144\nMAP 63bec0000 mode 2 pages 288\nMAP 4000000 mode 0 pages 16384\nMAP 9010000 mode 0 pages 1\nkbd0 at kbdmux0\nacpi0: \u003cBOCHS BXPCFACP\u003e\nacpi0: Power Button (fixed)\nacpi0: Sleep Button (fixed)\nacpi0: Could not update all GPEs: AE_NOT_CONFIGURED\npsci0: \u003cARM Power State Co-ordination Interface Driver\u003e on acpi0\ngic0: \u003cARM Generic Interrupt Controller v3.0\u003e iomem 0x8000000-0x801ffff,0x80a0000-0x8ffffff on acpi0\nits0: \u003cARM GIC Interrupt Translation Service\u003e on gic0\ngeneric_timer0: \u003cARM Generic Timer\u003e irq 34,35,36 on acpi0\nTimecounter \"ARM MPCore Timecounter\" frequency 25000000 Hz quality 1000\nEvent timer \"ARM MPCore Eventtimer\" frequency 25000000 Hz quality 1000\nefirtc0: \u003cEFI Realtime Clock\u003e\nefirtc0: registered as a time-of-day clock, resolution 1.000000s\npmu0: \u003cPerformance Monitoring Unit\u003e on acpi0\ncpu0: \u003cACPI CPU\u003e on acpi0\nuart0: \u003cPrimeCell UART (PL011)\u003e iomem 0x9000000-0x9000fff irq 0 on acpi0\nuart0: console (9600,n,8,1)\npcib0: \u003cGeneric PCI host controller\u003e on acpi0\npci0: \u003cPCI bus\u003e on pcib0\nvirtio_pci0: \u003cVirtIO PCI (modern) GPU adapter\u003e mem 0x10119000-0x10119fff,0x8000100000-0x8000103fff at device 1.0 on pci0\nxhci0: \u003cXHCI (generic) USB 3.0 controller\u003e mem 0x8000108000-0x800010bfff at device 2.0 on pci0\nxhci0: 32 bytes context size, 64-bit DMA\nusbus0 on xhci0\nvirtio_pci1: \u003cVirtIO PCI (legacy) Network adapter\u003e mem 0x10118000-0x10118fff,0x8000104000-0x8000107fff at device 3.0 on pci0\nvtnet0: \u003cVirtIO Networking Adapter\u003e on virtio_pci1\nvtnet0: Ethernet address: 02:00:17:00:1b:78\npcib1: \u003cPCI-PCI bridge\u003e mem 0x10117000-0x10117fff at device 16.0 on pci0\npci1: \u003cPCI bus\u003e on pcib1\npcib2: \u003cPCI-PCI bridge\u003e mem 0x10116000-0x10116fff at device 16.1 on pci0\npci2: \u003cPCI bus\u003e on pcib2\npcib3: \u003cPCI-PCI bridge\u003e mem 0x10115000-0x10115fff at device 16.2 on pci0\npci3: \u003cPCI bus\u003e on pcib3\npcib4: \u003cPCI-PCI bridge\u003e mem 0x10114000-0x10114fff at device 16.3 on pci0\npci4: \u003cPCI bus\u003e on pcib4\npcib5: \u003cPCI-PCI bridge\u003e mem 0x10113000-0x10113fff at device 16.4 on pci0\npci5: \u003cPCI bus\u003e on pcib5\npcib6: \u003cPCI-PCI bridge\u003e mem 0x10112000-0x10112fff at device 16.5 on pci0\npci6: \u003cPCI bus\u003e on pcib6\npcib7: \u003cPCI-PCI bridge\u003e mem 0x10111000-0x10111fff at device 16.6 on pci0\npci7: \u003cPCI bus\u003e on pcib7\npcib8: \u003cPCI-PCI bridge\u003e mem 0x10110000-0x10110fff at device 16.7 on pci0\npci8: \u003cPCI bus\u003e on pcib8\npcib9: \u003cPCI-PCI bridge\u003e mem 0x1010f000-0x1010ffff at device 17.0 on pci0\npci9: \u003cPCI bus\u003e on pcib9\npcib10: \u003cPCI-PCI bridge\u003e mem 0x1010e000-0x1010efff at device 17.1 on pci0\npci10: \u003cPCI bus\u003e on pcib10\npcib11: \u003cPCI-PCI bridge\u003e mem 0x1010d000-0x1010dfff at device 17.2 on pci0\npci11: \u003cPCI bus\u003e on pcib11\npcib12: \u003cPCI-PCI bridge\u003e mem 0x1010c000-0x1010cfff at device 17.3 on pci0\npci12: \u003cPCI bus\u003e on pcib12\npcib13: \u003cPCI-PCI bridge\u003e mem 0x1010b000-0x1010bfff at device 17.4 on pci0\npci13: \u003cPCI bus\u003e on pcib13\npcib14: \u003cPCI-PCI bridge\u003e mem 0x1010a000-0x1010afff at device 17.5 on pci0\npci14: \u003cPCI bus\u003e on pcib14\npcib15: \u003cPCI-PCI bridge\u003e mem 0x10109000-0x10109fff at device 17.6 on pci0\npci15: \u003cPCI bus\u003e on pcib15\npcib16: \u003cPCI-PCI bridge\u003e mem 0x10108000-0x10108fff at device 17.7 on pci0\npci16: \u003cPCI bus\u003e on pcib16\npcib17: \u003cPCI-PCI bridge\u003e mem 0x10107000-0x10107fff at device 18.0 on pci0\npci17: \u003cPCI bus\u003e on pcib17\npcib18: \u003cPCI-PCI bridge\u003e mem 0x10106000-0x10106fff at device 18.1 on pci0\npci18: \u003cPCI bus\u003e on pcib18\npcib19: \u003cPCI-PCI bridge\u003e mem 0x10105000-0x10105fff at device 18.2 on pci0\npci19: \u003cPCI bus\u003e on pcib19\npcib20: \u003cPCI-PCI bridge\u003e mem 0x10104000-0x10104fff at device 18.3 on pci0\npci20: \u003cPCI bus\u003e on pcib20\npcib21: \u003cPCI-PCI bridge\u003e mem 0x10103000-0x10103fff at device 18.4 on pci0\npci21: \u003cPCI bus\u003e on pcib21\npcib22: \u003cPCI-PCI bridge\u003e mem 0x10102000-0x10102fff at device 18.5 on pci0\npci22: \u003cPCI bus\u003e on pcib22\npcib23: \u003cPCI-PCI bridge\u003e mem 0x10101000-0x10101fff at device 18.6 on pci0\npci23: \u003cPCI bus\u003e on pcib23\npcib24: \u003cPCI-PCI bridge\u003e mem 0x10100000-0x10100fff at device 18.7 on pci0\npci24: \u003cPCI bus\u003e on pcib24\nvirtio_pci2: \u003cVirtIO PCI (modern) SCSI adapter\u003e mem 0x10000000-0x10000fff,0x8000000000-0x8000003fff at device 0.0 on pci24\nvtscsi0: \u003cVirtIO SCSI Adapter\u003e on virtio_pci2\nacpi_button0: \u003cPower Button\u003e on acpi0\narmv8crypto0: \u003cAES-CBC,AES-XTS,AES-GCM\u003e\nTimecounters tick every 1.000 msec\nCPU  0: ARM Neoverse-N1 r3p1 affinity:  0\n                   Cache Type = \u003c64 byte D-cacheline,64 byte I-cacheline,PIPT ICache,64 byte ERG,64 byte CWG,IDC\u003e\n Instruction Set Attributes 0 = \u003cDP,RDM,Atomic,CRC32,SHA2,SHA1,AES+PMULL\u003e\n Instruction Set Attributes 1 = \u003cRCPC-8.3,DCPoP\u003e\n         Processor Features 0 = \u003cCSV3,CSV2,RAS,GIC,AdvSIMD+HP,FP+HP,EL3,EL2,EL1,EL0 32\u003e\n         Processor Features 1 = \u003cPSTATE.SSBS MSR\u003e\n      Memory Model Features 0 = \u003cTGran4,TGran64,TGran16,SNSMem,BigEnd,16bit ASID,256TB PA\u003e\n      Memory Model Features 1 = \u003cPAN+ATS1E1,LO,HPD+TTPBHA,VH,16bit VMID,HAF+DS\u003e\n      Memory Model Features 2 = \u003c32bit CCIDX,48bit VA,UAO,CnP\u003e\n             Debug Features 0 = \u003cDoubleLock,SPE,2 CTX BKPTs,4 Watchpoints,6 Breakpoints,PMUv3 v8.1,Debugv8.2\u003e\n             Debug Features 1 = \u003c\u003e\n         Auxiliary Features 0 = \u003c\u003e\n         Auxiliary Features 1 = \u003c\u003e\nAArch32 Instruction Set Attributes 5 = \u003cRDM,CRC32,SHA2,SHA1,AES+VMULL,SEVL\u003e\nAArch32 Media and VFP Features 0 = \u003cFPRound,FPSqrt,FPDivide,DP VFPv3+v4,SP VFPv3+v4,AdvSIMD\u003e\nAArch32 Media and VFP Features 1 = \u003cSIMDFMAC,FPHP Arith,SIMDHP Arith,SIMDSP,SIMDInt,SIMDLS,FPDNaN,FPFtZ\u003e\nCPU  1: ARM Neoverse-N1 r3p1 affinity:  1\nCPU  2: ARM Neoverse-N1 r3p1 affinity:  2\nCPU  3: ARM Neoverse-N1 r3p1 affinity:  3\nRelease APs...usbus0: 5.0Gbps Super Speed USB v3.0\ndone\nTrying to mount root from ufs:/dev/gpt/rootfs [rw]...\nWARNING: WITNESS option enabled, expect reduced performance.\nugen0.1: \u003c(0x1b36) XHCI root HUB\u003e at usbus0\nuhub0 on usbus0\nuhub0: \u003c(0x1b36) XHCI root HUB, class 9/0, rev 3.00/1.00, addr 1\u003e on usbus0\nuhub0: 8 ports with 8 removable, self powered\nRoot mount waiting for: usbus0 CAM\n...\n...\n...\nusbd_setup_device_desc: getting device descriptor at addr 1 failed, USB_ERR_TIMEOUT\nugen0.2: \u003cUnknown \u003e at usbus0 (disconnected)\nuhub_reattach_port: could not allocate new device\nRoot mount waiting for: usbus0 CAM\n...\n\n\nThis is VM running on Oracle Cloud, using Arm processor from Ampere.\nTried setting diffrent variables before booting kernel, ex.:\n\nkern.cam.boot_delay=10000\nvfs.root_mount_always_wait=1\nhw.usb.no_boot_wait=1\n\n\nNo change. I have working Linux on this machine, so can provide more info if needed. \n\nAny way to get this to boot somehow?\n\nA cut from dmesg from another VM, this one is running on amd64 host:\n\nWARNING: WITNESS option enabled, expect reduced performance.\nugen0.1: \u003cIntel UHCI root HUB\u003e at usbus0\nTrying to mount root from ufs:/dev/da0p2 [rw]...\nuhub0 on usbus0\nuhub0: \u003cIntel UHCI root HUB, class 9/0, rev 1.00/1.00, addr 1\u003e on usbus0\npass0 at vtscsi0 bus 0 scbus2 target 0 lun 0\npass0: \u003cQEMU QEMU TARGET 2.5\u003e Fixed Uninstalled SPC-3 SCSI device (offline)\npass0: 300.000MB/s transfers\npass0: Command Queueing enabled\nda0 at vtscsi0 bus 0 scbus2 target 0 lun 1\nda0: \u003cORACLE BlockVolume 1.0\u003e Fixed Direct Access SPC-4 SCSI device\nda0: 300.000MB/s transfers\nda0: Command Queueing enabled\nda0: 47694MB (97677312 512 byte sectors)\n(da0:vtscsi0:0:0:1): READ(6)/WRITE(6) not supported, increasing minimum_cmd_size to 10.\nuhub0: 2 ports with 2 removable, self powered\nugen0.2: \u003cQEMU QEMU USB Tablet\u003e at usbus0\n\nThis one also got similar loop problem when using 13-RELEASE, but tried 13-STABLE and 14-CURRENT (both latest) and they work fine without any issues - so maybe it's qemu related?"
}