{
 "id": 728380,
 "bug_id": 181601,
 "attachment_id": 0,
 "creation_time": "2013-10-12T14:08:06Z",
 "creator": "eddy@beaupre.biz",
 "text": "I can confirm the same issue exist on FreeBSD-11, here's the boot log:\n\nU-Boot 2013.01-rc1-g6709570-dirty (Oct 11 2013 - 00:06:34)\n\nDRAM:  224 MiB\nWARNING: Caches not enabled\nMMC:   bcm2835_sdhci: 0\nUsing default environment\n\nIn:    serial\nOut:   lcd\nErr:   lcd\nmbox: Timeout waiting for response\nbcm2835: Could not set USB power state\nNet:   Net Initialization Skipped\nNo ethernet found.\nHit any key to stop autoboot:  0\nreading uEnv.txt\n89 bytes read in 9690 ms (0 Bytes/s)\nImporting environment from mmc ...\nreading ubldr\n238986 bytes read in 53873 ms (3.9 KiB/s)\n## Starting application at 0x02000054 ...\nConsoles: U-Boot console\nCompatible API signature found @db682a8\nNumber of U-Boot devices: 1\n\nFreeBSD/armv6 U-Boot loader, Revision 1.2\n(root@vfs.beaupre.biz, Sat
Oct 12 08:46:38 EDT 2013)\nDRAM:    224MB\n\nDevice: disk\nLoading /boot/defaults/loader.conf\n/boot/kernel/kernel data=0x495f64+0x47428 syms=[0x4+0x83b60+0x4+0x4edde]\n\nHit [Enter] to boot immediately, or any other key for command prompt.\nBooting [/boot/kernel/kernel]...\nUsing DTB provided by U-Boot.\nKernel entry at 0x100100...\nKernel args: (null)\nKDB: debugger backends: ddb\nKDB: current backend: ddb\nCopyright (c) 1992-2013 The FreeBSD Project.\nCopyright (c) 1979, 1980, 1983, 1986, 1988, 1989, 1991, 1992, 1993, 1994\n         The Regents of the University of California. All rights reserved.\nFreeBSD is a registered trademark of The FreeBSD Foundation.\nFreeBSD 11.0-CURRENT #0 r256372: Sat Oct 12 08:43:05 EDT 2013\nroot@vfs.beaupre.biz:/root/crochet-freebsd/work/obj/arm.armv6/root/crochet-freebsd/src/sys/RPI-B \narm\nFreeBSD clang version 3.3 (tags/RELEASE_33/final 183502) 20130610\nCPU: ARM1176JZ-S rev 7 (ARM11J core)\n  Supported features: ARM_ISA THUMB2 JAZELLE ARMv4 Security_Ext\n  WB enabled LABT branch prediction enabled\n   16KB/32B 4-way instruction cache\n   16KB/32B 4-way write-back-locking-C data cache\nreal memory  = 268435456 (256 MB)\navail memory = 221831168 (211 MB)\nrandom device not loaded; using insecure entropy\nkbd0 at kbdmux0\nrandom: \u003cSoftware, Yarrow\u003e initialized\nsimplebus0: \u003cFlattened device tree simple bus\u003e mem 0x20000000-0x20ffffff \non fdtbus0\nintc0: \u003cBCM2835 Interrupt Controller\u003e mem 0x2000b200-0x2000b3ff on \nsimplebus0\nsystimer0: \u003cBCM2835 System Timer\u003e mem 0x20003000-0x20003fff irq \n8,9,10,11 on simplebus0\nEvent timer \"BCM2835 Event Timer 3\" frequency 1000000 Hz quality 1000\nTimecounter \"BCM2835 Timecounter\" frequency 1000000 Hz quality 1000\nbcmwd0: \u003cBCM2708/2835 Watchdog\u003e mem 0x2010001c-0x20100027 on simplebus0\ngpio0: \u003cBCM2708/2835 GPIO controller\u003e mem 0x20200000-0x202000af irq \n57,59,58,60 on simplebus0\ngpio0: read-only pins: 46,47,48,49,50,51,52,53.\ngpio0: reserved pins: 48,49,50,51,52,53.\ngpioc0: \u003cGPIO controller\u003e on gpio0\ngpiobus0: \u003cGPIO bus\u003e on gpio0\nbcm_dma0: \u003cBCM2835 DMA Controller\u003e mem \n0x20007000-0x20007fff,0x20e05000-0x20e05fff irq \n24,25,26,27,28,29,30,31,32,33,34,35,36 on simplebus0\nmbox0: \u003cBCM2835 VideoCore Mailbox\u003e mem 0x2000b880-0x2000b8bf irq 1 on \nsimplebus0\nsdhci_bcm0: \u003cBroadcom 2708 SDHCI controller\u003e mem 0x20300000-0x203000ff \nirq 70 on simplebus0\nmmc0: \u003cMMC/SD bus\u003e on sdhci_bcm0\nuart0: \u003cPrimeCell UART (PL011)\u003e mem 0x20201000-0x20201fff irq 65 on \nsimplebus0\nuart0: console (115200,n,8,1)\ndwcotg0: \u003cDWC OTG 2.0 integrated USB controller\u003e mem \n0x20980000-0x2099ffff irq 17 on simplebus0\nusbus0 on dwcotg0\nfb0: \u003cBCM2835 framebuffer device\u003e on fdtbus0\nsc0: Unknown \u003c16 virtual consoles, flags=0x300\u003e\nsimplebus1: \u003cFlattened device tree simple bus\u003e on fdtbus0\nTimecounters tick every 10.000 msec\nusbus0: 480Mbps High Speed USB v2.0\nugen0.1: \u003cDWCOTG\u003e at usbus0\nuhub0: \u003cDWCOTG OTG Root HUB, class 9/0, rev 2.00/1.00, addr 1\u003e on usbus0\nmmcsd0: 16GB \u003cSDHC SD16G 3.0 SN 1213219557 MFG 02/2013 by 130 JT\u003e at \nmmc0 50.0MHz/4bit/65535-block\nmmcsd0: Error indicated: 1 Timeout\nmmcsd0: Error indicated: 1 Timeout\nfb0: 656x416(0x0@0,0) 16bpp\nfb0: pitch 1312, base 0x4e006000, screen_size 545792\nRoot mount waiting for: usbus0\nuhub0: 1 port with 1 removable, self powered\nRoot mount waiting for: usbus0\nugen0.2: \u003cvendor 0x0424\u003e at usbus0\nuhub1: \u003cvendor 0x0424 product 0x9512, class 9/0, rev 2.00/2.00, addr 2\u003e \non usbus0\nuhub1: MTT enabled\nuhub1: 3 ports with 2 removable, self powered\nRoot mount waiting for: usbus0\nugen0.3: \u003cvendor 0x0424\u003e at usbus0\nsmsc0: \u003cvendor 0x0424 product 0xec00, rev 2.00/2.00, addr 3\u003e on usbus0\nTrying to mount root from ufs:/dev/mmcsd0s2a [rw,noatime]...\nmountroot: waiting for device /dev/mmcsd0s2a ...\nsmsc0: chip 0xec00, rev. 0002\nmiibus0: \u003cMII bus\u003e on smsc0\nukphy0: \u003cGeneric IEEE 802.3u media interface\u003e PHY 1 on miibus0\nukphy0:  none, 10baseT, 10baseT-FDX, 100baseTX, 100baseTX-FDX, auto\nue0: \u003cUSB Ethernet\u003e on smsc0\nue0: Ethernet address: b8:27:eb:2d:c8:bf\nMounting from ufs:/dev/mmcsd0s2a failed with error 19.\n\nLoader variables:\n   vfs.root.mountfrom=ufs:/dev/mmcsd0s2a\n   vfs.root.mountfrom.options=rw,noatime\n\nManual root filesystem specification:\n   \u003cfstype\u003e:\u003cdevice\u003e [options]\n       Mount \u003cdevice\u003e using filesystem \u003cfstype\u003e\n       and with the specified (optional) option list.\n\n     eg. ufs:/dev/da0s1a\n         zfs:tank\n         cd9660:/dev/acd0 ro\n           (which is equivalent to: mount -t cd9660 -o ro /dev/acd0 /)\n\n   ?               List valid disk boot devices\n   .               Yield 1 second (for background tasks)\n   \u003cempty line\u003e    Abort manual input\n\nmountroot\u003e"
}