{
 "id": 867979,
 "bug_id": 207667,
 "attachment_id": 0,
 "creation_time": "2016-03-03T02:19:47Z",
 "creator": "michelle@sorbs.net",
 "text": "[michelle@colossus /usr/home/michelle]$ df -k\nFilesystem          1024-blocks        Used      Avail Capacity  Mounted on\n/dev/mirror/roots1a   112728536    55676220   48034036    54%    /\ndevfs                         1           1          0   100%    /dev\nVirtualDisks           73256856          31   73256825     0%    /VirtualDisks\nsorbs               35884081755 31821431244 4062650511    89%    /sorbs\n[michelle@colossus /usr/home/michelle]$ zpool status -v\n  pool: VirtualDisks\n state: ONLINE\nstatus: One or more devices are configured to use a non-native block size.\n    Expect reduced performance.\naction: Replace affected devices with devices that support the\n    configured block size, or migrate data to a properly configured\n    pool.\n  scan: none requested\nconfig:\n\n    NAME                       STATE     READ WRITE CKSUM\n    VirtualDisks               ONLINE       0     0     0\n      zvol/sorbs/VirtualDisks  ONLINE       0     0     0  block size: 512B configured, 8192B native\n\nerrors: No known data errors\n\n  pool: sorbs\n state: ONLINE\n  scan: scrub repaired 0 in 60h14m with 0 errors on Mon Apr 13 17:05:29 2015\nconfig:\n\n    NAME        STATE     READ WRITE CKSUM\n    sorbs       ONLINE       0     0     0\n      raidz2-0  ONLINE       0     0     0\n        mfid0   ONLINE       0     0     0\n        mfid1   ONLINE       0     0     0\n        mfid2   ONLINE       0     0     0\n        mfid3   ONLINE       0     0     0\n        mfid4   ONLINE       0     0     0\n        mfid5   ONLINE       0     0     0\n        mfid6   ONLINE       0     0     0\n        mfid7   ONLINE       0     0     0\n        mfid15  ONLINE       0     0     0\n        mfid8   ONLINE       0     0     0\n        mfid9   ONLINE       0     0     0\n        mfid10  ONLINE       0     0     0\n        mfid11  ONLINE       0     0     0\n        mfid12  ONLINE       0     0     0\n        mfid13  ONLINE       0     0     0\n    spares\n      mfid14    AVAIL  \n\nerrors: No known data errors\n[michelle@colossus /usr/home/michelle]$ sudo su -\nPassword:\nroot@colossus:~ # zpool list\nNAME           SIZE  ALLOC   FREE    CAP  DEDUP  HEALTH  ALTROOT\nVirtualDisks  1016G   593G   423G    58%  1.00x  ONLINE  -\nsorbs         40.8T  35.7T  5.03T    87%  1.00x  ONLINE  -\nroot@colossus:~ # zpool list -v\nNAME                        SIZE  ALLOC   FREE    CAP  DEDUP  HEALTH  ALTROOT\nVirtualDisks               1016G   593G   423G    58%  1.00x  ONLINE  -\n  zvol/sorbs/VirtualDisks  1016G   593G   423G         -\nsorbs                      40.8T  35.7T  5.03T    87%  1.00x  ONLINE  -\n  raidz2                   40.8T  35.7T  5.03T         -\n    mfid0                      -      -      -         -\n    mfid1                      -      -      -         -\n    mfid2                      -      -      -         -\n    mfid3                      -      -      -         -\n    mfid4                      -      -      -         -\n    mfid5                      -      -      -         -\n    mfid6                      -      -      -         -\n    mfid7                      -      -      -         -\n    mfid15                     -      -      -         -\n    mfid8                      -      -      -         -\n    mfid9                      -      -      -         -\n    mfid10                     -      -      -         -\n    mfid11                     -      -      -         -\n    mfid12                     -      -      -         -\n    mfid13                     -      -      -         -\n\n\n\n\nNo idea how to fix it without reloading everything... but one thing is for sure...\n\nroot@colossus:~ # zpool scrub VirtualDisks\n\nWill cause instant and completely reproducible kernel panics..\n\n..and for some reason I'm not getting cores...\n\nHere's the dmesg, /var/crash and /etc/rc.conf.local\n\n[michelle@colossus /usr/home/michelle]$ dmesg\nCopyright (c) 1992-2014 The FreeBSD Project.\nCopyright (c) 1979, 1980, 1983, 1986, 1988, 1989, 1991, 1992, 1993, 1994\n\tThe Regents of the University of California. All rights reserved.\nFreeBSD is a registered trademark of The FreeBSD Foundation.\nFreeBSD 9.3-RELEASE-p33 #0: Wed Jan 13 17:55:39 UTC 2016\n    root@amd64-builder.daemonology.net:/usr/obj/usr/src/sys/GENERIC amd64\ngcc version 4.2.1 20070831 patched [FreeBSD]\nCPU: Intel(R) Xeon(R) CPU E3-1230 V2 @ 3.30GHz (3300.10-MHz K8-class CPU)\n  Origin = \"GenuineIntel\"  Id = 0x306a9  Family = 0x6  Model = 0x3a  Stepping = 9\n  Features=0xbfebfbff\u003cFPU,VME,DE,PSE,TSC,MSR,PAE,MCE,CX8,APIC,SEP,MTRR,PGE,MCA,CMOV,PAT,PSE36,CLFLUSH,DTS,ACPI,MMX,FXSR,SSE,SSE2,SS,HTT,TM,PBE\u003e\n  Features2=0x7fbae3ff\u003cSSE3,PCLMULQDQ,DTES64,MON,DS_CPL,VMX,SMX,EST,TM2,SSSE3,CX16,xTPR,PDCM,PCID,SSE4.1,SSE4.2,x2APIC,POPCNT,TSCDLT,AESNI,XSAVE,OSXSAVE,AVX,F16C,RDRAND\u003e\n  AMD Features=0x28100800\u003cSYSCALL,NX,RDTSCP,LM\u003e\n  AMD Features2=0x1\u003cLAHF\u003e\n  Standard Extended Features=0x281\u003cGSFSBASE,SMEP,ENHMOVSB\u003e\n  TSC: P-state invariant, performance statistics\nreal memory  = 17188257792 (16392 MB)\navail memory = 16491753472 (15727 MB)\nEvent timer \"LAPIC\" quality 600\nACPI APIC Table: \u003cSUPERM SMCI--MB\u003e\nFreeBSD/SMP: Multiprocessor System Detected: 8 CPUs\nFreeBSD/SMP: 1 package(s) x 4 core(s) x 2 SMT threads\n cpu0 (BSP): APIC ID:  0\n cpu1 (AP): APIC ID:  1\n cpu2 (AP): APIC ID:  2\n cpu3 (AP): APIC ID:  3\n cpu4 (AP): APIC ID:  4\n cpu5 (AP): APIC ID:  5\n cpu6 (AP): APIC ID:  6\n cpu7 (AP): APIC ID:  7\nACPI Warning: FADT (revision 5) is longer than ACPI 2.0 version, truncating length 268 to 244 (20110527/tbfadt-320)\nioapic0 \u003cVersion 2.0\u003e irqs 0-23 on motherboard\nkbd1 at kbdmux0\nacpi0: \u003cSUPERM SMCI--MB\u003e on motherboard\nacpi0: Power Button (fixed)\nacpi0: reservation of 67, 1 (4) failed\ncpu0: \u003cACPI CPU\u003e on acpi0\ncpu1: \u003cACPI CPU\u003e on acpi0\ncpu2: \u003cACPI CPU\u003e on acpi0\ncpu3: \u003cACPI CPU\u003e on acpi0\ncpu4: \u003cACPI CPU\u003e on acpi0\ncpu5: \u003cACPI CPU\u003e on acpi0\ncpu6: \u003cACPI CPU\u003e on acpi0\ncpu7: \u003cACPI CPU\u003e on acpi0\nhpet0: \u003cHigh Precision Event Timer\u003e iomem 0xfed00000-0xfed003ff on acpi0\nTimecounter \"HPET\" frequency 14318180 Hz quality 950\nEvent timer \"HPET\" frequency 14318180 Hz quality 550\natrtc0: \u003cAT realtime clock\u003e port 0x70-0x77 irq 8 on acpi0\natrtc0: Warning: Couldn't map I/O.\nEvent timer \"RTC\" frequency 32768 Hz quality 0\nattimer0: \u003cAT timer\u003e port 0x40-0x43,0x50-0x53 irq 0 on acpi0\nTimecounter \"i8254\" frequency 1193182 Hz quality 0\nEvent timer \"i8254\" frequency 1193182 Hz quality 100\nTimecounter \"ACPI-fast\" frequency 3579545 Hz quality 900\nacpi_timer0: \u003c24-bit timer at 3.579545MHz\u003e port 0x408-0x40b on acpi0\npcib0: \u003cACPI Host-PCI bridge\u003e port 0xcf8-0xcff on acpi0\npci0: \u003cACPI PCI bus\u003e on pcib0\npcib1: \u003cACPI PCI-PCI bridge\u003e irq 16 at device 1.0 on pci0\npci1: \u003cACPI PCI bus\u003e on pcib1\npcib2: \u003cACPI PCI-PCI bridge\u003e irq 16 at device 1.1 on pci0\npci2: \u003cACPI PCI bus\u003e on pcib2\nmfi0: \u003cLSI MegaSAS Gen2\u003e port 0xe000-0xe0ff mem 0xdfa60000-0xdfa63fff,0xdfa00000-0xdfa3ffff irq 17 at device 0.0 on pci2\nmfi0: Using MSI\nmfi0: Megaraid SAS driver Ver 4.23 \nmfi0: FW MaxCmds = 1008, limiting to 128\nem0: \u003cIntel(R) PRO/1000 Network Connection 7.3.8\u003e port 0xf020-0xf03f mem 0xdfb00000-0xdfb1ffff,0xdfb23000-0xdfb23fff irq 20 at device 25.0 on pci0\nem0: Using an MSI interrupt\nem0: Ethernet address: 0c:c4:7a:0b:8a:83\nehci0: \u003cEHCI (generic) USB 2.0 controller\u003e mem 0xdfb22000-0xdfb223ff irq 16 at device 26.0 on pci0\nusbus0: EHCI version 1.0\nusbus0 on ehci0\npcib3: \u003cACPI PCI-PCI bridge\u003e irq 16 at device 28.0 on pci0\npci3: \u003cACPI PCI bus\u003e on pcib3\npcib4: \u003cACPI PCI-PCI bridge\u003e irq 16 at device 28.4 on pci0\npci4: \u003cACPI PCI bus\u003e on pcib4\nem1: \u003cIntel(R) PRO/1000 Network Connection 7.3.8\u003e port 0xd000-0xd01f mem 0xdf900000-0xdf91ffff,0xdf920000-0xdf923fff irq 16 at device 0.0 on pci4\nem1: Using MSIX interrupts with 3 vectors\nem1: Ethernet address: 0c:c4:7a:0b:8a:82\nehci1: \u003cEHCI (generic) USB 2.0 controller\u003e mem 0xdfb21000-0xdfb213ff irq 23 at device 29.0 on pci0\nusbus1: EHCI version 1.0\nusbus1 on ehci1\npcib5: \u003cACPI PCI-PCI bridge\u003e at device 30.0 on pci0\npci5: \u003cACPI PCI bus\u003e on pcib5\nvgapci0: \u003cVGA-compatible display\u003e mem 0xde000000-0xdeffffff,0xdf800000-0xdf803fff,0xdf000000-0xdf7fffff irq 23 at device 3.0 on pci5\nvgapci0: Boot video device\nisab0: \u003cPCI-ISA bridge\u003e at device 31.0 on pci0\nisa0: \u003cISA bus\u003e on isab0\nahci0: \u003cIntel Cougar Point AHCI SATA controller\u003e port 0xf070-0xf077,0xf060-0xf063,0xf050-0xf057,0xf040-0xf043,0xf000-0xf01f mem 0xdfb20000-0xdfb207ff irq 19 at device 31.2 on pci0\nahci0: AHCI v1.30 with 6 3Gbps ports, Port Multiplier not supported\nahcich0: \u003cAHCI channel\u003e at channel 0 on ahci0\nahcich1: \u003cAHCI channel\u003e at channel 1 on ahci0\nahcich2: \u003cAHCI channel\u003e at channel 2 on ahci0\nahcich3: \u003cAHCI channel\u003e at channel 3 on ahci0\nahcich4: \u003cAHCI channel\u003e at channel 4 on ahci0\nahcich5: \u003cAHCI channel\u003e at channel 5 on ahci0\nacpi_button0: \u003cPower Button\u003e on acpi0\nacpi_tz0: \u003cThermal Zone\u003e on acpi0\nacpi_tz1: \u003cThermal Zone\u003e on acpi0\natkbdc0: \u003cKeyboard controller (i8042)\u003e port 0x60,0x64 irq 1 on acpi0\natkbd0: \u003cAT Keyboard\u003e irq 1 on atkbdc0\nkbd0 at atkbd0\natkbd0: [GIANT-LOCKED]\npsm0: \u003cPS/2 Mouse\u003e irq 12 on atkbdc0\npsm0: [GIANT-LOCKED]\npsm0: model Generic PS/2 mouse, device ID 0\nuart0: \u003c16550 or compatible\u003e port 0x3f8-0x3ff irq 4 flags 0x10 on acpi0\nuart1: \u003c16550 or compatible\u003e port 0x2f8-0x2ff irq 3 on acpi0\nuart2: \u003c16550 or compatible\u003e port 0x3e8-0x3ef irq 10 on acpi0\norm0: \u003cISA Option ROMs\u003e at iomem 0xc0000-0xc7fff,0xc8000-0xce7ff,0xce800-0xcf7ff on isa0\nsc0: \u003cSystem console\u003e at flags 0x100 on isa0\nsc0: VGA \u003c16 virtual consoles, flags=0x300\u003e\nvga0: \u003cGeneric ISA VGA\u003e at port 0x3c0-0x3df iomem 0xa0000-0xbffff on isa0\nppc0: cannot reserve I/O port range\ncoretemp0: \u003cCPU On-Die Thermal Sensors\u003e on cpu0\nest0: \u003cEnhanced SpeedStep Frequency Control\u003e on cpu0\np4tcc0: \u003cCPU Frequency Thermal Control\u003e on cpu0\ncoretemp1: \u003cCPU On-Die Thermal Sensors\u003e on cpu1\nest1: \u003cEnhanced SpeedStep Frequency Control\u003e on cpu1\np4tcc1: \u003cCPU Frequency Thermal Control\u003e on cpu1\ncoretemp2: \u003cCPU On-Die Thermal Sensors\u003e on cpu2\nest2: \u003cEnhanced SpeedStep Frequency Control\u003e on cpu2\np4tcc2: \u003cCPU Frequency Thermal Control\u003e on cpu2\ncoretemp3: \u003cCPU On-Die Thermal Sensors\u003e on cpu3\nest3: \u003cEnhanced SpeedStep Frequency Control\u003e on cpu3\np4tcc3: \u003cCPU Frequency Thermal Control\u003e on cpu3\ncoretemp4: \u003cCPU On-Die Thermal Sensors\u003e on cpu4\nest4: \u003cEnhanced SpeedStep Frequency Control\u003e on cpu4\np4tcc4: \u003cCPU Frequency Thermal Control\u003e on cpu4\ncoretemp5: \u003cCPU On-Die Thermal Sensors\u003e on cpu5\nest5: \u003cEnhanced SpeedStep Frequency Control\u003e on cpu5\np4tcc5: \u003cCPU Frequency Thermal Control\u003e on cpu5\ncoretemp6: \u003cCPU On-Die Thermal Sensors\u003e on cpu6\nest6: \u003cEnhanced SpeedStep Frequency Control\u003e on cpu6\np4tcc6: \u003cCPU Frequency Thermal Control\u003e on cpu6\ncoretemp7: \u003cCPU On-Die Thermal Sensors\u003e on cpu7\nest7: \u003cEnhanced SpeedStep Frequency Control\u003e on cpu7\np4tcc7: \u003cCPU Frequency Thermal Control\u003e on cpu7\nTimecounters tick every 1.000 msec\nvboxdrv: fAsync=0 offMin=0x558 offMax=0x91c\nmfi0: 7628 (510289460s/0x0020/info) - Shutdown command received from host\nmfi0: 7629 (boot + 4s/0x0020/info) - Firmware initialization started (PCI ID 0079/1000/9276/1000)\nmfi0: 7630 (boot + 4s/0x0020/info) - Firmware version 2.130.403-3066\nmfi0: 7631 (boot + 4s/0x0020/info) - Firmware initialization started (PCI ID 0079/1000/9276/1000)\nmfi0: 7632 (boot + 4s/0x0020/info) - Firmware version 2.130.403-3066\nmfi0: 7633 (boot + 9s/0x0008/info) - Battery Present\nmfi0: 7634 (boot + 10s/0x0020/info) - Package version 12.15.0-0189\nmfi0: 7635 (boot + 10s/0x0020/info) - Board Revision 20D\nmfi0: 7636 (boot + 31s/0x0004/info) - Enclosure PD f5(c None/p1) communication restored\nmfi0: 7637 (boot + 31s/0x0002/info) - Inserted: Encl PD f5\nmfi0: 7638 (boot + 31s/0x0002/info) - Inserted: PD f5(c None/p1) Info: enclPd=f5, scsiType=d, portMap=00, sasAddr=500062b2009b18bd,0000000000000000\nmfi0: 7639 (boot + 31s/0x0002/info) - Inserted: PD 10(e0xf5/s4)\nmfi0: 7640 (boot + 31s/0x0002/info) - Inserted: PD 10(e0xf5/s4) Info: enclPd=f5, scsiType=0, portMap=00, sasAddr=500062b2009b188c,0000000000000000\nmfi0: 7641 (boot + 31s/0x0002/info) - Inserted: PD 11(e0xf5/s5)\nmfi0: 7642 (boot + 31s/0x0002/info) - Inserted: PD 11(e0xf5/s5) Info: enclPd=f5, scsiType=0, portMap=00, sasAddr=500062b2009b188d,0000000000000000\nmfi0: 7643 (boot + 31s/0x0002/info) - Inserted: PD 12(e0xf5/s6)\nmfi0: 7644 (boot + 31s/0x0002/info) - Inserted: PD 12(e0xf5/s6) Info: enclPd=f5, scsiType=0, portMap=00, sasAddr=500062b2009b188e,0000000000000000\nmfi0: 7645 (boot + 31s/0x0002/info) - Inserted: PD 13(e0xf5/s7)\nmfi0: 7646 (boot + 31s/0x0002/info) - Inserted: PD 13(e0xf5/s7) Info: enclPd=f5, scsiType=0, portMap=00, sasAddr=500062b2009b188f,0000000000000000\nmfi0: 7647 (boot + 31s/0x0002/info) - Inserted: PD 14(e0xf5/s0)\nmfi0: 7648 (boot + 31s/0x0002/info) - Inserted: PD 14(e0xf5/s0) Info: enclPd=f5, scsiType=0, portMap=00, sasAddr=500062b2009b1890,0000000000000000\nmfi0: 7649 (boot + 31s/0x0002/info) - Inserted: PD 15(e0xf5/s1)\nmfi0: 7650 (boot + 31s/0x0002/info) - Inserted: PD 15(e0xf5/s1) Info: enclPd=f5, scsiType=0, portMap=00, sasAddr=500062b2009b1891,0000000000000000\nmfi0: 7651 (boot + 31s/0x0002/info) - Inserted: PD 16(e0xf5/s2)\nmfi0: 7652 (boot + 31s/0x0002/info) - Inserted: PD 16(e0xf5/s2) Info: enclPd=f5, scsiType=0, portMap=00, sasAddr=500062b2009b1892,0000000000000000\nmfi0: 7653 (boot + 31s/0x0002/info) - Inserted: PD 17(e0xf5/s3)\nmfi0: 7654 (boot + 31s/0x0002/info) - Inserted: PD 17(e0xf5/s3) Info: enclPd=f5, scsiType=0, portMap=00, sasAddr=500062b2009b1893,0000000000000000\nmfi0: 7655 (boot + 31s/0x0002/info) - Inserted: PD 18(e0xf5/s12)\nmfi0: 7656 (boot + 31s/0x0002/info) - Inserted: PD 18(e0xf5/s12) Info: enclPd=f5, scsiType=0, portMap=00, sasAddr=500062b2009b1898,0000000000000000\nmfi0: 7657 (boot + 31s/0x0002/info) - Inserted: PD 19(e0xf5/s13)\nmfi0: 7658 (boot + 31s/0x0002/info) - Inserted: PD 19(e0xf5/s13) Info: enclPd=f5, scsiType=0, portMap=00, sasAddr=500062b2009b1899,0000000000000000\nmfi0: 7659 (boot + 31s/0x0002/info) - Inserted: PD 1a(e0xf5/s14)\nmfi0: 7660 (boot + 31s/0x0002/info) - Inserted: PD 1a(e0xf5/s14) Info: enclPd=f5, scsiType=0, portMap=00, sasAddr=500062b2009b189a,0000000000000000\nmfi0: 7661 (boot + 31s/0x0002/info) - Inserted: PD 1b(e0xf5/s15)\nmfi0: 7662 (boot + 31s/0x0002/info) - Inserted: PD 1b(e0xf5/s15) Info: enclPd=f5, scsiType=0, portMap=00, sasAddr=500062b2009b189b,0000000000000000\nmfi0: 7663 (boot + 31s/0x0002/info) - Inserted: PD 1c(e0xf5/s8)\nmfi0: 7664 (boot + 31s/0x0002/info) - Inserted: PD 1c(e0xf5/s8) Info: enclPd=f5, scsiType=0, portMap=00, sasAddr=500062b2009b18a0,0000000000000000\nmfi0: 7665 (boot + 31s/0x0002/info) - Inserted: PD 1d(e0xf5/s9)\nmfi0: 7666 (boot + 31s/0x0002/info) - Inserted: PD 1d(e0xf5/s9) Info: enclPd=f5, scsiType=0, portMap=00, sasAddr=500062b2009b18a1,0000000000000000\nmfi0: 7667 (boot + 31s/0x0002/info) - Inserted: PD 1e(e0xf5/s10)\nmfi0: 7668 (boot + 31s/0x0002/info) - Inserted: PD 1e(e0xf5/s10) Info: enclPd=f5, scsiType=0, portMap=00, sasAddr=500062b2009b18a2,0000000000000000\nmfi0: 7669 (boot + 31s/0x0002/info) - Inserted: PD 1f(e0xf5/s11)\nmfi0: 7670 (boot + 31s/0x0002/info) - Inserted: PD 1f(e0xf5/s11) Info: enclPd=f5, scsiType=0, portMap=00, sasAddr=500062b2009b18a3,0000000000000000\nmfi0: 7671 (boot + 32s/0x0002/info) - Unexpected sense: PD 17(e0xf5/s3) Path 500062b2009b1893, CDB: 1a 08 c8 00 ff 00, Sense: 5/24/00\nmfi0: 7672 (boot + 32s/0x0002/info) - Unexpected sense: PD 16(e0xf5/s2) Path 500062b2009b1892, CDB: 1a 08 c8 00 ff 00, Sense: 5/24/00\nmfi0: 7673 (boot + 32s/0x0002/info) - Unexpected sense: PD 15(e0xf5/s1) Path 500062b2009b1891, CDB: 1a 08 c8 00 ff 00, Sense: 5/24/00\nmfi0: 7674 (boot + 32s/0x0002/info) - Unexpected sense: PD 14(e0xf5/s0) Path 500062b2009b1890, CDB: 1a 08 c8 00 ff 00, Sense: 5/24/00\nmfi0: 7675 (boot + 32s/0x0002/info) - Unexpected sense: PD 13(e0xf5/s7) Path 500062b2009b188f, CDB: 1a 08 c8 00 ff 00, Sense: 5/24/00\nmfi0: 7676 (boot + 32s/0x0002/info) - Unexpected sense: PD 12(e0xf5/s6) Path 500062b2009b188e, CDB: 1a 08 c8 00 ff 00, Sense: 5/24/00\nmfi0: 7677 (boot + 32s/0x0002/info) - Unexpected sense: PD 11(e0xf5/s5) Path 500062b2009b188d, CDB: 1a 08 c8 00 ff 00, Sense: 5/24/00\nmfi0: 7678 (boot + 32s/0x0002/info) - Unexpected sense: PD 10(e0xf5/s4) Path 500062b2009b188c, CDB: 1a 08 c8 00 ff 00, Sense: 5/24/00\nmfi0: 7679 (boot + 32s/0x0002/info) - Unexpected sense: PD 1f(e0xf5/s11) Path 500062b2009b18a3, CDB: 1a 08 c8 00 ff 00, Sense: 5/24/00\nmfi0: 7680 (boot + 32s/0x0002/info) - Unexpected sense: PD 1e(e0xf5/s10) Path 500062b2009b18a2, CDB: 1a 08 c8 00 ff 00, Sense: 5/24/00\nmfi0: 7681 (boot + 32s/0x0002/info) - Unexpected sense: PD 1d(e0xf5/s9) Path 500062b2009b18a1, CDB: 1a 08 c8 00 ff 00, Sense: 5/24/00\nmfi0: 7682 (boot + 32s/0x0002/info) - Unexpected sense: PD 1b(e0xf5/s15) Path 500062b2009b189b, CDB: 1a 08 c8 00 ff 00, Sense: 5/24/00\nmfi0: 7683 (boot + 32s/0x0002/info) - Unexpected sense: PD 1a(e0xf5/s14) Path 500062b2009b189a, CDB: 1a 08 c8 00 ff 00, Sense: 5/24/00\nmfi0: 7684 (boot + 32s/0x0002/info) - Unexpected sense: PD 19(e0xf5/s13) Path 500062b2009b1899, CDB: 1a 08 c8 00 ff 00, Sense: 5/24/00\nmfi0: 7685 (boot + 32s/0x0002/info) - Unexpected sense: PD 18(e0xf5/s12) Path 500062b2009b1898, CDB: 1a 08 c8 00 ff 00, Sense: 5/24/00\nmfi0: 7686 (510289519s/0x0020/info) - Time established as 03/03/16  3:05:19; (42 seconds since power on)\nmfi0: 7687 (510289541s/0x0008/info) - Battery started charging\nmfi0: 7688 (510289541s/0x0008/info) - Battery temperature is normal\nmfi0: 7689 (510289561s/0x0020/info) - Host driver is loaded and operational\nmfi0: 7690 (510289601s/0x0008/info) - Battery charge complete\nmfi0: 7691 (boot + 4s/0x0020/info) - Firmware initialization started (PCI ID 0079/1000/9276/1000)\nmfi0: 7692 (boot + 4s/0x0020/info) - Firmware version 2.130.403-3066\nmfi0: 7693 (boot + 4s/0x0020/info) - Firmware initialization started (PCI ID 0079/1000/9276/1000)\nmfi0: 7694 (boot + 4s/0x0020/info) - Firmware version 2.130.403-3066\nmfi0: 7695 (boot + 9s/0x0008/info) - Battery Present\nmfi0: 7696 (boot + 10s/0x0020/info) - Package version 12.15.0-0189\nmfi0: 7697 (boot + 10s/0x0020/info) - Board Revision 20D\nmfi0: 7698 (boot + 31s/0x0004/info) - Enclosure PD f5(c None/p1) communication restored\nmfi0: 7699 (boot + 31s/0x0002/info) - Inserted: Encl PD f5\nusbus0: 480Mbps High Speed USB v2.0\nusbus1: 480Mbps High Speed USB v2.0\nugen0.1: \u003cIntel\u003e at usbus0\nuhub0: \u003cIntel EHCI root HUB, class 9/0, rev 2.00/1.00, addr 1\u003e on usbus0\nugen1.1: \u003cIntel\u003e at usbus1\nuhub1: \u003cIntel EHCI root HUB, class 9/0, rev 2.00/1.00, addr 1\u003e on usbus1\nmfid0 on mfi0\nmfid0: 2861056MB (5859442688 sectors) RAID volume (no label) is optimal\nmfid1 on mfi0\nmfid1: 2861056MB (5859442688 sectors) RAID volume (no label) is optimal\nmfid2 on mfi0\nmfid2: 2861056MB (5859442688 sectors) RAID volume (no label) is optimal\nmfid3 on mfi0\nmfid3: 2861056MB (5859442688 sectors) RAID volume (no label) is optimal\nmfid4 on mfi0\nmfid4: 2861056MB (5859442688 sectors) RAID volume (no label) is optimal\nmfid5 on mfi0\nmfid5: 2861056MB (5859442688 sectors) RAID volume (no label) is optimal\nmfid6 on mfi0\nmfid6: 2861056MB (5859442688 sectors) RAID volume (no label) is optimal\nmfid7 on mfi0\nmfid7: 2861056MB (5859442688 sectors) RAID volume (no label) is optimal\nmfid8 on mfi0\nmfid8: 2861056MB (5859442688 sectors) RAID volume (no label) is optimal\nmfid9 on mfi0\nmfid9: 2861056MB (5859442688 sectors) RAID volume (no label) is optimal\nmfid10 on mfi0\nmfid10: 2861056MB (5859442688 sectors) RAID volume (no label) is optimal\nmfid11 on mfi0\nmfid11: 2861056MB (5859442688 sectors) RAID volume (no label) is optimal\nmfid12 on mfi0\nmfid12: 2861056MB (5859442688 sectors) RAID volume (no label) is optimal\nmfid13 on mfi0\nmfid13: 2861056MB (5859442688 sectors) RAID volume (no label) is optimal\nmfid14 on mfi0\nmfid14: 2861056MB (5859442688 sectors) RAID volume (no label) is optimal\nmfid15 on mfi0\nmfid15: 2861056MB (5859442688 sectors) RAID volume (no label) is optimal\nmfi0: 7700 (boot + 31s/0x0002/info) - Inserted: PD f5(c None/p1) Info: enclPd=f5, scsiType=d, portMap=00, sasAddr=500062b2009b18bd,0000000000000000\nmfi0: 7701 (boot + 31s/0x0002/info) - Inserted: PD 10(e0xf5/s4)\nmfi0: 7702 (boot + 31s/0x0002/info) - Inserted: PD 10(e0xf5/s4) Info: enclPd=f5, scsiType=0, portMap=00, sasAddr=500062b2009b188c,0000000000000000\nmfi0: 7703 (boot + 31s/0x0002/info) - Inserted: PD 11(e0xf5/s5)\nmfi0: 7704 (boot + 31s/0x0002/info) - Inserted: PD 11(e0xf5/s5) Info: enclPd=f5, scsiType=0, portMap=00, sasAddr=500062b2009b188d,0000000000000000\nmfi0: 7705 (boot + 31s/0x0002/info) - Inserted: PD 12(e0xf5/s6)\nmfi0: 7706 (boot + 31s/0x0002/info) - Inserted: PD 12(e0xf5/s6) Info: enclPd=f5, scsiType=0, portMap=00, sasAddr=500062b2009b188e,0000000000000000\nmfi0: 7707 (boot + 31s/0x0002/info) - Inserted: PD 13(e0xf5/s7)\nmfi0: 7708 (boot + 31s/0x0002/info) - Inserted: PD 13(e0xf5/s7) Info: enclPd=f5, scsiType=0, portMap=00, sasAddr=500062b2009b188f,0000000000000000\nmfi0: 7709 (boot + 31s/0x0002/info) - Inserted: PD 14(e0xf5/s0)\nmfi0: 7710 (boot + 31s/0x0002/info) - Inserted: PD 14(e0xf5/s0) Info: enclPd=f5, scsiType=0, portMap=00, sasAddr=500062b2009b1890,0000000000000000\nmfi0: 7711 (boot + 31s/0x0002/info) - Inserted: PD 15(e0xf5/s1)\nmfi0: 7712 (boot + 31s/0x0002/info) - Inserted: PD 15(e0xf5/s1) Info: enclPd=f5, scsiType=0, portMap=00, sasAddr=500062b2009b1891,0000000000000000\nmfi0: 7713 (boot + 31s/0x0002/info) - Inserted: PD 16(e0xf5/s2)\nmfi0: 7714 (boot + 31s/0x0002/info) - Inserted: PD 16(e0xf5/s2) Info: enclPd=f5, scsiType=0, portMap=00, sasAddr=500062b2009b1892,0000000000000000\nmfi0: 7715 (boot + 31s/0x0002/info) - Inserted: PD 17(e0xf5/s3)\nmfi0: 7716 (boot + 31s/0x0002/info) - Inserted: PD 17(e0xf5/s3) Info: enclPd=f5, scsiType=0, portMap=00, sasAddr=500062b2009b1893,0000000000000000\nmfi0: 7717 (boot + 31s/0x0002/info) - Inserted: PD 18(e0xf5/s12)\nmfi0: 7718 (boot + 31s/0x0002/info) - Inserted: PD 18(e0xf5/s12) Info: enclPd=f5, scsiType=0, portMap=00, sasAddr=500062b2009b1898,0000000000000000\nmfi0: 7719 (boot + 31s/0x0002/info) - Inserted: PD 19(e0xf5/s13)\nmfi0: 7720 (boot + 31s/0x0002/info) - Inserted: PD 19(e0xf5/s13) Info: enclPd=f5, scsiType=0, portMap=00, sasAddr=500062b2009b1899,0000000000000000\nmfi0: 7721 (boot + 31s/0x0002/info) - Inserted: PD 1a(e0xf5/s14)\nmfi0: 7722 (boot + 31s/0x0002/info) - Inserted: PD 1a(e0xf5/s14) Info: enclPd=f5, scsiType=0, portMap=00, sasAddr=500062b2009b189a,0000000000000000\nmfi0: 7723 (boot + 31s/0x0002/info) - Inserted: PD 1b(e0xf5/s15)\nmfi0: 7724 (boot + 31s/0x0002/info) - Inserted: PD 1b(e0xf5/s15) Info: enclPd=f5, scsiType=0, portMap=00, sasAddr=500062b2009b189b,0000000000000000\nmfi0: 7725 (boot + 31s/0x0002/info) - Inserted: PD 1c(e0xf5/s8)\nmfi0: 7726 (boot + 31s/0x0002/info) - Inserted: PD 1c(e0xf5/s8) Info: enclPd=f5, scsiType=0, portMap=00, sasAddr=500062b2009b18a0,0000000000000000\nmfi0: 7727 (boot + 31s/0x0002/info) - Inserted: PD 1d(e0xf5/s9)\nmfi0: 7728 (boot + 31s/0x0002/info) - Inserted: PD 1d(e0xf5/s9) Info: enclPd=f5, scsiType=0, portMap=00, sasAddr=500062b2009b18a1,0000000000000000\nmfi0: 7729 (boot + 31s/0x0002/info) - Inserted: PD 1e(e0xf5/s10)\nmfi0: 7730 (boot + 31s/0x0002/info) - Inserted: PD 1e(e0xf5/s10) Info: enclPd=f5, scsiType=0, portMap=00, sasAddr=500062b2009b18a2,0000000000000000\nmfi0: 7731 (boot + 31s/0x0002/info) - Inserted: PD 1f(e0xf5/s11)\nmfi0: 7732 (boot + 31s/0x0002/info) - Inserted: PD 1f(e0xf5/s11) Info: enclPd=f5, scsiType=0, portMap=00, sasAddr=500062b2009b18a3,0000000000000000\nmfi0: 7733 (boot + 32s/0x0002/info) - Unexpected sense: PD 17(e0xf5/s3) Path 500062b2009b1893, CDB: 1a 08 c8 00 ff 00, Sense: 5/24/00\nmfi0: 7734 (boot + 32s/0x0002/info) - Unexpected sense: PD 16(e0xf5/s2) Path 500062b2009b1892, CDB: 1a 08 c8 00 ff 00, Sense: 5/24/00\nmfi0: 7735 (boot + 32s/0x0002/info) - Unexpected sense: PD 15(e0xf5/s1) Path 500062b2009b1891, CDB: 1a 08 c8 00 ff 00, Sense: 5/24/00\nmfi0: 7736 (boot + 32s/0x0002/info) - Unexpected sense: PD 14(e0xf5/s0) Path 500062b2009b1890, CDB: 1a 08 c8 00 ff 00, Sense: 5/24/00\nmfi0: 7737 (boot + 32s/0x0002/info) - Unexpected sense: PD 13(e0xf5/s7) Path 500062b2009b188f, CDB: 1a 08 c8 00 ff 00, Sense: 5/24/00\nmfi0: 7738 (boot + 32s/0x0002/info) - Unexpected sense: PD 12(e0xf5/s6) Path 500062b2009b188e, CDB: 1a 08 c8 00 ff 00, Sense: 5/24/00\nmfi0: 7739 (boot + 32s/0x0002/info) - Unexpected sense: PD 11(e0xf5/s5) Path 500062b2009b188d, CDB: 1a 08 c8 00 ff 00, Sense: 5/24/00\nmfi0: 7740 (boot + 32s/0x0002/info) - Unexpected sense: PD 10(e0xf5/s4) Path 500062b2009b188c, CDB: 1a 08 c8 00 ff 00, Sense: 5/24/00\nmfi0: 7741 (boot + 32s/0x0002/info) - Unexpected sense: PD 1f(e0xf5/s11) Path 500062b2009b18a3, CDB: 1a 08 c8 00 ff 00, Sense: 5/24/00\nmfi0: 7742 (boot + 32s/0x0002/info) - Unexpected sense: PD 1e(e0xf5/s10) Path 500062b2009b18a2, CDB: 1a 08 c8 00 ff 00, Sense: 5/24/00\nmfi0: 7743 (boot + 32s/0x0002/info) - Unexpected sense: PD 1d(e0xf5/s9) Path 500062b2009b18a1, CDB: 1a 08 c8 00 ff 00, Sense: 5/24/00\nmfi0: 7744 (boot + 32s/0x0002/info) - Unexpected sense: PD 1b(e0xf5/s15) Path 500062b2009b189b, CDB: 1a 08 c8 00 ff 00, Sense: 5/24/00\nmfi0: 7745 (boot + 32s/0x0002/info) - Unexpected sense: PD 1a(e0xf5/s14) Path 500062b2009b189a, CDB: 1a 08 c8 00 ff 00, Sense: 5/24/00\nmfi0: 7746 (boot + 32s/0x0002/info) - Unexpected sense: PD 19(e0xf5/s13) Path 500062b2009b1899, CDB: 1a 08 c8 00 ff 00, Sense: 5/24/00\nmfi0: 7747 (boot + 32s/0x0002/info) - Unexpected sense: PD 18(e0xf5/s12) Path 500062b2009b1898, CDB: 1a 08 c8 00 ff 00, Sense: 5/24/00\nmfi0: 7748 (510290015s/0x0020/info) - Time established as 03/03/16  3:13:35; (42 seconds since power on)\nmfi0: 7749 (510290037s/0x0008/info) - Battery started charging\nmfi0: 7750 (510290037s/0x0008/info) - Battery temperature is normal\nmfi0: 7751 (510290056s/0x0020/info) - Host driver is loaded and operational\nada0 at ahcich0 bus 0 scbus0 target 0 lun 0\nada0: \u003cSAMSUNG MZ7WD120HAFV-00003 DXM87W3Q\u003e ATA-9 SATA 3.x device\nada0: Serial Number S16KNYAF400781\nada0: 300.000MB/s transfers (SATA 2.x, UDMA6, PIO 8192bytes)\nada0: Command Queueing enabled\nada0: 114473MB (234441648 512 byte sectors: 16H 63S/T 16383C)\nada0: Previously was known as ad4\nada1 at ahcich1 bus 0 scbus1 target 0 lun 0\nada1: \u003cSAMSUNG MZ7WD120HAFV-00003 DXM87W3Q\u003e ATA-9 SATA 3.x device\nada1: Serial Number S16KNYAF400785\nada1: 300.000MB/s transfers (SATA 2.x, UDMA6, PIO 8192bytes)\nada1: Command Queueing enabled\nada1: 114473MB (234441648 512 byte sectors: 16H 63S/T 16383C)\nada1: Previously was known as ad6\nSMP: AP CPU #1 Launched!\ncd0 at ahcich2 bus 0 scbus2 target 0 lun 0\ncd0: \u003cTEAC DV-28S-A 9.2A\u003e Removable CD-ROM SCSI-0 device \ncd0: 150.000MB/s transfers (SATA 1.x, UDMA5, ATAPI 12bytes, PIO 8192bytes)\ncd0: Attempt to query device size failed: NOT READY, Medium not present - tray open\nSMP: AP CPU #6 Launched!\nSMP: AP CPU #4 Launched!\nSMP: AP CPU #3 Launched!\nSMP: AP CPU #5 Launched!\nSMP: AP CPU #2 Launched!\nSMP: AP CPU #7 Launched!\nTimecounter \"TSC-low\" frequency 1650048222 Hz quality 1000\nuhub0: 2 ports with 2 removable, self powered\nuhub1: 2 ports with 2 removable, self powered\nugen0.2: \u003cvendor 0x8087\u003e at usbus0\nuhub2: \u003cvendor 0x8087 product 0x0024, class 9/0, rev 2.00/0.00, addr 2\u003e on usbus0\nugen1.2: \u003cvendor 0x8087\u003e at usbus1\nuhub3: \u003cvendor 0x8087 product 0x0024, class 9/0, rev 2.00/0.00, addr 2\u003e on usbus1\nuhub2: 6 ports with 6 removable, self powered\nuhub3: 6 ports with 6 removable, self powered\nugen1.3: \u003cvendor 0x0409\u003e at usbus1\nuhub4: \u003cvendor 0x0409 product 0x55aa, class 9/0, rev 1.10/2.00, addr 3\u003e on usbus1\nugen0.3: \u003cWinbond Electronics Corp\u003e at usbus0\nums0: \u003cWinbond Electronics Corp Hermon USB hidmouse Device, class 0/0, rev 1.10/0.01, addr 3\u003e on usbus0\nums0: 3 buttons and [Z] coordinates ID=0\nukbd0: \u003cWinbond Electronics Corp Hermon USB hidmouse Device, class 0/0, rev 1.10/0.01, addr 3\u003e on usbus0\nkbd2 at ukbd0\nGEOM_MIRROR: Device mirror/root launched (1/2).\nGEOM_MIRROR: Device root: rebuilding provider ada0.\nuhub4: 3 ports with 2 removable, bus powered\nRoot mount waiting for: usbus1\nugen1.4: \u003cLOGITECH\u003e at usbus1\nukbd1: \u003cLOGITECH USB Keyboard, class 0/0, rev 1.10/3.00, addr 4\u003e on usbus1\nkbd3 at ukbd1\nuhid0: \u003cLOGITECH USB Keyboard, class 0/0, rev 1.10/3.00, addr 4\u003e on usbus1\nRoot mount waiting for: usbus1\nugen1.5: \u003cCypress Sem\u003e at usbus1\nums1: \u003cEndPoint1 Int\u003e on usbus1\nums1: 5 buttons and [XYZ] coordinates ID=0\nTrying to mount root from ufs:/dev/mirror/roots1a [rw]...\nWARNING: / was not properly dismounted\nZFS filesystem version: 5\nZFS storage pool version: features support (5000)\nmfi0: 7752 (510290097s/0x0008/info) - Battery charge complete\n[michelle@colossus /usr/home/michelle]$ sudo ls -l /var/crash/\ntotal 8\n-rw-r--r--  1 root  wheel  5 Sep 27  2013 minfree\n[michelle@colossus /usr/home/michelle]$ more /etc/rc.conf.local \ndumpdev=\"AUTO\"\ndumpdir=\"/var/crash\"\ncrashinfo_enable=\"YES\"\n\nstatic_routes=\"sorbs\"\nroute_sorbs=\"-net 113.52.8.0/24 10.10.0.254\"\n\nzfs_enable=\"YES\"\n\nvboxwebsrv_enable=\"YES\"\nvboxguest_enable=\"YES\"\nvboxservice_enable=\"YES\"\nvboxnet_enable=\"YES\"\n\n\nFeel free to ask for more info, I'll give what I can, as this is very and instantly reproducible..."
}