{
 "id": 647780,
 "bug_id": 164450,
 "attachment_id": 0,
 "creation_time": "2012-01-24T18:00:22Z",
 "creator": "yehorov@gmail.com",
 "text": "The ata driver with an option ATA_CAM can't detect \u0026#1072; CD device in a Citrix XenServer virtual machine.\nTherefore, it's impossible to install FreeeBSD 9.0-RELEASE from a CD/DVD image.\n\nWhen i'm trying to boot from CD the loader boot the kernel that can't see a CD device and can't mount root. On console I get:\n\nTrying to mount root from cd9660:/dev/iso9660/FREEBSD_INSTALL [ro]...\nmountroot: waiting for device /dev/iso9660/FREEBSD_INSTALL ...\nMounting from cd9660:/dev/iso9660/FREEBSD_INSTALL failed with error 19.\n\nLoader variables:\n    vfs.root.mountfrom=cd9660:/dev/iso9660/FREEBSD_INSTALL\n    vfs.root.mountfrom.options=ro\n\n\nOn installed system dmesg and some camcontrol commands show the following:\n\n# dmesg\nCopyright (c) 1992-2012 The FreeBSD Project.\nCopyright (c) 1979, 1980, 1983, 1986, 1988, 1989, 1991, 1992, 1993, 1994\n\tThe Regents of the University of California. All rights reserved.\nFreeBSD is a registered trademark of The FreeBSD Foundation.\nFreeBSD 9.0-RELEASE #0: Tue Jan  3 07:15:25 UTC 2012\n    root@obrian.cse.buffalo.edu:/usr/obj/usr/src/sys/GENERIC i386\nCPU: Intel(R) Xeon(R) CPU           E5420  @ 2.50GHz (2500.11-MHz 686-class CPU)\n  Origin = \"GenuineIntel\"  Id = 0x1067a  Family = 6  Model = 17  Stepping = 10\n  Features=0x781fbff\u003cFPU,VME,DE,PSE,TSC,MSR,PAE,MCE,CX8,APIC,SEP,MTRR,PGE,MCA,CMOV,PAT,MMX,FXSR,SSE,SSE2\u003e\n  Features2=0x80082201\u003cSSE3,SSSE3,CX16,SSE4.1,HV\u003e\n  AMD Features=0x20000800\u003cSYSCALL,LM\u003e\n  AMD Features2=0x1\u003cLAHF\u003e\nreal memory  = 536870912 (512 MB)\navail memory = 506114048 (482 MB)\nEvent timer \"LAPIC\" quality 400\nACPI APIC Table: \u003cXen HVM\u003e\nioapic0: Changing APIC ID to 1\nMADT: Forcing active-low polarity and level trigger for SCI\nioapic0 \u003cVersion 1.1\u003e irqs 0-47 on motherboard\nkbd1 at kbdmux0\nacpi0: \u003cXen\u003e on motherboard\nacpi0: reservation of 0, a0000 (3) failed\nTimecounter \"ACPI-fast\" frequency 3579545 Hz quality 900\nacpi_timer0: \u003c32-bit timer at 3.579545MHz\u003e port 0x1f48-0x1f4b on acpi0\ncpu0: \u003cACPI CPU\u003e on acpi0\npcib0: \u003cACPI Host-PCI bridge\u003e port 0xcf8-0xcff iomem 0xf0000000-0xf4ffffff on acpi0\npci0: \u003cACPI PCI bus\u003e on pcib0\nisab0: \u003cPCI-ISA bridge\u003e at device 1.0 on pci0\nisa0: \u003cISA bus\u003e on isab0\natapci0: \u003cIntel PIIX3 WDMA2 controller\u003e port 0x1f0-0x1f7,0x3f6,0x170-0x177,0x376,0xc000-0xc00f at device 1.1 on pci0\nata0: \u003cATA channel 0\u003e on atapci0\nata1: \u003cATA channel 1\u003e on atapci0\npci0: \u003cbridge\u003e at device 1.2 (no driver attached)\nuhci0: \u003cIntel 82371SB (PIIX3) USB controller\u003e port 0xc020-0xc03f irq 23 at device 1.3 on pci0\nusbus0: controller did not stop\nusbus0: \u003cIntel 82371SB (PIIX3) USB controller\u003e on uhci0\nvgapci0: \u003cVGA-compatible display\u003e at device 2.0 on pci0\npci0: \u003cmass storage, SCSI\u003e at device 3.0 (no driver attached)\nre0: \u003cRealTek 8139C+ 10/100BaseTX\u003e port 0xc200-0xc2ff irq 32 at device 4.0 on pci0\nre0: 0x100 bytes of rid 0x14 res 3 failed (0, 0xffffffff).\nre0: Chip rev. 0x74800000\nre0: MAC rev. 0x00000000\nmiibus0: \u003cMII bus\u003e on re0\nrlphy0: \u003cRealTek internal media interface\u003e PHY 0 on miibus0\nrlphy0:  10baseT, 10baseT-FDX, 100baseTX, 100baseTX-FDX, auto, auto-flow\nre0: Ethernet address: 16:7e:21:3c:34:a0\nattimer0: \u003cAT timer\u003e port 0x40-0x43 irq 0 on acpi0\nTimecounter \"i8254\" frequency 1193182 Hz quality 0\nEvent timer \"i8254\" frequency 1193182 Hz quality 100\natrtc0: \u003cAT realtime clock\u003e port 0x70-0x71 irq 8 on acpi0\nEvent timer \"RTC\" frequency 32768 Hz quality 0\natkbdc0: \u003cKeyboard controller (i8042)\u003e port 0x60,0x64 irq 1 on acpi0\natkbd0: \u003cAT Keyboard\u003e irq 1 on atkbdc0\nkbd0 at atkbd0\natkbd0: [GIANT-LOCKED]\npsm0: \u003cPS/2 Mouse\u003e irq 12 on atkbdc0\npsm0: [GIANT-LOCKED]\npsm0: model IntelliMouse Explorer, device ID 4\nuart0: \u003c8250 or 16450 or compatible\u003e port 0x3f8-0x3ff irq 4 flags 0x10 on acpi0\nppc0: \u003cParallel port\u003e port 0x378-0x37f irq 7 on acpi0\nppc0: Generic chipset (EPP/NIBBLE) in COMPATIBLE mode\nppbus0: \u003cParallel port bus\u003e on ppc0\nplip0: \u003cPLIP network interface\u003e on ppbus0\nlpt0: \u003cPrinter\u003e on ppbus0\nlpt0: Interrupt-driven port\nppi0: \u003cParallel I/O\u003e on ppbus0\npmtimer0 on isa0\nsc0: \u003cSystem console\u003e at flags 0x100 on isa0\nsc0: VGA \u003c16 virtual consoles, flags=0x300\u003e\nvga0: \u003cGeneric ISA VGA\u003e at port 0x3c0-0x3df iomem 0xa0000-0xbffff on isa0\nTimecounters tick every 10.000 msec\nusbus0: 12Mbps Full Speed USB v1.0\nugen0.1: \u003cIntel\u003e at usbus0\nuhub0: \u003cIntel UHCI root HUB, class 9/0, rev 1.00/1.00, addr 1\u003e on usbus0\nada0 at ata0 bus 0 scbus0 target 0 lun 0\nada0: \u003cQEMU HARDDISK 0.8.2\u003e ATA-7 device\nada0: 16.700MB/s transfers (WDMA2, PIO 8192bytes)\nada0: 9216MB (18874368 512 byte sectors: 16H 63S/T 16383C)\nada0: Previously was known as ad0\nTimecounter \"TSC\" frequency 2500107690 Hz quality 800\n(da0:ata1:0:1:0): unsupportable block size 1882390644\n(da0:ata1:0:1:0): unsupportable block size 1029792816\n(da0:ata1:0:1:0): unsupportable block size 1029988656\nRoot mount waiting for: usbus0\nuhub0: 2 ports with 2 removable, self powered\nRoot mount waiting for: usbus0\nugen0.2: \u003cQEMU 0.8.2\u003e at usbus0\nums0: \u003cEndpoint1 Interrupt Pipe\u003e on usbus0\nTrying to mount root from ufs:/dev/gpt/root [rw]...\n\n# camcontrol devlist\n\u003cQEMU HARDDISK 0.8.2\u003e              at scbus0 target 0 lun 0 (pass0,ada0)\n\u003c  \u003e                               at scbus1 target 1 lun 0 (da0,pass1)\n\n# camcontrol identify pass1\npass1: \u003cQEMU CD-ROM 0.8.2\u003e ATAPI-4 device\npass1: 16.700MB/s transfers (WDMA2, ATAPI 12bytes, PIO 65534bytes)\n\nprotocol              ATA/ATAPI-4\ndevice model          QEMU CD-ROM\nfirmware revision     0.8.2\nserial number         QM00004\ncylinders             0\nheads                 0\nsectors/track         0\nsector size           logical 512, physical 512, offset 0\nLBA supported         \nLBA48 not supported       \nPIO supported         PIO3 w/o IORDY\nDMA supported         WDMA2 \n\nFeature                      Support  Enabled   Value           Vendor\nread ahead                     no\tno\nwrite cache                    no\tno\nflush cache                    no\tno\noverlap                        no\nTagged Command Queuing (TCQ)   no\tno\nNative Command Queuing (NCQ)   no\nSMART                          no\tno\nmicrocode download             no\tno\nsecurity                       no\tno\npower management               no\tno\nadvanced power management      no\tno\nautomatic acoustic management  no\tno\nmedia status notification      no\tno\npower-up in Standby            no\tno\nwrite-read-verify              no\tno\nunload                         no\tno\nfree-fall                      no\tno\ndata set management (TRIM)     no\n\nHow-To-Repeat: Boot from FreeBSD 9.0-RELEASE CD in Citrix XenServer virtual machine."
}