{
 "id": 900713,
 "bug_id": 148807,
 "attachment_id": 0,
 "creation_time": "2016-10-07T10:09:36Z",
 "creator": "emz@norma.perm.ru",
 "text": "Follow-up: RC3 was installed incorrectly (i.e. not installed at all). After proper RC3 downgrade (r305786) seems like server is at least more stable - it runs for more than an hour. On 11.0-PRE (306739) panics were happening in like 3 to 5 minutes.\n\nI have a handful of cores, in case someone needs them.\n\nAs about the driver. This was a HP DL160 g6 I guess and the driver was igb(4). Now it's the Supermicro board (tech team switched the drives to a new chassis to exclude possible hardware problems) and the ifconfig/dmesg.boot are as folows (the driver is still an igb(4)), and the dmesg is from 11-RC3:\n\nigb0: flags=8843\u003cUP,BROADCAST,RUNNING,SIMPLEX,MULTICAST\u003e metric 0 mtu 1500\n        options=6403bb\u003cRXCSUM,TXCSUM,VLAN_MTU,VLAN_HWTAGGING,JUMBO_MTU,VLAN_HWCSUM,TSO4,TSO6,VLAN_HWTSO,RXCSUM_IPV6,TXCSUM_IPV6\u003e\n        ether 00:25:90:06:b7:9e\n        nd6 options=29\u003cPERFORMNUD,IFDISABLED,AUTO_LINKLOCAL\u003e\n        media: Ethernet autoselect (1000baseT \u003cfull-duplex\u003e)\n        status: active\nigb1: flags=8c02\u003cBROADCAST,OACTIVE,SIMPLEX,MULTICAST\u003e metric 0 mtu 1500\n        options=6403bb\u003cRXCSUM,TXCSUM,VLAN_MTU,VLAN_HWTAGGING,JUMBO_MTU,VLAN_HWCSUM,TSO4,TSO6,VLAN_HWTSO,RXCSUM_IPV6,TXCSUM_IPV6\u003e\n        ether 00:25:90:06:b7:9f\n        nd6 options=29\u003cPERFORMNUD,IFDISABLED,AUTO_LINKLOCAL\u003e\n        media: Ethernet autoselect\n        status: no carrier\nlo0: flags=8049\u003cUP,LOOPBACK,RUNNING,MULTICAST\u003e metric 0 mtu 16384\n        options=600003\u003cRXCSUM,TXCSUM,RXCSUM_IPV6,TXCSUM_IPV6\u003e\n        inet6 ::1 prefixlen 128\n        inet6 fe80::1%lo0 prefixlen 64 scopeid 0x3\n        inet 127.0.0.1 netmask 0xff000000\n        nd6 options=21\u003cPERFORMNUD,AUTO_LINKLOCAL\u003e\n        groups: lo\nvlan1: flags=8843\u003cUP,BROADCAST,RUNNING,SIMPLEX,MULTICAST\u003e metric 0 mtu 1500\n        options=303\u003cRXCSUM,TXCSUM,TSO4,TSO6\u003e\n        ether 00:25:90:06:b7:9e\n        inet 192.168.0.248 netmask 0xffffff00 broadcast 192.168.0.255\n        nd6 options=29\u003cPERFORMNUD,IFDISABLED,AUTO_LINKLOCAL\u003e\n        media: Ethernet autoselect (1000baseT \u003cfull-duplex\u003e)\n        status: active\n        vlan: 1 vlanpcp: 0 parent interface: igb0\n        groups: vlan\nvlan2: flags=8843\u003cUP,BROADCAST,RUNNING,SIMPLEX,MULTICAST\u003e metric 0 mtu 1500\n        options=303\u003cRXCSUM,TXCSUM,TSO4,TSO6\u003e\n        ether 00:25:90:06:b7:9e\n        inet 91.206.242.1 netmask 0xfffffff0 broadcast 91.206.242.15\n        inet 91.206.242.5 netmask 0xfffffff0 broadcast 91.206.242.15\n        inet 91.206.242.8 netmask 0xfffffff0 broadcast 91.206.242.15\n        nd6 options=29\u003cPERFORMNUD,IFDISABLED,AUTO_LINKLOCAL\u003e\n        media: Ethernet autoselect (1000baseT \u003cfull-duplex\u003e)\n        status: active\n        vlan: 2 vlanpcp: 0 parent interface: igb0\n        groups: vlan\nvlan3: flags=8843\u003cUP,BROADCAST,RUNNING,SIMPLEX,MULTICAST\u003e metric 0 mtu 1500\n        options=303\u003cRXCSUM,TXCSUM,TSO4,TSO6\u003e\n        ether 00:25:90:06:b7:9e\n        inet 10.64.0.250 netmask 0xffffff00 broadcast 10.64.0.255\n        inet 10.64.0.252 netmask 0xffffff00 broadcast 10.64.0.255\n        nd6 options=29\u003cPERFORMNUD,IFDISABLED,AUTO_LINKLOCAL\u003e\n        media: Ethernet autoselect (1000baseT \u003cfull-duplex\u003e)\n        status: active\n        vlan: 3 vlanpcp: 0 parent interface: igb0\n        groups: vlan\nvlan4: flags=8843\u003cUP,BROADCAST,RUNNING,SIMPLEX,MULTICAST\u003e metric 0 mtu 1500\n        options=303\u003cRXCSUM,TXCSUM,TSO4,TSO6\u003e\n        ether 00:25:90:06:b7:9e\n        inet 89.250.210.6 netmask 0xfffffffc broadcast 89.250.210.7\n        nd6 options=29\u003cPERFORMNUD,IFDISABLED,AUTO_LINKLOCAL\u003e\n        media: Ethernet autoselect (1000baseT \u003cfull-duplex\u003e)\n        status: active\n        vlan: 4 vlanpcp: 0 parent interface: igb0\n        groups: vlan\nvlan5: flags=8843\u003cUP,BROADCAST,RUNNING,SIMPLEX,MULTICAST\u003e metric 0 mtu 1500\n        options=303\u003cRXCSUM,TXCSUM,TSO4,TSO6\u003e\n        ether 00:25:90:06:b7:9e\n        inet 77.43.142.201 netmask 0xfffffffc broadcast 77.43.142.203\n        nd6 options=29\u003cPERFORMNUD,IFDISABLED,AUTO_LINKLOCAL\u003e\n        media: Ethernet autoselect (1000baseT \u003cfull-duplex\u003e)\n        status: active\n        vlan: 5 vlanpcp: 0 parent interface: igb0\n        groups: vlan\nvlan6: flags=8843\u003cUP,BROADCAST,RUNNING,SIMPLEX,MULTICAST\u003e metric 0 mtu 1500\n        options=303\u003cRXCSUM,TXCSUM,TSO4,TSO6\u003e\n        ether 00:25:90:06:b7:9e\n        inet 172.20.142.250 netmask 0xffffff00 broadcast 172.20.142.255\n        nd6 options=29\u003cPERFORMNUD,IFDISABLED,AUTO_LINKLOCAL\u003e\n        media: Ethernet autoselect (1000baseT \u003cfull-duplex\u003e)\n        status: active\n        vlan: 6 vlanpcp: 0 parent interface: igb0\n        groups: vlan\nvlan7: flags=8843\u003cUP,BROADCAST,RUNNING,SIMPLEX,MULTICAST\u003e metric 0 mtu 1500\n        options=303\u003cRXCSUM,TXCSUM,TSO4,TSO6\u003e\n        ether 00:25:90:06:b7:9e\n        inet 172.16.240.2 netmask 0xffffff00 broadcast 172.16.240.255\n        nd6 options=29\u003cPERFORMNUD,IFDISABLED,AUTO_LINKLOCAL\u003e\n        media: Ethernet autoselect (1000baseT \u003cfull-duplex\u003e)\n        status: active\n        vlan: 7 vlanpcp: 0 parent interface: igb0\n        groups: vlan\nvlan8: flags=8843\u003cUP,BROADCAST,RUNNING,SIMPLEX,MULTICAST\u003e metric 0 mtu 1500\n        options=303\u003cRXCSUM,TXCSUM,TSO4,TSO6\u003e\n        ether 00:25:90:06:b7:9e\n        inet 86.109.196.74 netmask 0xfffffff8 broadcast 86.109.196.79\n        nd6 options=29\u003cPERFORMNUD,IFDISABLED,AUTO_LINKLOCAL\u003e\n        media: Ethernet autoselect (1000baseT \u003cfull-duplex\u003e)\n        status: active\n        vlan: 8 vlanpcp: 0 parent interface: igb0\n        groups: vlan\nvlan9: flags=8843\u003cUP,BROADCAST,RUNNING,SIMPLEX,MULTICAST\u003e metric 0 mtu 1500\n        options=303\u003cRXCSUM,TXCSUM,TSO4,TSO6\u003e\n        ether 00:25:90:06:b7:9e\n        inet 192.168.2.1 netmask 0xffffff00 broadcast 192.168.2.255\n        nd6 options=29\u003cPERFORMNUD,IFDISABLED,AUTO_LINKLOCAL\u003e\n        media: Ethernet autoselect (1000baseT \u003cfull-duplex\u003e)\n        status: active\n        vlan: 9 vlanpcp: 0 parent interface: igb0\n        groups: vlan\nvlan10: flags=8843\u003cUP,BROADCAST,RUNNING,SIMPLEX,MULTICAST\u003e metric 0 mtu 1500\n        options=303\u003cRXCSUM,TXCSUM,TSO4,TSO6\u003e\n        ether 00:25:90:06:b7:9e\n        inet 192.168.3.1 netmask 0xffffff00 broadcast 192.168.3.255\n        nd6 options=29\u003cPERFORMNUD,IFDISABLED,AUTO_LINKLOCAL\u003e\n        media: Ethernet autoselect (1000baseT \u003cfull-duplex\u003e)\n        status: active\n        vlan: 10 vlanpcp: 0 parent interface: igb0\n        groups: vlan\nvlan11: flags=8843\u003cUP,BROADCAST,RUNNING,SIMPLEX,MULTICAST\u003e metric 0 mtu 1500\n        options=303\u003cRXCSUM,TXCSUM,TSO4,TSO6\u003e\n        ether 00:25:90:06:b7:9e\n        inet 188.234.141.201 netmask 0xfffffffc broadcast 188.234.141.203\n        nd6 options=29\u003cPERFORMNUD,IFDISABLED,AUTO_LINKLOCAL\u003e\n        media: Ethernet autoselect (1000baseT \u003cfull-duplex\u003e)\n        status: active\n        vlan: 11 vlanpcp: 0 parent interface: igb0\n        groups: vlan\nvlan12: flags=8843\u003cUP,BROADCAST,RUNNING,SIMPLEX,MULTICAST\u003e metric 0 mtu 1500\n        options=303\u003cRXCSUM,TXCSUM,TSO4,TSO6\u003e\n        ether 00:25:90:06:b7:9e\n        inet 192.168.50.1 netmask 0xffffff00 broadcast 192.168.50.255\n        nd6 options=29\u003cPERFORMNUD,IFDISABLED,AUTO_LINKLOCAL\u003e\n        media: Ethernet autoselect (1000baseT \u003cfull-duplex\u003e)\n        status: active\n        vlan: 12 vlanpcp: 0 parent interface: igb0\n        groups: vlan\nvlan13: flags=8843\u003cUP,BROADCAST,RUNNING,SIMPLEX,MULTICAST\u003e metric 0 mtu 1500\n        options=303\u003cRXCSUM,TXCSUM,TSO4,TSO6\u003e\n        ether 00:25:90:06:b7:9e\n        inet 192.168.99.10 netmask 0xffffff00 broadcast 192.168.99.255\n        nd6 options=29\u003cPERFORMNUD,IFDISABLED,AUTO_LINKLOCAL\u003e\n        media: Ethernet autoselect (1000baseT \u003cfull-duplex\u003e)\n        status: active\n        vlan: 13 vlanpcp: 0 parent interface: igb0\n        groups: vlan\n\n\nDmesg:\n\nCopyright (c) 1992-2016 The FreeBSD Project.\nCopyright (c) 1979, 1980, 1983, 1986, 1988, 1989, 1991, 1992, 1993, 1994\n        The Regents of the University of California. All rights reserved.\nFreeBSD is a registered trademark of The FreeBSD Foundation.\nFreeBSD 11.0-RC3 #0 r305786: Wed Sep 14 02:19:25 UTC 2016\n    root@releng2.nyi.freebsd.org:/usr/obj/usr/src/sys/GENERIC amd64\nFreeBSD clang version 3.8.0 (tags/RELEASE_380/final 262564) (based on LLVM 3.8.0)\nVT(vga): resolution 640x480\nCPU: Intel(R) Xeon(R) CPU           E5620  @ 2.40GHz (2400.13-MHz K8-class CPU)\n  Origin=\"GenuineIntel\"  Id=0x206c2  Family=0x6  Model=0x2c  Stepping=2\n  Features=0xbfebfbff\u003cFPU,VME,DE,PSE,TSC,MSR,PAE,MCE,CX8,APIC,SEP,MTRR,PGE,MCA,CMOV,PAT,PSE36,CLFLUSH,DTS,ACPI,MMX,FXSR,SSE,SSE2,SS,HTT,TM,PBE\u003e\n  Features2=0x9ee3fd\u003cSSE3,DTES64,MON,DS_CPL,VMX,SMX,EST,TM2,SSSE3,CX16,xTPR,PDCM,PCID,DCA,SSE4.1,SSE4.2,POPCNT\u003e\n  AMD Features=0x2c100800\u003cSYSCALL,NX,Page1GB,RDTSCP,LM\u003e\n  AMD Features2=0x1\u003cLAHF\u003e\n  VT-x: PAT,HLT,MTF,PAUSE,EPT,UG,VPID\n  TSC: P-state invariant, performance statistics\nreal memory  = 51543801856 (49156 MB)\navail memory = 49979412480 (47664 MB)\nEvent timer \"LAPIC\" quality 600\nACPI APIC Table: \u003c080312 APIC1521\u003e\nFreeBSD/SMP: Multiprocessor System Detected: 16 CPUs\nFreeBSD/SMP: 2 package(s) x 4 core(s) x 2 hardware threads\nrandom: unblocking device.\nACPI BIOS Warning (bug): 32/64X length mismatch in FADT/Gpe0Block: 128/64 (20160527/tbfadt-650)\nioapic0: Changing APIC ID to 6\nioapic1: Changing APIC ID to 7\nioapic0 \u003cVersion 2.0\u003e irqs 0-23 on motherboard\nioapic1 \u003cVersion 2.0\u003e irqs 24-47 on motherboard\nrandom: entropy device external interface\nkbd1 at kbdmux0\nnetmap: loaded module\nmodule_register_init: MOD_LOAD (vesa, 0xffffffff8101c950, 0) error 19\nvtvga0: \u003cVT VGA driver\u003e on motherboard\ncryptosoft0: \u003csoftware crypto\u003e on motherboard\nacpi0: \u003cSMCI \u003e on motherboard\nacpi0: Power Button (fixed)\ncpu0: \u003cACPI CPU\u003e on acpi0\ncpu1: \u003cACPI CPU\u003e on acpi0\ncpu2: \u003cACPI CPU\u003e on acpi0\ncpu3: \u003cACPI CPU\u003e on acpi0\ncpu4: \u003cACPI CPU\u003e on acpi0\ncpu5: \u003cACPI CPU\u003e on acpi0\ncpu6: \u003cACPI CPU\u003e on acpi0\ncpu7: \u003cACPI CPU\u003e on acpi0\ncpu8: \u003cACPI CPU\u003e on acpi0\ncpu9: \u003cACPI CPU\u003e on acpi0\ncpu10: \u003cACPI CPU\u003e on acpi0\ncpu11: \u003cACPI CPU\u003e on acpi0\ncpu12: \u003cACPI CPU\u003e on acpi0\ncpu13: \u003cACPI CPU\u003e on acpi0\ncpu14: \u003cACPI CPU\u003e on acpi0\ncpu15: \u003cACPI CPU\u003e on acpi0\nattimer0: \u003cAT timer\u003e port 0x40-0x43 irq 0 on acpi0\nTimecounter \"i8254\" frequency 1193182 Hz quality 0\nEvent timer \"i8254\" frequency 1193182 Hz quality 100\natrtc0: \u003cAT realtime clock\u003e port 0x70-0x71 irq 8 on acpi0\nEvent timer \"RTC\" frequency 32768 Hz quality 0\nhpet0: \u003cHigh Precision Event Timer\u003e iomem 0xfed00000-0xfed003ff on acpi0\nTimecounter \"HPET\" frequency 14318180 Hz quality 950\nEvent timer \"HPET\" frequency 14318180 Hz quality 350\nEvent timer \"HPET1\" frequency 14318180 Hz quality 340\nEvent timer \"HPET2\" frequency 14318180 Hz quality 340\nEvent timer \"HPET3\" frequency 14318180 Hz quality 340\nTimecounter \"ACPI-safe\" frequency 3579545 Hz quality 850\nacpi_timer0: \u003c24-bit timer at 3.579545MHz\u003e port 0x808-0x80b on acpi0\npcib0: \u003cACPI Host-PCI bridge\u003e port 0xcf8-0xcff numa-domain 0 on acpi0\npcib0: _OSC returned error 0x10\npci0: \u003cACPI PCI bus\u003e numa-domain 0 on pcib0\npcib1: \u003cACPI PCI-PCI bridge\u003e at device 1.0 numa-domain 0 on pci0\npci1: \u003cACPI PCI bus\u003e numa-domain 0 on pcib1\nigb0: \u003cIntel(R) PRO/1000 Network Connection, Version - 2.5.3-k\u003e port 0xec00-0xec1f mem 0xfbde0000-0xfbdfffff,0xfbdc0000-0xfbddffff,0xfbd9c000-0xfbd9ffff irq 28 at device 0.0 numa-domain 0 on pci1\nigb0: Using MSIX interrupts with 9 vectors\nigb0: Ethernet address: 00:25:90:06:b7:9e\nigb0: Bound queue 0 to cpu 0\nigb0: Bound queue 1 to cpu 1\nigb0: Bound queue 2 to cpu 2\nigb0: Bound queue 3 to cpu 3\nigb0: Bound queue 4 to cpu 4\nigb0: Bound queue 5 to cpu 5\nigb0: Bound queue 6 to cpu 6\nigb0: Bound queue 7 to cpu 7\nigb0: netmap queues/slots: TX 8/1024, RX 8/1024\nigb1: \u003cIntel(R) PRO/1000 Network Connection, Version - 2.5.3-k\u003e port 0xe880-0xe89f mem 0xfbd60000-0xfbd7ffff,0xfbd40000-0xfbd5ffff,0xfbd1c000-0xfbd1ffff irq 40 at device 0.1 numa-domain 0 on pci1\nigb1: Using MSIX interrupts with 9 vectors\nigb1: Ethernet address: 00:25:90:06:b7:9f\nigb1: Bound queue 0 to cpu 8\nigb1: Bound queue 1 to cpu 9\nigb1: Bound queue 2 to cpu 10\nigb1: Bound queue 3 to cpu 11\nigb1: Bound queue 4 to cpu 12\nigb1: Bound queue 5 to cpu 13\nigb1: Bound queue 6 to cpu 14\nigb1: Bound queue 7 to cpu 15\nigb1: netmap queues/slots: TX 8/1024, RX 8/1024\npcib2: \u003cACPI PCI-PCI bridge\u003e at device 3.0 numa-domain 0 on pci0\npci2: \u003cACPI PCI bus\u003e numa-domain 0 on pcib2\npcib3: \u003cACPI PCI-PCI bridge\u003e at device 5.0 numa-domain 0 on pci0\npci3: \u003cACPI PCI bus\u003e numa-domain 0 on pcib3\npcib4: \u003cACPI PCI-PCI bridge\u003e at device 7.0 numa-domain 0 on pci0\npci4: \u003cACPI PCI bus\u003e numa-domain 0 on pcib4\npcib5: \u003cACPI PCI-PCI bridge\u003e at device 9.0 numa-domain 0 on pci0\npci5: \u003cACPI PCI bus\u003e numa-domain 0 on pcib5\npci0: \u003cbase peripheral, interrupt controller\u003e at device 20.0 (no driver attached)\npci0: \u003cbase peripheral, interrupt controller\u003e at device 20.1 (no driver attached)\npci0: \u003cbase peripheral, interrupt controller\u003e at device 20.2 (no driver attached)\npci0: \u003cbase peripheral, interrupt controller\u003e at device 20.3 (no driver attached)\nuhci0: \u003cIntel 82801JI (ICH10) USB controller USB-D\u003e port 0xdc00-0xdc1f irq 16 at device 26.0 numa-domain 0 on pci0\nuhci0: LegSup = 0x2f00\nusbus0 numa-domain 0 on uhci0\nuhci1: \u003cIntel 82801JI (ICH10) USB controller USB-E\u003e port 0xd880-0xd89f irq 21 at device 26.1 numa-domain 0 on pci0\nuhci1: LegSup = 0x2f00\nusbus1 numa-domain 0 on uhci1\nuhci2: \u003cIntel 82801JI (ICH10) USB controller USB-F\u003e port 0xd800-0xd81f irq 19 at device 26.2 numa-domain 0 on pci0\nuhci2: LegSup = 0x2f00\nusbus2 numa-domain 0 on uhci2\nehci0: \u003cIntel 82801JI (ICH10) USB 2.0 controller USB-B\u003e mem 0xfbeda000-0xfbeda3ff irq 18 at device 26.7 numa-domain 0 on pci0\nusbus3: EHCI version 1.0\nusbus3 numa-domain 0 on ehci0\nuhci3: \u003cIntel 82801JI (ICH10) USB controller USB-A\u003e port 0xd480-0xd49f irq 23 at device 29.0 numa-domain 0 on pci0\nuhci3: LegSup = 0x2f00\nusbus4 numa-domain 0 on uhci3\nuhci4: \u003cIntel 82801JI (ICH10) USB controller USB-B\u003e port 0xd400-0xd41f irq 19 at device 29.1 numa-domain 0 on pci0\nuhci4: LegSup = 0x2f00\nusbus5 numa-domain 0 on uhci4\nuhci5: \u003cIntel 82801JI (ICH10) USB controller USB-C\u003e port 0xd080-0xd09f irq 18 at device 29.2 numa-domain 0 on pci0\nuhci5: LegSup = 0x2f00\nusbus6 numa-domain 0 on uhci5\nehci1: \u003cIntel 82801JI (ICH10) USB 2.0 controller USB-A\u003e mem 0xfbed8000-0xfbed83ff irq 23 at device 29.7 numa-domain 0 on pci0\nusbus7: EHCI version 1.0\nusbus7 numa-domain 0 on ehci1\npcib6: \u003cACPI PCI-PCI bridge\u003e at device 30.0 numa-domain 0 on pci0\npci6: \u003cACPI PCI bus\u003e numa-domain 0 on pcib6\nvgapci0: \u003cVGA-compatible display\u003e mem 0xf9000000-0xf9ffffff,0xfaffc000-0xfaffffff,0xfb000000-0xfb7fffff irq 18 at device 1.0 numa-domain 0 on pci6\nvgapci0: Boot video device\nisab0: \u003cPCI-ISA bridge\u003e at device 31.0 numa-domain 0 on pci0\nisa0: \u003cISA bus\u003e numa-domain 0 on isab0\natapci0: \u003cIntel ICH10 SATA300 controller\u003e port 0xd000-0xd007,0xcc00-0xcc03,0xc880-0xc887,0xc800-0xc803,0xc480-0xc48f,0xc400-0xc40f irq 19 at device 31.2 numa-domain 0 on pci0\nata2: \u003cATA channel\u003e at channel 0 on atapci0\nata3: \u003cATA channel\u003e at channel 1 on atapci0\natapci1: \u003cIntel ICH10 SATA300 controller\u003e port 0xc000-0xc007,0xbc00-0xbc03,0xb880-0xb887,0xb800-0xb803,0xb480-0xb48f,0xb400-0xb40f irq 19 at device 31.5 numa-domain 0 on pci0\nata4: \u003cATA channel\u003e at channel 0 on atapci1\nata5: \u003cATA channel\u003e at channel 1 on atapci1\nacpi_button0: \u003cPower Button\u003e on acpi0\natkbdc0: \u003cKeyboard controller (i8042)\u003e port 0x60,0x64 irq 1 on acpi0\natkbd0: \u003cAT Keyboard\u003e irq 1 on atkbdc0\nkbd0 at atkbd0\natkbd0: [GIANT-LOCKED]\npsm0: \u003cPS/2 Mouse\u003e irq 12 on atkbdc0\npsm0: [GIANT-LOCKED]\npsm0: model IntelliMouse Explorer, device ID 4\nuart0: \u003c16550 or compatible\u003e port 0x3f8-0x3ff irq 4 flags 0x10 on acpi0\nuart1: \u003c16550 or compatible\u003e port 0x2f8-0x2ff irq 3 on acpi0\nqpi0: \u003cQPI system bus\u003e on motherboard\npcib7: \u003cQPI Host-PCI bridge\u003e pcibus 255 on qpi0\npci7: \u003cPCI bus\u003e on pcib7\npcib8: \u003cQPI Host-PCI bridge\u003e pcibus 254 on qpi0\npci8: \u003cPCI bus\u003e on pcib8\norm0: \u003cISA Option ROMs\u003e at iomem 0xc0000-0xc7fff,0xc8000-0xc8fff on isa0\nppc0: cannot reserve I/O port range\nest0: \u003cEnhanced SpeedStep Frequency Control\u003e on cpu0\nest1: \u003cEnhanced SpeedStep Frequency Control\u003e on cpu1\nest2: \u003cEnhanced SpeedStep Frequency Control\u003e on cpu2\nest3: \u003cEnhanced SpeedStep Frequency Control\u003e on cpu3\nest4: \u003cEnhanced SpeedStep Frequency Control\u003e on cpu4\nest5: \u003cEnhanced SpeedStep Frequency Control\u003e on cpu5\nest6: \u003cEnhanced SpeedStep Frequency Control\u003e on cpu6\nest7: \u003cEnhanced SpeedStep Frequency Control\u003e on cpu7\nest8: \u003cEnhanced SpeedStep Frequency Control\u003e on cpu8\nest9: \u003cEnhanced SpeedStep Frequency Control\u003e on cpu9\nest10: \u003cEnhanced SpeedStep Frequency Control\u003e on cpu10\nest11: \u003cEnhanced SpeedStep Frequency Control\u003e on cpu11\nest12: \u003cEnhanced SpeedStep Frequency Control\u003e on cpu12\nest13: \u003cEnhanced SpeedStep Frequency Control\u003e on cpu13\nest14: \u003cEnhanced SpeedStep Frequency Control\u003e on cpu14\nest15: \u003cEnhanced SpeedStep Frequency Control\u003e on cpu15\nZFS filesystem version: 5\nZFS storage pool version: features support (5000)\nTimecounters tick every 1.000 msec\nnvme cam probe device init\nusbus0: 12Mbps Full Speed USB v1.0\nusbus1: 12Mbps Full Speed USB v1.0\nusbus2: 12Mbps Full Speed USB v1.0\nugen0.1: \u003cIntel\u003e at usbus0\nuhub0: \u003cIntel UHCI root HUB, class 9/0, rev 1.00/1.00, addr 1\u003e on usbus0\nugen1.1: \u003cIntel\u003e at usbus1\nuhub1: \u003cIntel UHCI root HUB, class 9/0, rev 1.00/1.00, addr 1\u003e on usbus1\nugen2.1: \u003cIntel\u003e at usbus2\nuhub2: \u003cIntel UHCI root HUB, class 9/0, rev 1.00/1.00, addr 1\u003e on usbus2\nusbus3: 480Mbps High Speed USB v2.0\nusbus4: 12Mbps Full Speed USB v1.0\nusbus5: 12Mbps Full Speed USB v1.0\nugen3.1: \u003cIntel\u003e at usbus3\nuhub3: \u003cIntel EHCI root HUB, class 9/0, rev 2.00/1.00, addr 1\u003e on usbus3\nugen4.1: \u003cIntel\u003e at usbus4\nuhub4: \u003cIntel UHCI root HUB, class 9/0, rev 1.00/1.00, addr 1\u003e on usbus4\nugen5.1: \u003cIntel\u003e at usbus5\nuhub5: \u003cIntel UHCI root HUB, class 9/0, rev 1.00/1.00, addr 1\u003e on usbus5\nusbus6: 12Mbps Full Speed USB v1.0\nusbus7: 480Mbps High Speed USB v2.0\nugen6.1: \u003cIntel\u003e at usbus6\nuhub6: \u003cIntel UHCI root HUB, class 9/0, rev 1.00/1.00, addr 1\u003e on usbus6\nugen7.1: \u003cIntel\u003e at usbus7\nuhub7: \u003cIntel EHCI root HUB, class 9/0, rev 2.00/1.00, addr 1\u003e on usbus7\nuhub2: 2 ports with 2 removable, self powered\nuhub1: 2 ports with 2 removable, self powered\nuhub0: 2 ports with 2 removable, self powered\nuhub6: 2 ports with 2 removable, self powered\nuhub4: 2 ports with 2 removable, self powered\nuhub5: 2 ports with 2 removable, self powered\nada0 at ata2 bus 0 scbus0 target 0 lun 0\nada0: \u003cGB0500EAFYL HPG1\u003e ATA-7 SATA 2.x device\nada0: Serial Number WCASY6743897\nada0: 300.000MB/s transfers (SATA 2.x, UDMA5, PIO 8192bytes)\nada0: 476940MB (976773168 512 byte sectors)\nada1 at ata2 bus 0 scbus0 target 1 lun 0\nada1: \u003cST500DM002-1BD142 KC48\u003e ATA8-ACS SATA 3.x device\nada1: Serial Number Z6EMAENR\nada1: 300.000MB/s transfers (SATA 2.x, UDMA5, PIO 8192bytes)\nada1: 476940MB (976773168 512 byte sectors)\nada1: quirks=0x1\u003c4K\u003e\nada2 at ata3 bus 0 scbus1 target 0 lun 0\nada2: \u003cGB0500EAFYL HPG1\u003e ATA-7 SATA 2.x device\nada2: Serial Number WCASY6752687\nada2: 300.000MB/s transfers (SATA 2.x, UDMA5, PIO 8192bytes)\nada2: 476940MB (976773168 512 byte sectors)\nada3 at ata3 bus 0 scbus1 target 1 lun 0\nada3: \u003cST500DM002-1BD142 KC48\u003e ATA8-ACS SATA 3.x device\nada3: Serial Number Z6EM8QHK\nada3: 300.000MB/s transfers (SATA 2.x, UDMA5, PIO 8192bytes)\nada3: 476940MB (976773168 512 byte sectors)\nada3: quirks=0x1\u003c4K\u003e\nSMP: AP CPU #1 Launched!\nSMP: AP CPU #15 Launched!\nSMP: AP CPU #4 Launched!\nSMP: AP CPU #10 Launched!\nSMP: AP CPU #6 Launched!\nSMP: AP CPU #11 Launched!\nSMP: AP CPU #2 Launched!\nSMP: AP CPU #8 Launched!\nSMP: AP CPU #3 Launched!\nSMP: AP CPU #12 Launched!\nSMP: AP CPU #7 Launched!\nSMP: AP CPU #13 Launched!\nSMP: AP CPU #5 Launched!\nSMP: AP CPU #9 Launched!\nSMP: AP CPU #14 Launched!\nTimecounter \"TSC-low\" frequency 1200065624 Hz quality 1000\nTrying to mount root from zfs:zfsroot []...\nGEOM_MIRROR: Device mirror/swap launched (2/2).\nRoot mount waiting for: usbus7 usbus3\nRoot mount waiting for: usbus7 usbus3\nuhub7: 6 ports with 6 removable, self powered\nuhub3: 6 ports with 6 removable, self powered\nigb0: link state changed to UP\nvlan1: link state changed to UP\nvlan2: link state changed to UP\nvlan3: link state changed to UP\nvlan4: link state changed to UP\nvlan5: link state changed to UP\nvlan6: link state changed to UP\nvlan7: link state changed to UP\nvlan8: link state changed to UP\nvlan9: link state changed to UP\nvlan10: link state changed to UP\nvlan11: link state changed to UP\nvlan12: link state changed to UP\nvlan13: link state changed to UP"
}