{
 "id": 439873,
 "bug_id": 122551,
 "attachment_id": 0,
 "creation_time": "2008-04-08T03:30:04Z",
 "creator": "greg@laaco.net",
 "text": "This problem appears to be similar to earlier bge problems on IBM blades.\n\nSystem is an HP c-Class blade chassis using BL460c blades.  Each blade has a \ndual bce (Broadcom NetXtreme II BCM5708S) interface on-board, along with an \nadd-on HP NC326m mezzanine board which appears as dual bge (Broadcom NetXtreme \n5715S) interfaces.\n\nBoth pairs of interfaces connect to HP Virtual Connect Modules to bring the \nconnections out of the back of the chassis.  The bce interfaces work fine, \nbut the bge interfaces show \"no carrier\", as shown here in the ifconfig output:\n\n# ifconfig\nbce0: flags=8843\u003cUP,BROADCAST,RUNNING,SIMPLEX,MULTICAST\u003e mtu 1500\n        options=3b\u003cRXCSUM,TXCSUM,VLAN_MTU,VLAN_HWTAGGING,JUMBO_MTU\u003e\n        ether 00:17:a4:77:00:06\n        media: Ethernet autoselect (1000baseSX \u003cfull-duplex\u003e)\n        status: active\nbce1: flags=8843\u003cUP,BROADCAST,RUNNING,SIMPLEX,MULTICAST\u003e mtu 1500\n        options=3b\u003cRXCSUM,TXCSUM,VLAN_MTU,VLAN_HWTAGGING,JUMBO_MTU\u003e\n        ether 00:17:a4:77:00:06\n        media: Ethernet autoselect (1000baseSX \u003cfull-duplex\u003e)\n        status: active\nbge0: flags=8843\u003cUP,BROADCAST,RUNNING,SIMPLEX,MULTICAST\u003e mtu 1500\n        options=1b\u003cRXCSUM,TXCSUM,VLAN_MTU,VLAN_HWTAGGING\u003e\n        ether 00:17:a4:77:00:24\n        media: Ethernet autoselect (none)\n        status: no carrier\nbge1: flags=8843\u003cUP,BROADCAST,RUNNING,SIMPLEX,MULTICAST\u003e mtu 1500\n        options=1b\u003cRXCSUM,TXCSUM,VLAN_MTU,VLAN_HWTAGGING\u003e\n        ether 00:17:a4:77:00:26\n        media: Ethernet autoselect (none)\n        status: no carrier\n\nHere is the dmesg info:\n\nFreeBSD 6.3-RELEASE #10: Mon Apr  7 18:19:40 PDT 2008\n    greg@mail2.laaco.net:/usr/obj/usr/src/sys/LAACO\nmodule_register: module pci/bce already exists!\nModule pci/bce failed to register: 17\nmodule_register: module bce/miibus already exists!\nModule bce/miibus failed to register: 17\nTimecounter \"i8254\" frequency 1193182 Hz quality 0\nCPU: Intel(R) Xeon(R) CPU            5160  @ 3.00GHz (3000.12-MHz 686-class CPU)\n  Origin = \"GenuineIntel\"  Id = 0x6f6  Stepping = 6\n  Features=0xbfebfbff\u003cFPU,VME,DE,PSE,TSC,MSR,PAE,MCE,CX8,APIC,SEP,MTRR,PGE,MCA,CMOV,PAT,PSE36,CLFLUSH,DTS,ACPI,MMX,FXSR,SSE,SSE2,SS,HTT,TM,PBE\u003e\n  Features2=0x4e3bd\u003cSSE3,RSVD2,MON,DS_CPL,VMX,EST,TM2,SSSE3,CX16,xTPR,PDCM,DCA\u003e\n  AMD Features=0x20000000\u003cLM\u003e\n  AMD Features2=0x1\u003cLAHF\u003e\n  Cores per package: 2\nreal memory  = 3487916032 (3326 MB)\navail memory = 3408941056 (3251 MB)\nACPI APIC Table: \u003cHP     ProLiant\u003e\nFreeBSD/SMP: Multiprocessor System Detected: 4 CPUs\n cpu0 (BSP): APIC ID:  0\n cpu1 (AP): APIC ID:  1\n cpu2 (AP): APIC ID:  6\n cpu3 (AP): APIC ID:  7\nioapic0 \u003cVersion 2.0\u003e irqs 0-23 on motherboard\nkbd1 at kbdmux0\nath_hal: 0.9.20.3 (AR5210, AR5211, AR5212, RF5111, RF5112, RF2413, RF5413)\nhptrr: HPT RocketRAID controller driver v1.1 (Apr  7 2008 18:19:28)\nacpi0: \u003cHP ProLiant\u003e on motherboard\nacpi0: Power Button (fixed)\nTimecounter \"ACPI-fast\" frequency 3579545 Hz quality 1000\nacpi_timer0: \u003c24-bit timer at 3.579545MHz\u003e port 0x908-0x90b on acpi0\nacpi_hpet0: \u003cHigh Precision Event Timer\u003e iomem 0xfed00000-0xfed003ff on acpi0\nTimecounter \"HPET\" frequency 14318180 Hz quality 900\ncpu0: \u003cACPI CPU\u003e on acpi0\ncpu1: \u003cACPI CPU\u003e on acpi0\ncpu2: \u003cACPI CPU\u003e on acpi0\ncpu3: \u003cACPI CPU\u003e on acpi0\npcib0: \u003cACPI Host-PCI bridge\u003e on acpi0\npci0: \u003cACPI PCI bus\u003e on pcib0\npcib1: \u003cACPI PCI-PCI bridge\u003e at device 2.0 on pci0\npci4: \u003cACPI PCI bus\u003e on pcib1\npcib2: \u003cACPI PCI-PCI bridge\u003e at device 0.0 on pci4\npci5: \u003cACPI PCI bus\u003e on pcib2\npcib3: \u003cACPI PCI-PCI bridge\u003e at device 0.0 on pci5\npci6: \u003cACPI PCI bus\u003e on pcib3\npcib4: \u003cACPI PCI-PCI bridge\u003e at device 0.0 on pci6\npci7: \u003cACPI PCI bus\u003e on pcib4\nbce0: \u003cBroadcom NetXtreme II BCM5708 1000Base-SX (B2)\u003e mem 0xfa000000-0xfbffffff irq 16 at device 0.0 on pci7\nmiibus0: \u003cMII bus\u003e on bce0\nbrgphy0: \u003cBCM5708S 1000/2500BaseSX PHY\u003e on miibus0\nbrgphy0:  1000baseSX-FDX, auto\nbce0: Ethernet address: 00:17:a4:77:00:0a\nbce0: ASIC (0x57081021); Rev (B2); Bus (PCI-X, 64-bit, 133MHz); F/W (0x01090605); Flags( )\npcib5: \u003cACPI PCI-PCI bridge\u003e at device 1.0 on pci5\npci8: \u003cACPI PCI bus\u003e on pcib5\npcib6: \u003cACPI PCI-PCI bridge\u003e at device 0.3 on pci4\npci9: \u003cACPI PCI bus\u003e on pcib6\npcib7: \u003cACPI PCI-PCI bridge\u003e at device 3.0 on pci0\npci10: \u003cACPI PCI bus\u003e on pcib7\npcib8: \u003cPCI-PCI bridge\u003e at device 0.0 on pci10\npci11: \u003cPCI bus\u003e on pcib8\npcib9: \u003cPCI-PCI bridge\u003e at device 4.0 on pci11\npci12: \u003cPCI bus\u003e on pcib9\nciss0: \u003cHP Smart Array E200i\u003e port 0x4000-0x40ff mem 0xfdb80000-0xfdbfffff,0xfdb70000-0xfdb77fff irq 18 at device 8.0 on pci11\nciss0: [GIANT-LOCKED]\npcib10: \u003cACPI PCI-PCI bridge\u003e at device 4.0 on pci0\npci13: \u003cACPI PCI bus\u003e on pcib10\nciss1: \u003cHP Smart Array P400\u003e port 0x5000-0x50ff mem 0xfdd00000-0xfddfffff,0xfdcf0000-0xfdcf0fff irq 19 at device 0.0 on pci13\nciss1: [GIANT-LOCKED]\npcib11: \u003cACPI PCI-PCI bridge\u003e at device 5.0 on pci0\npci16: \u003cACPI PCI bus\u003e on pcib11\npcib12: \u003cACPI PCI-PCI bridge\u003e at device 0.0 on pci16\npci17: \u003cACPI PCI bus\u003e on pcib12\nbge0: \u003cBroadcom BCM5715 A3, ASIC rev. 0x9003\u003e mem 0xfdef0000-0xfdefffff,0xfdee0000-0xfdeeffff irq 18 at device 4.0 on pci17\nbge0: Ethernet address: 00:17:a4:77:00:24\nbge1: \u003cBroadcom BCM5715 A3, ASIC rev. 0x9003\u003e mem 0xfded0000-0xfdedffff,0xfdec0000-0xfdecffff irq 19 at device 4.1 on pci17\nbge1: Ethernet address: 00:17:a4:77:00:26\npcib13: \u003cACPI PCI-PCI bridge\u003e at device 6.0 on pci0\npci19: \u003cACPI PCI bus\u003e on pcib13\nisp0: \u003cQlogic ISP 2432 PCI FC-AL Adapter\u003e port 0x6000-0x60ff mem 0xfdff0000-0xfdff3fff irq 19 at device 0.0 on pci19\nisp0: [GIANT-LOCKED]\nisp0: Board Type 2422, Chip Revision 0x2, resident F/W Revision 4.0.70\nisp1: \u003cQlogic ISP 2432 PCI FC-AL Adapter\u003e port 0x6400-0x64ff mem 0xfdfe0000-0xfdfe3fff irq 16 at device 0.1 on pci19\nisp1: [GIANT-LOCKED]\nisp1: Board Type 2422, Chip Revision 0x2, resident F/W Revision 4.0.70\npcib14: \u003cACPI PCI-PCI bridge\u003e at device 7.0 on pci0\npci22: \u003cACPI PCI bus\u003e on pcib14\npcib15: \u003cACPI PCI-PCI bridge\u003e at device 28.0 on pci0\npci2: \u003cACPI PCI bus\u003e on pcib15\npcib16: \u003cACPI PCI-PCI bridge\u003e at device 0.0 on pci2\npci3: \u003cACPI PCI bus\u003e on pcib16\nbce1: \u003cBroadcom NetXtreme II BCM5708 1000Base-SX (B2)\u003e mem 0xf6000000-0xf7ffffff irq 16 at device 0.0 on pci3\nmiibus1: \u003cMII bus\u003e on bce1\nbrgphy1: \u003cBCM5708S 1000/2500BaseSX PHY\u003e on miibus1\nbrgphy1:  1000baseSX-FDX, auto\nbce1: Ethernet address: 00:17:a4:77:00:08\nbce1: ASIC (0x57081021); Rev (B2); Bus (PCI-X, 64-bit, 133MHz); F/W (0x01090605); Flags( )\nTimecounters tick every 1.000 msec\nSMP: AP CPU #1 Launched!\nSMP: AP CPU #2 Launched!\nSMP: AP CPU #3 Launched!\n\nHere is selected pciconf -lv output:\n\n# pciconf -lv\npcib4@pci6:0:0: class=0x060400 card=0x00000000 chip=0x01031166 rev=0xc3 hdr=0x01\n    vendor     = 'ServerWorks (Was: Reliance Computer Corp)'\n    device     = 'BCM5715 Broadcom dual gigabit, pci bridge'\n    class      = bridge\n    subclass   = PCI-PCI\nbce0@pci7:0:0:  class=0x020000 card=0x703b103c chip=0x16ac14e4 rev=0x12 hdr=0x00\n    vendor     = 'Broadcom Corporation'\n    device     = 'NetXtreme II BCM5708S Gigabit Ethernet'\n    class      = network\n    subclass   = ethernet\npcib8@pci10:0:0:        class=0x060400 card=0x00000000 chip=0x01031166 rev=0xb4 hdr=0x01\n    vendor     = 'ServerWorks (Was: Reliance Computer Corp)'\n    device     = 'BCM5715 Broadcom dual gigabit, pci bridge'\n    class      = bridge\n    subclass   = PCI-PCI\npcib12@pci16:0:0:       class=0x060400 card=0x00000000 chip=0x01031166 rev=0xb5 hdr=0x01\n    vendor     = 'ServerWorks (Was: Reliance Computer Corp)'\n    device     = 'BCM5715 Broadcom dual gigabit, pci bridge'\n    class      = bridge\n    subclass   = PCI-PCI\nbge0@pci17:4:0: class=0x020000 card=0x1707103c chip=0x167914e4 rev=0xa3 hdr=0x00\n    vendor     = 'Broadcom Corporation'\n    device     = 'NetXtreme 5715S Gigabit Ethernet'\n    class      = network\n    subclass   = ethernet\nbge1@pci17:4:1: class=0x020000 card=0x1707103c chip=0x167914e4 rev=0xa3 hdr=0x00\n    vendor     = 'Broadcom Corporation'\n    device     = 'NetXtreme 5715S Gigabit Ethernet'\n    class      = network\n    subclass   = ethernet\npcib16@pci2:0:0:        class=0x060400 card=0x00000000 chip=0x01031166 rev=0xc3 hdr=0x01\n    vendor     = 'ServerWorks (Was: Reliance Computer Corp)'\n    device     = 'BCM5715 Broadcom dual gigabit, pci bridge'\n    class      = bridge\n    subclass   = PCI-PCI\nbce1@pci3:0:0:  class=0x020000 card=0x703b103c chip=0x16ac14e4 rev=0x12 hdr=0x00\n    vendor     = 'Broadcom Corporation'\n    device     = 'NetXtreme II BCM5708S Gigabit Ethernet'\n    class      = network\n    subclass   = ethernet\n\nHad same results with HP's 1Gb ethernet pass-thru modules.\n\nHave tried manually setting the interfaces with ifconfig to \n1000baseSX full-duplex, but still no carrier.\n\nbge0: flags=8843\u003cUP,BROADCAST,RUNNING,SIMPLEX,MULTICAST\u003e mtu 1500\n        options=1b\u003cRXCSUM,TXCSUM,VLAN_MTU,VLAN_HWTAGGING\u003e\n        ether 00:17:a4:77:00:24\n        media: Ethernet 1000baseSX \u003cfull-duplex\u003e (none)\n        status: no carrier\n\nHow-To-Repeat: \nInstall HP NC326m mezzanine board on BL460c blade. \nBoot 6.3-RELEASE.\nVerify status:no carrier with ifconfig"
}