{
 "id": 371593,
 "bug_id": 108078,
 "attachment_id": 0,
 "creation_time": "2007-01-18T08:50:12Z",
 "creator": "andrew@dobrohot.org",
 "text": "Periodic crashes of system... Basically, (but not always), crashes of\nsystem appear at switching from a graphic (Xorg-6.9.0) mode in the console\nand back. Or at attempt to switch off/reload system, probably, during the\nmoment of a stop of X-window system.\n\nI believe, that the originator of these problems \"hal-0.5.8.20070104\"...\nBecause after its switching-off, the system works day trouble-free.\n\n###########################################################\n###  The received core dump - at attempt to stop (reboot) system. \n###########################################################\n$ kgdb ./kernel.debug /var/crash/vmcore.0\nkgdb: kvm_nlist(_stopped_cpus):\nkgdb: kvm_nlist(_stoppcbs):\n[GDB will not be able to debug user-mode threads: /usr/lib/libthread_db.so: Undefined symbol \"ps_pglobal_lookup\"]\nGNU gdb 6.1.1 [FreeBSD]\nCopyright 2004 Free Software Foundation, Inc.\nGDB is free software, covered by the GNU General Public License, and you are\nwelcome to change it and/or distribute copies of it under certain conditions.\nType \"show copying\" to see the conditions.\nThere is absolutely no warranty for GDB.  Type \"show warranty\" for details.\nThis GDB was configured as \"i386-marcel-freebsd\".\n\nUnread portion of the kernel message buffer:\n\u003c118\u003eJan 17 19:47:25 inspirra syslogd: exiting on signal 15\nWaiting (max 60 seconds) for system process `vnlru' to stop...done\nWaiting (max 60 seconds) for system process `bufdaemon' to stop...done\nWaiting (max 60 seconds) for system process `syncer' to stop...\nSyncing disks, vnodes remaining...5 5 2 4 4 0 2 2 0 0 0 0 done\nAll buffers synced.\n\nFatal trap 12: page fault while in kernel mode\nfault virtual address   = 0x0\nfault code              = supervisor write, page not present\ninstruction pointer     = 0x20:0xc0491fc6\nstack pointer           = 0x28:0xe6b0bbb8\nframe pointer           = 0x28:0xe6b0bbe4\ncode segment            = base 0x0, limit 0xfffff, type 0x1b\n                        = DPL 0, pres 1, def32 1, gran 1\nprocessor eflags        = interrupt enabled, resume, IOPL = 0\ncurrent process         = 1370 (reboot)\ntrap number             = 12\npanic: page fault\nUptime: 6m7s\nDumping 958 MB (2 chunks)\n  chunk 0: 1MB (159 pages) ... ok\n  chunk 1: 958MB (245232 pages) 942 926 910 894 878 862 846 830 814 798 782 766 750 734 718 702 686 670 654 638 622 606 590 574 558 542 526 510 494 478 462 446 430 414 398 382 366 350 334 318 302 286 270 254 238 222 206 190 174 158 142 126 110 94 78 62 46 30 14\n\n#0  doadump () at pcpu.h:165\n165             __asm __volatile(\"movl %%fs:0,%0\" : \"=r\" (td));\n(kgdb) list *0xc0491fc6\n0xc0491fc6 is in devfs_populate_loop (/usr/src/sys/fs/devfs/devfs_devs.c:396).\n391                      * GC any lingering devices\n392                      */\n393                     if (!(cdp-\u003ecdp_flags \u0026 CDP_ACTIVE)) {\n394                             if (cdp-\u003ecdp_inuse \u003e 0)\n395                                     continue;\n396                             TAILQ_REMOVE(\u0026cdevp_list, cdp, cdp_list);\n397                             dev_unlock();\n398                             dev_rel(\u0026cdp-\u003ecdp_c);\n399                             return (1);\n400                     }\n(kgdb) bt full\n#0  doadump () at pcpu.h:165\nNo locals.\n#1  0xc04fb844 in boot (howto=260) at /usr/src/sys/kern/kern_shutdown.c:409\n        first_buf_printf = 1\n#2  0xc04fbb76 in panic (fmt=0xc06c5e96 \"%s\") at /usr/src/sys/kern/kern_shutdown.c:565\n        td = (struct thread *) 0xc540e780\n        bootopt = 260\n        newpanic = 0\n        ap = 0xc540e780 \"x\u0026#1079;@\u0026#1077;`\\200\u0026#1088;\u0026#1076;\"\n        buf = \"page fault\", '\\0' \u003crepeats 245 times\u003e\n#3  0xc06a4a0c in trap_fatal (frame=0xe6b0bb78, eva=0) at /usr/src/sys/i386/i386/trap.c:837\n        code = 40\n        type = 12\n        ss = 40\n        esp = 0\n        softseg = {ssd_base = 0, ssd_limit = 1048575, ssd_type = 27, ssd_dpl = 0, ssd_p = 1, ssd_xx = 12, ssd_xx1 = 3,\n  ssd_def32 = 1, ssd_gran = 1}\n        msg = 0x0\n#4  0xc06a4712 in trap_pfault (frame=0xe6b0bb78, usermode=0, eva=0) at /usr/src/sys/i386/i386/trap.c:745\n        va = 0\n        vm = (struct vmspace *) 0x0\n        map = 0xc56e04a0\n        rv = 1\n        ftype = 1 '\\001'\n        td = (struct thread *) 0xc540e780\n        p = (struct proc *) 0xc540da78\n#5  0xc06a42dd in trap (frame=\n      {tf_fs = 8, tf_es = 40, tf_ds = 40, tf_edi = -987451392, tf_esi = 0, tf_ebp = -424625180, tf_isp = -424625244, tf_ebx = 1, tf_edx = 0, tf_ecx = -976627712, tf_eax = 0, tf_trapno = 12, tf_err = 2, tf_eip = -1068949562, tf_cs = 32, tf_eflags = 590406, tf_esp = -987451392, tf_ss = -982366208}) at /usr/src/sys/i386/i386/trap.c:435\n        td = (struct thread *) 0xc540e780\n        p = (struct proc *) 0xc540da78\n        sticks = 0\n        i = 0\n        ucode = 0\n        type = 12\n        code = 2\n        eva = 0\n#6  0xc069089a in calltrap () at /usr/src/sys/i386/i386/exception.s:139\n---Type \u003creturn\u003e to continue, or q \u003creturn\u003e to quit---\nNo locals.\n#7  0xc0491fc6 in devfs_populate_loop (dm=0xc524b000, cleanup=1) at /usr/src/sys/fs/devfs/devfs_devs.c:396\n        cdp = (struct cdev_priv *) 0xc5c9d800\n        de = (struct devfs_dirent *) 0xc524b000\n        dd = (struct devfs_dirent *) 0xc5316dd0\n        pdev = (struct cdev *) 0x0\n        j = 1\n        q = 0x1 \u003cAddress 0x1 out of bounds\u003e\n        s = 0x0\n#8  0xc049224a in devfs_cleanup (dm=0xc524b000) at /usr/src/sys/fs/devfs/devfs_devs.c:499\nNo locals.\n#9  0xc0493127 in devfs_unmount (mp=0xc5096cf8, mntflags=524288, td=0x0) at /usr/src/sys/fs/devfs/devfs_vfsops.c:138\n        error = 0\n        fmp = (struct devfs_mount *) 0xc524b000\n        idx = 3305729272\n#10 0xc0561174 in dounmount (mp=0xc5096cf8, flags=524288, td=0xc540e780) at /usr/src/sys/kern/vfs_mount.c:1195\n        coveredvp = (struct vnode *) 0xc5308bb0\n        fsrootvp = (struct vnode *) 0xc5316dd0\n        error = 0\n        async_flag = 0\n        mnt_gen_r = 0\n#11 0xc056847e in vfs_unmountall () at /usr/src/sys/kern/vfs_subr.c:2838\n        mp = (struct mount *) 0xc5096cf8\n        td = (struct thread *) 0xc540e780\n        error = 0\n#12 0xc04fb6f0 in boot (howto=0) at /usr/src/sys/kern/kern_shutdown.c:391\n        bp = (struct buf *) 0xd859baa8\n        iter = 0\n        nbusy = 0\n        pbusy = 0\n        first_buf_printf = 1\n#13 0xc04fb024 in reboot (td=0x0, uap=0x0) at /usr/src/sys/kern/kern_shutdown.c:169\n        error = 0\n#14 0xc06a4db2 in syscall (frame=\n      {tf_fs = 59, tf_es = 59, tf_ds = 59, tf_edi = 0, tf_esi = 0, tf_ebp = -1077941432, tf_isp = -424624796, tf_ebx = 2, tf_edx = -1, tf_ecx = 672546208, tf_eax = 55, tf_trapno = 12, tf_err = 2, tf_eip = 671818107, tf_cs = 51, tf_eflags = 582, tf_esp = -1077941508, tf_ss = 59}) at /usr/src/sys/i386/i386/trap.c:983\n        params = 0xbfbfeb00 \u003cAddress 0xbfbfeb00 out of bounds\u003e\n        callp = (struct sysent *) 0xc06f5ef4\n---Type \u003creturn\u003e to continue, or q \u003creturn\u003e to quit---\n        td = (struct thread *) 0xc540e780\n        p = (struct proc *) 0xc540da78\n        orig_tf_eflags = 582\n        sticks = 0\n        error = 0\n        narg = 1\n        args = {0, 9, -992837536, -1077941516, 0, 0, 0, 1}\n        code = 55\n#15 0xc06908ef in Xint0x80_syscall () at /usr/src/sys/i386/i386/exception.s:200\nNo locals.\n#16 0x00000033 in ?? ()\nNo symbol table info available.\nPrevious frame inner to this frame (corrupt stack?)\n(kgdb) quit\n\n\n###########################################################\n###  The received core dump - at attempt to stop Xorg (kill X-process)\n###########################################################\n$ kgdb ./kernel.debug /var/crash/vmcore.1\nkgdb: kvm_nlist(_stopped_cpus):\nkgdb: kvm_nlist(_stoppcbs):\n[GDB will not be able to debug user-mode threads: /usr/lib/libthread_db.so: Undefined symbol \"ps_pglobal_lookup\"]\nGNU gdb 6.1.1 [FreeBSD]\nCopyright 2004 Free Software Foundation, Inc.\nGDB is free software, covered by the GNU General Public License, and you are\nwelcome to change it and/or distribute copies of it under certain conditions.\nType \"show copying\" to see the conditions.\nThere is absolutely no warranty for GDB.  Type \"show warranty\" for details.\nThis GDB was configured as \"i386-marcel-freebsd\".\n\nUnread portion of the kernel message buffer:\n\n\nFatal trap 12: page fault while in kernel mode\nfault virtual address   = 0x18000018\nfault code              = supervisor write, page not present\ninstruction pointer     = 0x20:0xc0491f1c\nstack pointer           = 0x28:0xe6aec7e8\nframe pointer           = 0x28:0xe6aec814\ncode segment            = base 0x0, limit 0xfffff, type 0x1b\n                        = DPL 0, pres 1, def32 1, gran 1\nprocessor eflags        = interrupt enabled, resume, IOPL = 0\ncurrent process         = 972 (hald-addon-storage)\ntrap number             = 12\npanic: page fault\nUptime: 23m0s\nDumping 958 MB (2 chunks)\n  chunk 0: 1MB (159 pages) ... ok\n  chunk 1: 958MB (245232 pages) (CTRL-C to abort)  942 926 910 894 878 862 846 830 814 798 782 766 750 734 718 702 686 670 654 638 622 606 590 574 558 542 526 510 494 478 462 446 430 414 398 382 366 350 334 318 302 286 270 254 238 222 206 190 (CTRL-C to abort)  174 158 142 126 110 94 78 62 46 30 14\n\n#0  doadump () at pcpu.h:165\n165             __asm __volatile(\"movl %%fs:0,%0\" : \"=r\" (td));\n(kgdb) list *0xc0491f1c\n0xc0491f1c is in devfs_populate_loop (/usr/src/sys/fs/devfs/devfs_devs.c:381).\n376                                 (\"%s %d %s %p %p\", __func__, __LINE__,\n377                                 cdp-\u003ecdp_c.si_name, cdp, de-\u003ede_cdp));\n378                             KASSERT(de-\u003ede_dir != NULL, (\"Null de-\u003ede_dir\"));\n379                             dev_unlock();\n380\n381                             TAILQ_REMOVE(\u0026de-\u003ede_dir-\u003ede_dlist, de, de_list);\n382                             de-\u003ede_cdp = NULL;\n383                             de-\u003ede_inode = 0;\n384                             devfs_delete(dm, de, 0);\n385                             dev_lock();\n(kgdb) bt full\n#0  doadump () at pcpu.h:165\nNo locals.\n#1  0xc04fb844 in boot (howto=260) at /usr/src/sys/kern/kern_shutdown.c:409\n        first_buf_printf = 1\n#2  0xc04fbb76 in panic (fmt=0xc06c5e96 \"%s\") at /usr/src/sys/kern/kern_shutdown.c:565\n        td = (struct thread *) 0xc53e3d80\n        bootopt = 260\n        newpanic = 0\n        ap = 0xc53e3d80 \"`\u0026#1100;H\u0026#1077;\"\n        buf = \"page fault\", '\\0' \u003crepeats 245 times\u003e\n#3  0xc06a4a0c in trap_fatal (frame=0xe6aec7a8, eva=0) at /usr/src/sys/i386/i386/trap.c:837\n        code = 40\n        type = 12\n        ss = 40\n        esp = 0\n        softseg = {ssd_base = 0, ssd_limit = 1048575, ssd_type = 27, ssd_dpl = 0, ssd_p = 1, ssd_xx = 13, ssd_xx1 = 3,\n  ssd_def32 = 1, ssd_gran = 1}\n        msg = 0x0\n#4  0xc06a4712 in trap_pfault (frame=0xe6aec7a8, usermode=0, eva=402653208) at /usr/src/sys/i386/i386/trap.c:745\n        va = 402653184\n        vm = (struct vmspace *) 0x0\n        map = 0xc53c5de0\n        rv = 1\n        ftype = 1 '\\001'\n        td = (struct thread *) 0xc53e3d80\n        p = (struct proc *) 0xc548d860\n#5  0xc06a42dd in trap (frame=\n      {tf_fs = 8, tf_es = 40, tf_ds = 40, tf_edi = -1043333119, tf_esi = -989298688, tf_ebp = -424753132, tf_isp = -424753196, tf_ebx = 0, tf_edx = 402653184, tf_ecx = 4, tf_eax = 415354817, tf_trapno = 12, tf_err = 2, tf_eip = -1068949732, tf_cs = 32, tf_eflags = 66054, tf_esp = -989378944, tf_ss = -976346752}) at /usr/src/sys/i386/i386/trap.c:435\n        td = (struct thread *) 0xc53e3d80\n        p = (struct proc *) 0xc548d860\n        sticks = 3318550528\n        i = 0\n        ucode = 0\n        type = 12\n        code = 2\n        eva = 402653208\n#6  0xc069089a in calltrap () at /usr/src/sys/i386/i386/exception.s:139\n---Type \u003creturn\u003e to continue, or q \u003creturn\u003e to quit---\nNo locals.\n#7  0xc0491f1c in devfs_populate_loop (dm=0xc5074680, cleanup=0) at /usr/src/sys/fs/devfs/devfs_devs.c:381\n        cdp = (struct cdev_priv *) 0xc5ce4900\n        de = (struct devfs_dirent *) 0xc1d00001\n        dd = (struct devfs_dirent *) 0x0\n        pdev = (struct cdev *) 0xc5088000\n        j = 0\n        q = 0x0\n        s = 0xc5088000 \"\\002\"\n#8  0xc0492215 in devfs_populate (dm=0xc5074680) at /usr/src/sys/fs/devfs/devfs_devs.c:486\nNo locals.\n#9  0xc0494701 in devfs_lookupx (ap=0x18c1cfc1, dm_unlock=0xe6aec920) at /usr/src/sys/fs/devfs/devfs_vnops.c:586\n        cnp = (struct componentname *) 0xe6aecbe8\n        dvp = (struct vnode *) 0xc5088000\n        vpp = (struct vnode **) 0xe6aecbd4\n        td = (struct thread *) 0xc53e3d80\n        de = (struct devfs_dirent *) 0x2002\n        dd = (struct devfs_dirent *) 0xc4d12700\n        dde = (struct devfs_dirent **) 0x18c1cfc1\n        dmp = (struct devfs_mount *) 0xc5074680\n        cdev = (struct cdev *) 0xc0576c8a\n        error = -424752740\n        flags = 86032452\n        nameiop = 0\n        specname = \"\u0026#1102;\\031p\u0026#1102;(\u0026#1080;\u0026#9565;\u0026#1060;\\000\\000\\000\\000\u0026#1044;\u0026#1093;\u0026#9565;\u0026#1060;\u0026#1088;\u0026#9561;U\u0026#1102;\\b|\\b\u0026#1077;\\006\\000\\000\\000,|\\b\u0026#1077;\\200=\u003e\u0026#1077;\u0026#1069;\u0026#1093;\u0026#9565;\u0026#1060;\u0026#9567;{\\b\u0026#1077;\u0026#1069;\u0026#1093;\u0026#9565;\u0026#1060;(jV\u0026#1102;\u0026#9567;{\\b\u0026#1077;\u0026#9567;{\\b\u0026#1077;D\u0026#1080;\u0026#9565;\u0026#1060;\"\n        pname = 0xc508a805 \"xpt0\"\n#10 0xc0494b6c in devfs_lookup (ap=0xe6aec99c) at /usr/src/sys/fs/devfs/devfs_vnops.c:666\n        j = -424752740\n        dmp = (struct devfs_mount *) 0x18c1cfc1\n        dm_unlock = 1\n#11 0xc06b4fc8 in VOP_LOOKUP_APV (vop=0xc06f21a0, a=0xe6aec99c) at vnode_if.c:99\n        rc = -1066458720\n#12 0xc055d6db in lookup (ndp=0xe6aecbc0) at vnode_if.h:56\n        cp = 0xc508a809 \"\"\n        dp = (struct vnode *) 0xc5088000\n        tdp = (struct vnode *) 0xc5088000\n        mp = (struct mount *) 0x0\n        docache = 32\n        wantparent = 0\n---Type \u003creturn\u003e to continue, or q \u003creturn\u003e to quit---\n        rdonly = 0\n        trailing_slash = 0\n        error = 0\n        dpunlocked = 0\n        cnp = (struct componentname *) 0xe6aecbe8\n        td = (struct thread *) 0xc53e3d80\n        vfslocked = 0\n        dvfslocked = 0\n        tvfslocked = 0\n#13 0xc055ce78 in namei (ndp=0xe6aecbc0) at /usr/src/sys/kern/vfs_lookup.c:211\n        fdp = (struct filedesc *) 0xc53e7b00\n        cp = 0xc53e7b00 \"d{\u003e\u0026#1077;\u0026#9570;{\u003e\u0026#1077;@\u0026#1090;A\u0026#1077;\u0026#9567;{\\b\u0026#1077;\"\n        dp = (struct vnode *) 0xc5087bb0\n        aiov = {iov_base = 0xc046731c, iov_len = 3303227776}\n        auio = {uio_iov = 0xc4e99400, uio_iovcnt = -424752524, uio_offset = 52788373911512, uio_resid = 128,\n  uio_segflg = 3309190528, uio_rw = 3870214720, uio_td = 0xc04ebad2}\n        error = -989299792\n        linklen = -989299792\n        cnp = (struct componentname *) 0xe6aecbe8\n        td = (struct thread *) 0x18c1cfc1\n        p = (struct proc *) 0x18000000\n        vfslocked = 0\n#14 0xc05758d7 in vn_open_cred (ndp=0xe6aecbc0, flagp=0xe6aeccc0, cmode=0, cred=0xc4d11d00, fdidx=4)\n    at /usr/src/sys/kern/vfs_vnops.c:183\n        vp = (struct vnode *) 0xc52adaf8\n        mp = (struct mount *) 0x3002\n        td = (struct thread *) 0xc53e3d80\n        vat = {va_type = 76, va_mode = 28672, va_nlink = -15094, va_uid = 3870214828, va_gid = 3226259977,\n  va_fsid = 4294967264, va_fileid = 0, va_size = 16622446252193218564, va_blocksize = -1068707012, va_atime = {\n    tv_sec = -985761024, tv_nsec = 4}, va_mtime = {tv_sec = 20, tv_nsec = 4}, va_ctime = {tv_sec = -985761024,\n    tv_nsec = -985081760}, va_birthtime = {tv_sec = -424752392, tv_nsec = -1068692406}, va_gen = 3309206272, va_flags = 4,\n  va_rdev = 20, va_bytes = 14212865097219453983, va_filerev = 17179928166, va_vaflags = 3309885536, va_spare = -981839152}\n        mode = -424752552\n        fmode = 3\n        error = -424751868\n        vfslocked = 4\n#15 0xc05755c3 in vn_open (ndp=0x4, flagp=0x18c1cfc1, cmode=415354817, fdidx=415354817) at /usr/src/sys/kern/vfs_vnops.c:91\n        td = (struct thread *) 0x18000000\n#16 0xc056c638 in kern_open (td=0xc53e3d80, path=0x18c1cfc1 \u003cAddress 0x18c1cfc1 out of bounds\u003e, pathseg=415354817, flags=3,\n---Type \u003creturn\u003e to continue, or q \u003creturn\u003e to quit---\n    mode=0) at /usr/src/sys/kern/vfs_syscalls.c:1009\n        p = (struct proc *) 0x18c1cfc1\n        fdp = (struct filedesc *) 0xc53e7b00\n        fp = (struct file *) 0xc57a52d0\n        vp = (struct vnode *) 0xc0527283\n        vat = {va_type = 3309190528, va_mode = 0, va_nlink = 0, va_uid = 3305795584, va_gid = 3261076738,\n  va_fsid = 3870215284, va_fileid = -1068475662, va_size = 1257124423831869568, va_blocksize = 758314, va_atime = {\n    tv_sec = -583978624, tv_nsec = -424752028}, va_mtime = {tv_sec = -424751980, tv_nsec = 137969}, va_ctime = {\n    tv_sec = -1066417568, tv_nsec = -424751980}, va_birthtime = {tv_sec = 0, tv_nsec = -985776768}, va_gen = 3870215304,\n  va_flags = 3226491917, va_rdev = 3870215316, va_bytes = 3870215364, va_filerev = 13857677946798394536,\n  va_vaflags = 3870215316, va_spare = 1169053929}\n        mp = (struct mount *) 0x1\n        cmode = 402653184\n        nfp = (struct file *) 0xc57a52d0\n        type = 402653184\n        indx = 4\n        error = -424751868\n        lf = {l_start = -4255747712928039552, l_len = -1824296203303222272, l_pid = -985761024, l_type = -13156,\n  l_whence = -6482}\n        nd = {ni_dirp = 0x281c70a2 \u003cAddress 0x281c70a2 out of bounds\u003e, ni_segflg = UIO_USERSPACE, ni_startdir = 0x0,\n  ni_rootdir = 0xc5087bb0, ni_topdir = 0x0, ni_vp = 0x0, ni_dvp = 0xc5088000, ni_pathlen = 1, ni_next = 0xc508a809 \"\",\n  ni_loopcnt = 0, ni_cnd = {cn_nameiop = 0, cn_flags = 86032452, cn_thread = 0xc53e3d80, cn_cred = 0xc4d11d00,\n    cn_lkflags = 2, cn_pnbuf = 0xc508a800 \"/dev/xpt0\", cn_nameptr = 0xc508a805 \"xpt0\", cn_namelen = 4, cn_consume = 0}}\n        vfslocked = -424752256\n#17 0xc056c536 in open (td=0x18c1cfc1, uap=0xe6aecd04) at /usr/src/sys/kern/vfs_syscalls.c:973\n        error = 0\n#18 0xc06a4db2 in syscall (frame=\n      {tf_fs = 59, tf_es = 59, tf_ds = 59, tf_edi = 134557696, tf_esi = 0, tf_ebp = -1077944584, tf_isp = -424751772, tf_ebx = 673109172, tf_edx = 0, tf_ecx = 0, tf_eax = 5, tf_trapno = 0, tf_err = 2, tf_eip = 673895975, tf_cs = 51, tf_eflags = 582, tf_esp = -1077944612, tf_ss = 59}) at /usr/src/sys/i386/i386/trap.c:983\n        params = 0xbfbfdee0 \u003cAddress 0xbfbfdee0 out of bounds\u003e\n        callp = (struct sysent *) 0xc06f5c9c\n        td = (struct thread *) 0xc53e3d80\n        p = (struct proc *) 0xc548d860\n        orig_tf_eflags = 582\n        sticks = 37\n        error = 0\n        narg = 3\n        args = {672952482, 2, 0, 671821798, 134526336, 0, -424751828, -1066830998}\n---Type \u003creturn\u003e to continue, or q \u003creturn\u003e to quit---\n        code = 5\n#19 0xc06908ef in Xint0x80_syscall () at /usr/src/sys/i386/i386/exception.s:200\nNo locals.\n#20 0x00000033 in ?? ()\nNo symbol table info available.\nPrevious frame inner to this frame (corrupt stack?)\n(kgdb) quit\n\n\n###########################################################\n###  My dmesg\n###########################################################\n$ cat /var/run/dmesg.boot\nCopyright (c) 1992-2007 The FreeBSD Project.\nCopyright (c) 1979, 1980, 1983, 1986, 1988, 1989, 1991, 1992, 1993, 1994\n        The Regents of the University of California. All rights reserved.\nFreeBSD is a registered trademark of The FreeBSD Foundation.\nFreeBSD 6.2-STABLE #1: Wed Jan 17 15:25:03 MSK 2007\n    root@inspirra.localdomain:/usr/obj/usr/src/sys/INSPIRRA\nTimecounter \"i8254\" frequency 1193182 Hz quality 0\nCPU: AMD Sempron(tm) Processor 2800+ (1603.36-MHz 686-class CPU)\n  Origin = \"AuthenticAMD\"  Id = 0x40ff2  Stepping = 2\n  Features=0x78bfbff\u003cFPU,VME,DE,PSE,TSC,MSR,PAE,MCE,CX8,APIC,SEP,MTRR,PGE,MCA,CMOV,PAT,PSE36,CLFLUSH,MMX,FXSR,SSE,SSE2\u003e\n  Features2=0x2001\u003cSSE3,CX16\u003e\n  AMD Features=0xea500800\u003cSYSCALL,NX,MMX+,FFXSR,RDTSCP,LM,3DNow+,3DNow\u003e\n  AMD Features2=0x19\u003cLAHF,\u003cb3\u003e,CR8\u003e\nreal memory  = 1005518848 (958 MB)\navail memory = 968347648 (923 MB)\nACPI APIC Table: \u003cNvidia ASUSACPI\u003e\nioapic0 \u003cVersion 1.1\u003e irqs 0-23 on motherboard\nnetsmb_dev: loaded\nacpi0: \u003cNvidia ASUSACPI\u003e on motherboard\nacpi_bus_number: can't get _ADR\nacpi_bus_number: can't get _ADR\nacpi_bus_number: can't get _ADR\nacpi_bus_number: can't get _ADR\nacpi0: Power Button (fixed)\nacpi_bus_number: can't get _ADR\nacpi_bus_number: can't get _ADR\nacpi_bus_number: can't get _ADR\nacpi_bus_number: can't get _ADR\nTimecounter \"ACPI-fast\" frequency 3579545 Hz quality 1000\nacpi_timer0: \u003c24-bit timer at 3.579545MHz\u003e port 0x4008-0x400b on acpi0\ncpu0: \u003cACPI CPU\u003e on acpi0\nacpi_button0: \u003cPower Button\u003e on acpi0\npcib0: \u003cACPI Host-PCI bridge\u003e port 0xcf8-0xcff on acpi0\npci0: \u003cACPI PCI bus\u003e on pcib0\npci0: \u003cmemory, RAM\u003e at device 0.0 (no driver attached)\npci0: \u003cmemory, RAM\u003e at device 0.1 (no driver attached)\npci0: \u003cmemory, RAM\u003e at device 0.2 (no driver attached)\npci0: \u003cmemory, RAM\u003e at device 0.3 (no driver attached)\npci0: \u003cmemory, RAM\u003e at device 0.4 (no driver attached)\npci0: \u003cmemory, RAM\u003e at device 0.5 (no driver attached)\npci0: \u003cmemory, RAM\u003e at device 0.6 (no driver attached)\npci0: \u003cmemory, RAM\u003e at device 0.7 (no driver attached)\npcib1: \u003cACPI PCI-PCI bridge\u003e at device 2.0 on pci0\npci1: \u003cACPI PCI bus\u003e on pcib1\npcib2: \u003cACPI PCI-PCI bridge\u003e at device 3.0 on pci0\npci2: \u003cACPI PCI bus\u003e on pcib2\npcib3: \u003cACPI PCI-PCI bridge\u003e at device 4.0 on pci0\npci3: \u003cACPI PCI bus\u003e on pcib3\nnvidia0: \u003cGeForce 6150\u003e mem 0xfc000000-0xfcffffff,0xd0000000-0xdfffffff,0xfb000000-0xfbffffff irq 16 at device 5.0 on pci0\nnvidia0: [GIANT-LOCKED]\npci0: \u003cmemory, RAM\u003e at device 9.0 (no driver attached)\nisab0: \u003cPCI-ISA bridge\u003e at device 10.0 on pci0\nisa0: \u003cISA bus\u003e on isab0\nnfsmb0: \u003cnForce2/3/4 MCP SMBus Controller\u003e port 0x4c00-0x4c3f,0x4c40-0x4c7f at device 10.1 on pci0\nsmbus0: \u003cSystem Management Bus\u003e on nfsmb0\nnfsmb1: \u003cnForce2/3/4 MCP SMBus Controller\u003e on nfsmb0\nsmbus1: \u003cSystem Management Bus\u003e on nfsmb1\npci0: \u003cmemory, RAM\u003e at device 10.2 (no driver attached)\nohci0: \u003cOHCI (generic) USB controller\u003e mem 0xfe02f000-0xfe02ffff at device 11.0 on pci0\nohci0: [GIANT-LOCKED]\nusb0: OHCI version 1.0, legacy support\nusb0: SMM does not respond, resetting\nusb0: \u003cOHCI (generic) USB controller\u003e on ohci0\nusb0: USB revision 1.0\nuhub0: nVidia OHCI root hub, class 9/0, rev 1.00/1.00, addr 1\nuhub0: 8 ports with 8 removable, self powered\nehci0: \u003cEHCI (generic) USB 2.0 controller\u003e mem 0xfe02e000-0xfe02e0ff at device 11.1 on pci0\nehci0: [GIANT-LOCKED]\nusb1: EHCI version 1.0\nusb1: companion controller, 8 ports each: usb0\nusb1: \u003cEHCI (generic) USB 2.0 controller\u003e on ehci0\nusb1: USB revision 2.0\nuhub1: nVidia EHCI root hub, class 9/0, rev 2.00/1.00, addr 1\nuhub1: 8 ports with 8 removable, self powered\natapci0: \u003cnVidia nForce MCP51 UDMA133 controller\u003e port 0x1f0-0x1f7,0x3f6,0x170-0x177,0x376,0xf400-0xf40f at device 13.0 on pci0\nata0: \u003cATA channel 0\u003e on atapci0\nata1: \u003cATA channel 1\u003e on atapci0\natapci1: \u003cnVidia nForce MCP51 SATA300 controller\u003e port 0x9f0-0x9f7,0xbf0-0xbf3,0x970-0x977,0xb70-0xb73,0xe000-0xe00f mem 0xfe02d000-0xfe02dfff irq 20 at device 14.0 on pci0\nata2: \u003cATA channel 0\u003e on atapci1\nata3: \u003cATA channel 1\u003e on atapci1\natapci2: \u003cnVidia nForce MCP51 SATA300 controller\u003e port 0x9e0-0x9e7,0xbe0-0xbe3,0x960-0x967,0xb60-0xb63,0xcc00-0xcc0f mem 0xfe02c000-0xfe02cfff irq 21 at device 15.0 on pci0\nata4: \u003cATA channel 0\u003e on atapci2\nata5: \u003cATA channel 1\u003e on atapci2\npcib4: \u003cACPI PCI-PCI bridge\u003e at device 16.0 on pci0\npci4: \u003cACPI PCI bus\u003e on pcib4\nvge0: \u003cVIA Networking Gigabit Ethernet\u003e port 0x9c00-0x9cff mem 0xfdbff000-0xfdbff0ff irq 16 at device 8.0 on pci4\nmiibus0: \u003cMII bus\u003e on vge0\nciphy0: \u003cCicada CS8201 10/100/1000TX PHY\u003e on miibus0\nciphy0:  10baseT, 10baseT-FDX, 100baseTX, 100baseTX-FDX, 1000baseT, 1000baseT-FDX, auto\nvge0: Ethernet address: 00:a0:c5:30:50:6d\npcm0: \u003cCreative EMU10K1\u003e port 0x9800-0x981f irq 17 at device 9.0 on pci4\npcm0: \u003cSigmaTel STAC9708/11 AC97 Codec\u003e\npci0: \u003cmultimedia\u003e at device 16.1 (no driver attached)\npci0: \u003cbridge\u003e at device 20.0 (no driver attached)\nacpi_tz0: \u003cThermal Zone\u003e on acpi0\nspeaker0: \u003cPC speaker\u003e port 0x61 on acpi0\nfdc0: \u003cfloppy drive controller\u003e port 0x3f0-0x3f5,0x3f7 irq 6 drq 2 on acpi0\nfdc0: [FAST]\nfd0: \u003c1440-KB 3.5\" drive\u003e on fdc0 drive 0\nsio0: \u003c16550A-compatible COM port\u003e port 0x3f8-0x3ff irq 4 flags 0x10 on acpi0\nsio0: type 16550A\natkbdc0: \u003cKeyboard controller (i8042)\u003e port 0x60,0x64 irq 1 on acpi0\natkbd0: \u003cAT Keyboard\u003e irq 1 on atkbdc0\nkbd0 at atkbd0\natkbd0: [GIANT-LOCKED]\npsm0: \u003cPS/2 Mouse\u003e flags 0x4 irq 12 on atkbdc0\npsm0: [GIANT-LOCKED]\npsm0: model MouseMan+, device ID 0\npmtimer0 on isa0\norm0: \u003cISA Option ROM\u003e at iomem 0xd0000-0xd3fff on isa0\nsc0: \u003cSystem console\u003e at flags 0x100 on isa0\nsc0: VGA \u003c16 virtual consoles, flags=0x300\u003e\nvga0: \u003cGeneric ISA VGA\u003e at port 0x3c0-0x3df iomem 0xa0000-0xbffff on isa0\nppc0: parallel port not found.\nsio1: configured irq 3 not in bitmap of probed irqs 0\nsio1: port may not be enabled\nubt0: Broadcom Corp Jabra - A320s, rev 2.00/1.00, addr 2\nubt0: Broadcom Corp Jabra - A320s, rev 2.00/1.00, addr 2\nubt0: Interface 0 endpoints: interrupt=0x81, bulk-in=0x82, bulk-out=0x2\nubt0: Interface 1 (alt.config 5) endpoints: isoc-in=0x83, isoc-out=0x3; wMaxPacketSize=49; nframes=6, buffer size=294\nTimecounter \"TSC\" frequency 1603357185 Hz quality 800\nTimecounters tick every 1.000 msec\nipfw2 (+ipv6) initialized, divert loadable, rule-based forwarding enabled, default to deny, logging limited to 100 packets/entry by default\nad0: 114473MB \u003cSeagate ST3120026A 3.06\u003e at ata0-master UDMA100\nacd0: DVDR \u003cOptiarc DVD RW AD-7173A/1-01\u003e at ata1-master UDMA66\nad4: 76319MB \u003cSeagate ST380811AS 3.AAE\u003e at ata2-master SATA150\nad8: 238475MB \u003cSeagate ST3250620NS 3.AEE\u003e at ata4-master SATA150\ncd0 at ata1 bus 0 target 0 lun 0\ncd0: \u003cOptiarc DVD RW AD-7173A 1-01\u003e Removable CD-ROM SCSI-0 device\ncd0: 66.000MB/s transfers\ncd0: Attempt to query device size failed: NOT READY, Medium not present\nTrying to mount root from ufs:/dev/ad4s1a\n\n\n###########################################################\n### The additional information.\n###########################################################\n$ pkg_info -E hal-0* -E xorg-s*\nhal-0.5.8.20070104\nxorg-server-6.9.0_5"
}