{
 "id": 636554,
 "bug_id": 162182,
 "attachment_id": 0,
 "creation_time": "2011-10-31T06:10:09Z",
 "creator": "derwood@naebunny.net",
 "text": "Controller card came with SansDigital TR8M Enclosure.  There are four\nSeageate ST2000DL003-9VT166 drives in the enclosure.\n\nSpeeds are never over 1MB/sec when there is a partition on the drive.\n\nWrites to the raw device are in excess of 100MB/sec.  As soon as the\ndrive is partitioned, writes drop down to 1MB/sec.  Exchanging the\nHighPoint RocketRaid 622 for a Silicon Image 3132 increases single drive\nspeeds back up to 126 MB/sec.\n\n--------------------------------------------------------------\ndmesg output:\n\n\nOct 31 00:08:44 alexandria syslogd: kernel boot file is /boot/kernel/kernel\nOct 31 00:08:44 alexandria kernel: Copyright (c) 1992-2011 The FreeBSD Project.\nOct 31 00:08:44 alexandria kernel: Copyright (c) 1979, 1980, 1983, 1986, 1988, 1989, 1991, 1992, 1993, 1994\nOct 31 00:08:44 alexandria kernel: The Regents of the University of California. All rights reserved.\nOct 31 00:08:44 alexandria kernel: FreeBSD is a registered trademark of The FreeBSD Foundation.\nOct 31 00:08:44 alexandria kernel: FreeBSD 9.0-RC1 #0: Wed Oct 26 04:35:36 EDT 2011\nOct 31 00:08:44 alexandria kernel: derwood@alexandria.naebunny.net:/usr/obj/usr/src/sys/ALEXANDRIA i386\nOct 31 00:08:44 alexandria kernel: CPU: AMD Athlon(tm) Dual Core Processor 4850e (2500.06-MHz 686-class CPU)\nOct 31 00:08:44 alexandria kernel: Origin = \"AuthenticAMD\"  Id = 0x60fb2  Family = f  Model = 6b  Stepping = 2\nOct 31 00:08:44 alexandria kernel: Features=0x178bfbff\u003cFPU,VME,DE,PSE,TSC,MSR,PAE,MCE,CX8,APIC,SEP,MTRR,PGE,MCA,CMOV,PAT,PSE36,CLFLUSH,MMX,FXSR,SSE,SSE2,HTT\u003e\nOct 31 00:08:44 alexandria kernel: Features2=0x2001\u003cSSE3,CX16\u003e\nOct 31 00:08:44 alexandria kernel: AMD Features=0xea500800\u003cSYSCALL,NX,MMX+,FFXSR,RDTSCP,LM,3DNow!+,3DNow!\u003e\nOct 31 00:08:44 alexandria kernel: AMD Features2=0x11f\u003cLAHF,CMP,SVM,ExtAPIC,CR8,Prefetch\u003e\nOct 31 00:08:44 alexandria kernel: real memory  = 3221225472 (3072 MB)\nOct 31 00:08:44 alexandria kernel: avail memory = 3108028416 (2964 MB)\nOct 31 00:08:44 alexandria kernel: Event timer \"LAPIC\" quality 400\nOct 31 00:08:44 alexandria kernel: ACPI APIC Table: \u003c061808 APIC1004\u003e\nOct 31 00:08:44 alexandria kernel: FreeBSD/SMP: Multiprocessor System Detected: 2 CPUs\nOct 31 00:08:44 alexandria kernel: FreeBSD/SMP: 1 package(s) x 2 core(s)\nOct 31 00:08:44 alexandria kernel: cpu0 (BSP): APIC ID:  0\nOct 31 00:08:44 alexandria kernel: cpu1 (AP): APIC ID:  1\nOct 31 00:08:44 alexandria kernel: ioapic0 \u003cVersion 1.1\u003e irqs 0-23 on motherboard\nOct 31 00:08:44 alexandria kernel: kbd1 at kbdmux0\nOct 31 00:08:44 alexandria kernel: acpi0: \u003c061808 RSDT1004\u003e on motherboard\nOct 31 00:08:44 alexandria kernel: acpi0: Power Button (fixed)\nOct 31 00:08:44 alexandria kernel: acpi0: reservation of fee01000, ff000 (3) failed\nOct 31 00:08:44 alexandria kernel: acpi0: reservation of fec00000, 1000 (3) failed\nOct 31 00:08:44 alexandria kernel: acpi0: reservation of fee00000, 1000 (3) failed\nOct 31 00:08:44 alexandria kernel: acpi0: reservation of 0, a0000 (3) failed\nOct 31 00:08:44 alexandria kernel: acpi0: reservation of 100000, bff00000 (3) failed\nOct 31 00:08:44 alexandria kernel: Timecounter \"ACPI-fast\" frequency 3579545 Hz quality 900\nOct 31 00:08:44 alexandria kernel: acpi_timer0: \u003c24-bit timer at 3.579545MHz\u003e port 0x2008-0x200b on acpi0\nOct 31 00:08:44 alexandria kernel: cpu0: \u003cACPI CPU\u003e on acpi0\nOct 31 00:08:44 alexandria kernel: cpu1: \u003cACPI CPU\u003e on acpi0\nOct 31 00:08:44 alexandria kernel: pcib0: \u003cACPI Host-PCI bridge\u003e port 0xcf8-0xcff on acpi0\nOct 31 00:08:44 alexandria kernel: pci0: \u003cACPI PCI bus\u003e on pcib0\nOct 31 00:08:44 alexandria kernel: pci0: \u003cmemory, RAM\u003e at device 0.0 (no driver attached)\nOct 31 00:08:44 alexandria kernel: isab0: \u003cPCI-ISA bridge\u003e port 0x2f00-0x2fff at device 1.0 on pci0\nOct 31 00:08:44 alexandria kernel: isa0: \u003cISA bus\u003e on isab0\nOct 31 00:08:44 alexandria kernel: pci0: \u003cserial bus, SMBus\u003e at device 1.1 (no driver attached)\nOct 31 00:08:44 alexandria kernel: pci0: \u003cmemory, RAM\u003e at device 1.2 (no driver attached)\nOct 31 00:08:44 alexandria kernel: pci0: \u003cprocessor\u003e at device 1.3 (no driver attached)\nOct 31 00:08:44 alexandria kernel: pci0: \u003cmemory, RAM\u003e at device 1.4 (no driver attached)\nOct 31 00:08:44 alexandria kernel: ohci0: \u003cOHCI (generic) USB controller\u003e mem 0xfcf7f000-0xfcf7ffff irq 22 at device 2.0 on pci0\nOct 31 00:08:44 alexandria kernel: usbus0: \u003cOHCI (generic) USB controller\u003e on ohci0\nOct 31 00:08:44 alexandria kernel: ehci0: \u003cEHCI (generic) USB 2.0 controller\u003e mem 0xfcf7ec00-0xfcf7ecff irq 23 at device 2.1 on pci0\nOct 31 00:08:44 alexandria kernel: usbus1: EHCI version 1.0\nOct 31 00:08:44 alexandria kernel: usbus1: \u003cEHCI (generic) USB 2.0 controller\u003e on ehci0\nOct 31 00:08:44 alexandria kernel: ohci1: \u003cOHCI (generic) USB controller\u003e mem 0xfcf7d000-0xfcf7dfff irq 20 at device 4.0 on pci0\nOct 31 00:08:44 alexandria kernel: usbus2: \u003cOHCI (generic) USB controller\u003e on ohci1\nOct 31 00:08:44 alexandria kernel: ehci1: \u003cEHCI (generic) USB 2.0 controller\u003e mem 0xfcf7e800-0xfcf7e8ff irq 21 at device 4.1 on pci0\nOct 31 00:08:44 alexandria kernel: usbus3: EHCI version 1.0\n\nOct 31 00:08:44 alexandria kernel: usbus3: \u003cEHCI (generic) USB 2.0 controller\u003e on ehci1\nOct 31 00:08:44 alexandria kernel: atapci0: \u003cnVidia nForce MCP77 UDMA133 controller\u003e port 0x1f0-0x1f7,0x3f6,0x170-0x177,0x376,0xffa0-0xffaf at device 6.0 on pci0\nOct 31 00:08:44 alexandria kernel: ata0: \u003cATA channel 0\u003e on atapci0\nOct 31 00:08:44 alexandria kernel: ata1: \u003cATA channel 1\u003e on atapci0\nOct 31 00:08:44 alexandria kernel: pcib1: \u003cACPI PCI-PCI bridge\u003e at device 8.0 on pci0\nOct 31 00:08:44 alexandria kernel: pci1: \u003cACPI PCI bus\u003e on pcib1\nOct 31 00:08:44 alexandria kernel: ahci0: \u003cNVIDIA MCP77 AHCI SATA controller\u003e port 0xb480-0xb487,0xb400-0xb403,0xb080-0xb087,0xb000-0xb003,0xac00-0xac0f mem 0xfcf7a000-0xfcf7bfff irq 22 at device 9.0 on pci0\nOct 31 00:08:44 alexandria kernel: ahci0: AHCI v1.20 with 6 3Gbps ports, Port Multiplier supported\nOct 31 00:08:44 alexandria kernel: ahcich0: \u003cAHCI channel\u003e at channel 0 on ahci0\nOct 31 00:08:44 alexandria kernel: ahcich1: \u003cAHCI channel\u003e at channel 1 on ahci0\nOct 31 00:08:44 alexandria kernel: ahcich2: \u003cAHCI channel\u003e at channel 2 on ahci0\nOct 31 00:08:44 alexandria kernel: ahcich3: \u003cAHCI channel\u003e at channel 3 on ahci0\nOct 31 00:08:44 alexandria kernel: ahcich4: \u003cAHCI channel\u003e at channel 4 on ahci0\nOct 31 00:08:44 alexandria kernel: ahcich5: \u003cAHCI channel\u003e at channel 5 on ahci0\nOct 31 00:08:44 alexandria kernel: pcib2: \u003cACPI PCI-PCI bridge\u003e at device 11.0 on pci0\nOct 31 00:08:44 alexandria kernel: pci2: \u003cACPI PCI bus\u003e on pcib2\nOct 31 00:08:44 alexandria kernel: vgapci0: \u003cVGA-compatible display\u003e port 0xcc00-0xcc7f mem 0xfd000000-0xfdffffff,0xf0000000-0xf7ffffff,0xf8000000-0xf9ffffff irq 23 at device 0.0 on pci2\nOct 31 00:08:44 alexandria kernel: pcib3: \u003cACPI PCI-PCI bridge\u003e irq 16 at device 16.0 on pci0\nOct 31 00:08:44 alexandria kernel: pci3: \u003cACPI PCI bus\u003e on pcib3\nOct 31 00:08:44 alexandria kernel: pcib4: \u003cACPI PCI-PCI bridge\u003e irq 17 at device 18.0 on pci0\nOct 31 00:08:44 alexandria kernel: pci4: \u003cACPI PCI bus\u003e on pcib4\nOct 31 00:08:44 alexandria kernel: siis0: \u003cSiI3132 SATA controller\u003e port 0xdc00-0xdc7f mem 0xfeaffc00-0xfeaffc7f,0xfeaf8000-0xfeafbfff irq 17 at device 0.0 on pci4\nOct 31 00:08:44 alexandria kernel: siisch0: \u003cSIIS channel\u003e at channel 0 on siis0\nOct 31 00:08:44 alexandria kernel: siisch1: \u003cSIIS channel\u003e at channel 1 on siis0\nOct 31 00:08:44 alexandria kernel: pcib5: \u003cACPI PCI-PCI bridge\u003e irq 18 at device 19.0 on pci0\nOct 31 00:08:44 alexandria kernel: pci5: \u003cACPI PCI bus\u003e on pcib5\nOct 31 00:08:44 alexandria kernel: re0: \u003cRealTek 8168/8111 B/C/CP/D/DP/E PCIe Gigabit Ethernet\u003e port 0xe800-0xe8ff mem 0xfebff000-0xfebfffff,0xfbff0000-0xfbffffff irq 18 at device 0.0 on pci5\nOct 31 00:08:44 alexandria kernel: re0: Using 1 MSI-X message\nOct 31 00:08:44 alexandria kernel: re0: Chip rev. 0x3c000000\nOct 31 00:08:44 alexandria kernel: re0: MAC rev. 0x00400000\nOct 31 00:08:44 alexandria kernel: miibus0: \u003cMII bus\u003e on re0\nOct 31 00:08:44 alexandria kernel: rgephy0: \u003cRTL8169S/8110S/8211 1000BASE-T media interface\u003e PHY 1 on miibus0\nOct 31 00:08:44 alexandria kernel: rgephy0:  none, 10baseT, 10baseT-FDX, 10baseT-FDX-flow, 100baseTX, 100baseTX-FDX, 100baseTX-FDX-flow, 1000baseT, 1000baseT-master, 1000baseT-FDX, 1000baseT-FDX-master, 1000baseT-FDX-flow, 1000baseT-FDX-flow-master, auto, auto-flow\nOct 31 00:08:44 alexandria kernel: re0: Ethernet address: 00:e0:4d:9a:bb:bc\nOct 31 00:08:44 alexandria kernel: pcib6: \u003cACPI PCI-PCI bridge\u003e irq 19 at device 20.0 on pci0\nOct 31 00:08:44 alexandria kernel: pci6: \u003cACPI PCI bus\u003e on pcib6\nOct 31 00:08:44 alexandria kernel: acpi_button0: \u003cPower Button\u003e on acpi0\nOct 31 00:08:44 alexandria kernel: acpi_tz0: \u003cThermal Zone\u003e on acpi0\nOct 31 00:08:44 alexandria kernel: hpet0: \u003cHigh Precision Event Timer\u003e iomem 0xfed00000-0xfed00fff irq 2,8 on acpi0\nOct 31 00:08:44 alexandria kernel: Timecounter \"HPET\" frequency 25000000 Hz quality 950\nOct 31 00:08:44 alexandria kernel: attimer0: \u003cAT timer\u003e port 0x40-0x43 on acpi0\nOct 31 00:08:44 alexandria kernel: Timecounter \"i8254\" frequency 1193182 Hz quality 0\nOct 31 00:08:44 alexandria kernel: Event timer \"i8254\" frequency 1193182 Hz quality 100\nOct 31 00:08:44 alexandria kernel: atrtc0: \u003cAT realtime clock\u003e port 0x70-0x71 on acpi0\nOct 31 00:08:44 alexandria kernel: Event timer \"RTC\" frequency 32768 Hz quality 0\nOct 31 00:08:44 alexandria kernel: atkbdc0: \u003cKeyboard controller (i8042)\u003e port 0x60,0x64 irq 1 on acpi0\nOct 31 00:08:44 alexandria kernel: atkbd0: \u003cAT Keyboard\u003e irq 1 on atkbdc0\nOct 31 00:08:44 alexandria kernel: kbd0 at atkbd0\nOct 31 00:08:44 alexandria kernel: atkbd0: [GIANT-LOCKED]\nOct 31 00:08:44 alexandria kernel: pmtimer0 on isa0\n\nOct 31 00:08:44 alexandria kernel: sc0: \u003cSystem console\u003e at flags 0x100 on isa0\nOct 31 00:08:44 alexandria kernel: sc0: VGA \u003c16 virtual consoles, flags=0x300\u003e\nOct 31 00:08:44 alexandria kernel: vga0: \u003cGeneric ISA VGA\u003e at port 0x3c0-0x3df iomem 0xa0000-0xbffff on isa0\nOct 31 00:08:44 alexandria kernel: ppc0: parallel port not found.\nOct 31 00:08:44 alexandria kernel: powernow0: \u003cPowerNow! K8\u003e on cpu0\nOct 31 00:08:44 alexandria kernel: powernow1: \u003cPowerNow! K8\u003e on cpu1\nOct 31 00:08:44 alexandria kernel: Timecounters tick every 1.000 msec\nOct 31 00:08:44 alexandria kernel: (noperiph:siisch0:0:-1:-1): rescan already queued\nOct 31 00:08:44 alexandria kernel: (noperiph:siisch1:0:-1:-1): rescan already queued\nOct 31 00:08:44 alexandria kernel: usbus0: 12Mbps Full Speed USB v1.0\nOct 31 00:08:44 alexandria kernel: usbus1: 480Mbps High Speed USB v2.0\nOct 31 00:08:44 alexandria kernel: usbus2: 12Mbps Full Speed USB v1.0\nOct 31 00:08:44 alexandria kernel: usbus3: 480Mbps High Speed USB v2.0\nOct 31 00:08:44 alexandria kernel: ugen0.1: \u003cnVidia\u003e at usbus0\nOct 31 00:08:44 alexandria kernel: uhub0: \u003cnVidia OHCI root HUB, class 9/0, rev 1.00/1.00, addr 1\u003e on usbus0\nOct 31 00:08:44 alexandria kernel: ugen1.1: \u003cnVidia\u003e at usbus1\nOct 31 00:08:44 alexandria kernel: uhub1: \u003cnVidia EHCI root HUB, class 9/0, rev 2.00/1.00, addr 1\u003e on usbus1\nOct 31 00:08:44 alexandria kernel: ugen2.1: \u003cnVidia\u003e at usbus2\nOct 31 00:08:44 alexandria kernel: uhub2: \u003cnVidia OHCI root HUB, class 9/0, rev 1.00/1.00, addr 1\u003e on usbus2\nOct 31 00:08:44 alexandria kernel: ugen3.1: \u003cnVidia\u003e at usbus3\nOct 31 00:08:44 alexandria kernel: uhub3: \u003cnVidia EHCI root HUB, class 9/0, rev 2.00/1.00, addr 1\u003e on usbus3\nOct 31 00:08:44 alexandria kernel: pmp0 at siisch0 bus 0 scbus8 target 15 lun 0\nOct 31 00:08:44 alexandria kernel: pmp0: \u003cPort Multiplier 37261095 1706\u003e ATA-0 device\nOct 31 00:08:44 alexandria kernel: pmp0: 300.000MB/s transfers (SATA 2.x, NONE, PIO 8192bytes)\nOct 31 00:08:44 alexandria kernel: pmp0: 5 fan-out ports\nOct 31 00:08:44 alexandria kernel: pmp1 at siisch1 bus 0 scbus9 target 15 lun 0\nOct 31 00:08:44 alexandria kernel: pmp1: \u003cPort Multiplier 37261095 1706\u003e ATA-0 device\nOct 31 00:08:44 alexandria kernel: pmp1: 300.000MB/s transfers (SATA 2.x, NONE, PIO 8192bytes)\nOct 31 00:08:44 alexandria kernel: pmp1: 5 fan-out ports\nOct 31 00:08:44 alexandria kernel: uhub0: 6 ports with 6 removable, self powered\nOct 31 00:08:44 alexandria kernel: uhub2: 6 ports with 6 removable, self powered\nOct 31 00:08:44 alexandria kernel: uhub1: 6 ports with 6 removable, self powered\nOct 31 00:08:44 alexandria kernel: uhub3: 6 ports with 6 removable, self powered\nOct 31 00:08:44 alexandria kernel: ada0 at ata0 bus 0 scbus0 target 0 lun 0\nOct 31 00:08:44 alexandria kernel: ada0: \u003cHDT722516DLAT80 V43OA96A\u003e ATA-7 device\nOct 31 00:08:44 alexandria kernel: ada0: 133.000MB/s transfers (UDMA6, PIO 8192bytes)\nOct 31 00:08:44 alexandria kernel: ada0: 157066MB (321672960 512 byte sectors: 16H 63S/T 16383C)\nOct 31 00:08:44 alexandria kernel: ada0: Previously was known as ad0\nOct 31 00:08:44 alexandria kernel: ada1 at ahcich0 bus 0 scbus2 target 0 lun 0\nOct 31 00:08:44 alexandria kernel: ada1: \u003cST31000333AS CC1F\u003e ATA-8 SATA 2.x device\nOct 31 00:08:44 alexandria kernel: ada1: 300.000MB/s transfers (SATA 2.x, UDMA6, PIO 8192bytes)\nOct 31 00:08:44 alexandria kernel: ada1: Command Queueing enabled\nOct 31 00:08:44 alexandria kernel: ada1: 953869MB (1953525168 512 byte sectors: 16H 63S/T 16383C)\nOct 31 00:08:44 alexandria kernel: ada1: Previously was known as ad4\nOct 31 00:08:44 alexandria kernel: ada2 at ahcich1 bus 0 scbus3 target 0 lun 0\nOct 31 00:08:44 alexandria kernel: ada2: \u003cST31000333AS CC1F\u003e ATA-8 SATA 2.x device\nOct 31 00:08:44 alexandria kernel: ada2: 300.000MB/s transfers (SATA 2.x, UDMA6, PIO 8192bytes)\nOct 31 00:08:44 alexandria kernel: ada2: Command Queueing enabled\nOct 31 00:08:44 alexandria kernel: ada2: 953869MB (1953525168 512 byte sectors: 16H 63S/T 16383C)\nOct 31 00:08:44 alexandria kernel: ada2: Previously was known as ad6\nOct 31 00:08:44 alexandria kernel: ada3 at ahcich2 bus 0 scbus4 target 0 lun 0\nOct 31 00:08:44 alexandria kernel: ada3: \u003cST31000333AS CC1F\u003e ATA-8 SATA 2.x device\nOct 31 00:08:44 alexandria kernel: ada3: 300.000MB/s transfers (SATA 2.x, UDMA6, PIO 8192bytes)\nOct 31 00:08:44 alexandria kernel: ada3: Command Queueing enabled\nOct 31 00:08:44 alexandria kernel: ada3: 953869MB (1953525168 512 byte sectors: 16H 63S/T 16383C)\nOct 31 00:08:44 alexandria kernel: ada3: Previously was known as ad8\n\nOct 31 00:08:44 alexandria kernel: ada4 at ahcich3 bus 0 scbus5 target 0 lun 0\nOct 31 00:08:44 alexandria kernel: ada4: \u003cST31000333AS CC1F\u003e ATA-8 SATA 2.x device\nOct 31 00:08:44 alexandria kernel: ada4: 300.000MB/s transfers (SATA 2.x, UDMA6, PIO 8192bytes)\nOct 31 00:08:44 alexandria kernel: ada4: Command Queueing enabled\nOct 31 00:08:44 alexandria kernel: ada4: 953869MB (1953525168 512 byte sectors: 16H 63S/T 16383C)\nOct 31 00:08:44 alexandria kernel: ada4: Previously was known as ad10\nOct 31 00:08:44 alexandria kernel: ada5 at ahcich4 bus 0 scbus6 target 0 lun 0\nOct 31 00:08:44 alexandria kernel: ada5: \u003cST31000333AS CC1F\u003e ATA-8 SATA 2.x device\nOct 31 00:08:44 alexandria kernel: ada5: 300.000MB/s transfers (SATA 2.x, UDMA6, PIO 8192bytes)\nOct 31 00:08:44 alexandria kernel: ada5: Command Queueing enabled\nOct 31 00:08:44 alexandria kernel: ada5: 953869MB (1953525168 512 byte sectors: 16H 63S/T 16383C)\nOct 31 00:08:44 alexandria kernel: ada5: Previously was known as ad12\nOct 31 00:08:44 alexandria kernel: ada6 at ahcich5 bus 0 scbus7 target 0 lun 0\nOct 31 00:08:44 alexandria kernel: ada6: \u003cST31000333AS CC1F\u003e ATA-8 SATA 2.x device\nOct 31 00:08:44 alexandria kernel: ada6: 300.000MB/s transfers (SATA 2.x, UDMA6, PIO 8192bytes)\nOct 31 00:08:44 alexandria kernel: ada6: Command Queueing enabled\nOct 31 00:08:44 alexandria kernel: ada6: 953869MB (1953525168 512 byte sectors: 16H 63S/T 16383C)\nOct 31 00:08:44 alexandria kernel: ada6: Previously was known as ad14\nOct 31 00:08:44 alexandria kernel: ada7 at siisch1 bus 0 scbus9 target 0 lun 0\nOct 31 00:08:44 alexandria kernel: ada7: \u003cST2000DL003-9VT166 CC32\u003e ATA-8 SATA 3.x device\nOct 31 00:08:44 alexandria kernel: ada7: 300.000MB/s transfers (SATA 2.x, UDMA6, PIO 8192bytes)\nOct 31 00:08:44 alexandria kernel: ada7: Command Queueing enabled\nOct 31 00:08:44 alexandria kernel: ada7: 1907729MB (3907029168 512 byte sectors: 16H 63S/T 16383C)\nOct 31 00:08:44 alexandria kernel: ada7: Previously was known as ad18\nOct 31 00:08:44 alexandria kernel: ada8 at siisch1 bus 0 scbus9 target 1 lun 0\nOct 31 00:08:44 alexandria kernel: ada8: \u003cST2000DL003-9VT166 CC32\u003e ATA-8 SATA 3.x device\nOct 31 00:08:44 alexandria kernel: ada8: 300.000MB/s transfers (SATA 2.x, UDMA6, PIO 8192bytes)\nOct 31 00:08:44 alexandria kernel: ada8: Command Queueing enabled\nOct 31 00:08:44 alexandria kernel: ada8: 1907729MB (3907029168 512 byte sectors: 16H 63S/T 16383C)\nOct 31 00:08:44 alexandria kernel: ada8: Previously was known as ad19\nOct 31 00:08:44 alexandria kernel: ada9 at siisch1 bus 0 scbus9 target 2 lun 0\nOct 31 00:08:44 alexandria kernel: ada9: \u003cST2000DL003-9VT166 CC32\u003e ATA-8 SATA 3.x device\nOct 31 00:08:44 alexandria kernel: ada9: 300.000MB/s transfers (SATA 2.x, UDMA6, PIO 8192bytes)\nOct 31 00:08:44 alexandria kernel: ada9: Command Queueing enabled\nOct 31 00:08:44 alexandria kernel: ada9: 1907729MB (3907029168 512 byte sectors: 16H 63S/T 16383C)\nOct 31 00:08:44 alexandria kernel: ada10 at siisch1 bus 0 scbus9 target 3 lun 0\nOct 31 00:08:44 alexandria kernel: ada10: \u003cST2000DL003-9VT166 CC32\u003e ATA-8 SATA 3.x device\nOct 31 00:08:44 alexandria kernel: ada10: 300.000MB/s transfers (SATA 2.x, UDMA6, PIO 8192bytes)\nOct 31 00:08:44 alexandria kernel: ada10: Command Queueing enabled\nOct 31 00:08:44 alexandria kernel: ada10: 1907729MB (3907029168 512 byte sectors: 16H 63S/T 16383C)\nOct 31 00:08:44 alexandria kernel: SMP: AP CPU #1 Launched!\nOct 31 00:08:44 alexandria kernel: cd0 at ata0 bus 0 scbus0 target 1 lun 0\nOct 31 00:08:44 alexandria kernel: cd0: \u003cPIONEER DVD-RW  DVR-109 1.17\u003e Removable CD-ROM SCSI-0 device\nOct 31 00:08:44 alexandria kernel: cd0: 66.700MB/s transfers (UDMA4, ATAPI 12bytes, PIO 65534bytes)\nOct 31 00:08:44 alexandria kernel: cd0: Attempt to query device size failed: NOT READY, Medium not present\nOct 31 00:08:44 alexandria kernel: Trying to mount root from ufs:/dev/ad0s1a [rw]...\nOct 31 00:08:44 alexandria kernel: ZFS WARNING: Recommended minimum kmem_size is 512MB; expect unstable behavior.\nOct 31 00:08:44 alexandria kernel: Consider tuning vm.kmem_size and vm.kmem_size_max\n\nOct 31 00:08:44 alexandria kernel: in /boot/loader.conf.\nOct 31 00:08:44 alexandria kernel: ZFS filesystem version 5\nOct 31 00:08:44 alexandria kernel: ZFS storage pool version 28\nOct 31 00:08:45 alexandria kernel: .. done\nOct 31 00:08:46 alexandria kernel: re0: link state changed to UP\n------------------------------------------------------------\n\n/boot/loader.conf\nahci_load=\"YES\"\ngeom_stripe_load=\"YES\"\nvfs.zfs.prefetch_disable=1\nvm.kmem_size=\"330M\"\nvm.kmem_size_max=\"340M\"\nvfs.zfs.arc_max=\"40M\"\nvfs.zfs.vdev.cache.size=\"6M\"\n\nKernel config is 100% stock.  Zero changes.\n\n/etc/sysctl.conf\n# $FreeBSD: src/etc/sysctl.conf,v 1.8.40.1 2011/09/23 00:51:37 kensmith Exp $\n#\n#  This file is read when going to multi-user and its contents piped thru\n#  ``sysctl'' to adjust kernel values.  ``man 5 sysctl.conf'' for details.\n#\n\n# Uncomment this to prevent users from seeing information about processes that\n# are being run under another UID.\n#security.bsd.see_other_uids=0\n\nkldstat\nId Refs Address    Size     Name\n 1   13 0xc0400000 ea4318   kernel\n 3    1 0xc6abc000 173000   zfs.ko\n 4    1 0xc6c2f000 3000     opensolaris.ko\n 5    1 0xc92aa000 7000     geom_stripe.ko\n 6    1 0xc937a000 4000     geom_nop.ko\n\nHow-To-Repeat: alexandria# gpart create -s gpt ada7\nada7 created\nalexandria# gpart add -t freebsd-ufs -b 1M -a 4k ada7\nada7p1 added\nalexandria# newfs -U -f 4096 /dev/ada7p1\nReduced frags per cylinder group from 189440 to 189432 to enlarge last cyl group\n/dev/ada7p1: 1907728.1MB (3907027080 sectors) block size 32768, fragment size 4096\n        using 2579 cylinder groups of 739.97MB, 23679 blks, 47360 inodes.\n        with soft updates\n\n\nalexandria# gpart show ada7\n=\u003e        34  3907029101  ada7  GPT  (1.8T)\n          34        2014        - free -  (1M)\n        2048  3907027080     1  freebsd-ufs  (1.8T)\n  3907029128           7        - free -  (3.5k)\n\ngstat\ndT: 1.001s  w: 1.000s  filter: ada7\n L(q)  ops/s    r/s   kBps   ms/r    w/s   kBps   ms/w   %busy Name\n   13      5      0      0    0.0      5    639   1426  110.0| ada7\n   13      5      0      0    0.0      5    639   1426  110.0| ada7p1\n\n\nTried using dd, cp and bonnie to write to the new filesystem.  No matter\nwhat, it never goes above 1MB/sec"
}