{
 "id": 1009123,
 "bug_id": 187015,
 "attachment_id": 0,
 "creation_time": "2018-08-30T07:45:26Z",
 "creator": "bfsct+freebsdbugzilla@posteo.de",
 "text": "laptop HP pavilion ze4900\nFreeBSD-11.2-RELEASE-i386-bootonly.iso\n\nat boot (first time)\n\tset hint.agp.1.disabled=1\n\tboot\n\nto fix (subsequent boots)\n\tadd hint.agp.1.disabled=1 to /boot/loader.conf\n\n/error\nmodule_register_init: MOD_LOAD (vesa, 0xc10180a0, 0) error 19\npanic: make_dev_sv: bad si_name (error=17, si_name=agpgart)\n\nCopyright (c) 1992-2010 The FreeBSD Project.\nCopyright (c) 1979, 1980, 1983, 1986, 1988, 1989, 1991, 1992, 1993, 1994\n        The Regents of the University of California. All rights reserved.\nFreeBSD is a registered trademark of The FreeBSD Foundation.\nFreeBSD 11.2-RELEASE #0 r335510: Fri Jun 22 04:09:26 UTC 2018\n    root@releng2.nyi.freebsd.org:/usr/obj/usr/src/sys/GENERIC i386\nFreeBSD clang version 6.0.0 (tags/RELEASE_600/final 326565) (base on LLVM 6.0.0)\nVT(vga): resolution 640x480\nCPU: Intel(R) Pentium(R) M processor 1500MHz (1498.76-MHz 686-class CPU)\n  Origin=\"GenuineIntel\" Id=0x695 Family=0x6 Model=0x9 Stepping=5\n  Features=0xa7e949bf\u003cFPU,VME,DE,PSE,TSC,MSR,MCE,CX8,SEP,MTRR,PGE,MCA,CMOV,PAT,CLFLUSH,DTS,ACPI,MMX,FXSR,SSE,SSE2,TM,PBE\u003e\n  Features2=0x180\u003cEST,TM2\u003e\nreal memory  = 268435456 (256 MB)\navail memory = 196849664 (187 MB)\nTimecounter \"TSC\" frequency 1498757565 Hz quality 800\nrandom: entropy device external interface\nkbd1 at kbdmux0\nmodule_register_init: MOD_LOAD (vesa, 0xc10180a0, 0) error 19\nnexus0\nvtvga0: \u003cVT VGA driver\u003e on motherboard\ncryptosoft0: \u003csoftware crypto\u003e on motherboard\nacpi0: \u003cHP 3084\u003e on motherboard\nacpi0: Power Button (fixed)\ncpu0: \u003cACPI CPU\u003e on acpi0\nattimer0: \u003cAT timer\u003e port 0x40-0x43,0x50-0x53 irq 0 on acpi0\nTimecounter \"i8254\" frequency 1193182 Hz quality 0\nEvent timer \"i8254\" frequency 1193182 Hz quality 100\natrtc0: \u003cAT realtime clock\u003e port 0x70-0x77 irq 8 on acpi0\natrtc0: registered as a time-of-day clock, resolution 1.000000s\nEvent timer \"RTC\" frequency 32768 Hz quality 0\nTimecounter \"ACPI-fast\" frequency 3579545 Hz quality 900\nacpi_timer0: \u003c24-bit timer at 3.579545MHz\u003e port 0x1008-0x100b on acpi0\nacpi_ec0: \u003cEmbedded Controller: GPE 0x1d\u003e port 0x62,0x66 on acpi0\nacpi_acad0: \u003cAC Adapter\u003e on acpi0\nbattery0: \u003cACPI Control Method Battery\u003e on acpi0\nacpi_lid0: \u003cControl Method Lid Switch\u003e on acpi0\nacpi_button0: \u003cPower Button\u003e on acpi0\npcib0: \u003cACPI Host-PCI bridge\u003e port 0xcf8-0xcff on acpi0\npci0: \u003cACPI PCI bus\u003e on pcib0\nvgapci0: \u003cVGA-compatible display\u003e port 0x1800-0x1807 mem 0xe8000000-0xefffffff,0xe0000000-0xe007ffff irq 10 at device 2.0 on pci0\nagp0: \u003cIntel 8285xM (85xGM GMCH) SVGA controller\u003e on vgapci0\nagp0: aperture size is 128M, detected 32636k stolen memory\nvgapci0: Boot video device\nvgapci1: \u003cVGA-compatible display\u003e mem 0xf0000000-0xf7ffffff,0xe0080000-0xe00fffff at device 2.1 on pci0\nagp1: \u003cIntel 8285xM (85xGM GMCH) SVGA controller\u003e on vgapci1\npanic: make_dev_sv: bad si_name (error=17, si_name=agpgart)\ncpuid = 0\nKDB: stack backtrace:\n#0 0xc0bcdae at kdb_backtrace+0x4e\n#1 0xc0b8c9f8 at vpanic+0x108\n#2 0xc0b8c8e4 at panic+0x14\n#3 0xc0b373f8 at make_dev_sv+0x2e8\n#4 0xc0b3746a at make_dev+0x6a\n#5 0xc059fa78 at agp_generic_attach+0x118\n#6 0xc0fab422 at agp_i810_attach+0x62\n#7 0xc0bc1851 at device_attach+0x311\n#8 0xc0bc287a at bus_generic_attach+0x2a\n#9 0xc0863806 at vga_pci_attach+0x36\n#10 0xc0bc1851 at device_attach+0x311\n#11 0xc0bc287a at bus_generic_attach+0x2a\n#12 0xc085925f at pci_attach+0xbf\n#13 0xc0bc1851 at device_attach+0x311\n#14 0xc0bc287a at bus_generic_attach+0x2a\n#15 0xc05837c0 at acpi_pcib_acpi_attach+0x3c0\n#16 0xc0bc1851 at device_attach+0x311\n#17 0xc0bc287a at bus_generic_attach+0x2a\nUptime: 1s\nAutomatic reboot in 15 seconds - press a key on the console to abort"
}