{
 "id": 1309061,
 "bug_id": 267915,
 "attachment_id": 0,
 "creation_time": "2024-05-15T06:32:03Z",
 "creator": "tom+fbsdbugzilla@nuegia.net",
 "text": "I am still having this issue on my computer\nHardware: Thinkpad T430\nCPU: Intel(R) Core(TM) i5-3320M CPU @ 2.60GHz (2594.18-MHz K8-class CPU)\n\n% pkg info -x mesa\nlibosmesa-24.0.6\nmesa-dri-24.0.6\nmesa-gallium-va-24.0.6\nmesa-gallium-vdpau-24.0.6\n\n% cat /etc/os-release \nNAME=FreeBSD\nVERSION=\"14.0-RELEASE-p6\"\nVERSION_ID=\"14.0\"\nID=freebsd\nANSI_COLOR=\"0;31\"\nPRETTY_NAME=\"FreeBSD 14.0-RELEASE-p6\"\nCPE_NAME=\"cpe:/o:freebsd:freebsd:14.0\"\nHOME_URL=\"https://FreeBSD.org/\"\nBUG_REPORT_URL=\"https://bugs.FreeBSD.org/\"\n\n% dmesg\n---\u003c\u003cBOOT\u003e\u003e---\nCopyright (c) 1992-2023 The FreeBSD Project.\nCopyright (c) 1979, 1980, 1983, 1986, 1988, 1989, 1991, 1992, 1993, 1994\n        The Regents of the University of California. All rights reserved.\nFreeBSD is a registered trademark of The FreeBSD Foundation.\nFreeBSD 14.0-RELEASE-p6 #0: Tue Mar 26 20:26:20 UTC 2024\n    root@amd64-builder.daemonology.net:/usr/obj/usr/src/amd64.amd64/sys/GENERIC amd64\nFreeBSD clang version 16.0.6 (https://github.com/llvm/llvm-project.git llvmorg-16.0.6-0-g7cbf1a259152)\nVT(efifb): resolution 1600x900\nCPU: Intel(R) Core(TM) i5-3320M CPU @ 2.60GHz (2594.18-MHz K8-class CPU)\n  Origin=\"GenuineIntel\"  Id=0x306a9  Family=0x6  Model=0x3a  Stepping=9\n  Features=0xbfebfbff\u003cFPU,VME,DE,PSE,TSC,MSR,PAE,MCE,CX8,APIC,SEP,MTRR,PGE,MCA,CMOV,PAT,PSE36,CLFLUSH,DTS,ACPI,MMX,FXSR,SSE,SSE2,SS,HTT,TM,PBE\u003e\n  Features2=0x7fbae3ff\u003cSSE3,PCLMULQDQ,DTES64,MON,DS_CPL,VMX,SMX,EST,TM2,SSSE3,CX16,xTPR,PDCM,PCID,SSE4.1,SSE4.2,x2APIC,POPCNT,TSCDLT,AESNI,XSAVE,OSXSAVE,AVX,F16C,RDRAND\u003e\n  AMD Features=0x28100800\u003cSYSCALL,NX,RDTSCP,LM\u003e\n  AMD Features2=0x1\u003cLAHF\u003e\n  Structured Extended Features=0x281\u003cFSGSBASE,SMEP,ERMS\u003e\n  Structured Extended Features3=0x9c000400\u003cMD_CLEAR,IBPB,STIBP,L1DFL,SSBD\u003e\n  XSAVE Features=0x1\u003cXSAVEOPT\u003e\n  VT-x: PAT,HLT,MTF,PAUSE,EPT,UG,VPID\n  TSC: P-state invariant, performance statistics\nreal memory  = 8589934592 (8192 MB)\navail memory = 7999488000 (7628 MB)\nEvent timer \"LAPIC\" quality 600\nACPI APIC Table: \u003cCOREv4 COREBOOT\u003e\nFreeBSD/SMP: Multiprocessor System Detected: 4 CPUs\nFreeBSD/SMP: 1 package(s) x 2 core(s) x 2 hardware threads\nrandom: registering fast source Intel Secure Key RNG\nrandom: fast provider: \"Intel Secure Key RNG\"\nrandom: unblocking device.\nioapic0 \u003cVersion 2.0\u003e irqs 0-23\nLaunching APs: 1 3 2\nCuse v0.1.37 @ /dev/cuse\nrandom: entropy device external interface\nkbd1 at kbdmux0\nefirtc0: \u003cEFI Realtime Clock\u003e\nefirtc0: registered as a time-of-day clock, resolution 1.000000s\nsmbios0: \u003cSystem Management BIOS\u003e at iomem 0x7fcfb000-0x7fcfb01e\nsmbios0: Version: 3.0, BCD Revision: 3.3\naesni0: \u003cAES-CBC,AES-CCM,AES-GCM,AES-ICM,AES-XTS\u003e                                                                                                                      \nacpi0: \u003cCOREv4 COREBOOT\u003e                                                                                                                                               \nacpi0: Power Button (fixed)                                                                                                                                            \nACPI Error: No handler for Region [ERAM] (0xfffff8000196f900) [EmbeddedControl] (20221020/evregion-292)                                                                \nACPI Error: Region EmbeddedControl (ID=3) has no handler (20221020/exfldio-428)                                                                                        \nACPI Error: Aborting method \\134_SB.PCI0.LPCB.EC.BAT0._STA due to previous error (AE_NOT_EXIST) (20221020/psparse-689)\nACPI Error: No handler for Region [ERAM] (0xfffff8000196f900) [EmbeddedControl] (20221020/evregion-292)\nACPI Error: Region EmbeddedControl (ID=3) has no handler (20221020/exfldio-428)\nACPI Error: Aborting method \\134_SB.PCI0.LPCB.EC.BAT1._STA due to previous error (AE_NOT_EXIST) (20221020/psparse-689)\nhpet0: \u003cHigh Precision Event Timer\u003e iomem 0xfed00000-0xfed003ff on acpi0\nTimecounter \"HPET\" frequency 14318180 Hz quality 950\nEvent timer \"HPET\" frequency 14318180 Hz quality 550\nEvent timer \"HPET1\" frequency 14318180 Hz quality 440\nEvent timer \"HPET2\" frequency 14318180 Hz quality 440\nEvent timer \"HPET3\" frequency 14318180 Hz quality 440\nEvent timer \"HPET4\" frequency 14318180 Hz quality 440\natrtc0: \u003cAT realtime clock\u003e port 0x70-0x77 on acpi0\natrtc0: registered as a time-of-day clock, resolution 1.000000s\nEvent timer \"RTC\" frequency 32768 Hz quality 0\nattimer0: \u003cAT timer\u003e port 0x40-0x43,0x50-0x53 irq 0 on acpi0\nTimecounter \"i8254\" frequency 1193182 Hz quality 0\nEvent timer \"i8254\" frequency 1193182 Hz quality 100\nTimecounter \"ACPI-fast\" frequency 3579545 Hz quality 900\nacpi_timer0: \u003c24-bit timer at 3.579545MHz\u003e port 0x508-0x50b on acpi0\nacpi_ec0: \u003cEmbedded Controller: GPE 0x11\u003e port 0x62,0x66 on acpi0\npcib0: \u003cACPI Host-PCI bridge\u003e port 0xcf8-0xcff on acpi0\npci0: \u003cACPI PCI bus\u003e on pcib0\nvgapci0: \u003cVGA-compatible display\u003e port 0x1000-0x103f mem 0x8ec00000-0x8effffff,0x90000000-0x9fffffff at device 2.0 on pci0\nvgapci0: Boot video device\nxhci0: \u003cIntel Panther Point USB 3.0 controller\u003e mem 0x8f820000-0x8f82ffff at device 20.0 on pci0\nxhci0: 32 bytes context size, 64-bit DMA\nxhci0: Port routing mask set to 0xffffffff\nusbus0 on xhci0\nusbus0: 5.0Gbps Super Speed USB v3.0\nem0: \u003cIntel(R) 82579LM\u003e port 0x1040-0x105f mem 0x8f800000-0x8f81ffff,0x8f834000-0x8f834fff at device 25.0 on pci0\nem0: EEPROM V0.13-3\nem0: Using 1024 TX descriptors and 1024 RX descriptors\nem0: Using an MSI interrupt\nem0: Ethernet address: 28:d2:44:07:78:3f\nem0: netmap queues/slots: TX 1/1024, RX 1/1024\nehci0: \u003cIntel Panther Point USB 2.0 controller\u003e mem 0x8f836000-0x8f8363ff at device 26.0 on pci0\nusbus1: EHCI version 1.0\nusbus1 on ehci0\nusbus1: 480Mbps High Speed USB v2.0\nhdac0: \u003cIntel Panther Point HDA Controller\u003e mem 0x8f830000-0x8f833fff at device 27.0 on pci0\npcib1: \u003cACPI PCI-PCI bridge\u003e at device 28.0 on pci0\npci1: \u003cACPI PCI bus\u003e on pcib1\npci1: \u003cunknown\u003e at device 0.0 (no driver attached)\npcib2: \u003cACPI PCI-PCI bridge\u003e at device 28.1 on pci0\npci2: \u003cACPI PCI bus\u003e on pcib2\nath0: \u003cAtheros AR9485\u003e mem 0x8eb00000-0x8eb7ffff at device 0.0 on pci2\nar9300_flash_map: unimplemented for now\nRestoring Cal data from DRAM\nRestoring Cal data from EEPROM\nRestoring Cal data from Flash\nRestoring Cal data from Flash\nRestoring Cal data from OTP\nar9300_hw_attach: ar9300_eeprom_attach returned 0\nath0: [HT] enabling HT modes\nath0: [HT] enabling short-GI in 20MHz mode\nath0: [HT] 1 stream STBC receive enabled\nath0: [HT] 1 RX streams; 1 TX streams\nath0: AR9485 mac 576.1 RF5110 phy 0.0\nath0: 2GHz radio: 0x0000; 5GHz radio: 0x0000\npcib3: \u003cACPI PCI-PCI bridge\u003e at device 28.2 on pci0\nehci1: \u003cIntel Panther Point USB 2.0 controller\u003e mem 0x8f837000-0x8f8373ff at device 29.0 on pci0\nusbus2: EHCI version 1.0\nusbus2 on ehci1\nusbus2: 480Mbps High Speed USB v2.0\nisab0: \u003cPCI-ISA bridge\u003e at device 31.0 on pci0\nisa0: \u003cISA bus\u003e on isab0\nahci0: \u003cIntel Panther Point AHCI SATA controller\u003e port 0x1080-0x1087,0x1090-0x1093,0x1088-0x108f,0x1094-0x1097,0x1060-0x107f mem 0x8f835000-0x8f8357ff at device 31.2 on pci0\nahci0: AHCI v1.30 with 6 6Gbps ports, Port Multiplier not supported\nahcich0: \u003cAHCI channel\u003e at channel 0 on ahci0\nahcich1: \u003cAHCI channel\u003e at channel 1 on ahci0\nahcich2: \u003cAHCI channel\u003e at channel 2 on ahci0\nahcich4: \u003cAHCI channel\u003e at channel 4 on ahci0\ncpu0: \u003cACPI CPU\u003e on acpi0\nacpi_tz0: \u003cThermal Zone\u003e on acpi0\nacpi_tz1: \u003cThermal Zone\u003e on acpi0\natkbdc0: \u003cKeyboard controller (i8042)\u003e port 0x60,0x64 irq 1 on acpi0\natkbd0: \u003cAT Keyboard\u003e irq 1 on atkbdc0\nkbd0 at atkbd0\natkbd0: [GIANT-LOCKED]\npsm0: \u003cPS/2 Mouse\u003e irq 12 on atkbdc0\npsm0: [GIANT-LOCKED]\nWARNING: Device \"psm\" is Giant locked and may be deleted before FreeBSD 15.0.\npsm0: model Synaptics Touchpad, device ID 0\nacpi_acad0: \u003cAC Adapter\u003e on acpi0\nbattery0: \u003cACPI Control Method Battery\u003e on acpi0\nbattery1: \u003cACPI Control Method Battery\u003e on acpi0\nacpi_button0: \u003cSleep Button\u003e on acpi0\nacpi_lid0: \u003cControl Method Lid Switch\u003e on acpi0\nacpi_ibm0: \u003cThinkPad ACPI Extras\u003e on acpi0\nacpi_ibm0: Firmware version is 0x100\nest0: \u003cEnhanced SpeedStep Frequency Control\u003e on cpu0\nTimecounter \"TSC-low\" frequency 1297053702 Hz quality 1000\nTimecounters tick every 1.000 msec\nZFS filesystem version: 5\nZFS storage pool version: features support (5000)\nhdacc0: \u003cRealtek ALC269 HDA CODEC\u003e at cad 0 on hdac0\nhdaa0: \u003cRealtek ALC269 Audio Function Group\u003e at nid 1 on hdacc0\npcm0: \u003cRealtek ALC269 (Analog)\u003e at nid 20 and 24 on hdaa0\npcm1: \u003cRealtek ALC269 (Analog)\u003e at nid 21 and 18 on hdaa0\nhdacc1: \u003cIntel Panther Point HDA CODEC\u003e at cad 3 on hdac0\nhdaa1: \u003cIntel Panther Point Audio Function Group\u003e at nid 1 on hdacc1\npcm2: \u003cIntel Panther Point (HDMI/DP 8ch)\u003e at nid 5 on hdaa1\npcm3: \u003cIntel Panther Point (HDMI/DP 8ch)\u003e at nid 6 on hdaa1\npcm4: \u003cIntel Panther Point (HDMI/DP 8ch)\u003e at nid 7 on hdaa1\nugen2.1: \u003cIntel EHCI root HUB\u003e at usbus2\nugen1.1: \u003cIntel EHCI root HUB\u003e at usbus1\nuhub0 on usbus2\nuhub0: \u003cIntel EHCI root HUB, class 9/0, rev 2.00/1.00, addr 1\u003e on usbus2\nugen0.1: \u003cIntel XHCI root HUB\u003e at usbus0\nTrying to mount root from zfs:zroot/ROOT/default []...\nuhub2 on usbus0\nuhub2: \u003cIntel XHCI root HUB, class 9/0, rev 3.00/1.00, addr 1\u003e on usbus0\nuhub1 on usbus1\nuhub1: \u003cIntel EHCI root HUB, class 9/0, rev 2.00/1.00, addr 1\u003e on usbus1\nada0 at ahcich0 bus 0 scbus0 target 0 lun 0\nada0: \u003cSamsung SSD 850 EVO 500GB EMT02B6Q\u003e ACS-2 ATA SATA 3.x device\nada0: Serial Number S2RANB0HA32445Z\nada0: 600.000MB/s transfers (SATA 3.x, UDMA6, PIO 512bytes)\nada0: Command Queueing enabled\nada0: 476940MB (976773168 512 byte sectors)\nada0: quirks=0x3\u003c4K,NCQ_TRIM_BROKEN\u003e\ncd0 at ahcich1 bus 0 scbus1 target 0 lun 0\ncd0: \u003cHL-DT-ST DVDRAM GT80N LT21\u003e Removable CD-ROM SCSI device\ncd0: Serial Number M8121154216\ncd0: 150.000MB/s transfers (SATA 1.x, UDMA6, ATAPI 12bytes, PIO 8192bytes)\ncd0: Attempt to query device size failed: NOT READY, Medium not present - tray closed\nGEOM_ELI: Device ada0p3.eli created.\nGEOM_ELI: Encryption: AES-XTS 256\nGEOM_ELI:     Crypto: accelerated software\nuhub2: 8 ports with 8 removable, self powered\nuhub1: 3 ports with 3 removable, self powered\nuhub0: 3 ports with 3 removable, self powered\nRoot mount waiting for: usbus1 usbus2\nugen1.2: \u003cvendor 0x8087 product 0x0024\u003e at usbus1\nuhub3 on uhub1\nuhub3: \u003cvendor 0x8087 product 0x0024, class 9/0, rev 2.00/0.00, addr 2\u003e on usbus1\nugen2.2: \u003cvendor 0x8087 product 0x0024\u003e at usbus2\nuhub4 on uhub0\nuhub4: \u003cvendor 0x8087 product 0x0024, class 9/0, rev 2.00/0.00, addr 2\u003e on usbus2\nRoot mount waiting for: usbus1 usbus2\nuhub3: 6 ports with 6 removable, self powered\nuhub4: 8 ports with 8 removable, self powered\nugen1.3: \u003cLenovo Integrated Smart Card Reader\u003e at usbus1\nRoot mount waiting for: usbus1 usbus2\nugen2.3: \u003cSierra Wireless, Incorporated MC7700\u003e at usbus2\nugen1.4: \u003cBroadcom Corp BCM20702A0\u003e at usbus1\nugen1.5: \u003cAtheros Communications Bluetooth USB Host Controller\u003e at usbus1\nacpi_ibm0: invalid event code: \\134\nGEOM_ELI: Device ada0p2.eli created.\nGEOM_ELI: Encryption: AES-XTS 128\nGEOM_ELI:     Crypto: accelerated software\ndrmn0: \u003cdrmn\u003e on vgapci0\nvgapci0: child drmn0 requested pci_enable_io\nvgapci0: child drmn0 requested pci_enable_io\n[drm] Unable to create a private tmpfs mount, hugepage support will be disabled(-19).\n[drm] Got stolen memory base 0x80a00000, size 0xe000000\nlkpi_iic0: \u003cLinuxKPI I2C\u003e on drmn0\niicbus0: \u003cPhilips I2C bus\u003e on lkpi_iic0\niic0: \u003cI2C generic I/O\u003e on iicbus0\nlkpi_iic1: \u003cLinuxKPI I2C\u003e on drmn0\niicbus1: \u003cPhilips I2C bus\u003e on lkpi_iic1\niic1: \u003cI2C generic I/O\u003e on iicbus1\nlkpi_iic2: \u003cLinuxKPI I2C\u003e on drmn0\niicbus2: \u003cPhilips I2C bus\u003e on lkpi_iic2\niic2: \u003cI2C generic I/O\u003e on iicbus2\nlkpi_iic3: \u003cLinuxKPI I2C\u003e on drmn0\niicbus3: \u003cPhilips I2C bus\u003e on lkpi_iic3\niic3: \u003cI2C generic I/O\u003e on iicbus3\nlkpi_iic4: \u003cLinuxKPI I2C\u003e on drmn0\niicbus4: \u003cPhilips I2C bus\u003e on lkpi_iic4\niic4: \u003cI2C generic I/O\u003e on iicbus4\nlkpi_iic5: \u003cLinuxKPI I2C\u003e on drmn0\niicbus5: \u003cPhilips I2C bus\u003e on lkpi_iic5\niic5: \u003cI2C generic I/O\u003e on iicbus5\nlkpi_iic6: \u003cLinuxKPI I2C\u003e on drmn0\niicbus6: \u003cPhilips I2C bus\u003e on lkpi_iic6\niic6: \u003cI2C generic I/O\u003e on iicbus6\niic6: detached\niicbus6: detached\nlkpi_iic6: detached\nsysctl_warn_reuse: can't re-use a leaf (hw.dri.debug)!\nlkpi_iic6: \u003cLinuxKPI I2C\u003e on drm4\niicbus6: \u003cPhilips I2C bus\u003e on lkpi_iic6\niic6: \u003cI2C generic I/O\u003e on iicbus6\nlkpi_iic7: \u003cLinuxKPI I2C\u003e on drm7\niicbus7: \u003cPhilips I2C bus\u003e on lkpi_iic7\niic7: \u003cI2C generic I/O\u003e on iicbus7\nlkpi_iic8: \u003cLinuxKPI I2C\u003e on drm8\niicbus8: \u003cPhilips I2C bus\u003e on lkpi_iic8\niic8: \u003cI2C generic I/O\u003e on iicbus8\n[drm] Initialized i915 1.6.0 20201103 for drmn0 on minor 0\nVT: Replacing driver \"efifb\" with new \"fb\".\nstart FB_INFO:\ntype=11 height=900 width=1600 depth=32\npbase=0x90000000 vbase=0xfffff80090000000\nname=drmn0 flags=0x0 stride=6400 bpp=32\nend FB_INFO\nichsmb0: \u003cIntel Panther Point SMBus controller\u003e port 0x400-0x41f mem 0x8f838000-0x8f8380ff at device 31.3 on pci0\nsmbus0: \u003cSystem Management Bus\u003e on ichsmb0\nrtsx0: \u003c2.1g Realtek RTS5229 PCIe SD Card Reader\u003e mem 0x8ea00000-0x8ea00fff at device 0.0 on pci1\nrtsx0: A card is detected\nmmc0: \u003cMMC/SD bus\u003e on rtsx0\nmmcsd0: 32GB \u003cSDHC GB1QT 3.0 SN BC2E61D1 MFG 12/2017 by 27 SM\u003e at mmc0 50.0MHz/4bit/2048-block\nwlan0: Ethernet address: 08:3e:8e:b8:f5:c5\nlo0: link state changed to UP\nwlan0: link state changed to UP\nath0: ath_rate_tx_complete: ts_rate=27 ts_finaltsi=0, final_rix=0\nath0: bad series0 hwrate 0x1b, tries 1 ts_status 0x0\nath0: ath_rate_tx_complete: ts_rate=27 ts_finaltsi=0, final_rix=0\nath0: bad series0 hwrate 0x1b, tries 1 ts_status 0x0\nath0: ath_rate_tx_complete: ts_rate=27 ts_finaltsi=0, final_rix=0\nath0: bad series0 hwrate 0x1b, tries 4 ts_status 0x0\nubt0 on uhub3\nubt0: \u003cBroadcom Corp BCM20702A0, rev 2.00/1.12, addr 4\u003e on usbus1\nSecurity policy loaded: MAC/ntpd (mac_ntpd)\nacpi_ibm0: invalid event code: \\134\nath0: ath_rate_tx_complete: ts_rate=27 ts_finaltsi=0, final_rix=0\nath0: bad series0 hwrate 0x1b, tries 1 ts_status 0x0\nath0: ath_rate_tx_complete: ts_rate=27 ts_finaltsi=0, final_rix=0\nath0: bad series0 hwrate 0x1b, tries 1 ts_status 0x0\nath0: ath_rate_tx_complete: ts_rate=27 ts_finaltsi=0, final_rix=0\nath0: bad series0 hwrate 0x1b, tries 1 ts_status 0x0\nath0: ath_rate_tx_complete: ts_rate=27 ts_finaltsi=0, final_rix=0\nath0: bad series0 hwrate 0x1b, tries 1 ts_status 0x0\nath0: ath_rate_tx_complete: ts_rate=27 ts_finaltsi=0, final_rix=0\nath0: bad series0 hwrate 0x1b, tries 1 ts_status 0x0\nath0: ath_rate_tx_complete: ts_rate=27 ts_finaltsi=0, final_rix=0\nath0: bad series0 hwrate 0x1b, tries 3 ts_status 0x0\nath0: ath_rate_tx_complete: ts_rate=27 ts_finaltsi=0, final_rix=0\nath0: bad series0 hwrate 0x1b, tries 2 ts_status 0x0\nath0: ath_rate_tx_complete: ts_rate=27 ts_finaltsi=0, final_rix=0\nath0: bad series0 hwrate 0x1b, tries 3 ts_status 0x0\nath0: ath_rate_tx_complete: ts_rate=27 ts_finaltsi=0, final_rix=0\nath0: bad series0 hwrate 0x1b, tries 3 ts_status 0x0\nath0: ath_rate_tx_complete: ts_rate=27 ts_finaltsi=0, final_rix=0\nath0: bad series0 hwrate 0x1b, tries 1 ts_status 0x0\nath0: ath_rate_tx_complete: ts_rate=27 ts_finaltsi=0, final_rix=0\nath0: bad series0 hwrate 0x1b, tries 1 ts_status 0x0\nath0: ath_rate_tx_complete: ts_rate=27 ts_finaltsi=0, final_rix=0\nath0: bad series0 hwrate 0x1b, tries 1 ts_status 0x0\nath0: ath_rate_tx_complete: ts_rate=27 ts_finaltsi=0, final_rix=0\nath0: bad series0 hwrate 0x1b, tries 1 ts_status 0x0\n\n\nI noticed when it boots up it's working but when you switch to a VT and switch back it's broken. The xdriinfo tool can be used to tell if it's broken or not:\n\n\n% xdriinfo \nScreen 0: crocus\n% xdriinfo\nfailed to authenticate magic 1\nfailed to load driver: crocus\nScreen 0: swrast\n% xdriinfo\nfailed to authenticate magic 1\nfailed to load driver: crocus\nScreen 0: swrast\n\n\n(In reply to Ting-Wei Lan from comment #12)\n\u003eThis issue has been reported: https://github.com/freebsd/drm-kmod/issues/175. \u003eDowngrading to drm-54-kmod can fix the problem.\n\n\nHow do I rollback to drm-54-kmod on FreeBSD 14? The only versions I see available in the repository are:\ndrm-510-kmod-5.10.163_9        DRM drivers modules\ndrm-515-kmod-5.15.118_4        DRM drivers modules"
}