{
 "id": 490212,
 "bug_id": 132769,
 "attachment_id": 0,
 "creation_time": "2009-03-18T08:50:03Z",
 "creator": "ruben@helium.verweg.com",
 "text": "\nStill having WITNESS enabled since kern/132404 I've spotted the following ifnet\nrelated LOR's during bootup. the pf related one is also visible in that pr.\nSame configuration applies to the system, sources are of Tue Mar 17 15:43:48\nCET 2009\n\nIf required, I can generate a textdump of this state.\n\n1st\n\nlock order reversal:\n 1st 0xc099e28c pf task mtx (pf task mtx) @ /usr/cvsup/7-stable/src/sys/contrib/pf/net/pf_ioctl.c:1394\n 2nd 0xc0a0c708 ifnet (ifnet) @ /usr/cvsup/7-stable/src/sys/net/if.c:1574\nKDB: stack backtrace:\ndb_trace_self_wrapper(c0923147,e6cd4a34,c0643355,c0924722,c0a0c708,...) at db_trace_self_wrapper+0x26\nkdb_backtrace(c0924722,c0a0c708,c093a967,c093a967,c092a5a0,...) at kdb_backtrace+0x29\nwitness_checkorder(c0a0c708,9,c092a5a0,626,201,...) at witness_checkorder+0x5e5\n_mtx_lock_flags(c0a0c708,0,c092a5a0,626,c5727000,...) at _mtx_lock_flags+0x34\nifunit(c5727000,c5727000,e0,572,c0924322,...) at ifunit+0x2f\npfioctl(c47a3600,c0ec442d,c5602900,3,c4cce690,...) at pfioctl+0x27f1\ndevfs_ioctl_f(c4a1e04c,c0ec442d,c5602900,c44b3000,c4cce690,...) at devfs_ioctl_f+0xf5\nkern_ioctl(c4cce690,3,c0ec442d,c5602900,1000000,...) at kern_ioctl+0x243\nioctl(c4cce690,e6cd4cfc,c,c09384e2,c0966f50,...) at ioctl+0x134\nsyscall(e6cd4d38) at syscall+0x2e3\nXint0x80_syscall() at Xint0x80_syscall+0x20\n--- syscall (54, FreeBSD ELF32, ioctl), eip = 0x481abf03, esp = 0xbfbfbc3c, ebp = 0xbfbfbc58 ---\n\n2nd\n\nlock order reversal:\n 1st 0xc568715c rtentry (rtentry) @ /usr/cvsup/7-stable/src/sys/net/route.c:1020\n 2nd 0xc0a0c708 ifnet (ifnet) @ /usr/cvsup/7-stable/src/sys/net/if.c:176\nKDB: stack backtrace:\ndb_trace_self_wrapper(c0923147,c42a65d4,c0643355,c0924722,c0a0c708,...) at db_trace_self_wrapper+0x26\nkdb_backtrace(c0924722,c0a0c708,c093a967,c093a967,c092a5a0,...) at kdb_backtrace+0x29\nwitness_checkorder(c0a0c708,9,c092a5a0,b0,c5729928,...) at witness_checkorder+0x5e5\n_mtx_lock_flags(c0a0c708,0,c092a5a0,b0,1,...) at _mtx_lock_flags+0x34\nifnet_byindex(1,c5729940,c5729900,c42a6650,0,...) at ifnet_byindex+0x2f\nsa6_recoverscope(c42a667c,0,c081f752,1c1c,0,...) at sa6_recoverscope+0x95\nnd6_is_new_addr_neighbor(c4694400,d22df600,c47a374c,8,c47a3700,...) at nd6_is_new_addr_neighbor+0x55\nnd6_rtrequest(b,c56870f8,c42a6794,c56870f8,c42a6760,...) at nd6_rtrequest+0x5d\nrtrequest1_fib(b,c42a6794,c42a6828,0,0,...) at rtrequest1_fib+0x6fd\nrtrequest_fib(b,c42a68a0,0,0,0,...) at rtrequest_fib+0x5e\nrtalloc1_fib(c42a68a0,1,0,0,c42a68cc,...) at rtalloc1_fib+0x103\nrtalloc1(c42a68a0,1,0,387,c44c8690,...) at rtalloc1+0x27\nnd6_lookup(c42a69b8,1,c4694400,c0974e20,0,...) at nd6_lookup+0x55\nnd6_cache_lladdr(c4694400,c42a69b8,c5b0205e,8,85,...) at nd6_cache_lladdr+0x7e\nnd6_rs_input(c4956d00,28,10,1,1c,...) at nd6_rs_input+0x2b4\nicmp6_input(c42a6c84,c42a6c6c,3a,1bc,0,...) at icmp6_input+0x19c0\nip6_input(c5acd700,0,c092b306,8c,c0a0d264,...) at ip6_input+0xe2c\nnetisr_processqueue(c09b9cb0,0,c092b306,f6,c4496b00,...) at netisr_processqueue+0x8b\nswi_net(0,0,c091e3dc,4b6,c45056e8,...) at swi_net+0x9b\nithread_loop(c44c5700,c42a6d38,c091e1d8,322,c44c62b8,...) at ithread_loop+0x155\nfork_exit(c05f0810,c44c5700,c42a6d38) at fork_exit+0x94\nfork_trampoline() at fork_trampoline+0x8\n\nFull dmesg follows\n\nCopyright (c) 1992-2009 The FreeBSD Project.\nCopyright (c) 1979, 1980, 1983, 1986, 1988, 1989, 1991, 1992, 1993, 1994\n\tThe Regents of the University of California. All rights reserved.\nFreeBSD is a registered trademark of The FreeBSD Foundation.\nFreeBSD 7.1-STABLE #58: Tue Mar 17 14:39:08 CET 2009\n    root@helium.verweg.com:/usr/obj/usr/cvsup/7-stable/src/sys/HELIUM-SMP\nWARNING: WITNESS option enabled, expect reduced performance.\nTimecounter \"i8254\" frequency 1193182 Hz quality 0\nCPU: Intel(R) Pentium(R) 4 CPU 3.00GHz (2993.02-MHz 686-class CPU)\n  Origin = \"GenuineIntel\"  Id = 0xf29  Stepping = 9\n  Features=0xbfebfbff\u003cFPU,VME,DE,PSE,TSC,MSR,PAE,MCE,CX8,APIC,SEP,MTRR,PGE,MCA,CMOV,PAT,PSE36,CLFLUSH,DTS,ACPI,MMX,FXSR,SSE,SSE2,SS,HTT,TM,PBE\u003e\n  Features2=0x4400\u003cCNXT-ID,xTPR\u003e\n  Logical CPUs per core: 2\nreal memory  = 1072627712 (1022 MB)\navail memory = 1031323648 (983 MB)\nACPI APIC Table: \u003cXPC    AWRDACPI\u003e\nFreeBSD/SMP: Multiprocessor System Detected: 2 CPUs\n cpu0 (BSP): APIC ID:  0\n cpu1 (AP): APIC ID:  1\nWITNESS: spin lock cpuset not in order list\nWITNESS: spin lock intrcnt not in order list\nioapic0: Changing APIC ID to 2\nioapic0 \u003cVersion 1.1\u003e irqs 0-23 on motherboard\nkbd1 at kbdmux0\nWITNESS: spin lock ctl.rm_mtx not in order list\ncryptosoft0: \u003csoftware crypto\u003e on motherboard\nacpi0: \u003cXPC AWRDACPI\u003e on motherboard\nacpi0: Overriding SCI Interrupt from IRQ 9 to IRQ 21\nacpi0: [ITHREAD]\nacpi0: Power Button (fixed)\nacpi0: reservation of 0, a0000 (3) failed\nacpi0: reservation of 100000, 3fdf0000 (3) failed\nTimecounter \"ACPI-fast\" frequency 3579545 Hz quality 1000\nacpi_timer0: \u003c32-bit timer at 3.579545MHz\u003e port 0x4008-0x400b on acpi0\nacpi_button0: \u003cPower Button\u003e on acpi0\npcib0: \u003cACPI Host-PCI bridge\u003e port 0xcf8-0xcff on acpi0\npci0: \u003cACPI PCI bus\u003e on pcib0\nagp0: \u003cATI RS300_200 AGP bridge\u003e on hostb0\npcib1: \u003cACPI PCI-PCI bridge\u003e at device 1.0 on pci0\npci1: \u003cACPI PCI bus\u003e on pcib1\nvgapci0: \u003cVGA-compatible display\u003e mem 0xe4000000-0xe4ffffff,0xd0000000-0xdfffffff,0xe5000000-0xe5ffffff irq 16 at device 5.0 on pci1\nnvidia0: \u003cGeForce 6200 A-LE\u003e on vgapci0\nvgapci0: child nvidia0 requested pci_enable_busmaster\nvgapci0: child nvidia0 requested pci_enable_io\nvgapci0: child nvidia0 requested pci_enable_io\nnvidia0: [GIANT-LOCKED]\nnvidia0: [ITHREAD]\nWITNESS: spin lock dev.rm_mtx not in order list\nohci0: \u003cOHCI (generic) USB controller\u003e mem 0xe7100000-0xe7100fff irq 19 at device 19.0 on pci0\nohci0: [GIANT-LOCKED]\nohci0: [ITHREAD]\nusb0: OHCI version 1.0, legacy support\nusb0: SMM does not respond, resetting\nusb0: \u003cOHCI (generic) USB controller\u003e on ohci0\nusb0: USB revision 1.0\nuhub0: \u003cATI OHCI root hub, class 9/0, rev 1.00/1.00, addr 1\u003e on usb0\nuhub0: 3 ports with 3 removable, self powered\nohci1: \u003cOHCI (generic) USB controller\u003e mem 0xe7101000-0xe7101fff irq 19 at device 19.1 on pci0\nohci1: [GIANT-LOCKED]\nohci1: [ITHREAD]\nusb1: OHCI version 1.0, legacy support\nusb1: SMM does not respond, resetting\nusb1: \u003cOHCI (generic) USB controller\u003e on ohci1\nusb1: USB revision 1.0\nuhub1: \u003cATI OHCI root hub, class 9/0, rev 1.00/1.00, addr 1\u003e on usb1\nuhub1: 3 ports with 3 removable, self powered\nehci0: \u003cATI SB200 USB 2.0 controller\u003e mem 0xe7102000-0xe7102fff irq 19 at device 19.2 on pci0\nehci0: [GIANT-LOCKED]\nehci0: [ITHREAD]\nusb2: EHCI version 1.0\nusb2: companion controllers, 3 ports each: usb0 usb1\nusb2: \u003cATI SB200 USB 2.0 controller\u003e on ehci0\nusb2: USB revision 2.0\nuhub2: \u003cATI EHCI root hub, class 9/0, rev 2.00/1.00, addr 1\u003e on usb2\nuhub2: 6 ports with 6 removable, self powered\numass0: \u003cLtd Winter Ver1.3, class 0/0, rev 2.00/0.05, addr 2\u003e on uhub2\npci0: \u003cserial bus, SMBus\u003e at device 20.0 (no driver attached)\natapci0: \u003cATI IXP200 UDMA100 controller\u003e port 0x1f0-0x1f7,0x3f6,0x170-0x177,0x376,0xf000-0xf00f at device 20.1 on pci0\nata0: \u003cATA channel 0\u003e on atapci0\nata0: [ITHREAD]\nata1: \u003cATA channel 1\u003e on atapci0\nata1: [ITHREAD]\nisab0: \u003cPCI-ISA bridge\u003e at device 20.3 on pci0\nisa0: \u003cISA bus\u003e on isab0\npcib2: \u003cACPI PCI-PCI bridge\u003e at device 20.4 on pci0\npci2: \u003cACPI PCI bus\u003e on pcib2\natapci1: \u003cSiI SiI 3512 SATA150 controller\u003e port 0xc000-0xc007,0xc400-0xc403,0xc800-0xc807,0xcc00-0xcc03,0xd000-0xd00f mem 0xe7082000-0xe70821ff irq 17 at device 5.0 on pci2\natapci1: [ITHREAD]\nata2: \u003cATA channel 0\u003e on atapci1\nata2: [ITHREAD]\nata3: \u003cATA channel 1\u003e on atapci1\nata3: [ITHREAD]\nbfe0: \u003cBroadcom BCM4401 Fast Ethernet\u003e mem 0xe7080000-0xe7081fff irq 18 at device 6.0 on pci2\nmiibus0: \u003cMII bus\u003e on bfe0\nbmtphy0: \u003cBCM4401 10/100baseTX PHY\u003e PHY 1 on miibus0\nbmtphy0:  10baseT, 10baseT-FDX, 100baseTX, 100baseTX-FDX, auto\nbfe0: Ethernet address: 00:30:1b:b3:10:71\nbfe0: [ITHREAD]\nfwohci0: \u003cVIA Fire II (VT6306)\u003e port 0xd400-0xd47f mem 0xe7083000-0xe70837ff irq 19 at device 11.0 on pci2\nfwohci0: [FILTER]\nfwohci0: OHCI version 1.0 (ROM=1)\nfwohci0: No. of Isochronous channels is 4.\nfwohci0: EUI64 00:30:1b:b3:00:00:10:d5\nfwohci0: Phy 1394a available S400, 2 ports.\nfwohci0: Link S400, max_rec 2048 bytes.\nfirewire0: \u003cIEEE1394(FireWire) bus\u003e on fwohci0\ndcons_crom0: \u003cdcons configuration ROM\u003e on firewire0\ndcons_crom0: bus_addr 0x1488000\nfwe0: \u003cEthernet over FireWire\u003e on firewire0\nif_fwe0: Fake Ethernet address: 02:30:1b:00:10:d5\nfwe0: Ethernet address: 02:30:1b:00:10:d5\nfwip0: \u003cIP over FireWire\u003e on firewire0\nfwip0: Firewire address: 00:30:1b:b3:00:00:10:d5 @ 0xfffe00000000, S400, maxrec 2048\nsbp0: \u003cSBP-2/SCSI over FireWire\u003e on firewire0\nfwohci0: Initiate bus reset\nfwohci0: BUS reset\nfwohci0: node_id=0xc800ffc0, gen=1, CYCLEMASTER mode\npcm0: \u003cATI IXP 200\u003e mem 0xe7105000-0xe71050ff irq 17 at device 20.5 on pci0\npcm0: [ITHREAD]\nacpi_tz0: \u003cThermal Zone\u003e on acpi0\nsio0: \u003c16550A-compatible COM port\u003e port 0x3f8-0x3ff irq 4 flags 0x10 on acpi0\nsio0: type 16550A\nsio0: [FILTER]\ncpu0: \u003cACPI CPU\u003e on acpi0\np4tcc0: \u003cCPU Frequency Thermal Control\u003e on cpu0\ncpu1: \u003cACPI CPU\u003e on acpi0\np4tcc1: \u003cCPU Frequency Thermal Control\u003e on cpu1\npmtimer0 on isa0\natkbdc0: \u003cKeyboard controller (i8042)\u003e at port 0x60,0x64 on isa0\natkbd0: \u003cAT Keyboard\u003e flags 0x1 irq 1 on atkbdc0\ndevice_attach: atkbd0 attach returned 6\nppc0: parallel port not found.\nsc0: \u003cSystem console\u003e at flags 0x100 on isa0\nsc0: VGA \u003c16 virtual consoles, flags=0x300\u003e\nsio1: configured irq 3 not in bitmap of probed irqs 0\nsio1: port may not be enabled\nvga0: \u003cGeneric ISA VGA\u003e at port 0x3c0-0x3df iomem 0xa0000-0xbffff on isa0\nukbd0: \u003cLogitech USB Receiver, class 0/0, rev 1.10/17.00, addr 2\u003e on uhub0\nkbd0 at ukbd0\nums0: \u003cLogitech USB Receiver, class 0/0, rev 1.10/17.00, addr 2\u003e on uhub0\nums0: 16 buttons and Z dir.\nNULL mp in getnewvnode()\nTimecounters tick every 1.000 msec\nIPsec: Initialized Security Association Processing.\nfirewire0: 1 nodes, maxhop \u003c= 0, cable IRM = 0 (me)\nfirewire0: bus manager 0 (me)\nad0: 157066MB \u003cHitachi HDS722516VLAT80 V34OA6EA\u003e at ata0-master UDMA100\nacd0: DVDR \u003cNEC DVD RW ND-3500AG/2.16\u003e at ata1-master UDMA33\npcm0: \u003cAvance Logic ALC650 AC97 Codec\u003e\nGEOM_LABEL: Label for provider ad0s1a is ufs/root.\nGEOM_LABEL: Label for provider ad0s1d is ufs/var.\nGEOM_LABEL: Label for provider ad0s1e is ufs/usr.\nGEOM_LABEL: Label for provider ad0s1f is ufs/jail.\n(probe8:ata1:0:0:0): TEST UNIT READY. CDB: 0 0 0 0 0 0 \n(probe8:ata1:0:0:0): CAM Status: SCSI Status Error\n(probe8:ata1:0:0:0): SCSI Status: Check Condition\n(probe8:ata1:0:0:0): NOT READY asc:3a,0\n(probe8:ata1:0:0:0): Medium not present sks:0x80,0xffff\n(probe8:ata1:0:0:0): Unretryable error\n(probe0:umass-sim0:0:0:0): TEST UNIT READY. CDB: 0 0 0 0 0 0 \n(probe0:umass-sim0:0:0:0): CAM Status: SCSI Status Error\n(probe0:umass-sim0:0:0:0): SCSI Status: Check Condition\n(probe0:umass-sim0:0:0:0): NOT READY asc:3a,0\n(probe0:umass-sim0:0:0:0): Medium not present\n(probe0:umass-sim0:0:0:0): Unretryable error\n(probe0:umass-sim0:0:0:1): TEST UNIT READY. CDB: 0 20 0 0 0 0 \n(probe0:umass-sim0:0:0:1): CAM Status: SCSI Status Error\n(probe0:umass-sim0:0:0:1): SCSI Status: Check Condition\n(probe0:umass-sim0:0:0:1): NOT READY asc:3a,0\n(probe0:umass-sim0:0:0:1): Medium not present\n(probe0:umass-sim0:0:0:1): Unretryable error\nSMP: AP CPU #1 Launched!\nWARNING: WITNESS option enabled, expect reduced performance.\ncd0 at ata1 bus 0 target 0 lun 0\ncd0: \u003c_NEC DVD_RW ND-3500AG 2.16\u003e Removable CD-ROM SCSI-0 device \ncd0: 33.000MB/s transfers\ncd0: Attempt to query device size failed: NOT READY, Medium not present\nda0 at umass-sim0 bus 0 target 0 lun 0\nda0: \u003cUSB2.0 CardReader CF RW 0.0\u003e\u003e Removable Direct Access SCSI-0 device \nda0: 40.000MB/s transfers\nda0: Attempt to query device size failed: NOT READY, Medium not present\nda1 at umass-sim0 bus 0 target 0 lun 1\nda1: \u003cUSB2.0 CardReader Combo 0.0\u003e\u003e Removable Direct Access SCSI-0 device \nda1: 40.000MB/s transfers\nda1: Attempt to query device size failed: NOT READY, Medium not present\nTrying to mount root from ufs:/dev/vol/root\nGEOM_LABEL: Label ufs/root removed.\nGEOM_LABEL: Label for provider ad0s1a is ufs/root.\nGEOM_LABEL: Label ufs/usr removed.\nGEOM_LABEL: Label ufs/jail removed.\nGEOM_LABEL: Label for provider ad0s1f is ufs/jail.\nGEOM_LABEL: Label for provider ad0s1e is ufs/usr.\nGEOM_LABEL: Label ufs/var removed.\nGEOM_LABEL: Label for provider ad0s1d is ufs/var.\nGEOM_LABEL: Label ufs/root removed.\nGEOM_LABEL: Label ufs/usr removed.\nGEOM_LABEL: Label ufs/jail removed.\nGEOM_LABEL: Label ufs/var removed.\nThis module (opensolaris) contains code covered by the\nCommon Development and Distribution License (CDDL)\nsee http://opensolaris.org/os/licensing/opensolaris_license/\nWARNING: ZFS is considered to be an experimental feature in FreeBSD.\nZFS filesystem version 6\nZFS storage pool version 6\nlock order reversal:\n 1st 0xc099e28c pf task mtx (pf task mtx) @ /usr/cvsup/7-stable/src/sys/contrib/pf/net/pf_ioctl.c:1394\n 2nd 0xc0a0c708 ifnet (ifnet) @ /usr/cvsup/7-stable/src/sys/net/if.c:1574\nKDB: stack backtrace:\ndb_trace_self_wrapper(c0923147,e6cd4a34,c0643355,c0924722,c0a0c708,...) at db_trace_self_wrapper+0x26\nkdb_backtrace(c0924722,c0a0c708,c093a967,c093a967,c092a5a0,...) at kdb_backtrace+0x29\nwitness_checkorder(c0a0c708,9,c092a5a0,626,201,...) at witness_checkorder+0x5e5\n_mtx_lock_flags(c0a0c708,0,c092a5a0,626,c5727000,...) at _mtx_lock_flags+0x34\nifunit(c5727000,c5727000,e0,572,c0924322,...) at ifunit+0x2f\npfioctl(c47a3600,c0ec442d,c5602900,3,c4cce690,...) at pfioctl+0x27f1\ndevfs_ioctl_f(c4a1e04c,c0ec442d,c5602900,c44b3000,c4cce690,...) at devfs_ioctl_f+0xf5\nkern_ioctl(c4cce690,3,c0ec442d,c5602900,1000000,...) at kern_ioctl+0x243\nioctl(c4cce690,e6cd4cfc,c,c09384e2,c0966f50,...) at ioctl+0x134\nsyscall(e6cd4d38) at syscall+0x2e3\nXint0x80_syscall() at Xint0x80_syscall+0x20\n--- syscall (54, FreeBSD ELF32, ioctl), eip = 0x481abf03, esp = 0xbfbfbc3c, ebp = 0xbfbfbc58 ---\n\nHow-To-Repeat: \nRun with pf enabled, configuration is at http://ruben.is.verweg.com/stuff/freebsd/pf-helium.conf"
}