{
 "id": 443082,
 "bug_id": 123202,
 "attachment_id": 0,
 "creation_time": "2008-04-29T10:00:12Z",
 "creator": "j@pureftpd.org",
 "text": " Since if_re changes were MFC'd on April 22, the NIC just stops working after\n a while. The system doesn't freeze, the kernel remains silent, but no more\n packets are passing though.\n \n It happens from one hour to 24 hours after the system has been rebooted, and\n it doesn't seem to be related to the actual traffic.\n \n Reverting if_re.c/if_rlreg.h to Revision 1.67.2.2 fixes this.\n\nHow-To-Repeat: Here's a dmesg.\n\nCopyright (c) 1992-2008 The FreeBSD Project.\nCopyright (c) 1979, 1980, 1983, 1986, 1988, 1989, 1991, 1992, 1993, 1994\n\tThe Regents of the University of California. All rights reserved.\nFreeBSD is a registered trademark of The FreeBSD Foundation.\nFreeBSD 7.0-STABLE #6: Mon Apr 28 16:25:27 CEST 2008\n    root@chiffon:/usr/obj/usr/src/sys/SMP\nTimecounter \"i8254\" frequency 1193182 Hz quality 0\nCPU: Intel(R) Core(TM)2 Duo CPU     E6750  @ 2.66GHz (2669.29-MHz 686-class CPU)\n  Origin = \"GenuineIntel\"  Id = 0x6fb  Stepping = 11\n  Features=0xbfebfbff\u003cFPU,VME,DE,PSE,TSC,MSR,PAE,MCE,CX8,APIC,SEP,MTRR,PGE,MCA,CMOV,PAT,PSE36,CLFLUSH,DTS,ACPI,MMX,FXSR,SSE,SSE2,SS,HTT,TM,PBE\u003e\n  Features2=0xe3fd\u003cSSE3,RSVD2,MON,DS_CPL,VMX,SMX,EST,TM2,SSSE3,CX16,xTPR,PDCM\u003e\n  AMD Features=0x20000000\u003cLM\u003e\n  AMD Features2=0x1\u003cLAHF\u003e\n  Cores per package: 2\nreal memory  = 2136997888 (2038 MB)\navail memory = 2079780864 (1983 MB)\nACPI APIC Table: \u003cINTEL DG31PR\u003e\nFreeBSD/SMP: Multiprocessor System Detected: 2 CPUs\n cpu0 (BSP): APIC ID:  0\n cpu1 (AP): APIC ID:  1\nioapic0 \u003cVersion 2.0\u003e irqs 0-23 on motherboard\nkbd1 at kbdmux0\nath_hal: 0.9.20.3 (AR5210, AR5211, AR5212, RF5111, RF5112, RF2413, RF5413)\nacpi0: \u003cINTEL\u003e on motherboard\nacpi0: [ITHREAD]\nacpi0: Power Button (fixed)\nTimecounter \"ACPI-fast\" frequency 3579545 Hz quality 1000\nacpi_timer0: \u003c24-bit timer at 3.579545MHz\u003e port 0x408-0x40b on acpi0\nacpi_hpet0: \u003cHigh Precision Event Timer\u003e iomem 0xfed00000-0xfed003ff on acpi0\nTimecounter \"HPET\" frequency 14318180 Hz quality 900\ncpu0: \u003cACPI CPU\u003e on acpi0\nest0: \u003cEnhanced SpeedStep Frequency Control\u003e on cpu0\nest: CPU supports Enhanced Speedstep, but is not recognized.\nest: cpu_vendor GenuineIntel, msr 82a082a0600082a\ndevice_attach: est0 attach returned 6\np4tcc0: \u003cCPU Frequency Thermal Control\u003e on cpu0\ncpu1: \u003cACPI CPU\u003e on acpi0\nest1: \u003cEnhanced SpeedStep Frequency Control\u003e on cpu1\nest: CPU supports Enhanced Speedstep, but is not recognized.\nest: cpu_vendor GenuineIntel, msr 82a082a0600082a\ndevice_attach: est1 attach returned 6\np4tcc1: \u003cCPU Frequency Thermal Control\u003e on cpu1\npcib0: \u003cACPI Host-PCI bridge\u003e port 0xcf8-0xcff on acpi0\npci0: \u003cACPI PCI bus\u003e on pcib0\npcib1: \u003cACPI PCI-PCI bridge\u003e irq 16 at device 1.0 on pci0\npci1: \u003cACPI PCI bus\u003e on pcib1\nvgapci0: \u003cVGA-compatible display\u003e port 0xd140-0xd147 mem 0xfeb00000-0xfeb7ffff,0xc0000000-0xdfffffff,0xfe900000-0xfe9fffff irq 16 at device 2.0 on pci0\npcib2: \u003cACPI PCI-PCI bridge\u003e irq 16 at device 28.0 on pci0\npci2: \u003cACPI PCI bus\u003e on pcib2\npcib3: \u003cACPI PCI-PCI bridge\u003e irq 17 at device 28.1 on pci0\npci3: \u003cACPI PCI bus\u003e on pcib3\nre0: \u003cRealTek 8168/8111B PCIe Gigabit Ethernet\u003e port 0xc000-0xc0ff mem 0xfea20000-0xfea20fff irq 17 at device 0.0 on pci3\nre0: Using 2 MSI messages\nmiibus0: \u003cMII bus\u003e on re0\nrgephy0: \u003cRTL8169S/8110S/8211B media interface\u003e PHY 1 on miibus0\nrgephy0:  10baseT, 10baseT-FDX, 100baseTX, 100baseTX-FDX, 1000baseT, 1000baseT-FDX, auto\nre0: Ethernet address: 00:19:d1:b3:fc:69\nre0: [FILTER]\nre0: [FILTER]\nuhci0: \u003cUHCI (generic) USB controller\u003e port 0xd080-0xd09f irq 23 at device 29.0 on pci0\nuhci0: [GIANT-LOCKED]\nuhci0: [ITHREAD]\nusb0: \u003cUHCI (generic) USB controller\u003e on uhci0\nusb0: USB revision 1.0\nuhub0: \u003cIntel UHCI root hub, class 9/0, rev 1.00/1.00, addr 1\u003e on usb0\nuhub0: 2 ports with 2 removable, self powered\nuhci1: \u003cUHCI (generic) USB controller\u003e port 0xd060-0xd07f irq 19 at device 29.1 on pci0\nuhci1: [GIANT-LOCKED]\nuhci1: [ITHREAD]\nusb1: \u003cUHCI (generic) USB controller\u003e on uhci1\nusb1: USB revision 1.0\nuhub1: \u003cIntel UHCI root hub, class 9/0, rev 1.00/1.00, addr 1\u003e on usb1\nuhub1: 2 ports with 2 removable, self powered\nuhci2: \u003cUHCI (generic) USB controller\u003e port 0xd040-0xd05f irq 18 at device 29.2 on pci0\nuhci2: [GIANT-LOCKED]\nuhci2: [ITHREAD]\nusb2: \u003cUHCI (generic) USB controller\u003e on uhci2\nusb2: USB revision 1.0\nuhub2: \u003cIntel UHCI root hub, class 9/0, rev 1.00/1.00, addr 1\u003e on usb2\nuhub2: 2 ports with 2 removable, self powered\nuhci3: \u003cUHCI (generic) USB controller\u003e port 0xd020-0xd03f irq 16 at device 29.3 on pci0\nuhci3: [GIANT-LOCKED]\nuhci3: [ITHREAD]\nusb3: \u003cUHCI (generic) USB controller\u003e on uhci3\nusb3: USB revision 1.0\nuhub3: \u003cIntel UHCI root hub, class 9/0, rev 1.00/1.00, addr 1\u003e on usb3\nuhub3: 2 ports with 2 removable, self powered\nehci0: \u003cIntel 82801GB/R (ICH7) USB 2.0 controller\u003e mem 0xfeb80000-0xfeb803ff irq 23 at device 29.7 on pci0\nehci0: [GIANT-LOCKED]\nehci0: [ITHREAD]\nusb4: EHCI version 1.0\nusb4: companion controllers, 2 ports each: usb0 usb1 usb2 usb3\nusb4: \u003cIntel 82801GB/R (ICH7) USB 2.0 controller\u003e on ehci0\nusb4: USB revision 2.0\nuhub4: \u003cIntel EHCI root hub, class 9/0, rev 2.00/1.00, addr 1\u003e on usb4\nuhub4: 8 ports with 8 removable, self powered\npcib4: \u003cACPI PCI-PCI bridge\u003e at device 30.0 on pci0\npci4: \u003cACPI PCI bus\u003e on pcib4\ntwe0: \u003c3ware Storage Controller. Driver version 1.50.01.002\u003e port 0xb000-0xb00f mem 0xfe810000-0xfe81000f,0xfe000000-0xfe7fffff irq 21 at device 6.0 on pci4\ntwe0: [GIANT-LOCKED]\ntwe0: [ITHREAD]\ntwe0: 2 ports, Firmware FE8S 1.05.00.068, BIOS BE7X 1.08.00.048\nisab0: \u003cPCI-ISA bridge\u003e at device 31.0 on pci0\nisa0: \u003cISA bus\u003e on isab0\natapci0: \u003cIntel ICH7 UDMA100 controller\u003e port 0x1f0-0x1f7,0x3f6,0x170-0x177,0x376,0xd0f0-0xd0ff irq 16 at device 31.1 on pci0\nata0: \u003cATA channel 0\u003e on atapci0\nata0: [ITHREAD]\nata1: \u003cATA channel 1\u003e on atapci0\nata1: [ITHREAD]\natapci1: \u003cIntel ICH7 SATA300 controller\u003e port 0xd0e0-0xd0e7,0xd0d0-0xd0d3,0xd0c0-0xd0c7,0xd0b0-0xd0b3,0xd0a0-0xd0af irq 17 at device 31.2 on pci0\natapci1: [ITHREAD]\nata2: \u003cATA channel 0\u003e on atapci1\nata2: [ITHREAD]\nata3: \u003cATA channel 1\u003e on atapci1\nata3: [ITHREAD]\npci0: \u003cserial bus, SMBus\u003e at device 31.3 (no driver attached)\nacpi_button0: \u003cSleep Button\u003e on acpi0\nacpi_button1: \u003cPower Button\u003e on acpi0\nsio0: \u003c16550A-compatible COM port\u003e port 0x3f8-0x3ff irq 4 flags 0x10 on acpi0\nsio0: type 16550A\nsio0: [FILTER]\npmtimer0 on isa0\norm0: \u003cISA Option ROMs\u003e at iomem 0xcb800-0xcc7ff,0xcc800-0xcd7ff pnpid ORM0000 on isa0\natkbdc0: \u003cKeyboard controller (i8042)\u003e at port 0x60,0x64 on isa0\natkbd0: \u003cAT Keyboard\u003e irq 1 on atkbdc0\nkbd0 at atkbd0\natkbd0: [GIANT-LOCKED]\natkbd0: [ITHREAD]\nppc0: parallel port not found.\nsc0: \u003cSystem console\u003e at flags 0x100 on isa0\nsc0: VGA \u003c16 virtual consoles, flags=0x300\u003e\nsio1: configured irq 3 not in bitmap of probed irqs 0\nsio1: port may not be enabled\nvga0: \u003cGeneric ISA VGA\u003e at port 0x3c0-0x3df iomem 0xa0000-0xbffff on isa0\nTimecounters tick every 1.000 msec\ntwed0: \u003cUnit 0, TwinStor, Normal\u003e on twe0\ntwed0: 238474MB (488395120 sectors)\nSMP: AP CPU #1 Launched!\nTrying to mount root from ufs:/dev/twed0s1a\nre0: link state changed to UP"
}