{
 "id": 629154,
 "bug_id": 160691,
 "attachment_id": 0,
 "creation_time": "2011-09-13T01:10:09Z",
 "creator": "freebsd-prs@brettglass.com",
 "text": "Just put FreeBSD 8.1 up on an old (but good) 500 MHz Celeron with half a gig of RAM. Interfaces are classic xl (3Com) and dc (DEC tulip). Works quite nicely except for one quirk: ping times that ought to be positive (no more than 200 ms worst case) are coming out negative! System stability is also a bit dicey; have seen several complete system hangs with no messages indicating the cause. \ndmesg output is as follows:\n\nCopyright (c) 1992-2010 The FreeBSD Project.\nCopyright (c) 1979, 1980, 1983, 1986, 1988, 1989, 1991, 1992, 1993, 1994\n        The Regents of the University of California. All rights reserved.\nFreeBSD is a registered trademark of The FreeBSD Foundation.\nFreeBSD 8.1-RELEASE-p2 #5: Fri Apr 15 16:10:53 MST 2011\n    brett@washington.lariat.net:/usr/obj/usr/src/sys/WASHINGTON i386\nTimecounter \"i8254\" frequency 1193182 Hz quality 0\nCPU: Pentium II/Pentium II Xeon/Celeron (501.14-MHz 686-class CPU)\n  Origin = \"GenuineIntel\"  Id = 0x665  Family = 6  Model = 6  Stepping = 5\n  Features=0x183f9ff\u003cFPU,VME,DE,PSE,TSC,MSR,PAE,MCE,CX8,SEP,MTRR,PGE,MCA,CMOV,PAT,PSE36,MMX,FXSR\u003e\nreal memory  = 536870912 (512 MB)\navail memory = 515813376 (491 MB)\nacpi0: \u003cAMIINT AMIINT10\u003e on motherboard\nacpi0: [ITHREAD]\nacpi0: Power Button (fixed)\nTimecounter \"ACPI-safe\" frequency 3579545 Hz quality 850\nacpi_timer0: \u003c24-bit timer at 3.579545MHz\u003e port 0x408-0x40b on acpi0\ncpu0: \u003cACPI CPU\u003e on acpi0\npcib0: \u003cACPI Host-PCI bridge\u003e port 0xcf8-0xcff on acpi0\npci0: \u003cACPI PCI bus\u003e on pcib0\natapci0: \u003cSiS 620 UDMA66 controller\u003e port 0x1f0-0x1f7,0x3f6,0x170-0x177,0x376,0xffa0-0xffaf at devic\ne 0.1 on pci0\nata0: \u003cATA channel 0\u003e on atapci0\nata0: [ITHREAD]\nata1: \u003cATA channel 1\u003e on atapci0\nata1: [ITHREAD]\nisab0: \u003cPCI-ISA bridge\u003e at device 1.0 on pci0\nisa0: \u003cISA bus\u003e on isab0\npci0: \u003cunknown\u003e at device 1.1 (no driver attached)\npci0: \u003cserial bus, USB\u003e at device 1.2 (no driver attached)\npcib1: \u003cPCI-PCI bridge\u003e at device 2.0 on pci0\npci1: \u003cPCI bus\u003e on pcib1\nvgapci0: \u003cVGA-compatible display\u003e port 0xbc00-0xbc7f mem 0xee800000-0xeeffffff,0xef6f0000-0xef6fffff\n irq 11 at device 0.0 on pci1\nxl0: \u003c3Com 3c905C-TX Fast Etherlink XL\u003e port 0xdc00-0xdc7f mem 0xefffaf80-0xefffafff irq 11 at devic\ne 8.0 on pci0\nmiibus0: \u003cMII bus\u003e on xl0\nxlphy0: \u003c3c905C 10/100 internal PHY\u003e PHY 24 on miibus0\nxlphy0:  10baseT, 10baseT-FDX, 100baseTX, 100baseTX-FDX, auto\nxl0: Ethernet address: 00:01:03:be:8b:c1\nxl0: [ITHREAD]\ndc0: \u003cADMtek AN985 10/100BaseTX\u003e port 0xd800-0xd8ff mem 0xefffa800-0xefffabff irq 12 at device 9.0 o\nn pci0\nmiibus1: \u003cMII bus\u003e on dc0\nukphy0: \u003cGeneric IEEE 802.3u media interface\u003e PHY 1 on miibus1\nukphy0:  10baseT, 10baseT-FDX, 100baseTX, 100baseTX-FDX, auto\ndc0: Ethernet address: 00:14:bf:5b:f5:ed\ndc0: [ITHREAD]\nxl1: \u003c3Com 3c905B-TX Fast Etherlink XL\u003e port 0xd400-0xd47f mem 0xefffaf00-0xefffaf7f irq 9 at device\n 10.0 on pci0\nmiibus2: \u003cMII bus\u003e on xl1\nxlphy1: \u003c3Com internal media interface\u003e PHY 24 on miibus2\nxlphy1:  10baseT, 10baseT-FDX, 100baseTX, 100baseTX-FDX, auto\nxl1: Ethernet address: 00:40:ca:97:13:7a\nxl1: [ITHREAD]\nacpi_button0: \u003cPower Button\u003e on acpi0\nacpi_button0: enable wake failed\natrtc0: \u003cAT realtime clock\u003e port 0x70-0x71 irq 8 on acpi0\norm0: \u003cISA Option ROMs\u003e at iomem 0xc0000-0xc7fff,0xc8000-0xc87ff,0xc8800-0xd7fff pnpid ORM0000 on is\na0\nsc0: \u003cSystem console\u003e at flags 0x100 on isa0\nsc0: VGA \u003c16 virtual consoles, flags=0x300\u003e\nvga0: \u003cGeneric ISA VGA\u003e at port 0x3c0-0x3df iomem 0xa0000-0xbffff on isa0\natkbdc0: \u003cKeyboard controller (i8042)\u003e at port 0x60,0x64 on isa0\natkbd0: \u003cAT Keyboard\u003e irq 1 on atkbdc0\nkbd0 at atkbd0\natkbd0: [GIANT-LOCKED]\natkbd0: [ITHREAD]\nTimecounter \"TSC\" frequency 501141912 Hz quality 800\nTimecounters tick every 1.000 msec\nipfw2 initialized, divert loadable, nat enabled, rule-based forwarding enabled, default to accept, l\nogging disabled\nload_dn_sched dn_sched PRIO loaded\nload_dn_sched dn_sched QFQ loaded\nload_dn_sched dn_sched RR loaded\nload_dn_sched dn_sched WF2Q+ loaded\nload_dn_sched dn_sched FIFO loaded\nad0: 9787MB \u003cQUANTUM FIREBALLlct10 10 A03.0900\u003e at ata0-master UDMA66\n\nPings, even to localhost, sometimes show show negative times:\n\n# ping localhost\nPING localhost (127.0.0.1): 56 data bytes\n64 bytes from 127.0.0.1: icmp_seq=0 ttl=64 time=-0.148 ms\n64 bytes from 127.0.0.1: icmp_seq=1 ttl=64 time=-0.151 ms\n64 bytes from 127.0.0.1: icmp_seq=2 ttl=64 time=-686.111 ms\n64 bytes from 127.0.0.1: icmp_seq=3 ttl=64 time=-0.180 ms\n64 bytes from 127.0.0.1: icmp_seq=4 ttl=64 time=0.110 ms\n64 bytes from 127.0.0.1: icmp_seq=5 ttl=64 time=686.351 ms\n64 bytes from 127.0.0.1: icmp_seq=6 ttl=64 time=-686.376 ms\n64 bytes from 127.0.0.1: icmp_seq=7 ttl=64 time=0.121 ms\n64 bytes from 127.0.0.1: icmp_seq=8 ttl=64 time=-686.402 ms\n64 bytes from 127.0.0.1: icmp_seq=9 ttl=64 time=-686.105 ms\n64 bytes from 127.0.0.1: icmp_seq=10 ttl=64 time=686.623 ms\n64 bytes from 127.0.0.1: icmp_seq=11 ttl=64 time=0.107 ms\n64 bytes from 127.0.0.1: icmp_seq=12 ttl=64 time=0.119 ms\n64 bytes from 127.0.0.1: icmp_seq=13 ttl=64 time=0.418 ms\n64 bytes from 127.0.0.1: icmp_seq=14 ttl=64 time=0.401 ms\n64 bytes from 127.0.0.1: icmp_seq=15 ttl=64 time=-0.169 ms\n64 bytes from 127.0.0.1: icmp_seq=16 ttl=64 time=0.113 ms\n64 bytes from 127.0.0.1: icmp_seq=17 ttl=64 time=0.401 ms\n64 bytes from 127.0.0.1: icmp_seq=18 ttl=64 time=-686.117 ms\n64 bytes from 127.0.0.1: icmp_seq=19 ttl=64 time=0.115 ms\n64 bytes from 127.0.0.1: icmp_seq=20 ttl=64 time=0.111 ms\n\nClearly something is odd about timekeeping in this system (SiS motherboard chipset, PII-generation Celeron but still effectively a \"686\") which was not a problem when it was running FreeBSD 4.11-RELEASE (as it was before). Possible causes: Kernel now thinks all CPUs must be faster than this older chip; race condition in kernel; problems handling system timer.\n\nFix: \n\nNone known. Experimenting with different kernel options and with varying kern.hz.\nHow-To-Repeat: Install FreeBSD 8.1-RELEASE on this motherboard (SiS chipset) and ping localhost."
}