{
 "id": 1311518,
 "bug_id": 279410,
 "attachment_id": 0,
 "creation_time": "2024-05-31T21:43:56Z",
 "creator": "kibab@freebsd.org",
 "text": "Hi Andrew, sure! The full boot log:\n\nUEFI firmware (version  built at 15:54:05 on Apr  2 2024)\nEMU Variable FVB Started\nEMU Variable invalid PCD sizes\nFound PL031 RTC @ 0x9010000\nInitializeRealTimeClock: using default timezone/daylight settings\n[2J[01;01H[=3h[2J[01;01H[2J[01;01H[=3h[2J[01;01HBdsDxe: loading Boot0001 \"UEFI Misc Device\" from PciRoot(0x0)/Pci(0x2,0x0)/NVMe(0x1,00-00-00-00-00-00-00-00)\nBdsDxe: starting Boot0001 \"UEFI Misc Device\" from PciRoot(0x0)/Pci(0x2,0x0)/NVMe(0x1,00-00-00-00-00-00-00-00)\n\nUEFI: Attempting to start image.\nDescription: UEFI Misc Device\nFilePath: PciRoot(0x0)/Pci(0x2,0x0)/NVMe(0x1,00-00-00-00-00-00-00-00)\nOptionNumber: 1.\n\n[2J[01;01H[2J[01;01H[01;01HConsoles: EFI console  \n\n|/    Reading loader env vars from /efi/freebsd/loader.env\n\nSetting currdev to disk0p1:\n\nFreeBSD/arm64 EFI loader, Revision 1.1\n\n\n\n   Command line arguments: loader.efi\n\n   Image base: 0x13c4c0000\n\n   EFI version: 2.70\n\n   EFI Firmware: EDK II (rev 1.00)\n\n   Console: efi (0x1000)\n\n   Load Path: \\EFI\\BOOT\\BOOTAA64.EFI\n\n   Load Device: PciRoot(0x0)/Pci(0x2,0x0)/NVMe(0x1,00-00-00-00-00-00-00-00)/HD(1,GPT,FE6C0EE6-1911-11EF-8459-0CC47ADA5F32,0x22,0x10418)\n\n   BootCurrent: 0001\n\n   BootOrder: 0001[*] 0000\n\n   BootInfo Path: PciRoot(0x0)/Pci(0x2,0x0)/NVMe(0x1,00-00-00-00-00-00-00-00)\n\nIgnoring Boot0001: Only one DP found\n\nTrying ESP: PciRoot(0x0)/Pci(0x2,0x0)/NVMe(0x1,00-00-00-00-00-00-00-00)/HD(1,GPT,FE6C0EE6-1911-11EF-8459-0CC47ADA5F32,0x22,0x10418)\n\nSetting currdev to disk0p1:\n\n-Trying: PciRoot(0x0)/Pci(0x2,0x0)/NVMe(0x1,00-00-00-00-00-00-00-00)/HD(2,GPT,FE6C0EED-1911-11EF-8459-0CC47ADA5F32,0x1043A,0x200000)\n\nSetting currdev to disk0p2:\n\n\\Trying: PciRoot(0x0)/Pci(0x2,0x0)/NVMe(0x1,00-00-00-00-00-00-00-00)/HD(3,GPT,FE6C0EF0-1911-11EF-8459-0CC47ADA5F32,0x21043A,0x800000)\n\n|Setting currdev to zfs:zroot/ROOT/default:\n\n/-\\|/-\\|/-\\|/-\\|/-\\|/-\\|/-\\|/-\\|/[27;01H-\\|/-\\Loading /boot/defaults/loader.conf\n\n|Loading /boot/defaults/loader.conf\n\nLoading /boot/device.hints\n\n/-Loading /boot/loader.conf\n\nconsole vidconsole is unavailable\n\nconsole vidconsole is unavailable\n\n\\Loading /boot/loader.conf.local\n\n|/-\\[2J[01;01H[01;01H?c|/Loading kernel...\n\n-\\|/boot/kernel/kernel text=0x2a8 text=0x9db150 /-\\text=0x261054 data=0x150cb8 |data=0x0+0x2bc000 0x8+0x1516b0+0x8+0x17a5c2\n\nLoading configured modules...\n\n/-\\can't find '/boot/entropy'\n\n|/-\\|/-\\|/-\\|/-\\|/-\\|/-\\|/-\\|/-\\can't find 'aesni'\n\n|//boot/kernel/zfs.ko text=0xacd30 text=0x207b90 -data=0x2ce30+0xaabe4 0x8+0x34db8+0x8+0x2e521\n\n\\|can't find '/etc/hostid'\n\n/\n\n\nBooting [/boot/kernel/kernel]...               \n\nNo valid device tree blob found!\n\nWARNING! Trying to fire up the kernel, but no device tree blob found!\n\n---\u003c\u003cBOOT\u003e\u003e---\nCopyright (c) 1992-2023 The FreeBSD Project.\nCopyright (c) 1979, 1980, 1983, 1986, 1988, 1989, 1991, 1992, 1993, 1994\n\tThe Regents of the University of California. All rights reserved.\nFreeBSD is a registered trademark of The FreeBSD Foundation.\nFreeBSD 14.1-BETA1 releng/14.1-n267604-25c2d762af7a GENERIC arm64\nFreeBSD clang version 18.1.4 (https://github.com/llvm/llvm-project.git llvmorg-18.1.4-0-ge6c3289804a6)\nSRAT: Ignoring memory at addr 0x0\nVT: init without driver.\nmodule scmi already present!\nreal memory  = 4294967296 (4096 MB)\navail memory = 4154679296 (3962 MB)\nFreeBSD/SMP: Multiprocessor System Detected: 1 CPUs\narc4random: WARNING: initial seeding bypassed the cryptographic random device because it was not yet seeded and the knob 'bypass_before_seeding' was enabled.\nrandom: entropy device external interface\nkbd0 at kbdmux0\nacpi0: \u003cGoogle GOOGFACP\u003e\nacpi0: Power Button (fixed)\nacpi0: Sleep Button (fixed)\nacpi0: Could not update all GPEs: AE_NOT_CONFIGURED\npsci0: \u003cARM Power State Co-ordination Interface Driver\u003e on acpi0\ngic0: \u003cARM Generic Interrupt Controller v3.0\u003e iomem 0x8000000-0x800ffff,0x80a0000-0x8ffffff on acpi0\nits0: \u003cARM GIC Interrupt Translation Service\u003e mem 0x8080000-0x809ffff on gic0\ngeneric_timer0: \u003cARM Generic Timer\u003e irq 5,6,7 on acpi0\nTimecounter \"ARM MPCore Timecounter\" frequency 25000000 Hz quality 1000\nEvent timer \"ARM MPCore Eventtimer\" frequency 25000000 Hz quality 1000\nefirtc0: \u003cEFI Realtime Clock\u003e\nefirtc0: registered as a time-of-day clock, resolution 1.000000s\npmu0: \u003cPerformance Monitoring Unit\u003e on acpi0\ncpu0: \u003cACPI CPU\u003e on acpi0\nuart0: \u003cPrimeCell UART (PL011)\u003e iomem 0x9000000-0x9000fff irq 0 on acpi0\nuart0: console (9600,n,8,1)\nuart1: \u003cPrimeCell UART (PL011)\u003e iomem 0x9001000-0x9001fff irq 1 on acpi0\nuart2: \u003cPrimeCell UART (PL011)\u003e iomem 0x9002000-0x9002fff irq 2 on acpi0\nuart3: \u003cPrimeCell UART (PL011)\u003e iomem 0x9003000-0x9003fff irq 3 on acpi0\nacpi_ged0: \u003cGeneric Event Device\u003e irq 4 on acpi0\nacpi_ged0: Raw IRQ 50\nacpi_button0: \u003cPower Button\u003e on acpi0\nacpi_button1: \u003cSleep Button\u003e on acpi0\npcib0: \u003cGeneric PCI host controller\u003e on acpi0\npci0: \u003cPCI bus\u003e on pcib0\npci0: \u003cnetwork, ethernet\u003e at device 0.0 (no driver attached)\nvirtio_pci0: \u003cVirtIO PCI (legacy) Entropy adapter\u003e mem 0x10201000-0x1020103f at device 1.0 on pci0\nnvme0: \u003cGeneric NVMe Device\u003e mem 0x10000000-0x10003fff,0x10200000-0x1020003f at device 2.0 on pci0\nnvme0: unable to allocate MSI-X\narmv8crypto0: \u003cAES-CBC,AES-XTS,AES-GCM\u003e\nTimecounters tick every 1.000 msec\nZFS filesystem version: 5\nZFS storage pool version: features support (5000)\nusb_needs_explore_all: no devclass\nnvme0: temperature threshold not supported\nCPU  0: ARM Neoverse-N1 r3p1 affinity:  0\n                   Cache Type = \u003c64 byte D-cacheline,64 byte I-cacheline,PIPT ICache,64 byte ERG,64 byte CWG,IDC\u003e\n Instruction Set Attributes 0 = \u003cDP,RDM,Atomic,CRC32,SHA2,SHA1,AES+PMULL\u003e\n Instruction Set Attributes 1 = \u003cRCPC-8.3,DCPoP\u003e\n Instruction Set Attributes 2 = \u003c\u003e\n         Processor Features 0 = \u003cCSV3,CSV2,GIC,AdvSIMD+HP,FP+HP,EL3,EL2,EL1,EL0\u003e\n         Processor Features 1 = \u003cPSTATE.SSBS MSR\u003e\n      Memory Model Features 0 = \u003cTGran4,SNSMem,16bit ASID,256TB PA\u003e\n      Memory Model Features 1 = \u003cPAN+ATS1E1,LO,HPD,16bit VMID,HAF+DS\u003e\n      Memory Model Features 2 = \u003c32bit CCIDX,48bit VA,UAO,CnP\u003e\n             Debug Features 0 = \u003cMTPMU res0,2 CTX BKPTs,4 Watchpoints,6 Breakpoints,Debugv8\u003e\n             Debug Features 1 = \u003c\u003e\n         Auxiliary Features 0 = \u003c\u003e\n         Auxiliary Features 1 = \u003c\u003e\nAArch32 Instruction Set Attributes 5 = \u003c\u003e\nAArch32 Media and VFP Features 0 = \u003c\u003e\nAArch32 Media and VFP Features 1 = \u003c\u003e\nTCP_ratelimit: Is now initialized\nTrying to mount root from zfs:zroot/ROOT/default []...\nnda0 at nvme0 bus 0 scbus0 target 0 lun 1\nnda0: \u003cnvme_card-pd 2 nvme_card-pd\u003e\nnda0: Serial Number nvme_card-pd\nnda0: nvme version 1.0\nnda0: 10240MB (20971520 512 byte sectors)\nGEOM: nda0: the secondary GPT header is not in the last LBA.\nSetting hostuuid: 8c7b2107-d74c-a0ba-4e31-5747c0e41d46.\nSetting hostid: 0x51ecc71c.\nThis system supports ZFS pool feature flags.\n\nEnabled the following features on 'zroot':\n  async_destroy\n  empty_bpobj\n  lz4_compress\n  multi_vdev_crash_dump\n  spacemap_histogram\n  enabled_txg\n  hole_birth\n  extensible_dataset\n  embedded_data\n  bookmarks\n  filesystem_limits\n  large_blocks\n  large_dnode\n  sha512\n  skein\n  edonr\n  userobj_accounting\n  encryption\n  project_quota\n  device_removal\n  obsolete_counts\n  zpool_checkpoint\n  spacemap_v2\n  allocation_classes\n  resilver_defer\n  bookmark_v2\n  redaction_bookmarks\n  redacted_datasets\n  bookmark_written\n  log_spacemap\n  livelist\n  device_rebuild\n  zstd_compress\n  draid\n  zilsaxattr\n  head_errlog\n  blake3\n  block_cloning\n  vdev_zaps_v2\n\nPool 'zroot' has the bootfs property set, you might need to update\nthe boot code. See gptzfsboot(8) and loader.efi(8) for details.\nStarting file system checks:\n/dev/gpt/efiesp: FILESYSTEM CLEAN; SKIPPING CHECKS\nGrowing root partition to fill device\nnda0 recovered\nrandom: randomdev_wait_until_seeded unblock wait\nrandom: randomdev_wait_until_seeded unblock wait\nrandom: unblocking device.\nnda0p3 resized\nMounting local filesystems:.\nAutoloading module: if_gve\nAutoloading module: virtio_random\ngve0: \u003cgVNIC\u003e mem 0x10203000-0x10203fff,0x10202000-0x1020203f,0x10100000-0x101fffff at device 0.0 on pci0\ngve0: Unrecognized device option 0x5 not enabled.\ngve0: Unrecognized device option 0x6 not enabled.\ngve0: Failed to acquire any msix vectors\ngve0: No irq table, nothing to free\ngve0: No irq table, nothing to free\ngve0: No irq table, nothing to free\nFatal data abort:\n  x0: 0xffffa000ea784ba0\n  x1: 0xffffa000ea784ba0\n  x2: 0x000000000000000a\n  x3: 0x000000000000000a\n  x4: 0xffff00000088eff4\n  x5: 0x0000000000000041\n  x6: 0xffff00000052cfdc\n  x7: 0xffff0000aca301d0\n  x8: 0x0000000000000000\n  x9: 0x0000000000000000\n x10: 0x0000000000000001\n x11: 0xfefefefefefefeff\n x12: 0xffff00000a656572\n x13: 0x0000feff01000001\n x14: 0x0000000000000000\n x15: 0x0000000000000002\n x16: 0xffff0000ade2cdc0\n x17: 0xffff00000051bb70\n x18: 0xffff0000aca30330\n x19: 0xffffa000ea510018\n x20: 0x0000000000000000\n x21: 0x0000000000000006\n x22: 0x0000000080040003\n x23: 0xffff000000a22944\n x24: 0xffff000000a899c0\n x25: 0xffff000000a08e29\n x26: 0xffffa000e7a49470\n x27: 0x000000006097de09\n x28: 0x0000000000000000\n x29: 0xffff0000aca30330\n  sp: 0xffff0000aca30330\n  lr: 0xffff0000ade176fc\n elr: 0x0000000000000000\nspsr: 0x0000000060400045\n far: 0x0000000000000000\n esr: 0x0000000086000004\npanic: vm_fault failed: 0x0 error 1\ncpuid = 0\ntime = 1716533241\nKDB: stack backtrace:\n#0 0xffff000000525e30 at kdb_backtrace+0x58\n#1 0xffff0000004d0d4c at vpanic+0x198\n#2 0xffff0000004d0bb0 at panic+0x44\n#3 0xffff0000008b795c at data_abort+0x2cc\n#4 0xffff000000893814 at handle_el1h_sync+0x14\nUptime: 23s\nDumping 247 out of 4064 MB:..2%..12%..22%..31%..41%..51%..62%..72%..81%..91%\nDump complete\nAutomatic reboot in 15 seconds - press a key on the console to abort\n\n\n\n================================================\nI keep the original boot log and reproduction steps also here: https://docs.google.com/document/d/1iAVx83Hhb7jS9Q1goxZg8TflwLm2ZE2yagMdEalUkqw/edit"
}