{
 "id": 426635,
 "bug_id": 119838,
 "attachment_id": 0,
 "creation_time": "2008-01-20T21:00:05Z",
 "creator": "martin.laabs@mailbox.tu-dresden.de",
 "text": "If there is an udma[66/100/133]-able device connected with a 40-pole\ncable to the nVidia nForce2 UDMA133 controller the udma mode is not\nreduced to udma33 in the boot process. This cause transfere errors and\nmaybe data loss through wrong commands at the ata-device (even through\nthey seems to be crc-protected). It also prevents reading the partition\nand slice tables and therefore creating the according devices in the\n/dev propperly.\n\nThe reason for that might be a bug in detection of the 40-pole cable\nwhich only supports modes up to udma33 or in reducing the mode to at\nmost udma33 after detecting such a cable.\n\n\nOutput of dmesg:\n\nCopyright (c) 1992-2007 The FreeBSD Project.\nCopyright (c) 1979, 1980, 1983, 1986, 1988, 1989, 1991, 1992, 1993, 1994\n        The Regents of the University of California. All rights reserved.\nFreeBSD is a registered trademark of The FreeBSD Foundation.\nFreeBSD 6.2-RELEASE-p9 #0: Thu Nov 29 04:07:33 UTC 2007\n    root@i386-builder.daemonology.net:/usr/obj/usr/src/sys/GENERIC\nTimecounter \"i8254\" frequency 1193182 Hz quality 0\nCPU: AMD Athlon(tm) XP 2400+ (1996.98-MHz 686-class CPU)\n  Origin = \"AuthenticAMD\"  Id = 0x681  Stepping = 1\n  Features=0x383fbff\u003cFPU,VME,DE,PSE,TSC,MSR,PAE,MCE,CX8,APIC,SEP,MTRR,PGE,MCA,CMOV,PAT,PSE36,MMX,FXSR,SSE\u003e\n  AMD Features=0xc0400800\u003cSYSCALL,MMX+,3DNow+,3DNow\u003e\nreal memory  = 268369920 (255 MB)\navail memory = 253083648 (241 MB)\nmptable_probe: MP Config Table has bad signature: \\^\\\nACPI APIC Table: \u003cNvidia AWRDACPI\u003e\nioapic0 \u003cVersion 1.1\u003e irqs 0-23 on motherboard\nkbd1 at kbdmux0\nath_hal: 0.9.17.2 (AR5210, AR5211, AR5212, RF5111, RF5112, RF2413, RF5413)\nacpi0: \u003cNvidia AWRDACPI\u003e on motherboard\nacpi0: Power Button (fixed)\nTimecounter \"ACPI-fast\" frequency 3579545 Hz quality 1000\nacpi_timer0: \u003c24-bit timer at 3.579545MHz\u003e port 0x4008-0x400b on acpi0\ncpu0: \u003cACPI CPU\u003e on acpi0\nacpi_button0: \u003cPower Button\u003e on acpi0\npcib0: \u003cACPI Host-PCI bridge\u003e port 0xcf8-0xcff on acpi0\npci0: \u003cACPI PCI bus\u003e on pcib0\nCorrecting nForce2 C1 CPU disconnect hangs\nagp0: \u003cNVIDIA nForce2 AGP Controller\u003e mem 0xe8000000-0xe9ffffff at device 0.0 on pci0\npci0: \u003cmemory, RAM\u003e at device 0.1 (no driver attached)\npci0: \u003cmemory, RAM\u003e at device 0.2 (no driver attached)\npci0: \u003cmemory, RAM\u003e at device 0.3 (no driver attached)\npci0: \u003cmemory, RAM\u003e at device 0.4 (no driver attached)\npci0: \u003cmemory, RAM\u003e at device 0.5 (no driver attached)\nisab0: \u003cPCI-ISA bridge\u003e at device 1.0 on pci0\nisa0: \u003cISA bus\u003e on isab0\npci0: \u003cserial bus, SMBus\u003e at device 1.1 (no driver attached)\nohci0: \u003cOHCI (generic) USB controller\u003e mem 0xed080000-0xed080fff irq 20 at device 2.0 on pci0\nohci0: [GIANT-LOCKED]\nusb0: OHCI version 1.0, legacy support\nusb0: \u003cOHCI (generic) USB controller\u003e on ohci0\nusb0: USB revision 1.0\nuhub0: nVidia OHCI root hub, class 9/0, rev 1.00/1.00, addr 1\nuhub0: 3 ports with 3 removable, self powered\nohci1: \u003cOHCI (generic) USB controller\u003e mem 0xed082000-0xed082fff irq 21 at device 2.1 on pci0\nohci1: [GIANT-LOCKED]\nusb1: OHCI version 1.0, legacy support\nusb1: \u003cOHCI (generic) USB controller\u003e on ohci1\nusb1: USB revision 1.0\nuhub1: nVidia OHCI root hub, class 9/0, rev 1.00/1.00, addr 1\nuhub1: 3 ports with 3 removable, self powered\nehci0: \u003cNVIDIA nForce2 USB 2.0 controller\u003e mem 0xed083000-0xed0830ff irq 22 at device 2.2 on pci0\nehci0: [GIANT-LOCKED]\nusb2: EHCI version 1.0\nusb2: companion controllers, 4 ports each: usb0 usb1\nusb2: \u003cNVIDIA nForce2 USB 2.0 controller\u003e on ehci0\nusb2: USB revision 2.0\nuhub2: nVidia EHCI root hub, class 9/0, rev 2.00/1.00, addr 1\nuhub2: 6 ports with 6 removable, self powered\nnve0: \u003cNVIDIA nForce MCP2 Networking Adapter\u003e port 0xe000-0xe007 mem 0xed084000-0xed084fff irq 20 at device 4.0 on pci0\nnve0: Ethernet address 00:e0:18:d5:26:29\nmiibus0: \u003cMII bus\u003e on nve0\nrlphy0: \u003cRTL8201L 10/100 media interface\u003e on miibus0\nrlphy0:  10baseT, 10baseT-FDX, 100baseTX, 100baseTX-FDX, auto\nnve0: Ethernet address: 00:e0:18:d5:26:29\npci0: \u003cmultimedia, audio\u003e at device 5.0 (no driver attached)\npcm0: \u003cnVidia nForce2\u003e port 0xe400-0xe4ff,0xe800-0xe87f mem 0xed081000-0xed081fff irq 22 at device 6.0 on pci0\npcm0: \u003cAvance Logic ALC650 AC97 Codec\u003e\npcib1: \u003cACPI PCI-PCI bridge\u003e at device 8.0 on pci0\npci1: \u003cACPI PCI bus\u003e on pcib1\npci1: \u003cnetwork\u003e at device 8.0 (no driver attached)\npci1: \u003csimple comms, generic modem\u003e at device 9.0 (no driver attached)\natapci0: \u003cnVidia nForce2 UDMA133 controller\u003e port 0x1f0-0x1f7,0x3f6,0x170-0x177,0x376,0xf000-0xf00f at device 9.0 on pci0\nata0: \u003cATA channel 0\u003e on atapci0\nata1: \u003cATA channel 1\u003e on atapci0\npcib2: \u003cACPI PCI-PCI bridge\u003e at device 30.0 on pci0\npci2: \u003cACPI PCI bus\u003e on pcib2\npci2: \u003cdisplay, VGA\u003e at device 0.0 (no driver attached)\nfdc0: \u003cfloppy drive controller\u003e port 0x3f0-0x3f5,0x3f7 irq 6 drq 2 on acpi0\nfdc0: [FAST]\nfd0: \u003c1440-KB 3.5\" drive\u003e on fdc0 drive 0\nsio0: \u003c16550A-compatible COM port\u003e port 0x3f8-0x3ff irq 4 flags 0x10 on acpi0\nsio0: type 16550A\nppc0: \u003cECP parallel printer port\u003e port 0x378-0x37f,0x778-0x77b irq 7 drq 3 on acpi0\nppc0: SMC-like chipset (ECP/EPP/PS2/NIBBLE) in COMPATIBLE mode\nppc0: FIFO with 16/16/16 bytes threshold\nppbus0: \u003cParallel port bus\u003e on ppc0\nplip0: \u003cPLIP network interface\u003e on ppbus0\nlpt0: \u003cPrinter\u003e on ppbus0\nlpt0: Interrupt-driven port\nppi0: \u003cParallel I/O\u003e on ppbus0\natkbdc0: \u003cKeyboard controller (i8042)\u003e port 0x60,0x64 irq 1 on acpi0\natkbd0: \u003cAT Keyboard\u003e irq 1 on atkbdc0\nkbd0 at atkbd0\natkbd0: [GIANT-LOCKED]\npsm0: \u003cPS/2 Mouse\u003e irq 12 on atkbdc0\npsm0: [GIANT-LOCKED]\npsm0: model IntelliMouse, device ID 3\npmtimer0 on isa0\norm0: \u003cISA Option ROM\u003e at iomem 0xd0000-0xd17ff on isa0\nsc0: \u003cSystem console\u003e at flags 0x100 on isa0\nsc0: VGA \u003c16 virtual consoles, flags=0x300\u003e\nsio1: configured irq 3 not in bitmap of probed irqs 0\nsio1: port may not be enabled\nvga0: \u003cGeneric ISA VGA\u003e at port 0x3c0-0x3df iomem 0xa0000-0xbffff on isa0\numass0: WEM USB 1.1 5 in 1 Card Reader/Writer Multi Panel 5.25\", rev 1.10/0.12, addr 2\nTimecounter \"TSC\" frequency 1996984942 Hz quality 800\nTimecounters tick every 1.000 msec\nad0: 76319MB \u003cSeagate ST380021A 3.19\u003e at ata0-master UDMA100\nad1: 76319MB \u003cSAMSUNG SP0842N BH900-41\u003e at ata0-slave UDMA133\nad2: 39083MB \u003cMaxtor 94098H6 BAC51KJ0\u003e at ata1-master UDMA100\nad2: WARNING - READ_DMA UDMA ICRC error (retrying request) LBA=0\nad2: WARNING - READ_DMA UDMA ICRC error (retrying request) LBA=0\nad2: FAILURE - READ_DMA status=51\u003cREADY,DSC,ERROR\u003e error=84\u003cICRC,ABORTED\u003e LBA=0\nad2: WARNING - READ_DMA UDMA ICRC error (retrying request) LBA=0\nad2: WARNING - READ_DMA UDMA ICRC error (retrying request) LBA=0\nad2: FAILURE - READ_DMA status=51\u003cREADY,DSC,ERROR\u003e error=84\u003cICRC,ABORTED\u003e LBA=0\nad2: WARNING - READ_DMA UDMA ICRC error (retrying request) LBA=0\nad2: WARNING - READ_DMA UDMA ICRC error (retrying request) LBA=0\nad2: FAILURE - READ_DMA status=51\u003cREADY,DSC,ERROR\u003e error=84\u003cICRC,ABORTED\u003e LBA=0\nda0 at umass-sim0 bus 0 target 0 lun 0\nda0: \u003cWEM 5 in 1 Card ReCF 1.00\u003e Removable Direct Access SCSI-0 device \nda0: 1.000MB/s transfers\n[...]\n\nFix: \n\nadd 'hw.ata.ata_dma=\"0\"' to your /boot/loader.conf and enable the proper\ndma-modes after bootup with atacontrol mode \u003cdevice\u003e mode for each device.\nHow-To-Repeat: Get a motherboard with such a chipset and connect an udma[66/100/133]-able\ndevice with a 40-pole ata cable to it."
}