{
 "id": 669124,
 "bug_id": 168743,
 "attachment_id": 0,
 "creation_time": "2012-06-06T08:20:14Z",
 "creator": "freebsd@nagilum.org",
 "text": "\tWhen a USB mass storage device is connected it causes umass.ko to be loaded which then causes a panic: double fault\n\tThe coredump can be downloaded from http://www.nagilum.org/unix/vmcore.1.xz\n\nFix: rm /boot/kernel/umass*\n\n\n\ncakebox.tis dumped core - see /var/crash/vmcore.1\n\nWed Jun  6 06:33:27 CEST 2012\n\nFreeBSD cakebox.tis 9.0-STABLE FreeBSD 9.0-STABLE #0: Sat Jun  2 13:49:45 CEST 2012     root@cakebox.tis:/usr/obj/export/src/sys/net5501  i386\n\npanic: double fault\n\nGNU gdb 6.1.1 [FreeBSD]\nCopyright 2004 Free Software Foundation, Inc.\nGDB is free software, covered by the GNU General Public License, and you are\nwelcome to change it and/or distribute copies of it under certain conditions.\nType \"show copying\" to see the conditions.\nThere is absolutely no warranty for GDB.  Type \"show warranty\" for details.\nThis GDB was configured as \"i386-marcel-freebsd\"...\n\nUnread portion of the kernel message buffer:\nCopyright (c) 1992-2012 The FreeBSD Project.\nCopyright (c) 1979, 1980, 1983, 1986, 1988, 1989, 1991, 1992, 1993, 1994\n\tThe Regents of the University of California. All rights reserved.\nFreeBSD is a registered trademark of The FreeBSD Foundation.\nFreeBSD 9.0-STABLE #0: Sat Jun  2 13:49:45 CEST 2012\n    root@cakebox.tis:/usr/obj/export/src/sys/net5501 i386\nmodule_register: module accf_data already exists!\nModule accf_data failed to register: 17\nmodule_register: module accf_http already exists!\nModule accf_http failed to register: 17\nCPU: Geode(TM) Integrated Processor by AMD PCS (499.91-MHz 586-class CPU)\n  Origin = \"AuthenticAMD\"  Id = 0x5a2  Family = 5  Model = a  Stepping = 2\n  Features=0x88a93d\u003cFPU,DE,PSE,TSC,MSR,CX8,SEP,PGE,CMOV,CLFLUSH,MMX\u003e\n  AMD Features=0xc0400000\u003cMMX+,3DNow!+,3DNow!\u003e\nreal memory  = 536870912 (512 MB)\navail memory = 511684608 (487 MB)\nK6-family MTRR support enabled (2 registers)\nmodule_register_init: MOD_LOAD (accf_data, 0xc077b392, 0xc0bfd400) error 17\nmodule_register_init: MOD_LOAD (accf_http, 0xc077b392, 0xc0bffac0) error 17\ncryptosoft0: \u003csoftware crypto\u003e on motherboard\npcib0 pcibus 0 on motherboard\npci0: \u003cPCI bus\u003e on pcib0\nGeode LX: Soekris net5501 comBIOS ver. 1.33 20070103 Copyright (C) 2000-2007\nglxsb0: \u003cAMD Geode LX Security Block (AES-128-CBC, RNG)\u003e mem 0xa0000000-0xa0003fff irq 10 at device 1.2 on pci0\nvr0: \u003cVIA VT6105M Rhine III 10/100BaseTX\u003e port 0xe100-0xe1ff mem 0xa0004000-0xa00040ff irq 11 at device 6.0 on pci0\nvr0: Quirks: 0x2\nvr0: Revision: 0x96\nmiibus0: \u003cMII bus\u003e on vr0\nukphy0: \u003cGeneric IEEE 802.3u media interface\u003e PHY 1 on miibus0\nukphy0:  none, 10baseT, 10baseT-FDX, 100baseTX, 100baseTX-FDX, auto, auto-flow\nvr0: Ethernet address: 00:00:24:cb:a6:80\nvr1: \u003cVIA VT6105M Rhine III 10/100BaseTX\u003e port 0xe200-0xe2ff mem 0xa0004100-0xa00041ff irq 5 at device 7.0 on pci0\nvr1: Quirks: 0x2\nvr1: Revision: 0x96\nmiibus1: \u003cMII bus\u003e on vr1\nukphy1: \u003cGeneric IEEE 802.3u media interface\u003e PHY 1 on miibus1\nukphy1:  none, 10baseT, 10baseT-FDX, 100baseTX, 100baseTX-FDX, auto, auto-flow\nvr1: Ethernet address: 00:00:24:cb:a6:81\nvr2: \u003cVIA VT6105M Rhine III 10/100BaseTX\u003e port 0xe300-0xe3ff mem 0xa0004200-0xa00042ff irq 9 at device 8.0 on pci0\nvr2: Quirks: 0x2\nvr2: Revision: 0x96\nmiibus2: \u003cMII bus\u003e on vr2\nukphy2: \u003cGeneric IEEE 802.3u media interface\u003e PHY 1 on miibus2\nukphy2:  none, 10baseT, 10baseT-FDX, 100baseTX, 100baseTX-FDX, auto, auto-flow\nvr2: Ethernet address: 00:00:24:cb:a6:82\nvr3: \u003cVIA VT6105M Rhine III 10/100BaseTX\u003e port 0xe400-0xe4ff mem 0xa0004300-0xa00043ff irq 12 at device 9.0 on pci0\nvr3: Quirks: 0x2\nvr3: Revision: 0x96\nmiibus3: \u003cMII bus\u003e on vr3\nukphy3: \u003cGeneric IEEE 802.3u media interface\u003e PHY 1 on miibus3\nukphy3:  none, 10baseT, 10baseT-FDX, 100baseTX, 100baseTX-FDX, auto, auto-flow\nvr3: Ethernet address: 00:00:24:cb:a6:83\nisab0: \u003cPCI-ISA bridge\u003e at device 20.0 on pci0\nisa0: \u003cISA bus\u003e on isab0\natapci0: \u003cAMD CS5536 UDMA100 controller\u003e port 0x1f0-0x1f7,0x3f6,0x170-0x177,0x376,0xe000-0xe00f at device 20.2 on pci0\nata0: \u003cATA channel\u003e at channel 0 on atapci0\nata1: \u003cATA channel\u003e at channel 1 on atapci0\nohci0: \u003cOHCI (generic) USB controller\u003e mem 0xa0005000-0xa0005fff irq 15 at device 21.0 on pci0\nusbus0 on ohci0\nehci0: \u003cAMD CS5536 (Geode) USB 2.0 controller\u003e mem 0xa0006000-0xa0006fff irq 15 at device 21.1 on pci0\nusbus1: EHCI version 1.0\nusbus1 on ehci0\ncpu0 on motherboard\norm0: \u003cISA Option ROM\u003e at iomem 0xc8000-0xd27ff pnpid ORM0000 on isa0\natrtc0: \u003cAT realtime clock\u003e at port 0x70 irq 8 on isa0\nEvent timer \"RTC\" frequency 32768 Hz quality 0\nattimer0: \u003cAT timer\u003e at port 0x40 on isa0\nTimecounter \"i8254\" frequency 1193182 Hz quality 0\nEvent timer \"i8254\" frequency 1193182 Hz quality 100\nuart0: \u003c16550 or compatible\u003e at port 0x3f8-0x3ff irq 4 flags 0x10 on isa0\nuart0: console (19200,n,8,1)\nuart1: \u003c16550 or compatible\u003e at port 0x2f8-0x2ff irq 3 on isa0\nTimecounters tick every 1.000 msec\nusbus0: 12Mbps Full Speed USB v1.0\nusbus1: 480Mbps High Speed USB v2.0\nugen0.1: \u003cAMD\u003e at usbus0\nuhub0: \u003cAMD OHCI root HUB, class 9/0, rev 1.00/1.00, addr 1\u003e on usbus0\nugen1.1: \u003cAMD\u003e at usbus1\nuhub1: \u003cAMD EHCI root HUB, class 9/0, rev 2.00/1.00, addr 1\u003e on usbus1\nGEOMad0: 152627MB \u003cSAMSUNG HM160HC LQ100-10\u003e at ata0-master UDMA100 \n_SCHED: Initializing global data.\nGEOM_SCHED: Loading: mp = 0xc0c127a0, g_sched_class = 0xc0c127a0.\nTimecounter \"TSC\" frequency 499912569 Hz quality 800\nRoot mount waiting for: usbus1 usbus0\nuhub0: 4 ports with 4 removable, self powered\nRoot mount waiting for: usbus1\nuhub1: 4 ports with 4 removable, self powered\nRoot mount waiting for: usbus1\nRoot mount waiting for: usbus1\nugen1.2: \u003cUSB Modem\u003e at usbus1\nTrying to mount root from ufs:/dev/ad0s1a [rw]...\nWARNING: / was not properly dismounted\nugen1.2: \u003cUSB Modem\u003e at usbus1 (disconnected)\n\u003c118\u003e/etc/rc: WARNING: unable to set vm.pmap.shpgperproc=1024\n\u003c118\u003eSetting hostuuid: 108e297c-1e3d-11de-9f18-000024cba680.\n\u003c118\u003eSetting hostid: 0xd08e06b1.\n\u003c118\u003eEntropy harvesting: interrupts ethernet point_to_pointugen1.2: \u003cUSB Modem\u003e at usbus1\nu3g0: \u003cUSB Modem USB Modem, class 0/0, rev 2.00/0.00, addr 2\u003e on usbus1\nu3g0: Found 4 ports.\n kickstart.\n\u003c118\u003eStarting file system checks:\n\u003c118\u003e/dev/ad0s1a: UNREF FILE I=376982  OWNER=root MODE=100644\n\u003c118\u003e/dev/ad0s1a: SIZE=0 MTIME=Jun  5 12:41 2012  (CLEARED)\n\u003c118\u003e/dev/ad0s1a: UNREF FILE I=377748  OWNER=root MODE=140666\n\u003c118\u003e/dev/ad0s1a: SIZE=0 MTIME=Jun  2 10:10 2012  (CLEARED)\n\u003c118\u003e/dev/ad0s1a: UNREF FILE I=378126  OWNER=mysql MODE=100600\n\u003c118\u003e/dev/ad0s1a: SIZE=0 MTIME=Jun  2 10:10 2012  (CLEARED)\n\u003c118\u003e/dev/ad0s1a: UNREF FILE I=378128  OWNER=mysql MODE=100600\n\u003c118\u003e/dev/ad0s1a: SIZE=20 MTIME=Jun  5 05:38 2012  (CLEARED)\n\u003c118\u003e/dev/ad0s1a: UNREF FILE I=378131  OWNER=mysql MODE=100600\n\u003c118\u003e/dev/ad0s1a: SIZE=0 MTIME=Jun  2 10:10 2012  (CLEARED)\n\u003c118\u003e/dev/ad0s1a: UNREF FILE I=378132  OWNER=mysql MODE=100600\n\u003c118\u003e/dev/ad0s1a: SIZE=0 MTIME=Jun  2 10:10 2012  (CLEARED)\n\u003c118\u003e/dev/ad0s1a: UNREF FILE I=378135  OWNER=mysql MODE=100600\n\u003c118\u003e/dev/ad0s1a: SIZE=0 MTIME=Jun  2 10:10 2012  (CLEARED)\n\u003c118\u003e/dev/ad0s1a: UNREF FILE I=448233  OWNER=root MODE=100600\n\u003c118\u003e/dev/ad0s1a: SIZE=0 MTIME=Jun  3 13:12 2012  (CLEARED)\n\u003c118\u003e/dev/ad0s1a: UNREF FILE I=685566  OWNER=root MODE=100666\n\u003c118\u003e/dev/ad0s1a: SIZE=168872 MTIME=Feb 26 04:03 2012  (CLEARED)\n\u003c118\u003e/dev/ad0s1a: UNREF FILE I=942323  OWNER=root MODE=100600\n\u003c118\u003e/dev/ad0s1a: SIZE=28 MTIME=Jun  5 22:24 2012  (CLEARED)\n\u003c118\u003e/dev/ad0s1a: UNREF FILE I=942325  OWNER=root MODE=100600\n\u003c118\u003e/dev/ad0s1a: SIZE=35 MTIME=Jun  5 23:45 2012  (CLEARED)\n\u003c118\u003e/dev/ad0s1a: UNREF FILE I=942327  OWNER=root MODE=100600\n\u003c118\u003e/dev/ad0s1a: SIZE=1261 MTIME=Jun  6 00:40 2012  (CLEARED)\n\u003c118\u003e/dev/ad0s1a: UNREF FILE I=942333  OWNER=root MODE=100600\n\u003c118\u003e/dev/ad0s1a: SIZE=28 MTIME=Jun  5 23:46 2012  (CLEARED)\n\u003c118\u003e/dev/ad0s1a: UNREF FILE I=1861095  OWNER=root MODE=100555\n\u003c118\u003e/dev/ad0s1a: SIZE=308084 MTIME=Feb 18 13:12 2012  (CLEARED)\n\u003c118\u003e/dev/ad0s1a: FREE BLK COUNT(S) WRONG IN SUPERBLK (SALVAGED)\n\u003c118\u003e/dev/ad0s1a: SUMMARY INFORMATION BAD (SALVAGED)\n\u003c118\u003e/dev/ad0s1a: BLK(S) MISSING IN BIT MAPS (SALVAGED)\n\u003c118\u003e/dev/ad0s1a: 636459 files, 8668371 used, 1485828 free (349732 frags, 142012 blocks, 3.4% fragmentation)\n\u003c118\u003eMounting local file systems:.\n\u003c118\u003eSetting hostname: cakebox.tis.\n\u003c118\u003e/etc/rc: WARNING: $ifconfig_vr1_alias0 needs  \"inet\" keyword for an IPv4 address.\n\u003c118\u003eStarting Network: lo0 vr0 vr1 vr2 vr3.\n\u003c118\u003elo0: flags=8049\u003cUP,LOOPBACK,RUNNING,MULTICAST\u003e metric 0 mtu 16384\n\u003c118\u003e\toptions=3\u003cRXCSUM,TXCSUM\u003e\n\u003c118\u003e\tinet6 ::1 prefixlen 128 \n\u003c118\u003e\tinet6 fe80::1%lo0 prefixlen 64 scopeid 0x7 \n\u003c118\u003e\tinet 127.0.0.1 netmask 0xff000000 \n\u003c118\u003e\tnd6 options=21\u003cPERFORMNUD,AUTO_LINKLOCAL\u003e\n\u003c118\u003evr0: flags=8843\u003cUP,BROADCAST,RUNNING,SIMPLEX,MULTICAST\u003e metric 0 mtu 1500\n\u003c118\u003e\toptions=8280b\u003cRXCSUM,TXCSUM,VLAN_MTU,WOL_UCAST,WOL_MAGIC,LINKSTATE\u003e\n\u003c118\u003e\tether 00:00:24:cb:a6:80\n\u003c118\u003e\tinet 10.1.0.2 netmask 0xffffff00 broadcast 10.1.0.255\n\u003c118\u003e\tinet6 fe80::200:24ff:fecb:a680%vr0 prefixlen 64 tentative scopeid 0x1 \n\u003c118\u003e\tnd6 options=21\u003cPERFORMNUD,AUTO_LINKLOCAL\u003e\n\u003c118\u003e\tmedia: Ethernet autoselect (none)\n\u003c118\u003e\tstatus: no carrier\n\u003c118\u003evr1: flags=8843\u003cUP,BROADCAST,RUNNING,SIMPLEX,MULTICAST\u003e metric 0 mtu 1500\n\u003c118\u003e\toptions=8280b\u003cRXCSUM,TXCSUM,VLAN_MTU,WOL_UCAST,WOL_MAGIC,LINKSTATE\u003e\n\u003c118\u003e\tether 00:00:24:cb:a6:81\n\u003c118\u003e\tinet 10.1.1.1 netmask 0xffffff00 broadcast 10.1.1.255\n\u003c118\u003e\tinet6 fe80::200:24ff:fecb:a681%vr1 prefixlen 64 tentative scopeid 0x2 \n\u003c118\u003e\tinet 10.1.1.10 netmask 0xffffff00 broadcast 10.1.1.255\n\u003c118\u003e\tnd6 options=21\u003cPERFORMNUD,AUTO_LINKLOCAL\u003e\n\u003c118\u003e\tmedia: Ethernet autoselect (none)\n\u003c118\u003e\tstatus: no carrier\n\u003c118\u003evr2: flags=8843\u003cUP,BROADCAST,RUNNING,SIMPLEX,MULTICAST\u003e metric 0 mtu 1500\n\u003c118\u003e\toptions=8280b\u003cRXCSUM,TXCSUM,VLAN_MTU,WOL_UCAST,WOL_MAGIC,LINKSTATE\u003e\n\u003c118\u003e\tether 00:00:24:cb:a6:82\n\u003c118\u003e\tinet 10.1.2.1 netmask 0xffffff00 broadcast 10.1.2.255\n\u003c118\u003e\tinet6 fe80::200:24ff:fecb:a682%vr2 prefixlen 64 tentative scopeid 0x3 \n\u003c118\u003e\tnd6 options=21\u003cPERFORMNUD,AUTO_LINKLOCAL\u003e\n\u003c118\u003e\tmedia: Ethernet autoselect (none)\n\u003c118\u003e\tstatus: no carrier\n\u003c118\u003evr3: flags=8802\u003cBROADCAST,SIMPLEX,MULTICAST\u003e metric 0 mtu 1500\n\u003c118\u003e\toptions=8280b\u003cRXCSUM,TXCSUM,VLAN_MTU,WOL_UCAST,WOL_MAGIC,LINKSTATE\u003e\n\u003c118\u003e\tether 00:00:24:cb:a6:83\n\u003c118\u003e\tnd6 options=21\u003cPERFORMNUD,AUTO_LINKLOCAL\u003e\n\u003c118\u003e\tmedia: Ethernet autoselect\n\u003c118\u003eStarting devd.\n\u003c118\u003eStarting Network: vr3.\n\u003c118\u003evr3: flags=8802\u003cBROADCAST,SIMPLEX,MULTICAST\u003e metric 0 mtu 1500\n\u003c118\u003e\toptions=8280b\u003cRXCSUM,TXCSUM,VLAN_MTU,WOL_UCAST,WOL_MAGIC,LINKSTATE\u003e\n\u003c118\u003e\tether 00:00:24:cb:a6:83\n\u003c118\u003e\tnd6 options=21\u003cPERFORMNUD,AUTO_LINKLOCAL\u003e\n\u003c118\u003e\tmedia: Ethernet autoselect\n\u003c118\u003eStarting Network: usbus0.\n\u003c118\u003eStarting Network: usbus1.\numass0: \u003cUSB Modem USB Modem, class 0/0, rev 2.00/0.00, addr 2\u003e on usbus1\n\nFatal double fault:\neip = 0xc0466513\nesp = 0xd5a2dc6c\nebp = 0xd5a2e0c8\npanic: double fault\nUptime: 3m12s\nPhysical memory: 499 MB\nDumping 39 MB: 24 8Copyright (c) 1992-2012 The FreeBSD Project.\nCopyright (c) 1979, 1980, 1983, 1986, 1988, 1989, 1991, 1992, 1993, 1994\n\tThe Regents of the University of California. All rights reserved.\nFreeBSD is a registered trademark of The FreeBSD Foundation.\nFreeBSD 9.0-STABLE #0: Sat Jun  2 13:49:45 CEST 2012\n    root@cakebox.tis:/usr/obj/export/src/sys/net5501 i386\nmodule_register: module accf_data already exists!\nModule accf_data failed to register: 17\nmodule_register: module accf_http already exists!\nModule accf_http failed to register: 17\nCPU: Geode(TM) Integrated Processor by AMD PCS (499.91-MHz 586-class CPU)\n  Origin = \"AuthenticAMD\"  Id = 0x5a2  Family = 5  Model = a  Stepping = 2\n  Features=0x88a93d\u003cFPU,DE,PSE,TSC,MSR,CX8,SEP,PGE,CMOV,CLFLUSH,MMX\u003e\n  AMD Features=0xc0400000\u003cMMX+,3DNow!+,3DNow!\u003e\nreal memory  = 536870912 (512 MB)\navail memory = 511684608 (487 MB)\nK6-family MTRR support enabled (2 registers)\nmodule_register_init: MOD_LOAD (accf_data, 0xc077b392, 0xc0bfd400) error 17\nmodule_register_init: MOD_LOAD (accf_http, 0xc077b392, 0xc0bffac0) error 17\ncryptosoft0: \u003csoftware crypto\u003e on motherboard\npcib0 pcibus 0 on motherboard\npci0: \u003cPCI bus\u003e on pcib0\nGeode LX: Soekris net5501 comBIOS ver. 1.33 20070103 Copyright (C) 2000-2007\nglxsb0: \u003cAMD Geode LX Security Block (AES-128-CBC, RNG)\u003e mem 0xa0000000-0xa0003fff irq 10 at device 1.2 on pci0\nvr0: \u003cVIA VT6105M Rhine III 10/100BaseTX\u003e port 0xe100-0xe1ff mem 0xa0004000-0xa00040ff irq 11 at device 6.0 on pci0\nvr0: Quirks: 0x2\nvr0: Revision: 0x96\nmiibus0: \u003cMII bus\u003e on vr0\nukphy0: \u003cGeneric IEEE 802.3u media interface\u003e PHY 1 on miibus0\nukphy0:  none, 10baseT, 10baseT-FDX, 100baseTX, 100baseTX-FDX, auto, auto-flow\nvr0: Ethernet address: 00:00:24:cb:a6:80\nvr1: \u003cVIA VT6105M Rhine III 10/100BaseTX\u003e port 0xe200-0xe2ff mem 0xa0004100-0xa00041ff irq 5 at device 7.0 on pci0\nvr1: Quirks: 0x2\nvr1: Revision: 0x96\nmiibus1: \u003cMII bus\u003e on vr1\nukphy1: \u003cGeneric IEEE 802.3u media interface\u003e PHY 1 on miibus1\nukphy1:  none, 10baseT, 10baseT-FDX, 100baseTX, 100baseTX-FDX, auto, auto-flow\nvr1: Ethernet address: 00:00:24:cb:a6:81\nvr2: \u003cVIA VT6105M Rhine III 10/100BaseTX\u003e port 0xe300-0xe3ff mem 0xa0004200-0xa00042ff irq 9 at device 8.0 on pci0\nvr2: Quirks: 0x2\nvr2: Revision: 0x96\nmiibus2: \u003cMII bus\u003e on vr2\nukphy2: \u003cGeneric IEEE 802.3u media interface\u003e PHY 1 on miibus2\nukphy2:  none, 10baseT, 10baseT-FDX, 100baseTX, 100baseTX-FDX, auto, auto-flow\nvr2: Ethernet address: 00:00:24:cb:a6:82\nvr3: \u003cVIA VT6105M Rhine III 10/100BaseTX\u003e port 0xe400-0xe4ff mem 0xa0004300-0xa00043ff irq 12 at device 9.0 on pci0\nvr3: Quirks: 0x2\nvr3: Revision: 0x96\nmiibus3: \u003cMII bus\u003e on vr3\nukphy3: \u003cGeneric IEEE 802.3u media interface\u003e PHY 1 on miibus3\nukphy3:  none, 10baseT, 10baseT-FDX, 100baseTX, 100baseTX-FDX, auto, auto-flow\nvr3: Ethernet address: 00:00:24:cb:a6:83\nisab0: \u003cPCI-ISA bridge\u003e at device 20.0 on pci0\nisa0: \u003cISA bus\u003e on isab0\natapci0: \u003cAMD CS5536 UDMA100 controller\u003e port 0x1f0-0x1f7,0x3f6,0x170-0x177,0x376,0xe000-0xe00f at device 20.2 on pci0\nata0: \u003cATA channel\u003e at channel 0 on atapci0\nata1: \u003cATA channel\u003e at channel 1 on atapci0\nohci0: \u003cOHCI (generic) USB controller\u003e mem 0xa0005000-0xa0005fff irq 15 at device 21.0 on pci0\nusbus0 on ohci0\nehci0: \u003cAMD CS5536 (Geode) USB 2.0 controller\u003e mem 0xa0006000-0xa0006fff irq 15 at device 21.1 on pci0\nusbus1: EHCI version 1.0\nusbus1 on ehci0\ncpu0 on motherboard\norm0: \u003cISA Option ROM\u003e at iomem 0xc8000-0xd27ff pnpid ORM0000 on isa0\natrtc0: \u003cAT realtime clock\u003e at port 0x70 irq 8 on isa0\nEvent timer \"RTC\" frequency 32768 Hz quality 0\nattimer0: \u003cAT timer\u003e at port 0x40 on isa0\nTimecounter \"i8254\" frequency 1193182 Hz quality 0\nEvent timer \"i8254\" frequency 1193182 Hz quality 100\nuart0: \u003c16550 or compatible\u003e at port 0x3f8-0x3ff irq 4 flags 0x10 on isa0\nuart0: console (19200,n,8,1)\nuart1: \u003c16550 or compatible\u003e at port 0x2f8-0x2ff irq 3 on isa0\nTimecounters tick every 1.000 msec\nusbus0: 12Mbps Full Speed USB v1.0\nusbus1: 480Mbps High Speed USB v2.0\nugen0.1: \u003cAMD\u003e at usbus0\nuhub0: \u003cAMD OHCI root HUB, class 9/0, rev 1.00/1.00, addr 1\u003e on usbus0\nugen1.1: \u003cAMD\u003e at usbus1\nuhub1: \u003cAMD EHCI root HUB, class 9/0, rev 2.00/1.00, addr 1\u003e on usbus1\nGEOad0: 152627MB \u003cSAMSUNG HM160HC LQ100-10\u003e at ata0-master UDMA100 \nM_SCHED: Initializing global data.\nGEOM_SCHED: Loading: mp = 0xc0c127a0, g_sched_class = 0xc0c127a0.\nTimecounter \"TSC\" frequency 499912355 Hz quality 800\nuhub0: 4 ports with 4 removable, self powered\nRoot mount waiting for: usbus1\nRoot mount waiting for: usbus1\nuhub1: 4 ports with 4 removable, self powered\nTrying to mount root from ufs:/dev/ad0s1a [rw]...\nWARNING: / was not properly dismounted\n\n\u003c118\u003e/etc/rc: WARNING: unable to set vm.pmap.shpgperproc=1024\n\u003c118\u003eSetting hostuuid: 108e297c-1e3d-11de-9f18-000024cba680.\n\u003c118\u003eSetting hostid: 0xd08e06b1.\n\u003c118\u003eEntropy harvesting: interrupts ethernet point_to_point kickstart.\n\u003c118\u003eStarting file system checks:\nugen0.2: \u003cvendor 0x0d7d\u003e at usbus0\n\u003c118\u003e/dev/ad0s1a: FREE BLK COUNT(S) WRONG IN SUPERBLK (SALVAGED)\n\u003c118\u003e/dev/ad0s1a: SUMMARY INFORMATION BAD (SALVAGED)\n\u003c118\u003e/dev/ad0s1a: BLK(S) MISSING IN BIT MAPS (SALVAGED)\n\u003c118\u003e/dev/ad0s1a: 636459 files, 8668370 used, 1485829 free (349733 frags, 142012 blocks, 3.4% fragmentation)\n\u003c118\u003eMounting local file systems:.\n\u003c118\u003eSetting hostname: cakebox.tis.\n\u003c118\u003e/etc/rc: WARNING: $ifconfig_vr1_alias0 needs  \"inet\" keyword for an IPv4 address.\n\u003c118\u003eStarting Network: lo0 vr0 vr1 vr2 vr3.\n\u003c118\u003elo0: flags=8049\u003cUP,LOOPBACK,RUNNING,MULTICAST\u003e metric 0 mtu 16384\n\u003c118\u003e\toptions=3\u003cRXCSUM,TXCSUM\u003e\n\u003c118\u003e\tinet6 ::1 prefixlen 128 \n\u003c118\u003e\tinet6 fe80::1%lo0 prefixlen 64 scopeid 0x7 \n\u003c118\u003e\tinet 127.0.0.1 netmask 0xff000000 \n\u003c118\u003e\tnd6 options=21\u003cPERFORMNUD,AUTO_LINKLOCAL\u003e\n\u003c118\u003evr0: flags=8843\u003cUP,BROADCAST,RUNNING,SIMPLEX,MULTICAST\u003e metric 0 mtu 1500\n\u003c118\u003e\toptions=8280b\u003cRXCSUM,TXCSUM,VLAN_MTU,WOL_UCAST,WOL_MAGIC,LINKSTATE\u003e\n\u003c118\u003e\tether 00:00:24:cb:a6:80\n\u003c118\u003e\tinet 10.1.0.2 netmask 0xffffff00 broadcast 10.1.0.255\n\u003c118\u003e\tinet6 fe80::200:24ff:fecb:a680%vr0 prefixlen 64 tentative scopeid 0x1 \n\u003c118\u003e\tnd6 options=21\u003cPERFORMNUD,AUTO_LINKLOCAL\u003e\n\u003c118\u003e\tmedia: Ethernet autoselect (none)\n\u003c118\u003e\tstatus: no carrier\n\u003c118\u003evr1: flags=8843\u003cUP,BROADCAST,RUNNING,SIMPLEX,MULTICAST\u003e metric 0 mtu 1500\n\u003c118\u003e\toptions=8280b\u003cRXCSUM,TXCSUM,VLAN_MTU,WOL_UCAST,WOL_MAGIC,LINKSTATE\u003e\n\u003c118\u003e\tether 00:00:24:cb:a6:81\n\u003c118\u003e\tinet 10.1.1.1 netmask 0xffffff00 broadcast 10.1.1.255\n\u003c118\u003e\tinet6 fe80::200:24ff:fecb:a681%vr1 prefixlen 64 tentative scopeid 0x2 \n\u003c118\u003e\tinet 10.1.1.10 netmask 0xffffff00 broadcast 10.1.1.255\n\u003c118\u003e\tnd6 options=21\u003cPERFORMNUD,AUTO_LINKLOCAL\u003e\n\u003c118\u003e\tmedia: Ethernet autoselect (none)\n\u003c118\u003e\tstatus: no carrier\n\u003c118\u003evr2: flags=8843\u003cUP,BROADCAST,RUNNING,SIMPLEX,MULTICAST\u003e metric 0 mtu 1500\n\u003c118\u003e\toptions=8280b\u003cRXCSUM,TXCSUM,VLAN_MTU,WOL_UCAST,WOL_MAGIC,LINKSTATE\u003e\n\u003c118\u003e\tether 00:00:24:cb:a6:82\n\u003c118\u003e\tinet 10.1.2.1 netmask 0xffffff00 broadcast 10.1.2.255\n\u003c118\u003e\tinet6 fe80::200:24ff:fecb:a682%vr2 prefixlen 64 tentative scopeid 0x3 \n\u003c118\u003e\tnd6 options=21\u003cPERFORMNUD,AUTO_LINKLOCAL\u003e\n\u003c118\u003e\tmedia: Ethernet autoselect (none)\n\u003c118\u003e\tstatus: no carrier\n\u003c118\u003evr3: flags=8802\u003cBROADCAST,SIMPLEX,MULTICAST\u003e metric 0 mtu 1500\n\u003c118\u003e\toptions=8280b\u003cRXCSUM,TXCSUM,VLAN_MTU,WOL_UCAST,WOL_MAGIC,LINKSTATE\u003e\n\u003c118\u003e\tether 00:00:24:cb:a6:83\n\u003c118\u003e\tnd6 options=21\u003cPERFORMNUD,AUTO_LINKLOCAL\u003e\n\u003c118\u003e\tmedia: Ethernet autoselect\n\u003c118\u003eStarting devd.\n\u003c118\u003eStarting Network: vr3.\n\u003c118\u003evr3: flags=8802\u003cBROADCAST,SIMPLEX,MULTICAST\u003e metric 0 mtu 1500\n\u003c118\u003e\toptions=8280b\u003cRXCSUM,TXCSUM,VLAN_MTU,WOL_UCAST,WOL_MAGIC,LINKSTATE\u003e\n\u003c118\u003e\tether 00:00:24:cb:a6:83\n\u003c118\u003e\tnd6 options=21\u003cPERFORMNUD,AUTO_LINKLOCAL\u003e\n\u003c118\u003e\tmedia: Ethernet autoselect\n\u003c118\u003eStarting Network: usbus0.\n\u003c118\u003eStarting Network: usbus1.\numass0: \u003cvendor 0x0d7d PenDrive, class 0/0, rev 1.10/1.00, addr 2\u003e on usbus0\n\nFatal double fault:\neip = 0xc0466513\nesp = 0xd5a2dc6c\nebp = 0xd5a2e0c8\npanic: double fault\nUptime: 3m9s\nPhysical memory: 499 MB\nDumping 38 MB: 23 7\n\nNo symbol \"stopped_cpus\" in current context.\nNo symbol \"stoppcbs\" in current context.\nReading symbols from /boot/kernel/accf_data.ko...Reading symbols from /boot/kernel/accf_data.ko.symbols...done.\ndone.\nLoaded symbols for /boot/kernel/accf_data.ko\nReading symbols from /boot/kernel/accf_http.ko...Reading symbols from /boot/kernel/accf_http.ko.symbols...done.\ndone.\nLoaded symbols for /boot/kernel/accf_http.ko\nReading symbols from /boot/kernel/u3g.ko...Reading symbols from /boot/kernel/u3g.ko.symbols...done.\ndone.\nLoaded symbols for /boot/kernel/u3g.ko\nReading symbols from /boot/kernel/ucom.ko...Reading symbols from /boot/kernel/ucom.ko.symbols...done.\ndone.\nLoaded symbols for /boot/kernel/ucom.ko\nReading symbols from /boot/kernel/geom_sched.ko...Reading symbols from /boot/kernel/geom_sched.ko.symbols...done.\ndone.\nLoaded symbols for /boot/kernel/geom_sched.ko\nReading symbols from /boot/kernel/umass.ko...Reading symbols from /boot/kernel/umass.ko.symbols...done.\ndone.\nLoaded symbols for /boot/kernel/umass.ko\n#0  doadump (textdump=1) at pcpu.h:244\n244\tpcpu.h: Datei oder Verzeichnis nicht gefunden.\n\tin pcpu.h\n(kgdb) #0  doadump (textdump=1) at pcpu.h:244\n#1  0xc06f401d in panic (fmt=0xc0a8d1ca \"double fault\")\n    at /export/src/sys/kern/kern_shutdown.c:451\n#2  0xc0a14a34 in dblfault_handler () at /export/src/sys/i386/i386/trap.c:1051\n#3  0x00000000 in ?? ()\n(kgdb) \n\n------------------------------------------------------------------------\nps -axl\n\nUID PID PPID CPU  PRI NI   VSZ     RSS MWCHAN   STAT TT     TIME COMMAND\n  0   0    0   0 -100  0     0       0 -        ?Ls  ??  0:00.03 [kernel]\n  0   1    0   0 -100  0  8032  702928 wait     ?Ls  ??  0:00.10 [init]\n  0   2    0   0 -100  0     0       0 crypto_w ?L   ??  0:00.00 [crypto]\n  0   3    0   0 -100  0     0       0 crypto_r ?L   ??  0:00.00 [crypto return\n  0   4    0   0 -100  0     0       0 pftm     ?L   ??  0:00.00 [pfpurge]\n  0   5    0   0 -100  0     0       0 -        ?L   ??  0:00.00 [xpt_thrd]\n  0   6    0   0 -100  0     0       0 psleep   ?L   ??  0:00.00 [pagedaemon]\n  0   7    0   0 -100  0     0       0 psleep   ?L   ??  0:00.00 [vmdaemon]\n  0   8    0   0 -100  0     0       0 pgzero   ?L   ??  0:00.00 [pagezero]\n  0   9    0   0 -100  0     0       0 psleep   ?L   ??  0:00.00 [bufdaemon]\n  0  10    0   0 -100  0     0       0 -        ?L   ??  2:34.19 [idle]\n  0  11    0   0 -100  0     0       0 -        ?L   ??  0:02.12 [intr]\n  0  12    0   0 -100  0     0       0 -        ?L   ??  0:08.19 [geom]\n  0  13    0   0 -100  0     0       0 -        ?L   ??  0:01.67 [yarrow]\n  0  14    0   0 -100  0     0       0 -        ?L   ??  0:00.11 [usb]\n  0  15    0   0 -100  0     0       0 vlruwt   ?L   ??  0:00.00 [vnlru]\n  0  16    0   0 -100  0     0       0 syncer   ?L   ??  0:00.00 [syncer]\n  0  17    0   0 -100  0     0       0 sdflush  ?L   ??  0:00.00 [softdepflush]\n  0  18    0   0 -100  0     0       0 c_flowcl ?L   ??  0:00.00 [flowcleaner]\n  0  19    1   0 -100  0  9668  690864 wait     ?s+  ??  0:00.11 [sh]\n  0 673   19   0 -100  0  9668  696432 wait     ?+   ??  0:00.02 [sh]\n  0 674  673   0 -100  0 12128  698288 wait     ?+   ??  0:00.24 [devd]\n  0 972  674   0 -100  0  1400 3997296 -        ?+   ??  0:00.00 [kldload]\n\n------------------------------------------------------------------------\nvmstat -s\n\n   668688 cpu context switches\n   498183 device interrupts\n    23960 software interrupts\n    67394 traps\n   306377 system calls\n       18 kernel threads created\n      952  fork() calls\n        2 vfork() calls\n        0 rfork() calls\n        0 swap pager pageins\n        0 swap pager pages paged in\n        0 swap pager pageouts\n        0 swap pager pages paged out\n      152 vnode pager pageins\n     1022 vnode pager pages paged in\n        0 vnode pager pageouts\n        0 vnode pager pages paged out\n        0 page daemon wakeups\n        0 pages examined by the page daemon\n        0 pages reactivated\n    23544 copy-on-write faults\n      220 copy-on-write optimized faults\n    16280 zero fill pages zeroed\n     1124 zero fill pages prezeroed\n        3 intransit blocking page faults\n    58619 total VM faults taken\n        0 pages affected by kernel thread creation\n   911463 pages affected by  fork()\n     1962 pages affected by vfork()\n        0 pages affected by rfork()\n        0 pages cached\n    49376 pages freed\n        0 pages freed by daemon\n        0 pages freed by exiting processes\n      793 pages active\n      519 pages inactive\n        0 pages in VM cache\n     3404 pages wired down\n   120730 pages free\n     4096 bytes per page\n    10270 total name lookups\n          cache hits (89% pos + 4% neg) system 0% per-directory\n          deletions 0%, falsehits 0%, toolong 0%\n\n------------------------------------------------------------------------\nvmstat -m\n\n         Type InUse MemUse HighUse Requests  Size(s)\n       linker   115    37K       -      168  16,32,256,1024,4096\n        lockf     2     1K       -        6  32,64\n   loginclass     1     1K       -        1  64\n       ip6ndp    11     1K       -       14  64,128\n         temp    23   146K       -     3862  16,32,64,128,256,512,1024,2048,4096\n       devbuf  2180  2323K       -     2240  16,32,64,128,256,512,2048,4096\n       module   206    13K       -      208  64\n     mtx_pool     2     8K       -        2  4096\n     pmchooks     1     1K       -        1  64\n      subproc    54   100K       -     1004  256,4096\n         proc     2     4K       -        2  2048\n      session     2     1K       -        2  64\n         pgrp     2     1K       -        2  64\n         cred    10     1K       -     1970  64,128\n      uidinfo     2     1K       -        2  64,512\n       plimit     2     1K       -       16  256\n    sysctltmp     0     0K       -      108  16,32,64,128,2048\n    sysctloid  1459    44K       -     1499  16,32,64\n       sysctl     0     0K       -      242  16,32,64\n      tidhash     1     4K       -        1  4096\n         umtx   130    13K       -      130  64,128\n     p1003.1b     1     1K       -        1  16\n         SWAP     2    73K       -        2  64\n       bus-sc    33    48K       -      483  16,32,64,128,256,512,1024,4096\n          bus   466    22K       -     1566  16,32,64,128,256,1024\n      devstat     4     9K       -        4  16,4096\n eventhandler    78     4K       -       78  32,64,128\n         kobj   126   252K       -      145  2048\n      Per-cpu     1     1K       -        1  16\n         rman    61     4K       -      424  16,32,64\n         sbuf     0     0K       -      334  16,32,64,128,256,512,1024,2048,4096\n  nullfs_hash     1     1K       -        1  64\n    taskqueue    11     1K       -       11  16,64\n       Unitno    12     1K       -      144  16,64\n          iov     0     0K       -       69  64,128,256\n       select     1     1K       -        1  64\n     ioctlops     0     0K       -      568  16,32,64,128,512,1024\n          msg     4    25K       -        4  1024,4096\n          sem     4   101K       -        4  1024,4096\n          shm     1    12K       -        1  \n          tty     2     1K       -        4  128,512\n         accf     5     1K       -        5  32\n         ksem     1     4K       -        1  4096\n        shmfd     1     4K       -        1  4096\n          pcb     6     7K       -        6  16,512,1024,2048\n       soname     1     1K       -       26  32,128\n       biobuf     0     0K       -        1  2048\n     vfscache     1   256K       -        1  \n     vfs_hash     1   128K       -        1  \n    pfs_nodes    21     3K       -       21  128\n       vnodes     2     1K       -        2  128\n  pfs_vncache     1     1K       -        1  32\n        mount    31     2K       -      134  16,32,64,128,256\n  vnodemarker     0     0K       -        6  512\n          BPF     7     1K       -        7  64\n  ether_multi    79     4K       -       94  16,32,64\n       ifaddr    96    20K       -       96  16,32,64,128,256,512,2048\n        ifnet     8     8K       -        8  64,1024\n        clone     7    28K       -        7  4096\n       arpcom     4     1K       -        4  16\n      lltable    26     6K       -       26  128,256\nCAM dev queue     2     1K       -        2  128\n    CAM queue     8     1K       -       14  16\n     routetbl    44   262K       -      146  16,64,128,256,512\n         igmp     7     1K       -        7  128\n         GEOM    44    14K       -      266  16,32,64,128,512,1024\n      CAM SIM     2     1K       -        2  128\n   CAM periph     3     1K       -       12  16,32,64,128\n     in_multi     4     1K       -        4  128\n    hostcache     1    16K       -        1  \n     syncache     1    72K       -        1  \n      CAM XPT    24    17K       -       38  16,32,64,2048\n      entropy  1024    64K       -     1024  64\n         UART     6     3K       -        6  16,256,1024\n    in6_multi    36     5K       -       36  16,256\n  ata_generic     1     1K       -        1  1024\n          mld     7     1K       -        7  128\n       crypto     1     1K       -        1  512\n          rpc     1     1K       -        1  128\n     freework    38     5K       -       39  16,128\n    newdirblk     0     0K       -        1  32\n       dirrem    76     5K       -       76  64\n        mkdir     0     0K       -        2  64\n       diradd     4     1K       -        5  64\n     freefile     1     1K       -        1  32\n     freeblks    37     5K       -       38  128\n       newblk     1    16K       -        2  128\n    bmsafemap     2     5K       -        2  128,4096\n     inodedep    96   152K       -       97  256\n      pagedep    16    18K       -       17  128\n  ufs_dirhash    48    10K       -       48  16,32,64,128,256,512\n    ufs_mount     3     7K       -        3  256,2048,4096\n    vm_pgdata     2    33K       -        2  64\n       USBdev    13     1K       -       13  32,128\n          USB    23    24K       -       26  16,32,64,256,512,1024,4096\n       isadev    10     1K       -       10  64\n    legacydrv     3     1K       -        3  16\n    ad_driver     1     1K       -        1  32\n      memdesc     1     1K       -        1  64\n          LED     2     1K       -        2  16,64\n         cdev     7     1K       -        7  128\n       DEVFS1    60    15K       -       62  256\n       DEVFS3    73    10K       -       82  128\n     filedesc    23     6K       -      973  256\n         kenv    61     6K       -       63  16,32,64,128,4096\n    proc-args     4     1K       -      304  32,64,128\n        hhook     2     1K       -        2  128\n      ithread    58     5K       -       58  16,64,128\n     nexusdev     4     1K       -        4  16\n        DEVFS    10     1K       -       11  16,64\n       KTRACE   100    13K       -      100  128\n\n------------------------------------------------------------------------\nvmstat -z\n\nITEM                   SIZE  LIMIT     USED     FREE      REQ FAIL SLEEP\n\nUMA Kegs:               128,      0,      95,      25,      95,   0,   0\nUMA Zones:              152,      0,      95,       1,      95,   0,   0\nUMA Slabs:              284,      0,     219,       5,     286,   0,   0\nUMA RCntSlabs:          544,      0,     195,       1,     195,   0,   0\nUMA Hash:               128,      0,       2,      28,       2,   0,   0\n16 Bucket:               76,      0,      29,      21,      29,   0,   0\n32 Bucket:              140,      0,      15,      13,      15,   0,   0\n64 Bucket:              268,      0,      16,      12,      16,   0,   0\n128 Bucket:             524,      0,      15,       6,      15,   0,   0\nVM OBJECT:              148,      0,     441,      79,   10197,   0,   0\nMAP:                    140,      0,       7,      49,       7,   0,   0\nKMAP ENTRY:              72,  31747,      32,     127,    1458,   0,   0\nMAP ENTRY:               72,      0,      48,     164,   20010,   0,   0\nfakepg:                  72,      0,       0,       0,       0,   0,   0\nmt_zone:                 76,      0,     226,      74,     226,   0,   0\n16:                      16,      0,    1265,     156,    2252,   0,   0\n32:                      32,      0,    1203,     153,    2742,   0,   0\n64:                      64,      0,    2635,      79,    4583,   0,   0\n128:                    128,      0,     807,      33,    2185,   0,   0\n256:                    256,      0,     571,      14,    1909,   0,   0\n512:                    512,      0,      54,       2,     491,   0,   0\n1024:                  1024,      0,      20,      48,     349,   0,   0\n2048:                  2048,      0,     151,      15,     193,   0,   0\n4096:                  4096,      0,      60,       5,    4086,   0,   0\nFiles:                   56,      0,       5,     129,    3491,   0,   0\nTURNSTILE:               72,      0,      66,      54,      66,   0,   0\numtx pi:                 52,      0,       0,       0,       0,   0,   0\nPROC:                   720,      0,      22,       8,     972,   0,   0\nTHREAD:                 736,      0,      56,       9,      56,   0,   0\nSLEEPQUEUE:              44,      0,      66,     111,      66,   0,   0\nVMSPACE:                232,      0,       5,      29,     956,   0,   0\ncpuset:                  40,      0,      45,     139,      45,   0,   0\nmbuf_packet:            256,      0,     384,      13,     384,   0,   0\nmbuf:                   256,      0,      38,     103,      38,   0,   0\nmbuf_cluster:          2048,  16960,     384,       6,     384,   0,   0\nmbuf_jumbo_page:       4096,   8480,       0,       0,       0,   0,   0\nmbuf_jumbo_9k:         9216,  12720,       0,       0,       0,   0,   0\nmbuf_jumbo_16k:       16384,   8480,       0,       0,       0,   0,   0\nmbuf_ext_refcnt:          4,      0,       0,       0,       0,   0,   0\ng_bio:                  140,      0,       0,      84,  603977,   0,   0\nttyinq:                 152,      0,      30,      48,      30,   0,   0\nttyoutq:                256,      0,      16,      14,      16,   0,   0\nata_request:            204,      0,       1,      37,  121634,   0,   0\nata_composite:          180,      0,       0,       0,       0,   0,   0\ncryptop:                 60,      0,       0,       0,       0,   0,   0\ncryptodesc:              56,      0,       0,       0,       0,   0,   0\nVNODE:                  272,      0,     448,      28,     451,   0,   0\nVNODEPOLL:               60,      0,       0,       0,       0,   0,   0\nS VFS Cache:             72,      0,     380,      44,     581,   0,   0\nSTS VFS Cache:           92,      0,       0,       0,       0,   0,   0\nL VFS Cache:            292,      0,       0,       0,       0,   0,   0\nLTS VFS Cache:          312,      0,       0,       0,       0,   0,   0\nNAMEI:                 1024,      0,       0,       8,    4968,   0,   0\nDIRHASH:               1024,      0,      84,      12,      84,   0,   0\npipe:                   400,      0,       0,      20,     661,   0,   0\nMountpoints:            660,      0,       3,       9,       3,   0,   0\nksiginfo:                80,      0,      22,    1034,      22,   0,   0\nitimer:                 220,      0,       0,       0,       0,   0,   0\npfsrctrpl:              124,      0,       0,       0,       0,   0,   0\npfrulepl:               852,      0,       0,       0,       0,   0,   0\npfstatepl:              204,  10013,       0,       0,       0,   0,   0\npfstatekeypl:           204,      0,       0,       0,       0,   0,   0\npfstateitempl:          204,      0,       0,       0,       0,   0,   0\npfaltqpl:               224,      0,       0,       0,       0,   0,   0\npfpooladdrpl:            68,      0,       0,       0,       0,   0,   0\npfrktable:             1240,      0,       0,       0,       0,   0,   0\npfrkentry:               92,      0,       0,       0,       0,   0,   0\npffrent:                 16,   5075,       0,       0,       0,   0,   0\npffrag:                  48,      0,       0,       0,       0,   0,   0\npffrcache:               48,  10062,       0,       0,       0,   0,   0\npffrcent:                12,  50141,       0,       0,       0,   0,   0\npfstatescrub:            28,      0,       0,       0,       0,   0,   0\npfiaddrpl:              100,      0,       0,       0,       0,   0,   0\npfospfen:               108,      0,       0,       0,       0,   0,   0\npfosfp:                  28,      0,       0,       0,       0,   0,   0\nKNOTE:                   72,      0,       0,       0,       0,   0,   0\nsocket:                 416,  16965,       1,      17,     140,   0,   0\nipq:                     32,    565,       0,       0,       0,   0,   0\nudp_inpcb:              252,  16965,       0,      30,     124,   0,   0\nudpcb:                    8,  17052,       0,     203,     124,   0,   0\ntcp_inpcb:              252,  16965,       0,       0,       0,   0,   0\ntcpcb:                  688,  16960,       0,       0,       0,   0,   0\ntcptw:                   52,   3456,       0,       0,       0,   0,   0\nsyncache:               120,  15360,       0,       0,       0,   0,   0\nhostcache:               76,  15400,       0,       0,       0,   0,   0\ntcpreass:                20,   1183,       0,       0,       0,   0,   0\nsackhole:                20,      0,       0,       0,       0,   0,   0\nripcb:                  252,  16965,       0,       0,       0,   0,   0\nunpcb:                  172,  16974,       1,      45,      16,   0,   0\nrtentry:                108,      0,      25,      47,      25,   0,   0\nselfd:                   28,      0,       1,     253,      85,   0,   0\nip4flow:                 40,  17020,       0,       0,       0,   0,   0\nip6flow:                 64,  16994,       6,     168,       6,   0,   0\nSWAPMETA:               276,  62748,       0,       0,       0,   0,   0\nFFS inode:              116,      0,     436,      59,     437,   0,   0\nFFS1 dinode:            128,      0,       0,       0,       0,   0,   0\nFFS2 dinode:            256,      0,     436,      14,     437,   0,   0\n\n\n------------------------------------------------------------------------\nvmstat -i\n\ninterrupt                          total       rate\nirq0: attimer0                    376716       1652\nirq4: uart0                          427          1\nirq7:                                  4          0\nstray irq7                             4          0\nirq14: ata0                       121003        530\nirq15: ata1 ohci0+                    33          0\nTotal                             498187       2185\n\n------------------------------------------------------------------------\npstat -T\n\n  5/10240 files\n0M/511M swap space\n\n------------------------------------------------------------------------\npstat -s\n\nDevice          512-blocks     Used    Avail Capacity\n/dev/ad0s1b        1048320        0  1048320     0%\n\n------------------------------------------------------------------------\niostat\n\niostat: kvm_read(_tk_nin): invalid address (0x0)\niostat: disabling TTY statistics\n             ad0             cpu\n  KB/t tps  MB/s  us ni sy in id\n  5.07 528  2.61   9  0  8  1 82\n\n------------------------------------------------------------------------\nipcs -a\n\nMessage Queues:\nT           ID          KEY MODE        OWNER    GROUP    CREATOR  CGROUP                 CBYTES                 QNUM               QBYTES        LSPID        LRPID STIME    RTIME    CTIME   \n\nShared Memory:\nT           ID          KEY MODE        OWNER    GROUP    CREATOR  CGROUP         NATTCH        SEGSZ         CPID         LPID ATIME    DTIME    CTIME   \n\nSemaphores:\nT           ID          KEY MODE        OWNER    GROUP    CREATOR  CGROUP          NSEMS OTIME    CTIME   \n\n\n------------------------------------------------------------------------\nipcs -T\n\nmsginfo:\n\tmsgmax:        16384\t(max characters in a message)\n\tmsgmni:           40\t(# of message queues)\n\tmsgmnb:         2048\t(max characters in a message queue)\n\tmsgtql:           40\t(max # of messages in system)\n\tmsgssz:            8\t(size of a message segment)\n\tmsgseg:         2048\t(# of message segments in system)\n\nshminfo:\n\tshmmax:    536870912\t(max shared memory segment size)\n\tshmmin:            1\t(min shared memory segment size)\n\tshmmni:          192\t(max number of shared memory identifiers)\n\tshmseg:          128\t(max shared memory segments per process)\n\tshmall:       131072\t(max amount of shared memory in pages)\n\nseminfo:\n\tsemmni:           50\t(# of semaphore identifiers)\n\tsemmns:          340\t(# of semaphores in system)\n\tsemmnu:          150\t(# of undo structures in system)\n\tsemmsl:          340\t(max # of semaphores per id)\n\tsemopm:          100\t(max # of operations per semop call)\n\tsemume:           50\t(max # of undo entries per process)\n\tsemusz:          616\t(size in bytes of undo structure)\n\tsemvmx:        32767\t(semaphore maximum value)\n\tsemaem:        16384\t(adjust on exit max value)\n\n\n------------------------------------------------------------------------\nnfsstat\n\nClient Info:\nRpc Counts:\n  Getattr   Setattr    Lookup  Readlink      Read     Write    Create    Remove\n        0         0         0         0         0         0         0         0\n   Rename      Link   Symlink     Mkdir     Rmdir   Readdir  RdirPlus    Access\n        0         0         0         0         0         0         0         0\n    Mknod    Fsstat    Fsinfo  PathConf    Commit\n        0         0         0         0         0\nRpc Info:\n TimedOut   Invalid X Replies   Retries  Requests\n        0         0         0         0         0\nCache Info:\nAttr Hits    Misses Lkup Hits    Misses BioR Hits    Misses BioW Hits    Misses\n        0         0         0         0         0         0         0         0\nBioRLHits    Misses BioD Hits    Misses DirE Hits    Misses Accs Hits    Misses\n        0         0         0         0         0         0         0         0\n\nServer Info:\n  Getattr   Setattr    Lookup  Readlink      Read     Write    Create    Remove\n        0         0         0         0         0         0         0         0\n   Rename      Link   Symlink     Mkdir     Rmdir   Readdir  RdirPlus    Access\n        0         0         0         0         0         0         0         0\n    Mknod    Fsstat    Fsinfo  PathConf    Commit\n        0         0         0         0         0\nServer Ret-Failed\n                0\nServer Faults\n            0\nServer Cache Stats:\n   Inprog      Idem  Non-idem    Misses\n        0         0         0         0\nServer Write Gathering:\n WriteOps  WriteRPC   Opsaved\n        0         0         0\n\n------------------------------------------------------------------------\nnetstat -s\n\ntcp:\n\t0 packets sent\n\t\t0 data packets (0 bytes)\n\t\t0 data packets (0 bytes) retransmitted\n\t\t0 data packets unnecessarily retransmitted\n\t\t0 resends initiated by MTU discovery\n\t\t0 ack-only packets (0 delayed)\n\t\t0 URG only packets\n\t\t0 window probe packets\n\t\t0 window update packets\n\t\t0 control packets\n\t0 packets received\n\t\t0 acks (for 0 bytes)\n\t\t0 duplicate acks\n\t\t0 acks for unsent data\n\t\t0 packets (0 bytes) received in-sequence\n\t\t0 completely duplicate packets (0 bytes)\n\t\t0 old duplicate packets\n\t\t0 packets with some dup. data (0 bytes duped)\n\t\t0 out-of-order packets (0 bytes)\n\t\t0 packets (0 bytes) of data after window\n\t\t0 window probes\n\t\t0 window update packets\n\t\t0 packets received after close\n\t\t0 discarded for bad checksums\n\t\t0 discarded for bad header offset fields\n\t\t0 discarded because packet too short\n\t\t0 discarded due to memory problems\n\t0 connection requests\n\t0 connection accepts\n\t0 bad connection attempts\n\t0 listen queue overflows\n\t0 ignored RSTs in the windows\n\t0 connections established (including accepts)\n\t0 connections closed (including 0 drops)\n\t\t0 connections updated cached RTT on close\n\t\t0 connections updated cached RTT variance on close\n\t\t0 connections updated cached ssthresh on close\n\t0 embryonic connections dropped\n\t0 segments updated rtt (of 0 attempts)\n\t0 retransmit timeouts\n\t\t0 connections dropped by rexmit timeout\n\t0 persist timeouts\n\t\t0 connections dropped by persist timeout\n\t0 Connections (fin_wait_2) dropped because of timeout\n\t0 keepalive timeouts\n\t\t0 keepalive probes sent\n\t\t0 connections dropped by keepalive\n\t0 correct ACK header predictions\n\t0 correct data packet header predictions\n\t0 syncache entries added\n\t\t0 retransmitted\n\t\t0 dupsyn\n\t\t0 dropped\n\t\t0 completed\n\t\t0 bucket overflow\n\t\t0 cache overflow\n\t\t0 reset\n\t\t0 stale\n\t\t0 aborted\n\t\t0 badack\n\t\t0 unreach\n\t\t0 zone failures\n\t0 cookies sent\n\t0 cookies received\n\t0 hostcache entries added\n\t\t0 bucket overflow\n\t0 SACK recovery episodes\n\t0 segment rexmits in SACK recovery episodes\n\t0 byte rexmits in SACK recovery episodes\n\t0 SACK options (SACK blocks) received\n\t0 SACK options (SACK blocks) sent\n\t0 SACK scoreboard overflow\n\t0 packets with ECN CE bit set\n\t0 packets with ECN ECT(0) bit set\n\t0 packets with ECN ECT(1) bit set\n\t0 successful ECN handshakes\n\t0 times ECN reduced the congestion window\nudp:\n\t0 datagrams received\n\t0 with incomplete header\n\t0 with bad data length field\n\t0 with bad checksum\n\t0 with no checksum\n\t0 dropped due to no socket\n\t0 broadcast/multicast datagrams undelivered\n\t0 dropped due to full socket buffers\n\t0 not for hashed pcb\n\t0 delivered\n\t0 datagrams output\n\t0 times multicast source filter matched\nip:\n\t0 total packets received\n\t0 bad header checksums\n\t0 with size smaller than minimum\n\t0 with data size \u003c data length\n\t0 with ip length \u003e max ip packet size\n\t0 with header length \u003c data size\n\t0 with data length \u003c header length\n\t0 with bad options\n\t0 with incorrect version number\n\t0 fragments received\n\t0 fragments dropped (dup or out of space)\n\t0 fragments dropped after timeout\n\t0 packets reassembled ok\n\t0 packets for this host\n\t0 packets for unknown/unsupported protocol\n\t0 packets forwarded (0 packets fast forwarded)\n\t0 packets not forwardable\n\t0 packets received for unknown multicast group\n\t0 redirects sent\n\t0 packets sent from this host\n\t0 packets sent with fabricated ip header\n\t0 output packets dropped due to no bufs, etc.\n\t0 output packets discarded due to no route\n\t0 output datagrams fragmented\n\t0 fragments created\n\t0 datagrams that can't be fragmented\n\t0 tunneling packets that can't find gif\n\t0 datagrams with bad address in header\nicmp:\n\t0 calls to icmp_error\n\t0 errors not generated in response to an icmp message\n\t0 messages with bad code fields\n\t0 messages less than the minimum length\n\t0 messages with bad checksum\n\t0 messages with bad length\n\t0 multicast echo requests ignored\n\t0 multicast timestamp requests ignored\n\t0 message responses generated\n\t0 invalid return addresses\n\t0 no return routes\nigmp:\n\t0 messages received\n\t0 messages received with too few bytes\n\t0 messages received with wrong TTL\n\t0 messages received with bad checksum\n\t0 V1/V2 membership queries received\n\t0 V3 membership queries received\n\t0 membership queries received with invalid field(s)\n\t0 general queries received\n\t0 group queries received\n\t0 group-source queries received\n\t0 group-source queries dropped\n\t0 membership reports received\n\t0 membership reports received with invalid field(s)\n\t0 membership reports received for groups to which we belong\n\t0 V3 reports received without Router Alert\n\t0 membership reports sent\narp:\n\t4 ARP requests sent\n\t0 ARP replies sent\n\t0 ARP requests received\n\t0 ARP replies received\n\t0 ARP packets received\n\t0 total packets dropped due to no ARP entry\n\t0 ARP entrys timed out\n\t0 Duplicate IPs seen\nip6:\n\t0 total packets received\n\t0 with size smaller than minimum\n\t0 with data size \u003c data length\n\t0 with bad options\n\t0 with incorrect version number\n\t0 fragments received\n\t0 fragments dropped (dup or out of space)\n\t0 fragments dropped after timeout\n\t0 fragments that exceeded limit\n\t0 packets reassembled ok\n\t0 packets for this host\n\t0 packets forwarded\n\t0 packets not forwardable\n\t0 redirects sent\n\t9 packets sent from this host\n\t0 packets sent with fabricated ip header\n\t0 output packets dropped due to no bufs, etc.\n\t0 output packets discarded due to no route\n\t0 output datagrams fragmented\n\t0 fragments created\n\t0 datagrams that can't be fragmented\n\t0 packets that violated scope rules\n\t0 multicast packets which we don't join\n\tMbuf statistics:\n\t\t0 one mbuf\n\t\t0 one ext mbuf\n\t\t0 two or more ext mbuf\n\t0 packets whose headers are not contiguous\n\t0 tunneling packets that can't find gif\n\t0 packets discarded because of too many headers\n\t0 failures of source address selection\n\tSource addresses selection rule applied:\nicmp6:\n\t0 calls to icmp6_error\n\t0 errors not generated in response to an icmp6 message\n\t0 errors not generated because of rate limitation\n\tOutput histogram:\n\t\tneighbor solicitation: 3\n\t\tMLDv2 listener report: 6\n\t0 messages with bad code fields\n\t0 messages \u003c minimum length\n\t0 bad checksums\n\t0 messages with bad length\n\tHistogram of error messages to be generated:\n\t\t0 no route\n\t\t0 administratively prohibited\n\t\t0 beyond scope\n\t\t0 address unreachable\n\t\t0 port unreachable\n\t\t0 packet too big\n\t\t0 time exceed transit\n\t\t0 time exceed reassembly\n\t\t0 erroneous header field\n\t\t0 unrecognized next header\n\t\t0 unrecognized option\n\t\t0 redirect\n\t\t0 unknown\n\t0 message responses generated\n\t0 messages with too many ND options\n\t0 messages with bad ND options\n\t0 bad neighbor solicitation messages\n\t0 bad neighbor advertisement messages\n\t0 bad router solicitation messages\n\t0 bad router advertisement messages\n\t0 bad redirect messages\n\t0 path MTU changes\nrip6:\n\t0 messages received\n\t0 checksum calculations on inbound\n\t0 messages with bad checksum\n\t0 messages dropped due to no socket\n\t0 multicast messages dropped due to no socket\n\t0 messages dropped due to full socket buffers\n\t0 delivered\n\t0 datagrams output\n\n------------------------------------------------------------------------\nnetstat -m\n\n422/116/538 mbufs in use (current/cache/total)\n371/19/390/16960 mbuf clusters in use (current/cache/total/max)\n384/13 mbuf+clusters out of packet secondary zone in use (current/cache)\n0/0/0/8480 4k (page size) jumbo clusters in use (current/cache/total/max)\n0/0/0/12720 9k jumbo clusters in use (current/cache/total/max)\n0/0/0/8480 16k jumbo clusters in use (current/cache/total/max)\n847K/67K/914K bytes allocated to network (current/cache/total)\n0/0/0 requests for mbufs denied (mbufs/clusters/mbuf+clusters)\n0/0/0 requests for jumbo clusters denied (4k/9k/16k)\n0 requests for sfbufs denied\n0 requests for sfbufs delayed\n0 requests for I/O initiated by sendfile\n0 calls to protocol drain routines\n\n------------------------------------------------------------------------\nnetstat -id\n\nName    Mtu Network       Address              Ipkts Ierrs Idrop    Opkts Oerrs  Coll Drop\nvr0    1500 \u003cLink#1\u003e      00:00:24:cb:a6:80        0     0     0        0     0     0    0 \nvr0    1500 10.1.0.0      10.1.0.2                 0     -     -        0     -     -    - \nvr0    1500 fe80::200:24f fe80::200:24ff:fe        0     -     -        1     -     -    - \nvr1    1500 \u003cLink#2\u003e      00:00:24:cb:a6:81        0     0     0        0     0     0    0 \nvr1    1500 10.1.1.0      10.1.1.1                 0     -     -        0     -     -    - \nvr1    1500 fe80::200:24f fe80::200:24ff:fe        0     -     -        1     -     -    - \nvr1    1500 10.1.1.0      10.1.1.10                0     -     -        0     -     -    - \nvr2    1500 \u003cLink#3\u003e      00:00:24:cb:a6:82        0     0     0        0     0     0    0 \nvr2    1500 10.1.2.0      10.1.2.1                 0     -     -        0     -     -    - \nvr2    1500 fe80::200:24f fe80::200:24ff:fe        0     -     -        1     -     -    - \nvr3*   1500 \u003cLink#4\u003e      00:00:24:cb:a6:83        0     0     0        0     0     0    0 \nusbus     0 \u003cLink#5\u003e                               0     0     0        0     0     0    0 \nusbus     0 \u003cLink#6\u003e                               0     0     0        0     0     0    0 \nlo0   16384 \u003cLink#7\u003e                               0     0     0        0     0     0    0 \nlo0   16384 localhost     ::1                      0     -     -        0     -     -    - \nlo0   16384 fe80::1%lo0   fe80::1                  0     -     -        0     -     -    - \nlo0   16384 your-net      localhost                0     -     -        0     -     -    - \n\n------------------------------------------------------------------------\nnetstat -anr\n\nRouting tables\n\nInternet:\nDestination        Gateway            Flags    Refs      Use  Netif Expire\n10.1.0.0/24        link#1             U           0        0    vr0\n10.1.0.2           link#1             UHS         0        0    lo0\n10.1.1.0/24        link#2             U           0        0    vr1\n10.1.1.1           link#2             UHS         0        0    lo0\n10.1.1.10          link#2             UHS         0        0    lo0\n10.1.2.0/24        link#3             U           0        0    vr2\n10.1.2.1           link#3             UHS         0        0    lo0\n127.0.0.1          link#7             UH          0        0    lo0\n\nInternet6:\nDestination                       Gateway                       Flags      Netif Expire\n::1                               link#7                        UH          lo0\nfe80::%vr0/64                     link#1                        U           vr0\nfe80::200:24ff:fecb:a680%vr0      link#1                        UHS         lo0\nfe80::%vr1/64                     link#2                        U           vr1\nfe80::200:24ff:fecb:a681%vr1      link#2                        UHS         lo0\nfe80::%vr2/64                     link#3                        U           vr2\nfe80::200:24ff:fecb:a682%vr2      link#3                        UHS         lo0\nfe80::%lo0/64                     link#7                        U           lo0\nfe80::1%lo0                       link#7                        UHS         lo0\nff01::%vr0/32                     fe80::200:24ff:fecb:a680%vr0  U           vr0\nff01::%vr1/32                     fe80::200:24ff:fecb:a681%vr1  U           vr1\nff01::%vr2/32                     fe80::200:24ff:fecb:a682%vr2  U           vr2\nff01::%lo0/32                     ::1                           U           lo0\nff02::%vr0/32                     fe80::200:24ff:fecb:a680%vr0  U           vr0\nff02::%vr1/32                     fe80::200:24ff:fecb:a681%vr1  U           vr1\nff02::%vr2/32                     fe80::200:24ff:fecb:a682%vr2  U           vr2\nff02::%lo0/32                     ::1                           U           lo0\n\n------------------------------------------------------------------------\nnetstat -anA\n\nActive UNIX domain sockets\nAddress  Type   Recv-Q Send-Q    Inode     Conn     Refs  Nextref Addr\nc3ab4968 stream      0      0 c3b24110        0        0        0 /var/run/devd.pipe\n\n------------------------------------------------------------------------\nnetstat -aL\n\nunix  0/0/4          /var/run/devd.pipe\n\n------------------------------------------------------------------------\nfstat\n\nUSER     CMD          PID   FD MOUNT      INUM MODE         SZ|DV R/W\nroot     kldload      972 root /             2 drwxr-xr-x    1024  r\nroot     kldload      972   wd /             2 drwxr-xr-x    1024  r\nroot     kldload      972 text /        1113609 -r-xr-xr-x    6364  r\nroot     kldload      972 ctty /dev          4 crw-------  console rw\nroot     kldload      972    0 /dev          4 crw-------  console rw\nroot     kldload      972    1 /dev          4 crw-------  console rw\nroot     kldload      972    2 /dev          4 crw-------  console rw\nroot     devd         674 root /             2 drwxr-xr-x    1024  r\nroot     devd         674   wd /             2 drwxr-xr-x    1024  r\nroot     devd         674 text /        1113431 -r-xr-xr-x  385628  r\nroot     devd         674 ctty /dev          4 crw-------  console rw\nroot     devd         674    0 /dev          4 crw-------  console rw\nroot     devd         674    1 /dev          4 crw-------  console rw\nroot     devd         674    2 /dev          4 crw-------  console rw\nroot     devd         674    3 /dev          5 crw-------  devctl  r\nroot     devd         674    4* local stream c3ab4968\nroot     sh           673 root /             2 drwxr-xr-x    1024  r\nroot     sh           673   wd /             2 drwxr-xr-x    1024  r\nroot     sh           673 text /         26198 -r-xr-xr-x  112704  r\nroot     sh           673 ctty /dev          4 crw-------  console rw\nroot     sh           673    0 /dev          4 crw-------  console rw\nroot     sh           673    1 /dev          4 crw-------  console rw\nroot     sh           673    2 /dev          4 crw-------  console rw\nroot     sh           673   10 /        332864 -r-xr-xr-x     690  r\nroot     sh            19 root /             2 drwxr-xr-x    1024  r\nroot     sh            19   wd /             2 drwxr-xr-x    1024  r\nroot     sh            19 text /         26198 -r-xr-xr-x  112704  r\nroot     sh            19 ctty /dev          4 crw-------  console rw\nroot     sh            19    0 /dev          4 crw-------  console rw\nroot     sh            19    1 /dev          4 crw-------  console rw\nroot     sh            19    2 /dev          4 crw-------  console rw\nroot     sh            19   10 /        330112 -rw-r--r--    3720  r\nroot     init           1 root /             2 drwxr-xr-x    1024  r\nroot     init           1   wd /             2 drwxr-xr-x    1024  r\nroot     init           1 text /        1113557 -r-xr-xr-x  412540  r\n\n------------------------------------------------------------------------\ndmesg\n\nCopyright (c) 1992-2012 The FreeBSD Project.\nCopyright (c) 1979, 1980, 1983, 1986, 1988, 1989, 1991, 1992, 1993, 1994\n\tThe Regents of the University of California. All rights reserved.\nFreeBSD is a registered trademark of The FreeBSD Foundation.\nFreeBSD 9.0-STABLE #0: Sat Jun  2 13:49:45 CEST 2012\n    root@cakebox.tis:/usr/obj/export/src/sys/net5501 i386\nmodule_register: module accf_data already exists!\nModule accf_data failed to register: 17\nmodule_register: module accf_http already exists!\nModule accf_http failed to register: 17\nCPU: Geode(TM) Integrated Processor by AMD PCS (499.91-MHz 586-class CPU)\n  Origin = \"AuthenticAMD\"  Id = 0x5a2  Family = 5  Model = a  Stepping = 2\n  Features=0x88a93d\u003cFPU,DE,PSE,TSC,MSR,CX8,SEP,PGE,CMOV,CLFLUSH,MMX\u003e\n  AMD Features=0xc0400000\u003cMMX+,3DNow!+,3DNow!\u003e\nreal memory  = 536870912 (512 MB)\navail memory = 511684608 (487 MB)\nK6-family MTRR support enabled (2 registers)\nmodule_register_init: MOD_LOAD (accf_data, 0xc077b392, 0xc0bfd400) error 17\nmodule_register_init: MOD_LOAD (accf_http, 0xc077b392, 0xc0bffac0) error 17\ncryptosoft0: \u003csoftware crypto\u003e on motherboard\npcib0 pcibus 0 on motherboard\npci0: \u003cPCI bus\u003e on pcib0\nGeode LX: Soekris net5501 comBIOS ver. 1.33 20070103 Copyright (C) 2000-2007\nglxsb0: \u003cAMD Geode LX Security Block (AES-128-CBC, RNG)\u003e mem 0xa0000000-0xa0003fff irq 10 at device 1.2 on pci0\nvr0: \u003cVIA VT6105M Rhine III 10/100BaseTX\u003e port 0xe100-0xe1ff mem 0xa0004000-0xa00040ff irq 11 at device 6.0 on pci0\nvr0: Quirks: 0x2\nvr0: Revision: 0x96\nmiibus0: \u003cMII bus\u003e on vr0\nukphy0: \u003cGeneric IEEE 802.3u media interface\u003e PHY 1 on miibus0\nukphy0:  none, 10baseT, 10baseT-FDX, 100baseTX, 100baseTX-FDX, auto, auto-flow\nvr0: Ethernet address: 00:00:24:cb:a6:80\nvr1: \u003cVIA VT6105M Rhine III 10/100BaseTX\u003e port 0xe200-0xe2ff mem 0xa0004100-0xa00041ff irq 5 at device 7.0 on pci0\nvr1: Quirks: 0x2\nvr1: Revision: 0x96\nmiibus1: \u003cMII bus\u003e on vr1\nukphy1: \u003cGeneric IEEE 802.3u media interface\u003e PHY 1 on miibus1\nukphy1:  none, 10baseT, 10baseT-FDX, 100baseTX, 100baseTX-FDX, auto, auto-flow\nvr1: Ethernet address: 00:00:24:cb:a6:81\nvr2: \u003cVIA VT6105M Rhine III 10/100BaseTX\u003e port 0xe300-0xe3ff mem 0xa0004200-0xa00042ff irq 9 at device 8.0 on pci0\nvr2: Quirks: 0x2\nvr2: Revision: 0x96\nmiibus2: \u003cMII bus\u003e on vr2\nukphy2: \u003cGeneric IEEE 802.3u media interface\u003e PHY 1 on miibus2\nukphy2:  none, 10baseT, 10baseT-FDX, 100baseTX, 100baseTX-FDX, auto, auto-flow\nvr2: Ethernet address: 00:00:24:cb:a6:82\nvr3: \u003cVIA VT6105M Rhine III 10/100BaseTX\u003e port 0xe400-0xe4ff mem 0xa0004300-0xa00043ff irq 12 at device 9.0 on pci0\nvr3: Quirks: 0x2\nvr3: Revision: 0x96\nmiibus3: \u003cMII bus\u003e on vr3\nukphy3: \u003cGeneric IEEE 802.3u media interface\u003e PHY 1 on miibus3\nukphy3:  none, 10baseT, 10baseT-FDX, 100baseTX, 100baseTX-FDX, auto, auto-flow\nvr3: Ethernet address: 00:00:24:cb:a6:83\nisab0: \u003cPCI-ISA bridge\u003e at device 20.0 on pci0\nisa0: \u003cISA bus\u003e on isab0\natapci0: \u003cAMD CS5536 UDMA100 controller\u003e port 0x1f0-0x1f7,0x3f6,0x170-0x177,0x376,0xe000-0xe00f at device 20.2 on pci0\nata0: \u003cATA channel\u003e at channel 0 on atapci0\nata1: \u003cATA channel\u003e at channel 1 on atapci0\nohci0: \u003cOHCI (generic) USB controller\u003e mem 0xa0005000-0xa0005fff irq 15 at device 21.0 on pci0\nusbus0 on ohci0\nehci0: \u003cAMD CS5536 (Geode) USB 2.0 controller\u003e mem 0xa0006000-0xa0006fff irq 15 at device 21.1 on pci0\nusbus1: EHCI version 1.0\nusbus1 on ehci0\ncpu0 on motherboard\norm0: \u003cISA Option ROM\u003e at iomem 0xc8000-0xd27ff pnpid ORM0000 on isa0\natrtc0: \u003cAT realtime clock\u003e at port 0x70 irq 8 on isa0\nEvent timer \"RTC\" frequency 32768 Hz quality 0\nattimer0: \u003cAT timer\u003e at port 0x40 on isa0\nTimecounter \"i8254\" frequency 1193182 Hz quality 0\nEvent timer \"i8254\" frequency 1193182 Hz quality 100\nuart0: \u003c16550 or compatible\u003e at port 0x3f8-0x3ff irq 4 flags 0x10 on isa0\nuart0: console (19200,n,8,1)\nuart1: \u003c16550 or compatible\u003e at port 0x2f8-0x2ff irq 3 on isa0\nTimecounters tick every 1.000 msec\nusbus0: 12Mbps Full Speed USB v1.0\nusbus1: 480Mbps High Speed USB v2.0\nugen0.1: \u003cAMD\u003e at usbus0\nuhub0: \u003cAMD OHCI root HUB, class 9/0, rev 1.00/1.00, addr 1\u003e on usbus0\nugen1.1: \u003cAMD\u003e at usbus1\nuhub1: \u003cAMD EHCI root HUB, class 9/0, rev 2.00/1.00, addr 1\u003e on usbus1\nGEOMad0: 152627MB \u003cSAMSUNG HM160HC LQ100-10\u003e at ata0-master UDMA100 \n_SCHED: Initializing global data.\nGEOM_SCHED: Loading: mp = 0xc0c127a0, g_sched_class = 0xc0c127a0.\nTimecounter \"TSC\" frequency 499912569 Hz quality 800\nRoot mount waiting for: usbus1 usbus0\nuhub0: 4 ports with 4 removable, self powered\nRoot mount waiting for: usbus1\nuhub1: 4 ports with 4 removable, self powered\nRoot mount waiting for: usbus1\nRoot mount waiting for: usbus1\nugen1.2: \u003cUSB Modem\u003e at usbus1\nTrying to mount root from ufs:/dev/ad0s1a [rw]...\nWARNING: / was not properly dismounted\nugen1.2: \u003cUSB Modem\u003e at usbus1 (disconnected)\n/etc/rc: WARNING: unable to set vm.pmap.shpgperproc=1024\nSetting hostuuid: 108e297c-1e3d-11de-9f18-000024cba680.\nSetting hostid: 0xd08e06b1.\nEntropy harvesting: interrupts ethernet point_to_pointugen1.2: \u003cUSB Modem\u003e at usbus1\nu3g0: \u003cUSB Modem USB Modem, class 0/0, rev 2.00/0.00, addr 2\u003e on usbus1\nu3g0: Found 4 ports.\n kickstart.\nStarting file system checks:\n/dev/ad0s1a: UNREF FILE I=376982  OWNER=root MODE=100644\n/dev/ad0s1a: SIZE=0 MTIME=Jun  5 12:41 2012  (CLEARED)\n/dev/ad0s1a: UNREF FILE I=377748  OWNER=root MODE=140666\n/dev/ad0s1a: SIZE=0 MTIME=Jun  2 10:10 2012  (CLEARED)\n/dev/ad0s1a: UNREF FILE I=378126  OWNER=mysql MODE=100600\n/dev/ad0s1a: SIZE=0 MTIME=Jun  2 10:10 2012  (CLEARED)\n/dev/ad0s1a: UNREF FILE I=378128  OWNER=mysql MODE=100600\n/dev/ad0s1a: SIZE=20 MTIME=Jun  5 05:38 2012  (CLEARED)\n/dev/ad0s1a: UNREF FILE I=378131  OWNER=mysql MODE=100600\n/dev/ad0s1a: SIZE=0 MTIME=Jun  2 10:10 2012  (CLEARED)\n/dev/ad0s1a: UNREF FILE I=378132  OWNER=mysql MODE=100600\n/dev/ad0s1a: SIZE=0 MTIME=Jun  2 10:10 2012  (CLEARED)\n/dev/ad0s1a: UNREF FILE I=378135  OWNER=mysql MODE=100600\n/dev/ad0s1a: SIZE=0 MTIME=Jun  2 10:10 2012  (CLEARED)\n/dev/ad0s1a: UNREF FILE I=448233  OWNER=root MODE=100600\n/dev/ad0s1a: SIZE=0 MTIME=Jun  3 13:12 2012  (CLEARED)\n/dev/ad0s1a: UNREF FILE I=685566  OWNER=root MODE=100666\n/dev/ad0s1a: SIZE=168872 MTIME=Feb 26 04:03 2012  (CLEARED)\n/dev/ad0s1a: UNREF FILE I=942323  OWNER=root MODE=100600\n/dev/ad0s1a: SIZE=28 MTIME=Jun  5 22:24 2012  (CLEARED)\n/dev/ad0s1a: UNREF FILE I=942325  OWNER=root MODE=100600\n/dev/ad0s1a: SIZE=35 MTIME=Jun  5 23:45 2012  (CLEARED)\n/dev/ad0s1a: UNREF FILE I=942327  OWNER=root MODE=100600\n/dev/ad0s1a: SIZE=1261 MTIME=Jun  6 00:40 2012  (CLEARED)\n/dev/ad0s1a: UNREF FILE I=942333  OWNER=root MODE=100600\n/dev/ad0s1a: SIZE=28 MTIME=Jun  5 23:46 2012  (CLEARED)\n/dev/ad0s1a: UNREF FILE I=1861095  OWNER=root MODE=100555\n/dev/ad0s1a: SIZE=308084 MTIME=Feb 18 13:12 2012  (CLEARED)\n/dev/ad0s1a: FREE BLK COUNT(S) WRONG IN SUPERBLK (SALVAGED)\n/dev/ad0s1a: SUMMARY INFORMATION BAD (SALVAGED)\n/dev/ad0s1a: BLK(S) MISSING IN BIT MAPS (SALVAGED)\n/dev/ad0s1a: 636459 files, 8668371 used, 1485828 free (349732 frags, 142012 blocks, 3.4% fragmentation)\nMounting local file systems:.\nSetting hostname: cakebox.tis.\n/etc/rc: WARNING: $ifconfig_vr1_alias0 needs  \"inet\" keyword for an IPv4 address.\nStarting Network: lo0 vr0 vr1 vr2 vr3.\nlo0: flags=8049\u003cUP,LOOPBACK,RUNNING,MULTICAST\u003e metric 0 mtu 16384\n\toptions=3\u003cRXCSUM,TXCSUM\u003e\n\tinet6 ::1 prefixlen 128 \n\tinet6 fe80::1%lo0 prefixlen 64 scopeid 0x7 \n\tinet 127.0.0.1 netmask 0xff000000 \n\tnd6 options=21\u003cPERFORMNUD,AUTO_LINKLOCAL\u003e\nvr0: flags=8843\u003cUP,BROADCAST,RUNNING,SIMPLEX,MULTICAST\u003e metric 0 mtu 1500\n\toptions=8280b\u003cRXCSUM,TXCSUM,VLAN_MTU,WOL_UCAST,WOL_MAGIC,LINKSTATE\u003e\n\tether 00:00:24:cb:a6:80\n\tinet 10.1.0.2 netmask 0xffffff00 broadcast 10.1.0.255\n\tinet6 fe80::200:24ff:fecb:a680%vr0 prefixlen 64 tentative scopeid 0x1 \n\tnd6 options=21\u003cPERFORMNUD,AUTO_LINKLOCAL\u003e\n\tmedia: Ethernet autoselect (none)\n\tstatus: no carrier\nvr1: flags=8843\u003cUP,BROADCAST,RUNNING,SIMPLEX,MULTICAST\u003e metric 0 mtu 1500\n\toptions=8280b\u003cRXCSUM,TXCSUM,VLAN_MTU,WOL_UCAST,WOL_MAGIC,LINKSTATE\u003e\n\tether 00:00:24:cb:a6:81\n\tinet 10.1.1.1 netmask 0xffffff00 broadcast 10.1.1.255\n\tinet6 fe80::200:24ff:fecb:a681%vr1 prefixlen 64 tentative scopeid 0x2 \n\tinet 10.1.1.10 netmask 0xffffff00 broadcast 10.1.1.255\n\tnd6 options=21\u003cPERFORMNUD,AUTO_LINKLOCAL\u003e\n\tmedia: Ethernet autoselect (none)\n\tstatus: no carrier\nvr2: flags=8843\u003cUP,BROADCAST,RUNNING,SIMPLEX,MULTICAST\u003e metric 0 mtu 1500\n\toptions=8280b\u003cRXCSUM,TXCSUM,VLAN_MTU,WOL_UCAST,WOL_MAGIC,LINKSTATE\u003e\n\tether 00:00:24:cb:a6:82\n\tinet 10.1.2.1 netmask 0xffffff00 broadcast 10.1.2.255\n\tinet6 fe80::200:24ff:fecb:a682%vr2 prefixlen 64 tentative scopeid 0x3 \n\tnd6 options=21\u003cPERFORMNUD,AUTO_LINKLOCAL\u003e\n\tmedia: Ethernet autoselect (none)\n\tstatus: no carrier\nvr3: flags=8802\u003cBROADCAST,SIMPLEX,MULTICAST\u003e metric 0 mtu 1500\n\toptions=8280b\u003cRXCSUM,TXCSUM,VLAN_MTU,WOL_UCAST,WOL_MAGIC,LINKSTATE\u003e\n\tether 00:00:24:cb:a6:83\n\tnd6 options=21\u003cPERFORMNUD,AUTO_LINKLOCAL\u003e\n\tmedia: Ethernet autoselect\nStarting devd.\nStarting Network: vr3.\nvr3: flags=8802\u003cBROADCAST,SIMPLEX,MULTICAST\u003e metric 0 mtu 1500\n\toptions=8280b\u003cRXCSUM,TXCSUM,VLAN_MTU,WOL_UCAST,WOL_MAGIC,LINKSTATE\u003e\n\tether 00:00:24:cb:a6:83\n\tnd6 options=21\u003cPERFORMNUD,AUTO_LINKLOCAL\u003e\n\tmedia: Ethernet autoselect\nStarting Network: usbus0.\nStarting Network: usbus1.\numass0: \u003cUSB Modem USB Modem, class 0/0, rev 2.00/0.00, addr 2\u003e on usbus1\n\nFatal double fault:\neip = 0xc0466513\nesp = 0xd5a2dc6c\nebp = 0xd5a2e0c8\npanic: double fault\nUptime: 3m12s\nPhysical memory: 499 MB\nDumping 39 MB: 24 8Copyright (c) 1992-2012 The FreeBSD Project.\nCopyright (c) 1979, 1980, 1983, 1986, 1988, 1989, 1991, 1992, 1993, 1994\n\tThe Regents of the University of California. All rights reserved.\nFreeBSD is a registered trademark of "
}