{
 "id": 929633,
 "bug_id": 218478,
 "attachment_id": 0,
 "creation_time": "2017-04-09T04:14:19Z",
 "creator": "iwama@t3.rim.or.jp",
 "text": "Modified 10.3-RELEASE boot (success) log with Sun StorEdge PCI/PCI-X Dual Ultra320 SCSI Host Adapter(LSI22320-S) and Sun Quad GigaSwift PCI-X Adapter:\n\nSun Ultra 30 UPA/PCI (UltraSPARC-II 296MHz), No Keyboard\nOpenBoot 3.27, 1152 MB memory installed, Serial #xxxxxxx.\nEthernet address 8:0:20:xx:xx:xx, Host ID: xxxxxxxx.\n\n\n\nInitializing Memory \\                                                                      Initializing Memory /-\\|/-\\|/-\\|/-\\|/-\\|/-\\|/-\\|/-\\|/-\\|/-\\|/-\\|/-\\|/-\\|/-\\|/-\\|/-\\|/-\\|/-\\|/-\\|/-\\|/-\\|/-\\|/-\\|/-\\|/-\\|/-\\|/-\\|/-\\|/-\\|/-\\|/-\\|/-\\|/-\\|/-\\|/-\\|/-\\|/-\\|/-\\|/-\\|/-\\|/-\\|/-\\|/-\\|/-\\|/-\\|/-\\|/-\\|/-\\|/-\\|/-\\|/-\\|/-\\|/-\\|/-\\|/-\\|/-\\|/-\\|/-\\|/-\\|/-\\|/-\\|/-\\|/-\\|/-\\|/-\\|/-\\|/-\\|/-\\|/-\\|/-\\|/-\\|/-\\|/-\\|/-\\|/-\\|/-\\|/-\\|/-\\|/-\\|/-\\|/-\\|/-\\|/-\\|/-\\|/-\\|/-\\|/-\\|/-\\|/-\\|/-\\|/-\\|/-\\|/-\\|/-\\|/-\\|/-\\|/-\\|/-\\|/-\\|/-\\|/-\\|/-\\|/-\\|/-\\|/-\\|/-\\|/-\\|/-\\|/-\\|/-\\|/-\\|/-\\|/-\\|/-\\|/-\\|/-\\|/-\\|/-\\|/-\\|/-\\|/-\\|/-\\|/-\\|/-\\|/-\\|/-\\|/-\\|/-\\                                                                      Initializing Memory \\|/-\\|/-\\|/-\\|/-\\|/-\\|/-\\|/-\\|/-\\|/-\\|/-\\|/-\\|/-\\|/-\\|/-\\|/-\\|/-\\|/-\\|/-\\|/-\\|/-\\|/-\\|/-\\|/-\\|/-\\|/-\\|/-\\|/-\\|/-\\|/-\\|/-\\|/-\\|/-                                                                      Initializing Memory \\|/-\\|/-\\|/-\\|/-\\|/-\\|/-\\|/-\\|/-\\|/-\\|/-\\|/-\\|/-\\|/-\\|/-\\|/-\\|/-\\|/-\\|/-\\|/-\\|/-\\|/-\\|/-\\|/-\\|/-\\|/-\\|/-\\|/-\\|/-\\|/-\\|/-\\|/-\\|/-\\|/-\\|/-\\|/-\\|/-\\|/-\\|/-\\|/-\\|/-\\|/-\\|/-\\|/-\\|/-\\|/-\\|/-\\|/-\\|/-\\|/-\\|/-\\|/-\\|/-\\|/-\\|/-\\|/-\\|/-\\|/-\\|/-\\|/-\\|/-\\|/-\\|/-\\|/-\\|/-                                                                      Initializing Memory \\|/-\\|/-\\|/-\\|/-\\|/-\\|/-\\|/-\\|/-\\|/-\\|/-\\|/-\\|/-\\|/-\\|/-\\|/-\\|/-\\|/-\\|/-\\|/-\\|/-\\|/-\\|/-\\|/-\\|/-\\|/-\\|/-\\|/-\\|/-\\|/-\\|/-\\|/-\\|/-\\|/-\\|/-\\|/-\\|/-\\|/-\\|/-\\|/-\\|/-\\|/-\\|/-\\|/-\\|/-\\|/-\\|/-\\|/-\\|/-\\|/-\\|/-\\|/-\\|/-\\|/-\\|/-\\|/-\\|/-\\|/-\\|/-\\|/-\\|/-\\|/-\\|/-\\|/-\\|/-                                                                      Rebooting with command: boot /pci@1f,4000/scsi@3/disk@0,0:a\nBoot device: /pci@1f,4000/scsi@3/disk@0,0:a  File and args: \n \n\u003e\u003e FreeBSD/sparc64 ZFS boot block\n   Boot path:   /pci@1f,4000/scsi@3/disk@0,0:a\nConsoles: Open Firmware console  \n|/-\\|/-\\|/-\\|/-\\|/-\\|/-\\|/-\\|/-\\|/-\nFreeBSD/sparc64 ZFS enabled bootstrap loader, Revision 1.0\n(root@releng1.nyi.freebsd.org, Thu Aug 13 01:14:14 UTC 2015)\nbootpath=\"zfs:zroot/ROOT:\"\n\\|/-\\|/-\\|/-\\|/-\\|/-\\|/-\\|/-\\|/-\\|/-\\|/-\\|/-\\|/-\\|/-\\|/-\\|/-\\|/-\\|/-\\|/-\\|/-\\|/-\\|/-\\|/-\\|/-\\|/-\\|/-\\|/-\\|/-\\|/-\\|/-\\|/-\\|/-\\Loading /boot/defaults/loader.conf\n|/-\\|/-\\|/-\\|/-\\|/-\\|/-\\|/-\\|/-\\|/-\\|/-\\|/-\\|/-\\|/-\\|/-\\|/-\\|/-\\|/-\\|/-\\|/-\\|/-\\|/-\\|/-\\|/-\\|/-\\|/-\\|/-\\|/-\\|/-\\|/-\\|/-\\|/-\\|/-\\|/boot/kernel/kernel data=0xbc4440+0xe62a0 /-\\|/-\\|/-\\|/-\\|/-\\|/-\\|/-\\|/-\\|/-\\|/-\\|/-\\|/-\\syms=[0x8+0xcc078|/-+0x8+0xbe0bf\\|/]\n-\\|/-\\|/-\\|/-\\|/-\\|/-\\|/-\\|/-\\|/-\\|/-\\|/-\\|/boot/kernel/zfs.ko text=0x24d818 /-\\|/-\\|/data=0xc1c0+0x8fe28 syms=[0x8+0x1c668+0x8+0x179fe-]\nloading required module 'opensolaris'\n\\|/-\\|/-\\|/-\\|/-\\|/-\\|/-\\|/-\\|/-\\|/-\\|/-/boot/kernel/opensolaris.ko text=0x3010 data=0x2c8+0x1a30 syms=[0x8+0xd50+0x8+0x90a]\n\nHit [Enter] to boot immediately, or any other key for command prompt.\nBooting [/boot/kernel/kernel] in 9 seconds... Booting [/boot/kernel/kernel] in 8 seconds... Booting [/boot/kernel/kernel] in 7 seconds... Booting [/boot/kernel/kernel] in 6 seconds... Booting [/boot/kernel/kernel] in 5 seconds... Booting [/boot/kernel/kernel] in 4 seconds... Booting [/boot/kernel/kernel] in 3 seconds... Booting [/boot/kernel/kernel] in 2 seconds... Booting [/boot/kernel/kernel] in 1 second... Booting [/boot/kernel/kernel]...               \n\\|/-\\|/-\\|jumping to kernel entry at 0xc00a8000.\nCopyright (c) 1992-2016 The FreeBSD Project.\nCopyright (c) 1979, 1980, 1983, 1986, 1988, 1989, 1991, 1992, 1993, 1994\n\tThe Regents of the University of California. All rights reserved.\nFreeBSD is a registered trademark of The FreeBSD Foundation.\nFreeBSD 10.3-RELEASE-p17 #0 r315461M: Sat Mar 18 09:15:22 JST 2017\n    root@ultra30.led.t3.rim.or.jp:/usr/obj/usr/src/sys/GENERIC sparc64\ngcc version 4.2.1 20070831 patched [FreeBSD]\nreal memory  = 1207959552 (1152 MB)\navail memory = 1151852544 (1098 MB)\ncpu0: Sun Microsystems UltraSparc-II Processor (295.97 MHz CPU)\nrandom: \u003cSoftware, Yarrow\u003e initialized\nkbd0 at kbdmux0\nnexus0: \u003cOpen Firmware Nexus device\u003e\npcib0: \u003cU2P UPA-PCI bridge\u003e mem 0x1fe00004000-0x1fe00005fff,0x1fe01000000-0x1fe010000ff,0x1fe00000000-0x1fe0000cfff irq 2033,2030,2031,2021,2024,2034 on nexus0\npcib0: Psycho, impl 0, version 4, IGN 0x1f, bus B, 33MHz\ninitializing counter-timer\nTimecounter \"pcib0\" frequency 1000000 Hz quality 100\npcib0: DVMA map: 0xfc000000 to 0xffffffff 8192 entries, streaming buffer\npcib0: [GIANT-LOCKED]\npcib0: [GIANT-LOCKED]\npci0: \u003cOFW PCI bus\u003e on pcib0\nebus0: \u003cPCI-EBus2 bridge\u003e mem 0x70000000-0x70ffffff,0x71000000-0x717fffff at device 1.0 on pci0\npcib1: \u003cU2P UPA-PCI bridge\u003e mem 0x1fe00002000-0x1fe00003fff,0x1fe01800000-0x1fe018000ff,0x1fe00000000-0x1fe0000cfff irq 2032,2030,2031,2021,2024,2034 on nexus0\npcib1: Psycho, impl 0, version 4, IGN 0x1f, bus A, 66MHz\npci1: \u003cOFW PCI bus\u003e on pcib1\npcib2: \u003cOFW PCI-PCI bridge\u003e at device 1.0 on pci1\npci2: \u003cOFW PCI bus\u003e on pcib2\nauxio0: \u003cSun Auxiliary I/O\u003e addr 0x1400726000-0x1400726003,0x1400728000-0x1400728003,0x140072a000-0x140072a003,0x140072c000-0x140072c003,0x140072f000-0x140072f003 on ebus0\nebus0: \u003cpower\u003e addr 0x1400724000-0x1400724003 (no driver attached)\nebus0: \u003cSUNW,pll\u003e addr 0x1400504000-0x1400504002 (no driver attached)\nebus0: \u003csc\u003e addr 0x1400500000-0x1400500007 (no driver attached)\nscc0: \u003cSiemens SAB 82532 dual channel SCC\u003e addr 0x1400400000-0x140040007f irq 43 on ebus0\nuart0: \u003cSAB 82532 v3.2, channel A\u003e on scc0\nstray vector interrupt 2029\nuart0: CTS oflow\nuart0: console (9600,n,8,1)\nuart1: \u003cSAB 82532 v3.2, channel B\u003e on scc0\nuart1: CTS oflow\nuart2: \u003c16550 or compatible\u003e addr 0x14003083f8-0x14003083ff irq 41 on ebus0\nuart2: keyboard (1200,n,8,1)\nuart2: keyboard not present\nuart3: \u003c16550 or compatible\u003e addr 0x14003062f8-0x14003062ff irq 42 on ebus0\nebus0: \u003cecpp\u003e addr 0x14003043bc-0x14003043cb,0x1400300398-0x1400300399,0x1400700000-0x140070000f irq 34 (no driver attached)\nebus0: \u003cfdthree\u003e addr 0x14003023f0-0x14003023f7,0x1400706000-0x140070600f,0x1400720000-0x1400720003 irq 39 (no driver attached)\neeprom0: \u003cEEPROM/clock\u003e addr 0x1400000000-0x1400001fff on ebus0\neeprom0: model mk48t59\nebus0: \u003cflashprom\u003e addr 0x1000000000-0x10000fffff,0x1000000000-0x10000fffff (no driver attached)\npcm0: \u003cSun Audiocs\u003e addr 0x1400200000-0x14002000ff,0x1400702000-0x140070200f,0x1400704000-0x140070400f,0x1400722000-0x1400722003 irq 35,36 on ebus0\npcm0: \u003cCS4231A Codec Id. 10\u003e\nhme0: \u003cSun HME 10/100 Ethernet\u003e mem 0x100000-0x107fff at device 1.1 on pci0\nmiibus0: \u003cMII bus\u003e on hme0\nnsphy0: \u003cDP83840 10/100 media interface\u003e PHY 1 on miibus0\nnsphy0:  none, 10baseT, 10baseT-FDX, 100baseTX, 100baseTX-FDX, auto\nhme0: Ethernet address: 08:00:20:89:61:0d\nsym0: \u003c875\u003e port 0x1000-0x10ff mem 0x108000-0x1080ff,0x10a000-0x10afff at device 3.0 on pci0\nsym0: No NVRAM, ID 7, Fast-20, SE, parity checking\nmpt0: \u003cLSILogic 1030 Ultra4 Adapter\u003e port 0x1400-0x14ff mem 0x120000-0x13ffff,0x140000-0x15ffff at device 2.0 on pci0\npcib0: guessing interrupt 16 for device 2.0 pin 1\nmpt0: MPI Version=1.2.14.0\nmpt1: \u003cLSILogic 1030 Ultra4 Adapter\u003e port 0x1800-0x18ff mem 0x300000-0x31ffff,0x320000-0x33ffff at device 2.1 on pci0\npcib0: guessing interrupt 17 for device 2.1 pin 2\nmpt1: MPI Version=1.2.14.0\ncas0: \u003cNS DP83065 Saturn Gigabit Ethernet\u003e mem 0x200000-0x3fffff at device 0.0 on pci2\npcib1: guessing interrupt 0 for device 1.0 pin 1\nmiibus1: \u003cMII bus\u003e on cas0\nnsgphy0: \u003cDP83865 1000BASE-T media interface\u003e PHY 1 on miibus1\nnone, 10baseT, 10baseT-FDX, 100baseTX, 100baseTX-FDX, 1000baseT, 1000baseT-master, 1000baseT-FDX, 1000baseT-FDX-master, auto, auto-flow\ncas0: 16kB RX FIFO, 9kB TX FIFO\ncas0: Ethernet address: 08:00:20:89:61:0d\ncas1: \u003cNS DP83065 Saturn Gigabit Ethernet\u003e mem 0x600000-0x7fffff at device 1.0 on pci2\npcib1: guessing interrupt 1 for device 1.0 pin 2\nmiibus2: \u003cMII bus\u003e on cas1\nnsgphy1: \u003cDP83865 1000BASE-T media interface\u003e PHY 1 on miibus2\nnone, 10baseT, 10baseT-FDX, 100baseTX, 100baseTX-FDX, 1000baseT, 1000baseT-master, 1000baseT-FDX, 1000baseT-FDX-master, auto, auto-flow\ncas1: 16kB RX FIFO, 9kB TX FIFO\ncas1: Ethernet address: 08:00:20:89:61:0d\ncas2: \u003cNS DP83065 Saturn Gigabit Ethernet\u003e mem 0xa00000-0xbfffff at device 2.0 on pci2\npcib1: guessing interrupt 2 for device 1.0 pin 3\nmiibus3: \u003cMII bus\u003e on cas2\nnsgphy2: \u003cDP83865 1000BASE-T media interface\u003e PHY 1 on miibus3\nnone, 10baseT, 10baseT-FDX, 100baseTX, 100baseTX-FDX, 1000baseT, 1000baseT-master, 1000baseT-FDX, 1000baseT-FDX-master, auto, auto-flow\ncas2: 16kB RX FIFO, 9kB TX FIFO\ncas2: Ethernet address: 08:00:20:89:61:0d\ncas3: \u003cNS DP83065 Saturn Gigabit Ethernet\u003e mem 0xe00000-0xffffff at device 3.0 on pci2\npcib1: guessing interrupt 3 for device 1.0 pin 4\nmiibus4: \u003cMII bus\u003e on cas3\nnsgphy3: \u003cDP83865 1000BASE-T media interface\u003e PHY 1 on miibus4\nnone, 10baseT, 10baseT-FDX, 100baseTX, 100baseTX-FDX, 1000baseT, 1000baseT-master, 1000baseT-FDX, 1000baseT-FDX-master, auto, auto-flow\ncas3: 16kB RX FIFO, 9kB TX FIFO\ncas3: Ethernet address: 08:00:20:89:61:0d\ncreator0: \u003cCreator\u003e mem 0x1fc00000000-0x1fc000003ff,0x1fc00400000-0x1fc005fffff,0x1fc00600000-0x1fc007fffff,0x1fc01000000-0x1fc013fffff,0x1fc01400000-0x1fc017fffff,0x1fc01800000-0x1fc01bfffff,0x1fc01c00000-0x1fc01ffffff,0x1fc02000000-0x1fc02ffffff,0x1fc03000000-0x1fc03ffffff,0x1fc04000000-0x1fc043fffff,0x1fc04400000-0x1fc047fffff,0x1fc04800000-0x1fc04bfffff,0x1fc04c00000-0x1fc04ffffff,0x1fc05000000-0x1fc05ffffff,0x1fc06000000-0x1fc07ffffff,0x1fc09000000-0x1fc097fffff,0x1fc09800000-0x1fc09ffffff,0x1fc0a000000-0x1fc0affffff,0x1fc0b000000-0x1fc0b7fffff,0x1fc0b800000-0x1fc0bffffff,0x1fc0c000000-0x1fc0c3fffff,0x1fc0c800000-0x1fc0cffffff,0x1fc0d000000-0x1fc0d7fffff,0x1fc0d800000-0x1fc0dffffff irq 1925 on nexus0\ncreator0: resolution 1152x900\nsyscons0: \u003cSystem console\u003e on nexus0\nsyscons0: Unknown \u003c16 virtual consoles, flags=0x100\u003e\nZFS NOTICE: Prefetch is disabled by default if less than 4GB of RAM is present;\n            to enable, add \"vfs.zfs.prefetch_disable=0\" to /boot/loader.conf.\nZFS WARNING: Recommended minimum kmem_size is 512MB; expect unstable behavior.\n             Consider tuning vm.kmem_size and vm.kmem_size_max\n             in /boot/loader.conf.\nZFS filesystem version: 5\nZFS storage pool version: features support (5000)\nTimecounter \"tick\" frequency 295973296 Hz quality 1000\nEvent timer \"tick\" frequency 295973296 Hz quality 1000\nTimecounters tick every 1.000 msec\nrandom: unblocking device.\nda0 at sym0 bus 0 scbus0 target 0 lun 0\nda0: \u003cMAXTOR ATLAS10K4_146SCA DFM0\u003e Fixed Direct Access SCSI-3 device\nda0: Serial Number B8DL3GJM\nda0: 40.000MB/s transfers (20.000MHz, offset 16, 16bit)\nda0: Command Queueing enabled\nda0: 140014MB (286749480 512 byte sectors)\nda1 at sym0 bus 0 scbus0 target 1 lun 0\nda1: \u003cMAXTOR ATLAS10K4_146SCA DFM0\u003e Fixed Direct Access SCSI-3 device\nda1: Serial Number B8DL38YM\nda1: 40.000MB/s transfers (20.000MHz, offset 16, 16bit)\nda1: Command Queueing enabled\nda1: 140014MB (286749480 512 byte sectors)\nTrying to mount root from zfs:zroot/ROOT []...\nSetting hostuuid: 387e9b69-5c39-11e5-b180-08002089610d.\nSetting hostid: 0x9b1c1734.\nEntropy harvesting: interrupts ethernet point_to_point swi.\nwarning: total configured swap (1237004 pages) exceeds maximum recommended amount (1131200 pages).\nwarning: increase kern.maxswzone or reduce amount of swap.\nStarting file system checks:\nMounting local file systems:.\nWriting entropy file:.\nSetting hostname: ultra30.led.t3.rim.or.jp.\ncas0: link state changed to DOWN\ncas0: link state changed to UP\nStarting Network: lo0 hme0 cas0 cas1 cas2 cas3.\nlo0: flags=8049\u003cUP,LOOPBACK,RUNNING,MULTICAST\u003e metric 0 mtu 16384\n\toptions=600003\u003cRXCSUM,TXCSUM,RXCSUM_IPV6,TXCSUM_IPV6\u003e\n\tinet6 ::1 prefixlen 128 \n\tinet6 fe80::1%lo0 prefixlen 64 scopeid 0x6 \n\tinet 127.0.0.1 netmask 0xff000000 \n\tnd6 options=21\u003cPERFORMNUD,AUTO_LINKLOCAL\u003e\nhme0: flags=8802\u003cBROADCAST,SIMPLEX,MULTICAST\u003e metric 0 mtu 1500\n\toptions=8000b\u003cRXCSUM,TXCSUM,VLAN_MTU,LINKSTATE\u003e\n\tether 08:00:20:89:61:0d\n\tnd6 options=29\u003cPERFORMNUD,IFDISABLED,AUTO_LINKLOCAL\u003e\n\tmedia: Ethernet autoselect\ncas0: flags=8843\u003cUP,BROADCAST,RUNNING,SIMPLEX,MULTICAST\u003e metric 0 mtu 1500\n\toptions=b\u003cRXCSUM,TXCSUM,VLAN_MTU\u003e\n\tether 08:00:20:89:61:0d\n\tinet 192.168.65.15 netmask 0xffffff00 broadcast 192.168.65.255 \n\tinet6 fe80::a00:20ff:fe89:610d%cas0 prefixlen 64 scopeid 0x2 \n\tnd6 options=23\u003cPERFORMNUD,ACCEPT_RTADV,AUTO_LINKLOCAL\u003e\n\tmedia: Ethernet autoselect (1000baseT \u003cfull-duplex\u003e)\n\tstatus: active\ncas1: flags=8802\u003cBROADCAST,SIMPLEX,MULTICAST\u003e metric 0 mtu 1500\n\toptions=b\u003cRXCSUM,TXCSUM,VLAN_MTU\u003e\n\tether 08:00:20:89:61:0d\n\tnd6 options=29\u003cPERFORMNUD,IFDISABLED,AUTO_LINKLOCAL\u003e\n\tmedia: Ethernet autoselect\ncas2: flags=8802\u003cBROADCAST,SIMPLEX,MULTICAST\u003e metric 0 mtu 1500\n\toptions=b\u003cRXCSUM,TXCSUM,VLAN_MTU\u003e\n\tether 08:00:20:89:61:0d\n\tnd6 options=29\u003cPERFORMNUD,IFDISABLED,AUTO_LINKLOCAL\u003e\n\tmedia: Ethernet autoselect\ncas3: flags=8802\u003cBROADCAST,SIMPLEX,MULTICAST\u003e metric 0 mtu 1500\n\toptions=b\u003cRXCSUM,TXCSUM,VLAN_MTU\u003e\n\tether 08:00:20:89:61:0d\n\tnd6 options=29\u003cPERFORMNUD,IFDISABLED,AUTO_LINKLOCAL\u003e\n\tmedia: Ethernet autoselect\nStarting devd.\nStarting Network: hme0.\nhme0: flags=8802\u003cBROADCAST,SIMPLEX,MULTICAST\u003e metric 0 mtu 1500\n\toptions=8000b\u003cRXCSUM,TXCSUM,VLAN_MTU,LINKSTATE\u003e\n\tether 08:00:20:89:61:0d\n\tnd6 options=29\u003cPERFORMNUD,IFDISABLED,AUTO_LINKLOCAL\u003e\n\tmedia: Ethernet autoselect\nStarting Network: cas1.\ncas1: flags=8802\u003cBROADCAST,SIMPLEX,MULTICAST\u003e metric 0 mtu 1500\n\toptions=b\u003cRXCSUM,TXCSUM,VLAN_MTU\u003e\n\tether 08:00:20:89:61:0d\n\tnd6 options=29\u003cPERFORMNUD,IFDISABLED,AUTO_LINKLOCAL\u003e\n\tmedia: Ethernet autoselect\nStarting Network: cas2.\ncas2: flags=8802\u003cBROADCAST,SIMPLEX,MULTICAST\u003e metric 0 mtu 1500\n\toptions=b\u003cRXCSUM,TXCSUM,VLAN_MTU\u003e\n\tether 08:00:20:89:61:0d\n\tnd6 options=29\u003cPERFORMNUD,IFDISABLED,AUTO_LINKLOCAL\u003e\n\tmedia: Ethernet autoselect\nStarting Network: cas3.\ncas3: flags=8802\u003cBROADCAST,SIMPLEX,MULTICAST\u003e metric 0 mtu 1500\n\toptions=b\u003cRXCSUM,TXCSUM,VLAN_MTU\u003e\n\tether 08:00:20:89:61:0d\n\tnd6 options=29\u003cPERFORMNUD,IFDISABLED,AUTO_LINKLOCAL\u003e\n\tmedia: Ethernet autoselect\nadd net default: gateway 192.168.65.1\nadd net fe80::: gateway ::1\nadd net ff02::: gateway ::1\nadd net ::ffff:0.0.0.0: gateway ::1\nadd net ::0.0.0.0: gateway ::1\nCreating and/or trimming log files.\nStarting syslogd.\nELF ldconfig path: /lib /usr/lib /usr/lib/compat /usr/local/lib /usr/local/lib/gcc48 /usr/local/llvm36/lib\nStarting named.\nMar 18 13:37:08 ultra30 named[911]: the working directory is not writable\nNo core dumps found.\nClearing /tmp (X related).\nStarting sj3.\nKana-Kanji Conversion Server Version 2.08C\nCopyright (c) 1990-1995 Sony Corporation\nCreated at Mon
Mar 23 16:42:59 JST 1998\n/etc/rc: WARNING: failed to start sj3\nRemoving stale Samba tdb files: ....... done\nStarting nmbd.\nStarting smbd.\nUpdating motd:.\nMounting late file systems:.\nStarting ntpd.\nMar 18 13:37:16 ultra30 ntpd[1022]: leapsecond file ('/var/db/ntpd.leap-seconds.list'): expired less than 291 days ago\nPerforming sanity check on sshd configuration.\nStarting sshd.\nPerforming sanity check on apache24 configuration:\nSyntax OK\nStarting apache24.\nConfiguring syscons: keymap blanktime.\nStarting sendmail_submit.\nStarting sendmail_msp_queue.\nStarting cron.\nStarting background file system checks in 60 seconds.\n\nSat Mar 18 13:37:23 JST 2017\n\nFreeBSD/sparc64 (ultra30.led.t3.rim.or.jp) (ttyu0)\n\nlogin:"
}