{
 "id": 929498,
 "bug_id": 218478,
 "attachment_id": 181584,
 "creation_time": "2017-04-08T08:15:20Z",
 "creator": "iwama@t3.rim.or.jp",
 "text": "Created attachment 181584\npatch for pshyco.c\n\nWhen Ultra30 with one or more PCI cards boots, it panics. However, when Ultra30 with no PCI card boots, it boots normally.\nPanic will occur on any PCI card. I tried the following PCI cards: Sun Quad FastEthernet PCI Adapter, Sun Quad GigaSwift PCI-X Adapter and Sun StorEdge PCI/PCI-X Dual Ultra320 SCSI Host Adapter(LSI22320-S).\n\nI think that 10.3-RELEASE, 10.3-STABLE, 11.0-RELEASE, 11.0-STABLE and 12.0-CURRENT are affected, but 10.2-RELEASE and earlier are *not* affected.\n\nboot log of 12.0-CURRENT with Sun Quad GigaSwift PCI-X Adapter:\nun Ultra 30 UPA/PCI (UltraSPARC-II 296MHz), No Keyboard\nOpenBoot 3.9, 1152 MB memory installed, Serial #xxxxxxx.\nEthernet address 8:0:20:xx:xx:xx, Host ID: xxxxxxxx.\n\nok \nok probe-scsi-all\n/pci@1f,4000/scsi@3\nTarget 0 \n  Unit 0   Disk     MAXTOR  ATLAS10K4_146SCADFM0\nTarget 1 \n  Unit 0   Disk     MAXTOR  ATLAS10K4_146SCADFM0\nTarget 6 \n  Unit 0   Removable Read Only device    NEC     CD-ROM DRIVE:4661.17\n\nok \nok boot cdrom\nInitializing Memory \\                                                                      Initializing Memory /-\\|/-\\|/-\\|/-\\|/-\\|/-\\|/-\\|/-\\|/-\\|/-\\|/-\\|/-\\|/-\\|/-\\|/-\\|/-\\|/-\\|/-\\|/-\\|/-\\|/-\\|/-\\|/-\\|/-\\|/-\\|/-\\|/-\\|/-\\|/-\\|/-\\|/-\\|/-\\|/-\\|/-\\|/-\\|/-\\|/-\\|/-\\|/-\\|/-\\|/-\\|/-\\|/-\\|/-\\|/-\\|/-\\|/-\\|/-\\|/-\\|/-\\|/-\\|/-\\|/-\\|/-\\|/-\\|/-\\|/-\\|/-\\|/-\\|/-\\|/-\\|/-\\|/-\\|/-\\|/-\\|/-\\|/-\\|/-\\|/-\\|/-\\|/-\\|/-\\|/-\\|/-\\|/-\\|/-\\|/-\\|/-\\|/-\\|/-\\|/-\\|/-\\|/-\\|/-\\|/-\\|/-\\|/-\\|/-\\|/-\\|/-\\|/-\\|/-\\|/-\\|/-\\|/-\\|/-\\|/-\\|/-\\|/-\\|/-\\|/-\\|/-\\|/-\\|/-\\|/-\\|/-\\|/-\\|/-\\|/-\\|/-\\|/-\\|/-\\|/-\\|/-\\|/-\\|/-\\|/-\\|/-\\|/-\\|/-\\|/-\\|/-\\|/-\\|/-\\|/-\\|/-\\|/-\\|/-\\                                                                      Initializing Memory \\|/-\\|/-\\|/-\\|/-\\|/-\\|/-\\|/-\\|/-\\|/-\\|/-\\|/-\\|/-\\|/-\\|/-\\|/-\\|/-\\|/-\\|/-\\|/-\\|/-\\|/-\\|/-\\|/-\\|/-\\|/-\\|/-\\|/-\\|/-\\|/-\\|/-\\|/-\\|/-                                                                      Initializing Memory \\|/-\\|/-\\|/-\\|/-\\|/-\\|/-\\|/-\\|/-\\|/-\\|/-\\|/-\\|/-\\|/-\\|/-\\|/-\\|/-\\|/-\\|/-\\|/-\\|/-\\|/-\\|/-\\|/-\\|/-\\|/-\\|/-\\|/-\\|/-\\|/-\\|/-\\|/-\\|/-\\|/-\\|/-\\|/-\\|/-\\|/-\\|/-\\|/-\\|/-\\|/-\\|/-\\|/-\\|/-\\|/-\\|/-\\|/-\\|/-\\|/-\\|/-\\|/-\\|/-\\|/-\\|/-\\|/-\\|/-\\|/-\\|/-\\|/-\\|/-\\|/-\\|/-\\|/-\\|/-                                                                      Initializing Memory \\|/-\\|/-\\|/-\\|/-\\|/-\\|/-\\|/-\\|/-\\|/-\\|/-\\|/-\\|/-\\|/-\\|/-\\|/-\\|/-\\|/-\\|/-\\|/-\\|/-\\|/-\\|/-\\|/-\\|/-\\|/-\\|/-\\|/-\\|/-\\|/-\\|/-\\|/-\\|/-\\|/-\\|/-\\|/-\\|/-\\|/-\\|/-\\|/-\\|/-\\|/-\\|/-\\|/-\\|/-\\|/-\\|/-\\|/-\\|/-\\|/-\\|/-\\|/-\\|/-\\|/-\\|/-\\|/-\\|/-\\|/-\\|/-\\|/-\\|/-\\|/-\\|/-\\|/-\\|/-                                                                      Boot device: /pci@1f,4000/scsi@3/disk@6,0:f  File and args: \n \n\u003e\u003e FreeBSD/sparc64 boot block\n   Boot path:   /pci@1f,4000/scsi@3/disk@6,0:f\n   Boot loader: /boot/loader\nConsoles: Open Firmware console  \n\nFreeBSD/sparc64 bootstrap loader, Revision 1.0\n(Fri Feb  3 04:55:02 UTC 2017 root@releng3.nyi.freebsd.org)\nbootpath=\"/pci@1f,4000/scsi@3/disk@6,0:a\"\n|/-\\|/-\\|/-\\|/-\\|/-\\|/-\\|/-\\|/-\\|/-\\|/-\\|/-\\|/-\\|/-\\|/-\\|/-\\|/-\\|Loading /boot/defaults/loader.conf\n/-\\|/-\\|/-\\|/-\\|/-\\|/-\\|/-\\|/-\\|/-\\|/-\\|/-\\|/-\\|/-\\|/-\\|/-\\|/-\\|/-\\|/-\\|/-\\|/-\\|/-\\|/-\\|/-\\|/-\\|/-\\|/-\\|/-\\|/-\\|/-\\|/-\\|/-\\|/-\\|/-\\|/-\\|/-\\|/-\\|/-\\|/-\\|/-\\|/-\\|/-\\|/-\\|/-\\|/-\\|/-\\|/-\\|/-\\|/-\\|/-\\|/-\\|/-\\|/-\\|/-\\|/-\\|/-\\|/-\\|/-\\|/-\\|/-\\|/-\\|/-\\|/-\\|/-\\|/-\\|/-\\|/-\\|/-\\|/-\\|/-/boot/kernel/kernel data=0xd5ca40+0x197b38 \\|/-\\|/-\\|/-\\|/-\\|/-\\|/-\\|/-\\|/-\\|/-\\|/-\\|/-\\|/-\\|/-\\|/-\\|/-\\|/-\\|/-\\|/-\\|/-\\|/-\\|/-\\|/-\\|/-\\|/-\\|/-\\|/-\\|/-\\|/-\\|/-\\|/-\\|/-\\|/-\\|/-\\|/-\\|/-\\|/-\\|/-\\|/-\\|/-\\|/-\\|/-\\|/-\\|/-\\|/-\\|/-\\|/-\\|/-\\|/-\\|/-\\|/-\\|/-\\|/-\\|/-\\|/-\\|/-\\|/-\\|/-\\|/-\\|/-\\|/-\\|/-\\|/-\\|/-\\|/-\\|/-\\|/-\\|/-\\|/-\\|/-\\|/-\\|/-\\|/-\\|/-\\|/-\\|/-\\|/-\\|/-\\|/-\\|/-\\|/-\\|/-\\|/-\\|/-\\|/-\\|/-\\|/-\\|/-\\|/-\\|/-\\|/-\\|/-\\|/-\\|/-\\|/-\\|/-\\|/-\\|/-\\|/-\\|/-\\|/-\\|/-\\|/-\\|/-\\|/-\\|/-\\|/-\\|/syms=[0x8+0xe3e80-\\|/-\\|/-\\|/-\\|/-\\|/-\\|/-\\|/-+0x8+0xd32e1\\|/-\\|/-\\|/-\\|/-\\|/-\\|/-\\|]\n/-\\|/-\\|/-\\|\nHit [Enter] to boot immediately, or any other key for command prompt.\nBooting [/boot/kernel/kernel] in 9 seconds... Booting [/boot/kernel/kernel] in 8 seconds... Booting [/boot/kernel/kernel] in 7 seconds... Booting [/boot/kernel/kernel] in 6 seconds... Booting [/boot/kernel/kernel] in 5 seconds... Booting [/boot/kernel/kernel] in 4 seconds... Booting [/boot/kernel/kernel] in 3 seconds... Booting [/boot/kernel/kernel] in 2 seconds... Booting [/boot/kernel/kernel] in 1 second... Booting [/boot/kernel/kernel]...               \n/-\\|/jumping to kernel entry at 0xc00b8000.\nGDB: no debug ports present\nKDB: debugger backends: ddb\nKDB: current backend: ddb\nCopyright (c) 1992-2017 The FreeBSD Project.\nCopyright (c) 1979, 1980, 1983, 1986, 1988, 1989, 1991, 1992, 1993, 1994\n\tThe Regents of the University of California. All rights reserved.\nFreeBSD is a registered trademark of The FreeBSD Foundation.\nFreeBSD 12.0-CURRENT #0 r313113: Fri Feb  3 04:57:15 UTC 2017\n    root@releng3.nyi.freebsd.org:/usr/obj/sparc64.sparc64/usr/src/sys/GENERIC sparc64\ngcc version 4.2.1 20070831 patched [FreeBSD]\nWARNING: WITNESS option enabled, expect reduced performance.\nreal memory  = 1207959552 (1152 MB)\navail memory = 1149927424 (1096 MB)\ncpu0: Sun Microsystems UltraSparc-II Processor (295.99 MHz CPU)\nrandom: entropy device external interface\nkbd0 at kbdmux0\nnexus0: \u003cOpen Firmware Nexus device\u003e\npcib0: \u003cU2P UPA-PCI bridge\u003e mem 0x1fe00004000-0x1fe00005fff,0x1fe01000000-0x1fe010000ff,0x1fe00000000-0x1fe0000cfff irq 2033,2030,2031,2021,2024,2034 on nexus0\npcib0: Psycho, impl 0, version 4, IGN 0x1f, bus B, 33MHz\ninitializing counter-timer\nTimecounter \"pcib0\" frequency 1000000 Hz quality 100\npcib0: DVMA map: 0xfc000000 to 0xffffffff 8192 entries, streaming buffer\npcib0: [GIANT-LOCKED]\npcib0: [GIANT-LOCKED]\npci0: \u003cOFW PCI bus\u003e on pcib0\nebus0: \u003cPCI-EBus2 bridge\u003e mem 0x70000000-0x70ffffff,0x71000000-0x717fffff at device 1.0 on pci0\npcib1: \u003cU2P UPA-PCI bridge\u003e mem 0x1fe00002000-0x1fe00003fff,0x1fe01800000-0x1fe018000ff,0x1fe00000000-0x1fe0000cfff irq 2032,2030,2031,2021,2024,2034 on nexus0\npcib1: Psycho, impl 0, version 4, IGN 0x1f, bus A, 66MHz\npci1: \u003cOFW PCI bus\u003e on pcib1\npcib2: \u003cOFW PCI-PCI bridge\u003e at device 1.0 on pci1\npci2: \u003cOFW PCI bus\u003e on pcib2\nauxio0: \u003cSun Auxiliary I/O\u003e addr 0x1400726000-0x1400726003,0x1400728000-0x1400728003,0x140072a000-0x140072a003,0x140072c000-0x140072c003,0x140072f000-0x140072f003 on ebus0\nebus0: \u003cpower\u003e addr 0x1400724000-0x1400724003 irq 37,50 (no driver attached)\nebus0: \u003cSUNW,pll\u003e addr 0x1400504000-0x1400504002 (no driver attached)\nebus0: \u003csc\u003e addr 0x1400500000-0x1400500007 (no driver attached)\nscc0: \u003cSiemens SAB 82532 dual channel SCC\u003e addr 0x1400400000-0x140040007f irq 43 on ebus0\nuart0: \u003cSAB 82532 v3.2, channel A\u003e on scc0\nstray vector interrupt 2029\nuart0: CTS oflow\nuart0: console (9600,n,8,1)\nuart1: \u003cSAB 82532 v3.2, channel B\u003e on scc0\nuart1: CTS oflow\nuart2: \u003c16550 or compatible\u003e addr 0x14003083f8-0x14003083ff irq 41 on ebus0\nuart2: keyboard (1200,n,8,1)\nuart2: keyboard not present\nuart3: \u003c16550 or compatible\u003e addr 0x14003062f8-0x14003062ff irq 42 on ebus0\nebus0: \u003cecpp\u003e addr 0x14003043bc-0x14003043cb,0x1400300398-0x1400300399,0x1400700000-0x140070000f irq 34 (no driver attached)\nebus0: \u003cfdthree\u003e addr 0x14003023f0-0x14003023f7,0x1400706000-0x140070600f,0x1400720000-0x1400720003 irq 39 (no driver attached)\neeprom0: \u003cEEPROM/clock\u003e addr 0x1400000000-0x1400001fff on ebus0\neeprom0: model mk48t59\nebus0: \u003cflashprom\u003e addr 0x1000000000-0x10000fffff,0x1000000000-0x10000fffff (no driver attached)\npcm0: \u003cSun Audiocs\u003e addr 0x1400200000-0x14002000ff,0x1400702000-0x140070200f,0x1400704000-0x140070400f,0x1400722000-0x1400722003 irq 35,36 on ebus0\npcm0: \u003cCS4231A Codec Id. 10\u003e\nhme0: \u003cSun HME 10/100 Ethernet\u003e mem 0x8000-0xffff at device 1.1 on pci0\nmiibus0: \u003cMII bus\u003e on hme0\nnsphy0: \u003cDP83840 10/100 media interface\u003e PHY 1 on miibus0\nnsphy0:  none, 10baseT, 10baseT-FDX, 100baseTX, 100baseTX-FDX, auto\nhme0: Ethernet address: 08:00:20:89:61:0d\nsym0: \u003c875\u003e port 0x400-0x4ff mem 0x10000-0x100ff,0x11000-0x11fff at device 3.0 on pci0\nsym0: No NVRAM, ID 7, Fast-20, SE, parity checking\ncas0: \u003cNS DP83065 Saturn Gigabit Ethernet\u003e mem 0x200000-0x3fffff at device 0.0 on pci2\npanic: trap: fast data access mmu miss (kernel)\ncpuid = 0\nKDB: stack backtrace:\nvpanic() at vpanic+0x1b4\npanic() at panic+0x20\ntrap() at trap+0x5cc\n-- fast data access mmu miss tar=0 %o7=0xc09f99a8 --\nuserland() at psycho_route_interrupt+0xf8\nuser trace: trap %o7=0xc09f99a8\npc 0xc09f99f8, sp 0xc1415e51\ndone\nKDB: enter: panic\n[ thread pid 0 tid 100000 ]\nStopped at      kdb_enter+0x80: ta              %xcc, 1\ndb\u003e"
}