{
 "id": 1150114,
 "bug_id": 254021,
 "attachment_id": 0,
 "creation_time": "2021-03-05T03:54:08Z",
 "creator": "ota@j.email.ne.jp",
 "text": "Consoles: internal video/keyboard\u2028 BIOS driveC: is disk0\n\nAfter selecting which partition to boot and displaying above output, loader takes 10 second to display the following output:\ndisk0: Read 32 sector(s) from 224 to 0x74670 ( 0x7e670 ): 0x10\n\nThen after displaying disk0: above, loader takes 40 more seconds to start loading the kernel.\n\nWith 12.2-RELEASE, these steps completed instantly.\n\nThe below is first part of dmesg.  I am not sure what other information will be helpful and only grabbed first parts.  Please mention if other outputs/info will be helpful.\n\n\nFreeBSD 13.0-BETA4 #17 n244602-760bda01125: Sat Feb 27 11:48:24 EST 2021\n    XXX:/usr/obj/usr/src/i386.i386/sys/GENERIC i386\nFreeBSD clang version 11.0.1 (git@github.com:llvm/llvm-project.git llvmorg-11.0.1-0-g43ff75f2c3fe)\nVT(vga): text 80x25\nCPU: Intel(R) Core(TM) Duo CPU      T2450  @ 2.00GHz (1995.64-MHz 686-class CPU)\n  Origin=\"GenuineIntel\"  Id=0x6ec  Family=0x6  Model=0xe  Stepping=12\n  Features=0xbfe9fbff\u003cFPU,VME,DE,PSE,TSC,MSR,PAE,MCE,CX8,APIC,SEP,MTRR,PGE,MCA,CMOV,PAT,CLFLUSH,DTS,ACPI,MMX,FXSR,SSE,SSE2,SS,HTT,TM,PBE\u003e\n  Features2=0xc189\u003cSSE3,MON,EST,TM2,xTPR,PDCM\u003e\n  AMD Features=0x100000\u003cNX\u003e\n  TSC: P-state invariant, performance statistics\nreal memory  = 2147483648 (2048 MB)\navail memory = 2064158720 (1968 MB)\nEvent timer \"LAPIC\" quality 100\nACPI APIC Table: \u003cHP     30BB    \u003e\nFreeBSD/SMP: Multiprocessor System Detected: 2 CPUs\nFreeBSD/SMP: 1 package(s) x 2 core(s)\nrandom: unblocking device.\nioapic0: MADT APIC ID 1 != hw id 2\nioapic0 \u003cVersion 2.0\u003e irqs 0-23\nLaunching APs: 1\nTimecounter \"TSC\" frequency 1995640035 Hz quality 1000\nrandom: entropy device external interface\n[ath_hal] loaded"
}