{
 "id": 928499,
 "bug_id": 218270,
 "attachment_id": 0,
 "creation_time": "2017-03-31T18:14:21Z",
 "creator": "rwatson@FreeBSD.org",
 "text": "Multiple reports of a problem involving \"panic: sbsndptr: sockbuf (...) and mbuf (...) clashing\" have been reported crashes along the following lines with em/igb drivers. Some text from a prior unrelated report (#148807) are included here:\n\n\nFrom emz@norma.perm.ru:\n\nGot this right now on an update from 10.2-STABLE to 11.0-PRERELEASE. Persistent in 11.0-RC3. Repeatable in like 5-12 minutes. 25 minutes is an absolute record.\n\npanic: sbsndptr: sockbuf 0xfffff8003eea31b8 and mbuf 0xfffff80020a6e700 clashing\n\nGNU gdb 6.1.1 [FreeBSD]\nCopyright 2004 Free Software Foundation, Inc.\nGDB is free software, covered by the GNU General Public License, and you are\nwelcome to change it and/or distribute copies of it under certain conditions.\nType \"show copying\" to see the conditions.\nThere is absolutely no warranty for GDB.  Type \"show warranty\" for details.\nThis GDB was configured as \"amd64-marcel-freebsd\"...\n\nUnread portion of the kernel message buffer:\npanic: sbsndptr: sockbuf 0xfffff8003eea31b8 and mbuf 0xfffff80020a6e700 clashing\ncpuid = 1\nKDB: stack backtrace:\n#0 0xffffffff80b1d0c7 at kdb_backtrace+0x67\n#1 0xffffffff80ad1f62 at vpanic+0x182\n#2 0xffffffff80ad1dd3 at panic+0x43\n#3 0xffffffff80b6a15a at sbsndptr+0xda\n#4 0xffffffff80cfcbb4 at tcp_output+0xf34\n#5 0xffffffff80cf9a81 at tcp_do_segment+0x2ce1\n#6 0xffffffff80cf60cc at tcp_input+0xd1c\n#7 0xffffffff80c66dbf at ip_input+0x15f\n#8 0xffffffff80bfc295 at netisr_dispatch_src+0xa5\n#9 0xffffffff80be4cea at ether_demux+0x12a\n#10 0xffffffff80be5942 at ether_nh_input+0x322\n#11 0xffffffff80bfc295 at netisr_dispatch_src+0xa5\n#12 0xffffffff80be4f66 at ether_input+0x26\n#13 0xffffffff80bed9db at vlan_input+0x1cb\n#14 0xffffffff80be4c55 at ether_demux+0x95\n#15 0xffffffff80be5942 at ether_nh_input+0x322\n#16 0xffffffff80bfc295 at netisr_dispatch_src+0xa5\n#17 0xffffffff80be4f66 at ether_input+0x26\n\nFollow-up: RC3 was installed incorrectly (i.e. not installed at all). After proper RC3 downgrade (r305786) seems like server is at least more stable - it runs for more than an hour. On 11.0-PRE (306739) panics were happening in like 3 to 5 minutes.\n\nI have a handful of cores, in case someone needs them.\n\nAs about the driver. This was a HP DL160 g6 I guess and the driver was igb(4). Now it's the Supermicro board (tech team switched the drives to a new chassis to exclude possible hardware problems) and the ifconfig/dmesg.boot are as folows (the driver is still an igb(4)), and the dmesg is from 11-RC3:\n\nigb0: flags=8843\u003cUP,BROADCAST,RUNNING,SIMPLEX,MULTICAST\u003e metric 0 mtu 1500\n        options=6403bb\u003cRXCSUM,TXCSUM,VLAN_MTU,VLAN_HWTAGGING,JUMBO_MTU,VLAN_HWCSUM,TSO4,TSO6,VLAN_HWTSO,RXCSUM_IPV6,TXCSUM_IPV6\u003e\n        ether 00:25:90:06:b7:9e\n        nd6 options=29\u003cPERFORMNUD,IFDISABLED,AUTO_LINKLOCAL\u003e\n        media: Ethernet autoselect (1000baseT \u003cfull-duplex\u003e)\n        status: active\nigb1: flags=8c02\u003cBROADCAST,OACTIVE,SIMPLEX,MULTICAST\u003e metric 0 mtu 1500\n        options=6403bb\u003cRXCSUM,TXCSUM,VLAN_MTU,VLAN_HWTAGGING,JUMBO_MTU,VLAN_HWCSUM,TSO4,TSO6,VLAN_HWTSO,RXCSUM_IPV6,TXCSUM_IPV6\u003e\n        ether 00:25:90:06:b7:9f\n        nd6 options=29\u003cPERFORMNUD,IFDISABLED,AUTO_LINKLOCAL\u003e\n        media: Ethernet autoselect\n        status: no carrier\nlo0: flags=8049\u003cUP,LOOPBACK,RUNNING,MULTICAST\u003e metric 0 mtu 16384\n        options=600003\u003cRXCSUM,TXCSUM,RXCSUM_IPV6,TXCSUM_IPV6\u003e\n        inet6 ::1 prefixlen 128\n        inet6 fe80::1%lo0 prefixlen 64 scopeid 0x3\n        inet 127.0.0.1 netmask 0xff000000\n        nd6 options=21\u003cPERFORMNUD,AUTO_LINKLOCAL\u003e\n        groups: lo\nvlan1: flags=8843\u003cUP,BROADCAST,RUNNING,SIMPLEX,MULTICAST\u003e metric 0 mtu 1500\n        options=303\u003cRXCSUM,TXCSUM,TSO4,TSO6\u003e\n        ether 00:25:90:06:b7:9e\n        inet 192.168.0.248 netmask 0xffffff00 broadcast 192.168.0.255\n        nd6 options=29\u003cPERFORMNUD,IFDISABLED,AUTO_LINKLOCAL\u003e\n        media: Ethernet autoselect (1000baseT \u003cfull-duplex\u003e)\n        status: active\n        vlan: 1 vlanpcp: 0 parent interface: igb0\n        groups: vlan\nvlan2: flags=8843\u003cUP,BROADCAST,RUNNING,SIMPLEX,MULTICAST\u003e metric 0 mtu 1500\n        options=303\u003cRXCSUM,TXCSUM,TSO4,TSO6\u003e\n        ether 00:25:90:06:b7:9e\n        inet 91.206.242.1 netmask 0xfffffff0 broadcast 91.206.242.15\n        inet 91.206.242.5 netmask 0xfffffff0 broadcast 91.206.242.15\n        inet 91.206.242.8 netmask 0xfffffff0 broadcast 91.206.242.15\n        nd6 options=29\u003cPERFORMNUD,IFDISABLED,AUTO_LINKLOCAL\u003e\n        media: Ethernet autoselect (1000baseT \u003cfull-duplex\u003e)\n        status: active\n        vlan: 2 vlanpcp: 0 parent interface: igb0\n        groups: vlan\nvlan3: flags=8843\u003cUP,BROADCAST,RUNNING,SIMPLEX,MULTICAST\u003e metric 0 mtu 1500\n        options=303\u003cRXCSUM,TXCSUM,TSO4,TSO6\u003e\n        ether 00:25:90:06:b7:9e\n        inet 10.64.0.250 netmask 0xffffff00 broadcast 10.64.0.255\n        inet 10.64.0.252 netmask 0xffffff00 broadcast 10.64.0.255\n        nd6 options=29\u003cPERFORMNUD,IFDISABLED,AUTO_LINKLOCAL\u003e\n        media: Ethernet autoselect (1000baseT \u003cfull-duplex\u003e)\n        status: active\n        vlan: 3 vlanpcp: 0 parent interface: igb0\n        groups: vlan\nvlan4: flags=8843\u003cUP,BROADCAST,RUNNING,SIMPLEX,MULTICAST\u003e metric 0 mtu 1500\n        options=303\u003cRXCSUM,TXCSUM,TSO4,TSO6\u003e\n        ether 00:25:90:06:b7:9e\n        inet 89.250.210.6 netmask 0xfffffffc broadcast 89.250.210.7\n        nd6 options=29\u003cPERFORMNUD,IFDISABLED,AUTO_LINKLOCAL\u003e\n        media: Ethernet autoselect (1000baseT \u003cfull-duplex\u003e)\n        status: active\n        vlan: 4 vlanpcp: 0 parent interface: igb0\n        groups: vlan\nvlan5: flags=8843\u003cUP,BROADCAST,RUNNING,SIMPLEX,MULTICAST\u003e metric 0 mtu 1500\n        options=303\u003cRXCSUM,TXCSUM,TSO4,TSO6\u003e\n        ether 00:25:90:06:b7:9e\n        inet 77.43.142.201 netmask 0xfffffffc broadcast 77.43.142.203\n        nd6 options=29\u003cPERFORMNUD,IFDISABLED,AUTO_LINKLOCAL\u003e\n        media: Ethernet autoselect (1000baseT \u003cfull-duplex\u003e)\n        status: active\n        vlan: 5 vlanpcp: 0 parent interface: igb0\n        groups: vlan\nvlan6: flags=8843\u003cUP,BROADCAST,RUNNING,SIMPLEX,MULTICAST\u003e metric 0 mtu 1500\n        options=303\u003cRXCSUM,TXCSUM,TSO4,TSO6\u003e\n        ether 00:25:90:06:b7:9e\n        inet 172.20.142.250 netmask 0xffffff00 broadcast 172.20.142.255\n        nd6 options=29\u003cPERFORMNUD,IFDISABLED,AUTO_LINKLOCAL\u003e\n        media: Ethernet autoselect (1000baseT \u003cfull-duplex\u003e)\n        status: active\n        vlan: 6 vlanpcp: 0 parent interface: igb0\n        groups: vlan\nvlan7: flags=8843\u003cUP,BROADCAST,RUNNING,SIMPLEX,MULTICAST\u003e metric 0 mtu 1500\n        options=303\u003cRXCSUM,TXCSUM,TSO4,TSO6\u003e\n        ether 00:25:90:06:b7:9e\n        inet 172.16.240.2 netmask 0xffffff00 broadcast 172.16.240.255\n        nd6 options=29\u003cPERFORMNUD,IFDISABLED,AUTO_LINKLOCAL\u003e\n        media: Ethernet autoselect (1000baseT \u003cfull-duplex\u003e)\n        status: active\n        vlan: 7 vlanpcp: 0 parent interface: igb0\n        groups: vlan\nvlan8: flags=8843\u003cUP,BROADCAST,RUNNING,SIMPLEX,MULTICAST\u003e metric 0 mtu 1500\n        options=303\u003cRXCSUM,TXCSUM,TSO4,TSO6\u003e\n        ether 00:25:90:06:b7:9e\n        inet 86.109.196.74 netmask 0xfffffff8 broadcast 86.109.196.79\n        nd6 options=29\u003cPERFORMNUD,IFDISABLED,AUTO_LINKLOCAL\u003e\n        media: Ethernet autoselect (1000baseT \u003cfull-duplex\u003e)\n        status: active\n        vlan: 8 vlanpcp: 0 parent interface: igb0\n        groups: vlan\nvlan9: flags=8843\u003cUP,BROADCAST,RUNNING,SIMPLEX,MULTICAST\u003e metric 0 mtu 1500\n        options=303\u003cRXCSUM,TXCSUM,TSO4,TSO6\u003e\n        ether 00:25:90:06:b7:9e\n        inet 192.168.2.1 netmask 0xffffff00 broadcast 192.168.2.255\n        nd6 options=29\u003cPERFORMNUD,IFDISABLED,AUTO_LINKLOCAL\u003e\n        media: Ethernet autoselect (1000baseT \u003cfull-duplex\u003e)\n        status: active\n        vlan: 9 vlanpcp: 0 parent interface: igb0\n        groups: vlan\nvlan10: flags=8843\u003cUP,BROADCAST,RUNNING,SIMPLEX,MULTICAST\u003e metric 0 mtu 1500\n        options=303\u003cRXCSUM,TXCSUM,TSO4,TSO6\u003e\n        ether 00:25:90:06:b7:9e\n        inet 192.168.3.1 netmask 0xffffff00 broadcast 192.168.3.255\n        nd6 options=29\u003cPERFORMNUD,IFDISABLED,AUTO_LINKLOCAL\u003e\n        media: Ethernet autoselect (1000baseT \u003cfull-duplex\u003e)\n        status: active\n        vlan: 10 vlanpcp: 0 parent interface: igb0\n        groups: vlan\nvlan11: flags=8843\u003cUP,BROADCAST,RUNNING,SIMPLEX,MULTICAST\u003e metric 0 mtu 1500\n        options=303\u003cRXCSUM,TXCSUM,TSO4,TSO6\u003e\n        ether 00:25:90:06:b7:9e\n        inet 188.234.141.201 netmask 0xfffffffc broadcast 188.234.141.203\n        nd6 options=29\u003cPERFORMNUD,IFDISABLED,AUTO_LINKLOCAL\u003e\n        media: Ethernet autoselect (1000baseT \u003cfull-duplex\u003e)\n        status: active\n        vlan: 11 vlanpcp: 0 parent interface: igb0\n        groups: vlan\nvlan12: flags=8843\u003cUP,BROADCAST,RUNNING,SIMPLEX,MULTICAST\u003e metric 0 mtu 1500\n        options=303\u003cRXCSUM,TXCSUM,TSO4,TSO6\u003e\n        ether 00:25:90:06:b7:9e\n        inet 192.168.50.1 netmask 0xffffff00 broadcast 192.168.50.255\n        nd6 options=29\u003cPERFORMNUD,IFDISABLED,AUTO_LINKLOCAL\u003e\n        media: Ethernet autoselect (1000baseT \u003cfull-duplex\u003e)\n        status: active\n        vlan: 12 vlanpcp: 0 parent interface: igb0\n        groups: vlan\nvlan13: flags=8843\u003cUP,BROADCAST,RUNNING,SIMPLEX,MULTICAST\u003e metric 0 mtu 1500\n        options=303\u003cRXCSUM,TXCSUM,TSO4,TSO6\u003e\n        ether 00:25:90:06:b7:9e\n        inet 192.168.99.10 netmask 0xffffff00 broadcast 192.168.99.255\n        nd6 options=29\u003cPERFORMNUD,IFDISABLED,AUTO_LINKLOCAL\u003e\n        media: Ethernet autoselect (1000baseT \u003cfull-duplex\u003e)\n        status: active\n        vlan: 13 vlanpcp: 0 parent interface: igb0\n        groups: vlan\n\n\nDmesg:\n\nCopyright (c) 1992-2016 The FreeBSD Project.\nCopyright (c) 1979, 1980, 1983, 1986, 1988, 1989, 1991, 1992, 1993, 1994\n        The Regents of the University of California. All rights reserved.\nFreeBSD is a registered trademark of The FreeBSD Foundation.\nFreeBSD 11.0-RC3 #0 r305786: Wed Sep 14 02:19:25 UTC 2016\n    root@releng2.nyi.freebsd.org:/usr/obj/usr/src/sys/GENERIC amd64\nFreeBSD clang version 3.8.0 (tags/RELEASE_380/final 262564) (based on LLVM 3.8.0)\nVT(vga): resolution 640x480\nCPU: Intel(R) Xeon(R) CPU           E5620  @ 2.40GHz (2400.13-MHz K8-class CPU)\n  Origin=\"GenuineIntel\"  Id=0x206c2  Family=0x6  Model=0x2c  Stepping=2\n  Features=0xbfebfbff\u003cFPU,VME,DE,PSE,TSC,MSR,PAE,MCE,CX8,APIC,SEP,MTRR,PGE,MCA,CMOV,PAT,PSE36,CLFLUSH,DTS,ACPI,MMX,FXSR,SSE,SSE2,SS,HTT,TM,PBE\u003e\n  Features2=0x9ee3fd\u003cSSE3,DTES64,MON,DS_CPL,VMX,SMX,EST,TM2,SSSE3,CX16,xTPR,PDCM,PCID,DCA,SSE4.1,SSE4.2,POPCNT\u003e\n  AMD Features=0x2c100800\u003cSYSCALL,NX,Page1GB,RDTSCP,LM\u003e\n  AMD Features2=0x1\u003cLAHF\u003e\n  VT-x: PAT,HLT,MTF,PAUSE,EPT,UG,VPID\n  TSC: P-state invariant, performance statistics\nreal memory  = 51543801856 (49156 MB)\navail memory = 49979412480 (47664 MB)\nEvent timer \"LAPIC\" quality 600\nACPI APIC Table: \u003c080312 APIC1521\u003e\nFreeBSD/SMP: Multiprocessor System Detected: 16 CPUs\nFreeBSD/SMP: 2 package(s) x 4 core(s) x 2 hardware threads\nrandom: unblocking device.\nACPI BIOS Warning (bug): 32/64X length mismatch in FADT/Gpe0Block: 128/64 (20160527/tbfadt-650)\nioapic0: Changing APIC ID to 6\nioapic1: Changing APIC ID to 7\nioapic0 \u003cVersion 2.0\u003e irqs 0-23 on motherboard\nioapic1 \u003cVersion 2.0\u003e irqs 24-47 on motherboard\nrandom: entropy device external interface\nkbd1 at kbdmux0\nnetmap: loaded module\nmodule_register_init: MOD_LOAD (vesa, 0xffffffff8101c950, 0) error 19\nvtvga0: \u003cVT VGA driver\u003e on motherboard\ncryptosoft0: \u003csoftware crypto\u003e on motherboard\nacpi0: \u003cSMCI \u003e on motherboard\nacpi0: Power Button (fixed)\ncpu0: \u003cACPI CPU\u003e on acpi0\ncpu1: \u003cACPI CPU\u003e on acpi0\ncpu2: \u003cACPI CPU\u003e on acpi0\ncpu3: \u003cACPI CPU\u003e on acpi0\ncpu4: \u003cACPI CPU\u003e on acpi0\ncpu5: \u003cACPI CPU\u003e on acpi0\ncpu6: \u003cACPI CPU\u003e on acpi0\ncpu7: \u003cACPI CPU\u003e on acpi0\ncpu8: \u003cACPI CPU\u003e on acpi0\ncpu9: \u003cACPI CPU\u003e on acpi0\ncpu10: \u003cACPI CPU\u003e on acpi0\ncpu11: \u003cACPI CPU\u003e on acpi0\ncpu12: \u003cACPI CPU\u003e on acpi0\ncpu13: \u003cACPI CPU\u003e on acpi0\ncpu14: \u003cACPI CPU\u003e on acpi0\ncpu15: \u003cACPI CPU\u003e on acpi0\nattimer0: \u003cAT timer\u003e port 0x40-0x43 irq 0 on acpi0\nTimecounter \"i8254\" frequency 1193182 Hz quality 0\nEvent timer \"i8254\" frequency 1193182 Hz quality 100\natrtc0: \u003cAT realtime clock\u003e port 0x70-0x71 irq 8 on acpi0\nEvent timer \"RTC\" frequency 32768 Hz quality 0\nhpet0: \u003cHigh Precision Event Timer\u003e iomem 0xfed00000-0xfed003ff on acpi0\nTimecounter \"HPET\" frequency 14318180 Hz quality 950\nEvent timer \"HPET\" frequency 14318180 Hz quality 350\nEvent timer \"HPET1\" frequency 14318180 Hz quality 340\nEvent timer \"HPET2\" frequency 14318180 Hz quality 340\nEvent timer \"HPET3\" frequency 14318180 Hz quality 340\nTimecounter \"ACPI-safe\" frequency 3579545 Hz quality 850\nacpi_timer0: \u003c24-bit timer at 3.579545MHz\u003e port 0x808-0x80b on acpi0\npcib0: \u003cACPI Host-PCI bridge\u003e port 0xcf8-0xcff numa-domain 0 on acpi0\npcib0: _OSC returned error 0x10\npci0: \u003cACPI PCI bus\u003e numa-domain 0 on pcib0\npcib1: \u003cACPI PCI-PCI bridge\u003e at device 1.0 numa-domain 0 on pci0\npci1: \u003cACPI PCI bus\u003e numa-domain 0 on pcib1\nigb0: \u003cIntel(R) PRO/1000 Network Connection, Version - 2.5.3-k\u003e port 0xec00-0xec1f mem 0xfbde0000-0xfbdfffff,0xfbdc0000-0xfbddffff,0xfbd9c000-0xfbd9ffff irq 28 at device 0.0 numa-domain 0 on pci1\nigb0: Using MSIX interrupts with 9 vectors\nigb0: Ethernet address: 00:25:90:06:b7:9e\nigb0: Bound queue 0 to cpu 0\nigb0: Bound queue 1 to cpu 1\nigb0: Bound queue 2 to cpu 2\nigb0: Bound queue 3 to cpu 3\nigb0: Bound queue 4 to cpu 4\nigb0: Bound queue 5 to cpu 5\nigb0: Bound queue 6 to cpu 6\nigb0: Bound queue 7 to cpu 7\nigb0: netmap queues/slots: TX 8/1024, RX 8/1024\nigb1: \u003cIntel(R) PRO/1000 Network Connection, Version - 2.5.3-k\u003e port 0xe880-0xe89f mem 0xfbd60000-0xfbd7ffff,0xfbd40000-0xfbd5ffff,0xfbd1c000-0xfbd1ffff irq 40 at device 0.1 numa-domain 0 on pci1\nigb1: Using MSIX interrupts with 9 vectors\nigb1: Ethernet address: 00:25:90:06:b7:9f\nigb1: Bound queue 0 to cpu 8\nigb1: Bound queue 1 to cpu 9\nigb1: Bound queue 2 to cpu 10\nigb1: Bound queue 3 to cpu 11\nigb1: Bound queue 4 to cpu 12\nigb1: Bound queue 5 to cpu 13\nigb1: Bound queue 6 to cpu 14\nigb1: Bound queue 7 to cpu 15\nigb1: netmap queues/slots: TX 8/1024, RX 8/1024\npcib2: \u003cACPI PCI-PCI bridge\u003e at device 3.0 numa-domain 0 on pci0\npci2: \u003cACPI PCI bus\u003e numa-domain 0 on pcib2\npcib3: \u003cACPI PCI-PCI bridge\u003e at device 5.0 numa-domain 0 on pci0\npci3: \u003cACPI PCI bus\u003e numa-domain 0 on pcib3\npcib4: \u003cACPI PCI-PCI bridge\u003e at device 7.0 numa-domain 0 on pci0\npci4: \u003cACPI PCI bus\u003e numa-domain 0 on pcib4\npcib5: \u003cACPI PCI-PCI bridge\u003e at device 9.0 numa-domain 0 on pci0\npci5: \u003cACPI PCI bus\u003e numa-domain 0 on pcib5\npci0: \u003cbase peripheral, interrupt controller\u003e at device 20.0 (no driver attached)\npci0: \u003cbase peripheral, interrupt controller\u003e at device 20.1 (no driver attached)\npci0: \u003cbase peripheral, interrupt controller\u003e at device 20.2 (no driver attached)\npci0: \u003cbase peripheral, interrupt controller\u003e at device 20.3 (no driver attached)\nuhci0: \u003cIntel 82801JI (ICH10) USB controller USB-D\u003e port 0xdc00-0xdc1f irq 16 at device 26.0 numa-domain 0 on pci0\nuhci0: LegSup = 0x2f00\nusbus0 numa-domain 0 on uhci0\nuhci1: \u003cIntel 82801JI (ICH10) USB controller USB-E\u003e port 0xd880-0xd89f irq 21 at device 26.1 numa-domain 0 on pci0\nuhci1: LegSup = 0x2f00\nusbus1 numa-domain 0 on uhci1\nuhci2: \u003cIntel 82801JI (ICH10) USB controller USB-F\u003e port 0xd800-0xd81f irq 19 at device 26.2 numa-domain 0 on pci0\nuhci2: LegSup = 0x2f00\nusbus2 numa-domain 0 on uhci2\nehci0: \u003cIntel 82801JI (ICH10) USB 2.0 controller USB-B\u003e mem 0xfbeda000-0xfbeda3ff irq 18 at device 26.7 numa-domain 0 on pci0\nusbus3: EHCI version 1.0\nusbus3 numa-domain 0 on ehci0\nuhci3: \u003cIntel 82801JI (ICH10) USB controller USB-A\u003e port 0xd480-0xd49f irq 23 at device 29.0 numa-domain 0 on pci0\nuhci3: LegSup = 0x2f00\nusbus4 numa-domain 0 on uhci3\nuhci4: \u003cIntel 82801JI (ICH10) USB controller USB-B\u003e port 0xd400-0xd41f irq 19 at device 29.1 numa-domain 0 on pci0\nuhci4: LegSup = 0x2f00\nusbus5 numa-domain 0 on uhci4\nuhci5: \u003cIntel 82801JI (ICH10) USB controller USB-C\u003e port 0xd080-0xd09f irq 18 at device 29.2 numa-domain 0 on pci0\nuhci5: LegSup = 0x2f00\nusbus6 numa-domain 0 on uhci5\nehci1: \u003cIntel 82801JI (ICH10) USB 2.0 controller USB-A\u003e mem 0xfbed8000-0xfbed83ff irq 23 at device 29.7 numa-domain 0 on pci0\nusbus7: EHCI version 1.0\nusbus7 numa-domain 0 on ehci1\npcib6: \u003cACPI PCI-PCI bridge\u003e at device 30.0 numa-domain 0 on pci0\npci6: \u003cACPI PCI bus\u003e numa-domain 0 on pcib6\nvgapci0: \u003cVGA-compatible display\u003e mem 0xf9000000-0xf9ffffff,0xfaffc000-0xfaffffff,0xfb000000-0xfb7fffff irq 18 at device 1.0 numa-domain 0 on pci6\nvgapci0: Boot video device\nisab0: \u003cPCI-ISA bridge\u003e at device 31.0 numa-domain 0 on pci0\nisa0: \u003cISA bus\u003e numa-domain 0 on isab0\natapci0: \u003cIntel ICH10 SATA300 controller\u003e port 0xd000-0xd007,0xcc00-0xcc03,0xc880-0xc887,0xc800-0xc803,0xc480-0xc48f,0xc400-0xc40f irq 19 at device 31.2 numa-domain 0 on pci0\nata2: \u003cATA channel\u003e at channel 0 on atapci0\nata3: \u003cATA channel\u003e at channel 1 on atapci0\natapci1: \u003cIntel ICH10 SATA300 controller\u003e port 0xc000-0xc007,0xbc00-0xbc03,0xb880-0xb887,0xb800-0xb803,0xb480-0xb48f,0xb400-0xb40f irq 19 at device 31.5 numa-domain 0 on pci0\nata4: \u003cATA channel\u003e at channel 0 on atapci1\nata5: \u003cATA channel\u003e at channel 1 on atapci1\nacpi_button0: \u003cPower Button\u003e on acpi0\natkbdc0: \u003cKeyboard controller (i8042)\u003e port 0x60,0x64 irq 1 on acpi0\natkbd0: \u003cAT Keyboard\u003e irq 1 on atkbdc0\nkbd0 at atkbd0\natkbd0: [GIANT-LOCKED]\npsm0: \u003cPS/2 Mouse\u003e irq 12 on atkbdc0\npsm0: [GIANT-LOCKED]\npsm0: model IntelliMouse Explorer, device ID 4\nuart0: \u003c16550 or compatible\u003e port 0x3f8-0x3ff irq 4 flags 0x10 on acpi0\nuart1: \u003c16550 or compatible\u003e port 0x2f8-0x2ff irq 3 on acpi0\nqpi0: \u003cQPI system bus\u003e on motherboard\npcib7: \u003cQPI Host-PCI bridge\u003e pcibus 255 on qpi0\npci7: \u003cPCI bus\u003e on pcib7\npcib8: \u003cQPI Host-PCI bridge\u003e pcibus 254 on qpi0\npci8: \u003cPCI bus\u003e on pcib8\norm0: \u003cISA Option ROMs\u003e at iomem 0xc0000-0xc7fff,0xc8000-0xc8fff on isa0\nppc0: cannot reserve I/O port range\nest0: \u003cEnhanced SpeedStep Frequency Control\u003e on cpu0\nest1: \u003cEnhanced SpeedStep Frequency Control\u003e on cpu1\nest2: \u003cEnhanced SpeedStep Frequency Control\u003e on cpu2\nest3: \u003cEnhanced SpeedStep Frequency Control\u003e on cpu3\nest4: \u003cEnhanced SpeedStep Frequency Control\u003e on cpu4\nest5: \u003cEnhanced SpeedStep Frequency Control\u003e on cpu5\nest6: \u003cEnhanced SpeedStep Frequency Control\u003e on cpu6\nest7: \u003cEnhanced SpeedStep Frequency Control\u003e on cpu7\nest8: \u003cEnhanced SpeedStep Frequency Control\u003e on cpu8\nest9: \u003cEnhanced SpeedStep Frequency Control\u003e on cpu9\nest10: \u003cEnhanced SpeedStep Frequency Control\u003e on cpu10\nest11: \u003cEnhanced SpeedStep Frequency Control\u003e on cpu11\nest12: \u003cEnhanced SpeedStep Frequency Control\u003e on cpu12\nest13: \u003cEnhanced SpeedStep Frequency Control\u003e on cpu13\nest14: \u003cEnhanced SpeedStep Frequency Control\u003e on cpu14\nest15: \u003cEnhanced SpeedStep Frequency Control\u003e on cpu15\nZFS filesystem version: 5\nZFS storage pool version: features support (5000)\nTimecounters tick every 1.000 msec\nnvme cam probe device init\nusbus0: 12Mbps Full Speed USB v1.0\nusbus1: 12Mbps Full Speed USB v1.0\nusbus2: 12Mbps Full Speed USB v1.0\nugen0.1: \u003cIntel\u003e at usbus0\nuhub0: \u003cIntel UHCI root HUB, class 9/0, rev 1.00/1.00, addr 1\u003e on usbus0\nugen1.1: \u003cIntel\u003e at usbus1\nuhub1: \u003cIntel UHCI root HUB, class 9/0, rev 1.00/1.00, addr 1\u003e on usbus1\nugen2.1: \u003cIntel\u003e at usbus2\nuhub2: \u003cIntel UHCI root HUB, class 9/0, rev 1.00/1.00, addr 1\u003e on usbus2\nusbus3: 480Mbps High Speed USB v2.0\nusbus4: 12Mbps Full Speed USB v1.0\nusbus5: 12Mbps Full Speed USB v1.0\nugen3.1: \u003cIntel\u003e at usbus3\nuhub3: \u003cIntel EHCI root HUB, class 9/0, rev 2.00/1.00, addr 1\u003e on usbus3\nugen4.1: \u003cIntel\u003e at usbus4\nuhub4: \u003cIntel UHCI root HUB, class 9/0, rev 1.00/1.00, addr 1\u003e on usbus4\nugen5.1: \u003cIntel\u003e at usbus5\nuhub5: \u003cIntel UHCI root HUB, class 9/0, rev 1.00/1.00, addr 1\u003e on usbus5\nusbus6: 12Mbps Full Speed USB v1.0\nusbus7: 480Mbps High Speed USB v2.0\nugen6.1: \u003cIntel\u003e at usbus6\nuhub6: \u003cIntel UHCI root HUB, class 9/0, rev 1.00/1.00, addr 1\u003e on usbus6\nugen7.1: \u003cIntel\u003e at usbus7\nuhub7: \u003cIntel EHCI root HUB, class 9/0, rev 2.00/1.00, addr 1\u003e on usbus7\nuhub2: 2 ports with 2 removable, self powered\nuhub1: 2 ports with 2 removable, self powered\nuhub0: 2 ports with 2 removable, self powered\nuhub6: 2 ports with 2 removable, self powered\nuhub4: 2 ports with 2 removable, self powered\nuhub5: 2 ports with 2 removable, self powered\nada0 at ata2 bus 0 scbus0 target 0 lun 0\nada0: \u003cGB0500EAFYL HPG1\u003e ATA-7 SATA 2.x device\nada0: Serial Number WCASY6743897\nada0: 300.000MB/s transfers (SATA 2.x, UDMA5, PIO 8192bytes)\nada0: 476940MB (976773168 512 byte sectors)\nada1 at ata2 bus 0 scbus0 target 1 lun 0\nada1: \u003cST500DM002-1BD142 KC48\u003e ATA8-ACS SATA 3.x device\nada1: Serial Number Z6EMAENR\nada1: 300.000MB/s transfers (SATA 2.x, UDMA5, PIO 8192bytes)\nada1: 476940MB (976773168 512 byte sectors)\nada1: quirks=0x1\u003c4K\u003e\nada2 at ata3 bus 0 scbus1 target 0 lun 0\nada2: \u003cGB0500EAFYL HPG1\u003e ATA-7 SATA 2.x device\nada2: Serial Number WCASY6752687\nada2: 300.000MB/s transfers (SATA 2.x, UDMA5, PIO 8192bytes)\nada2: 476940MB (976773168 512 byte sectors)\nada3 at ata3 bus 0 scbus1 target 1 lun 0\nada3: \u003cST500DM002-1BD142 KC48\u003e ATA8-ACS SATA 3.x device\nada3: Serial Number Z6EM8QHK\nada3: 300.000MB/s transfers (SATA 2.x, UDMA5, PIO 8192bytes)\nada3: 476940MB (976773168 512 byte sectors)\nada3: quirks=0x1\u003c4K\u003e\nSMP: AP CPU #1 Launched!\nSMP: AP CPU #15 Launched!\nSMP: AP CPU #4 Launched!\nSMP: AP CPU #10 Launched!\nSMP: AP CPU #6 Launched!\nSMP: AP CPU #11 Launched!\nSMP: AP CPU #2 Launched!\nSMP: AP CPU #8 Launched!\nSMP: AP CPU #3 Launched!\nSMP: AP CPU #12 Launched!\nSMP: AP CPU #7 Launched!\nSMP: AP CPU #13 Launched!\nSMP: AP CPU #5 Launched!\nSMP: AP CPU #9 Launched!\nSMP: AP CPU #14 Launched!\nTimecounter \"TSC-low\" frequency 1200065624 Hz quality 1000\nTrying to mount root from zfs:zfsroot []...\nGEOM_MIRROR: Device mirror/swap launched (2/2).\nRoot mount waiting for: usbus7 usbus3\nRoot mount waiting for: usbus7 usbus3\nuhub7: 6 ports with 6 removable, self powered\nuhub3: 6 ports with 6 removable, self powered\nigb0: link state changed to UP\nvlan1: link state changed to UP\nvlan2: link state changed to UP\nvlan3: link state changed to UP\nvlan4: link state changed to UP\nvlan5: link state changed to UP\nvlan6: link state changed to UP\nvlan7: link state changed to UP\nvlan8: link state changed to UP\nvlan9: link state changed to UP\nvlan10: link state changed to UP\nvlan11: link state changed to UP\nvlan12: link state changed to UP\nvlan13: link state changed to UP\n\nFrom Hiren Panchasara:\n\n(In reply to Robert Watson from comment #29)\n\nRobert,\n\nThanks for your response.\n\n On a slightly modified (nothing in driver space) stable/11, I am seeing repeated panic in sbsndptr() with igb while box is pretty much idle or doing very low traffic.\n\n(kgdb) bt\n#0  __curthread () at ./machine/pcpu.h:221\n#1  doadump (textdump=-2121667464) at /d2/hiren/freebsd/sys/kern/kern_shutdown.c:298\n#2  0xffffffff80389f86 in db_fncall_generic (nargs=0, addr=\u003coptimized out\u003e, rv=\u003coptimized out\u003e, \n    args=\u003coptimized out\u003e) at /d2/hiren/freebsd/sys/ddb/db_command.c:568\n#3  db_fncall (dummy1=\u003coptimized out\u003e, dummy2=\u003coptimized out\u003e, dummy3=\u003coptimized out\u003e, dummy4=\u003coptimized out\u003e)\n    at /d2/hiren/freebsd/sys/ddb/db_command.c:616\n#4  0xffffffff80389a29 in db_command (last_cmdp=\u003coptimized out\u003e, cmd_table=\u003coptimized out\u003e, \n    dopager=\u003coptimized out\u003e) at /d2/hiren/freebsd/sys/ddb/db_command.c:440\n#5  0xffffffff80389784 in db_command_loop () at /d2/hiren/freebsd/sys/ddb/db_command.c:493\n#6  0xffffffff8038c76b in db_trap (type=\u003coptimized out\u003e, code=\u003coptimized out\u003e)\n    at /d2/hiren/freebsd/sys/ddb/db_main.c:251\n#7  0xffffffff809a6f33 in kdb_trap (type=\u003coptimized out\u003e, code=\u003coptimized out\u003e, tf=\u003coptimized out\u003e)\n    at /d2/hiren/freebsd/sys/kern/subr_kdb.c:654\n#8  0xffffffff80d93521 in trap_fatal (frame=0xfffffe1f2bb38210, eva=24)\n    at /d2/hiren/freebsd/sys/amd64/amd64/trap.c:836\n#9  0xffffffff80d93753 in trap_pfault (frame=0xfffffe1f2bb38210, usermode=0)\n    at /d2/hiren/freebsd/sys/amd64/amd64/trap.c:691\n#10 0xffffffff80d92cdc in trap (frame=0xfffffe1f2bb38210) at /d2/hiren/freebsd/sys/amd64/amd64/trap.c:442\n#11 \u003csignal handler called\u003e\n#12 sbsndptr (sb=0xfffff8060f8a5518, off=0, len=4294967287, moff=0xfffffe1f2bb38420)\n    at /d2/hiren/freebsd/sys/kern/uipc_sockbuf.c:1191\n#13 0xffffffff80ab9382 in tcp_output (tp=\u003coptimized out\u003e) at /d2/hiren/freebsd/sys/netinet/tcp_output.c:1099\n#14 0xffffffff80ab6105 in tcp_do_segment (m=\u003coptimized out\u003e, th=\u003coptimized out\u003e, so=0xfffff8060f8a5360, \n    tp=\u003coptimized out\u003e, drop_hdrlen=60, tlen=\u003coptimized out\u003e, iptos=\u003coptimized out\u003e, \n    ti_locked=\u003cerror reading variable: Cannot access memory at address 0x1\u003e)\n    at /d2/hiren/freebsd/sys/netinet/tcp_input.c:3182\n#15 0xffffffff80ab2803 in tcp_input (mp=\u003coptimized out\u003e, offp=\u003coptimized out\u003e, proto=\u003coptimized out\u003e)\n    at /d2/hiren/freebsd/sys/netinet/tcp_input.c:1444\n#16 0xffffffff80aa6bc5 in ip_input (m=\u003cerror reading variable: Cannot access memory at address 0x0\u003e)\n    at /d2/hiren/freebsd/sys/netinet/ip_input.c:809\n#17 0xffffffff80a82b35 in netisr_dispatch_src (proto=1, source=\u003coptimized out\u003e, m=0x0)\n    at /d2/hiren/freebsd/sys/net/netisr.c:1120\n#18 0xffffffff80a6c2ca in ether_demux (ifp=\u003coptimized out\u003e, m=0x0) at /d2/hiren/freebsd/sys/net/if_ethersubr.c:850\n#19 0xffffffff80a6cf22 in ether_input_internal (ifp=\u003coptimized out\u003e, m=0x0)\n    at /d2/hiren/freebsd/sys/net/if_ethersubr.c:639\n#20 ether_nh_input (m=\u003coptimized out\u003e) at /d2/hiren/freebsd/sys/net/if_ethersubr.c:669\n#21 0xffffffff80a82b35 in netisr_dispatch_src (proto=5, source=\u003coptimized out\u003e, m=0x0)\n    at /d2/hiren/freebsd/sys/net/netisr.c:1120\n#22 0xffffffff80a6c546 in ether_input (ifp=\u003coptimized out\u003e, m=0x0) at /d2/hiren/freebsd/sys/net/if_ethersubr.c:759\n#23 0xffffffff804e2b3c in igb_rx_input (rxr=\u003coptimized out\u003e, ifp=0xfffff80115614800, m=0xfffff8014eee7600, \n    ptype=\u003coptimized out\u003e) at /d2/hiren/freebsd/sys/dev/e1000/if_igb.c:4957\n#24 igb_rxeof (que=\u003coptimized out\u003e, count=358700136, done=\u003coptimized out\u003e)\n    at /d2/hiren/freebsd/sys/dev/e1000/if_igb.c:5185\n#25 0xffffffff804e1daf in igb_msix_que (arg=\u003coptimized out\u003e) at /d2/hiren/freebsd/sys/dev/e1000/if_igb.c:1612\n#26 0xffffffff8091425f in intr_event_execute_handlers (p=\u003coptimized out\u003e, ie=\u003coptimized out\u003e)\n    at /d2/hiren/freebsd/sys/kern/kern_intr.c:1262\n#27 0xffffffff80914876 in ithread_execute_handlers (ie=\u003coptimized out\u003e, p=\u003coptimized out\u003e)\n    at /d2/hiren/freebsd/sys/kern/kern_intr.c:1275\n#28 ithread_loop (arg=\u003coptimized out\u003e) at /d2/hiren/freebsd/sys/kern/kern_intr.c:1356\n#29 0xffffffff80910ea5 in fork_exit (callout=0xffffffff809147b0 \u003cithread_loop\u003e, arg=0xfffff8011561a0e0, \n    frame=0xfffffe1f2bb38ac0) at /d2/hiren/freebsd/sys/kern/kern_fork.c:1040\n#30 \u003csignal handler called\u003e\n\n----------------------------------------------------------------\n\nMost interesting frames are these 2:\n\n#22 0xffffffff80a6c546 in ether_input (ifp=\u003coptimized out\u003e, m=0x0) at /d2/hiren/freebsd/sys/net/if_ethersubr.c:759\n#23 0xffffffff804e2b3c in igb_rx_input (rxr=\u003coptimized out\u003e, ifp=0xfffff80115614800, m=0xfffff8014eee7600, \n    ptype=\u003coptimized out\u003e) at /d2/hiren/freebsd/sys/dev/e1000/if_igb.c:4957\n\n#23 has an mbuf while #22 has it null.\n\nDoes this point to your hunch of\n\"device-driver bugs involving modifications to the mbuf chain after submitting the mbuf to the network stack (e.g., due to concurrency bugs in the device driver)\" ?\n\nOR something else is going on?\n\nFrom Daniel Bilik:\n\nWe've been also struggling this in past weeks, and I can confirm Robert's intuition.\n\nIn our case, the bug affects two hosts running recent 10-STABLE, connected to each other via igb(4) using a dedicated 100Mb switch. When trying to transfer directory structure holding several gigabytes of data with rsync protocol, either sender or receiver panics in less then a minute with:\n\nPanic String: sbsndptr: sockbuf 0xfffff8000ccc76f8 and mbuf 0xfffff802a0145800 clashing\n\nInterestingly, scp(1)ing data between the hosts doesn't seem to trigger this panic such easily, but sometimes it does, mostly when copying larger (\u003e1GB) files.\n\nWe've fixed this just yesterday by limiting number of igb(4) txrx queues, ie. adding this into loader.conf:\n\nhw.igb.num_queues=1\n\nNow the hosts run stable, periodically rsyncing data in both directions."
}