{
 "id": 342105,
 "bug_id": 101618,
 "attachment_id": 0,
 "creation_time": "2006-08-08T01:10:16Z",
 "creator": "d.clausen@kualo.com",
 "text": "We are experiencing multiple kernel panics per day on a series of Dell PowerEdge 2850 servers each running Cpanel (dcpumon is a cpu monitoring process distributed with cpanel).\n\nKernel is GENERIC plus firewalling.\n\ndmesg:\n\nCopyright (c) 1992-2006 The FreeBSD Project.\nCopyright (c) 1979, 1980, 1983, 1986, 1988, 1989, 1991, 1992, 1993, 1994\n        The Regents of the University of California. All rights reserved.\nFreeBSD 5.5-RELEASE #0: Sun May 28 22:29:05 UTC 2006\n    tech@kernbuild.kgix.net:/usr/obj/usr/src/sys/KGIX-SMP-i386\nACPI APIC Table: \u003cDELL   PE BKC  \u003e\nTimecounter \"i8254\" frequency 1193182 Hz quality 0\nCPU: Intel(R) Xeon(TM) CPU 3.00GHz (2992.51-MHz 686-class CPU)\n  Origin = \"GenuineIntel\"  Id = 0xf43  Stepping = 3\n  Features=0xbfebfbff\u003cFPU,VME,DE,PSE,TSC,MSR,PAE,MCE,CX8,APIC,SEP,MTRR,PGE,MCA,CMOV,PAT,PSE36,CLFLUSH,DTS,ACPI,MMX,FXSR,SSE,SSE2,SS,HTT,TM,PBE\u003e\n  Hyperthreading: 2 logical CPUs\nreal memory  = 2147221504 (2047 MB)\navail memory = 2095767552 (1998 MB)\nFreeBSD/SMP: Multiprocessor System Detected: 4 CPUs\n cpu0 (BSP): APIC ID:  0\n cpu1 (AP): APIC ID:  1\n cpu2 (AP): APIC ID:  6\n cpu3 (AP): APIC ID:  7\nioapic0: Changing APIC ID to 8\nioapic1: Changing APIC ID to 9\nioapic1: WARNING: intbase 32 != expected base 24\nioapic2: Changing APIC ID to 10\nioapic2: WARNING: intbase 64 != expected base 56\nioapic3: Changing APIC ID to 11\nioapic3: WARNING: intbase 96 != expected base 88\nioapic0 \u003cVersion 2.0\u003e irqs 0-23 on motherboard\nioapic1 \u003cVersion 2.0\u003e irqs 32-55 on motherboard\nioapic2 \u003cVersion 2.0\u003e irqs 64-87 on motherboard\nioapic3 \u003cVersion 2.0\u003e irqs 96-119 on motherboard\nnpx0: \u003cmath processor\u003e on motherboard\nnpx0: INT 16 interface\nacpi0: \u003cDELL PE BKC\u003e on motherboard\nacpi0: Power Button (fixed)\nTimecounter \"ACPI-fast\" frequency 3579545 Hz quality 1000\nacpi_timer0: \u003c24-bit timer at 3.579545MHz\u003e port 0x808-0x80b on acpi0\ncpu0: \u003cACPI CPU\u003e on acpi0\ncpu1: \u003cACPI CPU\u003e on acpi0\ncpu2: \u003cACPI CPU\u003e on acpi0\ncpu3: \u003cACPI CPU\u003e on acpi0\npcib0: \u003cACPI Host-PCI bridge\u003e port 0xcf8-0xcff on acpi0\npci0: \u003cACPI PCI bus\u003e on pcib0\npcib1: \u003cACPI PCI-PCI bridge\u003e at device 2.0 on pci0\npci1: \u003cACPI PCI bus\u003e on pcib1\npcib2: \u003cACPI PCI-PCI bridge\u003e at device 0.0 on pci1\npci2: \u003cACPI PCI bus\u003e on pcib2\namr0: \u003cLSILogic MegaRAID 1.51\u003e mem 0xfeac0000-0xfeafffff,0xf80f0000-0xf80fffff irq 46 at device 14.0 on pci2\namr0: \u003cLSILogic PERC 4e/Di\u003e Firmware 521S, BIOS H430, 256MB RAM\npcib3: \u003cACPI PCI-PCI bridge\u003e at device 0.2 on pci1\npci3: \u003cACPI PCI bus\u003e on pcib3\npcib4: \u003cACPI PCI-PCI bridge\u003e at device 4.0 on pci0\npci4: \u003cACPI PCI bus\u003e on pcib4\npcib5: \u003cACPI PCI-PCI bridge\u003e at device 5.0 on pci0\npci5: \u003cACPI PCI bus\u003e on pcib5\npcib6: \u003cACPI PCI-PCI bridge\u003e at device 0.0 on pci5\npci6: \u003cACPI PCI bus\u003e on pcib6\nem0: \u003cIntel(R) PRO/1000 Network Connection, Version - 1.7.35\u003e port 0xecc0-0xecff mem 0xfe7e0000-0xfe7fffff irq 64 at device 7.0 on pci6\nem0: Ethernet address: 00:14:22:20:34:5a\npcib7: \u003cACPI PCI-PCI bridge\u003e at device 0.2 on pci5\npci7: \u003cACPI PCI bus\u003e on pcib7\nem1: \u003cIntel(R) PRO/1000 Network Connection, Version - 1.7.35\u003e port 0xdcc0-0xdcff mem 0xfe5e0000-0xfe5fffff irq 65 at device 8.0 on pci7\nem1: Ethernet address: 00:14:22:20:34:5b\npcib8: \u003cACPI PCI-PCI bridge\u003e at device 6.0 on pci0\npci8: \u003cACPI PCI bus\u003e on pcib8\npcib9: \u003cACPI PCI-PCI bridge\u003e at device 0.0 on pci8\npci9: \u003cACPI PCI bus\u003e on pcib9\npcib10: \u003cACPI PCI-PCI bridge\u003e at device 0.2 on pci8\npci10: \u003cACPI PCI bus\u003e on pcib10\npcib11: \u003cACPI PCI-PCI bridge\u003e at device 30.0 on pci0\npci11: \u003cACPI PCI bus\u003e on pcib11\npci11: \u003cdisplay, VGA\u003e at device 13.0 (no driver attached)\nisab0: \u003cPCI-ISA bridge\u003e at device 31.0 on pci0\nisa0: \u003cISA bus\u003e on isab0\natapci0: \u003cIntel ICH5 UDMA100 controller\u003e port 0xfc00-0xfc0f,0x376,0x170-0x177,0x3f6,0x1f0-0x1f7 at device 31.1 on pci0\nata0: channel #0 on atapci0\nata1: channel #1 on atapci0\nfdc0: \u003cfloppy drive controller\u003e port 0x3f7,0x3f0-0x3f5 irq 6 drq 2 on acpi0\nfd0: \u003c1440-KB 3.5\" drive\u003e on fdc0 drive 0\natkbdc0: \u003cKeyboard controller (i8042)\u003e port 0x64,0x60 irq 1 on acpi0\natkbd0: \u003cAT Keyboard\u003e irq 1 on atkbdc0\nkbd0 at atkbd0\nsio0: \u003c16550A-compatible COM port\u003e port 0x3f8-0x3ff irq 4 flags 0x10 on acpi0\nsio0: type 16550A\npmtimer0 on isa0\norm0: \u003cISA Option ROMs\u003e at iomem 0xec000-0xeffff,0xc0000-0xcafff on isa0\nsc0: \u003cSystem console\u003e at flags 0x100 on isa0\nsc0: VGA \u003c16 virtual consoles, flags=0x300\u003e\nvga0: \u003cGeneric ISA VGA\u003e at port 0x3c0-0x3df iomem 0xa0000-0xbffff on isa0\nppc0: parallel port not found.\nsio1: configured irq 3 not in bitmap of probed irqs 0\nsio1: port may not be enabled\nTimecounters tick every 10.000 msec\nipfw2 initialized, divert disabled, rule-based forwarding enabled, default to accept, logging limited to 100 packets/entry by default\nacd0: CDROM \u003cTEAC CD-ROM CD-224E-N/3.AB\u003e at ata0-master PIO4\namrd0: \u003cLSILogic MegaRAID logical drive\u003e on amr0\namrd0: 69880MB (143114240 sectors) RAID 1 (optimal)\namrd1: \u003cLSILogic MegaRAID logical drive\u003e on amr0\namrd1: 69880MB (143114240 sectors) RAID 0 (optimal)\nses0 at amr0 bus 0 target 6 lun 0\nses0: \u003cPE/PV 1x6 SCSI BP 1.0\u003e Fixed Processor SCSI-2 device\nses0: SAF-TE Compliant Device\nSMP: AP CPU #2 Launched!\nSMP: AP CPU #1 Launched!\nSMP: AP CPU #3 Launched!\nMounting root from ufs:/dev/amrd0s1a\nWARNING: / was not properly dismounted\n\nkgdb output:\nUnread portion of the kernel message buffer:\n\n\nFatal trap 12: page fault while in kernel mode\ncpuid = 2; apic id = 06\nfault virtual address   = 0x1c\nfault code              = supervisor write, page not present\ninstruction pointer     = 0x8:0xc062dd01\nstack pointer           = 0x10:0xf15fa780\nframe pointer           = 0x10:0xf15fa79c\ncode segment            = base 0x0, limit 0xfffff, type 0x1b\n                        = DPL 0, pres 1, def32 1, gran 1\nprocessor eflags        = interrupt enabled, resume, IOPL = 0\ncurrent process         = 23694 (dcpumon)\ntrap number             = 12\npanic: page fault\ncpuid = 2\nboot() called on cpu#0\nUptime: 21h7m11s\nDumping 2047 MB\n 16 32 48 64 80 96 112 128 144 160 176 192 208 224 240 256 272 288 304 320 336 352 368 384 400 416 432 448 464 480 496 512 528 544 560 576 592 608 624 640 656 672 688 704 720 736 752 768 784 800 816 832 848 864 880 896 912 928 944 960 976 992 1008 1024 1040 1056 1072 1088 1104 1120 1136 1152 1168 1184 1200 1216 1232 1248 1264 1280 1296 1312 1328 1344 1360 1376 1392 1408 1424 1440 1456 1472 1488 1504 1520 1536 1552 1568 1584 1600 1616 1632 1648 1664 1680 1696 1712 1728 1744 1760 1776 1792 1808 1824 1840 1856 1872 1888 1904 1920 1936 1952 1968 1984 2000 2016 2032\n\n#0  doadump () at pcpu.h:160\n160             __asm __volatile(\"movl %%fs:0,%0\" : \"=r\" (td));\n(kgdb)\n\n(kgdb) bt\n#0  doadump () at pcpu.h:160\n#1  0xc05cca59 in boot (howto=260) at ../../../kern/kern_shutdown.c:412\n#2  0xc05ccd7d in panic (fmt=0xc07c4944 \"%s\")\n    at ../../../kern/kern_shutdown.c:568\n#3  0xc0786410 in trap_fatal (frame=0xf15fa740, eva=28)\n    at ../../../i386/i386/trap.c:822\n#4  0xc078614f in trap_pfault (frame=0xf15fa740, usermode=0, eva=28)\n    at ../../../i386/i386/trap.c:737\n#5  0xc0785d89 in trap (frame=\n      {tf_fs = -1067581416, tf_es = -1065615344, tf_ds = -1067581424, tf_edi = 4, tf_esi = 0, tf_ebp = -245389412, tf_isp = -245389460, tf_ebx = 131074, tf_edx = -979096576, tf_ecx = 0, tf_eax = 4, tf_trapno = 12, tf_err = 2, tf_eip = -1067262719, tf_cs = 8, tf_eflags = 66118, tf_esp = 7, tf_ss = -245388144})\n    at ../../../i386/i386/trap.c:427\n#6  0xc077385a in calltrap () at ../../../i386/i386/exception.s:140\n#7  0xc05e0018 in devclass_find_free_unit (dc=0x0, unit=0)\n    at ../../../kern/subr_bus.c:1147\n#8  0xc058bc85 in procfs_doprocfile (td=0x0, p=0x20002, pn=0xc3674c80,\n    sb=0xf15fa7f0, uio=0x0) at ../../../fs/procfs/procfs.c:73\n#9  0xc058fef4 in pfs_readlink (va=0x0) at pcpu.h:157\n#10 0xc0628c1c in kern_readlink (td=0xc5a42c00, path=0x0,\n    pathseg=UIO_USERSPACE, buf=0x0, bufseg=UIO_USERSPACE, count=1024)\n    at vnode_if.h:925\n---Type \u003creturn\u003e to continue, or q \u003creturn\u003e to quit---\n#11 0xc0628b42 in readlink (td=0xc5a42c00, uap=0x0)\n    at ../../../kern/vfs_syscalls.c:2197\n#12 0xc078674b in syscall (frame=\n      {tf_fs = 47, tf_es = 47, tf_ds = 47, tf_edi = 135507064, tf_esi = 135655436, tf_ebp = -1077941016, tf_isp = -245387932, tf_ebx = 674068596, tf_edx = -1077942040, tf_ecx = 0, tf_eax = 58, tf_trapno = 47, tf_err = 2, tf_eip = 672570948, tf_cs = 31, tf_eflags = 643, tf_esp = -1077942100, tf_ss = 47})\n    at ../../../i386/i386/trap.c:1014\n#13 0xc07738af in Xint0x80_syscall () at ../../../i386/i386/exception.s:201\n#14 0x0000002f in ?? ()\n#15 0x0000002f in ?? ()\n#16 0x0000002f in ?? ()\n#17 0x0813ac78 in ?? ()\n#18 0x0815f00c in ?? ()\n#19 0xbfbfece8 in ?? ()\n#20 0xf15fad64 in ?? ()\n#21 0x282d7874 in ?? ()\n#22 0xbfbfe8e8 in ?? ()\n#23 0x00000000 in ?? ()\n#24 0x0000003a in ?? ()\n#25 0x0000002f in ?? ()\n#26 0x00000002 in ?? ()\n#27 0x28169e44 in ?? ()\n---Type \u003creturn\u003e to continue, or q \u003creturn\u003e to quit---\n#28 0x0000001f in ?? ()\n#29 0x00000283 in ?? ()\n#30 0xbfbfe8ac in ?? ()\n#31 0x0000002f in ?? ()\n#32 0x00000000 in ?? ()\n#33 0x00000000 in ?? ()\n#34 0x00000000 in ?? ()\n#35 0x00000000 in ?? ()\n#36 0x415ff000 in ?? ()\n#37 0xc8668a98 in ?? ()\n#38 0xc5a42c00 in ?? ()\n#39 0xf15fa600 in ?? ()\n#40 0xf15fa5e8 in ?? ()\n#41 0xc3547300 in ?? ()\n#42 0xc05dd0c3 in sched_switch (td=0x815f00c, newtd=0x282d7874, flags=Cannot access memory at address 0xbfbfecf8\n)\n    at ../../../kern/sched_4bsd.c:881\nPrevious frame inner to this frame (corrupt stack?)\n(kgdb)"
}