{
 "id": 900473,
 "bug_id": 213225,
 "attachment_id": 175448,
 "creation_time": "2016-10-05T15:57:39Z",
 "creator": "the_tron@gmx.de",
 "text": "Created attachment 175448\nscreenshot\n\n(I have yesterday recompiled the kernel and world, but nothing changes.\nThat's why the bootstrap loader and dmesg have different creation-time in screenshot.)\n\n\ndmesg, dmidecode, gpart show \n\nCopyright (c) 1992-2016 The FreeBSD Project.\nCopyright (c) 1979, 1980, 1983, 1986, 1988, 1989, 1991, 1992, 1993, 1994\n\tThe Regents of the University of California. All rights reserved.\nFreeBSD is a registered trademark of The FreeBSD Foundation.\nFreeBSD 11.0-RELEASE #0: Tue Oct  4 22:56:58 CEST 2016\n    root@tronserver.local:/usr/obj/usr/src/sys/GENERIC amd64\nFreeBSD clang version 3.8.0 (tags/RELEASE_380/final 262564) (based on LLVM 3.8.0)\nVT(vga): resolution 640x480\nCPU: AMD Phenom(tm) II X6 1055T Processor (2812.97-MHz K8-class CPU)\n  Origin=\"AuthenticAMD\"  Id=0x100fa0  Family=0x10  Model=0xa  Stepping=0\n  Features=0x178bfbff\u003cFPU,VME,DE,PSE,TSC,MSR,PAE,MCE,CX8,APIC,SEP,MTRR,PGE,MCA,CMOV,PAT,PSE36,CLFLUSH,MMX,FXSR,SSE,SSE2,HTT\u003e\n  Features2=0x802009\u003cSSE3,MON,CX16,POPCNT\u003e\n  AMD Features=0xee500800\u003cSYSCALL,NX,MMX+,FFXSR,Page1GB,RDTSCP,LM,3DNow!+,3DNow!\u003e\n  AMD Features2=0x37ff\u003cLAHF,CMP,SVM,ExtAPIC,CR8,ABM,SSE4A,MAS,Prefetch,OSVW,IBS,SKINIT,WDT\u003e\n  SVM: NP,NRIP,NAsids=64\n  TSC: P-state invariant, performance statistics\nreal memory  = 21474836480 (20480 MB)\navail memory = 20750077952 (19788 MB)\nEvent timer \"LAPIC\" quality 400\nACPI APIC Table: \u003cGBT    GBTUACPI\u003e\nFreeBSD/SMP: Multiprocessor System Detected: 6 CPUs\nFreeBSD/SMP: 1 package(s) x 6 core(s)\nioapic0: Changing APIC ID to 2\nioapic0 \u003cVersion 2.1\u003e irqs 0-23 on motherboard\nrandom: entropy device external interface\nkbd1 at kbdmux0\nnetmap: loaded module\nmodule_register_init: MOD_LOAD (vesa, 0xffffffff8101c950, 0) error 19\nvtvga0: \u003cVT VGA driver\u003e on motherboard\ncryptosoft0: \u003csoftware crypto\u003e on motherboard\nacpi0: \u003cGBT GBTUACPI\u003e on motherboard\nacpi0: Power Button (fixed)\ncpu0: \u003cACPI CPU\u003e on acpi0\ncpu1: \u003cACPI CPU\u003e on acpi0\ncpu2: \u003cACPI CPU\u003e on acpi0\ncpu3: \u003cACPI CPU\u003e on acpi0\ncpu4: \u003cACPI CPU\u003e on acpi0\ncpu5: \u003cACPI CPU\u003e on acpi0\nattimer0: \u003cAT timer\u003e port 0x40-0x43 on acpi0\nTimecounter \"i8254\" frequency 1193182 Hz quality 0\nEvent timer \"i8254\" frequency 1193182 Hz quality 100\nhpet0: \u003cHigh Precision Event Timer\u003e iomem 0xfed00000-0xfed003ff irq 0,8 on acpi0\nTimecounter \"HPET\" frequency 14318180 Hz quality 950\natrtc0: \u003cAT realtime clock\u003e port 0x70-0x73 on acpi0\nEvent timer \"RTC\" frequency 32768 Hz quality 0\nTimecounter \"ACPI-fast\" frequency 3579545 Hz quality 900\nacpi_timer0: \u003c32-bit timer at 3.579545MHz\u003e port 0x4008-0x400b on acpi0\nacpi_button0: \u003cPower Button\u003e on acpi0\npcib0: \u003cACPI Host-PCI bridge\u003e port 0xcf8-0xcff on acpi0\npci0: \u003cACPI PCI bus\u003e on pcib0\npcib1: \u003cACPI PCI-PCI bridge\u003e irq 18 at device 2.0 on pci0\npci1: \u003cACPI PCI bus\u003e on pcib1\nvgapci0: \u003cVGA-compatible display\u003e port 0xdf00-0xdf7f mem 0xfb000000-0xfbffffff,0xc0000000-0xcfffffff,0xde000000-0xdfffffff \n\nirq 18 at device 0.0 on pci1\nvgapci0: Boot video device\nhdac0: \u003cNVIDIA (0x0be3) HDA Controller\u003e mem 0xfcffc000-0xfcffffff irq 19 at device 0.1 on pci1\npcib2: \u003cACPI PCI-PCI bridge\u003e irq 17 at device 9.0 on pci0\npci2: \u003cACPI PCI bus\u003e on pcib2\nxhci0: \u003cNEC uPD720200 USB 3.0 controller\u003e mem 0xfd6fe000-0xfd6fffff irq 17 at device 0.0 on pci2\nxhci0: 32 bytes context size, 32-bit DMA\nxhci0: Unable to map MSI-X table \nusbus0 on xhci0\npcib3: \u003cACPI PCI-PCI bridge\u003e irq 18 at device 10.0 on pci0\npci3: \u003cACPI PCI bus\u003e on pcib3\natapci0: \u003cJMicron JMB363 UDMA133 controller\u003e port 0xef00-0xef07,0xee00-0xee03,0xed00-0xed07,0xec00-0xec03,0xeb00-0xeb0f mem \n\n0xfdcfe000-0xfdcfffff irq 18 at device 0.0 on pci3\nahci0: \u003cJMicron JMB363 AHCI SATA controller\u003e at channel -1 on atapci0\nahci0: AHCI v1.00 with 2 3Gbps ports, Port Multiplier supported\nahci0: quirks=0x1\u003cNOFORCE\u003e\nahcich0: \u003cAHCI channel\u003e at channel 0 on ahci0\nahcich1: \u003cAHCI channel\u003e at channel 1 on ahci0\nata2: \u003cATA channel\u003e at channel 0 on atapci0\nahci1: \u003cAMD SB7x0/SB8x0/SB9x0 AHCI SATA controller\u003e port 0xff00-0xff07,0xfe00-0xfe03,0xfd00-0xfd07,0xfc00-0xfc03,0xfb00-\n\n0xfb0f mem 0xfe02f000-0xfe02f3ff irq 19 at device 17.0 on pci0\nahci1: AHCI v1.20 with 6 6Gbps ports, Port Multiplier supported\nahci1: quirks=0x22000\u003cATI_PMP_BUG,1MSI\u003e\nahcich2: \u003cAHCI channel\u003e at channel 0 on ahci1\nahcich3: \u003cAHCI channel\u003e at channel 1 on ahci1\nahcich4: \u003cAHCI channel\u003e at channel 2 on ahci1\nahcich5: \u003cAHCI channel\u003e at channel 3 on ahci1\nahcich6: \u003cAHCI channel\u003e at channel 4 on ahci1\nahcich7: \u003cAHCI channel\u003e at channel 5 on ahci1\nohci0: \u003cAMD SB7x0/SB8x0/SB9x0 USB controller\u003e mem 0xfe02e000-0xfe02efff irq 18 at device 18.0 on pci0\nusbus1 on ohci0\nehci0: \u003cAMD SB7x0/SB8x0/SB9x0 USB 2.0 controller\u003e mem 0xfe02d000-0xfe02d0ff irq 17 at device 18.2 on pci0\nusbus2: EHCI version 1.0\nusbus2 on ehci0\nohci1: \u003cAMD SB7x0/SB8x0/SB9x0 USB controller\u003e mem 0xfe02c000-0xfe02cfff irq 18 at device 19.0 on pci0\nusbus3 on ohci1\nehci1: \u003cAMD SB7x0/SB8x0/SB9x0 USB 2.0 controller\u003e mem 0xfe02b000-0xfe02b0ff irq 17 at device 19.2 on pci0\nusbus4: EHCI version 1.0\nusbus4 on ehci1\nhdac1: \u003cATI SB600 HDA Controller\u003e mem 0xfe024000-0xfe027fff irq 16 at device 20.2 on pci0\nisab0: \u003cPCI-ISA bridge\u003e at device 20.3 on pci0\nisa0: \u003cISA bus\u003e on isab0\npcib4: \u003cACPI PCI-PCI bridge\u003e at device 20.4 on pci0\npci4: \u003cACPI PCI bus\u003e on pcib4\npci4: \u003cserial bus, FireWire\u003e at device 14.0 (no driver attached)\nohci2: \u003cAMD SB7x0/SB8x0/SB9x0 USB controller\u003e mem 0xfe02a000-0xfe02afff irq 18 at device 20.5 on pci0\nusbus5 on ohci2\npcib5: \u003cACPI PCI-PCI bridge\u003e at device 21.0 on pci0\npcib5: [GIANT-LOCKED]\npci5: \u003cACPI PCI bus\u003e on pcib5\nahci2: \u003cJMicron JMB363 AHCI SATA controller\u003e mem 0xfdbfe000-0xfdbfffff irq 17 at device 0.0 on pci5\nahci2: AHCI v1.00 with 2 3Gbps ports, Port Multiplier supported\nahci2: quirks=0x1\u003cNOFORCE\u003e\nahcich8: \u003cAHCI channel\u003e at channel 0 on ahci2\nahcich9: \u003cAHCI channel\u003e at channel 1 on ahci2\natapci1: \u003cJMicron JMB363 UDMA133 controller\u003e port 0xaf00-0xaf07,0xae00-0xae03,0xad00-0xad07,0xac00-0xac03,0xab00-0xab0f irq \n\n17 at device 0.1 on pci5\nata3: \u003cATA channel\u003e at channel 0 on atapci1\npcib6: \u003cACPI PCI-PCI bridge\u003e at device 21.1 on pci0\npcib6: [GIANT-LOCKED]\npci6: \u003cACPI PCI bus\u003e on pcib6\nre0: \u003cRealTek 8168/8111 B/C/CP/D/DP/E/F/G PCIe Gigabit Ethernet\u003e port 0x9e00-0x9eff mem 0xfd8ff000-0xfd8fffff,0xfd8f8000-\n\n0xfd8fbfff irq 17 at device 0.0 on pci6\nre0: Using 1 MSI-X message\nre0: Chip rev. 0x28000000\nre0: MAC rev. 0x00300000\nmiibus0: \u003cMII bus\u003e on re0\nrgephy0: \u003cRTL8169S/8110S/8211 1000BASE-T media interface\u003e PHY 1 on miibus0\nrgephy0:  none, 10baseT, 10baseT-FDX, 10baseT-FDX-flow, 100baseTX, 100baseTX-FDX, 100baseTX-FDX-flow, 1000baseT, 1000baseT-\n\nmaster, 1000baseT-FDX, 1000baseT-FDX-master, 1000baseT-FDX-flow, 1000baseT-FDX-flow-master, auto, auto-flow\nre0: Using defaults for TSO: 65518/35/2048\nre0: Ethernet address: 1c:6f:65:4a:95:1d\nre0: netmap queues/slots: TX 1/256, RX 1/256\nohci3: \u003cAMD SB7x0/SB8x0/SB9x0 USB controller\u003e mem 0xfe029000-0xfe029fff irq 18 at device 22.0 on pci0\nusbus6 on ohci3\nehci2: \u003cAMD SB7x0/SB8x0/SB9x0 USB 2.0 controller\u003e mem 0xfe028000-0xfe0280ff irq 17 at device 22.2 on pci0\nusbus7: EHCI version 1.0\nusbus7 on ehci2\norm0: \u003cISA Option ROMs\u003e at iomem 0xc0000-0xcdfff,0xd5000-0xd7fff on isa0\nhwpstate0: \u003cCool`n'Quiet 2.0\u003e on cpu0\nTimecounters tick every 1.000 msec\nnvme cam probe device init\nhdacc0: \u003cNVIDIA GT21x HDA CODEC\u003e at cad 0 on hdac0\nhdaa0: \u003cNVIDIA GT21x Audio Function Group\u003e at nid 1 on hdacc0\npcm0: \u003cNVIDIA GT21x (HDMI/DP 8ch)\u003e at nid 5 on hdaa0\nhdacc1: \u003cNVIDIA GT21x HDA CODEC\u003e at cad 1 on hdac0\nhdaa1: \u003cNVIDIA GT21x Audio Function Group\u003e at nid 1 on hdacc1\npcm1: \u003cNVIDIA GT21x (HDMI/DP 8ch)\u003e at nid 5 on hdaa1\nhdacc2: \u003cNVIDIA GT21x HDA CODEC\u003e at cad 2 on hdac0\nhdaa2: \u003cNVIDIA GT21x Audio Function Group\u003e at nid 1 on hdacc2\npcm2: \u003cNVIDIA GT21x (HDMI/DP 8ch)\u003e at nid 5 on hdaa2\nhdacc3: \u003cNVIDIA GT21x HDA CODEC\u003e at cad 3 on hdac0\nhdaa3: \u003cNVIDIA GT21x Audio Function Group\u003e at nid 1 on hdacc3\npcm3: \u003cNVIDIA GT21x (HDMI/DP 8ch)\u003e at nid 5 on hdaa3\nhdacc4: \u003cRealtek ALC892 HDA CODEC\u003e at cad 0 on hdac1\nhdaa4: \u003cRealtek ALC892 Audio Function Group\u003e at nid 1 on hdacc4\npcm4: \u003cRealtek ALC892 (Rear Analog 7.1/2.0)\u003e at nid 20,22,21,23 and 24,26 on hdaa4\npcm5: \u003cRealtek ALC892 (Front Analog)\u003e at nid 27 and 25 on hdaa4\npcm6: \u003cRealtek ALC892 (Rear Digital)\u003e at nid 30 and 31 on hdaa4\npcm7: \u003cRealtek ALC892 (Onboard Digital)\u003e at nid 17 on hdaa4\nusbus0: 5.0Gbps Super Speed USB v3.0\nusbus1: 12Mbps Full Speed USB v1.0\nusbus2: 480Mbps High Speed USB v2.0\nusbus3: 12Mbps Full Speed USB v1.0\nugen0.1: \u003c0x1033\u003e at usbus0\nuhub0: \u003c0x1033 XHCI root HUB, class 9/0, rev 3.00/1.00, addr 1\u003e on usbus0\nugen1.1: \u003cATI\u003e at usbus1\nuhub1: \u003cATI OHCI root HUB, class 9/0, rev 1.00/1.00, addr 1\u003e on usbus1\nugen2.1: \u003cATI\u003e at usbus2\nuhub2: \u003cATI EHCI root HUB, class 9/0, rev 2.00/1.00, addr 1\u003e on usbus2\nugen3.1: \u003cATI\u003e at usbus3\nuhub3: \u003cATI OHCI root HUB, class 9/0, rev 1.00/1.00, addr 1\u003e on usbus3\nusbus4: 480Mbps High Speed USB v2.0\nusbus5: 12Mbps Full Speed USB v1.0\nusbus6: 12Mbps Full Speed USB v1.0\nusbus7: 480Mbps High Speed USB v2.0\nugen4.1: \u003cATI\u003e at usbus4\nuhub4: \u003cATI EHCI root HUB, class 9/0, rev 2.00/1.00, addr 1\u003e on usbus4\nugen5.1: \u003cATI\u003e at usbus5\nuhub5: \u003cATI OHCI root HUB, class 9/0, rev 1.00/1.00, addr 1\u003e on usbus5\nugen6.1: \u003cATI\u003e at usbus6\nuhub6: \u003cATI OHCI root HUB, class 9/0, rev 1.00/1.00, addr 1\u003e on usbus6\nugen7.1: \u003cATI\u003e at usbus7\nuhub7: \u003cATI EHCI root HUB, class 9/0, rev 2.00/1.00, addr 1\u003e on usbus7\nuhub5: 2 ports with 2 removable, self powered\nuhub1: 5 ports with 5 removable, self powered\nuhub0: 4 ports with 4 removable, self powered\nuhub3: 5 ports with 5 removable, self powered\nuhub6: 4 ports with 4 removable, self powered\nada0 at ahcich2 bus 0 scbus3 target 0 lun 0\nada0: \u003cSAMSUNG HD160HJ BF100-11\u003e ATA-7 SATA 2.x device\nada0: Serial Number S0D4J1=======\nada0: 150.000MB/s transfers (SATA 1.x, UDMA6, PIO 8192bytes)\ncd0 at ahcich8 bus 0 scbus9 target 0 lun 0\ncd0: \u003cTSSTcorp CDDVDW SH-S223C SB04\u003e Removable CD-ROM SCSI device\ncd0: Serial Number R4136========\ncd0: 150.000MB/s transfers (SATA 1.x, UDMA5, ATAPI 12bytes, PIO 8192bytes)\ncd0: Attempt to query device size failed: NOT READY, Medium not present - tray closed\nada0: Command Queueing enabled\nada0: 152627MB (312581808 512 byte sectors)\nada1 at ahcich3 bus 0 scbus4 target 0 lun 0\nada1: \u003cHitachi HDS722020ALA330 JKAOA3EA\u003e ATA8-ACS SATA 2.x device\nada1: Serial Number JK117========\nada1: 300.000MB/s transfers (SATA 2.x, UDMA6, PIO 8192bytes)\nada1: Command Queueing enabled\nada1: 1907729MB (3907029168 512 byte sectors)\nada2 at ahcich4 bus 0 scbus5 target 0 lun 0\nada2: \u003cHitachi HDS722020ALA330 JKAOA3MA\u003e ATA8-ACS SATA 2.x device\nada2: Serial Number JK1101========\nada2: 300.000MB/s transfers (SATA 2.x, UDMA6, PIO 8192bytes)\nada2: Command Queueing enabled\nada2: 1907729MB (3907029168 512 byte sectors)\nada3 at ahcich5 bus 0 scbus6 target 0 lun 0\nada3: \u003cHitachi HDS722020ALA330 JKAOA3MA\u003e ATA8-ACS SATA 2.x device\nada3: Serial Number JK1101========\nada3: 300.000MB/s transfers (SATA 2.x, UDMA6, PIO 8192bytes)\nada3: Command Queueing enabled\nada3: 1907729MB (3907029168 512 byte sectors)\nada4 at ahcich6 bus 0 scbus7 target 0 lun 0\nada4: \u003cHitachi HDS722020ALA330 JKAOA3EA\u003e ATA8-ACS SATA 2.x device\nada4: Serial Number JK1175=======\nada4: 300.000MB/s transfers (SATA 2.x, UDMA6, PIO 8192bytes)\nada4: Command Queueing enabled\nada4: 1907729MB (3907029168 512 byte sectors)\nada5 at ahcich7 bus 0 scbus8 target 0 lun 0\nada5: \u003cHitachi HDS722020ALA330 JKAOA3EA\u003e ATA8-ACS SATA 2.x device\nada5: Serial Number JK1101========\nada5: 300.000MB/s transfers (SATA 2.x, UDMA6, PIO 8192bytes)\nada5: Command Queueing enabled\nada5: 1907729MB (3907029168 512 byte sectors)\nada6 at ahcich9 bus 0 scbus10 target 0 lun 0\nada6: \u003cTOSHIBA DT01ACA300 MX6OABB0\u003e ATA8-ACS SATA 3.x device\nada6: Serial Number 53OWG====\nada6: 150.000MB/s transfers (SATA 1.x, UDMA6, PIO 8192bytes)\nada6: Command Queueing enabled\nada6: 2861587MB (5860531055 512 byte sectors)\nSMP: AP CPU #3 Launched!\nSMP: AP CPU #5 Launched!\nSMP: AP CPU #2 Launched!\nSMP: AP CPU #1 Launched!\nSMP: AP CPU #4 Launched!\nTimecounter \"TSC-low\" frequency 1406487371 Hz quality 800\nTrying to mount root from ufs:/dev/ada0s1a [rw]...\nuhub7: 4 ports with 4 removable, self powered\nugen0.2: \u003casmedia\u003e at usbus0\numass0: \u003casmedia ASMT1053, class 0/0, rev 3.00/1.00, addr 1\u003e on usbus0\numass0:  SCSI over Bulk-Only; quirks = 0x0100\numass0:12:0: Attached to scbus12\nda0 at umass-sim0 bus 0 scbus12 target 0 lun 0\nda0: \u003casmedia ASMT1053 0\u003e Fixed Direct Access SPC-4 SCSI device\nda0: Serial Number 123456789012\nda0: 400.000MB/s transfers\nda0: 3815447MB (976754646 4096 byte sectors)\nda0: quirks=0x2\u003cNO_6_BYTE\u003e\nuhub2: 5 ports with 5 removable, self powered\nuhub4: 5 ports with 5 removable, self powered\nugen4.2: \u003cvendor 0x05e3\u003e at usbus4\nuhub8: \u003cvendor 0x05e3 USB2.0 Hub, class 9/0, rev 2.00/9.01, addr 2\u003e on usbus4\nugen7.2: \u003cTOSHIBA\u003e at usbus7\numass1: \u003cTOSHIBA External USB 3.0, class 0/0, rev 2.10/3.15, addr 2\u003e on usbus7\numass1:  SCSI over Bulk-Only; quirks = 0x0100\numass1:13:1: Attached to scbus13\n(probe0:umass-sim1:1:0:0): REPORT LUNS. CDB: a0 00 00 00 00 00 00 00 00 10 00 00 \n(probe0:umass-sim1:1:0:0): CAM status: SCSI Status Error\n(probe0:umass-sim1:1:0:0): SCSI status: Check Condition\n(probe0:umass-sim1:1:0:0): SCSI sense: ILLEGAL REQUEST asc:20,0 (Invalid command operation code)\n(probe0:umass-sim1:1:0:0): Error 22, Unretryable error\nda1 at umass-sim1 bus 1 scbus13 target 0 lun 0\nda1: \u003cTOSHIBA External USB 3.0 5438\u003e Fixed Direct Access SPC-4 SCSI device\nda1: Serial Number 2015=========\nda1: 40.000MB/s transfers\nda1: 1907729MB (3907029164 512 byte sectors)\nda1: quirks=0x2\u003cNO_6_BYTE\u003e\nuhub8: 4 ports with 4 removable, bus powered\nugen0.3: \u003cTOSHIBA\u003e at usbus0\numass2: \u003cTOSHIBA External USB 3.0, class 0/0, rev 3.00/0.00, addr 2\u003e on usbus0\numass2:  SCSI over Bulk-Only; quirks = 0x0100\numass2:14:2: Attached to scbus14\nda2 at umass-sim2 bus 2 scbus14 target 0 lun 0\nda2: \u003cTOSHIBA External USB 3.0 0\u003e Fixed Direct Access SPC-4 SCSI device\nda2: Serial Number 20140========\nda2: 400.000MB/s transfers\nda2: 1907729MB (3907029168 512 byte sectors)\nda2: quirks=0x2\u003cNO_6_BYTE\u003e\nugen4.3: \u003cvendor 0x1267\u003e at usbus4\nukbd0: \u003cvendor 0x1267 product 0x0103, class 0/0, rev 1.10/1.01, addr 3\u003e on usbus4\nkbd2 at ukbd0\nrandom: unblocking device.\nre0: link state changed to DOWN\nre0: link state changed to UP\nuhid0: \u003cvendor 0x1267 product 0x0103, class 0/0, rev 1.10/1.01, addr 3\u003e on usbus4\nugen4.3: \u003cvendor 0x1267\u003e at usbus4 (disconnected)\nukbd0: at uhub8, port 2, addr 3 (disconnected)\nuhid0: at uhub8, port 2, addr 3 (disconnected)\n\n\n# dmidecode 3.0\nScanning /dev/mem for entry point.\nSMBIOS 2.4 present.\n57 structures occupying 2847 bytes.\nTable at 0x000F0100.\n\nHandle 0x0000, DMI type 0, 24 bytes\nBIOS Information\n\tVendor: Award Software International, Inc.\n\tVersion: F5\n\tRelease Date: 08/01/2011\n\tAddress: 0xE0000\n\tRuntime Size: 128 kB\n\tROM Size: 1024 kB\n\tCharacteristics:\n\t\tISA is supported\n\t\tPCI is supported\n\t\tPNP is supported\n\t\tAPM is supported\n\t\tBIOS is upgradeable\n\t\tBIOS shadowing is allowed\n\t\tBoot from CD is supported\n\t\tSelectable boot is supported\n\t\tBIOS ROM is socketed\n\t\tEDD is supported\n\t\t5.25\"/360 kB floppy services are supported (int 13h)\n\t\t5.25\"/1.2 MB floppy services are supported (int 13h)\n\t\t3.5\"/720 kB floppy services are supported (int 13h)\n\t\t3.5\"/2.88 MB floppy services are supported (int 13h)\n\t\tPrint screen service is supported (int 5h)\n\t\t8042 keyboard services are supported (int 9h)\n\t\tSerial services are supported (int 14h)\n\t\tPrinter services are supported (int 17h)\n\t\tCGA/mono video services are supported (int 10h)\n\t\tACPI is supported\n\t\tUSB legacy is supported\n\t\tLS-120 boot is supported\n\t\tATAPI Zip drive boot is supported\n\t\tBIOS boot specification is supported\n\t\tTargeted content distribution is supported\n\nHandle 0x0001, DMI type 1, 27 bytes\nSystem Information\n\tManufacturer: Gigabyte Technology Co., Ltd.\n\tProduct Name: GA-870A-UD3\n\tVersion:  \n\tSerial Number:  \n\tUUID: 31433646-====-====-====-==========\n\tWake-up Type: Power Switch\n\tSKU Number:  \n\tFamily:  \n\nHandle 0x0002, DMI type 2, 8 bytes\nBase Board Information\n\tManufacturer: Gigabyte Technology Co., Ltd.\n\tProduct Name: GA-870A-UD3\n\tVersion:  \n\tSerial Number:  \n\nHandle 0x0003, DMI type 3, 17 bytes\nChassis Information\n\tManufacturer: Gigabyte Technology Co., Ltd.\n\tType: Desktop\n\tLock: Not Present\n\tVersion:  \n\tSerial Number:  \n\tAsset Tag:  \n\tBoot-up State: Unknown\n\tPower Supply State: Unknown\n\tThermal State: Unknown\n\tSecurity Status: Unknown\n\tOEM Information: 0x00000000\n\nHandle 0x0004, DMI type 4, 35 bytes\nProcessor Information\n\tSocket Designation: Socket M2\n\tType: Central Processor\n\tFamily: Athlon\n\tManufacturer: AMD\n\tID: A0 0F 10 00 FF FB 8B 17\n\tSignature: Family 16, Model 10, Stepping 0\n\tFlags:\n\t\tFPU (Floating-point unit on-chip)\n\t\tVME (Virtual mode extension)\n\t\tDE (Debugging extension)\n\t\tPSE (Page size extension)\n\t\tTSC (Time stamp counter)\n\t\tMSR (Model specific registers)\n\t\tPAE (Physical address extension)\n\t\tMCE (Machine check exception)\n\t\tCX8 (CMPXCHG8 instruction supported)\n\t\tAPIC (On-chip APIC hardware supported)\n\t\tSEP (Fast system call)\n\t\tMTRR (Memory type range registers)\n\t\tPGE (Page global enable)\n\t\tMCA (Machine check architecture)\n\t\tCMOV (Conditional move instruction supported)\n\t\tPAT (Page attribute table)\n\t\tPSE-36 (36-bit page size extension)\n\t\tCLFSH (CLFLUSH instruction supported)\n\t\tMMX (MMX technology supported)\n\t\tFXSR (FXSAVE and FXSTOR instructions supported)\n\t\tSSE (Streaming SIMD extensions)\n\t\tSSE2 (Streaming SIMD extensions 2)\n\t\tHTT (Multi-threading)\n\tVersion: AMD Phenom(tm) II X6 1055T Processor\n\tVoltage: 11.7 V\n\tExternal Clock: 200 MHz\n\tMax Speed: 3200 MHz\n\tCurrent Speed: 2800 MHz\n\tStatus: Populated, Enabled\n\tUpgrade: ZIF Socket\n\tL1 Cache Handle: 0x000A\n\tL2 Cache Handle: 0x000C\n\tL3 Cache Handle: Not Provided\n\tSerial Number:  \n\tAsset Tag:  \n\tPart Number:  \n\nHandle 0x0005, DMI type 5, 24 bytes\nMemory Controller Information\n\tError Detecting Method: 64-bit ECC\n\tError Correcting Capabilities:\n\t\tNone\n\tSupported Interleave: One-way Interleave\n\tCurrent Interleave: One-way Interleave\n\tMaximum Memory Module Size: 1024 MB\n\tMaximum Total Memory Size: 4096 MB\n\tSupported Speeds:\n\t\t70 ns\n\t\t60 ns\n\tSupported Memory Types:\n\t\tStandard\n\t\tEDO\n\tMemory Module Voltage: 3.3 V\n\tAssociated Memory Slots: 4\n\t\t0x0006\n\t\t0x0007\n\t\t0x0008\n\t\t0x0009\n\tEnabled Error Correcting Capabilities:\n\t\tNone\n\nHandle 0x0006, DMI type 6, 12 bytes\nMemory Module Information\n\tSocket Designation: A0\n\tBank Connections: 1\n\tCurrent Speed: 53 ns\n\tType: Other Unknown EDO\n\tInstalled Size: 2048 MB (Single-bank Connection)\n\tEnabled Size: 2048 MB (Single-bank Connection)\n\tError Status: OK\n\nHandle 0x0007, DMI type 6, 12 bytes\nMemory Module Information\n\tSocket Designation: A1\n\tBank Connections: 2\n\tCurrent Speed: 53 ns\n\tType: Other Unknown EDO\n\tInstalled Size: 2048 MB (Single-bank Connection)\n\tEnabled Size: 2048 MB (Single-bank Connection)\n\tError Status: OK\n\nHandle 0x0008, DMI type 6, 12 bytes\nMemory Module Information\n\tSocket Designation: A2\n\tBank Connections: 3\n\tCurrent Speed: 53 ns\n\tType: Other Unknown EDO\n\tInstalled Size: 8192 MB (Double-bank Connection)\n\tEnabled Size: 8192 MB (Double-bank Connection)\n\tError Status: OK\n\nHandle 0x0009, DMI type 6, 12 bytes\nMemory Module Information\n\tSocket Designation: A3\n\tBank Connections: 4\n\tCurrent Speed: 53 ns\n\tType: Other Unknown EDO\n\tInstalled Size: 8192 MB (Double-bank Connection)\n\tEnabled Size: 8192 MB (Double-bank Connection)\n\tError Status: OK\n\nHandle 0x000A, DMI type 7, 19 bytes\nCache Information\n\tSocket Designation: Internal Cache\n\tConfiguration: Enabled, Not Socketed, Level 1\n\tOperational Mode: Write Back\n\tLocation: Internal\n\tInstalled Size: 128 kB\n\tMaximum Size: 128 kB\n\tSupported SRAM Types:\n\t\tSynchronous\n\tInstalled SRAM Type: Synchronous\n\tSpeed: Unknown\n\tError Correction Type: Unknown\n\tSystem Type: Unknown\n\tAssociativity: Unknown\n\nHandle 0x000B, DMI type 7, 19 bytes\nCache Information\n\tSocket Designation: Internal Cache\n\tConfiguration: Enabled, Not Socketed, Level 1\n\tOperational Mode: Write Back\n\tLocation: Internal\n\tInstalled Size: 128 kB\n\tMaximum Size: 128 kB\n\tSupported SRAM Types:\n\t\tSynchronous\n\tInstalled SRAM Type: Synchronous\n\tSpeed: Unknown\n\tError Correction Type: Unknown\n\tSystem Type: Unknown\n\tAssociativity: Unknown\n\nHandle 0x000C, DMI type 7, 19 bytes\nCache Information\n\tSocket Designation: External Cache\n\tConfiguration: Enabled, Not Socketed, Level 3\n\tOperational Mode: Write Back\n\tLocation: Internal\n\tInstalled Size: 512 kB\n\tMaximum Size: 512 kB\n\tSupported SRAM Types:\n\t\tSynchronous\n\tInstalled SRAM Type: Synchronous\n\tSpeed: Unknown\n\tError Correction Type: Unknown\n\tSystem Type: Unknown\n\tAssociativity: Unknown\n\nHandle 0x000D, DMI type 7, 19 bytes\nCache Information\n\tSocket Designation: External Cache\n\tConfiguration: Disabled, Not Socketed, Level 2\n\tOperational Mode: Write Through\n\tLocation: Internal\n\tInstalled Size: 0 kB\n\tMaximum Size: 1024 kB\n\tSupported SRAM Types:\n\t\tSynchronous\n\tInstalled SRAM Type: Synchronous\n\tSpeed: Unknown\n\tError Correction Type: Unknown\n\tSystem Type: Unknown\n\tAssociativity: Unknown\n\nHandle 0x000E, DMI type 8, 9 bytes\nPort Connector Information\n\tInternal Reference Designator: PRIMARY IDE\n\tInternal Connector Type: On Board IDE\n\tExternal Reference Designator:  \n\tExternal Connector Type: None\n\tPort Type: Other\n\nHandle 0x000F, DMI type 8, 9 bytes\nPort Connector Information\n\tInternal Reference Designator: FDD\n\tInternal Connector Type: On Board Floppy\n\tExternal Reference Designator:  \n\tExternal Connector Type: None\n\tPort Type: 8251 FIFO Compatible\n\nHandle 0x0010, DMI type 8, 9 bytes\nPort Connector Information\n\tInternal Reference Designator: COM1\n\tInternal Connector Type: 9 Pin Dual Inline (pin 10 cut)\n\tExternal Reference Designator:  \n\tExternal Connector Type: DB-9 male\n\tPort Type: Serial Port 16450 Compatible\n\nHandle 0x0011, DMI type 8, 9 bytes\nPort Connector Information\n\tInternal Reference Designator: LPT1\n\tInternal Connector Type: DB-25 female\n\tExternal Reference Designator:  \n\tExternal Connector Type: DB-25 female\n\tPort Type: Parallel Port ECP/EPP\n\nHandle 0x0012, DMI type 8, 9 bytes\nPort Connector Information\n\tInternal Reference Designator: Keyboard\n\tInternal Connector Type: Other\n\tExternal Reference Designator:  \n\tExternal Connector Type: PS/2\n\tPort Type: Keyboard Port\n\nHandle 0x0013, DMI type 8, 9 bytes\nPort Connector Information\n\tInternal Reference Designator: PS/2 Mouse\n\tInternal Connector Type: PS/2\n\tExternal Reference Designator: No Detected\n\tExternal Connector Type: PS/2\n\tPort Type: Mouse Port\n\nHandle 0x0014, DMI type 8, 9 bytes\nPort Connector Information\n\tInternal Reference Designator: USB\n\tInternal Connector Type: None\n\tExternal Reference Designator:  \n\tExternal Connector Type: Access Bus (USB)\n\tPort Type: USB\n\nHandle 0x0015, DMI type 8, 9 bytes\nPort Connector Information\n\tInternal Reference Designator: USB\n\tInternal Connector Type: None\n\tExternal Reference Designator:  \n\tExternal Connector Type: Access Bus (USB)\n\tPort Type: USB\n\nHandle 0x0016, DMI type 8, 9 bytes\nPort Connector Information\n\tInternal Reference Designator: USB\n\tInternal Connector Type: None\n\tExternal Reference Designator:  \n\tExternal Connector Type: Access Bus (USB)\n\tPort Type: USB\n\nHandle 0x0017, DMI type 8, 9 bytes\nPort Connector Information\n\tInternal Reference Designator: USB\n\tInternal Connector Type: None\n\tExternal Reference Designator:  \n\tExternal Connector Type: Access Bus (USB)\n\tPort Type: USB\n\nHandle 0x0018, DMI type 8, 9 bytes\nPort Connector Information\n\tInternal Reference Designator: USB\n\tInternal Connector Type: None\n\tExternal Reference Designator:  \n\tExternal Connector Type: Access Bus (USB)\n\tPort Type: USB\n\nHandle 0x0019, DMI type 8, 9 bytes\nPort Connector Information\n\tInternal Reference Designator: USB\n\tInternal Connector Type: None\n\tExternal Reference Designator:  \n\tExternal Connector Type: Access Bus (USB)\n\tPort Type: USB\n\nHandle 0x001A, DMI type 8, 9 bytes\nPort Connector Information\n\tInternal Reference Designator: USB\n\tInternal Connector Type: None\n\tExternal Reference Designator:  \n\tExternal Connector Type: Access Bus (USB)\n\tPort Type: USB\n\nHandle 0x001B, DMI type 8, 9 bytes\nPort Connector Information\n\tInternal Reference Designator: USB\n\tInternal Connector Type: None\n\tExternal Reference Designator:  \n\tExternal Connector Type: Access Bus (USB)\n\tPort Type: USB\n\nHandle 0x001C, DMI type 8, 9 bytes\nPort Connector Information\n\tInternal Reference Designator: USB\n\tInternal Connector Type: None\n\tExternal Reference Designator:  \n\tExternal Connector Type: Access Bus (USB)\n\tPort Type: USB\n\nHandle 0x001D, DMI type 8, 9 bytes\nPort Connector Information\n\tInternal Reference Designator: USB\n\tInternal Connector Type: None\n\tExternal Reference Designator:  \n\tExternal Connector Type: Access Bus (USB)\n\tPort Type: USB\n\nHandle 0x001E, DMI type 8, 9 bytes\nPort Connector Information\n\tInternal Reference Designator: USB\n\tInternal Connector Type: None\n\tExternal Reference Designator:  \n\tExternal Connector Type: Access Bus (USB)\n\tPort Type: USB\n\nHandle 0x001F, DMI type 8, 9 bytes\nPort Connector Information\n\tInternal Reference Designator: USB\n\tInternal Connector Type: None\n\tExternal Reference Designator:  \n\tExternal Connector Type: Access Bus (USB)\n\tPort Type: USB\n\nHandle 0x0020, DMI type 8, 9 bytes\nPort Connector Information\n\tInternal Reference Designator: USB\n\tInternal Connector Type: None\n\tExternal Reference Designator:  \n\tExternal Connector Type: Access Bus (USB)\n\tPort Type: USB\n\nHandle 0x0021, DMI type 8, 9 bytes\nPort Connector Information\n\tInternal Reference Designator: USB\n\tInternal Connector Type: None\n\tExternal Reference Designator:  \n\tExternal Connector Type: Access Bus (USB)\n\tPort Type: USB\n\nHandle 0x0022, DMI type 9, 13 bytes\nSystem Slot Information\n\tDesignation: PCI\n\tType: 32-bit PCI\n\tCurrent Usage: Available\n\tLength: Long\n\tID: 6\n\tCharacteristics:\n\t\t5.0 V is provided\n\t\t3.3 V is provided\n\t\tPME signal is supported\n\t\tSMBus signal is supported\n\nHandle 0x0023, DMI type 9, 13 bytes\nSystem Slot Information\n\tDesignation: PCI\n\tType: 32-bit PCI\n\tCurrent Usage: Available\n\tLength: Long\n\tID: 7\n\tCharacteristics:\n\t\t5.0 V is provided\n\t\t3.3 V is provided\n\t\tPME signal is supported\n\t\tSMBus signal is supported\n\nHandle 0x0024, DMI type 9, 13 bytes\nSystem Slot Information\n\tDesignation: PCI\n\tType: 32-bit PCI\n\tCurrent Usage: Available\n\tLength: Long\n\tID: 8\n\tCharacteristics:\n\t\t5.0 V is provided\n\t\t3.3 V is provided\n\t\tPME signal is supported\n\t\tSMBus signal is supported\n\nHandle 0x0025, DMI type 9, 13 bytes\nSystem Slot Information\n\tDesignation: PCI Express x16\n\tType: x16 PCI Express\n\tCurrent Usage: Unknown\n\tLength: Other\n\tID: 0\n\tCharacteristics:\n\t\t3.3 V is provided\n\nHandle 0x0026, DMI type 13, 22 bytes\nBIOS Language Information\n\tLanguage Description Format: Long\n\tInstallable Languages: 3\n\t\tn|US|iso8859-1\n\t\tn|US|iso8859-1\n\t\tr|CA|iso8859-1\n\tCurrently Installed Language: n|US|iso8859-1\n\nHandle 0x0027, DMI type 16, 15 bytes\nPhysical Memory Array\n\tLocation: System Board Or Motherboard\n\tUse: System Memory\n\tError Correction Type: None\n\tMaximum Capacity: 16 GB\n\tError Information Handle: Not Provided\n\tNumber Of Devices: 4\n\nHandle 0x0028, DMI type 17, 27 bytes\nMemory Device\n\tArray Handle: 0x0027\n\tError Information Handle: Not Provided\n\tTotal Width: 64 bits\n\tData Width: 64 bits\n\tSize: 2048 MB\n\tForm Factor: DIMM\n\tSet: None\n\tLocator: A0\n\tBank Locator: Bank0/1\n\tType: Unknown\n\tType Detail: None\n\tSpeed: 1333 MHz\n\tManufacturer:  \n\tSerial Number:  \n\tAsset Tag:  \n\tPart Number:  \n\nHandle 0x0029, DMI type 17, 27 bytes\nMemory Device\n\tArray Handle: 0x0027\n\tError Information Handle: Not Provided\n\tTotal Width: 64 bits\n\tData Width: 64 bits\n\tSize: 2048 MB\n\tForm Factor: DIMM\n\tSet: None\n\tLocator: A1\n\tBank Locator: Bank2/3\n\tType: Unknown\n\tType Detail: None\n\tSpeed: 1333 MHz\n\tManufacturer:  \n\tSerial Number:  \n\tAsset Tag:  \n\tPart Number:  \n\nHandle 0x002A, DMI type 17, 27 bytes\nMemory Device\n\tArray Handle: 0x0027\n\tError Information Handle: Not Provided\n\tTotal Width: 64 bits\n\tData Width: 64 bits\n\tSize: 8192 MB\n\tForm Factor: DIMM\n\tSet: None\n\tLocator: A2\n\tBank Locator: Bank4/5\n\tType: Unknown\n\tType Detail: None\n\tSpeed: 1333 MHz\n\tManufacturer:  \n\tSerial Number:  \n\tAsset Tag:  \n\tPart Number:  \n\nHandle 0x002B, DMI type 17, 27 bytes\nMemory Device\n\tArray Handle: 0x0027\n\tError Information Handle: Not Provided\n\tTotal Width: 64 bits\n\tData Width: 64 bits\n\tSize: 8192 MB\n\tForm Factor: DIMM\n\tSet: None\n\tLocator: A3\n\tBank Locator: Bank6/7\n\tType: Unknown\n\tType Detail: None\n\tSpeed: 1333 MHz\n\tManufacturer:  \n\tSerial Number:  \n\tAsset Tag:  \n\tPart Number:  \n\nHandle 0x002C, DMI type 19, 15 bytes\nMemory Array Mapped Address\n\tStarting Address: 0x00000000000\n\tEnding Address: 0x004FFFFFFFF\n\tRange Size: 20 GB\n\tPhysical Array Handle: 0x0027\n\tPartition Width: 1\n\nHandle 0x002D, DMI type 20, 19 bytes\nMemory Device Mapped Address\n\tStarting Address: 0x00000000000\n\tEnding Address: 0x0007FFFFFFF\n\tRange Size: 2 GB\n\tPhysical Device Handle: 0x0028\n\tMemory Array Mapped Address Handle: 0x002C\n\tPartition Row Position: 1\n\nHandle 0x002E, DMI type 20, 19 bytes\nMemory Device Mapped Address\n\tStarting Address: 0x00080000000\n\tEnding Address: 0x000FFFFFFFF\n\tRange Size: 2 GB\n\tPhysical Device Handle: 0x0029\n\tMemory Array Mapped Address Handle: 0x002C\n\tPartition Row Position: 1\n\nHandle 0x002F, DMI type 20, 19 bytes\nMemory Device Mapped Address\n\tStarting Address: 0x00100000000\n\tEnding Address: 0x002FFFFFFFF\n\tRange Size: 8 GB\n\tPhysical Device Handle: 0x002A\n\tMemory Array Mapped Address Handle: 0x002C\n\tPartition Row Position: 1\n\nHandle 0x0030, DMI type 20, 19 bytes\nMemory Device Mapped Address\n\tStarting Address: 0x00300000000\n\tEnding Address: 0x004FFFFFFFF\n\tRange Size: 8 GB\n\tPhysical Device Handle: 0x002B\n\tMemory Array Mapped Address Handle: 0x002C\n\tPartition Row Position: 1\n\nHandle 0x0031, DMI type 32, 11 bytes\nSystem Boot Information\n\tStatus: No errors detected\n\nHandle 0x0032, DMI type 188, 212 bytes\nOEM-specific Type\n\tHeader and Data:\n\t\tBC D4 32 00 00 00 00 C0 00 00 00 00 00 00 00 40\n\t\t05 00 00 00 00 06 76 00 00 00 00 00 08 00 00 00\n\t\t00 40 58 00 00 00 01 00 03 00 00 00 00 00 3F 05\n\t\t00 00 00 00 01 00 00 00 00 00 00 00 02 00 00 00\n\t\t00 00 00 00 03 00 00 00 00 00 00 00 04 00 00 00\n\t\t00 00 00 00 05 00 00 00 00 00 00 00 06 00 00 00\n\t\t00 00 00 00 07 00 00 00 03 40 00 C0 01 00 00 02\n\t\t00 00 00 00 01 00 00 00 09 00 00 01 00 00 00 00\n\t\t00 00 00 00 00 00 00 00 00 00 00 00 E0 3F 78 00\n\t\tE0 3F F8 00 00 00 00 00 00 00 00 00 06 00 08 0E\n\t\t50 04 02 18 A7 00 00 00 D4 0A 24 00 45 96 16 C7\n\t\t55 79 32 02 00 00 01 00 00 02 00 00 40 00 00 00\n\t\t5C 00 B0 4A 0D 09 50 3F 00 00 00 00 00 00 00 00\n\t\t00 00 00 00\n\nHandle 0x0033, DMI type 190, 212 bytes\nOEM-specific Type\n\tHeader and Data:\n\t\tBE D4 33 00 C4 05 00 00 00 00 00 00 24 A4 40 04\n\t\t60 0F E0 2C 01 00 00 02 00 00 00 00 01 00 00 00\n\t\t09 00 00 01 00 00 00 00 00 00 00 00 00 00 00 00\n\t\t00 00 00 00 E0 3F 78 00 E0 3F F8 00 00 00 00 00\n\t\t00 00 00 00 00 00 00 00 00 00 00 00 06 00 08 0E\n\t\t50 04 02 18 00 00 00 00 A7 00 00 00 00 00 00 00\n\t\t00 00 00 00 00 00 00 00 A7 00 00 00 00 00 00 00\n\t\t24 A4 40 04 60 0F E0 2C 01 91 C3 8F 00 02 00 00\n\t\t00 00 00 00 40 00 00 00 A7 00 00 00 D4 0A 24 00\n\t\t45 96 16 C7 66 B9 32 02 00 00 01 00 0D 09 50 3F\n\t\t00 00 00 00 00 00 00 00 00 00 00 00 00 00 00 00\n\t\t00 00 00 00 00 00 00 00 00 00 00 00 00 00 00 00\n\t\t00 00 00 00 00 00 00 00 00 00 00 00 00 00 00 00\n\t\t00 00 00 00\n\nHandle 0x0034, DMI type 192, 244 bytes\nOEM-specific Type\n\tHeader and Data:\n\t\tC0 F4 34 00 06 40 00 00 23 33 22 20 A3 08 31 0A\n\t\t00 00 0C 00 35 00 00 00 23 33 22 20 21 2E 31 38\n\t\t13 1B 24 27 3F 47 4B 4C 30 36 3A 3E 3C 2C 35 00\n\t\t00 00 0C 0A 08 06 10 0C 0A 0A 08 0A 0C 0A 0C 0C\n\t\t0E 0A 06 0A F4 DB 50 01 00 00 0C 00 00 00 00 00\n\t\t8C 00 8D 00 8D 00 95 00 59 00 8F 00 92 00 94 00\n\t\t9A 00 5D 00 0C 00 0D 00 0D 00 15 00 00 00 0F 00\n\t\t12 00 14 00 1A 00 00 00 9E 00 A5 00 B0 00 BB 00\n\t\tA0 00 A9 00 B2 00 BF 00 1E 00 05 00 10 00 1B 00\n\t\t00 00 09 00 12 00 1F 00 00 00 00 00 00 00 00 00\n\t\t00 00 00 00 00 00 00 00 00 00 00 00 00 00 00 00\n\t\t00 00 00 00 00 00 00 00 00 00 00 00 00 00 00 00\n\t\t00 00 00 00 00 00 00 00 00 00 00 00 00 00 00 00\n\t\t00 00 00 00 00 00 00 00 00 00 00 00 00 00 00 00\n\t\t00 00 00 00 00 00 00 00 00 00 00 00 00 00 00 00\n\t\t00 00 00 00\n\nHandle 0x0035, DMI type 194, 244 bytes\nOEM-specific Type\n\tHeader and Data:\n\t\tC2 F4 35 00 06 40 00 00 23 33 22 20 A3 08 31 0A\n\t\t00 00 0C 00 35 00 00 00 23 33 22 20 1C 2A 32 37\n\t\t12 1C 23 28 3E 48 48 4A 2E 37 3A 3D 3B 2C 35 00\n\t\t00 00 0C 0C 0A 08 10 0E 0E 0C 0A 0A 0C 0C 10 0E\n\t\t0E 0E 08 0E C7 8F 71 20 00 00 0C 00 00 00 00 00\n\t\t95 00 9A 00 98 00 9D 00 63 00 9F 00 9E 00 9F 00\n\t\tA4 00 68 00 15 00 1A 00 18 00 1D 00 00 00 1F 00\n\t\t1E 00 1F 00 04 00 00 00 AA 00 B0 00 BD 00 C2 00\n\t\tAC 00 B2 00 BF 00 C7 00 0A 00 10 00 1D 00 02 00\n\t\t0C 00 12 00 1F 00 07 00 00 00 00 00 00 00 00 00\n\t\t00 00 00 00 00 00 00 00 00 00 00 00 00 00 00 00\n\t\t00 00 00 00 00 00 00 00 00 00 00 00 00 00 00 00\n\t\t00 00 00 00 00 00 00 00 00 00 00 00 00 00 00 00\n\t\t00 00 00 00 00 00 00 00 00 00 00 00 00 00 00 00\n\t\t00 00 00 00 00 00 00 00 00 00 00 00 00 00 00 00\n\t\t00 00 00 00\n\nHandle 0x0036, DMI type 196, 244 bytes\nOEM-specific Type\n\tHeader and Data:\n\t\tC4 F4 36 00 06 40 00 00 10 00 1C 00 1F 00 26 00\n\t\t2B 00 00 00 04 00 0C 00 14 00 18 00 01 00 10 00\n\t\t1C 00 1F 00 06 00 0B 00 00 00 04 00 0C 00 2E 00\n\t\t37 00 3B 00 3C 00 1F 00 27 00 2C 00 2F 00 0E 00\n\t\t17 00 1B 00 1C 00 1F 00 07 00 0C 00 0F 00 04 0C\n\t\t14 18 1F 27 2C 2F 01 00 00 00 08 01 00 00 00 00\n\t\t00 00 00 00 00 00 00 00 00 00 00 00 00 00 00 00\n\t\t00 00 00 00 00 00 00 00 00 00 00 00 00 00 00 00\n\t\t00 00 00 00 00 00 00 00 00 00 00 00 00 00 00 00\n\t\t00 00 00 00 00 00 00 00 00 00 00 00 00 00 00 00\n\t\t00 00 00 00 00 00 00 00 00 00 00 00 00 00 00 00\n\t\t00 00 00 00 00 00 00 00 00 00 00 00 00 00 00 00\n\t\t00 00 00 00 00 00 00 00 00 00 00 00 00 00 00 00\n\t\t00 00 00 00 00 00 00 00 00 00 00 00 00 00 00 00\n\t\t00 00 00 00 00 00 00 00 00 00 00 00 00 00 00 00\n\t\t00 00 00 00\n\nHandle 0x0037, DMI type 198, 244 bytes\nOEM-specific Type\n\tHeader and Data:\n\t\tC6 F4 37 00 06 40 00 00 0C 00 1A 00 22 00 27 00\n\t\t78 00 00 00 04 00 0E 00 14 00 19 00 03 00 0C 00\n\t\t1A 00 02 00 07 00 18 00 00 00 04 00 0E 00 2F 00\n\t\t37 00 39 00 3B 00 20 00 28 00 2D 00 2F 00 0F 00\n\t\t17 00 19 00 1B 00 00 00 08 00 0D 00 0F 00 04 0E\n\t\t14 19 20 28 2D 2F 43 00 00 00 8F 01 00 00 00 00\n\t\t00 00 00 00 00 00 00 00 00 00 00 00 00 00 00 00\n\t\t00 00 00 00 00 00 00 00 00 00 00 00 00 00 00 00\n\t\t00 00 00 00 00 00 00 00 00 00 00 00 00 00 00 00\n\t\t00 00 00 00 00 00 00 00 00 00 00 00 00 00 00 00\n\t\t00 00 00 00 00 00 00 00 00 00 00 00 00 00 00 00\n\t\t00 00 00 00 00 00 00 00 00 00 00 00 00 00 00 00\n\t\t00 00 00 00 00 00 00 00 00 00 00 00 00 00 00 00\n\t\t00 00 00 00 00 00 00 00 00 00 00 00 00 00 00 00\n\t\t00 00 00 00 00 00 00 00 00 00 00 00 00 00 00 00\n\t\t00 00 00 00\n\nHandle 0x0038, DMI type 127, 4 bytes\nEnd Of Table\n\n\nthe first drive is the boot drive\n\ngpart show\n\n\n=\u003e       63  312581745  ada0  MBR  (149G)\n         63  312581745     1  freebsd  [active]  (149G)\n\n=\u003e        0  312581745  ada0s1  BSD  (149G)\n          0    2097152       1  freebsd-ufs  (1.0G)\n    2097152   16777216       2  freebsd-swap  (8.0G)\n   18874368   12582912       4  freebsd-ufs  (6.0G)\n   31457280    1048576       5  freebsd-ufs  (512M)\n   32505856  280075889       6  freebsd-ufs  (134G)\n\n=\u003e        34  3907029101  ada1  GPT  (1.8T)\n          34  3907029101     1  freebsd-ufs  (1.8T)\n\n=\u003e        34  3907029101  ada2  GPT  (1.8T)\n          34  3907029101     1  freebsd-ufs  (1.8T)\n\n=\u003e        34  3907029101  ada3  GPT  (1.8T)\n          34  3907029101     1  freebsd-ufs  (1.8T)\n\n=\u003e        34  3907029101  ada4  GPT  (1.8T)\n          34  3907029101     1  freebsd-ufs  (1.8T)\n\n=\u003e        34  3907029101  ada5  GPT  (1.8T)\n          34  3907029101     1  freebsd-ufs  (1.8T)\n\n=\u003e        34  5860530988  ada6  GPT  (2.7T)\n          34           6        - free -  (3.0K)\n          40  5860530976     1  freebsd-ufs  (2.7T)\n  5860531016           6        - free -  (3.0K)\n\n=\u003e        34  3907029101  diskid/DISK-JK1170B8G4H0DP  GPT  (1.8T)\n          34  3907029101                           1  freebsd-ufs  (1.8T)\n\n=\u003e        34  3907029101  diskid/DISK-JK1101B9HTRMGF  GPT  (1.8T)\n          34  3907029101                           1  freebsd-ufs  (1.8T)\n\n=\u003e        34  3907029101  diskid/DISK-JK1101B9HTRN4F  GPT  (1.8T)\n          34  3907029101                           1  freebsd-ufs  (1.8T)\n\n=\u003e        34  3907029101  diskid/DISK-JK1175YAKESLBX  GPT  (1.8T)\n          34  3907029101                           1  freebsd-ufs  (1.8T)\n\n=\u003e        34  3907029101  diskid/DISK-JK1101B8GH0WBZ  GPT  (1.8T)\n          34  3907029101                           1  freebsd-ufs  (1.8T)\n\n=\u003e        34  5860530988  diskid/DISK-53OWGB8GS  GPT  (2.7T)\n          34           6                         - free -  (3.0K)\n          40  5860530976                      1  freebsd-ufs  (2.7T)\n  5860531016           6                         - free -  (3.0K)\n\n=\u003e        6  976754635  da0  GPT  (3.6T)\n          6  976754635    1  freebsd-ufs  (3.6T)\n\n=\u003e        6  976754635  diskid/DISK-123456789012  GPT  (3.6T)\n          6  976754635                         1  freebsd-ufs  (3.6T)\n\n=\u003e        34  3907029097  da1  GPT  (1.8T)\n          34           6       - free -  (3.0K)\n          40  3907029088    1  freebsd  (1.8T)\n  3907029128           3       - free -  (1.5K)\n\n=\u003e        34  3907029101  da2  GPT  (1.8T)\n          34           6       - free -  (3.0K)\n          40          88    1  freebsd-boot  (44K)\n         128  3907029007    2  freebsd-ufs  (1.8T)\n\n=\u003e        34  3907029097  diskid/DISK-20150123006691F  GPT  (1.8T)\n          34           6                               - free -  (3.0K)\n          40  3907029088                            1  freebsd  (1.8T)\n  3907029128           3                               - free -  (1.5K)\n\n=\u003e        34  3907029101  diskid/DISK-20140805010317F  GPT  (1.8T)\n          34           6                               - free -  (3.0K)\n          40          88                            1  freebsd-boot  (44K)\n         128  3907029007                            2  freebsd-ufs  (1.8T)"
}