{
 "id": 495645,
 "bug_id": 133919,
 "attachment_id": 0,
 "creation_time": "2009-04-22T15:40:02Z",
 "creator": "jumper99@gmx.de",
 "text": "We relaced a SCSI disk on a IBM HS21. Right after the rebuild was completed the kernel paniced.\n\n[root@BSDHelmut /usr/obj/usr/src/sys/GENERIC-QUOTA-PF-ALTQ]# kgdb kernel.debug /var/crash/vmcore.0\nGNU gdb 6.1.1 [FreeBSD]\nCopyright 2004 Free Software Foundation, Inc.\nGDB is free software, covered by the GNU General Public License, and you are\nwelcome to change it and/or distribute copies of it under certain conditions.\nType \"show copying\" to see the conditions.\nThere is absolutely no warranty for GDB.  Type \"show warranty\" for details.\nThis GDB was configured as \"i386-marcel-freebsd\"...\n\nUnread portion of the kernel message buffer:\n\n\nFatal trap 12: page fault while in kernel mode\ncpuid = 0; apic id = 00\nfault virtual address   = 0x14\nfault code              = supervisor read, page not present\ninstruction pointer     = 0x20:0xc046f58b\nstack pointer           = 0x28:0xe6dd1b80\nframe pointer           = 0x28:0xe6dd1b9c\ncode segment            = base 0x0, limit 0xfffff, type 0x1b\n                        = DPL 0, pres 1, def32 1, gran 1\nprocessor eflags        = interrupt enabled, resume, IOPL = 0\ncurrent process         = 23 (swi2: cambio)\ntrap number             = 12\npanic: page fault\ncpuid = 0\nUptime: 1h35m11s\nPhysical memory: 3315 MB\nDumping 206 MB: 191 175 159 143 127 111 95 79 63 47 31 15\n\nReading symbols from /boot/kernel/acpi.ko...Reading symbols from /boot/kernel/acpi.ko.symbols...done.\ndone.\nLoaded symbols for /boot/kernel/acpi.ko\n#0  doadump () at pcpu.h:196\n196             __asm __volatile(\"movl %%fs:0,%0\" : \"=r\" (td));\n(kgdb) backtrace\n#0  doadump () at pcpu.h:196\n#1  0xc07cc107 in boot (howto=260) at /usr/src/sys/kern/kern_shutdown.c:418\n#2  0xc07cc3d9 in panic (fmt=Variable \"fmt\" is not available.\n) at /usr/src/sys/kern/kern_shutdown.c:574\n#3  0xc0adf22c in trap_fatal (frame=0xe6dd1b40, eva=20) at /usr/src/sys/i386/i386/trap.c:939\n#4  0xc0adf4b0 in trap_pfault (frame=0xe6dd1b40, usermode=0, eva=20) at /usr/src/sys/i386/i386/trap.c:852\n#5  0xc0adfe6c in trap (frame=0xe6dd1b40) at /usr/src/sys/i386/i386/trap.c:530\n#6  0xc0ac5cdb in calltrap () at /usr/src/sys/i386/i386/exception.s:159\n#7  0xc046f58b in xpt_done (done_ccb=0xc6bac400) at /usr/src/sys/cam/cam_xpt.c:4832\n#8  0xc04733d9 in xpt_scan_bus (periph=0xc6804c80, request_ccb=0xc6bac400) at /usr/src/sys/cam/cam_xpt.c:5395\n#9  0xc0471731 in camisr_runqueue (V_queue=Variable \"V_queue\" is not available.\n) at /usr/src/sys/cam/cam_xpt.c:7316\n#10 0xc047188e in camisr (dummy=0x0) at /usr/src/sys/cam/cam_xpt.c:7216\n#11 0xc07ab10b in ithread_loop (arg=0xc6876c60) at /usr/src/sys/kern/kern_intr.c:1088\n#12 0xc07a7c79 in fork_exit (callout=0xc07aaf50 \u003cithread_loop\u003e, arg=0xc6876c60, frame=0xe6dd1d38)\n    at /usr/src/sys/kern/kern_fork.c:804\n#13 0xc0ac5d50 in fork_trampoline () at /usr/src/sys/i386/i386/exception.s:264\n(kgdb)\n\n\n\nCopyright (c) 1992-2009 The FreeBSD Project.\nCopyright (c) 1979, 1980, 1983, 1986, 1988, 1989, 1991, 1992, 1993, 1994\n        The Regents of the University of California. All rights reserved.\nFreeBSD is a registered trademark of The FreeBSD Foundation.\nFreeBSD 7.1-RELEASE-p4 #2: Mon Mar 23 13:39:43 CET 2009\n    root@BSDHelmut:/usr/obj/usr/src/sys/GENERIC-QUOTA-PF-ALTQ\nTimecounter \"i8254\" frequency 1193182 Hz quality 0\nCPU: Intel(R) Xeon(R) CPU           E5420  @ 2.50GHz (2500.10-MHz 686-class CPU)\n  Origin = \"GenuineIntel\"  Id = 0x10676  Stepping = 6\n  Features=0xbfebfbff\u003cFPU,VME,DE,PSE,TSC,MSR,PAE,MCE,CX8,APIC,SEP,MTRR,PGE,MCA,CMOV,PAT,PSE36,CLFLUSH,DTS,ACPI,MMX,FXSR,SSE,SSE2,SS,HTT,TM,PBE\u003e\n  Features2=0xce3bd\u003cSSE3,DTES64,MON,DS_CPL,VMX,EST,TM2,SSSE3,CX16,xTPR,PDCM,DCA,SSE4.1\u003e\n  AMD Features=0x20000000\u003cLM\u003e\n  AMD Features2=0x1\u003cLAHF\u003e\n  Cores per package: 4\nreal memory  = 3489382400 (3327 MB)\navail memory = 3410079744 (3252 MB)\nACPI APIC Table: \u003cIBM    SERBLADE\u003e\nFreeBSD/SMP: Multiprocessor System Detected: 8 CPUs\n cpu0 (BSP): APIC ID:  0\n cpu1 (AP): APIC ID:  1\n cpu2 (AP): APIC ID:  2\n cpu3 (AP): APIC ID:  3\n cpu4 (AP): APIC ID:  4\n cpu5 (AP): APIC ID:  5\n cpu6 (AP): APIC ID:  6\n cpu7 (AP): APIC ID:  7\nioapic1 \u003cVersion 2.0\u003e irqs 24-47 on motherboard\nioapic0 \u003cVersion 2.0\u003e irqs 0-23 on motherboard\nkbd1 at kbdmux0\nath_hal: 0.9.20.3 (AR5210, AR5211, AR5212, RF5111, RF5112, RF2413, RF5413)\nacpi0: \u003cIBM SERBLADE\u003e on motherboard\nacpi0: [ITHREAD]\nacpi0: Power Button (fixed)\nTimecounter \"ACPI-fast\" frequency 3579545 Hz quality 1000\nacpi_timer0: \u003c24-bit timer at 3.579545MHz\u003e port 0x588-0x58b on acpi0\npcib0: \u003cACPI Host-PCI bridge\u003e on acpi0\npci0: \u003cACPI PCI bus\u003e on pcib0\npcib1: \u003cACPI PCI-PCI bridge\u003e at device 2.0 on pci0\npci7: \u003cACPI PCI bus\u003e on pcib1\npcib2: \u003cACPI PCI-PCI bridge\u003e at device 0.0 on pci7\npci9: \u003cACPI PCI bus\u003e on pcib2\npcib3: \u003cACPI PCI-PCI bridge\u003e at device 0.0 on pci9\npci11: \u003cACPI PCI bus\u003e on pcib3\npcib4: \u003cACPI PCI-PCI bridge\u003e at device 1.0 on pci9\npci10: \u003cACPI PCI bus\u003e on pcib4\npcib5: \u003cACPI PCI-PCI bridge\u003e at device 0.3 on pci7\npci8: \u003cACPI PCI bus\u003e on pcib5\npcib6: \u003cACPI PCI-PCI bridge\u003e at device 3.0 on pci0\npci15: \u003cACPI PCI bus\u003e on pcib6\npcib7: \u003cACPI PCI-PCI bridge\u003e at device 4.0 on pci0\npci12: \u003cACPI PCI bus\u003e on pcib7\npcib8: \u003cACPI PCI-PCI bridge\u003e at device 5.0 on pci0\npci14: \u003cACPI PCI bus\u003e on pcib8\npcib9: \u003cACPI PCI-PCI bridge\u003e at device 6.0 on pci0\npci3: \u003cACPI PCI bus\u003e on pcib9\npcib10: \u003cPCI-PCI bridge\u003e at device 0.0 on pci3\npci4: \u003cPCI bus\u003e on pcib10\nbce0: \u003cBroadcom NetXtreme II BCM5708 1000Base-SX (B2)\u003e mem 0xda000000-0xdbffffff irq 17 at device 0.0 on pci4\nmiibus0: \u003cMII bus\u003e on bce0\nbrgphy0: \u003cBCM5708S 1000/2500BaseSX PHY\u003e PHY 2 on miibus0\nbrgphy0:  1000baseSX-FDX, auto\nbce0: Ethernet address: 00:1a:64:cf:2f:18\nbce0: [ITHREAD]\nbce0: ASIC (0x57081021); Rev (B2); Bus (PCI-X, 64-bit, 133MHz); F/W (0x03040405); Flags( MFW MSI )\npcib11: \u003cACPI PCI-PCI bridge\u003e at device 7.0 on pci0\npci5: \u003cACPI PCI bus\u003e on pcib11\npcib12: \u003cPCI-PCI bridge\u003e at device 0.0 on pci5\npci6: \u003cPCI bus\u003e on pcib12\nbce1: \u003cBroadcom NetXtreme II BCM5708 1000Base-SX (B2)\u003e mem 0xd8000000-0xd9ffffff irq 19 at device 0.0 on pci6\nmiibus1: \u003cMII bus\u003e on bce1\nbrgphy1: \u003cBCM5708S 1000/2500BaseSX PHY\u003e PHY 2 on miibus1\nbrgphy1:  1000baseSX-FDX, auto\nbce1: Ethernet address: 00:1a:64:cf:2f:1a\nbce1: [ITHREAD]\nbce1: ASIC (0x57081021); Rev (B2); Bus (PCI-X, 64-bit, 133MHz); F/W (0x03040405); Flags( MSI )\npci0: \u003cbase peripheral\u003e at device 8.0 (no driver attached)\npcib13: \u003cACPI PCI-PCI bridge\u003e at device 28.0 on pci0\npci2: \u003cACPI PCI bus\u003e on pcib13\nmpt0: \u003cLSILogic SAS/SATA Adapter\u003e port 0x4000-0x40ff mem 0xdeffc000-0xdeffffff,0xdefe0000-0xdefeffff irq 16 at device 0.0 on pci2\nmpt0: [ITHREAD]\nmpt0: MPI Version=1.5.13.0\nmpt0: Capabilities: ( RAID-0 RAID-1E RAID-1 )\nmpt0: 1 Active Volume (2 Max)\nmpt0: 2 Hidden Drive Members (10 Max)\nuhci0: \u003cIntel 631XESB/632XESB/3100 USB controller USB-1\u003e port 0x2200-0x221f irq 18 at device 29.0 on pci0\nuhci0: [GIANT-LOCKED]\nuhci0: [ITHREAD]\nusb0: \u003cIntel 631XESB/632XESB/3100 USB controller USB-1\u003e on uhci0\nusb0: USB revision 1.0\nuhub0: \u003cIntel UHCI root hub, class 9/0, rev 1.00/1.00, addr 1\u003e on usb0\nuhub0: 2 ports with 2 removable, self powered\nuhci1: \u003cIntel 631XESB/632XESB/3100 USB controller USB-2\u003e port 0x2600-0x261f irq 21 at device 29.1 on pci0\nuhci1: [GIANT-LOCKED]\nuhci1: [ITHREAD]\nusb1: \u003cIntel 631XESB/632XESB/3100 USB controller USB-2\u003e on uhci1\nusb1: USB revision 1.0\nuhub1: \u003cIntel UHCI root hub, class 9/0, rev 1.00/1.00, addr 1\u003e on usb1\nuhub1: 2 ports with 2 removable, self powered\nuhci2: \u003cIntel 631XESB/632XESB/3100 USB controller USB-3\u003e port 0x2800-0x281f irq 19 at device 29.2 on pci0\nuhci2: [GIANT-LOCKED]\nuhci2: [ITHREAD]\nusb2: \u003cIntel 631XESB/632XESB/3100 USB controller USB-3\u003e on uhci2\nusb2: USB revision 1.0\nuhub2: \u003cIntel UHCI root hub, class 9/0, rev 1.00/1.00, addr 1\u003e on usb2\nuhub2: 2 ports with 2 removable, self powered\nehci0: \u003cIntel 63XXESB USB 2.0 controller\u003e mem 0xf9000000-0xf90003ff irq 23 at device 29.7 on pci0\nehci0: [GIANT-LOCKED]\nehci0: [ITHREAD]\nusb3: EHCI version 1.0\nusb3: companion controllers, 2 ports each: usb0 usb1 usb2\nusb3: \u003cIntel 63XXESB USB 2.0 controller\u003e on ehci0\nusb3: USB revision 2.0\nuhub3: \u003cIntel EHCI root hub, class 9/0, rev 2.00/1.00, addr 1\u003e on usb3\nuhub3: 5 ports with 5 removable, self powered\nuhub4: \u003cvendor 0x0424 product 0x2502, class 9/0, rev 2.00/0.01, addr 2\u003e on uhub3\nuhub4: single transaction translator\nuhub4: 2 ports with 2 removable, self powered\npcib14: \u003cACPI PCI-PCI bridge\u003e at device 30.0 on pci0\npci1: \u003cACPI PCI bus\u003e on pcib14\nvgapci0: \u003cVGA-compatible display\u003e port 0x3000-0x30ff mem 0xf0000000-0xf7ffffff,0xf8000000-0xf800ffff irq 22 at device 1.0 on pci1\nisab0: \u003cPCI-ISA bridge\u003e at device 31.0 on pci0\nisa0: \u003cISA bus\u003e on isab0\natapci0: \u003cIntel 63XXESB2 SATA300 controller\u003e port 0x1f0-0x1f7,0x3f6,0x170-0x177,0x376,0x2a00-0x2a0f at device 31.2 on pci0\nata0: \u003cATA channel 0\u003e on atapci0\nata0: [ITHREAD]\nata1: \u003cATA channel 1\u003e on atapci0\nata1: [ITHREAD]\nsio0: \u003c16550A-compatible COM port\u003e port 0x3f8-0x3ff irq 4 flags 0x10 on acpi0\nsio0: type 16550A\nsio0: [FILTER]\ncpu0: \u003cACPI CPU\u003e on acpi0\nest0: \u003cEnhanced SpeedStep Frequency Control\u003e on cpu0\nest: CPU supports Enhanced Speedstep, but is not recognized.\nest: cpu_vendor GenuineIntel, msr 4720472006004720\ndevice_attach: est0 attach returned 6\np4tcc0: \u003cCPU Frequency Thermal Control\u003e on cpu0\ncpu1: \u003cACPI CPU\u003e on acpi0\nest1: \u003cEnhanced SpeedStep Frequency Control\u003e on cpu1\nest: CPU supports Enhanced Speedstep, but is not recognized.\nest: cpu_vendor GenuineIntel, msr 4720472006004720\ndevice_attach: est1 attach returned 6\np4tcc1: \u003cCPU Frequency Thermal Control\u003e on cpu1\ncpu2: \u003cACPI CPU\u003e on acpi0\nest2: \u003cEnhanced SpeedStep Frequency Control\u003e on cpu2\nest: CPU supports Enhanced Speedstep, but is not recognized.\nest: cpu_vendor GenuineIntel, msr 4720472006004720\ndevice_attach: est2 attach returned 6\np4tcc2: \u003cCPU Frequency Thermal Control\u003e on cpu2\ncpu3: \u003cACPI CPU\u003e on acpi0\nest3: \u003cEnhanced SpeedStep Frequency Control\u003e on cpu3\nest: CPU supports Enhanced Speedstep, but is not recognized.\nest: cpu_vendor GenuineIntel, msr 4720472006004720\ndevice_attach: est3 attach returned 6\np4tcc3: \u003cCPU Frequency Thermal Control\u003e on cpu3\ncpu4: \u003cACPI CPU\u003e on acpi0\nest4: \u003cEnhanced SpeedStep Frequency Control\u003e on cpu4\nest: CPU supports Enhanced Speedstep, but is not recognized.\nest: cpu_vendor GenuineIntel, msr 4720472006004720\ndevice_attach: est4 attach returned 6\np4tcc4: \u003cCPU Frequency Thermal Control\u003e on cpu4\ncpu5: \u003cACPI CPU\u003e on acpi0\nest5: \u003cEnhanced SpeedStep Frequency Control\u003e on cpu5\nest: CPU supports Enhanced Speedstep, but is not recognized.\nest: cpu_vendor GenuineIntel, msr 4720472006004720\ndevice_attach: est5 attach returned 6\np4tcc5: \u003cCPU Frequency Thermal Control\u003e on cpu5\ncpu6: \u003cACPI CPU\u003e on acpi0\nest6: \u003cEnhanced SpeedStep Frequency Control\u003e on cpu6\nest: CPU supports Enhanced Speedstep, but is not recognized.\nest: cpu_vendor GenuineIntel, msr 4720472006004720\ndevice_attach: est6 attach returned 6\np4tcc6: \u003cCPU Frequency Thermal Control\u003e on cpu6\ncpu7: \u003cACPI CPU\u003e on acpi0\nest7: \u003cEnhanced SpeedStep Frequency Control\u003e on cpu7\nest: CPU supports Enhanced Speedstep, but is not recognized.\nest: cpu_vendor GenuineIntel, msr 4720472006004720\ndevice_attach: est7 attach returned 6\np4tcc7: \u003cCPU Frequency Thermal Control\u003e on cpu7\npmtimer0 on isa0\norm0: \u003cISA Option ROMs\u003e at iomem 0xc0000-0xca7ff,0xca800-0xcbfff,0xcc000-0xcd7ff pnpid ORM0000 on isa0\natkbdc0: \u003cKeyboard controller (i8042)\u003e at port 0x60,0x64 on isa0\natkbd0: \u003cAT Keyboard\u003e irq 1 on atkbdc0\nkbd0 at atkbd0\natkbd0: [GIANT-LOCKED]\natkbd0: [ITHREAD]\nppc0: parallel port not found.\nsc0: \u003cSystem console\u003e at flags 0x100 on isa0\nsc0: VGA \u003c16 virtual consoles, flags=0x300\u003e\nsio1: configured irq 3 not in bitmap of probed irqs 0\nsio1: port may not be enabled\nvga0: \u003cGeneric ISA VGA\u003e at port 0x3c0-0x3df iomem 0xa0000-0xbffff on isa0\nTimecounters tick every 1.000 msec\nmpt0:vol0(mpt0:0:0): Settings ( Hot-Plug-Spares )\nmpt0:vol0(mpt0:0:0): Using Spare Pool: 0\nmpt0:vol0(mpt0:0:0): 2 Members:\n      (mpt0:1:4:0): Primary Online\n      (mpt0:1:1:0): Secondary Online\nmpt0:vol0(mpt0:0:0): RAID-1 - Optimal\nmpt0:vol0(mpt0:0:0): Status ( Enabled )\n(mpt0:vol0:1): Physical (mpt0:0:1:0), Pass-thru (mpt0:1:0:0)\n(mpt0:vol0:1): Online\n(mpt0:vol0:0): Physical (mpt0:0:4:0), Pass-thru (mpt0:1:1:0)\n(mpt0:vol0:0): Online\nda0 at mpt0 bus 0 target 0 lun 0\nda0: \u003cLSILOGIC Logical Volume 3000\u003e Fixed Direct Access SCSI-2 device\nda0: 300.000MB/s transfers\nda0: 139236MB (285155328 512 byte sectors: 255H 63S/T 17750C)\nSMP: AP CPU #2 Launched!\nSMP: AP CPU #1 Launched!\nSMP: AP CPU #3 Launched!\nSMP: AP CPU #7 Launched!\nSMP: AP CPU #6 Launched!\nSMP: AP CPU #4 Launched!\nSMP: AP CPU #5 Launched!\nTrying to mount root from ufs:/dev/da0s1a\nWARNING: / was not properly dismounted\nukbd0: \u003cIBM IBM MM2, class 0/0, rev 1.10/0.01, addr 2\u003e on uhub0\nkbd2 at ukbd0\nums0: \u003cIBM IBM MM2, class 0/0, rev 1.10/0.01, addr 2\u003e on uhub0\nums0: 3 buttons and Z dir.\nWARNING: /home was not properly dismounted\nWARNING: /tmp was not properly dismounted\nWARNING: /usr was not properly dismounted\nWARNING: /var was not properly dismounted\n/var: mount pending error: blocks 3112 files 23\nukbd0: at uhub0 port 2 (addr 2) disconnected\nukbd0: detached\nums0: at uhub0 port 2 (addr 2) disconnected\nums0: detached\nmpt0: QUEUE FULL EVENT: Bus 0x00 Target 0x04 Depth 128\n\nHow-To-Repeat: Rebuild RAID1 volume on IBM HS21."
}