{
 "id": 432705,
 "bug_id": 121069,
 "attachment_id": 0,
 "creation_time": "2008-02-25T04:20:00Z",
 "creator": "dak.col@gmail.com",
 "text": "No sound or firewire tested (firewire detected).  nics with NFE driver.\n\nFix: \n\nFreeBSD is a registered trademark of The FreeBSD Foundation.\nFreeBSD 6.3-RELEASE-p1 #0: Sat Feb 23 22:12:17 UTC 2008\n    dak@mlds.morpholab.loc:/usr/obj/usr/src/sys/MLDS\nTimecounter \"i8254\" frequency 1193182 Hz quality 0\nCPU: AMD Athlon(tm) 64 X2 Dual Core Processor 3600+ (1900.01-MHz K8-class CPU)\n  Origin = \"AuthenticAMD\"  Id = 0x60fb1  Stepping = 1\n  Features=0x178bfbff\u003cFPU,VME,DE,PSE,TSC,MSR,PAE,MCE,CX8,APIC,SEP,MTRR,PGE,MCA,CMOV,PAT,PSE36,CLFLUSH,MMX,FXSR,SSE,SSE2,HTT\u003e\n  Features2=0x2001\u003cSSE3,CX16\u003e\n  AMD Features=0xea500800\u003cSYSCALL,NX,MMX+,FFXSR,RDTSCP,LM,3DNow!+,3DNow!\u003e\n  AMD Features2=0x11f\u003cLAHF,CMP,SVM,ExtAPIC,CR8,Prefetch\u003e\n  Cores per package: 2\nreal memory  = 1073545216 (1023 MB)\navail memory = 1022660608 (975 MB)\nACPI APIC Table: \u003cA M I  OEMAPIC \u003e\nFreeBSD/SMP: Multiprocessor System Detected: 2 CPUs\n cpu0 (BSP): APIC ID:  0\n cpu1 (AP): APIC ID:  1\nioapic0 \u003cVersion 1.1\u003e irqs 0-23 on motherboard\nkbd1 at kbdmux0\nath_hal: 0.9.20.3 (AR5210, AR5211, AR5212, RF5111, RF5112, RF2413, RF5413)\nhptrr: HPT RocketRAID controller driver v1.1 (Feb 23 2008 22:10:20)\nacpi0: \u003cA M I OEMRSDT\u003e on motherboard\nacpi0: Power Button (fixed)\nacpi0: reservation of fec00000, 1000 (3) failed\nacpi0: reservation of fee00000, 1000 (3) failed\nTimecounter \"ACPI-fast\" frequency 3579545 Hz quality 1000\nacpi_timer0: \u003c24-bit timer at 3.579545MHz\u003e port 0x2008-0x200b on acpi0\nacpi_hpet0: \u003cHigh Precision Event Timer\u003e iomem 0xfed00000-0xfed003ff on acpi0\nTimecounter \"HPET\" frequency 25000000 Hz quality 900\ncpu0: \u003cACPI CPU\u003e on acpi0\ncpu1: \u003cACPI CPU\u003e on acpi0\npcib0: \u003cACPI Host-PCI bridge\u003e port 0xcf8-0xcff on acpi0\npci0: \u003cACPI PCI bus\u003e on pcib0\npci0: \u003cmemory, RAM\u003e at device 0.0 (no driver attached)\nisab0: \u003cPCI-ISA bridge\u003e port 0x2f00-0x2f7f at device 1.0 on pci0\nisa0: \u003cISA bus\u003e on isab0\npci0: \u003cserial bus, SMBus\u003e at device 1.1 (no driver attached)\nohci0: \u003cOHCI (generic) USB controller\u003e mem 0xfbefb000-0xfbefbfff irq 21 at device 2.0 on pci0\nohci0: [GIANT-LOCKED]\nusb0: OHCI version 1.0, legacy support\nusb0: \u003cOHCI (generic) USB controller\u003e on ohci0\nusb0: USB revision 1.0\nuhub0: nVidia OHCI root hub, class 9/0, rev 1.00/1.00, addr 1\nuhub0: 10 ports with 10 removable, self powered\nehci0: \u003cEHCI (generic) USB 2.0 controller\u003e mem 0xfbefac00-0xfbefacff irq 22 at device 2.1 on pci0\nehci0: [GIANT-LOCKED]\nusb1: EHCI version 1.0\nusb1: companion controller, 10 ports each: usb0\nusb1: \u003cEHCI (generic) USB 2.0 controller\u003e on ehci0\nusb1: USB revision 2.0\nuhub1: nVidia EHCI root hub, class 9/0, rev 2.00/1.00, addr 1\nuhub1: 10 ports with 10 removable, self powered\natapci0: \u003cnVidia nForce MCP55 UDMA133 controller\u003e port 0x1f0-0x1f7,0x3f6,0x170-0x177,0x376,0xffa0-0xffaf at device 4.0 on pci0\nata0: \u003cATA channel 0\u003e on atapci0\nata1: \u003cATA channel 1\u003e on atapci0\natapci1: \u003cnVidia nForce MCP55 SATA300 controller\u003e port 0xd480-0xd487,0xd400-0xd403,0xd080-0xd087,0xd000-0xd003,0xcc00-0xcc0f mem 0xfbef9000-0xfbef9fff irq 23 at device 5.0 on pci0\nata2: \u003cATA channel 0\u003e on atapci1\nata3: \u003cATA channel 1\u003e on atapci1\natapci2: \u003cnVidia nForce MCP55 SATA300 controller\u003e port 0xc880-0xc887,0xc800-0xc803,0xc480-0xc487,0xc400-0xc403,0xc080-0xc08f mem 0xfbef8000-0xfbef8fff irq 20 at device 5.1 on pci0\nata4: \u003cATA channel 0\u003e on atapci2\nata5: \u003cATA channel 1\u003e on atapci2\natapci3: \u003cnVidia nForce MCP55 SATA300 controller\u003e port 0xc000-0xc007,0xbc00-0xbc03,0xb880-0xb887,0xb800-0xb803,0xb480-0xb48f mem 0xfbef7000-0xfbef7fff irq 21 at device 5.2 on pci0\nata6: \u003cATA channel 0\u003e on atapci3\nata7: \u003cATA channel 1\u003e on atapci3\npcib1: \u003cACPI PCI-PCI bridge\u003e at device 6.0 on pci0\npci1: \u003cACPI PCI bus\u003e on pcib1\nre0: \u003cRealTek 8169SB/8110SB Single-chip Gigabit Ethernet\u003e port 0xe800-0xe8ff mem 0xfbfffc00-0xfbfffcff irq 16 at device 0.0 on pci1\nmiibus0: \u003cMII bus\u003e on re0\nrgephy0: \u003cRTL8169S/8110S/8211B media interface\u003e on miibus0\nrgephy0:  10baseT, 10baseT-FDX, 100baseTX, 100baseTX-FDX, 1000baseT, 1000baseT-FDX, auto\nre0: Ethernet address: 00:14:d1:38:7f:fc\nre0: [FAST]\nxl0: \u003c3Com 3c905C-TX Fast Etherlink XL\u003e port 0xec00-0xec7f mem 0xfbfff800-0xfbfff87f irq 17 at device 1.0 on pci1\nmiibus1: \u003cMII bus\u003e on xl0\nxlphy0: \u003c3c905C 10/100 internal PHY\u003e on miibus1\nxlphy0:  10baseT, 10baseT-FDX, 100baseTX, 100baseTX-FDX, auto\nxl0: Ethernet address: 00:04:76:31:e8:94\nfwohci0: \u003cVIA Fire II (VT6306)\u003e port 0xe480-0xe4ff mem 0xfbfff000-0xfbfff7ff irq 18 at device 4.0 on pci1\nfwohci0: OHCI version 1.10 (ROM=1)\nfwohci0: No. of Isochronous channels is 4.\nfwohci0: EUI64 00:10:dc:00:01:07:19:7f\nfwohci0: Phy 1394a available S400, 2 ports.\nfwohci0: Link S400, max_rec 2048 bytes.\nfirewire0: \u003cIEEE1394(FireWire) bus\u003e on fwohci0\nfwe0: \u003cEthernet over FireWire\u003e on firewire0\nif_fwe0: Fake Ethernet address: 02:10:dc:07:19:7f\nfwe0: Ethernet address: 02:10:dc:07:19:7f\nfwe0: if_start running deferred for Giant\nsbp0: \u003cSBP-2/SCSI over FireWire\u003e on firewire0\nfwohci0: Initiate bus reset\nfwohci0: BUS reset\nfwohci0: node_id=0xc800ffc0, gen=1, CYCLEMASTER mode\nfirewire0: 1 nodes, maxhop \u003c= 0, cable IRM = 0 (me)\nfirewire0: bus manager 0 (me)\npci0: \u003cmultimedia\u003e at device 6.1 (no driver attached)\nnfe0: \u003cNVIDIA nForce MCP55 Networking Adapter\u003e port 0xb400-0xb407 mem 0xfbef6000-0xfbef6fff,0xfbefa800-0xfbefa8ff,0xfbefa400-0xfbefa40f irq 23 at device 8.0 on pci0\nmiibus2: \u003cMII bus\u003e on nfe0\nciphy0: \u003cVSC8601 10/100/1000TX PHY\u003e on miibus2\nciphy0:  10baseT, 10baseT-FDX, 100baseTX, 100baseTX-FDX, 1000baseT, 1000baseT-FDX, auto\nnfe0: Ethernet address: 00:19:db:66:63:72\nnfe0: [FAST]\nnfe1: \u003cNVIDIA nForce MCP55 Networking Adapter\u003e port 0xb080-0xb087 mem 0xfbef5000-0xfbef5fff,0xfbefa000-0xfbefa0ff,0xfbef4c00-0xfbef4c0f irq 20 at device 9.0 on pci0\nmiibus3: \u003cMII bus\u003e on nfe1\nciphy1: \u003cVSC8601 10/100/1000TX PHY\u003e on miibus3\nciphy1:  10baseT, 10baseT-FDX, 100baseTX, 100baseTX-FDX, 1000baseT, 1000baseT-FDX, auto\nnfe1: Ethernet address: 00:19:db:6c:0a:82\nnfe1: [FAST]\npcib2: \u003cACPI PCI-PCI bridge\u003e at device 10.0 on pci0\npci2: \u003cACPI PCI bus\u003e on pcib2\npcib3: \u003cACPI PCI-PCI bridge\u003e at device 11.0 on pci0\npci3: \u003cACPI PCI bus\u003e on pcib3\npcib4: \u003cACPI PCI-PCI bridge\u003e at device 12.0 on pci0\npci4: \u003cACPI PCI bus\u003e on pcib4\npcib5: \u003cACPI PCI-PCI bridge\u003e at device 13.0 on pci0\npci5: \u003cACPI PCI bus\u003e on pcib5\npcib6: \u003cACPI PCI-PCI bridge\u003e at device 14.0 on pci0\npci6: \u003cACPI PCI bus\u003e on pcib6\npcib7: \u003cACPI PCI-PCI bridge\u003e at device 15.0 on pci0\npci7: \u003cACPI PCI bus\u003e on pcib7\npci7: \u003cdisplay, VGA\u003e at device 0.0 (no driver attached)\nacpi_button0: \u003cPower Button\u003e on acpi0\nsio0: \u003c16550A-compatible COM port\u003e port 0x3f8-0x3ff irq 4 flags 0x10 on acpi0\nsio0: type 16550A\natkbdc0: \u003cKeyboard controller (i8042)\u003e port 0x60,0x64 irq 1 on acpi0\natkbd0: \u003cAT Keyboard\u003e irq 1 on atkbdc0\nkbd0 at atkbd0\natkbd0: [GIANT-LOCKED]\norm0: \u003cISA Option ROM\u003e at iomem 0xcf000-0xcf7ff on isa0\nppc0: cannot reserve I/O port range\nsc0: \u003cSystem console\u003e at flags 0x100 on isa0\nsc0: VGA \u003c16 virtual consoles, flags=0x300\u003e\nsio1: configured irq 3 not in bitmap of probed irqs 0\nsio1: port may not be enabled\nvga0: \u003cGeneric ISA VGA\u003e at port 0x3c0-0x3df iomem 0xa0000-0xbffff on isa0\nulpt0: Samsung Samsung ML-2010, rev 1.10/1.00, addr 2, iclass 7/1\nulpt0: using bi-directional mode\nTimecounters tick every 1.000 msec\nhptrr: no controller detected.\nad4: 476940MB \u003cMaxtor 3H500F0 HA431DD0\u003e at ata2-master SATA300\nGEOM_MIRROR: Device gm0 created (id=701344732).\nGEOM_MIRROR: Device gm0: provider ad4 detected.\nad6: 476940MB \u003cMaxtor 3H500F0 HA431DD0\u003e at ata3-master SATA300\nGEOM_MIRROR: Device gm0: provider ad6 detected.\nGEOM_MIRROR: Device gm0:ad8: 238475MB \u003cWDC WD2500JS-55NCB1 10.02E01\u003e at ata4-master SATA300\n provider ad6 activated.\nGEOM_MIRROR: Device gm0: provider ad4 activated.\nGEOM_MIRROR: Device gm0: provider mirror/gm0 launched.\nGEOM_STRIPE: Device st0 created (id=3616801485).\nGEOM_STRIPE: Disk ad8 attached to st0.\nad10: 238475MB \u003cWDC WD2500JS-55NCB1 10.02E01\u003e at ata5-master SATA300\nGEOM_STRIPE: Disk ad10 attached to st0.\nGEOM_STRIPE: Device st0 activated.\nSMP: AP CPU #1 Launched!\nTrying to mount root from ufs:/dev/mirror/gm0s1a\nkldload: Unsupported file type\nnfe0: link state changed to UP"
}