{
 "id": 635823,
 "bug_id": 162043,
 "attachment_id": 0,
 "creation_time": "2011-10-27T00:50:09Z",
 "creator": "freebsd@knarf.de",
 "text": "I've upgraded from 8.2-RELEASE to 9.0-RC1 last night and now powerd stopped working.\n\nThere is no longer a dev.cpu.0.freq sysctl variable present.\n\nbkool:/root# sysctl dev.cpu.0\ndev.cpu.0.%desc: ACPI CPU\ndev.cpu.0.%driver: cpu\ndev.cpu.0.%location: handle=\\_PR_.P001\ndev.cpu.0.%pnpinfo: _HID=none _UID=0\ndev.cpu.0.%parent: acpi0\ndev.cpu.0.freq_levels: 2999/-1 2624/-1 2249/-1 1874/-1 1499/-1 1124/-1 749/-1 374/-1\ndev.cpu.0.cx_supported: C1/0\ndev.cpu.0.cx_lowest: C1\ndev.cpu.0.cx_usage: 100.00% last 507us\ndev.cpu.0.coretemp.delta: 61\ndev.cpu.0.coretemp.resolution: 1\ndev.cpu.0.coretemp.tjmax: 100.0C\ndev.cpu.0.coretemp.throttle_log: 0\ndev.cpu.0.temperature: 39.0C\n\n(powerd_flags=\"-vv\")\n\nbkool:/root# /etc/rc.d/powerd restart\npowerd not running?\nStarting powerd.\npowerd: unable to determine AC line status\npowerd: error reading current CPU frequency: Device not configured\npowerd: error reading current CPU frequency: Device not configured\nCPU frequency is below user-defined minimum; changing frequency to 374 MHz\npowerd: error setting CPU freq 374: Device not configured\npowerd: error reading current CPU frequency: Device not configured\npowerd: error reading current CPU frequency: Device not configured\n^C\n\nbkool:/root# less /sys/amd64/conf/BKOOL\n# ident         BKOOL\ninclude GENERIC\n\nbkool:/root# pciconf -vl\nhostb0@pci0:0:0:0:      class=0x060000 card=0x2e301849 chip=0x2e308086 rev=0x03 hdr=0x00\n    vendor     = 'Intel Corporation'\n    device     = '4 Series Chipset DRAM Controller'\n    class      = bridge\n    subclass   = HOST-PCI\npcib1@pci0:0:1:0:       class=0x060400 card=0x2e311849 chip=0x2e318086 rev=0x03 hdr=0x01\n    vendor     = 'Intel Corporation'\n    device     = '4 Series Chipset PCI Express Root Port'\n    class      = bridge\n    subclass   = PCI-PCI\nvgapci0@pci0:0:2:0:     class=0x030000 card=0x2e321849 chip=0x2e328086 rev=0x03 hdr=0x00\n    vendor     = 'Intel Corporation'\n    device     = '4 Series Chipset Integrated Graphics Controller'\n    class      = display\n    subclass   = VGA\nhdac0@pci0:0:27:0:      class=0x040300 card=0x03971849 chip=0x27d88086 rev=0x01 hdr=0x00\n    vendor     = 'Intel Corporation'\n    device     = 'N10/ICH 7 Family High Definition Audio Controller'\n    class      = multimedia\n    subclass   = HDA\npcib2@pci0:0:28:0:      class=0x060400 card=0x27d01849 chip=0x27d08086 rev=0x01 hdr=0x01\n    vendor     = 'Intel Corporation'\n    device     = 'N10/ICH 7 Family PCI Express Port 1'\n    class      = bridge\n    subclass   = PCI-PCI\npcib3@pci0:0:28:1:      class=0x060400 card=0x27d21849 chip=0x27d28086 rev=0x01 hdr=0x01\n    vendor     = 'Intel Corporation'\n    device     = 'N10/ICH 7 Family PCI Express Port 2'\n    class      = bridge\n    subclass   = PCI-PCI\npcib4@pci0:0:28:2:      class=0x060400 card=0x27d41849 chip=0x27d48086 rev=0x01 hdr=0x01\n    vendor     = 'Intel Corporation'\n    device     = 'N10/ICH 7 Family PCI Express Port 3'\n    class      = bridge\n    subclass   = PCI-PCI\nuhci0@pci0:0:29:0:      class=0x0c0300 card=0x27c81849 chip=0x27c88086 rev=0x01 hdr=0x00\n    vendor     = 'Intel Corporation'\n    device     = 'N10/ICH 7 Family USB UHCI Controller'\n    class      = serial bus\n    subclass   = USB\nuhci1@pci0:0:29:1:      class=0x0c0300 card=0x27c91849 chip=0x27c98086 rev=0x01 hdr=0x00\n    vendor     = 'Intel Corporation'\n    device     = 'N10/ICH 7 Family USB UHCI Controller'\n    class      = serial bus\n    subclass   = USB\nuhci2@pci0:0:29:2:      class=0x0c0300 card=0x27ca1849 chip=0x27ca8086 rev=0x01 hdr=0x00\n    vendor     = 'Intel Corporation'\n    device     = 'N10/ICH 7 Family USB UHCI Controller'\n    class      = serial bus\n    subclass   = USB\nuhci3@pci0:0:29:3:      class=0x0c0300 card=0x27cb1849 chip=0x27cb8086 rev=0x01 hdr=0x00\n    vendor     = 'Intel Corporation'\n    device     = 'N10/ICH 7 Family USB UHCI Controller'\n    class      = serial bus\n    subclass   = USB\nehci0@pci0:0:29:7:      class=0x0c0320 card=0x27cc1849 chip=0x27cc8086 rev=0x01 hdr=0x00\n    vendor     = 'Intel Corporation'\n    device     = 'N10/ICH 7 Family USB2 EHCI Controller'\n    class      = serial bus\n    subclass   = USB\npcib5@pci0:0:30:0:      class=0x060401 card=0x244e1849 chip=0x244e8086 rev=0xe1 hdr=0x01\n    vendor     = 'Intel Corporation'\n    device     = '82801 PCI Bridge'\n    class      = bridge\n    subclass   = PCI-PCI\nisab0@pci0:0:31:0:      class=0x060100 card=0x27b81849 chip=0x27b88086 rev=0x01 hdr=0x00\n    vendor     = 'Intel Corporation'\n    device     = '82801GB/GR (ICH7 Family) LPC Interface Bridge'\n    class      = bridge\n    subclass   = PCI-ISA\natapci0@pci0:0:31:1:    class=0x01018a card=0x27df1849 chip=0x27df8086 rev=0x01 hdr=0x00\n    vendor     = 'Intel Corporation'\n    device     = '82801G (ICH7 Family) IDE Controller'\n    class      = mass storage\n    subclass   = ATA\natapci1@pci0:0:31:2:    class=0x01018f card=0x27c01849 chip=0x27c08086 rev=0x01 hdr=0x00\n    vendor     = 'Intel Corporation'\n    device     = 'N10/ICH7 Family SATA IDE Controller'\n    class      = mass storage\n    subclass   = ATA\nichsmb0@pci0:0:31:3:    class=0x0c0500 card=0x27da1849 chip=0x27da8086 rev=0x01 hdr=0x00\n    vendor     = 'Intel Corporation'\n    device     = 'N10/ICH 7 Family SMBus Controller'\n    class      = serial bus\n    subclass   = SMBus\nmvs0@pci0:5:0:0:        class=0x010000 card=0x11ab11ab chip=0x704211ab rev=0x02 hdr=0x00\n    vendor     = 'Marvell Technology Group Ltd.'\n    device     = '88SX7042 PCI-e 4-port SATA-II'\n    class      = mass storage\n    subclass   = SCSI\nre0@pci0:2:0:0: class=0x020000 card=0x81681849 chip=0x816810ec rev=0x06 hdr=0x00\n    vendor     = 'Realtek Semiconductor Co., Ltd.'\n    device     = 'RTL8111/8168B PCI Express Gigabit Ethernet controller'\n    class      = network\n    subclass   = ethernet\nxhci0@pci0:1:0:0:       class=0x0c0330 card=0x10421849 chip=0x10421b21 rev=0x00 hdr=0x00\n    vendor     = 'ASMedia Technology Inc.'\n    device     = 'ASM1042 SuperSpeed USB Host Controller'\n    class      = serial bus\n    subclass   = USB\n\nbkool:/root# kldstat \nId Refs Address            Size     Name\n 1   40 0xffffffff80200000 11d4108  kernel\n 2    1 0xffffffff813d5000 203ec8   zfs.ko\n 3    2 0xffffffff815d9000 5c60     opensolaris.ko\n 4    1 0xffffffff815e0000 55b0     ichsmb.ko\n 5    2 0xffffffff815e6000 2628     smbus.ko\n 6    1 0xffffffff815e9000 4a80     ichwd.ko\n 7    1 0xffffffff81812000 ce99     geom_eli.ko\n 8    1 0xffffffff8181f000 1b160    crypto.ko\n 9    1 0xffffffff8183b000 a4dc     zlib.ko\n10    1 0xffffffff81846000 c00a     ipfw.ko\n11    1 0xffffffff81853000 1e1b7    linux.ko\n12    1 0xffffffff81872000 16286    nfsserver.ko\n13    1 0xffffffff81889000 976      nfs_common.ko\n14    1 0xffffffff8188a000 220      green_saver.ko\n15    1 0xffffffff8188b000 c78      coretemp.ko\n\nbkool:/root# kldstat -vv | grep cpuf\n                370 cpu/cpufreq\n\nbkool:/root# dmesg\nCopyright (c) 1992-2011 The FreeBSD Project.\nCopyright (c) 1979, 1980, 1983, 1986, 1988, 1989, 1991, 1992, 1993, 1994\n        The Regents of the University of California. All rights reserved.\nFreeBSD is a registered trademark of The FreeBSD Foundation.\nFreeBSD 9.0-RC1 #3: Wed Oct 26 05:39:19 CEST 2011\n    knarf@bkool:/usr/obj/usr/src/sys/BKOOL amd64\nCPU: Pentium(R) Dual-Core  CPU      E5700  @ 3.00GHz (2999.97-MHz K8-class CPU)\n  Origin = \"GenuineIntel\"  Id = 0x1067a  Family = 6  Model = 17  Stepping = 10\n  Features=0xbfebfbff\u003cFPU,VME,DE,PSE,TSC,MSR,PAE,MCE,CX8,APIC,SEP,MTRR,PGE,MCA,CMOV,PAT,PSE36,CLFLUSH,DTS,ACPI,MMX,FXSR,SSE,SSE2,SS,HTT,TM,PBE\u003e\n  Features2=0x400e3bd\u003cSSE3,DTES64,MON,DS_CPL,VMX,EST,TM2,SSSE3,CX16,xTPR,PDCM,XSAVE\u003e\n  AMD Features=0x20100800\u003cSYSCALL,NX,LM\u003e\n  AMD Features2=0x1\u003cLAHF\u003e\n  TSC: P-state invariant, performance statistics\nreal memory  = 4294967296 (4096 MB)\navail memory = 4065173504 (3876 MB)\nEvent timer \"LAPIC\" quality 400\nACPI APIC Table: \u003c060811 APIC2213\u003e\nFreeBSD/SMP: Multiprocessor System Detected: 2 CPUs\nFreeBSD/SMP: 1 package(s) x 2 core(s)\n cpu0 (BSP): APIC ID:  0\n cpu1 (AP): APIC ID:  1\nioapic0 \u003cVersion 2.0\u003e irqs 0-23 on motherboard\nkbd1 at kbdmux0\nacpi0: \u003c060811 RSDT2213\u003e on motherboard\nacpi0: Power Button (fixed)\nacpi0: reservation of 0, a0000 (3) failed\nacpi0: reservation of 100000, ddd00000 (3) failed\nTimecounter \"ACPI-fast\" frequency 3579545 Hz quality 900\nacpi_timer0: \u003c24-bit timer at 3.579545MHz\u003e port 0x808-0x80b on acpi0\ncpu0: \u003cACPI CPU\u003e on acpi0\ncpu1: \u003cACPI CPU\u003e on acpi0\npcib0: \u003cACPI Host-PCI bridge\u003e port 0xcf8-0xcff on acpi0\npci0: \u003cACPI PCI bus\u003e on pcib0\npcib1: \u003cACPI PCI-PCI bridge\u003e irq 16 at device 1.0 on pci0\npci5: \u003cACPI PCI bus\u003e on pcib1\nmvs0: \u003cMarvell 88SX7042 SATA controller\u003e port 0xe800-0xe8ff mem 0xfeb00000-0xfebfffff irq 16 at device 0.0 on pci5\nmvs0: Gen-IIe, 4 3Gbps ports, Port Multiplier supported with FBS\nmvsch0: \u003cMarvell SATA channel\u003e at channel 0 on mvs0\nmvsch1: \u003cMarvell SATA channel\u003e at channel 1 on mvs0\nmvsch2: \u003cMarvell SATA channel\u003e at channel 2 on mvs0\nmvsch3: \u003cMarvell SATA channel\u003e at channel 3 on mvs0\nvgapci0: \u003cVGA-compatible display\u003e port 0xcc00-0xcc07 mem 0xfe400000-0xfe7fffff,0xe0000000-0xefffffff irq 16 at device 2.0 on pci0\nagp0: \u003cIntel G41 SVGA controller\u003e on vgapci0\nagp0: aperture size is 256M, detected 32764k stolen memory\nhdac0: \u003cIntel 82801G High Definition Audio Controller\u003e mem 0xfe8f8000-0xfe8fbfff irq 16 at device 27.0 on pci0\npcib2: \u003cACPI PCI-PCI bridge\u003e irq 16 at device 28.0 on pci0\npci3: \u003cACPI PCI bus\u003e on pcib2\npcib3: \u003cACPI PCI-PCI bridge\u003e irq 17 at device 28.1 on pci0\npci2: \u003cACPI PCI bus\u003e on pcib3\nre0: \u003cRealTek 8168/8111 B/C/CP/D/DP/E PCIe Gigabit Ethernet\u003e port 0xd800-0xd8ff mem 0xfdeff000-0xfdefffff,0xfdef8000-0xfdefbfff irq 17 at device 0.0 on pci2\nre0: Using 1 MSI-X message\nre0: Chip rev. 0x2c800000\nre0: MAC rev. 0x00000000\nmiibus0: \u003cMII bus\u003e on re0\nrgephy0: \u003cRTL8169S/8110S/8211 1000BASE-T media interface\u003e PHY 1 on miibus0\nrgephy0:  none, 10baseT, 10baseT-FDX, 10baseT-FDX-flow, 100baseTX, 100baseTX-FDX, 100baseTX-FDX-flow, 1000baseT, 1000baseT-master, 1000baseT-FDX, 1000baseT-FDX-master, 1000baseT-FDX-flow, 1000baseT-FDX-flow-master, auto, auto-flow\nre0: Ethernet address: 00:25:22:f5:0e:53\npcib4: \u003cACPI PCI-PCI bridge\u003e irq 18 at device 28.2 on pci0\npci1: \u003cACPI PCI bus\u003e on pcib4\nxhci0: \u003cXHCI (generic) USB 3.0 controller\u003e mem 0xfe9f8000-0xfe9fffff irq 18 at device 0.0 on pci1\nxhci0: 32 byte context size.\nusbus0 on xhci0\nuhci0: \u003cIntel 82801G (ICH7) USB controller USB-A\u003e port 0xc400-0xc41f irq 23 at device 29.0 on pci0\nuhci0: LegSup = 0x2f00\nusbus1: \u003cIntel 82801G (ICH7) USB controller USB-A\u003e on uhci0\nuhci1: \u003cIntel 82801G (ICH7) USB controller USB-B\u003e port 0xc480-0xc49f irq 19 at device 29.1 on pci0\nuhci1: LegSup = 0x2f00\nusbus2: \u003cIntel 82801G (ICH7) USB controller USB-B\u003e on uhci1\nuhci2: \u003cIntel 82801G (ICH7) USB controller USB-C\u003e port 0xc800-0xc81f irq 18 at device 29.2 on pci0\nuhci2: LegSup = 0x2f00\nusbus3: \u003cIntel 82801G (ICH7) USB controller USB-C\u003e on uhci2\nuhci3: \u003cIntel 82801G (ICH7) USB controller USB-D\u003e port 0xc880-0xc89f irq 16 at device 29.3 on pci0\nuhci3: LegSup = 0x2f00\nusbus4: \u003cIntel 82801G (ICH7) USB controller USB-D\u003e on uhci3\nehci0: \u003cIntel 82801GB/R (ICH7) USB 2.0 controller\u003e mem 0xfe8f7c00-0xfe8f7fff irq 23 at device 29.7 on pci0\nusbus5: EHCI version 1.0\nusbus5: \u003cIntel 82801GB/R (ICH7) USB 2.0 controller\u003e on ehci0\npcib5: \u003cACPI PCI-PCI bridge\u003e at device 30.0 on pci0\npci4: \u003cACPI PCI bus\u003e on pcib5\nisab0: \u003cPCI-ISA bridge\u003e at device 31.0 on pci0\nisa0: \u003cISA bus\u003e on isab0\natapci0: \u003cIntel ICH7 UDMA100 controller\u003e port 0x1f0-0x1f7,0x3f6,0x170-0x177,0x376,0xffa0-0xffaf at device 31.1 on pci0\nata0: \u003cATA channel 0\u003e on atapci0\natapci1: \u003cIntel ICH7 SATA300 controller\u003e port 0xc080-0xc087,0xc000-0xc003,0xbc00-0xbc07,0xb880-0xb883,0xb800-0xb80f irq 19 at device 31.2 on pci0\nata2: \u003cATA channel 0\u003e on atapci1\nata3: \u003cATA channel 1\u003e on atapci1\nichsmb0: \u003cIntel 82801GB (ICH7) SMBus controller\u003e port 0x400-0x41f irq 19 at device 31.3 on pci0\nsmbus0: \u003cSystem Management Bus\u003e on ichsmb0\nacpi_button0: \u003cPower Button\u003e on acpi0\nattimer0: \u003cAT timer\u003e port 0x40-0x43 irq 0 on acpi0\nTimecounter \"i8254\" frequency 1193182 Hz quality 0\nEvent timer \"i8254\" frequency 1193182 Hz quality 100\natrtc0: \u003cAT realtime clock\u003e port 0x70-0x71 irq 8 on acpi0\nEvent timer \"RTC\" frequency 32768 Hz quality 0\nfdc0: \u003cfloppy drive controller (FDE)\u003e port 0x3f0-0x3f5,0x3f7 irq 6 drq 2 on acpi0\nfd0: \u003c1440-KB 3.5\" drive\u003e on fdc0 drive 0\nppc0: \u003cParallel port\u003e port 0x378-0x37f,0x778-0x77f irq 7 drq 3 on acpi0\nppc0: SMC-like chipset (ECP/EPP/PS2/NIBBLE) in COMPATIBLE mode\nppc0: FIFO with 16/16/9 bytes threshold\nppbus0: \u003cParallel port bus\u003e on ppc0\nplip0: \u003cPLIP network interface\u003e on ppbus0\nlpt0: \u003cPrinter\u003e on ppbus0\nlpt0: Interrupt-driven port\nppi0: \u003cParallel I/O\u003e on ppbus0\nhpet0: \u003cHigh Precision Event Timer\u003e iomem 0xfed00000-0xfed003ff on acpi0\nTimecounter \"HPET\" frequency 14318180 Hz quality 950\nEvent timer \"HPET\" frequency 14318180 Hz quality 450\nEvent timer \"HPET1\" frequency 14318180 Hz quality 440\nEvent timer \"HPET2\" frequency 14318180 Hz quality 440\nuart0: \u003c16550 or compatible\u003e port 0x3f8-0x3ff irq 4 flags 0x10 on acpi0\nichwd0: \u003cIntel ICH7 watchdog timer\u003e on isa0\nsc0: \u003cSystem console\u003e at flags 0x100 on isa0\nsc0: VGA \u003c16 virtual consoles, flags=0x300\u003e\nvga0: \u003cGeneric ISA VGA\u003e at port 0x3c0-0x3df iomem 0xa0000-0xbffff on isa0\natkbdc0: \u003cKeyboard controller (i8042)\u003e at port 0x60,0x64 on isa0\natkbd0: \u003cAT Keyboard\u003e irq 1 on atkbdc0\nkbd0 at atkbd0\natkbd0: [GIANT-LOCKED]\nest0: \u003cEnhanced SpeedStep Frequency Control\u003e on cpu0\nest: CPU supports Enhanced Speedstep, but is not recognized.\nest: cpu_vendor GenuineIntel, msr 6160f2506000925\ndevice_attach: est0 attach returned 6\np4tcc0: \u003cCPU Frequency Thermal Control\u003e on cpu0\nest1: \u003cEnhanced SpeedStep Frequency Control\u003e on cpu1\nest: CPU supports Enhanced Speedstep, but is not recognized.\nest: cpu_vendor GenuineIntel, msr 6160f2506000925\ndevice_attach: est1 attach returned 6\np4tcc1: \u003cCPU Frequency Thermal Control\u003e on cpu1\nZFS NOTICE: Prefetch is disabled by default if less than 4GB of RAM is present;\n            to enable, add \"vfs.zfs.prefetch_disable=0\" to /boot/loader.conf.\nZFS filesystem version 5\nZFS storage pool version 28\nTimecounters tick every 1.000 msec\nhdac0: HDA Codec #0: VIA VT1708S_4\nhdac0: HDA Codec #2: Intel Eaglelake HDMI\nhdac0: No jack detection support at pin 29\npcm0: \u003cHDA VIA VT1708S_4 PCM #0 Analog\u003e at cad 0 nid 1 on hdac0\npcm1: \u003cHDA Intel Eaglelake HDMI PCM #0 HDMI\u003e at cad 2 nid 1 on hdac0\nusbus0: 5.0Gbps Super Speed USB v3.0\nusbus1: 12Mbps Full Speed USB v1.0\nusbus2: 12Mbps Full Speed USB v1.0\nusbus3: 12Mbps Full Speed USB v1.0\nusbus4: 12Mbps Full Speed USB v1.0\nusbus5: 480Mbps High Speed USB v2.0\nugen0.1: \u003c0x1b21\u003e at usbus0\nuhub0: \u003c0x1b21 XHCI root HUB, class 9/0, rev 3.00/1.00, addr 1\u003e on usbus0\nugen1.1: \u003cIntel\u003e at usbus1\nuhub1: \u003cIntel UHCI root HUB, class 9/0, rev 1.00/1.00, addr 1\u003e on usbus1\nugen2.1: \u003cIntel\u003e at usbus2\nuhub2: \u003cIntel UHCI root HUB, class 9/0, rev 1.00/1.00, addr 1\u003e on usbus2\nugen3.1: \u003cIntel\u003e at usbus3\nuhub3: \u003cIntel UHCI root HUB, class 9/0, rev 1.00/1.00, addr 1\u003e on usbus3\nugen4.1: \u003cIntel\u003e at usbus4\nuhub4: \u003cIntel UHCI root HUB, class 9/0, rev 1.00/1.00, addr 1\u003e on usbus4\nugen5.1: \u003cIntel\u003e at usbus5\nuhub5: \u003cIntel EHCI root HUB, class 9/0, rev 2.00/1.00, addr 1\u003e on usbus5\nada0 at mvsch0 bus 0 scbus0 target 0 lun 0\nada0: \u003cSAMSUNG HD103UJ 1AA01118\u003e ATA-7 SATA 2.x device\nada0: 300.000MB/s transfers (SATA 2.x, UDMA6, PIO 8192bytes)\nada0: Command Queueing enabled\nada0: 953869MB (1953525168 512 byte sectors: 16H 63S/T 16383C)\nada0: Previously was known as ad4\nada1 at mvsch1 bus 0 scbus1 target 0 lun 0\nada1: \u003cSAMSUNG HD103UJ 1AA01113\u003e ATA-7 SATA 2.x device\nada1: 300.000MB/s transfers (SATA 2.x, UDMA6, PIO 8192bytes)\nada1: Command Queueing enabled\nada1: 953869MB (1953525168 512 byte sectors: 16H 63S/T 16383C)\nada1: Previously was known as ad6\nada2 at mvsch2 bus 0 scbus2 target 0 lun 0\nada2: \u003cWDC WD5000ABYS-01TNA0 12.01C01\u003e ATA-7 SATA 2.x device\nada2: 300.000MB/s transfers (SATA 2.x, UDMA6, PIO 8192bytes)\nada2: Command Queueing enabled\nada2: 476940MB (976773168 512 byte sectors: 16H 63S/T 16383C)\nada2: Previously was known as ad8\nada3 at mvsch3 bus 0 scbus3 target 0 lun 0\nada3: \u003cST3500320AS SD1A\u003e ATA-8 SATA 2.x device\nada3: 300.000MB/s transfers (SATA 2.x, UDMA6, PIO 8192bytes)\nada3: Command Queueing enabled\nada3: 476940MB (976773168 512 byte sectors: 16H 63S/T 16383C)\nada3: Previously was known as ad10\nada4 at ata2 bus 0 scbus5 target 0 lun 0\nada4: \u003cST3500320AS SD1A\u003e ATA-8 SATA 2.x device\nada4: 150.000MB/s transfers (SATA, UDMA5, PIO 8192bytes)\nada4: 476940MB (976773168 512 byte sectors: 16H 63S/T 16383C)\nada4: Previously was known as ad12\nada5 at ata2 bus 0 scbus5 target 1 lun 0\nada5: \u003cST3500630NS 3.AEG\u003e ATA-7 SATA 2.x device\nada5: 150.000MB/s transfers (SATA, UDMA5, PIO 8192bytes)\nada5: 476940MB (976773168 512 byte sectors: 16H 63S/T 16383C)\nada5: Previously was known as ad13\nada6 at ata3 bus 0 scbus6 target 0 lun 0\nada6: \u003cST3500320AS SD1A\u003e ATA-8 SATA 2.x device\nada6: 150.000MB/s transfers (SATA, UDMA5, PIO 8192bytes)\nada6: 476940MB (976773168 512 byte sectors: 16H 63S/T 16383C)\nada6: Previously was known as ad14\nada7 at ata3 bus 0 scbus6 target 1 lun 0\nada7: \u003cST3500320AS SD1A\u003e ATA-8 SATA 2.x device\nada7: 150.000MB/s transfers (SATA, UDMA5, PIO 8192bytes)\nada7: 476940MB (976773168 512 byte sectors: 16H 63S/T 16383C)\nada7: Previously was known as ad15\ncd0 at ata0 bus 0 scbus4 target 0 lun 0\ncd0: \u003cLG DVD-ROM DRD8160B 1.01\u003e Removable CD-ROM SCSI-0 device \ncd0: 33.300MB/s transfers (UDMA2, ATAPI 12bytes, PIO 65534bytes)\ncd0: Attempt to query device size failed: NOT READY, Medium not present\nSMP: AP CPU #1 Launched!\nTimecounter \"TSC-low\" frequency 11718627 Hz quality 1000\nuhub0: 4 ports with 4 removable, self powered\nuhub2: 2 ports with 2 removable, self powered\nuhub1: 2 ports with 2 removable, self powered\nuhub3: 2 ports with 2 removable, self powered\nuhub4: 2 ports with 2 removable, self powered\nRoot mount waiting for: usbus5\nRoot mount waiting for: usbus5\nuhub5: 8 ports with 8 removable, self powered\nRoot mount waiting for: usbus5\nRoot mount waiting for: usbus5\nugen1.2: \u003cCherry GmbH\u003e at usbus1\nukbd0: \u003cCherry GmbH product 0x0001, class 0/0, rev 2.00/0.26, addr 2\u003e on usbus1\nkbd2 at ukbd0\nRoot mount waiting for: usbus5\nugen5.2: \u003cTOSHIBA\u003e at usbus5\numass0: \u003cTOSHIBA TransMemory, class 0/0, rev 2.00/1.00, addr 2\u003e on usbus5\numass0:  SCSI over Bulk-Only; quirks = 0x4000\numass0:7:0:-1: Attached to scbus7\nTrying to mount root from zfs:zroot []...\nda0 at umass-sim0 bus 0 scbus7 target 0 lun 0\nda0: \u003cTOSHIBA TransMemory PMAP\u003e Removable Direct Access SCSI-0 device \nda0: 40.000MB/s transfers\nda0: 15260MB (31252480 512 byte sectors: 255H 63S/T 1945C)\ncryptosoft0: \u003csoftware crypto\u003e on motherboard\nGEOM_ELI: Device gpt/bkoolad4.eli created.\nGEOM_ELI: Encryption: AES-XTS 128\nGEOM_ELI:     Crypto: software\nGEOM_ELI: Device gpt/bkoolad6.eli created.\nGEOM_ELI: Encryption: AES-XTS 128\nGEOM_ELI:     Crypto: software\nGEOM_ELI: Device gpt/bkoolad5.eli created.\nGEOM_ELI: Encryption: AES-XTS 128\nGEOM_ELI:     Crypto: software\nGEOM_ELI: Device gpt/bkoolad7.eli created.\nGEOM_ELI: Encryption: AES-XTS 128\nGEOM_ELI:     Crypto: software\nGEOM_ELI: Device gpt/bkooltwed0.eli created.\nGEOM_ELI: Encryption: AES-XTS 128\nGEOM_ELI:     Crypto: software\nGEOM_ELI: Device gpt/bkooltwed1.eli created.\nGEOM_ELI: Encryption: AES-XTS 128\nGEOM_ELI:     Crypto: software\nGEOM_ELI: Device gpt/bkooltwed2.eli created.\nGEOM_ELI: Encryption: AES-XTS 128\nGEOM_ELI:     Crypto: software\nGEOM_ELI: Device gpt/bkooltwed3.eli created.\nGEOM_ELI: Encryption: AES-XTS 128\nGEOM_ELI:     Crypto: software\nipfw2 (+ipv6) initialized, divert loadable, nat loadable, rule-based forwarding disabled, default to deny, logging disabled\npid 55943 (try), uid 0: exited on signal 10 (core dumped)\ncoretemp0: \u003cCPU On-Die Thermal Sensors\u003e on cpu0\nest0: \u003cEnhanced SpeedStep Frequency Control\u003e on cpu0\nest: CPU supports Enhanced Speedstep, but is not recognized.\nest: cpu_vendor GenuineIntel, msr 6160f2506000925\ndevice_attach: est0 attach returned 6\ncoretemp1: \u003cCPU On-Die Thermal Sensors\u003e on cpu1\nest1: \u003cEnhanced SpeedStep Frequency Control\u003e on cpu1\nest: CPU supports Enhanced Speedstep, but is not recognized.\nest: cpu_vendor GenuineIntel, msr 6160f2506000925\ndevice_attach: est1 attach returned 6"
}