{
 "id": 635826,
 "bug_id": 162043,
 "attachment_id": 0,
 "creation_time": "2011-10-28T02:13:00Z",
 "creator": "freebsd@knarf.de",
 "text": "I've found the dmesg output in a daily mail.\n\nI've diffed old and new version and all I see is this:\n\n+xhci0: \u003cXHCI (generic) USB 3.0 controller\u003e mem 0xfe9f8000-0xfe9fffff irq 18 at \ndevice 0.0 on pci1\n+xhci0: 32 byte context size.\n+usbus0 on xhci0\n\nahci_load was YES all the time, but:\n\n-acd0: DVDROM \u003cLG DVD-ROM DRD-8160B/1.01\u003e at ata0-master UDMA33 \n+cd0 at ata0 bus 0 scbus4 target 0 lun 0\n+cd0: \u003cLG DVD-ROM DRD8160B 1.01\u003e Removable CD-ROM SCSI-0 device \n+cd0: 33.300MB/s transfers (UDMA2, ATAPI 12bytes, PIO 65534bytes)\n+cd0: Attempt to query device size failed: NOT READY, Medium not present\n\n-ad5: 476940MB \u003cSeagate ST3500630NS 3.AEG\u003e at ata2-slave UDMA100 SATA\n+ada5 at ata2 bus 0 scbus5 target 1 lun 0\n+ada5: \u003cST3500630NS 3.AEG\u003e ATA-7 SATA 2.x device\n+ada5: 150.000MB/s transfers (SATA, UDMA5, PIO 8192bytes)\n+ada5: 476940MB (976773168 512 byte sectors: 16H 63S/T 16383C)\n+ada5: Previously was known as ad13\n\nI've added coretemp_load=YES in the meantime:\n\n+coretemp0: \u003cCPU On-Die Thermal Sensors\u003e on cpu0\n+est0: \u003cEnhanced SpeedStep Frequency Control\u003e on cpu0\n est: CPU supports Enhanced Speedstep, but is not recognized.\n est: cpu_vendor GenuineIntel, msr 6160f2506000925\n device_attach: est0 attach returned 6\n+p4tcc0: \u003cCPU Frequency Thermal Control\u003e on cpu0\n+coretemp1: \u003cCPU On-Die Thermal Sensors\u003e on cpu1\n+est1: \u003cEnhanced SpeedStep Frequency Control\u003e on cpu1\n+est: CPU supports Enhanced Speedstep, but is not recognized.\n est: cpu_vendor GenuineIntel, msr 6160f2506000925\n+device_attach: est1 attach returned 6\n+p4tcc1: \u003cCPU Frequency Thermal Control\u003e on cpu1\n\ndev.cpu.0.freq was present. I have a munin graph showing me a working\npowerd (min 373.90, avg 2253.07, max 2999.00)\n\nIf you want, I can try to boot 8.2 from DVD and check sysctl\ndev.cpu.0.\n\nHere's the full dmesg output:\n\nbkool kernel log messages:\n++ /tmp/security.mxrmGUny\t2011-10-26 03:12:21.716285324 +0200\nCopyright (c) 1992-2011 The FreeBSD Project.\nCopyright (c) 1979, 1980, 1983, 1986, 1988, 1989, 1991, 1992, 1993, 1994\n\tThe Regents of the University of California. All rights reserved.\nFreeBSD is a registered trademark of The FreeBSD Foundation.\nFreeBSD 8.2-STABLE #2: Thu Mar  3 16:59:15 CET 2011\n    knarf@bkool:/usr/obj/usr/src/sys/BKOOL amd64\nTimecounter \"i8254\" frequency 1193182 Hz quality 0\nCPU: Pentium(R) Dual-Core  CPU      E5700  @ 3.00GHz (2999.92-MHz K8-class CPU)\n  Origin = \"GenuineIntel\"  Id = 0x1067a  Family = 6  Model = 17  Stepping = 10\n  Features=0xbfebfbff\u003cFPU,VME,DE,PSE,TSC,MSR,PAE,MCE,CX8,APIC,SEP,MTRR,PGE,MCA,CMOV,PAT,PSE36,CLFLUSH,DTS,ACPI,MMX,FXSR,SSE,SSE2,SS,HTT,TM,PBE\u003e\n  Features2=0x400e3bd\u003cSSE3,DTES64,MON,DS_CPL,VMX,EST,TM2,SSSE3,CX16,xTPR,PDCM,XSAVE\u003e\n  AMD Features=0x20100800\u003cSYSCALL,NX,LM\u003e\n  AMD Features2=0x1\u003cLAHF\u003e\n  TSC: P-state invariant\nreal memory  = 4294967296 (4096 MB)\navail memory = 4070481920 (3881 MB)\nACPI APIC Table: \u003c060811 APIC2213\u003e\nFreeBSD/SMP: Multiprocessor System Detected: 2 CPUs\nFreeBSD/SMP: 1 package(s) x 2 core(s)\n cpu0 (BSP): APIC ID:  0\n cpu1 (AP): APIC ID:  1\nioapic0 \u003cVersion 2.0\u003e irqs 0-23 on motherboard\nkbd1 at kbdmux0\nichwd module loaded\nacpi0: \u003c060811 RSDT2213\u003e on motherboard\nacpi0: [ITHREAD]\nacpi0: Power Button (fixed)\nacpi0: reservation of 0, a0000 (3) failed\nacpi0: reservation of 100000, ddd00000 (3) failed\nTimecounter \"ACPI-fast\" frequency 3579545 Hz quality 1000\nacpi_timer0: \u003c24-bit timer at 3.579545MHz\u003e port 0x808-0x80b on acpi0\ncpu0: \u003cACPI CPU\u003e on acpi0\ncpu1: \u003cACPI CPU\u003e on acpi0\npcib0: \u003cACPI Host-PCI bridge\u003e port 0xcf8-0xcff on acpi0\npci0: \u003cACPI PCI bus\u003e on pcib0\npcib1: \u003cACPI PCI-PCI bridge\u003e irq 16 at device 1.0 on pci0\npci5: \u003cACPI PCI bus\u003e on pcib1\nmvs0: \u003cMarvell 88SX7042 SATA controller\u003e port 0xe800-0xe8ff mem 0xfeb00000-0xfebfffff irq 16 at device 0.0 on pci5\nmvs0: Gen-IIe, 4 3Gbps ports, Port Multiplier supported with FBS\nmvs0: [ITHREAD]\nmvsch0: \u003cMarvell SATA channel\u003e at channel 0 on mvs0\nmvsch0: [ITHREAD]\nmvsch1: \u003cMarvell SATA channel\u003e at channel 1 on mvs0\nmvsch1: [ITHREAD]\nmvsch2: \u003cMarvell SATA channel\u003e at channel 2 on mvs0\nmvsch2: [ITHREAD]\nmvsch3: \u003cMarvell SATA channel\u003e at channel 3 on mvs0\nmvsch3: [ITHREAD]\nvgapci0: \u003cVGA-compatible display\u003e port 0xcc00-0xcc07 mem 0xfe400000-0xfe7fffff,0xe0000000-0xefffffff irq 16 at device 2.0 on pci0\nagp0: \u003cIntel G41 SVGA controller\u003e on vgapci0\nagp0: detected 32764k stolen memory\nagp0: aperture size is 256M\nhdac0: \u003cIntel 82801G High Definition Audio Controller\u003e mem 0xfe8f8000-0xfe8fbfff irq 16 at device 27.0 on pci0\nhdac0: HDA Driver Revision: 20100226_0142\nhdac0: [ITHREAD]\npcib2: \u003cACPI PCI-PCI bridge\u003e irq 16 at device 28.0 on pci0\npci3: \u003cACPI PCI bus\u003e on pcib2\npcib3: \u003cACPI PCI-PCI bridge\u003e irq 17 at device 28.1 on pci0\npci2: \u003cACPI PCI bus\u003e on pcib3\nre0: \u003cRealTek 8168/8111 B/C/CP/D/DP/E PCIe Gigabit Ethernet\u003e port 0xd800-0xd8ff mem 0xfdeff000-0xfdefffff,0xfdef8000-0xfdefbfff irq 17 at device 0.0 on pci2\nre0: Using 1 MSI-X message\nre0: Chip rev. 0x2c800000\nre0: MAC rev. 0x00000000\nmiibus0: \u003cMII bus\u003e on re0\nrgephy0: \u003cRTL8169S/8110S/8211B media interface\u003e PHY 1 on miibus0\nrgephy0:  10baseT, 10baseT-FDX, 10baseT-FDX-flow, 100baseTX, 100baseTX-FDX, 100baseTX-FDX-flow, 1000baseT, 1000baseT-master, 1000baseT-FDX, 1000baseT-FDX-master, 1000baseT-FDX-flow, 1000baseT-FDX-flow-master, auto, auto-flow\nre0: Ethernet address: 00:25:22:f5:0e:53\nre0: [ITHREAD]\npcib4: \u003cACPI PCI-PCI bridge\u003e irq 18 at device 28.2 on pci0\npci1: \u003cACPI PCI bus\u003e on pcib4\npci1: \u003cserial bus, USB\u003e at device 0.0 (no driver attached)\nuhci0: \u003cIntel 82801G (ICH7) USB controller USB-A\u003e port 0xc400-0xc41f irq 23 at device 29.0 on pci0\nuhci0: [ITHREAD]\nuhci0: LegSup = 0x2f00\nusbus0: \u003cIntel 82801G (ICH7) USB controller USB-A\u003e on uhci0\nuhci1: \u003cIntel 82801G (ICH7) USB controller USB-B\u003e port 0xc480-0xc49f irq 19 at device 29.1 on pci0\nuhci1: [ITHREAD]\nuhci1: LegSup = 0x2f00\nusbus1: \u003cIntel 82801G (ICH7) USB controller USB-B\u003e on uhci1\nuhci2: \u003cIntel 82801G (ICH7) USB controller USB-C\u003e port 0xc800-0xc81f irq 18 at device 29.2 on pci0\nuhci2: [ITHREAD]\nuhci2: LegSup = 0x2f00\nusbus2: \u003cIntel 82801G (ICH7) USB controller USB-C\u003e on uhci2\nuhci3: \u003cIntel 82801G (ICH7) USB controller USB-D\u003e port 0xc880-0xc89f irq 16 at device 29.3 on pci0\nuhci3: [ITHREAD]\nuhci3: LegSup = 0x2f00\nusbus3: \u003cIntel 82801G (ICH7) USB controller USB-D\u003e on uhci3\nehci0: \u003cIntel 82801GB/R (ICH7) USB 2.0 controller\u003e mem 0xfe8f7c00-0xfe8f7fff irq 23 at device 29.7 on pci0\nehci0: [ITHREAD]\nusbus4: EHCI version 1.0\nusbus4: \u003cIntel 82801GB/R (ICH7) USB 2.0 controller\u003e on ehci0\npcib5: \u003cACPI PCI-PCI bridge\u003e at device 30.0 on pci0\npci4: \u003cACPI PCI bus\u003e on pcib5\nisab0: \u003cPCI-ISA bridge\u003e at device 31.0 on pci0\nisa0: \u003cISA bus\u003e on isab0\natapci0: \u003cIntel ICH7 UDMA100 controller\u003e port 0x1f0-0x1f7,0x3f6,0x170-0x177,0x376,0xffa0-0xffaf at device 31.1 on pci0\nata0: \u003cATA channel 0\u003e on atapci0\nata0: [ITHREAD]\natapci1: \u003cIntel ICH7 SATA300 controller\u003e port 0xc080-0xc087,0xc000-0xc003,0xbc00-0xbc07,0xb880-0xb883,0xb800-0xb80f irq 19 at device 31.2 on pci0\natapci1: [ITHREAD]\nata2: \u003cATA channel 0\u003e on atapci1\nata2: [ITHREAD]\nata3: \u003cATA channel 1\u003e on atapci1\nata3: [ITHREAD]\nichsmb0: \u003cIntel 82801GB (ICH7) SMBus controller\u003e port 0x400-0x41f irq 19 at device 31.3 on pci0\nacpi_button0: \u003cPower Button\u003e on acpi0\natrtc0: \u003cAT realtime clock\u003e port 0x70-0x71 irq 8 on acpi0\nfdc0: \u003cfloppy drive controller (FDE)\u003e port 0x3f0-0x3f5,0x3f7 irq 6 drq 2 on acpi0\nppc0: \u003cParallel port\u003e port 0x378-0x37f,0x778-0x77f irq 7 drq 3 on acpi0\nacpi_hpet0: \u003cHigh Precision Event Timer\u003e iomem 0xfed00000-0xfed003ff on acpi0\nTimecounter \"HPET\" frequency 14318180 Hz quality 900\nuart0: \u003c16550 or compatible\u003e port 0x3f8-0x3ff irq 4 flags 0x10 on acpi0\nuart0: [FILTER]\nichwd0: \u003cIntel ICH7 watchdog timer\u003e on isa0\nichwd0: Intel ICH7 watchdog timer (ICH7 or equivalent)\nsc0: \u003cSystem console\u003e at flags 0x100 on isa0\nsc0: VGA \u003c16 virtual consoles, flags=0x300\u003e\nvga0: \u003cGeneric ISA VGA\u003e at port 0x3c0-0x3df iomem 0xa0000-0xbffff on isa0\natkbdc0: \u003cKeyboard controller (i8042)\u003e at port 0x60,0x64 on isa0\nuart1: \u003c16550 or compatible\u003e at port 0x2f8-0x2ff irq 3 on isa0\nuart1: [FILTER]\nest: CPU supports Enhanced Speedstep, but is not recognized.\nest: cpu_vendor GenuineIntel, msr 6160f2506000925\ndevice_attach: est0 attach returned 6\nest: cpu_vendor GenuineIntel, msr 6160f2506000925\nada0 at mvsch0 bus 0 scbus0 target 0 lun 0\nada0: \u003cSAMSUNG HD103UJ 1AA01118\u003e ATA-7 SATA 2.x device\nada0: 300.000MB/s transfers (SATA 2.x, UDMA6, PIO 8192bytes)\nacd0: DVDROM \u003cLG DVD-ROM DRD-8160B/1.01\u003e at ata0-master UDMA33 \nada0: Command Queueing enabled\nada0: 953869MB (1953525168 512 byte sectors: 16H 63S/T 16383C)\nada1 at mvsch1 bus 0 scbus1 target 0 lun 0\nada1: \u003cSAMSUNG HD103UJ 1AA01113\u003e ATA-7 SATA 2.x device\nada1: 300.000MB/s transfers (SATA 2.x, UDMA6, PIO 8192bytes)\nada1: Command Queueing enabled\nada1: 953869MB (1953525168 512 byte sectors: 16H 63S/T 16383C)\nada2 at mvsch2 bus 0 scbus2 target 0 lun 0\nada2: \u003cWDC WD5000ABYS-01TNA0 12.01C01\u003e ATA-7 SATA 2.x device\nada2: 300.000MB/s transfers (SATA 2.x, UDMA6, PIO 8192bytes)\nada2: Command Queueing enabled\nada2: 476940MB (976773168 512 byte sectors: 16H 63S/T 16383C)\nad4: 476940MB \u003cSeagate ST3500320AS SD1A\u003e at ata2-master UDMA100 SATA\nada3 at mvsch3 bus 0 scbus3 target 0 lun 0\nada3: \u003cST3500320AS SD1A\u003e ATA-8 SATA 2.x device\nada3: 300.000MB/s transfers (SATA 2.x, UDMA6, PIO 8192bytes)\nada3: Command Queueing enabled\nada3: 476940MB (976773168 512 byte sectors: 16H 63S/T 16383C)\nad5: 476940MB \u003cSeagate ST3500630NS 3.AEG\u003e at ata2-slave UDMA100 SATA\nad6: 476940MB \u003cSeagate ST3500320AS SD1A\u003e at ata3-master UDMA100 SATA\nad7: 476940MB \u003cSeagate ST3500320AS SD1A\u003e at ata3-slave UDMA100 SATA\nhdac0: HDA Codec #0: VIA VT1708S_4\nhdac0: HDA Codec #2: Intel G45 HDMI\nhdac0: No jack detection support at pin 29\npcm0: \u003cHDA VIA VT1708S_4 PCM #0 Analog\u003e at cad 0 nid 1 on hdac0\npcm1: \u003cHDA Intel G45 HDMI PCM #0 HDMI\u003e at cad 2 nid 1 on hdac0\nSMP: AP CPU #1 Launched!\nRoot mount waiting for: usbus4\nRoot mount waiting for: usbus4\nRoot mount waiting for: usbus4\nRoot mount waiting for: usbus4\nugen0.2: \u003cCherry GmbH\u003e at usbus0\nukbd0: \u003cCherry GmbH product 0x0001, class 0/0, rev 2.00/0.26, addr 2\u003e on usbus0\nkbd2 at ukbd0\nRoot mount waiting for: usbus4\nTrying to mount root from zfs:zroot\nROOT MOUNT ERROR: \nIf you have invalid mount options, reboot, and first try the following from\nthe loader prompt:\n\n     set vfs.root.mountfrom.options=rw\n\nand then remove invalid mount options from /etc/fstab.\n\nLoader variables:\nvfs.root.mountfrom=zfs:zroot\nvfs.root.mountfrom.options=\n\nManual root filesystem specification:\n  \u003cfstype\u003e:\u003cdevice\u003e  Mount \u003cdevice\u003e using filesystem \u003cfstype\u003e\n                       eg. ufs:/dev/da0s1a\n                       eg. cd9660:/dev/acd0\n                       This is equivalent to: mount -t cd9660 /dev/acd0 /\n\n  ?                  List valid disk boot devices\n  \u003cempty line\u003e       Abort manual input\n\nmountroot\u003e zfsw\\^H \\^H:zroot\nGEOM_ELI: Device gpt/bkoolad6.eli created.\nGEOM_ELI: Device gpt/bkoolad5.eli created.\nGEOM_ELI: Device gpt/bkoolad7.eli created.\nGEOM_ELI: Device gpt/bkoolad4.eli created.\nGEOM_ELI: Encryption: AES-XTS 128\nGEOM_ELI:     Crypto: software\nGEOM_ELI: Device gpt/bkoolad4.eli destroyed.\nGEOM_ELI: Device gpt/bkoolad4.eli created.\nGEOM_ELI: Encryption: AES-XTS 128\nGEOM_ELI:     Crypto: software\n\nOh, BTW, the bug is gone, I no longer have to type \"zfs:zroot\" here,\neven when it says \"Trying to mount root from zfs:zroot\" and\nvfs.root.mountfrom=zfs:zroot."
}