{
 "id": 705287,
 "bug_id": 176591,
 "attachment_id": 0,
 "creation_time": "2013-03-01T18:50:00Z",
 "creator": "amesbury@oitsec.umn.edu",
 "text": "On a vanilla installation of 9.1-RELEASE (straight from memstick), the system panics during a reboot when the ipmi kernel module is loaded.  The system behaves normally when the ipmi kernel module is not loaded.\n\nOrdinary crash dumps didn't work, as the ability to write to the RAID on the system in question appeared to go away during the panic.  However, I was able to get the system to save a crash dump to a USB drive.  'kgdb' output is below.  I've also included the output of /var/run/dmesg.boot (also below).\n\nThe panic only seems to occur during reboot.  The system is otherwise stable, and has been subjected to some moderate disk- and memory-intensive loads for testing.  The only reasons the panic at reboot bugs me are a) it causes at least some of the filesystems to be uncleanly unmounted, and b) it shouldn't happen.  :-\\\n\nThe hardware is a Dell PowerEdge R720, nothing terribly exotic.  I don't think it should make a difference, but I disabled the \"lifecycle controller\" stuff in BIOS.  Again, I've exercised the host; it seems to be OK.\n\nI looked the PR database over and didn't see any bugs similar to this one.  I've also spent a bit of time with Google, and it looks like this is something not many people have yet encountered.  I don't know if that's because GENERIC doesn't include ipmi.ko and so people generally aren't encountering it, if my hardware is strange, some combination of the two, or something else entirely.\n\nThe crashdump compressed to about 26MB, which is a bit large to include here.  Please let me know if having access to it will help, and I'll try to make it available.  Also, let me know if you need additional information, or need me to try something else.\n\nThanks in advance.\n\n\n\n\n\n\n\n#######################################  kgdb  OUTPUT STARTS\n\nroot@setup3:/boot/kernel # pwd\n/boot/kernel\nroot@setup3:/boot/kernel # kgdb kernel /var/crash/vmcore.0\nGNU gdb 6.1.1 [FreeBSD]\nCopyright 2004 Free Software Foundation, Inc.\nGDB is free software, covered by the GNU General Public License, and you are\nwelcome to change it and/or distribute copies of it under certain conditions.\nType \"show copying\" to see the conditions.\nThere is absolutely no warranty for GDB.  Type \"show warranty\" for details.\nThis GDB was configured as \"amd64-marcel-freebsd\"...\n\nUnread portion of the kernel message buffer:\n\u003c118\u003eMar  1 11:35:49 setup3 syslogd: exiting on signal 15\nWaiting (max 60 seconds) for system process `vnlru' to stop...done\nWaiting (max 60 seconds) for system process `bufdaemon' to stop...done\n\nWaiting (max 60 seconds) for system process `syncer' to stop...Syncing disks, vnodes remaining...3 Sleeping thread (tid 100175, pid 17) owns a non-sleepable lock\nKDB: stack backtrace of thread 100175:\n#0 0xffffffff808f2d46 at mi_switch+0x186\n#1 0xffffffff8092bb52 at sleepq_wait+0x42\n#2 0xffffffff808f34d6 at _sleep+0x376\n#3 0xffffffff81524227 at ipmi_submit_driver_request+0x97\n#4 0xffffffff815249df at ipmi_set_watchdog+0xaf\n#5 0xffffffff81524c8f at ipmi_wd_event+0x8f\n#6 0xffffffff807bba7f at kern_do_pat+0x9f\n#7 0xffffffff80983d17 at sched_sync+0x1e7\n#8 0xffffffff808bb9ef at fork_exit+0x11f\n#9 0xffffffff80bc368e at fork_trampoline+0xe\npanic: sleeping thread\ncpuid = 5\nKDB: stack backtrace:\n#0 0xffffffff809208a6 at kdb_backtrace+0x66\n#1 0xffffffff808ea8be at panic+0x1ce\n#2 0xffffffff8092ed22 at propagate_priority+0x1d2\n#3 0xffffffff8092fa4e at turnstile_wait+0x1be\n#4 0xffffffff808d8d48 at _mtx_lock_sleep+0xd8\n#5 0xffffffff8097d543 at vn_syncer_add_to_worklist+0x143\n#6 0xffffffff80981654 at reassignbuf+0xe4\n#7 0xffffffff80965d52 at bdirty+0x42\n#8 0xffffffff80969dc2 at bdwrite+0x52\n#9 0xffffffff80af44d9 at ffs_freefile+0x269\n#10 0xffffffff80b09041 at handle_workitem_freefile+0x101\n#11 0xffffffff80b094d7 at process_worklist_item+0x377\n#12 0xffffffff80b0d206 at softdep_process_worklist+0x96\n#13 0xffffffff80b0f817 at softdep_flush+0x197\n#14 0xffffffff808bb9ef at fork_exit+0x11f\n#15 0xffffffff80bc368e at fork_trampoline+0xe\nUptime: 1m27s\nDumping 2568 out of 65471 MB:..1%..11%..21%..31%..41%..51%..61%..71%..81%..91%\n\nReading symbols from /boot/kernel/ipmi.ko...Reading symbols from /boot/kernel/ipmi.ko.symbols...done.\ndone.\nLoaded symbols for /boot/kernel/ipmi.ko\nReading symbols from /boot/kernel/smbus.ko...Reading symbols from /boot/kernel/smbus.ko.symbols...done.\ndone.\nLoaded symbols for /boot/kernel/smbus.ko\n#0  doadump (textdump=Variable \"textdump\" is not available.\n) at pcpu.h:224\n224     pcpu.h: No such file or directory.\n        in pcpu.h\n(kgdb) bt\n#0  doadump (textdump=Variable \"textdump\" is not available.\n) at pcpu.h:224\n#1  0xffffffff808ea3a1 in kern_reboot (howto=260) at /usr/src/sys/kern/kern_shutdown.c:448\n#2  0xffffffff808ea897 in panic (fmt=0x1 \u003cAddress 0x1 out of bounds\u003e) at /usr/src/sys/kern/kern_shutdown.c:636\n#3  0xffffffff8092ed22 in propagate_priority (td=Variable \"td\" is not available.\n) at /usr/src/sys/kern/subr_turnstile.c:227\n#4  0xffffffff8092fa4e in turnstile_wait (ts=Variable \"ts\" is not available.\n) at /usr/src/sys/kern/subr_turnstile.c:743\n#5  0xffffffff808d8d48 in _mtx_lock_sleep (m=0xffffffff812779e0, tid=18446741875159861472, opts=Variable \"opts\" is not available.\n) at /usr/src/sys/kern/kern_mutex.c:471\n#6  0xffffffff8097d543 in vn_syncer_add_to_worklist (bo=0xfffffe00250c2120, delay=28) at /usr/src/sys/kern/vfs_subr.c:1689\n#7  0xffffffff80981654 in reassignbuf (bp=0xffffff8f829f6cc0) at /usr/src/sys/kern/vfs_subr.c:2023\n#8  0xffffffff80965d52 in bdirty (bp=Variable \"bp\" is not available.\n) at /usr/src/sys/kern/vfs_bio.c:1139\n#9  0xffffffff80969dc2 in bdwrite (bp=0xffffff8f829f6cc0) at /usr/src/sys/kern/vfs_bio.c:1059\n#10 0xffffffff80af44d9 in ffs_freefile (ump=Variable \"ump\" is not available.\n) at /usr/src/sys/ufs/ffs/ffs_alloc.c:2224\n#11 0xffffffff80b09041 in handle_workitem_freefile (freefile=0xfffffe00255c9c00) at /usr/src/sys/ufs/ffs/ffs_softdep.c:9435\n#12 0xffffffff80b094d7 in process_worklist_item (mp=0xfffffe00250c0c60, target=10, flags=512) at /usr/src/sys/ufs/ffs/ffs_softdep.c:1745\n#13 0xffffffff80b0d206 in softdep_process_worklist (mp=0xfffffe00250c0c60, full=0) at /usr/src/sys/ufs/ffs/ffs_softdep.c:1517\n#14 0xffffffff80b0f817 in softdep_flush () at /usr/src/sys/ufs/ffs/ffs_softdep.c:1373\n#15 0xffffffff808bb9ef in fork_exit (callout=0xffffffff80b0f680 \u003csoftdep_flush\u003e, arg=0x0, frame=0xffffff9180cf3b00)\n    at /usr/src/sys/kern/kern_fork.c:992\n#16 0xffffffff80bc368e in fork_trampoline () at /usr/src/sys/amd64/amd64/exception.S:602\n#17 0x0000000000000000 in ?? ()\n#18 0x0000000000000000 in ?? ()\n#19 0x0000000000000001 in ?? ()\n#20 0x0000000000000000 in ?? ()\n#21 0x0000000000000000 in ?? ()\n#22 0x0000000000000000 in ?? ()\n#23 0x0000000000000000 in ?? ()\n#24 0x0000000000000000 in ?? ()\n#25 0x0000000000000000 in ?? ()\n#26 0x0000000000000000 in ?? ()\n#27 0x0000000000000000 in ?? ()\n#28 0x0000000000000000 in ?? ()\n#29 0x0000000000000000 in ?? ()\n#30 0x0000000000000000 in ?? ()\n#31 0x0000000000000000 in ?? ()\n#32 0x0000000000000000 in ?? ()\n#33 0x0000000000000000 in ?? ()\n#34 0x0000000000000000 in ?? ()\n#35 0x0000000000000000 in ?? ()\n#36 0x0000000000000000 in ?? ()\n#37 0x0000000000000000 in ?? ()\n#38 0x0000000000000000 in ?? ()\n#39 0x0000000000000000 in ?? ()\n#40 0x0000000000000000 in ?? ()\n#41 0x0000000000000005 in ?? ()\n#42 0xffffffff81244180 in tdq_cpu ()\n#43 0xfffffe001c3a08e0 in ?? ()\n#44 0x0000000000000000 in ?? ()\n#45 0xffffff9180cf3950 in ?? ()\n#46 0xffffff9180cf38f8 in ?? ()\n#47 0xfffffe0019ca18e0 in ?? ()\n#48 0xffffffff8091352e in sched_switch (td=0xffffffff812228a0, newtd=0x0, flags=Variable \"flags\" is not available.\n) at /usr/src/sys/kern/sched_ule.c:1921\nPrevious frame inner to this frame (corrupt stack?)\n(kgdb)\n\n\n\n\n\n#######################################  /var/run/dmesg.boot  STARTS\n\nCopyright (c) 1992-2012 The FreeBSD Project.\nCopyright (c) 1979, 1980, 1983, 1986, 1988, 1989, 1991, 1992, 1993, 1994\n        The Regents of the University of California. All rights reserved.\nFreeBSD is a registered trademark of The FreeBSD Foundation.\nFreeBSD 9.1-RELEASE #0 r243825: Tue Dec  4 09:23:10 UTC 2012\n    root@farrell.cse.buffalo.edu:/usr/obj/usr/src/sys/GENERIC amd64\nCPU: Intel(R) Xeon(R) CPU E5-2650L 0 @ 1.80GHz (1800.04-MHz K8-class CPU)\n  Origin = \"GenuineIntel\"  Id = 0x206d7  Family = 6  Model = 2d  Stepping = 7\n  Features=0xbfebfbff\u003cFPU,VME,DE,PSE,TSC,MSR,PAE,MCE,CX8,APIC,SEP,MTRR,PGE,MCA,CMOV,PAT,PSE36,CLFLUSH,DTS,ACPI,MMX,FXSR,SSE,SSE2,SS,HTT,TM,PBE\u003e\n  Features2=0x1fbee3ff\u003cSSE3,PCLMULQDQ,DTES64,MON,DS_CPL,VMX,SMX,EST,TM2,SSSE3,CX16,xTPR,PDCM,PCID,DCA,SSE4.1,SSE4.2,x2APIC,POPCNT,TSCDLT,AESNI,XSAVE,OSXSAVE,AVX\u003e\n  AMD Features=0x2c100800\u003cSYSCALL,NX,Page1GB,RDTSCP,LM\u003e\n  AMD Features2=0x1\u003cLAHF\u003e\n  TSC: P-state invariant, performance statistics\nreal memory  = 68719476736 (65536 MB)\navail memory = 66202648576 (63135 MB)\nEvent timer \"LAPIC\" quality 600\nACPI APIC Table: \u003cDELL   PE_SC3  \u003e\nFreeBSD/SMP: Multiprocessor System Detected: 32 CPUs\nFreeBSD/SMP: 2 package(s) x 8 core(s) x 2 SMT threads\n cpu0 (BSP): APIC ID:  0\n cpu1 (AP): APIC ID:  1\n cpu2 (AP): APIC ID:  2\n cpu3 (AP): APIC ID:  3\n cpu4 (AP): APIC ID:  4\n cpu5 (AP): APIC ID:  5\n cpu6 (AP): APIC ID:  6\n cpu7 (AP): APIC ID:  7\n cpu8 (AP): APIC ID:  8\n cpu9 (AP): APIC ID:  9\n cpu10 (AP): APIC ID: 10\n cpu11 (AP): APIC ID: 11\n cpu12 (AP): APIC ID: 12\n cpu13 (AP): APIC ID: 13\n cpu14 (AP): APIC ID: 14\n cpu15 (AP): APIC ID: 15\n cpu16 (AP): APIC ID: 32\n cpu17 (AP): APIC ID: 33\n cpu18 (AP): APIC ID: 34\n cpu19 (AP): APIC ID: 35\n cpu20 (AP): APIC ID: 36\n cpu21 (AP): APIC ID: 37\n cpu22 (AP): APIC ID: 38\n cpu23 (AP): APIC ID: 39\n cpu24 (AP): APIC ID: 40\n cpu25 (AP): APIC ID: 41\n cpu26 (AP): APIC ID: 42\n cpu27 (AP): APIC ID: 43\n cpu28 (AP): APIC ID: 44\n cpu29 (AP): APIC ID: 45\n cpu30 (AP): APIC ID: 46\n cpu31 (AP): APIC ID: 47\nioapic1: Changing APIC ID to 1\nioapic2: Changing APIC ID to 2\nioapic0 \u003cVersion 2.0\u003e irqs 0-23 on motherboard\nioapic1 \u003cVersion 2.0\u003e irqs 32-55 on motherboard\nioapic2 \u003cVersion 2.0\u003e irqs 64-87 on motherboard\nkbd1 at kbdmux0\nctl: CAM Target Layer loaded\nacpi0: \u003cDELL PE_SC3\u003e on motherboard\nacpi0: Power Button (fixed)\nipmi0: KCS mode found at io 0xca8 on acpi\ncpu0: \u003cACPI CPU\u003e on acpi0\ncpu1: \u003cACPI CPU\u003e on acpi0\ncpu2: \u003cACPI CPU\u003e on acpi0\ncpu3: \u003cACPI CPU\u003e on acpi0\ncpu4: \u003cACPI CPU\u003e on acpi0\ncpu5: \u003cACPI CPU\u003e on acpi0\ncpu6: \u003cACPI CPU\u003e on acpi0\ncpu7: \u003cACPI CPU\u003e on acpi0\ncpu8: \u003cACPI CPU\u003e on acpi0\ncpu9: \u003cACPI CPU\u003e on acpi0\ncpu10: \u003cACPI CPU\u003e on acpi0\ncpu11: \u003cACPI CPU\u003e on acpi0\ncpu12: \u003cACPI CPU\u003e on acpi0\ncpu13: \u003cACPI CPU\u003e on acpi0\ncpu14: \u003cACPI CPU\u003e on acpi0\ncpu15: \u003cACPI CPU\u003e on acpi0\ncpu16: \u003cACPI CPU\u003e on acpi0\ncpu17: \u003cACPI CPU\u003e on acpi0\ncpu18: \u003cACPI CPU\u003e on acpi0\ncpu19: \u003cACPI CPU\u003e on acpi0\ncpu20: \u003cACPI CPU\u003e on acpi0\ncpu21: \u003cACPI CPU\u003e on acpi0\ncpu22: \u003cACPI CPU\u003e on acpi0\ncpu23: \u003cACPI CPU\u003e on acpi0\ncpu24: \u003cACPI CPU\u003e on acpi0\ncpu25: \u003cACPI CPU\u003e on acpi0\ncpu26: \u003cACPI CPU\u003e on acpi0\ncpu27: \u003cACPI CPU\u003e on acpi0\ncpu28: \u003cACPI CPU\u003e on acpi0\ncpu29: \u003cACPI CPU\u003e on acpi0\ncpu30: \u003cACPI CPU\u003e on acpi0\ncpu31: \u003cACPI CPU\u003e on acpi0\natrtc0: \u003cAT realtime clock\u003e port 0x70-0x7f irq 8 on acpi0\nEvent timer \"RTC\" frequency 32768 Hz quality 0\nattimer0: \u003cAT timer\u003e port 0x40-0x5f irq 0 on acpi0\nTimecounter \"i8254\" frequency 1193182 Hz quality 0\nEvent timer \"i8254\" frequency 1193182 Hz quality 100\nhpet0: \u003cHigh Precision Event Timer\u003e iomem 0xfed00000-0xfed003ff on acpi0\nTimecounter \"HPET\" frequency 14318180 Hz quality 950\nEvent timer \"HPET\" frequency 14318180 Hz quality 450\nEvent timer \"HPET1\" frequency 14318180 Hz quality 440\nEvent timer \"HPET2\" frequency 14318180 Hz quality 440\nEvent timer \"HPET3\" frequency 14318180 Hz quality 440\nEvent timer \"HPET4\" frequency 14318180 Hz quality 440\nEvent timer \"HPET5\" frequency 14318180 Hz quality 440\nEvent timer \"HPET6\" frequency 14318180 Hz quality 440\nEvent timer \"HPET7\" frequency 14318180 Hz quality 440\nTimecounter \"ACPI-fast\" frequency 3579545 Hz quality 900\nacpi_timer0: \u003c24-bit timer at 3.579545MHz\u003e port 0x808-0x80b on acpi0\npcib0: \u003cACPI Host-PCI bridge\u003e port 0xcf8-0xcff on acpi0\npci0: \u003cACPI PCI bus\u003e on pcib0\npcib1: \u003cACPI PCI-PCI bridge\u003e irq 53 at device 1.0 on pci0\npci1: \u003cACPI PCI bus\u003e on pcib1\nigb0: \u003cIntel(R) PRO/1000 Network Connection version - 2.3.4\u003e port 0xfc80-0xfc9f mem 0xdcb00000-0xdcbfffff,0xdcff0000-0xdcff3fff irq 38 at device 0.0 on pci1\nigb0: Using MSIX interrupts with 9 vectors\nigb0: Ethernet address: bc:30:5b:ed:f2:8c\nigb0: Bound queue 0 to cpu 0\nigb0: Bound queue 1 to cpu 1\nigb0: Bound queue 2 to cpu 2\nigb0: Bound queue 3 to cpu 3\nigb0: Bound queue 4 to cpu 4\nigb0: Bound queue 5 to cpu 5\nigb0: Bound queue 6 to cpu 6\nigb0: Bound queue 7 to cpu 7\nigb1: \u003cIntel(R) PRO/1000 Network Connection version - 2.3.4\u003e port 0xfca0-0xfcbf mem 0xdcc00000-0xdccfffff,0xdcff4000-0xdcff7fff irq 37 at device 0.1 on pci1\nigb1: Using MSIX interrupts with 9 vectors\nigb1: Ethernet address: bc:30:5b:ed:f2:8d\nigb1: Bound queue 0 to cpu 8\nigb1: Bound queue 1 to cpu 9\nigb1: Bound queue 2 to cpu 10\nigb1: Bound queue 3 to cpu 11\nigb1: Bound queue 4 to cpu 12\nigb1: Bound queue 5 to cpu 13\nigb1: Bound queue 6 to cpu 14\nigb1: Bound queue 7 to cpu 15\nigb2: \u003cIntel(R) PRO/1000 Network Connection version - 2.3.4\u003e port 0xfcc0-0xfcdf mem 0xdcd00000-0xdcdfffff,0xdcff8000-0xdcffbfff irq 36 at device 0.2 on pci1\nigb2: Using MSIX interrupts with 9 vectors\nigb2: Ethernet address: bc:30:5b:ed:f2:8e\nigb2: Bound queue 0 to cpu 16\nigb2: Bound queue 1 to cpu 17\nigb2: Bound queue 2 to cpu 18\nigb2: Bound queue 3 to cpu 19\nigb2: Bound queue 4 to cpu 20\nigb2: Bound queue 5 to cpu 21\nigb2: Bound queue 6 to cpu 22\nigb2: Bound queue 7 to cpu 23\nigb3: \u003cIntel(R) PRO/1000 Network Connection version - 2.3.4\u003e port 0xfce0-0xfcff mem 0xdce00000-0xdcefffff,0xdcffc000-0xdcffffff irq 34 at device 0.3 on pci1\nigb3: Using MSIX interrupts with 9 vectors\nigb3: Ethernet address: bc:30:5b:ed:f2:8f\nigb3: Bound queue 0 to cpu 24\nigb3: Bound queue 1 to cpu 25\nigb3: Bound queue 2 to cpu 26\nigb3: Bound queue 3 to cpu 27\nigb3: Bound queue 4 to cpu 28\nigb3: Bound queue 5 to cpu 29\nigb3: Bound queue 6 to cpu 30\nigb3: Bound queue 7 to cpu 31\npcib2: \u003cACPI PCI-PCI bridge\u003e irq 53 at device 2.0 on pci0\npci3: \u003cACPI PCI bus\u003e on pcib2\npcib3: \u003cACPI PCI-PCI bridge\u003e irq 53 at device 2.2 on pci0\npci2: \u003cACPI PCI bus\u003e on pcib3\nmfi0: \u003cDell PERC H710 Mini (monolithics)\u003e port 0xec00-0xecff mem 0xddffc000-0xddffffff,0xddf80000-0xddfbffff irq 42 at device 0.0 on pci2\nmfi0: Using MSI\nmfi0: Megaraid SAS driver Ver 4.23 \nmfi0: MaxCmd = 3f0 MaxSgl = 46 state = b73c03f0 \npcib4: \u003cACPI PCI-PCI bridge\u003e irq 53 at device 3.0 on pci0\npci4: \u003cACPI PCI bus\u003e on pcib4\npci0: \u003cbase peripheral\u003e at device 5.0 (no driver attached)\npci0: \u003cbase peripheral\u003e at device 5.2 (no driver attached)\npcib5: \u003cPCI-PCI bridge\u003e irq 16 at device 17.0 on pci0\npci5: \u003cPCI bus\u003e on pcib5\npci0: \u003csimple comms\u003e at device 22.0 (no driver attached)\npci0: \u003csimple comms\u003e at device 22.1 (no driver attached)\nehci0: \u003cEHCI (generic) USB 2.0 controller\u003e mem 0xdf8fd000-0xdf8fd3ff irq 23 at device 26.0 on pci0\nusbus0: EHCI version 1.0\nusbus0 on ehci0\npcib6: \u003cPCI-PCI bridge\u003e at device 28.0 on pci0\npci6: \u003cPCI bus\u003e on pcib6\npcib7: \u003cACPI PCI-PCI bridge\u003e irq 19 at device 28.7 on pci0\npci7: \u003cACPI PCI bus\u003e on pcib7\npcib8: \u003cPCI-PCI bridge\u003e at device 0.0 on pci7\npci8: \u003cPCI bus\u003e on pcib8\npcib9: \u003cPCI-PCI bridge\u003e at device 0.0 on pci8\npci9: \u003cPCI bus\u003e on pcib9\npcib10: \u003cPCI-PCI bridge\u003e at device 0.0 on pci9\npci10: \u003cPCI bus\u003e on pcib10\nvgapci0: \u003cVGA-compatible display\u003e mem 0xd8000000-0xd8ffffff,0xdeffc000-0xdeffffff,0xde000000-0xde7fffff irq 19 at device 0.0 on pci10\npcib11: \u003cPCI-PCI bridge\u003e at device 1.0 on pci8\npci11: \u003cPCI bus\u003e on pcib11\nehci1: \u003cEHCI (generic) USB 2.0 controller\u003e mem 0xdf8fe000-0xdf8fe3ff irq 22 at device 29.0 on pci0\nusbus1: EHCI version 1.0\nusbus1 on ehci1\npcib12: \u003cPCI-PCI bridge\u003e at device 30.0 on pci0\npci12: \u003cPCI bus\u003e on pcib12\nisab0: \u003cPCI-ISA bridge\u003e at device 31.0 on pci0\nisa0: \u003cISA bus\u003e on isab0\nahci0: \u003cIntel Patsburg AHCI SATA controller\u003e port 0xdce8-0xdcef,0xdcf8-0xdcfb,0xdcf0-0xdcf7,0xdcfc-0xdcff,0xdcc0-0xdcdf mem 0xdf8ff000-0xdf8ff7ff irq 20 at device 31.2 on pci0\nahci0: AHCI v1.30 with 6 3Gbps ports, Port Multiplier not supported\nahcich0: \u003cAHCI channel\u003e at channel 0 on ahci0\nahcich1: \u003cAHCI channel\u003e at channel 1 on ahci0\nahcich2: \u003cAHCI channel\u003e at channel 2 on ahci0\nahcich3: \u003cAHCI channel\u003e at channel 3 on ahci0\nahcich4: \u003cAHCI channel\u003e at channel 4 on ahci0\nahcich5: \u003cAHCI channel\u003e at channel 5 on ahci0\npcib13: \u003cACPI Host-PCI bridge\u003e on acpi0\npci64: \u003cACPI PCI bus\u003e on pcib13\npcib14: \u003cACPI PCI-PCI bridge\u003e irq 85 at device 1.0 on pci64\npci65: \u003cACPI PCI bus\u003e on pcib14\npcib15: \u003cACPI PCI-PCI bridge\u003e irq 85 at device 2.0 on pci64\npci66: \u003cACPI PCI bus\u003e on pcib15\npcib16: \u003cACPI PCI-PCI bridge\u003e irq 85 at device 3.0 on pci64\npci67: \u003cACPI PCI bus\u003e on pcib16\npcib17: \u003cACPI PCI-PCI bridge\u003e irq 85 at device 3.2 on pci64\npci68: \u003cACPI PCI bus\u003e on pcib17\npci64: \u003cbase peripheral\u003e at device 5.0 (no driver attached)\npci64: \u003cbase peripheral\u003e at device 5.2 (no driver attached)\npcib18: \u003cACPI Host-PCI bridge\u003e on acpi0\npci63: \u003cACPI PCI bus\u003e on pcib18\npci63: \u003cbase peripheral\u003e at device 8.0 (no driver attached)\npci63: \u003cbase peripheral\u003e at device 9.0 (no driver attached)\npci63: \u003cbase peripheral\u003e at device 10.0 (no driver attached)\npci63: \u003cbase peripheral\u003e at device 10.1 (no driver attached)\npci63: \u003cbase peripheral\u003e at device 10.2 (no driver attached)\npci63: \u003cbase peripheral\u003e at device 10.3 (no driver attached)\npci63: \u003cbase peripheral\u003e at device 11.0 (no driver attached)\npci63: \u003cbase peripheral\u003e at device 11.3 (no driver attached)\npci63: \u003cbase peripheral\u003e at device 12.0 (no driver attached)\npci63: \u003cbase peripheral\u003e at device 12.1 (no driver attached)\npci63: \u003cbase peripheral\u003e at device 12.2 (no driver attached)\npci63: \u003cbase peripheral\u003e at device 12.3 (no driver attached)\npci63: \u003cbase peripheral\u003e at device 12.6 (no driver attached)\npci63: \u003cbase peripheral\u003e at device 12.7 (no driver attached)\npci63: \u003cbase peripheral\u003e at device 13.0 (no driver attached)\npci63: \u003cbase peripheral\u003e at device 13.1 (no driver attached)\npci63: \u003cbase peripheral\u003e at device 13.2 (no driver attached)\npci63: \u003cbase peripheral\u003e at device 13.3 (no driver attached)\npci63: \u003cbase peripheral\u003e at device 13.6 (no driver attached)\npci63: \u003cbase peripheral\u003e at device 14.0 (no driver attached)\npci63: \u003cdasp\u003e at device 14.1 (no driver attached)\npci63: \u003cbase peripheral\u003e at device 15.0 (no driver attached)\npci63: \u003cbase peripheral\u003e at device 15.1 (no driver attached)\npci63: \u003cbase peripheral\u003e at device 15.2 (no driver attached)\npci63: \u003cbase peripheral\u003e at device 15.3 (no driver attached)\npci63: \u003cbase peripheral\u003e at device 15.4 (no driver attached)\npci63: \u003cbase peripheral\u003e at device 15.5 (no driver attached)\npci63: \u003cbase peripheral\u003e at device 15.6 (no driver attached)\npci63: \u003cbase peripheral\u003e at device 16.0 (no driver attached)\npci63: \u003cbase peripheral\u003e at device 16.1 (no driver attached)\npci63: \u003cbase peripheral\u003e at device 16.2 (no driver attached)\npci63: \u003cbase peripheral\u003e at device 16.3 (no driver attached)\npci63: \u003cbase peripheral\u003e at device 16.4 (no driver attached)\npci63: \u003cbase peripheral\u003e at device 16.5 (no driver attached)\npci63: \u003cbase peripheral\u003e at device 16.6 (no driver attached)\npci63: \u003cbase peripheral\u003e at device 16.7 (no driver attached)\npci63: \u003cbase peripheral\u003e at device 17.0 (no driver attached)\npci63: \u003cbase peripheral\u003e at device 19.0 (no driver attached)\npci63: \u003cdasp\u003e at device 19.1 (no driver attached)\npci63: \u003cdasp\u003e at device 19.4 (no driver attached)\npci63: \u003cdasp\u003e at device 19.5 (no driver attached)\npci63: \u003cbase peripheral\u003e at device 19.6 (no driver attached)\npcib19: \u003cACPI Host-PCI bridge\u003e on acpi0\npci127: \u003cACPI PCI bus\u003e on pcib19\npci127: \u003cbase peripheral\u003e at device 8.0 (no driver attached)\npci127: \u003cbase peripheral\u003e at device 9.0 (no driver attached)\npci127: \u003cbase peripheral\u003e at device 10.0 (no driver attached)\npci127: \u003cbase peripheral\u003e at device 10.1 (no driver attached)\npci127: \u003cbase peripheral\u003e at device 10.2 (no driver attached)\npci127: \u003cbase peripheral\u003e at device 10.3 (no driver attached)\npci127: \u003cbase peripheral\u003e at device 11.0 (no driver attached)\npci127: \u003cbase peripheral\u003e at device 11.3 (no driver attached)\npci127: \u003cbase peripheral\u003e at device 12.0 (no driver attached)\npci127: \u003cbase peripheral\u003e at device 12.1 (no driver attached)\npci127: \u003cbase peripheral\u003e at device 12.2 (no driver attached)\npci127: \u003cbase peripheral\u003e at device 12.3 (no driver attached)\npci127: \u003cbase peripheral\u003e at device 12.6 (no driver attached)\npci127: \u003cbase peripheral\u003e at device 12.7 (no driver attached)\npci127: \u003cbase peripheral\u003e at device 13.0 (no driver attached)\npci127: \u003cbase peripheral\u003e at device 13.1 (no driver attached)\npci127: \u003cbase peripheral\u003e at device 13.2 (no driver attached)\npci127: \u003cbase peripheral\u003e at device 13.3 (no driver attached)\npci127: \u003cbase peripheral\u003e at device 13.6 (no driver attached)\npci127: \u003cbase peripheral\u003e at device 14.0 (no driver attached)\npci127: \u003cdasp\u003e at device 14.1 (no driver attached)\npci127: \u003cbase peripheral\u003e at device 15.0 (no driver attached)\npci127: \u003cbase peripheral\u003e at device 15.1 (no driver attached)\npci127: \u003cbase peripheral\u003e at device 15.2 (no driver attached)\npci127: \u003cbase peripheral\u003e at device 15.3 (no driver attached)\npci127: \u003cbase peripheral\u003e at device 15.4 (no driver attached)\npci127: \u003cbase peripheral\u003e at device 15.5 (no driver attached)\npci127: \u003cbase peripheral\u003e at device 15.6 (no driver attached)\npci127: \u003cbase peripheral\u003e at device 16.0 (no driver attached)\npci127: \u003cbase peripheral\u003e at device 16.1 (no driver attached)\npci127: \u003cbase peripheral\u003e at device 16.2 (no driver attached)\npci127: \u003cbase peripheral\u003e at device 16.3 (no driver attached)\npci127: \u003cbase peripheral\u003e at device 16.4 (no driver attached)\npci127: \u003cbase peripheral\u003e at device 16.5 (no driver attached)\npci127: \u003cbase peripheral\u003e at device 16.6 (no driver attached)\npci127: \u003cbase peripheral\u003e at device 16.7 (no driver attached)\npci127: \u003cbase peripheral\u003e at device 17.0 (no driver attached)\npci127: \u003cbase peripheral\u003e at device 19.0 (no driver attached)\npci127: \u003cdasp\u003e at device 19.1 (no driver attached)\npci127: \u003cdasp\u003e at device 19.4 (no driver attached)\npci127: \u003cdasp\u003e at device 19.5 (no driver attached)\npci127: \u003cbase peripheral\u003e at device 19.6 (no driver attached)\nuart0: \u003c16550 or compatible\u003e port 0x3f8-0x3ff irq 4 flags 0x10 on acpi0\nuart1: \u003c16550 or compatible\u003e port 0x2f8-0x2ff irq 3 on acpi0\nipmi1: \u003cIPMI System Interface\u003e on isa0\ndevice_attach: ipmi1 attach returned 16\nipmi1: \u003cIPMI System Interface\u003e on isa0\ndevice_attach: ipmi1 attach returned 16\norm0: \u003cISA Option ROMs\u003e at iomem 0xc0000-0xc7fff,0xec000-0xeffff on isa0\nsc0: \u003cSystem console\u003e at flags 0x100 on isa0\nsc0: VGA \u003c16 virtual consoles, flags=0x300\u003e\nvga0: \u003cGeneric ISA VGA\u003e at port 0x3c0-0x3df iomem 0xa0000-0xbffff on isa0\nppc0: cannot reserve I/O port range\nAcpiOsExecute: failed to enqueue task, consider increasing the debug.acpi.max_tasks tunable\nAcpiOsExecute: failed to enqueue task, consider increasing the debug.acpi.max_tasks tunable\nest0: \u003cEnhanced SpeedStep Frequency Control\u003e on cpu0\np4tcc0: \u003cCPU Frequency Thermal Control\u003e on cpu0\nest1: \u003cEnhanced SpeedStep Frequency Control\u003e on cpu1\np4tcc1: \u003cCPU Frequency Thermal Control\u003e on cpu1\nest2: \u003cEnhanced SpeedStep Frequency Control\u003e on cpu2\np4tcc2: \u003cCPU Frequency Thermal Control\u003e on cpu2\nest3: \u003cEnhanced SpeedStep Frequency Control\u003e on cpu3\np4tcc3: \u003cCPU Frequency Thermal Control\u003e on cpu3\nest4: \u003cEnhanced SpeedStep Frequency Control\u003e on cpu4\np4tcc4: \u003cCPU Frequency Thermal Control\u003e on cpu4\nest5: \u003cEnhanced SpeedStep Frequency Control\u003e on cpu5\np4tcc5: \u003cCPU Frequency Thermal Control\u003e on cpu5\nest6: \u003cEnhanced SpeedStep Frequency Control\u003e on cpu6\np4tcc6: \u003cCPU Frequency Thermal Control\u003e on cpu6\nest7: \u003cEnhanced SpeedStep Frequency Control\u003e on cpu7\np4tcc7: \u003cCPU Frequency Thermal Control\u003e on cpu7\nest8: \u003cEnhanced SpeedStep Frequency Control\u003e on cpu8\np4tcc8: \u003cCPU Frequency Thermal Control\u003e on cpu8\nest9: \u003cEnhanced SpeedStep Frequency Control\u003e on cpu9\np4tcc9: \u003cCPU Frequency Thermal Control\u003e on cpu9\nest10: \u003cEnhanced SpeedStep Frequency Control\u003e on cpu10\np4tcc10: \u003cCPU Frequency Thermal Control\u003e on cpu10\nest11: \u003cEnhanced SpeedStep Frequency Control\u003e on cpu11\np4tcc11: \u003cCPU Frequency Thermal Control\u003e on cpu11\nest12: \u003cEnhanced SpeedStep Frequency Control\u003e on cpu12\np4tcc12: \u003cCPU Frequency Thermal Control\u003e on cpu12\nest13: \u003cEnhanced SpeedStep Frequency Control\u003e on cpu13\np4tcc13: \u003cCPU Frequency Thermal Control\u003e on cpu13\nest14: \u003cEnhanced SpeedStep Frequency Control\u003e on cpu14\np4tcc14: \u003cCPU Frequency Thermal Control\u003e on cpu14\nest15: \u003cEnhanced SpeedStep Frequency Control\u003e on cpu15\np4tcc15: \u003cCPU Frequency Thermal Control\u003e on cpu15\nest16: \u003cEnhanced SpeedStep Frequency Control\u003e on cpu16\np4tcc16: \u003cCPU Frequency Thermal Control\u003e on cpu16\nest17: \u003cEnhanced SpeedStep Frequency Control\u003e on cpu17\np4tcc17: \u003cCPU Frequency Thermal Control\u003e on cpu17\nest18: \u003cEnhanced SpeedStep Frequency Control\u003e on cpu18\np4tcc18: \u003cCPU Frequency Thermal Control\u003e on cpu18\nest19: \u003cEnhanced SpeedStep Frequency Control\u003e on cpu19\np4tcc19: \u003cCPU Frequency Thermal Control\u003e on cpu19\nest20: \u003cEnhanced SpeedStep Frequency Control\u003e on cpu20\np4tcc20: \u003cCPU Frequency Thermal Control\u003e on cpu20\nest21: \u003cEnhanced SpeedStep Frequency Control\u003e on cpu21\np4tcc21: \u003cCPU Frequency Thermal Control\u003e on cpu21\nest22: \u003cEnhanced SpeedStep Frequency Control\u003e on cpu22\np4tcc22: \u003cCPU Frequency Thermal Control\u003e on cpu22\nest23: \u003cEnhanced SpeedStep Frequency Control\u003e on cpu23\np4tcc23: \u003cCPU Frequency Thermal Control\u003e on cpu23\nest24: \u003cEnhanced SpeedStep Frequency Control\u003e on cpu24\np4tcc24: \u003cCPU Frequency Thermal Control\u003e on cpu24\nest25: \u003cEnhanced SpeedStep Frequency Control\u003e on cpu25\np4tcc25: \u003cCPU Frequency Thermal Control\u003e on cpu25\nest26: \u003cEnhanced SpeedStep Frequency Control\u003e on cpu26\np4tcc26: \u003cCPU Frequency Thermal Control\u003e on cpu26\nest27: \u003cEnhanced SpeedStep Frequency Control\u003e on cpu27\np4tcc27: \u003cCPU Frequency Thermal Control\u003e on cpu27\nest28: \u003cEnhanced SpeedStep Frequency Control\u003e on cpu28\np4tcc28: \u003cCPU Frequency Thermal Control\u003e on cpu28\nest29: \u003cEnhanced SpeedStep Frequency Control\u003e on cpu29\np4tcc29: \u003cCPU Frequency Thermal Control\u003e on cpu29\nest30: \u003cEnhanced SpeedStep Frequency Control\u003e on cpu30\np4tcc30: \u003cCPU Frequency Thermal Control\u003e on cpu30\nest31: \u003cEnhanced SpeedStep Frequency Control\u003e on cpu31\np4tcc31: \u003cCPU Frequency Thermal Control\u003e on cpu31\nTimecounters tick every 1.000 msec\nmfi0: 47795 (415474700s/0x0020/info) - Shutdown command received from host\nmfi0: 47796 (boot + 4s/0x0020/info) - Firmware initialization started (PCI ID 005b/1000/1f38/1028)\nmfi0: 47797 (boot + 4s/0x0020/info) - Firmware version 3.130.05-1462\nmfi0: 47798 (boot + 5s/0x0008/info) - Battery Present\nmfi0: 47799 (boot + 5s/0x0020/info) - Package version 21.0.1-0132\nmfi0: 47800 (boot + 5s/0x0020/info) - Board Revision A01\nmfi0: 47801 (boot + 18s/0x0004/info) - Enclosure PD 20(c None/p1) communication restored\nmfi0: 47802 (boot + 18s/0x0002/info) - Inserted: Encl PD 20\nmfi0: 47803 (boot + 18s/0x0002/info) - Inserted: PD 20(c None/p1) Info: enclPd=20, scsiType=d, portMap=00, sasAddr=5e4ae02096f92700,0000000000000000\nmfi0: 47804 (boot + 18s/0x0002/info) - Inserted: PD 00(e0x20/s0)\nmfi0: 47805 (boot + 18s/0x0002/info) - Inserted: PD 00(e0x20/s0) Info: enclPd=20, scsiType=0, portMap=00, sasAddr=50014ee755563e2e,0000000000000000\nmfi0: 47806 (boot + 18s/0x0002/info) - Inserted: PD 01(e0x20/s1)\nmfi0: 47807 (boot + 18s/0x0002/info) - Inserted: PD 01(e0x20/s1) Info: enclPd=20, scsiType=0, portMap=00, sasAddr=50014ee755563c42,0000000000000000\nmfi0: 47808 (boot + 18s/0x0002/info) - Inserted: PD 02(e0x20/s2)\nmfi0: 47809 (boot + 18s/0x0002/info) - Inserted: PD 02(e0x20/s2) Info: enclPd=20, scsiType=0, portMap=00, sasAddr=50014ee7aaab973e,0000000000000000\nmfi0: 47810 (boot + 18s/0x0002/info) - Inserted: PD 03(e0x20/s3)\nmfi0: 47811 (boot + 18s/0x0002/info) - Inserted: PD 03(e0x20/s3) Info: enclPd=20, scsiType=0, portMap=00, sasAddr=50014ee7aaab968e,0000000000000000\nmfi0: 47812 (boot + 18s/0x0002/info) - Inserted: PD 21(e0x00/s0)\nmfi0: 47813 (boot + 18s/0x0002/info) - Inserted: PD 21(e0x00/s0) Info: enclPd=00, scsiType=7f, portMap=00, sasAddr=500056b37789abfd,0000000000000000\nmfi0: 47814 (415474766s/0x0020/info) - Time established as 03/01/13 17:39:26; (39 seconds since power on)\nmfi0: 47815 (415474797s/0x0008/info) - Battery temperature is normal\nmfi0: 47816 (415474797s/0x0008/info) - Current capacity of the battery is above threshold\nmfi0: 47817 (415474913s/0x0020/info) - Host driver is loaded and operational\nusbus0: 480Mbps High Speed USB v2.0\nusbus1: 480Mbps High Speed USB v2.0\nugen0.1: \u003cIntel\u003e at usbus0\nuhub0: \u003cIntel EHCI root HUB, class 9/0, rev 2.00/1.00, addr 1\u003e on usbus0\nugen1.1: \u003cIntel\u003e at usbus1\nuhub1: \u003cIntel EHCI root HUB, class 9/0, rev 2.00/1.00, addr 1\u003e on usbus1\nipmi0: IPMI device rev. 1, firmware rev. 1.06, version 2.0\nipmi0: Number of channels 6\nipmi0: Attached watchdog\nAcpiOsExecute: failed to enqueue task, consider increasing the debug.acpi.max_tasks tunable\nACPI Error: Method parse/execution failed [\\\\_SB_.PCI0.HEC2.HSCI] (Node 0xfffffe001c080440), AE_NO_MEMORY (20110527/psparse-560)\nACPI Error: Method parse/execution failed [\\\\_GPE._L24] (Node 0xfffffe001c087c80), AE_NO_MEMORY (20110527/psparse-560)\nACPI Exception: AE_NO_MEMORY, while evaluating GPE method [_L24] (20110527/evgpe-606)\nAcpiOsExecute: failed to enqueue task, consider increasing the debug.acpi.max_tasks tunable\nmfid0 on mfi0\nmfid0: 1715328MB (3512991744 sectors) RAID volume 'HOST' is optimal\nuhub0: 2 ports with 2 removable, self powered\nuhub1: 2 ports with 2 removable, self powered\nugen0.2: \u003cvendor 0x8087\u003e at usbus0\nuhub2: \u003cvendor 0x8087 product 0x0024, class 9/0, rev 2.00/0.00, addr 2\u003e on usbus0\nugen1.2: \u003cvendor 0x8087\u003e at usbus1\nuhub3: \u003cvendor 0x8087 product 0x0024, class 9/0, rev 2.00/0.00, addr 2\u003e on usbus1\nuhub2: 6 ports with 6 removable, self powered\nuhub3: 8 ports with 8 removable, self powered\ncd0 at ahcich4 bus 0 scbus4 target 0 lun 0\ncd0: \u003cTSSTcorp DVD+-RW TS-L633J D150\u003e Removable CD-ROM SCSI-0 device \nSMP: AP CPU #31 Launched!\ncd0: 150.000MB/s transfers (SATA 1.x, UDMA5, ATAPI 12bytes, PIO 8192bytes)\ncd0: Attempt to query device size failed: NOT READY, Medium not present - tray closed\nSMP: AP CPU #3 Launched!\nSMP: AP CPU #24 Launched!\nSMP: AP CPU #15 Launched!\nSMP: AP CPU #19 Launched!\nSMP: AP CPU #14 Launched!\nSMP: AP CPU #17 Launched!\nSMP: AP CPU #13 Launched!\nSMP: AP CPU #28 Launched!\nSMP: AP CPU #9 Launched!\nSMP: AP CPU #25 Launched!\nSMP: AP CPU #1 Launched!\nSMP: AP CPU #5 Launched!\nSMP: AP CPU #30 Launched!\nSMP: AP CPU #10 Launched!\nSMP: AP CPU #29 Launched!\nSMP: AP CPU #11 Launched!\nSMP: AP CPU #16 Launched!\nSMP: AP CPU #8 Launched!\nSMP: AP CPU #18 Launched!\nSMP: AP CPU #7 Launched!\nSMP: AP CPU #22 Launched!\nSMP: AP CPU #12 Launched!\nSMP: AP CPU #27 Launched!\nSMP: AP CPU #2 Launched!\nSMP: AP CPU #20 Launched!\nSMP: AP CPU #4 Launched!\nSMP: AP CPU #23 Launched!\nSMP: AP CPU #6 Launched!\nSMP: AP CPU #26 Launched!\nSMP: AP CPU #21 Launched!\nTimecounter \"TSC-low\" frequency 14062820 Hz quality 1000\nRoot mount waiting for: usbus1 usbus0\nugen0.3: \u003cDell Computer Corp.\u003e at usbus0\numass0: \u003cDell Computer Corp. Internal Dual SD, class 0/0, rev 2.00/1.10, addr 3\u003e on usbus0\numass0:  SCSI over Bulk-Only; quirks = 0x4100\numass0:7:0:-1: Attached to scbus7\n(probe0:umass-sim0:0:0:0): REPORT LUNS. CDB: a0 0 0 0 0 0 0 0 0 10 0 0 \n(probe0:umass-sim0:0:0:0): CAM status: SCSI Status Error\n(probe0:umass-sim0:0:0:0): SCSI status: Check Condition\n(probe0:umass-sim0:0:0:0): SCSI sense: ILLEGAL REQUEST asc:20,0 (Invalid command operation code)\n(probe0:umass-sim0:0:0:0): Error 22, Unretryable error\nda0 at umass-sim0 bus 0 scbus7 target 0 lun 0\nda0: \u003cDell Internal Dual SD 1.:\u003e Fixed Direct Access SCSI-5 device \nda0: 40.000MB/s transfers\nda0: 972MB (1990656 512 byte sectors: 64H 32S/T 972C)\nugen0.4: \u003cDELL\u003e at usbus0\nukbd0: \u003cDELL DELL USB Keyboard, class 0/0, rev 1.10/1.05, addr 4\u003e on usbus0\nkbd0 at ukbd0\nugen1.3: \u003cvendor 0x13fe\u003e at usbus1\numass1: \u003cvendor 0x13fe Patriot Memory, class 0/0, rev 2.10/1.00, addr 3\u003e on usbus1\numass1:  SCSI over Bulk-Only; quirks = 0x0100\numass1:8:1:-1: Attached to scbus8\nRoot mount waiting for: usbus0\nda1 at umass-sim1 bus 1 scbus8 target 0 lun 0\nda1: \u003c Patriot Memory PMAP\u003e Removable Direct Access SCSI-4 device \nda1: 40.000MB/s transfers\nda1: 30160MB (61767680 512 byte sectors: 255H 63S/T 3844C)\nGEOM: da1: geometry does not match label (64h,33s != 255h,63s).\nGEOM: da1: media size does not match label.\nugen0.5: \u003cno manufacturer\u003e at usbus0\nuhub4: \u003cno manufacturer Gadget USB HUB, class 9/0, rev 2.00/0.00, addr 5\u003e on usbus0\nuhub4: 6 ports with 6 removable, self powered\nRoot mount waiting for: usbus0\nugen0.6: \u003cAvocent\u003e at usbus0\nukbd1: \u003cKeyboard\u003e on usbus0\nkbd2 at ukbd1\nums0: \u003cMouse\u003e on usbus0\nums0: 3 buttons and [Z] coordinates ID=0\nums1: \u003cMouse REL\u003e on usbus0\nums1: 3 buttons and [XYZ] coordinates ID=0\nTrying to mount root from ufs:/dev/mfid0p2 [rw]...\nWARNING: / was not properly dismounted\n\nHow-To-Repeat: Install FreeBSD 9.1-RELEASE.\nAdd 'ipmi_load=\"YES\"' to /boot/loader.conf.\nBoot system.\nReboot system with 'reboot'."
}