{
 "id": 659335,
 "bug_id": 166727,
 "attachment_id": 0,
 "creation_time": "2012-04-07T15:30:01Z",
 "creator": "xxjack12xx@gmail.com",
 "text": "The msk network driver keeps erroring when the internet is used. When it stops working\n\nmsk0: watchdog timeout\nmsk0: prefetch unit stuck?\nmsk0: initialization failed: no memory for Rx buffers \n\ncomes up. The only way to fix this is to power cycle the laptop.\n\nI've tried ifconfig msk0 -tso -rxcsum -txcsum and ifconfig media 10baseT which makes the connection stay up slightly longer but it still dies after some data transfer.\n\ndmesg and pciconf -lv output below\n\nFreeBSD laptop.jack.com 9.0-RELEASE FreeBSD 9.0-RELEASE #0: Tue Jan  3 07:46:30 UTC 2012     root@farrell.cse.buffalo.edu:/usr/obj/usr/src/sys/GENERIC  amd64\nlaptop# catr /var/runb\nlaptop# cat /var/run/dmesg.boot \nCopyright (c) 1992-2012 The FreeBSD Project.\nCopyright (c) 1979, 1980, 1983, 1986, 1988, 1989, 1991, 1992, 1993, 1994\n        The Regents of the University of California. All rights reserved.\nFreeBSD is a registered trademark of The FreeBSD Foundation.\nFreeBSD 9.0-RELEASE #0: Tue Jan  3 07:46:30 UTC 2012\n    root@farrell.cse.buffalo.edu:/usr/obj/usr/src/sys/GENERIC amd64\nCPU: AMD Turion(tm) 64 Mobile Technology ML-37 (1989.85-MHz K8-class CPU)\n  Origin = \"AuthenticAMD\"  Id = 0x20f42  Family = f  Model = 24  Stepping = 2\n  Features=0x78bfbff\u003cFPU,VME,DE,PSE,TSC,MSR,PAE,MCE,CX8,APIC,SEP,MTRR,PGE,MCA,CMOV,PAT,PSE36,CLFLUSH,MMX,FXSR,SSE,SSE2\u003e\n  Features2=0x1\u003cSSE3\u003e\n  AMD Features=0xe2500800\u003cSYSCALL,NX,MMX+,FFXSR,LM,3DNow!+,3DNow!\u003e\n  AMD Features2=0x1\u003cLAHF\u003e\nreal memory  = 2147483648 (2048 MB)\navail memory = 1916461056 (1827 MB)\nEvent timer \"LAPIC\" quality 400\nACPI APIC Table: \u003cGATEWA M300    \u003e\nioapic0 \u003cVersion 2.1\u003e irqs 0-23 on motherboard\nkbd1 at kbdmux0\nacpi0: \u003cGATEWA M300\u003e on motherboard\nacpi0: Overriding SCI from IRQ 9 to IRQ 21\nacpi0: Power Button (fixed)\nacpi0: reservation of 0, 1000 (3) failed\nTimecounter \"ACPI-fast\" frequency 3579545 Hz quality 900\nacpi_timer0: \u003c32-bit timer at 3.579545MHz\u003e port 0x8008-0x800b on acpi0\ncpu0: \u003cACPI CPU\u003e on acpi0\nacpi_ec0: \u003cEmbedded Controller: GPE 0x1c\u003e port 0x62,0x66 on acpi0\nacpi_button0: \u003cPower Button\u003e on acpi0\nacpi_button1: \u003cSleep Button\u003e on acpi0\nacpi_lid0: \u003cControl Method Lid Switch\u003e on acpi0\nacpi_acad0: \u003cAC Adapter\u003e on acpi0\nbattery0: \u003cACPI Control Method Battery\u003e on acpi0\npcib0: \u003cACPI Host-PCI bridge\u003e port 0xcf8-0xcff on acpi0\npci0: \u003cACPI PCI bus\u003e on pcib0\npcib1: \u003cACPI PCI-PCI bridge\u003e at device 1.0 on pci0\npci1: \u003cACPI PCI bus\u003e on pcib1\nvgapci0: \u003cVGA-compatible display\u003e port 0x9000-0x90ff mem 0xc8000000-0xcfffffff,0xc0100000-0xc010ffff irq 17 at device 5.0 on pci1\npcib2: \u003cACPI PCI-PCI bridge\u003e at device 6.0 on pci0\npci3: \u003cACPI PCI bus\u003e on pcib2\nmskc0: \u003cMarvell Yukon 88E8036 Fast Ethernet\u003e port 0xa000-0xa0ff mem 0xc0200000-0xc0203fff irq 18 at device 0.0 on pci3\nmsk0: \u003cMarvell Technology Group Ltd. Yukon FE Id 0xb7 Rev 0x01\u003e on mskc0\nmsk0: disabling jumbo frame support\nmsk0: Ethernet address: 00:e0:b8:90:7e:76\nmiibus0: \u003cMII bus\u003e on msk0\ne1000phy0: \u003cMarvell 88E3082 10/100 Fast Ethernet PHY\u003e PHY 0 on miibus0\ne1000phy0:  none, 10baseT, 10baseT-FDX, 100baseTX, 100baseTX-FDX, auto, auto-flow\nohci0: \u003cATI SB400 USB Controller\u003e mem 0xc0000000-0xc0000fff irq 19 at device 19.0 on pci0\nusbus0: \u003cATI SB400 USB Controller\u003e on ohci0\nohci1: \u003cATI SB400 USB Controller\u003e mem 0xc0001000-0xc0001fff irq 19 at device 19.1 on pci0\nusbus1: \u003cATI SB400 USB Controller\u003e on ohci1\nehci0: \u003cATI SB400 USB 2.0 controller\u003e mem 0xc0002000-0xc0002fff irq 19 at device 19.2 on pci0\nusbus2: EHCI version 1.0\nusbus2: \u003cATI SB400 USB 2.0 controller\u003e on ehci0\npci0: \u003cserial bus, SMBus\u003e at device 20.0 (no driver attached)\natapci0: \u003cATI IXP400 UDMA133 controller\u003e port 0x1f0-0x1f7,0x3f6,0x170-0x177,0x376,0x8410-0x841f at device 20.1 on pci0\nata0: \u003cATA channel 0\u003e on atapci0\nata1: \u003cATA channel 1\u003e on atapci0\nisab0: \u003cPCI-ISA bridge\u003e at device 20.3 on pci0\nisa0: \u003cISA bus\u003e on isab0\npcib3: \u003cACPI PCI-PCI bridge\u003e at device 20.4 on pci0\npci5: \u003cACPI PCI bus\u003e on pcib3\npci5: \u003cnetwork\u003e at device 2.0 (no driver attached)\ncbb0: \u003cTI6411 PCI-CardBus Bridge\u003e at device 9.0 on pci5\ncardbus0: \u003cCardBus bus\u003e on cbb0\npccard0: \u003c16-bit PCCard bus\u003e on cbb0\nfwohci0: \u003c1394 Open Host Controller Interface\u003e mem 0xc0308000-0xc03087ff,0xc0300000-0xc0303fff irq 21 at device 9.2 on pci5\nfwohci0: OHCI version 1.10 (ROM=1)\nfwohci0: No. of Isochronous channels is 4.\nfwohci0: EUI64 00:e0:b8:03:00:03:76:6d\nfwohci0: Phy 1394a available S400, 2 ports.\nfwohci0: Link S400, max_rec 2048 bytes.\nfirewire0: \u003cIEEE1394(FireWire) bus\u003e on fwohci0\nfwe0: \u003cEthernet over FireWire\u003e on firewire0\nif_fwe0: Fake Ethernet address: 02:e0:b8:03:76:6d\nfwe0: Ethernet address: 02:e0:b8:03:76:6d\nfwip0: \u003cIP over FireWire\u003e on firewire0\nfwip0: Firewire address: 00:e0:b8:03:00:03:76:6d @ 0xfffe00000000, S400, maxrec 2048\ndcons_crom0: \u003cdcons configuration ROM\u003e on firewire0\ndcons_crom0: bus_addr 0x25b8000\nfwohci0: Initiate bus reset\nfwohci0: fwohci_intr_core: BUS reset\nfwohci0: fwohci_intr_core: node_id=0x00000000, SelfID Count=2, CYCLEMASTER mode\npci5: \u003cmass storage\u003e at device 9.3 (no driver attached)\npci5: \u003cbase peripheral, SD host controller\u003e at device 9.4 (no driver attached)\npci0: \u003cmultimedia, audio\u003e at device 20.5 (no driver attached)\npci0: \u003csimple comms, generic modem\u003e at device 20.6 (no driver attached)\nacpi_tz0: \u003cThermal Zone\u003e on acpi0\natrtc0: \u003cAT realtime clock\u003e port 0x70-0x71 irq 8 on acpi0\nEvent timer \"RTC\" frequency 32768 Hz quality 0\nattimer0: \u003cAT timer\u003e port 0x40-0x43 irq 0 on acpi0\nTimecounter \"i8254\" frequency 1193182 Hz quality 0\nEvent timer \"i8254\" frequency 1193182 Hz quality 100\natkbdc0: \u003cKeyboard controller (i8042)\u003e port 0x60,0x64 irq 1 on acpi0\natkbd0: \u003cAT Keyboard\u003e irq 1 on atkbdc0\nkbd0 at atkbd0\natkbd0: [GIANT-LOCKED]\npsm0: \u003cPS/2 Mouse\u003e irq 12 on atkbdc0\npsm0: [GIANT-LOCKED]\npsm0: model IntelliMouse, device ID 3\nsc0: \u003cSystem console\u003e at flags 0x100 on isa0\nsc0: VGA \u003c16 virtual consoles, flags=0x300\u003e\nvga0: \u003cGeneric ISA VGA\u003e at port 0x3c0-0x3df iomem 0xa0000-0xbffff on isa0\nppc0: cannot reserve I/O port range\nacpi_throttle0: \u003cACPI CPU Throttling\u003e on cpu0\npowernow0: \u003cPowerNow! K8\u003e on cpu0\nTimecounters tick every 1.000 msec\nfirewire0: 1 nodes, maxhop \u003c= 0 cable IRM irm(0)  (me) \nfirewire0: bus manager 0 \nfwohci0: phy int\nusbus0: 12Mbps Full Speed USB v1.0\nusbus1: 12Mbps Full Speed USB v1.0\nusbus2: 480Mbps High Speed USB v2.0\nugen0.1: \u003cATI\u003e at usbus0\nuhub0: \u003cATI OHCI root HUB, class 9/0, rev 1.00/1.00, addr 1\u003e on usbus0\nugen1.1: \u003cATI\u003e at usbus1\nuhub1: \u003cATI OHCI root HUB, class 9/0, rev 1.00/1.00, addr 1\u003e on usbus1\nugen2.1: \u003cATI\u003e at usbus2\nuhub2: \u003cATI EHCI root HUB, class 9/0, rev 2.00/1.00, addr 1\u003e on usbus2\nada0 at ata0 bus 0 scbus0 target 0 lun 0\nada0: \u003cHTS421280H9AT00 HA3OA70S\u003e ATA-7 device\nada0: 100.000MB/s transfers (UDMA5, PIO 8192bytes)\nada0: 76319MB (156301488 512 byte sectors: 16H 63S/T 16383C)\nada0: Previously was known as ad0\nTimecounter \"TSC\" frequency 1989853208 Hz quality 800\ncd0 at ata1 bus 0 scbus1 target 0 lun 0\ncd0: \u003cPHILIPS DVD+-RW SDVD8820 AX03\u003e Removable CD-ROM SCSI-0 device \ncd0: 33.300MB/s transfers (UDMA2, ATAPI 12bytes, PIO 65534bytes)\ncd0: Attempt to query device size failed: NOT READY, Medium not present - tray closed\nuhub0: 4 ports with 4 removable, self powered\nuhub1: 4 ports with 4 removable, self powered\nRoot mount waiting for: usbus2\nRoot mount waiting for: usbus2\nRoot mount waiting for: usbus2\nuhub2: 8 ports with 8 removable, self powered\nTrying to mount root from ufs:/dev/ada0p2 [rw]...\n\nhostb0@pci0:0:0:0:      class=0x060000 card=0x0300107b chip=0x59501002 rev=0x10 hdr=0x00\n    vendor     = 'ATI Technologies Inc'\n    device     = 'RS480 Host Bridge'\n    class      = bridge\n    subclass   = HOST-PCI\npcib1@pci0:0:1:0:       class=0x060400 card=0x0300107b chip=0x5a3f1002 rev=0x00 hdr=0x01\n    vendor     = 'ATI Technologies Inc'\n    device     = 'RS480 PCI Bridge'\n    class      = bridge\n    subclass   = PCI-PCI\npcib2@pci0:0:6:0:       class=0x060400 card=0x59501002 chip=0x5a381002 rev=0x00 hdr=0x01\n    vendor     = 'ATI Technologies Inc'\n    device     = 'RS480 PCI Bridge'\n    class      = bridge\n    subclass   = PCI-PCI\nohci0@pci0:0:19:0:      class=0x0c0310 card=0x0300107b chip=0x43741002 rev=0x00 hdr=0x00\n    vendor     = 'ATI Technologies Inc'\n    device     = 'IXP SB400 USB Host Controller'\n    class      = serial bus\n    subclass   = USB\nohci1@pci0:0:19:1:      class=0x0c0310 card=0x0300107b chip=0x43751002 rev=0x00 hdr=0x00\n    vendor     = 'ATI Technologies Inc'\n    device     = 'IXP SB400 USB Host Controller'\n    class      = serial bus\n    subclass   = USB\nehci0@pci0:0:19:2:      class=0x0c0320 card=0x0300107b chip=0x43731002 rev=0x00 hdr=0x00\n    vendor     = 'ATI Technologies Inc'\n    device     = 'IXP SB400 USB2 Host Controller'\n    class      = serial bus\n    subclass   = USB\nnone0@pci0:0:20:0:      class=0x0c0500 card=0x0300107b chip=0x43721002 rev=0x11 hdr=0x00\n    vendor     = 'ATI Technologies Inc'\n    device     = 'IXP SB400 SMBus Controller'\n    class      = serial bus\n    subclass   = SMBus\natapci0@pci0:0:20:1:    class=0x01018a card=0x0300107b chip=0x43761002 rev=0x00 hdr=0x00\n    vendor     = 'ATI Technologies Inc'\n    device     = 'IXP SB400 IDE Controller'\n    class      = mass storage\n    subclass   = ATA\nisab0@pci0:0:20:3:      class=0x060100 card=0x0300107b chip=0x43771002 rev=0x00 hdr=0x00\n    vendor     = 'ATI Technologies Inc'\n    device     = 'IXP SB400 PCI-ISA Bridge'\n    class      = bridge\n    subclass   = PCI-ISA\npcib3@pci0:0:20:4:      class=0x060401 card=0x00000000 chip=0x43711002 rev=0x00 hdr=0x01\n    vendor     = 'ATI Technologies Inc'\n    device     = 'IXP SB400 PCI-PCI Bridge'\n    class      = bridge\n    subclass   = PCI-PCI\nnone1@pci0:0:20:5:      class=0x040100 card=0x0300107b chip=0x43701002 rev=0x02 hdr=0x00\n    vendor     = 'ATI Technologies Inc'\n    device     = 'IXP SB400 AC'97 Audio Controller'\n    class      = multimedia\n    subclass   = audio\nnone2@pci0:0:20:6:      class=0x070300 card=0x0300107b chip=0x43781002 rev=0x02 hdr=0x00\n    vendor     = 'ATI Technologies Inc'\n    device     = 'SB400 AC'97 Modem Controller'\n    class      = simple comms\n    subclass   = generic modem\nhostb1@pci0:0:24:0:     class=0x060000 card=0x00000000 chip=0x11001022 rev=0x00 hdr=0x00\n    vendor     = 'Advanced Micro Devices [AMD]'\n    device     = 'K8 [Athlon64/Opteron] HyperTransport Technology Configuration'\n    class      = bridge\n    subclass   = HOST-PCI\nhostb2@pci0:0:24:1:     class=0x060000 card=0x00000000 chip=0x11011022 rev=0x00 hdr=0x00\n    vendor     = 'Advanced Micro Devices [AMD]'\n    device     = 'K8 [Athlon64/Opteron] Address Map'\n    class      = bridge\n    subclass   = HOST-PCI\nhostb3@pci0:0:24:2:     class=0x060000 card=0x00000000 chip=0x11021022 rev=0x00 hdr=0x00\n    vendor     = 'Advanced Micro Devices [AMD]'\n    device     = 'K8 [Athlon64/Opteron] DRAM Controller'\n    class      = bridge\n    subclass   = HOST-PCI\nhostb4@pci0:0:24:3:     class=0x060000 card=0x00000000 chip=0x11031022 rev=0x00 hdr=0x00\n    vendor     = 'Advanced Micro Devices [AMD]'\n    device     = 'K8 [Athlon64/Opteron] Miscellaneous Control'\n    class      = bridge\n    subclass   = HOST-PCI\nvgapci0@pci0:1:5:0:     class=0x030000 card=0x0300107b chip=0x59551002 rev=0x00 hdr=0x00\n    vendor     = 'ATI Technologies Inc'\n    device     = 'Radeon XPRESS 200M 5955 (PCIE)'\n    class      = display\n    subclass   = VGA\nmskc0@pci0:3:0:0:       class=0x020000 card=0x0300107b chip=0x435111ab rev=0x10 hdr=0x00\n    vendor     = 'Marvell Technology Group Ltd.'\n    device     = '88E8036 PCI-E Fast Ethernet Controller'\n    class      = network\n    subclass   = ethernet\nnone3@pci0:5:2:0:       class=0x028000 card=0x000617f9 chip=0x431814e4 rev=0x02 hdr=0x00\n    vendor     = 'Broadcom Corporation'\n    device     = 'BCM4318 [AirForce One 54g] 802.11g Wireless LAN Controller'\n    class      = network\ncbb0@pci0:5:9:0:        class=0x060700 card=0x0300107b chip=0x8031104c rev=0x00 hdr=0x02\n    vendor     = 'Texas Instruments'\n    device     = 'PCIxx21/x515 Cardbus Controller'\n    class      = bridge\n    subclass   = PCI-CardBus\nfwohci0@pci0:5:9:2:     class=0x0c0010 card=0x0300107b chip=0x8032104c rev=0x00 hdr=0x00\n    vendor     = 'Texas Instruments'\n    device     = 'OHCI Compliant IEEE 1394 Host Controller'\n    class      = serial bus\n    subclass   = FireWire\nnone4@pci0:5:9:3:       class=0x018000 card=0x0300107b chip=0x8033104c rev=0x00 hdr=0x00\n    vendor     = 'Texas Instruments'\n    device     = 'PCIxx21 Integrated FlashMedia Controller'\n    class      = mass storage\nnone5@pci0:5:9:4:       class=0x080500 card=0x0300107b chip=0x8034104c rev=0x00 hdr=0x00\n    vendor     = 'Texas Instruments'\n    device     = 'PCI6411/6421/6611/6621/7411/7421/7611/7621 Secure Digital Controller'\n    class      = base peripheral\n    subclass   = SD host controller\n\nHow-To-Repeat: Use the internet"
}