{
 "id": 401435,
 "bug_id": 114535,
 "attachment_id": 0,
 "creation_time": "2007-07-12T19:50:12Z",
 "creator": "Carlos_MMC@hotmail.com",
 "text": "MODELO DE NOTEBOOK :TOSHIBA SATELLITE A 105 HARMAN/KARDON\n\nCopyright (c) 1992-2007 The FreeBSD Project.\nCopyright (c) 1979, 1980, 1983, 1986, 1988, 1989, 1991, 1992, 1993, 1994\n        The Regents of the University of California. All rights reserved.\nFreeBSD is a registered trademark of The FreeBSD Foundation.\nFreeBSD 6.2-RELEASE #0: Fri Jan 12 11:05:30 UTC 2007\n    root@dessler.cse.buffalo.edu:/usr/obj/usr/src/sys/SMP\nMPTable: \u003cINTEL    Napa ERB    \u003e\nTimecounter \"i8254\" frequency 1193182 Hz quality 0\nCPU: Genuine Intel(R) CPU           T1350  @ 1.86GHz (1862.02-MHz 686-class CPU)\n  Origin = \"GenuineIntel\"  Id = 0x6e8  Stepping = 8\n  Features=0xafe9fbff\u003cFPU,VME,DE,PSE,TSC,MSR,PAE,MCE,CX8,APIC,SEP,MTRR,PGE,MCA,CMOV,PAT,CLFLUSH,DTS,ACPI,MMX,FXSR,SSE,SSE2,SS,TM,PBE\u003e\n  Features2=0xc189\u003cSSE3,MON,EST,TM2,\u003cb14\u003e,\u003cb15\u003e\u003e\nreal memory  = 526843904 (502 MB)\navail memory = 505974784 (482 MB)\nioapic0: Assuming intbase of 0\nioapic0 \u003cVersion 2.0\u003e irqs 0-23 on motherboard\nkbd1 at kbdmux0\nath_hal: 0.9.17.2 (AR5210, AR5211, AR5212, RF5111, RF5112, RF2413, RF5413)\ncpu0 on motherboard\npcib0: \u003cMPTable Host-PCI bridge\u003e pcibus 0 on motherboard\npci0: \u003cPCI bus\u003e on pcib0\npci0: \u003cdisplay, VGA\u003e at device 2.0 (no driver attached)\npci0: \u003cdisplay\u003e at device 2.1 (no driver attached)\npci0: \u003cmultimedia\u003e at device 27.0 (no driver attached)\npcib1: \u003cPCI-PCI bridge\u003e irq 17 at device 28.0 on pci0\npci2: \u003cPCI bus\u003e on pcib1\npcib2: \u003cPCI-PCI bridge\u003e irq 16 at device 28.1 on pci0\npci3: \u003cPCI bus\u003e on pcib2\npcib3: \u003cMPTable PCI-PCI bridge\u003e irq 18 at device 28.2 on pci0\npci5: \u003cPCI bus\u003e on pcib3\npci5: \u003cnetwork\u003e at device 0.0 ((no driver attached)\nuhci0: \u003cUHCI (generic) USB controller\u003e port 0x1820-0x183f irq 23 at device 29.0 on pci0\nuhci0: [GIANT-LOCKED]\nusb0: \u003cUHCI (generic) USB controller\u003e on uhci0\nusb0: USB revision 1.0\nuhub0: Intel UHCI root hub, class 9/0, rev 1.00/1.00, addr 1\nuhub0: 2 ports with 2 removable, self powered\nuhci1: \u003cUHCI (generic) USB controller\u003e port 0x1840-0x185f irq 19 at device 29.1 on pci0\nuhci1: [GIANT-LOCKED]\nusb1: \u003cUHCI (generic) USB controller\u003e on uhci1\nusb1: USB revision 1.0\nuhub1: Intel UHCI root hub, class 9/0, rev 1.00/1.00, addr 1\nuhub1: 2 ports with 2 removable, self powered\nuhci2: \u003cUHCI (generic) USB controller\u003e port 0x1860-0x187f irq 18 at device 29.2 on pci0\nuhci2: [GIANT-LOCKED]\nusb2: \u003cUHCI (generic) USB controller\u003e on uhci2\nusb2: USB revision 1.0\nuhub2: Intel UHCI root hub, class 9/0, rev 1.00/1.00, addr 1\nuhub2: 2 ports with 2 removable, self powered\nuhci3: \u003cUHCI (generic) USB controller\u003e port 0x1880-0x189f irq 16 at device 29.3 on pci0\nuhci3: [GIANT-LOCKED]\nusb3: \u003cUHCI (generic) USB controller\u003e on uhci3\nusb3: USB revision 1.0\nuhub3: Intel UHCI root hub, class 9/0, rev 1.00/1.00, addr 1\nuhub3: 2 ports with 2 removable, self powered\nehci0: \u003cIntel 82801GB/R (ICH7) USB 2.0 controller\u003e mem 0xdc444000-0xdc4443ff irq 23 at device 29.7 on pci0\nehci0: [GIANT-LOCKED]\nusb4: waiting for BIOS to give up control\nusb4: timed out waiting for BIOS\nusb4: EHCI version 1.0\nusb4: companion controllers, 2 ports each: usb0 usb1 usb2 usb3\nusb4: \u003cIntel 82801GB/R (ICH7) USB 2.0 controller\u003e on ehci0\nusb4: USB revision 2.0\nuhub4: Intel EHCI root hub, class 9/0, rev 2.00/1.00, addr 1\nuhub4: 8 ports with 8 removable, self powered\npcib4: \u003cMPTable PCI-PCI bridge\u003e at device 30.0 on pci0\npci7: \u003cPCI bus\u003e on pcib4\ncbb0: \u003cPCI-CardBus Bridge\u003e at device 6.0 on pci7\ncardbus0: \u003cCardBus bus\u003e on cbb0\npccard0: \u003c16-bit PCCard bus\u003e on cbb0\nfwohci0: \u003c1394 Open Host Controller Interface\u003e mem 0xdc006000-0xdc0067ff,0xdc000000-0xdc003fff irq 17 at device 6.1 on pci7\nfwohci0: OHCI version 1.10 (ROM=0)\nfwohci0: No. of Isochronous channels is 4.\nfwohci0: EUI64 00:08:0d:00:00:00:00:00\nfwohci0: Phy 1394a available S400, 3 ports.\nfwohci0: Link S400, max_rec 2048 bytes.\nfirewire0: \u003cIEEE1394(FireWire) bus\u003e on fwohci0\nfwe0: \u003cEthernet over FireWire\u003e on firewire0\nif_fwe0: Fake Ethernet address: 02:08:0d:00:00:00\nfwe0: Ethernet address: 02:08:0d:00:00:00\nfwe0: if_start running deferred for Giant\nsbp0: \u003cSBP-2/SCSI over FireWire\u003e on firewire0\nfwohci0: Initiate bus reset\nfwohci0: node_id=0xc800ffc0, gen=2, CYCLEMASTER mode\nfirewire0: 1 nodes, maxhop \u003c= 0, cable IRM = 0 (me)\nfirewire0: bus manager 0 (me)\nfwohci0: phy int\npci7: \u003cmass storage\u003e at device 6.2 (no driver attached)\npci7: \u003cbase peripheral\u003e at device 6.3 (no driver attached)\nfxp0: \u003cIntel Pro/100 VE Network Connection\u003e port 0x4000-0x403f mem 0xdc005000-0xdc005fff irq 20 at device 8.0 on pci7\nmiibus0: \u003cMII bus\u003e on fxp0\ninphy0: \u003ci82562ET 10/100 media interface\u003e on miibus0\ninphy0:  10baseT, 10baseT-FDX, 100baseTX, 100baseTX-FDX, auto\nfxp0: Ethernet address: 00:a0:d1:58:07:ca\nisab0: \u003cPCI-ISA bridge\u003e at device 31.0 on pci0\nisa0: \u003cISA bus\u003e on isab0\natapci0: \u003cIntel ICH7M SATA300 controller\u003e port 0x1f0-0x1f7,0x3f6,0x170-0x177,0x376,0x18b0-0x18bf at device 31.2 on pci0\nata0: \u003cATA channel 0\u003e on atapci0\nata1: \u003cATA channel 1\u003e on atapci0\npci0: \u003cserial bus, SMBus\u003e at device 31.3 (no driver attached)\npmtimer0 on isa0\norm0: \u003cISA Option ROMs\u003e at iomem 0xce800-0xcffff,0xdc000-0xdffff,0xe0000-0xe17ff on isa0\natkbdc0: \u003cKeyboard controller (i8042)\u003e at port 0x60,0x64 on isa0\natkbd0: \u003cAT Keyboard\u003e irq 1 on atkbdc0\nkbd0 at atkbd0\natkbd0: [GIANT-LOCKED]\npsm0: \u003cPS/2 Mouse\u003e irq 12 on atkbdc0\npsm0: [GIANT-LOCKED]\npsm0: model Generic PS/2 mouse, device ID 0\nppc0: parallel port not found.\nsc0: \u003cSystem console\u003e at flags 0x100 on isa0\nsc0: VGA \u003c16 virtual consoles, flags=0x300\u003e\nsio0: configured irq 4 not in bitmap of probed irqs 0\nsio0: port may not be enabled\nsio0 at port 0x3f8-0x3ff irq 4 flags 0x10 on isa0\nsio0: type 8250 or not responding\nsio1: configured irq 3 not in bitmap of probed irqs 0\nsio1: port may not be enabled\nvga0: \u003cGeneric ISA VGA\u003e at port 0x3c0-0x3df iomem 0xa0000-0xbffff on isa0\nunknown: \u003cPNP0303\u003e can't assign resources (port)\nunknown: \u003cPNP0c02\u003e can't assign resources (memory)\nunknown: \u003cPNP0c02\u003e can't assign resources (memory)\nunknown: \u003cINT0800\u003e can't assign resources (memory)\nunknown: \u003cPNP0f13\u003e can't assign resources (irq)\nTimecounter \"TSC\" frequency 1862017934 Hz quality 800\nTimecounters tick every 1.000 msec\nad0: 76319MB \u003cFUJITSU MHV2080BH PL 00000029\u003e at ata0-master SATA150\nacd0: DVDR \u003cMATSHITADVD-RAM UJ-841S/1.60\u003e at ata1-master UDMA33\nTrying to mount root from ufs:/dev/ad0s1a\nWARNING: / was not properly dismounted\nWARNING: /tmp was not properly dismounted\nWARNING: /usr was not properly dismounted\nWARNING: /var was not properly dismounted\n/var: mount pending error: blocks 36 files 10\nums0: vendor 0x15ca USB Optical Mouse, rev 2.00/5.12, addr 2, iclass 3/1\nums0: 3 buttons and Z dir.\n#"
}