{
 "id": 436608,
 "bug_id": 121861,
 "attachment_id": 0,
 "creation_time": "2008-03-19T11:10:02Z",
 "creator": "skr.bek@centrum.cz",
 "text": "I have Microsoft Natural Ergonomic Keyboard 4000 connect in USB. I install\nnew PC with FreeBSD.  The Fn keys (F1, F2, F3, ...) do not work in console\nand X too. Do not work ALT+F1, ALT+F2\n\nI tried other keyboard (Chicony) and on this keyboard Fn keys work good.\n\nIn FreeBSD 6.1 Microsoft Natural Ergonomic Keyboard 4000 work good (now\nI am writing on it\n\ndmesg:\nvga0: \u003cGeneric ISA VGA\u003e at port 0x3c0-0x3df iomem 0xa0000-0xbffff on isa0\nukbd0: \u003cMicrosoft Natural\\M-. Ergonomic Keyboard 4000, class 0/0, rev 2.00/1.73, addr 2\u003e o\nkbd2 at ukbd0\nuhid0: \u003cMicrosoft Natural\\M-. Ergonomic Keyboard 4000, class 0/0, rev 2.00/1.73, addr 2\u003e o\n\nFull dmesg I attache in file peklo-new-dmesg.txt\n\nFix: \n\n# dmesg \nCopyright (c) 1992-2008 The FreeBSD Project.\nCopyright (c) 1979, 1980, 1983, 1986, 1988, 1989, 1991, 1992, 1993, 1994\n\tThe Regents of the University of California. All rights reserved.\nFreeBSD is a registered trademark of The FreeBSD Foundation.\nFreeBSD 7.0-RELEASE #0: Tue Mar 18 12:23:52 UTC 2008\n    root@skrbekr-new.hide.vol.cz:/usr/obj/usr/src/sys/MYKERNEL\nTimecounter \"i8254\" frequency 1193182 Hz quality 0\nCPU: Intel(R) Core(TM)2 Quad CPU    Q6600  @ 2.40GHz (2411.89-MHz 686-class CPU)\n  Origin = \"GenuineIntel\"  Id = 0x6fb  Stepping = 11\n  Features=0xbfebfbff\u003cFPU,VME,DE,PSE,TSC,MSR,PAE,MCE,CX8,APIC,SEP,MTRR,PGE,MCA,CMOV,PAT,PSE36,CLFLUSH,DTS,ACPI,MMX,FXSR,SSE,SSE2,SS,HTT,TM,PBE\u003e\n  Features2=0xe3bd\u003cSSE3,RSVD2,MON,DS_CPL,VMX,EST,TM2,SSSE3,CX16,xTPR,PDCM\u003e\n  AMD Features=0x20000000\u003cLM\u003e\n  AMD Features2=0x1\u003cLAHF\u003e\n  Cores per package: 4\nreal memory  = 2119155712 (2020 MB)\navail memory = 2064084992 (1968 MB)\nACPI APIC Table: \u003cINTEL  DG33TL  \u003e\nFreeBSD/SMP: Multiprocessor System Detected: 4 CPUs\n cpu0 (BSP): APIC ID:  0\n cpu1 (AP): APIC ID:  1\n cpu2 (AP): APIC ID:  2\n cpu3 (AP): APIC ID:  3\nioapic0: Changing APIC ID to 2\nioapic0 \u003cVersion 2.0\u003e irqs 0-23 on motherboard\nkbd1 at kbdmux0\nath_hal: 0.9.20.3 (AR5210, AR5211, AR5212, RF5111, RF5112, RF2413, RF5413)\nhptrr: HPT RocketRAID controller driver v1.1 (Mar 18 2008 12:23:39)\nacpi0: \u003cINTEL DG33TL\u003e on motherboard\nacpi0: [ITHREAD]\nacpi0: Power Button (fixed)\nTimecounter \"ACPI-fast\" frequency 3579545 Hz quality 1000\nacpi_timer0: \u003c24-bit timer at 3.579545MHz\u003e port 0x408-0x40b on acpi0\ncpu0: \u003cACPI CPU\u003e on acpi0\nest0: \u003cEnhanced SpeedStep Frequency Control\u003e on cpu0\np4tcc0: \u003cCPU Frequency Thermal Control\u003e on cpu0\ncpu1: \u003cACPI CPU\u003e on acpi0\nest1: \u003cEnhanced SpeedStep Frequency Control\u003e on cpu1\np4tcc1: \u003cCPU Frequency Thermal Control\u003e on cpu1\ncpu2: \u003cACPI CPU\u003e on acpi0\nest2: \u003cEnhanced SpeedStep Frequency Control\u003e on cpu2\np4tcc2: \u003cCPU Frequency Thermal Control\u003e on cpu2\ncpu3: \u003cACPI CPU\u003e on acpi0\nest3: \u003cEnhanced SpeedStep Frequency Control\u003e on cpu3\np4tcc3: \u003cCPU Frequency Thermal Control\u003e on cpu3\nacpi_button0: \u003cSleep Button\u003e on acpi0\npcib0: \u003cACPI Host-PCI bridge\u003e port 0xcf8-0xcff on acpi0\npci0: \u003cACPI PCI bus\u003e on pcib0\nvgapci0: \u003cVGA-compatible display\u003e port 0x2460-0x2467 mem\n0x90280000-0x902fffff,0x80000000-0x8fffffff,0x90100000-0x901fffff irq 16 at device 2.0 on pci0\nvgapci1: \u003cVGA-compatible display\u003e mem 0x90200000-0x9027ffff at device 2.1 on pci0\npci0: \u003csimple comms\u003e at device 3.0 (no driver attached)\nem0: \u003cIntel(R) PRO/1000 Network Connection Version - 6.7.3\u003e port 0x20e0-0x20ff mem\n0x90300000-0x9031ffff,0x90324000-0x90324fff irq 20 at device 25.0 on pci0\nem0: Using MSI interrupt\nem0: Ethernet address: 00:1c:c0:2b:d9:e9\nem0: [FILTER]\nuhci0: \u003cUHCI (generic) USB controller\u003e port 0x20c0-0x20df irq 18 at device 26.0 on pci0\nuhci0: [GIANT-LOCKED]\nuhci0: [ITHREAD]\nusb0: \u003cUHCI (generic) USB controller\u003e on uhci0\nusb0: USB revision 1.0\nuhub0: \u003cIntel UHCI root hub, class 9/0, rev 1.00/1.00, addr 1\u003e on usb0\nuhub0: 2 ports with 2 removable, self powered\nuhci1: \u003cUHCI (generic) USB controller\u003e port 0x20a0-0x20bf irq 21 at device 26.1 on pci0\nuhci1: [GIANT-LOCKED]\nuhci1: [ITHREAD]\nusb1: \u003cUHCI (generic) USB controller\u003e on uhci1\nusb1: USB revision 1.0\nuhub1: \u003cIntel UHCI root hub, class 9/0, rev 1.00/1.00, addr 1\u003e on usb1\nuhub1: 2 ports with 2 removable, self powered\nuhci2: \u003cUHCI (generic) USB controller\u003e port 0x2080-0x209f irq 17 at device 26.2 on pci0\nuhci2: [GIANT-LOCKED]\nuhci2: [ITHREAD]\nusb2: \u003cUHCI (generic) USB controller\u003e on uhci2\nusb2: USB revision 1.0\nuhub2: \u003cIntel UHCI root hub, class 9/0, rev 1.00/1.00, addr 1\u003e on usb2\nuhub2: 2 ports with 2 removable, self powered\nehci0: \u003cEHCI (generic) USB 2.0 controller\u003e mem 0x90325400-0x903257ff irq 17 at device 26.7 on pci0\nehci0: [GIANT-LOCKED]\nehci0: [ITHREAD]\nusb3: EHCI version 1.0\nusb3: companion controllers, 2 ports each: usb0 usb1 usb2\nusb3: \u003cEHCI (generic) USB 2.0 controller\u003e on ehci0\nusb3: USB revision 2.0\nuhub3: \u003cIntel EHCI root hub, class 9/0, rev 2.00/1.00, addr 1\u003e on usb3\nuhub3: 6 ports with 6 removable, self powered\npcm0: \u003cIntel 82801I High Definition Audio Controller\u003e mem 0x90320000-0x90323fff irq 22 at device 27.0 on pci0\npcm0: [ITHREAD]\npcib1: \u003cACPI PCI-PCI bridge\u003e at device 28.0 on pci0\npci1: \u003cACPI PCI bus\u003e on pcib1\npcib2: \u003cACPI PCI-PCI bridge\u003e at device 28.1 on pci0\npci2: \u003cACPI PCI bus\u003e on pcib2\npcib3: \u003cACPI PCI-PCI bridge\u003e at device 28.2 on pci0\npci3: \u003cACPI PCI bus\u003e on pcib3\natapci0: \u003cMarvell 88SX6101 UDMA133 controller\u003e port\n0x1018-0x101f,0x1024-0x1027,0x1010-0x1017,0x1020-0x1023,0x1000-0x100f mem 0x90000000-0x900001ff irq 18 at device 0.0 on\npci3\natapci0: [ITHREAD]\nata2: \u003cATA channel 0\u003e on atapci0\nata2: [ITHREAD]\npcib4: \u003cACPI PCI-PCI bridge\u003e at device 28.3 on pci0\npci4: \u003cACPI PCI bus\u003e on pcib4\npcib5: \u003cACPI PCI-PCI bridge\u003e at device 28.4 on pci0\npci5: \u003cACPI PCI bus\u003e on pcib5\nuhci3: \u003cUHCI (generic) USB controller\u003e port 0x2060-0x207f irq 23 at device 29.0 on pci0\nuhci3: [GIANT-LOCKED]\nuhci3: [ITHREAD]\nusb4: \u003cUHCI (generic) USB controller\u003e on uhci3\nusb4: USB revision 1.0\nuhub4: \u003cIntel UHCI root hub, class 9/0, rev 1.00/1.00, addr 1\u003e on usb4\nuhub4: 2 ports with 2 removable, self powered\nuhci4: \u003cUHCI (generic) USB controller\u003e port 0x2040-0x205f irq 19 at device 29.1 on pci0\nuhci4: [GIANT-LOCKED]\nuhci4: [ITHREAD]\nusb5: \u003cUHCI (generic) USB controller\u003e on uhci4\nusb5: USB revision 1.0\nuhub5: \u003cIntel UHCI root hub, class 9/0, rev 1.00/1.00, addr 1\u003e on usb5\nuhub5: 2 ports with 2 removable, self powered\nuhci5: \u003cUHCI (generic) USB controller\u003e port 0x2020-0x203f irq 18 at device 29.2 on pci0\nuhci5: [GIANT-LOCKED]\nuhci5: [ITHREAD]\nusb6: \u003cUHCI (generic) USB controller\u003e on uhci5\nusb6: USB revision 1.0\nuhub6: \u003cIntel UHCI root hub, class 9/0, rev 1.00/1.00, addr 1\u003e on usb6\nuhub6: 2 ports with 2 removable, self powered\nehci1: \u003cEHCI (generic) USB 2.0 controller\u003e mem 0x90325000-0x903253ff irq 23 at device 29.7 on pci0\nehci1: [GIANT-LOCKED]\nehci1: [ITHREAD]\nusb7: EHCI version 1.0\nusb7: companion controllers, 2 ports each: usb4 usb5 usb6\nusb7: \u003cEHCI (generic) USB 2.0 controller\u003e on ehci1\nusb7: USB revision 2.0\nuhub7: \u003cIntel EHCI root hub, class 9/0, rev 2.00/1.00, addr 1\u003e on usb7\nuhub7: 6 ports with 6 removable, self powered\npcib6: \u003cACPI PCI-PCI bridge\u003e at device 30.0 on pci0\npci6: \u003cACPI PCI bus\u003e on pcib6\nisab0: \u003cPCI-ISA bridge\u003e at device 31.0 on pci0\nisa0: \u003cISA bus\u003e on isab0\natapci1: \u003cIntel ICH9 SATA300 controller\u003e port 0x1f0-0x1f7,0x3f6,0x170-0x177,0x376,0x2430-0x243f,0x2420-0x242f irq 21 at\ndevice 31.2 on pci0\nata0: \u003cATA channel 0\u003e on atapci1\nata0: [ITHREAD]\nata1: \u003cATA channel 1\u003e on atapci1\nata1: [ITHREAD]\npci0: \u003cserial bus, SMBus\u003e at device 31.3 (no driver attached)\natapci2: \u003cIntel ICH9 SATA300 controller\u003e port\n0x2448-0x244f,0x246c-0x246f,0x2440-0x2447,0x2468-0x246b,0x2410-0x241f,0x2400-0x240f irq 21 at device 31.5 on pci0\natapci2: [ITHREAD]\nata3: \u003cATA channel 0\u003e on atapci2\nata3: [ITHREAD]\nata4: \u003cATA channel 1\u003e on atapci2\nata4: [ITHREAD]\nsio0: \u003c16550A-compatible COM port\u003e port 0x3f8-0x3ff irq 4 flags 0x10 on acpi0\nsio0: type 16550A\nsio0: [FILTER]\npmtimer0 on isa0\natkbdc0: \u003cKeyboard controller (i8042)\u003e at port 0x60,0x64 on isa0\natkbd0: \u003cAT Keyboard\u003e irq 1 on atkbdc0\nkbd0 at atkbd0\natkbd0: [GIANT-LOCKED]\natkbd0: [ITHREAD]\nppc0: parallel port not found.\nsc0: \u003cSystem console\u003e at flags 0x100 on isa0\nsc0: VGA \u003c16 virtual consoles, flags=0x300\u003e\nsio1 at port 0x2f8-0x2ff irq 3 on isa0\nsio1: type 16550A\nsio1: [FILTER]\nvga0: \u003cGeneric ISA VGA\u003e at port 0x3c0-0x3df iomem 0xa0000-0xbffff on isa0\nukbd0: \u003cChicony USB Keyboard, class 0/0, rev 1.10/1.01, addr 2\u003e on uhub5\nkbd2 at ukbd0\nuhid0: \u003cChicony USB Keyboard, class 0/0, rev 1.10/1.01, addr 2\u003e on uhub5\nums0: \u003cKYE Genius USB Wheel Mouse, class 0/0, rev 1.00/2.42, addr 2\u003e on uhub6\nums0: 5 buttons and Z dir.\nTimecounters tick every 1.000 msec\nhptrr: no controller detected.\nad4: 152627MB \u003cWDC WD1600AAJB-00PVA0 00.07H00\u003e at ata2-master UDMA100\npcm0: \u003cHDA Codec: Sigmatel STAC9271D\u003e\npcm0: \u003cHDA Driver Revision: 20071129_0050\u003e\nSMP: AP CPU #1 Launched!\nSMP: AP CPU #2 Launched!\nSMP: AP CPU #3 Launched!\nTrying to mount root from ufs:/dev/ad4s1a\npid 31567 (enlightenment_thumb), uid 1001: exited on signal 11 (core dumped)\npid 31568 (enlightenment_thumb), uid 1001: exited on signal 11 (core dumped)\nukbd0: at uhub5 port 2 (addr 2) disconnected\nums0: at uhub6 port 2 (addr 2) disconnected\nukbd0: detached\nuhid0: at uhub5 port 2 (addr 2) disconnected\nuhid0: detached\nums0: detached\nukbd0: \u003cMicrosoft Natural\\M-. Ergonomic Keyboard 4000, class 0/0, rev 2.00/1.73, addr 2\u003e on uhub5\nkbd2 at ukbd0\nuhid0: \u003cMicrosoft Natural\\M-. Ergonomic Keyboard 4000, class 0/0, rev 2.00/1.73, addr 2\u003e on uhub5\nums0: \u003cLogitech USB-PS/2 Optical Mouse, class 0/0, rev 2.00/20.00, addr 2\u003e on uhub6\nums0: 3 buttons and Z dir.\nukbd0: at uhub5 port 2 (addr 2) disconnected\nukbd0: detached\nuhid0: at uhub5 port 2 (addr 2) disconnected\nuhid0: detached\nukbd0: \u003cChicony USB Keyboard, class 0/0, rev 1.10/1.01, addr 2\u003e on uhub5\nkbd2 at ukbd0\nuhid0: \u003cChicony USB Keyboard, class 0/0, rev 1.10/1.01, addr 2\u003e on uhub5\nukbd0: at uhub5 port 2 (addr 2) disconnected\nukbd0: detached\nuhid0: at uhub5 port 2 (addr 2) disconnected\nuhid0: detached\nukbd0: \u003cMicrosoft Natural\\M-. Ergonomic Keyboard 4000, class 0/0, rev 2.00/1.73, addr 2\u003e on uhub5\nkbd2 at ukbd0\nuhid0: \u003cMicrosoft Natural\\M-. Ergonomic Keyboard 4000, class 0/0, rev 2.00/1.73, addr 2\u003e on uhub5\nukbd0: at uhub5 port 2 (addr 2) disconnected\nukbd0: detached\nuhid0: at uhub5 port 2 (addr 2) disconnected\nuhid0: detached\nukbd0: \u003cMicrosoft Natural\\M-. Ergonomic Keyboard 4000, class 0/0, rev 2.00/1.73, addr 2\u003e on uhub2\nkbd2 at ukbd0\nuhid0: \u003cMicrosoft Natural\\M-. Ergonomic Keyboard 4000, class 0/0, rev 2.00/1.73, addr 2\u003e on uhub2\nukbd1: \u003cChicony USB Keyboard, class 0/0, rev 1.10/1.01, addr 2\u003e on uhub5\nkbd3 at ukbd1\nuhid1: \u003cChicony USB Keyboard, class 0/0, rev 1.10/1.01, addr 2\u003e on uhub5\nWaiting (max 60 seconds) for system process `vnlru' to stop...done\nWaiting (max 60 seconds) for system process `bufdaemon' to stop...done\nWaiting (max 60 seconds) for system process `syncer' to stop...\nSyncing disks, vnodes remaining...0 done\nAll buffers synced.\nUptime: 4h8m23s\nRebooting...\ncpu_reset: Stopping other CPUs\nCopyright (c) 1992-2008 The FreeBSD Project.\nCopyright (c) 1979, 1980, 1983, 1986, 1988, 1989, 1991, 1992, 1993, 1994\n\tThe Regents of the University of California. All rights reserved.\nFreeBSD is a registered trademark of The FreeBSD Foundation.\nFreeBSD 7.0-RELEASE #0: Tue Mar 18 12:23:52 UTC 2008\n    root@skrbekr-new.hide.vol.cz:/usr/obj/usr/src/sys/MYKERNEL\nTimecounter \"i8254\" frequency 1193182 Hz quality 0\nCPU: Intel(R) Core(TM)2 Quad CPU    Q6600  @ 2.40GHz (3185.49-MHz 686-class CPU)\n  Origin = \"GenuineIntel\"  Id = 0x6fb  Stepping = 11\n  Features=0xbfebfbff\u003cFPU,VME,DE,PSE,TSC,MSR,PAE,MCE,CX8,APIC,SEP,MTRR,PGE,MCA,CMOV,PAT,PSE36,CLFLUSH,DTS,ACPI,MMX,FXSR,SSE,SSE2,SS,HTT,TM,PBE\u003e\n  Features2=0xe3bd\u003cSSE3,RSVD2,MON,DS_CPL,VMX,EST,TM2,SSSE3,CX16,xTPR,PDCM\u003e\n  AMD Features=0x20000000\u003cLM\u003e\n  AMD Features2=0x1\u003cLAHF\u003e\n  Cores per package: 4\nreal memory  = 2119155712 (2020 MB)\navail memory = 2064084992 (1968 MB)\nACPI APIC Table: \u003cINTEL  DG33TL  \u003e\nFreeBSD/SMP: Multiprocessor System Detected: 4 CPUs\n cpu0 (BSP): APIC ID:  0\n cpu1 (AP): APIC ID:  1\n cpu2 (AP): APIC ID:  2\n cpu3 (AP): APIC ID:  3\nioapic0: Changing APIC ID to 2\nioapic0 \u003cVersion 2.0\u003e irqs 0-23 on motherboard\nkbd1 at kbdmux0\nath_hal: 0.9.20.3 (AR5210, AR5211, AR5212, RF5111, RF5112, RF2413, RF5413)\nhptrr: HPT RocketRAID controller driver v1.1 (Mar 18 2008 12:23:39)\nacpi0: \u003cINTEL DG33TL\u003e on motherboard\nacpi0: [ITHREAD]\nacpi0: Power Button (fixed)\nTimecounter \"ACPI-safe\" frequency 3579545 Hz quality 850\nacpi_timer0: \u003c24-bit timer at 3.579545MHz\u003e port 0x408-0x40b on acpi0\ncpu0: \u003cACPI CPU\u003e on acpi0\nest0: \u003cEnhanced SpeedStep Frequency Control\u003e on cpu0\np4tcc0: \u003cCPU Frequency Thermal Control\u003e on cpu0\ncpu1: \u003cACPI CPU\u003e on acpi0\nest1: \u003cEnhanced SpeedStep Frequency Control\u003e on cpu1\np4tcc1: \u003cCPU Frequency Thermal Control\u003e on cpu1\ncpu2: \u003cACPI CPU\u003e on acpi0\nest2: \u003cEnhanced SpeedStep Frequency Control\u003e on cpu2\np4tcc2: \u003cCPU Frequency Thermal Control\u003e on cpu2\ncpu3: \u003cACPI CPU\u003e on acpi0\nest3: \u003cEnhanced SpeedStep Frequency Control\u003e on cpu3\np4tcc3: \u003cCPU Frequency Thermal Control\u003e on cpu3\nacpi_button0: \u003cSleep Button\u003e on acpi0\npcib0: \u003cACPI Host-PCI bridge\u003e port 0xcf8-0xcff on acpi0\npci0: \u003cACPI PCI bus\u003e on pcib0\nvgapci0: \u003cVGA-compatible display\u003e port 0x2460-0x2467 mem\n0x90280000-0x902fffff,0x80000000-0x8fffffff,0x90100000-0x901fffff irq 16 at device 2.0 on pci0\nvgapci1: \u003cVGA-compatible display\u003e mem 0x90200000-0x9027ffff at device 2.1 on pci0\npci0: \u003csimple comms\u003e at device 3.0 (no driver attached)\nem0: \u003cIntel(R) PRO/1000 Network Connection Version - 6.7.3\u003e port 0x20e0-0x20ff mem\n0x90300000-0x9031ffff,0x90324000-0x90324fff irq 20 at device 25.0 on pci0\nem0: Using MSI interrupt\nem0: Ethernet address: 00:1c:c0:2b:d9:e9\nem0: [FILTER]\nuhci0: \u003cUHCI (generic) USB controller\u003e port 0x20c0-0x20df irq 18 at device 26.0 on pci0\nuhci0: [GIANT-LOCKED]\nuhci0: [ITHREAD]\nusb0: \u003cUHCI (generic) USB controller\u003e on uhci0\nusb0: USB revision 1.0\nuhub0: \u003cIntel UHCI root hub, class 9/0, rev 1.00/1.00, addr 1\u003e on usb0\nuhub0: 2 ports with 2 removable, self powered\nuhci1: \u003cUHCI (generic) USB controller\u003e port 0x20a0-0x20bf irq 21 at device 26.1 on pci0\nuhci1: [GIANT-LOCKED]\nuhci1: [ITHREAD]\nusb1: \u003cUHCI (generic) USB controller\u003e on uhci1\nusb1: USB revision 1.0\nuhub1: \u003cIntel UHCI root hub, class 9/0, rev 1.00/1.00, addr 1\u003e on usb1\nuhub1: 2 ports with 2 removable, self powered\nuhci2: \u003cUHCI (generic) USB controller\u003e port 0x2080-0x209f irq 17 at device 26.2 on pci0\nuhci2: [GIANT-LOCKED]\nuhci2: [ITHREAD]\nusb2: \u003cUHCI (generic) USB controller\u003e on uhci2\nusb2: USB revision 1.0\nuhub2: \u003cIntel UHCI root hub, class 9/0, rev 1.00/1.00, addr 1\u003e on usb2\nuhub2: 2 ports with 2 removable, self powered\nehci0: \u003cEHCI (generic) USB 2.0 controller\u003e mem 0x90325400-0x903257ff irq 17 at device 26.7 on pci0\nehci0: [GIANT-LOCKED]\nehci0: [ITHREAD]\nusb3: EHCI version 1.0\nusb3: companion controllers, 2 ports each: usb0 usb1 usb2\nusb3: \u003cEHCI (generic) USB 2.0 controller\u003e on ehci0\nusb3: USB revision 2.0\nuhub3: \u003cIntel EHCI root hub, class 9/0, rev 2.00/1.00, addr 1\u003e on usb3\nuhub3: 6 ports with 6 removable, self powered\npcm0: \u003cIntel 82801I High Definition Audio Controller\u003e mem 0x90320000-0x90323fff irq 22 at device 27.0 on pci0\npcm0: [ITHREAD]\npcib1: \u003cACPI PCI-PCI bridge\u003e at device 28.0 on pci0\npci1: \u003cACPI PCI bus\u003e on pcib1\npcib2: \u003cACPI PCI-PCI bridge\u003e at device 28.1 on pci0\npci2: \u003cACPI PCI bus\u003e on pcib2\npcib3: \u003cACPI PCI-PCI bridge\u003e at device 28.2 on pci0\npci3: \u003cACPI PCI bus\u003e on pcib3\natapci0: \u003cMarvell 88SX6101 UDMA133 controller\u003e port\n0x1018-0x101f,0x1024-0x1027,0x1010-0x1017,0x1020-0x1023,0x1000-0x100f mem 0x90000000-0x900001ff irq 18 at device 0.0 on\npci3\natapci0: [ITHREAD]\nata2: \u003cATA channel 0\u003e on atapci0\nata2: [ITHREAD]\npcib4: \u003cACPI PCI-PCI bridge\u003e at device 28.3 on pci0\npci4: \u003cACPI PCI bus\u003e on pcib4\npcib5: \u003cACPI PCI-PCI bridge\u003e at device 28.4 on pci0\npci5: \u003cACPI PCI bus\u003e on pcib5\nuhci3: \u003cUHCI (generic) USB controller\u003e port 0x2060-0x207f irq 23 at device 29.0 on pci0\nuhci3: [GIANT-LOCKED]\nuhci3: [ITHREAD]\nusb4: \u003cUHCI (generic) USB controller\u003e on uhci3\nusb4: USB revision 1.0\nuhub4: \u003cIntel UHCI root hub, class 9/0, rev 1.00/1.00, addr 1\u003e on usb4\nuhub4: 2 ports with 2 removable, self powered\nuhci4: \u003cUHCI (generic) USB controller\u003e port 0x2040-0x205f irq 19 at device 29.1 on pci0\nuhci4: [GIANT-LOCKED]\nuhci4: [ITHREAD]\nusb5: \u003cUHCI (generic) USB controller\u003e on uhci4\nusb5: USB revision 1.0\nuhub5: \u003cIntel UHCI root hub, class 9/0, rev 1.00/1.00, addr 1\u003e on usb5\nuhub5: 2 ports with 2 removable, self powered\nuhci5: \u003cUHCI (generic) USB controller\u003e port 0x2020-0x203f irq 18 at device 29.2 on pci0\nuhci5: [GIANT-LOCKED]\nuhci5: [ITHREAD]\nusb6: \u003cUHCI (generic) USB controller\u003e on uhci5\nusb6: USB revision 1.0\nuhub6: \u003cIntel UHCI root hub, class 9/0, rev 1.00/1.00, addr 1\u003e on usb6\nuhub6: 2 ports with 2 removable, self powered\nehci1: \u003cEHCI (generic) USB 2.0 controller\u003e mem 0x90325000-0x903253ff irq 23 at device 29.7 on pci0\nehci1: [GIANT-LOCKED]\nehci1: [ITHREAD]\nusb7: EHCI version 1.0\nusb7: companion controllers, 2 ports each: usb4 usb5 usb6\nusb7: \u003cEHCI (generic) USB 2.0 controller\u003e on ehci1\nusb7: USB revision 2.0\nuhub7: \u003cIntel EHCI root hub, class 9/0, rev 2.00/1.00, addr 1\u003e on usb7\nuhub7: 6 ports with 6 removable, self powered\npcib6: \u003cACPI PCI-PCI bridge\u003e at device 30.0 on pci0\npci6: \u003cACPI PCI bus\u003e on pcib6\nisab0: \u003cPCI-ISA bridge\u003e at device 31.0 on pci0\nisa0: \u003cISA bus\u003e on isab0\natapci1: \u003cIntel ICH9 SATA300 controller\u003e port 0x1f0-0x1f7,0x3f6,0x170-0x177,0x376,0x2430-0x243f,0x2420-0x242f irq 21 at\ndevice 31.2 on pci0\nata0: \u003cATA channel 0\u003e on atapci1\nata0: [ITHREAD]\nata1: \u003cATA channel 1\u003e on atapci1\nata1: [ITHREAD]\npci0: \u003cserial bus, SMBus\u003e at device 31.3 (no driver attached)\natapci2: \u003cIntel ICH9 SATA300 controller\u003e port\n0x2448-0x244f,0x246c-0x246f,0x2440-0x2447,0x2468-0x246b,0x2410-0x241f,0x2400-0x240f irq 21 at device 31.5 on pci0\natapci2: [ITHREAD]\nata3: \u003cATA channel 0\u003e on atapci2\nata3: [ITHREAD]\nata4: \u003cATA channel 1\u003e on atapci2\nata4: [ITHREAD]\nsio0: \u003c16550A-compatible COM port\u003e port 0x3f8-0x3ff irq 4 flags 0x10 on acpi0\nsio0: type 16550A\nsio0: [FILTER]\npmtimer0 on isa0\natkbdc0: \u003cKeyboard controller (i8042)\u003e at port 0x60,0x64 on isa0\natkbd0: \u003cAT Keyboard\u003e irq 1 on atkbdc0\nkbd0 at atkbd0\natkbd0: [GIANT-LOCKED]\natkbd0: [ITHREAD]\nppc0: parallel port not found.\nsc0: \u003cSystem console\u003e at flags 0x100 on isa0\nsc0: VGA \u003c16 virtual consoles, flags=0x300\u003e\nsio1 at port 0x2f8-0x2ff irq 3 on isa0\nsio1: type 16550A\nsio1: [FILTER]\nvga0: \u003cGeneric ISA VGA\u003e at port 0x3c0-0x3df iomem 0xa0000-0xbffff on isa0\nukbd0: \u003cMicrosoft Natural\\M-. Ergonomic Keyboard 4000, class 0/0, rev 2.00/1.73, addr 2\u003e on uhub2\nkbd2 at ukbd0\nuhid0: \u003cMicrosoft Natural\\M-. Ergonomic Keyboard 4000, class 0/0, rev 2.00/1.73, addr 2\u003e on uhub2\nukbd1: \u003cChicony USB Keyboard, class 0/0, rev 1.10/1.01, addr 2\u003e on uhub5\nkbd3 at ukbd1\nuhid1: \u003cChicony USB Keyboard, class 0/0, rev 1.10/1.01, addr 2\u003e on uhub5\nums0: \u003cLogitech USB-PS/2 Optical Mouse, class 0/0, rev 2.00/20.00, addr 2\u003e on uhub6\nums0: 3 buttons and Z dir.\nTimecounters tick every 1.000 msec\nhptrr: no controller detected.\nad4: 152627MB \u003cWDC WD1600AAJB-00PVA0 00.07H00\u003e at ata2-master UDMA100\npcm0: \u003cHDA Codec: Sigmatel STAC9271D\u003e\npcm0: \u003cHDA Driver Revision: 20071129_0050\u003e\nSMP: AP CPU #1 Launched!\nSMP: AP CPU #2 Launched!\nSMP: AP CPU #3 Launched!\nTrying to mount root from ufs:/dev/ad4s1a\nukbd1: at uhub5 port 2 (addr 2) disconnected\nukbd1: detached\nuhid1: at uhub5 port 2 (addr 2) disconnected\nuhid1: detached\nukbd0: at uhub2 port 2 (addr 2) disconnected\nukbd0: detached\nuhid0: at uhub2 port 2 (addr 2) disconnected\nuhid0: detached\nukbd0: \u003cChicony USB Keyboard, class 0/0, rev 1.10/1.01, addr 2\u003e on uhub5\nkbd2 at ukbd0\nuhid0: \u003cChicony USB Keyboard, class 0/0, rev 1.10/1.01, addr 2\u003e on uhub5\nums0: at uhub6 port 2 (addr 2) disconnected\nums0: detached\nums0: \u003cKYE Genius USB Wheel Mouse, class 0/0, rev 1.00/2.42, addr 2\u003e on uhub6\nums0: 5 buttons and Z dir.\nukbd1: \u003cMicrosoft Natural\\M-. Ergonomic Keyboard 4000, class 0/0, rev 2.00/1.73, addr 2\u003e on uhub2\nkbd3 at ukbd1\nuhid1: \u003cMicrosoft Natural\\M-. Ergonomic Keyboard 4000, class 0/0, rev 2.00/1.73, addr 2\u003e on uhub2\nHow-To-Repeat: Connect Microsoft Natural Ergonomic Keyboard 4000 v1.0 to PC with mother-\nboard Intel DG33TL and press ALT+F2, ALT+F3, ..."
}