{
 "id": 527813,
 "bug_id": 140472,
 "attachment_id": 0,
 "creation_time": "2009-12-05T09:07:46Z",
 "creator": "hashiz@meridiani.jp",
 "text": "I saw same ploblem in nForce MCP73.\nA signature value is incorrect after softreset.(but correct after hardreset)\n\ndmesg:\n\nCopyright (c) 1992-2009 The FreeBSD Project.\nCopyright (c) 1979, 1980, 1983, 1986, 1988, 1989, 1991, 1992, 1993, 1994\n\tThe Regents of the University of California. All rights reserved.\nFreeBSD is a registered trademark of The FreeBSD Foundation.\nFreeBSD 8.0-STABLE #29: Sat Dec  5 15:58:56 JST 2009\n    hashiz@stenmark.meridiani.jp:/usr/obj/usr/src/sys/STENMARK i386\nTimecounter \"i8254\" frequency 1193182 Hz quality 0\nCPU: Intel(R) Core(TM)2 Duo CPU     E8400  @ 3.00GHz (3000.00-MHz 686-class CPU)\n  Origin = \"GenuineIntel\"  Id = 0x10676  Stepping = 6\n  Features=0xbfebfbff\u003cFPU,VME,DE,PSE,TSC,MSR,PAE,MCE,CX8,APIC,SEP,MTRR,PGE,MCA,CMOV,PAT,PSE36,CLFLUSH,DTS,ACPI,MMX,FXSR,SSE,SSE2,SS,HTT,TM,PBE\u003e\n  Features2=0x8e3fd\u003cSSE3,DTES64,MON,DS_CPL,VMX,SMX,EST,TM2,SSSE3,CX16,xTPR,PDCM,SSE4.1\u003e\n  AMD Features=0x20100000\u003cNX,LM\u003e\n  AMD Features2=0x1\u003cLAHF\u003e\n  TSC: P-state invariant\nreal memory  = 2147483648 (2048 MB)\navail memory = 1811767296 (1727 MB)\nACPI APIC Table: \u003cNvidia NVDAACPI\u003e\nFreeBSD/SMP: Multiprocessor System Detected: 2 CPUs\nFreeBSD/SMP: 1 package(s) x 2 core(s)\n cpu0 (BSP): APIC ID:  0\n cpu1 (AP): APIC ID:  1\nACPI Warning: Optional field Pm2ControlBlock has zero address or length:        0       0/1 20090521 tbfadt-655\nioapic0: Changing APIC ID to 4\nioapic0 \u003cVersion 1.1\u003e irqs 0-23 on motherboard\nwlan: mac acl policy registered\nkbd1 at kbdmux0\nkqemu version 0x00010400\nkqemu: KQEMU installed, max_locked_mem=905932kB.\nacpi0: \u003cNvidia NVDAACPI\u003e on motherboard\nacpi0: [ITHREAD]\nacpi0: Power Button (fixed)\nacpi0: reservation of 100000, 7fdf0000 (3) failed\nacpi0: reservation of 0, a0000 (3) failed\nTimecounter \"ACPI-fast\" frequency 3579545 Hz quality 1000\nacpi_timer0: \u003c24-bit timer at 3.579545MHz\u003e port 0x1008-0x100b on acpi0\nacpi_hpet0: \u003cHigh Precision Event Timer\u003e iomem 0xfeff0000-0xfeff03ff on acpi0\nTimecounter \"HPET\" frequency 25000000 Hz quality 900\nacpi_button0: \u003cPower Button\u003e on acpi0\npcib0: \u003cACPI Host-PCI bridge\u003e port 0xcf8-0xcff on acpi0\npci0: \u003cACPI PCI bus\u003e on pcib0\npci0: \u003cmemory, RAM\u003e at device 0.1 (no driver attached)\npci0: \u003cmemory, RAM\u003e at device 1.0 (no driver attached)\npci0: \u003cmemory, RAM\u003e at device 1.1 (no driver attached)\npci0: \u003cmemory, RAM\u003e at device 1.2 (no driver attached)\npci0: \u003cmemory, RAM\u003e at device 1.3 (no driver attached)\npci0: \u003cmemory, RAM\u003e at device 1.4 (no driver attached)\npci0: \u003cmemory, RAM\u003e at device 1.5 (no driver attached)\npci0: \u003cmemory, RAM\u003e at device 1.6 (no driver attached)\npci0: \u003cmemory, RAM\u003e at device 2.0 (no driver attached)\nisab0: \u003cPCI-ISA bridge\u003e at device 3.0 on pci0\nisa0: \u003cISA bus\u003e on isab0\npci0: \u003cserial bus, SMBus\u003e at device 3.1 (no driver attached)\npci0: \u003cmemory, RAM\u003e at device 3.2 (no driver attached)\npci0: \u003cmemory, RAM\u003e at device 3.4 (no driver attached)\nohci0: \u003cOHCI (generic) USB controller\u003e mem 0xeffff000-0xefffffff irq 21 at device 4.0 on pci0\nohci0: [ITHREAD]\nusbus0: \u003cOHCI (generic) USB controller\u003e on ohci0\nehci0: \u003cEHCI (generic) USB 2.0 controller\u003e mem 0xefffe000-0xefffe0ff irq 22 at device 4.1 on pci0\nehci0: [ITHREAD]\nusbus1: EHCI version 1.0\nusbus1: \u003cEHCI (generic) USB 2.0 controller\u003e on ehci0\natapci0: \u003cnVidia nForce MCP73 UDMA133 controller\u003e port 0x1f0-0x1f7,0x3f6,0x170-0x177,0x376,0xfc00-0xfc0f at device 8.0 on pci0\nata0: \u003cATA channel 0\u003e on atapci0\nata0: [ITHREAD]\nata1: \u003cATA channel 1\u003e on atapci0\nata1: [ITHREAD]\nhdac0: \u003cNVidia MCP73 High Definition Audio Controller\u003e mem 0xefff4000-0xefff7fff irq 23 at device 9.0 on pci0\nhdac0: HDA Driver Revision: 20091113_0138\nhdac0: [ITHREAD]\npcib1: \u003cACPI PCI-PCI bridge\u003e at device 10.0 on pci0\npci1: \u003cACPI PCI bus\u003e on pcib1\nsym0: \u003c875\u003e port 0xce00-0xceff mem 0xefbff000-0xefbff0ff,0xefbfe000-0xefbfefff irq 18 at device 6.0 on pci1\nsym0: Tekram NVRAM, ID 7, Fast-20, SE, parity checking\nsym0: [ITHREAD]\nrl0: \u003cRealTek 8139 10/100BaseTX\u003e port 0xcc00-0xccff mem 0xefbfd000-0xefbfd0ff irq 19 at device 7.0 on pci1\nmiibus0: \u003cMII bus\u003e on rl0\nrlphy0: \u003cRealTek internal media interface\u003e PHY 0 on miibus0\nrlphy0:  10baseT, 10baseT-FDX, 100baseTX, 100baseTX-FDX, auto\nrl0: Ethernet address: 00:0a:79:f1:60:b7\nrl0: [ITHREAD]\npcib2: \u003cACPI PCI-PCI bridge\u003e at device 11.0 on pci0\npci2: \u003cACPI PCI bus\u003e on pcib2\npcib3: \u003cACPI PCI-PCI bridge\u003e at device 12.0 on pci0\npci3: \u003cACPI PCI bus\u003e on pcib3\npcib4: \u003cACPI PCI-PCI bridge\u003e at device 13.0 on pci0\npci4: \u003cACPI PCI bus\u003e on pcib4\nre0: \u003cRealTek 8168/8168B/8168C/8168CP/8168D/8168DP/8111B/8111C/8111CP/8111DP PCIe Gigabit Ethernet\u003e port 0xde00-0xdeff mem 0xefdff000-0xefdfffff irq 16 at device 0.0 on pci4\nre0: Using 1 MSI messages\nre0: Chip rev. 0x38000000\nre0: MAC rev. 0x00000000\nmiibus1: \u003cMII bus\u003e on re0\nrgephy0: \u003cRTL8169S/8110S/8211B media interface\u003e PHY 1 on miibus1\nrgephy0:  10baseT, 10baseT-FDX, 100baseTX, 100baseTX-FDX, 1000baseT, 1000baseT-FDX, auto\nre0: Ethernet address: 00:e0:4d:64:0b:d5\nre0: [FILTER]\natapci1: \u003cnVidia nForce MCP73 SATA300 controller\u003e port 0x9f0-0x9f7,0xbf0-0xbf3,0x970-0x977,0xb70-0xb73,0xf700-0xf70f mem 0xefff8000-0xefff9fff irq 20 at device 14.0 on pci0\natapci1: [ITHREAD]\natapci1: AHCI v1.10 controller with 4 3Gbps ports, PM supported\nata2: \u003cATA channel 0\u003e on atapci1\nata2: AHCI reset...\nata2: hardware reset ...\nata2: SATA connect time=0ms status=00000123\nata2: ready wait time=0ms\nata2: AHCI reset done: SIGNATURE=00000101\nata2: software reset port 15...\nata2: ready wait time=0ms\nata2: SIGNATURE: 00000001\nata2: AHCI reset done: devices=00000001\nata2: [MPSAFE]\nata2: [ITHREAD]\nata3: \u003cATA channel 1\u003e on atapci1\nata3: AHCI reset...\nata3: hardware reset ...\nata3: SATA connect time=0ms status=00000123\nata3: ready wait time=15ms\nata3: AHCI reset done: SIGNATURE=00000101\nata3: software reset port 15...\nata3: ready wait time=0ms\nata3: SIGNATURE: 00000001\nata3: AHCI reset done: devices=00000001\nata3: [MPSAFE]\nata3: [ITHREAD]\nata4: \u003cATA channel 2\u003e on atapci1\nata4: AHCI reset...\nata4: hardware reset ...\nata4: SATA connect timeout status=00000000\nata4: AHCI reset done: phy reset found no device\nata4: [MPSAFE]\nata4: [ITHREAD]\nata5: \u003cATA channel 3\u003e on atapci1\nata5: AHCI reset...\nata5: hardware reset ...\nata5: SATA connect time=0ms status=00000113\nata5: ready wait time=0ms\nata5: AHCI reset done: SIGNATURE=eb140101\nata5: software reset port 15...\nata5: ready wait time=0ms\nata5: SIGNATURE: 00000001\nata5: AHCI reset done: devices=00000001\nata5: [MPSAFE]\nata5: [ITHREAD]\nvgapci0: \u003cVGA-compatible display\u003e mem 0xed000000-0xedffffff,0xd0000000-0xdfffffff,0xee000000-0xeeffffff irq 21 at device 16.0 on pci0\nnvidia0: \u003cGeForce 7150 / nForce 630i\u003e on vgapci0\nvgapci0: child nvidia0 requested pci_enable_busmaster\nvgapci0: child nvidia0 requested pci_enable_io\nvgapci0: Reserved 0x1000000 bytes for rid 0x10 type 3 at 0xed000000\nvgapci0: Reserved 0x10000000 bytes for rid 0x14 type 3 at 0xd0000000\nvgapci0: Reserved 0x1000000 bytes for rid 0x1c type 3 at 0xee000000\nvgapci0: child nvidia0 requested pci_enable_io\nnvidia0: [GIANT-LOCKED]\nnvidia0: [ITHREAD]\nacpi_tz0: \u003cThermal Zone\u003e on acpi0\natrtc0: \u003cAT realtime clock\u003e port 0x70-0x73 on acpi0\natrtc0: registered as a time-of-day clock (resolution 1000000us)\nfdc0: \u003cfloppy drive controller\u003e port 0x3f0-0x3f5,0x3f7 irq 6 drq 2 on acpi0\nfdc0: ic_type 90 part_id 80\nioapic0: routing intpin 6 (ISA IRQ 6) to lapic 0 vector 58\nfdc0: [FILTER]\nuart0: \u003c16550 or compatible\u003e port 0x3f8-0x3ff irq 4 flags 0x80 on acpi0\nioapic0: routing intpin 4 (ISA IRQ 4) to lapic 0 vector 59\nuart0: [FILTER]\nuart0: fast interrupt\nuart0: debug port (9600,n,8,1)\nppc0: using extended I/O port range\nppc0: SPP\nppc0: \u003cParallel port\u003e port 0x378-0x37f irq 7 on acpi0\nppc0: Generic chipset (NIBBLE-only) in COMPATIBLE mode\nioapic0: routing intpin 7 (ISA IRQ 7) to lapic 0 vector 60\nppc0: [MPSAFE]\nppc0: [ITHREAD]\nppbus0: \u003cParallel port bus\u003e on ppc0\nlpt0: \u003cPrinter\u003e on ppbus0\nlpt0: [MPSAFE]\nlpt0: [ITHREAD]\nlpt0: Interrupt-driven port\natkbdc0: \u003cKeyboard controller (i8042)\u003e port 0x60,0x64 irq 1 on acpi0\natkbd0: \u003cAT Keyboard\u003e irq 1 on atkbdc0\natkbd: the current kbd controller command byte 0047\natkbd: keyboard ID 0xffffffff (1)\nkbd0 at atkbd0\nkbd0: atkbd0, AT 84 (1), config:0x0, flags:0x3d0000\nioapic0: routing intpin 1 (ISA IRQ 1) to lapic 0 vector 61\natkbd0: [GIANT-LOCKED]\natkbd0: [ITHREAD]\npsm0: unable to allocate IRQ\ncpu0: \u003cACPI CPU\u003e on acpi0\ncpu0: switching to generic Cx mode\nest0: \u003cEnhanced SpeedStep Frequency Control\u003e on cpu0\nest: CPU supports Enhanced Speedstep, but is not recognized.\nest: cpu_vendor GenuineIntel, msr 61a092006000920\ndevice_attach: est0 attach returned 6\np4tcc0: \u003cCPU Frequency Thermal Control\u003e on cpu0\ncpu1: \u003cACPI CPU\u003e on acpi0\nest1: \u003cEnhanced SpeedStep Frequency Control\u003e on cpu1\nest: CPU supports Enhanced Speedstep, but is not recognized.\nest: cpu_vendor GenuineIntel, msr 61a092006000920\ndevice_attach: est1 attach returned 6\np4tcc1: \u003cCPU Frequency Thermal Control\u003e on cpu1\npnp_identify: Trying Read_Port at 203\npnp_identify: Trying Read_Port at 243\npnp_identify: Trying Read_Port at 283\npnp_identify: Trying Read_Port at 2c3\npnp_identify: Trying Read_Port at 303\npnp_identify: Trying Read_Port at 343\npnp_identify: Trying Read_Port at 383\npnp_identify: Trying Read_Port at 3c3\nPNP Identify complete\nisa_probe_children: disabling PnP devices\npmtimer0 on isa0\nata: ata0 already exists; skipping it\nata: ata1 already exists; skipping it\natkbdc: atkbdc0 already exists; skipping it\natrtc: atrtc0 already exists; skipping it\nfdc: fdc0 already exists; skipping it\nppc: ppc0 already exists; skipping it\nsc: sc0 already exists; skipping it\nuart: uart0 already exists; skipping it\nisa_probe_children: probing non-PnP devices\norm0: \u003cISA Option ROMs\u003e at iomem 0xd0000-0xd3fff,0xd5000-0xd77ff pnpid ORM0000 on isa0\nsc0: \u003cSystem console\u003e at flags 0x100 on isa0\nsc0: VGA \u003c16 virtual consoles, flags=0x300\u003e\nsc0: fb0, kbd1, terminal emulator: scteken (teken terminal)\nvga0: \u003cGeneric ISA VGA\u003e at port 0x3c0-0x3df iomem 0xa0000-0xbffff on isa0\nuart1: \u003cns8250\u003e failed to probe at port 0x2f8-0x2ff irq 3 on isa0\nisa_probe_children: probing PnP devices\nDevice configuration finished.\nReducing kern.maxvnodes 117082 -\u003e 100000\nprocfs registered\nlapic: Divisor 2, Frequency 166666931 hz\nTimecounter \"TSC\" frequency 3000004839 Hz quality -100\nTimecounters tick every 1.000 msec\nvboxdrv: fAsync=0 offMin=0x42f offMax=0x723\nLinux ELF exec handler installed\nlo0: bpf attached\nhptrr: no controller detected.\nWaiting 5 seconds for SCSI devices to settle\nata0: Identifying devices: 00000000\nata0: New devices: 00000000\nata1: Identifying devices: 00000000\nata1: New devices: 00000000\nata2: Identifying devices: 00000001\nata2: New devices: 00000001\nusbus0: 12Mbps Full Speed USB v1.0\nusbus1: 480Mbps High Speed USB v2.0\nugen0.1: \u003cnVidia\u003e at usbus0\nuhub0: \u003cnVidia OHCI root HUB, class 9/0, rev 1.00/1.00, addr 1\u003e on usbus0\nugen1.1: \u003cnVidia\u003e at usbus1\nuhub1: \u003cnVidia EHCI root HUB, class 9/0, rev 2.00/1.00, addr 1\u003e on usbus1\nfdc0: output ready timeout\nfdc0: output ready timeout\nfdc0: output ready timeout\nuhub0: 10 ports with 10 removable, self powered\nfdc0: output ready timeout\nfdc0: output ready timeout\nfdc0: output ready timeout\nfdc0: output ready timeout\nata2-master: pio=PIO4 wdma=WDMA2 udma=UDMA133 cable=40 wire\nad0: 238475MB \u003cHitachi HDT725025VLA380 V5DOA7KA\u003e at ata2-master SATA300\nad0: 488397168 sectors [484521C/16H/63S] 16 sectors/interrupt 1 depth queue\nata3: Identifying devices: 00000001\nata3: New devices: 00000001\nGEOM: new disk ad0\nata3-master: pio=PIO4 wdma=WDMA2 udma=UDMA133 cable=40 wire\nad1: 238475MB \u003cHitachi HDT725025VLA380 V5DOA7KA\u003e at ata3-master SATA300\nad1: 488397168 sectors [484521C/16H/63S] 16 sectors/interrupt 1 depth queue\nata4: Identifying devices: 00000000\nata4: New devices: 00000000\nata5: Identifying devices: 00000001\nata5: New devices: 00000001\nunknown: FAILURE - ATA_IDENTIFY status=51\u003cREADY,DSC,ERROR\u003e error=4\u003cABORTED\u003e LBA=0\nGEOM: new disk ad1\nata5: reiniting channel ..\nata5: AHCI reset...\nata5: hardware reset ...\nata5: SATA connect time=0ms status=00000113\nata5: ready wait time=0ms\nata5: AHCI reset done: SIGNATURE=eb140101\nata5: software reset port 15...\nata5: ready wait time=0ms\nata5: SIGNATURE: 00000001\nata5: AHCI reset done: devices=00000001\nata5: reinit done ..\nunknown: FAILURE - ATA_IDENTIFY timed out LBA=0\nfdc0: output ready timeout\nfdc0: input ready timeout\nfdc0: input ready timeout\nfdc0: output ready timeout\nfdc0: input ready timeout\nfdc0: input ready timeout\nfdc0: output ready timeout\nfdc0: input ready timeout\nfdc0: input ready timeout\nfdc0: output ready timeout\nfdc0: input ready timeout\nfdc0: input ready timeout"
}