{
 "id": 356003,
 "bug_id": 104765,
 "attachment_id": 0,
 "creation_time": "2006-10-24T19:40:17Z",
 "creator": "gallasch@free.de",
 "text": "Kernel panics after 1-3 days uptime with trap number 12 - page fault.\n\n\n\nkernel config:\n--------------\nGENERIC (SMP) with \"makeoptions DEBUG=-g\"\n$FreeBSD: src/sys/amd64/conf/GENERIC,v 1.439.2.14 2006/10/09 18:41:36 simon Exp $\n\n\nHardware:\n---------\n\nHP/Compaq DL385 Dual Opteron (Dual Core) with ServeRaid 6 (Raid 5) and 1G RAM.\n\n\ndmesg:\n------\n\nCopyright (c) 1992-2006 The FreeBSD Project.\nCopyright (c) 1979, 1980, 1983, 1986, 1988, 1989, 1991, 1992, 1993, 1994\n        The Regents of the University of California. All rights reserved.\nFreeBSD is a registered trademark of The FreeBSD Foundation.\nFreeBSD 6.2-PRERELEASE #0: Sun Oct 22 13:36:38 CEST 2006\n    houdini@geldkraft.free.de:/usr/obj/usr/src/sys/SMP\nACPI APIC Table: \u003cHP     00000083\u003e\nTimecounter \"i8254\" frequency 1193182 Hz quality 0\nCPU: AMD Opteron(tm) Processor 280 (2405.47-MHz K8-class CPU)\n  Origin = \"AuthenticAMD\"  Id = 0x20f12  Stepping = 2\n  Features=0x178bfbff\u003cFPU,VME,DE,PSE,TSC,MSR,PAE,MCE,CX8,APIC,SEP,MTRR,PGE,MCA,CMOV,PAT,PSE36,CLFLUSH,MMX,FXSR,SSE,SSE2,HTT\u003e\n  Features2=0x1\u003cSSE3\u003e\n  AMD Features=0xe2500800\u003cSYSCALL,NX,MMX+,FFXSR,LM,3DNow+,3DNow\u003e\n  AMD Features2=0x2\u003cCMP\u003e\n  Cores per package: 2\nreal memory  = 1073709056 (1023 MB)\navail memory = 1023938560 (976 MB)\nFreeBSD/SMP: Multiprocessor System Detected: 4 CPUs\n cpu0 (BSP): APIC ID:  0\n cpu1 (AP): APIC ID:  1\n cpu2 (AP): APIC ID:  2\n cpu3 (AP): APIC ID:  3\nMADT: Forcing active-low polarity and level trigger for SCI\nioapic0 \u003cVersion 1.1\u003e irqs 0-23 on motherboard\nioapic1 \u003cVersion 1.1\u003e irqs 24-27 on motherboard\nioapic2 \u003cVersion 1.1\u003e irqs 28-31 on motherboard\nioapic3 \u003cVersion 1.1\u003e irqs 32-35 on motherboard\nioapic4 \u003cVersion 1.1\u003e irqs 36-39 on motherboard\nkbd1 at kbdmux0\nath_hal: 0.9.17.2 (AR5210, AR5211, AR5212, RF5111, RF5112, RF2413, RF5413)\nacpi0: \u003cHP A05\u003e on motherboard\nacpi0: Power Button (fixed)\nTimecounter \"ACPI-fast\" frequency 3579545 Hz quality 1000\nacpi_timer0: \u003c32-bit timer at 3.579545MHz\u003e port 0x908-0x90b on acpi0\ncpu0: \u003cACPI CPU\u003e on acpi0\ncpu1: \u003cACPI CPU\u003e on acpi0\ncpu2: \u003cACPI CPU\u003e on acpi0\ncpu3: \u003cACPI CPU\u003e on acpi0\npcib0: \u003cACPI Host-PCI bridge\u003e on acpi0\npci0: \u003cACPI PCI bus\u003e on pcib0\npcib1: \u003cACPI PCI-PCI bridge\u003e at device 3.0 on pci0\npci1: \u003cACPI PCI bus\u003e on pcib1\nohci0: \u003cOHCI (generic) USB controller\u003e mem 0xf7df0000-0xf7df0fff irq 19 at device 0.0 on pci1\nohci0: [GIANT-LOCKED]\nusb0: OHCI version 1.0, legacy support\nusb0: SMM does not respond, resetting\nusb0: \u003cOHCI (generic) USB controller\u003e on ohci0\nusb0: USB revision 1.0\nuhub0: AMD OHCI root hub, class 9/0, rev 1.00/1.00, addr 1\nuhub0: 3 ports with 3 removable, self powered\nohci1: \u003cOHCI (generic) USB controller\u003e mem 0xf7de0000-0xf7de0fff irq 19 at device 0.1 on pci1\nohci1: [GIANT-LOCKED]\nusb1: OHCI version 1.0, legacy support\nusb1: SMM does not respond, resetting\nusb1: \u003cOHCI (generic) USB controller\u003e on ohci1\nusb1: USB revision 1.0\nuhub1: AMD OHCI root hub, class 9/0, rev 1.00/1.00, addr 1\nuhub1: 3 ports with 3 removable, self powered\npci1: \u003cbase peripheral\u003e at device 2.0 (no driver attached)\npci1: \u003cbase peripheral\u003e at device 2.2 (no driver attached)\npci1: \u003cdisplay, VGA\u003e at device 3.0 (no driver attached)\nisab0: \u003cPCI-ISA bridge\u003e at device 4.0 on pci0\nisa0: \u003cISA bus\u003e on isab0\natapci0: \u003cAMD 8111 UDMA133 controller\u003e port 0x1f0-0x1f7,0x3f6,0x170-0x177,0x376,0x2000-0x200f at device 4.1 on pci0\nata0: \u003cATA channel 0\u003e on atapci0\nata1: \u003cATA channel 1\u003e on atapci0\npci0: \u003cbridge\u003e at device 4.3 (no driver attached)\npcib2: \u003cACPI PCI-PCI bridge\u003e at device 7.0 on pci0\npci2: \u003cACPI PCI bus\u003e on pcib2\nciss0: \u003cHP Smart Array 6i\u003e port 0x5000-0x50ff mem 0xf7ef0000-0xf7ef1fff,0xf7e80000-0xf7ebffff irq 24 at device 4.0 on pci2\nciss0: [GIANT-LOCKED]\npci0: \u003cbase peripheral, interrupt controller\u003e at device 7.1 (no driver attached)\npcib3: \u003cACPI PCI-PCI bridge\u003e at device 8.0 on pci0\npci3: \u003cACPI PCI bus\u003e on pcib3\nbge0: \u003cBroadcom BCM5704 B0, ASIC rev. 0x2100\u003e mem 0xf7ff0000-0xf7ffffff irq 28 at device 6.0 on pci3\nmiibus0: \u003cMII bus\u003e on bge0\nbrgphy0: \u003cBCM5704 10/100/1000baseTX PHY\u003e on miibus0\nbrgphy0:  10baseT, 10baseT-FDX, 100baseTX, 100baseTX-FDX, 1000baseTX, 1000baseTX-FDX, auto\nbge0: Ethernet address: 00:17:a4:8f:27:68\nbge1: \u003cBroadcom BCM5704 B0, ASIC rev. 0x2100\u003e mem 0xf7fe0000-0xf7feffff irq 29 at device 6.1 on pci3\nmiibus1: \u003cMII bus\u003e on bge1\nbrgphy1: \u003cBCM5704 10/100/1000baseTX PHY\u003e on miibus1\nbrgphy1:  10baseT, 10baseT-FDX, 100baseTX, 100baseTX-FDX, 1000baseTX, 1000baseTX-FDX, auto\nbge1: Ethernet address: 00:17:a4:8f:27:67\npci0: \u003cbase peripheral, interrupt controller\u003e at device 8.1 (no driver attached)\npcib4: \u003cACPI Host-PCI bridge\u003e on acpi0\npci4: \u003cACPI PCI bus\u003e on pcib4\npcib5: \u003cACPI PCI-PCI bridge\u003e at device 9.0 on pci4\npci5: \u003cACPI PCI bus\u003e on pcib5\npci4: \u003cbase peripheral, interrupt controller\u003e at device 9.1 (no driver attached)\npcib6: \u003cACPI PCI-PCI bridge\u003e at device 10.0 on pci4\npci6: \u003cACPI PCI bus\u003e on pcib6\npci4: \u003cbase peripheral, interrupt controller\u003e at device 10.1 (no driver attached)\natkbdc0: \u003cKeyboard controller (i8042)\u003e port 0x60,0x64 irq 1 on acpi0\natkbd0: \u003cAT Keyboard\u003e flags 0x1 irq 1 on atkbdc0\nkbd0 at atkbd0\natkbd0: [GIANT-LOCKED]\npsm0: \u003cPS/2 Mouse\u003e irq 12 on atkbdc0\npsm0: [GIANT-LOCKED]\npsm0: model IntelliMouse, device ID 3\nsio0: \u003cStandard PC COM port\u003e port 0x3f8-0x3ff irq 4 flags 0x10 on acpi0\nsio0: type 16550A, console\nfdc0: \u003cfloppy drive controller (FDE)\u003e port 0x3f2-0x3f5 irq 6 drq 2 on acpi0\nfdc0: [FAST]\norm0: \u003cISA Option ROMs\u003e at iomem 0xc0000-0xc7fff,0xc8000-0xcbfff,0xee000-0xeffff on isa0\nppc0: cannot reserve I/O port range\nsc0: \u003cSystem console\u003e at flags 0x100 on isa0\nsc0: VGA \u003c16 virtual consoles, flags=0x300\u003e\nsio1 at port 0x2f8-0x2ff irq 3 on isa0\nsio1: type 16550A\nvga0: \u003cGeneric ISA VGA\u003e at port 0x3c0-0x3df iomem 0xa0000-0xbffff on isa0\nTimecounters tick every 1.000 msec\nacd0: CDROM \u003cHL-DT-ST GCR-8240N/2.03\u003e at ata0-master PIO4\nSMP: AP CPU #1 Launched!\nSMP: AP CPU #3 Launched!\nSMP: AP CPU #2 Launched!\nda0 at ciss0 bus 0 target 0 lun 0\nda0: \u003cCOMPAQ RAID 5  VOLUME OK\u003e Fixed Direct Access SCSI-0 device \nda0: 135.168MB/s transfers\nda0: 17200MB (35226720 512 byte sectors: 255H 32S/T 4317C)\nda1 at ciss0 bus 0 target 1 lun 0\nda1: \u003cCOMPAQ RAID 5  VOLUME OK\u003e Fixed Direct Access SCSI-0 device \nda1: 135.168MB/s transfers\nda1: 17200MB (35226720 512 byte sectors: 255H 32S/T 4317C)\nda2 at ciss0 bus 0 target 2 lun 0\nda2: \u003cCOMPAQ RAID 5  VOLUME OK\u003e Fixed Direct Access SCSI-0 device \nda2: 135.168MB/s transfers\nda2: 69499MB (142334880 512 byte sectors: 255H 32S/T 17443C)\nda3 at ciss0 bus 0 target 3 lun 0\nda3: \u003cCOMPAQ RAID 5  VOLUME OK\u003e Fixed Direct Access SCSI-0 device \nda3: 135.168MB/s transfers\nda3: 69499MB (142334880 512 byte sectors: 255H 32S/T 17443C)\nda4 at ciss0 bus 0 target 4 lun 0\nda4: \u003cCOMPAQ RAID 5  VOLUME OK\u003e Fixed Direct Access SCSI-0 device \nda4: 135.168MB/s transfers\nda4: 139799MB (286309920 512 byte sectors: 255H 32S/T 35087C)\n\n\nbacktrace:\n----------\n\n[GDB will not be able to debug user-mode threads: /usr/lib/libthread_db.so: Undefined symbol \"ps_pglobal_lookup\"]\nGNU gdb 6.1.1 [FreeBSD]\nCopyright 2004 Free Software Foundation, Inc.\nGDB is free software, covered by the GNU General Public License, and you are\nwelcome to change it and/or distribute copies of it under certain conditions.\nType \"show copying\" to see the conditions.\nThere is absolutely no warranty for GDB.  Type \"show warranty\" for details.\nThis GDB was configured as \"amd64-marcel-freebsd\".\n\nUnread portion of the kernel message buffer:\nd, page not present\ninstruction pointer     = 0x8:0xffffffff803eea47\nstack pointer           = 0x10:0xffffffffa814a8b0\nframe pointer           = 0x10:0x4\ncode segment            = base 0x0, limit 0xfffff, type 0x1b\n                        = DPL 0, pres 1, long 1, def32 0, gran 1\nprocessor eflags        = resume, IOPL = 0\ncurrent process         = 27596 (tcpserver)\ntrap number             = 12\npanic: page fault\ncpuid = 3\nUptime: 2h12m0s\nDumping 1023 MB (2 chunks)\n  chunk 0: 1MB (156 pages) ... ok\n  chunk 1: 1023MB (261880 pages) 1008 992 976 960 944 928 912 896 880 864 848 832 816 800 784 768 752 736 720 704 688 672 656 640 624 608 592 576 560 544 528 512 496 480 464 448 432 416 400 384 368 352 336 320 304 288 272 256 240 224 208 192 176 160 144 128 112 96 80 64 48 32 16\n\n#0  doadump () at pcpu.h:172\n172     pcpu.h: No such file or directory.\n        in pcpu.h\n(kgdb) quit\ngeldkraft:/etc # mount /usr/src/\ngeldkraft:/etc # cd /usr/src/sys/amd64/conf/\ngeldkraft:/usr/src/sys/amd64/conf # kgdb SMP  /var/crash/vmcore.0\nkgdb: bad namelist - no kernbase\ngeldkraft:/usr/src/sys/amd64/conf # kgdb /boot/kernel/kernel /var/crash/vmcore.0\n[GDB will not be able to debug user-mode threads: /usr/lib/libthread_db.so: Undefined symbol \"ps_pglobal_lookup\"]\nGNU gdb 6.1.1 [FreeBSD]\nCopyright 2004 Free Software Foundation, Inc.\nGDB is free software, covered by the GNU General Public License, and you are\nwelcome to change it and/or distribute copies of it under certain conditions.\nType \"show copying\" to see the conditions.\nThere is absolutely no warranty for GDB.  Type \"show warranty\" for details.\nThis GDB was configured as \"amd64-marcel-freebsd\".\n\nUnread portion of the kernel message buffer:\nd, page not present\ninstruction pointer     = 0x8:0xffffffff803eea47\nstack pointer           = 0x10:0xffffffffa814a8b0\nframe pointer           = 0x10:0x4\ncode segment            = base 0x0, limit 0xfffff, type 0x1b\n                        = DPL 0, pres 1, long 1, def32 0, gran 1\nprocessor eflags        = resume, IOPL = 0\ncurrent process         = 27596 (tcpserver)\ntrap number             = 12\npanic: page fault\ncpuid = 3\nUptime: 2h12m0s\nDumping 1023 MB (2 chunks)\n  chunk 0: 1MB (156 pages) ... ok\n  chunk 1: 1023MB (261880 pages) 1008 992 976 960 944 928 912 896 880 864 848 832 816 800 784 768 752 736 720 704 688 672 656 640 624 608 592 576 560 544 528 512 496 480 464 448 432 416 400 384 368 352 336 320 304 288 272 256 240 224 208 192 176 160 144 128 112 96 80 64 48 32 16\n\n#0  doadump () at pcpu.h:172\n172     pcpu.h: No such file or directory.\n        in pcpu.h\n(kgdb) list *0xffffffff803eea47\n0xffffffff803eea47 is in _mtx_lock_sleep (/usr/src/sys/kern/kern_mutex.c:548).\n543                      * If the current owner of the lock is executing on another\n544                      * CPU, spin instead of blocking.\n545                      */\n546                     owner = (struct thread *)(v \u0026 MTX_FLAGMASK);\n547     #ifdef ADAPTIVE_GIANT\n548                     if (TD_IS_RUNNING(owner)) {\n549     #else\n550                     if (m != \u0026Giant \u0026\u0026 TD_IS_RUNNING(owner)) {\n551     #endif\n552                             turnstile_release(\u0026m-\u003emtx_object);\n(kgdb) backtrace\n#0  doadump () at pcpu.h:172\n#1  0x0000000000000004 in ?? ()\n#2  0xffffffff803f8fd7 in boot (howto=260) at /usr/src/sys/kern/kern_shutdown.c:409\n#3  0xffffffff803f9671 in panic (fmt=0xffffff0002116980 \"X?J:\") at /usr/src/sys/kern/kern_shutdown.c:565\n#4  0xffffffff80618b3f in trap_fatal (frame=0xffffff0002116980, eva=18446742975175902040) at /usr/src/sys/amd64/amd64/trap.c:660\n#5  0xffffffff80619066 in trap (frame=\n      {tf_rdi = 11, tf_rsi = -1099476932224, tf_rdx = 6, tf_rcx = 0, tf_r8 = 4, tf_r9 = -1098475933086, tf_rax = 1, tf_rbx = -1099415090280, tf_rbp = 4, tf_r10 = 4, tf_r11 = 4, tf_r12 = -1099476932224, tf_r13 = -1098728017152, tf_r14 = 0, tf_r15 = 1, tf_trapno = 12, tf_addr = 396, tf_flags = -2141616351, tf_err = 0, tf_rip = -2143360441, tf_cs = 8, tf_rflags = 65538, tf_rsp = -1475041088, tf_ss = 16}) at /usr/src/sys/amd64/amd64/trap.c:238\n#6  0xffffffff8060442b in calltrap () at /usr/src/sys/amd64/amd64/exception.S:168\n#7  0xffffffff803eea47 in _mtx_lock_sleep (m=0xffffff0005c10b98, tid=18446742974232619392, opts=6, file=0x0, line=4)\n    at /usr/src/sys/kern/kern_mutex.c:546\n#8  0xffffffff804bb51d in ip_ctloutput (so=0xb, sopt=0xffffffffa814ab30) at /usr/src/sys/netinet/ip_output.c:1193\n#9  0xffffffff804ccad5 in tcp_ctloutput (so=0xffffff0024a0d268, sopt=0xffffffffa814ab30) at /usr/src/sys/netinet/tcp_usrreq.c:1038\n#10 0xffffffff804416b8 in sosetopt (so=0xffffff0024a0d268, sopt=0xffffffffa814ab30) at /usr/src/sys/kern/uipc_socket.c:1563\n#11 0xffffffff80447b93 in kern_setsockopt (td=0xffffff0002116980, s=616888072, level=4, name=0, val=0x4, valseg=1035694690, valsize=11)\n    at /usr/src/sys/kern/uipc_syscalls.c:1351\n#12 0xffffffff80447bfe in setsockopt (td=0xb, uap=0xffffff0002116980) at /usr/src/sys/kern/uipc_syscalls.c:1307\n#13 0xffffffff80619991 in syscall (frame=\n      {tf_rdi = 0, tf_rsi = 0, tf_rdx = 1, tf_rcx = 0, tf_r8 = 0, tf_r9 = 140737488350072, tf_rax = 105, tf_rbx = 0, tf_rbp = 3, tf_r10 = -3689348814741910323, tf_r11 = 514, tf_r12 = 140737488350480, tf_r13 = 34368406752, tf_r14 = 0, tf_r15 = 0, tf_trapno = 12, tf_addr = 5283944, tf_flags = 12, tf_err = 2, tf_rip = 34366834188, tf_cs = 43, tf_rflags = 518, tf_rsp = 140737488350184, tf_ss = 35}) at /usr/src/sys/amd64/amd64/trap.c:792\n#14 0xffffffff806045c8 in Xfast_syscall () at /usr/src/sys/amd64/amd64/exception.S:270\n#15 0x00000008006c460c in ?? ()\nPrevious frame inner to this frame (corrupt stack?)\n(kgdb)\n\nFix: \n\nRaising some sysctl values seems to lengthen the intervals between crashes.\nAlthough I might be mistaken that tweaking them has some effect on the problem.\n\n# default war 12328\n#kern.maxfiles=80000\n\n# default 128\n#kern.ipc.somaxconn=384\n\n# default war 11095\n#kern.maxfilesperproc=50000\nHow-To-Repeat: problem occurs in between 1-3 days uptime of server"
}