{
 "id": 371214,
 "bug_id": 107992,
 "attachment_id": 0,
 "creation_time": "2007-01-16T16:40:23Z",
 "creator": "funcspam@okejl.dk",
 "text": "Downloading with rtorrent, for almost any random period of time, causes a kernel panic. I recompiled with makeoptions=-g and got a kernel core dump, so I can give any information upon request.\n\nkgdb output:\n\n[root@shh /var/crash]# kgdb kernel.debug.2007-01-16 vmcore.0 \n[GDB will not be able to debug user-mode threads: /usr/lib/libthread_db.so: Undefined symbol \"ps_pglobal_lookup\"]\nGNU gdb 6.1.1 [FreeBSD]\nCopyright 2004 Free Software Foundation, Inc.\nGDB is free software, covered by the GNU General Public License, and you are\nwelcome to change it and/or distribute copies of it under certain conditions.\nType \"show copying\" to see the conditions.\nThere is absolutely no warranty for GDB.  Type \"show warranty\" for details.\nThis GDB was configured as \"i386-marcel-freebsd\".\n\nUnread portion of the kernel message buffer:\n\n\nFatal trap 12: page fault while in kernel mode\nfault virtual address   = 0x58\nfault code              = supervisor write, page not present\ninstruction pointer     = 0x20:0xc060419a\nstack pointer           = 0x28:0xd1474ad0\nframe pointer           = 0x28:0xd1474b00\ncode segment            = base 0x0, limit 0xfffff, type 0x1b\n                        = DPL 0, pres 1, def32 1, gran 1\nprocessor eflags        = interrupt enabled, resume, IOPL = 0\ncurrent process         = 627 (rtorrent)\ntrap number             = 12\npanic: page fault\nUptime: 4h17m45s\nDumping 255 MB (2 chunks)\n  chunk 0: 1MB (159 pages) ... ok\n  chunk 1: 255MB (65264 pages) 239 223 207 191 175 159 143 127 111 95 79 63 47 31 15\n\n#0  doadump () at pcpu.h:165\n165     pcpu.h: No such file or directory.\n        in pcpu.h\n(kgdb) bt full\n#0  doadump () at pcpu.h:165\nNo locals.\n#1  0xc0557eb7 in boot (howto=260) at /usr/src/sys/kern/kern_shutdown.c:402\n        first_buf_printf = 1\n#2  0xc05581f9 in panic (fmt=0xc0753925 \"%s\") at /usr/src/sys/kern/kern_shutdown.c:558\n        td = (struct thread *) 0xc2602d80\n        bootopt = 260\n        newpanic = 0\n        ap = 0xc2602d80 \"0\u0026#65533;f\u0026#65533;\"\n        buf = \"page fault\", '\\0' \u003crepeats 245 times\u003e\n#3  0xc0727f4c in trap_fatal (frame=0xd1474a90, eva=0) at /usr/src/sys/i386/i386/trap.c:836\n        code = 40\n        type = 12\n        ss = 40\n        esp = 0\n        softseg = {ssd_base = 0, ssd_limit = 1048575, ssd_type = 27, ssd_dpl = 0, ssd_p = 1, ssd_xx = 3, \n  ssd_xx1 = 1, ssd_def32 = 1, ssd_gran = 1}\n        msg = 0x0\n#4  0xc0727c22 in trap_pfault (frame=0xd1474a90, usermode=0, eva=88) at /usr/src/sys/i386/i386/trap.c:744\n        va = 0\n        vm = (struct vmspace *) 0x0\n        map = 0x1\n        rv = 1\n        ftype = 2 '\\002'\n        td = (struct thread *) 0xc2602d80\n        p = (struct proc *) 0xc266b830\n#5  0xc07277df in trap (frame=\n      {tf_fs = -1033895928, tf_es = -783876056, tf_ds = -1066336216, tf_edi = 0, tf_esi = 0, tf_ebp = -783856896, tf_isp = -783856964, tf_ebx = -783856512, tf_edx = -783856240, tf_ecx = 0, tf_eax = 8, tf_trapno = 12, tf_err = 2, tf_eip = -1067433574, tf_cs = 32, tf_eflags = 2163335, tf_esp = -783856512, tf_ss = -783856920}) at /usr/src/sys/i386/i386/trap.c:434\n        td = (struct thread *) 0xc2602d80\n        p = (struct proc *) 0xc266b830\n        sticks = 3229573652\n        i = 0\n        ucode = 0\n        type = 12\n        code = 2\n        eva = 88\n#6  0xc071469a in calltrap () at /usr/src/sys/i386/i386/exception.s:139\nNo locals.\n#7  0xc060419a in ip_ctloutput (so=0x8, sopt=0xd1474c80) at /usr/src/sys/netinet/ip_output.c:1210\n        inp = (struct inpcb *) 0x0\n        error = 0\n        optval = 8\n#8  0xc061797c in tcp_ctloutput (so=0xc2706b20, sopt=0xd1474c80) at /usr/src/sys/netinet/tcp_usrreq.c:1038\n        error = 0\n        opt = 8\n        optval = -1033884288\n        inp = (struct inpcb *) 0xc27e34ec\n        tp = (struct tcpcb *) 0xc06c9b6f\n        ti = {tcpi_state = 0 '\\0', __tcpi_ca_state = 0 '\\0', __tcpi_retransmits = 0 '\\0', \n  __tcpi_probes = 0 '\\0', __tcpi_backoff = 0 '\\0', tcpi_options = 1 '\\001', tcpi_snd_wscale = 0 '\\0', \n  tcpi_rcv_wscale = 0 '\\0', __tcpi_rto = 3511110496, __tcpi_ato = 3226860672, \n  __tcpi_snd_mss = 3238199296, __tcpi_rcv_mss = 20, __tcpi_unacked = 3260944792, \n  __tcpi_sacked = 3511110916, __tcpi_lost = 3226670946, __tcpi_retrans = 3511110632, \n  __tcpi_fackets = 135450624, __tcpi_last_data_sent = 20, __tcpi_last_ack_sent = 3260944792, \n  __tcpi_last_data_recv = 3261254144, __tcpi_last_ack_recv = 3511110584, __tcpi_pmtu = 3226679447, \n  __tcpi_rcv_ssthresh = 3511110916, __tcpi_rtt = 3511110632, __tcpi_rttvar = 1, \n  tcpi_snd_ssthresh = 3228949640, tcpi_snd_cwnd = 203, __tcpi_advmss = 0, __tcpi_reordering = 0, \n  __tcpi_rcv_rtt = 1, tcpi_rcv_space = 71, tcpi_snd_wnd = 1023, tcpi_snd_bwnd = 3258018120, __tcpi_pad = {\n    0, 3511110584, 3226659679, 3258018120, 3261083008, 62847, 3238319944, 3238319872, 3257844640, \n    3228340475, 3257844640, 3262229528, 4, 3511110632, 3226659679, 3262229528, 3261083008, 0, 3262229528, \n    4, 3262229528, 3511110800, 3226625684, 3262229528, 3261083008, 3511110688, 3261446528, 3261083008, \n    3511110684, 1, 64, 0}}\n#9  0xc059f737 in sosetopt (so=0xc2706b20, sopt=0xd1474c80) at /usr/src/sys/kern/uipc_socket.c:1560\n        error = -1077941928\n        optval = -1032819936\n        l = {l_onoff = -783856532, l_linger = -1068307617}\n        tv = {tv_sec = -1037122656, tv_usec = -1032737768}\n        val = 0\n#10 0xc05a6379 in kern_setsockopt (td=0xc2602d80, s=8, level=8, name=8, val=0xbfbfe958, \n    valseg=UIO_USERSPACE, valsize=0) at /usr/src/sys/kern/uipc_syscalls.c:1351\n        error = 0\n        so = (struct socket *) 0xd1474d90\n        fp = (struct file *) 0xc271ac18\n        sopt = {sopt_dir = SOPT_SET, sopt_level = 0, sopt_name = 3, sopt_val = 0xbfbfe958, \n  sopt_valsize = 4, sopt_td = 0xc2602d80}\n#11 0xc05a627e in setsockopt (td=0x8, uap=0xd1474d90) at /usr/src/sys/kern/uipc_syscalls.c:1307\nNo locals.\n#12 0xc0728340 in syscall (frame=\n      {tf_fs = 135397435, tf_es = -1078001605, tf_ds = -783876037, tf_edi = 4, tf_esi = 3, tf_ebp = -1077941912, tf_isp = -783856284, tf_ebx = 673253000, tf_edx = 0, tf_ecx = 140, tf_eax = 105, tf_trapno = 22, tf_err = 2, tf_eip = 677329071, tf_cs = 51, tf_eflags = 2097734, tf_esp = -1077941956, tf_ss = 59})\n    at /usr/src/sys/i386/i386/trap.c:981\n        params = 0xbfbfe940 \u003cAddress 0xbfbfe940 out of bounds\u003e\n        callp = (struct sysent *) 0xc07a218c\n        td = (struct thread *) 0xc2602d80\n        p = (struct proc *) 0xc266b830\n        orig_tf_eflags = 2097734\n        sticks = 15934\n        error = 0\n        narg = 5\n        args = {140, 0, 3, -1077941928, 4, -1077941520, -783856332, 673253000}\n        code = 105\n#13 0xc07146ef in Xint0x80_syscall () at /usr/src/sys/i386/i386/exception.s:200\nNo locals.\n#14 0x00000033 in ?? ()\nNo symbol table info available.\nPrevious frame inner to this frame (corrupt stack?)\n\nThe system is a Pentium III with 256 megs of memory, and a 3Com NIC (xl). dmesg output follows:\n\nCopyright (c) 1992-2006 The FreeBSD Project.\nCopyright (c) 1979, 1980, 1983, 1986, 1988, 1989, 1991, 1992, 1993, 1994\n        The Regents of the University of California. All rights reserved.\nFreeBSD 6.1-RELEASE #2: Tue Jan 16 05:37:32 CET 2007\n    func@shh.okejl.dk:/usr/obj/usr/src/sys/SHH\nTimecounter \"i8254\" frequency 1193182 Hz quality 0\nCPU: Pentium III/Pentium III Xeon/Celeron (451.03-MHz 686-class CPU)\n  Origin = \"GenuineIntel\"  Id = 0x672  Stepping = 2\n  Features=0x383f9ff\u003cFPU,VME,DE,PSE,TSC,MSR,PAE,MCE,CX8,SEP,MTRR,PGE,MCA,CMOV,PAT,PSE36,MMX,FXSR,SSE\u003e\nreal memory  = 268369920 (255 MB)\navail memory = 253136896 (241 MB)\nkbd1 at kbdmux0\nacpi0: \u003cHP HPCCD HW\u003e on motherboard\nacpi0: Power Button (fixed)\nTimecounter \"ACPI-safe\" frequency 3579545 Hz quality 1000\nacpi_timer0: \u003c24-bit timer at 3.579545MHz\u003e port 0x4008-0x400b on acpi0\ncpu0: \u003cACPI CPU\u003e on acpi0\nacpi_throttle0: \u003cACPI CPU Throttling\u003e on cpu0\nacpi_button0: \u003cPower Button\u003e on acpi0\npcib0: \u003cACPI Host-PCI bridge\u003e port 0xcf8-0xcff,0x4000-0x4041,0x5000-0x500f on acpi0\npci0: \u003cACPI PCI bus\u003e on pcib0\nagp0: \u003cIntel 82443BX (440 BX) host to PCI bridge\u003e mem 0xe0000000-0xe3ffffff at device 0.0 on pci0\npcib1: \u003cPCI-PCI bridge\u003e at device 1.0 on pci0\npci1: \u003cPCI bus\u003e on pcib1\npci1: \u003cdisplay, VGA\u003e at device 0.0 (no driver attached)\ncsa0: \u003cCS4280/CS4614/CS4622/CS4624/CS4630\u003e mem 0xec101000-0xec101fff,0xec000000-0xec0fffff irq 12 at device 4.0 on pci0\ncsa: card is Unknown/invalid SSID (CS4614)\ncsa0: [GIANT-LOCKED]\npcm0: \u003cCS461x PCM Audio\u003e on csa0\npcm0: \u003cCirrus Logic CS4297 AC97 Codec\u003e\npcm0: [GIANT-LOCKED]\nisab0: \u003cPCI-ISA bridge\u003e at device 7.0 on pci0\nisa0: \u003cISA bus\u003e on isab0\natapci0: \u003cIntel PIIX4 UDMA33 controller\u003e port 0x1f0-0x1f7,0x3f6,0x170-0x177,0x376,0xf000-0xf00f at device 7.1 on pci0\nata0: \u003cATA channel 0\u003e on atapci0\nata1: \u003cATA channel 1\u003e on atapci0\nuhci0: \u003cIntel 82371AB/EB (PIIX4) USB controller\u003e port 0xe000-0xe01f irq 3 at device 7.2 on pci0\nuhci0: [GIANT-LOCKED]\nusb0: \u003cIntel 82371AB/EB (PIIX4) USB controller\u003e on uhci0\nusb0: USB revision 1.0\nuhub0: Intel UHCI root hub, class 9/0, rev 1.00/1.00, addr 1\nuhub0: 2 ports with 2 removable, self powered\npci0: \u003cbridge\u003e at device 7.3 (no driver attached)\nxl0: \u003c3Com 3c905B-TX Fast Etherlink XL\u003e port 0xe400-0xe47f mem 0xec100100-0xec10017f irq 10 at device 15.0 on pci0\nmiibus0: \u003cMII bus\u003e on xl0\nxlphy0: \u003c3Com internal media interface\u003e on miibus0\nxlphy0:  10baseT, 10baseT-FDX, 100baseTX, 100baseTX-FDX, auto\nxl0: Ethernet address: 00:50:04:3d:4e:5b\npci0: \u003cdisplay, VGA\u003e at device 18.0 (no driver attached)\nsio0: \u003c16550A-compatible COM port\u003e port 0x3f8-0x3ff irq 4 flags 0x10 on acpi0\nsio0: type 16550A\nppc0: \u003cStandard parallel printer port\u003e port 0x378-0x37f irq 7 on acpi0\nppc0: Generic chipset (EPP/NIBBLE) in COMPATIBLE mode\nppbus0: \u003cParallel port bus\u003e on ppc0\nplip0: \u003cPLIP network interface\u003e on ppbus0\nlpt0: \u003cPrinter\u003e on ppbus0\nlpt0: Interrupt-driven port\nppi0: \u003cParallel I/O\u003e on ppbus0\natkbdc0: \u003cKeyboard controller (i8042)\u003e port 0x60,0x64 irq 1 on acpi0\natkbd0: \u003cAT Keyboard\u003e irq 1 on atkbdc0\nkbd0 at atkbd0\natkbd0: [GIANT-LOCKED]\npmtimer0 on isa0\norm0: \u003cISA Option ROM\u003e at iomem 0xc0000-0xc7fff on isa0\nsc0: \u003cSystem console\u003e at flags 0x100 on isa0\nsc0: VGA \u003c16 virtual consoles, flags=0x300\u003e\nvga0: \u003cGeneric ISA VGA\u003e at port 0x3c0-0x3df iomem 0xa0000-0xbffff on isa0\nfdc0: No FDOUT register!\nsio1: configured irq 3 not in bitmap of probed irqs 0\nsio1: port may not be enabled\nums0: Microsoft Microsoft 5-Button Mouse with IntelliEye(TM), rev 1.10/3.00, addr 2, iclass 3/1\nums0: 5 buttons and Z dir.\nTimecounter \"TSC\" frequency 451025256 Hz quality 800\nTimecounters tick every 1.000 msec\nad0: 32253MB \u003cSeagate ST3120022A 8.54\u003e at ata0-master UDMA33\nacd0: CDROM \u003cCD-532E-B/2.0A\u003e at ata1-master PIO4\nacd1: CDRW \u003cAOPEN CD-RW CRW2440/2.08\u003e at ata1-slave PIO4\nTrying to mount root from ufs:/dev/ad0s1a\n\nHow-To-Repeat: Just running rtorrent, having it download a large file will do the trick eventually, usually within an hour. Having opened torrents that are inactive doesn't seem to cause any trouble, but downloading at full speed (110 kb/sec in my case) will make it panic eventually."
}