{
 "id": 696626,
 "bug_id": 174679,
 "attachment_id": 0,
 "creation_time": "2012-12-24T14:30:00Z",
 "creator": "bas@area536.com",
 "text": "This laptop hasn't been able to run FreeBSD reliably since 9.0 and now\nagain using 9.1. It'\u0026#314;l work fine for a while, but eventually seems\nto overheat when working under too much load for an extended period of\ntime. The machine powers off instantly, without bothering to go through\na shutdown sequence of any kind. I run powerd. Machine itself is OK,\nworks fine using Debian Linux.\n\nPasting /var/log/messages below this line:\n\nDec 23 18:32:42 xxodd kernel: Copyright (c) 1992-2012 The FreeBSD Project.\nDec 23 18:32:42 xxodd kernel: Copyright (c) 1979, 1980, 1983, 1986, 1988, 1989, 1991, 1992, 1993, 1994\nDec 23 18:32:42 xxodd kernel: The Regents of the University of California. All rights reserved.\nDec 23 18:32:42 xxodd kernel: FreeBSD is a registered trademark of The FreeBSD Foundation.\nDec 23 18:32:42 xxodd kernel: FreeBSD 9.1-RELEASE #0 r243825: Tue Dec  4 09:23:10 UTC 2012\nDec 23 18:32:42 xxodd kernel: root@farrell.cse.buffalo.edu:/usr/obj/usr/src/sys/GENERIC amd64\nDec 23 18:32:42 xxodd kernel: CPU: Intel(R) Core(TM) i5 CPU       M 460  @ 2.53GHz (2527.04-MHz K8-class CPU)\nDec 23 18:32:42 xxodd kernel: Origin = \"GenuineIntel\"  Id = 0x20655  Family = 6  Model = 25  Stepping = 5\nDec 23 18:32:42 xxodd kernel: Features=0xbfebfbff\u003cFPU,VME,DE,PSE,TSC,MSR,PAE,MCE,CX8,APIC,SEP,MTRR,PGE,MCA,CMOV,PAT,PSE36,CLFLUSH,DTS,ACPI,MMX,FXSR,SSE,SSE2,SS,HTT,TM,PBE\u003e\nDec 23 18:32:42 xxodd kernel: Features2=0x9ae3bd\u003cSSE3,DTES64,MON,DS_CPL,VMX,EST,TM2,SSSE3,CX16,xTPR,PDCM,PCID,SSE4.1,SSE4.2,POPCNT\u003e\nDec 23 18:32:42 xxodd kernel: AMD Features=0x28100800\u003cSYSCALL,NX,RDTSCP,LM\u003e\nDec 23 18:32:42 xxodd kernel: AMD Features2=0x1\u003cLAHF\u003e\nDec 23 18:32:42 xxodd kernel: TSC: P-state invariant, performance statistics\nDec 23 18:32:42 xxodd kernel: real memory  = 4294967296 (4096 MB)\nDec 23 18:32:42 xxodd kernel: avail memory = 3878322176 (3698 MB)\nDec 23 18:32:42 xxodd kernel: Event timer \"LAPIC\" quality 600\nDec 23 18:32:42 xxodd kernel: ACPI APIC Table: \u003cPTLTD  \t APIC  \u003e\nDec 23 18:32:42 xxodd kernel: FreeBSD/SMP: Multiprocessor System Detected: 4 CPUs\nDec 23 18:32:42 xxodd kernel: FreeBSD/SMP: 1 package(s) x 2 core(s) x 2 SMT threads\nDec 23 18:32:42 xxodd kernel: cpu0 (BSP): APIC ID:  0\nDec 23 18:32:42 xxodd kernel: cpu1 (AP): APIC ID:  1\nDec 23 18:32:42 xxodd kernel: cpu2 (AP): APIC ID:  4\nDec 23 18:32:42 xxodd kernel: cpu3 (AP): APIC ID:  5\nDec 23 18:32:42 xxodd kernel: ioapic0 \u003cVersion 2.0\u003e irqs 0-23 on motherboard\nDec 23 18:32:42 xxodd kernel: kbd1 at kbdmux0\nDec 23 18:32:42 xxodd kernel: acpi0: \u003cMSTEST TESTONLY\u003e on motherboard\nDec 23 18:32:42 xxodd kernel: acpi0: Power Button (fixed)\nDec 23 18:32:42 xxodd kernel: cpu0: \u003cACPI CPU\u003e on acpi0\nDec 23 18:32:42 xxodd kernel: cpu1: \u003cACPI CPU\u003e on acpi0\nDec 23 18:32:42 xxodd kernel: cpu2: \u003cACPI CPU\u003e on acpi0\nDec 23 18:32:42 xxodd kernel: cpu3: \u003cACPI CPU\u003e on acpi0\nDec 23 18:32:42 xxodd kernel: hpet0: \u003cHigh Precision Event Timer\u003e iomem 0xfed00000-0xfed003ff irq 0,8 on acpi0\nDec 23 18:32:42 xxodd kernel: Timecounter \"HPET\" frequency 14318180 Hz quality 950\nDec 23 18:32:42 xxodd kernel: Event timer \"HPET\" frequency 14318180 Hz quality 550\nDec 23 18:32:42 xxodd kernel: Event timer \"HPET1\" frequency 14318180 Hz quality 440\nDec 23 18:32:42 xxodd kernel: Event timer \"HPET2\" frequency 14318180 Hz quality 440\nDec 23 18:32:42 xxodd kernel: Event timer \"HPET3\" frequency 14318180 Hz quality 440\nDec 23 18:32:42 xxodd kernel: Event timer \"HPET4\" frequency 14318180 Hz quality 440\nDec 23 18:32:42 xxodd kernel: atrtc0: \u003cAT realtime clock\u003e port 0x70-0x77 on acpi0\nDec 23 18:32:42 xxodd kernel: atrtc0: Warning: Couldn't map I/O.\nDec 23 18:32:42 xxodd kernel: Event timer \"RTC\" frequency 32768 Hz quality 0\nDec 23 18:32:42 xxodd kernel: attimer0: \u003cAT timer\u003e port 0x40-0x43,0x50-0x53 on acpi0\nDec 23 18:32:42 xxodd kernel: Timecounter \"i8254\" frequency 1193182 Hz quality 0\nDec 23 18:32:42 xxodd kernel: Event timer \"i8254\" frequency 1193182 Hz quality 100\nDec 23 18:32:42 xxodd kernel: Timecounter \"ACPI-fast\" frequency 3579545 Hz quality 900\nDec 23 18:32:42 xxodd kernel: acpi_timer0: \u003c24-bit timer at 3.579545MHz\u003e port 0x408-0x40b on acpi0\nDec 23 18:32:42 xxodd kernel: acpi_ec0: \u003cEmbedded Controller: GPE 0x17\u003e port 0x62,0x66 on acpi0\nDec 23 18:32:42 xxodd kernel: pcib0: \u003cACPI Host-PCI bridge\u003e port 0xcf8-0xcff on acpi0\nDec 23 18:32:42 xxodd kernel: pci0: \u003cACPI PCI bus\u003e on pcib0\nDec 23 18:32:42 xxodd kernel: vgapci0: \u003cVGA-compatible display\u003e port 0x1800-0x1807 mem 0xf8000000-0xf83fffff,0xd0000000-0xdfffffff irq 16 at device 2.0 on pci0\nDec 23 18:32:42 xxodd kernel: agp0: \u003cIntel Ironlake (M) SVGA controller\u003e on vgapci0\nDec 23 18:32:42 xxodd kernel: agp0: aperture size is 256M, detected 32764k stolen memory\nDec 23 18:32:42 xxodd kernel: pci0: \u003csimple comms\u003e at device 22.0 (no driver attached)\nDec 23 18:32:42 xxodd kernel: ehci0: \u003cIntel PCH USB 2.0 controller USB-B\u003e mem 0xf8806000-0xf88063ff irq 16 at device 26.0 on pci0\nDec 23 18:32:42 xxodd kernel: usbus0: EHCI version 1.0\nDec 23 18:32:42 xxodd kernel: usbus0 on ehci0\nDec 23 18:32:42 xxodd kernel: hdac0: \u003cIntel 5 Series/3400 Series HDA Controller\u003e mem 0xf8800000-0xf8803fff irq 22 at device 27.0 on pci0\nDec 23 18:32:42 xxodd kernel: pcib1: \u003cACPI PCI-PCI bridge\u003e irq 16 at device 28.0 on pci0\nDec 23 18:32:42 xxodd kernel: pci2: \u003cACPI PCI bus\u003e on pcib1\nDec 23 18:32:42 xxodd kernel: pcib2: \u003cACPI PCI-PCI bridge\u003e irq 17 at device 28.1 on pci0\nDec 23 18:32:42 xxodd kernel: pci3: \u003cACPI PCI bus\u003e on pcib2\nDec 23 18:32:42 xxodd kernel: pcib3: \u003cACPI PCI-PCI bridge\u003e irq 18 at device 28.2 on pci0\nDec 23 18:32:42 xxodd kernel: pci5: \u003cACPI PCI bus\u003e on pcib3\nDec 23 18:32:42 xxodd kernel: pci5: \u003cnetwork\u003e at device 0.0 (no driver attached)\nDec 23 18:32:42 xxodd kernel: pcib4: \u003cACPI PCI-PCI bridge\u003e irq 19 at device 28.3 on pci0\nDec 23 18:32:42 xxodd kernel: pci6: \u003cACPI PCI bus\u003e on pcib4\nDec 23 18:32:42 xxodd kernel: pci6: \u003cbase peripheral\u003e at device 0.0 (no driver attached)\nDec 23 18:32:42 xxodd kernel: pci6: \u003cbase peripheral, SD host controller\u003e at device 0.2 (no driver attached)\nDec 23 18:32:42 xxodd kernel: pci6: \u003cbase peripheral\u003e at device 0.3 (no driver attached)\nDec 23 18:32:42 xxodd kernel: jme0: \u003cJMicron Inc, JMC25x Gigabit Ethernet\u003e port 0x4400-0x447f,0x4000-0x40ff mem 0xf8504000-0xf8507fff irq 17 at device 0.5 on pci6\nDec 23 18:32:42 xxodd kernel: jme0: Using 1 MSIX messages.\nDec 23 18:32:42 xxodd kernel: miibus0: \u003cMII bus\u003e on jme0\nDec 23 18:32:42 xxodd kernel: jmphy0: \u003cJMP211 10/100/1000 media interface\u003e PHY 1 on miibus0\nDec 23 18:32:42 xxodd kernel: jmphy0:  none, 10baseT, 10baseT-FDX, 10baseT-FDX-flow, 100baseTX, 100baseTX-FDX, 100baseTX-FDX-flow, 1000baseT, 1000baseT-master, 1000baseT-FDX, 1000baseT-FDX-master, 1000baseT-FDX-flow, 1000baseT-FDX-flow-master, auto, auto-flow\nDec 23 18:32:42 xxodd kernel: jme0: Ethernet address: 00:90:f5:a8:27:35\nDec 23 18:32:42 xxodd kernel: ehci1: \u003cIntel PCH USB 2.0 controller USB-A\u003e mem 0xf8807000-0xf88073ff irq 23 at device 29.0 on pci0\nDec 23 18:32:42 xxodd kernel: usbus1: EHCI version 1.0\nDec 23 18:32:42 xxodd kernel: usbus1 on ehci1\nDec 23 18:32:42 xxodd kernel: pcib5: \u003cACPI PCI-PCI bridge\u003e at device 30.0 on pci0\nDec 23 18:32:42 xxodd kernel: pci7: \u003cACPI PCI bus\u003e on pcib5\nDec 23 18:32:42 xxodd kernel: isab0: \u003cPCI-ISA bridge\u003e at device 31.0 on pci0\nDec 23 18:32:42 xxodd kernel: isa0: \u003cISA bus\u003e on isab0\nDec 23 18:32:42 xxodd kernel: ahci0: \u003cIntel 5 Series/3400 Series AHCI SATA controller\u003e port 0x1818-0x181f,0x180c-0x180f,0x1810-0x1817,0x1808-0x180b,0x1820-0x183f mem 0xf8808000-0xf88087ff irq 19 at device 31.2 on pci0\nDec 23 18:32:42 xxodd kernel: ahci0: AHCI v1.30 with 4 3Gbps ports, Port Multiplier not supported\nDec 23 18:32:42 xxodd kernel: ahcich0: \u003cAHCI channel\u003e at channel 0 on ahci0\nDec 23 18:32:42 xxodd kernel: ahcich1: \u003cAHCI channel\u003e at channel 1 on ahci0\nDec 23 18:32:42 xxodd kernel: ahcich4: \u003cAHCI channel\u003e at channel 4 on ahci0\nDec 23 18:32:42 xxodd kernel: pci0: \u003cserial bus, SMBus\u003e at device 31.3 (no driver attached)\nDec 23 18:32:42 xxodd kernel: pci0: \u003cdasp\u003e at device 31.6 (no driver attached)\nDec 23 18:32:42 xxodd kernel: acpi_acad0: \u003cAC Adapter\u003e on acpi0\nDec 23 18:32:42 xxodd kernel: battery0: \u003cACPI Control Method Battery\u003e on acpi0\nDec 23 18:32:42 xxodd kernel: acpi_lid0: \u003cControl Method Lid Switch\u003e on acpi0\nDec 23 18:32:42 xxodd kernel: acpi_button0: \u003cPower Button\u003e on acpi0\nDec 23 18:32:42 xxodd kernel: acpi_button1: \u003cSleep Button\u003e on acpi0\nDec 23 18:32:42 xxodd kernel: pcib6: \u003cACPI Host-PCI bridge\u003e on acpi0\nDec 23 18:32:42 xxodd kernel: pci255: \u003cACPI PCI bus\u003e on pcib6\nDec 23 18:32:42 xxodd kernel: acpi_tz0: \u003cThermal Zone\u003e on acpi0\nDec 23 18:32:42 xxodd kernel: atkbdc0: \u003cKeyboard controller (i8042)\u003e port 0x60,0x64 irq 1 on acpi0\nDec 23 18:32:42 xxodd kernel: atkbd0: \u003cAT Keyboard\u003e irq 1 on atkbdc0\nDec 23 18:32:42 xxodd kernel: kbd0 at atkbd0\nDec 23 18:32:42 xxodd kernel: atkbd0: [GIANT-LOCKED]\nDec 23 18:32:42 xxodd kernel: psm0: \u003cPS/2 Mouse\u003e irq 12 on atkbdc0\nDec 23 18:32:42 xxodd kernel: psm0: [GIANT-LOCKED]\nDec 23 18:32:42 xxodd kernel: psm0: model Generic PS/2 mouse, device ID 0\nDec 23 18:32:42 xxodd kernel: orm0: \u003cISA Option ROMs\u003e at iomem 0xd0000-0xd0fff,0xdc000-0xdffff on isa0\nDec 23 18:32:42 xxodd kernel: sc0: \u003cSystem console\u003e at flags 0x100 on isa0\nDec 23 18:32:42 xxodd kernel: sc0: VGA \u003c16 virtual consoles, flags=0x300\u003e\nDec 23 18:32:42 xxodd kernel: vga0: \u003cGeneric ISA VGA\u003e at port 0x3c0-0x3df iomem 0xa0000-0xbffff on isa0\nDec 23 18:32:42 xxodd kernel: ppc0: cannot reserve I/O port range\nDec 23 18:32:42 xxodd kernel: ctl: CAM Target Layer loaded\nDec 23 18:32:42 xxodd kernel: est0: \u003cEnhanced SpeedStep Frequency Control\u003e on cpu0\nDec 23 18:32:42 xxodd kernel: p4tcc0: \u003cCPU Frequency Thermal Control\u003e on cpu0\nDec 23 18:32:42 xxodd kernel: est1: \u003cEnhanced SpeedStep Frequency Control\u003e on cpu1\nDec 23 18:32:42 xxodd kernel: p4tcc1: \u003cCPU Frequency Thermal Control\u003e on cpu1\nDec 23 18:32:42 xxodd kernel: est2: \u003cEnhanced SpeedStep Frequency Control\u003e on cpu2\nDec 23 18:32:42 xxodd kernel: p4tcc2: \u003cCPU Frequency Thermal Control\u003e on cpu2\nDec 23 18:32:42 xxodd kernel: est3: \u003cEnhanced SpeedStep Frequency Control\u003e on cpu3\nDec 23 18:32:42 xxodd kernel: p4tcc3: \u003cCPU Frequency Thermal Control\u003e on cpu3\nDec 23 18:32:42 xxodd kernel: Timecounters tick every 1.000 msec\nDec 23 18:32:42 xxodd kernel: hdacc0: \u003cRealtek ALC272 HDA CODEC\u003e at cad 0 on hdac0\nDec 23 18:32:42 xxodd kernel: hdaa0: \u003cRealtek ALC272 Audio Function Group\u003e at nid 1 on hdacc0\nDec 23 18:32:42 xxodd kernel: pcm0: \u003cRealtek ALC272 (Analog 2.0+HP/2.0)\u003e at nid 20,33 and 24,25 on hdaa0\nDec 23 18:32:42 xxodd kernel: pcm1: \u003cRealtek ALC272 (Rear Digital)\u003e at nid 30 on hdaa0\nDec 23 18:32:42 xxodd kernel: hdacc1: \u003cIntel Ibex Peak HDA CODEC\u003e at cad 3 on hdac0\nDec 23 18:32:42 xxodd kernel: hdaa1: \u003cIntel Ibex Peak Audio Function Group\u003e at nid 1 on hdacc1\nDec 23 18:32:42 xxodd kernel: pcm2: \u003cIntel Ibex Peak (HDMI/DP 8ch)\u003e at nid 4 on hdaa1\nDec 23 18:32:42 xxodd kernel: pcm3: \u003cIntel Ibex Peak (HDMI/DP 8ch)\u003e at nid 5 on hdaa1\nDec 23 18:32:42 xxodd kernel: usbus0: 480Mbps High Speed USB v2.0\nDec 23 18:32:42 xxodd kernel: usbus1: 480Mbps High Speed USB v2.0\nDec 23 18:32:42 xxodd kernel: ugen0.1: \u003cIntel\u003e at usbus0\nDec 23 18:32:42 xxodd kernel: uhub0: \u003cIntel EHCI root HUB, class 9/0, rev 2.00/1.00, addr 1\u003e on usbus0\nDec 23 18:32:42 xxodd kernel: ugen1.1: \u003cIntel\u003e at usbus1\nDec 23 18:32:42 xxodd kernel: uhub1: \u003cIntel EHCI root HUB, class 9/0, rev 2.00/1.00, addr 1\u003e on usbus1\nDec 23 18:32:42 xxodd kernel: uhub0: 3 ports with 3 removable, self powered\nDec 23 18:32:42 xxodd kernel: uhub1: 3 ports with 3 removable, self powered\nDec 23 18:32:42 xxodd kernel: ugen0.2: \u003cvendor 0x8087\u003e at usbus0\nDec 23 18:32:42 xxodd kernel: uhub2: \u003cvendor 0x8087 product 0x0020, class 9/0, rev 2.00/0.00, addr 2\u003e on usbus0\nDec 23 18:32:42 xxodd kernel: ugen1.2: \u003cvendor 0x8087\u003e at usbus1\nDec 23 18:32:42 xxodd kernel: uhub3: \u003cvendor 0x8087 product 0x0020, class 9/0, rev 2.00/0.00, addr 2\u003e on usbus1\nDec 23 18:32:42 xxodd kernel: uhub2: 6 ports with 6 removable, self powered\nDec 23 18:32:42 xxodd kernel: uhub3: 8 ports with 8 removable, self powered\nDec 23 18:32:42 xxodd kernel: ada0 at ahcich0 bus 0 scbus0 target 0 lun 0\nDec 23 18:32:42 xxodd kernel: ada0: \u003cST9500420AS 0002SDM1\u003e ATA-8 SATA 2.x device\nDec 23 18:32:42 xxodd kernel: ada0: 300.000MB/s transfers (SATA 2.x, UDMA6, PIO 8192bytes)\nDec 23 18:32:42 xxodd kernel: ada0: Command Queueing enabled\nDec 23 18:32:42 xxodd kernel: ada0: 476940MB (976773168 512 byte sectors: 16H 63S/T 16383C)\nDec 23 18:32:42 xxodd kernel: ada0: Previously was known as ad4\nDec 23 18:32:42 xxodd kernel: SMP: AP CPU #1 Launched!\nDec 23 18:32:42 xxodd kernel: cd0 at ahcich1 bus 0 scbus1 target 0 lun 0\nDec 23 18:32:42 xxodd kernel: cd0: \u003cSlimtype DVD A  DS8A4S JP53\u003e Removable CD-ROM SCSI-0 device \nDec 23 18:32:42 xxodd kernel: SMP: AP CPU #2 Launched!\nDec 23 18:32:42 xxodd kernel: cd0: 150.000MB/s transfers (SATA 1.x, UDMA5, ATAPI 12bytes, PIO 8192bytes)\nDec 23 18:32:42 xxodd kernel: cd0: Attempt to query device size failed: NOT READY, Medium not present - tray closed\nDec 23 18:32:42 xxodd kernel: SMP: AP CPU #3 Launched!\nDec 23 18:32:42 xxodd kernel: Timecounter \"TSC-low\" frequency 9871250 Hz quality 1000\nDec 23 18:32:42 xxodd kernel: usbd_set_config_index: could not read device status: USB_ERR_SHORT_XFER\nDec 23 18:32:42 xxodd kernel: ugen1.3: \u003cJMicron\u003e at usbus1\nDec 23 18:32:42 xxodd kernel: umass0: \u003cMSC Bulk-Only Transfer\u003e on usbus1\nDec 23 18:32:42 xxodd kernel: umass0:  SCSI over Bulk-Only; quirks = 0x4000\nDec 23 18:32:42 xxodd kernel: umass0:4:0:-1: Attached to scbus4\nDec 23 18:32:42 xxodd kernel: da0 at umass-sim0 bus 0 scbus4 target 0 lun 0\nDec 23 18:32:42 xxodd kernel: da0: \u003cTOSHIBA MK8046GSX 3J\u003e Fixed Direct Access SCSI-2 device \nDec 23 18:32:42 xxodd kernel: da0: 40.000MB/s transfers\nDec 23 18:32:42 xxodd kernel: da0: 76319MB (156301488 512 byte sectors: 255H 63S/T 9729C)\nDec 23 18:32:42 xxodd kernel: Root mount waiting for: usbus1\nDec 23 18:32:42 xxodd kernel: ugen1.4: \u003cChicony Electronics Co., Ltd.\u003e at usbus1\nDec 23 18:32:42 xxodd kernel: Trying to mount root from ufs:/dev/da1p2 [rw]...\nDec 23 18:32:42 xxodd kernel: mountroot: waiting for device /dev/da1p2 ...\nDec 23 18:32:42 xxodd kernel: Mounting from ufs:/dev/da1p2 failed with error 19.\nDec 23 18:32:42 xxodd kernel: \nDec 23 18:32:42 xxodd kernel: Loader variables:\nDec 23 18:32:42 xxodd kernel: vfs.root.mountfrom=ufs:/dev/da1p2\nDec 23 18:32:42 xxodd kernel: vfs.root.mountfrom.options=rw\nDec 23 18:32:42 xxodd kernel: \nDec 23 18:32:42 xxodd kernel: Manual root filesystem specification:\nDec 23 18:32:42 xxodd kernel: \u003cfstype\u003e:\u003cdevice\u003e [options]\nDec 23 18:32:42 xxodd kernel: Mount \u003cdevice\u003e using filesystem \u003cfstype\u003e\nDec 23 18:32:42 xxodd kernel: and with the specified (optional) option list.\nDec 23 18:32:42 xxodd kernel: \nDec 23 18:32:42 xxodd kernel: eg. ufs:/dev/da0s1a\nDec 23 18:32:42 xxodd kernel: zfs:tank\nDec 23 18:32:42 xxodd kernel: cd9660:/dev/acd0 ro\nDec 23 18:32:42 xxodd kernel: (which is equivalent to: mount -t cd9660 -o ro /dev/acd0 /)\nDec 23 18:32:42 xxodd kernel: \nDec 23 18:32:42 xxodd kernel: ?               List valid disk boot devices\nDec 23 18:32:42 xxodd kernel: .               Yield 1 second (for background tasks)\nDec 23 18:32:42 xxodd kernel: \u003cempty line\u003e    Abort manual input\nDec 23 18:32:42 xxodd kernel: \nDec 23 18:32:42 xxodd kernel: mountroot\u003e Trying to mount root from ufs:/dev/da0p2 []...\nDec 23 18:32:42 xxodd ntpd[861]: ntpd 4.2.4p5-a (1)\nDec 23 18:32:52 xxodd su: bvdwiel to root on /dev/ttyv0\nDec 23 18:34:06 xxodd dhclient[954]: dhclient already running, pid: 672.\nDec 23 18:34:06 xxodd dhclient[954]: exiting.\nDec 23 18:35:08 xxodd shutdown: reboot by bvdwiel: \nDec 23 18:35:11 xxodd ntpd[862]: ntpd exiting on signal 15\nDec 23 18:35:11 xxodd kernel: .\nDec 23 18:35:11 xxodd kernel: .\nDec 23 18:35:11 xxodd syslogd: exiting on signal 15\nDec 23 18:36:12 xxodd syslogd: kernel boot file is /boot/kernel/kernel\nDec 23 18:36:12 xxodd kernel: Copyright (c) 1992-2012 The FreeBSD Project.\nDec 23 18:36:12 xxodd kernel: Copyright (c) 1979, 1980, 1983, 1986, 1988, 1989, 1991, 1992, 1993, 1994\nDec 23 18:36:12 xxodd kernel: The Regents of the University of California. All rights reserved.\nDec 23 18:36:12 xxodd kernel: FreeBSD is a registered trademark of The FreeBSD Foundation.\nDec 23 18:36:12 xxodd kernel: FreeBSD 9.1-RELEASE #0 r243825: Tue Dec  4 09:23:10 UTC 2012\nDec 23 18:36:12 xxodd kernel: root@farrell.cse.buffalo.edu:/usr/obj/usr/src/sys/GENERIC amd64\nDec 23 18:36:12 xxodd kernel: CPU: Intel(R) Core(TM) i5 CPU       M 460  @ 2.53GHz (2527.05-MHz K8-class CPU)\nDec 23 18:36:12 xxodd kernel: Origin = \"GenuineIntel\"  Id = 0x20655  Family = 6  Model = 25  Stepping = 5\nDec 23 18:36:12 xxodd kernel: Features=0xbfebfbff\u003cFPU,VME,DE,PSE,TSC,MSR,PAE,MCE,CX8,APIC,SEP,MTRR,PGE,MCA,CMOV,PAT,PSE36,CLFLUSH,DTS,ACPI,MMX,FXSR,SSE,SSE2,SS,HTT,TM,PBE\u003e\nDec 23 18:36:12 xxodd kernel: Features2=0x9ae3bd\u003cSSE3,DTES64,MON,DS_CPL,VMX,EST,TM2,SSSE3,CX16,xTPR,PDCM,PCID,SSE4.1,SSE4.2,POPCNT\u003e\nDec 23 18:36:12 xxodd kernel: AMD Features=0x28100800\u003cSYSCALL,NX,RDTSCP,LM\u003e\nDec 23 18:36:12 xxodd kernel: AMD Features2=0x1\u003cLAHF\u003e\nDec 23 18:36:12 xxodd kernel: TSC: P-state invariant, performance statistics\nDec 23 18:36:12 xxodd kernel: real memory  = 4294967296 (4096 MB)\nDec 23 18:36:12 xxodd kernel: avail memory = 3878322176 (3698 MB)\nDec 23 18:36:12 xxodd kernel: Event timer \"LAPIC\" quality 600\nDec 23 18:36:12 xxodd kernel: ACPI APIC Table: \u003cPTLTD  \t APIC  \u003e\nDec 23 18:36:12 xxodd kernel: FreeBSD/SMP: Multiprocessor System Detected: 4 CPUs\nDec 23 18:36:12 xxodd kernel: FreeBSD/SMP: 1 package(s) x 2 core(s) x 2 SMT threads\nDec 23 18:36:12 xxodd kernel: cpu0 (BSP): APIC ID:  0\nDec 23 18:36:12 xxodd kernel: cpu1 (AP): APIC ID:  1\nDec 23 18:36:12 xxodd kernel: cpu2 (AP): APIC ID:  4\nDec 23 18:36:12 xxodd kernel: cpu3 (AP): APIC ID:  5\nDec 23 18:36:12 xxodd kernel: ioapic0 \u003cVersion 2.0\u003e irqs 0-23 on motherboard\nDec 23 18:36:12 xxodd kernel: kbd1 at kbdmux0\nDec 23 18:36:12 xxodd kernel: acpi0: \u003cMSTEST TESTONLY\u003e on motherboard\nDec 23 18:36:12 xxodd kernel: acpi0: Power Button (fixed)\nDec 23 18:36:12 xxodd kernel: cpu0: \u003cACPI CPU\u003e on acpi0\nDec 23 18:36:12 xxodd kernel: cpu1: \u003cACPI CPU\u003e on acpi0\nDec 23 18:36:12 xxodd kernel: cpu2: \u003cACPI CPU\u003e on acpi0\nDec 23 18:36:12 xxodd kernel: cpu3: \u003cACPI CPU\u003e on acpi0\nDec 23 18:36:12 xxodd kernel: hpet0: \u003cHigh Precision Event Timer\u003e iomem 0xfed00000-0xfed003ff irq 0,8 on acpi0\nDec 23 18:36:12 xxodd kernel: Timecounter \"HPET\" frequency 14318180 Hz quality 950\nDec 23 18:36:12 xxodd kernel: Event timer \"HPET\" frequency 14318180 Hz quality 550\nDec 23 18:36:12 xxodd kernel: Event timer \"HPET1\" frequency 14318180 Hz quality 440\nDec 23 18:36:12 xxodd kernel: Event timer \"HPET2\" frequency 14318180 Hz quality 440\nDec 23 18:36:12 xxodd kernel: Event timer \"HPET3\" frequency 14318180 Hz quality 440\nDec 23 18:36:12 xxodd kernel: Event timer \"HPET4\" frequency 14318180 Hz quality 440\nDec 23 18:36:12 xxodd kernel: atrtc0: \u003cAT realtime clock\u003e port 0x70-0x77 on acpi0\nDec 23 18:36:12 xxodd kernel: atrtc0: Warning: Couldn't map I/O.\nDec 23 18:36:12 xxodd kernel: Event timer \"RTC\" frequency 32768 Hz quality 0\nDec 23 18:36:12 xxodd kernel: attimer0: \u003cAT timer\u003e port 0x40-0x43,0x50-0x53 on acpi0\nDec 23 18:36:12 xxodd kernel: Timecounter \"i8254\" frequency 1193182 Hz quality 0\nDec 23 18:36:12 xxodd kernel: Event timer \"i8254\" frequency 1193182 Hz quality 100\nDec 23 18:36:12 xxodd kernel: Timecounter \"ACPI-fast\" frequency 3579545 Hz quality 900\nDec 23 18:36:12 xxodd kernel: acpi_timer0: \u003c24-bit timer at 3.579545MHz\u003e port 0x408-0x40b on acpi0\nDec 23 18:36:12 xxodd kernel: acpi_ec0: \u003cEmbedded Controller: GPE 0x17\u003e port 0x62,0x66 on acpi0\nDec 23 18:36:12 xxodd kernel: pcib0: \u003cACPI Host-PCI bridge\u003e port 0xcf8-0xcff on acpi0\nDec 23 18:36:12 xxodd kernel: pci0: \u003cACPI PCI bus\u003e on pcib0\nDec 23 18:36:12 xxodd kernel: vgapci0: \u003cVGA-compatible display\u003e port 0x1800-0x1807 mem 0xf8000000-0xf83fffff,0xd0000000-0xdfffffff irq 16 at device 2.0 on pci0\nDec 23 18:36:12 xxodd kernel: agp0: \u003cIntel Ironlake (M) SVGA controller\u003e on vgapci0\nDec 23 18:36:12 xxodd kernel: agp0: aperture size is 256M, detected 32764k stolen memory\nDec 23 18:36:12 xxodd kernel: pci0: \u003csimple comms\u003e at device 22.0 (no driver attached)\nDec 23 18:36:12 xxodd kernel: ehci0: \u003cIntel PCH USB 2.0 controller USB-B\u003e mem 0xf8806000-0xf88063ff irq 16 at device 26.0 on pci0\nDec 23 18:36:12 xxodd kernel: usbus0: EHCI version 1.0\nDec 23 18:36:12 xxodd kernel: usbus0 on ehci0\nDec 23 18:36:12 xxodd kernel: hdac0: \u003cIntel 5 Series/3400 Series HDA Controller\u003e mem 0xf8800000-0xf8803fff irq 22 at device 27.0 on pci0\nDec 23 18:36:12 xxodd kernel: pcib1: \u003cACPI PCI-PCI bridge\u003e irq 16 at device 28.0 on pci0\nDec 23 18:36:12 xxodd kernel: pci2: \u003cACPI PCI bus\u003e on pcib1\nDec 23 18:36:12 xxodd kernel: pcib2: \u003cACPI PCI-PCI bridge\u003e irq 17 at device 28.1 on pci0\nDec 23 18:36:12 xxodd kernel: pci3: \u003cACPI PCI bus\u003e on pcib2\nDec 23 18:36:12 xxodd kernel: pcib3: \u003cACPI PCI-PCI bridge\u003e irq 18 at device 28.2 on pci0\nDec 23 18:36:12 xxodd kernel: pci5: \u003cACPI PCI bus\u003e on pcib3\nDec 23 18:36:12 xxodd kernel: pci5: \u003cnetwork\u003e at device 0.0 (no driver attached)\nDec 23 18:36:12 xxodd kernel: pcib4: \u003cACPI PCI-PCI bridge\u003e irq 19 at device 28.3 on pci0\nDec 23 18:36:12 xxodd kernel: pci6: \u003cACPI PCI bus\u003e on pcib4\nDec 23 18:36:12 xxodd kernel: pci6: \u003cbase peripheral\u003e at device 0.0 (no driver attached)\nDec 23 18:36:12 xxodd kernel: pci6: \u003cbase peripheral, SD host controller\u003e at device 0.2 (no driver attached)\nDec 23 18:36:12 xxodd kernel: pci6: \u003cbase peripheral\u003e at device 0.3 (no driver attached)\nDec 23 18:36:12 xxodd kernel: jme0: \u003cJMicron Inc, JMC25x Gigabit Ethernet\u003e port 0x4400-0x447f,0x4000-0x40ff mem 0xf8504000-0xf8507fff irq 17 at device 0.5 on pci6\nDec 23 18:36:12 xxodd kernel: jme0: Using 1 MSIX messages.\nDec 23 18:36:12 xxodd kernel: miibus0: \u003cMII bus\u003e on jme0\nDec 23 18:36:12 xxodd kernel: jmphy0: \u003cJMP211 10/100/1000 media interface\u003e PHY 1 on miibus0\nDec 23 18:36:12 xxodd kernel: jmphy0:  none, 10baseT, 10baseT-FDX, 10baseT-FDX-flow, 100baseTX, 100baseTX-FDX, 100baseTX-FDX-flow, 1000baseT, 1000baseT-master, 1000baseT-FDX, 1000baseT-FDX-master, 1000baseT-FDX-flow, 1000baseT-FDX-flow-master, auto, auto-flow\nDec 23 18:36:12 xxodd kernel: jme0: Ethernet address: 00:90:f5:a8:27:35\nDec 23 18:36:12 xxodd kernel: ehci1: \u003cIntel PCH USB 2.0 controller USB-A\u003e mem 0xf8807000-0xf88073ff irq 23 at device 29.0 on pci0\nDec 23 18:36:12 xxodd kernel: usbus1: EHCI version 1.0\nDec 23 18:36:12 xxodd kernel: usbus1 on ehci1\nDec 23 18:36:12 xxodd kernel: pcib5: \u003cACPI PCI-PCI bridge\u003e at device 30.0 on pci0\nDec 23 18:36:12 xxodd kernel: pci7: \u003cACPI PCI bus\u003e on pcib5\nDec 23 18:36:12 xxodd kernel: isab0: \u003cPCI-ISA bridge\u003e at device 31.0 on pci0\nDec 23 18:36:12 xxodd kernel: isa0: \u003cISA bus\u003e on isab0\nDec 23 18:36:12 xxodd kernel: ahci0: \u003cIntel 5 Series/3400 Series AHCI SATA controller\u003e port 0x1818-0x181f,0x180c-0x180f,0x1810-0x1817,0x1808-0x180b,0x1820-0x183f mem 0xf8808000-0xf88087ff irq 19 at device 31.2 on pci0\nDec 23 18:36:12 xxodd kernel: ahci0: AHCI v1.30 with 4 3Gbps ports, Port Multiplier not supported\nDec 23 18:36:12 xxodd kernel: ahcich0: \u003cAHCI channel\u003e at channel 0 on ahci0\nDec 23 18:36:12 xxodd kernel: ahcich1: \u003cAHCI channel\u003e at channel 1 on ahci0\nDec 23 18:36:12 xxodd kernel: ahcich4: \u003cAHCI channel\u003e at channel 4 on ahci0\nDec 23 18:36:12 xxodd kernel: pci0: \u003cserial bus, SMBus\u003e at device 31.3 (no driver attached)\nDec 23 18:36:12 xxodd kernel: pci0: \u003cdasp\u003e at device 31.6 (no driver attached)\nDec 23 18:36:12 xxodd kernel: acpi_acad0: \u003cAC Adapter\u003e on acpi0\nDec 23 18:36:12 xxodd kernel: battery0: \u003cACPI Control Method Battery\u003e on acpi0\nDec 23 18:36:12 xxodd kernel: acpi_lid0: \u003cControl Method Lid Switch\u003e on acpi0\nDec 23 18:36:12 xxodd kernel: acpi_button0: \u003cPower Button\u003e on acpi0\nDec 23 18:36:12 xxodd kernel: acpi_button1: \u003cSleep Button\u003e on acpi0\nDec 23 18:36:12 xxodd kernel: pcib6: \u003cACPI Host-PCI bridge\u003e on acpi0\nDec 23 18:36:12 xxodd kernel: pci255: \u003cACPI PCI bus\u003e on pcib6\nDec 23 18:36:12 xxodd kernel: acpi_tz0: \u003cThermal Zone\u003e on acpi0\nDec 23 18:36:12 xxodd kernel: atkbdc0: \u003cKeyboard controller (i8042)\u003e port 0x60,0x64 irq 1 on acpi0\nDec 23 18:36:12 xxodd kernel: atkbd0: \u003cAT Keyboard\u003e irq 1 on atkbdc0\nDec 23 18:36:12 xxodd kernel: kbd0 at atkbd0\nDec 23 18:36:12 xxodd kernel: atkbd0: [GIANT-LOCKED]\nDec 23 18:36:12 xxodd kernel: psm0: \u003cPS/2 Mouse\u003e irq 12 on atkbdc0\nDec 23 18:36:12 xxodd kernel: psm0: [GIANT-LOCKED]\nDec 23 18:36:12 xxodd kernel: psm0: model Generic PS/2 mouse, device ID 0\nDec 23 18:36:12 xxodd kernel: orm0: \u003cISA Option ROMs\u003e at iomem 0xd0000-0xd0fff,0xdc000-0xdffff on isa0\nDec 23 18:36:12 xxodd kernel: sc0: \u003cSystem console\u003e at flags 0x100 on isa0\nDec 23 18:36:12 xxodd kernel: sc0: VGA \u003c16 virtual consoles, flags=0x300\u003e\nDec 23 18:36:12 xxodd kernel: vga0: \u003cGeneric ISA VGA\u003e at port 0x3c0-0x3df iomem 0xa0000-0xbffff on isa0\nDec 23 18:36:12 xxodd kernel: ppc0: cannot reserve I/O port range\nDec 23 18:36:12 xxodd kernel: ctl: CAM Target Layer loaded\nDec 23 18:36:12 xxodd kernel: est0: \u003cEnhanced SpeedStep Frequency Control\u003e on cpu0\nDec 23 18:36:12 xxodd kernel: p4tcc0: \u003cCPU Frequency Thermal Control\u003e on cpu0\nDec 23 18:36:12 xxodd kernel: est1: \u003cEnhanced SpeedStep Frequency Control\u003e on cpu1\nDec 23 18:36:12 xxodd kernel: p4tcc1: \u003cCPU Frequency Thermal Control\u003e on cpu1\nDec 23 18:36:12 xxodd kernel: est2: \u003cEnhanced SpeedStep Frequency Control\u003e on cpu2\nDec 23 18:36:12 xxodd kernel: p4tcc2: \u003cCPU Frequency Thermal Control\u003e on cpu2\nDec 23 18:36:12 xxodd kernel: est3: \u003cEnhanced SpeedStep Frequency Control\u003e on cpu3\nDec 23 18:36:12 xxodd kernel: p4tcc3: \u003cCPU Frequency Thermal Control\u003e on cpu3\nDec 23 18:36:12 xxodd kernel: Timecounters tick every 1.000 msec\nDec 23 18:36:12 xxodd kernel: hdacc0: \u003cRealtek ALC272 HDA CODEC\u003e at cad 0 on hdac0\nDec 23 18:36:12 xxodd kernel: hdaa0: \u003cRealtek ALC272 Audio Function Group\u003e at nid 1 on hdacc0\nDec 23 18:36:12 xxodd kernel: pcm0: \u003cRealtek ALC272 (Analog 2.0+HP/2.0)\u003e at nid 20,33 and 24,25 on hdaa0\nDec 23 18:36:12 xxodd kernel: pcm1: \u003cRealtek ALC272 (Rear Digital)\u003e at nid 30 on hdaa0\nDec 23 18:36:12 xxodd kernel: hdacc1: \u003cIntel Ibex Peak HDA CODEC\u003e at cad 3 on hdac0\nDec 23 18:36:12 xxodd kernel: hdaa1: \u003cIntel Ibex Peak Audio Function Group\u003e at nid 1 on hdacc1\nDec 23 18:36:12 xxodd kernel: pcm2: \u003cIntel Ibex Peak (HDMI/DP 8ch)\u003e at nid 4 on hdaa1\nDec 23 18:36:12 xxodd kernel: pcm3: \u003cIntel Ibex Peak (HDMI/DP 8ch)\u003e at nid 5 on hdaa1\nDec 23 18:36:12 xxodd kernel: usbus0: 480Mbps High Speed USB v2.0\nDec 23 18:36:12 xxodd kernel: usbus1: 480Mbps High Speed USB v2.0\nDec 23 18:36:12 xxodd kernel: ugen0.1: \u003cIntel\u003e at usbus0\nDec 23 18:36:12 xxodd kernel: uhub0: \u003cIntel EHCI root HUB, class 9/0, rev 2.00/1.00, addr 1\u003e on usbus0\nDec 23 18:36:12 xxodd kernel: ugen1.1: \u003cIntel\u003e at usbus1\nDec 23 18:36:12 xxodd kernel: uhub1: \u003cIntel EHCI root HUB, class 9/0, rev 2.00/1.00, addr 1\u003e on usbus1\nDec 23 18:36:12 xxodd kernel: uhub0: 3 ports with 3 removable, self powered\nDec 23 18:36:12 xxodd kernel: uhub1: 3 ports with 3 removable, self powered\nDec 23 18:36:12 xxodd kernel: ugen0.2: \u003cvendor 0x8087\u003e at usbus0\nDec 23 18:36:12 xxodd kernel: uhub2: \u003cvendor 0x8087 product 0x0020, class 9/0, rev 2.00/0.00, addr 2\u003e on usbus0\nDec 23 18:36:12 xxodd kernel: ugen1.2: \u003cvendor 0x8087\u003e at usbus1\nDec 23 18:36:12 xxodd kernel: uhub3: \u003cvendor 0x8087 product 0x0020, class 9/0, rev 2.00/0.00, addr 2\u003e on usbus1\nDec 23 18:36:12 xxodd kernel: uhub2: 6 ports with 6 removable, self powered\nDec 23 18:36:12 xxodd kernel: uhub3: 8 ports with 8 removable, self powered\nDec 23 18:36:12 xxodd kernel: ada0 at ahcich0 bus 0 scbus0 target 0 lun 0\nDec 23 18:36:12 xxodd kernel: ada0: \u003cST9500420AS 0002SDM1\u003e ATA-8 SATA 2.x device\nDec 23 18:36:12 xxodd kernel: ada0: 300.000MB/s transfers (SATA 2.x, UDMA6, PIO 8192bytes)\nDec 23 18:36:12 xxodd kernel: ada0: Command Queueing enabled\nDec 23 18:36:12 xxodd kernel: ada0: 476940MB (976773168 512 byte sectors: 16H 63S/T 16383C)\nDec 23 18:36:12 xxodd kernel: ada0: Previously was known as ad4\nDec 23 18:36:12 xxodd kernel: SMP: AP CPU #1 Launched!\nDec 23 18:36:12 xxodd kernel: cd0 at ahcich1 bus 0 scbus1 target 0 lun 0\nDec 23 18:36:12 xxodd kernel: cd0: \u003cSlimtype DVD A  DS8A4S JP53\u003e Removable CD-ROM SCSI-0 device \nDec 23 18:36:12 xxodd kernel: cd0: 150.000MB/s transfers (SATA 1.x, UDMA5, ATAPI 12bytes, PIO 8192bytes)\nDec 23 18:36:12 xxodd kernel: cd0: Attempt to query device size failed: NOT READY, Medium not present - tray closed\nDec 23 18:36:12 xxodd kernel: SMP: AP CPU #2 Launched!\nDec 23 18:36:12 xxodd kernel: SMP: AP CPU #3 Launched!\nDec 23 18:36:12 xxodd kernel: Timecounter \"TSC-low\" frequency 9871285 Hz quality 1000\nDec 23 18:36:12 xxodd kernel: usbd_set_config_index: could not read device status: USB_ERR_SHORT_XFER\nDec 23 18:36:12 xxodd kernel: ugen1.3: \u003cJMicron\u003e at usbus1\nDec 23 18:36:12 xxodd kernel: umass0: \u003cMSC Bulk-Only Transfer\u003e on usbus1\nDec 23 18:36:12 xxodd kernel: umass0:  SCSI over Bulk-Only; quirks = 0x4000\nDec 23 18:36:12 xxodd kernel: umass0:4:0:-1: Attached to scbus4\nDec 23 18:36:12 xxodd kernel: da0 at umass-sim0 bus 0 scbus4 target 0 lun 0\nDec 23 18:36:12 xxodd kernel: da0: \u003cTOSHIBA MK8046GSX 3J\u003e Fixed Direct Access SCSI-2 device \nDec 23 18:36:12 xxodd kernel: da0: 40.000MB/s transfers\nDec 23 18:36:12 xxodd kernel: da0: 76319MB (156301488 512 byte sectors: 255H 63S/T 9729C)\nDec 23 18:36:12 xxodd kernel: Root mount waiting for: usbus1\nDec 23 18:36:12 xxodd kernel: ugen1.4: \u003cChicony Electronics Co., Ltd.\u003e at usbus1\nDec 23 18:36:12 xxodd kernel: Trying to mount root from ufs:/dev/da0p2 [rw]...\nDec 23 18:36:12 xxodd ntpd[708]: ntpd 4.2.4p5-a (1)\nDec 23 18:36:12 xxodd ntpd[709]: bind() fd 23, family AF_INET6, port 123, scope 2, addr fe80::290:f5ff:fea8:2735, mcast=0 flags=0x11 fails: Can't assign requested address\nDec 23 18:36:12 xxodd ntpd[709]: unable to create socket on jme0 (3) for fe80::290:f5ff:fea8:2735#123\nDec 23 18:36:14 xxodd kernel: jme0: link state changed to UP\nDec 23 18:36:19 xxodd login: ROOT LOGIN (root) ON ttyv0\nDec 23 18:36:30 xxodd su: bvdwiel to root on /dev/ttyv0\nDec 23 18:36:51 xxodd ntpd[709]: time reset -1.264296 s\nDec 23 18:37:46 xxodd su: bvdwiel to root on /dev/ttyv1\nDec 23 18:46:29 xxodd kernel: pid 51328 (try), uid 0: exited on signal 10 (core dumped)\nDec 24 14:16:56 xxodd syslogd: kernel boot file is /boot/kernel/kernel\nDec 24 14:16:56 xxodd kernel: Copyright (c) 1992-2012 The FreeBSD Project.\nDec 24 14:16:56 xxodd kernel: Copyright (c) 1979, 1980, 1983, 1986, 1988, 1989, 1991, 1992, 1993, 1994\nDec 24 14:16:56 xxodd kernel: The Regents of the University of California. All rights reserved.\nDec 24 14:16:56 xxodd kernel: FreeBSD is a registered trademark of The FreeBSD Foundation.\nDec 24 14:16:56 xxodd kernel: FreeBSD 9.1-RELEASE #0 r243825: Tue Dec  4 09:23:10 UTC 2012\nDec 24 14:16:56 xxodd kernel: root@farrell.cse.buffalo.edu:/usr/obj/usr/src/sys/GENERIC amd64\nDec 24 14:16:56 xxodd kernel: CPU: Intel(R) Core(TM) i5 CPU       M 460  @ 2.53GHz (2527.04-MHz K8-class CPU)\nDec 24 14:16:56 xxodd kernel: Origin = \"GenuineIntel\"  Id = 0x20655  Family = 6  Model = 25  Stepping = 5\nDec 24 14:16:56 xxodd kernel: Features=0xbfebfbff\u003cFPU,VME,DE,PSE,TSC,MSR,PAE,MCE,CX8,APIC,SEP,MTRR,PGE,MCA,CMOV,PAT,PSE36,CLFLUSH,DTS,ACPI,MMX,FXSR,SSE,SSE2,SS,HTT,TM,PBE\u003e\nDec 24 14:16:56 xxodd kernel: Features2=0x9ae3bd\u003cSSE3,DTES64,MON,DS_CPL,VMX,EST,TM2,SSSE3,CX16,xTPR,PDCM,PCID,SSE4.1,SSE4.2,POPCNT\u003e\nDec 24 14:16:56 xxodd kernel: AMD Features=0x28100800\u003cSYSCALL,NX,RDTSCP,LM\u003e\nDec 24 14:16:56 xxodd kernel: AMD Features2=0x1\u003cLAHF\u003e\nDec 24 14:16:56 xxodd kernel: TSC: P-state invariant, performance statistics\nDec 24 14:16:56 xxodd kernel: real memory  = 4294967296 (4096 MB)\nDec 24 14:16:56 xxodd kernel: avail memory = 3878322176 (3698 MB)\nDec 24 14:16:56 xxodd kernel: Event timer \"LAPIC\" quality 600\nDec 24 14:16:56 xxodd kernel: ACPI APIC Table: \u003cPTLTD  \t APIC  \u003e\nDec 24 14:16:56 xxodd kernel: FreeBSD/SMP: Multiprocessor System Detected: 4 CPUs\nDec 24 14:16:56 xxodd kernel: FreeBSD/SMP: 1 package(s) x 2 core(s) x 2 SMT threads\nDec 24 14:16:56 xxodd kernel: cpu0 (BSP): APIC ID:  0\nDec 24 14:16:56 xxodd kernel: cpu1 (AP): APIC ID:  1\nDec 24 14:16:56 xxodd kernel: cpu2 (AP): APIC ID:  4\nDec 24 14:16:56 xxodd kernel: cpu3 (AP): APIC ID:  5\nDec 24 14:16:56 xxodd kernel: ioapic0 \u003cVersion 2.0\u003e irqs 0-23 on motherboard\nDec 24 14:16:56 xxodd kernel: kbd1 at kbdmux0\nDec 24 14:16:56 xxodd kernel: acpi0: \u003cMSTEST TESTONLY\u003e on motherboard\nDec 24 14:16:56 xxodd kernel: acpi0: Power Button (fixed)\nDec 24 14:16:56 xxodd kernel: cpu0: \u003cACPI CPU\u003e on acpi0\nDec 24 14:16:56 xxodd kernel: cpu1: \u003cACPI CPU\u003e on acpi0\nDec 24 14:16:56 xxodd kernel: cpu2: \u003cACPI CPU\u003e on acpi0\nDec 24 14:16:56 xxodd kernel: cpu3: \u003cACPI CPU\u003e on acpi0\nDec 24 14:16:56 xxodd kernel: hpet0: \u003cHigh Precision Event Timer\u003e iomem 0xfed00000-0xfed003ff irq 0,8 on acpi0\nDec 24 14:16:56 xxodd kernel: Timecounter \"HPET\" frequency 14318180 Hz quality 950\nDec 24 14:16:56 xxodd kernel: Event timer \"HPET\" frequency 14318180 Hz quality 550\nDec 24 14:16:56 xxodd kernel: Event timer \"HPET1\" frequency 14318180 Hz quality 440\nDec 24 14:16:56 xxodd kernel: Event timer \"HPET2\" frequency 14318180 Hz quality 440\nDec 24 14:16:56 xxodd kernel: Event timer \"HPET3\" frequency 14318180 Hz quality 440\nDec 24 14:16:56 xxodd kernel: Event timer \"HPET4\" frequency 14318180 Hz quality 440\nDec 24 14:16:56 xxodd kernel: atrtc0: \u003cAT realtime clock\u003e port 0x70-0x77 on acpi0\nDec 24 14:16:56 xxodd kernel: atrtc0: Warning: Couldn't map I/O.\nDec 24 14:16:56 xxodd kernel: Event timer \"RTC\" frequency 32768 Hz quality 0\nDec 24 14:16:56 xxodd kernel: attimer0: \u003cAT timer\u003e port 0x40-0x43,0x50-0x53 on acpi0\nDec 24 14:16:56 xxodd kernel: Timecounter \"i8254\" frequency 1193182 Hz quality 0\nDec 24 14:16:56 xxodd kernel: Event timer \"i8254\" frequency 1193182 Hz quality 100\nDec 24 14:16:56 xxodd kernel: Timecounter \"ACPI-fast\" frequency 3579545 Hz quality 900\nDec 24 14:16:56 xxodd kernel: acpi_timer0: \u003c24-bit timer at 3.579545MHz\u003e port 0x408-0x40b on acpi0\nDec 24 14:16:56 xxodd kernel: acpi_ec0: \u003cEmbedded Controller: GPE 0x17\u003e port 0x62,0x66 on acpi0\nDec 24 14:16:56 xxodd kernel: pcib0: \u003cACPI Host-PCI bridge\u003e port 0xcf8-0xcff on acpi0\nDec 24 14:16:56 xxodd kernel: pci0: \u003cACPI PCI bus\u003e on pcib0\nDec 24 14:16:56 xxodd kernel: vgapci0: \u003cVGA-compatible display\u003e port 0x1800-0x1807 mem 0xf8000000-0xf83fffff,0xd0000000-0xdfffffff irq 16 at device 2.0 on pci0\nDec 24 14:16:56 xxodd kernel: agp0: \u003cIntel Ironlake (M) SVGA controller\u003e on vgapci0\nDec 24 14:16:56 xxodd kernel: agp0: aperture size is 256M, detected 32764k stolen memory\nDec 24 14:16:56 xxodd kernel: pci0: \u003csimple comms\u003e at device 22.0 (no driver attached)\nDec 24 14:16:56 xxodd kernel: ehci0: \u003cIntel PCH USB 2.0 controller USB-B\u003e mem 0xf8806000-0xf88063ff irq 16 at device 26.0 on pci0\nDec 24 14:16:56 xxodd kernel: usbus0: EHCI version 1.0\nDec 24 14:16:56 xxodd kernel: usbus0 on ehci0\nDec 24 14:16:56 xxodd kernel: hdac0: \u003cIntel 5 Series/3400 Series HDA Controller\u003e mem 0xf8800000-0xf8803fff irq 22 at device 27.0 on pci0\nDec 24 14:16:56 xxodd kernel: pcib1: \u003cACPI PCI-PCI bridge\u003e irq 16 at device 28.0 on pci0\nDec 24 14:16:56 xxodd kernel: pci2: \u003cACPI PCI bus\u003e on pcib1\nDec 24 14:16:56 xxodd kernel: pcib2: \u003cACPI PCI-PCI bridge\u003e irq 17 at device 28.1 on pci0\nDec 24 14:16:56 xxodd kernel: pci3: \u003cACPI PCI bus\u003e on pcib2\nDec 24 14:16:56 xxodd kernel: pcib3: \u003cACPI PCI-PCI bridge\u003e irq 18 at device 28.2 on pci0\nDec 24 14:16:56 xxodd kernel: pci5: \u003cACPI PCI bus\u003e on pcib3\nDec 24 14:16:56 xxodd kernel: pci5: \u003cnetwork\u003e at device 0.0 (no driver attached)\nDec 24 14:16:56 xxodd kernel: pcib4: \u003cACPI PCI-PCI bridge\u003e irq 19 at device 28.3 on pci0\nDec 24 14:16:56 xxodd kernel: pci6: \u003cACPI PCI bus\u003e on pcib4\nDec 24 14:16:56 xxodd kernel: pci6: \u003cbase peripheral\u003e at device 0.0 (no driver attached)\nDec 24 14:16:56 xxodd kernel: pci6: \u003cbase peripheral, SD host controller\u003e at device 0.2 (no driver attached)\nDec 24 14:16:56 xxodd kernel: pci6: \u003cbase peripheral\u003e at device 0.3 (no driver attached)\nDec 24 14:16:56 xxodd kernel: jme0: \u003cJMicron Inc, JMC25x Gigabit Ethernet\u003e port 0x4400-0x447f,0x4000-0x40ff mem 0xf8504000-0xf8507fff irq 17 at device 0.5 on pci6\nDec 24 14:16:56 xxodd kernel: jme0: Using 1 MSIX messages.\nDec 24 14:16:56 xxodd kernel: miibus0: \u003cMII bus\u003e on jme0\nDec 24 14:16:56 xxodd kernel: jmphy0: \u003cJMP211 10/100/1000 media interface\u003e PHY 1 on miibus0\nDec 24 14:16:56 xxodd kernel: jmphy0:  none, 10baseT, 10baseT-FDX, 10baseT-FDX-flow, 100baseTX, 100baseTX-FDX, 100baseTX-FDX-flow, 1000baseT, 1000baseT-master, 1000baseT-FDX, 1000baseT-FDX-master, 1000baseT-FDX-flow, 1000baseT-FDX-flow-master, auto, auto-flow\nDec 24 14:16:56 xxodd kernel: jme0: Ethernet address: 00:90:f5:a8:27:35\nDec 24 14:16:56 xxodd kernel: ehci1: \u003cIntel PCH USB 2.0 controller USB-A\u003e mem 0xf8807000-0xf88073ff irq 23 at device 29.0 on pci0\nDec 24 14:16:56 xxodd kernel: usbus1: EHCI version 1.0\nDec 24 14:16:56 xxodd kernel: usbus1 on ehci1\nDec 24 14:16:56 xxodd kernel: pcib5: \u003cACPI PCI-PCI bridge\u003e at device 30.0 on pci0\nDec 24 14:16:56 xxodd kernel: pci7: \u003cACPI PCI bus\u003e on pcib5\nDec 24 14:16:56 xxodd kernel: isab0: \u003cPCI-ISA bridge\u003e at device 31.0 on pci0\nDec 24 14:16:56 xxodd kernel: isa0: \u003cISA bus\u003e on isab0\nDec 24 14:16:56 xxodd kernel: ahci0: \u003cIntel 5 Series/3400 Series AHCI SATA controller\u003e port 0x1818-0x181f,0x180c-0x180f,0x1810-0x1817,0x1808-0x180b,0x1820-0x183f mem 0xf8808000-0xf88087ff irq 19 at device 31.2 on pci0\nDec 24 14:16:56 xxodd kernel: ahci0: AHCI v1.30 with 4 3Gbps ports, Port Multiplier not supported\nDec 24 14:16:56 xxodd kernel: ahcich0: \u003cAHCI channel\u003e at channel 0 on ahci0\nDec 24 14:16:56 xxodd kernel: ahcich1: \u003cAHCI channel\u003e at channel 1 on ahci0\nDec 24 14:16:56 xxodd kernel: ahcich4: \u003cAHCI channel\u003e at channel 4 on ahci0\nDec 24 14:16:56 xxodd kernel: pci0: \u003cserial bus, SMBus\u003e at device 31.3 (no driver attached)\nDec 24 14:16:56 xxodd kernel: pci0: \u003cdasp\u003e at device 31.6 (no driver attached)\nDec 24 14:16:56 xxodd kernel: acpi_acad0: \u003cAC Adapter\u003e on acpi0\nDec 24 14:16:56 xxodd kernel: battery0: \u003cACPI Control Method Battery\u003e on acpi0\nDec 24 14:16:56 xxodd kernel: acpi_lid0: \u003cControl Method Lid Switch\u003e on acpi0\nDec 24 14:16:56 xxodd kernel: acpi_button0: \u003cPower Button\u003e on acpi0\nDec 24 14:16:56 xxodd kernel: acpi_button1: \u003cSleep Button\u003e on acpi0\nDec 24 14:16:56 xxodd kernel: pcib6: \u003cACPI Host-PCI bridge\u003e on acpi0\nDec 24 14:16:56 xxodd kernel: pci255: \u003cACPI PCI bus\u003e on pcib6\nDec 24 14:16:56 xxodd kernel: acpi_tz0: \u003cThermal Zone\u003e on acpi0\nDec 24 14:16:56 xxodd kernel: atkbdc0: \u003cKeyboard controller (i8042)\u003e port 0x60,0x64 irq 1 on acpi0\nDec 24 14:16:56 xxodd kernel: atkbd0: \u003cAT Keyboard\u003e irq 1 on atkbdc0\nDec 24 14:16:56 xxodd kernel: kbd0 at atkbd0\nDec 24 14:16:56 xxodd kernel: atkbd0: [GIANT-LOCKED]\nDec 24 14:16:56 xxodd kernel: psm0: \u003cPS/2 Mouse\u003e irq 12 on atkbdc0\nDec 24 14:16:56 xxodd kernel: psm0: [GIANT-LOCKED]\nDec 24 14:16:56 xxodd kernel: psm0: model Generic PS/2 mouse, device ID 0\nDec 24 14:16:56 xxodd kernel: orm0: \u003cISA Option ROMs\u003e at iomem 0xd0000-0xd0fff,0xdc000-0xdffff on isa0\nDec 24 14:16:56 xxodd kernel: sc0: \u003cSystem console\u003e at flags 0x100 on isa0\nDec 24 14:16:56 xxodd kernel: sc0: VGA \u003c16 virtual consoles, flags=0x300\u003e\nDec 24 14:16:56 xxodd kernel: vga0: \u003cGeneric ISA VGA\u003e at port 0x3c0-0x3df iomem 0xa0000-0xbffff on isa0\nDec 24 14:16:56 xxodd kernel: ppc0: cannot reserve I/O port range\nDec 24 14:16:56 xxodd kernel: ctl: CAM Target Layer loaded\nDec 24 14:16:56 xxodd kernel: est0: \u003cEnhanced SpeedStep Frequency Control\u003e on cpu0\nDec 24 14:16:56 xxodd kernel: p4tcc0: \u003cCPU Frequency Thermal Control\u003e on cpu0\nDec 24 14:16:56 xxodd kernel: est1: \u003cEnhanced SpeedStep Frequency Control\u003e on cpu1\nDec 24 14:16:56 xxodd kernel: p4tcc1: \u003cCPU Frequency Thermal Control\u003e on cpu1\nDec 24 14:16:56 xxodd kernel: est2: \u003cEnhanced SpeedStep Frequency Control\u003e on cpu2\nDec 24 14:16:56 xxodd kernel: p4tcc2: \u003cCPU Frequency Thermal Control\u003e on cpu2\nDec 24 14:16:56 xxodd kernel: est3: \u003cEnhanced SpeedStep Frequency Control\u003e on cpu3\nDec 24 14:16:56 xxodd kernel: p4tcc3: \u003cCPU Frequency Thermal Control\u003e on cpu3\nDec 24 14:16:56 xxodd kernel: Timecounters tick every 1.000 msec\nDec 24 14:16:56 xxodd kernel: hdacc0: \u003cRealtek ALC272 HDA CODEC\u003e at cad 0 on hdac0\nDec 24 14:16:56 xxodd kernel: hdaa0: \u003cRealtek ALC272 Audio Function Group\u003e at nid 1 on hdacc0\nDec 24 14:16:56 xxodd kernel: pcm0: \u003cRealtek ALC272 (Analog 2.0+HP/2.0)\u003e at nid 20,33 and 24,25 on hdaa0\nDec 24 14:16:56 xxodd kernel: pcm1: \u003cRealtek ALC272 (Rear Digital)\u003e at nid 30 on hdaa0\nDec 24 14:16:56 xxodd kernel: hdacc1: \u003cIntel Ibex Peak HDA CODEC\u003e at cad 3 on hdac0\nDec 24 14:16:56 xxodd kernel: hdaa1: \u003cIntel Ibex Peak Audio Function Group\u003e at nid 1 on hdacc1\nDec 24 14:16:56 xxodd kernel: pcm2: \u003cIntel Ibex Peak (HDMI/DP 8ch)\u003e at nid 4 on hdaa1\nDec 24 14:16:56 xxodd kernel: pcm3: \u003cIntel Ibex Peak (HDMI/DP 8ch)\u003e at nid 5 on hdaa1\nDec 24 14:16:56 xxodd kernel: usbus0: 480Mbps High Speed USB v2.0\nDec 24 14:16:56 xxodd kernel: usbus1: 480Mbps High Speed USB v2.0\nDec 24 14:16:56 xxodd kernel: ugen0.1: \u003cIntel\u003e at usbus0\nDec 24 14:16:56 xxodd kernel: uhub0: \u003cIntel EHCI root HUB, class 9/0, rev 2.00/1.00, addr 1\u003e on usbus0\nDec 24 14:16:56 xxodd kernel: ugen1.1: \u003cIntel\u003e at usbus1\nDec 24 14:16:56 xxodd kernel: uhub1: \u003cIntel EHCI root HUB, class 9/0, rev 2.00/1.00, addr 1\u003e on usbus1\nDec 24 14:16:56 xxodd kernel: uhub0: 3 ports with 3 removable, self powered\nDec 24 14:16:56 xxodd kernel: uhub1: 3 ports with 3 removable, self powered\nDec 24 14:16:56 xxodd kernel: ugen0.2: \u003cvendor 0x8087\u003e at usbus0\nDec 24 14:16:56 xxodd kernel: uhub2: \u003cvendor 0x8087 product 0x0020, class 9/0, rev 2.00/0.00, addr 2\u003e on usbus0\nDec 24 14:16:56 xxodd kernel: ugen1.2: \u003cvendor 0x8087\u003e at usbus1\nDec 24 14:16:56 xxodd kernel: uhub3: \u003cvendor 0x8087 product 0x0020, class 9/0, rev 2.00/0.00, addr 2\u003e on usbus1\nDec 24 14:16:56 xxodd kernel: uhub2: 6 ports with 6 removable, self powered\nDec 24 14:16:56 xxodd kernel: uhub3: 8 ports with 8 removable, self powered\nDec 24 14:16:56 xxodd kernel: ada0 at ahcich0 bus 0 scbus0 target 0 lun 0\nDec 24 14:16:56 xxodd kernel: ada0: \u003cST9500420AS 0002SDM1\u003e ATA-8 SATA 2.x device\nDec 24 14:16:56 xxodd kernel: ada0: 300.000MB/s transfers (SATA 2.x, UDMA6, PIO 8192bytes)\nDec 24 14:16:56 xxodd kernel: ada0: Command Queueing enabled\nDec 24 14:16:56 xxodd kernel: ada0: 476940MB (976773168 512 byte sectors: 16H 63S/T 16383C)\nDec 24 14:16:56 xxodd kernel: ada0: Previously was known as ad4\nDec 24 14:16:56 xxodd kernel: SMP: AP CPU #1 Launched!\nDec 24 14:16:56 xxodd kernel: cd0 at ahcich1 bus 0 scbus1 target 0 lun 0\nDec 24 14:16:56 xxodd kernel: cd0: \u003cSlimtype DVD A  DS8A4S JP53\u003e Removable CD-ROM SCSI-0 device \nDec 24 14:16:56 xxodd kernel: cd0: 150.000MB/s transfers (SATA 1.x, UDMA5, ATAPI 12bytes, PIO 8192bytes)\nDec 24 14:16:56 xxodd kernel: cd0: Attempt to query device size failed: NOT READY, Medium not present - tray closed\nDec 24 14:16:56 xxodd kernel: SMP: AP CPU #2 Launched!\nDec 24 14:16:56 xxodd kernel: SMP: AP CPU #3 Launched!\nDec 24 14:16:56 xxodd kernel: Timecounter \"TSC-low\" frequency 9871263 Hz quality 1000\nDec 24 14:16:56 xxodd kernel: usbd_set_config_index: could not read device status: USB_ERR_SHORT_XFER\nDec 24 14:16:56 xxodd kernel: ugen1.3: \u003cJMicron\u003e at usbus1\nDec 24 14:16:56 xxodd kernel: umass0: \u003cMSC Bulk-Only Transfer\u003e on usbus1\nDec 24 14:16:56 xxodd kernel: umass0:  SCSI over Bulk-Only; quirks = 0x4000\nDec 24 14:16:56 xxodd kernel: umass0:4:0:-1: Attached to scbus4\nDec 24 14:16:56 xxodd kernel: da0 at umass-sim0 bus 0 scbus4 target 0 lun 0\nDec 24 14:16:56 xxodd kernel: da0: \u003cTOSHIBA MK8046GSX 3J\u003e Fixed Direct Access SCSI-2 device \nDec 24 14:16:56 xxodd kernel: da0: 40.000MB/s transfers\nDec 24 14:16:56 xxodd kernel: da0: 76319MB (156301488 512 byte sectors: 255H 63S/T 9729C)\nDec 24 14:16:56 xxodd kernel: Root mount waiting for: usbus1\nDec 24 14:16:56 xxodd kernel: ugen1.4: \u003cChicony Electronics Co., Ltd.\u003e at usbus1\nDec 24 14:16:56 xxodd kernel: Trying to mount root from ufs:/dev/da0p2 [rw]...\nDec 24 14:16:56 xxodd kernel: WARNING: / was not properly dismounted\nDec 24 14:16:56 xxodd kernel: WARNING: /: mount pending error: blocks 8 files 35\nDec 24 14:16:57 xxodd ntpd[730]: ntpd 4.2.4p5-a (1)\nDec 24 14:16:57 xxodd kernel: .\nDec 24 14:16:57 xxodd ntpd[731]: bind() fd 23, family AF_INET6, port 123, scope 2, addr fe80::290:f5ff:fea8:2735, mcast=0 flags=0x11 fails: Can't assign requested address\nDec 24 14:16:57 xxodd ntpd[731]: unable to create socket on jme0 (3) for fe80::290:f5ff:fea8:2735#123\nDec 24 14:16:57 xxodd kernel: .\nDec 24 14:16:59 xxodd ntpd_initres[746]: host name not found: 0.freebsd.pool.ntp.org\nDec 24 14:16:59 xxodd ntpd_initres[746]: host name not found: 1.freebsd.pool.ntp.org\nDec 24 14:16:59 xxodd ntpd_initres[746]: host name not found: 2.freebsd.pool.ntp.org\nDec 24 14:16:59 xxodd kernel: jme0: link state changed to UP\nDec 24 14:17:02 xxodd login: ROOT LOGIN (root) ON ttyv0\nDec 24 14:17:09 xxodd dhclient: New IP Address (jme0): 10.0.0.11\nDec 24 14:17:09 xxodd dhclient: New Subnet Mask (jme0): 255.255.255.0\nDec 24 14:17:09 xxodd dhclient: New Broadcast Address (jme0): 10.0.0.255\nDec 24 14:17:09 xxodd dhclient: New Routers (jme0): 10.0.0.1\nDec 24 14:17:09 xxodd dhclient: New Classless Static Routes (jme0):  10.0.1.0/24 10.0.0.4\nDec 24 14:17:23 xxodd su: bvdwiel to root on /dev/ttyv1\nDec 24 14:17:44 xxodd ntpd[731]: time correction of 3601 seconds exceeds sanity limit (1000); set clock manually to the correct UTC time.\n\nHow-To-Repeat: Compile something big, like Xorg, the kernel or the world and wait. It'll\ncrash inevitably."
}