{
 "id": 363610,
 "bug_id": 106413,
 "attachment_id": 0,
 "creation_time": "2006-12-06T08:50:06Z",
 "creator": "vnovy@vnovy.net",
 "text": "Board has PATA and SATA controlers.\n\nPATA controller (Marvel vendor=0x11ab, dev=0x6101, revid=0xb1) is probed as\nATA GENERIC and no disk or cdrom is found \n\nSATA controllers (intel vendor=0x8086, dev=0x2825, revid=0x02) are also\nprobed as ATA GENERIC and disk is probed as UDMA33 device.\n\nverbose dmesg follows\n\nCopyright (c) 1992-2006 The FreeBSD Project.\nCopyright (c) 1979, 1980, 1983, 1986, 1988, 1989, 1991, 1992, 1993, 1994\n\tThe Regents of the University of California. All rights reserved.\nFreeBSD 6.1-RELEASE #0: Sun May  7 04:42:56 UTC 2006\n    root@opus.cse.buffalo.edu:/usr/obj/usr/src/sys/SMP\nPreloaded elf kernel \"/boot/kernel/kernel\" at 0xc0afd000.\nPreloaded elf module \"/boot/kernel/acpi.ko\" at 0xc0afd1d8.\nCalibrating clock(s) ... i8254 clock: 1193154 Hz\nCLK_USE_I8254_CALIBRATION not specified - using default frequency\nTimecounter \"i8254\" frequency 1193182 Hz quality 0\nCalibrating TSC clock ... TSC clock: 1864814371 Hz\nCPU: Intel(R) Core(TM)2 CPU          6300  @ 1.86GHz (1864.81-MHz 686-class CPU)\n  Origin = \"GenuineIntel\"  Id = 0x6f6  Stepping = 6\n  Features=0xbfebfbff\u003cFPU,VME,DE,PSE,TSC,MSR,PAE,MCE,CX8,APIC,SEP,MTRR,PGE,MCA,CMOV,PAT,PSE36,CLFLUSH,DTS,ACPI,MMX,FXSR,SSE,SSE2,SS,HTT,TM,PBE\u003e\n  Features2=0xe3bd\u003cSSE3,RSVD2,MON,DS_CPL,VMX,EST,TM2,\u003cb9\u003e,CX16,\u003cb14\u003e,\u003cb15\u003e\u003e\n  AMD Features=0x20100000\u003cNX,LM\u003e\n  AMD Features2=0x1\u003cLAHF\u003e\n  Cores per package: 2\nreal memory  = 1046769664 (998 MB)\nPhysical memory chunk(s):\n0x0000000000001000 - 0x000000000009efff, 647168 bytes (158 pages)\n0x0000000000100000 - 0x00000000003fffff, 3145728 bytes (768 pages)\n0x0000000000c28000 - 0x000000003d3dbfff, 1014710272 bytes (247732 pages)\n0x000000003e5a6000 - 0x000000003e63efff, 626688 bytes (153 pages)\navail memory = 1015136256 (968 MB)\nMP Configuration Table version 1.4 found at 0xc00fe210\nTable 'FACP' at 0x3e6fc000\nTable 'APIC' at 0x3e6f7000\nMADT: Found table at 0x3e6f7000\nAPIC: Using the MADT enumerator.\nMADT: Found CPU APIC ID 0 ACPI ID 1: enabled\nSMP: Added CPU 0 (AP)\nMADT: Found CPU APIC ID 1 ACPI ID 2: enabled\nSMP: Added CPU 1 (AP)\nMADT: Found CPU APIC ID 130 ACPI ID 3: disabled\nMADT: Found CPU APIC ID 131 ACPI ID 4: disabled\nINTR: Adding local APIC 0 as a target\nACPI APIC Table: \u003cINTEL  DG965RY \u003e\nINTR: Adding local APIC 1 as a target\nFreeBSD/SMP: Multiprocessor System Detected: 2 CPUs\n cpu0 (BSP): APIC ID:  0\n cpu1 (AP): APIC ID:  1\npnpbios: Found PnP BIOS data at 0xc00fe0e0\npnpbios: Entry = f0000:b82e  Rev = 1.0\npnpbios: OEM ID 8224744e\nOther BIOS signatures found:\nAPIC: CPU 0 has ACPI ID 1\nAPIC: CPU 1 has ACPI ID 2\nMADT: Found IO APIC ID 2, Interrupt 0 at 0xfec00000\nioapic0: Changing APIC ID to 2\nioapic0: Routing external 8259A's -\u003e intpin 0\nioapic0: intpin 0 -\u003e ExtINT (edge, high)\nioapic0: intpin 1 -\u003e ISA IRQ 1 (edge, high)\nioapic0: intpin 2 -\u003e ISA IRQ 2 (edge, high)\nioapic0: intpin 3 -\u003e ISA IRQ 3 (edge, high)\nioapic0: intpin 4 -\u003e ISA IRQ 4 (edge, high)\nioapic0: intpin 5 -\u003e ISA IRQ 5 (edge, high)\nioapic0: intpin 6 -\u003e ISA IRQ 6 (edge, high)\nioapic0: intpin 7 -\u003e ISA IRQ 7 (edge, high)\nioapic0: intpin 8 -\u003e ISA IRQ 8 (edge, high)\nioapic0: intpin 9 -\u003e ISA IRQ 9 (edge, high)\nioapic0: intpin 10 -\u003e ISA IRQ 10 (edge, high)\nioapic0: intpin 11 -\u003e ISA IRQ 11 (edge, high)\nioapic0: intpin 12 -\u003e ISA IRQ 12 (edge, high)\nioapic0: intpin 13 -\u003e ISA IRQ 13 (edge, high)\nioapic0: intpin 14 -\u003e ISA IRQ 14 (edge, high)\nioapic0: intpin 15 -\u003e ISA IRQ 15 (edge, high)\nioapic0: intpin 16 -\u003e PCI IRQ 16 (level, low)\nioapic0: intpin 17 -\u003e PCI IRQ 17 (level, low)\nioapic0: intpin 18 -\u003e PCI IRQ 18 (level, low)\nioapic0: intpin 19 -\u003e PCI IRQ 19 (level, low)\nioapic0: intpin 20 -\u003e PCI IRQ 20 (level, low)\nioapic0: intpin 21 -\u003e PCI IRQ 21 (level, low)\nioapic0: intpin 22 -\u003e PCI IRQ 22 (level, low)\nioapic0: intpin 23 -\u003e PCI IRQ 23 (level, low)\nMADT: Interrupt override: source 0, irq 2\nioapic0: Routing IRQ 0 -\u003e intpin 2\nioapic0: intpin 2 trigger: edge\nioapic0: intpin 2 polarity: high\nMADT: Interrupt override: source 9, irq 9\nioapic0: intpin 9 trigger: level\nioapic0: intpin 9 polarity: high\nlapic0: Routing NMI -\u003e LINT1\nlapic1: Routing NMI -\u003e LINT1\nioapic0 \u003cVersion 2.0\u003e irqs 0-23 on motherboard\ncpu0 BSP:\n     ID: 0x00000000   VER: 0x00050014 LDR: 0x00000000 DFR: 0xffffffff\n  lint0: 0x00010700 lint1: 0x00000400 TPR: 0x00000000 SVR: 0x000001ff\n  timer: 0x000100ef therm: 0x00010000 err: 0x00010000 pcm: 0x00010000\nwlan: \u003c802.11 Link Layer\u003e\nrandom: \u003centropy source, Software, Yarrow\u003e\nnfslock: pseudo-device\nio: \u003cI/O\u003e\nkbd: new array size 4\nkbd1 at kbdmux0\nmem: \u003cmemory\u003e\nPentium Pro MTRR support enabled\nnull: \u003cnull device, zero device\u003e\nrr232x: RocketRAID 232x controller driver v1.02 (May  7 2006 04:42:45)\nnpx0: INT 16 interface\nacpi0: \u003cINTEL DG965RY\u003e on motherboard\nioapic0: routing intpin 9 (ISA IRQ 9) to vector 48\nacpi0: [MPSAFE]\npci_open(1):\tmode 1 addr port (0x0cf8) is 0x80001020\npci_open(1a):\tmode1res=0x80000000 (0x80000000)\npci_cfgcheck:\tdevice 0 [class=060000] [hdr=00] is there (id=29a08086)\npcibios: No call entry point\nacpi_bus_number: root bus has no _BBN, assuming 0\nAcpiOsDerivePciId: bus 0 dev 31 func 0\nacpi_bus_number: root bus has no _BBN, assuming 0\nAcpiOsDerivePciId: bus 0 dev 31 func 0\nacpi_bus_number: root bus has no _BBN, assuming 0\nAcpiOsDerivePciId: bus 0 dev 0 func 0\nacpi0: Power Button (fixed)\nacpi_bus_number: root bus has no _BBN, assuming 0\nAcpiOsDerivePciId: bus 0 dev 0 func 0\nacpi_bus_number: root bus has no _BBN, assuming 0\nAcpiOsDerivePciId: bus 0 dev 0 func 0\npci_link0: Links after initial probe:\nIndex  IRQ  Rtd  Ref  IRQs\n    0   11   N     0  3 4 5 7 9 10 11 12\npci_link0: Links after initial validation:\nIndex  IRQ  Rtd  Ref  IRQs\n    0   11   N     0  3 4 5 7 9 10 11 12\npci_link0: Links after disable:\nIndex  IRQ  Rtd  Ref  IRQs\n    0  255   N     0  3 4 5 7 9 10 11 12\npci_link1: Links after initial probe:\nIndex  IRQ  Rtd  Ref  IRQs\n    0    9   N     0  3 4 5 7 9 10 11 12\npci_link1: Links after initial validation:\nIndex  IRQ  Rtd  Ref  IRQs\n    0    9   N     0  3 4 5 7 9 10 11 12\npci_link1: Links after disable:\nIndex  IRQ  Rtd  Ref  IRQs\n    0  255   N     0  3 4 5 7 9 10 11 12\npci_link2: Links after initial probe:\nIndex  IRQ  Rtd  Ref  IRQs\n    0  255   N     0  3 4 5 7 9 10 11 12\npci_link2: Links after initial validation:\nIndex  IRQ  Rtd  Ref  IRQs\n    0  255   N     0  3 4 5 7 9 10 11 12\npci_link2: Links after disable:\nIndex  IRQ  Rtd  Ref  IRQs\n    0  255   N     0  3 4 5 7 9 10 11 12\npci_link3: Links after initial probe:\nIndex  IRQ  Rtd  Ref  IRQs\n    0   11   N     0  3 4 5 7 9 10 11 12\npci_link3: Links after initial validation:\nIndex  IRQ  Rtd  Ref  IRQs\n    0   11   N     0  3 4 5 7 9 10 11 12\npci_link3: Links after disable:\nIndex  IRQ  Rtd  Ref  IRQs\n    0  255   N     0  3 4 5 7 9 10 11 12\npci_link4: Links after initial probe:\nIndex  IRQ  Rtd  Ref  IRQs\n    0  255   N     0  3 4 5 7 9 10 11 12\npci_link4: Links after initial validation:\nIndex  IRQ  Rtd  Ref  IRQs\n    0  255   N     0  3 4 5 7 9 10 11 12\npci_link4: Links after disable:\nIndex  IRQ  Rtd  Ref  IRQs\n    0  255   N     0  3 4 5 7 9 10 11 12\npci_link5: Links after initial probe:\nIndex  IRQ  Rtd  Ref  IRQs\n    0    9   N     0  3 4 5 7 9 10 11 12\npci_link5: Links after initial validation:\nIndex  IRQ  Rtd  Ref  IRQs\n    0    9   N     0  3 4 5 7 9 10 11 12\npci_link5: Links after disable:\nIndex  IRQ  Rtd  Ref  IRQs\n    0  255   N     0  3 4 5 7 9 10 11 12\npci_link6: Links after initial probe:\nIndex  IRQ  Rtd  Ref  IRQs\n    0   10   N     0  3 4 5 7 9 10 11 12\npci_link6: Links after initial validation:\nIndex  IRQ  Rtd  Ref  IRQs\n    0   10   N     0  3 4 5 7 9 10 11 12\npci_link6: Links after disable:\nIndex  IRQ  Rtd  Ref  IRQs\n    0  255   N     0  3 4 5 7 9 10 11 12\npci_link7: Links after initial probe:\nIndex  IRQ  Rtd  Ref  IRQs\n    0  255   N     0  3 4 5 7 9 10 11 12\npci_link7: Links after initial validation:\nIndex  IRQ  Rtd  Ref  IRQs\n    0  255   N     0  3 4 5 7 9 10 11 12\npci_link7: Links after disable:\nIndex  IRQ  Rtd  Ref  IRQs\n    0  255   N     0  3 4 5 7 9 10 11 12\nACPI timer: 1/1 1/1 1/1 1/1 1/1 1/1 1/1 1/1 1/1 1/1 -\u003e 10\nTimecounter \"ACPI-fast\" frequency 3579545 Hz quality 1000\nacpi_timer0: \u003c24-bit timer at 3.579545MHz\u003e port 0x408-0x40b on acpi0\ncpu0: \u003cACPI CPU\u003e on acpi0\nacpi_throttle0: \u003cACPI CPU Throttling\u003e on cpu0\nacpi_throttle0: P_CNT from P_BLK 0x410\ncpu1: \u003cACPI CPU\u003e on acpi0\nacpi_throttle1: \u003cACPI CPU Throttling\u003e on cpu1\nacpi_throttle1: failed to attach P_CNT\ndevice_attach: acpi_throttle1 attach returned 6\nacpi_button0: \u003cSleep Button\u003e on acpi0\npcib0: \u003cACPI Host-PCI bridge\u003e port 0xcf8-0xcff on acpi0\npci0: \u003cACPI PCI bus\u003e on pcib0\npci0: physical bus=0\nfound-\u003e\tvendor=0x8086, dev=0x29a0, revid=0x02\n\tbus=0, slot=0, func=0\n\tclass=06-00-00, hdrtype=0x00, mfdev=0\n\tcmdreg=0x0006, statreg=0x2090, cachelnsz=0 (dwords)\n\tlattimer=0x00 (0 ns), mingnt=0x00 (0 ns), maxlat=0x00 (0 ns)\nfound-\u003e\tvendor=0x8086, dev=0x29a2, revid=0x02\n\tbus=0, slot=2, func=0\n\tclass=03-00-00, hdrtype=0x00, mfdev=0\n\tcmdreg=0x0007, statreg=0x0090, cachelnsz=0 (dwords)\n\tlattimer=0x00 (0 ns), mingnt=0x00 (0 ns), maxlat=0x00 (0 ns)\n\tintpin=a, irq=11\n\tpowerspec 2  supports D0 D3  current D0\n\tMSI supports 1 message\n\tmap[10]: type 1, range 32, base 50200000, size 20, enabled\n\tmap[18]: type 3, range 64, base 40000000, size 28, enabled\n\tmap[20]: type 4, range 32, base 00003080, size  3, enabled\npcib0: matched entry for 0.2.INTA\npcib0: slot 2 INTA hardwired to IRQ 16\nfound-\u003e\tvendor=0x8086, dev=0x29a4, revid=0x02\n\tbus=0, slot=3, func=0\n\tclass=07-80-00, hdrtype=0x00, mfdev=1\n\tcmdreg=0x0006, statreg=0x0010, cachelnsz=0 (dwords)\n\tlattimer=0x00 (0 ns), mingnt=0x00 (0 ns), maxlat=0x00 (0 ns)\n\tintpin=a, irq=11\n\tpowerspec 3  supports D0 D3  current D0\n\tMSI supports 1 message, 64 bit\npcib0: matched entry for 0.3.INTA\npcib0: slot 3 INTA hardwired to IRQ 16\nfound-\u003e\tvendor=0x8086, dev=0x283f, revid=0x02\n\tbus=0, slot=28, func=0\n\tclass=06-04-00, hdrtype=0x01, mfdev=1\n\tcmdreg=0x0007, statreg=0x0010, cachelnsz=16 (dwords)\n\tlattimer=0x00 (0 ns), mingnt=0x04 (1000 ns), maxlat=0x00 (0 ns)\n\tintpin=a, irq=255\nfound-\u003e\tvendor=0x8086, dev=0x2841, revid=0x02\n\tbus=0, slot=28, func=1\n\tclass=06-04-00, hdrtype=0x01, mfdev=1\n\tcmdreg=0x0007, statreg=0x0010, cachelnsz=16 (dwords)\n\tlattimer=0x00 (0 ns), mingnt=0x04 (1000 ns), maxlat=0x00 (0 ns)\n\tintpin=b, irq=255\nfound-\u003e\tvendor=0x8086, dev=0x2843, revid=0x02\n\tbus=0, slot=28, func=2\n\tclass=06-04-00, hdrtype=0x01, mfdev=1\n\tcmdreg=0x0007, statreg=0x0010, cachelnsz=16 (dwords)\n\tlattimer=0x00 (0 ns), mingnt=0x04 (1000 ns), maxlat=0x00 (0 ns)\n\tintpin=c, irq=255\nfound-\u003e\tvendor=0x8086, dev=0x2845, revid=0x02\n\tbus=0, slot=28, func=3\n\tclass=06-04-00, hdrtype=0x01, mfdev=1\n\tcmdreg=0x0007, statreg=0x0010, cachelnsz=16 (dwords)\n\tlattimer=0x00 (0 ns), mingnt=0x04 (1000 ns), maxlat=0x00 (0 ns)\n\tintpin=d, irq=255\nfound-\u003e\tvendor=0x8086, dev=0x2847, revid=0x02\n\tbus=0, slot=28, func=4\n\tclass=06-04-00, hdrtype=0x01, mfdev=1\n\tcmdreg=0x0007, statreg=0x0010, cachelnsz=16 (dwords)\n\tlattimer=0x00 (0 ns), mingnt=0x04 (1000 ns), maxlat=0x00 (0 ns)\n\tintpin=a, irq=255\nfound-\u003e\tvendor=0x8086, dev=0x244e, revid=0xf2\n\tbus=0, slot=30, func=0\n\tclass=06-04-01, hdrtype=0x01, mfdev=0\n\tcmdreg=0x0007, statreg=0x0010, cachelnsz=0 (dwords)\n\tlattimer=0x00 (0 ns), mingnt=0x04 (1000 ns), maxlat=0x00 (0 ns)\nfound-\u003e\tvendor=0x8086, dev=0x2810, revid=0x02\n\tbus=0, slot=31, func=0\n\tclass=06-01-00, hdrtype=0x00, mfdev=1\n\tcmdreg=0x0007, statreg=0x0210, cachelnsz=0 (dwords)\n\tlattimer=0x00 (0 ns), mingnt=0x00 (0 ns), maxlat=0x00 (0 ns)\nfound-\u003e\tvendor=0x8086, dev=0x2820, revid=0x02\n\tbus=0, slot=31, func=2\n\tclass=01-01-8a, hdrtype=0x00, mfdev=0\n\tcmdreg=0x0007, statreg=0x02b0, cachelnsz=0 (dwords)\n\tlattimer=0x00 (0 ns), mingnt=0x00 (0 ns), maxlat=0x00 (0 ns)\n\tintpin=a, irq=11\n\tpowerspec 3  supports D0 D3  current D0\n\tmap[20]: type 4, range 32, base 00003050, size  4, enabled\n\tmap[24]: type 4, range 32, base 00003040, size  4, enabled\npcib0: matched entry for 0.31.INTA\npcib0: slot 31 INTA hardwired to IRQ 19\nfound-\u003e\tvendor=0x8086, dev=0x283e, revid=0x02\n\tbus=0, slot=31, func=3\n\tclass=0c-05-00, hdrtype=0x00, mfdev=0\n\tcmdreg=0x0003, statreg=0x0280, cachelnsz=0 (dwords)\n\tlattimer=0x00 (0 ns), mingnt=0x00 (0 ns), maxlat=0x00 (0 ns)\n\tintpin=b, irq=9\n\tmap[10]: type 1, range 32, base 50300000, size  8, enabled\n\tmap[20]: type 4, range 32, base 00003000, size  5, enabled\npcib0: matched entry for 0.31.INTB\npcib0: slot 31 INTB hardwired to IRQ 21\nfound-\u003e\tvendor=0x8086, dev=0x2825, revid=0x02\n\tbus=0, slot=31, func=5\n\tclass=01-01-85, hdrtype=0x00, mfdev=0\n\tcmdreg=0x0005, statreg=0x02b0, cachelnsz=0 (dwords)\n\tlattimer=0x00 (0 ns), mingnt=0x00 (0 ns), maxlat=0x00 (0 ns)\n\tintpin=a, irq=11\n\tpowerspec 3  supports D0 D3  current D0\n\tmap[10]: type 4, range 32, base 00003068, size  3, enabled\n\tmap[14]: type 4, range 32, base 0000308c, size  2, enabled\n\tmap[18]: type 4, range 32, base 00003060, size  3, enabled\n\tmap[1c]: type 4, range 32, base 00003088, size  2, enabled\n\tmap[20]: type 4, range 32, base 00003030, size  4, enabled\n\tmap[24]: type 4, range 32, base 00003020, size  4, enabled\npcib0: matched entry for 0.31.INTA\npcib0: slot 31 INTA hardwired to IRQ 19\npci0: \u003cdisplay, VGA\u003e at device 2.0 (no driver attached)\npci0: \u003csimple comms\u003e at device 3.0 (no driver attached)\npcib1: \u003cACPI PCI-PCI bridge\u003e at device 28.0 on pci0\npcib1:   secondary bus     1\npcib1:   subordinate bus   1\npcib1:   I/O decode        0xf000-0xfff\npcib1:   memory decode     0x50400000-0x504fffff\npcib1:   prefetched decode 0xfff00000-0xfffff\npci1: \u003cACPI PCI bus\u003e on pcib1\npci1: physical bus=1\npcib2: \u003cACPI PCI-PCI bridge\u003e at device 28.1 on pci0\npcib2:   secondary bus     2\npcib2:   subordinate bus   2\npcib2:   I/O decode        0x2000-0x2fff\npcib2:   memory decode     0x50100000-0x501fffff\npcib2:   prefetched decode 0xfff00000-0xfffff\npci2: \u003cACPI PCI bus\u003e on pcib2\npci2: physical bus=2\nfound-\u003e\tvendor=0x11ab, dev=0x6101, revid=0xb1\n\tbus=2, slot=0, func=0\n\tclass=01-01-8f, hdrtype=0x00, mfdev=0\n\tcmdreg=0x0007, statreg=0x0010, cachelnsz=16 (dwords)\n\tlattimer=0x00 (0 ns), mingnt=0x00 (0 ns), maxlat=0x00 (0 ns)\n\tintpin=a, irq=9\n\tpowerspec 2  supports D0 D1 D3  current D0\n\tMSI supports 1 message\n\tmap[10]: type 4, range 32, base 00002018, size  3, enabled\npcib2: (null) requested I/O range 0x2018-0x201f: in range\n\tmap[14]: type 4, range 32, base 00002024, size  2, enabled\npcib2: (null) requested I/O range 0x2024-0x2027: in range\n\tmap[18]: type 4, range 32, base 00002010, size  3, enabled\npcib2: (null) requested I/O range 0x2010-0x2017: in range\n\tmap[1c]: type 4, range 32, base 00002020, size  2, enabled\npcib2: (null) requested I/O range 0x2020-0x2023: in range\n\tmap[20]: type 4, range 32, base 00002000, size  4, enabled\npcib2: (null) requested I/O range 0x2000-0x200f: in range\n\tmap[24]: type 1, range 32, base 50100000, size  9, enabled\npcib2: (null) requested memory range 0x50100000-0x501001ff: good\npcib2: matched entry for 2.0.INTA\npcib2: slot 0 INTA hardwired to IRQ 17\natapci0: \u003cGENERIC ATA controller\u003e port 0x2018-0x201f,0x2024-0x2027,0x2010-0x2017,0x2020-0x2023,0x2000-0x200f mem 0x50100000-0x501001ff irq 17 at device 0.0 on pci2\natapci0: Reserved 0x10 bytes for rid 0x20 type 4 at 0x2000\nioapic0: routing intpin 17 (PCI IRQ 17) to vector 49\natapci0: [MPSAFE]\nata2: \u003cATA channel 0\u003e on atapci0\natapci0: Reserved 0x8 bytes for rid 0x10 type 4 at 0x2018\natapci0: Reserved 0x4 bytes for rid 0x14 type 4 at 0x2024\nata2: reset tp1 mask=03 ostat0=50 ostat1=00\nata2: stat0=0x00 err=0x01 lsb=0x14 msb=0xeb\nata2: stat1=0x00 err=0x00 lsb=0x00 msb=0x00\nata2: reset tp2 stat0=00 stat1=00 devices=0x4\u003cATAPI_MASTER\u003e\nata2: [MPSAFE]\nata3: \u003cATA channel 1\u003e on atapci0\natapci0: Reserved 0x8 bytes for rid 0x18 type 4 at 0x2010\natapci0: Reserved 0x4 bytes for rid 0x1c type 4 at 0x2020\nata3: reset tp1 mask=03 ostat0=7f ostat1=7f\nata3: stat0=0x7f err=0xff lsb=0xff msb=0xff\nata3: stat0=0x7f err=0xff lsb=0xff msb=0xff\nata3: stat0=0x7f err=0xff lsb=0xff msb=0xff\nata3: stat0=0x7f err=0xff lsb=0xff msb=0xff\nata3: stat0=0x7f err=0xff lsb=0xff msb=0xff\nata3: stat0=0x7f err=0xff lsb=0xff msb=0xff\nata3: stat0=0x7f err=0xff lsb=0xff msb=0xff\nata3: stat0=0x7f err=0xff lsb=0xff msb=0xff\nata3: stat0=0x7f err=0xff lsb=0xff msb=0xff\nata3: stat0=0x7f err=0xff lsb=0xff msb=0xff\nata3: stat0=0x7f err=0xff lsb=0xff msb=0xff\nata3: stat0=0x7f err=0xff lsb=0xff msb=0xff\nata3: stat0=0x7f err=0xff lsb=0xff msb=0xff\nata3: stat0=0x7f err=0xff lsb=0xff msb=0xff\nata3: stat0=0x7f err=0xff lsb=0xff msb=0xff\nata3: stat0=0x7f err=0xff lsb=0xff msb=0xff\nata3: stat0=0x7f err=0xff lsb=0xff msb=0xff\nata3: stat0=0x7f err=0xff lsb=0xff msb=0xff\nata3: stat0=0x7f err=0xff lsb=0xff msb=0xff\nata3: stat0=0x7f err=0xff lsb=0xff msb=0xff\nata3: stat0=0x7f err=0xff lsb=0xff msb=0xff\nata3: stat0=0x7f err=0xff lsb=0xff msb=0xff\nata3: stat1=0x7f err=0xff lsb=0xff msb=0xff\nata3: reset tp2 stat0=ff stat1=ff devices=0x0\nata3: [MPSAFE]\npcib3: \u003cACPI PCI-PCI bridge\u003e at device 28.2 on pci0\npcib3:   secondary bus     3\npcib3:   subordinate bus   3\npcib3:   I/O decode        0xf000-0xfff\npcib3:   memory decode     0x50500000-0x505fffff\npcib3:   prefetched decode 0xfff00000-0xfffff\npci3: \u003cACPI PCI bus\u003e on pcib3\npci3: physical bus=3\npcib4: \u003cACPI PCI-PCI bridge\u003e at device 28.3 on pci0\npcib4:   secondary bus     4\npcib4:   subordinate bus   4\npcib4:   I/O decode        0xf000-0xfff\npcib4:   memory decode     0x50600000-0x506fffff\npcib4:   prefetched decode 0xfff00000-0xfffff\npci4: \u003cACPI PCI bus\u003e on pcib4\npci4: physical bus=4\npcib5: \u003cACPI PCI-PCI bridge\u003e at device 28.4 on pci0\npcib5:   secondary bus     5\npcib5:   subordinate bus   5\npcib5:   I/O decode        0xf000-0xfff\npcib5:   memory decode     0x50700000-0x507fffff\npcib5:   prefetched decode 0xfff00000-0xfffff\npci5: \u003cACPI PCI bus\u003e on pcib5\npci5: physical bus=5\npcib6: \u003cACPI PCI-PCI bridge\u003e at device 30.0 on pci0\npcib6:   secondary bus     6\npcib6:   subordinate bus   6\npcib6:   I/O decode        0x1000-0x1fff\npcib6:   memory decode     0x50000000-0x500fffff\npcib6:   prefetched decode 0xfff00000-0xfffff\npcib6:   Subtractively decoded bridge.\npci6: \u003cACPI PCI bus\u003e on pcib6\npci6: physical bus=6\nfound-\u003e\tvendor=0x10ec, dev=0x8139, revid=0x10\n\tbus=6, slot=1, func=0\n\tclass=02-00-00, hdrtype=0x00, mfdev=0\n\tcmdreg=0x0007, statreg=0x0290, cachelnsz=0 (dwords)\n\tlattimer=0x20 (960 ns), mingnt=0x20 (8000 ns), maxlat=0x40 (16000 ns)\n\tintpin=a, irq=10\n\tpowerspec 2  supports D0 D1 D2 D3  current D0\n\tmap[10]: type 4, range 32, base 00001000, size  8, enabled\npcib6: (null) requested I/O range 0x1000-0x10ff: in range\n\tmap[14]: type 1, range 32, base 50000000, size  8, enabled\npcib6: (null) requested memory range 0x50000000-0x500000ff: good\npcib6: matched entry for 6.1.INTA\npcib6: slot 1 INTA hardwired to IRQ 22\nre0: Reserved 0x100 bytes for rid 0x10 type 4 at 0x1000\npcib6: rl0 requested I/O range 0x1000-0x10ff: in range\npcib6: rl0 requested I/O range 0x1000-0x10ff: in range\nrl0: \u003cRealTek 8139 10/100BaseTX\u003e port 0x1000-0x10ff mem 0x50000000-0x500000ff irq 22 at device 1.0 on pci6\npcib6: rl0 requested I/O range 0x1000-0x10ff: in range\nmiibus0: \u003cMII bus\u003e on rl0\nrlphy0: \u003cRealTek internal media interface\u003e on miibus0\nrlphy0:  10baseT, 10baseT-FDX, 100baseTX, 100baseTX-FDX, auto\nrl0: bpf attached\nrl0: Ethernet address: 00:e0:7d:ae:aa:bc\nioapic0: routing intpin 22 (PCI IRQ 22) to vector 50\nrl0: [MPSAFE]\nisab0: \u003cPCI-ISA bridge\u003e at device 31.0 on pci0\nisa0: \u003cISA bus\u003e on isab0\natapci1: \u003cGENERIC ATA controller\u003e port 0x1f0-0x1f7,0x3f6,0x170-0x177,0x376,0x3050-0x305f,0x3040-0x304f irq 19 at device 31.2 on pci0\natapci1: Reserved 0x10 bytes for rid 0x20 type 4 at 0x3050\nata0: \u003cATA channel 0\u003e on atapci1\natapci1: Reserved 0x8 bytes for rid 0x10 type 4 at 0x1f0\natapci1: Reserved 0x1 bytes for rid 0x14 type 4 at 0x3f6\nata0: reset tp1 mask=03 ostat0=50 ostat1=00\nata0: stat0=0x50 err=0x01 lsb=0x00 msb=0x00\nata0: stat1=0x00 err=0x01 lsb=0x00 msb=0x00\nata0: reset tp2 stat0=50 stat1=00 devices=0x1\u003cATA_MASTER\u003e\nioapic0: routing intpin 14 (ISA IRQ 14) to vector 51\nata0: [MPSAFE]\nata1: \u003cATA channel 1\u003e on atapci1\natapci1: Reserved 0x8 bytes for rid 0x18 type 4 at 0x170\natapci1: Reserved 0x1 bytes for rid 0x1c type 4 at 0x376\nata1: reset tp1 mask=03 ostat0=7f ostat1=7f\nata1: stat0=0x7f err=0xff lsb=0xff msb=0xff\nata1: stat0=0x7f err=0xff lsb=0xff msb=0xff\nata1: stat0=0x7f err=0xff lsb=0xff msb=0xff\nata1: stat0=0x7f err=0xff lsb=0xff msb=0xff\nata1: stat0=0x7f err=0xff lsb=0xff msb=0xff\nata1: stat0=0x7f err=0xff lsb=0xff msb=0xff\nata1: stat0=0x7f err=0xff lsb=0xff msb=0xff\nata1: stat0=0x7f err=0xff lsb=0xff msb=0xff\nata1: stat0=0x7f err=0xff lsb=0xff msb=0xff\nata1: stat0=0x7f err=0xff lsb=0xff msb=0xff\nata1: stat0=0x7f err=0xff lsb=0xff msb=0xff\nata1: stat0=0x7f err=0xff lsb=0xff msb=0xff\nata1: stat0=0x7f err=0xff lsb=0xff msb=0xff\nata1: stat0=0x7f err=0xff lsb=0xff msb=0xff\nata1: stat0=0x7f err=0xff lsb=0xff msb=0xff\nata1: stat0=0x7f err=0xff lsb=0xff msb=0xff\nata1: stat0=0x7f err=0xff lsb=0xff msb=0xff\nata1: stat0=0x7f err=0xff lsb=0xff msb=0xff\nata1: stat0=0x7f err=0xff lsb=0xff msb=0xff\nata1: stat0=0x7f err=0xff lsb=0xff msb=0xff\nata1: stat0=0x7f err=0xff lsb=0xff msb=0xff\nata1: stat0=0x7f err=0xff lsb=0xff msb=0xff\nata1: stat1=0x7f err=0xff lsb=0xff msb=0xff\nata1: reset tp2 stat0=ff stat1=ff devices=0x0\nioapic0: routing intpin 15 (ISA IRQ 15) to vector 52\nata1: [MPSAFE]\npci0: \u003cserial bus, SMBus\u003e at device 31.3 (no driver attached)\natapci2: \u003cGENERIC ATA controller\u003e port 0x3068-0x306f,0x308c-0x308f,0x3060-0x3067,0x3088-0x308b,0x3030-0x303f,0x3020-0x302f irq 19 at device 31.5 on pci0\natapci2: Reserved 0x10 bytes for rid 0x20 type 4 at 0x3030\nioapic0: routing intpin 19 (PCI IRQ 19) to vector 53\natapci2: [MPSAFE]\nata4: \u003cATA channel 0\u003e on atapci2\natapci2: Reserved 0x8 bytes for rid 0x10 type 4 at 0x3068\natapci2: Reserved 0x4 bytes for rid 0x14 type 4 at 0x308c\nata4: reset tp1 mask=03 ostat0=7f ostat1=7f\nata4: stat0=0x7f err=0xff lsb=0xff msb=0xff\nata4: stat0=0x7f err=0xff lsb=0xff msb=0xff\nata4: stat0=0x7f err=0xff lsb=0xff msb=0xff\nata4: stat0=0x7f err=0xff lsb=0xff msb=0xff\nata4: stat0=0x7f err=0xff lsb=0xff msb=0xff\nata4: stat0=0x7f err=0xff lsb=0xff msb=0xff\nata4: stat0=0x7f err=0xff lsb=0xff msb=0xff\nata4: stat0=0x7f err=0xff lsb=0xff msb=0xff\nata4: stat0=0x7f err=0xff lsb=0xff msb=0xff\nata4: stat0=0x7f err=0xff lsb=0xff msb=0xff\nata4: stat0=0x7f err=0xff lsb=0xff msb=0xff\nata4: stat0=0x7f err=0xff lsb=0xff msb=0xff\nata4: stat0=0x7f err=0xff lsb=0xff msb=0xff\nata4: stat0=0x7f err=0xff lsb=0xff msb=0xff\nata4: stat0=0x7f err=0xff lsb=0xff msb=0xff\nata4: stat0=0x7f err=0xff lsb=0xff msb=0xff\nata4: stat0=0x7f err=0xff lsb=0xff msb=0xff\nata4: stat0=0x7f err=0xff lsb=0xff msb=0xff\nata4: stat0=0x7f err=0xff lsb=0xff msb=0xff\nata4: stat0=0x7f err=0xff lsb=0xff msb=0xff\nata4: stat0=0x7f err=0xff lsb=0xff msb=0xff\nata4: stat0=0x7f err=0xff lsb=0xff msb=0xff\nata4: stat1=0x7f err=0xff lsb=0xff msb=0xff\nata4: reset tp2 stat0=ff stat1=ff devices=0x0\nata4: [MPSAFE]\nata5: \u003cATA channel 1\u003e on atapci2\natapci2: Reserved 0x8 bytes for rid 0x18 type 4 at 0x3060\natapci2: Reserved 0x4 bytes for rid 0x1c type 4 at 0x3088\nata5: reset tp1 mask=03 ostat0=7f ostat1=7f\nata5: stat0=0x7f err=0xff lsb=0xff msb=0xff\nata5: stat0=0x7f err=0xff lsb=0xff msb=0xff\nata5: stat0=0x7f err=0xff lsb=0xff msb=0xff\nata5: stat0=0x7f err=0xff lsb=0xff msb=0xff\nata5: stat0=0x7f err=0xff lsb=0xff msb=0xff\nata5: stat0=0x7f err=0xff lsb=0xff msb=0xff\nata5: stat0=0x7f err=0xff lsb=0xff msb=0xff\nata5: stat0=0x7f err=0xff lsb=0xff msb=0xff\nata5: stat0=0x7f err=0xff lsb=0xff msb=0xff\nata5: stat0=0x7f err=0xff lsb=0xff msb=0xff\nata5: stat0=0x7f err=0xff lsb=0xff msb=0xff\nata5: stat0=0x7f err=0xff lsb=0xff msb=0xff\nata5: stat0=0x7f err=0xff lsb=0xff msb=0xff\nata5: stat0=0x7f err=0xff lsb=0xff msb=0xff\nata5: stat0=0x7f err=0xff lsb=0xff msb=0xff\nata5: stat0=0x7f err=0xff lsb=0xff msb=0xff\nata5: stat0=0x7f err=0xff lsb=0xff msb=0xff\nata5: stat0=0x7f err=0xff lsb=0xff msb=0xff\nata5: stat0=0x7f err=0xff lsb=0xff msb=0xff\nata5: stat0=0x7f err=0xff lsb=0xff msb=0xff\nata5: stat0=0x7f err=0xff lsb=0xff msb=0xff\nata5: stat0=0x7f err=0xff lsb=0xff msb=0xff\nata5: stat1=0x7f err=0xff lsb=0xff msb=0xff\nata5: reset tp2 stat0=ff stat1=ff devices=0x0\nata5: [MPSAFE]\natkbdc0: \u003cKeyboard controller (i8042)\u003e port 0x60,0x64 irq 1 on acpi0\natkbd0: \u003cAT Keyboard\u003e irq 1 on atkbdc0\natkbd: the current kbd controller command byte 0067\natkbd: keyboard ID 0x41ab (2)\nkbd0 at atkbd0\nkbd0: atkbd0, AT 101/102 (2), config:0x0, flags:0x3d0000\nioapic0: routing intpin 1 (ISA IRQ 1) to vector 54\natkbd0: [GIANT-LOCKED]\npsm0: unable to allocate IRQ\nsio0: irq maps: 0xc01 0xc11 0xc01 0xc01\nsio0: \u003c16550A-compatible COM port\u003e port 0x3f8-0x3ff irq 4 flags 0x10 on acpi0\nsio0: type 16550A\nioapic0: routing intpin 4 (ISA IRQ 4) to vector 55\nex_isa_identify()\nata: ata0 already exists; skipping it\nata: ata1 already exists; skipping it\natkbdc: atkbdc0 already exists; skipping it\nsio: sio0 already exists; skipping it\npnp_identify: Trying Read_Port at 203\npnp_identify: Trying Read_Port at 243\npnp_identify: Trying Read_Port at 283\npnp_identify: Trying Read_Port at 2c3\npnp_identify: Trying Read_Port at 303\npnp_identify: Trying Read_Port at 343\npnp_identify: Trying Read_Port at 383\npnp_identify: Trying Read_Port at 3c3\nPNP Identify complete\nunknown: status reg test failed ff\nunknown: status reg test failed ff\nunknown: status reg test failed ff\nunknown: status reg test failed ff\nunknown: status reg test failed ff\nunknown: status reg test failed ff\nsc: sc0 already exists; skipping it\nvga: vga0 already exists; skipping it\nisa_probe_children: disabling PnP devices\nisa_probe_children: probing non-PnP devices\npmtimer0 on isa0\norm0: \u003cISA Option ROM\u003e at iomem 0xc0000-0xcafff on isa0\nadv0: not probed (disabled)\naha0: not probed (disabled)\naic0: not probed (disabled)\nbt0: not probed (disabled)\ncs0: not probed (disabled)\ned0: not probed (disabled)\nfdc0 failed to probe at port 0x3f0-0x3f5,0x3f7 irq 6 drq 2 on isa0\nfe0: not probed (disabled)\nie0: not probed (disabled)\nlnc0: not probed (disabled)\nppc0: parallel port not found.\nppc0: \u003cParallel port\u003e failed to probe at irq 7 on isa0\nsc0: \u003cSystem console\u003e at flags 0x100 on isa0\nsc0: VGA \u003c16 virtual consoles, flags=0x300\u003e\nsc0: fb0, kbd1, terminal emulator: sc (syscons terminal)\nsio1: configured irq 3 not in bitmap of probed irqs 0\nsio1: port may not be enabled\nsio1: irq maps: 0xc01 0xc01 0xc01 0xc01\nsio1: probe failed test(s): 0 1 2 4 6 7 9\nsio1 failed to probe at port 0x2f8-0x2ff irq 3 on isa0\nsio2: not probed (disabled)\nsio3: not probed (disabled)\nsn0: not probed (disabled)\nvga0: \u003cGeneric ISA VGA\u003e at port 0x3c0-0x3df iomem 0xa0000-0xbffff on isa0\nvt0: not probed (disabled)\nisa_probe_children: probing PnP devices\nDevice configuration finished.\nprocfs registered\nlapic: Divisor 2, Frequency 133200559 hz\nTimecounter \"TSC\" frequency 1864814371 Hz quality -100\nTimecounters tick every 1.000 msec\nlo0: bpf attached\nrr232x: no controller detected.\nata0-master: pio=PIO4 wdma=WDMA2 udma=UDMA133 cable=40 wire\nad0: 305245MB \u003cWDC WD3200KS-00PFB0 21.00M21\u003e at ata0-master UDMA33\nad0: 625142448 sectors [620181C/16H/63S] 16 sectors/interrupt 1 depth queue\nGEOM: new disk ad0\nad0: Intel check1 failed\nad0: Adaptec check1 failed\nad0: LSI (v3) check1 failed\nad0: LSI (v2) check1 failed\nad0: FreeBSD check1 failed\nATA PseudoRAID loaded\nSMP: AP CPU #1 Launched!\ncpu1 AP:\n     ID: 0x01000000   VER: 0x00050014 LDR: 0x00000000 DFR: 0xffffffff\n  lint0: 0x00010700 lint1: 0x00000400 TPR: 0x00000000 SVR: 0x000001ff\n  timer: 0x000200ef therm: 0x00010000 err: 0x00010000 pcm: 0x00010000\nINTR: Assigning IRQ 1 to local APIC 0\nioapic0: Assigning ISA IRQ 1 to local APIC 0\nINTR: Assigning IRQ 4 to local APIC 1\nioapic0: Assigning ISA IRQ 4 to local APIC 1\nINTR: Assigning IRQ 9 to local APIC 0\nioapic0: Assigning ISA IRQ 9 to local APIC 0\nINTR: Assigning IRQ 14 to local APIC 1\nioapic0: Assigning ISA IRQ 14 to local APIC 1\nINTR: Assigning IRQ 15 to local APIC 0\nioapic0: Assigning ISA IRQ 15 to local APIC 0\nINTR: Assigning IRQ 17 to local APIC 1\nioapic0: Assigning PCI IRQ 17 to local APIC 1\nINTR: Assigning IRQ 19 to local APIC 0\nioapic0: Assigning PCI IRQ 19 to local APIC 0\nINTR: Assigning IRQ 22 to local APIC 1\nioapic0: Assigning PCI IRQ 22 to local APIC 1\nTrying to mount root from ufs:/dev/ad0s1a\nstart_init: trying /sbin/init"
}