{
 "id": 537992,
 "bug_id": 142597,
 "attachment_id": 0,
 "creation_time": "2010-01-10T21:40:01Z",
 "creator": "vermaden@interia.pl",
 "text": "Under Linux I created ext2fs filesystem with -I 128 option (inode size), used it on Linux for a while, now tried to mount and use it under FreeBSD, filesystem mounts, gives no errors on mount, but I cannot list or access contents of really big dorectories (with ls(1) for example), I am able to list/use smaller dirs on that filesystem for example.\n\nShould not be a chipset support problem, because other disk works without a problem on this Intel Q35 chipset without any problems/timeouts.\n\nMaybe its because these non default features of ext2 enabled on the Linux side:\n- dir_index\n- large_file\n\nRegards,\nvermaden\n\nHow-To-Repeat: # mount -t ext2fs /dev/ada1s1 /mnt/GREEN\n# cd /mnt/GREEN\n# ls small_dir\n(contents ...)\n# ls big_dir\n(no output)\n\n.. and dmesg(8) shows two lines (always two lines for single ls command on big directory:\ng_vfs_done():ada1s1[READ(offset=-711084466176, length=4096)]error = 5\ng_vfs_done():ada1s1[READ(offset=-711084466176, length=4096)]error = 5\n\n~ % tune2fs -l /dev/ada1s1\ntune2fs 1.41.8 (11-Jul-2009)\nFilesystem volume name:   \u003cnone\u003e\nLast mounted on:          \u003cnot available\u003e\nFilesystem UUID:          d8e5e867-db65-499b-b158-1887bf718e45\nFilesystem magic number:  0xEF53\nFilesystem revision #:    1 (dynamic)\nFilesystem features:      ext_attr resize_inode dir_index filetype sparse_super large_file\nFilesystem flags:         signed_directory_hash \nDefault mount options:    (none)\nFilesystem state:         not clean\nErrors behavior:          Continue\nFilesystem OS type:       Linux\nInode count:              91578368\nBlock count:              366284000\nReserved block count:     0\nFree blocks:              232569649\nFree inodes:              91511889\nFirst block:              0\nBlock size:               4096\nFragment size:            4096\nReserved GDT blocks:      936\nBlocks per group:         32768\nFragments per group:      32768\nInodes per group:         8192\nInode blocks per group:   256\nFilesystem created:       Fri Dec 18 19:34:50 2009\nLast mount time:          Sat Jan  9 15:18:02 2010\nLast write time:          Sat
Jan  9 15:43:23 2010\nMount count:              0\nMaximum mount count:      27\nLast checked:             Sat
Jan  9 15:18:02 2010\nCheck interval:           15552000 (6 months)\nNext check after:         Thu Jul  8 16:18:02 2010\nReserved blocks uid:      0 (user root)\nReserved blocks gid:      0 (group wheel)\nFirst inode:              11\nInode size:               128\nDefault directory hash:   half_md4\nDirectory Hash Seed:      e48cf467-623f-4625-99c8-19c028a27620"
}