{
 "id": 80430,
 "bug_id": 25782,
 "attachment_id": 0,
 "creation_time": "2001-03-13T22:10:01Z",
 "creator": "mtm98@doc.ic.ac.uk",
 "text": "When a playing sound stops, an unpleasant buzzing sound is produced. This appears to be the las\nt few milliseconds of the sound looping since, when a played sound terminates in silence, no bu\nzzing is produced. I have tested this using an mp3, played in mpg123 and a wav ripped from a CD\n, using wavplay.\nThis problem was present when I was running 4.0 -release and -stable. ( About a year ago. )\nThis may be a problem with my configuration, but the available documentation for the pcm and cs\na devices is very limited.\n\nFYI, this problem does not appear using OpenBSD with the clcs driver.\n\nAs far as I can tell, the card is an onboard CS4614.\n\nFreeBSD dmesg:\nCopyright (c) 1992-2001 The FreeBSD Project.\nCopyright (c) 1979, 1980, 1983, 1986, 1988, 1989, 1991, 1992, 1993, 1994\n        The Regents of the University of California. All rights reserved.\nFreeBSD 5.0-CURRENT #4: Tue Mar 13 17:22:08 GMT 2001\n    root@:/usr/obj/usr/src/sys/GENERIC\nTimecounter \"i8254\"  frequency 1193182 Hz\nCPU: Pentium III/Pentium III Xeon/Celeron (546.62-MHz 686-class CPU)\n  Origin = \"GenuineIntel\"  Id = 0x681  Stepping = 1\n  Features=0x383f9ff\u003cFPU,VME,DE,PSE,TSC,MSR,PAE,MCE,CX8,SEP,MTRR,PGE,MCA,CMOV,PAT,PSE36,\nMMX,FXSR,SSE\u003e\nreal memory  = 134152192 (131008K bytes)\nconfig\u003e di sn0\nconfig\u003e di lnc0\nconfig\u003e di le0\nconfig\u003e di ie0\nconfig\u003e di fe0\nconfig\u003e di ed0\nconfig\u003e di cs0\nconfig\u003e q\navail memory = 125386752 (122448K bytes)\nPreloaded elf kernel \"kernel\" at 0xc0510000.\nPreloaded userconfig_script \"/boot/kernel.conf\" at 0xc051009c.\nPentium Pro MTRR support enabled\nWARNING: Driver mistake: destroy_dev on 154/0\nUsing $PIR table, 8 entries at 0xc00f7900\napm0: \u003cAPM BIOS\u003e on motherboard\napm0: found APM BIOS v1.2, connected at v1.2\nnpx0: \u003cmath processor\u003e on motherboard\nnpx0: INT 16 interface\npcib0: \u003cHost to PCI bridge\u003e at pcibus 0 on motherboard\npci0: \u003cPCI bus\u003e on pcib0\npcib1: \u003cPCI-PCI bridge\u003e at device 1.0 on pci0\npci1: \u003cPCI bus\u003e on pcib1\npci1: \u003cdisplay, VGA\u003e at 0.0 (no driver attached)\nohci0: \u003cAcerLabs M5237 (Aladdin-V) USB controller\u003e mem 0x88800000-0x88800fff irq 11 at d\nevice 2.0 on pci0\nusb0: OHCI version 1.0, legacy support\nusb0: \u003cAcerLabs M5237 (Aladdin-V) USB controller\u003e on ohci0\nusb0: USB revision 1.0\nuhub0: AcerLabs OHCI root hub, class 9/0, rev 1.00/1.00, addr 1\nuhub0: 2 ports with 2 removable, self powered\nisab0: \u003cPCI-ISA bridge\u003e at device 7.0 on pci0\nisa0: \u003cISA bus\u003e on isab0\ncsa0: \u003cCrystal Semiconductor CS4614/4622/4624 Audio accelerator/4280 Audio controller\u003e m\nem 0x88500000-0x885fffff,0x88400000-0x88400fff irq 5 at device 11.0 on pci0\npcm0: \u003cCS461x PCM Audio\u003e on csa0\natapci0: \u003cAcerLabs Aladdin ATA33 controller\u003e port 0x8400-0x840f irq 0 at device 15.0 on \npci0\nata0: at 0x1f0 irq 14 on atapci0\nata1: at 0x170 irq 15 on atapci0\nrl0: \u003cRealTek 8139 10/100BaseTX\u003e port 0x8000-0x80ff mem 0x80200000-0x802000ff irq 10 at \ndevice 19.0 on pci0\nrl0: Realtek 8139B detected. Warning, this may be unstable in autoselect mode\nrl0: Ethernet address: 00:60:67:76:6e:bf\nmiibus0: \u003cMII bus\u003e on rl0\nrlphy0: \u003cRealTek internal media interface\u003e on miibus0\nrlphy0:  10baseT, 10baseT-FDX, 100baseTX, 100baseTX-FDX, auto\natkbdc0: \u003cKeyboard controller (i8042)\u003e at port 0x60,0x64 on isa0\natkbd0: \u003cAT Keyboard\u003e flags 0x1 irq 1 on atkbdc0\nkbd0 at atkbd0\npsm0: \u003cPS/2 Mouse\u003e irq 12 on atkbdc0\npsm0: model IntelliMouse, device ID 3\nfdc0: \u003cNEC 72065B or clone\u003e at port 0x3f0-0x3f5,0x3f7 irq 6 drq 2 on isa0\nfdc0: FIFO enabled, 8 bytes threshold\nfd0: \u003c1440-KB 3.5\" drive\u003e on fdc0 drive 0\nppc0: \u003cParallel port\u003e at port 0x378-0x37f irq 7 on isa0\nppc0: Generic chipset (EPP/NIBBLE) in COMPATIBLE mode\nplip0: \u003cPLIP network interface\u003e on ppbus0\nlpt0: \u003cPrinter\u003e on ppbus0\nlpt0: Interrupt-driven port\nppi0: \u003cParallel I/O\u003e on ppbus0\nsc0: \u003cSystem console\u003e at flags 0x100 on isa0\nsc0: VGA \u003c16 virtual consoles, flags=0x300\u003e\nsio0 at port 0x3f8-0x3ff irq 4 flags 0x10 on isa0\nsio0: type 16550A\nsio1 at port 0x2f8-0x2ff irq 3 on isa0\nsio1: type 16550A\nvga0: \u003cGeneric ISA VGA\u003e at port 0x3c0-0x3df iomem 0xa0000-0xbffff on isa0\nunknown: \u003cPNP0303\u003e can't assign resources\nunknown: \u003cPNP0f13\u003e can't assign resources\nunknown: \u003cPNP0400\u003e can't assign resources\nunknown: \u003cPNP0501\u003e can't assign resources\nunknown: \u003cPNP0501\u003e can't assign resources\nunknown: \u003cPNP0700\u003e can't assign resources\nad0: 9768MB \u003cST310212A\u003e [19846/16/63] at ata0-master UDMA33\nacd0: CDROM \u003cCD-ROM 40X/AKU\u003e at ata1-master PIO4\nMounting root from ufs:/dev/ad0s2a\n/dev/vmmon: Module vmmon: registered with major=200 minor=0 tag=$Name: build-570 $\n/dev/vmmon: Module vmmon: initialized\nrtinit: wrong ifa (0xc1065a00) was (0xc0ff2f00)\n        \nOpenBSD DMESG ( For information. )\nOpenBSD 2.8-stable (GENERIC) #0: Wed Mar  7 10:26:08 GMT 2001\n    root@uriel:/usr/src/sys/arch/i386/compile/GENERIC\ncpu0: Intel Pentium III (Coppermine) (\"GenuineIntel\" 686-class) 547 MHz\ncpu0: FPU,V86,DE,PSE,TSC,MSR,PAE,MCE,CX8,SYS,MTRR,PGE,MCA,CMOV,PAT,PSE36,MMX,FXSR,SIMD\nreal mem  = 133738496 (130604K)\navail mem = 118988800 (116200K)\nusing 1658 buffers containing 6791168 bytes (6632K) of memory\nmainbus0 (root)\nbios0 at mainbus0: AT/286+(ff) BIOS, date 01/01/99, BIOS32 rev. 0 @ 0xf0210\napm0 at bios0: Power Management spec V1.2\napm0: AC on, battery charge unknown\npcibios0 at bios0: rev. 2.1 found at 0xf0200[0xb00]\npcibios0: PCI IRQ Routing Table rev. 1.0 found at 0xf7900, size 160 bytes (8 entries)\npcibios0: PCI Interrupt Router at 000:07:0 (\"Acer Labs M1543 PCI-ISA\" rev 0x00)\npci_intr_fixup: no compatible PCI ICU found: ICU vendor 0x10b9 product 0x1533\npcibios0: Warning, unable to fix up PCI interrupt routing\npcibios0: PCI bus #1 is the last bus\npci0 at mainbus0 bus 0: configuration mode 1 (no bios)\npchb0 at pci0 dev 0 function 0 \"Acer Labs M1621 Host-PCI\" rev 0x05\nppb0 at pci0 dev 1 function 0 \"Acer Labs M5247 AGP/PCI-PCI\" rev 0x01\npci1 at ppb0 bus 1\n\"ATI Rage 128 VR AGP\" rev 0x00 at pci1 dev 0 function 0 not configured\n\"Acer Labs M5237 USB\" rev 0x03 at pci0 dev 2 function 0 not configured\npcib0 at pci0 dev 7 function 0 \"Acer Labs M1543 PCI-ISA\" rev 0xc3\nclcs0 at pci0 dev 11 function 0 \"Cirrus Logic CS4614\" rev 0x01 irq 5\nac97: codec id 0x43525903 (Cirrus Logic CS4297)\nac97: codec features headphone, 18 bit DAC, 18 bit ADC, No 3D Stereo\naudio0 at clcs0\npciide0 at pci0 dev 15 function 0 \"Acer Labs M5229 UDMA IDE\" rev 0xc1: DMA (unsupported), \nchannel 0 configured to compatibility, channel 1 configured to compatibility\npciide0: channel 0 ignored (other hardware responding at addresses)\npciide0: channel 1 ignored (other hardware responding at addresses)\nrl0 at pci0 dev 19 function 0 \"Realtek 8139\" rev 0x10: irq 10 address 00:60:67:76:6e:bf\namphy0 at rl0 phy 0: Am79C873 10/100 media interface, rev. 0\nisa0 at pcib0\nisadma0 at isa0\nwdc0 at isa0 port 0x1f0/8 irq 14\nwd0 at wdc0 channel 0 drive 0: \u003cST310212A\u003e\nwd0: can use 16-bit, PIO mode 4\nwd0: 32-sector PIO, LBA, 9768MB, 16383 cyl, 16 head, 63 sec, 20005650 sectors\nwdc1 at isa0 port 0x170/8 irq 15\natapiscsi0 at wdc1 channel 0\nscsibus0 at atapiscsi0: 2 targets\ncd0 at scsibus0 targ 0 lun 0: \u003cE-IDE, CD-ROM 40X/AKU, F02\u003e SCSI0 5/cdrom removable\ncd0: can use 16-bit, PIO mode 4\npcppi0 at isa0 port 0x61\nmidi0 at pcppi0: \u003cPC speaker\u003e\nsysbeep0 at pcppi0\nlpt0 at isa0 port 0x378/4 irq 7\nnpx0 at isa0 port 0xf0/16: using exception 16\npccom0 at isa0 port 0x3f8/8 irq 4: ns16550a, 16 byte fifo\npccom1 at isa0 port 0x2f8/8 irq 3: ns16550a, 16 byte fifo\nvt0 at isa0 port 0x60/16 irq 1: vga 80 col, color, 8 scr, mf2-kbd\npms0 at vt0 irq 12\nfdc0 at isa0 port 0x3f0/6 irq 6 drq 2\nfd0 at fdc0 drive 0: 1.44MB 80 cyl, 2 head, 18 sec\nbiomask c040 netmask c440 ttymask d4c2\npctr: 686-class user-level performance counters enabled\nmtrr: Pentium Pro MTRR support\ndkcsum: wd0 matched BIOS disk 80\nroot on wd0a\nrootdev=0x0 rrootdev=0x300 rawdev=0x302"
}