{
 "id": 400240,
 "bug_id": 114270,
 "attachment_id": 0,
 "creation_time": "2007-07-03T21:30:05Z",
 "creator": "yurtesen@ispro.net",
 "text": "When cpufreq is loaded as a module it detects several cpu frequencies supported. However when it is compiled into the kernel it doesnt work.\n\nCompiled in kernel:\n------------------\nhost:/root#kldstat\nId Refs Address            Size     Name\n 1    1 0xffffffff80100000 572c18   kernel\nhost:/root#kldload cpufreq\nkldload: can't load cpufreq: File exists\nhost:/root#sysctl -a |grep freq\nkern.acct_chkfreq: 15\ndebug.cpufreq.lowest: 0\ndebug.cpufreq.verbose: 0\nmachdep.acpi_timer_freq: 3579545\nmachdep.tsc_freq: 1600007070\nmachdep.i8254_freq: 1193182\nhost:/root#dmesg\nCopyright (c) 1992-2007 The FreeBSD Project.\nCopyright (c) 1979, 1980, 1983, 1986, 1988, 1989, 1991, 1992, 1993, 1994\n        The Regents of the University of California. All rights reserved.\nFreeBSD is a registered trademark of The FreeBSD Foundation.\nFreeBSD 6.2-STABLE #3: Tue Jul  3 22:54:11 EEST 2007\n    user@host:/usr/obj/usr/src/sys/XXXXX\nACPI APIC Table: \u003cHP     00000083\u003e\nTimecounter \"i8254\" frequency 1193182 Hz quality 0\nCPU: Intel(R) Xeon(R) CPU           E5310  @ 1.60GHz (1600.01-MHz K8-class CPU)\n  Origin = \"GenuineIntel\"  Id = 0x6f7  Stepping = 7\n  Features=0xbfebfbff\u003cFPU,VME,DE,PSE,TSC,MSR,PAE,MCE,CX8,APIC,SEP,MTRR,PGE,MCA,CMOV,PAT,PSE36,CLFLUSH,DTS,ACPI,MMX,FXSR,SSE,SSE2,SS,HTT,TM,PBE\u003e\n  Features2=0x4e33d\u003cSSE3,RSVD2,MON,DS_CPL,VMX,TM2,\u003cb9\u003e,CX16,XTPR,\u003cb15\u003e,\u003cb18\u003e\u003e\n  AMD Features=0x20000800\u003cSYSCALL,LM\u003e\n  AMD Features2=0x1\u003cLAHF\u003e\n  Cores per package: 4\nreal memory  = 3219488768 (3070 MB)\navail memory = 3106340864 (2962 MB)\nFreeBSD/SMP: Multiprocessor System Detected: 4 CPUs\n cpu0 (BSP): APIC ID:  0\n cpu1 (AP): APIC ID:  1\n cpu2 (AP): APIC ID:  2\n cpu3 (AP): APIC ID:  3\nioapic0 \u003cVersion 2.0\u003e irqs 0-23 on motherboard\nkbd1 at kbdmux0\nacpi0: \u003cHP P56\u003e on motherboard\nacpi_hpet0: \u003cHigh Precision Event Timer\u003e iomem 0xfed00000-0xfed003ff on acpi0\nTimecounter \"HPET\" frequency 14318180 Hz quality 2000\nacpi0: Power Button (fixed)\nTimecounter \"ACPI-fast\" frequency 3579545 Hz quality 1000\nacpi_timer0: \u003c24-bit timer at 3.579545MHz\u003e port 0x908-0x90b on acpi0\ncpu0: \u003cACPI CPU\u003e on acpi0\ncpu1: \u003cACPI CPU\u003e on acpi0\ncpu2: \u003cACPI CPU\u003e on acpi0\ncpu3: \u003cACPI CPU\u003e on acpi0\npcib0: \u003cACPI Host-PCI bridge\u003e on acpi0\npci0: \u003cACPI PCI bus\u003e on pcib0\npcib1: \u003cACPI PCI-PCI bridge\u003e at device 2.0 on pci0\npci9: \u003cACPI PCI bus\u003e on pcib1\npcib2: \u003cACPI PCI-PCI bridge\u003e at device 0.0 on pci9\npci10: \u003cACPI PCI bus\u003e on pcib2\npcib3: \u003cACPI PCI-PCI bridge\u003e at device 0.0 on pci10\npci11: \u003cACPI PCI bus\u003e on pcib3\npcib4: \u003cACPI PCI-PCI bridge\u003e at device 1.0 on pci10\npci14: \u003cACPI PCI bus\u003e on pcib4\npcib5: \u003cPCI-PCI bridge\u003e at device 0.0 on pci14\npci15: \u003cPCI bus\u003e on pcib5\npcib6: \u003cPCI-PCI bridge\u003e at device 4.0 on pci15\npci16: \u003cPCI bus\u003e on pcib6\nciss0: \u003cHP Smart Array E200\u003e port 0x4000-0x40ff mem 0xfdf80000-0xfdffffff,0xfdf70000-0xfdf77fff irq 17 at device 8.0 on pci15\nciss0: [GIANT-LOCKED]\npcib7: \u003cACPI PCI-PCI bridge\u003e at device 2.0 on pci10\npci17: \u003cACPI PCI bus\u003e on pcib7\npcib8: \u003cPCI-PCI bridge\u003e at device 0.3 on pci9\npci18: \u003cPCI bus\u003e on pcib8\npcib9: \u003cACPI PCI-PCI bridge\u003e at device 3.0 on pci0\npci6: \u003cACPI PCI bus\u003e on pcib9\npcib10: \u003cACPI PCI-PCI bridge\u003e at device 4.0 on pci0\npci19: \u003cACPI PCI bus\u003e on pcib10\npcib11: \u003cPCI-PCI bridge\u003e at device 5.0 on pci0\npci22: \u003cPCI bus\u003e on pcib11\npcib12: \u003cACPI PCI-PCI bridge\u003e at device 6.0 on pci0\npci23: \u003cACPI PCI bus\u003e on pcib12\npcib13: \u003cPCI-PCI bridge\u003e at device 7.0 on pci0\npci26: \u003cPCI bus\u003e on pcib13\npcib14: \u003cACPI PCI-PCI bridge\u003e at device 28.0 on pci0\npci2: \u003cACPI PCI bus\u003e on pcib14\npcib15: \u003cPCI-PCI bridge\u003e at device 0.0 on pci2\npci3: \u003cPCI bus\u003e on pcib15\nbce0: \u003cBroadcom NetXtreme II BCM5708 1000Base-T (B2)\u003e mem 0xf8000000-0xf9ffffff irq 16 at device 0.0 on pci3\nmiibus0: \u003cMII bus\u003e on bce0\nbrgphy0: \u003cBCM5708C 10/100/1000baseTX PHY\u003e on miibus0\nbrgphy0:  10baseT, 10baseT-FDX, 100baseTX, 100baseTX-FDX, 1000baseT, 1000baseT-FDX, auto\nbce0: Ethernet address: 00:1a:4b:e9:85:86\nbce0: ASIC (0x57081020); Rev (B2); Bus (PCI-X, 64-bit, 133MHz); F/W (0x01090605); Flags( MFW )\npcib16: \u003cACPI PCI-PCI bridge\u003e at device 28.1 on pci0\npci4: \u003cACPI PCI bus\u003e on pcib16\npcib17: \u003cPCI-PCI bridge\u003e at device 0.0 on pci4\npci5: \u003cPCI bus\u003e on pcib17\nbce1: \u003cBroadcom NetXtreme II BCM5708 1000Base-T (B2)\u003e mem 0xfa000000-0xfbffffff irq 17 at device 0.0 on pci5\nmiibus1: \u003cMII bus\u003e on bce1\nbrgphy1: \u003cBCM5708C 10/100/1000baseTX PHY\u003e on miibus1\nbrgphy1:  10baseT, 10baseT-FDX, 100baseTX, 100baseTX-FDX, 1000baseT, 1000baseT-FDX, auto\nbce1: Ethernet address: 00:1a:4b:e9:85:84\nbce1: ASIC (0x57081020); Rev (B2); Bus (PCI-X, 64-bit, 133MHz); F/W (0x01090605); Flags( MFW )\nuhci0: \u003cUHCI (generic) USB controller\u003e port 0x1000-0x101f irq 16 at device 29.0 on pci0\nuhci0: [GIANT-LOCKED]\nusb0: \u003cUHCI (generic) USB controller\u003e on uhci0\nusb0: USB revision 1.0\nuhub0: Intel UHCI root hub, class 9/0, rev 1.00/1.00, addr 1\nuhub0: 2 ports with 2 removable, self powered\nuhci1: \u003cUHCI (generic) USB controller\u003e port 0x1020-0x103f irq 17 at device 29.1 on pci0\nuhci1: [GIANT-LOCKED]\nusb1: \u003cUHCI (generic) USB controller\u003e on uhci1\nusb1: USB revision 1.0\nuhub1: Intel UHCI root hub, class 9/0, rev 1.00/1.00, addr 1\nuhub1: 2 ports with 2 removable, self powered\nuhci2: \u003cUHCI (generic) USB controller\u003e port 0x1040-0x105f irq 18 at device 29.2 on pci0\nuhci2: [GIANT-LOCKED]\nusb2: \u003cUHCI (generic) USB controller\u003e on uhci2\nusb2: USB revision 1.0\nuhub2: Intel UHCI root hub, class 9/0, rev 1.00/1.00, addr 1\nuhub2: 2 ports with 2 removable, self powered\nuhci3: \u003cUHCI (generic) USB controller\u003e port 0x1060-0x107f irq 19 at device 29.3 on pci0\nuhci3: [GIANT-LOCKED]\nusb3: \u003cUHCI (generic) USB controller\u003e on uhci3\nusb3: USB revision 1.0\nuhub3: Intel UHCI root hub, class 9/0, rev 1.00/1.00, addr 1\nuhub3: 2 ports with 2 removable, self powered\nehci0: \u003cEHCI (generic) USB 2.0 controller\u003e mem 0xf7df0000-0xf7df03ff irq 16 at device 29.7 on pci0\nehci0: [GIANT-LOCKED]\nusb4: waiting for BIOS to give up control\nusb4: EHCI version 1.0\nusb4: companion controllers, 2 ports each: usb0 usb1 usb2 usb3\nusb4: \u003cEHCI (generic) USB 2.0 controller\u003e on ehci0\nusb4: USB revision 2.0\nuhub4: Intel EHCI root hub, class 9/0, rev 2.00/1.00, addr 1\nuhub4: 8 ports with 8 removable, self powered\npcib18: \u003cACPI PCI-PCI bridge\u003e at device 30.0 on pci0\npci1: \u003cACPI PCI bus\u003e on pcib18\npci1: \u003cdisplay, VGA\u003e at device 3.0 (no driver attached)\npci1: \u003cbase peripheral\u003e at device 4.0 (no driver attached)\npci1: \u003cbase peripheral\u003e at device 4.2 (no driver attached)\nuhci4: \u003cUHCI (generic) USB controller\u003e port 0x3800-0x381f irq 22 at device 4.4 on pci1\nuhci4: [GIANT-LOCKED]\nusb5: \u003cUHCI (generic) USB controller\u003e on uhci4\nusb5: USB revision 1.0\nuhub5: (0x103c) UHCI root hub, class 9/0, rev 1.00/1.00, addr 1\nuhub5: 2 ports with 2 removable, self powered\npci1: \u003cserial bus\u003e at device 4.6 (no driver attached)\nisab0: \u003cPCI-ISA bridge\u003e at device 31.0 on pci0\nisa0: \u003cISA bus\u003e on isab0\natapci0: \u003cIntel 63XXESB2 UDMA100 controller\u003e port 0x1f0-0x1f7,0x3f6,0x170-0x177,0x376,0x500-0x50f irq 17 at device 31.1 on pci0\nata0: \u003cATA channel 0\u003e on atapci0\nata1: \u003cATA channel 1\u003e on atapci0\nacpi_tz0: \u003cThermal Zone\u003e on acpi0\natkbdc0: \u003cKeyboard controller (i8042)\u003e port 0x60,0x64 irq 1 on acpi0\natkbd0: \u003cAT Keyboard\u003e irq 1 on atkbdc0\nkbd0 at atkbd0\natkbd0: [GIANT-LOCKED]\norm0: \u003cISA Option ROMs\u003e at iomem 0xc0000-0xcafff,0xe6000-0xe7fff on isa0\nsc0: \u003cSystem console\u003e at flags 0x100 on isa0\nsc0: VGA \u003c16 virtual consoles, flags=0x300\u003e\nvga0: \u003cGeneric ISA VGA\u003e at port 0x3c0-0x3df iomem 0xa0000-0xbffff on isa0\nukbd0: HP Virtual Keyboard, rev 1.10/0.02, addr 2, iclass 3/1\nkbd2 at ukbd0\nums0: HP Virtual Keyboard, rev 1.10/0.02, addr 2, iclass 3/1\nums0: X report 0x0002 not supported\ndevice_attach: ums0 attach returned 6\nuhub6: HP Virtual Hub, class 9/0, rev 1.10/0.01, addr 3\nuhub6: 7 ports with 7 removable, self powered\nTimecounters tick every 1.000 msec\nSMP: AP CPU #1 Launched!\nSMP: AP CPU #3 Launched!\nSMP: AP CPU #2 Launched!\nda0 at ciss0 bus 0 target 0 lun 0\nda0: \u003cCOMPAQ RAID 1  VOLUME OK\u003e Fixed Direct Access SCSI-0 device\nda0: 135.168MB/s transfers\nda0: 139979MB (286677120 512 byte sectors: 255H 32S/T 35132C)\nTrying to mount root from ufs:/dev/da0s1a\nbce1: link state changed to UP\nmodule_register: module cpu/ichss already exists!\nModule cpu/ichss failed to register: 17\nmodule_register: module pci/ichss_pci already exists!\nModule pci/ichss_pci failed to register: 17\nmodule_register: module cpu/powernow already exists!\nModule cpu/powernow failed to register: 17\nmodule_register: module cpu/ichss already exists!\nModule cpu/ichss failed to register: 17\nmodule_register: module pci/ichss_pci already exists!\nModule pci/ichss_pci failed to register: 17\nmodule_register: module cpu/powernow already exists!\nModule cpu/powernow failed to register: 17\n\n\nLoaded as module:\n------------------\nhost:/root#kldstat\nId Refs Address            Size     Name\n 1    1 0xffffffff80100000 570440   kernel\nhost:/root#sysctl -a |grep freq\nkern.acct_chkfreq: 15\ndebug.cpufreq.lowest: 0\ndebug.cpufreq.verbose: 0\nmachdep.acpi_timer_freq: 3579545\nmachdep.tsc_freq: 1600011450\nmachdep.i8254_freq: 1193182\nhost:/root#kldload cpufreq\nhost:/root#kldstat\nId Refs Address            Size     Name\n 1    2 0xffffffff80100000 570440   kernel\n 2    1 0xffffffffc5bbe000 5d3f     cpufreq.ko\nhost:/root#sysctl -a | grep freq\nkern.acct_chkfreq: 15\ndebug.cpufreq.lowest: 0\ndebug.cpufreq.verbose: 0\nmachdep.acpi_timer_freq: 3579545\nmachdep.tsc_freq: 1600011450\nmachdep.i8254_freq: 1193182\ndev.cpu.0.freq: 1601\ndev.cpu.0.freq_levels: 1601/-1 1400/-1 1200/-1 1000/-1 800/-1 600/-1\ndev.p4tcc.0.freq_settings: 10000/-1 8750/-1 7500/-1 6250/-1 5000/-1 3750/-1\ndev.p4tcc.1.freq_settings: 10000/-1 8750/-1 7500/-1 6250/-1 5000/-1 3750/-1\ndev.p4tcc.2.freq_settings: 10000/-1 8750/-1 7500/-1 6250/-1 5000/-1 3750/-1\ndev.p4tcc.3.freq_settings: 10000/-1 8750/-1 7500/-1 6250/-1 5000/-1 3750/-1\ndev.cpufreq.0.%driver: cpufreq\ndev.cpufreq.0.%parent: cpu0\ndev.cpufreq.1.%driver: cpufreq\ndev.cpufreq.1.%parent: cpu1\ndev.cpufreq.2.%driver: cpufreq\ndev.cpufreq.2.%parent: cpu2\ndev.cpufreq.3.%driver: cpufreq\ndev.cpufreq.3.%parent: cpu3\nhost:/root#dmesg\nCopyright (c) 1992-2007 The FreeBSD Project.\nCopyright (c) 1979, 1980, 1983, 1986, 1988, 1989, 1991, 1992, 1993, 1994\n        The Regents of the University of California. All rights reserved.\nFreeBSD is a registered trademark of The FreeBSD Foundation.\nFreeBSD 6.2-STABLE #4: Tue Jul  3 23:07:11 EEST 2007\n    user@host:/usr/obj/usr/src/sys/XXXXX\nACPI APIC Table: \u003cHP     00000083\u003e\nTimecounter \"i8254\" frequency 1193182 Hz quality 0\nCPU: Intel(R) Xeon(R) CPU           E5310  @ 1.60GHz (1600.01-MHz K8-class CPU)\n  Origin = \"GenuineIntel\"  Id = 0x6f7  Stepping = 7\n  Features=0xbfebfbff\u003cFPU,VME,DE,PSE,TSC,MSR,PAE,MCE,CX8,APIC,SEP,MTRR,PGE,MCA,CMOV,PAT,PSE36,CLFLUSH,DTS,ACPI,MMX,FXSR,SSE,SSE2,SS,HTT,TM,PBE\u003e\n  Features2=0x4e33d\u003cSSE3,RSVD2,MON,DS_CPL,VMX,TM2,\u003cb9\u003e,CX16,XTPR,\u003cb15\u003e,\u003cb18\u003e\u003e\n  AMD Features=0x20000800\u003cSYSCALL,LM\u003e\n  AMD Features2=0x1\u003cLAHF\u003e\n  Cores per package: 4\nreal memory  = 3219488768 (3070 MB)\navail memory = 3106349056 (2962 MB)\nFreeBSD/SMP: Multiprocessor System Detected: 4 CPUs\n cpu0 (BSP): APIC ID:  0\n cpu1 (AP): APIC ID:  1\n cpu2 (AP): APIC ID:  2\n cpu3 (AP): APIC ID:  3\nioapic0 \u003cVersion 2.0\u003e irqs 0-23 on motherboard\nkbd1 at kbdmux0\nacpi0: \u003cHP P56\u003e on motherboard\nacpi_hpet0: \u003cHigh Precision Event Timer\u003e iomem 0xfed00000-0xfed003ff on acpi0\nTimecounter \"HPET\" frequency 14318180 Hz quality 2000\nacpi0: Power Button (fixed)\nTimecounter \"ACPI-fast\" frequency 3579545 Hz quality 1000\nacpi_timer0: \u003c24-bit timer at 3.579545MHz\u003e port 0x908-0x90b on acpi0\ncpu0: \u003cACPI CPU\u003e on acpi0\ncpu1: \u003cACPI CPU\u003e on acpi0\ncpu2: \u003cACPI CPU\u003e on acpi0\ncpu3: \u003cACPI CPU\u003e on acpi0\npcib0: \u003cACPI Host-PCI bridge\u003e on acpi0\npci0: \u003cACPI PCI bus\u003e on pcib0\npcib1: \u003cACPI PCI-PCI bridge\u003e at device 2.0 on pci0\npci9: \u003cACPI PCI bus\u003e on pcib1\npcib2: \u003cACPI PCI-PCI bridge\u003e at device 0.0 on pci9\npci10: \u003cACPI PCI bus\u003e on pcib2\npcib3: \u003cACPI PCI-PCI bridge\u003e at device 0.0 on pci10\npci11: \u003cACPI PCI bus\u003e on pcib3\npcib4: \u003cACPI PCI-PCI bridge\u003e at device 1.0 on pci10\npci14: \u003cACPI PCI bus\u003e on pcib4\npcib5: \u003cPCI-PCI bridge\u003e at device 0.0 on pci14\npci15: \u003cPCI bus\u003e on pcib5\npcib6: \u003cPCI-PCI bridge\u003e at device 4.0 on pci15\npci16: \u003cPCI bus\u003e on pcib6\nciss0: \u003cHP Smart Array E200\u003e port 0x4000-0x40ff mem 0xfdf80000-0xfdffffff,0xfdf70000-0xfdf77fff irq 17 at device 8.0 on pci15\nciss0: [GIANT-LOCKED]\npcib7: \u003cACPI PCI-PCI bridge\u003e at device 2.0 on pci10\npci17: \u003cACPI PCI bus\u003e on pcib7\npcib8: \u003cPCI-PCI bridge\u003e at device 0.3 on pci9\npci18: \u003cPCI bus\u003e on pcib8\npcib9: \u003cACPI PCI-PCI bridge\u003e at device 3.0 on pci0\npci6: \u003cACPI PCI bus\u003e on pcib9\npcib10: \u003cACPI PCI-PCI bridge\u003e at device 4.0 on pci0\npci19: \u003cACPI PCI bus\u003e on pcib10\npcib11: \u003cPCI-PCI bridge\u003e at device 5.0 on pci0\npci22: \u003cPCI bus\u003e on pcib11\npcib12: \u003cACPI PCI-PCI bridge\u003e at device 6.0 on pci0\npci23: \u003cACPI PCI bus\u003e on pcib12\npcib13: \u003cPCI-PCI bridge\u003e at device 7.0 on pci0\npci26: \u003cPCI bus\u003e on pcib13\npcib14: \u003cACPI PCI-PCI bridge\u003e at device 28.0 on pci0\npci2: \u003cACPI PCI bus\u003e on pcib14\npcib15: \u003cPCI-PCI bridge\u003e at device 0.0 on pci2\npci3: \u003cPCI bus\u003e on pcib15\nbce0: \u003cBroadcom NetXtreme II BCM5708 1000Base-T (B2)\u003e mem 0xf8000000-0xf9ffffff irq 16 at device 0.0 on pci3\nmiibus0: \u003cMII bus\u003e on bce0\nbrgphy0: \u003cBCM5708C 10/100/1000baseTX PHY\u003e on miibus0\nbrgphy0:  10baseT, 10baseT-FDX, 100baseTX, 100baseTX-FDX, 1000baseT, 1000baseT-FDX, auto\nbce0: Ethernet address: 00:1a:4b:e9:85:86\nbce0: ASIC (0x57081020); Rev (B2); Bus (PCI-X, 64-bit, 133MHz); F/W (0x01090605); Flags( MFW )\npcib16: \u003cACPI PCI-PCI bridge\u003e at device 28.1 on pci0\npci4: \u003cACPI PCI bus\u003e on pcib16\npcib17: \u003cPCI-PCI bridge\u003e at device 0.0 on pci4\npci5: \u003cPCI bus\u003e on pcib17\nbce1: \u003cBroadcom NetXtreme II BCM5708 1000Base-T (B2)\u003e mem 0xfa000000-0xfbffffff irq 17 at device 0.0 on pci5\nmiibus1: \u003cMII bus\u003e on bce1\nbrgphy1: \u003cBCM5708C 10/100/1000baseTX PHY\u003e on miibus1\nbrgphy1:  10baseT, 10baseT-FDX, 100baseTX, 100baseTX-FDX, 1000baseT, 1000baseT-FDX, auto\nbce1: Ethernet address: 00:1a:4b:e9:85:84\nbce1: ASIC (0x57081020); Rev (B2); Bus (PCI-X, 64-bit, 133MHz); F/W (0x01090605); Flags( MFW )\nuhci0: \u003cUHCI (generic) USB controller\u003e port 0x1000-0x101f irq 16 at device 29.0 on pci0\nuhci0: [GIANT-LOCKED]\nusb0: \u003cUHCI (generic) USB controller\u003e on uhci0\nusb0: USB revision 1.0\nuhub0: Intel UHCI root hub, class 9/0, rev 1.00/1.00, addr 1\nuhub0: 2 ports with 2 removable, self powered\nuhci1: \u003cUHCI (generic) USB controller\u003e port 0x1020-0x103f irq 17 at device 29.1 on pci0\nuhci1: [GIANT-LOCKED]\nusb1: \u003cUHCI (generic) USB controller\u003e on uhci1\nusb1: USB revision 1.0\nuhub1: Intel UHCI root hub, class 9/0, rev 1.00/1.00, addr 1\nuhub1: 2 ports with 2 removable, self powered\nuhci2: \u003cUHCI (generic) USB controller\u003e port 0x1040-0x105f irq 18 at device 29.2 on pci0\nuhci2: [GIANT-LOCKED]\nusb2: \u003cUHCI (generic) USB controller\u003e on uhci2\nusb2: USB revision 1.0\nuhub2: Intel UHCI root hub, class 9/0, rev 1.00/1.00, addr 1\nuhub2: 2 ports with 2 removable, self powered\nuhci3: \u003cUHCI (generic) USB controller\u003e port 0x1060-0x107f irq 19 at device 29.3 on pci0\nuhci3: [GIANT-LOCKED]\nusb3: \u003cUHCI (generic) USB controller\u003e on uhci3\nusb3: USB revision 1.0\nuhub3: Intel UHCI root hub, class 9/0, rev 1.00/1.00, addr 1\nuhub3: 2 ports with 2 removable, self powered\nehci0: \u003cEHCI (generic) USB 2.0 controller\u003e mem 0xf7df0000-0xf7df03ff irq 16 at device 29.7 on pci0\nehci0: [GIANT-LOCKED]\nusb4: waiting for BIOS to give up control\nusb4: EHCI version 1.0\nusb4: companion controllers, 2 ports each: usb0 usb1 usb2 usb3\nusb4: \u003cEHCI (generic) USB 2.0 controller\u003e on ehci0\nusb4: USB revision 2.0\nuhub4: Intel EHCI root hub, class 9/0, rev 2.00/1.00, addr 1\nuhub4: 8 ports with 8 removable, self powered\npcib18: \u003cACPI PCI-PCI bridge\u003e at device 30.0 on pci0\npci1: \u003cACPI PCI bus\u003e on pcib18\npci1: \u003cdisplay, VGA\u003e at device 3.0 (no driver attached)\npci1: \u003cbase peripheral\u003e at device 4.0 (no driver attached)\npci1: \u003cbase peripheral\u003e at device 4.2 (no driver attached)\nuhci4: \u003cUHCI (generic) USB controller\u003e port 0x3800-0x381f irq 22 at device 4.4 on pci1\nuhci4: [GIANT-LOCKED]\nusb5: \u003cUHCI (generic) USB controller\u003e on uhci4\nusb5: USB revision 1.0\nuhub5: (0x103c) UHCI root hub, class 9/0, rev 1.00/1.00, addr 1\nuhub5: 2 ports with 2 removable, self powered\npci1: \u003cserial bus\u003e at device 4.6 (no driver attached)\nisab0: \u003cPCI-ISA bridge\u003e at device 31.0 on pci0\nisa0: \u003cISA bus\u003e on isab0\natapci0: \u003cIntel 63XXESB2 UDMA100 controller\u003e port 0x1f0-0x1f7,0x3f6,0x170-0x177,0x376,0x500-0x50f irq 17 at device 31.1 on pci0\nata0: \u003cATA channel 0\u003e on atapci0\nata1: \u003cATA channel 1\u003e on atapci0\nacpi_tz0: \u003cThermal Zone\u003e on acpi0\natkbdc0: \u003cKeyboard controller (i8042)\u003e port 0x60,0x64 irq 1 on acpi0\natkbd0: \u003cAT Keyboard\u003e irq 1 on atkbdc0\nkbd0 at atkbd0\natkbd0: [GIANT-LOCKED]\norm0: \u003cISA Option ROMs\u003e at iomem 0xc0000-0xcafff,0xe6000-0xe7fff on isa0\nsc0: \u003cSystem console\u003e at flags 0x100 on isa0\nsc0: VGA \u003c16 virtual consoles, flags=0x300\u003e\nvga0: \u003cGeneric ISA VGA\u003e at port 0x3c0-0x3df iomem 0xa0000-0xbffff on isa0\nukbd0: HP Virtual Keyboard, rev 1.10/0.02, addr 2, iclass 3/1\nkbd2 at ukbd0\nums0: HP Virtual Keyboard, rev 1.10/0.02, addr 2, iclass 3/1\nums0: X report 0x0002 not supported\ndevice_attach: ums0 attach returned 6\nuhub6: HP Virtual Hub, class 9/0, rev 1.10/0.01, addr 3\nuhub6: 7 ports with 7 removable, self powered\nTimecounters tick every 1.000 msec\nSMP: AP CPU #1 Launched!\nSMP: AP CPU #3 Launched!\nSMP: AP CPU #2 Launched!\nda0 at ciss0 bus 0 target 0 lun 0\nda0: \u003cCOMPAQ RAID 1  VOLUME OK\u003e Fixed Direct Access SCSI-0 device\nda0: 135.168MB/s transfers\nda0: 139979MB (286677120 512 byte sectors: 255H 32S/T 35132C)\nTrying to mount root from ufs:/dev/da0s1a\nbce1: link state changed to UP\np4tcc0: \u003cCPU Frequency Thermal Control\u003e on cpu0\np4tcc1: \u003cCPU Frequency Thermal Control\u003e on cpu1\np4tcc2: \u003cCPU Frequency Thermal Control\u003e on cpu2\np4tcc3: \u003cCPU Frequency Thermal Control\u003e on cpu3\nhost:/root#\n\nFix: \n\n-\nHow-To-Repeat: Compile cpufreq into kernel"
}