{
 "id": 682159,
 "bug_id": 171331,
 "attachment_id": 0,
 "creation_time": "2012-09-04T23:20:03Z",
 "creator": "mark.williams@ntlworld.com",
 "text": "Copyright (c) 1992-2012 The FreeBSD Project.\nCopyright (c) 1979, 1980, 1983, 1986, 1988, 1989, 1991, 1992, 1993, 1994\n\tThe Regents of the University of California. All rights reserved.\nFreeBSD is a registered trademark of The FreeBSD Foundation.\nFreeBSD 9.1-RC1 #0: Thu Aug  9 09:41:50 PDT 2012\n    root@build9x64.pcbsd.org:/usr/obj/builds/amd64/pcbsd-build90/fbsd-source/9.1/sys/GENERIC amd64\nCPU: AMD Athlon(tm) 64 X2 Dual Core Processor 4400+ (2310.56-MHz K8-class CPU)\n  Origin = \"AuthenticAMD\"  Id = 0x60fb1  Family = f  Model = 6b  Stepping = 1\n  Features=0x178bfbff\u003cFPU,VME,DE,PSE,TSC,MSR,PAE,MCE,CX8,APIC,SEP,MTRR,PGE,MCA,CMOV,PAT,PSE36,CLFLUSH,MMX,FXSR,SSE,SSE2,HTT\u003e\n  Features2=0x2001\u003cSSE3,CX16\u003e\n  AMD Features=0xea500800\u003cSYSCALL,NX,MMX+,FFXSR,RDTSCP,LM,3DNow!+,3DNow!\u003e\n  AMD Features2=0x11f\u003cLAHF,CMP,SVM,ExtAPIC,CR8,Prefetch\u003e\nreal memory  = 1073741824 (1024 MB)\navail memory = 857509888 (817 MB)\nEvent timer \"LAPIC\" quality 400\nACPI APIC Table: \u003cHP-CPC SLIC-CPC\u003e\nFreeBSD/SMP: Multiprocessor System Detected: 2 CPUs\nFreeBSD/SMP: 1 package(s) x 2 core(s)\n cpu0 (BSP): APIC ID:  0\n cpu1 (AP): APIC ID:  1\nACPI Warning: Optional field Pm2ControlBlock has zero address or length: 0x0000000000000000/0x1 (20110527/tbfadt-586)\nioapic0: Changing APIC ID to 2\nioapic0 \u003cVersion 1.1\u003e irqs 0-23 on motherboard\nkbd1 at kbdmux0\nctl: CAM Target Layer loaded\ncryptosoft0: \u003csoftware crypto\u003e on motherboard\nacpi0: \u003cHP-CPC SLIC-CPC\u003e on motherboard\nacpi0: Power Button (fixed)\nacpi0: reservation of 0, a0000 (3) failed\nacpi0: reservation of 100000, 37de0000 (3) failed\ncpu0: \u003cACPI CPU\u003e on acpi0\ncpu1: \u003cACPI CPU\u003e on acpi0\nattimer0: \u003cAT timer\u003e port 0x40-0x43 on acpi0\nTimecounter \"i8254\" frequency 1193182 Hz quality 0\nEvent timer \"i8254\" frequency 1193182 Hz quality 100\nhpet0: \u003cHigh Precision Event Timer\u003e iomem 0xfeff0000-0xfeff03ff irq 0,8 on acpi0\ndevice_attach: hpet0 attach returned 12\natrtc0: \u003cAT realtime clock\u003e port 0x70-0x73 on acpi0\nEvent timer \"RTC\" frequency 32768 Hz quality 0\nTimecounter \"ACPI-fast\" frequency 3579545 Hz quality 900\nacpi_timer0: \u003c24-bit timer at 3.579545MHz\u003e port 0x1008-0x100b on acpi0\nacpi_button0: \u003cPower Button\u003e on acpi0\npcib0: \u003cACPI Host-PCI bridge\u003e port 0xcf8-0xcff on acpi0\npcib0: Length mismatch for 4 range: 81 vs 7f\npci0: \u003cACPI PCI bus\u003e on pcib0\npci0: \u003cmemory, RAM\u003e at device 0.0 (no driver attached)\nisab0: \u003cPCI-ISA bridge\u003e at device 1.0 on pci0\nisa0: \u003cISA bus\u003e on isab0\npci0: \u003cserial bus, SMBus\u003e at device 1.1 (no driver attached)\npci0: \u003cmemory, RAM\u003e at device 1.2 (no driver attached)\nohci0: \u003cnVidia nForce MCP61 USB Controller\u003e mem 0xfe02f000-0xfe02ffff at device 2.0 on pci0\nusbus0 on ohci0\nehci0: \u003cNVIDIA nForce MCP61 USB 2.0 controller\u003e mem 0xfe02e000-0xfe02e0ff at device 2.1 on pci0\nusbus1: EHCI version 1.0\nusbus1 on ehci0\npcib1: \u003cACPI PCI-PCI bridge\u003e at device 4.0 on pci0\npci1: \u003cACPI PCI bus\u003e on pcib1\nfwohci0: \u003cVIA Fire II (VT6306)\u003e port 0xbc00-0xbc7f mem 0xfd8ff000-0xfd8ff7ff irq 19 at device 9.0 on pci1\nfwohci0: OHCI version 1.10 (ROM=1)\nfwohci0: No. of Isochronous channels is 4.\nfwohci0: EUI64 00:00:19:21:ff:22:cc:9d\nfwohci0: Phy 1394a available S400, 2 ports.\nfwohci0: Link S400, max_rec 2048 bytes.\nfirewire0: \u003cIEEE1394(FireWire) bus\u003e on fwohci0\ndcons_crom0: \u003cdcons configuration ROM\u003e on firewire0\ndcons_crom0: bus_addr 0x332c000\nfwe0: \u003cEthernet over FireWire\u003e on firewire0\nif_fwe0: Fake Ethernet address: 02:00:19:22:cc:9d\nfwe0: Ethernet address: 02:00:19:22:cc:9d\nfwip0: \u003cIP over FireWire\u003e on firewire0\nfwip0: Firewire address: 00:00:19:21:ff:22:cc:9d @ 0xfffe00000000, S400, maxrec 2048\nfwohci0: Initiate bus reset\nfwohci0: fwohci_intr_core: BUS reset\nfwohci0: fwohci_intr_core: node_id=0x00000000, SelfID Count=1, CYCLEMASTER mode\nhdac0: \u003cNVIDIA MCP61 HDA Controller\u003e mem 0xfe024000-0xfe027fff at device 5.0 on pci0\natapci0: \u003cnVidia nForce MCP61 UDMA133 controller\u003e port 0x1f0-0x1f7,0x3f6,0x170-0x177,0x376,0xf000-0xf00f at device 6.0 on pci0\nata0: \u003cATA channel\u003e at channel 0 on atapci0\nata1: \u003cATA channel\u003e at channel 1 on atapci0\nnfe0: \u003cNVIDIA nForce MCP61 Networking Adapter\u003e port 0xec00-0xec07 mem 0xfe02d000-0xfe02dfff irq 20 at device 7.0 on pci0\nmiibus0: \u003cMII bus\u003e on nfe0\nrlphy0: \u003cRTL8201L 10/100 media interface\u003e PHY 1 on miibus0\nrlphy0:  10baseT, 10baseT-FDX, 100baseTX, 100baseTX-FDX, auto, auto-flow\nnfe0: Ethernet address: 00:19:21:3d:62:f3\natapci1: \u003cnVidia nForce MCP61 SATA300 controller\u003e port 0x9f0-0x9f7,0xbf0-0xbf3,0x970-0x977,0xb70-0xb73,0xd800-0xd80f mem 0xfe02c000-0xfe02cfff irq 23 at device 8.0 on pci0\nata2: \u003cATA channel\u003e at channel 0 on atapci1\nata3: \u003cATA channel\u003e at channel 1 on atapci1\natapci2: \u003cnVidia nForce MCP61 SATA300 controller\u003e port 0x9e0-0x9e7,0xbe0-0xbe3,0x960-0x967,0xb60-0xb63,0xc400-0xc40f mem 0xfe02b000-0xfe02bfff irq 23 at device 8.1 on pci0\nata4: \u003cATA channel\u003e at channel 0 on atapci2\nata5: \u003cATA channel\u003e at channel 1 on atapci2\npcib2: \u003cACPI PCI-PCI bridge\u003e at device 9.0 on pci0\npci2: \u003cACPI PCI bus\u003e on pcib2\npcib3: \u003cACPI PCI-PCI bridge\u003e at device 11.0 on pci0\npci3: \u003cACPI PCI bus\u003e on pcib3\npcib4: \u003cACPI PCI-PCI bridge\u003e at device 12.0 on pci0\npci4: \u003cACPI PCI bus\u003e on pcib4\nvgapci0: \u003cVGA-compatible display\u003e mem 0xfb000000-0xfbffffff,0xe0000000-0xefffffff,0xfc000000-0xfcffffff irq 21 at device 13.0 on pci0\nnvidia0: \u003cGeForce 6150SE nForce 430\u003e on vgapci0\nvgapci0: child nvidia0 requested pci_enable_io\nvgapci0: child nvidia0 requested pci_enable_io\nacpi_tz0: \u003cThermal Zone\u003e on acpi0\natkbdc0: \u003cKeyboard controller (i8042)\u003e port 0x60,0x64 irq 1 on acpi0\natkbd0: \u003cAT Keyboard\u003e irq 1 on atkbdc0\nkbd0 at atkbd0\natkbd0: [GIANT-LOCKED]\npsm0: \u003cPS/2 Mouse\u003e flags 0x1000 irq 12 on atkbdc0\npsm0: [GIANT-LOCKED]\npsm0: model IntelliMouse, device ID 3\nsc0: \u003cSystem console\u003e at flags 0x100 on isa0\nsc0: VGA \u003c16 virtual consoles, flags=0x300\u003e\nvga0: \u003cGeneric ISA VGA\u003e at port 0x3c0-0x3df iomem 0xa0000-0xbffff on isa0\nppc0: cannot reserve I/O port range\npowernow0: \u003cPowerNow! K8\u003e on cpu0\npowernow1: \u003cPowerNow! K8\u003e on cpu1\nZFS NOTICE: Prefetch is disabled by default if less than 4GB of RAM is present;\n            to enable, add \"vfs.zfs.prefetch_disable=0\" to /boot/loader.conf.\nZFS filesystem version 5\nZFS storage pool version 28\nTimecounters tick every 1.000 msec\nfirewire0: 1 nodes, maxhop \u003c= 0 cable IRM irm(0)  (me) \nfirewire0: bus manager 0 \nhdacc0: \u003cRealtek ALC1200 HDA CODEC\u003e at cad 0 on hdac0\nhdaa0: \u003cRealtek ALC1200 Audio Function Group\u003e at nid 1 on hdacc0\npcm0: \u003cRealtek ALC1200 (Analog 7.1/2.0)\u003e at nid 20,22,21,23 and 24,26,25,28 on hdaa0\npcm1: \u003cRealtek ALC1200 (Front Analog Headphones)\u003e at nid 27 on hdaa0\npcm2: \u003cRealtek ALC1200 (Rear Digital)\u003e at nid 30 on hdaa0\nusbus0: 12Mbps Full Speed USB v1.0\nusbus1: 480Mbps High Speed USB v2.0\nugen0.1: \u003cnVidia\u003e at usbus0\nuhub0: \u003cnVidia OHCI root HUB, class 9/0, rev 1.00/1.00, addr 1\u003e on usbus0\nugen1.1: \u003cnVidia\u003e at usbus1\nuhub1: \u003cnVidia EHCI root HUB, class 9/0, rev 2.00/1.00, addr 1\u003e on usbus1\nuhub0: 10 ports with 10 removable, self powered\nada0 at ata2 bus 0 scbus2 target 0 lun 0\nada0: \u003cST3250820AS 3.CHL\u003e ATA-7 SATA 2.x device\nada0: 300.000MB/s transfers (SATA 2.x, UDMA5, PIO 8192bytes)\nada0: 238475MB (488397168 512 byte sectors: 16H 63S/T 16383C)\nada0: Previously was known as ad4\nSMP: AP CPU #1 Launched!\ncd0 at ata3 bus 0 scbus3 target 0 lun 0\ncd0: \u003cTSSTcorp CD/DVDW TS-H653L 0514\u003e Removable CD-ROM SCSI-0 device \ncd0: 150.000MB/s transfers (SATA 1.x, UDMA2, ATAPI 12bytes, PIO 8192bytes)\ncd0: Attempt to query device size failed: NOT READY, Medium not present - tray closed\nRoot mount waiting for: usbus1\nRoot mount waiting for: usbus1\nuhub1: 10 ports with 10 removable, self powered\nRoot mount waiting for: usbus1\nugen1.2: \u003cGeneric\u003e at usbus1\numass0: \u003cGeneric Mass Storage Device, class 0/0, rev 2.00/1.00, addr 2\u003e on usbus1\numass0:  SCSI over Bulk-Only; quirks = 0x4001\numass0:7:0:-1: Attached to scbus7\nTrying to mount root from ufs:/dev/label/rootfs0 [rw,noatime]...\nda0 at umass-sim0 bus 0 scbus7 target 0 lun 0\nda0: \u003cGeneric USB SD Reader 1.00\u003e Removable Direct Access SCSI-0 device \nda0: 40.000MB/s transfers\nda0: Attempt to query device size failed: NOT READY, Medium not present\nda1 at umass-sim0 bus 0 scbus7 target 0 lun 1\nda1: \u003cGeneric USB CF Reader 1.01\u003e Removable Direct Access SCSI-0 device \nda1: 40.000MB/s transfers\nda1: Attempt to query device size failed: NOT READY, Medium not present\nda2 at umass-sim0 bus 0 scbus7 target 0 lun 2\nda2: \u003cGeneric USB SM Reader 1.02\u003e Removable Direct Access SCSI-0 device \nda2: 40.000MB/s transfers\nda2: Attempt to query device size failed: NOT READY, Medium not present\nda3 at umass-sim0 bus 0 scbus7 target 0 lun 3\nda3: \u003cGeneric USB MS Reader 1.03\u003e Removable Direct Access SCSI-0 device \nda3: 40.000MB/s transfers\nda3: Attempt to query device size failed: NOT READY, Medium not present\nCuse4BSD v0.1.24 @ /dev/cuse\nWARNING: attempt to domain_add(bluetooth) after domainfinalize()\nfuse4bsd: version 0.3.9-pre1, FUSE ABI 7.8\npid 2271 (notification-daemon), uid 1001: exited on signal 6\nlinux: pid 6090 (npviewer.bin): syscall pipe2 not implemented"
}