{
 "id": 978889,
 "bug_id": 218452,
 "attachment_id": 0,
 "creation_time": "2018-02-22T11:35:52Z",
 "creator": "martin@lispworks.com",
 "text": "(In reply to Mark Johnston from comment #10)\n\nThe change in r326935 does not fix it for me ('dtruss pwd' triggers the original problem for me sometimes, but I've never seen any calcru messages).\n\nInitially I was running the GENERIC 10.3-RELEASE from the iso, updated to p26 with freebsd-update (no virtualization).  I then recompiled dtruss.ko with the patched dtrace_gethrtime, but the problem persists.  I checked the code in the new module using kgdb.\n\nMy hardware is similar to comment #5:\n\nCPU: AMD Athlon(tm) 64 X2 Dual Core Processor 4400+ (2216.54-MHz 686-class CPU)\n  Origin=\"AuthenticAMD\"  Id=0x20f32  Family=0xf  Model=0x23  Stepping=2\n  Features=0x178bfbff\u003cFPU,VME,DE,PSE,TSC,MSR,PAE,MCE,CX8,APIC,SEP,MTRR,PGE,MCA,CMOV,PAT,PSE36,CLFLUSH,MMX,FXSR,SSE,SSE2,HTT\u003e\n  Features2=0x1\u003cSSE3\u003e\n  AMD Features=0xe2500800\u003cSYSCALL,NX,MMX+,FFXSR,LM,3DNow!+,3DNow!\u003e\n  AMD Features2=0x3\u003cLAHF,CMP\u003e\nreal memory  = 2147483648 (2048 MB)\navail memory = 2081153024 (1984 MB)\nEvent timer \"LAPIC\" quality 400\nACPI APIC Table: \u003cNvidia AWRDACPI\u003e\nFreeBSD/SMP: Multiprocessor System Detected: 2 CPUs\nFreeBSD/SMP: 1 package(s) x 2 core(s)\n cpu0 (BSP): APIC ID:  0\n cpu1 (AP): APIC ID:  1\n\nI think this CPU is known to have TSC synchronization issues across cores."
}