{
 "id": 1011821,
 "bug_id": 231468,
 "attachment_id": 0,
 "creation_time": "2018-09-18T23:13:21Z",
 "creator": "koh@ksoftirqd.net",
 "text": "Good morning.\nMy QEMU Guest VPS has booted the kernel which removed ACPI to reduce capacity in QEMU guest environment because kernel size is big since FreeBSD 12.0.\nThen the kernel panics as shown below.\nThe kernel build uses src.txz from 12.0-ALPHA6.\nhint.acpi.0.disabled = \"1\" is not used, and only the \"device acpi\" is removed in kernel build.\n\n# /etc/make.conf\nCC=/usr/local/bin/clang-devel\nCXX=/usr/local/bin/clang++-devel\nCPP=/usr/local/bin/clang-cpp-devel\nMODULES_OVERRIDE= cc dummynet\n\n# clang-devel -v\nclang version 8.0.0\nTarget: x86_64-portbld-freebsd12.0\nThread model: posix\nInstalledDir: /usr/local/llvm-devel/bin\n\n# dmesg when no ACPI w/ clang-devel\nvgapci0: Boot video device\nvirtio_pci0: \u003cVirtIO PCI Network adapter\u003e port 0xc060-0xc07f mem 0xfebd1000-0xfebd1fff irq 11 at device 3.0 on pci0\nvtnet0: \u003cVirtIO Networking Adapter\u003e on virtio_pci0\nvtnet0: Ethernet address: fa:16:3e:67:7b:47\nvirtio_pci0: exhausted all interrupt allocation attempts\nvtnet0: cannot setup virtqueue interrupts\n\n\nFatal trap 12: page fault while in kernel mode\nfault virtual address = 0x0\nfault code = supervisor read data, page not present\ninstruction pointer = 0x20:0xffffffff8044e0af\nstack pointer = 0x28:0xffffffff80a423a0\nframe pointer = 0x28:0xffffffff80a423e0\ncode segment = base 0x0, limit 0xfffff, type 0x1b\n\t     = DPL 0, pres 1, long 1, def32 0, gran 1\nprocessor eflags = interrupt enabled, resume, IOPL = 0\ncurrent process = 0 (swapper)\ntrap number = 12\npanic: page fault\ntime = 1\nUptime: 1s\nAutomatic reboot in 15 seconds - press a key on the console to abort\n\n# dmesg when ACPI w/ clang-devel\n---\u003c\u003cBOOT\u003e\u003e---\nCopyright (c) 1992-2018 The FreeBSD Project.\nCopyright (c) 1979, 1980, 1983, 1986, 1988, 1989, 1991, 1992, 1993, 1994\n        The Regents of the University of California. All rights reserved.\nFreeBSD is a registered trademark of The FreeBSD Foundation.\nFreeBSD 12.0-ALPHA6 #4: Sun Sep 16 15:05:10 KST 2018\n    root@ixcloud:/usr/obj/usr/src/amd64.amd64/sys/GENE6 amd64\nclang version 8.0.0\nCPU: Intel Xeon E312xx (Sandy Bridge) (2600.08-MHz K8-class CPU)\n  Origin=\"GenuineIntel\"  Id=0x206a1  Family=0x6  Model=0x2a  Stepping=1\n  Features=0xf83fbff\u003cFPU,VME,DE,PSE,TSC,MSR,PAE,MCE,CX8,APIC,SEP,MTRR,PGE,MCA,CMOV,PAT,PSE36,MMX,FXSR,SSE,SSE2,SS\u003e\nFeatures2=0xfffa3223\u003cSSE3,PCLMULQDQ,VMX,SSSE3,FMA,CX16,PCID,SSE4.1,SSE4.2,x2APIC,MOVBE,POPCNT,TSCDLT,AESNI,XSAVE,OSXSAVE,AVX,F16C,RDRAND,HV\u003e\n  AMD Features=0x2c100800\u003cSYSCALL,NX,Page1GB,RDTSCP,LM\u003e\n  AMD Features2=0x21\u003cLAHF,ABM\u003e\n  Structured Extended Features=0x7a9\u003cFSGSBASE,BMI1,AVX2,SMEP,BMI2,ERMS,INVPCID\u003e\n  XSAVE Features=0x1\u003cXSAVEOPT\u003e\n  VT-x: (disabled in BIOS) PAT,HLT,PAUSE,EPT,UG\nHypervisor: Origin = \"KVMKVMKVM\"\nreal memory  = 1073741824 (1024 MB)\navail memory = 1029726208 (982 MB)\nEvent timer \"LAPIC\" quality 100\nACPI APIC Table: \u003cBOCHS  BXPCAPIC\u003e\nrandom: unblocking device.\nioapic0 \u003cVersion 1.1\u003e irqs 0-23 on motherboard\nrandom: entropy device external interface\nrandom: registering fast source Intel Secure Key RNG\nrandom: fast provider: \"Intel Secure Key RNG\"\nnetmap: loaded module\nnexus0\nacpi0: \u003cBOCHS BXPCRSDT\u003e on motherboard\nacpi0: Power Button (fixed)\ncpu0: \u003cACPI CPU\u003e on acpi0\natrtc0: \u003cAT realtime clock\u003e port 0x70-0x71,0x72-0x77 irq 8 on acpi0\natrtc0: registered as a time-of-day clock, resolution 1.000000s\nEvent timer \"RTC\" frequency 32768 Hz quality 0\nTimecounter \"ACPI-fast\" frequency 3579545 Hz quality 900\nacpi_timer0: \u003c24-bit timer at 3.579545MHz\u003e port 0xb008-0xb00b on acpi0\npcib0: \u003cACPI Host-PCI bridge\u003e port 0xcf8-0xcff on acpi0\npci0: \u003cACPI PCI bus\u003e on pcib0\nisab0: \u003cPCI-ISA bridge\u003e at device 1.0 on pci0\nisa0: \u003cISA bus\u003e on isab0\npci0: \u003cmass storage, ATA\u003e at device 1.1 (no driver attached)\npci0: \u003cserial bus, USB\u003e at device 1.2 (no driver attached)\npci0: \u003cbridge\u003e at device 1.3 (no driver attached)\nvgapci0: \u003cVGA-compatible display\u003e mem 0xfc000000-0xfdffffff,0xfebd0000-0xfebd0fff at device 2.0 on pci0\nvgapci0: Boot video device\nvirtio_pci0: \u003cVirtIO PCI Network adapter\u003e port 0xc060-0xc07f mem 0xfebd1000-0xfebd1fff irq 11 at device 3.0 on pci0\nvtnet0: \u003cVirtIO Networking Adapter\u003e on virtio_pci0\nvtnet0: Ethernet address: fa:16:3e:67:7b:47\n000.000060 [ 425] vtnet_netmap_attach       max rings 1\nvtnet0: netmap queues/slots: TX 1/1024, RX 1/1024\n000.000061 [ 430] vtnet_netmap_attach       virtio attached txq=1, txd=1024 rxq=1, rxd=1024\nvirtio_pci1: \u003cVirtIO PCI Block adapter\u003e port 0xc000-0xc03f mem 0xfebd2000-0xfebd2fff irq 11 at device 4.0 on pci0\nvtblk0: \u003cVirtIO Block Adapter\u003e on virtio_pci1\nvtblk0: 51200MB (104857600 512 byte sectors)\nvirtio_pci2: \u003cVirtIO PCI Balloon adapter\u003e port 0xc080-0xc09f irq 10 at device 5.0 on pci0\nacpi_syscontainer0: \u003cSystem Container\u003e port 0xaf00-0xaf1f on acpi0\norm0: \u003cISA Option ROM\u003e at iomem 0xed800-0xeffff pnpid ORM0000 on isa0\nattimer0: \u003cAT timer\u003e at port 0x40 on isa0\nTimecounter \"i8254\" frequency 1193182 Hz quality 0\nEvent timer \"i8254\" frequency 1193182 Hz quality 100\nTimecounters tick every 1.000 msec\nipfw2 initialized, divert loadable, nat enabled, default to accept, logging disabled\nTimecounter \"TSC-low\" frequency 1300038197 Hz quality 800\nTrying to mount root from ufs:/dev/vtbd0s1a [rw,noatime]...\nlo0: link state changed to UP\nvtnet0: link state changed to UP\n\n# KERNCONF\ncpu             HAMMER\nident           GENE6\noptions         SCHED_ULE               # ULE scheduler\noptions         INET                    # InterNETworking\noptions         FFS                     # Berkeley Fast Filesystem\noptions         SOFTUPDATES             # Enable FFS soft updates support\noptions         UFS_DIRHASH             # Improve performance on big directories\noptions         PRINTF_BUFR_SIZE=128    # Prevent printf output being interspersed.\ndevice          atpic\ndevice          pci\ndevice          loop                    # Network loopback\ndevice          random                  # Entropy device\ndevice          rdrand_rng              # Intel Bull Mountain RNG\ndevice          ether                   # Ethernet support\ndevice          tun                     # Packet tunnel.\ndevice          virtio                  # Generic VirtIO bus (required)\ndevice          virtio_pci              # VirtIO PCI device\ndevice          vtnet                   # VirtIO Ethernet device\ndevice          virtio_blk              # VirtIO Block device\ndevice          netmap                  # netmap(4) support\n\nthanks."
}