{
 "id": 383580,
 "bug_id": 110646,
 "attachment_id": 0,
 "creation_time": "2007-03-21T23:00:10Z",
 "creator": "chessg@gmail.com",
 "text": "When I connect the Zoom H4 digital recorder, which should mount as a\nstandard USB mass storage device (it does in Linux), I get hal and dbus\ncrashes and my DE (GNOME or Xfce) hang.  I have another USB mass storage\ndevice (Cowon iAudio 5) which works fine.\n\nMy /etc/rc.conf has, among other things:\n\ndbus_enable=\"YES\"\npolkitd_enable=\"YES\"\nhald_enable=\"YES\" \ndevfs_system_ruleset=\"localrules\"\n\nMy /etc/devfs.rules has:\n[localrules=1]\nadd path 'da*' mode 0660 group operator\n\ndmesg output:\nCopyright (c) 1992-2007 The FreeBSD Project.\nCopyright (c) 1979, 1980, 1983, 1986, 1988, 1989, 1991, 1992, 1993, 1994\n\tThe Regents of the University of California. All rights reserved.\nFreeBSD is a registered trademark of The FreeBSD Foundation.\nFreeBSD 6.2-RELEASE-p2 #0: Mon Mar 12 23:29:26 EDT 2007\n    root@bob.localdomain:/usr/obj/usr/src/sys/CNG\nACPI APIC Table: \u003cDELL   GX620  \u003e\nTimecounter \"i8254\" frequency 1193182 Hz quality 0\nCPU: Intel(R) Pentium(R) D CPU 3.40GHz (3392.53-MHz 686-class CPU)\n  Origin = \"GenuineIntel\"  Id = 0xf64  Stepping = 4\n  Features=0xbfebfbff\u003cFPU,VME,DE,PSE,TSC,MSR,PAE,MCE,CX8,APIC,SEP,MTRR,PGE,MCA,CMOV,PAT,PSE36,CLFLUSH,DTS,ACPI,MMX,FXSR,SSE,SSE2,SS,HTT,TM,PBE\u003e\n  Features2=0xe49d\u003cSSE3,RSVD2,MON,DS_CPL,EST,CNTX-ID,CX16,\u003cb14\u003e,\u003cb15\u003e\u003e\n  AMD Features=0x20100000\u003cNX,LM\u003e\n  AMD Features2=0x1\u003cLAHF\u003e\n  Cores per package: 2\nreal memory  = 2137546752 (2038 MB)\navail memory = 2082390016 (1985 MB)\nFreeBSD/SMP: Multiprocessor System Detected: 2 CPUs\n cpu0 (BSP): APIC ID:  0\n cpu1 (AP): APIC ID:  1\nioapic0: Changing APIC ID to 8\nioapic0 \u003cVersion 2.0\u003e irqs 0-23 on motherboard\nlapic0: Forcing LINT1 to edge trigger\nkbd1 at kbdmux0\nath_hal: 0.9.17.2 (AR5210, AR5211, AR5212, RF5111, RF5112, RF2413, RF5413)\nacpi0: \u003cDELL GX620  \u003e on motherboard\nacpi0: Power Button (fixed)\nTimecounter \"ACPI-safe\" frequency 3579545 Hz quality 1000\nacpi_timer0: \u003c24-bit timer at 3.579545MHz\u003e port 0x808-0x80b on acpi0\ncpu0: \u003cACPI CPU\u003e on acpi0\ncpu1: \u003cACPI CPU\u003e on acpi0\nacpi_button0: \u003cPower Button\u003e on acpi0\npcib0: \u003cACPI Host-PCI bridge\u003e port 0xcf8-0xcff on acpi0\npci0: \u003cACPI PCI bus\u003e on pcib0\npcib1: \u003cACPI PCI-PCI bridge\u003e irq 16 at device 1.0 on pci0\npci1: \u003cACPI PCI bus\u003e on pcib1\npci0: \u003cdisplay, VGA\u003e at device 2.0 (no driver attached)\npci0: \u003cdisplay\u003e at device 2.1 (no driver attached)\npcib2: \u003cACPI PCI-PCI bridge\u003e irq 16 at device 28.0 on pci0\npci2: \u003cACPI PCI bus\u003e on pcib2\nbge0: \u003cBroadcom BCM5750 A1, ASIC rev. 0x4001\u003e mem 0xfe8f0000-0xfe8fffff irq 16 at device 0.0 on pci2\nmiibus0: \u003cMII bus\u003e on bge0\nbrgphy0: \u003cBCM5750 10/100/1000baseTX PHY\u003e on miibus0\nbrgphy0:  10baseT, 10baseT-FDX, 100baseTX, 100baseTX-FDX, 1000baseTX, 1000baseTX-FDX, auto\nbge0: Ethernet address: 00:18:8b:18:02:47\npcib3: \u003cACPI PCI-PCI bridge\u003e irq 17 at device 28.1 on pci0\npci3: \u003cACPI PCI bus\u003e on pcib3\nuhci0: \u003cUHCI (generic) USB controller\u003e port 0xff80-0xff9f irq 21 at device 29.0 on pci0\nuhci0: [GIANT-LOCKED]\nusb0: \u003cUHCI (generic) USB controller\u003e on uhci0\nusb0: USB revision 1.0\nuhub0: Intel UHCI root hub, class 9/0, rev 1.00/1.00, addr 1\nuhub0: 2 ports with 2 removable, self powered\nuhci1: \u003cUHCI (generic) USB controller\u003e port 0xff60-0xff7f irq 22 at device 29.1 on pci0\nuhci1: [GIANT-LOCKED]\nusb1: \u003cUHCI (generic) USB controller\u003e on uhci1\nusb1: USB revision 1.0\nuhub1: Intel UHCI root hub, class 9/0, rev 1.00/1.00, addr 1\nuhub1: 2 ports with 2 removable, self powered\nuhci2: \u003cUHCI (generic) USB controller\u003e port 0xff40-0xff5f irq 18 at device 29.2 on pci0\nuhci2: [GIANT-LOCKED]\nusb2: \u003cUHCI (generic) USB controller\u003e on uhci2\nusb2: USB revision 1.0\nuhub2: Intel UHCI root hub, class 9/0, rev 1.00/1.00, addr 1\nuhub2: 2 ports with 2 removable, self powered\nuhci3: \u003cUHCI (generic) USB controller\u003e port 0xff20-0xff3f irq 23 at device 29.3 on pci0\nuhci3: [GIANT-LOCKED]\nusb3: \u003cUHCI (generic) USB controller\u003e on uhci3\nusb3: USB revision 1.0\nuhub3: Intel UHCI root hub, class 9/0, rev 1.00/1.00, addr 1\nuhub3: 2 ports with 2 removable, self powered\nehci0: \u003cIntel 82801GB/R (ICH7) USB 2.0 controller\u003e mem 0xffa80800-0xffa80bff irq 21 at device 29.7 on pci0\nehci0: [GIANT-LOCKED]\nusb4: waiting for BIOS to give up control\nusb4: EHCI version 1.0\nusb4: companion controllers, 2 ports each: usb0 usb1 usb2 usb3\nusb4: \u003cIntel 82801GB/R (ICH7) USB 2.0 controller\u003e on ehci0\nusb4: USB revision 2.0\nuhub4: Intel EHCI root hub, class 9/0, rev 2.00/1.00, addr 1\nuhub4: 8 ports with 8 removable, self powered\npcib4: \u003cACPI PCI-PCI bridge\u003e at device 30.0 on pci0\npci4: \u003cACPI PCI bus\u003e on pcib4\npcm0: \u003cIntel ICH7 (82801GB)\u003e port 0xec00-0xecff,0xe8c0-0xe8ff mem 0xfeabfa00-0xfeabfbff,0xfeabf900-0xfeabf9ff irq 23 at device 30.2 on pci0\npcm0: \u003cAnalog Devices AD1981B AC97 Codec\u003e\nisab0: \u003cPCI-ISA bridge\u003e at device 31.0 on pci0\nisa0: \u003cISA bus\u003e on isab0\natapci0: \u003cIntel ICH7 UDMA100 controller\u003e port 0x1f0-0x1f7,0x3f6,0x170-0x177,0x376,0xffa0-0xffaf irq 16 at device 31.1 on pci0\nata0: \u003cATA channel 0\u003e on atapci0\nata1: \u003cATA channel 1\u003e on atapci0\natapci1: \u003cIntel ICH7 SATA300 controller\u003e port 0xfe00-0xfe07,0xfe10-0xfe13,0xfe20-0xfe27,0xfe30-0xfe33,0xfea0-0xfeaf irq 20 at device 31.2 on pci0\nata2: \u003cATA channel 0\u003e on atapci1\nata3: \u003cATA channel 1\u003e on atapci1\npci0: \u003cserial bus, SMBus\u003e at device 31.3 (no driver attached)\nppc0: \u003cECP parallel printer port\u003e port 0x378-0x37f,0x778-0x77f irq 7 on acpi0\nppc0: SMC-like chipset (ECP/EPP/PS2/NIBBLE) in COMPATIBLE mode\nppc0: FIFO with 16/16/8 bytes threshold\nppbus0: \u003cParallel port bus\u003e on ppc0\nplip0: \u003cPLIP network interface\u003e on ppbus0\nlpt0: \u003cPrinter\u003e on ppbus0\nlpt0: Interrupt-driven port\nppi0: \u003cParallel I/O\u003e on ppbus0\nsio0: \u003c16550A-compatible COM port\u003e port 0x3f8-0x3ff irq 4 flags 0x10 on acpi0\nsio0: type 16550A\npmtimer0 on isa0\norm0: \u003cISA Option ROMs\u003e at iomem 0xc0000-0xca7ff,0xca800-0xcc7ff,0xcc800-0xcffff on isa0\natkbdc0: \u003cKeyboard controller (i8042)\u003e at port 0x60,0x64 on isa0\natkbd0: \u003cAT Keyboard\u003e irq 1 on atkbdc0\nkbd0 at atkbd0\natkbd0: [GIANT-LOCKED]\nsc0: \u003cSystem console\u003e at flags 0x100 on isa0\nsc0: VGA \u003c16 virtual consoles, flags=0x300\u003e\nsio1: configured irq 3 not in bitmap of probed irqs 0\nsio1: port may not be enabled\nvga0: \u003cGeneric ISA VGA\u003e at port 0x3c0-0x3df iomem 0xa0000-0xbffff on isa0\nums0: Logitech USB Receiver, rev 1.10/25.00, addr 2, iclass 3/1\nums0: 16 buttons and Z dir.\nukbd0: Chicony Saitek Eclipse Keyboard, rev 2.00/1.30, addr 3, iclass 3/1\nkbd2 at ukbd0\nuhid0: Chicony Saitek Eclipse Keyboard, rev 2.00/1.30, addr 3, iclass 3/1\nTimecounters tick every 1.000 msec\nacd0: DVDR \u003cNEC DVD+/-RW ND-3530A/103C\u003e at ata0-master UDMA33\nad4: 152587MB \u003cSAMSUNG HD160JJ/P ZM100-34\u003e at ata2-master SATA150\nad5: 152587MB \u003cSAMSUNG HD160JJ/P ZM100-34\u003e at ata2-slave SATA150\nlapic1: Forcing LINT1 to edge trigger\nSMP: AP CPU #1 Launched!\nTrying to mount root from ufs:/dev/ad4s2a\nbge0: link state changed to UP\n\n\noutput from /var/log/messages when crash occurs (note the Cowon iAudio 5 mounts fine, but the Zoom crashes):\nMar 21 17:12:58 bob ntpd[769]: time reset -0.289583 s\nMar 21 17:12:58 bob ntpd[769]: kernel time sync disabled 2041\nMar 21 17:17:53 bob kernel: umass0: COWON iAUDIO 5, rev 2.00/1.10, addr 2\nMar 21 17:17:54 bob kernel: da1 at umass-sim0 bus 0 target 0 lun 0\nMar 21 17:17:54 bob kernel: da1: \u003cCOWON iAUDIO 5 0100\u003e Removable Direct Access SCSI-4 device \nMar 21 17:17:54 bob kernel: da1: 40.000MB/s transfers\nMar 21 17:17:54 bob kernel: da1: 992MB (2032384 512 byte sectors: 64H 32S/T 992C)\nMar 21 17:18:20 bob kernel: umass0: at uhub4 port 4 (addr 2) disconnected\nMar 21 17:18:20 bob kernel: (da1:umass-sim0:0:0:0): lost device\nMar 21 17:18:20 bob kernel: (da1:umass-sim0:0:0:0): removing device entry\nMar 21 17:18:20 bob kernel: umass0: detached\nMar 21 17:18:31 bob su: chess to root on /dev/ttyp0\nMar 21 17:18:45 bob kernel: g_vfs_done():da0s1[READ(offset=2046976, length=4096)]error = 6\nMar 21 17:18:45 bob kernel: g_vfs_done():da0s1[READ(offset=2046976, length=4096)]error = 6\nMar 21 17:35:27 bob ntpd[769]: kernel time sync enabled 2001\nMar 21 17:40:10 bob kernel: umass0: ZOOM Corporation H4, rev 1.01/0.00, addr 2\nMar 21 17:40:10 bob kernel: da1 at umass-sim0 bus 0 target 0 lun 0\nMar 21 17:40:10 bob kernel: da1: \u003cZOOM H4 SD R\u0026W 0.01\u003e Removable Direct Access SCSI-2 device \nMar 21 17:40:10 bob kernel: da1: 1.000MB/s transfers\nMar 21 17:40:10 bob kernel: da1: 1964MB (4022272 512 byte sectors: 255H 63S/T 250C)\nMar 21 17:40:12 bob kernel: pid 1394 (hald-probe-volume), uid 0: exited on signal 6 (core dumped)\nMar 21 17:40:12 bob kernel: pid 1245 (gnome-vfs-daemon), uid 1001: exited on signal 6\nMar 21 17:40:12 bob kernel: pid 1400 (gnome-vfs-daemon), uid 1001: exited on signal 6\nMar 21 17:40:12 bob kernel: pid 1402 (gnome-vfs-daemon), uid 1001: exited on signal 6\nMar 21 17:40:12 bob kernel: pid 1404 (gnome-vfs-daemon), uid 1001: exited on signal 6\nMar 21 17:40:13 bob kernel: pid 1410 (gnome-vfs-daemon), uid 1001: exited on signal 6\nMar 21 17:40:13 bob kernel: pid 1412 (gnome-vfs-daemon), uid 1001: exited on signal 6\n\n\u003csnip\u003e\n\nMar 21 17:41:48 bob kernel: pid 9163 (gnome-vfs-daemon), uid 1001: exited on signal 6\nMar 21 17:41:48 bob kernel: pid 9165 (gnome-vfs-daemon), uid 1001: exited on signal 6\nMar 21 17:41:48 bob kernel: pid 9167 (gnome-vfs-daemon), uid 1001: exited on signal 6\nMar 21 17:41:48 bob kernel: pid 9169 (gnome-vfs-daemon), uid 1001: exited on signal 6\nMar 21 17:41:48 bob kernel: umass0: at uhub1 port 2 (addr 2) disconnected\nMar 21 17:41:48 bob kernel: (da1:umass-sim0:0:0:0): lost device\nMar 21 17:41:48 bob kernel: (da1:umass-sim0:0:0:0): removing device entry\nMar 21 17:41:48 bob kernel: umass0: detached\n\nHow-To-Repeat: Connect Zoom H4 via USB cable."
}