{
 "id": 1057378,
 "bug_id": 239118,
 "attachment_id": 0,
 "creation_time": "2019-07-10T19:00:43Z",
 "creator": "otis@FreeBSD.org",
 "text": "There is a reocurring panic with 12-STABLE (at least r349857) running as an ESXi guest:\n\nJul 10 19:11:45 svc1 kernel: fault code         = supervisor read data, page not present\nJul 10 19:11:45 svc1 kernel: instruction pointer        = 0x20:0xffffffff811a7f0c\nJul 10 19:11:45 svc1 kernel: stack pointer              = 0x28:0xfffffe004c4628f0\nJul 10 19:11:45 svc1 kernel: frame pointer              = 0x28:0xfffffe004c4628f0\nJul 10 19:11:45 svc1 kernel: code segment               = base 0x0, limit 0xfffff, type 0x1b\nJul 10 19:11:45 svc1 kernel:                    = DPL 0, pres 1, long 1, def32 0, gran 1\nJul 10 19:11:45 svc1 kernel: processor eflags   = resume, IOPL = 0\nJul 10 19:11:45 svc1 kernel: current process            = 17606 (imap-login)\nJul 10 19:11:45 svc1 kernel: trap number                = 12\nJul 10 19:11:45 svc1 kernel: panic: page fault\nJul 10 19:11:45 svc1 kernel: cpuid = 0\nJul 10 19:11:45 svc1 kernel: time = 1562778547\nJul 10 19:11:45 svc1 kernel: KDB: stack backtrace:\nJul 10 19:11:45 svc1 kernel: #0 0xffffffff80c18257 at kdb_backtrace+0x67\nJul 10 19:11:45 svc1 kernel: #1 0xffffffff80bcbbdd at vpanic+0x19d\nJul 10 19:11:45 svc1 kernel: #2 0xffffffff80bcba33 at panic+0x43\nJul 10 19:11:45 svc1 kernel: #3 0xffffffff810a04bc at trap_fatal+0x39c\nJul 10 19:11:45 svc1 kernel: #4 0xffffffff810a0509 at trap_pfault+0x49\nJul 10 19:11:45 svc1 kernel: #5 0xffffffff8109faff at trap+0x29f\nJul 10 19:11:45 svc1 kernel: #6 0xffffffff8107a7e5 at calltrap+0x8\nJul 10 19:11:45 svc1 kernel: #7 0xffffffff80ce48a3 at iflib_fast_intr_rxtx+0xc3\nJul 10 19:11:45 svc1 kernel: #8 0xffffffff80b8f63a at intr_event_handle+0xba\nJul 10 19:11:45 svc1 kernel: #9 0xffffffff8120bff7 at intr_execute_handlers+0x57\nJul 10 19:11:45 svc1 kernel: #10 0xffffffff81212133 at lapic_handle_intr+0x43\nJul 10 19:11:45 svc1 kernel: #11 0xffffffff8107baa9 at Xapic_isr1+0xd9\nJul 10 19:11:45 svc1 kernel: #12 0xffffffff80ce67c2 at iflib_completed_tx_reclaim+0x62\nJul 10 19:11:45 svc1 kernel: #13 0xffffffff80ce5e2c at iflib_txq_drain+0x6c\nJul 10 19:11:45 svc1 kernel: #14 0xffffffff80cecafe at drain_ring_lockless+0x6e\nJul 10 19:11:45 svc1 kernel: #15 0xffffffff80cec9e1 at ifmp_ring_enqueue+0x2b1\nJul 10 19:11:45 svc1 kernel: #16 0xffffffff80ceb2e0 at iflib_if_transmit+0x90\nJul 10 19:11:45 svc1 kernel: #17 0xffffffff80cd21e4 at ether_output_frame+0xb4\nJul 10 19:11:45 svc1 kernel: Uptime: 1d7h30m15s\nJul 10 19:11:45 svc1 kernel: Dumping 2212 out of 8153 MB:..1%..11%..21%..31%..41%..51%..61%..71%..81%..91%\nJul 10 19:11:45 svc1 kernel: Dump complete\n\nHardware is:\n\nFreeBSD 12.0-STABLE r349857 GENERIC amd64\nFreeBSD clang version 8.0.0 (tags/RELEASE_800/final 356365) (based on LLVM 8.0.0)\nVT(vga): text 80x25\nCPU: Intel(R) Xeon(R) Gold 5118 CPU @ 2.30GHz (2294.61-MHz K8-class CPU)\n  Origin=\"GenuineIntel\"  Id=0x50654  Family=0x6  Model=0x55  Stepping=4\n  Features=0xf83fbff\u003cFPU,VME,DE,PSE,TSC,MSR,PAE,MCE,CX8,APIC,SEP,MTRR,PGE,MCA,CMOV,PAT,PSE36,MMX,FXSR,SSE,SSE2,SS\u003e\n  Features2=0xfffa3203\u003cSSE3,PCLMULQDQ,SSSE3,FMA,CX16,PCID,SSE4.1,SSE4.2,x2APIC,MOVBE,POPCNT,TSCDLT,AESNI,XSAVE,OSXSAVE,AVX,F16C,RDRAND,HV\u003e\n  AMD Features=0x2c100800\u003cSYSCALL,NX,Page1GB,RDTSCP,LM\u003e\n  AMD Features2=0x121\u003cLAHF,ABM,Prefetch\u003e\n  Structured Extended Features=0xd19f6ffb\u003cFSGSBASE,TSCADJ,BMI1,HLE,AVX2,FDPEXC,SMEP,BMI2,ERMS,INVPCID,RTM,NFPUSG,MPX,AVX512F,AVX512DQ,RDSEED,ADX,SMAP,CLFLUSHOPT,CLWB,AVX512CD,AVX512BW,AVX512VL\u003e\n  Structured Extended Features2=0x8\u003cPKU\u003e\n  Structured Extended Features3=0x2c000000\u003cIBPB,STIBP,ARCH_CAP\u003e\n  XSAVE Features=0xb\u003cXSAVEOPT,XSAVEC,XSAVES\u003e\n  IA32_ARCH_CAPS=0x4\u003cRSBA\u003e\n  TSC: P-state invariant\nHypervisor: Origin = \"VMwareVMware\"\nreal memory  = 8589934592 (8192 MB)\navail memory = 8274690048 (7891 MB)\n\nACPI APIC Table: \u003cPTLTD          APIC  \u003e\nFreeBSD/SMP: Multiprocessor System Detected: 2 CPUs\nFreeBSD/SMP: 2 package(s) x 1 core(s)\n\nacpi0: \u003cINTEL 440BX\u003e on motherboard\nacpi0: Power Button (fixed)\nhpet0: \u003cHigh Precision Event Timer\u003e iomem 0xfed00000-0xfed003ff on acpi0\nTimecounter \"HPET\" frequency 14318180 Hz quality 950\ncpu0: \u003cACPI CPU\u003e numa-domain 0 on acpi0\nattimer0: \u003cAT timer\u003e port 0x40-0x43 irq 0 on acpi0\nTimecounter \"i8254\" frequency 1193182 Hz quality 0\nEvent timer \"i8254\" frequency 1193182 Hz quality 100\natrtc0: \u003cAT realtime clock\u003e port 0x70-0x71 irq 8 on acpi0\natrtc0: registered as a time-of-day clock, resolution 1.000000s\nEvent timer \"RTC\" frequency 32768 Hz quality 0\nTimecounter \"ACPI-fast\" frequency 3579545 Hz quality 900\nacpi_timer0: \u003c24-bit timer at 3.579545MHz\u003e port 0x1008-0x100b on acpi0\n\nvmx0: \u003cVMware VMXNET3 Ethernet Adapter\u003e port 0x5000-0x500f mem 0xfd4fc000-0xfd4fcfff,0xfd4fd000-0xfd4fdfff,0xfd4fe000-0xfd4fffff irq 19 at device 0.0 on pci4\nvmx0: Using 512 TX descriptors and 256 RX descriptors\nvmx0: Using 2 RX queues 2 TX queues\nvmx0: failed to allocate 3 MSI-X vectors, err: 6\nvmx0: Using an MSI interrupt\nvmx0: Ethernet address: 00:50:56:a6:9e:f2\nvmx0: netmap queues/slots: TX 1/512, RX 1/512\n\nI can provide further information if needed."
}