{
 "id": 632900,
 "bug_id": 161458,
 "attachment_id": 0,
 "creation_time": "2011-10-10T12:30:07Z",
 "creator": "kes-kes@yandex.ru",
 "text": "# df -h\nFilesystem     Size    Used   Avail Capacity  Mounted on\n/dev/ad2s1a      1G    210M    716M    23%    /\ndevfs          1.0k    1.0k      0B   100%    /dev\n/dev/ad2s1e      1G     13M    913M     1%    /tmp\n/dev/ad2s1f     39G     26G     10G    72%    /usr\n/dev/ad2s1d    5.8G    866M    4.5G    16%    /var\n/dev/ad2s1g    242G    296M    222G     0%    /usr/sharedzone\nprocfs         4.0k    4.0k      0B   100%    /proc\ndevfs          1.0k    1.0k      0B   100%    /var/named/dev\n\nI install freebsd on /dev/ad2s1g\n#cd /usr/\nsrc# make  buildworld\n# make  buildkernel KERNCONF=MYKRN\n# make installworld DESTDIR=/usr/sharedzone\n# make installkernel DESTDIR=/usr/sharedzone KERNCONF=MYKRN\n# cd etc \u0026\u0026 make distribution DESTDIR=/usr/sharedzone\n\nI change /etc/nextboot.conf on /dev/ad2s1a to \nvfs.root.mountfrom=\"ufs:/dev/ad2s1g\"\n\nWhen I boot( this time it is 0:ad(0,a)/boot/loader ) I get working system:\nOct 10 13:52:22  syslogd: kernel boot file is /boot/kernel/kernel\nOct 10 13:52:22  kernel: Copyright (c) 1992-2011 The FreeBSD Project.\nOct 10 13:52:22  kernel: Copyright (c) 1979, 1980, 1983, 1986, 1988, 1989, 1991, 1992, 1993, 1994\nOct 10 13:52:22  kernel: The Regents of the University of California. All rights reserved.\nOct 10 13:52:22  kernel: FreeBSD is a registered trademark of The FreeBSD Foundation.\nOct 10 13:52:22  kernel: FreeBSD 9.0-BETA2 #11: Thu Oct  6 18:02:28 EEST 2011\nOct 10 13:52:22  kernel: @:/usr/obj/usr/src/sys/KES_KERN_v9 i386\nOct 10 13:52:22  kernel: module_register: module pci/igb already exists!\nOct 10 13:52:22  kernel: Module pci/igb failed to register: 17\nOct 10 13:52:22  kernel: CPU: Intel(R) Core(TM) i3 CPU         540  @ 3.07GHz (4145.96-MHz 686-class CPU)\nOct 10 13:52:22  kernel: Origin = \"GenuineIntel\"  Id = 0x20652  Family = 6  Model = 25  Stepping = 2\nOct 10 13:52:22  kernel: Features=0xbfebfbff\u003cFPU,VME,DE,PSE,TSC,MSR,PAE,MCE,CX8,APIC,SEP,MTRR,PGE,MCA,CMOV,PAT,PSE36,CLFLUSH,DTS,ACPI,MMX,FXSR,SSE,SSE2,SS,HTT\n,TM,PBE\u003e\nOct 10 13:52:22  kernel: Features2=0x98e3bd\u003cSSE3,DTES64,MON,DS_CPL,VMX,EST,TM2,SSSE3,CX16,xTPR,PDCM,SSE4.1,SSE4.2,POPCNT\u003e\nOct 10 13:52:22  kernel: AMD Features=0x28100000\u003cNX,RDTSCP,LM\u003e\nOct 10 13:52:22  kernel: AMD Features2=0x1\u003cLAHF\u003e\nOct 10 13:52:22  kernel: TSC: P-state invariant, performance statistics\nOct 10 13:52:22  kernel: real memory  = 2147483648 (2048 MB)\nOct 10 13:52:22  kernel: avail memory = 2013474816 (1920 MB)\nOct 10 13:52:22  kernel: Event timer \"LAPIC\" quality 600\nOct 10 13:52:22  kernel: ACPI APIC Table: \u003c010710 APIC1823\u003e\nOct 10 13:52:22  kernel: FreeBSD/SMP: Multiprocessor System Detected: 4 CPUs\nOct 10 13:52:22  kernel: FreeBSD/SMP: 1 package(s) x 2 core(s) x 2 SMT threads\nOct 10 13:52:22  kernel: cpu0 (BSP): APIC ID:  0\nOct 10 13:52:22  kernel: cpu1 (AP): APIC ID:  1\nOct 10 13:52:22  kernel: cpu2 (AP): APIC ID:  4\nOct 10 13:52:22  kernel: cpu3 (AP): APIC ID:  5\nOct 10 13:52:22  kernel: ioapic0: Changing APIC ID to 6\nOct 10 13:52:22  kernel: ioapic0 \u003cVersion 2.0\u003e irqs 0-23 on motherboard\nOct 10 13:52:22  kernel: kbd1 at kbdmux0\nOct 10 13:52:22  kernel: acpi0: \u003c010710 RSDT1823\u003e on motherboard\nOct 10 13:52:22  kernel: acpi0: Power Button (fixed)\nOct 10 13:52:22  kernel: acpi0: reservation of 0, a0000 (3) failed\nOct 10 13:52:22  kernel: acpi0: reservation of 100000, 7bf00000 (3) failed\nOct 10 13:52:22  kernel: Timecounter \"ACPI-fast\" frequency 3579545 Hz quality 900\nOct 10 13:52:22  kernel: acpi_timer0: \u003c24-bit timer at 3.579545MHz\u003e port 0x808-0x80b on acpi0\nOct 10 13:52:22  kernel: cpu0: \u003cACPI CPU\u003e on acpi0\nOct 10 13:52:22  kernel: cpu1: \u003cACPI CPU\u003e on acpi0\nOct 10 13:52:22  kernel: cpu2: \u003cACPI CPU\u003e on acpi0\nOct 10 13:52:22  kernel: cpu3: \u003cACPI CPU\u003e on acpi0\nOct 10 13:52:22  kernel: pcib0: \u003cACPI Host-PCI bridge\u003e port 0xcf8-0xcff on acpi0\nOct 10 13:52:22  kernel: pci0: \u003cACPI PCI bus\u003e on pcib0\nOct 10 13:52:22  kernel: pcib1: \u003cACPI PCI-PCI bridge\u003e irq 16 at device 1.0 on pci0\nOct 10 13:52:22  kernel: pci1: \u003cACPI PCI bus\u003e on pcib1\nOct 10 13:52:22  kernel: igb0: \u003cIntel(R) PRO/1000 Network Connection version - 2.2.5\u003e port 0xcc00-0xcc1f mem 0xfbee0000-0xfbefffff,0xfb800000-0xfbbfffff,0xfbe\ndc000-0xfbedffff irq 16 at device 0.0 on pci1\nOct 10 13:52:22  kernel: igb0: Using MSIX interrupts with 5 vectors\nOct 10 13:52:22  kernel: igb0: Ethernet address: 00:1b:21:45:da:b8\nOct 10 13:52:22  kernel: igb1: \u003cIntel(R) PRO/1000 Network Connection version - 2.2.5\u003e port 0xc880-0xc89f mem 0xfbea0000-0xfbebffff,0xfb000000-0xfb3fffff,0xfbe\nd8000-0xfbedbfff irq 17 at device 0.1 on pci1\nOct 10 13:52:22  kernel: igb1: Using MSIX interrupts with 5 vectors\nOct 10 13:52:22  kernel: igb1: Ethernet address: 00:1b:21:45:da:b9\nOct 10 13:52:22  kernel: vgapci0: \u003cVGA-compatible display\u003e port 0xbc00-0xbc07 mem 0xfa800000-0xfabfffff,0xd0000000-0xdfffffff irq 16 at device 2.0 on pci0\nOct 10 13:52:22  kernel: agp0: \u003cIntel Ironlake (D) SVGA controller\u003e on vgapci0\nOct 10 13:52:22  kernel: agp0: aperture size is 256M, detected 32764k stolen memory\nOct 10 13:52:22  kernel: ehci0: \u003cIntel PCH USB 2.0 controller USB-B\u003e mem 0xfa7f8000-0xfa7f83ff irq 16 at device 26.0 on pci0\nOct 10 13:52:22  kernel: usbus0: EHCI version 1.0\nOct 10 13:52:22  kernel: usbus0: \u003cIntel PCH USB 2.0 controller USB-B\u003e on ehci0\nOct 10 13:52:22  kernel: pci0: \u003cmultimedia, HDA\u003e at device 27.0 (no driver attached)\nOct 10 13:52:22  kernel: pcib2: \u003cACPI PCI-PCI bridge\u003e irq 17 at device 28.0 on pci0\nOct 10 13:52:22  kernel: pci2: \u003cACPI PCI bus\u003e on pcib2\nOct 10 13:52:22  kernel: pcib3: \u003cACPI PCI-PCI bridge\u003e irq 17 at device 28.4 on pci0\nOct 10 13:52:22  kernel: pci3: \u003cACPI PCI bus\u003e on pcib3\nOct 10 13:52:22  kernel: re0: \u003cRealTek 8168/8111 B/C/CP/D/DP/E PCIe Gigabit Ethernet\u003e port 0xd800-0xd8ff mem 0xf9fff000-0xf9ffffff,0xf9ff8000-0xf9ffbfff irq 1\n6 at device 0.0 on pci3\nOct 10 13:52:22  kernel: re0: Using 1 MSI-X message\nOct 10 13:52:22  kernel: re0: Chip rev. 0x28000000\nOct 10 13:52:22  kernel: re0: MAC rev. 0x00000000\nOct 10 13:52:22  kernel: miibus0: \u003cMII bus\u003e on re0\nOct 10 13:52:22  kernel: rgephy0: \u003cRTL8169S/8110S/8211 1000BASE-T media interface\u003e PHY 1 on miibus0\nOct 10 13:52:22  kernel: rgephy0:  none, 10baseT, 10baseT-FDX, 10baseT-FDX-flow, 100baseTX, 100baseTX-FDX, 100baseTX-FDX-flow, 1000baseT, 1000baseT-master, 10\n00baseT-FDX, 1000baseT-FDX-master, 1000baseT-FDX-flow, 1000baseT-FDX-flow-master, auto, auto-flow\nOct 10 13:52:22  kernel: re0: Ethernet address: 00:30:67:5a:44:72\nOct 10 13:52:22  kernel: pcib4: \u003cACPI PCI-PCI bridge\u003e irq 16 at device 28.5 on pci0\nOct 10 13:52:22  kernel: pci4: \u003cACPI PCI bus\u003e on pcib4\nOct 10 13:52:22  kernel: atapci0: \u003cJMicron JMB368 UDMA133 controller\u003e port 0xec00-0xec07,0xe880-0xe883,0xe800-0xe807,0xe480-0xe483,0xe400-0xe40f irq 17 at dev\nice 0.0 on pci4\nOct 10 13:52:22  kernel: ata2: \u003cATA channel 0\u003e on atapci0\nOct 10 13:52:22  kernel: ehci1: \u003cIntel PCH USB 2.0 controller USB-A\u003e mem 0xfa7f2000-0xfa7f23ff irq 23 at device 29.0 on pci0\nOct 10 13:52:22  kernel: usbus1: EHCI version 1.0\nOct 10 13:52:22  kernel: usbus1: \u003cIntel PCH USB 2.0 controller USB-A\u003e on ehci1\nOct 10 13:52:22  kernel: pcib5: \u003cACPI PCI-PCI bridge\u003e at device 30.0 on pci0\nOct 10 13:52:22  kernel: pci5: \u003cACPI PCI bus\u003e on pcib5\nOct 10 13:52:22  kernel: isab0: \u003cPCI-ISA bridge\u003e at device 31.0 on pci0\nOct 10 13:52:22  kernel: isa0: \u003cISA bus\u003e on isab0\nOct 10 13:52:22  kernel: atapci1: \u003cIntel 5 Series/3400 Series PCH SATA300 controller\u003e port 0x1f0-0x1f7,0x3f6,0x170-0x177,0x376,0xff90-0xff9f,0xffa0-0xffaf at\ndevice 31.2 on pci0\nOct 10 13:52:22  kernel: ata0: \u003cATA channel 0\u003e on atapci1\nOct 10 13:52:22  kernel: ata1: \u003cATA channel 1\u003e on atapci1\nOct 10 13:52:22  kernel: pci0: \u003cserial bus, SMBus\u003e at device 31.3 (no driver attached)\nOct 10 13:52:22  kernel: atapci2: \u003cIntel 5 Series/3400 Series PCH SATA300 controller\u003e port 0xb800-0xb807,0xb480-0xb483,0xb400-0xb407,0xb080-0xb083,0xb000-0xb0\n0f,0xac00-0xac0f irq 18 at device 31.5 on pci0\nOct 10 13:52:22  kernel: ata3: \u003cATA channel 0\u003e on atapci2\nOct 10 13:52:22  kernel: ata4: \u003cATA channel 1\u003e on atapci2\nOct 10 13:52:22  kernel: pci0: \u003cdasp\u003e at device 31.6 (no driver attached)\nOct 10 13:52:22  kernel: acpi_button0: \u003cPower Button\u003e on acpi0\nOct 10 13:52:22  kernel: acpi_tz0: \u003cThermal Zone\u003e on acpi0\nOct 10 13:52:22  kernel: attimer0: \u003cAT timer\u003e port 0x40-0x43 irq 0 on acpi0\nOct 10 13:52:22  kernel: Timecounter \"i8254\" frequency 1193182 Hz quality 0\nOct 10 13:52:22  kernel: Event timer \"i8254\" frequency 1193182 Hz quality 100\nOct 10 13:52:22  kernel: atrtc0: \u003cAT realtime clock\u003e port 0x70-0x71 irq 8 on acpi0\nOct 10 13:52:22  kernel: Event timer \"RTC\" frequency 32768 Hz quality 0\nOct 10 13:52:22  kernel: atkbdc0: \u003cKeyboard controller (i8042)\u003e port 0x60,0x64 irq 1 on acpi0\nOct 10 13:52:22  kernel: atkbd0: \u003cAT Keyboard\u003e irq 1 on atkbdc0\nOct 10 13:52:22  kernel: kbd0 at atkbd0\nOct 10 13:52:22  kernel: atkbd0: [GIANT-LOCKED]\nOct 10 13:52:22  kernel: hpet0: \u003cHigh Precision Event Timer\u003e iomem 0xfed00000-0xfed003ff on acpi0\nOct 10 13:52:22  kernel: Timecounter \"HPET\" frequency 14318180 Hz quality 950\nOct 10 13:52:22  kernel: Event timer \"HPET\" frequency 14318180 Hz quality 550\nOct 10 13:52:22  kernel: Event timer \"HPET1\" frequency 14318180 Hz quality 440\nOct 10 13:52:22  kernel: Event timer \"HPET2\" frequency 14318180 Hz quality 440\nOct 10 13:52:22  kernel: Event timer \"HPET3\" frequency 14318180 Hz quality 440\nOct 10 13:52:22  kernel: Event timer \"HPET4\" frequency 14318180 Hz quality 440\nOct 10 13:52:22  kernel: pmtimer0 on isa0\nOct 10 13:52:22  kernel: sc0: \u003cSystem console\u003e at flags 0x100 on isa0\nOct 10 13:52:22  kernel: sc0: VGA \u003c16 virtual consoles, flags=0x300\u003e\nOct 10 13:52:22  kernel: vga0: \u003cGeneric ISA VGA\u003e at port 0x3c0-0x3df iomem 0xa0000-0xbffff on isa0\nOct 10 13:52:22  kernel: est0: \u003cEnhanced SpeedStep Frequency Control\u003e on cpu0\nOct 10 13:52:22  kernel: est: CPU supports Enhanced Speedstep, but is not recognized.\nOct 10 13:52:22  kernel: est: cpu_vendor GenuineIntel, msr 14\nOct 10 13:52:22  kernel: device_attach: est0 attach returned 6\nOct 10 13:52:22  kernel: p4tcc0: \u003cCPU Frequency Thermal Control\u003e on cpu0\nOct 10 13:52:22  kernel: est1: \u003cEnhanced SpeedStep Frequency Control\u003e on cpu1\nOct 10 13:52:22  kernel: est: CPU supports Enhanced Speedstep, but is not recognized.\nOct 10 13:52:22  kernel: est: cpu_vendor GenuineIntel, msr 14\nOct 10 13:52:22  kernel: device_attach: est1 attach returned 6\nOct 10 13:52:22  kernel: p4tcc1: \u003cCPU Frequency Thermal Control\u003e on cpu1\nOct 10 13:52:22  kernel: est2: \u003cEnhanced SpeedStep Frequency Control\u003e on cpu2\nOct 10 13:52:22  kernel: est: CPU supports Enhanced Speedstep, but is not recognized.\nOct 10 13:52:22  kernel: est: cpu_vendor GenuineIntel, msr 14\nOct 10 13:52:22  kernel: device_attach: est2 attach returned 6\nOct 10 13:52:22  kernel: p4tcc2: \u003cCPU Frequency Thermal Control\u003e on cpu2\nOct 10 13:52:22  kernel: est3: \u003cEnhanced SpeedStep Frequency Control\u003e on cpu3\nOct 10 13:52:22  kernel: est: CPU supports Enhanced Speedstep, but is not recognized.\nOct 10 13:52:22  kernel: est: cpu_vendor GenuineIntel, msr 14\nOct 10 13:52:22  kernel: device_attach: est3 attach returned 6\nOct 10 13:52:22  kernel: p4tcc3: \u003cCPU Frequency Thermal Control\u003e on cpu3\nOct 10 13:52:22  kernel: Timecounters tick every 1.000 msec\nOct 10 13:52:22  kernel: ipfw2 (+ipv6) initialized, divert enabled, nat enabled, rule-based forwarding enabled, default to deny, logging disabled\nOct 10 13:52:22  kernel: DUMMYNET 0 with IPv6 initialized (100409)\nOct 10 13:52:22  kernel: load_dn_sched dn_sched PRIO loaded\nOct 10 13:52:22  kernel: load_dn_sched dn_sched QFQ loaded\nOct 10 13:52:22  kernel: load_dn_sched dn_sched RR loaded\nOct 10 13:52:22  kernel: load_dn_sched dn_sched WF2Q+ loaded\nOct 10 13:52:22  kernel: load_dn_sched dn_sched FIFO loaded\nOct 10 13:52:22  kernel: usbus0: 480Mbps High Speed USB v2.0\nOct 10 13:52:22  kernel: usbus1: 480Mbps High Speed USB v2.0\nOct 10 13:52:22  kernel: ugen0.1: \u003cIntel\u003e at usbus0\nOct 10 13:52:22  kernel: uhub0: \u003cIntel EHCI root HUB, class 9/0, rev 2.00/1.00, addr 1\u003e on usbus0\nOct 10 13:52:22  kernel: ugen1.1: \u003cIntel\u003e at usbus1\nOct 10 13:52:22  kernel: uhub1: \u003cIntel EHCI root HUB, class 9/0, rev 2.00/1.00, addr 1\u003e on usbus1\nOct 10 13:52:22  kernel: uhub0: 2 ports with 2 removable, self powered\nOct 10 13:52:22  kernel: uhub1: 2 ports with 2 removable, self powered\nOct 10 13:52:22  kernel: ugen0.2: \u003cvendor 0x8087\u003e at usbus0\nOct 10 13:52:22  kernel: uhub2: \u003cvendor 0x8087 product 0x0020, class 9/0, rev 2.00/0.00, addr 2\u003e on usbus0\nOct 10 13:52:22  kernel: ugen1.2: \u003cvendor 0x8087\u003e at usbus1\nOct 10 13:52:22  kernel: uhub3: \u003cvendor 0x8087 product 0x0020, class 9/0, rev 2.00/0.00, addr 2\u003e on usbus1\nOct 10 13:52:22  kernel: ada0 at ata1 bus 0 scbus2 target 0 lun 0\nOct 10 13:52:22  kernel: ada0: \u003cST3320620AS 3.AAK\u003e ATA-7 SATA 1.x device\nOct 10 13:52:22  kernel: ada0: 150.000MB/s transfers (SATA 1.x, UDMA5, PIO 8192bytes)\nOct 10 13:52:22  kernel: ada0: 305245MB (625142448 512 byte sectors: 16H 63S/T 16383C)\nOct 10 13:52:22  kernel: ada0: Previously was known as ad2\nOct 10 13:52:22  kernel: SMP: AP CPU #1 Launched!\nOct 10 13:52:22  kernel: SMP: AP CPU #3 Launched!\nOct 10 13:52:22  kernel: SMP: AP CPU #2 Launched!\nOct 10 13:52:22  kernel: uhub2: 6 ports with 6 removable, self powered\nOct 10 13:52:22  kernel: Root mount waiting for: usbus1\nOct 10 13:52:22  kernel: uhub3: 8 ports with 8 removable, self powered\nOct 10 13:52:22  kernel: Root mount waiting for: usbus1\nOct 10 13:52:22  kernel: ugen1.3: \u003cGeneric\u003e at usbus1\nOct 10 13:52:22  kernel: umass0: \u003cGeneric Mass Storage Device, class 0/0, rev 2.00/1.00, addr 3\u003e on usbus1\nOct 10 13:52:22  kernel: umass0:  SCSI over Bulk-Only; quirks = 0x4000\nOct 10 13:52:22  kernel: umass0:5:0:-1: Attached to scbus5\nOct 10 13:52:22  kernel: Trying to mount root from ufs:/dev/ad2s1g []...\nOct 10 13:52:22  kernel: (probe0:umass-sim0:0:0:0): TEST UNIT READY. CDB: 0 0 0 0 0 0\nOct 10 13:52:22  kernel: (probe0:umass-sim0:0:0:0): CAM status: SCSI Status Error\nOct 10 13:52:22  kernel: (probe0:umass-sim0:0:0:0): SCSI status: Check Condition\nOct 10 13:52:22  kernel: (probe0:umass-sim0:0:0:0): SCSI sense: NOT READY csi:0,aa,55,40 asc:3a,0 (Medium not present)\nOct 10 13:52:22  kernel: da0 at umass-sim0 bus 0 scbus5 target 0 lun 0\nOct 10 13:52:22  kernel: da0: \u003cMultiple Card  Reader 1.00\u003e Removable Direct Access SCSI-0 device\nOct 10 13:52:22  kernel: da0: 40.000MB/s transfers\nOct 10 13:52:22  kernel: da0: Attempt to query device size failed: NOT READY, Medium not present\nOct 10 13:52:28  su: kes to root on /dev/ttyv1\nOct 10 13:53:23  reboot: rebooted by kes\nOct 10 13:53:23  syslogd: exiting on signal 15\n\n#mount -p\n/dev/ad2s1g             /                       ufs     rw              2 2\ndevfs                   /dev                    devfs   rw,multilabel   0 0\nprocfs                  /proc                   procfs  rw              0 0\n\nIn this situation kernel is loaded from ad2s1a slice, so\n\nI change config for loader (press space when booting)\nand write: 0:ad(0,g)/boot/loader\n\nI get system halted on this stage:\nOct 10 13:52:22  syslogd: kernel boot file is /boot/kernel/kernel\nOct 10 13:52:22  kernel: Copyright (c) 1992-2011 The FreeBSD Project.\nOct 10 13:52:22  kernel: Copyright (c) 1979, 1980, 1983, 1986, 1988, 1989, 1991, 1992, 1993, 1994\nOct 10 13:52:22  kernel: The Regents of the University of California. All rights reserved.\nOct 10 13:52:22  kernel: FreeBSD is a registered trademark of The FreeBSD Foundation.\nOct 10 13:52:22  kernel: FreeBSD 9.0-BETA2 #11: Thu Oct  6 18:02:28 EEST 2011\nOct 10 13:52:22  kernel: @:/usr/obj/usr/src/sys/KES_KERN_v9 i386\n\nBUG: system can not loaded if root is located not on ***a slice."
}