{
 "id": 1259750,
 "bug_id": 271453,
 "attachment_id": 242214,
 "creation_time": "2023-05-16T15:44:54Z",
 "creator": "sharin@gmail.com",
 "text": "Created attachment 242214\nFreeBSD13.2.uEFI.mode Screen Frozen pcib3 failed to allocate initial prefetch window on IBM Server X3250M4\n\nUEFI mode Only:\n13.2-RELEASE FreeBSD 13.2-RELEASE releng/13.2-n254617-525ecfdad597 GENERIC amd64\n\nhw.model: Intel(R) Xeon(R) CPU E3-1220 V2 @ 3.10GHz\n        Signature: Type 0, Family 6, Model 58, Stepping 9\n        Part Number: None\n        Size: -===-     Locator: DIMM04         Bank Locator: BANK04\n        Size: -===-     Locator: DIMM03         Bank Locator: BANK03\n        Size: -===-     Locator: DIMM02         Bank Locator: BANK02\n        Size: 4 GB      Locator: DIMM01         Bank Locator: BANK01    Type: DDR3      Part Number: HMT351U7CFR8C-PB  \n        Range Size: 4 GB\n\nProduct Name: IBM System X3250 M4 -[2583I16]-\n(or X3100M4) in this Post:\nhttps://www.truenas.com/community/threads/true-nas-core-13-installation-on-ibm-x3100m4.101880/page-2\n\nboot screen hang at:\n\npcib3: failed to allocate initial prefetch window: 0xc0000000-0xc0ffffff\n\nbut the system still runs in backend, Just Screen Frozen.\n\nFULL dmesg:\n\n\n---\u003c\u003cBOOT\u003e\u003e---\nCopyright (c) 1992-2021 The FreeBSD Project.\nCopyright (c) 1979, 1980, 1983, 1986, 1988, 1989, 1991, 1992, 1993, 1994\n        The Regents of the University of California. All rights reserved.\nFreeBSD is a registered trademark of The FreeBSD Foundation.\nFreeBSD 13.2-RELEASE releng/13.2-n254617-525ecfdad597 GENERIC amd64\nFreeBSD clang version 14.0.5 (https://github.com/llvm/llvm-project.git llvmorg-14.0.5-0-gc12386ae247c)\nVT(efifb): resolution 800x600\nCPU: Intel(R) Xeon(R) CPU E3-1220 V2 @ 3.10GHz (3093.10-MHz K8-class CPU)\n  Origin=\"GenuineIntel\"  Id=0x306a9  Family=0x6  Model=0x3a  Stepping=9\n  Features=0xbfebfbff\u003cFPU,VME,DE,PSE,TSC,MSR,PAE,MCE,CX8,APIC,SEP,MTRR,PGE,MCA,CMOV,PAT,PSE36,CLFLUSH,DTS,ACPI,MMX,FXSR,SSE,SSE2,SS,HTT,TM,PBE\u003e\n  Features2=0x7fbae3ff\u003cSSE3,PCLMULQDQ,DTES64,MON,DS_CPL,VMX,SMX,EST,TM2,SSSE3,CX16,xTPR,PDCM,PCID,SSE4.1,SSE4.2,x2APIC,POPCNT,TSCDLT,AESNI,XSAVE,OSXSAVE,AVX,F16C,RDRAND\u003e\n  AMD Features=0x28100800\u003cSYSCALL,NX,RDTSCP,LM\u003e\n  AMD Features2=0x1\u003cLAHF\u003e\n  Structured Extended Features=0x281\u003cFSGSBASE,SMEP,ERMS\u003e\n  XSAVE Features=0x1\u003cXSAVEOPT\u003e\n  VT-x: PAT,HLT,MTF,PAUSE,EPT,UG,VPID\n  TSC: P-state invariant, performance statistics\nreal memory  = 4294967296 (4096 MB)\navail memory = 4085780480 (3896 MB)\nEvent timer \"LAPIC\" quality 600\nACPI APIC Table: \u003cIBM    BROMOLOW\u003e\nFreeBSD/SMP: Multiprocessor System Detected: 4 CPUs\nFreeBSD/SMP: 1 package(s) x 4 core(s)\nrandom: registering fast source Intel Secure Key RNG\nrandom: fast provider: \"Intel Secure Key RNG\"\nrandom: unblocking device.\nFirmware Warning (ACPI): 32/64X length mismatch in FADT/Gpe0Block: 128/64 (20201113/tbfadt-748)\nFirmware Warning (ACPI): Invalid length for FADT/Pm1aControlBlock: 32, using default 16 (20201113/tbfadt-850)\nioapic0: MADT APIC ID 15 != hw id 0\nioapic0 \u003cVersion 2.0\u003e irqs 0-23\nLaunching APs: 2 3 1\nrandom: entropy device external interface\nkbd0 at kbdmux0\nefirtc0: \u003cEFI Realtime Clock\u003e\nefirtc0: registered as a time-of-day clock, resolution 1.000000s\nsmbios0: \u003cSystem Management BIOS\u003e at iomem 0xbf6fa000-0xbf6fa01e\nsmbios0: Version: 2.6, BCD Revision: 2.6\naesni0: \u003cAES-CBC,AES-CCM,AES-GCM,AES-ICM,AES-XTS\u003e\nacpi0: \u003cIBM BROMOLOW\u003e\nacpi0: Power Button (fixed)\nhpet0: \u003cHigh Precision Event Timer\u003e iomem 0xfed00000-0xfed003ff on acpi0\nTimecounter \"HPET\" frequency 14318180 Hz quality 950\nEvent timer \"HPET\" frequency 14318180 Hz quality 550\nEvent timer \"HPET1\" frequency 14318180 Hz quality 440\nEvent timer \"HPET2\" frequency 14318180 Hz quality 440\nEvent timer \"HPET3\" frequency 14318180 Hz quality 440\nEvent timer \"HPET4\" frequency 14318180 Hz quality 440\nipmi0: \u003cIPMI System Interface\u003e port 0xc80,0xc81 on acpi0\nipmi0: KCS mode found at io 0xc80 on acpi\ncpu0: \u003cACPI CPU\u003e on acpi0\natrtc0: \u003cAT realtime clock\u003e port 0x70-0x77 irq 8 on acpi0\natrtc0: Warning: Couldn't map I/O.\natrtc0: registered as a time-of-day clock, resolution 1.000000s\nEvent timer \"RTC\" frequency 32768 Hz quality 0\nattimer0: \u003cAT timer\u003e port 0x40-0x43,0x50-0x53 irq 0 on acpi0\nTimecounter \"i8254\" frequency 1193182 Hz quality 0\nEvent timer \"i8254\" frequency 1193182 Hz quality 100\nTimecounter \"ACPI-fast\" frequency 3579545 Hz quality 900\nacpi_timer0: \u003c24-bit timer at 3.579545MHz\u003e port 0x588-0x58b on acpi0\npcib0: \u003cACPI Host-PCI bridge\u003e port 0xcf8-0xcff on acpi0\npci0: \u003cACPI PCI bus\u003e on pcib0\npcib1: \u003cACPI PCI-PCI bridge\u003e at device 1.0 on pci0\npci1: \u003cACPI PCI bus\u003e on pcib1\npcib2: \u003cACPI PCI-PCI bridge\u003e at device 1.1 on pci0\npci2: \u003cACPI PCI bus\u003e on pcib2\nehci0: \u003cIntel Cougar Point USB 2.0 controller\u003e mem 0xc1c01000-0xc1c013ff at device 26.0 on pci0\nusbus0: EHCI version 1.0\nusbus0 on ehci0\nusbus0: 480Mbps High Speed USB v2.0\npcib3: \u003cACPI PCI-PCI bridge\u003e at device 28.0 on pci0\npcib3: failed to allocate initial prefetch window: 0xc0000000-0xc0ffffff\npci3: \u003cACPI PCI bus\u003e on pcib3\npcib4: \u003cPCI-PCI bridge\u003e at device 0.0 on pci3\npcib4: failed to allocate initial prefetch window: 0xc0000000-0xc0ffffff\npci4: \u003cPCI bus\u003e on pcib4\npcib5: \u003cPCI-PCI bridge\u003e at device 0.0 on pci4\npcib5: failed to allocate initial prefetch window: 0xc0000000-0xc0ffffff\npci5: \u003cPCI bus\u003e on pcib5\npcib6: \u003cPCI-PCI bridge\u003e at device 0.0 on pci5\npcib6: failed to allocate initial prefetch window: 0xc0000000-0xc0ffffff\npci6: \u003cPCI bus\u003e on pcib6\nvgapci0: \u003cVGA-compatible display\u003e mem 0xc2000000-0xc2ffffff,0xc1800000-0xc1803fff,0xc1000000-0xc17fffff irq 16 at device 0.0 on pci6\nvgapci0: Boot video device\npcib7: \u003cPCI-PCI bridge\u003e at device 1.0 on pci4\npci7: \u003cPCI bus\u003e on pcib7\npcib8: \u003cACPI PCI-PCI bridge\u003e at device 28.1 on pci0\npci8: \u003cACPI PCI bus\u003e on pcib8\nem0: \u003cIntel(R) Gigabit CT 82574L\u003e port 0x2000-0x201f mem 0xc1b80000-0xc1b9ffff,0xc1b00000-0xc1b7ffff,0xc1ba0000-0xc1ba3fff at device 0.0 on pci8\nem0: EEPROM V2.0-0\nem0: Using 1024 TX descriptors and 1024 RX descriptors\nem0: Using 2 RX queues 2 TX queues\nem0: Using MSI-X interrupts with 3 vectors\nem0: Ethernet address: 40:f2:e9:32:69:e6\nem0: netmap queues/slots: TX 2/1024, RX 2/1024\npcib9: \u003cACPI PCI-PCI bridge\u003e at device 28.2 on pci0\npci9: \u003cACPI PCI bus\u003e on pcib9\nem1: \u003cIntel(R) Gigabit CT 82574L\u003e port 0x1000-0x101f mem 0xc1a80000-0xc1a9ffff,0xc1a00000-0xc1a7ffff,0xc1aa0000-0xc1aa3fff at device 0.0 on pci9\nem1: EEPROM V2.0-0\nem1: Using 1024 TX descriptors and 1024 RX descriptors\nem1: Using 2 RX queues 2 TX queues\nem1: Using MSI-X interrupts with 3 vectors\nem1: Ethernet address: 40:f2:e9:32:69:e7\nem1: netmap queues/slots: TX 2/1024, RX 2/1024\npcib10: \u003cACPI PCI-PCI bridge\u003e at device 28.3 on pci0\npci10: \u003cACPI PCI bus\u003e on pcib10\npcib11: \u003cACPI PCI-PCI bridge\u003e at device 28.4 on pci0\npci11: \u003cACPI PCI bus\u003e on pcib11\nehci1: \u003cIntel Cougar Point USB 2.0 controller\u003e mem 0xc1c02000-0xc1c023ff at device 29.0 on pci0\nusbus1: EHCI version 1.0\nusbus1 on ehci1\nusbus1: 480Mbps High Speed USB v2.0\npcib12: \u003cPCI-PCI bridge\u003e at device 30.0 on pci0\npci12: \u003cPCI bus\u003e on pcib12\nisab0: \u003cPCI-ISA bridge\u003e at device 31.0 on pci0\nisa0: \u003cISA bus\u003e on isab0\natapci0: \u003cIntel Cougar Point SATA600 controller\u003e port 0x3078-0x307f,0x3090-0x3093,0x3070-0x3077,0x308c-0x308f,0x3050-0x305f,0x3040-0x304f at device 31.2 on pci0\nata2: \u003cATA channel\u003e at channel 0 on atapci0\nata3: \u003cATA channel\u003e at channel 1 on atapci0\natapci1: \u003cIntel Cougar Point SATA300 controller\u003e port 0x3068-0x306f,0x3084-0x3087,0x3060-0x3067,0x3080-0x3083,0x3030-0x303f,0x3020-0x302f at device 31.5 on pci0\nata4: \u003cATA channel\u003e at channel 0 on atapci1\nata5: \u003cATA channel\u003e at channel 1 on atapci1\nacpi_button0: \u003cPower Button\u003e on acpi0\nuart0: \u003c16550 or compatible\u003e port 0x3f8-0x3ff irq 4 flags 0x10 on acpi0\nuart1: \u003c16550 or compatible\u003e port 0x2f8-0x2ff irq 3 on acpi0\norm0: \u003cISA Option ROM\u003e at iomem 0xc0000-0xc7fff pnpid ORM0000 on isa0\nest0: \u003cEnhanced SpeedStep Frequency Control\u003e on cpu0\nest: CPU supports Enhanced Speedstep, but is not recognized.\nest: cpu_vendor GenuineIntel, msr 1fb400001f00\ndevice_attach: est0 attach returned 6\np4tcc0: \u003cCPU Frequency Thermal Control\u003e on cpu0\nest: CPU supports Enhanced Speedstep, but is not recognized.\nest: cpu_vendor GenuineIntel, msr 1fb400001f00\ndevice_attach: est1 attach returned 6\nest: CPU supports Enhanced Speedstep, but is not recognized.\nest: cpu_vendor GenuineIntel, msr 1fb400001f00\ndevice_attach: est2 attach returned 6\nest: CPU supports Enhanced Speedstep, but is not recognized.\nest: cpu_vendor GenuineIntel, msr 1fb400001f00\ndevice_attach: est3 attach returned 6\nTimecounter \"TSC-low\" frequency 1546486861 Hz quality 1000\nTimecounters tick every 1.000 msec\nZFS filesystem version: 5\nZFS storage pool version: features support (5000)\nipmi0: IPMI device rev. 0, firmware rev. 1.85, version 2.0, device support mask 0xbf\nipmi0: Number of channels 5\nipmi0: Attached watchdog\nipmi0: Establishing power cycle handler\nTrying to mount root from zfs:zroot [rw]...\nugen1.1: \u003cIntel EHCI root HUB\u003e at usbus1\nuhub0 on usbus1\nugen0.1: \u003cIntel EHCI root HUB\u003e at usbus0\nuhub0: \u003cIntel EHCI root HUB, class 9/0, rev 2.00/1.00, addr 1\u003e on usbus1\nuhub1 on usbus0\nuhub1: \u003cIntel EHCI root HUB, class 9/0, rev 2.00/1.00, addr 1\u003e on usbus0\nRoot mount waiting for: usbus0 usbus1 CAM\nuhub0: 2 ports with 2 removable, self powered\nuhub1: 2 ports with 2 removable, self powered\nugen0.2: \u003cvendor 0x8087 product 0x0024\u003e at usbus0\nuhub2 on uhub1\nuhub2: \u003cvendor 0x8087 product 0x0024, class 9/0, rev 2.00/0.00, addr 2\u003e on usbus0\nugen1.2: \u003cvendor 0x8087 product 0x0024\u003e at usbus1\nuhub3 on uhub0\nuhub3: \u003cvendor 0x8087 product 0x0024, class 9/0, rev 2.00/0.00, addr 2\u003e on usbus1\nRoot mount waiting for: usbus0 usbus1 CAM\nuhub3: 6 ports with 6 removable, self powered\nuhub2: 6 ports with 6 removable, self powered\nugen1.3: \u003cno manufacturer Gadget USB HUB\u003e at usbus1\nuhub4 on uhub3\nuhub4: \u003cno manufacturer Gadget USB HUB, class 9/0, rev 2.00/0.00, addr 3\u003e on usbus1\nada0 at ata2 bus 0 scbus0 target 0 lun 0\nada0: \u003cWDC WD1600JS-23MHB0 03.01C03\u003e ATA-7 SATA 2.x device\nada0: Serial Number WD-WCANM4590292\nada0: 300.000MB/s transfers (SATA 2.x, UDMA5, PIO 8192bytes)\nada0: 152627MB (312581808 512 byte sectors)\nada1 at ata3 bus 0 scbus1 target 0 lun 0\nada1: \u003cWDC WD1600JS-23MHB0 03.01C03\u003e ATA-7 SATA 2.x device\nada1: Serial Number WD-WCANM7465520\nada1: 300.000MB/s transfers (SATA 2.x, UDMA5, PIO 8192bytes)\nada1: 152627MB (312581808 512 byte sectors)\ncd0 at ata4 bus 0 scbus2 target 0 lun 0\ncd0: \u003cIBM SATA DEVICE 81Y3658 IB01\u003e Removable CD-ROM SCSI device\ncd0: Serial Number R8RQ6GKCB003TB\ncd0: 150.000MB/s transfers (SATA 1.x, UDMA5, ATAPI 12bytes, PIO 8192bytes)\ncd0: Attempt to query device size failed: NOT READY, Medium not present - tray closed\nRoot mount waiting for: usbus1\nuhub4: 6 ports with 6 removable, self powered\nRoot mount waiting for: usbus1\nugen1.4: \u003cIBM RNDIS/Ethernet Gadget\u003e at usbus1\nugen1.5: \u003cAvocent General Purpose USB Hub\u003e at usbus1\nuhub5 on uhub3\nuhub5: \u003cAvocent General Purpose USB Hub, class 9/0, rev 2.00/80.00, addr 5\u003e on usbus1\nRoot mount waiting for: usbus1\nRoot mount waiting for: usbus1\nRoot mount waiting for: usbus1\nRoot mount waiting for: usbus1\nRoot mount waiting for: usbus1\nuhub_attach: port 2 power on or off failed, USB_ERR_TIMEOUT\nuhub_attach: port 3 power on or off failed, USB_ERR_TIMEOUT\nRoot mount waiting for: usbus1\nuhub5: 3 ports with 3 removable, bus powered\nugen1.6: \u003cAVOCENT AVO AVRIQ-USB2\u003e at usbus1\nukbd0 on uhub5\nukbd0: \u003cAVOCENT AVO AVRIQ-USB2, class 0/0, rev 2.00/0.01, addr 6\u003e on usbus1\nkbd1 at ukbd0\nSetting hostuuid: 9cf0cd00-646d-1000-a8ad-d8069d7f8747.\nSetting hostid: 0x7fbbf33e.\nno pools available to import\nStarting file system checks:\nswapon: /dev/zvol/zroot/swap: Device already in use\nMounting local filesystems:.\nELF ldconfig path: /lib /usr/lib /usr/lib/compat /usr/local/lib /usr/local/lib/compat/pkg /usr/local/lib/compat/pkg /usr/local/lib/gcc12 /usr/local/lib/perl5/5.32/mach/CORE\n32-bit compatibility ldconfig path: /usr/lib32\nSetting hostname: NAT83_IBM_X3250M4_bsd13.FCMS.CN.\nSetting up harvesting: PURE_RDRAND,[UMA],[FS_ATIME],SWI,INTERRUPT,NET_NG,[NET_ETHER],NET_TUN,MOUSE,KEYBOARD,ATTACH,CACHED\nFeeding entropy: .\nAutoloading module: ichsmb\nichsmb0: \u003cIntel Cougar Point SMBus controller\u003e port 0xefa0-0xefbf mem 0xc0000000-0xc00000ff at device 31.3 on pci0\npcib0: no PRT entry for 0.31.INTC\nichsmb0: can't get IRQ\ndevice_attach: ichsmb0 attach returned 6\nCreated clone interfaces: lagg0 vlan1000 vlan2239 vlan3183.\nlo0: link state changed to UP\nlagg0: link state changed to DOWN\nStarting Network: lo0 em0 em1 lagg0 .....\n...\n\n....\n\n\nStarting background file system checks in 60 seconds.\n\nTue May 16 20:19:33 CST 2023\n\nand, \nIf in BIOS boot mode, EveryThing works fine."
}