{
 "id": 582480,
 "bug_id": 151404,
 "attachment_id": 0,
 "creation_time": "2010-10-12T07:50:03Z",
 "creator": "KOT@MATPOCKuH.Ru",
 "text": "Fresh kernel on SunFire v215 hangs:\nOK boot -sv\njumping to kernel entry at 0xc0070000.\nCopyright (c) 1992-2010 The FreeBSD Project.\nCopyright (c) 1979, 1980, 1983, 1986, 1988, 1989, 1991, 1992, 1993, 1994\n        The Regents of the University of California. All rights reserved.\nFreeBSD is a registered trademark of The FreeBSD Foundation.\nFreeBSD 9.0-CURRENT #17: Mon Oct 11 19:04:15 MSD 2010\n    root@sunrise-new:/usr/obj/usr/src/sys/sunrise sparc64\nPreloaded elf kernel \"/boot/kernel/kernel\" at 0xc0a76000.\nPreloaded elf module \"/boot/kernel/zfs.ko\" at 0xc0a761a0.\nPreloaded elf module \"/boot/kernel/opensolaris.ko\" at 0xc0a76270.\nPreloaded /boot/zfs/zpool.cache \"/boot/zfs/zpool.cache\" at 0xc0a76348.\nreal memory  = 2147483648 (2048 MB)\navail memory = 2080391168 (1984 MB)\nmachine: SUNW,Sun-Fire-V215\ncpu0: Sun Microsystems UltraSparc-IIIi Processor (1504.00 MHz CPU)\n  mask=0x34 maxtl=5 maxwin=7\ninitalizing intr_countp\ncpu1: Sun Microsystems UltraSparc-IIIi Processor (1504.00 MHz CPU)\n  mask=0x34 maxtl=5 maxwin=7\nINTR: Adding CPU 1 as a target\nFreeBSD/SMP: Multiprocessor System Detected: 2 CPUs\nSecurity policy loaded: TrustedBSD MAC/seeotheruids (mac_seeotheruids)\nSecurity policy loaded: TrustedBSD MAC/portacl (mac_portacl)\nrandom: \u003centropy source, Software, Yarrow\u003e\nnfslock: pseudo-device\nopenfirm: \u003cOpen Firmware control device\u003e\nkbd0 at kbdmux0\nmem: \u003cmemory\u003e\nnull: \u003cnull device, zero device\u003e\nnexus0: \u003cOpen Firmware Nexus device\u003e\npcib0: \u003cSun Host-PCIe bridge\u003e mem 0x4000f600000-0x4000f6effff,0x4000f410000-0x4000f473fff irq 1983,1982 on nexus0\npcib0: Fire, module-revision 3, IGN 0x1e\nTimecounter \"pcib0\" frequency 188000000 Hz quality -100\npcib0: DVMA map: 0xc0000000 to 0xffffffff 131072 entries\npcib0: PROM IOTSB size: 0 (1024 entries)\npcib0: bus range 2 to 13; PCI bus 2\npci0: \u003cOFW PCI bus\u003e on pcib0\npci0: domain=0, physical bus=2\nfound-\u003e vendor=0x10b5, dev=0x8532, revid=0xbb\n        domain=0, bus=2, slot=0, func=0\n        class=06-04-00, hdrtype=0x01, mfdev=0\n        cmdreg=0x0007, statreg=0x0010, cachelnsz=16 (dwords)\n        lattimer=0x00 (0 ns), mingnt=0x03 (750 ns), maxlat=0x00 (0 ns)\n        intpin=a, irq=255\n        powerspec 1  supports D0 D3  current D0\n        MSI supports 1 message, 64 bit\n        map[10]: type Memory, range 32, base 0x100000, size 17, enabled\npcib1: \u003cOFW PCIe-PCIe bridge\u003e mem 0x100000-0x11ffff at device 0.0 on pci0\npcib1:   domain            0\npcib1:   secondary bus     3\npcib1:   subordinate bus   13\npcib1:   I/O decode        0x0-0x3fff\npcib1:   memory decode     0x200000-0x55fffff\npcib1:   no prefetched decode\npci1: \u003cOFW PCI bus\u003e on pcib1\npci1: domain=0, physical bus=3\nfound-\u003e vendor=0x10b5, dev=0x8532, revid=0xbb\n        domain=0, bus=3, slot=1, func=0\n        class=06-04-00, hdrtype=0x01, mfdev=0\n        cmdreg=0x0007, statreg=0x0010, cachelnsz=16 (dwords)\n        lattimer=0x00 (0 ns), mingnt=0x03 (750 ns), maxlat=0x00 (0 ns)\n        intpin=a, irq=255\n        powerspec 1  supports D0 D3  current D0\n        MSI supports 1 message, 64 bit\nfound-\u003e vendor=0x10b5, dev=0x8532, revid=0xbb\n        domain=0, bus=3, slot=2, func=0\n        class=06-04-00, hdrtype=0x01, mfdev=0\n        cmdreg=0x0007, statreg=0x0010, cachelnsz=16 (dwords)\n        lattimer=0x00 (0 ns), mingnt=0x03 (750 ns), maxlat=0x00 (0 ns)\n        intpin=a, irq=255\n        powerspec 1  supports D0 D3  current D0\n        MSI supports 1 message, 64 bit\nfound-\u003e vendor=0x10b5, dev=0x8532, revid=0xbb\n        domain=0, bus=3, slot=8, func=0\n        class=06-04-00, hdrtype=0x01, mfdev=0\n        cmdreg=0x0007, statreg=0x0010, cachelnsz=16 (dwords)\n        lattimer=0x00 (0 ns), mingnt=0x03 (750 ns), maxlat=0x00 (0 ns)\n        intpin=a, irq=255\n        powerspec 1  supports D0 D3  current D0\n        MSI supports 1 message, 64 bit\nfound-\u003e vendor=0x10b5, dev=0x8532, revid=0xbb\n        domain=0, bus=3, slot=9, func=0\n        class=06-04-00, hdrtype=0x01, mfdev=0\n        cmdreg=0x0007, statreg=0x0010, cachelnsz=16 (dwords)\n        lattimer=0x00 (0 ns), mingnt=0x03 (750 ns), maxlat=0x00 (0 ns)\n        intpin=a, irq=255\n        powerspec 1  supports D0 D3  current D0\n        MSI supports 1 message, 64 bit\nfound-\u003e vendor=0x10b5, dev=0x8532, revid=0xbb\n        domain=0, bus=3, slot=10, func=0\n        class=06-04-00, hdrtype=0x01, mfdev=0\n        cmdreg=0x0007, statreg=0x0010, cachelnsz=16 (dwords)\n        lattimer=0x00 (0 ns), mingnt=0x03 (750 ns), maxlat=0x00 (0 ns)\n        intpin=a, irq=255\n        powerspec 1  supports D0 D3  current D0\n        MSI supports 1 message, 64 bit\npcib2: \u003cOFW PCIe-PCIe bridge\u003e at device 1.0 on pci1\npcib2:   domain            0\npcib2:   secondary bus     4\npcib2:   subordinate bus   5\npcib2:   I/O decode        0x0-0x1fff\npcib2:   memory decode     0x200000-0x3ffffff\npcib2:   no prefetched decode\npci2: \u003cOFW PCI bus\u003e on pcib2\npci2: domain=0, physical bus=4\nfound-\u003e vendor=0x10b9, dev=0x5249, revid=0x00\n        domain=0, bus=4, slot=0, func=0\n        class=06-04-00, hdrtype=0x01, mfdev=0\n        cmdreg=0x0007, statreg=0x2010, cachelnsz=16 (dwords)\n        lattimer=0x00 (0 ns), mingnt=0x23 (8750 ns), maxlat=0x00 (0 ns)\n        powerspec 2  supports D0 D3  current D0\npcib3: \u003cOFW PCIe-PCIe bridge\u003e at device 0.0 on pci2\npcib3:   domain            0\npcib3:   secondary bus     5\npcib3:   subordinate bus   5\npcib3:   I/O decode        0x1000-0x1fff\npcib3:   memory decode     0x200000-0x3ffffff\npcib3:   no prefetched decode\npcib3:   Subtractively decoded bridge.\npci3: \u003cOFW PCI bus\u003e on pcib3\npci3: domain=0, physical bus=5\nfound-\u003e vendor=0x10b9, dev=0x5237, revid=0x03\n        domain=0, bus=5, slot=28, func=0\n        class=0c-03-10, hdrtype=0x00, mfdev=1\n        cmdreg=0x0000, statreg=0x02b0, cachelnsz=16 (dwords)\n        lattimer=0x40 (1920 ns), mingnt=0x00 (0 ns), maxlat=0x50 (20000 ns)\n        intpin=a, irq=255\n        powerspec 2  supports D0 D1 D2 D3  current D0\n        MSI supports 1 message\n        map[10]: type Memory, range 32, base 0x1000000, size 12, memory disabled\npcib3: requested memory range 0x1000000-0x1000fff: good\npcib2: requested memory range 0x1000000-0x1000fff: good\npcib1: requested memory range 0x1000000-0x1000fff: good\nfound-\u003e vendor=0x10b9, dev=0x5237, revid=0x03\n        domain=0, bus=5, slot=28, func=1\n        class=0c-03-10, hdrtype=0x00, mfdev=1\n        cmdreg=0x0000, statreg=0x02b0, cachelnsz=16 (dwords)\n        lattimer=0x40 (1920 ns), mingnt=0x00 (0 ns), maxlat=0x50 (20000 ns)\n        intpin=b, irq=255\n        powerspec 2  supports D0 D1 D2 D3  current D0\n        MSI supports 1 message\n        map[10]: type Memory, range 32, base 0x2000000, size 12, memory disabled\npcib3: requested memory range 0x2000000-0x2000fff: good\npcib2: requested memory range 0x2000000-0x2000fff: good\npcib1: requested memory range 0x2000000-0x2000fff: good\nfound-\u003e vendor=0x10b9, dev=0x5239, revid=0x01\n        domain=0, bus=5, slot=28, func=3\n        class=0c-03-20, hdrtype=0x00, mfdev=1\n        cmdreg=0x0000, statreg=0x02b0, cachelnsz=16 (dwords)\n        lattimer=0x80 (3840 ns), mingnt=0x10 (4000 ns), maxlat=0x20 (8000 ns)\n        intpin=d, irq=255\n        powerspec 2  supports D0 D3  current D0\n        MSI supports 1 message\n        map[10]: type Memory, range 32, base 0x200000, size  8, memory disabled\npcib3: requested memory range 0x200000-0x2000ff: good\npcib2: requested memory range 0x200000-0x2000ff: good\npcib1: requested memory range 0x200000-0x2000ff: good\nfound-\u003e vendor=0x10b9, dev=0x1575, revid=0x00\n        domain=0, bus=5, slot=30, func=0\n        class=06-01-00, hdrtype=0x00, mfdev=0\n        cmdreg=0x000f, statreg=0x0200, cachelnsz=0 (dwords)\n        lattimer=0x08 (240 ns), mingnt=0x01 (250 ns), maxlat=0x18 (6000 ns)\nfound-\u003e vendor=0x10b9, dev=0x5229, revid=0xc8\n        domain=0, bus=5, slot=31, func=0\n        class=01-01-ff, hdrtype=0x00, mfdev=0\n        cmdreg=0x0000, statreg=0x02b0, cachelnsz=16 (dwords)\n        lattimer=0x40 (1920 ns), mingnt=0x00 (0 ns), maxlat=0x00 (0 ns)\n        intpin=a, irq=255\n        powerspec 2  supports D0 D3  current D0\n        MSI supports 1 message\n        map[10]: type I/O Port, range 32, base 0x1040, size  3, port disabled\npcib3: requested I/O range 0x1040-0x1047: in range\n        map[14]: type I/O Port, range 32, base 0x1080, size  2, enabled\npcib3: requested I/O range 0x1080-0x1083: in range\n        map[18]: type I/O Port, range 32, base 0x10c0, size  3, enabled\npcib3: requested I/O range 0x10c0-0x10c7: in range\n        map[1c]: type I/O Port, range 32, base 0x1100, size  2, enabled\npcib3: requested I/O range 0x1100-0x1103: in range\n        map[20]: type I/O Port, range 32, base 0x1000, size  4, enabled\npcib3: requested I/O range 0x1000-0x100f: in range\npcib4: \u003cOFW PCIe-PCIe bridge\u003e at device 2.0 on pci1\npcib4:   domain            0\npcib4:   secondary bus     6\npcib4:   subordinate bus   6\npcib4:   I/O decode        0x2000-0x1fff\npcib4:   no prefetched decode\npci4: \u003cOFW PCI bus\u003e on pcib4\npci4: domain=0, physical bus=6\npcib5: \u003cOFW PCIe-PCIe bridge\u003e at device 8.0 on pci1\npcib5:   domain            0\npcib5:   secondary bus     7\npcib5:   subordinate bus   7\npcib5:   I/O decode        0x2000-0x1fff\npcib5:   no prefetched decode\npci5: \u003cOFW PCI bus\u003e on pcib5\npci5: domain=0, physical bus=7\npcib6: \u003cOFW PCIe-PCIe bridge\u003e at device 9.0 on pci1\npcib6:   domain            0\npcib6:   secondary bus     8\npcib6:   subordinate bus   10\npcib6:   I/O decode        0x2000-0x2fff\npcib6:   memory decode     0x4000000-0x4bfffff\npcib6:   no prefetched decode\npci6: \u003cOFW PCI bus\u003e on pcib6\npci6: domain=0, physical bus=8\nfound-\u003e vendor=0x1166, dev=0x0103, revid=0xb5\n        domain=0, bus=8, slot=0, func=0\n        class=06-04-00, hdrtype=0x01, mfdev=0\n        cmdreg=0x0007, statreg=0x0010, cachelnsz=16 (dwords)\n        lattimer=0x00 (0 ns), mingnt=0x23 (8750 ns), maxlat=0x00 (0 ns)\n        powerspec 2  supports D0 D3  current D0\npcib7: \u003cOFW PCIe-PCIe bridge\u003e at device 0.0 on pci6\npcib7:   domain            0\npcib7:   secondary bus     9\npcib7:   subordinate bus   10\npcib7:   I/O decode        0x2000-0x2fff\npcib7:   memory decode     0x4000000-0x4bfffff\npcib7:   no prefetched decode\npci7: \u003cOFW PCI bus\u003e on pcib7\npci7: domain=0, physical bus=9\nfound-\u003e vendor=0x14e4, dev=0x1668, revid=0xa3\n        domain=0, bus=9, slot=4, func=0\n        class=02-00-00, hdrtype=0x00, mfdev=1\n        cmdreg=0x0002, statreg=0x02b0, cachelnsz=16 (dwords)\n        lattimer=0xf8 (7440 ns), mingnt=0x40 (16000 ns), maxlat=0x00 (0 ns)\n        intpin=a, irq=255\n        powerspec 2  supports D0 D3  current D0\n        MSI supports 8 messages, 64 bit\n        map[10]: type Memory, range 64, base 0x4200000, size 16, enabled\npcib7: requested memory range 0x4200000-0x420ffff: good\npcib6: requested memory range 0x4200000-0x420ffff: good\npcib1: requested memory range 0x4200000-0x420ffff: good\n        map[18]: type Memory, range 64, base 0x4010000, size 16, enabled\npcib7: requested memory range 0x4010000-0x401ffff: good\npcib6: requested memory range 0x4010000-0x401ffff: good\npcib1: requested memory range 0x4010000-0x401ffff: good\nfound-\u003e vendor=0x14e4, dev=0x1668, revid=0xa3\n        domain=0, bus=9, slot=4, func=1\n        class=02-00-00, hdrtype=0x00, mfdev=1\n        cmdreg=0x0000, statreg=0x02b0, cachelnsz=16 (dwords)\n        lattimer=0xf8 (7440 ns), mingnt=0x40 (16000 ns), maxlat=0x00 (0 ns)\n        intpin=b, irq=255\n        powerspec 2  supports D0 D3  current D0\n        MSI supports 8 messages, 64 bit\n        map[10]: type Memory, range 64, base 0x4400000, size 16, memory disabled\npcib7: requested memory range 0x4400000-0x440ffff: good\npcib6: requested memory range 0x4400000-0x440ffff: good\npcib1: requested memory range 0x4400000-0x440ffff: good\n        map[18]: type Memory, range 64, base 0x4030000, size 16, enabled\npcib7: requested memory range 0x4030000-0x403ffff: good\npcib6: requested memory range 0x4030000-0x403ffff: good\npcib1: requested memory range 0x4030000-0x403ffff: good\nfound-\u003e vendor=0x1166, dev=0x0104, revid=0xb4\n        domain=0, bus=9, slot=8, func=0\n        class=06-04-00, hdrtype=0x01, mfdev=0\n        cmdreg=0x0007, statreg=0x0230, cachelnsz=16 (dwords)\n        lattimer=0x40 (1920 ns), mingnt=0x23 (8750 ns), maxlat=0x00 (0 ns)\npcib8: \u003cOFW PCIe-PCI bridge\u003e at device 8.0 on pci7\npcib8:   domain            0\npcib8:   secondary bus     10\npcib8:   subordinate bus   10\npcib8:   I/O decode        0x2000-0x2fff\npcib8:   memory decode     0x4600000-0x4bfffff\npcib8:   no prefetched decode\npci8: \u003cOFW PCI bus\u003e on pcib8\npci8: domain=0, physical bus=10\nfound-\u003e vendor=0x1000, dev=0x0030, revid=0x08\n        domain=0, bus=10, slot=1, func=0\n        class=01-00-00, hdrtype=0x00, mfdev=0\n        cmdreg=0x0002, statreg=0x0230, cachelnsz=16 (dwords)\n        lattimer=0x80 (3840 ns), mingnt=0x10 (4000 ns), maxlat=0x06 (1500 ns)\n        intpin=a, irq=255\n        powerspec 2  supports D0 D1 D2 D3  current D0\n        MSI supports 1 message, 64 bit\n        map[10]: type I/O Port, range 32, base 0x2000, size  8, port disabled\npcib8: requested I/O range 0x2000-0x20ff: in range\npcib7: requested I/O range 0x2000-0x20ff: in range\npcib6: requested I/O range 0x2000-0x20ff: in range\n        map[14]: type Memory, range 64, base 0x4600000, size 17, enabled\npcib8: requested memory range 0x4600000-0x461ffff: good\npcib7: requested memory range 0x4600000-0x461ffff: good\npcib6: requested memory range 0x4600000-0x461ffff: good\npcib1: requested memory range 0x4600000-0x461ffff: good\n        map[1c]: type Memory, range 64, base 0x4620000, size 17, enabled\npcib8: requested memory range 0x4620000-0x463ffff: good\npcib7: requested memory range 0x4620000-0x463ffff: good\npcib6: requested memory range 0x4620000-0x463ffff: good\npcib1: requested memory range 0x4620000-0x463ffff: good\npcib9: \u003cOFW PCIe-PCIe bridge\u003e at device 10.0 on pci1\npcib9:   domain            0\npcib9:   secondary bus     11\npcib9:   subordinate bus   13\npcib9:   I/O decode        0x3000-0x3fff\npcib9:   memory decode     0x4c00000-0x55fffff\npcib9:   no prefetched decode\npci9: \u003cOFW PCI bus\u003e on pcib9\npci9: domain=0, physical bus=11\nfound-\u003e vendor=0x1166, dev=0x0103, revid=0xb5\n        domain=0, bus=11, slot=0, func=0\n        class=06-04-00, hdrtype=0x01, mfdev=0\n        cmdreg=0x0007, statreg=0x0010, cachelnsz=16 (dwords)\n        lattimer=0x00 (0 ns), mingnt=0x23 (8750 ns), maxlat=0x00 (0 ns)\n        powerspec 2  supports D0 D3  current D0\npcib10: \u003cOFW PCIe-PCIe bridge\u003e at device 0.0 on pci9\npcib10:   domain            0\npcib10:   secondary bus     12\npcib10:   subordinate bus   13\npcib10:   I/O decode        0x3000-0x3fff\npcib10:   memory decode     0x4c00000-0x55fffff\npcib10:   no prefetched decode\npci10: \u003cOFW PCI bus\u003e on pcib10\npci10: domain=0, physical bus=12\nfound-\u003e vendor=0x14e4, dev=0x1668, revid=0xa3\n        domain=0, bus=12, slot=4, func=0\n        class=02-00-00, hdrtype=0x00, mfdev=1\n        cmdreg=0x0002, statreg=0x02b0, cachelnsz=16 (dwords)\n        lattimer=0xf8 (7440 ns), mingnt=0x40 (16000 ns), maxlat=0x00 (0 ns)\n        intpin=a, irq=255\n        powerspec 2  supports D0 D3  current D0\n        MSI supports 8 messages, 64 bit\n        map[10]: type Memory, range 64, base 0x4e00000, size 16, enabled\npcib10: requested memory range 0x4e00000-0x4e0ffff: good\npcib9: requested memory range 0x4e00000-0x4e0ffff: good\npcib1: requested memory range 0x4e00000-0x4e0ffff: good\n        map[18]: type Memory, range 64, base 0x4c10000, size 16, enabled\npcib10: requested memory range 0x4c10000-0x4c1ffff: good\npcib9: requested memory range 0x4c10000-0x4c1ffff: good\npcib1: requested memory range 0x4c10000-0x4c1ffff: good\nfound-\u003e vendor=0x14e4, dev=0x1668, revid=0xa3\n        domain=0, bus=12, slot=4, func=1\n        class=02-00-00, hdrtype=0x00, mfdev=1\n        cmdreg=0x0000, statreg=0x02b0, cachelnsz=16 (dwords)\n        lattimer=0xf8 (7440 ns), mingnt=0x40 (16000 ns), maxlat=0x00 (0 ns)\n        intpin=b, irq=255\n        powerspec 2  supports D0 D3  current D0\n        MSI supports 8 messages, 64 bit\n        map[10]: type Memory, range 64, base 0x5000000, size 16, memory disabled\npcib10: requested memory range 0x5000000-0x500ffff: good\npcib9: requested memory range 0x5000000-0x500ffff: good\npcib1: requested memory range 0x5000000-0x500ffff: good\n        map[18]: type Memory, range 64, base 0x4c30000, size 16, enabled\npcib10: requested memory range 0x4c30000-0x4c3ffff: good\npcib9: requested memory range 0x4c30000-0x4c3ffff: good\npcib1: requested memory range 0x4c30000-0x4c3ffff: good\nfound-\u003e vendor=0x1166, dev=0x0104, revid=0xb4\n        domain=0, bus=12, slot=8, func=0\n        class=06-04-00, hdrtype=0x01, mfdev=0\n        cmdreg=0x0007, statreg=0x0230, cachelnsz=16 (dwords)\n        lattimer=0x40 (1920 ns), mingnt=0x23 (8750 ns), maxlat=0x00 (0 ns)\npcib11: \u003cOFW PCIe-PCI bridge\u003e at device 8.0 on pci10\npcib11:   domain            0\npcib11:   secondary bus     13\npcib11:   subordinate bus   13\npcib11:   I/O decode        0x3000-0x3fff\npcib11:   memory decode     0x5200000-0x55fffff\npcib11:   no prefetched decode\npci11: \u003cOFW PCI bus\u003e on pcib11\npci11: domain=0, physical bus=13\nfound-\u003e vendor=0x1000, dev=0x0050, revid=0x02\n        domain=0, bus=13, slot=1, func=0\n        class=01-00-00, hdrtype=0x00, mfdev=0\n        cmdreg=0x0016, statreg=0x0210, cachelnsz=16 (dwords)\n        lattimer=0xf8 (7440 ns), mingnt=0x40 (16000 ns), maxlat=0x0a (2500 ns)\n        intpin=a, irq=255\n        powerspec 2  supports D0 D1 D2 D3  current D0\n        MSI supports 1 message, 64 bit\n        map[10]: type I/O Port, range 32, base 0x3000, size  8, port disabled\npcib11: requested I/O range 0x3000-0x30ff: in range\npcib10: requested I/O range 0x3000-0x30ff: in range\npcib9: requested I/O range 0x3000-0x30ff: in range\n        map[14]: type Memory, range 64, base 0x5200000, size 14, enabled\npcib11: requested memory range 0x5200000-0x5203fff: good\npcib10: requested memory range 0x5200000-0x5203fff: good\npcib9: requested memory range 0x5200000-0x5203fff: good\npcib1: requested memory range 0x5200000-0x5203fff: good\n        map[1c]: type Memory, range 64, base 0x5210000, size 16, enabled\npcib11: requested memory range 0x5210000-0x521ffff: good\npcib10: requested memory range 0x5210000-0x521ffff: good\npcib9: requested memory range 0x5210000-0x521ffff: good\npcib1: requested memory range 0x5210000-0x521ffff: good\npcib12: \u003cSun Host-PCIe bridge\u003e mem 0x4000ff00000-0x4000ffeffff,0x4000fc10000-0x4000fc73fff irq 2047,2046 on nexus0\npcib12: Fire, module-revision 3, IGN 0x1f\npcib12: DVMA map: 0xc0000000 to 0xffffffff 131072 entries\npcib12: PROM IOTSB size: 0 (1024 entries)\npcib12: bus range 2 to 255; PCI bus 2\npci12: \u003cOFW PCI bus\u003e on pcib12\npci12: domain=12, physical bus=2\nebus0: \u003cJBus-EBus bridge\u003e mem 0x4000fc64000-0x4000fc6401f on nexus0\nnexus0: \u003cmemory-controller\u003e mem 0x40000000000-0x40000000007 type memory-controller (no driver attached)\nnexus0: \u003cmemory-controller\u003e mem 0x40000800000-0x40000800007 type memory-controller (no driver attached)\nohci0: \u003cAcerLabs M5237 (Aladdin-V) USB controller\u003e mem 0x1000000-0x1000fff at device 28.0 on pci3\nusbus0: \u003cAcerLabs M5237 (Aladdin-V) USB controller\u003e on ohci0\nohci1: \u003cAcerLabs M5237 (Aladdin-V) USB controller\u003e mem 0x2000000-0x2000fff at device 28.1 on pci3\nusbus1: \u003cAcerLabs M5237 (Aladdin-V) USB controller\u003e on ohci1\nehci0: \u003cALi M5239 USB 2.0 controller\u003e mem 0x200000-0x2000ff at device 28.3 on pci3\nusbus2: EHCI version 1.0\nusbus2: \u003cALi M5239 USB 2.0 controller\u003e on ehci0\nisab0: \u003cPCI-ISA bridge\u003e at device 30.0 on pci3\nisa0: \u003cISA bus\u003e on isab0\npci3: \u003cmass storage, ATA\u003e at device 31.0 (no driver attached)\nbge0: \u003cBroadcom BCM5715 A3, ASIC rev. 0x009003\u003e mem 0x4200000-0x420ffff,0x4010000-0x401ffff at device 4.0 on pci7\nbge0: attempting to allocate 1 MSI vectors (8 supported)\nbge0: using IRQ 0 for MSI\nbge0: CHIP ID 0x00009003; ASIC REV 0x09; CHIP REV 0x90; PCI-X\nmiibus0: \u003cMII bus\u003e on bge0\nbrgphy0: \u003cBCM5714 10/100/1000baseTX PHY\u003e PHY 1 on miibus0\nbrgphy0: OUI 0x000818, model 0x0034, rev. 0\nbrgphy0:  10baseT, 10baseT-FDX, 100baseTX, 100baseTX-FDX, 1000baseT, 1000baseT-FDX, auto\nbge0: bpf attached\nbge0: Ethernet address: 00:14:4f:a2:ef:2c\nbge1: \u003cBroadcom BCM5715 A3, ASIC rev. 0x009003\u003e mem 0x4400000-0x440ffff,0x4030000-0x403ffff at device 4.1 on pci7\nbge1: attempting to allocate 1 MSI vectors (8 supported)\nbge1: using IRQ 1 for MSI\nbge1: CHIP ID 0x00009003; ASIC REV 0x09; CHIP REV 0x90; PCI-X\nmiibus1: \u003cMII bus\u003e on bge1\nbrgphy1: \u003cBCM5714 10/100/1000baseTX PHY\u003e PHY 1 on miibus1\nbrgphy1: OUI 0x000818, model 0x0034, rev. 0\nbrgphy1:  10baseT, 10baseT-FDX, 100baseTX, 100baseTX-FDX, 1000baseT, 1000baseT-FDX, auto\nbge1: bpf attached\nbge1: Ethernet address: 00:14:4f:a2:ef:2d\nmpt0: \u003cLSILogic 1030 Ultra4 Adapter\u003e port 0x2000-0x20ff mem 0x4600000-0x461ffff,0x4620000-0x463ffff at device 1.0 on pci8\nmpt0: MPI Version=1.2.14.0\nmpt0: chain depth limited to 48 (from 2550)\nmpt0: Maximum Segment Count: 336, Maximum CAM Segment Count: 17\nmpt0: MsgLength=15 IOCNumber = 0\nmpt0: IOCFACTS: GlobalCredits=255 BlockSize=8 bytes Request Frame Size 96 bytes Max Chain Depth 48\nmpt0: IOCFACTS: Num Ports 1, FWImageSize 40752, Flags=0\nmpt0: No Handlers For Any Event Notify Frames. Event 0xa (ACK not required).\nmpt0: No Handlers For Any Event Notify Frames. Event 0xa (ACK not required).\nbge2: \u003cBroadcom BCM5715 A3, ASIC rev. 0x009003\u003e mem 0x4e00000-0x4e0ffff,0x4c10000-0x4c1ffff at device 4.0 on pci10\nbge2: attempting to allocate 1 MSI vectors (8 supported)\nbge2: using IRQ 2 for MSI\nbge2: CHIP ID 0x00009003; ASIC REV 0x09; CHIP REV 0x90; PCI-X\nmiibus2: \u003cMII bus\u003e on bge2\nbrgphy2: \u003cBCM5714 10/100/1000baseTX PHY\u003e PHY 1 on miibus2\nbrgphy2: OUI 0x000818, model 0x0034, rev. 0\nbrgphy2:  10baseT, 10baseT-FDX, 100baseTX, 100baseTX-FDX, 1000baseT, 1000baseT-FDX, auto\nbge2: bpf attached\nbge2: Ethernet address: 00:14:4f:a2:ef:2e\nbge3: \u003cBroadcom BCM5715 A3, ASIC rev. 0x009003\u003e mem 0x5000000-0x500ffff,0x4c30000-0x4c3ffff at device 4.1 on pci10\nbge3: attempting to allocate 1 MSI vectors (8 supported)\nbge3: using IRQ 3 for MSI\nbge3: CHIP ID 0x00009003; ASIC REV 0x09; CHIP REV 0x90; PCI-X\nmiibus3: \u003cMII bus\u003e on bge3\nbrgphy3: \u003cBCM5714 10/100/1000baseTX PHY\u003e PHY 1 on miibus3\nbrgphy3: OUI 0x000818, model 0x0034, rev. 0\nbrgphy3:  10baseT, 10baseT-FDX, 100baseTX, 100baseTX-FDX, 1000baseT, 1000baseT-FDX, auto\nbge3: bpf attached\nbge3: Ethernet address: 00:14:4f:a2:ef:2f\nmpt1: \u003cLSILogic SAS/SATA Adapter\u003e port 0x3000-0x30ff mem 0x5200000-0x5203fff,0x5210000-0x521ffff at device 1.0 on pci11\nmpt1: MPI Version=1.5.12.0\nmpt1: chain depth limited to 96 (from 2040)\nmpt1: Maximum Segment Count: 864, Maximum CAM Segment Count: 17\nmpt1: MsgLength=20 IOCNumber = 0\nmpt1: IOCFACTS: GlobalCredits=511 BlockSize=8 bytes Request Frame Size 128 bytes Max Chain Depth 96\nmpt1: IOCFACTS: Num Ports 1, FWImageSize 0, Flags=0\nmpt1: No Handlers For Any Event Notify Frames. Event 0xa (ACK not required).\nmpt1: No Handlers For Any Event Notify Frames. Event 0x12 (ACK not required).\nmpt1: No Handlers For Any Event Notify Frames. Event 0x12 (ACK not required).\nmpt1: No Handlers For Any Event Notify Frames. Event 0xf (ACK required).\nmpt1: No Handlers For Any Event Notify Frames. Event 0xf (ACK required).\nmpt1: Capabilities: ( RAID-0 RAID-1E RAID-1 )\nmpt1: 0 Active Volumes (2 Max)\nmpt1: 0 Hidden Drive Members (10 Max)\nmpt1: No Handlers For Any Event Notify Frames. Event 0xa (ACK not required).\nebus0: \u003cflashprom\u003e addr 0-0x1fffff (no driver attached)\nuart0: \u003c16550 or compatible\u003e addr 0x200000080-0x200000087 irq 1992 on ebus0\nuart0: fast interrupt\nuart0: console (9600,n,8,1)\nuart1: \u003c16550 or compatible\u003e addr 0x200000040-0x200000047 irq 1993 on ebus0\nuart1: fast interrupt\nebus0: \u003crmc-comm\u003e addr 0x200000000-0x200000007 irq 1994 (no driver attached)\nebus0: \u003cgpio\u003e addr 0x2000000c0 (no driver attached)\nepic0: \u003cSun Fire V215/V245 LEDs\u003e addr 0x300000000-0x300000080 on ebus0\nepic0: version 0x5a\nebus0: \u003cpower\u003e addr 0x300000040-0x3000000c1 irq 1987 (no driver attached)\nnexus0: \u003ci2c\u003e mem 0x4000fd30000-0x4000fd3003f irq 1985 type i2c (no driver attached)\nsyscons0: no video adapter found.\nnexus0: \u003csyscons\u003e type unknown (no driver attached)\nrtc0: \u003cReal-Time Clock\u003e at port 0x70-0x73 on isa0\npcib3: rtc0 requested I/O range 0x70-0x73: in range\nrtc0: registered as a time-of-day clock (resolution 1000000us, adjustment 0.500000000s)\nct_to_ts([2010-10-11 16:54:11]) = 1286816051.000000000\nrtc0: current time: 1286816051.000000000\nZFS NOTICE: Prefetch is disabled by default if less than 4GB of RAM is present;\n            to enable, add \"vfs.zfs.prefetch_disable=0\" to /boot/loader.conf.\nZFS filesystem version 4\nZFS storage pool version 15\nTimecounter \"tick\" frequency 1504000000 Hz quality 10\nTimecounter \"stick\" frequency 20000000 Hz quality 10\nEvent timer \"tick\" frequency 1504000000 Hz quality 1000\nTimecounters tick every 1.000 msec\nvlan: initialized, using hash tables with chaining\nlo0: bpf attached\npflog0: bpf attached\nusbus0: 12Mbps Full Speed USB v1.0\nusbus1: 12Mbps Full Speed USB v1.0\nugen0.1: \u003cAcerLabs\u003e at usbus0\nuhub0: \u003cAcerLabs OHCI root HUB, class 9/0, rev 1.00/1.00, addr 1\u003e on usbus0\nugen1.1: \u003cAcerLabs\u003e at usbus1\nuhub1: \u003cAcerLabs OHCI root HUB, class 9/0, rev 1.00/1.00, addr 1\u003e on usbus1\nusbus2: 480Mbps High Speed USB v2.0\n(noperiph:mpt0:0:-1:-1): reset bus\nugen2.1: \u003cAcerLabs\u003e at usbus2\nuhub2: \u003cAcerLabs EHCI root HUB, class 9/0, rev 2.00/1.00, addr 1\u003e on usbus2\nuhub0: 3 ports with 3 removable, self powered\nuhub1: 3 ports with 3 removable, self powered\n(probe73:mpt1:1:9:0): Error 22, Unretryable error\n(probe64:mpt1:1:0:0): Error 22, Unretryable error\n(probe65:mpt1:1:1:0): Error 22, Unretryable error\n(probe66:mpt1:1:2:0): Error 22, Unretryable error\n(probe67:mpt1:1:3:0): Error 22, Unretryable error\n(probe68:mpt1:1:4:0): Error 22, Unretryable error\n(probe69:mpt1:1:5:0): Error 22, Unretryable error\n(probe70:mpt1:1:6:0): Error 22, Unretryable error\n(probe71:mpt1:1:7:0): Error 22, Unretryable error\n(probe72:mpt1:1:8:0): Error 22, Unretryable error\nuhub2: 8 ports with 8 removable, self powered\npass0 at mpt1 bus 0 scbus1 target 0 lun 0\npass0: \u003cFUJITSU MAY2073RCSUN72G 0501\u003e Fixed Direct Access SCSI-4 device \npass0: Serial Number 000733S0D6PK\npass0: 300.000MB/s transfers\npass0: Command Queueing enabled\npass1 at mpt1 bus 0 scbus1 target 1 lun 0\npass1: \u003cFUJITSU MAY2073RCSUN72G 0501\u003e Fixed Direct Access SCSI-4 device \npass1: Serial Number 000733S0D73S\npass1: 300.000MB/s transfers\npass1: Command Queueing enabled\nGEOM: new disk da0\nGEOM: new disk da1\nda0 at mpt1 bus 0 scbus1 target 0 lun 0\nda0: \u003cFUJITSU MAY2073RCSUN72G 0501\u003e Fixed Direct Access SCSI-4 device \nda0: Serial Number 000733S0D6PK\nda0: 300.000MB/s transfers\nda0: Command Queueing enabled\nda0: 70007MB (143374738 512 byte sectors: 255H 63S/T 8924C)\nda1 at mpt1 bus 0 scbus1 target 1 lun 0\nda1: \u003cFUJITSU MAY2073RCSUN72G 0501\u003e Fixed Direct Access SCSI-4 device \nda1: Serial Number 000733S0D73S\nda1: 300.000MB/s transfers\nda1: Command Queueing enabled\nda1: 70007MB (143374738 512 byte sectors: 255H 63S/T 8924C)\nSMP: AP CPU #1 Launched!\n\nOld kernel (12 Apr 2010) boot properly:\n[skipped]\nugen2.1: \u003cAcerLabs\u003e at usbus2\nuhub2: \u003cAcerLabs EHCI root HUB, class 9/0, rev 2.00/1.00, addr 1\u003e on usbus2\nuhub0: 3 ports with 3 removable, self powered\nuhub1: 3 ports with 3 removable, self powered\nuhub2: 8 ports with 8 removable, self powered\nSMP: AP CPU #1 Launched!\nda0 at mpt1 bus 0 scbus1 target 0 lun 0\nda0: \u003cFUJITSU MAY2073RCSUN72G 0501\u003e Fixed Direct Access SCSI-4 device\nda0: 300.000MB/s transfers\nda0: Command Queueing enabled\nda0: 70007MB (143374738 512 byte sectors: 255H 63S/T 8924C)\nda1 at mpt1 bus 0 scbus1 target 1 lun 0\nda1: \u003cFUJITSU MAY2073RCSUN72G 0501\u003e Fixed Direct Access SCSI-4 device\nda1: 300.000MB/s transfers\nda1: Command Queueing enabled\nda1: 70007MB (143374738 512 byte sectors: 255H 63S/T 8924C)\nGEOM_MIRROR: Device mirror/boot launched (2/2).\nGEOM: mirror/boot: invalid VTOC8 label.\nTrying to mount root from zfs:sunrise/root\n[normal boot output]\n\nI'm using UFS based /boot and ZFS for root file system.\n\nHow-To-Repeat: Update kernel and reboot"
}