{
 "id": 354662,
 "bug_id": 104489,
 "attachment_id": 0,
 "creation_time": "2006-10-17T13:10:20Z",
 "creator": "lolownia@gmail.com",
 "text": "\nUnread portion of the kernel message buffer:\nCopyright (c) 1992-2006 The FreeBSD Project.\nCopyright (c) 1979, 1980, 1983, 1986, 1988, 1989, 1991, 1992, 1993, 1994\n\tThe Regents of the University of California. All rights reserved.\nFreeBSD is a registered trademark of The FreeBSD Foundation.\nFreeBSD 6.2-PRERELEASE #0: Tue Oct 17 12:40:30 CEST 2006\n    root@carnivore:/home/src/sys/i386/compile/CRASH\nWARNING: WITNESS option enabled, expect reduced performance.\nWARNING: debug.mpsafenet forced to 0 as ipsec requires Giant\nWARNING: MPSAFE network stack disabled, expect reduced performance.\nTimecounter \"i8254\" frequency 1193182 Hz quality 0\nCPU: AMD Athlon(tm) 64 Processor 3700+ (2401.38-MHz 686-class CPU)\n  Origin = \"AuthenticAMD\"  Id = 0xf4a  Stepping = 10\n  Features=0x78bfbff\u003cFPU,VME,DE,PSE,TSC,MSR,PAE,MCE,CX8,APIC,SEP,MTRR,PGE,MCA,CMOV,PAT,PSE36,CLFLUSH,MMX,FXSR,SSE,SSE2\u003e\n  AMD Features=0xe0500800\u003cSYSCALL,NX,MMX+,LM,3DNow+,3DNow\u003e\nreal memory  = 536281088 (511 MB)\navail memory = 506388480 (482 MB)\nWITNESS: spin lock hptlock not in order list\nacpi0: \u003cPTLTD   RSDT\u003e on motherboard\nacpi0: Power Button (fixed)\nTimecounter \"ACPI-fast\" frequency 3579545 Hz quality 1000\nacpi_timer0: \u003c24-bit timer at 3.579545MHz\u003e port 0x4008-0x400b on acpi0\nacpi_ec0: \u003cEmbedded Controller: GPE 0xb\u003e port 0x62,0x66 on acpi0\ncpu0: \u003cACPI CPU\u003e on acpi0\npowernow0: \u003cPowerNow! K8\u003e on cpu0\npcib0: \u003cACPI Host-PCI bridge\u003e port 0xcf8-0xcff on acpi0\npci_link4: BIOS IRQ 11 for 0.17.INTC is invalid\npci_link6: BIOS IRQ 10 for 0.10.INTA is invalid\npci_link7: BIOS IRQ 10 does not match initial IRQ 11\npci_link4: BIOS IRQ 11 for 0.11.INTB is invalid\npci_link5: BIOS IRQ 11 for 0.11.INTC is invalid\npci0: \u003cACPI PCI bus\u003e on pcib0\npcib0: no PRT entry for 0.12.INTA\nagp0: \u003cVIA 8380 host to PCI bridge\u003e mem 0xd0000000-0xdfffffff at device 0.0 on pci0\npcib1: \u003cACPI PCI-PCI bridge\u003e at device 1.0 on pci0\npci1: \u003cACPI PCI bus\u003e on pcib1\nnvidia0: \u003cGeForce FX Go5700\u003e mem 0xc1000000-0xc1ffffff,0xe0000000-0xefffffff irq 9 at device 0.0 on pci1\nWITNESS: spin lock ctl.mtx_rm not in order list\nnvidia0: [GIANT-LOCKED]\nWITNESS: spin lock dev.mtx_rm not in order list\nndis0: \u003cINPROCOMM IPN2220 Wireless LAN Card\u003e port 0x1c00-0x1c1f mem 0xc0006000-0xc000601f,0xc0005000-0xc00057ff irq 11 at device 10.0 on pci0\nndis0: [GIANT-LOCKED]\nndis0: NDIS API version: 5.1\nndis0: Ethernet address: 00:0e:9b:99:ee:a8\ncbb0: \u003cPCI-CardBus Bridge\u003e irq 10 at device 11.0 on pci0\ncardbus0: \u003cCardBus bus\u003e on cbb0\npccard0: \u003c16-bit PCCard bus\u003e on cbb0\ncbb1: \u003cPCI-CardBus Bridge\u003e irq 9 at device 11.1 on pci0\ncardbus1: \u003cCardBus bus\u003e on cbb1\npccard1: \u003c16-bit PCCard bus\u003e on cbb1\nfwohci0: \u003c1394 Open Host Controller Interface\u003e mem 0xc0005800-0xc0005fff,0xc0000000-0xc0003fff irq 10 at device 11.2 on pci0\nfwohci0: [GIANT-LOCKED]\nfwohci0: OHCI version 1.10 (ROM=0)\nfwohci0: No. of Isochronous channels is 4.\nfwohci0: EUI64 00:0a:e4:05:10:10:5b:ee\nfwohci0: Phy 1394a available S400, 2 ports.\nfwohci0: Link S400, max_rec 2048 bytes.\nfirewire0: \u003cIEEE1394(FireWire) bus\u003e on fwohci0\nfwe0: \u003cEthernet over FireWire\u003e on firewire0\nif_fwe0: Fake Ethernet address: 02:0a:e4:10:5b:ee\nfwe0: Ethernet address: 02:0a:e4:10:5b:ee\nsbp0: \u003cSBP-2/SCSI over FireWire\u003e on firewire0\nfwohci0: Initiate bus reset\nfwohci0: node_id=0xc800ffc0, gen=1, CYCLEMASTER mode\nfirewire0: 1 nodes, maxhop \u003c= 0, cable IRM = 0 (me)\nfirewire0: bus manager 0 (me)\nre0: \u003cRealTek 8169SB/8110SB Single-chip Gigabit Ethernet\u003e port 0x1000-0x10ff mem 0xc0006400-0xc00064ff irq 11 at device 12.0 on pci0\nmiibus0: \u003cMII bus\u003e on re0\nrgephy0: \u003cRTL8169S/8110S media interface\u003e on miibus0\nrgephy0:  10baseT, 10baseT-FDX, 100baseTX, 100baseTX-FDX, 1000baseTX, 1000baseTX-FDX, auto\nre0: Ethernet address: 00:0a:e4:a7:d3:4a\nre0: [FAST]\nuhci0: \u003cVIA 83C572 USB controller\u003e port 0x1c20-0x1c3f at device 16.0 on pci0\nuhci0: [GIANT-LOCKED]\nusb0: \u003cVIA 83C572 USB controller\u003e on uhci0\nusb0: USB revision 1.0\nuhub0: VIA UHCI root hub, class 9/0, rev 1.00/1.00, addr 1\nuhub0: 2 ports with 2 removable, self powered\nuhci1: \u003cVIA 83C572 USB controller\u003e port 0x1c40-0x1c5f at device 16.1 on pci0\nuhci1: [GIANT-LOCKED]\nusb1: \u003cVIA 83C572 USB controller\u003e on uhci1\nusb1: USB revision 1.0\nuhub1: VIA UHCI root hub, class 9/0, rev 1.00/1.00, addr 1\nuhub1: 2 ports with 2 removable, self powered\nuhci2: \u003cVIA 83C572 USB controller\u003e port 0x1c60-0x1c7f at device 16.2 on pci0\nuhci2: [GIANT-LOCKED]\nusb2: \u003cVIA 83C572 USB controller\u003e on uhci2\nusb2: USB revision 1.0\nuhub2: VIA UHCI root hub, class 9/0, rev 1.00/1.00, addr 1\nuhub2: 2 ports with 2 removable, self powered\nehci0: \u003cVIA VT6202 USB 2.0 controller\u003e mem 0xc0006800-0xc00068ff at device 16.3 on pci0\nehci0: [GIANT-LOCKED]\nusb3: EHCI version 1.0\nusb3: companion controllers, 2 ports each: usb0 usb1 usb2\nusb3: \u003cVIA VT6202 USB 2.0 controller\u003e on ehci0\nusb3: USB revision 2.0\nuhub3: VIA EHCI root hub, class 9/0, rev 2.00/1.00, addr 1\nuhub3: 6 ports with 6 removable, self powered\nisab0: \u003cPCI-ISA bridge\u003e at device 17.0 on pci0\nisa0: \u003cISA bus\u003e on isab0\natapci0: \u003cVIA 8235 UDMA133 controller\u003e port 0x1f0-0x1f7,0x3f6,0x170-0x177,0x376,0x1c80-0x1c8f at device 17.1 on pci0\nata0: \u003cATA channel 0\u003e on atapci0\nata1: \u003cATA channel 1\u003e on atapci0\npci0: \u003cmultimedia, audio\u003e at device 17.5 (no driver attached)\npci0: \u003csimple comms\u003e at device 17.6 (no driver attached)\nacpi_acad0: \u003cAC Adapter\u003e on acpi0\nbattery0: \u003cACPI Control Method Battery\u003e on acpi0\nacpi_lid0: \u003cControl Method Lid Switch\u003e on acpi0\nacpi_button0: \u003cSleep Button\u003e on acpi0\nacpi_tz0: \u003cThermal Zone\u003e on acpi0\nacpi_tz1: \u003cThermal Zone\u003e on acpi0\natkbdc0: \u003cKeyboard controller (i8042)\u003e port 0x60,0x64 irq 1 on acpi0\natkbd0: \u003cAT Keyboard\u003e irq 1 on atkbdc0\nkbd0 at atkbd0\natkbd0: [GIANT-LOCKED]\npsm0: \u003cPS/2 Mouse\u003e irq 12 on atkbdc0\npsm0: [GIANT-LOCKED]\npsm0: model Synaptics Touchpad, device ID 0\nppc0: \u003cECP parallel printer port\u003e port 0x378-0x37f,0x778-0x77f irq 7 drq 3 on acpi0\nppc0: Generic chipset (ECP/PS2/NIBBLE) in COMPATIBLE mode\nppc0: FIFO with 16/16/8 bytes threshold\nppbus0: \u003cParallel port bus\u003e on ppc0\nplip0: \u003cPLIP network interface\u003e on ppbus0\nlpt0: \u003cPrinter\u003e on ppbus0\nlpt0: Interrupt-driven port\nppi0: \u003cParallel I/O\u003e on ppbus0\nsio0 port 0x2f8-0x2ff irq 3 drq 1 flags 0x10 on acpi0\nsio0: type 16550A\npmtimer0 on isa0\norm0: \u003cISA Option ROMs\u003e at iomem 0xc0000-0xcffff,0xd8000-0xdbfff,0xdc000-0xdffff on isa0\nsc0: \u003cSystem console\u003e at flags 0x100 on isa0\nsc0: VGA \u003c16 virtual consoles, flags=0x300\u003e\nvga0: \u003cGeneric ISA VGA\u003e at port 0x3c0-0x3df iomem 0xa0000-0xbffff on isa0\nTimecounter \"TSC\" frequency 2401379397 Hz quality 800\nTimecounters tick every 1.000 msec\nIPsec: Initialized Security Association Processing.\nad0: 95396MB \u003cSeagate ST9100822A 3.01\u003e at ata0-master UDMA100\nacd0: DVDR \u003cTSSTcorpCD/DVDW TS-L532A/TI50\u003e at ata1-master UDMA33\ncd0 at ata1 bus 0 target 0 lun 0\ncd0: \u003cTSSTcorp CD/DVDW TS-L532A TI50\u003e Removable CD-ROM SCSI-0 device \ncd0: 33.000MB/s transfers\ncd0: Attempt to query device size failed: NOT READY, Medium not present\nTrying to mount root from ufs:/dev/ad0s1a\n\u003c118\u003eLoading configuration files.\n\u003c118\u003ekernel dumps on /dev/ad0s1b\n\u003c118\u003eEntropy harvesting:\n\u003c118\u003e interrupts\n\u003c118\u003e ethernet\n\u003c118\u003e point_to_point\n\u003c118\u003e kickstart\n\u003c118\u003e.\n\u003c118\u003eswapon: adding /dev/ad0s1b as swap device\n\u003c118\u003eStarting powerd.\n\u003c118\u003epowerd: \n\u003c118\u003ecannot open pid file\n\u003c118\u003e: \n\u003c118\u003eRead-only file system\n\u003c118\u003eStarting file system checks:\n\u003c118\u003e/dev/ad0s1a: FILE SYSTEM CLEAN; SKIPPING CHECKS\n\u003c118\u003e/dev/ad0s1a: clean, 85086 free (16558 frags, 8566 blocks, 3.3% fragmentation)\n\u003c118\u003e/dev/ad0s1e: FILE SYSTEM CLEAN; SKIPPING CHECKS\n\u003c118\u003e/dev/ad0s1e: clean, 820045 free (162205 frags, 82230 blocks, 3.6% fragmentation)\n\u003c118\u003e/dev/ad0s1d: FILE SYSTEM CLEAN; SKIPPING CHECKS\n\u003c118\u003e/dev/ad0s1d: clean, 807986 free (65442 frags, 92818 blocks, 1.4% fragmentation)\n\u003c118\u003e/dev/ad0s2e: FILE SYSTEM CLEAN; SKIPPING CHECKS\n\u003c118\u003e/dev/ad0s2e: clean, 2512288 free (3664 frags, 313578 blocks, 0.0% fragmentation)\n\u003c118\u003e/dev/ad0s2a: FILE SYSTEM CLEAN; SKIPPING CHECKS\n\u003c118\u003e/dev/ad0s2a: clean, 355511 free (2383 frags, 44141 blocks, 0.5% fragmentation)\n\u003c118\u003e/dev/ad0s2b: FILE SYSTEM CLEAN; SKIPPING CHECKS\n\u003c118\u003e/dev/ad0s2b: clean, 3413627 free (2283 frags, 426418 blocks, 0.0% fragmentation)\n\u003c118\u003e/dev/ad0s2d: FILE SYSTEM CLEAN; SKIPPING CHECKS\n\u003c118\u003e/dev/ad0s2d: clean, 292818 free (114 frags, 36588 blocks, 0.0% fragmentation)\n\u003c118\u003eMounting local file systems:\n\u003c118\u003e.\n\u003c118\u003eSetting hostname: carnivore.\n\u003c118\u003ehw.syscons.bell: \n\u003c118\u003e1\n\u003c118\u003e -\u003e \n\u003c118\u003e0\n\u003c118\u003e\n\u003c118\u003enet.inet6.ip6.v6only: \n\u003c118\u003e1\n\u003c118\u003e -\u003e \n\u003c118\u003e0\n\u003c118\u003e\n\u003c118\u003ehw.psm.synaptics.low_speed_threshold: \n\u003c118\u003e20\n\u003c118\u003e -\u003e \n\u003c118\u003e10\n\u003c118\u003e\n\u003c118\u003evfs.usermount: \n\u003c118\u003e0\n\u003c118\u003e -\u003e \n\u003c118\u003e1\n\u003c118\u003e\n\u003c118\u003ehw.psm.tap_timeout: \n\u003c118\u003e125000\n\u003c118\u003e -\u003e \n\u003c118\u003e120000\n\u003c118\u003e\n\u003c118\u003ehw.acpi.thermal.polling_rate: \n\u003c118\u003e10\n\u003c118\u003e -\u003e \n\u003c118\u003e2\n\u003c118\u003e\n\u003c118\u003ere0: no link ...\n\u003c118\u003e.\n\u003c118\u003e got link\n\u003c118\u003eDHCPREQUEST on re0 to 255.255.255.255 port 67\n\u003c118\u003e\npanic: mutex Giant not owned at ../../../net/bpf.c:1432\nKDB: enter: panic\nDumping 511 MB (2 chunks)\n  chunk 0: 1MB (159 pages) ... ok\n  chunk 1: 511MB (130672 pages) 495 479 463 447 431 415 399 383 367 351 335 319 303 287 271 255 239 223 207 191 175 159 143 127 111 95 79 63 47 31 15\n\n#0  doadump () at pcpu.h:165\n165\tpcpu.h: No such file or directory.\n\tin pcpu.h\n(kgdb) bt\n#0  doadump () at pcpu.h:165\n#1  0xc04a9bd9 in db_fncall (dummy1=0, dummy2=0, dummy3=1999, dummy4=0xd49d7964 \"`j§\u0026#340;\")\n    at ../../../ddb/db_command.c:492\n#2  0xc04a9952 in db_command (last_cmdp=0xc0a76164, cmd_table=0x0, aux_cmd_tablep=0xc09eba20, \n    aux_cmd_tablep_end=0xc09eba3c) at ../../../ddb/db_command.c:350\n#3  0xc04a9a5a in db_command_loop () at ../../../ddb/db_command.c:458\n#4  0xc04abbba in db_trap (type=3, code=0) at ../../../ddb/db_main.c:222\n#5  0xc07153f7 in kdb_trap (type=0, code=0, tf=0xd49d7ab0) at ../../../kern/subr_kdb.c:473\n#6  0xc093e3da in trap (frame=\n      {tf_fs = 8, tf_es = 40, tf_ds = 40, tf_edi = 1, tf_esi = -1063553714, tf_ebp = -727876872, tf_isp = -727876900, tf_ebx = -727876816, tf_edx = 1, tf_ecx = -1048489984, tf_eax = 18, tf_trapno = 3, tf_err = 0, tf_eip = -1066315520, tf_cs = 32, tf_eflags = 524934, tf_esp = -1063540168, tf_ss = -1063550787}) at ../../../i386/i386/trap.c:594\n#7  0xc092a09a in calltrap () at ../../../i386/i386/exception.s:139\n#8  0xc0715100 in kdb_enter (msg=0x12 \u003cAddress 0x12 out of bounds\u003e) at cpufunc.h:60\n#9  0xc06f5e9c in panic (fmt=0xc09b754e \"mutex %s not owned at %s:%d\")\n    at ../../../kern/kern_shutdown.c:549\n#10 0xc06ebc77 in _mtx_assert (m=0xc0a9c980, what=-1048489984, \n    file=0xc09c2ea4 \"../../../net/bpf.c\", line=1432) at ../../../kern/kern_mutex.c:768\n#11 0xc077579f in catchpacket (d=0xc3e56800, pkt=0x12 \u003cAddress 0x12 out of bounds\u003e, \n    pktlen=343, snaplen=4294967295, cpfn=0xc07753b0 \u003cbpf_mcopy\u003e, tv=0x12)\n    at ../../../net/bpf.c:1432\n#12 0xc0775516 in bpf_mtap (bp=0xc3ce1ac0, m=0xc3de1900) at ../../../net/bpf.c:1343\n#13 0xc077c982 in ether_input (ifp=0xc3bdc000, m=0xc3de1900)\n    at ../../../net/if_ethersubr.c:574\n#14 0xc0626a22 in re_rxeof (sc=0xc3b84000) at ../../../dev/re/if_re.c:1732\n#15 0xc0626e35 in re_int_task (arg=0xc3b84000, npending=1) at ../../../dev/re/if_re.c:1962\n#16 0xc071def4 in taskqueue_run (queue=0xc3a57580) at ../../../kern/subr_taskqueue.c:257\n#17 0xc071e6f3 in taskqueue_fast_run (dummy=0x0) at ../../../kern/subr_taskqueue.c:435\n---Type \u003creturn\u003e to continue, or q \u003creturn\u003e to quit---\n#18 0xc06dc97b in ithread_execute_handlers (p=0xc3a5f430, ie=0xc3a57500)\n    at ../../../kern/kern_intr.c:682\n#19 0xc06dcb33 in ithread_loop (arg=0xc3b29270) at ../../../kern/kern_intr.c:765\n#20 0xc06db384 in fork_exit (callout=0xc06dca60 \u003cithread_loop\u003e, arg=0x12, frame=0x12)\n    at ../../../kern/kern_fork.c:821\n#21 0xc092a0fc in fork_trampoline () at ../../../i386/i386/exception.s:208\n(kgdb) ps\n  pid    proc   uid  ppid  pgrp   flag stat comm         wchan\n  408 c3e54c90    0   407    49  000002  1  dhclient     select c0ae8224\n  407 c3e54218   65   398    49  004102  1  dhclient     nanslp c0a9d26c\n  398 c3e54000    0   217    49  004002  1  sh           wait c3e54000\n  217 c3bd8648    0    49    49  000002  1  sh           wait c3bd8648\n  183 c3e54648    0     1   183  000000  1  adjkerntz    pause c3e5467c\n   92 c3d16430    0     1    92  000000  1  powerd       nanslp c0a9d26c\n   49 c3bd8860    0     1    49  004002  1  sh           wait c3bd8860\n   48 c3bd8a78    0     0     0  000204  1  softdepflush   sdflush c0afedf4\n   47 c3bd8c90    0     0     0  000204  1  vnlru        vlruwt c3bd8c90\n   46 c3d15000    0     0     0  000204  1  syncer       syncer c0a9cfdc\n   45 c3d15218    0     0     0  000204  1  bufdaemon    psleep c0ae878c\n   44 c3d15430    0     0     0  00020c  1  pagezero     pgzero c0affd64\n   43 c3d15648    0     0     0  000204  1  vmdaemon     psleep c0aff8b4\n   42 c3d15860    0     0     0  000204  1  pagedaemon   psleep c0aff870\n   41 c3d15a78    0     0     0  000204  1  swi0: sio    \n   40 c3d15c90    0     0     0  000204  1  irq7: ppc0   \n   39 c3d16000    0     0     0  000204  1  irq12: psm0   \n   38 c3b4cc90    0     0     0  000204  1  irq1: atkbd0   \n   37 c3bd7000    0     0     0  000204  1  acpi_cooling0   cooling c3cf9cd4\n   36 c3bd7218    0     0     0  000204  1  acpi_thermal   tzpoll c1182e18\n   35 c3bd7430    0     0     0  000204  1  irq15: ata1   \n   34 c3bd7648    0     0     0  000204  1  irq14: ata0   \n   33 c3bd7860    0     0     0  000204  1  usb3         usbevt c3b83a10\n   32 c3bd7a78    0     0     0  000204  1  usb2         usbevt c3ced210\n   31 c3bd7c90    0     0     0  000204  1  usb1         usbevt c3cce210\n   30 c3bd8000    0     0     0  000204  1  usbtask      usbtsk c0a8cea4\n   29 c3bd8218    0     0     0  000204  1  usb0         usbevt c3ccf210\n   28 c3bd8430    0     0     0  000204  1  cbb1         cbb cv c3b823f0\n---Type \u003creturn\u003e to continue, or q \u003creturn\u003e to quit---\n   27 c3aa7648    0     0     0  000204  1  cbb0         cbb cv c3b863f0\n   26 c3aa7860    0     0     0  000204  1  irq10: cbb0 uhci1*   \n   25 c3aa7a78    0     0     0  000204  1  irq11: ndis0 re0+   \n   24 c3aa7c90    0     0     0  000204  1  irq9: nvidia0 cbb*   \n   23 c3b4c000    0     0     0  000204  1  swi6: Giant taskq   \n   22 c3b4c218    0     0     0  000204  1  swi6: task queue   \n    9 c3b4c430    0     0     0  000204  1  kqueue taskq   - c3b4b480\n    8 c3b4c648    0     0     0  000204  1  acpi_task_2   - c3b4b500\n    7 c3b4c860    0     0     0  000204  1  acpi_task_1   - c3b4b500\n    6 c3b4ca78    0     0     0  000204  1  acpi_task_0   - c3b4b500\n   21 c3a5f218    0     0     0  000204  1  swi2: cambio   \n   20 c3a5f430    0     0     0  000204  1  swi5: +      \n    5 c3a5f648    0     0     0  000204  1  thread taskq   - c3a57600\n   19 c3a5f860    0     0     0  000204  1  Windows Workitem 3   KeWFS d5be2c7c\n   18 c3a5fa78    0     0     0  000204  1  Windows Workitem 2   KeWFS d5bd9c7c\n   17 c3a5fc90    0     0     0  000204  1  Windows Workitem 1   KeWFS d5bd0c7c\n   16 c3aa7000    0     0     0  000204  1  Windows Workitem 0   KeWFS d5bc7c7c\n   15 c3aa7218    0     0     0  000204  1  Windows DPC 0   KeWFS d5bbec78\n   14 c3aa7430    0     0     0  000204  1  yarrow       - c0a8abc0\n    4 c3a58000    0     0     0  000204  1  g_down       - c0a8d6e8\n    3 c3a58218    0     0     0  000204  1  g_up         - c0a8d6e4\n    2 c3a58430    0     0     0  000204  1  g_event      - c0a8d6dc\n   13 c3a58648    0     0     0  000204  1  swi3: vm     \n   12 c3a58860    0     0     0  00020c  1  swi4: clock sio   \n   11 c3a58a78    0     0     0  000204  1  swi1: net    \n   10 c3a58c90    0     0     0  00020c  1  idle         \n    1 c3a5f000    0     0     1  004200  1  init         wait c3a5f000\n    0 c0a8d7e0    0     0     0  000200  1  swapper      \n(kgdb) kldstat\nId Refs Address    Size     Name\n 1   23 0xc0400000 811390   kernel\n 2    3 0xc0c12000 1f074    linux.ko\n 3    1 0xc0c32000 40fc     powernow.ko\n 4    1 0xc0c37000 4a628c   nvidia.ko\n 5    1 0xc10de000 29790    i2220ntx_sys.ko\n 6    3 0xc1108000 1a81c    ndis.ko\n 7    2 0xc1123000 d918     if_ndis.ko\n 8    1 0xc1131000 649a4    acpi.ko\n 9    1 0xc3ea3000 7000     linprocfs.ko\n\n\nKernel is almost a GENERIC:\n--- /usr/src/sys/i386/conf/GENERIC\tSat Oct 14 12:14:38 2006\n+++ /usr/src/sys/i386/conf/CRASH\tTue Oct 17 12:34:59 2006\n@@ -1,35 +1,15 @@\n machine\t\ti386\n-cpu\t\tI486_CPU\n-cpu\t\tI586_CPU\n cpu\t\tI686_CPU\n-ident\t\tGENERIC\n+ident\t\tCRASH\n \n # To statically compile in device wiring instead of /boot/device.hints\n #hints\t\t\"GENERIC.hints\"\t\t# Default places to look for devices.\n \n makeoptions\tDEBUG=-g\t\t# Build kernel with gdb(1) debug symbols\n \n-options \tSCHED_4BSD\t\t# 4BSD scheduler\n+options \tSCHED_ULE\t\t# ULE scheduler\n options \tPREEMPTION\t\t# Enable kernel thread preemption\n options \tINET\t\t\t# InterNETworking\n options \tINET6\t\t\t# IPv6 communications protocols\n@@ -56,8 +36,27 @@\n \n+options\t\tIPSEC\n+options\t\tIPSEC_ESP\n+\n+options\t\tKDB\n+options\t\tDDB\n+options\t\tGDB\n+options\t\tWITNESS\n+options\t\tINVARIANT_SUPPORT\n+options\t\tINVARIANTS\n+makeoptions\tDEBUG=-g\n+options\t\tKTR\n+\n device\t\tapic\t\t\t# I/O APIC\n \n # Bus support.\n@@ -138,8 +132,6 @@\n device\t\tatkbd\t\t# AT keyboard\n device\t\tpsm\t\t# PS/2 mouse\n \n-device\t\tkbdmux\t\t# keyboard multiplexer\n-\n device\t\tvga\t\t# VGA video card driver\n \n device\t\tsplash\t\t# Splash screen and screen saver support\n@@ -191,7 +183,6 @@\n+device\t\tvlan\n # Pseudo devices.\n device\t\tloop\t\t# Network loopback\n+device\t\tmem\t\t# Memory and kernel memory devices\n+device\t\tio\t\t# I/O device\n device\t\trandom\t\t# Entropy device\n device\t\tether\t\t# Ethernet support\n device\t\tsl\t\t# Kernel SLIP\n@@ -258,7 +248,13 @@\n # Note that 'bpf' is required for DHCP.\n device\t\tbpf\t\t# Berkeley packet filter\n \n+device\t\tpf\n+device\t\tpflog\n\nHow-To-Repeat: Just use dhclient to setup a re0 card."
}