{
 "id": 717672,
 "bug_id": 179239,
 "attachment_id": 0,
 "creation_time": "2013-06-03T00:00:00Z",
 "creator": "rdugaue@frontier.com",
 "text": "I have a number of IBM Xseries 335 running old releases. Went to upgrade\none of my spares to latest 9.1R. The keyboard works in the initial boot\nphase, but once the \"\u003cInstall\u003e \u003cShell\u003e \u003cLive CD\u003e\" screen pops up the\nkeyboard no longer works.\n\nGoing back to an 8.3 CD install works fine. The new install method with\n9.x series looks to have caused an issue with this hardware. Tried both\nfreshly burned CDs of 9.0 and 9.1, same result, no keyboard when the\n\"\u003cInstall....\" page comes up.\n\nFull info here: http://forums.freebsd.org/showthread.php?t=40021\n\nDMESG OUTPUT FOR 9.1 INSTALL (8.3 below)\n_____________________________________________________________________________________\nCopyright (c) 1992-2012 The FreeBSD Project.\nCopyright (c) 1979, 1980, 1983, 1986, 1988, 1989, 1991, 1992, 1993, 1994\n\tThe Regents of the University of California. All rights reserved.\nFreeBSD is a registered trademark of The FreeBSD Foundation.\nFreeBSD 9.1-RELEASE #0 r243826: Tue Dec  4 06:55:39 UTC 2012\n    root@obrian.cse.buffalo.edu:/usr/obj/usr/src/sys/GENERIC i386\nCPU: Intel(R) Xeon(TM) CPU 3.06GHz (3056.56-MHz 686-class CPU)\n  Origin = \"GenuineIntel\"  Id = 0xf29  Family = f  Model = 2  Stepping = 9\n  Features=0xbfebfbff\u003cFPU,VME,DE,PSE,TSC,MSR,PAE,MCE,CX8,APIC,SEP,MTRR,PGE,MCA,CMOV,PAT,PSE36,CLFLUSH,DTS,ACPI,MMX,FXSR,SSE,SSE2,SS,HTT,TM,PBE\u003e\n  Features2=0x4400\u003cCNXT-ID,xTPR\u003e\nreal memory  = 2147483648 (2048 MB)\navail memory = 2086232064 (1989 MB)\nEvent timer \"LAPIC\" quality 400\nACPI APIC Table: \u003cIBM    SERONYXP\u003e\nFreeBSD/SMP: Multiprocessor System Detected: 4 CPUs\nFreeBSD/SMP: 2 package(s) x 1 core(s) x 2 HTT threads\n cpu0 (BSP): APIC ID:  0\n cpu1 (AP/HT): APIC ID:  1\n cpu2 (AP): APIC ID:  6\n cpu3 (AP/HT): APIC ID:  7\nMADT: Forcing active-low polarity and level trigger for SCI\nioapic2 \u003cVersion 1.1\u003e irqs 32-47 on motherboard\nioapic1 \u003cVersion 1.1\u003e irqs 16-31 on motherboard\nioapic0 \u003cVersion 1.1\u003e irqs 0-15 on motherboard\nkbd1 at kbdmux0\nctl: CAM Target Layer loaded\nacpi0: \u003cIBM SERONYXP\u003e on motherboard\nacpi0: Power Button (fixed)\nacpi0: reservation of 460, 2 (4) failed\ncpu0: \u003cACPI CPU\u003e on acpi0\ncpu1: \u003cACPI CPU\u003e on acpi0\ncpu2: \u003cACPI CPU\u003e on acpi0\ncpu3: \u003cACPI CPU\u003e on acpi0\nattimer0: \u003cAT timer\u003e port 0x40-0x43 irq 0 on acpi0\nTimecounter \"i8254\" frequency 1193182 Hz quality 0\nEvent timer \"i8254\" frequency 1193182 Hz quality 100\natrtc0: \u003cAT realtime clock\u003e port 0x70-0x73 irq 8 on acpi0\nEvent timer \"RTC\" frequency 32768 Hz quality 0\nTimecounter \"ACPI-fast\" frequency 3579545 Hz quality 900\nacpi_timer0: \u003c32-bit timer at 3.579545MHz\u003e port 0x488-0x48b on acpi0\npcib0: \u003cACPI Host-PCI bridge\u003e on acpi0\npci0: \u003cACPI PCI bus\u003e on pcib0\nvgapci0: \u003cVGA-compatible display\u003e port 0x2200-0x22ff mem 0xfd000000-0xfdffffff,0xfebff000-0xfebfffff irq 26 at device 1.0 on pci0\natapci0: \u003cServerWorks CSB5 UDMA100 controller\u003e port 0x1f0-0x1f7,0x3f6,0x170-0x177,0x376,0x700-0x70f at device 15.1 on pci0\nata0: \u003cATA channel\u003e at channel 0 on atapci0\nata1: \u003cATA channel\u003e at channel 1 on atapci0\nohci0: \u003cOHCI (generic) USB controller\u003e mem 0xfebfe000-0xfebfefff irq 11 at device 15.2 on pci0\nusbus0 on ohci0\nisab0: \u003cPCI-ISA bridge\u003e at device 15.3 on pci0\nisa0: \u003cISA bus\u003e on isab0\npcib1: \u003cACPI Host-PCI bridge\u003e on acpi0\npci1: \u003cACPI PCI bus\u003e on pcib1\nmpt0: \u003cLSILogic 1030 Ultra4 Adapter\u003e port 0x2300-0x23ff mem 0xfbff0000-0xfbffffff,0xfbfe0000-0xfbfeffff irq 22 at device 1.0 on pci1\nmpt0: MPI Version=1.2.15.0\nmpt0: Capabilities: ( RAID-1E RAID-1 SAFTE )\nmpt0: 0 Active Volumes (1 Max)\nmpt0: 0 Hidden Drive Members (6 Max)\npcib2: \u003cACPI Host-PCI bridge\u003e on acpi0\npci2: \u003cACPI PCI bus\u003e on pcib2\nbge0: \u003cBroadcom NetXtreme Gigabit Ethernet Controller, ASIC rev. 0x001002\u003e mem 0xf9ff0000-0xf9ffffff irq 24 at device 1.0 on pci2\nbge0: CHIP ID 0x00001002; ASIC REV 0x01; CHIP REV 0x10; PCI-X 100 MHz\nmiibus0: \u003cMII bus\u003e on bge0\nbrgphy0: \u003cBCM5703 1000BASE-T media interface\u003e PHY 1 on miibus0\nbrgphy0:  10baseT, 10baseT-FDX, 100baseTX, 100baseTX-FDX, 1000baseT, 1000baseT-master, 1000baseT-FDX, 1000baseT-FDX-master, auto, auto-flow\nbge0: Ethernet address: 00:0d:60:1b:4a:92\nbge1: \u003cBroadcom NetXtreme Gigabit Ethernet Controller, ASIC rev. 0x001002\u003e mem 0xf9fe0000-0xf9feffff irq 25 at device 2.0 on pci2\nbge1: CHIP ID 0x00001002; ASIC REV 0x01; CHIP REV 0x10; PCI-X 100 MHz\nmiibus1: \u003cMII bus\u003e on bge1\nbrgphy1: \u003cBCM5703 1000BASE-T media interface\u003e PHY 1 on miibus1\nbrgphy1:  10baseT, 10baseT-FDX, 100baseTX, 100baseTX-FDX, 1000baseT, 1000baseT-master, 1000baseT-FDX, 1000baseT-FDX-master, auto, auto-flow\nbge1: Ethernet address: 00:0d:60:1b:4a:93\nfdc0: \u003cfloppy drive controller\u003e port 0x3f0-0x3f5 irq 6 drq 2 on acpi0\nfd0: \u003c1440-KB 3.5\" drive\u003e on fdc0 drive 0\nuart0: \u003c16550 or compatible\u003e port 0x3f8-0x3ff irq 4 flags 0x10 on acpi0\npmtimer0 on isa0\norm0: \u003cISA Option ROM\u003e at iomem 0xc0000-0xc7fff pnpid ORM0000 on isa0\nsc0: \u003cSystem console\u003e at flags 0x100 on isa0\nsc0: VGA \u003c16 virtual consoles, flags=0x300\u003e\nvga0: \u003cGeneric ISA VGA\u003e at port 0x3c0-0x3df iomem 0xa0000-0xbffff on isa0\nppc0: parallel port not found.\np4tcc0: \u003cCPU Frequency Thermal Control\u003e on cpu0\np4tcc1: \u003cCPU Frequency Thermal Control\u003e on cpu1\np4tcc2: \u003cCPU Frequency Thermal Control\u003e on cpu2\np4tcc3: \u003cCPU Frequency Thermal Control\u003e on cpu3\nTimecounters tick every 1.000 msec\nusbus0: 12Mbps Full Speed USB v1.0\nugen0.1: \u003c0x1166\u003e at usbus0\nuhub0: \u003c0x1166 OHCI root HUB, class 9/0, rev 1.00/1.00, addr 1\u003e on usbus0\nuhub0: 4 ports with 4 removable, self powered\nada0 at ata0 bus 0 scbus0 target 0 lun 0\nada0: cd0 at ata1 bus 0 scbus1 target 0 lun 0\ncd0: \u003cLG CD-ROM CRN-8245B 1.16\u003e Removable CD-ROM SCSI-0 device \ncd0: 33.300MB/s transfers (UDMA2, ATAPI 12bytes, PIO 65534bytes)\ncd0: Attempt to query device size failed: NOT READY, Medium not present\n\u003cIC35L060AVV207-0 V22OA66A\u003e ATA-6 device\nada0: 100.000MB/s transfers (UDMA5, PIO 8192bytes)\nada0: 38162MB (78156288 512 byte sectors: 16H 63S/T 16383C)\nada0: Previously was known as ad0\nSMP: AP CPU #1 Launched!\nSMP: AP CPU #2 Launched!\nSMP: AP CPU #3 Launched!\nTrying to mount root from ufs:/dev/ada0p2 [rw]...\nugen0.2: \u003cDELL\u003e at usbus0\nukbd0: \u003cDELL DELL USB Keyboard, class 0/0, rev 1.10/1.05, addr 2\u003e on usbus0\nkbd2 at ukbd0\nbge0: link state changed to UP\n----------------------------\n8.3 DMESG\nCopyright (c) 1992-2012 The FreeBSD Project.\nCopyright (c) 1979, 1980, 1983, 1986, 1988, 1989, 1991, 1992, 1993, 1994\n\tThe Regents of the University of California. All rights reserved.\nFreeBSD is a registered trademark of The FreeBSD Foundation.\nFreeBSD 8.3-RELEASE #0: Mon Apr  9 21:47:23 UTC 2012\n    root@almeida.cse.buffalo.edu:/usr/obj/usr/src/sys/GENERIC i386\nTimecounter \"i8254\" frequency 1193182 Hz quality 0\nCPU: Intel(R) Xeon(TM) CPU 3.20GHz (3189.39-MHz 686-class CPU)\n  Origin = \"GenuineIntel\"  Id = 0xf25  Family = f  Model = 2  Stepping = 5\n  Features=0xbfebfbff\u003cFPU,VME,DE,PSE,TSC,MSR,PAE,MCE,CX8,APIC,SEP,MTRR,PGE,MCA,CMOV,PAT,PSE36,CLFLUSH,DTS,ACPI,MMX,FXSR,SSE,SSE2,SS,HTT,TM,PBE\u003e\n  Features2=0x4400\u003cCNXT-ID,xTPR\u003e\nreal memory  = 2147483648 (2048 MB)\navail memory = 2086756352 (1990 MB)\nACPI APIC Table: \u003cIBM    SERONYXP\u003e\nFreeBSD/SMP: Multiprocessor System Detected: 4 CPUs\nFreeBSD/SMP: 2 package(s) x 1 core(s) x 2 HTT threads\n cpu0 (BSP): APIC ID:  0\n cpu1 (AP/HT): APIC ID:  1\n cpu2 (AP): APIC ID:  6\n cpu3 (AP/HT): APIC ID:  7\nMADT: Forcing active-low polarity and level trigger for SCI\nioapic2 \u003cVersion 1.1\u003e irqs 32-47 on motherboard\nioapic1 \u003cVersion 1.1\u003e irqs 16-31 on motherboard\nioapic0 \u003cVersion 1.1\u003e irqs 0-15 on motherboard\nkbd1 at kbdmux0\nacpi0: \u003cIBM SERONYXP\u003e on motherboard\nacpi0: [ITHREAD]\nacpi0: Power Button (fixed)\nacpi0: reservation of 460, 2 (4) failed\nTimecounter \"ACPI-safe\" frequency 3579545 Hz quality 850\nacpi_timer0: \u003c32-bit timer at 3.579545MHz\u003e port 0x488-0x48b on acpi0\ncpu0: \u003cACPI CPU\u003e on acpi0\ncpu1: \u003cACPI CPU\u003e on acpi0\ncpu2: \u003cACPI CPU\u003e on acpi0\ncpu3: \u003cACPI CPU\u003e on acpi0\npcib0: \u003cACPI Host-PCI bridge\u003e on acpi0\npci0: \u003cACPI PCI bus\u003e on pcib0\nvgapci0: \u003cVGA-compatible display\u003e port 0x2200-0x22ff mem 0xfd000000-0xfdffffff,0xfebff000-0xfebfffff irq 26 at device 1.0 on pci0\natapci0: \u003cServerWorks CSB5 UDMA100 controller\u003e port 0x1f0-0x1f7,0x3f6,0x170-0x177,0x376,0x700-0x70f at device 15.1 on pci0\nata0: \u003cATA channel\u003e at channel 0 on atapci0\nata0: [ITHREAD]\nata1: \u003cATA channel\u003e at channel 1 on atapci0\nata1: [ITHREAD]\nohci0: \u003cOHCI (generic) USB controller\u003e mem 0xfebfe000-0xfebfefff irq 11 at device 15.2 on pci0\nohci0: [ITHREAD]\nusbus0: \u003cOHCI (generic) USB controller\u003e on ohci0\nisab0: \u003cPCI-ISA bridge\u003e at device 15.3 on pci0\nisa0: \u003cISA bus\u003e on isab0\npcib1: \u003cACPI Host-PCI bridge\u003e on acpi0\npci1: \u003cACPI PCI bus\u003e on pcib1\nmpt0: \u003cLSILogic 1030 Ultra4 Adapter\u003e port 0x2300-0x23ff mem 0xfbff0000-0xfbffffff,0xfbfe0000-0xfbfeffff irq 22 at device 1.0 on pci1\nmpt0: [ITHREAD]\nmpt0: MPI Version=1.2.15.0\nmpt0: Capabilities: ( RAID-1 SAFTE )\nmpt0: 1 Active Volume (1 Max)\nmpt0: 2 Hidden Drive Members (6 Max)\npcib2: \u003cACPI Host-PCI bridge\u003e on acpi0\npci2: \u003cACPI PCI bus\u003e on pcib2\nbge0: \u003cBroadcom NetXtreme Gigabit Ethernet Controller, ASIC rev. 0x001002\u003e mem 0xf9ff0000-0xf9ffffff irq 24 at device 1.0 on pci2\nbge0: CHIP ID 0x00001002; ASIC REV 0x01; CHIP REV 0x10; PCI-X\nmiibus0: \u003cMII bus\u003e on bge0\nbrgphy0: \u003cBCM5703 10/100/1000baseTX PHY\u003e PHY 1 on miibus0\nbrgphy0:  10baseT, 10baseT-FDX, 100baseTX, 100baseTX-FDX, 1000baseT, 1000baseT-master, 1000baseT-FDX, 1000baseT-FDX-master, auto, auto-flow\nbge0: Ethernet address: 00:0d:60:d5:20:f6\nbge0: [ITHREAD]\nfdc1: \u003cfloppy drive controller\u003e on acpi0\nfdc1: No FDOUT register!\ndevice_attach: fdc1 attach returned 6\nuart0: \u003c16550 or compatible\u003e port 0x3f8-0x3ff irq 4 flags 0x10 on acpi0\nuart0: [FILTER]\natrtc0: \u003cAT realtime clock\u003e port 0x70-0x73 irq 8 on acpi0\npmtimer0 on isa0\norm0: \u003cISA Option ROM\u003e at iomem 0xc0000-0xc7fff pnpid ORM0000 on isa0\nsc0: \u003cSystem console\u003e at flags 0x100 on isa0\nsc0: VGA \u003c16 virtual consoles, flags=0x300\u003e\nvga0: \u003cGeneric ISA VGA\u003e at port 0x3c0-0x3df iomem 0xa0000-0xbffff on isa0\natkbdc0: \u003cKeyboard controller (i8042)\u003e at port 0x60,0x64 on isa0\natkbd0: \u003cAT Keyboard\u003e irq 1 on atkbdc0\nkbd0 at atkbd0\natkbd0: [GIANT-LOCKED]\natkbd0: [ITHREAD]\nppc0: parallel port not found.\np4tcc0: \u003cCPU Frequency Thermal Control\u003e on cpu0\np4tcc1: \u003cCPU Frequency Thermal Control\u003e on cpu1\np4tcc2: \u003cCPU Frequency Thermal Control\u003e on cpu2\np4tcc3: \u003cCPU Frequency Thermal Control\u003e on cpu3\nTimecounters tick every 1.000 msec\nusbus0: 12Mbps Full Speed USB v1.0\nmpt0:vol0(mpt0:0:0): Settings ( Hot-Plug-Spares )\nmpt0:vol0(mpt0:0:0): Using Spare Pool: 0\nmpt0:vol0(mpt0:0:0): 2 Members:\n      (mpt0:1:0:0): Primary Online\n      (mpt0:1:1:0): Secondary Online\nmpt0:vol0(mpt0:0:0): RAID-1 - Optimal\nmpt0:vol0(mpt0:0:0): Status ( Enabled )\n(mpt0:vol0:0): Physical (mpt0:0:0:0), Pass-thru (mpt0:1:0:0)\n(mpt0:vol0:0): Online\n(mpt0:vol0:1): Physical (mpt0:0:1:0), Pass-thru (mpt0:1:1:0)\n(mpt0:vol0:1): Online\n(xpt0:mpt0:1:-1:-1): rescan already queued\nugen0.1: \u003c0x1166\u003e at usbus0\nuhub0: \u003c0x1166 OHCI root HUB, class 9/0, rev 1.00/1.00, addr 1\u003e on usbus0\nacd0: CDROM \u003cLG CD-ROM CRN-8245B/1.16\u003e at ata1-master UDMA33 \nuhub0: 4 ports with 4 removable, self powered\n(probe0:mpt0:0:8:0): TEST UNIT READY. CDB: 0 0 0 0 0 0 \n(probe0:mpt0:0:8:0): CAM status: SCSI Status Error\n(probe0:mpt0:0:8:0): SCSI status: Check Condition\n(probe0:mpt0:0:8:0): SCSI sense: UNIT ATTENTION asc:29,0 (Power on, reset, or bus device reset occurred)\nda0 at mpt0 bus 0 scbus0 target 0 lun 0\nda0: \u003cLSILOGIC 1030 IM       IM 1000\u003e Fixed Direct Access SCSI-2 device \nda0: 160.000MB/s transfers (80.000MHz DT, offset 63, 16bit)\nda0: Command Queueing enabled\nda0: 17278MB (35385344 512 byte sectors: 255H 63S/T 2202C)\nses0 at mpt0 bus 0 scbus0 target 8 lun 0\nses0: \u003cIBM 25P3495a S320  1 1\u003e Fixed Processor SCSI-2 device \nses0: 3.300MB/s transfers\nses0: SAF-TE Compliant Device\npass2 at mpt0 bus 1 scbus1 target 0 lun 0\npass2: \u003cIBM ST318305LC C701\u003e Fixed Uninstalled SCSI-3 device \npass2: 160.000MB/s transfers (80.000MHz, offset 63, 16bit)\npass2: Command Queueing enabled\npass3 at mpt0 bus 1 scbus1 target 1 lun 0\npass3: \u003cIBM ST318305LC C701\u003e Fixed Uninstalled SCSI-3 device \npass3: 160.000MB/s transfers (80.000MHz, offset 63, 16bit)\npass3: Command Queueing enabled\nSMP: AP CPU #1 Launched!\nSMP: AP CPU #3 Launched!\nSMP: AP CPU #2 Launched!\nTrying to mount root from ufs:/dev/da0s1a\nbge0: link state changed to UP\n\nHow-To-Repeat: Install 9.x from CD using an IBM Xseries 335 system."
}