{
 "id": 573887,
 "bug_id": 149800,
 "attachment_id": 0,
 "creation_time": "2010-08-19T10:00:03Z",
 "creator": "olgeni@FreeBSD.org",
 "text": "8.1-RELEASE i386 on a PICMG motherboard produces a \"driver bug:\nUnable to set devclass (devname: (null))\" each time the ISA bus is\nprobed (kldload of a custom device driver).\n\nAfter poking in the custom driver it appears that the message is\nactually related to the fdc driver.\n\nSetting bootverbose gives the following dmesg snippet:\n\n===\nfdc0 failed to probe at port 0x3f0-0x3f5,0x3f7 irq 6 drq 2 on isa0\nfdc: fdc-1 already exists; skipping it\ndriver bug: Unable to set devclass (name: fdc, devname: (null))\n===\n\nAfter booting, the floppy device does not work (no /dev/fd0).\n\nThe \"driver bug\" issue is still present when using an unpatched\nGENERIC kernel without anything custom loaded, and seems related\nto the probe failure.\n\nFull log follows:\n\nCopyright (c) 1992-2010 The FreeBSD Project.\nCopyright (c) 1979, 1980, 1983, 1986, 1988, 1989, 1991, 1992, 1993, 1994\n\tThe Regents of the University of California. All rights reserved.\nFreeBSD is a registered trademark of The FreeBSD Foundation.\nFreeBSD 8.1-RELEASE #1: Wed Aug 18 21:34:39 CEST 2010\n    root@backoffice:/usr/obj/usr/src/sys/RELENG_8.i386 i386\nPreloaded elf kernel \"/boot/kernel/kernel\" at 0x8103f000.\nPreloaded elf module \"/boot/kernel/geom_uzip.ko\" at 0x8103f124.\nPreloaded elf module \"/boot/kernel/ahci.ko\" at 0x8103f1d4.\nPreloaded elf module \"/boot/kernel/ipmi.ko\" at 0x8103f280.\nPreloaded elf module \"/boot/kernel/smbus.ko\" at 0x8103f32c.\nTimecounter \"i8254\" frequency 1193182 Hz quality 0\nCalibrating TSC clock ... TSC clock: 1269553237 Hz\nCPU: Intel(R) Pentium(R) III CPU family      1266MHz (1269.55-MHz 686-class CPU)\n  Origin = \"GenuineIntel\"  Id = 0x6b1  Family = 6  Model = b  Stepping = 1\n  Features=0x383f9ff\u003cFPU,VME,DE,PSE,TSC,MSR,PAE,MCE,CX8,SEP,MTRR,PGE,MCA,CMOV,PAT,PSE36,MMX,FXSR,SSE\u003e\n\nInstruction TLB: 4 KB pages, 4-way set associative, 32 entries\nInstruction TLB: 4 MB pages, fully associative, 2 entries\nData TLB: 4 KB pages, 4-way set associative, 64 entries\n2nd-level cache: 512 KB, 8-way set associative, 32 byte line size\n1st-level instruction cache: 16 KB, 4-way set associative, 32 byte line size\nData TLB: 4 MB Pages, 4-way set associative, 8 entries\n1st-level data cache: 16 KB, 4-way set associative, 32 byte line size\nreal memory  = 267386880 (255 MB)\nPhysical memory chunk(s):\n0x0000000000001000 - 0x000000000009efff, 647168 bytes (158 pages)\n0x0000000000100000 - 0x00000000003fffff, 3145728 bytes (768 pages)\n0x0000000001426000 - 0x000000000fa40fff, 241283072 bytes (58907 pages)\navail memory = 242585600 (231 MB)\nbios32: Found BIOS32 Service Directory header at 0x800fae70\nbios32: Entry = 0xfb2f0 (800fb2f0)  Rev = 0  Len = 1\npcibios: PCI BIOS entry at 0xf0000+0xb320\npnpbios: Found PnP BIOS data at 0x800fbcd0\npnpbios: Entry = f0000:bd00  Rev = 1.0\nOther BIOS signatures found:\nx86bios:   IVT 0x000000-0x0004ff at 0x80000000\nx86bios:  SSEG 0x010000-0x01ffff at 0x827a1000\nx86bios:   ROM 0x0a0000-0x0effff at 0x800a0000\nULE: setup cpu 0\nwlan: \u003c802.11 Link Layer\u003e\nnull: \u003cnull device, zero device\u003e\nrandom: \u003centropy source, Software, Yarrow\u003e\nnfslock: pseudo-device\ncrypto: \u003ccrypto core\u003e\nio: \u003cI/O\u003e\nkbd: new array size 4\nkbd1 at kbdmux0\nmem: \u003cmemory\u003e\nPentium Pro MTRR support enabled\nhptrr: RocketRAID 17xx/2xxx SATA controller driver v1.2\nACPI Error: A valid RSDP was not found (20100331/tbxfroot-309)\nACPI: Table initialisation failed: AE_NOT_FOUND\nACPI: Try disabling either ACPI or apic support.\nnpx0: INT 16 interface\ncryptosoft0: \u003csoftware crypto\u003e on motherboard\ncrypto: assign cryptosoft0 driver id 0, flags 100663296\ncrypto: cryptosoft0 registers alg 1 flags 0 maxoplen 0\ncrypto: cryptosoft0 registers alg 2 flags 0 maxoplen 0\ncrypto: cryptosoft0 registers alg 3 flags 0 maxoplen 0\ncrypto: cryptosoft0 registers alg 4 flags 0 maxoplen 0\ncrypto: cryptosoft0 registers alg 5 flags 0 maxoplen 0\ncrypto: cryptosoft0 registers alg 16 flags 0 maxoplen 0\ncrypto: cryptosoft0 registers alg 6 flags 0 maxoplen 0\ncrypto: cryptosoft0 registers alg 7 flags 0 maxoplen 0\ncrypto: cryptosoft0 registers alg 18 flags 0 maxoplen 0\ncrypto: cryptosoft0 registers alg 19 flags 0 maxoplen 0\ncrypto: cryptosoft0 registers alg 20 flags 0 maxoplen 0\ncrypto: cryptosoft0 registers alg 8 flags 0 maxoplen 0\ncrypto: cryptosoft0 registers alg 15 flags 0 maxoplen 0\ncrypto: cryptosoft0 registers alg 9 flags 0 maxoplen 0\ncrypto: cryptosoft0 registers alg 10 flags 0 maxoplen 0\ncrypto: cryptosoft0 registers alg 13 flags 0 maxoplen 0\ncrypto: cryptosoft0 registers alg 14 flags 0 maxoplen 0\ncrypto: cryptosoft0 registers alg 11 flags 0 maxoplen 0\ncrypto: cryptosoft0 registers alg 21 flags 0 maxoplen 0\ncrypto: cryptosoft0 registers alg 17 flags 0 maxoplen 0\npci_open(1):\tmode 1 addr port (0x0cf8) is 0x80000058\npci_open(1a):\tmode1res=0x80000000 (0x80000000)\npci_cfgcheck:\tdevice 0 [class=060000] [hdr=00] is there (id=11308086)\npcibios: BIOS version 2.10\npcib0: \u003cIntel 82815 (i815 GMCH) Host To Hub bridge\u003e pcibus 0 on motherboard\npir0: \u003cPCI Interrupt Routing Table: 15 Entries\u003e on motherboard\n$PIR: Links after initial probe:\nLink  IRQ  Rtd  Ref  IRQs\n0x68  255   N     2  3 4 5 7 9 10 11 12 14 15\n0x69  255   N     2  3 4 5 7 9 10 11 12 14 15\n0x6a  255   N     2  3 4 5 7 9 10 11 12 14 15\n0x6b  255   N     3  3 4 5 7 9 10 11 12 14 15\n0x61  255   N    13  3 4 5 7 9 10 11 12 14 15\n0x62  255   N    12  3 4 5 7 9 10 11 12 14 15\n0x63  255   N    13  3 4 5 7 9 10 11 12 14 15\n0x60  255   N    13  3 4 5 7 9 10 11 12 14 15\n$PIR: Found matching pin for 1.8.INTA at func 0: 11\n$PIR: Found matching pin for 1.9.INTA at func 0: 11\n$PIR: Found matching pin for 0.31.INTB at func 3: 7\n$PIR: Found matching pin for 0.31.INTC at func 4: 12\n$PIR: Found matching pin for 0.31.INTD at func 2: 5\n$PIR: Found matching pin for 0.2.INTA at func 0: 10\n$PIR: Links after initial IRQ discovery:\nLink  IRQ  Rtd  Ref  IRQs\n0x68   11   Y     2  3 4 5 7 9 10 11 12 14 15\n0x69  255   N     2  3 4 5 7 9 10 11 12 14 15\n0x6a  255   N     2  3 4 5 7 9 10 11 12 14 15\n0x6b   12   Y     3  3 4 5 7 9 10 11 12 14 15\n0x61    7   Y    13  3 4 5 7 9 10 11 12 14 15\n0x62  255   N    12  3 4 5 7 9 10 11 12 14 15\n0x63    5   Y    13  3 4 5 7 9 10 11 12 14 15\n0x60   10   Y    13  3 4 5 7 9 10 11 12 14 15\n$PIR: IRQs used by BIOS: 5 7 10 11 12\n$PIR: Interrupt Weights:\n[    0   1   2   3   4   5   6   7   8   9  10  11  12  13  14  15 ]\n[    0   0   0   0   0  13   0  13   0   0  13   2   3   0   0   0 ]\npci0: \u003cPCI bus\u003e on pcib0\npci0: domain=0, physical bus=0\nfound-\u003e\tvendor=0x8086, dev=0x1130, revid=0x04\n\tdomain=0, bus=0, slot=0, func=0\n\tclass=06-00-00, hdrtype=0x00, mfdev=0\n\tcmdreg=0x0006, statreg=0x2090, cachelnsz=0 (dwords)\n\tlattimer=0x00 (0 ns), mingnt=0x00 (0 ns), maxlat=0x00 (0 ns)\nfound-\u003e\tvendor=0x8086, dev=0x1132, revid=0x04\n\tdomain=0, bus=0, slot=2, func=0\n\tclass=03-00-00, hdrtype=0x00, mfdev=0\n\tcmdreg=0x0007, statreg=0x02b0, cachelnsz=0 (dwords)\n\tlattimer=0x00 (0 ns), mingnt=0x00 (0 ns), maxlat=0x00 (0 ns)\n\tintpin=a, irq=10\n\tpowerspec 2  supports D0 D3  current D0\n\tmap[10]: type Prefetchable Memory, range 32, base 0xe0000000, size 26, enabled\n\tmap[14]: type Memory, range 32, base 0xe6000000, size 19, enabled\n$PIR: 0:2 INTA routed to irq 10\nfound-\u003e\tvendor=0x8086, dev=0x244e, revid=0x05\n\tdomain=0, bus=0, slot=30, func=0\n\tclass=06-04-00, hdrtype=0x01, mfdev=0\n\tcmdreg=0x0107, statreg=0x0080, cachelnsz=0 (dwords)\n\tlattimer=0x00 (0 ns), mingnt=0x06 (1500 ns), maxlat=0x00 (0 ns)\nfound-\u003e\tvendor=0x8086, dev=0x2440, revid=0x05\n\tdomain=0, bus=0, slot=31, func=0\n\tclass=06-01-00, hdrtype=0x00, mfdev=1\n\tcmdreg=0x000f, statreg=0x0280, cachelnsz=0 (dwords)\n\tlattimer=0x00 (0 ns), mingnt=0x00 (0 ns), maxlat=0x00 (0 ns)\nfound-\u003e\tvendor=0x8086, dev=0x244b, revid=0x05\n\tdomain=0, bus=0, slot=31, func=1\n\tclass=01-01-80, hdrtype=0x00, mfdev=0\n\tcmdreg=0x0005, statreg=0x0280, cachelnsz=0 (dwords)\n\tlattimer=0x00 (0 ns), mingnt=0x00 (0 ns), maxlat=0x00 (0 ns)\n\tmap[20]: type I/O Port, range 32, base 0xf000, size  4, enabled\nfound-\u003e\tvendor=0x8086, dev=0x2442, revid=0x05\n\tdomain=0, bus=0, slot=31, func=2\n\tclass=0c-03-00, hdrtype=0x00, mfdev=0\n\tcmdreg=0x0005, statreg=0x0280, cachelnsz=0 (dwords)\n\tlattimer=0x00 (0 ns), mingnt=0x00 (0 ns), maxlat=0x00 (0 ns)\n\tintpin=d, irq=5\n\tmap[20]: type I/O Port, range 32, base 0xb000, size  5, enabled\n$PIR: 0:31 INTD routed to irq 5\nunknown: Reserved 0x20 bytes for rid 0x20 type 4 at 0xb000\nfound-\u003e\tvendor=0x8086, dev=0x2443, revid=0x05\n\tdomain=0, bus=0, slot=31, func=3\n\tclass=0c-05-00, hdrtype=0x00, mfdev=0\n\tcmdreg=0x0001, statreg=0x0280, cachelnsz=0 (dwords)\n\tlattimer=0x00 (0 ns), mingnt=0x00 (0 ns), maxlat=0x00 (0 ns)\n\tintpin=b, irq=7\n\tmap[20]: type I/O Port, range 32, base 0x5000, size  4, enabled\n$PIR: 0:31 INTB routed to irq 7\nfound-\u003e\tvendor=0x8086, dev=0x2444, revid=0x05\n\tdomain=0, bus=0, slot=31, func=4\n\tclass=0c-03-00, hdrtype=0x00, mfdev=0\n\tcmdreg=0x0005, statreg=0x0280, cachelnsz=0 (dwords)\n\tlattimer=0x00 (0 ns), mingnt=0x00 (0 ns), maxlat=0x00 (0 ns)\n\tintpin=c, irq=12\n\tmap[20]: type I/O Port, range 32, base 0xb800, size  5, enabled\n$PIR: 0:31 INTC routed to irq 12\nunknown: Reserved 0x20 bytes for rid 0x20 type 4 at 0xb800\nvgapci0: \u003cVGA-compatible display\u003e mem 0xe0000000-0xe3ffffff,0xe6000000-0xe607ffff irq 10 at device 2.0 on pci0\nagp0: \u003cIntel 82815 (i815 GMCH) SVGA controller\u003e on vgapci0\nvgapci0: Reserved 0x4000000 bytes for rid 0x10 type 3 at 0xe0000000\nvgapci0: Reserved 0x80000 bytes for rid 0x14 type 3 at 0xe6000000\npcib1: \u003cPCIBIOS PCI-PCI bridge\u003e at device 30.0 on pci0\npcib1:   domain            0\npcib1:   secondary bus     1\npcib1:   subordinate bus   1\npcib1:   I/O decode        0x9000-0xafff\npcib1:   memory decode     0xe4000000-0xe5ffffff\npcib1:   no prefetched decode\npcib1:   Subtractively decoded bridge.\npci1: \u003cPCI bus\u003e on pcib1\npci1: domain=0, physical bus=1\nfound-\u003e\tvendor=0x8086, dev=0x2449, revid=0x03\n\tdomain=0, bus=1, slot=8, func=0\n\tclass=02-00-00, hdrtype=0x00, mfdev=0\n\tcmdreg=0x0007, statreg=0x0290, cachelnsz=8 (dwords)\n\tlattimer=0x20 (960 ns), mingnt=0x08 (2000 ns), maxlat=0x38 (14000 ns)\n\tintpin=a, irq=11\n\tpowerspec 2  supports D0 D1 D2 D3  current D0\n\tmap[10]: type Memory, range 32, base 0xe5000000, size 12, enabled\npcib1: requested memory range 0xe5000000-0xe5000fff: good\n\tmap[14]: type I/O Port, range 32, base 0x9000, size  6, enabled\npcib1: requested I/O range 0x9000-0x903f: in range\n$PIR: 1:8 INTA routed to irq 11\nfound-\u003e\tvendor=0x10b9, dev=0x5281, revid=0xa4\n\tdomain=0, bus=1, slot=9, func=0\n\tclass=01-80-85, hdrtype=0x00, mfdev=1\n\tcmdreg=0x0005, statreg=0x02a0, cachelnsz=128 (dwords)\n\tlattimer=0x80 (3840 ns), mingnt=0x00 (0 ns), maxlat=0x00 (0 ns)\n\tintpin=a, irq=11\n\tmap[10]: type I/O Port, range 32, base 0x9400, size  3, enabled\npcib1: requested I/O range 0x9400-0x9407: in range\n\tmap[14]: type I/O Port, range 32, base 0x9800, size  2, enabled\npcib1: requested I/O range 0x9800-0x9803: in range\n\tmap[18]: type I/O Port, range 32, base 0x9c00, size  3, enabled\npcib1: requested I/O range 0x9c00-0x9c07: in range\n\tmap[1c]: type I/O Port, range 32, base 0xa000, size  2, enabled\npcib1: requested I/O range 0xa000-0xa003: in range\n\tmap[20]: type I/O Port, range 32, base 0xa400, size  4, enabled\npcib1: requested I/O range 0xa400-0xa40f: in range\n$PIR: 1:9 INTA routed to irq 11\nfxp0: \u003cIntel 82801BA/CAM (ICH2/3) Pro/100 Ethernet\u003e port 0x9000-0x903f mem 0xe5000000-0xe5000fff irq 11 at device 8.0 on pci1\nfxp0: Reserved 0x1000 bytes for rid 0x10 type 3 at 0xe5000000\nfxp0: using memory space register mapping\nfxp0: PCI IDs: 8086 2449 8086 3010 0003\nfxp0: Dynamic Standby mode is disabled\nmiibus0: \u003cMII bus\u003e on fxp0\ninphy0: \u003ci82562ET 10/100 media interface\u003e PHY 1 on miibus0\ninphy0:  10baseT, 10baseT-FDX, 100baseTX, 100baseTX-FDX, auto\nfxp0: bpf attached\nfxp0: Ethernet address: 00:18:7d:01:62:7c\nfxp0: [MPSAFE]\nfxp0: [ITHREAD]\natapci0: \u003cAcerLabs M5281 SATA150 controller\u003e port 0x9400-0x9407,0x9800-0x9803,0x9c00-0x9c07,0xa000-0xa003,0xa400-0xa40f irq 11 at device 9.0 on pci1\natapci0: Reserved 0x10 bytes for rid 0x20 type 4 at 0xa400\natapci0: [MPSAFE]\natapci0: [ITHREAD]\natapci0: Reserved 0x8 bytes for rid 0x10 type 4 at 0x9400\natapci0: Reserved 0x4 bytes for rid 0x14 type 4 at 0x9800\natapci0: Reserved 0x8 bytes for rid 0x18 type 4 at 0x9c00\natapci0: Reserved 0x4 bytes for rid 0x1c type 4 at 0xa000\nata2: \u003cATA channel 0\u003e on atapci0\nata2: reset tp1 mask=01 ostat0=00 ostat1=00\nata2: stat0=0x00 err=0x00 lsb=0x00 msb=0x00\nata2: reset tp2 stat0=00 stat1=00 devices=0x0\nata2: [MPSAFE]\nata2: [ITHREAD]\nata3: \u003cATA channel 1\u003e on atapci0\nata3: reset tp1 mask=01 ostat0=00 ostat1=00\nata3: stat0=0x00 err=0x00 lsb=0x00 msb=0x00\nata3: reset tp2 stat0=00 stat1=00 devices=0x0\nata3: [MPSAFE]\nata3: [ITHREAD]\nisab0: \u003cPCI-ISA bridge\u003e at device 31.0 on pci0\nisa0: \u003cISA bus\u003e on isab0\natapci1: \u003cIntel ICH2 UDMA100 controller\u003e port 0x1f0-0x1f7,0x3f6,0x170-0x177,0x376,0xf000-0xf00f at device 31.1 on pci0\natapci1: Reserved 0x10 bytes for rid 0x20 type 4 at 0xf000\nata0: \u003cATA channel 0\u003e on atapci1\natapci1: Reserved 0x8 bytes for rid 0x10 type 4 at 0x1f0\natapci1: Reserved 0x1 bytes for rid 0x14 type 4 at 0x3f6\nata0: reset tp1 mask=03 ostat0=50 ostat1=10\nata0: stat0=0x50 err=0x01 lsb=0x00 msb=0x00\nata0: stat1=0x10 err=0x01 lsb=0x14 msb=0xeb\nata0: reset tp2 stat0=50 stat1=10 devices=0x20001\nata0: [MPSAFE]\nata0: [ITHREAD]\nata1: \u003cATA channel 1\u003e on atapci1\natapci1: Reserved 0x8 bytes for rid 0x18 type 4 at 0x170\natapci1: Reserved 0x1 bytes for rid 0x1c type 4 at 0x376\nata1: reset tp1 mask=03 ostat0=00 ostat1=00\nata1: stat0=0x01 err=0x01 lsb=0x01 msb=0x01\nata1: stat1=0x01 err=0x01 lsb=0x01 msb=0x01\nata1: reset tp2 stat0=01 stat1=01 devices=0x0\nata1: [MPSAFE]\nata1: [ITHREAD]\nuhci0: \u003cIntel 82801BA/BAM (ICH2) USB controller USB-A\u003e port 0xb000-0xb01f irq 5 at device 31.2 on pci0\nuhci0: [MPSAFE]\nuhci0: [ITHREAD]\nuhci0: LegSup = 0x2f00\nusbus0: \u003cIntel 82801BA/BAM (ICH2) USB controller USB-A\u003e on uhci0\npci0: \u003cserial bus, SMBus\u003e at device 31.3 (no driver attached)\nuhci1: \u003cIntel 82801BA/BAM (ICH2) USB controller USB-B\u003e port 0xb800-0xb81f irq 12 at device 31.4 on pci0\nuhci1: [MPSAFE]\nuhci1: [ITHREAD]\nuhci1: LegSup = 0x2f00\nusbus1: \u003cIntel 82801BA/BAM (ICH2) USB controller USB-B\u003e on uhci1\ncpu0 on motherboard\nunknown: status reg test failed ff\nunknown: status reg test failed ff\nunknown: status reg test failed ff\nunknown: status reg test failed ff\nunknown: status reg test failed ff\nunknown: status reg test failed ff\nahc_isa_probe 9: ioport 0x9c00 alloc failed\nex_isa_identify()\npnp_identify: Trying Read_Port at 203\npnp_identify: Trying Read_Port at 243\npnp_identify: Trying Read_Port at 283\npnp_identify: Trying Read_Port at 2c3\npnp_identify: Trying Read_Port at 303\npnp_identify: Trying Read_Port at 343\npnp_identify: Trying Read_Port at 383\npnp_identify: Trying Read_Port at 3c3\nPNP Identify complete\npnpbios: 12 devices, largest 78 bytes\nPNP0200: adding dma mask 0x10\nPNP0200: adding io range 0-0xf, size=0x10, align=0\nPNP0200: adding io range 0x81-0x83, size=0x3, align=0\nPNP0200: adding io range 0x87-0x87, size=0x1, align=0\nPNP0200: adding io range 0x89-0x8b, size=0x3, align=0\nPNP0200: adding io range 0x8f-0x91, size=0x3, align=0\nPNP0200: adding io range 0xc0-0xdf, size=0x20, align=0\npnpbios: handle 1 device ID PNP0200 (0002d041)\nPNP0100: adding irq mask 0x1\nPNP0100: adding io range 0x40-0x43, size=0x4, align=0\npnpbios: handle 2 device ID PNP0100 (0001d041)\nPNP0b00: adding irq mask 0x100\nPNP0b00: adding io range 0x70-0x71, size=0x2, align=0\npnpbios: handle 3 device ID PNP0b00 (000bd041)\nPNP0303: adding irq mask 0x2\nPNP0303: adding io range 0x60-0x60, size=0x1, align=0\nPNP0303: adding io range 0x64-0x64, size=0x1, align=0\npnpbios: handle 4 device ID PNP0303 (0303d041)\nPNP0800: adding io range 0x61-0x61, size=0x1, align=0\npnpbios: handle 5 device ID PNP0800 (0008d041)\nPNP0c04: adding irq mask 0x2000\nPNP0c04: adding io range 0xf0-0xff, size=0x10, align=0\npnpbios: handle 6 device ID PNP0c04 (040cd041)\nINT0800: adding fixed memory32 range 0xffb80000-0xffbfffff, size=0x80000\npnpbios: handle 7 device ID INT0800 (0008d425)\nPNP0c01: adding fixed memory32 range 0-0x9ffff, size=0xa0000\nPNP0c01: adding fixed memory32 range 0xffb00000-0xffb7ffff, size=0x80000\nPNP0c01: adding fixed memory32 range 0xfff00000-0xffffffff, size=0x100000\nPNP0c01: adding fixed memory32 range 0xfee00000-0xfee0ffff, size=0x10000\nPNP0c01: adding fixed memory32 range 0x100000-0xffffff, size=0xf00000\npnpbios: handle 8 device ID PNP0c01 (010cd041)\nPNP0c02: adding fixed memory32 range 0xf0000-0xf3fff, size=0x4000\nPNP0c02: adding fixed memory32 range 0xf4000-0xf7fff, size=0x4000\nPNP0c02: adding fixed memory32 range 0xf8000-0xfffff, size=0x8000\nPNP0c02: adding fixed memory32 range 0xcc000-0xcffff, size=0x4000\npnpbios: handle 9 device ID PNP0c02 (020cd041)\nPNP0a03: adding io range 0x4d0-0x4d1, size=0x2, align=0\nPNP0a03: adding io range 0xcf8-0xcff, size=0x8, align=0\nPNP0a03: adding io range 0x4000-0x40bf, size=0xc0, align=0\npnpbios: handle 10 device ID PNP0a03 (030ad041)\nPNP0700: adding dma mask 0x4\nPNP0700: adding io range 0x3f0-0x3f5, size=0x6, align=0\nPNP0700: adding io range 0x3f7-0x3f7, size=0x1, align=0\nPNP0700: adding irq mask 0x40\npnpbios: handle 14 device ID PNP0700 (0007d041)\nisa_probe_children: disabling PnP devices\npmtimer0 on isa0\natrtc0: \u003cAT realtime clock\u003e at port 0x70-0x71 irq 8 pnpid PNP0b00 on isa0\natrtc0: registered as a time-of-day clock (resolution 1000000us)\natkbdc0: \u003cKeyboard controller (i8042)\u003e at port 0x60,0x64 irq 1 pnpid PNP0303 on isa0\natkbd0: \u003cAT Keyboard\u003e irq 1 on atkbdc0\natkbd: the current kbd controller command byte 0047\natkbd: keyboard ID 0x41ab (2)\nkbd0 at atkbd0\nkbd0: atkbd0, AT 101/102 (2), config:0x0, flags:0x3d0000\natkbd0: [GIANT-LOCKED]\natkbd0: [ITHREAD]\npsm0: unable to allocate IRQ\nunknown: \u003cAT Real Time Clock\u003e failed to probe at port 0x61 pnpid PNP0800 on isa0\nunknown: \u003cAT Real Time Clock\u003e failed to probe at iomem 0xffb80000-0xffbfffff pnpid INT0800 on isa0\nunknown: \u003cPNP0c01\u003e can't assign resources (memory)\nunknown: \u003cPNP0c01\u003e at iomem 0-0x9ffff pnpid PNP0c01 on isa0\nunknown: \u003cPNP0c02\u003e can't assign resources (memory)\nunknown: \u003cPNP0c02\u003e at iomem 0xf0000-0xf3fff,0xf4000-0xf7fff,0xf8000-0xfffff,0xcc000-0xcffff pnpid PNP0c02 on isa0\nunknown: \u003cAT Real Time Clock\u003e failed to probe at port 0x3f0-0x3f5,0x3f7 irq 6 drq 2 pnpid PNP0700 on isa0\nata: ata0 already exists; skipping it\nata: ata1 already exists; skipping it\natkbdc: atkbdc0 already exists; skipping it\natrtc: atrtc0 already exists; skipping it\nsc: sc0 already exists; skipping it\nisa_probe_children: probing non-PnP devices\norm0: \u003cISA Option ROMs\u003e at iomem 0xc0000-0xc9fff,0xcc000-0xcffff pnpid ORM0000 on isa0\nsc0: \u003cSystem console\u003e at flags 0x100 on isa0\nsc0: VGA \u003c16 virtual consoles, flags=0x300\u003e\nsc0: fb0, kbd1, terminal emulator: scteken (teken terminal)\nvga0: \u003cGeneric ISA VGA\u003e at port 0x3c0-0x3df iomem 0xa0000-0xbffff on isa0\nfdc0 failed to probe at port 0x3f0-0x3f5,0x3f7 irq 6 drq 2 on isa0\nppc0: parallel port not found.\nppc0: \u003cParallel port\u003e failed to probe at irq 7 on isa0\nuart0: \u003cns8250\u003e failed to probe at port 0x3f8-0x3ff irq 4 on isa0\nuart1: \u003cns8250\u003e failed to probe at port 0x2f8-0x2ff irq 3 on isa0\nisa_probe_children: probing PnP devices\nunknown: \u003cPNP0c01\u003e can't assign resources (memory)\nunknown: \u003cPNP0c01\u003e at iomem 0-0x9ffff pnpid PNP0c01 on isa0\nunknown: \u003cPNP0c02\u003e can't assign resources (memory)\nunknown: \u003cPNP0c02\u003e at iomem 0xf0000-0xf3fff,0xf4000-0xf7fff,0xf8000-0xfffff,0xcc000-0xcffff pnpid PNP0c02 on isa0\nfdc: fdc-1 already exists; skipping it\ndriver bug: Unable to set devclass (name: fdc, devname: (null))\nDevice configuration finished.\nprocfs registered\nTimecounter \"TSC\" frequency 1269553237 Hz quality 800\nTimecounters tick every 1.000 msec\ncrypto: \u003ccrypto device\u003e\nvlan: initialized, using hash tables with chaining\nIPsec: Initialized Security Association Processing.\nlo0: bpf attached\nenc0: bpf attached\nhptrr: no controller detected.\nata0: Identifying devices: 00020001\nata0: New devices: 00020001\nusbus0: 12Mbps Full Speed USB v1.0\nusbus1: 12Mbps Full Speed USB v1.0\nata0-slave: pio=PIO4 wdma=WDMA2 udma=UDMA33 cable=40 wire\nata0-master: pio=PIO4 wdma=WDMA2 udma=UDMA100 cable=40 wire\nad0: setting UDMA100\nad0: 58644MB \u003cIC35L060AVER07 0 ER6OA46A\u003e at ata0-master UDMA100 \nad0: 120103200 sectors [119150C/16H/63S] 16 sectors/interrupt 1 depth queue\nGEOM: new disk ad0\nugen0.1: \u003cIntel\u003e at usbus0\nuhub0: \u003cIntel UHCI root HUB, class 9/0, rev 1.00/1.00, addr 1\u003e on usbus0\nugen1.1: \u003cIntel\u003e at usbus1\nuhub1: \u003cIntel UHCI root HUB, class 9/0, rev 1.00/1.00, addr 1\u003e on usbus1\nad0: Intel check1 failed\nad0: Adaptec check1 failed\nad0: LSI (v3) check1 failed\nad0: LSI (v2) check1 failed\nad0: FreeBSD check1 failed\nacd0: setting UDMA33\nacd0: \u003cATAPI CDROM/V100Y\u003e CDROM drive at ata0 as slave\nacd0:  128KB buffer, UDMA33 \nacd0: Reads: CDR, CDRW, CDDA stream, packet\nacd0: Writes:\nacd0: Audio: play, 255 volume levels\nacd0: Mechanism: ejectable tray, unlocked\nacd0: Medium: no/blank disc\nata1: Identifying devices: 00000000\nata1: New devices: 00000000\nata2: Identifying devices: 00000000\nata2: New devices: 00000000\nata3: Identifying devices: 00000000\nata3: New devices: 00000000\nATA PseudoRAID loaded\nRoot mount waiting for: usbus1 usbus0\nuhub0: 2 ports with 2 removable, self powered\nuhub1: 2 ports with 2 removable, self powered\nTrying to mount root from ufs:/dev/ufs/root\nct_to_ts([2010-08-18 20:19:46]) = 1282162786.000000000\nstart_init: trying /sbin/init\nts_to_ct(1282162795.909151479) = [2010-08-18 20:19:55]\nsplash: image decoder found: blank_saver\n\nHow-To-Repeat: The following patch to sys/kern/subr_bus.c allows at least to point\nout the driver responsible for the null devname:\n\n--- subr_bus.c.orig\t2010-08-18 21:21:17.000000000 +0200\n+++ subr_bus.c\t2010-08-18 21:21:56.000000000 +0200\n@@ -1951,7 +1951,8 @@\n \t\t\tdevice_set_driver(child, dl-\u003edriver);\n \t\t\tif (!hasclass) {\n \t\t\t\tif (device_set_devclass(child, dl-\u003edriver-\u003ename)) {\n-\t\t\t\t\tprintf(\"driver bug: Unable to set devclass (devname: %s)\\n\",\n+\t\t\t\t\tprintf(\"driver bug: Unable to set devclass (name: %s, devname: %s)\\n\",\n+\t\t\t\t\t    dl-\u003edriver-\u003ename,\n \t\t\t\t\t    (child ? device_get_name(child) :\n \t\t\t\t\t\t\"no device\"));\n \t\t\t\t\tdevice_set_driver(child, NULL);"
}