{
 "id": 397089,
 "bug_id": 113596,
 "attachment_id": 0,
 "creation_time": "2007-06-11T20:50:02Z",
 "creator": "B.Laugraud@student.ulg.ac.be",
 "text": "When I try to launch hald, I have the following error :\n\n\"Starting hald\npanic: kmem_malloc entry not found or misaligned\"\n\nI have a fresh installation and compiled GNOME Yesterday.\n\nCopy of dmesg (for the hardware) :\n\nCopyright (c) 1992-2007 The FreeBSD Project.\nCopyright (c) 1979, 1980, 1983, 1986, 1988, 1989, 1991, 1992, 1993, 1994\n\tThe Regents of the University of California. All rights reserved.\nFreeBSD is a registered trademark of The FreeBSD Foundation.\nFreeBSD 6.2-RELEASE #0: Fri Jan 12 10:40:27 UTC 2007\n    root@dessler.cse.buffalo.edu:/usr/obj/usr/src/sys/GENERIC\nTimecounter \"i8254\" frequency 1193182 Hz quality 0\nCPU: AMD Athlon(tm) Processor (1244.71-MHz 686-class CPU)\n  Origin = \"AuthenticAMD\"  Id = 0x662  Stepping = 2\n  Features=0x383f9ff\u003cFPU,VME,DE,PSE,TSC,MSR,PAE,MCE,CX8,SEP,MTRR,PGE,MCA,CMOV,PAT,PSE36,MMX,FXSR,SSE\u003e\n  AMD Features=0xc0400800\u003cSYSCALL,MMX+,3DNow+,3DNow\u003e\nreal memory  = 1073676288 (1023 MB)\navail memory = 1041670144 (993 MB)\nkbd1 at kbdmux0\nath_hal: 0.9.17.2 (AR5210, AR5211, AR5212, RF5111, RF5112, RF2413, RF5413)\nacpi0: \u003cAMIINT SiS735XX\u003e on motherboard\nacpi0: Power Button (fixed)\nTimecounter \"ACPI-fast\" frequency 3579545 Hz quality 1000\nacpi_timer0: \u003c24-bit timer at 3.579545MHz\u003e port 0x808-0x80b on acpi0\ncpu0: \u003cACPI CPU\u003e on acpi0\npcib0: \u003cACPI Host-PCI bridge\u003e port 0xcf8-0xcff on acpi0\npci0: \u003cACPI PCI bus\u003e on pcib0\nagp0: \u003cSiS 735 host to AGP bridge\u003e mem 0xd0000000-0xd3ffffff at device 0.0 on pci0\npcib1: \u003cPCI-PCI bridge\u003e at device 1.0 on pci0\npci1: \u003cPCI bus\u003e on pcib1\npci1: \u003cdisplay, VGA\u003e at device 0.0 (no driver attached)\nisab0: \u003cPCI-ISA bridge\u003e at device 2.0 on pci0\nisa0: \u003cISA bus\u003e on isab0\nohci0: \u003cSiS 5571 USB controller\u003e mem 0xcfffd000-0xcfffdfff irq 11 at device 2.2 on pci0\nohci0: [GIANT-LOCKED]\nusb0: OHCI version 1.0, legacy support\nusb0: \u003cSiS 5571 USB controller\u003e on ohci0\nusb0: USB revision 1.0\nuhub0: SiS OHCI root hub, class 9/0, rev 1.00/1.00, addr 1\nuhub0: 3 ports with 3 removable, self powered\nohci1: \u003cSiS 5571 USB controller\u003e mem 0xcfffe000-0xcfffefff irq 11 at device 2.3 on pci0\nohci1: [GIANT-LOCKED]\nusb1: OHCI version 1.0, legacy support\nusb1: \u003cSiS 5571 USB controller\u003e on ohci1\nusb1: USB revision 1.0\nuhub1: SiS OHCI root hub, class 9/0, rev 1.00/1.00, addr 1\nuhub1: 3 ports with 3 removable, self powered\natapci0: \u003cSiS 735 UDMA100 controller\u003e port 0x1f0-0x1f7,0x3f6,0x170-0x177,0x376,0xff00-0xff0f at device 2.5 on pci0\nata0: \u003cATA channel 0\u003e on atapci0\nata1: \u003cATA channel 1\u003e on atapci0\npci0: \u003cmultimedia, audio\u003e at device 2.7 (no driver attached)\nndis0: \u003cD-Link AirPlus G DWL-G510 Wireless PCI Adapter(rev.C)\u003e mem 0xcfff0000-0xcfff7fff irq 12 at device 11.0 on pci0\nndis0: NDIS API version: 5.0\nNDIS: could not find file rt2561.bin in linker list\nNDIS: and no filesystems mounted yet, aborting NdisOpenFile()\nndis0: Ethernet address: 00:19:5b:6e:59:67\npci0: \u003cmultimedia, audio\u003e at device 13.0 (no driver attached)\nvr0: \u003cVIA VT3043 Rhine I 10/100BaseTX\u003e port 0xbc00-0xbc7f mem 0xcffffe80-0xcffffeff irq 11 at device 15.0 on pci0\nmiibus0: \u003cMII bus\u003e on vr0\namphy0: \u003cAm79C873 10/100 media interface\u003e on miibus0\namphy0:  10baseT, 10baseT-FDX, 100baseTX, 100baseTX-FDX, auto\nvr0: Ethernet address: 00:50:ba:bb:4f:5b\natapci1: \u003cSiI 0680 UDMA133 controller\u003e port 0xdc00-0xdc07,0xd800-0xd803,0xd400-0xd407,0xd000-0xd003,0xcc00-0xcc0f mem 0xcfffff00-0xcfffffff irq 12 at device 17.0 on pci0\nata2: \u003cATA channel 0\u003e on atapci1\nata3: \u003cATA channel 1\u003e on atapci1\nacpi_button0: \u003cSleep Button\u003e on acpi0\natkbdc0: \u003cKeyboard controller (i8042)\u003e port 0x60,0x64 irq 1 on acpi0\natkbd0: \u003cAT Keyboard\u003e irq 1 on atkbdc0\nkbd0 at atkbd0\natkbd0: [GIANT-LOCKED]\nfdc0: \u003cfloppy drive controller\u003e port 0x3f2-0x3f3,0x3f4-0x3f5,0x3f7 irq 6 drq 2 on acpi0\nfdc0: [FAST]\nfd0: \u003c1440-KB 3.5\" drive\u003e on fdc0 drive 0\nsio0: \u003c16550A-compatible COM port\u003e port 0x3f8-0x3ff irq 4 flags 0x10 on acpi0\nsio0: type 16550A\nsio1: \u003c16550A-compatible COM port\u003e port 0x2f8-0x2ff irq 3 on acpi0\nsio1: type 16550A\nppc0: \u003cStandard parallel printer port\u003e port 0x378-0x37f irq 7 on acpi0\nppc0: Generic chipset (NIBBLE-only) in COMPATIBLE mode\nppbus0: \u003cParallel port bus\u003e on ppc0\nplip0: \u003cPLIP network interface\u003e on ppbus0\nlpt0: \u003cPrinter\u003e on ppbus0\nlpt0: Interrupt-driven port\nppi0: \u003cParallel I/O\u003e on ppbus0\npmtimer0 on isa0\nsc0: \u003cSystem console\u003e at flags 0x100 on isa0\nsc0: VGA \u003c16 virtual consoles, flags=0x300\u003e\nvga0: \u003cGeneric ISA VGA\u003e at port 0x3c0-0x3df iomem 0xa0000-0xbffff on isa0\nuhub2: ALCOR Generic USB Hub, class 9/0, rev 1.10/3.12, addr 2\nuhub2: 4 ports with 4 removable, self powered\nugen0: vendor 0x046d Camera, rev 2.00/1.00, addr 3\numass0: Verbatim Store 'n' Go, rev 2.00/1.00, addr 4\nugen1: Hewlett-Packard hp scanjet 3500c series, rev 1.10/1.00, addr 5\nuhid0: Yealink Network Technology Ltd. VOIP USB Phone, rev 1.01/0.00, addr 6, iclass 1/1\nums0: vendor 0x1241 product 0x1177, rev 1.10/2.00, addr 2, iclass 3/1\nums0: 3 buttons and Z dir.\nTimecounter \"TSC\" frequency 1244711747 Hz quality 800\nTimecounters tick every 1.000 msec\nad0: 38166MB \u003cSeagate ST340014A 3.06\u003e at ata0-master UDMA100\nad1: 57241MB \u003cSeagate ST360021A 3.19\u003e at ata0-slave UDMA100\nacd0: DVDROM \u003cTOSHIBA DVD-ROM SD-M1712/1004\u003e at ata1-master UDMA33\nacd1: DVDR \u003cNEC DVD RW ND-3500AG/2.16\u003e at ata1-slave UDMA33\nad6: 76345MB \u003cMAXTOR 6L080J4 A93.0500\u003e at ata3-master UDMA133\nda0 at umass-sim0 bus 0 target 0 lun 0\nda0: \u003cVBTM Store 'n' Go 5.00\u003e Removable Direct Access SCSI-0 device \nda0: 1.000MB/s transfers\nda0: 983MB (2013184 512 byte sectors: 64H 32S/T 983C)\nTrying to mount root from ufs:/dev/ad1s1a\nNDIS: open file /compat/ndis/rt2561.bin failed: 2\nNDIS: open file /compat/ndis/rt2561.bin failed: 2\nndis0: link state changed to UP\npcm0: \u003cSiS 7012\u003e port 0xc800-0xc8ff,0xc400-0xc43f irq 11 at device 2.7 on pci0\npcm0: \u003cRealtek ALC100 AC97 Codec\u003e\nNDIS: open file /compat/ndis/rt2561.bin failed: 2\nndis0: link state changed to DOWN\nNDIS: open file /compat/ndis/rt2561.bin failed: 2\nndis0: link state changed to UP\nnvidia0: \u003cGeForce FX 5200\u003e mem 0xce000000-0xceffffff,0xc0000000-0xc7ffffff irq 5 at device 0.0 on pci1\nnvidia0: [GIANT-LOCKED]\nWaiting (max 60 seconds) for system process `vnlru' to stop...done\nWaiting (max 60 seconds) for system process `bufdaemon' to stop...done\nWaiting (max 60 seconds) for system process `syncer' to stop...\nSyncing disks, vnodes remaining...5 5 0 2 0 0 done\nAll buffers synced.\nUptime: 50m16s\nCopyright (c) 1992-2007 The FreeBSD Project.\nCopyright (c) 1979, 1980, 1983, 1986, 1988, 1989, 1991, 1992, 1993, 1994\n\tThe Regents of the University of California. All rights reserved.\nFreeBSD is a registered trademark of The FreeBSD Foundation.\nFreeBSD 6.2-RELEASE #0: Fri Jan 12 10:40:27 UTC 2007\n    root@dessler.cse.buffalo.edu:/usr/obj/usr/src/sys/GENERIC\nTimecounter \"i8254\" frequency 1193182 Hz quality 0\nCPU: AMD Athlon(tm) Processor (1244.71-MHz 686-class CPU)\n  Origin = \"AuthenticAMD\"  Id = 0x662  Stepping = 2\n  Features=0x383f9ff\u003cFPU,VME,DE,PSE,TSC,MSR,PAE,MCE,CX8,SEP,MTRR,PGE,MCA,CMOV,PAT,PSE36,MMX,FXSR,SSE\u003e\n  AMD Features=0xc0400800\u003cSYSCALL,MMX+,3DNow+,3DNow\u003e\nreal memory  = 1073676288 (1023 MB)\navail memory = 1033289728 (985 MB)\nkbd1 at kbdmux0\nath_hal: 0.9.17.2 (AR5210, AR5211, AR5212, RF5111, RF5112, RF2413, RF5413)\nacpi0: \u003cAMIINT SiS735XX\u003e on motherboard\nacpi0: Power Button (fixed)\nTimecounter \"ACPI-fast\" frequency 3579545 Hz quality 1000\nacpi_timer0: \u003c24-bit timer at 3.579545MHz\u003e port 0x808-0x80b on acpi0\ncpu0: \u003cACPI CPU\u003e on acpi0\npcib0: \u003cACPI Host-PCI bridge\u003e port 0xcf8-0xcff on acpi0\npci0: \u003cACPI PCI bus\u003e on pcib0\nagp0: \u003cSiS 735 host to AGP bridge\u003e mem 0xd0000000-0xd3ffffff at device 0.0 on pci0\npcib1: \u003cPCI-PCI bridge\u003e at device 1.0 on pci0\npci1: \u003cPCI bus\u003e on pcib1\nnvidia0: \u003cGeForce FX 5200\u003e mem 0xce000000-0xceffffff,0xc0000000-0xc7ffffff irq 5 at device 0.0 on pci1\nnvidia0: [GIANT-LOCKED]\nisab0: \u003cPCI-ISA bridge\u003e at device 2.0 on pci0\nisa0: \u003cISA bus\u003e on isab0\nohci0: \u003cSiS 5571 USB controller\u003e mem 0xcfffd000-0xcfffdfff irq 11 at device 2.2 on pci0\nohci0: [GIANT-LOCKED]\nusb0: OHCI version 1.0, legacy support\nusb0: \u003cSiS 5571 USB controller\u003e on ohci0\nusb0: USB revision 1.0\nuhub0: SiS OHCI root hub, class 9/0, rev 1.00/1.00, addr 1\nuhub0: 3 ports with 3 removable, self powered\nohci1: \u003cSiS 5571 USB controller\u003e mem 0xcfffe000-0xcfffefff irq 11 at device 2.3 on pci0\nohci1: [GIANT-LOCKED]\nusb1: OHCI version 1.0, legacy support\nusb1: \u003cSiS 5571 USB controller\u003e on ohci1\nusb1: USB revision 1.0\nuhub1: SiS OHCI root hub, class 9/0, rev 1.00/1.00, addr 1\nuhub1: 3 ports with 3 removable, self powered\natapci0: \u003cSiS 735 UDMA100 controller\u003e port 0x1f0-0x1f7,0x3f6,0x170-0x177,0x376,0xff00-0xff0f at device 2.5 on pci0\nata0: \u003cATA channel 0\u003e on atapci0\nata1: \u003cATA channel 1\u003e on atapci0\npcm0: \u003cSiS 7012\u003e port 0xc800-0xc8ff,0xc400-0xc43f irq 11 at device 2.7 on pci0\npcm0: \u003cRealtek ALC100 AC97 Codec\u003e\nndis0: \u003cD-Link AirPlus G DWL-G510 Wireless PCI Adapter(rev.C)\u003e mem 0xcfff0000-0xcfff7fff irq 12 at device 11.0 on pci0\nndis0: NDIS API version: 5.0\nNDIS: could not find file rt2561.bin in linker list\nNDIS: and no filesystems mounted yet, aborting NdisOpenFile()\nndis0: Ethernet address: 00:19:5b:6e:59:67\npci0: \u003cmultimedia, audio\u003e at device 13.0 (no driver attached)\nvr0: \u003cVIA VT3043 Rhine I 10/100BaseTX\u003e port 0xbc00-0xbc7f mem 0xcffffe80-0xcffffeff irq 11 at device 15.0 on pci0\nmiibus0: \u003cMII bus\u003e on vr0\namphy0: \u003cAm79C873 10/100 media interface\u003e on miibus0\namphy0:  10baseT, 10baseT-FDX, 100baseTX, 100baseTX-FDX, auto\nvr0: Ethernet address: 00:50:ba:bb:4f:5b\natapci1: \u003cSiI 0680 UDMA133 controller\u003e port 0xdc00-0xdc07,0xd800-0xd803,0xd400-0xd407,0xd000-0xd003,0xcc00-0xcc0f mem 0xcfffff00-0xcfffffff irq 12 at device 17.0 on pci0\nata2: \u003cATA channel 0\u003e on atapci1\nata3: \u003cATA channel 1\u003e on atapci1\nacpi_button0: \u003cSleep Button\u003e on acpi0\natkbdc0: \u003cKeyboard controller (i8042)\u003e port 0x60,0x64 irq 1 on acpi0\natkbd0: \u003cAT Keyboard\u003e irq 1 on atkbdc0\nkbd0 at atkbd0\natkbd0: [GIANT-LOCKED]\nfdc0: \u003cfloppy drive controller\u003e port 0x3f2-0x3f3,0x3f4-0x3f5,0x3f7 irq 6 drq 2 on acpi0\nfdc0: [FAST]\nfd0: \u003c1440-KB 3.5\" drive\u003e on fdc0 drive 0\nsio0: \u003c16550A-compatible COM port\u003e port 0x3f8-0x3ff irq 4 flags 0x10 on acpi0\nsio0: type 16550A\nsio1: \u003c16550A-compatible COM port\u003e port 0x2f8-0x2ff irq 3 on acpi0\nsio1: type 16550A\nppc0: \u003cStandard parallel printer port\u003e port 0x378-0x37f irq 7 on acpi0\nppc0: Generic chipset (NIBBLE-only) in COMPATIBLE mode\nppbus0: \u003cParallel port bus\u003e on ppc0\nplip0: \u003cPLIP network interface\u003e on ppbus0\nlpt0: \u003cPrinter\u003e on ppbus0\nlpt0: Interrupt-driven port\nppi0: \u003cParallel I/O\u003e on ppbus0\npmtimer0 on isa0\nsc0: \u003cSystem console\u003e at flags 0x100 on isa0\nsc0: VGA \u003c16 virtual consoles, flags=0x300\u003e\nvga0: \u003cGeneric ISA VGA\u003e at port 0x3c0-0x3df iomem 0xa0000-0xbffff on isa0\nuhub2: ALCOR Generic USB Hub, class 9/0, rev 1.10/3.12, addr 2\nuhub2: 4 ports with 4 removable, self powered\nugen0: vendor 0x046d Camera, rev 2.00/1.00, addr 3\numass0: Verbatim Store 'n' Go, rev 2.00/1.00, addr 4\nugen1: Hewlett-Packard hp scanjet 3500c series, rev 1.10/1.00, addr 5\nuhid0: Yealink Network Technology Ltd. VOIP USB Phone, rev 1.01/0.00, addr 6, iclass 1/1\nums0: vendor 0x1241 product 0x1177, rev 1.10/2.00, addr 2, iclass 3/1\nums0: 3 buttons and Z dir.\nTimecounter \"TSC\" frequency 1244712109 Hz quality 800\nTimecounters tick every 1.000 msec\nad0: 38166MB \u003cSeagate ST340014A 3.06\u003e at ata0-master UDMA100\nad1: 57241MB \u003cSeagate ST360021A 3.19\u003e at ata0-slave UDMA100\nacd0: DVDROM \u003cTOSHIBA DVD-ROM SD-M1712/1004\u003e at ata1-master UDMA33\nacd1: DVDR \u003cNEC DVD RW ND-3500AG/2.16\u003e at ata1-slave UDMA33\nad6: 76345MB \u003cMAXTOR 6L080J4 A93.0500\u003e at ata3-master UDMA133\nda0 at umass-sim0 bus 0 target 0 lun 0\nda0: \u003cVBTM Store 'n' Go 5.00\u003e Removable Direct Access SCSI-0 device \nda0: 1.000MB/s transfers\nda0: 983MB (2013184 512 byte sectors: 64H 32S/T 983C)\nTrying to mount root from ufs:/dev/ad1s1a\nNVRM: detected agp.ko, aborting NVIDIA AGP setup!\npid 1035 (xscreensaver-gl-hel), uid 1001: exited on signal 6\nNDIS: open file /compat/ndis/rt2561.bin failed: 2\nNDIS: open file /compat/ndis/rt2561.bin failed: 2\nndis0: link state changed to UP\nmountmsdosfs(): bad FAT32 filesystem\nmountmsdosfs(): bad FAT32 filesystem\nNVRM: detected agp.ko, aborting NVIDIA AGP setup!\npid 24073 (xscreensaver-gl-hel), uid 1001: exited on signal 6\npid 47065 (xscreensaver-gl-hel), uid 1001: exited on signal 6 (core dumped)\npid 47071 (flurry), uid 1001: exited on signal 6 (core dumped)\npid 47075 (gltext), uid 1001: exited on signal 6 (core dumped)\npid 47076 (gltext), uid 1001: exited on signal 6 (core dumped)\npid 47077 (gltext), uid 1001: exited on signal 6\npid 47090 (glsnake), uid 1001: exited on signal 6 (core dumped)\npid 47091 (glsnake), uid 1001: exited on signal 6\npid 47359 (glmatrix), uid 1001: exited on signal 6 (core dumped)\npid 49682 (glmatrix), uid 1001: exited on signal 6\npid 50836 (glslideshow), uid 1001: exited on signal 6 (core dumped)\npid 51181 (glplanet), uid 1001: exited on signal 6 (core dumped)\npid 52085 (glmatrix), uid 1001: exited on signal 6 (core dumped)\npid 52583 (hypertorus), uid 1001: exited on signal 6 (core dumped)\npid 52686 (jigglypuff), uid 1001: exited on signal 6 (core dumped)\npid 52708 (jigglypuff), uid 1001: exited on signal 6\npid 63240 (xscreensaver-gl-hel), uid 1001: exited on signal 6 (core dumped)\npid 62210 (xscreensaver-gl-hel), uid 1001: exited on signal 6 (core dumped)\nWaiting (max 60 seconds) for system process `vnlru' to stop...done\nWaiting (max 60 seconds) for system process `bufdaemon' to stop...done\nWaiting (max 60 seconds) for system process `syncer' to stop...\nSyncing disks, vnodes remaining...3 3 3 0 0 done\nAll buffers synced.\nUptime: 3h45m58s\nCopyright (c) 1992-2007 The FreeBSD Project.\nCopyright (c) 1979, 1980, 1983, 1986, 1988, 1989, 1991, 1992, 1993, 1994\n\tThe Regents of the University of California. All rights reserved.\nFreeBSD is a registered trademark of The FreeBSD Foundation.\nFreeBSD 6.2-RELEASE #0: Fri Jan 12 10:40:27 UTC 2007\n    root@dessler.cse.buffalo.edu:/usr/obj/usr/src/sys/GENERIC\nTimecounter \"i8254\" frequency 1193182 Hz quality 0\nCPU: AMD Athlon(tm) Processor (1244.71-MHz 686-class CPU)\n  Origin = \"AuthenticAMD\"  Id = 0x662  Stepping = 2\n  Features=0x383f9ff\u003cFPU,VME,DE,PSE,TSC,MSR,PAE,MCE,CX8,SEP,MTRR,PGE,MCA,CMOV,PAT,PSE36,MMX,FXSR,SSE\u003e\n  AMD Features=0xc0400800\u003cSYSCALL,MMX+,3DNow+,3DNow\u003e\nreal memory  = 1073676288 (1023 MB)\navail memory = 1033289728 (985 MB)\nkbd1 at kbdmux0\nath_hal: 0.9.17.2 (AR5210, AR5211, AR5212, RF5111, RF5112, RF2413, RF5413)\nacpi0: \u003cAMIINT SiS735XX\u003e on motherboard\nacpi0: Power Button (fixed)\nTimecounter \"ACPI-fast\" frequency 3579545 Hz quality 1000\nacpi_timer0: \u003c24-bit timer at 3.579545MHz\u003e port 0x808-0x80b on acpi0\ncpu0: \u003cACPI CPU\u003e on acpi0\npcib0: \u003cACPI Host-PCI bridge\u003e port 0xcf8-0xcff on acpi0\npci0: \u003cACPI PCI bus\u003e on pcib0\nagp0: \u003cSiS 735 host to AGP bridge\u003e mem 0xd0000000-0xd3ffffff at device 0.0 on pci0\npcib1: \u003cPCI-PCI bridge\u003e at device 1.0 on pci0\npci1: \u003cPCI bus\u003e on pcib1\nnvidia0: \u003cGeForce FX 5200\u003e mem 0xce000000-0xceffffff,0xc0000000-0xc7ffffff irq 5 at device 0.0 on pci1\nnvidia0: [GIANT-LOCKED]\nisab0: \u003cPCI-ISA bridge\u003e at device 2.0 on pci0\nisa0: \u003cISA bus\u003e on isab0\nohci0: \u003cSiS 5571 USB controller\u003e mem 0xcfffd000-0xcfffdfff irq 11 at device 2.2 on pci0\nohci0: [GIANT-LOCKED]\nusb0: OHCI version 1.0, legacy support\nusb0: \u003cSiS 5571 USB controller\u003e on ohci0\nusb0: USB revision 1.0\nuhub0: SiS OHCI root hub, class 9/0, rev 1.00/1.00, addr 1\nuhub0: 3 ports with 3 removable, self powered\nohci1: \u003cSiS 5571 USB controller\u003e mem 0xcfffe000-0xcfffefff irq 11 at device 2.3 on pci0\nohci1: [GIANT-LOCKED]\nusb1: OHCI version 1.0, legacy support\nusb1: \u003cSiS 5571 USB controller\u003e on ohci1\nusb1: USB revision 1.0\nuhub1: SiS OHCI root hub, class 9/0, rev 1.00/1.00, addr 1\nuhub1: 3 ports with 3 removable, self powered\natapci0: \u003cSiS 735 UDMA100 controller\u003e port 0x1f0-0x1f7,0x3f6,0x170-0x177,0x376,0xff00-0xff0f at device 2.5 on pci0\nata0: \u003cATA channel 0\u003e on atapci0\nata1: \u003cATA channel 1\u003e on atapci0\npcm0: \u003cSiS 7012\u003e port 0xc800-0xc8ff,0xc400-0xc43f irq 11 at device 2.7 on pci0\npcm0: \u003cRealtek ALC100 AC97 Codec\u003e\nndis0: \u003cD-Link AirPlus G DWL-G510 Wireless PCI Adapter(rev.C)\u003e mem 0xcfff0000-0xcfff7fff irq 12 at device 11.0 on pci0\nndis0: NDIS API version: 5.0\nNDIS: could not find file rt2561.bin in linker list\nNDIS: and no filesystems mounted yet, aborting NdisOpenFile()\nndis0: Ethernet address: 00:19:5b:6e:59:67\npci0: \u003cmultimedia, audio\u003e at device 13.0 (no driver attached)\nvr0: \u003cVIA VT3043 Rhine I 10/100BaseTX\u003e port 0xbc00-0xbc7f mem 0xcffffe80-0xcffffeff irq 11 at device 15.0 on pci0\nmiibus0: \u003cMII bus\u003e on vr0\namphy0: \u003cAm79C873 10/100 media interface\u003e on miibus0\namphy0:  10baseT, 10baseT-FDX, 100baseTX, 100baseTX-FDX, auto\nvr0: Ethernet address: 00:50:ba:bb:4f:5b\natapci1: \u003cSiI 0680 UDMA133 controller\u003e port 0xdc00-0xdc07,0xd800-0xd803,0xd400-0xd407,0xd000-0xd003,0xcc00-0xcc0f mem 0xcfffff00-0xcfffffff irq 12 at device 17.0 on pci0\nata2: \u003cATA channel 0\u003e on atapci1\nata3: \u003cATA channel 1\u003e on atapci1\nacpi_button0: \u003cSleep Button\u003e on acpi0\natkbdc0: \u003cKeyboard controller (i8042)\u003e port 0x60,0x64 irq 1 on acpi0\natkbd0: \u003cAT Keyboard\u003e irq 1 on atkbdc0\nkbd0 at atkbd0\natkbd0: [GIANT-LOCKED]\nfdc0: \u003cfloppy drive controller\u003e port 0x3f2-0x3f3,0x3f4-0x3f5,0x3f7 irq 6 drq 2 on acpi0\nfdc0: [FAST]\nfd0: \u003c1440-KB 3.5\" drive\u003e on fdc0 drive 0\nsio0: \u003c16550A-compatible COM port\u003e port 0x3f8-0x3ff irq 4 flags 0x10 on acpi0\nsio0: type 16550A\nsio1: \u003c16550A-compatible COM port\u003e port 0x2f8-0x2ff irq 3 on acpi0\nsio1: type 16550A\nppc0: \u003cStandard parallel printer port\u003e port 0x378-0x37f irq 7 on acpi0\nppc0: Generic chipset (NIBBLE-only) in COMPATIBLE mode\nppbus0: \u003cParallel port bus\u003e on ppc0\nplip0: \u003cPLIP network interface\u003e on ppbus0\nlpt0: \u003cPrinter\u003e on ppbus0\nlpt0: Interrupt-driven port\nppi0: \u003cParallel I/O\u003e on ppbus0\npmtimer0 on isa0\nsc0: \u003cSystem console\u003e at flags 0x100 on isa0\nsc0: VGA \u003c16 virtual consoles, flags=0x300\u003e\nvga0: \u003cGeneric ISA VGA\u003e at port 0x3c0-0x3df iomem 0xa0000-0xbffff on isa0\nuhub2: ALCOR Generic USB Hub, class 9/0, rev 1.10/3.12, addr 2\nuhub2: 4 ports with 4 removable, self powered\nugen0: vendor 0x046d Camera, rev 2.00/1.00, addr 3\numass0: Verbatim Store 'n' Go, rev 2.00/1.00, addr 4\nugen1: Hewlett-Packard hp scanjet 3500c series, rev 1.10/1.00, addr 5\nuhid0: Yealink Network Technology Ltd. VOIP USB Phone, rev 1.01/0.00, addr 6, iclass 1/1\nums0: vendor 0x1241 product 0x1177, rev 1.10/2.00, addr 2, iclass 3/1\nums0: 3 buttons and Z dir.\nTimecounter \"TSC\" frequency 1244712035 Hz quality 800\nTimecounters tick every 1.000 msec\nad0: 38166MB \u003cSeagate ST340014A 3.06\u003e at ata0-master UDMA100\nad1: 57241MB \u003cSeagate ST360021A 3.19\u003e at ata0-slave UDMA100\nacd0: DVDROM \u003cTOSHIBA DVD-ROM SD-M1712/1004\u003e at ata1-master UDMA33\nacd1: DVDR \u003cNEC DVD RW ND-3500AG/2.16\u003e at ata1-slave UDMA33\nad6: 76345MB \u003cMAXTOR 6L080J4 A93.0500\u003e at ata3-master UDMA133\nda0 at umass-sim0 bus 0 target 0 lun 0\nda0: \u003cVBTM Store 'n' Go 5.00\u003e Removable Direct Access SCSI-0 device \nda0: 1.000MB/s transfers\nda0: 983MB (2013184 512 byte sectors: 64H 32S/T 983C)\nTrying to mount root from ufs:/dev/ad1s1a\nNVRM: detected agp.ko, aborting NVIDIA AGP setup!\npid 1155 (xscreensaver-gl-hel), uid 1001: exited on signal 6\nNDIS: open file /compat/ndis/rt2561.bin failed: 2\nNDIS: open file /compat/ndis/rt2561.bin failed: 2\nndis0: link state changed to UP\nacd0: FAILURE - READ_CD MEDIUM ERROR asc=0x15 ascq=0x00 \nacd0: FAILURE - READ_CD MEDIUM ERROR asc=0x15 ascq=0x00 \nacd0: FAILURE - READ_CD MEDIUM ERROR asc=0x15 ascq=0x00 \nacd0: FAILURE - READ_CD MEDIUM ERROR asc=0x15 ascq=0x00 \nacd0: FAILURE - READ_CD MEDIUM ERROR asc=0x15 ascq=0x00 \nacd0: FAILURE - READ_CD MEDIUM ERROR asc=0x15 ascq=0x00 \nacd0: FAILURE - READ_CD MEDIUM ERROR asc=0x15 ascq=0x00 \nacd0: FAILURE - READ_CD MEDIUM ERROR asc=0x15 ascq=0x00 \nacd0: FAILURE - READ_CD MEDIUM ERROR asc=0x15 ascq=0x00 \nacd0: FAILURE - READ_CD MEDIUM ERROR asc=0x15 ascq=0x00 \nacd0: FAILURE - READ_CD MEDIUM ERROR asc=0x15 ascq=0x00 \nacd0: FAILURE - READ_CD MEDIUM ERROR asc=0x15 ascq=0x00 \ng_vfs_done():acd0[READ(offset=472164352, length=2048)]error = 22\nacd0: FAILURE - READ_CD ABORTED COMMAND asc=0x5a ascq=0x01 \ng_vfs_done():acd0[READ(offset=32768, length=2048)]error = 22\npid 985 (gconfd-2), uid 1001: exited on signal 6\nWaiting (max 60 seconds) for system process `vnlru' to stop...done\nWaiting (max 60 seconds) for system process `bufdaemon' to stop...done\nWaiting (max 60 seconds) for system process `syncer' to stop...\nSyncing disks, vnodes remaining...3 3 0 0 0 done\nAll buffers synced.\nUptime: 41m24s\nCopyright (c) 1992-2007 The FreeBSD Project.\nCopyright (c) 1979, 1980, 1983, 1986, 1988, 1989, 1991, 1992, 1993, 1994\n\tThe Regents of the University of California. All rights reserved.\nFreeBSD is a registered trademark of The FreeBSD Foundation.\nFreeBSD 6.2-RELEASE #0: Fri Jan 12 10:40:27 UTC 2007\n    root@dessler.cse.buffalo.edu:/usr/obj/usr/src/sys/GENERIC\nTimecounter \"i8254\" frequency 1193182 Hz quality 0\nCPU: AMD Athlon(tm) Processor (1244.71-MHz 686-class CPU)\n  Origin = \"AuthenticAMD\"  Id = 0x662  Stepping = 2\n  Features=0x383f9ff\u003cFPU,VME,DE,PSE,TSC,MSR,PAE,MCE,CX8,SEP,MTRR,PGE,MCA,CMOV,PAT,PSE36,MMX,FXSR,SSE\u003e\n  AMD Features=0xc0400800\u003cSYSCALL,MMX+,3DNow+,3DNow\u003e\nreal memory  = 1073676288 (1023 MB)\navail memory = 1033289728 (985 MB)\nkbd1 at kbdmux0\nath_hal: 0.9.17.2 (AR5210, AR5211, AR5212, RF5111, RF5112, RF2413, RF5413)\nacpi0: \u003cAMIINT SiS735XX\u003e on motherboard\nacpi0: Power Button (fixed)\nTimecounter \"ACPI-fast\" frequency 3579545 Hz quality 1000\nacpi_timer0: \u003c24-bit timer at 3.579545MHz\u003e port 0x808-0x80b on acpi0\ncpu0: \u003cACPI CPU\u003e on acpi0\npcib0: \u003cACPI Host-PCI bridge\u003e port 0xcf8-0xcff on acpi0\npci0: \u003cACPI PCI bus\u003e on pcib0\nagp0: \u003cSiS 735 host to AGP bridge\u003e mem 0xd0000000-0xd3ffffff at device 0.0 on pci0\npcib1: \u003cPCI-PCI bridge\u003e at device 1.0 on pci0\npci1: \u003cPCI bus\u003e on pcib1\nnvidia0: \u003cGeForce FX 5200\u003e mem 0xce000000-0xceffffff,0xc0000000-0xc7ffffff irq 5 at device 0.0 on pci1\nnvidia0: [GIANT-LOCKED]\nisab0: \u003cPCI-ISA bridge\u003e at device 2.0 on pci0\nisa0: \u003cISA bus\u003e on isab0\nohci0: \u003cSiS 5571 USB controller\u003e mem 0xcfffd000-0xcfffdfff irq 11 at device 2.2 on pci0\nohci0: [GIANT-LOCKED]\nusb0: OHCI version 1.0, legacy support\nusb0: \u003cSiS 5571 USB controller\u003e on ohci0\nusb0: USB revision 1.0\nuhub0: SiS OHCI root hub, class 9/0, rev 1.00/1.00, addr 1\nuhub0: 3 ports with 3 removable, self powered\nohci1: \u003cSiS 5571 USB controller\u003e mem 0xcfffe000-0xcfffefff irq 11 at device 2.3 on pci0\nohci1: [GIANT-LOCKED]\nusb1: OHCI version 1.0, legacy support\nusb1: \u003cSiS 5571 USB controller\u003e on ohci1\nusb1: USB revision 1.0\nuhub1: SiS OHCI root hub, class 9/0, rev 1.00/1.00, addr 1\nuhub1: 3 ports with 3 removable, self powered\natapci0: \u003cSiS 735 UDMA100 controller\u003e port 0x1f0-0x1f7,0x3f6,0x170-0x177,0x376,0xff00-0xff0f at device 2.5 on pci0\nata0: \u003cATA channel 0\u003e on atapci0\nata1: \u003cATA channel 1\u003e on atapci0\npcm0: \u003cSiS 7012\u003e port 0xc800-0xc8ff,0xc400-0xc43f irq 11 at device 2.7 on pci0\npcm0: \u003cRealtek ALC100 AC97 Codec\u003e\nndis0: \u003cD-Link AirPlus G DWL-G510 Wireless PCI Adapter(rev.C)\u003e mem 0xcfff0000-0xcfff7fff irq 12 at device 11.0 on pci0\nndis0: NDIS API version: 5.0\nNDIS: could not find file rt2561.bin in linker list\nNDIS: and no filesystems mounted yet, aborting NdisOpenFile()\nndis0: Ethernet address: 00:19:5b:6e:59:67\npci0: \u003cmultimedia, audio\u003e at device 13.0 (no driver attached)\nvr0: \u003cVIA VT3043 Rhine I 10/100BaseTX\u003e port 0xbc00-0xbc7f mem 0xcffffe80-0xcffffeff irq 11 at device 15.0 on pci0\nmiibus0: \u003cMII bus\u003e on vr0\namphy0: \u003cAm79C873 10/100 media interface\u003e on miibus0\namphy0:  10baseT, 10baseT-FDX, 100baseTX, 100baseTX-FDX, auto\nvr0: Ethernet address: 00:50:ba:bb:4f:5b\natapci1: \u003cSiI 0680 UDMA133 controller\u003e port 0xdc00-0xdc07,0xd800-0xd803,0xd400-0xd407,0xd000-0xd003,0xcc00-0xcc0f mem 0xcfffff00-0xcfffffff irq 12 at device 17.0 on pci0\nata2: \u003cATA channel 0\u003e on atapci1\nata3: \u003cATA channel 1\u003e on atapci1\nacpi_button0: \u003cSleep Button\u003e on acpi0\natkbdc0: \u003cKeyboard controller (i8042)\u003e port 0x60,0x64 irq 1 on acpi0\natkbd0: \u003cAT Keyboard\u003e irq 1 on atkbdc0\nkbd0 at atkbd0\natkbd0: [GIANT-LOCKED]\nfdc0: \u003cfloppy drive controller\u003e port 0x3f2-0x3f3,0x3f4-0x3f5,0x3f7 irq 6 drq 2 on acpi0\nfdc0: [FAST]\nfd0: \u003c1440-KB 3.5\" drive\u003e on fdc0 drive 0\nsio0: \u003c16550A-compatible COM port\u003e port 0x3f8-0x3ff irq 4 flags 0x10 on acpi0\nsio0: type 16550A\nsio1: \u003c16550A-compatible COM port\u003e port 0x2f8-0x2ff irq 3 on acpi0\nsio1: type 16550A\nppc0: \u003cStandard parallel printer port\u003e port 0x378-0x37f irq 7 on acpi0\nppc0: Generic chipset (NIBBLE-only) in COMPATIBLE mode\nppbus0: \u003cParallel port bus\u003e on ppc0\nplip0: \u003cPLIP network interface\u003e on ppbus0\nlpt0: \u003cPrinter\u003e on ppbus0\nlpt0: Interrupt-driven port\nppi0: \u003cParallel I/O\u003e on ppbus0\npmtimer0 on isa0\nsc0: \u003cSystem console\u003e at flags 0x100 on isa0\nsc0: VGA \u003c16 virtual consoles, flags=0x300\u003e\nvga0: \u003cGeneric ISA VGA\u003e at port 0x3c0-0x3df iomem 0xa0000-0xbffff on isa0\nuhub2: ALCOR Generic USB Hub, class 9/0, rev 1.10/3.12, addr 2\nuhub2: 4 ports with 4 removable, self powered\nugen0: vendor 0x046d Camera, rev 2.00/1.00, addr 3\numass0: Verbatim Store 'n' Go, rev 2.00/1.00, addr 4\nugen1: Hewlett-Packard hp scanjet 3500c series, rev 1.10/1.00, addr 5\nuhid0: Yealink Network Technology Ltd. VOIP USB Phone, rev 1.01/0.00, addr 6, iclass 1/1\nums0: vendor 0x1241 product 0x1177, rev 1.10/2.00, addr 2, iclass 3/1\nums0: 3 buttons and Z dir.\nTimecounter \"TSC\" frequency 1244712109 Hz quality 800\nTimecounters tick every 1.000 msec\nad0: 38166MB \u003cSeagate ST340014A 3.06\u003e at ata0-master UDMA100\nad1: 57241MB \u003cSeagate ST360021A 3.19\u003e at ata0-slave UDMA100\nacd0: DVDROM \u003cTOSHIBA DVD-ROM SD-M1712/1004\u003e at ata1-master UDMA33\nacd1: DVDR \u003cNEC DVD RW ND-3500AG/2.16\u003e at ata1-slave UDMA33\nad6: 76345MB \u003cMAXTOR 6L080J4 A93.0500\u003e at ata3-master UDMA133\nda0 at umass-sim0 bus 0 target 0 lun 0\nda0: \u003cVBTM Store 'n' Go 5.00\u003e Removable Direct Access SCSI-0 device \nda0: 1.000MB/s transfers\nda0: 983MB (2013184 512 byte sectors: 64H 32S/T 983C)\nTrying to mount root from ufs:/dev/ad1s1a\nNVRM: detected agp.ko, aborting NVIDIA AGP setup!\npid 1135 (xscreensaver-gl-hel), uid 1001: exited on signal 6\nNDIS: open file /compat/ndis/rt2561.bin failed: 2\nNDIS: open file /compat/ndis/rt2561.bin failed: 2\nndis0: link state changed to UP\npcm0: unregister: channel pcm0:play:0:dsp0.0 busy (pid 986)\npcm0: unregister: channel pcm0:play:0:dsp0.0 busy (pid 986)\npcm0: unregister: channel pcm0:play:0:dsp0.0 busy (pid 986)\npcm0: unregister: channel pcm0:play:0:dsp0.0 busy (pid 986)\npcm0: unregister: channel pcm0:play:0:dsp0.0 busy (pid 986)\npcm0: unregister: channel pcm0:play:0:dsp0.0 busy (pid 986)\npcm0: unregister: channel pcm0:play:0:dsp0.0 busy (pid 986)\npcm0: unregister: channel pcm0:play:0:dsp0.0 busy (pid 986)\nWaiting (max 60 seconds) for system process `vnlru' to stop...done\nWaiting (max 60 seconds) for system process `bufdaemon' to stop...done\nWaiting (max 60 seconds) for system process `syncer' to stop...\nSyncing disks, vnodes remaining...3 3 0 0 done\nAll buffers synced.\nUptime: 27m47s\nCopyright (c) 1992-2007 The FreeBSD Project.\nCopyright (c) 1979, 1980, 1983, 1986, 1988, 1989, 1991, 1992, 1993, 1994\n\tThe Regents of the University of California. All rights reserved.\nFreeBSD is a registered trademark of The FreeBSD Foundation.\nFreeBSD 6.2-RELEASE #0: Fri Jan 12 10:40:27 UTC 2007\n    root@dessler.cse.buffalo.edu:/usr/obj/usr/src/sys/GENERIC\nTimecounter \"i8254\" frequency 1193182 Hz quality 0\nCPU: AMD Athlon(tm) Processor (1244.71-MHz 686-class CPU)\n  Origin = \"AuthenticAMD\"  Id = 0x662  Stepping = 2\n  Features=0x383f9ff\u003cFPU,VME,DE,PSE,TSC,MSR,PAE,MCE,CX8,SEP,MTRR,PGE,MCA,CMOV,PAT,PSE36,MMX,FXSR,SSE\u003e\n  AMD Features=0xc0400800\u003cSYSCALL,MMX+,3DNow+,3DNow\u003e\nreal memory  = 1073676288 (1023 MB)\navail memory = 1033289728 (985 MB)\nkbd1 at kbdmux0\nath_hal: 0.9.17.2 (AR5210, AR5211, AR5212, RF5111, RF5112, RF2413, RF5413)\nacpi0: \u003cAMIINT SiS735XX\u003e on motherboard\nacpi0: Power Button (fixed)\nTimecounter \"ACPI-fast\" frequency 3579545 Hz quality 1000\nacpi_timer0: \u003c24-bit timer at 3.579545MHz\u003e port 0x808-0x80b on acpi0\ncpu0: \u003cACPI CPU\u003e on acpi0\npcib0: \u003cACPI Host-PCI bridge\u003e port 0xcf8-0xcff on acpi0\npci0: \u003cACPI PCI bus\u003e on pcib0\nagp0: \u003cSiS 735 host to AGP bridge\u003e mem 0xd0000000-0xd3ffffff at device 0.0 on pci0\npcib1: \u003cPCI-PCI bridge\u003e at device 1.0 on pci0\npci1: \u003cPCI bus\u003e on pcib1\nnvidia0: \u003cGeForce FX 5200\u003e mem 0xce000000-0xceffffff,0xc0000000-0xc7ffffff irq 5 at device 0.0 on pci1\nnvidia0: [GIANT-LOCKED]\nisab0: \u003cPCI-ISA bridge\u003e at device 2.0 on pci0\nisa0: \u003cISA bus\u003e on isab0\nohci0: \u003cSiS 5571 USB controller\u003e mem 0xcfffd000-0xcfffdfff irq 11 at device 2.2 on pci0\nohci0: [GIANT-LOCKED]\nusb0: OHCI version 1.0, legacy support\nusb0: \u003cSiS 5571 USB controller\u003e on ohci0\nusb0: USB revision 1.0\nuhub0: SiS OHCI root hub, class 9/0, rev 1.00/1.00, addr 1\nuhub0: 3 ports with 3 removable, self powered\nohci1: \u003cSiS 5571 USB controller\u003e mem 0xcfffe000-0xcfffefff irq 11 at device 2.3 on pci0\nohci1: [GIANT-LOCKED]\nusb1: OHCI version 1.0, legacy support\nusb1: \u003cSiS 5571 USB controller\u003e on ohci1\nusb1: USB revision 1.0\nuhub1: SiS OHCI root hub, class 9/0, rev 1.00/1.00, addr 1\nuhub1: 3 ports with 3 removable, self powered\natapci0: \u003cSiS 735 UDMA100 controller\u003e port 0x1f0-0x1f7,0x3f6,0x170-0x177,0x376,0xff00-0xff0f at device 2.5 on pci0\nata0: \u003cATA channel 0\u003e on atapci0\nata1: \u003cATA channel 1\u003e on atapci0\npcm0: \u003cSiS 7012\u003e port 0xc800-0xc8ff,0xc400-0xc43f irq 11 at device 2.7 on pci0\npcm0: \u003cRealtek ALC100 AC97 Codec\u003e\nndis0: \u003cD-Link AirPlus G DWL-G510 Wireless PCI Adapter(rev.C)\u003e mem 0xcfff0000-0xcfff7fff irq 12 at device 11.0 on pci0\nndis0: NDIS API version: 5.0\nNDIS: could not find file rt2561.bin in linker list\nNDIS: and no filesystems mounted yet, aborting NdisOpenFile()\nndis0: Ethernet address: 00:19:5b:6e:59:67\npci0: \u003cmultimedia, audio\u003e at device 13.0 (no driver attached)\nvr0: \u003cVIA VT3043 Rhine I 10/100BaseTX\u003e port 0xbc00-0xbc7f mem 0xcffffe80-0xcffffeff irq 11 at device 15.0 on pci0\nmiibus0: \u003cMII bus\u003e on vr0\namphy0: \u003cAm79C873 10/100 media interface\u003e on miibus0\namphy0:  10baseT, 10baseT-FDX, 100baseTX, 100baseTX-FDX, auto\nvr0: Ethernet address: 00:50:ba:bb:4f:5b\natapci1: \u003cSiI 0680 UDMA133 controller\u003e port 0xdc00-0xdc07,0xd800-0xd803,0xd400-0xd407,0xd000-0xd003,0xcc00-0xcc0f mem 0xcfffff00-0xcfffffff irq 12 at device 17.0 on pci0\nata2: \u003cATA channel 0\u003e on atapci1\nata3: \u003cATA channel 1\u003e on atapci1\nacpi_button0: \u003cSleep Button\u003e on acpi0\natkbdc0: \u003cKeyboard controller (i8042)\u003e port 0x60,0x64 irq 1 on acpi0\natkbd0: \u003cAT Keyboard\u003e irq 1 on atkbdc0\nkbd0 at atkbd0\natkbd0: [GIANT-LOCKED]\nfdc0: \u003cfloppy drive controller\u003e port 0x3f2-0x3f3,0x3f4-0x3f5,0x3f7 irq 6 drq 2 on acpi0\nfdc0: [FAST]\nfd0: \u003c1440-KB 3.5\" drive\u003e on fdc0 drive 0\nsio0: \u003c16550A-compatible COM port\u003e port 0x3f8-0x3ff irq 4 flags 0x10 on acpi0\nsio0: type 16550A\nsio1: \u003c16550A-compatible COM port\u003e port 0x2f8-0x2ff irq 3 on acpi0\nsio1: type 16550A\nppc0: \u003cStandard parallel printer port\u003e port 0x378-0x37f irq 7 on acpi0\nppc0: Generic chipset (NIBBLE-only) in COMPATIBLE mode\nppbus0: \u003cParallel port bus\u003e on ppc0\nplip0: \u003cPLIP network interface\u003e on ppbus0\nlpt0: \u003cPrinter\u003e on ppbus0\nlpt0: Interrupt-driven port\nppi0: \u003cParallel I/O\u003e on ppbus0\npmtimer0 on isa0\nsc0: \u003cSystem console\u003e at flags 0x100 on isa0\nsc0: VGA \u003c16 virtual consoles, flags=0x300\u003e\nvga0: \u003cGeneric ISA VGA\u003e at port 0x3c0-0x3df iomem 0xa0000-0xbffff on isa0\nuhub2: ALCOR Generic USB Hub, class 9/0, rev 1.10/3.12, addr 2\nuhub2: 4 ports with 4 removable, self powered\nugen0: vendor 0x046d Camera, rev 2.00/1.00, addr 3\numass0: Verbatim Store 'n' Go, rev 2.00/1.00, addr 4\nugen1: Hewlett-Packard hp scanjet 3500c series, rev 1.10/1.00, addr 5\nuhid0: Yealink Network Technology Ltd. VOIP USB Phone, rev 1.01/0.00, addr 6, iclass 1/1\nums0: vendor 0x1241 product 0x1177, rev 1.10/2.00, addr 2, iclass 3/1\nums0: 3 buttons and Z dir.\nTimecounter \"TSC\" frequency 1244711885 Hz quality 800\nTimecounters tick every 1.000 msec\nad0: 38166MB \u003cSeagate ST340014A 3.06\u003e at ata0-master UDMA100\nad1: 57241MB \u003cSeagate ST360021A 3.19\u003e at ata0-slave UDMA100\nacd0: DVDROM \u003cTOSHIBA DVD-ROM SD-M1712/1004\u003e at ata1-master UDMA33\nacd1: DVDR \u003cNEC DVD RW ND-3500AG/2.16\u003e at ata1-slave UDMA33\nad6: 76345MB \u003cMAXTOR 6L080J4 A93.0500\u003e at ata3-master UDMA133\nda0 at umass-sim0 bus 0 target 0 lun 0\nda0: \u003cVBTM Store 'n' Go 5.00\u003e Removable Direct Access SCSI-0 device \nda0: 1.000MB/s transfers\nda0: 983MB (2013184 512 byte sectors: 64H 32S/T 983C)\nTrying to mount root from ufs:/dev/ad1s1a\nNVRM: detected agp.ko, aborting NVIDIA AGP setup!\npid 1132 (xscreensaver-gl-hel), uid 1001: exited on signal 6\nNDIS: open file /compat/ndis/rt2561.bin failed: 2\nNDIS: open file /compat/ndis/rt2561.bin failed: 2\nndis0: link state changed to UP\npcm0: unregister: channel pcm0:play:0:dsp0.0 busy (pid 983)\nWaiting (max 60 seconds) for system process `vnlru' to stop...done\nWaiting (max 60 seconds) for system process `bufdaemon' to stop...done\nWaiting (max 60 seconds) for system process `syncer' to stop...\nSyncing disks, vnodes remaining...2 2 2 0 0 done\nAll buffers synced.\nUptime: 2h43m55s\nCopyright (c) 1992-2007 The FreeBSD Project.\nCopyright (c) 1979, 1980, 1983, 1986, 1988, 1989, 1991, 1992, 1993, 1994\n\tThe Regents of the University of California. All rights reserved.\nFreeBSD is a registered trademark of The FreeBSD Foundation.\nFreeBSD 6.2-RELEASE #0: Fri Jan 12 10:40:27 UTC 2007\n    root@dessler.cse.buffalo.edu:/usr/obj/usr/src/sys/GENERIC\nTimecounter \"i8254\" frequency 1193182 Hz quality 0\nCPU: AMD Athlon(tm) Processor (1244.71-MHz 686-class CPU)\n  Origin = \"AuthenticAMD\"  Id = 0x662  Stepping = 2\n  Features=0x383f9ff\u003cFPU,VME,DE,PSE,TSC,MSR,PAE,MCE,CX8,SEP,MTRR,PGE,MCA,CMOV,PAT,PSE36,MMX,FXSR,SSE\u003e\n  AMD Features=0xc0400800\u003cSYSCALL,MMX+,3DNow+,3DNow\u003e\nreal memory  = 1073676288 (1023 MB)\navail memory = 1033289728 (985 MB)\nkbd1 at kbdmux0\nath_hal: 0.9.17.2 (AR5210, AR5211, AR5212, RF5111, RF5112, RF2413, RF5413)\nacpi0: \u003cAMIINT SiS735XX\u003e on motherboard\nacpi0: Power Button (fixed)\nTimecounter \"ACPI-fast\" frequency 3579545 Hz quality 1000\nacpi_timer0: \u003c24-bit timer at 3.579545MHz\u003e port 0x808-0x80b on acpi0\ncpu0: \u003cACPI CPU\u003e on acpi0\npcib0: \u003cACPI Host-PCI bridge\u003e port 0xcf8-0xcff on acpi0\npci0: \u003cACPI PCI bus\u003e on pcib0\nagp0: \u003cSiS 735 host to AGP bridge\u003e mem 0xd0000000-0xd3ffffff at device 0.0 on pci0\npcib1: \u003cPCI-PCI bridge\u003e at device 1.0 on pci0\npci1: \u003cPCI bus\u003e on pcib1\nnvidia0: \u003cGeForce FX 5200\u003e mem 0xce000000-0xceffffff,0xc0000000-0xc7ffffff irq 5 at device 0.0 on pci1\nnvidia0: [GIANT-LOCKED]\nisab0: \u003cPCI-ISA bridge\u003e at device 2.0 on pci0\nisa0: \u003cISA bus\u003e on isab0\nohci0: \u003cSiS 5571 USB controller\u003e mem 0xcfffd000-0xcfffdfff irq 11 at device 2.2 on pci0\nohci0: [GIANT-LOCKED]\nusb0: OHCI version 1.0, legacy support\nusb0: \u003cSiS 5571 USB controller\u003e on ohci0\nusb0: USB revision 1.0\nuhub0: SiS OHCI root hub, class 9/0, rev 1.00/1.00, addr 1\nuhub0: 3 ports with 3 removable, self powered\nohci1: \u003cSiS 5571 USB controller\u003e mem 0xcfffe000-0xcfffefff irq 11 at device 2.3 on pci0\nohci1: [GIANT-LOCKED]\nusb1: OHCI version 1.0, legacy support\nusb1: \u003cSiS 5571 USB controller\u003e on ohci1\nusb1: USB revision 1.0\nuhub1: SiS OHCI root hub, class 9/0, rev 1.00/1.00, addr 1\nuhub1: 3 ports with 3 removable, self powered\natapci0: \u003cSiS 735 UDMA100 controller\u003e port 0x1f0-0x1f7,0x3f6,0x170-0x177,0x376,0xff00-0xff0f at device 2.5 on pci0\nata0: \u003cATA channel 0\u003e on atapci0\nata1: \u003cATA channel 1\u003e on atapci0\npcm0: \u003cSiS 7012\u003e port 0xc800-0xc8ff,0xc400-0xc43f irq 11 at device 2.7 on pci0\npcm0: \u003cRealtek ALC100 AC97 Codec\u003e\nndis0: \u003cD-Link AirPlus G DWL-G510 Wireless PCI Adapter(rev.C)\u003e mem 0xcfff0000-0xcfff7fff irq 12 at device 11.0 on pci0\nndis0: NDIS API version: 5.0\nNDIS: could not find file rt2561.bin in linker list\nNDIS: and no filesystems mounted yet, aborting NdisOpenFile()\nndis0: Ethernet address: 00:19:5b:6e:59:67\npci0: \u003cmultimedia, audio\u003e at device 13.0 (no driver attached)\nvr0: \u003cVIA VT3043 Rhine I 10/100BaseTX\u003e port 0xbc00-0xbc7f mem 0xcffffe80-0xcffffeff irq 11 at device 15.0 on pci0\nmiibus0: \u003cMII bus\u003e on vr0\namphy0: \u003cAm79C873 10/100 media interface\u003e on miibus0\namphy0:  10baseT, 10baseT-FDX, 100baseTX, 100baseTX-FDX, auto\nvr0: Ethernet address: 00:50:ba:bb:4f:5b\natapci1: \u003cSiI 0680 UDMA133 controller\u003e port 0xdc00-0xdc07,0xd800-0xd803,0xd400-0xd407,0xd000-0xd003,0xcc00-0xcc0f mem 0xcfffff00-0xcfffffff irq 12 at device 17.0 on pci0\nata2: \u003cATA channel 0\u003e on atapci1\nata3: \u003cATA channel 1\u003e on atapci1\nacpi_button0: \u003cSleep Button\u003e on acpi0\natkbdc0: \u003cKeyboard controller (i8042)\u003e port 0x60,0x64 irq 1 on acpi0\natkbd0: \u003cAT Keyboard\u003e irq 1 on atkbdc0\nkbd0 at atkbd0\natkbd0: [GIANT-LOCKED]\nfdc0: \u003cfloppy drive controller\u003e port 0x3f2-0x3f3,0x3f4-0x3f5,0x3f7 irq 6 drq 2 on acpi0\nfdc0: [FAST]\nfd0: \u003c1440-KB 3.5\" drive\u003e on fdc0 drive 0\nsio0: \u003c16550A-compatible COM port\u003e port 0x3f8-0x3ff irq 4 flags 0x10 on acpi0\nsio0: type 16550A\nsio1: \u003c16550A-compatible COM port\u003e port 0x2f8-0x2ff irq 3 on acpi0\nsio1: type 16550A\nppc0: \u003cStandard parallel printer port\u003e port 0x378-0x37f irq 7 on acpi0\nppc0: Generic chipset (NIBBLE-only) in COMPATIBLE mode\nppbus0: \u003cParallel port bus\u003e on ppc0\nplip0: \u003cPLIP network interface\u003e on ppbus0\nlpt0: \u003cPrinter\u003e on ppbus0\nlpt0: Interrupt-driven port\nppi0: \u003cParallel I/O\u003e on ppbus0\npmtimer0 on isa0\nsc0: \u003cSystem console\u003e at flags 0x100 on isa0\nsc0: VGA \u003c16 virtual consoles, flags=0x300\u003e\nvga0: \u003cGeneric ISA VGA\u003e at port 0x3c0-0x3df iomem 0xa0000-0xbffff on isa0\nuhub2: ALCOR Generic USB Hub, class 9/0, rev 1.10/3.12, addr 2\nuhub2: 4 ports with 4 removable, self powered\nugen0: vendor 0x046d Camera, rev 2.00/1.00, addr 3\numass0: Verbatim Store 'n' Go, rev 2.00/1.00, addr 4\nugen1: Hewlett-Packard hp scanjet 3500c series, rev 1.10/1.00, addr 5\nuhid0: Yealink Network Technology Ltd. VOIP USB Phone, rev 1.01/0.00, addr 6, iclass 1/1\nums0: vendor 0x1241 product 0x1177, rev 1.10/2.00, addr 2, iclass 3/1\nums0: 3 buttons and Z dir.\nTimecounter \"TSC\" frequency 1244712110 Hz quality 800\nTimecounters tick every 1.000 msec\nad0: 38166MB \u003cSeagate ST340014A 3.06\u003e at ata0-master UDMA100\nad1: 57241MB \u003cSeagate ST360021A 3.19\u003e at ata0-slave UDMA100\nacd0: DVDROM \u003cTOSHIBA DVD-ROM SD-M1712/1004\u003e at ata1-master UDMA33\nacd1: DVDR \u003cNEC DVD RW ND-3500AG/2.16\u003e at ata1-slave UDMA33\nad6: 76345MB \u003cMAXTOR 6L080J4 A93.0500\u003e at ata3-master UDMA133\nda0 at umass-sim0 bus 0 target 0 lun 0\nda0: \u003cVBTM Store 'n' Go 5.00\u003e Removable Direct Access SCSI-0 device \nda0: 1.000MB/s transfers\nda0: 983MB (2013184 512 byte sectors: 64H 32S/T 983C)\nTrying to mount root from ufs:/dev/ad1s1a\nNVRM: detected agp.ko, aborting NVIDIA AGP setup!\npid 1132 (xscreensaver-gl-hel), uid 1001: exited on signal 6\nNDIS: open file /compat/ndis/rt2561.bin failed: 2\nNDIS: open file /compat/ndis/rt2561.bin failed: 2\nndis0: link state changed to UP\npcm0: unregister: channel pcm0:play:0:dsp0.0 busy (pid 979)\nNVRM: detected agp.ko, aborting NVIDIA AGP setup!\npid 1436 (xscreensaver-gl-hel), uid 1001: exited on signal 6\n\nHow-To-Repeat: Just start hald"
}