{
 "id": 390018,
 "bug_id": 112082,
 "attachment_id": 0,
 "creation_time": "2007-04-24T16:20:04Z",
 "creator": "matt@tlmdirect.co",
 "text": "Please add the information below.\n\nFix: \n\nAdd Asus M2V to the list on http://www.ffreebsd.org/platforms/amd64/motherboards.html.\n Issues:\n GbE LAN not detected, is Attansic L1 device. Everything else OK.\n Web site:\n http://www.asus.com/products.aspx?l1=3\u0026l2=101\u0026l3=305\u0026l4=0\u0026model=1171\u0026modelmenu=1\n\nDmesg:\nCopyright (c) 1992-2007 The FreeBSD Project.\nCopyright (c) 1979, 1980, 1983, 1986, 1988, 1989, 1991, 1992, 1993, 1994\n\tThe Regents of the University of California. All rights reserved.\nFreeBSD is a registered trademark of The FreeBSD Foundation.\nFreeBSD 6.2-RELEASE-p3 #2: Sat Apr 21 14:30:14 BST 2007\n    root@workstation4.local.chronos.org.uk:/usr/obj/usr/src/sys/FREESBIE\nACPI APIC Table: \u003cA_M_I_ OEMAPIC \u003e\nTimecounter \"i8254\" frequency 1193182 Hz quality 0\nCPU: AMD Athlon(tm) 64 Processor 3500+ (2199.77-MHz K8-class CPU)\n  Origin = \"AuthenticAMD\"  Id = 0x50ff2  Stepping = 2\n  Features=0x78bfbff\u003cFPU,VME,DE,PSE,TSC,MSR,PAE,MCE,CX8,APIC,SEP,MTRR,PGE,MCA,CMOV,PAT,PSE36,CLFLUSH,MMX,FXSR,SSE,SSE2\u003e\n  Features2=0x2001\u003cSSE3,CX16\u003e\n  AMD Features=0xea500800\u003cSYSCALL,NX,MMX+,FFXSR,RDTSCP,LM,3DNow+,3DNow\u003e\n  AMD Features2=0x1d\u003cLAHF,\u003cb2\u003e,\u003cb3\u003e,CR8\u003e\nreal memory  = 536543232 (511 MB)\navail memory = 506220544 (482 MB)\nioapic0 \u003cVersion 0.3\u003e irqs 0-23 on motherboard\nioapic1 \u003cVersion 0.3\u003e irqs 24-47 on motherboard\nacpi0: \u003cNEC \u003e on motherboard\nacpi0: Power Button (fixed)\nTimecounter \"ACPI-fast\" frequency 3579545 Hz quality 1000\nacpi_timer0: \u003c24-bit timer at 3.579545MHz\u003e port 0x808-0x80b on acpi0\ncpu0: \u003cACPI CPU\u003e on acpi0\nacpi_throttle0: \u003cACPI CPU Throttling\u003e on cpu0\npcib0: \u003cACPI Host-PCI bridge\u003e port 0xcf8-0xcff on acpi0\npci0: \u003cACPI PCI bus\u003e on pcib0\npci0: \u003cbase peripheral, interrupt controller\u003e at device 0.5 (no driver attached)\npcib1: \u003cACPI PCI-PCI bridge\u003e at device 1.0 on pci0\npci1: \u003cACPI PCI bus\u003e on pcib1\npcib2: \u003cACPI PCI-PCI bridge\u003e irq 27 at device 2.0 on pci0\npci2: \u003cACPI PCI bus\u003e on pcib2\npci2: \u003cdisplay, VGA\u003e at device 0.0 (no driver attached)\npci2: \u003cdisplay\u003e at device 0.1 (no driver attached)\npcib3: \u003cACPI PCI-PCI bridge\u003e irq 31 at device 3.0 on pci0\npci6: \u003cACPI PCI bus\u003e on pcib3\natapci0: \u003cGENERIC ATA controller\u003e port 0xec00-0xec07,0xe880-0xe883,0xe800-0xe807,0xe480-0xe483,0xe400-0xe40f mem 0xfbeffc00-0xfbefffff irq 28 at device 0.0 on pci6\nata2: \u003cATA channel 0\u003e on atapci0\nata3: \u003cATA channel 1\u003e on atapci0\npcib4: \u003cACPI PCI-PCI bridge\u003e irq 35 at device 3.1 on pci0\npci5: \u003cACPI PCI bus\u003e on pcib4\npcib5: \u003cACPI PCI-PCI bridge\u003e irq 39 at device 3.2 on pci0\npci4: \u003cACPI PCI bus\u003e on pcib5\npci4: \u003cnetwork, ethernet\u003e at device 0.0 (no driver attached)\npcib6: \u003cACPI PCI-PCI bridge\u003e irq 43 at device 3.3 on pci0\npci3: \u003cACPI PCI bus\u003e on pcib6\natapci1: \u003cVIA 8237A SATA150 controller\u003e port 0xcc00-0xcc07,0xc880-0xc883,0xc800-0xc807,0xc480-0xc483,0xc400-0xc40f,0xc000-0xc0ff irq 21 at device 15.0 on pci0\nata4: \u003cATA channel 0\u003e on atapci1\nata5: \u003cATA channel 1\u003e on atapci1\natapci2: \u003cVIA 8237A UDMA133 controller\u003e port 0x1f0-0x1f7,0x3f6,0x170-0x177,0x376,0xfc00-0xfc0f at device 15.1 on pci0\nata0: \u003cATA channel 0\u003e on atapci2\nata1: \u003cATA channel 1\u003e on atapci2\nuhci0: \u003cVIA 83C572 USB controller\u003e port 0xb480-0xb49f irq 20 at device 16.0 on pci0\nuhci0: [GIANT-LOCKED]\nusb0: \u003cVIA 83C572 USB controller\u003e on uhci0\nusb0: USB revision 1.0\nuhub0: VIA UHCI root hub, class 9/0, rev 1.00/1.00, addr 1\nuhub0: 2 ports with 2 removable, self powered\nuhci1: \u003cVIA 83C572 USB controller\u003e port 0xb800-0xb81f irq 22 at device 16.1 on pci0\nuhci1: [GIANT-LOCKED]\nusb1: \u003cVIA 83C572 USB controller\u003e on uhci1\nusb1: USB revision 1.0\nuhub1: VIA UHCI root hub, class 9/0, rev 1.00/1.00, addr 1\nuhub1: 2 ports with 2 removable, self powered\nuhci2: \u003cVIA 83C572 USB controller\u003e port 0xb880-0xb89f irq 21 at device 16.2 on pci0\nuhci2: [GIANT-LOCKED]\nusb2: \u003cVIA 83C572 USB controller\u003e on uhci2\nusb2: USB revision 1.0\nuhub2: VIA UHCI root hub, class 9/0, rev 1.00/1.00, addr 1\nuhub2: 2 ports with 2 removable, self powered\nuhci3: \u003cVIA 83C572 USB controller\u003e port 0xbc00-0xbc1f irq 23 at device 16.3 on pci0\nuhci3: [GIANT-LOCKED]\nusb3: \u003cVIA 83C572 USB controller\u003e on uhci3\nusb3: USB revision 1.0\nuhub3: VIA UHCI root hub, class 9/0, rev 1.00/1.00, addr 1\nuhub3: 2 ports with 2 removable, self powered\nehci0: \u003cVIA VT6202 USB 2.0 controller\u003e mem 0xfbbffc00-0xfbbffcff irq 21 at device 16.4 on pci0\nehci0: [GIANT-LOCKED]\nusb4: EHCI version 1.0\nusb4: companion controllers, 2 ports each: usb0 usb1 usb2 usb3\nusb4: \u003cVIA VT6202 USB 2.0 controller\u003e on ehci0\nusb4: USB revision 2.0\nuhub4: VIA EHCI root hub, class 9/0, rev 2.00/1.00, addr 1\nuhub4: 8 ports with 8 removable, self powered\nulpt0: OKI DATA CORP USB Device, rev 2.00/3.11, addr 2, iclass 7/1\nulpt0: using bi-directional mode\nisab0: \u003cPCI-ISA bridge\u003e at device 17.0 on pci0\nisa0: \u003cISA bus\u003e on isab0\npcib7: \u003cACPI PCI-PCI bridge\u003e at device 19.0 on pci0\npci128: \u003cACPI PCI bus\u003e on pcib7\npcm0: \u003cVIA VT8251/8237A High Definition Audio Controller\u003e mem 0xfbffc000-0xfbffffff irq 17 at device 1.0 on pci128\npcib8: \u003cACPI PCI-PCI bridge\u003e at device 19.1 on pci0\npci7: \u003cACPI PCI bus\u003e on pcib8\nacpi_button0: \u003cSleep Button\u003e on acpi0\nacpi_button1: \u003cPower Button\u003e on acpi0\nfdc0: \u003cfloppy drive controller (FDE)\u003e port 0x3f0-0x3f5,0x3f7 irq 6 drq 2 on acpi0\nfdc0: [FAST]\nfd0: \u003c1440-KB 3.5\" drive\u003e on fdc0 drive 0\nppc0: \u003cStandard parallel printer port\u003e port 0x378-0x37f irq 7 on acpi0\nppc0: Generic chipset (EPP/NIBBLE) in COMPATIBLE mode\nppbus0: \u003cParallel port bus\u003e on ppc0\nplip0: \u003cPLIP network interface\u003e on ppbus0\nlpt0: \u003cPrinter\u003e on ppbus0\nlpt0: Interrupt-driven port\nppi0: \u003cParallel I/O\u003e on ppbus0\nsio0: configured irq 4 not in bitmap of probed irqs 0\nsio0: port may not be enabled\nsio0: \u003c16550A-compatible COM port\u003e port 0x3f8-0x3ff irq 4 flags 0x10 on acpi0\nsio0: type 16550A\natkbdc0: \u003cKeyboard controller (i8042)\u003e port 0x60,0x64 irq 1 on acpi0\natkbd0: \u003cAT Keyboard\u003e irq 1 on atkbdc0\nkbd0 at atkbd0\natkbd0: [GIANT-LOCKED]\npsm0: \u003cPS/2 Mouse\u003e flags 0x1000 irq 12 on atkbdc0\npsm0: [GIANT-LOCKED]\npsm0: model IntelliMouse, device ID 3\norm0: \u003cISA Option ROMs\u003e at iomem 0xc0000-0xcffff,0xd0000-0xd0fff,0xd1000-0xd8fff on isa0\nsc0: \u003cSystem console\u003e at flags 0x100 on isa0\nsc0: VGA \u003c16 virtual consoles, flags=0x300\u003e\nsio1: configured irq 3 not in bitmap of probed irqs 0\nsio1: port may not be enabled\nvga0: \u003cGeneric ISA VGA\u003e at port 0x3c0-0x3df iomem 0xa0000-0xbffff on isa0\nTimecounter \"TSC\" frequency 2199774342 Hz quality 800\nTimecounters tick every 1.000 msec\nipfw2 (+ipv6) initialized, divert loadable, rule-based forwarding disabled, default to accept, logging unlimited\nacd0: DVDR \u003cPIONEER DVD-RW DVR-109/1.57\u003e at ata1-master UDMA66\npcm0: \u003cHDA Codec: Realtek ALC861\u003e\npcm0: \u003cHDA Driver Revision: 20070420_0044\u003e\nGEOM_LABEL: Label for provider acd0 is iso9660/MDBSD64.\nTrying to mount root from cd9660:/dev/iso9660/MDBSD64\nmd0.uzip: 48621 x 65536 blocks\numass0: USBest Technology USB Mass Storage Device, rev 2.00/1.00, addr 3\nda0 at umass-sim0 bus 0 target 0 lun 0\nda0: \u003cUt163 USB2FlashStorage 0.00\u003e Removable Direct Access SCSI-2 device \nda0: 40.000MB/s transfers\nda0: 983MB (2015231 512 byte sectors: 64H 32S/T 983C)\n\npciconf -lv:\nhostb0@pci0:0:0:\tclass=0x060000 card=0x03511106 chip=0x03511106 rev=0x00 hdr=0x00\n    vendor   = 'VIA Technologies Inc'\n    class    = bridge\n    subclass = HOST-PCI\nhostb1@pci0:0:1:\tclass=0x060000 card=0x00000000 chip=0x13511106 rev=0x00 hdr=0x00\n    vendor   = 'VIA Technologies Inc'\n    class    = bridge\n    subclass = HOST-PCI\nhostb2@pci0:0:2:\tclass=0x060000 card=0x00000000 chip=0x23511106 rev=0x00 hdr=0x00\n    vendor   = 'VIA Technologies Inc'\n    class    = bridge\n    subclass = HOST-PCI\nhostb3@pci0:0:3:\tclass=0x060000 card=0x00000000 chip=0x33511106 rev=0x00 hdr=0x00\n    vendor   = 'VIA Technologies Inc'\n    class    = bridge\n    subclass = HOST-PCI\nhostb4@pci0:0:4:\tclass=0x060000 card=0x00000000 chip=0x43511106 rev=0x00 hdr=0x00\n    vendor   = 'VIA Technologies Inc'\n    class    = bridge\n    subclass = HOST-PCI\nnone0@pci0:0:5:\tclass=0x080020 card=0x00000000 chip=0x53511106 rev=0x00 hdr=0x00\n    vendor   = 'VIA Technologies Inc'\n    class    = base peripheral\n    subclass = interrupt controller\nhostb5@pci0:0:6:\tclass=0x060000 card=0x00000008 chip=0x62381106 rev=0x00 hdr=0x00\n    vendor   = 'VIA Technologies Inc'\n    class    = bridge\n    subclass = HOST-PCI\nhostb6@pci0:0:7:\tclass=0x060000 card=0x00000000 chip=0x73511106 rev=0x00 hdr=0x00\n    vendor   = 'VIA Technologies Inc'\n    class    = bridge\n    subclass = HOST-PCI\npcib1@pci0:1:0:\tclass=0x060400 card=0x00000070 chip=0xb9991106 rev=0x00 hdr=0x01\n    vendor   = 'VIA Technologies Inc'\n    class    = bridge\n    subclass = PCI-PCI\npcib2@pci0:2:0:\tclass=0x060400 card=0x00000040 chip=0xa2381106 rev=0x00 hdr=0x01\n    vendor   = 'VIA Technologies Inc'\n    device   = 'K8T890 PCI-to-PCI Bridge'\n    class    = bridge\n    subclass = PCI-PCI\npcib3@pci0:3:0:\tclass=0x060400 card=0x00000040 chip=0xc2381106 rev=0x00 hdr=0x01\n    vendor   = 'VIA Technologies Inc'\n    device   = 'K8T890 PCI-to-PCI Bridge'\n    class    = bridge\n    subclass = PCI-PCI\npcib4@pci0:3:1:\tclass=0x060400 card=0x00000040 chip=0xd2381106 rev=0x00 hdr=0x01\n    vendor   = 'VIA Technologies Inc'\n    device   = 'K8T890 PCI-to-PCI Bridge'\n    class    = bridge\n    subclass = PCI-PCI\npcib5@pci0:3:2:\tclass=0x060400 card=0x00000040 chip=0xe2381106 rev=0x00 hdr=0x01\n    vendor   = 'VIA Technologies Inc'\n    device   = 'K8T890 PCI-to-PCI Bridge'\n    class    = bridge\n    subclass = PCI-PCI\npcib6@pci0:3:3:\tclass=0x060400 card=0x00000040 chip=0xf2381106 rev=0x00 hdr=0x01\n    vendor   = 'VIA Technologies Inc'\n    device   = 'K8T890 PCI-to-PCI Bridge'\n    class    = bridge\n    subclass = PCI-PCI\natapci1@pci0:15:0:\tclass=0x01018f card=0x05911106 chip=0x05911106 rev=0x80 hdr=0x00\n    vendor   = 'VIA Technologies Inc'\n    class    = mass storage\n    subclass = ATA\natapci2@pci0:15:1:\tclass=0x01018a card=0x05711106 chip=0x05711106 rev=0x07 hdr=0x00\n    vendor   = 'VIA Technologies Inc'\n    device   = 'VT82xxxx EIDE Controller (All VIA Chipsets)'\n    class    = mass storage\n    subclass = ATA\nuhci0@pci0:16:0:\tclass=0x0c0300 card=0x30381106 chip=0x30381106 rev=0xa0 hdr=0x00\n    vendor   = 'VIA Technologies Inc'\n    device   = 'VT82xxxxx UHCI USB 1.1 Controller (All VIA Chipsets)'\n    class    = serial bus\n    subclass = USB\nuhci1@pci0:16:1:\tclass=0x0c0300 card=0x30381106 chip=0x30381106 rev=0xa0 hdr=0x00\n    vendor   = 'VIA Technologies Inc'\n    device   = 'VT82xxxxx UHCI USB 1.1 Controller (All VIA Chipsets)'\n    class    = serial bus\n    subclass = USB\nuhci2@pci0:16:2:\tclass=0x0c0300 card=0x30381106 chip=0x30381106 rev=0xa0 hdr=0x00\n    vendor   = 'VIA Technologies Inc'\n    device   = 'VT82xxxxx UHCI USB 1.1 Controller (All VIA Chipsets)'\n    class    = serial bus\n    subclass = USB\nuhci3@pci0:16:3:\tclass=0x0c0300 card=0x30381106 chip=0x30381106 rev=0xa0 hdr=0x00\n    vendor   = 'VIA Technologies Inc'\n    device   = 'VT82xxxxx UHCI USB 1.1 Controller (All VIA Chipsets)'\n    class    = serial bus\n    subclass = USB\nehci0@pci0:16:4:\tclass=0x0c0320 card=0x31041106 chip=0x31041106 rev=0x86 hdr=0x00\n    vendor   = 'VIA Technologies Inc'\n    device   = 'VT6202 USB 2.0 Enhanced Host Controller'\n    class    = serial bus\n    subclass = USB\nisab0@pci0:17:0:\tclass=0x060100 card=0x33371106 chip=0x33371106 rev=0x00 hdr=0x00\n    vendor   = 'VIA Technologies Inc'\n    class    = bridge\n    subclass = PCI-ISA\nhostb7@pci0:17:7:\tclass=0x060000 card=0x337e1106 chip=0x287e1106 rev=0x00 hdr=0x00\n    vendor   = 'VIA Technologies Inc'\n    class    = bridge\n    subclass = HOST-PCI\npcib7@pci0:19:0:\tclass=0x060400 card=0x00000060 chip=0x337b1106 rev=0x00 hdr=0x01\n    vendor   = 'VIA Technologies Inc'\n    class    = bridge\n    subclass = PCI-PCI\npcib8@pci0:19:1:\tclass=0x060401 card=0x00000060 chip=0x337a1106 rev=0x00 hdr=0x01\n    vendor   = 'VIA Technologies Inc'\n    class    = bridge\n    subclass = PCI-PCI\nhostb8@pci0:24:0:\tclass=0x060000 card=0x00000000 chip=0x11001022 rev=0x00 hdr=0x00\n    vendor   = 'Advanced Micro Devices (AMD)'\n    device   = 'Athlon 64 / Opteron HyperTransport Technology Configuration'\n    class    = bridge\n    subclass = HOST-PCI\nhostb9@pci0:24:1:\tclass=0x060000 card=0x00000000 chip=0x11011022 rev=0x00 hdr=0x00\n    vendor   = 'Advanced Micro Devices (AMD)'\n    device   = 'Athlon 64 / Opteron Address Map'\n    class    = bridge\n    subclass = HOST-PCI\nhostb10@pci0:24:2:\tclass=0x060000 card=0x00000000 chip=0x11021022 rev=0x00 hdr=0x00\n    vendor   = 'Advanced Micro Devices (AMD)'\n    device   = 'Athlon 64 / Opteron DRAM Controller'\n    class    = bridge\n    subclass = HOST-PCI\nhostb11@pci0:24:3:\tclass=0x060000 card=0x00000000 chip=0x11031022 rev=0x00 hdr=0x00\n    vendor   = 'Advanced Micro Devices (AMD)'\n    device   = 'Athlon 64 / Opteron Miscellaneous Control'\n    class    = bridge\n    subclass = HOST-PCI\nnone1@pci2:0:0:\tclass=0x030000 card=0x00831043 chip=0x5b601002 rev=0x00 hdr=0x00\n    vendor   = 'ATI Technologies Inc'\n    device   = 'Radeon X300 Series'\n    class    = display\n    subclass = VGA\nnone2@pci2:0:1:\tclass=0x038000 card=0x00821043 chip=0x5b701002 rev=0x00 hdr=0x00\n    vendor   = 'ATI Technologies Inc'\n    device   = 'Radeon X300 Series - Secondary'\n    class    = display\natapci0@pci6:0:0:\tclass=0x01018f card=0x82121043 chip=0x612111ab rev=0xb0 hdr=0x00\n    vendor   = 'Marvell Semiconductor (Was: Galileo Technology Ltd)'\n    class    = mass storage\n    subclass = ATA\nnone3@pci4:0:0:\tclass=0x020000 card=0x82261043 chip=0x10481969 rev=0xb0 hdr=0x00\n    class    = network\n    subclass = ethernet\npcm0@pci128:1:0:\tclass=0x040300 card=0x81e71043 chip=0x32881106 rev=0x10 hdr=0x00\n    vendor   = 'VIA Technologies Inc'\n    class    = multimedia\n\nxorg.conf:\nSection \"ServerLayout\"\n\tIdentifier     \"Layout0\"\n\tScreen      0  \"Screen0\" 0 0\n\tInputDevice    \"Keyboard0\" \"CoreKeyboard\"\n\tInputDevice    \"Mouse0\" \"CorePointer\"\nEndSection\n\nSection \"Files\"\n        RgbPath      \"/usr/X11R6/lib/X11/rgb\"\n        ModulePath   \"/usr/X11R6/lib/modules\"\n        FontPath     \"/usr/X11R6/lib/X11/fonts/misc/\"\n        FontPath     \"/usr/X11R6/lib/X11/fonts/Type1/\"\n        FontPath     \"/usr/X11R6/lib/X11/fonts/75dpi/\"\n        FontPath     \"/usr/X11R6/lib/X11/fonts/100dpi/\"\n        FontPath     \"/usr/X11R6/lib/X11/fonts/bitstream-vera/\"\nEndSection\n\nSection \"Module\"\n\tLoad  \"extmod\"\nEndSection\n\nSection \"InputDevice\"\n\tIdentifier  \"Mouse0\"\n\tDriver      \"mouse\"\n\tOption\t    \"Protocol\" \"Auto\"\n\tOption\t    \"Device\" \"/dev/sysmouse\"\n\tOption      \"ZAxisMapping\" \"4 5\"\nEndSection\n\nSection \"InputDevice\"\n    Identifier  \"Keyboard0\"\n    Driver      \"keyboard\"\n    Option\t    \"XkbModel\" \"pc105\"\n    Option      \"XkbLayout\" \"gb\"\nEndSection\n\nSection \"Monitor\"\n\tIdentifier   \"Monitor0\"\n\tHorizSync    31.5 - 48.5\n\tVertRefresh  50.0 - 90.0\nEndSection\n\nSection \"Device\"\n\tIdentifier  \"Card0\"\n\tDriver      \"ati\"\nEndSection\n\nSection \"Screen\"\n\tIdentifier \"Screen0\"\n\tDevice     \"Card0\"\n\tMonitor    \"Monitor0\"\n\tDefaultDepth     16\n\tSubSection \"Display\"\n\t       Depth 16\n        \tModes    \"1024x768\"\n\tEndSubSection\nEndSection\nHow-To-Repeat: N/A, for information only."
}