{
 "id": 1236229,
 "bug_id": 267514,
 "attachment_id": 0,
 "creation_time": "2022-11-19T20:48:03Z",
 "creator": "karl@denninger.net",
 "text": "(In reply to karl from comment #2)\n\nMore context....\n\npcEngines machine, the same problem *does* show up on 12.2 (I have a back-rev bootable card, and see the same pattern) so whatever this is, its not due to something between 12.x and 13.x.\n\nHere's the dmesg from the box's boot:\n\nCopyright (c) 1992-2021 The FreeBSD Project.\nCopyright (c) 1979, 1980, 1983, 1986, 1988, 1989, 1991, 1992, 1993, 1994\n        The Regents of the University of California. All rights reserved.\nFreeBSD is a registered trademark of The FreeBSD Foundation.\nFreeBSD 13.1-STABLE #1 stable/13-n253099-5971781ee78b: Sat Nov 19 11:27:42 EST 2022\n    karl@NewFS.denninger.net:/work/OBJ/Crochet-work-AMD13/usr/src/amd64.amd64/sys/KSD-SMP amd64\nFreeBSD clang version 14.0.5 (https://github.com/llvm/llvm-project.git llvmorg-14.0.5-0-gc12386ae247c)\nVT(vga): resolution 640x480\nCPU: AMD GX-412TC SOC                                (998.19-MHz K8-class CPU)\n  Origin=\"AuthenticAMD\"  Id=0x730f01  Family=0x16  Model=0x30  Stepping=1\n  Features=0x178bfbff\u003cFPU,VME,DE,PSE,TSC,MSR,PAE,MCE,CX8,APIC,SEP,MTRR,PGE,MCA,CMOV,PAT,PSE36,CLFLUSH,MMX,FXSR,SSE,SSE2,HTT\u003e\n  Features2=0x3ed8220b\u003cSSE3,PCLMULQDQ,MON,SSSE3,CX16,SSE4.1,SSE4.2,MOVBE,POPCNT,AESNI,XSAVE,OSXSAVE,AVX,F16C\u003e\n  AMD Features=0x2e500800\u003cSYSCALL,NX,MMX+,FFXSR,Page1GB,RDTSCP,LM\u003e\n  AMD Features2=0x1d4037ff\u003cLAHF,CMP,SVM,ExtAPIC,CR8,ABM,SSE4A,MAS,Prefetch,OSVW,IBS,SKINIT,WDT,Topology,PNXC,DBE,PTSC,PL2I\u003e\n  Structured Extended Features=0x8\u003cBMI1\u003e\n  XSAVE Features=0x1\u003cXSAVEOPT\u003e\n  SVM: NP,NRIP,AFlush,DAssist,NAsids=8\n  TSC: P-state invariant, performance statistics\nreal memory  = 2013057024 (1919 MB)\navail memory = 1911078912 (1822 MB)\nEvent timer \"LAPIC\" quality 100\nACPI APIC Table: \u003cCORE   COREBOOT\u003e\nFreeBSD/SMP: Multiprocessor System Detected: 4 CPUs\nFreeBSD/SMP: 1 package(s) x 4 core(s)\narc4random: WARNING: initial seeding bypassed the cryptographic random device because it was not yet seeded and the knob 'bypass_before_seeding' was enabled.\nioapic1: MADT APIC ID 5 != hw id 0\nioapic0 \u003cVersion 2.1\u003e irqs 0-23\nioapic1 \u003cVersion 2.1\u003e irqs 24-55\nLaunching APs: 2 1 3\nrandom: entropy device external interface\nkbd0 at kbdmux0\nvtvga0: \u003cVT VGA driver\u003e\nsmbios0: \u003cSystem Management BIOS\u003e at iomem 0xf3740-0xf375e\nsmbios0: Version: 2.7\naesni0: \u003cAES-CBC,AES-CCM,AES-GCM,AES-ICM,AES-XTS\u003e\nacpi0: \u003cCORE COREBOOT\u003e\nacpi0: Power Button (fixed)\ncpu0: \u003cACPI CPU\u003e on acpi0\natrtc0: \u003cAT realtime clock\u003e port 0x70-0x71 irq 8 on acpi0\natrtc0: registered as a time-of-day clock, resolution 1.000000s\nEvent timer \"RTC\" frequency 32768 Hz quality 0\nattimer0: \u003cAT timer\u003e port 0x40-0x43 irq 0 on acpi0\nTimecounter \"i8254\" frequency 1193182 Hz quality 0\nEvent timer \"i8254\" frequency 1193182 Hz quality 100\napei0: \u003cACPI Platform Error Interface\u003e on acpi0\nhpet0: \u003cHigh Precision Event Timer\u003e iomem 0xfed00000-0xfed003ff on acpi0\nTimecounter \"HPET\" frequency 14318180 Hz quality 950\nTimecounter \"ACPI-fast\" frequency 3579545 Hz quality 900\nacpi_timer0: \u003c32-bit timer at 3.579545MHz\u003e port 0x818-0x81b on acpi0\nacpi_button0: \u003cPower Button\u003e on acpi0\npcib0: \u003cACPI Host-PCI bridge\u003e port 0xcf8-0xcff on acpi0\npci0: \u003cACPI PCI bus\u003e on pcib0\npcib1: \u003cACPI PCI-PCI bridge\u003e at device 2.2 on pci0\npcib1: failed to allocate initial I/O port window: 0x1000-0x1fff\npci1: \u003cACPI PCI bus\u003e on pcib1\nigb0: \u003cIntel(R) I211 (Copper)\u003e port 0x2000-0x201f mem 0xfe700000-0xfe71ffff,0xfe720000-0xfe723fff at device 0.0 on pci1\nigb0: NVM V0.6 imgtype1\nigb0: Using 1024 TX descriptors and 1024 RX descriptors\nigb0: Using 2 RX queues 2 TX queues\nigb0: Using MSI-X interrupts with 3 vectors\nigb0: Ethernet address: 00:0d:b9:46:71:88\nigb0: netmap queues/slots: TX 2/1024, RX 2/1024\npcib2: \u003cACPI PCI-PCI bridge\u003e at device 2.4 on pci0\npcib2: failed to allocate initial I/O port window: 0x2000-0x2fff\npci2: \u003cACPI PCI bus\u003e on pcib2\nigb1: \u003cIntel(R) I211 (Copper)\u003e port 0x4000-0x401f mem 0xfe800000-0xfe81ffff,0xfe820000-0xfe823fff at device 0.0 on pci2\nigb1: NVM V0.6 imgtype1\nigb1: Using 1024 TX descriptors and 1024 RX descriptors\nigb1: Using 2 RX queues 2 TX queues\nigb1: Using MSI-X interrupts with 3 vectors\nigb1: Ethernet address: 00:0d:b9:46:71:89\nigb1: netmap queues/slots: TX 2/1024, RX 2/1024\npci0: \u003cencrypt/decrypt\u003e at device 8.0 (no driver attached)\nxhci0: \u003cAMD FCH USB 3.0 controller\u003e mem 0xfeb22000-0xfeb23fff at device 16.0 on pci0\nxhci0: 32 bytes context size, 64-bit DMA\nusbus0 on xhci0\nusbus0: 5.0Gbps Super Speed USB v3.0\nahci0: \u003cAMD Hudson-2 AHCI SATA controller\u003e port 0x3010-0x3017,0x3020-0x3023,0x3018-0x301f,0x3024-0x3027,0x3000-0x300f mem 0xfeb25000-0xfeb253ff at device 17.0 on pci0\nahci0: AHCI v1.30 with 2 6Gbps ports, Port Multiplier supported with FBS\nahcich0: \u003cAHCI channel\u003e at channel 0 on ahci0\nahcich1: \u003cAHCI channel\u003e at channel 1 on ahci0\nehci0: \u003cAMD FCH USB 2.0 controller\u003e mem 0x80000000-0x800000ff at device 18.0 on pci0\nusbus1: EHCI version 1.0\nusbus1 on ehci0\nusbus1: 480Mbps High Speed USB v2.0\nehci1: \u003cAMD FCH USB 2.0 controller\u003e mem 0xfeb25400-0xfeb254ff at device 19.0 on pci0\nusbus2: EHCI version 1.0\nusbus2 on ehci1\nusbus2: 480Mbps High Speed USB v2.0\nisab0: \u003cPCI-ISA bridge\u003e at device 20.3 on pci0\nisa0: \u003cISA bus\u003e on isab0\nsdhci_pci0: \u003cGeneric SD HCI\u003e mem 0xfeb25500-0xfeb255ff at device 20.7 on pci0\nsdhci_pci0: 1 slot(s) allocated\nmmc0: \u003cMMC/SD bus\u003e on sdhci_pci0\nuart0: \u003c16550 or compatible\u003e port 0x3f8-0x3ff irq 4 flags 0x10 on acpi0\nuart0: console (115200,n,8,1)\norm0: \u003cISA Option ROM\u003e at iomem 0xef000-0xeffff pnpid ORM0000 on isa0\nuart1: \u003c16550 or compatible\u003e at port 0x2f8 irq 3 on isa0\nhwpstate0: \u003cCool`n'Quiet 2.0\u003e on cpu0\nTimecounter \"TSC\" frequency 998127581 Hz quality 1000\nTimecounters tick every 1.000 msec\nload_dn_sched dn_sched FQ_PIE loaded\nload_dn_sched dn_sched PRIO loaded\nload_dn_sched dn_sched QFQ loaded\nload_dn_sched dn_sched RR loaded\nload_dn_sched dn_sched WF2Q+ loaded\nload_dn_sched dn_sched FIFO loaded\nload_dn_sched dn_sched FQ_CODEL loaded\nload_dn_aqm dn_aqm CODEL loaded\nload_dn_aqm dn_aqm PIE loaded\nugen1.1: \u003cAMD EHCI root HUB\u003e at usbus1\nugen0.1: \u003cAMD XHCI root HUB\u003e at usbus0\nugen2.1: \u003cAMD EHCI root HUB\u003e at usbus2\nuhub0 on usbus1\nuhub0: \u003cAMD EHCI root HUB, class 9/0, rev 2.00/1.00, addr 1\u003e on usbus1\nuhub1 on usbus2\nuhub1: \u003cAMD EHCI root HUB, class 9/0, rev 2.00/1.00, addr 1\u003e on usbus2\nuhub2 on usbus0\nuhub2: \u003cAMD XHCI root HUB, class 9/0, rev 3.00/1.00, addr 1\u003e on usbus0\nmmcsd0: 16GB \u003cSDHC SL16G 8.0 SN A4981A22 MFG 01/2017 by 3 SD\u003e at mmc0 50.0MHz/4bit/65535-block\nTrying to mount root from ufs:/dev/mmcsd0s2a [ro]...\nuhub2: 4 ports with 4 removable, self powered\nuhub0: 2 ports with 2 removable, self powered\nuhub1: 2 ports with 2 removable, self powered\nugen0.2: \u003cTP-Link USB 10/100/1000 LAN\u003e at usbus0\nugen1.2: \u003cvendor 0x0438 product 0x7900\u003e at usbus1\nuhub3 on uhub0\nuhub3: \u003cvendor 0x0438 product 0x7900, class 9/0, rev 2.00/0.18, addr 2\u003e on usbus1\nugen2.2: \u003cvendor 0x0438 product 0x7900\u003e at usbus2\nuhub4 on uhub1\nuhub4: \u003cvendor 0x0438 product 0x7900, class 9/0, rev 2.00/0.18, addr 2\u003e on usbus2\nuhub3: 4 ports with 4 removable, self powered\nuhub4: 4 ports with 4 removable, self powered\nrandom: unblocking device.\nintsmb0: \u003cAMD FCH SMBus Controller\u003e at device 20.0 on pci0\nsmbus0: \u003cSystem Management Bus\u003e on intsmb0\nlo0: link state changed to UP\nigb0: link state changed to UP\nigb1: link state changed to UP\nigb1.3: link state changed to UP\nure0 on uhub2\nure0: \u003cTP-Link USB 10/100/1000 LAN, class 0/0, rev 3.00/30.00, addr 1\u003e on usbus0\nmiibus0: \u003cMII bus\u003e on ure0\nrgephy0: \u003cRTL8251/8153 1000BASE-T media interface\u003e PHY 0 on miibus0\nrgephy0:  none, 10baseT, 10baseT-FDX, 100baseTX, 100baseTX-FDX, 1000baseT-FDX, 1000baseT-FDX-master, auto\nue0: \u003cUSB Ethernet\u003e on ure0\nue0: Ethernet address: 28:87:ba:3e:55:04\n[fib_algo] inet.0 (bsearch4#24) rebuild_fd_flm: switching algo to radix4_lockless\nue0: link state changed to DOWN\nipfw2 (+ipv6) initialized, divert loadable, nat loadable, default to deny, logging disabled\nSecurity policy loaded: MAC/ntpd (mac_ntpd)\nue0: link state changed to UP\nue0: link state changed to DOWN\n\nChanging (on the switch) the negotiable speeds down from 1Gbps/FDX does not change behavior, nor does disabling power management on the switch port involved.  The igb interfaces do not flap at all, nor do ue interfaces on the Pi3 that is on the same network segment and switch (physically adjacent to this machine.)\n\nThis box is the network gateway to the outside (cable modem is attached to it) and does have and route both Ipv4 and v6.  Prior to adding the ue0 interface it exhibited no misbehavior at all (and hasn't through several revisions of FreeBSD.)"
}