{
 "id": 376934,
 "bug_id": 109200,
 "attachment_id": 0,
 "creation_time": "2008-07-14T20:34:24Z",
 "creator": "bcran@FreeBSD.org",
 "text": "I've seen this issue as well; I solved it by getting UDMA66 cables.\r\nI've definitely seen it on 7.0 but will double check it occurs with\r\nknown good UDMA33 cables.\r\nHere's the dmesg:\r\n\r\nCopyright (c) 1992-2008 The FreeBSD Project.\r\nCopyright (c) 1979, 1980, 1983, 1986, 1988, 1989, 1991, 1992, 1993, 1994\r\n\tThe Regents of the University of California. All rights\r\nreserved. FreeBSD is a registered trademark of The FreeBSD Foundation.\r\nFreeBSD 7.0-RELEASE-p1 #0: Sat May 17 22:56:30 BST 2008\r\n    brucec@gluon.draftnet:/usr/obj/usr/src/sys/GENERIC\r\nTimecounter \"i8254\" frequency 1193182 Hz quality 0\r\nCPU: AMD Athlon(TM) XP 2800+ (1668.71-MHz 686-class CPU)\r\n  Origin = \"AuthenticAMD\"  Id = 0x6a0  Stepping = 0\r\n  Features=0x383fbff\u003cFPU,VME,DE,PSE,TSC,MSR,PAE,MCE,CX8,APIC,SEP,MTRR,PGE,MCA,CMOV,PAT,PSE36,MMX,FXSR,SSE\u003e\r\n  AMD Features=0xc0400800\u003cSYSCALL,MMX+,3DNow!+,3DNow!\u003e\r\nreal memory  = 1073725440 (1023 MB)\r\navail memory = 1028722688 (981 MB)\r\nACPI APIC Table: \u003cASUS   A7V333  \u003e\r\nioapic0: Changing APIC ID to 2\r\nioapic0 \u003cVersion 0.2\u003e irqs 0-23 on motherboard\r\nkbd1 at kbdmux0\r\nath_hal: 0.9.20.3 (AR5210, AR5211, AR5212, RF5111, RF5112, RF2413,\r\nRF5413) hptrr: HPT RocketRAID controller driver v1.1 (May 17 2008\r\n22:55:59) acpi0: \u003cASUS A7V333\u003e on motherboard\r\nacpi0: [ITHREAD]\r\nacpi0: Power Button (fixed)\r\nacpi0: reservation of 0, a0000 (3) failed\r\nacpi0: reservation of 100000, 3ff00000 (3) failed\r\nTimecounter \"ACPI-fast\" frequency 3579545 Hz quality 1000\r\nacpi_timer0: \u003c32-bit timer at 3.579545MHz\u003e port 0xe408-0xe40b on acpi0\r\ncpu0: \u003cACPI CPU\u003e on acpi0\r\nacpi_button0: \u003cPower Button\u003e on acpi0\r\npcib0: \u003cACPI Host-PCI bridge\u003e port 0xcf8-0xcff on acpi0\r\npci0: \u003cACPI PCI bus\u003e on pcib0\r\nagp0: \u003cVIA 8367 (KT266/KY266x/KT333) host to PCI bridge\u003e on hostb0\r\nagp0: aperture size is 256M\r\npcib1: \u003cACPI PCI-PCI bridge\u003e at device 1.0 on pci0\r\npci1: \u003cACPI PCI bus\u003e on pcib1\r\nvgapci0: \u003cVGA-compatible display\u003e mem\r\n0xde000000-0xdeffffff,0xe0000000-0xefffffff,0xdd000000-0xddffffff irq\r\n16 at device 0.0 on pci1 nvidia0: \u003cUnknown\u003e on vgapci0 vgapci0: child\r\nnvidia0 requested pci_enable_busmaster vgapci0: child nvidia0 requested\r\npci_enable_io nvidia0: [GIANT-LOCKED]\r\nnvidia0: [ITHREAD]\r\npcm0: \u003cCMedia CMI8738\u003e port 0xd800-0xd8ff irq 17 at device 5.0 on pci0\r\npcm0: [ITHREAD]\r\nuhci0: \u003cVIA 83C572 USB controller\u003e port 0xd400-0xd41f irq 19 at device\r\n9.0 on pci0 uhci0: [GIANT-LOCKED]\r\nuhci0: [ITHREAD]\r\nusb0: \u003cVIA 83C572 USB controller\u003e on uhci0\r\nusb0: USB revision 1.0\r\nuhub0: \u003cVIA UHCI root hub, class 9/0, rev 1.00/1.00, addr 1\u003e on usb0\r\nuhub0: 2 ports with 2 removable, self powered\r\nuhci1: \u003cVIA 83C572 USB controller\u003e port 0xd000-0xd01f irq 16 at device\r\n9.1 on pci0 uhci1: [GIANT-LOCKED]\r\nuhci1: [ITHREAD]\r\nusb1: \u003cVIA 83C572 USB controller\u003e on uhci1\r\nusb1: USB revision 1.0\r\nuhub1: \u003cVIA UHCI root hub, class 9/0, rev 1.00/1.00, addr 1\u003e on usb1\r\nuhub1: 2 ports with 2 removable, self powered\r\nehci0: \u003cVIA VT6202 USB 2.0 controller\u003e mem 0xdc800000-0xdc8000ff irq 17\r\nat device 9.2 on pci0 ehci0: [GIANT-LOCKED]\r\nehci0: [ITHREAD]\r\nusb2: EHCI version 0.95\r\nusb2: companion controllers, 2 ports each: usb0 usb1\r\nusb2: \u003cVIA VT6202 USB 2.0 controller\u003e on ehci0\r\nusb2: USB revision 2.0\r\nuhub2: \u003cVIA EHCI root hub, class 9/0, rev 2.00/1.00, addr 1\u003e on usb2\r\nuhub2: 4 ports with 4 removable, self powered\r\nsis0: \u003cNatSemi DP8381[56] 10/100BaseTX\u003e port 0xb800-0xb8ff mem\r\n0xdc000000-0xdc000fff irq 19 at device 16.0 on pci0 sis0: Silicon\r\nRevision: DP83815D miibus0: \u003cMII bus\u003e on sis0\r\nukphy0: \u003cGeneric IEEE 802.3u media interface\u003e PHY 0 on miibus0\r\nukphy0:  10baseT, 10baseT-FDX, 100baseTX, 100baseTX-FDX, auto\r\nsis0: Ethernet address: 00:40:f4:57:98:71\r\nsis0: [ITHREAD]\r\nisab0: \u003cPCI-ISA bridge\u003e at device 17.0 on pci0\r\nisa0: \u003cISA bus\u003e on isab0\r\natapci0: \u003cVIA 8233A UDMA133 controller\u003e port\r\n0x1f0-0x1f7,0x3f6,0x170-0x177,0x376,0xb400-0xb40f at device 17.1 on\r\npci0 ata0: \u003cATA channel 0\u003e on atapci0 ata0: [ITHREAD]\r\nata1: \u003cATA channel 1\u003e on atapci0\r\nata1: [ITHREAD]\r\nuhci2: \u003cVIA 83C572 USB controller\u003e port 0xb000-0xb01f at device 17.2 on\r\npci0 uhci2: [GIANT-LOCKED]\r\nuhci2: [ITHREAD]\r\nusb3: \u003cVIA 83C572 USB controller\u003e on uhci2\r\nusb3: USB revision 1.0\r\nuhub3: \u003cVIA UHCI root hub, class 9/0, rev 1.00/1.00, addr 1\u003e on usb3\r\nuhub3: 2 ports with 2 removable, self powered\r\nuhci3: \u003cVIA 83C572 USB controller\u003e port 0xa800-0xa81f irq 21 at device\r\n17.3 on pci0 uhci3: [GIANT-LOCKED]\r\nuhci3: [ITHREAD]\r\nusb4: \u003cVIA 83C572 USB controller\u003e on uhci3\r\nusb4: USB revision 1.0\r\nuhub4: \u003cVIA UHCI root hub, class 9/0, rev 1.00/1.00, addr 1\u003e on usb4\r\nuhub4: 2 ports with 2 removable, self powered\r\nfdc0: \u003cfloppy drive controller\u003e port 0x3f2-0x3f5,0x3f7 irq 6 drq 2 on\r\nacpi0 fdc0: [FILTER]\r\nfd0: \u003c1440-KB 3.5\" drive\u003e on fdc0 drive 0\r\nsio0: \u003c16550A-compatible COM port\u003e port 0x3f8-0x3ff irq 4 on acpi0\r\nsio0: type 16550A\r\nsio0: [FILTER]\r\natkbdc0: \u003cKeyboard controller (i8042)\u003e port 0x60,0x64 irq 1 on acpi0\r\natkbd0: \u003cAT Keyboard\u003e irq 1 on atkbdc0\r\nkbd0 at atkbd0\r\natkbd0: [GIANT-LOCKED]\r\natkbd0: [ITHREAD]\r\npmtimer0 on isa0\r\norm0: \u003cISA Option ROM\u003e at iomem 0xd0000-0xd3fff pnpid ORM0000 on isa0\r\nppc0: parallel port not found.\r\nsc0: \u003cSystem console\u003e at flags 0x100 on isa0\r\nsc0: VGA \u003c16 virtual consoles, flags=0x300\u003e\r\nsio1: configured irq 3 not in bitmap of probed irqs 0\r\nsio1: port may not be enabled\r\nvga0: \u003cGeneric ISA VGA\u003e at port 0x3c0-0x3df iomem 0xa0000-0xbffff on\r\nisa0 Timecounter \"TSC\" frequency 1668711383 Hz quality 800\r\nTimecounters tick every 1.000 msec\r\nhptrr: no controller detected.\r\nad0: 76319MB \u003cWDC WD800BB-00CAA1 17.07W17\u003e at ata0-master UDMA100\r\nad1: 58644MB \u003cIC35L060AVER07 0 ER6OA46A\u003e at ata0-slave UDMA100\r\nad2: 78167MB \u003cMaxtor 6Y080L0 YAR41BW0\u003e at ata1-master UDMA133\r\nacd0: DVDR \u003cHL-DT-ST DVDRAM GSA-4163B/A104\u003e at ata1-slave UDMA33\r\nacd0: FAILURE - READ_BIG ILLEGAL REQUEST asc=0x64 ascq=0x00 \r\nGEOM_LABEL: Label for provider acd0 is iso9660/FreeBSD_Install.\r\nacd0: FAILURE - READ_BIG ILLEGAL REQUEST asc=0x64 ascq=0x00 \r\nTrying to mount root from ufs:/dev/ad0s1a\r\nsis0: Applying short cable fix (reg=f4)\r\nsis0: Applying short cable fix (reg=e8)\r\nsis0: Applying short cable fix (reg=e8)\r\nsis0: Applying short cable fix (reg=e8)\r\nsis0: Applying short cable fix (reg=e8)\r\nsis0: Applying short cable fix (reg=e8)\r\nsis0: Applying short cable fix (reg=e8)"
}