{
 "id": 457589,
 "bug_id": 126142,
 "attachment_id": 0,
 "creation_time": "2008-07-31T17:30:03Z",
 "creator": "shinkei@yandex.ru",
 "text": "My machine stops on reading from HDD and reboot after some time.\n\nMy dmesg (error and after boot):\n\nJul 31 05:29:18 melchior kernel: ad4: TIMEOUT - READ_DMA48 retrying (1 retry left) LBA=677896144\nJul 31 05:29:18 melchior kernel: interrupt storm detected on \"irq10:\"; throttling interrupt source\nJul 31 05:29:22 melchior last message repeated 4 times\nJul 31 05:29:23 melchior kernel: ad4: TIMEOUT - READ_DMA48 retrying (0 retries left) LBA=677896144\nJul 31 05:29:59 melchior kernel: ad4: FAILURE - device detached\nJul 31 05:29:59 melchior kernel: subdisk4: detached\nJul 31 05:29:59 melchior kernel: ad4: detached\nJul 31 05:29:59 melchior kernel: g_vfs_done():ad4a[READ(offset=347082817536, length=131072)]error = 6\nJul 31 05:29:59 melchior kernel: g_vfs_done():ad4a[READ(offset=347082817536, length=16384)]error = 6\nJul 31 05:29:59 melchior kernel: g_vfs_done():ad4a[READ(offset=347082833920, length=131072)]error = 6\nJul 31 05:29:59 melchior kernel: g_vfs_done():ad4a[READ(offset=352288047104, length=16384)]error = 6\nJul 31 05:29:59 melchior kernel: g_vfs_done():ad4a[READ(offset=341502459904, length=32768)]error = 6\nJul 31 05:29:59 melchior kernel: g_vfs_done():ad4a[READ(offset=436464951296, length=2048)]error = 6\nJul 31 05:29:59 melchior kernel: g_vfs_done():ad4a[READ(offset=347082817536, length=16384)]error = 6\nJul 31 05:29:59 melchior kernel: g_vfs_done():ad4a[READ(offset=341502476288, length=16384)]error = 6\nJul 31 05:29:59 melchior kernel: g_vfs_done():ad4a[READ(offset=347083194368, length=32768)]error = 6\nJul 31 05:29:59 melchior kernel: g_vfs_done():ad4a[READ(offset=341502492672, length=16384)]error = 6\nJul 31 05:29:59 melchior kernel: g_vfs_done():ad4a[READ(offset=347083210752, length=16384)]error = 6\nJul 31 05:29:59 melchior kernel: g_vfs_done():ad4a[READ(offset=341502492672, length=32768)]error = 6\nJul 31 05:29:59 melchior kernel: g_vfs_done():ad4a[READ(offset=347083210752, length=32768)]error = 6\nJul 31 05:29:59 melchior kernel: g_vfs_done():ad4a[READ(offset=341502509056, length=16384)]error = 6\nJul 31 05:29:59 melchior kernel: g_vfs_done():ad4a[READ(offset=347083227136, length=16384)]error = 6\nJul 31 05:29:59 melchior kernel: g_vfs_done():ad4a[READ(offset=341502509056, length=32768)]error = 6\nJul 31 05:29:59 melchior kernel: g_vfs_done():ad4a[READ(offset=347083243520, length=16384)]error = 6\nJul 31 05:29:59 melchior kernel: g_vfs_done():ad4a[READ(offset=341502525440, length=32768)]error = 6\nJul 31 05:29:59 melchior kernel: g_vfs_done():ad4a[READ(offset=347083243520, length=32768)]error = 6\nJul 31 05:29:59 melchior kernel: g_vfs_done():ad4a[READ(offset=316829007872, length=131072)]error = 6\nJul 31 05:29:59 melchior kernel: g_vfs_done():ad4a[READ(offset=341502541824, length=16384)]error = 6\nJul 31 05:29:59 melchior kernel: g_vfs_done():ad4a[READ(offset=347083259904, length=16384)]error = 6\nJul 31 05:29:59 melchior kernel: g_vfs_done():ad4a[READ(offset=316829007872, length=131072)]error = 6\nJul 31 05:29:59 melchior kernel: g_vfs_done():ad4a[READ(offset=341502541824, length=32768)]error = 6\nJul 31 05:29:59 melchior kernel: g_vfs_done():ad4a[READ(offset=347083259904, length=32768)]error = 6\nJul 31 05:29:59 melchior kernel: g_vfs_done():ad4a[READ(offset=341502558208, length=16384)]error = 6\nJul 31 05:29:59 melchior kernel: g_vfs_done():ad4a[READ(offset=347083276288, length=32768)]error = 6\nJul 31 05:29:59 melchior kernel: g_vfs_done():ad4a[READ(offset=316829007872, length=131072)]error = 6\nJul 31 05:29:59 melchior kernel: g_vfs_done():ad4a[READ(offset=436462970880, length=2048)]error = 6\nJul 31 05:29:59 melchior kernel: g_vfs_done():ad4a[READ(offset=436465528832, length=2048)]error = 6\nJul 31 05:29:59 melchior kernel: g_vfs_done():ad4a[READ(offset=436465938432, length=2048)]error = 6\nJul 31 05:29:59 melchior kernel: g_vfs_done():ad4a[READ(offset=436466198528, length=2048)]error = 6\nJul 31 05:29:59 melchior kernel: g_vfs_done():ad4a[READ(offset=341502574592, length=16384)]error = 6\nJul 31 05:29:59 melchior kernel: g_vfs_done():ad4a[READ(offset=347083292672, length=16384)]error = 6\nJul 31 05:29:59 melchior kernel: g_vfs_done():ad4a[READ(offset=341502574592, length=32768)]error = 6\nJul 31 05:29:59 melchior kernel: g_vfs_done():ad4a[READ(offset=347083292672, length=32768)]error = 6\nJul 31 05:29:59 melchior kernel: g_vfs_done():ad4a[READ(offset=316829007872, length=16384)]error = 6\nJul 31 05:29:59 melchior kernel: g_vfs_done():ad4a[READ(offset=316829024256, length=131072)]error = 6\nJul 31 05:30:00 melchior kernel: g_vfs_done():ad4a[READ(offset=341502590976, length=16384)]error = 6\nJul 31 05:30:00 melchior kernel: g_vfs_done():ad4a[READ(offset=347083309056, length=16384)]error = 6\nJul 31 05:30:00 melchior kernel: g_vfs_done():ad4a[READ(offset=316829007872, length=32768)]error = 6\nJul 31 05:30:00 melchior kernel: g_vfs_done():ad4a[READ(offset=341502590976, length=32768)]error = 6\nJul 31 05:30:00 melchior kernel: g_vfs_done():ad4a[READ(offset=347083325440, length=16384)]error = 6\nJul 31 05:30:00 melchior kernel: g_vfs_done():ad4a[READ(offset=316829024256, length=16384)]error = 6\nJul 31 05:30:00 melchior kernel: g_vfs_done():ad4a[READ(offset=341502607360, length=32768)]error = 6\nJul 31 05:30:00 melchior kernel: g_vfs_done():ad4a[READ(offset=347083325440, length=32768)]error = 6\nJul 31 05:30:00 melchior kernel: g_vfs_done():ad4a[READ(offset=316829024256, length=32768)]error = 6\nJul 31 05:30:00 melchior kernel: g_vfs_done():ad4a[READ(offset=341502623744, length=16384)]error = 6\nJul 31 05:30:00 melchior kernel: g_vfs_done():ad4a[READ(offset=347083341824, length=16384)]error = 6\nJul 31 05:30:00 melchior kernel: g_vfs_done():ad4a[READ(offset=316829040640, length=32768)]error = 6\nJul 31 05:30:00 melchior kernel: g_vfs_done():ad4a[READ(offset=341502623744, length=32768)]error = 6\nJul 31 05:30:00 melchior kernel: g_vfs_done():ad4a[READ(offset=347083341824, length=32768)]error = 6\nJul 31 05:30:00 melchior kernel: g_vfs_done():ad4a[READ(offset=316829057024, length=16384)]error = 6\nJul 31 05:30:00 melchior kernel: g_vfs_done():ad4a[READ(offset=341502640128, length=16384)]error = 6\nJul 31 05:30:00 melchior kernel: g_vfs_done():ad4a[READ(offset=347083358208, length=32768)]error = 6\nJul 31 05:30:00 melchior kernel: g_vfs_done():ad4a[READ(offset=316829057024, length=32768)]error = 6\nJul 31 05:30:00 melchior kernel: g_vfs_done():ad4a[READ(offset=437813516288, length=8192)]error = 6\nJul 31 05:30:00 melchior kernel: g_vfs_done():ad4a[READ(offset=437813516288, length=8192)]error = 6\nJul 31 05:30:00 melchior kernel: g_vfs_done():ad4a[READ(offset=347083374592, length=16384)]error = 6\nJul 31 05:30:00 melchior kernel: g_vfs_done():ad4a[READ(offset=316829073408, length=16384)]error = 6\nJul 31 05:30:00 melchior kernel: g_vfs_done():ad4a[READ(offset=347084111872, length=32768)]error = 6\nJul 31 05:30:00 melchior kernel: g_vfs_done():ad4a[READ(offset=316829089792, length=16384)]error = 6\nJul 31 05:30:00 melchior kernel: g_vfs_done():ad4a[READ(offset=347084128256, length=16384)]error = 6\nJul 31 05:30:00 melchior kernel: g_vfs_done():ad4a[READ(offset=316829089792, length=32768)]error = 6\nJul 31 05:30:01 melchior kernel: g_vfs_done():ad4a[READ(offset=347084144640, length=16384)]error = 6\nJul 31 05:30:01 melchior kernel: g_vfs_done():ad4a[READ(offset=316829106176, length=16384)]error = 6\nJul 31 05:30:01 melchior kernel: g_vfs_done():ad4a[READ(offset=347084144640, length=32768)]error = 6\nJul 31 05:30:01 melchior kernel: g_vfs_done():ad4a[READ(offset=316829106176, length=32768)]error = 6\nJul 31 05:30:01 melchior kernel: g_vfs_done():ad4a[READ(offset=347084161024, length=16384)]error = 6\nJul 31 05:30:01 melchior kernel: g_vfs_done():ad4a[READ(offset=316829122560, length=32768)]error = 6\nJul 31 05:30:01 melchior kernel: g_vfs_done():ad4a[READ(offset=347084161024, length=32768)]error = 6\nJul 31 05:30:01 melchior kernel: g_vfs_done():ad4a[READ(offset=316829138944, length=16384)]error = 6\nJul 31 05:33:40 melchior syslogd: kernel boot file is /boot/kernel/kernel\nJul 31 05:33:40 melchior kernel: Copyright (c) 1992-2008 The FreeBSD Project.\nJul 31 05:33:40 melchior kernel: Copyright (c) 1979, 1980, 1983, 1986, 1988, 1989, 1991, 1992, 1993, 1994\nJul 31 05:33:40 melchior kernel: The Regents of the University of California. All rights reserved.\nJul 31 05:33:40 melchior kernel: FreeBSD is a registered trademark of The FreeBSD Foundation.\nJul 31 05:33:40 melchior kernel: FreeBSD 7.0-RELEASE-p3 #0: Fri Jul 18 19:11:26 MSD 2008\nJul 31 05:33:40 melchior kernel: root@melchior.shinkei.ru:/usr/src/sys/i386/compile/SANA\nJul 31 05:33:40 melchior kernel: Timecounter \"i8254\" frequency 1193182 Hz quality 0\nJul 31 05:33:40 melchior kernel: CPU: Pentium III/Pentium III Xeon/Celeron (501.14-MHz 686-class CPU)\nJul 31 05:33:40 melchior kernel: Origin = \"GenuineIntel\"  Id = 0x673  Stepping = 3\nJul 31 05:33:40 melchior kernel: Features=0x387f9ff\u003cFPU,VME,DE,PSE,TSC,MSR,PAE,MCE,CX8,SEP,MTRR,PGE,MCA,CMOV,PAT,PSE36,PN,MMX,FXSR,SSE\u003e\nJul 31 05:33:40 melchior kernel: real memory  = 268369920 (255 MB)\nJul 31 05:33:40 melchior kernel: avail memory = 253034496 (241 MB)\nJul 31 05:33:40 melchior kernel: kbd1 at kbdmux0\nJul 31 05:33:40 melchior kernel: ACPI disabled by blacklist.  Contact your BIOS vendor.\nJul 31 05:33:40 melchior kernel: ACPI: Try disabling either ACPI or apic support.\nJul 31 05:33:40 melchior kernel: cpu0 on motherboard\nJul 31 05:33:40 melchior kernel: pcib0: \u003cIntel 82443BX (440 BX) host to PCI bridge\u003e pcibus 0 on motherboard\nJul 31 05:33:40 melchior kernel: pir0: \u003cPCI Interrupt Routing Table: 7 Entries\u003e on motherboard\nJul 31 05:33:40 melchior kernel: pci0: \u003cPCI bus\u003e on pcib0\nJul 31 05:33:40 melchior kernel: agp0: \u003cIntel 82443BX (440 BX) host to PCI bridge\u003e on hostb0\nJul 31 05:33:40 melchior kernel: pcib1: \u003cPCI-PCI bridge\u003e at device 1.0 on pci0\nJul 31 05:33:40 melchior kernel: pci1: \u003cPCI bus\u003e on pcib1\nJul 31 05:33:40 melchior kernel: vgapci0: \u003cVGA-compatible display\u003e port 0x9000-0x90ff mem 0xe2000000-0xe2ffffff,0xe1000000-0xe1000fff irq 11 at device 0.0 on pci1\nJul 31 05:33:40 melchior kernel: fxp0: \u003cIntel 82558 Pro/100 Ethernet\u003e port 0xa000-0xa01f mem 0xe5500000-0xe5500fff,0xe5400000-0xe54fffff irq 11 at device 4.0 on pci0\nJul 31 05:33:40 melchior kernel: miibus0: \u003cMII bus\u003e on fxp0\nJul 31 05:33:40 melchior kernel: inphy0: \u003ci82555 10/100 media interface\u003e PHY 1 on miibus0\nJul 31 05:33:40 melchior kernel: inphy0:  10baseT, 10baseT-FDX, 100baseTX, 100baseTX-FDX, auto\nJul 31 05:33:40 melchior kernel: fxp0: Ethernet address: 00:10:dc:26:51:1e\nJul 31 05:33:40 melchior kernel: fxp0: [ITHREAD]\nJul 31 05:33:40 melchior kernel: isab0: \u003cPCI-ISA bridge\u003e at device 7.0 on pci0\nJul 31 05:33:40 melchior kernel: isa0: \u003cISA bus\u003e on isab0\nJul 31 05:33:40 melchior kernel: atapci0: \u003cIntel PIIX4 UDMA33 controller\u003e port 0x1f0-0x1f7,0x3f6,0x170-0x177,0x376,0xf000-0xf00f at device 7.1 on pci0\nJul 31 05:33:40 melchior kernel: ata0: \u003cATA channel 0\u003e on atapci0\nJul 31 05:33:40 melchior kernel: ata0: [ITHREAD]\nJul 31 05:33:40 melchior kernel: ata1: \u003cATA channel 1\u003e on atapci0\nJul 31 05:33:40 melchior kernel: ata1: [ITHREAD]\nJul 31 05:33:40 melchior kernel: pci0: \u003cserial bus, USB\u003e at device 7.2 (no driver attached)\nJul 31 05:33:40 melchior kernel: pci0: \u003cbridge\u003e at device 7.3 (no driver attached)\nJul 31 05:33:40 melchior kernel: atapci1: \u003cAcerLabs M5281 SATA150 controller\u003e port 0xa800-0xa807,0xac00-0xac03,0xb000-0xb007,0xb400-0xb403,0xb800-0xb80f irq 10 at device 20.0 on pci0\nJul 31 05:33:40 melchior kernel: atapci1: [ITHREAD]\nJul 31 05:33:40 melchior kernel: ata2: \u003cATA channel 0\u003e on atapci1\nJul 31 05:33:40 melchior kernel: ata2: [ITHREAD]\nJul 31 05:33:40 melchior kernel: ata3: \u003cATA channel 1\u003e on atapci1\nJul 31 05:33:40 melchior kernel: ata3: [ITHREAD]\nJul 31 05:33:40 melchior kernel: pci0: \u003cmass storage\u003e at device 20.1 (no driver attached)\nJul 31 05:33:40 melchior kernel: pmtimer0 on isa0\nJul 31 05:33:40 melchior kernel: orm0: \u003cISA Option ROM\u003e at iomem 0xc0000-0xc7fff pnpid ORM0000 on isa0\nJul 31 05:33:40 melchior kernel: atkbdc0: \u003cKeyboard controller (i8042)\u003e at port 0x60,0x64 on isa0\nJul 31 05:33:40 melchior kernel: atkbd0: \u003cAT Keyboard\u003e irq 1 on atkbdc0\nJul 31 05:33:40 melchior kernel: kbd0 at atkbd0\nJul 31 05:33:40 melchior kernel: atkbd0: [GIANT-LOCKED]\nJul 31 05:33:40 melchior kernel: atkbd0: [ITHREAD]\nJul 31 05:33:40 melchior kernel: sc0: \u003cSystem console\u003e at flags 0x100 on isa0\nJul 31 05:33:40 melchior kernel: sc0: VGA \u003c16 virtual consoles, flags=0x300\u003e\nJul 31 05:33:40 melchior kernel: sio0 at port 0x3f8-0x3ff irq 4 flags 0x10 on isa0\nJul 31 05:33:40 melchior kernel: sio0: type 16550A\nJul 31 05:33:40 melchior kernel: sio0: [FILTER]\nJul 31 05:33:40 melchior kernel: sio1: configured irq 3 not in bitmap of probed irqs 0\nJul 31 05:33:40 melchior kernel: sio1: port may not be enabled\nJul 31 05:33:40 melchior kernel: vga0: \u003cGeneric ISA VGA\u003e at port 0x3c0-0x3df iomem 0xa0000-0xbffff on isa0\nJul 31 05:33:40 melchior kernel: unknown: \u003cPNP0303\u003e can't assign resources (port)\nJul 31 05:33:40 melchior kernel: unknown: \u003cPNP0c01\u003e can't assign resources (memory)\nJul 31 05:33:40 melchior kernel: unknown: \u003cPNP0a03\u003e can't assign resources (port)\nJul 31 05:33:40 melchior kernel: unknown: \u003cPNP0501\u003e can't assign resources (port)\nJul 31 05:33:40 melchior kernel: Timecounter \"TSC\" frequency 501139784 Hz quality 800\nJul 31 05:33:40 melchior kernel: Timecounters tick every 1.000 msec\nJul 31 05:33:40 melchior kernel: ipfw2 (+ipv6) initialized, divert enabled, rule-based forwarding enabled, default to accept, logging limited to 100 packets/entry by default\nJul 31 05:33:40 melchior kernel: ad0: 19547MB \u003cFUJITSU MPF3204AH 5C18\u003e at ata0-master UDMA33\nJul 31 05:33:40 melchior kernel: ad4: 476940MB \u003cWDC WD5000AACS-00ZUB0 01.01B01\u003e at ata2-master SATA150\n\nFix: \n\nmay be patch ata driver?\nHow-To-Repeat: i don't know."
}