{
 "id": 1148488,
 "bug_id": 248659,
 "attachment_id": 0,
 "creation_time": "2021-02-24T14:00:30Z",
 "creator": "serzh@expir.org",
 "text": "(In reply to Sergei Masharov from comment #18)\n\n---\u003c\u003cBOOT\u003e\u003e---\nCopyright (c) 1992-2021 The FreeBSD Project.\nCopyright (c) 1979, 1980, 1983, 1986, 1988, 1989, 1991, 1992, 1993, 1994\n        The Regents of the University of California. All rights reserved.\nFreeBSD is a registered trademark of The FreeBSD Foundation.\nFreeBSD 13.0-BETA3 #0 releng/13.0-n244525-150b4388d3b: Fri Feb 19 04:04:34 UTC 2021\n    root@releng1.nyi.freebsd.org:/usr/obj/usr/src/amd64.amd64/sys/GENERIC amd64\nFreeBSD clang version 11.0.1 (git@github.com:llvm/llvm-project.git llvmorg-11.0.1-0-g43ff75f2c3fe)\nVT(efifb): resolution 640x480\nCPU: Intel(R) Core(TM) i7-8665U CPU @ 1.90GHz (2112.08-MHz K8-class CPU)\n  Origin=\"GenuineIntel\"  Id=0x806ec  Family=0x6  Model=0x8e  Stepping=12\n  Features=0xbfebfbff\u003cFPU,VME,DE,PSE,TSC,MSR,PAE,MCE,CX8,APIC,SEP,MTRR,PGE,MCA,CMOV,PAT,PSE36,CLFLUSH,DTS,ACPI,MMX,FXSR,SSE,SSE2,SS,HTT,TM,PBE\u003e\n  Features2=0x7ffafbff\u003cSSE3,PCLMULQDQ,DTES64,MON,DS_CPL,VMX,SMX,EST,TM2,SSSE3,SDBG,FMA,CX16,xTPR,PDCM,PCID,SSE4.1,SSE4.2,x2APIC,MOVBE,POPCNT,TSCDLT,AESNI,XSAVE,OSXSAVE,AVX,F16C,RDRAND\u003e\n  AMD Features=0x2c100800\u003cSYSCALL,NX,Page1GB,RDTSCP,LM\u003e\n  AMD Features2=0x121\u003cLAHF,ABM,Prefetch\u003e\n  Structured Extended Features=0x29c6fbf\u003cFSGSBASE,TSCADJ,SGX,BMI1,HLE,AVX2,SMEP,BMI2,ERMS,INVPCID,RTM,NFPUSG,MPX,RDSEED,ADX,SMAP,CLFLUSHOPT,PROCTRACE\u003e\n  Structured Extended Features3=0xbc000600\u003cMCUOPT,MD_CLEAR,IBPB,STIBP,L1DFL,ARCH_CAP,SSBD\u003e\n  XSAVE Features=0xf\u003cXSAVEOPT,XSAVEC,XINUSE,XSAVES\u003e\n  IA32_ARCH_CAPS=0xab\u003cRDCL_NO,IBRS_ALL,SKIP_L1DFL_VME,MDS_NO,TSX_CTRL\u003e\n  VT-x: PAT,HLT,MTF,PAUSE,EPT,UG,VPID\n  TSC: P-state invariant, performance statistics\nreal memory  = 17179869184 (16384 MB)\navail memory = 16255057920 (15502 MB)\nEvent timer \"LAPIC\" quality 600\nACPI APIC Table: \u003cLENOVO TP-N2H  \u003e\nFreeBSD/SMP: Multiprocessor System Detected: 8 CPUs\nFreeBSD/SMP: 1 package(s) x 4 core(s) x 2 hardware threads\nrandom: registering fast source Intel Secure Key RNG\nrandom: fast provider: \"Intel Secure Key RNG\"\nrandom: unblocking device.\nioapic0 \u003cVersion 2.0\u003e irqs 0-119\nLaunching APs: 1 7 4 3 2 5 6\nTimecounter \"TSC\" frequency 2112082482 Hz quality 1000\nKTLS: Initialized 8 threads\nrandom: entropy device external interface\n[ath_hal] loaded\nWARNING: Device \"kbd\" is Giant locked and may be deleted before FreeBSD 13.0.\nkbd1 at kbdmux0\n000.000062 [4350] netmap_init               netmap: loaded module\nmlx5en: Mellanox Ethernet driver 3.6.0 (December 2020)\nnexus0\nefirtc0: \u003cEFI Realtime Clock\u003e\nefirtc0: registered as a time-of-day clock, resolution 1.000000s\ncryptosoft0: \u003csoftware crypto\u003e\naesni0: \u003cAES-CBC,AES-CCM,AES-GCM,AES-ICM,AES-XTS\u003e\nacpi0: \u003cLENOVO TP-N2H\u003e\nacpi_ec0: \u003cEmbedded Controller: GPE 0x16, ECDT\u003e port 0x62,0x66 on acpi0\nacpi0: Power Button (fixed)\nunknown: memory range not supported\ncpu0: \u003cACPI CPU\u003e on acpi0\nhpet0: \u003cHigh Precision Event Timer\u003e iomem 0xfed00000-0xfed003ff on acpi0\nTimecounter \"HPET\" frequency 24000000 Hz quality 950\nEvent timer \"HPET\" frequency 24000000 Hz quality 550\nattimer0: \u003cAT timer\u003e port 0x40-0x43,0x50-0x53 irq 0 on acpi0\nTimecounter \"i8254\" frequency 1193182 Hz quality 0\nEvent timer \"i8254\" frequency 1193182 Hz quality 100\nTimecounter \"ACPI-fast\" frequency 3579545 Hz quality 900\nacpi_timer0: \u003c24-bit timer at 3.579545MHz\u003e port 0x1808-0x180b on acpi0\npcib0: \u003cACPI Host-PCI bridge\u003e port 0xcf8-0xcff on acpi0\npci0: \u003cACPI PCI bus\u003e on pcib0\nvgapci0: \u003cVGA-compatible display\u003e port 0x2000-0x203f mem 0xe2000000-0xe2ffffff,0xd0000000-0xdfffffff irq 16 at device 2.0 on pci0\nvgapci0: Boot video device\nxhci0: \u003cXHCI (generic) USB 3.0 controller\u003e mem 0xe4620000-0xe462ffff irq 16 at device 20.0 on pci0\nxhci0: 32 bytes context size, 64-bit DMA\nusbus0 on xhci0\nusbus0: 5.0Gbps Super Speed USB v3.0\npci0: \u003cmemory, RAM\u003e at device 20.2 (no driver attached)\npci0: \u003cnetwork\u003e at device 20.3 (no driver attached)\npci0: \u003cserial bus\u003e at device 21.0 (no driver attached)\npci0: \u003cserial bus\u003e at device 21.1 (no driver attached)\npci0: \u003csimple comms\u003e at device 22.0 (no driver attached)\npci0: \u003csimple comms, UART\u003e at device 22.3 (no driver attached)\npcib1: \u003cACPI PCI-PCI bridge\u003e irq 16 at device 29.0 on pci0\npci1: \u003cACPI PCI bus\u003e on pcib1\nnvme0: \u003cGeneric NVMe Device\u003e mem 0xe4500000-0xe4503fff irq 16 at device 0.0 on pci1\npcib2: \u003cACPI PCI-PCI bridge\u003e irq 16 at device 29.4 on pci0\npci2: \u003cACPI PCI bus\u003e on pcib2\npcib3: \u003cACPI PCI-PCI bridge\u003e irq 16 at device 0.0 on pci2\npci3: \u003cACPI PCI bus\u003e on pcib3\npcib4: \u003cPCI-PCI bridge\u003e irq 16 at device 0.0 on pci3\npci4: \u003cPCI bus\u003e on pcib4\npcib5: \u003cPCI-PCI bridge\u003e irq 17 at device 1.0 on pci3\npcib6: \u003cACPI PCI-PCI bridge\u003e irq 18 at device 2.0 on pci3\npci5: \u003cACPI PCI bus\u003e on pcib6\nxhci1: \u003cXHCI (generic) USB 3.0 controller\u003e mem 0xe0000000-0xe000ffff irq 18 at device 0.0 on pci5\nxhci1: 32 bytes context size, 64-bit DMA\nusbus1 on xhci1\nusbus1: 5.0Gbps Super Speed USB v3.0\npcib7: \u003cPCI-PCI bridge\u003e irq 16 at device 4.0 on pci3\nisab0: \u003cPCI-ISA bridge\u003e at device 31.0 on pci0\nisa0: \u003cISA bus\u003e on isab0\nhdac0: \u003cIntel Cannon Lake HDA Controller\u003e mem 0xe463c000-0xe463ffff,0xe4400000-0xe44fffff irq 16 at device 31.3 on pci0\npci0: \u003cserial bus\u003e at device 31.5 (no driver attached)\nem0: \u003cIntel(R) PRO/1000 Network Connection\u003e mem 0xe4600000-0xe461ffff irq 16 at device 31.6 on pci0\nem0: Using 1024 TX descriptors and 1024 RX descriptors\nem0: Using an MSI interrupt\nem0: Ethernet address: 98:fa:9b:ad:d0:ff\nem0: netmap queues/slots: TX 1/1024, RX 1/1024\nacpi_button0: \u003cSleep Button\u003e on acpi0\nacpi_lid0: \u003cControl Method Lid Switch\u003e on acpi0\nacpi_tz0: \u003cThermal Zone\u003e on acpi0\natkbdc0: \u003cKeyboard controller (i8042)\u003e port 0x60,0x64 irq 1 on acpi0\natkbd0: \u003cAT Keyboard\u003e irq 1 on atkbdc0\nkbd0 at atkbd0\natkbd0: [GIANT-LOCKED]\npsm0: \u003cPS/2 Mouse\u003e irq 12 on atkbdc0\npsm0: [GIANT-LOCKED]\nWARNING: Device \"psm\" is Giant locked and may be deleted before FreeBSD 13.0.\npsm0: model Generic PS/2 mouse, device ID 0\nacpi_syscontainer0: \u003cSystem Container\u003e on acpi0\nacpi_acad0: \u003cAC Adapter\u003e on acpi0\nbattery0: \u003cACPI Control Method Battery\u003e on acpi0\natrtc0: \u003cAT realtime clock\u003e at port 0x70 irq 8 on isa0\natrtc0: Warning: Couldn't map I/O.\natrtc0: registered as a time-of-day clock, resolution 1.000000s\nEvent timer \"RTC\" frequency 32768 Hz quality 0\natrtc0: non-PNP ISA device will be removed from GENERIC in FreeBSD 12.\nest0: \u003cEnhanced SpeedStep Frequency Control\u003e on cpu0\nTimecounters tick every 1.000 msec\nZFS filesystem version: 5\nZFS storage pool version: features support (5000)\nugen0.1: \u003c0x8086 XHCI root HUB\u003e at usbus0\nugen1.1: \u003c0x8086 XHCI root HUB\u003e at usbus1\nuhub0 on usbus1\nuhub0: \u003c0x8086 XHCI root HUB, class 9/0, rev 3.00/1.00, addr 1\u003e on usbus1\nuhub1 on usbus0\nuhub1: \u003c0x8086 XHCI root HUB, class 9/0, rev 3.00/1.00, addr 1\u003e on usbus0\nnvd0: \u003cSAMSUNG MZVLB512HBJQ-000L7\u003e NVMe namespace\nnvd0: 488386MB (1000215216 512 byte sectors)\nhdacc0: \u003cRealtek ALC285 HDA CODEC\u003e at cad 0 on hdac0\nhdaa0: \u003cRealtek ALC285 Audio Function Group\u003e at nid 1 on hdacc0\npcm0: \u003cRealtek ALC285 (Analog 3.1+HP/2.0)\u003e at nid 20,23,33 and 25 on hdaa0\nhdacc1: \u003cIntel Kaby Lake HDA CODEC\u003e at cad 2 on hdac0\nhdaa1: \u003cIntel Kaby Lake Audio Function Group\u003e at nid 1 on hdacc1\npcm1: \u003cIntel Kaby Lake (HDMI/DP 8ch)\u003e at nid 3 on hdaa1"
}