{
 "id": 748629,
 "bug_id": 186114,
 "attachment_id": 0,
 "creation_time": "2014-01-26T02:20:00Z",
 "creator": "hawk256@yandex.ru",
 "text": "I have BRAS on FreeBSD. It was 9.2 STABLE. I tried to update it up to 10.0 RELEASE, later tried to STABLE. On both variants I have the same problem.\n\nSome time after start, around 5 minutes, it works normally. But after 100-150 users have connected trough PPPoE (MPD5.7) MPD process stops in state umtxn.\n\nOf course, no one can connect after that. But who have already connected keeping work.\n\nlast pid: 17712;  load averages:  1.16,  0.65,  0.27          up 0+00:01:51  05:28:23\n50 processes:  1 running, 49 sleeping\nCPU:  0.0% user,  0.0% nice,  1.0% system,  0.9% interrupt, 98.1% idle\nMem: 1162M Active, 56M Inact, 400M Wired, 145M Buf, 2274M Free\nSwap: 4096M Total, 4096M Free\n\n  PID USERNAME    THR PRI NICE   SIZE    RES STATE   C   TIME    WCPU COMMAND\n 2535 root          1  20    0   201M   184M select  3   1:14  10.69% zebra\n 2476 _pflogd       1  20    0 14600K  2200K bpf     0   0:12   0.00% pflogd\n 2541 root          1  20    0   224M   206M select  2   0:07   0.00% bgpd\n 9803 root          1  20    0 78624K 44092K select  2   0:02   0.00% bsnmpd\n 3462 root          3  20    0 56736K  9164K umtxn   0   0:01   0.00% mpd5\n 7243 mysql        17  32    0  6958M   636M uwait   1   0:01   0.00% mysqld\n 6095 bind          7  20    0   129M 76864K kqread  1   0:01   0.00% named\n 3872 root          1  20    0 61124K  6808K select  1   0:00   0.00% nmbd\n 8644 root          3  20    0 47332K  6216K select  1   0:00   0.00% utm5_rfw\n\n\nprocstat -k 3462\n  PID    TID COMM             TDNAME           KSTACK\n 3462 100113 mpd5             -                mi_switch sleepq_catch_signals sleepq_wait_sig _sleep umtxq_sleep do_lock_umutex __umtx_op_wait_umutex amd64_syscall Xfast_syscall\n 3462 100115 mpd5             -                mi_switch sleepq_catch_signals sleepq_wait_sig _cv_wait_sig seltdwait sys_poll amd64_syscall Xfast_syscall\n 3462 100512 mpd5             -                mi_switch sleepq_catch_signals sleepq_wait_sig _sleep umtxq_sleep do_lock_umutex __umtx_op_wait_umutex amd64_syscall Xfast_syscall\n\n\n\n/var/log/mpd.log\nJan 26 05:28:13 gw01 mpd: [B_ppp-46] IPCP: Up event\nJan 26 05:28:13 gw01 mpd: [B_ppp-46] IPCP: state change Starting --\u003e Req-Sent\nJan 26 05:28:13 gw01 mpd: [B_ppp-46] IPCP: SendConfigReq #1\nJan 26 05:28:13 gw01 mpd: [B_ppp-46]   IPADDR 10.10.0.1\nJan 26 05:28:13 gw01 mpd: [B_ppp-46] IPV6CP: Up event\nJan 26 05:28:13 gw01 mpd: [B_ppp-46] IPV6CP: state change Starting --\u003e Req-Sent\nJan 26 05:28:13 gw01 mpd: [B_ppp-46] IPV6CP: SendConfigReq #1\nJan 26 05:28:13 gw01 mpd: [vlan6-107] LCP: rec'd Terminate Request #240 (Opened)\nJan 26 05:28:13 gw01 mpd: [vlan6-107] LCP: state change Opened --\u003e Stopping\nJan 26 05:28:13 gw01 mpd: [vlan6-107] Link: Leave bundle \"B_ppp-46\"\n\nIt always stops with the same 3 last strings.\n\n\n\nJan 26 05:52:38 gw01 kernel: sonewconn: pcb 0xfffff80007757c40: Listen queue overflow:\n 4 already in queue awaiting acceptance\nJan 26 05:53:09 gw01 last message repeated 60 times\nJan 26 05:53:34 gw01 last message repeated 51 times\n\n\nKernel conf:\nGENERIC + \ndevice          ipmi\ndevice          coretemp\ndevice          smbus\n\ndevice          lagg\ndevice          netmap\n\noptions         IPI_PREEMPTION\n\noptions         IPFIREWALL\noptions         IPFIREWALL_VERBOSE\noptions         IPDIVERT\noptions         DUMMYNET\noptions         IPFIREWALL_NAT\noptions         LIBALIAS\n\ndevice          pf\ndevice          pflog\ndevice          pfsync\n\noptions         ALTQ\noptions         ALTQ_CBQ        # Class Bases Queuing (CBQ)\noptions         ALTQ_RED        # Random Early Detection (RED)\noptions         ALTQ_RIO        # RED In/Out\noptions         ALTQ_HFSC       # Hierarchical Packet Scheduler (HFSC)\noptions         ALTQ_PRIQ       # Priority Queuing (PRIQ)\noptions         ALTQ_NOPCC      # Required for SMP build\n\noptions         NETGRAPH\noptions         NETGRAPH_BPF\noptions         NETGRAPH_CAR\noptions         NETGRAPH_ETHER\noptions         NETGRAPH_IPFW\noptions         NETGRAPH_IFACE\noptions         NETGRAPH_KSOCKET\noptions         NETGRAPH_PPP\noptions         NETGRAPH_PPTPGRE\noptions         NETGRAPH_PPPOE\noptions         NETGRAPH_SOCKET\noptions         NETGRAPH_TCPMSS\noptions         NETGRAPH_TEE\noptions         NETGRAPH_VJC\noptions         NETGRAPH_MPPC_ENCRYPTION\noptions         NETGRAPH_NETFLOW\n\n\n\nCPU: Intel(R) Xeon(R) CPU           X3470  @ 2.93GHz (2933.36-MHz K8-class CPU)\n  Origin = \"GenuineIntel\"  Id = 0x106e5  Family = 0x6  Model = 0x1e  Stepping = 5\n  Features=0xbfebfbff\u003cFPU,VME,DE,PSE,TSC,MSR,PAE,MCE,CX8,APIC,SEP,MTRR,PGE,MCA,CMOV,PAT,PSE36,CLFLUSH,DTS,ACPI,MMX,FXSR,SSE,SSE2,SS,HTT,TM,PBE\u003e\n  Features2=0x98e3fd\u003cSSE3,DTES64,MON,DS_CPL,VMX,SMX,EST,TM2,SSSE3,CX16,xTPR,PDCM,SSE4.1,SSE4.2,POPCNT\u003e\n  AMD Features=0x28100800\u003cSYSCALL,NX,RDTSCP,LM\u003e\n  AMD Features2=0x1\u003cLAHF\u003e\n  TSC: P-state invariant, performance statistics\nreal memory  = 4294967296 (4096 MB)\navail memory = 4052344832 (3864 MB)\nEvent timer \"LAPIC\" quality 400\nACPI APIC Table: \u003cINTEL  S3420GPC\u003e\nFreeBSD/SMP: Multiprocessor System Detected: 4 CPUs\nFreeBSD/SMP: 1 package(s) x 4 core(s)\n cpu0 (BSP): APIC ID:  0\n cpu1 (AP): APIC ID:  2\n cpu2 (AP): APIC ID:  4\n cpu3 (AP): APIC ID:  6\n\n\nI tried to get ktrace dump. But I could not open it.\nktrdump: kvm_nlist: No such file or directory\n\n\nI think, It is something wrong with netgraph system.\n\nHow-To-Repeat: Update to FreeBSD 10.0 and try to connect 100-150 users."
}