{
 "id": 385103,
 "bug_id": 111001,
 "attachment_id": 0,
 "creation_time": "2007-03-29T09:40:03Z",
 "creator": "vovk@km.ua",
 "text": "Motherboard pdsm4+, processor Pentium D 3.0, SATA raid 9550SXU-4LP\n\nWhen I booting from installation disk 6.2-RELEASE-amd64-disc1.iso,\ncomputer hangs up, and only hardware reset can help. Last line on boot\nscreen before hangs up:\n\nacd0: CDRW \u003cTSSTcorpCDW/DVD SN-M242C/TS03\u003e at ata0-slave UDMA33\n\nFix: \n\nBooting with ACPI disabled, install sytem and rebuilding kernel with\nSMP support.\n\nWith a kernel having support SMP, it is booting and works normally.\n\nCopyright (c) 1992-2007 The FreeBSD Project.\nCopyright (c) 1979, 1980, 1983, 1986, 1988, 1989, 1991, 1992, 1993, 1994\n        The Regents of the University of California. All rights reserved.\nFreeBSD is a registered trademark of The FreeBSD Foundation.\nFreeBSD 6.2-RELEASE #2: Wed Mar 28 15:48:44 EEST 2007\n    vovk@infocom.km.ua:/usr/obj/usr/src/sys/star\nTimecounter \"i8254\" frequency 1193182 Hz quality 0\nCPU: Intel(R) Pentium(R) D CPU 3.00GHz (2992.52-MHz K8-class CPU)\n  Origin = \"GenuineIntel\"  Id = 0xf64  Stepping = 4\n  Features=0xbfebfbff\u003cFPU,VME,DE,PSE,TSC,MSR,PAE,MCE,CX8,APIC,SEP,MTRR,PGE,MCA,CM\nOV,PAT,PSE36,CLFLUSH,DTS,ACPI,MMX,FXSR,SSE,SSE2,SS,HTT,TM,PBE\u003e\n  Features2=0xe49d\u003cSSE3,RSVD2,MON,DS_CPL,EST,CNTX-ID,CX16,XTPR,\u003cb15\u003e\u003e\n  AMD Features=0x20100800\u003cSYSCALL,NX,LM\u003e\n  AMD Features2=0x1\u003cLAHF\u003e\n  Cores per package: 2\nreal memory  = 2146304000 (2046 MB)\navail memory = 2058502144 (1963 MB)\nACPI APIC Table: \u003cPTLTD          APIC  \u003e\nFreeBSD/SMP: Multiprocessor System Detected: 2 CPUs\n cpu0 (BSP): APIC ID:  0\n cpu1 (AP): APIC ID:  1\nioapic0 \u003cVersion 2.0\u003e irqs 0-23 on motherboard\nioapic1 \u003cVersion 2.0\u003e irqs 24-47 on motherboard\nioapic2 \u003cVersion 2.0\u003e irqs 48-71 on motherboard\nkbd1 at kbdmux0\nacpi0: \u003cPTLTD   RSDT\u003e on motherboard\nacpi0: Power Button (fixed)\nTimecounter \"ACPI-fast\" frequency 3579545 Hz quality 1000\nacpi_timer0: \u003c24-bit timer at 3.579545MHz\u003e port 0x1008-0x100b on acpi0\ncpu0: \u003cACPI CPU\u003e on acpi0\ncpu1: \u003cACPI CPU\u003e on acpi0\npcib0: \u003cACPI Host-PCI bridge\u003e port 0xcf8-0xcff on acpi0\npci0: \u003cACPI PCI bus\u003e on pcib0\npcib1: \u003cACPI PCI-PCI bridge\u003e irq 16 at device 1.0 on pci0\npci1: \u003cACPI PCI bus\u003e on pcib1\npcib2: \u003cACPI PCI-PCI bridge\u003e at device 0.0 on pci1\npci2: \u003cACPI PCI bus\u003e on pcib2\npcib3: \u003cACPI PCI-PCI bridge\u003e at device 0.2 on pci1\npci3: \u003cACPI PCI bus\u003e on pcib3\n3ware device driver for 9000 series storage controllers, version: 3.60.02.012\ntwa0: \u003c3ware 9000 series Storage Controller\u003e port 0x4000-0x403f mem 0xe2000000-0x\ne3ffffff,0xe0200000-0xe0200fff irq 48 at device 1.0 on pci3\ntwa0: [FAST]\ntwa0: INFO: (0x15: 0x1300): Controller details:: Model 9550SXU-4LP, 4 ports, Firm\nware FE9X 3.04.01.011, BIOS BE9X 3.04.00.002\npcib4: \u003cACPI PCI-PCI bridge\u003e irq 17 at device 28.0 on pci0\npci9: \u003cACPI PCI bus\u003e on pcib4\npcib5: \u003cACPI PCI-PCI bridge\u003e irq 17 at device 28.4 on pci0\npci13: \u003cACPI PCI bus\u003e on pcib5\nem0: \u003cIntel(R) PRO/1000 Network Connection Version - 6.2.9\u003e port 0x5000-0x501f me\nm 0xe0300000-0xe031ffff irq 16 at device 0.0 on pci13\nem0: Ethernet address: 00:30:48:8b:fc:cc\npcib6: \u003cACPI PCI-PCI bridge\u003e irq 16 at device 28.5 on pci0\npci14: \u003cACPI PCI bus\u003e on pcib6\nem1: \u003cIntel(R) PRO/1000 Network Connection Version - 6.2.9\u003e port 0x6000-0x601f me\nm 0xe0400000-0xe041ffff irq 17 at device 0.0 on pci14\nem1: Ethernet address: 00:30:48:8b:fc:cd\nuhci0: \u003cUHCI (generic) USB controller\u003e port 0x3000-0x301f irq 23 at device 29.0 o\nn pci0\nuhci0: [GIANT-LOCKED]\nusb0: \u003cUHCI (generic) USB controller\u003e on uhci0\nusb0: USB revision 1.0\nuhub0: Intel UHCI root hub, class 9/0, rev 1.00/1.00, addr 1\nuhub0: 2 ports with 2 removable, self powered\nuhci1: \u003cUHCI (generic) USB controller\u003e port 0x3020-0x303f irq 19 at device 29.1 o\nn pci0\nuhci1: [GIANT-LOCKED]\nusb1: \u003cUHCI (generic) USB controller\u003e on uhci1\nusb1: USB revision 1.0\nuhub1: Intel UHCI root hub, class 9/0, rev 1.00/1.00, addr 1\nuhub1: 2 ports with 2 removable, self powered\nuhci2: \u003cUHCI (generic) USB controller\u003e port 0x3040-0x305f irq 18 at device 29.2 o\nn pci0\nuhci2: [GIANT-LOCKED]\nusb2: \u003cUHCI (generic) USB controller\u003e on uhci2\nusb2: USB revision 1.0\nuhub2: Intel UHCI root hub, class 9/0, rev 1.00/1.00, addr 1\nuhub2: 2 ports with 2 removable, self powered\nuhci3: \u003cUHCI (generic) USB controller\u003e port 0x3060-0x307f irq 16 at device 29.3 o\nn pci0\nuhci3: [GIANT-LOCKED]\nusb3: \u003cUHCI (generic) USB controller\u003e on uhci3\nusb3: USB revision 1.0\nuhub3: Intel UHCI root hub, class 9/0, rev 1.00/1.00, addr 1\nuhub3: 2 ports with 2 removable, self powered\nehci0: \u003cIntel 82801GB/R (ICH7) USB 2.0 controller\u003e mem 0xe0000000-0xe00003ff irq\n23 at device 29.7 on pci0\nehci0: [GIANT-LOCKED]\nusb4: EHCI version 1.0\nusb4: companion controllers, 2 ports each: usb0 usb1 usb2 usb3\nusb4: \u003cIntel 82801GB/R (ICH7) USB 2.0 controller\u003e on ehci0\nusb4: USB revision 2.0\nuhub4: Intel EHCI root hub, class 9/0, rev 2.00/1.00, addr 1\nuhub4: 8 ports with 8 removable, self powered\npcib7: \u003cACPI PCI-PCI bridge\u003e at device 30.0 on pci0\npci15: \u003cACPI PCI bus\u003e on pcib7\npci15: \u003cdisplay, VGA\u003e at device 4.0 (no driver attached)\nisab0: \u003cPCI-ISA bridge\u003e at device 31.0 on pci0\nisa0: \u003cISA bus\u003e on isab0\natapci0: \u003cIntel ICH7 UDMA100 controller\u003e port 0x1f0-0x1f7,0x3f6,0x170-0x177,0x376\n,0x30a0-0x30af at device 31.1 on pci0\nata0: \u003cATA channel 0\u003e on atapci0\nata1: \u003cATA channel 1\u003e on atapci0\npci0: \u003cserial bus, SMBus\u003e at device 31.3 (no driver attached)\nacpi_button0: \u003cPower Button\u003e on acpi0\natkbdc0: \u003cKeyboard controller (i8042)\u003e port 0x60,0x64 irq 1 on acpi0\natkbd0: \u003cAT Keyboard\u003e irq 1 on atkbdc0\nkbd0 at atkbd0\natkbd0: [GIANT-LOCKED]\nsio0: \u003c16550A-compatible COM port\u003e port 0x3f8-0x3ff irq 4 flags 0x10 on acpi0\nsio0: type 16550A\nsio1: \u003c16550A-compatible COM port\u003e port 0x2f8-0x2ff irq 3 on acpi0\nsio1: type 16550A\nfdc0: \u003cfloppy drive controller\u003e port 0x3f0-0x3f5,0x3f7 irq 6 drq 2 on acpi0\nfdc0: [FAST]\nfd0: \u003c1440-KB 3.5\" drive\u003e on fdc0 drive 0\norm0: \u003cISA Option ROMs\u003e at iomem 0xc0000-0xcafff,0xcb000-0xcbfff,0xcc000-0xccfff,\n0xcd000-0xce7ff on isa0\nppc0: cannot reserve I/O port range\nsc0: \u003cSystem console\u003e at flags 0x100 on isa0\nsc0: VGA \u003c16 virtual consoles, flags=0x300\u003e\nvga0: \u003cGeneric ISA VGA\u003e at port 0x3c0-0x3df iomem 0xa0000-0xbffff on isa0\nTimecounters tick every 1.000 msec\nipfw2 (+ipv6) initialized, divert loadable, rule-based forwarding disabled, defau\nlt to deny, logging limited to 200 packets/entry by default\nacd0: CDRW \u003cTSSTcorpCDW/DVD SN-M242C/TS03\u003e at ata0-slave UDMA33\nda0 at twa0 bus 0 target 0 lun 0\nda0: \u003cAMCC 9550SXU-4L DISK 3.04\u003e Fixed Direct Access SCSI-3 device\nda0: 100.000MB/s transfers\nda0: 238408MB (488259584 512 byte sectors: 255H 63S/T 30392C)\nSMP: AP CPU #1 Launched!\nTrying to mount root from ufs:/dev/da0s1a\nem0: link state changed to UP\nHow-To-Repeat: Motherboard Supermicro pdsm4+, processor Pentium D 3.0, SATA raid\n9550SXU-4LP 6.2-RELEASE-amd64-disc1.iso"
}