{
 "id": 1092104,
 "bug_id": 244752,
 "attachment_id": 0,
 "creation_time": "2020-03-12T10:46:28Z",
 "creator": "piotr_sawicki@yahoo.com",
 "text": "hi . looks like after installing new xorg-serwer package the xfce wm just hangs completely moment after starting . No mouse response , keyboard is also no working . \nBut the system is alive you can log via ssh, check top process ,  logs etc even start x11vnc server and is ok \n\nHardware amd64 amd cpu , radeon firepro 4800 graphics \nall the new updated packages from repository \nrecompiled from ports drm-fbsd12.0-kmod mesa-dri mesa-libs\nSystem updated from source and buildworld mergemaster\nSwapped graphics card to another physical one  radeon w5100 \nnothing of these help\n\nuname -a\nFreeBSD ann 12.1-STABLE FreeBSD 12.1-STABLE r358833 Ann07  amd64\n\n/usr/src \nsvnlite info .\nPath: .\nWorking Copy Root Path: /usr/src\nURL: https://svn0.eu.freebsd.org/base/stable/12\nRelative URL: ^/stable/12\nRepository Root: https://svn0.eu.freebsd.org/base\nRepository UUID: ccf9f872-aa2e-dd11-9fc8-001c23d0bc1f\nRevision: 358833\nNode Kind: directory\nSchedule: normal\nLast Changed Author: carlavilla\nLast Changed Rev: 358817\nLast Changed Date: 2020-03-09 20:55:13 +0100 (pon., 09 mar 2020)\n\nkldstat\nId Refs Address                Size Name\n 1  108 0xffffffff80200000  2067800 kernel\n 2    1 0xffffffff82268000   3a8888 zfs.ko\n 3    2 0xffffffff82611000     a430 opensolaris.ko\n 4    1 0xffffffff8261c000     41d0 amdtemp.ko\n 5    2 0xffffffff82621000     2560 amdsmn.ko\n 6    1 0xffffffff82624000     4b88 ng_ether.ko\n 7    2 0xffffffff82629000    171d8 netgraph.ko\n 8    1 0xffffffff82921000     4930 linprocfs.ko\n 9    4 0xffffffff82926000     30e8 linux_common.ko\n10    1 0xffffffff8292a000     8610 tmpfs.ko\n11    1 0xffffffff82933000     1ebe linsysfs.ko\n12    1 0xffffffff82935000     1a00 fdescfs.ko\n13    1 0xffffffff82937000   14ea50 radeonkms.ko\n14    2 0xffffffff82a86000    748f0 drm.ko\n15    5 0xffffffff82afb000    10d30 linuxkpi.ko\n16    4 0xffffffff82b0c000    12f30 linuxkpi_gplv2.ko\n17    2 0xffffffff82b1f000      6c0 debugfs.ko\n18    1 0xffffffff82b20000     ecf1 ttm.ko\n19    1 0xffffffff82b2f000     12f9 radeon_REDWOOD_pfp_bin.ko\n20    1 0xffffffff82b31000     16f7 radeon_REDWOOD_me_bin.ko\n21    1 0xffffffff82b33000      d79 radeon_REDWOOD_rlc_bin.ko\n22    1 0xffffffff82b34000     6089 radeon_REDWOOD_smc_bin.ko\n23    1 0xffffffff82b3b000    1c599 radeon_CYPRESS_uvd_bin.ko\n24    1 0xffffffff82b58000     6da0 if_bridge.ko\n25    1 0xffffffff82b5f000     4120 bridgestp.ko\n26    1 0xffffffff82b64000     198c if_epair.ko\n27    1 0xffffffff82b66000     2658 intpm.ko\n28    1 0xffffffff82b69000      b60 smbus.ko\n29    1 0xffffffff82b6a000     1880 uhid.ko\n30    1 0xffffffff82b6c000     1a60 wmt.ko\n31    1 0xffffffff82b6e000     2948 ums.ko\n32    1 0xffffffff82b71000      950 pflog.ko\n33    1 0xffffffff82b72000    32230 pf.ko\n34    1 0xffffffff82ba5000    3d260 linux.ko\n35    1 0xffffffff82be3000    35250 linux64.ko\n36    1 0xffffffff82c19000      5d0 fade_saver.ko\n\ndrm-fbsd12.0-kmod-4.16.g20200221\nlibdrm-2.4.99,1\n\nmesa-dri-18.3.2_9\nmesa-libs-18.3.2_4\n\ndmesg \n\n---\u003c\u003cBOOT\u003e\u003e---\nCopyright (c) 1992-2020 The FreeBSD Project.\nCopyright (c) 1979, 1980, 1983, 1986, 1988, 1989, 1991, 1992, 1993, 1994\n        The Regents of the University of California. All rights reserved.\nFreeBSD is a registered trademark of The FreeBSD Foundation.\nFreeBSD 12.1-STABLE r358833 Ann07 amd64\nFreeBSD clang version 9.0.1 (git@github.com:llvm/llvm-project.git c1a0a213378a458fbea1a5c77b315c7dce08fd05) (bas\ned on LLVM 9.0.1)\nVT(vga): resolution 640x480\nCPU: AMD FX(tm)-8350 Eight-Core Processor            (4026.96-MHz K8-class CPU)\n  Origin=\"AuthenticAMD\"  Id=0x600f20  Family=0x15  Model=0x2  Stepping=0\n  Features=0x178bfbff\u003cFPU,VME,DE,PSE,TSC,MSR,PAE,MCE,CX8,APIC,SEP,MTRR,PGE,MCA,CMOV,PAT,PSE36,CLFLUSH,MMX,FXSR,S\nSE,SSE2,HTT\u003e\n  Features2=0x3e98320b\u003cSSE3,PCLMULQDQ,MON,SSSE3,FMA,CX16,SSE4.1,SSE4.2,POPCNT,AESNI,XSAVE,OSXSAVE,AVX,F16C\u003e\n  AMD Features=0x2e500800\u003cSYSCALL,NX,MMX+,FFXSR,Page1GB,RDTSCP,LM\u003e\n  AMD Features2=0x1ebbfff\u003cLAHF,CMP,SVM,ExtAPIC,CR8,ABM,SSE4A,MAS,Prefetch,OSVW,IBS,XOP,SKINIT,WDT,LWP,FMA4,TCE,N\nodeId,TBM,Topology,PCXC,PNXC\u003e\n  Structured Extended Features=0x8\u003cBMI1\u003e\n  SVM: NP,NRIP,VClean,AFlush,DAssist,NAsids=65536\n  TSC: P-state invariant, performance statistics\nreal memory  = 17179869184 (16384 MB)\navail memory = 16605605888 (15836 MB)\n\n\n[drm] radeon: 1024M of VRAM memory ready\n[drm] radeon: 1024M of GTT memory ready.\n[drm] Loading REDWOOD Microcode\ndrmn0: successfully loaded firmware image with name: radeon/REDWOOD_pfp.bin\ndrmn0: successfully loaded firmware image with name: radeon/REDWOOD_me.bin\ndrmn0: successfully loaded firmware image with name: radeon/REDWOOD_rlc.bin\ndrmn0: successfully loaded firmware image with name: radeon/REDWOOD_smc.bin\n[drm] Internal thermal controller with fan control\n[drm] radeon: dpm initialized\ndrmn0: successfully loaded firmware image with name: radeon/CYPRESS_uvd.bin\n[drm] GART: num cpu pages 262144, num gpu pages 262144\n[drm] enabling PCIE gen 2 link speeds, disable with radeon.pcie_gen2=0\n[drm] PCIE GART of 1024M enabled (table at 0x000000000014C000).\ndrmn0: WB enabled\ndrmn0: fence driver on ring 0 use gpu addr 0x0000000040000c00 and cpu addr 0x0xfffff8002d2b2c00\ndrmn0: fence driver on ring 3 use gpu addr 0x0000000040000c0c and cpu addr 0x0xfffff8002d2b2c0c\ndrmn0: fence driver on ring 5 use gpu addr 0x000000000005c418 and cpu addr 0x0xfffff800d005c418\n[drm] Supports vblank timestamp caching Rev 2 (21.10.2013).\n[drm] Driver supports precise vblank timestamp query.\ndrmn0: radeon: MSI limited to 32-bit\ndrmn0: radeon: using MSI.\n[drm] radeon: irq initialized.\n[drm] ring test on 0 succeeded in 1 usecs\n[drm] ring test on 3 succeeded in 2 usecs\n[drm] ring test on 5 succeeded in 1 usecs\n[drm] UVD initialized successfully.\n[drm] ib test on ring 0 succeeded in 0 usecs\n[drm] ib test on ring 3 succeeded in 0 usecs\n[drm] ib test on ring 5 succeeded\n[drm] Connector DP-1: get mode from tunables:\n[drm]   - kern.vt.fb.modes.DP-1\n[drm]   - kern.vt.fb.default_mode\n[drm] Connector DP-2: get mode from tunables:\n[drm]   - kern.vt.fb.modes.DP-2\n[drm]   - kern.vt.fb.default_mode\n[drm] Connector DVI-I-1: get mode from tunables:\n[drm]   - kern.vt.fb.modes.DVI-I-1\n[drm]   - kern.vt.fb.default_mode\n[drm] Radeon Display Connectors\n[drm] Connector 0:\n[drm]   DP-1\n[drm]   HPD4\n[drm]   DDC: 0x6440 0x6440 0x6444 0x6444 0x6448 0x6448 0x644c 0x644c\n[drm]   Encoders:\n[drm]     DFP1: INTERNAL_UNIPHY2\n[drm] Connector 1:\n[drm] Connector 1:\n[drm]   DP-2\n[drm]   HPD5\n[drm]   DDC: 0x6470 0x6470 0x6474 0x6474 0x6478 0x6478 0x647c 0x647c\n[drm]   Encoders:\n[drm]     DFP2: INTERNAL_UNIPHY2\n[drm] Connector 2:\n[drm]   DVI-I-1\n[drm]   HPD1\n[drm]   DDC: 0x6450 0x6450 0x6454 0x6454 0x6458 0x6458 0x645c 0x645c\n[drm]   Encoders:\n[drm]     DFP3: INTERNAL_UNIPHY1\n[drm]     CRT1: INTERNAL_KLDSCP_DAC1\n[drm] fb mappable at 0xD034D000\n[drm] vram apper at 0xD0000000\n[drm] size 9216000\n[drm] fb depth is 24\n[drm]    pitch is 7680\nVT: Replacing driver \"vga\" with new \"fb\"."
}