{
 "id": 518511,
 "bug_id": 138571,
 "attachment_id": 0,
 "creation_time": "2009-09-06T11:10:02Z",
 "creator": "dimitar.vassilev@gmail.com",
 "text": "Copyright (c) 1992-2009 The FreeBSD Project.\nCopyright (c) 1979, 1980, 1983, 1986, 1988, 1989, 1991, 1992, 1993, 1994\n\tThe Regents of the University of California. All rights reserved.\nFreeBSD is a registered trademark of The FreeBSD Foundation.\nFreeBSD 8.0-BETA3 #0: Sat Aug 22 02:00:45 UTC 2009\n    root@mason.cse.buffalo.edu:/usr/obj/usr/src/sys/GENERIC\nWARNING: WITNESS option enabled, expect reduced performance.\nTimecounter \"i8254\" frequency 1193182 Hz quality 0\nCPU: AMD Opteron(tm) Processor 248 (2193.17-MHz K8-class CPU)\n  Origin = \"AuthenticAMD\"  Id = 0xf5a  Stepping = 10\n  Features=0x78bfbff\u003cFPU,VME,DE,PSE,TSC,MSR,PAE,MCE,CX8,APIC,SEP,MTRR,PGE,MCA,CMOV,PAT,PSE36,CLFLUSH,MMX,FXSR,SSE,SSE2\u003e\n  AMD Features=0xe0500800\u003cSYSCALL,NX,MMX+,LM,3DNow!+,3DNow!\u003e\nreal memory  = 3221225472 (3072 MB)\navail memory = 3091718144 (2948 MB)\nACPI APIC Table: \u003cA M I  OEMAPIC \u003e\nFreeBSD/SMP: Multiprocessor System Detected: 2 CPUs\nFreeBSD/SMP: 2 package(s) x 1 core(s)\n cpu0 (BSP): APIC ID:  0\n cpu1 (AP): APIC ID:  1\nMADT: Forcing active-low polarity and level trigger for SCI\nioapic0 \u003cVersion 1.1\u003e irqs 0-23 on motherboard\nioapic1 \u003cVersion 1.1\u003e irqs 24-27 on motherboard\nioapic2 \u003cVersion 1.1\u003e irqs 28-31 on motherboard\nkbd1 at kbdmux0\nacpi0: \u003cA M I OEMXSDT\u003e on motherboard\nacpi0: [ITHREAD]\nacpi0: Power Button (fixed)\nacpi0: reservation of 0, a0000 (3) failed\nacpi0: reservation of 100000, bff00000 (3) failed\nTimecounter \"ACPI-fast\" frequency 3579545 Hz quality 1000\nacpi_timer0: \u003c24-bit timer at 3.579545MHz\u003e port 0x5008-0x500b on acpi0\npcib0: \u003cACPI Host-PCI bridge\u003e port 0xcf8-0xcff on acpi0\npci0: \u003cACPI PCI bus\u003e on pcib0\npcib1: \u003cACPI PCI-PCI bridge\u003e at device 6.0 on pci0\npci4: \u003cACPI PCI bus\u003e on pcib1\nohci0: \u003cOHCI (generic) USB controller\u003e mem 0xfeafd000-0xfeafdfff irq 19 at device 0.0 on pci4\nohci0: [ITHREAD]\nusbus0: \u003cOHCI (generic) USB controller\u003e on ohci0\nohci1: \u003cOHCI (generic) USB controller\u003e mem 0xfeafe000-0xfeafefff irq 19 at device 0.1 on pci4\nohci1: [ITHREAD]\nusbus1: \u003cOHCI (generic) USB controller\u003e on ohci1\nvgapci0: \u003cVGA-compatible display\u003e port 0xb000-0xb0ff mem 0xfd000000-0xfdffffff,0xfeaff000-0xfeafffff irq 18 at device 6.0 on pci4\nisab0: \u003cPCI-ISA bridge\u003e at device 7.0 on pci0\nisa0: \u003cISA bus\u003e on isab0\natapci0: \u003cAMD 8111 UDMA133 controller\u003e port 0x1f0-0x1f7,0x3f6,0x170-0x177,0x376,0xffa0-0xffaf at device 7.1 on pci0\nata0: \u003cATA channel 0\u003e on atapci0\nata0: [ITHREAD]\nata1: \u003cATA channel 1\u003e on atapci0\nata1: [ITHREAD]\npci0: \u003cserial bus, SMBus\u003e at device 7.2 (no driver attached)\npci0: \u003cbridge\u003e at device 7.3 (no driver attached)\npcib2: \u003cACPI PCI-PCI bridge\u003e at device 10.0 on pci0\npci3: \u003cACPI PCI bus\u003e on pcib2\npcib3: \u003cACPI PCI-PCI bridge\u003e at device 11.0 on pci0\npci1: \u003cACPI PCI bus\u003e on pcib3\npcib4: \u003cPCI-PCI bridge\u003e at device 1.0 on pci1\npci2: \u003cPCI bus\u003e on pcib4\narcmsr0: \u003cAreca SATA Host Adapter RAID Controller (RAID6 capable)\n\u003e mem 0xfc7ff000-0xfc7fffff,0xfbc00000-0xfbffffff irq 30 at device 14.0 on pci2\nARECA RAID ADAPTER0: Driver Version 1.20.00.15 2007-10-07 \nARECA RAID ADAPTER0: FIRMWARE VERSION V1.46 2009-01-06 \narcmsr0: [ITHREAD]\nbge0: \u003cBroadcom NetXtreme Gigabit Ethernet Controller, ASIC rev. 0x2003\u003e mem 0xfc8d0000-0xfc8dffff,0xfc8c0000-0xfc8cffff irq 29 at device 2.0 on pci1\nmiibus0: \u003cMII bus\u003e on bge0\nbrgphy0: \u003cBCM5704 10/100/1000baseTX PHY\u003e PHY 1 on miibus0\nbrgphy0:  10baseT, 10baseT-FDX, 100baseTX, 100baseTX-FDX, 1000baseT, 1000baseT-FDX, auto\nbge0: Ethernet address: 00:0c:76:14:38:89\nbge0: [ITHREAD]\nbge1: \u003cBroadcom NetXtreme Gigabit Ethernet Controller, ASIC rev. 0x2003\u003e mem 0xfc8f0000-0xfc8fffff,0xfc8e0000-0xfc8effff irq 30 at device 2.1 on pci1\nmiibus1: \u003cMII bus\u003e on bge1\nbrgphy1: \u003cBCM5704 10/100/1000baseTX PHY\u003e PHY 1 on miibus1\nbrgphy1:  10baseT, 10baseT-FDX, 100baseTX, 100baseTX-FDX, 1000baseT, 1000baseT-FDX, auto\nbge1: Ethernet address: 00:0c:76:14:38:88\nbge1: [ITHREAD]\nacpi_button0: \u003cPower Button\u003e on acpi0\nacpi_tz0: \u003cThermal Zone\u003e on acpi0\natrtc0: \u003cAT realtime clock\u003e port 0x70-0x71 irq 8 on acpi0\natkbdc0: \u003cKeyboard controller (i8042)\u003e port 0x60,0x64 irq 1 on acpi0\natkbd0: \u003cAT Keyboard\u003e irq 1 on atkbdc0\nkbd0 at atkbd0\natkbd0: [GIANT-LOCKED]\natkbd0: [ITHREAD]\nuart0: \u003c16550 or compatible\u003e port 0x3f8-0x3ff irq 4 flags 0x10 on acpi0\nuart0: [FILTER]\nuart1: \u003c16550 or compatible\u003e port 0x2f8-0x2ff irq 3 on acpi0\nuart1: [FILTER]\nACPI Warning: \\\\_SB_.PCI0.SBRG.FDC_._FDE: Return type mismatch - found Package, expected Buffer 20090521 nspredef-1051\nfdc0: \u003cfloppy drive controller (FDE)\u003e port 0x3f0-0x3f5,0x3f7 irq 6 drq 2 on acpi0\nfdc0: [FILTER]\nppc0: \u003cParallel port\u003e port 0x378-0x37f irq 7 on acpi0\nppc0: Generic chipset (NIBBLE-only) in COMPATIBLE mode\nppc0: [ITHREAD]\nppbus0: \u003cParallel port bus\u003e on ppc0\nplip0: \u003cPLIP network interface\u003e on ppbus0\nplip0: [ITHREAD]\nlpt0: \u003cPrinter\u003e on ppbus0\nlpt0: [ITHREAD]\nlpt0: Interrupt-driven port\nppi0: \u003cParallel I/O\u003e on ppbus0\ncpu0: \u003cACPI CPU\u003e on acpi0\nacpi_throttle0: \u003cACPI CPU Throttling\u003e on cpu0\npowernow0: \u003cCool`n'Quiet K8\u003e on cpu0\ndevice_attach: powernow0 attach returned 6\ncpu1: \u003cACPI CPU\u003e on acpi0\npowernow1: \u003cCool`n'Quiet K8\u003e on cpu1\ndevice_attach: powernow1 attach returned 6\norm0: \u003cISA Option ROMs\u003e at iomem 0xc0000-0xc7fff,0xc9800-0xcafff,0xcb000-0xcc7ff,0xcc800-0xcd7ff on isa0\nsc0: \u003cSystem console\u003e at flags 0x100 on isa0\nsc0: VGA \u003c16 virtual consoles, flags=0x300\u003e\nvga0: \u003cGeneric ISA VGA\u003e at port 0x3c0-0x3df iomem 0xa0000-0xbffff on isa0\nTimecounters tick every 1.000 msec\nWaiting 5 seconds for SCSI devices to settle\nusbus0: 12Mbps Full Speed USB v1.0\nusbus1: 12Mbps Full Speed USB v1.0\nugen0.1: \u003cAMD\u003e at usbus0\nuhub0: \u003cAMD OHCI root HUB, class 9/0, rev 1.00/1.00, addr 1\u003e on usbus0\nugen1.1: \u003cAMD\u003e at usbus1\nuhub1: \u003cAMD OHCI root HUB, class 9/0, rev 1.00/1.00, addr 1\u003e on usbus1\nacd0: CDROM \u003cCD-532E-A/3.0A\u003e at ata0-master PIO4\nuhub0: 3 ports with 3 removable, self powered\nuhub1: 3 ports with 3 removable, self powered\nda0 at arcmsr0 bus 0 target 0 lun 0\nda0: \u003cAreca ARC-1120-VOL#00 R001\u003e Fixed Direct Access SCSI-5 device \nda0: 166.666MB/s transfers (83.333MHz, offset 32, 16bit)\nda0: Command Queueing enabled\nda0: 286102MB (585937408 512 byte sectors: 255H 63S/T 36472C)\nda1 at arcmsr0 bus 0 target 0 lun 1\nda1: \u003cHitachi HDP725050GLA360 R001\u003e Fixed Direct Access SCSI-5 device \nda1: 166.666MB/s transfers (83.333MHz, offset 32, 16bit)\nda1: Command Queueing enabled\nda1: 476940MB (976773168 512 byte sectors: 255H 63S/T 60801C)\nda2 at arcmsr0 bus 0 target 0 lun 2\nda2: \u003cHitachi HDP725050GLA360 R001\u003e Fixed Direct Access SCSI-5 device \nda2: 166.666MB/s transfers (83.333MHz, offset 32, 16bit)\nda2: Command Queueing enabled\nda2: 476940MB (976773168 512 byte sectors: 255H 63S/T 60801C)\nda3 at arcmsr0 bus 0 target 0 lun 3\nda3: \u003cHitachi HDP725050GLA360 R001\u003e Fixed Direct Access SCSI-5 device \nda3: 166.666MB/s transfers (83.333MHz, offset 32, 16bit)\nda3: Command Queueing enabled\nda3: 476940MB (976773168 512 byte sectors: 255H 63S/T 60801C)\nSMP: AP CPU #1 Launched!\nWARNING: WITNESS option enabled, expect reduced performance.\nTrying to mount root from ufs:/dev/da0s1a\nlogo_saver: the console does not support M_VGA_CG320\nmodule_register_init: MOD_LOAD (logo_saver, 0xffffffff81222010, 0) error 19\nbge0: link state changed to UP\nbge1: link state changed to DOWN\nbge0: link state changed to DOWN\nbge0: link state changed to UP\nlock order reversal:\n 1st 0xffffff803e7606c0 bufwait (bufwait) @ /usr/src/sys/kern/vfs_bio.c:2559\n 2nd 0xffffff00027bdc00 dirhash (dirhash) @ /usr/src/sys/ufs/ufs/ufs_dirhash.c:285\nKDB: stack backtrace:\ndb_trace_self_wrapper() at db_trace_self_wrapper+0x2a\n_witness_debugger() at _witness_debugger+0x2e\nwitness_checkorder() at witness_checkorder+0x81e\n_sx_xlock() at _sx_xlock+0x55\nufsdirhash_acquire() at ufsdirhash_acquire+0x33\nufsdirhash_newblk() at ufsdirhash_newblk+0x11\nufs_direnter() at ufs_direnter+0x1b1\nufs_makeinode() at ufs_makeinode+0x2a7\nVOP_CREATE_APV() at VOP_CREATE_APV+0x8d\nvn_open_cred() at vn_open_cred+0x468\nkern_openat() at kern_openat+0x179\nsyscall() at syscall+0x1af\nXfast_syscall() at Xfast_syscall+0xe1\n--- syscall (5, FreeBSD ELF64, open), rip = 0x800c0cdfc, rsp = 0x7fffff1f9b38, rbp = 0x800d08900 ---\n\nwhen i started to ftp and csup at the same time this error got into my dmesg.\nCould you please check at your end also.\nmachine is alive after this - but it's a bit annoying\n\nFix: \n\nif i knew i'd fix it.\nHow-To-Repeat: try to copy to /root with sftp and csup at the same time.\nHW is 3GB memory, areca 1120 and k8 master f mobo"
}