{
 "id": 518514,
 "bug_id": 138571,
 "attachment_id": 0,
 "creation_time": "2009-09-08T16:34:56Z",
 "creator": "rgoellner@gmx.de",
 "text": "Same behaviour here on BETA-[34] (and some time before BETA, AFAIR):\n\nSep  8 01:00:00 medea newsyslog[40772]: logfile turned over due to size\u003e100K\nSep  8 01:08:27 medea syslogd: exiting on signal 15\nSep  8 14:39:50 medea syslogd: kernel boot file is /boot/kernel/kernel\nSep  8 14:39:50 medea kernel: Copyright (c) 1992-2009 The FreeBSD Project.\nSep  8 14:39:50 medea kernel: Copyright (c) 1979, 1980, 1983, 1986, \n1988, 1989, 1991, 1992, 1993, 1994\nSep  8 14:39:50 medea kernel: The Regents of the University of \nCalifornia. All rights reserved.\nSep  8 14:39:50 medea kernel: FreeBSD is a registered trademark of The \nFreeBSD Foundation.\nSep  8 14:39:50 medea kernel: FreeBSD 8.0-BETA4 #0: Mon Sep  7 20:08:00 \nCEST 2009\nSep  8 14:39:50 medea kernel: \nroot@medea.jabbe.local:/var/tmp/obj/home/freebsd/src/sys/GENERIC\nSep  8 14:39:50 medea kernel: WARNING: WITNESS option enabled, expect \nreduced performance.\nSep  8 14:39:50 medea kernel: Timecounter \"i8254\" frequency 1193182 Hz \nquality 0\nSep  8 14:39:50 medea kernel: CPU: Intel(R) Core(TM) i7 CPU         920 \n  @ 2.67GHz (2698.78-MHz K8-class CPU)\nSep  8 14:39:50 medea kernel: Origin = \"GenuineIntel\"  Id = 0x106a5 \nStepping = 5\nSep  8 14:39:50 medea kernel: \nFeatures=0xbfebfbff\u003cFPU,VME,DE,PSE,TSC,MSR,PAE,MCE,CX8,APIC,SEP,MTRR,PGE,MCA,CMOV,PAT,PSE36,CLFLUSH,DTS,ACPI,MMX,FXSR,SSE,SSE2,SS,HTT,TM,PBE\u003e\nSep  8 14:39:50 medea kernel: \nFeatures2=0x98e3bd\u003cSSE3,DTES64,MON,DS_CPL,VMX,EST,TM2,SSSE3,CX16,xTPR,PDCM,SSE4.1,SSE4.2,POPCNT\u003e\nSep  8 14:39:50 medea kernel: AMD Features=0x28100800\u003cSYSCALL,NX,RDTSCP,LM\u003e\nSep  8 14:39:50 medea kernel: AMD Features2=0x1\u003cLAHF\u003e\nSep  8 14:39:50 medea kernel: TSC: P-state invariant\nSep  8 14:39:50 medea kernel: real memory  = 6442450944 (6144 MB)\nSep  8 14:39:50 medea kernel: avail memory = 6177144832 (5890 MB)\nSep  8 14:39:50 medea kernel: ACPI APIC Table: \u003cGBT    GBTUACPI\u003e\nSep  8 14:39:50 medea kernel: FreeBSD/SMP: Multiprocessor System \nDetected: 8 CPUs\nSep  8 14:39:50 medea kernel: FreeBSD/SMP: 1 package(s) x 4 core(s) x 2 \nSMT threads\nSep  8 14:39:50 medea kernel: cpu0 (BSP): APIC ID:  0\nSep  8 14:39:50 medea kernel: cpu1 (AP): APIC ID:  1\nSep  8 14:39:50 medea kernel: cpu2 (AP): APIC ID:  2\nSep  8 14:39:50 medea kernel: cpu3 (AP): APIC ID:  3\nSep  8 14:39:50 medea kernel: cpu4 (AP): APIC ID:  4\nSep  8 14:39:50 medea kernel: cpu5 (AP): APIC ID:  5\nSep  8 14:39:50 medea kernel: cpu6 (AP): APIC ID:  6\nSep  8 14:39:50 medea kernel: cpu7 (AP): APIC ID:  7\nSep  8 14:39:50 medea kernel: ioapic0: Changing APIC ID to 2\nSep  8 14:39:50 medea kernel: ioapic0 \u003cVersion 2.0\u003e irqs 0-23 on motherboard\nSep  8 14:39:50 medea kernel: kbd1 at kbdmux0\nSep  8 14:39:50 medea kernel: acpi0: \u003cGBT GBTUACPI\u003e on motherboard\nSep  8 14:39:50 medea kernel: acpi0: [ITHREAD]\nSep  8 14:39:50 medea kernel: acpi0: Power Button (fixed)\nSep  8 14:39:50 medea kernel: acpi0: reservation of 0, a0000 (3) failed\nSep  8 14:39:50 medea kernel: acpi0: reservation of 100000, cfde0000 (3) \nfailed\nSep  8 14:39:50 medea kernel: Timecounter \"ACPI-fast\" frequency 3579545 \nHz quality 1000\nSep  8 14:39:50 medea kernel: acpi_timer0: \u003c24-bit timer at 3.579545MHz\u003e \nport 0x408-0x40b on acpi0\nSep  8 14:39:50 medea kernel: acpi_hpet0: \u003cHigh Precision Event Timer\u003e \niomem 0xfed00000-0xfed003ff on acpi0\nSep  8 14:39:50 medea kernel: Timecounter \"HPET\" frequency 14318180 Hz \nquality 900\nSep  8 14:39:50 medea kernel: acpi_button0: \u003cPower Button\u003e on acpi0\nSep  8 14:39:50 medea kernel: pcib0: \u003cACPI Host-PCI bridge\u003e port \n0xcf8-0xcff on acpi0\nSep  8 14:39:50 medea kernel: pci0: \u003cACPI PCI bus\u003e on pcib0\nSep  8 14:39:50 medea kernel: pcib1: \u003cPCI-PCI bridge\u003e irq 16 at device \n1.0 on pci0\nSep  8 14:39:50 medea kernel: pci1: \u003cPCI bus\u003e on pcib1\nSep  8 14:39:50 medea kernel: pcib2: \u003cPCI-PCI bridge\u003e irq 16 at device \n3.0 on pci0\nSep  8 14:39:50 medea kernel: pci2: \u003cPCI bus\u003e on pcib2\nSep  8 14:39:50 medea kernel: vgapci0: \u003cVGA-compatible display\u003e port \n0xee00-0xeeff mem 0xd0000000-0xdfffffff,0xfbbe0000-0xfbbeffff irq 16 at \ndevice 0.0 on pci2\nSep  8 14:39:50 medea kernel: hdac0: \u003cATI RV730 High Definition Audio \nController\u003e mem 0xfbbfc000-0xfbbfffff irq 17 at device 0.1 on pci2\nSep  8 14:39:50 medea kernel: hdac0: HDA Driver Revision: 20090624_0136\nSep  8 14:39:50 medea kernel: hdac0: [ITHREAD]\nSep  8 14:39:50 medea kernel: pcib3: \u003cPCI-PCI bridge\u003e irq 16 at device \n5.0 on pci0\nSep  8 14:39:50 medea kernel: pci3: \u003cPCI bus\u003e on pcib3\nSep  8 14:39:50 medea kernel: pcib4: \u003cPCI-PCI bridge\u003e irq 16 at device \n7.0 on pci0\nSep  8 14:39:50 medea kernel: pci4: \u003cPCI bus\u003e on pcib4\nSep  8 14:39:50 medea kernel: pcib5: \u003cPCI-PCI bridge\u003e irq 16 at device \n9.0 on pci0\nSep  8 14:39:50 medea kernel: pci5: \u003cPCI bus\u003e on pcib5\nSep  8 14:39:50 medea kernel: pci0: \u003cbase peripheral, interrupt \ncontroller\u003e at device 16.0 (no driver attached)\nSep  8 14:39:50 medea kernel: pci0: \u003cbase peripheral, interrupt \ncontroller\u003e at device 16.1 (no driver attached)\nSep  8 14:39:50 medea kernel: pci0: \u003cbase peripheral, interrupt \ncontroller\u003e at device 17.0 (no driver attached)\nSep  8 14:39:50 medea kernel: pci0: \u003cbase peripheral, interrupt \ncontroller\u003e at device 17.1 (no driver attached)\nSep  8 14:39:50 medea kernel: pci0: \u003cbase peripheral, interrupt \ncontroller\u003e at device 20.0 (no driver attached)\nSep  8 14:39:50 medea kernel: pci0: \u003cbase peripheral, interrupt \ncontroller\u003e at device 20.1 (no driver attached)\nSep  8 14:39:50 medea kernel: pci0: \u003cbase peripheral, interrupt \ncontroller\u003e at device 20.2 (no driver attached)\nSep  8 14:39:50 medea kernel: uhci0: \u003cUHCI (generic) USB controller\u003e \nport 0xff00-0xff1f irq 16 at device 26.0 on pci0\nSep  8 14:39:50 medea kernel: uhci0: [ITHREAD]\nSep  8 14:39:50 medea kernel: uhci0: LegSup = 0x0f10\nSep  8 14:39:50 medea kernel: usbus0: \u003cUHCI (generic) USB controller\u003e on \nuhci0\nSep  8 14:39:50 medea kernel: uhci1: \u003cUHCI (generic) USB controller\u003e \nport 0xfe00-0xfe1f irq 21 at device 26.1 on pci0\nSep  8 14:39:50 medea kernel: uhci1: [ITHREAD]\nSep  8 14:39:50 medea kernel: uhci1: LegSup = 0x0f10\nSep  8 14:39:50 medea kernel: usbus1: \u003cUHCI (generic) USB controller\u003e on \nuhci1\nSep  8 14:39:50 medea kernel: uhci2: \u003cUHCI (generic) USB controller\u003e \nport 0xfd00-0xfd1f irq 18 at device 26.2 on pci0\nSep  8 14:39:50 medea kernel: uhci2: [ITHREAD]\nSep  8 14:39:50 medea kernel: uhci2: LegSup = 0x0f10\nSep  8 14:39:50 medea kernel: usbus2: \u003cUHCI (generic) USB controller\u003e on \nuhci2\nSep  8 14:39:50 medea kernel: ehci0: \u003cEHCI (generic) USB 2.0 controller\u003e \nmem 0xfbffe000-0xfbffe3ff irq 18 at device 26.7 on pci0\nSep  8 14:39:50 medea kernel: ehci0: [ITHREAD]\nSep  8 14:39:50 medea kernel: usbus3: waiting for BIOS to give up control\nSep  8 14:39:50 medea kernel: usbus3: EHCI version 1.0\nSep  8 14:39:50 medea kernel: usbus3: \u003cEHCI (generic) USB 2.0 \ncontroller\u003e on ehci0\nSep  8 14:39:50 medea kernel: hdac1: \u003cIntel 82801J High Definition Audio \nController\u003e mem 0xfbff4000-0xfbff7fff irq 22 at device 27.0 on pci0\nSep  8 14:39:50 medea kernel: hdac1: HDA Driver Revision: 20090624_0136\nSep  8 14:39:50 medea kernel: hdac1: [ITHREAD]\nSep  8 14:39:50 medea kernel: pcib6: \u003cACPI PCI-PCI bridge\u003e irq 16 at \ndevice 28.0 on pci0\nSep  8 14:39:50 medea kernel: pci6: \u003cACPI PCI bus\u003e on pcib6\nSep  8 14:39:50 medea kernel: pcib7: \u003cACPI PCI-PCI bridge\u003e irq 17 at \ndevice 28.1 on pci0\nSep  8 14:39:50 medea kernel: pci7: \u003cACPI PCI bus\u003e on pcib7\nSep  8 14:39:50 medea kernel: atapci0: \u003cJMicron JMB363 SATA300 \ncontroller\u003e port \n0xdf00-0xdf07,0xde00-0xde03,0xdd00-0xdd07,0xdc00-0xdc03,0xdb00-0xdb0f \nmem 0xfb9fe000-0xfb9fffff irq 17 at device 0.0 on pci7\nSep  8 14:39:50 medea kernel: atapci0: [ITHREAD]\nSep  8 14:39:50 medea kernel: atapci0: AHCI called from vendor specific \ndriver\nSep  8 14:39:50 medea kernel: atapci0: AHCI v1.00 controller with 2 \n3Gbps ports, PM supported\nSep  8 14:39:50 medea kernel: ata2: \u003cATA channel 0\u003e on atapci0\nSep  8 14:39:50 medea kernel: ata2: [ITHREAD]\nSep  8 14:39:50 medea kernel: ata3: \u003cATA channel 1\u003e on atapci0\nSep  8 14:39:50 medea kernel: ata3: [ITHREAD]\nSep  8 14:39:50 medea kernel: ata4: \u003cATA channel 2\u003e on atapci0\nSep  8 14:39:50 medea kernel: ata4: [ITHREAD]\nSep  8 14:39:50 medea kernel: pcib8: \u003cACPI PCI-PCI bridge\u003e irq 16 at \ndevice 28.4 on pci0\nSep  8 14:39:50 medea kernel: pci8: \u003cACPI PCI bus\u003e on pcib8\nSep  8 14:39:50 medea kernel: re0: \u003cRealTek \n8168/8168B/8168C/8168CP/8168D/8168DP/8111B/8111C/8111CP/8111DP PCIe \nGigabit Ethernet\u003e port 0xce00-0xceff mem \n0xfbeff000-0xfbefffff,0xfbef8000-0xfbefbfff irq 16 at device 0.0 on pci8\nSep  8 14:39:50 medea kernel: re0: Using 1 MSI messages\nSep  8 14:39:50 medea kernel: re0: Chip rev. 0x28000000\nSep  8 14:39:50 medea kernel: re0: MAC rev. 0x00000000\nSep  8 14:39:50 medea kernel: miibus0: \u003cMII bus\u003e on re0\nSep  8 14:39:50 medea kernel: rgephy0: \u003cRTL8169S/8110S/8211B media \ninterface\u003e PHY 1 on miibus0\nSep  8 14:39:50 medea kernel: rgephy0:  10baseT, 10baseT-FDX, 100baseTX, \n100baseTX-FDX, 1000baseT, 1000baseT-FDX, auto\nSep  8 14:39:50 medea kernel: re0: Ethernet address: 00:24:1d:1d:9c:40\nSep  8 14:39:50 medea kernel: re0: [FILTER]\nSep  8 14:39:50 medea kernel: pcib9: \u003cACPI PCI-PCI bridge\u003e irq 17 at \ndevice 28.5 on pci0\nSep  8 14:39:50 medea kernel: pci9: \u003cACPI PCI bus\u003e on pcib9\nSep  8 14:39:50 medea kernel: re1: \u003cRealTek \n8168/8168B/8168C/8168CP/8168D/8168DP/8111B/8111C/8111CP/8111DP PCIe \nGigabit Ethernet\u003e port 0xae00-0xaeff mem \n0xfbcff000-0xfbcfffff,0xfbcf8000-0xfbcfbfff irq 17 at device 0.0 on pci9\nSep  8 14:39:50 medea kernel: re1: Using 1 MSI messages\nSep  8 14:39:50 medea kernel: re1: Chip rev. 0x28000000\nSep  8 14:39:50 medea kernel: re1: MAC rev. 0x00000000\nSep  8 14:39:50 medea kernel: miibus1: \u003cMII bus\u003e on re1\nSep  8 14:39:50 medea kernel: rgephy1: \u003cRTL8169S/8110S/8211B media \ninterface\u003e PHY 1 on miibus1\nSep  8 14:39:50 medea kernel: rgephy1:  10baseT, 10baseT-FDX, 100baseTX, \n100baseTX-FDX, 1000baseT, 1000baseT-FDX, auto\nSep  8 14:39:50 medea kernel: re1: Ethernet address: 00:24:1d:1d:9c:42\nSep  8 14:39:50 medea kernel: re1: [FILTER]\nSep  8 14:39:50 medea kernel: uhci3: \u003cUHCI (generic) USB controller\u003e \nport 0xfc00-0xfc1f irq 23 at device 29.0 on pci0\nSep  8 14:39:50 medea kernel: uhci3: [ITHREAD]\nSep  8 14:39:50 medea kernel: uhci3: LegSup = 0x003b\nSep  8 14:39:50 medea kernel: usbus4: \u003cUHCI (generic) USB controller\u003e on \nuhci3\nSep  8 14:39:50 medea kernel: uhci4: \u003cUHCI (generic) USB controller\u003e \nport 0xfb00-0xfb1f irq 19 at device 29.1 on pci0\nSep  8 14:39:50 medea kernel: uhci4: [ITHREAD]\nSep  8 14:39:50 medea kernel: uhci4: LegSup = 0x0010\nSep  8 14:39:50 medea kernel: usbus5: \u003cUHCI (generic) USB controller\u003e on \nuhci4\nSep  8 14:39:50 medea kernel: uhci5: \u003cUHCI (generic) USB controller\u003e \nport 0xfa00-0xfa1f irq 18 at device 29.2 on pci0\nSep  8 14:39:50 medea kernel: uhci5: [ITHREAD]\nSep  8 14:39:50 medea kernel: uhci5: LegSup = 0x0010\nSep  8 14:39:50 medea kernel: usbus6: \u003cUHCI (generic) USB controller\u003e on \nuhci5\nSep  8 14:39:50 medea kernel: ehci1: \u003cEHCI (generic) USB 2.0 controller\u003e \nmem 0xfbffd000-0xfbffd3ff irq 23 at device 29.7 on pci0\nSep  8 14:39:50 medea kernel: ehci1: [ITHREAD]\nSep  8 14:39:50 medea kernel: usbus7: waiting for BIOS to give up control\nSep  8 14:39:50 medea kernel: usbus7: EHCI version 1.0\nSep  8 14:39:50 medea kernel: usbus7: \u003cEHCI (generic) USB 2.0 \ncontroller\u003e on ehci1\nSep  8 14:39:50 medea kernel: pcib10: \u003cACPI PCI-PCI bridge\u003e at device \n30.0 on pci0\nSep  8 14:39:50 medea kernel: pci10: \u003cACPI PCI bus\u003e on pcib10\nSep  8 14:39:50 medea kernel: trm0: \u003cTekram DC395U/UW/F DC315/U Fast20 \nWide SCSI Adapter\u003e port 0xbe00-0xbeff mem 0xfbaff000-0xfbafffff irq 17 \nat device 1.0 on pci10\nSep  8 14:39:50 medea kernel: trm0: [GIANT-LOCKED]\nSep  8 14:39:50 medea kernel: trm0: [ITHREAD]\nSep  8 14:39:50 medea kernel: fwohci0: \u003cTexas Instruments TSB43AB23\u003e mem \n0xfbafe000-0xfbafe7ff,0xfbaf8000-0xfbafbfff irq 18 at device 6.0 on pci10\nSep  8 14:39:50 medea kernel: fwohci0: [ITHREAD]\nSep  8 14:39:50 medea kernel: fwohci0: OHCI version 1.10 (ROM=0)\nSep  8 14:39:50 medea kernel: fwohci0: No. of Isochronous channels is 4.\nSep  8 14:39:50 medea kernel: fwohci0: EUI64 00:1a:32:8e:00:00:24:1d\nSep  8 14:39:50 medea kernel: fwohci0: Phy 1394a available S400, 3 ports.\nSep  8 14:39:50 medea kernel: fwohci0: Link S400, max_rec 2048 bytes.\nSep  8 14:39:50 medea kernel: firewire0: \u003cIEEE1394(FireWire) bus\u003e on fwohci0\nSep  8 14:39:50 medea kernel: fwe0: \u003cEthernet over FireWire\u003e on firewire0\nSep  8 14:39:50 medea kernel: if_fwe0: Fake Ethernet address: \n02:1a:32:00:24:1d\nSep  8 14:39:50 medea kernel: fwe0: Ethernet address: 02:1a:32:00:24:1d\nSep  8 14:39:50 medea kernel: fwip0: \u003cIP over FireWire\u003e on firewire0\nSep  8 14:39:50 medea kernel: fwip0: Firewire address: \n00:1a:32:8e:00:00:24:1d @ 0xfffe00000000, S400, maxrec 2048\nSep  8 14:39:50 medea kernel: sbp0: \u003cSBP-2/SCSI over FireWire\u003e on firewire0\nSep  8 14:39:50 medea kernel: dcons_crom0: \u003cdcons configuration ROM\u003e on \nfirewire0\nSep  8 14:39:50 medea kernel: dcons_crom0: bus_addr 0x2834000\nSep  8 14:39:50 medea kernel: fwohci0: Initiate bus reset\nSep  8 14:39:50 medea kernel: fwohci0: fwohci_intr_core: BUS reset\nSep  8 14:39:50 medea kernel: fwohci0: fwohci_intr_core: \nnode_id=0x00000000, SelfID Count=1, CYCLEMASTER mode\nSep  8 14:39:50 medea kernel: isab0: \u003cPCI-ISA bridge\u003e at device 31.0 on pci0\nSep  8 14:39:50 medea kernel: isa0: \u003cISA bus\u003e on isab0\nSep  8 14:39:50 medea kernel: atapci1: \u003cIntel ICH10 SATA300 controller\u003e \nport \n0xf900-0xf907,0xf800-0xf803,0xf700-0xf707,0xf600-0xf603,0xf500-0xf51f \nmem 0xfbffc000-0xfbffc7ff irq 19 at device 31.2 on pci0\nSep  8 14:39:50 medea kernel: atapci1: [ITHREAD]\nSep  8 14:39:50 medea kernel: atapci1: AHCI called from vendor specific \ndriver\nSep  8 14:39:50 medea kernel: atapci1: AHCI v1.20 controller with 6 \n3Gbps ports, PM supported\nSep  8 14:39:50 medea kernel: ata5: \u003cATA channel 0\u003e on atapci1\nSep  8 14:39:50 medea kernel: ata5: [ITHREAD]\nSep  8 14:39:50 medea kernel: ata6: \u003cATA channel 1\u003e on atapci1\nSep  8 14:39:50 medea kernel: ata6: [ITHREAD]\nSep  8 14:39:50 medea kernel: ata7: \u003cATA channel 2\u003e on atapci1\nSep  8 14:39:50 medea kernel: ata7: [ITHREAD]\nSep  8 14:39:50 medea kernel: ata8: \u003cATA channel 3\u003e on atapci1\nSep  8 14:39:50 medea kernel: ata8: [ITHREAD]\nSep  8 14:39:50 medea kernel: ata9: \u003cATA channel 4\u003e on atapci1\nSep  8 14:39:50 medea kernel: ata9: [ITHREAD]\nSep  8 14:39:50 medea kernel: ata10: \u003cATA channel 5\u003e on atapci1\nSep  8 14:39:50 medea kernel: ata10: [ITHREAD]\nSep  8 14:39:50 medea kernel: pci0: \u003cserial bus, SMBus\u003e at device 31.3 \n(no driver attached)\nSep  8 14:39:50 medea kernel: atrtc0: \u003cAT realtime clock\u003e port 0x70-0x73 \non acpi0\nSep  8 14:39:50 medea kernel: fdc0: \u003cfloppy drive controller\u003e port \n0x3f0-0x3f5,0x3f7 irq 6 drq 2 on acpi0\nSep  8 14:39:50 medea kernel: fdc0: [FILTER]\nSep  8 14:39:50 medea kernel: atkbdc0: \u003cKeyboard controller (i8042)\u003e \nport 0x60,0x64 irq 1 on acpi0\nSep  8 14:39:50 medea kernel: atkbd0: \u003cAT Keyboard\u003e irq 1 on atkbdc0\nSep  8 14:39:50 medea kernel: kbd0 at atkbd0\nSep  8 14:39:50 medea kernel: atkbd0: [GIANT-LOCKED]\nSep  8 14:39:50 medea kernel: atkbd0: [ITHREAD]\nSep  8 14:39:50 medea kernel: psm0: \u003cPS/2 Mouse\u003e irq 12 on atkbdc0\nSep  8 14:39:50 medea kernel: psm0: [GIANT-LOCKED]\nSep  8 14:39:50 medea kernel: psm0: [ITHREAD]\nSep  8 14:39:50 medea kernel: psm0: model MouseMan+, device ID 0\nSep  8 14:39:50 medea kernel: cpu0: \u003cACPI CPU\u003e on acpi0\nSep  8 14:39:50 medea kernel: est0: \u003cEnhanced SpeedStep Frequency \nControl\u003e on cpu0\nSep  8 14:39:50 medea kernel: p4tcc0: \u003cCPU Frequency Thermal Control\u003e on \ncpu0\nSep  8 14:39:50 medea kernel: cpu1: \u003cACPI CPU\u003e on acpi0\nSep  8 14:39:50 medea kernel: est1: \u003cEnhanced SpeedStep Frequency \nControl\u003e on cpu1\nSep  8 14:39:50 medea kernel: p4tcc1: \u003cCPU Frequency Thermal Control\u003e on \ncpu1\nSep  8 14:39:50 medea kernel: cpu2: \u003cACPI CPU\u003e on acpi0\nSep  8 14:39:50 medea kernel: est2: \u003cEnhanced SpeedStep Frequency \nControl\u003e on cpu2\nSep  8 14:39:50 medea kernel: p4tcc2: \u003cCPU Frequency Thermal Control\u003e on \ncpu2\nSep  8 14:39:50 medea kernel: cpu3: \u003cACPI CPU\u003e on acpi0\nSep  8 14:39:50 medea kernel: est3: \u003cEnhanced SpeedStep Frequency \nControl\u003e on cpu3\nSep  8 14:39:50 medea kernel: p4tcc3: \u003cCPU Frequency Thermal Control\u003e on \ncpu3\nSep  8 14:39:50 medea kernel: cpu4: \u003cACPI CPU\u003e on acpi0\nSep  8 14:39:50 medea kernel: est4: \u003cEnhanced SpeedStep Frequency \nControl\u003e on cpu4\nSep  8 14:39:50 medea kernel: p4tcc4: \u003cCPU Frequency Thermal Control\u003e on \ncpu4\nSep  8 14:39:50 medea kernel: cpu5: \u003cACPI CPU\u003e on acpi0\nSep  8 14:39:50 medea kernel: est5: \u003cEnhanced SpeedStep Frequency \nControl\u003e on cpu5\nSep  8 14:39:50 medea kernel: p4tcc5: \u003cCPU Frequency Thermal Control\u003e on \ncpu5\nSep  8 14:39:50 medea kernel: cpu6: \u003cACPI CPU\u003e on acpi0\nSep  8 14:39:50 medea kernel: est6: \u003cEnhanced SpeedStep Frequency \nControl\u003e on cpu6\nSep  8 14:39:50 medea kernel: p4tcc6: \u003cCPU Frequency Thermal Control\u003e on \ncpu6\nSep  8 14:39:50 medea kernel: cpu7: \u003cACPI CPU\u003e on acpi0\nSep  8 14:39:50 medea kernel: est7: \u003cEnhanced SpeedStep Frequency \nControl\u003e on cpu7\nSep  8 14:39:50 medea kernel: p4tcc7: \u003cCPU Frequency Thermal Control\u003e on \ncpu7\nSep  8 14:39:50 medea kernel: orm0: \u003cISA Option ROMs\u003e at iomem \n0xd0000-0xd1fff,0xd2000-0xd9fff on isa0\nSep  8 14:39:50 medea kernel: sc0: \u003cSystem console\u003e on isa0\nSep  8 14:39:50 medea kernel: sc0: VGA \u003c16 virtual consoles, flags=0x300\u003e\nSep  8 14:39:50 medea kernel: vga0: \u003cGeneric ISA VGA\u003e at port \n0x3c0-0x3df iomem 0xa0000-0xbffff on isa0\nSep  8 14:39:50 medea kernel: Timecounters tick every 1.000 msec\nSep  8 14:39:50 medea kernel: firewire0: 1 nodes, maxhop \u003c= 0 cable IRM \nirm(0)  (me)\nSep  8 14:39:50 medea kernel: firewire0: bus manager 0\nSep  8 14:39:50 medea kernel: usbus0: 12Mbps Full Speed USB v1.0\nSep  8 14:39:50 medea kernel: usbus1: 12Mbps Full Speed USB v1.0\nSep  8 14:39:50 medea kernel: usbus2: 12Mbps Full Speed USB v1.0\nSep  8 14:39:50 medea kernel: usbus3: 480Mbps High Speed USB v2.0\nSep  8 14:39:50 medea kernel: usbus4: 12Mbps Full Speed USB v1.0\nSep  8 14:39:50 medea kernel: usbus5: 12Mbps Full Speed USB v1.0\nSep  8 14:39:50 medea kernel: usbus6: 12Mbps Full Speed USB v1.0\nSep  8 14:39:50 medea kernel: usbus7: 480Mbps High Speed USB v2.0\nSep  8 14:39:50 medea kernel: ad10: 953868MB \u003cSAMSUNG HD103UJ 1AA01113\u003e \nat ata5-master SATA300\nSep  8 14:39:50 medea kernel: ugen0.1: \u003cIntel\u003e at usbus0\nSep  8 14:39:50 medea kernel: uhub0: \u003cIntel UHCI root HUB, class 9/0, \nrev 1.00/1.00, addr 1\u003e on usbus0\nSep  8 14:39:50 medea kernel: ugen1.1: \u003cIntel\u003e at usbus1\nSep  8 14:39:50 medea kernel: uhub1: \u003cIntel UHCI root HUB, class 9/0, \nrev 1.00/1.00, addr 1\u003e on usbus1\nSep  8 14:39:50 medea kernel: ugen2.1: \u003cIntel\u003e at usbus2\nSep  8 14:39:50 medea kernel: uhub2: \u003cIntel UHCI root HUB, class 9/0, \nrev 1.00/1.00, addr 1\u003e on usbus2\nSep  8 14:39:50 medea kernel: ugen3.1: \u003cIntel\u003e at usbus3\nSep  8 14:39:50 medea kernel: uhub3: \u003cIntel EHCI root HUB, class 9/0, \nrev 2.00/1.00, addr 1\u003e on usbus3\nSep  8 14:39:50 medea kernel: ugen4.1: \u003cIntel\u003e at usbus4\nSep  8 14:39:50 medea kernel: uhub4: \u003cIntel UHCI root HUB, class 9/0, \nrev 1.00/1.00, addr 1\u003e on usbus4\nSep  8 14:39:50 medea kernel: ugen5.1: \u003cIntel\u003e at usbus5\nSep  8 14:39:50 medea kernel: uhub5: \u003cIntel UHCI root HUB, class 9/0, \nrev 1.00/1.00, addr 1\u003e on usbus5\nSep  8 14:39:50 medea kernel: ugen6.1: \u003cIntel\u003e at usbus6\nSep  8 14:39:50 medea kernel: uhub6: \u003cIntel UHCI root HUB, class 9/0, \nrev 1.00/1.00, addr 1\u003e on usbus6\nSep  8 14:39:50 medea kernel: ugen7.1: \u003cIntel\u003e at usbus7\nSep  8 14:39:50 medea kernel: uhub7: \u003cIntel EHCI root HUB, class 9/0, \nrev 2.00/1.00, addr 1\u003e on usbus7\nSep  8 14:39:50 medea kernel: ad12: 953869MB \u003cSAMSUNG HD103UJ 1AA01118\u003e \nat ata6-master SATA300\nSep  8 14:39:50 medea kernel: acd0: DVDR \u003cHL-DT-ST BDDVDRW \nGGC-H20L/1.03\u003e at ata7-master SATA150\nSep  8 14:39:50 medea kernel: Waiting 5 seconds for SCSI devices to settle\nSep  8 14:39:50 medea kernel: hdac0: HDA Codec #0: ATI R6xx HDMI\nSep  8 14:39:50 medea kernel: pcm0: \u003cHDA ATI R6xx HDMI PCM #0 Digital\u003e \nat cad 0 nid 1 on hdac0\nSep  8 14:39:50 medea kernel: hdac1: HDA Codec #2: Realtek ALC885\nSep  8 14:39:50 medea kernel: pcm1: \u003cHDA Realtek ALC885 PCM #0 Analog\u003e \nat cad 2 nid 1 on hdac1\nSep  8 14:39:50 medea kernel: pcm2: \u003cHDA Realtek ALC885 PCM #1 Analog\u003e \nat cad 2 nid 1 on hdac1\nSep  8 14:39:50 medea kernel: pcm3: \u003cHDA Realtek ALC885 PCM #2 Digital\u003e \nat cad 2 nid 1 on hdac1\nSep  8 14:39:50 medea kernel: uhub0: 2 ports with 2 removable, self powered\nSep  8 14:39:50 medea kernel: uhub1: 2 ports with 2 removable, self powered\nSep  8 14:39:50 medea kernel: uhub2: 2 ports with 2 removable, self \npoweredSep  8 14:39:50 medea kernel: uhub4: 2 ports with 2 removable, \nself powered\nSep  8 14:39:50 medea kernel: uhub5: 2 ports with 2 removable, self powered\nSep  8 14:39:50 medea kernel: uhub6: 2 ports with 2 removable, self powered\nSep  8 14:39:50 medea kernel: uhub3: 6 ports with 6 removable, self powered\nSep  8 14:39:50 medea kernel: uhub7: 6 ports with 6 removable, self powered\nSep  8 14:39:50 medea kernel: ugen6.2: \u003cvendor 0x050f\u003e at usbus6\nSep  8 14:39:50 medea kernel: uhub8: \u003cvendor 0x050f product 0x0003, \nclass 9/0, rev 1.10/1.00, addr 2\u003e on usbus6\nSep  8 14:39:50 medea kernel: uhub8: 4 ports with 4 removable, self powered\nSep  8 14:39:50 medea kernel: (probe1:trm0:0:1:0): TEST UNIT READY. CDB: \n0 0 0 0 0 0\nSep  8 14:39:50 medea kernel: (probe1:trm0:0:1:0): CAM Status: SCSI \nStatus Error\nSep  8 14:39:50 medea kernel: (probe1:trm0:0:1:0): SCSI Status: Check \nCondition\nSep  8 14:39:50 medea kernel: (probe1:trm0:0:1:0): UNIT ATTENTION asc:29,0\nSep  8 14:39:50 medea kernel: (probe1:trm0:0:1:0): Power on, reset, or \nbus device reset occurred\nSep  8 14:39:50 medea kernel: (probe1:trm0:0:1:0): Retrying Command (per \nSense Data)\nSep  8 14:39:50 medea kernel: (probe1:trm0:0:1:0): TEST UNIT READY. CDB: \n0 0 0 0 0 0\nSep  8 14:39:50 medea kernel: (probe1:trm0:0:1:0): CAM Status: SCSI \nStatus Error\nSep  8 14:39:50 medea kernel: (probe1:trm0:0:1:0): SCSI Status: Check \nCondition\nSep  8 14:39:50 medea kernel: (probe1:trm0:0:1:0): NOT READY asc:3a,0\nSep  8 14:39:50 medea kernel: (probe1:trm0:0:1:0): Medium not present\nSep  8 14:39:50 medea kernel: (probe1:trm0:0:1:0): Unretryable error\nSep  8 14:39:50 medea kernel: SMP: AP CPU #1 Launched!\nSep  8 14:39:50 medea kernel: SMP: AP CPU #3 Launched!\nSep  8 14:39:50 medea kernel: SMP: AP CPU #5 Launched!\nSep  8 14:39:50 medea kernel: SMP: AP CPU #7 Launched!\nSep  8 14:39:50 medea kernel: SMP: AP CPU #2 Launched!\nSep  8 14:39:50 medea kernel: SMP: AP CPU #6 Launched!\nSep  8 14:39:50 medea kernel: SMP: AP CPU #4 Launched!\nSep  8 14:39:50 medea kernel: WARNING: WITNESS option enabled, expect \nreduced performance.\nSep  8 14:39:50 medea kernel: cd0 at trm0 bus 0 target 1 lun 0\nSep  8 14:39:50 medea kernel: cd0: \u003cPIONEER DVD-ROM DVD-303F 2.00\u003e \nRemovable CD-ROM SCSI-2 device\nSep  8 14:39:50 medea kernel: cd0: 20.000MB/s transfers (20.000MHz, \noffset 8)\nSep  8 14:39:50 medea kernel: cd0: Attempt to query device size failed: \nNOT READY, Medium not present\nSep  8 14:39:50 medea kernel: Trying to mount root from ufs:/dev/ad10s3a\nSep  8 14:39:52 medea kernel: re0: link state changed to UP\nSep  8 14:39:52 medea kernel: re0: link state changed to DOWN\nSep  8 14:39:54 medea kernel: re0: link state changed to UP\nSep  8 14:39:58 medea dhclient: New IP Address (re0): 192.168.1.16\nSep  8 14:39:58 medea kernel: re0: link state changed to DOWN\nSep  8 14:39:58 medea dhclient: New Subnet Mask (re0): 255.255.255.0\nSep  8 14:39:58 medea dhclient: New Broadcast Address (re0): 192.168.1.255\nSep  8 14:39:58 medea dhclient: New Routers (re0): 192.168.1.1\nSep  8 14:39:59 medea login: ROOT LOGIN (root) ON ttyv1\nSep  8 14:40:00 medea kernel: re0: link state changed to UP\nSep  8 14:40:43 medea login: ROOT LOGIN (root) ON ttyv2\nSep  8 14:41:14 medea kernel: lock order reversal:\nSep  8 14:41:14 medea kernel: 1st 0xffffff807ba61f20 bufwait (bufwait) @ \n/home/freebsd/src/sys/kern/vfs_bio.c:2559\nSep  8 14:41:14 medea kernel: 2nd 0xffffff0006b4f000 dirhash (dirhash) @ \n/home/freebsd/src/sys/ufs/ufs/ufs_dirhash.c:285\nSep  8 14:41:14 medea kernel: KDB: stack backtrace:\nSep  8 14:41:14 medea kernel: db_trace_self_wrapper() at \ndb_trace_self_wrapper+0x2a\nSep  8 14:41:14 medea kernel: _witness_debugger() at _witness_debugger+0x2e\nSep  8 14:41:14 medea kernel: witness_checkorder() at \nwitness_checkorder+0x81e\nSep  8 14:41:14 medea kernel: _sx_xlock() at _sx_xlock+0x55\nSep  8 14:41:14 medea kernel: ufsdirhash_acquire() at \nufsdirhash_acquire+0x33\nSep  8 14:41:14 medea kernel: ufsdirhash_add() at ufsdirhash_add+0x19\nSep  8 14:41:14 medea kernel: ufs_direnter() at ufs_direnter+0x88b\nSep  8 14:41:14 medea kernel: ufs_makeinode() at ufs_makeinode+0x2a7\nSep  8 14:41:14 medea kernel: VOP_CREATE_APV() at VOP_CREATE_APV+0x8d\nSep  8 14:41:14 medea kernel: vn_open_cred() at vn_open_cred+0x468\nSep  8 14:41:14 medea kernel: kern_openat() at kern_openat+0x179\nSep  8 14:41:14 medea kernel: syscall() at syscall+0x1af\nSep  8 14:41:14 medea kernel: Xfast_syscall() at Xfast_syscall+0xe1\nSep  8 14:41:14 medea kernel: --- syscall (5, FreeBSD ELF64, open), rip \n= 0x2ca35dfc, rsp = 0x7fffffffe618, rbp = 0x1a4 ---\nSep  8 14:41:31 medea login: ROOT LOGIN (root) ON ttyv3\nSep  8 14:45:31 medea kernel: lock order reversal:\nSep  8 14:45:31 medea kernel: 1st 0xffffff008f8867f8 ufs (ufs) @ \n/home/freebsd/src/sys/kern/vfs_lookup.c:497\nSep  8 14:45:31 medea kernel: 2nd 0xffffff807c223d58 bufwait (bufwait) @ \n/home/freebsd/src/sys/ufs/ffs/ffs_softdep.c:6177\nSep  8 14:45:31 medea kernel: 3rd 0xffffff008f194d80 ufs (ufs) @ \n/home/freebsd/src/sys/kern/vfs_subr.c:2083\nSep  8 14:45:31 medea kernel: KDB: stack backtrace:\nSep  8 14:45:31 medea kernel: db_trace_self_wrapper() at \ndb_trace_self_wrapper+0x2a\nSep  8 14:45:31 medea kernel: _witness_debugger() at _witness_debugger+0x2e\nSep  8 14:45:31 medea kernel: witness_checkorder() at \nwitness_checkorder+0x81e\nSep  8 14:45:31 medea kernel: __lockmgr_args() at __lockmgr_args+0xcf3\nSep  8 14:45:31 medea kernel: ffs_lock() at ffs_lock+0x8c\nSep  8 14:45:31 medea kernel: VOP_LOCK1_APV() at VOP_LOCK1_APV+0x9b\nSep  8 14:45:31 medea kernel: _vn_lock() at _vn_lock+0x47\nSep  8 14:45:31 medea kernel: vget() at vget+0x7b\nSep  8 14:45:31 medea kernel: vfs_hash_get() at vfs_hash_get+0xd5\nSep  8 14:45:31 medea kernel: ffs_vgetf() at ffs_vgetf+0x48\nSep  8 14:45:31 medea kernel: softdep_sync_metadata() at \nsoftdep_sync_metadata+0x456\nSep  8 14:45:31 medea kernel: ffs_syncvnode() at ffs_syncvnode+0x210\nSep  8 14:45:31 medea kernel: ffs_truncate() at ffs_truncate+0x4ab\nSep  8 14:45:31 medea kernel: ufs_direnter() at ufs_direnter+0x6ae\nSep  8 14:45:31 medea kernel: ufs_makeinode() at ufs_makeinode+0x2a7\nSep  8 14:45:31 medea kernel: VOP_CREATE_APV() at VOP_CREATE_APV+0x8d\nSep  8 14:45:31 medea kernel: vn_open_cred() at vn_open_cred+0x468\nSep  8 14:45:31 medea kernel: kern_openat() at kern_openat+0x179\nSep  8 14:45:31 medea kernel: syscall() at syscall+0x1af\nSep  8 14:45:31 medea kernel: Xfast_syscall() at Xfast_syscall+0xe1\nSep  8 14:45:31 medea kernel: --- syscall (5, FreeBSD ELF64, open), rip \n= 0x2c5abdfc, rsp = 0x7fffffffdc48, rbp = 0x1 ---\nSep  8 15:04:29 medea login: ROOT LOGIN (root) ON ttyv4\nSep  8 16:19:12 medea syslogd: exiting on signal 15\n\n\nSeems like it has to do with disk operations, like mounting\nor while building ports."
}