{
 "id": 948457,
 "bug_id": 221618,
 "attachment_id": 0,
 "creation_time": "2017-08-19T00:48:26Z",
 "creator": "kayasaman@gmail.com",
 "text": "Hi,\n\nI'm experiencing complete freezes on two of my systems which started happening after updating from version 10.3-Release to 11.1-Release.\n\nBoth systems have the same motherboard and memory however, disk and system configurations are quite different.\n\nSystem 1. has ZFS on root and is an iscsi target and additionally runs 2x jails, it is configured with 2x Intel igb NICs with 2x vlans over lagg\n\nSystem 2. has UFS on root and serves several drives up through NFS that are configured as Zpools. This system also runs lagg over the 2x Intel igb NICs but no vlans\n\n\nI'm not sure what more information I could provide as there are no kernel dumps since the systems become completely unresponsive. I have run 'top' on the systems and no high CPU load or memory usage at time of freeze.\n\n\nHopefully someone can help fix this issue?? :-)\n\n\n\nThe dmesg output of the systems are as follows:\n\nCopyright (c) 1992-2017 The FreeBSD Project.\nCopyright (c) 1979, 1980, 1983, 1986, 1988, 1989, 1991, 1992, 1993, 1994\n\tThe Regents of the University of California. All rights reserved.\nFreeBSD is a registered trademark of The FreeBSD Foundation.\nFreeBSD 11.1-RELEASE-p1 #0: Wed Aug  9 11:55:48 UTC 2017\n    root@amd64-builder.daemonology.net:/usr/obj/usr/src/sys/GENERIC amd64\nFreeBSD clang version 4.0.0 (tags/RELEASE_400/final 297347) (based on LLVM 4.0.0)\nVT(vga): resolution 640x480\nCPU: Intel(R) Celeron(R) CPU  J1900  @ 1.99GHz (2000.05-MHz K8-class CPU)\n  Origin=\"GenuineIntel\"  Id=0x30678  Family=0x6  Model=0x37  Stepping=8\n  Features=0xbfebfbff\u003cFPU,VME,DE,PSE,TSC,MSR,PAE,MCE,CX8,APIC,SEP,MTRR,PGE,MCA,CMOV,PAT,PSE36,CLFLUSH,DTS,ACPI,MMX,FXSR,SSE,SSE2,SS,HTT,TM,PBE\u003e\n  Features2=0x41d8e3bf\u003cSSE3,PCLMULQDQ,DTES64,MON,DS_CPL,VMX,EST,TM2,SSSE3,CX16,xTPR,PDCM,SSE4.1,SSE4.2,MOVBE,POPCNT,TSCDLT,RDRAND\u003e\n  AMD Features=0x28100800\u003cSYSCALL,NX,RDTSCP,LM\u003e\n  AMD Features2=0x101\u003cLAHF,Prefetch\u003e\n  Structured Extended Features=0x2282\u003cTSCADJ,SMEP,ERMS,NFPUSG\u003e\n  VT-x: PAT,HLT,MTF,PAUSE,EPT,UG,VPID\n  TSC: P-state invariant, performance statistics\nreal memory  = 8589934592 (8192 MB)\navail memory = 8102825984 (7727 MB)\nEvent timer \"LAPIC\" quality 600\nACPI APIC Table: \u003cSUPERM SMCI--MB\u003e\nWARNING: L1 data cache covers less APIC IDs than a core\n0 \u003c 1\nFreeBSD/SMP: Multiprocessor System Detected: 4 CPUs\nFreeBSD/SMP: 1 package(s) x 4 core(s)\nrandom: unblocking device.\nACPI BIOS Warning (bug): 32/64X length mismatch in FADT/Gpe0Block: 128/32 (20170303/tbfadt-748)\nioapic0 \u003cVersion 2.0\u003e irqs 0-86 on motherboard\nSMP: AP CPU #2 Launched!\nSMP: AP CPU #3 Launched!\nSMP: AP CPU #1 Launched!\nTimecounter \"TSC\" frequency 2000049576 Hz quality 1000\nrandom: entropy device external interface\nkbd1 at kbdmux0\nnetmap: loaded module\nmodule_register_init: MOD_LOAD (vesa, 0xffffffff80f5b220, 0) error 19\nrandom: registering fast source Intel Secure Key RNG\nrandom: fast provider: \"Intel Secure Key RNG\"\nnexus0\nvtvga0: \u003cVT VGA driver\u003e on motherboard\ncryptosoft0: \u003csoftware crypto\u003e on motherboard\nacpi0: \u003cSUPERM SMCI--MB\u003e on motherboard\nacpi0: Power Button (fixed)\nunknown: I/O range not supported\ncpu0: \u003cACPI CPU\u003e on acpi0\ncpu1: \u003cACPI CPU\u003e on acpi0\ncpu2: \u003cACPI CPU\u003e on acpi0\ncpu3: \u003cACPI CPU\u003e on acpi0\natrtc0: \u003cAT realtime clock\u003e port 0x70-0x77 on acpi0\natrtc0: Warning: Couldn't map I/O.\nEvent timer \"RTC\" frequency 32768 Hz quality 0\nhpet0: \u003cHigh Precision Event Timer\u003e iomem 0xfed00000-0xfed003ff irq 8 on acpi0\nTimecounter \"HPET\" frequency 14318180 Hz quality 950\nEvent timer \"HPET\" frequency 14318180 Hz quality 450\nEvent timer \"HPET1\" frequency 14318180 Hz quality 440\nEvent timer \"HPET2\" frequency 14318180 Hz quality 440\nattimer0: \u003cAT timer\u003e port 0x40-0x43,0x50-0x53 irq 0 on acpi0\nTimecounter \"i8254\" frequency 1193182 Hz quality 0\nEvent timer \"i8254\" frequency 1193182 Hz quality 100\nTimecounter \"ACPI-safe\" frequency 3579545 Hz quality 850\nacpi_timer0: \u003c24-bit timer at 3.579545MHz\u003e port 0x408-0x40b on acpi0\npcib0: \u003cACPI Host-PCI bridge\u003e port 0xcf8-0xcff on acpi0\npcib0: _OSC returned error 0x10\npci0: \u003cACPI PCI bus\u003e on pcib0\nvgapci0: \u003cVGA-compatible display\u003e port 0xe080-0xe087 mem 0x90000000-0x903fffff,0x80000000-0x8fffffff irq 16 at device 2.0 on pci0\nvgapci0: Boot video device\nahci0: \u003cAHCI SATA controller\u003e port 0xe070-0xe077,0xe060-0xe063,0xe050-0xe057,0xe040-0xe043,0xe020-0xe03f mem 0x90a06000-0x90a067ff irq 19 at device 19.0 on pci0\nahci0: AHCI v1.30 with 2 3Gbps ports, Port Multiplier not supported\nahcich1: \u003cAHCI channel\u003e at channel 1 on ahci0\npci0: \u003cencrypt/decrypt\u003e at device 26.0 (no driver attached)\nhdac0: \u003cIntel BayTrail HDA Controller\u003e mem 0x90a00000-0x90a03fff irq 22 at device 27.0 on pci0\npcib1: \u003cACPI PCI-PCI bridge\u003e irq 16 at device 28.0 on pci0\npcib1: [GIANT-LOCKED]\npcib2: \u003cACPI PCI-PCI bridge\u003e irq 18 at device 28.2 on pci0\npcib2: [GIANT-LOCKED]\npci1: \u003cACPI PCI bus\u003e on pcib2\nigb0: \u003cIntel(R) PRO/1000 Network Connection, Version - 2.5.3-k\u003e port 0xd000-0xd01f mem 0x90900000-0x9097ffff,0x90980000-0x90983fff irq 18 at device 0.0 on pci1\nigb0: Using MSIX interrupts with 5 vectors\nigb0: Ethernet address: 0c:c4:7a:b0:5f:30\nigb0: Bound queue 0 to cpu 0\nigb0: Bound queue 1 to cpu 1\nigb0: Bound queue 2 to cpu 2\nigb0: Bound queue 3 to cpu 3\nigb0: netmap queues/slots: TX 4/1024, RX 4/1024\npcib3: \u003cACPI PCI-PCI bridge\u003e irq 19 at device 28.3 on pci0\npcib3: [GIANT-LOCKED]\npci2: \u003cACPI PCI bus\u003e on pcib3\npcib4: \u003cACPI PCI-PCI bridge\u003e mem 0x90800000-0x90803fff irq 19 at device 0.0 on pci2\npci3: \u003cACPI PCI bus\u003e on pcib4\npcib5: \u003cPCI-PCI bridge\u003e irq 16 at device 1.0 on pci3\npci4: \u003cPCI bus\u003e on pcib5\nigb1: \u003cIntel(R) PRO/1000 Network Connection, Version - 2.5.3-k\u003e port 0xc000-0xc01f mem 0x90700000-0x9077ffff,0x90780000-0x90783fff irq 16 at device 0.0 on pci4\nigb1: Using MSIX interrupts with 5 vectors\nigb1: Ethernet address: 0c:c4:7a:b0:5f:31\nigb1: Bound queue 0 to cpu 0\nigb1: Bound queue 1 to cpu 1\nigb1: Bound queue 2 to cpu 2\nigb1: Bound queue 3 to cpu 3\nigb1: netmap queues/slots: TX 4/1024, RX 4/1024\npcib6: \u003cPCI-PCI bridge\u003e irq 17 at device 2.0 on pci3\npci5: \u003cPCI bus\u003e on pcib6\npcib7: \u003cPCI-PCI bridge\u003e irq 18 at device 3.0 on pci3\npci6: \u003cPCI bus\u003e on pcib7\nahci1: \u003cMarvell 88SE9230 AHCI SATA controller\u003e port 0xb050-0xb057,0xb040-0xb043,0xb030-0xb037,0xb020-0xb023,0xb000-0xb01f mem 0x90610000-0x906107ff irq 18 at device 0.0 on pci6\nahci1: AHCI v1.20 with 8 6Gbps ports, Port Multiplier not supported\nahci1: quirks=0x900\u003cNOBSYRES,ALTSIG\u003e\nahcich2: \u003cAHCI channel\u003e at channel 0 on ahci1\nahcich3: \u003cAHCI channel\u003e at channel 1 on ahci1\nahcich4: \u003cAHCI channel\u003e at channel 2 on ahci1\nahcich5: \u003cAHCI channel\u003e at channel 3 on ahci1\nahcich6: \u003cAHCI channel\u003e at channel 4 on ahci1\nahcich7: \u003cAHCI channel\u003e at channel 5 on ahci1\nahcich8: \u003cAHCI channel\u003e at channel 6 on ahci1\nahcich9: \u003cAHCI channel\u003e at channel 7 on ahci1\nehci0: \u003cIntel BayTrail USB 2.0 controller\u003e mem 0x90a05000-0x90a053ff irq 23 at device 29.0 on pci0\nusbus0: EHCI version 1.0\nusbus0 on ehci0\nusbus0: 480Mbps High Speed USB v2.0\nisab0: \u003cPCI-ISA bridge\u003e at device 31.0 on pci0\nisa0: \u003cISA bus\u003e on isab0\nacpi_button0: \u003cPower Button\u003e on acpi0\nacpi_button1: \u003cSleep Button\u003e on acpi0\nacpi_tz0: \u003cThermal Zone\u003e on acpi0\nuart0: \u003c16950 or compatible\u003e port 0x3f8-0x3ff irq 4 flags 0x10 on acpi0\nuart2: \u003c16950 or compatible\u003e port 0x3e0-0x3e7 irq 3 on acpi0\nuart3: \u003c16950 or compatible\u003e port 0x3e8-0x3ef irq 4 on acpi0\nuart4: \u003c16950 or compatible\u003e port 0x2e0-0x2e7 irq 3 on acpi0\norm0: \u003cISA Option ROM\u003e at iomem 0xd2000-0xd2fff on isa0\natkbdc0: \u003cKeyboard controller (i8042)\u003e at port 0x60,0x64 on isa0\natkbd0: \u003cAT Keyboard\u003e irq 1 on atkbdc0\nkbd0 at atkbd0\natkbd0: [GIANT-LOCKED]\nfdc0: \u003cEnhanced floppy controller\u003e at port 0x3f0-0x3f5,0x3f7 irq 6 drq 2 on isa0\nppc0: cannot reserve I/O port range\nest0: \u003cEnhanced SpeedStep Frequency Control\u003e on cpu0\nest1: \u003cEnhanced SpeedStep Frequency Control\u003e on cpu1\nest2: \u003cEnhanced SpeedStep Frequency Control\u003e on cpu2\nest3: \u003cEnhanced SpeedStep Frequency Control\u003e on cpu3\nZFS filesystem version: 5\nZFS storage pool version: features support (5000)\nTimecounters tick every 1.000 msec\ntcp_init: WARNING: TCB hash size not a power of 2, clipped from 32000 to 32768.\nnvme cam probe device init\nhdacc0: \u003cRealtek ALC888 HDA CODEC\u003e at cad 0 on hdac0\nhdaa0: \u003cRealtek ALC888 Audio Function Group\u003e at nid 1 on hdacc0\npcm0: \u003cRealtek ALC888 (Front Analog)\u003e at nid 27 and 25 on hdaa0\npcm1: \u003cRealtek ALC888 (Internal Digital)\u003e at nid 17 on hdaa0\nhdacc1: \u003cIntel (0x2882) HDA CODEC\u003e at cad 2 on hdac0\nhdaa1: \u003cIntel (0x2882) Audio Function Group\u003e at nid 1 on hdacc1\nhdaa1: hdaa_audio_as_parse: Duplicate pin 0 (5) in association 1! Disabling association.\npcm2: \u003cIntel (0x2882) (HDMI/DP 8ch)\u003e at nid 6 on hdaa1\nugen0.1: \u003cIntel EHCI root HUB\u003e at usbus0\nuhub0: \u003cIntel EHCI root HUB, class 9/0, rev 2.00/1.00, addr 1\u003e on usbus0\nada0 at ahcich1 bus 0 scbus0 target 0 lun 0\nada0: \u003cSAMSUNG MZ7LM240HMHQ-00005 GXT5204Q\u003e ACS-2 ATA SATA 3.x device\nada0: Serial Number S2TWNX0J300288\nada0: 300.000MB/s transfers (SATA 2.x, UDMA6, PIO 8192bytes)\nada0: Command Queueing enabled\nada0: 228936MB (468862128 512 byte sectors)\nada0: quirks=0x3\u003c4K,NCQ_TRIM_BROKEN\u003e\nada1 at ahcich2 bus 0 scbus1 target 0 lun 0\nada1: \u003cWDC WD101KRYZ-01JPDB0 01.01H01\u003e ACS-2 ATA SATA 3.x device\nada1: Serial Number 7JHLZY0C\nada1: 600.000MB/s transfers (SATA 3.x, UDMA6, PIO 8192bytes)\nada1: Command Queueing enabled\nada1: 9537536MB (19532873728 512 byte sectors)\nada2 at ahcich3 bus 0 scbus2 target 0 lun 0\nada2: \u003cWDC WD101KRYZ-01JPDB0 01.01H01\u003e ACS-2 ATA SATA 3.x device\nada2: Serial Number 7JGJPUSC\nada2: 600.000MB/s transfers (SATA 3.x, UDMA6, PIO 8192bytes)\nada2: Command Queueing enabled\nada2: 9537536MB (19532873728 512 byte sectors)\npass3 at ahcich9 bus 0 scbus8 target 0 lun 0\npass3: \u003cMarvell Console 1.01\u003e Removable Processor SCSI device\npass3: Serial Number HKDP221516WL\npass3: 150.000MB/s transfers (SATA 1.x, UDMA4, ATAPI 12bytes, PIO 8192bytes)\nTrying to mount root from zfs:zroot/ROOT/default []...\nRoot mount waiting for: usbus0\nRoot mount waiting for: usbus0\nRoot mount waiting for: usbus0\nuhub0: 8 ports with 8 removable, self powered\nugen0.2: \u003cvendor 0x8087 product 0x07e6\u003e at usbus0\nuhub1 on uhub0\nuhub1: \u003cvendor 0x8087 product 0x07e6, class 9/0, rev 2.00/0.14, addr 2\u003e on usbus0\nRoot mount waiting for: usbus0\nuhub1: 4 ports with 4 removable, self powered\nugen0.3: \u003cvendor 0x0409 product 0x005a\u003e at usbus0\nuhub2 on uhub1\nuhub2: \u003cvendor 0x0409 product 0x005a, class 9/0, rev 2.00/1.00, addr 3\u003e on usbus0\nRoot mount waiting for: usbus0\nuhub2: 4 ports with 4 removable, self powered\nlagg0: link state changed to DOWN\nigb0: link state changed to UP\nlagg0: link state changed to UP\nlagg0.192: link state changed to UP\nlagg0.300: link state changed to UP\nigb1: link state changed to UP"
}