{
 "id": 424544,
 "bug_id": 119389,
 "attachment_id": 0,
 "creation_time": "2008-01-06T17:10:00Z",
 "creator": "derek@disflux.com",
 "text": "The camera worked fine in 7.0Beta4, but RC1 seems to have a problem.  When\nI attach the camera I see \n\nJan  6 10:58:30 dxeon root: Unknown USB device: vendor 0x054c product 0x0010 bus uhub5\nJan  6 10:58:30 dxeon kernel: umass0: \u003cSony Sony DSC, class 0/0, rev 2.00/5.00, addr 4\u003e on uhub5\nJan  6 10:58:30 dxeon kernel: da0 at umass-sim0 bus 0 target 0 lun 0\nJan  6 10:58:30 dxeon kernel: da0: \u003cSony Sony DSC 5.00\u003e Removable Direct Access SCSI-0 device \nJan  6 10:58:30 dxeon kernel: da0: 1.000MB/s transfers\nJan  6 10:58:30 dxeon kernel: da0: 958MB (1963008 512 byte sectors: 64H 32S/T 958C)\nJan  6 10:58:31 dxeon kernel: GEOM_LABEL: Label for provider da0s1 is msdosfs/ .\n\nThen I see:\nJan  6 10:58:48 dxeon kernel: umass0: CBI reset failed, STALLED\n\n\nIf I try to mount the camera:\n# mount_msdosfs /dev/da0s1 /media/camera/\nmount_msdosfs: /dev/da0s1: : Invalid argument\n\n\n\n%usbdevs -v\nController /dev/usb0:\naddr 1: full speed, self powered, config 1, UHCI root hub(0x0000), Intel(0x0000), rev 1.00\n port 1 powered\n port 2 powered\nController /dev/usb1:\naddr 1: full speed, self powered, config 1, UHCI root hub(0x0000), Intel(0x0000), rev 1.00\n port 1 addr 2: full speed, power 100 mA, config 1, product 0x2046(0x2046), vendor 0x0451(0x0451), rev 1.25\n  port 1 powered\n  port 2 powered\n  port 3 addr 4: full speed, self powered, config 1, Sony DSC(0x0010), Sony(0x054c), rev 5.00\n  port 4 addr 3: low speed, power 98 mA, config 1, USB-PS/2 Optical Mouse(0xc043), Logitech(0x046d), rev 27.20\n port 2 powered\nController /dev/usb2:\naddr 1: full speed, self powered, config 1, UHCI root hub(0x0000), Intel(0x0000), rev 1.00\n port 1 powered\n port 2 powered\nController /dev/usb3:\naddr 1: high speed, self powered, config 1, EHCI root hub(0x0000), Intel(0x0000), rev 1.00\n port 1 powered\n port 2 powered\n port 3 powered\n port 4 addr 2: high speed, power 100 mA, config 1, product 0x0234(0x0234), vendor 0x050d(0x050d), rev 1.00\n  port 1 powered\n  port 2 powered\n  port 3 powered\n  port 4 powered\n port 5 powered\n port 6 powered\n\n%camcontrol devlist\n\u003cPIONEER DVD-RW  DVR-111D 1.23\u003e    at scbus1 target 1 lun 0 (cd0,pass0)\n\u003cSony Sony DSC 5.00\u003e               at scbus2 target 0 lun 0 (da0,pass1)\n\n%dmesg\nCopyright (c) 1992-2008 The FreeBSD Project.\nCopyright (c) 1979, 1980, 1983, 1986, 1988, 1989, 1991, 1992, 1993, 1994\n\tThe Regents of the University of California. All rights reserved.\nFreeBSD is a registered trademark of The FreeBSD Foundation.\nFreeBSD 7.0-PRERELEASE #7: Sun Dec 30 12:43:52 CST 2007\n    derek@dxeon:/usr/obj/usr/src/sys/dxeon\nTimecounter \"i8254\" frequency 1193182 Hz quality 0\nCPU: Intel(R) Xeon(TM) CPU 3.06GHz (3065.81-MHz 686-class CPU)\n  Origin = \"GenuineIntel\"  Id = 0xf27  Stepping = 7\n  Features=0xbfebfbff\u003cFPU,VME,DE,PSE,TSC,MSR,PAE,MCE,CX8,APIC,SEP,MTRR,PGE,MCA,CMOV,PAT,PSE36,CLFLUSH,DTS,ACPI,MMX,FXSR,SSE,SSE2,SS,HTT,TM,PBE\u003e\n  Features2=0x4400\u003cCNXT-ID,xTPR\u003e\nreal memory  = 1073676288 (1023 MB)\navail memory = 1032912896 (985 MB)\nACPI APIC Table: \u003cIntelR AWRDACPI\u003e\nFreeBSD/SMP: Multiprocessor System Detected: 2 CPUs\n cpu0 (BSP): APIC ID:  0\n cpu1 (AP): APIC ID:  6\nioapic0: Changing APIC ID to 4\nioapic0 \u003cVersion 2.0\u003e irqs 0-23 on motherboard\nioapic1 \u003cVersion 2.0\u003e irqs 24-47 on motherboard\nioapic2 \u003cVersion 2.0\u003e irqs 48-71 on motherboard\nkbd1 at kbdmux0\nacpi0: \u003cIntelR AWRDACPI\u003e on motherboard\nacpi0: [ITHREAD]\nacpi0: Power Button (fixed)\nacpi0: reservation of 0, a0000 (3) failed\nacpi0: reservation of 100000, 3fef0000 (3) failed\nTimecounter \"ACPI-fast\" frequency 3579545 Hz quality 1000\nacpi_timer0: \u003c24-bit timer at 3.579545MHz\u003e port 0x4008-0x400b on acpi0\ncpu0: \u003cACPI CPU\u003e on acpi0\np4tcc0: \u003cCPU Frequency Thermal Control\u003e on cpu0\ncpu1: \u003cACPI CPU\u003e on acpi0\np4tcc1: \u003cCPU Frequency Thermal Control\u003e on cpu1\nacpi_button0: \u003cPower Button\u003e on acpi0\npcib0: \u003cACPI Host-PCI bridge\u003e port 0xcf8-0xcff on acpi0\npci0: \u003cACPI PCI bus\u003e on pcib0\npci0: \u003cunknown\u003e at device 0.1 (no driver attached)\npcib1: \u003cPCI-PCI bridge\u003e mem 0xd0000000-0xdfffffff at device 1.0 on pci0\npci1: \u003cPCI bus\u003e on pcib1\nnvidia0: \u003cUnknown\u003e mem 0xf0000000-0xf0ffffff,0xe0000000-0xefffffff,0xf1000000-0xf1ffffff irq 16 at device 0.0 on pci1\nnvidia0: [GIANT-LOCKED]\nnvidia0: [ITHREAD]\npcib2: \u003cACPI PCI-PCI bridge\u003e at device 2.0 on pci0\npci2: \u003cACPI PCI bus\u003e on pcib2\npcib3: \u003cACPI PCI-PCI bridge\u003e at device 29.0 on pci2\npci3: \u003cACPI PCI bus\u003e on pcib3\npcib4: \u003cACPI PCI-PCI bridge\u003e at device 31.0 on pci2\npci4: \u003cACPI PCI bus\u003e on pcib4\nuhci0: \u003cIntel 82801DB (ICH4) USB controller USB-A\u003e port 0xd800-0xd81f irq 16 at device 29.0 on pci0\nuhci0: [GIANT-LOCKED]\nuhci0: [ITHREAD]\nusb0: \u003cIntel 82801DB (ICH4) USB controller USB-A\u003e on uhci0\nusb0: USB revision 1.0\nuhub0: \u003cIntel UHCI root hub, class 9/0, rev 1.00/1.00, addr 1\u003e on usb0\nuhub0: 2 ports with 2 removable, self powered\nuhci1: \u003cIntel 82801DB (ICH4) USB controller USB-B\u003e port 0xd000-0xd01f irq 19 at device 29.1 on pci0\nuhci1: [GIANT-LOCKED]\nuhci1: [ITHREAD]\nusb1: \u003cIntel 82801DB (ICH4) USB controller USB-B\u003e on uhci1\nusb1: USB revision 1.0\nuhub1: \u003cIntel UHCI root hub, class 9/0, rev 1.00/1.00, addr 1\u003e on usb1\nuhub1: 2 ports with 2 removable, self powered\nuhci2: \u003cIntel 82801DB (ICH4) USB controller USB-C\u003e port 0xd400-0xd41f irq 18 at device 29.2 on pci0\nuhci2: [GIANT-LOCKED]\nuhci2: [ITHREAD]\nusb2: \u003cIntel 82801DB (ICH4) USB controller USB-C\u003e on uhci2\nusb2: USB revision 1.0\nuhub2: \u003cIntel UHCI root hub, class 9/0, rev 1.00/1.00, addr 1\u003e on usb2\nuhub2: 2 ports with 2 removable, self powered\nehci0: \u003cIntel 82801DB/L/M (ICH4) USB 2.0 controller\u003e mem 0xf3200000-0xf32003ff irq 23 at device 29.7 on pci0\nehci0: [GIANT-LOCKED]\nehci0: [ITHREAD]\nusb3: EHCI version 1.0\nusb3: companion controllers, 2 ports each: usb0 usb1 usb2\nusb3: \u003cIntel 82801DB/L/M (ICH4) USB 2.0 controller\u003e on ehci0\nusb3: USB revision 2.0\nuhub3: \u003cIntel EHCI root hub, class 9/0, rev 2.00/1.00, addr 1\u003e on usb3\nuhub3: 6 ports with 6 removable, self powered\nuhub4: \u003cvendor 0x050d product 0x0234, class 9/0, rev 2.00/1.00, addr 2\u003e on uhub3\nuhub4: single transaction translator\nuhub4: 4 ports with 4 removable, bus powered\npcib5: \u003cACPI PCI-PCI bridge\u003e at device 30.0 on pci0\npci5: \u003cACPI PCI bus\u003e on pcib5\nem0: \u003cIntel(R) PRO/1000 Network Connection Version - 6.7.3\u003e port 0xc000-0xc03f mem 0xf3100000-0xf311ffff irq 19 at device 4.0 on pci5\nem0: Ethernet address: 00:d0:68:02:65:d4\nem0: [FILTER]\nisab0: \u003cPCI-ISA bridge\u003e at device 31.0 on pci0\nisa0: \u003cISA bus\u003e on isab0\natapci0: \u003cIntel ICH4 UDMA100 controller\u003e port 0x1f0-0x1f7,0x3f6,0x170-0x177,0x376,0xf000-0xf00f at device 31.1 on pci0\nata0: \u003cATA channel 0\u003e on atapci0\nata0: [ITHREAD]\nata1: \u003cATA channel 1\u003e on atapci0\nata1: [ITHREAD]\npci0: \u003cserial bus, SMBus\u003e at device 31.3 (no driver attached)\npcm0: \u003cIntel ICH4 (82801DB)\u003e port 0xe000-0xe0ff,0xe400-0xe43f mem 0xf3201000-0xf32011ff,0xf3202000-0xf32020ff irq 17 at device 31.5 on pci0\npcm0: [ITHREAD]\npcm0: \u003cAnalog Devices AD1981B AC97 Codec\u003e\nacpi_tz0: \u003cThermal Zone\u003e on acpi0\nfdc0: \u003cfloppy drive controller\u003e port 0x3f0-0x3f5,0x3f7 irq 6 drq 2 on acpi0\nfdc0: [FILTER]\nsio0: \u003c16550A-compatible COM port\u003e port 0x3f8-0x3ff irq 4 flags 0x10 on acpi0\nsio0: type 16550A\nsio0: [FILTER]\nsio1: \u003c16550A-compatible COM port\u003e port 0x2f8-0x2ff irq 3 on acpi0\nsio1: type 16550A\nsio1: [FILTER]\natkbdc0: \u003cKeyboard controller (i8042)\u003e port 0x60,0x64 irq 1 on acpi0\natkbd0: \u003cAT Keyboard\u003e irq 1 on atkbdc0\nkbd0 at atkbd0\natkbd0: [GIANT-LOCKED]\natkbd0: [ITHREAD]\nppc0: \u003cParallel port\u003e at port 0x378-0x37f irq 7 on isa0\nppc0: Generic chipset (EPP/NIBBLE) in COMPATIBLE mode\nppbus0: \u003cParallel port bus\u003e on ppc0\nppi0: \u003cParallel I/O\u003e on ppbus0\nlpt0: \u003cPrinter\u003e on ppbus0\nlpt0: Interrupt-driven port\nppc0: [GIANT-LOCKED]\nppc0: [ITHREAD]\nsc0: \u003cSystem console\u003e at flags 0x100 on isa0\nsc0: VGA \u003c16 virtual consoles, flags=0x300\u003e\nvga0: \u003cGeneric ISA VGA\u003e at port 0x3c0-0x3df iomem 0xa0000-0xbffff on isa0\nuhub5: \u003cvendor 0x0451 product 0x2046, class 9/0, rev 1.10/1.25, addr 2\u003e on uhub1\nuhub5: 4 ports with 4 removable, bus powered\nums0: \u003cLogitech USB-PS/2 Optical Mouse, class 0/0, rev 2.00/27.20, addr 3\u003e on uhub5\nums0: 8 buttons and Z dir.\nTimecounters tick every 1.000 msec\nad0: 152627MB \u003cSeagate ST3160023A 8.01\u003e at ata0-master UDMA100\nad1: 190782MB \u003cWDC WD2000BB-00DAA0 65.13G65\u003e at ata0-slave UDMA100\nad2: 39205MB \u003cMaxtor 6E040L0 NAR61590\u003e at ata1-master UDMA100\nacd0: DVDR \u003cPIONEER DVD-RW DVR-111D/1.23\u003e at ata1-slave UDMA66\nSMP: AP CPU #1 Launched!\n\nHow-To-Repeat: Plug in a Sony DSC-W1 and try to use it."
}