{
 "id": 608762,
 "bug_id": 156691,
 "attachment_id": 0,
 "creation_time": "2011-04-28T16:59:33Z",
 "creator": "jumper99@gmx.de",
 "text": "OK, I managed to get a backtrace. As a sidenote, I know that the mangled \nentry might be caused by hardware failures but\n\n- as said before, Windows 7, Ubuntu and OpenBSD do fine with the same \nconfiguration\n- The system is equiped with FBDIMM (ECC) and neither memtest nor the ECC \ncheck report errors\n- I tested 3 different disks\n- While FreeBSD crashes 4 more VMs continue to run on the same ESXi server, \n2 of them FreeBSD 8.2 on virtuak disks\n\nBSDTest# kgdb kernel.debug /root/vmcore.1\nGNU gdb 6.1.1 [FreeBSD]\nCopyright 2004 Free Software Foundation, Inc.\nGDB is free software, covered by the GNU General Public License, and you are\nwelcome to change it and/or distribute copies of it under certain \nconditions.\nType \"show copying\" to see the conditions.\nThere is absolutely no warranty for GDB.  Type \"show warranty\" for details.\nThis GDB was configured as \"i386-marcel-freebsd\"...\n\nUnread portion of the kernel message buffer:\npanic: ufs_dirbad: /mnt/da1: bad dir ino 117760 at offset 257: mangled entry\ncpuid = 0\nKDB: stack backtrace:\n#0 0xc08e0d07 at kdb_backtrace+0x47\n#1 0xc08b1dc7 at panic+0x117\n#2 0xc0af9c56 at ufs_dirbad+0x46\n#3 0xc0afae21 at ufs_lookup_+0x371\n#4 0xc0afb5ee at ufs_lookup+0x1e\n#5 0xc0c02c62 at VOP_CACHEDLOOKUP_APV+0x42\n#6 0xc092b056 at vfs_cache_lookup+0xd6\n#7 0xc0c04a46 at VOP_LOOKUP_APV+0x46\n#8 0xc093290e at lookup+0x69e\n#9 0xc093394b at namei+0x63b\n#10 0xc094b376 at vn_open_cred+0x96\n#11 0xc094b96b at vn_open+0x3b\n#12 0xc0948e15 at kern_openat+0x125\n#13 0xc09491f5 at kern_open+0x35\n#14 0xc0949230 at open+0x30\n#15 0xc08eca39 at syscallenter+0x329\n#16 0xc0be4e14 at syscall+0x34\n#17 0xc0bcbf21 at Xint0x80_syscall+0x21\nUptime: 8m29s\nPhysical memory: 1011 MB\nDumping 157 MB: 142 126 110 94 78 62 46 30 14\n\n#0  doadump () at pcpu.h:231\n231             __asm(\"movl %%fs:0,%0\" : \"=r\" (td));\n(kgdb) bt\n#0  doadump () at pcpu.h:231\n#1  0xc08b1b63 in boot (howto=260) at /usr/src/sys/kern/kern_shutdown.c:419\n#2  0xc08b1e00 in panic (fmt=Variable \"fmt\" is not available.\n) at /usr/src/sys/kern/kern_shutdown.c:592\n#3  0xc0af9c56 in ufs_dirbad (ip=0x0, offset=257, how=0xc0cd1a30 \"mangled \nentry\")\n    at /usr/src/sys/ufs/ufs/ufs_lookup.c:775\n#4  0xc0afae21 in ufs_lookup_ (vdp=0xc4c67430, vpp=0xe6879b90, \ncnp=0xe6879ba4, dd_ino=0x0)\n    at /usr/src/sys/ufs/ufs/ufs_lookup.c:395\n#5  0xc0afb5ee in ufs_lookup (ap=0xe6879944) at \n/usr/src/sys/ufs/ufs/ufs_lookup.c:218\n#6  0xc0c02c62 in VOP_CACHEDLOOKUP_APV (vop=0xc0dadee0, a=0xe6879944) at \nvnode_if.c:187\n#7  0xc092b056 in vfs_cache_lookup (ap=0xe68799cc) at vnode_if.h:80\n#8  0xc0c04a46 in VOP_LOOKUP_APV (vop=0xc0dae380, a=0xe68799cc) at \nvnode_if.c:123\n#9  0xc093290e in lookup (ndp=0xe6879b78) at vnode_if.h:54\n#10 0xc093394b in namei (ndp=0xe6879b78) at \n/usr/src/sys/kern/vfs_lookup.c:269\n#11 0xc094b376 in vn_open_cred (ndp=0xe6879b78, flagp=0xe6879c2c, cmode=384, \nvn_open_flags=0,\n    cred=0xc4913700, fp=0xc495a930) at /usr/src/sys/kern/vfs_vnops.c:130\n#12 0xc094b96b in vn_open (ndp=0xe6879b78, flagp=0xe6879c2c, cmode=384, \nfp=0xc495a930)\n    at /usr/src/sys/kern/vfs_vnops.c:94\n#13 0xc0948e15 in kern_openat (td=0xc491bb40, fd=-100,\n    path=0x805b72c \u003cAddress 0x805b72c out of bounds\u003e, pathseg=UIO_USERSPACE, \nflags=1538, mode=384)\n    at /usr/src/sys/kern/vfs_syscalls.c:1083\n#14 0xc09491f5 in kern_open (td=0xc491bb40, path=0x805b72c \u003cAddress \n0x805b72c out of bounds\u003e,\n    pathseg=UIO_USERSPACE, flags=1537, mode=384) at \n/usr/src/sys/kern/vfs_syscalls.c:1039\n#15 0xc0949230 in open (td=0xc491bb40, uap=0xe6879cec) at \n/usr/src/sys/kern/vfs_syscalls.c:1015\n#16 0xc08eca39 in syscallenter (td=0xc491bb40, sa=0xe6879ce4) at \n/usr/src/sys/kern/subr_trap.c:315\n#17 0xc0be4e14 in syscall (frame=0xe6879d28) at \n/usr/src/sys/i386/i386/trap.c:1061\n#18 0xc0bcbf21 in Xint0x80_syscall () at \n/usr/src/sys/i386/i386/exception.s:264\n#19 0x00000033 in ?? ()\nPrevious frame inner to this frame (corrupt stack?)\n(kgdb) list\n264             call    syscall\n265             add     $4, %esp\n266             MEXITCOUNT\n267             jmp     doreti\n268\n269     ENTRY(fork_trampoline)\n270             pushl   %esp                    /* trapframe pointer */\n271             pushl   %ebx                    /* arg1 */\n272             pushl   %esi                    /* function */\n273             call    fork_exit\n(kgdb)\n\nAfter the reboot the (GPT partitioned) disk looks like this:\n\nBSDTest# gpart show da1\n=\u003e       34  156301421  da1  GPT  (75G)\n         34        128    1  freebsd-boot  (64K)\n        162    4194304    2  freebsd-ufs  (2.0G)\n    4194466    2097152    3  freebsd-swap  (1.0G)\n    6291618   16777216    4  freebsd-ufs  (8.0G)\n   23068834    4194304    5  freebsd-ufs  (2.0G)\n   27263138  129038317    6  freebsd-ufs  (62G)\n\nBSDTest# fsck_ufs /dev/da1p1\n** /dev/da1p1\n\nCANNOT READ BLK: 128\nCONTINUE? [yn] y\n\nTHE FOLLOWING DISK SECTORS COULD NOT BE READ: 128, 129, 130, 131, 132, 133, \n134, 135, 136, 137, 138, 139, 140, 141, 142, 143,\nioctl (GCINFO): Inappropriate ioctl for device\nfsck_ufs: /dev/da1p1: can't read disk label\nBSDTest# fsck_ufs /dev/da1p2\n** /dev/da1p2\n** Last Mounted on /mnt/da1\n** Phase 1 - Check Blocks and Sizes\nCYLINDER GROUP 1: BAD MAGIC NUMBER\nREBUILD CYLINDER GROUP? [yn] y\n\nCYLINDER GROUP 3: BAD MAGIC NUMBER\nREBUILD CYLINDER GROUP? [yn] y\n\nUNKNOWN FILE TYPE I=70656\nCLEAR? [yn] y\n\nUNKNOWN FILE TYPE I=70657\nCLEAR? [yn] y\n\nUNKNOWN FILE TYPE I=70658\nCLEAR? [yn] ^C\n***** FILE SYSTEM STILL DIRTY *****\nBSDTest# fsck_ufs /dev/da1p3\n** /dev/da1p3\n** Last Mounted on\n** Phase 1 - Check Blocks and Sizes\n** Phase 2 - Check Pathnames\n** Phase 3 - Check Connectivity\n** Phase 4 - Check Reference Counts\n** Phase 5 - Check Cyl groups\n2 files, 2 used, 506485 free (21 frags, 63308 blocks, 0.0% fragmentation)\n\n***** FILE SYSTEM IS CLEAN *****\nBSDTest# fsck_ufs /dev/da1p4\n** /dev/da1p4\n** Last Mounted on /mnt/da1/usr\n** Phase 1 - Check Blocks and Sizes\n** Phase 2 - Check Pathnames\n** Phase 3 - Check Connectivity\n** Phase 4 - Check Reference Counts\n** Phase 5 - Check Cyl groups\n2 files, 2 used, 4061061 free (21 frags, 507630 blocks, 0.0% fragmentation)\n\n***** FILE SYSTEM MARKED CLEAN *****\nBSDTest# fsck_ufs /dev/da1p5\n** /dev/da1p5\n** Last Mounted on /mnt/da1/var\n** Phase 1 - Check Blocks and Sizes\n** Phase 2 - Check Pathnames\n** Phase 3 - Check Connectivity\n** Phase 4 - Check Reference Counts\n** Phase 5 - Check Cyl groups\n2 files, 2 used, 1013013 free (21 frags, 126624 blocks, 0.0% fragmentation)\n\n***** FILE SYSTEM MARKED CLEAN *****\nBSDTest# fsck_ufs /dev/da1p6\n** /dev/da1p6\n** Last Mounted on /mnt/da1/tmp\n** Phase 1 - Check Blocks and Sizes\n** Phase 2 - Check Pathnames\n** Phase 3 - Check Connectivity\n** Phase 4 - Check Reference Counts\n** Phase 5 - Check Cyl groups\n2 files, 2 used, 31244254 free (22 frags, 3905529 blocks, 0.0% \nfragmentation)\n\n***** FILE SYSTEM MARKED CLEAN *****\nBSDTest#\n\nAnd here comes the dmesg:\n\nBSDTest# dmesg -a\nCopyright (c) 1992-2011 The FreeBSD Project.\nCopyright (c) 1979, 1980, 1983, 1986, 1988, 1989, 1991, 1992, 1993, 1994\n        The Regents of the University of California. All rights reserved.\nFreeBSD is a registered trademark of The FreeBSD Foundation.\nFreeBSD 8.2-RELEASE-p1 #0: Thu Apr 28 15:23:57 UTC 2011\n    root@BSDTest.charlieroot.de:/usr/obj/usr/src/sys/GENERIC i386\nTimecounter \"i8254\" frequency 1193182 Hz quality 0\nCPU: Intel(R) Xeon(R) CPU           E5420  @ 2.50GHz (2574.73-MHz 686-class \nCPU)\n  Origin = \"GenuineIntel\"  Id = 0x10676  Family = 6  Model = 17  Stepping = \n6\n  Features=0xfe3fbff\u003cFPU,VME,DE,PSE,TSC,MSR,PAE,MCE,CX8,APIC,SEP,MTRR,PGE,MCA,CMOV,PAT,PSE36,DTS,ACPI,MMX,FXSR,SSE,SSE2,SS\u003e\n  Features2=0x80082201\u003cSSE3,SSSE3,CX16,SSE4.1,\u003cb31\u003e\u003e\n  AMD Features=0x20100000\u003cNX,LM\u003e\n  AMD Features2=0x1\u003cLAHF\u003e\n  TSC: P-state invariant\nreal memory  = 1073741824 (1024 MB)\navail memory = 1036292096 (988 MB)\nACPI APIC Table: \u003cPTLTD          APIC  \u003e\nMADT: Forcing active-low polarity and level trigger for SCI\nioapic0 \u003cVersion 1.1\u003e irqs 0-23 on motherboard\nkbd1 at kbdmux0\nacpi0: \u003cINTEL 440BX\u003e on motherboard\nacpi0: [ITHREAD]\nacpi0: Power Button (fixed)\nTimecounter \"ACPI-safe\" frequency 3579545 Hz quality 850\nacpi_timer0: \u003c24-bit timer at 3.579545MHz\u003e port 0x1008-0x100b on acpi0\ncpu0: \u003cACPI CPU\u003e on acpi0\npcib0: \u003cACPI Host-PCI bridge\u003e port 0xcf8-0xcff on acpi0\npci0: \u003cACPI PCI bus\u003e on pcib0\npcib1: \u003cACPI PCI-PCI bridge\u003e at device 1.0 on pci0\npci1: \u003cACPI PCI bus\u003e on pcib1\nisab0: \u003cPCI-ISA bridge\u003e at device 7.0 on pci0\nisa0: \u003cISA bus\u003e on isab0\natapci0: \u003cIntel PIIX4 UDMA33 controller\u003e port \n0x1f0-0x1f7,0x3f6,0x170-0x177,0x376,0x10c0-0x10cf at device 7.1 on pci0\nata0: \u003cATA channel 0\u003e on atapci0\nata0: [ITHREAD]\nata1: \u003cATA channel 1\u003e on atapci0\nata1: [ITHREAD]\npci0: \u003cbridge\u003e at device 7.3 (no driver attached)\npci0: \u003cbase peripheral\u003e at device 7.7 (no driver attached)\nvgapci0: \u003cVGA-compatible display\u003e port 0x10d0-0x10df mem \n0xd4000000-0xd7ffffff,0xd8000000-0xd87fffff irq 16 at device 15.0 on pci0\nmpt0: \u003cLSILogic 1030 Ultra4 Adapter\u003e port 0x1400-0x14ff mem \n0xd8820000-0xd883ffff,0xd8800000-0xd881ffff irq 17 at device 16.0 on pci0\nmpt0: [ITHREAD]\nmpt0: MPI Version=1.2.0.0\npcib2: \u003cACPI PCI-PCI bridge\u003e at device 17.0 on pci0\npci2: \u003cACPI PCI bus\u003e on pcib2\nem0: \u003cIntel(R) PRO/1000 Legacy Network Connection 1.0.3\u003e port 0x2000-0x203f \nmem 0xd8920000-0xd893ffff,0xd8900000-0xd890ffff irq 18 at device 0.0 on pci2\nem0: Memory Access and/or Bus Master bits were not set!\nem0: [FILTER]\nem0: Ethernet address: 00:0c:29:b6:be:a1\npcib3: \u003cACPI PCI-PCI bridge\u003e at device 21.0 on pci0\npci3: \u003cACPI PCI bus\u003e on pcib3\npcib4: \u003cACPI PCI-PCI bridge\u003e at device 21.1 on pci0\npci4: \u003cACPI PCI bus\u003e on pcib4\npcib5: \u003cACPI PCI-PCI bridge\u003e at device 21.2 on pci0\npci5: \u003cACPI PCI bus\u003e on pcib5\npcib6: \u003cACPI PCI-PCI bridge\u003e at device 21.3 on pci0\npci6: \u003cACPI PCI bus\u003e on pcib6\npcib7: \u003cACPI PCI-PCI bridge\u003e at device 21.4 on pci0\npci7: \u003cACPI PCI bus\u003e on pcib7\npcib8: \u003cACPI PCI-PCI bridge\u003e at device 21.5 on pci0\npci8: \u003cACPI PCI bus\u003e on pcib8\npcib9: \u003cACPI PCI-PCI bridge\u003e at device 21.6 on pci0\npci9: \u003cACPI PCI bus\u003e on pcib9\npcib10: \u003cACPI PCI-PCI bridge\u003e at device 21.7 on pci0\npci10: \u003cACPI PCI bus\u003e on pcib10\npcib11: \u003cACPI PCI-PCI bridge\u003e at device 22.0 on pci0\npci11: \u003cACPI PCI bus\u003e on pcib11\npcib12: \u003cACPI PCI-PCI bridge\u003e at device 22.1 on pci0\npci12: \u003cACPI PCI bus\u003e on pcib12\npcib13: \u003cACPI PCI-PCI bridge\u003e at device 22.2 on pci0\npci13: \u003cACPI PCI bus\u003e on pcib13\npcib14: \u003cACPI PCI-PCI bridge\u003e at device 22.3 on pci0\npci14: \u003cACPI PCI bus\u003e on pcib14\npcib15: \u003cACPI PCI-PCI bridge\u003e at device 22.4 on pci0\npci15: \u003cACPI PCI bus\u003e on pcib15\npcib16: \u003cACPI PCI-PCI bridge\u003e at device 22.5 on pci0\npci16: \u003cACPI PCI bus\u003e on pcib16\npcib17: \u003cACPI PCI-PCI bridge\u003e at device 22.6 on pci0\npci17: \u003cACPI PCI bus\u003e on pcib17\npcib18: \u003cACPI PCI-PCI bridge\u003e at device 22.7 on pci0\npci18: \u003cACPI PCI bus\u003e on pcib18\npcib19: \u003cACPI PCI-PCI bridge\u003e at device 23.0 on pci0\npci19: \u003cACPI PCI bus\u003e on pcib19\npcib20: \u003cACPI PCI-PCI bridge\u003e at device 23.1 on pci0\npci20: \u003cACPI PCI bus\u003e on pcib20\npcib21: \u003cACPI PCI-PCI bridge\u003e at device 23.2 on pci0\npci21: \u003cACPI PCI bus\u003e on pcib21\npcib22: \u003cACPI PCI-PCI bridge\u003e at device 23.3 on pci0\npci22: \u003cACPI PCI bus\u003e on pcib22\npcib23: \u003cACPI PCI-PCI bridge\u003e at device 23.4 on pci0\npci23: \u003cACPI PCI bus\u003e on pcib23\npcib24: \u003cACPI PCI-PCI bridge\u003e at device 23.5 on pci0\npci24: \u003cACPI PCI bus\u003e on pcib24\npcib25: \u003cACPI PCI-PCI bridge\u003e at device 23.6 on pci0\npci25: \u003cACPI PCI bus\u003e on pcib25\npcib26: \u003cACPI PCI-PCI bridge\u003e at device 23.7 on pci0\npci26: \u003cACPI PCI bus\u003e on pcib26\npcib27: \u003cACPI PCI-PCI bridge\u003e at device 24.0 on pci0\npci27: \u003cACPI PCI bus\u003e on pcib27\npcib28: \u003cACPI PCI-PCI bridge\u003e at device 24.1 on pci0\npci28: \u003cACPI PCI bus\u003e on pcib28\npcib29: \u003cACPI PCI-PCI bridge\u003e at device 24.2 on pci0\npci29: \u003cACPI PCI bus\u003e on pcib29\npcib30: \u003cACPI PCI-PCI bridge\u003e at device 24.3 on pci0\npci30: \u003cACPI PCI bus\u003e on pcib30\npcib31: \u003cACPI PCI-PCI bridge\u003e at device 24.4 on pci0\npci31: \u003cACPI PCI bus\u003e on pcib31\npcib32: \u003cACPI PCI-PCI bridge\u003e at device 24.5 on pci0\npci32: \u003cACPI PCI bus\u003e on pcib32\npcib33: \u003cACPI PCI-PCI bridge\u003e at device 24.6 on pci0\npci33: \u003cACPI PCI bus\u003e on pcib33\npcib34: \u003cACPI PCI-PCI bridge\u003e at device 24.7 on pci0\npci34: \u003cACPI PCI bus\u003e on pcib34\nacpi_acad0: \u003cAC Adapter\u003e on acpi0\natrtc0: \u003cAT realtime clock\u003e port 0x70-0x71 irq 8 on acpi0\natkbdc0: \u003cKeyboard controller (i8042)\u003e port 0x60,0x64 irq 1 on acpi0\natkbd0: \u003cAT Keyboard\u003e irq 1 on atkbdc0\nkbd0 at atkbd0\natkbd0: [GIANT-LOCKED]\natkbd0: [ITHREAD]\npsm0: \u003cPS/2 Mouse\u003e irq 12 on atkbdc0\npsm0: [GIANT-LOCKED]\npsm0: [ITHREAD]\npsm0: model IntelliMouse, device ID 3\nppc0: \u003cParallel port\u003e port 0x378-0x37f irq 7 on acpi0\nppc0: Generic chipset (NIBBLE-only) in COMPATIBLE mode\nppc0: [ITHREAD]\nppbus0: \u003cParallel port bus\u003e on ppc0\nplip0: \u003cPLIP network interface\u003e on ppbus0\nplip0: [ITHREAD]\nlpt0: \u003cPrinter\u003e on ppbus0\nlpt0: [ITHREAD]\nlpt0: Interrupt-driven port\nppi0: \u003cParallel I/O\u003e on ppbus0\nuart0: \u003c16550 or compatible\u003e port 0x3f8-0x3ff irq 4 flags 0x10 on acpi0\nuart0: [FILTER]\nuart1: \u003c16550 or compatible\u003e port 0x2f8-0x2ff irq 3 on acpi0\nuart1: [FILTER]\nfdc0: \u003cfloppy drive controller\u003e port 0x3f0-0x3f5,0x3f7 irq 6 drq 2 on acpi0\nfdc0: [FILTER]\nfd0: \u003c1440-KB 3.5\" drive\u003e on fdc0 drive 0\npmtimer0 on isa0\norm0: \u003cISA Option ROMs\u003e at iomem \n0xc0000-0xc7fff,0xca000-0xcafff,0xdc000-0xdffff,0xe0000-0xe3fff pnpid \nORM0000 on isa0\nsc0: \u003cSystem console\u003e at flags 0x100 on isa0\nsc0: VGA \u003c16 virtual consoles, flags=0x300\u003e\nvga0: \u003cGeneric ISA VGA\u003e at port 0x3c0-0x3df iomem 0xa0000-0xbffff on isa0\nacpi_throttle0: \u003cACPI CPU Throttling\u003e on cpu0\nTimecounter \"TSC\" frequency 2574732390 Hz quality 800\nTimecounters tick every 10.000 msec\nacd0: CDROM \u003cVMware Virtual IDE CDROM Drive/00000001\u003e at ata1-master UDMA33\nda0 at mpt0 bus 0 scbus0 target 0 lun 0\nda0: \u003cVMware Virtual disk 1.0\u003e Fixed Direct Access SCSI-2 device\nda0: 6.600MB/s transfers (16bit)\nda0: Command Queueing enabled\nda0: 16384MB (33554432 512 byte sectors: 255H 63S/T 2088C)\nda1 at mpt0 bus 0 scbus0 target 1 lun 0\nda1: \u003cATA ST380817AS 3.42\u003e Fixed Direct Access SCSI-5 device\nda1: 6.600MB/s transfers (16bit)\nda1: 76319MB (156301488 512 byte sectors: 255H 63S/T 9729C)\nTrying to mount root from ufs:/dev/da0s1a\nSetting hostuuid: 564d5d6b-3d26-341a-4124-f977dfb6bea1.\nSetting hostid: 0x0e78eea9.\nEntropy harvesting:\n interrupts\n ethernet\n point_to_point\n kickstart\n.\nStarting file system checks:\n/dev/da0s1a: FILE SYSTEM CLEAN; SKIPPING CHECKS\n/dev/da0s1a: clean, 768087 free (3655 frags, 95554 blocks, 0.4% \nfragmentation)\n/dev/da0s1g: DEFER FOR BACKGROUND CHECKING\n/dev/da0s1f: DEFER FOR BACKGROUND CHECKING\n/dev/da0s1d: DEFER FOR BACKGROUND CHECKING\n/dev/da0s1e: DEFER FOR BACKGROUND CHECKING\nMounting local file systems:\nWARNING: /home was not properly dismounted\nWARNING: /tmp was not properly dismounted\nWARNING: /usr was not properly dismounted\nWARNING: /var was not properly dismounted\n.\nSetting hostname: BSDTest.charlieroot.de\n.\nStarting Network: lo0 em0.\nlo0: flags=8049\u003cUP,LOOPBACK,RUNNING,MULTICAST\u003e metric 0 mtu 16384\n        options=3\u003cRXCSUM,TXCSUM\u003e\n        inet 127.0.0.1 netmask 0xff000000\n        inet6 ::1 prefixlen 128\n        inet6 fe80::1%lo0 prefixlen 64 scopeid 0x3\n        nd6 options=3\u003cPERFORMNUD,ACCEPT_RTADV\u003e\nem0: flags=8843\u003cUP,BROADCAST,RUNNING,SIMPLEX,MULTICAST\u003e metric 0 mtu 1500\n        options=9b\u003cRXCSUM,TXCSUM,VLAN_MTU,VLAN_HWTAGGING,VLAN_HWCSUM\u003e\n        ether 00:0c:29:b6:be:a1\n        inet6 fe80::20c:29ff:feb6:bea1%em0 prefixlen 64 tentative scopeid \n0x1\n        nd6 options=3\u003cPERFORMNUD,ACCEPT_RTADV\u003e\n        media: Ethernet autoselect (1000baseT \u003cfull-duplex\u003e)\n        status: active\nadd net ::ffff:0.0.0.0: gateway ::1\nadd net ::0.0.0.0: gateway ::1\nnet.inet6.ip6.forwarding:\n0\n -\u003e\n0\n\nplip0: flags=8810\u003cPOINTOPOINT,SIMPLEX,MULTICAST\u003e metric 0 mtu 1500\nlo0: flags=8049\u003cUP,LOOPBACK,RUNNING,MULTICAST\u003e metric 0 mtu 16384\n        options=3\u003cRXCSUM,TXCSUM\u003e\n        inet6 ::1 prefixlen 128\n        inet6 fe80::1%lo0 prefixlen 64 scopeid 0x3\nnet.inet6.ip6.accept_rtadv:\n0\n -\u003e\n1\n\nadd net fe80::: gateway ::1\nadd net ff02::: gateway ::1\nIPv4 mapped IPv6 address support=NO\nStarting devd.\nDHCPREQUEST on em0 to 255.255.255.255 port 67\n\nDHCPACK from 192.168.124.254\n\nbound to 192.168.124.69 -- renewal in 14400 seconds.\n\n\nCreating and/or trimming log files\n.\nStarting syslogd.\nELF ldconfig path: /lib /usr/lib /usr/lib/compat\na.out ldconfig path: /usr/lib/aout /usr/lib/compat/aout\nClearing /tmp (X related).\nUpdating motd:\n.\nConfiguring syscons:\n keymap\n blanktime\n.\nStarting sshd.\nStarting cron.\nStarting background file system checks in 60 seconds.\n\nThu Apr 28 15:41:34 UTC 2011\nApr 28 15:42:38 BSDTest savecore: reboot after panic: ufs_dirbad: /mnt/da1: \nbad dir ino 117760 at offset 257: mangled entry\nBSDTest# uname -a\nFreeBSD BSDTest.charlieroot.de 8.2-RELEASE-p1 FreeBSD 8.2-RELEASE-p1 #0: Thu \nApr 28 15:23:57 UTC 2011 \nroot@BSDTest.charlieroot.de:/usr/obj/usr/src/sys/GENERIC  i386\nBSDTest#"
}