{
 "id": 974495,
 "bug_id": 225450,
 "attachment_id": 0,
 "creation_time": "2018-01-27T15:56:46Z",
 "creator": "pablo.ruiz@gmail.com",
 "text": "Sure,\n\nHere's a \"boot -v\" for a MAXCPU=4 kernel:\n\n-------------------------\nOK boot kernel.test -v\n/boot/kernel.test/kernel text=0x16f3108 data=0xb66730+0x34fc98 syms=[0x8+0x1898e8+0x8+0x18a675]\nBooting...\nKDB: debugger backends: ddb\nKDB: current backend: ddb\nTable 'FACP' at 0xdbfb0290\nTable 'APIC' at 0xdbfb0390\nAPIC: Found table at 0xdbfb0390\nAPIC: Using the MADT enumerator.\nMADT: Found CPU APIC ID 0 ACPI ID 1: enabled\nSMP: Added CPU 0 (AP)\nMADT: Found CPU APIC ID 1 ACPI ID 2: enabled\nSMP: Added CPU 1 (AP)\nMADT: Found CPU APIC ID 2 ACPI ID 3: enabled\nSMP: Added CPU 2 (AP)\nMADT: Found CPU APIC ID 3 ACPI ID 4: enabled\nSMP: Added CPU 3 (AP)\nMADT: Found CPU APIC ID 132 ACPI ID 5: disabled\nMADT: Found CPU APIC ID 133 ACPI ID 6: disabled\nMADT: Found CPU APIC ID 134 ACPI ID 7: disabled\nMADT: Found CPU APIC ID 135 ACPI ID 8: disabled\nCopyright (c) 1992-2017 The FreeBSD Project.\nCopyright (c) 1979, 1980, 1983, 1986, 1988, 1989, 1991, 1992, 1993, 1994\n\tThe Regents of the University of California. All rights reserved.\nFreeBSD is a registered trademark of The FreeBSD Foundation.\nFreeBSD 11.1-RELEASE-p6 #2 r313908+cac12d01a89(RELENG_2_4-EVI): Fri Jan 26 23:35:27 UTC 2018\n    root@builder:/usr/src/kernel/tmp/obj/usr/src/FreeBSD-src/sys/test amd64\nFreeBSD clang version 4.0.0 (tags/RELEASE_400/final 297347) (based on LLVM 4.0.0)\nTable 'FACP' at 0xdbfb0290\nTable 'APIC' at 0xdbfb0390\nTable 'SPCR' at 0xdbfb0440\nTable 'SLIT' at 0xdbfb0490\nTable 'SPMI' at 0xdbfb04c0\nTable 'OEMB' at 0xdbfbe040\nTable 'SRAT' at 0xdbfb7540\nSRAT: Found table at 0xdbfb7540\nSRAT: Found CPU APIC ID 0 domain 0: enabled\nSRAT: Found CPU APIC ID 1 domain 0: enabled\nSRAT: Found memory domain 0 addr 0x0 len 0xa0000: enabled\nSRAT: Found memory domain 0 addr 0x100000 len 0xbff00000: enabled\nSRAT: Found CPU APIC ID 2 domain 1: enabled\nSRAT: Found CPU APIC ID 3 domain 1: enabled\nSRAT: Found memory domain 1 addr 0xc0000000 len 0x1c000000: enabled\nSRAT: Found memory domain 1 addr 0x100000000 len 0xa4000000: enabled\nTable 'FACP' at 0xdbfb0290\nTable 'APIC' at 0xdbfb0390\nTable 'SPCR' at 0xdbfb0440\nTable 'SLIT' at 0xdbfb0490\nSLIT: Found table at 0xdbfb0490\nSLIT.Localities: 2\n0: 10 10\n1: 10 10\nPPIM 0: PA=0xa0000, VA=0xffffffff82e10000, size=0x10000, mode=0\nVT(vga): resolution 640x480\nPreloaded elf kernel \"/boot/kernel.test/kernel\" at 0xffffffff82cbe000.\nCalibrating TSC clock ... TSC clock: 2992117590 Hz\nCPU: Dual-Core AMD Opteron(tm) Processor 2222 SE (2992.12-MHz K8-class CPU)\n  Origin=\"AuthenticAMD\"  Id=0x40f13  Family=0xf  Model=0x41  Stepping=3\n  Features=0x178bfbff\u003cFPU,VME,DE,PSE,TSC,MSR,PAE,MCE,CX8,APIC,SEP,MTRR,PGE,MCA,CMOV,PAT,PSE36,CLFLUSH,MMX,FXSR,SSE,SSE2,HTT\u003e\n  Features2=0x2001\u003cSSE3,CX16\u003e\n  AMD Features=0xea500800\u003cSYSCALL,NX,MMX+,FFXSR,RDTSCP,LM,3DNow!+,3DNow!\u003e\n  AMD Features2=0x1f\u003cLAHF,CMP,SVM,ExtAPIC,CR8\u003e\n  SVM: Features=0x0\nRevision=1, ASIDs=64\nL1 2MB data TLB: 8 entries, fully associative\nL1 2MB instruction TLB: 8 entries, fully associative\nL1 4KB data TLB: 32 entries, fully associative\nL1 4KB instruction TLB: 32 entries, fully associative\nL1 data cache: 64 kbytes, 64 bytes/line, 1 lines/tag, 2-way associative\nL1 instruction cache: 64 kbytes, 64 bytes/line, 1 lines/tag, 2-way associative\nL2 2MB unified TLB: 0 entries, disabled/not present\nL2 4KB data TLB: 512 entries, 4-way associative\nL2 4KB instruction TLB: 512 entries, 4-way associative\nL2 unified cache: 1024 kbytes, 64 bytes/line, 1 lines/tag, 16-way associative\nreal memory  = 6442450944 (6144 MB)\nPhysical memory chunk(s):\n0x0000000000010000 - 0x0000000000097fff, 557056 bytes (136 pages)\n0x0000000000100000 - 0x00000000001fffff, 1048576 bytes (256 pages)\n0x0000000002d0d000 - 0x00000000d1422fff, 3463536640 bytes (845590 pages)\n0x00000000dbfae000 - 0x00000000dbfaffff, 8192 bytes (2 pages)\n0x0000000100000000 - 0x00000001a3fe7fff, 2751365120 bytes (671720 pages)\navail memory = 6190829568 (5904 MB)\nEvent timer \"LAPIC\" quality 100\nLAPIC: ipi_wait() us multiplier 72 (r 4115237 tsc 2992117590)\nACPI APIC Table: \u003cSUN    X4200 M2\u003e\nPackage ID shift: 1\nL2 cache ID shift: 0\nL1 cache ID shift: 0\nCore ID shift: 0\nINTR: Adding local APIC 1 as a target\nINTR: Adding local APIC 2 as a target\nINTR: Adding local APIC 3 as a target\nFreeBSD/SMP: Multiprocessor System Detected: 4 CPUs\nFreeBSD/SMP: 2 package(s) x 2 core(s)\nPackage HW ID = 0 (0)\n\tCore HW ID = 0 (0)\n\t\tCPU0 (BSP): APIC ID: 0 (0)\n\tCore HW ID = 1 (0x1)\n\t\tCPU1 (AP): APIC ID: 1 (0x1)\nPackage HW ID = 1 (0x1)\n\tCore HW ID = 2 (0x2)\n\t\tCPU2 (AP): APIC ID: 2 (0x2)\n\tCore HW ID = 3 (0x3)\n\t\tCPU3 (AP): APIC ID: 3 (0x3)\nAPIC: CPU 0 has ACPI ID 1\nAPIC: CPU 1 has ACPI ID 2\nAPIC: CPU 2 has ACPI ID 3\nAPIC: CPU 3 has ACPI ID 4\nSRAT: CPU 0 has memory domain 0\nSRAT: CPU 1 has memory domain 0\nSRAT: CPU 2 has memory domain 1\nSRAT: CPU 3 has memory domain 1\nx86bios:  IVT 0x000000-0x0004ff at 0xfffff80000000000\nx86bios: SSEG 0x090000-0x090fff at 0xfffffe001b990000\nx86bios: EBDA 0x09b000-0x09ffff at 0xfffff8000009b000\nx86bios:  ROM 0x0a0000-0x0fefff at 0xfffff800000a0000\nPentium Pro MTRR support enabled\nULE: setup cpu 0\nULE: setup cpu 1\nULE: setup cpu 2\nULE: setup cpu 3\nACPI: RSDP 0x00000000000F9C10 000024 (v02 SUN   )\nACPI: XSDT 0x00000000DBFB0100 000094 (v01 SUN    X4200 M2 00000081 MSFT 00000097)\nACPI: FACP 0x00000000DBFB0290 0000F4 (v03 SUN    X4200 M2 00000081 MSFT 00000097)\nACPI BIOS Warning (bug): 32/64X length mismatch in FADT/Gpe0Block: 64/32 (20170303/tbfadt-748)\nACPI BIOS Warning (bug): 32/64X length mismatch in FADT/Gpe1Block: 128/64 (20170303/tbfadt-748)\nACPI: DSDT 0x00000000DBFB0510 00702A (v01 SUN    X4200 M1 00000081 INTL 20050624)\nACPI: FACS 0x00000000DBFBE000 000040\nACPI: FACS 0x00000000DBFBE000 000040\nACPI: APIC 0x00000000DBFB0390 0000B0 (v01 SUN    X4200 M2 00000081 MSFT 00000097)\nACPI: SPCR 0x00000000DBFB0440 000050 (v01 SUN    X4200 M2 00000081 MSFT 00000097)\nACPI: SLIT 0x00000000DBFB0490 000030 (v01 SUN    OEMSLIT  00000081 MSFT 00000097)\nACPI: SPMI 0x00000000DBFB04C0 000041 (v05 SUN    OEMSPMI  00000081 MSFT 00000097)\nACPI: OEMB 0x00000000DBFBE040 000063 (v01 SUN    X4200 M2 00000081 MSFT 00000097)\nACPI: SRAT 0x00000000DBFB7540 000110 (v01 AMD    HAMMER   00000001 AMD  00000001)\nACPI: HPET 0x00000000DBFB7650 000038 (v01 SUN    OEMHPET0 00000081 MSFT 00000097)\nACPI: IPET 0x00000000DBFB7690 000038 (v01 SUN    OEMHPET1 00000081 MSFT 00000097)\nACPI: EINJ 0x00000000DBFB76D0 000130 (v01 AMIER  AMI_EINJ 06000827 MSFT 00000097)\nACPI: BERT 0x00000000DBFB7860 000030 (v01 AMIER  AMI_BERT 06000827 MSFT 00000097)\nACPI: ERST 0x00000000DBFB7890 0001B0 (v01 AMIER  AMI_ERST 06000827 MSFT 00000097)\nACPI: HEST 0x00000000DBFB7A40 0000A8 (v01 AMIER  AMI_HEST 06000827 MSFT 00000097)\nACPI: SSDT 0x00000000DBFB7AF0 0005F8 (v01 A M I  POWERNOW 00000001 AMD  00000001)\nMADT: Found IO APIC ID 15, Interrupt 0 at 0xfec00000\nioapic0: ver 0x11 maxredir 0x17\nioapic0: Routing external 8259A's -\u003e intpin 0\nMADT: Found IO APIC ID 16, Interrupt 48 at 0xfeafd000\nioapic1: Changing APIC ID to 16\nioapic1: WARNING: intbase 48 != expected base 24\nioapic1: ver 0x11 maxredir 0x06\nMADT: Found IO APIC ID 17, Interrupt 56 at 0xfeafc000\nioapic2: Changing APIC ID to 17\nioapic2: WARNING: intbase 56 != expected base 55\nioapic2: ver 0x11 maxredir 0x06\nMADT: Found IO APIC ID 14, Interrupt 24 at 0xfeaff000\nioapic3: WARNING: intbase 24 != expected base 63\nioapic3: ver 0x11 maxredir 0x17\nMADT: Interrupt override: source 0, irq 2\nioapic0: Routing IRQ 0 -\u003e intpin 2\nMADT: Interrupt override: source 9, irq 9\nioapic0: intpin 9 trigger: level\nioapic3 \u003cVersion 1.1\u003e irqs 24-47 on motherboard\nioapic0 \u003cVersion 1.1\u003e irqs 0-23 on motherboard\nioapic1 \u003cVersion 1.1\u003e irqs 48-54 on motherboard\nioapic2 \u003cVersion 1.1\u003e irqs 56-62 on motherboard\ncpu0 BSP:\n     ID: 0x00000000   VER: 0x80050010 LDR: 0x00000000 DFR: 0xffffffff\n  lint0: 0x00010700 lint1: 0x00000400 TPR: 0x00000000 SVR: 0x000001ff\n  timer: 0x000100ef therm: 0x00010000 err: 0x000000f0 pmc: 0x00010400\n   AMD ext features: 0x00010003\n   AMD elvt0: 0x00010000\nSMP: AP CPU #1 Launched!\ncpu1 AP:\n\nFatal k\nvaketkpl andic:ou blse tfaacuklr tno\n eerl riflpo w dr= t0exctedaf;f bfpac ktrfafcdfe wma10yc 4b8e0 4i\nfrorhspr r= upt i0netxdf\n0s1b KdisD97B:8 e0nt0er:0\npbrniec\n\n[ =\n    0\n0 0faaffadl ep t001 r1abp97 t0d0:  10a0g0\n   5acupulid\n              =wSto1p; iadl ep ictn kide rnel= m od0e1\n\npa n ipc: doubi dle  dau 3b;lenta\nptcip+u idix3bd = 03\n aUult vortume: 1sl q\tadRdr$0\nxkdsb_\tw=h y0"
}