{
 "id": 974399,
 "bug_id": 225450,
 "attachment_id": 0,
 "creation_time": "2018-01-26T23:44:41Z",
 "creator": "pablo.ruiz@gmail.com",
 "text": "Hi,\n\nI've tried with MAXCPU=3 \u0026 MAXCPU=4.. \n\nWith MAXCPU=3, the system boots ok too:\n\n------------------------------------------------------------\nOK boot kernel.test\n/boot/kernel.test/kernel text=0x16f2208 data=0xb66730+0x34e428 syms=[0x8+0x1898e8+0x8+0x18a675]\nBooting...\nKDB: debugger backends: ddb\nKDB: current backend: ddb\nCopyright (c) 1992-2017 The FreeBSD Project.\nCopyright (c) 1979, 1980, 1983, 1986, 1988, 1989, 1991, 1992, 1993, 1994\n\tThe Regents of the University of California. All rights reserved.\nFreeBSD is a registered trademark of The FreeBSD Foundation.\nFreeBSD 11.1-RELEASE-p6 #1 r313908+e3535340e0f(RELENG_2_4-EVI): Fri Jan 26 23:22:34 UTC 2018\n    root@builder: /usr/src/kernel/tmp/obj/usr/src/kernel/tmp/FreeBSD-src/sys/test  amd64\nFreeBSD clang version 4.0.0 (tags/RELEASE_400/final 297347) (based on LLVM 4.0.0)\nVT(vga): resolution 640x480\nCPU: Dual-Core AMD Opteron(tm) Processor 2222 SE (2992.11-MHz K8-class CPU)\n  Origin=\"AuthenticAMD\"  Id=0x40f13  Family=0xf  Model=0x41  Stepping=3\n  Features=0x178bfbff\u003cFPU,VME,DE,PSE,TSC,MSR,PAE,MCE,CX8,APIC,SEP,MTRR,PGE,MCA,CMOV,PAT,PSE36,CLFLUSH,MMX,FXSR,SSE,SSE2,HTT\u003e\n  Features2=0x2001\u003cSSE3,CX16\u003e\n  AMD Features=0xea500800\u003cSYSCALL,NX,MMX+,FFXSR,RDTSCP,LM,3DNow!+,3DNow!\u003e\n  AMD Features2=0x1f\u003cLAHF,CMP,SVM,ExtAPIC,CR8\u003e\n  SVM: NAsids=64\nreal memory  = 6442450944 (6144 MB)\navail memory = 6190874624 (5904 MB)\nEvent timer \"LAPIC\" quality 100\nACPI APIC Table: \u003cSUN    X4200 M2\u003e\nFreeBSD/SMP: Multiprocessor System Detected: 3 CPUs\nFreeBSD/SMP: 2 package(s) x 2 core(s)\nFreeBSD/SMP Online: Non-uniform topology\nACPI BIOS Warning (bug): 32/64X length mismatch in FADT/Gpe0Block: 64/32 (20170303/tbfadt-748)\nACPI BIOS Warning (bug): 32/64X length mismatch in FADT/Gpe1Block: 128/64 (20170303/tbfadt-748)\nioapic1: Changing APIC ID to 16\nioapic2: Changing APIC ID to 17\nioapic3 \u003cVersion 1.1\u003e irqs 24-47 on motherboard\nioapic0 \u003cVersion 1.1\u003e irqs 0-23 on motherboard\nioapic1 \u003cVersion 1.1\u003e irqs 48-54 on motherboard\nioapic2 \u003cVersion 1.1\u003e irqs 56-62 on motherboard\nSMP: AP CPU #1 Launched!\nSMP: AP CPU #2 Launched!\nrandom: entropy device external interface\nwlan: mac acl policy registered\nkbd1 at kbdmux0\nnetmap: loaded module\nmodule_register_init: MOD_LOAD (vesa, 0xffffffff81155ef0, 0) error 19\nnexus0\nvtvga0: \u003cVT VGA driver\u003e on motherboard\ncryptosoft0: \u003csoftware crypto\u003e on motherboard\npadlock0: No ACE support.\nacpi0: \u003cSUN X4200 M2\u003e on motherboard\nacpi0: Power Button (fixed)\nunknown: I/O range not supported\ncpu0: \u003cACPI CPU\u003e on acpi0\ncpu1: \u003cACPI CPU\u003e on acpi0\ncpu2: \u003cACPI CPU\u003e on acpi0\nattimer0: \u003cAT timer\u003e port 0x40-0x43 irq 0 on acpi0\nTimecounter \"i8254\" frequency 1193182 Hz quality 0\nEvent timer \"i8254\" frequency 1193182 Hz quality 100\natrtc0: \u003cAT realtime clock\u003e port 0x70-0x71 irq 8 on acpi0\n...\n\n\nWhile with MAXCPU=4 it fails:\n\n\n---------------------------------------------------------\nOK boot kernel.test\n/boot/kernel.test/kernel text=0x16f3108 data=0xb66730+0x34fc98 syms=[0x8+0x1898e8+0x8+0x18a675]\nBooting...\nKDB: debugger backends: ddb\nKDB: current backend: ddb\nCopyright (c) 1992-2017 The FreeBSD Project.\nCopyright (c) 1979, 1980, 1983, 1986, 1988, 1989, 1991, 1992, 1993, 1994\n\tThe Regents of the University of California. All rights reserved.\nFreeBSD is a registered trademark of The FreeBSD Foundation.\nFreeBSD 11.1-RELEASE-p6 #2 r313908+cac12d01a89(RELENG_2_4-EVI): Fri Jan 26 23:35:27 UTC 2018\n    root@pfsense-builder: /usr/src/kernel/tmp/obj/usr/src/kernel/tmp/FreeBSD-src/sys/test amd64\nFreeBSD clang version 4.0.0 (tags/RELEASE_400/final 297347) (based on LLVM 4.0.0)\nVT(vga): resolution 640x480\nCPU: Dual-Core AMD Opteron(tm) Processor 2222 SE (2992.11-MHz K8-class CPU)\n  Origin=\"AuthenticAMD\"  Id=0x40f13  Family=0xf  Model=0x41  Stepping=3\n  Features=0x178bfbff\u003cFPU,VME,DE,PSE,TSC,MSR,PAE,MCE,CX8,APIC,SEP,MTRR,PGE,MCA,CMOV,PAT,PSE36,CLFLUSH,MMX,FXSR,SSE,SSE2,HTT\u003e\n  Features2=0x2001\u003cSSE3,CX16\u003e\n  AMD Features=0xea500800\u003cSYSCALL,NX,MMX+,FFXSR,RDTSCP,LM,3DNow!+,3DNow!\u003e\n  AMD Features2=0x1f\u003cLAHF,CMP,SVM,ExtAPIC,CR8\u003e\n  SVM: NAsids=64\nreal memory  = 6442450944 (6144 MB)\navail memory = 6190829568 (5904 MB)\nEvent timer \"LAPIC\" quality 100\nACPI APIC Table: \u003cSUN    X4200 M2\u003e\nFreeBSD/SMP: Multiprocessor System Detected: 4 CPUs\nFreeBSD/SMP: 2 package(s) x 2 core(s)\nACPI BIOS Warning (bug): 32/64X length mismatch in FADT/Gpe0Block: 64/32 (20170303/tbfadt-748)\nACPI BIOS Warning (bug): 32/64X length mismatch in FADT/Gpe1Block: 128/64 (20170303/tbfadt-748)\nioapic1: Changing APIC ID to 16\nioapic2: Changing APIC ID to 17\nioapic3 \u003cVersion 1.1\u003e irqs 24-47 on motherboard\nioapic0 \u003cVersion 1.1\u003e irqs 0-23 on motherboard\nioapic1 \u003cVersion 1.1\u003e irqs 48-54 on motherboard\nioapic2 \u003cVersion 1.1\u003e irqs 56-62 on motherboard\nSMP: AP CPU #1 Launched!\nSMP: AP CPU #2 Launched\nFa\nFa\nFa\nFa\n\n..."
}