{
 "id": 974396,
 "bug_id": 225450,
 "attachment_id": 0,
 "creation_time": "2018-01-26T23:15:45Z",
 "creator": "pablo.ruiz@gmail.com",
 "text": "I've built a kernel with MAXCPU=2, and funnily enough it boots ok.. it only launches CPU#1 (along with #0), but it works ok..\n\nThis system has two physical CPUs, each with two cores. Dunno if this may be related.. \n\nHere is the output:\n\n-----------------------------------\nOK boot kernel.test\n/boot/kernel.test/kernel text=0x16f1f28 data=0xb66738+0x34cc58 syms=[0x8+0x1898e8+0x8+0x18a675]\nBooting...\nKDB: debugger backends: ddb\nKDB: current backend: ddb\nCopyright (c) 1992-2017 The FreeBSD Project.\nCopyright (c) 1979, 1980, 1983, 1986, 1988, 1989, 1991, 1992, 1993, 1994\n\tThe Regents of the University of California. All rights reserved.\nFreeBSD is a registered trademark of The FreeBSD Foundation.\nFreeBSD 11.1-RELEASE-p6 #0 r313908+b1692e611a8(TEST): Fri Jan 26 22:52:47 UTC 2018\n    root@pfsense-builder:/usr/src/kernel/tmp/obj/usr/src/kernel/tmp/FreeBSD-src/sys/test amd64\nFreeBSD clang version 4.0.0 (tags/RELEASE_400/final 297347) (based on LLVM 4.0.0)\nVT(vga): resolution 640x480\nCPU: Dual-Core AMD Opteron(tm) Processor 2222 SE (2992.11-MHz K8-class CPU)\n  Origin=\"AuthenticAMD\"  Id=0x40f13  Family=0xf  Model=0x41  Stepping=3\n  Features=0x178bfbff\u003cFPU,VME,DE,PSE,TSC,MSR,PAE,MCE,CX8,APIC,SEP,MTRR,PGE,MCA,CMOV,PAT,PSE36,CLFLUSH,MMX,FXSR,SSE,SSE2,HTT\u003e\n  Features2=0x2001\u003cSSE3,CX16\u003e\n  AMD Features=0xea500800\u003cSYSCALL,NX,MMX+,FFXSR,RDTSCP,LM,3DNow!+,3DNow!\u003e\n  AMD Features2=0x1f\u003cLAHF,CMP,SVM,ExtAPIC,CR8\u003e\n  SVM: NAsids=64\nreal memory  = 6442450944 (6144 MB)\navail memory = 6190903296 (5904 MB)\nEvent timer \"LAPIC\" quality 100\nACPI APIC Table: \u003cSUN    X4200 M2\u003e\nFreeBSD/SMP: Multiprocessor System Detected: 2 CPUs\nFreeBSD/SMP: 2 package(s) x 2 core(s)\nFreeBSD/SMP Online: 1 package(s) x 2 core(s)\nACPI BIOS Warning (bug): 32/64X length mismatch in FADT/Gpe0Block: 64/32 (20170303/tbfadt-748)\nACPI BIOS Warning (bug): 32/64X length mismatch in FADT/Gpe1Block: 128/64 (20170303/tbfadt-748)\nioapic1: Changing APIC ID to 16\nioapic2: Changing APIC ID to 17\nioapic3 \u003cVersion 1.1\u003e irqs 24-47 on motherboard\nioapic0 \u003cVersion 1.1\u003e irqs 0-23 on motherboard\nioapic1 \u003cVersion 1.1\u003e irqs 48-54 on motherboard\nioapic2 \u003cVersion 1.1\u003e irqs 56-62 on motherboard\nSMP: AP CPU #1 Launched!\nrandom: entropy device external interface\nwlan: mac acl policy registered\nkbd1 at kbdmux0\nnetmap: loaded module\nmodule_register_init: MOD_LOAD (vesa, 0xffffffff81155cc0, 0) error 19\nnexus0\nvtvga0: \u003cVT VGA driver\u003e on motherboard\ncryptosoft0: \u003csoftware crypto\u003e on motherboard\npadlock0: No ACE support.\nacpi0: \u003cSUN X4200 M2\u003e on motherboard\nacpi0: Power Button (fixed)\nunknown: I/O range not supported\ncpu0: \u003cACPI CPU\u003e on acpi0\ncpu1: \u003cACPI CPU\u003e on acpi0\nattimer0: \u003cAT timer\u003e port 0x40-0x43 irq 0 on acpi0\nTimecounter \"i8254\" frequency 1193182 Hz quality 0\nEvent timer \"i8254\" frequency 1193182 Hz quality 100\natrtc0: \u003cAT realtime clock\u003e port 0x70-0x71 irq 8 on acpi0\nEvent timer \"RTC\" frequency 32768 Hz quality 0\nhpet0: \u003cHigh Precision Event Timer\u003e iomem 0xfed00000-0xfed00fff on acpi0\nTimecounter \"HPET\" frequency 25000000 Hz quality 950\nhpet1: \u003cHigh Precision Event Timer\u003e iomem 0xfed10000-0xfed10fff on acpi0\nTimecounter \"ACPI-safe\" frequency 3579545 Hz quality 850\nacpi_timer0: \u003c24-bit timer at 3.579545MHz\u003e port 0x2008-0x200b on acpi0\npcib0: \u003cACPI Host-PCI bridge\u003e on acpi0\npcib0: _OSC returned error 0x10\npci0: \u003cACPI PCI bus\u003e on pcib0\npci0: \u003cmemory\u003e at device 0.0 (no driver attached)\nisab0: \u003cPCI-ISA bridge\u003e at device 1.0 on pci0\nisa0: \u003cISA bus\u003e on isab0\nohci0: \u003cnVidia nForce CK804 USB Controller\u003e mem 0xfe3ff000-0xfe3fffff irq 20 at device 2.0 on pci0\nusbus0 on ohci0\nusbus0: 12Mbps Full Speed USB v1.0\nehci0: \u003cNVIDIA nForce CK804 USB 2.0 controller\u003e mem 0xfe3fec00-0xfe3fecff irq 21 at device 2.1 on pci0\nusbus1: EHCI version 1.0\nusbus1 on ehci0\nusbus1: 480Mbps High Speed USB v2.0\natapci0: \u003cnVidia nForce CK804 UDMA133 controller\u003e port 0x1f0-0x1f7,0x3f6,0x170-0x177,0x376,0x9100-0x910f at device 6.0 on pci0\nata0: \u003cATA channel\u003e at channel 0 on atapci0\nata1: \u003cATA channel\u003e at channel 1 on atapci0\npcib1: \u003cACPI PCI-PCI bridge\u003e at device 9.0 on pci0\npci1: \u003cACPI PCI bus\u003e on pcib1\nvgapci0: \u003cVGA-compatible display\u003e port 0xa800-0xa8ff mem 0xfc000000-0xfcffffff,0xfdbff000-0xfdbfffff irq 16 at device 3.0 on pci1\nvgapci0: Boot video device\nnfe0: \u003cNVIDIA nForce4 CK804 MCP9 Networking Adapter\u003e port 0xdc00-0xdc07 mem 0xfe3fd000-0xfe3fdfff irq 22 at device 10.0 on pci0\nmiibus0: \u003cMII bus\u003e on nfe0\ne1000phy0: \u003cMarvell 88E1111 Gigabit PHY\u003e PHY 1 on miibus0\ne1000phy0:  none, 10baseT, 10baseT-FDX, 100baseTX, 100baseTX-FDX, 1000baseSX, 1000baseSX-FDX, 1000baseT, 1000baseT-master, 1000baseT-FDX, 1000baseT-FDX-master, auto, auto-flow\nnfe0: Using defaults for TSO: 65518/35/2048\nnfe0: Ethernet address: 00:14:4f:e5:3a:3c\npcib2: \u003cACPI PCI-PCI bridge\u003e at device 11.0 on pci0\npci2: \u003cACPI PCI bus\u003e on pcib2\npcib3: \u003cACPI PCI-PCI bridge\u003e at device 12.0 on pci0\npci3: \u003cACPI PCI bus\u003e on pcib3\npcib4: \u003cACPI PCI-PCI bridge\u003e at device 13.0 on pci0\npci4: \u003cACPI PCI bus\u003e on pcib4\nem0: \u003cIntel(R) PRO/1000 Network Connection 7.6.1-k\u003e port 0xbc00-0xbc1f mem 0xfdde0000-0xfddfffff,0xfddc0000-0xfdddffff irq 17 at device 0.0 on pci4\nem0: Using an MSI interrupt\nem0: Ethernet address: 00:15:17:c3:df:7c\nem0: netmap queues/slots: TX 1/4096, RX 1/4096\nem1: \u003cIntel(R) PRO/1000 Network Connection 7.6.1-k\u003e port 0xb800-0xb81f mem 0xfdd80000-0xfdd9ffff,0xfdd60000-0xfdd7ffff irq 16 at device 0.1 on pci4\nem1: Using an MSI interrupt\nem1: Ethernet address: 00:15:17:c3:df:7d\nem1: netmap queues/slots: TX 1/4096, RX 1/4096\npcib5: \u003cACPI PCI-PCI bridge\u003e at device 14.0 on pci0\npci5: \u003cACPI PCI bus\u003e on pcib5\nix0: \u003cIntel(R) PRO/10GbE PCI-Express Network Driver, Version - 3.1.13-k\u003e port 0xcc00-0xcc1f mem 0xfe280000-0xfe2fffff,0xfe27c000-0xfe27ffff irq 18 at device 0.0 on pci5\nix0: Using MSIX interrupts with 3 vectors\nix0: Ethernet address: 00:1b:21:bd:63:8c\nix0: PCI Express Bus: Speed 2.5GT/s Width x8\nix0: Error 2 setting up SR-IOV\nix0: netmap queues/slots: TX 2/2048, RX 2/2048\nix1: \u003cIntel(R) PRO/10GbE PCI-Express Network Driver, Version - 3.1.13-k\u003e port 0xc800-0xc81f mem 0xfe100000-0xfe17ffff,0xfe278000-0xfe27bfff irq 17 at device 0.1 on pci5\nix1: Using MSIX interrupts with 3 vectors\nix1: Ethernet address: 00:1b:21:bd:63:8e\nix1: PCI Express Bus: Speed 2.5GT/s Width x8\nix1: Error 2 setting up SR-IOV\nix1: netmap queues/slots: TX 2/2048, RX 2/2048\npcib6: \u003cACPI Host-PCI bridge\u003e on acpi0\npcib6: _OSC returned error 0x10\npci6: \u003cACPI PCI bus\u003e on pcib6\npci6: \u003cmemory\u003e at device 0.0 (no driver attached)\npci6: \u003cmemory\u003e at device 1.0 (no driver attached)\nnfe1: \u003cNVIDIA nForce4 CK804 MCP9 Networking Adapter\u003e port 0xfc00-0xfc07 mem 0xfeafe000-0xfeafefff irq 44 at device 10.0 on pci6\nmiibus1: \u003cMII bus\u003e on nfe1\ne1000phy1: \u003cMarvell 88E1111 Gigabit PHY\u003e PHY 1 on miibus1\ne1000phy1:  none, 10baseT, 10baseT-FDX, 100baseTX, 100baseTX-FDX, 1000baseSX, 1000baseSX-FDX, 1000baseT, 1000baseT-master, 1000baseT-FDX, 1000baseT-FDX-master, auto, auto-flow\nnfe1: Using defaults for TSO: 65518/35/2048\nnfe1: Ethernet address: 00:14:4f:e5:3a:3d\npcib7: \u003cACPI PCI-PCI bridge\u003e at device 11.0 on pci6\npci7: \u003cACPI PCI bus\u003e on pcib7\npcib8: \u003cACPI PCI-PCI bridge\u003e at device 12.0 on pci6\npci8: \u003cACPI PCI bus\u003e on pcib8\npcib9: \u003cACPI PCI-PCI bridge\u003e at device 13.0 on pci6\npci9: \u003cACPI PCI bus\u003e on pcib9\npcib10: \u003cACPI PCI-PCI bridge\u003e at device 14.0 on pci6\npci10: \u003cACPI PCI bus\u003e on pcib10\npcib11: \u003cACPI PCI-PCI bridge\u003e at device 16.0 on pci6\npci11: \u003cACPI PCI bus\u003e on pcib11\npcib12: \u003cACPI PCI-PCI bridge\u003e at device 17.0 on pci6\npci12: \u003cACPI PCI bus\u003e on pcib12\nem2: \u003cIntel(R) PRO/1000 Legacy Network Connection 1.1.0\u003e port 0xec00-0xec3f mem 0xfe9e0000-0xfe9fffff irq 56 at device 1.0 on pci12\nem2: Ethernet address: 00:14:4f:e5:3a:3e\nem2: netmap queues/slots: TX 1/4096, RX 1/4096\nem3: \u003cIntel(R) PRO/1000 Legacy Network Connection 1.1.0\u003e port 0xe800-0xe83f mem 0xfe9c0000-0xfe9dffff irq 57 at device 1.1 on pci12\nem3: Ethernet address: 00:14:4f:e5:3a:3f\nem3: netmap queues/slots: TX 1/4096, RX 1/4096\nmpt0: \u003cLSILogic SAS/SATA Adapter\u003e port 0xe400-0xe4ff mem 0xfe9bc000-0xfe9bffff,0xfe9a0000-0xfe9affff irq 58 at device 2.0 on pci12\nmpt0: MPI Version=1.5.16.0\nmpt0: Capabilities: ( RAID-0 RAID-1E RAID-1 )\nmpt0: 1 Active Volume (2 Max)\nmpt0: 2 Hidden Drive Members (14 Max)\nmpt0: mpt_read_cfg_page: Config Info Status 22\nmpt0:vol0(mpt0:0:0): mpt_refresh_raid_vol: Failed to read RAID Vol Page(0)\nmpt0:vol0(mpt0:0:0): Settings ( )\nmpt0:vol0(mpt0:0:0): 0 Members:\nmpt0:vol0(mpt0:0:0): RAID-0 - Optimal\n(mpt0:0:4): Physical (mpt0:0:4:0), Pass-thru (mpt0:1:0:0)\n(mpt0:0:4): Online\nacpi_button0: (mpt0:0:3): \u003cPower Button\u003ePhysical (mpt0:0:3:0), Pass-thru (mpt0:1:1:0)\n(mpt0:0:3): Online\n on acpi0\n(noperiph:mpt0:1:-1:ffffffff): rescan already queued\nuart0: \u003c16550 or compatible\u003e port 0x3f8-0x3ff irq 4 flags 0x10 on acpi0\nuart0: console (115200,n,8,1)\norm0: \u003cISA Option ROMs\u003e at iomem 0xc0000-0xc9fff,0xca000-0xcb7ff,0xcb800-0xcc7ff,0xcc800-0xcd7ff,0xcd800-0xce7ff,0xce800-0xcf7ff,0xd5800-0xd67ff on isa0\natkbdc0: \u003cKeyboard controller (i8042)\u003e at port 0x60,0x64 on isa0\natkbd0: \u003cAT Keyboard\u003e irq 1 on atkbdc0\nkbd0 at atkbd0\natkbd0: [GIANT-LOCKED]\nppc0: cannot reserve I/O port range\npowernow0: \u003cPowerNow! K8\u003e on cpu0\npowernow1: \u003cPowerNow! K8\u003e on cpu1\nTimecounters tick every 1.000 msec\nnvme cam probe device init\nugen0.1: \u003cnVidia OHCI root HUB\u003e at usbus0\nugen1.1: \u003cnVidia EHCI root HUB\u003e at usbus1\nuhub0: \u003cnVidia OHCI root HUB, class 9/0, rev 1.00/1.00, addr 1\u003e on usbus0\nuhub1: \u003cnVidia EHCI root HUB, class 9/0, rev 2.00/1.00, addr 1\u003e on usbus1\nda0 at mpt0 bus 0 scbus2 target 2 lun 0\nda0: \u003cLSILOGIC Logical Volume 3000\u003e Fixed Direct Access SCSI-2 device\nda0: 300.000MB/s transfers\nda0: Command Queueing enabled\nda0: 69618MB (142577664 512 byte sectors)\ncd0 at ata0 bus 0 scbus0 target 0 lun 0\ncd0: \u003cTEAC DW-224SL-R 1.0B\u003e Removable CD-ROM SCSI device\ncd0: 33.300MB/s transfers (UDMA2, ATAPI 12bytes, PIO 65534bytes)\ncd0: Attempt to query device size failed: NOT READY, Medium not present\nTrying to mount root from ufs:/dev/ufsid/55953f58932667bb [rw]...\nConfiguring crash dumps...\nNo suitable dump device was found.\n/dev/ufsid/55953f58932667bb: FILE SYSTEM CLEAN; SKIPPING CHECKS\n/dev/ufsid/55953f58932667bb: clean, 15583596 free (7260 frags, 1947042 blocks, 0.0% fragmentation)"
}