{
 "id": 1023190,
 "bug_id": 225450,
 "attachment_id": 0,
 "creation_time": "2018-11-23T22:22:51Z",
 "creator": "mail@rubenvos.com",
 "text": "Hi,\n\nJust to follow up: 12.0 RC-1 boots perfectly on our Opteron cpu's. I upgraded from 11.0 to 12.0 RC-1 , haven't tried 11.2.\n\nRuben\n\n---\u003c\u003cBOOT\u003e\u003e---\nCopyright (c) 1992-2018 The FreeBSD Project.\nCopyright (c) 1979, 1980, 1983, 1986, 1988, 1989, 1991, 1992, 1993, 1994\n        The Regents of the University of California. All rights reserved.\nFreeBSD is a registered trademark of The FreeBSD Foundation.\nFreeBSD 12.0-RC1 r340470 GENERIC amd64\nFreeBSD clang version 6.0.1 (tags/RELEASE_601/final 335540) (based on LLVM 6.0.1)\nVT(vga): resolution 640x480\nCPU: Quad-Core AMD Opteron(tm) Processor 2356 (2300.14-MHz K8-class CPU)\n  Origin=\"AuthenticAMD\"  Id=0x100f23  Family=0x10  Model=0x2  Stepping=3\n  Features=0x178bfbff\u003cFPU,VME,DE,PSE,TSC,MSR,PAE,MCE,CX8,APIC,SEP,MTRR,PGE,MCA,CMOV,PAT,PSE36,CLFLUSH,MMX,FXSR,SSE,SSE2,HTT\u003e\n  Features2=0x802009\u003cSSE3,MON,CX16,POPCNT\u003e\n  AMD Features=0xee500800\u003cSYSCALL,NX,MMX+,FFXSR,Page1GB,RDTSCP,LM,3DNow!+,3DNow!\u003e\n  AMD Features2=0x7ff\u003cLAHF,CMP,SVM,ExtAPIC,CR8,ABM,SSE4A,MAS,Prefetch,OSVW,IBS\u003e\n  SVM: NP,NAsids=64\n  TSC: P-state invariant\nreal memory  = 25769803776 (24576 MB)\navail memory = 25003937792 (23845 MB)\nEvent timer \"LAPIC\" quality 100\nACPI APIC Table: \u003cSUN    X4x40   \u003e\nFreeBSD/SMP: Multiprocessor System Detected: 8 CPUs\nFreeBSD/SMP: 2 package(s) x 4 core(s)\nrandom: unblocking device.\nioapic0 \u003cVersion 1.1\u003e irqs 0-23 on motherboard\nioapic1 \u003cVersion 1.1\u003e irqs 24-47 on motherboard\nLaunching APs: 4 5 2 6 3 7 1\nTimecounter \"TSC-low\" frequency 1150069463 Hz quality 800\nrandom: entropy device external interface\nkbd1 at kbdmux0\nnetmap: loaded module\n[ath_hal] loaded\nmodule_register_init: MOD_LOAD (vesa, 0xffffffff810f8690, 0) error 19\nnexus0\nvtvga0: \u003cVT VGA driver\u003e on motherboard"
}