{
 "id": 1226478,
 "bug_id": 265714,
 "attachment_id": 0,
 "creation_time": "2022-09-14T15:08:15Z",
 "creator": "mike@sentex.net",
 "text": "Note, running the same test with a different set of boxes that use the i226 version of the PHY works just fine. After ~ 18hrs of testing, I was not able to get the transmitting NIC to drop carrier under load\n\n\n\n\nigc0@pci0:2:0:0:        class=0x020000 rev=0x04 hdr=0x00 vendor=0x8086 device=0x125c subvendor=0x8086 subdevice=0x0000\n    vendor     = 'Intel Corporation'\n    class      = network\n    subclass   = ethernet\n    bar   [10] = type Memory, range 32, base 0x80200000, size 1048576, enabled\n    bar   [1c] = type Memory, range 32, base 0x80300000, size 16384, enabled\n    cap 01[40] = powerspec 3  supports D0 D3  current D0\n    cap 05[50] = MSI supports 1 message, 64 bit, vector masks \n    cap 11[70] = MSI-X supports 5 messages, enabled\n                 Table in map 0x1c[0x0], PBA in map 0x1c[0x2000]\n    cap 10[a0] = PCI-Express 2 endpoint max data 256(512) FLR RO NS\n                 max read 512\n                 link x1(x1) speed 5.0(5.0) ASPM disabled(L1)\n    ecap 0001[100] = AER 2 0 fatal 0 non-fatal 0 corrected\n    ecap 0003[140] = Serial 1 7c2be1ffff131e81\n    ecap 0018[1c0] = LTR 1\n    ecap 001f[1f0] = Precision Time Measurement 1\n    ecap 001e[1e0] = L1 PM Substates 1\n\n\n---\u003c\u003cBOOT\u003e\u003e---\nCopyright (c) 1992-2021 The FreeBSD Project.\nCopyright (c) 1979, 1980, 1983, 1986, 1988, 1989, 1991, 1992, 1993, 1994\n        The Regents of the University of California. All rights reserved.\nFreeBSD is a registered trademark of The FreeBSD Foundation.\nFreeBSD 13.1-STABLE #0 stable/13-d4d8ce30d: Tue Sep 13 12:20:19 EDT 2022\n    mdtancsa@topton2.sentex.ca:/usr/obj/usr/src/amd64.amd64/sys/GENERIC amd64\nFreeBSD clang version 14.0.5 (https://github.com/llvm/llvm-project.git llvmorg-14.0.5-0-gc12386ae247c)\nVT(vga): resolution 640x480\nCPU: Intel(R) Celeron(R) N5105 @ 2.00GHz (1996.80-MHz K8-class CPU)\n  Origin=\"GenuineIntel\"  Id=0x906c0  Family=0x6  Model=0x9c  Stepping=0\n  Features=0xbfebfbff\u003cFPU,VME,DE,PSE,TSC,MSR,PAE,MCE,CX8,APIC,SEP,MTRR,PGE,MCA,CMOV,PAT,PSE36,CLFLUSH,DTS,ACPI,MMX,FXSR,SSE,SSE2,SS,HTT,TM,PBE\u003e\n  Features2=0x4ff8ebbf\u003cSSE3,PCLMULQDQ,DTES64,MON,DS_CPL,VMX,EST,TM2,SSSE3,SDBG,CX16,xTPR,PDCM,SSE4.1,SSE4.2,x2APIC,MOVBE,POPCNT,TSCDLT,AESNI,XSAVE,OSXSAVE,RDRAND\u003e\n  AMD Features=0x28100800\u003cSYSCALL,NX,RDTSCP,LM\u003e\n  AMD Features2=0x101\u003cLAHF,Prefetch\u003e\n  Structured Extended Features=0x2394a2c3\u003cFSGSBASE,TSCADJ,FDPEXC,SMEP,ERMS,NFPUSG,PQE,RDSEED,SMAP,CLFLUSHOPT,CLWB,PROCTRACE,SHA\u003e\n  Structured Extended Features2=0x18400124\u003cUMIP,WAITPKG,GFNI,RDPID,MOVDIRI,MOVDIR64B\u003e\n  Structured Extended Features3=0xfc000400\u003cMD_CLEAR,IBPB,STIBP,L1DFL,ARCH_CAP,CORE_CAP,SSBD\u003e\n  XSAVE Features=0xf\u003cXSAVEOPT,XSAVEC,XINUSE,XSAVES\u003e\n  IA32_ARCH_CAPS=0x6b\u003cRDCL_NO,IBRS_ALL,SKIP_L1DFL_VME,MDS_NO\u003e\n  VT-x: PAT,HLT,MTF,PAUSE,EPT,UG,VPID,VID,PostIntr\n  TSC: P-state invariant, performance statistics\nreal memory  = 8589934592 (8192 MB)\navail memory = 8019083264 (7647 MB)\nEvent timer \"LAPIC\" quality 600\nACPI APIC Table: \u003cALASKA A M I \u003e\nWARNING: L1 data cache covers fewer APIC IDs than a core (0 \u003c 1)\nFreeBSD/SMP: Multiprocessor System Detected: 4 CPUs\nFreeBSD/SMP: 1 package(s) x 4 core(s)\nrandom: registering fast source Intel Secure Key RNG\nrandom: fast provider: \"Intel Secure Key RNG\"\nrandom: unblocking device.\nioapic0 \u003cVersion 2.0\u003e irqs 0-119\nLaunching APs: 2 3 1\nrandom: entropy device external interface\nkbd0 at kbdmux0\nefirtc0: \u003cEFI Realtime Clock\u003e\nefirtc0: registered as a time-of-day clock, resolution 1.000000s\nsmbios0: \u003cSystem Management BIOS\u003e at iomem 0x74c7b000-0x74c7b01e\nsmbios0: Version: 3.3, BCD Revision: 3.3\naesni0: \u003cAES-CBC,AES-CCM,AES-GCM,AES-ICM,AES-XTS,SHA1,SHA256\u003e\nacpi0: \u003cALASKA A M I \u003e\nacpi0: Power Button (fixed)\ncpu0: \u003cACPI CPU\u003e on acpi0\nhpet0: \u003cHigh Precision Event Timer\u003e iomem 0xfed00000-0xfed003ff on acpi0\nTimecounter \"HPET\" frequency 19200000 Hz quality 950\nEvent timer \"HPET\" frequency 19200000 Hz quality 550\nEvent timer \"HPET1\" frequency 19200000 Hz quality 440\nEvent timer \"HPET2\" frequency 19200000 Hz quality 440\nEvent timer \"HPET3\" frequency 19200000 Hz quality 440\nEvent timer \"HPET4\" frequency 19200000 Hz quality 440\nattimer0: \u003cAT timer\u003e port 0x40-0x43,0x50-0x53 irq 0 on acpi0\nTimecounter \"i8254\" frequency 1193182 Hz quality 0\nEvent timer \"i8254\" frequency 1193182 Hz quality 100\nTimecounter \"ACPI-fast\" frequency 3579545 Hz quality 900\nacpi_timer0: \u003c24-bit timer at 3.579545MHz\u003e port 0x1808-0x180b on acpi0\npcib0: \u003cACPI Host-PCI bridge\u003e port 0xcf8-0xcff on acpi0\npci0: \u003cACPI PCI bus\u003e on pcib0\nvgapci0: \u003cVGA-compatible display\u003e port 0x3000-0x303f mem 0x6000000000-0x6000ffffff,0x4000000000-0x400fffffff at device 2.0 on pci0\nvgapci0: Boot video device\nxhci0: \u003cXHCI (generic) USB 3.0 controller\u003e mem 0x6001100000-0x600110ffff at device 20.0 on pci0\nxhci0: 32 bytes context size, 64-bit DMA\nusbus0 on xhci0\nusbus0: 5.0Gbps Super Speed USB v3.0\npci0: \u003cmemory, RAM\u003e at device 20.2 (no driver attached)\nsdhci_pci0: \u003cGeneric SD HCI\u003e mem 0x600111a000-0x600111afff at device 20.5 on pci0\nsdhci_pci0: 1 slot(s) allocated\npci0: \u003cserial bus\u003e at device 21.0 (no driver attached)\npci0: \u003cserial bus\u003e at device 21.2 (no driver attached)\npci0: \u003csimple comms\u003e at device 22.0 (no driver attached)\nahci0: \u003cAHCI SATA controller\u003e port 0x3090-0x3097,0x3080-0x3083,0x3060-0x307f mem 0x80500000-0x80501fff,0x80503000-0x805030ff,0x80502000-0x805027ff at device 23.0 on pci0\nahci0: AHCI v1.31 with 1 6Gbps ports, Port Multiplier not supported\nahcich1: \u003cAHCI channel\u003e at channel 1 on ahci0\npcib1: \u003cACPI PCI-PCI bridge\u003e at device 28.0 on pci0\npci1: \u003cACPI PCI bus\u003e on pcib1\nnvme0: \u003cGeneric NVMe Device\u003e mem 0x80400000-0x80403fff at device 0.0 on pci1\npcib2: \u003cACPI PCI-PCI bridge\u003e at device 28.4 on pci0\npci2: \u003cACPI PCI bus\u003e on pcib2\nigc0: \u003cIntel(R) Ethernet Controller I226-V\u003e mem 0x80200000-0x802fffff,0x80300000-0x80303fff at device 0.0 on pci2\nigc0: Using 1024 TX descriptors and 1024 RX descriptors\nigc0: Using 4 RX queues 4 TX queues\nigc0: Using MSI-X interrupts with 5 vectors\nigc0: Ethernet address: 7c:2b:e1:13:1e:81\nigc0: netmap queues/slots: TX 4/1024, RX 4/1024\npcib3: \u003cACPI PCI-PCI bridge\u003e at device 28.5 on pci0\npci3: \u003cACPI PCI bus\u003e on pcib3\nigc1: \u003cIntel(R) Ethernet Controller I226-V\u003e mem 0x80000000-0x800fffff,0x80100000-0x80103fff at device 0.0 on pci3\nigc1: Using 1024 TX descriptors and 1024 RX descriptors\nigc1: Using 4 RX queues 4 TX queues\nigc1: Using MSI-X interrupts with 5 vectors\nigc1: Ethernet address: 7c:2b:e1:13:1e:82\nigc1: netmap queues/slots: TX 4/1024, RX 4/1024\npcib4: \u003cACPI PCI-PCI bridge\u003e at device 28.6 on pci0\npci4: \u003cACPI PCI bus\u003e on pcib4\nigc2: \u003cIntel(R) Ethernet Controller I226-V\u003e mem 0x7fe00000-0x7fefffff,0x7ff00000-0x7ff03fff at device 0.0 on pci4\nigc2: Using 1024 TX descriptors and 1024 RX descriptors\nigc2: Using 4 RX queues 4 TX queues\nigc2: Using MSI-X interrupts with 5 vectors\nigc2: Ethernet address: 7c:2b:e1:13:1e:83\nigc2: netmap queues/slots: TX 4/1024, RX 4/1024\npcib5: \u003cACPI PCI-PCI bridge\u003e at device 28.7 on pci0\npci5: \u003cACPI PCI bus\u003e on pcib5\nigc3: \u003cIntel(R) Ethernet Controller I226-V\u003e mem 0x7fc00000-0x7fcfffff,0x7fd00000-0x7fd03fff at device 0.0 on pci5\nigc3: Using 1024 TX descriptors and 1024 RX descriptors\nigc3: Using 4 RX queues 4 TX queues\nigc3: Using MSI-X interrupts with 5 vectors\nigc3: Ethernet address: 7c:2b:e1:13:1e:84\nigc3: netmap queues/slots: TX 4/1024, RX 4/1024\nisab0: \u003cPCI-ISA bridge\u003e at device 31.0 on pci0\nisa0: \u003cISA bus\u003e on isab0\nhdac0: \u003cIntel Jasper Lake HDA Controller\u003e mem 0x6001110000-0x6001113fff,0x6001000000-0x60010fffff at device 31.3 on pci0\npci0: \u003cserial bus\u003e at device 31.5 (no driver attached)\n\ndev.igc.0.%parent: pci2\ndev.igc.0.%pnpinfo: vendor=0x8086 device=0x125c subvendor=0x8086 subdevice=0x0000 class=0x020000\ndev.igc.0.%location: slot=0 function=0 dbsf=pci0:2:0:0 handle=\\_SB_.PC00.RP05.PXSX\ndev.igc.0.%driver: igc\ndev.igc.0.%desc: Intel(R) Ethernet Controller I226-V\ndev.igc.%parent:"
}