{
 "id": 598868,
 "bug_id": 154681,
 "attachment_id": 0,
 "creation_time": "2011-02-11T13:10:07Z",
 "creator": "rs@bytecamp.net",
 "text": "Since upgrading from 8.0 to 8-STABLE, we get a panic at least every week\nonce. The affected machine is a backup storage server, so we were able to set up a debugging kernel on that. \n\nIn my opinion, this panic is ZFS related, the machine is equipped with\n2x6 drives raidz.  I hope that the following information will be helpful\nto you.\n\nFirst, the trace after panic:\n\ndb\u003e trace\nTracing pid 45 tid 100154 td 0xffffff000741f8c0\nkdb_enter() at kdb_enter+0x3d\npanic() at panic+0x17b\ntrap_fatal() at trap_fatal\nXdblfault() at Xdblfault+0xad\n--- trap 0x17, rip = 0xffffffff8037a87e, rsp = 0xffffffff809b4b50, rbp = 0xffffff82476f6030 ---\nwitness_checkorder() at witness_checkorder+0x1a\n_mtx_lock_spin_flags() at _mtx_lock_spin_flags+0x80\nioapic_disable_source() at ioapic_disable_source+0x30\nintr_event_handle() at intr_event_handle+0xc4\nintr_execute_handlers() at intr_execute_handlers+0x4f\nlapic_handle_intr() at lapic_handle_intr+0x37\nXapic_isr1() at Xapic_isr1+0xa5\n--- interrupt, rip = 0xffffffff80329447, rsp = 0xffffff82476f6200, rbp=0xffffff82476f6240 ---\n_mtx_lock_flags() at _mtx_lock_flags+0x79\numa_zalloc_arg() at uma_zalloc_arg+0x2a7\nvm_map_entry_create() at vm_map_entry_create+0x20\n_vm_map_clip_start() at _vm_map_clip_start+0x52\nvm_map_delete() at vm_map_delete+0x3b6\nvm_map_remove() at vm_map_remove+0x52\numa_large_free() at uma_large_free+0x55\nfree() at free+0x7e\nvdev_cache_evict() at vdev_cache_evict+0x39\nvdev_cache_read() at vdev_cache_read+0x238\nzio_vdev_io_start() at zio_vdev_io_start+x01a8\nzio_execute() at zio_execute+0x70\nvdev_raidz_io_start() at vdev_raidz_io_start+0x404\nzio_execute() at zio_execute+0x70\nvdev_mirror_io_start() at vdev_mirror_io_start+x015c\nzio_execute() at zio_execute+0x70\narc_read_nolock() at arc_read_nolock+0x5a0\narc_read() at arc_read+0x71\ndbuf_prefetch() at dbuf_prefetch+0x135\ndmu_zfetch_dofetch() at dmu_zfetch_dofetch+0xe3\ndmu_zfetch() ad dmu_zfetch+0xb7a\ndbuf_read() at dbuf_read+0x5ce\ndnode_hold_impl() at dnode_hold_impl+0xdd\ndmu_buf_hold() at dmu_buf_hold+0x2b\nbplist_enqueue() at bplist_enqueue+0x6b\ndsl_dataset_block_kill() at dsl_dataset_block_kill+0x209\ndbuf_write() at dbuf_write+0x1eb\ndbuf_sync_list() at dbuf_sync_list+0x1f2\ndbuf_sync_list() at dbuf_sync_list+0x100\ndbuf_sync_list() at dbuf_sync_list+0x100\ndbuf_sync_list() at dbuf_sync_list+0x100\ndbuf_sync_list() at dbuf_sync_list+0x100\ndbuf_sync_list() at dbuf_sync_list+0x100\ndbuf_sync_list() at dbuf_sync_list+0x100\ndnode_sync() at dnode_sync+0x46f\ndmu_objset_sync() at dmu_objset_sync+0xb1\ndsl_pool_sync() at dsl_pool_sync+0xb1\nspa_sync() at spa_sync+0x3c8\ntxg_sync_thread() at txg_sync_thread+0x2c6\nfork_exit() at fork_exit+0x12a\nfork_trampoline() at fork_trampoline+0xe\n--- trap 0, rip = 0, rsp = 0xffffff82476f8cf0, rbp = 0 ---\n\n\n/etc/sysctl.conf:\n\nsecurity.bsd.see_other_uids=0\nsecurity.bsd.see_other_gids=0\nkern.maxvnodes=200000\n\n\n/boot/loader.conf\n\ngeom_mirror_load=\"YES\"\nvfs.zfs.arc_max=\"5G\"\n\n\nkernel configuration:\n\ncpu\t\tHAMMER\nident\t\tGENERIC\nmakeoptions\tDEBUG=-g\t\t# Build kernel with gdb(1) debug symbols\noptions \tSCHED_ULE\t\t# ULE scheduler\noptions \tPREEMPTION\t\t# Enable kernel thread preemption\noptions \tINET\t\t\t# InterNETworking\noptions \tINET6\t\t\t# IPv6 communications protocols\noptions \tSCTP\t\t\t# Stream Control Transmission Protocol\noptions \tFFS\t\t\t# Berkeley Fast Filesystem\noptions \tSOFTUPDATES\t\t# Enable FFS soft updates support\noptions \tUFS_ACL\t\t\t# Support for access control lists\noptions \tUFS_DIRHASH\t\t# Improve performance on big directories\noptions \tUFS_GJOURNAL\t\t# Enable gjournal-based UFS journaling\noptions \tMD_ROOT\t\t\t# MD is a potential root device\noptions \tCD9660\t\t\t# ISO 9660 Filesystem\noptions \tPROCFS\t\t\t# Process filesystem (requires PSEUDOFS)\noptions \tPSEUDOFS\t\t# Pseudo-filesystem framework\noptions \tGEOM_PART_GPT\t\t# GUID Partition Tables.\noptions \tGEOM_LABEL\t\t# Provides labelization\noptions \tCOMPAT_43TTY\t\t# BSD 4.3 TTY compat (sgtty)\noptions \tCOMPAT_FREEBSD32\t# Compatible with i386 binaries\noptions \tCOMPAT_FREEBSD4\t\t# Compatible with FreeBSD4\noptions \tCOMPAT_FREEBSD5\t\t# Compatible with FreeBSD5\noptions \tCOMPAT_FREEBSD6\t\t# Compatible with FreeBSD6\noptions \tCOMPAT_FREEBSD7\t\t# Compatible with FreeBSD7\noptions \tSCSI_DELAY=5000\t\t# Delay (in ms) before probing SCSI\noptions \tKTRACE\t\t\t# ktrace(1) support\noptions \tSTACK\t\t\t# stack(9) support\noptions \tSYSVSHM\t\t\t# SYSV-style shared memory\noptions \tSYSVMSG\t\t\t# SYSV-style message queues\noptions \tSYSVSEM\t\t\t# SYSV-style semaphores\noptions \tP1003_1B_SEMAPHORES\t# POSIX-style semaphores\noptions \t_KPOSIX_PRIORITY_SCHEDULING # POSIX P1003_1B real-time extensions\noptions \tPRINTF_BUFR_SIZE=128\t# Prevent printf output being interspersed.\noptions \tKBD_INSTALL_CDEV\t# install a CDEV entry in /dev\noptions \tHWPMC_HOOKS\t\t# Necessary kernel hooks for hwpmc(4)\noptions \tAUDIT\t\t\t# Security event auditing\noptions \tMAC\t\t\t# TrustedBSD MAC Framework\noptions \tFLOWTABLE\t\t# per-cpu routing cache\noptions \tINCLUDE_CONFIG_FILE     # Include this file in kernel\noptions \tKDB\t\t\t# Kernel debugger related code\noptions \tKDB_TRACE\t\t# Print a stack trace for a panic\n# Make an SMP-capable kernel by default\noptions \tSMP\t\t\t# Symmetric MultiProcessor Kernel\n# Debugging\nmakeoptions        DEBUG=-g\noptions KDB\noptions DDB   \noptions INVARIANTS\noptions INVARIANT_SUPPORT\noptions WITNESS\noptions DEBUG_LOCKS\noptions DEBUG_VFS_LOCKS\noptions DIAGNOSTIC\n# CPU frequency control\ndevice\t\tcpufreq\ndevice          coretemp\ndevice          ahci\ndevice          pf\n# Bus support.\ndevice\t\tacpi\ndevice\t\tpci\n# ATA and ATAPI devices\ndevice\t\tata\ndevice\t\tatadisk\t\t# ATA disk drives\ndevice\t\tataraid\t\t# ATA RAID drives\ndevice\t\tatapicd\t\t# ATAPI CDROM drives\ndevice\t\tatapifd\t\t# ATAPI floppy drives\ndevice\t\tatapist\t\t# ATAPI tape drives\noptions \tATA_STATIC_ID\t# Static device numbering\n# SCSI peripherals\ndevice\t\tscbus\t\t# SCSI bus (required for SCSI)\ndevice\t\tch\t\t# SCSI media changers\ndevice\t\tda\t\t# Direct Access (disks)\ndevice\t\tsa\t\t# Sequential Access (tape etc)\ndevice\t\tcd\t\t# CD\ndevice\t\tpass\t\t# Passthrough device (direct SCSI access)\ndevice\t\tses\t\t# SCSI Environmental Services (and SAF-TE)\n# RAID controllers interfaced to the SCSI subsystem\ndevice\t\ttwa\t\t# 3ware 9000 series PATA/SATA RAID\n# atkbdc0 controls both the keyboard and the PS/2 mouse\ndevice\t\tatkbdc\t\t# AT keyboard controller\ndevice\t\tatkbd\t\t# AT keyboard\ndevice\t\tpsm\t\t# PS/2 mouse\ndevice\t\tkbdmux\t\t# keyboard multiplexer\ndevice\t\tvga\t\t# VGA video card driver\ndevice\t\tsplash\t\t# Splash screen and screen saver support\n# syscons is the default console driver, resembling an SCO console\ndevice\t\tsc\ndevice\t\tagp\t\t# support several AGP chipsets\n# Serial (COM) ports\ndevice\t\tuart\t\t# Generic UART driver\n# Parallel port\ndevice\t\tppc\ndevice\t\tppbus\t\t# Parallel port bus (required)\ndevice\t\tlpt\t\t# Printer\ndevice\t\tplip\t\t# TCP/IP over parallel\ndevice\t\tppi\t\t# Parallel port interface device\n#device\t\tvpo\t\t# Requires scbus and da\n# If you've got a \"dumb\" serial or parallel PCI card that is\n# supported by the puc(4) glue driver, uncomment the following\n# line to enable it (connects to sio, uart and/or ppc drivers):\n#device\t\tpuc\n# PCI Ethernet NICs.\ndevice\t\tem\t\t# Intel PRO/1000 Gigabit Ethernet Family\n# Pseudo devices.\ndevice\t\tloop\t\t# Network loopback\ndevice\t\trandom\t\t# Entropy device\ndevice\t\tether\t\t# Ethernet support\ndevice\t\tvlan\t\t# 802.1Q VLAN support\ndevice\t\ttun\t\t# Packet tunnel.\ndevice\t\tpty\t\t# BSD-style compatibility pseudo ttys\ndevice\t\tmd\t\t# Memory \"disks\"\ndevice\t\tgif\t\t# IPv6 and IPv4 tunneling\ndevice\t\tfaith\t\t# IPv6-to-IPv4 relaying (translation)\ndevice\t\tfirmware\t# firmware assist module\n# The `bpf' device enables the Berkeley Packet Filter.\n# Be aware of the administrative consequences of enabling this!\n# Note that 'bpf' is required for DHCP.\ndevice\t\tbpf\t\t# Berkeley packet filter\n# USB support\noptions \tUSB_DEBUG\t# enable debug msgs\ndevice\t\tuhci\t\t# UHCI PCI-\u003eUSB interface\ndevice\t\tohci\t\t# OHCI PCI-\u003eUSB interface\ndevice\t\tehci\t\t# EHCI PCI-\u003eUSB interface (USB 2.0)\ndevice\t\tusb\t\t# USB Bus (required)\n#device\t\tudbp\t\t# USB Double Bulk Pipe devices\ndevice\t\tuhid\t\t# \"Human Interface Devices\"\ndevice\t\tukbd\t\t# Keyboard\ndevice\t\tumass\t\t# Disks/Mass storage - Requires scbus and da\n\n\ndmesg after boot:\n\nCopyright (c) 1992-2011 The FreeBSD Project.\nCopyright (c) 1979, 1980, 1983, 1986, 1988, 1989, 1991, 1992, 1993, 1994\n\tThe Regents of the University of California. All rights reserved.\nFreeBSD is a registered trademark of The FreeBSD Foundation.\nFreeBSD 8.2-RC3 #3: Mon Jan 31 12:57:26 CET 2011\n    root@xxxxx:/usr/obj/usr/src/sys/BAK amd64\nWARNING: WITNESS option enabled, expect reduced performance.\nWARNING: DIAGNOSTIC option enabled, expect reduced performance.\nTimecounter \"i8254\" frequency 1193182 Hz quality 0\nCPU: Intel(R) Core(TM)2 Quad CPU    Q6600  @ 2.40GHz (2394.01-MHz K8-class CPU)\n  Origin = \"GenuineIntel\"  Id = 0x6fb  Family = 6  Model = f  Stepping = 11\n  Features=0xbfebfbff\u003cFPU,VME,DE,PSE,TSC,MSR,PAE,MCE,CX8,APIC,SEP,MTRR,PGE,MCA,CMOV,PAT,PSE36,CLFLUSH,DTS,ACPI,MMX,FXSR,SSE,SSE2,SS,HTT,TM,PBE\u003e\n  Features2=0xe3bd\u003cSSE3,DTES64,MON,DS_CPL,VMX,EST,TM2,SSSE3,CX16,xTPR,PDCM\u003e\n  AMD Features=0x20100800\u003cSYSCALL,NX,LM\u003e\n  AMD Features2=0x1\u003cLAHF\u003e\n  TSC: P-state invariant\nreal memory  = 8589934592 (8192 MB)\navail memory = 8239063040 (7857 MB)\nACPI APIC Table: \u003cPTLTD  \t APIC  \u003e\nFreeBSD/SMP: Multiprocessor System Detected: 4 CPUs\nFreeBSD/SMP: 1 package(s) x 4 core(s)\n cpu0 (BSP): APIC ID:  0\n cpu1 (AP): APIC ID:  1\n cpu2 (AP): APIC ID:  2\n cpu3 (AP): APIC ID:  3\nioapic0 \u003cVersion 2.0\u003e irqs 0-23 on motherboard\nioapic1 \u003cVersion 2.0\u003e irqs 24-47 on motherboard\nioapic2 \u003cVersion 2.0\u003e irqs 48-71 on motherboard\nkbd1 at kbdmux0\nacpi0: \u003cPTLTD \t XSDT\u003e on motherboard\nacpi0: [ITHREAD]\nacpi0: Power Button (fixed)\nTimecounter \"ACPI-fast\" frequency 3579545 Hz quality 1000\nacpi_timer0: \u003c24-bit timer at 3.579545MHz\u003e port 0x1008-0x100b on acpi0\ncpu0: \u003cACPI CPU\u003e on acpi0\ncpu1: \u003cACPI CPU\u003e on acpi0\ncpu2: \u003cACPI CPU\u003e on acpi0\ncpu3: \u003cACPI CPU\u003e on acpi0\npcib0: \u003cACPI Host-PCI bridge\u003e port 0xcf8-0xcff on acpi0\npci0: \u003cACPI PCI bus\u003e on pcib0\npcib1: \u003cACPI PCI-PCI bridge\u003e irq 16 at device 1.0 on pci0\npci1: \u003cACPI PCI bus\u003e on pcib1\npcib2: \u003cACPI PCI-PCI bridge\u003e at device 0.0 on pci1\npci2: \u003cACPI PCI bus\u003e on pcib2\n3ware device driver for 9000 series storage controllers, version: 3.80.06.003\ntwa0: \u003c3ware 9000 series Storage Controller\u003e port 0x2000-0x203f mem 0xd2000000-0xd3ffffff,0xd0200000-0xd0200fff irq 24 at device 1.0 on pci2\ntwa0: [ITHREAD]\ntwa0: INFO: (0x04: 0x0053): Battery capacity test is overdue: \ntwa0: INFO: (0x04: 0x0053): Battery capacity test is overdue: \ntwa0: INFO: (0x15: 0x1300): Controller details:: Model 9550SXU-8LP, 8 ports, Firmware FE9X 3.08.00.029, BIOS BE9X 3.10.00.003\npcib3: \u003cACPI PCI-PCI bridge\u003e at device 0.2 on pci1\npci3: \u003cACPI PCI bus\u003e on pcib3\ntwa1: \u003c3ware 9000 series Storage Controller\u003e port 0x3000-0x303f mem 0xd4000000-0xd5ffffff,0xd0300000-0xd0300fff irq 52 at device 2.0 on pci3\ntwa1: [ITHREAD]\ntwa1: INFO: (0x04: 0x0053): Battery capacity test is overdue: \ntwa1: INFO: (0x04: 0x0053): Battery capacity test is overdue: \ntwa1: INFO: (0x15: 0x1300): Controller details:: Model 9550SXU-8LP, 8 ports, Firmware FE9X 3.08.00.029, BIOS BE9X 3.10.00.003\nuhci0: \u003cIntel 82801I (ICH9) USB controller\u003e port 0x1820-0x183f irq 16 at device 26.0 on pci0\nuhci0: [ITHREAD]\nusbus0: \u003cIntel 82801I (ICH9) USB controller\u003e on uhci0\nuhci1: \u003cIntel 82801I (ICH9) USB controller\u003e port 0x1840-0x185f irq 17 at device 26.1 on pci0\nuhci1: [ITHREAD]\nusbus1: \u003cIntel 82801I (ICH9) USB controller\u003e on uhci1\nuhci2: \u003cIntel 82801I (ICH9) USB controller\u003e port 0x1860-0x187f irq 18 at device 26.2 on pci0\nuhci2: [ITHREAD]\nusbus2: \u003cIntel 82801I (ICH9) USB controller\u003e on uhci2\nehci0: \u003cIntel 82801I (ICH9) USB 2.0 controller\u003e mem 0xd0000000-0xd00003ff irq 18 at device 26.7 on pci0\nehci0: [ITHREAD]\nusbus3: EHCI version 1.0\nusbus3: \u003cIntel 82801I (ICH9) USB 2.0 controller\u003e on ehci0\npcib4: \u003cACPI PCI-PCI bridge\u003e irq 16 at device 28.0 on pci0\npci5: \u003cACPI PCI bus\u003e on pcib4\nem0: \u003cIntel(R) PRO/1000 Network Connection 7.1.9\u003e port 0x4000-0x401f mem 0xd0420000-0xd043ffff,0xd0400000-0xd041ffff irq 16 at device 0.0 on pci5\nem0: Using an MSI interrupt\nem0: [FILTER]\nem0: Ethernet address: 00:1b:21:15:3a:7d\npcib5: \u003cACPI PCI-PCI bridge\u003e irq 16 at device 28.4 on pci0\npci13: \u003cACPI PCI bus\u003e on pcib5\nem1: \u003cIntel(R) PRO/1000 Network Connection 7.1.9\u003e port 0x5000-0x501f mem 0xd0500000-0xd051ffff irq 16 at device 0.0 on pci13\nem1: Using an MSI interrupt\nem1: [FILTER]\nem1: Ethernet address: 00:30:48:b8:84:9a\npcib6: \u003cACPI PCI-PCI bridge\u003e irq 17 at device 28.5 on pci0\npci15: \u003cACPI PCI bus\u003e on pcib6\nem2: \u003cIntel(R) PRO/1000 Network Connection 7.1.9\u003e port 0x6000-0x601f mem 0xd0600000-0xd061ffff irq 17 at device 0.0 on pci15\nem2: Using an MSI interrupt\nem2: [FILTER]\nem2: Ethernet address: 00:30:48:b8:84:9b\nuhci3: \u003cIntel 82801I (ICH9) USB controller\u003e port 0x1880-0x189f irq 23 at device 29.0 on pci0\nuhci3: [ITHREAD]\nusbus4: \u003cIntel 82801I (ICH9) USB controller\u003e on uhci3\nuhci4: \u003cIntel 82801I (ICH9) USB controller\u003e port 0x18a0-0x18bf irq 22 at device 29.1 on pci0\nuhci4: [ITHREAD]\nusbus5: \u003cIntel 82801I (ICH9) USB controller\u003e on uhci4\nuhci5: \u003cIntel 82801I (ICH9) USB controller\u003e port 0x18c0-0x18df irq 18 at device 29.2 on pci0\nuhci5: [ITHREAD]\nusbus6: \u003cIntel 82801I (ICH9) USB controller\u003e on uhci5\nehci1: \u003cIntel 82801I (ICH9) USB 2.0 controller\u003e mem 0xd0000400-0xd00007ff irq 23 at device 29.7 on pci0\nehci1: [ITHREAD]\nusbus7: EHCI version 1.0\nusbus7: \u003cIntel 82801I (ICH9) USB 2.0 controller\u003e on ehci1\npcib7: \u003cACPI PCI-PCI bridge\u003e at device 30.0 on pci0\npci17: \u003cACPI PCI bus\u003e on pcib7\nvgapci0: \u003cVGA-compatible display\u003e port 0x7000-0x70ff mem 0xd8000000-0xdfffffff,0xd0700000-0xd070ffff irq 22 at device 4.0 on pci17\nisab0: \u003cPCI-ISA bridge\u003e at device 31.0 on pci0\nisa0: \u003cISA bus\u003e on isab0\nahci0: \u003cIntel ICH9 AHCI SATA controller\u003e port 0x1c30-0x1c37,0x1c24-0x1c27,0x1c28-0x1c2f,0x1c20-0x1c23,0x18e0-0x18ff mem 0xd0000800-0xd0000fff irq 17 at device 31.2 on pci0\nahci0: [ITHREAD]\nahci0: AHCI v1.20 with 4 3Gbps ports, Port Multiplier supported\nahcich0: \u003cAHCI channel\u003e at channel 0 on ahci0\nahcich0: [ITHREAD]\nahcich1: \u003cAHCI channel\u003e at channel 1 on ahci0\nahcich1: [ITHREAD]\nahcich2: \u003cAHCI channel\u003e at channel 2 on ahci0\nahcich2: [ITHREAD]\nahcich3: \u003cAHCI channel\u003e at channel 3 on ahci0\nahcich3: [ITHREAD]\npci0: \u003cserial bus, SMBus\u003e at device 31.3 (no driver attached)\npci0: \u003cdasp\u003e at device 31.6 (no driver attached)\nacpi_button0: \u003cPower Button\u003e on acpi0\natrtc0: \u003cAT realtime clock\u003e port 0x70-0x71 irq 8 on acpi0\natkbdc0: \u003cKeyboard controller (i8042)\u003e port 0x60,0x64 irq 1 on acpi0\natkbd0: \u003cAT Keyboard\u003e irq 1 on atkbdc0\nkbd0 at atkbd0\natkbd0: [GIANT-LOCKED]\natkbd0: [ITHREAD]\nuart0: \u003c16550 or compatible\u003e port 0x3f8-0x3ff irq 4 flags 0x10 on acpi0\nuart0: [FILTER]\nuart1: \u003c16550 or compatible\u003e port 0x2f8-0x2ff irq 3 on acpi0\nuart1: [FILTER]\norm0: \u003cISA Option ROMs\u003e at iomem 0xc0000-0xc8fff,0xc9000-0xcafff,0xcb000-0xcb7ff on isa0\nsc0: \u003cSystem console\u003e at flags 0x100 on isa0\nsc0: VGA \u003c16 virtual consoles, flags=0x300\u003e\nvga0: \u003cGeneric ISA VGA\u003e at port 0x3c0-0x3df iomem 0xa0000-0xbffff on isa0\nppc0: cannot reserve I/O port range\ncoretemp0: \u003cCPU On-Die Thermal Sensors\u003e on cpu0\nest0: \u003cEnhanced SpeedStep Frequency Control\u003e on cpu0\np4tcc0: \u003cCPU Frequency Thermal Control\u003e on cpu0\ncoretemp1: \u003cCPU On-Die Thermal Sensors\u003e on cpu1\nest1: \u003cEnhanced SpeedStep Frequency Control\u003e on cpu1\np4tcc1: \u003cCPU Frequency Thermal Control\u003e on cpu1\ncoretemp2: \u003cCPU On-Die Thermal Sensors\u003e on cpu2\nest2: \u003cEnhanced SpeedStep Frequency Control\u003e on cpu2\np4tcc2: \u003cCPU Frequency Thermal Control\u003e on cpu2\ncoretemp3: \u003cCPU On-Die Thermal Sensors\u003e on cpu3\nest3: \u003cEnhanced SpeedStep Frequency Control\u003e on cpu3\np4tcc3: \u003cCPU Frequency Thermal Control\u003e on cpu3\nTimecounters tick every 1.000 msec\nusbus0: 12Mbps Full Speed USB v1.0\nusbus1: 12Mbps Full Speed USB v1.0\nusbus2: 12Mbps Full Speed USB v1.0\nusbus3: 480Mbps High Speed USB v2.0\nusbus4: 12Mbps Full Speed USB v1.0\nusbus5: 12Mbps Full Speed USB v1.0\nusbus6: 12Mbps Full Speed USB v1.0\nusbus7: 480Mbps High Speed USB v2.0\nugen0.1: \u003cIntel\u003e at usbus0\nuhub0: \u003cIntel UHCI root HUB, class 9/0, rev 1.00/1.00, addr 1\u003e on usbus0\nugen1.1: \u003cIntel\u003e at usbus1\nuhub1: \u003cIntel UHCI root HUB, class 9/0, rev 1.00/1.00, addr 1\u003e on usbus1\nugen2.1: \u003cIntel\u003e at usbus2\nuhub2: \u003cIntel UHCI root HUB, class 9/0, rev 1.00/1.00, addr 1\u003e on usbus2\nugen3.1: \u003cIntel\u003e at usbus3\nuhub3: \u003cIntel EHCI root HUB, class 9/0, rev 2.00/1.00, addr 1\u003e on usbus3\nugen4.1: \u003cIntel\u003e at usbus4\nuhub4: \u003cIntel UHCI root HUB, class 9/0, rev 1.00/1.00, addr 1\u003e on usbus4\nugen5.1: \u003cIntel\u003e at usbus5\nuhub5: \u003cIntel UHCI root HUB, class 9/0, rev 1.00/1.00, addr 1\u003e on usbus5\nugen6.1: \u003cIntel\u003e at usbus6\nuhub6: \u003cIntel UHCI root HUB, class 9/0, rev 1.00/1.00, addr 1\u003e on usbus6\nugen7.1: \u003cIntel\u003e at usbus7\nuhub7: \u003cIntel EHCI root HUB, class 9/0, rev 2.00/1.00, addr 1\u003e on usbus7\nuhub0: 2 ports with 2 removable, self powered\nuhub1: 2 ports with 2 removable, self powered\nuhub2: 2 ports with 2 removable, self powered\nuhub4: 2 ports with 2 removable, self powered\nuhub5: 2 ports with 2 removable, self powered\nuhub6: 2 ports with 2 removable, self powered\nuhub3: 6 ports with 6 removable, self powered\nuhub7: 6 ports with 6 removable, self powered\nada0 at ahcich0 bus 0 scbus2 target 0 lun 0\nada0: \u003cHitachi HTE545025B9A300 PB2OC64G\u003e ATA-8 SATA 2.x device\nada0: 300.000MB/s transfers (SATA 2.x, UDMA6, PIO 8192bytes)\nada0: Command Queueing enabled\nada0: 238475MB (488397168 512 byte sectors: 16H 63S/T 16383C)\nada1 at ahcich1 bus 0 scbus3 target 0 lun 0\nada1: \u003cHitachi HTE545025B9A300 PB2OC64G\u003e ATA-8 SATA 2.x device\nada1: 300.000MB/s transfers (SATA 2.x, UDMA6, PIO 8192bytes)\nada1: Command Queueing enabled\nada1: 238475MB (488397168 512 byte sectors: 16H 63S/T 16383C)\nda0 at twa0 bus 0 scbus0 target 0 lun 0\nda0: \u003cAMCC 9550SXU-8L DISK 3.08\u003e Fixed Direct Access SCSI-5 device \nda0: 100.000MB/s transfers\nda0: 953664MB (1953103872 512 byte sectors: 255H 63S/T 121575C)\nda1 at twa0 bus 0 scbus0 target 1 lun 0\nda1: \u003cAMCC 9550SXU-8L DISK 3.08\u003e Fixed Direct Access SCSI-5 device \nda1: 100.000MB/s transfers\nda1: 953664MB (1953103872 512 byte sectors: 255H 63S/T 121575C)\nda2 at twa0 bus 0 scbus0 target 2 lun 0\nda2: \u003cAMCC 9550SXU-8L DISK 3.08\u003e Fixed Direct Access SCSI-5 device \nda2: 100.000MB/s transfers\nda2: 953664MB (1953103872 512 byte sectors: 255H 63S/T 121575C)\nda3 at twa0 bus 0 scbus0 target 3 lun 0\nda3: \u003cAMCC 9550SXU-8L DISK 3.08\u003e Fixed Direct Access SCSI-5 device \nda3: 100.000MB/s transfers\nda3: 953664MB (1953103872 512 byte sectors: 255H 63S/T 121575C)\nda4 at twa0 bus 0 scbus0 target 4 lun 0\nda4: \u003cAMCC 9550SXU-8L DISK 3.08\u003e Fixed Direct Access SCSI-5 device \nda4: 100.000MB/s transfers\nda4: 953664MB (1953103872 512 byte sectors: 255H 63S/T 121575C)\nda5 at twa0 bus 0 scbus0 target 5 lun 0\nda5: \u003cAMCC 9550SXU-8L DISK 3.08\u003e Fixed Direct Access SCSI-5 device \nda5: 100.000MB/s transfers\nda5: 953664MB (1953103872 512 byte sectors: 255H 63S/T 121575C)\nda6 at twa1 bus 0 scbus1 target 0 lun 0\nda6: \u003cAMCC 9550SXU-8L DISK 3.08\u003e Fixed Direct Access SCSI-5 device \nda6: 100.000MB/s transfers\nda6: 1907338MB (3906228224 512 byte sectors: 255H 63S/T 243151C)\nda7 at twa1 bus 0 scbus1 target 1 lun 0\nda7: \u003cAMCC 9550SXU-8L DISK 3.08\u003e Fixed Direct Access SCSI-5 device \nda7: 100.000MB/s transfers\nda7: 1907338MB (3906228224 512 byte sectors: 255H 63S/T 243151C)\nda8 at twa1 bus 0 scbus1 target 2 lun 0\nda8: \u003cAMCC 9550SXU-8L DISK 3.08\u003e Fixed Direct Access SCSI-5 device \nda8: 100.000MB/s transfers\nda8: 1907338MB (3906228224 512 byte sectors: 255H 63S/T 243151C)\nda9 at twa1 bus 0 scbus1 target 3 lun 0\nda9: \u003cAMCC 9550SXU-8L DISK 3.08\u003e Fixed Direct Access SCSI-5 device \nda9: 100.000MB/s transfers\nda9: 1907338MB (3906228224 512 byte sectors: 255H 63S/T 243151C)\nda10 at twa1 bus 0 scbus1 target 4 lun 0\nda10: \u003cAMCC 9550SXU-8L DISK 3.08\u003e Fixed Direct Access SCSI-5 device \nda10: 100.000MB/s transfers\nda10: 1907338MB (3906228224 512 byte sectors: 255H 63S/T 243151C)\nda11 at twa1 bus 0 scbus1 target 5 lun 0\nda11: \u003cAMCC 9550SXU-8L DISK 3.08\u003e Fixed Direct Access SCSI-5 device \nda11: 100.000MB/s transfers\nda11: 1907338MB (3906228224 512 byte sectors: 255H 63S/T 243151C)\nSMP: AP CPU #2 Launched!\nSMP: AP CPU #1 Launched!\nSMP: AP CPU #3 Launched!\nWARNING: WITNESS option enabled, expect reduced performance.\nWARNING: DIAGNOSTIC option enabled, expect reduced performance.\nGEOM_MIRROR: Device mirror/gm0 launched (2/2).\nGEOM: mirror/gm0s1: geometry does not match label (16h,63s != 255h,63s).\nTrying to mount root from ufs:/dev/mirror/gm0s1a\nWARNING: / was not properly dismounted\nZFS filesystem version 4\nZFS storage pool version 15\nem0: link state changed to UP\nem2: link state changed to UP\nem1: link state changed to UP\n\n\nzpool:\n\n\tNAME        STATE     READ WRITE CKSUM\n\tbackup1     ONLINE       0     0     0\n\t  raidz1    ONLINE       0     0     0\n\t    da0     ONLINE       0     0     0\n\t    da1     ONLINE       0     0     0\n\t    da2     ONLINE       0     0     0\n\t    da3     ONLINE       0     0     0\n\t    da4     ONLINE       0     0     0\n\t    da5     ONLINE       0     0     0\n\t  raidz1    ONLINE       0     0     0\n\t    da6     ONLINE       0     0     0\n\t    da7     ONLINE       0     0     0\n\t    da8     ONLINE       0     0     0\n\t    da9     ONLINE       0     0     0\n\t    da10    ONLINE       0     0     0\n\t    da11    ONLINE       0     0     0"
}