{
 "id": 1317399,
 "bug_id": 280386,
 "attachment_id": 0,
 "creation_time": "2024-07-21T04:53:33Z",
 "creator": "pascal.guitierrez@gmail.com",
 "text": "I'm able to easily make if_bridge spew thousands of output errors with a really simple config and using iperf3.\nthis results into random \"no buffer space\" errors on the host and disruptions to services.\nonly reproduceable when using a bridge - if no bridge involved there are no errors or disruptions.\n\nOS is 14.1-RELEASE-p2 on amd64.\n\n/etc/rc.conf:\ncloned_interfaces=\"bridge0\"\nifconfig_bridge0=\"addm igb0 192.168.0.150/24 up\"\nifconfig_igb0=\"-txcsum -txcsum6 -tso up\"\n\n(the reason for turning off certain flags is to prevent link-flap when the VM is disconnected from the bridge)\n\nnetstat -i:\n(note the Oerrs field below)\n\nName      Mtu Network         Address               Ipkts Ierrs Idrop     Opkts Oerrs  Coll\nigb0     1500 \u003cLink#1\u003e        5c:ed:8c:e9:c2:48  50259033     0     0  53166489     0     0\nigb1*    1500 \u003cLink#2\u003e        5c:ed:8c:e9:c2:49         0     0     0         0     0     0\nigb2*    1500 \u003cLink#3\u003e        5c:ed:8c:e9:c2:4a         0     0     0         0     0     0\nigb3*    1500 \u003cLink#4\u003e        5c:ed:8c:e9:c2:4b         0     0     0         0     0     0\nlo0     16384 \u003cLink#5\u003e        lo0                   24959     0     0     24959     0     0\nlo0         - localhost       localhost                 0     -     -         0     -     -\nlo0         - fe80::%lo0/64   fe80::1%lo0               0     -     -         0     -     -\nlo0         - your-net        localhost             24959     -     -     24959     -     -\nbridge0  1500 \u003cLink#6\u003e        58:9c:fc:00:07:00 103262907     0     0 103141654 130543     0\nbridge0     - 192.168.0.0/24  192.168.0.150        235137     -     -    225757     -     -\nue0      1500 \u003cLink#7\u003e        72:84:d1:bf:ad:2f      3587     0     0      3588     0     0\nue0         - 16.1.15.0/30    16.1.15.2              3308     -     -      3308     -     -\ntap0     1500 \u003cLink#8\u003e        58:9c:fc:10:f3:0f  53003359     0     0  48249364     0     0\n\n\ncan reproduce across multiple systems of varying compute and network power (have tested on ix* NICs with similar results)\n\niperf3 cmd line used:\niperf3 -P4 -c 192.168.0.5 -t 60\n\nremote iperf3 system is a windows server, network is gigabit.\n\nerrors occur only when testing in one direction (FreeBSD bridge client -\u003e remote system server).\n\nif i don't use if_bridge, ie:\nifconfig_igb0=\"-txcsum -txcsum6 -tso 192.168.0.150/24 up\"\n\nthen no errors or dropped packets are seen at all.\n\n\nis my config correct? are there known issues with if_bridge in freebsd?\n\n\ndmesg below:\n\n---\u003c\u003cBOOT\u003e\u003e---\nCopyright (c) 1992-2023 The FreeBSD Project.\nCopyright (c) 1979, 1980, 1983, 1986, 1988, 1989, 1991, 1992, 1993, 1994\n\tThe Regents of the University of California. All rights reserved.\nFreeBSD is a registered trademark of The FreeBSD Foundation.\nFreeBSD 14.1-RELEASE releng/14.1-n267679-10e31f0946d8 GENERIC amd64\nFreeBSD clang version 18.1.5 (https://github.com/llvm/llvm-project.git llvmorg-18.1.5-0-g617a15a9eac9)\nVT(efifb): resolution 1024x768\nCPU: Intel(R) Xeon(R) E-2314 CPU @ 2.80GHz (2808.00-MHz K8-class CPU)\n  Origin=\"GenuineIntel\"  Id=0xa0671  Family=0x6  Model=0xa7  Stepping=1\n  Features=0xbfebfbff\u003cFPU,VME,DE,PSE,TSC,MSR,PAE,MCE,CX8,APIC,SEP,MTRR,PGE,MCA,CMOV,PAT,PSE36,CLFLUSH,DTS,ACPI,MMX,FXSR,SSE,SSE2,SS,HTT,TM,PBE\u003e\n  Features2=0x7ffafbff\u003cSSE3,PCLMULQDQ,DTES64,MON,DS_CPL,VMX,SMX,EST,TM2,SSSE3,SDBG,FMA,CX16,xTPR,PDCM,PCID,SSE4.1,SSE4.2,x2APIC,MOVBE,POPCNT,TSCDLT,AESNI,XSAVE,OSXSAVE,AVX,F16C,RDRAND\u003e\n  AMD Features=0x2c100800\u003cSYSCALL,NX,Page1GB,RDTSCP,LM\u003e\n  AMD Features2=0x121\u003cLAHF,ABM,Prefetch\u003e\n  Structured Extended Features=0xf2bf67ef\u003cFSGSBASE,TSCADJ,SGX,BMI1,AVX2,FDPEXC,SMEP,BMI2,ERMS,INVPCID,NFPUSG,MPX,AVX512F,AVX512DQ,RDSEED,ADX,SMAP,AVX512IFMA,CLFLUSHOPT,PROCTRACE,AVX512CD,SHA,AVX512BW,AVX512VL\u003e\n  Structured Extended Features2=0x40405f5e\u003cAVX512VBMI,UMIP,PKU,OSPKE,AVX512VBMI2,GFNI,VAES,VPCLMULQDQ,AVX512VNNI,AVX512BITALG,AVX512VPOPCNTDQ,RDPID,SGXLC\u003e\n  Structured Extended Features3=0xbc000410\u003cFSRM,MD_CLEAR,IBPB,STIBP,L1DFL,ARCH_CAP,SSBD\u003e\n  XSAVE Features=0xf\u003cXSAVEOPT,XSAVEC,XINUSE,XSAVES\u003e\n  IA32_ARCH_CAPS=0x2023c6b\u003cRDCL_NO,IBRS_ALL,SKIP_L1DFL_VME,MDS_NO\u003e\n  VT-x: PAT,HLT,MTF,PAUSE,EPT,UG,VPID,VID,PostIntr\n  TSC: P-state invariant, performance statistics\nreal memory  = 17179869184 (16384 MB)\navail memory = 16503263232 (15738 MB)\nEvent timer \"LAPIC\" quality 600\nACPI APIC Table: \u003cHPE    Server2 \u003e\nFreeBSD/SMP: Multiprocessor System Detected: 4 CPUs\nFreeBSD/SMP: 1 package(s) x 4 core(s)\nrandom: registering fast source Intel Secure Key RNG\nrandom: fast provider: \"Intel Secure Key RNG\"\nrandom: unblocking device.\nioapic0 \u003cVersion 2.0\u003e irqs 0-119\nLaunching APs: 2 3 1\nrandom: entropy device external interface\nkbd1 at kbdmux0\nefirtc0: \u003cEFI Realtime Clock\u003e\nefirtc0: registered as a time-of-day clock, resolution 1.000000s\nsmbios0: \u003cSystem Management BIOS\u003e at iomem 0x72fc8000-0x72fc801e\nsmbios0: Version: 3.3, BCD Revision: 3.3\naesni0: \u003cAES-CBC,AES-CCM,AES-GCM,AES-ICM,AES-XTS,SHA1,SHA256\u003e\nacpi0: \u003cHPE Server2\u003e\nacpi0: Power Button (fixed)\nattimer0: \u003cAT timer\u003e port 0x40-0x43,0x50-0x53 irq 0 on acpi0\nTimecounter \"i8254\" frequency 1193182 Hz quality 0\nEvent timer \"i8254\" frequency 1193182 Hz quality 100\nhpet0: \u003cHigh Precision Event Timer\u003e iomem 0xfed00000-0xfed003ff on acpi0\nTimecounter \"HPET\" frequency 24000000 Hz quality 950\nEvent timer \"HPET\" frequency 24000000 Hz quality 550\nEvent timer \"HPET1\" frequency 24000000 Hz quality 440\nEvent timer \"HPET2\" frequency 24000000 Hz quality 440\nEvent timer \"HPET3\" frequency 24000000 Hz quality 440\nEvent timer \"HPET4\" frequency 24000000 Hz quality 440\nTimecounter \"ACPI-fast\" frequency 3579545 Hz quality 900\nacpi_timer0: \u003c24-bit timer at 3.579545MHz\u003e port 0x508-0x50b on acpi0\napei0: \u003cACPI Platform Error Interface\u003e on acpi0\nacpi_syscontainer0: \u003cSystem Container\u003e on acpi0\npcib0: \u003cACPI Host-PCI bridge\u003e port 0xcf8-0xcff numa-domain 0 on acpi0\npci0: \u003cACPI PCI bus\u003e numa-domain 0 on pcib0\nxhci0: \u003cIntel Tiger Lake-H USB 3.2 controller\u003e mem 0x4000000000-0x400000ffff at device 20.0 numa-domain 0 on pci0\nxhci0: 32 bytes context size, 64-bit DMA\nusbus0 numa-domain 0 on xhci0\nusbus0: 5.0Gbps Super Speed USB v3.0\npci0: \u003cmemory, RAM\u003e at device 20.2 (no driver attached)\npci0: \u003csimple comms\u003e at device 22.0 (no driver attached)\npci0: \u003csimple comms\u003e at device 22.4 (no driver attached)\nahci0: \u003cAHCI SATA controller\u003e port 0x3040-0x3047,0x3048-0x304b,0x3020-0x303f mem 0x80580000-0x80581fff,0x80584000-0x805840ff,0x80583000-0x805837ff at device 23.0 numa-domain 0 on pci0\nahci0: AHCI v1.31 with 4 6Gbps ports, Port Multiplier not supported\nahcich2: \u003cAHCI channel\u003e at channel 2 on ahci0\nahcich3: \u003cAHCI channel\u003e at channel 3 on ahci0\nahcich4: \u003cAHCI channel\u003e at channel 4 on ahci0\nahcich5: \u003cAHCI channel\u003e at channel 5 on ahci0\nahciem0: \u003cAHCI enclosure management bridge\u003e on ahci0\npcib1: \u003cACPI PCI-PCI bridge\u003e at device 27.0 numa-domain 0 on pci0\npci1: \u003cACPI PCI bus\u003e numa-domain 0 on pcib1\nigb0: \u003cIntel(R) I350 (Copper)\u003e port 0x2060-0x207f mem 0x80300000-0x803fffff,0x8040c000-0x8040ffff at device 0.0 numa-domain 0 on pci1\nigb0: EEPROM V1.63-0 Option ROM V1-b3310-p0 eTrack 0x8000119d\nigb0: Using 1024 TX descriptors and 1024 RX descriptors\nigb0: Using 4 RX queues 4 TX queues\nigb0: Using MSI-X interrupts with 5 vectors\nigb0: Ethernet address: 5c:ed:8c:e9:c2:48\nigb0: netmap queues/slots: TX 4/1024, RX 4/1024\nigb1: \u003cIntel(R) I350 (Copper)\u003e port 0x2040-0x205f mem 0x80200000-0x802fffff,0x80408000-0x8040bfff at device 0.1 numa-domain 0 on pci1\nigb1: EEPROM V1.63-0 Option ROM V1-b3310-p0 eTrack 0x8000119d\nigb1: Using 1024 TX descriptors and 1024 RX descriptors\nigb1: Using 4 RX queues 4 TX queues\nigb1: Using MSI-X interrupts with 5 vectors\nigb1: Ethernet address: 5c:ed:8c:e9:c2:49\nigb1: netmap queues/slots: TX 4/1024, RX 4/1024\nigb2: \u003cIntel(R) I350 (Copper)\u003e port 0x2020-0x203f mem 0x80100000-0x801fffff,0x80404000-0x80407fff at device 0.2 numa-domain 0 on pci1\nigb2: EEPROM V1.63-0 Option ROM V1-b3310-p0 eTrack 0x8000119d\nigb2: Using 1024 TX descriptors and 1024 RX descriptors\nigb2: Using 4 RX queues 4 TX queues\nigb2: Using MSI-X interrupts with 5 vectors\nigb2: Ethernet address: 5c:ed:8c:e9:c2:4a\nigb2: netmap queues/slots: TX 4/1024, RX 4/1024\nigb3: \u003cIntel(R) I350 (Copper)\u003e port 0x2000-0x201f mem 0x80000000-0x800fffff,0x80400000-0x80403fff at device 0.3 numa-domain 0 on pci1\nigb3: EEPROM V1.63-0 Option ROM V1-b3310-p0 eTrack 0x8000119d\nigb3: Using 1024 TX descriptors and 1024 RX descriptors\nigb3: Using 4 RX queues 4 TX queues\nigb3: Using MSI-X interrupts with 5 vectors\nigb3: Ethernet address: 5c:ed:8c:e9:c2:4b\nigb3: netmap queues/slots: TX 4/1024, RX 4/1024\npcib2: \u003cACPI PCI-PCI bridge\u003e at device 27.6 numa-domain 0 on pci0\npci2: \u003cACPI PCI bus\u003e numa-domain 0 on pcib2\npcib3: \u003cACPI PCI-PCI bridge\u003e at device 29.0 numa-domain 0 on pci0\npci3: \u003cACPI PCI bus\u003e numa-domain 0 on pcib3\nvgapci0: \u003cVGA-compatible display\u003e mem 0xa4000000-0xa4ffffff,0xa5b98000-0xa5b9bfff,0xa5000000-0xa57fffff at device 0.1 numa-domain 0 on pci3\nvgapci0: Boot video device\nehci0: \u003cEHCI (generic) USB 2.0 controller\u003e mem 0xa5b9c000-0xa5b9c0ff at device 0.4 numa-domain 0 on pci3\nusbus1: EHCI version 1.0\nusbus1 numa-domain 0 on ehci0\nusbus1: 480Mbps High Speed USB v2.0\npcib4: \u003cACPI PCI-PCI bridge\u003e at device 29.1 numa-domain 0 on pci0\npci4: \u003cACPI PCI bus\u003e numa-domain 0 on pcib4\npcib5: \u003cACPI PCI-PCI bridge\u003e at device 29.2 numa-domain 0 on pci0\npci5: \u003cACPI PCI bus\u003e numa-domain 0 on pcib5\npcib6: \u003cACPI PCI-PCI bridge\u003e at device 29.3 numa-domain 0 on pci0\npci6: \u003cACPI PCI bus\u003e numa-domain 0 on pcib6\npcib7: \u003cACPI PCI-PCI bridge\u003e at device 29.4 numa-domain 0 on pci0\npci7: \u003cACPI PCI bus\u003e numa-domain 0 on pcib7\nisab0: \u003cPCI-ISA bridge\u003e at device 31.0 numa-domain 0 on pci0\nisa0: \u003cISA bus\u003e numa-domain 0 on isab0\npci0: \u003cserial bus\u003e at device 31.5 (no driver attached)\ncpu0: \u003cACPI CPU\u003e numa-domain 0 on acpi0\nuart1: \u003c16550 or compatible\u003e port 0x2f8-0x2ff irq 3 on acpi0\nuart0: \u003cNon-standard ns8250 class UART with FIFOs\u003e port 0x3f8-0x3ff irq 4 flags 0x10 on acpi0\nvga0: \u003cGeneric ISA VGA\u003e at port 0x3b0-0x3bb iomem 0xb0000-0xb7fff pnpid PNP0900 on isa0\natkbdc0: \u003cKeyboard controller (i8042)\u003e at port 0x60,0x64 on isa0\natkbd0: \u003cAT Keyboard\u003e irq 1 on atkbdc0\nkbd0 at atkbd0\natkbd0: [GIANT-LOCKED]\natkbdc0: non-PNP ISA device will be removed from GENERIC in FreeBSD 15.\nhwpstate_intel0: \u003cIntel Speed Shift\u003e numa-domain 0 on cpu0\nhwpstate_intel1: \u003cIntel Speed Shift\u003e numa-domain 0 on cpu1\nhwpstate_intel2: \u003cIntel Speed Shift\u003e numa-domain 0 on cpu2\nhwpstate_intel3: \u003cIntel Speed Shift\u003e numa-domain 0 on cpu3\nTimecounter \"TSC-low\" frequency 1404004245 Hz quality 1000\nTimecounters tick every 1.000 msec\nZFS filesystem version: 5\nZFS storage pool version: features support (5000)\nugen1.1: \u003c(0x103c) EHCI root HUB\u003e at usbus1\nTrying to mount root from zfs:zroot/ROOT/default []...\nugen0.1: \u003cIntel XHCI root HUB\u003e at usbus0\nuhub0 numa-domain 0 on usbus0\nuhub0: \u003cIntel XHCI root HUB, class 9/0, rev 3.00/1.00, addr 1\u003e on usbus0\nuhub1 numa-domain 0 on usbus1\nuhub1: \u003c(0x103c) EHCI root HUB, class 9/0, rev 2.00/1.00, addr 1\u003e on usbus1\nada0 at ahcich2 bus 0 scbus0 target 0 lun 0\nada0: \u003cST4000NM002A-2HZ101 SN03\u003e ACS-4 ATA SATA 3.x device\nada0: Serial Number WS255C4V\nada0: 600.000MB/s transfers (SATA 3.x, UDMA6, PIO 8192bytes)\nada0: Command Queueing enabled\nada0: 3815447MB (7814037168 512 byte sectors)\nada1 at ahcich3 bus 0 scbus1 target 0 lun 0\nada1: \u003cST4000NM002A-2HZ101 SN03\u003e ACS-4 ATA SATA 3.x device\nada1: Serial Number WS255BGF\nada1: 600.000MB/s transfers (SATA 3.x, UDMA6, PIO 8192bytes)\nada1: Command Queueing enabled\nada1: 3815447MB (7814037168 512 byte sectors)\nada2 at ahcich4 bus 0 scbus2 target 0 lun 0\nada2: \u003cINTEL SSDSC2BB240G6 G2010130\u003e ACS-2 ATA SATA 3.x device\nada2: Serial Number BTWA518300MH240AGN\nada2: 600.000MB/s transfers (SATA 3.x, UDMA6, PIO 512bytes)\nada2: Command Queueing enabled\nada2: 228936MB (468862128 512 byte sectors)\nada3 at ahcich5 bus 0 scbus3 target 0 lun 0\nada3: \u003cINTEL SSDSC2BB240G6 G2010130\u003e ACS-2 ATA SATA 3.x device\nada3: Serial Number BTWA51740BM1240AGN\nada3: 600.000MB/s transfers (SATA 3.x, UDMA6, PIO 512bytes)\nada3: Command Queueing enabled\nada3: 228936MB (468862128 512 byte sectors)\nses0 at ahciem0 bus 0 scbus4 target 0 lun 0\nses0: \u003cAHCI SGPIO Enclosure 2.00 0001\u003e SEMB S-E-S 2.00 device\nses0: SEMB SES Device\nses0: ada0,pass0 in 'Slot 02', SATA Slot: scbus0 target 0\nses0: ada1,pass1 in 'Slot 03', SATA Slot: scbus1 target 0\nses0: ada2,pass2 in 'Slot 04', SATA Slot: scbus2 target 0\nses0: ada3,pass3 in 'Slot 05', SATA Slot: scbus3 target 0\nuhub0: 22 ports with 22 removable, self powered\nRoot mount waiting for: usbus0 usbus1\nRoot mount waiting for: usbus0 usbus1\nusb_msc_auto_quirk: UQ_MSC_NO_GETMAXLUN set for USB mass storage device Generic Mass Storage Device (0x14cd:0x1212)\nusb_msc_auto_quirk: UQ_MSC_NO_PREVENT_ALLOW set for USB mass storage device Generic Mass Storage Device (0x14cd:0x1212)\nusb_msc_auto_quirk: UQ_MSC_NO_SYNC_CACHE set for USB mass storage device Generic Mass Storage Device (0x14cd:0x1212)\nugen0.2: \u003cGeneric Mass Storage Device\u003e at usbus0\numass0 numa-domain 0 on uhub0\numass0: \u003cGeneric Mass Storage Device, class 0/0, rev 2.00/1.00, addr 1\u003e on usbus0\numass0:  SCSI over Bulk-Only; quirks = 0xc100\numass0:5:0: Attached to scbus5\nda0 at umass-sim0 bus 0 scbus5 target 0 lun 0\nda0: \u003cMass Storage Device 1.00\u003e Removable Direct Access SCSI device\nda0: Serial Number 121220160204\nda0: 40.000MB/s transfers\nda0: 3968MB (8126464 512 byte sectors)\nda0: quirks=0x2\u003cNO_6_BYTE\u003e\nuhub1: 8 ports with 8 removable, self powered\nRoot mount waiting for: usbus0 usbus1\nugen1.2: \u003cHPE Virtual NIC\u003e at usbus1\nuhub_explore: illegal enable change, port 4\nusb_msc_auto_quirk: UQ_MSC_NO_GETMAXLUN set for USB mass storage device Generic Mass Storage Device (0x14cd:0x1212)\nusb_msc_auto_quirk: UQ_MSC_NO_PREVENT_ALLOW set for USB mass storage device Generic Mass Storage Device (0x14cd:0x1212)\nusb_msc_auto_quirk: UQ_MSC_NO_SYNC_CACHE set for USB mass storage device Generic Mass Storage Device (0x14cd:0x1212)\nugen0.3: \u003cGeneric Mass Storage Device\u003e at usbus0\numass1 numa-domain 0 on uhub0\numass1: \u003cGeneric Mass Storage Device, class 0/0, rev 2.00/1.00, addr 2\u003e on usbus0\numass1:  SCSI over Bulk-Only; quirks = 0xc100\numass1:6:1: Attached to scbus6\nda1 at umass-sim1 bus 1 scbus6 target 0 lun 0\nda1: \u003cMass Storage Device 1.00\u003e Removable Direct Access SCSI device\nda1: Serial Number 121220160204\nda1: 40.000MB/s transfers\nda1: 3968MB (8126464 512 byte sectors)\nda1: quirks=0x2\u003cNO_6_BYTE\u003e\nugen0.4: \u003cvendor 0x0424 product 0x2660\u003e at usbus0\nuhub2 numa-domain 0 on uhub0\nuhub2: \u003cvendor 0x0424 product 0x2660, class 9/0, rev 2.00/8.01, addr 3\u003e on usbus0\nuhub2: 2 ports with 1 removable, self powered\nichsmb0: \u003cIntel Tiger Lake SMBus controller\u003e port 0xefa0-0xefbf mem 0x4000014000-0x40000140ff at device 31.4 numa-domain 0 on pci0\nsmbus0: \u003cSystem Management Bus\u003e numa-domain 0 on ichsmb0\ndriver bug: Unable to set devclass (class: atrtc devname: (unknown))\nacpi_wmi0: \u003cACPI-WMI mapping\u003e on acpi0\nacpi_wmi0: cannot find EC device\nbridge0: Ethernet address: 58:9c:fc:00:07:00\nigb0: link state changed to UP\nlo0: link state changed to UP\nigb0: link state changed to DOWN\nbridge0: link state changed to UP\nigb0: promiscuous mode enabled\ncdceem0 numa-domain 0 on uhub1\ncdceem0: \u003cHPE Virtual NIC, class 2/12, rev 2.00/0.01, addr 2\u003e on usbus1\nue0: \u003cUSB Ethernet\u003e on cdceem0\nue0: Ethernet address: 72:84:d1:bf:ad:2f\nigb0: link state changed to UP\ndriver bug: Unable to set devclass (class: atrtc devname: (unknown))\ntap0: Ethernet address: 58:9c:fc:10:f3:0f\ntap0: promiscuous mode enabled\ntap0: link state changed to UP\ndriver bug: Unable to set devclass (class: atrtc devname: (unknown))\nipmi0: \u003cIPMI System Interface\u003e port 0xca2-0xca3 on acpi0\nipmi0: KCS mode found at io 0xca2 on acpi\nipmi0: IPMI device rev. 3, firmware rev. 3.01, version 2.0, device support mask 0x9f\nipmi0: Number of channels 2\nipmi0: Attached watchdog\nipmi0: Establishing power cycle handler"
}