{
 "id": 339913,
 "bug_id": 101061,
 "attachment_id": 0,
 "creation_time": "2006-07-30T17:30:14Z",
 "creator": "jcarchambeau@gmail.com",
 "text": "Kernel crashes after the fpa driver is probed at bootup.  Attached is a\nverbose boot demonstrating the issue.  I can replicate this issue on one\nof my systems with an Abit BP6 system board or one of my ALR Revolution\n2X (NS7000) systems running 6.1.\n\n-- cut here --\n/boot/kernel/kernel text=0x4316fc data=0x84ee0+0x5612c syms=[0x4+0x58850+0x4+0x6cf86]\n/boot/kernel/if_ed.ko text=0x9f3c data=0x42c+0x4 syms=[0x4+0xd00+0x4+0xdea]\n/boot/kernel/if_ep.ko text=0x4880 data=0x314+0x4 syms=[0x4+0x8e0+0x4+0x8b1]\nloading required module 'elink'\n/boot/kernel/elink.ko text=0x4d0 data=0xc4+0x4 syms=[0x4+0x230+0x4+0x1c2]\n/boot/kernel/acpi.ko text=0x42ed4 data=0x2280+0x10f0 syms=[0x4+0x7ad0+0x4+0xa709]\nSMAP type=01 base=0000000000000000 len=000000000009fc00\nSMAP type=02 base=000000000009fc00 len=0000000000000400\nSMAP type=02 base=00000000000f0000 len=0000000000010000\nSMAP type=02 base=00000000fec00000 len=0000000000001000\nSMAP type=02 base=00000000fee00000 len=0000000000001000\nSMAP type=02 base=00000000ffff0000 len=0000000000010000\nSMAP type=01 base=0000000000100000 len=000000000fef0000\nSMAP type=03 base=000000000fff3000 len=000000000000d000\nSMAP type=04 base=000000000fff0000 len=0000000000003000\nCopyright (c) 1992-2006 The FreeBSD Project.\nCopyright (c) 1979, 1980, 1983, 1986, 1988, 1989, 1991, 1992, 1993, 1994\n\tThe Regents of the University of California. All rights reserved.\nFreeBSD 6.1-RELEASE #2: Sun Jul 30 06:13:13 PDT 2006\n    nxiv@war.bsdworks:/usr/src/sys/i386/compile/BP6\nPreloaded elf kernel \"/boot/kernel/kernel\" at 0xc0a42000.\nPreloaded elf module \"/boot/kernel/if_ed.ko\" at 0xc0a42188.\nPreloaded elf module \"/boot/kernel/if_ep.ko\" at 0xc0a42234.\nPreloaded elf module \"/boot/kernel/elink.ko\" at 0xc0a422e0.\nPreloaded elf module \"/boot/kernel/acpi.ko\" at 0xc0a4238c.\nCalibrating clock(s) ... i8254 clock: 1193258 Hz\nCLK_USE_I8254_CALIBRATION not specified - using default frequency\nTimecounter \"i8254\" frequency 1193182 Hz quality 0\nCalibrating TSC clock ... TSC clock: 367501728 Hz\nCPU: Pentium II/Pentium II Xeon/Celeron (367.50-MHz 686-class CPU)\n  Origin = \"GenuineIntel\"  Id = 0x665  Stepping = 5\n  Features=0x183fbff\u003cFPU,VME,DE,PSE,TSC,MSR,PAE,MCE,CX8,APIC,SEP,MTRR,PGE,MCA,CM\nOV,PAT,PSE36,MMX,FXSR\u003e\nreal memory  = 268369920 (255 MB)\nPhysical memory chunk(s):\n0x0000000000001000 - 0x000000000009efff, 647168 bytes (158 pages)\n0x0000000000100000 - 0x00000000003fffff, 3145728 bytes (768 pages)\n0x0000000000c28000 - 0x000000000fb37fff, 250675200 bytes (61200 pages)\navail memory = 253063168 (241 MB)\nMP Configuration Table version 1.4 found at 0xc00f1400\nTable 'FACP' at 0xfff3040\nTable 'APIC' at 0xfff54c0\nMADT: Found table at 0xfff54c0\nAPIC: Using the MADT enumerator.\nMADT: Found CPU APIC ID 0 ACPI ID 0: enabled\nSMP: Added CPU 0 (AP)\nMADT: Found CPU APIC ID 1 ACPI ID 1: enabled\nSMP: Added CPU 1 (AP)\nINTR: Adding local APIC 0 as a target\nACPI APIC Table: \u003cABIT   \u003e\nINTR: Adding local APIC 1 as a target\nFreeBSD/SMP: Multiprocessor System Detected: 2 CPUs\n cpu0 (BSP): APIC ID:  0\n cpu1 (AP): APIC ID:  1\nbios32: Found BIOS32 Service Directory header at 0xc00fb110\nbios32: Entry = 0xfb590 (c00fb590)  Rev = 0  Len = 1\npcibios: PCI BIOS entry at 0xf0000+0xb5c0\npnpbios: Found PnP BIOS data at 0xc00fc1e0\npnpbios: Entry = f0000:c208  Rev = 1.0\nOther BIOS signatures found:\nAPIC: CPU 0 has ACPI ID 0\nAPIC: CPU 1 has ACPI ID 1\nMADT: Found IO APIC ID 2, Interrupt 0 at 0xfec00000\nioapic0: Routing external 8259A's -\u003e intpin 0\nioapic0: intpin 0 -\u003e ExtINT (edge, high)\nioapic0: intpin 1 -\u003e ISA IRQ 1 (edge, high)\nioapic0: intpin 2 -\u003e ISA IRQ 2 (edge, high)\nioapic0: intpin 3 -\u003e ISA IRQ 3 (edge, high)\nioapic0: intpin 4 -\u003e ISA IRQ 4 (edge, high)\nioapic0: intpin 5 -\u003e ISA IRQ 5 (edge, high)\nioapic0: intpin 6 -\u003e ISA IRQ 6 (edge, high)\nioapic0: intpin 7 -\u003e ISA IRQ 7 (edge, high)\nioapic0: intpin 8 -\u003e ISA IRQ 8 (edge, high)\nioapic0: intpin 9 -\u003e ISA IRQ 9 (edge, high)\nioapic0: intpin 10 -\u003e ISA IRQ 10 (edge, high)\nioapic0: intpin 11 -\u003e ISA IRQ 11 (edge, high)\nioapic0: intpin 12 -\u003e ISA IRQ 12 (edge, high)\nioapic0: intpin 13 -\u003e ISA IRQ 13 (edge, high)\nioapic0: intpin 14 -\u003e ISA IRQ 14 (edge, high)\nioapic0: intpin 15 -\u003e ISA IRQ 15 (edge, high)\nioapic0: intpin 16 -\u003e PCI IRQ 16 (level, low)\nioapic0: intpin 17 -\u003e PCI IRQ 17 (level, low)\nioapic0: intpin 18 -\u003e PCI IRQ 18 (level, low)\nioapic0: intpin 19 -\u003e PCI IRQ 19 (level, low)\nioapic0: intpin 20 -\u003e PCI IRQ 20 (level, low)\nioapic0: intpin 21 -\u003e PCI IRQ 21 (level, low)\nioapic0: intpin 22 -\u003e PCI IRQ 22 (level, low)\nioapic0: intpin 23 -\u003e PCI IRQ 23 (level, low)\nMADT: Interrupt override: source 0, irq 2\nioapic0: Routing IRQ 0 -\u003e intpin 2\nioapic0: intpin 2 trigger: edge\nioapic0: intpin 2 polarity: high\nMADT: Interrupt override: source 9, irq 9\nioapic0: intpin 9 trigger: level\nioapic0: intpin 9 polarity: low\nioapic0 \u003cVersion 1.1\u003e irqs 0-23 on motherboard\ncpu0 BSP:\n     ID: 0x00000000   VER: 0x00040011 LDR: 0x00000000 DFR: 0xffffffff\n  lint0: 0x00010700 lint1: 0x00000400 TPR: 0x00000000 SVR: 0x000001ff\n  timer: 0x000100ef therm: 0x00000000 err: 0x00010000 pcm: 0x00010000\nwlan: \u003c802.11 Link Layer\u003e\nkbd: new array size 4\nkbd1 at kbdmux0\nmem: \u003cmemory\u003e\nPentium Pro MTRR support enabled\nnfslock: pseudo-device\nnull: \u003cnull device, zero device\u003e\nio: \u003cI/O\u003e\nrandom: \u003centropy source, Software, Yarrow\u003e\nrr232x: RocketRAID 232x controller driver v1.02 (Jul 24 2006 17:48:51)\nnpx0: INT 16 interface\nacpi0: \u003cABIT AWRDACPI\u003e on motherboard\nioapic0: routing intpin 9 (ISA IRQ 9) to vector 48\nacpi0: [MPSAFE]\n    ACPI-0438: *** Error: Looking up [\\_PR_.CPU0] in namespace, AE_NOT_FOUND\nSearchNode 0xc21c6820 StartNode 0xc21c6820 ReturnNode 0\npci_open(1):\tmode 1 addr port (0x0cf8) is 0x80000058\npci_open(1a):\tmode1res=0x80000000 (0x80000000)\npci_cfgcheck:\tdevice 0 [class=060000] [hdr=00] is there (id=71908086)\npcibios: BIOS version 2.10\nFound $PIR table, 8 entries at 0xc00fd7e0\nPCI-Only Interrupts: 10 11 15\nLocation  Bus Device Pin  Link  IRQs\nslot 1      0   15    A   0x60  3 4 5 7 9 10 11 12 14 15\nslot 1      0   15    B   0x61  3 4 5 7 9 10 11 12 14 15\nslot 1      0   15    C   0x62  3 4 5 7 9 10 11 12 14 15\nslot 1      0   15    D   0x63  3 4 5 7 9 10 11 12 14 15\nslot 2      0   13    A   0x61  3 4 5 7 9 10 11 12 14 15\nslot 2      0   13    B   0x62  3 4 5 7 9 10 11 12 14 15\nslot 2      0   13    C   0x63  3 4 5 7 9 10 11 12 14 15\nslot 2      0   13    D   0x60  3 4 5 7 9 10 11 12 14 15\nslot 3      0   19    A   0x62  3 4 5 7 9 10 11 12 14 15\nslot 3      0   19    B   0x62  3 4 5 7 9 10 11 12 14 15\nslot 3      0   19    C   0x60  3 4 5 7 9 10 11 12 14 15\nslot 3      0   19    D   0x61  3 4 5 7 9 10 11 12 14 15\nslot 4      0    9    A   0x63  3 4 5 7 9 10 11 12 14 15\nslot 4      0    9    B   0x60  3 4 5 7 9 10 11 12 14 15\nslot 4      0    9    C   0x61  3 4 5 7 9 10 11 12 14 15\nslot 4      0    9    D   0x62  3 4 5 7 9 10 11 12 14 15\nslot 5      0   17    A   0x63  3 4 5 7 9 10 11 12 14 15\nslot 5      0   17    B   0x60  3 4 5 7 9 10 11 12 14 15\nslot 5      0   17    C   0x61  3 4 5 7 9 10 11 12 14 15\nslot 5      0   17    D   0x62  3 4 5 7 9 10 11 12 14 15\nslot 6      0   11    A   0x62  3 4 5 7 9 10 11 12 14 15\nslot 6      0   11    B   0x63  3 4 5 7 9 10 11 12 14 15\nslot 6      0   11    C   0x60  3 4 5 7 9 10 11 12 14 15\nslot 6      0   11    D   0x61  3 4 5 7 9 10 11 12 14 15\nembedded    0    7    A   0x60  3 4 5 7 9 10 11 12 14 15\nembedded    0    7    B   0x61  3 4 5 7 9 10 11 12 14 15\nembedded    0    7    C   0x62  3 4 5 7 9 10 11 12 14 15\nembedded    0    7    D   0x63  3 4 5 7 9 10 11 12 14 15\nembedded    0    1    A   0x60  3 4 5 7 9 10 11 12 14 15\nembedded    0    1    B   0x61  3 4 5 7 9 10 11 12 14 15\nembedded    0    1    C   0x62  3 4 5 7 9 10 11 12 14 15\nembedded    0    1    D   0x63  3 4 5 7 9 10 11 12 14 15\nacpi_bus_number: root bus has no _BBN, assuming 0\nAcpiOsDerivePciId: bus 0 dev 7 func 0\nacpi0: Power Button (fixed)\npci_link0: Links after initial probe:\nIndex  IRQ  Rtd  Ref  IRQs\n    0  255   N     0  3 4 5 6 7 10 11 12 14 15\npci_link0: Links after initial validation:\nIndex  IRQ  Rtd  Ref  IRQs\n    0  255   N     0  3 4 5 6 7 10 11 12 14 15\npci_link0: Links after disable:\nIndex  IRQ  Rtd  Ref  IRQs\n    0  255   N     0  3 4 5 6 7 10 11 12 14 15\npci_link1: Links after initial probe:\nIndex  IRQ  Rtd  Ref  IRQs\n    0   11   N     0  3 4 5 6 7 10 11 12 14 15\npci_link1: Links after initial validation:\nIndex  IRQ  Rtd  Ref  IRQs\n    0   11   N     0  3 4 5 6 7 10 11 12 14 15\npci_link1: Links after disable:\nIndex  IRQ  Rtd  Ref  IRQs\n    0  255   N     0  3 4 5 6 7 10 11 12 14 15\npci_link2: Links after initial probe:\nIndex  IRQ  Rtd  Ref  IRQs\n    0   15   N     0  3 4 5 6 7 10 11 12 14 15\npci_link2: Links after initial validation:\nIndex  IRQ  Rtd  Ref  IRQs\n    0   15   N     0  3 4 5 6 7 10 11 12 14 15\npci_link2: Links after disable:\nIndex  IRQ  Rtd  Ref  IRQs\n    0  255   N     0  3 4 5 6 7 10 11 12 14 15\npci_link3: Links after initial probe:\nIndex  IRQ  Rtd  Ref  IRQs\n    0   10   N     0  3 4 5 6 7 10 11 12 14 15\npci_link3: Links after initial validation:\nIndex  IRQ  Rtd  Ref  IRQs\n    0   10   N     0  3 4 5 6 7 10 11 12 14 15\npci_link3: Links after disable:\nIndex  IRQ  Rtd  Ref  IRQs\n    0  255   N     0  3 4 5 6 7 10 11 12 14 15\nACPI timer: 0/16777200 0/16777210 0/16777213 0/6 0/16777214 0/6 0/16777214 0/6 0\n/6 0/6 -\u003e 0\nTimecounter \"ACPI-safe\" frequency 3579545 Hz quality 1000\nacpi_timer0: \u003c24-bit timer at 3.579545MHz\u003e port 0x4008-0x400b on acpi0\ncpu0: \u003cACPI CPU\u003e on acpi0\ncpu1: \u003cACPI CPU\u003e on acpi0\nacpi_button0: \u003cPower Button\u003e on acpi0\npcib0: \u003cACPI Host-PCI bridge\u003e port 0xcf8-0xcff,0x4000-0x4041,0x5000-0x500f on ac\npi0\npci0: \u003cACPI PCI bus\u003e on pcib0\npci0: physical bus=0\nfound-\u003e\tvendor=0x8086, dev=0x7190, revid=0x03\n\tbus=0, slot=0, func=0\n\tclass=06-00-00, hdrtype=0x00, mfdev=0\n\tcmdreg=0x0006, statreg=0x2210, cachelnsz=0 (dwords)\n\tlattimer=0x20 (960 ns), mingnt=0x00 (0 ns), maxlat=0x00 (0 ns)\n\tmap[10]: type 3, range 32, base d6000000, size 25, enabled\nfound-\u003e\tvendor=0x8086, dev=0x7191, revid=0x03\n\tbus=0, slot=1, func=0\n\tclass=06-04-00, hdrtype=0x01, mfdev=0\n\tcmdreg=0x0107, statreg=0x0220, cachelnsz=0 (dwords)\n\tlattimer=0x40 (1920 ns), mingnt=0x88 (34000 ns), maxlat=0x00 (0 ns)\nfound-\u003e\tvendor=0x8086, dev=0x7110, revid=0x02\n\tbus=0, slot=7, func=0\n\tclass=06-01-00, hdrtype=0x00, mfdev=1\n\tcmdreg=0x000f, statreg=0x0280, cachelnsz=0 (dwords)\n\tlattimer=0x00 (0 ns), mingnt=0x00 (0 ns), maxlat=0x00 (0 ns)\nfound-\u003e\tvendor=0x8086, dev=0x7111, revid=0x01\n\tbus=0, slot=7, func=1\n\tclass=01-01-80, hdrtype=0x00, mfdev=0\n\tcmdreg=0x0005, statreg=0x0280, cachelnsz=0 (dwords)\n\tlattimer=0x20 (960 ns), mingnt=0x00 (0 ns), maxlat=0x00 (0 ns)\n\tmap[20]: type 4, range 32, base 0000f000, size  4, enabled\nfound-\u003e\tvendor=0x8086, dev=0x7112, revid=0x01\n\tbus=0, slot=7, func=2\n\tclass=0c-03-00, hdrtype=0x00, mfdev=0\n\tcmdreg=0x0005, statreg=0x0280, cachelnsz=0 (dwords)\n\tlattimer=0x20 (960 ns), mingnt=0x00 (0 ns), maxlat=0x00 (0 ns)\n\tintpin=d, irq=10\n\tmap[20]: type 4, range 32, base 0000a000, size  5, enabled\npcib0: matched entry for 0.7.INTD\npcib0: slot 7 INTD hardwired to IRQ 19\nfound-\u003e\tvendor=0x8086, dev=0x7113, revid=0x02\n\tbus=0, slot=7, func=3\n\tclass=06-80-00, hdrtype=0x00, mfdev=0\n\tcmdreg=0x0003, statreg=0x0280, cachelnsz=0 (dwords)\n\tlattimer=0x00 (0 ns), mingnt=0x00 (0 ns), maxlat=0x00 (0 ns)\n\tmap[90]: type 4, range 32, base 00005000, size  4, enabled\nfound-\u003e\tvendor=0x11ad, dev=0x0002, revid=0x21\n\tbus=0, slot=9, func=0\n\tclass=02-00-00, hdrtype=0x00, mfdev=0\n\tcmdreg=0x0007, statreg=0x0280, cachelnsz=0 (dwords)\n\tlattimer=0x20 (960 ns), mingnt=0x00 (0 ns), maxlat=0x00 (0 ns)\n\tintpin=a, irq=10\n\tmap[10]: type 4, range 32, base 0000a400, size  8, enabled\n\tmap[14]: type 1, range 32, base d9110000, size  8, enabled\npcib0: matched entry for 0.9.INTA\npcib0: slot 9 INTA hardwired to IRQ 19\nfound-\u003e\tvendor=0x8086, dev=0x1229, revid=0x08\n\tbus=0, slot=11, func=0\n\tclass=02-00-00, hdrtype=0x00, mfdev=0\n\tcmdreg=0x0007, statreg=0x0290, cachelnsz=8 (dwords)\n\tlattimer=0x20 (960 ns), mingnt=0x08 (2000 ns), maxlat=0x38 (14000 ns)\n\tintpin=a, irq=15\n\tpowerspec 2  supports D0 D1 D2 D3  current D0\n\tmap[10]: type 1, range 32, base d9112000, size 12, enabled\n\tmap[14]: type 4, range 32, base 0000a800, size  6, enabled\n\tmap[18]: type 1, range 32, base d9000000, size 20, enabled\npcib0: matched entry for 0.11.INTA\npcib0: slot 11 INTA hardwired to IRQ 18\nfound-\u003e\tvendor=0x1011, dev=0x000f, revid=0x00\n\tbus=0, slot=13, func=0\n\tclass=02-02-00, hdrtype=0x00, mfdev=0\n\tcmdreg=0x0007, statreg=0x0280, cachelnsz=0 (dwords)\n\tlattimer=0x20 (960 ns), mingnt=0x00 (0 ns), maxlat=0x00 (0 ns)\n\tintpin=a, irq=11\n\tmap[10]: type 1, range 32, base d9111000, size  7, enabled\n\tmap[14]: type 4, range 32, base 0000ac00, size  7, enabled\n\tmap[18]: type 1, range 32, base d9100000, size 16, enabled\npcib0: matched entry for 0.13.INTA\npcib0: slot 13 INTA hardwired to IRQ 17\nfound-\u003e\tvendor=0x1103, dev=0x0004, revid=0x01\n\tbus=0, slot=19, func=0\n\tclass=01-80-00, hdrtype=0x00, mfdev=1\n\tcmdreg=0x0005, statreg=0x0200, cachelnsz=8 (dwords)\n\tlattimer=0xf8 (7440 ns), mingnt=0x08 (2000 ns), maxlat=0x08 (2000 ns)\n\tintpin=a, irq=15\n\tmap[10]: type 4, range 32, base 0000b000, size  3, enabled\n\tmap[14]: type 4, range 32, base 0000b400, size  2, enabled\n\tmap[20]: type 4, range 32, base 0000b800, size  8, enabled\npcib0: matched entry for 0.19.INTA\npcib0: slot 19 INTA hardwired to IRQ 18\nfound-\u003e\tvendor=0x1103, dev=0x0004, revid=0x01\n\tbus=0, slot=19, func=1\n\tclass=01-80-00, hdrtype=0x00, mfdev=1\n\tcmdreg=0x0007, statreg=0x0200, cachelnsz=8 (dwords)\n\tlattimer=0xf8 (7440 ns), mingnt=0x08 (2000 ns), maxlat=0x08 (2000 ns)\n\tintpin=b, irq=15\n\tmap[10]: type 4, range 32, base 0000bc00, size  3, enabled\n\tmap[14]: type 4, range 32, base 0000c000, size  2, enabled\n\tmap[20]: type 4, range 32, base 0000c400, size  8, enabled\npcib0: matched entry for 0.19.INTB\npcib0: slot 19 INTB hardwired to IRQ 18\nagp0: \u003cIntel 82443BX (440 BX) host to PCI bridge\u003e mem 0xd6000000-0xd7ffffff at d\nevice 0.0 on pci0\nagp0: Reserved 0x2000000 bytes for rid 0x10 type 3 at 0xd6000000\nagp0: allocating GATT for aperture of size 32M\npcib1: \u003cPCI-PCI bridge\u003e at device 1.0 on pci0\npcib1:   secondary bus     1\npcib1:   subordinate bus   1\npcib1:   I/O decode        0x9000-0x9fff\npcib1:   memory decode     0xd4000000-0xd5ffffff\npcib1:   prefetched decode 0xd0000000-0xd3ffffff\npci1: \u003cPCI bus\u003e on pcib1\npci1: physical bus=1\nfound-\u003e\tvendor=0x1002, dev=0x5046, revid=0x00\n\tbus=1, slot=0, func=0\n\tclass=03-00-00, hdrtype=0x00, mfdev=0\n\tcmdreg=0x0087, statreg=0x02b0, cachelnsz=8 (dwords)\n\tlattimer=0x20 (960 ns), mingnt=0x08 (2000 ns), maxlat=0x00 (0 ns)\n\tintpin=a, irq=255\n\tpowerspec 2  supports D0 D1 D3  current D0\n\tmap[10]: type 3, range 32, base d0000000, size 26, enabled\npcib1: (null) requested memory range 0xd0000000-0xd3ffffff: good\n\tmap[14]: type 4, range 32, base 00009000, size  8, enabled\npcib1: (null) requested I/O range 0x9000-0x90ff: in range\n\tmap[18]: type 1, range 32, base d5000000, size 14, enabled\npcib1: (null) requested memory range 0xd5000000-0xd5003fff: good\npci1: \u003cdisplay, VGA\u003e at device 0.0 (no driver attached)\nisab0: \u003cPCI-ISA bridge\u003e at device 7.0 on pci0\nisa0: \u003cISA bus\u003e on isab0\natapci0: \u003cIntel PIIX4 UDMA33 controller\u003e port 0x1f0-0x1f7,0x3f6,0x170-0x177,0x37\n6,0xf000-0xf00f at device 7.1 on pci0\natapci0: Reserved 0x10 bytes for rid 0x20 type 4 at 0xf000\nata0: \u003cATA channel 0\u003e on atapci0\natapci0: Reserved 0x8 bytes for rid 0x10 type 4 at 0x1f0\natapci0: Reserved 0x1 bytes for rid 0x14 type 4 at 0x3f6\nata0: reset tp1 mask=03 ostat0=50 ostat1=00\nata0: stat0=0x50 err=0x01 lsb=0x00 msb=0x00\nata0: stat1=0x00 err=0x01 lsb=0x14 msb=0xeb\nata0: reset tp2 stat0=50 stat1=00 devices=0x9\u003cATAPI_SLAVE,ATA_MASTER\u003e\nioapic0: routing intpin 14 (ISA IRQ 14) to vector 49\nata0: [MPSAFE]\nata1: \u003cATA channel 1\u003e on atapci0\natapci0: Reserved 0x8 bytes for rid 0x18 type 4 at 0x170\natapci0: Reserved 0x1 bytes for rid 0x1c type 4 at 0x376\nata1: reset tp1 mask=00 ostat0=ff ostat1=ff\nioapic0: routing intpin 15 (ISA IRQ 15) to vector 50\nata1: [MPSAFE]\nuhci0: \u003cIntel 82371AB/EB (PIIX4) USB controller\u003e port 0xa000-0xa01f irq 19 at de\nvice 7.2 on pci0\nuhci0: Reserved 0x20 bytes for rid 0x20 type 4 at 0xa000\nioapic0: routing intpin 19 (PCI IRQ 19) to vector 51\nuhci0: [GIANT-LOCKED]\nusb0: \u003cIntel 82371AB/EB (PIIX4) USB controller\u003e on uhci0\nusb0: USB revision 1.0\nuhub0: Intel UHCI root hub, class 9/0, rev 1.00/1.00, addr 1\nuhub0: 2 ports with 2 removable, self powered\npci0: \u003cbridge\u003e at device 7.3 (no driver attached)\ndc0: \u003c82c169 PNIC 10/100BaseTX\u003e port 0xa400-0xa4ff mem 0xd9110000-0xd91100ff irq\n 19 at device 9.0 on pci0\ndc0: Reserved 0x100 bytes for rid 0x10 type 4 at 0xa400\nmiibus0: \u003cMII bus\u003e on dc0\nlxtphy0: \u003cLXT970 10/100 media interface\u003e on miibus0\nlxtphy0:  100baseFX, 100baseFX-FDX, 10baseT, 10baseT-FDX, 100baseTX, 100baseTX-F\nDX, auto\ndc0: bpf attached\ndc0: Ethernet address: 00:a0:cc:3e:fd:98\ndc0: [MPSAFE]\nfxp0: \u003cIntel 82559 Pro/100 Ethernet\u003e port 0xa800-0xa83f mem 0xd9112000-0xd9112ff\nf,0xd9000000-0xd90fffff irq 18 at device 11.0 on pci0\nfxp0: Reserved 0x1000 bytes for rid 0x10 type 3 at 0xd9112000\nfxp0: using memory space register mapping\nfxp0: PCI IDs: 8086 1229 8086 000c 0008\nfxp0: Dynamic Standby mode is disabled\nmiibus1: \u003cMII bus\u003e on fxp0\ninphy0: \u003ci82555 10/100 media interface\u003e on miibus1\ninphy0:  10baseT, 10baseT-FDX, 100baseTX, 100baseTX-FDX, auto\nfxp0: bpf attached\nfxp0: Ethernet address: 00:90:27:42:d7:06\nioapic0: routing intpin 18 (PCI IRQ 18) to vector 52\nfxp0: [MPSAFE]\nfpa0: \u003cDigital DEFPA PCI FDDI Controller\u003e port 0xac00-0xac7f mem 0xd9111000-0xd9\n11107f,0xd9100000-0xd910ffff irq 17 at device 13.0 on pci0\nfpa0: Reserved 0x80 bytes for rid 0x10 type 3 at 0xd9111000\n\n\nFatal trap 12: page fault while in kernel mode\ncpuid = 0; apic id = 00\nfault virtual address\t= 0x20\nfault code\t\t= supervisor write, page not present\ninstruction pointer\t= 0x20:0xc0661461\nstack pointer\t        = 0x28:0xc0c20b34\nframe pointer\t        = 0x28:0xc0c20b34\ncode segment\t\t= base 0x0, limit 0xfffff, type 0x1b\n\t\t\t= DPL 0, pres 1, def32 1, gran 1\nprocessor eflags\t= interrupt enabled, resume, IOPL = 0\ncurrent process\t\t= 0 (swapper)\ntrap number\t\t= 12\npanic: page fault\ncpuid = 0\nUptime: 1s\nAutomatic reboot in 15 seconds - press a key on the console to abort\n\nFix: \n\nYou have one of these options as FDDI support is obviously broken in 6.1.\n\n1. Don't compile FDDI support and the fea/fpa drivers into the 6.1 kernel.\n2. Remove the FDDI NIC after FDDI support and fea/fpa is compiled into a\n   6.1 kernel.\n3. Downgrade to 5.5-RELEASE which does have working FDDI support.  If the\n   machine is running 5.4 or 5.5 FDDI functions without issue.\n\nIssue may also mainfest itself with the fea driver as well as it's the same\ncard, just with an EISA bus.  I haven't tested that with one of my ALR\nEISA/PCI machines yet.  I have a pair of DEC FEA cards as well.  I can\nprovide the same verbose boot log for an EISA/PCI bus machine (ALR Rev\n2X or Rev 2XL should one be needed.\nHow-To-Repeat: Install 6.1 release, enable FDDI support and the fpa or fea driver.\n-- cut here for options added --\ndevice fddi\ndevice fpa"
}