{
 "id": 915348,
 "bug_id": 211488,
 "attachment_id": 0,
 "creation_time": "2017-01-08T04:08:37Z",
 "creator": "venture37@geeklan.co.uk",
 "text": "Issue is definitely with Disk Utility.app on OS X\nJust managed to burn the FreeBSD-12.0-CURRENT-powerpc-20161221-r310361-disc1.iso using cdrecord without issue.\n\ncdrecord speed=8 dev=/dev/cd0c FreeBSD-12.0-CURRENT-powerpc-20161221-r310361-disc1.iso\ncdrecord: No write mode specified.\ncdrecord: Assuming -sao mode.\ncdrecord: If your drive does not accept -sao, try -tao.\ncdrecord: Future versions of cdrecord may have different drive dependent defaults.\nCdrecord-ProDVD-ProBD-Clone 3.01 (powerpc-apple-netbsd7.99.56) Copyright (C) 1995-2015 Joerg Schilling\nscsidev: '/dev/cd0c'\ndevname: '/dev/cd0c'\nscsibus: -2 target: -2 lun: -2\nUsing libscg version 'schily-0.9'.\nDevice type    : Removable CD-ROM\nVersion        : 0\nResponse Format: 2\nCapabilities   :\nVendor_info    : 'MATSHITA'\nIdentifikation : 'CD-RW  CW-8123  '\nRevision       : 'CAD4'\nDevice seems to be: Generic mmc2 DVD-ROM.\nUsing generic SCSI-3/mmc   CD-R/CD-RW driver (mmc_cdr).\nDriver flags   : MMC-2 SWABAUDIO BURNFREE\nSupported modes: TAO PACKET SAO SAO/R96P SAO/R96R RAW/R16 RAW/R96P RAW/R96R\ncdrecord: Warning: Cannot read drive buffer.\ncdrecord: Warning: The DMA speed test has been skipped.\nStarting to write CD/DVD/BD at speed 8 in real SAO mode for single session.\nLast chance to quit, starting real write    0 seconds. Operation starts.\nTurning BURN-Free off\ncdrecord: WARNING: Drive returns wrong startsec (0) using -150\nTrack 01: Total bytes read/written: 520865792/520865792 (254329 sectors). \n\n\n\nCopyright (c) 1992-2016 The FreeBSD Project.\nCopyright (c) 1979, 1980, 1983, 1986, 1988, 1989, 1991, 1992, 1993, 1994\n    The Regents of the University of California. All rights reserved.\nFreeBSD is a registered trademark of The FreeBSD Foundation.\nFreeBSD 12.0-CURRENT #0 r310361: Wed Dec 21 15:49:56 UTC 2016\n\nroot@releng3.nyi.freebsd.org:/usr/obj/powerpc.powerpc/usr/src/sys/GENERIC powerpc\ngcc version 4.2.1 20070831 patched [FreeBSD]\nWARNING: WITNESS option enabled, expect reduced performance.\nVT(ofwfb): resolution 1440x900\ncpu0: IBM PowerPC 970FX revision 3.0, 900.40 MHz\ncpu0: Features dc000000\u003cPPC32,PPC64,ALTIVEC,FPU,MMU\u003e\ncpu0: HID0 511081\u003cNAP,DPM,NHR,TBEN,ENATTN\u003e\nreal memory  = 2126036992 (2027 MB)\navail memory = 2019106816 (1925 MB)\nrandom: unblocking device.\nrandom: entropy device external interface\nkbd0 at kbdmux0\nofwbus0: \u003cOpen Firmware Device Tree\u003e on nexus0\ncpulist0: \u003cOpen Firmware CPU Group\u003e on ofwbus0\ncpu0: \u003cOpen Firmware CPU\u003e on cpulist0\npcr0: \u003cPPC 970 Power Control Register\u003e on cpu0\npowermac_nvram0: \u003cApple NVRAM\u003e mem 0xfff04000-0xfff07fff on ofwbus0\npowermac_nvram0: bank0 generation 222, bank1 generation 221\nunin0: \u003cApple UniNorth System Controller\u003e mem 0xf8000000-0xf8ffffff on ofwbus0\nunin0: Version 57\niichb0: \u003cKeywest I2C controller\u003e mem 0xf8001000-0xf8001fff irq 0 on unin0\niicbus0: \u003cOFW I2C bus\u003e on iichb0\niicbus0: \u003cunknown card\u003e at addr 0x1c0\nhtpic0: \u003cOpenPIC Interrupt Controller\u003e mem 0xf8040000-0xf807ffff irq 224 on unin0\npcib0: \u003cApple U3 Host-AGP bridge\u003e mem 0xf0000000-0xf1ffffff on ofwbus0\npci0: \u003cOFW PCI bus\u003e on pcib0\nvgapci0: \u003cVGA-compatible display\u003e mem 0x91000000-0x91ffffff,0xa0000000-0xa7ffffff irq 187 at device 16.0 on pci0\nbacklight0: \u003cPowerBook backlight for nVidia graphics\u003e on vgapci0\nvgapci0: Boot video device\nagp0: \u003cApple U3 AGP Bridge\u003e on hostb0\npcib1: \u003cIBM CPC9X5 HyperTransport Tunnel\u003e mem 0xf2000000-0xf47fffff,0xf8070000-0xf8070fff on ofwbus0\npcib1: 86 HT IRQs on device 1.0\npci1: \u003cOFW PCI bus\u003e on pcib1\npcib2: \u003cOFW PCI-PCI bridge\u003e at device 1.0 on pci1\npci2: \u003cOFW PCI bus\u003e on pcib2\ngem0: \u003cApple Shasta GMAC Ethernet\u003e mem 0x80400000-0x805fffff irq 168 at device 15.0 on pci2\nmiibus0: \u003cMII bus\u003e on gem0\nbmtphy0: \u003cBCM5221 10/100 media interface\u003e PHY 0 on miibus0\nbmtphy0:  none, 10baseT, 10baseT-FDX, 100baseTX, 100baseTX-FDX, auto, auto-flow\ngem0: 10kB RX FIFO, 4kB TX FIFO\ngem0: Ethernet address: 00:0d:93:\npcib3: \u003cOFW PCI-PCI bridge\u003e at device 2.0 on pci1\npci3: \u003cOFW PCI bus\u003e on pcib3\nmacio0: \u003cShasta I/O Controller\u003e mem 0x80000000-0x8007ffff at device 7.0 on pci3\nopenpic0: \u003cOpenPIC Interrupt Controller\u003e mem 0x40000-0x7ffff on macio0\nmacgpio0: \u003cMacIO GPIO Controller\u003e mem 0x50-0x8a on macio0\nscc0: \u003cZilog Z8530 dual channel SCC\u003e mem 0x13000-0x13fff,0x8400-0x84ff,0x8500-0x85ff,0x8600-0x86ff,0x8700-0x87ff irq 151,145,146,152,147,148 on macio0\nuart0: \u003cz8530, channel A\u003e on scc0\nuart1: \u003cz8530, channel B\u003e on scc0\niichb1: \u003cKeywest I2C controller\u003e mem 0x18000-0x18fff irq 155 on macio0\niicbus1: \u003cOFW I2C bus\u003e on iichb1\niicbus1: \u003cunknown card\u003e at addr 0x1c0\nsnapper0: \u003cTexas Instruments TAS3004 Audio Codec\u003e at addr 0x6a on iicbus1\npcm0: \u003cApple I2S Audio Controller\u003e mem 0x10000-0x10fff,0x8000-0x80ff,0x8100-0x81ff irq 156,139,140,157,141,142 on macio0\npci3: \u003cnetwork\u003e at device 1.0 (no driver attached)\nohci0: \u003cNEC uPD 9210 USB controller\u003e mem 0x80082000-0x80082fff irq 198 at device 11.0 on pci3\nusbus0 on ohci0\nohci1: \u003cNEC uPD 9210 USB controller\u003e mem 0x80081000-0x80081fff irq 198 at device 11.1 on pci3\nusbus1 on ohci1\nehci0: \u003cNEC uPD 72010x USB 2.0 controller\u003e mem 0x80080000-0x800800ff irq 198 at device 11.2 on pci3\nusbus2: EHCI version 1.0\nusbus2 on ehci0\npcib4: \u003cOFW PCI-PCI bridge\u003e at device 3.0 on pci1\npci4: \u003cOFW PCI bus\u003e on pcib4\natapci0: \u003cServerWorks K2 SATA150 controller\u003e mem 0x80102000-0x80103fff irq 138 at device 12.0 on pci4\npcib1: failed to reserve resource for pcib4\natapci0: 0x10 bytes of rid 0x20 res 4 failed (0, 0xffffffffffffffff).\nata2: \u003cATA channel\u003e at channel 0 on atapci0\nata3: \u003cATA channel\u003e at channel 1 on atapci0\nata4: \u003cATA channel\u003e at channel 2 on atapci0\nata5: \u003cATA channel\u003e at channel 3 on atapci0\nata0: \u003cShasta Kauai ATA Controller\u003e mem 0x80104000-0x80107fff irq 166,165 at device 13.0 on pci4\nfwohci0: \u003c1394 Open Host Controller Interface\u003e mem 0x80100000-0x80100fff irq 167 at device 14.0 on pci4\nfwohci0: OHCI version 1.0 (ROM=0)\nfwohci0: No. of Isochronous channels is 8.\nfwohci0: EUI64 00:0d:93:ff:fe:\nfwohci0: Phy 1394a available S400, 2 ports.\nfwohci0: Link S400, max_rec 2048 bytes.\nfirewire0: \u003cIEEE1394(FireWire) bus\u003e on fwohci0\nfwe0: \u003cEthernet over FireWire\u003e on firewire0\nif_fwe0: Fake Ethernet address: 02:0d:93:\nfwe0: Ethernet address: 02:0d:93:\nsbp0: \u003cSBP-2/SCSI over FireWire\u003e on firewire0\nfwohci0: Initiate bus reset\nfwohci0: fwohci_intr_core: BUS reset\nfwohci0: PhysicalUpperBound register is not implemented.  Physical memory access is limited to the first 4GB\nfwohci0: PhysicalUpperBound = 0x00000000\nfwohci0: fwohci_intr_core: node_id=0x00000000, SelfID Count=2, CYCLEMASTER mode\nsmu0: \u003cApple System Management Unit\u003e on ofwbus0\niichb2: \u003cSMU I2C controller\u003e on smu0\niicbus2: \u003cOFW I2C bus\u003e on iichb2\nds17750: \u003cTemp-Monitor DS1775\u003e at addr 0x92 on iicbus2\niicbus2: \u003cunknown card\u003e at addr 0xd4\niichb3: \u003cSMU I2C controller\u003e on smu0\niicbus3: \u003cOFW I2C bus\u003e on iichb3\ncryptosoft0: \u003csoftware crypto\u003e on nexus0\nNULL mp in getnewvnode()\nTimecounter \"timebase\" frequency 33333333 Hz quality 0\nEvent timer \"decrementer\" frequency 33333333 Hz quality 1000\nTimecounters tick every 1.000 msec\nfirewire0: 1 nodes, maxhop \u003c= 0 cable IRM irm(0)  (me)\nfirewire0: bus manager 0\nusbus0: 12Mbps Full Speed USB v1.0\nusbus1: 12Mbps Full Speed USB v1.0\nugen1.1: \u003cNEC OHCI root HUB\u003e at usbus1\nuhub0: \u003cNEC OHCI root HUB, class 9/0, rev 1.00/1.00, addr 1\u003e on usbus1\nugen0.1: \u003cNEC OHCI root HUB\u003e at usbus0\nuhub1: \u003cNEC OHCI root HUB, class 9/0, rev 1.00/1.00, addr 1\u003e on usbus0\nusbus2: 480Mbps High Speed USB v2.0\nugen2.1: \u003cNEC EHCI root HUB\u003e at usbus2\nuhub2: \u003cNEC EHCI root HUB, class 9/0, rev 2.00/1.00, addr 1\u003e on usbus2\nuhub0: 2 ports with 2 removable, self powered\nuhub1: 3 ports with 3 removable, self powered\nuhub2: 5 ports with 5 removable, self powered\nugen2.2: \u003cApple, Inc. Keyboard Hub\u003e at usbus2\nuhub3 on uhub2\nuhub3: \u003cApple, Inc. Keyboard Hub, class 9/0, rev 2.00/95.15, addr 2\u003e on usbus2\ncd0 at ata0 bus 0 scbus4 target 0 lun 0\ncd0: \u003cMATSHITA DVD-R   UJ-825 DBN7\u003e Removable CD-ROM SCSI device\ncd0: 66.700MB/s transfers (UDMA4, ATAPI 12bytes, PIO 65534bytes)\ncd0: Attempt to query device size failed: NOT READY, Medium not present\nada0 at ata2 bus 0 scbus0 target 0 lun 0\nada0: \u003cHitachi HDT725032VLA360 V54OA73A\u003e ATA-7 SATA 2.x device\nada0: Serial Number VFD200XXXXXXXX\nada0: 150.000MB/s transfers (SATA 1.x, UDMA5, PIO 8192bytes)\nada0: 305244MB (625140335 512 byte sectors)uhub3: 3 ports with 2 removable, bus powered\n\ntaskqgroup_adjust failed cnt: 1 stride: 1 mp_ncpus: 1 smp_started: 0\ntaskqgroup_adjust failed cnt: 1 stride: 1 mp_ncpus: 1 smp_started: 0\nWARNING: WITNESS option enabled, expect reduced performance.\nTrying to mount root from ufs:/dev/ada0s4 [rw]..."
}