{
 "id": 838412,
 "bug_id": 202764,
 "attachment_id": 0,
 "creation_time": "2015-08-30T05:10:17Z",
 "creator": "philk@rotfl.com.au",
 "text": "Every reboot causes the secondary GPT header to become corrupt.\n\ndmesg snip...\n\nCopyright (c) 1992-2015 The FreeBSD Project.\nCopyright (c) 1979, 1980, 1983, 1986, 1988, 1989, 1991, 1992, 1993, 1994\n        The Regents of the University of California. All rights reserved.\nFreeBSD is a registered trademark of The FreeBSD Foundation.\nFreeBSD 10.2-RELEASE #0 r286666: Wed Aug 12 15:26:37 UTC 2015\n    root@releng1.nyi.freebsd.org:/usr/obj/usr/src/sys/GENERIC amd64\nFreeBSD clang version 3.4.1 (tags/RELEASE_34/dot1-final 208032) 20140512\nCPU: Intel(R) Core(TM) i7 CPU       M 620  @ 2.67GHz (2660.06-MHz K8-class CPU)\n  Origin=\"GenuineIntel\"  Id=0x20652  Family=0x6  Model=0x25  Stepping=2\n  Features=0xbfebfbff\u003cFPU,VME,DE,PSE,TSC,MSR,PAE,MCE,CX8,APIC,SEP,MTRR,PGE,MCA,CMOV,PAT,PSE36,CLFLUSH,DTS,ACPI,MMX,FXSR,SSE,SSE2,SS,\nHTT,TM,PBE\u003e\n  Features2=0x298e3ff\u003cSSE3,PCLMULQDQ,DTES64,MON,DS_CPL,VMX,SMX,EST,TM2,SSSE3,CX16,xTPR,PDCM,SSE4.1,SSE4.2,POPCNT,AESNI\u003e\n  AMD Features=0x28100800\u003cSYSCALL,NX,RDTSCP,LM\u003e\n  AMD Features2=0x1\u003cLAHF\u003e\n  VT-x: PAT,HLT,MTF,PAUSE,EPT,UG,VPID\n  TSC: P-state invariant, performance statistics\nreal memory  = 8589934592 (8192 MB)\navail memory = 8256385024 (7873 MB)\nEvent timer \"LAPIC\" quality 600\nACPI APIC Table: \u003cDELL   E2     \u003e\nFreeBSD/SMP: Multiprocessor System Detected: 4 CPUs\nFreeBSD/SMP: 1 package(s) x 2 core(s) x 2 SMT threads\n cpu0 (BSP): APIC ID:  0\n cpu1 (AP): APIC ID:  1\n cpu2 (AP): APIC ID:  4\n cpu3 (AP): APIC ID:  5\nACPI BIOS Warning (bug): 32/64X FACS address mismatch in FADT: 0xCF36BF40/0x00000000CF36ED40, using 64-bit address (20150515/tbfadt-\n305)\n\nada0 at ahcich0 bus 0 scbus0 target 0 lun 0\nada0: \u003cST9640423AS 0001SDM1\u003e ATA8-ACS SATA 2.x device\nada0: Serial Number 5WS0JWSP\nada0: 300.000MB/s transfers (SATA 2.x, cd0 at ahcich1 bus 0 scbus1 target 0 lun 0\n\nada0: Command Queueing enabled\nada0: 610480MB (1250263728 512 byte sectors: 16H 63S/T 16383C)\nada0: quirks=0x1\u003c4K\u003e\nada0: Previously was known as ad4\n\nGEOM: ada0: the secondary GPT table is corrupt or invalid.\nGEOM: ada0: using the primary only -- recovery suggested.\nGEOM: diskid/DISK-5WS0JWSP: the secondary GPT table is corrupt or invalid.\nGEOM: diskid/DISK-5WS0JWSP: using the primary only -- recovery suggested.\n\n# uname -a\nFreeBSD catbert.rotfl.com.au 10.2-RELEASE FreeBSD 10.2-RELEASE #0 r286666: Wed Aug 12 15:26:37 UTC 2015     root@releng1.nyi.freebsd.org:/usr/obj/usr/src/sys/GENERIC  amd64\n\n# gpart show\n=\u003e        34  1250263661  ada0  GPT  (596G) [CORRUPT]\n          34           6        - free -  (3.0K)\n          40        1024     1  freebsd-boot  (512K)\n        1064  1241512952     2  freebsd-ufs  (592G)\n  1241514016     4194304     3  freebsd-swap  (2.0G)\n  1245708320     4555375        - free -  (2.2G)\n\n# gpart status\n  Name   Status  Components\nada0p1  CORRUPT  ada0\nada0p2  CORRUPT  ada0\nada0p3  CORRUPT  ada0\n\n# gpart recover ada0\nada0 recovered\n\n# gpart status\n  Name  Status  Components\nada0p1      OK  ada0\nada0p2      OK  ada0\nada0p3      OK  ada0\n\nBut after a reboot, it will be corrupt again.\n\nEither the gpart recover command isn't actually rewriting the secondary GPT header, or something in the shutdown process is corrupting it."
}