{
 "id": 545066,
 "bug_id": 144055,
 "attachment_id": 0,
 "creation_time": "2010-02-18T10:10:01Z",
 "creator": "vermaden@interia.pl",
 "text": "After adding a 1TB SATA disk to this IBM x226 (attached at powered down)\nI created some filesystems on it and mounted it, short time after that\nwe saw kernel panic and reboot with these error messages:\n\nFeb 17 21:54:09 x226 kernel: ad2: timeout waiting to issue command\nFeb 17 21:54:09 x226 kernel: ad2: error issuing FLUSHCACHE48 command\nFeb 17 21:54:10 x226 kernel: ad2: TIMEOUT - READ_DMA48 retrying (1 retry left) LBA=1153433663\nFeb 17 21:54:10 x226 kernel: ad2: FAILURE - READ_DMA48 status=51\u003cREADY,DSC,ERROR\u003e error=10\u003cNID_NOT_FOUND\u003e LBA=1153433663\nFeb 17 21:54:10 x226 kernel: GEOM_JOURNAL: Error while reading data from ad2s1 (error=5).\nFeb 18 00:01:10 x226 kernel: ad2: TIMEOUT - READ_DMA retrying (1 retry left) LBA=72617663\n\n.. and kernel panic next.\n\nBelow I attach dmesg/pciconf/fstab/loader.conf outputs/content:\n\ndmesg:\n----------------------------------------------------------------\nCopyright (c) 1992-2009 The FreeBSD Project.\nCopyright (c) 1979, 1980, 1983, 1986, 1988, 1989, 1991, 1992, 1993, 1994\n        The Regents of the University of California. All rights reserved.\nFreeBSD is a registered trademark of The FreeBSD Foundation.\nFreeBSD 8.0-RC2 #0: Sun Oct 25 07:27:19 UTC 2009\n    root@mason.cse.buffalo.edu:/usr/obj/usr/src/sys/GENERIC\nTimecounter \"i8254\" frequency 1193182 Hz quality 0\nCPU: Intel(R) Xeon(TM) CPU 3.00GHz (3000.12-MHz K8-class CPU)\n  Origin = \"GenuineIntel\"  Id = 0xf43  Stepping = 3\n  Features=0xbfebfbff\u003cFPU,VME,DE,PSE,TSC,MSR,PAE,MCE,CX8,APIC,SEP,MTRR,PGE,MCA,CMOV,PAT,PSE36,CLFLUSH,DTS,ACPI,MMX,FXSR,SSE,SSE2,SS,HTT,TM,PBE\u003e\n  Features2=0x641d\u003cSSE3,DTES64,MON,DS_CPL,CNXT-ID,CX16,xTPR\u003e\n  AMD Features=0x20100800\u003cSYSCALL,NX,LM\u003e\n  TSC: P-state invariant\nreal memory  = 4294967296 (4096 MB)\navail memory = 4106801152 (3916 MB)\nACPI APIC Table: \u003cPTLTD          APIC  \u003e\nFreeBSD/SMP: Multiprocessor System Detected: 4 CPUs\nFreeBSD/SMP: 2 package(s) x 1 core(s) x 2 HTT threads\n cpu0 (BSP): APIC ID:  0\n cpu1 (AP/HT): APIC ID:  1\n cpu2 (AP): APIC ID:  6\n cpu3 (AP/HT): APIC ID:  7\nioapic0 \u003cVersion 2.0\u003e irqs 0-23 on motherboard\nioapic1 \u003cVersion 2.0\u003e irqs 24-47 on motherboard\nioapic2 \u003cVersion 2.0\u003e irqs 48-71 on motherboard\nkbd1 at kbdmux0\nacpi0: \u003cPTLTD   RSDT\u003e on motherboard\nacpi0: [ITHREAD]\nacpi0: Power Button (fixed)\nTimecounter \"ACPI-fast\" frequency 3579545 Hz quality 1000\nacpi_timer0: \u003c24-bit timer at 3.579545MHz\u003e port 0x1008-0x100b on acpi0\npcib0: \u003cACPI Host-PCI bridge\u003e port 0xcf8-0xcff on acpi0\npci0: \u003cACPI PCI bus\u003e on pcib0\npcib1: \u003cACPI PCI-PCI bridge\u003e irq 16 at device 2.0 on pci0\npci1: \u003cACPI PCI bus\u003e on pcib1\nbge0: \u003cBroadcom NetXtreme Gigabit Ethernet Controller, ASIC rev. 0x4101\u003e mem 0xd0100000-0xd010ffff irq 16 at device 0.0 on pci1\nmiibus0: \u003cMII bus\u003e on bge0\nbrgphy0: \u003cBCM5750 10/100/1000baseTX PHY\u003e PHY 1 on miibus0\nbrgphy0:  10baseT, 10baseT-FDX, 100baseTX, 100baseTX-FDX, 1000baseT, 1000baseT-FDX, auto\nbge0: Ethernet address: 00:14:5e:46:64:9d\nbge0: [ITHREAD]\npcib2: \u003cACPI PCI-PCI bridge\u003e at device 3.0 on pci0\npci2: \u003cACPI PCI bus\u003e on pcib2\npcib3: \u003cACPI PCI-PCI bridge\u003e at device 0.0 on pci2\npci3: \u003cACPI PCI bus\u003e on pcib3\npcib4: \u003cACPI PCI-PCI bridge\u003e at device 1.0 on pci3\npci4: \u003cACPI PCI bus\u003e on pcib4\nips0: \u003cAdaptec ServeRAID Adapter\u003e mem 0xd0400000-0xd0400fff irq 28 at device 8.0 on pci4\nips0: [ITHREAD]\nahd0: \u003cAdaptec AIC7902 Ultra320 SCSI adapter\u003e port 0x2400-0x24ff,0x2000-0x20ff mem 0xd0300000-0xd0301fff irq 30 at device 3.0 on pci3\nahd0: [ITHREAD]\naic7902: Ultra320 Wide Channel A, SCSI Id=7, PCI-X 67-100Mhz, 512 SCBs\nahd1: \u003cAdaptec AIC7902 Ultra320 SCSI adapter\u003e port 0x2c00-0x2cff,0x2800-0x28ff mem 0xd0302000-0xd0303fff irq 31 at device 3.1 on pci3\nahd1: [ITHREAD]\naic7902: Ultra320 Wide Channel B, SCSI Id=7, PCI-X 67-100Mhz, 512 SCBs\npcib5: \u003cACPI PCI-PCI bridge\u003e at device 0.2 on pci2\npci5: \u003cACPI PCI bus\u003e on pcib5\npcib6: \u003cACPI PCI-PCI bridge\u003e irq 16 at device 4.0 on pci0\npci6: \u003cACPI PCI bus\u003e on pcib6\nuhci0: \u003cIntel 82801EB (ICH5) USB controller USB-A\u003e port 0x1400-0x141f irq 16 at device 29.0 on pci0\nuhci0: [ITHREAD]\nuhci0: LegSup = 0x003b\nusbus0: \u003cIntel 82801EB (ICH5) USB controller USB-A\u003e on uhci0\nuhci1: \u003cIntel 82801EB (ICH5) USB controller USB-B\u003e port 0x1420-0x143f irq 19 at device 29.1 on pci0\nuhci1: [ITHREAD]\nuhci1: LegSup = 0x0010\nusbus1: \u003cIntel 82801EB (ICH5) USB controller USB-B\u003e on uhci1\nuhci2: \u003cIntel 82801EB (ICH5) USB controller USB-C\u003e port 0x1440-0x145f irq 18 at device 29.2 on pci0\nuhci2: [ITHREAD]\nuhci2: LegSup = 0x0010\nusbus2: \u003cIntel 82801EB (ICH5) USB controller USB-C\u003e on uhci2\nuhci3: \u003cIntel 82801EB (ICH5) USB controller USB-D\u003e port 0x1460-0x147f irq 16 at device 29.3 on pci0\nuhci3: [ITHREAD]\nuhci3: LegSup = 0x0010\nusbus3: \u003cIntel 82801EB (ICH5) USB controller USB-D\u003e on uhci3\nehci0: \u003cIntel 82801EB/R (ICH5) USB 2.0 controller\u003e mem 0xd0000000-0xd00003ff irq 23 at device 29.7 on pci0\nehci0: [ITHREAD]\nusbus4: EHCI version 1.0\nusbus4: \u003cIntel 82801EB/R (ICH5) USB 2.0 controller\u003e on ehci0\npcib7: \u003cACPI PCI-PCI bridge\u003e at device 30.0 on pci0\npci7: \u003cACPI PCI bus\u003e on pcib7\nrl0: \u003cRealTek 8139 10/100BaseTX\u003e port 0x3000-0x30ff mem 0xd0510000-0xd05100ff irq 16 at device 1.0 on pci7\nmiibus1: \u003cMII bus\u003e on rl0\nrlphy0: \u003cRealTek internal media interface\u003e PHY 0 on miibus1\nrlphy0:  10baseT, 10baseT-FDX, 100baseTX, 100baseTX-FDX, auto\nrl0: Ethernet address: 00:30:4f:12:af:0c\nrl0: [ITHREAD]\nrl1: \u003cRealTek 8139 10/100BaseTX\u003e port 0x3400-0x34ff mem 0xd0510400-0xd05104ff irq 17 at device 2.0 on pci7\nmiibus2: \u003cMII bus\u003e on rl1\nrlphy1: \u003cRealTek internal media interface\u003e PHY 0 on miibus2\nrlphy1:  10baseT, 10baseT-FDX, 100baseTX, 100baseTX-FDX, auto\nrl1: Ethernet address: 00:02:44:4c:4e:b6\nrl1: [ITHREAD]\nvgapci0: \u003cVGA-compatible display\u003e port 0x3800-0x38ff mem 0xd8000000-0xdfffffff,0xd0500000-0xd050ffff irq 22 at device 4.0 on pci7\nisab0: \u003cPCI-ISA bridge\u003e at device 31.0 on pci0\nisa0: \u003cISA bus\u003e on isab0\natapci0: \u003cIntel ICH5 SATA150 controller\u003e port 0x1f0-0x1f7,0x3f6,0x170-0x177,0x376,0x14b0-0x14bf at device 31.2 on pci0\nata0: \u003cATA channel 0\u003e on atapci0\nata0: [ITHREAD]\nata1: \u003cATA channel 1\u003e on atapci0\nata1: [ITHREAD]\npci0: \u003cserial bus, SMBus\u003e at device 31.3 (no driver attached)\nacpi_button0: \u003cPower Button\u003e on acpi0\natrtc0: \u003cAT realtime clock\u003e port 0x70-0x71 irq 8 on acpi0\nfdc0: \u003cfloppy drive controller\u003e port 0x3f0-0x3f5,0x3f7 irq 6 drq 2 on acpi0\nfdc0: [FILTER]\nfd0: \u003c1440-KB 3.5\" drive\u003e on fdc0 drive 0\nppc0: \u003cParallel port\u003e port 0x378-0x37f,0x778-0x77f irq 7 drq 4 on acpi0\nppc0: SMC-like chipset (ECP/EPP/PS2/NIBBLE) in COMPATIBLE mode\nppc0: FIFO with 16/16/8 bytes threshold\nppc0: [ITHREAD]\nppbus0: \u003cParallel port bus\u003e on ppc0\nplip0: \u003cPLIP network interface\u003e on ppbus0\nplip0: [ITHREAD]\nlpt0: \u003cPrinter\u003e on ppbus0\nlpt0: [ITHREAD]\nlpt0: Interrupt-driven port\nppi0: \u003cParallel I/O\u003e on ppbus0\nuart0: \u003c16550 or compatible\u003e port 0x3f8-0x3ff irq 4 flags 0x10 on acpi0\nuart0: [FILTER]\nuart1: \u003c16550 or compatible\u003e port 0x2f8-0x2ff irq 3 on acpi0\nuart1: [FILTER]\natkbdc0: \u003cKeyboard controller (i8042)\u003e port 0x60,0x64 irq 1 on acpi0\natkbd0: \u003cAT Keyboard\u003e irq 1 on atkbdc0\nkbd0 at atkbd0\natkbd0: [GIANT-LOCKED]\natkbd0: [ITHREAD]\npsm0: \u003cPS/2 Mouse\u003e irq 12 on atkbdc0\npsm0: [GIANT-LOCKED]\npsm0: [ITHREAD]\npsm0: model IntelliMouse, device ID 3\ncpu0: \u003cACPI CPU\u003e on acpi0\np4tcc0: \u003cCPU Frequency Thermal Control\u003e on cpu0\ncpu1: \u003cACPI CPU\u003e on acpi0\np4tcc1: \u003cCPU Frequency Thermal Control\u003e on cpu1\ncpu2: \u003cACPI CPU\u003e on acpi0\np4tcc2: \u003cCPU Frequency Thermal Control\u003e on cpu2\ncpu3: \u003cACPI CPU\u003e on acpi0\np4tcc3: \u003cCPU Frequency Thermal Control\u003e on cpu3\norm0: \u003cISA Option ROMs\u003e at iomem 0xc0000-0xc8fff,0xc9000-0xca7ff,0xca800-0xcdfff on isa0\nsc0: \u003cSystem console\u003e at flags 0x100 on isa0\nsc0: VGA \u003c16 virtual consoles, flags=0x300\u003e\nvga0: \u003cGeneric ISA VGA\u003e at port 0x3c0-0x3df iomem 0xa0000-0xbffff on isa0\nTimecounters tick every 1.000 msec\nWaiting 5 seconds for SCSI devices to settle\nusbus0: 12Mbps Full Speed USB v1.0\nusbus1: 12Mbps Full Speed USB v1.0\nusbus2: 12Mbps Full Speed USB v1.0\nusbus3: 12Mbps Full Speed USB v1.0\nusbus4: 480Mbps High Speed USB v2.0\nugen0.1: \u003cIntel\u003e at usbus0\nuhub0: \u003cIntel UHCI root HUB, class 9/0, rev 1.00/1.00, addr 1\u003e on usbus0\nugen1.1: \u003cIntel\u003e at usbus1\nuhub1: \u003cIntel UHCI root HUB, class 9/0, rev 1.00/1.00, addr 1\u003e on usbus1\nugen2.1: \u003cIntel\u003e at usbus2\nuhub2: \u003cIntel UHCI root HUB, class 9/0, rev 1.00/1.00, addr 1\u003e on usbus2\nugen3.1: \u003cIntel\u003e at usbus3\nuhub3: \u003cIntel UHCI root HUB, class 9/0, rev 1.00/1.00, addr 1\u003e on usbus3\nugen4.1: \u003cIntel\u003e at usbus4\nuhub4: \u003cIntel EHCI root HUB, class 9/0, rev 2.00/1.00, addr 1\u003e on usbus4\nacd0: CDROM \u003cTSSTcorp CD-ROM TS-H192C/IB00\u003e at ata0-master UDMA33\nad2: 953869MB \u003cSeagate ST31000340NS SN06\u003e at ata1-master SATA150\nips0: adapter type: ServeRAID 6M (marco)\nips0: logical drives: 1\nips0: Logical Drive 0: RAID1 sectors: 71096320, state OK\nipsd0: \u003cLogical Drive\u003e on ips0\nipsd0: Logical Drive  (34715MB)\nuhub0: 2 ports with 2 removable, self powered\nuhub1: 2 ports with 2 removable, self powered\nuhub2: 2 ports with 2 removable, self powered\nuhub3: 2 ports with 2 removable, self powered\nGEOM: ipsd0: partition 1 does not start on a track boundary.\nGEOM: ipsd0: partition 1 does not end on a track boundary.\nGEOM: ad2s1: geometry does not match label (255h,63s != 16h,63s).\nGEOM: ad2s1: media size does not match label.\nGEOM_JOURNAL: Journal 1126572298: ad2s1 contains data.\nGEOM_JOURNAL: Journal 1126572298: ad2s1 contains journal.\nGEOM_JOURNAL: Journal ad2s1 clean.\nGEOM: ipsd0s1: geometry does not match label (255h,63s != 128h,32s).\nuhub4: 8 ports with 8 removable, self powered\nugen2.2: \u003cvendor 0x046d\u003e at usbus2\nukbd0: \u003cvendor 0x046d product 0xc30e, class 0/0, rev 1.10/1.80, addr 2\u003e on usbus2\nkbd2 at ukbd0\nuhid0: \u003cvendor 0x046d product 0xc30e, class 0/0, rev 1.10/1.80, addr 2\u003e on usbus2\nSMP: AP CPU #1 Launched!\nSMP: AP CPU #2 Launched!\nSMP: AP CPU #3 Launched!\nTrying to mount root from ufs:/dev/ipsd0s1a\nbge0: link state changed to UP\nrl0: link state changed to UP\nrl1: link state changed to UP\n/usr/backup: optimization changed from TIME to SPACE\nugen2.2: \u003cvendor 0x046d\u003e at usbus2 (disconnected)\nukbd0: at uhub2, port 2, addr 2 (disconnected)\nuhid0: at uhub2, port 2, addr 2 (disconnected)\n----------------------------------------------------------------\n\npciconf -l -v\n----------------------------------------------------------------\nhostb0@pci0:0:0:0:      class=0x060000 card=0x359e8086 chip=0x359e8086 rev=0x0c hdr=0x00\n    vendor     = 'Intel Corporation'\n    device     = 'E7525 Workstation Memory Controller Hub'\n    class      = bridge\n    subclass   = HOST-PCI\npcib1@pci0:0:2:0:       class=0x060400 card=0x00000000 chip=0x35958086 rev=0x0c hdr=0x01\n    vendor     = 'Intel Corporation'\n    device     = 'E752x Memory Controller Hub PCIe Port A0'\n    class      = bridge\n    subclass   = PCI-PCI\npcib2@pci0:0:3:0:       class=0x060400 card=0x00000000 chip=0x35968086 rev=0x0c hdr=0x01\n    vendor     = 'Intel Corporation'\n    device     = 'E752x Memory Controller Hub PCIe Port A1'\n    class      = bridge\n    subclass   = PCI-PCI\npcib6@pci0:0:4:0:       class=0x060400 card=0x00000000 chip=0x35978086 rev=0x0c hdr=0x01\n    vendor     = 'Intel Corporation'\n    device     = 'E752x Memory Controller Hub PCIe Port B0'\n    class      = bridge\n    subclass   = PCI-PCI\nuhci0@pci0:0:29:0:      class=0x0c0300 card=0x02ed1014 chip=0x24d28086 rev=0x02 hdr=0x00\n    vendor     = 'Intel Corporation'\n    device     = '82801EB/ER (ICH5/ICH5R) USB UHCI Controller *1'\n    class      = serial bus\n    subclass   = USB\nuhci1@pci0:0:29:1:      class=0x0c0300 card=0x02ed1014 chip=0x24d48086 rev=0x02 hdr=0x00\n    vendor     = 'Intel Corporation'\n    device     = '82801EB/ER (ICH5/ICH5R) USB UHCI Controller *2'\n    class      = serial bus\n    subclass   = USB\nuhci2@pci0:0:29:2:      class=0x0c0300 card=0x02ed1014 chip=0x24d78086 rev=0x02 hdr=0x00\n    vendor     = 'Intel Corporation'\n    device     = '82801EB/ER (ICH5/ICH5R) USB UHCI Controller *3'\n    class      = serial bus\n    subclass   = USB\nuhci3@pci0:0:29:3:      class=0x0c0300 card=0x02ed1014 chip=0x24de8086 rev=0x02 hdr=0x00\n    vendor     = 'Intel Corporation'\n    device     = '82801EB/ER (ICH5/ICH5R) USB UHCI Controller *4'\n    class      = serial bus\n    subclass   = USB\nehci0@pci0:0:29:7:      class=0x0c0320 card=0x02ed1014 chip=0x24dd8086 rev=0x02 hdr=0x00\n    vendor     = 'Intel Corporation'\n    device     = '82801EB/ER (ICH5/ICH5R) USB 2.0 EHCI Controller'\n    class      = serial bus\n    subclass   = USB\npcib7@pci0:0:30:0:      class=0x060400 card=0x00000000 chip=0x244e8086 rev=0xc2 hdr=0x01\n    vendor     = 'Intel Corporation'\n    device     = '82801 Family (ICH2/3/4/5/6/7/8/9,63xxESB) Hub Interface to PCI Bridge'\n    class      = bridge\n    subclass   = PCI-PCI\nisab0@pci0:0:31:0:      class=0x060100 card=0x00000000 chip=0x24d08086 rev=0x02 hdr=0x00\n    vendor     = 'Intel Corporation'\n    device     = '82801EB/ER (ICH5/ICH5R) LPC Interface Bridge'\n    class      = bridge\n    subclass   = PCI-ISA\natapci0@pci0:0:31:2:    class=0x01018a card=0x02dd1014 chip=0x24d18086 rev=0x02 hdr=0x00\n    vendor     = 'Intel Corporation'\n    device     = '82801EB (ICH5) SATA Controller'\n    class      = mass storage\n    subclass   = ATA\nnone0@pci0:0:31:3:      class=0x0c0500 card=0x02ed1014 chip=0x24d38086 rev=0x02 hdr=0x00\n    vendor     = 'Intel Corporation'\n    device     = '82801EB/ER (ICH5/ICH5R) SMBus Controller'\n    class      = serial bus\n    subclass   = SMBus\nbge0@pci0:1:0:0:        class=0x020000 card=0x02c61014 chip=0x165914e4 rev=0x11 hdr=0x00\n    vendor     = 'Broadcom Corporation'\n    device     = 'NetXtreme Gigabit Ethernet PCI Express (BCM5721)'\n    class      = network\n    subclass   = ethernet\npcib3@pci0:2:0:0:       class=0x060400 card=0x00000000 chip=0x03298086 rev=0x09 hdr=0x01\n    vendor     = 'Intel Corporation'\n    device     = 'PCI Express-to-PCI Express Bridge A (6700PXH)'\n    class      = bridge\n    subclass   = PCI-PCI\nioapic0@pci0:2:0:1:     class=0x080020 card=0x00000000 chip=0x03268086 rev=0x09 hdr=0x00\n    vendor     = 'Intel Corporation'\n    device     = '6700/6702PXH I/OxAPIC Interrupt Controller A'\n    class      = base peripheral\n    subclass   = interrupt controller\npcib5@pci0:2:0:2:       class=0x060400 card=0x00000000 chip=0x032a8086 rev=0x09 hdr=0x01\n    vendor     = 'Intel Corporation'\n    device     = 'PCI Express-to-PCI Express Bridge B (6700PXH)'\n    class      = bridge\n    subclass   = PCI-PCI\nioapic1@pci0:2:0:3:     class=0x080020 card=0x00000000 chip=0x03278086 rev=0x09 hdr=0x00\n    vendor     = 'Intel Corporation'\n    device     = 'I/OxAPIC Interrupt Controller B (6700PXH)'\n    class      = base peripheral\n    subclass   = interrupt controller\npcib4@pci0:3:1:0:       class=0x060400 card=0x00000000 chip=0x01a71014 rev=0x02 hdr=0x01\n    vendor     = 'International Business Machines Corp.'\n    device     = 'PCI-X Bridge R1.1 (IBM 133)'\n    class      = bridge\n    subclass   = PCI-PCI\nahd0@pci0:3:3:0:        class=0x010000 card=0x02cc1014 chip=0x801d9005 rev=0x10 hdr=0x00\n    vendor     = 'Adaptec Inc'\n    device     = 'Ultra320 SCSI Controller (AIC-7902B)'\n    class      = mass storage\n    subclass   = SCSI\nahd1@pci0:3:3:1:        class=0x010000 card=0x02cc1014 chip=0x801d9005 rev=0x10 hdr=0x00\n    vendor     = 'Adaptec Inc'\n    device     = 'Ultra320 SCSI Controller (AIC-7902B)'\n    class      = mass storage\n    subclass   = SCSI\nips0@pci0:4:8:0:        class=0x010400 card=0x02791014 chip=0x02509005 rev=0x02 hdr=0x00\n    vendor     = 'Adaptec Inc'\n    device     = 'ServeRAID Controller'\n    class      = mass storage\n    subclass   = RAID\nrl0@pci0:7:1:0: class=0x020000 card=0x813911f6 chip=0x813910ec rev=0x10 hdr=0x00\n    vendor     = 'Realtek Semiconductor'\n    device     = 'Realtek RTL8139 Family PCI Fast Ethernet NIC (RTL-8139/8139C/8139C)'\n    class      = network\n    subclass   = ethernet\nrl1@pci0:7:2:0: class=0x020000 card=0x032010bd chip=0x813910ec rev=0x10 hdr=0x00\n    vendor     = 'Realtek Semiconductor'\n    device     = 'Realtek RTL8139 Family PCI Fast Ethernet NIC (RTL-8139/8139C/8139C)'\n    class      = network\n    subclass   = ethernet\nvgapci0@pci0:7:4:0:     class=0x030000 card=0x02c81014 chip=0x51591002 rev=0x00 hdr=0x00\n    vendor     = 'ATI Technologies Inc. / Advanced Micro Devices, Inc.'\n    device     = 'Radeon 7000 / Radeon VE (RV100)'\n    class      = display\n    subclass   = VGA\n----------------------------------------------------------------\n\n\n/etc/fstab\n----------------------------------------------------------------\n# ROOT\n# Device        Mountpoint      FStype  Options         Dump    Pass#\n/dev/ipsd0s1b   none            swap    sw              0       0\n/dev/ipsd0s1a   /               ufs     rw              1       1\n/dev/ipsd0s1f   /usr            ufs     rw              2       2\n/dev/ipsd0s1d   /var            ufs     rw              2       2\n/dev/ipsd0s1e   /var/log        ufs     rw              2       2\n/dev/acd0       /cdrom          cd9660  ro,noauto       0       0\n\n# PSEUDO\n# Device        Mountpoint              FStype          Options         Dump    Pass#\nlinproc         /compat/linux/proc      linprocfs       rw              0       0\n\n# JOURNALED\n# Device                Mountpoint      FStype  Options                 Dump    Pass#\n/dev/label/storage      /storage        ufs     rw,async,noatime        2       2\n/dev/label/backup       /usr/backup     ufs     rw,async,noatime        2       2\n/dev/label/dokumenty    /usr/local/www  ufs     rw,async,noatime        2       2\n----------------------------------------------------------------\n\n/boot/loader.conf\n----------------------------------------------------------------\ngeom_journal_load=\"YES\"\n----------------------------------------------------------------"
}