{
 "id": 914331,
 "bug_id": 146436,
 "attachment_id": 0,
 "creation_time": "2017-01-02T10:02:56Z",
 "creator": "cyril.elkaim@free.fr",
 "text": "Hi,\n\nI have the same bug with my netbook (a compaq mini 1000) when I pull the plug. The machine runs on battery for 10-12 minutes then reboot almost every time. I was able to get a trace in the log during the reboot following the crash. My machine runs the latest FreeBSD 11 with all the patches applied.\n\nHope this may help,\n\nCyril Elkaim\n\nJan  1 21:50:01 citron power_profile: changed to 'economy'\nJan  1 22:12:28 citron syslogd: kernel boot file is /boot/kernel/kernel\nJan  1 22:12:28 citron kernel: panic: worklist_remove: 0xc7480e00 allocindir(0x5) not on list\nJan  1 22:12:28 citron kernel: cpuid = 0\nJan  1 22:12:28 citron kernel: KDB: stack backtrace:\nJan  1 22:12:28 citron kernel: #0 0xc0d6594f at kdb_backtrace+0x4f\nJan  1 22:12:28 citron kernel: #1 0xc0d15515 at vpanic+0x115\nJan  1 22:12:28 citron kernel: #2 0xc0d153fb at panic+0x1b\nJan  1 22:12:28 citron kernel: #3 0xc104f966 at softdep_disk_write_complete+0x18c6\nJan  1 22:12:28 citron kernel: #4 0xc0ddab76 at bufdone_finish+0x26\nJan  1 22:12:28 citron kernel: #5 0xc0ddaa12 at bufdone+0x62\nJan  1 22:12:28 citron kernel: #6 0xc0de41d8 at cluster_callback+0x58\nJan  1 22:12:28 citron kernel: #7 0xc0ddaa08 at bufdone+0x58\nJan  1 22:12:28 citron kernel: #8 0xc0c446d1 at g_vfs_done+0x351\nJan  1 22:12:28 citron kernel: #9 0xc0c3fe61 at g_io_deliver+0x311\nJan  1 22:12:28 citron kernel: #10 0xc0c43bfc at g_std_done+0x6c\nJan  1 22:12:28 citron kernel: #11 0xc0c3fe61 at g_io_deliver+0x311\nJan  1 22:12:28 citron kernel: #12 0xc0c3c957 at g_disk_done+0x1d7\nJan  1 22:12:28 citron kernel: #13 0xc0508f34 at adadone+0x11b4\nJan  1 22:12:28 citron kernel: #14 0xc04daa90 at xpt_done_process+0x910\nJan  1 22:12:28 citron kernel: #15 0xc04dd5b4 at xpt_done_td+0x1a4\nJan  1 22:12:28 citron kernel: #16 0xc0cc2e81 at fork_exit+0x71\nJan  1 22:12:28 citron kernel: Copyright (c) 1992-2016 The FreeBSD Project.\nJan  1 22:12:28 citron kernel: Copyright (c) 1979, 1980, 1983, 1986, 1988, 1989, 1991, 1992, 1993, 1994\nJan  1 22:12:28 citron kernel: The Regents of the University of California. All rights reserved.\nJan  1 22:12:28 citron kernel: FreeBSD is a registered trademark of The FreeBSD Foundation.\nJan  1 22:12:28 citron kernel: FreeBSD 11.0-RELEASE-p1 #0 r306420: Thu Sep 29 03:40:55 UTC 2016\nJan  1 22:12:28 citron kernel: root@releng2.nyi.freebsd.org:/usr/obj/usr/src/sys/GENERIC i386\nJan  1 22:12:28 citron kernel: FreeBSD clang version 3.8.0 (tags/RELEASE_380/final 262564) (based on LLVM 3.8.0)\nJan  1 22:12:28 citron kernel: VT(vga): resolution 640x480\nJan  1 22:12:28 citron kernel: CPU: Intel(R) Atom(TM) CPU N270   @ 1.60GHz (1596.04-MHz 686-class CPU)\nJan  1 22:12:28 citron kernel: Origin=\"GenuineIntel\"  Id=0x106c2  Family=0x6  Model=0x1c  Stepping=2\nJan  1 22:12:28 citron kernel: Features=0xbfe9fbff\u003cFPU,VME,DE,PSE,TSC,MSR,PAE,MCE,CX8,APIC,SEP,MTRR,PGE,MCA,CMOV,PAT,CLFLUSH,DTS,ACPI,MMX,FXSR,SSE,SSE2,SS,HTT,TM,PBE\u003e\nJan  1 22:12:28 citron kernel: Features2=0x40c39d\u003cSSE3,DTES64,MON,DS_CPL,EST,TM2,SSSE3,xTPR,PDCM,MOVBE\u003e\nJan  1 22:12:28 citron kernel: AMD Features=0x100000\u003cNX\u003e\nJan  1 22:12:28 citron kernel: AMD Features2=0x1\u003cLAHF\u003e\nJan  1 22:12:28 citron kernel: TSC: P-state invariant, performance statistics\nJan  1 22:12:28 citron kernel: real memory  = 2147483648 (2048 MB)\nJan  1 22:12:28 citron kernel: avail memory = 2068348928 (1972 MB)\nJan  1 22:12:28 citron kernel: Event timer \"LAPIC\" quality 400\nJan  1 22:12:28 citron kernel: ACPI APIC Table: \u003c110708 APIC1432\u003e\nJan  1 22:12:28 citron kernel: FreeBSD/SMP: Multiprocessor System Detected: 2 CPUs\nJan  1 22:12:28 citron kernel: FreeBSD/SMP: 1 package(s) x 2 hardware threads\nJan  1 22:12:28 citron kernel: random: unblocking device.\nJan  1 22:12:28 citron kernel: ioapic0: Changing APIC ID to 2\nJan  1 22:12:28 citron kernel: ioapic0 \u003cVersion 2.0\u003e irqs 0-23 on motherboard\nJan  1 22:12:28 citron kernel: random: entropy device external interface\nJan  1 22:12:28 citron kernel: kbd1 at kbdmux0\nJan  1 22:12:28 citron kernel: module_register_init: MOD_LOAD (vesa, 0xc1295360, 0) error 19\nJan  1 22:12:28 citron kernel: vtvga0: \u003cVT VGA driver\u003e on motherboard\nJan  1 22:12:28 citron kernel: cryptosoft0: \u003csoftware crypto\u003e on motherboard\nJan  1 22:12:28 citron kernel: acpi0: \u003c110708 RSDT1432\u003e on motherboard\nJan  1 22:12:28 citron kernel: acpi0: Power Button (fixed)\nJan  1 22:12:28 citron kernel: cpu0: \u003cACPI CPU\u003e on acpi0\nJan  1 22:12:28 citron kernel: cpu1: \u003cACPI CPU\u003e on acpi0\nJan  1 22:12:28 citron kernel: attimer0: \u003cAT timer\u003e port 0x40-0x43 irq 0 on acpi0\nJan  1 22:12:28 citron kernel: Timecounter \"i8254\" frequency 1193182 Hz quality 0\nJan  1 22:12:28 citron kernel: Event timer \"i8254\" frequency 1193182 Hz quality 100\nJan  1 22:12:28 citron kernel: atrtc0: \u003cAT realtime clock\u003e port 0x70-0x71 irq 8 on acpi0\nJan  1 22:12:28 citron kernel: Event timer \"RTC\" frequency 32768 Hz quality 0\nJan  1 22:12:28 citron kernel: Timecounter \"ACPI-fast\" frequency 3579545 Hz quality 900\nJan  1 22:12:28 citron kernel: acpi_timer0: \u003c24-bit timer at 3.579545MHz\u003e port 0x808-0x80b on acpi0\nJan  1 22:12:28 citron kernel: acpi_ec0: \u003cEmbedded Controller: GPE 0x17\u003e port 0x62,0x66 on acpi0\nJan  1 22:12:28 citron kernel: pcib0: \u003cACPI Host-PCI bridge\u003e port 0xcf8-0xcff on acpi0\nJan  1 22:12:28 citron kernel: pci0: \u003cACPI PCI bus\u003e on pcib0\nJan  1 22:12:28 citron kernel: vgapci0: \u003cVGA-compatible display\u003e port 0xdc80-0xdc87 mem 0xfe980000-0xfe9fffff,0xd0000000-0xdfffffff,0xfe940000-0xfe97ffff irq 16 at device 2.0 on pci0\nJan  1 22:12:28 citron kernel: agp0: \u003cIntel 945GME SVGA controller\u003e on vgapci0\nJan  1 22:12:28 citron kernel: agp0: aperture size is 256M, detected 7932k stolen memory\nJan  1 22:12:28 citron kernel: vgapci0: Boot video device\nJan  1 22:12:28 citron kernel: vgapci1: \u003cVGA-compatible display\u003e mem 0xfe880000-0xfe8fffff at device 2.1 on pci0\nJan  1 22:12:28 citron kernel: hdac0: \u003cIntel 82801G HDA Controller\u003e mem 0xfe938000-0xfe93bfff irq 16 at device 27.0 on pci0\nJan  1 22:12:28 citron kernel: pcib1: \u003cACPI PCI-PCI bridge\u003e irq 16 at device 28.0 on pci0\nJan  1 22:12:28 citron kernel: pcib1: [GIANT-LOCKED]\nJan  1 22:12:28 citron kernel: pci1: \u003cACPI PCI bus\u003e on pcib1\nJan  1 22:12:28 citron kernel: siba_bwn0: \u003cBroadcom BCM4312 802.11b/g Wireless\u003e mem 0xfeafc000-0xfeafffff irq 16 at device 0.0 on pci1\nJan  1 22:12:28 citron kernel: bwn0 on siba_bwn0\nJan  1 22:12:28 citron kernel: bwn0: WLAN (chipid 0x4312 rev 15) PHY (analog 6 type 5 rev 1) RADIO (manuf 0x17f ver 0x2062 rev 2)\nJan  1 22:12:28 citron kernel: bwn0: DMA (64 bits)\nJan  1 22:12:28 citron kernel: bwn0: Using 1 MSI messages\nJan  1 22:12:28 citron kernel: pcib2: \u003cACPI PCI-PCI bridge\u003e irq 17 at device 28.1 on pci0\nJan  1 22:12:28 citron kernel: pcib2: [GIANT-LOCKED]\nJan  1 22:12:28 citron kernel: uhci0: \u003cIntel 82801G (ICH7) USB controller USB-A\u003e port 0xdc00-0xdc1f irq 23 at device 29.0 on pci0\nJan  1 22:12:28 citron kernel: uhci0: LegSup = 0x3f00\nJan  1 22:12:28 citron kernel: usbus0 on uhci0\nJan  1 22:12:28 citron kernel: uhci1: \u003cIntel 82801G (ICH7) USB controller USB-B\u003e port 0xd880-0xd89f irq 19 at device 29.1 on pci0\nJan  1 22:12:28 citron kernel: uhci1: LegSup = 0x2f00\nJan  1 22:12:28 citron kernel: usbus1 on uhci1\nJan  1 22:12:28 citron kernel: uhci2: \u003cIntel 82801G (ICH7) USB controller USB-C\u003e port 0xd800-0xd81f irq 18 at device 29.2 on pci0\nJan  1 22:12:28 citron kernel: uhci2: LegSup = 0x2f00\nJan  1 22:12:28 citron kernel: usbus2 on uhci2\nJan  1 22:12:28 citron kernel: uhci3: \u003cIntel 82801G (ICH7) USB controller USB-D\u003e port 0xd480-0xd49f irq 16 at device 29.3 on pci0\nJan  1 22:12:28 citron kernel: uhci3: LegSup = 0x2f00\nJan  1 22:12:28 citron kernel: usbus3 on uhci3\nJan  1 22:12:28 citron kernel: ehci0: \u003cIntel 82801GB/R (ICH7) USB 2.0 controller\u003e mem 0xfe937c00-0xfe937fff irq 23 at device 29.7 on pci0\nJan  1 22:12:28 citron kernel: usbus4: EHCI version 1.0\nJan  1 22:12:28 citron kernel: usbus4 on ehci0\nJan  1 22:12:28 citron kernel: pcib3: \u003cACPI PCI-PCI bridge\u003e at device 30.0 on pci0\nJan  1 22:12:28 citron kernel: pci2: \u003cACPI PCI bus\u003e on pcib3\nJan  1 22:12:28 citron kernel: isab0: \u003cPCI-ISA bridge\u003e at device 31.0 on pci0\nJan  1 22:12:28 citron kernel: isa0: \u003cISA bus\u003e on isab0\nJan  1 22:12:28 citron kernel: atapci0: \u003cIntel ICH7 UDMA100 controller\u003e port 0x1f0-0x1f7,0x3f6,0x170-0x177,0x376,0xffa0-0xffaf at device 31.1 on pci0\nJan  1 22:12:28 citron kernel: ata0: \u003cATA channel\u003e at channel 0 on atapci0\nJan  1 22:12:28 citron kernel: acpi_button0: \u003cSleep Button\u003e on acpi0\nJan  1 22:12:28 citron kernel: acpi_button1: \u003cPower Button\u003e on acpi0\nJan  1 22:12:28 citron kernel: acpi_tz0: \u003cThermal Zone\u003e on acpi0\nJan  1 22:12:28 citron kernel: acpi_lid0: \u003cControl Method Lid Switch\u003e on acpi0\nJan  1 22:12:28 citron kernel: atkbdc0: \u003cKeyboard controller (i8042)\u003e port 0x60,0x64 irq 1 on acpi0\nJan  1 22:12:28 citron kernel: atkbd0: \u003cAT Keyboard\u003e irq 1 on atkbdc0\nJan  1 22:12:28 citron kernel: kbd0 at atkbd0\nJan  1 22:12:28 citron kernel: atkbd0: [GIANT-LOCKED]\nJan  1 22:12:28 citron kernel: psm0: \u003cPS/2 Mouse\u003e irq 12 on atkbdc0\nJan  1 22:12:28 citron kernel: psm0: [GIANT-LOCKED]\nJan  1 22:12:28 citron kernel: psm0: model Generic PS/2 mouse, device ID 0\nJan  1 22:12:28 citron kernel: battery0: \u003cACPI Control Method Battery\u003e on acpi0\nJan  1 22:12:28 citron kernel: acpi_acad0: \u003cAC Adapter\u003e on acpi0\nJan  1 22:12:28 citron kernel: pmtimer0 on isa0\nJan  1 22:12:28 citron kernel: orm0: \u003cISA Option ROMs\u003e at iomem 0xcf000-0xcffff,0xd0000-0xd0fff pnpid ORM0000 on isa0\nJan  1 22:12:28 citron kernel: ppc0: parallel port not found.\nJan  1 22:12:28 citron kernel: est0: \u003cEnhanced SpeedStep Frequency Control\u003e on cpu0\nJan  1 22:12:28 citron kernel: est1: \u003cEnhanced SpeedStep Frequency Control\u003e on cpu1\nJan  1 22:12:28 citron kernel: Timecounters tick every 1.000 msec\nJan  1 22:12:28 citron kernel: nvme cam probe device init\nJan  1 22:12:28 citron kernel: hdacc0: \u003cIDT 92HD75B3 HDA CODEC\u003e at cad 0 on hdac0\nJan  1 22:12:28 citron kernel: hdaa0: \u003cIDT 92HD75B3 Audio Function Group\u003e at nid 1 on hdacc0\nJan  1 22:12:28 citron kernel: pcm0: \u003cIDT 92HD75B3 (Analog 2.0+HP/2.0)\u003e at nid 13,10 and 11,14 on hdaa0\nJan  1 22:12:28 citron kernel: usbus0: 12Mbps Full Speed USB v1.0\nJan  1 22:12:28 citron kernel: usbus1: 12Mbps Full Speed USB v1.0\nJan  1 22:12:28 citron kernel: ugen0.1: \u003cIntel\u003e at usbus0\nJan  1 22:12:28 citron kernel: uhub0: \u003cIntel UHCI root HUB, class 9/0, rev 1.00/1.00, addr 1\u003e on usbus0\nJan  1 22:12:28 citron kernel: ugen1.1: \u003cIntel\u003e at usbus1\nJan  1 22:12:28 citron kernel: uhub1: \u003cIntel UHCI root HUB, class 9/0, rev 1.00/1.00, addr 1\u003e on usbus1\nJan  1 22:12:28 citron kernel: usbus2: 12Mbps Full Speed USB v1.0\nJan  1 22:12:28 citron kernel: usbus3: 12Mbps Full Speed USB v1.0\nJan  1 22:12:28 citron kernel: usbus4: 480Mbps High Speed USB v2.0\nJan  1 22:12:28 citron kernel: ugen2.1: \u003cIntel\u003e at usbus2\nJan  1 22:12:28 citron kernel: uhub2: \u003cIntel UHCI root HUB, class 9/0, rev 1.00/1.00, addr 1\u003e on usbus2\nJan  1 22:12:28 citron kernel: ugen3.1: \u003cIntel\u003e at usbus3\nJan  1 22:12:28 citron kernel: uhub3: \u003cIntel UHCI root HUB, class 9/0, rev 1.00/1.00, addr 1\u003e on usbus3\nJan  1 22:12:28 citron kernel: ugen4.1: \u003cIntel\u003e at usbus4\nJan  1 22:12:28 citron kernel: uhub4: \u003cIntel EHCI root HUB, class 9/0, rev 2.00/1.00, addr 1\u003e on usbus4\nJan  1 22:12:28 citron kernel: ada0 at ata0 bus 0 scbus0 target 0 lun 0\nJan  1 22:12:28 citron kernel: ada0: \u003cTOSHIBA MK6028GAL BN101C\u003e ATA-7 device\nJan  1 22:12:28 citron kernel: ada0: Serial Number Y8E5S80ZS\nJan  1 22:12:28 citron kernel: ada0: 100.000MB/s transfers (UDMA5, PIO 8192bytes)\nJan  1 22:12:28 citron kernel: ada0: 57231MB (117210240 512 byte sectors)\nJan  1 22:12:28 citron kernel: SMP: AP CPU #1 Launched!\nJan  1 22:12:28 citron kernel: Timecounter \"TSC\" frequency 1596036900 Hz quality 1000\nJan  1 22:12:28 citron kernel: Trying to mount root from ufs:/dev/ada0p2 [rw]...\nJan  1 22:12:28 citron kernel: uhub0: 2 ports with 2 removable, self powered\nJan  1 22:12:28 citron kernel: uhub1: 2 ports with 2 removable, self powered\nJan  1 22:12:28 citron kernel: uhub2: 2 ports with 2 removable, self powered\nJan  1 22:12:28 citron kernel: uhub3: 2 ports with 2 removable, self powered\nJan  1 22:12:28 citron kernel: WARNING: / was not properly dismounted\nJan  1 22:12:28 citron kernel: WARNING: /: mount pending error: blocks 80 files 1\nJan  1 22:12:28 citron kernel: uhub4: 8 ports with 8 removable, self powered\nJan  1 22:12:28 citron kernel: ugen4.2: \u003cimportek\u003e at usbus4\nJan  1 22:12:28 citron kernel: ugen1.2: \u003cBroadcom Corp\u003e at usbus1\nJan  1 22:12:28 citron kernel: ubt0: \u003cBroadcom Corp Bluetooth 2.1 module, class 224/1, rev 2.00/6.07, addr 2\u003e on usbus1\nJan  1 22:12:28 citron kernel: ugen4.3: \u003cGeneric\u003e at usbus4\nJan  1 22:12:28 citron kernel: umass0: \u003cGeneric Mass Storage Device, class 0/0, rev 2.00/1.05, addr 3\u003e on usbus4\nJan  1 22:12:28 citron kernel: umass0:  SCSI over Bulk-Only; quirks = 0x4001\nJan  1 22:12:28 citron kernel: umass0:1:0: Attached to scbus1\nJan  1 22:12:28 citron kernel: da0 at umass-sim0 bus 0 scbus1 target 0 lun 0\nJan  1 22:12:28 citron kernel: da0: \u003cSingle Flash Reader 1.00\u003e Removable Direct Access SCSI device\nJan  1 22:12:28 citron kernel: da0: Serial Number 058F63356336\nJan  1 22:12:28 citron kernel: da0: 40.000MB/s transfers\nJan  1 22:12:28 citron kernel: da0: Attempt to query device size failed: NOT READY, Medium not present\nJan  1 22:12:28 citron kernel: da0: quirks=0x2\u003cNO_6_BYTE\u003e\nJan  1 22:12:28 citron kernel: wlan0: Ethernet address: 00:23:4e:c1:ec:a7\nJan  1 22:12:28 citron kernel: bwn0: ucode fw: ucode15\nJan  1 22:12:28 citron kernel: bwn0: firmware version (rev 478 patch 104 date 0x8701 time 0x657)\nJan  1 22:12:28 citron kernel: bwn0: ucode fw: ucode15\nJan  1 22:12:28 citron kernel: bwn0: firmware version (rev 478 patch 104 date 0x8701 time 0x657)\nJan  1 22:12:28 citron kernel: bwn0: ucode fw: ucode15\nJan  1 22:12:28 citron kernel: bwn0: firmware version (rev 478 patch 104 date 0x8701 time 0x657)\nJan  1 22:12:28 citron kernel: bwn0: ucode fw: ucode15\nJan  1 22:12:28 citron kernel: bwn0: firmware version (rev 478 patch 104 date 0x8701 time 0x657)\nJan  1 22:12:28 citron kernel: bwn0: ucode fw: ucode15\nJan  1 22:12:28 citron kernel: bwn0: firmware version (rev 478 patch 104 date 0x8701 time 0x657)\nJan  1 22:12:28 citron kernel: wlan0: link state changed to UP\nJan  1 22:12:28 citron kernel: bwn0: need multicast update callback\nJan  1 22:12:28 citron kernel: bwn0: RX decryption attempted (old 0 keyidx 0x2)\nJan  1 22:12:28 citron kernel: bwn0: need multicast update callback\nJan  1 22:12:28 citron kernel: bwn0: need multicast update callback\nJan  1 22:12:28 citron kernel: bwn0: RX decryption attempted (old 0 keyidx 0x2)\nJan  1 22:12:28 citron last message repeated 9 times"
}