{
 "id": 352634,
 "bug_id": 104056,
 "attachment_id": 0,
 "creation_time": "2006-10-06T13:40:21Z",
 "creator": "fireball@zerouptime.ch",
 "text": "FreeBSD 6.2-BETA2 running on VMware ESX Server 3.0 uses driver 'lnc' for the emulated AMD PCNet NIC.\n\nError messages (repeating):\n\nlnc0: Missed packet -- no receive buffer\nlnc0: Missed packet -- no receive buffer\nlnc0: Missed packet -- no receive buffer\n\nAlso, while pinging the host from outside there is an average packet loss of 1% of the packets, while pinging out from the virtual FreeBSD host yields no packet losses.\n\nApparently there seems to be a problem with the driver or the virtual hardware; now I am not sure where to look - on the VMware side or on the FreeBSD side.\n\nSince it is a compatibility NIC, which would be improved by the VMware Tools, its probable but not obvious, that the problem could be caused by the fact that there is not the proper driver from VMware installed (no VMware Tools available for FreeBSD).\n\nI just thought I'd post a PR, to see if somebody had an idea how to further troubleshoot the issue.\n\ndmesg as follows:\n\nCopyright (c) 1992-2006 The FreeBSD Project.\nCopyright (c) 1979, 1980, 1983, 1986, 1988, 1989, 1991, 1992, 1993, 1994\n        The Regents of the University of California. All rights reserved.\nFreeBSD is a registered trademark of The FreeBSD Foundation.\nFreeBSD 6.2-BETA2 #0: Mon Oct  2 03:22:01 UTC 2006\n    root@opus.cse.buffalo.edu:/usr/obj/usr/src/sys/GENERIC\nACPI APIC Table: \u003cPTLTD          APIC  \u003e\nTimecounter \"i8254\" frequency 1193182 Hz quality 0\nCPU: Intel(R) Xeon(TM) CPU 3.40GHz (3397.96-MHz 686-class CPU)\n  Origin = \"GenuineIntel\"  Id = 0xf48  Stepping = 8\n  Features=0xfebfbff\u003cFPU,VME,DE,PSE,TSC,MSR,PAE,MCE,CX8,APIC,SEP,MTRR,PGE,MCA,CMOV,PAT,PSE36,CLFLUSH,DTS,ACPI,MMX,FXSR,SSE,SSE2,SS\u003e\n  Features2=0x11\u003cSSE3,DS_CPL\u003e\n  AMD Features=0x100000\u003cNX\u003e\nreal memory  = 536870912 (512 MB)\navail memory = 511696896 (487 MB)\nMADT: Forcing active-low polarity and level trigger for SCI\nioapic0 \u003cVersion 1.1\u003e irqs 0-23 on motherboard\nkbd1 at kbdmux0\nath_hal: 0.9.17.2 (AR5210, AR5211, AR5212, RF5111, RF5112, RF2413, RF5413)\nacpi0: \u003cPTLTD   RSDT\u003e on motherboard\nacpi0: Power Button (fixed)\nTimecounter \"ACPI-safe\" frequency 3579545 Hz quality 1000\nacpi_timer0: \u003c24-bit timer at 3.579545MHz\u003e port 0x1008-0x100b on acpi0\ncpu0: \u003cACPI CPU\u003e on acpi0\nacpi_throttle0: \u003cACPI CPU Throttling\u003e on cpu0\npcib0: \u003cACPI Host-PCI bridge\u003e port 0xcf8-0xcff on acpi0\npci0: \u003cACPI PCI bus\u003e on pcib0\npcib1: \u003cACPI PCI-PCI bridge\u003e at device 1.0 on pci0\npci1: \u003cACPI PCI bus\u003e on pcib1\nisab0: \u003cPCI-ISA bridge\u003e at device 7.0 on pci0\nisa0: \u003cISA bus\u003e on isab0\natapci0: \u003cIntel PIIX4 UDMA33 controller\u003e port 0x1f0-0x1f7,0x3f6,0x170-0x177,0x376,0x1050-0x105f at device 7.1 on pci0\nata0: \u003cATA channel 0\u003e on atapci0\nata1: \u003cATA channel 1\u003e on atapci0\npci0: \u003cbridge\u003e at device 7.3 (no driver attached)\npci0: \u003cdisplay, VGA\u003e at device 15.0 (no driver attached)\nmpt0: \u003cLSILogic 1030 Ultra4 Adapter\u003e port 0x1080-0x10ff mem 0xf4800000-0xf4800fff irq 17 at device 16.0 on pci0\nmpt0: [GIANT-LOCKED]\nmpt0: MPI Version=1.2.0.0\nlnc0: \u003cPCNet/PCI Ethernet adapter\u003e port 0x1400-0x147f irq 18 at device 17.0 on pci0\nlnc0: Attaching PCNet/PCI Ethernet adapter\nlnc0: [GIANT-LOCKED]\nlnc0: Ethernet address: 00:50:56:9b:42:71\nlnc0: if_start running deferred for Giant\nlnc0: PCnet-PCI\nacpi_acad0: \u003cAC Adapter\u003e on acpi0\natkbdc0: \u003cKeyboard controller (i8042)\u003e port 0x60,0x64 irq 1 on acpi0\natkbd0: \u003cAT Keyboard\u003e irq 1 on atkbdc0\nkbd0 at atkbd0\natkbd0: [GIANT-LOCKED]\npsm0: \u003cPS/2 Mouse\u003e irq 12 on atkbdc0\npsm0: [GIANT-LOCKED]\npsm0: model IntelliMouse, device ID 3\nppc0: \u003cStandard parallel printer port\u003e port 0x378-0x37f irq 7 on acpi0\nppc0: Generic chipset (NIBBLE-only) in COMPATIBLE mode\nppbus0: \u003cParallel port bus\u003e on ppc0\nplip0: \u003cPLIP network interface\u003e on ppbus0\nlpt0: \u003cPrinter\u003e on ppbus0\nlpt0: Interrupt-driven port\nppi0: \u003cParallel I/O\u003e on ppbus0\nsio0: \u003c16550A-compatible COM port\u003e port 0x3f8-0x3ff irq 4 flags 0x10 on acpi0\nsio0: type 16550A\nsio1: \u003c16550A-compatible COM port\u003e port 0x2f8-0x2ff irq 3 on acpi0\nsio1: type 16550A\nfdc0: \u003cfloppy drive controller\u003e port 0x3f0-0x3f5,0x3f7 irq 6 drq 2 on acpi0\nfdc0: [FAST]\nfd0: \u003c1440-KB 3.5\" drive\u003e on fdc0 drive 0\npmtimer0 on isa0\norm0: \u003cISA Option ROMs\u003e at iomem 0xc0000-0xc7fff,0xca000-0xcafff,0xdc000-0xdffff,0xe0000-0xe3fff on isa0\nsc0: \u003cSystem console\u003e at flags 0x100 on isa0\nsc0: VGA \u003c16 virtual consoles, flags=0x300\u003e\nvga0: \u003cGeneric ISA VGA\u003e at port 0x3c0-0x3df iomem 0xa0000-0xbffff on isa0\nTimecounter \"TSC\" frequency 3397964408 Hz quality 800\nTimecounters tick every 1.000 msec\nmd0: Preloaded image \u003c/boot/mfsroot\u003e 4423680 bytes at 0xc0af0e44\nacd0: CDROM \u003cVMware Virtual IDE CDROM Drive/00000001\u003e at ata0-master UDMA33\nWaiting 5 seconds for SCSI devices to settle\nda0 at mpt0 bus 0 target 0 lun 0\nda0: \u003cVMware Virtual disk 1.0\u003e Fixed Direct Access SCSI-2 device \nda0: 80.000MB/s transfers (40.000MHz, offset 127, 16bit), Tagged Queueing Enabled\nda0: 15360MB (31457280 512 byte sectors: 255H 63S/T 1958C)\nTrying to mount root from ufs:/dev/md0\nWaiting (max 60 seconds) for system process `vnlru' to stop...done\nWaiting (max 60 seconds) for system process `bufdaemon' to stop...done\nWaiting (max 60 seconds) for system process `syncer' to stop...\nSyncing disks, vnodes remaining...3 1 0 0 0 done\nAll buffers synced.\nUptime: 16m32s\nRebooting...\nCopyright (c) 1992-2006 The FreeBSD Project.\nCopyright (c) 1979, 1980, 1983, 1986, 1988, 1989, 1991, 1992, 1993, 1994\n        The Regents of the University of California. All rights reserved.\nFreeBSD is a registered trademark of The FreeBSD Foundation.\nFreeBSD 6.2-BETA2 #0: Mon Oct  2 03:22:01 UTC 2006\n    root@opus.cse.buffalo.edu:/usr/obj/usr/src/sys/GENERIC\nACPI APIC Table: \u003cPTLTD          APIC  \u003e\nTimecounter \"i8254\" frequency 1193182 Hz quality 0\nCPU: Intel(R) Xeon(TM) CPU 3.40GHz (3397.98-MHz 686-class CPU)\n  Origin = \"GenuineIntel\"  Id = 0xf48  Stepping = 8\n  Features=0xfebfbff\u003cFPU,VME,DE,PSE,TSC,MSR,PAE,MCE,CX8,APIC,SEP,MTRR,PGE,MCA,CMOV,PAT,PSE36,CLFLUSH,DTS,ACPI,MMX,FXSR,SSE,SSE2,SS\u003e\n  Features2=0x11\u003cSSE3,DS_CPL\u003e\n  AMD Features=0x100000\u003cNX\u003e\nreal memory  = 536870912 (512 MB)\navail memory = 515883008 (491 MB)\nMADT: Forcing active-low polarity and level trigger for SCI\nioapic0 \u003cVersion 1.1\u003e irqs 0-23 on motherboard\nkbd1 at kbdmux0\nath_hal: 0.9.17.2 (AR5210, AR5211, AR5212, RF5111, RF5112, RF2413, RF5413)\nacpi0: \u003cPTLTD   RSDT\u003e on motherboard\nacpi0: Power Button (fixed)\nTimecounter \"ACPI-safe\" frequency 3579545 Hz quality 1000\nacpi_timer0: \u003c24-bit timer at 3.579545MHz\u003e port 0x1008-0x100b on acpi0\ncpu0: \u003cACPI CPU\u003e on acpi0\nacpi_throttle0: \u003cACPI CPU Throttling\u003e on cpu0\npcib0: \u003cACPI Host-PCI bridge\u003e port 0xcf8-0xcff on acpi0\npci0: \u003cACPI PCI bus\u003e on pcib0\npcib1: \u003cACPI PCI-PCI bridge\u003e at device 1.0 on pci0\npci1: \u003cACPI PCI bus\u003e on pcib1\nisab0: \u003cPCI-ISA bridge\u003e at device 7.0 on pci0\nisa0: \u003cISA bus\u003e on isab0\natapci0: \u003cIntel PIIX4 UDMA33 controller\u003e port 0x1f0-0x1f7,0x3f6,0x170-0x177,0x376,0x1050-0x105f at device 7.1 on pci0\nata0: \u003cATA channel 0\u003e on atapci0\nata1: \u003cATA channel 1\u003e on atapci0\npci0: \u003cbridge\u003e at device 7.3 (no driver attached)\npci0: \u003cdisplay, VGA\u003e at device 15.0 (no driver attached)\nmpt0: \u003cLSILogic 1030 Ultra4 Adapter\u003e port 0x1080-0x10ff mem 0xf4800000-0xf4800fff irq 17 at device 16.0 on pci0\nmpt0: [GIANT-LOCKED]\nmpt0: MPI Version=1.2.0.0\nlnc0: \u003cPCNet/PCI Ethernet adapter\u003e port 0x1400-0x147f irq 18 at device 17.0 on pci0\nlnc0: Attaching PCNet/PCI Ethernet adapter\nlnc0: [GIANT-LOCKED]\nlnc0: Ethernet address: 00:50:56:9b:42:71\nlnc0: if_start running deferred for Giant\nlnc0: PCnet-PCI\nacpi_acad0: \u003cAC Adapter\u003e on acpi0\natkbdc0: \u003cKeyboard controller (i8042)\u003e port 0x60,0x64 irq 1 on acpi0\natkbd0: \u003cAT Keyboard\u003e irq 1 on atkbdc0\nkbd0 at atkbd0\natkbd0: [GIANT-LOCKED]\npsm0: \u003cPS/2 Mouse\u003e irq 12 on atkbdc0\npsm0: [GIANT-LOCKED]\npsm0: model IntelliMouse, device ID 3\nppc0: \u003cStandard parallel printer port\u003e port 0x378-0x37f irq 7 on acpi0\nppc0: Generic chipset (NIBBLE-only) in COMPATIBLE mode\nppbus0: \u003cParallel port bus\u003e on ppc0\nplip0: \u003cPLIP network interface\u003e on ppbus0\nlpt0: \u003cPrinter\u003e on ppbus0\nlpt0: Interrupt-driven port\nppi0: \u003cParallel I/O\u003e on ppbus0\nsio0: \u003c16550A-compatible COM port\u003e port 0x3f8-0x3ff irq 4 flags 0x10 on acpi0\nsio0: type 16550A\nsio1: \u003c16550A-compatible COM port\u003e port 0x2f8-0x2ff irq 3 on acpi0\nsio1: type 16550A\nfdc0: \u003cfloppy drive controller\u003e port 0x3f0-0x3f5,0x3f7 irq 6 drq 2 on acpi0\nfdc0: [FAST]\nfd0: \u003c1440-KB 3.5\" drive\u003e on fdc0 drive 0\npmtimer0 on isa0\norm0: \u003cISA Option ROMs\u003e at iomem 0xc0000-0xc7fff,0xca000-0xcafff,0xdc000-0xdffff,0xe0000-0xe3fff on isa0\nsc0: \u003cSystem console\u003e at flags 0x100 on isa0\nsc0: VGA \u003c16 virtual consoles, flags=0x300\u003e\nvga0: \u003cGeneric ISA VGA\u003e at port 0x3c0-0x3df iomem 0xa0000-0xbffff on isa0\nTimecounter \"TSC\" frequency 3397982732 Hz quality 800\nTimecounters tick every 1.000 msec\nacd0: CDROM \u003cVMware Virtual IDE CDROM Drive/00000001\u003e at ata0-master UDMA33\nWaiting 5 seconds for SCSI devices to settle\nda0 at mpt0 bus 0 target 0 lun 0\nda0: \u003cVMware Virtual disk 1.0\u003e Fixed Direct Access SCSI-2 device \nda0: 80.000MB/s transfers (40.000MHz, offset 127, 16bit), Tagged Queueing Enabled\nda0: 15360MB (31457280 512 byte sectors: 255H 63S/T 1958C)\nTrying to mount root from ufs:/dev/da0s1a\n\nHow-To-Repeat: Simply wait a few minutes for the error message to appear on the console or help it a bit by pinging the host for a few minutes."
}