{
 "id": 998741,
 "bug_id": 229167,
 "attachment_id": 0,
 "creation_time": "2018-06-22T12:54:50Z",
 "creator": "pete@twisted.org.uk",
 "text": "  ______               ____   _____ _____\n |  ____|             |  _ \\ / ____|  __ \\\n | |___ _ __ ___  ___ | |_) | (___ | |  | |\n |  ___| '__/ _ \\/ _ \\|  _ \u003c \\___ \\| |  | |\n | |   | | |  __/  __/| |_) |____) | |__| |\n | |   | | |    |    ||     |      |      |\n |_|   |_|  \\___|\\___||____/|_____/|_____/    ```                        `\n                                             s` `.....---.......--.```   -/\n +============Welcome to FreeBSD===========+ +o   .--`         /y:`      +.\n |                                         |  yo`:.            :o      `+-\n |  1. Boot Multi User [Enter]             |   y/               -/`   -o/\n |  2. Boot [S]ingle User                  |  .-                  ::/sy+:.\n |  3. [Esc]ape to loader prompt           |  /                     `--  /\n |  4. Reboot                              | `:                          :`\n |                                         | `:                          :`\n |  Options:                               |  /                          /\n |  5. [K]ernel: kernel (1 of 2)           |  .-                        -.\n |  6. Configure Boot [O]ptions...         |   --                      -.\n |  7. Select Boot [E]nvironment...        |    `:`                  `:`\n |                                         |      .--             `--.\n |                                         |         .---.....----.\n +=========================================+\n\n\n/boot/kernel/kernel text=0x153d048 data=0x143f70+0x4bc418 syms=[0x8+0x16ad00\n+0x8+0x183cac]\n/boot/entropy size=0x1000\n/boot/kernel/mlx4.ko size 0x6a6e0 at 0x222d000\nloading required module 'linuxkpi'\n/boot/kernel/linuxkpi.ko size 0x26550 at 0x2298000\n/boot/kernel/aesni.ko size 0xaec8 at 0x22bf000\n/boot/kernel/cryptodev.ko size 0x7740 at 0x22ca000\n/boot/kernel/zfs.ko size 0x37ff00 at 0x22d2000\nloading required module 'opensolaris'\n/boot/kernel/opensolaris.ko size 0xa380 at 0x2652000\nBooting...\nCopyright (c) 1992-2018 The FreeBSD Project.\nCopyright (c) 1979, 1980, 1983, 1986, 1988, 1989, 1991, 1992, 1993, 1994\n        The Regents of the University of California. All rights reserved.\nFreeBSD is a registered trademark of The FreeBSD Foundation.\nFreeBSD 11.2-RELEASE #0 r335553: Fri Jun 22 11:10:58 UTC 2018\n    webadmin@test-machine:/usr/obj/usr/src/sys/GENERIC amd64\nFreeBSD clang version 6.0.0 (tags/RELEASE_600/final 326565) (based on LLVM 6.0.0)\nSRAT: Ignoring memory at addr 0x4e0200000\nSRAT: Ignoring memory at addr 0x1000000000\nSRAT: Ignoring memory at addr 0x10000200000\nSRAT: Ignoring memory at addr 0x20000200000\nVT(vga): text 80x25\nHyper-V Version: 10.0.14393 [SP0]\n  Features=0x2e7f\u003cVPRUNTIME,TMREFCNT,SYNIC,SYNTM,APIC,HYPERCALL,VPINDEX,REFTSC,IDLE,TMFREQ\u003e\n  PM Features=0x0 [C2]\n  Features3=0xed7b2\u003cDEBUG,XMMHC,IDLE,NUMA,TMFREQ,SYNCMC,CRASH,NPIEP\u003e\nTimecounter \"Hyper-V\" frequency 10000000 Hz quality 2000\nCPU: Intel(R) Xeon(R) CPU E5-2673 v3 @ 2.40GHz (2394.46-MHz K8-class CPU)\n  Origin=\"GenuineIntel\"  Id=0x306f2  Family=0x6  Model=0x3f  Stepping=2\n  Features=0x1f83fbff\u003cFPU,VME,DE,PSE,TSC,MSR,PAE,MCE,CX8,APIC,SEP,MTRR,PGE,MCA,CMOV,PAT,PSE36,MMX,FXSR,SSE,SSE2,SS,HTT\u003e\n  Features2=0xfed83223\u003cSSE3,PCLMULQDQ,VMX,SSSE3,FMA,CX16,SSE4.1,SSE4.2,MOVBE,POPCNT,AESNI,XSAVE,OSXSAVE,AVX,F16C,RDRAND,HV\u003e\n  AMD Features=0x2c100800\u003cSYSCALL,NX,Page1GB,RDTSCP,LM\u003e\n  AMD Features2=0x21\u003cLAHF,ABM\u003e\n  Structured Extended Features=0x23a9\u003cFSGSBASE,BMI1,AVX2,SMEP,BMI2,ERMS,NFPUSG\u003e\n  XSAVE Features=0x1\u003cXSAVEOPT\u003e\n  VT-x: PAT,HLT,PAUSE,EPT,VPID\nHypervisor: Origin = \"Microsoft Hv\"\nreal memory  = 17179869184 (16384 MB)\navail memory = 16513617920 (15748 MB)\nEvent timer \"LAPIC\" quality 100\nACPI APIC Table: \u003cVRTUAL MICROSFT\u003e\nFreeBSD/SMP: Multiprocessor System Detected: 4 CPUs\nFreeBSD/SMP: 1 package(s) x 2 core(s) x 2 hardware threads\nioapic0: Changing APIC ID to 0\nioapic0 \u003cVersion 1.1\u003e irqs 0-23 on motherboard\nSMP: AP CPU #3 Launched!\nSMP: AP CPU #1 Launched!\nSMP: AP CPU #2 Launched!\nrandom: entropy device external interface\nTimecounter \"Hyper-V-TSC\" frequency 10000000 Hz quality 3000\nkbd1 at kbdmux0\nnetmap: loaded module\nmodule_register_init: MOD_LOAD (vesa, 0xffffffff80feab30, 0) error 19\nrandom: registering fast source Intel Secure Key RNG\nrandom: fast provider: \"Intel Secure Key RNG\"\nnexus0\nvtvga0: \u003cVT VGA driver\u003e on motherboard\ncryptosoft0: \u003csoftware crypto\u003e on motherboard\naesni0: \u003cAES-CBC,AES-XTS,AES-GCM,AES-ICM\u003e on motherboard\nacpi0: \u003cVRTUAL MICROSFT\u003e on motherboard\nacpi0: Power Button (fixed)\ncpu0: \u003cACPI CPU\u003e on acpi0\ncpu1: \u003cACPI CPU\u003e on acpi0\ncpu2: \u003cACPI CPU\u003e on acpi0\ncpu3: \u003cACPI CPU\u003e on acpi0\nattimer0: \u003cAT timer\u003e port 0x40-0x43 irq 0 on acpi0\nTimecounter \"i8254\" frequency 1193182 Hz quality 0\nEvent timer \"i8254\" frequency 1193182 Hz quality 100\natrtc0: \u003cAT realtime clock\u003e port 0x70-0x71 irq 8 on acpi0\natrtc0: registered as a time-of-day clock, resolution 1.000000s\nEvent timer \"RTC\" frequency 32768 Hz quality 0\nTimecounter \"ACPI-fast\" frequency 3579545 Hz quality 900\nacpi_timer0: \u003c32-bit timer at 3.579545MHz\u003e port 0x408-0x40b on acpi0\npcib0: \u003cACPI Host-PCI bridge\u003e port 0xcf8-0xcff on acpi0\npcib0: Length mismatch for 3 range: 20000000 vs 1fffffff\nvmbus0: \u003cHyper-V Vmbus\u003e on pcib0\npci0: \u003cACPI PCI bus\u003e on pcib0\nisab0: \u003cPCI-ISA bridge\u003e at device 7.0 on pci0\nisa0: \u003cISA bus\u003e on isab0\natapci0: \u003cIntel PIIX4 UDMA33 controller\u003e port 0x1f0-0x1f7,0x3f6,0x170-0x177,0x376,0xffa0-0xffaf at device 7.1 on pci0\nata0: \u003cATA channel\u003e at channel 0 on atapci0\nata1: \u003cATA channel\u003e at channel 1 on atapci0\npci0: \u003cbridge\u003e at device 7.3 (no driver attached)\nvgapci0: \u003cVGA-compatible display\u003e mem 0xf8000000-0xfbffffff irq 11 at device 8.0 on pci0\nvgapci0: Boot video device\natkbdc0: \u003cKeyboard controller (i8042)\u003e port 0x60,0x64 irq 1 on acpi0\natkbd0: \u003cAT Keyboard\u003e irq 1 on atkbdc0\nkbd0 at atkbd0\natkbd0: [GIANT-LOCKED]\npsm0: \u003cPS/2 Mouse\u003e irq 12 on atkbdc0\npsm0: [GIANT-LOCKED]\npsm0: model IntelliMouse Explorer, device ID 4\nuart0: \u003c16550 or compatible\u003e port 0x3f8-0x3ff irq 4 flags 0x10 on acpi0\nuart0: console (115200,n,8,1)\nuart1: \u003c16550 or compatible\u003e port 0x2f8-0x2ff irq 3 on acpi0\nfdc0: \u003cfloppy drive controller (FDE)\u003e port 0x3f0-0x3f5,0x3f7 irq 6 drq 2 onacpi0\nfd0: \u003c1440-KB 3.5\" drive\u003e on fdc0 drive 0\nvmbus_res0: \u003cHyper-V Vmbus Resource\u003e irq 5,7 on acpi0\norm0: \u003cISA Option ROM\u003e at iomem 0xc0000-0xcbfff on isa0\nvga0: \u003cGeneric ISA VGA\u003e at port 0x3c0-0x3df iomem 0xa0000-0xbffff on isa0\nppc0: cannot reserve I/O port range\nZFS filesystem version: 5\nZFS storage pool version: features support (5000)\nTimecounters tick every 10.000 msec\nusb_needs_explore_all: no devclass\nvmbus0: version 3.0\nhvet0: \u003cHyper-V event timer\u003e on vmbus0\nEvent timer \"Hyper-V\" frequency 10000000 Hz quality 1000\nstorvsc0: \u003cHyper-V IDE\u003e on vmbus0\nstorvsc1: \u003cHyper-V IDE\u003e on vmbus0\nhvkbd0: \u003cHyper-V KBD\u003e on vmbus0\nhvheartbeat0: \u003cHyper-V Heartbeat\u003e on vmbus0\nhvkvp0: \u003cHyper-V KVP\u003e on vmbus0\nhvshutdown0: \u003cHyper-V Shutdown\u003e on vmbus0\nhvtimesync0: \u003cHyper-V Timesync\u003e on vmbus0\nhvvss0: \u003cHyper-V VSS\u003e on vmbus0\nstorvsc2: \u003cHyper-V SCSI\u003e on vmbus0\nda0 at blkvsc0 bus 0 scbus2 target 0 lun 0\nda0: \u003cMsft Virtual Disk 1.0\u003e Fixed Direct Access SPC-3 SCSI device\nda1 at blkvsc1 bus 0 scbus3 target 1 lun 0\nda0: 300.000MB/s transfers\nda0: Command Queueing enabled\nda1: \u003cMsft Virtual Disk 1.0\u003e Fixed Direct Access SPC-3 SCSI device\nda0: 30720MB (62914560 512 byte sectors)\nstorvsc3: da1: 300.000MB/s transfers\nda1: Command Queueing enabled\nda1: 32768MB (67108864 512 byte sectors)\n\u003cHyper-V SCSI\u003e on vmbus0\nhn0: \u003cHyper-V Network Interface\u003e on vmbus0\nhn0: got notify, nvs type 128\nhn0: Ethernet address: 00:0d:3a:20:9c:a0\nhn0: link state changed to UP\npcib1: \u003cHyper-V PCI Express Pass Through\u003e on vmbus0\nTrying to mount root from zfs:test-zroot/ROOT/default []...\npci1: \u003cPCI bus\u003e on pcib1\nmlx4_core0: \u003cmlx4_core\u003e at device 2.0 on pci1\n\u003c6\u003emlx4_core: Mellanox ConnectX core driver v3.4.1 (October 2017)\nmlx4_core: Initializing mlx4_core\nmlx4_core0: Detected virtual function - running in slave mode\nmlx4_core0: Sending reset\nmlx4_core0: Sending vhcr0\nmlx4_core0: HCA minimum page size:512\nmlx4_core0: Timestamping is not supported in slave mode\n\n\nFatal trap 12: page fault while in kernel mode\ncpuid = 2; apic id = 02\nfault virtual address   = 0x1d4\nfault code              = supervisor read data, page not present\ninstruction pointer     = 0x20:0xffffffff80bb3474\nstack pointer           = 0x28:0xfffffe03e27be9d0\nframe pointer           = 0x28:0xfffffe03e27be9d0\ncode segment            = base 0x0, limit 0xfffff, type 0x1b"
}