{
 "id": 1031320,
 "bug_id": 231457,
 "attachment_id": 0,
 "creation_time": "2019-01-11T08:44:08Z",
 "creator": "dimka@dz.dn.ua",
 "text": "I check and made sure that 12.0-RELEASE/amd64 is also affected by this problem,\ntest tool and sendmail processes was killed by OOM after physical memory is over\nand several megabytes of swap were used.\nShort hardware details:\nCPU: Intel(R) Celeron(R) CPU 847 @ 1.10GHz (1097.53-MHz K8-class CPU)\nreal memory  = 2147483648 (2048 MB)\navail memory = 1987403776 (1895 MB)\nFreeBSD/SMP: Multiprocessor System Detected: 2 CPUs\nFreeBSD/SMP: 1 package(s) x 2 core(s)\nda0: \u003cSanDisk Ultra USB 3.0 1.00\u003e Removable Direct Access SPC-4 SCSI device\nda0: 14663MB (30031250 512 byte sectors)\n\nYou can a very simple test on your hardware or VM:\n1. Install system from DVD to cleaned drive in \"Auto (ZFS)\" mode.\n2. Comment GPT swap entry (created by installer) in /etc/fstab.\n3. Create swap space on ZFS pool:\n   # zfs create -V 8GB -o org.freebsd:swap=on zroot/swap\n4. Reboot.\n5. Compile and use \"Memory occupation test tool\" from bug report attachments:\n   # ./memphage 9500\nArgument is memory occupation limit (mem free + swap free - 500) in megabytes."
}