{
 "id": 445651,
 "bug_id": 123729,
 "attachment_id": 0,
 "creation_time": "2008-05-16T08:30:05Z",
 "creator": "mimielliot@gmail.com",
 "text": "\nI upgraded my production server from Freebsd 6.3 to 7.0.  It always got locked up and fronzen after several hours of running.  The server was under some load (lots of database application processes running with internet accesses).  \n\nThe original kernel is compiled with \"makeoptions     DEBUG=-g\".  When the server was frozen, I can't ssh in.  The console and keyboard also locked up.  I have to hard reset the system.  When I pressed \"power\" button, the console gives out these messages \n\n\"acpi: suspend request ignored (not ready yet)  \nacpi: request to enter state S5 failed (err 6)\"\n\nI have to hold down the power button for few second to reset the system.  \n\nThen I compiled the kernel with \"options     KDB, options     DDB\".  I ran the server with acpi disabled and tried to get a coredump or backtrace.   After few hours, the server was fronzen again.   However, I couldn't do \"Ctrl Alt Esc\" to get a backtrace because keyboard was also locked up. \n\nAny suggestion to resolve this problem.  Do I have to downgrade the system back to 6.3 stable?\n\nI think I may have the same problem reported by this user.\nhttp://www.freebsd.org/cgi/getmsg.cgi?fetch=1383846+1390200+/usr/local/www/db/text/2008/freebsd-questions/20080427.freebsd-questions\n\n\nBy the way, I also tried Freebsd 7.0 on my home server (Pentimum 4 HTT, Intel motherboard, IDE harddrive).  I also experienced the system locked up problem.  Then I compiled the kernel with \"options     KDB, options     DDB\".  The problem goes aways (it has been running few days without problem).   However, when I run the system with acpi disabled in either single user mode or normal mode, the system panic and reboot itself.  I can't even get into login prompt.  This is always repeatable.  Do you need a PR for this one?\n\n\n#\n# System\n#\nDell PowerEdge 830\n\nIntel Pentium D \nBus 800MHz\nProcessor 1 ID: F44\n  3.00 GHz\n  Level 2 Cache 2048KB\n  Intel EM64T 64-bit Technology  \n\n\n#\n# kernel conf\n#\ncpu             I686_CPU\nident           XXX\n\n\noptions     KDB\noptions     DDB\noptions     KDB_TRACE\nmakeoptions     DEBUG=-g                # Build kernel with gdb(1) debug symbols\n\n\noptions         SCHED_ULE               # ULE scheduler\noptions         PREEMPTION              # Enable kernel thread preemption\noptions         INET                    # InterNETworking\noptions         INET6                   # IPv6 communications protocols\noptions         SCTP                    # Stream Control Transmission Protocol\noptions         FFS                     # Berkeley Fast Filesystem\noptions         SOFTUPDATES             # Enable FFS soft updates support\noptions         UFS_ACL                 # Support for access control lists\noptions         UFS_DIRHASH             # Improve performance on big directories\noptions         UFS_GJOURNAL            # Enable gjournal-based UFS journaling\noptions         MD_ROOT                 # MD is a potential root device\noptions         NFSCLIENT               # Network Filesystem Client\noptions         NFSSERVER               # Network Filesystem Server\noptions         NFSLOCKD                # Network Lock Manager\noptions         NFS_ROOT                # NFS usable as /, requires NFSCLIENT\noptions         MSDOSFS                 # MSDOS Filesystem\noptions         CD9660                  # ISO 9660 Filesystem\noptions         PROCFS                  # Process filesystem (requires PSEUDOFS)\noptions         PSEUDOFS                # Pseudo-filesystem framework\noptions         GEOM_PART_GPT           # GUID Partition Tables.\noptions         GEOM_LABEL              # Provides labelization\noptions         COMPAT_43TTY            # BSD 4.3 TTY compat [KEEP THIS!]\noptions         COMPAT_FREEBSD6         # Compatible with FreeBSD6\noptions         SCSI_DELAY=5000         # Delay (in ms) before probing SCSI\noptions         KTRACE                  # ktrace(1) support\noptions         STACK                   # stack(9) support\noptions         SYSVSHM                 # SYSV-style shared memory\noptions         SYSVMSG                 # SYSV-style message queues\noptions         SYSVSEM                 # SYSV-style semaphores\noptions         _KPOSIX_PRIORITY_SCHEDULING # POSIX P1003_1B real-time extensions\noptions         KBD_INSTALL_CDEV        # install a CDEV entry in /dev\noptions         ADAPTIVE_GIANT          # Giant mutex is adaptive.\noptions         STOP_NMI                # Stop CPUS using NMI instead of IPI\noptions         AUDIT                   # Security event auditing\n\noptions         SMP                     # Symmetric MultiProcessor Kernel\ndevice          apic                    # I/O APIC\n\ndevice          cpufreq\n\ndevice          eisa\ndevice          pci\n\ndevice          fdc\n\ndevice          ata\ndevice          atadisk         # ATA disk drives\ndevice          ataraid         # ATA RAID drives\ndevice          atapicd         # ATAPI CDROM drives\ndevice          atapifd         # ATAPI floppy drives\ndevice          atapist         # ATAPI tape drives\noptions         ATA_STATIC_ID   # Static device numbering\n\ndevice          ahb             # EISA AHA1742 family\ndevice          ahc             # AHA2940 and onboard AIC7xxx devices\noptions         AHC_REG_PRETTY_PRINT    # Print register bitfields in debug\n                                        # output.  Adds ~128k to driver.\ndevice          ahd             # AHA39320/29320 and onboard AIC79xx devices\noptions         AHD_REG_PRETTY_PRINT    # Print register bitfields in debug\n                                        # output.  Adds ~215k to driver.\ndevice          mpt             # LSI-Logic MPT-Fusion\n\ndevice          aha             # Adaptec 154x SCSI adapters\ndevice          aic             # Adaptec 15[012]x SCSI adapters, AIC-6[23]60.\n\n\ndevice          scbus           # SCSI bus (required for SCSI)\ndevice          ch              # SCSI media changers\ndevice          da              # Direct Access (disks)\ndevice          sa              # Sequential Access (tape etc)\ndevice          cd              # CD\ndevice          pass            # Passthrough device (direct SCSI access)\ndevice          ses             # SCSI Environmental Services (and SAF-TE)\n\ndevice          amr             # AMI MegaRAID\n\n\ndevice          atkbdc          # AT keyboard controller\ndevice          atkbd           # AT keyboard\ndevice          psm             # PS/2 mouse\n\ndevice          kbdmux          # keyboard multiplexer\n\ndevice          vga             # VGA video card driver\n\ndevice          splash          # Splash screen and screen saver support\n\ndevice          sc\n\ndevice          agp             # support several AGP chipsets\n\ndevice          pmtimer\n\n\ndevice          sio             # 8250, 16[45]50 based serial ports\ndevice          uart            # Generic UART driver\n\ndevice          ppc\ndevice          ppbus           # Parallel port bus (required)\ndevice          lpt             # Printer\ndevice          plip            # TCP/IP over parallel\ndevice          ppi             # Parallel port interface device\n\n\ndevice          em              # Intel PRO/1000 adapter Gigabit Ethernet Card\n\ndevice          miibus          # MII bus support\ndevice          bge             # Broadcom BCM570xx Gigabit Ethernet\n\n\n\ndevice          loop            # Network loopback\ndevice          random          # Entropy device\ndevice          ether           # Ethernet support\ndevice          sl              # Kernel SLIP\ndevice          ppp             # Kernel PPP\ndevice          tun             # Packet tunnel.\ndevice          pty             # Pseudo-ttys (telnet etc)\ndevice          md              # Memory \"disks\"\ndevice          gif             # IPv6 and IPv4 tunneling\ndevice          faith           # IPv6-to-IPv4 relaying (translation)\ndevice          firmware        # firmware assist module\n\ndevice          bpf             # Berkeley packet filter\n\ndevice          uhci            # UHCI PCI-\u003eUSB interface\ndevice          ohci            # OHCI PCI-\u003eUSB interface\ndevice          ehci            # EHCI PCI-\u003eUSB interface (USB 2.0)\ndevice          usb             # USB Bus (required)\ndevice          ugen            # Generic\ndevice          uhid            # \"Human Interface Devices\"\ndevice          ukbd            # Keyboard\ndevice          ulpt            # Printer\ndevice          umass           # Disks/Mass storage - Requires scbus and da\ndevice          ums             # Mouse\n\n\noptions         CPU_FASTER_5X86_FPU\n\noptions         GEOM_BDE                # Disk encryption.\n\noptions         SHMMAXPGS=65536\noptions         SEMMNI=40\noptions         SEMMNS=240\noptions         SEMUME=40\noptions         SEMMNU=120\n\noptions IPSEC\noptions IPSEC_FILTERTUNNEL\ndevice crypto\n\ndevice          pf                      #PF OpenBSD packet-filter firewall\ndevice          pflog                   #logging support interface for PF\ndevice          pfsync                  #synchronization interface for PF\n\n\n#\n# make.conf\n#\nCPUTYPE?=nocona\nCFLAGS= -O2 -fno-strict-aliasing -pipe\n\n\n#\n# dmesg\n#\nCopyright (c) 1992-2008 The FreeBSD Project.\nCopyright (c) 1979, 1980, 1983, 1986, 1988, 1989, 1991, 1992, 1993, 1994\n        The Regents of the University of California. All rights reserved.\nFreeBSD is a registered trademark of The FreeBSD Foundation.\nFreeBSD 7.0-STABLE #3: Thu May 15 10:41:31 PDT 2008\n    root@xxx:/usr/obj/usr/src/sys/XXX\nTimecounter \"i8254\" frequency 1193182 Hz quality 0\nCPU: Intel(R) Pentium(R) D CPU 3.00GHz (3000.12-MHz 686-class CPU)\n  Origin = \"GenuineIntel\"  Id = 0xf44  Stepping = 4\n  Features=0xbfebfbff\u003cFPU,VME,DE,PSE,TSC,MSR,PAE,MCE,CX8,APIC,SEP,MTRR,PGE,MCA,CMOV,PAT,PSE36,CLFLUSH,DTS,ACPI,MMX,FXSR,SSE,SSE2,SS,HTT,TM,PBE\u003e\n  Features2=0x649d\u003cSSE3,RSVD2,MON,DS_CPL,EST,CNXT-ID,CX16,xTPR\u003e\n  AMD Features=0x20100000\u003cNX,LM\u003e\n  Cores per package: 2\nreal memory  = 2147221504 (2047 MB)\navail memory = 2095894528 (1998 MB)\nACPI APIC Table: \u003cDELL   PE830   \u003e\nFreeBSD/SMP: Multiprocessor System Detected: 2 CPUs\n cpu0 (BSP): APIC ID:  0\n cpu1 (AP): APIC ID:  1\nioapic0: Changing APIC ID to 2\nioapic1: Changing APIC ID to 3\nioapic0 \u003cVersion 2.0\u003e irqs 0-23 on motherboard\nioapic1 \u003cVersion 2.0\u003e irqs 32-55 on motherboard\nkbd1 at kbdmux0\nacpi0: \u003cDELL PE830\u003e on motherboard\nacpi0: [ITHREAD]\nacpi0: Power Button (fixed)\nTimecounter \"ACPI-fast\" frequency 3579545 Hz quality 1000\nacpi_timer0: \u003c24-bit timer at 3.579545MHz\u003e port 0x808-0x80b on acpi0\nacpi_hpet0: \u003cHigh Precision Event Timer\u003e iomem 0xfed00000-0xfed003ff on acpi0\nTimecounter \"HPET\" frequency 14318180 Hz quality 900\ncpu0: \u003cACPI CPU\u003e on acpi0\nest0: \u003cEnhanced SpeedStep Frequency Control\u003e on cpu0\nest: CPU supports Enhanced Speedstep, but is not recognized.\nest: cpu_vendor GenuineIntel, msr f2d00000e23\ndevice_attach: est0 attach returned 6\np4tcc0: \u003cCPU Frequency Thermal Control\u003e on cpu0\ncpu1: \u003cACPI CPU\u003e on acpi0\nest1: \u003cEnhanced SpeedStep Frequency Control\u003e on cpu1\nest: CPU supports Enhanced Speedstep, but is not recognized.\nest: cpu_vendor GenuineIntel, msr f2d00000e23\ndevice_attach: est1 attach returned 6\np4tcc1: \u003cCPU Frequency Thermal Control\u003e on cpu1\npcib0: \u003cACPI Host-PCI bridge\u003e port 0xcf8-0xcff on acpi0\npci0: \u003cACPI PCI bus\u003e on pcib0\npcib1: \u003cACPI PCI-PCI bridge\u003e at device 1.0 on pci0\npci1: \u003cACPI PCI bus\u003e on pcib1\npcib2: \u003cPCI-PCI bridge\u003e at device 0.0 on pci1\npci2: \u003cPCI bus\u003e on pcib2\namr0: \u003cLSILogic MegaRAID 1.53\u003e mem 0xfe0f0000-0xfe0fffff,0xfe9c0000-0xfe9fffff irq 18 at device 14.0 on pci2\namr0: [ITHREAD]\namr0: delete logical drives supported by controller\namr0: \u003cLSILogic PERC 4e/DC\u003e Firmware 5A2D, BIOS H433, 128MB RAM\npcib3: \u003cPCI-PCI bridge\u003e at device 0.2 on pci1\npci3: \u003cPCI bus\u003e on pcib3\npcib4: \u003cACPI PCI-PCI bridge\u003e at device 28.0 on pci0\npci4: \u003cACPI PCI bus\u003e on pcib4\npcib5: \u003cACPI PCI-PCI bridge\u003e at device 0.0 on pci4\npci5: \u003cACPI PCI bus\u003e on pcib5\npcib6: \u003cACPI PCI-PCI bridge\u003e at device 28.4 on pci0\npci6: \u003cACPI PCI bus\u003e on pcib6\nbge0: \u003cBroadcom NetXtreme Gigabit Ethernet Controller, ASIC rev. 0x4101\u003e mem 0xfe5f0000-0xfe5fffff irq 16 at device 0.0 on pci6\nmiibus0: \u003cMII bus\u003e on bge0\nbrgphy0: \u003cBCM5750 10/100/1000baseTX PHY\u003e PHY 1 on miibus0\nbrgphy0:  10baseT, 10baseT-FDX, 100baseTX, 100baseTX-FDX, 1000baseT, 1000baseT-FDX, auto\nbge0: Ethernet address: 00:14:22:7a:ce:a0\nbge0: [ITHREAD]\npcib7: \u003cACPI PCI-PCI bridge\u003e at device 28.5 on pci0\npci7: \u003cACPI PCI bus\u003e on pcib7\nuhci0: \u003cUHCI (generic) USB controller\u003e port 0xcce0-0xccff irq 20 at device 29.0 on pci0\nuhci0: [GIANT-LOCKED]\nuhci0: [ITHREAD]\nusb0: \u003cUHCI (generic) USB controller\u003e on uhci0\nusb0: USB revision 1.0\nuhub0: \u003cIntel UHCI root hub, class 9/0, rev 1.00/1.00, addr 1\u003e on usb0\nuhub0: 2 ports with 2 removable, self powered\nuhci1: \u003cUHCI (generic) USB controller\u003e port 0xccc0-0xccdf irq 21 at device 29.1 on pci0\nuhci1: [GIANT-LOCKED]\nuhci1: [ITHREAD]\nusb1: \u003cUHCI (generic) USB controller\u003e on uhci1\nusb1: USB revision 1.0\nuhub1: \u003cIntel UHCI root hub, class 9/0, rev 1.00/1.00, addr 1\u003e on usb1\nuhub1: 2 ports with 2 removable, self powered\nuhci2: \u003cUHCI (generic) USB controller\u003e port 0xcca0-0xccbf irq 22 at device 29.2 on pci0\nuhci2: [GIANT-LOCKED]\nuhci2: [ITHREAD]\nusb2: \u003cUHCI (generic) USB controller\u003e on uhci2\nusb2: USB revision 1.0\nuhub2: \u003cIntel UHCI root hub, class 9/0, rev 1.00/1.00, addr 1\u003e on usb2\nuhub2: 2 ports with 2 removable, self powered\nehci0: \u003cIntel 82801GB/R (ICH7) USB 2.0 controller\u003e mem 0xfeb00000-0xfeb003ff irq 20 at device 29.7 on pci0\nehci0: [GIANT-LOCKED]\nehci0: [ITHREAD]\nusb3: EHCI version 1.0\nusb3: wrong number of companions (7 != 3)\nusb3: companion controllers, 2 ports each: usb0 usb1 usb2\nusb3: \u003cIntel 82801GB/R (ICH7) USB 2.0 controller\u003e on ehci0\nusb3: USB revision 2.0\nuhub3: \u003cIntel EHCI root hub, class 9/0, rev 2.00/1.00, addr 1\u003e on usb3\nuhub3: 6 ports with 6 removable, self powered\npcib8: \u003cACPI PCI-PCI bridge\u003e at device 30.0 on pci0\npci8: \u003cACPI PCI bus\u003e on pcib8\npci8: \u003cnetwork, ethernet\u003e at device 0.0 (no driver attached)\nvgapci0: \u003cVGA-compatible display\u003e port 0xdc00-0xdc7f mem 0xfd000000-0xfdffffff,0xfe380000-0xfe3bffff at device 5.0 on pci8\nisab0: \u003cPCI-ISA bridge\u003e at device 31.0 on pci0\nisa0: \u003cISA bus\u003e on isab0\natapci0: \u003cIntel ICH7 UDMA100 controller\u003e port 0x1f0-0x1f7,0x3f6,0x170-0x177,0x376,0xfc00-0xfc0f at device 31.1 on pci0\nata0: \u003cATA channel 0\u003e on atapci0\nata0: [ITHREAD]\nata1: \u003cATA channel 1\u003e on atapci0\nata1: [ITHREAD]\npci0: \u003cserial bus, SMBus\u003e at device 31.3 (no driver attached)\nfdc0: \u003cfloppy drive controller\u003e port 0x3f0-0x3f5,0x3f7 irq 6 drq 2 on acpi0\nfdc0: [FILTER]\natkbdc0: \u003cKeyboard controller (i8042)\u003e port 0x60,0x64 irq 1 on acpi0\natkbd0: \u003cAT Keyboard\u003e irq 1 on atkbdc0\nkbd0 at atkbd0\natkbd0: [GIANT-LOCKED]\natkbd0: [ITHREAD]\npsm0: \u003cPS/2 Mouse\u003e irq 12 on atkbdc0\npsm0: [GIANT-LOCKED]\npsm0: [ITHREAD]\npsm0: model IntelliMouse, device ID 3\nsio0: \u003c16550A-compatible COM port\u003e port 0x3f8-0x3ff irq 4 flags 0x10 on acpi0\nsio0: type 16550A\nsio0: [FILTER]\ncryptosoft0: \u003csoftware crypto\u003e on motherboard\npmtimer0 on isa0\norm0: \u003cISA Option ROMs\u003e at iomem 0xc0000-0xc7fff,0xc8000-0xc8fff,0xec000-0xeffff pnpid ORM0000 on isa0\nsc0: \u003cSystem console\u003e at flags 0x100 on isa0\nsc0: VGA \u003c16 virtual consoles, flags=0x300\u003e\nvga0: \u003cGeneric ISA VGA\u003e at port 0x3c0-0x3df iomem 0xa0000-0xbffff on isa0\nppc0: parallel port not found.\nsio1: configured irq 3 not in bitmap of probed irqs 0\nsio1: port may not be enabled\nugen0: \u003cAmerican Power Conversion Smart-UPS 1500 FW:601.3.D USB FW:1.5, class 0/0, rev 1.10/0.06, addr 2\u003e on uhub2\nTimecounters tick every 1.000 msec\nIPsec: Initialized Security Association Processing.\nacd0: CDROM \u003cGCR-8485B/1.06\u003e at ata0-master UDMA33\namr0: delete logical drives supported by controller\namrd0: \u003cLSILogic MegaRAID logical drive\u003e on amr0\namrd0: 139900MB (286515200 sectors) RAID 1 (optimal)\nSMP: AP CPU #1 Launched!\nTrying to mount root from ufs:/dev/amrd0s1a\nWARNING: attempt to net_add_domain(netgraph) after domainfinalize()\nWARNING: /crypt was not properly dismounted\nKDB: enter: manual escape to debugger"
}