{
 "id": 517100,
 "bug_id": 138292,
 "attachment_id": 0,
 "creation_time": "2012-06-08T00:42:12Z",
 "creator": "j.m.cooper@borgsdemons.com",
 "text": "I am getting identical behavior from a Belkin Wireless Adapter on \n9.0-STABLE:\n\nCopyright (c) 1992-2012 The FreeBSD Project.\nCopyright (c) 1979, 1980, 1983, 1986, 1988, 1989, 1991, 1992, 1993, 1994\n         The Regents of the University of California. All rights reserved.\nFreeBSD is a registered trademark of The FreeBSD Foundation.\nFreeBSD 9.0-STABLE #4: Thu May 31 07:12:27 CDT 2012\n     root@g7-HP.borgsdemons.com:/usr/obj/usr/src/sys/G7 amd64\nCPU: AMD A4-3305M APU with Radeon(tm) HD Graphics (1896.59-MHz K8-class CPU)\n   Origin = \"AuthenticAMD\"  Id = 0x300f10  Family = 12  Model = 1  \nStepping = 0\n   \nFeatures=0x178bfbff\u003cFPU,VME,DE,PSE,TSC,MSR,PAE,MCE,CX8,APIC,SEP,MTRR,PGE,MCA,CMOV,PAT,PSE36,CLFLUSH,MMX,FXSR,SSE,SSE2,HTT\u003e\n   Features2=0x802009\u003cSSE3,MON,CX16,POPCNT\u003e\n   AMD \nFeatures=0xee500800\u003cSYSCALL,NX,MMX+,FFXSR,Page1GB,RDTSCP,LM,3DNow!+,3DNow!\u003e\n   AMD \nFeatures2=0x37ff\u003cLAHF,CMP,SVM,ExtAPIC,CR8,ABM,SSE4A,MAS,Prefetch,OSVW,IBS,SKINIT,WDT\u003e\n   TSC: P-state invariant, performance statistics\nreal memory  = 5368709120 (5120 MB)\navail memory = 4596224000 (4383 MB)\nEvent timer \"LAPIC\" quality 400\nACPI APIC Table: \u003cHP     INSYDE \u003e\nFreeBSD/SMP: Multiprocessor System Detected: 2 CPUs\nFreeBSD/SMP: 1 package(s) x 2 core(s)\n  cpu0 (BSP): APIC ID:  0\n  cpu1 (AP): APIC ID:  1\nioapic0: Changing APIC ID to 4\nioapic0 \u003cVersion 2.1\u003e irqs 0-23 on motherboard\n\n* * *\n\nugen1.2: \u003cBelkin\u003e at usbus1\nzyd0: \u003cBelkin USB2.0 WLAN, rev 2.00/48.10, addr 2\u003e on usbus1\n\nPower cycling (pulling the dongle out and pushing it back in) gets \nthings started again, but it is a pain.\n\n--\nJohn M. Cooper"
}