{
 "id": 1033749,
 "bug_id": 235181,
 "attachment_id": 0,
 "creation_time": "2019-01-24T23:21:05Z",
 "creator": "sturmanj@gmail.com",
 "text": "dmesg\n-------\n\n---\u003c\u003cBOOT\u003e\u003e---\nCopyright (c) 1992-2018 The FreeBSD Project.\nCopyright (c) 1979, 1980, 1983, 1986, 1988, 1989, 1991, 1992, 1993, 1994\n        The Regents of the University of California. All rights reserved.\nFreeBSD is a registered trademark of The FreeBSD Foundation.\nFreeBSD 12.0-RELEASE-p2 GENERIC amd64\nFreeBSD clang version 6.0.1 (tags/RELEASE_601/final 335540) (based on LLVM 6.0.1)\nVT(vga): resolution 640x480\nCPU: Intel(R) Xeon(R) CPU E3-1220 v6 @ 3.00GHz (3000.11-MHz K8-class CPU)\n  Origin=\"GenuineIntel\"  Id=0x906e9  Family=0x6  Model=0x9e  Stepping=9\n  Features=0xbfebfbff\u003cFPU,VME,DE,PSE,TSC,MSR,PAE,MCE,CX8,APIC,SEP,MTRR,PGE,MCA,CMOV,PAT,PSE36,CLFLUSH,DTS,ACPI,MMX,FXSR,SSE,SSE2,SS,HTT,TM,PBE\u003e\n  Features2=0x7ffafbff\u003cSSE3,PCLMULQDQ,DTES64,MON,DS_CPL,VMX,SMX,EST,TM2,SSSE3,SDBG,FMA,CX16,xTPR,PDCM,PCID,SSE4.1,SSE4.2,x2APIC,MOVBE,POPCNT,TSCDLT,AESNI,XSAVE,OSXSAVE,AVX,F16C,RDRAND\u003e\n  AMD Features=0x2c100800\u003cSYSCALL,NX,Page1GB,RDTSCP,LM\u003e\n  AMD Features2=0x121\u003cLAHF,ABM,Prefetch\u003e\n  Structured Extended Features=0x29c6fbf\u003cFSGSBASE,TSCADJ,SGX,BMI1,HLE,AVX2,SMEP,BMI2,ERMS,INVPCID,RTM,NFPUSG,MPX,RDSEED,ADX,SMAP,CLFLUSHOPT,PROCTRACE\u003e\n  Structured Extended Features3=0x9c000000\u003cIBPB,STIBP,L1DFL,SSBD\u003e\n  XSAVE Features=0xf\u003cXSAVEOPT,XSAVEC,XINUSE,XSAVES\u003e\n  VT-x: PAT,HLT,MTF,PAUSE,EPT,UG,VPID\n  TSC: P-state invariant, performance statistics\nreal memory  = 17179869184 (16384 MB)\navail memory = 16413990912 (15653 MB)\nEvent timer \"LAPIC\" quality 600\nACPI APIC Table: \u003cDELL   PE_SC3  \u003e\nFreeBSD/SMP: Multiprocessor System Detected: 4 CPUs\nFreeBSD/SMP: 1 package(s) x 4 core(s)\nrandom: unblocking device.\nioapic0 \u003cVersion 2.0\u003e irqs 0-23 on motherboard\nLaunching APs: 2 1 3\nTimecounter \"TSC-low\" frequency 1500055916 Hz quality 1000\nrandom: entropy device external interface\nnetmap: loaded module\n[ath_hal] loaded\nmodule_register_init: MOD_LOAD (vesa, 0xffffffff810f9770, 0) error 19\nrandom: registering fast source Intel Secure Key RNG\nrandom: fast provider: \"Intel Secure Key RNG\"\nkbd1 at kbdmux0\nnexus0\nvtvga0: \u003cVT VGA driver\u003e on motherboard\ncryptosoft0: \u003csoftware crypto\u003e on motherboard\nacpi0: \u003cDELL PE_SC3\u003e on motherboard\nacpi0: Power Button (fixed)\ncpu0: \u003cACPI CPU\u003e on acpi0\nhpet0: \u003cHigh Precision Event Timer\u003e iomem 0xfed00000-0xfed003ff on acpi0\nTimecounter \"HPET\" frequency 24000000 Hz quality 950\nEvent timer \"HPET\" frequency 24000000 Hz quality 550\nEvent timer \"HPET1\" frequency 24000000 Hz quality 440\nEvent timer \"HPET2\" frequency 24000000 Hz quality 440\nEvent timer \"HPET3\" frequency 24000000 Hz quality 440\nEvent timer \"HPET4\" frequency 24000000 Hz quality 440\natrtc0: \u003cAT realtime clock\u003e port 0x70-0x77 irq 8 on acpi0\natrtc0: Warning: Couldn't map I/O.\natrtc0: registered as a time-of-day clock, resolution 1.000000s\nEvent timer \"RTC\" frequency 32768 Hz quality 0\nattimer0: \u003cAT timer\u003e port 0x40-0x43,0x50-0x53 irq 0 on acpi0\nTimecounter \"i8254\" frequency 1193182 Hz quality 0\nEvent timer \"i8254\" frequency 1193182 Hz quality 100\nTimecounter \"ACPI-fast\" frequency 3579545 Hz quality 900\nacpi_timer0: \u003c24-bit timer at 3.579545MHz\u003e port 0x1808-0x180b on acpi0\npcib0: \u003cACPI Host-PCI bridge\u003e port 0xcf8-0xcff on acpi0\npci0: \u003cACPI PCI bus\u003e on pcib0\npcib1: \u003cACPI PCI-PCI bridge\u003e irq 16 at device 1.0 on pci0\npci1: \u003cACPI PCI bus\u003e on pcib1\nAVAGO MegaRAID SAS FreeBSD mrsas driver version: 06.712.04.00-fbsd\nmrsas0: \u003cAVAGO Fury SAS Controller\u003e port 0x3000-0x30ff mem 0x92c00000-0x92c0ffff,0x92b00000-0x92bfffff irq 16 at device 0.0 on pci1\nmrsas0: Using MSI-X with 4 number of vectors\nmrsas0: FW supports \u003c96\u003e MSIX vector,Online CPU 4 Current MSIX \u003c4\u003e\nmrsas0: FW supports: UnevenSpanSupport=1\n\nmrsas0: MSI-x interrupts setup success\npcib2: \u003cACPI PCI-PCI bridge\u003e irq 16 at device 1.2 on pci0\npci2: \u003cACPI PCI bus\u003e on pcib2\nxhci0: \u003cIntel Sunrise Point USB 3.0 controller\u003e mem 0x92d00000-0x92d0ffff irq 16 at device 20.0 on pci0\nxhci0: 32 bytes context size, 64-bit DMA\nusbus0: waiting for BIOS to give up control\nxhci_interrupt: host controller halted\nxhci_interrupt: host controller halted\nxhci_interrupt: host controller halted\nusbus0 on xhci0\nusbus0: 5.0Gbps Super Speed USB v3.0\npci0: \u003csimple comms\u003e at device 22.0 (no driver attached)\npci0: \u003csimple comms\u003e at device 22.1 (no driver attached)\nahci0: \u003cIntel Sunrise Point AHCI SATA controller\u003e port 0x4040-0x4047,0x4048-0x404b,0x4020-0x403f mem 0x92d14000-0x92d15fff,0x92d17000-0x92d170ff,0x92d16000-0x92d167ff irq 16 at device 23.0 on pci0\nahci0: AHCI v1.31 with 6 6Gbps ports, Port Multiplier not supported\nahcich0: \u003cAHCI channel\u003e at channel 0 on ahci0\nahcich1: \u003cAHCI channel\u003e at channel 1 on ahci0\nahcich2: \u003cAHCI channel\u003e at channel 2 on ahci0\nahcich3: \u003cAHCI channel\u003e at channel 3 on ahci0\nahcich4: \u003cAHCI channel\u003e at channel 4 on ahci0\nahcich5: \u003cAHCI channel\u003e at channel 5 on ahci0\nahciem0: \u003cAHCI enclosure management bridge\u003e on ahci0\npcib3: \u003cACPI PCI-PCI bridge\u003e irq 16 at device 29.0 on pci0\npci3: \u003cACPI PCI bus\u003e on pcib3\nbge0: \u003cBroadcom NetXtreme Gigabit Ethernet, ASIC rev. 0x5720000\u003e mem 0x92a30000-0x92a3ffff,0x92a40000-0x92a4ffff,0x92a50000-0x92a5ffff irq 16 at device 0.0 on pci3\nbge0: APE FW version: NCSI v1.4.22.0\nbge0: CHIP ID 0x05720000; ASIC REV 0x5720; CHIP REV 0x57200; PCI-E\nmiibus0: \u003cMII bus\u003e on bge0\nbrgphy0: \u003cBCM5720C 1000BASE-T media interface\u003e PHY 1 on miibus0\nbrgphy0:  10baseT, 10baseT-FDX, 100baseTX, 100baseTX-FDX, 1000baseT, 1000baseT-master, 1000baseT-FDX, 1000baseT-FDX-master, auto, auto-flow\nbge0: Using defaults for TSO: 65518/35/2048\nbge0: Ethernet address: 50:9a:4c:94:33:5a\nbge1: \u003cBroadcom NetXtreme Gigabit Ethernet, ASIC rev. 0x5720000\u003e mem 0x92a00000-0x92a0ffff,0x92a10000-0x92a1ffff,0x92a20000-0x92a2ffff irq 17 at device 0.1 on pci3\nbge1: APE FW version: NCSI v1.4.22.0\nbge1: CHIP ID 0x05720000; ASIC REV 0x5720; CHIP REV 0x57200; PCI-E\nmiibus1: \u003cMII bus\u003e on bge1\nbrgphy1: \u003cBCM5720C 1000BASE-T media interface\u003e PHY 2 on miibus1\nbrgphy1:  10baseT, 10baseT-FDX, 100baseTX, 100baseTX-FDX, 1000baseT, 1000baseT-master, 1000baseT-FDX, 1000baseT-FDX-master, auto, auto-flow\nbge1: Using defaults for TSO: 65518/35/2048\nbge1: Ethernet address: 50:9a:4c:94:33:5b\npcib4: \u003cACPI PCI-PCI bridge\u003e irq 18 at device 29.2 on pci0\npci4: \u003cACPI PCI bus\u003e on pcib4\npcib5: \u003cACPI PCI-PCI bridge\u003e at device 0.0 on pci4\npci5: \u003cACPI PCI bus\u003e on pcib5\npcib6: \u003cPCI-PCI bridge\u003e at device 0.0 on pci5\npci6: \u003cPCI bus\u003e on pcib6\npcib7: \u003cPCI-PCI bridge\u003e at device 0.0 on pci6\npci7: \u003cPCI bus\u003e on pcib7\nvgapci0: \u003cVGA-compatible display\u003e mem 0x91000000-0x91ffffff,0x92800000-0x92803fff,0x92000000-0x927fffff irq 18 at device 0.0 on pci7\nvgapci0: Boot video device\nisab0: \u003cPCI-ISA bridge\u003e at device 31.0 on pci0\nisa0: \u003cISA bus\u003e on isab0\npci0: \u003cmemory\u003e at device 31.2 (no driver attached)\nacpi_button0: \u003cSleep Button\u003e on acpi0\nuart1: \u003c16550 or compatible\u003e port 0x2f8-0x2ff irq 3 on acpi0\nuart0: \u003c16550 or compatible\u003e port 0x3f8-0x3ff irq 4 flags 0x10 on acpi0\norm0: \u003cISA Option ROMs\u003e at iomem 0xc0000-0xc7fff,0xc8000-0xcb7ff,0xed800-0xf17ff pnpid ORM0000 on isa0\nest0: \u003cEnhanced SpeedStep Frequency Control\u003e on cpu0\nest: CPU supports Enhanced Speedstep, but is not recognized.\nest: cpu_vendor GenuineIntel, msr 201f00002100\ndevice_attach: est0 attach returned 6\nest: CPU supports Enhanced Speedstep, but is not recognized.\nest: cpu_vendor GenuineIntel, msr 201f00002100\ndevice_attach: est1 attach returned 6\nest: CPU supports Enhanced Speedstep, but is not recognized.\nest: cpu_vendor GenuineIntel, msr 202400002100\ndevice_attach: est2 attach returned 6\nest: CPU supports Enhanced Speedstep, but is not recognized.\nest: cpu_vendor GenuineIntel, msr 202400002100\ndevice_attach: est3 attach returned 6\nZFS filesystem version: 5\nZFS storage pool version: features support (5000)\nTimecounters tick every 1.000 msec\nmrsas0: Disestablish mrsas intr hook\nugen0.1: \u003c0x8086 XHCI root HUB\u003e at usbus0\nuhub0: \u003c0x8086 XHCI root HUB, class 9/0, rev 3.00/1.00, addr 1\u003e on usbus0\nses0 at ahciem0 bus 0 scbus8 target 0 lun 0\nses0: \u003cAHCI SGPIO Enclosure 1.00 0001\u003e SEMB S-E-S 2.00 device\nses0: SEMB SES Device\ncd0 at ahcich4 bus 0 scbus6 target 0 lun 0\ncd0: \u003cPLDS DVD+-RW DU-8A5LH 6D5M\u003e Removable CD-ROM SCSI device\ncd0: Serial Number 2WXYCPLCxxxxxxxxxx\ncd0: 150.000MB/s transfers (SATA 1.x, UDMA6, ATAPI 12bytes, PIO 8192bytes)\ncd0: Attempt to query device size failed: NOT READY, Medium not present - tray closed\nda0 at mrsas0 bus 1 scbus1 target 0 lun 0\nda0: \u003cATA HUS722T2TALA600 MU03\u003e Fixed Direct Access SPC-4 SCSI device\nda0: Serial Number WMxxxxxxxxxxxx\nda0: 150.000MB/s transfers\nda0: 1907729MB (3907029168 512 byte sectors)\nda2 at mrsas0 bus 1 scbus1 target 2 lun 0\nda2: \u003cATA SanDisk SDSSDA24 30RL\u003e Fixed Direct Access SPC-4 SCSI device\nda2: Serial Number 172757804261\nda2: 150.000MB/s transfers\nda2: 228936MB (468862128 512 byte sectors)\nda1 at mrsas0 bus 1 scbus1 target 1 lun 0\nda1: \u003cATA ST2000NM0018-2F3 EA04\u003e Fixed Direct Access SPC-4 SCSI device\nda1: Serial Number ZDxxxxxx\nda1: 150.000MB/s transfers\nda1: 1907729MB (3907029168 512 byte sectors)\nTrying to mount root from zfs:zroot/ROOT/default []...\nuhub0: 26 ports with 26 removable, self powered\nugen0.2: \u003cno manufacturer Gadget USB HUB\u003e at usbus0\nuhub1 on uhub0\nuhub1: \u003cno manufacturer Gadget USB HUB, class 9/0, rev 2.00/0.00, addr 1\u003e on usbus0\nuhub1: 6 ports with 6 removable, self powered\nugen0.3: \u003cLITEON Technology USB Keyboard\u003e at usbus0\nukbd0 on uhub0\nukbd0: \u003cEP1 Interrupt\u003e on usbus0\nkbd2 at ukbd0\nugen0.4: \u003cKingston DataTraveler 2.0\u003e at usbus0\numass0 on uhub0\numass0: \u003cKingston DataTraveler 2.0, class 0/0, rev 2.00/1.10, addr 3\u003e on usbus0\numass0:  SCSI over Bulk-Only; quirks = 0xc100\numass0:9:0: Attached to scbus9\nda3 at umass-sim0 bus 0 scbus9 target 0 lun 0\nda3: \u003cKingston DataTraveler 2.0 PMAP\u003e Removable Direct Access SCSI device\nda3: Serial Number 5B75139A229B\nda3: 40.000MB/s transfers\nda3: 3936MB (8060928 512 byte sectors)\nda3: quirks=0x3\u003cNO_SYNC_CACHE,NO_6_BYTE\u003e\nlo0: link state changed to UP\nbge0: link state changed to DOWN\nbge0: link state changed to UP\nbridge1: Ethernet address: 02:1c:1d:b0:da:01\nbge0: promiscuous mode enabled\nbridge1: link state changed to UP\ntap1: Ethernet address: 00:bd:09:2f:f7:01\ntap1: promiscuous mode enabled\ntap2: Ethernet address: 00:bd:e5:2f:f7:02\ntap2: promiscuous mode enabled\ntap2: link state changed to UP\nnd6_dad_timer: cancel DAD on tap2 because of ND6_IFF_IFDISABLED.\ntap3: Ethernet address: 00:bd:2e:64:f7:03\ntap3: promiscuous mode enabled\ntap3: link state changed to UP\nnd6_dad_timer: cancel DAD on tap3 because of ND6_IFF_IFDISABLED.\nugen0.4: \u003cKingston DataTraveler 2.0\u003e at usbus0 (disconnected)\numass0: at uhub0, port 11, addr 3 (disconnected)\nda3 at umass-sim0 bus 0 scbus9 target 0 lun 0\nda3: \u003cKingston DataTraveler 2.0 PMAP\u003e  s/n 5B75139A229B detached\n(da3:umass-sim0:0:0:0): Periph destroyed\numass0: detached"
}