{
 "id": 348222,
 "bug_id": 103132,
 "attachment_id": 0,
 "creation_time": "2006-09-11T12:50:08Z",
 "creator": "sql82@list.ru",
 "text": "Experience with FreeBSD 6.1-RELEASE amd64 on ASUS A8V-MX:\n\nACPI 2.0 is enabled BIOS\nAPIC APIC Support is enabled in BIOS\nSATA II  WDC WD2500JS-55MHB gets recognized as SATA-150. Serial ATA IDE Controller mode in BIOS set in \"SATA\" (RAID and AHCI also avaliable)\nOnboard sound and network adapter works fine\n\ndmesg output:\n\nCopyright (c) 1992-2006 The FreeBSD Project.\nCopyright (c) 1979, 1980, 1983, 1986, 1988, 1989, 1991, 1992, 1993, 1994\n\tThe Regents of the University of California. All rights reserved.\nFreeBSD 6.1-RELEASE #0: Thu Jul 13 16:42:09 EEST 2006\n    squirl@squirlhome.ilyichevsk.net:/usr/src/sys/amd64/compile/CUSTOM13072006\nTimecounter \"i8254\" frequency 1193182 Hz quality 0\nCPU: AMD Athlon(tm) 64 Processor 3000+ (1800.08-MHz K8-class CPU)\n  Origin = \"AuthenticAMD\"  Id = 0x20ff2  Stepping = 2\n  Features=0x78bfbff\u003cFPU,VME,DE,PSE,TSC,MSR,PAE,MCE,CX8,APIC,SEP,MTRR,PGE,MCA,CMOV,PAT,PSE36,CLFLUSH,MMX,FXSR,SSE,SSE2\u003e\n  Features2=0x1\u003cSSE3\u003e\n  AMD Features=0xe2500800\u003cSYSCALL,NX,MMX+,FFXSR,LM,3DNow+,3DNow\u003e\n  AMD Features2=0x1\u003cLAHF\u003e\nreal memory  = 1073414144 (1023 MB)\navail memory = 1027690496 (980 MB)\nACPI APIC Table: \u003cA M I  OEMAPIC \u003e\nioapic0 \u003cVersion 0.3\u003e irqs 0-23 on motherboard\nacpi0: \u003cA M I OEMXSDT\u003e on motherboard\nacpi0: Power Button (fixed)\nTimecounter \"ACPI-fast\" frequency 3579545 Hz quality 1000\nacpi_timer0: \u003c24-bit timer at 3.579545MHz\u003e port 0x808-0x80b on acpi0\ncpu0: \u003cACPI CPU\u003e on acpi0\nacpi_throttle0: \u003cACPI CPU Throttling\u003e on cpu0\npcib0: \u003cACPI Host-PCI bridge\u003e port 0xcf8-0xcff on acpi0\npci0: \u003cACPI PCI bus\u003e on pcib0\nagp0: \u003cVIA 8380 host to PCI bridge\u003e mem 0xd0000000-0xdfffffff at device 0.0 on pci0\npcib1: \u003cACPI PCI-PCI bridge\u003e at device 1.0 on pci0\npci1: \u003cACPI PCI bus\u003e on pcib1\npci1: \u003cdisplay, VGA\u003e at device 0.0 (no driver attached)\natapci0: \u003cVIA 8251 SATA150 controller\u003e port 0xec00-0xec07,0xe880-0xe883,0xe800-0xe807,0xe480-0xe483,0xe400-0xe40f mem 0xfebffc00-0xfebfffff irq 21 at device 15.0 on pci0\nata2: \u003cATA channel 0\u003e on atapci0\nata3: \u003cATA channel 1\u003e on atapci0\natapci1: \u003cVIA 8251 UDMA133 controller\u003e port 0x1f0-0x1f7,0x3f6,0x170-0x177,0x376,0xfc00-0xfc0f at device 15.1 on pci0\nata0: \u003cATA channel 0\u003e on atapci1\nata1: \u003cATA channel 1\u003e on atapci1\nuhci0: \u003cVIA 83C572 USB controller\u003e port 0xe080-0xe09f irq 20 at device 16.0 on pci0\nuhci0: [GIANT-LOCKED]\nusb0: \u003cVIA 83C572 USB controller\u003e on uhci0\nusb0: USB revision 1.0\nuhub0: VIA UHCI root hub, class 9/0, rev 1.00/1.00, addr 1\nuhub0: 2 ports with 2 removable, self powered\nuhci1: \u003cVIA 83C572 USB controller\u003e port 0xe000-0xe01f irq 22 at device 16.1 on pci0\nuhci1: [GIANT-LOCKED]\nusb1: \u003cVIA 83C572 USB controller\u003e on uhci1\nusb1: USB revision 1.0\nuhub1: VIA UHCI root hub, class 9/0, rev 1.00/1.00, addr 1\nuhub1: 2 ports with 2 removable, self powered\nuhci2: \u003cVIA 83C572 USB controller\u003e port 0xdc00-0xdc1f irq 21 at device 16.2 on pci0\nuhci2: [GIANT-LOCKED]\nusb2: \u003cVIA 83C572 USB controller\u003e on uhci2\nusb2: USB revision 1.0\nuhub2: VIA UHCI root hub, class 9/0, rev 1.00/1.00, addr 1\nuhub2: 2 ports with 2 removable, self powered\nuhci3: \u003cVIA 83C572 USB controller\u003e port 0xd880-0xd89f irq 23 at device 16.3 on pci0\nuhci3: [GIANT-LOCKED]\nusb3: \u003cVIA 83C572 USB controller\u003e on uhci3\nusb3: USB revision 1.0\nuhub3: VIA UHCI root hub, class 9/0, rev 1.00/1.00, addr 1\nuhub3: 2 ports with 2 removable, self powered\nehci0: \u003cVIA VT6202 USB 2.0 controller\u003e mem 0xfebff800-0xfebff8ff irq 22 at device 16.4 on pci0\nehci0: [GIANT-LOCKED]\nusb4: EHCI version 1.0\nusb4: companion controllers, 2 ports each: usb0 usb1 usb2 usb3\nusb4: \u003cVIA VT6202 USB 2.0 controller\u003e on ehci0\nusb4: USB revision 2.0\nuhub4: VIA EHCI root hub, class 9/0, rev 2.00/1.00, addr 1\nuhub4: 8 ports with 8 removable, self powered\numass0: vendor 0x0457 USB Mass Storage Device, rev 2.00/1.00, addr 2\nisab0: \u003cPCI-ISA bridge\u003e at device 17.0 on pci0\nisa0: \u003cISA bus\u003e on isab0\npcm0: \u003cVIA VT8251\u003e port 0xd400-0xd4ff irq 22 at device 17.5 on pci0\npcm0: \u003cAvance Logic ALC655 AC97 Codec\u003e\npcm0: \u003cVIA DXS Enabled: DXS 4 / SGD 1 / REC 1\u003e\nvr0: \u003cVIA VT6102 Rhine II 10/100BaseTX\u003e port 0xd000-0xd0ff mem 0xfebff400-0xfebff4ff irq 23 at device 18.0 on pci0\nmiibus0: \u003cMII bus\u003e on vr0\nrlphy0: \u003cRTL8201L 10/100 media interface\u003e on miibus0\nrlphy0:  10baseT, 10baseT-FDX, 100baseTX, 100baseTX-FDX, auto\nvr0: Ethernet address: 00:13:d4:c6:67:e9\npcib2: \u003cACPI PCI-PCI bridge\u003e at device 19.0 on pci0\npci2: \u003cACPI PCI bus\u003e on pcib2\npcib3: \u003cACPI PCI-PCI bridge\u003e at device 0.0 on pci2\npci3: \u003cACPI PCI bus\u003e on pcib3\npcib4: \u003cACPI PCI-PCI bridge\u003e at device 0.1 on pci2\npci4: \u003cACPI PCI bus\u003e on pcib4\npcib5: \u003cACPI PCI-PCI bridge\u003e at device 19.1 on pci0\npci5: \u003cACPI PCI bus\u003e on pcib5\nacpi_button0: \u003cSleep Button\u003e on acpi0\nacpi_button1: \u003cPower Button\u003e on acpi0\nfdc0: \u003cfloppy drive controller (FDE)\u003e port 0x3f0-0x3f5,0x3f7 irq 6 drq 2 on acpi0\nfdc0: [FAST]\nfd0: \u003c1440-KB 3.5\" drive\u003e on fdc0 drive 0\natkbdc0: \u003cKeyboard controller (i8042)\u003e port 0x60,0x64 irq 1 on acpi0\natkbd0: \u003cAT Keyboard\u003e flags 0x1 irq 1 on atkbdc0\nkbd0 at atkbd0\natkbd0: [GIANT-LOCKED]\npsm0: \u003cPS/2 Mouse\u003e irq 12 on atkbdc0\npsm0: [GIANT-LOCKED]\npsm0: model IntelliMouse, device ID 3\norm0: \u003cISA Option ROM\u003e at iomem 0xc0000-0xcefff on isa0\nppc0: cannot reserve I/O port range\nsc0: \u003cSystem console\u003e at flags 0x100 on isa0\nsc0: VGA \u003c16 virtual consoles, flags=0x300\u003e\nsio0: configured irq 4 not in bitmap of probed irqs 0\nsio0: port may not be enabled\nsio0 at port 0x3f8-0x3ff irq 4 flags 0x10 on isa0\nsio0: type 8250 or not responding\nsio1: configured irq 3 not in bitmap of probed irqs 0\nsio1: port may not be enabled\nvga0: \u003cGeneric ISA VGA\u003e at port 0x3c0-0x3df iomem 0xa0000-0xbffff on isa0\nTimecounter \"TSC\" frequency 1800079291 Hz quality 800\nTimecounters tick every 1.000 msec\nacd0: DVDR \u003cNEC DVD RW ND-3550A/1.05\u003e at ata0-master UDMA33\nad4: 238475MB \u003cWDC WD2500JS-55MHB0 02.01C03\u003e at ata2-master SATA150\nda0 at umass-sim0 bus 0 target 0 lun 0\nda0: \u003c PUSB20MFD1024LG 1.0\u003e Removable Direct Access SCSI-2 device \nda0: 40.000MB/s transfers\nda0: 1000MB (2048000 512 byte sectors: 64H 32S/T 1000C)\ncd0 at ata0 bus 0 target 0 lun 0\ncd0: \u003c_NEC DVD_RW ND-3550A 1.05\u003e Removable CD-ROM SCSI-0 device \ncd0: 33.000MB/s transfers\ncd0: Attempt to query device size failed: NOT READY, Medium not present\nTrying to mount root from ufs:/dev/ad4s3a\nvr0: link state changed to DOWN\nvr0: link state changed to UP"
}