{
 "id": 356301,
 "bug_id": 104830,
 "attachment_id": 0,
 "creation_time": "2007-08-01T12:36:30Z",
 "creator": "antonakis@gmail.com",
 "text": "I have exactly the same problem when my usb hdd reaches almost full\ncapacity. The dmesg fills with g_vfs_done() (see below) messages and\nthen the system either locks up or reboots. It had occurred once that\nthe filesystem was completely thrashed and I had to do an fsck -y and\ndigg through lost+found for any surviving files.\n\nDMESG using FreeBSD -stable follows:\n\nCopyright (c) 1992-2007 The FreeBSD Project.\nCopyright (c) 1979, 1980, 1983, 1986, 1988, 1989, 1991, 1992, 1993, 1994\n        The Regents of the University of California. All rights\nreserved.\nFreeBSD is a registered trademark of The FreeBSD Foundation.\nFreeBSD 6.2-STABLE #1: Sun Jul 22 02:32:36 EEST 2007\n    root@arroyo.wasteland.awmn:/usr/obj/usr/src/sys/GENERIC\nACPI APIC Table: \u003cINTEL  D845GLAD\u003e\nTimecounter \"i8254\" frequency 1193182 Hz quality 0\nCPU: Intel(R) Celeron(R) CPU 1.70GHz (1699.82-MHz 686-class CPU)\n  Origin = \"GenuineIntel\"  Id = 0xf13  Stepping = 3\n\nFeatures=0x3febfbff\u003cFPU,VME,DE,PSE,TSC,MSR,PAE,MCE,CX8,APIC,SEP,MTRR,PGE,MCA,CMOV,PAT,PSE36,CLFLUSH,DTS,ACPI,MMX,FXSR,SSE,SSE2,SS,HTT,TM\u003e\nreal memory  = 803471360 (766 MB)\navail memory = 772812800 (737 MB)\nioapic0: Changing APIC ID to 1\nioapic0 \u003cVersion 2.0\u003e irqs 0-23 on motherboard\nkbd1 at kbdmux0\nath_hal: 0.9.20.3 (AR5210, AR5211, AR5212, RF5111, RF5112, RF2413,\nRF5413)\nacpi0: \u003cINTEL D845GLAD\u003e on motherboard\nacpi0: Power Button (fixed)\nTimecounter \"ACPI-fast\" frequency 3579545 Hz quality 1000\nacpi_timer0: \u003c24-bit timer at 3.579545MHz\u003e port 0x408-0x40b on acpi0\ncpu0: \u003cACPI CPU\u003e on acpi0\nacpi_throttle0: \u003cACPI CPU Throttling\u003e on cpu0\npcib0: \u003cACPI Host-PCI bridge\u003e port 0xcf8-0xcff on acpi0\npci0: \u003cACPI PCI bus\u003e on pcib0\nagp0: \u003cIntel 82845G (845G GMCH) SVGA controller\u003e mem\n0xf0000000-0xf7ffffff,0xffa80000-0xffafffff irq 16 at device 2.0 on pci0\nagp0: detected 892k stolen memory\nagp0: aperture size is 128M\nuhci0: \u003cIntel 82801DB (ICH4) USB controller USB-A\u003e port 0xe800-0xe81f\nirq 16 at device 29.0 on pci0\nuhci0: [GIANT-LOCKED]\nusb0: \u003cIntel 82801DB (ICH4) USB controller USB-A\u003e on uhci0\nusb0: USB revision 1.0\nuhub0: Intel UHCI root hub, class 9/0, rev 1.00/1.00, addr 1\nuhub0: 2 ports with 2 removable, self powered\nuhci1: \u003cIntel 82801DB (ICH4) USB controller USB-B\u003e port 0xe880-0xe89f\nirq 19 at device 29.1 on pci0\nuhci1: [GIANT-LOCKED]\nusb1: \u003cIntel 82801DB (ICH4) USB controller USB-B\u003e on uhci1\nusb1: USB revision 1.0\nuhub1: Intel UHCI root hub, class 9/0, rev 1.00/1.00, addr 1\nuhub1: 2 ports with 2 removable, self powered\nuhci2: \u003cIntel 82801DB (ICH4) USB controller USB-C\u003e port 0xec00-0xec1f\nirq 18 at device 29.2 on pci0\nuhci2: [GIANT-LOCKED]\nusb2: \u003cIntel 82801DB (ICH4) USB controller USB-C\u003e on uhci2\nusb2: USB revision 1.0\nuhub2: Intel UHCI root hub, class 9/0, rev 1.00/1.00, addr 1\nuhub2: 2 ports with 2 removable, self powered\nehci0: \u003cIntel 82801DB/L/M (ICH4) USB 2.0 controller\u003e mem\n0xffa7fc00-0xffa7ffff irq 23 at device 29.7 on pci0\nehci0: [GIANT-LOCKED]\nusb3: EHCI version 1.0\nusb3: companion controllers, 2 ports each: usb0 usb1 usb2\nusb3: \u003cIntel 82801DB/L/M (ICH4) USB 2.0 controller\u003e on ehci0\nusb3: USB revision 2.0\nuhub3: Intel EHCI root hub, class 9/0, rev 2.00/1.00, addr 1\nuhub3: 6 ports with 6 removable, self powered\nuhub4: vendor 0x05e3 USB2.0 Hub, class 9/0, rev 2.00/7.02, addr 2\nuhub4: single transaction translator\nuhub4: 4 ports with 4 removable, self powered\numass0: vendor 0x04b4 Cypress AT2LP, rev 2.00/2.40, addr 3\npcib1: \u003cACPI PCI-PCI bridge\u003e at device 30.0 on pci0\npci1: \u003cACPI PCI bus\u003e on pcib1\nfxp0: \u003cIntel 82801DB (ICH4) Pro/100 VE Ethernet\u003e port 0xdc00-0xdc3f mem\n0xff8ff000-0xff8fffff irq 20 at device 8.0 on pci1\nmiibus0: \u003cMII bus\u003e on fxp0\ninphy0: \u003ci82562ET 10/100 media interface\u003e on miibus0\ninphy0:  10baseT, 10baseT-FDX, 100baseTX, 100baseTX-FDX, auto\nfxp0: Ethernet address: 00:07:e9:b6:2a:1b\nisab0: \u003cPCI-ISA bridge\u003e at device 31.0 on pci0\nisa0: \u003cISA bus\u003e on isab0\natapci0: \u003cIntel ICH4 UDMA100 controller\u003e port\n0x1f0-0x1f7,0x3f6,0x170-0x177,0x376,0xffa0-0xffaf at device 31.1 on pci0\nata0: \u003cATA channel 0\u003e on atapci0\nata1: \u003cATA channel 1\u003e on atapci0\npci0: \u003cserial bus, SMBus\u003e at device 31.3 (no driver attached)\npci0: \u003cmultimedia, audio\u003e at device 31.5 (no driver attached)\nsio0: configured irq 4 not in bitmap of probed irqs 0\nsio0: port may not be enabled\nsio0: \u003c16550A-compatible COM port\u003e port 0x3f8-0x3ff irq 4 flags 0x10 on\nacpi0\nsio0: type 16550A, console\nsio1: configured irq 3 not in bitmap of probed irqs 0\nsio1: port may not be enabled\nsio1: \u003c16550A-compatible COM port\u003e port 0x2f8-0x2ff irq 3 on acpi0\nsio1: type 16550A\nfdc0: \u003cfloppy drive controller\u003e port\n0x3f0-0x3f1,0x3f2-0x3f3,0x3f4-0x3f5,0x3f7 irq 6 drq 2 on acpi0\nfdc0: [FAST]\nfd0: \u003c1440-KB 3.5\" drive\u003e on fdc0 drive 0\nppc0: \u003cStandard parallel printer port\u003e port 0x378-0x37f irq 7 on acpi0\nppc0: Generic chipset (EPP/NIBBLE) in COMPATIBLE mode\nppbus0: \u003cParallel port bus\u003e on ppc0\nplip0: \u003cPLIP network interface\u003e on ppbus0\nlpt0: \u003cPrinter\u003e on ppbus0\nlpt0: Interrupt-driven port\nppi0: \u003cParallel I/O\u003e on ppbus0\npmtimer0 on isa0\natkbdc0: \u003cKeyboard controller (i8042)\u003e at port 0x60,0x64 on isa0\natkbd0: \u003cAT Keyboard\u003e irq 1 on atkbdc0\nkbd0 at atkbd0\natkbd0: [GIANT-LOCKED]\nsc0: \u003cSystem console\u003e at flags 0x100 on isa0\nsc0: VGA \u003c16 virtual consoles, flags=0x100\u003e\nvga0: \u003cGeneric ISA VGA\u003e at port 0x3c0-0x3df iomem 0xa0000-0xbffff on\nisa0\nTimecounter \"TSC\" frequency 1699816144 Hz quality 800\nTimecounters tick every 1.000 msec\nad0: 38166MB \u003cWDC WD400BB-00GFA0 09.01B09\u003e at ata0-master UDMA100\nad1: 194481MB \u003cMaxtor 6Y200P0 YAR41BW0\u003e at ata0-slave UDMA100\nad2: 190782MB \u003cSeagate ST3200826A 3.03\u003e at ata1-master UDMA100\numass1: JMicron USB to ATA/ATAPI Bridge, rev 2.00/1.00, addr 4\nda0 at umass-sim0 bus 0 target 0 lun 0\nda0: \u003cST320082 6A 0000\u003e Fixed Direct Access SCSI-0 device \nda0: 40.000MB/s transfers\nda0: 190782MB (390721968 512 byte sectors: 255H 63S/T 24321C)\nda1 at umass-sim1 bus 1 target 0 lun 0\nda1: \u003cST332062 3QF0YRC0 E\u003e Fixed Direct Access SCSI-2 device \nda1: 40.000MB/s transfers\nda1: 305245MB (625142448 512 byte sectors: 255H 63S/T 38913C)\nTrying to mount root from ufs:/dev/ad0s1a\n\n\n\nonce the bug triggers, the dmesg floods with messages like these:\n\nJul 23 12:25:58 arroyo kernel:\ng_vfs_done():da1e[READ(offset=2419352709120, length=16384)]error = 5\nJul 23 12:25:58 arroyo kernel:\ng_vfs_done():da1e[READ(offset=2420919924736, length=16384)]error = 5\nJul 23 12:25:58 arroyo kernel:\ng_vfs_done():da1e[READ(offset=2419342194688, length=16384)]error = 5\nJul 23 12:25:58 arroyo kernel:\ng_vfs_done():da1e[READ(offset=8804889317548032, length=16384)]error = 5\nJul 23 12:25:58 arroyo kernel:\ng_vfs_done():da1e[READ(offset=2425862682624, length=16384)]error = 5\nJul 23 12:25:58 arroyo kernel:\ng_vfs_done():da1e[READ(offset=2419352709120, length=16384)]error = 5\nJul 23 12:25:58 arroyo kernel:\ng_vfs_done():da1e[READ(offset=2420919924736, length=16384)]error = 5\nJul 23 12:25:58 arroyo kernel:\ng_vfs_done():da1e[READ(offset=2419342194688, length=16384)]error = 5\nJul 23 12:25:58 arroyo kernel:\ng_vfs_done():da1e[READ(offset=8804889317548032, length=16384)]error = 5\nJul 23 12:25:58 arroyo kernel:\ng_vfs_done():da1e[READ(offset=2425862682624, length=16384)]error = 5\nJul 23 12:25:58 arroyo kernel:\ng_vfs_done():da1e[READ(offset=2419352709120, length=16384)]error = 5\nJul 23 12:25:58 arroyo kernel:\ng_vfs_done():da1e[READ(offset=2420919924736, length=16384)]error = 5\nJul 23 12:25:58 arroyo kernel:\ng_vfs_done():da1e[READ(offset=2419342194688, length=16384)]error = 5\nJul 23 12:25:58 arroyo kernel:\ng_vfs_done():da1e[READ(offset=8804889317548032, length=16384)]error = 5\nJul 23 12:25:58 arroyo kernel:\ng_vfs_done():da1e[READ(offset=2425862682624, length=16384)]error = 5\nJul 23 12:25:58 arroyo kernel:\ng_vfs_done():da1e[READ(offset=2419352709120, length=16384)]error = 5\nJul 23 12:25:58 arroyo kernel:\ng_vfs_done():da1e[READ(offset=2420919924736, length=16384)]error = 5\nJul 23 12:25:58 arroyo kernel:\ng_vfs_done():da1e[READ(offset=2419342194688, length=16384)]error = 5\nJul 23 12:25:58 arroyo kernel:\ng_vfs_done():da1e[READ(offset=8804889317548032, length=16384)]error = 5\nJul 23 12:25:58 arroyo kernel:\ng_vfs_done():da1e[READ(offset=2425862682624, length=16384)]error = 5\nJul 23 12:25:58 arroyo kernel:\ng_vfs_done():da1e[READ(offset=2419352709120, length=16384)]error = 5\nJul 23 12:25:58 arroyo kernel:\ng_vfs_done():da1e[READ(offset=2420919924736, length=16384)]error = 5\nJul 23 12:25:58 arroyo kernel:\ng_vfs_done():da1e[READ(offset=2419342194688, length=16384)]error = 5\nJul 23 12:25:58 arroyo kernel:\ng_vfs_done():da1e[READ(offset=8804889317548032, length=16384)]error = 5\nJul 23 12:25:58 arroyo kernel:\ng_vfs_done():da1e[READ(offset=2425862682624, length=16384)]error = 5\nJul 23 12:25:58 arroyo kernel:\ng_vfs_done():da1e[READ(offset=2419352709120, length=16384)]error = 5\nJul 23 12:25:58 arroyo kernel:\ng_vfs_done():da1e[READ(offset=2420919924736, length=16384)]error = 5\nJul 23 12:25:58 arroyo kernel:\ng_vfs_done():da1e[READ(offset=2419342194688, length=16384)]error = 5\nJul 23 12:25:58 arroyo kernel:\ng_vfs_done():da1e[READ(offset=8804889317548032, length=16384)]error = 5\nJul 23 12:25:58 arroyo kernel:\ng_vfs_done():da1e[READ(offset=2425862682624, length=16384)]error = 5\nJul 23 12:25:58 arroyo kernel:\ng_vfs_done():da1e[READ(offset=2419352709120, length=16384)]error = 5\nJul 23 12:25:58 arroyo kernel:\ng_vfs_done():da1e[READ(offset=2420919924736, length=16384)]error = 5\nJul 23 12:25:58 arroyo kernel:\ng_vfs_done():da1e[READ(offset=2419342194688, length=16384)]error = 5"
}