{
 "id": 507967,
 "bug_id": 136429,
 "attachment_id": 0,
 "creation_time": "2009-07-07T16:40:01Z",
 "creator": "tonve@yandex.ru",
 "text": "my snd_hda doesn't identified after sound mega-commit ))\nhttp://docs.freebsd.org/cgi/mid.cgi?200906071912.n57JC9GZ002423\nbut it was able to boot\n\nFreeBSD 8.0-CURRENT #1: Sun
Jun 21 01:56:38 IRKST 2009\nroot@s.fbsdh.ru:/usr/src/sys/amd64/compile/TEST\nWARNING: WITNESS option enabled, expect reduced performance.\nTimecounter \"i8254\" frequency 1193182 Hz quality 0\nCPU: AMD Athlon(tm) 64 X2 Dual Core Processor 3800+ (2009.16-MHz K8-class CPU)\nOrigin = \"AuthenticAMD\"  Id = 0x40fb2  Stepping = 2\nFeatures=0x178bfbff\u003cFPU,VME,DE,PSE,TSC,MSR,PAE,MCE,CX8,APIC,SEP,MTRR,PGE,MCA,CMOV,PAT,PSE36,CLFLUSH,MMX,FXSR,SSE,SSE2,HTT\u003e\nFeatures2=0x2001\u003cSSE3,CX16\u003e\nAMD Features=0xea500800\u003cSYSCALL,NX,MMX+,FFXSR,RDTSCP,LM,3DNow!+,3DNow!\u003e\nAMD Features2=0x1f\u003cLAHF,CMP,SVM,ExtAPIC,CR8\u003e\nreal memory  = 3221225472 (3072 MB)\navail memory = 3100557312 (2956 MB)\nACPI APIC Table: \u003cNvidia ASUSACPI\u003e\nFreeBSD/SMP: Multiprocessor System Detected: 2 CPUs\nFreeBSD/SMP: 1 package(s) x 2 core(s)\ncpu0 (BSP): APIC ID:  0\ncpu1 (AP): APIC ID:  1\nioapic0: Changing APIC ID to 4\nioapic0 \u003cVersion 1.1\u003e irqs 0-23 on motherboard\nkbd1 at kbdmux0\nacpi0: \u003cNvidia ASUSACPI\u003e on motherboard\nacpi0: [ITHREAD]\nacpi0: Power Button (fixed)\nacpi0: reservation of 0, a0000 (3) failed\nacpi0: reservation of 100000, bfdb0000 (3) failed\nTimecounter \"ACPI-fast\" frequency 3579545 Hz quality 1000\nacpi_timer0: \u003c24-bit timer at 3.579545MHz\u003e port 0x1008-0x100b on acpi0\nacpi_hpet0: \u003cHigh Precision Event Timer\u003e iomem 0xfefff000-0xfefff3ff on acpi0\nTimecounter \"HPET\" frequency 25000000 Hz quality 900\nacpi_button0: \u003cPower Button\u003e on acpi0\npcib0: \u003cACPI Host-PCI bridge\u003e port 0xcf8-0xcff on acpi0\npci0: \u003cACPI PCI bus\u003e on pcib0\npci0: \u003cmemory, RAM\u003e at device 0.0 (no driver attached)\npci0: \u003cmemory, RAM\u003e at device 0.1 (no driver attached)\npci0: \u003cmemory, RAM\u003e at device 0.2 (no driver attached)\npci0: \u003cmemory, RAM\u003e at device 0.3 (no driver attached)\npci0: \u003cmemory, RAM\u003e at device 0.4 (no driver attached)\npci0: \u003cmemory, RAM\u003e at device 0.5 (no driver attached)\npci0: \u003cmemory, RAM\u003e at device 0.6 (no driver attached)\npci0: \u003cmemory, RAM\u003e at ompatible display\u003e port 0xac00-0xacff mem 0xe0000000-0xefffffff,0xfdfe0000-0xfdfeffff irq 16 at device 0.0 on pci1\ndrm0: \u003cATI Ra Initialized radeon 1.29.0 20080528\nhdac0: \u003cATI RV770 High Definition Audio Controller\u003e mem 0xfdffc000-0xfdffffff irq 16 at device 0.1 on pci1\nhdac0: HDA Driver Revision: 20090614_0135\nhdac0: [ITHREAD]\nhdac0: [ITHREAD]\npci0: \u003cmemory, RAM\u003e at device 8.0 (no driver attached)\nisab0: \u003cPCI-ISA bridge\u003e at device 9.0 on pci0\nisa0: \u003cISA bus\u003e on isab0\npci0: \u003cserial bus, SMBus\u003e at device 9.1 (no driver attached)\nohci0: \u003cOHCI (generic) USB controller\u003e mem 0xfe02f000-0xfe02ffff irq 21 at device 10.0 on pci0\nohci0: [ITHREAD]\nusbus0: \u003cOHCI (generic) USB controller\u003e on ohci0\nehci0: \u003cEHCI (generic) USB 2.0 controller\u003e mem 0xfe02e000-0xfe02e0ff irq 22 at device 10.1 on pci0\nehci0: [ITHREAD]\nusbus1: EHCI version 1.0\nusbus1: \u003cEHCI (generic) USB 2.0 controller\u003e on ehci0\natapci0: \u003cnVidia nForce MCP55 UDMA133 controller\u003e port 0x1f0-0x1f7,0x3f6,0x170-0x177,0x376,0xf400-0xf40f at device 12.0 on pci0\nata0: \u003cATA channel 0\u003e on atapci0\nata0: [ITHREAD]\nata1: \u003cATA channel 1\u003e on atapci0\nata1: [ITHREAD]\natapci1: \u003cnVidia nForce MCP55 SATA300 controller\u003e port 0x9f0-0x9f7,0xbf0-0xbf3,0x970-0x977,0xb70-0xb73,0xe000-0xe00f mem 0xfe02d000-0xfe02dfff irq 23 at device 13.0 on pci0\natapci1: [ITHREAD]\nata2: \u003cATA channel 0\u003e on atapci1\nata2: [ITHREAD]\nata3: \u003cATA channel 1\u003e on atapci1\nata3: [ITHREAD]\natapci2: \u003cnVidia nForce MCP55 SATA300 controller\u003e port 0x9e0-0x9e7,0xbe0-0xbe3,0x960-0x967,0xb60-0xb63,0xcc00-0xcc0f mem 0xfe02c000-0xfe02cfff irq 20 at device 13.1 on pci0\natapci2: [ITHREAD]\nata4: \u003cATA channel 0\u003e on atapci2\nata4: [ITHREAD]\nata5: \u003cATA channel 1\u003e on atapci2\nata5: [ITHREAD]\natapci3: \u003cnVidia nForce MCP55 SATA300 controller\u003e port 0xc800-0xc807,0xc400-0xc403,0xc000-0xc007,0xbc00-0xbc03,0xb800-0xb80f mem 0xfe02b000-0xfe02bfff irq 21 at device 13.2 on pci0\natapci3: [ITHREAD]\nata6: \u003cATA channel 0\u003e on atapci3\nata6: [ITHREAD]\nata7: \u003cATA channel 1\u003e on atapci3\nata7: [ITHREAD]\npcib2: \u003cACPI PCI-PCI bridge\u003e at device 14.0 on pci0\npciio Controller\u003e mem 0xfe020000-0xfe023fff irq 22 at device 14.1 on pci0\nhdac1: HDA Driver Revision: 20090614_0135\nhdac1: [ITHREAD]\nnfe0: \u003cNVIDIA nForce MCP55 Networking Adapter\u003e port 0xb400-0xb407 mem 0xfe02a000-0xfe02afff,0xfe029000-0xfe0290ff,0xfe028000-0xfe02800f irq 23 at device 16.0 on pci0\nmiibus0: \u003cMII bus\u003e on nfe0\ne1000phy0: \u003cMarvell 88E1116 Gigabit PHY\u003e PHY 1 on miibus0\ne1000phy0:  10baseT, 10baseT-FDX, 100baseTX, 100baseTX-FDX, 1000baseT, 1000baseT-FDX, auto\nnfe0: Ethernet address: 00:1a:92:98:2d:38\nnfe0: [FILTER]\nnfe0: [FILTER]\nnfe0: [FILTER]\nnfe0: [FILTER]\nnfe0: [FILTER]\nnfe0: [FILTER]\nnfe0: [FILTER]\nnfe0: [FILTER]\nnfe1: f irq 20 at device 17.0 on pci0\nmiibus1: \u003cMII bus\u003e on nfe1\ne1000phy1: \u003cMarvell 88E1116 Gigabit PHY\u003e PHY 1 on miibus1\ne1000phy1:  10baseT, 10baseT-FDX, 100baseTX, 100baseTX-FDX, 1000baseT, 1000baseT-FDX, auto\nnfe1: Ethernet address: 00:1a:92:98:31:94\nnfe1: ected Reference 20090521 nspredef-1058\natrtc0: \u003cAT realtime clock\u003e port 0x70-0x73 on acpi0\nuart0: \u003c16550 or compatible\u003e port 0x3f8-0x3ff irq 4 flags 0x10 on acpi0\nuart0: [FILTER]\nppc0: \u003cParallel port\u003e port 0x378-0x37f irq 7 on acpi0\nppc0: Generic chipset (bd0: \u003cAT Keyboard\u003e irq 1 on atkbdc0\nkbd0 at atkbd0\natkbd0: [GIANT-LOCKED]\natkbd0: [ITHREAD]\ncpu0: \u003cACPI CPU\u003e on acpi0\npowernow0: \u003cPowerNow! K8\u003e on cpu0\ndevice_attach: powernow0 attach returned 6\ncpu1: \u003cACPI CPU\u003e on acpi0\npowernow1: \u003cPowerNow! K8\u003e on cpu1\ndull Speed USB v1.0\nusbus1: 480Mbps High Speed USB v2.0\nugen0.1: \u003cnVidia\u003e at usbus0\nuhub0: \u003cnVidia OHCI root HUB, class 9/0, rev 1.00/1.00, addr 1\u003e on usbus0\nugen1.1: \u003cnVidia\u003e at usbus1\nuhub1: \u003cnVidia EHCI root HUB, class 9/0, rev 2.00/1.00, addr 1\u003e on usbuDA ATI R6xx HDMI PCM #0 Digital\u003e at cad 0 nid 1 on hdac0\nhdac1: HDA Codec #0: Analog Devices AD1988B\nhdac1: unable to allocate widgets!\nlast message repeated 43 times\nhdac1: unable to allocate widgets!\nlast message repeated 43 times\nhdac1: hdac_command_send_internal: TIMEOUT numcmd=1, sent=1, received=0\nlast message repeated 284 times\nad12s2: geometry does not match label (255h,63s != 16h,63s).\nuhub1: 8 ports with 8 removable, self powered\nGEOM_JOURNAL: Journal 2397757434: ad12s1f contains data.\nGEOM_JOURNAL: Journal 2397757434: ad12s1f contains journal.\nGEOM_JOURNAL: : 8 buttons and [XYZ] coordinates ID=0\n\npciconf -lv\nnone@pci0:0:14:1:       class=0x040300 card=0x822d1043 chip=0x037110de rev=0xa2 hdr=0x00\n    vendor     = 'Nvidia Corp'\n    device     = 'MCP55 High Definition Audio (ADI 1988)'\n    class      = multimedia\n    subclass   = HDA\n\nbut after updating to last current tree, system is frozen after identifying hdac1"
}