{
 "id": 513184,
 "bug_id": 137493,
 "attachment_id": 0,
 "creation_time": "2009-08-06T19:40:00Z",
 "creator": "hennes@Stack.nl",
 "text": "Gigabyte GA-EX58-UD5\n\nTested with FreeBSD 8.0 beta2.\n\nON board ethernet fails to link at gigabit speeds (tested with both a netgear GS108 and a Dlink DES132T uplink module). Gb speeds work under XP. Only works for FreeBSD after moving to a 100mbit port.\n\nOn board ICH10 sata works with CDROM (HDDs are on a 3ware 9690 RAID card)\nOn board Micron JMB363 SATA300 controller untested.\nSound untested.\nFirewire untested.\n\n\n\n---------------------------------------------------------------------------------\n\nDmesg follows\n\n\nCopyright (c) 1992-2009 The FreeBSD Project.\nCopyright (c) 1979, 1980, 1983, 1986, 1988, 1989, 1991, 1992, 1993, 1994\n        The Regents of the University of California. All rights reserved.\nFreeBSD is a registered trademark of The FreeBSD Foundation.\nFreeBSD 8.0-BETA2 #0: Thu Aug  6 01:53:12 CEST 2009\n    root@:/usr/obj/usr/src/sys/GENERIC\nWARNING: WITNESS option enabled, expect reduced performance.\nTimecounter \"i8254\" frequency 1193182 Hz quality 0\nCPU: Intel(R) Core(TM) i7 CPU         920  @ 2.67GHz (2698.77-MHz K8-class CPU)\n  Origin = \"GenuineIntel\"  Id = 0x106a5  Stepping = 5\n  Features=0xbfebfbff\u003cFPU,VME,DE,PSE,TSC,MSR,PAE,MCE,CX8,APIC,SEP,MTRR,PGE,MCA,CMOV,PAT,PSE36,CLFLUSH,DTS,ACPI,MMX,FXSR,SSE,SSE2,SS,HTT,TM,PBE\u003e\n  Features2=0x98e3bd\u003cSSE3,DTES64,MON,DS_CPL,VMX,EST,TM2,SSSE3,CX16,xTPR,PDCM,SSE4.1,SSE4.2,POPCNT\u003e\n  AMD Features=0x28100800\u003cSYSCALL,NX,RDTSCP,LM\u003e\n  AMD Features2=0x1\u003cLAHF\u003e\n  TSC: P-state invariant\nreal memory  = 6442450944 (6144 MB)\navail memory = 6177935360 (5891 MB)\nACPI APIC Table: \u003cGBT    GBTUACPI\u003e\nFreeBSD/SMP: Multiprocessor System Detected: 8 CPUs\nFreeBSD/SMP: 1 package(s) x 4 core(s) x 2 SMT threads\n cpu0 (BSP): APIC ID:  0\n cpu1 (AP): APIC ID:  1\n cpu2 (AP): APIC ID:  2\n cpu3 (AP): APIC ID:  3\n cpu4 (AP): APIC ID:  4\n cpu5 (AP): APIC ID:  5\n cpu6 (AP): APIC ID:  6\n cpu7 (AP): APIC ID:  7\nioapic0: Changing APIC ID to 2\nioapic0 \u003cVersion 2.0\u003e irqs 0-23 on motherboard\nkbd1 at kbdmux0\nacpi0: \u003cGBT GBTUACPI\u003e on motherboard\nacpi0: [ITHREAD]\nacpi0: Power Button (fixed)\nacpi0: reservation of 0, a0000 (3) failed\nacpi0: reservation of 100000, cfde0000 (3) failed\nTimecounter \"ACPI-fast\" frequency 3579545 Hz quality 1000\nacpi_timer0: \u003c24-bit timer at 3.579545MHz\u003e port 0x408-0x40b on acpi0\nacpi_hpet0: \u003cHigh Precision Event Timer\u003e iomem 0xfed00000-0xfed003ff on acpi0\nTimecounter \"HPET\" frequency 14318180 Hz quality 900\nacpi_button0: \u003cPower Button\u003e on acpi0\npcib0: \u003cACPI Host-PCI bridge\u003e port 0xcf8-0xcff on acpi0\npci0: \u003cACPI PCI bus\u003e on pcib0\npcib1: \u003cPCI-PCI bridge\u003e irq 16 at device 1.0 on pci0\npci1: \u003cPCI bus\u003e on pcib1\npcib2: \u003cPCI-PCI bridge\u003e irq 16 at device 3.0 on pci0\npci2: \u003cPCI bus\u003e on pcib2\nvgapci0: \u003cVGA-compatible display\u003e port 0xcf00-0xcf7f mem 0xf8000000-0xf8ffffff,0xd0000000-0xdfffffff,0xf6000000-0xf7ffffff irq 16 at device 0.0 on pci2\npcib3: \u003cPCI-PCI bridge\u003e irq 16 at device 5.0 on pci0\npci3: \u003cPCI bus\u003e on pcib3\npcib4: \u003cPCI-PCI bridge\u003e irq 16 at device 7.0 on pci0\npci4: \u003cPCI bus\u003e on pcib4\n3ware device driver for 9000 series storage controllers, version: 3.70.05.001\ntwa0: \u003c3ware 9000 series Storage Controller\u003e port 0xde00-0xdeff mem 0xf4000000-0xf5ffffff,0xfbbff000-0xfbbfffff irq 16 at device 0.0 on pci4\ntwa0: [ITHREAD]\ntwa0: INFO: (0x15: 0x1300): Controller details:: Model 9690SA-8I, 128 ports, Firmware FH9X 4.06.00.004, BIOS BE9X 4.05.00.015\npcib5: \u003cPCI-PCI bridge\u003e irq 16 at device 9.0 on pci0\npci5: \u003cPCI bus\u003e on pcib5\npci0: \u003cbase peripheral, interrupt controller\u003e at device 16.0 (no driver attached)\npci0: \u003cbase peripheral, interrupt controller\u003e at device 16.1 (no driver attached)\npci0: \u003cbase peripheral, interrupt controller\u003e at device 17.0 (no driver attached)\npci0: \u003cbase peripheral, interrupt controller\u003e at device 17.1 (no driver attached)\npci0: \u003cbase peripheral, interrupt controller\u003e at device 20.0 (no driver attached)\npci0: \u003cbase peripheral, interrupt controller\u003e at device 20.1 (no driver attached)\npci0: \u003cbase peripheral, interrupt controller\u003e at device 20.2 (no driver attached)\nuhci0: \u003cUHCI (generic) USB controller\u003e port 0xff00-0xff1f irq 16 at device 26.0 on pci0\nuhci0: [ITHREAD]\nuhci0: LegSup = 0x0f10\nusbus0: \u003cUHCI (generic) USB controller\u003e on uhci0\nuhci1: \u003cUHCI (generic) USB controller\u003e port 0xfe00-0xfe1f irq 21 at device 26.1 on pci0\nuhci1: [ITHREAD]\nuhci1: LegSup = 0x0f10\nusbus1: \u003cUHCI (generic) USB controller\u003e on uhci1\nuhci2: \u003cUHCI (generic) USB controller\u003e port 0xfd00-0xfd1f irq 18 at device 26.2 on pci0\nuhci2: [ITHREAD]\nuhci2: LegSup = 0x0f10\nusbus2: \u003cUHCI (generic) USB controller\u003e on uhci2\nehci0: \u003cEHCI (generic) USB 2.0 controller\u003e mem 0xfbffe000-0xfbffe3ff irq 18 at device 26.7 on pci0\nehci0: [ITHREAD]\nusbus3: waiting for BIOS to give up control\nusbus3: EHCI version 1.0\nusbus3: \u003cEHCI (generic) USB 2.0 controller\u003e on ehci0\npci0: \u003cmultimedia, HDA\u003e at device 27.0 (no driver attached)\npcib6: \u003cACPI PCI-PCI bridge\u003e irq 16 at device 28.0 on pci0\npci6: \u003cACPI PCI bus\u003e on pcib6\npcib7: \u003cACPI PCI-PCI bridge\u003e irq 17 at device 28.1 on pci0\npci7: \u003cACPI PCI bus\u003e on pcib7\natapci0: \u003cJMicron JMB363 SATA300 controller\u003e mem 0xfb9fe000-0xfb9fffff irq 17 at device 0.0 on pci7\natapci0: [ITHREAD]\natapci0: AHCI called from vendor specific driver\natapci0: AHCI v1.00 controller with 2 3Gbps ports, PM supported\nata2: \u003cATA channel 0\u003e on atapci0\nata2: [ITHREAD]\nata3: \u003cATA channel 1\u003e on atapci0\nata3: [ITHREAD]\natapci1: \u003cJMicron JMB363 UDMA133 controller\u003e port 0xbf00-0xbf07,0xbe00-0xbe03,0xbd00-0xbd07,0xbc00-0xbc03,0xbb00-0xbb0f irq 18 at device 0.1 on pci7\natapci1: [ITHREAD]\nata4: \u003cATA channel 0\u003e on atapci1\nata4: [ITHREAD]\npcib8: \u003cACPI PCI-PCI bridge\u003e irq 16 at device 28.4 on pci0\npci8: \u003cACPI PCI bus\u003e on pcib8\nre0: \u003cRealTek 8168/8168B/8168C/8168CP/8168D/8111B/8111C/8111CP PCIe Gigabit Ethernet\u003e port 0xae00-0xaeff mem 0xfbeff000-0xfbefffff,0xfbef8000-0xfbefbfff irq 16 at device 0.0 on pci8\nre0: Using 1 MSI messages\nre0: Chip rev. 0x28000000\nre0: MAC rev. 0x00000000\nmiibus0: \u003cMII bus\u003e on re0\nrgephy0: \u003cRTL8169S/8110S/8211B media interface\u003e PHY 1 on miibus0\nrgephy0:  10baseT, 10baseT-FDX, 100baseTX, 100baseTX-FDX, 1000baseT, 1000baseT-FDX, auto\nre0: Ethernet address: 00:24:1d:77:8f:1b\nre0: [FILTER]\npcib9: \u003cACPI PCI-PCI bridge\u003e irq 17 at device 28.5 on pci0\npci9: \u003cACPI PCI bus\u003e on pcib9\nre1: \u003cRealTek 8168/8168B/8168C/8168CP/8168D/8111B/8111C/8111CP PCIe Gigabit Ethernet\u003e port 0xee00-0xeeff mem 0xfbcff000-0xfbcfffff,0xfbcf8000-0xfbcfbfff irq 17 at device 0.0 on pci9\nre1: Using 1 MSI messages\nre1: Chip rev. 0x28000000\nre1: MAC rev. 0x00000000\nmiibus1: \u003cMII bus\u003e on re1\nrgephy1: \u003cRTL8169S/8110S/8211B media interface\u003e PHY 1 on miibus1\nrgephy1:  10baseT, 10baseT-FDX, 100baseTX, 100baseTX-FDX, 1000baseT, 1000baseT-FDX, auto\nre1: Ethernet address: 00:24:1d:77:8f:1d\nre1: [FILTER]\nuhci3: \u003cUHCI (generic) USB controller\u003e port 0xfc00-0xfc1f irq 23 at device 29.0 on pci0\nuhci3: [ITHREAD]\nuhci3: LegSup = 0x003b\nusbus4: \u003cUHCI (generic) USB controller\u003e on uhci3\nuhci4: \u003cUHCI (generic) USB controller\u003e port 0xfb00-0xfb1f irq 19 at device 29.1 on pci0\nuhci4: [ITHREAD]\nuhci4: LegSup = 0x0010\nusbus5: \u003cUHCI (generic) USB controller\u003e on uhci4\nuhci5: \u003cUHCI (generic) USB controller\u003e port 0xfa00-0xfa1f irq 18 at device 29.2 on pci0\nuhci5: [ITHREAD]\nuhci5: LegSup = 0x0010\nusbus6: \u003cUHCI (generic) USB controller\u003e on uhci5\nehci1: \u003cEHCI (generic) USB 2.0 controller\u003e mem 0xfbffd000-0xfbffd3ff irq 23 at device 29.7 on pci0\nehci1: [ITHREAD]\nusbus7: waiting for BIOS to give up control\nusbus7: EHCI version 1.0\nusbus7: \u003cEHCI (generic) USB 2.0 controller\u003e on ehci1\npcib10: \u003cACPI PCI-PCI bridge\u003e at device 30.0 on pci0\npci10: \u003cACPI PCI bus\u003e on pcib10\nfwohci0: \u003cTexas Instruments TSB43AB23\u003e mem 0xfbaff000-0xfbaff7ff,0xfbaf8000-0xfbafbfff irq 18 at device 6.0 on pci10\nfwohci0: [ITHREAD]\nfwohci0: OHCI version 1.10 (ROM=0)\nfwohci0: No. of Isochronous channels is 4.\nfwohci0: EUI64 00:79:f0:ea:00:00:24:1d\nfwohci0: Phy 1394a available S400, 3 ports.\nfwohci0: Link S400, max_rec 2048 bytes.\nfirewire0: \u003cIEEE1394(FireWire) bus\u003e on fwohci0\ndcons_crom0: \u003cdcons configuration ROM\u003e on firewire0\ndcons_crom0: bus_addr 0xc328c000\nfwe0: \u003cEthernet over FireWire\u003e on firewire0\nif_fwe0: Fake Ethernet address: 02:79:f0:00:24:1d\nfwe0: Ethernet address: 02:79:f0:00:24:1d\nfwip0: \u003cIP over FireWire\u003e on firewire0\nfwip0: Firewire address: 00:79:f0:ea:00:00:24:1d @ 0xfffe00000000, S400, maxrec 2048\nsbp0: \u003cSBP-2/SCSI over FireWire\u003e on firewire0\nfwohci0: Initiate bus reset\nfwohci0: fwohci_intr_core: BUS reset\nfwohci0: fwohci_intr_core: node_id=0x00000000, SelfID Count=1, CYCLEMASTER mode\nisab0: \u003cPCI-ISA bridge\u003e at device 31.0 on pci0\nisa0: \u003cISA bus\u003e on isab0\natapci2: \u003cIntel ICH10 SATA300 controller\u003e port 0xf900-0xf907,0xf800-0xf803,0xf700-0xf707,0xf600-0xf603,0xf500-0xf51f mem 0xfbffc000-0xfbffc7ff irq 19 at device 31.2 on pci0\natapci2: [ITHREAD]\natapci2: AHCI called from vendor specific driver\natapci2: AHCI v1.20 controller with 6 3Gbps ports, PM supported\nata5: \u003cATA channel 0\u003e on atapci2\nata5: [ITHREAD]\nata6: \u003cATA channel 1\u003e on atapci2\nata6: [ITHREAD]\nata7: \u003cATA channel 2\u003e on atapci2\nata7: [ITHREAD]\nata8: \u003cATA channel 3\u003e on atapci2\nata8: [ITHREAD]\nata9: \u003cATA channel 4\u003e on atapci2\nata9: [ITHREAD]\nata10: \u003cATA channel 5\u003e on atapci2\nata10: [ITHREAD]\npci0: \u003cserial bus, SMBus\u003e at device 31.3 (no driver attached)\natrtc1: \u003cAT realtime clock\u003e port 0x70-0x73 on acpi0\nfdc0: \u003cfloppy drive controller\u003e port 0x3f0-0x3f5,0x3f7 irq 6 drq 2 on acpi0\nfdc0: [FILTER]\nfd0: \u003c1440-KB 3.5\" drive\u003e on fdc0 drive 0\natkbdc0: \u003cKeyboard controller (i8042)\u003e port 0x60,0x64 irq 1 on acpi0\natkbd0: \u003cAT Keyboard\u003e irq 1 on atkbdc0\nkbd0 at atkbd0\natkbd0: [GIANT-LOCKED]\natkbd0: [ITHREAD]\ncpu0: \u003cACPI CPU\u003e on acpi0\nest0: \u003cEnhanced SpeedStep Frequency Control\u003e on cpu0\np4tcc0: \u003cCPU Frequency Thermal Control\u003e on cpu0\ncpu1: \u003cACPI CPU\u003e on acpi0\nest1: \u003cEnhanced SpeedStep Frequency Control\u003e on cpu1\np4tcc1: \u003cCPU Frequency Thermal Control\u003e on cpu1\ncpu2: \u003cACPI CPU\u003e on acpi0\nest2: \u003cEnhanced SpeedStep Frequency Control\u003e on cpu2\np4tcc2: \u003cCPU Frequency Thermal Control\u003e on cpu2\ncpu3: \u003cACPI CPU\u003e on acpi0\nest3: \u003cEnhanced SpeedStep Frequency Control\u003e on cpu3\np4tcc3: \u003cCPU Frequency Thermal Control\u003e on cpu3\ncpu4: \u003cACPI CPU\u003e on acpi0\nest4: \u003cEnhanced SpeedStep Frequency Control\u003e on cpu4\np4tcc4: \u003cCPU Frequency Thermal Control\u003e on cpu4\ncpu5: \u003cACPI CPU\u003e on acpi0\nest5: \u003cEnhanced SpeedStep Frequency Control\u003e on cpu5\np4tcc5: \u003cCPU Frequency Thermal Control\u003e on cpu5\ncpu6: \u003cACPI CPU\u003e on acpi0\nest6: \u003cEnhanced SpeedStep Frequency Control\u003e on cpu6\np4tcc6: \u003cCPU Frequency Thermal Control\u003e on cpu6\ncpu7: \u003cACPI CPU\u003e on acpi0\nest7: \u003cEnhanced SpeedStep Frequency Control\u003e on cpu7\np4tcc7: \u003cCPU Frequency Thermal Control\u003e on cpu7\norm0: \u003cISA Option ROMs\u003e at iomem 0xc0000-0xccfff,0xd2000-0xd3fff,0xd4000-0xd6fff on isa0\nsc0: \u003cSystem console\u003e at flags 0x100 on isa0\nsc0: VGA \u003c16 virtual consoles, flags=0x300\u003e\nvga0: \u003cGeneric ISA VGA\u003e at port 0x3c0-0x3df iomem 0xa0000-0xbffff on isa0\natrtc0: \u003cAT Real Time Clock\u003e at port 0x70 irq 8 on isa0\natrtc0: Warning: Couldn't map I/O.\natrtc0: Warning: Couldn't map Interrupt.\nppc0: cannot reserve I/O port range\nTimecounters tick every 1.000 msec\nfirewire0: 1 nodes, maxhop \u003c= 0 cable IRM irm(0)  (me)\nfirewire0: bus manager 0\nusbus0: 12Mbps Full Speed USB v1.0\nusbus1: 12Mbps Full Speed USB v1.0\nusbus2: 12Mbps Full Speed USB v1.0\nusbus3: 480Mbps High Speed USB v2.0\nusbus4: 12Mbps Full Speed USB v1.0\nusbus5: 12Mbps Full Speed USB v1.0\nusbus6: 12Mbps Full Speed USB v1.0\nusbus7: 480Mbps High Speed USB v2.0\nacd0: DVDR \u003cOptiarc DVD RW AD-5240S/1.01\u003e at ata5-master SATA150\nugen0.1: \u003cIntel\u003e at usbus0\nuhub0: \u003cIntel UHCI root HUB, class 9/0, rev 1.00/1.00, addr 1\u003e on usbus0\nuhub0: 2 ports with 2 removable, self powered\nugen1.1: \u003cIntel\u003e at usbus1\nuhub1: \u003cIntel UHCI root HUB, class 9/0, rev 1.00/1.00, addr 1\u003e on usbus1\nuhub1: 2 ports with 2 removable, self powered\nugen2.1: \u003cIntel\u003e at usbus2\nuhub2: \u003cIntel UHCI root HUB, class 9/0, rev 1.00/1.00, addr 1\u003e on usbus2\nuhub2: 2 ports with 2 removable, self powered\nugen3.1: \u003cIntel\u003e at usbus3\nuhub3: \u003cIntel EHCI root HUB, class 9/0, rev 2.00/1.00, addr 1\u003e on usbus3\nuhub3: 6 ports with 6 removable, self powered\nugen4.1: \u003cIntel\u003e at usbus4\nuhub4: \u003cIntel UHCI root HUB, class 9/0, rev 1.00/1.00, addr 1\u003e on usbus4\nuhub4: 2 ports with 2 removable, self powered\nugen5.1: \u003cIntel\u003e at usbus5\nuhub5: \u003cIntel UHCI root HUB, class 9/0, rev 1.00/1.00, addr 1\u003e on usbus5\nuhub5: 2 ports with 2 removable, self powered\nugen6.1: \u003cIntel\u003e at usbus6\nuhub6: \u003cIntel UHCI root HUB, class 9/0, rev 1.00/1.00, addr 1\u003e on usbus6\nda0 at twa0 bus 0 target 0 lun 0\nda0: \u003cAMCC 9690SA-8I  DISK 4.06\u003e Fixed Direct Access SCSI-5 device\nda0: 100.000MB/s transfers\nda0: 305154MB (624955392 512 byte sectors: 255H 63S/T 38901C)\nda1 at twa0 bus 0 target 1 lun 0\nda1: \u003cAMCC 9690SA-8I  DISK 4.06\u003e Fixed Direct Access SCSI-5 device\nda1: 100.000MB/s transfers\nda1: 953664MB (1953103872 512 byte sectors: 255H 63S/T 121575C)\nSMP: AP CPU #1 Launched!\nSMP: AP CPU #5 Launched!\nSMP: AP CPU #2 Launched!\nSMP: AP CPU #7 Launched!\nSMP: AP CPU #3 Launched!\nSMP: AP CPU #6 Launched!\nSMP: AP CPU #4 Launched!\nWARNING: WITNESS option enabled, expect reduced performance.\nuhub6: 2 ports with 2 removable, self powered\nugen7.1: \u003cIntel\u003e at usbus7\nuhub7: \u003cIntel EHCI root HUB, class 9/0, rev 2.00/1.00, addr 1\u003e on usbus7\nRoot mount waiting for: usbus7\nRoot mount waiting for: usbus7\nRoot mount waiting for: usbus7\nuhub7: 6 ports with 6 removable, self powered\nTrying to mount root from ufs:/dev/da0s1a\n\n\n---------------------------------------------------------------------------------\n\npciconf -lv follows\n\nhostb0@pci0:0:0:0:      class=0x060000 card=0x50001458 chip=0x34058086 rev=0x12 hdr=0x00\n    vendor     = 'Intel Corporation'\n    device     = 'QuickPath Architecture I/O Hub to ESI Port'\n    class      = bridge\n    subclass   = HOST-PCI\npcib1@pci0:0:1:0:       class=0x060400 card=0x50011458 chip=0x34088086 rev=0x12 hdr=0x01\n    vendor     = 'Intel Corporation'\n    device     = 'QuickPath Architecture I/O Hub PCI Express Root Port 1'\n    class      = bridge\n    subclass   = PCI-PCI\npcib2@pci0:0:3:0:       class=0x060400 card=0x50011458 chip=0x340a8086 rev=0x12 hdr=0x01\n    vendor     = 'Intel Corporation'\n    device     = 'QuickPath Architecture I/O Hub PCI Express Root Port 3'\n    class      = bridge\n    subclass   = PCI-PCI\npcib3@pci0:0:5:0:       class=0x060400 card=0x50011458 chip=0x340c8086 rev=0x12 hdr=0x01\n    vendor     = 'Intel Corporation'\n    device     = 'QuickPath Architecture I/O Hub PCI Express Root Port 5'\n    class      = bridge\n    subclass   = PCI-PCI\npcib4@pci0:0:7:0:       class=0x060400 card=0x50011458 chip=0x340e8086 rev=0x12 hdr=0x01\n    vendor     = 'Intel Corporation'\n    device     = 'QuickPath Architecture I/O Hub PCI Express Root Port 7'\n    class      = bridge\n    subclass   = PCI-PCI\npcib5@pci0:0:9:0:       class=0x060400 card=0x50011458 chip=0x34108086 rev=0x12 hdr=0x01\n    vendor     = 'Intel Corporation'\n    device     = 'QuickPath Architecture I/O Hub PCI Express Root Port 9'\n    class      = bridge\n    subclass   = PCI-PCI\nnone0@pci0:0:16:0:      class=0x080000 card=0x00000000 chip=0x34258086 rev=0x12 hdr=0x00\n    vendor     = 'Intel Corporation'\n    device     = 'QuickPath Interconnect Physical and Link Layer Registers - Port 0'\n    class      = base peripheral\n    subclass   = interrupt controller\nnone1@pci0:0:16:1:      class=0x080000 card=0x00000000 chip=0x34268086 rev=0x12 hdr=0x00\n    vendor     = 'Intel Corporation'\n    device     = 'QuickPath Interconnect Routing and Protocol Layer Registers - Port 0'\n    class      = base peripheral\n    subclass   = interrupt controller\nnone2@pci0:0:17:0:      class=0x080000 card=0x00000000 chip=0x34278086 rev=0x12 hdr=0x00\n    vendor     = 'Intel Corporation'\n    device     = 'QuickPath Interconnect Physical and Link Layer Registers - Port 1'\n    class      = base peripheral\n    subclass   = interrupt controller\nnone3@pci0:0:17:1:      class=0x080000 card=0x00000000 chip=0x34288086 rev=0x12 hdr=0x00\n    vendor     = 'Intel Corporation'\n    device     = 'QuickPath Interconnect Routing \u0026 Protocol Layer Registers - Port 1'\n    class      = base peripheral\n    subclass   = interrupt controller\nioapic0@pci0:0:19:0:    class=0x080020 card=0x00000000 chip=0x342d8086 rev=0x12 hdr=0x00\n    vendor     = 'Intel Corporation'\n    device     = 'QuickPath Architecture I/O Hub I/OxAPIC Interrupt Controller'\n    class      = base peripheral\n    subclass   = interrupt controller\nnone4@pci0:0:20:0:      class=0x080000 card=0x00000000 chip=0x342e8086 rev=0x12 hdr=0x00\n    vendor     = 'Intel Corporation'\n    device     = 'QuickPath Architecture I/O Hub System Management Registers'\n    class      = base peripheral\n    subclass   = interrupt controller\nnone5@pci0:0:20:1:      class=0x080000 card=0x00000000 chip=0x34228086 rev=0x12 hdr=0x00\n    vendor     = 'Intel Corporation'\n    device     = 'QuickPath Architecture I/O Hub GPIO and Scratch Pad Registers'\n    class      = base peripheral\n    subclass   = interrupt controller\nnone6@pci0:0:20:2:      class=0x080000 card=0x00000000 chip=0x34238086 rev=0x12 hdr=0x00\n    vendor     = 'Intel Corporation'\n    device     = 'QuickPath Architecture I/O Hub Control Status and RAS Registers'\n    class      = base peripheral\n    subclass   = interrupt controller\nioapic1@pci0:0:21:0:    class=0x080020 card=0x00000000 chip=0x342f8086 rev=0x12 hdr=0x00\n    vendor     = 'Intel Corporation'\n    device     = 'Trusted Execution Technology Registers'\n    class      = base peripheral\n    subclass   = interrupt controller\nuhci0@pci0:0:26:0:      class=0x0c0300 card=0x50041458 chip=0x3a378086 rev=0x00 hdr=0x00\n    vendor     = 'Intel Corporation'\n    device     = 'USB UHCI Controller *4'\n    class      = serial bus\n    subclass   = USB\nuhci1@pci0:0:26:1:      class=0x0c0300 card=0x50041458 chip=0x3a388086 rev=0x00 hdr=0x00\n    vendor     = 'Intel Corporation'\n    device     = 'USB UHCI Controller *5'\n    class      = serial bus\n    subclass   = USB\nuhci2@pci0:0:26:2:      class=0x0c0300 card=0x50041458 chip=0x3a398086 rev=0x00 hdr=0x00\n    vendor     = 'Intel Corporation'\n    device     = 'USB UHCI Controller *6'\n    class      = serial bus\n    subclass   = USB\nehci0@pci0:0:26:7:      class=0x0c0320 card=0x50061458 chip=0x3a3c8086 rev=0x00 hdr=0x00\n    vendor     = 'Intel Corporation'\n    device     = 'USB EHCI Controller *2'\n    class      = serial bus\n    subclass   = USB\nnone7@pci0:0:27:0:      class=0x040300 card=0xa1021458 chip=0x3a3e8086 rev=0x00 hdr=0x00\n    vendor     = 'Intel Corporation'\n    device     = 'HD Audio Controller'\n    class      = multimedia\n    subclass   = HDA\npcib6@pci0:0:28:0:      class=0x060400 card=0x50011458 chip=0x3a408086 rev=0x00 hdr=0x01\n    vendor     = 'Intel Corporation'\n    device     = 'PCI Express Port 1'\n    class      = bridge\n    subclass   = PCI-PCI\npcib7@pci0:0:28:1:      class=0x060400 card=0x50011458 chip=0x3a428086 rev=0x00 hdr=0x01\n    vendor     = 'Intel Corporation'\n    device     = 'PCI Express Port 2'\n    class      = bridge\n    subclass   = PCI-PCI\npcib8@pci0:0:28:4:      class=0x060400 card=0x50011458 chip=0x3a488086 rev=0x00 hdr=0x01\n    vendor     = 'Intel Corporation'\n    device     = 'PCI Express Port 5'\n    class      = bridge\n    subclass   = PCI-PCI\npcib9@pci0:0:28:5:      class=0x060400 card=0x50011458 chip=0x3a4a8086 rev=0x00 hdr=0x01\n    vendor     = 'Intel Corporation'\n    device     = 'PCI Express Port 6'\n    class      = bridge\n    subclass   = PCI-PCI\nuhci3@pci0:0:29:0:      class=0x0c0300 card=0x50041458 chip=0x3a348086 rev=0x00 hdr=0x00\n    vendor     = 'Intel Corporation'\n    device     = 'USB UHCI Controller *1'\n    class      = serial bus\n    subclass   = USB\nuhci4@pci0:0:29:1:      class=0x0c0300 card=0x50041458 chip=0x3a358086 rev=0x00 hdr=0x00\n    vendor     = 'Intel Corporation'\n    device     = 'USB UHCI Controller *2'\n    class      = serial bus\n    subclass   = USB\nuhci5@pci0:0:29:2:      class=0x0c0300 card=0x50041458 chip=0x3a368086 rev=0x00 hdr=0x00\n    vendor     = 'Intel Corporation'\n    device     = 'USB UHCI Controller *3'\n    class      = serial bus\n    subclass   = USB\nehci1@pci0:0:29:7:      class=0x0c0320 card=0x50061458 chip=0x3a3a8086 rev=0x00 hdr=0x00\n    vendor     = 'Intel Corporation'\n    device     = 'USB EHCI Controller *1'\n    class      = serial bus\n    subclass   = USB\npcib10@pci0:0:30:0:     class=0x060401 card=0x50001458 chip=0x244e8086 rev=0x90 hdr=0x01\n    vendor     = 'Intel Corporation'\n    device     = '82801 Family (ICH2/3/4/5/6/7/8/9,63xxESB) Hub Interface to PCI Bridge'\n    class      = bridge\n    subclass   = PCI-PCI\nisab0@pci0:0:31:0:      class=0x060100 card=0x50011458 chip=0x3a168086 rev=0x00 hdr=0x00\n    vendor     = 'Intel Corporation'\n    device     = 'LPC Interface Controller'\n    class      = bridge\n    subclass   = PCI-ISA\natapci2@pci0:0:31:2:    class=0x010601 card=0xb0051458 chip=0x3a228086 rev=0x00 hdr=0x00\n    vendor     = 'Intel Corporation'\n    device     = '6 port SATA AHCI Controller'\n    class      = mass storage\n    subclass   = SATA\nnone8@pci0:0:31:3:      class=0x0c0500 card=0x50011458 chip=0x3a308086 rev=0x00 hdr=0x00\n    vendor     = 'Intel Corporation'\n    device     = 'SMB controller  (50011458)'\n    class      = serial bus\n    subclass   = SMBus\nvgapci0@pci0:2:0:0:     class=0x030000 card=0x82641043 chip=0x042110de rev=0xa1 hdr=0x00\n    vendor     = 'Nvidia Corp'\n    device     = 'GeForce 8500 GT (G86)'\n    class      = display\n    subclass   = VGA\ntwa0@pci0:4:0:0:        class=0x010400 card=0x100513c1 chip=0x100513c1 rev=0x01 hdr=0x00\n    vendor     = '3ware Inc'\n    device     = 'PCI-Express SATA2/SAS Raid Controller (9690SA Series)'\n    class      = mass storage\n    subclass   = RAID\natapci0@pci0:7:0:0:     class=0x010601 card=0xb0001458 chip=0x2363197b rev=0x02 hdr=0x00\n    vendor     = 'JMicron Technology Corp.'\n    device     = 'JMB36X PCIe-to-SATA-300/IDE RAID Controller'\n    class      = mass storage\n    subclass   = SATA\natapci1@pci0:7:0:1:     class=0x010185 card=0xb0001458 chip=0x2363197b rev=0x02 hdr=0x00\n    vendor     = 'JMicron Technology Corp.'\n    device     = 'JMB36X PCIe-to-SATA-300/IDE RAID Controller'\n    class      = mass storage\n    subclass   = ATA\nre0@pci0:8:0:0: class=0x020000 card=0xe0001458 chip=0x816810ec rev=0x03 hdr=0x00\n    vendor     = 'Realtek Semiconductor'\n    device     = 'Gigabit Ethernet NIC(NDIS 6.0) (RTL8168/8111)'\n    class      = network\n    subclass   = ethernet\nre1@pci0:9:0:0: class=0x020000 card=0xe0001458 chip=0x816810ec rev=0x03 hdr=0x00\n    vendor     = 'Realtek Semiconductor'\n    device     = 'Gigabit Ethernet NIC(NDIS 6.0) (RTL8168/8111)'\n    class      = network\n    subclass   = ethernet\nfwohci0@pci0:10:6:0:    class=0x0c0010 card=0x10001458 chip=0x8024104c rev=0x00 hdr=0x00\n    vendor     = 'Texas Instruments (TI)'\n    device     = 'TSB43AB23 1394a-2000 OHCI PHY/link-layer Controller'\n    class      = serial bus\n    subclass   = FireWire"
}