{
 "id": 981455,
 "bug_id": 224536,
 "attachment_id": 0,
 "creation_time": "2018-03-09T00:37:46Z",
 "creator": "ronen8250@walla.com",
 "text": "Same problem with sparc64.\n\nI have just upgrade my Sun Ultra2 from Free-BSD 10.1 to 11.1 and I got some error messages and the running commands freeze.\n\n\n\n# dmesg \nCopyright (c) 1992-2017 The FreeBSD Project.\nCopyright (c) 1979, 1980, 1983, 1986, 1988, 1989, 1991, 1992, 1993, 1994\n        The Regents of the University of California. All rights reserved.\nFreeBSD is a registered trademark of The FreeBSD Foundation.\nFreeBSD 11.1-RELEASE #0 r321309: Fri Jul 21 08:46:54 UTC 2017\n    root@releng2.nyi.freebsd.org:/usr/obj/sparc64.sparc64/usr/src/sys/GENERIC sparc64\ngcc version 4.2.1 20070831 patched [FreeBSD]\nreal memory  = 1073741824 (1024 MB)\navail memory = 1030152192 (982 MB)\ncpu0: Sun Microsystems UltraSparc-II Processor (296.01 MHz CPU)\ncpu1: Sun Microsystems UltraSparc-II Processor (296.01 MHz CPU)\nFreeBSD/SMP: Multiprocessor System Detected: 2 CPUs\nrandom: unblocking device.\nrandom: entropy device external interface\nkbd0 at kbdmux0\nnexus0: \u003cOpen Firmware Nexus device\u003e\nsbus0: \u003cU2S UPA-SBus bridge\u003e mem 0x1fe00000000-0x1fe00007fff irq 2036,2037,2038,2021,2026,2039 on nexus0\nsbus0: clock 25.000 MHz\nsbus0: DVMA map: 0xfc000000 to 0xffffffff 8192 entries, streaming buffer\nsbus0: [GIANT-LOCKED]\nsbus0: [GIANT-LOCKED]\ninitializing counter-timer\nTimecounter \"sbus0\" frequency 1000000 Hz quality 100\nauxio0: \u003cSun Auxiliary I/O\u003e mem 0x1900000 on sbus0\npcm0: \u003cSun Audiocs\u003e mem 0xc000000-0xc0001ff irq 2020 on sbus0\npcm0: \u003cCS4231A Codec Id. 10\u003e\nsbus0: \u003cflashprom\u003e mem 0-0x7ffff,0x1380000-0x13fffff type unknown (no driver attached)\nsbus0: \u003cSUNW,fdtwo\u003e mem 0x1400000-0x1400007 irq 2025 type block (no driver attached)\neeprom0: \u003cEEPROM/clock\u003e mem 0x1200000-0x1201fff on sbus0\neeprom0: model mk48t59\nscc0: \u003cZilog Z8530 dual channel SCC\u003e mem 0x1100000-0x1100003 irq 2024 on sbus0\nuart0: \u003cz8530, channel A\u003e on scc0\nuart0: stray vector interrupt 2033\nconsole (38400,n,8,1)\nuart1: \u003cz8530, channel B\u003e on scc0\nscc1: \u003cZilog Z8530 dual channel SCC\u003e mem 0x1000000-0x1000003 irq 2024 on sbus0\nuart2: \u003cz8530, channel A\u003e on scc1\nuart2: keyboard (1200,n,8,1)\nuart2: keyboard not present\nuart3: \u003cz8530, channel B\u003e on scc1\nsbus0: \u003csc\u003e mem 0x1300000-0x1300007 type unknown (no driver attached)\nsbus0: \u003cSUNW,pll\u003e mem 0x1304000-0x1304002 type unknown (no driver attached)\nesp0: \u003cSun FAS366 Fast-Wide SCSI\u003e mem 0x8800000-0x880000f,0x8810000-0x881003f irq 2016 on sbus0\nesp0: FAS366/HME, 40 MHz, SCSI ID 7\nhme0: \u003cSun HME 10/100 Ethernet\u003e mem 0x8c00000-0x8c00107,0x8c02000-0x8c03fff,0x8c04000-0x8c05fff,0x8c06000-0x8c07fff,0x8c07000-0x8c0701f irq 2017 on sbus0\nmiibus0: \u003cMII bus\u003e on hme0\nnsphy0: \u003cDP83840 10/100 media interface\u003e PHY 1 on miibus0\nnsphy0:  none, 10baseT, 10baseT-FDX, 100baseTX, 100baseTX-FDX, auto\nhme0: Ethernet address: xx:xx:xx:xx:xx:xx\nsbus0: \u003cSUNW,bpp\u003e mem 0xc800000-0xc80001b irq 2018 type unknown (no driver attached)\nsbus0: \u003cnm212\u003e mem 0-0x1ffff,0x20000-0x9ffff,0xa0000-0xdffff,0xe0000-0xe00ff irq 1996 type network (no driver attached)\ncreator0: \u003cCreator3D\u003e mem 0x1fc00000000-0x1fc000003ff,0x1fc00400000-0x1fc005fffff,0x1fc00600000-0x1fc007fffff,0x1fc01000000-0x1fc013fffff,0x1fc01400000-0x1fc017fffff,0x1fc01800000-0x1fc01bfffff,0x1fc01c00000-0x1fc01ffffff,0x1fc02000000-0x1fc02ffffff,0x1fc03000000-0x1fc03ffffff,0x1fc04000000-0x1fc043fffff,0x1fc04400000-0x1fc047fffff,0x1fc04800000-0x1fc04bfffff,0x1fc04c00000-0x1fc04ffffff,0x1fc05000000-0x1fc05ffffff,0x1fc06000000-0x1fc07ffffff,0x1fc09000000-0x1fc097fffff,0x1fc09800000-0x1fc09ffffff,0x1fc0a000000-0x1fc0affffff,0x1fc0b000000-0x1fc0b7fffff,0x1fc0b800000-0x1fc0bffffff,0x1fc0c000000-0x1fc0c3fffff,0x1fc0c800000-0x1fc0cffffff,0x1fc0d000000-0x1fc0d7fffff,0x1fc0d800000-0x1fc0dffffff irq 1925 on nexus0\ncreator0: resolution 1152x900\ncryptosoft0: \u003csoftware crypto\u003e on nexus0\nsyscons0: \u003cSystem console\u003e on nexus0\nsyscons0: Unknown \u003c16 virtual consoles, flags=0x100\u003e\nTimecounter \"tick\" frequency 296008859 Hz quality 10\nEvent timer \"tick\" frequency 296008859 Hz quality 1000\nTimecounters tick every 1.000 msec\nusb_needs_explore_all: no devclass\nSMP: AP CPU #1 Launched!\nTrying to mount root from ufs:/dev/da0a [rw]...\nda0 at esp0 bus 0 scbus0 target 0 lun 0\nda0: \u003cIBM DNES30917SUN9.0G SAD0\u003e Fixed Direct Access SCSI-3 device\nda0: Serial Number 27L734          \nda0: 20.000MB/s transfers (10.000MHz, offset 5, 16bit)\nda0: Command Queueing enabled\nda0: 8637MB (17689267 512 byte sectors)\ncd0 at esp0 bus 0 scbus0 target 6 lun 0\ncd0: \u003cTOSHIBA DVD-ROM SD-M1401 1009\u003e Removable CD-ROM SCSI-2 device\ncd0: 10.000MB/s transfers (10.000MHz, offset 15)\ncd0: Attempt to query device size failed: NOT READY, Logical unit is in process of becoming ready\nhme0: link state changed to DOWN\nhme0: link state changed to UP\n(da0:esp0:0:0:0): esp0: timed out [ecb 0xc1681ce0 (flags 0x1, dleft 1000, stat 0)], \u003cstate 2, nexus 0xc1680888, phase(l 97, c 100, p 3), resid 1000, msg(q 0,o 40) \u003e\n(da0:esp0:0:0:0): esp0: timed out [ecb 0xc1683138 (flags 0x1, dleft 1000, stat 0)], \u003cstate 1, nexus 0, phase(l 97, c 100, p 7), resid 1000, msg(q 0,o 40) \u003e\n(da0:esp0:0:0:0): esp0: timed out [ecb 0xc1687770 (flags 0x1, dleft 1000, stat 0)], \u003cstate 1, nexus 0, phase(l 97, c 100, p 7), resid 1000, msg(q 0,o 40) \u003e\n(da0:esp0:0:0:0): esp0: timed out [ecb 0xc1687ab8 (flags 0x1, dleft 1000, stat 0)], \u003cstate 1, nexus 0, phase(l 97, c 100, p 7), resid 1000, msg(q 0,o 40) \u003e\n(da0:esp0:0:0:0): esp0: timed out [ecb 0xc16842f0 (flags 0x1, dleft 1000, stat 0)], \u003cstate 4, nexus 0, phase(l 97, c 7, p 7), resid 1000, msg(q 0,o 0) \u003e\n(da0:esp0:0:0:0): esp0: timed out [ecb 0xc1688928 (flags 0x1, dleft 8000, stat 0)], \u003cstate 4, nexus 0, phase(l 97, c 7, p 7), resid 1000, msg(q 0,o 0) \u003e\n(da0:esp0:0:0:0): esp0: timed out [ecb 0xc1682178 (flags 0x1, dleft 8000, stat 0)], \u003cstate 4, nexus 0, phase(l 97, c 7, p 7), resid 1000, msg(q 0,o 0) \u003e\n(da0:esp0:0:0:0): esp0: timed out [ecb 0xc1680930 (flags 0x1, dleft 1000, stat 0)], \u003cstate 4, nexus 0, phase(l 97, c 7, p 7), resid 1000, msg(q 0,o 0) \u003e\n(da0:esp0:0:0:0): esp0: timed out [ecb 0xc1682370 (flags 0x1, dleft 1000, stat 0)], \u003cstate 4, nexus 0, phase(l 97, c 7, p 7), resid 1000, msg(q 0,o 0) \u003e\n(da0:esp0:0:0:0): esp0: timed out [ecb 0xc1686078 (flags 0x1, dleft 1000, stat 0)], \u003cstate 4, nexus 0, phase(l 97, c 7, p 7), resid 1000, msg(q 0,o 0) \u003e\n(da0:esp0:0:0:0): esp0: timed out [ecb 0xc1687cb0 (flags 0x1, dleft 1000, stat 0)], \u003cstate 5, nexus 0xc168a4b8, phase(l 93, c 7, p 7), resid 1000, msg(q 0,o 0) \u003e\n(da0:esp0:0:0:0): esp0: timed out [ecb 0xc16887d8 (flags 0x101, dleft 1000, stat 0)], \u003cstate 5, nexus 0xc168a4b8, phase(l 97, c 3, p 3), resid 1000, msg(q 0,o 0) \u003e\n(da0:esp0:0:0:0): esp0: timed out [ecb 0xc1685b38 (flags 0x1, dleft 1000, stat 0)], \u003cstate 1, nexus 0, phase(l 97, c 100, p 3), resid 1000, msg(q 0,o 0) \u003e\n(da0:esp0:0:0:0): esp0: timed out [ecb 0xc1680888 (flags 0x1, dleft 1000, stat 0)], \u003cstate 4, nexus 0, phase(l 97, c 7, p 3), resid 1000, msg(q 0,o 0) \u003e\n(da0:esp0:0:0:0): esp0: timed out [ecb 0xc16885e0 (flags 0x1, dleft 1000, stat 0)], \u003cstate 4, nexus 0, phase(l 97, c 7, p 7), resid 1000, msg(q 0,o 0) \u003e\n(da0:esp0:0:0:0): WRITE(10). CDB: 2a 00 00 9f ed a0 00 00 08 00 \n(da0:esp0:0:0:0): CAM status: Command timeout\n(da0:esp0:0:0:0): Retrying command"
}