{
 "id": 903530,
 "bug_id": 213751,
 "attachment_id": 0,
 "creation_time": "2016-10-24T19:53:17Z",
 "creator": "michael.osipov@siemens.com",
 "text": "My system:\n===================================\nCopyright (c) 1992-2016 The FreeBSD Project.\nCopyright (c) 1979, 1980, 1983, 1986, 1988, 1989, 1991, 1992, 1993, 1994\n        The Regents of the University of California. All rights reserved.\nFreeBSD is a registered trademark of The FreeBSD Foundation.\nFreeBSD 11.0-STABLE #1 r307823: Mon Oct 24 09:09:51 CEST 2016\n    mosipov@bsd1home:/usr/obj/usr/src/sys/BSD1HOME i386\nFreeBSD clang version 3.8.0 (tags/RELEASE_380/final 262564) (based on LLVM 3.8.0)\nVT(vga): resolution 640x480\nCPU: Intel(R) Pentium(R) 4 CPU 2.40GHz (2405.51-MHz 686-class CPU)\n  Origin=\"GenuineIntel\"  Id=0xf27  Family=0xf  Model=0x2  Stepping=7\n  Features=0xbfebfbff\u003cFPU,VME,DE,PSE,TSC,MSR,PAE,MCE,CX8,APIC,SEP,MTRR,PGE,MCA,CMOV,PAT,PSE36,CLFLUSH,DTS,ACPI,MMX,FXSR,SSE,SSE2,SS,HTT,TM,PBE\u003e\n  Features2=0x4400\u003cCNXT-ID,xTPR\u003e\nreal memory  = 2147483648 (2048 MB)\navail memory = 2076766208 (1980 MB)\nEvent timer \"LAPIC\" quality 400\nACPI APIC Table: \u003cASUS   P4PE    \u003e\nrandom: unblocking device.\nioapic0 \u003cVersion 2.0\u003e irqs 0-23 on motherboard\nrandom: entropy device external interface\nkbd1 at kbdmux0\nmodule_register_init: MOD_LOAD (vesa, 0x8129c9c0, 0) error 19\nnexus0\nvtvga0: \u003cVT VGA driver\u003e on motherboard\ncryptosoft0: \u003csoftware crypto\u003e on motherboard\nacpi0: \u003cASUS P4PE\u003e on motherboard\nacpi0: Overriding SCI from IRQ 9 to IRQ 22\nacpi0: Power Button (fixed)\ncpu0: \u003cACPI CPU\u003e on acpi0\nattimer0: \u003cAT timer\u003e port 0x40-0x43 irq 0 on acpi0\nTimecounter \"i8254\" frequency 1193182 Hz quality 0\nEvent timer \"i8254\" frequency 1193182 Hz quality 100\natrtc0: \u003cAT realtime clock\u003e port 0x70-0x73 irq 8 on acpi0\nEvent timer \"RTC\" frequency 32768 Hz quality 0\nTimecounter \"ACPI-fast\" frequency 3579545 Hz quality 900\nacpi_timer0: \u003c24-bit timer at 3.579545MHz\u003e port 0xe408-0xe40b on acpi0\nacpi_button0: \u003cPower Button\u003e on acpi0\npcib0: \u003cACPI Host-PCI bridge\u003e port 0xcf8-0xcff on acpi0\npci0: \u003cACPI PCI bus\u003e on pcib0\nagp0: \u003cIntel 82845G host to AGP bridge\u003e on hostb0\npcib1: \u003cACPI PCI-PCI bridge\u003e at device 1.0 on pci0\npci1: \u003cACPI PCI bus\u003e on pcib1\nvgapci0: \u003cVGA-compatible display\u003e mem 0xde000000-0xdeffffff,0xe0000000-0xefffffff,0xdd000000-0xddffffff irq 16 at device 0.0 on pci1\nvgapci0: Boot video device\nuhci0: \u003cIntel 82801DB (ICH4) USB controller USB-A\u003e port 0xd800-0xd81f irq 16 at device 29.0 on pci0\nuhci0: LegSup = 0x2f00\nusbus0 on uhci0\nuhci1: \u003cIntel 82801DB (ICH4) USB controller USB-B\u003e port 0xd400-0xd41f irq 19 at device 29.1 on pci0\nuhci1: LegSup = 0x2f00\nusbus1 on uhci1\nuhci2: \u003cIntel 82801DB (ICH4) USB controller USB-C\u003e port 0xd000-0xd01f irq 18 at device 29.2 on pci0\nuhci2: LegSup = 0x2f00\nusbus2 on uhci2\nehci0: \u003cIntel 82801DB/L/M (ICH4) USB 2.0 controller\u003e mem 0xdc800000-0xdc8003ff at device 29.7 on pci0\nusbus3: EHCI version 1.0\nusbus3 on ehci0\npcib2: \u003cACPI PCI-PCI bridge\u003e at device 30.0 on pci0\npci2: \u003cACPI PCI bus\u003e on pcib2\nbfe0: \u003cBroadcom BCM4401 Fast Ethernet\u003e mem 0xdc000000-0xdc001fff at device 5.0 on pci2\nmiibus0: \u003cMII bus\u003e on bfe0\nbmtphy0: \u003cBCM4401 10/100 media interface\u003e PHY 1 on miibus0\nbmtphy0:  none, 10baseT, 10baseT-FDX, 100baseTX, 100baseTX-FDX, auto\nbfe0: Ethernet address: 00:0c:6e:17:d3:5c\nrl0: \u003cRealTek 8139 10/100BaseTX\u003e port 0xb800-0xb8ff mem 0xdb800000-0xdb8000ff at device 11.0 on pci2\nmiibus1: \u003cMII bus\u003e on rl0\nrlphy0: \u003cRealTek internal media interface\u003e PHY 0 on miibus1\nrlphy0:  10baseT, 10baseT-FDX, 100baseTX, 100baseTX-FDX, auto\nrl0: Ethernet address: 00:1e:2a:c1:b7:90\natapci0: \u003cHighPoint HPT370 UDMA100 controller\u003e port 0xb400-0xb407,0xb000-0xb003,0xa800-0xa807,0xa400-0xa403,0xa000-0xa0ff irq 21 at device 13.0 on pci2\nata2: \u003cATA channel\u003e at channel 0 on atapci0\nata3: \u003cATA channel\u003e at channel 1 on atapci0\nisab0: \u003cPCI-ISA bridge\u003e at device 31.0 on pci0\nisa0: \u003cISA bus\u003e on isab0\natapci1: \u003cIntel ICH4 UDMA100 controller\u003e port 0x1f0-0x1f7,0x3f6,0x170-0x177,0x376,0xf000-0xf00f irq 18 at device 31.1 on pci0\nata0: \u003cATA channel\u003e at channel 0 on atapci1\nata1: \u003cATA channel\u003e at channel 1 on atapci1\npmtimer0 on isa0\natkbdc0: \u003cKeyboard controller (i8042)\u003e at port 0x60,0x64 on isa0\natkbd0: \u003cAT Keyboard\u003e irq 1 on atkbdc0\nkbd0 at atkbd0\natkbd0: [GIANT-LOCKED]\nfdc0: No FDOUT register!\nppc0: parallel port not found.\nfuse-freebsd: version 0.4.4, FUSE ABI 7.8\nTimecounters tick every 1.000 msec\nnvme cam probe device init\nusbus0: 12Mbps Full Speed USB v1.0\nusbus1: 12Mbps Full Speed USB v1.0\nusbus2: 12Mbps Full Speed USB v1.0\nusbus3: 480Mbps High Speed USB v2.0\nugen0.1: \u003cIntel\u003e at usbus0\nuhub0: \u003cIntel UHCI root HUB, class 9/0, rev 1.00/1.00, addr 1\u003e on usbus0\nugen1.1: \u003cIntel\u003e at usbus1\nuhub1: \u003cIntel UHCI root HUB, class 9/0, rev 1.00/1.00, addr 1\u003e on usbus1\nugen2.1: \u003cIntel\u003e at usbus2\nuhub2: \u003cIntel UHCI root HUB, class 9/0, rev 1.00/1.00, addr 1\u003e on usbus2\nugen3.1: \u003cIntel\u003e at usbus3\nuhub3: \u003cIntel EHCI root HUB, class 9/0, rev 2.00/1.00, addr 1\u003e on usbus3\ncd0 at ata1 bus 0 scbus3 target 0 lun 0\ncd0: \u003c_NEC DVD_RW ND-3500AG 2.1B\u003e Removable CD-ROM SCSI device\ncd0: 33.300MB/s transfers (UDMA2, ATAPI 12bytes, PIO 65534bytes)\ncd0: Attempt to query device size failed: NOT READY, Medium not present\nada0 at ata2 bus 0 scbus0 target 0 lun 0\nada0: \u003cWDC WD2000JB-00GVA0 08.02D08\u003e ATA-6 device\nada0: Serial Number WD-WCAL82220375\nada0: 100.000MB/s transfers (UDMA5, PIO 8192bytes)\nada0: 190782MB (390721968 512 byte sectors)\nada1 at ata2 bus 0 scbus0 target 1 lun 0\nada1: \u003cWDC WD2000JB-00FUA0 15.05R15\u003e ATA-6 device\nada1: Serial Number WD-WMAEP3043891\nada1: 100.000MB/s transfers (UDMA5, PIO 8192bytes)\nada1: 190782MB (390721968 512 byte sectors)\nada2 at ata3 bus 0 scbus1 target 0 lun 0\nada2: \u003cWDC WD2000JB-00EVA0 15.05R15\u003e ATA-6 device\nada2: Serial Number WD-WMAEH2583910\nada2: 100.000MB/s transfers (UDMA5, PIO 8192bytes)\nada2: 190782MB (390721968 512 byte sectors)\nada3 at ata0 bus 0 scbus2 target 0 lun 0\nada3: \u003cST380020A 3.39\u003e ATA-6 device\nada3: Serial Number 5GCMFD8T\nada3: 100.000MB/s transfers (UDMA5, PIO 8192bytes)\nada3: 76319MB (156301488 512 byte sectors)\ntaskqgroup_adjust failed cnt: 1 stride: 1 mp_ncpus: 1 smp_started: 0\nTimecounter \"TSC-low\" frequency 1202752882 Hz quality 800\ntaskqgroup_adjust failed cnt: 1 stride: 1 mp_ncpus: 1 smp_started: 0\nuhub0: 2 ports with 2 removable, self powered\nuhub1: 2 ports with 2 removable, self powered\nuhub2: 2 ports with 2 removable, self powered\nTrying to mount root from ufs:/dev/gpt/system [rw,acls]...\nuhub3: 6 ports with 6 removable, self powered\n==============================================\n\nada0, ada1, ada2 are linked to:\n# graid3 status\n      Name    Status  Components\nraid3/data  COMPLETE  diskid/DISK-WD-WMAEH2583910 (ACTIVE)\n                      diskid/DISK-WD-WMAEP3043891 (ACTIVE)\n                      diskid/DISK-WD-WCAL82220375 (ACTIVE)\n\nwhich is mounted:\n# mount\n/dev/gpt/system on / (ufs, local, journaled soft-updates, acls)\ndevfs on /dev (devfs, local, multilabel)\nfdescfs on /dev/fd (fdescfs)\nprocfs on /proc (procfs, local)\n/dev/raid3/data on /mnt (ufs, local)\n\n\nifconfig:\nbfe0: flags=8843\u003cUP,BROADCAST,RUNNING,SIMPLEX,MULTICAST\u003e metric 0 mtu 1500\n        options=80008\u003cVLAN_MTU,LINKSTATE\u003e\n        ether 00:0c:6e:17:d3:5c\n        inet 192.168.1.7 netmask 0xffffff00 broadcast 192.168.1.255\n        nd6 options=29\u003cPERFORMNUD,IFDISABLED,AUTO_LINKLOCAL\u003e\n        media: Ethernet autoselect (100baseTX \u003cfull-duplex\u003e)\n        status: active\nrl0: flags=8843\u003cUP,BROADCAST,RUNNING,SIMPLEX,MULTICAST\u003e metric 0 mtu 1500\n        options=2008\u003cVLAN_MTU,WOL_MAGIC\u003e\n        ether 00:1e:2a:c1:b7:90\n        inet 192.168.1.2 netmask 0xffffff00 broadcast 192.168.1.255\n        nd6 options=29\u003cPERFORMNUD,IFDISABLED,AUTO_LINKLOCAL\u003e\n        media: Ethernet autoselect (100baseTX \u003cfull-duplex\u003e)\n        status: active\nlo0: flags=8049\u003cUP,LOOPBACK,RUNNING,MULTICAST\u003e metric 0 mtu 16384\n        options=600003\u003cRXCSUM,TXCSUM,RXCSUM_IPV6,TXCSUM_IPV6\u003e\n        inet6 ::1 prefixlen 128\n        inet6 fe80::1%lo0 prefixlen 64 scopeid 0x3\n        inet 127.0.0.1 netmask 0xff000000\n        nd6 options=21\u003cPERFORMNUD,AUTO_LINKLOCAL\u003e\n        groups: lo\n\nWriting large files over a socket with SSH, SMB, nc to that mountpoint results in tremendous breakdowns of transfer speed down to kilobytes per second. SSH becomes unresponsive. dmesg says over and over again:\nOct 24 21:24:37 bsd1home kernel: bfe0: link state changed to UP\nOct 24 21:24:38 bsd1home kernel: bfe0: link state changed to DOWN\nOct 24 21:24:40 bsd1home kernel: bfe0: link state changed to UP\nOct 24 21:24:41 bsd1home kernel: bfe0: link state changed to DOWN\nOct 24 21:24:43 bsd1home kernel: bfe0: link state changed to UP\nOct 24 21:24:44 bsd1home kernel: bfe0: link state changed to DOWN\nOct 24 21:24:46 bsd1home kernel: bfe0: link state changed to UP\nOct 24 21:24:48 bsd1home kernel: bfe0: link state changed to DOWN\nOct 24 21:24:50 bsd1home kernel: bfe0: link state changed to UP\nOct 24 21:24:50 bsd1home kernel: bfe0: link state changed to DOWN\nOct 24 21:24:52 bsd1home kernel: bfe0: link state changed to UP\nOct 24 21:24:52 bsd1home kernel: bfe0: link state changed to DOWN\nOct 24 21:24:54 bsd1home kernel: bfe0: link state changed to UP\nOct 24 21:24:54 bsd1home kernel: bfe0: link state changed to DOWN\nOct 24 21:24:56 bsd1home kernel: bfe0: link state changed to UP\nOct 24 21:24:56 bsd1home kernel: bfe0: link state changed to DOWN\nOct 24 21:24:58 bsd1home kernel: bfe0: link state changed to UP\nOct 24 21:24:58 bsd1home kernel: bfe0: link state changed to DOWN\nOct 24 21:25:00 bsd1home kernel: bfe0: link state changed to UP\nOct 24 21:25:02 bsd1home dhclient: New IP Address (bfe0): 192.168.1.7\nOct 24 21:25:02 bsd1home dhclient: New Subnet Mask (bfe0): 255.255.255.0\nOct 24 21:25:02 bsd1home dhclient: New Broadcast Address (bfe0): 192.168.1.255\nOct 24 21:25:02 bsd1home dhclient: New Routers (bfe0): 192.168.1.\n\nThe same test was performed with another NIC in that system: rl0 (Realtek 8139). No performance degregation was found.\n\nAdditionally, 10baseT and half-duplex where tested with some positive results. Though, dropouts came a bit later, but still unacceptable to use.\n\nSimilar issues were already reported some years ago:\nhttp://www.mail-archive.com/freebsd-net@freebsd.org/msg11038.html\nhttp://forums.nas4free.org/viewtopic.php?t=3606\n\nIt seems to be driver-related."
}