{
 "id": 550332,
 "bug_id": 145064,
 "attachment_id": 0,
 "creation_time": "2010-03-26T18:40:03Z",
 "creator": "martisch@uos.de",
 "text": "please let me know if more debug data is needed.\n\npciconf output from working 8.0 release kernel:\n \nhostb0@pci0:0:0:0:\tclass=0x060000 card=0x81781043 chip=0x277c8086 rev=0xc0 hdr=0x00\n    vendor     = 'Intel Corporation'\n    device     = 'Intel 975X Express Chipset (82975X)'\n    class      = bridge\n    subclass   = HOST-PCI\npcib1@pci0:0:1:0:\tclass=0x060400 card=0x00008086 chip=0x277d8086 rev=0xc0 hdr=0x01\n    vendor     = 'Intel Corporation'\n    device     = '82975X PCIe Root Port'\n    class      = bridge\n    subclass   = PCI-PCI\npcib2@pci0:0:28:0:\tclass=0x060400 card=0x81791043 chip=0x27d08086 rev=0x01 hdr=0x01\n    vendor     = 'Intel Corporation'\n    device     = '82801G (ICH7 Family) PCIe Root Port'\n    class      = bridge\n    subclass   = PCI-PCI\npcib3@pci0:0:28:3:\tclass=0x060400 card=0x81791043 chip=0x27d68086 rev=0x01 hdr=0x01\n    vendor     = 'Intel Corporation'\n    device     = '82801G (ICH7 Family) PCIe Root Port'\n    class      = bridge\n    subclass   = PCI-PCI\npcib4@pci0:0:28:4:\tclass=0x060400 card=0x81791043 chip=0x27e08086 rev=0x01 hdr=0x01\n    vendor     = 'Intel Corporation'\n    device     = '82801GR/GH/GHM (ICH7 Family) PCIe Root Port'\n    class      = bridge\n    subclass   = PCI-PCI\npcib5@pci0:0:28:5:\tclass=0x060400 card=0x81791043 chip=0x27e28086 rev=0x01 hdr=0x01\n    vendor     = 'Intel Corporation'\n    device     = '82801GR/GH/GHM (ICH7 Family) PCIe Root Port'\n    class      = bridge\n    subclass   = PCI-PCI\nuhci0@pci0:0:29:0:\tclass=0x0c0300 card=0x81791043 chip=0x27c88086 rev=0x01 hdr=0x00\n    vendor     = 'Intel Corporation'\n    device     = '82801G (ICH7 Family) USB Universal Host Controller'\n    class      = serial bus\n    subclass   = USB\nuhci1@pci0:0:29:1:\tclass=0x0c0300 card=0x81791043 chip=0x27c98086 rev=0x01 hdr=0x00\n    vendor     = 'Intel Corporation'\n    device     = '82801G (ICH7 Family) USB Universal Host Controller'\n    class      = serial bus\n    subclass   = USB\nuhci2@pci0:0:29:2:\tclass=0x0c0300 card=0x81791043 chip=0x27ca8086 rev=0x01 hdr=0x00\n    vendor     = 'Intel Corporation'\n    device     = '82801G (ICH7 Family) USB Universal Host Controller'\n    class      = serial bus\n    subclass   = USB\nuhci3@pci0:0:29:3:\tclass=0x0c0300 card=0x81791043 chip=0x27cb8086 rev=0x01 hdr=0x00\n    vendor     = 'Intel Corporation'\n    device     = '82801G (ICH7 Family) USB Universal Host Controller'\n    class      = serial bus\n    subclass   = USB\nehci0@pci0:0:29:7:\tclass=0x0c0320 card=0x81791043 chip=0x27cc8086 rev=0x01 hdr=0x00\n    vendor     = 'Intel Corporation'\n    device     = '82801G (ICH7 Family) USB 2.0 Enhanced Host Controller'\n    class      = serial bus\n    subclass   = USB\npcib6@pci0:0:30:0:\tclass=0x060401 card=0x81791043 chip=0x244e8086 rev=0xe1 hdr=0x01\n    vendor     = 'Intel Corporation'\n    device     = '82801 Family (ICH2/3/4/5/6/7/8/9,63xxESB) Hub Interface to PCI Bridge'\n    class      = bridge\n    subclass   = PCI-PCI\nisab0@pci0:0:31:0:\tclass=0x060100 card=0x81791043 chip=0x27b88086 rev=0x01 hdr=0x00\n    vendor     = 'Intel Corporation'\n    device     = 'Intel 82801GB/GR (ICH7 Family) LPC Interface Controller - 27B8 (945GL)'\n    class      = bridge\n    subclass   = PCI-ISA\natapci0@pci0:0:31:1:\tclass=0x01018a card=0x81791043 chip=0x27df8086 rev=0x01 hdr=0x00\n    vendor     = 'Intel Corporation'\n    device     = '82801G (ICH7 Family) Ultra ATA Storage Controller'\n    class      = mass storage\n    subclass   = ATA\natapci1@pci0:0:31:2:\tclass=0x01018f card=0x26011043 chip=0x27c08086 rev=0x01 hdr=0x00\n    vendor     = 'Intel Corporation'\n    device     = '82801GB/GR/GH (ICH7 Family) Serial ATA Storage Controller'\n    class      = mass storage\n    subclass   = ATA\nnone0@pci0:0:31:3:\tclass=0x0c0500 card=0x81791043 chip=0x27da8086 rev=0x01 hdr=0x00\n    vendor     = 'Intel Corporation'\n    device     = '82801G (ICH7 Family) SMBus Controller'\n    class      = serial bus\n    subclass   = SMBus\nvgapci0@pci0:6:0:0:\tclass=0x030000 card=0x025f0000 chip=0x016110de rev=0xa1 hdr=0x00\n    vendor     = 'Nvidia Corp'\n    device     = 'GeForce 6200 TurboCache(TM)'\n    class      = display\n    subclass   = VGA\nmskc0@pci0:4:0:0:\tclass=0x020000 card=0x81421043 chip=0x436211ab rev=0x20 hdr=0x00\n    vendor     = 'Marvell Semiconductor (Was: Galileo Technology Ltd)'\n    device     = 'Marvell Yukon 88E8053 PCI-E Gigabit Ethernet Controller (88E8053)'\n    class      = network\n    subclass   = ethernet\nmskc1@pci0:3:0:0:\tclass=0x020000 card=0x81421043 chip=0x436211ab rev=0x20 hdr=0x00\n    vendor     = 'Marvell Semiconductor (Was: Galileo Technology Ltd)'\n    device     = 'Marvell Yukon 88E8053 PCI-E Gigabit Ethernet Controller (88E8053)'\n    class      = network\n    subclass   = ethernet\nnone1@pci0:2:0:0:\tclass=0x010681 card=0x81d61043 chip=0x614111ab rev=0x01 hdr=0x00\n    vendor     = 'Marvell Semiconductor (Was: Galileo Technology Ltd)'\n    device     = '6141 SATA2 Controller'\n    class      = mass storage\n    subclass   = SATA\nfwohci0@pci0:1:3:0:\tclass=0x0c0010 card=0x808b1043 chip=0x8023104c rev=0x00 hdr=0x00\n    vendor     = 'Texas Instruments (TI)'\n    device     = 'IEEE1394a-2000 OHCI PHY/Link-Layer Ctrlr (TSB43AB21/A)'\n    class      = serial bus\n    subclass   = FireWire\n\nKDB: debugger backends: ddb\nKDB: current backend: ddb\nSMAP type=01 base=0000000000000000 len=000000000009fc00\nSMAP type=02 base=000000000009fc00 len=0000000000000400\nSMAP type=02 base=00000000000e4000 len=000000000001c000\nSMAP type=01 base=0000000000100000 len=00000000bfe80000\nSMAP type=03 base=00000000bff80000 len=000000000000e000\nSMAP type=04 base=00000000bff8e000 len=0000000000052000\nSMAP type=02 base=00000000bffe0000 len=0000000000020000\nSMAP type=02 base=00000000ffb00000 len=0000000000500000\nSMAP type=01 base=0000000100000000 len=0000000040000000\nCopyright (c) 1992-2010 The FreeBSD Project.\nCopyright (c) 1979, 1980, 1983, 1986, 1988, 1989, 1991, 1992, 1993, 1994\n        The Regents of the University of California. All rights reserved.\nFreeBSD is a registered trademark of The FreeBSD Foundation.\nFreeBSD 8.0-STABLE #2: Fri Mar 26 16:23:53 CET 2010\n    admini@shredder.ikw.Uni-Osnabrueck.DE:/usr/obj/usr/src/sys/SHREDDER amd64\nPreloaded elf kernel \"/boot/kernel/kernel\" at 0xffffffff80e89000.\nTimecounter \"i8254\" frequency 1193182 Hz quality 0\nCalibrating TSC clock ... TSC clock: 3211379488 Hz\nCPU: Intel(R) Pentium(R) 4 CPU 3.20GHz (3211.38-MHz K8-class CPU)\n  Origin = \"GenuineIntel\"  Id = 0xf43  Family = f  Model = 4  Stepping = 3\n  Features=0xbfebfbff\u003cFPU,VME,DE,PSE,TSC,MSR,PAE,MCE,CX8,APIC,SEP,MTRR,PGE,MCA,C\nMOV,PAT,PSE36,CLFLUSH,DTS,ACPI,MMX,FXSR,SSE,SSE2,SS,HTT,TM,PBE\u003e\n  Features2=0x649d\u003cSSE3,DTES64,MON,DS_CPL,EST,CNXT-ID,CX16,xTPR\u003e\n  AMD Features=0x20100800\u003cSYSCALL,NX,LM\u003e\n  TSC: P-state invariant\nreal memory  = 4294967296 (4096 MB)\nPhysical memory chunk(s):\n0x0000000000001000 - 0x000000000009bfff, 634880 bytes (155 pages)\n0x0000000000eb8000 - 0x00000000b68fffff, 3047456768 bytes (744008 pages)\n0x0000000100000000 - 0x000000013ffeffff, 1073676288 bytes (262128 pages)\navail memory = 4098846720 (3908 MB)\nACPI APIC Table: \u003cA M I  OEMAPIC \u003e\nAPIC: CPU 0 has ACPI ID 1\nULE: setup cpu 0\nACPI: RSDP 0xfa740 00024 (v2 ACPIAM)\nACPI: XSDT 0xbff80100 00044 (v1 A M I  OEMXSDT  02000622 MSFT 00000097)\nACPI: FACP 0xbff80290 000F4 (v3 A M I  OEMFACP  02000622 MSFT 00000097)\nACPI: DSDT 0xbff80410 08427 (v1  A0411 A0411000 00000000 INTL 02002026)\nACPI: FACS 0xbff8e000 00040\nACPI: APIC 0xbff80390 00080 (v1 A M I  OEMAPIC  02000622 MSFT 00000097)\nACPI: OEMB 0xbff8e040 00066 (v1 A M I  AMI_OEM  02000622 MSFT 00000097)\nACPI: MCFG 0xbff88840 0003C (v1 A M I  OEMMCFG  02000622 MSFT 00000097)\nMADT: Found IO APIC ID 1, Interrupt 0 at 0xfec00000\nioapic0: Routing external 8259A's -\u003e intpin 0\nMADT: Interrupt override: source 0, irq 2\nioapic0: Routing IRQ 0 -\u003e intpin 2\nMADT: Interrupt override: source 9, irq 9\nioapic0: intpin 9 trigger: level\nMADT: Interrupt override: source 0, irq 2\nioapic0: Routing IRQ 0 -\u003e intpin 2\nMADT: Interrupt override: source 9, irq 9\nioapic0 \u003cVersion 2.0\u003e irqs 0-23 on motherboard\ncpu0 BSP:\n     ID: 0x00000000   VER: 0x00050014 LDR: 0x00000000 DFR: 0xffffffff\n  lint0: 0x00010700 lint1: 0x00000400 TPR: 0x00000000 SVR: 0x000001ff\n  timer: 0x000100ef therm: 0x00010000 err: 0x0001000f pcm: 0x00010400\nwlan: \u003c802.11 Link Layer\u003e\nkbd: new array size 4\nkbd1 at kbdmux0\nnfslock: pseudo-device\nmem: \u003cmemory\u003e\nnull: \u003cnull device, zero device\u003e\nrandom: \u003centropy source, Software, Yarrow\u003e\nio: \u003cI/O\u003e\nhptrr: RocketRAID 17xx/2xxx SATA controller driver v1.2\nacpi0: \u003cA M I OEMXSDT\u003e on motherboard\nPCIe: Memory Mapped configuration base @ 0xf0000000\nioapic0: routing intpin 9 (ISA IRQ 9) to lapic 0 vector 48\nacpi0: [MPSAFE]\nacpi0: [ITHREAD]\nACPI: Executed 1 blocks of module-level executable AML code\nacpi0: Power Button (fixed)\nacpi0: wakeup code va 0xffffff800000f000 pa 0x4000\nAcpiOsDerivePciId: \\_SB_.PCI0.IDE0.PAR9 -\u003e bus 0 dev 31 func 1\nAcpiOsDerivePciId: \\_SB_.PCI0.IDE1.SAR9 -\u003e bus 0 dev 31 func 2\nAcpiOsDerivePciId: \\_SB_.PCI0.SBRG.PIX0 -\u003e bus 0 dev 31 func 0\nacpi0: reservation of 0, a0000 (3) failed\nacpi0: reservation of 100000, bff00000 (3) failed\nACPI timer: 1/0 1/0 1/0 1/0 1/0 1/0 1/0 1/0 1/0 1/0 -\u003e 10\nTimecounter \"ACPI-fast\" frequency 3579545 Hz quality 1000\nacpi_timer0: \u003c24-bit timer at 3.579545MHz\u003e port 0x808-0x80b on acpi0\ncpu0: \u003cACPI CPU\u003e on acpi0\ncpu0: switching to generic Cx mode\npci_link0:        Index  IRQ  Rtd  Ref  IRQs\n  Initial Probe       0   11   N     0  3 4 5 6 7 10 11 12 14 15\n  Validation          0   11   N     0  3 4 5 6 7 10 11 12 14 15\n  After Disable       0  255   N     0  3 4 5 6 7 10 11 12 14 15\npci_link1:        Index  IRQ  Rtd  Ref  IRQs\n  Initial Probe       0   10   N     0  3 4 5 6 7 10 11 12 14 15\n  Validation          0   10   N     0  3 4 5 6 7 10 11 12 14 15\n  After Disable       0  255   N     0  3 4 5 6 7 10 11 12 14 15\npci_link2:        Index  IRQ  Rtd  Ref  IRQs\n  Initial Probe       0   10   N     0  3 4 5 6 7 10 11 12 14 15\n  Validation          0   10   N     0  3 4 5 6 7 10 11 12 14 15\n  After Disable       0  255   N     0  3 4 5 6 7 10 11 12 14 15\npci_link3:        Index  IRQ  Rtd  Ref  IRQs\n  Initial Probe       0    5   N     0  3 4 5 6 7 10 11 12 14 15\n  Validation          0    5   N     0  3 4 5 6 7 10 11 12 14 15\n  After Disable       0  255   N     0  3 4 5 6 7 10 11 12 14 15\npci_link4:        Index  IRQ  Rtd  Ref  IRQs\n  Initial Probe       0    3   N     0  3 4 5 6 7 10 11 12 14 15\n  Validation          0    3   N     0  3 4 5 6 7 10 11 12 14 15\n  After Disable       0  255   N     0  3 4 5 6 7 10 11 12 14 15\npci_link5:        Index  IRQ  Rtd  Ref  IRQs\n  Initial Probe       0    5   N     0  3 4 5 6 7 10 11 12 14 15\n  Validation          0    5   N     0  3 4 5 6 7 10 11 12 14 15\n  After Disable       0  255   N     0  3 4 5 6 7 10 11 12 14 15\npci_link6:        Index  IRQ  Rtd  Ref  IRQs\n  Initial Probe       0  255   N     0  3 4 5 6 7 10 11 12 14 15\n  Validation          0  255   N     0  3 4 5 6 7 10 11 12 14 15\n  After Disable       0  255   N     0  3 4 5 6 7 10 11 12 14 15\npci_link7:        Index  IRQ  Rtd  Ref  IRQs\n  Initial Probe       0   11   N     0  3 4 5 6 7 10 11 12 14 15\n  Validation          0   11   N     0  3 4 5 6 7 10 11 12 14 15\n  After Disable       0  255   N     0  3 4 5 6 7 10 11 12 14 15\npcib0: \u003cACPI Host-PCI bridge\u003e port 0xcf8-0xcff on acpi0\npci0: \u003cACPI PCI bus\u003e on pcib0\npci0: domain=0, physical bus=0\nfound-\u003e vendor=0x8086, dev=0x277c, revid=0xc0\n        domain=0, bus=0, slot=0, func=0\n        class=06-00-00, hdrtype=0x00, mfdev=0\n        cmdreg=0x0006, statreg=0x2090, cachelnsz=0 (dwords)\n        lattimer=0x00 (0 ns), mingnt=0x00 (0 ns), maxlat=0x00 (0 ns)\nfound-\u003e vendor=0x8086, dev=0x277d, revid=0xc0\n        domain=0, bus=0, slot=1, func=0\n        class=06-04-00, hdrtype=0x01, mfdev=0\n        cmdreg=0x0107, statreg=0x0010, cachelnsz=4 (dwords)\n        lattimer=0x00 (0 ns), mingnt=0x0a (2500 ns), maxlat=0x00 (0 ns)\n        intpin=a, irq=11\n        powerspec 2  supports D0 D3  current D0\n        MSI supports 1 message\npcib0: matched entry for 0.1.INTA\npcib0: slot 1 INTA hardwired to IRQ 16\nfound-\u003e vendor=0x8086, dev=0x27d0, revid=0x01\n        domain=0, bus=0, slot=28, func=0\n        class=06-04-00, hdrtype=0x01, mfdev=1\n        cmdreg=0x0104, statreg=0x0010, cachelnsz=4 (dwords)\n        lattimer=0x00 (0 ns), mingnt=0x02 (500 ns), maxlat=0x00 (0 ns)\n        intpin=a, irq=11\n        powerspec 2  supports D0 D3  current D0\n        MSI supports 1 message\npcib0: matched entry for 0.28.INTA\npcib0: slot 28 INTA hardwired to IRQ 16\nfound-\u003e vendor=0x8086, dev=0x27d6, revid=0x01\n        domain=0, bus=0, slot=28, func=3\n        class=06-04-00, hdrtype=0x01, mfdev=1\n        cmdreg=0x0107, statreg=0x0010, cachelnsz=4 (dwords)\n        lattimer=0x00 (0 ns), mingnt=0x02 (500 ns), maxlat=0x00 (0 ns)\n        intpin=d, irq=5\n        powerspec 2  supports D0 D3  current D0\n        MSI supports 1 message\npcib0: matched entry for 0.28.INTD\npcib0: slot 28 INTD hardwired to IRQ 19\nfound-\u003e vendor=0x8086, dev=0x27e0, revid=0x01\n        domain=0, bus=0, slot=28, func=4\n        class=06-04-00, hdrtype=0x01, mfdev=1\n        cmdreg=0x0107, statreg=0x0010, cachelnsz=4 (dwords)\n        lattimer=0x00 (0 ns), mingnt=0x02 (500 ns), maxlat=0x00 (0 ns)\n        intpin=a, irq=11\n        powerspec 2  supports D0 D3  current D0\n        MSI supports 1 message\npcib0: matched entry for 0.28.INTA\npcib0: slot 28 INTA hardwired to IRQ 16\nfound-\u003e vendor=0x8086, dev=0x27e2, revid=0x01\n        domain=0, bus=0, slot=28, func=5\n        class=06-04-00, hdrtype=0x01, mfdev=1\n        cmdreg=0x0107, statreg=0x0010, cachelnsz=4 (dwords)\n        lattimer=0x00 (0 ns), mingnt=0x02 (500 ns), maxlat=0x00 (0 ns)\n        intpin=b, irq=10\n        powerspec 2  supports D0 D3  current D0\n        MSI supports 1 message\npcib0: matched entry for 0.28.INTB\npcib0: slot 28 INTB hardwired to IRQ 17\nfound-\u003e vendor=0x8086, dev=0x27c8, revid=0x01\n        domain=0, bus=0, slot=29, func=0\n        class=0c-03-00, hdrtype=0x00, mfdev=1\n        cmdreg=0x0005, statreg=0x0280, cachelnsz=0 (dwords)\n        lattimer=0x00 (0 ns), mingnt=0x00 (0 ns), maxlat=0x00 (0 ns)\n        intpin=a, irq=3\n        map[20]: type I/O Port, range 32, base 0xe480, size  5, enabled\npcib0: matched entry for 0.29.INTA\npcib0: slot 29 INTA hardwired to IRQ 20\nunknown: Reserved 0x20 bytes for rid 0x20 type 4 at 0xe480\nfound-\u003e vendor=0x8086, dev=0x27c9, revid=0x01\n        domain=0, bus=0, slot=29, func=1\n        class=0c-03-00, hdrtype=0x00, mfdev=0\n        cmdreg=0x0005, statreg=0x0280, cachelnsz=0 (dwords)\n        lattimer=0x00 (0 ns), mingnt=0x00 (0 ns), maxlat=0x00 (0 ns)\n        intpin=b, irq=10\n        map[20]: type I/O Port, range 32, base 0xe800, size  5, enabled\npcib0: matched entry for 0.29.INTB\npcib0: slot 29 INTB hardwired to IRQ 17\nunknown: Reserved 0x20 bytes for rid 0x20 type 4 at 0xe800\nfound-\u003e vendor=0x8086, dev=0x27ca, revid=0x01\n        domain=0, bus=0, slot=29, func=2\n        class=0c-03-00, hdrtype=0x00, mfdev=0\n        cmdreg=0x0005, statreg=0x0280, cachelnsz=0 (dwords)\n        lattimer=0x00 (0 ns), mingnt=0x00 (0 ns), maxlat=0x00 (0 ns)\n        intpin=c, irq=10\n        map[20]: type I/O Port, range 32, base 0xe880, size  5, enabled\npcib0: matched entry for 0.29.INTC\npcib0: slot 29 INTC hardwired to IRQ 18\nunknown: Reserved 0x20 bytes for rid 0x20 type 4 at 0xe880\nfound-\u003e vendor=0x8086, dev=0x27cb, revid=0x01\n        domain=0, bus=0, slot=29, func=3\n        class=0c-03-00, hdrtype=0x00, mfdev=0\n        cmdreg=0x0005, statreg=0x0280, cachelnsz=0 (dwords)\n        lattimer=0x00 (0 ns), mingnt=0x00 (0 ns), maxlat=0x00 (0 ns)\n        intpin=d, irq=5\n        map[20]: type I/O Port, range 32, base 0xec00, size  5, enabled\npcib0: matched entry for 0.29.INTD\npcib0: slot 29 INTD hardwired to IRQ 19\nunknown: Reserved 0x20 bytes for rid 0x20 type 4 at 0xec00\nfound-\u003e vendor=0x8086, dev=0x27cc, revid=0x01\n        domain=0, bus=0, slot=29, func=7\n        class=0c-03-20, hdrtype=0x00, mfdev=0\n        cmdreg=0x0006, statreg=0x0290, cachelnsz=0 (dwords)\n        lattimer=0x00 (0 ns), mingnt=0x00 (0 ns), maxlat=0x00 (0 ns)\n        intpin=a, irq=3\n        powerspec 2  supports D0 D3  current D0\n        map[10]: type Memory, range 32, base 0xfebfbc00, size 10, enabled\npcib0: matched entry for 0.29.INTA\npcib0: slot 29 INTA hardwired to IRQ 20\nunknown: Reserved 0x400 bytes for rid 0x10 type 3 at 0xfebfbc00\nehci early: SMM active, request owner change\nfound-\u003e vendor=0x8086, dev=0x244e, revid=0xe1\n        domain=0, bus=0, slot=30, func=0\n        class=06-04-01, hdrtype=0x01, mfdev=0\n        cmdreg=0x0106, statreg=0x0010, cachelnsz=0 (dwords)\n        lattimer=0x00 (0 ns), mingnt=0x02 (500 ns), maxlat=0x00 (0 ns)\nfound-\u003e vendor=0x8086, dev=0x27b8, revid=0x01\n        domain=0, bus=0, slot=31, func=0\n        class=06-01-00, hdrtype=0x00, mfdev=1\n        cmdreg=0x0007, statreg=0x0210, cachelnsz=0 (dwords)\n        lattimer=0x00 (0 ns), mingnt=0x00 (0 ns), maxlat=0x00 (0 ns)\nfound-\u003e vendor=0x8086, dev=0x27df, revid=0x01\n        domain=0, bus=0, slot=31, func=1\n        class=01-01-8a, hdrtype=0x00, mfdev=0\n        cmdreg=0x0005, statreg=0x0280, cachelnsz=0 (dwords)\n        lattimer=0x00 (0 ns), mingnt=0x00 (0 ns), maxlat=0x00 (0 ns)\n        intpin=a, irq=255\n        map[20]: type I/O Port, range 32, base 0xffa0, size  4, enabled\nfound-\u003e vendor=0x8086, dev=0x27c0, revid=0x01\n        domain=0, bus=0, slot=31, func=2\n        class=01-01-8f, hdrtype=0x00, mfdev=0\n        cmdreg=0x0007, statreg=0x02b0, cachelnsz=0 (dwords)\n        lattimer=0x00 (0 ns), mingnt=0x00 (0 ns), maxlat=0x00 (0 ns)\n        intpin=b, irq=11\n        powerspec 2  supports D0 D3  current D0\n        map[10]: type I/O Port, range 32, base 0xe400, size  3, enabled\n        map[14]: type I/O Port, range 32, base 0xe080, size  2, enabled\n        map[18]: type I/O Port, range 32, base 0xe000, size  3, enabled\n        map[1c]: type I/O Port, range 32, base 0xdc00, size  2, enabled\n        map[20]: type I/O Port, range 32, base 0xd880, size  4, enabled\n        map[24]: type Memory, range 32, base 0xfebffc00, size 10, enabled\npcib0: matched entry for 0.31.INTB\npcib0: slot 31 INTB hardwired to IRQ 23\nfound-\u003e vendor=0x8086, dev=0x27da, revid=0x01\n        domain=0, bus=0, slot=31, func=3\n        class=0c-05-00, hdrtype=0x00, mfdev=0\n        cmdreg=0x0001, statreg=0x0280, cachelnsz=0 (dwords)\n        lattimer=0x00 (0 ns), mingnt=0x00 (0 ns), maxlat=0x00 (0 ns)\n        intpin=b, irq=255\n        map[20]: type I/O Port, range 32, base 0x400, size  5, enabled\npcib1: \u003cACPI PCI-PCI bridge\u003e irq 16 at device 1.0 on pci0\npcib1:   domain            0\npcib1:   secondary bus     6\npcib1:   subordinate bus   6\npcib1:   I/O decode        0xf000-0xfff\npcib1:   memory decode     0xfaa00000-0xfeafffff\npcib1:   prefetched decode 0xcff00000-0xefefffff\npci6: \u003cACPI PCI bus\u003e on pcib1\npci6: domain=0, physical bus=6\nfound-\u003e vendor=0x10de, dev=0x0161, revid=0xa1\n        domain=0, bus=6, slot=0, func=0\n        class=03-00-00, hdrtype=0x00, mfdev=0\n        cmdreg=0x0007, statreg=0x0010, cachelnsz=4 (dwords)\n        lattimer=0x00 (0 ns), mingnt=0x00 (0 ns), maxlat=0x00 (0 ns)\n        intpin=a, irq=11\n        powerspec 2  supports D0 D3  current D0\n        MSI supports 1 message, 64 bit\n        map[10]: type Memory, range 32, base 0xfd000000, size 24, enabled\npcib1: requested memory range 0xfd000000-0xfdffffff: good\n        map[14]: type Prefetchable Memory, range 64, base 0xd0000000, size 28, e\nnabled\npcib1: requested memory range 0xd0000000-0xdfffffff: good\n        map[1c]: type Memory, range 64, base 0xfc000000, size 24, enabled\npcib1: requested memory range 0xfc000000-0xfcffffff: good\npcib1: matched entry for 6.0.INTA\npcib1: slot 0 INTA hardwired to IRQ 16\nvgapci0: \u003cVGA-compatible display\u003e mem 0xfd000000-0xfdffffff,0xd0000000-0xdffffff\nf,0xfc000000-0xfcffffff irq 16 at device 0.0 on pci6\npcib2: \u003cACPI PCI-PCI bridge\u003e irq 16 at device 28.0 on pci0\npcib2:   domain            0\npcib2:   secondary bus     5\npcib2:   subordinate bus   5\npcib2:   I/O decode        0x0-0x0\npcib2:   no prefetched decode\npci5: \u003cACPI PCI bus\u003e on pcib2\npci5: domain=0, physical bus=5\npcib3: \u003cACPI PCI-PCI bridge\u003e irq 19 at device 28.3 on pci0\npcib3:   domain            0\npcib3:   secondary bus     4\npcib3:   subordinate bus   4\npcib3:   I/O decode        0xc000-0xcfff\npcib3:   memory decode     0xfa900000-0xfa9fffff\npcib3:   no prefetched decode\npci4: \u003cACPI PCI bus\u003e on pcib3\npci4: domain=0, physical bus=4\nfound-\u003e vendor=0x11ab, dev=0x4362, revid=0x20\n        domain=0, bus=4, slot=0, func=0\n        class=02-00-00, hdrtype=0x00, mfdev=0\n        cmdreg=0x0007, statreg=0x4010, cachelnsz=4 (dwords)\n        lattimer=0x00 (0 ns), mingnt=0x00 (0 ns), maxlat=0x00 (0 ns)\n        intpin=a, irq=5\n        powerspec 2  supports D0 D1 D2 D3  current D0\n        MSI supports 2 messages, 64 bit\n        map[10]: type Memory, range 64, base 0xfa9fc000, size 14, enabled\npcib3: requested memory range 0xfa9fc000-0xfa9fffff: good\n        map[18]: type I/O Port, range 32, base 0xc800, size  8, enabled\npcib3: requested I/O range 0xc800-0xc8ff: in range\npcib3: matched entry for 4.0.INTA\npcib3: slot 0 INTA hardwired to IRQ 19\nmskc0: \u003cMarvell Yukon 88E8053 Gigabit Ethernet\u003e port 0xc800-0xc8ff mem 0xfa9fc00\n0-0xfa9fffff irq 19 at device 0.0 on pci4\nmskc0: Reserved 0x4000 bytes for rid 0x10 type 3 at 0xfa9fc000\nmskc0: MSI count : 2\nmskc0: attempting to allocate 1 MSI vectors (2 supported)\nmsi: routing MSI IRQ 256 to local APIC 0 vector 50\nmskc0: using IRQ 256 for MSI\nmskc0: RAM buffer size : 48KB\nmskc0: Port 0 : Rx Queue 32KB(0x00000000:0x00007fff)\nmskc0: Port 0 : Tx Queue 16KB(0x00008000:0x0000bfff)\nmsk0: \u003cMarvell Technology Group Ltd. Yukon EC Id 0xb6 Rev 0x02\u003e on mskc0\nmsk0: bpf attached\nmsk0: Ethernet address: 00:17:31:07:a6:e1\nmiibus0: \u003cMII bus\u003e on msk0\ne1000phy0: \u003cMarvell 88E1111 Gigabit PHY\u003e PHY 0 on miibus0\ne1000phy0:  10baseT, 10baseT-FDX, 100baseTX, 100baseTX-FDX, 1000baseT, 1000baseT\n-FDX, auto\nmskc0: [MPSAFE]\nmskc0: [ITHREAD]\npcib4: \u003cACPI PCI-PCI bridge\u003e irq 16 at device 28.4 on pci0\npcib4:   domain            0\npcib4:   secondary bus     3\npcib4:   subordinate bus   3\npcib4:   I/O decode        0xb000-0xbfff\npcib4:   memory decode     0xfa800000-0xfa8fffff\npcib4:   no prefetched decode\npci3: \u003cACPI PCI bus\u003e on pcib4\npci3: domain=0, physical bus=3\nfound-\u003e vendor=0x11ab, dev=0x4362, revid=0x20\n        domain=0, bus=3, slot=0, func=0\n        class=02-00-00, hdrtype=0x00, mfdev=0\n        cmdreg=0x0007, statreg=0x4010, cachelnsz=4 (dwords)\n        lattimer=0x00 (0 ns), mingnt=0x00 (0 ns), maxlat=0x00 (0 ns)\n        intpin=a, irq=11\n        powerspec 2  supports D0 D1 D2 D3  current D0\n        MSI supports 2 messages, 64 bit\n        map[10]: type Memory, range 64, base 0xfa8fc000, size 14, enabled\npcib4: requested memory range 0xfa8fc000-0xfa8fffff: good\n        map[18]: type I/O Port, range 32, base 0xb800, size  8, enabled\npcib4: requested I/O range 0xb800-0xb8ff: in range\npcib4: matched entry for 3.0.INTA\npcib4: slot 0 INTA hardwired to IRQ 16\nmskc1: \u003cMarvell Yukon 88E8053 Gigabit Ethernet\u003e port 0xb800-0xb8ff mem 0xfa8fc00\n0-0xfa8fffff irq 16 at device 0.0 on pci3\nmskc1: Reserved 0x4000 bytes for rid 0x10 type 3 at 0xfa8fc000\nmskc1: MSI count : 2\nmskc1: attempting to allocate 1 MSI vectors (2 supported)\nmsi: routing MSI IRQ 257 to local APIC 0 vector 52\nmskc1: using IRQ 257 for MSI\nmskc1: RAM buffer size : 48KB\nmskc1: Port 0 : Rx Queue 32KB(0x00000000:0x00007fff)\nmskc1: Port 0 : Tx Queue 16KB(0x00008000:0x0000bfff)\nmsk1: \u003cMarvell Technology Group Ltd. Yukon EC Id 0xb6 Rev 0x02\u003e on mskc1\nmsk1: bpf attached\nmsk1: Ethernet address: 00:17:31:07:a2:31\nmiibus1: \u003cMII bus\u003e on msk1\ne1000phy1: \u003cMarvell 88E1111 Gigabit PHY\u003e PHY 0 on miibus1\ne1000phy1:  10baseT, 10baseT-FDX, 100baseTX, 100baseTX-FDX, 1000baseT, 1000baseT\n-FDX, auto\nmskc1: [MPSAFE]\nmskc1: [ITHREAD]\npcib5: \u003cACPI PCI-PCI bridge\u003e irq 17 at device 28.5 on pci0\npcib5:   domain            0\npcib5:   secondary bus     2\npcib5:   subordinate bus   2\npcib5:   I/O decode        0xa000-0xafff\npcib5:   memory decode     0xfa700000-0xfa7fffff\npcib5:   no prefetched decode\npci2: \u003cACPI PCI bus\u003e on pcib5\npci2: domain=0, physical bus=2\nfound-\u003e vendor=0x11ab, dev=0x6141, revid=0x01\n        domain=0, bus=2, slot=0, func=0\n        class=01-06-81, hdrtype=0x00, mfdev=0\n        cmdreg=0x0007, statreg=0x0010, cachelnsz=4 (dwords)\n        lattimer=0x00 (0 ns), mingnt=0x08 (2000 ns), maxlat=0x00 (0 ns)\n        intpin=a, irq=10\n        powerspec 2  supports D0 D1 D3  current D0\n        MSI supports 1 message\n        map[10]: type I/O Port, range 32, base 0xac00, size  3, enabled\npcib5: requested I/O range 0xac00-0xac07: in range\n        map[14]: type I/O Port, range 32, base 0xa880, size  2, enabled\npcib5: requested I/O range 0xa880-0xa883: in range\n        map[18]: type I/O Port, range 32, base 0xa800, size  6, enabled\npcib5: requested I/O range 0xa800-0xa83f: in range\n        map[20]: type I/O Port, range 32, base 0xa480, size  5, enabled\npcib5: requested I/O range 0xa480-0xa49f: in range\n        map[24]: type Memory, range 32, base 0xfa7ffc00, size 10, enabled\npcib5: requested memory range 0xfa7ffc00-0xfa7fffff: good\npcib5: matched entry for 2.0.INTA\npcib5: slot 0 INTA hardwired to IRQ 17\natapci0: \u003cMarvell 88SX6141 UDMA133 controller\u003e port 0xac00-0xac07,0xa880-0xa883,\n0xa800-0xa83f,0xa480-0xa49f mem 0xfa7ffc00-0xfa7fffff irq 17 at device 0.0 on pc\ni2\natapci0: Reserved 0x20 bytes for rid 0x20 type 4 at 0xa480\natapci1: \u003cAHCI SATA controller\u003e on atapci0\natapci0: Reserved 0x400 bytes for rid 0x24 type 3 at 0xfa7ffc00\natapci1: unable to map interrupt\ndevice_attach: atapci1 attach returned 6\natapci1: \u003cAHCI SATA controller\u003e on atapci0\npanic: resource_list_alloc: resource entry is busy\ncpuid = 0\nKDB: stack backtrace:\ndb_trace_self_wrapper() at db_trace_self_wrapper+0x2a\npanic() at panic+0x182\nresource_list_alloc() at resource_list_alloc+0x1c6\npci_alloc_resource() at pci_alloc_resource+0x147\nata_pci_alloc_resource() at ata_pci_alloc_resource+0xb8\nbus_alloc_resource() at bus_alloc_resource+0x89\nata_ahci_chipinit() at ata_ahci_chipinit+0x51\nata_ahci_ata_attach() at ata_ahci_ata_attach+0x3f\ndevice_attach() at device_attach+0x69\nbus_generic_attach() at bus_generic_attach+0x1a\nata_pci_attach() at ata_pci_attach+0x17a\ndevice_attach() at device_attach+0x69\nbus_generic_attach() at bus_generic_attach+0x1a\nacpi_pci_attach() at acpi_pci_attach+0x14f\ndevice_attach() at device_attach+0x69\nbus_generic_attach() at bus_generic_attach+0x1a\nacpi_pcib_attach() at acpi_pcib_attach+0x1a7\nacpi_pcib_pci_attach() at acpi_pcib_pci_attach+0x95\ndevice_attach() at device_attach+0x69\nbus_generic_attach() at bus_generic_attach+0x1a\nacpi_pci_attach() at acpi_pci_attach+0x14f\ndevice_attach() at device_attach+0x69\nbus_generic_attach() at bus_generic_attach+0x1a\nacpi_pcib_attach() at acpi_pcib_attach+0x1a7\nacpi_pcib_acpi_attach() at acpi_pcib_acpi_attach+0x1fd\ndevice_attach() at device_attach+0x69\nbus_generic_attach() at bus_generic_attach+0x1a\nacpi_attach() at acpi_attach+0x9f8\ndevice_attach() at device_attach+0x69\nbus_generic_attach() at bus_generic_attach+0x1a\ndevice_attach() at device_attach+0x69\nbus_generic_new_pass() at bus_generic_new_pass+0xd6\nbus_set_pass() at bus_set_pass+0x7a\nconfigure() at configure+0xa\nmi_startup() at mi_startup+0x59\nbtext() at btext+0x2c\nKDB: enter: panic\n[thread pid 0 tid 100000 ]\nStopped at      kdb_enter+0x3d: movq    $0,0x698b50(%rip)\ndb\u003e show pcpu\ncpuid        = 0\ndynamic pcpu    = 0x28f900\ncurthread    = 0xffffffff80c42c00: pid 0 \"swapper\"\ncurpcb       = 0xffffffff80e8dd40\nfpcurthread  = none\nidlethread   = 0xffffff00014ee740: pid 11 \"idle: cpu0\"\ncurpmap         = 0\ntssp            = 0xffffffff80cb3e80\ncommontssp      = 0xffffffff80cb3e80\nrsp0            = 0xffffffff80e8dd40\ngs32p           = 0xffffffff80cb2cb8\nldt             = 0xffffffff80cb2cf8\ntss             = 0xffffffff80cb2ce8\ndb\u003e ps\n  pid  ppid  pgrp   uid   state   wmesg         wchan        cmd\n   13     0     0     0  RL                                  [yarrow]\n    4     0     0     0  RL                                  [g_down]\n    3     0     0     0  RL                                  [g_up]\n    2     0     0     0  RL                                  [g_event]\n   12     0     0     0  WL      (threaded)                  intr\n100023                   I                                   [irq257: mskc1]\n100022                   I                                   [irq256: mskc0]\n100021                   I                                   [irq9: acpi0]\n100019                   I                                   [swi6: task queue]\n100018                   I                                   [swi6: Giant taskq]\n100016                   I                                   [swi5: +]\n100015                   I                                   [swi2: cambio]\n100006                   I                                   [swi3: vm]\n100005                   I                                   [swi1: netisr 0]\n100004                   I                                   [swi4: clock]\n   11     0     0     0  RL                                  [idle: cpu0]\n    1     0     0     0  ?L                                  [kernel]\n   10     0     0     0  RL                                  [audit]\n    0     0     0     0  RLs     (threaded)                  kernel\n100020                   RunQ                                [kqueue taskq]\n100017                   RunQ                                [thread taskq]\n100014                   RunQ                                [acpi_task_2]\n100013                   RunQ                                [acpi_task_1]\n100012                   RunQ                                [acpi_task_0]\n100010                   RunQ                                [firmware taskq]\n100000                   Run     CPU 0                       [swapper]\ndb\u003e alltrace\n\nTracing command yarrow pid 13 tid 100011 td 0xffffff00014ef3a0\nfork_trampoline() at fork_trampoline\n\nTracing command g_down pid 4 tid 100009 td 0xffffff00014efae0\nfork_trampoline() at fork_trampoline\n\nTracing command g_up pid 3 tid 100008 td 0xffffff00014fc000\nfork_trampoline() at fork_trampoline\n\nTracing command g_event pid 2 tid 100007 td 0xffffff00014fc3a0\nfork_trampoline() at fork_trampoline\n\nTracing command intr pid 12 tid 100023 td 0xffffff00016703a0\nfork_trampoline() at fork_trampoline\n\nTracing command intr pid 12 tid 100022 td 0xffffff0001670740\nfork_trampoline() at fork_trampoline\n\nTracing command intr pid 12 tid 100021 td 0xffffff0001670ae0\nfork_trampoline() at fork_trampoline\n\nTracing command intr pid 12 tid 100019 td 0xffffff00016723a0\nfork_trampoline() at fork_trampoline\n\nTracing command intr pid 12 tid 100018 td 0xffffff00014fcae0\nfork_trampoline() at fork_trampoline\n\nTracing command intr pid 12 tid 100016 td 0xffffff000166d3a0\nfork_trampoline() at fork_trampoline\n\nTracing command intr pid 12 tid 100015 td 0xffffff000166d740\nfork_trampoline() at fork_trampoline\n\nTracing command intr pid 12 tid 100006 td 0xffffff00014fc740\nfork_trampoline() at fork_trampoline\n\nTracing command intr pid 12 tid 100005 td 0xffffff00014ee000\nfork_trampoline() at fork_trampoline\n\nTracing command intr pid 12 tid 100004 td 0xffffff00014ee3a0\nfork_trampoline() at fork_trampoline\n\nTracing command idle pid 11 tid 100003 td 0xffffff00014ee740\nfork_trampoline() at fork_trampoline\n\nTracing command kernel pid 1 tid 100002 td 0xffffff00014eeae0\nfork_trampoline() at fork_trampoline\n\nTracing command audit pid 10 tid 100001 td 0xffffff00014ef000\nfork_trampoline() at fork_trampoline\n\nTracing command kernel pid 0 tid 100020 td 0xffffff0001672000\nfork_trampoline() at fork_trampoline\n\nTracing command kernel pid 0 tid 100017 td 0xffffff000166d000\nfork_trampoline() at fork_trampoline\n\nTracing command kernel pid 0 tid 100014 td 0xffffff000166dae0\nfork_trampoline() at fork_trampoline\n\nTracing command kernel pid 0 tid 100013 td 0xffffff000166f000\nfork_trampoline() at fork_trampoline\n\nTracing command kernel pid 0 tid 100012 td 0xffffff000166f3a0\nfork_trampoline() at fork_trampoline\n\nTracing command kernel pid 0 tid 100010 td 0xffffff00014ef740\nfork_trampoline() at fork_trampoline\n\nTracing command kernel pid 0 tid 100000 td 0xffffffff80c42c00\nkdb_enter() at kdb_enter+0x3d\npanic() at panic+0x17b\nresource_list_alloc() at resource_list_alloc+0x1c6\npci_alloc_resource() at pci_alloc_resource+0x147\nata_pci_alloc_resource() at ata_pci_alloc_resource+0xb8\nbus_alloc_resource() at bus_alloc_resource+0x89\nata_ahci_chipinit() at ata_ahci_chipinit+0x51\nata_ahci_ata_attach() at ata_ahci_ata_attach+0x3f\ndevice_attach() at device_attach+0x69\nbus_generic_attach() at bus_generic_attach+0x1a\nata_pci_attach() at ata_pci_attach+0x17a\ndevice_attach() at device_attach+0x69\nbus_generic_attach() at bus_generic_attach+0x1a\nacpi_pci_attach() at acpi_pci_attach+0x14f\ndevice_attach() at device_attach+0x69\nbus_generic_attach() at bus_generic_attach+0x1a\nacpi_pcib_attach() at acpi_pcib_attach+0x1a7\nacpi_pcib_pci_attach() at acpi_pcib_pci_attach+0x95\ndevice_attach() at device_attach+0x69\nbus_generic_attach() at bus_generic_attach+0x1a\nacpi_pci_attach() at acpi_pci_attach+0x14f\ndevice_attach() at device_attach+0x69\nbus_generic_attach() at bus_generic_attach+0x1a\nacpi_pcib_attach() at acpi_pcib_attach+0x1a7\nacpi_pcib_acpi_attach() at acpi_pcib_acpi_attach+0x1fd\ndevice_attach() at device_attach+0x69\nbus_generic_attach() at bus_generic_attach+0x1a\nacpi_attach() at acpi_attach+0x9f8\ndevice_attach() at device_attach+0x69\nbus_generic_attach() at bus_generic_attach+0x1a\ndevice_attach() at device_attach+0x69\nbus_generic_new_pass() at bus_generic_new_pass+0xd6\nbus_set_pass() at bus_set_pass+0x7a\nconfigure() at configure+0xa\nmi_startup() at mi_startup+0x59\nbtext() at btext+0x2c\n\nHow-To-Repeat: compile current freebsd 8 kernel and boot it on Asus P5WD2-E Premium"
}