{
 "id": 404182,
 "bug_id": 115126,
 "attachment_id": 0,
 "creation_time": "2008-01-04T17:04:47Z",
 "creator": "jbacon@mcw.edu",
 "text": "I ran into the same problem with PC-BSD 1.4.1.  Kernel rebuilt with ARG_MAX \nincreased to 1048576 and ehci disabled, because we kept losing the ulpt0 \ndevice (connedted to an HP LJ4250).\n\nuname -a:\n\nFreeBSD apu.neuro.mcw.edu 6.3-PRERELEASE FreeBSD 6.3-PRERELEASE #1: Wed Jan  2 \n13:38:26 CST 2008     bacon@apu.neuro.mcw.edu:/usr/obj/usr/src/sys/PCBSD-SMP  \ni386\n\nMotherboard: ASUS M2N4-SLI with onboard NIC and sound.\n\n'vmstat -i' initially showed nfe0 and pcm0 sharing an irq.  I tried turning on \npolling:\n\n\u003c\u003c\u003cROOT@apu\u003e\u003e\u003e /home/bacon 456 # ifconfig nfe0 polling\nifconfig: polling: Invalid argument\n\nI then rebooted and disabled the on-board sound in the BIOS (which is fine \nwith me, since this machine is a file server).  Now nfe0 has it's own irq, \nand everyone is happy.\n\nFreeBSD apu bacon ~ 73: vmstat -i\ninterrupt                          total       rate\nirq1: atkbd0                         492          0\nirq6: fdc0                             9          0\nirq15: ata1                        10144          2\nirq16: dc0                             3          0\nirq21: ohci0+                      46205          9\nirq22: nfe0                       693562        137\ncpu0: timer                     10087884       1999\ncpu1: timer                     10080334       1998\nTotal                           20918633       4146\n\ndmesg.boot:\n\n(dc0 is just a a Netgear PCI NIC I popped in while the system was down, in \ncase disabling the sound in the BIOS didn't do the trick.  It'll come out \nnext time I shut down if nfe0 behaves.)\n\nCopyright (c) 1992-2007 The FreeBSD Project.\nCopyright (c) 1979, 1980, 1983, 1986, 1988, 1989, 1991, 1992, 1993, 1994\n\tThe Regents of the University of California. All rights reserved.\nFreeBSD is a registered trademark of The FreeBSD Foundation.\nFreeBSD 6.3-PRERELEASE #1: Wed Jan  2 13:38:26 CST 2008\n    bacon@apu.neuro.mcw.edu:/usr/obj/usr/src/sys/PCBSD-SMP\nACPI APIC Table: \u003cNvidia AWRDACPI\u003e\nTimecounter \"i8254\" frequency 1193182 Hz quality 0\nCPU: AMD Athlon(tm) 64 X2 Dual Core Processor 5200+ (2613.41-MHz 686-class \nCPU)\n  Origin = \"AuthenticAMD\"  Id = 0x40f32  Stepping = 2\n  \nFeatures=0x178bfbff\u003cFPU,VME,DE,PSE,TSC,MSR,PAE,MCE,CX8,APIC,SEP,MTRR,PGE,MCA,CMOV,PAT,PSE36,CLFLUSH,MMX,FXSR,SSE,SSE2,HTT\u003e\n  Features2=0x2001\u003cSSE3,CX16\u003e\n  AMD Features=0xea500800\u003cSYSCALL,NX,MMX+,FFXSR,RDTSCP,LM,3DNow!+,3DNow!\u003e\n  AMD Features2=0x1f\u003cLAHF,CMP,SVM,ExtAPIC,CR8\u003e\n  Cores per package: 2\nreal memory  = 3756916736 (3582 MB)\navail memory = 3673157632 (3502 MB)\nFreeBSD/SMP: Multiprocessor System Detected: 2 CPUs\n cpu0 (BSP): APIC ID:  0\n cpu1 (AP): APIC ID:  1\nioapic0: Changing APIC ID to 2\nioapic0 \u003cVersion 1.1\u003e irqs 0-23 on motherboard\nkbd1 at kbdmux0\nath_hal: 0.9.20.3 (AR5210, AR5211, AR5212, RF5111, RF5112, RF2413, RF5413)\nacpi0: \u003cNvidia AWRDACPI\u003e on motherboard\nacpi0: Power Button (fixed)\nTimecounter \"ACPI-fast\" frequency 3579545 Hz quality 1000\nacpi_timer0: \u003c24-bit timer at 3.579545MHz\u003e port 0x4008-0x400b on acpi0\ncpu0: \u003cACPI CPU\u003e on acpi0\ncpu1: \u003cACPI CPU\u003e on acpi0\nacpi_button0: \u003cPower Button\u003e on acpi0\npcib0: \u003cACPI Host-PCI bridge\u003e port 0xcf8-0xcff on acpi0\npci0: \u003cACPI PCI bus\u003e on pcib0\npci0: \u003cmemory\u003e at device 0.0 (no driver attached)\nisab0: \u003cPCI-ISA bridge\u003e at device 1.0 on pci0\nisa0: \u003cISA bus\u003e on isab0\npci0: \u003cserial bus, SMBus\u003e at device 1.1 (no driver attached)\nohci0: \u003cOHCI (generic) USB controller\u003e mem 0xfe02f000-0xfe02ffff irq 21 at \ndevice 2.0 on pci0\nohci0: [GIANT-LOCKED]\nusb0: OHCI version 1.0, legacy support\nusb0: SMM does not respond, resetting\nusb0: \u003cOHCI (generic) USB controller\u003e on ohci0\nusb0: USB revision 1.0\nuhub0: nVidia OHCI root hub, class 9/0, rev 1.00/1.00, addr 1\nuhub0: 10 ports with 10 removable, self powered\npci0: \u003cserial bus, USB\u003e at device 2.1 (no driver attached)\natapci0: \u003cnVidia nForce CK804 UDMA133 controller\u003e port \n0x1f0-0x1f7,0x3f6,0x170-0x177,0x376,0xf000-0xf00f at device 6.0 on pci0\nata0: \u003cATA channel 0\u003e on atapci0\nata1: \u003cATA channel 1\u003e on atapci0\natapci1: \u003cnVidia nForce CK804 SATA300 controller\u003e port \n0x9f0-0x9f7,0xbf0-0xbf3,0x970-0x977,0xb70-0xb73,0xdc00-0xdc0f mem \n0xfe02d000-0xfe02dfff irq 23 at device 7.0 on pci0\nata2: \u003cATA channel 0\u003e on atapci1\nata3: \u003cATA channel 1\u003e on atapci1\natapci2: \u003cnVidia nForce CK804 SATA300 controller\u003e port \n0x9e0-0x9e7,0xbe0-0xbe3,0x960-0x967,0xb60-0xb63,0xc800-0xc80f mem \n0xfe02c000-0xfe02cfff irq 21 at device 8.0 on pci0\nata4: \u003cATA channel 0\u003e on atapci2\nata5: \u003cATA channel 1\u003e on atapci2\npcib1: \u003cACPI PCI-PCI bridge\u003e at device 9.0 on pci0\npci1: \u003cACPI PCI bus\u003e on pcib1\ndc0: \u003c82c169 PNIC 10/100BaseTX\u003e port 0xbc00-0xbcff mem 0xfdfef000-0xfdfef0ff \nirq 16 at device 6.0 on pci1\nmiibus0: \u003cMII bus\u003e on dc0\nbmtphy0: \u003cBCM5201 10/100baseTX PHY\u003e on miibus0\nbmtphy0:  10baseT, 10baseT-FDX, 100baseTX, 100baseTX-FDX, auto\ndc0: Ethernet address: 00:a0:cc:dc:0f:4e\npci1: \u003cdisplay, VGA\u003e at device 7.0 (no driver attached)\nnfe0: \u003cNVIDIA nForce4 CK804 MCP9 Networking Adapter\u003e port 0xc400-0xc407 mem \n0xfe02b000-0xfe02bfff irq 22 at device 10.0 on pci0\nmiibus1: \u003cMII bus\u003e on nfe0\nukphy0: \u003cGeneric IEEE 802.3u media interface\u003e on miibus1\nukphy0:  10baseT, 10baseT-FDX, 100baseTX, 100baseTX-FDX, 1000baseT-FDX, auto\nnfe0: Ethernet address: 00:17:31:5d:8b:13\nnfe0: [FAST]\npcib2: \u003cACPI PCI-PCI bridge\u003e at device 11.0 on pci0\npci2: \u003cACPI PCI bus\u003e on pcib2\npcib3: \u003cACPI PCI-PCI bridge\u003e at device 12.0 on pci0\npci3: \u003cACPI PCI bus\u003e on pcib3\npcib4: \u003cACPI PCI-PCI bridge\u003e at device 13.0 on pci0\npci4: \u003cACPI PCI bus\u003e on pcib4\npcib5: \u003cACPI PCI-PCI bridge\u003e at device 14.0 on pci0\npci5: \u003cACPI PCI bus\u003e on pcib5\nacpi_tz0: \u003cThermal Zone\u003e on acpi0\nfdc0: \u003cfloppy drive controller\u003e port 0x3f0-0x3f5,0x3f7 irq 6 drq 2 on acpi0\nfdc0: [FAST]\nfd0: \u003c1440-KB 3.5\" drive\u003e on fdc0 drive 0\nsio0: \u003c16550A-compatible COM port\u003e port 0x3f8-0x3ff irq 4 flags 0x10 on acpi0\nsio0: type 16550A\nppc0: \u003cStandard parallel printer port\u003e port 0x378-0x37f irq 7 on acpi0\nppc0: Generic chipset (NIBBLE-only) in COMPATIBLE mode\nppbus0: \u003cParallel port bus\u003e on ppc0\nplip0: \u003cPLIP network interface\u003e on ppbus0\nlpt0: \u003cPrinter\u003e on ppbus0\nlpt0: Interrupt-driven port\nppi0: \u003cParallel I/O\u003e on ppbus0\natkbdc0: \u003cKeyboard controller (i8042)\u003e port 0x60,0x64 irq 1 on acpi0\natkbd0: \u003cAT Keyboard\u003e irq 1 on atkbdc0\nkbd0 at atkbd0\natkbd0: [GIANT-LOCKED]\npmtimer0 on isa0\norm0: \u003cISA Option ROM\u003e at iomem 0xc0000-0xc7fff on isa0\nsc0: \u003cSystem console\u003e at flags 0x100 on isa0\nsc0: VGA \u003c16 virtual consoles, flags=0x300\u003e\nsio1: configured irq 3 not in bitmap of probed irqs 0\nsio1: port may not be enabled\nvga0: \u003cGeneric ISA VGA\u003e at port 0x3c0-0x3df iomem 0xa0000-0xbffff on isa0\nulpt0: Hewlett-Packard hp LaserJet 4250, rev 2.00/1.00, addr 2, iclass 7/1\nulpt0: using bi-directional mode\nums0: Microsoft Microsoft 3-Button Mouse with IntelliEye(TM), rev 1.10/3.00, \naddr 3, iclass 3/1\nums0: 3 buttons and Z dir.\nTimecounters tick every 1.000 msec\nacd0: CDROM \u003cFX4830T/R02J\u003e at ata1-master UDMA33\nad0: 715404MB \u003cSeagate ST3750640AS 3.AAE\u003e at ata4-master SATA300\nSMP: AP CPU #1 Launched!\ncd0 at ata1 bus 0 target 0 lun 0\ncd0: \u003cMITSUMI CD-ROM FX4830T!B R02J\u003e Removable CD-ROM SCSI-0 device \ncd0: 33.000MB/s transfers\ncd0: Attempt to query device size failed: NOT READY, Medium not present\nTrying to mount root from ufs:/dev/ad0s1a"
}