{
 "id": 583495,
 "bug_id": 151617,
 "attachment_id": 0,
 "creation_time": "2010-10-21T11:00:23Z",
 "creator": "damkol@gmail.com",
 "text": "FreeBSD 7.3-RELEASE (livefs) works fine on my Compaq DL380 testbox.\n\nFreeBSD 8.0-RELEASE, FreeBSD 8.1-RELEASE, FreeBSD 8.1-STABLE (201010),\nFreeBSD 9.0-CURRENT (201010) panic on boot with:\npanic: Couldn't find an APIC vector for IRQ 9\n\nWhen i change APIC table from 'Full table APIC; to 'Disable' in bios,\nthen FreeBSD panic with the same reason, but IRQ 13.\n\nACPI/no ACPI nothing change.\n\nHere is dmesg:\n\nCopyright (c) 1992-2010 The FreeBSD Project.\nCopyright (c) 1979, 1980, 1983, 1986, 1988, 1989, 1991, 1992, 1993, 1994\n        The Regents of the University of California. All rights reserved.\nFreeBSD is a registered trademark of The FreeBSD Foundation.\nFreeBSD 7.3-RELEASE #0: Sun Mar 21 06:15:01 UTC 2010\n    root@walker.cse.buffalo.edu:/usr/obj/usr/src/sys/GENERIC i386\nPreloaded elf kernel \"/boot/kernel/kernel\" at 0xc12c7000.\nPreloaded mfs_root \"/boot/mfsroot\" at 0xc12c7188.\nPreloaded elf module \"/boot/kernel/acpi.ko\" at 0xc12c71cc.\nCalibrating clock(s) ... i8254 clock: 1193160 Hz\nCLK_USE_I8254_CALIBRATION not specified - using default frequency\nTimecounter \"i8254\" frequency 1193182 Hz quality 0\nCalibrating TSC clock ... TSC clock: 1258219877 Hz\nCPU: Intel(R) Pentium(R) III CPU family      1266MHz (1258.22-MHz 686-class CPU)\n  Origin = \"GenuineIntel\"  Id = 0x6b1  Stepping = 1\n  Features=0x383fbff\u003cFPU,VME,DE,PSE,TSC,MSR,PAE,MCE,CX8,APIC,SEP,MTRR,PGE,MCA,CMOV,PAT,PSE36,MMX,FXSR,SSE\u003e\n\nInstruction TLB: 4 KB pages, 4-way set associative, 32 entries\nInstruction TLB: 4 MB pages, fully associative, 2 entries\nData TLB: 4 KB pages, 4-way set associative, 64 entries\n2nd-level cache: 512 KB, 8-way set associative, 32 byte line size\n1st-level instruction cache: 16 KB, 4-way set associative, 32 byte line size\nData TLB: 4 MB Pages, 4-way set associative, 8 entries\n1st-level data cache: 16 KB, 4-way set associative, 32 byte line size\nreal memory  = 1610596352 (1535 MB)\nPhysical memory chunk(s):\n0x0000000000001000 - 0x000000000009efff, 647168 bytes (158 pages)\n0x0000000000100000 - 0x00000000003fffff, 3145728 bytes (768 pages)\n0x0000000001425000 - 0x000000005e4abfff, 1560834048 bytes (381063 pages)\navail memory = 1560190976 (1487 MB)\nTable 'FACP' at 0x5fffc040\nTable 'APIC' at 0x5fffc100\nAPIC: Found table at 0x5fffc100\nMP Configuration Table version 1.4 found at 0xc00f3012\nAPIC: Using the MADT enumerator.\nMADT: Found CPU APIC ID 0 ACPI ID 0: disabled\nMADT: Found CPU APIC ID 1 ACPI ID 1: disabled\nMADT: Found CPU APIC ID 2 ACPI ID 2: disabled\nMADT: Found CPU APIC ID 3 ACPI ID 3: enabled\nSMP: Added CPU 3 (AP)\nACPI APIC Table: \u003cCOMPAQ 00000083\u003e\nbios32: Found BIOS32 Service Directory header at 0xc00ffee0\nbios32: Entry = 0xf0000 (c00f0000)  Rev = 0  Len = 1\npcibios: PCI BIOS entry at 0xf0000+0x94\nOther BIOS signatures found:\nAPIC: CPU 0 has ACPI ID 3\nULE: setup cpu group 0\nULE: setup cpu 0\nULE: adding cpu 0 to group 0: cpus 1 mask 0x1\nACPI: RSDP @ 0x0xf4f70/0x0014 (v  0 COMPAQ)\nACPI: RSDT @ 0x0x5fffc000/0x0030 (v  1 COMPAQ P24      0x00000002   \\M-R\\^D 0x0000162E)\nACPI: FACP @ 0x0x5fffc040/0x0074 (v  1 COMPAQ P24      0x00000002   \\M-R\\^D 0x0000162E)\nACPI: DSDT @ 0x0x5fffc200/0x26E3 (v  1 COMPAQ     DSDT 0x00000001 MSFT 0x0100000B)\nACPI: FACS @ 0x0x5fffc0c0/0x0040\nACPI: APIC @ 0x0x5fffc100/0x0074 (v  1 COMPAQ 00000083 0x00000002      0x00000000)\nACPI: SPCR @ 0x0x5fffc180/0x0050 (v  1 COMPAQ SPCRRBSU 0x00000001   \\M-R\\^D 0x0000162E)\nMADT: Found IO APIC ID 8, Interrupt 0 at 0xfec00000\nioapic0: Routing external 8259A's -\u003e intpin 0\nMADT: Found IO APIC ID 2, Interrupt 16 at 0xfec01000\nMADT: Interrupt override: source 0, irq 2\nioapic0: Routing IRQ 0 -\u003e intpin 2\nlapic: Routing NMI -\u003e LINT1\nlapic: LINT1 trigger: edge\nlapic: LINT1 polarity: high\nMADT: Forcing active-low polarity and level trigger for SCI\nioapic0: intpin 9 polarity: low\nioapic0: intpin 9 trigger: level\nioapic1 \u003cVersion 1.1\u003e irqs 16-31 on motherboard\nioapic0 \u003cVersion 1.1\u003e irqs 0-15 on motherboard\ncpu0 BSP:\n     ID: 0x03000000   VER: 0x00040011 LDR: 0x00000000 DFR: 0xffffffff\n  lint0: 0x00010700 lint1: 0x00000400 TPR: 0x00000000 SVR: 0x000001ff\n  timer: 0x000100ef therm: 0x00000000 err: 0x000100f0 pcm: 0x00010400\nwlan_amrr: \u003cAMRR Transmit Rate Control Algorithm\u003e\nwlan: \u003c802.11 Link Layer\u003e\nrandom: \u003centropy source, Software, Yarrow\u003e\nnfslock: pseudo-device\nio: \u003cI/O\u003e\nkbd: new array size 4\nkbd1 at kbdmux0\nmem: \u003cmemory\u003e\nPentium Pro MTRR support enabled\nnull: \u003cnull device, zero device\u003e\nhptrr: RocketRAID 17xx/2xxx SATA controller driver v1.2 (Mar 21 2010 06:13:51)\nnpx0: INT 16 interface\nacpi0: \u003cCOMPAQ P24\u003e on motherboard\nioapic0: routing intpin 9 (ISA IRQ 9) to vector 48\nacpi0: [MPSAFE]\nacpi0: [ITHREAD]\nacpi0: Power Button (fixed)\nacpi0: wakeup code va 0xc4c9c000 pa 0x1000\npci_open(1):    mode 1 addr port (0x0cf8) is 0x00000000\npci_open(1a):   mode1res=0x80000000 (0x80000000)\npci_cfgcheck:   device 0 [class=060000] [hdr=80] is there (id=00081166)\npcibios: BIOS version 2.10\nAcpiOsDerivePciId: \\\\_SB_.PCI0.CFG0.MEM0 -\u003e bus 0 dev 0 func 1\nAcpiOsDerivePciId: \\\\_SB_.PCI0.CFG1.MEM0 -\u003e bus 0 dev 0 func 2\nAcpiOsDerivePciId: \\\\_SB_.PCI0.CFG2.MEM0 -\u003e bus 0 dev 0 func 3\nACPI timer: 1/1 0/15 1/1 1/1 1/1 0/16777168 0/16777189 1/1 1/1 0/16777200 -\u003e 6\nTimecounter \"ACPI-safe\" frequency 3579545 Hz quality 850\nacpi_timer0: \u003c24-bit timer at 3.579545MHz\u003e port 0x240-0x243 on acpi0\npci_link0:        Index  IRQ  Rtd  Ref  IRQs\n  Initial Probe       0  255   N     0  15\n  Validation          0  255   N     0  15\n  After Disable       0  255   N     0  15\npci_link1:        Index  IRQ  Rtd  Ref  IRQs\n  Initial Probe       0  255   N     0  15\n  Validation          0  255   N     0  15\n  After Disable       0  255   N     0  15\npci_link2:        Index  IRQ  Rtd  Ref  IRQs\n  Initial Probe       0    7   N     0  15\n  Validation          0  255   N     0  15\n  After Disable       0  255   N     0  15\npci_link3:        Index  IRQ  Rtd  Ref  IRQs\n  Initial Probe       0   10   N     0  15\n  Validation          0  255   N     0  15\n  After Disable       0  255   N     0  15\npci_link4:        Index  IRQ  Rtd  Ref  IRQs\n  Initial Probe       0   11   N     0  15\n  Validation          0  255   N     0  15\n  After Disable       0  255   N     0  15\npci_link5:        Index  IRQ  Rtd  Ref  IRQs\n  Initial Probe       0   15   N     0  15\n  Validation          0   15   N     0  15\n  After Disable       0  255   N     0  15\npci_link6:        Index  IRQ  Rtd  Ref  IRQs\n  Initial Probe       0  255   N     0  15\n  Validation          0  255   N     0  15\n  After Disable       0  255   N     0  15\npci_link7:        Index  IRQ  Rtd  Ref  IRQs\n  Initial Probe       0  255   N     0  15\n  Validation          0  255   N     0  15\n  After Disable       0  255   N     0  15\npci_link8:        Index  IRQ  Rtd  Ref  IRQs\n  Initial Probe       0  255   N     0  15\n  Validation          0  255   N     0  15\n  After Disable       0  255   N     0  15\npcib0: \u003cACPI Host-PCI bridge\u003e on acpi0\npci0: \u003cACPI PCI bus\u003e on pcib0\npci0: domain=0, physical bus=0\nfound-\u003e vendor=0x1166, dev=0x0008, revid=0x23\n        domain=0, bus=0, slot=0, func=0\n        class=06-00-00, hdrtype=0x00, mfdev=1\n        cmdreg=0x0000, statreg=0x0000, cachelnsz=8 (dwords)\n        lattimer=0x40 (1920 ns), mingnt=0x00 (0 ns), maxlat=0x00 (0 ns)\nfound-\u003e vendor=0x1166, dev=0x0008, revid=0x01\n        domain=0, bus=0, slot=0, func=1\n        class=06-00-00, hdrtype=0x00, mfdev=1\n        cmdreg=0x0147, statreg=0x0200, cachelnsz=8 (dwords)\n        lattimer=0x40 (1920 ns), mingnt=0x00 (0 ns), maxlat=0x00 (0 ns)\nfound-\u003e vendor=0x1166, dev=0x0006, revid=0x01\n        domain=0, bus=0, slot=0, func=2\n        class=06-00-00, hdrtype=0x00, mfdev=1\n        cmdreg=0x0142, statreg=0x0200, cachelnsz=8 (dwords)\n        lattimer=0x40 (1920 ns), mingnt=0x00 (0 ns), maxlat=0x00 (0 ns)\nfound-\u003e vendor=0x1166, dev=0x0006, revid=0x01\n        domain=0, bus=0, slot=0, func=3\n        class=06-00-00, hdrtype=0x00, mfdev=1\n        cmdreg=0x0142, statreg=0x0200, cachelnsz=8 (dwords)\n        lattimer=0x40 (1920 ns), mingnt=0x00 (0 ns), maxlat=0x00 (0 ns)\nfound-\u003e vendor=0x0e11, dev=0xb178, revid=0x01\n        domain=0, bus=0, slot=1, func=0\n        class=01-04-00, hdrtype=0x00, mfdev=0\n        cmdreg=0x0157, statreg=0x02b0, cachelnsz=8 (dwords)\n        lattimer=0x47 (2130 ns), mingnt=0x00 (0 ns), maxlat=0x00 (0 ns)\n        intpin=a, irq=3\n        powerspec 2  supports D0 D1 D3  current D0\n        MSI supports 2 messages, 64 bit\n        map[10]: type Memory, range 64, base 0xf7ec0000, size 18, enabled\n        map[18]: type I/O Port, range 32, base 0x2000, size  8, enabled\n        map[1c]: type Prefetchable Memory, range 64, base 0xf5ef0000, size 14, enabled\npcib0: matched entry for 0.1.INTA\npcib0: slot 1 INTA hardwired to IRQ 16\nfound-\u003e vendor=0x8086, dev=0x1229, revid=0x08\n        domain=0, bus=0, slot=2, func=0\n        class=02-00-00, hdrtype=0x00, mfdev=0\n        cmdreg=0x0157, statreg=0x0290, cachelnsz=8 (dwords)\n        lattimer=0x40 (1920 ns), mingnt=0x08 (2000 ns), maxlat=0x38 (14000 ns)\n        intpin=a, irq=5\n        powerspec 2  supports D0 D1 D2 D3  current D0\n        map[10]: type Memory, range 32, base 0xf7eb0000, size 12, enabled\n        map[14]: type I/O Port, range 32, base 0x2400, size  6, enabled\n        map[18]: type Memory, range 32, base 0xf7d00000, size 20, enabled\npcib0: matched entry for 0.2.INTA\npcib0: slot 2 INTA hardwired to IRQ 18\nfound-\u003e vendor=0x8086, dev=0x1229, revid=0x08\n        domain=0, bus=0, slot=4, func=0\n        class=02-00-00, hdrtype=0x00, mfdev=0\n        cmdreg=0x0157, statreg=0x0290, cachelnsz=8 (dwords)\n        lattimer=0x40 (1920 ns), mingnt=0x08 (2000 ns), maxlat=0x38 (14000 ns)\n        intpin=a, irq=7\n        powerspec 2  supports D0 D1 D2 D3  current D0\n        map[10]: type Memory, range 32, base 0xf7cf0000, size 12, enabled\n        map[14]: type I/O Port, range 32, base 0x2440, size  6, enabled\n        map[18]: type Memory, range 32, base 0xf7b00000, size 20, enabled\npcib0: matched entry for 0.4.INTA\npcib0: slot 4 INTA hardwired to IRQ 20\nfound-\u003e vendor=0x1002, dev=0x4752, revid=0x27\n        domain=0, bus=0, slot=5, func=0\n        class=03-00-00, hdrtype=0x00, mfdev=0\n        cmdreg=0x0087, statreg=0x0290, cachelnsz=8 (dwords)\n        lattimer=0x40 (1920 ns), mingnt=0x08 (2000 ns), maxlat=0x00 (0 ns)\n        powerspec 2  supports D0 D1 D2 D3  current D0\n        map[10]: type Memory, range 32, base 0xf6000000, size 24, enabled\n        map[14]: type I/O Port, range 32, base 0x2800, size  8, enabled\n        map[18]: type Memory, range 32, base 0xf5ff0000, size 12, enabled\nfound-\u003e vendor=0x0e11, dev=0xa0f0, revid=0x00\n        domain=0, bus=0, slot=6, func=0\n        class=08-80-00, hdrtype=0x00, mfdev=0\n        cmdreg=0x0143, statreg=0x0200, cachelnsz=0 (dwords)\n        lattimer=0x00 (0 ns), mingnt=0x00 (0 ns), maxlat=0x00 (0 ns)\n        intpin=a, irq=10\n        map[10]: type I/O Port, range 32, base 0x1800, size  8, enabled\n        map[14]: type Memory, range 32, base 0xf5fe0000, size  8, enabled\npcib0: matched entry for 0.6.INTA\npcib0: slot 6 INTA hardwired to IRQ 21\nfound-\u003e vendor=0x1166, dev=0x0200, revid=0x51\n        domain=0, bus=0, slot=15, func=0\n        class=06-01-00, hdrtype=0x00, mfdev=1\n        cmdreg=0x0007, statreg=0x0200, cachelnsz=0 (dwords)\n        lattimer=0x00 (0 ns), mingnt=0x00 (0 ns), maxlat=0x00 (0 ns)\n        map[90]: type I/O Port, range 32, base 0, size  4, enabled\nfound-\u003e vendor=0x1166, dev=0x0211, revid=0x00\n        domain=0, bus=0, slot=15, func=1\n        class=01-01-8a, hdrtype=0x00, mfdev=1\n        cmdreg=0x0145, statreg=0x0200, cachelnsz=0 (dwords)\n        lattimer=0x40 (1920 ns), mingnt=0x00 (0 ns), maxlat=0x00 (0 ns)\n        map[20]: type I/O Port, range 32, base 0x2c00, size  4, enabled\nfound-\u003e vendor=0x1166, dev=0x0220, revid=0x04\n        domain=0, bus=0, slot=15, func=2\n        class=0c-03-10, hdrtype=0x00, mfdev=1\n        cmdreg=0x0157, statreg=0x0280, cachelnsz=8 (dwords)\n        lattimer=0x40 (1920 ns), mingnt=0x00 (0 ns), maxlat=0x50 (20000 ns)\n        intpin=a, irq=11\n        map[10]: type Memory, range 32, base 0xf5fd0000, size 12, enabled\npcib0: matched entry for 0.15.INTA\npcib0: slot 15 INTA hardwired to IRQ 22\nciss0: \u003cCompaq Smart Array 5i\u003e port 0x2000-0x20ff mem 0xf7ec0000-0xf7efffff,0xf5ef0000-0xf5ef3fff irq 16 at device 1.0 on pci0\nciss0: Reserved 0x40000 bytes for rid 0x10 type 3 at 0xf7ec0000\nioapic1: routing intpin 0 (PCI IRQ 16) to vector 49\nciss0: [MPSAFE]\nciss0: [ITHREAD]\nciss0: using 256 of 1024 available commands\nciss0:   firmware 2.62\nciss0:   2 SCSI channels\nciss0:   signature 'CISS'\nciss0:   valence 1\nciss0:   supported I/O methods 0x6\u003csimple,performant\u003e\nciss0:   active I/O method 0x3\u003csimple\u003e\nciss0:   4G page base 0x00000000\nciss0:   interrupt coalesce delay 1000us\nciss0:   interrupt coalesce count 16\nciss0:   max outstanding commands 1024\nciss0:   bus types 0x2\u003cultra3\u003e\nciss0:   server name ''\nciss0:   heartbeat 0x3000003f\nciss0: 6 physical devices\nciss0: 5 logical drives\nciss0: logical drive (b0t0): RAID 0, 16896MB online\nciss0: logical drive (b0t1): RAID 0, 16896MB online\nciss0: logical drive (b0t2): RAID 0, 139776MB online\nciss0: logical drive (b0t3): RAID 0, 139776MB online\nciss0: logical drive (b0t4): RAID 0, 34304MB online\nfxp0: \u003cIntel 82559 Pro/100 Ethernet\u003e port 0x2400-0x243f mem 0xf7eb0000-0xf7eb0fff,0xf7d00000-0xf7dfffff irq 18 at device 2.0 on pci0\nfxp0: Reserved 0x1000 bytes for rid 0x10 type 3 at 0xf7eb0000\nfxp0: using memory space register mapping\nfxp0: PCI IDs: 8086 1229 0e11 b134 0008\nfxp0: Dynamic Standby mode is disabled\nmiibus0: \u003cMII bus\u003e on fxp0\ninphy0: \u003ci82555 10/100 media interface\u003e PHY 1 on miibus0\ninphy0:  10baseT, 10baseT-FDX, 100baseTX, 100baseTX-FDX, auto\nfxp0: bpf attached\nfxp0: Ethernet address: 00:08:02:e6:7a:1d\nioapic1: routing intpin 2 (PCI IRQ 18) to vector 50\nfxp0: [MPSAFE]\nfxp0: [ITHREAD]\nfxp1: \u003cIntel 82559 Pro/100 Ethernet\u003e port 0x2440-0x247f mem 0xf7cf0000-0xf7cf0fff,0xf7b00000-0xf7bfffff irq 20 at device 4.0 on pci0\nfxp1: Reserved 0x1000 bytes for rid 0x10 type 3 at 0xf7cf0000\nfxp1: using memory space register mapping\nfxp1: PCI IDs: 8086 1229 0e11 b134 0008\nfxp1: Dynamic Standby mode is disabled\nmiibus1: \u003cMII bus\u003e on fxp1\ninphy1: \u003ci82555 10/100 media interface\u003e PHY 1 on miibus1\ninphy1:  10baseT, 10baseT-FDX, 100baseTX, 100baseTX-FDX, auto\nfxp1: bpf attached\nfxp1: Ethernet address: 00:08:02:e6:7a:1c\nioapic1: routing intpin 4 (PCI IRQ 20) to vector 51\nfxp1: [MPSAFE]\nfxp1: [ITHREAD]\nvgapci0: \u003cVGA-compatible display\u003e port 0x2800-0x28ff mem 0xf6000000-0xf6ffffff,0xf5ff0000-0xf5ff0fff at device 5.0 on pci0\npci0: \u003cbase peripheral\u003e at device 6.0 (no driver attached)\nisab0: \u003cPCI-ISA bridge\u003e at device 15.0 on pci0\nisa0: \u003cISA bus\u003e on isab0\natapci0: \u003cServerWorks ROSB4 UDMA33 controller\u003e port 0x1f0-0x1f7,0x3f6,0x170-0x177,0x376,0x2c00-0x2c0f at device 15.1 on pci0\natapci0: Reserved 0x10 bytes for rid 0x20 type 4 at 0x2c00\nata0: \u003cATA channel 0\u003e on atapci0\natapci0: Reserved 0x8 bytes for rid 0x10 type 4 at 0x1f0\natapci0: Reserved 0x1 bytes for rid 0x14 type 4 at 0x3f6\nata0: reset tp1 mask=03 ostat0=50 ostat1=01\nata0: stat0=0x00 err=0x01 lsb=0x14 msb=0xeb\nata0: stat1=0x01 err=0x04 lsb=0x00 msb=0x00\nata0: reset tp2 stat0=00 stat1=01 devices=0x4\u003cATAPI_MASTER\u003e\nioapic0: routing intpin 14 (ISA IRQ 14) to vector 52\nata0: [MPSAFE]\nata0: [ITHREAD]\nata1: \u003cATA channel 1\u003e on atapci0\natapci0: Reserved 0x8 bytes for rid 0x18 type 4 at 0x170\natapci0: Reserved 0x1 bytes for rid 0x1c type 4 at 0x376\nata1: reset tp1 mask=00 ostat0=ff ostat1=ff\nioapic0: routing intpin 15 (ISA IRQ 15) to vector 53\nata1: [MPSAFE]\nata1: [ITHREAD]\nohci0: \u003cOHCI (generic) USB controller\u003e mem 0xf5fd0000-0xf5fd0fff irq 22 at device 15.2 on pci0\nohci0: Reserved 0x1000 bytes for rid 0x10 type 3 at 0xf5fd0000\nohci0: (New OHCI DeviceId=0x02201166)\nioapic1: routing intpin 6 (PCI IRQ 22) to vector 54\nohci0: [GIANT-LOCKED]\nohci0: [ITHREAD]\nusb0: OHCI version 1.0, legacy support\nusb0: SMM does not respond, resetting\nusb0: \u003cOHCI (generic) USB controller\u003e on ohci0\nusb0: USB revision 1.0\nuhub0: \u003c(0x1166) OHCI root hub, class 9/0, rev 1.00/1.00, addr 1\u003e on usb0\nuhub0: 4 ports with 4 removable, self powered\npcib1: \u003cACPI Host-PCI bridge\u003e on acpi0\npci1: \u003cACPI PCI bus\u003e on pcib1\npci1: domain=0, physical bus=1\npcib2: \u003cACPI Host-PCI bridge\u003e on acpi0\npci7: \u003cACPI PCI bus\u003e on pcib2\npci7: domain=0, physical bus=7\nfound-\u003e vendor=0x0e11, dev=0xa0f7, revid=0x12\n        domain=0, bus=7, slot=7, func=0\n        class=08-04-00, hdrtype=0x00, mfdev=0\n        cmdreg=0x0142, statreg=0x0230, cachelnsz=0 (dwords)\n        lattimer=0x00 (0 ns), mingnt=0x00 (0 ns), maxlat=0x00 (0 ns)\n        intpin=a, irq=15\n        MSI supports 1 message, 64 bit\n        map[10]: type Memory, range 32, base 0xf7ff0000, size  8, enabled\npcib2: matched entry for 7.7.INTA\npcib2: slot 7 INTA hardwired to IRQ 23\npci7: \u003cbase peripheral, PCI hot-plug controller\u003e at device 7.0 (no driver attached)\nacpi_tz0: \u003cThermal Zone\u003e on acpi0\natkbdc0: \u003cKeyboard controller (i8042)\u003e port 0x60,0x64 irq 1 on acpi0\natkbd0: \u003cAT Keyboard\u003e irq 1 on atkbdc0\natkbd: the current kbd controller command byte 0065\natkbd: keyboard ID 0x41ab (2)\nkbd0 at atkbd0\nkbd0: atkbd0, AT 101/102 (2), config:0x0, flags:0x3d0000\nioapic0: routing intpin 1 (ISA IRQ 1) to vector 55\natkbd0: [GIANT-LOCKED]\natkbd0: [ITHREAD]\npsm0: unable to allocate IRQ\npsmcpnp0: \u003cPS/2 mouse port\u003e irq 12 on acpi0\npsm0: current command byte:0065\npsm0: failed to reset the aux device.\nsio0: irq maps: 0x4001 0x4011 0x4001 0x4001\nsio0: irq maps: 0x4001 0x4011 0x4001 0x4001\nsio0: \u003cStandard PC COM port\u003e port 0x3f8-0x3ff irq 4 flags 0x10 on acpi0\nsio0: type 16550A\nioapic0: routing intpin 4 (ISA IRQ 4) to vector 56\nsio0: [FILTER]\nfdc0: \u003cfloppy drive controller\u003e port 0x3f2-0x3f5 irq 6 drq 2 on acpi0\nfdc0: ic_type 90 part_id 73\nioapic0: routing intpin 6 (ISA IRQ 6) to vector 57\nfdc0: [FILTER]\nfd0: \u003c1440-KB 3.5\" drive\u003e on fdc0 drive 0\ncpu0: \u003cACPI CPU\u003e on acpi0\ncpu0: switching to generic Cx mode\nunknown: status reg test failed ff\nunknown: status reg test failed ff\nunknown: Failed Intstat Reg Test\nunknown: status reg test failed ff\nunknown: status reg test failed ff\nunknown: status reg test failed ff\nahc_isa_probe 0: ioport 0xc00 alloc failed\nahc_isa_probe 2: ioport 0x2c00 alloc failed\nex_isa_identify()\nata: ata0 already exists; skipping it\nata: ata1 already exists; skipping it\natkbdc: atkbdc0 already exists; skipping it\nfdc: fdc0 already exists; skipping it\nsio: sio0 already exists; skipping it\npnp_identify: Trying Read_Port at 203\npnp_identify: Trying Read_Port at 243\npnp_identify: Trying Read_Port at 283\npnp_identify: Trying Read_Port at 2c3\npnp_identify: Trying Read_Port at 303\npnp_identify: Trying Read_Port at 343\npnp_identify: Trying Read_Port at 383\npnp_identify: Trying Read_Port at 3c3\nPNP Identify complete\nsc: sc0 already exists; skipping it\nvga: vga0 already exists; skipping it\nisa_probe_children: disabling PnP devices\nisa_probe_children: probing non-PnP devices\npmtimer0 on isa0\norm0: \u003cISA Option ROMs\u003e at iomem 0xc0000-0xc7fff,0xc8000-0xcbfff,0xee000-0xeffff pnpid ORM0000 on isa0\nadv0: not probed (disabled)\naha0: not probed (disabled)\naic0: not probed (disabled)\nbt0: not probed (disabled)\ncs0: not probed (disabled)\ned0: not probed (disabled)\nfe0: not probed (disabled)\nie0: not probed (disabled)\nle0: not probed (disabled)\nppc0: parallel port not found.\nppc0: \u003cParallel port\u003e failed to probe at irq 7 on isa0\nsc0: \u003cSystem console\u003e at flags 0x100 on isa0\nsc0: VGA \u003c16 virtual consoles, flags=0x300\u003e\nsc0: fb0, kbd1, terminal emulator: sc (syscons terminal)\nsio1: configured irq 3 not in bitmap of probed irqs 0\nsio1: port may not be enabled\nsio1: irq maps: 0x4001 0x4001 0x4001 0x4001\nsio1: probe failed test(s): 0 1 2 4 6 7 9\nsio1 failed to probe at port 0x2f8-0x2ff irq 3 on isa0\nsio2: not probed (disabled)\nsio3: not probed (disabled)\nsn0: not probed (disabled)\nvga0: \u003cGeneric ISA VGA\u003e at port 0x3c0-0x3df iomem 0xa0000-0xbffff on isa0\nvt0: not probed (disabled)\nisa_probe_children: probing PnP devices\nDevice configuration finished.\nReducing kern.maxvnodes 101661 -\u003e 100000\nprocfs registered\nlapic: Divisor 2, Frequency 66222107 hz\nTimecounter \"TSC\" frequency 1258219877 Hz quality 800\nTimecounters tick every 1.000 msec\nvlan: initialized, using hash tables with chaining\nlo0: bpf attached\nhptrr: no controller detected.\nmd0: Preloaded image \u003c/boot/mfsroot\u003e 4423680 bytes at 0xc0e2208c\nata0-master: pio=PIO4 wdma=WDMA2 udma=UNSUPPORTED cable=40 wire\nacd0: setting PIO4 on ROSB4 chip\nacd0: \u003cCD-224E/A.8D\u003e CDROM drive at ata0 as master\nacd0: read 4134KB/s (4134KB/s), 128KB buffer, PIO4\nacd0: Reads: CDR, CDRW, CDDA stream, packet\nacd0: Writes:\nacd0: Audio: play, 256 volume levels\nacd0: Mechanism: ejectable tray, unlocked\nacd0: Medium: CD-ROM 120mm data disc\n(probe0:ciss0:0:0:0): Down reving Protocol Version from 2 to 0?\n(probe1:ciss0:0:1:0): Down reving Protocol Version from 2 to 0?\n(probe2:ciss0:0:2:0): Down reving Protocol Version from 2 to 0?\n(probe3:ciss0:0:3:0): Down reving Protocol Version from 2 to 0?\n(probe4:ciss0:0:4:0): Down reving Protocol Version from 2 to 0?\nda0 at ciss0 bus 0 target 0 lun 0\nda0: \u003cCOMPAQ RAID 0  VOLUME OK\u003e Fixed Direct Access SCSI-0 device\nda0: 135.168MB/s transfers\nda0: Command Queueing Enabled\nda0: 17359MB (35553120 512 byte sectors: 255H 32S/T 4357C)\nda1 at ciss0 bus 0 target 1 lun 0\nda1: \u003cCOMPAQ RAID 0  VOLUME OK\u003e Fixed Direct Access SCSI-0 device\nda1: 135.168MB/s transfers\nda1: Command Queueing Enabled\nda1: 17359MB (35553120 512 byte sectors: 255H 32S/T 4357C)\nda2 at ciss0 bus 0 target 2 lun 0\nda2: \u003cCOMPAQ RAID 0  VOLUME OK\u003e Fixed Direct Access SCSI-0 device\nda2: 135.168MB/s transfers\nda2: Command Queueing Enabled\nda2: 140006MB (286734240 512 byte sectors: 255H 32S/T 35139C)\nda3 at ciss0 bus 0 target 3 lun 0\nda3: \u003cCOMPAQ RAID 0  VOLUME OK\u003e Fixed Direct Access SCSI-0 device\nda3: 135.168MB/s transfers\nda3: Command Queueing Enabled\nda3: 140006MB (286734240 512 byte sectors: 255H 32S/T 35139C)\nda4 at ciss0 bus 0 target 4 lun 0\nda4: \u003cCOMPAQ RAID 0  VOLUME OK\u003e Fixed Direct Access SCSI-0 device\nda4: 135.168MB/s transfers\nda4: Command Queueing Enabled\nda4: 34727MB (71122560 512 byte sectors: 255H 32S/T 8716C)\npass0 at ciss0 bus 0 target 0 lun 0\npass0: \u003cCOMPAQ RAID 0  VOLUME OK\u003e Fixed Direct Access SCSI-0 device\npass0: 135.168MB/s transfers\npass0: Command Queueing Enabled\npass1 at ciss0 bus 0 target 1 lun 0\npass1: \u003cCOMPAQ RAID 0  VOLUME OK\u003e Fixed Direct Access SCSI-0 device\npass1: 135.168MB/s transfers\npass1: Command Queueing Enabled\npass2 at ciss0 bus 0 target 2 lun 0\npass2: \u003cCOMPAQ RAID 0  VOLUME OK\u003e Fixed Direct Access SCSI-0 device\npass2: 135.168MB/s transfers\npass2: Command Queueing Enabled\npass3 at ciss0 bus 0 target 3 lun 0\npass3: \u003cCOMPAQ RAID 0  VOLUME OK\u003e Fixed Direct Access SCSI-0 device\npass3: 135.168MB/s transfers\npass3: Command Queueing Enabled\npass4 at ciss0 bus 0 target 4 lun 0\npass4: \u003cCOMPAQ RAID 0  VOLUME OK\u003e Fixed Direct Access SCSI-0 device\npass4: 135.168MB/s transfers\npass4: Command Queueing Enabled\nATA PseudoRAID loaded\nGEOM: new disk da0\nGEOM: new disk da1\nGEOM: new disk da2\nGEOM: new disk da3\nGEOM: new disk da4\nTrying to mount root from ufs:/dev/md0\nstart_init: trying /sbin/init\nstart_init: trying /sbin/oinit\nstart_init: trying /sbin/init.bak\nstart_init: trying /rescue/init\nstart_init: trying /stand/sysinstall\n\nHow-To-Repeat: Panic on boot everytime with FreeBSD 8 and 9."
}