{
 "id": 1165107,
 "bug_id": 256441,
 "attachment_id": 0,
 "creation_time": "2021-06-06T21:25:26Z",
 "creator": "marklmi26-fbsd@yahoo.com",
 "text": "(In reply to Mark Millard from comment #3)\n\nI've repeated the problem with a powered hub involved:\n\nPowerd hub connected to a RPi USB3 port and\n2 storage devices plugged into the powered\nhub, both USB3 SSDs.\n\n(Previously I had one USB3 SSD and one multi-media\nreader with only one media in it and I was direct\nconnecting those to RPi USB ports. I'll try direct\nconnecting the two USB3 SSDs later.)\n\nscanning bus xhci_pci for devices... Device not responding to set address.\n\n      USB device not accepting new address (error=80000000)\n6 USB Device(s) found\n       scanning usb for storage devices... 2 Storage Device(s) found\nHit any key to stop autoboot:  2 \b\b\b 1 \b\b\b 0 \nswitch to partitions #0, OK\nmmc0 is current device\nScanning mmc 0:1...\nlibfdt fdt_check_header(): FDT_ERR_BADMAGIC\n\u001b7\u001b[r\u001b[999;999H\u001b[6n\u001b8Scanning disk mmc@7e300000.blk...\nDisk mmc@7e300000.blk not ready\nScanning disk emmc2@7e340000.blk...\n** Unrecognized filesystem type **\nScanning disk usb_mass_storage.lun0...\n** Unrecognized filesystem type **\n** Unrecognized filesystem type **\n** Unrecognized filesystem type **\nScanning disk usb_mass_storage.lun0...\nERROR: failure to add disk device usb_mass_storage.lun0, r = 20\nError: Cannot initialize UEFI sub-system, r = 20\nFound EFI removable media binary efi/boot/bootaa64.efi\n1259212 bytes read in 72 ms (16.7 MiB/s)\nlibfdt fdt_check_header(): FDT_ERR_BADMAGIC\nError: Cannot initialize UEFI sub-system, r = 20\nEFI LOAD FAILED: continuing...\n\nDevice 0: Vendor: OWC      Rev: 0    Prod: Envoy Pro mini  \n            Type: Hard Disk\n            Capacity: 228936.5 MB = 223.5 GB (468862128 x 512)\n... is now current device\nScanning usb 0:1...\nlibfdt fdt_check_header(): FDT_ERR_BADMAGIC\nError: Cannot initialize UEFI sub-system, r = 20\nFound EFI removable media binary efi/boot/bootaa64.efi\n1289100 bytes read in 7 ms (175.6 MiB/s)\nlibfdt fdt_check_header(): FDT_ERR_BADMAGIC\nError: Cannot initialize UEFI sub-system, r = 20\nEFI LOAD FAILED: continuing...\nethernet@7d580000 Waiting for PHY auto negotiation to complete......... TIMEOUT !\nbcmgenet: PHY startup failed: -110\nmissing environment variable: pxeuuid\nmissing environment variable: bootfile\nRetrieving file:  . . ."
}