{
 "id": 538733,
 "bug_id": 142719,
 "attachment_id": 0,
 "creation_time": "2010-01-11T17:10:01Z",
 "creator": "c0rn@o2.pl",
 "text": "\n\nDevice seems to be recognized as urtw0, but scanning for networks\nor setting IP address fails:\n\n[corn:~]# ifconfig urtw0 scan up\nifconfig: unable to get scan results\n[corn:~]# ifconfig urtw0 inet 10.1.0.33 netmask 255.255.255.0\nifconfig: ioctl (SIOCAIFADDR): Invalid argument\n\nHere`s my dmesg:\n\nCopyright (c) 1992-2010 The FreeBSD Project.\nCopyright (c) 1979, 1980, 1983, 1986, 1988, 1989, 1991, 1992, 1993, 1994\n\tThe Regents of the University of California. All rights reserved.\nFreeBSD is a registered trademark of The FreeBSD Foundation.\nFreeBSD 8.0-STABLE #0: Mon Jan 11 17:00:23 CET 2010\n    corn@caprica.slowicza.org:/usr/obj/usr/src/sys/CORN i386\nTimecounter \"i8254\" frequency 1193182 Hz quality 0\nCPU: Intel(R) Core(TM)2 Duo CPU     T6600  @ 2.20GHz (2194.51-MHz 686-class CPU)\n  Origin = \"GenuineIntel\"  Id = 0x1067a  Stepping = 10\n  Features=0xbfebfbff\u003cFPU,VME,DE,PSE,TSC,MSR,PAE,MCE,CX8,APIC,SEP,MTRR,PGE,MCA,CMOV,PAT,PSE36,CLFLUSH,DTS,ACPI,MMX,FXSR,SSE,SSE2,SS,HTT,TM,PBE\u003e\n  Features2=0x408e39d\u003cSSE3,DTES64,MON,DS_CPL,EST,TM2,SSSE3,CX16,xTPR,PDCM,SSE4.1,XSAVE\u003e\n  AMD Features=0x20100000\u003cNX,LM\u003e\n  AMD Features2=0x1\u003cLAHF\u003e\n  TSC: P-state invariant\nreal memory  = 2147483648 (2048 MB)\navail memory = 2055544832 (1960 MB)\nACPI APIC Table: \u003c090909 APIC1656\u003e\nFreeBSD/SMP: Multiprocessor System Detected: 2 CPUs\nFreeBSD/SMP: 1 package(s) x 2 core(s)\n cpu0 (BSP): APIC ID:  0\n cpu1 (AP): APIC ID:  1\nioapic0 \u003cVersion 2.0\u003e irqs 0-23 on motherboard\nkbd1 at kbdmux0\nacpi0: \u003c090909 XSDT1656\u003e on motherboard\nacpi0: [ITHREAD]\nacpi_ec0: \u003cEmbedded Controller: GPE 0x1b, ECDT\u003e port 0x62,0x66 on acpi0\nacpi0: Power Button (fixed)\nunknown: I/O range not supported\nunknown: I/O range not supported\nacpi0: reservation of 0, a0000 (3) failed\nacpi0: reservation of 100000, 7dd00000 (3) failed\nTimecounter \"ACPI-safe\" frequency 3579545 Hz quality 850\nacpi_timer0: \u003c24-bit timer at 3.579545MHz\u003e port 0x808-0x80b on acpi0\nacpi_hpet0: \u003cHigh Precision Event Timer\u003e iomem 0xfed00000-0xfed003ff on acpi0\nTimecounter \"HPET\" frequency 14318180 Hz quality 900\npcib0: \u003cACPI Host-PCI bridge\u003e port 0xcf8-0xcff on acpi0\npci0: \u003cACPI PCI bus\u003e on pcib0\nvgapci0: \u003cVGA-compatible display\u003e port 0xdc00-0xdc07 mem 0xfe400000-0xfe7fffff,0xd0000000-0xdfffffff irq 16 at device 2.0 on pci0\nagp0: \u003cIntel GM45 SVGA controller\u003e on vgapci0\nagp0: detected 32764k stolen memory\nagp0: aperture size is 256M\nvgapci1: \u003cVGA-compatible display\u003e mem 0xfe800000-0xfe8fffff at device 2.1 on pci0\nuhci0: \u003cIntel 82801I (ICH9) USB controller\u003e port 0xd880-0xd89f irq 16 at device 26.0 on pci0\nuhci0: [ITHREAD]\nuhci0: LegSup = 0x2f00\nusbus0: \u003cIntel 82801I (ICH9) USB controller\u003e on uhci0\nuhci1: \u003cIntel 82801I (ICH9) USB controller\u003e port 0xd800-0xd81f irq 21 at device 26.1 on pci0\nuhci1: [ITHREAD]\nuhci1: LegSup = 0x2f00\nusbus1: \u003cIntel 82801I (ICH9) USB controller\u003e on uhci1\nuhci2: \u003cIntel 82801I (ICH9) USB controller\u003e port 0xd480-0xd49f irq 19 at device 26.2 on pci0\nuhci2: [ITHREAD]\nuhci2: LegSup = 0x2f00\nusbus2: \u003cIntel 82801I (ICH9) USB controller\u003e on uhci2\nehci0: \u003cIntel 82801I (ICH9) USB 2.0 controller\u003e mem 0xfe9fbc00-0xfe9fbfff irq 18 at device 26.7 on pci0\nehci0: [ITHREAD]\nusbus3: EHCI version 1.0\nusbus3: \u003cIntel 82801I (ICH9) USB 2.0 controller\u003e on ehci0\nhdac0: \u003cIntel 82801I High Definition Audio Controller\u003e mem 0xfe9f4000-0xfe9f7fff irq 22 at device 27.0 on pci0\nhdac0: HDA Driver Revision: 20091113_0138\nhdac0: [ITHREAD]\npcib1: \u003cACPI PCI-PCI bridge\u003e irq 16 at device 28.0 on pci0\npci1: \u003cACPI PCI bus\u003e on pcib1\npcib2: \u003cACPI PCI-PCI bridge\u003e irq 17 at device 28.1 on pci0\npci2: \u003cACPI PCI bus\u003e on pcib2\npci2: \u003cnetwork\u003e at device 0.0 (no driver attached)\npcib3: \u003cACPI PCI-PCI bridge\u003e irq 17 at device 28.5 on pci0\npci3: \u003cACPI PCI bus\u003e on pcib3\nale0: \u003cAtheros AR8121/AR8113/AR8114 PCIe Ethernet\u003e port 0xec00-0xec7f mem 0xfebc0000-0xfebfffff irq 17 at device 0.0 on pci3\nale0: 960 Tx FIFO, 1024 Rx FIFO\nale0: Using 1 MSI messages.\nmiibus0: \u003cMII bus\u003e on ale0\natphy0: \u003cAtheros F1 10/100/1000 PHY\u003e PHY 0 on miibus0\natphy0:  10baseT, 10baseT-FDX, 100baseTX, 100baseTX-FDX, 1000baseT-FDX, auto\nale0: Ethernet address: 90:e6:ba:98:7d:77\nale0: [FILTER]\nuhci3: \u003cIntel 82801I (ICH9) USB controller\u003e port 0xd400-0xd41f irq 23 at device 29.0 on pci0\nuhci3: [ITHREAD]\nuhci3: LegSup = 0x2f00\nusbus4: \u003cIntel 82801I (ICH9) USB controller\u003e on uhci3\nuhci4: \u003cIntel 82801I (ICH9) USB controller\u003e port 0xd080-0xd09f irq 19 at device 29.1 on pci0\nuhci4: [ITHREAD]\nuhci4: LegSup = 0x2f00\nusbus5: \u003cIntel 82801I (ICH9) USB controller\u003e on uhci4\nuhci5: \u003cIntel 82801I (ICH9) USB controller\u003e port 0xd000-0xd01f irq 18 at device 29.2 on pci0\nuhci5: [ITHREAD]\nuhci5: LegSup = 0x2f00\nusbus6: \u003cIntel 82801I (ICH9) USB controller\u003e on uhci5\nehci1: \u003cIntel 82801I (ICH9) USB 2.0 controller\u003e mem 0xfe9fb800-0xfe9fbbff irq 23 at device 29.7 on pci0\nehci1: [ITHREAD]\nusbus7: EHCI version 1.0\nusbus7: \u003cIntel 82801I (ICH9) USB 2.0 controller\u003e on ehci1\npcib4: \u003cACPI PCI-PCI bridge\u003e at device 30.0 on pci0\npci4: \u003cACPI PCI bus\u003e on pcib4\nisab0: \u003cPCI-ISA bridge\u003e at device 31.0 on pci0\nisa0: \u003cISA bus\u003e on isab0\natapci0: \u003cIntel AHCI controller\u003e port 0xcc00-0xcc07,0xc880-0xc883,0xc800-0xc807,0xc480-0xc483,0xc400-0xc41f mem 0xfe9fb000-0xfe9fb7ff irq 19 at device 31.2 on pci0\natapci0: [ITHREAD]\natapci0: AHCI v1.20 controller with 4 3Gbps ports, PM not supported\nata2: \u003cATA channel 0\u003e on atapci0\nata2: [ITHREAD]\nata3: \u003cATA channel 1\u003e on atapci0\nata3: [ITHREAD]\nacpi_button0: \u003cSleep Button\u003e on acpi0\nacpi_lid0: \u003cControl Method Lid Switch\u003e on acpi0\nacpi_tz0: \u003cThermal Zone\u003e on acpi0\nacpi_acad0: \u003cAC Adapter\u003e on acpi0\nbattery0: \u003cACPI Control Method Battery\u003e on acpi0\natrtc0: \u003cAT realtime clock\u003e port 0x70-0x71 irq 8 on acpi0\natkbdc0: \u003cKeyboard controller (i8042)\u003e port 0x60,0x64 irq 1 on acpi0\natkbd0: \u003cAT Keyboard\u003e irq 1 on atkbdc0\nkbd0 at atkbd0\natkbd0: [GIANT-LOCKED]\natkbd0: [ITHREAD]\npsm0: \u003cPS/2 Mouse\u003e irq 12 on atkbdc0\npsm0: [GIANT-LOCKED]\npsm0: [ITHREAD]\npsm0: model IntelliMouse, device ID 3\ncpu0: \u003cACPI CPU\u003e on acpi0\nACPI Warning: Incorrect checksum in table [ATKG] - B5, should be E5 20090521 tbutils-275\nest0: \u003cEnhanced SpeedStep Frequency Control\u003e on cpu0\np4tcc0: \u003cCPU Frequency Thermal Control\u003e on cpu0\ncpu1: \u003cACPI CPU\u003e on acpi0\nest1: \u003cEnhanced SpeedStep Frequency Control\u003e on cpu1\np4tcc1: \u003cCPU Frequency Thermal Control\u003e on cpu1\npmtimer0 on isa0\nsc0: \u003cSystem console\u003e at flags 0x100 on isa0\nsc0: VGA \u003c16 virtual consoles, flags=0x300\u003e\nvga0: \u003cGeneric ISA VGA\u003e at port 0x3c0-0x3df iomem 0xa0000-0xbffff on isa0\nata0 at port 0x1f0-0x1f7,0x3f6 irq 14 on isa0\nata0: [ITHREAD]\nata1 at port 0x170-0x177,0x376 irq 15 on isa0\nata1: [ITHREAD]\nppc0: parallel port not found.\nTimecounters tick every 1.000 msec\nusbus0: 12Mbps Full Speed USB v1.0\nusbus1: 12Mbps Full Speed USB v1.0\nusbus2: 12Mbps Full Speed USB v1.0\nusbus3: 480Mbps High Speed USB v2.0\nusbus4: 12Mbps Full Speed USB v1.0\nusbus5: 12Mbps Full Speed USB v1.0\nusbus6: 12Mbps Full Speed USB v1.0\nusbus7: 480Mbps High Speed USB v2.0\nad4: 476940MB \u003cSeagate ST9500325AS 0002SDM1\u003e at ata2-master UDMA100 SATA 3Gb/s\nugen0.1: \u003cIntel\u003e at usbus0\nuhub0: \u003cIntel UHCI root HUB, class 9/0, rev 1.00/1.00, addr 1\u003e on usbus0\nugen1.1: \u003cIntel\u003e at usbus1\nuhub1: \u003cIntel UHCI root HUB, class 9/0, rev 1.00/1.00, addr 1\u003e on usbus1\nugen2.1: \u003cIntel\u003e at usbus2\nuhub2: \u003cIntel UHCI root HUB, class 9/0, rev 1.00/1.00, addr 1\u003e on usbus2\nugen3.1: \u003cIntel\u003e at usbus3\nuhub3: \u003cIntel EHCI root HUB, class 9/0, rev 2.00/1.00, addr 1\u003e on usbus3\nugen4.1: \u003cIntel\u003e at usbus4\nuhub4: \u003cIntel UHCI root HUB, class 9/0, rev 1.00/1.00, addr 1\u003e on usbus4\nugen5.1: \u003cIntel\u003e at usbus5\nuhub5: \u003cIntel UHCI root HUB, class 9/0, rev 1.00/1.00, addr 1\u003e on usbus5\nugen6.1: \u003cIntel\u003e at usbus6\nuhub6: \u003cIntel UHCI root HUB, class 9/0, rev 1.00/1.00, addr 1\u003e on usbus6\nugen7.1: \u003cIntel\u003e at usbus7\nuhub7: \u003cIntel EHCI root HUB, class 9/0, rev 2.00/1.00, addr 1\u003e on usbus7\nacd0: DVDR \u003cMATSHITADVD-RAM UJ862AS/1.12\u003e at ata3-master UDMA66 SATA 1.5Gb/s\nhdac0: HDA Codec #0: VIA VT1708S_0\npcm0: \u003cHDA VIA VT1708S_0 PCM #0 Analog\u003e at cad 0 nid 1 on hdac0\nSMP: AP CPU #1 Launched!\nRoot mount waiting for: usbus7 usbus6 usbus5 usbus4 usbus3 usbus2 usbus1 usbus0\nuhub0: 2 ports with 2 removable, self powered\nuhub1: 2 ports with 2 removable, self powered\nuhub2: 2 ports with 2 removable, self powered\nuhub4: 2 ports with 2 removable, self powered\nuhub5: 2 ports with 2 removable, self powered\nuhub6: 2 ports with 2 removable, self powered\nRoot mount waiting for: usbus7 usbus3\nRoot mount waiting for: usbus7 usbus3\nuhub3: 6 ports with 6 removable, self powered\nuhub7: 6 ports with 6 removable, self powered\nRoot mount waiting for: usbus7 usbus3\nugen7.2: \u003cvendor 0x1b75\u003e at usbus7\nurtw0: \u003cvendor 0x1b75 product 0x8187, class 0/0, rev 2.00/1.00, addr 2\u003e on usbus7\nurtw0: unknown RTL8187L type: 0x8000000\nugen3.2: \u003cChicony Electronics Co., Ltd.\u003e at usbus3\nRoot mount waiting for: usbus7\nRoot mount waiting for: usbus7\nRoot mount waiting for: usbus7\nurtw0: rtl8187l rf rtl8225u hwrev none\nRoot mount waiting for: usbus7\nRoot mount waiting for: usbus7\nRoot mount waiting for: usbus7\nRoot mount waiting for: usbus7\nRoot mount waiting for: usbus7\nRoot mount waiting for: usbus7\nRoot mount waiting for: usbus7\nRoot mount waiting for: usbus7\nRoot mount waiting for: usbus7\nRoot mount waiting for: usbus7\nRoot mount waiting for: usbus7\nRoot mount waiting for: usbus7\nRoot mount waiting for: usbus7\nRoot mount waiting for: usbus7\nRoot mount waiting for: usbus7\nRoot mount waiting for: usbus7\nRoot mount waiting for: usbus7\nRoot mount waiting for: usbus7\nRoot mount waiting for: usbus7\nRoot mount waiting for: usbus7\nRoot mount waiting for: usbus7\nRoot mount waiting for: usbus7\nRoot mount waiting for: usbus7\nRoot mount waiting for: usbus7\nTrying to mount root from ufs:/dev/ad4s1a\nale0: link state changed to UP\ndrm0: \u003cMobile Intel\\M-B\\M-. GM45 Express Chipset\u003e on vgapci0\ninfo: [drm] MSI enabled 1 message(s)\nvgapci0: child drm0 requested pci_enable_busmaster\ninfo: [drm] AGP at 0xd0000000 256MB\ninfo: [drm] Initialized i915 1.6.0 20080730\ndrm0: [ITHREAD]\nugen7.2: \u003cvendor 0x1b75\u003e at usbus7 (disconnected)\nurtw0: at uhub7, port 4, addr 2 (disconnected)\nurtw0: failed to stop (USB_ERR_NOT_CONFIGURED)\nugen7.2: \u003cvendor 0x1b75\u003e at usbus7\nurtw0: \u003cvendor 0x1b75 product 0x8187, class 0/0, rev 2.00/1.00, addr 2\u003e on usbus7\nurtw0: unknown RTL8187L type: 0x8000000\nurtw0: rtl8187l rf rtl8225u hwrev none\nugen7.2: \u003cvendor 0x1b75\u003e at usbus7 (disconnected)\nurtw0: at uhub7, port 3, addr 2 (disconnected)\nurtw0: failed to stop (USB_ERR_NOT_CONFIGURED)\nugen7.2: \u003cvendor 0x1b75\u003e at usbus7\nurtw0: \u003cvendor 0x1b75 product 0x8187, class 0/0, rev 2.00/1.00, addr 2\u003e on usbus7\nurtw0: unknown RTL8187L type: 0x8000000\nurtw0: rtl8187l rf rtl8225u hwrev none"
}