{
 "id": 426686,
 "bug_id": 119851,
 "attachment_id": 0,
 "creation_time": "2008-01-21T09:00:06Z",
 "creator": "lian@kras.ru",
 "text": "Do not install FreeBSD 6.3-RELEASE (or FreeBSD 6.2-RELEASE or FreeBSD\n7.0-RC1) on HP ProLiant DL145G3 with SATA HDD SAMSUNG HD501LJ.\n\nWith SATA HDD HP 80GB installation is OK.\n\nIn an installation time:\npanic: ffs_dirbad: bad dir\nor\nmode=020141, inum=32896, fs=/tmp\npanic: ffs_valloc: dup alloc\n\n\nCopyright (c) 1992-2008 The FreeBSD Project.\nCopyright (c) 1979, 1980, 1983, 1986, 1988, 1989, 1991, 1992, 1993, 1994\n        The Regents of the University of California. All rights reserved.\nFreeBSD is a registered trademark of The FreeBSD Foundation.\nFreeBSD 6.3-RELEASE #0: Wed Jan 16 04:18:52 UTC 2008\n    root@dessler.cse.buffalo.edu:/usr/obj/usr/src/sys/GENERIC\nACPI APIC Table: \u003cPTLTD    APIC  \u003e\nTimecounter \"i8254\" frequency 1193182 Hz quality 0\nCPU: Dual-Core AMD Opteron(tm) Processor 2210 HE (1795.51-MHz 686-class CPU)\n  Origin = \"AuthenticAMD\"  Id = 0x40f12  Stepping = 2\n  Features=0x178bfbff\u003cFPU,VME,DE,PSE,TSC,MSR,PAE,MCE,CX8,APIC,SEP,MTRR,PGE,MCA,CMOV,PAT,PSE36,CLFLUSH,MMX,FXSR,SSE,SSE2,HTT\u003e\n  Features2=0x2001\u003cSSE3,CX16\u003e\n  AMD Features=0xea500800\u003cSYSCALL,NX,MMX+,FFXSR,RDTSCP,LM,3DNow!+,3DNow!\u003e\n  AMD Features2=0x1f\u003cLAHF,CMP,SVM,ExtAPIC,CR8\u003e\n  Cores per package: 2\nreal memory  = 1064697856 (1015 MB)\navail memory = 1032851456 (985 MB)\nMADT: Forcing active-low polarity and level trigger for SCI\nioapic0 \u003cVersion 1.1\u003e irqs 0-15 on motherboard\nioapic1 \u003cVersion 1.1\u003e irqs 16-31 on motherboard\nioapic2 \u003cVersion 1.1\u003e irqs 32-47 on motherboard\nkbd1 at kbdmux0\nath_hal: 0.9.20.3 (AR5210, AR5211, AR5212, RF5111, RF5112, RF2413, RF5413)\nhptrr: HPT RocketRAID controller driver v1.1 (Jan 16 2008 04:16:19)\nacpi0: \u003cPTLTD    XSDT\u003e on motherboard\nacpi0: Power Button (fixed)\nunknown: I/O range not supported\nTimecounter \"ACPI-safe\" frequency 3579545 Hz quality 850\nacpi_timer0: \u003c32-bit timer at 3.579545MHz\u003e port 0x508-0x50b on acpi0\nacpi_hpet0: \u003cHigh Precision Event Timer\u003e iomem 0xfed00000-0xfed003ff on acpi0\nTimecounter \"HPET\" frequency 14318180 Hz quality 900\ncpu0: \u003cACPI CPU\u003e on acpi0\npcib0: \u003cACPI Host-PCI bridge\u003e on acpi0\npci0: \u003cACPI PCI bus\u003e on pcib0\npcib1: \u003cACPI PCI-PCI bridge\u003e at device 1.0 on pci0\npci1: \u003cACPI PCI bus\u003e on pcib1\npcib2: \u003cACPI PCI-PCI bridge\u003e at device 13.0 on pci1\npci2: \u003cACPI PCI bus\u003e on pcib2\natapci0: \u003cServerWorks HT1000 SATA150 controller\u003e port 0x2040-0x2047,0x2034-0x2037,0x2038-0x203f,0x2030-0x2033,0x2000-0x201f mem 0xdf900000-0xdf901fff irq 7 at device 14.0 on pci1\nata2: \u003cATA channel 0\u003e on atapci0\nata3: \u003cATA channel 1\u003e on atapci0\nata4: \u003cATA channel 2\u003e on atapci0\nata5: \u003cATA channel 3\u003e on atapci0\natapci1: \u003cServerWorks HT1000 UDMA100 controller\u003e port 0x1f0-0x1f7,0x3f6,0x170-0x177,0x376,0x1c00-0x1c0f at device 2.1 on pci0\nata0: \u003cATA channel 0\u003e on atapci1\nata1: \u003cATA channel 1\u003e on atapci1\nisab0: \u003cPCI-ISA bridge\u003e at device 2.2 on pci0\nisa0: \u003cISA bus\u003e on isab0\nohci0: \u003cOHCI (generic) USB controller\u003e port 0x1000-0x10ff mem 0xdfc05000-0xdfc05fff irq 10 at device 3.0 on pci0\nohci0: [GIANT-LOCKED]\nusb0: OHCI version 1.0, legacy support\nusb0: \u003cOHCI (generic) USB controller\u003e on ohci0\nusb0: USB revision 1.0\nuhub0: (0x1166) OHCI root hub, class 9/0, rev 1.00/1.00, addr 1\nuhub0: 2 ports with 2 removable, self powered\nohci1: \u003cOHCI (generic) USB controller\u003e port 0x1400-0x14ff mem 0xdfc06000-0xdfc06fff irq 10 at device 3.1 on pci0\nohci1: [GIANT-LOCKED]\nusb1: OHCI version 1.0, legacy support\nusb1: \u003cOHCI (generic) USB controller\u003e on ohci1\nusb1: USB revision 1.0\nuhub1: (0x1166) OHCI root hub, class 9/0, rev 1.00/1.00, addr 1\nuhub1: 2 ports with 2 removable, self powered\nehci0: \u003cEHCI (generic) USB 2.0 controller\u003e port 0x1800-0x18ff mem 0xdfc07000-0xdfc07fff irq 10 at device 3.2 on pci0\nehci0: [GIANT-LOCKED]\nusb2: EHCI version 1.0\nusb2: companion controllers, 2 ports each: usb0 usb1\nusb2: \u003cEHCI (generic) USB 2.0 controller\u003e on ehci0\nusb2: USB revision 2.0\nuhub2: (0x1166) EHCI root hub, class 9/0, rev 2.00/1.00, addr 1\nuhub2: 4 ports with 4 removable, self powered\nuhub3: vendor 0x04cc product 0x1520, class 9/0, rev 2.00/2.00, addr 2\nuhub3: single transaction translator\nuhub3: 3 ports with 3 removable, self powered\npci0: \u003cdisplay, VGA\u003e at device 4.0 (no driver attached)\npcib3: \u003cACPI PCI-PCI bridge\u003e irq 32 at device 6.0 on pci0\npci3: \u003cACPI PCI bus\u003e on pcib3\npcib4: \u003cACPI PCI-PCI bridge\u003e irq 32 at device 7.0 on pci0\npci4: \u003cACPI PCI bus\u003e on pcib4\npcib5: \u003cACPI PCI-PCI bridge\u003e irq 32 at device 8.0 on pci0\npci5: \u003cACPI PCI bus\u003e on pcib5\npcib6: \u003cACPI PCI-PCI bridge\u003e irq 32 at device 9.0 on pci0\npci6: \u003cACPI PCI bus\u003e on pcib6\npcib7: \u003cACPI PCI-PCI bridge\u003e irq 32 at device 10.0 on pci0\npci7: \u003cACPI PCI bus\u003e on pcib7\npcib8: \u003cACPI PCI-PCI bridge\u003e at device 0.0 on pci7\npci8: \u003cACPI PCI bus\u003e on pcib8\nbge0: \u003cBroadcom BCM5715 A3, ASIC rev. 0x9003\u003e mem 0xdf810000-0xdf81ffff,0xdf800000-0xdf80ffff irq 36 at device 4.0 on pci8\nmiibus0: \u003cMII bus\u003e on bge0\nbrgphy0: \u003cBCM5714 10/100/1000baseTX PHY\u003e on miibus0\nbrgphy0:  10baseT, 10baseT-FDX, 100baseTX, 100baseTX-FDX, 1000baseT, 1000baseT-FDX, auto\nbge0: Ethernet address: 00:18:71:86:db:fc\nbge1: \u003cBroadcom BCM5715 A3, ASIC rev. 0x9003\u003e mem 0xdf830000-0xdf83ffff,0xdf820000-0xdf82ffff irq 36 at device 4.1 on pci8\nmiibus1: \u003cMII bus\u003e on bge1\nbrgphy1: \u003cBCM5714 10/100/1000baseTX PHY\u003e on miibus1\nbrgphy1:  10baseT, 10baseT-FDX, 100baseTX, 100baseTX-FDX, 1000baseT, 1000baseT-FDX, auto\nbge1: Ethernet address: 00:18:71:87:30:fe\natkbdc0: \u003cKeyboard controller (i8042)\u003e port 0x60,0x64 irq 1 on acpi0\natkbd0: \u003cAT Keyboard\u003e irq 1 on atkbdc0\nkbd0 at atkbd0\natkbd0: [GIANT-LOCKED]\nsio0: \u003c16550A-compatible COM port\u003e port 0x3f8-0x3ff irq 4 flags 0x10 on acpi0\nsio0: type 16550A\npmtimer0 on isa0\norm0: \u003cISA Option ROM\u003e at iomem 0xc0000-0xc7fff on isa0\nppc0: parallel port not found.\nsc0: \u003cSystem console\u003e at flags 0x100 on isa0\nsc0: VGA \u003c16 virtual consoles, flags=0x300\u003e\nsio1: configured irq 3 not in bitmap of probed irqs 0\nsio1: port may not be enabled\nvga0: \u003cGeneric ISA VGA\u003e at port 0x3c0-0x3df iomem 0xa0000-0xbffff on isa0\nukbd0: ServerEngines SE USB Device, rev 1.10/0.01, addr 2, iclass 3/1\nkbd2 at ukbd0\nums0: ServerEngines SE USB Device, rev 1.10/0.01, addr 2, iclass 3/1\nums0: 8 buttons and Z dir.\nTimecounter \"TSC\" frequency 1795509657 Hz quality 800\nTimecounters tick every 1.000 msec\nhptrr: no controller detected.\nad4: 476940MB \u003cSAMSUNG HD501LJ CR100-12\u003e at ata2-master SATA150\nad6: 476940MB \u003cSAMSUNG HD501LJ CR100-12\u003e at ata3-master SATA150\nTrying to mount root from ufs:/dev/ad4s1a\nbge0: link state changed to UP\n\nHow-To-Repeat: Install FreeBSD 6.3-RELEASE (or FreeBSD 6.2-RELEASE or FreeBSD 7.0-RC1)\non HP ProLiant DL145G3 with HDD SAMSUNG HD501LJ."
}