{
 "id": 350531,
 "bug_id": 103603,
 "attachment_id": 0,
 "creation_time": "2008-02-04T19:02:43Z",
 "creator": "gavin@FreeBSD.org",
 "text": "State Changed\nFrom-To: feedback-\u003esuspended\n\nMark as suspended.  From private correspondence with submitter, \nhe is unable to test again, as the machine is now in production. \nHe is, however, confident that the floppy drive itself is fully \nfunctional in the machine, and that the floppy disks were also OK. \n\ndmesg follows: \n\nCopyright (c) 1992-2006 The FreeBSD Project. \nCopyright (c) 1979, 1980, 1983, 1986, 1988, 1989, 1991, 1992, 1993, 1994 \nThe Regents of the University of California. All rights reserved. \nFreeBSD 6.1-RELEASE #0: Sun May  7 04:42:56 UTC 2006 \nroot@opus.cse.buffalo.edu:/usr/obj/usr/src/sys/SMP \nTimecounter \"i8254\" frequency 1193182 Hz quality 0 \nCPU: Intel(R) Xeon(TM) CPU 3.20GHz (3200.13-MHz 686-class CPU) \nOrigin = \"GenuineIntel\"  Id = 0xf4a  Stepping = 10 \nFeatures=0xbfebfbff\u003cFPU,VME,DE,PSE,TSC,MSR,PAE,MCE,CX8,APIC,SEP,MTRR,PGE,MCA,CMOV,PAT,PSE36,CLFLUSH,DTS,ACPI,MMX,FXSR,SSE,SSE2,SS,HTT,TM,PBE\u003e \nFeatures2=0x641d\u003cSSE3,RSVD2,MON,DS_CPL,CNTX-ID,CX16,\u003cb14\u003e\u003e \nAMD Features=0x20100000\u003cNX,LM\u003e \nAMD Features2=0x1\u003cLAHF\u003e \nLogical CPUs per core: 2 \nreal memory  = 3489071104 (3327 MB) \navail memory = 3414409216 (3256 MB) \nACPI APIC Table: \u003cPTLTD          APIC  \u003e \nFreeBSD/SMP: Multiprocessor System Detected: 4 CPUs \ncpu0 (BSP): APIC ID:  0 \ncpu1 (AP): APIC ID:  1 \ncpu2 (AP): APIC ID:  6 \ncpu3 (AP): APIC ID:  7 \nioapic0 \u003cVersion 2.0\u003e irqs 0-23 on motherboard \nioapic1 \u003cVersion 2.0\u003e irqs 24-47 on motherboard \nioapic2 \u003cVersion 2.0\u003e irqs 48-71 on motherboard \nkbd1 at kbdmux0 \nacpi0: \u003cPTLTD   RSDT\u003e on motherboard \nacpi0: Power Button (fixed) \nTimecounter \"ACPI-fast\" frequency 3579545 Hz quality 1000 \nacpi_timer0: \u003c24-bit timer at 3.579545MHz\u003e port 0x1008-0x100b on acpi0 \ncpu0: \u003cACPI CPU\u003e on acpi0 \ncpu1: \u003cACPI CPU\u003e on acpi0 \ncpu2: \u003cACPI CPU\u003e on acpi0 \ncpu3: \u003cACPI CPU\u003e on acpi0 \npcib0: \u003cACPI Host-PCI bridge\u003e port 0xcf8-0xcff on acpi0 \npci0: \u003cACPI PCI bus\u003e on pcib0 \npci0: \u003cunknown\u003e at device 0.1 (no driver attached) \npci0: \u003cbase peripheral\u003e at device 1.0 (no driver attached) \npcib1: \u003cACPI PCI-PCI bridge\u003e irq 16 at device 2.0 on pci0 \npci1: \u003cACPI PCI bus\u003e on pcib1 \npcib2: \u003cACPI PCI-PCI bridge\u003e irq 16 at device 3.0 on pci0 \npci2: \u003cACPI PCI bus\u003e on pcib2 \npcib3: \u003cACPI PCI-PCI bridge\u003e at device 0.0 on pci2 \npci3: \u003cACPI PCI bus\u003e on pcib3 \nahd0: \u003cAdaptec AIC7902 Ultra320 SCSI adapter\u003e port 0x2400-0x24ff,0x2000-0x20ff mem 0xdd200000-0xdd201fff irq 32 at device 2.0 on pci3 \nahd0: [GIANT-LOCKED] \naic7902: Ultra320 Wide Channel A, SCSI Id=7, PCI-X 67-100Mhz, 512 SCBs \nahd1: \u003cAdaptec AIC7902 Ultra320 SCSI adapter\u003e port 0x2c00-0x2cff,0x2800-0x28ff mem 0xdd202000-0xdd203fff irq 33 at device 2.1 on pci3 \nahd1: [GIANT-LOCKED] \naic7902: Ultra320 Wide Channel B, SCSI Id=7, PCI-X 67-100Mhz, 512 SCBs \npci2: \u003cbase peripheral, interrupt controller\u003e at device 0.1 (no driver attached) \npcib4: \u003cACPI PCI-PCI bridge\u003e at device 0.2 on pci2 \npci4: \u003cACPI PCI bus\u003e on pcib4 \nahc0: \u003cAdaptec 3960D Ultra160 SCSI adapter\u003e port 0x3000-0x30ff mem 0xdd300000-0xdd300fff irq 48 at device 1.0 on pci4 \nahc0: [GIANT-LOCKED] \naic7899: Ultra160 Wide Channel A, SCSI Id=7, 32/253 SCBs \nahc1: \u003cAdaptec 3960D Ultra160 SCSI adapter\u003e port 0x3400-0x34ff mem 0xdd301000-0xdd301fff irq 49 at device 1.1 on pci4 \nahc1: [GIANT-LOCKED] \naic7899: Ultra160 Wide Channel B, SCSI Id=7, 32/253 SCBs \nem0: \u003cIntel(R) PRO/1000 Network Connection Version - 3.2.18\u003e port 0x3800-0x383f mem 0xdd320000-0xdd33ffff irq 54 at device 2.0 on pci4 \nem0: Ethernet address: 00:30:48:68:84:32 \nem1: \u003cIntel(R) PRO/1000 Network Connection Version - 3.2.18\u003e port 0x3840-0x387f mem 0xdd340000-0xdd35ffff irq 55 at device 2.1 on pci4 \nem1: Ethernet address: 00:30:48:68:84:33 \npci2: \u003cbase peripheral, interrupt controller\u003e at device 0.3 (no driver attached) \npcib5: \u003cACPI PCI-PCI bridge\u003e irq 16 at device 4.0 on pci0 \npci5: \u003cACPI PCI bus\u003e on pcib5 \npcib6: \u003cACPI PCI-PCI bridge\u003e irq 16 at device 6.0 on pci0 \npci6: \u003cACPI PCI bus\u003e on pcib6 \nuhci0: \u003cIntel 82801EB (ICH5) USB controller USB-A\u003e port 0x1400-0x141f irq 16 at device 29.0 on pci0 \nuhci0: [GIANT-LOCKED] \nusb0: \u003cIntel 82801EB (ICH5) USB controller USB-A\u003e on uhci0 \nusb0: USB revision 1.0 \nuhub0: Intel UHCI root hub, class 9/0, rev 1.00/1.00, addr 1 \nuhub0: 2 ports with 2 removable, self powered \nuhci1: \u003cIntel 82801EB (ICH5) USB controller USB-B\u003e port 0x1420-0x143f irq 19 at device 29.1 on pci0 \nuhci1: [GIANT-LOCKED] \nusb1: \u003cIntel 82801EB (ICH5) USB controller USB-B\u003e on uhci1 \nusb1: USB revision 1.0 \nuhub1: Intel UHCI root hub, class 9/0, rev 1.00/1.00, addr 1 \nuhub1: 2 ports with 2 removable, self powered \nuhci2: \u003cIntel 82801EB (ICH5) USB controller USB-C\u003e port 0x1440-0x145f irq 18 at device 29.2 on pci0 \nuhci2: [GIANT-LOCKED] \nusb2: \u003cIntel 82801EB (ICH5) USB controller USB-C\u003e on uhci2 \nusb2: USB revision 1.0 \nuhub2: Intel UHCI root hub, class 9/0, rev 1.00/1.00, addr 1 \nuhub2: 2 ports with 2 removable, self powered \nuhci3: \u003cIntel 82801EB (ICH5) USB controller USB-D\u003e port 0x1460-0x147f irq 16 at device 29.3 on pci0 \nuhci3: [GIANT-LOCKED] \nusb3: \u003cIntel 82801EB (ICH5) USB controller USB-D\u003e on uhci3 \nusb3: USB revision 1.0 \nuhub3: Intel UHCI root hub, class 9/0, rev 1.00/1.00, addr 1 \nuhub3: 2 ports with 2 removable, self powered \nehci0: \u003cIntel 82801EB/R (ICH5) USB 2.0 controller\u003e mem 0xdd001000-0xdd0013ff irq 23 at device 29.7 on pci0 \nehci0: [GIANT-LOCKED] \nusb4: EHCI version 1.0 \nusb4: companion controllers, 2 ports each: usb0 usb1 usb2 usb3 \nusb4: \u003cIntel 82801EB/R (ICH5) USB 2.0 controller\u003e on ehci0 \nusb4: USB revision 2.0 \nuhub4: Intel EHCI root hub, class 9/0, rev 2.00/1.00, addr 1 \nuhub4: 8 ports with 8 removable, self powered \npcib7: \u003cACPI PCI-PCI bridge\u003e at device 30.0 on pci0 \npci7: \u003cACPI PCI bus\u003e on pcib7 \npci7: \u003cdisplay, VGA\u003e at device 1.0 (no driver attached) \nisab0: \u003cPCI-ISA bridge\u003e at device 31.0 on pci0 \nisa0: \u003cISA bus\u003e on isab0 \natapci0: \u003cIntel ICH5 UDMA100 controller\u003e port 0x1f0-0x1f7,0x3f6,0x170-0x177,0x376,0x14a0-0x14af at device 31.1 on pci0 \nata0: \u003cATA channel 0\u003e on atapci0 \nata1: \u003cATA channel 1\u003e on atapci0 \npci0: \u003cserial bus, SMBus\u003e at device 31.3 (no driver attached) \nacpi_button0: \u003cPower Button\u003e on acpi0 \nppc0: \u003cECP parallel printer port\u003e port 0x378-0x37f,0x778-0x77f irq 7 drq 1 on acpi0 \nppc0: Generic chipset (ECP/PS2/NIBBLE) in COMPATIBLE mode \nppc0: FIFO with 16/16/8 bytes threshold \nppbus0: \u003cParallel port bus\u003e on ppc0 \nplip0: \u003cPLIP network interface\u003e on ppbus0 \nlpt0: \u003cPrinter\u003e on ppbus0 \nlpt0: Interrupt-driven port \nppi0: \u003cParallel I/O\u003e on ppbus0 \natkbdc0: \u003cKeyboard controller (i8042)\u003e port 0x60,0x64 irq 1 on acpi0 \natkbd0: \u003cAT Keyboard\u003e irq 1 on atkbdc0 \nkbd0 at atkbd0 \natkbd0: [GIANT-LOCKED] \nsio0: \u003c16550A-compatible COM port\u003e port 0x3f8-0x3ff irq 4 flags 0x10 on acpi0 \nsio0: type 16550A \nsio1: \u003c16550A-compatible COM port\u003e port 0x2f8-0x2ff irq 3 on acpi0 \nsio1: type 16550A \nfdc0: \u003cfloppy drive controller\u003e port 0x3f0-0x3f5,0x3f7 irq 6 drq 2 on acpi0 \nfdc0: [FAST] \nfd0: \u003c1440-KB 3.5\" drive\u003e on fdc0 drive 0 \npmtimer0 on isa0 \norm0: \u003cISA Option ROMs\u003e at iomem 0xc0000-0xc7fff,0xc8000-0xc8fff on isa0 \nsc0: \u003cSystem console\u003e at flags 0x100 on isa0 \nsc0: VGA \u003c16 virtual consoles, flags=0x300\u003e \nvga0: \u003cGeneric ISA VGA\u003e at port 0x3c0-0x3df iomem 0xa0000-0xbffff on isa0 \nTimecounters tick every 1.000 msec \nacd0: DVDROM \u003cSAMSUNG DVD-ROM SD-616E/F501\u003e at ata0-master UDMA33 \nWaiting 5 seconds for SCSI devices to settle \nda1 at ahc1 bus 0 target 0 lun 0 \nda1: \u003cSEAGATE ST373207LW 0003\u003e Fixed Direct Access SCSI-3 device  \nda1: 160.000MB/s transfers (80.000MHz, offset 63, 16bit), Tagged Queueing Enabled \nda1: 70007MB (143374744 512 byte sectors: 255H 63S/T 8924C) \nda3 at ahc1 bus 0 target 2 lun 0 \nda3: \u003cSEAGATE ST373207LW 0003\u003e Fixed Direct Access SCSI-3 device  \nda3: 160.000MB/s transfers (80.000MHz, offset 63, 16bit), Tagged Queueing Enabled \nda3: 70007MB (143374744 512 byte sectors: 255H 63S/T 8924C) \nda5 at ahc1 bus 0 target 4 lun 0 \nda5: \u003cSEAGATE ST373207LW 0003\u003e Fixed Direct Access SCSI-3 device  \nda5: 160.000MB/s transfers (80.000MHz, offset 63, 16bit), Tagged Queueing Enabled \nda5: 70007MB (143374744 512 byte sectors: 255H 63S/T 8924C) \nda0 at ahc0 bus 0 target 0 lun 0 \nda0: \u003cSEAGATE ST373207LW 0003\u003e Fixed Direct Access SCSI-3 device  \nda0: 160.000MB/s transfers (80.000MHz, offset 63, 16bit), Tagged Queueing Enabled \nda0: 70007MB (143374744 512 byte sectors: 255H 63S/T 8924C) \nda2 at ahc0 bus 0 target 2 lun 0 \nda2: \u003cSEAGATE ST373207LW 0005\u003e Fixed Direct Access SCSI-3 device  \nda2: 160.000MB/s transfers (80.000MHz, offset 63, 16bit), Tagged Queueing Enabled \nda2: 70007MB (143374744 512 byte sectors: 255H 63S/T 8924C) \nda4 at ahc0 bus 0 target 4 lun 0 \nda4: \u003cSEAGATE ST373207LW 0005\u003e Fixed Direct Access SCSI-3 device  \nda4: 160.000MB/s transfers (80.000MHz, offset 63, 16bit), Tagged Queueing Enabled \nda4: 70007MB (143374744 512 byte sectors: 255H 63S/T 8924C) \nda6 at ahc0 bus 0 target 6 lun 0 \nda6: \u003cFUJITSU MAP3367NP 0108\u003e Fixed Direct Access SCSI-3 device  \nda6: 160.000MB/s transfers (80.000MHz, offset 127, 16bit), Tagged Queueing Enabled \nda6: 35046MB (71775284 512 byte sectors: 255H 63S/T 4467C) \nda7 at ahc1 bus 0 target 6 lun 0 \nda7: \u003cFUJITSU MAP3367NP 0108\u003e Fixed Direct Access SCSI-3 device  \nda7: 160.000MB/s transfers (80.000MHz, offset 127, 16bit), Tagged Queueing Enabled \nda7: 35046MB (71775284 512 byte sectors: 255H 63S/T 4467C) \nSMP: AP CPU #3 Launched! \nSMP: AP CPU #1 Launched! \nSMP: AP CPU #2 Launched! \n.... snip..... \n\n\n"
}