{
 "id": 516253,
 "bug_id": 138117,
 "attachment_id": 0,
 "creation_time": "2009-08-24T00:50:01Z",
 "creator": "root@mediamonks.net",
 "text": "When rebooting the kernel panics with 'spin lock held too long' (full\ntext below).\n\nThis happens every reboot, not incidentally as I've seen it reported by\nothers.\n\nI tried the following:\n\n-Removed PAE (revert to GENERIC), this decreased the panics from every\n reboot to about 50% of reboots.\n-Changed SCHED_ULE to SCHED_4BSD, did not change anything.\n-Added KDB_UNATTENDED, but the server hangs on the panic.\n\nAlso the server hangs on boot, after the 10s countdown it hangs for\nabout 2-3 minutes before either booting normally or (1 out of 10 boots)\nhangs forever (apparently, I've let it sit for hours).\n\nI did notice that when the server is in the hung state on booting, I can\nsometimes make it continue to boot by pressing and holding return on the\n(usb) keyboard. I've tried other keys, but only the return key sometimes\nworks. It's not a coincidence, I can let it sit 10m or an hour and when\nthen holding return it will continue to boot within 3-5 seconds.\n\nAside from booting the server is rock-solid, I had it running overnight\nwith a concurrent 'make -j 20 buildkernel \u0026\u0026 make -j 20 buildworld',\n'portupgrade -afr' and '/usr/libexec/locate.updatedb' in a continous\nloop while running apachebench with 1500 connections on it from another\nmachine on the LAN.\n\nAside from an ACPI warning at boot (see below for dmesg) there are no\nerrors whatsoever and also no dumps or possibility to get into the debugger.\n\nWhen ACPI is disabled the server never boots, it hangs at the same point\nafter the 10s countdown but never hangs and does not respond to return.\n\nI'd be happy to get more info, but with no debugger or dump I don't know\nwhere to start :) Please advise.\n\nPanic:\n\n---\nRebooting...\ncpu_reset: Stopping other CPUs\nspin lock 0xc05a8c00 (sched lock 0) held by 0xd3087000 (tid 100011) too long\npanic: spin lock held too long\ncpuid = 0\n---\n(with about half the panics the 5 lines text above the panic message are\n garbled with what looks like random ASCII printable data)\n\ndmesg:\n(Server is an IBM xseries 445 with 4x 3Ghz Xeon and 12Gb memory.\n\n---\nCopyright (c) 1992-2009 The FreeBSD Project.\nCopyright (c) 1979, 1980, 1983, 1986, 1988, 1989, 1991, 1992, 1993, 1994\n        The Regents of the University of California. All rights reserved.\nFreeBSD is a registered trademark of The FreeBSD Foundation.\nFreeBSD 7.2-STABLE #15: Mon Aug 24 01:00:54 CEST 2009\n    terrence@persephone:/usr/obj/usr/src/sys/PERSEPHONE-SMP-PAE\nTimecounter \"i8254\" frequency 1193182 Hz quality 0\nCPU: Intel(R) Xeon(TM) CPU 3.00GHz (2993.89-MHz 686-class CPU)\n  Origin = \"GenuineIntel\"  Id = 0xf29  Stepping = 9\n  Features=0xbfebfbff\u003cFPU,VME,DE,PSE,TSC,MSR,PAE,MCE,CX8,APIC,SEP,MTRR,PGE,MCA,CMOV,PAT,PSE36,CLFLUSH,DTS,ACPI,MMX,FXSR,SSE,SSE2,SS,HTT,TM,PBE\u003e\n  Features2=0x4400\u003cCNXT-ID,xTPR\u003e\n  Logical CPUs per core: 2\nreal memory  = 13421772800 (12800 MB)\navail memory = 12619841536 (12035 MB)\nACPI APIC Table: \u003cIBM    SERVIGIL\u003e\nFreeBSD/SMP: Multiprocessor System Detected: 8 CPUs\n cpu0 (BSP): APIC ID:  0\n cpu1 (AP/HT): APIC ID:  1\n cpu2 (AP): APIC ID: 18\n cpu3 (AP/HT): APIC ID: 19\n cpu4 (AP): APIC ID: 32\n cpu5 (AP/HT): APIC ID: 33\n cpu6 (AP): APIC ID: 50\n cpu7 (AP/HT): APIC ID: 51\nACPI Warning (tbfadt-0505): Optional field \"Gpe1Block\" has zero address or length:        0       0/4 [20070320]\nMADT: Forcing active-low polarity and level trigger for SCI\nioapic1 \u003cVersion 1.1\u003e irqs 44-87 on motherboard\nioapic0 \u003cVersion 1.1\u003e irqs 0-43 on motherboard\nkbd1 at kbdmux0\nacpi0: \u003cIBM SERVIGIL\u003e on motherboard\nacpi0: [ITHREAD]\nacpi0: Power Button (fixed)\nacpi0: reservation of 400, 100 (3) failed\nTimecounter \"ACPI-fast\" frequency 3579545 Hz quality 1000\nacpi_timer0: \u003c32-bit timer at 3.579545MHz\u003e port 0x508-0x50b on acpi0\npcib0: \u003cACPI Host-PCI bridge\u003e on acpi0\npci0: \u003cACPI PCI bus\u003e on pcib0\nvgapci0: \u003cVGA-compatible display\u003e port 0x1800-0x18ff mem 0xe0000000-0xe7ffffff,0xf0a20000-0xf0a2ffff irq 16 at device 4.0 on pci0\nisab0: \u003cPCI-ISA bridge\u003e at device 5.0 on pci0\nisa0: \u003cISA bus\u003e on isab0\natapci0: \u003cVIA 82C686B UDMA100 controller\u003e port 0x1f0-0x1f7,0x3f6,0x170-0x177,0x376,0x700-0x70f at device 5.1 on pci0\nata0: \u003cATA channel 0\u003e on atapci0\nata0: [ITHREAD]\nata1: \u003cATA channel 1\u003e on atapci0\nata1: [ITHREAD]\nuhci0: \u003cVIA 83C572 USB controller\u003e port 0x1900-0x191f irq 18 at device 5.2 on pci0\nuhci0: [GIANT-LOCKED]\nuhci0: [ITHREAD]\nusb0: \u003cVIA 83C572 USB controller\u003e on uhci0\nusb0: USB revision 1.0\nuhub0: \u003cVIA UHCI root hub, class 9/0, rev 1.00/1.00, addr 1\u003e on usb0\nuhub0: 2 ports with 2 removable, self powered\nuhci1: \u003cVIA 83C572 USB controller\u003e port 0x1920-0x193f irq 18 at device 5.3 on pci0\nuhci1: [GIANT-LOCKED]\nuhci1: [ITHREAD]\nusb1: \u003cVIA 83C572 USB controller\u003e on uhci1\nusb1: USB revision 1.0\nuhub1: \u003cVIA UHCI root hub, class 9/0, rev 1.00/1.00, addr 1\u003e on usb1\nuhub1: 2 ports with 2 removable, self powered\npci0: \u003cserial bus, SMBus\u003e at device 5.4 (no driver attached)\npcib1: \u003cACPI Host-PCI bridge\u003e on acpi0\npci1: \u003cACPI PCI bus\u003e on pcib1\nbge0: \u003cBroadcom NetXtreme Gigabit Ethernet Controller, ASIC rev. 0x2002\u003e mem 0xf0b00000-0xf0b0ffff,0xf0b10000-0xf0b1ffff irq 42 at device 4.0 on pci1\nmiibus0: \u003cMII bus\u003e on bge0\nbrgphy0: \u003cBCM5704 10/100/1000baseTX PHY\u003e PHY 1 on miibus0\nbrgphy0:  10baseT, 10baseT-FDX, 100baseTX, 100baseTX-FDX, 1000baseT, 1000baseT-FDX, auto\nbge0: Ethernet address: 00:09:6b:e6:39:7f\nbge0: [ITHREAD]\nbge1: \u003cBroadcom NetXtreme Gigabit Ethernet Controller, ASIC rev. 0x2002\u003e mem 0xf0b20000-0xf0b2ffff,0xf0b30000-0xf0b3ffff irq 11 at device 4.1 on pci1\nmiibus1: \u003cMII bus\u003e on bge1\nbrgphy1: \u003cBCM5704 10/100/1000baseTX PHY\u003e PHY 1 on miibus1\nbrgphy1:  10baseT, 10baseT-FDX, 100baseTX, 100baseTX-FDX, 1000baseT, 1000baseT-FDX, auto\nbge1: Ethernet address: 00:09:6b:16:39:7f\nbge1: [ITHREAD]\npcib2: \u003cACPI Host-PCI bridge\u003e on acpi0\npci2: \u003cACPI PCI bus\u003e on pcib2\npcib3: \u003cACPI Host-PCI bridge\u003e on acpi0\npci5: \u003cACPI PCI bus\u003e on pcib3\npcib4: \u003cACPI Host-PCI bridge\u003e on acpi0\npci7: \u003cACPI PCI bus\u003e on pcib4\nips0: \u003cIBM ServeRAID Adapter\u003e mem 0xf9c00000-0xf9c01fff irq 60 at device 3.0 on pci7\nips0: [ITHREAD]\npcib5: \u003cACPI Host-PCI bridge\u003e on acpi0\npci9: \u003cACPI PCI bus\u003e on pcib5\nfdc0: \u003cfloppy drive controller\u003e port 0x3f0-0x3f5 irq 6 drq 2 on acpi0\nfdc0: [FILTER]\nfd0: \u003c1440-KB 3.5\" drive\u003e on fdc0 drive 0\ncpu0: \u003cACPI CPU\u003e on acpi0\np4tcc0: \u003cCPU Frequency Thermal Control\u003e on cpu0\ncpu1: \u003cACPI CPU\u003e on acpi0\np4tcc1: \u003cCPU Frequency Thermal Control\u003e on cpu1\ncpu2: \u003cACPI CPU\u003e on acpi0\np4tcc2: \u003cCPU Frequency Thermal Control\u003e on cpu2\ncpu3: \u003cACPI CPU\u003e on acpi0\np4tcc3: \u003cCPU Frequency Thermal Control\u003e on cpu3\ncpu4: \u003cACPI CPU\u003e on acpi0\np4tcc4: \u003cCPU Frequency Thermal Control\u003e on cpu4\ncpu5: \u003cACPI CPU\u003e on acpi0\np4tcc5: \u003cCPU Frequency Thermal Control\u003e on cpu5\ncpu6: \u003cACPI CPU\u003e on acpi0\np4tcc6: \u003cCPU Frequency Thermal Control\u003e on cpu6\ncpu7: \u003cACPI CPU\u003e on acpi0\np4tcc7: \u003cCPU Frequency Thermal Control\u003e on cpu7\npmtimer0 on isa0\norm0: \u003cISA Option ROMs\u003e at iomem 0xc0000-0xcafff,0xcb000-0xce7ff pnpid ORM0000 on isa0\natkbdc0: \u003cKeyboard controller (i8042)\u003e at port 0x60,0x64 on isa0\natkbd0: \u003cAT Keyboard\u003e irq 1 on atkbdc0\nkbd0 at atkbd0\natkbd0: [GIANT-LOCKED]\natkbd0: [ITHREAD]\nsc0: \u003cSystem console\u003e at flags 0x100 on isa0\nsc0: VGA \u003c16 virtual consoles, flags=0x300\u003e\nvga0: \u003cGeneric ISA VGA\u003e at port 0x3c0-0x3df iomem 0xa0000-0xbffff on isa0\nukbd0: \u003cMicrosoft Natural\\M-. Ergonomic Keyboard 4000, class 0/0, rev 2.00/1.73, addr 2\u003e on uhub1\nkbd2 at ukbd0\nTimecounters tick every 1.000 msec\nipfw2 (+ipv6) initialized, divert loadable, nat loadable, rule-based forwarding disabled, default to accept, logging limited to 2000 packets/entry by default\nacd0: DVDROM \u003cMATSHITADVD-ROM SR-8177/NB21\u003e at ata0-master UDMA33\nips0: adapter type: ServeRAID 4Lx (neo lite)\nips0: logical drives: 1\nips0: Logical Drive 0: RAID1 sectors: 286748672, state OK\nipsd0: \u003cLogical Drive\u003e on ips0\nipsd0: Logical Drive  (140014MB)\nSMP: AP CPU #7 Launched!\nSMP: AP CPU #6 Launched!\nSMP: AP CPU #5 Launched!\nSMP: AP CPU #4 Launched!\nSMP: AP CPU #1 Launched!\nSMP: AP CPU #3 Launched!\nSMP: AP CPU #2 Launched!\nTrying to mount root from ufs:/dev/ipsd0s1a\nbge0: link state changed to UP\n---\n\nHow-To-Repeat: reboot"
}