{
 "id": 1175695,
 "bug_id": 258051,
 "attachment_id": 227439,
 "creation_time": "2021-08-26T06:27:42Z",
 "creator": "f.vdveer@chello.nl",
 "text": "Created attachment 227439\naudio/calf-lv2 dumps core during poudriere build\n\nDuring a poudriere build  include audio/pulseeffects the ackage audio/calf-lvl2 is included. The build of this package results in a core dump when a program called calfmakerdf is invoked.\n\nWe are talking about cals-lv2-0.90.3_3 here.\n\nThe poudriere build log file is included\n\nHere are some excerpts from /var/log/messages:\n\nAug 26 07:37:08 arwen syslogd: kernel boot file is /boot/kernel/kernel\nAug 26 07:37:08 arwen kernel: ---\u003c\u003cBOOT\u003e\u003e---\nAug 26 07:37:08 arwen kernel: Copyright (c) 1992-2020 The FreeBSD Project.\nAug 26 07:37:08 arwen kernel: Copyright (c) 1979, 1980, 1983, 1986, 1988, 1989, 1991, 1992, 1993, 1994\nAug 26 07:37:08 arwen kernel: \tThe Regents of the University of California. All rights reserved.\nAug 26 07:37:08 arwen kernel: FreeBSD is a registered trademark of The FreeBSD Foundation.\nAug 26 07:37:08 arwen kernel: FreeBSD 12.2-RELEASE-p7 GENERIC amd64\nAug 26 07:37:08 arwen kernel: FreeBSD clang version 10.0.1 (git@github.com:llvm/llvm-project.git llvmorg-10.0.1-0-gef32c611aa2)\nAug 26 07:37:08 arwen kernel: VT(vga): resolution 640x480\nAug 26 07:37:08 arwen kernel: CPU: Intel(R) Xeon(R) CPU           X5650  @ 2.67GHz (2660.05-MHz K8-class CPU)\nAug 26 07:37:08 arwen kernel:   Origin=\"GenuineIntel\"  Id=0x206c2  Family=0x6  Model=0x2c  Stepping=2\nAug 26 07:37:08 arwen kernel:   Features=0xbfebfbff\u003cFPU,VME,DE,PSE,TSC,MSR,PAE,MCE,CX8,APIC,SEP,MTRR,PGE,MCA,CMOV,PAT,PSE36,CLFLUSH,DTS,ACPI,MMX,FXSR,SSE,SSE2,SS,HTT,TM,PBE\u003e\nAug 26 07:37:08 arwen kernel:   Features2=0x29ee3ff\u003cSSE3,PCLMULQDQ,DTES64,MON,DS_CPL,VMX,SMX,EST,TM2,SSSE3,CX16,xTPR,PDCM,PCID,DCA,SSE4.1,SSE4.2,POPCNT,AESNI\u003e\nAug 26 07:37:08 arwen kernel:   AMD Features=0x2c100800\u003cSYSCALL,NX,Page1GB,RDTSCP,LM\u003e\nAug 26 07:37:08 arwen kernel:   AMD Features2=0x1\u003cLAHF\u003e\nAug 26 07:37:08 arwen kernel:   VT-x: PAT,HLT,MTF,PAUSE,EPT,UG,VPID\nAug 26 07:37:08 arwen kernel:   TSC: P-state invariant, performance statistics\nAug 26 07:37:08 arwen kernel: real memory  = 94491377664 (90114 MB)\nAug 26 07:37:08 arwen kernel: avail memory = 91946979328 (87687 MB)\nAug 26 07:37:08 arwen kernel: Event timer \"LAPIC\" quality 600\nAug 26 07:37:08 arwen kernel: ACPI APIC Table: \u003cHPQOEM TYLSBURG\u003e\nAug 26 07:37:08 arwen kernel: FreeBSD/SMP: Multiprocessor System Detected: 24 CPUs\nAug 26 07:37:08 arwen kernel: FreeBSD/SMP: 2 package(s) x 6 core(s) x 2 hardware threads\nAug 26 07:37:08 arwen kernel: random: unblocking device.\n\n********snip************\n\nAug 26 07:59:51 arwen kernel: pid 87587 (calfmakerdf), jid 5, uid 0: exited on signal 11 (core dumped)\nAug 26 08:07:45 \n\n*********snip*********"
}