{
 "id": 715161,
 "bug_id": 178670,
 "attachment_id": 0,
 "creation_time": "2013-07-11T08:37:26Z",
 "creator": "as@cmplx.uk",
 "text": "This PR is likely linked with kern/178671:\nhttp://www.freebsd.org/cgi/query-pr.cgi?pr=kern/178671\n\nvgapci0@pci0:1:5:0:     class=0x030000 card=0x30c2103c chip=0x791f1002 rev=0x00 hdr=0x00\n    vendor     = 'Advanced Micro Devices [AMD] nee ATI'\n    device     = 'RS690M [Radeon X1200 Series]'\n    class      = display\n    subclass   = VGA\n\ndriver:\nxf86-video-ati-6.14.6          x11-drivers/xf86-video-ati\n\nI attach the full pciconf -lv and dmesg below.\n\nCopyright (c) 1992-2013 The FreeBSD Project.\nCopyright (c) 1979, 1980, 1983, 1986, 1988, 1989, 1991, 1992, 1993, 1994\n\tThe Regents of the University of California. All rights reserved.\nFreeBSD is a registered trademark of The FreeBSD Foundation.\nFreeBSD 10.0-CURRENT #38 r251758: Tue Jun 18 21:14:59 BST 2013\n    root@buzi:/usr/obj/usr/src/sys/BUZI amd64\nFreeBSD clang version 3.3 (tags/RELEASE_33/final 183502) 20130610\nWARNING: WITNESS option enabled, expect reduced performance.\nCPU: AMD Turion(tm) 64 X2 Mobile Technology TL-60 (1994.97-MHz K8-class CPU)\n  Origin = \"AuthenticAMD\"  Id = 0x60f82  Family = 0xf  Model = 0x68  Stepping = 2\n  Features=0x178bfbff\u003cFPU,VME,DE,PSE,TSC,MSR,PAE,MCE,CX8,APIC,SEP,MTRR,PGE,MCA,CMOV,PAT,PSE36,CLFLUSH,MMX,FXSR,SSE,SSE2,HTT\u003e\n  Features2=0x2001\u003cSSE3,CX16\u003e\n  AMD Features=0xea500800\u003cSYSCALL,NX,MMX+,FFXSR,RDTSCP,LM,3DNow!+,3DNow!\u003e\n  AMD Features2=0x11f\u003cLAHF,CMP,SVM,ExtAPIC,CR8,Prefetch\u003e\nreal memory  = 3221225472 (3072 MB)\navail memory = 2861699072 (2729 MB)\nEvent timer \"LAPIC\" quality 400\nACPI APIC Table: \u003cHP     0944    \u003e\nFreeBSD/SMP: Multiprocessor System Detected: 2 CPUs\nFreeBSD/SMP: 1 package(s) x 2 core(s)\n cpu0 (BSP): APIC ID:  0\n cpu1 (AP): APIC ID:  1\nACPI BIOS Error (bug): 32/64X address mismatch in FADT/Pm2ControlBlock: 0x00008800/0x0000000000008100, using 32 (20130517/tbfadt-489)\nioapic0: Changing APIC ID to 2\nioapic0 \u003cVersion 2.1\u003e irqs 0-23 on motherboard\nkbd1 at kbdmux0\nacpi0: \u003cHPQOEM SLIC-MPC\u003e on motherboard\nacpi0: Power Button (fixed)\nunknown: I/O range not supported\nacpi0: reservation of 0, 8000000 (3) failed\nacpi0: reservation of 100000, fff00000 (3) failed\ncpu0: \u003cACPI CPU\u003e on acpi0\ncpu1: \u003cACPI CPU\u003e on acpi0\nattimer0: \u003cAT timer\u003e port 0x40-0x43 irq 0 on acpi0\nTimecounter \"i8254\" frequency 1193182 Hz quality 0\nEvent timer \"i8254\" frequency 1193182 Hz quality 100\natrtc0: \u003cAT realtime clock\u003e port 0x70-0x71,0x72-0x73 irq 8 on acpi0\nEvent timer \"RTC\" frequency 32768 Hz quality 0\nTimecounter \"ACPI-fast\" frequency 3579545 Hz quality 900\nacpi_timer0: \u003c32-bit timer at 3.579545MHz\u003e port 0x8008-0x800b on acpi0\nacpi_ec0: \u003cEmbedded Controller: GPE 0x11\u003e port 0x62,0x66 on acpi0\npcib0: \u003cACPI Host-PCI bridge\u003e port 0xcf8-0xcff on acpi0\npcib0: Length mismatch for 3 range: 11ff000 vs 11fefff\npci0: \u003cACPI PCI bus\u003e on pcib0\npcib1: \u003cACPI PCI-PCI bridge\u003e at device 1.0 on pci0\npcib1: failed to allocate initial prefetch window: 0xc0000000-0xc7ffffff\npci1: \u003cACPI PCI bus\u003e on pcib1\nvgapci0: \u003cVGA-compatible display\u003e port 0x4000-0x40ff mem 0xc0100000-0xc80fffff,0xd0200000-0xd020ffff,0xd0300000-0xd03fffff irq 19 at device 5.0 on pci1\npcib2: \u003cACPI PCI-PCI bridge\u003e at device 4.0 on pci0\npci16: \u003cACPI PCI bus\u003e on pcib2\nbge0: \u003cBroadcom BCM5906 A2, ASIC rev. 0x00c002\u003e mem 0xd0000000-0xd000ffff irq 16 at device 0.0 on pci16\nbge0: CHIP ID 0x0000c002; ASIC REV 0x0c; CHIP REV 0xc0; PCI-E\nmiibus0: \u003cMII bus\u003e on bge0\nbrgphy0: \u003cBCM5906 10/100baseTX media interface\u003e PHY 1 on miibus0\nbrgphy0:  10baseT, 10baseT-FDX, 100baseTX, 100baseTX-FDX, auto, auto-flow\nbge0: Ethernet address: 00:1a:4b:89:4b:4e\npcib3: \u003cACPI PCI-PCI bridge\u003e at device 5.0 on pci0\npci32: \u003cACPI PCI bus\u003e on pcib3\npcib4: \u003cACPI PCI-PCI bridge\u003e at device 6.0 on pci0\npcib4: failed to allocate initial memory window: 0xc8000000-0xc80fffff\npci48: \u003cACPI PCI bus\u003e on pcib4\nsiba_bwn0: \u003cBroadcom BCM4312 802.11a/b/g Wireless\u003e mem 0xc8100000-0xc8103fff irq 18 at device 0.0 on pci48\nsiba_bwn0: unsupported coreid (USB 1.1 Host)\nbwn0 on siba_bwn0\nbwn0: WLAN (chipid 0x4311 rev 13) PHY (analog 4 type 2 rev 9) RADIO (manuf 0x17f ver 0x2050 rev 2)\nbwn0: DMA (64 bits)\nbwn0: Using 1 MSI messages\nahci0: \u003cATI IXP600 AHCI SATA controller\u003e port 0x9000-0x9007,0x9008-0x900b,0x9010-0x9017,0x5018-0x501b,0x5020-0x502f mem 0xd0409000-0xd04093ff irq 16 at device 18.0 on pci0\nahci0: AHCI v1.10 with 4 3Gbps ports, Port Multiplier not supported\nahci0: quirks=0x1000\u003cNOMSI\u003e\nahcich0: \u003cAHCI channel\u003e at channel 0 on ahci0\nohci0: \u003cOHCI (generic) USB controller\u003e mem 0xd0401000-0xd0401fff irq 23 at device 19.0 on pci0\nusbus0 on ohci0\nohci1: \u003cOHCI (generic) USB controller\u003e mem 0xd0402000-0xd0402fff irq 17 at device 19.1 on pci0\nusbus1 on ohci1\nohci2: \u003cOHCI (generic) USB controller\u003e mem 0xd0403000-0xd0403fff irq 17 at device 19.2 on pci0\nusbus2 on ohci2\nohci3: \u003cOHCI (generic) USB controller\u003e mem 0xd0404000-0xd0404fff irq 17 at device 19.3 on pci0\nusbus3 on ohci3\nohci4: \u003cOHCI (generic) USB controller\u003e mem 0xd0405000-0xd0405fff irq 17 at device 19.4 on pci0\nusbus4 on ohci4\nehci0: \u003cEHCI (generic) USB 2.0 controller\u003e mem 0xd0406000-0xd04060ff irq 23 at device 19.5 on pci0\nehci0: AMD SB600/700 quirk applied\nusbus5: EHCI version 1.0\nusbus5 on ehci0\npci0: \u003cserial bus, SMBus\u003e at device 20.0 (no driver attached)\natapci0: \u003cATI IXP600 UDMA133 controller\u003e port 0x1f0-0x1f7,0x3f6,0x170-0x177,0x376,0x5040-0x504f irq 16 at device 20.1 on pci0\nata0: \u003cATA channel\u003e at channel 0 on atapci0\nhdac0: \u003cATI SB600 HDA Controller\u003e mem 0xc0000000-0xc0003fff irq 16 at device 20.2 on pci0\nisab0: \u003cPCI-ISA bridge\u003e at device 20.3 on pci0\nisa0: \u003cISA bus\u003e on isab0\npcib5: \u003cACPI PCI-PCI bridge\u003e at device 20.4 on pci0\npci2: \u003cACPI PCI bus\u003e on pcib5\ncbb0: \u003cRF5C476 PCI-CardBus Bridge\u003e mem 0xd0100000-0xd0100fff irq 20 at device 4.0 on pci2\ncardbus0: \u003cCardBus bus\u003e on cbb0\npccard0: \u003c16-bit PCCard bus\u003e on cbb0\nbattery0: \u003cACPI Control Method Battery\u003e on acpi0\nbattery1: \u003cACPI Control Method Battery\u003e on acpi0\nacpi_acad0: \u003cAC Adapter\u003e on acpi0\nacpi_button0: \u003cSleep Button\u003e on acpi0\nacpi_lid0: \u003cControl Method Lid Switch\u003e on acpi0\nacpi_tz0: \u003cThermal Zone\u003e on acpi0\natkbdc0: \u003cKeyboard controller (i8042)\u003e port 0x60,0x64 irq 1 on acpi0\natkbd0: \u003cAT Keyboard\u003e irq 1 on atkbdc0\nkbd0 at atkbd0\natkbd0: [GIANT-LOCKED]\npsm0: \u003cPS/2 Mouse\u003e irq 12 on atkbdc0\npsm0: [GIANT-LOCKED]\npsm0: model IntelliMouse, device ID 3\norm0: \u003cISA Option ROM\u003e at iomem 0xd0000-0xd0fff on isa0\nsc0: \u003cSystem console\u003e at flags 0x100 on isa0\nsc0: VGA \u003c16 virtual consoles, flags=0x300\u003e\nvga0: \u003cGeneric ISA VGA\u003e at port 0x3c0-0x3df iomem 0xa0000-0xbffff on isa0\nacpi_throttle0: \u003cACPI CPU Throttling\u003e on cpu0\npowernow0: \u003cPowerNow! K8\u003e on cpu0\nacpi_throttle1: \u003cACPI CPU Throttling\u003e on cpu1\nacpi_throttle1: failed to attach P_CNT\ndevice_attach: acpi_throttle1 attach returned 6\npowernow1: \u003cPowerNow! K8\u003e on cpu1\nTimecounters tick every 1.000 msec\nhdacc0: \u003cAnalog Devices AD1981HD HDA CODEC\u003e at cad 0 on hdac0\nhdaa0: \u003cAnalog Devices AD1981HD Audio Function Group\u003e at nid 1 on hdacc0\npcm0: \u003cAnalog Devices AD1981HD (Analog 2.0+HP/2.0)\u003e at nid 5,6 and 8,9 on hdaa0\nhdacc1: \u003cLucent/Agere Systems (0x1040) HDA CODEC\u003e at cad 1 on hdac0\nunknown: \u003cLucent/Agere Systems (0x1040) HDA CODEC Modem Function Group\u003e at nid 1 on hdacc1 (no driver attached)\nusbus0: 12Mbps Full Speed USB v1.0\nusbus1: 12Mbps Full Speed USB v1.0\nusbus2: 12Mbps Full Speed USB v1.0\nusbus3: 12Mbps Full Speed USB v1.0\nusbus4: 12Mbps Full Speed USB v1.0\nusbus5: 480Mbps High Speed USB v2.0\nugen1.1: \u003cATI\u003e at usbus1\nuhub0: \u003cATI OHCI root HUB, class 9/0, rev 1.00/1.00, addr 1\u003e on usbus1\nugen0.1: \u003cATI\u003e at usbus0\nuhub1: \u003cATI OHCI root HUB, class 9/0, rev 1.00/1.00, addr 1\u003e on usbus0\nugen5.1: \u003cATI\u003e at usbus5\nuhub2: \u003cATI EHCI root HUB, class 9/0, rev 2.00/1.00, addr 1\u003e on usbus5\nugen4.1: \u003cATI\u003e at usbus4\nuhub3: \u003cATI OHCI root HUB, class 9/0, rev 1.00/1.00, addr 1\u003e on usbus4\nugen3.1: \u003cATI\u003e at usbus3\nuhub4: \u003cATI OHCI root HUB, class 9/0, rev 1.00/1.00, addr 1\u003e on usbus3\nugen2.1: \u003cATI\u003e at usbus2\nuhub5: \u003cATI OHCI root HUB, class 9/0, rev 1.00/1.00, addr 1\u003e on usbus2\nada0 at ahcich0 bus 0 scbus0 target 0 lun 0\nada0: cd0 at ata0 bus 0 scbus1 target 0 lun 0\ncd0: \u003cMATSHITA DVD-RAM UJ-861H 1.50\u003e Removable CD-ROM SCSI-0 device \ncd0: 16.700MB/s transfers (WDMA2, ATAPI 12bytes, PIO 65534bytes)\ncd0: Attempt to query device size failed: NOT READY, Medium not present - tray closed\n\u003cST9160821AS 3.BHE\u003e ATA-7 SATA 1.x device\nada0: 150.000MB/s transfers (SATA 1.x, UDMA5, PIO 8192bytes)\nada0: 152627MB (312581808 512 byte sectors: 16H 63S/T 16383C)\nada0: Previously was known as ad4\nSMP: AP CPU #1 Launched!\nWARNING: WITNESS option enabled, expect reduced performance.\nuhub5: 2 ports with 2 removable, self powered\nuhub1: 2 ports with 2 removable, self powered\nuhub3: 2 ports with 2 removable, self powered\nuhub4: 2 ports with 2 removable, self powered\nuhub0: 2 ports with 2 removable, self powered\nRoot mount waiting for: usbus5\nRoot mount waiting for: usbus5\nRoot mount waiting for: usbus5\nRoot mount waiting for: usbus5\nRoot mount waiting for: usbus5\nuhub2: 10 ports with 10 removable, self powered\nTrying to mount root from ufs:/dev/ada0s1a [rw]...\nugen0.2: \u003cBroadcom Corp\u003e at usbus0\nwlan0: Ethernet address: 00:1a:73:e1:46:79\nbwn0: firmware version (rev 410 patch 2160 date 0x751a time 0x7c0a)\nbwn0: status of RF switch is changed to OFF\nbwn0: please turn on the RF switch\nbwn0: need multicast update callback\nbwn0: RX decryption attempted (old 0 keyidx 0x1)\nbwn0: need multicast update callback\nbwn0: need multicast update callback\nbwn0: RX decryption attempted (old 0 keyidx 0x1)\n\n\n\nhostb0@pci0:0:0:0:\tclass=0x060000 card=0x30c2103c chip=0x79101002 rev=0x00 hdr=0x00\n    vendor     = 'Advanced Micro Devices [AMD] nee ATI'\n    device     = 'RS690 Host Bridge'\n    class      = bridge\n    subclass   = HOST-PCI\npcib1@pci0:0:1:0:\tclass=0x060400 card=0x30c2103c chip=0x79121002 rev=0x00 hdr=0x01\n    vendor     = 'Advanced Micro Devices [AMD] nee ATI'\n    device     = 'RS690 PCI to PCI Bridge (Internal gfx)'\n    class      = bridge\n    subclass   = PCI-PCI\npcib2@pci0:0:4:0:\tclass=0x060400 card=0x30c2103c chip=0x79141002 rev=0x00 hdr=0x01\n    vendor     = 'Advanced Micro Devices [AMD] nee ATI'\n    class      = bridge\n    subclass   = PCI-PCI\npcib3@pci0:0:5:0:\tclass=0x060400 card=0x30c2103c chip=0x79151002 rev=0x00 hdr=0x01\n    vendor     = 'Advanced Micro Devices [AMD] nee ATI'\n    device     = 'RS690 PCI to PCI Bridge (PCI Express Port 1)'\n    class      = bridge\n    subclass   = PCI-PCI\npcib4@pci0:0:6:0:\tclass=0x060400 card=0x30c2103c chip=0x79161002 rev=0x00 hdr=0x01\n    vendor     = 'Advanced Micro Devices [AMD] nee ATI'\n    device     = 'RS690 PCI to PCI Bridge (PCI Express Port 2)'\n    class      = bridge\n    subclass   = PCI-PCI\nahci0@pci0:0:18:0:\tclass=0x01018f card=0x43801002 chip=0x43801002 rev=0x00 hdr=0x00\n    vendor     = 'Advanced Micro Devices [AMD] nee ATI'\n    device     = 'SB600 Non-Raid-5 SATA'\n    class      = mass storage\n    subclass   = ATA\nohci0@pci0:0:19:0:\tclass=0x0c0310 card=0x30c2103c chip=0x43871002 rev=0x00 hdr=0x00\n    vendor     = 'Advanced Micro Devices [AMD] nee ATI'\n    device     = 'SB600 USB (OHCI0)'\n    class      = serial bus\n    subclass   = USB\nohci1@pci0:0:19:1:\tclass=0x0c0310 card=0x30c2103c chip=0x43881002 rev=0x00 hdr=0x00\n    vendor     = 'Advanced Micro Devices [AMD] nee ATI'\n    device     = 'SB600 USB (OHCI1)'\n    class      = serial bus\n    subclass   = USB\nohci2@pci0:0:19:2:\tclass=0x0c0310 card=0x30c2103c chip=0x43891002 rev=0x00 hdr=0x00\n    vendor     = 'Advanced Micro Devices [AMD] nee ATI'\n    device     = 'SB600 USB (OHCI2)'\n    class      = serial bus\n    subclass   = USB\nohci3@pci0:0:19:3:\tclass=0x0c0310 card=0x30c2103c chip=0x438a1002 rev=0x00 hdr=0x00\n    vendor     = 'Advanced Micro Devices [AMD] nee ATI'\n    device     = 'SB600 USB (OHCI3)'\n    class      = serial bus\n    subclass   = USB\nohci4@pci0:0:19:4:\tclass=0x0c0310 card=0x30c2103c chip=0x438b1002 rev=0x00 hdr=0x00\n    vendor     = 'Advanced Micro Devices [AMD] nee ATI'\n    device     = 'SB600 USB (OHCI4)'\n    class      = serial bus\n    subclass   = USB\nehci0@pci0:0:19:5:\tclass=0x0c0320 card=0x30c2103c chip=0x43861002 rev=0x00 hdr=0x00\n    vendor     = 'Advanced Micro Devices [AMD] nee ATI'\n    device     = 'SB600 USB Controller (EHCI)'\n    class      = serial bus\n    subclass   = USB\nnone0@pci0:0:20:0:\tclass=0x0c0500 card=0x30c2103c chip=0x43851002 rev=0x14 hdr=0x00\n    vendor     = 'Advanced Micro Devices [AMD] nee ATI'\n    device     = 'SBx00 SMBus Controller'\n    class      = serial bus\n    subclass   = SMBus\natapci0@pci0:0:20:1:\tclass=0x010182 card=0x30c2103c chip=0x438c1002 rev=0x00 hdr=0x00\n    vendor     = 'Advanced Micro Devices [AMD] nee ATI'\n    device     = 'SB600 IDE'\n    class      = mass storage\n    subclass   = ATA\nhdac0@pci0:0:20:2:\tclass=0x040300 card=0x30c2103c chip=0x43831002 rev=0x00 hdr=0x00\n    vendor     = 'Advanced Micro Devices [AMD] nee ATI'\n    device     = 'SBx00 Azalia (Intel HDA)'\n    class      = multimedia\n    subclass   = HDA\nisab0@pci0:0:20:3:\tclass=0x060100 card=0x30c2103c chip=0x438d1002 rev=0x00 hdr=0x00\n    vendor     = 'Advanced Micro Devices [AMD] nee ATI'\n    device     = 'SB600 PCI to LPC Bridge'\n    class      = bridge\n    subclass   = PCI-ISA\npcib5@pci0:0:20:4:\tclass=0x060401 card=0x00000000 chip=0x43841002 rev=0x00 hdr=0x01\n    vendor     = 'Advanced Micro Devices [AMD] nee ATI'\n    device     = 'SBx00 PCI to PCI Bridge'\n    class      = bridge\n    subclass   = PCI-PCI\nhostb1@pci0:0:24:0:\tclass=0x060000 card=0x00000000 chip=0x11001022 rev=0x00 hdr=0x00\n    vendor     = 'Advanced Micro Devices [AMD]'\n    device     = 'K8 [Athlon64/Opteron] HyperTransport Technology Configuration'\n    class      = bridge\n    subclass   = HOST-PCI\nhostb2@pci0:0:24:1:\tclass=0x060000 card=0x00000000 chip=0x11011022 rev=0x00 hdr=0x00\n    vendor     = 'Advanced Micro Devices [AMD]'\n    device     = 'K8 [Athlon64/Opteron] Address Map'\n    class      = bridge\n    subclass   = HOST-PCI\nhostb3@pci0:0:24:2:\tclass=0x060000 card=0x00000000 chip=0x11021022 rev=0x00 hdr=0x00\n    vendor     = 'Advanced Micro Devices [AMD]'\n    device     = 'K8 [Athlon64/Opteron] DRAM Controller'\n    class      = bridge\n    subclass   = HOST-PCI\nhostb4@pci0:0:24:3:\tclass=0x060000 card=0x00000000 chip=0x11031022 rev=0x00 hdr=0x00\n    vendor     = 'Advanced Micro Devices [AMD]'\n    device     = 'K8 [Athlon64/Opteron] Miscellaneous Control'\n    class      = bridge\n    subclass   = HOST-PCI\nvgapci0@pci0:1:5:0:\tclass=0x030000 card=0x30c2103c chip=0x791f1002 rev=0x00 hdr=0x00\n    vendor     = 'Advanced Micro Devices [AMD] nee ATI'\n    device     = 'RS690M [Radeon X1200 Series]'\n    class      = display\n    subclass   = VGA\nbge0@pci0:16:0:0:\tclass=0x020000 card=0x30c2103c chip=0x171314e4 rev=0x02 hdr=0x00\n    vendor     = 'Broadcom Corporation'\n    device     = 'NetLink BCM5906M Fast Ethernet PCI Express'\n    class      = network\n    subclass   = ethernet\nsiba_bwn0@pci0:48:0:0:\tclass=0x028000 card=0x1371103c chip=0x431214e4 rev=0x02 hdr=0x00\n    vendor     = 'Broadcom Corporation'\n    device     = 'BCM4311 802.11a/b/g'\n    class      = network\ncbb0@pci0:2:4:0:\tclass=0x060700 card=0x30c2103c chip=0x04761180 rev=0xb6 hdr=0x02\n    vendor     = 'Ricoh Co Ltd'\n    device     = 'RL5c476 II'\n    class      = bridge\n    subclass   = PCI-CardBus"
}