{
 "id": 479987,
 "bug_id": 130683,
 "attachment_id": 0,
 "creation_time": "2009-01-18T10:20:00Z",
 "creator": "martin@email.aon.at",
 "text": "\tWhen trying to shutdown -p, the system hangs after syncing disks.\n\tI have a hunch that this is caused by a race in ACPI, and have\n\ttherefore compiled a kernel with ACPI_DBUG.\n\n\tNow, when I use the following settings in /boot/loader.conf,\n\n\t\tdebug.acpi.layer=\"ACPI_HARDWARE ACPI_EVENTS ACPI_POWER\"\n\t\tdebug.acpi.level=\"ACPI_LV_FUNCTIONS\"\n\n\tthe interesting thing is that I cannot even boot any more,\n\tbut rather get a continuous stream of the following (copied\n\tmanually from a screenshot taken using a digicam after\n\tpressing CTRL-ALT-ESC):\n\n\t\t  hwregs-0372 [55] GetRegister           : ----Entry\n\t\t  hwregs-0585 [56] HwRegisterRead        : ----Entry\n\t\t  hwregs-0672 [56] HwRegisterRead        : ----Exit- AE_OK\n\t\t  hwregs-0401 [55] GetRegister           : ----Exit- AE_OK\n\t\t  hwregs-0432 [55] SetRegister           : ----Entry 00000001\n\t\t  hwregs-0585 [56] HwRegisterRead        : ----Entry\n\t\t  hwregs-0672 [56] HwRegisterRead        : ----Exit- AE_OK\n\t\t  hwregs-0714 [56] HwRegisterWrite       : ----Entry\n\t\t  hwregs-0585 [57] HwRegisterRead        : ----Entry\n\t\t  hwregs-0672 [57] HwRegisterRead        : ----Exit- AE_OK\n\t\t  hwregs-0840 [56] HwRegisterWrite       : ----Exit- AE_OK\n\t\t  hwregs-0553 [55] SetRegister           : ----Exit- AE_OK\n\t\t...\n\t\tKDB: enter: manual escape to debugger\n\t\t[thread pid 34 tid 100033]\n\t\tStopped at      0xc052bb8b = kdb_enter_why+0x3b:        movl    $0,0xc07915f8 =\n\t\tkdb_why\n\t\tdb\u003e where\n\t\tTracing pid 34 tid 100033 td 0xc4037660\n\t\tkdb_enter_why(c0719378,c071daab,1,0,1,...) at 0xc052bb8b = kdb_enter_why+0x3b\n\t\tscgetc(c4037660,c3f4acc0,c07910e0,c40aa2b8,c4104200,...) at 0xc049ef16 = scgetc+\n\t\t0x486\n\t\tsckbdevent(c07ae5a0,0,c07b7c00,1,6e8258d2) at 0xc04a200f = sckbdevent+0x8f\n\t\tatkbd_intr(c07ae5a0,0,e461dcf0,c04dfbbd,c07ae5a0,...) at 0xc06bffb5 = atkbd_intr\n\t\t+0x55\n\t\tatkbdintr(c07ae5a0,0,c0721256,4a1,0,...) at 0xc06c09e1 = atkbdintr+0x21\n\t\tithread_loop(c40ffb90,e461dd38,0,0,0,...) at 0xc04dfbbd = ithread_loop+0x12d\n\t\tfork_exit(c04dfa90,c40ffb90,e461dd38) at 0xc04dc22d = fork_exit+0x8d\n\t\tfork_trampoline() at 0xc06da490 = fork_trampoline+0x8\n\t\t--- trap 0, eip = 0, esp = 0xe461dd70, ebp = 0 ---\n\t\tdb \u003e\n\n\tIf I try an even more verbose ACPI DEBUG, using the following in\n\t/boot/loader.conf,\n\n\t\tdebug.acpi.layer=\"ACPI_ALL_COMPONENTS\"\n\t\tdebug.acpi.level=\"ACPI_LV_FUNCTIONS\"\n\n\tI cannot even break to the debugger any more - only ACPI messages\n\tare rapidly flashing by, without any chance to capture them.\n\n\tThis is on a rather old 800 MHz Athlon machine.\n\n\tPlease note that the e-mail address given above is not valid\n\tas I have been bitten too often by junk mail. Simply append\n\tto the problem report, I'll check back regularly to answer\n\tany questions.\n\n\tFollowing is the dmesg of the standard kernel (without\n\tACPI_DEBUG):\n\nCopyright (c) 1992-2009 The FreeBSD Project.\nCopyright (c) 1979, 1980, 1983, 1986, 1988, 1989, 1991, 1992, 1993, 1994\n\tThe Regents of the University of California. All rights reserved.\nFreeBSD is a registered trademark of The FreeBSD Foundation.\nFreeBSD 7.1-RELEASE #0: Sun Jan  4 10:53:24 CET 2009\n    root@atpcdvvc.xyzzy:/usr/VOL/OBJ/FreeBSD/RELENG_7_1_0_RELEASE/src/sys/XYZZY\nTimecounter \"i8254\" frequency 1193182 Hz quality 0\nCPU: AMD Athlon(tm) Processor (807.19-MHz 686-class CPU)\n  Origin = \"AuthenticAMD\"  Id = 0x642  Stepping = 2\n  Features=0x183f9ff\u003cFPU,VME,DE,PSE,TSC,MSR,PAE,MCE,CX8,SEP,MTRR,PGE,MCA,CMOV,PAT,PSE36,MMX,FXSR\u003e\n  AMD Features=0xc0440800\u003cSYSCALL,\u003cb18\u003e,MMX+,3DNow!+,3DNow!\u003e\nreal memory  = 1342095360 (1279 MB)\navail memory = 1305137152 (1244 MB)\ncryptosoft0: \u003csoftware crypto\u003e on motherboard\nacpi0: \u003cASUS A7V\u003e on motherboard\nacpi0: [ITHREAD]\nacpi0: Power Button (fixed)\nacpi0: reservation of 0, a0000 (3) failed\nacpi0: reservation of 100000, 4ff00000 (3) failed\nTimecounter \"ACPI-fast\" frequency 3579545 Hz quality 1000\nacpi_timer0: \u003c24-bit timer at 3.579545MHz\u003e port 0xe408-0xe40b on acpi0\nacpi_button0: \u003cPower Button\u003e on acpi0\npcib0: \u003cACPI Host-PCI bridge\u003e port 0xcf8-0xcff on acpi0\npci0: \u003cACPI PCI bus\u003e on pcib0\npcib1: \u003cPCI-PCI bridge\u003e at device 1.0 on pci0\npci1: \u003cPCI bus\u003e on pcib1\nvgapci0: \u003cVGA-compatible display\u003e mem 0xd6000000-0xd6ffffff,0xd8000000-0xdfffffff irq 11 at device 0.0 on pci1\nisab0: \u003cPCI-ISA bridge\u003e at device 4.0 on pci0\nisa0: \u003cISA bus\u003e on isab0\natapci0: \u003cVIA 82C686A UDMA66 controller\u003e port 0x1f0-0x1f7,0x3f6,0x170-0x177,0x376,0xd800-0xd80f at device 4.1 on pci0\nata0: \u003cATA channel 0\u003e on atapci0\nata0: [ITHREAD]\nata1: \u003cATA channel 1\u003e on atapci0\nata1: [ITHREAD]\nuhci0: \u003cVIA 83C572 USB controller\u003e port 0xd400-0xd41f irq 9 at device 4.2 on pci0\nuhci0: [GIANT-LOCKED]\nuhci0: [ITHREAD]\nusb0: \u003cVIA 83C572 USB controller\u003e on uhci0\nusb0: USB revision 1.0\nuhub0: \u003cVIA UHCI root hub, class 9/0, rev 1.00/1.00, addr 1\u003e on usb0\nuhub0: 2 ports with 2 removable, self powered\nuhci1: \u003cVIA 83C572 USB controller\u003e port 0xd000-0xd01f irq 9 at device 4.3 on pci0\nuhci1: [GIANT-LOCKED]\nuhci1: [ITHREAD]\nusb1: \u003cVIA 83C572 USB controller\u003e on uhci1\nusb1: USB revision 1.0\nuhub1: \u003cVIA UHCI root hub, class 9/0, rev 1.00/1.00, addr 1\u003e on usb1\nuhub1: 2 ports with 2 removable, self powered\nviapropm0: \u003cVIA VT82C686A Power Management Unit\u003e port 0xe800-0xe80f at device 4.4 on pci0\nsmbus0: \u003cSystem Management Bus\u003e on viapropm0\nsmb0: \u003cSMBus generic I/O\u003e on smbus0\nsis0: \u003cNatSemi DP8381[56] 10/100BaseTX\u003e port 0xa400-0xa4ff mem 0xd5800000-0xd5800fff irq 9 at device 9.0 on pci0\nsis0: Silicon Revision: DP83815D\nmiibus0: \u003cMII bus\u003e on sis0\nnsphyter0: \u003cDP83815 10/100 media interface\u003e PHY 0 on miibus0\nnsphyter0:  10baseT, 10baseT-FDX, 100baseTX, 100baseTX-FDX, auto\nsis0: Ethernet address: 00:40:f4:1a:42:ba\nsis0: [ITHREAD]\npcm0: \u003cAudioPCI ES1373-8\u003e port 0xa000-0xa03f irq 5 at device 10.0 on pci0\npcm0: \u003cCirrus Logic CS4297A AC97 Codec\u003e\npcm0: [ITHREAD]\npcm0: \u003cPlayback: DAC1,DAC2 / Record: ADC\u003e\nsym0: \u003c810\u003e port 0x9800-0x98ff mem 0xd5000000-0xd50000ff irq 10 at device 11.0 on pci0\nsym0: No NVRAM, ID 7, Fast-10, SE, parity checking\nsym0: [ITHREAD]\nral0: \u003cRalink Technology RT2561S\u003e mem 0xd4800000-0xd4807fff irq 9 at device 13.0 on pci0\nral0: MAC/BBP RT2661B, RF RT2527\nral0: Ethernet address: 00:0e:2e:89:5a:4c\nral0: [ITHREAD]\natapci1: \u003cPromise PDC20265 UDMA100 controller\u003e port 0x9400-0x9407,0x9000-0x9003,0x8800-0x8807,0x8400-0x8403,0x8000-0x803f mem 0xd4000000-0xd401ffff irq 10 at device 17.0 on pci0\natapci1: [ITHREAD]\nata2: \u003cATA channel 0\u003e on atapci1\nata2: [ITHREAD]\nata3: \u003cATA channel 1\u003e on atapci1\nata3: [ITHREAD]\nspeaker0: \u003cPC speaker\u003e port 0x61 on acpi0\nfdc0: \u003cfloppy drive controller\u003e port 0x3f2-0x3f5,0x3f7 irq 6 drq 2 on acpi0\nfdc0: [FILTER]\nfd0: \u003c1440-KB 3.5\" drive\u003e on fdc0 drive 0\nfd1: \u003c1200-KB 5.25\" drive\u003e on fdc0 drive 1\nsio0: \u003c16550A-compatible COM port\u003e port 0x3f8-0x3ff irq 4 flags 0x10 on acpi0\nsio0: type 16550A\nsio0: [FILTER]\nsio1: \u003c16550A-compatible COM port\u003e port 0x2f8-0x2ff irq 3 on acpi0\nsio1: type 16550A\nsio1: [FILTER]\natkbdc0: \u003cKeyboard controller (i8042)\u003e port 0x60,0x64 irq 1 on acpi0\natkbd0: \u003cAT Keyboard\u003e irq 1 on atkbdc0\nkbd0 at atkbd0\natkbd0: [GIANT-LOCKED]\natkbd0: [ITHREAD]\npsm0: \u003cPS/2 Mouse\u003e irq 12 on atkbdc0\npsm0: [GIANT-LOCKED]\npsm0: [ITHREAD]\npsm0: model IntelliMouse, device ID 3\ncpu0: \u003cACPI CPU\u003e on acpi0\nacpi_throttle0: \u003cACPI CPU Throttling\u003e on cpu0\npmtimer0 on isa0\norm0: \u003cISA Option ROMs\u003e at iomem 0xcc000-0xce7ff,0xd0000-0xd07ff pnpid ORM0000 on isa0\nppc0: \u003cParallel port\u003e at port 0x378-0x37f irq 7 on isa0\nppc0: SMC-like chipset (ECP/EPP/PS2/NIBBLE) in COMPATIBLE mode\nppc0: FIFO with 16/16/8 bytes threshold\nppbus0: \u003cParallel port bus\u003e on ppc0\nppbus0: [ITHREAD]\nppbus0: IEEE1284 device found /NIBBLE/ECP\nProbing for PnP devices on ppbus0:\nppbus0: \u003cHEWLETT-PACKARD DESKJET 970C\u003e MLC,PCL,PML\nlpt0: \u003cPrinter\u003e on ppbus0\nlpt0: Interrupt-driven port\nppc0: [GIANT-LOCKED]\nppc0: [ITHREAD]\nsc0: \u003cSystem console\u003e at flags 0x100 on isa0\nsc0: VGA \u003c8 virtual consoles, flags=0x300\u003e\nvga0: \u003cGeneric ISA VGA\u003e at port 0x3c0-0x3df iomem 0xa0000-0xbffff on isa0\nubt0: \u003cvendor 0x0a12 product 0x0001, class 224/1, rev 1.10/3.73, addr 2\u003e on uhub0\nubt0: Interface 0 endpoints: interrupt=0x81, bulk-in=0x82, bulk-out=0x2\nubt0: Interface 1 (alt.config 5) endpoints: isoc-in=0x83, isoc-out=0x3; wMaxPacketSize=49; nframes=6, buffer size=294\nugen0: \u003cTHOMSON Speed Touch 330, class 255/0, rev 1.10/4.00, addr 3\u003e on uhub0\nuhub2: \u003cALCOR Generic USB Hub, class 9/0, rev 1.10/1.00, addr 2\u003e on uhub1\nuhub2: 4 ports with 4 removable, self powered\nTimecounter \"TSC\" frequency 807194618 Hz quality 800\nTimecounters tick every 5.000 msec\nIPsec: Initialized Security Association Processing.\nipfw2 (+ipv6) initialized, divert loadable, nat loadable, rule-based forwarding disabled, default to deny, logging disabled\nad0: 27199MB \u003cSeagate ST328040A 3.11\u003e at ata0-master UDMA33\nacd0: CDRW \u003cPLEXTOR CD-R PX-W1210A/1.10\u003e at ata0-slave PIO4\nacd1: DVDR \u003cHL-DT-ST DVDRAM GSA-4163B/A105\u003e at ata1-master UDMA33\nad4: 29188MB \u003cSeagate ST330630A 3.21\u003e at ata2-master UDMA66\nad6: 117800MB \u003cIC35L120AVV207 0 V24OA63A\u003e at ata3-master UDMA100\nad7: 194481MB \u003cMaxtor 6B200P0 BAH41BM0\u003e at ata3-slave UDMA100\nWaiting 2 seconds for SCSI devices to settle\nacd0: FAILURE - INQUIRY ILLEGAL REQUEST asc=0x24 ascq=0x00 \nacd0: FAILURE - INQUIRY ILLEGAL REQUEST asc=0x24 ascq=0x00 \nacd1: FAILURE - INQUIRY ILLEGAL REQUEST asc=0x24 ascq=0x00 sks=0x40 0x00 0x01\nacd1: FAILURE - INQUIRY ILLEGAL REQUEST asc=0x24 ascq=0x00 sks=0x40 0x00 0x01\nGEOM_LABEL: Label for provider ad0s1 is msdosfs/DISK5S1.\nGEOM_LABEL: Label for provider ad0s2 is msdosfs/DISK5S2.\nGEOM_LABEL: Label for provider ad4s1 is msdosfs/DISK6S1.\nGEOM_LABEL: Label for provider ad6s1 is ufs/disk12s1e.\nGEOM_LABEL: Label for provider ad4s4a is ufs/disk6s4a.\nGEOM_LABEL: Label for provider ad4s4e is ufs/disk6s4e.\nsa0 at sym0 bus 0 target 3 lun 0\nsa0: \u003cHP HP35480A T503\u003e Removable Sequential Access SCSI-2 device \nsa0: 3.300MB/s transfers\ncd0 at ata0 bus 0 target 1 lun 0\ncd0: \u003cPLEXTOR CD-R   PX-W1210A 1.10\u003e Removable CD-ROM SCSI-0 device \ncd0: 16.000MB/s transfers\ncd0: Attempt to query device size failed: NOT READY, Medium not present - tray closed\ncd1 at ata1 bus 0 target 0 lun 0\ncd1: \u003cHL-DT-ST DVDRAM GSA-4163B A105\u003e Removable CD-ROM SCSI-0 device \ncd1: 33.000MB/s transfers\ncd1: Attempt to query device size failed: NOT READY, Medium not present\nTrying to mount root from ufs:/dev/ad0s3a\nubt0: at uhub0 port 1 (addr 2) disconnected\nubt0: detached\nubt0: \u003cvendor 0x0a12 product 0x0001, class 224/1, rev 1.10/3.73, addr 2\u003e on uhub0\nubt0: Interface 0 endpoints: interrupt=0x81, bulk-in=0x82, bulk-out=0x2\nubt0: Interface 1 (alt.config 5) endpoints: isoc-in=0x83, isoc-out=0x3; wMaxPacketSize=49; nframes=6, buffer size=294\nGEOM_LABEL: Label ufs/disk6s4a removed.\nGEOM_LABEL: Label for provider ad4s4a is ufs/disk6s4a.\nGEOM_LABEL: Label ufs/disk12s1e removed.\nGEOM_LABEL: Label for provider ad6s1 is ufs/disk12s1e.\nGEOM_LABEL: Label ufs/disk6s4e removed.\nGEOM_LABEL: Label for provider ad4s4e is ufs/disk6s4e.\nGEOM_LABEL: Label ufs/disk6s4a removed.\nGEOM_LABEL: Label ufs/disk6s4e removed.\nGEOM_LABEL: Label ufs/disk12s1e removed.\ntap0: Ethernet address: 00:bd:57:05:00:00\nieee80211_load_module: load the wlan_scan_ap module by hand for now.\nsis0: Applying short cable fix (reg=f5)\nsis0: Applying short cable fix (reg=f5)\nWARNING: attempt to net_add_domain(bluetooth) after domainfinalize()\nWARNING: attempt to net_add_domain(netgraph) after domainfinalize()\n\nFix: \n\nCurrently unknown.\nHow-To-Repeat: \tSee above."
}