{
 "id": 1017136,
 "bug_id": 232472,
 "attachment_id": 0,
 "creation_time": "2018-10-20T14:25:08Z",
 "creator": "michael.adm@gmail.com",
 "text": "Hyper-V 2016 and Hyper-V 2019 (windows servers) HOSTS,\nNetwork adapters Intel X540-T2, X540-T1, X520-T1, X540-AT2 and 10G 2P X540-t.\n\nFreeBSD Guest system ( /var/log/messages ):\n\nf12rw syslogd: kernel boot file is /boot/kernel/kernel\nf12rw kernel: ---\u003c\u003cBOOT\u003e\u003e---\nf12rw kernel: Copyright (c) 1992-2018 The FreeBSD Project.\nf12rw kernel: Copyright (c) 1979, 1980, 1983, 1986, 1988, 1989, 1991, 1992, 1993, 1994\nf12rw kernel:   The Regents of the University of California. All rights reserved.\nf12rw kernel: FreeBSD is a registered trademark of The FreeBSD Foundation.\nf12rw kernel: FreeBSD 13.0-CURRENT #0 e1b49380456(master)-dirty: Sat Oct 20 15:26:15 EEST 2018\nf12rw kernel:     root@f12rw:/usr/obj/usr/src/amd64.amd64/sys/GENERIC-DBGless amd64\nf12rw kernel: FreeBSD clang version 6.0.1 (tags/RELEASE_601/final 335540) (based on LLVM 6.0.1)\nf12rw kernel: SRAT: Ignoring memory at addr 0x3f0000000\nf12rw kernel: SRAT: Ignoring memory at addr 0x1000000000\nf12rw kernel: SRAT: Ignoring memory at addr 0x10000000000\nf12rw kernel: SRAT: Ignoring memory at addr 0x20000000000\nf12rw kernel: SRAT: Ignoring memory at addr 0x40000000000\nf12rw kernel: SRAT: Ignoring memory at addr 0x80000000000\nf12rw kernel: SRAT: Ignoring memory at addr 0x9e8000000\nf12rw kernel: SRAT: Ignoring memory at addr 0x8800000000\nf12rw kernel: SRAT: Ignoring memory at addr 0x18000000000\nf12rw kernel: SRAT: Ignoring memory at addr 0x30000000000\nf12rw kernel: SRAT: Ignoring memory at addr 0x60000000000\nf12rw kernel: SRAT: Ignoring memory at addr 0xc0000000000\nf12rw kernel: VT(efifb): resolution 1024x768\nf12rw kernel: Hyper-V Version: 10.0.17763 [SP0]\nf12rw kernel:   Features=0x2e7f\u003cVPRUNTIME,TMREFCNT,SYNIC,SYNTM,APIC,HYPERCALL,VPINDEX,REFTSC,IDLE,TMFREQ\u003e\nf12rw kernel:   PM Features=0x0 [C2]\nf12rw kernel:   Features3=0xbed7b2\u003cDEBUG,XMMHC,IDLE,NUMA,TMFREQ,SYNCMC,CRASH,NPIEP\u003e\nf12rw kernel: Timecounter \"Hyper-V\" frequency 10000000 Hz quality 2000\nf12rw kernel: module_register: cannot register pci/ixv from kernel; already loaded from if_ixv.ko\nf12rw kernel: Module pci/ixv failed to register: 17\nf12rw kernel: CPU: Genuine Intel(R) CPU 0000 @ 2.90GHz (2900.00-MHz K8-class CPU)\nf12rw kernel:   Origin=\"GenuineIntel\"  Id=0x406f0  Family=0x6  Model=0x4f  Stepping=0\nf12rw kernel:   Features=0x1f83fbff\u003cFPU,VME,DE,PSE,TSC,MSR,PAE,MCE,CX8,APIC,SEP,MTRR,PGE,MCA,CMOV,PAT,PSE36,MMX,FXSR,SSE,SSE2,SS,HTT\u003e\nf12rw kernel:   Features2=0xfeda3203\u003cSSE3,PCLMULQDQ,SSSE3,FMA,CX16,PCID,SSE4.1,SSE4.2,MOVBE,POPCNT,AESNI,XSAVE,OSXSAVE,AVX,F16C,RDRAND,HV\u003e\nf12rw kernel:   AMD Features=0x2c100800\u003cSYSCALL,NX,Page1GB,RDTSCP,LM\u003e\nf12rw kernel:   AMD Features2=0x121\u003cLAHF,ABM,Prefetch\u003e\nf12rw kernel:   Structured Extended Features=0x1c2fb9\u003cFSGSBASE,BMI1,HLE,AVX2,SMEP,BMI2,ERMS,INVPCID,RTM,NFPUSG,RDSEED,ADX,SMAP\u003e\nf12rw kernel:   Structured Extended Features3=0x20000000\u003cARCH_CAP\u003e\nf12rw kernel:   XSAVE Features=0x1\u003cXSAVEOPT\u003e\nf12rw kernel:   IA32_ARCH_CAPS=0x4\nf12rw kernel: Hypervisor: Origin = \"Microsoft Hv\"\nf12rw kernel: real memory  = 16777216000 (16000 MB)\nf12rw kernel: avail memory = 16249954304 (15497 MB)\nf12rw kernel: Event timer \"LAPIC\" quality 100\nf12rw kernel: ACPI APIC Table: \u003cVRTUAL MICROSFT\u003e\nf12rw kernel: FreeBSD/SMP: Multiprocessor System Detected: 8 CPUs\nf12rw kernel: FreeBSD/SMP: 2 package(s) x 2 core(s) x 2 hardware threads\nf12rw kernel: random: unblocking device.\nf12rw kernel: ioapic0 \u003cVersion 1.1\u003e irqs 0-23 on motherboard\nf12rw kernel: Launching APs: 1 3 2 6 7 4 5\nf12rw kernel: Timecounter \"Hyper-V-TSC\" frequency 10000000 Hz quality 3000\nf12rw kernel: random: entropy device external interface\nf12rw kernel: [ath_hal] loaded\nf12rw kernel: kbd0 at kbdmux0\nf12rw kernel: module_register_init: MOD_LOAD (vesa, 0xffffffff811cdc50, 0) error 19\nf12rw kernel: random: registering fast source Intel Secure Key RNG\nf12rw kernel: random: fast provider: \"Intel Secure Key RNG\"\nf12rw kernel: netmap: loaded module\nf12rw kernel: nexus0\nf12rw kernel: efirtc0: \u003cEFI Realtime Clock\u003e on motherboard\nf12rw kernel: efirtc0: registered as a time-of-day clock, resolution 1.000000s\nf12rw kernel: cryptosoft0: \u003csoftware crypto\u003e on motherboard\nf12rw kernel: acpi0: \u003cVRTUAL MICROSFT\u003e on motherboard\nf12rw kernel: atrtc0: \u003cAT realtime clock\u003e port 0x70-0x71 irq 8 on acpi0\nf12rw kernel: atrtc0: registered as a time-of-day clock, resolution 1.000000s\nf12rw kernel: Event timer \"RTC\" frequency 32768 Hz quality 0\nf12rw kernel: Timecounter \"ACPI-fast\" frequency 3579545 Hz quality 900\nf12rw kernel: acpi_timer0: \u003c32-bit timer at 3.579545MHz\u003e port 0x408-0x40b on acpi0\nf12rw kernel: cpu0: \u003cACPI CPU\u003e on acpi0\nf12rw kernel: acpi_syscontainer0: \u003cSystem Container\u003e iomem 0xf8000000-0xffffffff,0xfe0000000-0xfffffffff on acpi0\nf12rw kernel: vmbus0: \u003cHyper-V Vmbus\u003e on acpi_syscontainer0\nf12rw kernel: vmbus_res0: \u003cHyper-V Vmbus Resource\u003e irq 5 on acpi0\nf12rw kernel: Timecounters tick every 10.000 msec\nf12rw kernel: ipfw2 (+ipv6) initialized, divert enabled, nat enabled, default to deny, logging disabled\nf12rw kernel: DUMMYNET 0xfffff801fc02b0c0 with IPv6 initialized (100409)\nf12rw kernel: load_dn_sched dn_sched RR loaded\nf12rw kernel: load_dn_sched dn_sched WF2Q+ loaded\nf12rw kernel: load_dn_sched dn_sched FIFO loaded\nf12rw kernel: load_dn_sched dn_sched FQ_CODEL loaded\nf12rw kernel: load_dn_sched dn_sched FQ_PIE loaded\nf12rw kernel: load_dn_sched dn_sched PRIO loaded\nf12rw kernel: load_dn_sched dn_sched QFQ loaded\nf12rw kernel: load_dn_aqm dn_aqm CODEL loaded\nf12rw kernel: load_dn_aqm dn_aqm PIE loaded\nf12rw kernel: usb_needs_explore_all: no devclass\nf12rw kernel: vmbus0: version 3.0\nf12rw kernel: hvet0: \u003cHyper-V event timer\u003e on vmbus0\nf12rw kernel: Event timer \"Hyper-V\" frequency 10000000 Hz quality 1000\nf12rw kernel: hvkbd0: \u003cHyper-V KBD\u003e on vmbus0\nf12rw kernel: hvheartbeat0: \u003cHyper-V Heartbeat\u003e on vmbus0\nf12rw kernel: hvkvp0: \u003cHyper-V KVP\u003e on vmbus0\nf12rw kernel: hvshutdown0: \u003cHyper-V Shutdown\u003e on vmbus0\nf12rw kernel: hvtimesync0: \u003cHyper-V Timesync\u003e on vmbus0\nf12rw kernel: hvtimesync0: RTT\nf12rw kernel: hvvss0: \u003cHyper-V VSS\u003e on vmbus0\nf12rw kernel: hn0: \u003cHyper-V Network Interface\u003e on vmbus0\nf12rw kernel: hn0: Ethernet address: 00:15:5d:00:8b:13\nf12rw kernel: hn0: link state changed to UP\nf12rw kernel: storvsc0: \u003cHyper-V SCSI\u003e on vmbus0\nf12rw kernel: hn1: \u003cHyper-V Network Interface\u003e on vmbus0\nf12rw kernel: da0 at storvsc0 bus 0 scbus0 target 0 lun 0\nf12rw kernel: da0: \u003cMsft Virtual Disk 1.0\u003e Fixed Direct Access SPC-3 SCSI device\nf12rw kernel: da0: 300.000MB/s transfers\nf12rw kernel: da0: Command Queueing enabled\nf12rw kernel: da0: 61440MB (125829120 512 byte sectors)\nf12rw kernel: da1 at storvsc0 bus 0 scbus0 target 0 lun 1\nf12rw kernel: da1: \u003cMsft Virtual Disk 1.0\u003e Fixed Direct Access SPC-3 SCSI device\nf12rw kernel: da1: 300.000MB/s transfers\nf12rw kernel: da1: Command Queueing enabled\nf12rw kernel: da1: 409600MB (838860800 512 byte sectors)\nf12rw kernel: hn1: Ethernet address: 00:15:5d:00:8b:14\nf12rw kernel: hn1: link state changed to UP\nf12rw kernel: hn2: \u003cHyper-V Network Interface\u003e on vmbus0\nf12rw kernel: hn2: Ethernet address: 00:15:5d:00:8b:1b\nf12rw kernel: hn2: link state changed to UP\nf12rw kernel: hn3: \u003cHyper-V Network Interface\u003e on vmbus0\nf12rw kernel: hn3: Ethernet address: 00:15:5d:00:8b:1c\nf12rw kernel: hn3: link state changed to UP\nf12rw kernel: hn4: \u003cHyper-V Network Interface\u003e on vmbus0\nf12rw kernel: hn4: Ethernet address: 00:15:5d:00:8b:29\nf12rw kernel: hn4: link state changed to UP\nf12rw kernel: Trying to mount root from ufs:/dev/da0p2 [rw]...\nf12rw kernel: lo0: link state changed to UP\nf12rw kernel: .\nf12rw login[1288]: ROOT LOGIN (root) ON ttyv0\n\nWhen we try to enable the SR-IOV function of Network-Adapter in the properties of the virtual machine, we get \n\nf12rw kernel: hn0: got notify, nvs type 128\nf12rw kernel: pcib0: \u003cHyper-V PCI Express Pass Through\u003e on vmbus0\nf12rw kernel: pcib0: failed to get resource for cfg window\nf12rw kernel: device_attach: pcib0 attach returned 6\n\nIn Windows Guest systems 10G SR-IOV function works perfect on this Hyper-V hosts."
}