{
 "id": 339047,
 "bug_id": 100847,
 "attachment_id": 0,
 "creation_time": "2006-07-26T03:10:14Z",
 "creator": "rtanveer@yahoo.com",
 "text": "I have DWL-G520b wireless card on my system. It works extremly good with\nwindows XP(dual-boot). Later I removed XP and install FreeBSD 6.1 and hoped\nlatest release may fix it but not avail.\n\nissue:\n\nath0 times out every few minutes\n\n\n\ndrivers were loaded @ loader.conf and also tried kldload:\n\nath\nath_hal (0.9.16.16)\nath_rate_sample\n\nPlease help (check out dmesg since system boot 20 hours) and you will see\nmay UP/DOWN on ath.\n\nDMESG\n##############################################################################\nCopyright (c) 1992-2006 The FreeBSD Project.\nCopyright (c) 1979, 1980, 1983, 1986, 1988, 1989, 1991, 1992, 1993, 1994\n\tThe Regents of the University of California. All rights reserved.\nFreeBSD 6.1-RELEASE #0: Sun May  7 04:32:43 UTC 2006\n    root@opus.cse.buffalo.edu:/usr/obj/usr/src/sys/GENERIC\nTimecounter \"i8254\" frequency 1193182 Hz quality 0\nCPU: Pentium III/Pentium III Xeon/Celeron (601.37-MHz 686-class CPU)\n  Origin = \"GenuineIntel\"  Id = 0x673  Stepping = 3\n  Features=0x387f9ff\u003cFPU,VME,DE,PSE,TSC,MSR,PAE,MCE,CX8,SEP,MTRR,PGE,MCA,CMOV,PAT,PSE36,PN,MMX,FXSR,SSE\u003e\nreal memory  = 402587648 (383 MB)\navail memory = 384495616 (366 MB)\nkbd1 at kbdmux0\nath_hal: 0.9.16.16 (AR5210, AR5211, AR5212, RF5111, RF5112, RF2413, RF5413)\nacpi0: \u003cGVCGVC AWRDACPI\u003e on motherboard\nacpi0: Power Button (fixed)\ncan't fetch resources for \\\\_SB_.PCI0.ISA_.PS2M - AE_BAD_DATA\nTimecounter \"ACPI-safe\" frequency 3579545 Hz quality 1000\nacpi_timer0: \u003c24-bit timer at 3.579545MHz\u003e port 0x4008-0x400b on acpi0\ncpu0: \u003cACPI CPU\u003e on acpi0\nacpi_throttle0: \u003cACPI CPU Throttling\u003e on cpu0\npcib0: \u003cACPI Host-PCI bridge\u003e port 0xcf8-0xcff,0x4000-0x4041,0x5000-0x500f on acpi0\npci0: \u003cACPI PCI bus\u003e on pcib0\nagp0: \u003cIntel 82443BX (440 BX) host to PCI bridge\u003e mem 0xe8000000-0xebffffff at device 0.0 on pci0\npcib1: \u003cPCI-PCI bridge\u003e at device 1.0 on pci0\npci1: \u003cPCI bus\u003e on pcib1\npci1: \u003cdisplay, VGA\u003e at device 0.0 (no driver attached)\npci1: \u003cdisplay\u003e at device 0.1 (no driver attached)\nisab0: \u003cPCI-ISA bridge\u003e at device 7.0 on pci0\nisa0: \u003cISA bus\u003e on isab0\natapci0: \u003cIntel PIIX4 UDMA33 controller\u003e port 0x1f0-0x1f7,0x3f6,0x170-0x177,0x376,0xf000-0xf00f at device 7.1 on pci0\nata0: \u003cATA channel 0\u003e on atapci0\nata1: \u003cATA channel 1\u003e on atapci0\nuhci0: \u003cIntel 82371AB/EB (PIIX4) USB controller\u003e port 0xe000-0xe01f irq 10 at device 7.2 on pci0\nuhci0: [GIANT-LOCKED]\nusb0: \u003cIntel 82371AB/EB (PIIX4) USB controller\u003e on uhci0\nusb0: USB revision 1.0\nuhub0: Intel UHCI root hub, class 9/0, rev 1.00/1.00, addr 1\nuhub0: 2 ports with 2 removable, self powered\npci0: \u003cbridge\u003e at device 7.3 (no driver attached)\npci0: \u003cmultimedia, video\u003e at device 9.0 (no driver attached)\npci0: \u003cmultimedia\u003e at device 9.1 (no driver attached)\ndc0: \u003cMacronix 98715AEC-C 10/100BaseTX\u003e port 0xe400-0xe4ff mem 0xef010000-0xef0100ff irq 10 at device 13.0 on pci0\nmiibus0: \u003cMII bus\u003e on dc0\ndcphy0: \u003cIntel 21143 NWAY media interface\u003e on miibus0\ndcphy0:  10baseT, 10baseT-FDX, 100baseTX, 100baseTX-FDX, auto\ndc0: Ethernet address: 00:80:c6:ec:68:7c\npci0: \u003csimple comms\u003e at device 15.0 (no driver attached)\npcm0: \u003cAudioPCI ES1373-8\u003e port 0xec00-0xec3f irq 5 at device 17.0 on pci0\npcm0: \u003cCirrus Logic CS4297A AC97 Codec\u003e\npcm0: \u003cPlayback: DAC2 / Record: ADC\u003e\nath0: \u003cAtheros 5212\u003e mem 0xef000000-0xef00ffff irq 11 at device 19.0 on pci0\nath0: Ethernet address: 00:0f:3d:a8:df:1d\nath0: mac 5.9 phy 4.3 radio 4.6\nacpi_tz0: \u003cThermal Zone\u003e on acpi0\nfdc0: \u003cfloppy drive controller\u003e port 0x3f2-0x3f5,0x3f7 irq 6 drq 2 on acpi0\nfdc0: [FAST]\nfd0: \u003c1440-KB 3.5\" drive\u003e on fdc0 drive 0\nsio0: \u003c16550A-compatible COM port\u003e port 0x3f8-0x3ff irq 4 flags 0x10 on acpi0\nsio0: type 16550A\nsio1: \u003c16550A-compatible COM port\u003e port 0x2f8-0x2ff irq 3 on acpi0\nsio1: type 16550A\nppc0: \u003cECP parallel printer port\u003e port 0x378-0x37b,0x778-0x77b irq 7 drq 3 on acpi0\nppc0: SMC-like chipset (ECP/EPP/PS2/NIBBLE) in COMPATIBLE mode\nppc0: FIFO with 16/16/16 bytes threshold\nppbus0: \u003cParallel port bus\u003e on ppc0\nppbus0: IEEE1284 device found /NIBBLE/ECP\nProbing for PnP devices on ppbus0:\nppbus0: \u003cHewlett-Packard HP LaserJet 1100.1.1\u003e PRINTER MLC,PCL,PJL\nplip0: \u003cPLIP network interface\u003e on ppbus0\nlpt0: \u003cPrinter\u003e on ppbus0\nlpt0: Interrupt-driven port\nppi0: \u003cParallel I/O\u003e on ppbus0\npsmcpnp0: irq resource info is missing; assuming irq 12\natkbdc0: \u003cKeyboard controller (i8042)\u003e port 0x60,0x64 irq 1 on acpi0\natkbd0: \u003cAT Keyboard\u003e irq 1 on atkbdc0\nkbd0 at atkbd0\natkbd0: [GIANT-LOCKED]\npsm0: \u003cPS/2 Mouse\u003e irq 12 on atkbdc0\npsm0: [GIANT-LOCKED]\npsm0: model MouseMan+, device ID 0\npmtimer0 on isa0\norm0: \u003cISA Option ROM\u003e at iomem 0xc0000-0xcafff on isa0\nsc0: \u003cSystem console\u003e at flags 0x100 on isa0\nsc0: VGA \u003c16 virtual consoles, flags=0x300\u003e\nvga0: \u003cGeneric ISA VGA\u003e at port 0x3c0-0x3df iomem 0xa0000-0xbffff on isa0\nTimecounter \"TSC\" frequency 601366230 Hz quality 800\nTimecounters tick every 1.000 msec\nad0: 29311MB \u003cMaxtor 93073U6 FA500S60\u003e at ata0-master UDMA33\nacd0: CDRW \u003cSONY CD-RW CRX215E1/SYS2\u003e at ata1-master UDMA33\nacd1: CDROM \u003cATAPI CDROM/V1.20\u003e at ata1-slave PIO4\nTrying to mount root from ufs:/dev/ad0s1a\nWARNING: /usr was not properly dismounted\nWARNING: /var was not properly dismounted\ndrm0: \u003cATI Radeon If R250 9000\u003e port 0xd000-0xd0ff mem 0xe0000000-0xe3ffffff,0xed000000-0xed00ffff irq 11 at device 0.0 on pci1\ninfo: [drm] AGP at 0xe8000000 64MB\ninfo: [drm] Initialized radeon 1.19.0 20050911\ninfo: [drm] Loading R200 Microcode\ninfo: [drm] Loading R200 Microcode\nath0: device timeout\nath0: device timeout\ninfo: [drm] Loading R200 Microcode\nath0: link state changed to DOWN\nath0: link state changed to UP\nath0: device timeout\nath0: device timeout\nath0: device timeout\ninfo: [drm] Loading R200 Microcode\nath0: link state changed to DOWN\nath0: link state changed to UP\ninfo: [drm] Loading R200 Microcode\nath0: device timeout\nath0: device timeout\nath0: device timeout\nath0: device timeout\nath0: device timeout\nath0: device timeout\nath0: device timeout\nath0: device timeout\nath0: device timeout\nath0: device timeout\nath0: device timeout\nath0: device timeout\nath0: device timeout\ninfo: [drm] Loading R200 Microcode\nath0: device timeout\nath0: device timeout\nath0: link state changed to DOWN\nath0: link state changed to UP\nath0: link state changed to DOWN\nath0: link state changed to UP\nath0: link state changed to DOWN\nath0: link state changed to UP\nath0: link state changed to DOWN\nath0: link state changed to UP\nath0: link state changed to DOWN\nath0: link state changed to UP\nath0: link state changed to DOWN\nath0: link state changed to UP\nath0: link state changed to DOWN\nath0: link state changed to UP\nath0: link state changed to DOWN\nath0: link state changed to UP\nath0: link state changed to DOWN\nath0: link state changed to UP\nath0: link state changed to DOWN\nath0: link state changed to UP\nath0: link state changed to DOWN\nath0: link state changed to UP\nath0: link state changed to DOWN\nath0: link state changed to UP\nath0: link state changed to DOWN\nath0: link state changed to UP\nath0: link state changed to DOWN\nath0: link state changed to UP\nath0: link state changed to DOWN\nath0: link state changed to UP\nath0: link state changed to DOWN\nath0: link state changed to UP\nath0: link state changed to DOWN\nath0: link state changed to UP\nath0: link state changed to DOWN\nath0: link state changed to UP\nath0: link state changed to DOWN\nath0: link state changed to UP\nath0: link state changed to DOWN\nath0: link state changed to UP\nath0: link state changed to DOWN\nath0: link state changed to UP\nath0: link state changed to DOWN\nath0: link state changed to UP\nath0: link state changed to DOWN\nath0: link state changed to UP\nath0: link state changed to DOWN\nath0: link state changed to UP\nath0: link state changed to DOWN\nath0: link state changed to UP\nath0: link state changed to DOWN\nath0: link state changed to UP\nath0: link state changed to DOWN\nath0: link state changed to UP\nath0: link state changed to DOWN\nath0: link state changed to UP\nath0: link state changed to DOWN\nath0: link state changed to UP\nath0: link state changed to DOWN\nath0: link state changed to UP\nath0: link state changed to DOWN\nath0: link state changed to UP\nath0: link state changed to DOWN\nath0: link state changed to UP\nath0: link state changed to DOWN\nath0: link state changed to UP\nath0: link state changed to DOWN\nath0: link state changed to UP\nath0: link state changed to DOWN\nath0: link state changed to UP\nath0: link state changed to DOWN\nath0: link state changed to UP\nath0: link state changed to DOWN\nath0: link state changed to UP\nath0: link state changed to DOWN\nath0: link state changed to UP\nath0: link state changed to DOWN\nath0: link state changed to UP\nath0: link state changed to DOWN\nath0: link state changed to UP\nath0: link state changed to DOWN\nath0: link state changed to UP\nath0: link state changed to DOWN\nath0: link state changed to UP\nath0: link state changed to DOWN\nath0: link state changed to UP\nath0: link state changed to DOWN\nath0: link state changed to UP\nath0: link state changed to DOWN\nath0: link state changed to UP\nath0: link state changed to DOWN\nath0: link state changed to UP\nath0: link state changed to DOWN\nath0: link state changed to UP\nath0: link state changed to DOWN\nath0: link state changed to UP\nath0: link state changed to DOWN\nath0: link state changed to UP\nath0: link state changed to DOWN\nath0: link state changed to UP\nath0: link state changed to DOWN\nath0: link state changed to UP\nath0: link state changed to DOWN\nath0: link state changed to UP\nath0: link state changed to DOWN\nath0: link state changed to UP\nath0: link state changed to DOWN\nath0: link state changed to UP\nath0: link state changed to DOWN\nath0: link state changed to UP\nath0: link state changed to DOWN\nath0: link state changed to UP\nath0: link state changed to DOWN\nath0: link state changed to UP\nath0: link state changed to DOWN\nath0: link state changed to UP\nath0: link state changed to DOWN\nath0: link state changed to UP\nath0: link state changed to DOWN\nath0: link state changed to UP\nath0: link state changed to DOWN\nath0: link state changed to UP\nath0: link state changed to DOWN\nath0: link state changed to UP\nath0: link state changed to DOWN\nath0: link state changed to UP\nath0: link state changed to DOWN\nath0: link state changed to UP\nath0: link state changed to DOWN\nath0: link state changed to UP\nath0: link state changed to DOWN\nath0: link state changed to UP\nath0: link state changed to DOWN\nath0: link state changed to UP\nath0: link state changed to DOWN\nath0: link state changed to UP\nath0: link state changed to DOWN\nath0: link state changed to UP\nath0: link state changed to DOWN\nath0: link state changed to UP\nath0: link state changed to DOWN\nath0: link state changed to UP\nath0: link state changed to DOWN\nath0: link state changed to UP\nath0: link state changed to DOWN\nath0: link state changed to UP\nath0: link state changed to DOWN\nath0: link state changed to UP\nath0: link state changed to DOWN\nath0: link state changed to UP\nath0: link state changed to DOWN\nath0: link state changed to UP\nath0: link state changed to DOWN\nath0: link state changed to UP\nath0: link state changed to DOWN\nath0: link state changed to UP\nath0: link state changed to DOWN\nath0: link state changed to UP\nath0: link state changed to DOWN\nath0: link state changed to UP\nath0: link state changed to DOWN\nath0: link state changed to UP\nath0: link state changed to DOWN\nath0: link state changed to UP\nath0: link state changed to DOWN\nath0: link state changed to UP\nath0: link state changed to DOWN\nath0: link state changed to UP\nath0: link state changed to DOWN\nath0: link state changed to UP\nath0: link state changed to DOWN\nath0: link state changed to UP\nath0: link state changed to DOWN\nath0: link state changed to UP\nath0: link state changed to DOWN\nath0: link state changed to UP\nath0: link state changed to DOWN\nath0: link state changed to UP\nath0: link state changed to DOWN\nath0: link state changed to UP\nath0: link state changed to DOWN\nath0: link state changed to UP\nath0: link state changed to DOWN\nath0: link state changed to UP\nath0: link state changed to DOWN\nath0: link state changed to UP\nath0: link state changed to DOWN\nath0: link state changed to UP\nath0: link state changed to DOWN\nath0: link state changed to UP\nath0: link state changed to DOWN\nath0: link state changed to UP\nath0: link state changed to DOWN\nath0: link state changed to UP\nath0: link state changed to DOWN\nath0: link state changed to UP\nath0: link state changed to DOWN\nath0: link state changed to UP\nath0: link state changed to DOWN\nath0: link state changed to UP\nath0: link state changed to DOWN\nath0: link state changed to UP\nath0: link state changed to DOWN\nath0: link state changed to UP\nath0: link state changed to DOWN\nath0: link state changed to UP\nath0: link state changed to DOWN\nath0: link state changed to UP\nath0: link state changed to DOWN\nath0: link state changed to UP\nath0: link state changed to DOWN\nath0: link state changed to UP\nath0: link state changed to DOWN\nath0: link state changed to UP\nath0: link state changed to DOWN\nath0: link state changed to UP\nath0: link state changed to DOWN\nath0: link state changed to UP\nath0: link state changed to DOWN\nath0: link state changed to UP\nath0: link state changed to DOWN\nath0: link state changed to UP\nath0: link state changed to DOWN\nath0: link state changed to UP\nath0: link state changed to DOWN\nath0: link state changed to UP\nath0: link state changed to DOWN\nath0: link state changed to UP\nath0: link state changed to DOWN\nath0: link state changed to UP\nath0: link state changed to DOWN\nath0: link state changed to UP\nath0: link state changed to DOWN\nath0: link state changed to UP\nath0: link state changed to DOWN\nath0: link state changed to UP\nath0: link state changed to DOWN\nath0: link state changed to UP\nath0: link state changed to DOWN\nath0: link state changed to UP\nath0: link state changed to DOWN\nath0: link state changed to UP\nath0: link state changed to DOWN\nath0: link state changed to UP\nath0: link state changed to DOWN\nath0: link state changed to UP\nath0: link state changed to DOWN\nath0: link state changed to UP\nath0: link state changed to DOWN\nath0: link state changed to UP\nath0: link state changed to DOWN\nath0: link state changed to UP\nath0: link state changed to DOWN\nath0: link state changed to UP\ninfo: [drm] Loading R200 Microcode\ninfo: [drm] Loading R200 Microcode\ninfo: [drm] Loading R200 Microcode\nath0: device timeout\nath0: device timeout\ninfo: [drm] Loading R200 Microcode\nath0: device timeout\nath0: device timeout\nath0: device timeout\nath0: device timeout\nath0: device timeout\nath0: device timeout\ninfo: [drm] Loading R200 Microcode\ninfo: [drm] Loading R200 Microcode\ninfo: [drm] Loading R200 Microcode\ninfo: [drm] Loading R200 Microcode\ninfo: [drm] Loading R200 Microcode\nath0: device timeout\nath0: device timeout\ninfo: [drm] Loading R200 Microcode\nath0: device timeout\nath0: device timeout\nath0: device timeout\ninfo: [drm] Loading R200 Microcode\nath0: device timeout\ninfo: [drm] Loading R200 Microcode\ninfo: [drm] Loading R200 Microcode\nath0: device timeout\nath0: device timeout\nath0: device timeout\nath0: device timeout\nath0: device timeout\nath0: device timeout\ninfo: [drm] Loading R200 Microcode\ninfo: [drm] Loading R200 Microcode\ninfo: [drm] Loading R200 Microcode\n################################################################################\n\nFix: \n\nIt not fix but helps\n-Temporary you can go to ttyvs0 (normally you will see these time out on that\n console or one you are not using) and press enter to get shell. Wait for 10\n seconds and ping again, it will start working.\nHow-To-Repeat: There are many ways to dulplicate this issue.\n\n1- You can trying pinging remote machine and it will time out after a min or so\n2- Browse websites and it will time out again.\n3- Leave it alone and it will time out too (local sendmail, http/Ftp is running)"
}