{
 "id": 646830,
 "bug_id": 164258,
 "attachment_id": 0,
 "creation_time": "2012-01-31T22:41:07Z",
 "creator": "james@mansionfamily.plus.com",
 "text": "Note sure this looks quite as I was expecting.  I added:\n\nverbose_loading=\"YES\"\nkern.msgbufsize=\"655360\"\n\nin loader.conf.  The msgbufsize didn't seem to extend the dmesg output much.\n\nCopyright (c) 1992-2012 The FreeBSD Project.\nCopyright (c) 1979, 1980, 1983, 1986, 1988, 1989, 1991, 1992, 1993, 1994\n         The Regents of the University of California. All rights reserved.\nFreeBSD is a registered trademark of The FreeBSD Foundation.\nFreeBSD 9.0-RELEASE #0: Tue Jan  3 07:46:30 UTC 2012\n     root@farrell.cse.buffalo.edu:/usr/obj/usr/src/sys/GENERIC amd64\nCPU: AMD E-350 Processor (1600.06-MHz K8-class CPU)\n   Origin = \"AuthenticAMD\"  Id = 0x500f10  Family = 14  Model = 1  \nStepping = 0\n   \nFeatures=0x178bfbff\u003cFPU,VME,DE,PSE,TSC,MSR,PAE,MCE,CX8,APIC,SEP,MTRR,PGE,MCA,CMOV,PAT,PSE36,CLFLUSH,MMX,FXSR,SSE,SSE2$\n   Features2=0x802209\u003cSSE3,MON,SSSE3,CX16,POPCNT\u003e\n   AMD Features=0x2e500800\u003cSYSCALL,NX,MMX+,FFXSR,Page1GB,RDTSCP,LM\u003e\n   AMD \nFeatures2=0x35ff\u003cLAHF,CMP,SVM,ExtAPIC,CR8,ABM,SSE4A,MAS,Prefetch,IBS,SKINIT,WDT\u003e\n   TSC: P-state invariant, performance statistics\nreal memory  = 8589934592 (8192 MB)\navail memory = 7811166208 (7449 MB)\nEvent timer \"LAPIC\" quality 400\nACPI APIC Table: \u003cALASKA A M I\u003e\nFreeBSD/SMP: Multiprocessor System Detected: 2 CPUs\nFreeBSD/SMP: 1 package(s) x 2 core(s)\n  cpu0 (BSP): APIC ID:  0\n  cpu1 (AP): APIC ID:  1\nACPI Warning: Optional field Pm2ControlBlock has zero address or length: \n0x0000000000000000/0x1 (20110527/tbfadt-586)\nioapic0: Changing APIC ID to 0\nioapic0 \u003cVersion 2.1\u003e irqs 0-23 on motherboard\nkbd1 at kbdmux0\nacpi0: \u003cALASKA A M I\u003e on motherboard\nacpi0: Power Button (fixed)\nTimecounter \"ACPI-fast\" frequency 3579545 Hz quality 900\nacpi_timer0: \u003c32-bit timer at 3.579545MHz\u003e port 0x808-0x80b on acpi0\ncpu0: \u003cACPI CPU\u003e on acpi0\ncpu1: \u003cACPI CPU\u003e on acpi0\nhpet0: \u003cHigh Precision Event Timer\u003e iomem 0xfed00000-0xfed003ff on acpi0\nTimecounter \"HPET\" frequency 14318180 Hz quality 950\nEvent timer \"HPET\" frequency 14318180 Hz quality 550\nEvent timer \"HPET1\" frequency 14318180 Hz quality 450\npcib0: \u003cACPI Host-PCI bridge\u003e port 0xcf8-0xcff on acpi0\npci0: \u003cACPI PCI bus\u003e on pcib0\nvgapci0: \u003cVGA-compatible display\u003e port 0xf000-0xf0ff mem \n0xc0000000-0xcfffffff,0xfeb00000-0xfeb3ffff irq 18 at device 1$\nhdac0: \u003cATI (Unknown) High Definition Audio Controller\u003e mem \n0xfeb44000-0xfeb47fff irq 19 at device 1.1 on pci0\npcib1: \u003cACPI PCI-PCI bridge\u003e irq 16 at device 4.0 on pci0\npci1: \u003cACPI PCI bus\u003e on pcib1\npcib2: \u003cPCI-PCI bridge\u003e at device 0.0 on pci1\npci2: \u003cPCI bus\u003e on pcib2\npcib1: no PRT entry for 1.0.INTC\nmfi0: \u003cDell PERC 5/i\u003e mem 0xd0000000-0xd000ffff,0xfea00000-0xfea1ffff \nirq 96 at device 14.0 on pci2\nmfi0: Megaraid SAS driver Ver 3.00\nmfi0: 10970 (379716350s/0x0020/info) - Hibernate command received from host\nmfi0: 10971 (boot + 0s/0x0020/info) - Firmware initialization started \n(PCI ID 0015/1028/1f02/1028)\nmfi0: 10972 (boot + 0s/0x0020/info) - Firmware version 1.03.40-0232\nmfi0: 10973 (boot + 0s/0x0020/info) - Firmware initialization started \n(PCI ID 0015/1028/1f02/1028)\nmfi0: 10974 (boot + 0s/0x0020/info) - Firmware version 1.03.40-0232\nmfi0: 10975 (boot + 0s/0x0020/info) - Firmware initialization started \n(PCI ID 0015/1028/1f02/1028)\nmfi0: 10976 (boot + 0s/0x0020/info) - Firmware version 1.03.40-0232\nmfi0: 10977 (boot + 0s/0x0020/info) - Firmware initialization started \n(PCI ID 0015/1028/1f02/1028)\nmfi0: 10978 (boot + 0s/0x0020/info) - Firmware version 1.03.40-0232\nmfi0: 10979 (boot + 0s/0x0020/info) - Firmware initialization started \n(PCI ID 0015/1028/1f02/1028)\nmfi0: 10980 (boot + 0s/0x0020/info) - Firmware version 1.03.40-0232\nmfi0: 10981 (boot + 2s/0x0008/info) - Battery Present\nmfi0: 10982 (boot + 2s/0x0020/info) - Package version 5.1.1-0050\nmfi0: 10983 (boot + 29s/0x0002/info) - Inserted: PD 00(e0/s0)\nmfi0: 10984 (boot + 29s/0x0002/info) - Inserted: PD 00(e0/s0) Info: \nenclPd=ffff, scsiType=0, portMap=01, sasAddr=5000c5$\nmfi0: 10985 (boot + 29s/0x0002/info) - Inserted: PD 01(e0/s1)\nmfi0: 10986 (boot + 29s/0x0002/info) - Inserted: PD 01(e0/s1) Info: \nenclPd=ffff, scsiType=0, portMap=02, sasAddr=5000c5$\nmfi0: 10987 (379880550s/0x0020/info) - Time established as 01/14/12 \n18:22:30; (30 seconds since power on)\nmfi0: 10988 (379880551s/0x0020/info) - Patrol Read started\nmfi0: 10989 (boot + 0s/0x0020/info) - Firmware initialization started \n(PCI ID 0015/1028/1f02/1028)\nmfi0: 10990 (boot + 0s/0x0020/info) - Firmware version 1.03.40-0232\nmfi0: 10991 (boot + 2s/0x0008/info) - Battery Present\nmfi0: 10992 (boot + 2s/0x0020/info) - Package version 5.1.1-0050\nmfi0: 10993 (boot + 29s/0x0002/info) - Inserted: PD 00(e0/s0)\nmfi0: 10994 (boot + 29s/0x0002/info) - Inserted: PD 00(e0/s0) Info: \nenclPd=ffff, scsiType=0, portMap=01, sasAddr=5000c5$\nmfi0: 10995 (boot + 29s/0x0002/info) - Inserted: PD 01(e0/s1)\nmfi0: 10996 (boot + 29s/0x0002/info) - Inserted: PD 01(e0/s1) Info: \nenclPd=ffff, scsiType=0, portMap=02, sasAddr=5000c5$\nmfi0: 10997 (boot + 29s/0x0020/info) - Patrol Read resumed\nmfi0: 10998 (379880607s/0x0020/info) - Time established as 01/14/12 \n18:23:27; (30 seconds since power on)\nmfi0: 11001 (379880664s/0x0008/info) - Battery temperature is normal\nmfi0: 11002 (379880664s/0x0008/info) - Battery started charging\nmfi0: 11003 (379880664s/0x0008/info) - Current capacity of the battery \nis above threshold\nmfi0: 11006 (boot + 0s/0x0020/info) - Firmware initialization started \n(PCI ID 0015/1028/1f02/1028)\nmfi0: 11007 (boot + 0s/0x0020/info) - Firmware version 1.03.40-0232\nmfi0: 11008 (boot + 2s/0x0008/info) - Battery Present\nmfi0: 11009 (boot + 2s/0x0020/info) - Package version 5.1.1-0050\nmfi0: 11010 (boot + 29s/0x0002/info) - Inserted: PD 00(e0/s0)\nmfi0: 11011 (boot + 29s/0x0002/info) - Inserted: PD 00(e0/s0) Info: \nenclPd=ffff, scsiType=0, portMap=01, sasAddr=5000c5$\nmfi0: 11012 (boot + 29s/0x0002/info) - Inserted: PD 01(e0/s1)\nmfi0: 11013 (boot + 29s/0x0002/info) - Inserted: PD 01(e0/s1) Info: \nenclPd=ffff, scsiType=0, portMap=02, sasAddr=5000c5$\nmfi0: 11014 (boot + 30s/0x0020/info) - Patrol Read resumed\nmfi0: 11015 (379880735s/0x0020/info) - Time established as 01/14/12 \n18:25:35; (30 seconds since power on)\nmfi0: 11020 (379880792s/0x0008/info) - Battery temperature is normal\nmfi0: 11021 (379880792s/0x0008/info) - Battery started charging\nmfi0: 11022 (379880792s/0x0008/info) - Current capacity of the battery \nis above threshold\nmfi0: 11037 (379881136s/0x0020/info) - Patrol Read complete\nmfi0: 11038 (379884237s/0x0008/info) - Battery charge complete\nmfi0: 11039 (boot + 0s/0x0020/info) - Firmware initialization started \n(PCI ID 0015/1028/1f02/1028)\nmfi0: 11040 (boot + 0s/0x0020/info) - Firmware version 1.03.40-0232\nmfi0: 11041 (boot + 2s/0x0008/info) - Battery Present\nmfi0: 11042 (boot + 2s/0x0020/info) - Package version 5.1.1-0050\nmfi0: 11043 (boot + 29s/0x0002/info) - Inserted: PD 00(e0/s0)\nmfi0: 11044 (boot + 29s/0x0002/info) - Inserted: PD 00(e0/s0) Info: \nenclPd=ffff, scsiType=0, portMap=01, sasAddr=5000c5$\nmfi0: 11045 (boot + 29s/0x0002/info) - Inserted: PD 01(e0/s1)\nmfi0: 11046 (boot + 29s/0x0002/info) - Inserted: PD 01(e0/s1) Info: \nenclPd=ffff, scsiType=0, portMap=02, sasAddr=5000c5$\nmfi0: 11047 (379930811s/0x0020/info) - Time established as 01/15/12  \n8:20:11; (30 seconds since power on)\nmfi0: 11048 (379930868s/0x0008/info) - Battery temperature is normal\nmfi0: 11049 (379930868s/0x0008/info) - Current capacity of the battery \nis above threshold\nmfi0: 11050 (379930933s/0x0008/info) - Battery started charging\nmfi0: 11051 (boot + 0s/0x0020/info) - Firmware initialization started \n(PCI ID 0015/1028/1f02/1028)\nmfi0: 11052 (boot + 0s/0x0020/info) - Firmware version 1.03.40-0232\nmfi0: 11053 (boot + 2s/0x0008/info) - Battery Present\nmfi0: 11054 (boot + 2s/0x0020/info) - Package version 5.1.1-0050\nmfi0: 11055 (boot + 29s/0x0002/info) - Inserted: PD 00(e0/s0)\nmfi0: 11056 (boot + 29s/0x0002/info) - Inserted: PD 00(e0/s0) Info: \nenclPd=ffff, scsiType=0, portMap=01, sasAddr=5000c5$\nmfi0: 11057 (boot + 29s/0x0002/info) - Inserted: PD 01(e0/s1)\nmfi0: 11058 (boot + 29s/0x0002/info) - Inserted: PD 01(e0/s1) Info: \nenclPd=ffff, scsiType=0, portMap=02, sasAddr=5000c5$\nmfi0: 11059 (379930990s/0x0020/info) - Time established as 01/15/12  \n8:23:10; (30 seconds since power on)\nmfi0: 11060 (379931047s/0x0008/info) - Battery temperature is normal\nmfi0: 11061 (379931047s/0x0008/info) - Battery started charging\nmfi0: 11062 (379931047s/0x0008/info) - Current capacity of the battery \nis above threshold\nmfi0: 11063 (379932542s/0x0008/info) - Battery charge complete\nmfi0: 11064 (380430000s/0x0020/info) - Patrol Read started\nmfi0: 11085 (380430484s/0x0020/info) - Patrol Read complete\nmfi0: 11086 (381034800s/0x0020/info) - Patrol Read started\nmfi0: 11109 (381035284s/0x0020/info) - Patrol Read complete\nmfi0: 11110 (boot + 0s/0x0020/info) - Firmware initialization started \n(PCI ID 0015/1028/1f02/1028)\nmfi0: 11111 (boot + 0s/0x0020/info) - Firmware version 1.03.40-0232\nmfi0: 11112 (boot + 2s/0x0008/info) - Battery Present\nmfi0: 11113 (boot + 2s/0x0020/info) - Package version 5.1.1-0050\nmfi0: 11114 (boot + 29s/0x0002/info) - Inserted: PD 00(e0/s0)\nmfi0: 11115 (boot + 29s/0x0002/info) - Inserted: PD 00(e0/s0) Info: \nenclPd=ffff, scsiType=0, portMap=01, sasAddr=5000c5$\nmfi0: 11116 (boot + 29s/0x0002/info) - Inserted: PD 01(e0/s1)\nmfi0: 11117 (boot + 29s/0x0002/info) - Inserted: PD 01(e0/s1) Info: \nenclPd=ffff, scsiType=0, portMap=02, sasAddr=5000c5$\nmfi0: 11118 (381141887s/0x0020/info) - Time established as 01/29/12  \n8:44:47; (30 seconds since power on)\nmfi0: 11119 (381141944s/0x0008/info) - Battery temperature is normal\nmfi0: 11120 (381141944s/0x0008/info) - Current capacity of the battery \nis above threshold\nmfi0: 11121 (381142009s/0x0008/info) - Battery started charging\nmfi0: 11122 (381142789s/0x0008/info) - Battery charge complete\nmfi0: 11123 (boot + 0s/0x0020/info) - Firmware initialization started \n(PCI ID 0015/1028/1f02/1028)\nmfi0: 11124 (boot + 0s/0x0020/info) - Firmware version 1.03.40-0232\nmfi0: 11125 (boot + 2s/0x0008/info) - Battery Present\nmfi0: 11126 (boot + 2s/0x0020/info) - Package version 5.1.1-0050\nmfi0: 11127 (boot + 29s/0x0002/info) - Inserted: PD 00(e0/s0)\nmfi0: 11128 (boot + 29s/0x0002/info) - Inserted: PD 00(e0/s0) Info: \nenclPd=ffff, scsiType=0, portMap=01, sasAddr=5000c5$\nmfi0: 11129 (boot + 29s/0x0002/info) - Inserted: PD 01(e0/s1)\nmfi0: 11130 (boot + 29s/0x0002/info) - Inserted: PD 01(e0/s1) Info: \nenclPd=ffff, scsiType=0, portMap=02, sasAddr=5000c5$\nmfi0: 11131 (381362831s/0x0020/info) - Time established as 01/31/12 \n22:07:11; (30 seconds since power on)\nmfi0: 11132 (381362888s/0x0008/info) - Battery temperature is normal\nmfi0: 11133 (381362888s/0x0008/info) - Battery started charging\nmfi0: 11134 (381362888s/0x0008/info) - Current capacity of the battery \nis above threshold\nmfi0: 11135 (boot + 0s/0x0020/info) - Firmware initialization started \n(PCI ID 0015/1028/1f02/1028)\nmfi0: 11136 (boot + 0s/0x0020/info) - Firmware version 1.03.40-0232\nmfi0: 11137 (boot + 2s/0x0008/info) - Battery Present\nmfi0: 11138 (boot + 2s/0x0020/info) - Package version 5.1.1-0050\nmfi0: 11139 (boot + 29s/0x0002/info) - Inserted: PD 00(e0/s0)\nmfi0: 11140 (boot + 29s/0x0002/info) - Inserted: PD 00(e0/s0) Info: \nenclPd=ffff, scsiType=0, portMap=01, sasAddr=5000c5$\nmfi0: 11141 (boot + 29s/0x0002/info) - Inserted: PD 01(e0/s1)\nmfi0: 11142 (boot + 29s/0x0002/info) - Inserted: PD 01(e0/s1) Info: \nenclPd=ffff, scsiType=0, portMap=02, sasAddr=5000c5$\nmfi0: 11143 (381363278s/0x0020/info) - Time established as 01/31/12 \n22:14:38; (30 seconds since power on)\nmfi0: 11144 (381363335s/0x0008/info) - Battery temperature is normal\nmfi0: 11145 (381363335s/0x0008/info) - Battery started charging\nmfi0: 11146 (381363335s/0x0008/info) - Current capacity of the battery \nis above threshold\nmfi0: 11147 (boot + 0s/0x0020/info) - Firmware initialization started \n(PCI ID 0015/1028/1f02/1028)\nmfi0: 11148 (boot + 0s/0x0020/info) - Firmware version 1.03.40-0232\nmfi0: 11149 (boot + 2s/0x0008/info) - Battery Present\nmfi0: 11150 (boot + 2s/0x0020/info) - Package version 5.1.1-0050\nmfi0: 11151 (boot + 29s/0x0002/info) - Inserted: PD 00(e0/s0)\nmfi0: 11152 (boot + 29s/0x0002/info) - Inserted: PD 00(e0/s0) Info: \nenclPd=ffff, scsiType=0, portMap=01, sasAddr=5000c5$\nmfi0: 11153 (boot + 29s/0x0002/info) - Inserted: PD 01(e0/s1)\nmfi0: 11154 (boot + 29s/0x0002/info) - Inserted: PD 01(e0/s1) Info: \nenclPd=ffff, scsiType=0, portMap=02, sasAddr=5000c5$\nmfi0: 11155 (381364073s/0x0020/info) - Time established as 01/31/12 \n22:27:53; (30 seconds since power on)\nmfi0: 11156 (381364130s/0x0008/info) - Battery temperature is normal\nmfi0: 11157 (381364130s/0x0008/info) - Battery started charging\nmfi0: Cannot allocate interrupt\ndevice_attach: mfi0 attach returned 22\npcib3: \u003cPCI-PCI bridge\u003e at device 0.2 on pci1\npci3: \u003cPCI bus\u003e on pcib3\nahci0: \u003cATI IXP700 AHCI SATA controller\u003e port \n0xf140-0xf147,0xf130-0xf133,0xf120-0xf127,0xf110-0xf113,0xf100-0xf10f mem$\nahci0: AHCI v1.20 with 6 6Gbps ports, Port Multiplier supported\nahcich0: \u003cAHCI channel\u003e at channel 0 on ahci0\nahcich1: \u003cAHCI channel\u003e at channel 1 on ahci0\nahcich2: \u003cAHCI channel\u003e at channel 2 on ahci0\nahcich3: \u003cAHCI channel\u003e at channel 3 on ahci0\nahcich4: \u003cAHCI channel\u003e at channel 4 on ahci0\nahcich5: \u003cAHCI channel\u003e at channel 5 on ahci0\nohci0: \u003cOHCI (generic) USB controller\u003e mem 0xfeb4e000-0xfeb4efff irq 18 \nat device 18.0 on pci0\nusbus0: \u003cOHCI (generic) USB controller\u003e on ohci0\nehci0: \u003cEHCI (generic) USB 2.0 controller\u003e mem 0xfeb4d000-0xfeb4d0ff irq \n17 at device 18.2 on pci0\nusbus1: EHCI version 1.0\nusbus1: \u003cEHCI (generic) USB 2.0 controller\u003e on ehci0\nohci1: \u003cOHCI (generic) USB controller\u003e mem 0xfeb4c000-0xfeb4cfff irq 18 \nat device 19.0 on pci0\nusbus2: \u003cOHCI (generic) USB controller\u003e on ohci1\nehci1: \u003cEHCI (generic) USB 2.0 controller\u003e mem 0xfeb4b000-0xfeb4b0ff irq \n17 at device 19.2 on pci0\nusbus3: EHCI version 1.0\nusbus3: \u003cEHCI (generic) USB 2.0 controller\u003e on ehci1\npci0: \u003cserial bus, SMBus\u003e at device 20.0 (no driver attached)\nhdac1: \u003cATI SB600 High Definition Audio Controller\u003e mem \n0xfeb40000-0xfeb43fff irq 16 at device 20.2 on pci0\nisab0: \u003cPCI-ISA bridge\u003e at device 20.3 on pci0\nisa0: \u003cISA bus\u003e on isab0\npcib4: \u003cACPI PCI-PCI bridge\u003e at device 20.4 on pci0\npci4: \u003cACPI PCI bus\u003e on pcib4\nohci2: \u003cOHCI (generic) USB controller\u003e mem 0xfeb4a000-0xfeb4afff irq 18 \nat device 20.5 on pci0\nusbus4: \u003cOHCI (generic) USB controller\u003e on ohci2\npcib5: \u003cACPI PCI-PCI bridge\u003e at device 21.0 on pci0\npci5: \u003cACPI PCI bus\u003e on pcib5\nmskc0: \u003cMarvell Yukon 88E8057 Gigabit Ethernet\u003e port 0xe000-0xe0ff mem \n0xfe920000-0xfe923fff irq 16 at device 0.0 on pc$\nmsk0: \u003cMarvell Technology Group Ltd. Yukon Ultra 2 Id 0xba Rev 0x00\u003e on \nmskc0\nmsk0: Ethernet address: dc:9c:52:07:a5:7f\nmiibus0: \u003cMII bus\u003e on msk0\ne1000phy0: \u003cMarvell 88E1149 Gigabit PHY\u003e PHY 0 on miibus0\ne1000phy0:  none, 10baseT, 10baseT-FDX, 100baseTX, 100baseTX-FDX, \n1000baseT, 1000baseT-master, 1000baseT-FDX, 1000baseT$\npcib6: \u003cACPI PCI-PCI bridge\u003e at device 21.1 on pci0\npci6: \u003cACPI PCI bus\u003e on pcib6\nxhci0: \u003cXHCI (generic) USB 3.0 controller\u003e mem 0xfe800000-0xfe801fff irq \n17 at device 0.0 on pci6\nxhci0: 32 byte context size.\nusbus5 on xhci0\nohci3: \u003cOHCI (generic) USB controller\u003e mem 0xfeb49000-0xfeb49fff irq 18 \nat device 22.0 on pci0\nusbus6: \u003cOHCI (generic) USB controller\u003e on ohci3\nehci2: \u003cEHCI (generic) USB 2.0 controller\u003e mem 0xfeb48000-0xfeb480ff irq \n17 at device 22.2 on pci0\nusbus7: EHCI version 1.0\nusbus7: \u003cEHCI (generic) USB 2.0 controller\u003e on ehci2\nacpi_button0: \u003cPower Button\u003e on acpi0\nacpi_lid0: \u003cControl Method Lid Switch\u003e on acpi0\nuart0: \u003c16550 or compatible\u003e port 0x3f8-0x3ff irq 4 flags 0x10 on acpi0\nattimer0: \u003cAT timer\u003e port 0x40-0x43 irq 0 on acpi0\nTimecounter \"i8254\" frequency 1193182 Hz quality 0\nEvent timer \"i8254\" frequency 1193182 Hz quality 100\natrtc0: \u003cAT realtime clock\u003e port 0x70-0x71 irq 8 on acpi0\nEvent timer \"RTC\" frequency 32768 Hz quality 0\natkbdc0: \u003cKeyboard controller (i8042)\u003e port 0x60,0x64 irq 1 on acpi0\natkbd0: \u003cAT Keyboard\u003e irq 1 on atkbdc0\nkbd0 at atkbd0\natkbd0: [GIANT-LOCKED]\nsc0: \u003cSystem console\u003e at flags 0x100 on isa0\nsc0: VGA \u003c16 virtual consoles, flags=0x300\u003e\nvga0: \u003cGeneric ISA VGA\u003e at port 0x3c0-0x3df iomem 0xa0000-0xbffff on isa0\nppc0: cannot reserve I/O port range\nacpi_throttle0: \u003cACPI CPU Throttling\u003e on cpu0\nhwpstate0: \u003cCool`n'Quiet 2.0\u003e on cpu0\nacpi_throttle1: \u003cACPI CPU Throttling\u003e on cpu1\nacpi_throttle1: failed to attach P_CNT\ndevice_attach: acpi_throttle1 attach returned 6\nTimecounters tick every 1.000 msec\nhdac0: HDA Codec #0: ATI R6xx HDMI\npcm0: \u003cHDA ATI R6xx HDMI PCM #0 HDMI\u003e at cad 0 nid 1 on hdac0\nhdac1: HDA Codec #3: Realtek ALC892\npcm1: \u003cHDA Realtek ALC892 PCM #0 Analog\u003e at cad 3 nid 1 on hdac1\npcm2: \u003cHDA Realtek ALC892 PCM #1 Analog\u003e at cad 3 nid 1 on hdac1\npcm3: \u003cHDA Realtek ALC892 PCM #2 Digital\u003e at cad 3 nid 1 on hdac1\nusbus0: 12Mbps Full Speed USB v1.0\nusbus1: 480Mbps High Speed USB v2.0\nusbus2: 12Mbps Full Speed USB v1.0\nusbus3: 480Mbps High Speed USB v2.0\nusbus4: 12Mbps Full Speed USB v1.0\nusbus5: 5.0Gbps Super Speed USB v3.0\nusbus6: 12Mbps Full Speed USB v1.0\nusbus7: 480Mbps High Speed USB v2.0\nugen0.1: \u003cATI\u003e at usbus0\nuhub0: \u003cATI OHCI root HUB, class 9/0, rev 1.00/1.00, addr 1\u003e on usbus0\nugen1.1: \u003cATI\u003e at usbus1\nuhub1: \u003cATI EHCI root HUB, class 9/0, rev 2.00/1.00, addr 1\u003e on usbus1\nugen2.1: \u003cATI\u003e at usbus2\nuhub2: \u003cATI OHCI root HUB, class 9/0, rev 1.00/1.00, addr 1\u003e on usbus2\nugen3.1: \u003cATI\u003e at usbus3\nuhub3: \u003cATI EHCI root HUB, class 9/0, rev 2.00/1.00, addr 1\u003e on usbus3\nugen4.1: \u003cATI\u003e at usbus4\nuhub4: \u003cATI OHCI root HUB, class 9/0, rev 1.00/1.00, addr 1\u003e on usbus4\nugen5.1: \u003c0x1033\u003e at usbus5\nuhub5: \u003c0x1033 XHCI root HUB, class 9/0, rev 3.00/1.00, addr 1\u003e on usbus5\nugen6.1: \u003cATI\u003e at usbus6\nuhub6: \u003cATI OHCI root HUB, class 9/0, rev 1.00/1.00, addr 1\u003e on usbus6\nugen7.1: \u003cATI\u003e at usbus7\nuhub7: \u003cATI EHCI root HUB, class 9/0, rev 2.00/1.00, addr 1\u003e on usbus7\nada0 at ahcich0 bus 0 scbus0 target 0 lun 0\nada0: \u003cCorsair Force 3 SSD 1.2\u003e ATA-9 SATA 3.x device\nada0: 600.000MB/s transfers (SATA 3.x, UDMA6, PIO 8192bytes)\nada0: Command Queueing enabled\nada0: 114473MB (234441648 512 byte sectors: 16H 63S/T 16383C)\nada0: Previously was known as ad4\nada1 at ahcich1 bus 0 scbus1 target 0 lun 0\nada1: \u003cHitachi HDS5C3020ALA632 ML6OA580\u003e ATA-8 SATA 3.x device\nada1: 600.000MB/s transfers (SATA 3.x, UDMA6, PIO 8192bytes)\nada1: Command Queueing enabled\nada1: 1907729MB (3907029168 512 byte sectors: 16H 63S/T 16383C)\nada1: Previously was known as ad6\nada2 at ahcich2 bus 0 scbus2 target 0 lun 0\nada2: \u003cHitachi HDS5C3020ALA632 ML6OA580\u003e ATA-8 SATA 3.x device\nada2: 600.000MB/s transfers (SATA 3.x, UDMA6, PIO 8192bytes)\nada2: Command Queueing enabled\nada2: 1907729MB (3907029168 512 byte sectors: 16H 63S/T 16383C)\nada2: Previously was known as ad8\nada3 at ahcich3 bus 0 scbus3 target 0 lun 0\nada3: \u003cHitachi HDS5C3020ALA632 ML6OA580\u003e ATA-8 SATA 3.x device\nada3: 600.000MB/s transfers (SATA 3.x, UDMA6, PIO 8192bytes)\nada3: Command Queueing enabled\nada3: 1907729MB (3907029168 512 byte sectors: 16H 63S/T 16383C)\nada3: Previously was known as ad10\nada4 at ahcich4 bus 0 scbus4 target 0 lun 0\nada4: \u003cHitachi HDS5C3020ALA632 ML6OA580\u003e ATA-8 SATA 3.x device\nada4: 600.000MB/s transfers (SATA 3.x, UDMA6, PIO 8192bytes)\nada4: Command Queueing enabled\nada4: 1907729MB (3907029168 512 byte sectors: 16H 63S/T 16383C)\nada4: Previously was known as ad12\nSMP: AP CPU #1 Launched!\nTimecounter \"TSC-low\" frequency 12500455 Hz quality 800\nuhub4: 2 ports with 2 removable, self powered\nuhub6: 4 ports with 4 removable, self powered\nuhub0: 5 ports with 5 removable, self powered\nuhub2: 5 ports with 5 removable, self powered\nuhub5: 4 ports with 4 removable, self powered\nRoot mount waiting for: usbus7 usbus3 usbus1\nRoot mount waiting for: usbus7 usbus3 usbus1\nuhub7: 4 ports with 4 removable, self powered\nuhub1: 5 ports with 5 removable, self powered\nuhub3: 5 ports with 5 removable, self powered\nTrying to mount root from ufs:/dev/ada0p3 [rw]...\nugen2.2: \u003cNOVATEK\u003e at usbus2\nukbd0: \u003cNOVATEK USB Keyboard, class 0/0, rev 1.10/1.12, addr 2\u003e on usbus2\nkbd2 at ukbd0\nuhid0: \u003cNOVATEK USB Keyboard, class 0/0, rev 1.10/1.12, addr 2\u003e on usbus2\nugen0.2: \u003cvendor 0x0cf3\u003e at usbus0\nZFS filesystem version 5\nZFS storage pool version 28"
}