{
 "id": 392541,
 "bug_id": 112640,
 "attachment_id": 0,
 "creation_time": "2007-05-13T20:30:06Z",
 "creator": "klaas@kite.ping.de",
 "text": "The system freezes almost immediately when copying a\nfile to a usb disk slice that is formatted with Linux' ext2\nfilesystem. \"Freeze\" means that the system stops responding to any\nkeyboard or mouse input, the mouse pointer no longer moves.\n\nAfter the necessary hard reboot the target file exists but is empty.\nThe resulting damage to the ext2fs filesystem is usually limited.\n\nThe problem has been persistent since Kernel release 6.1. /usr/src was\nrefreshed from stable on May 12th, 2007. The problem is independent\nfrom the method of connecting the disk to the system (hotplug or at\nboot time). The hardware works flawlessly under a different OS (Linux).\n\nThe file that is copied to the disk is 2097152000 bytes (~2GB)\nlarge. It is unknown if the file size has an impact; the target disk\nis my backup drive, so I am reluctant to experiment with it.\nSimilarly, it is unknown if the problem is related to the fact that\nthe disk is formatted with ext2.\n\n/etc/make.conf parameters: CFLAGS+=-pipe -O2 -march=k8\n\nSuspected cause of the problem: Deadlock within the kernel; potentially\ndue to a race condition.\n\nFix: None known\n\n\n\n\nId Refs Address            Size     Name\n 1    6 0xffffffff80100000 9868b0   kernel\n 2    1 0xffffffff80a87000 6980     snd_ich.ko\n 3    2 0xffffffff80a8e000 34000    sound.ko\n 4    1 0xffffffffb4948000 b7e7     ext2fs.ko\n 5    1 0xffffffffb4966000 1059     daemon_saver.ko\n--- kldstat.out ends here -----gStBuIE1NFxa6KcvvbS6LOYyyFuNZqOe2msymlhWrg5xnwbZ\nContent-Type: text/plain; name=\"dmesg.log\"\nContent-Transfer-Encoding: 7bit\nContent-Disposition: attachment; filename=\"dmesg.log\"\n\nCopyright (c) 1992-2007 The FreeBSD Project.\nCopyright (c) 1979, 1980, 1983, 1986, 1988, 1989, 1991, 1992, 1993, 1994\n\tThe Regents of the University of California. All rights reserved.\nFreeBSD is a registered trademark of The FreeBSD Foundation.\nFreeBSD 6.2-STABLE #2: Sun May 13 13:35:35 EDT 2007\n    root@line:/usr/obj/usr/src/sys/GENERIC\nTimecounter \"i8254\" frequency 1193182 Hz quality 0\nCPU: AMD Athlon(tm) 64 X2 Dual Core Processor 3800+ (2010.31-MHz K8-class CPU)\n  Origin = \"AuthenticAMD\"  Id = 0x40fb2  Stepping = 2\n  Features=0x178bfbff\u003cFPU,VME,DE,PSE,TSC,MSR,PAE,MCE,CX8,APIC,SEP,MTRR,PGE,MCA,CMOV,PAT,PSE36,CLFLUSH,MMX,FXSR,SSE,SSE2,HTT\u003e\n  Features2=0x2001\u003cSSE3,CX16\u003e\n  AMD Features=0xea500800\u003cSYSCALL,NX,MMX+,FFXSR,RDTSCP,LM,3DNow!+,3DNow!\u003e\n  AMD Features2=0x1f\u003cLAHF,CMP,SVM,ExtAPIC,CR8\u003e\n  Cores per package: 2\nreal memory  = 2147418112 (2047 MB)\navail memory = 2061783040 (1966 MB)\nACPI APIC Table: \u003cNvidia AWRDACPI\u003e\nioapic0: Changing APIC ID to 2\nioapic0 \u003cVersion 1.1\u003e irqs 0-23 on motherboard\nkbd1 at kbdmux0\nath_hal: 0.9.20.3 (AR5210, AR5211, AR5212, RF5111, RF5112, RF2413, RF5413)\nacpi0: \u003cNvidia AWRDACPI\u003e on motherboard\nacpi_bus_number: can't get _ADR\nacpi_bus_number: can't get _ADR\nacpi0: Power Button (fixed)\nacpi_bus_number: can't get _ADR\nacpi_bus_number: can't get _ADR\nacpi0: reservation of 290, 5 (4) failed\nTimecounter \"ACPI-fast\" frequency 3579545 Hz quality 1000\nacpi_timer0: \u003c24-bit timer at 3.579545MHz\u003e port 0x1008-0x100b on acpi0\ncpu0: \u003cACPI CPU\u003e on acpi0\nacpi_button0: \u003cPower Button\u003e on acpi0\npcib0: \u003cACPI Host-PCI bridge\u003e port 0xcf8-0xcff on acpi0\npci0: \u003cACPI PCI bus\u003e on pcib0\npci0: \u003cmemory\u003e at device 0.0 (no driver attached)\nisab0: \u003cPCI-ISA bridge\u003e at device 1.0 on pci0\nisa0: \u003cISA bus\u003e on isab0\npci0: \u003cserial bus, SMBus\u003e at device 1.1 (no driver attached)\nohci0: \u003cOHCI (generic) USB controller\u003e mem 0xea102000-0xea102fff irq 21 at device 2.0 on pci0\nohci0: [GIANT-LOCKED]\nusb0: OHCI version 1.0, legacy support\nusb0: SMM does not respond, resetting\nusb0: \u003cOHCI (generic) USB controller\u003e on ohci0\nusb0: USB revision 1.0\nuhub0: nVidia OHCI root hub, class 9/0, rev 1.00/1.00, addr 1\nuhub0: 10 ports with 10 removable, self powered\nehci0: \u003cNVIDIA nForce4 USB 2.0 controller\u003e mem 0xfeb00000-0xfeb000ff irq 22 at device 2.1 on pci0\nehci0: [GIANT-LOCKED]\nusb1: EHCI version 1.0\nusb1: companion controller, 4 ports each: usb0\nusb1: \u003cNVIDIA nForce4 USB 2.0 controller\u003e on ehci0\nusb1: USB revision 2.0\nuhub1: nVidia EHCI root hub, class 9/0, rev 2.00/1.00, addr 1\nuhub1: 10 ports with 10 removable, self powered\numass0: Cypress Semiconductor USB2.0 Storage Device, rev 2.00/0.01, addr 2\numass0: Get Max Lun not supported (STALLED)\npcm0: \u003cnVidia nForce4\u003e port 0xb800-0xb8ff,0xbc00-0xbcff mem 0xea105000-0xea105fff irq 23 at device 4.0 on pci0\npcm0: \u003cAvance Logic ALC850 AC97 Codec\u003e\natapci0: \u003cnVidia nForce CK804 UDMA133 controller\u003e port 0x1f0-0x1f7,0x3f6,0x170-0x177,0x376,0xf000-0xf00f at device 6.0 on pci0\nata0: \u003cATA channel 0\u003e on atapci0\nata1: \u003cATA channel 1\u003e on atapci0\natapci1: \u003cnVidia nForce CK804 SATA300 controller\u003e port 0x9f0-0x9f7,0xbf0-0xbf3,0x970-0x977,0xb70-0xb73,0xd000-0xd00f mem 0xea100000-0xea100fff irq 21 at device 7.0 on pci0\nata2: \u003cATA channel 0\u003e on atapci1\nata3: \u003cATA channel 1\u003e on atapci1\natapci2: \u003cnVidia nForce CK804 SATA300 controller\u003e port 0x9e0-0x9e7,0xbe0-0xbe3,0x960-0x967,0xb60-0xb63,0xe400-0xe40f mem 0xea101000-0xea101fff irq 22 at device 8.0 on pci0\nata4: \u003cATA channel 0\u003e on atapci2\nata5: \u003cATA channel 1\u003e on atapci2\npcib1: \u003cACPI PCI-PCI bridge\u003e at device 9.0 on pci0\npci1: \u003cACPI PCI bus\u003e on pcib1\nfwohci0: \u003cTexas Instruments TSB43AB23\u003e mem 0xea004000-0xea0047ff,0xea000000-0xea003fff irq 18 at device 10.0 on pci1\nfwohci0: OHCI version 1.10 (ROM=1)\nfwohci0: No. of Isochronous channels is 4.\nfwohci0: EUI64 00:16:e6:00:00:b6:17:df\nfwohci0: Phy 1394a available S400, 3 ports.\nfwohci0: Link S400, max_rec 2048 bytes.\nfirewire0: \u003cIEEE1394(FireWire) bus\u003e on fwohci0\nfwe0: \u003cEthernet over FireWire\u003e on firewire0\nif_fwe0: Fake Ethernet address: 02:16:e6:b6:17:df\nfwe0: Ethernet address: 02:16:e6:b6:17:df\nfwe0: if_start running deferred for Giant\nsbp0: \u003cSBP-2/SCSI over FireWire\u003e on firewire0\nfwohci0: Initiate bus reset\nfwohci0: BUS reset\nfwohci0: node_id=0xc800ffc0, gen=1, CYCLEMASTER mode\nfirewire0: 1 nodes, maxhop \u003c= 0, cable IRM = 0 (me)\nfirewire0: bus manager 0 (me)\nnve0: \u003cNVIDIA nForce MCP9 Networking Adapter\u003e port 0xe800-0xe807 mem 0xea103000-0xea103fff irq 23 at device 10.0 on pci0\nnve0: Ethernet address 00:16:e6:5b:74:4e\nmiibus0: \u003cMII bus\u003e on nve0\ne1000phy0: \u003cMarvell 88E1116 Gigabit PHY\u003e on miibus0\ne1000phy0:  10baseT, 10baseT-FDX, 100baseTX, 100baseTX-FDX, 1000baseTX-FDX, auto\nnve0: Ethernet address: 00:16:e6:5b:74:4e\npcib2: \u003cACPI PCI-PCI bridge\u003e at device 11.0 on pci0\npci2: \u003cACPI PCI bus\u003e on pcib2\npcib3: \u003cACPI PCI-PCI bridge\u003e at device 12.0 on pci0\npci3: \u003cACPI PCI bus\u003e on pcib3\npcib4: \u003cACPI PCI-PCI bridge\u003e at device 13.0 on pci0\npci4: \u003cACPI PCI bus\u003e on pcib4\npcib5: \u003cACPI PCI-PCI bridge\u003e at device 14.0 on pci0\npci5: \u003cACPI PCI bus\u003e on pcib5\npci5: \u003cdisplay, VGA\u003e at device 0.0 (no driver attached)\npci5: \u003cdisplay\u003e at device 0.1 (no driver attached)\nfdc0: \u003cfloppy drive controller\u003e port 0x3f0-0x3f5,0x3f7 irq 6 drq 2 on acpi0\nfdc0: [FAST]\nfd0: \u003c1440-KB 3.5\" drive\u003e on fdc0 drive 0\nsio0: \u003c16550A-compatible COM port\u003e port 0x3f8-0x3ff irq 4 flags 0x10 on acpi0\nsio0: type 16550A\nppc0: \u003cStandard parallel printer port\u003e port 0x378-0x37f irq 7 on acpi0\nppc0: Generic chipset (NIBBLE-only) in COMPATIBLE mode\nppbus0: \u003cParallel port bus\u003e on ppc0\nplip0: \u003cPLIP network interface\u003e on ppbus0\nlpt0: \u003cPrinter\u003e on ppbus0\nlpt0: Interrupt-driven port\nppi0: \u003cParallel I/O\u003e on ppbus0\natkbdc0: \u003cKeyboard controller (i8042)\u003e port 0x60,0x64 irq 1 on acpi0\natkbd0: \u003cAT Keyboard\u003e irq 1 on atkbdc0\nkbd0 at atkbd0\natkbd0: [GIANT-LOCKED]\norm0: \u003cISA Option ROMs\u003e at iomem 0xc0000-0xccfff,0xd0000-0xd3fff on isa0\nsc0: \u003cSystem console\u003e at flags 0x100 on isa0\nsc0: VGA \u003c16 virtual consoles, flags=0x300\u003e\nsio1: configured irq 3 not in bitmap of probed irqs 0\nsio1: port may not be enabled\nvga0: \u003cGeneric ISA VGA\u003e at port 0x3c0-0x3df iomem 0xa0000-0xbffff on isa0\nums0: Logitech USB-PS/2 Optical Mouse, rev 2.00/27.10, addr 2, iclass 3/1\nums0: 8 buttons and Z dir.\nTimecounter \"TSC\" frequency 2010312258 Hz quality 800\nTimecounters tick every 1.000 msec\nacd0: DVDR \u003cPIONEER DVD-RW DVR-111D/1.23\u003e at ata0-master UDMA66\nad4: 238474MB \u003cWDC WD2500KS-00MJB0 02.01C03\u003e at ata2-master SATA300\nda0 at umass-sim0 bus 0 target 0 lun 0\nda0: \u003cHDS72252 5VLAT80 \\\\0000\\\\0000\u003e Fixed Direct Access SCSI-0 device \nda0: 40.000MB/s transfers\nda0: 238475MB (488397168 512 byte sectors: 255H 63S/T 30401C)\nTrying to mount root from ufs:/dev/ad4s2a\nWARNING: / was not properly dismounted\nHow-To-Repeat: Connect a usb disk to the system with an ext2fs filesystem\nin the first slice. Mount the disk with something like \n\n\tmount -f ext2fs /dev/da0s1 /mnt.\n\nCopy a file to the disk using, e.g.\n\n\tcp source-file /mnt"
}