{
 "id": 377904,
 "bug_id": 109411,
 "attachment_id": 0,
 "creation_time": "2007-02-21T21:50:07Z",
 "creator": "federicogalvezdurand@yahoo.com",
 "text": "DELL E521 AMD Athlon(tm) 64 X2 Dual Core Processor 4200+ \nBIOS 1.1.4\n\nUpdate on response to:\nhttp://www.freebsd.org/cgi/query-pr.cgi?pr=105196\u0026cat=\n\n\nInstallation is smooth, no problems, no quirks needed.\n\nNo sound, I tried the snd_hda driver from:\nhttp://people.freebsd.org/~ariff/lowlatency/\nI have wrongly submitted a PR to Stable on that. It is closed but one may browse  it for information purpose:\nhttp://www.freebsd.org/cgi/query-pr.cgi?pr=109132\n\nDVD-RW works like a charm with growisofs (/dev/cd1) for DVDs and burncd (/dev/acd1) for CDs. But, for the time being, one needs to add /etc/rc.local in order to make them available:\n++++++++++\natacontrol detach ata3\nsleep 2\natacontrol attach ata3\nsleep 1\natacontrol detach ata4\nsleep 2\natacontrol attach ata4\n++++++++++\n\nNetwork card runs well, I have been streaming media and transfering data without   a single complain. True that I need to change my HUB in order to test the Gigabit thing... \n\nVideo, well, nVidia driver is giving me (under sort of heavy load):\n% glxgears \n10540 frames in 5.0 seconds = 2106.152 FPS\n10540 frames in 5.0 seconds = 2105.522 FPS\n10540 frames in 5.0 seconds = 2104.844 FPS\n10441 frames in 5.0 seconds = 2086.962 FPS\n14740 frames in 5.0 seconds = 2947.058 FPS\n18307 frames in 5.0 seconds = 3660.819 FPS\n18480 frames in 5.0 seconds = 3695.081 FPS\n18367 frames in 5.0 seconds = 3670.724 FPS\n18447 frames in 5.0 seconds = 3688.362 FPS\nNo bad.\n\nI have not tested the card reader yet.\n\nThis machine also works with 6.2-RELEASE AMD64.\nInstallation equally smooth.\n\nBut no nVidia driver and some ports related to linux don't either. Also, some commercial tools I need (require Linux 32 bits emulation) won't work.  \n\nSo I stay on i386, thus far.\n\n++++++++++++++DMESG+++++++++++++++\nCopyright (c) 1992-2007 The FreeBSD Project.\nCopyright (c) 1979, 1980, 1983, 1986, 1988, 1989, 1991, 1992, 1993, 1994\n\tThe Regents of the University of California. All rights reserved.\nFreeBSD is a registered trademark of The FreeBSD Foundation.\nFreeBSD 6.2-RELEASE-p1 #0: Fri Feb 16 13:51:49 UTC 2007\n    root@trinity.local:/usr/obj/usr/src/sys/TRINITY\nTimecounter \"i8254\" frequency 1193182 Hz quality 0\nCPU: AMD Athlon(tm) 64 X2 Dual Core Processor 4200+ (2204.61-MHz 686-class CPU)\n  Origin = \"AuthenticAMD\"  Id = 0x40fb2  Stepping = 2\n  Features=0x178bfbff\u003cFPU,VME,DE,PSE,TSC,MSR,PAE,MCE,CX8,APIC,SEP,MTRR,PGE,MCA,CMOV,PAT,PSE36,CLFLUSH,MMX,FXSR,SSE,SSE2,HTT\u003e\n  Features2=0x2001\u003cSSE3,CX16\u003e\n  AMD Features=0xea500800\u003cSYSCALL,NX,MMX+,FFXSR,RDTSCP,LM,3DNow+,3DNow\u003e\n  AMD Features2=0x1f\u003cLAHF,CMP,\u003cb2\u003e,\u003cb3\u003e,CR8\u003e\n  Cores per package: 2\nreal memory  = 2146304000 (2046 MB)\navail memory = 2086764544 (1990 MB)\nACPI APIC Table: \u003cDELL   bMk    \u003e\nFreeBSD/SMP: Multiprocessor System Detected: 2 CPUs\n cpu0 (BSP): APIC ID:  0\n cpu1 (AP): APIC ID:  1\nioapic0: Changing APIC ID to 2\nioapic0 \u003cVersion 1.1\u003e irqs 0-23 on motherboard\nkbd1 at kbdmux0\nath_hal: 0.9.17.2 (AR5210, AR5211, AR5212, RF5111, RF5112, RF2413, RF5413)\nacpi0: \u003cDELL bMk    \u003e on motherboard\nacpi_bus_number: can't get _ADR\nacpi_bus_number: can't get _ADR\nacpi0: Power Button (fixed)\nacpi_bus_number: can't get _ADR\nacpi_bus_number: can't get _ADR\nacpi_bus_number: can't get _ADR\nacpi_bus_number: can't get _ADR\nacpi_bus_number: can't get _ADR\nacpi_bus_number: can't get _ADR\nacpi_bus_number: can't get _ADR\nacpi_bus_number: can't get _ADR\nTimecounter \"ACPI-fast\" frequency 3579545 Hz quality 1000\nacpi_timer0: \u003c24-bit timer at 3.579545MHz\u003e port 0x1008-0x100b on acpi0\ncpu0: \u003cACPI CPU\u003e on acpi0\ncpu1: \u003cACPI CPU\u003e on acpi0\nacpi_button0: \u003cPower Button\u003e on acpi0\npcib0: \u003cACPI Host-PCI bridge\u003e port 0xcf8-0xcff on acpi0\npci0: \u003cACPI PCI bus\u003e on pcib0\npci0: \u003cmemory, RAM\u003e at device 0.0 (no driver attached)\npci0: \u003cmemory, RAM\u003e at device 0.1 (no driver attached)\npci0: \u003cmemory, RAM\u003e at device 0.2 (no driver attached)\npci0: \u003cmemory, RAM\u003e at device 0.3 (no driver attached)\npci0: \u003cmemory, RAM\u003e at device 0.4 (no driver attached)\npci0: \u003cmemory, RAM\u003e at device 0.5 (no driver attached)\npci0: \u003cmemory, RAM\u003e at device 0.6 (no driver attached)\npci0: \u003cmemory, RAM\u003e at device 0.7 (no driver attached)\npcib1: \u003cACPI PCI-PCI bridge\u003e at device 2.0 on pci0\npci1: \u003cACPI PCI bus\u003e on pcib1\npcib2: \u003cACPI PCI-PCI bridge\u003e at device 3.0 on pci0\npci2: \u003cACPI PCI bus\u003e on pcib2\npcib3: \u003cACPI PCI-PCI bridge\u003e at device 4.0 on pci0\npci3: \u003cACPI PCI bus\u003e on pcib3\nnvidia0: \u003cGeForce 7300 LE\u003e mem 0xf8000000-0xf8ffffff,0xd0000000-0xdfffffff,0xf9000000-0xf9ffffff irq 16 at device 0.0 on pci3\nnvidia0: [GIANT-LOCKED]\npci0: \u003cmemory, RAM\u003e at device 9.0 (no driver attached)\nisab0: \u003cPCI-ISA bridge\u003e at device 10.0 on pci0\nisa0: \u003cISA bus\u003e on isab0\npci0: \u003cserial bus, SMBus\u003e at device 10.1 (no driver attached)\npci0: \u003cmemory, RAM\u003e at device 10.2 (no driver attached)\nohci0: \u003cOHCI (generic) USB controller\u003e mem 0xfe02f000-0xfe02ffff irq 21 at device 11.0 on pci0\nohci0: [GIANT-LOCKED]\nusb0: OHCI version 1.0, legacy support\nusb0: SMM does not respond, resetting\nusb0: \u003cOHCI (generic) USB controller\u003e on ohci0\nusb0: USB revision 1.0\nuhub0: nVidia OHCI root hub, class 9/0, rev 1.00/1.00, addr 1\nuhub0: 8 ports with 8 removable, self powered\nehci0: \u003cEHCI (generic) USB 2.0 controller\u003e mem 0xfe02e000-0xfe02e0ff irq 22 at device 11.1 on pci0\nehci0: [GIANT-LOCKED]\nusb1: EHCI version 1.0\nusb1: companion controller, 8 ports each: usb0\nusb1: \u003cEHCI (generic) USB 2.0 controller\u003e on ehci0\nusb1: USB revision 2.0\nuhub1: nVidia EHCI root hub, class 9/0, rev 2.00/1.00, addr 1\nuhub1: 8 ports with 8 removable, self powered\numass0: TEAC CA-200, rev 2.00/4.00, addr 2\natapci0: \u003cnVidia nForce MCP51 SATA300 controller\u003e port 0x9f0-0x9f7,0xbf0-0xbf3,0x970-0x977,0xb70-0xb73,0xe000-0xe00f mem 0xfe02d000-0xfe02dfff irq 23 at device 14.0 on pci0\nata2: \u003cATA channel 0\u003e on atapci0\nata3: \u003cATA channel 1\u003e on atapci0\natapci1: \u003cnVidia nForce MCP51 SATA300 controller\u003e port 0x9e0-0x9e7,0xbe0-0xbe3,0x960-0x967,0xb60-0xb63,0xcc00-0xcc0f mem 0xfe02c000-0xfe02cfff irq 20 at device 15.0 on pci0\nata4: \u003cATA channel 0\u003e on atapci1\nata5: \u003cATA channel 1\u003e on atapci1\npcib4: \u003cACPI PCI-PCI bridge\u003e at device 16.0 on pci0\npci4: \u003cACPI PCI bus\u003e on pcib4\nbfe0: \u003cBroadcom BCM4401-B0 Fast Ethernet\u003e mem 0xfddfe000-0xfddfffff irq 19 at device 7.0 on pci4\nmiibus0: \u003cMII bus\u003e on bfe0\nbmtphy0: \u003cBCM4401 10/100baseTX PHY\u003e on miibus0\nbmtphy0:  10baseT, 10baseT-FDX, 100baseTX, 100baseTX-FDX, auto\nbfe0: Ethernet address: 00:18:8b:7d:ed:45\npcm0: \u003cAudioPCI ES1371-B\u003e port 0x9c00-0x9c3f irq 17 at device 9.0 on pci4\npcm0: \u003cCirrus Logic CS4297A AC97 Codec\u003e\npcm0: \u003cPlayback: DAC2 / Record: ADC\u003e\npci0: \u003cmultimedia\u003e at device 16.1 (no driver attached)\npmtimer0 on isa0\nata0 at port 0x1f0-0x1f7,0x3f6 irq 14 on isa0\nata1 at port 0x170-0x177,0x376 irq 15 on isa0\natkbdc0: \u003cKeyboard controller (i8042)\u003e at port 0x60,0x64 on isa0\natkbd0: \u003cAT Keyboard\u003e irq 1 on atkbdc0\nkbd0 at atkbd0\natkbd0: [GIANT-LOCKED]\nppc0: parallel port not found.\nsc0: \u003cSystem console\u003e at flags 0x100 on isa0\nsc0: VGA \u003c16 virtual consoles, flags=0x300\u003e\nsio0: configured irq 4 not in bitmap of probed irqs 0\nsio0: port may not be enabled\nsio0 at port 0x3f8-0x3ff irq 4 flags 0x10 on isa0\nsio0: type 8250 or not responding\nsio1: configured irq 3 not in bitmap of probed irqs 0\nsio1: port may not be enabled\nvga0: \u003cGeneric ISA VGA\u003e at port 0x3c0-0x3df iomem 0xa0000-0xbffff on isa0\nums0: vendor 0x0461 USB Optical Mouse, rev 2.00/2.00, addr 2, iclass 3/1\nums0: 3 buttons and Z dir.\nTimecounters tick every 1.000 msec\nIPv6 packet filtering initialized, logging disabled\nipfw2 (+ipv6) initialized, divert loadable, rule-based forwarding disabled, default to deny, logging disabled\nad4: 238418MB \u003cSeagate ST3250824AS 3.ADJ\u003e at ata2-master SATA300\nukbd0: Dell Dell USB Keyboard, rev 1.10/3.01, addr 3, iclass 3/1\nkbd2 at ukbd0\nSMP: AP CPU #1 Launched!\nda0 at umass-sim0 bus 0 target 0 lun 0\nda0: \u003cTEAC USB   HS-CF Card 4.00\u003e Removable Direct Access SCSI-0 device \nda0: 40.000MB/s transfers\nda0: Attempt to query device size failed: NOT READY, Medium not present\nda1 at umass-sim0 bus 0 target 0 lun 1\nda1: \u003cTEAC USB   HS-xD/SM 4.00\u003e Removable Direct Access SCSI-0 device \nda1: 40.000MB/s transfers\nda1: Attempt to query device size failed: NOT READY, Medium not present\nda2 at umass-sim0 bus 0 target 0 lun 2\nda2: \u003cTEAC USB   HS-MS Card 4.00\u003e Removable Direct Access SCSI-0 device \nda2: 40.000MB/s transfers\nda2: Attempt to query device size failed: NOT READY, Medium not present\nda3 at umass-sim0 bus 0 target 0 lun 3\nda3: \u003cTEAC USB   HS-SD Card 4.00\u003e Removable Direct Access SCSI-0 device \nda3: 40.000MB/s transfers\nda3: Attempt to query device size failed: NOT READY, Medium not present\n(da0:umass-sim0:0:0:0): READ CAPACITY. CDB: 25 0 0 0 0 0 0 0 0 0 \n(da0:umass-sim0:0:0:0): CAM Status: SCSI Status Error\n(da0:umass-sim0:0:0:0): SCSI Status: Check Condition\n(da0:umass-sim0:0:0:0): NOT READY asc:3a,0\n(da0:umass-sim0:0:0:0): Medium not present\n(da0:umass-sim0:0:0:0): Unretryable error\nOpened disk da0 -\u003e 6\n(da0:umass-sim0:0:0:0): READ CAPACITY. CDB: 25 0 0 0 0 0 0 0 0 0 \n(da0:umass-sim0:0:0:0): CAM Status: SCSI Status Error\n(da0:umass-sim0:0:0:0): SCSI Status: Check Condition\n(da0:umass-sim0:0:0:0): NOT READY asc:3a,0\n(da0:umass-sim0:0:0:0): Medium not present\n(da0:umass-sim0:0:0:0): Unretryable error\nOpened disk da0 -\u003e 6\n(da0:umass-sim0:0:0:0): READ CAPACITY. CDB: 25 0 0 0 0 0 0 0 0 0 \n(da0:umass-sim0:0:0:0): CAM Status: SCSI Status Error\n(da0:umass-sim0:0:0:0): SCSI Status: Check Condition\n(da0:umass-sim0:0:0:0): NOT READY asc:3a,0\n(da0:umass-sim0:0:0:0): Medium not present\n(da0:umass-sim0:0:0:0): Unretryable error\nOpened disk da0 -\u003e 6\n(da1:umass-sim0:0:0:1): READ CAPACITY. CDB: 25 20 0 0 0 0 0 0 0 0 \n(da1:umass-sim0:0:0:1): CAM Status: SCSI Status Error\n(da1:umass-sim0:0:0:1): SCSI Status: Check Condition\n(da1:umass-sim0:0:0:1): NOT READY asc:3a,0\n(da1:umass-sim0:0:0:1): Medium not present\n(da1:umass-sim0:0:0:1): Unretryable error\nOpened disk da1 -\u003e 6\n(da1:umass-sim0:0:0:1): READ CAPACITY. CDB: 25 20 0 0 0 0 0 0 0 0 \n(da1:umass-sim0:0:0:1): CAM Status: SCSI Status Error\n(da1:umass-sim0:0:0:1): SCSI Status: Check Condition\n(da1:umass-sim0:0:0:1): NOT READY asc:3a,0\n(da1:umass-sim0:0:0:1): Medium not present\n(da1:umass-sim0:0:0:1): Unretryable error\nOpened disk da1 -\u003e 6\n(da1:umass-sim0:0:0:1): READ CAPACITY. CDB: 25 20 0 0 0 0 0 0 0 0 \n(da1:umass-sim0:0:0:1): CAM Status: SCSI Status Error\n(da1:umass-sim0:0:0:1): SCSI Status: Check Condition\n(da1:umass-sim0:0:0:1): NOT READY asc:3a,0\n(da1:umass-sim0:0:0:1): Medium not present\n(da1:umass-sim0:0:0:1): Unretryable error\nOpened disk da1 -\u003e 6\n(da2:umass-sim0:0:0:2): READ CAPACITY. CDB: 25 40 0 0 0 0 0 0 0 0 \n(da2:umass-sim0:0:0:2): CAM Status: SCSI Status Error\n(da2:umass-sim0:0:0:2): SCSI Status: Check Condition\n(da2:umass-sim0:0:0:2): NOT READY asc:3a,0\n(da2:umass-sim0:0:0:2): Medium not present\n(da2:umass-sim0:0:0:2): Unretryable error\nOpened disk da2 -\u003e 6\n(da2:umass-sim0:0:0:2): READ CAPACITY. CDB: 25 40 0 0 0 0 0 0 0 0 \n(da2:umass-sim0:0:0:2): CAM Status: SCSI Status Error\n(da2:umass-sim0:0:0:2): SCSI Status: Check Condition\n(da2:umass-sim0:0:0:2): NOT READY asc:3a,0\n(da2:umass-sim0:0:0:2): Medium not present\n(da2:umass-sim0:0:0:2): Unretryable error\nOpened disk da2 -\u003e 6\n(da2:umass-sim0:0:0:2): READ CAPACITY. CDB: 25 40 0 0 0 0 0 0 0 0 \n(da2:umass-sim0:0:0:2): CAM Status: SCSI Status Error\n(da2:umass-sim0:0:0:2): SCSI Status: Check Condition\n(da2:umass-sim0:0:0:2): NOT READY asc:3a,0\n(da2:umass-sim0:0:0:2): Medium not present\n(da2:umass-sim0:0:0:2): Unretryable error\nOpened disk da2 -\u003e 6\n(da3:umass-sim0:0:0:3): READ CAPACITY. CDB: 25 60 0 0 0 0 0 0 0 0 \n(da3:umass-sim0:0:0:3): CAM Status: SCSI Status Error\n(da3:umass-sim0:0:0:3): SCSI Status: Check Condition\n(da3:umass-sim0:0:0:3): NOT READY asc:3a,0\n(da3:umass-sim0:0:0:3): Medium not present\n(da3:umass-sim0:0:0:3): Unretryable error\nOpened disk da3 -\u003e 6\n(da3:umass-sim0:0:0:3): READ CAPACITY. CDB: 25 60 0 0 0 0 0 0 0 0 \n(da3:umass-sim0:0:0:3): CAM Status: SCSI Status Error\n(da3:umass-sim0:0:0:3): SCSI Status: Check Condition\n(da3:umass-sim0:0:0:3): NOT READY asc:3a,0\n(da3:umass-sim0:0:0:3): Medium not present\n(da3:umass-sim0:0:0:3): Unretryable error\nOpened disk da3 -\u003e 6\n(da3:umass-sim0:0:0:3): READ CAPACITY. CDB: 25 60 0 0 0 0 0 0 0 0 \n(da3:umass-sim0:0:0:3): CAM Status: SCSI Status Error\n(da3:umass-sim0:0:0:3): SCSI Status: Check Condition\n(da3:umass-sim0:0:0:3): NOT READY asc:3a,0\n(da3:umass-sim0:0:0:3): Medium not present\n(da3:umass-sim0:0:0:3): Unretryable error\nOpened disk da3 -\u003e 6\nTrying to mount root from ufs:/dev/ad4s4a\natapicam3: detached\nacd0: DVDROM \u003cPHILIPS DVD-ROM DROM6316/OD2F\u003e at ata3-master SATA150\ncd0 at ata3 bus 0 target 0 lun 0\ncd0: \u003cPHILIPS DVD-ROM DROM6316 OD2F\u003e Removable CD-ROM SCSI-0 device \ncd0: 3.300MB/s transfers\ncd0: cd present [1883520 x 2048 byte records]\natapicam4: detached\nacd1: DVDR \u003cTSSTcorp DVD+/-RW TS-H653A/D300\u003e at ata4-master SATA150\ncd1 at ata4 bus 0 target 0 lun 0\ncd1: \u003cTSSTcorp DVD+-RW TS-H653A D300\u003e Removable CD-ROM SCSI-0 device \ncd1: 3.300MB/s transfers\ncd1: Attempt to query device size failed: NOT READY, Medium not present - tray closed"
}