{
 "id": 1058453,
 "bug_id": 239245,
 "attachment_id": 0,
 "creation_time": "2019-07-19T19:54:47Z",
 "creator": "oggy@farscape.co.uk",
 "text": "(In reply to Mark Millard from comment #36)\n\nSo for mine its all fairly standard stuff and not a million miles from yours:\n\nApple PowerMac11,2 5.2.7f1 BootROM Built on 09/30/05 at 15:31:03\n\ncpu0: IBM PowerPC 970MP revision 1.1, 2500.36 MHz\ncpu0: Features dc000000\u003cPPC32,PPC64,ALTIVEC,FPU,MMU\u003e\ncpu0: HID0 1511081\u003cDEEPNAP,NAP,DPM,NHR,TBEN,ENATTN\u003e\nreal memory  = 8539688960 (8144 MB)\navail memory = 8131739648 (7755 MB)\nFreeBSD/SMP: Multiprocessor System Detected: 4 CPUs\n\nada0: \u003cST31000524AS JC45\u003e ATA8-ACS SATA 3.x device\ncd0: \u003cSONY DVD RW DW-Q28A KAS7\u003e Removable CD-ROM SCSI device\nugen1.2: \u003cMitsumi Electric Hub in Apple Extended USB Keyboard\u003e at usbus1\n\n\nvgapci0@pci10:10:0:0:\tclass=0x030000 card=0x001010de chip=0x014110de rev=0xa2 hdr=0x00\n    vendor     = 'NVIDIA Corporation'\n    device     = 'NV43 [GeForce 6600]'\n    class      = display\n    subclass   = VGA\n\n1 Display connected\n\nUsing Ethernet\nApple USB Keyboard\nGeneric USB Mouse.\n\nOdly enough, using 12-R and 12-Stable, I don't need usefdt=1 to run the machine!"
}