{
 "id": 1058459,
 "bug_id": 239245,
 "attachment_id": 0,
 "creation_time": "2019-07-19T20:51:27Z",
 "creator": "marklmi26-fbsd@yahoo.com",
 "text": "(In reply to Francis Little from comment #37)\n\nYour list points out that I forgot to list the CD/DVD:\n\ncd0: \u003cHL-DT-ST DVD-RW GWA-4165B C006\u003e Removable CD-ROM SCSI device\n\nIn case you want to see matches to what you were\nexplict about:\n\ncpu0: IBM PowerPC 970MP revision 1.1, 2500.31 MHz\ncpu0: Features dc000000\u003cPPC32,PPC64,ALTIVEC,FPU,MMU\u003e\ncpu0: HID0 1511081\u003cDEEPNAP,NAP,DPM,NHR,TBEN,ENATTN\u003e\nreal memory  = 17134116864 (16340 MB)\navail memory = 16354693120 (15597 MB)\nFreeBSD/SMP: Multiprocessor System Detected: 4 CPUs\n\nada0: \u003cOWC Mercury Electra 3G SSD 560ABBF0\u003e ATA8-ACS SATA 2.x device\nada1: \u003cOWC Mercury Electra 3G SSD 560ABBF0\u003e ATA8-ACS SATA 2.x device\nugen0.2: \u003cKingston HyperX Alloy FPS Mechanical Gaming Keyboard\u003e at usbus0\n\nThe RAM, SATA 2 vs. SATA 3 devices, CD/DVD drive, and video card\ntype seem to be the only possibly-significant differences. But\nDennis Clarke had reported matching your amount of RAM, as I\nremember. I wonder what his context will show for the others."
}