{
 "id": 1058472,
 "bug_id": 239245,
 "attachment_id": 0,
 "creation_time": "2019-07-19T23:40:29Z",
 "creator": "dclarke@blastwave.org",
 "text": "(In reply to Francis Little from comment #37)\n\nI think that the three of us have four machines on hand. I have two of\nthese 64-bit PowerMac G5 types wherein I rarely powerup the smaller of\nthe pair. However this feels like a good opportunity to employ it. \n\nHere is a bit of data from the PowerMac G5 \"quad\" : \n\nhydra# \nhydra# uname -apKU\nFreeBSD hydra 13.0-CURRENT FreeBSD 13.0-CURRENT r350114 GENERIC  powerpc powerpc64 1300036 1200086\n\n    That is a bloody mess I know. \n\n\nhydra# pciconf -lv\nvgapci0@pci0:10:0:0:    class=0x030000 card=0x001010de chip=0x014110de rev=0xa2 hdr=0x00\n    vendor     = 'NVIDIA Corporation'\n    device     = 'NV43 [GeForce 6600]'\n    class      = display\n    subclass   = VGA\npcib2@pci1:0:1:0:       class=0x060400 card=0x00000000 chip=0x01301166 rev=0xa3 hdr=0x01\n    vendor     = 'Broadcom'\n    device     = 'BCM5780 [HT2000] PCI-X bridge'\n    class      = bridge\n    subclass   = PCI-PCI\npcib3@pci1:0:2:0:       class=0x060400 card=0x00000000 chip=0x01301166 rev=0xa3 hdr=0x01\n    vendor     = 'Broadcom'\n    device     = 'BCM5780 [HT2000] PCI-X bridge'\n    class      = bridge\n    subclass   = PCI-PCI\npcib4@pci1:0:3:0:       class=0x060400 card=0x00000000 chip=0x01321166 rev=0xa3 hdr=0x01\n    vendor     = 'Broadcom'\n    device     = 'BCM5780 [HT2000] PCI-Express Bridge'\n    class      = bridge\n    subclass   = PCI-PCI\npcib5@pci1:0:4:0:       class=0x060400 card=0x00000000 chip=0x01321166 rev=0xa3 hdr=0x01\n    vendor     = 'Broadcom'\n    device     = 'BCM5780 [HT2000] PCI-Express Bridge'\n    class      = bridge\n    subclass   = PCI-PCI\npcib6@pci1:0:5:0:       class=0x060400 card=0x00000000 chip=0x01321166 rev=0xa3 hdr=0x01\n    vendor     = 'Broadcom'\n    device     = 'BCM5780 [HT2000] PCI-Express Bridge'\n    class      = bridge\n    subclass   = PCI-PCI\npcib7@pci1:0:6:0:       class=0x060400 card=0x00000000 chip=0x01321166 rev=0xa3 hdr=0x01\n    vendor     = 'Broadcom'\n    device     = 'BCM5780 [HT2000] PCI-Express Bridge'\n    class      = bridge\n    subclass   = PCI-PCI\npcib8@pci1:0:7:0:       class=0x060400 card=0x00000000 chip=0x0053106b rev=0x00 hdr=0x01\n    vendor     = 'Apple Inc.'\n    device     = 'Shasta PCI Bridge'\n    class      = bridge\n    subclass   = PCI-PCI\npcib9@pci1:0:8:0:       class=0x060400 card=0x00000000 chip=0x0054106b rev=0x00 hdr=0x01\n    vendor     = 'Apple Inc.'\n    device     = 'Shasta PCI Bridge'\n    class      = bridge\n    subclass   = PCI-PCI\npcib10@pci1:0:9:0:      class=0x060400 card=0x00000000 chip=0x0055106b rev=0x00 hdr=0x01\n    vendor     = 'Apple Inc.'\n    device     = 'Shasta PCI Bridge'\n    class      = bridge\n    subclass   = PCI-PCI\nbge0@pci1:5:4:0:        class=0x020000 card=0x0085106b chip=0x166a14e4 rev=0x03 hdr=0x00\n    vendor     = 'Broadcom Inc. and subsidiaries'\n    device     = 'NetXtreme BCM5780 Gigabit Ethernet'\n    class      = network\n    subclass   = ethernet\nbge1@pci1:5:4:1:        class=0x020000 card=0x0085106b chip=0x166a14e4 rev=0x03 hdr=0x00\n    vendor     = 'Broadcom Inc. and subsidiaries'\n    device     = 'NetXtreme BCM5780 Gigabit Ethernet'\n    class      = network\n    subclass   = ethernet\nnone0@pci1:2:15:0:      class=0x020000 card=0x00000000 chip=0x0051106b rev=0x00 hdr=0x00\n    vendor     = 'Apple Inc.'\n    device     = 'Shasta (Sun GEM)'\n    class      = network\n    subclass   = ethernet\nmacio0@pci1:1:7:0:      class=0xff0000 card=0x00000000 chip=0x004f106b rev=0x00 hdr=0x00\n    vendor     = 'Apple Inc.'\n    device     = 'Shasta Mac I/O'\nohci0@pci1:1:11:0:      class=0x0c0310 card=0x00351033 chip=0x00351033 rev=0x43 hdr=0x00\n    vendor     = 'NEC Corporation'\n    device     = 'OHCI USB Controller'\n    class      = serial bus\n    subclass   = USB\nohci1@pci1:1:11:1:      class=0x0c0310 card=0x00351033 chip=0x00351033 rev=0x43 hdr=0x00\n    vendor     = 'NEC Corporation'\n    device     = 'OHCI USB Controller'\n    class      = serial bus\n    subclass   = USB\nehci0@pci1:1:11:2:      class=0x0c0320 card=0x00e01033 chip=0x00e01033 rev=0x04 hdr=0x00\n    vendor     = 'NEC Corporation'\n    device     = 'uPD72010x USB 2.0 Controller'\n    class      = serial bus\n    subclass   = USB\natapci0@pci1:3:12:0:    class=0x01018f card=0x02401166 chip=0x02401166 rev=0x00 hdr=0x00\n    vendor     = 'Broadcom'\n    device     = 'K2 SATA'\n    class      = mass storage\n    subclass   = ATA\nata0@pci1:3:13:0:       class=0xff0000 card=0x00000000 chip=0x0050106b rev=0x00 hdr=0x00\n    vendor     = 'Apple Inc.'\n    device     = 'Shasta IDE'\nfwohci0@pci1:3:14:0:    class=0x0c0010 card=0x5811106b chip=0x0052106b rev=0x00 hdr=0x00\n    vendor     = 'Apple Inc.'\n    device     = 'Shasta Firewire'\n    class      = serial bus\n    subclass   = FireWire\nhydra# \n\nSo then looking at  /var/run/dmesg.boot which I may as well paste here : \n\n---\u003c\u003cBOOT\u003e\u003e---\nCopyright (c) 1992-2019 The FreeBSD Project.\nCopyright (c) 1979, 1980, 1983, 1986, 1988, 1989, 1991, 1992, 1993, 1994\n        The Regents of the University of California. All rights reserved.\nFreeBSD is a registered trademark of The FreeBSD Foundation.\nFreeBSD 13.0-CURRENT r350114 GENERIC powerpc\ngcc version 4.2.1 20070831 patched [FreeBSD]\nWARNING: WITNESS option enabled, expect reduced performance.\nVT(ofwfb): resolution 1280x1024\ncpu0: IBM PowerPC 970MP revision 1.1, 2500.34 MHz\ncpu0: Features dc000000\u003cPPC32,PPC64,ALTIVEC,FPU,MMU\u003e\ncpu0: HID0 1511081\u003cDEEPNAP,NAP,DPM,NHR,TBEN,ENATTN\u003e\nreal memory  = 8539713536 (8144 MB)\navail memory = 8131776512 (7755 MB)\nFreeBSD/SMP: Multiprocessor System Detected: 4 CPUs\nrandom: unblocking device.\nrandom: entropy device external interface\n000.000015 [4254] netmap_init               netmap: loaded module\nkbd0 at kbdmux0\nofwbus0: \u003cOpen Firmware Device Tree\u003e on nexus0\nunin0: \u003cApple UniNorth System Controller\u003e mem 0xf8000000-0xf8ffffff on ofwbus0\nunin0: Version 66\npcib0: \u003cIBM CPC945 PCI Express Root\u003e mem 0xf0000000-0xf1ffffff on ofwbus0\npci0: \u003cOFW PCI bus\u003e on pcib0\npcib1: \u003cIBM CPC9X5 HyperTransport Tunnel\u003e mem 0xf2000000-0xf47fffff,0xf8070000-0xf8070fff on ofwbus0\npcib1: 86 HT IRQs on device 7.0\npci1: \u003cOFW PCI bus\u003e on pcib1\npcib1: Enabling MSI window for HyperTransport slave at pci1:0:1:0\npcib2: \u003cOFW PCI-PCI bridge\u003e at device 1.0 on pci1\npci2: \u003cOFW PCI bus\u003e on pcib2\npcib3: \u003cOFW PCI-PCI bridge\u003e at device 2.0 on pci1\npci3: \u003cOFW PCI bus\u003e on pcib3\npcib4: \u003cOFW PCI-PCI bridge\u003e at device 3.0 on pci1\npci4: \u003cOFW PCI bus\u003e on pcib4\npcib5: \u003cOFW PCI-PCI bridge\u003e at device 4.0 on pci1\npci5: \u003cOFW PCI bus\u003e on pcib5\npcib6: \u003cOFW PCI-PCI bridge\u003e at device 5.0 on pci1\npci6: \u003cOFW PCI bus\u003e on pcib6\npcib7: \u003cOFW PCI-PCI bridge\u003e at device 6.0 on pci1\npci7: \u003cOFW PCI bus\u003e on pcib7\npcib8: \u003cOFW PCI-PCI bridge\u003e at device 7.0 on pci1\npci8: \u003cOFW PCI bus\u003e on pcib8\npcib9: \u003cOFW PCI-PCI bridge\u003e at device 8.0 on pci1\npci9: \u003cOFW PCI bus\u003e on pcib9\nmacio0: \u003cShasta I/O Controller\u003e mem 0x80000000-0x8007ffff at device 7.0 on pci9\nmacgpio0: \u003cMacIO GPIO Controller\u003e mem 0x50-0x8a on macio0\npcib10: \u003cOFW PCI-PCI bridge\u003e at device 9.0 on pci1\npci10: \u003cOFW PCI bus\u003e on pcib10\nhtpic0: \u003cOpenPIC Interrupt Controller\u003e mem 0xf8040000-0xf807ffff on unin0\ncpulist0: \u003cOpen Firmware CPU Group\u003e on ofwbus0\ncpu0: \u003cOpen Firmware CPU\u003e on cpulist0\npcr0: \u003cPPC 970 Power Control Register\u003e on cpu0\ncpu1: \u003cOpen Firmware CPU\u003e on cpulist0\npcr1: \u003cPPC 970 Power Control Register\u003e on cpu1\ncpu2: \u003cOpen Firmware CPU\u003e on cpulist0\npcr2: \u003cPPC 970 Power Control Register\u003e on cpu2\ncpu3: \u003cOpen Firmware CPU\u003e on cpulist0\npcr3: \u003cPPC 970 Power Control Register\u003e on cpu3\npowermac_nvram0: \u003cApple NVRAM\u003e mem 0xfff04000-0xfff07fff on ofwbus0\npowermac_nvram0: bank0 generation 468, bank1 generation 467\niichb0: \u003cKeywest I2C controller\u003e mem 0xf8001000-0xf8001fff irq 0 on unin0\niicbus0: \u003cOFW I2C bus\u003e on iichb0\niic0: \u003cI2C generic I/O\u003e on iicbus0\nds17750: \u003cTemp-Monitor DS1775\u003e at addr 0x94 on iicbus0\nds16310: \u003cTemp-Monitor DS1631\u003e at addr 0x96 on iicbus0\nmax66900: \u003cTemp-Monitor MAX6690\u003e at addr 0x98 on iicbus0\nmax66901: \u003cTemp-Monitor MAX6690\u003e at addr 0x9c on iicbus0\nvgapci0: \u003cVGA-compatible display\u003e mem 0xa1000000-0xa1ffffff,0x90000000-0x9fffffff,0xa0000000-0xa0ffffff irq 3 at device 0.0 on pci0\nvgapci0: Boot video device\nbge0: \u003cBroadcom BCM5714 B3, ASIC rev. 0x008003\u003e mem 0xfa530000-0xfa53ffff,0xfa520000-0xfa52ffff irq 66 at device 4.0 on pci3\nbge0: CHIP ID 0x00008003; ASIC REV 0x08; CHIP REV 0x80; PCI-X 33 MHz\nmiibus0: \u003cMII bus\u003e on bge0\nbrgphy0: \u003cBCM5780 1000BASE-T media interface\u003e PHY 1 on miibus0\nbrgphy0:  10baseT, 10baseT-FDX, 100baseTX, 100baseTX-FDX, 1000baseT, 1000baseT-master, 1000baseT-FDX, 1000baseT-FDX-master, auto, auto-flow\nbge0: Ethernet address: 00:14:51:64:67:10\nbge1: \u003cBroadcom BCM5714 B3, ASIC rev. 0x008003\u003e mem 0xfa510000-0xfa51ffff,0xfa500000-0xfa50ffff irq 67 at device 4.1 on pci3\nbge1: CHIP ID 0x00008003; ASIC REV 0x08; CHIP REV 0x80; PCI-X 33 MHz\nmiibus1: \u003cMII bus\u003e on bge1\nbrgphy1: \u003cBCM5780 1000BASE-T media interface\u003e PHY 1 on miibus1\nbrgphy1:  10baseT, 10baseT-FDX, 100baseTX, 100baseTX-FDX, 1000baseT, 1000baseT-master, 1000baseT-FDX, 1000baseT-FDX-master, auto, auto-flow\nbge1: Ethernet address: 00:14:51:64:67:11\ngem0: \u003cApple Shasta GMAC Ethernet\u003e mem 0xfa200000-0xfa3fffff at device 15.0 on pci8\ngem0: invalid MAC address\ndevice_attach: gem0 attach returned 6\nscc0: \u003cZilog Z8530 dual channel SCC\u003e mem 0x13000-0x13fff,0x8400-0x84ff,0x8500-0x85ff,0x8600-0x86ff,0x8700-0x87ff irq 23,17,18,24,19,20 on macio0\nuart0: \u003cz8530, channel A\u003e on scc0\nuart1: \u003cz8530, channel B\u003e on scc0\niichb1: \u003cKeywest I2C controller\u003e mem 0x18000-0x18fff irq 27 on macio0\niicbus1: \u003cOFW I2C bus\u003e on iichb1\niic1: \u003cI2C generic I/O\u003e on iicbus1\nonyx0: \u003cTexas Instruments PCM3052 Audio Codec\u003e at addr 0x8c on iicbus1\niicbus1: \u003cunknown card\u003e at addr 0x24\npcm0: \u003cApple I2S Audio Controller\u003e mem 0x10000-0x10fff,0x8000-0x80ff,0x8100-0x81ff irq 28,11,12,30,15,16 on macio0\nohci0: \u003cNEC uPD 9210 USB controller\u003e mem 0x80082000-0x80082fff irq 70 at device 11.0 on pci9\nusbus0 on ohci0\nohci1: \u003cNEC uPD 9210 USB controller\u003e mem 0x80081000-0x80081fff irq 70 at device 11.1 on pci9\nusbus1 on ohci1\nehci0: \u003cNEC uPD 72010x USB 2.0 controller\u003e mem 0x80080000-0x800800ff irq 70 at device 11.2 on pci9\nusbus2: EHCI version 1.0\nusbus2 on ehci0\natapci0: \u003cServerWorks K2 SATA150 controller\u003e mem 0xfa402000-0xfa403fff irq 10 at device 12.0 on pci10\npcib1: failed to reserve resource for pcib10\natapci0: 0x10 bytes of rid 0x20 res 4 failed (0, 0xffffffffffffffff).\nata2: \u003cATA channel\u003e at channel 0 on atapci0\nata3: \u003cATA channel\u003e at channel 1 on atapci0\nata4: \u003cATA channel\u003e at channel 2 on atapci0\nata5: \u003cATA channel\u003e at channel 3 on atapci0\nata0: \u003cShasta Kauai ATA Controller\u003e mem 0xfa404000-0xfa407fff irq 38,37 at device 13.0 on pci10\nfwohci0: \u003c1394 Open Host Controller Interface\u003e mem 0xfa400000-0xfa400fff irq 39 at device 14.0 on pci10\nfwohci0: OHCI version 1.0 (ROM=0)\nfwohci0: No. of Isochronous channels is 8.\nfwohci0: EUI64 00:11:24:ff:fe:e5:13:d0\nfwohci0: invalid speed 7 (fixed to 3).\nfwohci0: Phy 1394a available S800, 3 ports.\nfwohci0: Link S800, max_rec 4096 bytes.\nfirewire0: \u003cIEEE1394(FireWire) bus\u003e on fwohci0\nfwe0: \u003cEthernet over FireWire\u003e on firewire0\nif_fwe0: Fake Ethernet address: 02:11:24:e5:13:d0\nfwe0: Ethernet address: 02:11:24:e5:13:d0\nsbp0: \u003cSBP-2/SCSI over FireWire\u003e on firewire0\nfwohci0: Initiate bus reset\nfwohci0: fwohci_intr_core: BUS reset\nfwohci0: PhysicalUpperBound register is not implemented.  Physical memory access is limited to the first 4GB\nfwohci0: PhysicalUpperBound = 0x00000000\nfwohci0: fwohci_intr_core: node_id=0x00000001, SelfID Count=1, CYCLEMASTER mode\nsmu0: \u003cApple System Management Unit\u003e on ofwbus0\nsmu0: registered as a time-of-day clock, resolution 0.001000s\niichb2: \u003cSMU I2C controller\u003e on smu0\niicbus2: \u003cOFW I2C bus\u003e on iichb2\niic2: \u003cI2C generic I/O\u003e on iicbus2\nsmusat0: \u003cSMU Satellite Sensors\u003e at addr 0xb0 on iicbus2\nsmusat1: \u003cSMU Satellite Sensors\u003e at addr 0xb2 on iicbus2\niicbus2: \u003cunknown card\u003e at addr 0xd4\niichb3: \u003cSMU I2C controller\u003e on smu0\niicbus3: \u003cOFW I2C bus\u003e on iichb3\niic3: \u003cI2C generic I/O\u003e on iicbus3\ncryptosoft0: \u003csoftware crypto\u003e on nexus0\nTimecounter \"timebase\" frequency 33333333 Hz quality 0\nEvent timer \"decrementer\" frequency 33333333 Hz quality 1000\nTimecounters tick every 1.000 msec\nfirewire0: 2 nodes, maxhop \u003c= 1 cable IRM irm(1)  (me) \nfirewire0: bus manager 1 \nbge0: link state changed to UP\nusbus0: 12Mbps Full Speed USB v1.0\nusbus1: 12Mbps Full Speed USB v1.0\nmax66900: 2 sensors detected.\nmax66901: 2 sensors detected.\nugen1.1: \u003cNEC OHCI root HUB\u003e at usbus1\nuhub0 on usbus1\nuhub0: \u003cNEC OHCI root HUB, class 9/0, rev 1.00/1.00, addr 1\u003e on usbus1\nugen0.1: \u003cNEC OHCI root HUB\u003e at usbus0\nuhub1 on usbus0\nuhub1: \u003cNEC OHCI root HUB, class 9/0, rev 1.00/1.00, addr 1\u003e on usbus0\nusbus2: 480Mbps High Speed USB v2.0\nugen2.1: \u003cNEC EHCI root HUB\u003e at usbus2\nuhub2 on usbus2\nuhub2: \u003cNEC EHCI root HUB, class 9/0, rev 2.00/1.00, addr 1\u003e on usbus2\nuhub0: 2 ports with 2 removable, self powered\nuhub1: 3 ports with 3 removable, self powered\nuhub2: 5 ports with 5 removable, self powered\nada0 at ata2 bus 0 scbus0 target 0 lun 0\nada0: \u003cST380013AS 3.00\u003e ATA-6 SATA 1.x device\nada0: Serial Number 4MR3C8TG\nada0: 150.000MB/s transfers (SATA 1.x, UDMA5, PIO 8192bytes)\nada0: 76319MB (156301488 512 byte sectors)\nLaunching APs: 1 2 3\nTrying to mount root from ufs:/dev/ada0s3 [rw]...\ncd0 at ata0 bus 0 scbus4 target 0 lun 0\ncd0: \u003cHL-DT-ST DVD-RW GWA-4165B C006\u003e Removable CD-ROM SCSI device\ncd0: Serial Number M0063NE3358\ncd0: 66.700MB/s transfers (UDMA4, ATAPI 12bytes, PIO 65534bytes)\ncd0: 3267MB (1672851 2048 byte sectors)\nWARNING: WITNESS option enabled, expect reduced performance.\nugen1.2: \u003cLite-On Technology Corp. USB Multimedia Keyboard\u003e at usbus1\nukbd0 on uhub0\nukbd0: \u003cLite-On Technology Corp. USB Multimedia Keyboard, class 0/0, rev 1.10/1.04, addr 2\u003e on usbus1\nkbd1 at ukbd0\nuhid0 on uhub0\nuhid0: \u003cLite-On Technology Corp. USB Multimedia Keyboard, class 0/0, rev 1.10/1.04, addr 2\u003e on usbus1\nDeprecated code (to be removed in FreeBSD 14): FreeBSD 12.x ABI compat\nDeprecated code (to be removed in FreeBSD 14): FreeBSD 12.x ABI compat\nlo0: link state changed to UP\nbge0: link state changed to DOWN\nbge0: link state changed to UP\nhydra# \n\nI will try to get the Openfirmware data from the usual keyboard vulkan\ngrip on five or six keys as I power then beast(s) on. \n\nDennis"
}