{
 "id": 476730,
 "bug_id": 130021,
 "attachment_id": 0,
 "creation_time": "2008-12-29T13:00:01Z",
 "creator": "matthias.andree@gmx.de",
 "text": "Switching virtual consoles or keyboard qualifiers such as CAPS LOCK, or NUM\nLOCK, freezes my computer for a fraction of a seconds. This causes hard disk\nand audio to stall and mute (if displaying text consoles) or make snarling\nnoises (if displaying X11).\n\nI have a USB keyboard. dmesg below with angle brackets replaced by parentheses,\nbut first my kernel configuration:\n\n##############################\n$ cat /sys/i386/conf/MA7\ninclude GENERIC\nident   MA7\n\nnomakeoption DEBUG\n\noptions ALTQ\noptions ALTQ_CBQ\noptions ALTQ_RED\noptions ALTQ_RIO\noptions ALTQ_HFSC\noptions ALTQ_PRIQ\n\noptions INCLUDE_CONFIG_FILE\n\n##############################\n$ dmesg | tr '\u003c\u003e' '()'\nCopyright (c) 1992-2008 The FreeBSD Project.\nCopyright (c) 1979, 1980, 1983, 1986, 1988, 1989, 1991, 1992, 1993, 1994\n\tThe Regents of the University of California. All rights reserved.\nFreeBSD is a registered trademark of The FreeBSD Foundation.\nFreeBSD 7.1-PRERELEASE #8: Tue Dec 23 12:15:14 CET 2008\n    root@merlin.emma.line.org:/usr/obj/usr/src/sys/MA7\nTimecounter \"i8254\" frequency 1193182 Hz quality 0\nCPU: AMD Athlon(TM) XP 2500+ (1822.51-MHz 686-class CPU)\n  Origin = \"AuthenticAMD\"  Id = 0x6a0  Stepping = 0\n  Features=0x383fbff(FPU,VME,DE,PSE,TSC,MSR,PAE,MCE,CX8,APIC,SEP,MTRR,PGE,MCA,CMOV,PAT,PSE36,MMX,FXSR,SSE)\n  AMD Features=0xc0400800(SYSCALL,MMX+,3DNow!+,3DNow!)\nreal memory  = 1073721344 (1023 MB)\navail memory = 1028263936 (980 MB)\nACPI APIC Table: (ASUS   A7V600-X)\nioapic0: Changing APIC ID to 2\nioapic0 (Version 0.3) irqs 0-23 on motherboard\nbktr_mem: memory holder loaded\nkbd1 at kbdmux0\nath_hal: 0.9.20.3 (AR5210, AR5211, AR5212, RF5111, RF5112, RF2413, RF5413)\nacpi0: (ASUS A7V600-X) on motherboard\nacpi0: [ITHREAD]\nacpi0: Power Button (fixed)\nacpi0: reservation of 0, a0000 (3) failed\nacpi0: reservation of 100000, 3ff00000 (3) failed\nTimecounter \"ACPI-fast\" frequency 3579545 Hz quality 1000\nacpi_timer0: (32-bit timer at 3.579545MHz) port 0xe408-0xe40b on acpi0\nacpi_button0: (Power Button) on acpi0\npcib0: (ACPI Host-PCI bridge) port 0xcf8-0xcff on acpi0\npci0: (ACPI PCI bus) on pcib0\nagp0: (VIA 8377 (Apollo KT400/KT400A/KT600) host to PCI bridge) on hostb0\nagp0: aperture size is 128M\npcib1: (ACPI PCI-PCI bridge) at device 1.0 on pci0\npci1: (ACPI PCI bus) on pcib1\nvgapci0: (VGA-compatible display) mem 0xe5000000-0xe5ffffff,0xe8000000-0xefffffff irq 16 at device 0.0 on pci1\nnvidia0: (GeForce FX 5200) on vgapci0\nvgapci0: child nvidia0 requested pci_enable_busmaster\nvgapci0: child nvidia0 requested pci_enable_io\nnvidia0: [GIANT-LOCKED]\nnvidia0: [ITHREAD]\nxl0: (3Com 3c905-TX Fast Etherlink XL) port 0xd800-0xd83f at device 10.0 on pci0\nmiibus0: (MII bus) on xl0\nnsphy0: (DP83840 10/100 media interface) PHY 24 on miibus0\nnsphy0:  10baseT, 10baseT-FDX, 100baseTX, 100baseTX-FDX, auto\nxl0: Ethernet address: 00:60:97:bc:c5:f4\nxl0: [ITHREAD]\nsym0: (895) port 0xd400-0xd4ff mem 0xe4800000-0xe48000ff,0xe4000000-0xe4000fff irq 16 at device 13.0 on pci0\nsym0: Tekram NVRAM, ID 7, Fast-40, LVD, parity checking\nsym0: [ITHREAD]\nbktr0: (BrookTree 878) mem 0xe7000000-0xe7000fff at device 14.0 on pci0\nbktr0: [GIANT-LOCKED]\nbktr0: [ITHREAD]\nbktr0: Hauppauge Model 61324 D129\nbktr0: Detected a MSP3410D-B4 at 0x80\nbktr0: Hauppauge WinCast/TV, Philips PAL I tuner, msp3400c stereo, remote control.\npci0: (multimedia) at device 14.1 (no driver attached)\natapci0: (VIA 6420 SATA150 controller) port 0xd000-0xd007,0xb800-0xb803,0xb400-0xb407,0xb000-0xb003,0xa800-0xa80f,0xa400-0xa4ff at device 15.0 on pci0\natapci0: [ITHREAD]\nata2: (ATA channel 0) on atapci0\nata2: [ITHREAD]\nata3: (ATA channel 1) on atapci0\nata3: [ITHREAD]\natapci1: (VIA 8237 UDMA133 controller) port 0x1f0-0x1f7,0x3f6,0x170-0x177,0x376,0xa000-0xa00f irq 20 at device 15.1 on pci0\nata0: (ATA channel 0) on atapci1\nata0: [ITHREAD]\nata1: (ATA channel 1) on atapci1\nata1: [ITHREAD]\nuhci0: (VIA 83C572 USB controller) port 0x9800-0x981f at device 16.0 on pci0\nuhci0: [GIANT-LOCKED]\nuhci0: [ITHREAD]\nusb0: (VIA 83C572 USB controller) on uhci0\nusb0: USB revision 1.0\nuhub0: (VIA UHCI root hub, class 9/0, rev 1.00/1.00, addr 1) on usb0\nuhub0: 2 ports with 2 removable, self powered\nuhci1: (VIA 83C572 USB controller) port 0x9400-0x941f at device 16.1 on pci0\nuhci1: [GIANT-LOCKED]\nuhci1: [ITHREAD]\nusb1: (VIA 83C572 USB controller) on uhci1\nusb1: USB revision 1.0\nuhub1: (VIA UHCI root hub, class 9/0, rev 1.00/1.00, addr 1) on usb1\nuhub1: 2 ports with 2 removable, self powered\nuhci2: (VIA 83C572 USB controller) port 0x9000-0x901f at device 16.2 on pci0\nuhci2: [GIANT-LOCKED]\nuhci2: [ITHREAD]\nusb2: (VIA 83C572 USB controller) on uhci2\nusb2: USB revision 1.0\nuhub2: (VIA UHCI root hub, class 9/0, rev 1.00/1.00, addr 1) on usb2\nuhub2: 2 ports with 2 removable, self powered\nuhci3: (VIA 83C572 USB controller) port 0x8800-0x881f at device 16.3 on pci0\nuhci3: [GIANT-LOCKED]\nuhci3: [ITHREAD]\nusb3: (VIA 83C572 USB controller) on uhci3\nusb3: USB revision 1.0\nuhub3: (VIA UHCI root hub, class 9/0, rev 1.00/1.00, addr 1) on usb3\nuhub3: 2 ports with 2 removable, self powered\nehci0: (VIA VT6202 USB 2.0 controller) mem 0xe3800000-0xe38000ff at device 16.4 on pci0\nehci0: [GIANT-LOCKED]\nehci0: [ITHREAD]\nusb4: EHCI version 1.0\nusb4: companion controllers, 2 ports each: usb0 usb1 usb2 usb3\nusb4: (VIA VT6202 USB 2.0 controller) on ehci0\nusb4: USB revision 2.0\nuhub4: (VIA EHCI root hub, class 9/0, rev 2.00/1.00, addr 1) on usb4\nuhub4: 8 ports with 8 removable, self powered\nuhub5: (vendor 0x05e3 USB2.0 Hub, class 9/0, rev 2.00/7.02, addr 2) on uhub4\nuhub5: single transaction translator\nuhub5: 4 ports with 4 removable, self powered\nubt0: (Broadcom Corp ANYCOM USB-200 ROM, class 224/1, rev 2.00/3.41, addr 3) on uhub5\nubt0: Interface 0 endpoints: interrupt=0x81, bulk-in=0x82, bulk-out=0x2\nubt0: Interface 1 (alt.config 5) endpoints: isoc-in=0x83, isoc-out=0x3; wMaxPacketSize=49; nframes=6, buffer size=294\numass0: (Generic USB2.0 Card Reader, class 0/0, rev 2.00/1.9c, addr 4) on uhub5\nisab0: (PCI-ISA bridge) at device 17.0 on pci0\nisa0: (ISA bus) on isab0\npcm0: (VIA VT8237) port 0xe000-0xe0ff at device 17.5 on pci0\npcm0: [ITHREAD]\npcm0: (Analog Devices AD1980 AC97 Codec)\npcm0: (VIA DXS Enabled: DXS 4 / SGD 1 / REC 1)\nvr0: (VIA VT6102 Rhine II 10/100BaseTX) port 0x8400-0x84ff mem 0xe3000000-0xe30000ff at device 18.0 on pci0\nvr0: Quirks: 0x0\nvr0: Revision: 0x78\nmiibus1: (MII bus) on vr0\nrlphy0: (RTL8201L 10/100 media interface) PHY 1 on miibus1\nrlphy0:  10baseT, 10baseT-FDX, 100baseTX, 100baseTX-FDX, auto\nvr0: Ethernet address: 00:0e:a6:1d:48:f4\nvr0: [ITHREAD]\nuhci4: (VIA 83C572 USB controller) port 0x8000-0x801f at device 19.0 on pci0\nuhci4: [GIANT-LOCKED]\nuhci4: [ITHREAD]\nusb5: (VIA 83C572 USB controller) on uhci4\nusb5: USB revision 1.0\nuhub6: (VIA UHCI root hub, class 9/0, rev 1.00/1.00, addr 1) on usb5\nuhub6: 2 ports with 2 removable, self powered\nuhci5: (VIA 83C572 USB controller) port 0x7800-0x781f at device 19.1 on pci0\nuhci5: [GIANT-LOCKED]\nuhci5: [ITHREAD]\nusb6: (VIA 83C572 USB controller) on uhci5\nusb6: USB revision 1.0\nuhub7: (VIA UHCI root hub, class 9/0, rev 1.00/1.00, addr 1) on usb6\nuhub7: 2 ports with 2 removable, self powered\nehci1: (VIA VT6202 USB 2.0 controller) mem 0xe2800000-0xe28000ff at device 19.2 on pci0\nehci1: [GIANT-LOCKED]\nehci1: [ITHREAD]\nusb7: EHCI version 1.0\nusb7: companion controllers, 2 ports each: usb5 usb6\nusb7: (VIA VT6202 USB 2.0 controller) on ehci1\nusb7: USB revision 2.0\nuhub8: (VIA EHCI root hub, class 9/0, rev 2.00/1.00, addr 1) on usb7\nuhub8: 4 ports with 4 removable, self powered\nfwohci0: (VIA Fire II (VT6306)) port 0x7400-0x747f mem 0xe2000000-0xe20007ff at device 19.3 on pci0\nfwohci0: [FILTER]\nfwohci0: OHCI version 1.10 (ROM=1)\nfwohci0: No. of Isochronous channels is 4.\nfwohci0: EUI64 00:11:06:66:45:55:5e:9b\nfwohci0: Phy 1394a available S400, 2 ports.\nfwohci0: Link S400, max_rec 2048 bytes.\nfirewire0: (IEEE1394(FireWire) bus) on fwohci0\nfwe0: (Ethernet over FireWire) on firewire0\nif_fwe0: Fake Ethernet address: 02:11:06:55:5e:9b\nfwe0: Ethernet address: 02:11:06:55:5e:9b\nfwip0: (IP over FireWire) on firewire0\nfwip0: Firewire address: 00:11:06:66:45:55:5e:9b @ 0xfffe00000000, S400, maxrec 2048\nsbp0: (SBP-2/SCSI over FireWire) on firewire0\ndcons_crom0: (dcons configuration ROM) on firewire0\ndcons_crom0: bus_addr 0x1bf8000\nfwohci0: Initiate bus reset\nfwohci0: BUS reset\nfwohci0: node_id=0xc800ffc0, gen=1, CYCLEMASTER mode\nfdc0: (floppy drive controller) port 0x3f2-0x3f5,0x3f7 irq 6 drq 2 on acpi0\nfdc0: [FILTER]\nfd0: (1440-KB 3.5\" drive) on fdc0 drive 0\nsio0: configured irq 4 not in bitmap of probed irqs 0\nsio0: port may not be enabled\nsio0: configured irq 4 not in bitmap of probed irqs 0\nsio0: port may not be enabled\nsio0: (16550A-compatible COM port) port 0x3f8-0x3ff irq 4 flags 0x10 on acpi0\nsio0: type 16550A\nsio0: [FILTER]\ncpu0: (ACPI CPU) on acpi0\npmtimer0 on isa0\norm0: (ISA Option ROM) at iomem 0xd0000-0xd6fff pnpid ORM0000 on isa0\natkbdc0: (Keyboard controller (i8042)) at port 0x60,0x64 on isa0\natkbd0: (AT Keyboard) irq 1 on atkbdc0\nkbd0 at atkbd0\natkbd0: [GIANT-LOCKED]\natkbd0: [ITHREAD]\nppc0: (Parallel port) at port 0x378-0x37f irq 7 on isa0\nppc0: SMC-like chipset (ECP/EPP/PS2/NIBBLE) in COMPATIBLE mode\nppc0: FIFO with 16/16/16 bytes threshold\nppbus0: (Parallel port bus) on ppc0\nppbus0: [ITHREAD]\nplip0: (PLIP network interface) on ppbus0\nplip0: WARNING: using obsoleted IFF_NEEDSGIANT flag\nlpt0: (Printer) on ppbus0\nlpt0: Interrupt-driven port\nppi0: (Parallel I/O) on ppbus0\nppc0: [GIANT-LOCKED]\nppc0: [ITHREAD]\nsc0: (System console) at flags 0x100 on isa0\nsc0: VGA (16 virtual consoles, flags=0x300)\nsio1: configured irq 3 not in bitmap of probed irqs 0\nsio1: port may not be enabled\nvga0: (Generic ISA VGA) at port 0x3c0-0x3df iomem 0xa0000-0xbffff on isa0\nums0: (Logitech USB-PS/2 Optical Mouse, class 0/0, rev 2.00/24.30, addr 2) on uhub0\nums0: 8 buttons and Z dir.\nukbd0: (Microsoft Natural\\M-. Ergonomic Keyboard 4000, class 0/0, rev 2.00/1.73, addr 2) on uhub2\nkbd2 at ukbd0\nuhid0: (Microsoft Natural\\M-. Ergonomic Keyboard 4000, class 0/0, rev 2.00/1.73, addr 2) on uhub2\nTimecounter \"TSC\" frequency 1822514837 Hz quality 800\nTimecounters tick every 1.000 msec\nfirewire0: 1 nodes, maxhop (= 0, cable IRM = 0 (me)\nfirewire0: bus manager 0 (me)\nWaiting 5 seconds for SCSI devices to settle\nacd0: DVDR (NEC DVD RW ND-4550A/1.08) at ata0-master UDMA33\nad4: 238475MB (MAXTOR STM3250310AS 3.AAA) at ata2-master SATA150\nad6: 476940MB (WDC WD5000AAJS-00YFA0 12.01C02) at ata3-master SATA150\nGEOM_LABEL: Label for provider ad4s1 is msdosfs/ .\nGEOM_JOURNAL: Journal 2543417790: ad4s2d contains data.\nGEOM_JOURNAL: Journal 2543417790: ad4s2d contains journal.\nGEOM_JOURNAL: Journal ad4s2d clean.\nGEOM_JOURNAL: Journal 4108131987: ad4s2f contains data.\nGEOM_JOURNAL: Journal 4108131987: ad4s2f contains journal.\nGEOM_JOURNAL: Journal ad4s2f clean.\nda0 at umass-sim0 bus 0 target 0 lun 0\nda0: (Generic IC1210        CF 1.9C) Removable Direct Access SCSI-0 device \nda0: 40.000MB/s transfers\nda0: Attempt to query device size failed: NOT READY, Medium not present\nsa0 at sym0 bus 0 target 6 lun 0da1 at umass-sim0 bus 0 target 0 lun 1\nda1: (Generic IC1210        MS 1.9C) Removable Direct Access SCSI-0 device \nda1: 40.000MB/s transfers\nda1: Attempt to query device size failed: NOT READY, Medium not present\n\nsa0: (TANDBERG TDC 4222 =07:) Removable Sequential Access SCSI-2 device \nsa0: 4.807MB/s transfers (4.807MHz, offset 8)\nsa1 at sym0 bus 0 target 12 lun 0\nsa1: (TANDBERG SLR6 0404) Removable Sequential Access SCSI-2 device \nsa1: 40.000MB/s transfers (20.000MHz, offset 15, 16bit)\nda2 at umass-sim0 bus 0 target 0 lun 2\nda2: (Generic IC1210    MMC/SD 1.9C) Removable Direct Access SCSI-0 device \nda2: 40.000MB/s transfers\nda2: Attempt to query device size failed: NOT READY, Medium not present\ncd1 at ata0 bus 0 target 0 lun 0\ncd1: (_NEC DVD_RW ND-4550A 1.08) Removable CD-ROM SCSI-0 device \ncd1: 33.000MB/s transfers\ncd1: Attempt to query device size failed: NOT READY, Medium not present\nda3 at umass-sim0 bus 0 target 0 lun 3\nda3: (Generic IC1210        SM 1.9C) Removable Direct Access SCSI-0 device \nda3: 40.000MB/s transfers\nda3: Attempt to query device size failed: NOT READY, Medium not present\ncd0 at sym0 bus 0 target 2 lun 0\ncd0: (PLEXTOR CD-ROM PX-32TS 1.02) Removable CD-ROM SCSI-2 device \ncd0: 3.300MB/s transfers\ncd0: Attempt to query device size failed: NOT READY, Medium not present\nTrying to mount root from ufs:/dev/ad4s2a\nWARNING: attempt to net_add_domain(netgraph) after domainfinalize()\nWARNING: attempt to net_add_domain(bluetooth) after domainfinalize()\nfuse4bsd: version 0.3.9-pre1, FUSE ABI 7.8\nfuse4bsd: compiled against kernel config /usr/obj/usr/src/sys/MA7\nNVRM: detected agp.ko, aborting NVIDIA AGP setup!"
}