{
 "id": 529603,
 "bug_id": 140858,
 "attachment_id": 0,
 "creation_time": "2009-11-25T08:30:03Z",
 "creator": "gb.freebsd@gmail.com",
 "text": "System is an IBM Thinkpad T41 laptop.  \n\nWhen booting with ACPI enabled using GENERIC or custom kernel, the system will freeze just after enabling the acpi_acad0 device if either a 3Com Megahertz 3CCFEM556B (ep0) or Xircom CreditCard 10/100 (xe0) PC-Card NIC is inserted at cold boot into either Cardbus slot.  With ACPI disabled, the system will boot to a login prompt, but will freeze shortly after.  There is no panic and no core dump, just a lockup.\n\nWithout either card inserted, the system will boot fine.  The system will also boot fine with an Atheros 5212 Cardbus (ath0) wireless NIC inserted at cold boot.  \n\nIf either the 3Com or Xirom cards are inserted after the boot process is complete, the kernel will output the warning \"interrupt storm detected on \"irq11:\"; throttling interrupt source\", but otherwise appears to work.\n\nNote that the same system occasionally used to panic (about once every 2-3 months) when running FreeBSD 7.2, often after a similar interrupt storm warning.  However, the freeze on boot with PC-Card NIC installed is new to 8.0.\n\n\ndmesg output with verbose logging enabled:\nt41# dmesg\nCopyright (c) 1992-2009 The FreeBSD Project.\nCopyright (c) 1979, 1980, 1983, 1986, 1988, 1989, 1991, 1992, 1993, 1994\n        The Regents of the University of California. All rights reserved.\nFreeBSD is a registered trademark of The FreeBSD Foundation.\nFreeBSD 8.0-RELEASE #0: Tue Nov 24 22:42:49 MST 2009\n    root@t41.ph.cox.net:/usr/src/sys/i386/compile/T41\nPreloaded elf kernel \"/boot/kernel/kernel\" at 0xc0a6f000.\nTimecounter \"i8254\" frequency 1193182 Hz quality 0\nCalibrating TSC clock ... TSC clock: 1598651847 Hz\nCPU: Intel(R) Pentium(R) M processor 1600MHz (1598.65-MHz 686-class CPU)\n  Origin = \"GenuineIntel\"  Id = 0x695  Stepping = 5\n  Features=0xa7e1f9bf\u003cFPU,VME,DE,PSE,TSC,MSR,MCE,CX8,SEP,MTRR,PGE,MCA,CMOV,PAT,DTS,ACPI,MMX,FXSR,SSE,SSE2,TM,PBE\u003e\n  Features2=0x180\u003cEST,TM2\u003e\n\nInstruction TLB: 4 KB Pages, 4-way set associative, 128 entries\nData TLB: 4 KB Pages, 4-way set associative, 128 entries\nInstruction TLB: 4 MB pages, fully associative, 2 entries\n2nd-level cache: 1 MB, 8-way set associative, 64 byte line size\n1st-level instruction cache: 32 KB, 8-way set associative, 64 byte line size\nData TLB: 4 MB Pages, 4-way set associative, 8 entries\n1st-level data cache: 32 KB, 8-way set associative, 64 byte line size\nreal memory  = 1073741824 (1024 MB)\nPhysical memory chunk(s):\n0x0000000000001000 - 0x000000000009efff, 647168 bytes (158 pages)\n0x0000000000100000 - 0x00000000003fffff, 3145728 bytes (768 pages)\n0x0000000000c26000 - 0x000000003ed17fff, 1041178624 bytes (254194 pages)\navail memory = 1040965632 (992 MB)\nbios32: Found BIOS32 Service Directory header at 0xc00f6db0\nbios32: Entry = 0xfd750 (c00fd750)  Rev = 0  Len = 1\npcibios: PCI BIOS entry at 0xfd6e0+0x1f6\npnpbios: Found PnP BIOS data at 0xc00f6e30\npnpbios: Entry = f0000:b699  Rev = 1.0\npnpbios: Event flag at 4b4\nOther BIOS signatures found:\nULE: setup cpu 0\nwlan: \u003c802.11 Link Layer\u003e\nnull: \u003cnull device, zero device\u003e\nrandom: \u003centropy source, Software, Yarrow\u003e\nkbd: new array size 4\nkbd1 at kbdmux0\nmem: \u003cmemory\u003e\nPentium Pro MTRR support enabled\nio: \u003cI/O\u003e\nACPI: RSDP 0xf6e00 00024 (v2 IBM   )\nACPI: XSDT 0x3ff6af83 0004C (v1 IBM    TP-1R    00003051  LTP 00000000)\nACPI: FACP 0x3ff6b000 000F4 (v3 IBM    TP-1R    00003051 IBM  00000001)\nACPI Warning: 32/64X length mismatch in Gpe1Block: 0/32 20090521 tbfadt-625\nACPI Warning: Optional field Gpe1Block has zero address or length:        0    102C/0 20090521 tbfadt-655\nACPI: DSDT 0x3ff6b1e7 0BC1F (v1 IBM    TP-1R    00003051 MSFT 0100000E)\nACPI: FACS 0x3ff78000 00040\nACPI: SSDT 0x3ff6b1b4 00033 (v1 IBM    TP-1R    00003051 MSFT 0100000E)\nACPI: ECDT 0x3ff76e06 00052 (v1 IBM    TP-1R    00003051 IBM  00000001)\nACPI: TCPA 0x3ff76e58 00032 (v1 IBM    TP-1R    00003051 PTL  00000001)\nACPI: BOOT 0x3ff76fd8 00028 (v1 IBM    TP-1R    00003051  LTP 00000001)\nnpx0: INT 16 interface\nacpi0: \u003cIBM TP-1R\u003e on motherboard\nacpi0: [MPSAFE]\nacpi0: [ITHREAD]\nacpi_ec0: \u003cEmbedded Controller: GPE 0x1c, ECDT\u003e port 0x62,0x66 on acpi0\npci_open(1):    mode 1 addr port (0x0cf8) is 0x8000f904\npci_open(1a):   mode1res=0x80000000 (0x80000000)\npci_cfgcheck:   device 0 [class=060000] [hdr=00] is there (id=33408086)\npcibios: BIOS version 2.10\nAcpiOsDerivePciId: \\\\_SB_.PCI0.MHCS -\u003e bus 0 dev 0 func 0\nAcpiOsDerivePciId: \\\\_SB_.PCI0.LPC_.LPCS -\u003e bus 0 dev 31 func 0\nAcpiOsDerivePciId: \\\\_SB_.PCI0.PCI1.CBS0.CBUS -\u003e bus 2 dev 0 func 0\nAcpiOsDerivePciId: \\\\_SB_.PCI0.PCI1.CBS1.CBUS -\u003e bus 2 dev 0 func 1\nAcpiOsDerivePciId: \\\\_SB_.PCI0.USB7.U7CS -\u003e bus 0 dev 29 func 7\nacpi0: Power Button (fixed)\nacpi0: wakeup code va 0xc3a75000 pa 0x1000\natpic: Programming IRQ9 as level/low\nacpi0: reservation of 0, a0000 (3) failed\nacpi0: reservation of 100000, 3ff00000 (3) failed\nACPI timer: 1/0 1/0 1/0 1/0 1/0 1/0 1/0 1/0 1/0 1/0 -\u003e 10\nTimecounter \"ACPI-fast\" frequency 3579545 Hz quality 1000\nacpi_timer0: \u003c24-bit timer at 3.579545MHz\u003e port 0x1008-0x100b on acpi0\npci_link0:        Index  IRQ  Rtd  Ref  IRQs\n  Initial Probe       0   11   N     0  3 4 5 6 7 9 10 11\n  Validation          0   11   N     0  3 4 5 6 7 9 10 11\n  After Disable       0  255   N     0  3 4 5 6 7 9 10 11\npci_link1:        Index  IRQ  Rtd  Ref  IRQs\n  Initial Probe       0   11   N     0  3 4 5 6 7 9 10 11\n  Validation          0   11   N     0  3 4 5 6 7 9 10 11\n  After Disable       0  255   N     0  3 4 5 6 7 9 10 11\npci_link2:        Index  IRQ  Rtd  Ref  IRQs\n  Initial Probe       0   11   N     0  3 4 5 6 7 9 10 11\n  Validation          0   11   N     0  3 4 5 6 7 9 10 11\n  After Disable       0  255   N     0  3 4 5 6 7 9 10 11\npci_link3:        Index  IRQ  Rtd  Ref  IRQs\n  Initial Probe       0   11   N     0  3 4 5 6 7 9 10 11\n  Validation          0   11   N     0  3 4 5 6 7 9 10 11\n  After Disable       0  255   N     0  3 4 5 6 7 9 10 11\npci_link4:        Index  IRQ  Rtd  Ref  IRQs\n  Initial Probe       0  255   N     0  3 4 5 6 7 9 10 11\n  Validation          0  255   N     0  3 4 5 6 7 9 10 11\n  After Disable       0  255   N     0  3 4 5 6 7 9 10 11\npci_link5:        Index  IRQ  Rtd  Ref  IRQs\n  Initial Probe       0  255   N     0  3 4 5 6 7 9 10 11\n  Validation          0  255   N     0  3 4 5 6 7 9 10 11\n  After Disable       0  255   N     0  3 4 5 6 7 9 10 11\npci_link6:        Index  IRQ  Rtd  Ref  IRQs\n  Initial Probe       0  255   N     0  3 4 5 6 7 9 10 11\n  Validation          0  255   N     0  3 4 5 6 7 9 10 11\n  After Disable       0  255   N     0  3 4 5 6 7 9 10 11\npci_link7:        Index  IRQ  Rtd  Ref  IRQs\n  Initial Probe       0   11   N     0  3 4 5 6 7 9 10 11\n  Validation          0   11   N     0  3 4 5 6 7 9 10 11\n  After Disable       0  255   N     0  3 4 5 6 7 9 10 11\nacpi_lid0: \u003cControl Method Lid Switch\u003e on acpi0\nacpi_button0: \u003cSleep Button\u003e on acpi0\npcib0: \u003cACPI Host-PCI bridge\u003e port 0xcf8-0xcff on acpi0\nACPI: Found matching pin for 0.29.INTA at func 0: 11\nACPI: Found matching pin for 0.29.INTB at func 1: 11\nACPI: Found matching pin for 0.29.INTC at func 2: 11\nACPI: Found matching pin for 0.29.INTD at func 7: 11\nACPI: Found matching pin for 0.31.INTA at func 1: 255\nACPI: Found matching pin for 0.31.INTB at func 3: 11\npci0: \u003cACPI PCI bus\u003e on pcib0\npci0: domain=0, physical bus=0\nfound-\u003e vendor=0x8086, dev=0x3340, revid=0x03\n        domain=0, bus=0, slot=0, func=0\n        class=06-00-00, hdrtype=0x00, mfdev=0\n        cmdreg=0x0106, statreg=0x2090, cachelnsz=0 (dwords)\n        lattimer=0x00 (0 ns), mingnt=0x00 (0 ns), maxlat=0x00 (0 ns)\n        map[10]: type Prefetchable Memory, range 32, base 0xd0000000, size 28, enabled\nfound-\u003e vendor=0x8086, dev=0x3341, revid=0x03\n        domain=0, bus=0, slot=1, func=0\n        class=06-04-00, hdrtype=0x01, mfdev=0\n        cmdreg=0x0107, statreg=0x00a0, cachelnsz=0 (dwords)\n        lattimer=0x60 (2880 ns), mingnt=0x0c (3000 ns), maxlat=0x00 (0 ns)\nfound-\u003e vendor=0x8086, dev=0x24c2, revid=0x01\n        domain=0, bus=0, slot=29, func=0\n        class=0c-03-00, hdrtype=0x00, mfdev=1\n        cmdreg=0x0005, statreg=0x0280, cachelnsz=0 (dwords)\n        lattimer=0x00 (0 ns), mingnt=0x00 (0 ns), maxlat=0x00 (0 ns)\n        intpin=a, irq=11\n        map[20]: type I/O Port, range 32, base 0x1800, size  5, enabled\npcib0: matched entry for 0.29.INTA (src \\\\_SB_.LNKA:0)\npcib0: slot 29 INTA routed to irq 11 via \\\\_SB_.LNKA\nfound-\u003e vendor=0x8086, dev=0x24c4, revid=0x01\n        domain=0, bus=0, slot=29, func=1\n        class=0c-03-00, hdrtype=0x00, mfdev=0\n        cmdreg=0x0005, statreg=0x0280, cachelnsz=0 (dwords)\n        lattimer=0x00 (0 ns), mingnt=0x00 (0 ns), maxlat=0x00 (0 ns)\n        intpin=b, irq=11\n        map[20]: type I/O Port, range 32, base 0x1820, size  5, enabled\npcib0: matched entry for 0.29.INTB (src \\\\_SB_.LNKD:0)\npcib0: slot 29 INTB routed to irq 11 via \\\\_SB_.LNKD\nfound-\u003e vendor=0x8086, dev=0x24c7, revid=0x01\n        domain=0, bus=0, slot=29, func=2\n        class=0c-03-00, hdrtype=0x00, mfdev=0\n        cmdreg=0x0001, statreg=0x0280, cachelnsz=0 (dwords)\n        lattimer=0x00 (0 ns), mingnt=0x00 (0 ns), maxlat=0x00 (0 ns)\n        intpin=c, irq=11\n        map[20]: type I/O Port, range 32, base 0x1840, size  5, enabled\npcib0: matched entry for 0.29.INTC (src \\\\_SB_.LNKC:0)\npcib0: slot 29 INTC routed to irq 11 via \\\\_SB_.LNKC\nfound-\u003e vendor=0x8086, dev=0x24cd, revid=0x01\n        domain=0, bus=0, slot=29, func=7\n        class=0c-03-20, hdrtype=0x00, mfdev=0\n        cmdreg=0x0106, statreg=0x0290, cachelnsz=0 (dwords)\n        lattimer=0x00 (0 ns), mingnt=0x00 (0 ns), maxlat=0x00 (0 ns)\n        intpin=d, irq=11\n        powerspec 2  supports D0 D3  current D0\n        map[10]: type Memory, range 32, base 0xc0000000, size 10, enabled\npcib0: matched entry for 0.29.INTD (src \\\\_SB_.LNKH:0)\npcib0: slot 29 INTD routed to irq 11 via \\\\_SB_.LNKH\nfound-\u003e vendor=0x8086, dev=0x2448, revid=0x81\n        domain=0, bus=0, slot=30, func=0\n        class=06-04-00, hdrtype=0x01, mfdev=0\n        cmdreg=0x0107, statreg=0x8080, cachelnsz=0 (dwords)\n        lattimer=0x00 (0 ns), mingnt=0x04 (1000 ns), maxlat=0x00 (0 ns)\nfound-\u003e vendor=0x8086, dev=0x24cc, revid=0x01\n        domain=0, bus=0, slot=31, func=0\n        class=06-01-00, hdrtype=0x00, mfdev=1\n        cmdreg=0x000f, statreg=0x0280, cachelnsz=0 (dwords)\n        lattimer=0x00 (0 ns), mingnt=0x00 (0 ns), maxlat=0x00 (0 ns)\nfound-\u003e vendor=0x8086, dev=0x24ca, revid=0x01\n        domain=0, bus=0, slot=31, func=1\n        class=01-01-8a, hdrtype=0x00, mfdev=0\n        cmdreg=0x0005, statreg=0x0280, cachelnsz=0 (dwords)\n        lattimer=0x00 (0 ns), mingnt=0x00 (0 ns), maxlat=0x00 (0 ns)\n        intpin=a, irq=255\n        map[20]: type I/O Port, range 32, base 0x1860, size  4, enabled\n        map[24]: type Memory, range 32, base 0, size 10, memory disabled\nfound-\u003e vendor=0x8086, dev=0x24c3, revid=0x01\n        domain=0, bus=0, slot=31, func=3\n        class=0c-05-00, hdrtype=0x00, mfdev=0\n        cmdreg=0x0001, statreg=0x0280, cachelnsz=0 (dwords)\n        lattimer=0x00 (0 ns), mingnt=0x00 (0 ns), maxlat=0x00 (0 ns)\n        intpin=b, irq=11\n        map[20]: type I/O Port, range 32, base 0x1880, size  5, enabled\npcib0: matched entry for 0.31.INTB (src \\\\_SB_.LNKB:0)\npcib0: slot 31 INTB routed to irq 11 via \\\\_SB_.LNKB\nfound-\u003e vendor=0x8086, dev=0x24c5, revid=0x01\n        domain=0, bus=0, slot=31, func=5\n        class=04-01-00, hdrtype=0x00, mfdev=0\n        cmdreg=0x0007, statreg=0x0290, cachelnsz=0 (dwords)\n        lattimer=0x00 (0 ns), mingnt=0x00 (0 ns), maxlat=0x00 (0 ns)\n        intpin=b, irq=11\n        powerspec 2  supports D0 D3  current D0\n        map[10]: type I/O Port, range 32, base 0x1c00, size  8, enabled\n        map[14]: type I/O Port, range 32, base 0x18c0, size  6, enabled\n        map[18]: type Memory, range 32, base 0xc0000c00, size  9, enabled\n        map[1c]: type Memory, range 32, base 0xc0000800, size  8, enabled\npcib0: matched entry for 0.31.INTB (src \\\\_SB_.LNKB:0)\npcib0: slot 31 INTB routed to irq 11 via \\\\_SB_.LNKB\nfound-\u003e vendor=0x8086, dev=0x24c6, revid=0x01\n        domain=0, bus=0, slot=31, func=6\n        class=07-03-00, hdrtype=0x00, mfdev=0\n        cmdreg=0x0005, statreg=0x0290, cachelnsz=0 (dwords)\n        lattimer=0x00 (0 ns), mingnt=0x00 (0 ns), maxlat=0x00 (0 ns)\n        intpin=b, irq=11\n        powerspec 2  supports D0 D3  current D0\n        map[10]: type I/O Port, range 32, base 0x2400, size  8, enabled\n        map[14]: type I/O Port, range 32, base 0x2000, size  7, enabled\npcib0: matched entry for 0.31.INTB (src \\\\_SB_.LNKB:0)\npcib0: slot 31 INTB routed to irq 11 via \\\\_SB_.LNKB\nagp0: \u003cIntel 82855 host to AGP bridge\u003e on hostb0\nhostb0: Reserved 0x10000000 bytes for rid 0x10 type 3 at 0xd0000000\nagp0: allocating GATT for aperture of size 256M\npcib1: \u003cACPI PCI-PCI bridge\u003e at device 1.0 on pci0\npcib1:   domain            0\npcib1:   secondary bus     1\npcib1:   subordinate bus   1\npcib1:   I/O decode        0x3000-0x3fff\npcib1:   memory decode     0xc0100000-0xc01fffff\npcib1:   prefetched decode 0xe0000000-0xe7ffffff\nACPI: Found matching pin for 1.0.INTA at func 0: 11\npci1: \u003cACPI PCI bus\u003e on pcib1\npci1: domain=0, physical bus=1\nfound-\u003e vendor=0x1002, dev=0x4c57, revid=0x00\n        domain=0, bus=1, slot=0, func=0\n        class=03-00-00, hdrtype=0x00, mfdev=0\n        cmdreg=0x0387, statreg=0x02b0, cachelnsz=8 (dwords)\n        lattimer=0x42 (1980 ns), mingnt=0x08 (2000 ns), maxlat=0x00 (0 ns)\n        intpin=a, irq=11\n        powerspec 2  supports D0 D1 D2 D3  current D0\n        map[10]: type Prefetchable Memory, range 32, base 0xe0000000, size 27, enabled\npcib1: requested memory range 0xe0000000-0xe7ffffff: good\n        map[14]: type I/O Port, range 32, base 0x3000, size  8, enabled\npcib1: requested I/O range 0x3000-0x30ff: in range\n        map[18]: type Memory, range 32, base 0xc0100000, size 16, enabled\npcib1: requested memory range 0xc0100000-0xc010ffff: good\npcib1: matched entry for 1.0.INTA (src \\\\_SB_.LNKA:0)\npcib1: slot 0 INTA routed to irq 11 via \\\\_SB_.LNKA\nvgapci0: \u003cVGA-compatible display\u003e port 0x3000-0x30ff mem 0xe0000000-0xe7ffffff,0xc0100000-0xc010ffff irq 11 at device 0.0 on pci1\nuhci0: \u003cIntel 82801DB (ICH4) USB controller USB-A\u003e port 0x1800-0x181f irq 11 at device 29.0 on pci0\nuhci0: Reserved 0x20 bytes for rid 0x20 type 4 at 0x1800\nuhci0: [MPSAFE]\nuhci0: [ITHREAD]\nusbus0: \u003cIntel 82801DB (ICH4) USB controller USB-A\u003e on uhci0\nuhci1: \u003cIntel 82801DB (ICH4) USB controller USB-B\u003e port 0x1820-0x183f irq 11 at device 29.1 on pci0\nuhci1: Reserved 0x20 bytes for rid 0x20 type 4 at 0x1820\nuhci1: [MPSAFE]\nuhci1: [ITHREAD]\nusbus1: \u003cIntel 82801DB (ICH4) USB controller USB-B\u003e on uhci1\nuhci2: \u003cIntel 82801DB (ICH4) USB controller USB-C\u003e port 0x1840-0x185f irq 11 at device 29.2 on pci0\nuhci2: Reserved 0x20 bytes for rid 0x20 type 4 at 0x1840\nuhci2: [MPSAFE]\nuhci2: [ITHREAD]\nusbus2: \u003cIntel 82801DB (ICH4) USB controller USB-C\u003e on uhci2\nehci0: \u003cIntel 82801DB/L/M (ICH4) USB 2.0 controller\u003e mem 0xc0000000-0xc00003ff irq 11 at device 29.7 on pci0\nehci0: Reserved 0x400 bytes for rid 0x10 type 3 at 0xc0000000\nehci0: [MPSAFE]\nehci0: [ITHREAD]\nusbus3: EHCI version 1.0\nusbus3: \u003cIntel 82801DB/L/M (ICH4) USB 2.0 controller\u003e on ehci0\npcib2: \u003cACPI PCI-PCI bridge\u003e at device 30.0 on pci0\npcib2:   domain            0\npcib2:   secondary bus     2\npcib2:   subordinate bus   8\npcib2:   I/O decode        0x4000-0x8fff\npcib2:   memory decode     0xc0200000-0xcfffffff\npcib2:   prefetched decode 0xe8000000-0xefffffff\npcib2:   Subtractively decoded bridge.\nACPI: Found matching pin for 2.0.INTA at func 0: 11\nACPI: Found matching pin for 2.0.INTB at func 1: 11\nACPI: Found matching pin for 2.1.INTA at func 0: 11\nACPI: Found matching pin for 2.2.INTA at func 0: 11\npci2: \u003cACPI PCI bus\u003e on pcib2\npci2: domain=0, physical bus=2\nfound-\u003e vendor=0x104c, dev=0xac46, revid=0x01\n        domain=0, bus=2, slot=0, func=0\n        class=06-07-00, hdrtype=0x02, mfdev=1\n        cmdreg=0x0107, statreg=0x0210, cachelnsz=8 (dwords)\n        lattimer=0x40 (1920 ns), mingnt=0xc0 (48000 ns), maxlat=0x03 (750 ns)\n        intpin=a, irq=11\n        powerspec 2  supports D0 D1 D2 D3  current D0\n        map[10]: type Memory, range 32, base 0xb0000000, size 12, enabled\npcib2: requested memory range 0xb0000000-0xb0000fff: good\npcib2: matched entry for 2.0.INTA (src \\\\_SB_.LNKA:0)\npcib2: slot 0 INTA routed to irq 11 via \\\\_SB_.LNKA\nfound-\u003e vendor=0x104c, dev=0xac46, revid=0x01\n        domain=0, bus=2, slot=0, func=1\n        class=06-07-00, hdrtype=0x02, mfdev=1\n        cmdreg=0x0107, statreg=0x0210, cachelnsz=8 (dwords)\n        lattimer=0x40 (1920 ns), mingnt=0xc0 (48000 ns), maxlat=0x03 (750 ns)\n        intpin=b, irq=11\n        powerspec 2  supports D0 D1 D2 D3  current D0\n        map[10]: type Memory, range 32, base 0xb1000000, size 12, enabled\npcib2: requested memory range 0xb1000000-0xb1000fff: good\npcib2: matched entry for 2.0.INTB (src \\\\_SB_.LNKB:0)\npcib2: slot 0 INTB routed to irq 11 via \\\\_SB_.LNKB\nfound-\u003e vendor=0x8086, dev=0x101e, revid=0x03\n        domain=0, bus=2, slot=1, func=0\n        class=02-00-00, hdrtype=0x00, mfdev=0\n        cmdreg=0x0117, statreg=0x0230, cachelnsz=8 (dwords)\n        lattimer=0x40 (1920 ns), mingnt=0xff (63750 ns), maxlat=0x00 (0 ns)\n        intpin=a, irq=11\n        powerspec 2  supports D0 D3  current D0\n        map[10]: type Memory, range 32, base 0xc0220000, size 17, enabled\npcib2: requested memory range 0xc0220000-0xc023ffff: good\n        map[14]: type Memory, range 32, base 0xc0200000, size 16, enabled\npcib2: requested memory range 0xc0200000-0xc020ffff: good\n        map[18]: type I/O Port, range 32, base 0x8000, size  6, enabled\npcib2: requested I/O range 0x8000-0x803f: in range\npcib2: matched entry for 2.1.INTA (src \\\\_SB_.LNKA:0)\npcib2: slot 1 INTA routed to irq 11 via \\\\_SB_.LNKA\nfound-\u003e vendor=0x8086, dev=0x1043, revid=0x04\n        domain=0, bus=2, slot=2, func=0\n        class=02-80-00, hdrtype=0x00, mfdev=0\n        cmdreg=0x0116, statreg=0x0290, cachelnsz=8 (dwords)\n        lattimer=0x40 (1920 ns), mingnt=0x02 (500 ns), maxlat=0x22 (8500 ns)\n        intpin=a, irq=11\n        powerspec 2  supports D0 D3  current D0\n        map[10]: type Memory, range 32, base 0xc0210000, size 12, enabled\npcib2: requested memory range 0xc0210000-0xc0210fff: good\npcib2: matched entry for 2.2.INTA (src \\\\_SB_.LNKC:0)\npcib2: slot 2 INTA routed to irq 11 via \\\\_SB_.LNKC\ncbb0: \u003cPCI-CardBus Bridge\u003e mem 0xb0000000-0xb0000fff irq 11 at device 0.0 on pci2\ncbb0: Reserved 0x1000 bytes for rid 0x10 type 3 at 0xb0000000\ncardbus0: \u003cCardBus bus\u003e on cbb0\npccard0: \u003c16-bit PCCard bus\u003e on cbb0\ncbb0: [MPSAFE]\ncbb0: [FILTER]\ncbb0: PCI Configuration space:\n  0x00: 0xac46104c 0x02100107 0x06070001 0x00824008\n  0x10: 0xb0000000 0x020000a0 0xb0050302 0xfffff000\n  0x20: 0x00000000 0xfffff000 0x00000000 0xfffffffc\n  0x30: 0x00000000 0xfffffffc 0x00000000 0x0740010b\n  0x40: 0x05521014 0x00000001 0x00000000 0x00000000\n  0x50: 0x00000000 0x00000000 0x00000000 0x00000000\n  0x60: 0x00000000 0x00000000 0x00000000 0x00000000\n  0x70: 0x00000000 0x00000000 0x00000000 0x00000000\n  0x80: 0x0840f071 0x040a0000 0x000f0000 0x01d21b22\n  0x90: 0x416402c0 0x00000000 0x00000000 0x00000000\n  0xa0: 0xfe120001 0x00c00000 0x00000000 0x00000000\n  0xb0: 0x00000000 0x00000000 0x00000000 0x00000000\n  0xc0: 0x00000000 0x00000000 0x00000000 0x00000000\n  0xd0: 0x00000000 0x00000000 0x00000000 0x00000000\n  0xe0: 0x00000000 0x00000000 0x00000000 0x00000000\n  0xf0: 0x00000000 0x00000000 0x00000000 0x00000000\ncbb1: \u003cPCI-CardBus Bridge\u003e mem 0xb1000000-0xb1000fff irq 11 at device 0.1 on pci2\ncbb1: Reserved 0x1000 bytes for rid 0x10 type 3 at 0xb1000000\ncardbus1: \u003cCardBus bus\u003e on cbb1\npccard1: \u003c16-bit PCCard bus\u003e on cbb1\ncbb1: [MPSAFE]\ncbb1: [FILTER]\ncbb1: PCI Configuration space:\n  0x00: 0xac46104c 0x02100107 0x06070001 0x00824008\n  0x10: 0xb1000000 0x020000a0 0xb0080602 0xfffff000\n  0x20: 0x00000000 0xfffff000 0x00000000 0xfffffffc\n  0x30: 0x00000000 0xfffffffc 0x00000000 0x0740020b\n  0x40: 0x05521014 0x00000001 0x00000000 0x00000000\n  0x50: 0x00000000 0x00000000 0x00000000 0x00000000\n  0x60: 0x00000000 0x00000000 0x00000000 0x00000000\n  0x70: 0x00000000 0x00000000 0x00000000 0x00000000\n  0x80: 0x0840d071 0x040a0000 0x000f0000 0x01d21b22\n  0x90: 0x416402c0 0x00000000 0x00000000 0x00000000\n  0xa0: 0xfe120001 0x00c00000 0x00000000 0x00000000\n  0xb0: 0x00000000 0x00000000 0x00000000 0x00000000\n  0xc0: 0x00000000 0x00000000 0x00000000 0x00000000\n  0xd0: 0x00000000 0x00000000 0x00000000 0x00000000\n  0xe0: 0x00000000 0x00000000 0x00000000 0x00000000\n  0xf0: 0x00000000 0x00000000 0x00000000 0x00000000\nem0: \u003cIntel(R) PRO/1000 Network Connection 6.9.14\u003e port 0x8000-0x803f mem 0xc0220000-0xc023ffff,0xc0200000-0xc020ffff irq 11 at device 1.0 on pci2\nem0: Reserved 0x20000 bytes for rid 0x10 type 3 at 0xc0220000\nem0: Reserved 0x40 bytes for rid 0x18 type 4 at 0x8000\nem0: [FILTER]\nem0: bpf attached\nem0: Ethernet address: 00:0d:60:cf:27:5c\npci2: \u003cnetwork\u003e at device 2.0 (no driver attached)\nisab0: \u003cPCI-ISA bridge\u003e at device 31.0 on pci0\nisa0: \u003cISA bus\u003e on isab0\natapci0: \u003cIntel ICH4 UDMA100 controller\u003e port 0x1f0-0x1f7,0x3f6,0x170-0x177,0x376,0x1860-0x186f at device 31.1 on pci0\natapci0: Reserved 0x10 bytes for rid 0x20 type 4 at 0x1860\nata0: \u003cATA channel 0\u003e on atapci0\natapci0: Reserved 0x8 bytes for rid 0x10 type 4 at 0x1f0\natapci0: Reserved 0x1 bytes for rid 0x14 type 4 at 0x3f6\nata0: reset tp1 mask=03 ostat0=50 ostat1=00\nata0: stat0=0x50 err=0x01 lsb=0x00 msb=0x00\nata0: stat1=0x00 err=0x01 lsb=0x00 msb=0x00\nata0: reset tp2 stat0=50 stat1=00 devices=0x1\nata0: [MPSAFE]\nata0: [ITHREAD]\nata1: \u003cATA channel 1\u003e on atapci0\natapci0: Reserved 0x8 bytes for rid 0x18 type 4 at 0x170\natapci0: Reserved 0x1 bytes for rid 0x1c type 4 at 0x376\nata1: reset tp1 mask=03 ostat0=00 ostat1=00\nata1: stat0=0x00 err=0x00 lsb=0x00 msb=0x00\nata1: stat1=0x00 err=0x00 lsb=0x00 msb=0x00\nata1: reset tp2 stat0=00 stat1=00 devices=0x0\nata1: [MPSAFE]\nata1: [ITHREAD]\npci0: \u003cserial bus, SMBus\u003e at device 31.3 (no driver attached)\npci0: \u003cmultimedia, audio\u003e at device 31.5 (no driver attached)\npci0: \u003csimple comms, generic modem\u003e at device 31.6 (no driver attached)\nacpi_tz0: \u003cThermal Zone\u003e on acpi0\natrtc0: \u003cAT realtime clock\u003e port 0x70-0x71 irq 8 on acpi0\natrtc0: registered as a time-of-day clock (resolution 1000000us)\natkbdc0: \u003cKeyboard controller (i8042)\u003e port 0x60,0x64 irq 1 on acpi0\natkbd0: \u003cAT Keyboard\u003e irq 1 on atkbdc0\natkbd: the current kbd controller command byte 0047\natkbd: keyboard ID 0x54ab (2)\nkbd0 at atkbd0\nkbd0: atkbd0, AT 101/102 (2), config:0x0, flags:0x3d0000\natkbd0: [GIANT-LOCKED]\natkbd0: [ITHREAD]\npsm0: unable to allocate IRQ\npsmcpnp0: \u003cPS/2 mouse port\u003e irq 12 on acpi0\npsm0: current command byte:0047\npsm0: \u003cPS/2 Mouse\u003e irq 12 on atkbdc0\npsm0: [GIANT-LOCKED]\npsm0: [ITHREAD]\npsm0: model Generic PS/2 mouse, device ID 0-00, 2 buttons\npsm0: config:00000000, flags:00000008, packet size:3\npsm0: syncmask:c0, syncbits:00\nfdc0: \u003cfloppy drive controller (FDE)\u003e port 0x3f0-0x3f5,0x3f7 irq 6 drq 2 on acpi0\nfdc0: ic_type 90 part_id 73\nfdc0: [FILTER]\nuart0: \u003c16550 or compatible\u003e port 0x3f8-0x3ff irq 4 flags 0x10 on acpi0\nuart0: [FILTER]\nuart0: fast interrupt\nppc0: using extended I/O port range\nppc0: SPP\nppc0: \u003cParallel port\u003e port 0x3bc-0x3be irq 7 on acpi0\nppc0: Generic chipset (NIBBLE-only) in COMPATIBLE mode\nppc0: [MPSAFE]\nppc0: [ITHREAD]\nppbus0: \u003cParallel port bus\u003e on ppc0\nplip0: \u003cPLIP network interface\u003e on ppbus0\nplip0: bpf attached\nplip0: [MPSAFE]\nplip0: [ITHREAD]\nlpt0: \u003cPrinter\u003e on ppbus0\nlpt0: [MPSAFE]\nlpt0: [ITHREAD]\nlpt0: Interrupt-driven port\nppi0: \u003cParallel I/O\u003e on ppbus0\nbattery0: \u003cACPI Control Method Battery\u003e on acpi0\nacpi_acad0: \u003cAC Adapter\u003e on acpi0\ncpu0: \u003cACPI CPU\u003e on acpi0\nest0: \u003cEnhanced SpeedStep Frequency Control\u003e on cpu0\np4tcc0: \u003cCPU Frequency Thermal Control\u003e on cpu0\npnp_identify: Trying Read_Port at 203\npnp_identify: Trying Read_Port at 243\npnp_identify: Trying Read_Port at 283\npnp_identify: Trying Read_Port at 2c3\npnp_identify: Trying Read_Port at 303\npnp_identify: Trying Read_Port at 343\npnp_identify: Trying Read_Port at 383\npnp_identify: Trying Read_Port at 3c3\nPNP Identify complete\nisa_probe_children: disabling PnP devices\npmtimer0 on isa0\nata: ata0 already exists; skipping it\nata: ata1 already exists; skipping it\natkbdc: atkbdc0 already exists; skipping it\natrtc: atrtc0 already exists; skipping it\nfdc: fdc0 already exists; skipping it\nppc: ppc0 already exists; skipping it\nsc: sc0 already exists; skipping it\nuart: uart0 already exists; skipping it\nisa_probe_children: probing non-PnP devices\norm0: \u003cISA Option ROMs\u003e at iomem 0xc0000-0xcffff,0xd0000-0xd0fff,0xd1000-0xd1fff,0xdc000-0xdffff,0xe0000-0xeffff pnpid ORM0000 on isa0\nsc0: \u003cSystem console\u003e at flags 0x100 on isa0\nsc0: VGA \u003c16 virtual consoles, flags=0x300\u003e\nsc0: fb0, kbd1, terminal emulator: scteken (teken terminal)\nvga0: \u003cGeneric ISA VGA\u003e at port 0x3c0-0x3df iomem 0xa0000-0xbffff on isa0\nuart1: \u003c16550 or compatible\u003e at port 0x2f8-0x2ff irq 3 on isa0\nuart1: [FILTER]\nuart1: fast interrupt\nisa_probe_children: probing PnP devices\nDevice configuration finished.\nprocfs registered\nTimecounter \"TSC\" frequency 1598651847 Hz quality 800\nTimecounters tick every 1.000 msec\nlo0: bpf attached\nata0: Identifying devices: 00000001\nata0: New devices: 00000001\nfdc0: output ready timeout\nfdc0: output ready timeout\nfdc0: output ready timeout\nfdc0: output ready timeout\nfdc0: output ready timeout\nfdc0: output ready timeout\nfdc0: output ready timeout\nusbus0: 12Mbps Full Speed USB v1.0\nusbus1: 12Mbps Full Speed USB v1.0\nusbus2: 12Mbps Full Speed USB v1.0\nusbus3: 480Mbps High Speed USB v2.0\nbattery0: battery initialization start\nacpi_acad0: acline initialization start\nata0-master: pio=PIO4 wdma=WDMA2 udma=UDMA100 cable=80 wire\nad0: setting PIO4 on ICH4 chip\nbattery0: battery initialization done, tried 1 times\nacpi_acad0: On Line\nacpi_acad0: acline initialization done, tried 1 times\nad0: setting UDMA100 on ICH4 chip\nugen0.1: \u003cIntel\u003e at usbus0\nuhub0: \u003cIntel UHCI root HUB, class 9/0, rev 1.00/1.00, addr 1\u003e on usbus0\nugen1.1: \u003cIntel\u003e at usbus1\nuhub1: \u003cIntel UHCI root HUB, class 9/0, rev 1.00/1.00, addr 1\u003e on usbus1\nugen2.1: \u003cIntel\u003e at usbus2\nuhub2: \u003cIntel UHCI root HUB, class 9/0, rev 1.00/1.00, addr 1\u003e on usbus2\nugen3.1: \u003cIntel\u003e at usbus3\nuhub3: \u003cIntel EHCI root HUB, class 9/0, rev 2.00/1.00, addr 1\u003e on usbus3\nad0: 73853MB \u003cFUJITSU MHV2080AH 000000A0\u003e at ata0-master UDMA100\nad0: 151251362 sectors [150050C/16H/63S] 16 sectors/interrupt 1 depth queue\nata1: Identifying devices: 00000000\nata1: New devices: 00000000\nGEOM: new disk ad0\npcib2: requested memory range 0x88000000-0xffffffff: good\nunknown: Lazy allocation of 0x10000 bytes rid 0x10 type 3 at 0x88000000\nunknown: Reserved 0x10000 bytes for rid 0x10 type 3 at 0x88000000\ncbb0: Opening memory:\ncbb0: Normal: 0x88000000-0x8800ffff\ncbb0: Opening memory:\npcib2: requested memory range 0x88000000-0x8800ffff: good\ncbb0: Opening memory:\ncbb0: Normal: 0x88000000-0x8800ffff\ncbb0: Opening memory:\n        map[10]: type Memory, range 32, base 0, size 16, enabled\npcib2: requested memory range 0x88000000-0xffffffff: good\nfound-\u003e vendor=0x168c, dev=0x0013, revid=0x01\n        domain=0, bus=3, slot=0, func=0\n        class=02-00-00, hdrtype=0x00, mfdev=0\n        cmdreg=0x0002, statreg=0x0290, cachelnsz=0 (dwords)\n        lattimer=0x00 (0 ns), mingnt=0x0a (2500 ns), maxlat=0x1c (7000 ns)\n        intpin=a, irq=11\n        powerspec 2  supports D0 D3  current D0\nath0: \u003cAtheros 5212\u003e mem 0x88000000-0x8800ffff irq 11 at device 0.0 on cardbus0\nath0: Reserved 0x10000 bytes for rid 0x10 type 3 at 0x88000000\ncbb0: Opening memory:\ncbb0: Normal: 0x88000000-0x8800ffff\nath0: [MPSAFE]\nath0: [ITHREAD]\nath0: 11a rates: 6Mbps 9Mbps 12Mbps 18Mbps 24Mbps 36Mbps 48Mbps 54Mbps\nath0: 11b rates: 1Mbps 2Mbps 5.5Mbps 11Mbps\nath0: 11g rates: 1Mbps 2Mbps 5.5Mbps 11Mbps 6Mbps 9Mbps 12Mbps 18Mbps 24Mbps 36Mbps 48Mbps 54Mbps\nath0: turboA rates: 6Mbps 9Mbps 12Mbps 18Mbps 24Mbps 36Mbps 48Mbps 54Mbps\nath0: turboG rates: 1Mbps 2Mbps 5.5Mbps 11Mbps 6Mbps 9Mbps 12Mbps 18Mbps 24Mbps 36Mbps 48Mbps 54Mbps\nath0: sturboA rates: 6Mbps 9Mbps 12Mbps 18Mbps 24Mbps 36Mbps 48Mbps 54Mbps\nath0: AR5212 mac 5.9 RF5112 phy 4.3\nath0: Use hw queue 1 for WME_AC_BE traffic\nath0: Use hw queue 0 for WME_AC_BK traffic\nath0: Use hw queue 2 for WME_AC_VI traffic\nath0: Use hw queue 3 for WME_AC_VO traffic\nath0: Use hw queue 8 for CAB traffic\nath0: Use hw queue 9 for beacons\nRoot mount waiting for: usbus3 usbus2 usbus1 usbus0\nuhub0: 2 ports with 2 removable, self powered\nuhub1: 2 ports with 2 removable, self powered\nuhub2: 2 ports with 2 removable, self powered\nfdc0: output ready timeout\nfdc0: input ready timeout\nfdc0: input ready timeout\nfdc0: output ready timeout\nfdc0: input ready timeout\nfdc0: input ready timeout\nfdc0: output ready timeout\nfdc0: input ready timeout\nfdc0: input ready timeout\nfdc0: output ready timeout\nfdc0: input ready timeout\nfdc0: input ready timeout\nRoot mount waiting for: usbus3\nuhub3: 6 ports with 6 removable, self powered\nTrying to mount root from ufs:/dev/ad0s1a\nct_to_ts([2009-11-25 00:53:44]) = 1259110424.000000000\nstart_init: trying /sbin/init\nipfw2 initialized, divert loadable, nat loadable, rule-based forwarding disabled, default to deny, logging disabled\nem0: Link is up 1000 Mbps Full Duplex\npcib2: pccard1 requested memory range 0x88000000-0xffffffff: good\npccard1: CIS version PC Card Standard 5.0\npccard1: CIS info: Xircom, CreditCard 10/100, CE3-10/100, 1.00\npccard1: Manufacturer code 0x105, product 0x10a\npccard1: function 0: network adapter, ccr addr 0x800 mask 0x3\npccard1: function 0, config table entry 1: I/O card; irq mask 0x8ebc; iomask 0x4, iospace 0-0xf; memspace 0-0xfff; mwait_required rdybsy_active io8 io16 irqpulse irqlevel powerdown\npcib2: pccard1 requested I/O range 0x100-0xffffffff: in range\npcib2: pccard1 requested memory range 0x88000000-0xffffffff: good\ninterrupt storm detected on \"irq11:\"; throttling interrupt source\npcib2: pccard1 requested memory range 0x88000000-0xffffffff: good\nxe0: \u003cXircom CreditCard 10/100\u003e at port 0x100-0x10f iomem 0x88010000-0x88010fff irq 11 function 0 config 1 on pccard1\nxe0: version 0x45/0x04, 100Mbps capable\nxe0: bpf attached\nxe0: Ethernet address: 00:80:c7:35:3d:26\nxe0: [MPSAFE]\nxe0: [ITHREAD]\n\n\nAlso note that the system's ACPI firmware is buggy.  IASL reports the following errors on the output from acpidump (which I posted at http://rapidshare.com/files/311909934/ibm_thinkpad_t41_acpi.asl.tgz.html):\n\nt41# iasl ibm_thinkpad_t41_acpi.asl\n\nIntel ACPI Component Architecture\nASL Optimizing Compiler version 20090521\nCopyright (C) 2000 - 2009 Intel Corporation\nSupports ACPI Specification Revision 3.0a\n\nibm_thinkpad_t41_acpi.asl  5147:                         Method (MHQC, 1, NotSerialized)\nWarning  1087 -                Not all control paths return a value ^  (MHQC)\n\nibm_thinkpad_t41_acpi.asl  5180:                         Method (MHGC, 0, NotSerialized)\nWarning  1087 -                Not all control paths return a value ^  (MHGC)\n\nibm_thinkpad_t41_acpi.asl  9330:                 Field (U7CS, DWordAcc, NoLock, Preserve)\nError    4027 -   Access width is greater than region size ^\n\nibm_thinkpad_t41_acpi.asl  9332:                     PWKI,   1,\nError    4028 -                                         ^ Access width of Field Unit extends beyond region limit\n\nibm_thinkpad_t41_acpi.asl  9333:                     PWUC,   6,\nError    4028 -                                         ^ Access width of Field Unit extends beyond region limit\n\nFix: \n\nUnknown.\nHow-To-Repeat: Boot system with PC-Card devices installed."
}