{
 "id": 1306079,
 "bug_id": 270807,
 "attachment_id": 0,
 "creation_time": "2024-04-22T15:14:18Z",
 "creator": "federicogalvezdurand@yahoo.com",
 "text": "Updating on this persistent issue.\nThis hardware is a raspberrypi 3B+ and runs well any MySQL version prior to 8.0.26 (included).\n\nThe present one is 8.0.35_1\n\nI do not have a raspberrypi 4 anymore, but the behaviour was just the same.\n\n#uname -a\nFreeBSD *****.local 14.0-RELEASE-p6 FreeBSD 14.0-RELEASE-p6 #0: Tue Mar 26 20:37:02 UTC 2024     root@arm64-builder.daemonology.net:/usr/obj/usr/src/arm64.aarch64/sys/GENERIC arm64\n\n#pkg check -dna\nChecking all packages: 100%\n\n#tail -100 /var/log/mysqld.log\n2024-04-22T14:48:27.6NZ mysqld_safe Logging to '/var/log/mysqld.log'.\n2024-04-22T14:48:27.6NZ mysqld_safe Starting mysqld daemon with databases from /var/db/mysql\n2024-04-22T14:48:27.640519Z 0 [System] [MY-010116] [Server] /usr/local/libexec/mysqld (mysqld 8.0.35) starting as process 3772\n2024-04-22T14:48:27.662506Z 1 [System] [MY-013576] [InnoDB] InnoDB initialization has started.\n2024-04-22T14:48:27Z UTC - mysqld got signal 4 ;\nMost likely, you have hit a bug, but this error can also be caused by malfunctioning hardware.\nThread pointer: 0x73b397a9d000\nAttempting backtrace. You can use the following information to find out\nwhere mysqld died. If you see no messages after this, something went\nterribly wrong...\n[0x22eb2d4] +0x0\n[0x22eb438] +0x0\n[0x8573e034] +0x0\n[0x8573d774] +0x0\n[0x849da1a4] +0x0\n[0x3091da4] +0x0\n[0x3089a18] +0x0\n[0x2e1f6a8] +0x0\n[0x2e1bce8] +0x0\n[0x2e1cd04] +0x0\n[0x3044f20] +0x0\n[0x2d9b7c4] +0x0\n[0x2b9fd10] +0x0\n[0x2d25bd0] +0x0\n[0x1fb867c] +0x0\n[0x30f2d3c] +0x0\n[0x8573334c] +0x0\nstack_bottom = 98859e90 thread_stack 0x21000\n0x2d50460 \u003c_Z19my_print_stacktracePKhm+0x13c\u003e at /usr/local/libexec/mysqld\n0x22eb2d4 \u003c_Z18print_fatal_signali+0x25c\u003e at /usr/local/libexec/mysqld\n0x22eb438 \u003chandle_fatal_signal+0x40\u003e at /usr/local/libexec/mysqld\n0x8573e034 \u003cpthread_sigmask+0x540\u003e at /lib/libthr.so.3\n\nTrying to get some variables.\nSome pointers may be invalid and cause the dump to abort.\nQuery (0): \nConnection ID (thread ID): 1\nStatus: NOT_KILLED\n\nThe manual page at http://dev.mysql.com/doc/mysql/en/crashing.html contains\ninformation that should help you find out what is causing the crash.\n\n\n# dmesg -a\nCopyright (c) 1992-2023 The FreeBSD Project.\nCopyright (c) 1979, 1980, 1983, 1986, 1988, 1989, 1991, 1992, 1993, 1994\n\tThe Regents of the University of California. All rights reserved.\nFreeBSD is a registered trademark of The FreeBSD Foundation.\nFreeBSD 14.0-RELEASE-p6 #0: Tue Mar 26 20:37:02 UTC 2024\n    root@arm64-builder.daemonology.net:/usr/obj/usr/src/arm64.aarch64/sys/GENERIC arm64\nFreeBSD clang version 16.0.6 (https://github.com/llvm/llvm-project.git llvmorg-16.0.6-0-g7cbf1a259152)\nVT(efifb): resolution 656x416\nmodule scmi already present!\nreal memory  = 993988608 (947 MB)\navail memory = 945319936 (901 MB)\nStarting CPU 1 (1)\nStarting CPU 2 (2)\nStarting CPU 3 (3)\nFreeBSD/SMP: Multiprocessor System Detected: 4 CPUs\nrandom: unblocking device.\nrandom: entropy device external interface\nkbd0 at kbdmux0\nofwbus0: \u003cOpen Firmware Device Tree\u003e\nsimplebus0: \u003cFlattened device tree simple bus\u003e on ofwbus0\nofw_clkbus0: \u003cOFW clocks bus\u003e on ofwbus0\nclk_fixed0: \u003cFixed clock\u003e on ofw_clkbus0\nclk_fixed1: \u003cFixed clock\u003e on ofw_clkbus0\nregfix0: \u003cFixed Regulator\u003e on ofwbus0\nregfix1: \u003cFixed Regulator\u003e on ofwbus0\nbcm2835_firmware0: \u003cBCM2835 Firmware\u003e on simplebus0\nofw_clkbus1: \u003cOFW clocks bus\u003e on bcm2835_firmware0\npsci0: \u003cARM Power State Co-ordination Interface Driver\u003e on ofwbus0\nlintc0: \u003cBCM2836 Interrupt Controller\u003e mem 0x40000000-0x400000ff on simplebus0\nintc0: \u003cBCM2835 Interrupt Controller\u003e mem 0x7e00b200-0x7e00b3ff irq 39 on simplebus0\ngpio0: \u003cBCM2708/2835 GPIO controller\u003e mem 0x7e200000-0x7e2000b3 irq 7,8 on simplebus0\ngpiobus0: \u003cOFW GPIO bus\u003e on gpio0\ngpio1: \u003cRaspberry Pi Firmware GPIO controller\u003e on bcm2835_firmware0\ngpiobus1: \u003cGPIO bus\u003e on gpio1\nmbox0: \u003cBCM2835 VideoCore Mailbox\u003e mem 0x7e00b880-0x7e00b8bf irq 6 on simplebus0\ngeneric_timer0: \u003cARMv7 Generic Timer\u003e irq 1,2,3,4 on ofwbus0\nTimecounter \"ARM MPCore Timecounter\" frequency 19200000 Hz quality 1000\nEvent timer \"ARM MPCore Eventtimer\" frequency 19200000 Hz quality 1000\nbcm_dma0: \u003cBCM2835 DMA Controller\u003e mem 0x7e007000-0x7e007eff irq 23,24,25,26,27,28,29,30,31,32,33,34,35,36,37,38 on simplebus0\nusb_nop_xceiv0: \u003cUSB NOP PHY\u003e on ofwbus0\nbcm2835_clkman0: \u003cBCM283x Clock Manager\u003e mem 0x7e101000-0x7e102fff on simplebus0\ngpioc0: \u003cGPIO controller\u003e on gpio0\nuart0: \u003cPrimeCell UART (PL011)\u003e mem 0x7e201000-0x7e2011ff irq 9 on simplebus0\nuart0: console (115200,n,8,1)\nspi0: \u003cBCM2708/2835 SPI controller\u003e mem 0x7e204000-0x7e2041ff irq 11 on simplebus0\nspibus0: \u003cOFW SPI bus\u003e on spi0\nspibus0: \u003cunknown card\u003e at cs 0 mode 0\nspibus0: \u003cunknown card\u003e at cs 1 mode 0\niichb0: \u003cBCM2708/2835 BSC controller\u003e mem 0x7e804000-0x7e804fff irq 19 on simplebus0\nbcm283x_dwcotg0: \u003cDWC OTG 2.0 integrated USB controller (bcm283x)\u003e mem 0x7e980000-0x7e98ffff,0x7e006000-0x7e006fff irq 21,22 on simplebus0\nusbus1 on bcm283x_dwcotg0\nbcmwd0: \u003cBCM2708/2835 Watchdog\u003e mem 0x7e100000-0x7e100113,0x7e00a000-0x7e00a023 on simplebus0\nbcmrng0: \u003cBroadcom BCM2835/BCM2838 RNG\u003e mem 0x7e104000-0x7e10400f irq 40 on simplebus0\nsdhci_bcm0: \u003cBroadcom 2708 SDHCI controller\u003e mem 0x7e300000-0x7e3000ff irq 48 on simplebus0\nmmc0: \u003cMMC/SD bus\u003e on sdhci_bcm0\ngpioc1: \u003cGPIO controller\u003e on gpio1\nfb0: \u003cBCM2835 VT framebuffer driver\u003e on simplebus0\nfb0: keeping existing fb bpp of 32\nfbd0 on fb0\nWARNING: Device \"fb\" is Giant locked and may be deleted before FreeBSD 15.0.\nVT: Replacing driver \"efifb\" with new \"fb\".\nfb0: 656x416(656x416@0,0) 32bpp\nfb0: fbswap: 1, pitch 2624, base 0x3eaf0000, screen_size 1091584\npmu0: \u003cPerformance Monitoring Unit\u003e irq 0 on ofwbus0\ncpulist0: \u003cOpen Firmware CPU Group\u003e on ofwbus0\ncpu0: \u003cOpen Firmware CPU\u003e on cpulist0\nbcm2835_cpufreq0: \u003cCPU Frequency Control\u003e on cpu0\ngpioled0: \u003cGPIO LEDs\u003e on ofwbus0\ngpioled0: \u003cled0\u003e failed to map pin\narmv8crypto0: CPU lacks AES instructions\nTimecounters tick every 1.000 msec\niicbus0: \u003cOFW I2C bus\u003e on iichb0\niic0: \u003cI2C generic I/O\u003e on iicbus0\nusbus1: 480Mbps High Speed USB v2.0\nugen1.1: \u003cDWCOTG OTG Root HUB\u003e at usbus1\nuhub0 on usbus1\nuhub0: \u003cDWCOTG OTG Root HUB, class 9/0, rev 2.00/1.00, addr 1\u003e on usbus1\nmmcsd0: 16GB \u003cSDHC SC16G 8.0 SN C5E049F0 MFG 11/2017 by 3 SD\u003e at mmc0 50.0MHz/4bit/65535-block\nbcm2835_cpufreq0: ARM 600MHz, Core 250MHz, SDRAM 400MHz, Turbo OFF\nCPU  0: ARM Cortex-A53 r0p4 affinity:  0\n                   Cache Type = \u003c64 byte D-cacheline,64 byte I-cacheline,VIPT ICache,64 byte ERG,64 byte CWG\u003e\n Instruction Set Attributes 0 = \u003cCRC32\u003e\n Instruction Set Attributes 1 = \u003c\u003e\n Instruction Set Attributes 2 = \u003c\u003e\n         Processor Features 0 = \u003cAdvSIMD,FP,EL3 32,EL2 32,EL1 32,EL0 32\u003e\n         Processor Features 1 = \u003c\u003e\n      Memory Model Features 0 = \u003cTGran4,TGran64,SNSMem,BigEnd,16bit ASID,1TB PA\u003e\nTrying to mount root from ufs:/dev/ufs/rootfs [rw]...\n      Memory Model Features 1 = \u003c8bit VMID\u003e\n      Memory Model Features 2 = \u003c32bit CCIDX,48bit VA\u003e\n             Debug Features 0 = \u003cDoubleLock,2 CTX BKPTs,4 Watchpoints,6 Breakpoints,PMUv3,Debugv8\u003e\n             Debug Features 1 = \u003c\u003e\n         Auxiliary Features 0 = \u003c\u003e\n         Auxiliary Features 1 = \u003c\u003e\nAArch32 Instruction Set Attributes 5 = \u003cCRC32,SEVL\u003e\nAArch32 Media and VFP Features 0 = \u003cFPRound,FPSqrt,FPDivide,DP VFPv3+v4,SP VFPv3+v4,AdvSIMD\u003e\nAArch32 Media and VFP Features 1 = \u003cSIMDFMAC,FPHP DP Conv,SIMDHP SP Conv,SIMDSP,SIMDInt,SIMDLS,FPDNaN,FPFtZ\u003e\nCPU  1: ARM Cortex-A53 r0p4 affinity:  1\nCPU  2: ARM Cortex-A53 r0p4 affinity:  2\nCPU  3: ARM Cortex-A53 r0p4 affinity:  3\nRelease APs...done\nTCP_ratelimit: Is now initialized\nuhub0: 1 port with 1 removable, self powered\nugen1.2: \u003cvendor 0x0424 product 0x9514\u003e at usbus1\nuhub1 on uhub0\nuhub1: \u003cvendor 0x0424 product 0x9514, class 9/0, rev 2.00/2.00, addr 2\u003e on usbus1\nuhub1: MTT enabled\nRoot mount waiting for: usbus1\nuhub1: 5 ports with 4 removable, self powered\nugen1.3: \u003cvendor 0x0424 product 0xec00\u003e at usbus1\nsmsc0 on uhub1\nsmsc0: \u003cvendor 0x0424 product 0xec00, rev 2.00/2.00, addr 3\u003e on usbus1\nsmsc0: chip 0xec00, rev. 0002\nmiibus0: \u003cMII bus\u003e on smsc0\nsmscphy0: \u003cSMC LAN8700 10/100 interface\u003e PHY 1 on miibus0\nsmscphy0:  10baseT, 10baseT-FDX, 100baseTX, 100baseTX-FDX, auto\nue0: \u003cUSB Ethernet\u003e on smsc0\nue0: Ethernet address: b8:27:eb:36:17:96\nRoot mount waiting for: usbus1\nRoot mount waiting for: usbus1\nusb_msc_auto_quirk: UQ_MSC_NO_GETMAXLUN set for USB mass storage device vendor 0x13fe USB DISK 2.0 (0x13fe:0x3600)\nusb_msc_auto_quirk: UQ_MSC_NO_TEST_UNIT_READY set for USB mass storage device vendor 0x13fe USB DISK 2.0 (0x13fe:0x3600)\nusb_msc_auto_quirk: UQ_MSC_NO_PREVENT_ALLOW set for USB mass storage device vendor 0x13fe USB DISK 2.0 (0x13fe:0x3600)\nusb_msc_auto_quirk: UQ_MSC_NO_SYNC_CACHE set for USB mass storage device vendor 0x13fe USB DISK 2.0 (0x13fe:0x3600)\nRoot mount waiting for: usbus1\nugen1.4: \u003cvendor 0x13fe USB DISK 2.0\u003e at usbus1\numass0 on uhub1\numass0: \u003cvendor 0x13fe USB DISK 2.0, class 0/0, rev 2.00/1.10, addr 4\u003e on usbus1\numass0:  SCSI over Bulk-Only; quirks = 0xc101\numass0:0:0: Attached to scbus0\n(probe0:umass-sim0:0:0:0): REPORT LUNS. CDB: a0 00 00 00 00 00 00 00 00 10 00 00 \n(probe0:umass-sim0:0:0:0): CAM status: SCSI Status Error\n(probe0:umass-sim0:0:0:0): SCSI status: Check Condition\n(probe0:umass-sim0:0:0:0): SCSI sense: ILLEGAL REQUEST asc:20,0 (Invalid command operation code)\n(probe0:umass-sim0:0:0:0): Error 22, Unretryable error\nda0 at umass-sim0 bus 0 scbus0 target 0 lun 0\nda0: \u003c USB DISK 2.0 PMAP\u003e Removable Direct Access SPC-4 SCSI device\nda0: Serial Number 079A0A009E087E2B\nda0: 40.000MB/s transfers\nda0: 7640MB (15646720 512 byte sectors)\nda0: quirks=0x3\u003cNO_SYNC_CACHE,NO_6_BYTE\u003e\nWarning: no time-of-day clock registered, system time will not be set accurately\nDual Console: Serial Primary, Video Secondary\nSetting hostuuid: 30303030-3030-3030-6238-333631373936.\nSetting hostid: 0x4476d08b.\nStarting file system checks:\n/dev/ufs/rootfs: FILE SYSTEM CLEAN; SKIPPING CHECKS\n/dev/ufs/rootfs: clean, 1687780 free (6340 frags, 210180 blocks, 0.2% fragmentation)\nMounting local filesystems:.\nSetting up harvesting: [CALLOUT],[UMA],[FS_ATIME],SWI,INTERRUPT,NET_NG,[NET_ETHER],NET_TUN,MOUSE,KEYBOARD,ATTACH,CACHED\nFeeding entropy: .\nSetting hostname: *********.local.\nELF ldconfig path: /lib /usr/lib /usr/lib/compat /usr/local/lib /usr/local/lib/compat/pkg /usr/local/lib/compat/pkg /usr/local/lib/mysql /usr/local/lib/mysql/plugin /usr/local/lib/perl5/5.36/mach/CORE\n32-bit compatibility ldconfig path: /usr/lib32\nue0: link state changed to UP\nlo0: link state changed to UP\nsmsc0: chip 0xec00, rev. 0002\nue0: link state changed to DOWN\nue0: link state changed to UP\nStarting Network: lo0 ue0.\nlo0: flags=1008049\u003cUP,LOOPBACK,RUNNING,MULTICAST,LOWER_UP\u003e metric 0 mtu 16384\n\toptions=680003\u003cRXCSUM,TXCSUM,LINKSTATE,RXCSUM_IPV6,TXCSUM_IPV6\u003e\n\tinet 127.0.0.1 netmask 0xff000000\n\tinet6 ::1 prefixlen 128\n\tinet6 fe80::1%lo0 prefixlen 64 scopeid 0x1\n\tgroups: lo\n\tnd6 options=21\u003cPERFORMNUD,AUTO_LINKLOCAL\u003e\nue0: flags=1008843\u003cUP,BROADCAST,RUNNING,SIMPLEX,MULTICAST,LOWER_UP\u003e metric 0 mtu 1500\n\toptions=80009\u003cRXCSUM,VLAN_MTU,LINKSTATE\u003e\n\tether b8:27:eb:36:17:96\n\tmedia: Ethernet autoselect (100baseTX \u003cfull-duplex\u003e)\n\tstatus: active\n\tnd6 options=29\u003cPERFORMNUD,IFDISABLED,AUTO_LINKLOCAL\u003e\nStarting devd.\nStarting dhclient."
}