{
 "id": 558693,
 "bug_id": 146788,
 "attachment_id": 0,
 "creation_time": "2010-05-26T06:45:28Z",
 "creator": "kvas@bf.pstu.ac.ru",
 "text": "Hello Pyun,\n\nTuesday, May 25, 2010, 10:41:55 PM, you wrote:\n\n\nPY\u003e [...]\n\n\u003e\u003e So strange it looks for me too. But i am sure that\n\u003e\u003e \n\u003e\u003e 1) without this patch the GENERIC kernels from 7.0-Release and\n\u003e\u003e 7.3-Release was not able to detect my netcard as a netcard, only as an\n\u003e\u003e unknown device\n\u003e\u003e \n\nPY\u003e Hmm, none of your device has 0x1201 id. I have no idea how this can\nPY\u003e happen. And the second question is where did you know device id\nPY\u003e 0x1201 is your controller's id?\nPY\u003e The only wild guess I can think of is ACPI related thing or\nPY\u003e half-inserted NIC controller. Please check whether your controller\nPY\u003e is firmly inserted into your box.\n\n\u003e\u003e 2) after adding the patch to the 7.3-Release GENERIC kernel i have\n\u003e\u003e sucessfully worked thru this netcard with my Internet provider for\n\u003e\u003e some hours\n\u003e\u003e \n\u003e\u003e 3) of cause in such situation better to recheck, and this evening at\n\u003e\u003e home i shall boot the comp with original GENERIC and modified GENERIC\n\u003e\u003e kernels, and take output from verbose dmesg and pciconf -lcbv in both\n\u003e\u003e variants. Then i shall follow-up it to PR.\n\u003e\u003e \n\nPY\u003e Ok, please check it again. Also the patch you posted couldn't be\nPY\u003e applied to 7.3-RELEASE because I changed \"struct fxp_ident\"\nPY\u003e structure. So I wonder how you successfully built a kernel on\nPY\u003e 7.3-RELEASE with the patch.\n\nI have tested situation with this netcard some more. In the 1-st, 2-nd\nand 4-th PCI slots of motherboard (Compaq Deskpro EP/SB series) it\ndetects as \"chip=0x12298086 rev=0x08\" which values are recognized fine\nwith fxp driver without my patch. But in the 3-rd PCI slot the netcard\nidentification for FreeBSD (7.3-Release GENERIC) may be differ.\nYesterday evening it was detected \"chip=0x12280086 rev=0x08\" and\n19/05/2010 values was \"vendor=0x8086, dev=0x1201, revid=0x08\".\n\nI am unsure about the reasons of this strange behaviour. The insertion\nof netcard was really firm enough. This motherboard is known partially\nfaulty, at least its floppy drive controller. May be hardware problems\nincludes not only FDC, but a PCI-slot3 too. Or the reason may be in\nACPI and design of the motherboard. Motherboards PCI-slot3 shares its\nIRQ with AGP-slot (AGP contains Nvidia Vanta controller), can it be\nthe reason? And in PCI-slot4 which IRQ shared with onboards USB\ncontroller the netcard detects and works fine. Now i have settled\nnetcard in PCI-slot2 and plan to leave it here for long time.\n\nThank you for the attention to my problem and giving me impulse to\ncontinue investigation. If you have an interest, below i include files\nof verbose dmesg and \"pciconf -lcbv\" results for netcard placed in all\nfour slots. The output of \"pciconf -lcbv\" for slots 1,2,4 have equal\nfile length, and for slot3 the file length differs.\n\n=========== dmesg.boot_19-05-2010.slot3 (fragment) =================\nfound-\u003e vendor=0x8086, dev=0x1201, revid=0x08\n        domain=0, bus=0, slot=14, func=0\n        class=02-00-00, hdrtype=0x00, mfdev=0\n        cmdreg=0x0004, statreg=0x8290, cachelnsz=8 (dwords)\n        lattimer=0x42 (1980 ns), mingnt=0x00 (0 ns), maxlat=0x38 (14000 ns)\n        intpin=a, irq=255\n        powerspec 2  supports D0 D1 D2 D3  current D0\n        map[10]: type Memory, range 32, base 0, size 12, memory disabled\n        map[14]: type I/O Port, range 32, base 0, size  6, port disabled\n        map[18]: type Memory, range 32, base 0, size 20, memory disabled\n====================================================================\n\n=========== dmesg.boot_verbose.slot1 ===============================\nCopyright (c) 1992-2010 The FreeBSD Project.\nCopyright (c) 1979, 1980, 1983, 1986, 1988, 1989, 1991, 1992, 1993, 1994\n        The Regents of the University of California. All rights reserved.\nFreeBSD is a registered trademark of The FreeBSD Foundation.\nFreeBSD 7.3-RELEASE #0: Sun Mar 21 06:15:01 UTC 2010\n    root@walker.cse.buffalo.edu:/usr/obj/usr/src/sys/GENERIC i386\nPreloaded elf kernel \"/boot/kernel/kernel\" at 0xc0ea2000.\nPreloaded elf module \"/boot/kernel/ipfw.ko\" at 0xc0ea2138.\nPreloaded elf module \"/boot/kernel/speaker.ko\" at 0xc0ea21e4.\nPreloaded elf module \"/boot/kernel/acpi.ko\" at 0xc0ea2290.\nCalibrating clock(s) ... i8254 clock: 1193217 Hz\nCLK_USE_I8254_CALIBRATION not specified - using default frequency\nTimecounter \"i8254\" frequency 1193182 Hz quality 0\nCalibrating TSC clock ... TSC clock: 398270500 Hz\nCPU: Pentium II/Pentium II Xeon/Celeron (398.27-MHz 686-class CPU)\n  Origin = \"GenuineIntel\"  Id = 0x652  Stepping = 2\n  Features=0x183f9ff\u003cFPU,VME,DE,PSE,TSC,MSR,PAE,MCE,CX8,SEP,MTRR,PGE,MCA,CMOV,PAT,PSE36,MMX,FXSR\u003e\n\nInstruction TLB: 4 KB pages, 4-way set associative, 32 entries\nInstruction TLB: 4 MB pages, fully associative, 2 entries\nData TLB: 4 KB pages, 4-way set associative, 64 entries\n2nd-level cache: 512 KB, 4-way set associative, 32 byte line size\n1st-level instruction cache: 16 KB, 4-way set associative, 32 byte line size\nData TLB: 4 MB Pages, 4-way set associative, 8 entries\n1st-level data cache: 16 KB, 4-way set associative, 32 byte line size\nreal memory  = 134217728 (128 MB)\nPhysical memory chunk(s):\n0x0000000000001000 - 0x000000000009efff, 647168 bytes (158 pages)\n0x0000000000100000 - 0x00000000003fffff, 3145728 bytes (768 pages)\n0x0000000001025000 - 0x0000000007d7dfff, 114659328 bytes (27993 pages)\navail memory = 117198848 (111 MB)\nbios32: Found BIOS32 Service Directory header at 0xc00fa000\nbios32: Entry = 0xecb00 (c00ecb00)  Rev = 0  Len = 1\npcibios: PCI BIOS entry at 0xecb00+0x1020\npnpbios: Found PnP BIOS data at 0xc00f7dd0\npnpbios: Entry = f0000:64a6  Rev = 1.0\npnpbios: OEM ID b6b0110e\nOther BIOS signatures found:\nULE: setup cpu group 0\nULE: setup cpu 0\nULE: adding cpu 0 to group 0: cpus 1 mask 0x1\nwlan: \u003c802.11 Link Layer\u003e\nwlan_amrr: \u003cAMRR Transmit Rate Control Algorithm\u003e\nrandom: \u003centropy source, Software, Yarrow\u003e\nnfslock: pseudo-device\nio: \u003cI/O\u003e\nkbd: new array size 4\nkbd1 at kbdmux0\nmem: \u003cmemory\u003e\nPentium Pro MTRR support enabled\nnull: \u003cnull device, zero device\u003e\nhptrr: RocketRAID 17xx/2xxx SATA controller driver v1.2 (Mar 21 2010 06:13:51)\nACPI: RSDP @ 0x0xe0010/0x0014 (v  0 COMPAQ)\nACPI: RSDT @ 0x0xe0080/0x0030 (v  1 COMPAQ CPQB0B6  0x19990822      0x00000000)\nACPI: FACP @ 0x0xe00cc/0x0074 (v  1 COMPAQ CONTACT  0x00000001      0x00000000)\nACPI: DSDT @ 0x0xe0140/0x0933 (v  1 COMPAQ     DSDT 0x00000001 MSFT 0x0100000B)\nACPI: FACS @ 0x0xe0040/0x0040\nACPI: SSDT @ 0x0xe0a73/0x0F1C (v  1 COMPAQ VILLTBL1 0x00000001 MSFT 0x0100000B)\nACPI: SSDT @ 0x0xe198f/0x071E (v  1 COMPAQ PNP_PRSS 0x00000001 MSFT 0x0100000B)\nnpx0: INT 16 interface\nacpi0: \u003cCOMPAQ CPQB0B6\u003e on motherboard\nacpi0: [MPSAFE]\nacpi0: [ITHREAD]\nacpi0: Power Button (fixed)\nacpi0: wakeup code va 0xc1b5d000 pa 0x1000\npci_open(1):    mode 1 addr port (0x0cf8) is 0x00000058\npci_open(1a):   mode1res=0x80000000 (0x80000000)\npci_cfgcheck:   device 0 [class=060000] [hdr=00] is there (id=71908086)\npcibios: BIOS version 2.10\nacpi_bus_number: root bus has no _BBN, assuming 0\nAcpiOsDerivePciId: \\\\_SB_.PCI0.IBRG.PIRQ -\u003e bus 0 dev 20 func 0\nacpi: bad write to port 0x070 (8), val 0x31\nacpi: bad read from port 0x071 (8)\nacpi: bad write to port 0x070 (8), val 0x30\nacpi: bad read from port 0x071 (8)\nacpi: bad write to port 0x070 (8), val 0x31\nacpi: bad read from port 0x071 (8)\nacpi: bad write to port 0x070 (8), val 0x30\nacpi: bad read from port 0x071 (8)\nacpi0: reservation of 0, a0000 (3) failed\nacpi0: reservation of 100000, 7f00000 (3) failed\nACPI timer: 0/4 0/4 0/5 0/4 0/4 0/4 0/4 0/4 0/4 0/5 -\u003e 0\nTimecounter \"ACPI-safe\" frequency 3579545 Hz quality 850\nacpi_timer0: \u003c24-bit timer at 3.579545MHz\u003e port 0xf808-0xf80b on acpi0\npci_link0:        Index  IRQ  Rtd  Ref  IRQs\n  Initial Probe       0   11   N     0  3 4 5 6 7 10 11\n  Validation          0   11   N     0  3 4 5 6 7 10 11\n  After Disable       0  255   N     0  3 4 5 6 7 10 11\npci_link1:        Index  IRQ  Rtd  Ref  IRQs\n  Initial Probe       0  255   N     0  3 4 5 6 7 10 11\n  Validation          0  255   N     0  3 4 5 6 7 10 11\n  After Disable       0  255   N     0  3 4 5 6 7 10 11\npci_link2:        Index  IRQ  Rtd  Ref  IRQs\n  Initial Probe       0    9   N     0  3 4 5 6 7 10 11\n  Validation          0    9   N     0  3 4 5 6 7 10 11\n  After Disable       0  255   N     0  3 4 5 6 7 10 11\npci_link3:        Index  IRQ  Rtd  Ref  IRQs\n  Initial Probe       0   11   N     0  3 4 5 6 7 10 11\n  Validation          0   11   N     0  3 4 5 6 7 10 11\n  After Disable       0  255   N     0  3 4 5 6 7 10 11\npcib0: \u003cACPI Host-PCI bridge\u003e port 0xcf8-0xcff on acpi0\nACPI: Found matching pin for 0.13.INTA at func 0: 11\nACPI: Found matching pin for 0.20.INTD at func 2: 11\npci0: \u003cACPI PCI bus\u003e on pcib0\npci0: domain=0, physical bus=0\nfound-\u003e vendor=0x8086, dev=0x7190, revid=0x03\n        domain=0, bus=0, slot=0, func=0\n        class=06-00-00, hdrtype=0x00, mfdev=0\n        cmdreg=0x0106, statreg=0x2210, cachelnsz=0 (dwords)\n        lattimer=0x40 (1920 ns), mingnt=0x00 (0 ns), maxlat=0x00 (0 ns)\n        map[10]: type Prefetchable Memory, range 32, base 0x44000000, size 26, enabled\nfound-\u003e vendor=0x8086, dev=0x7191, revid=0x03\n        domain=0, bus=0, slot=1, func=0\n        class=06-04-00, hdrtype=0x01, mfdev=0\n        cmdreg=0x0107, statreg=0x0220, cachelnsz=0 (dwords)\n        lattimer=0x40 (1920 ns), mingnt=0x8c (35000 ns), maxlat=0x00 (0 ns)\nfound-\u003e vendor=0x8086, dev=0x1229, revid=0x08\n        domain=0, bus=0, slot=13, func=0\n        class=02-00-00, hdrtype=0x00, mfdev=0\n        cmdreg=0x0007, statreg=0x0290, cachelnsz=8 (dwords)\n        lattimer=0x42 (1980 ns), mingnt=0x08 (2000 ns), maxlat=0x38 (14000 ns)\n        intpin=a, irq=11\n        powerspec 2  supports D0 D1 D2 D3  current D0\n        map[10]: type Memory, range 32, base 0x48100000, size 12, enabled\n        map[14]: type I/O Port, range 32, base 0x1000, size  6, enabled\n        map[18]: type Memory, range 32, base 0x48000000, size 20, enabled\npcib0: matched entry for 0.13.INTA (src \\\\_SB_.LNKA:0)\npcib0: slot 13 INTA routed to irq 11 via \\\\_SB_.LNKA\nfound-\u003e vendor=0x8086, dev=0x7110, revid=0x02\n        domain=0, bus=0, slot=20, func=0\n        class=06-01-00, hdrtype=0x00, mfdev=1\n        cmdreg=0x000f, statreg=0x0280, cachelnsz=0 (dwords)\n        lattimer=0x00 (0 ns), mingnt=0x00 (0 ns), maxlat=0x00 (0 ns)\nfound-\u003e vendor=0x8086, dev=0x7111, revid=0x01\n        domain=0, bus=0, slot=20, func=1\n        class=01-01-80, hdrtype=0x00, mfdev=0\n        cmdreg=0x0005, statreg=0x0280, cachelnsz=0 (dwords)\n        lattimer=0x40 (1920 ns), mingnt=0x00 (0 ns), maxlat=0x00 (0 ns)\n        map[20]: type I/O Port, range 32, base 0x1460, size  4, enabled\nfound-\u003e vendor=0x8086, dev=0x7112, revid=0x01\n        domain=0, bus=0, slot=20, func=2\n        class=0c-03-00, hdrtype=0x00, mfdev=0\n        cmdreg=0x0005, statreg=0x0280, cachelnsz=0 (dwords)\n        lattimer=0x40 (1920 ns), mingnt=0x00 (0 ns), maxlat=0x00 (0 ns)\n        intpin=d, irq=11\n        map[20]: type I/O Port, range 32, base 0x1440, size  5, enabled\npcib0: matched entry for 0.20.INTD (src \\\\_SB_.LNKD:0)\npcib0: slot 20 INTD routed to irq 11 via \\\\_SB_.LNKD\nfound-\u003e vendor=0x8086, dev=0x7113, revid=0x02\n        domain=0, bus=0, slot=20, func=3\n        class=06-80-00, hdrtype=0x00, mfdev=0\n        cmdreg=0x0001, statreg=0x0280, cachelnsz=0 (dwords)\n        lattimer=0x00 (0 ns), mingnt=0x00 (0 ns), maxlat=0x00 (0 ns)\n        map[90]: type I/O Port, range 32, base 0xfc00, size  4, enabled\nagp0: \u003cIntel 82443BX (440 BX) host to PCI bridge\u003e on hostb0\nhostb0: Reserved 0x4000000 bytes for rid 0x10 type 3 at 0x44000000\nagp0: allocating GATT for aperture of size 64M\npcib1: \u003cPCI-PCI bridge\u003e at device 1.0 on pci0\npcib1:   domain            0\npcib1:   secondary bus     1\npcib1:   subordinate bus   1\npcib1:   I/O decode        0xf000-0xfff\npcib1:   memory decode     0x40000000-0x40ffffff\npcib1:   prefetched decode 0x42000000-0x43ffffff\npci1: \u003cPCI bus\u003e on pcib1\npci1: domain=0, physical bus=1\nfound-\u003e vendor=0x10de, dev=0x002c, revid=0x15\n        domain=0, bus=1, slot=0, func=0\n        class=03-00-00, hdrtype=0x00, mfdev=0\n        cmdreg=0x0007, statreg=0x02b0, cachelnsz=0 (dwords)\n        lattimer=0x40 (1920 ns), mingnt=0x05 (1250 ns), maxlat=0x01 (250 ns)\n        intpin=a, irq=9\n        powerspec 1  supports D0 D3  current D0\n        map[10]: type Memory, range 32, base 0x40000000, size 24, enabled\npcib1: requested memory range 0x40000000-0x40ffffff: good\n        map[14]: type Prefetchable Memory, range 32, base 0x42000000, size 25, enabled\npcib1: requested memory range 0x42000000-0x43ffffff: good\npcib0: matched entry for 0.1.INTA (src \\\\_SB_.LNKC:0)\npcib0: slot 1 INTA routed to irq 9 via \\\\_SB_.LNKC\npcib1: slot 0 INTA is routed to irq 9\nvgapci0: \u003cVGA-compatible display\u003e mem 0x40000000-0x40ffffff,0x42000000-0x43ffffff irq 9 at device 0.0 on pci1\nfxp0: \u003cIntel 82559 Pro/100 Ethernet\u003e port 0x1000-0x103f mem 0x48100000-0x48100fff,0x48000000-0x480fffff irq 11 at device 13.0 on pci0\nfxp0: Reserved 0x1000 bytes for rid 0x10 type 3 at 0x48100000\nfxp0: using memory space register mapping\nfxp0: PCI IDs: 8086 1229 8086 000b 0008\nfxp0: Dynamic Standby mode is disabled\nmiibus0: \u003cMII bus\u003e on fxp0\ninphy0: \u003ci82555 10/100 media interface\u003e PHY 1 on miibus0\ninphy0:  10baseT, 10baseT-FDX, 100baseTX, 100baseTX-FDX, auto\nfxp0: bpf attached\nfxp0: Ethernet address: 00:07:e9:1a:d1:f8\nfxp0: [MPSAFE]\nfxp0: [ITHREAD]\nisab0: \u003cPCI-ISA bridge\u003e at device 20.0 on pci0\nisa0: \u003cISA bus\u003e on isab0\natapci0: \u003cIntel PIIX4 UDMA33 controller\u003e port 0x1f0-0x1f7,0x3f6,0x170-0x177,0x376,0x1460-0x146f at device 20.1 on pci0\natapci0: Reserved 0x10 bytes for rid 0x20 type 4 at 0x1460\nata0: \u003cATA channel 0\u003e on atapci0\natapci0: Reserved 0x8 bytes for rid 0x10 type 4 at 0x1f0\natapci0: Reserved 0x1 bytes for rid 0x14 type 4 at 0x3f6\nata0: reset tp1 mask=03 ostat0=50 ostat1=00\nata0: stat0=0x80 err=0x80 lsb=0x80 msb=0x80\nata0: stat0=0x50 err=0x01 lsb=0x00 msb=0x00\nata0: stat1=0x00 err=0x01 lsb=0x14 msb=0xeb\nata0: reset tp2 stat0=50 stat1=00 devices=0x9\u003cATAPI_SLAVE,ATA_MASTER\u003e\nata0: [MPSAFE]\nata0: [ITHREAD]\nata1: \u003cATA channel 1\u003e on atapci0\natapci0: Reserved 0x8 bytes for rid 0x18 type 4 at 0x170\natapci0: Reserved 0x1 bytes for rid 0x1c type 4 at 0x376\nata1: reset tp1 mask=03 ostat0=00 ostat1=00\nata1: stat0=0x00 err=0x00 lsb=0x00 msb=0x00\nata1: stat1=0x00 err=0x00 lsb=0x00 msb=0x00\nata1: reset tp2 stat0=00 stat1=00 devices=0x0\nata1: [MPSAFE]\nata1: [ITHREAD]\nuhci0: \u003cIntel 82371AB/EB (PIIX4) USB controller\u003e port 0x1440-0x145f irq 11 at device 20.2 on pci0\nuhci0: Reserved 0x20 bytes for rid 0x20 type 4 at 0x1440\nuhci0: [GIANT-LOCKED]\nuhci0: [ITHREAD]\nusb0: \u003cIntel 82371AB/EB (PIIX4) USB controller\u003e on uhci0\nusb0: USB revision 1.0\nuhub0: \u003cIntel UHCI root hub, class 9/0, rev 1.00/1.00, addr 1\u003e on usb0\nuhub0: 2 ports with 2 removable, self powered\npci0: \u003cbridge\u003e at device 20.3 (no driver attached)\nacpi_button0: \u003cPower Button\u003e on acpi0\nspeaker0: \u003cPC speaker\u003e port 0x61 on acpi0\npsmcpnp0: \u003cPS/2 mouse port\u003e irq 12 on acpi0\natkbdc0: \u003cKeyboard controller (i8042)\u003e port 0x60,0x64 irq 1 on acpi0\natkbd0: \u003cAT Keyboard\u003e irq 1 on atkbdc0\natkbd: the current kbd controller command byte 0047\natkbd: keyboard ID 0x41ab (2)\nkbd0 at atkbd0\nkbd0: atkbd0, AT 101/102 (2), config:0x0, flags:0x3d0000\natkbd0: [GIANT-LOCKED]\natkbd0: [ITHREAD]\npsm0: current command byte:0047\npsm0: \u003cPS/2 Mouse\u003e irq 12 on atkbdc0\npsm0: [GIANT-LOCKED]\npsm0: [ITHREAD]\npsm0: model NetMouse/NetScroll Optical, device ID 0-00, 3 buttons\npsm0: config:00000000, flags:00000008, packet size:4\npsm0: syncmask:08, syncbits:00\nsio0: irq maps: 0x1 0x11 0x1 0x1\nsio0: irq maps: 0x1 0x11 0x1 0x1\nsio0: \u003cStandard PC COM port\u003e port 0x3f8-0x3ff irq 4 flags 0x10 on acpi0\nsio0: type 16550A\nsio0: [FILTER]\nsio1: irq maps: 0x1 0x9 0x1 0x1\nsio1: irq maps: 0x1 0x9 0x1 0x1\nsio1: \u003cStandard PC COM port\u003e port 0x2f8-0x2ff irq 3 on acpi0\nsio1: type 16550A\nsio1: [FILTER]\nfdc0: \u003cfloppy drive controller\u003e port 0x3f2-0x3f7,0 irq 6 drq 2 on acpi0\nfdc0: No FDOUT register!\ndevice_attach: fdc0 attach returned 6\ncpu0: \u003cACPI CPU\u003e on acpi0\ncpu0: switching to generic Cx mode\nacpi_throttle0: \u003cACPI CPU Throttling\u003e on cpu0\nacpi_throttle0: P_CNT from P_BLK 0xf810\nfdc0: \u003cfloppy drive controller\u003e port 0x3f2-0x3f7,0 irq 6 drq 2 on acpi0\nfdc0: No FDOUT register!\ndevice_attach: fdc0 attach returned 6\nunknown: status reg test failed ff\nunknown: status reg test failed ff\nunknown: status reg test failed ff\nunknown: status reg test failed ff\nunknown: status reg test failed ff\nunknown: status reg test failed ff\nex_isa_identify()\nata: ata0 already exists; skipping it\nata: ata1 already exists; skipping it\natkbdc: atkbdc0 already exists; skipping it\nfdc: fdc0 already exists; skipping it\nsio: sio0 already exists; skipping it\nsio: sio1 already exists; skipping it\npnp_identify: Trying Read_Port at 203\npnp_identify: Trying Read_Port at 243\npnp_identify: Trying Read_Port at 283\npnp_identify: Trying Read_Port at 2c3\npnp_identify: Trying Read_Port at 303\npnp_identify: Trying Read_Port at 343\npnp_identify: Trying Read_Port at 383\npnp_identify: Trying Read_Port at 3c3\nPNP Identify complete\nsc: sc0 already exists; skipping it\nvga: vga0 already exists; skipping it\nisa_probe_children: disabling PnP devices\nisa_probe_children: probing non-PnP devices\npmtimer0 on isa0\norm0: \u003cISA Option ROMs\u003e at iomem 0xc0000-0xcffff,0xe0000-0xe7fff pnpid ORM0000 on isa0\nadv0: not probed (disabled)\naha0: not probed (disabled)\naic0: not probed (disabled)\nbt0: not probed (disabled)\ncs0: not probed (disabled)\ned0: not probed (disabled)\nfe0: not probed (disabled)\nie0: not probed (disabled)\nle0: not probed (disabled)\nppc0: parallel port found at 0x378\nppc0: using extended I/O port range\nppc0: ECP SPP ECP+EPP SPP\nppc0: \u003cParallel port\u003e at port 0x378-0x37f irq 7 on isa0\nppc0: SMC-like chipset (ECP/EPP/PS2/NIBBLE) in COMPATIBLE mode\nppc0: FIFO with 16/16/8 bytes threshold\nppbus0: \u003cParallel port bus\u003e on ppc0\nppbus0: [MPSAFE]\nppbus0: [ITHREAD]\nplip0: \u003cPLIP network interface\u003e on ppbus0\nplip0: WARNING: using obsoleted IFF_NEEDSGIANT flag\nplip0: bpf attached\nlpt0: \u003cPrinter\u003e on ppbus0\nlpt0: Interrupt-driven port\nppi0: \u003cParallel I/O\u003e on ppbus0\nppc0: [GIANT-LOCKED]\nppc0: [ITHREAD]\nsc0: \u003cSystem console\u003e at flags 0x100 on isa0\nsc0: VGA \u003c16 virtual consoles, flags=0x300\u003e\nsc0: fb0, kbd1, terminal emulator: sc (syscons terminal)\nsio2: not probed (disabled)\nsio3: not probed (disabled)\nsn0: not probed (disabled)\nvga0: \u003cGeneric ISA VGA\u003e at port 0x3c0-0x3df iomem 0xa0000-0xbffff on isa0\nvt0: not probed (disabled)\nisa_probe_children: probing PnP devices\numass0: \u003cJetFlash Mass Storage Device, class 0/0, rev 2.00/1.41, addr 2\u003e on uhub0\numass0:0:0:-1: Attached to scbus0\nDevice configuration finished.\nprocfs registered\nTimecounter \"TSC\" frequency 398270500 Hz quality 800\nTimecounters tick every 1.000 msec\nvlan: initialized, using hash tables with chaining\nipfw2 (+ipv6) initialized, divert loadable, nat loadable, rule-based forwarding disabled, default to deny, logging disabled\nlo0: bpf attached\nhptrr: no controller detected.\nata0-slave: pio=PIO4 wdma=WDMA2 udma=UDMA66 cable=80 wire\nata0-master: pio=PIO4 wdma=WDMA2 udma=UDMA100 cable=80 wire\nad0: setting PIO4 on PIIX4 chip\nad0: setting UDMA33 on PIIX4 chip\nad0: 19092MB \u003cSeagate ST320011A 3.21\u003e at ata0-master UDMA33\nad0: 39102336 sectors [41378C/15H/63S] 16 sectors/interrupt 1 depth queue\nGEOM: new disk ad0\nad0: Intel check1 failed\nad0: Adaptec check1 failed\nad0: LSI (v3) check1 failed\nad0: LSI (v2) check1 failed\nad0: FreeBSD check1 failed\nacd0: setting PIO4 on PIIX4 chip\nacd0: setting UDMA33 on PIIX4 chip\nacd0: \u003cPIONEER DVD-RW DVR-110D/1.17\u003e DVDR drive at ata0 as slave\nacd0: read 6890KB/s (6890KB/s) write 5511KB/s (6890KB/s), 2000KB buffer, UDMA33\nacd0: Reads: CDR, CDRW, CDDA stream, DVDROM, DVDR, DVDRAM, packet\nacd0: Writes: CDR, CDRW, DVDR, test write, burnproof\nacd0: Audio: play, 256 volume levels\nacd0: Mechanism: ejectable tray, unlocked\nacd0: Medium: no/blank disc\n(probe0:umass-sim0:0:0:0): TEST UNIT READY. CDB: 0 0 0 0 0 0 \n(probe0:umass-sim0:0:0:0): CAM Status: SCSI Status Error\n(probe0:umass-sim0:0:0:0): SCSI Status: Check Condition\n(probe0:umass-sim0:0:0:0): UNIT ATTENTION asc:28,0\n(probe0:umass-sim0:0:0:0): Not ready to ready change, medium may have changed\n(probe0:umass-sim0:0:0:0): (probe0:umass-sim0:0:0:0): TEST UNIT READY. CDB: 0 0 0 0 0 0 \n(probe0:umass-sim0:0:0:0): UNIT ATTENTION asc:28,0\n(probe0:umass-sim0:0:0:0): Not ready to ready change, medium may have changed\nRetrying Command (per Sense Data)\n(probe0:umass-sim0:0:0:0): Retrying Command\nGEOM: new disk da0\npass0 at umass-sim0 bus 0 target 0 lun 0\npass0: \u003cJetFlash TS4GJF185 8.07\u003e Removable Direct Access SCSI-2 device \npass0: 1.000MB/s transfers\nATA PseudoRAID loaded\nda0 at umass-sim0 bus 0 target 0 lun 0\nda0: \u003cJetFlash TS4GJF185 8.07\u003e Removable Direct Access SCSI-2 device \nda0: 1.000MB/s transfers\nda0: 3911MB (8011774 512 byte sectors: 255H 63S/T 498C)\nTrying to mount root from ufs:/dev/ad0s2a\nstart_init: trying /sbin/init\ntun0: bpf attached\nWARNING: attempt to net_add_domain(netgraph) after domainfinalize()\n====================================================================\n\n=========== pciconf-lcbv.slot1 =====================================\nhostb0@pci0:0:0:0:      class=0x060000 card=0x00000000 chip=0x71908086 rev=0x03 hdr=0x00\n    vendor     = 'Intel Corporation'\n    device     = '82443BX/ZX 440BX/ZX CPU to PCI Bridge (AGP Implemented)'\n    class      = bridge\n    subclass   = HOST-PCI\n    bar   [10] = type Prefetchable Memory, range 32, base 0x44000000, size 67108864, enabled\n    cap 02[a0] = AGP 2x 1x SBA disabled\npcib1@pci0:0:1:0:       class=0x060400 card=0x00000000 chip=0x71918086 rev=0x03 hdr=0x01\n    vendor     = 'Intel Corporation'\n    device     = '440BX/ZX AGPset PCI-to-PCI bridge (82443BX/ZX)'\n    class      = bridge\n    subclass   = PCI-PCI\nfxp0@pci0:0:13:0:       class=0x020000 card=0x000b8086 chip=0x12298086 rev=0x08 hdr=0x00\n    vendor     = 'Intel Corporation'\n    device     = '82550/1/7/8/9 EtherExpress PRO/100(B) Ethernet Adapter'\n    class      = network\n    subclass   = ethernet\n    bar   [10] = type Memory, range 32, base 0x48100000, size 4096, enabled\n    bar   [14] = type I/O Port, range 32, base 0x1000, size 64, enabled\n    bar   [18] = type Memory, range 32, base 0x48000000, size 1048576, enabled\n    cap 01[dc] = powerspec 2  supports D0 D1 D2 D3  current D0\nisab0@pci0:0:20:0:      class=0x060100 card=0x00000000 chip=0x71108086 rev=0x02 hdr=0x00\n    vendor     = 'Intel Corporation'\n    device     = 'PIIX4/4E/4M ISBridgeA  (82371AB/EB/MB)'\n    class      = bridge\n    subclass   = PCI-ISA\natapci0@pci0:0:20:1:    class=0x010180 card=0x00000000 chip=0x71118086 rev=0x01 hdr=0x00\n    vendor     = 'Intel Corporation'\n    device     = 'PIIX4/4E/4M IDE Controller (82371AB/EB/MB)'\n    class      = mass storage\n    subclass   = ATA\n    bar   [20] = type I/O Port, range 32, base 0x1460, size 16, enabled\nuhci0@pci0:0:20:2:      class=0x0c0300 card=0x00000000 chip=0x71128086 rev=0x01 hdr=0x00\n    vendor     = 'Intel Corporation'\n    device     = 'PIIX4/4E/4M USB Interface (82371AB/EB/MB)'\n    class      = serial bus\n    subclass   = USB\n    bar   [20] = type I/O Port, range 32, base 0x1440, size 32, enabled\nnone0@pci0:0:20:3:      class=0x068000 card=0x00000000 chip=0x71138086 rev=0x02 hdr=0x00\n    vendor     = 'Intel Corporation'\n    device     = 'PIIX4/4E/4M Power Management Controller (82371AB/EB/MB)'\n    class      = bridge\nvgapci0@pci0:1:0:0:     class=0x030000 card=0x00000000 chip=0x002c10de rev=0x15 hdr=0x00\n    vendor     = 'Nvidia Corp'\n    device     = 'VANTA / VANTA LT [NVVANTA]'\n    class      = display\n    subclass   = VGA\n    bar   [10] = type Memory, range 32, base 0x40000000, size 16777216, enabled\n    bar   [14] = type Prefetchable Memory, range 32, base 0x42000000, size 33554432, enabled\n    cap 01[60] = powerspec 1  supports D0 D3  current D0\n    cap 02[44] = AGP 4x 2x 1x disabled\n====================================================================\n\n=========== dmesg.boot_verbose.slot2 ===============================\nCopyright (c) 1992-2010 The FreeBSD Project.\nCopyright (c) 1979, 1980, 1983, 1986, 1988, 1989, 1991, 1992, 1993, 1994\n        The Regents of the University of California. All rights reserved.\nFreeBSD is a registered trademark of The FreeBSD Foundation.\nFreeBSD 7.3-RELEASE #0: Sun Mar 21 06:15:01 UTC 2010\n    root@walker.cse.buffalo.edu:/usr/obj/usr/src/sys/GENERIC i386\nPreloaded elf kernel \"/boot/kernel/kernel\" at 0xc0ea2000.\nPreloaded elf module \"/boot/kernel/ipfw.ko\" at 0xc0ea2138.\nPreloaded elf module \"/boot/kernel/speaker.ko\" at 0xc0ea21e4.\nPreloaded elf module \"/boot/kernel/acpi.ko\" at 0xc0ea2290.\nCalibrating clock(s) ... i8254 clock: 1193218 Hz\nCLK_USE_I8254_CALIBRATION not specified - using default frequency\nTimecounter \"i8254\" frequency 1193182 Hz quality 0\nCalibrating TSC clock ... TSC clock: 398270700 Hz\nCPU: Pentium II/Pentium II Xeon/Celeron (398.27-MHz 686-class CPU)\n  Origin = \"GenuineIntel\"  Id = 0x652  Stepping = 2\n  Features=0x183f9ff\u003cFPU,VME,DE,PSE,TSC,MSR,PAE,MCE,CX8,SEP,MTRR,PGE,MCA,CMOV,PAT,PSE36,MMX,FXSR\u003e\n\nInstruction TLB: 4 KB pages, 4-way set associative, 32 entries\nInstruction TLB: 4 MB pages, fully associative, 2 entries\nData TLB: 4 KB pages, 4-way set associative, 64 entries\n2nd-level cache: 512 KB, 4-way set associative, 32 byte line size\n1st-level instruction cache: 16 KB, 4-way set associative, 32 byte line size\nData TLB: 4 MB Pages, 4-way set associative, 8 entries\n1st-level data cache: 16 KB, 4-way set associative, 32 byte line size\nreal memory  = 134217728 (128 MB)\nPhysical memory chunk(s):\n0x0000000000001000 - 0x000000000009efff, 647168 bytes (158 pages)\n0x0000000000100000 - 0x00000000003fffff, 3145728 bytes (768 pages)\n0x0000000001025000 - 0x0000000007d7dfff, 114659328 bytes (27993 pages)\navail memory = 117198848 (111 MB)\nbios32: Found BIOS32 Service Directory header at 0xc00fa000\nbios32: Entry = 0xecb00 (c00ecb00)  Rev = 0  Len = 1\npcibios: PCI BIOS entry at 0xecb00+0x1020\npnpbios: Found PnP BIOS data at 0xc00f7dd0\npnpbios: Entry = f0000:64a6  Rev = 1.0\npnpbios: OEM ID b6b0110e\nOther BIOS signatures found:\nULE: setup cpu group 0\nULE: setup cpu 0\nULE: adding cpu 0 to group 0: cpus 1 mask 0x1\nwlan: \u003c802.11 Link Layer\u003e\nwlan_amrr: \u003cAMRR Transmit Rate Control Algorithm\u003e\nrandom: \u003centropy source, Software, Yarrow\u003e\nnfslock: pseudo-device\nio: \u003cI/O\u003e\nkbd: new array size 4\nkbd1 at kbdmux0\nmem: \u003cmemory\u003e\nPentium Pro MTRR support enabled\nnull: \u003cnull device, zero device\u003e\nhptrr: RocketRAID 17xx/2xxx SATA controller driver v1.2 (Mar 21 2010 06:13:51)\nACPI: RSDP @ 0x0xe0010/0x0014 (v  0 COMPAQ)\nACPI: RSDT @ 0x0xe0080/0x0030 (v  1 COMPAQ CPQB0B6  0x19990822      0x00000000)\nACPI: FACP @ 0x0xe00cc/0x0074 (v  1 COMPAQ CONTACT  0x00000001      0x00000000)\nACPI: DSDT @ 0x0xe0140/0x0933 (v  1 COMPAQ     DSDT 0x00000001 MSFT 0x0100000B)\nACPI: FACS @ 0x0xe0040/0x0040\nACPI: SSDT @ 0x0xe0a73/0x0F1C (v  1 COMPAQ VILLTBL1 0x00000001 MSFT 0x0100000B)\nACPI: SSDT @ 0x0xe198f/0x071E (v  1 COMPAQ PNP_PRSS 0x00000001 MSFT 0x0100000B)\nnpx0: INT 16 interface\nacpi0: \u003cCOMPAQ CPQB0B6\u003e on motherboard\nacpi0: [MPSAFE]\nacpi0: [ITHREAD]\nacpi0: Power Button (fixed)\nacpi0: wakeup code va 0xc1b5d000 pa 0x1000\npci_open(1):    mode 1 addr port (0x0cf8) is 0x00000058\npci_open(1a):   mode1res=0x80000000 (0x80000000)\npci_cfgcheck:   device 0 [class=060000] [hdr=00] is there (id=71908086)\npcibios: BIOS version 2.10\nacpi_bus_number: root bus has no _BBN, assuming 0\nAcpiOsDerivePciId: \\\\_SB_.PCI0.IBRG.PIRQ -\u003e bus 0 dev 20 func 0\nacpi: bad write to port 0x070 (8), val 0x31\nacpi: bad read from port 0x071 (8)\nacpi: bad write to port 0x070 (8), val 0x30\nacpi: bad read from port 0x071 (8)\nacpi: bad write to port 0x070 (8), val 0x31\nacpi: bad read from port 0x071 (8)\nacpi: bad write to port 0x070 (8), val 0x30\nacpi: bad read from port 0x071 (8)\nacpi0: reservation of 0, a0000 (3) failed\nacpi0: reservation of 100000, 7f00000 (3) failed\nACPI timer: 0/4 0/5 0/16777209 0/16777200 0/4 0/5 0/4 0/5 0/4 0/5 -\u003e 0\nTimecounter \"ACPI-safe\" frequency 3579545 Hz quality 850\nacpi_timer0: \u003c24-bit timer at 3.579545MHz\u003e port 0xf808-0xf80b on acpi0\npci_link0:        Index  IRQ  Rtd  Ref  IRQs\n  Initial Probe       0  255   N     0  3 4 5 6 7 10 11\n  Validation          0  255   N     0  3 4 5 6 7 10 11\n  After Disable       0  255   N     0  3 4 5 6 7 10 11\npci_link1:        Index  IRQ  Rtd  Ref  IRQs\n  Initial Probe       0   11   N     0  3 4 5 6 7 10 11\n  Validation          0   11   N     0  3 4 5 6 7 10 11\n  After Disable       0  255   N     0  3 4 5 6 7 10 11\npci_link2:        Index  IRQ  Rtd  Ref  IRQs\n  Initial Probe       0    9   N     0  3 4 5 6 7 10 11\n  Validation          0    9   N     0  3 4 5 6 7 10 11\n  After Disable       0  255   N     0  3 4 5 6 7 10 11\npci_link3:        Index  IRQ  Rtd  Ref  IRQs\n  Initial Probe       0   11   N     0  3 4 5 6 7 10 11\n  Validation          0   11   N     0  3 4 5 6 7 10 11\n  After Disable       0  255   N     0  3 4 5 6 7 10 11\npcib0: \u003cACPI Host-PCI bridge\u003e port 0xcf8-0xcff on acpi0\nACPI: Found matching pin for 0.14.INTA at func 0: 11\nACPI: Found matching pin for 0.20.INTD at func 2: 11\npci0: \u003cACPI PCI bus\u003e on pcib0\npci0: domain=0, physical bus=0\nfound-\u003e vendor=0x8086, dev=0x7190, revid=0x03\n        domain=0, bus=0, slot=0, func=0\n        class=06-00-00, hdrtype=0x00, mfdev=0\n        cmdreg=0x0106, statreg=0x2210, cachelnsz=0 (dwords)\n        lattimer=0x40 (1920 ns), mingnt=0x00 (0 ns), maxlat=0x00 (0 ns)\n        map[10]: type Prefetchable Memory, range 32, base 0x44000000, size 26, enabled\nfound-\u003e vendor=0x8086, dev=0x7191, revid=0x03\n        domain=0, bus=0, slot=1, func=0\n        class=06-04-00, hdrtype=0x01, mfdev=0\n        cmdreg=0x0107, statreg=0x0220, cachelnsz=0 (dwords)\n        lattimer=0x40 (1920 ns), mingnt=0x8c (35000 ns), maxlat=0x00 (0 ns)\nfound-\u003e vendor=0x8086, dev=0x1229, revid=0x08\n        domain=0, bus=0, slot=14, func=0\n        class=02-00-00, hdrtype=0x00, mfdev=0\n        cmdreg=0x0007, statreg=0x0290, cachelnsz=8 (dwords)\n        lattimer=0x42 (1980 ns), mingnt=0x08 (2000 ns), maxlat=0x38 (14000 ns)\n        intpin=a, irq=11\n        powerspec 2  supports D0 D1 D2 D3  current D0\n        map[10]: type Memory, range 32, base 0x48100000, size 12, enabled\n        map[14]: type I/O Port, range 32, base 0x1000, size  6, enabled\n        map[18]: type Memory, range 32, base 0x48000000, size 20, enabled\npcib0: matched entry for 0.14.INTA (src \\\\_SB_.LNKB:0)\npcib0: slot 14 INTA routed to irq 11 via \\\\_SB_.LNKB\nfound-\u003e vendor=0x8086, dev=0x7110, revid=0x02\n        domain=0, bus=0, slot=20, func=0\n        class=06-01-00, hdrtype=0x00, mfdev=1\n        cmdreg=0x000f, statreg=0x0280, cachelnsz=0 (dwords)\n        lattimer=0x00 (0 ns), mingnt=0x00 (0 ns), maxlat=0x00 (0 ns)\nfound-\u003e vendor=0x8086, dev=0x7111, revid=0x01\n        domain=0, bus=0, slot=20, func=1\n        class=01-01-80, hdrtype=0x00, mfdev=0\n        cmdreg=0x0005, statreg=0x0280, cachelnsz=0 (dwords)\n        lattimer=0x40 (1920 ns), mingnt=0x00 (0 ns), maxlat=0x00 (0 ns)\n        map[20]: type I/O Port, range 32, base 0x1460, size  4, enabled\nfound-\u003e vendor=0x8086, dev=0x7112, revid=0x01\n        domain=0, bus=0, slot=20, func=2\n        class=0c-03-00, hdrtype=0x00, mfdev=0\n        cmdreg=0x0005, statreg=0x0280, cachelnsz=0 (dwords)\n        lattimer=0x40 (1920 ns), mingnt=0x00 (0 ns), maxlat=0x00 (0 ns)\n        intpin=d, irq=11\n        map[20]: type I/O Port, range 32, base 0x1440, size  5, enabled\npcib0: matched entry for 0.20.INTD (src \\\\_SB_.LNKD:0)\npcib0: slot 20 INTD routed to irq 11 via \\\\_SB_.LNKD\nfound-\u003e vendor=0x8086, dev=0x7113, revid=0x02\n        domain=0, bus=0, slot=20, func=3\n        class=06-80-00, hdrtype=0x00, mfdev=0\n        cmdreg=0x0001, statreg=0x0280, cachelnsz=0 (dwords)\n        lattimer=0x00 (0 ns), mingnt=0x00 (0 ns), maxlat=0x00 (0 ns)\n        map[90]: type I/O Port, range 32, base 0xfc00, size  4, enabled\nagp0: \u003cIntel 82443BX (440 BX) host to PCI bridge\u003e on hostb0\nhostb0: Reserved 0x4000000 bytes for rid 0x10 type 3 at 0x44000000\nagp0: allocating GATT for aperture of size 64M\npcib1: \u003cPCI-PCI bridge\u003e at device 1.0 on pci0\npcib1:   domain            0\npcib1:   secondary bus     1\npcib1:   subordinate bus   1\npcib1:   I/O decode        0xf000-0xfff\npcib1:   memory decode     0x40000000-0x40ffffff\npcib1:   prefetched decode 0x42000000-0x43ffffff\npci1: \u003cPCI bus\u003e on pcib1\npci1: domain=0, physical bus=1\nfound-\u003e vendor=0x10de, dev=0x002c, revid=0x15\n        domain=0, bus=1, slot=0, func=0\n        class=03-00-00, hdrtype=0x00, mfdev=0\n        cmdreg=0x0007, statreg=0x02b0, cachelnsz=0 (dwords)\n        lattimer=0x40 (1920 ns), mingnt=0x05 (1250 ns), maxlat=0x01 (250 ns)\n        intpin=a, irq=9\n        powerspec 1  supports D0 D3  current D0\n        map[10]: type Memory, range 32, base 0x40000000, size 24, enabled\npcib1: requested memory range 0x40000000-0x40ffffff: good\n        map[14]: type Prefetchable Memory, range 32, base 0x42000000, size 25, enabled\npcib1: requested memory range 0x42000000-0x43ffffff: good\npcib0: matched entry for 0.1.INTA (src \\\\_SB_.LNKC:0)\npcib0: slot 1 INTA routed to irq 9 via \\\\_SB_.LNKC\npcib1: slot 0 INTA is routed to irq 9\nvgapci0: \u003cVGA-compatible display\u003e mem 0x40000000-0x40ffffff,0x42000000-0x43ffffff irq 9 at device 0.0 on pci1\nfxp0: \u003cIntel 82559 Pro/100 Ethernet\u003e port 0x1000-0x103f mem 0x48100000-0x48100fff,0x48000000-0x480fffff irq 11 at device 14.0 on pci0\nfxp0: Reserved 0x1000 bytes for rid 0x10 type 3 at 0x48100000\nfxp0: using memory space register mapping\nfxp0: PCI IDs: 8086 1229 8086 000b 0008\nfxp0: Dynamic Standby mode is disabled\nmiibus0: \u003cMII bus\u003e on fxp0\ninphy0: \u003ci82555 10/100 media interface\u003e PHY 1 on miibus0\ninphy0:  10baseT, 10baseT-FDX, 100baseTX, 100baseTX-FDX, auto\nfxp0: bpf attached\nfxp0: Ethernet address: 00:07:e9:1a:d1:f8\nfxp0: [MPSAFE]\nfxp0: [ITHREAD]\nisab0: \u003cPCI-ISA bridge\u003e at device 20.0 on pci0\nisa0: \u003cISA bus\u003e on isab0\natapci0: \u003cIntel PIIX4 UDMA33 controller\u003e port 0x1f0-0x1f7,0x3f6,0x170-0x177,0x376,0x1460-0x146f at device 20.1 on pci0\natapci0: Reserved 0x10 bytes for rid 0x20 type 4 at 0x1460\nata0: \u003cATA channel 0\u003e on atapci0\natapci0: Reserved 0x8 bytes for rid 0x10 type 4 at 0x1f0\natapci0: Reserved 0x1 bytes for rid 0x14 type 4 at 0x3f6\nata0: reset tp1 mask=03 ostat0=50 ostat1=00\nata0: stat0=0x80 err=0x80 lsb=0x80 msb=0x80\nata0: stat0=0x50 err=0x01 lsb=0x00 msb=0x00\nata0: stat1=0x00 err=0x01 lsb=0x14 msb=0xeb\nata0: reset tp2 stat0=50 stat1=00 devices=0x9\u003cATAPI_SLAVE,ATA_MASTER\u003e\nata0: [MPSAFE]\nata0: [ITHREAD]\nata1: \u003cATA channel 1\u003e on atapci0\natapci0: Reserved 0x8 bytes for rid 0x18 type 4 at 0x170\natapci0: Reserved 0x1 bytes for rid 0x1c type 4 at 0x376\nata1: reset tp1 mask=03 ostat0=00 ostat1=00\nata1: stat0=0x00 err=0x00 lsb=0x00 msb=0x00\nata1: stat1=0x00 err=0x00 lsb=0x00 msb=0x00\nata1: reset tp2 stat0=00 stat1=00 devices=0x0\nata1: [MPSAFE]\nata1: [ITHREAD]\nuhci0: \u003cIntel 82371AB/EB (PIIX4) USB controller\u003e port 0x1440-0x145f irq 11 at device 20.2 on pci0\nuhci0: Reserved 0x20 bytes for rid 0x20 type 4 at 0x1440\nuhci0: [GIANT-LOCKED]\nuhci0: [ITHREAD]\nusb0: \u003cIntel 82371AB/EB (PIIX4) USB controller\u003e on uhci0\nusb0: USB revision 1.0\nuhub0: \u003cIntel UHCI root hub, class 9/0, rev 1.00/1.00, addr 1\u003e on usb0\nuhub0: 2 ports with 2 removable, self powered\npci0: \u003cbridge\u003e at device 20.3 (no driver attached)\nacpi_button0: \u003cPower Button\u003e on acpi0\nspeaker0: \u003cPC speaker\u003e port 0x61 on acpi0\npsmcpnp0: \u003cPS/2 mouse port\u003e irq 12 on acpi0\natkbdc0: \u003cKeyboard controller (i8042)\u003e port 0x60,0x64 irq 1 on acpi0\natkbd0: \u003cAT Keyboard\u003e irq 1 on atkbdc0\natkbd: the current kbd controller command byte 0047\natkbd: keyboard ID 0x41ab (2)\nkbd0 at atkbd0\nkbd0: atkbd0, AT 101/102 (2), config:0x0, flags:0x3d0000\natkbd0: [GIANT-LOCKED]\natkbd0: [ITHREAD]\npsm0: current command byte:0047\npsm0: \u003cPS/2 Mouse\u003e irq 12 on atkbdc0\npsm0: [GIANT-LOCKED]\npsm0: [ITHREAD]\npsm0: model NetMouse/NetScroll Optical, device ID 0-00, 3 buttons\npsm0: config:00000000, flags:00000008, packet size:4\npsm0: syncmask:08, syncbits:00\nsio0: irq maps: 0x1 0x11 0x1 0x1\nsio0: irq maps: 0x1 0x11 0x1 0x1\nsio0: \u003cStandard PC COM port\u003e port 0x3f8-0x3ff irq 4 flags 0x10 on acpi0\nsio0: type 16550A\nsio0: [FILTER]\nsio1: irq maps: 0x1 0x9 0x1 0x1\nsio1: irq maps: 0x1 0x9 0x1 0x1\nsio1: \u003cStandard PC COM port\u003e port 0x2f8-0x2ff irq 3 on acpi0\nsio1: type 16550A\nsio1: [FILTER]\nfdc0: \u003cfloppy drive controller\u003e port 0x3f2-0x3f7,0 irq 6 drq 2 on acpi0\nfdc0: No FDOUT register!\ndevice_attach: fdc0 attach returned 6\ncpu0: \u003cACPI CPU\u003e on acpi0\ncpu0: switching to generic Cx mode\nacpi_throttle0: \u003cACPI CPU Throttling\u003e on cpu0\nacpi_throttle0: P_CNT from P_BLK 0xf810\nfdc0: \u003cfloppy drive controller\u003e port 0x3f2-0x3f7,0 irq 6 drq 2 on acpi0\nfdc0: No FDOUT register!\ndevice_attach: fdc0 attach returned 6\nunknown: status reg test failed ff\nunknown: status reg test failed ff\nunknown: status reg test failed ff\nunknown: status reg test failed ff\nunknown: status reg test failed ff\nunknown: status reg test failed ff\nex_isa_identify()\nata: ata0 already exists; skipping it\nata: ata1 already exists; skipping it\natkbdc: atkbdc0 already exists; skipping it\nfdc: fdc0 already exists; skipping it\nsio: sio0 already exists; skipping it\nsio: sio1 already exists; skipping it\npnp_identify: Trying Read_Port at 203\npnp_identify: Trying Read_Port at 243\npnp_identify: Trying Read_Port at 283\npnp_identify: Trying Read_Port at 2c3\npnp_identify: Trying Read_Port at 303\npnp_identify: Trying Read_Port at 343\npnp_identify: Trying Read_Port at 383\npnp_identify: Trying Read_Port at 3c3\nPNP Identify complete\nsc: sc0 already exists; skipping it\nvga: vga0 already exists; skipping it\nisa_probe_children: disabling PnP devices\nisa_probe_children: probing non-PnP devices\npmtimer0 on isa0\norm0: \u003cISA Option ROMs\u003e at iomem 0xc0000-0xcffff,0xe0000-0xe7fff pnpid ORM0000 on isa0\nadv0: not probed (disabled)\naha0: not probed (disabled)\naic0: not probed (disabled)\nbt0: not probed (disabled)\ncs0: not probed (disabled)\ned0: not probed (disabled)\nfe0: not probed (disabled)\nie0: not probed (disabled)\nle0: not probed (disabled)\nppc0: parallel port found at 0x378\nppc0: using extended I/O port range\nppc0: ECP SPP ECP+EPP SPP\nppc0: \u003cParallel port\u003e at port 0x378-0x37f irq 7 on isa0\nppc0: SMC-like chipset (ECP/EPP/PS2/NIBBLE) in COMPATIBLE mode\nppc0: FIFO with 16/16/8 bytes threshold\nppbus0: \u003cParallel port bus\u003e on ppc0\nppbus0: [MPSAFE]\nppbus0: [ITHREAD]\nplip0: \u003cPLIP network interface\u003e on ppbus0\nplip0: WARNING: using obsoleted IFF_NEEDSGIANT flag\nplip0: bpf attached\nlpt0: \u003cPrinter\u003e on ppbus0\nlpt0: Interrupt-driven port\nppi0: \u003cParallel I/O\u003e on ppbus0\nppc0: [GIANT-LOCKED]\nppc0: [ITHREAD]\nsc0: \u003cSystem console\u003e at flags 0x100 on isa0\nsc0: VGA \u003c16 virtual consoles, flags=0x300\u003e\nsc0: fb0, kbd1, terminal emulator: sc (syscons terminal)\nsio2: not probed (disabled)\nsio3: not probed (disabled)\nsn0: not probed (disabled)\nvga0: \u003cGeneric ISA VGA\u003e at port 0x3c0-0x3df iomem 0xa0000-0xbffff on isa0\nvt0: not probed (disabled)\nisa_probe_children: probing PnP devices\numass0: \u003cJetFlash Mass Storage Device, class 0/0, rev 2.00/1.41, addr 2\u003e on uhub0\numass0:0:0:-1: Attached to scbus0\nDevice configuration finished.\nprocfs registered\nTimecounter \"TSC\" frequency 398270700 Hz quality 800\nTimecounters tick every 1.000 msec\nvlan: initialized, using hash tables with chaining\nipfw2 (+ipv6) initialized, divert loadable, nat loadable, rule-based forwarding disabled, default to deny, logging disabled\nlo0: bpf attached\nhptrr: no controller detected.\nata0-slave: pio=PIO4 wdma=WDMA2 udma=UDMA66 cable=80 wire\nata0-master: pio=PIO4 wdma=WDMA2 udma=UDMA100 cable=80 wire\nad0: setting PIO4 on PIIX4 chip\nad0: setting UDMA33 on PIIX4 chip\nad0: 19092MB \u003cSeagate ST320011A 3.21\u003e at ata0-master UDMA33\nad0: 39102336 sectors [41378C/15H/63S] 16 sectors/interrupt 1 depth queue\nGEOM: new disk ad0\nad0: Intel check1 failed\nad0: Adaptec check1 failed\nad0: LSI (v3) check1 failed\nad0: LSI (v2) check1 failed\nad0: FreeBSD check1 failed\nacd0: setting PIO4 on PIIX4 chip\nacd0: setting UDMA33 on PIIX4 chip\nacd0: \u003cPIONEER DVD-RW DVR-110D/1.17\u003e DVDR drive at ata0 as slave\nacd0: read 6890KB/s (6890KB/s) write 5511KB/s (6890KB/s), 2000KB buffer, UDMA33\nacd0: Reads: CDR, CDRW, CDDA stream, DVDROM, DVDR, DVDRAM, packet\nacd0: Writes: CDR, CDRW, DVDR, test write, burnproof\nacd0: Audio: play, 256 volume levels\nacd0: Mechanism: ejectable tray, unlocked\nacd0: Medium: no/blank disc\n(probe0:umass-sim0:0:0:0): TEST UNIT READY. CDB: 0 0 0 0 0 0 \n(probe0:umass-sim0:0:0:0): CAM Status: SCSI Status Error\n(probe0:umass-sim0:0:0:0): SCSI Status: Check Condition\n(probe0:umass-sim0:0:0:0): UNIT ATTENTION asc:28,0\n(probe0:umass-sim0:0:0:0): Not ready to ready change, medium may have changed\n(probe0:umass-sim0:0:0:0): (probe0:umass-sim0:0:0:0): TEST UNIT READY. CDB: 0 0 0 0 0 0 \n(probe0:umass-sim0:0:0:0): UNIT ATTENTION asc:28,0\n(probe0:umass-sim0:0:0:0): Not ready to ready change, medium may have changed\nRetrying Command (per Sense Data)\n(probe0:umass-sim0:0:0:0): Retrying Command\nGEOM: new disk da0\npass0 at umass-sim0 bus 0 target 0 lun 0\npass0: \u003cJetFlash TS4GJF185 8.07\u003e Removable Direct Access SCSI-2 device \npass0: 1.000MB/s transfers\nATA PseudoRAID loaded\nda0 at umass-sim0 bus 0 target 0 lun 0\nda0: \u003cJetFlash TS4GJF185 8.07\u003e Removable Direct Access SCSI-2 device \nda0: 1.000MB/s transfers\nda0: 3911MB (8011774 512 byte sectors: 255H 63S/T 498C)\nTrying to mount root from ufs:/dev/ad0s2a\nstart_init: trying /sbin/init\ntun0: bpf attached\nWARNING: attempt to net_add_domain(netgraph) after domainfinalize()\n====================================================================\n\n=========== pciconf-lcbv.slot2 =====================================\nhostb0@pci0:0:0:0:      class=0x060000 card=0x00000000 chip=0x71908086 rev=0x03 hdr=0x00\n    vendor     = 'Intel Corporation'\n    device     = '82443BX/ZX 440BX/ZX CPU to PCI Bridge (AGP Implemented)'\n    class      = bridge\n    subclass   = HOST-PCI\n    bar   [10] = type Prefetchable Memory, range 32, base 0x44000000, size 67108864, enabled\n    cap 02[a0] = AGP 2x 1x SBA disabled\npcib1@pci0:0:1:0:       class=0x060400 card=0x00000000 chip=0x71918086 rev=0x03 hdr=0x01\n    vendor     = 'Intel Corporation'\n    device     = '440BX/ZX AGPset PCI-to-PCI bridge (82443BX/ZX)'\n    class      = bridge\n    subclass   = PCI-PCI\nfxp0@pci0:0:14:0:       class=0x020000 card=0x000b8086 chip=0x12298086 rev=0x08 hdr=0x00\n    vendor     = 'Intel Corporation'\n    device     = '82550/1/7/8/9 EtherExpress PRO/100(B) Ethernet Adapter'\n    class      = network\n    subclass   = ethernet\n    bar   [10] = type Memory, range 32, base 0x48100000, size 4096, enabled\n    bar   [14] = type I/O Port, range 32, base 0x1000, size 64, enabled\n    bar   [18] = type Memory, range 32, base 0x48000000, size 1048576, enabled\n    cap 01[dc] = powerspec 2  supports D0 D1 D2 D3  current D0\nisab0@pci0:0:20:0:      class=0x060100 card=0x00000000 chip=0x71108086 rev=0x02 hdr=0x00\n    vendor     = 'Intel Corporation'\n    device     = 'PIIX4/4E/4M ISBridgeA  (82371AB/EB/MB)'\n    class      = bridge\n    subclass   = PCI-ISA\natapci0@pci0:0:20:1:    class=0x010180 card=0x00000000 chip=0x71118086 rev=0x01 hdr=0x00\n    vendor     = 'Intel Corporation'\n    device     = 'PIIX4/4E/4M IDE Controller (82371AB/EB/MB)'\n    class      = mass storage\n    subclass   = ATA\n    bar   [20] = type I/O Port, range 32, base 0x1460, size 16, enabled\nuhci0@pci0:0:20:2:      class=0x0c0300 card=0x00000000 chip=0x71128086 rev=0x01 hdr=0x00\n    vendor     = 'Intel Corporation'\n    device     = 'PIIX4/4E/4M USB Interface (82371AB/EB/MB)'\n    class      = serial bus\n    subclass   = USB\n    bar   [20] = type I/O Port, range 32, base 0x1440, size 32, enabled\nnone0@pci0:0:20:3:      class=0x068000 card=0x00000000 chip=0x71138086 rev=0x02 hdr=0x00\n    vendor     = 'Intel Corporation'\n    device     = 'PIIX4/4E/4M Power Management Controller (82371AB/EB/MB)'\n    class      = bridge\nvgapci0@pci0:1:0:0:     class=0x030000 card=0x00000000 chip=0x002c10de rev=0x15 hdr=0x00\n    vendor     = 'Nvidia Corp'\n    device     = 'VANTA / VANTA LT [NVVANTA]'\n    class      = display\n    subclass   = VGA\n    bar   [10] = type Memory, range 32, base 0x40000000, size 16777216, enabled\n    bar   [14] = type Prefetchable Memory, range 32, base 0x42000000, size 33554432, enabled\n    cap 01[60] = powerspec 1  supports D0 D3  current D0\n    cap 02[44] = AGP 4x 2x 1x disabled\n====================================================================\n\n=========== dmesg.boot_verbose.slot3 ===============================\nCopyright (c) 1992-2010 The FreeBSD Project.\nCopyright (c) 1979, 1980, 1983, 1986, 1988, 1989, 1991, 1992, 1993, 1994\n        The Regents of the University of California. All rights reserved.\nFreeBSD is a registered trademark of The FreeBSD Foundation.\nFreeBSD 7.3-RELEASE #0: Sun Mar 21 06:15:01 UTC 2010\n    root@walker.cse.buffalo.edu:/usr/obj/usr/src/sys/GENERIC i386\nPreloaded elf kernel \"/boot/kernel/kernel\" at 0xc0ea2000.\nPreloaded elf module \"/boot/kernel/ipfw.ko\" at 0xc0ea2138.\nPreloaded elf module \"/boot/kernel/speaker.ko\" at 0xc0ea21e4.\nPreloaded elf module \"/boot/kernel/acpi.ko\" at 0xc0ea2290.\nCalibrating clock(s) ... i8254 clock: 1193214 Hz\nCLK_USE_I8254_CALIBRATION not specified - using default frequency\nTimecounter \"i8254\" frequency 1193182 Hz quality 0\nCalibrating TSC clock ... TSC clock: 398271700 Hz\nCPU: Pentium II/Pentium II Xeon/Celeron (398.27-MHz 686-class CPU)\n  Origin = \"GenuineIntel\"  Id = 0x652  Stepping = 2\n  Features=0x183f9ff\u003cFPU,VME,DE,PSE,TSC,MSR,PAE,MCE,CX8,SEP,MTRR,PGE,MCA,CMOV,PAT,PSE36,MMX,FXSR\u003e\n\nInstruction TLB: 4 KB pages, 4-way set associative, 32 entries\nInstruction TLB: 4 MB pages, fully associative, 2 entries\nData TLB: 4 KB pages, 4-way set associative, 64 entries\n2nd-level cache: 512 KB, 4-way set associative, 32 byte line size\n1st-level instruction cache: 16 KB, 4-way set associative, 32 byte line size\nData TLB: 4 MB Pages, 4-way set associative, 8 entries\n1st-level data cache: 16 KB, 4-way set associative, 32 byte line size\nreal memory  = 134217728 (128 MB)\nPhysical memory chunk(s):\n0x0000000000001000 - 0x000000000009efff, 647168 bytes (158 pages)\n0x0000000000100000 - 0x00000000003fffff, 3145728 bytes (768 pages)\n0x0000000001025000 - 0x0000000007d7dfff, 114659328 bytes (27993 pages)\navail memory = 117198848 (111 MB)\nbios32: Found BIOS32 Service Directory header at 0xc00fa000\nbios32: Entry = 0xecb00 (c00ecb00)  Rev = 0  Len = 1\npcibios: PCI BIOS entry at 0xecb00+0x1020\npnpbios: Found PnP BIOS data at 0xc00f7dd0\npnpbios: Entry = f0000:64a6  Rev = 1.0\npnpbios: OEM ID b6b0110e\nOther BIOS signatures found:\nULE: setup cpu group 0\nULE: setup cpu 0\nULE: adding cpu 0 to group 0: cpus 1 mask 0x1\nwlan: \u003c802.11 Link Layer\u003e\nwlan_amrr: \u003cAMRR Transmit Rate Control Algorithm\u003e\nrandom: \u003centropy source, Software, Yarrow\u003e\nnfslock: pseudo-device\nio: \u003cI/O\u003e\nkbd: new array size 4\nkbd1 at kbdmux0\nmem: \u003cmemory\u003e\nPentium Pro MTRR support enabled\nnull: \u003cnull device, zero device\u003e\nhptrr: RocketRAID 17xx/2xxx SATA controller driver v1.2 (Mar 21 2010 06:13:51)\nACPI: RSDP @ 0x0xe0010/0x0014 (v  0 COMPAQ)\nACPI: RSDT @ 0x0xe0080/0x0030 (v  1 COMPAQ CPQB0B6  0x19990822      0x00000000)\nACPI: FACP @ 0x0xe00cc/0x0074 (v  1 COMPAQ CONTACT  0x00000001      0x00000000)\nACPI: DSDT @ 0x0xe0140/0x0933 (v  1 COMPAQ     DSDT 0x00000001 MSFT 0x0100000B)\nACPI: FACS @ 0x0xe0040/0x0040\nACPI: SSDT @ 0x0xe0a73/0x0F1C (v  1 COMPAQ VILLTBL1 0x00000001 MSFT 0x0100000B)\nACPI: SSDT @ 0x0xe198f/0x071E (v  1 COMPAQ PNP_PRSS 0x00000001 MSFT 0x0100000B)\nnpx0: INT 16 interface\nacpi0: \u003cCOMPAQ CPQB0B6\u003e on motherboard\nacpi0: [MPSAFE]\nacpi0: [ITHREAD]\nacpi0: Power Button (fixed)\nacpi0: wakeup code va 0xc1b5d000 pa 0x1000\npci_open(1):    mode 1 addr port (0x0cf8) is 0x00000058\npci_open(1a):   mode1res=0x80000000 (0x80000000)\npci_cfgcheck:   device 0 [class=060000] [hdr=00] is there (id=71908086)\npcibios: BIOS version 2.10\nacpi_bus_number: root bus has no _BBN, assuming 0\nAcpiOsDerivePciId: \\\\_SB_.PCI0.IBRG.PIRQ -\u003e bus 0 dev 20 func 0\nacpi: bad write to port 0x070 (8), val 0x31\nacpi: bad read from port 0x071 (8)\nacpi: bad write to port 0x070 (8), val 0x30\nacpi: bad read from port 0x071 (8)\nacpi: bad write to port 0x070 (8), val 0x31\nacpi: bad read from port 0x071 (8)\nacpi: bad write to port 0x070 (8), val 0x30\nacpi: bad read from port 0x071 (8)\nacpi0: reservation of 0, a0000 (3) failed\nacpi0: reservation of 100000, 7f00000 (3) failed\nACPI timer: 0/4 0/16777214 0/5 0/4 0/4 0/16777209 0/5 0/4 0/5 0/4 -\u003e 0\nTimecounter \"ACPI-safe\" frequency 3579545 Hz quality 850\nacpi_timer0: \u003c24-bit timer at 3.579545MHz\u003e port 0xf808-0xf80b on acpi0\npci_link0:        Index  IRQ  Rtd  Ref  IRQs\n  Initial Probe       0  255   N     0  3 4 5 6 7 10 11\n  Validation          0  255   N     0  3 4 5 6 7 10 11\n  After Disable       0  255   N     0  3 4 5 6 7 10 11\npci_link1:        Index  IRQ  Rtd  Ref  IRQs\n  Initial Probe       0  255   N     0  3 4 5 6 7 10 11\n  Validation          0  255   N     0  3 4 5 6 7 10 11\n  After Disable       0  255   N     0  3 4 5 6 7 10 11\npci_link2:        Index  IRQ  Rtd  Ref  IRQs\n  Initial Probe       0    9   N     0  3 4 5 6 7 10 11\n  Validation          0    9   N     0  3 4 5 6 7 10 11\n  After Disable       0  255   N     0  3 4 5 6 7 10 11\npci_link3:        Index  IRQ  Rtd  Ref  IRQs\n  Initial Probe       0   11   N     0  3 4 5 6 7 10 11\n  Validation          0   11   N     0  3 4 5 6 7 10 11\n  After Disable       0  255   N     0  3 4 5 6 7 10 11\npcib0: \u003cACPI Host-PCI bridge\u003e port 0xcf8-0xcff on acpi0\nACPI: Found matching pin for 0.15.INTA at func 0: 255\nACPI: Found matching pin for 0.20.INTD at func 2: 11\npci0: \u003cACPI PCI bus\u003e on pcib0\npci0: domain=0, physical bus=0\nfound-\u003e vendor=0x8086, dev=0x7190, revid=0x03\n        domain=0, bus=0, slot=0, func=0\n        class=06-00-00, hdrtype=0x00, mfdev=0\n        cmdreg=0x0106, statreg=0xa210, cachelnsz=0 (dwords)\n        lattimer=0x40 (1920 ns), mingnt=0x00 (0 ns), maxlat=0x00 (0 ns)\n        map[10]: type Prefetchable Memory, range 32, base 0x44000000, size 26, enabled\nfound-\u003e vendor=0x8086, dev=0x7191, revid=0x03\n        domain=0, bus=0, slot=1, func=0\n        class=06-04-00, hdrtype=0x01, mfdev=0\n        cmdreg=0x0107, statreg=0x0220, cachelnsz=0 (dwords)\n        lattimer=0x40 (1920 ns), mingnt=0x8c (35000 ns), maxlat=0x00 (0 ns)\nfound-\u003e vendor=0x0086, dev=0x1228, revid=0x08\n        domain=0, bus=0, slot=15, func=0\n        class=02-00-00, hdrtype=0x00, mfdev=0\n        cmdreg=0x0004, statreg=0x8290, cachelnsz=8 (dwords)\n        lattimer=0x42 (1980 ns), mingnt=0x08 (2000 ns), maxlat=0x38 (14000 ns)\n        intpin=a, irq=255\n        powerspec 2  supports D0 D1 D2 D3  current D0\n        map[10]: type Memory, range 32, base 0, size 12, memory disabled\n        map[14]: type I/O Port, range 32, base 0, size  6, port disabled\n        map[18]: type Memory, range 32, base 0, size 20, memory disabled\nfound-\u003e vendor=0x8086, dev=0x7110, revid=0x02\n        domain=0, bus=0, slot=20, func=0\n        class=06-01-00, hdrtype=0x00, mfdev=1\n        cmdreg=0x000f, statreg=0x0280, cachelnsz=0 (dwords)\n        lattimer=0x00 (0 ns), mingnt=0x00 (0 ns), maxlat=0x00 (0 ns)\nfound-\u003e vendor=0x8086, dev=0x7111, revid=0x01\n        domain=0, bus=0, slot=20, func=1\n        class=01-01-80, hdrtype=0x00, mfdev=0\n        cmdreg=0x0005, statreg=0x0280, cachelnsz=0 (dwords)\n        lattimer=0x40 (1920 ns), mingnt=0x00 (0 ns), maxlat=0x00 (0 ns)\n        map[20]: type I/O Port, range 32, base 0x1460, size  4, enabled\nfound-\u003e vendor=0x8086, dev=0x7112, revid=0x01\n        domain=0, bus=0, slot=20, func=2\n        class=0c-03-00, hdrtype=0x00, mfdev=0\n        cmdreg=0x0005, statreg=0x0280, cachelnsz=0 (dwords)\n        lattimer=0x40 (1920 ns), mingnt=0x00 (0 ns), maxlat=0x00 (0 ns)\n        intpin=d, irq=11\n        map[20]: type I/O Port, range 32, base 0x1440, size  5, enabled\npcib0: matched entry for 0.20.INTD (src \\\\_SB_.LNKD:0)\npcib0: slot 20 INTD routed to irq 11 via \\\\_SB_.LNKD\nfound-\u003e vendor=0x8086, dev=0x7113, revid=0x02\n        domain=0, bus=0, slot=20, func=3\n        class=06-80-00, hdrtype=0x00, mfdev=0\n        cmdreg=0x0001, statreg=0x0280, cachelnsz=0 (dwords)\n        lattimer=0x00 (0 ns), mingnt=0x00 (0 ns), maxlat=0x00 (0 ns)\n        map[90]: type I/O Port, range 32, base 0xfc00, size  4, enabled\nagp0: \u003cIntel 82443BX (440 BX) host to PCI bridge\u003e on hostb0\nhostb0: Reserved 0x4000000 bytes for rid 0x10 type 3 at 0x44000000\nagp0: allocating GATT for aperture of size 64M\npcib1: \u003cPCI-PCI bridge\u003e at device 1.0 on pci0\npcib1:   domain            0\npcib1:   secondary bus     1\npcib1:   subordinate bus   1\npcib1:   I/O decode        0xf000-0xfff\npcib1:   memory decode     0x40000000-0x40ffffff\npcib1:   prefetched decode 0x42000000-0x43ffffff\npci1: \u003cPCI bus\u003e on pcib1\npci1: domain=0, physical bus=1\nfound-\u003e vendor=0x10de, dev=0x002c, revid=0x15\n        domain=0, bus=1, slot=0, func=0\n        class=03-00-00, hdrtype=0x00, mfdev=0\n        cmdreg=0x0007, statreg=0x02b0, cachelnsz=0 (dwords)\n        lattimer=0x40 (1920 ns), mingnt=0x05 (1250 ns), maxlat=0x01 (250 ns)\n        intpin=a, irq=9\n        powerspec 1  supports D0 D3  current D0\n        map[10]: type Memory, range 32, base 0x40000000, size 24, enabled\npcib1: requested memory range 0x40000000-0x40ffffff: good\n        map[14]: type Prefetchable Memory, range 32, base 0x42000000, size 25, enabled\npcib1: requested memory range 0x42000000-0x43ffffff: good\npcib0: matched entry for 0.1.INTA (src \\\\_SB_.LNKC:0)\npcib0: slot 1 INTA routed to irq 9 via \\\\_SB_.LNKC\npcib1: slot 0 INTA is routed to irq 9\nvgapci0: \u003cVGA-compatible display\u003e mem 0x40000000-0x40ffffff,0x42000000-0x43ffffff irq 9 at device 0.0 on pci1\npci0: \u003cnetwork, ethernet\u003e at device 15.0 (no driver attached)\nisab0: \u003cPCI-ISA bridge\u003e at device 20.0 on pci0\nisa0: \u003cISA bus\u003e on isab0\natapci0: \u003cIntel PIIX4 UDMA33 controller\u003e port 0x1f0-0x1f7,0x3f6,0x170-0x177,0x376,0x1460-0x146f at device 20.1 on pci0\natapci0: Reserved 0x10 bytes for rid 0x20 type 4 at 0x1460\nata0: \u003cATA channel 0\u003e on atapci0\natapci0: Reserved 0x8 bytes for rid 0x10 type 4 at 0x1f0\natapci0: Reserved 0x1 bytes for rid 0x14 type 4 at 0x3f6\nata0: reset tp1 mask=03 ostat0=50 ostat1=00\nata0: stat0=0x80 err=0x80 lsb=0x80 msb=0x80\nata0: stat0=0x50 err=0x01 lsb=0x00 msb=0x00\nata0: stat1=0x00 err=0x01 lsb=0x14 msb=0xeb\nata0: reset tp2 stat0=50 stat1=00 devices=0x9\u003cATAPI_SLAVE,ATA_MASTER\u003e\nata0: [MPSAFE]\nata0: [ITHREAD]\nata1: \u003cATA channel 1\u003e on atapci0\natapci0: Reserved 0x8 bytes for rid 0x18 type 4 at 0x170\natapci0: Reserved 0x1 bytes for rid 0x1c type 4 at 0x376\nata1: reset tp1 mask=03 ostat0=00 ostat1=00\nata1: stat0=0x00 err=0x00 lsb=0x00 msb=0x00\nata1: stat1=0x00 err=0x00 lsb=0x00 msb=0x00\nata1: reset tp2 stat0=00 stat1=00 devices=0x0\nata1: [MPSAFE]\nata1: [ITHREAD]\nuhci0: \u003cIntel 82371AB/EB (PIIX4) USB controller\u003e port 0x1440-0x145f irq 11 at device 20.2 on pci0\nuhci0: Reserved 0x20 bytes for rid 0x20 type 4 at 0x1440\nuhci0: [GIANT-LOCKED]\nuhci0: [ITHREAD]\nusb0: \u003cIntel 82371AB/EB (PIIX4) USB controller\u003e on uhci0\nusb0: USB revision 1.0\nuhub0: \u003cIntel UHCI root hub, class 9/0, rev 1.00/1.00, addr 1\u003e on usb0\nuhub0: 2 ports with 2 removable, self powered\npci0: \u003cbridge\u003e at device 20.3 (no driver attached)\nacpi_button0: \u003cPower Button\u003e on acpi0\nspeaker0: \u003cPC speaker\u003e port 0x61 on acpi0\npsmcpnp0: \u003cPS/2 mouse port\u003e irq 12 on acpi0\natkbdc0: \u003cKeyboard controller (i8042)\u003e port 0x60,0x64 irq 1 on acpi0\natkbd0: \u003cAT Keyboard\u003e irq 1 on atkbdc0\natkbd: the current kbd controller command byte 0047\natkbd: keyboard ID 0x41ab (2)\nkbd0 at atkbd0\nkbd0: atkbd0, AT 101/102 (2), config:0x0, flags:0x3d0000\natkbd0: [GIANT-LOCKED]\natkbd0: [ITHREAD]\npsm0: current command byte:0047\npsm0: \u003cPS/2 Mouse\u003e irq 12 on atkbdc0\npsm0: [GIANT-LOCKED]\npsm0: [ITHREAD]\npsm0: model NetMouse/NetScroll Optical, device ID 0-00, 3 buttons\npsm0: config:00000000, flags:00000008, packet size:4\npsm0: syncmask:08, syncbits:00\nsio0: irq maps: 0x1 0x11 0x1 0x1\nsio0: irq maps: 0x1 0x11 0x1 0x1\nsio0: \u003cStandard PC COM port\u003e port 0x3f8-0x3ff irq 4 flags 0x10 on acpi0\nsio0: type 16550A\nsio0: [FILTER]\nsio1: irq maps: 0x1 0x9 0x1 0x1\nsio1: irq maps: 0x1 0x9 0x1 0x1\nsio1: \u003cStandard PC COM port\u003e port 0x2f8-0x2ff irq 3 on acpi0\nsio1: type 16550A\nsio1: [FILTER]\nfdc0: \u003cfloppy drive controller\u003e port 0x3f2-0x3f7,0 irq 6 drq 2 on acpi0\nfdc0: No FDOUT register!\ndevice_attach: fdc0 attach returned 6\ncpu0: \u003cACPI CPU\u003e on acpi0\ncpu0: switching to generic Cx mode\nacpi_throttle0: \u003cACPI CPU Throttling\u003e on cpu0\nacpi_throttle0: P_CNT from P_BLK 0xf810\nfdc0: \u003cfloppy drive controller\u003e port 0x3f2-0x3f7,0 irq 6 drq 2 on acpi0\nfdc0: No FDOUT register!\ndevice_attach: fdc0 attach returned 6\nunknown: status reg test failed ff\nunknown: status reg test failed ff\nunknown: status reg test failed ff\nunknown: status reg test failed ff\nunknown: status reg test failed ff\nunknown: status reg test failed ff\nex_isa_identify()\nata: ata0 already exists; skipping it\nata: ata1 already exists; skipping it\natkbdc: atkbdc0 already exists; skipping it\nfdc: fdc0 already exists; skipping it\nsio: sio0 already exists; skipping it\nsio: sio1 already exists; skipping it\npnp_identify: Trying Read_Port at 203\npnp_identify: Trying Read_Port at 243\npnp_identify: Trying Read_Port at 283\npnp_identify: Trying Read_Port at 2c3\npnp_identify: Trying Read_Port at 303\npnp_identify: Trying Read_Port at 343\npnp_identify: Trying Read_Port at 383\npnp_identify: Trying Read_Port at 3c3\nPNP Identify complete\nsc: sc0 already exists; skipping it\nvga: vga0 already exists; skipping it\nisa_probe_children: disabling PnP devices\nisa_probe_children: probing non-PnP devices\npmtimer0 on isa0\norm0: \u003cISA Option ROMs\u003e at iomem 0xc0000-0xcffff,0xe0000-0xe7fff pnpid ORM0000 on isa0\nadv0: not probed (disabled)\naha0: not probed (disabled)\naic0: not probed (disabled)\nbt0: not probed (disabled)\ncs0: not probed (disabled)\ned0: not probed (disabled)\nfe0: not probed (disabled)\nie0: not probed (disabled)\nle0: not probed (disabled)\nppc0: parallel port found at 0x378\nppc0: using extended I/O port range\nppc0: ECP SPP ECP+EPP SPP\nppc0: \u003cParallel port\u003e at port 0x378-0x37f irq 7 on isa0\nppc0: SMC-like chipset (ECP/EPP/PS2/NIBBLE) in COMPATIBLE mode\nppc0: FIFO with 16/16/8 bytes threshold\nppbus0: \u003cParallel port bus\u003e on ppc0\nppbus0: [MPSAFE]\nppbus0: [ITHREAD]\nplip0: \u003cPLIP network interface\u003e on ppbus0\nplip0: WARNING: using obsoleted IFF_NEEDSGIANT flag\nplip0: bpf attached\nlpt0: \u003cPrinter\u003e on ppbus0\nlpt0: Interrupt-driven port\nppi0: \u003cParallel I/O\u003e on ppbus0\nppc0: [GIANT-LOCKED]\nppc0: [ITHREAD]\nsc0: \u003cSystem console\u003e at flags 0x100 on isa0\nsc0: VGA \u003c16 virtual consoles, flags=0x300\u003e\nsc0: fb0, kbd1, terminal emulator: sc (syscons terminal)\nsio2: not probed (disabled)\nsio3: not probed (disabled)\nsn0: not probed (disabled)\nvga0: \u003cGeneric ISA VGA\u003e at port 0x3c0-0x3df iomem 0xa0000-0xbffff on isa0\nvt0: not probed (disabled)\nisa_probe_children: probing PnP devices\numass0: \u003cJetFlash Mass Storage Device, class 0/0, rev 2.00/1.41, addr 2\u003e on uhub0\numass0:0:0:-1: Attached to scbus0\nDevice configuration finished.\nprocfs registered\nTimecounter \"TSC\" frequency 398271700 Hz quality 800\nTimecounters tick every 1.000 msec\nvlan: initialized, using hash tables with chaining\nipfw2 (+ipv6) initialized, divert loadable, nat loadable, rule-based forwarding disabled, default to deny, logging disabled\nlo0: bpf attached\nhptrr: no controller detected.\nata0-slave: pio=PIO4 wdma=WDMA2 udma=UDMA66 cable=80 wire\nata0-master: pio=PIO4 wdma=WDMA2 udma=UDMA100 cable=80 wire\nad0: setting PIO4 on PIIX4 chip\nad0: setting UDMA33 on PIIX4 chip\nad0: 19092MB \u003cSeagate ST320011A 3.21\u003e at ata0-master UDMA33\nad0: 39102336 sectors [41378C/15H/63S] 16 sectors/interrupt 1 depth queue\nGEOM: new disk ad0\nad0: Intel check1 failed\nad0: Adaptec check1 failed\nad0: LSI (v3) check1 failed\nad0: LSI (v2) check1 failed\nad0: FreeBSD check1 failed\nacd0: setting PIO4 on PIIX4 chip\nacd0: setting UDMA33 on PIIX4 chip\nacd0: \u003cPIONEER DVD-RW DVR-110D/1.17\u003e DVDR drive at ata0 as slave\nacd0: read 6890KB/s (6890KB/s) write 5511KB/s (6890KB/s), 2000KB buffer, UDMA33\nacd0: Reads: CDR, CDRW, CDDA stream, DVDROM, DVDR, DVDRAM, packet\nacd0: Writes: CDR, CDRW, DVDR, test write, burnproof\nacd0: Audio: play, 256 volume levels\nacd0: Mechanism: ejectable tray, unlocked\nacd0: Medium: no/blank disc\n(probe0:umass-sim0:0:0:0): TEST UNIT READY. CDB: 0 0 0 0 0 0 \n(probe0:umass-sim0:0:0:0): CAM Status: SCSI Status Error\n(probe0:umass-sim0:0:0:0): SCSI Status: Check Condition\n(probe0:umass-sim0:0:0:0): UNIT ATTENTION asc:28,0\n(probe0:umass-sim0:0:0:0): Not ready to ready change, medium may have changed\n(probe0:umass-sim0:0:0:0): (probe0:umass-sim0:0:0:0): TEST UNIT READY. CDB: 0 0 0 0 0 0 \n(probe0:umass-sim0:0:0:0): UNIT ATTENTION asc:28,0\n(probe0:umass-sim0:0:0:0): Not ready to ready change, medium may have changed\nRetrying Command (per Sense Data)\n(probe0:umass-sim0:0:0:0): Retrying Command\nGEOM: new disk da0\npass0 at umass-sim0 bus 0 target 0 lun 0\npass0: \u003cJetFlash TS4GJF185 8.07\u003e Removable Direct Access SCSI-2 device \npass0: 1.000MB/s transfers\nATA PseudoRAID loaded\nda0 at umass-sim0 bus 0 target 0 lun 0\nda0: \u003cJetFlash TS4GJF185 8.07\u003e Removable Direct Access SCSI-2 device \nda0: 1.000MB/s transfers\nda0: 3911MB (8011774 512 byte sectors: 255H 63S/T 498C)\nTrying to mount root from ufs:/dev/ad0s2a\nstart_init: trying /sbin/init\ntun0: bpf attached\nWARNING: attempt to net_add_domain(netgraph) after domainfinalize()\n====================================================================\n\n=========== pciconf-lcbv.slot3 =====================================\nhostb0@pci0:0:0:0:      class=0x060000 card=0x00000000 chip=0x71908086 rev=0x03 hdr=0x00\n    vendor     = 'Intel Corporation'\n    device     = '82443BX/ZX 440BX/ZX CPU to PCI Bridge (AGP Implemented)'\n    class      = bridge\n    subclass   = HOST-PCI\n    bar   [10] = type Prefetchable Memory, range 32, base 0x44000000, size 67108864, enabled\n    cap 02[a0] = AGP 2x 1x SBA disabled\npcib1@pci0:0:1:0:       class=0x060400 card=0x00000000 chip=0x71918086 rev=0x03 hdr=0x01\n    vendor     = 'Intel Corporation'\n    device     = '440BX/ZX AGPset PCI-to-PCI bridge (82443BX/ZX)'\n    class      = bridge\n    subclass   = PCI-PCI\nnone0@pci0:0:15:0:      class=0x020000 card=0x000a0086 chip=0x12280086 rev=0x08 hdr=0x00\n    class      = network\n    subclass   = ethernet\n    cap 01[dc] = powerspec 2  supports D0 D1 D2 D3  current D0\nisab0@pci0:0:20:0:      class=0x060100 card=0x00000000 chip=0x71108086 rev=0x02 hdr=0x00\n    vendor     = 'Intel Corporation'\n    device     = 'PIIX4/4E/4M ISBridgeA  (82371AB/EB/MB)'\n    class      = bridge\n    subclass   = PCI-ISA\natapci0@pci0:0:20:1:    class=0x010180 card=0x00000000 chip=0x71118086 rev=0x01 hdr=0x00\n    vendor     = 'Intel Corporation'\n    device     = 'PIIX4/4E/4M IDE Controller (82371AB/EB/MB)'\n    class      = mass storage\n    subclass   = ATA\n    bar   [20] = type I/O Port, range 32, base 0x1460, size 16, enabled\nuhci0@pci0:0:20:2:      class=0x0c0300 card=0x00000000 chip=0x71128086 rev=0x01 hdr=0x00\n    vendor     = 'Intel Corporation'\n    device     = 'PIIX4/4E/4M USB Interface (82371AB/EB/MB)'\n    class      = serial bus\n    subclass   = USB\n    bar   [20] = type I/O Port, range 32, base 0x1440, size 32, enabled\nnone1@pci0:0:20:3:      class=0x068000 card=0x00000000 chip=0x71138086 rev=0x02 hdr=0x00\n    vendor     = 'Intel Corporation'\n    device     = 'PIIX4/4E/4M Power Management Controller (82371AB/EB/MB)'\n    class      = bridge\nvgapci0@pci0:1:0:0:     class=0x030000 card=0x00000000 chip=0x002c10de rev=0x15 hdr=0x00\n    vendor     = 'Nvidia Corp'\n    device     = 'VANTA / VANTA LT [NVVANTA]'\n    class      = display\n    subclass   = VGA\n    bar   [10] = type Memory, range 32, base 0x40000000, size 16777216, enabled\n    bar   [14] = type Prefetchable Memory, range 32, base 0x42000000, size 33554432, enabled\n    cap 01[60] = powerspec 1  supports D0 D3  current D0\n    cap 02[44] = AGP 4x 2x 1x disabled\n====================================================================\n\n=========== dmesg.boot_verbose.slot4 ===============================\nCopyright (c) 1992-2010 The FreeBSD Project.\nCopyright (c) 1979, 1980, 1983, 1986, 1988, 1989, 1991, 1992, 1993, 1994\n        The Regents of the University of California. All rights reserved.\nFreeBSD is a registered trademark of The FreeBSD Foundation.\nFreeBSD 7.3-RELEASE #0: Sun Mar 21 06:15:01 UTC 2010\n    root@walker.cse.buffalo.edu:/usr/obj/usr/src/sys/GENERIC i386\nPreloaded elf kernel \"/boot/kernel/kernel\" at 0xc0ea2000.\nPreloaded elf module \"/boot/kernel/ipfw.ko\" at 0xc0ea2138.\nPreloaded elf module \"/boot/kernel/speaker.ko\" at 0xc0ea21e4.\nPreloaded elf module \"/boot/kernel/acpi.ko\" at 0xc0ea2290.\nCalibrating clock(s) ... i8254 clock: 1193216 Hz\nCLK_USE_I8254_CALIBRATION not specified - using default frequency\nTimecounter \"i8254\" frequency 1193182 Hz quality 0\nCalibrating TSC clock ... TSC clock: 398271524 Hz\nCPU: Pentium II/Pentium II Xeon/Celeron (398.27-MHz 686-class CPU)\n  Origin = \"GenuineIntel\"  Id = 0x652  Stepping = 2\n  Features=0x183f9ff\u003cFPU,VME,DE,PSE,TSC,MSR,PAE,MCE,CX8,SEP,MTRR,PGE,MCA,CMOV,PAT,PSE36,MMX,FXSR\u003e\n\nInstruction TLB: 4 KB pages, 4-way set associative, 32 entries\nInstruction TLB: 4 MB pages, fully associative, 2 entries\nData TLB: 4 KB pages, 4-way set associative, 64 entries\n2nd-level cache: 512 KB, 4-way set associative, 32 byte line size\n1st-level instruction cache: 16 KB, 4-way set associative, 32 byte line size\nData TLB: 4 MB Pages, 4-way set associative, 8 entries\n1st-level data cache: 16 KB, 4-way set associative, 32 byte line size\nreal memory  = 134217728 (128 MB)\nPhysical memory chunk(s):\n0x0000000000001000 - 0x000000000009efff, 647168 bytes (158 pages)\n0x0000000000100000 - 0x00000000003fffff, 3145728 bytes (768 pages)\n0x0000000001025000 - 0x0000000007d7dfff, 114659328 bytes (27993 pages)\navail memory = 117198848 (111 MB)\nbios32: Found BIOS32 Service Directory header at 0xc00fa000\nbios32: Entry = 0xecb00 (c00ecb00)  Rev = 0  Len = 1\npcibios: PCI BIOS entry at 0xecb00+0x1020\npnpbios: Found PnP BIOS data at 0xc00f7dd0\npnpbios: Entry = f0000:64a6  Rev = 1.0\npnpbios: OEM ID b6b0110e\nOther BIOS signatures found:\nULE: setup cpu group 0\nULE: setup cpu 0\nULE: adding cpu 0 to group 0: cpus 1 mask 0x1\nwlan: \u003c802.11 Link Layer\u003e\nwlan_amrr: \u003cAMRR Transmit Rate Control Algorithm\u003e\nrandom: \u003centropy source, Software, Yarrow\u003e\nnfslock: pseudo-device\nio: \u003cI/O\u003e\nkbd: new array size 4\nkbd1 at kbdmux0\nmem: \u003cmemory\u003e\nPentium Pro MTRR support enabled\nnull: \u003cnull device, zero device\u003e\nhptrr: RocketRAID 17xx/2xxx SATA controller driver v1.2 (Mar 21 2010 06:13:51)\nACPI: RSDP @ 0x0xe0010/0x0014 (v  0 COMPAQ)\nACPI: RSDT @ 0x0xe0080/0x0030 (v  1 COMPAQ CPQB0B6  0x19990822      0x00000000)\nACPI: FACP @ 0x0xe00cc/0x0074 (v  1 COMPAQ CONTACT  0x00000001      0x00000000)\nACPI: DSDT @ 0x0xe0140/0x0933 (v  1 COMPAQ     DSDT 0x00000001 MSFT 0x0100000B)\nACPI: FACS @ 0x0xe0040/0x0040\nACPI: SSDT @ 0x0xe0a73/0x0F1C (v  1 COMPAQ VILLTBL1 0x00000001 MSFT 0x0100000B)\nACPI: SSDT @ 0x0xe198f/0x071E (v  1 COMPAQ PNP_PRSS 0x00000001 MSFT 0x0100000B)\nnpx0: INT 16 interface\nacpi0: \u003cCOMPAQ CPQB0B6\u003e on motherboard\nacpi0: [MPSAFE]\nacpi0: [ITHREAD]\nacpi0: Power Button (fixed)\nacpi0: wakeup code va 0xc1b5d000 pa 0x1000\npci_open(1):    mode 1 addr port (0x0cf8) is 0x00000058\npci_open(1a):   mode1res=0x80000000 (0x80000000)\npci_cfgcheck:   device 0 [class=060000] [hdr=00] is there (id=71908086)\npcibios: BIOS version 2.10\nacpi_bus_number: root bus has no _BBN, assuming 0\nAcpiOsDerivePciId: \\\\_SB_.PCI0.IBRG.PIRQ -\u003e bus 0 dev 20 func 0\nacpi: bad write to port 0x070 (8), val 0x31\nacpi: bad read from port 0x071 (8)\nacpi: bad write to port 0x070 (8), val 0x30\nacpi: bad read from port 0x071 (8)\nacpi: bad write to port 0x070 (8), val 0x31\nacpi: bad read from port 0x071 (8)\nacpi: bad write to port 0x070 (8), val 0x30\nacpi: bad read from port 0x071 (8)\nacpi0: reservation of 0, a0000 (3) failed\nacpi0: reservation of 100000, 7f00000 (3) failed\nACPI timer: 0/4 0/5 0/16777185 0/4 0/16777214 0/4 0/5 0/16777201 0/4 0/5 -\u003e 0\nTimecounter \"ACPI-safe\" frequency 3579545 Hz quality 850\nacpi_timer0: \u003c24-bit timer at 3.579545MHz\u003e port 0xf808-0xf80b on acpi0\npci_link0:        Index  IRQ  Rtd  Ref  IRQs\n  Initial Probe       0  255   N     0  3 4 5 6 7 10 11\n  Validation          0  255   N     0  3 4 5 6 7 10 11\n  After Disable       0  255   N     0  3 4 5 6 7 10 11\npci_link1:        Index  IRQ  Rtd  Ref  IRQs\n  Initial Probe       0  255   N     0  3 4 5 6 7 10 11\n  Validation          0  255   N     0  3 4 5 6 7 10 11\n  After Disable       0  255   N     0  3 4 5 6 7 10 11\npci_link2:        Index  IRQ  Rtd  Ref  IRQs\n  Initial Probe       0    9   N     0  3 4 5 6 7 10 11\n  Validation          0    9   N     0  3 4 5 6 7 10 11\n  After Disable       0  255   N     0  3 4 5 6 7 10 11\npci_link3:        Index  IRQ  Rtd  Ref  IRQs\n  Initial Probe       0   11   N     0  3 4 5 6 7 10 11\n  Validation          0   11   N     0  3 4 5 6 7 10 11\n  After Disable       0  255   N     0  3 4 5 6 7 10 11\npcib0: \u003cACPI Host-PCI bridge\u003e port 0xcf8-0xcff on acpi0\nACPI: Found matching pin for 0.16.INTA at func 0: 11\nACPI: Found matching pin for 0.20.INTD at func 2: 11\npci0: \u003cACPI PCI bus\u003e on pcib0\npci0: domain=0, physical bus=0\nfound-\u003e vendor=0x8086, dev=0x7190, revid=0x03\n        domain=0, bus=0, slot=0, func=0\n        class=06-00-00, hdrtype=0x00, mfdev=0\n        cmdreg=0x0106, statreg=0x2210, cachelnsz=0 (dwords)\n        lattimer=0x40 (1920 ns), mingnt=0x00 (0 ns), maxlat=0x00 (0 ns)\n        map[10]: type Prefetchable Memory, range 32, base 0x44000000, size 26, enabled\nfound-\u003e vendor=0x8086, dev=0x7191, revid=0x03\n        domain=0, bus=0, slot=1, func=0\n        class=06-04-00, hdrtype=0x01, mfdev=0\n        cmdreg=0x0107, statreg=0x0220, cachelnsz=0 (dwords)\n        lattimer=0x40 (1920 ns), mingnt=0x8c (35000 ns), maxlat=0x00 (0 ns)\nfound-\u003e vendor=0x8086, dev=0x1229, revid=0x08\n        domain=0, bus=0, slot=16, func=0\n        class=02-00-00, hdrtype=0x00, mfdev=0\n        cmdreg=0x0007, statreg=0x0290, cachelnsz=8 (dwords)\n        lattimer=0x42 (1980 ns), mingnt=0x08 (2000 ns), maxlat=0x38 (14000 ns)\n        intpin=a, irq=11\n        powerspec 2  supports D0 D1 D2 D3  current D0\n        map[10]: type Memory, range 32, base 0x48200000, size 12, enabled\n        map[14]: type I/O Port, range 32, base 0x1400, size  6, enabled\n        map[18]: type Memory, range 32, base 0x48100000, size 20, enabled\npcib0: matched entry for 0.16.INTA (src \\\\_SB_.LNKD:0)\npcib0: slot 16 INTA routed to irq 11 via \\\\_SB_.LNKD\nfound-\u003e vendor=0x8086, dev=0x7110, revid=0x02\n        domain=0, bus=0, slot=20, func=0\n        class=06-01-00, hdrtype=0x00, mfdev=1\n        cmdreg=0x000f, statreg=0x0280, cachelnsz=0 (dwords)\n        lattimer=0x00 (0 ns), mingnt=0x00 (0 ns), maxlat=0x00 (0 ns)\nfound-\u003e vendor=0x8086, dev=0x7111, revid=0x01\n        domain=0, bus=0, slot=20, func=1\n        class=01-01-80, hdrtype=0x00, mfdev=0\n        cmdreg=0x0005, statreg=0x0280, cachelnsz=0 (dwords)\n        lattimer=0x40 (1920 ns), mingnt=0x00 (0 ns), maxlat=0x00 (0 ns)\n        map[20]: type I/O Port, range 32, base 0x1460, size  4, enabled\nfound-\u003e vendor=0x8086, dev=0x7112, revid=0x01\n        domain=0, bus=0, slot=20, func=2\n        class=0c-03-00, hdrtype=0x00, mfdev=0\n        cmdreg=0x0005, statreg=0x0280, cachelnsz=0 (dwords)\n        lattimer=0x40 (1920 ns), mingnt=0x00 (0 ns), maxlat=0x00 (0 ns)\n        intpin=d, irq=11\n        map[20]: type I/O Port, range 32, base 0x1440, size  5, enabled\npcib0: matched entry for 0.20.INTD (src \\\\_SB_.LNKD:0)\npcib0: slot 20 INTD routed to irq 11 via \\\\_SB_.LNKD\nfound-\u003e vendor=0x8086, dev=0x7113, revid=0x02\n        domain=0, bus=0, slot=20, func=3\n        class=06-80-00, hdrtype=0x00, mfdev=0\n        cmdreg=0x0001, statreg=0x0280, cachelnsz=0 (dwords)\n        lattimer=0x00 (0 ns), mingnt=0x00 (0 ns), maxlat=0x00 (0 ns)\n        map[90]: type I/O Port, range 32, base 0xfc00, size  4, enabled\nagp0: \u003cIntel 82443BX (440 BX) host to PCI bridge\u003e on hostb0\nhostb0: Reserved 0x4000000 bytes for rid 0x10 type 3 at 0x44000000\nagp0: allocating GATT for aperture of size 64M\npcib1: \u003cPCI-PCI bridge\u003e at device 1.0 on pci0\npcib1:   domain            0\npcib1:   secondary bus     1\npcib1:   subordinate bus   1\npcib1:   I/O decode        0xf000-0xfff\npcib1:   memory decode     0x40000000-0x40ffffff\npcib1:   prefetched decode 0x42000000-0x43ffffff\npci1: \u003cPCI bus\u003e on pcib1\npci1: domain=0, physical bus=1\nfound-\u003e vendor=0x10de, dev=0x002c, revid=0x15\n        domain=0, bus=1, slot=0, func=0\n        class=03-00-00, hdrtype=0x00, mfdev=0\n        cmdreg=0x0007, statreg=0x02b0, cachelnsz=0 (dwords)\n        lattimer=0x40 (1920 ns), mingnt=0x05 (1250 ns), maxlat=0x01 (250 ns)\n        intpin=a, irq=9\n        powerspec 1  supports D0 D3  current D0\n        map[10]: type Memory, range 32, base 0x40000000, size 24, enabled\npcib1: requested memory range 0x40000000-0x40ffffff: good\n        map[14]: type Prefetchable Memory, range 32, base 0x42000000, size 25, enabled\npcib1: requested memory range 0x42000000-0x43ffffff: good\npcib0: matched entry for 0.1.INTA (src \\\\_SB_.LNKC:0)\npcib0: slot 1 INTA routed to irq 9 via \\\\_SB_.LNKC\npcib1: slot 0 INTA is routed to irq 9\nvgapci0: \u003cVGA-compatible display\u003e mem 0x40000000-0x40ffffff,0x42000000-0x43ffffff irq 9 at device 0.0 on pci1\nfxp0: \u003cIntel 82559 Pro/100 Ethernet\u003e port 0x1400-0x143f mem 0x48200000-0x48200fff,0x48100000-0x481fffff irq 11 at device 16.0 on pci0\nfxp0: Reserved 0x1000 bytes for rid 0x10 type 3 at 0x48200000\nfxp0: using memory space register mapping\nfxp0: PCI IDs: 8086 1229 8086 000b 0008\nfxp0: Dynamic Standby mode is disabled\nmiibus0: \u003cMII bus\u003e on fxp0\ninphy0: \u003ci82555 10/100 media interface\u003e PHY 1 on miibus0\ninphy0:  10baseT, 10baseT-FDX, 100baseTX, 100baseTX-FDX, auto\nfxp0: bpf attached\nfxp0: Ethernet address: 00:07:e9:1a:d1:f8\nfxp0: [MPSAFE]\nfxp0: [ITHREAD]\nisab0: \u003cPCI-ISA bridge\u003e at device 20.0 on pci0\nisa0: \u003cISA bus\u003e on isab0\natapci0: \u003cIntel PIIX4 UDMA33 controller\u003e port 0x1f0-0x1f7,0x3f6,0x170-0x177,0x376,0x1460-0x146f at device 20.1 on pci0\natapci0: Reserved 0x10 bytes for rid 0x20 type 4 at 0x1460\nata0: \u003cATA channel 0\u003e on atapci0\natapci0: Reserved 0x8 bytes for rid 0x10 type 4 at 0x1f0\natapci0: Reserved 0x1 bytes for rid 0x14 type 4 at 0x3f6\nata0: reset tp1 mask=03 ostat0=50 ostat1=00\nata0: stat0=0x80 err=0x80 lsb=0x80 msb=0x80\nata0: stat0=0x50 err=0x01 lsb=0x00 msb=0x00\nata0: stat1=0x00 err=0x01 lsb=0x14 msb=0xeb\nata0: reset tp2 stat0=50 stat1=00 devices=0x9\u003cATAPI_SLAVE,ATA_MASTER\u003e\nata0: [MPSAFE]\nata0: [ITHREAD]\nata1: \u003cATA channel 1\u003e on atapci0\natapci0: Reserved 0x8 bytes for rid 0x18 type 4 at 0x170\natapci0: Reserved 0x1 bytes for rid 0x1c type 4 at 0x376\nata1: reset tp1 mask=03 ostat0=00 ostat1=00\nata1: stat0=0x00 err=0x00 lsb=0x00 msb=0x00\nata1: stat1=0x00 err=0x00 lsb=0x00 msb=0x00\nata1: reset tp2 stat0=00 stat1=00 devices=0x0\nata1: [MPSAFE]\nata1: [ITHREAD]\nuhci0: \u003cIntel 82371AB/EB (PIIX4) USB controller\u003e port 0x1440-0x145f irq 11 at device 20.2 on pci0\nuhci0: Reserved 0x20 bytes for rid 0x20 type 4 at 0x1440\nuhci0: [GIANT-LOCKED]\nuhci0: [ITHREAD]\nusb0: \u003cIntel 82371AB/EB (PIIX4) USB controller\u003e on uhci0\nusb0: USB revision 1.0\nuhub0: \u003cIntel UHCI root hub, class 9/0, rev 1.00/1.00, addr 1\u003e on usb0\nuhub0: 2 ports with 2 removable, self powered\npci0: \u003cbridge\u003e at device 20.3 (no driver attached)\nacpi_button0: \u003cPower Button\u003e on acpi0\nspeaker0: \u003cPC speaker\u003e port 0x61 on acpi0\npsmcpnp0: \u003cPS/2 mouse port\u003e irq 12 on acpi0\natkbdc0: \u003cKeyboard controller (i8042)\u003e port 0x60,0x64 irq 1 on acpi0\natkbd0: \u003cAT Keyboard\u003e irq 1 on atkbdc0\natkbd: the current kbd controller command byte 0047\natkbd: keyboard ID 0x41ab (2)\nkbd0 at atkbd0\nkbd0: atkbd0, AT 101/102 (2), config:0x0, flags:0x3d0000\natkbd0: [GIANT-LOCKED]\natkbd0: [ITHREAD]\npsm0: current command byte:0047\npsm0: \u003cPS/2 Mouse\u003e irq 12 on atkbdc0\npsm0: [GIANT-LOCKED]\npsm0: [ITHREAD]\npsm0: model NetMouse/NetScroll Optical, device ID 0-00, 3 buttons\npsm0: config:00000000, flags:00000008, packet size:4\npsm0: syncmask:08, syncbits:00\nsio0: irq maps: 0x1 0x11 0x1 0x1\nsio0: irq maps: 0x1 0x11 0x1 0x1\nsio0: \u003cStandard PC COM port\u003e port 0x3f8-0x3ff irq 4 flags 0x10 on acpi0\nsio0: type 16550A\nsio0: [FILTER]\nsio1: irq maps: 0x1 0x9 0x1 0x1\nsio1: irq maps: 0x1 0x9 0x1 0x1\nsio1: \u003cStandard PC COM port\u003e port 0x2f8-0x2ff irq 3 on acpi0\nsio1: type 16550A\nsio1: [FILTER]\nfdc0: \u003cfloppy drive controller\u003e port 0x3f2-0x3f7,0 irq 6 drq 2 on acpi0\nfdc0: No FDOUT register!\ndevice_attach: fdc0 attach returned 6\ncpu0: \u003cACPI CPU\u003e on acpi0\ncpu0: switching to generic Cx mode\nacpi_throttle0: \u003cACPI CPU Throttling\u003e on cpu0\nacpi_throttle0: P_CNT from P_BLK 0xf810\nfdc0: \u003cfloppy drive controller\u003e port 0x3f2-0x3f7,0 irq 6 drq 2 on acpi0\nfdc0: No FDOUT register!\ndevice_attach: fdc0 attach returned 6\nunknown: status reg test failed ff\nunknown: status reg test failed ff\nunknown: status reg test failed ff\nunknown: status reg test failed ff\nunknown: status reg test failed ff\nunknown: status reg test failed ff\nex_isa_identify()\nata: ata0 already exists; skipping it\nata: ata1 already exists; skipping it\natkbdc: atkbdc0 already exists; skipping it\nfdc: fdc0 already exists; skipping it\nsio: sio0 already exists; skipping it\nsio: sio1 already exists; skipping it\npnp_identify: Trying Read_Port at 203\npnp_identify: Trying Read_Port at 243\npnp_identify: Trying Read_Port at 283\npnp_identify: Trying Read_Port at 2c3\npnp_identify: Trying Read_Port at 303\npnp_identify: Trying Read_Port at 343\npnp_identify: Trying Read_Port at 383\npnp_identify: Trying Read_Port at 3c3\nPNP Identify complete\nsc: sc0 already exists; skipping it\nvga: vga0 already exists; skipping it\nisa_probe_children: disabling PnP devices\nisa_probe_children: probing non-PnP devices\npmtimer0 on isa0\norm0: \u003cISA Option ROMs\u003e at iomem 0xc0000-0xcffff,0xe0000-0xe7fff pnpid ORM0000 on isa0\nadv0: not probed (disabled)\naha0: not probed (disabled)\naic0: not probed (disabled)\nbt0: not probed (disabled)\ncs0: not probed (disabled)\ned0: not probed (disabled)\nfe0: not probed (disabled)\nie0: not probed (disabled)\nle0: not probed (disabled)\nppc0: parallel port found at 0x378\nppc0: using extended I/O port range\nppc0: ECP SPP ECP+EPP SPP\nppc0: \u003cParallel port\u003e at port 0x378-0x37f irq 7 on isa0\nppc0: SMC-like chipset (ECP/EPP/PS2/NIBBLE) in COMPATIBLE mode\nppc0: FIFO with 16/16/8 bytes threshold\nppbus0: \u003cParallel port bus\u003e on ppc0\nppbus0: [MPSAFE]\nppbus0: [ITHREAD]\nplip0: \u003cPLIP network interface\u003e on ppbus0\nplip0: WARNING: using obsoleted IFF_NEEDSGIANT flag\nplip0: bpf attached\nlpt0: \u003cPrinter\u003e on ppbus0\nlpt0: Interrupt-driven port\nppi0: \u003cParallel I/O\u003e on ppbus0\nppc0: [GIANT-LOCKED]\nppc0: [ITHREAD]\nsc0: \u003cSystem console\u003e at flags 0x100 on isa0\nsc0: VGA \u003c16 virtual consoles, flags=0x300\u003e\nsc0: fb0, kbd1, terminal emulator: sc (syscons terminal)\nsio2: not probed (disabled)\nsio3: not probed (disabled)\nsn0: not probed (disabled)\nvga0: \u003cGeneric ISA VGA\u003e at port 0x3c0-0x3df iomem 0xa0000-0xbffff on isa0\nvt0: not probed (disabled)\nisa_probe_children: probing PnP devices\numass0: \u003cJetFlash Mass Storage Device, class 0/0, rev 2.00/1.41, addr 2\u003e on uhub0\numass0:0:0:-1: Attached to scbus0\nDevice configuration finished.\nprocfs registered\nTimecounter \"TSC\" frequency 398271524 Hz quality 800\nTimecounters tick every 1.000 msec\nvlan: initialized, using hash tables with chaining\nipfw2 (+ipv6) initialized, divert loadable, nat loadable, rule-based forwarding disabled, default to deny, logging disabled\nlo0: bpf attached\nhptrr: no controller detected.\nata0-slave: pio=PIO4 wdma=WDMA2 udma=UDMA66 cable=80 wire\nata0-master: pio=PIO4 wdma=WDMA2 udma=UDMA100 cable=80 wire\nad0: setting PIO4 on PIIX4 chip\nad0: setting UDMA33 on PIIX4 chip\nad0: 19092MB \u003cSeagate ST320011A 3.21\u003e at ata0-master UDMA33\nad0: 39102336 sectors [41378C/15H/63S] 16 sectors/interrupt 1 depth queue\nGEOM: new disk ad0\nad0: Intel check1 failed\nad0: Adaptec check1 failed\nad0: LSI (v3) check1 failed\nad0: LSI (v2) check1 failed\nad0: FreeBSD check1 failed\nacd0: setting PIO4 on PIIX4 chip\nacd0: setting UDMA33 on PIIX4 chip\nacd0: \u003cPIONEER DVD-RW DVR-110D/1.17\u003e DVDR drive at ata0 as slave\nacd0: read 6890KB/s (6890KB/s) write 5511KB/s (6890KB/s), 2000KB buffer, UDMA33\nacd0: Reads: CDR, CDRW, CDDA stream, DVDROM, DVDR, DVDRAM, packet\nacd0: Writes: CDR, CDRW, DVDR, test write, burnproof\nacd0: Audio: play, 256 volume levels\nacd0: Mechanism: ejectable tray, unlocked\nacd0: Medium: no/blank disc\n(probe0:umass-sim0:0:0:0): TEST UNIT READY. CDB: 0 0 0 0 0 0 \n(probe0:umass-sim0:0:0:0): CAM Status: SCSI Status Error\n(probe0:umass-sim0:0:0:0): SCSI Status: Check Condition\n(probe0:umass-sim0:0:0:0): UNIT ATTENTION asc:28,0\n(probe0:umass-sim0:0:0:0): Not ready to ready change, medium may have changed\n(probe0:umass-sim0:0:0:0): (probe0:umass-sim0:0:0:0): TEST UNIT READY. CDB: 0 0 0 0 0 0 \n(probe0:umass-sim0:0:0:0): UNIT ATTENTION asc:28,0\n(probe0:umass-sim0:0:0:0): Not ready to ready change, medium may have changed\nRetrying Command (per Sense Data)\n(probe0:umass-sim0:0:0:0): Retrying Command\nGEOM: new disk da0\npass0 at umass-sim0 bus 0 target 0 lun 0\npass0: \u003cJetFlash TS4GJF185 8.07\u003e Removable Direct Access SCSI-2 device \npass0: 1.000MB/s transfers\nATA PseudoRAID loaded\nda0 at umass-sim0 bus 0 target 0 lun 0\nda0: \u003cJetFlash TS4GJF185 8.07\u003e Removable Direct Access SCSI-2 device \nda0: 1.000MB/s transfers\nda0: 3911MB (8011774 512 byte sectors: 255H 63S/T 498C)\nTrying to mount root from ufs:/dev/ad0s2a\nstart_init: trying /sbin/init\ntun0: bpf attached\nWARNING: attempt to net_add_domain(netgraph) after domainfinalize()\n====================================================================\n\n=========== pciconf-lcbv.slot4 =====================================\nhostb0@pci0:0:0:0:      class=0x060000 card=0x00000000 chip=0x71908086 rev=0x03 hdr=0x00\n    vendor     = 'Intel Corporation'\n    device     = '82443BX/ZX 440BX/ZX CPU to PCI Bridge (AGP Implemented)'\n    class      = bridge\n    subclass   = HOST-PCI\n    bar   [10] = type Prefetchable Memory, range 32, base 0x44000000, size 67108864, enabled\n    cap 02[a0] = AGP 2x 1x SBA disabled\npcib1@pci0:0:1:0:       class=0x060400 card=0x00000000 chip=0x71918086 rev=0x03 hdr=0x01\n    vendor     = 'Intel Corporation'\n    device     = '440BX/ZX AGPset PCI-to-PCI bridge (82443BX/ZX)'\n    class      = bridge\n    subclass   = PCI-PCI\nfxp0@pci0:0:16:0:       class=0x020000 card=0x000b8086 chip=0x12298086 rev=0x08 hdr=0x00\n    vendor     = 'Intel Corporation'\n    device     = '82550/1/7/8/9 EtherExpress PRO/100(B) Ethernet Adapter'\n    class      = network\n    subclass   = ethernet\n    bar   [10] = type Memory, range 32, base 0x48200000, size 4096, enabled\n    bar   [14] = type I/O Port, range 32, base 0x1400, size 64, enabled\n    bar   [18] = type Memory, range 32, base 0x48100000, size 1048576, enabled\n    cap 01[dc] = powerspec 2  supports D0 D1 D2 D3  current D0\nisab0@pci0:0:20:0:      class=0x060100 card=0x00000000 chip=0x71108086 rev=0x02 hdr=0x00\n    vendor     = 'Intel Corporation'\n    device     = 'PIIX4/4E/4M ISBridgeA  (82371AB/EB/MB)'\n    class      = bridge\n    subclass   = PCI-ISA\natapci0@pci0:0:20:1:    class=0x010180 card=0x00000000 chip=0x71118086 rev=0x01 hdr=0x00\n    vendor     = 'Intel Corporation'\n    device     = 'PIIX4/4E/4M IDE Controller (82371AB/EB/MB)'\n    class      = mass storage\n    subclass   = ATA\n    bar   [20] = type I/O Port, range 32, base 0x1460, size 16, enabled\nuhci0@pci0:0:20:2:      class=0x0c0300 card=0x00000000 chip=0x71128086 rev=0x01 hdr=0x00\n    vendor     = 'Intel Corporation'\n    device     = 'PIIX4/4E/4M USB Interface (82371AB/EB/MB)'\n    class      = serial bus\n    subclass   = USB\n    bar   [20] = type I/O Port, range 32, base 0x1440, size 32, enabled\nnone0@pci0:0:20:3:      class=0x068000 card=0x00000000 chip=0x71138086 rev=0x02 hdr=0x00\n    vendor     = 'Intel Corporation'\n    device     = 'PIIX4/4E/4M Power Management Controller (82371AB/EB/MB)'\n    class      = bridge\nvgapci0@pci0:1:0:0:     class=0x030000 card=0x00000000 chip=0x002c10de rev=0x15 hdr=0x00\n    vendor     = 'Nvidia Corp'\n    device     = 'VANTA / VANTA LT [NVVANTA]'\n    class      = display\n    subclass   = VGA\n    bar   [10] = type Memory, range 32, base 0x40000000, size 16777216, enabled\n    bar   [14] = type Prefetchable Memory, range 32, base 0x42000000, size 33554432, enabled\n    cap 01[60] = powerspec 1  supports D0 D3  current D0\n    cap 02[44] = AGP 4x 2x 1x disabled\n====================================================================\n\n-- \nBest regards,\n kvas                            mailto:kvas@bf.pstu.ac.ru"
}