{
 "id": 1180087,
 "bug_id": 258777,
 "attachment_id": 0,
 "creation_time": "2021-09-29T12:14:50Z",
 "creator": "zsolty_szasz@yahoo.com",
 "text": "Hi,\n\nWhen I am deleting large files (ex. a 8GB mkv file) then system is freezing for minutes. Networking also drops to kilobytes per seconds, too. Have to wait for minutes to be able to login by ssh. 'top' shows no problem like big cpu usage. Please help!\n\nHere is my config:\n\nroot@ryzen:~ # gpart list\nGeom name: nvd0\nmodified: false\nstate: OK\nfwheads: 255\nfwsectors: 63\nlast: 1953525127\nfirst: 40\nentries: 128\nscheme: GPT\nProviders:\n1. Name: nvd0p1\n   Mediasize: 524288 (512K)\n   Sectorsize: 512\n   Stripesize: 0\n   Stripeoffset: 20480\n   Mode: r0w0e0\n   efimedia: HD(1,GPT,a0299b2f-2c53-11eb-84dc-002481816452,0x28,0x400)\n   rawuuid: a0299b2f-2c53-11eb-84dc-002481816452\n   rawtype: 83bd6b9d-7f41-11dc-be0b-001560b84f0f\n   label: (null)\n   length: 524288\n   offset: 20480\n   type: freebsd-boot\n   index: 1\n   end: 1063\n   start: 40\n2. Name: nvd0p2\n   Mediasize: 8589934592 (8.0G)\n   Sectorsize: 512\n   Stripesize: 0\n   Stripeoffset: 544768\n   Mode: r1w1e0\n   efimedia: HD(2,GPT,c706b84e-2c53-11eb-84dc-002481816452,0x428,0x1000000)\n   rawuuid: c706b84e-2c53-11eb-84dc-002481816452\n   rawtype: 516e7cb5-6ecf-11d6-8ff8-00022d09712b\n   label: freebsd-swap\n   length: 8589934592\n   offset: 544768\n   type: freebsd-swap\n   index: 2\n   end: 16778279\n   start: 1064\n3. Name: nvd0p3\n   Mediasize: 991614386176 (924G)\n   Sectorsize: 512\n   Stripesize: 0\n   Stripeoffset: 8590479360\n   Mode: r1w1e1\n   efimedia: HD(3,GPT,d7ca9b72-2c53-11eb-84dc-002481816452,0x1000428,0x73706960)\n   rawuuid: d7ca9b72-2c53-11eb-84dc-002481816452\n   rawtype: 516e7cb6-6ecf-11d6-8ff8-00022d09712b\n   label: freebsd-ufs\n   length: 991614386176\n   offset: 8590479360\n   type: freebsd-ufs\n   index: 3\n   end: 1953525127\n   start: 16778280\nConsumers:\n1. Name: nvd0\n   Mediasize: 1000204886016 (932G)\n   Sectorsize: 512\n   Mode: r2w2e3\n\nroot@ryzen:~ # tunefs -p /dev/nvd0p3\ntunefs: POSIX.1e ACLs: (-a)                                disabled\ntunefs: NFSv4 ACLs: (-N)                                   disabled\ntunefs: MAC multilabel: (-l)                               disabled\ntunefs: soft updates: (-n)                                 enabled\ntunefs: soft update journaling: (-j)                       disabled\ntunefs: gjournal: (-J)                                     disabled\ntunefs: trim: (-t)                                         enabled\ntunefs: maximum blocks per file in a cylinder group: (-e)  4096\ntunefs: average file size: (-f)                            16384\ntunefs: average number of files in a directory: (-s)       64\ntunefs: minimum percentage of free space: (-m)             8%\ntunefs: space to hold for metadata blocks: (-k)            6408\ntunefs: optimization preference: (-o)                      time\ntunefs: volume label: (-L)                                 root\n\nroot@ryzen:~ # uname -v\nFreeBSD 14.0-CURRENT #0 main-n248992-9fae4766695: Sun Aug 29 10:23:52 EEST 2021     root@ryzen:/usr/obj/usr/src/amd64.amd64/sys/GENERIC\n\nroot@ryzen:~ # dmesg\n---\u003c\u003cBOOT\u003e\u003e---\nCopyright (c) 1992-2021 The FreeBSD Project.\nCopyright (c) 1979, 1980, 1983, 1986, 1988, 1989, 1991, 1992, 1993, 1994\n        The Regents of the University of California. All rights reserved.\nFreeBSD is a registered trademark of The FreeBSD Foundation.\nFreeBSD 14.0-CURRENT #0 main-n248992-9fae4766695: Sun Aug 29 10:23:52 EEST 2021\n    root@ryzen:/usr/obj/usr/src/amd64.amd64/sys/GENERIC amd64\nFreeBSD clang version 12.0.1 (git@github.com:llvm/llvm-project.git llvmorg-12.0.1-0-gfed41342a82f)\nWARNING: WITNESS option enabled, expect reduced performance.\nVT(vga): text 80x25\nCPU: AMD Ryzen 5 2400GE with Radeon Vega Graphics    (3194.07-MHz K8-class CPU)\n  Origin=\"AuthenticAMD\"  Id=0x810f10  Family=0x17  Model=0x11  Stepping=0\n  Features=0x178bfbff\u003cFPU,VME,DE,PSE,TSC,MSR,PAE,MCE,CX8,APIC,SEP,MTRR,PGE,MCA,CMOV,PAT,PSE36,CLFLUSH,MMX,FXSR,SSE,SSE2,HTT\u003e\n  Features2=0x7ed8320b\u003cSSE3,PCLMULQDQ,MON,SSSE3,FMA,CX16,SSE4.1,SSE4.2,MOVBE,POPCNT,AESNI,XSAVE,OSXSAVE,AVX,F16C,RDRAND\u003e\n  AMD Features=0x2e500800\u003cSYSCALL,NX,MMX+,FFXSR,Page1GB,RDTSCP,LM\u003e\n  AMD Features2=0x35c233ff\u003cLAHF,CMP,SVM,ExtAPIC,CR8,ABM,SSE4A,MAS,Prefetch,OSVW,SKINIT,WDT,TCE,Topology,PCXC,PNXC,DBE,PL2I,MWAITX\u003e\n  Structured Extended Features=0x209c01a9\u003cFSGSBASE,BMI1,AVX2,SMEP,BMI2,RDSEED,ADX,SMAP,CLFLUSHOPT,SHA\u003e\n  XSAVE Features=0xf\u003cXSAVEOPT,XSAVEC,XINUSE,XSAVES\u003e\n  AMD Extended Feature Extensions ID EBX=0x1007\u003cCLZERO,IRPerf,XSaveErPtr,IBPB\u003e\n  SVM: (disabled in BIOS) NP,NRIP,VClean,AFlush,DAssist,NAsids=32768\n  TSC: P-state invariant, performance statistics\nreal memory  = 8589934592 (8192 MB)\navail memory = 6076522496 (5795 MB)\nEvent timer \"LAPIC\" quality 600\nACPI APIC Table: \u003cALASKA A M I\u003e\nFreeBSD/SMP: Multiprocessor System Detected: 8 CPUs\nFreeBSD/SMP: 1 package(s) x 4 core(s) x 2 hardware threads\nrandom: registering fast source Intel Secure Key RNG\nrandom: fast provider: \"Intel Secure Key RNG\"\nrandom: unblocking device.\nioapic0 \u003cVersion 2.1\u003e irqs 0-23\nioapic1 \u003cVersion 2.1\u003e irqs 24-55\nLaunching APs: 5 4 1 6 7 2 3\nTimecounter \"TSC-low\" frequency 1597032864 Hz quality 1000\nCuse v0.1.36 @ /dev/cuse\nrandom: entropy device external interface\nkbd1 at kbdmux0\nvtvga0: \u003cVT VGA driver\u003e\nsmbios0: \u003cSystem Management BIOS\u003e at iomem 0xf05d0-0xf05ee\nsmbios0: Version: 3.2, BCD Revision: 3.2\naesni0: \u003cAES-CBC,AES-CCM,AES-GCM,AES-ICM,AES-XTS,SHA1,SHA256\u003e\nacpi0: \u003cALASKA A M I\u003e\nacpi0: Power Button (fixed)\ncpu0: \u003cACPI CPU\u003e on acpi0\nattimer0: \u003cAT timer\u003e port 0x40-0x43 irq 0 on acpi0\nTimecounter \"i8254\" frequency 1193182 Hz quality 0\nEvent timer \"i8254\" frequency 1193182 Hz quality 100\natrtc0: \u003cAT realtime clock\u003e port 0x70-0x71 on acpi0\natrtc0: registered as a time-of-day clock, resolution 1.000000s\nEvent timer \"RTC\" frequency 32768 Hz quality 0\nhpet0: \u003cHigh Precision Event Timer\u003e iomem 0xfed00000-0xfed003ff irq 0,8 on acpi0\nTimecounter \"HPET\" frequency 14318180 Hz quality 950\nEvent timer \"HPET\" frequency 14318180 Hz quality 350\nEvent timer \"HPET1\" frequency 14318180 Hz quality 350\nEvent timer \"HPET2\" frequency 14318180 Hz quality 350\nTimecounter \"ACPI-safe\" frequency 3579545 Hz quality 850\nacpi_timer0: \u003c32-bit timer at 3.579545MHz\u003e port 0x808-0x80b on acpi0\npcib0: \u003cACPI Host-PCI bridge\u003e port 0xcf8-0xcff on acpi0\npci0: \u003cACPI PCI bus\u003e on pcib0\namdsmn0: \u003cAMD Family 17h System Management Network\u003e on hostb0\namdtemp0: \u003cAMD CPU On-Die Thermal Sensors\u003e on hostb0\npci0: \u003cbase peripheral, IOMMU\u003e at device 0.2 (no driver attached)\npcib1: \u003cACPI PCI-PCI bridge\u003e at device 1.1 on pci0\npci1: \u003cACPI PCI bus\u003e on pcib1\nem0: \u003cIntel(R) PRO/1000 PT 82571EB/82571GB (Copper)\u003e port 0xf020-0xf03f mem 0xfcfa0000-0xfcfbffff,0xfcf80000-0xfcf9ffff irq 24 at device 0.0 on pci1\nem0: Using 1024 TX descriptors and 1024 RX descriptors\nem0: Using an MSI interrupt\nem0: Ethernet address: 00:24:81:81:64:52\nem0: netmap queues/slots: TX 1/1024, RX 1/1024\nem1: \u003cIntel(R) PRO/1000 PT 82571EB/82571GB (Copper)\u003e port 0xf000-0xf01f mem 0xfcf40000-0xfcf5ffff,0xfcf20000-0xfcf3ffff irq 25 at device 0.1 on pci1\nem1: Using 1024 TX descriptors and 1024 RX descriptors\nem1: Using an MSI interrupt\nem1: Ethernet address: 00:24:81:81:64:53\nem1: netmap queues/slots: TX 1/1024, RX 1/1024\npcib2: \u003cACPI PCI-PCI bridge\u003e at device 1.2 on pci0\npci2: \u003cACPI PCI bus\u003e on pcib2\nxhci0: \u003cXHCI (generic) USB 3.0 controller\u003e mem 0xfcda0000-0xfcda7fff irq 28 at device 0.0 on pci2\nxhci0: 32 bytes context size, 64-bit DMA\nusbus0 on xhci0\nusbus0: 5.0Gbps Super Speed USB v3.0\nahci0: \u003cAHCI SATA controller\u003e mem 0xfcd80000-0xfcd9ffff irq 29 at device 0.1 on pci2\nahci0: AHCI v1.31 with 8 6Gbps ports, Port Multiplier supported\nahcich0: \u003cAHCI channel\u003e at channel 0 on ahci0\nahcich1: \u003cAHCI channel\u003e at channel 1 on ahci0\nahcich4: \u003cAHCI channel\u003e at channel 4 on ahci0\nahcich5: \u003cAHCI channel\u003e at channel 5 on ahci0\npcib3: \u003cACPI PCI-PCI bridge\u003e irq 30 at device 0.2 on pci2\npci3: \u003cACPI PCI bus\u003e on pcib3\npcib4: \u003cACPI PCI-PCI bridge\u003e irq 28 at device 0.0 on pci3\npci4: \u003cACPI PCI bus\u003e on pcib4\npcib5: \u003cACPI PCI-PCI bridge\u003e irq 29 at device 1.0 on pci3\npci5: \u003cACPI PCI bus\u003e on pcib5\npcib6: \u003cACPI PCI-PCI bridge\u003e irq 28 at device 4.0 on pci3\npci6: \u003cACPI PCI bus\u003e on pcib6\npcib7: \u003cACPI PCI-PCI bridge\u003e irq 29 at device 5.0 on pci3\npci7: \u003cACPI PCI bus\u003e on pcib7\nath0: \u003cAtheros AR938x\u003e mem 0xfcc00000-0xfcc1ffff irq 29 at device 0.0 on pci7\nar9300_flash_map: unimplemented for now\nRestoring Cal data from DRAM\nRestoring Cal data from EEPROM\nar9300_hw_attach: ar9300_eeprom_attach returned 0\nath0: [HT] enabling HT modes\nath0: [HT] enabling short-GI in 20MHz mode\nath0: [HT] 1 stream STBC receive enabled\nath0: [HT] 1 stream STBC transmit enabled\nath0: [HT] LDPC transmit/receive enabled\nath0: [HT] 3 RX streams; 3 TX streams\nath0: AR9380 mac 448.3 RF5110 phy 0.0\nath0: 2GHz radio: 0x0000; 5GHz radio: 0x0000\npcib8: \u003cACPI PCI-PCI bridge\u003e irq 30 at device 6.0 on pci3\npci8: \u003cACPI PCI bus\u003e on pcib8\npcib9: \u003cACPI PCI-PCI bridge\u003e irq 31 at device 7.0 on pci3\npci9: \u003cACPI PCI bus\u003e on pcib9\nre0: \u003cRealTek 8168/8111 B/C/CP/D/DP/E/F/G PCIe Gigabit Ethernet\u003e port 0xe000-0xe0ff mem 0xfcb04000-0xfcb04fff,0xfcb00000-0xfcb03fff irq 31 at device 0.0 on pci9\nre0: Using 1 MSI-X message\nre0: Chip rev. 0x54000000\nre0: MAC rev. 0x00100000\nmiibus0: \u003cMII bus\u003e on re0\nrgephy0: \u003cRTL8251/8153 1000BASE-T media interface\u003e PHY 1 on miibus0\nrgephy0:  none, 10baseT, 10baseT-FDX, 10baseT-FDX-flow, 100baseTX, 100baseTX-FDX, 100baseTX-FDX-flow, 1000baseT-FDX, 1000baseT-FDX-master, 1000baseT-FDX-flow, 1000baseT-FDX-flow-master, auto, auto-flow\nre0: Using defaults for TSO: 65518/35/2048\nre0: Ethernet address: b4:2e:99:62:8b:ca\nre0: netmap queues/slots: TX 1/256, RX 1/256\npcib10: \u003cACPI PCI-PCI bridge\u003e at device 1.3 on pci0\npci10: \u003cACPI PCI bus\u003e on pcib10\nnvme0: \u003cGeneric NVMe Device\u003e mem 0xfce00000-0xfce03fff irq 32 at device 0.0 on pci10\npcib11: \u003cACPI PCI-PCI bridge\u003e at device 8.1 on pci0\npci11: \u003cACPI PCI bus\u003e on pcib11\nvgapci0: \u003cVGA-compatible display\u003e port 0xd000-0xd0ff mem 0xe0000000-0xefffffff,0xf0000000-0xf01fffff,0xfca00000-0xfca7ffff irq 52 at device 0.0 on pci11\nvgapci0: Boot video device\nhdac0: \u003cATI (0x15de) HDA Controller\u003e mem 0xfca80000-0xfca83fff irq 53 at device 0.1 on pci11\npci11: \u003cencrypt/decrypt\u003e at device 0.2 (no driver attached)\nxhci1: \u003cXHCI (generic) USB 3.0 controller\u003e mem 0xfc800000-0xfc8fffff irq 55 at device 0.3 on pci11\nxhci1: 64 bytes context size, 64-bit DMA\nusbus1 on xhci1\nusbus1: 5.0Gbps Super Speed USB v3.0\nxhci2: \u003cXHCI (generic) USB 3.0 controller\u003e mem 0xfc700000-0xfc7fffff irq 52 at device 0.4 on pci11\nxhci2: 64 bytes context size, 64-bit DMA\nusbus2 on xhci2\nusbus2: 5.0Gbps Super Speed USB v3.0\nisab0: \u003cPCI-ISA bridge\u003e at device 20.3 on pci0\nisa0: \u003cISA bus\u003e on isab0\nacpi_button0: \u003cPower Button\u003e on acpi0\nacpi_tz0: \u003cThermal Zone\u003e on acpi0\nvga0: \u003cGeneric ISA VGA\u003e at port 0x3c0-0x3df iomem 0xa0000-0xbffff pnpid PNP0900 on isa0\natkbdc0: \u003cKeyboard controller (i8042)\u003e at port 0x60,0x64 on isa0\natkbd0: \u003cAT Keyboard\u003e irq 1 on atkbdc0\nkbd0 at atkbd0\natkbd0: [GIANT-LOCKED]\natkbdc0: non-PNP ISA device will be removed from GENERIC in FreeBSD 14.\nhwpstate0: \u003cCool`n'Quiet 2.0\u003e on cpu0\nTimecounters tick every 1.000 msec\nugen1.1: \u003c0x1022 XHCI root HUB\u003e at usbus1\nuhub0 on usbus1\nuhub0: \u003c0x1022 XHCI root HUB, class 9/0, rev 3.00/1.00, addr 1\u003e on usbus1\nugen0.1: \u003c0x1022 XHCI root HUB\u003e at usbus0\nugen2.1: \u003c0x1022 XHCI root HUB\u003e at usbus2\nuhub1 on usbus0\nuhub2 on usbus2\nuhub1: \u003c0x1022 XHCI root HUB, class 9/0, rev 3.00/1.00, addr 1\u003e on usbus0\nuhub2: \u003c0x1022 XHCI root HUB, class 9/0, rev 3.00/1.00, addr 1\u003e on usbus2\nnvd0: \u003cKINGSTON SA2000M81000G\u003e NVMe namespace\nnvd0: 953869MB (1953525168 512 byte sectors)\nhdacc0: \u003cATI R6xx HDA CODEC\u003e at cad 0 on hdac0\nhdaa0: \u003cATI R6xx Audio Function Group\u003e at nid 1 on hdacc0\npcm0: \u003cATI R6xx (HDMI)\u003e at nid 3 on hdaa0\npcm1: \u003cATI R6xx (HDMI)\u003e at nid 5 on hdaa0\npcm2: \u003cATI R6xx (HDMI)\u003e at nid 7 on hdaa0\npcm3: \u003cATI R6xx (HDMI)\u003e at nid 9 on hdaa0\nTrying to mount root from ufs:/dev/nvd0p3 [rw]...\nWARNING: WITNESS option enabled, expect reduced performance.\nuhub2: 2 ports with 2 removable, self powered\nuhub0: 8 ports with 8 removable, self powered\n[drm] amdgpu kernel modesetting enabled.\ndrmn0: \u003cdrmn\u003e on vgapci0\nvgapci0: child drmn0 requested pci_enable_io\nvgapci0: child drmn0 requested pci_enable_io\nsysctl_warn_reuse: can't re-use a leaf (hw.dri.debug)!\n[drm] initializing kernel modesetting (RAVEN 0x1002:0x15DD 0x1002:0x15DD 0xC9).\n[drm] register mmio base: 0xFCA00000\n[drm] register mmio size: 524288\n[drm] add ip block number 0 \u003csoc15_common\u003e\n[drm] add ip block number 1 \u003cgmc_v9_0\u003e\n[drm] add ip block number 2 \u003cvega10_ih\u003e\n[drm] add ip block number 3 \u003cpsp\u003e\n[drm] add ip block number 4 \u003cgfx_v9_0\u003e\n[drm] add ip block number 5 \u003csdma_v4_0\u003e\n[drm] add ip block number 6 \u003cpowerplay\u003e\n[drm] add ip block number 7 \u003cdm\u003e\n[drm] add ip block number 8 \u003cvcn_v1_0\u003e\ndrmn0: successfully loaded firmware image 'amdgpu/raven_gpu_info.bin'\n[drm] BIOS signature incorrect 75 f\nATOM BIOS: 113-RAVEN-113\ndrmn0: successfully loaded firmware image 'amdgpu/raven_sdma.bin'\n[drm] VCN decode is enabled in VM mode\n[drm] VCN encode is enabled in VM mode\n[drm] VCN jpeg decode is enabled in VM mode\n[drm] vm size is 262144 GB, 4 levels, block size is 9-bit, fragment size is 9-bit\ndrmn0: VRAM: 2048M 0x000000F400000000 - 0x000000F47FFFFFFF (2048M used)\ndrmn0: GART: 1024M 0x0000000000000000 - 0x000000003FFFFFFF\ndrmn0: AGP: 267419648M 0x000000F800000000 - 0x0000FFFFFFFFFFFF\nSuccessfully added WC MTRR for [0xe0000000-0xefffffff]: 0;\n[drm] Detected VRAM RAM=2048M, BAR=256M\n[drm] RAM width 128bits DDR4\n[TTM] Zone  kernel: Available graphics memory: 3099278 KiB\n[TTM] Zone   dma32: Available graphics memory: 2097152 KiB\n[TTM] Initializing pool allocator\n[drm] amdgpu: 2048M of VRAM memory ready\n[drm] amdgpu: 3072M of GTT memory ready.\n[drm] GART: num cpu pages 262144, num gpu pages 262144\n[drm] PCIE GART of 1024M enabled (table at 0x000000F400900000).\ndrmn0: successfully loaded firmware image 'amdgpu/raven_asd.bin'\ndrmn0: successfully loaded firmware image 'amdgpu/raven_ta.bin'\ndrmn0: successfully loaded firmware image 'amdgpu/raven_pfp.bin'\ndrmn0: successfully loaded firmware image 'amdgpu/raven_me.bin'\ndrmn0: successfully loaded firmware image 'amdgpu/raven_ce.bin'\ndrmn0: successfully loaded firmware image 'amdgpu/raven_rlc.bin'\ndrmn0: successfully loaded firmware image 'amdgpu/raven_mec.bin'\ndrmn0: successfully loaded firmware image 'amdgpu/raven_mec2.bin'\n[drm] use_doorbell being set to: [true]\namdgpu: [powerplay] hwmgr_sw_init smu backed is smu10_smu\ndrmn0: successfully loaded firmware image 'amdgpu/raven_vcn.bin'\n[drm] Found VCN firmware Version ENC: 1.12 DEC: 2 VEP: 0 Revision: 5\n[drm] PSP loading VCN firmware\n[drm] reserve 0x400000 from 0xf47f800000 for PSP TMR\ndrmn0: RAS: ras ta ucode is not available\n[drm] DM_PPLIB: values for F clock\n[drm] DM_PPLIB:  1500000 in kHz, 4399 in mV\n[drm] DM_PPLIB: values for DCF clock\n[drm] DM_PPLIB:  300000 in kHz, 3649 in mV\n[drm] DM_PPLIB:  600000 in kHz, 3974 in mV\n[drm] DM_PPLIB:  626000 in kHz, 4174 in mV\n[drm] DM_PPLIB:  654000 in kHz, 4325 in mV\n[drm] Display Core initialized with v3.2.56!\n[drm] Connector HDMI-A-1: get mode from tunables:\n[drm]   - kern.vt.fb.modes.HDMI-A-1\n[drm]   - kern.vt.fb.default_mode\n[drm] Connector DVI-D-1: get mode from tunables:\n[drm]   - kern.vt.fb.modes.DVI-D-1\n[drm]   - kern.vt.fb.default_mode\n[drm] Connector DP-1: get mode from tunables:\n[drm]   - kern.vt.fb.modes.DP-1\n[drm]   - kern.vt.fb.default_mode\n[drm] Supports vblank timestamp caching Rev 2 (21.10.2013).\n[drm] Driver supports precise vblank timestamp query.\n[drm] VCN decode and encode initialized successfully(under SPG Mode).\nugen2.2: \u003cvendor 0x0a12 CSR8510 A10\u003e at usbus2\n[drm] fb mappable at 0xE0BCD000\n[drm] vram apper at 0xE0000000\n[drm] size 8294400\n[drm] fb depth is 24\n[drm]    pitch is 7680\nWARNING: Device \"fb\" is Giant locked and may be deleted before FreeBSD 14.0.\nVT: Replacing driver \"vga\" with new \"fb\".\ntaskqueue_drain with the following non-sleepable locks held:\nexclusive sleep mutex vtdev (vtdev) r = 0 (0xffffffff81aea368) locked @ /usr/src/sys/dev/vt/vt_core.c:3011\nstack backtrace:\n#0 0xffffffff80c95b51 at witness_debugger+0x71\n#1 0xffffffff80c96c6a at witness_warn+0x3fa\n#2 0xffffffff80c885d3 at taskqueue_drain+0x33\n#3 0xffffffff829614b3 at vt_kms_postswitch+0x73\n#4 0xffffffff80a7119d at vt_fb_init+0xfd\n#5 0xffffffff80a787f8 at vt_replace_backend+0x118\n#6 0xffffffff80a712a3 at vt_fb_attach+0x13\n#7 0xffffffff829620c5 at linux_register_framebuffer+0x535\n#8 0xffffffff82969959 at __drm_fb_helper_initial_config_and_unlock+0x419\n#9 0xffffffff82a1a726 at amdgpu_fbdev_init+0xe6\n#10 0xffffffff82a12048 at amdgpu_device_init+0x2108\n#11 0xffffffff82a255f7 at amdgpu_driver_load_kms+0x47\n#12 0xffffffff82938656 at drm_dev_register+0xc6\n#13 0xffffffff82a19ab1 at amdgpu_pci_probe+0x1d1\n#14 0xffffffff80e8f430 at linux_pci_attach_device+0x2d0\n#15 0xffffffff80c60d41 at device_attach+0x3c1\n#16 0xffffffff80c608f0 at device_probe_and_attach+0x70\n#17 0xffffffff80c627c8 at bus_generic_driver_added+0x58\nSleeping on \"tq_drain\" with the following non-sleepable locks held:\nexclusive sleep mutex vtdev (vtdev) r = 0 (0xffffffff81aea368) locked @ /usr/src/sys/dev/vt/vt_core.c:3011\nstack backtrace:\n#0 0xffffffff80c95b51 at witness_debugger+0x71\n#1 0xffffffff80c96c6a at witness_warn+0x3fa\n#2 0xffffffff80c31245 at _sleep+0x55\n#3 0xffffffff80c8869b at taskqueue_drain+0xfb\n#4 0xffffffff829614b3 at vt_kms_postswitch+0x73\n#5 0xffffffff80a7119d at vt_fb_init+0xfd\n#6 0xffffffff80a787f8 at vt_replace_backend+0x118\n#7 0xffffffff80a712a3 at vt_fb_attach+0x13\n#8 0xffffffff829620c5 at linux_register_framebuffer+0x535\n#9 0xffffffff82969959 at __drm_fb_helper_initial_config_and_unlock+0x419\n#10 0xffffffff82a1a726 at amdgpu_fbdev_init+0xe6\n#11 0xffffffff82a12048 at amdgpu_device_init+0x2108\n#12 0xffffffff82a255f7 at amdgpu_driver_load_kms+0x47\n#13 0xffffffff82938656 at drm_dev_register+0xc6\n#14 0xffffffff82a19ab1 at amdgpu_pci_probe+0x1d1\n#15 0xffffffff80e8f430 at linux_pci_attach_device+0x2d0\n#16 0xffffffff80c60d41 at device_attach+0x3c1\n#17 0xffffffff80c608f0 at device_probe_and_attach+0x70\nlock order reversal: (Giant after non-sleepable)\n 1st 0xffffffff81aea368 vtdev (vtdev, sleep mutex) @ /usr/src/sys/dev/vt/vt_core.c:3011\n 2nd 0xffffffff81a029c0 Giant (Giant, sleep mutex) @ /usr/src/sys/kern/kern_synch.c:229\nlock order Giant -\u003e vtdev established at:\n#0 0xffffffff80c94f69 at witness_checkorder+0x459\n#1 0xffffffff80c012b4 at __mtx_lock_flags+0x94\n#2 0xffffffff80a77de3 at vt_upgrade+0x363\n#3 0xffffffff80baf820 at mi_startup+0x1f0\n#4 0xffffffff80385022 at btext+0x22\nlock order vtdev -\u003e Giant attempted at:\n#0 0xffffffff80c9589f at witness_checkorder+0xd8f\n#1 0xffffffff80c012b4 at __mtx_lock_flags+0x94\n#2 0xffffffff80c3151b at _sleep+0x32b\n#3 0xffffffff80c8869b at taskqueue_drain+0xfb\n#4 0xffffffff829614b3 at vt_kms_postswitch+0x73\n#5 0xffffffff80a7119d at vt_fb_init+0xfd\n#6 0xffffffff80a787f8 at vt_replace_backend+0x118\n#7 0xffffffff80a712a3 at vt_fb_attach+0x13\n#8 0xffffffff829620c5 at linux_register_framebuffer+0x535\n#9 0xffffffff82969959 at __drm_fb_helper_initial_config_and_unlock+0x419\n#10 0xffffffff82a1a726 at amdgpu_fbdev_init+0xe6\n#11 0xffffffff82a12048 at amdgpu_device_init+0x2108\n#12 0xffffffff82a255f7 at amdgpu_driver_load_kms+0x47\n#13 0xffffffff82938656 at drm_dev_register+0xc6\n#14 0xffffffff82a19ab1 at amdgpu_pci_probe+0x1d1\n#15 0xffffffff80e8f430 at linux_pci_attach_device+0x2d0\n#16 0xffffffff80c60d41 at device_attach+0x3c1\n#17 0xffffffff80c608f0 at device_probe_and_attach+0x70\nstart FB_INFO:\ntype=11 height=1080 width=1920 depth=32\ncmsize=16 size=8294400\npbase=0xe0bcd000 vbase=0xfffff800e0bcd000\nname=drmn0 flags=0x0 stride=7680 bpp=32\ncmap[0]=0 cmap[1]=7f0000 cmap[2]=7f00 cmap[3]=c4a000\nend FB_INFO\ndrmn0: fb0: amdgpudrmfb frame buffer device\ndrmn0: ring gfx uses VM inv eng 0 on hub 0\ndrmn0: ring comp_1.0.0 uses VM inv eng 1 on hub 0\ndrmn0: ring comp_1.1.0 uses VM inv eng 4 on hub 0\ndrmn0: ring comp_1.2.0 uses VM inv eng 5 on hub 0\ndrmn0: ring comp_1.3.0 uses VM inv eng 6 on hub 0\ndrmn0: ring comp_1.0.1 uses VM inv eng 7 on hub 0\ndrmn0: ring comp_1.1.1 uses VM inv eng 8 on hub 0\ndrmn0: ring comp_1.2.1 uses VM inv eng 9 on hub 0\ndrmn0: ring comp_1.3.1 uses VM inv eng 10 on hub 0\ndrmn0: ring kiq_2.1.0 uses VM inv eng 11 on hub 0\ndrmn0: ring sdma0 uses VM inv eng 0 on hub 1\ndrmn0: ring vcn_dec uses VM inv eng 1 on hub 1\ndrmn0: ring vcn_enc0 uses VM inv eng 4 on hub 1\ndrmn0: ring vcn_enc1 uses VM inv eng 5 on hub 1\ndrmn0: ring vcn_jpeg uses VM inv eng 6 on hub 1\n[drm] Initialized amdgpu 3.36.0 20150101 for drmn0 on minor 0\nintsmb0: \u003cAMD FCH SMBus Controller\u003e at device 20.0 on pci0\nsmbus0: \u003cSystem Management Bus\u003e on intsmb0\nacpi_wmi0: \u003cACPI-WMI mapping\u003e on acpi0\nacpi_wmi0: cannot find EC device\nacpi_wmi0: Embedded MOF found\nACPI: \\134AOD.WQBA: 1 arguments were passed to a non-method ACPI object (Buffer) (20210730/nsarguments-361)\nacpi_wmi1: \u003cACPI-WMI mapping\u003e on acpi0\nacpi_wmi1: cannot find EC device\nacpi_wmi1: Embedded MOF found\nACPI: \\134GSA1.WQCC: 1 arguments were passed to a non-method ACPI object (Buffer) (20210730/nsarguments-361)\ndriver bug: Unable to set devclass (class: ppc devname: (unknown))\nCPU: AMD Ryzen 5 2400GE with Radeon Vega Graphics    (3194.07-MHz K8-class CPU)\n  Origin=\"AuthenticAMD\"  Id=0x810f10  Family=0x17  Model=0x11  Stepping=0\n  Features=0x178bfbff\u003cFPU,VME,DE,PSE,TSC,MSR,PAE,MCE,CX8,APIC,SEP,MTRR,PGE,MCA,CMOV,PAT,PSE36,CLFLUSH,MMX,FXSR,SSE,SSE2,HTT\u003e\n  Features2=0x7ed8320b\u003cSSE3,PCLMULQDQ,MON,SSSE3,FMA,CX16,SSE4.1,SSE4.2,MOVBE,POPCNT,AESNI,XSAVE,OSXSAVE,AVX,F16C,RDRAND\u003e\n  AMD Features=0x2e500800\u003cSYSCALL,NX,MMX+,FFXSR,Page1GB,RDTSCP,LM\u003e\n  AMD Features2=0x35c233ff\u003cLAHF,CMP,SVM,ExtAPIC,CR8,ABM,SSE4A,MAS,Prefetch,OSVW,SKINIT,WDT,TCE,Topology,PCXC,PNXC,DBE,PL2I,MWAITX\u003e\n  Structured Extended Features=0x209c01a9\u003cFSGSBASE,BMI1,AVX2,SMEP,BMI2,RDSEED,ADX,SMAP,CLFLUSHOPT,SHA\u003e\n  XSAVE Features=0xf\u003cXSAVEOPT,XSAVEC,XINUSE,XSAVES\u003e\n  AMD Extended Feature Extensions ID EBX=0x1007\u003cCLZERO,IRPerf,XSaveErPtr,IBPB\u003e\n  SVM: (disabled in BIOS) NP,NRIP,VClean,AFlush,DAssist,NAsids=32768\n  TSC: P-state invariant, performance statistics\nwlan0: Ethernet address: 18:d6:c7:1c:9e:de\nbridge0: Ethernet address: 58:9c:fc:10:ff:99\nuhub1: 22 ports with 22 removable, self powered\nlo0: link state changed to UP\nem1: promiscuous mode enabled\nbridge0: link state changed to UP\nwlan0: promiscuous mode enabled\nem0: link state changed to UP\ndebugnet_any_ifnet_update: Bad dn_init result from em0 (ifp 0xfffff80003abb800), ignoring.\nre0: link state changed to DOWN\npflog0: promiscuous mode enabled\nem1: link state changed to UP\nubt0 on uhub2\nubt0: \u003cvendor 0x0a12 CSR8510 A10, class 224/1, rev 2.00/88.91, addr 1\u003e on usbus2\nng0: changing name to 'rds'\nem0: link state changed to DOWN\nem0: link state changed to UP\n\nroot@ryzen:~ # smartctl -i /dev/nvme0\nsmartctl 7.2 2020-12-30 r5155 [FreeBSD 14.0-CURRENT amd64] (local build)\nCopyright (C) 2002-20, Bruce Allen, Christian Franke, www.smartmontools.org\n\n=== START OF INFORMATION SECTION ===\nModel Number:                       KINGSTON SA2000M81000G\nSerial Number:                      50026B76842D576A\nFirmware Version:                   S5Z42105\nPCI Vendor/Subsystem ID:            0x2646\nIEEE OUI Identifier:                0x0026b7\nController ID:                      1\nNVMe Version:                       1.3\nNumber of Namespaces:               1\nNamespace 1 Size/Capacity:          1,000,204,886,016 [1.00 TB]\nNamespace 1 Utilization:            474,523,889,664 [474 GB]\nNamespace 1 Formatted LBA Size:     512\nNamespace 1 IEEE EUI-64:            0026b7 6842d576a5\nLocal Time is:                      Wed Sep 29 15:12:59 2021 EEST"
}