{
 "id": 702984,
 "bug_id": 176073,
 "attachment_id": 0,
 "creation_time": "2013-02-12T16:20:00Z",
 "creator": "yvan+freebsd@redcell.ca",
 "text": "I discovered this problem while performing a routine binary upgrade from 9.0-RELEASE-p3 to 9.1-RELEASE-p0. I checked UPDATING and there were no warnings about known issues relating to my NIC.\n\nfreebsd-update -r 9.1-RELEASE upgrade\nfreebsd-update install (reboot)\nfreebsd-update install\n\nAfter the reboot my primary network interface em0 reported \"no carrier\". To make a long story short, the interface previously known as em1 was now em0 and the interface previously known as em0 was no longer enumerated.\n\nScrolling back through the console messages showed:\n\nem0: Setup of Shared code failed\ndevice_attach: em0 attach returned 6\n\npciconf -vl showed that the interface previously enumeraed as em0 was now none0\n\nI have read about other similar issues by other people in the forums, but not necessarily with my NIC (Intel Pro/1000). I think the common denominator may be the chipset. As this is a leased server in a datacentre I don't have much to go on except that it is a SuperMicro PDSBM which appears to use the Intel 946GZ\n(Lakeport-G). Perhaps something to do with a pci-related driver has changed.\n\nThe following is the console log from the first boot after upgrading.\n\nFeb  5 16:54:11 henry reboot: rebooted by yvan\nFeb  5 16:54:11 henry syslogd: exiting on signal 15\nFeb  5 16:55:37 henry syslogd: kernel boot file is /boot/kernel/kernel\nFeb  5 16:55:37 henry kernel: Copyright (c) 1992-2012 The FreeBSD Project.\nFeb  5 16:55:37 henry kernel: Copyright (c) 1979, 1980, 1983, 1986, 1988, 1989, 1991, 1992, 1993, 1994\nFeb  5 16:55:37 henry kernel: The Regents of the University of California. All rights reserved.\nFeb  5 16:55:37 henry kernel: FreeBSD is a registered trademark of The FreeBSD Foundation.\nFeb  5 16:55:37 henry kernel: FreeBSD 9.1-RELEASE #0 r243826: Tue Dec  4 06:55:39 UTC 2012\nFeb  5 16:55:37 henry kernel: root@obrian.cse.buffalo.edu:/usr/obj/usr/src/sys/GENERIC i386\nFeb  5 16:55:37 henry kernel: CPU: Intel(R) Celeron(R) CPU        E1400  @ 2.00GHz (1995.05-MHz 686-class CPU)\nFeb  5 16:55:37 henry kernel: Origin = \"GenuineIntel\"  Id = 0x6fd  Family = 6  Model = f  Stepping = 13\nFeb  5 16:55:37 henry kernel: Features=0xbfebfbff\u003cFPU,VME,DE,PSE,TSC,MSR,PAE,MCE,CX8,APIC,SEP,MTRR,PGE,MCA,CMOV,PAT,PSE36,CLFLUSH,DTS,ACPI,MMX,FXSR,SSE,SSE2,SS,HTT,TM,PBE\u003e\nFeb  5 16:55:37 henry kernel: Features2=0xe39d\u003cSSE3,DTES64,MON,DS_CPL,EST,TM2,SSSE3,CX16,xTPR,PDCM\u003e\nFeb  5 16:55:37 henry kernel: AMD Features=0x20100000\u003cNX,LM\u003e\nFeb  5 16:55:37 henry kernel: AMD Features2=0x1\u003cLAHF\u003e\nFeb  5 16:55:37 henry kernel: TSC: P-state invariant, performance statistics\nFeb  5 16:55:37 henry kernel: real memory  = 4294967296 (4096 MB)\nFeb  5 16:55:37 henry kernel: avail memory = 3131387904 (2986 MB)\nFeb  5 16:55:37 henry kernel: Event timer \"LAPIC\" quality 400\nFeb  5 16:55:37 henry kernel: ACPI APIC Table: \u003cPTLTD    APIC  \u003e\nFeb  5 16:55:37 henry kernel: FreeBSD/SMP: Multiprocessor System Detected: 2 CPUs\nFeb  5 16:55:37 henry kernel: FreeBSD/SMP: 1 package(s) x 2 core(s)\nFeb  5 16:55:37 henry kernel: cpu0 (BSP): APIC ID:  0\nFeb  5 16:55:37 henry kernel: cpu1 (AP): APIC ID:  1\nFeb  5 16:55:37 henry kernel: ioapic0 \u003cVersion 2.0\u003e irqs 0-23 on motherboard\nFeb  5 16:55:37 henry kernel: kbd1 at kbdmux0\nFeb  5 16:55:37 henry kernel: ctl: CAM Target Layer loaded\nFeb  5 16:55:37 henry kernel: acpi0: \u003cPTLTD   RSDT\u003e on motherboard\nFeb  5 16:55:37 henry kernel: acpi0: Power Button (fixed)\nFeb  5 16:55:37 henry kernel: cpu0: \u003cACPI CPU\u003e on acpi0\nFeb  5 16:55:37 henry kernel: cpu1: \u003cACPI CPU\u003e on acpi0\nFeb  5 16:55:37 henry kernel: atrtc0: \u003cAT realtime clock\u003e port 0x70-0x71 irq 8 on acpi0\nFeb  5 16:55:37 henry kernel: Event timer \"RTC\" frequency 32768 Hz quality 0\nFeb  5 16:55:37 henry kernel: attimer0: \u003cAT timer\u003e port 0x40-0x43,0x50-0x53 irq 0 on acpi0\nFeb  5 16:55:37 henry kernel: Timecounter \"i8254\" frequency 1193182 Hz quality 0\nFeb  5 16:55:37 henry kernel: Event timer \"i8254\" frequency 1193182 Hz quality 100\nFeb  5 16:55:37 henry kernel: Timecounter \"ACPI-fast\" frequency 3579545 Hz quality 900\nFeb  5 16:55:37 henry kernel: acpi_timer0: \u003c24-bit timer at 3.579545MHz\u003e port 0x1008-0x100b on acpi0\nFeb  5 16:55:37 henry kernel: pcib0: \u003cACPI Host-PCI bridge\u003e port 0xcf8-0xcff on acpi0\nFeb  5 16:55:37 henry kernel: pci0: \u003cACPI PCI bus\u003e on pcib0\nFeb  5 16:55:37 henry kernel: vgapci0: \u003cVGA-compatible display\u003e port 0x30c0-0x30c7 mem 0xd0000000-0xd00fffff,0xc0000000-0xcfffffff irq 16 at device 2.0 on pci0\nFeb  5 16:55:37 henry kernel: agp0: \u003cIntel 946GZ SVGA controller\u003e on vgapci0\nFeb  5 16:55:37 henry kernel: agp0: aperture size is 256M, detected 7676k stolen memory\nFeb  5 16:55:37 henry kernel: pcib1: \u003cACPI PCI-PCI bridge\u003e irq 16 at device 28.0 on pci0\nFeb  5 16:55:37 henry kernel: pci1: \u003cACPI PCI bus\u003e on pcib1\nFeb  5 16:55:37 henry kernel: pcib2: \u003cACPI PCI-PCI bridge\u003e irq 16 at device 28.4 on pci0\nFeb  5 16:55:37 henry kernel: pcib2: failed to allocate initial memory window: 0xd0100000-0xd01fffff\nFeb  5 16:55:37 henry kernel: pci2: \u003cACPI PCI bus\u003e on pcib2\nFeb  5 16:55:37 henry kernel: em0: \u003cIntel(R) PRO/1000 Network Connection 7.3.2\u003e port 0x4000-0x401f irq 16 at device 0.0 on pci2\nFeb  5 16:55:37 henry kernel: em0: Using an MSI interrupt\nFeb  5 16:55:37 henry kernel: em0: Setup of Shared code failed\nFeb  5 16:55:37 henry kernel: device_attach: em0 attach returned 6\nFeb  5 16:55:37 henry kernel: pcib3: \u003cACPI PCI-PCI bridge\u003e irq 17 at device 28.5 on pci0\nFeb  5 16:55:37 henry kernel: pcib3: failed to allocate initial memory window: 0xd0200000-0xd02fffff\nFeb  5 16:55:37 henry kernel: pci3: \u003cACPI PCI bus\u003e on pcib3\nFeb  5 16:55:37 henry kernel: em0: \u003cIntel(R) PRO/1000 Network Connection 7.3.2\u003e port 0x5000-0x501f irq 17 at device 0.0 on pci3\nFeb  5 16:55:37 henry kernel: em0: Using an MSI interrupt\nFeb  5 16:55:37 henry kernel: em0: Ethernet address: 00:30:48:b0:ce:29\nFeb  5 16:55:37 henry kernel: uhci0: \u003cIntel 82801G (ICH7) USB controller USB-A\u003e port 0x3000-0x301f irq 16 at device 29.0 on pci0\nFeb  5 16:55:37 henry kernel: usbus0 on uhci0\nFeb  5 16:55:37 henry kernel: uhci1: \u003cIntel 82801G (ICH7) USB controller USB-B\u003e port 0x3020-0x303f irq 17 at device 29.1 on pci0\nFeb  5 16:55:37 henry kernel: usbus1 on uhci1\nFeb  5 16:55:37 henry kernel: uhci2: \u003cIntel 82801G (ICH7) USB controller USB-C\u003e port 0x3040-0x305f irq 18 at device 29.2 on pci0\nFeb  5 16:55:37 henry kernel: usbus2 on uhci2\nFeb  5 16:55:37 henry kernel: uhci3: \u003cIntel 82801G (ICH7) USB controller USB-D\u003e port 0x3060-0x307f irq 19 at device 29.3 on pci0\nFeb  5 16:55:37 henry kernel: usbus3 on uhci3\nFeb  5 16:55:37 henry kernel: ehci0: \u003cIntel 82801GB/R (ICH7) USB 2.0 controller\u003e mem 0xd0500000-0xd05003ff irq 16 at device 29.7 on pci0\nFeb  5 16:55:37 henry kernel: usbus4: EHCI version 1.0\nFeb  5 16:55:37 henry kernel: usbus4 on ehci0\nFeb  5 16:55:37 henry kernel: pcib4: \u003cACPI PCI-PCI bridge\u003e at device 30.0 on pci0\nFeb  5 16:55:37 henry kernel: pci4: \u003cACPI PCI bus\u003e on pcib4\nFeb  5 16:55:37 henry kernel: isab0: \u003cPCI-ISA bridge\u003e at device 31.0 on pci0\nFeb  5 16:55:37 henry kernel: isa0: \u003cISA bus\u003e on isab0\nFeb  5 16:55:37 henry kernel: atapci0: \u003cIntel ICH7 UDMA100 controller\u003e port 0x1f0-0x1f7,0x3f6,0x170-0x177,0x376,0x30a0-0x30af at device 31.1 on pci0\nFeb  5 16:55:37 henry kernel: ata0: \u003cATA channel\u003e at channel 0 on atapci0\nFeb  5 16:55:37 henry kernel: ahci0: \u003cIntel ICH7 AHCI SATA controller\u003e port 0x30f0-0x30f7,0x30e4-0x30e7,0x30e8-0x30ef,0x30e0-0x30e3,0x30b0-0x30bf mem 0xd0500400-0xd05007ff irq$\nFeb  5 16:55:37 henry kernel: ahci0: AHCI v1.10 with 4 3Gbps ports, Port Multiplier not supported\nFeb  5 16:55:37 henry kernel: ahcich0: \u003cAHCI channel\u003e at channel 0 on ahci0\nFeb  5 16:55:37 henry kernel: ahcich1: \u003cAHCI channel\u003e at channel 1 on ahci0\nFeb  5 16:55:37 henry kernel: ahcich2: \u003cAHCI channel\u003e at channel 2 on ahci0\nFeb  5 16:55:37 henry kernel: ahcich3: \u003cAHCI channel\u003e at channel 3 on ahci0\nFeb  5 16:55:37 henry kernel: pci0: \u003cserial bus, SMBus\u003e at device 31.3 (no driver attached)\nFeb  5 16:55:37 henry kernel: acpi_button0: \u003cPower Button\u003e on acpi0\nFeb  5 16:55:37 henry kernel: atkbdc0: \u003cKeyboard controller (i8042)\u003e port 0x60,0x64 irq 1 on acpi0\nFeb  5 16:55:37 henry kernel: atkbd0: \u003cAT Keyboard\u003e irq 1 on atkbdc0\nFeb  5 16:55:37 henry kernel: kbd0 at atkbd0\nFeb  5 16:55:37 henry kernel: atkbd0: [GIANT-LOCKED]\nFeb  5 16:55:37 henry kernel: uart0: \u003c16550 or compatible\u003e port 0x3f8-0x3ff irq 4 flags 0x10 on acpi0\nFeb  5 16:55:37 henry kernel: uart1: \u003c16550 or compatible\u003e port 0x2f8-0x2ff irq 3 on acpi0\nFeb  5 16:55:37 henry kernel: pmtimer0 on isa0\nFeb  5 16:55:37 henry kernel: orm0: \u003cISA Option ROMs\u003e at iomem 0xc0000-0xcafff,0xcb000-0xcbfff pnpid ORM0000 on isa0\nFeb  5 16:55:37 henry kernel: sc0: \u003cSystem console\u003e at flags 0x100 on isa0\nFeb  5 16:55:37 henry kernel: sc0: VGA \u003c16 virtual consoles, flags=0x300\u003e\nFeb  5 16:55:37 henry kernel: vga0: \u003cGeneric ISA VGA\u003e at port 0x3c0-0x3df iomem 0xa0000-0xbffff on isa0\nFeb  5 16:55:37 henry kernel: ppc0: parallel port not found.\nFeb  5 16:55:37 henry kernel: est0: \u003cEnhanced SpeedStep Frequency Control\u003e on cpu0\nFeb  5 16:55:37 henry kernel: p4tcc0: \u003cCPU Frequency Thermal Control\u003e on cpu0\nFeb  5 16:55:37 henry kernel: est1: \u003cEnhanced SpeedStep Frequency Control\u003e on cpu1\nFeb  5 16:55:37 henry kernel: p4tcc1: \u003cCPU Frequency Thermal Control\u003e on cpu1\nFeb  5 16:55:37 henry kernel: Timecounters tick every 1.000 msec\nFeb  5 16:55:37 henry kernel: usbus0: 12Mbps Full Speed USB v1.0\nFeb  5 16:55:37 henry kernel: usbus1: 12Mbps Full Speed USB v1.0\nFeb  5 16:55:37 henry kernel: usbus2: 12Mbps Full Speed USB v1.0\nFeb  5 16:55:37 henry kernel: usbus3: 12Mbps Full Speed USB v1.0\nFeb  5 16:55:37 henry kernel: usbus4: 480Mbps High Speed USB v2.0\nFeb  5 16:55:37 henry kernel: ugen0.1: \u003cIntel\u003e at usbus0\nFeb  5 16:55:37 henry kernel: ata0: DMA limited to UDMA33, controller found non-ATA66 cable\nFeb  5 16:55:37 henry kernel: uhub0: \u003cIntel UHCI root HUB, class 9/0, rev 1.00/1.00, addr 1\u003e on usbus0\nFeb  5 16:55:37 henry kernel: ugen1.1: \u003cIntel\u003e at usbus1\nFeb  5 16:55:37 henry kernel: uhub1: \u003cIntel UHCI root HUB, class 9/0, rev 1.00/1.00, addr 1\u003e on usbus1\nFeb  5 16:55:37 henry kernel: ugen2.1: \u003cIntel\u003e at usbus2\nFeb  5 16:55:37 henry kernel: uhub2: \u003cIntel UHCI root HUB, class 9/0, rev 1.00/1.00, addr 1\u003e on usbus2\nFeb  5 16:55:37 henry kernel: ugen3.1: \u003cIntel\u003e at usbus3\nFeb  5 16:55:37 henry kernel: uhub3: \u003cIntel UHCI root HUB, class 9/0, rev 1.00/1.00, addr 1\u003e on usbus3\nFeb  5 16:55:37 henry kernel: ugen4.1: \u003cIntel\u003e at usbus4\nFeb  5 16:55:37 henry kernel: uhub4: \u003cIntel EHCI root HUB, class 9/0, rev 2.00/1.00, addr 1\u003e on usbus4\nFeb  5 16:55:37 henry kernel: uhub0: 2 ports with 2 removable, self powered\nFeb  5 16:55:37 henry kernel: uhub1: 2 ports with 2 removable, self powered\nFeb  5 16:55:37 henry kernel: uhub2: 2 ports with 2 removable, self powered\nFeb  5 16:55:37 henry kernel: uhub3: 2 ports with 2 removable, self powered\nFeb  5 16:55:37 henry kernel: uhub4: 8 ports with 8 removable, self powered\nFeb  5 16:55:37 henry kernel: ada0 at ata0 bus 0 scbus0 target 0 lun 0\nFeb  5 16:55:37 henry kernel: ada0: \u003cWDC WD1600AAJB-56WRA0 58.01H58\u003e ATA-8 device\nFeb  5 16:55:37 henry kernel: ada0: 33.300MB/s transfers (UDMA2, PIO 8192bytes)\nFeb  5 16:55:37 henry kernel: ada0: 152627MB (312581808 512 byte sectors: 16H 63S/T 16383C)\nFeb  5 16:55:37 henry kernel: ada0: Previously was known as ad0\nFeb  5 16:55:37 henry kernel: ada1 at ata0 bus 0 scbus0 target 1 lun 0\nFeb  5 16:55:37 henry kernel: ada1: \u003cWDC WD1600AAJB-00WRA0 58.01H58\u003e ATA-8 device\nFeb  5 16:55:37 henry kernel: ada1: 100.000MB/s transfers (UDMA5, PIO 8192bytes)\nFeb  5 16:55:37 henry kernel: ada1: 152627MB (312581808 512 byte sectors: 16H 63S/T 16383C)\nFeb  5 16:55:37 henry kernel: ada1: Previously was known as ad1\nFeb  5 16:55:37 henry kernel: SMP: AP CPU #1 Launched!\nFeb  5 16:55:37 henry kernel: Timecounter \"TSC-low\" frequency 15586297 Hz quality 1000\nFeb  5 16:55:37 henry kernel: GEOM_MIRROR: Device mirror/gm0 launched (2/2).\nFeb  5 16:55:37 henry kernel: GEOM_PART: integrity check failed (mirror/gm0, MBR)\nFeb  5 16:55:37 henry kernel: GEOM: mirror/gm0s1: geometry does not match label (16h,63s != 255h,63s).\nFeb  5 16:55:37 henry kernel: Trying to mount root from ufs:/dev/mirror/gm0s1a [rw]...\nFeb  5 16:55:38 henry named[1106]: starting BIND 9.8.1-P1 -t /var/named -u bind\nFeb  5 16:55:38 henry named[1106]: built with '--prefix=/usr' '--infodir=/usr/share/info' '--mandir=/usr/share/man' '--enable-threads' '--enable-getifaddrs' '--disable-linux-c$\nFeb  5 16:55:38 henry named[1106]: command channel listening on 127.0.0.1#953\nFeb  5 16:55:39 henry named[1106]: running\nFeb  5 16:55:39 henry kernel: .\nFeb  5 16:55:39 henry ntpd[1271]: ntpd 4.2.4p5-a (1)\nFeb  5 16:55:40 henry root: /etc/rc: WARNING: /usr/local/etc/smartd.conf is not readable.\nFeb  5 16:55:40 henry root: /etc/rc: WARNING: failed precmd routine for smartd\nFeb  5 16:55:40 henry kernel: cannot start jail \"tomato\":\nFeb  5 16:55:41 henry kernel: .\nFeb  5 16:55:47 henry ntpd_initres[1709]: host name not found: 0.CA.pool.ntp.org\nFeb  5 16:55:47 henry ntpd_initres[1709]: host name not found: 1.CA.pool.ntp.org\nFeb  5 16:55:47 henry ntpd_initres[1709]: host name not found: 2.CA.pool.ntp.org\nFeb  5 16:57:16 henry ntpd_initres[1709]: host name not found: 0.CA.pool.ntp.org\nFeb  5 16:57:16 henry ntpd_initres[1709]: host name not found: 1.CA.pool.ntp.org\nFeb  5 16:57:16 henry ntpd_initres[1709]: host name not found: 2.CA.pool.ntp.org\nFeb  5 16:59:45 henry ntpd_initres[1709]: host name not found: 0.CA.pool.ntp.org\nFeb  5 16:59:45 henry ntpd_initres[1709]: host name not found: 1.CA.pool.ntp.org\nFeb  5 16:59:45 henry ntpd_initres[1709]: host name not found: 2.CA.pool.ntp.org\n\nFix: \n\nOnly known workaround: \"freebsd-update rollback\" will successfully restore the old kernel.\nHow-To-Repeat: On a system with a SuperMicro PDSBM motherboard and a working and connected em0 interface, upgrade from 9.0-RELEASE-p3 to 9.1-RELEASE-p0.\n\nAfter rebooting and loading the new kernel, em0 will report \"no carrier\" because it is actually em1. Only one network interface will be enumerated."
}