{
 "id": 702987,
 "bug_id": 176073,
 "attachment_id": 0,
 "creation_time": "2013-08-19T16:48:47Z",
 "creator": "ruslanas@lpic.lt",
 "text": "\u003e
Aug 19 13:28:15 bsd newsyslog[1131]: logfile first created\n\u003e
Aug 19 13:28:15 bsd syslogd: kernel boot file is /boot/kernel/kernel\n\u003e
Aug 19 13:28:15 bsd kernel: Copyright (c) 1992-2012 The FreeBSD Project.\n\u003e
Aug 19 13:28:15 bsd kernel: Copyright (c) 1979, 1980, 1983, 1986, 1988,\n1989, 1991, 1992, 1993, 1994\n\u003e
Aug 19 13:28:15 bsd kernel: The Regents of the University of California.\nAll rights reserved.\n\u003e
Aug 19 13:28:15 bsd kernel: FreeBSD is a registered trademark of The\nFreeBSD Foundation.\n\u003e
Aug 19 13:28:15 bsd kernel: FreeBSD 9.1-RELEASE #0 r243825: Tue Dec  4\n09:23:10 UTC 2012\n\u003e
Aug 19 13:28:15 bsd kernel: root@farrell.cse.buffalo.edu:/usr/obj/usr/src/sys/GENERIC\namd64\n\u003e
Aug 19 13:28:15 bsd kernel: CPU: AMD Athlon(tm) II X4 645 Processor\n(3114.05-MHz K8-class CPU)\n\u003e
Aug 19 13:28:15 bsd kernel: Origin = \"AuthenticAMD\"  Id = 0x100f53\n Family = 10  Model = 5  Stepping = 3\n\u003e Aug 19 13:28:15 bsd kernel:\nFeatures=0x178bfbff\u003cFPU,VME,DE,PSE,TSC,MSR,PAE,MCE,CX8,APIC,SEP,MTRR,PGE,MCA,CMOV,PAT,PSE36,CLFLUSH,MMX,FXSR,SSE,SSE2,HTT\u003e\n\u003e
Aug 19 13:28:15 bsd kernel: Features2=0x802009\u003cSSE3,MON,CX16,POPCNT\u003e\n\u003e
Aug 19 13:28:15 bsd kernel: AMD\nFeatures=0xee500800\u003cSYSCALL,NX,MMX+,FFXSR,Page1GB,RDTSCP,LM,3DNow!+,3DNow!\u003e\n\u003e
Aug 19 13:28:15 bsd kernel: AMD\nFeatures2=0x837ff\u003cLAHF,CMP,SVM,ExtAPIC,CR8,ABM,SSE4A,MAS,Prefetch,OSVW,IBS,SKINIT,WDT,NodeId\u003e\n\u003e
Aug 19 13:28:15 bsd kernel: TSC: P-state invariant\n\u003e
Aug 19 13:28:15 bsd kernel: real memory  = 17179869184 (16384 MB)\n\u003e
Aug 19 13:28:15 bsd kernel: avail memory = 16529145856 (15763 MB)\n\u003e
Aug 19 13:28:15 bsd kernel: Event timer \"LAPIC\" quality 400\n\u003e
Aug 19 13:28:15 bsd kernel: ACPI APIC Table: \u003c113011 APIC1510\u003e\n\u003e
Aug 19 13:28:15 bsd kernel: FreeBSD/SMP: Multiprocessor System Detected:\n4 CPUs\n\u003e
Aug 19 13:28:15 bsd kernel: FreeBSD/SMP: 1 package(s) x 4 core(s)\n\u003e
Aug 19 13:28:15 bsd kernel: cpu0 (BSP): APIC ID:  0\n\u003e
Aug 19 13:28:15 bsd kernel: cpu1 (AP): APIC ID:  1\n\u003e
Aug 19 13:28:15 bsd kernel: cpu2 (AP): APIC ID:  2\n\u003e
Aug 19 13:28:15 bsd kernel: cpu3 (AP): APIC ID:  3\n\u003e
Aug 19 13:28:15 bsd kernel: ACPI Warning: Optional field Pm2ControlBlock\nhas zero address or length: 0x0000000000000000/0x1 (20110527/tbfadt-586)\n\u003e
Aug 19 13:28:15 bsd kernel: ioapic0 \u003cVersion 2.1\u003e irqs 0-23 on motherboard\n\u003e
Aug 19 13:28:15 bsd kernel: kbd1 at kbdmux0\n\u003e
Aug 19 13:28:15 bsd kernel: acpi0: \u003c113011 XSDT1510\u003e on motherboard\n\u003e
Aug 19 13:28:15 bsd kernel: acpi0: Power Button (fixed)\n\u003e
Aug 19 13:28:15 bsd kernel: acpi0: reservation of fee00000, 1000 (3)\nfailed\n\u003e
Aug 19 13:28:15 bsd kernel: acpi0: reservation of ffb80000, 80000 (3)\nfailed\n\u003e
Aug 19 13:28:15 bsd kernel: acpi0: reservation of fec10000, 20 (3) failed\n\u003e
Aug 19 13:28:15 bsd kernel: acpi0: reservation of fed40000, 5000 (3)\nfailed\n\u003e
Aug 19 13:28:15 bsd kernel: acpi0: reservation of 0, a0000 (3) failed\n\u003e
Aug 19 13:28:15 bsd kernel: acpi0: reservation of 100000, dfe00000 (3)\nfailed\n\u003e
Aug 19 13:28:15 bsd kernel: cpu0: \u003cACPI CPU\u003e on acpi0\n\u003e
Aug 19 13:28:15 bsd kernel: cpu1: \u003cACPI CPU\u003e on acpi0\n\u003e
Aug 19 13:28:15 bsd kernel: cpu2: \u003cACPI CPU\u003e on acpi0\n\u003e
Aug 19 13:28:15 bsd kernel: cpu3: \u003cACPI CPU\u003e on acpi0\n\u003e
Aug 19 13:28:15 bsd kernel: attimer0: \u003cAT timer\u003e port 0x40-0x43 irq 0 on\nacpi0\n\u003e
Aug 19 13:28:15 bsd kernel: Timecounter \"i8254\" frequency 1193182 Hz\nquality 0\n\u003e
Aug 19 13:28:15 bsd kernel: Event timer \"i8254\" frequency 1193182 Hz\nquality 100\n\u003e
Aug 19 13:28:15 bsd kernel: atrtc0: \u003cAT realtime clock\u003e port 0x70-0x71\nirq 8 on acpi0\n\u003e
Aug 19 13:28:15 bsd kernel: Event timer \"RTC\" frequency 32768 Hz quality 0\n\u003e
Aug 19 13:28:15 bsd kernel: hpet0: \u003cHigh Precision Event Timer\u003e iomem\n0xfed00000-0xfed003ff on acpi0\n\u003e
Aug 19 13:28:15 bsd kernel: Timecounter \"HPET\" frequency 14318180 Hz\nquality 950\n\u003e
Aug 19 13:28:15 bsd kernel: Event timer \"HPET\" frequency 14318180 Hz\nquality 450\n\u003e
Aug 19 13:28:15 bsd kernel: Event timer \"HPET1\" frequency 14318180 Hz\nquality 450\n\u003e
Aug 19 13:28:15 bsd kernel: Event timer \"HPET2\" frequency 14318180 Hz\nquality 450\n\u003e
Aug 19 13:28:15 bsd kernel: Timecounter \"ACPI-fast\" frequency 3579545 Hz\nquality 900\n\u003e
Aug 19 13:28:15 bsd kernel: acpi_timer0: \u003c32-bit timer at 3.579545MHz\u003e\nport 0x808-0x80b on acpi0\n\u003e
Aug 19 13:28:15 bsd kernel: pcib0: \u003cACPI Host-PCI bridge\u003e port\n0xcf8-0xcff on acpi0\n\u003e
Aug 19 13:28:15 bsd kernel: pci0: \u003cACPI PCI bus\u003e on pcib0\n\u003e
Aug 19 13:28:15 bsd kernel: pcib1: \u003cACPI PCI-PCI bridge\u003e irq 16 at device\n4.0 on pci0\n\u003e
Aug 19 13:28:15 bsd kernel: pci1: \u003cACPI PCI bus\u003e on pcib1\n\u003e
Aug 19 13:28:15 bsd kernel: re0: \u003cRealTek 8168/8111 B/C/CP/D/DP/E/F PCIe\nGigabit Ethernet\u003e port 0xd800-0xd8ff mem\n0xf6fff000-0xf6ffffff,0xf6ff8000-0xf6ffbfff irq 16 at device 0.0 on pci1\n\u003e
Aug 19 13:28:15 bsd kernel: re0: Using 1 MSI-X message\n\u003e
Aug 19 13:28:15 bsd kernel: re0: ASPM disabled\n\u003e
Aug 19 13:28:15 bsd kernel: re0: Chip rev. 0x2c800000\n\u003e
Aug 19 13:28:15 bsd kernel: re0: MAC rev. 0x00000000\n\u003e
Aug 19 13:28:15 bsd kernel: miibus0: \u003cMII bus\u003e on re0\n\u003e
Aug 19 13:28:15 bsd kernel: rgephy0: \u003cRTL8169S/8110S/8211 1000BASE-T\nmedia interface\u003e PHY 1 on miibus0\n\u003e
Aug 19 13:28:15 bsd kernel: rgephy0:  none, 10baseT, 10baseT-FDX,\n10baseT-FDX-flow, 100baseTX, 100baseTX-FDX, 100baseTX-FDX-flow, 1000baseT,\n1000baseT-master, 1000baseT-FDX, 1000baseT-FDX-master, 1000baseT-FDX-flow,\n1000baseT-FDX-flow-master, auto, auto-flow\n\u003e
Aug 19 13:28:15 bsd kernel: re0: Ethernet address: c8:60:00:06:d8:be\n\u003e
Aug 19 13:28:15 bsd kernel: pcib2: \u003cACPI PCI-PCI bridge\u003e irq 17 at device\n9.0 on pci0\n\u003e
Aug 19 13:28:15 bsd kernel: pci2: \u003cACPI PCI bus\u003e on pcib2\n\u003e
Aug 19 13:28:15 bsd kernel: pci2: \u003cnetwork\u003e at device 0.0 (no driver\nattached)\n\u003e
Aug 19 13:28:15 bsd kernel: ahci0: \u003cATI IXP700 AHCI SATA controller\u003e port\n0xc000-0xc007,0xb000-0xb003,0xa000-0xa007,0x9000-0x9003,0x8000-0x800f mem\n0xf7efbc00-0xf7efbfff irq 22 at device 17.0 on pci0\n\u003e
Aug 19 13:28:15 bsd kernel: ahci0: AHCI v1.10 with 6 3Gbps ports, Port\nMultiplier supported\n\u003e
Aug 19 13:28:15 bsd kernel: ahcich0: \u003cAHCI channel\u003e at channel 0 on ahci0\n\u003e
Aug 19 13:28:15 bsd kernel: ahcich1: \u003cAHCI channel\u003e at channel 1 on ahci0\n\u003e
Aug 19 13:28:15 bsd kernel: ahcich2: \u003cAHCI channel\u003e at channel 2 on ahci0\n\u003e
Aug 19 13:28:15 bsd kernel: ahcich3: \u003cAHCI channel\u003e at channel 3 on ahci0\n\u003e
Aug 19 13:28:15 bsd kernel: ahcich4: \u003cAHCI channel\u003e at channel 4 on ahci0\n\u003e
Aug 19 13:28:15 bsd kernel: ahcich5: \u003cAHCI channel\u003e at channel 5 on ahci0\n\u003e
Aug 19 13:28:15 bsd kernel: ohci0: \u003cAMD SB7x0/SB8x0/SB9x0 USB controller\u003e\nmem 0xf7efa000-0xf7efafff irq 16 at device 18.0 on pci0\n\u003e
Aug 19 13:28:15 bsd kernel: usbus0 on ohci0\n\u003e
Aug 19 13:28:15 bsd kernel: ohci1: \u003cOHCI (generic) USB controller\u003e mem\n0xf7ef9000-0xf7ef9fff irq 16 at device 18.1 on pci0\n\u003e
Aug 19 13:28:15 bsd kernel: usbus1 on ohci1\n\u003e
Aug 19 13:28:15 bsd kernel: ehci0: \u003cAMD SB7x0/SB8x0/SB9x0 USB 2.0\ncontroller\u003e mem 0xf7efb800-0xf7efb8ff irq 17 at device 18.2 on pci0\n\u003e
Aug 19 13:28:15 bsd kernel: usbus2: EHCI version 1.0\n\u003e
Aug 19 13:28:15 bsd kernel: usbus2 on ehci0\n\u003e
Aug 19 13:28:15 bsd kernel: ohci2: \u003cAMD SB7x0/SB8x0/SB9x0 USB controller\u003e\nmem 0xf7ef8000-0xf7ef8fff irq 18 at device 19.0 on pci0\n\u003e
Aug 19 13:28:15 bsd kernel: usbus3 on ohci2\n\u003e
Aug 19 13:28:15 bsd kernel: ohci3: \u003cOHCI (generic) USB controller\u003e mem\n0xf7ef7000-0xf7ef7fff irq 18 at device 19.1 on pci0\n\u003e
Aug 19 13:28:15 bsd kernel: usbus4 on ohci3\n\u003e
Aug 19 13:28:15 bsd kernel: ehci1: \u003cAMD SB7x0/SB8x0/SB9x0 USB 2.0\ncontroller\u003e mem 0xf7efb400-0xf7efb4ff irq 19 at device 19.2 on pci0\n\u003e
Aug 19 13:28:15 bsd kernel: usbus5: EHCI version 1.0\n\u003e
Aug 19 13:28:15 bsd kernel: usbus5 on ehci1\n\u003e
Aug 19 13:28:15 bsd kernel: pci0: \u003cserial bus, SMBus\u003e at device 20.0 (no\ndriver attached)\n\u003e
Aug 19 13:28:15 bsd kernel: atapci0: \u003cATI IXP700/800 UDMA133 controller\u003e\nport 0x1f0-0x1f7,0x3f6,0x170-0x177,0x376,0xff00-0xff0f at device 20.1 on\npci0\n\u003e
Aug 19 13:28:15 bsd kernel: ata0: \u003cATA channel\u003e at channel 0 on atapci0\n\u003e
Aug 19 13:28:15 bsd kernel: isab0: \u003cPCI-ISA bridge\u003e at device 20.3 on pci0\n\u003e
Aug 19 13:28:15 bsd kernel: isa0: \u003cISA bus\u003e on isab0\n\u003e
Aug 19 13:28:15 bsd kernel: pcib3: \u003cACPI PCI-PCI bridge\u003e at device 20.4\non pci0\n\u003e
Aug 19 13:28:15 bsd kernel: pci3: \u003cACPI PCI bus\u003e on pcib3\n\u003e
Aug 19 13:28:15 bsd kernel: vgapci0: \u003cVGA-compatible display\u003e mem\n0xf8000000-0xfbffffff irq 21 at device 6.0 on pci3\n\u003e
Aug 19 13:28:15 bsd kernel: em0: \u003cIntel(R) PRO/1000 Legacy Network\nConnection 1.0.4\u003e port 0xec00-0xec3f mem\n0xfeb80000-0xfebbffff,0xfeb40000-0xfeb7ffff irq 22 at device 7.0 on pci3\n\u003e
Aug 19 13:28:15 bsd kernel: em0: Setup of Shared code failed\n\u003e
Aug 19 13:28:15 bsd kernel: device_attach: em0 attach returned 6\n\u003e
Aug 19 13:28:15 bsd kernel: ohci4: \u003cAMD SB7x0/SB8x0/SB9x0 USB controller\u003e\nmem 0xf7ef6000-0xf7ef6fff irq 18 at device 20.5 on pci0\n\u003e
Aug 19 13:28:15 bsd kernel: usbus6 on ohci4\n\u003e
Aug 19 13:28:15 bsd kernel: acpi_button0: \u003cPower Button\u003e on acpi0\n\u003e
Aug 19 13:28:15 bsd kernel: atkbdc0: \u003cKeyboard controller (i8042)\u003e port\n0x60,0x64 irq 1 on acpi0\n\u003e
Aug 19 13:28:15 bsd kernel: atkbd0: \u003cAT Keyboard\u003e irq 1 on atkbdc0\n\u003e
Aug 19 13:28:15 bsd kernel: kbd0 at atkbd0\n\u003e
Aug 19 13:28:15 bsd kernel: atkbd0: [GIANT-LOCKED]\n\u003e
Aug 19 13:28:15 bsd kernel: uart0: \u003c16550 or compatible\u003e port 0x3f8-0x3ff\nirq 4 flags 0x10 on acpi0\n\u003e
Aug 19 13:28:15 bsd kernel: orm0: \u003cISA Option ROM\u003e at iomem\n0xc0000-0xc7fff on isa0\n\u003e
Aug 19 13:28:15 bsd kernel: sc0: \u003cSystem console\u003e at flags 0x100 on isa0\n\u003e
Aug 19 13:28:15 bsd kernel: sc0: VGA \u003c16 virtual consoles, flags=0x300\u003e\n\u003e
Aug 19 13:28:15 bsd kernel: vga0: \u003cGeneric ISA VGA\u003e at port 0x3c0-0x3df\niomem 0xa0000-0xbffff on isa0\n\u003e
Aug 19 13:28:15 bsd kernel: ppc0: cannot reserve I/O port range\n\u003e
Aug 19 13:28:15 bsd kernel: ctl: CAM Target Layer loaded\n\u003e
Aug 19 13:28:15 bsd kernel: acpi_throttle0: \u003cACPI CPU Throttling\u003e on cpu0\n\u003e
Aug 19 13:28:15 bsd kernel: hwpstate0: \u003cCool`n'Quiet 2.0\u003e on cpu0\n\u003e
Aug 19 13:28:15 bsd kernel: ZFS filesystem version 5\n\u003e
Aug 19 13:28:15 bsd kernel: ZFS storage pool version 28\n\u003e
Aug 19 13:28:15 bsd kernel: Timecounters tick every 1.000 msec\n\u003e
Aug 19 13:28:15 bsd kernel: usbus0: 12Mbps Full Speed USB v1.0\n\u003e
Aug 19 13:28:15 bsd kernel: usbus1: 12Mbps Full Speed USB v1.0\n\u003e
Aug 19 13:28:15 bsd kernel: usbus2: 480Mbps High Speed USB v2.0\n\u003e
Aug 19 13:28:15 bsd kernel: usbus3: 12Mbps Full Speed USB v1.0\n\u003e
Aug 19 13:28:15 bsd kernel: usbus4: 12Mbps Full Speed USB v1.0\n\u003e
Aug 19 13:28:15 bsd kernel: usbus5: 480Mbps High Speed USB v2.0\n\u003e
Aug 19 13:28:15 bsd kernel: usbus6: 12Mbps Full Speed USB v1.0\n\u003e
Aug 19 13:28:15 bsd kernel: ugen0.1: \u003cATI\u003e at usbus0\n\u003e
Aug 19 13:28:15 bsd kernel: uhub0: \u003cATI OHCI root HUB, class 9/0, rev\n1.00/1.00, addr 1\u003e on usbus0\n\u003e
Aug 19 13:28:15 bsd kernel: ugen1.1: \u003cATI\u003e at usbus1\n\u003e
Aug 19 13:28:15 bsd kernel: uhub1: \u003cATI OHCI root HUB, class 9/0, rev\n1.00/1.00, addr 1\u003e on usbus1\n\u003e
Aug 19 13:28:15 bsd kernel: ugen2.1: \u003cATI\u003e at usbus2\n\u003e
Aug 19 13:28:15 bsd kernel: uhub2: \u003cATI EHCI root HUB, class 9/0, rev\n2.00/1.00, addr 1\u003e on usbus2\n\u003e
Aug 19 13:28:15 bsd kernel: ugen3.1: \u003cATI\u003e at usbus3\n\u003e
Aug 19 13:28:15 bsd kernel: uhub3: \u003cATI OHCI root HUB, class 9/0, rev\n1.00/1.00, addr 1\u003e on usbus3\n\u003e
Aug 19 13:28:15 bsd kernel: ugen4.1: \u003cATI\u003e at usbus4\n\u003e
Aug 19 13:28:15 bsd kernel: uhub4: \u003cATI OHCI root HUB, class 9/0, rev\n1.00/1.00, addr 1\u003e on usbus4\n\u003e
Aug 19 13:28:15 bsd kernel: ugen5.1: \u003cATI\u003e at usbus5\n\u003e
Aug 19 13:28:15 bsd kernel: uhub5: \u003cATI EHCI root HUB, class 9/0, rev\n2.00/1.00, addr 1\u003e on usbus5\n\u003e
Aug 19 13:28:15 bsd kernel: ugen6.1: \u003cATI\u003e at usbus6\n\u003e
Aug 19 13:28:15 bsd kernel: uhub6: \u003cATI OHCI root HUB, class 9/0, rev\n1.00/1.00, addr 1\u003e on usbus6\n\u003e
Aug 19 13:28:15 bsd kernel: uhub6: 2 ports with 2 removable, self powered\n\u003e
Aug 19 13:28:15 bsd kernel: uhub0: 3 ports with 3 removable, self powered\n\u003e
Aug 19 13:28:15 bsd kernel: uhub1: 3 ports with 3 removable, self powered\n\u003e
Aug 19 13:28:15 bsd kernel: uhub3: 3 ports with 3 removable, self powered\n\u003e
Aug 19 13:28:15 bsd kernel: uhub4: 3 ports with 3 removable, self powered\n\u003e
Aug 19 13:28:15 bsd kernel: uhub2: 6 ports with 6 removable, self powered\n\u003e
Aug 19 13:28:15 bsd kernel: uhub5: 6 ports with 6 removable, self powered\n\u003e
Aug 19 13:28:15 bsd kernel: ada0 at ahcich0 bus 0 scbus0 target 0 lun 0\n\u003e
Aug 19 13:28:15 bsd kernel: ada0: \u003cOCZ-VECTOR 1.03.1\u003e ATA-8 SATA 3.x\ndevice\n\u003e
Aug 19 13:28:15 bsd kernel: ada0: 300.000MB/s transfers (SATA 2.x, UDMA6,\nPIO 512bytes)\n\u003e
Aug 19 13:28:15 bsd kernel: ada0: Command Queueing enabled\n\u003e
Aug 19 13:28:15 bsd kernel: ada0: 122104MB (250069680 512 byte sectors:\n16H 63S/T 16383C)\n\u003e
Aug 19 13:28:15 bsd kernel: ada0: Previously was known as ad4\n\u003e
Aug 19 13:28:15 bsd kernel: ada1 at ahcich1 bus 0 scbus1 target 0 lun 0\n\u003e
Aug 19 13:28:15 bsd kernel: ada1: \u003cST2000DM001-1CH164 CC27\u003e ATA-9 SATA\n3.x device\n\u003e
Aug 19 13:28:15 bsd kernel: ada1: 300.000MB/s transfers (SATA 2.x, UDMA6,\nPIO 8192bytes)\n\u003e
Aug 19 13:28:15 bsd kernel: ada1: Command Queueing enabled\n\u003e
Aug 19 13:28:15 bsd kernel: ada1: 1907729MB (3907029168 512 byte sectors:\n16H 63S/T 16383C)\n\u003e
Aug 19 13:28:15 bsd kernel: ada1: Previously was known as ad6\n\u003e
Aug 19 13:28:15 bsd kernel: ada2 at ahcich2 bus 0 scbus2 target 0 lun 0\n\u003e
Aug 19 13:28:15 bsd kernel: ada2: \u003cST2000DM001-1CH164 CC27\u003e ATA-9 SATA\n3.x device\n\u003e
Aug 19 13:28:15 bsd kernel: ada2: 300.000MB/s transfers (SATA 2.x, UDMA6,\nPIO 8192bytes)\n\u003e
Aug 19 13:28:15 bsd kernel: ada2: Command Queueing enabled\n\u003e
Aug 19 13:28:15 bsd kernel: ada2: 1907729MB (3907029168 512 byte sectors:\n16H 63S/T 16383C)\n\u003e
Aug 19 13:28:15 bsd kernel: ada2: Previously was known as ad8\n\u003e
Aug 19 13:28:15 bsd kernel: ada3 at ahcich3 bus 0 scbus3 target 0 lun 0\n\u003e
Aug 19 13:28:15 bsd kernel: ada3: \u003cST2000DL003-9VT166 CC3C\u003e ATA-8 SATA\n3.x device\n\u003e
Aug 19 13:28:15 bsd kernel: ada3: 300.000MB/s transfers (SATA 2.x, UDMA6,\nPIO 8192bytes)\n\u003e
Aug 19 13:28:15 bsd kernel: ada3: Command Queueing enabled\n\u003e
Aug 19 13:28:15 bsd kernel: ada3: 1907729MB (3907029168 512 byte sectors:\n16H 63S/T 16383C)\n\u003e
Aug 19 13:28:15 bsd kernel: ada3: Previously was known as ad10\n\u003e
Aug 19 13:28:15 bsd kernel: ada4 at ahcich4 bus 0 scbus4 target 0 lun 0\n\u003e
Aug 19 13:28:15 bsd kernel: ada4: \u003cWDC WD20EARS-14MVWB0 51.0AB51\u003e ATA-8\nSATA 2.x device\n\u003e
Aug 19 13:28:15 bsd kernel: ada4: 300.000MB/s transfers (SATA 2.x, UDMA6,\nPIO 8192bytes)\n\u003e
Aug 19 13:28:15 bsd kernel: ada4: Command Queueing enabled\n\u003e
Aug 19 13:28:15 bsd kernel: ada4: 1907729MB (3907029168 512 byte sectors:\n16H 63S/T 16383C)\n\u003e
Aug 19 13:28:15 bsd kernel: ada4: Previously was known as ad12\n\u003e
Aug 19 13:28:15 bsd kernel: SMP: AP CPU #2 Launched!\n\u003e
Aug 19 13:28:15 bsd kernel: SMP: AP CPU #3 Launched!\n\u003e
Aug 19 13:28:15 bsd kernel: SMP: AP CPU #1 Launched!\n\u003e
Aug 19 13:28:15 bsd kernel: Timecounter \"TSC-low\" frequency 12164250 Hz\nquality 800\n\u003e
Aug 19 13:28:15 bsd kernel: ugen5.2: \u003cKingston\u003e at usbus5\n\u003e
Aug 19 13:28:15 bsd kernel: umass0: \u003cKingston DataTraveler 410, class\n0/0, rev 2.00/1.00, addr 2\u003e on usbus5\n\u003e
Aug 19 13:28:15 bsd kernel: umass0:  SCSI over Bulk-Only; quirks = 0x0100\n\u003e
Aug 19 13:28:15 bsd kernel: umass0:8:0:-1: Attached to scbus8\n\u003e
Aug 19 13:28:15 bsd kernel: da0 at umass-sim0 bus 0 scbus8 target 0 lun 0\n\u003e
Aug 19 13:28:15 bsd kernel: da0: \u003cKingston DataTraveler 410 PMAP\u003e\nRemovable Direct Access SCSI-0 device\n\u003e
Aug 19 13:28:15 bsd kernel: da0: 40.000MB/s transfers\n\u003e
Aug 19 13:28:15 bsd kernel: da0: 3816MB (7815168 512 byte sectors: 255H\n63S/T 486C)\n\u003e
Aug 19 13:28:15 bsd kernel: GEOM: da0: geometry does not match label\n(64h,33s != 255h,63s).\n\u003e
Aug 19 13:28:15 bsd kernel: GEOM: da0: media size does not match label.\n\u003e
Aug 19 13:28:15 bsd kernel: Trying to mount root from zfs:zopa []...\n\u003e
Aug 19 13:59:55 bsd login: 2 LOGIN FAILURES ON ttyv0\n\u003e
Aug 19 14:00:52 bsd su: BAD SU natka to root on /dev/ttyv0\n\u003e Aug 19 14:01:03 bsd last message repeated 2 times\n\u003e
Aug 19 14:01:13 bsd login: ROOT LOGIN (root) ON ttyv1\n\u003e
Aug 19 14:03:54 bsd su: natka to root on /dev/ttyv0"
}