{
 "id": 702986,
 "bug_id": 176073,
 "attachment_id": 0,
 "creation_time": "2013-03-12T16:51:55Z",
 "creator": "bmcnally@gmail.com",
 "text": "I have a similar issue, discussed here:\n\nhttp://forums.freebsd.org/showthread.php?t=37528\n\nBoth re0 and em0 fail to get set up after an upgrade from\n9.0-RELEASE-p3 to 9.1-RELEASE. I'm not able to use 9.1 at this point\nuntil I find a fix.\n\nBelow is my dmesg output:\n\n===\nCopyright (c) 1992-2012 The FreeBSD Project.\nCopyright (c) 1979, 1980, 1983, 1986, 1988, 1989, 1991, 1992, 1993, 1994\n\tThe Regents of the University of California. All rights reserved.\nFreeBSD is a registered trademark of The FreeBSD Foundation.\nFreeBSD 9.1-RELEASE #0 r243825: Tue Dec  4 09:23:10 UTC 2012\n    root@farrell.cse.buffalo.edu:/usr/obj/usr/src/sys/GENERIC amd64\nCPU: Intel(R) Atom(TM) CPU D510   @ 1.66GHz (1662.72-MHz K8-class CPU)\n  Origin = \"GenuineIntel\"  Id = 0x106ca  Family = 6  Model = 1c  Stepping = 10\n  Features=0xbfebfbff\u003cFPU,VME,DE,PSE,TSC,MSR,PAE,MCE,CX8,APIC,SEP,MTRR,PGE,MCA,CMOV,PAT,PSE36,CLFLUSH,DTS,ACPI,MMX,FXSR,SSE,SSE2,SS,HTT,TM,PBE\u003e\n  Features2=0x40e31d\u003cSSE3,DTES64,MON,DS_CPL,TM2,SSSE3,CX16,xTPR,PDCM,MOVBE\u003e\n  AMD Features=0x20100800\u003cSYSCALL,NX,LM\u003e\n  AMD Features2=0x1\u003cLAHF\u003e\n  TSC: P-state invariant, performance statistics\nreal memory  = 2147483648 (2048 MB)\navail memory = 2026500096 (1932 MB)\nEvent timer \"LAPIC\" quality 400\nACPI APIC Table: \u003cINTEL  MOPNV10J\u003e\nFreeBSD/SMP: Multiprocessor System Detected: 4 CPUs\nFreeBSD/SMP: 1 package(s) x 2 core(s) x 2 HTT threads\n cpu0 (BSP): APIC ID:  0\n cpu1 (AP/HT): APIC ID:  1\n cpu2 (AP): APIC ID:  2\n cpu3 (AP/HT): APIC ID:  3\nioapic0: Changing APIC ID to 8\nioapic0 \u003cVersion 2.0\u003e irqs 0-23 on motherboard\nlapic0: Forcing LINT1 to edge trigger\nkbd1 at kbdmux0\nctl: CAM Target Layer loaded\nacpi0: \u003cINTEL MOPNV10J\u003e on motherboard\nacpi0: Power Button (fixed)\ncpu0: \u003cACPI CPU\u003e on acpi0\ncpu1: \u003cACPI CPU\u003e on acpi0\ncpu2: \u003cACPI CPU\u003e on acpi0\ncpu3: \u003cACPI CPU\u003e on acpi0\natrtc0: \u003cAT realtime clock\u003e port 0x70-0x71,0x74-0x77 irq 8 on acpi0\nEvent timer \"RTC\" frequency 32768 Hz quality 0\nattimer0: \u003cAT timer\u003e port 0x40-0x43,0x50-0x53 irq 0 on acpi0\nTimecounter \"i8254\" frequency 1193182 Hz quality 0\nEvent timer \"i8254\" frequency 1193182 Hz quality 100\nhpet0: \u003cHigh Precision Event Timer\u003e iomem 0xfed00000-0xfed03fff on acpi0\nTimecounter \"HPET\" frequency 14318180 Hz quality 950\nEvent timer \"HPET\" frequency 14318180 Hz quality 450\nEvent timer \"HPET1\" frequency 14318180 Hz quality 440\nEvent timer \"HPET2\" frequency 14318180 Hz quality 440\nTimecounter \"ACPI-fast\" frequency 3579545 Hz quality 900\nacpi_timer0: \u003c24-bit timer at 3.579545MHz\u003e port 0x408-0x40b on acpi0\nacpi_button0: \u003cSleep Button\u003e on acpi0\npcib0: \u003cACPI Host-PCI bridge\u003e port 0xcf8-0xcff on acpi0\npci0: \u003cACPI PCI bus\u003e on pcib0\nvgapci0: \u003cVGA-compatible display\u003e port 0x30c0-0x30c7 mem\n0xe0300000-0xe037ffff,0xd0000000-0xdfffffff,0xe0200000-0xe02fffff irq\n16 at device 2.0 on pci0\nagp0: \u003cIntel Pineview SVGA controller\u003e on vgapci0\nagp0: aperture size is 256M, detected 8188k stolen memory\nhdac0: \u003cIntel 82801G HDA Controller\u003e mem 0xe0380000-0xe0383fff irq 22\nat device 27.0 on pci0\npcib1: \u003cACPI PCI-PCI bridge\u003e at device 28.0 on pci0\npcib1: failed to allocate initial prefetch window: 0xe0000000-0xe00fffff\npci1: \u003cACPI PCI bus\u003e on pcib1\nre0: \u003cRealTek 8168/8111 B/C/CP/D/DP/E/F PCIe Gigabit Ethernet\u003e port\n0x2000-0x20ff irq 16 at device 0.0 on pci1\nre0: Using 1 MSI-X message\nre0: Chip rev. 0x28000000\nre0: MAC rev. 0x00000000\nre0: PHY read failed\nre0: attaching PHYs failed\ndevice_attach: re0 attach returned 6\npcib2: \u003cACPI PCI-PCI bridge\u003e at device 28.1 on pci0\npci2: \u003cACPI PCI bus\u003e on pcib2\npcib3: \u003cACPI PCI-PCI bridge\u003e at device 28.2 on pci0\npci3: \u003cACPI PCI bus\u003e on pcib3\npcib4: \u003cACPI PCI-PCI bridge\u003e at device 28.3 on pci0\npci4: \u003cACPI PCI bus\u003e on pcib4\nuhci0: \u003cIntel 82801G (ICH7) USB controller USB-A\u003e port 0x3080-0x309f\nirq 23 at device 29.0 on pci0\nuhci0: LegSup = 0x2f00\nusbus0 on uhci0\nuhci1: \u003cIntel 82801G (ICH7) USB controller USB-B\u003e port 0x3060-0x307f\nirq 19 at device 29.1 on pci0\nuhci1: LegSup = 0x2f00\nusbus1 on uhci1\nuhci2: \u003cIntel 82801G (ICH7) USB controller USB-C\u003e port 0x3040-0x305f\nirq 18 at device 29.2 on pci0\nuhci2: LegSup = 0x2f00\nusbus2 on uhci2\nuhci3: \u003cIntel 82801G (ICH7) USB controller USB-D\u003e port 0x3020-0x303f\nirq 16 at device 29.3 on pci0\nuhci3: LegSup = 0x2f00\nusbus3 on uhci3\nehci0: \u003cIntel 82801GB/R (ICH7) USB 2.0 controller\u003e mem\n0xe0384400-0xe03847ff irq 23 at device 29.7 on pci0\nusbus4: EHCI version 1.0\nusbus4 on ehci0\npcib5: \u003cACPI PCI-PCI bridge\u003e at device 30.0 on pci0\npcib5: failed to allocate initial memory window: 0xe0100000-0xe01fffff\npci5: \u003cACPI PCI bus\u003e on pcib5\nem0: \u003cIntel(R) PRO/1000 Legacy Network Connection 1.0.4\u003e port\n0x1000-0x103f irq 21 at device 0.0 on pci5\nem0: Setup of Shared code failed\ndevice_attach: em0 attach returned 6\nisab0: \u003cPCI-ISA bridge\u003e at device 31.0 on pci0\nisa0: \u003cISA bus\u003e on isab0\natapci0: \u003cIntel ICH7 SATA300 controller\u003e port\n0x30b8-0x30bf,0x30cc-0x30cf,0x30b0-0x30b7,0x30c8-0x30cb,0x30a0-0x30af\nmem 0xe0384000-0xe03843ff irq 19 at device 31.2 on pci0\nata2: \u003cATA channel\u003e at channel 0 on atapci0\nata3: \u003cATA channel\u003e at channel 1 on atapci0\npci0: \u003cserial bus, SMBus\u003e at device 31.3 (no driver attached)\natkbdc0: \u003cKeyboard controller (i8042)\u003e port 0x60,0x64 irq 1 on acpi0\natkbd0: \u003cAT Keyboard\u003e irq 1 on atkbdc0\nkbd0 at atkbd0\natkbd0: [GIANT-LOCKED]\nppc0: \u003cParallel port\u003e port 0x378-0x37f irq 7 on acpi0\nppc0: SMC-like chipset (ECP/EPP/PS2/NIBBLE) in COMPATIBLE mode\nppc0: FIFO with 16/16/16 bytes threshold\nppbus0: \u003cParallel port bus\u003e on ppc0\nplip0: \u003cPLIP network interface\u003e on ppbus0\nlpt0: \u003cPrinter\u003e on ppbus0\nlpt0: Interrupt-driven port\nppi0: \u003cParallel I/O\u003e on ppbus0\nuart1: \u003c16550 or compatible\u003e port 0x2f8-0x2ff irq 3 on acpi0\nuart0: \u003c16550 or compatible\u003e port 0x3f8-0x3ff irq 4 flags 0x10 on acpi0\norm0: \u003cISA Option ROM\u003e at iomem 0xce000-0xcefff on isa0\nsc0: \u003cSystem console\u003e at flags 0x100 on isa0\nsc0: VGA \u003c16 virtual consoles, flags=0x300\u003e\nvga0: \u003cGeneric ISA VGA\u003e at port 0x3c0-0x3df iomem 0xa0000-0xbffff on isa0\np4tcc0: \u003cCPU Frequency Thermal Control\u003e on cpu0\np4tcc1: \u003cCPU Frequency Thermal Control\u003e on cpu1\np4tcc2: \u003cCPU Frequency Thermal Control\u003e on cpu2\np4tcc3: \u003cCPU Frequency Thermal Control\u003e on cpu3\nZFS NOTICE: Prefetch is disabled by default if less than 4GB of RAM is present;\n            to enable, add \"vfs.zfs.prefetch_disable=0\" to /boot/loader.conf.\nZFS filesystem version 5\nZFS storage pool version 28\nTimecounters tick every 1.000 msec\nhdacc0: \u003cRealtek ALC662 HDA CODEC\u003e at cad 2 on hdac0\nhdaa0: \u003cRealtek ALC662 Audio Function Group\u003e at nid 1 on hdacc0\npcm0: \u003cRealtek ALC662 (Analog)\u003e at nid 20 and 24,25,26 on hdaa0\npcm1: \u003cRealtek ALC662 (Front Analog Headphones)\u003e at nid 27 on hdaa0\npcm2: \u003cRealtek ALC662 (Onboard Digital)\u003e at nid 30 on hdaa0\nusbus0: 12Mbps Full Speed USB v1.0\nusbus1: 12Mbps Full Speed USB v1.0\nusbus2: 12Mbps Full Speed USB v1.0\nusbus3: 12Mbps Full Speed USB v1.0\nusbus4: 480Mbps High Speed USB v2.0\nugen0.1: \u003cIntel\u003e at usbus0\nuhub0: \u003cIntel UHCI root HUB, class 9/0, rev 1.00/1.00, addr 1\u003e on usbus0\nugen1.1: \u003cIntel\u003e at usbus1\nuhub1: \u003cIntel UHCI root HUB, class 9/0, rev 1.00/1.00, addr 1\u003e on usbus1\nugen2.1: \u003cIntel\u003e at usbus2\nuhub2: \u003cIntel UHCI root HUB, class 9/0, rev 1.00/1.00, addr 1\u003e on usbus2\nugen3.1: \u003cIntel\u003e at usbus3\nuhub3: \u003cIntel UHCI root HUB, class 9/0, rev 1.00/1.00, addr 1\u003e on usbus3\nugen4.1: \u003cIntel\u003e at usbus4\nuhub4: \u003cIntel EHCI root HUB, class 9/0, rev 2.00/1.00, addr 1\u003e on usbus4\nuhub0: 2 ports with 2 removable, self powered\nuhub1: 2 ports with 2 removable, self powered\nuhub2: 2 ports with 2 removable, self powered\nuhub3: 2 ports with 2 removable, self powered\nada0 at ata2 bus 0 scbus0 target 0 lun 0\nada0: \u003cST31000528AS CC38\u003e ATA-8 SATA 2.x device\nada0: 300.000MB/s transfers (SATA 2.x, UDMA5, PIO 8192bytes)\nada0: 953869MB (1953525168 512 byte sectors: 16H 63S/T 16383C)\nada0: Previously was known as ad4\nada1 at ata3 bus 0 scbus1 target 0 lun 0\nada1: \u003cST31000528AS CC38\u003e ATA-8 SATA 2.x device\nada1: 300.000MB/s transfers (SATA 2.x, UDMA5, PIO 8192bytes)\nada1: 953869MB (1953525168 512 byte sectors: 16H 63S/T 16383C)\nada1: Previously was known as ad6\nlapic1: Forcing LINT1 to edge trigger\nSMP: AP CPU #1 Launched!\nlapic2: Forcing LINT1 to edge trigger\nSMP: AP CPU #2 Launched!\nlapic3: Forcing LINT1 to edge trigger\nSMP: AP CPU #3 Launched!\nTimecounter \"TSC-low\" frequency 12990011 Hz quality 1000\nGEOM_MIRROR: Device mirror/swap launched (2/2).\nRoot mount waiting for: usbus4\nuhub4: 8 ports with 8 removable, self powered\nTrying to mount root from zfs:zroot []...\n==="
}