{
 "id": 561371,
 "bug_id": 147338,
 "attachment_id": 0,
 "creation_time": "2010-06-02T20:10:04Z",
 "creator": "mchojno@iem.pw.edu.pl",
 "text": "\nThe hardware of my workstation is based on ASUS P5LD2-SE motherboard. If I install 2x512MB of RAM, the dmesg says that installed memory is 1GB but available only 512MB. On the other hand, if I install 4x512MB the message is 2GB installed and 1GB available. Always the half of the memory installed. The motherboard has four DIMMs, all filled.\n\nMany thanks in advance for any help.\n\nHere's the dmesg output after \"boot -v\":\nPreloaded elf module \"/boot/kernel/zlib.ko\" at 0xc17824e8.\nPreloaded elf module \"/boot/kernel/geom_journal.ko\" at 0xc1782594.\nPreloaded elf module \"/boot/kernel/geom_mirror.ko\" at 0xc1782648.\nPreloaded elf module \"/boot/kernel/geom_uzip.ko\" at 0xc17826f8.\nPreloaded elf module \"/boot/kernel/linux.ko\" at 0xc17827a8.\nPreloaded elf module \"/boot/kernel/if_ipw.ko\" at 0xc1782854.\nPreloaded elf module \"/boot/kernel/if_iwi.ko\" at 0xc1782900.\nPreloaded elf module \"/boot/kernel/if_wpi.ko\" at 0xc17829ac.\nPreloaded elf module \"/boot/kernel/sound.ko\" at 0xc1782a58.\nPreloaded elf module \"/boot/kernel/ulpt.ko\" at 0xc1782b04.\nPreloaded elf module \"/boot/kernel/snd_uaudio.ko\" at 0xc1782bb0.\nPreloaded elf module \"/boot/modules/nvidia.ko\" at 0xc1782c60.\nPreloaded elf module \"/boot/kernel/if_iwn.ko\" at 0xc1782d0c.\nPreloaded elf module \"/boot/kernel/mmc.ko\" at 0xc1782db8.\nPreloaded elf module \"/boot/kernel/mmcsd.ko\" at 0xc1782e60.\nPreloaded elf module \"/boot/kernel/ahci.ko\" at 0xc1782f0c.\nPreloaded elf module \"/boot/kernel/sdhci.ko\" at 0xc1782fb8.\nPreloaded elf module \"/boot/kernel/scd.ko\" at 0xc1783064.\nPreloaded elf module \"/boot/kernel/libiconv.ko\" at 0xc178310c.\nPreloaded elf module \"/boot/kernel/libmchain.ko\" at 0xc17831bc.\nPreloaded elf module \"/boot/kernel/cd9660_iconv.ko\" at 0xc178326c.\nPreloaded elf module \"/boot/kernel/msdosfs_iconv.ko\" at 0xc1783320.\nPreloaded elf module \"/boot/kernel/ntfs_iconv.ko\" at 0xc17833d4.\nPreloaded elf module \"/boot/kernel/udf.ko\" at 0xc1783484.\nPreloaded elf module \"/boot/kernel/udf_iconv.ko\" at 0xc178352c.\nPreloaded elf module \"/boot/kernel/tmpfs.ko\" at 0xc17835dc.\nmodule_register: module uhub/ulpt already exists!\nModule uhub/ulpt failed to register: 17\nTimecounter \"i8254\" frequency 1193182 Hz quality 0\nCalibrating TSC clock ... TSC clock: 3412090757 Hz\nCPU: Intel(R) Pentium(R) D CPU 3.40GHz (3412.09-MHz 686-class CPU)\n  Origin = \"GenuineIntel\"  Id = 0xf64  Stepping = 4\n  Features=0xbfebfbff\u003cFPU,VME,DE,PSE,TSC,MSR,PAE,MCE,CX8,APIC,SEP,MTRR,PGE,MCA,CMOV,PAT,PSE36,CLFLUSH,DTS,ACPI,MMX,FXSR,SSE,SSE2,SS,HTT,TM,PBE\u003e\n  Features2=0xe49d\u003cSSE3,DTES64,MON,DS_CPL,EST,CNXT-ID,CX16,xTPR,PDCM\u003e\n  AMD Features=0x20100000\u003cNX,LM\u003e\n  AMD Features2=0x1\u003cLAHF\u003e\n  TSC: P-state invariant\n\nInstruction TLB: 4 KB, 2 MB or 4 MB pages, fully associative, 128 entries\nData TLB: 4 KB or 4 MB pages, fully associative, 64 entries\n1st-level data cache: 16 KB, 8-way set associative, sectored cache, 64 byte line size\nTrace cache: 12K-uops, 8-way set associative\n2nd-level cache: 2-MB, 8-way set associative, 64-byte line size\nL2 cache: 2048 kbytes, 8-way associative, 64 bytes/line\nreal memory  = 2147483648 (2048 MB)\nPhysical memory chunk(s):\n0x0000000000001000 - 0x000000000009efff, 647168 bytes (158 pages)\n0x0000000000100000 - 0x00000000003fffff, 3145728 bytes (768 pages)\n0x0000000001826000 - 0x000000003edc2fff, 1029296128 bytes (251293 pages)\n0x0000000040001000 - 0x0000000040002fff, 8192 bytes (2 pages)\n0x0000000040004000 - 0x0000000040005fff, 8192 bytes (2 pages)\n0x0000000040009000 - 0x0000000040009fff, 4096 bytes (1 pages)\n0x000000004000b000 - 0x0000000040011fff, 28672 bytes (7 pages)\n0x0000000040017000 - 0x0000000040017fff, 4096 bytes (1 pages)\n0x000000004001b000 - 0x000000004001cfff, 8192 bytes (2 pages)\n0x000000004001e000 - 0x000000004002ffff, 73728 bytes (18 pages)\navail memory = 1028018176 (980 MB)\nTable 'FACP' at 0x7ff90290\nTable 'APIC' at 0x7ff90390\nMADT: Found table at 0x7ff90390\nMP Configuration Table version 1.1 found at 0xc00f1740\nAPIC: Using the MADT enumerator.\nMADT: Found CPU APIC ID 0 ACPI ID 1: enabled\nSMP: Added CPU 0 (AP)\nMADT: Found CPU APIC ID 1 ACPI ID 2: enabled\nSMP: Added CPU 1 (AP)\nMADT: Found CPU APIC ID 130 ACPI ID 3: disabled\nMADT: Found CPU APIC ID 131 ACPI ID 4: disabled\nACPI APIC Table: \u003cA_M_I_ OEMAPIC \u003e\nINTR: Adding local APIC 1 as a target\nFreeBSD/SMP: Multiprocessor System Detected: 2 CPUs\nFreeBSD/SMP: 1 package(s) x 2 core(s)\n cpu0 (BSP): APIC ID:  0\n cpu1 (AP): APIC ID:  1\nbios32: Found BIOS32 Service Directory header at 0xc00f0000\nbios32: Entry = 0xf0010 (c00f0010)  Rev = 0  Len = 1\npcibios: PCI BIOS entry at 0xf0000+0x31\npnpbios: Found PnP BIOS data at 0xc00f7c80\npnpbios: Entry = f0000:8c2a  Rev = 1.0\nOther BIOS signatures found:\nAPIC: CPU 0 has ACPI ID 1\nAPIC: CPU 1 has ACPI ID 2\nULE: setup cpu 0\nULE: setup cpu 1\nACPI: RSDP 0xface0 00024 (v2 ACPIAM)\nACPI: XSDT 0x7ff90100 0004C (v1 A_M_I_ OEMXSDT  08000716 MSFT 00000097)\nACPI: FACP 0x7ff90290 000F4 (v3 A_M_I_ OEMFACP  08000716 MSFT 00000097)\nACPI: DSDT 0x7ff90410 085E8 (v1  A0402 A0402000 00000000 INTL 20060113)\nACPI: FACS 0x7ff9e000 00040\nACPI: APIC 0x7ff90390 00080 (v1 A_M_I_ OEMAPIC  08000716 MSFT 00000097)\nACPI: OEMB 0x7ff9e040 00066 (v1 A_M_I_ AMI_OEM  08000716 MSFT 00000097)\nACPI: HPET 0x7ff98a00 00038 (v1 A_M_I_ OEMHPET  08000716 MSFT 00000097)\nACPI: MCFG 0x7ff98a40 0003C (v1 A_M_I_ OEMMCFG  08000716 MSFT 00000097)\nMADT: Found IO APIC ID 2, Interrupt 0 at 0xfec00000\nioapic0: Routing external 8259A's -\u003e intpin 0\nMADT: Interrupt override: source 0, irq 2\nioapic0: Routing IRQ 0 -\u003e intpin 2\nMADT: Interrupt override: source 9, irq 9\nioapic0: intpin 9 trigger: level\nMADT: Interrupt override: source 0, irq 2\nioapic0: Routing IRQ 0 -\u003e intpin 2\nMADT: Interrupt override: source 9, irq 9\nioapic0 \u003cVersion 2.0\u003e irqs 0-23 on motherboard\ncpu0 BSP:\n     ID: 0x00000000   VER: 0x00050014 LDR: 0x00000000 DFR: 0xffffffff\n  lint0: 0x00010700 lint1: 0x00000400 TPR: 0x00000000 SVR: 0x000001ff\n  timer: 0x000100ef therm: 0x00010000 err: 0x0001000f pcm: 0x00010400\nsnd_unit_init() u=0x00ff8000 [512] d=0x00007c00 [32] c=0x000003ff [1024]\nfeeder_register: snd_unit=-1 snd_maxautovchans=16 latency=5 feeder_rate_min=1 feeder_rate_max=2016000 feeder_rate_round=25\nwlan: \u003c802.11 Link Layer\u003e\nrandom: \u003centropy source, Software, Yarrow\u003e\nnfslock: pseudo-device\nio: \u003cI/O\u003e\nkbd: new array size 4\nkbd1 at kbdmux0\nmem: \u003cmemory\u003e\nPentium Pro MTRR support enabled\ncrypto: \u003ccrypto core\u003e\nnull: \u003cnull device, zero device\u003e\nhptrr: RocketRAID 17xx/2xxx SATA controller driver v1.2\nnpx0: INT 16 interface\ncryptosoft0: \u003csoftware crypto\u003e on motherboard\ncrypto: assign cryptosoft0 driver id 0, flags 100663296\ncrypto: cryptosoft0 registers alg 1 flags 0 maxoplen 0\ncrypto: cryptosoft0 registers alg 2 flags 0 maxoplen 0\ncrypto: cryptosoft0 registers alg 3 flags 0 maxoplen 0\ncrypto: cryptosoft0 registers alg 4 flags 0 maxoplen 0\ncrypto: cryptosoft0 registers alg 5 flags 0 maxoplen 0\ncrypto: cryptosoft0 registers alg 16 flags 0 maxoplen 0\ncrypto: cryptosoft0 registers alg 6 flags 0 maxoplen 0\ncrypto: cryptosoft0 registers alg 7 flags 0 maxoplen 0\ncrypto: cryptosoft0 registers alg 18 flags 0 maxoplen 0\ncrypto: cryptosoft0 registers alg 19 flags 0 maxoplen 0\ncrypto: cryptosoft0 registers alg 20 flags 0 maxoplen 0\ncrypto: cryptosoft0 registers alg 8 flags 0 maxoplen 0\ncrypto: cryptosoft0 registers alg 15 flags 0 maxoplen 0\ncrypto: cryptosoft0 registers alg 9 flags 0 maxoplen 0\ncrypto: cryptosoft0 registers alg 10 flags 0 maxoplen 0\ncrypto: cryptosoft0 registers alg 13 flags 0 maxoplen 0\ncrypto: cryptosoft0 registers alg 14 flags 0 maxoplen 0\ncrypto: cryptosoft0 registers alg 11 flags 0 maxoplen 0\ncrypto: cryptosoft0 registers alg 21 flags 0 maxoplen 0\ncrypto: cryptosoft0 registers alg 17 flags 0 maxoplen 0\nacpi0: \u003cA_M_I_ OEMXSDT\u003e on motherboard\nPCIe: Memory Mapped configuration base @ 0xf0000000\npcibios: BIOS version 2.10\nioapic0: routing intpin 9 (ISA IRQ 9) to lapic 0 vector 48\nacpi0: [MPSAFE]\nacpi0: [ITHREAD]\nacpi0: Power Button (fixed)\nacpi0: wakeup code va 0xc46b8000 pa 0x1000\nAcpiOsDerivePciId: \\\\_SB_.PCI0.IDE0.PAR9 -\u003e bus 0 dev 31 func 1\nAcpiOsDerivePciId: \\\\_SB_.PCI0.IDE1.SAR9 -\u003e bus 0 dev 31 func 2\nAcpiOsDerivePciId: \\\\_SB_.PCI0.SBRG.PIX0 -\u003e bus 0 dev 31 func 0\nacpi0: reservation of 0, a0000 (3) failed\nacpi0: reservation of 100000, 7ff00000 (3) failed\nACPI timer: 1/0 1/0 1/0 1/0 1/0 1/0 1/0 1/0 1/0 1/0 -\u003e 10\nTimecounter \"ACPI-fast\" frequency 3579545 Hz quality 1000\nacpi_timer0: \u003c24-bit timer at 3.579545MHz\u003e port 0x808-0x80b on acpi0\npci_link0:        Index  IRQ  Rtd  Ref  IRQs\n  Initial Probe       0   11   N     0  3 4 5 6 7 10 11 12 14 15\n  Validation          0   11   N     0  3 4 5 6 7 10 11 12 14 15\n  After Disable       0  255   N     0  3 4 5 6 7 10 11 12 14 15\npci_link1:        Index  IRQ  Rtd  Ref  IRQs\n  Initial Probe       0    3   N     0  3 4 5 6 7 10 11 12 14 15\n  Validation          0    3   N     0  3 4 5 6 7 10 11 12 14 15\n  After Disable       0  255   N     0  3 4 5 6 7 10 11 12 14 15\npci_link2:        Index  IRQ  Rtd  Ref  IRQs\n  Initial Probe       0    5   N     0  3 4 5 6 7 10 11 12 14 15\n  Validation          0    5   N     0  3 4 5 6 7 10 11 12 14 15\n  After Disable       0  255   N     0  3 4 5 6 7 10 11 12 14 15\npci_link3:        Index  IRQ  Rtd  Ref  IRQs\n  Initial Probe       0   10   N     0  3 4 5 6 7 10 11 12 14 15\n  Validation          0   10   N     0  3 4 5 6 7 10 11 12 14 15\n  After Disable       0  255   N     0  3 4 5 6 7 10 11 12 14 15\npci_link4:        Index  IRQ  Rtd  Ref  IRQs\n  Initial Probe       0   11   N     0  3 4 5 6 7 10 11 12 14 15\n  Validation          0   11   N     0  3 4 5 6 7 10 11 12 14 15\n  After Disable       0  255   N     0  3 4 5 6 7 10 11 12 14 15\npci_link5:        Index  IRQ  Rtd  Ref  IRQs\n  Initial Probe       0  255   N     0  3 4 5 6 7 10 11 12 14 15\n  Validation          0  255   N     0  3 4 5 6 7 10 11 12 14 15\n  After Disable       0  255   N     0  3 4 5 6 7 10 11 12 14 15\npci_link6:        Index  IRQ  Rtd  Ref  IRQs\n  Initial Probe       0  255   N     0  3 4 5 6 7 10 11 12 14 15\n  Validation          0  255   N     0  3 4 5 6 7 10 11 12 14 15\n  After Disable       0  255   N     0  3 4 5 6 7 10 11 12 14 15\npci_link7:        Index  IRQ  Rtd  Ref  IRQs\n  Initial Probe       0    5   N     0  3 4 5 6 7 10 11 12 14 15\n  Validation          0    5   N     0  3 4 5 6 7 10 11 12 14 15\n  After Disable       0  255   N     0  3 4 5 6 7 10 11 12 14 15\nacpi_hpet0: \u003cHigh Precision Event Timer\u003e iomem 0xfed00000-0xfed003ff on acpi0\nacpi_hpet0: vend: 0x8086 rev: 0x1 num: 2 hz: 14318180 opts: legacy_route 64-bit\nTimecounter \"HPET\" frequency 14318180 Hz quality 900\npcib0: \u003cACPI Host-PCI bridge\u003e port 0xcf8-0xcff on acpi0\npci0: \u003cACPI PCI bus\u003e on pcib0\npci0: domain=0, physical bus=0\nfound-\u003e\tvendor=0x8086, dev=0x2770, revid=0x02\n\tdomain=0, bus=0, slot=0, func=0\n\tclass=06-00-00, hdrtype=0x00, mfdev=0\n\tcmdreg=0x0006, statreg=0x2090, cachelnsz=0 (dwords)\n\tlattimer=0x00 (0 ns), mingnt=0x00 (0 ns), maxlat=0x00 (0 ns)\nfound-\u003e\tvendor=0x8086, dev=0x2771, revid=0x02\n\tdomain=0, bus=0, slot=1, func=0\n\tclass=06-04-00, hdrtype=0x01, mfdev=0\n\tcmdreg=0x0107, statreg=0x0010, cachelnsz=4 (dwords)\n\tlattimer=0x00 (0 ns), mingnt=0x0a (2500 ns), maxlat=0x00 (0 ns)\n\tintpin=a, irq=11\n\tpowerspec 2  supports D0 D3  current D0\n\tMSI supports 1 message\npcib0: matched entry for 0.1.INTA\npcib0: slot 1 INTA hardwired to IRQ 16\nfound-\u003e\tvendor=0x8086, dev=0x27d8, revid=0x01\n\tdomain=0, bus=0, slot=27, func=0\n\tclass=04-03-00, hdrtype=0x00, mfdev=0\n\tcmdreg=0x0006, statreg=0x0010, cachelnsz=4 (dwords)\n\tlattimer=0x00 (0 ns), mingnt=0x00 (0 ns), maxlat=0x00 (0 ns)\n\tintpin=a, irq=10\n\tpowerspec 2  supports D0 D3  current D0\n\tMSI supports 1 message, 64 bit\n\tmap[10]: type Memory, range 64, base 0xddcfc000, size 14, enabled\npcib0: matched entry for 0.27.INTA\npcib0: slot 27 INTA hardwired to IRQ 19\nfound-\u003e\tvendor=0x8086, dev=0x27d0, revid=0x01\n\tdomain=0, bus=0, slot=28, func=0\n\tclass=06-04-00, hdrtype=0x01, mfdev=1\n\tcmdreg=0x0107, statreg=0x0010, cachelnsz=4 (dwords)\n\tlattimer=0x00 (0 ns), mingnt=0x06 (1500 ns), maxlat=0x00 (0 ns)\n\tintpin=a, irq=11\n\tpowerspec 2  supports D0 D3  current D0\n\tMSI supports 1 message\npcib0: matched entry for 0.28.INTA\npcib0: slot 28 INTA hardwired to IRQ 16\nfound-\u003e\tvendor=0x8086, dev=0x27d6, revid=0x01\n\tdomain=0, bus=0, slot=28, func=3\n\tclass=06-04-00, hdrtype=0x01, mfdev=1\n\tcmdreg=0x0107, statreg=0x0010, cachelnsz=4 (dwords)\n\tlattimer=0x00 (0 ns), mingnt=0x06 (1500 ns), maxlat=0x00 (0 ns)\n\tintpin=d, irq=10\n\tpowerspec 2  supports D0 D3  current D0\n\tMSI supports 1 message\npcib0: matched entry for 0.28.INTD\npcib0: slot 28 INTD hardwired to IRQ 19\nfound-\u003e\tvendor=0x8086, dev=0x27c8, revid=0x01\n\tdomain=0, bus=0, slot=29, func=0\n\tclass=0c-03-00, hdrtype=0x00, mfdev=1\n\tcmdreg=0x0005, statreg=0x0280, cachelnsz=0 (dwords)\n\tlattimer=0x00 (0 ns), mingnt=0x00 (0 ns), maxlat=0x00 (0 ns)\n\tintpin=a, irq=11\n\tmap[20]: type I/O Port, range 32, base 0x8000, size  5, enabled\npcib0: matched entry for 0.29.INTA\npcib0: slot 29 INTA hardwired to IRQ 20\nfound-\u003e\tvendor=0x8086, dev=0x27c9, revid=0x01\n\tdomain=0, bus=0, slot=29, func=1\n\tclass=0c-03-00, hdrtype=0x00, mfdev=0\n\tcmdreg=0x0005, statreg=0x0280, cachelnsz=0 (dwords)\n\tlattimer=0x00 (0 ns), mingnt=0x00 (0 ns), maxlat=0x00 (0 ns)\n\tintpin=b, irq=3\n\tmap[20]: type I/O Port, range 32, base 0x8400, size  5, enabled\npcib0: matched entry for 0.29.INTB\npcib0: slot 29 INTB hardwired to IRQ 17\nfound-\u003e\tvendor=0x8086, dev=0x27ca, revid=0x01\n\tdomain=0, bus=0, slot=29, func=2\n\tclass=0c-03-00, hdrtype=0x00, mfdev=0\n\tcmdreg=0x0005, statreg=0x0280, cachelnsz=0 (dwords)\n\tlattimer=0x00 (0 ns), mingnt=0x00 (0 ns), maxlat=0x00 (0 ns)\n\tintpin=c, irq=5\n\tmap[20]: type I/O Port, range 32, base 0x8800, size  5, enabled\npcib0: matched entry for 0.29.INTC\npcib0: slot 29 INTC hardwired to IRQ 18\nfound-\u003e\tvendor=0x8086, dev=0x27cb, revid=0x01\n\tdomain=0, bus=0, slot=29, func=3\n\tclass=0c-03-00, hdrtype=0x00, mfdev=0\n\tcmdreg=0x0005, statreg=0x0280, cachelnsz=0 (dwords)\n\tlattimer=0x00 (0 ns), mingnt=0x00 (0 ns), maxlat=0x00 (0 ns)\n\tintpin=d, irq=10\n\tmap[20]: type I/O Port, range 32, base 0x9000, size  5, enabled\npcib0: matched entry for 0.29.INTD\npcib0: slot 29 INTD hardwired to IRQ 19\nfound-\u003e\tvendor=0x8086, dev=0x244e, revid=0xe1\n\tdomain=0, bus=0, slot=30, func=0\n\tclass=06-04-01, hdrtype=0x01, mfdev=0\n\tcmdreg=0x0107, statreg=0x0010, cachelnsz=0 (dwords)\n\tlattimer=0x00 (0 ns), mingnt=0x06 (1500 ns), maxlat=0x00 (0 ns)\nfound-\u003e\tvendor=0x8086, dev=0x27b8, revid=0x01\n\tdomain=0, bus=0, slot=31, func=0\n\tclass=06-01-00, hdrtype=0x00, mfdev=1\n\tcmdreg=0x0007, statreg=0x0210, cachelnsz=0 (dwords)\n\tlattimer=0x00 (0 ns), mingnt=0x00 (0 ns), maxlat=0x00 (0 ns)\nfound-\u003e\tvendor=0x8086, dev=0x27df, revid=0x01\n\tdomain=0, bus=0, slot=31, func=1\n\tclass=01-01-8a, hdrtype=0x00, mfdev=0\n\tcmdreg=0x0005, statreg=0x0280, cachelnsz=0 (dwords)\n\tlattimer=0x00 (0 ns), mingnt=0x00 (0 ns), maxlat=0x00 (0 ns)\n\tintpin=a, irq=255\n\tmap[20]: type I/O Port, range 32, base 0xffa0, size  4, enabled\nfound-\u003e\tvendor=0x8086, dev=0x27c0, revid=0x01\n\tdomain=0, bus=0, slot=31, func=2\n\tclass=01-01-8f, hdrtype=0x00, mfdev=0\n\tcmdreg=0x0005, statreg=0x02b0, cachelnsz=0 (dwords)\n\tlattimer=0x00 (0 ns), mingnt=0x00 (0 ns), maxlat=0x00 (0 ns)\n\tintpin=b, irq=5\n\tpowerspec 2  supports D0 D3  current D0\n\tmap[10]: type I/O Port, range 32, base 0xa800, size  3, enabled\n\tmap[14]: type I/O Port, range 32, base 0xa400, size  2, enabled\n\tmap[18]: type I/O Port, range 32, base 0xa000, size  3, enabled\n\tmap[1c]: type I/O Port, range 32, base 0x9800, size  2, enabled\n\tmap[20]: type I/O Port, range 32, base 0x9400, size  4, enabled\npcib0: matched entry for 0.31.INTB\npcib0: slot 31 INTB hardwired to IRQ 23\nfound-\u003e\tvendor=0x8086, dev=0x27da, revid=0x01\n\tdomain=0, bus=0, slot=31, func=3\n\tclass=0c-05-00, hdrtype=0x00, mfdev=0\n\tcmdreg=0x0001, statreg=0x0280, cachelnsz=0 (dwords)\n\tlattimer=0x00 (0 ns), mingnt=0x00 (0 ns), maxlat=0x00 (0 ns)\n\tintpin=b, irq=3\n\tmap[20]: type I/O Port, range 32, base 0x400, size  5, enabled\npcib0: matched entry for 0.31.INTB\npcib0: slot 31 INTB hardwired to IRQ 23\npcib1: \u003cACPI PCI-PCI bridge\u003e irq 16 at device 1.0 on pci0\npcib1:   domain            0\npcib1:   secondary bus     4\npcib1:   subordinate bus   4\npcib1:   I/O decode        0xe000-0xefff\npcib1:   memory decode     0xddf00000-0xdfffffff\npcib1:   prefetched decode 0xe0000000-0xefffffff\npci4: \u003cACPI PCI bus\u003e on pcib1\npci4: domain=0, physical bus=4\nfound-\u003e\tvendor=0x10de, dev=0x01df, revid=0xa1\n\tdomain=0, bus=4, slot=0, func=0\n\tclass=03-00-00, hdrtype=0x00, mfdev=0\n\tcmdreg=0x0007, statreg=0x0010, cachelnsz=4 (dwords)\n\tlattimer=0x00 (0 ns), mingnt=0x00 (0 ns), maxlat=0x00 (0 ns)\n\tintpin=a, irq=11\n\tpowerspec 2  supports D0 D3  current D0\n\tMSI supports 1 message, 64 bit\n\tmap[10]: type Memory, range 32, base 0xdf000000, size 24, enabled\npcib1: requested memory range 0xdf000000-0xdfffffff: good\n\tmap[14]: type Prefetchable Memory, range 64, base 0xe0000000, size 28, enabled\npcib1: requested memory range 0xe0000000-0xefffffff: good\n\tmap[1c]: type Memory, range 64, base 0xde000000, size 24, enabled\npcib1: requested memory range 0xde000000-0xdeffffff: good\npcib1: matched entry for 4.0.INTA\npcib1: slot 0 INTA hardwired to IRQ 16\nvgapci0: \u003cVGA-compatible display\u003e mem 0xdf000000-0xdfffffff,0xe0000000-0xefffffff,0xde000000-0xdeffffff irq 16 at device 0.0 on pci4\nnvidia0: \u003cGeForce 7300 GS\u003e on vgapci0\nvgapci0: child nvidia0 requested pci_enable_busmaster\nvgapci0: child nvidia0 requested pci_enable_io\nvgapci0: Reserved 0x1000000 bytes for rid 0x10 type 3 at 0xdf000000\nvgapci0: Reserved 0x10000000 bytes for rid 0x14 type 3 at 0xe0000000\nvgapci0: Reserved 0x1000000 bytes for rid 0x1c type 3 at 0xde000000\nioapic0: routing intpin 16 (PCI IRQ 16) to lapic 0 vector 49\nnvidia0: [GIANT-LOCKED]\nnvidia0: [ITHREAD]\npci0: \u003cmultimedia, HDA\u003e at device 27.0 (no driver attached)\npcib2: \u003cACPI PCI-PCI bridge\u003e irq 16 at device 28.0 on pci0\npcib2:   domain            0\npcib2:   secondary bus     3\npcib2:   subordinate bus   3\npcib2:   I/O decode        0xd000-0xdfff\npcib2:   no prefetched decode\npci3: \u003cACPI PCI bus\u003e on pcib2\npci3: domain=0, physical bus=3\npcib3: \u003cACPI PCI-PCI bridge\u003e irq 19 at device 28.3 on pci0\npcib3:   domain            0\npcib3:   secondary bus     2\npcib3:   subordinate bus   2\npcib3:   I/O decode        0xc000-0xcfff\npcib3:   memory decode     0xdde00000-0xddefffff\npcib3:   no prefetched decode\npci2: \u003cACPI PCI bus\u003e on pcib3\npci2: domain=0, physical bus=2\nfound-\u003e\tvendor=0x10ec, dev=0x8168, revid=0x01\n\tdomain=0, bus=2, slot=0, func=0\n\tclass=02-00-00, hdrtype=0x00, mfdev=0\n\tcmdreg=0x0007, statreg=0x0010, cachelnsz=4 (dwords)\n\tlattimer=0x00 (0 ns), mingnt=0x00 (0 ns), maxlat=0x00 (0 ns)\n\tintpin=a, irq=10\n\tpowerspec 2  supports D0 D1 D2 D3  current D0\n\tMSI supports 2 messages, 64 bit\n\tmap[10]: type I/O Port, range 32, base 0xc800, size  8, enabled\npcib3: requested I/O range 0xc800-0xc8ff: in range\n\tmap[18]: type Memory, range 64, base 0xddeff000, size 12, enabled\npcib3: requested memory range 0xddeff000-0xddefffff: good\npcib3: matched entry for 2.0.INTA\npcib3: slot 0 INTA hardwired to IRQ 19\nre0: \u003cRealTek 8168/8168B/8168C/8168CP/8168D/8168DP/8111B/8111C/8111CP/8111DP PCIe Gigabit Ethernet\u003e port 0xc800-0xc8ff mem 0xddeff000-0xddefffff irq 19 at device 0.0 on pci2\nre0: Reserved 0x1000 bytes for rid 0x18 type 3 at 0xddeff000\nre0: MSI count : 2\nre0: attempting to allocate 1 MSI vectors (2 supported)\nmsi: routing MSI IRQ 256 to local APIC 0 vector 50\nre0: using IRQ 256 for MSI\nre0: Using 1 MSI messages\nre0: Chip rev. 0x38000000\nre0: MAC rev. 0x00000000\nmiibus0: \u003cMII bus\u003e on re0\nrgephy0: \u003cRTL8169S/8110S/8211B media interface\u003e PHY 1 on miibus0\nrgephy0:  10baseT, 10baseT-FDX, 100baseTX, 100baseTX-FDX, 1000baseT, 1000baseT-FDX, auto\nre0: bpf attached\nre0: Ethernet address: 00:18:f3:78:01:9c\nre0: [MPSAFE]\nre0: [FILTER]\nuhci0: \u003cIntel 82801G (ICH7) USB controller USB-A\u003e port 0x8000-0x801f irq 20 at device 29.0 on pci0\nuhci0: Reserved 0x20 bytes for rid 0x20 type 4 at 0x8000\nioapic0: routing intpin 20 (PCI IRQ 20) to lapic 0 vector 51\nuhci0: [MPSAFE]\nuhci0: [ITHREAD]\nuhci0: LegSup = 0x0f30\nusbus0: \u003cIntel 82801G (ICH7) USB controller USB-A\u003e on uhci0\nuhci1: \u003cIntel 82801G (ICH7) USB controller USB-B\u003e port 0x8400-0x841f irq 17 at device 29.1 on pci0\nuhci1: Reserved 0x20 bytes for rid 0x20 type 4 at 0x8400\nioapic0: routing intpin 17 (PCI IRQ 17) to lapic 0 vector 52\nuhci1: [MPSAFE]\nuhci1: [ITHREAD]\nuhci1: LegSup = 0x0f30\nusbus1: \u003cIntel 82801G (ICH7) USB controller USB-B\u003e on uhci1\nuhci2: \u003cIntel 82801G (ICH7) USB controller USB-C\u003e port 0x8800-0x881f irq 18 at device 29.2 on pci0\nuhci2: Reserved 0x20 bytes for rid 0x20 type 4 at 0x8800\nioapic0: routing intpin 18 (PCI IRQ 18) to lapic 0 vector 53\nuhci2: [MPSAFE]\nuhci2: [ITHREAD]\nuhci2: LegSup = 0x0f30\nusbus2: \u003cIntel 82801G (ICH7) USB controller USB-C\u003e on uhci2\nuhci3: \u003cIntel 82801G (ICH7) USB controller USB-D\u003e port 0x9000-0x901f irq 19 at device 29.3 on pci0\nuhci3: Reserved 0x20 bytes for rid 0x20 type 4 at 0x9000\nioapic0: routing intpin 19 (PCI IRQ 19) to lapic 0 vector 54\nuhci3: [MPSAFE]\nuhci3: [ITHREAD]\nuhci3: LegSup = 0x0f30\nusbus3: \u003cIntel 82801G (ICH7) USB controller USB-D\u003e on uhci3\npcib4: \u003cACPI PCI-PCI bridge\u003e at device 30.0 on pci0\npcib4:   domain            0\npcib4:   secondary bus     1\npcib4:   subordinate bus   1\npcib4:   I/O decode        0xb000-0xbfff\npcib4:   memory decode     0xddd00000-0xdddfffff\npcib4:   no prefetched decode\npcib4:   Subtractively decoded bridge.\npci1: \u003cACPI PCI bus\u003e on pcib4\npci1: domain=0, physical bus=1\nfound-\u003e\tvendor=0x10ec, dev=0x8139, revid=0x10\n\tdomain=0, bus=1, slot=0, func=0\n\tclass=02-00-00, hdrtype=0x00, mfdev=0\n\tcmdreg=0x0007, statreg=0x0290, cachelnsz=0 (dwords)\n\tlattimer=0x40 (1920 ns), mingnt=0x20 (8000 ns), maxlat=0x40 (16000 ns)\n\tintpin=a, irq=3\n\tpowerspec 2  supports D0 D1 D2 D3  current D0\n\tmap[10]: type I/O Port, range 32, base 0xb800, size  8, enabled\npcib4: requested I/O range 0xb800-0xb8ff: in range\n\tmap[14]: type Memory, range 32, base 0xdddffc00, size  8, enabled\npcib4: requested memory range 0xdddffc00-0xdddffcff: good\npcib4: matched entry for 1.0.INTA\npcib4: slot 0 INTA hardwired to IRQ 17\nrl0: \u003cRealTek 8139 10/100BaseTX\u003e port 0xb800-0xb8ff mem 0xdddffc00-0xdddffcff irq 17 at device 0.0 on pci1\nrl0: Reserved 0x100 bytes for rid 0x10 type 4 at 0xb800\nmiibus1: \u003cMII bus\u003e on rl0\nrlphy0: \u003cRealTek internal media interface\u003e PHY 0 on miibus1\nrlphy0:  10baseT, 10baseT-FDX, 100baseTX, 100baseTX-FDX, auto\nrl0: bpf attached\nrl0: Ethernet address: 00:80:48:18:a9:78\nrl0: [MPSAFE]\nrl0: [ITHREAD]\nisab0: \u003cPCI-ISA bridge\u003e at device 31.0 on pci0\nisa0: \u003cISA bus\u003e on isab0\natapci0: \u003cIntel ICH7 UDMA100 controller\u003e port 0x1f0-0x1f7,0x3f6,0x170-0x177,0x376,0xffa0-0xffaf at device 31.1 on pci0\natapci0: Reserved 0x10 bytes for rid 0x20 type 4 at 0xffa0\nata0: \u003cATA channel 0\u003e on atapci0\natapci0: Reserved 0x8 bytes for rid 0x10 type 4 at 0x1f0\natapci0: Reserved 0x1 bytes for rid 0x14 type 4 at 0x3f6\nata0: reset tp1 mask=03 ostat0=50 ostat1=01\nata0: stat0=0x10 err=0x01 lsb=0x14 msb=0xeb\nata0: stat1=0x01 err=0x04 lsb=0x00 msb=0x00\nata0: reset tp2 stat0=10 stat1=01 devices=0x10000\nioapic0: routing intpin 14 (ISA IRQ 14) to lapic 0 vector 55\nata0: [MPSAFE]\nata0: [ITHREAD]\natapci1: \u003cIntel ICH7 SATA300 controller\u003e port 0xa800-0xa807,0xa400-0xa403,0xa000-0xa007,0x9800-0x9803,0x9400-0x940f irq 23 at device 31.2 on pci0\natapci1: Reserved 0x10 bytes for rid 0x20 type 4 at 0x9400\nioapic0: routing intpin 23 (PCI IRQ 23) to lapic 0 vector 56\natapci1: [MPSAFE]\natapci1: [ITHREAD]\nata2: \u003cATA channel 0\u003e on atapci1\natapci1: Reserved 0x8 bytes for rid 0x10 type 4 at 0xa800\natapci1: Reserved 0x4 bytes for rid 0x14 type 4 at 0xa400\nata2: reset tp1 mask=03 ostat0=50 ostat1=00\nata2: stat0=0x50 err=0x01 lsb=0x00 msb=0x00\nata2: stat1=0x00 err=0x01 lsb=0x00 msb=0x00\nata2: reset tp2 stat0=50 stat1=00 devices=0x1\nata2: [MPSAFE]\nata2: [ITHREAD]\nata3: \u003cATA channel 1\u003e on atapci1\natapci1: Reserved 0x8 bytes for rid 0x18 type 4 at 0xa000\natapci1: Reserved 0x4 bytes for rid 0x1c type 4 at 0x9800\nata3: reset tp1 mask=03 ostat0=7f ostat1=7f\nata3: stat0=0x7f err=0xff lsb=0xff msb=0xff\nata3: stat0=0x7f err=0xff lsb=0xff msb=0xff\nata3: stat0=0x7f err=0xff lsb=0xff msb=0xff\nata3: stat0=0x7f err=0xff lsb=0xff msb=0xff\nata3: stat0=0x7f err=0xff lsb=0xff msb=0xff\nata3: stat0=0x7f err=0xff lsb=0xff msb=0xff\nata3: stat0=0x7f err=0xff lsb=0xff msb=0xff\nata3: stat0=0x7f err=0xff lsb=0xff msb=0xff\nata3: stat0=0x7f err=0xff lsb=0xff msb=0xff\nata3: stat0=0x7f err=0xff lsb=0xff msb=0xff\nata3: stat0=0x7f err=0xff lsb=0xff msb=0xff\nata3: stat0=0x7f err=0xff lsb=0xff msb=0xff\nata3: stat0=0x7f err=0xff lsb=0xff msb=0xff\nata3: stat0=0x7f err=0xff lsb=0xff msb=0xff\nata3: stat0=0x7f err=0xff lsb=0xff msb=0xff\nata3: stat0=0x7f err=0xff lsb=0xff msb=0xff\nata3: stat0=0x7f err=0xff lsb=0xff msb=0xff\nata3: stat0=0x7f err=0xff lsb=0xff msb=0xff\nata3: stat0=0x7f err=0xff lsb=0xff msb=0xff\nata3: stat0=0x7f err=0xff lsb=0xff msb=0xff\nata3: stat0=0x7f err=0xff lsb=0xff msb=0xff\nata3: stat0=0x7f err=0xff lsb=0xff msb=0xff\nata3: stat1=0x7f err=0xff lsb=0xff msb=0xff\nata3: reset tp2 stat0=ff stat1=ff devices=0x0\nata3: [MPSAFE]\nata3: [ITHREAD]\npci0: \u003cserial bus, SMBus\u003e at device 31.3 (no driver attached)\nacpi_button0: \u003cPower Button\u003e on acpi0\natrtc0: \u003cAT realtime clock\u003e port 0x70-0x71 irq 8 on acpi0\natrtc0: registered as a time-of-day clock (resolution 1000000us)\nACPI Warning: \\\\_SB_.PCI0.SBRG.FDC_._FDE: Return type mismatch - found Package, expected Buffer 20090521 nspredef-1051\nfdc0: \u003cfloppy drive controller (FDE)\u003e port 0x3f0-0x3f5,0x3f7 irq 6 drq 2 on acpi0\nfdc0: ic_type 90 part_id 80\nioapic0: routing intpin 6 (ISA IRQ 6) to lapic 0 vector 57\nfdc0: [FILTER]\nfd0: \u003c1440-KB 3.5\" drive\u003e on fdc0 drive 0\nppc0: using extended I/O port range\nppc0: SPP ECP  ECP+EPP\nppc0: \u003cParallel port\u003e port 0x378-0x37f,0x778-0x77f irq 7 drq 3 on acpi0\nppc0: SMC-like chipset (ECP/EPP/PS2/NIBBLE) in COMPATIBLE mode\nppc0: FIFO with 16/16/9 bytes threshold\nioapic0: routing intpin 7 (ISA IRQ 7) to lapic 0 vector 58\nppc0: [MPSAFE]\nppc0: [ITHREAD]\nppbus0: \u003cParallel port bus\u003e on ppc0\nppi0: \u003cParallel I/O\u003e on ppbus0\nplip0: \u003cPLIP network interface\u003e on ppbus0\nplip0: bpf attached\nplip0: [MPSAFE]\nplip0: [ITHREAD]\nlpt0: \u003cPrinter\u003e on ppbus0\nlpt0: [MPSAFE]\nlpt0: [ITHREAD]\nlpt0: Interrupt-driven port\natkbdc0: \u003cKeyboard controller (i8042)\u003e port 0x60,0x64 irq 1 on acpi0\natkbd0: \u003cAT Keyboard\u003e irq 1 on atkbdc0\natkbd: the current kbd controller command byte 0065\natkbd: keyboard ID 0x41ab (2)\nkbd0 at atkbd0\nkbd0: atkbd0, AT 101/102 (2), config:0x0, flags:0x3d0000\nioapic0: routing intpin 1 (ISA IRQ 1) to lapic 0 vector 59\natkbd0: [GIANT-LOCKED]\natkbd0: [ITHREAD]\npsm0: unable to allocate IRQ\nuart0: \u003c16550 or compatible\u003e port 0x3f8-0x3ff irq 4 flags 0x10 on acpi0\nioapic0: routing intpin 4 (ISA IRQ 4) to lapic 0 vector 60\nuart0: [FILTER]\nuart0: fast interrupt\ncpu0: \u003cACPI CPU\u003e on acpi0\nACPI Warning: Incorrect checksum in table [OEMB] - BF, should be B2 20090521 tbutils-275\nACPI: SSDT 0x7ff9e0b0 00208 (v1    AMI   CPU1PM 00000001 INTL 20060113)\ncpu0: switching to generic Cx mode\nest0: \u003cEnhanced SpeedStep Frequency Control\u003e on cpu0\nest0: Invalid id16 (set, cur) = (3618, 3621)\nest0: Invalid freq 2800, ignored.\nest0: Invalid id16 (set, cur) = (3104, 3109)\nest0: Invalid freq 2400, ignored.\np4tcc0: \u003cCPU Frequency Thermal Control\u003e on cpu0\ncpu1: \u003cACPI CPU\u003e on acpi0\nACPI: SSDT 0x7ff9e2c0 0013A (v1    AMI   CPU2PM 00000001 INTL 20060113)\nest1: \u003cEnhanced SpeedStep Frequency Control\u003e on cpu1\nest1: Invalid id16 (set, cur) = (3618, 3621)\nest1: Invalid freq 2800, ignored.\nest1: Invalid id16 (set, cur) = (3104, 3109)\nest1: Invalid freq 2400, ignored.\np4tcc1: \u003cCPU Frequency Thermal Control\u003e on cpu1\nunknown: status reg test failed ff\nunknown: status reg test failed ff\nunknown: status reg test failed ff\nunknown: status reg test failed ff\nunknown: status reg test failed ff\nunknown: status reg test failed ff\npnp_identify: Trying Read_Port at 203\npnp_identify: Trying Read_Port at 243\npnp_identify: Trying Read_Port at 283\npnp_identify: Trying Read_Port at 2c3\npnp_identify: Trying Read_Port at 303\npnp_identify: Trying Read_Port at 343\npnp_identify: Trying Read_Port at 383\npnp_identify: Trying Read_Port at 3c3\nPNP Identify complete\nex_isa_identify()\nisa_probe_children: disabling PnP devices\npmtimer0 on isa0\nata: ata0 already exists; skipping it\natkbdc: atkbdc0 already exists; skipping it\natrtc: atrtc0 already exists; skipping it\nfdc: fdc0 already exists; skipping it\nppc: ppc0 already exists; skipping it\nsc: sc0 already exists; skipping it\nuart: uart0 already exists; skipping it\nisa_probe_children: probing non-PnP devices\norm0: \u003cISA Option ROMs\u003e at iomem 0xc0000-0xcefff,0xcf000-0xcffff pnpid ORM0000 on isa0\nsc0: \u003cSystem console\u003e at flags 0x100 on isa0\nsc0: VGA \u003c16 virtual consoles, flags=0x300\u003e\nsc0: fb0, kbd1, terminal emulator: scteken (teken terminal)\nvga0: \u003cGeneric ISA VGA\u003e at port 0x3c0-0x3df iomem 0xa0000-0xbffff on isa0\nata1 failed to probe at port 0x170 irq 15 on isa0\nuart1: \u003cns8250\u003e failed to probe at port 0x2f8-0x2ff irq 3 on isa0\nisa_probe_children: probing PnP devices\nDevice configuration finished.\nprocfs registered\nZFS NOTICE: Prefetch is disabled by default on i386 -- to enable,\n            add \"vfs.zfs.prefetch_disable=0\" to /boot/loader.conf.\nZFS WARNING: Recommended minimum kmem_size is 512MB; expect unstable behavior.\n             Consider tuning vm.kmem_size and vm.kmem_size_max\n             in /boot/loader.conf.\nZFS filesystem version 13\nZFS storage pool version 13\nlapic: Divisor 2, Frequency 100355615 hz\nTimecounter \"TSC\" frequency 3412090757 Hz quality -100\nTimecounters tick every 1.000 msec\nLinux ELF exec handler installed\nlo0: bpf attached\npflog0: bpf attached\npfsync0: bpf attached\nhptrr: no controller detected.\nata0: Identifying devices: 00010000\nata0: New devices: 00010000\nusbus0: 12Mbps Full Speed USB v1.0\nusbus1: 12Mbps Full Speed USB v1.0\nusbus2: 12Mbps Full Speed USB v1.0\nusbus3: 12Mbps Full Speed USB v1.0\nata0-master: pio=PIO4 wdma=WDMA2 udma=UDMA33 cable=40 wire\nacd0: setting PIO4 on ICH7 chip\nacd0: setting UDMA33 on ICH7 chip\nugen0.1: \u003cIntel\u003e at usbus0\nuhub0: \u003cIntel UHCI root HUB, class 9/0, rev 1.00/1.00, addr 1\u003e on usbus0\nugen1.1: \u003cIntel\u003e at usbus1\nuhub1: \u003cIntel UHCI root HUB, class 9/0, rev 1.00/1.00, addr 1\u003e on usbus1\nugen2.1: \u003cIntel\u003e at usbus2\nuhub2: \u003cIntel UHCI root HUB, class 9/0, rev 1.00/1.00, addr 1\u003e on usbus2\nugen3.1: \u003cIntel\u003e at usbus3\nuhub3: \u003cIntel UHCI root HUB, class 9/0, rev 1.00/1.00, addr 1\u003e on usbus3\nacd0: \u003cTSSTcorpCD/DVDW SH-S182M/SB02\u003e DVDR drive at ata0 as master\nacd0: read 8269KB/s (8269KB/s) write 8269KB/s (8269KB/s), 2048KB buffer, UDMA33\nacd0: Reads: CDR, CDRW, CDDA stream, DVDROM, DVDR, DVDRAM, packet\nacd0: Writes: CDR, CDRW, DVDR, DVDRAM, test write, burnproof\nacd0: Audio: play, 256 volume levels\nacd0: Mechanism: ejectable tray, unlocked\nacd0: Medium: no/blank disc\nata2: Identifying devices: 00000001\nata2: New devices: 00000001\nata2-master: pio=PIO4 wdma=WDMA2 udma=UDMA133 cable=40 wire\nad4: 157066MB \u003cWDC WD1600YS-01SHB0 20.06C03\u003e at ata2-master SATA150\nad4: 321672960 sectors [319120C/16H/63S] 16 sectors/interrupt 1 depth queue\nad4: Intel check1 failed\nad4: Adaptec check1 failed\nad4: LSI (v3) check1 failed\nad4: LSI (v2) check1 failed\nad4: FreeBSD check1 failed\nata3: Identifying devices: 00000000\nata3: New devices: 00000000\nATA PseudoRAID loaded\nSMP: AP CPU #1 Launched!\ncpu1 AP:\n     ID: 0x01000000   VER: 0x00050014 LDR: 0x00000000 DFR: 0xffffffff\n  lint0: 0x00010700 lint1: 0x00000400 TPR: 0x00000000 SVR: 0x000001ff\n  timer: 0x000200ef therm: 0x00010000 err: 0x00010000 pcm: 0x00010400\nioapic0: routing intpin 4 (ISA IRQ 4) to lapic 1 vector 48\nioapic0: routing intpin 7 (ISA IRQ 7) to lapic 1 vector 49\nioapic0: routing intpin 14 (ISA IRQ 14) to lapic 1 vector 50\nioapic0: routing intpin 17 (PCI IRQ 17) to lapic 1 vector 51\nioapic0: routing intpin 19 (PCI IRQ 19) to lapic 1 vector 52\nioapic0: routing intpin 23 (PCI IRQ 23) to lapic 1 vector 53\nuhub0: 2 ports with 2 removable, self powered\nuhub1: 2 ports with 2 removable, self powered\nuhub2: 2 ports with 2 removable, self powered\nuhub3: 2 ports with 2 removable, self powered\nGEOM: new disk ad4\nGEOM: ad4s3: geometry does not match label (255h,63s != 16h,63s).\nRoot mount waiting for: usbus1\nugen1.2: \u003cLogitech\u003e at usbus1\nums0: \u003cLogitech USB-PS/2 Optical Mouse, class 0/0, rev 2.00/20.00, addr 2\u003e on usbus1\nums0: 3 buttons and [XYZ] coordinates ID=0\nTrying to mount root from ufs:/dev/ad4s3a\nct_to_ts([2010-06-02 20:45:19]) = 1275511519.000000000\nstart_init: trying /sbin/init\nlinprocfs registered\nacd0: FAILURE - INQUIRY ILLEGAL REQUEST asc=0x24 ascq=0x00 \n(probe0:ata0:0:0:0): error 22\n(probe0:ata0:0:0:0): Unretryable Error\n(probe0:ata0:0:0:0): Down reving Protocol Version from 2 to 0?\n(probe0:ata0:0:0:0): TEST UNIT READY. CDB: 0 0 0 0 0 0 \n(probe0:ata0:0:0:0): CAM Status: SCSI Status Error\n(probe0:ata0:0:0:0): SCSI Status: Check Condition\n(probe0:ata0:0:0:0): NOT READY asc:3a,1\n(probe0:ata0:0:0:0): Medium not present - tray closed\n(probe0:ata0:0:0:0): (probe0:ata0:0:0:0): TEST UNIT READY. CDB: 0 0 0 0 0 0 \n(probe0:ata0:0:0:0): NOT READY asc:3a,1\n(probe0:ata0:0:0:0): Medium not present - tray closed\nUnretryable error\n(probe0:ata0:0:0:0): error 6\n(probe0:ata0:0:0:0): Unretryable Error\npass0 at ata0 bus 0 target 0 lun 0\npass0: \u003cTSSTcorp CD/DVDW SH-S182M SB02\u003e Removable CD-ROM SCSI-0 device \npass0: 33.000MB/s transfers\nGEOM: new disk cd0\n(cd0:ata0:0:0:0): error 6\n(cd0:ata0:0:0:0): Unretryable Error\ncd0 at ata0 bus 0 target 0 lun 0\ncd0: \u003cTSSTcorp CD/DVDW SH-S182M SB02\u003e Removable CD-ROM SCSI-0 device \ncd0: 33.000MB/s transfers\ncd0: Attempt to query device size failed: NOT READY, Medium not present - tray closed\n(cd0:ata0:0:0:0): error 6\n(cd0:ata0:0:0:0): Unretryable Error\n(cd0:ata0:0:0:0): error 6\n(cd0:ata0:0:0:0): Unretryable Error\n(cd0:ata0:0:0:0): error 6\n(cd0:ata0:0:0:0): Unretryable Error\n(cd0:ata0:0:0:0): error 6\n(cd0:ata0:0:0:0): Unretryable Error\n(cd0:ata0:0:0:0): error 6\n(cd0:ata0:0:0:0): Unretryable Error\nipfw2 (+ipv6) initialized, divert loadable, nat loadable, rule-based forwarding disabled, default to deny, logging disabled\npci0: driver added\nfound-\u003e\tvendor=0x8086, dev=0x27d8, revid=0x01\n\tdomain=0, bus=0, slot=27, func=0\n\tclass=04-03-00, hdrtype=0x00, mfdev=0\n\tcmdreg=0x0006, statreg=0x0010, cachelnsz=4 (dwords)\n\tlattimer=0x00 (0 ns), mingnt=0x00 (0 ns), maxlat=0x00 (0 ns)\n\tintpin=a, irq=19\n\tpowerspec 2  supports D0 D3  current D0\n\tMSI supports 1 message, 64 bit\npci0:0:27:0: reprobing on driver added\nhdac0: \u003cIntel 82801G High Definition Audio Controller\u003e mem 0xddcfc000-0xddcfffff irq 19 at device 27.0 on pci0\nhdac0: HDA Driver Revision: 20090624_0136\nhdac0: Reserved 0x4000 bytes for rid 0x10 type 3 at 0xddcfc000\nhdac0: attempting to allocate 1 MSI vectors (1 supported)\nmsi: routing MSI IRQ 257 to local APIC 1 vector 54\nhdac0: using IRQ 257 for MSI\nhdac0: [MPSAFE]\nhdac0: [ITHREAD]\nhdac0: Probing codec #0...\nhdac0: HDA Codec #0: Analog Devices AD1986A\nhdac0:  HDA Codec ID: 0x11d41986\nhdac0:        Vendor: 0x11d4\nhdac0:        Device: 0x1986\nhdac0:      Revision: 0x05\nhdac0:      Stepping: 0x00\nhdac0: PCI Subvendor: 0x817f1043\nhdac0: \tFound audio FG nid=1 startnode=2 endnode=44 total=42\nhdac0: \nhdac0: Processing audio FG cad=0 nid=1...\nhdac0: GPIO: 0x00000100 NumGPIO=0 NumGPO=1 NumGPI=0 GPIWake=0 GPIUnsol=0\nhdac0: GHOST: nid=2 j=0 entnum=4 index=0 res=0x00000601\nhdac0: hdac_widget_connection_parse: nid=18 WARNING: zero cnid entnum=4 j=2 index=0 entries=8 found=2 res=0x21002211\nhdac0: GHOST: nid=18 j=2 entnum=4 index=0 res=0x21002211\nhdac0:  nid 26 0x02214021 as  2 seq  1    Headphones  Jack jack  1 loc  2 color   Green misc 0\nhdac0: Patching pin config nid=26 0x02214021 -\u003e 0x0221401f\nhdac0:  nid 27 0x01014011 as  1 seq  1      Line-out  Jack jack  1 loc  1 color   Green misc 0\nhdac0:  nid 28 0x01013012 as  1 seq  2      Line-out  Jack jack  1 loc  1 color    Blue misc 0\nhdac0: Patching pin config nid=28 0x01013012 -\u003e 0x01813081\nhdac0:  nid 29 0x01019015 as  1 seq  5      Line-out  Jack jack  1 loc  1 color    Pink misc 0\nhdac0: Patching pin config nid=29 0x01019015 -\u003e 0x01019005\nhdac0:  nid 30 0x501700f0 as 15 seq  0       Speaker  None jack  7 loc 16 color Unknown misc 0\nhdac0:  nid 31 0x02a190f0 as 15 seq  0           Mic  Jack jack  1 loc  2 color    Pink misc 0\nhdac0: Patching pin config nid=31 0x02a190f0 -\u003e 0x02a19083\nhdac0:  nid 32 0x018130f0 as 15 seq  0       Line-in  Jack jack  1 loc  1 color    Blue misc 0\nhdac0: Patching pin config nid=32 0x018130f0 -\u003e 0x01813084\nhdac0:  nid 33 0x509700f0 as 15 seq  0           AUX  None jack  7 loc 16 color Unknown misc 0\nhdac0:  nid 34 0x993310f0 as 15 seq  0            CD Fixed jack  3 loc 25 color   Black misc 0\nhdac0: Patching pin config nid=34 0x993310f0 -\u003e 0x99331085\nhdac0:  nid 35 0x50b700f0 as 15 seq  0     Telephony  None jack  7 loc 16 color Unknown misc 0\nhdac0:  nid 36 0x50f700f0 as 15 seq  0         Other  None jack  7 loc 16 color Unknown misc 0\nhdac0: Patching pin config nid=36 0x50f700f0 -\u003e 0x50f70086\nhdac0:  nid 37 0x0145f0f0 as 15 seq  0     SPDIF-out  Jack jack  5 loc  1 color   Other misc 0\nhdac0: Patched pins configuration:\nhdac0:  nid 26 0x0221401f as  1 seq 15    Headphones  Jack jack  1 loc  2 color   Green misc 0\nhdac0:  nid 27 0x01014011 as  1 seq  1      Line-out  Jack jack  1 loc  1 color   Green misc 0\nhdac0:  nid 28 0x01813081 as  8 seq  1       Line-in  Jack jack  1 loc  1 color    Blue misc 0\nhdac0:  nid 29 0x01019005 as  0 seq  5      Line-out  Jack jack  1 loc  1 color    Pink misc 0 [DISABLED]\nhdac0:  nid 30 0x501700f0 as 15 seq  0       Speaker  None jack  7 loc 16 color Unknown misc 0 [DISABLED]\nhdac0:  nid 31 0x02a19083 as  8 seq  3           Mic  Jack jack  1 loc  2 color    Pink misc 0\nhdac0:  nid 32 0x01813084 as  8 seq  4       Line-in  Jack jack  1 loc  1 color    Blue misc 0\nhdac0:  nid 33 0x509700f0 as 15 seq  0           AUX  None jack  7 loc 16 color Unknown misc 0 [DISABLED]\nhdac0:  nid 34 0x99331085 as  8 seq  5            CD Fixed jack  3 loc 25 color   Black misc 0\nhdac0:  nid 35 0x50b700f0 as 15 seq  0     Telephony  None jack  7 loc 16 color Unknown misc 0 [DISABLED]\nhdac0:  nid 36 0x50f70086 as  8 seq  6         Other  None jack  7 loc 16 color Unknown misc 0 [DISABLED]\nhdac0:  nid 37 0x0145f0f0 as 15 seq  0     SPDIF-out  Jack jack  5 loc  1 color   Other misc 0\nhdac0: 3 associations found:\nhdac0: Association 0 (1) out:\nhdac0:  Pin nid=27 seq=1\nhdac0:  Pin nid=26 seq=15\nhdac0: Association 1 (8) in:\nhdac0:  Pin nid=28 seq=1\nhdac0:  Pin nid=31 seq=3\nhdac0:  Pin nid=32 seq=4\nhdac0:  Pin nid=34 seq=5\nhdac0: Association 2 (15) out:\nhdac0:  Pin nid=37 seq=0\nhdac0: Tracing association 0 (1)\nhdac0:  Pin 27 traced to DAC 3\nhdac0:  Pin 26 traced to DAC 3 and hpredir 1\nhdac0: Association 0 (1) trace succeeded\nhdac0: Tracing association 1 (8)\nhdac0:  Pin 28 traced to ADC 6\nhdac0:  Pin 31 traced to ADC 6\nhdac0:  Pin 32 traced to ADC 6\nhdac0:  Pin 34 traced to ADC 6\nhdac0: Association 1 (8) trace succeeded\nhdac0: Tracing association 2 (15)\nhdac0:  Pin 37 traced to DAC 2\nhdac0: Association 2 (15) trace succeeded\nhdac0: Tracing input monitor\nhdac0: Tracing beeper\nhdac0:  nid 25 traced to out\nhdac0: Enabling headphone/speaker audio routing switching:\nhdac0: \tas=0 sense nid=26 [UNSOL]\nhdac0: Pin sense: nid=26 res=0x0000ffff\nhdac0: FG config/quirks: forcestereo ivref50 ivref80 ivref100 ivref\nhdac0: \nhdac0: +-------------------+\nhdac0: | DUMPING HDA NODES |\nhdac0: +-------------------+\nhdac0: \nhdac0: Default Parameter\nhdac0: -----------------\nhdac0:      Stream cap: 0x00000001\nhdac0:                  PCM\nhdac0:         PCM cap: 0x000e007f\nhdac0:                  16 20 24 bits, 8 11 16 22 32 44 48 KHz\nhdac0:          IN amp: 0x80000000\nhdac0:         OUT amp: 0x80051f1f\nhdac0: \nhdac0:             nid: 2\nhdac0:            Name: audio output\nhdac0:      Widget cap: 0x00030311\nhdac0:                  DIGITAL STEREO\nhdac0:     Association: 2 (0x00000001)\nhdac0:             OSS: pcm (pcm)\nhdac0:      Stream cap: 0x00000005\nhdac0:                  AC3 PCM\nhdac0:         PCM cap: 0x00020060\nhdac0:                  16 bits, 44 48 KHz\nhdac0:     connections: 2\nhdac0:           |\nhdac0:           + [DISABLED] \u003c- nid=1 [GHOST!] [UNKNOWN] (selected)\nhdac0:           + [DISABLED] \u003c- nid=6 [audio input]\nhdac0: \nhdac0:             nid: 3\nhdac0:            Name: audio output\nhdac0:      Widget cap: 0x0000044d\nhdac0:                  PWR PROC STEREO\nhdac0:     Association: 0 (0x00008002)\nhdac0:             OSS: pcm (pcm)\nhdac0:      Stream cap: 0x00000001\nhdac0:                  PCM\nhdac0:         PCM cap: 0x000e007f\nhdac0:                  16 20 24 bits, 8 11 16 22 32 44 48 KHz\nhdac0:      Output amp: 0x80051f17\nhdac0:                  mute=1 step=31 size=5 offset=23\nhdac0: \nhdac0:             nid: 4 [DISABLED]\nhdac0:            Name: audio output\nhdac0:      Widget cap: 0x0000040d\nhdac0:                  PWR STEREO\nhdac0:      Stream cap: 0x00000001\nhdac0:                  PCM\nhdac0:         PCM cap: 0x000e007f\nhdac0:                  16 20 24 bits, 8 11 16 22 32 44 48 KHz\nhdac0:      Output amp: 0x80051f17\nhdac0:                  mute=1 step=31 size=5 offset=23\nhdac0: \nhdac0:             nid: 5 [DISABLED]\nhdac0:            Name: audio output\nhdac0:      Widget cap: 0x0000040d\nhdac0:                  PWR STEREO\nhdac0:      Stream cap: 0x00000001\nhdac0:                  PCM\nhdac0:         PCM cap: 0x000e007f\nhdac0:                  16 20 24 bits, 8 11 16 22 32 44 48 KHz\nhdac0:      Output amp: 0x80051f17\nhdac0:                  mute=1 step=31 size=5 offset=23\nhdac0: \nhdac0:             nid: 6\nhdac0:            Name: audio input\nhdac0:      Widget cap: 0x00100511\nhdac0:                  PWR STEREO\nhdac0:     Association: 1 (0x0000003a)\nhdac0:      Stream cap: 0x00000001\nhdac0:                  PCM\nhdac0:         PCM cap: 0x0006007f\nhdac0:                  16 20 bits, 8 11 16 22 32 44 48 KHz\nhdac0:     connections: 1\nhdac0:           |\nhdac0:           + \u003c- nid=18 [audio selector]\nhdac0: \nhdac0:             nid: 7\nhdac0:            Name: audio mixer\nhdac0:      Widget cap: 0x00200101\nhdac0:                  STEREO\nhdac0:     Association: 0 (0x00008002)\nhdac0:             OSS: pcm, speaker\nhdac0:     connections: 8\nhdac0:           |\nhdac0:           + \u003c- nid=3 [audio output]\nhdac0:           + [DISABLED] \u003c- nid=9 [audio mixer] [DISABLED]\nhdac0:           + [DISABLED] \u003c- nid=19 [audio selector] [DISABLED]\nhdac0:           + [DISABLED] \u003c- nid=20 [audio selector] [DISABLED]\nhdac0:           + [DISABLED] \u003c- nid=21 [audio selector] [DISABLED]\nhdac0:           + [DISABLED] \u003c- nid=22 [audio selector] [DISABLED]\nhdac0:           + [DISABLED] \u003c- nid=23 [audio selector] [DISABLED]\nhdac0:           + \u003c- nid=24 [audio selector]\nhdac0: \nhdac0:             nid: 8 [DISABLED]\nhdac0:            Name: audio mixer\nhdac0:      Widget cap: 0x00200100\nhdac0:     connections: 1\nhdac0:           |\nhdac0:           + \u003c- nid=7 [audio mixer]\nhdac0: \nhdac0:             nid: 9 [DISABLED]\nhdac0:            Name: audio mixer\nhdac0:      Widget cap: 0x0020010e\nhdac0:      Output amp: 0x80000000\nhdac0:                  mute=1 step=0 size=0 offset=0\nhdac0:       Input amp: 0x80000000\nhdac0:                  mute=1 step=0 size=0 offset=0\nhdac0:     connections: 2\nhdac0:           |\nhdac0:           + [DISABLED] \u003c- nid=4 [audio output] [DISABLED]\nhdac0:           + [DISABLED] \u003c- nid=5 [audio output] [DISABLED]\nhdac0: \nhdac0:             nid: 10\nhdac0:            Name: audio selector\nhdac0:      Widget cap: 0x00300101\nhdac0:                  STEREO\nhdac0:     Association: 0 (0x00008000)\nhdac0:             OSS: pcm, speaker\nhdac0:     connections: 3\nhdac0:           |\nhdac0:           + \u003c- nid=7 [audio mixer] (selected)\nhdac0:           + [DISABLED] \u003c- nid=4 [audio output] [DISABLED]\nhdac0:           + [DISABLED] \u003c- nid=5 [audio output] [DISABLED]\nhdac0: \nhdac0:             nid: 11\nhdac0:            Name: audio selector\nhdac0:      Widget cap: 0x00300101\nhdac0:                  STEREO\nhdac0:     Association: 0 (0x00000002)\nhdac0:             OSS: pcm, speaker\nhdac0:     connections: 2\nhdac0:           |\nhdac0:           + \u003c- nid=7 [audio mixer] (selected)\nhdac0:           + [DISABLED] \u003c- nid=4 [audio output] [DISABLED]\nhdac0: \nhdac0:             nid: 12 [DISABLED]\nhdac0:            Name: audio selector\nhdac0:      Widget cap: 0x00300101\nhdac0:                  STEREO\nhdac0:     connections: 2\nhdac0:           |\nhdac0:           + \u003c- nid=4 [audio output] [DISABLED] (selected)\nhdac0:           + \u003c- nid=7 [audio mixer]\nhdac0: \nhdac0:             nid: 13 [DISABLED]\nhdac0:            Name: audio selector\nhdac0:      Widget cap: 0x00300101\nhdac0:                  STEREO\nhdac0:     connections: 2\nhdac0:           |\nhdac0:           + \u003c- nid=5 [audio output] [DISABLED] (selected)\nhdac0:           + \u003c- nid=8 [audio mixer] [DISABLED]\nhdac0: \nhdac0:             nid: 14 [DISABLED]\nhdac0:            Name: audio selector\nhdac0:      Widget cap: 0x00300100\nhdac0:     connections: 2\nhdac0:           |\nhdac0:           + \u003c- nid=8 [audio mixer] [DISABLED] (selected)\nhdac0:           + \u003c- nid=17 [audio selector]\nhdac0: \nhdac0:             nid: 15\nhdac0:            Name: audio selector\nhdac0:      Widget cap: 0x0030010d\nhdac0:                  STEREO\nhdac0:     Association: 1 (0x00000008)\nhdac0:             OSS: mic\nhdac0:      Output amp: 0x00270300\nhdac0:                  mute=0 step=3 size=39 offset=0\nhdac0:     connections: 8\nhdac0:           |\nhdac0:           + \u003c- nid=31 [pin: Mic (Pink Jack)] (selected)\nhdac0:           + [DISABLED] \u003c- nid=32 [pin: Line-in (Blue Jack)]\nhdac0:           + [DISABLED] \u003c- nid=29 [pin: Line-out (Pink Jack)] [DISABLED]\nhdac0:           + [DISABLED] \u003c- nid=29 [pin: Line-out (Pink Jack)] [DISABLED]\nhdac0:           + [DISABLED] \u003c- nid=39 [audio mixer] [DISABLED]\nhdac0:           + [DISABLED] \u003c- nid=40 [audio mixer] [DISABLED]\nhdac0:           + [DISABLED] \u003c- nid=41 [audio mixer] [DISABLED]\nhdac0:           + [DISABLED] \u003c- nid=42 [audio mixer] [DISABLED]\nhdac0: \nhdac0:             nid: 16\nhdac0:            Name: audio selector\nhdac0:      Widget cap: 0x00300101\nhdac0:                  STEREO\nhdac0:     Association: 1 (0x00000012)\nhdac0:             OSS: line, line1\nhdac0:     connections: 3\nhdac0:           |\nhdac0:           + \u003c- nid=32 [pin: Line-in (Blue Jack)]\nhdac0:           + \u003c- nid=28 [pin: Line-in (Blue Jack)] (selected)\nhdac0:           + [DISABLED] \u003c- nid=31 [pin: Mic (Pink Jack)]\nhdac0: \nhdac0:             nid: 17\nhdac0:            Name: audio selector\nhdac0:      Widget cap: 0x00300941\nhdac0:                  LRSWAP PROC STEREO\nhdac0:     Association: 1 (0x00000008)\nhdac0:             OSS: mic\nhdac0:     connections: 2\nhdac0:           |\nhdac0:           + \u003c- nid=15 [audio selector] (selected)\nhdac0:           + [DISABLED] \u003c- nid=43 [audio mixer] [DISABLED]\nhdac0: \nhdac0:             nid: 18\nhdac0:            Name: audio selector\nhdac0:      Widget cap: 0x0030010d\nhdac0:                  STEREO\nhdac0:     Association: 1 (0x0000003a)\nhdac0:             OSS: line, mic, cd, line1\nhdac0:      Output amp: 0x80050f00\nhdac0:                  mute=1 step=15 size=5 offset=0\nhdac0:     connections: 8\nhdac0:           |\nhdac0:           + \u003c- nid=17 [audio selector]\nhdac0:           + \u003c- nid=34 [pin: CD (Fixed)]\nhdac0:           + [DISABLED] \u003c- nid=0 [GHOST!] [UNKNOWN]\nhdac0:           + [DISABLED] \u003c- nid=33 [pin: AUX (None)] [DISABLED]\nhdac0:           + \u003c- nid=16 [audio selector] (selected)\nhdac0:           + [DISABLED] \u003c- nid=7 [audio mixer]\nhdac0:           + [DISABLED] \u003c- nid=8 [audio mixer] [DISABLED]\nhdac0:           + [DISABLED] \u003c- nid=35 [pin: Telephony (None)] [DISABLED]\nhdac0: \nhdac0:             nid: 19 [DISABLED]\nhdac0:            Name: audio selector\nhdac0:      Widget cap: 0x0030010d\nhdac0:                  STEREO\nhdac0:      Output amp: 0x80051f17\nhdac0:                  mute=1 step=31 size=5 offset=23\nhdac0:     connections: 1\nhdac0:           |\nhdac0:           + \u003c- nid=17 [audio selector]\nhdac0: \nhdac0:             nid: 20 [DISABLED]\nhdac0:            Name: audio selector\nhdac0:      Widget cap: 0x0030010c\nhdac0:      Output amp: 0x80051f17\nhdac0:                  mute=1 step=31 size=5 offset=23\nhdac0:     connections: 1\nhdac0:           |\nhdac0:           + [DISABLED] \u003c- nid=35 [pin: Telephony (None)] [DISABLED]\nhdac0: \nhdac0:             nid: 21 [DISABLED]\nhdac0:            Name: audio selector\nhdac0:      Widget cap: 0x0030010d\nhdac0:                  STEREO\nhdac0:      Output amp: 0x80051f17\nhdac0:                  mute=1 step=31 size=5 offset=23\nhdac0:     connections: 1\nhdac0:           |\nhdac0:           + \u003c- nid=34 [pin: CD (Fixed)]\nhdac0: \nhdac0:             nid: 22 [DISABLED]\nhdac0:            Name: audio selector\nhdac0:      Widget cap: 0x0030010d\nhdac0:                  STEREO\nhdac0:      Output amp: 0x80051f17\nhdac0:                  mute=1 step=31 size=5 offset=23\nhdac0:     connections: 1\nhdac0:           |\nhdac0:           + [DISABLED] \u003c- nid=33 [pin: AUX (None)] [DISABLED]\nhdac0: \nhdac0:             nid: 23 [DISABLED]\nhdac0:            Name: audio selector\nhdac0:      Widget cap: 0x0030010d\nhdac0:                  STEREO\nhdac0:      Output amp: 0x80051f17\nhdac0:                  mute=1 step=31 size=5 offset=23\nhdac0:     connections: 1\nhdac0:           |\nhdac0:           + \u003c- nid=16 [audio selector]\nhdac0: \nhdac0:             nid: 24\nhdac0:            Name: audio selector\nhdac0:      Widget cap: 0x0030010c\nhdac0:     Association: -2 (0x00000000)\nhdac0:             OSS: speaker\nhdac0:      Output amp: 0x800b0f0f\nhdac0:                  mute=1 step=15 size=11 offset=15\nhdac0:     connections: 2\nhdac0:           |\nhdac0:           + \u003c- nid=25 [beep widget] (selected)\nhdac0:           + [DISABLED] \u003c- nid=36 [pin: Other (None)] [DISABLED]\nhdac0: \nhdac0:             nid: 25\nhdac0:            Name: beep widget\nhdac0:      Widget cap: 0x00700000\nhdac0:     Association: -2 (0x00000000)\nhdac0:             OSS: speaker (speaker)\nhdac0: \nhdac0:             nid: 26\nhdac0:            Name: pin: Headphones (Green Jack)\nhdac0:      Widget cap: 0x00400185\nhdac0:                  UNSOL STEREO\nhdac0:     Association: 0 (0x00008000)\nhdac0:         Pin cap: 0x0000001f\nhdac0:                  ISC TRQD PDC HP OUT\nhdac0:      Pin config: 0x0221401f\nhdac0:     Pin control: 0x000000c0 HP OUT\nhdac0:      Output amp: 0x80051f1f\nhdac0:                  mute=1 step=31 size=5 offset=31\nhdac0:     connections: 1\nhdac0:           |\nhdac0:           + \u003c- nid=10 [audio selector]\nhdac0: \nhdac0:             nid: 27\nhdac0:            Name: pin: Line-out (Green Jack)\nhdac0:      Widget cap: 0x00400185\nhdac0:                  UNSOL STEREO\nhdac0:     Association: 0 (0x00000002)\nhdac0:         Pin cap: 0x0001001f\nhdac0:                  ISC TRQD PDC HP OUT EAPD\nhdac0:      Pin config: 0x01014011\nhdac0:     Pin control: 0x00000040 OUT\nhdac0:            EAPD: 0x00000002\nhdac0:      Output amp: 0x80051f1f\nhdac0:                  mute=1 step=31 size=5 offset=31\nhdac0:     connections: 1\nhdac0:           |\nhdac0:           + \u003c- nid=11 [audio selector]\nhdac0: \nhdac0:             nid: 28\nhdac0:            Name: pin: Line-in (Blue Jack)\nhdac0:      Widget cap: 0x00400185\nhdac0:                  UNSOL STEREO\nhdac0:     Association: 1 (0x00000002)\nhdac0:             OSS: line (line)\nhdac0:         Pin cap: 0x00000037\nhdac0:                  ISC TRQD PDC OUT IN\nhdac0:      Pin config: 0x01813081\nhdac0:     Pin control: 0x00000020 IN\nhdac0:      Output amp: 0x80051f1f\nhdac0:                  mute=1 step=31 size=5 offset=31\nhdac0:     connections: 1\nhdac0:           |\nhdac0:           + [DISABLED] \u003c- nid=12 [audio selector] [DISABLED]\nhdac0: \nhdac0:             nid: 29 [DISABLED]\nhdac0:            Name: pin: Line-out (Pink Jack)\nhdac0:      Widget cap: 0x00400985\nhdac0:                  LRSWAP UNSOL STEREO\nhdac0:         Pin cap: 0x00001737\nhdac0:                  ISC TRQD PDC OUT IN VREF[ 50 80 GROUND HIZ ]\nhdac0:      Pin config: 0x01019005\nhdac0:     Pin control: 0x00000000\nhdac0:      Output amp: 0x80051f1f\nhdac0:                  mute=1 step=31 size=5 offset=31\nhdac0:     connections: 1\nhdac0:           |\nhdac0:           + [DISABLED] \u003c- nid=13 [audio selector] [DISABLED]\nhdac0: \nhdac0:             nid: 30 [DISABLED]\nhdac0:            Name: pin: Speaker (None)\nhdac0:      Widget cap: 0x00400104\nhdac0:         Pin cap: 0x00000010\nhdac0:                  OUT\nhdac0:      Pin config: 0x501700f0\nhdac0:     Pin control: 0x00000000\nhdac0:      Output amp: 0x80051f1f\nhdac0:                  mute=1 step=31 size=5 offset=31\nhdac0:     connections: 1\nhdac0:           |\nhdac0:           + [DISABLED] \u003c- nid=14 [audio selector] [DISABLED]\nhdac0: \nhdac0:             nid: 31\nhdac0:            Name: pin: Mic (Pink Jack)\nhdac0:      Widget cap: 0x00400081\nhdac0:                  UNSOL STEREO\nhdac0:     Association: 1 (0x00000008)\nhdac0:             OSS: mic (mic)\nhdac0:         Pin cap: 0x00001727\nhdac0:                  ISC TRQD PDC IN VREF[ 50 80 GROUND HIZ ]\nhdac0:      Pin config: 0x02a19083\nhdac0:     Pin control: 0x00000024 IN VREFs\nhdac0: \nhdac0:             nid: 32\nhdac0:            Name: pin: Line-in (Blue Jack)\nhdac0:      Widget cap: 0x00400081\nhdac0:                  UNSOL STEREO\nhdac0:     Association: 1 (0x00000010)\nhdac0:             OSS: line1 (line1)\nhdac0:         Pin cap: 0x00001727\nhdac0:                  ISC TRQD PDC IN VREF[ 50 80 GROUND HIZ ]\nhdac0:      Pin config: 0x01813084\nhdac0:     Pin control: 0x00000024 IN VREFs\nhdac0: \nhdac0:             nid: 33 [DISABLED]\nhdac0:            Name: pin: AUX (None)\nhdac0:      Widget cap: 0x00400081\nhdac0:                  UNSOL STEREO\nhdac0:         Pin cap: 0x00000027\nhdac0:                  ISC TRQD PDC IN\nhdac0:      Pin config: 0x509700f0\nhdac0:     Pin control: 0x00000000\nhdac0: \nhdac0:             nid: 34\nhdac0:            Name: pin: CD (Fixed)\nhdac0:      Widget cap: 0x00400001\nhdac0:                  STEREO\nhdac0:     Association: 1 (0x00000020)\nhdac0:             OSS: cd (cd)\nhdac0:         Pin cap: 0x00000020\nhdac0:                  IN\nhdac0:      Pin config: 0x99331085\nhdac0:     Pin control: 0x00000020 IN\nhdac0: \nhdac0:             nid: 35 [DISABLED]\nhdac0:            Name: pin: Telephony (None)\nhdac0:      Widget cap: 0x00400000\nhdac0:         Pin cap: 0x00000020\nhdac0:                  IN\nhdac0:      Pin config: 0x50b700f0\nhdac0:     Pin control: 0x00000000\nhdac0: \nhdac0:             nid: 36 [DISABLED]\nhdac0:            Name: pin: Other (None)\nhdac0:      Widget cap: 0x00400000\nhdac0:         Pin cap: 0x00000020\nhdac0:                  IN\nhdac0:      Pin config: 0x50f70086\nhdac0:     Pin control: 0x00000000\nhdac0: \nhdac0:             nid: 37\nhdac0:            Name: pin: SPDIF-out (Jack)\nhdac0:      Widget cap: 0x00400301\nhdac0:                  DIGITAL STEREO\nhdac0:     Association: 2 (0x00000001)\nhdac0:         Pin cap: 0x00000010\nhdac0:                  OUT\nhdac0:      Pin config: 0x0145f0f0\nhdac0:     Pin control: 0x00000040 OUT\nhdac0:     connections: 1\nhdac0:           |\nhdac0:           + \u003c- nid=2 [audio output]\nhdac0: \nhdac0:             nid: 38 [DISABLED]\nhdac0:            Name: power widget\nhdac0:      Widget cap: 0x00500500\nhdac0:                  PWR\nhdac0:     connections: 8\nhdac0:           |\nhdac0:           + \u003c- nid=7 [audio mixer] (selected)\nhdac0:           + \u003c- nid=8 [audio mixer] [DISABLED]\nhdac0:           + \u003c- nid=19 [audio selector] [DISABLED]\nhdac0:           + \u003c- nid=20 [audio selector] [DISABLED]\nhdac0:           + \u003c- nid=21 [audio selector] [DISABLED]\nhdac0:           + \u003c- nid=22 [audio selector] [DISABLED]\nhdac0:           + \u003c- nid=23 [audio selector] [DISABLED]\nhdac0:           + \u003c- nid=24 [audio selector]\nhdac0: \nhdac0:             nid: 39 [DISABLED]\nhdac0:            Name: audio mixer\nhdac0:      Widget cap: 0x00200101\nhdac0:                  STEREO\nhdac0:     connections: 2\nhdac0:           |\nhdac0:           + \u003c- nid=31 [pin: Mic (Pink Jack)]\nhdac0:           + \u003c- nid=29 [pin: Line-out (Pink Jack)] [DISABLED]\nhdac0: \nhdac0:             nid: 40 [DISABLED]\nhdac0:            Name: audio mixer\nhdac0:      Widget cap: 0x00200101\nhdac0:                  STEREO\nhdac0:     connections: 2\nhdac0:           |\nhdac0:           + \u003c- nid=31 [pin: Mic (Pink Jack)]\nhdac0:           + \u003c- nid=32 [pin: Line-in (Blue Jack)]\nhdac0: \nhdac0:             nid: 41 [DISABLED]\nhdac0:            Name: audio mixer\nhdac0:      Widget cap: 0x00200101\nhdac0:                  STEREO\nhdac0:     connections: 2\nhdac0:           |\nhdac0:           + \u003c- nid=29 [pin: Line-out (Pink Jack)] [DISABLED]\nhdac0:           + \u003c- nid=32 [pin: Line-in (Blue Jack)]\nhdac0: \nhdac0:             nid: 42 [DISABLED]\nhdac0:            Name: audio mixer\nhdac0:      Widget cap: 0x00200101\nhdac0:                  STEREO\nhdac0:     connections: 3\nhdac0:           |\nhdac0:           + \u003c- nid=31 [pin: Mic (Pink Jack)]\nhdac0:           + \u003c- nid=29 [pin: Line-out (Pink Jack)] [DISABLED]\nhdac0:           + \u003c- nid=32 [pin: Line-in (Blue Jack)]\nhdac0: \nhdac0:             nid: 43 [DISABLED]\nhdac0:            Name: audio mixer\nhdac0:      Widget cap: 0x00200100\nhdac0:     connections: 1\nhdac0:           |\nhdac0:           + \u003c- nid=15 [audio selector]\nhdac0: \nfound-\u003e\tvendor=0x8086, dev=0x27da, revid=0x01\n\tdomain=0, bus=0, slot=31, func=3\n\tclass=0c-05-00, hdrtype=0x00, mfdev=0\n\tcmdreg=0x0001, statreg=0x0280, cachelnsz=0 (dwords)\n\tlattimer=0x00 (0 ns), mingnt=0x00 (0 ns), maxlat=0x00 (0 ns)\n\tintpin=b, irq=23\npci0:0:31:3: reprobing on driver added\npci1: driver added\npci2: driver added\npci3: driver added\npci4: driver added\npcm0: \u003cHDA Analog Devices AD1986A PCM #0 Analog\u003e at cad 0 nid 1 on hdac0\npcm0: +--------------------------------------+\npcm0: | DUMPING PCM Playback/Record Channels |\npcm0: +--------------------------------------+\npcm0: \npcm0: Playback:\npcm0: \npcm0:      Stream cap: 0x00000001\npcm0:                  PCM\npcm0:         PCM cap: 0x000e007f\npcm0:                  16 20 24 bits, 8 11 16 22 32 44 48 KHz\npcm0:             DAC: 3\npcm0: \npcm0: Record:\npcm0: \npcm0:      Stream cap: 0x00000001\npcm0:                  PCM\npcm0:         PCM cap: 0x0006007f\npcm0:                  16 20 bits, 8 11 16 22 32 44 48 KHz\npcm0:             ADC: 6\npcm0: \npcm0: +-------------------------------+\npcm0: | DUMPING Playback/Record Paths |\npcm0: +-------------------------------+\npcm0: \npcm0: Playback:\npcm0: \npcm0:     nid=26 [pin: Headphones (Green Jack)]\npcm0:       |\npcm0:       + \u003c- nid=10 [audio selector] [src: pcm, speaker]\npcm0:              |\npcm0:              + \u003c- nid=7 [audio mixer] [src: pcm, speaker]\npcm0:                     |\npcm0:                     + \u003c- nid=3 [audio output] [src: pcm]\npcm0:                     + \u003c- nid=24 [audio selector] [src: speaker]\npcm0:                            |\npcm0:                            + \u003c- nid=25 [beep widget] [src: speaker]\npcm0: \npcm0:     nid=27 [pin: Line-out (Green Jack)]\npcm0:       |\npcm0:       + \u003c- nid=11 [audio selector] [src: pcm, speaker]\npcm0:              |\npcm0:              + \u003c- nid=7 [audio mixer] [src: pcm, speaker]\npcm0:                     |\npcm0:                     + \u003c- nid=3 [audio output] [src: pcm]\npcm0:                     + \u003c- nid=24 [audio selector] [src: speaker]\npcm0:                            |\npcm0:                            + \u003c- nid=25 [beep widget] [src: speaker]\npcm0: \npcm0: Record:\npcm0: \npcm0:     nid=6 [audio input]\npcm0:       |\npcm0:       + \u003c- nid=18 [audio selector] [src: line, mic, cd, line1]\npcm0:              |\npcm0:              + \u003c- nid=17 [audio selector] [src: mic]\npcm0:                     |\npcm0:                     + \u003c- nid=15 [audio selector] [src: mic]\npcm0:                            |\npcm0:                            + \u003c- nid=31 [pin: Mic (Pink Jack)] [src: mic]\npcm0:              + \u003c- nid=34 [pin: CD (Fixed)] [src: cd]\npcm0:              + \u003c- nid=16 [audio selector] [src: line, line1]\npcm0:                     |\npcm0:                     + \u003c- nid=32 [pin: Line-in (Blue Jack)] [src: line1]\npcm0:                     + \u003c- nid=28 [pin: Line-in (Blue Jack)] [src: line]\npcm0: \npcm0: +-------------------------+\npcm0: | DUMPING Volume Controls |\npcm0: +-------------------------+\npcm0: \npcm0: Master Volume (OSS: vol)\npcm0:    |\npcm0:    +- ctl 15 (nid  26 in ):    -46/0dB (32 steps) + mute\npcm0:    +- ctl 16 (nid  27 in ):    -46/0dB (32 steps) + mute\npcm0: \npcm0: PCM Volume (OSS: pcm)\npcm0:    |\npcm0:    +- ctl  1 (nid   3 out):    -34/12dB (32 steps) + mute\npcm0: \npcm0: Microphone Volume (OSS: mic)\npcm0:    |\npcm0:    +- ctl  7 (nid  15 out):    0/30dB (4 steps)\npcm0: \npcm0: Speaker/Beep Volume (OSS: speaker)\npcm0:    |\npcm0:    +- ctl 14 (nid  24 out):    -45/0dB (16 steps) + mute\npcm0: \npcm0: Recording Level (OSS: rec)\npcm0:    |\npcm0:    +- ctl  8 (nid  18 out):    0/22dB (16 steps) + mute\npcm0: \npcm0: Mixer \"vol\":\npcm0: Mixer \"pcm\":\npcm0: Mixer \"speaker\":\npcm0: Mixer \"mic\":\npcm0: Mixer \"rec\":\npcm0: Mixer \"ogain\":\npcm0: clone manager: deadline=750ms flags=0x8000001e\npcm0: sndbuf_setmap df80000, 4000; 0xe70f0000 -\u003e df80000\npcm0: sndbuf_setmap df90000, 4000; 0xe7100000 -\u003e df90000\npcm1: \u003cHDA Analog Devices AD1986A PCM #1 Digital\u003e at cad 0 nid 1 on hdac0\npcm1: +--------------------------------------+\npcm1: | DUMPING PCM Playback/Record Channels |\npcm1: +--------------------------------------+\npcm1: \npcm1: Playback:\npcm1: \npcm1:      Stream cap: 0x00000005\npcm1:                  AC3 PCM\npcm1:         PCM cap: 0x00020060\npcm1:                  16 bits, 44 48 KHz\npcm1:             DAC: 2\npcm1: \npcm1: +-------------------------------+\npcm1: | DUMPING Playback/Record Paths |\npcm1: +-------------------------------+\npcm1: \npcm1: Playback:\npcm1: \npcm1:     nid=37 [pin: SPDIF-out (Jack)]\npcm1:       |\npcm1:       + \u003c- nid=2 [audio output] [src: pcm]\npcm1: \npcm1: +-------------------------+\npcm1: | DUMPING Volume Controls |\npcm1: +-------------------------+\npcm1: \npcm1: Forcing Soft PCM volume\npcm1: Forcing master volume with PCM\npcm1: Mixer \"vol\" -\u003e \"none\": child=0x00000010\npcm1: Mixer \"pcm\": parent=\"vol\"\npcm1: Soft PCM mixer ENABLED\npcm1: clone manager: deadline=750ms flags=0x8000001e\npcm1: sndbuf_setmap dfa0000, 4000; 0xe7110000 -\u003e dfa0000\nlo1: bpf attached\nts_to_ct(1275511755.903037117) = [2010-06-02 20:49:15]"
}