{
 "id": 474666,
 "bug_id": 129602,
 "attachment_id": 0,
 "creation_time": "2008-12-12T22:20:00Z",
 "creator": "wollman@csail.mit.edu",
 "text": "\nahd(4) driver gets confused and eventually wedges SCSI bus.  This is\naccompanied by a very long state dump from the driver, and happens during\nboot and during periods of heavy disk usage.  Eventually all disks in the\nsystem time out and the machine either panics or freezes depending on what\nit was doing.  When it's in this state, one of the drive activity lights\nis on solid.\n\nHere's the contents of the message buffer at bootup.  Note that the first\nerror occurs during the initial probe for disks.\n\nCopyright (c) 1992-2008 The FreeBSD Project.\nCopyright (c) 1979, 1980, 1983, 1986, 1988, 1989, 1991, 1992, 1993, 1994\n\tThe Regents of the University of California. All rights reserved.\nFreeBSD is a registered trademark of The FreeBSD Foundation.\nFreeBSD 7.1-RC1 #1: Fri Dec 12 11:04:19 EST 2008\n    root@:/usr/obj/usr/src/sys/NEWSSWITCH\nTimecounter \"i8254\" frequency 1193182 Hz quality 0\nCPU: Intel(R) Xeon(TM) CPU 2.66GHz (2665.92-MHz 686-class CPU)\n  Origin = \"GenuineIntel\"  Id = 0xf29  Stepping = 9\n  Features=0xbfebfbff\u003cFPU,VME,DE,PSE,TSC,MSR,PAE,MCE,CX8,APIC,SEP,MTRR,PGE,MCA,CMOV,PAT,PSE36,CLFLUSH,DTS,ACPI,MMX,FXSR,SSE,SSE2,SS,HTT,TM,PBE\u003e\n  Features2=0x4400\u003cCNXT-ID,xTPR\u003e\n  Logical CPUs per core: 2\nreal memory  = 2146959360 (2047 MB)\navail memory = 2101248000 (2003 MB)\nACPI APIC Table: \u003cPTLTD  \t APIC  \u003e\nioapic0 \u003cVersion 2.0\u003e irqs 0-23 on motherboard\nioapic1 \u003cVersion 2.0\u003e irqs 24-47 on motherboard\nioapic2 \u003cVersion 2.0\u003e irqs 48-71 on motherboard\nioapic3 \u003cVersion 2.0\u003e irqs 72-95 on motherboard\nioapic4 \u003cVersion 2.0\u003e irqs 96-119 on motherboard\nichwd module loaded\nsmbios0: \u003cSystem Management BIOS\u003e at iomem 0xf6810-0xf682e on motherboard\nsmbios0: Version: 2.31\nacpi0: \u003cPTLTD   RSDT\u003e on motherboard\nacpi0: [ITHREAD]\nacpi0: Power Button (fixed)\nTimecounter \"ACPI-fast\" frequency 3579545 Hz quality 1000\nacpi_timer0: \u003c24-bit timer at 3.579545MHz\u003e port 0x1008-0x100b on acpi0\npcib0: \u003cACPI Host-PCI bridge\u003e port 0xcf8-0xcff on acpi0\npci0: \u003cACPI PCI bus\u003e on pcib0\npci0: \u003cunknown\u003e at device 0.1 (no driver attached)\npcib1: \u003cACPI PCI-PCI bridge\u003e at device 2.0 on pci0\npci1: \u003cACPI PCI bus\u003e on pcib1\npcib2: \u003cACPI PCI-PCI bridge\u003e at device 29.0 on pci1\npci2: \u003cACPI PCI bus\u003e on pcib2\npcib3: \u003cACPI PCI-PCI bridge\u003e at device 31.0 on pci1\npci3: \u003cACPI PCI bus\u003e on pcib3\nem0: \u003cIntel(R) PRO/1000 Network Connection 6.9.6\u003e port 0x3000-0x303f mem 0xfc200000-0xfc21ffff irq 28 at device 2.0 on pci3\nem0: [FILTER]\nem0: Ethernet address: 00:30:48:2b:84:16\nem1: \u003cIntel(R) PRO/1000 Network Connection 6.9.6\u003e port 0x3040-0x307f mem 0xfc220000-0xfc23ffff irq 29 at device 2.1 on pci3\nem1: [FILTER]\nem1: Ethernet address: 00:30:48:2b:84:17\npcib4: \u003cACPI PCI-PCI bridge\u003e at device 3.0 on pci0\npci4: \u003cACPI PCI bus\u003e on pcib4\npcib5: \u003cACPI PCI-PCI bridge\u003e at device 29.0 on pci4\npci5: \u003cACPI PCI bus\u003e on pcib5\npcib6: \u003cACPI PCI-PCI bridge\u003e at device 31.0 on pci4\npci6: \u003cACPI PCI bus\u003e on pcib6\nahd0: \u003cAdaptec AIC7902 Ultra320 SCSI adapter\u003e port 0x4400-0x44ff,0x4000-0x40ff mem 0xfc400000-0xfc401fff irq 76 at device 2.0 on pci6\nahd0: [ITHREAD]\naic7902: Ultra320 Wide Channel A, SCSI Id=7, PCI-X 101-133Mhz, 512 SCBs\nahd1: \u003cAdaptec AIC7902 Ultra320 SCSI adapter\u003e port 0x4c00-0x4cff,0x4800-0x48ff mem 0xfc402000-0xfc403fff irq 77 at device 2.1 on pci6\nahd1: [ITHREAD]\naic7902: Ultra320 Wide Channel B, SCSI Id=7, PCI-X 101-133Mhz, 512 SCBs\npci0: \u003cserial bus, USB\u003e at device 29.0 (no driver attached)\npci0: \u003cserial bus, USB\u003e at device 29.1 (no driver attached)\npci0: \u003cserial bus, USB\u003e at device 29.2 (no driver attached)\npcib7: \u003cACPI PCI-PCI bridge\u003e at device 30.0 on pci0\npci7: \u003cACPI PCI bus\u003e on pcib7\nvgapci0: \u003cVGA-compatible display\u003e port 0x5000-0x50ff mem 0xfd000000-0xfdffffff,0xfc500000-0xfc500fff irq 16 at device 1.0 on pci7\nisab0: \u003cPCI-ISA bridge\u003e at device 31.0 on pci0\nisa0: \u003cISA bus\u003e on isab0\npci0: \u003cmass storage, ATA\u003e at device 31.1 (no driver attached)\nichsmb0: \u003cIntel 82801CA (ICH3) SMBus controller\u003e port 0x1100-0x111f at device 31.3 on pci0\nichsmb0: [GIANT-LOCKED]\nichsmb0: [ITHREAD]\nsmbus0: \u003cSystem Management Bus\u003e on ichsmb0\nsmb0: \u003cSMBus generic I/O\u003e on smbus0\nacpi_button0: \u003cPower Button\u003e on acpi0\natkbdc0: \u003cKeyboard controller (i8042)\u003e port 0x60,0x64 irq 1 on acpi0\natkbd0: \u003cAT Keyboard\u003e irq 1 on atkbdc0\natkbd0: [GIANT-LOCKED]\natkbd0: [ITHREAD]\nsio0: \u003c16550A-compatible COM port\u003e port 0x3f8-0x3ff irq 4 flags 0x10 on acpi0\nsio0: type 16550A, console\nsio0: [FILTER]\nsio1: \u003c16550A-compatible COM port\u003e port 0x2f8-0x2ff irq 3 on acpi0\nsio1: type 16550A\nsio1: [FILTER]\nfdc0: \u003cfloppy drive controller\u003e port 0x3f0-0x3f5,0x3f7 irq 6 drq 2 on acpi0\nfdc0: [FILTER]\nfd0: \u003c1440-KB 3.5\" drive\u003e on fdc0 drive 0\ncpu0: \u003cACPI CPU\u003e on acpi0\nichwd0: \u003cIntel 82801CA watchdog timer\u003e on isa0\nichwd0: Intel 82801CA watchdog timer (ICH3 or equivalent)\norm0: \u003cISA Option ROMs\u003e at iomem 0xc0000-0xc7fff,0xc8000-0xc8fff,0xe0000-0xe3fff pnpid ORM0000 on isa0\nsc0: \u003cSystem console\u003e at flags 0x100 on isa0\nsc0: VGA \u003c16 virtual consoles, flags=0x300\u003e\nvga0: \u003cGeneric ISA VGA\u003e at port 0x3c0-0x3df iomem 0xa0000-0xbffff on isa0\nTimecounter \"TSC\" frequency 2665920656 Hz quality 800\nTimecounters tick every 1.000 msec\nWaiting 2 seconds for SCSI devices to settle\nahd0: Invalid Sequencer interrupt occurred.\n\nHow-To-Repeat: Boot a machine with at least 3 SCSI disks on this particular SuperMicro\nserver platform.  (This issue has been replicated with two similar machines.)"
}