{
 "id": 666775,
 "bug_id": 168246,
 "attachment_id": 0,
 "creation_time": "2012-05-23T03:20:01Z",
 "creator": "lacombar@gmail.com",
 "text": "It would seem that FreeBSD is unable to deal correctly with qemu's\nnetworking when *more* than one e1000 interface is exported. TX works, but RX seems broken. re(4) in the exact same configuration works fine.\n\nFix: \n\nplease.\nHow-To-Repeat: # qemu -nographic -hda /vm/hdd-freebsd-i386 \\\n   -net nic -net tap,script=/vm/ifup \\\n   -net nic -net tap,script=/vm/ifup \\\n   -net nic -net tap,script=/vm/ifup \\\n   -net nic -net tap,script=/vm/ifup \\\n   -net nic -net tap,script=/vm/ifup \\\n   -net nic -net tap,script=/vm/ifup\nCopyright (c) 1992-2012 The FreeBSD Project.\nCopyright (c) 1979, 1980, 1983, 1986, 1988, 1989, 1991, 1992, 1993, 1994\n       The Regents of the University of California. All rights reserved.\nFreeBSD is a registered trademark of The FreeBSD Foundation.\nFreeBSD 9.0-RELEASE #0: Tue Jan  3 07:15:25 UTC 2012\n   root@obrian.cse.buffalo.edu:/usr/obj/usr/src/sys/GENERIC i386\nCPU: QEMU Virtual CPU version 0.14.50 (2660.53-MHz 686-class CPU)\n Origin = \"GenuineIntel\"  Id = 0x633  Family = 6  Model = 3  Stepping = 3\n Features=0x781abf9\u003cFPU,PSE,TSC,MSR,PAE,MCE,CX8,APIC,SEP,PGE,CMOV,PAT,MMX,FXSR,SSE,SSE2\u003e\n Features2=0x80800001\u003cSSE3,POPCNT,HV\u003e\nreal memory  = 134205440 (127 MB)\navail memory = 112107520 (106 MB)\n[...]\nem0: \u003cIntel(R) PRO/1000 Legacy Network Connection 1.0.3\u003e port\n0xc040-0xc07f mem 0xf2020000-0xf203ffff irq 11 at device 3.0 on pci0\nem0: Memory Access and/or Bus Master bits were not set!\nem0: Ethernet address: 52:54:00:12:34:56\n[...]\nem5: \u003cIntel(R) PRO/1000 Legacy Network Connection 1.0.3\u003e port\n0xc180-0xc1bf mem 0xf2160000-0xf217ffff irq 11 at device 8.0 on pci0\nem5: Memory Access and/or Bus Master bits were not set!\nem5: Ethernet address: 52:54:00:12:34:5b\n[...]\n# ifconfig em0 10.0.255.2\n# ping 10.0.255.1\nPING 10.0.255.1 (10.0.255.1): 56 data bytes\nping: sendto: Host is down\nping: sendto: Host is down\nping: sendto: Host is down"
}