{
 "id": 468191,
 "bug_id": 128282,
 "attachment_id": 0,
 "creation_time": "2009-02-23T16:45:32Z",
 "creator": "gavin@FreeBSD.org",
 "text": "-------- Forwarded Message --------\nFrom: Dwayne Hart \u003cdwayneh@ssimicro.com\u003e\nSubject: Re: kern/128282: [mpt] system failure on removing two drives\n\nHi,\n\nAs per your request, I've attached a verbose copy of the machine's dmesg.\n\nCheers,\nDwayne\n\nplain text document attachment (dmesg.23-oct-2008)\nCopyright (c) 1992-2008 The FreeBSD Project.\nCopyright (c) 1979, 1980, 1983, 1986, 1988, 1989, 1991, 1992, 1993, 1994\n\tThe Regents of the University of California. All rights reserved.\nFreeBSD is a registered trademark of The FreeBSD Foundation.\nFreeBSD 6.3-RELEASE #0: Wed Jan 16 04:45:45 UTC 2008\n    root@dessler.cse.buffalo.edu:/usr/obj/usr/src/sys/SMP\nacpi_alloc_wakeup_handler: can't alloc wake memory\nTimecounter \"i8254\" frequency 1193182 Hz quality 0\nCPU: Intel(R) Xeon(R) CPU           E5405  @ 2.00GHz (2000.08-MHz 686-class CPU)\n  Origin = \"GenuineIntel\"  Id = 0x10676  Stepping = 6\n  Features=0xbfebfbff\u003cFPU,VME,DE,PSE,TSC,MSR,PAE,MCE,CX8,APIC,SEP,MTRR,PGE,MCA,CMOV,PAT,PSE36,CLFLUSH,DTS,ACPI,MMX,FXSR,SSE,SSE2,SS,HTT,TM,PBE\u003e\n  Features2=0xce33d\u003cSSE3,RSVD2,MON,DS_CPL,VMX,TM2,SSSE3,CX16,xTPR,PDCM,DCA,\u003cb19\u003e\u003e\n  AMD Features=0x20100000\u003cNX,LM\u003e\n  AMD Features2=0x1\u003cLAHF\u003e\n  Cores per package: 4\nreal memory  = 3488940032 (3327 MB)\navail memory = 3409944576 (3251 MB)\nACPI APIC Table: \u003cPTLTD  \t APIC  \u003e\nFreeBSD/SMP: Multiprocessor System Detected: 8 CPUs\n cpu0 (BSP): APIC ID:  0\n cpu1 (AP): APIC ID:  1\n cpu2 (AP): APIC ID:  2\n cpu3 (AP): APIC ID:  3\n cpu4 (AP): APIC ID:  4\n cpu5 (AP): APIC ID:  5\n cpu6 (AP): APIC ID:  6\n cpu7 (AP): APIC ID:  7\nioapic0 \u003cVersion 2.0\u003e irqs 0-23 on motherboard\nioapic1 \u003cVersion 2.0\u003e irqs 24-47 on motherboard\nkbd1 at kbdmux0\nath_hal: 0.9.20.3 (AR5210, AR5211, AR5212, RF5111, RF5112, RF2413, RF5413)\nhptrr: HPT RocketRAID controller driver v1.1 (Jan 16 2008 04:43:12)\nacpi0: \u003cSMCI SMCISLP2\u003e on motherboard\nacpi0: Power Button (fixed)\nTimecounter \"ACPI-fast\" frequency 3579545 Hz quality 1000\nacpi_timer0: \u003c24-bit timer at 3.579545MHz\u003e port 0x1008-0x100b on acpi0\nacpi_hpet0: \u003cHigh Precision Event Timer\u003e iomem 0xfed00000-0xfed003ff on acpi0\nTimecounter \"HPET\" frequency 14318180 Hz quality 900\ncpu0: \u003cACPI CPU\u003e on acpi0\nacpi_throttle0: \u003cACPI CPU Throttling\u003e on cpu0\ncpu1: \u003cACPI CPU\u003e on acpi0\nacpi_throttle1: \u003cACPI CPU Throttling\u003e on cpu1\nacpi_throttle1: failed to attach P_CNT\ndevice_attach: acpi_throttle1 attach returned 6\ncpu2: \u003cACPI CPU\u003e on acpi0\nacpi_throttle2: \u003cACPI CPU Throttling\u003e on cpu2\nacpi_throttle2: failed to attach P_CNT\ndevice_attach: acpi_throttle2 attach returned 6\ncpu3: \u003cACPI CPU\u003e on acpi0\nacpi_throttle3: \u003cACPI CPU Throttling\u003e on cpu3\nacpi_throttle3: failed to attach P_CNT\ndevice_attach: acpi_throttle3 attach returned 6\ncpu4: \u003cACPI CPU\u003e on acpi0\nacpi_throttle4: \u003cACPI CPU Throttling\u003e on cpu4\nacpi_throttle4: failed to attach P_CNT\ndevice_attach: acpi_throttle4 attach returned 6\ncpu5: \u003cACPI CPU\u003e on acpi0\nacpi_throttle5: \u003cACPI CPU Throttling\u003e on cpu5\nacpi_throttle5: failed to attach P_CNT\ndevice_attach: acpi_throttle5 attach returned 6\ncpu6: \u003cACPI CPU\u003e on acpi0\nacpi_throttle6: \u003cACPI CPU Throttling\u003e on cpu6\nacpi_throttle6: failed to attach P_CNT\ndevice_attach: acpi_throttle6 attach returned 6\ncpu7: \u003cACPI CPU\u003e on acpi0\nacpi_throttle7: \u003cACPI CPU Throttling\u003e on cpu7\nacpi_throttle7: failed to attach P_CNT\ndevice_attach: acpi_throttle7 attach returned 6\npcib0: \u003cACPI Host-PCI bridge\u003e port 0xcf8-0xcff on acpi0\npci0: \u003cACPI PCI bus\u003e on pcib0\npcib1: \u003cACPI PCI-PCI bridge\u003e at device 2.0 on pci0\npci1: \u003cACPI PCI bus\u003e on pcib1\npcib2: \u003cACPI PCI-PCI bridge\u003e irq 16 at device 0.0 on pci1\npci2: \u003cACPI PCI bus\u003e on pcib2\npcib3: \u003cACPI PCI-PCI bridge\u003e irq 16 at device 0.0 on pci2\npci3: \u003cACPI PCI bus\u003e on pcib3\npcib4: \u003cACPI PCI-PCI bridge\u003e at device 0.0 on pci3\npci4: \u003cACPI PCI bus\u003e on pcib4\npcib5: \u003cACPI PCI-PCI bridge\u003e at device 0.2 on pci3\npci5: \u003cACPI PCI bus\u003e on pcib5\npcib6: \u003cACPI PCI-PCI bridge\u003e irq 18 at device 2.0 on pci2\npci6: \u003cACPI PCI bus\u003e on pcib6\nem0: \u003cIntel(R) PRO/1000 Network Connection Version - 6.7.2\u003e port 0x2000-0x201f mem 0xd8220000-0xd823ffff,0xd8200000-0xd821ffff irq 18 at device 0.0 on pci6\nem0: Ethernet address: 00:30:48:c4:cb:7a\nem1: \u003cIntel(R) PRO/1000 Network Connection Version - 6.7.2\u003e port 0x2020-0x203f mem 0xd8260000-0xd827ffff,0xd8240000-0xd825ffff irq 19 at device 0.1 on pci6\nem1: Ethernet address: 00:30:48:c4:cb:7b\npcib7: \u003cACPI PCI-PCI bridge\u003e at device 0.3 on pci1\npci7: \u003cACPI PCI bus\u003e on pcib7\npcib8: \u003cACPI PCI-PCI bridge\u003e at device 4.0 on pci0\npci8: \u003cACPI PCI bus\u003e on pcib8\npcib9: \u003cACPI PCI-PCI bridge\u003e at device 6.0 on pci0\npci9: \u003cACPI PCI bus\u003e on pcib9\nmpt0: \u003cLSILogic SAS/SATA Adapter\u003e port 0x3000-0x30ff mem 0xd8410000-0xd8413fff,0xd8400000-0xd840ffff irq 18 at device 0.0 on pci9\nmpt0: [GIANT-LOCKED]\nmpt0: MPI Version=1.5.14.0\nmpt0: mpt_cam_event: 0x16\nmpt0: Unhandled Event Notify Frame. Event 0x16 (ACK not required).\nmpt0: mpt_cam_event: 0x12\nmpt0: Unhandled Event Notify Frame. Event 0x12 (ACK not required).\nmpt0: mpt_cam_event: 0x12\nmpt0: Unhandled Event Notify Frame. Event 0x12 (ACK not required).\nmpt0: mpt_cam_event: 0x12\nmpt0: Unhandled Event Notify Frame. Event 0x12 (ACK not required).\nmpt0: mpt_cam_event: 0x12\nmpt0: Unhandled Event Notify Frame. Event 0x12 (ACK not required).\nmpt0: mpt_cam_event: 0x16\nmpt0: Unhandled Event Notify Frame. Event 0x16 (ACK not required).\nmpt0: mpt_cam_event: 0x16\nmpt0: Unhandled Event Notify Frame. Event 0x16 (ACK not required).\nmpt0: mpt_cam_event: 0x16\nmpt0: Unhandled Event Notify Frame. Event 0x16 (ACK not required).\npci0: \u003cbase peripheral\u003e at device 8.0 (no driver attached)\npcib10: \u003cACPI PCI-PCI bridge\u003e irq 17 at device 28.0 on pci0\npci10: \u003cACPI PCI bus\u003e on pcib10\nuhci0: \u003cUHCI (generic) USB controller\u003e port 0x1800-0x181f irq 17 at device 29.0 on pci0\nuhci0: [GIANT-LOCKED]\nusb0: \u003cUHCI (generic) USB controller\u003e on uhci0\nusb0: USB revision 1.0\nuhub0: Intel UHCI root hub, class 9/0, rev 1.00/1.00, addr 1\nuhub0: 2 ports with 2 removable, self powered\nuhci1: \u003cUHCI (generic) USB controller\u003e port 0x1820-0x183f irq 19 at device 29.1 on pci0\nuhci1: [GIANT-LOCKED]\nusb1: \u003cUHCI (generic) USB controller\u003e on uhci1\nusb1: USB revision 1.0\nuhub1: Intel UHCI root hub, class 9/0, rev 1.00/1.00, addr 1\nuhub1: 2 ports with 2 removable, self powered\nuhci2: \u003cUHCI (generic) USB controller\u003e port 0x1840-0x185f irq 18 at device 29.2 on pci0\nuhci2: [GIANT-LOCKED]\nusb2: \u003cUHCI (generic) USB controller\u003e on uhci2\nusb2: USB revision 1.0\nuhub2: Intel UHCI root hub, class 9/0, rev 1.00/1.00, addr 1\nuhub2: 2 ports with 2 removable, self powered\nehci0: \u003cEHCI (generic) USB 2.0 controller\u003e mem 0xd8600000-0xd86003ff irq 17 at device 29.7 on pci0\nehci0: [GIANT-LOCKED]\nusb3: EHCI version 1.0\nusb3: companion controllers, 2 ports each: usb0 usb1 usb2\nusb3: \u003cEHCI (generic) USB 2.0 controller\u003e on ehci0\nusb3: USB revision 2.0\nuhub3: Intel EHCI root hub, class 9/0, rev 2.00/1.00, addr 1\nuhub3: 6 ports with 6 removable, self powered\npcib11: \u003cACPI PCI-PCI bridge\u003e at device 30.0 on pci0\npci11: \u003cACPI PCI bus\u003e on pcib11\npci11: \u003cdisplay, VGA\u003e at device 1.0 (no driver attached)\nisab0: \u003cPCI-ISA bridge\u003e at device 31.0 on pci0\nisa0: \u003cISA bus\u003e on isab0\natapci0: \u003cIntel 63XXESB2 UDMA100 controller\u003e port 0x1f0-0x1f7,0x3f6,0x170-0x177,0x376,0x1860-0x186f at device 31.1 on pci0\nata0: \u003cATA channel 0\u003e on atapci0\nata1: \u003cATA channel 1\u003e on atapci0\natapci1: \u003cIntel AHCI controller\u003e port 0x18a0-0x18a7,0x1874-0x1877,0x1878-0x187f,0x1870-0x1873,0x1880-0x189f mem 0xd8600400-0xd86007ff irq 19 at device 31.2 on pci0\natapci1: AHCI Version 01.10 controller with 6 ports detected\nata2: \u003cATA channel 0\u003e on atapci1\nata3: \u003cATA channel 1\u003e on atapci1\nata4: \u003cATA channel 2\u003e on atapci1\nata5: \u003cATA channel 3\u003e on atapci1\nata6: \u003cATA channel 4\u003e on atapci1\nata7: \u003cATA channel 5\u003e on atapci1\npci0: \u003cserial bus, SMBus\u003e at device 31.3 (no driver attached)\nacpi_button0: \u003cPower Button\u003e on acpi0\natkbdc0: \u003cKeyboard controller (i8042)\u003e port 0x60,0x64 irq 1 on acpi0\natkbd0: \u003cAT Keyboard\u003e irq 1 on atkbdc0\nkbd0 at atkbd0\natkbd0: [GIANT-LOCKED]\nsio0: \u003c16550A-compatible COM port\u003e port 0x3f8-0x3ff irq 4 flags 0x10 on acpi0\nsio0: type 16550A\nsio1: \u003c16550A-compatible COM port\u003e port 0x2f8-0x2ff irq 3 on acpi0\nsio1: type 16550A\nfdc0: \u003cfloppy drive controller\u003e port 0x3f0-0x3f5,0x3f7 irq 6 drq 2 on acpi0\nfdc0: [FAST]\nppc0: \u003cECP parallel printer port\u003e port 0x378-0x37f,0x778-0x77f irq 7 drq 3 on acpi0\nppc0: SMC-like chipset (ECP/EPP/PS2/NIBBLE) in COMPATIBLE mode\nppc0: FIFO with 16/16/9 bytes threshold\nppbus0: \u003cParallel port bus\u003e on ppc0\nplip0: \u003cPLIP network interface\u003e on ppbus0\nlpt0: \u003cPrinter\u003e on ppbus0\nlpt0: Interrupt-driven port\nppi0: \u003cParallel I/O\u003e on ppbus0\npmtimer0 on isa0\norm0: \u003cISA Option ROMs\u003e at iomem 0xc0000-0xcafff,0xcb000-0xcd7ff on isa0\nsc0: \u003cSystem console\u003e at flags 0x100 on isa0\nsc0: VGA \u003c16 virtual consoles, flags=0x300\u003e\nvga0: \u003cGeneric ISA VGA\u003e at port 0x3c0-0x3df iomem 0xa0000-0xbffff on isa0\nTimecounters tick every 1.000 msec\nhptrr: no controller detected.\nacd0: DVDROM \u003cDVD-ROM UJDA780/1.50\u003e at ata0-slave UDMA33\nad4: 76319MB \u003cWDC WD800JD-00MSA1 10.01E01\u003e at ata2-master SATA300\nda0 at mpt0 bus 0 target 31 lun 0\nda0: \u003cATA ST31000340NS RS01\u003e Fixed Direct Access SCSI-5 device \nda0: 300.000MB/s transfers, Tagged Queueing Enabled\nda0: 953869MB (1953525168 512 byte sectors: 255H 63S/T 121601C)\nda1 at mpt0 bus 0 target 32 lun 0\nda1: \u003cATA ST31000340NS RS01\u003e Fixed Direct Access SCSI-5 device \nda1: 300.000MB/s transfers, Tagged Queueing Enabled\nda1: 953869MB (1953525168 512 byte sectors: 255H 63S/T 121601C)\nda2 at mpt0 bus 0 target 33 lun 0\nda2: \u003cATA ST31000340NS RS01\u003e Fixed Direct Access SCSI-5 device \nda2: 300.000MB/s transfers, Tagged Queueing Enabled\nda2: 953869MB (1953525168 512 byte sectors: 255H 63S/T 121601C)\nda3 at mpt0 bus 0 target 34 lun 0\nda3: \u003cATA ST31000340NS RS01\u003e Fixed Direct Access SCSI-5 device \nda3: 300.000MB/s transfers, Tagged Queueing Enabled\nda3: 953869MB (1953525168 512 byte sectors: 255H 63S/T 121601C)\nSMP: AP CPU #1 Launched!\nSMP: AP CPU #2 Launched!\nSMP: AP CPU #3 Launched!\nSMP: AP CPU #6 Launched!\nSMP: AP CPU #4 Launched!\nSMP: AP CPU #7 Launched!\nSMP: AP CPU #5 Launched!\nGEOM_MIRROR: Device gm0 created (id=2855202746).\nGEOM_MIRROR: Device gm0: provider da0 detected.\nGEOM_MIRROR: Device gm0: provider da1 detected.\nGEOM_MIRROR: Device gm0: provider da1 activated.\nGEOM_MIRROR: Device gm0: provider mirror/gm0 launched.\nGEOM_MIRROR: Device gm0: rebuilding provider da0.\nGEOM_MIRROR: Cannot add disk da3 to gm0 (error=17).\nTrying to mount root from ufs:/dev/ad4s1a\nem0: link state changed to UP\nGEOM_MIRROR: Device gm0: rebuilding provider da0 finished.\nGEOM_MIRROR: Device gm0: provider da0 activated.\nGEOM_MIRROR: Device gm0: provider da0 destroyed.\nGEOM_MIRROR: Device gm0: provider da0 detected.\nGEOM_MIRROR: Device gm0: rebuilding provider da0."
}