{
 "id": 937905,
 "bug_id": 219960,
 "attachment_id": 0,
 "creation_time": "2017-06-13T17:09:12Z",
 "creator": "eli@egwynn.com",
 "text": "I bought 2x new ST2000DM006-2DM164 disks. They work fine on my MacBook Pro (Early 2011) running OS X 10.11.6. If I attach them to my FreeBSD machine, they show up. If I try to create partitions on them, they fail and detach. Details below.\n\n--- uname -a\n\nFreeBSD zfs.egwynn.com 11.0-RELEASE-p10 FreeBSD 11.0-RELEASE-p10 #3 r261451M: Mon Jun 12 14:42:11 EDT 2017     root@zfs.egwynn.com:/usr/obj/usr/src/sys/GENERIC  amd64\n\n--- dmesg\n\nada5 at siisch0 bus 0 scbus7 target 0 lun 0\nada5: \u003cST2000DM006-2DM164 CC26\u003e ACS-2 ATA SATA 3.x device\nada5: Serial Number Z4Z82YM7\nada5: 300.000MB/s transfers (SATA 2.x, UDMA6, PIO 8192bytes)\nada5: Command Queueing enabled\nada5: 1907729MB (3907029168 512 byte sectors)\nada5: quirks=0x1\u003c4K\u003e\n\n--- dmesg after `gpart create -s gpt ada5`\n\n(ada5:siisch0:0:0:0): WRITE_FPDMA_QUEUED. ACB: 61 01 00 00 00 40 00 00 00 00 00 00\n(ada5:siisch0:0:0:0): CAM status: CCB request was invalid\n(ada5:siisch0:0:0:0): Error 22, Unretryable error\nada5 at siisch0 bus 0 scbus7 target 0 lun 0\nada5: \u003cST2000DM006-2DM164 CC26\u003e s/n Z4Z82YM7 detached\n(ada5:siisch0:0:0:0): Periph destroyed\n\n--- camcontrol identify ada5\n\npass6: \u003cST2000DM006-2DM164 CC26\u003e ACS-2 ATA SATA 3.x device\npass6: 300.000MB/s transfers (SATA 2.x, UDMA6, PIO 8192bytes)\n\nprotocol              ATA/ATAPI-9 SATA 3.x\ndevice model          ST2000DM006-2DM164\nfirmware revision     CC26\nserial number         Z4Z82YM7\nWWN                   5000c500a2e3c45f\ncylinders             16383\nheads                 16\nsectors/track         63\nsector size           logical 512, physical 4096, offset 0\nLBA supported         268435455 sectors\nLBA48 supported       3907029168 sectors\nPIO supported         PIO4\nDMA supported         WDMA2 UDMA6\nmedia RPM             7200\n\nFeature                      Support  Enabled   Value           Vendor\nread ahead                     yes      yes\nwrite cache                    yes      yes\nflush cache                    yes      yes\noverlap                        no\nTagged Command Queuing (TCQ)   no       no\nNative Command Queuing (NCQ)   yes              32 tags\nNCQ Queue Management           no\nNCQ Streaming                  no\nReceive \u0026 Send FPDMA Queued    no\nSMART                          yes      yes\nmicrocode download             yes      yes\nsecurity                       yes      no\npower management               yes      yes\nadvanced power management      yes      yes     128/0x80\nautomatic acoustic management  no       no\nmedia status notification      no       no\npower-up in Standby            yes      no\nwrite-read-verify              yes      no      0/0x0\nunload                         no       no\ngeneral purpose logging        yes      yes\nfree-fall                      no       no\nData Set Management (DSM/TRIM) no\nHost Protected Area (HPA)      yes      no      3907029168/3907029168\nHPA - Security                 no\n\n\n--- smartctl -a /dev/ada5\n\nsmartctl 6.5 2016-05-07 r4318 [FreeBSD 11.0-RELEASE-p10 amd64] (local build)                                                                                                                                                         [38/1869]\nCopyright (C) 2002-16, Bruce Allen, Christian Franke, www.smartmontools.org\n\n=== START OF INFORMATION SECTION ===\nDevice Model:     ST2000DM006-2DM164\nSerial Number:    Z4Z82YM7\nLU WWN Device Id: 5 000c50 0a2e3c45f\nFirmware Version: CC26\nUser Capacity:    2,000,398,934,016 bytes [2.00 TB]\nSector Sizes:     512 bytes logical, 4096 bytes physical\nRotation Rate:    7200 rpm\nForm Factor:      3.5 inches\nDevice is:        Not in smartctl database [for details use: -P showall]\nATA Version is:   ACS-2, ACS-3 T13/2161-D revision 3b\nSATA Version is:  SATA 3.1, 6.0 Gb/s (current: 3.0 Gb/s)\nLocal Time is:    Tue Jun 13 13:04:17 2017 EDT\nSMART support is: Available - device has SMART capability.\nSMART support is: Enabled\n\n=== START OF READ SMART DATA SECTION ===\nSMART overall-health self-assessment test result: PASSED\n\nGeneral SMART Values:\nOffline data collection status:  (0x00) Offline data collection activity\n                                        was never started.\n                                        Auto Offline Data Collection: Disabled.\nSelf-test execution status:      (   0) The previous self-test routine completed\n                                        without error or no self-test has ever\n                                        been run.\nTotal time to complete Offline\ndata collection:                (   89) seconds.\nOffline data collection\ncapabilities:                    (0x73) SMART execute Offline immediate.\n                                        Auto Offline data collection on/off support.\n                                        Suspend Offline collection upon new\n                                        command.\n                                        No Offline surface scan supported.\n                                        Self-test supported.\n                                        Conveyance Self-test supported.\n                                        Selective Self-test supported.\nSMART capabilities:            (0x0003) Saves SMART data before entering\n                                        power-saving mode.\n                                        Supports SMART auto save timer.\nError logging capability:        (0x01) Error logging supported.\n                                        General Purpose Logging supported.\nShort self-test routine\nrecommended polling time:        (   1) minutes.\nExtended self-test routine\nrecommended polling time:        ( 213) minutes.\nConveyance self-test routine\nrecommended polling time:        (   2) minutes.\nSCT capabilities:              (0x1085) SCT Status supported.\n\nSMART Attributes Data Structure revision number: 10\nVendor Specific SMART Attributes with Thresholds:\nID# ATTRIBUTE_NAME          FLAG     VALUE WORST THRESH TYPE      UPDATED  WHEN_FAILED RAW_VALUE\n  1 Raw_Read_Error_Rate     0x000f   100   100   006    Pre-fail  Always       -       33128\n  3 Spin_Up_Time            0x0003   099   099   000    Pre-fail  Always       -       0\n  4 Start_Stop_Count        0x0032   100   100   020    Old_age   Always       -       4\n  5 Reallocated_Sector_Ct   0x0033   100   100   010    Pre-fail  Always       -       0\n  7 Seek_Error_Rate         0x000f   100   253   030    Pre-fail  Always       -       17\n  9 Power_On_Hours          0x0032   100   100   000    Old_age   Always       -       1\n 10 Spin_Retry_Count        0x0013   100   100   097    Pre-fail  Always       -       0\n 12 Power_Cycle_Count       0x0032   100   100   020    Old_age   Always       -       4\n183 Runtime_Bad_Block       0x0032   100   100   000    Old_age   Always       -       0\n184 End-to-End_Error        0x0032   100   100   099    Old_age   Always       -       0\n187 Reported_Uncorrect      0x0032   100   100   000    Old_age   Always       -       0\n188 Command_Timeout         0x0032   100   253   000    Old_age   Always       -       1\n189 High_Fly_Writes         0x003a   100   100   000    Old_age   Always       -       0\n190 Airflow_Temperature_Cel 0x0022   064   064   045    Old_age   Always       -       36 (Min/Max 30/36)\n191 G-Sense_Error_Rate      0x0032   100   100   000    Old_age   Always       -       0\n192 Power-Off_Retract_Count 0x0032   100   100   000    Old_age   Always       -       3\n193 Load_Cycle_Count        0x0032   100   100   000    Old_age   Always       -       7\n194 Temperature_Celsius     0x0022   036   040   000    Old_age   Always       -       36 (0 26 0 0 0)\n197 Current_Pending_Sector  0x0012   100   100   000    Old_age   Always       -       0\n198 Offline_Uncorrectable   0x0010   100   100   000    Old_age   Offline      -       0\n199 UDMA_CRC_Error_Count    0x003e   200   253   000    Old_age   Always       -       0\n240 Head_Flying_Hours       0x0000   100   253   000    Old_age   Offline      -       0 (144 67 0)\n241 Total_LBAs_Written      0x0000   100   253   000    Old_age   Offline      -       1\n242 Total_LBAs_Read         0x0000   100   253   000    Old_age   Offline      -       2158\n\nSMART Error Log Version: 1\nNo Errors Logged\n\nSMART Self-test log structure revision number 1\nNo self-tests have been logged.  [To run self-tests, use: smartctl -t]\n\nSMART Selective self-test log data structure revision number 1\n SPAN  MIN_LBA  MAX_LBA  CURRENT_TEST_STATUS\n    1        0        0  Not_testing\n    2        0        0  Not_testing\n    3        0        0  Not_testing\n    4        0        0  Not_testing\n    5        0        0  Not_testing\nSelective self-test flags (0x0):\n  After scanning selected spans, do NOT read-scan remainder of disk.\nIf Selective self-test is pending on power-up, resume after 0 minute delay."
}