{
 "id": 1326136,
 "bug_id": 281619,
 "attachment_id": 0,
 "creation_time": "2024-09-20T21:56:25Z",
 "creator": "freebsd@reality-based.com",
 "text": "I've been running FreeBSD on various servers for years, but I'm no expert. I use \"freebsd-update\" and binary packages, but have generally found FreeBSD to be exceptionally stable and low-maintenance. \n\nThis particular server has been running for several years, and was initially installed from FreeBSD 12.0-RELEASE. I've had no trouble using freebsd-update and pkg for version upgrades, until now. \n\nAs soon as 14.1-RELEASE was available, I tried to do an upgrade, but couldn't boot into the new system because of a \"panic: integer divide fault\" error. Fortunately I'm using ZFS and boot environments, so I could boot back into the working 14.0-RELEASE boot environment. Since then I've tried several more times to upgrade, but always hit that same integer divide fault error. \n\nA freebsd-update to FreeBSD 14.0-RELEASE-p11, today, went fine, but an update to 14.1-RELEASE again failed. \n\nToday I managed to get a serial console connection to work, so that I could capture the error and stack trace. \n\nThis server is a Lenovo System x3650 M2 -[794752U].\nRunning 2x Intel(R) Xeon(R) X5660 for a total of 24 cores, with 32G of RAM. \nBooting from a ZFS mirror, with a lot of other disks connected, but encrypted, so I use a script to manually \"geli attach\" them and then \"zpool import\" them. \n\nBelow is what I captured, today:\n\nLoading kernel...\n/boot/kernel/kernel text=0x17baa0 text=0xd5ffd8 text=0x425e7c data=0x180+0xe80 data=0x1868b0+0x479750 0x8+0x189d38+0x8+0x1ad39c\nLoading configured modules...\n/boot/entropy size=0x1000\n/boot/modules/pefs.ko size 0x2e8e0 at 0x2139000\n/boot/kernel/zfs.ko size 0x5cd608 at 0x2168000\n/etc/hostid size=0x25\n---\u003c\u003cBOOT\u003e\u003e---\nCopyright (c) 1992-2023 The FreeBSD Project.\nCopyright (c) 1979, 1980, 1983, 1986, 1988, 1989, 1991, 1992, 1993, 1994\n\tThe Regents of the University of California. All rights reserved.\nFreeBSD is a registered trademark of The FreeBSD Foundation.\nFreeBSD 14.1-RELEASE-p5 GENERIC amd64\nFreeBSD clang version 18.1.5 (https://github.com/llvm/llvm-project.git llvmorg-18.1.5-0-g617a15a9eac9)\nVT(vga): resolution 640x480\nCPU: Intel(R) Xeon(R) CPU           X5660  @ 2.80GHz (2800.19-MHz K8-class CPU)\n  Origin=\"GenuineIntel\"  Id=0x206c2  Family=0x6  Model=0x2c  Stepping=2\n  Features=0xbfebfbff\u003cFPU,VME,DE,PSE,TSC,MSR,PAE,MCE,CX8,APIC,SEP,MTRR,PGE,MCA,CMOV,PAT,PSE36,CLFLUSH,DTS,ACPI,MMX,FXSR,SSE,SSE2,SS,HTT,TM,PBE\u003e\n  Features2=0x29ee3ff\u003cSSE3,PCLMULQDQ,DTES64,MON,DS_CPL,VMX,SMX,EST,TM2,SSSE3,CX16,xTPR,PDCM,PCID,DCA,SSE4.1,SSE4.2,POPCNT,AESNI\u003e\n  AMD Features=0x2c100800\u003cSYSCALL,NX,Page1GB,RDTSCP,LM\u003e\n  AMD Features2=0x1\u003cLAHF\u003e\n  Structured Extended Features3=0x9c000000\u003cIBPB,STIBP,L1DFL,SSBD\u003e\n  VT-x: PAT,HLT,MTF,PAUSE,EPT,UG,VPID\n  TSC: P-state invariant, performance statistics\nreal memory  = 34359738368 (32768 MB)\navail memory = 33314013184 (31770 MB)\nEvent timer \"LAPIC\" quality 600\nACPI APIC Table: \u003cIBM    THURLEY \u003e\nFreeBSD/SMP: Multiprocessor System Detected: 24 CPUs\nFreeBSD/SMP: 2 package(s) x 6 core(s) x 2 hardware threads\nrandom: unblocking device.\nFirmware Warning (ACPI): 32/64X length mismatch in FADT/Gpe0Block: 128/64 (20221020/tbfadt-748)\nFirmware Warning (ACPI): Invalid length for FADT/Pm1aControlBlock: 32, using default 16 (20221020/tbfadt-850)\nioapic0 \u003cVersion 2.0\u003e irqs 0-23\nioapic1 \u003cVersion 2.0\u003e irqs 24-47\nLaunching APs: 1 9 15 4 10 5 22 12 13 17 21 20 7 14 19 18 23 11 2 3 16 6 8\nrandom: entropy device external interface\nkbd1 at kbdmux0\nvtvga0: \u003cVT VGA driver\u003e\nsmbios0: \u003cSystem Management BIOS\u003e at iomem 0xfdf40-0xfdf5e\nsmbios0: Version: 2.5, BCD Revision: 2.5\naesni0: \u003cAES-CBC,AES-CCM,AES-GCM,AES-ICM,AES-XTS\u003e\n\n[.... some lines left out ....]\n\nisa0: \u003cISA bus\u003e on isab0\natapci0: \u003cIntel ICH10 SATA300 controller\u003e port 0x4118-0x411f,0x412c-0x412f,0x4110-0x4117,0x4128-0x412b,0x40f0-0x40ff,0x40e0-0x40ef irq 16 at device 31.2 on pci0\nata2: \u003cATA channel\u003e at channel 0 on atapci0\nata3: \u003cATA channel\u003e at channel 1 on atapci0\natapci1: \u003cIntel ICH10 SATA300 controller\u003e port 0x4108-0x410f,0x4124-0x4127,0x4100-0x4107,0x4120-0x4123,0x40d0-0x40df,0x40c0-0x40cf irq 21 at device 31.5 on pci0\nata4: \u003cATA channel\u003e at channel 0 on atapci1\nata5: \u003cATA channel\u003e at channel 1 on atapci1\nns8250: UART FCR is brokene\u003e port 0x3f8-0x3ff irq 4 flags 0x10 on acpi0\nuart0: console (115200,n,8,1)\nuart1: \u003c16550 or compatible\u003e port 0x2f8-0x2ff irq 3 on acpi0\norm0: \u003cISA Option ROM\u003e at iomem 0xc0000-0xc7fff pnpid ORM0000 on isa0\natkbdc0: \u003cKeyboard controller (i8042)\u003e at port 0x60,0x64 on isa0\natkbd0: \u003cAT Keyboard\u003e irq 1 on atkbdc0\nkbd0 at atkbd0\natkbd0: [GIANT-LOCKED]\natkbdc0: non-PNP ISA device will be removed from GENERIC in FreeBSD 15.\nest0: \u003cEnhanced SpeedStep Frequency Control\u003e on cpu0\n\n\nFatal trap 18: integer divide fault while in kernel mode\ncpuid = 4; apic id = 04\ninstruction pointer\t= 0x20:0xffffffff80e9c064\nstack pointer\t        = 0x28:0xffffffff82b4ad00\nframe pointer\t        = 0x28:0xffffffff82b4ada0\ncode segment\t\t= base 0x0, limit 0xfffff, type 0x1b\n\t\t\t= DPL 0, pres 1, long 1, def32 0, gran 1\nprocessor eflags\t= interrupt enabled, resume, IOPL = 0\ncurrent process\t\t= 0 (swapper)\nrdi: 0000000000000000 rsi: 0000000000000000 rdx: 0000000000000000\nrcx: 0000000000000000  r8: 0000000000200000  r9: 0000000000000000\nrax: 00000000fffffbe0 rbx: 0000000000000000 rbp: ffffffff82b4ada0\nr10: 0000000000000000 r11: 3ffffffffffffff8 r12: 00000000fffffc00\nr13: 0000000000000000 r14: 0000000000000000 r15: 1ffffffffffffff8\ntrap number\t\t= 18\npanic: integer divide fault\ncpuid = 4\ntime = 1\nKDB: stack backtrace:\n#0 0xffffffff80b7fefd at kdb_backtrace+0x5d\n#1 0xffffffff80b32bd1 at vpanic+0x131\n#2 0xffffffff80b32a93 at panic+0x43\n#3 0xffffffff8100091b at trap_fatal+0x40b\n#4 0xffffffff80fd6d48 at calltrap+0x8\n#5 0xffffffff80e9d651 at zone_alloc_item+0x191\n#6 0xffffffff80e9cc04 at zone_ctor+0x5a4\n#7 0xffffffff80e9d651 at zone_alloc_item+0x191\n#8 0xffffffff80e9d2dd at uma_zcreate+0x8d\n#9 0xffffffff82140788 at pefs_crypto_init+0x28\n#10 0xffffffff821390ef at pefs_init+0xef\n#11 0xffffffff80c06eb6 at vfs_modevent+0x3f6\n#12 0xffffffff80b0dea5 at module_register_init+0x85\n#13 0xffffffff80abb685 at mi_startup+0xb5\n#14 0xffffffff8037c023 at btext+0x23\nUptime: 1s\nAutomatic reboot in 15 seconds - press a key on the console to abort"
}