{
 "id": 1288782,
 "bug_id": 269520,
 "attachment_id": 0,
 "creation_time": "2023-12-20T00:47:09Z",
 "creator": "tom+fbsdbugzilla@nuegia.net",
 "text": "I was not able to trigger a kpanic using the same method with kernel commit id=24346a2f777598272caffbd7e4fb6d85cafe64ed\n\nHere is a dmesg:\n\nroot@node3:~ # dmesg\n---\u003c\u003cBOOT\u003e\u003e---\nCopyright (c) 1992-2023 The FreeBSD Project.\nCopyright (c) 1979, 1980, 1983, 1986, 1988, 1989, 1991, 1992, 1993, 1994\n        The Regents of the University of California. All rights reserved.\nFreeBSD is a registered trademark of The FreeBSD Foundation.\nFreeBSD 14.0-STABLE #0: Tue Dec 19 16:30:24 PST 2023\n    root@node3:/usr/obj/usr/src/src-24346a2f777598272caffbd7e4fb6d85cafe64ed/amd64.amd64/sys/MYKTEST1 amd64\nFreeBSD clang version 16.0.6 (https://github.com/llvm/llvm-project.git llvmorg-16.0.6-0-g7cbf1a259152)\nVT(efifb): resolution 800x600\nCPU microcode: updated from 0x7000012 to 0x700001c\nCPU: Intel(R) Xeon(R) CPU D-1541 @ 2.10GHz (2100.08-MHz K8-class CPU)\n  Origin=\"GenuineIntel\"  Id=0x50663  Family=0x6  Model=0x56  Stepping=3\n  Features=0xbfebfbff\u003cFPU,VME,DE,PSE,TSC,MSR,PAE,MCE,CX8,APIC,SEP,MTRR,PGE,MCA,CMOV,PAT,PSE36,CLFLUSH,DTS,ACPI,MMX,FXSR,SSE,SSE2,SS,HTT,TM,PBE\u003e\n  Features2=0x7ffefbff\u003cSSE3,PCLMULQDQ,DTES64,MON,DS_CPL,VMX,SMX,EST,TM2,SSSE3,SDBG,FMA,CX16,xTPR,PDCM,PCID,DCA,SSE4.1,SSE4.2,x2APIC,MOVBE,POPCNT,TSCDLT,AESNI,XSAVE,OSXSAVE,AVX,F16C,RDRAND\u003e\n  AMD Features=0x2c100800\u003cSYSCALL,NX,Page1GB,RDTSCP,LM\u003e\n  AMD Features2=0x121\u003cLAHF,ABM,Prefetch\u003e\n  Structured Extended Features=0x21cbfbb\u003cFSGSBASE,TSCADJ,BMI1,HLE,AVX2,SMEP,BMI2,ERMS,INVPCID,RTM,PQM,NFPUSG,PQE,RDSEED,ADX,SMAP,PROCTRACE\u003e\n  Structured Extended Features3=0x9c000400\u003cMD_CLEAR,IBPB,STIBP,L1DFL,SSBD\u003e\n  XSAVE Features=0x1\u003cXSAVEOPT\u003e\n  VT-x: PAT,HLT,MTF,PAUSE,EPT,UG,VPID,VID,PostIntr\n  TSC: P-state invariant, performance statistics\nreal memory  = 34358689792 (32767 MB)\navail memory = 33210122240 (31671 MB)\nEvent timer \"LAPIC\" quality 600\nACPI APIC Table: \u003cALASKA A M I \u003e\nFreeBSD/SMP: Multiprocessor System Detected: 16 CPUs\nFreeBSD/SMP: 1 package(s) x 8 core(s) x 2 hardware threads\nrandom: registering fast source Intel Secure Key RNG\nrandom: fast provider: \"Intel Secure Key RNG\"\nrandom: unblocking device.\nSecurity policy loaded: TrustedBSD MAC/portacl (mac_portacl)\nioapic0 \u003cVersion 2.0\u003e irqs 0-23\nioapic1 \u003cVersion 2.0\u003e irqs 24-47\nLaunching APs: 1 7 3 15 12 8 9 11 10 14 6 2 5 4 13\nrandom: entropy device external interface\nkbd1 at kbdmux0\nefirtc0: \u003cEFI Realtime Clock\u003e\nefirtc0: registered as a time-of-day clock, resolution 1.000000s\nsmbios0: \u003cSystem Management BIOS\u003e at iomem 0xf05e0-0xf05fe\nsmbios0: Version: 3.0, BCD Revision: 3.0\naesni0: \u003cAES-CBC,AES-CCM,AES-GCM,AES-ICM,AES-XTS\u003e\nacpi0: \u003cALASKA A M I \u003e\nacpi0: Power Button (fixed)\ncpu0: \u003cACPI CPU\u003e numa-domain 0 on acpi0\natrtc0: \u003cAT realtime clock\u003e port 0x70-0x71,0x74-0x77 irq 8 on acpi0\natrtc0: registered as a time-of-day clock, resolution 1.000000s\nEvent timer \"RTC\" frequency 32768 Hz quality 0\nattimer0: \u003cAT timer\u003e port 0x40-0x43,0x50-0x53 irq 0 on acpi0\nTimecounter \"i8254\" frequency 1193182 Hz quality 0\nEvent timer \"i8254\" frequency 1193182 Hz quality 100\nhpet0: \u003cHigh Precision Event Timer\u003e iomem 0xfed00000-0xfed003ff on acpi0\nTimecounter \"HPET\" frequency 14318180 Hz quality 950\nEvent timer \"HPET\" frequency 14318180 Hz quality 350\nEvent timer \"HPET1\" frequency 14318180 Hz quality 340\nEvent timer \"HPET2\" frequency 14318180 Hz quality 340\nEvent timer \"HPET3\" frequency 14318180 Hz quality 340\nEvent timer \"HPET4\" frequency 14318180 Hz quality 340\nEvent timer \"HPET5\" frequency 14318180 Hz quality 340\nEvent timer \"HPET6\" frequency 14318180 Hz quality 340\nEvent timer \"HPET7\" frequency 14318180 Hz quality 340\nTimecounter \"ACPI-fast\" frequency 3579545 Hz quality 900\nacpi_timer0: \u003c24-bit timer at 3.579545MHz\u003e port 0x408-0x40b on acpi0\npcib0: \u003cACPI Host-PCI bridge\u003e on acpi0\npci0: \u003cACPI PCI bus\u003e on pcib0\npci0: \u003cdasp, performance counters\u003e at device 11.1 (no driver attached)\npci0: \u003cdasp, performance counters\u003e at device 11.2 (no driver attached)\npci0: \u003cdasp, performance counters\u003e at device 16.1 (no driver attached)\npci0: \u003cdasp, performance counters\u003e at device 16.6 (no driver attached)\npci0: \u003cdasp, performance counters\u003e at device 18.1 (no driver attached)\nacpi_syscontainer0: \u003cSystem Container\u003e on acpi0\napei0: \u003cACPI Platform Error Interface\u003e on acpi0\npcib1: \u003cACPI Host-PCI bridge\u003e port 0xcf8-0xcff numa-domain 0 on acpi0\npci1: \u003cACPI PCI bus\u003e numa-domain 0 on pcib1\npcib2: \u003cACPI PCI-PCI bridge\u003e irq 26 at device 1.0 numa-domain 0 on pci1\npci2: \u003cACPI PCI bus\u003e numa-domain 0 on pcib2\nnvme0: \u003cGeneric NVMe Device\u003e mem 0xfb400000-0xfb403fff irq 26 at device 0.0 numa-domain 0 on pci2\npcib3: \u003cACPI PCI-PCI bridge\u003e irq 32 at device 2.0 numa-domain 0 on pci1\npci3: \u003cACPI PCI bus\u003e numa-domain 0 on pcib3\npcib4: \u003cACPI PCI-PCI bridge\u003e irq 40 at device 3.0 numa-domain 0 on pci1\npci4: \u003cACPI PCI bus\u003e numa-domain 0 on pcib4\nxhci0: \u003cIntel Lynx Point USB 3.0 controller\u003e mem 0xfb500000-0xfb50ffff irq 19 at device 20.0 numa-domain 0 on pci1\nxhci0: 32 bytes context size, 64-bit DMA\nusbus0: waiting for BIOS to give up control\nxhci0: Port routing mask set to 0xffffffff\nusbus0 numa-domain 0 on xhci0\nusbus0: 5.0Gbps Super Speed USB v3.0\npci1: \u003csimple comms\u003e at device 22.0 (no driver attached)\npci1: \u003csimple comms\u003e at device 22.1 (no driver attached)\npcib5: \u003cACPI PCI-PCI bridge\u003e irq 16 at device 28.0 numa-domain 0 on pci1\npci5: \u003cACPI PCI bus\u003e numa-domain 0 on pcib5\npcib6: \u003cACPI PCI-PCI bridge\u003e at device 0.0 numa-domain 0 on pci5\npci6: \u003cACPI PCI bus\u003e numa-domain 0 on pcib6\nvgapci0: \u003cVGA-compatible display\u003e port 0xe000-0xe07f mem 0xfa000000-0xfaffffff,0xfb000000-0xfb01ffff irq 16 at device 0.0 numa-domain 0 on pci6\nvgapci0: Boot video device\npcib7: \u003cACPI PCI-PCI bridge\u003e irq 18 at device 28.2 numa-domain 0 on pci1\npci7: \u003cACPI PCI bus\u003e numa-domain 0 on pcib7\nigb0: \u003cIntel(R) I210 (Copper)\u003e port 0xd000-0xd01f mem 0xfb200000-0xfb27ffff,0xfb280000-0xfb283fff irq 18 at device 0.0 numa-domain 0 on pci7\nigb0: PHY reset is blocked due to SOL/IDER session.\nigb0: EEPROM V3.16-0 eTrack 0x800004d6\nigb0: Using 1024 TX descriptors and 1024 RX descriptors\nigb0: Using 4 RX queues 4 TX queues\nigb0: Using MSI-X interrupts with 5 vectors\nigb0: Ethernet address: d0:50:99:c1:3f:9b\nigb0: link state changed to UP\nigb0: netmap queues/slots: TX 4/1024, RX 4/1024\npcib8: \u003cACPI PCI-PCI bridge\u003e irq 19 at device 28.3 numa-domain 0 on pci1\npci8: \u003cACPI PCI bus\u003e numa-domain 0 on pcib8\nigb1: \u003cIntel(R) I210 (Copper)\u003e port 0xc000-0xc01f mem 0xfb100000-0xfb17ffff,0xfb180000-0xfb183fff irq 19 at device 0.0 numa-domain 0 on pci8\nigb1: EEPROM V3.16-0 eTrack 0x800004d6\nigb1: Using 1024 TX descriptors and 1024 RX descriptors\nigb1: Using 4 RX queues 4 TX queues\nigb1: Using MSI-X interrupts with 5 vectors\nigb1: Ethernet address: d0:50:99:c1:3f:9c\nigb1: netmap queues/slots: TX 4/1024, RX 4/1024\nehci0: \u003cIntel Lynx Point USB 2.0 controller USB-A\u003e mem 0xfb513000-0xfb5133ff irq 18 at device 29.0 numa-domain 0 on pci1\nusbus1: EHCI version 1.0\nusbus1 numa-domain 0 on ehci0\nusbus1: 480Mbps High Speed USB v2.0\nisab0: \u003cPCI-ISA bridge\u003e at device 31.0 numa-domain 0 on pci1\nisa0: \u003cISA bus\u003e numa-domain 0 on isab0\nahci0: \u003cIntel Lynx Point AHCI SATA controller\u003e port 0xf070-0xf077,0xf060-0xf063,0xf050-0xf057,0xf040-0xf043,0xf020-0xf03f mem 0xfb512000-0xfb5127ff irq 16 at device 31.2 numa-domain 0 on pci1\nahci0: AHCI v1.30 with 6 6Gbps ports, Port Multiplier not supported\nahcich0: \u003cAHCI channel\u003e at channel 0 on ahci0\nahcich1: \u003cAHCI channel\u003e at channel 1 on ahci0\nahcich2: \u003cAHCI channel\u003e at channel 2 on ahci0\nahcich3: \u003cAHCI channel\u003e at channel 3 on ahci0\nahcich4: \u003cAHCI channel\u003e at channel 4 on ahci0\nahcich5: \u003cAHCI channel\u003e at channel 5 on ahci0\nahciem0: \u003cAHCI enclosure management bridge\u003e on ahci0\nacpi_button0: \u003cPower Button\u003e on acpi0\nuart0: \u003c16550 or compatible\u003e port 0x2f8-0x2ff irq 3 flags 0x10 on acpi0\nns8250: UART FCR is broken\nuart0: console (115200,n,8,1)\nipmi0: \u003cIPMI System Interface\u003e port 0xca2,0xca3 on acpi0\nipmi0: KCS mode found at io 0xca2 on acpi\norm0: \u003cISA Option ROM\u003e at iomem 0xc0000-0xc7fff pnpid ORM0000 on isa0\nest0: \u003cEnhanced SpeedStep Frequency Control\u003e numa-domain 0 on cpu0\nTimecounter \"TSC\" frequency 2099998110 Hz quality 1000\nTimecounters tick every 1.000 msec\nugen1.1: \u003cIntel EHCI root HUB\u003e at usbus1\nugen0.1: \u003cIntel XHCI root HUB\u003e at usbus0\nuhub0 numa-domain 0 on usbus1\nuhub0: \u003cIntel EHCI root HUB, class 9/0, rev 2.00/1.00, addr 1\u003e on usbus1\nZFS filesystem version: 5\nZFS storage pool version: features support (5000)\nuhub1 numa-domain 0 on usbus0\nuhub1: \u003cIntel XHCI root HUB, class 9/0, rev 3.00/1.00, addr 1\u003e on usbus0\nipmi0: IPMI device rev. 1, firmware rev. 0.17, version 2.0, device support mask 0xbf\nipmi0: Number of channels 2\nipmi0: Attached watchdog\nipmi0: Establishing power cycle handler\nnda0 at nvme0 bus 0 scbus7 target 0 lun 1\nnda0: \u003cINTEL SSDPEKKW256G7 PSF100C BTPY63560ETA256D\u003e\nnda0: Serial Number BTPY63560ETA256D\nnda0: nvme version 1.2\nnda0: 244198MB (500118192 512 byte sectors)\nada0 at ahcich0 bus 0 scbus0 target 0 lun 0\nada0: \u003cINTEL SSDSC2BB480G7 N2010101\u003e ACS-3 ATA SATA 3.x device\nada0: Serial Number PHDV637500CA480BGN\nada0: 600.000MB/s transfers (SATA 3.x, UDMA6, PIO 512bytes)\nada0: Command Queueing enabled\nada0: 457862MB (937703088 512 byte sectors)\nada1 at ahcich1 bus 0 scbus1 target 0 lun 0\nada1: \u003cINTEL SSDSC2BB480G7 N2010101\u003e ACS-3 ATA SATA 3.x device\nada1: Serial Number PHDV63750058480BGN\nada1: 600.000MB/s transfers (SATA 3.x, UDMA6, PIO 512bytes)\nada1: Command Queueing enabled\nada1: 457862MB (937703088 512 byte sectors)\nses0 at ahciem0 bus 0 scbus6 target 0 lun 0\nses0: \u003cAHCI SGPIO Enclosure 2.00 0001\u003e SEMB S-E-S 2.00 device\nses0: SEMB SES Device\nses0: ada0,pass0 in 'Slot 00', SATA Slot: scbus0 target 0\nses0: ada1,pass1 in 'Slot 01', SATA Slot: scbus1 target 0\nGEOM_ELI: Device ada0p3.eli created.\nGEOM_ELI: Encryption: AES-XTS 256\nGEOM_ELI:     Crypto: accelerated software\nGEOM_MIRROR: Device mirror/swap launched (2/2).\nGEOM_ELI: Device ada1p3.eli created.\nGEOM_ELI: Encryption: AES-XTS 256\nGEOM_ELI:     Crypto: accelerated software\nTrying to mount root from zfs:zroot/ROOT/default []...\nuhub0: 2 ports with 2 removable, self powered\nuhub1: 21 ports with 21 removable, self powered\nugen1.2: \u003cvendor 0x8087 product 0x8000\u003e at usbus1\nuhub2 numa-domain 0 on uhub0\nuhub2: \u003cvendor 0x8087 product 0x8000, class 9/0, rev 2.00/0.05, addr 2\u003e on usbus1\nuhub2: 4 ports with 4 removable, self powered\nDual Console: Video Primary, Serial Secondary\nGEOM_ELI: Device mirror/swap.eli created.\nGEOM_ELI: Encryption: AES-XTS 128\nGEOM_ELI:     Crypto: accelerated software\nichsmb0: \u003cIntel Lynx Point SMBus controller\u003e port 0xf000-0xf01f mem 0xfb511000-0xfb5110ff irq 18 at device 31.3 numa-domain 0 on pci1\nsmbus0: \u003cSystem Management Bus\u003e numa-domain 0 on ichsmb0\npchtherm0: \u003cHaswell Thermal Subsystem\u003e irq 18 at device 31.6 numa-domain 0 on pci1\nioat0: \u003cBDXDE IOAT Ch0\u003e mem 0xfb306000-0xfb307fff irq 32 at device 0.0 numa-domain 0 on pci3\nioat0: Capabilities: c2641\u003cCompletion_Timeout_Support,DMA_with_Multicasting_Support,Descriptor_Write_Back_Error_Support,DMA_with_DIF,PQ,Block_Fill,Page_Break\u003e\nioat1: \u003cBDXDE IOAT Ch1\u003e mem 0xfb304000-0xfb305fff irq 36 at device 0.1 numa-domain 0 on pci3\nioat1: Capabilities: c2641\u003cCompletion_Timeout_Support,DMA_with_Multicasting_Support,Descriptor_Write_Back_Error_Support,DMA_with_DIF,PQ,Block_Fill,Page_Break\u003e\nioat2: \u003cBDXDE IOAT Ch2\u003e mem 0xfb302000-0xfb303fff irq 37 at device 0.2 numa-domain 0 on pci3\nioat2: Capabilities: c2641\u003cCompletion_Timeout_Support,DMA_with_Multicasting_Support,Descriptor_Write_Back_Error_Support,DMA_with_DIF,PQ,Block_Fill,Page_Break\u003e\nioat3: \u003cBDXDE IOAT Ch3\u003e mem 0xfb300000-0xfb301fff irq 38 at device 0.3 numa-domain 0 on pci3\nioat3: Capabilities: c2641\u003cCompletion_Timeout_Support,DMA_with_Multicasting_Support,Descriptor_Write_Back_Error_Support,DMA_with_DIF,PQ,Block_Fill,Page_Break\u003e\nacpi_wmi0: \u003cACPI-WMI mapping\u003e on acpi0\nacpi_wmi0: cannot find EC device\nacpi_wmi1: \u003cACPI-WMI mapping\u003e on acpi0\nacpi_wmi1: cannot find EC device\nigb1: link state changed to UP\nlo0: link state changed to UP\nigb1: link state changed to DOWN\nlagg0: link state changed to UP\nigb1: link state changed to UP\nSecurity policy loaded: MAC/ntpd (mac_ntpd)\nwarning: total configured swap (64611925 pages) exceeds maximum recommended amount (32499256 pages).\nwarning: increase kern.maxswzone or reduce amount of swap.\nbridge1: Ethernet address: 58:9c:fc:10:ff:b6\nepair0a: Ethernet address: 02:62:dc:4b:dd:0a\nepair0b: Ethernet address: 02:62:dc:4b:dd:0b\nepair0a: link state changed to UP\nepair0b: link state changed to UP\nepair0a: changing name to 'vnet1.1'\nepair0b: changing name to 'epair1b'\nigb0: promiscuous mode enabled\nbridge1: link state changed to UP\nigb1: promiscuous mode enabled\nlagg0: promiscuous mode enabled\nlagg0.4: promiscuous mode enabled\nvnet1.1: promiscuous mode enabled\nlo0: link state changed to UP\nepair1a: Ethernet address: 02:99:4c:e3:56:0a\nepair1b: Ethernet address: 02:99:4c:e3:56:0b\nepair1a: link state changed to UP\nepair1b: link state changed to UP\nepair1a: changing name to 'vnet1.2'\nvnet1.2: promiscuous mode enabled\nlo0: link state changed to UP\nroot@node3:~ # iocage stop xmpp\n* Stopping xmpp\n  + Executing prestop OK\n  + Stopping services OK\n  + Tearing down VNET OK\n  + Removing devfs_ruleset: 1004 OK\n  + Removing jail process OK\n  + Executing poststop OK\nroot@node3:~ # iocage start xmpp\nNo default gateway found for ipv4.\n* Starting xmpp\n  + Started OK\n  + Using devfs_ruleset: 1004 (iocage generated default)\n  + Configuring VNET OK\n  + Using IP options: vnet\n  + Starting services OK\n  + Executing poststart OK\nroot@node3:~ #"
}