{
 "id": 1246681,
 "bug_id": 269520,
 "attachment_id": 0,
 "creation_time": "2023-02-13T00:15:28Z",
 "creator": "tom+fbsdbugzilla@nuegia.net",
 "text": "I have found a way to crash an entire iocage host from within an unprivileged  process running within a jail.\n\nHere is a backtrace from the serial console:\n\n[SOL Session operational.  Use ~? for help]\n\n\nFreeBSD/amd64 (node3) (ttyu0)\n\nlogin:\n\nFatal trap 12: page fault while in kernel mode\ncpuid = 1; apic id = 01\nfault virtual address   = 0x20\nfault code              = supervisor read data, page not present\ninstruction pointer     = 0x20:0xffffffff80bcc48b\nstack pointer           = 0x28:0xfffffe014514cb10\nframe pointer           = 0x28:0xfffffe014514cb30\ncode segment            = base 0x0, limit 0xfffff, type 0x1b\n                        = DPL 0, pres 1, long 1, def32 0, gran 1\nprocessor eflags        = interrupt enabled, resume, IOPL = 0\ncurrent process         = 90474 (lua54)\ntrap number             = 12\npanic: page fault\ncpuid = 1\ntime = 1673200821\nKDB: stack backtrace:\n#0 0xffffffff80c694a5 at kdb_backtrace+0x65\n#1 0xffffffff80c1bb5f at vpanic+0x17f\n#2 0xffffffff80c1b9d3 at panic+0x43\n#3 0xffffffff810afdf5 at trap_fatal+0x385\n#4 0xffffffff810afe4f at trap_pfault+0x4f\n#5 0xffffffff810875b8 at calltrap+0x8\n#6 0xffffffff80bcbe37 at kqueue_drain+0x257\n#7 0xffffffff80bcd222 at kqueue_close+0x42\n#8 0xffffffff80bbdb91 at _fdrop+0x11\n#9 0xffffffff80bc11eb at closef+0x24b\n#10 0xffffffff80bc0aac at fdescfree_fds+0xdc\n#11 0xffffffff80bc0553 at fdescfree+0x3a3\n#12 0xffffffff80bd22f7 at exit1+0x4c7\n#13 0xffffffff80bd1e2d at sys_sys_exit+0xd\n#14 0xffffffff810b06ec at amd64_syscall+0x10c\n#15 0xffffffff81087ecb at fast_syscall_common+0xf8\nUptime: 10m59s\n\n\nSystem details:\nFreeBSD 13.1-RELEASE-p3 GENERIC amd64\nhw.model: Intel(R) Xeon(R) CPU D-1541 @ 2.10GHz\nhw.physmem: 34203000832\n\n\n# cat /var/run/dmesg.boot\nCopyright (c) 1992-2021 The FreeBSD Project.\nCopyright (c) 1979, 1980, 1983, 1986, 1988, 1989, 1991, 1992, 1993, 1994\n        The Regents of the University of California. All rights\nreserved. FreeBSD is a registered trademark of The FreeBSD Foundation.\nFreeBSD 13.1-RELEASE-p3 GENERIC amd64\nFreeBSD clang version 13.0.0 (git@github.com:llvm/llvm-project.git\nllvmorg-13.0.0-0-gd7b669b3a303) VT(efifb): resolution 800x600\nCPU: Intel(R) Xeon(R) CPU D-1541 @ 2.10GHz (2100.11-MHz K8-class CPU)\n  Origin=\"GenuineIntel\"  Id=0x50663  Family=0x6  Model=0x56  Stepping=3\n  Features=0xbfebfbff\u003cFPU,VME,DE,PSE,TSC,MSR,PAE,MCE,CX8,APIC,SEP,MTRR,PGE,MCA,CMOV,PAT,PSE36,CLFLUSH,DTS,ACPI,MMX,FXSR,SSE,SSE2,SS,HTT,TM,PBE\u003e\n  Features2=0x7ffefbff\u003cSSE3,PCLMULQDQ,DTES64,MON,DS_CPL,VMX,SMX,EST,TM2,SSSE3,SDBG,FMA,CX16,xTPR,PDCM,PCID,DCA,SSE4.1,SSE4.2,x2APIC,MOVBE,POPCNT,TSCDLT,AESNI,XSAVE,OSXSAVE,AVX,F16C,RDRAND\u003e\n  AMD Features=0x2c100800\u003cSYSCALL,NX,Page1GB,RDTSCP,LM\u003e\n  AMD Features2=0x121\u003cLAHF,ABM,Prefetch\u003e\n  Structured Extended\nFeatures=0x21cbfbb\u003cFSGSBASE,TSCADJ,BMI1,HLE,AVX2,SMEP,BMI2,ERMS,INVPCID,RTM,PQM,NFPUSG,PQE,RDSEED,ADX,SMAP,PROCTRACE\u003e\nStructured Extended\nFeatures3=0x9c000400\u003cMD_CLEAR,IBPB,STIBP,L1DFL,SSBD\u003e XSAVE\nFeatures=0x1\u003cXSAVEOPT\u003e VT-x: PAT,HLT,MTF,PAUSE,EPT,UG,VPID,VID,PostIntr\nTSC: P-state invariant, performance statistics\nreal memory  = 34358689792 (32767 MB)\navail memory = 33214754816 (31676 MB)\nCPU microcode: updated from 0x7000012 to 0x700001c\nEvent timer \"LAPIC\" quality 600\nACPI APIC Table: \u003cALASKA A M I \u003e\nFreeBSD/SMP: Multiprocessor System Detected: 16 CPUs\nFreeBSD/SMP: 1 package(s) x 8 core(s) x 2 hardware threads\nrandom: registering fast source Intel Secure Key RNG\nrandom: fast provider: \"Intel Secure Key RNG\"\nrandom: unblocking device.\nioapic0 \u003cVersion 2.0\u003e irqs 0-23\nioapic1 \u003cVersion 2.0\u003e irqs 24-47\nLaunching APs: 1 14 11 8 6 9 3 5 12 13 15 7 4 2 10\nrandom: entropy device external interface\nkbd1 at kbdmux0\nefirtc0: \u003cEFI Realtime Clock\u003e\nefirtc0: registered as a time-of-day clock, resolution 1.000000s\nsmbios0: \u003cSystem Management BIOS\u003e at iomem 0xf05e0-0xf05fe\nsmbios0: Version: 3.0, BCD Revision: 3.0\naesni0: \u003cAES-CBC,AES-CCM,AES-GCM,AES-ICM,AES-XTS\u003e\nacpi0: \u003cALASKA A M I \u003e\nacpi0: Power Button (fixed)\ncpu0: \u003cACPI CPU\u003e numa-domain 0 on acpi0\natrtc0: \u003cAT realtime clock\u003e port 0x70-0x71,0x74-0x77 irq 8 on acpi0\natrtc0: registered as a time-of-day clock, resolution 1.000000s\nEvent timer \"RTC\" frequency 32768 Hz quality 0\nattimer0: \u003cAT timer\u003e port 0x40-0x43,0x50-0x53 irq 0 on acpi0\nTimecounter \"i8254\" frequency 1193182 Hz quality 0\nEvent timer \"i8254\" frequency 1193182 Hz quality 100\nhpet0: \u003cHigh Precision Event Timer\u003e iomem 0xfed00000-0xfed003ff on acpi0\nTimecounter \"HPET\" frequency 14318180 Hz quality 950\nEvent timer \"HPET\" frequency 14318180 Hz quality 350\nEvent timer \"HPET1\" frequency 14318180 Hz quality 340\nEvent timer \"HPET2\" frequency 14318180 Hz quality 340\nEvent timer \"HPET3\" frequency 14318180 Hz quality 340\nEvent timer \"HPET4\" frequency 14318180 Hz quality 340\nEvent timer \"HPET5\" frequency 14318180 Hz quality 340\nEvent timer \"HPET6\" frequency 14318180 Hz quality 340\nEvent timer \"HPET7\" frequency 14318180 Hz quality 340\nTimecounter \"ACPI-fast\" frequency 3579545 Hz quality 900\nacpi_timer0: \u003c24-bit timer at 3.579545MHz\u003e port 0x408-0x40b on acpi0\npcib0: \u003cACPI Host-PCI bridge\u003e on acpi0\npci0: \u003cACPI PCI bus\u003e on pcib0\npci0: \u003cdasp, performance counters\u003e at device 11.1 (no driver attached)\npci0: \u003cdasp, performance counters\u003e at device 11.2 (no driver attached)\npci0: \u003cdasp, performance counters\u003e at device 16.1 (no driver attached)\npci0: \u003cdasp, performance counters\u003e at device 16.6 (no driver attached)\npci0: \u003cdasp, performance counters\u003e at device 18.1 (no driver attached)\nacpi_syscontainer0: \u003cSystem Container\u003e on acpi0\napei0: \u003cACPI Platform Error Interface\u003e on acpi0\npcib1: \u003cACPI Host-PCI bridge\u003e port 0xcf8-0xcff numa-domain 0 on acpi0\npci1: \u003cACPI PCI bus\u003e numa-domain 0 on pcib1\npcib2: \u003cACPI PCI-PCI bridge\u003e irq 26 at device 1.0 numa-domain 0 on pci1\npci2: \u003cACPI PCI bus\u003e numa-domain 0 on pcib2\nnvme0: \u003cGeneric NVMe Device\u003e mem 0xfb400000-0xfb403fff irq 26 at device 0.0 numa-domain 0 on pci2\npcib3: \u003cACPI PCI-PCI bridge\u003e irq 32 at device 2.0 numa-domain 0 on pci1\npci3: \u003cACPI PCI bus\u003e numa-domain 0 on pcib3\npcib4: \u003cACPI PCI-PCI bridge\u003e irq 40 at device 3.0 numa-domain 0 on pci1\npci4: \u003cACPI PCI bus\u003e numa-domain 0 on pcib4\nxhci0: \u003cIntel Lynx Point USB 3.0 controller\u003e mem 0xfb500000-0xfb50ffff irq 19 at device 20.0 numa-domain 0 on pci1\nxhci0: 32 bytes context size, 64-bit DMA\nusbus0: waiting for BIOS to give up control\nxhci0: Port routing mask set to 0xffffffff\nusbus0 numa-domain 0 on xhci0\nusbus0: 5.0Gbps Super Speed USB v3.0\npci1: \u003csimple comms\u003e at device 22.0 (no driver attached)\npci1: \u003csimple comms\u003e at device 22.1 (no driver attached)\npcib5: \u003cACPI PCI-PCI bridge\u003e irq 16 at device 28.0 numa-domain 0 on pci1\npci5: \u003cACPI PCI bus\u003e numa-domain 0 on pcib5\npcib6: \u003cACPI PCI-PCI bridge\u003e at device 0.0 numa-domain 0 on pci5\npci6: \u003cACPI PCI bus\u003e numa-domain 0 on pcib6\nvgapci0: \u003cVGA-compatible display\u003e port 0xe000-0xe07f mem 0xfa000000-0xfaffffff,0xfb000000-0xfb01ffff irq 16 at device 0.0 numa-domain 0 on pci6\nvgapci0: Boot video device\npcib7: \u003cACPI PCI-PCI bridge\u003e irq 18 at device 28.2 numa-domain 0 on pci1\npci7: \u003cACPI PCI bus\u003e numa-domain 0 on pcib7\nigb0: \u003cIntel(R) I210 (Copper)\u003e port 0xd000-0xd01f mem 0xfb200000-0xfb27ffff,0xfb280000-0xfb283fff irq 18 at device 0.0 numa-domain 0 on pci7\nigb0: PHY reset is blocked due to SOL/IDER session.\nigb0: EEPROM V3.16-0 eTrack 0x800004d6\nigb0: Using 1024 TX descriptors and 1024 RX descriptors\nigb0: Using 4 RX queues 4 TX queues\nigb0: Using MSI-X interrupts with 5 vectors\nigb0: Ethernet address: d0:50:99:c1:3f:9b\nigb0: link state changed to UP\nigb0: netmap queues/slots: TX 4/1024, RX 4/1024\npcib8: \u003cACPI PCI-PCI bridge\u003e irq 19 at device 28.3 numa-domain 0 on pci1\npci8: \u003cACPI PCI bus\u003e numa-domain 0 on pcib8\nigb1: \u003cIntel(R) I210 (Copper)\u003e port 0xc000-0xc01f mem 0xfb100000-0xfb17ffff,0xfb180000-0xfb183fff irq 19 at device 0.0 numa-domain 0 on pci8\nigb1: EEPROM V3.16-0 eTrack 0x800004d6\nigb1: Using 1024 TX descriptors and 1024 RX descriptors\nigb1: Using 4 RX queues 4 TX queues\nigb1: Using MSI-X interrupts with 5 vectors\nigb1: Ethernet address: d0:50:99:c1:3f:9c\nigb1: netmap queues/slots: TX 4/1024, RX 4/1024\nehci0: \u003cIntel Lynx Point USB 2.0 controller USB-A\u003e mem 0xfb513000-0xfb5133ff irq 18 at device 29.0 numa-domain 0 on pci1\nusbus1: EHCI version 1.0\nusbus1 numa-domain 0 on ehci0\nusbus1: 480Mbps High Speed USB v2.0\nisab0: \u003cPCI-ISA bridge\u003e at device 31.0 numa-domain 0 on pci1\nisa0: \u003cISA bus\u003e numa-domain 0 on isab0\nahci0: \u003cIntel Lynx Point AHCI SATA controller\u003e port 0xf070-0xf077,0xf060-0xf063,0xf050-0xf057,0xf040-0xf043,0xf020-0xf03f mem 0xfb512000-0xfb5127ff irq 16 at device 31.2 numa-domain 0 on pci1\nahci0: AHCI v1.30 with 6 6Gbps ports, Port Multiplier not supported\nahcich0: \u003cAHCI channel\u003e at channel 0 on ahci0\nahcich1: \u003cAHCI channel\u003e at channel 1 on ahci0\nahcich2: \u003cAHCI channel\u003e at channel 2 on ahci0\nahcich3: \u003cAHCI channel\u003e at channel 3 on ahci0\nahcich4: \u003cAHCI channel\u003e at channel 4 on ahci0\nahcich5: \u003cAHCI channel\u003e at channel 5 on ahci0\nahciem0: \u003cAHCI enclosure management bridge\u003e on ahci0\nacpi_button0: \u003cPower Button\u003e on acpi0\nuart0: \u003c16550 or compatible\u003e port 0x2f8-0x2ff irq 3 flags 0x10 on acpi0\nuart0: console (115200,n,8,1)\norm0: \u003cISA Option ROM\u003e at iomem 0xc0000-0xc7fff pnpid ORM0000 on isa0\nest0: \u003cEnhanced SpeedStep Frequency Control\u003e numa-domain 0 on cpu0\nTimecounter \"TSC\" frequency 2099998029 Hz quality 1000\nTimecounters tick every 1.000 msec\nZFS filesystem version: 5\nZFS storage pool version: features support (5000)\nugen1.1: \u003cIntel EHCI root HUB\u003e at usbus1\nugen0.1: \u003cIntel XHCI root HUB\u003e at usbus0\nuhub0 numa-domain 0 on usbus1\nuhub0: \u003cIntel EHCI root HUB, class 9/0, rev 2.00/1.00, addr 1\u003e on usbus1\nuhub1 numa-domain 0 on usbus0\nuhub1: \u003cIntel XHCI root HUB, class 9/0, rev 3.00/1.00, addr 1\u003e on usbus0\nnvd0: \u003cINTEL SSDPEKKW256G7\u003e NVMe namespace\nnvd0: 244198MB (500118192 512 byte sectors)\nada0 at ahcich0 bus 0 scbus0 target 0 lun 0\nada0: \u003cINTEL SSDSC2BB480G7 N2010101\u003e ACS-3 ATA SATA 3.x device\nada0: Serial Number PHDV637500CA480BGN\nada0: 600.000MB/s transfers (SATA 3.x, UDMA6, PIO 512bytes)\nada0: Command Queueing enabled\nada0: 457862MB (937703088 512 byte sectors)\nada1 at ahcich1 bus 0 scbus1 target 0 lun 0\nada1: \u003cINTEL SSDSC2BB480G7 N2010101\u003e ACS-3 ATA SATA 3.x device\nada1: Serial Number PHDV63750058480BGN\nada1: 600.000MB/s transfers (SATA 3.x, UDMA6, PIO 512bytes)\nada1: Command Queueing enabled\nada1: 457862MB (937703088 512 byte sectors)\nses0 at ahciem0 bus 0 scbus6 target 0 lun 0\nses0: \u003cAHCI SGPIO Enclosure 2.00 0001\u003e SEMB S-E-S 2.00 device\nses0: SEMB SES Device\nGEOM_ELI: Device ada0p3.eli created.\nses0: ada0,pass0 in 'Slot 00', SATA Slot: scbus0 target 0\nGEOM_ELI: Encryption: AES-XTS 256\nGEOM_ELI:     Crypto: accelerated software\nses0: ada1,pass1 in 'Slot 01', SATA Slot: scbus1 target 0\nGEOM_MIRROR: Device mirror/swap launched (2/2).\nGEOM_ELI: Device ada1p3.eli created.\nGEOM_ELI: Encryption: AES-XTS 256\nGEOM_ELI:     Crypto: accelerated software\nTrying to mount root from zfs:zroot/ROOT/default []...\nuhub0: 2 ports with 2 removable, self powered\nuhub1: 21 ports with 21 removable, self powered\nugen1.2: \u003cvendor 0x8087 product 0x8000\u003e at usbus1\nuhub2 numa-domain 0 on uhub0\nuhub2: \u003cvendor 0x8087 product 0x8000, class 9/0, rev 2.00/0.05, addr 2\u003e on usbus1\nuhub2: 4 ports with 4 removable, self powered\nDual Console: Video Primary, Serial Secondary\nGEOM_ELI: Device mirror/swap.eli created.\nGEOM_ELI: Encryption: AES-XTS 128\nGEOM_ELI:     Crypto: accelerated software\nichsmb0: \u003cIntel Lynx Point SMBus controller\u003e port 0xf000-0xf01f mem 0xfb511000-0xfb5110ff irq 18 at device 31.3 numa-domain 0 on pci1\nsmbus0: \u003cSystem Management Bus\u003e numa-domain 0 on ichsmb0\npchtherm0: \u003cHaswell Thermal Subsystem\u003e irq 18 at device 31.6 numa-domain 0 on pci1\nioat0: \u003cBDXDE IOAT Ch0\u003e mem 0xfb306000-0xfb307fff irq 32 at device 0.0 numa-domain 0 on pci3\nioat0: Capabilities: c2641\u003cCompletion_Timeout_Support,DMA_with_Multicasting_Support,Descriptor_Write_Back_Error_Support,DMA_with_DIF,PQ,Block_Fill,Page_Break\u003e\nioat1: \u003cBDXDE IOAT Ch1\u003e mem 0xfb304000-0xfb305fff irq 36 at device 0.1 numa-domain 0 on pci3\nioat1: Capabilities: c2641\u003cCompletion_Timeout_Support,DMA_with_Multicasting_Support,Descriptor_Write_Back_Error_Support,DMA_with_DIF,PQ,Block_Fill,Page_Break\u003e\nioat2: \u003cBDXDE IOAT Ch2\u003e mem 0xfb302000-0xfb303fff irq 37 at device 0.2 numa-domain 0 on pci3\nioat2: Capabilities: c2641\u003cCompletion_Timeout_Support,DMA_with_Multicasting_Support,Descriptor_Write_Back_Error_Support,DMA_with_DIF,PQ,Block_Fill,Page_Break\u003e\nioat3: \u003cBDXDE IOAT Ch3\u003e mem 0xfb300000-0xfb301fff irq 38 at device 0.3 numa-domain 0 on pci3\nioat3: Capabilities: c2641\u003cCompletion_Timeout_Support,DMA_with_Multicasting_Support,Descriptor_Write_Back_Error_Support,DMA_with_DIF,PQ,Block_Fill,Page_Break\u003e\nacpi_wmi0: \u003cACPI-WMI mapping\u003e on acpi0\nacpi_wmi0: cannot find EC device\nacpi_wmi1: \u003cACPI-WMI mapping\u003e on acpi0\nacpi_wmi1: cannot find EC device\nlo0: link state changed to UP\nlagg0: link state changed to UP\nigb1: link state changed to UP\nlagg0.4: changing name to 'jail'\n\n\nIt seems like this could be a pretty serious denial of service or unassisted jailbreak vulnerability. Note that Lua is not running as root when the kpanic occurs. The Lua process drops privileges after some initialization and port binding.\n\nA privileged user is not the only way to stop the Lua process causing the kpanic, it is quite possible to stop the process by other means such as overloading the garbage collector.\n\n\nsteps to reproduce:\n\n1. setup iocage\n2. setup new jail in iocage\n3. pkg install prosody\n4. configure prosody to use libevent kqueue connection handling instead of SELECT (https://prosody.im/doc/network_backend)\n5. # service start prosody\n6. # service stop prosody\n system will now kpanic."
}