{
 "id": 1285477,
 "bug_id": 275306,
 "attachment_id": 0,
 "creation_time": "2023-11-24T13:45:39Z",
 "creator": "ivy@FreeBSD.org",
 "text": "everything was working fine on 13.2.\n\nafter upgrading to 14.0, starting a jail causes a kernel panic. see dmesg/console output below.\n\nthis is reproducible: setting jail_enable=\"NO\" allows the system to start, trying to build packages with poudriere, or just starting a configured jail, causes a panic.\n\n---\u003c\u003cBOOT\u003e\u003e---\nCopyright (c) 1992-2023 The FreeBSD Project.\nCopyright (c) 1979, 1980, 1983, 1986, 1988, 1989, 1991, 1992, 1993, 1994\n\tThe Regents of the University of California. All rights reserved.\nFreeBSD is a registered trademark of The FreeBSD Foundation.\nFreeBSD 14.0-RELEASE #15 releng/14.0-n265380-f9716eee8ab4: Fri Nov 24 11:33:16 GMT 2023\n    root@hemlock.eden.le-fay.org:/usr/obj/usr/src/amd64.amd64/sys/HEMLOCK amd64\nFreeBSD clang version 14.0.5 (https://github.com/llvm/llvm-project.git llvmorg-14.0.5-0-gc12386ae247c)\nVT(efifb): resolution 1280x1024\nCPU: AMD Ryzen 7 2700X Eight-Core Processor          (3700.26-MHz K8-class CPU)\n  Origin=\"AuthenticAMD\"  Id=0x800f82  Family=0x17  Model=0x8  Stepping=2\n  Features=0x178bfbff\u003cFPU,VME,DE,PSE,TSC,MSR,PAE,MCE,CX8,APIC,SEP,MTRR,PGE,MCA,CMOV,PAT,PSE36,CLFLUSH,MMX,FXSR,SSE,SSE2,HTT\u003e\n  Features2=0x7ed8320b\u003cSSE3,PCLMULQDQ,MON,SSSE3,FMA,CX16,SSE4.1,SSE4.2,MOVBE,POPCNT,AESNI,XSAVE,OSXSAVE,AVX,F16C,RDRAND\u003e\n  AMD Features=0x2e500800\u003cSYSCALL,NX,MMX+,FFXSR,Page1GB,RDTSCP,LM\u003e\n  AMD Features2=0x35c233ff\u003cLAHF,CMP,SVM,ExtAPIC,CR8,ABM,SSE4A,MAS,Prefetch,OSVW,SKINIT,WDT,TCE,Topology,PCXC,PNXC,DBE,PL2I,MWAITX\u003e\n  Structured Extended Features=0x209c01a9\u003cFSGSBASE,BMI1,AVX2,SMEP,BMI2,RDSEED,ADX,SMAP,CLFLUSHOPT,SHA\u003e\n  XSAVE Features=0xf\u003cXSAVEOPT,XSAVEC,XINUSE,XSAVES\u003e\n  AMD Extended Feature Extensions ID EBX=0x1007\u003cCLZERO,IRPerf,XSaveErPtr,IBPB\u003e\n  SVM: NP,NRIP,VClean,AFlush,DAssist,NAsids=32768\n  TSC: P-state invariant, performance statistics\nreal memory  = 17179869184 (16384 MB)\navail memory = 16555761664 (15788 MB)\nEvent timer \"LAPIC\" quality 600\nACPI APIC Table: \u003cALASKA A M I \u003e\nFreeBSD/SMP: Multiprocessor System Detected: 8 CPUs\nFreeBSD/SMP: 1 package(s) x 2 cache groups x 4 core(s)\nrandom: registering fast source Intel Secure Key RNG\nrandom: fast provider: \"Intel Secure Key RNG\"\nrandom: unblocking device.\nSecurity policy loaded: MAC/ntpd (mac_ntpd)\nioapic0 \u003cVersion 2.1\u003e irqs 0-23\nioapic1 \u003cVersion 2.1\u003e irqs 24-55\nLaunching APs: 6 5 1 7 4 2 3\nTCP_ratelimit: Is now initialized\nTCP Hpts created 8 swi interrupt threads and bound 0 to cpus\nrandom: entropy device external interface\nkbd0 at kbdmux0\nefirtc0: \u003cEFI Realtime Clock\u003e\nefirtc0: registered as a time-of-day clock, resolution 1.000000s\nsmbios0: \u003cSystem Management BIOS\u003e at iomem 0xbde25000-0xbde2501e\nsmbios0: Version: 3.3, BCD Revision: 3.3\nossl0: \u003cOpenSSL crypto\u003e\naesni0: \u003cAES-CBC,AES-CCM,AES-GCM,AES-ICM,AES-XTS,SHA1,SHA256\u003e\nacpi0: \u003cALASKA A M I \u003e\nacpi0: Power Button (fixed)\ncpu0: \u003cACPI CPU\u003e on acpi0\nattimer0: \u003cAT timer\u003e port 0x40-0x43 irq 0 on acpi0\nTimecounter \"i8254\" frequency 1193182 Hz quality 0\nEvent timer \"i8254\" frequency 1193182 Hz quality 100\natrtc0: \u003cAT realtime clock\u003e port 0x70-0x71 on acpi0\natrtc0: registered as a time-of-day clock, resolution 1.000000s\nEvent timer \"RTC\" frequency 32768 Hz quality 0\nhpet0: \u003cHigh Precision Event Timer\u003e iomem 0xfed00000-0xfed003ff irq 0,8 on acpi0\nTimecounter \"HPET\" frequency 14318180 Hz quality 950\nEvent timer \"HPET\" frequency 14318180 Hz quality 350\nEvent timer \"HPET1\" frequency 14318180 Hz quality 350\nEvent timer \"HPET2\" frequency 14318180 Hz quality 350\nTimecounter \"ACPI-fast\" frequency 3579545 Hz quality 900\nacpi_timer0: \u003c32-bit timer at 3.579545MHz\u003e port 0x808-0x80b on acpi0\nacpi_wmi0: \u003cACPI-WMI mapping\u003e on acpi0\nacpi_wmi0: cannot find EC device\nacpi_wmi0: Embedded MOF found\nACPI: \\134AOD.WQBA: 1 arguments were passed to a non-method ACPI object (Buffer) (20221020/nsarguments-361)\npcib0: \u003cACPI Host-PCI bridge\u003e port 0xcf8-0xcff on acpi0\npci0: \u003cACPI PCI bus\u003e on pcib0\namdsmn0: \u003cAMD Family 17h System Management Network\u003e on hostb0\namdtemp0: \u003cAMD CPU On-Die Thermal Sensors\u003e on hostb0\npcib1: \u003cACPI PCI-PCI bridge\u003e at device 1.1 on pci0\npci1: \u003cACPI PCI bus\u003e on pcib1\nmps0: \u003cAvago Technologies (LSI) SAS2008\u003e port 0xf000-0xf0ff mem 0xfbbc0000-0xfbbc3fff,0xfbb80000-0xfbbbffff irq 24 at device 0.0 on pci1\nmps0: Firmware: 20.00.07.00, Driver: 21.02.00.00-fbsd\nmps0: IOCCapabilities: 1285c\u003cScsiTaskFull,DiagTrace,SnapBuf,EEDP,TransRetry,EventReplay,HostDisc\u003e\npcib2: \u003cACPI PCI-PCI bridge\u003e at device 1.3 on pci0\npci2: \u003cACPI PCI bus\u003e on pcib2\nxhci0: \u003cAMD 400 Series USB 3.1 controller\u003e mem 0xfb4a0000-0xfb4a7fff irq 32 at device 0.0 on pci2\nxhci0: 32 bytes context size, 64-bit DMA\nusbus0 on xhci0\nusbus0: 5.0Gbps Super Speed USB v3.0\nahci0: \u003cAHCI SATA controller\u003e mem 0xfb480000-0xfb49ffff irq 33 at device 0.1 on pci2\nahci0: AHCI v1.31 with 8 6Gbps ports, Port Multiplier supported\nahcich0: \u003cAHCI channel\u003e at channel 0 on ahci0\nahcich1: \u003cAHCI channel\u003e at channel 1 on ahci0\nahcich4: \u003cAHCI channel\u003e at channel 4 on ahci0\nahcich5: \u003cAHCI channel\u003e at channel 5 on ahci0\npcib3: \u003cACPI PCI-PCI bridge\u003e irq 34 at device 0.2 on pci2\npci3: \u003cACPI PCI bus\u003e on pcib3\npcib4: \u003cACPI PCI-PCI bridge\u003e irq 32 at device 0.0 on pci3\npci4: \u003cACPI PCI bus\u003e on pcib4\nvgapci0: \u003cVGA-compatible display\u003e port 0xe000-0xe07f mem 0xfa000000-0xfaffffff,0xd0000000-0xdfffffff,0xf8000000-0xf9ffffff irq 32 at device 0.0 on pci4\nvgapci0: Boot video device\npcib5: \u003cACPI PCI-PCI bridge\u003e irq 33 at device 1.0 on pci3\npci5: \u003cACPI PCI bus\u003e on pcib5\npcib6: \u003cACPI PCI-PCI bridge\u003e irq 32 at device 4.0 on pci3\npci6: \u003cACPI PCI bus\u003e on pcib6\npcib7: \u003cACPI PCI-PCI bridge\u003e irq 33 at device 5.0 on pci3\npci7: \u003cACPI PCI bus\u003e on pcib7\npcib8: \u003cACPI PCI-PCI bridge\u003e irq 34 at device 6.0 on pci3\npci8: \u003cACPI PCI bus\u003e on pcib8\nahci1: \u003cASMedia ASM1062 AHCI SATA controller\u003e port 0xd050-0xd057,0xd040-0xd043,0xd030-0xd037,0xd020-0xd023,0xd000-0xd01f mem 0xfb300000-0xfb3001ff irq 34 at device 0.0 on pci8\nahci1: AHCI v1.20 with 2 6Gbps ports, Port Multiplier supported\nahci1: quirks=0xc00000\u003cNOCCS,NOAUX\u003e\nahcich8: \u003cAHCI channel\u003e at channel 0 on ahci1\nahcich9: \u003cAHCI channel\u003e at channel 1 on ahci1\npcib9: \u003cACPI PCI-PCI bridge\u003e irq 35 at device 7.0 on pci3\npci9: \u003cACPI PCI bus\u003e on pcib9\npci9: \u003cnetwork, ethernet\u003e at device 0.0 (no driver attached)\npcib10: \u003cACPI PCI-PCI bridge\u003e at device 3.1 on pci0\npci10: \u003cACPI PCI bus\u003e on pcib10\nix0: \u003cIntel(R) X540-AT2\u003e mem 0xe0200000-0xe03fffff,0xe0404000-0xe0407fff irq 55 at device 0.0 on pci10\nix0: Using 2048 TX descriptors and 2048 RX descriptors\nix0: Using 8 RX queues 8 TX queues\nix0: Using MSI-X interrupts with 9 vectors\nix0: allocated for 8 queues\nix0: allocated for 8 rx queues\nix0: Ethernet address: b4:96:91:45:a2:14\nix0: PCI Express Bus: Speed 5.0GT/s Width x8\nix0: eTrack 0x800005f9 PHY FW V272\nix0: netmap queues/slots: TX 8/2048, RX 8/2048\nix1: \u003cIntel(R) X540-AT2\u003e mem 0xe0000000-0xe01fffff,0xe0400000-0xe0403fff irq 54 at device 0.1 on pci10\nix1: Using 2048 TX descriptors and 2048 RX descriptors\nix1: Using 8 RX queues 8 TX queues\nix1: Using MSI-X interrupts with 9 vectors\nix1: allocated for 8 queues\nix1: allocated for 8 rx queues\nix1: Ethernet address: b4:96:91:45:a2:16\nix1: PCI Express Bus: Speed 5.0GT/s Width x8\nix1: eTrack 0x800005f9 PHY FW V272\nix1: netmap queues/slots: TX 8/2048, RX 8/2048\npcib11: \u003cACPI PCI-PCI bridge\u003e at device 7.1 on pci0\npci11: \u003cACPI PCI bus\u003e on pcib11\npci11: \u003cencrypt/decrypt\u003e at device 0.2 (no driver attached)\nxhci1: \u003cXHCI (generic) USB 3.0 controller\u003e mem 0xfb600000-0xfb6fffff irq 37 at device 0.3 on pci11\nxhci1: 64 bytes context size, 64-bit DMA\nusbus1 on xhci1\nusbus1: 5.0Gbps Super Speed USB v3.0\npcib12: \u003cACPI PCI-PCI bridge\u003e at device 8.1 on pci0\npci12: \u003cACPI PCI bus\u003e on pcib12\nahci2: \u003cAMD KERNCZ AHCI SATA controller\u003e mem 0xfb908000-0xfb908fff irq 42 at device 0.2 on pci12\nahci2: AHCI v1.31 with 1 6Gbps ports, Port Multiplier supported with FBS\nahcich10: \u003cAHCI channel\u003e at channel 0 on ahci2\npci12: \u003cmultimedia, HDA\u003e at device 0.3 (no driver attached)\nintsmb0: \u003cAMD FCH SMBus Controller\u003e at device 20.0 on pci0\nsmbus0: \u003cSystem Management Bus\u003e on intsmb0\nsmb0: \u003cSMBus generic I/O\u003e on smbus0\nisab0: \u003cPCI-ISA bridge\u003e at device 20.3 on pci0\nisa0: \u003cISA bus\u003e on isab0\nacpi_button0: \u003cPower Button\u003e on acpi0\nns8250: UART FCR is broken\nns8250: UART FCR is broken\nuart0: \u003c16550 or compatible\u003e port 0x3f8-0x3ff irq 4 flags 0x10 on acpi0\nhwpstate0: \u003cCool`n'Quiet 2.0\u003e on cpu0\nTimecounter \"TSC-low\" frequency 1849999267 Hz quality 1000\nTimecounters tick every 1.000 msec\nZFS filesystem version: 5\nZFS storage pool version: features support (5000)\nWARNING: Adding ifaddrs to all fibs has been turned off by default. Consider tuning net.add_addr_allfibs if needed\nugen0.1: \u003cAMD XHCI root HUB\u003e at usbus0\nugen1.1: \u003cAMD XHCI root HUB\u003e at usbus1\nuhub0 on usbus0\nuhub0: \u003cAMD XHCI root HUB, class 9/0, rev 3.00/1.00, addr 1\u003e on usbus0\nuhub1 on usbus1\nuhub1: \u003cAMD XHCI root HUB, class 9/0, rev 3.00/1.00, addr 1\u003e on usbus1\nhwpmc: SOFT/16/64/0x67\u003cINT,USR,SYS,REA,WRI\u003e TSC/1/64/0x20\u003cREA\u003e K8/16/48/0x1ff\u003cINT,USR,SYS,EDG,THR,REA,WRI,INV,QUA\u003e\nTrying to mount root from zfs:zroot/ROOT/default []...\nuhub1: 8 ports with 8 removable, self powered\nuhub0: 22 ports with 22 removable, self powered\nRoot mount waiting for: CAM usbus0\nugen0.2: \u003cvendor 0x04d9 daskeyboard\u003e at usbus0\nukbd0 on uhub0\nukbd0: \u003cvendor 0x04d9 daskeyboard, class 0/0, rev 1.10/3.90, addr 1\u003e on usbus0\nkbd1 at ukbd0\nums0 on uhub0\nums0: \u003cvendor 0x04d9 daskeyboard, class 0/0, rev 1.10/3.90, addr 1\u003e on usbus0\nRoot mount waiting for: CAM\nRoot mount waiting for: CAM\nRoot mount waiting for: CAM\nRoot mount waiting for: CAM\nRoot mount waiting for: CAM\nada0 at ahcich5 bus 0 scbus4 target 0 lun 0\nada0: \u003cKINGSTON SUV400S37240G 0C3FD6SD\u003e ACS-4 ATA SATA 3.x device\nada0: Serial Number 50026B776601F3DC\nada0: 600.000MB/s transfers (SATA 3.x, UDMA6, PIO 8192bytes)\nada0: Command Queueing enabled\nada0: 228936MB (468862128 512 byte sectors)\nada1 at ahcich9 bus 0 scbus6 target 0 lun 0\nada1: \u003cCT250MX500SSD1 M3CR045\u003e ACS-3 ATA SATA 3.x device\nada1: Serial Number 2240E67118A8\nada1: 600.000MB/s transfers (SATA 3.x, UDMA6, PIO 512bytes)\nada1: Command Queueing enabled\nada1: 238475MB (488397168 512 byte sectors)\ncd0 at ahcich0 bus 0 scbus1 target 0 lun 0\ncd0: \u003cTSSTcorp CDDVDW TS-H653B SI01\u003e Removable CD-ROM SCSI device\ncd0: Serial Number � �;��x�o�Q �\\^A�\\^P\ncd0: 150.000MB/s transfers (SATA 1.x, UDMA5, ATAPI 12bytes, PIO 8192bytes)\ncd0: Attempt to query device size failed: NOT READY, Medium not present - tray closed\nda0 at mps0 bus 0 scbus0 target 4 lun 0\nda0: \u003cSEAGATE STCRSEI1CLAR8000 CA01\u003e Fixed Direct Access SPC-5 SCSI device\nda0: Serial Number WSD6Z597\nda0: 600.000MB/s transfers\nda0: Command Queueing enabled\nda0: 7630885MB (15628053168 512 byte sectors)\nda3 at mps0 bus 0 scbus0 target 9 lun 0\nda3: \u003cSEAGATE STCRSEI1CLAR8000 CA01\u003e Fixed Direct Access SPC-5 SCSI device\nda3: Serial Number WSD4LE4D\nda3: 600.000MB/s transfers\nda3: Command Queueing enabled\nda3: 7630885MB (15628053168 512 byte sectors)\nda1 at mps0 bus 0 scbus0 target 7 lun 0\nda1: \u003cATA WDC WD20EARX-00P AB51\u003e Fixed Direct Access SPC-4 SCSI device\nda1: Serial Number WD-WCAZAD107331\nda1: 600.000MB/s transfers\nda1: Command Queueing enabled\nda1: 1907729MB (3907029168 512 byte sectors)\nda1: quirks=0x8\u003c4K\u003e\nda5 at mps0 bus 0 scbus0 target 11 lun 0\nda5: \u003cSEAGATE STCRSEI1CLAR8000 CA01\u003e Fixed Direct Access SPC-5 SCSI device\nda5: Serial Number WSD6TJWQ\nda5: 600.000MB/s transfers\nda5: Command Queueing enabled\nda5: 7630885MB (15628053168 512 byte sectors)\nda4 at mps0 bus 0 scbus0 target 10 lun 0\nda4: \u003cSEAGATE STCRSEI1CLAR8000 CA01\u003e Fixed Direct Access SPC-5 SCSI device\nda4: Serial Number WSD6Z6JB\nda4: 600.000MB/s transfers\nda4: Command Queueing enabled\nda4: 7630885MB (15628053168 512 byte sectors)\nda2 at mps0 bus 0 scbus0 target 8 lun 0\nda2: \u003cATA TOSHIBA DT01ACA2 ABB0\u003e Fixed Direct Access SPC-4 SCSI device\nda2: Serial Number 563J53DAS\nda2: 600.000MB/s transfers\nda2: Command Queueing enabled\nda2: 1907729MB (3907029168 512 byte sectors)\nGEOM: da1: the primary GPT table is corrupt or invalid.\nGEOM: da1: using the secondary instead -- recovery strongly advised.\nGEOM: da2: the primary GPT table is corrupt or invalid.\nGEOM: da2: using the secondary instead -- recovery strongly advised.\n/etc/rc: WARNING: Kernel dumps will be written to the swap partition without encryption.\nSetting hostuuid: 06006b9c-72ba-0000-0000-000000000000.\nSetting hostid: 0x3f003717.\nGEOM: da1: the primary GPT table is corrupt or invalid.\nGEOM: da1: using the secondary instead -- recovery strongly advised.\nGEOM: da2: the primary GPT table is corrupt or invalid.\nGEOM: da2: using the secondary instead -- recovery strongly advised.\nGEOM_ELI: Device ada0p2.eli created.\nGEOM_ELI: Encryption: AES-XTS 128\nGEOM_ELI:     Crypto: accelerated software\nLoading key for data/ccache from file:///etc/zfs/data.key..\nLoading key for data/iscsi from file:///etc/zfs/data.key..\nLoading key for data/jail from file:///etc/zfs/data.key..\nLoading key for data/jellyfin from file:///etc/zfs/data.key..\nLoading key for data/packages from file:///etc/zfs/data.key..\nLoading key for data/poudriere from file:///etc/zfs/data.key..\nLoading key for data/public/Books from file:///etc/zfs/data.key..\nLoading key for data/public/CalibreLibrary from file:///etc/zfs/data.key..\nLoading key for data/public/Comics from file:///etc/zfs/data.key..\nLoading key for data/public/Films from file:///etc/zfs/data.key..\nLoading key for data/public/Miscellaneous from file:///etc/zfs/data.key..\nLoading key for data/public/Music from file:///etc/zfs/data.key..\nLoading key for data/public/Software from file:///etc/zfs/data.key..\nLoading key for data/public/TV from file:///etc/zfs/data.key..\nLoading key for data/public/Torrents_new from file:///etc/zfs/data.key..\nLoading key for zroot/jail from file:///etc/zfs/data.key..\nStarting file system checks:\n/dev/gpt/efiboot0: 6 files, 258 MiB free (16519 clusters)\nFIXED\n/dev/gpt/efiboot0: MARKING FILE SYSTEM CLEAN\nMounting local filesystems:.\nKey already loaded for data/ccache.\nKey already loaded for data/iscsi.\nKey already loaded for data/jail.\nKey already loaded for data/jellyfin.\nKey already loaded for data/packages.\nKey already loaded for data/poudriere.\nKey already loaded for data/public/Books.\nKey already loaded for data/public/CalibreLibrary.\nKey already loaded for data/public/Comics.\nKey already loaded for data/public/Films.\nKey already loaded for data/public/Miscellaneous.\nKey already loaded for data/public/Music.\nKey already loaded for data/public/Software.\nKey already loaded for data/public/TV.\nKey already loaded for data/public/Torrents_new.\nKey already loaded for zroot/jail.\nUpdating CPU Microcode...\nCPU: AMD Ryzen 7 2700X Eight-Core Processor          (3700.00-MHz K8-class CPU)\n  Origin=\"AuthenticAMD\"  Id=0x800f82  Family=0x17  Model=0x8  Stepping=2\n  Features=0x178bfbff\u003cFPU,VME,DE,PSE,TSC,MSR,PAE,MCE,CX8,APIC,SEP,MTRR,PGE,MCA,CMOV,PAT,PSE36,CLFLUSH,MMX,FXSR,SSE,SSE2,HTT\u003e\n  Features2=0x7ed8320b\u003cSSE3,PCLMULQDQ,MON,SSSE3,FMA,CX16,SSE4.1,SSE4.2,MOVBE,POPCNT,AESNI,XSAVE,OSXSAVE,AVX,F16C,RDRAND\u003e\n  AMD Features=0x2e500800\u003cSYSCALL,NX,MMX+,FFXSR,Page1GB,RDTSCP,LM\u003e\n  AMD Features2=0x35c233ff\u003cLAHF,CMP,SVM,ExtAPIC,CR8,ABM,SSE4A,MAS,Prefetch,OSVW,SKINIT,WDT,TCE,Topology,PCXC,PNXC,DBE,PL2I,MWAITX\u003e\n  Structured Extended Features=0x209c01a9\u003cFSGSBASE,BMI1,AVX2,SMEP,BMI2,RDSEED,ADX,SMAP,CLFLUSHOPT,SHA\u003e\n  XSAVE Features=0xf\u003cXSAVEOPT,XSAVEC,XINUSE,XSAVES\u003e\n  AMD Extended Feature Extensions ID EBX=0x1007\u003cCLZERO,IRPerf,XSaveErPtr,IBPB\u003e\n  SVM: NP,NRIP,VClean,AFlush,DAssist,NAsids=32768\n  TSC: P-state invariant, performance statistics\nDone.\nELF ldconfig path: /lib /usr/lib /usr/lib/compat /usr/local/lib /usr/local/lib/compat/pkg /usr/local/lib/compat/pkg /usr/local/lib/perl5/5.36/mach/CORE /usr/local/lib/samba4\n32-bit compatibility ldconfig path:\nSetting hostname: hemlock.eden.le-fay.org.\nSetting up harvesting: PURE_RDRAND,[CALLOUT],[UMA],[FS_ATIME],SWI,INTERRUPT,NET_NG,[NET_ETHER],NET_TUN,MOUSE,KEYBOARD,ATTACH,CACHED\nFeeding entropy: .\nbridge0: Ethernet address: 58:9c:fc:10:95:57\nepair0a: Ethernet address: 02:58:0b:2e:3b:0a\nepair0b: Ethernet address: 02:58:0b:2e:3b:0b\nepair0a: link state changed to UP\nepair0b: link state changed to UP\nepair0a\nepair1a: Ethernet address: 02:50:6c:db:6f:0a\nepair1b: Ethernet address: 02:50:6c:db:6f:0b\nepair1a: link state changed to UP\nepair1b: link state changed to UP\nepair1a\nCreated clone interfaces: bridge0 epair0a epair0b epair1a epair1b.\nlo0: link state changed to UP\nix1: link state changed to UP\nix1: link state changed to DOWN\nbridge0: link state changed to UP\nix1: promiscuous mode enabled\nepair0a: promiscuous mode enabled\nepair1a: promiscuous mode enabled\nStarting Network: lo0 ix0 ix1 bridge0 epair0a epair0b epair1a epair1b.\nlo0: flags=8049\u003cUP,LOOPBACK,RUNNING,MULTICAST\u003e metric 0 mtu 16384\n\toptions=680003\u003cRXCSUM,TXCSUM,LINKSTATE,RXCSUM_IPV6,TXCSUM_IPV6\u003e\n\tinet6 ::1 prefixlen 128\n\tinet6 fe80::1%lo0 prefixlen 64 scopeid 0x3\n\tinet 127.0.0.1 netmask 0xff000000\n\tgroups: lo\n\tnd6 options=21\u003cPERFORMNUD,AUTO_LINKLOCAL\u003e\nix0: flags=8802\u003cBROADCAST,SIMPLEX,MULTICAST\u003e metric 0 mtu 1500\n\toptions=4e53fbb\u003cRXCSUM,TXCSUM,VLAN_MTU,VLAN_HWTAGGING,JUMBO_MTU,VLAN_HWCSUM,TSO4,TSO6,LRO,WOL_UCAST,WOL_MCAST,WOL_MAGIC,VLAN_HWFILTER,VLAN_HWTSO,RXCSUM_IPV6,TXCSUM_IPV6,NOMAP\u003e\n\tether b4:96:91:45:a2:14\n\tmedia: Ethernet autoselect\n\tstatus: no carrier\n\tnd6 options=29\u003cPERFORMNUD,IFDISABLED,AUTO_LINKLOCAL\u003e\nix1: flags=8943\u003cUP,BROADCAST,RUNNING,PROMISC,SIMPLEX,MULTICAST\u003e metric 0 mtu 1500\n\toptions=4a538b9\u003cRXCSUM,VLAN_MTU,VLAN_HWTAGGING,JUMBO_MTU,VLAN_HWCSUM,WOL_UCAST,WOL_MCAST,WOL_MAGIC,VLAN_HWFILTER,VLAN_HWTSO,RXCSUM_IPV6,NOMAP\u003e\n\tether b4:96:91:45:a2:16\n\tinet6 fe80::b696:91ff:fe45:a216%ix1 prefixlen 64 scopeid 0x2\n\tmedia: Ethernet autoselect\n\tstatus: no carrier\n\tnd6 options=1\u003cPERFORMNUD\u003e\nbridge0: flags=8843\u003cUP,BROADCAST,RUNNING,SIMPLEX,MULTICAST\u003e metric 0 mtu 1500\n\tether 58:9c:fc:10:95:57\n\tinet 10.1.6.13 netmask 0xffffff00 broadcast 10.1.6.255\n\tinet6 fe80::5a9c:fcff:fe10:9557%bridge0 prefixlen 64 scopeid 0x6\n\tinet6 2001:8b0:aab5:106::12 prefixlen 64\n\tid 00:00:00:00:00:00 priority 32768 hellotime 2 fwddelay 15\n\tmaxage 20 holdcnt 6 proto rstp maxaddr 2000 timeout 1200\n\troot id 00:00:00:00:00:00 priority 32768 ifcost 0 port 0\n\tmember: epair1a flags=143\u003cLEARNING,DISCOVER,AUTOEDGE,AUTOPTP\u003e\n\t        ifmaxaddr 0 port 9 priority 128 path cost 2000\n\tmember: epair0a flags=143\u003cLEARNING,DISCOVER,AUTOEDGE,AUTOPTP\u003e\n\t        ifmaxaddr 0 port 7 priority 128 path cost 2000\n\tmember: ix1 flags=143\u003cLEARNING,DISCOVER,AUTOEDGE,AUTOPTP\u003e\n\t        ifmaxaddr 0 port 2 priority 128 path cost 20000\n\tgroups: bridge\n\tnd6 options=21\u003cPERFORMNUD,AUTO_LINKLOCAL\u003e\nepair0a: flags=8943\u003cUP,BROADCAST,RUNNING,PROMISC,SIMPLEX,MULTICAST\u003e metric 0 mtu 1500\n\toptions=8\u003cVLAN_MTU\u003e\n\tether 02:58:0b:2e:3b:0a\n\tgroups: epair\n\tmedia: Ethernet 10Gbase-T (10Gbase-T \u003cfull-duplex\u003e)\n\tstatus: active\n\tnd6 options=29\u003cPERFORMNUD,IFDISABLED,AUTO_LINKLOCAL\u003e\nepair0b: flags=8842\u003cBROADCAST,RUNNING,SIMPLEX,MULTICAST\u003e metric 0 mtu 1500\n\toptions=8\u003cVLAN_MTU\u003e\n\tether 02:58:0b:2e:3b:0b\n\tgroups: epair\n\tmedia: Ethernet 10Gbase-T (10Gbase-T \u003cfull-duplex\u003e)\n\tstatus: active\n\tnd6 options=29\u003cPERFORMNUD,IFDISABLED,AUTO_LINKLOCAL\u003e\nepair1a: flags=8943\u003cUP,BROADCAST,RUNNING,PROMISC,SIMPLEX,MULTICAST\u003e metric 0 mtu 1500\n\toptions=8\u003cVLAN_MTU\u003e\n\tether 02:50:6c:db:6f:0a\n\tgroups: epair\n\tmedia: Ethernet 10Gbase-T (10Gbase-T \u003cfull-duplex\u003e)\n\tstatus: active\n\tnd6 options=29\u003cPERFORMNUD,IFDISABLED,AUTO_LINKLOCAL\u003e\nepair1b: flags=8842\u003cBROADCAST,RUNNING,SIMPLEX,MULTICAST\u003e metric 0 mtu 1500\n\toptions=8\u003cVLAN_MTU\u003e\n\tether 02:50:6c:db:6f:0b\n\tgroups: epair\n\tmedia: Ethernet 10Gbase-T (10Gbase-T \u003cfull-duplex\u003e)\n\tstatus: active\n\tnd6 options=29\u003cPERFORMNUD,IFDISABLED,AUTO_LINKLOCAL\u003e\nStarting devd.\nStarting Network: ix0.\nix0: flags=8802\u003cBROADCAST,SIMPLEX,MULTICAST\u003e metric 0 mtu 1500\n\toptions=4e53fbb\u003cRXCSUM,TXCSUM,VLAN_MTU,VLAN_HWTAGGING,JUMBO_MTU,VLAN_HWCSUM,TSO4,TSO6,LRO,WOL_UCAST,WOL_MCAST,WOL_MAGIC,VLAN_HWFILTER,VLAN_HWTSO,RXCSUM_IPV6,TXCSUM_IPV6,NOMAP\u003e\n\tether b4:96:91:45:a2:14\n\tmedia: Ethernet autoselect\n\tstatus: no carrier\n\tnd6 options=29\u003cPERFORMNUD,IFDISABLED,AUTO_LINKLOCAL\u003e\nsyscons does not exist in /etc/rc.d or the local startup\ndirectories (/usr/local/etc/rc.d), or is not executable\nmoused does not exist in /etc/rc.d or the local startup\ndirectories (/usr/local/etc/rc.d), or is not executable\nStarting Network: epair0b.\nepair0b: flags=8842\u003cBROADCAST,RUNNING,SIMPLEX,MULTICAST\u003e metric 0 mtu 1500\n\toptions=8\u003cVLAN_MTU\u003e\n\tether 02:58:0b:2e:3b:0b\n\tgroups: epair\n\tmedia: Ethernet 10Gbase-T (10Gbase-T \u003cfull-duplex\u003e)\n\tstatus: active\n\tnd6 options=29\u003cPERFORMNUD,IFDISABLED,AUTO_LINKLOCAL\u003e\nStarting Network: epair1b.\nepair1b: flags=8842\u003cBROADCAST,RUNNING,SIMPLEX,MULTICAST\u003e metric 0 mtu 1500\n\toptions=8\u003cVLAN_MTU\u003e\n\tether 02:50:6c:db:6f:0b\n\tgroups: epair\n\tmedia: Ethernet 10Gbase-T (10Gbase-T \u003cfull-duplex\u003e)\n\tstatus: active\n\tnd6 options=29\u003cPERFORMNUD,IFDISABLED,AUTO_LINKLOCAL\u003e\nStarting pflog.\npflog0: promiscuous mode enabled\n2023-11-24T13:15:27.262943+00:00 hemlock.eden.le-fay.org pflogd 62468 - - [priv]: msg PRIV_OPEN_LOG received\nadd host 127.0.0.1: gateway lo0 fib 0: route already in table\nadd host 127.0.0.1: gateway lo0 fib 1: route already in table\nadd host 127.0.0.1: gateway lo0 fib 2: route already in table\nadd net default: gateway 10.1.6.1 fib 0\nadd host ::1: gateway lo0 fib 1,2\nadd host ::1: gateway lo0 fib 0: route already in table\nadd net fe80::: gateway ::1 fib 0,1,2\nadd net ff02::: gateway ::1 fib 0,1,2\nadd net ::ffff:0.0.0.0: gateway ::1 fib 0,1,2\nadd net ::0.0.0.0: gateway ::1 fib 0,1,2\nadd net default: gateway 2001:8B0:AAB5:106::1 fib 0\nEnabling pfpfctl: DIOCADDRULENV: File exists\n/etc/rc: WARNING: Unable to load /etc/pf.conf.\n.\nStarting nfsuserd.\nStarting kdc.\nStarting ctld.\nStarting kadmind.\nStarting gssd.\nCreating and/or trimming log files.\nClearing /tmp.\nUpdating motd:.\nUpdating /var/run/os-release done.\nStarting syslogd.\nNo core dumps found.\nMounting late filesystems:.\nStarting ntpd.\nStarting powerd.\nStarting dbus.\nStarting avahi-daemon.\nNFSv4 only server\nStarting mountd.\nStarting nfsd.\nPerforming sanity check on Samba configuration: OK\nStarting smbd.\nix1: link state changed to UP\nNov 24 13:15:28 hemlock smbd[46314]: [2023/11/24 13:15:28.268818,  0] ../../source3/smbd/server.c:1741(main)\nNov 24 13:15:28 hemlock smbd[46314]:   smbd version 4.16.11 started.\nNov 24 13:15:28 hemlock smbd[46314]:   Copyright Andrew Tridgell and the Samba Team 1992-2022\nStarting pushgateway.\nStarting rsyncd.\nStarting inetd.\nPerforming sanity check on sshd configuration.\nStarting sshd.\nStarting cron.\nPerforming sanity check on nginx configuration:\nnginx: the configuration file /usr/local/etc/nginx/nginx.conf syntax is ok\nnginx: configuration file /usr/local/etc/nginx/nginx.conf test is successful\nStarting nginx.\nStarting node_exporter.\npostfix/postfix-script: starting the Postfix mail system\nStarting smartd.\nStarting background file system checks in 60 seconds.\nStarting jails:\ntcp_vnet_init: WARNING: unable to initialise TCP stats\nlo0: link state changed to UP\npanic: VERIFY0(0 == spa_do_crypt_abd(B_TRUE, spa, \u0026zio-\u003eio_bookmark, BP_GET_TYPE(bp), BP_GET_DEDUP(bp), BP_SHOULD_BYTESWAP(bp), salt, iv, mac, psize, zio-\u003eio_abd, eabd, \u0026no_crypt)) failed (0 == 5)\n\ncpuid = 0\ntime = 1700831735\nKDB: stack backtrace:\n#0 0xffffffff8088054d at kdb_backtrace+0x5d\n#1 0xffffffff8083bdc1 at vpanic+0x131\n#2 0xffffffff80393a4a at spl_panic+0x3a\n#3 0xffffffff80506cad at zio_encrypt+0x5ad\n#4 0xffffffff80504089 at zio_execute+0x39\n#5 0xffffffff808a1431 at taskqueue_run_locked+0x161\n#6 0xffffffff808a2372 at taskqueue_thread_loop+0xb2\n#7 0xffffffff807fd6b3 at fork_exit+0x73\n#8 0xffffffff80b64f6e at fork_trampoline+0xe\nUptime: 41s\nDumping 914 out of 16283 MB:..2%..11%..21%..32%..41%..51%..62%..72%..81%..91%"
}