{
 "id": 453124,
 "bug_id": 125251,
 "attachment_id": 0,
 "creation_time": "2008-07-04T08:20:01Z",
 "creator": "g.veniamin@googlemail.com",
 "text": "Sorry,\nI do not know what impact caused the kernel panic.\n\nns# kldstat \nId Refs Address    Size     Name\n 1    9 0xc0400000 65d7a0   kernel\n 2    1 0xc0a5e000 342c     umodem.ko\n 3    2 0xc0a62000 35a4     ucom.ko\n 4    1 0xc0a66000 1bdc     wlan_xauth.ko\n 5    1 0xc0a68000 6a2c4    acpi.ko\n\n(kgdb) core-file vmcore.1\n\nUnread portion of the kernel message buffer:\n\n\nFatal trap 9: general protection fault while in kernel mode\ninstruction pointer\t= 0x20:0xc07b9f80\nstack pointer\t        = 0x28:0xd4ccec58\nframe pointer\t        = 0x28:0xd4ccec78\ncode segment\t\t= base 0x0, limit 0xfffff, type 0x1b\n\t\t\t= DPL 0, pres 1, def32 1, gran 1\nprocessor eflags\t= interrupt enabled, resume, IOPL = 0\ncurrent process\t\t= 12 (swi4: clock)\ntrap number\t\t= 9\npanic: general protection fault\nUptime: 4d13h32m14s\nPhysical memory: 503 MB\nDumping 111 MB: 95 79 63 47 31 15\n\nLoaded symbols for /boot/kernel/umodem.ko\nLoaded symbols for /boot/kernel/ucom.ko\nLoaded symbols for /boot/kernel/wlan_xauth.ko\nLoaded symbols for /boot/kernel/acpi.ko\n#0  doadump () at pcpu.h:195\n195\tpcpu.h: No such file or directory.\n\tin pcpu.h\n(kgdb) bt 0xc07b9f80\n#0  doadump () at pcpu.h:195\n#1  0xc060f5e3 in boot (howto=260)\n    at /mnt/freebsd/src/7/sys/kern/kern_shutdown.c:418\n#2  0xc060f7df in panic (fmt=Variable \"fmt\" is not available.)\n    at /mnt/freebsd/src/7/sys/kern/kern_shutdown.c:572\n#3  0xc0884c6c in trap_fatal (frame=0xd4ccec18, eva=0)\n    at /mnt/freebsd/src/7/sys/i386/i386/trap.c:899\n#4  0xc08859be in trap (frame=0xd4ccec18)\n    at /mnt/freebsd/src/7/sys/i386/i386/trap.c:686\n#5  0xc086f02b in calltrap ()\n    at /mnt/freebsd/src/7/sys/i386/i386/exception.s:139\n#6  0xc07b9f80 in nfsrv_timer (arg=0x0) at atomic.h:149\n#7  0xc0620dd7 in softclock (dummy=0x0)\n    at /mnt/freebsd/src/7/sys/kern/kern_timeout.c:274\n#8  0xc05f159b in ithread_loop (arg=0xc2927c00)\n    at /mnt/freebsd/src/7/sys/kern/kern_intr.c:1036\n#9  0xc05ee416 in fork_exit (callout=0xc05f13f0 \u003cithread_loop\u003e, \n    arg=0xc2927c00, frame=0xd4cced38)\n    at /mnt/freebsd/src/7/sys/kern/kern_fork.c:783\n#10 0xc086f0a0 in fork_trampoline ()\n    at /mnt/freebsd/src/7/sys/i386/i386/exception.s:205\n(kgdb)\n\nns# dmesg \nCopyright (c) 1992-2008 The FreeBSD Project.\nCopyright (c) 1979, 1980, 1983, 1986, 1988, 1989, 1991, 1992, 1993, 1994\n        The Regents of the University of California. All rights reserved.\nFreeBSD is a registered trademark of The FreeBSD Foundation.\nFreeBSD 7.0-STABLE #0: Tue Jun 10 14:16:05 UTC 2008\n    admin@ns.p13.net:/usr/obj/mnt/freebsd/src/7/sys/p13\nTimecounter \"i8254\" frequency 1193182 Hz quality 0\nCPU: Unknown CPU Type (1528.98-MHz 686-class CPU)\n  Origin = \"AuthenticAMD\"  Id = 0x681  Stepping = 1\n  Features=0x383f9ff\u003cFPU,VME,DE,PSE,TSC,MSR,PAE,MCE,CX8,SEP,MTRR,PGE,MCA,CMOV,PAT,PSE36,MMX,FXSR,SSE\u003e\n  AMD Features=0xc0400800\u003cSYSCALL,MMX+,3DNow!+,3DNow!\u003e\nreal memory  = 536805376 (511 MB)\navail memory = 515788800 (491 MB)\nath_hal: 0.9.20.3 (AR5210, AR5211, AR5212, RF5111, RF5112, RF2413, RF5413)\nacpi0: \u003cVIA694 AWRDACPI\u003e on motherboard\nacpi0: [ITHREAD]\nacpi0: Power Button (fixed)\nacpi0: reservation of 0, a0000 (3) failed\nacpi0: reservation of 100000, 1fef0000 (3) failed\nTimecounter \"ACPI-fast\" frequency 3579545 Hz quality 1000\nacpi_timer0: \u003c24-bit timer at 3.579545MHz\u003e port 0x4008-0x400b on acpi0\ncpu0: \u003cACPI CPU\u003e on acpi0\nacpi_throttle0: \u003cACPI CPU Throttling\u003e on cpu0\nacpi_button0: \u003cPower Button\u003e on acpi0\nacpi_button1: \u003cSleep Button\u003e on acpi0\npcib0: \u003cACPI Host-PCI bridge\u003e port 0xcf8-0xcff,0x4000-0x407f,0x4080-0x40ff,0x5000-0x500f on acpi0\npci0: \u003cACPI PCI bus\u003e on pcib0\nagp0: \u003cVIA 8367 (KT266/KY266x/KT333) host to PCI bridge\u003e on hostb0\nagp0: aperture size is 256M\npcib1: \u003cPCI-PCI bridge\u003e at device 1.0 on pci0\npci1: \u003cPCI bus\u003e on pcib1\nvgapci0: \u003cVGA-compatible display\u003e mem 0xe8000000-0xe8ffffff,0xd8000000-0xdfffffff,0xe0000000-0xe007ffff irq 11 at device 0.0 on pci1\nath0: \u003cAtheros 5212\u003e mem 0xeb000000-0xeb00ffff irq 11 at device 8.0 on pci0\nath0: [ITHREAD]\nath0: using obsoleted if_watchdog interface\nath0: Ethernet address: 00:14:78:ee:d8:c1\nath0: mac 7.8 phy 4.5 radio 5.6\ned0: \u003cRealTek 8029\u003e port 0xd000-0xd01f irq 12 at device 9.0 on pci0\ned0: [ITHREAD]\ned0: using obsoleted if_watchdog interface\ned0: Ethernet address: 00:50:ba:b4:4e:fb\nrl0: \u003cRealTek 8139 10/100BaseTX\u003e port 0xd400-0xd4ff mem 0xeb010000-0xeb0100ff irq 5 at device 11.0 on pci0\nmiibus0: \u003cMII bus\u003e on rl0\nrlphy0: \u003cRealTek internal media interface\u003e PHY 0 on miibus0\nrlphy0:  10baseT, 10baseT-FDX, 100baseTX, 100baseTX-FDX, auto\nrl0: Ethernet address: 00:e0:4c:7e:df:29\nrl0: [ITHREAD]\nisab0: \u003cPCI-ISA bridge\u003e at device 17.0 on pci0\nisa0: \u003cISA bus\u003e on isab0\natapci0: \u003cVIA 8233 UDMA100 controller\u003e port 0x1f0-0x1f7,0x3f6,0x170-0x177,0x376,0xd800-0xd80f at device 17.1 on pci0\nata0: \u003cATA channel 0\u003e on atapci0\nata0: [ITHREAD]\nata1: \u003cATA channel 1\u003e on atapci0\nata1: [ITHREAD]\nuhci0: \u003cVIA 83C572 USB controller\u003e port 0xdc00-0xdc1f irq 5 at device 17.2 on pci0\nuhci0: [GIANT-LOCKED]\nuhci0: [ITHREAD]\nusb0: \u003cVIA 83C572 USB controller\u003e on uhci0\nusb0: USB revision 1.0\nuhub0: \u003cVIA UHCI root hub, class 9/0, rev 1.00/1.00, addr 1\u003e on usb0\nuhub0: 2 ports with 2 removable, self powered\nuhci1: \u003cVIA 83C572 USB controller\u003e port 0xe000-0xe01f irq 5 at device 17.3 on pci0\nuhci1: [GIANT-LOCKED]\nuhci1: [ITHREAD]\nusb1: \u003cVIA 83C572 USB controller\u003e on uhci1\nusb1: USB revision 1.0\nuhub1: \u003cVIA UHCI root hub, class 9/0, rev 1.00/1.00, addr 1\u003e on usb1\nuhub1: 2 ports with 2 removable, self powered\nuhci2: \u003cVIA 83C572 USB controller\u003e port 0xe400-0xe41f irq 5 at device 17.4 on pci0\nuhci2: [GIANT-LOCKED]\nuhci2: [ITHREAD]\nusb2: \u003cVIA 83C572 USB controller\u003e on uhci2\nusb2: USB revision 1.0\nuhub2: \u003cVIA UHCI root hub, class 9/0, rev 1.00/1.00, addr 1\u003e on usb2\nuhub2: 2 ports with 2 removable, self powered\npci0: \u003cmultimedia, audio\u003e at device 17.5 (no driver attached)\nacpi_tz0: \u003cThermal Zone\u003e on acpi0\npmtimer0 on isa0\natkbdc0: \u003cKeyboard controller (i8042)\u003e at port 0x60,0x64 on isa0\natkbd0: \u003cAT Keyboard\u003e irq 1 on atkbdc0\nkbd0 at atkbd0\natkbd0: [GIANT-LOCKED]\natkbd0: [ITHREAD]\nsc0: \u003cSystem console\u003e at flags 0x100 on isa0\nsc0: VGA \u003c16 virtual consoles, flags=0x300\u003e\nvga0: \u003cGeneric ISA VGA\u003e at port 0x3c0-0x3df iomem 0xa0000-0xbffff on isa0\nTimecounter \"TSC\" frequency 1528984779 Hz quality 800\nTimecounters tick every 1.000 msec\nad1: 381554MB \u003cSAMSUNG HD400LD WQ100-15\u003e at ata0-slave UDMA100\nad3: 38146MB \u003cWDC WD400BB-75FJA1 14.03G14\u003e at ata1-slave UDMA100"
}