{
 "id": 355533,
 "bug_id": 104678,
 "attachment_id": 0,
 "creation_time": "2006-10-22T18:00:39Z",
 "creator": "danolson@visi.com",
 "text": "SMP doesn't work on a new Turion X2 laptop. The laptop is an HP dv6119us.\n\nLaptop appears to act normally by entering set hint.apic.0.disabled=1 at\nthe loader prompt.\n\nWhen that is not set, the Laptop appears to lock up but accepts keyboard\ninput. It won't display for about 10 seconds unless more keys are press.\nIf no keys are pressed it doesn't display the input.\n\nI haven't been able to capture a vmstat -i or the sysctl values for\nhw.acpi but will try.\n\nI've compiled in the debugger and will try to capture more output from\nit. When breaking to the debugger this is output:\n\nKDB: enter: manual  escape to debugger\n[thread pid 19 tid 100025]\nStopped at 0xc06905ff = kdb_enter+0x2b: nop\n\nDoing a ps gives this for pid 19\n\n19  0  0  0  RL    CPU0 [swi6: Giant taskq]\n\nI don't know if that is important. It is my first time using this debugger.\n\nBelow is the verbose dmesg output that I was capture:\n\n\nCopyright (c) 1992-2006 The FreeBSD Project.\nCopyright (c) 1979, 1980, 1983, 1986, 1988, 1989, 1991, 1992, 1993, 1994\n\tThe Regents of the University of California. All rights reserved.\nFreeBSD is a registered trademark of The FreeBSD Foundation.\nFreeBSD 6.2-PRERELEASE #0: Sun Oct 22 10:00:30 CDT 2006\n    olson@tron.danolson.dsl.visi.com:/usr/obj/usr/src/sys/TRON\nWARNING: WITNESS option enabled, expect reduced performance.\nWARNING: DIAGNOSTIC option enabled, expect reduced performance.\nPreloaded elf kernel \"/boot/kernel/kernel\" at 0xc107a000.\nPreloaded elf module \"/boot/kernel/linux.ko\" at 0xc107a1d0.\nPreloaded elf module \"/boot/modules/nvidia.ko\" at 0xc107a27c.\nPreloaded elf module \"/boot/kernel/acpi.ko\" at 0xc107a328.\nCalibrating clock(s) ... i8254 clock: 1193262 Hz\nCLK_USE_I8254_CALIBRATION not specified - using default frequency\nTimecounter \"i8254\" frequency 1193182 Hz quality 0\nCalibrating TSC clock ... TSC clock: 1607328579 Hz\nCPU: AMD Turion(tm) 64 X2 Mobile Technology TL-50 (1607.33-MHz 686-class CPU)\n  Origin = \"AuthenticAMD\"  Id = 0x40f82  Stepping = 2\n  Features=0x178bfbff\u003cFPU,VME,DE,PSE,TSC,MSR,PAE,MCE,CX8,APIC,SEP,MTRR,PGE,MCA,CMOV,PAT,PSE36,CLFLUSH,MMX,FXSR,SSE,SSE2,HTT\u003e\n  Features2=0x2001\u003cSSE3,CX16\u003e\n  AMD Features=0xea500800\u003cSYSCALL,NX,MMX+,FFXSR,RDTSCP,LM,3DNow+,3DNow\u003e\n  AMD Features2=0x1f\u003cLAHF,CMP,\u003cb2\u003e,\u003cb3\u003e,CR8\u003e\n    HTT bit cleared - FreeBSD does not have licensing issues requiring it.\n\n  Cores per package: 2\nData TLB: 32 entries, fully associative\nInstruction TLB: 32 entries, fully associative\nL1 data cache: 64 kbytes, 64 bytes/line, 1 lines/tag, 2-way associative\nL1 instruction cache: 64 kbytes, 64 bytes/line, 1 lines/tag, 2-way associative\nL2 internal cache: 256 kbytes, 64 bytes/line, 1 lines/tag, 8-way associative\nreal memory  = 1039138816 (991 MB)\nPhysical memory chunk(s):\n0x0000000000001000 - 0x000000000009cfff, 638976 bytes (156 pages)\n0x0000000000100000 - 0x00000000003fffff, 3145728 bytes (768 pages)\n0x0000000001428000 - 0x000000003cd4bfff, 999440384 bytes (244004 pages)\navail memory = 998699008 (952 MB)\nbios32: Found BIOS32 Service Directory header at 0xc00f8a10\nbios32: Entry = 0xfdcf4 (c00fdcf4)  Rev = 0  Len = 1\npcibios: PCI BIOS entry at 0xfdcf0+0x0\npnpbios: Found PnP BIOS data at 0xc00f8a60\npnpbios: Entry = e768:9621  Rev = 1.0\nOther BIOS signatures found:\nwlan: \u003c802.11 Link Layer\u003e\nath_rate: version 1.2 \u003cSampleRate bit-rate selection algorithm\u003e\nrandom: \u003centropy source, Software, Yarrow\u003e\nnfslock: pseudo-device\nio: \u003cI/O\u003e\nkbd: new array size 4\nkbd1 at kbdmux0\nmem: \u003cmemory\u003e\nPentium Pro MTRR support enabled\nnull: \u003cnull device, zero device\u003e\nath_hal: 0.9.17.2 (AR5210, AR5211, AR5212, RF5111, RF5112, RF2413, RF5413)\nWITNESS: spin lock hptlock not in order list\nrr232x: RocketRAID 232x controller driver v1.02 (Oct 22 2006 10:00:11)\nnpx0: INT 16 interface\nacpi0: \u003cHP   RSDT\u003e on motherboard\nacpi0: [MPSAFE]\npci_open(1):\tmode 1 addr port (0x0cf8) is 0x80007004\npci_open(1a):\tmode1res=0x80000000 (0x80000000)\npci_cfgcheck:\tdevice 0 [class=050000] [hdr=80] is there (id=02f010de)\npcibios: BIOS_PRESENT call failed\nacpi_bus_number: root bus has no _BBN, assuming 0\nAcpiOsDerivePciId: bus 0 dev 10 func 0\nacpi0: Power Button (fixed)\nacpi0: wakeup code va 0xd90a4000 pa 0x9c000\natpic: Programming IRQ9 as level/low\nacpi_bus_number: root bus has no _BBN, assuming 0\nAcpiOsDerivePciId: bus 0 dev 10 func 0\nacpi_bus_number: root bus has no _BBN, assuming 0\nAcpiOsDerivePciId: bus 0 dev 10 func 1\nacpi_bus_number: root bus has no _BBN, assuming 0\nAcpiOsDerivePciId: bus 0 dev 10 func 1\nacpi_bus_number: root bus has no _BBN, assuming 0\nAcpiOsDerivePciId: bus 0 dev 10 func 1\nacpi_bus_number: root bus has no _BBN, assuming 0\nAcpiOsDerivePciId: bus 0 dev 10 func 1\nACPI timer: 1/2 1/1 1/1 1/1 1/1 1/1 1/1 1/1 1/1 1/1 -\u003e 10\nTimecounter \"ACPI-fast\" frequency 3579545 Hz quality 1000\nacpi_timer0: \u003c24-bit timer at 3.579545MHz\u003e port 0x1008-0x100b on acpi0\nacpi_ec0: \u003cEmbedded Controller: GPE 0x10\u003e port 0x62,0x66 on acpi0\npci_link0: Links after initial probe:\nIndex  IRQ  Rtd  Ref  IRQs\n    0  255   N     0  5 7 9 10 11 14 15\npci_link0: Links after initial validation:\nIndex  IRQ  Rtd  Ref  IRQs\n    0  255   N     0  5 7 9 10 11 14 15\npci_link0: Links after disable:\nIndex  IRQ  Rtd  Ref  IRQs\n    0  255   N     0  5 7 9 10 11 14 15\npci_link1: Links after initial probe:\nIndex  IRQ  Rtd  Ref  IRQs\n    0   11   N     0  5 7 9 10 11 14 15\npci_link1: Links after initial validation:\nIndex  IRQ  Rtd  Ref  IRQs\n    0   11   N     0  5 7 9 10 11 14 15\npci_link1: Links after disable:\nIndex  IRQ  Rtd  Ref  IRQs\n    0  255   N     0  5 7 9 10 11 14 15\npci_link2: Links after initial probe:\nIndex  IRQ  Rtd  Ref  IRQs\n    0   11   N     0  5 7 9 10 11 14 15\npci_link2: Links after initial validation:\nIndex  IRQ  Rtd  Ref  IRQs\n    0   11   N     0  5 7 9 10 11 14 15\npci_link2: Links after disable:\nIndex  IRQ  Rtd  Ref  IRQs\n    0  255   N     0  5 7 9 10 11 14 15\npci_link3: Links after initial probe:\nIndex  IRQ  Rtd  Ref  IRQs\n    0  255   N     0  5 7 9 10 11 14 15\npci_link3: Links after initial validation:\nIndex  IRQ  Rtd  Ref  IRQs\n    0  255   N     0  5 7 9 10 11 14 15\npci_link3: Links after disable:\nIndex  IRQ  Rtd  Ref  IRQs\n    0  255   N     0  5 7 9 10 11 14 15\npci_link4: Links after initial probe:\nIndex  IRQ  Rtd  Ref  IRQs\n    0  255   N     0  5 7 9 10 11 14 15\npci_link4: Links after initial validation:\nIndex  IRQ  Rtd  Ref  IRQs\n    0  255   N     0  5 7 9 10 11 14 15\npci_link4: Links after disable:\nIndex  IRQ  Rtd  Ref  IRQs\n    0  255   N     0  5 7 9 10 11 14 15\npci_link5: Links after initial probe:\nIndex  IRQ  Rtd  Ref  IRQs\n    0  255   N     0  5 7 9 10 11 14 15\npci_link5: Links after initial validation:\nIndex  IRQ  Rtd  Ref  IRQs\n    0  255   N     0  5 7 9 10 11 14 15\npci_link5: Links after disable:\nIndex  IRQ  Rtd  Ref  IRQs\n    0  255   N     0  5 7 9 10 11 14 15\npci_link6: Links after initial probe:\nIndex  IRQ  Rtd  Ref  IRQs\n    0   11   N     0  5 7 9 10 11 14 15\npci_link6: Links after initial validation:\nIndex  IRQ  Rtd  Ref  IRQs\n    0   11   N     0  5 7 9 10 11 14 15\npci_link6: Links after disable:\nIndex  IRQ  Rtd  Ref  IRQs\n    0  255   N     0  5 7 9 10 11 14 15\npci_link7: Links after initial probe:\nIndex  IRQ  Rtd  Ref  IRQs\n    0  255   N     0  5 7 9 10 11 14 15\npci_link7: Links after initial validation:\nIndex  IRQ  Rtd  Ref  IRQs\n    0  255   N     0  5 7 9 10 11 14 15\npci_link7: Links after disable:\nIndex  IRQ  Rtd  Ref  IRQs\n    0  255   N     0  5 7 9 10 11 14 15\npci_link8: Links after initial probe:\nIndex  IRQ  Rtd  Ref  IRQs\n    0   10   N     0  5 7 9 10 11 14 15\npci_link8: Links after initial validation:\nIndex  IRQ  Rtd  Ref  IRQs\n    0   10   N     0  5 7 9 10 11 14 15\npci_link8: Links after disable:\nIndex  IRQ  Rtd  Ref  IRQs\n    0  255   N     0  5 7 9 10 11 14 15\npci_link9: Links after initial probe:\nIndex  IRQ  Rtd  Ref  IRQs\n    0   10   N     0  5 7 9 10 11 14 15\npci_link9: Links after initial validation:\nIndex  IRQ  Rtd  Ref  IRQs\n    0   10   N     0  5 7 9 10 11 14 15\npci_link9: Links after disable:\nIndex  IRQ  Rtd  Ref  IRQs\n    0  255   N     0  5 7 9 10 11 14 15\npci_link10: Links after initial probe:\nIndex  IRQ  Rtd  Ref  IRQs\n    0   11   N     0  5 7 9 10 11 14 15\npci_link10: Links after initial validation:\nIndex  IRQ  Rtd  Ref  IRQs\n    0   11   N     0  5 7 9 10 11 14 15\npci_link10: Links after disable:\nIndex  IRQ  Rtd  Ref  IRQs\n    0  255   N     0  5 7 9 10 11 14 15\npci_link11: Links after initial probe:\nIndex  IRQ  Rtd  Ref  IRQs\n    0    7   N     0  5 7 9 10 11 14 15\npci_link11: Links after initial validation:\nIndex  IRQ  Rtd  Ref  IRQs\n    0    7   N     0  5 7 9 10 11 14 15\npci_link11: Links after disable:\nIndex  IRQ  Rtd  Ref  IRQs\n    0  255   N     0  5 7 9 10 11 14 15\npci_link12: Links after initial probe:\nIndex  IRQ  Rtd  Ref  IRQs\n    0   10   N     0  5 7 9 10 11 14 15\npci_link12: Links after initial validation:\nIndex  IRQ  Rtd  Ref  IRQs\n    0   10   N     0  5 7 9 10 11 14 15\npci_link12: Links after disable:\nIndex  IRQ  Rtd  Ref  IRQs\n    0  255   N     0  5 7 9 10 11 14 15\npci_link13: Links after initial probe:\nIndex  IRQ  Rtd  Ref  IRQs\n    0  255   N     0  5 7 9 10 11 14 15\npci_link13: Links after initial validation:\nIndex  IRQ  Rtd  Ref  IRQs\n    0  255   N     0  5 7 9 10 11 14 15\npci_link13: Links after disable:\nIndex  IRQ  Rtd  Ref  IRQs\n    0  255   N     0  5 7 9 10 11 14 15\npci_link14: Links after initial probe:\nIndex  IRQ  Rtd  Ref  IRQs\n    0  255   N     0  5 7 9 10 11 14 15\npci_link14: Links after initial validation:\nIndex  IRQ  Rtd  Ref  IRQs\n    0  255   N     0  5 7 9 10 11 14 15\npci_link14: Links after disable:\nIndex  IRQ  Rtd  Ref  IRQs\n    0  255   N     0  5 7 9 10 11 14 15\npci_link15: Links after initial probe:\nIndex  IRQ  Rtd  Ref  IRQs\n    0  255   N     0  5 7 9 10 11 14 15\npci_link15: Links after initial validation:\nIndex  IRQ  Rtd  Ref  IRQs\n    0  255   N     0  5 7 9 10 11 14 15\npci_link15: Links after disable:\nIndex  IRQ  Rtd  Ref  IRQs\n    0  255   N     0  5 7 9 10 11 14 15\npci_link16: Links after initial probe:\nIndex  IRQ  Rtd  Ref  IRQs\n    0  255   N     0  5 7 9 10 11 14 15\npci_link16: Links after initial validation:\nIndex  IRQ  Rtd  Ref  IRQs\n    0  255   N     0  5 7 9 10 11 14 15\npci_link16: Links after disable:\nIndex  IRQ  Rtd  Ref  IRQs\n    0  255   N     0  5 7 9 10 11 14 15\npci_link17: Links after initial probe:\nIndex  IRQ  Rtd  Ref  IRQs\n    0    5   N     0  5 7 9 10 11 14 15\npci_link17: Links after initial validation:\nIndex  IRQ  Rtd  Ref  IRQs\n    0    5   N     0  5 7 9 10 11 14 15\npci_link17: Links after disable:\nIndex  IRQ  Rtd  Ref  IRQs\n    0  255   N     0  5 7 9 10 11 14 15\npci_link18: Links after initial probe:\nIndex  IRQ  Rtd  Ref  IRQs\n    0   10   N     0  5 7 9 10 11 14 15\npci_link18: Links after initial validation:\nIndex  IRQ  Rtd  Ref  IRQs\n    0   10   N     0  5 7 9 10 11 14 15\npci_link18: Links after disable:\nIndex  IRQ  Rtd  Ref  IRQs\n    0  255   N     0  5 7 9 10 11 14 15\ncpu0: \u003cACPI CPU\u003e on acpi0\nacpi_button0: \u003cPower Button\u003e on acpi0\nacpi_button1: \u003cSleep Button\u003e on acpi0\nacpi_acad0: \u003cAC Adapter\u003e on acpi0\nbattery0: \u003cACPI Control Method Battery\u003e on acpi0\nacpi_lid0: \u003cControl Method Lid Switch\u003e on acpi0\npcib0: \u003cACPI Host-PCI bridge\u003e port 0xcf8-0xcff on acpi0\nACPI: Found matching pin for 0.10.INTA at func 1: 10\nACPI: Found matching pin for 0.10.INTB at func 3: 10\nACPI: Found matching pin for 0.11.INTA at func 0: 11\nACPI: Found matching pin for 0.11.INTB at func 1: 7\nACPI: Found matching pin for 0.20.INTA at func 0: 10\nACPI: Found matching pin for 0.16.INTB at func 1: 11\nACPI: Found matching pin for 0.14.INTA at func 0: 5\nACPI: Found matching pin for 0.5.INTA at func 0: 11\npci0: \u003cACPI PCI bus\u003e on pcib0\npci0: physical bus=0\nfound-\u003e\tvendor=0x10de, dev=0x02f0, revid=0xa2\n\tbus=0, slot=0, func=0\n\tclass=05-00-00, hdrtype=0x00, mfdev=1\n\tcmdreg=0x0006, statreg=0x00b0, cachelnsz=0 (dwords)\n\tlattimer=0x00 (0 ns), mingnt=0x00 (0 ns), maxlat=0x00 (0 ns)\nfound-\u003e\tvendor=0x10de, dev=0x02fa, revid=0xa2\n\tbus=0, slot=0, func=1\n\tclass=05-00-00, hdrtype=0x00, mfdev=1\n\tcmdreg=0x0100, statreg=0x4020, cachelnsz=0 (dwords)\n\tlattimer=0x00 (0 ns), mingnt=0x00 (0 ns), maxlat=0x00 (0 ns)\nfound-\u003e\tvendor=0x10de, dev=0x02fe, revid=0xa2\n\tbus=0, slot=0, func=2\n\tclass=05-00-00, hdrtype=0x00, mfdev=1\n\tcmdreg=0x0000, statreg=0x0020, cachelnsz=0 (dwords)\n\tlattimer=0x00 (0 ns), mingnt=0x00 (0 ns), maxlat=0x00 (0 ns)\nfound-\u003e\tvendor=0x10de, dev=0x02f8, revid=0xa2\n\tbus=0, slot=0, func=3\n\tclass=05-00-00, hdrtype=0x00, mfdev=1\n\tcmdreg=0x0000, statreg=0x00a0, cachelnsz=0 (dwords)\n\tlattimer=0x00 (0 ns), mingnt=0x00 (0 ns), maxlat=0x00 (0 ns)\nfound-\u003e\tvendor=0x10de, dev=0x02f9, revid=0xa2\n\tbus=0, slot=0, func=4\n\tclass=05-00-00, hdrtype=0x00, mfdev=0\n\tcmdreg=0x0006, statreg=0x00a0, cachelnsz=0 (dwords)\n\tlattimer=0x00 (0 ns), mingnt=0x00 (0 ns), maxlat=0x00 (0 ns)\nfound-\u003e\tvendor=0x10de, dev=0x02ff, revid=0xa2\n\tbus=0, slot=0, func=5\n\tclass=05-00-00, hdrtype=0x00, mfdev=1\n\tcmdreg=0x0006, statreg=0x00b0, cachelnsz=0 (dwords)\n\tlattimer=0x00 (0 ns), mingnt=0x00 (0 ns), maxlat=0x00 (0 ns)\nfound-\u003e\tvendor=0x10de, dev=0x027f, revid=0xa2\n\tbus=0, slot=0, func=6\n\tclass=05-00-00, hdrtype=0x00, mfdev=1\n\tcmdreg=0x0100, statreg=0x0020, cachelnsz=0 (dwords)\n\tlattimer=0x00 (0 ns), mingnt=0x00 (0 ns), maxlat=0x00 (0 ns)\nfound-\u003e\tvendor=0x10de, dev=0x027e, revid=0xa2\n\tbus=0, slot=0, func=7\n\tclass=05-00-00, hdrtype=0x00, mfdev=1\n\tcmdreg=0x0000, statreg=0x0020, cachelnsz=0 (dwords)\n\tlattimer=0x00 (0 ns), mingnt=0x00 (0 ns), maxlat=0x00 (0 ns)\nfound-\u003e\tvendor=0x10de, dev=0x02fc, revid=0xa1\n\tbus=0, slot=2, func=0\n\tclass=06-04-00, hdrtype=0x01, mfdev=0\n\tcmdreg=0x0107, statreg=0x0010, cachelnsz=16 (dwords)\n\tlattimer=0x00 (0 ns), mingnt=0x04 (1000 ns), maxlat=0x00 (0 ns)\nfound-\u003e\tvendor=0x10de, dev=0x02fd, revid=0xa1\n\tbus=0, slot=3, func=0\n\tclass=06-04-00, hdrtype=0x01, mfdev=0\n\tcmdreg=0x0107, statreg=0x0010, cachelnsz=16 (dwords)\n\tlattimer=0x00 (0 ns), mingnt=0x04 (1000 ns), maxlat=0x00 (0 ns)\nfound-\u003e\tvendor=0x10de, dev=0x0244, revid=0xa2\n\tbus=0, slot=5, func=0\n\tclass=03-00-00, hdrtype=0x00, mfdev=0\n\tcmdreg=0x0007, statreg=0x00b0, cachelnsz=0 (dwords)\n\tlattimer=0x00 (0 ns), mingnt=0x00 (0 ns), maxlat=0x00 (0 ns)\n\tintpin=a, irq=11\n\tpowerspec 2  supports D0 D3  current D0\n\tMSI supports 1 message, 64 bit\n\tmap[10]: type 1, range 32, base b2000000, size 24, enabled\n\tmap[14]: type 3, range 64, base c0000000, size 28, enabled\n\tmap[1c]: type 1, range 64, base b1000000, size 24, enabled\npcib0: matched entry for 0.5.INTA (src \\\\_SB_.PCI0.LK3E:0)\npcib0: slot 5 INTA routed to irq 11 via \\\\_SB_.PCI0.LK3E\nfound-\u003e\tvendor=0x10de, dev=0x0270, revid=0xa2\n\tbus=0, slot=9, func=0\n\tclass=05-00-00, hdrtype=0x00, mfdev=0\n\tcmdreg=0x0006, statreg=0x00b0, cachelnsz=0 (dwords)\n\tlattimer=0x00 (0 ns), mingnt=0x00 (0 ns), maxlat=0x00 (0 ns)\nfound-\u003e\tvendor=0x10de, dev=0x0260, revid=0xa3\n\tbus=0, slot=10, func=0\n\tclass=06-01-00, hdrtype=0x00, mfdev=1\n\tcmdreg=0x000f, statreg=0x00a0, cachelnsz=0 (dwords)\n\tlattimer=0x00 (0 ns), mingnt=0x00 (0 ns), maxlat=0x00 (0 ns)\n\tmap[10]: type 4, range 32, base 00001d00, size  7, enabled\nfound-\u003e\tvendor=0x10de, dev=0x0264, revid=0xa3\n\tbus=0, slot=10, func=1\n\tclass=0c-05-00, hdrtype=0x00, mfdev=1\n\tcmdreg=0x0001, statreg=0x00b0, cachelnsz=0 (dwords)\n\tlattimer=0x00 (0 ns), mingnt=0x00 (0 ns), maxlat=0x00 (0 ns)\n\tintpin=a, irq=10\n\tpowerspec 2  supports D0 D3  current D0\n\tmap[20]: type 4, range 32, base 00003040, size  6, enabled\n\tmap[24]: type 4, range 32, base 00003000, size  6, enabled\npcib0: matched entry for 0.10.INTA (src \\\\_SB_.PCI0.LSMB:0)\npcib0: slot 10 INTA routed to irq 10 via \\\\_SB_.PCI0.LSMB\nfound-\u003e\tvendor=0x10de, dev=0x0271, revid=0xa3\n\tbus=0, slot=10, func=3\n\tclass=0b-40-00, hdrtype=0x00, mfdev=1\n\tcmdreg=0x0006, statreg=0x00a0, cachelnsz=0 (dwords)\n\tlattimer=0x00 (0 ns), mingnt=0x03 (750 ns), maxlat=0x01 (250 ns)\n\tintpin=b, irq=10\n\tmap[10]: type 1, range 32, base b0040000, size 18, enabled\npcib0: matched entry for 0.10.INTB (src \\\\_SB_.PCI0.LPMU:0)\npcib0: slot 10 INTB routed to irq 10 via \\\\_SB_.PCI0.LPMU\nfound-\u003e\tvendor=0x10de, dev=0x026d, revid=0xa3\n\tbus=0, slot=11, func=0\n\tclass=0c-03-10, hdrtype=0x00, mfdev=1\n\tcmdreg=0x0007, statreg=0x00b0, cachelnsz=0 (dwords)\n\tlattimer=0x00 (0 ns), mingnt=0x03 (750 ns), maxlat=0x01 (250 ns)\n\tintpin=a, irq=11\n\tpowerspec 2  supports D0 D1 D2 D3  current D0\n\tmap[10]: type 1, range 32, base b0004000, size 12, enabled\npcib0: matched entry for 0.11.INTA (src \\\\_SB_.PCI0.LUS0:0)\npcib0: slot 11 INTA routed to irq 11 via \\\\_SB_.PCI0.LUS0\nfound-\u003e\tvendor=0x10de, dev=0x026e, revid=0xa3\n\tbus=0, slot=11, func=1\n\tclass=0c-03-20, hdrtype=0x00, mfdev=1\n\tcmdreg=0x0006, statreg=0x00b0, cachelnsz=0 (dwords)\n\tlattimer=0x00 (0 ns), mingnt=0x03 (750 ns), maxlat=0x01 (250 ns)\n\tintpin=b, irq=7\n\tpowerspec 2  supports D0 D1 D2 D3  current D0\n\tmap[10]: type 1, range 32, base b0005000, size  8, enabled\npcib0: matched entry for 0.11.INTB (src \\\\_SB_.PCI0.LUS2:0)\npcib0: slot 11 INTB routed to irq 7 via \\\\_SB_.PCI0.LUS2\nfound-\u003e\tvendor=0x10de, dev=0x0265, revid=0xf1\n\tbus=0, slot=13, func=0\n\tclass=01-01-8a, hdrtype=0x00, mfdev=0\n\tcmdreg=0x0005, statreg=0x00b0, cachelnsz=0 (dwords)\n\tlattimer=0x00 (0 ns), mingnt=0x03 (750 ns), maxlat=0x01 (250 ns)\n\tpowerspec 2  supports D0 D3  current D0\n\tmap[20]: type 4, range 32, base 00003080, size  4, enabled\nfound-\u003e\tvendor=0x10de, dev=0x0266, revid=0xf1\n\tbus=0, slot=14, func=0\n\tclass=01-01-85, hdrtype=0x00, mfdev=0\n\tcmdreg=0x0005, statreg=0x00b0, cachelnsz=0 (dwords)\n\tlattimer=0x00 (0 ns), mingnt=0x03 (750 ns), maxlat=0x01 (250 ns)\n\tintpin=a, irq=5\n\tpowerspec 2  supports D0 D3  current D0\n\tMSI supports 4 messages, 64 bit\n\tmap[10]: type 4, range 32, base 000030c0, size  3, enabled\n\tmap[14]: type 4, range 32, base 000030b4, size  2, enabled\n\tmap[18]: type 4, range 32, base 000030b8, size  3, enabled\n\tmap[1c]: type 4, range 32, base 000030b0, size  2, enabled\n\tmap[20]: type 4, range 32, base 00003090, size  4, enabled\n\tmap[24]: type 1, range 32, base b0006000, size 12, memory disabled\npcib0: matched entry for 0.14.INTA (src \\\\_SB_.PCI0.LTID:0)\npcib0: slot 14 INTA routed to irq 5 via \\\\_SB_.PCI0.LTID\nfound-\u003e\tvendor=0x10de, dev=0x026f, revid=0xa2\n\tbus=0, slot=16, func=0\n\tclass=06-04-01, hdrtype=0x01, mfdev=1\n\tcmdreg=0x0107, statreg=0x00b0, cachelnsz=0 (dwords)\n\tlattimer=0x00 (0 ns), mingnt=0x04 (1000 ns), maxlat=0x02 (500 ns)\nfound-\u003e\tvendor=0x10de, dev=0x026c, revid=0xa2\n\tbus=0, slot=16, func=1\n\tclass=04-03-00, hdrtype=0x00, mfdev=1\n\tcmdreg=0x0006, statreg=0x00b0, cachelnsz=0 (dwords)\n\tlattimer=0x00 (0 ns), mingnt=0x02 (500 ns), maxlat=0x05 (1250 ns)\n\tintpin=b, irq=11\n\tpowerspec 2  supports D0 D3  current D0\n\tMSI supports 1 message, 64 bit, vector masks\n\tmap[10]: type 1, range 32, base b0000000, size 14, enabled\npcib0: matched entry for 0.16.INTB (src \\\\_SB_.PCI0.LAZA:0)\npcib0: slot 16 INTB routed to irq 11 via \\\\_SB_.PCI0.LAZA\nfound-\u003e\tvendor=0x10de, dev=0x0269, revid=0xa3\n\tbus=0, slot=20, func=0\n\tclass=06-80-00, hdrtype=0x00, mfdev=0\n\tcmdreg=0x0007, statreg=0x00b0, cachelnsz=0 (dwords)\n\tlattimer=0x00 (0 ns), mingnt=0x01 (250 ns), maxlat=0x14 (5000 ns)\n\tintpin=a, irq=10\n\tpowerspec 2  supports D0 D1 D2 D3  current D0\n\tmap[10]: type 1, range 32, base b0008000, size 12, enabled\n\tmap[14]: type 4, range 32, base 000030e0, size  3, enabled\npcib0: matched entry for 0.20.INTA (src \\\\_SB_.PCI0.LMAC:0)\npcib0: slot 20 INTA routed to irq 10 via \\\\_SB_.PCI0.LMAC\nfound-\u003e\tvendor=0x1022, dev=0x1100, revid=0x00\n\tbus=0, slot=24, func=0\n\tclass=06-00-00, hdrtype=0x00, mfdev=1\n\tcmdreg=0x0000, statreg=0x0010, cachelnsz=0 (dwords)\n\tlattimer=0x00 (0 ns), mingnt=0x00 (0 ns), maxlat=0x00 (0 ns)\nfound-\u003e\tvendor=0x1022, dev=0x1101, revid=0x00\n\tbus=0, slot=24, func=1\n\tclass=06-00-00, hdrtype=0x00, mfdev=1\n\tcmdreg=0x0000, statreg=0x0000, cachelnsz=0 (dwords)\n\tlattimer=0x00 (0 ns), mingnt=0x00 (0 ns), maxlat=0x00 (0 ns)\nfound-\u003e\tvendor=0x1022, dev=0x1102, revid=0x00\n\tbus=0, slot=24, func=2\n\tclass=06-00-00, hdrtype=0x00, mfdev=1\n\tcmdreg=0x0000, statreg=0x0000, cachelnsz=0 (dwords)\n\tlattimer=0x00 (0 ns), mingnt=0x00 (0 ns), maxlat=0x00 (0 ns)\nfound-\u003e\tvendor=0x1022, dev=0x1103, revid=0x00\n\tbus=0, slot=24, func=3\n\tclass=06-00-00, hdrtype=0x00, mfdev=1\n\tcmdreg=0x0000, statreg=0x0010, cachelnsz=0 (dwords)\n\tlattimer=0x00 (0 ns), mingnt=0x00 (0 ns), maxlat=0x00 (0 ns)\npci0: \u003cmemory, RAM\u003e at device 0.0 (no driver attached)\npci0: \u003cmemory, RAM\u003e at device 0.1 (no driver attached)\npci0: \u003cmemory, RAM\u003e at device 0.2 (no driver attached)\npci0: \u003cmemory, RAM\u003e at device 0.3 (no driver attached)\npci0: \u003cmemory, RAM\u003e at device 0.4 (no driver attached)\npci0: \u003cmemory, RAM\u003e at device 0.5 (no driver attached)\npci0: \u003cmemory, RAM\u003e at device 0.6 (no driver attached)\npci0: \u003cmemory, RAM\u003e at device 0.7 (no driver attached)\npcib1: \u003cACPI PCI-PCI bridge\u003e at device 2.0 on pci0\npcib1:   secondary bus     1\npcib1:   subordinate bus   1\npcib1:   I/O decode        0x4000-0x4fff\npcib1:   memory decode     0xb3000000-0xb31fffff\npcib1:   prefetched decode 0xd0000000-0xd01fffff\npci1: \u003cACPI PCI bus\u003e on pcib1\npci1: physical bus=1\npcib2: \u003cACPI PCI-PCI bridge\u003e at device 3.0 on pci0\npcib2:   secondary bus     3\npcib2:   subordinate bus   3\npcib2:   I/O decode        0xf000-0xfff\npcib2:   memory decode     0xb3200000-0xb33fffff\npcib2:   prefetched decode 0xfff00000-0xfffff\nACPI: Found matching pin for 3.0.INTA at func 0: 255\npci3: \u003cACPI PCI bus\u003e on pcib2\npci3: physical bus=3\nfound-\u003e\tvendor=0x14e4, dev=0x4311, revid=0x01\n\tbus=3, slot=0, func=0\n\tclass=02-80-00, hdrtype=0x00, mfdev=0\n\tcmdreg=0x0107, statreg=0x0010, cachelnsz=16 (dwords)\n\tlattimer=0x00 (0 ns), mingnt=0x00 (0 ns), maxlat=0x00 (0 ns)\n\tintpin=a, irq=255\n\tpowerspec 2  supports D0 D1 D2 D3  current D0\n\tMSI supports 1 message\n\tmap[10]: type 1, range 32, base b3200000, size 14, enabled\npcib2: (null) requested memory range 0xb3200000-0xb3203fff: good\npci3: \u003cnetwork\u003e at device 0.0 (no driver attached)\nnvidia0: \u003cGeForce Go 6150\u003e mem 0xb2000000-0xb2ffffff,0xc0000000-0xcfffffff,0xb1000000-0xb1ffffff irq 11 at device 5.0 on pci0\nnvidia0: Reserved 0x1000000 bytes for rid 0x10 type 3 at 0xb2000000\nnvidia0: Reserved 0x10000000 bytes for rid 0x14 type 3 at 0xc0000000\nnvidia0: Reserved 0x1000000 bytes for rid 0x1c type 3 at 0xb1000000\nWITNESS: spin lock ctl.mtx_rm not in order list\nnvidia0: [GIANT-LOCKED]\nWITNESS: spin lock dev.mtx_rm not in order list\npci0: \u003cmemory, RAM\u003e at device 9.0 (no driver attached)\nisab0: \u003cPCI-ISA bridge\u003e port 0x1d00-0x1d7f at device 10.0 on pci0\nisa0: \u003cISA bus\u003e on isab0\npci0: \u003cserial bus, SMBus\u003e at device 10.1 (no driver attached)\npci0: \u003cprocessor\u003e at device 10.3 (no driver attached)\nohci0: \u003cOHCI (generic) USB controller\u003e mem 0xb0004000-0xb0004fff irq 11 at device 11.0 on pci0\nohci0: Reserved 0x1000 bytes for rid 0x10 type 3 at 0xb0004000\nohci0: [GIANT-LOCKED]\nusb0: OHCI version 1.0, legacy support\nusb0: SMM does not respond, resetting\nusb0: \u003cOHCI (generic) USB controller\u003e on ohci0\nusb0: USB revision 1.0\nuhub0: nVidia OHCI root hub, class 9/0, rev 1.00/1.00, addr 1\nuhub0: 8 ports with 8 removable, self powered\nehci0: \u003cEHCI (generic) USB 2.0 controller\u003e mem 0xb0005000-0xb00050ff irq 7 at device 11.1 on pci0\nehci0: Reserved 0x100 bytes for rid 0x10 type 3 at 0xb0005000\nehci0: [GIANT-LOCKED]\nusb1: EHCI version 1.0\nusb1: companion controller, 8 ports each: usb0\nusb1: \u003cEHCI (generic) USB 2.0 controller\u003e on ehci0\nusb1: USB revision 2.0\nuhub1: nVidia EHCI root hub, class 9/0, rev 2.00/1.00, addr 1\nuhub1: 8 ports with 8 removable, self powered\natapci0: \u003cnVidia nForce MCP51 UDMA133 controller\u003e port 0x1f0-0x1f7,0x3f6,0x170-0x177,0x376,0x3080-0x308f at device 13.0 on pci0\natapci0: Reserved 0x10 bytes for rid 0x20 type 4 at 0x3080\nata0: \u003cATA channel 0\u003e on atapci0\natapci0: Reserved 0x8 bytes for rid 0x10 type 4 at 0x1f0\natapci0: Reserved 0x1 bytes for rid 0x14 type 4 at 0x3f6\nata0: reset tp1 mask=03 ostat0=50 ostat1=00\nata0: stat0=0x00 err=0x01 lsb=0x14 msb=0xeb\nata0: stat1=0x00 err=0x00 lsb=0x00 msb=0x00\nata0: reset tp2 stat0=00 stat1=00 devices=0x4\u003cATAPI_MASTER\u003e\nata0: [MPSAFE]\nata1: \u003cATA channel 1\u003e on atapci0\natapci0: Reserved 0x8 bytes for rid 0x18 type 4 at 0x170\natapci0: Reserved 0x1 bytes for rid 0x1c type 4 at 0x376\nata1: reset tp1 mask=00 ostat0=ff ostat1=ff\nata1: [MPSAFE]\natapci1: \u003cnVidia nForce MCP51 SATA300 controller\u003e port 0x30c0-0x30c7,0x30b4-0x30b7,0x30b8-0x30bf,0x30b0-0x30b3,0x3090-0x309f mem 0xb0006000-0xb0006fff irq 5 at device 14.0 on pci0\natapci1: Reserved 0x10 bytes for rid 0x20 type 4 at 0x3090\natapci1: [MPSAFE]\natapci1: Reserved 0x1000 bytes for rid 0x24 type 3 at 0xb0006000\nata2: \u003cATA channel 0\u003e on atapci1\natapci1: Reserved 0x8 bytes for rid 0x10 type 4 at 0x30c0\natapci1: Reserved 0x4 bytes for rid 0x14 type 4 at 0x30b4\nata2: SATA connect ready time=0ms\nata2: sata_connect devices=0x1\u003cATA_MASTER\u003e\nata2: [MPSAFE]\nata3: \u003cATA channel 1\u003e on atapci1\natapci1: Reserved 0x8 bytes for rid 0x18 type 4 at 0x30b8\natapci1: Reserved 0x4 bytes for rid 0x1c type 4 at 0x30b0\nata3: SATA connect status=00000000\nata3: [MPSAFE]\npcib3: \u003cACPI PCI-PCI bridge\u003e at device 16.0 on pci0\npcib3:   secondary bus     7\npcib3:   subordinate bus   7\npcib3:   I/O decode        0xf000-0xfff\npcib3:   memory decode     0xb3400000-0xb34fffff\npcib3:   prefetched decode 0xfff00000-0xfffff\npcib3:   Subtractively decoded bridge.\nACPI: Found matching pin for 7.5.INTA at func 0: 11\nACPI: Found matching pin for 7.5.INTB at func 1: 11\npci7: \u003cACPI PCI bus\u003e on pcib3\npci7: physical bus=7\nfound-\u003e\tvendor=0x1180, dev=0x0832, revid=0x00\n\tbus=7, slot=5, func=0\n\tclass=0c-00-10, hdrtype=0x00, mfdev=1\n\tcmdreg=0x0106, statreg=0x0210, cachelnsz=0 (dwords)\n\tlattimer=0x40 (1920 ns), mingnt=0x02 (500 ns), maxlat=0x04 (1000 ns)\n\tintpin=a, irq=11\n\tpowerspec 2  supports D0 D1 D2 D3  current D0\n\tmap[10]: type 1, range 32, base b3400000, size 11, enabled\npcib3: (null) requested memory range 0xb3400000-0xb34007ff: good\npcib3: matched entry for 7.5.INTA (src \\\\_SB_.PCI0.LNK1:0)\npcib3: slot 5 INTA routed to irq 11 via \\\\_SB_.PCI0.LNK1\nfound-\u003e\tvendor=0x1180, dev=0x0822, revid=0x19\n\tbus=7, slot=5, func=1\n\tclass=08-05-00, hdrtype=0x00, mfdev=1\n\tcmdreg=0x0106, statreg=0x0210, cachelnsz=0 (dwords)\n\tlattimer=0x40 (1920 ns), mingnt=0x00 (0 ns), maxlat=0x00 (0 ns)\n\tintpin=b, irq=11\n\tpowerspec 2  supports D0 D1 D2 D3  current D0\n\tmap[10]: type 1, range 32, base b3400800, size  8, enabled\npcib3: (null) requested memory range 0xb3400800-0xb34008ff: good\npcib3: matched entry for 7.5.INTB (src \\\\_SB_.PCI0.LNK2:0)\npcib3: slot 5 INTB routed to irq 11 via \\\\_SB_.PCI0.LNK2\nfound-\u003e\tvendor=0x1180, dev=0x0843, revid=0x01\n\tbus=7, slot=5, func=2\n\tclass=08-80-00, hdrtype=0x00, mfdev=1\n\tcmdreg=0x0106, statreg=0x0210, cachelnsz=0 (dwords)\n\tlattimer=0x00 (0 ns), mingnt=0x00 (0 ns), maxlat=0x00 (0 ns)\n\tintpin=b, irq=11\n\tpowerspec 2  supports D0 D1 D2 D3  current D0\n\tmap[10]: type 1, range 32, base b3400c00, size  8, enabled\npcib3: (null) requested memory range 0xb3400c00-0xb3400cff: good\npcib3: matched entry for 7.5.INTB (src \\\\_SB_.PCI0.LNK2:0)\npcib3: slot 5 INTB routed to irq 11 via \\\\_SB_.PCI0.LNK2\nfound-\u003e\tvendor=0x1180, dev=0x0592, revid=0x0a\n\tbus=7, slot=5, func=3\n\tclass=08-80-00, hdrtype=0x00, mfdev=1\n\tcmdreg=0x0102, statreg=0x0210, cachelnsz=0 (dwords)\n\tlattimer=0x00 (0 ns), mingnt=0x00 (0 ns), maxlat=0x00 (0 ns)\n\tintpin=b, irq=11\n\tpowerspec 2  supports D0 D1 D2 D3  current D0\n\tmap[10]: type 1, range 32, base b3401000, size  8, enabled\npcib3: (null) requested memory range 0xb3401000-0xb34010ff: good\npcib3: matched entry for 7.5.INTB (src \\\\_SB_.PCI0.LNK2:0)\npcib3: slot 5 INTB routed to irq 11 via \\\\_SB_.PCI0.LNK2\nfound-\u003e\tvendor=0x1180, dev=0x0852, revid=0x05\n\tbus=7, slot=5, func=4\n\tclass=08-80-00, hdrtype=0x00, mfdev=1\n\tcmdreg=0x0102, statreg=0x0210, cachelnsz=0 (dwords)\n\tlattimer=0x00 (0 ns), mingnt=0x00 (0 ns), maxlat=0x00 (0 ns)\n\tintpin=b, irq=11\n\tpowerspec 2  supports D0 D1 D2 D3  current D0\n\tmap[10]: type 1, range 32, base b3401400, size  8, enabled\npcib3: (null) requested memory range 0xb3401400-0xb34014ff: good\npcib3: matched entry for 7.5.INTB (src \\\\_SB_.PCI0.LNK2:0)\npcib3: slot 5 INTB routed to irq 11 via \\\\_SB_.PCI0.LNK2\nfwohci0: vendor=1180, dev=832\nfwohci0: vendor=1180, dev=832\nfwohci0: \u003c1394 Open Host Controller Interface\u003e mem 0xb3400000-0xb34007ff irq 11 at device 5.0 on pci7\nfwohci0: Reserved 0x800 bytes for rid 0x10 type 3 at 0xb3400000\nfwohci0: [MPSAFE]\nfwohci0: OHCI version 1.10 (ROM=0)\nfwohci0: No. of Isochronous channels is 4.\nfwohci0: EUI64 00:9f:c0:00:94:9a:b8:00\nfwohci0: Phy 1394a available S400, 1 ports.\nfwohci0: Link S400, max_rec 2048 bytes.\nfirewire0: \u003cIEEE1394(FireWire) bus\u003e on fwohci0\nfwe0: \u003cEthernet over FireWire\u003e on firewire0\nif_fwe0: Fake Ethernet address: 02:9f:c0:9a:b8:00\nfwe0: bpf attached\nfwe0: Ethernet address: 02:9f:c0:9a:b8:00\nfwe0: if_start running deferred for Giant\nsbp0: \u003cSBP-2/SCSI over FireWire\u003e on firewire0\nfwohci0: Initiate bus reset\nfwohci0: node_id=0xc800ffc0, gen=1, CYCLEMASTER mode\nfirewire0: 1 nodes, maxhop \u003c= 0, cable IRM = 0 (me)\nfirewire0: bus manager 0 (me)\npci7: \u003cbase peripheral\u003e at device 5.1 (no driver attached)\npci7: \u003cbase peripheral\u003e at device 5.2 (no driver attached)\npci7: \u003cbase peripheral\u003e at device 5.3 (no driver attached)\npci7: \u003cbase peripheral\u003e at device 5.4 (no driver attached)\npci0: \u003cmultimedia\u003e at device 16.1 (no driver attached)\nnve0: \u003cNVIDIA nForce MCP13 Networking Adapter\u003e port 0x30e0-0x30e7 mem 0xb0008000-0xb0008fff irq 10 at device 20.0 on pci0\nnve0: nvenetlib.o version 1.0-13\nnve0: Reserved 0x1000 bytes for rid 0x10 type 3 at 0xb0008000\nnve0: Ethernet address 00:16:36:8c:50:85\nmiibus0: \u003cMII bus\u003e on nve0\nrlphy0: \u003cRTL8201L 10/100 media interface\u003e on miibus0\nrlphy0:  10baseT, 10baseT-FDX, 100baseTX, 100baseTX-FDX, auto\nnve0: bpf attached\nnve0: Ethernet address: 00:16:36:8c:50:85\nnve0: [MPSAFE]\nacpi_tz0: \u003cThermal Zone\u003e on acpi0\natkbdc0: \u003cKeyboard controller (i8042)\u003e port 0x60,0x64 irq 1 on acpi0\natkbd0: \u003cAT Keyboard\u003e irq 1 on atkbdc0\natkbd: the current kbd controller command byte 0047\natkbd: keyboard ID 0x41ab (2)\nkbd0 at atkbd0\nkbd0: atkbd0, AT 101/102 (2), config:0x0, flags:0x3d0000\natkbd0: [GIANT-LOCKED]\npsm0: unable to allocate IRQ\npsmcpnp0: \u003cPS/2 mouse port\u003e irq 12 on acpi0\npsm0: current command byte:0047\npsm0: \u003cPS/2 Mouse\u003e irq 12 on atkbdc0\npsm0: [GIANT-LOCKED]\npsm0: model IntelliMouse, device ID 3-00, 3 buttons\npsm0: config:00000000, flags:00000008, packet size:4\npsm0: syncmask:08, syncbits:00\nunknown: status reg test failed ff\nunknown: status reg test failed ff\nunknown: status reg test failed ff\nunknown: status reg test failed ff\nunknown: status reg test failed ff\nunknown: status reg test failed ff\nex_isa_identify()\nata: ata0 already exists; skipping it\nata: ata1 already exists; skipping it\natkbdc: atkbdc0 already exists; skipping it\npnp_identify: Trying Read_Port at 203\npnp_identify: Trying Read_Port at 243\npnp_identify: Trying Read_Port at 283\npnp_identify: Trying Read_Port at 2c3\npnp_identify: Trying Read_Port at 303\npnp_identify: Trying Read_Port at 343\npnp_identify: Trying Read_Port at 383\npnp_identify: Trying Read_Port at 3c3\nPNP Identify complete\nsc: sc0 already exists; skipping it\nvga: vga0 already exists; skipping it\nisa_probe_children: disabling PnP devices\nisa_probe_children: probing non-PnP devices\npmtimer0 on isa0\norm0: \u003cISA Option ROM\u003e at iomem 0xcf800-0xd0fff on isa0\nadv0: not probed (disabled)\naha0: not probed (disabled)\naic0: not probed (disabled)\nbt0: not probed (disabled)\ncs0: not probed (disabled)\ned0: not probed (disabled)\nfdc0 failed to probe at port 0x3f0-0x3f5,0x3f7 irq 6 drq 2 on isa0\nfe0: not probed (disabled)\nie0: not probed (disabled)\nlnc0: not probed (disabled)\nppc0: parallel port not found.\nppc0: \u003cParallel port\u003e failed to probe at irq 7 on isa0\nsc0: \u003cSystem console\u003e at flags 0x100 on isa0\nsc0: VGA \u003c16 virtual consoles, flags=0x300\u003e\nsc0: fb0, kbd1, terminal emulator: sc (syscons terminal)\nsio0: not probed (disabled)\nsio1: not probed (disabled)\nsio2: not probed (disabled)\nsio3: not probed (disabled)\nsn0: not probed (disabled)\nvga0: \u003cGeneric ISA VGA\u003e at port 0x3c0-0x3df iomem 0xa0000-0xbffff on isa0\nvt0: not probed (disabled)\nisa_probe_children: probing PnP devices\nDevice configuration finished.\nprocfs registered\nTimecounter \"TSC\" frequency 1607328579 Hz quality 800\nTimecounters tick every 1.000 msec\nLinux ELF exec handler installed\nlo0: bpf attached\nrr232x: no controller detected.\nacpi_acad0: acline initialization start\nacpi_acad0: On Line\nacpi_acad0: acline initialization done, tried 1 times\nbattery0: battery initialization start\nata0-master: pio=PIO4 wdma=WDMA2 udma=UNSUPPORTED cable=40 wire\nacd0: setting PIO4 on nForce MCP51 chip\nacd0: \u003cHL-DT-ST DVDRAM GSA-4084N/KQ09\u003e DVDR drive at ata0 as master\nacd0: read 4134KB/s (4134KB/s) write 4134KB/s (4134KB/s), 2048KB buffer, PIO4\nacd0: Reads: CDR, CDRW, CDDA stream, DVDROM, DVDR, DVDRAM, packet\nacd0: Writes: CDR, CDRW, DVDR, DVDRAM, test write, burnproof\nacd0: Audio: play, 256 volume levels\nacd0: Mechanism: ejectable tray, unlocked\nacd0: Medium: no/blank disc\nata2-master: pio=PIO4 wdma=WDMA2 udma=UDMA100 cable=40 wire\nad4: 76319MB \u003cFUJITSU MHV2080BH PL 892C\u003e at ata2-master SATA150\nad4: 156301488 sectors [155061C/16H/63S] 16 sectors/interrupt 1 depth queue\nGEOM: new disk ad4\nad4: nVidia check1 failed\nad4: Adaptec check1 failed\nad4: LSI (v3) check1 failed\nad4: LSI (v2) check1 failed\nad4: FreeBSD check1 failed\nbattery0: battery initialization done, tried 1 times\n(probe2:sbp0:0:2:0): error 22\n(probe2:sbp0:0:2:0): Unretryable Error\n(probe5:sbp0:0:5:0): error 22\n(probe5:sbp0:0:5:0): Unretryable Error\n(probe0:sbp0:0:0:0): error 22\n(probe0:sbp0:0:0:0): Unretryable Error\n(probe1:sbp0:0:1:0): error 22\n(probe1:sbp0:0:1:0): Unretryable Error\n(probe3:sbp0:0:3:0): error 22\n(probe3:sbp0:0:3:0): Unretryable Error\n(probe4:sbp0:0:4:0): error 22\n(probe4:sbp0:0:4:0): Unretryable Error\n(probe6:sbp0:0:6:0): error 22\n\nHow-To-Repeat: Boot 6.1 Release or 6.2 Beta or 7.0 Current from 10/2006 this HP\ndv6119us Laptop.\n\nI have not found out if this problem is particular this laptop or HP\nlaptops or to the Turion X2 Chip"
}