{
 "id": 636456,
 "bug_id": 162159,
 "attachment_id": 0,
 "creation_time": "2011-10-29T23:50:07Z",
 "creator": "crest@tzi.de",
 "text": "FreeBSD 9.0-RC1 boots into Multiuser on DockStar. A few seconds of disk I/O on USB mass storage devices later \"USB error: address decoding error (addr=$HEX)\" floods the RS232 console. They are stop as soon as all disk I/O is stopped. syslogd turns this into a feedback loop. (Nearly?) each log write results in new log messages. A \"portsnap fetch\" is enough on a fresh installation triggered the panic below.\n\n\nconsole:\n   fb9ds# portsnap fetch\n   Looking up portsnap.FreeBSD.org mirrors... 5 mirrors found.\n   Fetching snapshot tag from portsnap5.FreeBSD.org... done.\n   Fetching snapshot metadata... done.\n   Fetching snapshot generated at Sat Oct 29 00:11:11 UTC 2011:\n   0e7e93882dbe7d6994a5598cd1cb310ecc53958054d3df100% of   64 MB  778 kBps 00m00s\n   Extracting snapshot... done.\n   Verifying snapshot integrity... \n \n\nbacktrace:\n db\u003e bt \n Tracing pid 42848 tid 100070 td 0xc23ae000\n kdb_enter() at kdb_enter+0x14\n scp=0xc0a68174 rlv=0xc0a3da34 (panic+0xa0)\n         rsp=0xc85129e0 rfp=0xc85129f4\n         r5=0xc0c4933c r4=0x00000100\n panic() at panic+0x1c\n scp=0xc0a3d9b0 rlv=0xc0a75480 (turnstile_claim+0x204)\n         rsp=0xc8512a08 rfp=0xc8512a20\n turnstile_claim() at turnstile_claim+0x104\n scp=0xc0a75380 rlv=0xc0a75608 (turnstile_wait+0x17c)\n         rsp=0xc8512a24 rfp=0xc8512a48\n         r6=0xc182e2a0 r5=0xc23ae000\n         r4=0x00000000\n turnstile_wait() at turnstile_wait+0x14\n scp=0xc0a754a0 rlv=0xc0a30848 (_mtx_lock_sleep+0xbc)\n         rsp=0xc8512a4c rfp=0xc8512a64\n         r10=0xc21a4990 r8=0x00000000\n         r7=0x00000000 r6=0xc23ae000 r5=0xc182e2a0 r4=0xc0d14780\n _mtx_lock_sleep() at _mtx_lock_sleep+0x14\n scp=0xc0a307a0 rlv=0xc0a30900 (_mtx_lock_flags+0x74)\n         rsp=0xc8512a68 rfp=0xc8512a84\n         r6=0xc0d200c0 r5=0x00000000\n         r4=0x00000000\n _mtx_lock_flags() at _mtx_lock_flags+0x10\n scp=0xc0a3089c rlv=0xc0bd5a3c (vm_fault_hold+0x1548)\n         rsp=0xc8512a88 rfp=0xc8512bb0\n         r6=0x0000029c r5=0x00000000\n         r4=0x0029c000\n vm_fault_hold() at vm_fault_hold+0x10\n scp=0xc0bd4504 rlv=0xc0bd6080 (vm_fault+0x38)\n         rsp=0xc8512bb4 rfp=0xc8512bc8\n         r10=0x00000002 r9=0xc8512ef8\n         r8=0xc8512c70 r7=0xc23ae000 r6=0x20405000 r5=0x00000000\n         r4=0x00000002\n vm_fault() at vm_fault+0x10\n scp=0xc0bd6058 rlv=0xc0c02490 (data_abort_handler+0x1e8)\n         rsp=0xc8512bcc rfp=0xc8512c6c\n         r4=0xc23a3360\n data_abort_handler() at data_abort_handler+0x10\n scp=0xc0c022b8 rlv=0xc0bf4b38 (address_exception_entry+0x50)\n         rsp=0xc8512c70 rfp=0x00000000\n         r10=0xc8512ef8 r9=0x00000000\n         r8=0x00000000 r7=0x00000000 r6=0x00000000 r5=0xffff1004\n         r4=0x656b614d\n\ndmesg.boot (after a reboot):\n\n KDB: debugger backends: ddb\n KDB: current backend: ddb\n Copyright (c) 1992-2011 The FreeBSD Project.\n Copyright (c) 1979, 1980, 1983, 1986, 1988, 1989, 1991, 1992, 1993, 1994\n         The Regents of the University of California. All rights reserved.\n FreeBSD is a registered trademark of The FreeBSD Foundation.\n FreeBSD 9.0-RC1 #5: Sat Oct 29 19:57:58 CEST 2011\n     root@t420.crest.dn42:/usr/obj/arm.arm/usr/src/sys/DOCKSTAR arm\n CPU: Feroceon 88FR131 rev 1 (Marvell core)\n   DC enabled IC enabled WB enabled EABT branch prediction enabled\n   16KB/32B 4-way Instruction cache\n   16KB/32B 4-way write-back-locking-C Data cache\n real memory  = 134217728 (128 MB)\n avail memory = 125227008 (119 MB)\n SOC: Marvell 88F6281 rev A0, TClock 200MHz\n simplebus0: \u003cFlattened device tree simple bus\u003e on fdtbus0\n ic0: \u003cMarvell Integrated Interrupt Controller\u003e mem 0xf1020200-0xf102023b on simplebus0\n timer0: \u003cMarvell CPU Timer\u003e mem 0xf1020300-0xf102032f irq 1 on simplebus0\n Event timer \"CPUTimer0\" frequency 200000000 Hz quality 1000\n Timecounter \"CPUTimer1\" frequency 200000000 Hz quality 1000\n gpio0: \u003cMarvell Integrated GPIO Controller\u003e mem 0xf1010100-0xf101011f irq 35,36,37,38,39,40,41 on  simplebus0\n rtc0: \u003cMarvell Integrated RTC\u003e mem 0xf1010300-0xf1010307 on simplebus0\n mge0: \u003cMarvell Gigabit Ethernet controller\u003e mem 0xf1072000-0xf1073fff irq 12,13,14,11,46 on simpl ebus0\n mge0: Ethernet address: 02:50:43:91:f7:ea\n miibus0: \u003cMII bus\u003e on mge0\n ukphy0: \u003cGeneric IEEE 802.3u media interface\u003e PHY 0 on miibus0\n ukphy0:  none, 10baseT, 10baseT-FDX, 100baseTX, 100baseTX-FDX, 1000baseT, 1000baseT-master, 1000b aseT-FDX, 1000baseT-FDX-master, auto\n uart0: \u003c16550 or compatible\u003e mem 0xf1012000-0xf101201f irq 33 on simplebus0\n uart0: console (1056,n,8,1)\n uart1: \u003c16550 or compatible\u003e mem 0xf1012100-0xf101211f irq 34 on simplebus0\n ehci0: \u003cMarvell Integrated USB 2.0 controller\u003e mem 0xf1050000-0xf1050fff irq 48,19 on simplebus0\n usbus0: EHCI version 1.0\n usbus0: set host controller mode\n usbus0: \u003cMarvell Integrated USB 2.0 controller\u003e on ehci0\n cryptosoft0: \u003csoftware crypto\u003e on motherboard\n Timecounters tick every 1.000 msec\n IPsec: Initialized Security Association Processing.\n ipfw2 (+ipv6) initialized, divert enabled, nat loadable, rule-based forwarding enabled, default t o accept, logging disabled\n DUMMYNET 0 with IPv6 initialized (100409)\n load_dn_sched dn_sched FIFO loaded\n load_dn_sched dn_sched PRIO loaded\n load_dn_sched dn_sched QFQ loaded\n load_dn_sched dn_sched RR loaded\n load_dn_sched dn_sched WF2Q+ loaded\n usbus0: 480Mbps High Speed USB v2.0\n Root mount waiting for: usbus0\n ugen0.1: \u003cMarvell\u003e at usbus0\n uhub0: \u003cMarvell EHCI root HUB, class 9/0, rev 2.00/1.00, addr 1\u003e on usbus0\n uhub0: 1 port with 1 removable, self powered\n Root mount waiting for: usbus0\n ugen0.2: \u003cvendor 0x05e3\u003e at usbus0\n uhub1: \u003cvendor 0x05e3 USB2.0 Hub, class 9/0, rev 2.00/6.03, addr 2\u003e on usbus0\n\n Root mount waiting for: usbus0\n uhub1: 4 ports with 4 removable, self powered\n Root mount waiting for: usbus0\n ugen0.3: \u003cSMI Corporation\u003e at usbus0\n umass0: \u003cSMI Corporation USB DISK, class 0/0, rev 2.00/11.00, addr 3\u003e on usbus0\n da0 at umass-sim0 bus 0 scbus0 target 0 lun 0\n da0: \u003cUSB Stick 2.0 ME 1100\u003e Removable Direct Access SCSI-0 device \n da0: 40.000MB/s transfers\n da0: 1912MB (3915776 512 byte sectors: 255H 63S/T 243C)\n ugen0.4: \u003cvendor 0x0d8c\u003e at usbus0\n uaudio0: \u003cvendor 0x0d8c C-Media USB Headphone Set, class 0/0, rev 1.10/1.00, addr 4\u003e on usbus0\n uaudio0: Play: 48000 Hz, 2 ch, 16-bit S-LE PCM format\n uaudio0: Record: 48000 Hz, 1 ch, 16-bit S-LE PCM format\n uaudio0: No midi sequencer\n pcm0: \u003cUSB audio\u003e on uaudio0\n Trying to mount root from ufs:/dev/ufs/root []...\n WARNING: / was not properly dismounted\n\ndmesg (problem reappears after a few seconds):\n USB error: address decoding error (addr=0x4190200)\n USB error: address decoding error (addr=0x4191000)\n USB error: address decoding error (addr=0x41981c0)\n USB error: address decoding error (addr=0x4199000)\n USB error: address decoding error (addr=0x41a0200)\n USB error: address decoding error (addr=0x41a1000)\n USB error: address decoding error (addr=0x41a8000)\n USB error: address decoding error (addr=0x41a9000)\n USB error: address decoding error (addr=0x41b0200)\n USB error: address decoding error (addr=0x41b1000)\n USB error: address decoding error (addr=0x41b8000)\n USB error: address decoding error (addr=0x41b9000)\n USB error: address decoding error (addr=0x41c0000)\n USB error: address decoding error (addr=0x41c1000)\n USB error: address decoding error (addr=0x41c8200)\n USB error: address decoding error (addr=0x41c9000)\n USB error: address decoding error (addr=0x41ca000)\n USB error: address decoding error (addr=0x41d11c0)\n USB error: address decoding error (addr=0x41d2000)\n USB error: address decoding error (addr=0x41d9100)\n USB error: address decoding error (addr=0x41c9000)\n USB error: address decoding error (addr=0x41c9000)\n ... more of the same format (/usr/src/sys/dev/usb/controller/ehci_mv.c\n\nkernel config:\n #\n # Custom kernel for Seagate DockStar (Marvell SheevaPlug based) devices.\n #\n # $FreeBSD: stable/9/sys/arm/conf/DOCKSTAR 224699 2011-08-07 20:16:46Z rmacklem $\n #\n \n ident           DOCKSTAR\n include         \"../mv/kirkwood/std.sheevaplug\"\n \n options         SOC_MV_KIRKWOOD\n makeoptions     MODULES_OVERRIDE=\"\"\n \n #makeoptions    DEBUG=-g                #Build kernel with gdb(1) debug symbols\n makeoptions     WERROR=\"-Werror\"\n \n options         SCHED_4BSD              #4BSD scheduler\n options         INET                    #InterNETworking\n options         INET6                   #IPv6 communications protocols\n options         FFS                     #Berkeley Fast Filesystem\n options         NFSCL                   #New Network Filesystem Client\n options         NFSLOCKD                #Network Lock Manager\n options         NFS_ROOT                #NFS usable as /, requires NFSCL\n #options        BOOTP\n #options        BOOTP_NFSROOT\n #options        BOOTP_NFSV3\n #options        BOOTP_COMPAT\n #options        BOOTP_WIRED_TO=mge0\n \n # Root fs on USB device\n options        ROOTDEVNAME=\\\"ufs:/dev/ufs/root\\\"\n \n options         SYSVSHM                 #SYSV-style shared memory\n options         SYSVMSG                 #SYSV-style message queues\n options         SYSVSEM                 #SYSV-style semaphores\n options         _KPOSIX_PRIORITY_SCHEDULING #Posix P1003_1B real-time extensions\n options         MUTEX_NOINLINE\n options         RWLOCK_NOINLINE\n options         NO_FFS_SNAPSHOT\n options         NO_SWAPPING\n \n # Debugging\n options         ALT_BREAK_TO_DEBUGGER\n options         DDB\n options         KDB\n \n # Pseudo devices\n device          md\n device          random\n device          pty\n device          loop\n \n # Serial ports\n device          uart\n \n # Networking\n device          ether\n device          mge                     # Marvell Gigabit Ethernet controller\n device          mii\n device          bpf\n options         HZ=1000\n options         DEVICE_POLLING\n device          vlan\n \n # USB\n #options        USB_DEBUG       # enable debug msgs\n device          usb\n device          ehci\n device          uhci\n device          ohci\n device          umass\n device          scbus\n device          pass\n device          da\n \n # Flattened Device Tree\n options         FDT\n options         FDT_DTB_STATIC\n makeoptions     FDT_DTS_FILE=dockstar.dts\n \n # Crypto\n device          crypto\n options         KGSSAPI\n \n # IPSec\n device          enc\n options         IPSEC\n options         IPSEC_NAT_T\n \n # Disk Encryption\n options         GEOM_ELI\n \n # IPFW support\n options         IPFIREWALL\n options         IPFIREWALL_DEFAULT_TO_ACCEPT\n options         IPFIREWALL_FORWARD\n options         IPFIREWALL_VERBOSE\n options         IPFIREWALL_VERBOSE_LIMIT=100\n options         DUMMYNET\n options         IPDIVERT\n \n # Partition support\n options         GEOM_PART_BSD\n options         GEOM_PART_GPT\n options         GEOM_PART_MBR\n options         GEOM_LABEL\n \n # UFS\n options         UFS_ACL\n options         UFS_DIRHASH\n options         SOFTUPDATES\n \n # FAT support\n options         MSDOSFS\n \n # Misc FSs\n options         PROCFS\n options         PSEUDOFS\n \n # Sound\n device          sound\n device          snd_uaudio\n\nFix: \n\nno known fix/workaround\nHow-To-Repeat: cd /usr/src\nmake buildworld buildkernel # tested on amd64\nmake buildworld buildkernel TARGET_ARCH=arm KERNCONF=DOCKSTAR\ngpart create -s mbr da0 # da0 is a umass dev\ngpart add -s 64M -t fat32 -i 1 \u0026\u0026 newfs_msdos -F 32 -L KERN da0s1\ngpart add -t freebsd \u0026\u0026 newfs -jLroot\nmount -t msdosfs /dev/msdosfs/KERN # use jeff doozans u-boot to boot from fat32\ncp /usr/obj/arm.arm/usr/src/sys/DOCKSTAR/kernel.bin /mnt\numount /mnt\nmount /dev/ufs/root /mnt\nmake installworld distribution TARGET_ARCH=arm DESTDIR=/mnt\ndd of=/mnt/etc/rc.conf \u003c\u003cEOF\n  hostname=\"fb9ds.crest.dn42\"\n  ifconfig_mge0=\"DHCP\"\n  sshd_enable=\"YES\"\n  ntpdate_enable=\"YES\"\n  ntpd_enable=\"YES\""
}