{
 "id": 481962,
 "bug_id": 131086,
 "attachment_id": 0,
 "creation_time": "2009-04-07T20:33:16Z",
 "creator": "sarawgi.aditya@gmail.com",
 "text": "Sorry for all the mess. gmail is screwing up the attachments.\n\n\nFilesystem label=\nOS type: FreeBSD\nBlock size=4096 (log=2)\nFragment size=4096 (log=2)\n245280 inodes, 979960 blocks\n48998 blocks (5.00%) reserved for the super user\nFirst data block=0\nMaximum filesystem blocks=1006632960\n30 block groups\n32768 blocks per group, 32768 fragments per group\n8176 inodes per group\nSuperblock backups stored on blocks:\n\t32768, 98304, 163840, 229376, 294912, 819200, 884736\nWriting superblocks and filesystem accounting information: done\n\nThis filesystem will be automatically checked every 22 mounts or\n180 days, whichever comes first.  Use tune2fs -c or -i to override.\n\nFilesystem volume name:   \u003cnone\u003e\nLast mounted on:          \u003cnot available\u003e\nFilesystem UUID:          c1658ff3-288c-469f-ba6d-dcd29e70e5d1\nFilesystem magic number:  0xEF53\nFilesystem revision #:    1 (dynamic)\nFilesystem features:      ext_attr resize_inode dir_index filetype\nsparse_super large_file\nFilesystem flags:         signed_directory_hash\nDefault mount options:    (none)\nFilesystem state:         clean\nErrors behavior:          Continue\nFilesystem OS type:       FreeBSD\nInode count:              245280\nBlock count:              979960\nReserved block count:     48998\nFree blocks:              962636\nFree inodes:              245269\nFirst block:              0\nBlock size:               4096\nFragment size:            4096\nReserved GDT blocks:      239\nBlocks per group:         32768\nFragments per group:      32768\nInodes per group:         8176\nInode blocks per group:   511\nFilesystem created:       Tue Apr  7 23:14:02 2009\nLast mount time:          n/a\nLast write time:          Tue
Apr  7 23:14:52 2009\nMount count:              0\nMaximum mount count:      22\nLast checked:             Tue
Apr  7 23:14:02 2009\nCheck interval:           15552000 (6 months)\nNext check after:         Sun Oct  4 23:14:02 2009\nReserved blocks uid:      0 (user root)\nReserved blocks gid:      0 (group wheel)\nFirst inode:              11\nInode size:\t          256\nRequired extra isize:     28\nDesired extra isize:      28\nDefault directory hash:   half_md4\nDirectory Hash Seed:      1dfec28a-c0a2-472f-821d-55445e0b8130\n\nand here's the patch http://pflog.net/~floyd/ext2fs.diff\n-- \nCheers,\nAditya Sarawgi"
}