{
 "id": 481958,
 "bug_id": 131086,
 "attachment_id": 0,
 "creation_time": "2009-01-28T18:50:01Z",
 "creator": "estellnb@gmail.com",
 "text": "Fresh created ext2 partition can not be accessed correctly.\nMost likely a bug of e2fsprogs-1.41.0 since the ext2fs driver can access\nother ext2 partitions without any problem.\n\nHow-To-Repeat: \u003e mkfs.ext2 /dev/ad6s6\nmke2fs 1.41.0 (10-Jul-2008)\nFilesystem label=\nOS type: FreeBSD\nBlock size=4096 (log=2)\nFragment size=4096 (log=2)\n2444624 inodes, 9765504 blocks\n488275 blocks (5.00%) reserved for the super user\nFirst data block=0\nMaximum filesystem blocks=0\n299 block groups\n32768 blocks per group, 32768 fragments per group\n8176 inodes per group\nSuperblock backups stored on blocks:\n        32768, 98304, 163840, 229376, 294912, 819200, 884736, 1605632, 2654208,\n        4096000, 7962624\n\nWriting inode tables: done\nWriting superblocks and filesystem accounting information: done\n\nThis filesystem will be automatically checked every 27 mounts or\n180 days, whichever comes first.  Use tune2fs -c or -i to override.\n\nroot:/\u003e mount -t ext2fs /dev/ad6s6 /mnt/tmp/\nroot:/\u003e cp -a /home/elm/.thunderbird /mnt/tmp/\ncp: /mnt/tmp: Bad file descriptor\nroot:/\u003e ls /mnt/tmp\nls: /mnt/tmp: Bad file descriptor\nroot:/\u003e mount\n..\n/dev/ad6s6 on /mnt/tmp (ext2fs, local)\nroot:/\u003e cd /mnt/tmp\nbash: cd: /mnt/tmp: Not a directory\nroot:/\u003e umount /mnt/tmp\nroot:/\u003e fsck.ext2 /dev/ad6s6\ne2fsck 1.41.0 (10-Jul-2008)\n/dev/ad6s6: clean, 11/2444624 files, 165693/9765504 blocks"
}