{
 "id": 1293726,
 "bug_id": 276421,
 "attachment_id": 0,
 "creation_time": "2024-01-23T19:58:51Z",
 "creator": "Trond.Endrestol@ximalas.info",
 "text": "(In reply to Roger Pau Monné from comment #22)\n\nSuccess! Thank you so much. Here's the dmesg while platform:viridian=true:\n\n---\u003c\u003cBOOT\u003e\u003e---\nCopyright (c) 1992-2024 The FreeBSD Project.\nCopyright (c) 1979, 1980, 1983, 1986, 1988, 1989, 1991, 1992, 1993, 1994\n        The Regents of the University of California. All rights reserved.\nFreeBSD is a registered trademark of The FreeBSD Foundation.\nFreeBSD 15.0-CURRENT #977 main+local-n246786-733e85748499-dirty: Tue Jan 23 20:48:49 CET 2024\n    root@[REDACTED]:/usr/obj/usr/src/amd64.amd64/sys/XENGUEST amd64\nFreeBSD clang version 17.0.6 (https://github.com/llvm/llvm-project.git llvmorg-17.0.6-0-g6009708b4367)\nVT(efifb): resolution 1024x768\nXEN: Hypervisor version 4.13 detected.\nCPU: Intel(R) Xeon(R) Gold 5118 CPU @ 2.30GHz (2294.84-MHz K8-class CPU)\n  Origin=\"GenuineIntel\"  Id=0x50654  Family=0x6  Model=0x55  Stepping=4\n  Features=0x1fc3fbff\u003cFPU,VME,DE,PSE,TSC,MSR,PAE,MCE,CX8,APIC,SEP,MTRR,PGE,MCA,CMOV,PAT,PSE36,ACPI,MMX,FXSR,SSE,SSE2,SS,HTT\u003e\n  Features2=0xfffa3203\u003cSSE3,PCLMULQDQ,SSSE3,FMA,CX16,PCID,SSE4.1,SSE4.2,x2APIC,MOVBE,POPCNT,TSCDLT,AESNI,XSAVE,OSXSAVE,AVX,F16C,RDRAND,HV\u003e\n  AMD Features=0x2c100800\u003cSYSCALL,NX,Page1GB,RDTSCP,LM\u003e\n  AMD Features2=0x121\u003cLAHF,ABM,Prefetch\u003e\n  Structured Extended Features=0x19c6feb\u003cFSGSBASE,TSCADJ,BMI1,AVX2,FDPEXC,SMEP,BMI2,ERMS,INVPCID,RTM,NFPUSG,MPX,RDSEED,ADX,SMAP,CLFLUSHOPT,CLWB\u003e\n  Structured Extended Features2=0x18\u003cPKU,OSPKE\u003e\n  Structured Extended Features3=0x9c000400\u003cMD_CLEAR,IBPB,STIBP,L1DFL,SSBD\u003e\n  XSAVE Features=0xf\u003cXSAVEOPT,XSAVEC,XINUSE,XSAVES\u003e\n  AMD Extended Feature Extensions ID EBX=0x1000\u003cIBPB\u003e\nHypervisor: Origin = \"XenVMMXenVMM\"\nreal memory  = 34355544064 (32764 MB)\navail memory = 33368510464 (31822 MB)\nEvent timer \"LAPIC\" quality 100\nACPI APIC Table: \u003cXen HVM\u003e\nFreeBSD/SMP: Multiprocessor System Detected: 32 CPUs\nFreeBSD/SMP: 2 package(s) x 16 cache groups x 1 core(s)\nrandom: registering fast source Intel Secure Key RNG\nrandom: fast provider: \"Intel Secure Key RNG\"\nrandom: unblocking device.\nioapic0: MADT APIC ID 1 != hw id 0\nMADT: Forcing active-low polarity and level trigger for SCI\nioapic0 \u003cVersion 1.1\u003e irqs 0-47\nLaunching APs: 13 2 20 7 12 24 9 6 11 19 27 18 21 30 23 10 15 26 14 5 25 22 16 1 3 17 31 29 8 28 4\nrandom: entropy device external interface\nkbd1 at kbdmux0\nefirtc0: \u003cEFI Realtime Clock\u003e\nefirtc0: registered as a time-of-day clock, resolution 1.000000s\nsmbios0: \u003cSystem Management BIOS\u003e at iomem 0xef9cc000-0xef9cc01e\nsmbios0: Version: 2.8, BCD Revision: 2.8\naesni0: \u003cAES-CBC,AES-CCM,AES-GCM,AES-ICM,AES-XTS\u003e\nacpi0: \u003cXen\u003e\nacpi0: Power Button (fixed)\nacpi0: Sleep Button (fixed)\ncpu0: \u003cACPI CPU\u003e on acpi0\nhpet0: \u003cHigh Precision Event Timer\u003e iomem 0xfed00000-0xfed003ff on acpi0\nTimecounter \"HPET\" frequency 62500000 Hz quality 950\nattimer0: \u003cAT timer\u003e port 0x40-0x43 irq 0 on acpi0\nTimecounter \"i8254\" frequency 1193182 Hz quality 0\nEvent timer \"i8254\" frequency 1193182 Hz quality 100\natrtc0: \u003cAT realtime clock\u003e port 0x70-0x71 irq 8 on acpi0\natrtc0: registered as a time-of-day clock, resolution 1.000000s\nEvent timer \"RTC\" frequency 32768 Hz quality 0\nTimecounter \"ACPI-fast\" frequency 3579545 Hz quality 900\nacpi_timer0: \u003c32-bit timer at 3.579545MHz\u003e port 0xb008-0xb00b on acpi0\npcib0: \u003cACPI Host-PCI bridge\u003e port 0xcf8-0xcff on acpi0\npci0: \u003cACPI PCI bus\u003e on pcib0\nisab0: \u003cPCI-ISA bridge\u003e at device 1.0 on pci0\nisa0: \u003cISA bus\u003e on isab0\natapci0: \u003cIntel PIIX3 WDMA2 controller\u003e port 0x1f0-0x1f7,0x3f6,0x170-0x177,0x376,0xc100-0xc10f at device 1.1 on pci0\nata0: \u003cATA channel\u003e at channel 0 on atapci0\nata1: \u003cATA channel\u003e at channel 1 on atapci0\npci0: \u003cserial bus, USB\u003e at device 1.2 (no driver attached)\nintsmb0: \u003cIntel PIIX4 SMBUS Interface\u003e irq 20 at device 1.3 on pci0\nintsmb0: intr IRQ 9 enabled revision 0\nsmbus0: \u003cSystem Management Bus\u003e on intsmb0\nvgapci0: \u003cVGA-compatible display\u003e mem 0xf0000000-0xf1ffffff,0xf3022000-0xf3022fff at device 2.0 on pci0\nvgapci0: Boot video device\nxenpci0: \u003cXen Platform Device\u003e port 0xc000-0xc0ff mem 0xf2000000-0xf2ffffff irq 28 at device 3.0 on pci0\natkbdc0: \u003cKeyboard controller (i8042)\u003e port 0x60,0x64 irq 1 on acpi0\natkbd0: \u003cAT Keyboard\u003e irq 1 on atkbdc0\nkbd0 at atkbd0\natkbd0: [GIANT-LOCKED]\npsm0: \u003cPS/2 Mouse\u003e irq 12 on atkbdc0\npsm0: [GIANT-LOCKED]\nWARNING: Device \"psm\" is Giant locked and may be deleted before FreeBSD 15.0.\npsm0: model IntelliMouse Explorer, device ID 4\nxenpv0: \u003cXen PV bus\u003e\ngranttable0: \u003cXen Grant-table Device\u003e on xenpv0\nxc0: \u003cXen Console\u003e on xenpv0\nxen_et0: \u003cXen PV Clock\u003e on xenpv0\nEvent timer \"XENTIMER\" frequency 1000000000 Hz quality 950\nTimecounter \"XENTIMER\" frequency 1000000000 Hz quality 950\nxen_et0: registered as a time-of-day clock, resolution 0.000001s\nxenstore0: \u003cXenStore\u003e on xenpv0\nxsd_dev0: \u003cXenstored user-space device\u003e on xenpv0\nevtchn0: \u003cXen event channel user-space device\u003e on xenpv0\nprivcmd0: \u003cXen privileged interface user-space device\u003e on xenpv0\ngntdev0: \u003cXen grant-table user-space device\u003e on xenpv0\ndebug0: \u003cXen debug handler\u003e on xenpv0\nTimecounters tick every 20.000 msec\nZFS filesystem version: 5\nZFS storage pool version: features support (5000)\nipfw2 (+ipv6) initialized, divert loadable, nat loadable, default to deny, logging disabled\nxenballoon0: \u003cXen Balloon Device\u003e on xenstore0\nxctrl0: \u003cXen Control Device\u003e on xenstore0\nxs_dev0: \u003cXenstore user-space device\u003e on xenstore0\nxenbusb_front0: \u003cXen Frontend Devices\u003e on xenstore0\nxn0: \u003cVirtual Network Interface\u003e at device/vif/0 on xenbusb_front0\nxn0: Ethernet address: XX:XX:XX:XX:XX:XX\nxenbusb_back0: \u003cXen Backend Devices\u003e on xenstore0\nxn0: backend features: feature-sg feature-gso-tcp4\nxbd5: 256MB \u003cVirtual Block Device\u003e at device/vbd/51792 on xenbusb_front0\nxbd5: features: write_barrier\nxbd5: synchronize cache commands enabled.\nxbd0: 25600MB \u003cVirtual Block Device\u003e at device/vbd/5632 on xenbusb_front0\nxbd0: attaching as ada2\nxbd0: features: write_barrier\nxbd0: synchronize cache commands enabled.\nxbd4: 256MB \u003cVirtual Block Device\u003e at device/vbd/51776 on xenbusb_front0\nxbd4: features: write_barrier\nxbd4: synchronize cache commands enabled.\nxbd1: 25600MB \u003cVirtual Block Device\u003e at device/vbd/832 on xenbusb_front0\nxbd1: attaching as ada1\nxbd1: features: write_barrier\nxbd1: synchronize cache commands enabled.\nxbd6: 17408MB \u003cVirtual Block Device\u003e at device/vbd/51808 on xenbusb_front0\nxbd6: features: write_barrier\nxbd6: synchronize cache commands enabled.\nxbd2: 25600MB \u003cVirtual Block Device\u003e at device/vbd/768 on xenbusb_front0\nxbd2: attaching as ada0\nxbd2: features: write_barrier\nxbd2: synchronize cache commands enabled.\nTrying to mount root from zfs:zroot/ROOT/20240123-204928-main-local-n246786-733e85748499 []...\ncd0 at ata1 bus 0 scbus1 target 1 lun 0\ncd0: \u003cQEMU QEMU DVD-ROM 2.5+\u003e Removable CD-ROM SCSI device\ncd0: Serial Number QM00004\ncd0: 16.700MB/s transfers (WDMA2, ATAPI 12bytes, PIO 65534bytes)\ncd0: Attempt to query device size failed: NOT READY, Medium not present\nDual Console: Serial Primary, Video Secondary\nlo0: link state changed to UP\nxn0: performing interface reset due to feature change\nxn0: backend features: feature-sg feature-gso-tcp4\nxn0: performing interface reset due to feature change\nxn0: backend features: feature-sg feature-gso-tcp4\nxn0: link state changed to DOWN\nxn0: link state changed to UP\nxn0: link state changed to DOWN\nxn0: link state changed to UP\nSecurity policy loaded: MAC/ntpd (mac_ntpd)"
}