{
 "id": 424313,
 "bug_id": 119345,
 "attachment_id": 0,
 "creation_time": "2008-01-04T23:10:01Z",
 "creator": "vess@slavof.net",
 "text": "I have laptop 'ASUS X51Rseries' and unable to start wireless network\nand CPU supports Enhanced Speedstep, but is not recognized.\n\nHere is full dmesg output:\n\nCopyright (c) 1992-2008 The FreeBSD Project.\nCopyright (c) 1979, 1980, 1983, 1986, 1988, 1989, 1991, 1992, 1993, 1994\n        The Regents of the University of California. All rights reserved.\nFreeBSD is a registered trademark of The FreeBSD Foundation.\nFreeBSD 7.0-PRERELEASE #0: Sat Jan  5 00:29:38 EET 2008\n    vess@asus.slavof.net:/usr/obj/usr/src/sys/asus\nTimecounter \"i8254\" frequency 1193182 Hz quality 0\nCPU: Genuine Intel(R) CPU           T2130  @ 1.86GHz (1862.13-MHz 686-class CPU)\n  Origin = \"GenuineIntel\"  Id = 0x6ec  Stepping = 12\n  Features=0xbfe9fbff\u003cFPU,VME,DE,PSE,TSC,MSR,PAE,MCE,CX8,APIC,SEP,MTRR,PGE,MCA,CMOV,PAT,CLFLUSH,DTS,ACPI,MMX,FXSR,SSE,SSE2,SS,H\nTT,TM,PBE\u003e\n  Features2=0xc189\u003cSSE3,MON,EST,TM2,xTPR,PDCM\u003e\n  Cores per package: 2\nreal memory  = 2012905472 (1919 MB)\navail memory = 1959710720 (1868 MB)\nACPI APIC Table: \u003cA.M.I  OEMAPIC \u003e\nFreeBSD/SMP: Multiprocessor System Detected: 2 CPUs\n cpu0 (BSP): APIC ID:  0\n cpu1 (AP): APIC ID:  1\nioapic0 \u003cVersion 2.1\u003e irqs 0-23 on motherboard\nkbd1 at kbdmux0\nath_hal: 0.9.20.3 (AR5210, AR5211, AR5212, RF5111, RF5112, RF2413, RF5413)\nhptrr: HPT RocketRAID controller driver v1.1 (Jan  5 2008 00:26:41)\nacpi0: \u003cA.M.I OEMXSDT\u003e on motherboard\nacpi0: [ITHREAD]\nacpi0: Power Button (fixed)\nacpi0: reservation of 0, a0000 (3) failed\nacpi0: reservation of 100000, 77f00000 (3) failed\nTimecounter \"ACPI-fast\" frequency 3579545 Hz quality 1000\nacpi_timer0: \u003c32-bit timer at 3.579545MHz\u003e port 0x808-0x80b on acpi0\nacpi_ec0: \u003cEmbedded Controller: GPE 0x11\u003e port 0x62,0x66 on acpi0\ncpu0: \u003cACPI CPU\u003e on acpi0\nest0: \u003cEnhanced SpeedStep Frequency Control\u003e on cpu0\nest: CPU supports Enhanced Speedstep, but is not recognized.\nest: cpu_vendor GenuineIntel, msr 6150e2806000e28\ndevice_attach: est0 attach returned 6\np4tcc0: \u003cCPU Frequency Thermal Control\u003e on cpu0\ncpu1: \u003cACPI CPU\u003e on acpi0\nACPI Exception (exoparg2-0559): AE_AML_PACKAGE_LIMIT, Index (0FFFFFFFB) is beyond end of object [20070320]\nACPI Error (psparse-0626): Method parse/execution failed [\\\\_PR_.CPU2._PSS] (Node 0xc4fea680), AE_AML_PACKAGE_LIMIT\nest1: \u003cEnhanced SpeedStep Frequency Control\u003e on cpu1\nest: CPU supports Enhanced Speedstep, but is not recognized.\nest: cpu_vendor GenuineIntel, msr 6150e2806000e28\ndevice_attach: est1 attach returned 6\np4tcc1: \u003cCPU Frequency Thermal Control\u003e on cpu1\npcib0: \u003cACPI Host-PCI bridge\u003e port 0xcf8-0xcff on acpi0\npci0: \u003cACPI PCI bus\u003e on pcib0\npcib1: \u003cACPI PCI-PCI bridge\u003e at device 1.0 on pci0\npci1: \u003cACPI PCI bus\u003e on pcib1\nvgapci0: \u003cVGA-compatible display\u003e port 0x7800-0x78ff mem 0x90000000-0x9fffffff,0xf88f0000-0xf88fffff irq 17 at device 5.0 on pci1\npcib2: \u003cACPI PCI-PCI bridge\u003e at device 4.0 on pci0\npci2: \u003cACPI PCI bus\u003e on pcib2\nath0: \u003cAtheros 5424/2424\u003e mem 0xf89f0000-0xf89fffff irq 16 at device 0.0 on pci2\nath0: [ITHREAD]\nath0: unable to attach hardware; HAL status 13\ndevice_attach: ath0 attach returned 6\npcib3: \u003cACPI PCI-PCI bridge\u003e at device 5.0 on pci0\npci3: \u003cACPI PCI bus\u003e on pcib3\npcib4: \u003cACPI PCI-PCI bridge\u003e at device 6.0 on pci0\npci6: \u003cACPI PCI bus\u003e on pcib4\npcib5: \u003cACPI PCI-PCI bridge\u003e at device 7.0 on pci0\npci7: \u003cACPI PCI bus\u003e on pcib5\natapci0: \u003cATI ATA controller\u003e port 0xe800-0xe807,0xe400-0xe403,0xe000-0xe007,0xdc00-0xdc03,0xd800-0xd80f mem 0xfebffc00-0xfebfffff irq 22 at device 18.0 on pci0\natapci0: [ITHREAD]\nata2: \u003cATA channel 0\u003e on atapci0\nata2: [ITHREAD]\nata3: \u003cATA channel 1\u003e on atapci0\nata3: [ITHREAD]\nohci0: \u003cOHCI (generic) USB controller\u003e mem 0xfebfe000-0xfebfefff irq 16 at device 19.0 on pci0\nohci0: [GIANT-LOCKED]\nohci0: [ITHREAD]\nusb0: OHCI version 1.0, legacy support\nusb0: SMM does not respond, resetting\nusb0: \u003cOHCI (generic) USB controller\u003e on ohci0\nusb0: USB revision 1.0\nuhub0: \u003cATI OHCI root hub, class 9/0, rev 1.00/1.00, addr 1\u003e on usb0\nuhub0: 2 ports with 2 removable, self powered\nohci1: \u003cOHCI (generic) USB controller\u003e mem 0xfebfd000-0xfebfdfff irq 17 at device 19.1 on pci0\nohci1: [GIANT-LOCKED]\nohci1: [ITHREAD]\nusb1: OHCI version 1.0, legacy support\nusb1: SMM does not respond, resetting\nusb1: \u003cOHCI (generic) USB controller\u003e on ohci1\nusb1: USB revision 1.0\nuhub1: \u003cATI OHCI root hub, class 9/0, rev 1.00/1.00, addr 1\u003e on usb1\nuhub1: 2 ports with 2 removable, self powered\nohci2: \u003cOHCI (generic) USB controller\u003e mem 0xfebfc000-0xfebfcfff irq 18 at device 19.2 on pci0\nohci2: [GIANT-LOCKED]\nohci2: [ITHREAD]\nusb2: OHCI version 1.0, legacy support\nusb2: SMM does not respond, resetting\nusb2: \u003cOHCI (generic) USB controller\u003e on ohci2\nusb2: USB revision 1.0\nuhub2: \u003cATI OHCI root hub, class 9/0, rev 1.00/1.00, addr 1\u003e on usb2\nuhub2: 2 ports with 2 removable, self powered\nohci3: \u003cOHCI (generic) USB controller\u003e mem 0xfebfb000-0xfebfbfff irq 17 at device 19.3 on pci0\nohci3: [GIANT-LOCKED]\nohci3: [ITHREAD]\nusb3: OHCI version 1.0, legacy support\nusb3: SMM does not respond, resetting\nusb3: \u003cOHCI (generic) USB controller\u003e on ohci3\nusb3: USB revision 1.0\nuhub3: \u003cATI OHCI root hub, class 9/0, rev 1.00/1.00, addr 1\u003e on usb3\nuhub3: 2 ports with 2 removable, self powered\nohci4: \u003cOHCI (generic) USB controller\u003e mem 0xfebfa000-0xfebfafff irq 18 at device 19.4 on pci0\nohci4: [GIANT-LOCKED]\nohci4: [ITHREAD]\nusb4: OHCI version 1.0, legacy support\nusb4: SMM does not respond, resetting\nusb4: \u003cOHCI (generic) USB controller\u003e on ohci4\nusb4: USB revision 1.0\nuhub4: \u003cATI OHCI root hub, class 9/0, rev 1.00/1.00, addr 1\u003e on usb4\nuhub4: 2 ports with 2 removable, self powered\nhci0: \u003cEHCI (generic) USB 2.0 controller\u003e mem 0xfebff800-0xfebff8ff irq 19 at device 19.5 on pci0\nehci0: [GIANT-LOCKED]\nehci0: [ITHREAD]\nusb5: EHCI version 1.0\nusb5: companion controllers, 2 ports each: usb0 usb1 usb2 usb3 usb4\nusb5: \u003cEHCI (generic) USB 2.0 controller\u003e on ehci0\nusb5: USB revision 2.0\nuhub5: \u003cATI EHCI root hub, class 9/0, rev 2.00/1.00, addr 1\u003e on usb5\nuhub5: 10 ports with 10 removable, self powered\npci0: \u003cserial bus, SMBus\u003e at device 20.0 (no driver attached)\natapci1: \u003cATI IXP600 UDMA133 controller\u003e port 0x1f0-0x1f7,0x3f6,0x170-0x177,0x376,0xff00-0xff0f at device 20.1 on pci0\nata0: \u003cATA channel 0\u003e on atapci1\nata0: [ITHREAD]\npcm0: \u003cATI SB600 High Definition Audio Controller\u003e mem 0xfebf4000-0xfebf7fff irq 16 at device 20.2 on pci0\npcm0: [ITHREAD]\nisab0: \u003cPCI-ISA bridge\u003e at device 20.3 on pci0\nisa0: \u003cISA bus\u003e on isab0\npcib6: \u003cACPI PCI-PCI bridge\u003e at device 20.4 on pci0\npci8: \u003cACPI PCI bus\u003e on pcib6\ncbb0: \u003cRF5C476 PCI-CardBus Bridge\u003e irq 21 at device 1.0 on pci8\ncardbus0: \u003cCardBus bus\u003e on cbb0\npccard0: \u003c16-bit PCCard bus\u003e on cbb0\ncbb0: [ITHREAD]\npci8: \u003cbase peripheral\u003e at device 1.1 (no driver attached)\npci8: \u003cbase peripheral\u003e at device 1.2 (no driver attached)\nrl0: \u003cRealTek 8139 10/100BaseTX\u003e port 0xb800-0xb8ff mem 0xfeaff400-0xfeaff4ff irq 20 at device 7.0 on pci8\nmiibus0: \u003cMII bus\u003e on rl0\nrlphy0: \u003cRealTek internal media interface\u003e PHY 0 on miibus0\nrlphy0:  10baseT, 10baseT-FDX, 100baseTX, 100baseTX-FDX, auto\nrl0: Ethernet address: 00:1e:8c:32:e5:7a\nrl0: [ITHREAD]\nacpi_lid0: \u003cControl Method Lid Switch\u003e on acpi0\nacpi_button0: \u003cPower Button\u003e on acpi0\nacpi_button1: \u003cSleep Button\u003e on acpi0\nacpi_tz0: \u003cThermal Zone\u003e on acpi0\nacpi_acad0: \u003cAC Adapter\u003e on acpi0\nbattery0: \u003cACPI Control Method Battery\u003e on acpi0\natkbdc0: \u003cKeyboard controller (i8042)\u003e port 0x60,0x64 irq 1 on acpi0\natkbd0: \u003cAT Keyboard\u003e irq 1 on atkbdc0\nkbd0 at atkbd0\natkbd0: [GIANT-LOCKED]\natkbd0: [ITHREAD]\npsm0: \u003cPS/2 Mouse\u003e irq 12 on atkbdc0\npsm0: [GIANT-LOCKED]\npsm0: [ITHREAD]\npsm0: model IntelliMouse, device ID 3\npmtimer0 on isa0\norm0: \u003cISA Option ROMs\u003e at iomem 0xc0000-0xccfff,0xcd000-0xcdfff pnpid ORM0000 on isa0\nppc0: parallel port not found.\nsc0: \u003cSystem console\u003e at flags 0x100 on isa0\nsc0: VGA \u003c16 virtual consoles, flags=0x300\u003e\nsio0: configured irq 4 not in bitmap of probed irqs 0\nsio0: port may not be enabled\nsio0: configured irq 4 not in bitmap of probed irqs 0\nsio0: port may not be enabled\nsio0 at port 0x3f8-0x3ff irq 4 flags 0x10 on isa0\nsio0: type 8250 or not responding\nsio0: [FILTER]\nsio1: configured irq 3 not in bitmap of probed irqs 0\nsio1: port may not be enabled\nvga0: \u003cGeneric ISA VGA\u003e at port 0x3c0-0x3df iomem 0xa0000-0xbffff on isa0\nums0: \u003cLogitech USB Optical Mouse, class 0/0, rev 2.00/43.01, addr 2\u003e on uhub2\nums0: 8 buttons and Z dir.\nugen0: \u003cProlific Technology Inc. USB-Serial Controller, class 0/0, rev 1.10/3.00, addr 2\u003e on uhub3\nTimecounters tick every 1.000 msec\nhptrr: no controller detected.\nacd0: DVDR \u003cMATSHITADVD-RAM UJ-860S/1.00\u003e at ata0-slave UDMA33\nad4: 114473MB \u003cSeagate ST9120822AS 3.ALC\u003e at ata2-master UDMA33\npcm0: \u003cHDA Codec: Realtek ALC660\u003e\npcm0: \u003cHDA Driver Revision: 20071129_0050\u003e\nSMP: AP CPU #1 Launched!\nTrying to mount root from ufs:/dev/ad4s4"
}