{
 "id": 608529,
 "bug_id": 156647,
 "attachment_id": 0,
 "creation_time": "2011-04-27T12:42:00Z",
 "creator": "conall@conall.net",
 "text": "Further data for debugging:\n\n\nWhen running the problematic kernel:\n\nFreeBSD galvatron.taku.ie 8.2-STABLE FreeBSD 8.2-STABLE #1: Sat Mar 19\n13:18:46 UTC 2011\nroot@galvatron.taku.ie:/usr/src/obj/usr/src/sys/GALVATRON  amd64\n\nIn the space of 15 minutes, the console is filled with:\n\nad14: WARNING - WRITE_DMA48 requeued due to channel reset LBA=2121430562\nata7: FAILURE - already active DMA on this device\nata7: setting up DMA failed\nad14: WARNING - WRITE_DMA48 requeued due to channel reset LBA=1370002102\nata7: FAILURE - already active DMA on this device\nata7: setting up DMA failed\nad12: WARNING - WRITE_DMA48 requeued due to channel reset LBA=671120529\nata6: FAILURE - already active DMA on this device\nata6: setting up DMA failed\nad12: WARNING - WRITE_DMA48 requeued due to channel reset LBA=1372099339\nata6: FAILURE - already active DMA on this device\nata6: setting up DMA failed\nad12: WARNING - WRITE_DMA48 requeued due to channel reset LBA=1372276943\nata6: FAILURE - already active DMA on this device\nata6: setting up DMA failed\nad14: WARNING - WRITE_DMA48 requeued due to channel reset LBA=1372011246\nata7: FAILURE - already active DMA on this device\nata7: setting up DMA failed\nad14: WARNING - WRITE_DMA48 requeued due to channel reset LBA=1372029146\nata7: FAILURE - already active DMA on this device\nata7: setting up DMA failed\nad14: WARNING - WRITE_DMA48 requeued due to channel reset LBA=1371935274\nata7: FAILURE - already active DMA on this device\nata7: setting up DMA failed\nad14: WARNING - WRITE_DMA48 requeued due to channel reset LBA=2121430116\nata7: FAILURE - already active DMA on this device\nata7: setting up DMA failed\nad12: WARNING - WRITE_DMA48 requeued due to channel reset LBA=671290317\nata6: FAILURE - already active DMA on this device\nata6: setting up DMA failed\nad14: WARNING - WRITE_DMA48 requeued due to channel reset LBA=2121435386\nata7: FAILURE - already active DMA on this device\nata7: setting up DMA failed\nad14: WARNING - WRITE_DMA48 requeued due to channel reset LBA=1371935470\nata7: FAILURE - already active DMA on this device\nata7: setting up DMA failed\nad12: WARNING - WRITE_DMA48 requeued due to channel reset LBA=671117205\nata6: FAILURE - already active DMA on this device\nata6: setting up DMA failed\nad14: WARNING - WRITE_DMA48 requeued due to channel reset LBA=1372029166\nata7: FAILURE - already active DMA on this device\nata7: setting up DMA failed\nad12: WARNING - WRITE_DMA48 requeued due to channel reset LBA=671125985\nata6: FAILURE - already active DMA on this device\nata6: setting up DMA failed\nad14: WARNING - WRITE_DMA48 requeued due to channel reset LBA=671120997\nata7: FAILURE - already active DMA on this device\nata7: setting up DMA failed\nad12: WARNING - WRITE_DMA48 requeued due to channel reset LBA=2121428135\nata6: FAILURE - already active DMA on this device\nata6: setting up DMA failed\n\n\nvmstat -i\ninterrupt                          total       rate\nirq4: uart0                         1712          5\nirq19: uhci1+                       7675         22\nirq21: atapci0                      8720         26\nirq23: uhci0 ehci0                 48854        145\ncpu0: timer                       659490       1968\nirq256: re0                        28812         86\ncpu1: timer                       653744       1951\ncpu2: timer                       651797       1945\ncpu3: timer                       653288       1950\nTotal                            2714092       8101\n\n\ndmesg boot output:\n\nCopyright (c) 1992-2011 The FreeBSD Project.\nCopyright (c) 1979, 1980, 1983, 1986, 1988, 1989, 1991, 1992, 1993, 1994\n        The Regents of the University of California. All rights reserved.\nFreeBSD is a registered trademark of The FreeBSD Foundation.\nFreeBSD 8.2-STABLE #1: Sat Mar 19 13:18:46 UTC 2011\n    root@galvatron.taku.ie:/usr/src/obj/usr/src/sys/GALVATRON amd64\nTimecounter \"i8254\" frequency 1193182 Hz quality 0\nCPU: Intel(R) Atom(TM) CPU D510   @ 1.66GHz (1672.67-MHz K8-class CPU)\n  Origin = \"GenuineIntel\"  Id = 0x106ca  Family = 6  Model = 1c  Stepping = 10\n  Features=0xbfebfbff\u003cFPU,VME,DE,PSE,TSC,MSR,PAE,MCE,CX8,APIC,SEP,MTRR,PGE,MCA,C\nMOV,PAT,PSE36,CLFLUSH,DTS,ACPI,MMX,FXSR,SSE,SSE2,SS,HTT,TM,PBE\u003e\n  Features2=0x40e31d\u003cSSE3,DTES64,MON,DS_CPL,TM2,SSSE3,CX16,xTPR,PDCM,MOVBE\u003e\n  AMD Features=0x20100800\u003cSYSCALL,NX,LM\u003e\n  AMD Features2=0x1\u003cLAHF\u003e\n  TSC: P-state invariant\nreal memory  = 4294967296 (4096 MB)\navail memory = 4090253312 (3900 MB)\nACPI APIC Table: \u003cINTEL  MOPNV10J\u003e\nFreeBSD/SMP: Multiprocessor System Detected: 4 CPUs\nFreeBSD/SMP: 1 package(s) x 2 core(s) x 2 HTT threads\n cpu0 (BSP): APIC ID:  0\n cpu1 (AP/HT): APIC ID:  1\n cpu2 (AP): APIC ID:  2\n cpu3 (AP/HT): APIC ID:  3\nioapic0: Changing APIC ID to 8\nioapic0 \u003cVersion 2.0\u003e irqs 0-23 on motherboard\nlapic0: Forcing LINT1 to edge trigger\nkbd1 at kbdmux0\nacpi0: \u003cINTEL MOPNV10J\u003e on motherboard\nacpi0: [ITHREAD]\nacpi0: Power Button (fixed)\nTimecounter \"ACPI-safe\" frequency 3579545 Hz quality 850\nacpi_timer0: \u003c24-bit timer at 3.579545MHz\u003e port 0x408-0x40b on acpi0\ncpu0: \u003cACPI CPU\u003e on acpi0\ncpu1: \u003cACPI CPU\u003e on acpi0\ncpu2: \u003cACPI CPU\u003e on acpi0\ncpu3: \u003cACPI CPU\u003e on acpi0\nacpi_button0: \u003cSleep Button\u003e on acpi0\npcib0: \u003cACPI Host-PCI bridge\u003e port 0xcf8-0xcff on acpi0\npci0: \u003cACPI PCI bus\u003e on pcib0\nvgapci0: \u003cVGA-compatible display\u003e port 0x30c0-0x30c7 mem 0xe0300000-0xe037ffff,0\nxd0000000-0xdfffffff,0xe0200000-0xe02fffff irq 16 at device 2.0 on pci0\nagp0: \u003cIntel Pineview SVGA controller\u003e on vgapci0\nagp0: detected 8188k stolen memory\nagp0: aperture size is 256M\npcib1: \u003cACPI PCI-PCI bridge\u003e at device 28.0 on pci0\npci1: \u003cACPI PCI bus\u003e on pcib1\nre0: \u003cRealTek 8168/8111 B/C/CP/D/DP/E PCIe Gigabit Ethernet\u003e port 0x2000-0x20ff\nmem 0xe0004000-0xe0004fff,0xe0000000-0xe0003fff irq 16 at device 0.0 on pci1\nre0: Using 1 MSI-X message\nre0: Chip rev. 0x28000000\nre0: MAC rev. 0x00000000\nmiibus0: \u003cMII bus\u003e on re0\nrgephy0: \u003cRTL8169S/8110S/8211B media interface\u003e PHY 1 on miibus0\nrgephy0:  10baseT, 10baseT-FDX, 10baseT-FDX-flow, 100baseTX, 100baseTX-FDX, 100b\naseTX-FDX-flow, 1000baseT, 1000baseT-master, 1000baseT-FDX, 1000baseT-FDX-master\n, 1000baseT-FDX-flow, 1000baseT-FDX-flow-master, auto, auto-flow\nre0: Ethernet address: 70:71:bc:08:8e:3b\nre0: [ITHREAD]\npcib2: \u003cACPI PCI-PCI bridge\u003e at device 28.1 on pci0\npci2: \u003cACPI PCI bus\u003e on pcib2\npcib3: \u003cACPI PCI-PCI bridge\u003e at device 28.2 on pci0\npci3: \u003cACPI PCI bus\u003e on pcib3\npcib4: \u003cACPI PCI-PCI bridge\u003e at device 28.3 on pci0\npci4: \u003cACPI PCI bus\u003e on pcib4\nuhci0: \u003cIntel 82801G (ICH7) USB controller USB-A\u003e port 0x3080-0x309f\nirq 23 at device 29.0 on pci0\nuhci0: [ITHREAD]\nuhci0: LegSup = 0x2f00\nusbus0: \u003cIntel 82801G (ICH7) USB controller USB-A\u003e on uhci0\nuhci1: \u003cIntel 82801G (ICH7) USB controller USB-B\u003e port 0x3060-0x307f\nirq 19 at device 29.1 on pci0\nuhci1: [ITHREAD]\nuhci1: LegSup = 0x2f00\nusbus1: \u003cIntel 82801G (ICH7) USB controller USB-B\u003e on uhci1\nuhci2: \u003cIntel 82801G (ICH7) USB controller USB-C\u003e port 0x3040-0x305f\nirq 18 at device 29.2 on pci0\nuhci2: [ITHREAD]\nuhci2: LegSup = 0x2f00\nusbus2: \u003cIntel 82801G (ICH7) USB controller USB-C\u003e on uhci2\nuhci3: \u003cIntel 82801G (ICH7) USB controller USB-D\u003e port 0x3020-0x303f\nirq 16 at device 29.3 on pci0\nuhci3: [ITHREAD]\nuhci3: LegSup = 0x2f00\nusbus3: \u003cIntel 82801G (ICH7) USB controller USB-D\u003e on uhci3\nehci0: \u003cIntel 82801GB/R (ICH7) USB 2.0 controller\u003e mem\n0xe0380400-0xe03807ff irq 23 at device 29.7 on pci0\nehci0: [ITHREAD]\nusbus4: EHCI version 1.0\nusbus4: \u003cIntel 82801GB/R (ICH7) USB 2.0 controller\u003e on ehci0\npcib5: \u003cACPI PCI-PCI bridge\u003e at device 30.0 on pci0\npci5: \u003cACPI PCI bus\u003e on pcib5\natapci0: \u003cSiI 3124 SATA300 controller\u003e port 0x1000-0x100f mem\n0xe0108000-0xe010807f,0xe0100000-0xe0107fff irq 21 at device 0.0 on\npci5\natapci0: [ITHREAD]\nata2: \u003cATA channel 0\u003e on atapci0\nata2: [ITHREAD]\nata3: \u003cATA channel 1\u003e on atapci0\nata3: [ITHREAD]\nata4: \u003cATA channel 2\u003e on atapci0\nata4: [ITHREAD]\nata5: \u003cATA channel 3\u003e on atapci0\nata5: [ITHREAD]\nisab0: \u003cPCI-ISA bridge\u003e at device 31.0 on pci0\nisa0: \u003cISA bus\u003e on isab0\natapci1: \u003cIntel ICH7 SATA300 controller\u003e port\n0x30b8-0x30bf,0x30cc-0x30cf,0x30b0-0x30b7,0x30c8-0x30cb,0x30a0-0x30af\nmem 0xe0380000-0xe03803ff irq 19 at device 31.2 on pci0\natapci1: [ITHREAD]\nata6: \u003cATA channel 0\u003e on atapci1\nata6: [ITHREAD]\nata7: \u003cATA channel 1\u003e on atapci1\nata7: [ITHREAD]\npci0: \u003cserial bus, SMBus\u003e at device 31.3 (no driver attached)\nacpi_hpet0: \u003cHigh Precision Event Timer\u003e iomem 0xfed00000-0xfed03fff on acpi0\nTimecounter \"HPET\" frequency 14318180 Hz quality 900\natrtc0: \u003cAT realtime clock\u003e port 0x70-0x71,0x74-0x77 irq 8 on acpi0\nuart1: \u003c16550 or compatible\u003e port 0x2f8-0x2ff irq 3 on acpi0\nuart1: [FILTER]\nuart0: \u003c16550 or compatible\u003e port 0x3f8-0x3ff irq 4 flags 0x10 on acpi0\nuart0: [FILTER]\nuart0: console (9600,n,8,1)\norm0: \u003cISA Option ROMs\u003e at iomem 0xce000-0xce7ff,0xce800-0xd2fff on isa0\nsc0: \u003cSystem console\u003e at flags 0x100 on isa0\nsc0: VGA \u003c16 virtual consoles, flags=0x300\u003e\nvga0: \u003cGeneric ISA VGA\u003e at port 0x3c0-0x3df iomem 0xa0000-0xbffff on isa0\natkbdc0: \u003cKeyboard controller (i8042)\u003e at port 0x60,0x64 on isa0\natkbd0: \u003cAT Keyboard\u003e irq 1 on atkbdc0\nkbd0 at atkbd0\natkbd0: [GIANT-LOCKED]\natkbd0: [ITHREAD]\nppc0: cannot reserve I/O port range\np4tcc0: \u003cCPU Frequency Thermal Control\u003e on cpu0\np4tcc1: \u003cCPU Frequency Thermal Control\u003e on cpu1\np4tcc2: \u003cCPU Frequency Thermal Control\u003e on cpu2\np4tcc3: \u003cCPU Frequency Thermal Control\u003e on cpu3\nZFS filesystem version 4\nZFS storage pool version 15\nRTC BIOS diagnostic error 80\u003cclock_battery\u003e\nTimecounters tick every 1.000 msec\nusbus0: 12Mbps Full Speed USB v1.0\nusbus1: 12Mbps Full Speed USB v1.0\nusbus2: 12Mbps Full Speed USB v1.0\nusbus3: 12Mbps Full Speed USB v1.0\nusbus4: 480Mbps High Speed USB v2.0\nad6: 1907729MB \u003cWDC WD20EARS-00J2GB0 80.00A80\u003e at ata3-master UDMA100 SATA 3Gb/s\nugen0.1: \u003cIntel\u003e at usbus0\nuhub0: \u003cIntel UHCI root HUB, class 9/0, rev 1.00/1.00, addr 1\u003e on usbus0\nugen1.1: \u003cIntel\u003e at usbus1\nuhub1: \u003cIntel UHCI root HUB, class 9/0, rev 1.00/1.00, addr 1\u003e on usbus1\nugen2.1: \u003cIntel\u003e at usbus2\nuhub2: \u003cIntel UHCI root HUB, class 9/0, rev 1.00/1.00, addr 1\u003e on usbus2\nugen3.1: \u003cIntel\u003e at usbus3\nuhub3: \u003cIntel UHCI root HUB, class 9/0, rev 1.00/1.00, addr 1\u003e on usbus3\nugen4.1: \u003cIntel\u003e at usbus4\nuhub4: \u003cIntel EHCI root HUB, class 9/0, rev 2.00/1.00, addr 1\u003e on usbus4\nad8: 1907729MB \u003cWDC WD20EARS-00J2GB0 80.00A80\u003e at ata4-master UDMA100 SATA 3Gb/s\nuhub0: 2 ports with 2 removable, self powered\nuhub1: 2 ports with 2 removable, self powereduhub2: 2 ports with 2\nremovable, self powered\nuhub3: 2 ports with 2 removable, self powered\nad10: 1907729MB \u003cWDC WD20EARS-00J2GB0 80.00A80\u003e at ata5-master UDMA100\nSATA 3Gb/s\nad12: 1907729MB \u003cWDC WD20EARS-00J2GB0 80.00A80\u003e at ata6-master UDMA100\nSATA 3Gb/s\nad14: 1907729MB \u003cWDC WD20EARS-00J2GB0 80.00A80\u003e at ata7-master UDMA100\nSATA 3Gb/s\nuhub4: 8 ports with 8 removable, self powered\nlapic1: Forcing LINT1 to edge trigger\nSMP: AP CPU #1 Launched!\nlapic2: Forcing LINT1 to edge trigger\nSMP: AP CPU #2 Launched!\nlapic3: Forcing LINT1 to edge trigger\nSMP: AP CPU #3 Launched!\nRoot mount waiting for: usbus4\nugen0.2: \u003cDell\u003e at usbus0\nRoot mount waiting for: usbus4\nukbd0: \u003cDell Dell USB Keyboard, class 0/0, rev 1.10/3.06, addr 2\u003e on usbus0\nkbd2 at ukbd0\nugen4.2: \u003cSanDisk\u003e at usbus4\numass0: \u003cSanDisk Cruzer Blade, class 0/0, rev 2.00/1.00, addr 2\u003e on usbus4\numass0:  SCSI over Bulk-Only; quirks = 0x0000\nugen0.3: \u003cDLP Design\u003e at usbus0\nuftdi0: \u003cDLP-TEMP\u003e on usbus0\nRoot mount waiting for: usbus4\numass0:0:0:-1: Attached to scbus0\nTrying to mount root from ufs:/dev/da0s1a\nda0 at umass-sim0 bus 0 scbus0 target 0 lun 0\nda0: 40.000MB/s transfers\nda0: 15267MB (31266816 512 byte sectors: 255H 63S/T 1946C)\nTrying to mount root from ufs:/dev/da0s1a\n\n\n\natacontrol cap ad12\nProtocol              SATA revision 2.x\ndevice model          WDC WD20EARS-00J2GB0\nserial number         WD-WCXXX0123456\nfirmware revision     80.00A80\ncylinders             16383\nheads                 16\nsectors/track         63\nlba supported         268435455 sectors\nlba48 supported       3907029168 sectors\ndma supported\noverlap not supported\n\nFeature                      Support  Enable    Value           Vendor\nwrite cache                    yes\tyes\nread ahead                     yes\tyes\nNative Command Queuing (NCQ)   yes\t -\t31/0x1F\nTagged Command Queuing (TCQ)   no\tno\t31/0x1F\nSMART                          yes\tyes\nmicrocode download             yes\tyes\nsecurity                       yes\tno\npower management               yes\tyes\nadvanced power management      no\tno\t0/0x00\nautomatic acoustic management  yes\tno\t254/0xFE\t128/0x80\n\natacontrol cap ad14\nProtocol              SATA revision 2.x\ndevice model          WDC WD20EARS-00J2GB0\nserial number         WD-WCXXX0987654\nfirmware revision     80.00A80\ncylinders             16383\nheads                 16\nsectors/track         63\nlba supported         268435455 sectors\nlba48 supported       3907029168 sectors\ndma supported\noverlap not supported\n\nFeature                      Support  Enable    Value           Vendor\nwrite cache                    yes\tyes\nread ahead                     yes\tyes\nNative Command Queuing (NCQ)   yes\t -\t31/0x1F\nTagged Command Queuing (TCQ)   no\tno\t31/0x1F\nSMART                          yes\tyes\nmicrocode download             yes\tyes\nsecurity                       yes\tno\npower management               yes\tyes\nadvanced power management      no\tno\t0/0x00\nautomatic acoustic management  yes\tno\t254/0xFE\t128/0x80\n\n\nsmartctl -a /dev/ad12\nsmartctl 5.40 2010-10-16 r3189 [FreeBSD 8.2-STABLE amd64] (local build)\nCopyright (C) 2002-10 by Bruce Allen, http://smartmontools.sourceforge.net\n\n=== START OF INFORMATION SECTION ===\nModel Family:     Western Digital Caviar Green (Adv. Format) family\nDevice Model:     WDC WD20EARS-00J2GB0\nSerial Number:    WD-WCXXX0123456\nFirmware Version: 80.00A80\nUser Capacity:    2,000,398,934,016 bytes\nDevice is:        In smartctl database [for details use: -P show]\nATA Version is:   8\nATA Standard is:  Exact ATA specification draft version not indicated\nLocal Time is:    Wed Apr 27 12:22:23 2011 IST\nSMART support is: Available - device has SMART capability.\nSMART support is: Enabled\n\n=== START OF READ SMART DATA SECTION ===\nSMART overall-health self-assessment test result: PASSED\n\nGeneral SMART Values:\nOffline data collection status:  (0x84)\tOffline data collection activity\n\t\t\t\t\twas suspended by an interrupting command from host.\n\t\t\t\t\tAuto Offline Data Collection: Enabled.\nSelf-test execution status:      (   0)\tThe previous self-test routine completed\n\t\t\t\t\twithout error or no self-test has ever\n\t\t\t\t\tbeen run.\nTotal time to complete Offline\ndata collection: \t\t (39600) seconds.\nOffline data collection\ncapabilities: \t\t\t (0x7b) SMART execute Offline immediate.\n\t\t\t\t\tAuto Offline data collection on/off support.\n\t\t\t\t\tSuspend Offline collection upon new\n\t\t\t\t\tcommand.\n\t\t\t\t\tOffline surface scan supported.\n\t\t\t\t\tSelf-test supported.\n\t\t\t\t\tConveyance Self-test supported.\n\t\t\t\t\tSelective Self-test supported.\nSMART capabilities:            (0x0003)\tSaves SMART data before entering\n\t\t\t\t\tpower-saving mode.\n\t\t\t\t\tSupports SMART auto save timer.\nError logging capability:        (0x01)\tError logging supported.\n\t\t\t\t\tGeneral Purpose Logging supported.\nShort self-test routine\nrecommended polling time: \t (   2) minutes.\nExtended self-test routine\nrecommended polling time: \t ( 255) minutes.\nConveyance self-test routine\nrecommended polling time: \t (   5) minutes.\nSCT capabilities: \t       (0x3031)\tSCT Status supported.\n\t\t\t\t\tSCT Feature Control supported.\n\t\t\t\t\tSCT Data Table supported.\n\nSMART Attributes Data Structure revision number: 16\nVendor Specific SMART Attributes with Thresholds:\nID# ATTRIBUTE_NAME          FLAG     VALUE WORST THRESH TYPE\nUPDATED  WHEN_FAILED RAW_VALUE\n  1 Raw_Read_Error_Rate     0x002f   200   200   051    Pre-fail\nAlways       -       0\n  3 Spin_Up_Time            0x0027   213   167   021    Pre-fail\nAlways       -       6350\n  4 Start_Stop_Count        0x0032   100   100   000    Old_age\nAlways       -       127\n  5 Reallocated_Sector_Ct   0x0033   200   200   140    Pre-fail\nAlways       -       0\n  7 Seek_Error_Rate         0x002e   200   200   000    Old_age\nAlways       -       0\n  9 Power_On_Hours          0x0032   092   092   000    Old_age\nAlways       -       6014\n 10 Spin_Retry_Count        0x0032   100   100   000    Old_age\nAlways       -       0\n 11 Calibration_Retry_Count 0x0032   100   100   000    Old_age\nAlways       -       0\n 12 Power_Cycle_Count       0x0032   100   100   000    Old_age\nAlways       -       126\n192 Power-Off_Retract_Count 0x0032   200   200   000    Old_age\nAlways       -       125\n193 Load_Cycle_Count        0x0032   102   102   000    Old_age\nAlways       -       295908\n194 Temperature_Celsius     0x0022   108   102   000    Old_age\nAlways       -       44\n196 Reallocated_Event_Count 0x0032   200   200   000    Old_age\nAlways       -       0\n197 Current_Pending_Sector  0x0032   200   200   000    Old_age\nAlways       -       0\n198 Offline_Uncorrectable   0x0030   200   200   000    Old_age\nOffline      -       0\n199 UDMA_CRC_Error_Count    0x0032   200   200   000    Old_age\nAlways       -       0\n200 Multi_Zone_Error_Rate   0x0008   200   200   000    Old_age\nOffline      -       0\n\nSMART Error Log Version: 1\nNo Errors Logged\n\nSMART Self-test log structure revision number 1\nNo self-tests have been logged.  [To run self-tests, use: smartctl -t]\n\n\nSMART Selective self-test log data structure revision number 1\n SPAN  MIN_LBA  MAX_LBA  CURRENT_TEST_STATUS\n    1        0        0  Not_testing\n    2        0        0  Not_testing\n    3        0        0  Not_testing\n    4        0        0  Not_testing\n    5        0        0  Not_testing\nSelective self-test flags (0x0):\n  After scanning selected spans, do NOT read-scan remainder of disk.\nIf Selective self-test is pending on power-up, resume after 0 minute delay.\n\n\nsmartctl -a /dev/ad14\nsmartctl 5.40 2010-10-16 r3189 [FreeBSD 8.2-STABLE amd64] (local build)\nCopyright (C) 2002-10 by Bruce Allen, http://smartmontools.sourceforge.net\n\n=== START OF INFORMATION SECTION ===\nModel Family:     Western Digital Caviar Green (Adv. Format) family\nDevice Model:     WDC WD20EARS-00J2GB0\nSerial Number:    WD-WCXXX0987654\nFirmware Version: 80.00A80\nUser Capacity:    2,000,398,934,016 bytes\nDevice is:        In smartctl database [for details use: -P show]\nATA Version is:   8\nATA Standard is:  Exact ATA specification draft version not indicated\nLocal Time is:    Wed Apr 27 12:23:33 2011 IST\nSMART support is: Available - device has SMART capability.\nSMART support is: Enabled\n\n=== START OF READ SMART DATA SECTION ===\nSMART overall-health self-assessment test result: PASSED\n\nGeneral SMART Values:\nOffline data collection status:  (0x84)\tOffline data collection activity\n\t\t\t\t\twas suspended by an interrupting command from host.\n\t\t\t\t\tAuto Offline Data Collection: Enabled.\nSelf-test execution status:      (   0)\tThe previous self-test routine completed\n\t\t\t\t\twithout error or no self-test has ever\n\t\t\t\t\tbeen run.\nTotal time to complete Offline\ndata collection: \t\t (37200) seconds.\nOffline data collection\ncapabilities: \t\t\t (0x7b) SMART execute Offline immediate.\n\t\t\t\t\tAuto Offline data collection on/off support.\n\t\t\t\t\tSuspend Offline collection upon new\n\t\t\t\t\tcommand.\n\t\t\t\t\tOffline surface scan supported.\n\t\t\t\t\tSelf-test supported.\n\t\t\t\t\tConveyance Self-test supported.\n\t\t\t\t\tSelective Self-test supported.\nSMART capabilities:            (0x0003)\tSaves SMART data before entering\n\t\t\t\t\tpower-saving mode.\n\t\t\t\t\tSupports SMART auto save timer.\nError logging capability:        (0x01)\tError logging supported.\n\t\t\t\t\tGeneral Purpose Logging supported.\nShort self-test routine\nrecommended polling time: \t (   2) minutes.\nExtended self-test routine\nrecommended polling time: \t ( 255) minutes.\nConveyance self-test routine\nrecommended polling time: \t (   5) minutes.\nSCT capabilities: \t       (0x3031)\tSCT Status supported.\n\t\t\t\t\tSCT Feature Control supported.\n\t\t\t\t\tSCT Data Table supported.\n\nSMART Attributes Data Structure revision number: 16\nVendor Specific SMART Attributes with Thresholds:\nID# ATTRIBUTE_NAME          FLAG     VALUE WORST THRESH TYPE\nUPDATED  WHEN_FAILED RAW_VALUE\n  1 Raw_Read_Error_Rate     0x002f   200   200   051    Pre-fail\nAlways       -       0\n  3 Spin_Up_Time            0x0027   214   168   021    Pre-fail\nAlways       -       6300\n  4 Start_Stop_Count        0x0032   100   100   000    Old_age\nAlways       -       122\n  5 Reallocated_Sector_Ct   0x0033   200   200   140    Pre-fail\nAlways       -       0\n  7 Seek_Error_Rate         0x002e   200   200   000    Old_age\nAlways       -       0\n  9 Power_On_Hours          0x0032   092   092   000    Old_age\nAlways       -       5919\n 10 Spin_Retry_Count        0x0032   100   100   000    Old_age\nAlways       -       0\n 11 Calibration_Retry_Count 0x0032   100   100   000    Old_age\nAlways       -       0\n 12 Power_Cycle_Count       0x0032   100   100   000    Old_age\nAlways       -       120\n192 Power-Off_Retract_Count 0x0032   200   200   000    Old_age\nAlways       -       119\n193 Load_Cycle_Count        0x0032   102   102   000    Old_age\nAlways       -       295290\n194 Temperature_Celsius     0x0022   109   101   000    Old_age\nAlways       -       43\n196 Reallocated_Event_Count 0x0032   200   200   000    Old_age\nAlways       -       0\n197 Current_Pending_Sector  0x0032   200   200   000    Old_age\nAlways       -       0\n198 Offline_Uncorrectable   0x0030   200   200   000    Old_age\nOffline      -       0\n199 UDMA_CRC_Error_Count    0x0032   200   200   000    Old_age\nAlways       -       0\n200 Multi_Zone_Error_Rate   0x0008   200   200   000    Old_age\nOffline      -       0\n\nSMART Error Log Version: 1\nNo Errors Logged\n\nSMART Self-test log structure revision number 1\nNo self-tests have been logged.  [To run self-tests, use: smartctl -t]\n\n\nSMART Selective self-test log data structure revision number 1\n SPAN  MIN_LBA  MAX_LBA  CURRENT_TEST_STATUS\n    1        0        0  Not_testing\n    2        0        0  Not_testing\n    3        0        0  Not_testing\n    4        0        0  Not_testing\n    5        0        0  Not_testing\nSelective self-test flags (0x0):\n  After scanning selected spans, do NOT read-scan remainder of disk.\nIf Selective self-test is pending on power-up, resume after 0 minute delay.\n\n\n\nWhen running the previous, non problematic kernel:\n\nFreeBSD galvatron.taku.ie 8.2-PRERELEASE FreeBSD 8.2-PRERELEASE #0:\nWed Dec 29 04:00:27 UTC 2010\nroot@galvatron.taku.ie:/usr/src/obj/usr/src/sys/GALVATRON  amd64\n\n\nFull dmesg on boot:\n\nCopyright (c) 1992-2010 The FreeBSD Project.\nCopyright (c) 1979, 1980, 1983, 1986, 1988, 1989, 1991, 1992, 1993, 1994\n\tThe Regents of the University of California. All rights reserved.\nFreeBSD is a registered trademark of The FreeBSD Foundation.\nFreeBSD 8.2-PRERELEASE #0: Wed Dec 29 04:00:27 UTC 2010\n    root@galvatron.taku.ie:/usr/src/obj/usr/src/sys/GALVATRON amd64\nTimecounter \"i8254\" frequency 1193182 Hz quality 0\nCPU: Intel(R) Atom(TM) CPU D510   @ 1.66GHz (1672.67-MHz K8-class CPU)\n  Origin = \"GenuineIntel\"  Id = 0x106ca  Family = 6  Model = 1c  Stepping = 10\n  Features=0xbfebfbff\u003cFPU,VME,DE,PSE,TSC,MSR,PAE,MCE,CX8,APIC,SEP,MTRR,PGE,MCA,CMOV,PAT,PSE36,CLFLUSH,DTS,ACPI,MMX,FXSR,SSE,SSE2,SS,HTT,TM,PBE\u003e\n  Features2=0x40e31d\u003cSSE3,DTES64,MON,DS_CPL,TM2,SSSE3,CX16,xTPR,PDCM,MOVBE\u003e\n  AMD Features=0x20100800\u003cSYSCALL,NX,LM\u003e\n  AMD Features2=0x1\u003cLAHF\u003e\n  TSC: P-state invariant\nreal memory  = 4294967296 (4096 MB)\navail memory = 4090281984 (3900 MB)\nACPI APIC Table: \u003cINTEL  MOPNV10J\u003e\nFreeBSD/SMP: Multiprocessor System Detected: 4 CPUs\nFreeBSD/SMP: 1 package(s) x 2 core(s) x 2 HTT threads\n cpu0 (BSP): APIC ID:  0\n cpu1 (AP/HT): APIC ID:  1\n cpu2 (AP): APIC ID:  2\n cpu3 (AP/HT): APIC ID:  3\nioapic0: Changing APIC ID to 8\nioapic0 \u003cVersion 2.0\u003e irqs 0-23 on motherboard\nlapic0: Forcing LINT1 to edge trigger\nkbd1 at kbdmux0\nacpi0: \u003cINTEL MOPNV10J\u003e on motherboard\nacpi0: [ITHREAD]\nacpi0: Power Button (fixed)\nTimecounter \"ACPI-safe\" frequency 3579545 Hz quality 850\nacpi_timer0: \u003c24-bit timer at 3.579545MHz\u003e port 0x408-0x40b on acpi0\ncpu0: \u003cACPI CPU\u003e on acpi0\ncpu1: \u003cACPI CPU\u003e on acpi0\ncpu2: \u003cACPI CPU\u003e on acpi0\ncpu3: \u003cACPI CPU\u003e on acpi0\nacpi_button0: \u003cSleep Button\u003e on acpi0\npcib0: \u003cACPI Host-PCI bridge\u003e port 0xcf8-0xcff on acpi0\npci0: \u003cACPI PCI bus\u003e on pcib0\nvgapci0: \u003cVGA-compatible display\u003e port 0x30c0-0x30c7 mem\n0xe0300000-0xe037ffff,0xd0000000-0xdfffffff,0xe0200000-0xe02fffff irq\n16 at device 2.0 on pci0\nagp0: \u003cIntel Pineview SVGA controller\u003e on vgapci0\nagp0: detected 8188k stolen memory\nagp0: aperture size is 256M\npcib1: \u003cACPI PCI-PCI bridge\u003e at device 28.0 on pci0\npci1: \u003cACPI PCI bus\u003e on pcib1\nre0: \u003cRealTek 8168/8111 B/C/CP/D/DP/E PCIe Gigabit Ethernet\u003e port\n0x2000-0x20ff mem 0xe0004000-0xe0004fff,0xe0000000-0xe0003fff irq 16\nat device 0.0 on pci1\nre0: Using 1 MSI messages\nre0: Chip rev. 0x28000000\nre0: MAC rev. 0x00000000\nmiibus0: \u003cMII bus\u003e on re0\nrgephy0: \u003cRTL8169S/8110S/8211B media interface\u003e PHY 1 on miibus0\nrgephy0:  10baseT, 10baseT-FDX, 10baseT-FDX-flow, 100baseTX,\n100baseTX-FDX, 100baseTX-FDX-flow, 1000baseT, 1000baseT-master,\n1000baseT-FDX, 1000baseT-FDX-master, 1000baseT-FDX-flow,\n1000baseT-FDX-flow-master, auto, auto-flow\nre0: Ethernet address: 70:71:bc:08:8e:3b\nre0: [FILTER]\npcib2: \u003cACPI PCI-PCI bridge\u003e at device 28.1 on pci0\npci2: \u003cACPI PCI bus\u003e on pcib2\npcib3: \u003cACPI PCI-PCI bridge\u003e at device 28.2 on pci0\npci3: \u003cACPI PCI bus\u003e on pcib3\npcib4: \u003cACPI PCI-PCI bridge\u003e at device 28.3 on pci0\npci4: \u003cACPI PCI bus\u003e on pcib4\nuhci0: \u003cIntel 82801G (ICH7) USB controller USB-A\u003e port 0x3080-0x309f\nirq 23 at device 29.0 on pci0\nuhci0: [ITHREAD]\nuhci0: LegSup = 0x2f00\nusbus0: \u003cIntel 82801G (ICH7) USB controller USB-A\u003e on uhci0\nuhci1: \u003cIntel 82801G (ICH7) USB controller USB-B\u003e port 0x3060-0x307f\nirq 19 at device 29.1 on pci0\nuhci1: [ITHREAD]\nuhci1: LegSup = 0x2f00\nusbus1: \u003cIntel 82801G (ICH7) USB controller USB-B\u003e on uhci1\nuhci2: \u003cIntel 82801G (ICH7) USB controller USB-C\u003e port 0x3040-0x305f\nirq 18 at device 29.2 on pci0\nuhci2: [ITHREAD]\nuhci2: LegSup = 0x2f00\nusbus2: \u003cIntel 82801G (ICH7) USB controller USB-C\u003e on uhci2\nuhci3: \u003cIntel 82801G (ICH7) USB controller USB-D\u003e port 0x3020-0x303f\nirq 16 at device 29.3 on pci0\nuhci3: [ITHREAD]\nuhci3: LegSup = 0x2f00\nusbus3: \u003cIntel 82801G (ICH7) USB controller USB-D\u003e on uhci3\nehci0: \u003cIntel 82801GB/R (ICH7) USB 2.0 controller\u003e mem\n0xe0380400-0xe03807ff irq 23 at device 29.7 on pci0\nehci0: [ITHREAD]\nusbus4: EHCI version 1.0\nusbus4: \u003cIntel 82801GB/R (ICH7) USB 2.0 controller\u003e on ehci0\npcib5: \u003cACPI PCI-PCI bridge\u003e at device 30.0 on pci0\npci5: \u003cACPI PCI bus\u003e on pcib5\natapci0: \u003cSiI 3124 SATA300 controller\u003e port 0x1000-0x100f mem\n0xe0108000-0xe010807f,0xe0100000-0xe0107fff irq 21 at device 0.0 on\npci5\natapci0: [ITHREAD]\nata2: \u003cATA channel 0\u003e on atapci0\nata2: [ITHREAD]\nata3: \u003cATA channel 1\u003e on atapci0\nata3: [ITHREAD]\nata4: \u003cATA channel 2\u003e on atapci0\nata4: [ITHREAD]\nata5: \u003cATA channel 3\u003e on atapci0\nata5: [ITHREAD]\nisab0: \u003cPCI-ISA bridge\u003e at device 31.0 on pci0\nisa0: \u003cISA bus\u003e on isab0\natapci1: \u003cIntel ICH7 SATA300 controller\u003e port\n0x30b8-0x30bf,0x30cc-0x30cf,0x30b0-0x30b7,0x30c8-0x30cb,0x30a0-0x30af\nmem 0xe0380000-0xe03803ff irq 19 at device 31.2 on pci0\natapci1: [ITHREAD]\nata6: \u003cATA channel 0\u003e on atapci1\nata6: [ITHREAD]\nata7: \u003cATA channel 1\u003e on atapci1\nata7: [ITHREAD]\npci0: \u003cserial bus, SMBus\u003e at device 31.3 (no driver attached)\nacpi_hpet0: \u003cHigh Precision Event Timer\u003e iomem 0xfed00000-0xfed03fff on acpi0\nTimecounter \"HPET\" frequency 14318180 Hz quality 900\natrtc0: \u003cAT realtime clock\u003e port 0x70-0x71,0x74-0x77 irq 8 on acpi0\nuart1: \u003c16550 or compatible\u003e port 0x2f8-0x2ff irq 3 on acpi0\nuart1: [FILTER]\nuart0: \u003c16550 or compatible\u003e port 0x3f8-0x3ff irq 4 flags 0x10 on acpi0\nuart0: [FILTER]\nuart0: console (9600,n,8,1)\norm0: \u003cISA Option ROMs\u003e at iomem 0xce000-0xce7ff,0xce800-0xd2fff on isa0\nsc0: \u003cSystem console\u003e at flags 0x100 on isa0\nsc0: VGA \u003c16 virtual consoles, flags=0x300\u003e\nvga0: \u003cGeneric ISA VGA\u003e at port 0x3c0-0x3df iomem 0xa0000-0xbffff on isa0\natkbdc0: \u003cKeyboard controller (i8042)\u003e at port 0x60,0x64 on isa0\natkbd0: \u003cAT Keyboard\u003e irq 1 on atkbdc0\nkbd0 at atkbd0\natkbd0: [GIANT-LOCKED]\natkbd0: [ITHREAD]\nppc0: cannot reserve I/O port range\np4tcc0: \u003cCPU Frequency Thermal Control\u003e on cpu0\np4tcc1: \u003cCPU Frequency Thermal Control\u003e on cpu1\np4tcc2: \u003cCPU Frequency Thermal Control\u003e on cpu2\np4tcc3: \u003cCPU Frequency Thermal Control\u003e on cpu3\nZFS filesystem version 4\nZFS storage pool version 15\nRTC BIOS diagnostic error 80\u003cclock_battery\u003e\nTimecounters tick every 1.000 msec\nusbus0: 12Mbps Full Speed USB v1.0\nusbus1: 12Mbps Full Speed USB v1.0\nusbus2: 12Mbps Full Speed USB v1.0\nusbus3: 12Mbps Full Speed USB v1.0\nusbus4: 480Mbps High Speed USB v2.0\nad6: 1907729MB \u003cWDC WD20EARS-00J2GB0 80.00A80\u003e at ata3-master UDMA100 SATA 3Gb/s\nugen0.1: \u003cIntel\u003e at usbus0\nuhub0: \u003cIntel UHCI root HUB, class 9/0, rev 1.00/1.00, addr 1\u003e on usbus0\nugen1.1: \u003cIntel\u003e at usbus1\nuhub1: \u003cIntel UHCI root HUB, class 9/0, rev 1.00/1.00, addr 1\u003e on usbus1\nugen2.1: \u003cIntel\u003e at usbus2\nuhub2: \u003cIntel UHCI root HUB, class 9/0, rev 1.00/1.00, addr 1\u003e on usbus2\nugen3.1: \u003cIntel\u003e at usbus3\nuhub3: \u003cIntel UHCI root HUB, class 9/0, rev 1.00/1.00, addr 1\u003e on usbus3\nugen4.1: \u003cIntel\u003e at usbus4\nuhub4: \u003cIntel EHCI root HUB, class 9/0, rev 2.00/1.00, addr 1\u003e on usbus4\nad8: 1907729MB \u003cWDC WD20EARS-00J2GB0 80.00A80\u003e at ata4-master UDMA100 SATA 3Gb/s\nuhub0: 2 ports with 2 removable, self powered\nuhub1: 2 ports with 2 removable, self powered\nuhub2: 2 ports with 2 removable, self powered\nuhub3: 2 ports with 2 removable, self powered\nad10: 1907729MB \u003cWDC WD20EARS-00J2GB0 80.00A80\u003e at ata5-master UDMA100\nSATA 3Gb/s\nad12: 1907729MB \u003cWDC WD20EARS-00J2GB0 80.00A80\u003e at ata6-master UDMA100 SATA\nad14: 1907729MB \u003cWDC WD20EARS-00J2GB0 80.00A80\u003e at ata7-master UDMA100 SATA\nlapic1: Forcing LINT1 to edge trigger\nSMP: AP CPU #1 Launched!\nlapic2: Forcing LINT1 to edge trigger\nSMP: AP CPU #2 Launched!\nlapic3: Forcing LINT1 to edge trigger\nSMP: AP CPU #3 Launched!\nRoot mount waiting for: usbus4\nRoot mount waiting for: usbus4\nuhub4: 8 ports with 8 removable, self powered\nRoot mount waiting for: usbus4\nugen0.2: \u003cDell\u003e at usbus0\nukbd0: \u003cDell Dell USB Keyboard, class 0/0, rev 1.10/3.06, addr 2\u003e on usbus0\nugen4.2: \u003cSanDisk\u003e at usbus4\numass0: \u003cSanDisk Cruzer Blade, class 0/0, rev 2.00/1.00, addr 2\u003e on usbus4\numass0:  SCSI over Bulk-Only; quirks = 0x0000\nkbd2 at ukbd0\nRoot mount waiting for: usbus4\nRoot mount waiting for: usbus4\nuhub4: 8 ports with 8 removable, self powered\nRoot mount waiting for: usbus4\nugen0.2: \u003cDell\u003e at usbus0\nukbd0: \u003cDell Dell USB Keyboard, class 0/0, rev 1.10/3.06, addr 2\u003e on usbus0\nugen4.2: \u003cSanDisk\u003e at usbus4\numass0: \u003cSanDisk Cruzer Blade, class 0/0, rev 2.00/1.00, addr 2\u003e on usbus4\numass0:  SCSI over Bulk-Only; quirks = 0x0000\nkbd2 at ukbd0\nRoot mount waiting for: usbus4\nugen0.3: \u003cDLP Design\u003e at usbus0umass0:0:0:-1: Attached to scbus0da0 at\numass-sim0 bus 0 scbus0 target 0 lun 0\nda0:  \u003cSanDisk Cruzer Blade 1.03\u003e Removable Direct Access SCSI-2 device uftdi0:\nda0: 40.000MB/s transfers\u003cDLP-TEMP\u003e on usbus0\nda0: 15267MB (31266816 512 byte sectors: 255H 63S/T 1946C)\nTrying to mount root from ufs:/dev/da0s1a\n\n\nvmstat -i\n\ninterrupt                          total       rate\nirq4: uart0                         2064          4\nirq19: uhci1+                      10722         23\nirq21: atapci0                     14950         32\nirq23: uhci0 ehci0                 50308        110\ncpu0: timer                       900289       1978\nirq256: re0                        32501         71\ncpu1: timer                       895575       1968\ncpu2: timer                       896084       1969\ncpu3: timer                       896304       1969\nTotal                            3698797       8129\n\n\natacontrol cap ad12\n\nProtocol              SATA revision 2.x\ndevice model          WDC WD20EARS-00J2GB0\nserial number         WD-WCXXX0123456\nfirmware revision     80.00A80\ncylinders             16383\nheads                 16\nsectors/track         63\nlba supported         268435455 sectors\nlba48 supported       3907029168 sectors\ndma supported\noverlap not supported\n\nFeature                      Support  Enable    Value           Vendor\nwrite cache                    yes\tyes\nread ahead                     yes\tyes\nNative Command Queuing (NCQ)   yes\t -\t31/0x1F\nTagged Command Queuing (TCQ)   no\tno\t31/0x1F\nSMART                          yes\tyes\nmicrocode download             yes\tyes\nsecurity                       yes\tno\npower management               yes\tyes\nadvanced power management      no\tno\t0/0x00\nautomatic acoustic management  yes\tno\t254/0xFE\t128/0x80\n\n\natacontrol cap ad14\n\nProtocol              SATA revision 2.x\ndevice model          WDC WD20EARS-00J2GB0\nserial number         WD-WCXXX0987654\nfirmware revision     80.00A80\ncylinders             16383\nheads                 16\nsectors/track         63\nlba supported         268435455 sectors\nlba48 supported       3907029168 sectors\ndma supported\noverlap not supported\n\nFeature                      Support  Enable    Value           Vendor\nwrite cache                    yes\tyes\nread ahead                     yes\tyes\nNative Command Queuing (NCQ)   yes\t -\t31/0x1F\nTagged Command Queuing (TCQ)   no\tno\t31/0x1F\nSMART                          yes\tyes\nmicrocode download             yes\tyes\nsecurity                       yes\tno\npower management               yes\tyes\nadvanced power management      no\tno\t0/0x00\nautomatic acoustic management  yes\tno\t254/0xFE\t128/0x80\n\n\nsmartctl -a /dev/ad12\nsmartctl 5.40 2010-10-16 r3189 [FreeBSD 8.2-PRERELEASE amd64] (local build)\nCopyright (C) 2002-10 by Bruce Allen, http://smartmontools.sourceforge.net\n\n=== START OF INFORMATION SECTION ===\nModel Family:     Western Digital Caviar Green (Adv. Format) family\nDevice Model:     WDC WD20EARS-00J2GB0\nSerial Number:    WD-WCXXX0123456\nFirmware Version: 80.00A80\nUser Capacity:    2,000,398,934,016 bytes\nDevice is:        In smartctl database [for details use: -P show]\nATA Version is:   8\nATA Standard is:  Exact ATA specification draft version not indicated\nLocal Time is:    Wed Apr 27 12:38:48 2011 IST\nSMART support is: Available - device has SMART capability.\nSMART support is: Enabled\n\n=== START OF READ SMART DATA SECTION ===\nSMART overall-health self-assessment test result: PASSED\n\nGeneral SMART Values:\nOffline data collection status:  (0x84)\tOffline data collection activity\n\t\t\t\t\twas suspended by an interrupting command from host.\n\t\t\t\t\tAuto Offline Data Collection: Enabled.\nSelf-test execution status:      (   0)\tThe previous self-test routine completed\n\t\t\t\t\twithout error or no self-test has ever\n\t\t\t\t\tbeen run.\nTotal time to complete Offline\ndata collection: \t\t (39600) seconds.\nOffline data collection\ncapabilities: \t\t\t (0x7b) SMART execute Offline immediate.\n\t\t\t\t\tAuto Offline data collection on/off support.\n\t\t\t\t\tSuspend Offline collection upon new\n\t\t\t\t\tcommand.\n\t\t\t\t\tOffline surface scan supported.\n\t\t\t\t\tSelf-test supported.\n\t\t\t\t\tConveyance Self-test supported.\n\t\t\t\t\tSelective Self-test supported.\nSMART capabilities:            (0x0003)\tSaves SMART data before entering\n\t\t\t\t\tpower-saving mode.\n\t\t\t\t\tSupports SMART auto save timer.\nError logging capability:        (0x01)\tError logging supported.\n\t\t\t\t\tGeneral Purpose Logging supported.\nShort self-test routine\nrecommended polling time: \t (   2) minutes.\nExtended self-test routine\nrecommended polling time: \t ( 255) minutes.\nConveyance self-test routine\nrecommended polling time: \t (   5) minutes.\nSCT capabilities: \t       (0x3031)\tSCT Status supported.\n\t\t\t\t\tSCT Feature Control supported.\n\t\t\t\t\tSCT Data Table supported.\n\nSMART Attributes Data Structure revision number: 16\nVendor Specific SMART Attributes with Thresholds:\nID# ATTRIBUTE_NAME          FLAG     VALUE WORST THRESH TYPE\nUPDATED  WHEN_FAILED RAW_VALUE\n  1 Raw_Read_Error_Rate     0x002f   200   200   051    Pre-fail\nAlways       -       0\n  3 Spin_Up_Time            0x0027   213   167   021    Pre-fail\nAlways       -       6350\n  4 Start_Stop_Count        0x0032   100   100   000    Old_age\nAlways       -       127\n  5 Reallocated_Sector_Ct   0x0033   200   200   140    Pre-fail\nAlways       -       0\n  7 Seek_Error_Rate         0x002e   200   200   000    Old_age\nAlways       -       0\n  9 Power_On_Hours          0x0032   092   092   000    Old_age\nAlways       -       6015\n 10 Spin_Retry_Count        0x0032   100   100   000    Old_age\nAlways       -       0\n 11 Calibration_Retry_Count 0x0032   100   100   000    Old_age\nAlways       -       0\n 12 Power_Cycle_Count       0x0032   100   100   000    Old_age\nAlways       -       126\n192 Power-Off_Retract_Count 0x0032   200   200   000    Old_age\nAlways       -       125\n193 Load_Cycle_Count        0x0032   102   102   000    Old_age\nAlways       -       295930\n194 Temperature_Celsius     0x0022   109   102   000    Old_age\nAlways       -       43\n196 Reallocated_Event_Count 0x0032   200   200   000    Old_age\nAlways       -       0\n197 Current_Pending_Sector  0x0032   200   200   000    Old_age\nAlways       -       0\n198 Offline_Uncorrectable   0x0030   200   200   000    Old_age\nOffline      -       0\n199 UDMA_CRC_Error_Count    0x0032   200   200   000    Old_age\nAlways       -       0\n200 Multi_Zone_Error_Rate   0x0008   200   200   000    Old_age\nOffline      -       0\n\nSMART Error Log Version: 1\nNo Errors Logged\n\nSMART Self-test log structure revision number 1\nNo self-tests have been logged.  [To run self-tests, use: smartctl -t]\n\n\nSMART Selective self-test log data structure revision number 1\n SPAN  MIN_LBA  MAX_LBA  CURRENT_TEST_STATUS\n    1        0        0  Not_testing\n    2        0        0  Not_testing\n    3        0        0  Not_testing\n    4        0        0  Not_testing\n    5        0        0  Not_testing\nSelective self-test flags (0x0):\n  After scanning selected spans, do NOT read-scan remainder of disk.\nIf Selective self-test is pending on power-up, resume after 0 minute delay.\n\n\nsmartctl -a /dev/ad14\nsmartctl 5.40 2010-10-16 r3189 [FreeBSD 8.2-PRERELEASE amd64] (local build)\nCopyright (C) 2002-10 by Bruce Allen, http://smartmontools.sourceforge.net\n\n=== START OF INFORMATION SECTION ===\nModel Family:     Western Digital Caviar Green (Adv. Format) family\nDevice Model:     WDC WD20EARS-00J2GB0\nSerial Number:    WD-WCXXX0987654\nFirmware Version: 80.00A80\nUser Capacity:    2,000,398,934,016 bytes\nDevice is:        In smartctl database [for details use: -P show]\nATA Version is:   8\nATA Standard is:  Exact ATA specification draft version not indicated\nLocal Time is:    Wed Apr 27 12:39:01 2011 IST\nSMART support is: Available - device has SMART capability.\nSMART support is: Enabled\n\n=== START OF READ SMART DATA SECTION ===\nSMART overall-health self-assessment test result: PASSED\n\nGeneral SMART Values:\nOffline data collection status:  (0x84)\tOffline data collection activity\n\t\t\t\t\twas suspended by an interrupting command from host.\n\t\t\t\t\tAuto Offline Data Collection: Enabled.\nSelf-test execution status:      (   0)\tThe previous self-test routine completed\n\t\t\t\t\twithout error or no self-test has ever\n\t\t\t\t\tbeen run.\nTotal time to complete Offline\ndata collection: \t\t (37200) seconds.\nOffline data collection\ncapabilities: \t\t\t (0x7b) SMART execute Offline immediate.\n\t\t\t\t\tAuto Offline data collection on/off support.\n\t\t\t\t\tSuspend Offline collection upon new\n\t\t\t\t\tcommand.\n\t\t\t\t\tOffline surface scan supported.\n\t\t\t\t\tSelf-test supported.\n\t\t\t\t\tConveyance Self-test supported.\n\t\t\t\t\tSelective Self-test supported.\nSMART capabilities:            (0x0003)\tSaves SMART data before entering\n\t\t\t\t\tpower-saving mode.\n\t\t\t\t\tSupports SMART auto save timer.\nError logging capability:        (0x01)\tError logging supported.\n\t\t\t\t\tGeneral Purpose Logging supported.\nShort self-test routine\nrecommended polling time: \t (   2) minutes.\nExtended self-test routine\nrecommended polling time: \t ( 255) minutes.\nConveyance self-test routine\nrecommended polling time: \t (   5) minutes.\nSCT capabilities: \t       (0x3031)\tSCT Status supported.\n\t\t\t\t\tSCT Feature Control supported.\n\t\t\t\t\tSCT Data Table supported.\n\nSMART Attributes Data Structure revision number: 16\nVendor Specific SMART Attributes with Thresholds:\nID# ATTRIBUTE_NAME          FLAG     VALUE WORST THRESH TYPE\nUPDATED  WHEN_FAILED RAW_VALUE\n  1 Raw_Read_Error_Rate     0x002f   200   200   051    Pre-fail\nAlways       -       0\n  3 Spin_Up_Time            0x0027   214   168   021    Pre-fail\nAlways       -       6300\n  4 Start_Stop_Count        0x0032   100   100   000    Old_age\nAlways       -       122\n  5 Reallocated_Sector_Ct   0x0033   200   200   140    Pre-fail\nAlways       -       0\n  7 Seek_Error_Rate         0x002e   200   200   000    Old_age\nAlways       -       0\n  9 Power_On_Hours          0x0032   092   092   000    Old_age\nAlways       -       5919\n 10 Spin_Retry_Count        0x0032   100   100   000    Old_age\nAlways       -       0\n 11 Calibration_Retry_Count 0x0032   100   100   000    Old_age\nAlways       -       0\n 12 Power_Cycle_Count       0x0032   100   100   000    Old_age\nAlways       -       120\n192 Power-Off_Retract_Count 0x0032   200   200   000    Old_age\nAlways       -       119\n193 Load_Cycle_Count        0x0032   102   102   000    Old_age\nAlways       -       295314\n194 Temperature_Celsius     0x0022   109   101   000    Old_age\nAlways       -       43\n196 Reallocated_Event_Count 0x0032   200   200   000    Old_age\nAlways       -       0\n197 Current_Pending_Sector  0x0032   200   200   000    Old_age\nAlways       -       0\n198 Offline_Uncorrectable   0x0030   200   200   000    Old_age\nOffline      -       0\n199 UDMA_CRC_Error_Count    0x0032   200   200   000    Old_age\nAlways       -       0\n200 Multi_Zone_Error_Rate   0x0008   200   200   000    Old_age\nOffline      -       0\n\nSMART Error Log Version: 1\nNo Errors Logged\n\nSMART Self-test log structure revision number 1\nNo self-tests have been logged.  [To run self-tests, use: smartctl -t]\n\n\nSMART Selective self-test log data structure revision number 1\n SPAN  MIN_LBA  MAX_LBA  CURRENT_TEST_STATUS\n    1        0        0  Not_testing\n    2        0        0  Not_testing\n    3        0        0  Not_testing\n    4        0        0  Not_testing\n    5        0        0  Not_testing\nSelective self-test flags (0x0):\n  After scanning selected spans, do NOT read-scan remainder of disk.\nIf Selective self-test is pending on power-up, resume after 0 minute delay.\n\n\n\n-- \n\nConall O'Brien"
}