{
 "id": 447542,
 "bug_id": 124128,
 "attachment_id": 0,
 "creation_time": "2008-06-17T09:49:50Z",
 "creator": "maxim.frolov.07@gmail.com",
 "text": "Hello,\n\nHere is pciconf -vl with the original pucdata.c compiled -\n\n\nhostb0@pci0:0:0:0:\tclass=0x060000 card=0x820b1043 chip=0x29a08086\nrev=0x02 hdr=0x00\n    vendor     = 'Intel Corporation'\n    device     = '?(82P965) Intel P965/G965 Processor to I/O Controller'\n    class      = bridge\n    subclass   = HOST-PCI\npcib1@pci0:0:1:0:\tclass=0x060400 card=0x00008086 chip=0x29a18086\nrev=0x02 hdr=0x01\n    vendor     = 'Intel Corporation'\n    device     = '?(82Q965, 82G965, 82P965) Intel P965/G965 PCI\nExpress Root Port'\n    class      = bridge\n    subclass   = PCI-PCI\nvgapci0@pci0:0:2:0:\tclass=0x030000 card=0x820b1043 chip=0x29a28086\nrev=0x02 hdr=0x00\n    vendor     = 'Intel Corporation'\n    device     = 'G965 Integrated Graphics Controller'\n    class      = display\n    subclass   = VGA\nnone0@pci0:0:3:0:\tclass=0x078000 card=0x820b1043 chip=0x29a48086\nrev=0x02 hdr=0x00\n    vendor     = 'Intel Corporation'\n    device     = 'P965/G965 HECI Controller'\n    class      = simple comms\nuhci0@pci0:0:26:0:\tclass=0x0c0300 card=0x81ec1043 chip=0x28348086\nrev=0x02 hdr=0x00\n    vendor     = 'Intel Corporation'\n    device     = '82801H (ICH8 Family) USB UHCI'\n    class      = serial bus\n    subclass   = USB\nuhci1@pci0:0:26:1:\tclass=0x0c0300 card=0x81ec1043 chip=0x28358086\nrev=0x02 hdr=0x00\n    vendor     = 'Intel Corporation'\n    device     = '82801H (ICH8 Family) USB UHCI'\n    class      = serial bus\n    subclass   = USB\nehci0@pci0:0:26:7:\tclass=0x0c0320 card=0x81ec1043 chip=0x283a8086\nrev=0x02 hdr=0x00\n    vendor     = 'Intel Corporation'\n    device     = '81EC1043 (?) ICH8 Enhanced USB2 Enhanced Host Controller'\n    class      = serial bus\n    subclass   = USB\nnone1@pci0:0:27:0:\tclass=0x040300 card=0x821a1043 chip=0x284b8086\nrev=0x02 hdr=0x00\n    vendor     = 'Intel Corporation'\n    device     = '82801H \u0026SUBSYS_81EC1043\u0026REV_02\\3\u002611583659\u00260\u0026D8'\n    class      = multimedia\npcib2@pci0:0:28:0:\tclass=0x060400 card=0x821a1043 chip=0x283f8086\nrev=0x02 hdr=0x01\n    vendor     = 'Intel Corporation'\n    device     = '82801H (ICH8 Family) PCIe Port 1'\n    class      = bridge\n    subclass   = PCI-PCI\npcib3@pci0:0:28:3:\tclass=0x060400 card=0x821a1043 chip=0x28458086\nrev=0x02 hdr=0x01\n    vendor     = 'Intel Corporation'\n    device     = '82801H (ICH8 Family) PCIe Port 4'\n    class      = bridge\n    subclass   = PCI-PCI\npcib5@pci0:0:28:4:\tclass=0x060400 card=0x821a1043 chip=0x28478086\nrev=0x02 hdr=0x01\n    vendor     = 'Intel Corporation'\n    device     = '82801H (ICH8 Family) PCIe Port 5'\n    class      = bridge\n    subclass   = PCI-PCI\npcib6@pci0:0:28:5:\tclass=0x060400 card=0x821a1043 chip=0x28498086\nrev=0x02 hdr=0x01\n    vendor     = 'Intel Corporation'\n    device     = '82801H (ICH8 Family) PCIe Port 6'\n    class      = bridge\n    subclass   = PCI-PCI\nuhci2@pci0:0:29:0:\tclass=0x0c0300 card=0x81ec1043 chip=0x28308086\nrev=0x02 hdr=0x00\n    vendor     = 'Intel Corporation'\n    device     = '82801H (ICH8 Family) USB UHCI'\n    class      = serial bus\n    subclass   = USB\nuhci3@pci0:0:29:1:\tclass=0x0c0300 card=0x81ec1043 chip=0x28318086\nrev=0x02 hdr=0x00\n    vendor     = 'Intel Corporation'\n    device     = '82801H (ICH8 Family) USB UHCI'\n    class      = serial bus\n    subclass   = USB\nuhci4@pci0:0:29:2:\tclass=0x0c0300 card=0x81ec1043 chip=0x28328086\nrev=0x02 hdr=0x00\n    vendor     = 'Intel Corporation'\n    device     = '82801H (ICH8 Family) USB UHCI'\n    class      = serial bus\n    subclass   = USB\nehci1@pci0:0:29:7:\tclass=0x0c0320 card=0x81ec1043 chip=0x28368086\nrev=0x02 hdr=0x00\n    vendor     = 'Intel Corporation'\n    device     = '82801H (ICH8 Family) USB2 EHCI'\n    class      = serial bus\n    subclass   = USB\npcib8@pci0:0:30:0:\tclass=0x060401 card=0x821a1043 chip=0x244e8086\nrev=0xf2 hdr=0x01\n    vendor     = 'Intel Corporation'\n    device     = '82801 Family (ICH2/3/4/4/5/5/6/7/8/9,63xxESB) Hub\nInterface to PCI Bridge'\n    class      = bridge\n    subclass   = PCI-PCI\nisab0@pci0:0:31:0:\tclass=0x060100 card=0x821a1043 chip=0x28108086\nrev=0x02 hdr=0x00\n    vendor     = 'Intel Corporation'\n    device     = '82801HB/HR (ICH8/R) LPC Interface Controller'\n    class      = bridge\n    subclass   = PCI-ISA\natapci1@pci0:0:31:2:\tclass=0x01018f card=0x821a1043 chip=0x28208086\nrev=0x02 hdr=0x00\n    vendor     = 'Intel Corporation'\n    device     = 'ICH8 4 port Serial ATA Storage Controller ?'\n    class      = mass storage\n    subclass   = ATA\nnone2@pci0:0:31:3:\tclass=0x0c0500 card=0x821a1043 chip=0x283e8086\nrev=0x02 hdr=0x00\n    vendor     = 'Intel Corporation'\n    device     = '82801H (ICH8 Family) SMBus Controller'\n    class      = serial bus\n    subclass   = SMBus\natapci2@pci0:0:31:5:\tclass=0x010185 card=0x821a1043 chip=0x28258086\nrev=0x02 hdr=0x00\n    vendor     = 'Intel Corporation'\n    device     = '? ICH8 2 port Serial ATA Storage Controller'\n    class      = mass storage\n    subclass   = ATA\npcib4@pci0:5:0:0:\tclass=0x060400 card=0x00000000 chip=0x8231104c\nrev=0x03 hdr=0x01\n    vendor     = 'Texas Instruments (TI)'\n    device     = 'PCIe to PCI Bridge'\n    class      = bridge\n    subclass   = PCI-PCI\nnone3@pci0:6:0:0:\tclass=0x070006 card=0x00001415 chip=0xa00714d2\nrev=0x00 hdr=0x00\n    vendor     = 'Titan Electronics Inc'\n    class      = simple comms\n    subclass   = UART\nnone4@pci0:6:0:1:\tclass=0x070006 card=0x00001415 chip=0xa00814d2\nrev=0x00 hdr=0x00\n    vendor     = 'Titan Electronics Inc'\n    class      = simple comms\n    subclass   = UART\natapci0@pci0:4:0:0:\tclass=0x010185 card=0x81e41043 chip=0x2363197b\nrev=0x03 hdr=0x00\n    vendor     = 'JMicron Technology Corp'\n    device     = 'JMB36X PCIe-to-SATA-300/IDE RAID Controller'\n    class      = mass storage\n    subclass   = ATA\npcib7@pci0:2:0:0:\tclass=0x060400 card=0x00000000 chip=0x8231104c\nrev=0x03 hdr=0x01\n    vendor     = 'Texas Instruments (TI)'\n    device     = 'PCIe to PCI Bridge'\n    class      = bridge\n    subclass   = PCI-PCI\nnone5@pci0:3:0:0:\tclass=0x070006 card=0x00001415 chip=0xa00714d2\nrev=0x00 hdr=0x00\n    vendor     = 'Titan Electronics Inc'\n    class      = simple comms\n    subclass   = UART\nnone6@pci0:3:0:1:\tclass=0x070006 card=0x00001415 chip=0xa00814d2\nrev=0x00 hdr=0x00\n    vendor     = 'Titan Electronics Inc'\n    class      = simple comms\n    subclass   = UART\npuc0@pci0:8:0:0:\tclass=0x070002 card=0x808014d2 chip=0x808014d2\nrev=0x00 hdr=0x00\n    vendor     = 'Titan Electronics Inc'\n    device     = 'VScom PCI-800L 8 x RS-232 Controller'\n    class      = simple comms\n    subclass   = UART\nxl0@pci0:8:1:0:\tclass=0x020000 card=0x100010b7 chip=0x920010b7 rev=0x74 hdr=0x00\n    vendor     = '3COM Corp, Networking Division'\n    device     = '3C905 CX-TX-M Fast EtherLink for PC Management NIC'\n    class      = network\n    subclass   = ethernet\nfwohci0@pci0:8:3:0:\tclass=0x0c0010 card=0x81fe1043 chip=0x30441106\nrev=0xc0 hdr=0x00\n    vendor     = 'VIA Technologies Inc'\n    device     = 'VT6306 VIA Fire II IEEE-1394 OHCI Link Layer Controller'\n    class      = serial bus\n    subclass   = FireWire\nskc0@pci0:8:4:0:\tclass=0x020000 card=0x811a1043 chip=0x432011ab\nrev=0x14 hdr=0x00\n    vendor     = 'Marvell Semiconductor (Was: Galileo Technology Ltd)'\n    device     = 'Yukon 88E8001/8003/8010 PCI Gigabit Ethernet\nController (Copper)'\n    class      = network\n    subclass   = ethernet\n\n\nHere is dmesg after boot -v with the original pucdata.c compiled -\n\n\nCopyright (c) 1992-2008 The FreeBSD Project.\nCopyright (c) 1979, 1980, 1983, 1986, 1988, 1989, 1991, 1992, 1993, 1994\n\tThe Regents of the University of California. All rights reserved.\nFreeBSD is a registered trademark of The FreeBSD Foundation.\nFreeBSD 7.0-RELEASE #5: Fri May 30 15:46:20 MSD 2008\n    mfrolov@blackbox.dionalab.int:/usr/obj/usr/src/sys/SERIAL\nPreloaded elf kernel \"/boot/kernel/kernel\" at 0xc0910000.\nCalibrating clock(s) ... i8254 clock: 1193193 Hz\nCLK_USE_I8254_CALIBRATION not specified - using default frequency\nTimecounter \"i8254\" frequency 1193182 Hz quality 0\nCalibrating TSC clock ... TSC clock: 1605008120 Hz\nCPU: Intel(R) Celeron(R) CPU        E1200  @ 1.60GHz (1605.01-MHz 686-class CPU)\n  Origin = \"GenuineIntel\"  Id = 0x6fd  Stepping = 13\n  Features=0xbfebfbff\u003cFPU,VME,DE,PSE,TSC,MSR,PAE,MCE,CX8,APIC,SEP,MTRR,PGE,MCA,CMOV,PAT,PSE36,CLFLUSH,DTS,ACPI,MMX,FXSR,SSE,SSE2,SS,HTT,TM,PBE\u003e\n  Features2=0xe39d\u003cSSE3,RSVD2,MON,DS_CPL,EST,TM2,SSSE3,CX16,xTPR,PDCM\u003e\n  AMD Features=0x20100000\u003cNX,LM\u003e\n  AMD Features2=0x1\u003cLAHF\u003e\n  Cores per package: 2\n\nInstruction TLB: 4 KB Pages, 4-way set associative, 128 entries\n2nd-level cache: 512-KB, 2-way set associative, 64-byte line size\n1st-level instruction cache: 32 KB, 8-way set associative, 64 byte line size\n1st-level data cache: 32 KB, 8-way set associative, 64 byte line size\nL2 cache: 512 kbytes, 2-way associative, 64 bytes/line\nreal memory  = 1048117248 (999 MB)\nPhysical memory chunk(s):\n0x0000000000001000 - 0x000000000009efff, 647168 bytes (158 pages)\n0x0000000000100000 - 0x00000000003fffff, 3145728 bytes (768 pages)\n0x0000000000c28000 - 0x000000003d5b5fff, 1016651776 bytes (248206 pages)\navail memory = 1016279040 (969 MB)\nMP Configuration Table version 1.4 found at 0xc00f14e0\nAPIC: Using the MPTable enumerator.\nSMP: Added CPU 0 (BSP)\nSMP: Added CPU 1 (AP)\nMPTable: \u003cP5B      \u003e\nINTR: Adding local APIC 1 as a target\nFreeBSD/SMP: Multiprocessor System Detected: 2 CPUs\n cpu0 (BSP): APIC ID:  0\n cpu1 (AP): APIC ID:  1\nbios32: Found BIOS32 Service Directory header at 0xc00f0000\nbios32: Entry = 0xf0010 (c00f0010)  Rev = 0  Len = 1\npcibios: PCI BIOS entry at 0xf0000+0x31\npnpbios: Found PnP BIOS data at 0xc00f6bd0\npnpbios: Entry = f0000:7b7a  Rev = 1.0\nOther BIOS signatures found:\nioapic0: Assuming intbase of 0\nioapic0: Routing external 8259A's -\u003e intpin 0\nioapic0: Routing IRQ 0 -\u003e intpin 2\nlapic: Routing ExtINT -\u003e LINT0\nlapic: Routing NMI -\u003e LINT1\nioapic0 \u003cVersion 2.0\u003e irqs 0-23 on motherboard\ncpu0 BSP:\n     ID: 0x00000000   VER: 0x00050014 LDR: 0x00000000 DFR: 0xffffffff\n  lint0: 0x00010700 lint1: 0x00000400 TPR: 0x00000000 SVR: 0x000001ff\n  timer: 0x000100ef therm: 0x00010000 err: 0x0001000f pcm: 0x00010000\nnull: \u003cnull device, zero device\u003e\nnfslock: pseudo-device\nrandom: \u003centropy source, Software, Yarrow\u003e\nkbd: new array size 4\nkbd1 at kbdmux0\nio: \u003cI/O\u003e\nmem: \u003cmemory\u003e\nPentium Pro MTRR support enabled\nnpx0: INT 16 interface\ncpu0 on motherboard\nest0: \u003cEnhanced SpeedStep Frequency Control\u003e on cpu0\nest: CPU supports Enhanced Speedstep, but is not recognized.\nest: cpu_vendor GenuineIntel, msr 828082806000828\ndevice_attach: est0 attach returned 6\np4tcc0: \u003cCPU Frequency Thermal Control\u003e on cpu0\ncpu1 on motherboard\nest1: \u003cEnhanced SpeedStep Frequency Control\u003e on cpu1\nest: CPU supports Enhanced Speedstep, but is not recognized.\nest: cpu_vendor GenuineIntel, msr 828082806000828\ndevice_attach: est1 attach returned 6\np4tcc1: \u003cCPU Frequency Thermal Control\u003e on cpu1\npci_open(1):\tmode 1 addr port (0x0cf8) is 0x80001020\npci_open(1a):\tmode1res=0x80000000 (0x80000000)\npci_cfgcheck:\tdevice 0 [class=060000] [hdr=00] is there (id=29a08086)\npcibios: BIOS version 3.00\npcib0: \u003cMPTable Host-PCI bridge\u003e pcibus 0 on motherboard\npci0: \u003cPCI bus\u003e on pcib0\npci0: domain=0, physical bus=0\nfound-\u003e\tvendor=0x8086, dev=0x29a0, revid=0x02\n\tdomain=0, bus=0, slot=0, func=0\n\tclass=06-00-00, hdrtype=0x00, mfdev=0\n\tcmdreg=0x0006, statreg=0x2090, cachelnsz=0 (dwords)\n\tlattimer=0x00 (0 ns), mingnt=0x00 (0 ns), maxlat=0x00 (0 ns)\nfound-\u003e\tvendor=0x8086, dev=0x29a1, revid=0x02\n\tdomain=0, bus=0, slot=1, func=0\n\tclass=06-04-00, hdrtype=0x01, mfdev=0\n\tcmdreg=0x0106, statreg=0x0010, cachelnsz=8 (dwords)\n\tlattimer=0x00 (0 ns), mingnt=0x02 (500 ns), maxlat=0x00 (0 ns)\n\tintpin=a, irq=11\n\tpowerspec 3  supports D0 D3  current D0\n\tMSI supports 1 message\npcib0: slot 1 INTA routed to irq 16\nfound-\u003e\tvendor=0x8086, dev=0x29a2, revid=0x02\n\tdomain=0, bus=0, slot=2, func=0\n\tclass=03-00-00, hdrtype=0x00, mfdev=0\n\tcmdreg=0x0007, statreg=0x0090, cachelnsz=0 (dwords)\n\tlattimer=0x00 (0 ns), mingnt=0x00 (0 ns), maxlat=0x00 (0 ns)\n\tintpin=a, irq=11\n\tpowerspec 2  supports D0 D3  current D0\n\tMSI supports 1 message\n\tmap[10]: type Memory, range 32, base 0xffa00000, size 20, enabled\n\tmap[18]: type Prefetchable Memory, range 64, base 0xd0000000, size 28, enabled\n\tmap[20]: type I/O Port, range 32, base 0xec00, size  3, enabled\npcib0: slot 2 INTA routed to irq 16\nfound-\u003e\tvendor=0x8086, dev=0x29a4, revid=0x02\n\tdomain=0, bus=0, slot=3, func=0\n\tclass=07-80-00, hdrtype=0x00, mfdev=1\n\tcmdreg=0x0006, statreg=0x0010, cachelnsz=0 (dwords)\n\tlattimer=0x00 (0 ns), mingnt=0x00 (0 ns), maxlat=0x00 (0 ns)\n\tintpin=a, irq=11\n\tpowerspec 3  supports D0 D3  current D0\n\tMSI supports 1 message, 64 bit\n\tmap[10]: type Memory, range 64, base 0xff9fbc00, size  4, enabled\npcib0: slot 3 INTA routed to irq 16\nfound-\u003e\tvendor=0x8086, dev=0x2834, revid=0x02\n\tdomain=0, bus=0, slot=26, func=0\n\tclass=0c-03-00, hdrtype=0x00, mfdev=1\n\tcmdreg=0x0005, statreg=0x0280, cachelnsz=0 (dwords)\n\tlattimer=0x00 (0 ns), mingnt=0x00 (0 ns), maxlat=0x00 (0 ns)\n\tintpin=a, irq=11\n\tmap[20]: type I/O Port, range 32, base 0xd880, size  5, enabled\npcib0: slot 26 INTA routed to irq 16\nfound-\u003e\tvendor=0x8086, dev=0x2835, revid=0x02\n\tdomain=0, bus=0, slot=26, func=1\n\tclass=0c-03-00, hdrtype=0x00, mfdev=0\n\tcmdreg=0x0005, statreg=0x0280, cachelnsz=0 (dwords)\n\tlattimer=0x00 (0 ns), mingnt=0x00 (0 ns), maxlat=0x00 (0 ns)\n\tintpin=b, irq=10\n\tmap[20]: type I/O Port, range 32, base 0xdc00, size  5, enabled\npcib0: slot 26 INTB routed to irq 17\nfound-\u003e\tvendor=0x8086, dev=0x283a, revid=0x02\n\tdomain=0, bus=0, slot=26, func=7\n\tclass=0c-03-20, hdrtype=0x00, mfdev=0\n\tcmdreg=0x0006, statreg=0x0290, cachelnsz=0 (dwords)\n\tlattimer=0x00 (0 ns), mingnt=0x00 (0 ns), maxlat=0x00 (0 ns)\n\tintpin=c, irq=5\n\tpowerspec 2  supports D0 D3  current D0\n\tmap[10]: type Memory, range 32, base 0xff9fb800, size 10, enabled\npcib0: slot 26 INTC routed to irq 18\nfound-\u003e\tvendor=0x8086, dev=0x284b, revid=0x02\n\tdomain=0, bus=0, slot=27, func=0\n\tclass=04-03-00, hdrtype=0x00, mfdev=0\n\tcmdreg=0x0006, statreg=0x0010, cachelnsz=8 (dwords)\n\tlattimer=0x00 (0 ns), mingnt=0x00 (0 ns), maxlat=0x00 (0 ns)\n\tintpin=a, irq=3\n\tpowerspec 2  supports D0 D3  current D0\n\tMSI supports 1 message, 64 bit\n\tmap[10]: type Memory, range 64, base 0xff9f4000, size 14, enabled\npcib0: slot 27 INTA routed to irq 22\nfound-\u003e\tvendor=0x8086, dev=0x283f, revid=0x02\n\tdomain=0, bus=0, slot=28, func=0\n\tclass=06-04-00, hdrtype=0x01, mfdev=1\n\tcmdreg=0x0106, statreg=0x0010, cachelnsz=8 (dwords)\n\tlattimer=0x00 (0 ns), mingnt=0x02 (500 ns), maxlat=0x00 (0 ns)\n\tintpin=a, irq=10\n\tpowerspec 2  supports D0 D3  current D0\n\tMSI supports 1 message\npcib0: slot 28 INTA routed to irq 17\nfound-\u003e\tvendor=0x8086, dev=0x2845, revid=0x02\n\tdomain=0, bus=0, slot=28, func=3\n\tclass=06-04-00, hdrtype=0x01, mfdev=1\n\tcmdreg=0x0107, statreg=0x0010, cachelnsz=8 (dwords)\n\tlattimer=0x00 (0 ns), mingnt=0x02 (500 ns), maxlat=0x00 (0 ns)\n\tintpin=d, irq=15\n\tpowerspec 2  supports D0 D3  current D0\n\tMSI supports 1 message\npcib0: slot 28 INTD routed to irq 19\nfound-\u003e\tvendor=0x8086, dev=0x2847, revid=0x02\n\tdomain=0, bus=0, slot=28, func=4\n\tclass=06-04-00, hdrtype=0x01, mfdev=1\n\tcmdreg=0x0107, statreg=0x0010, cachelnsz=8 (dwords)\n\tlattimer=0x00 (0 ns), mingnt=0x02 (500 ns), maxlat=0x00 (0 ns)\n\tintpin=a, irq=10\n\tpowerspec 2  supports D0 D3  current D0\n\tMSI supports 1 message\npcib0: slot 28 INTA routed to irq 17\nfound-\u003e\tvendor=0x8086, dev=0x2849, revid=0x02\n\tdomain=0, bus=0, slot=28, func=5\n\tclass=06-04-00, hdrtype=0x01, mfdev=1\n\tcmdreg=0x0107, statreg=0x0010, cachelnsz=8 (dwords)\n\tlattimer=0x00 (0 ns), mingnt=0x02 (500 ns), maxlat=0x00 (0 ns)\n\tintpin=b, irq=11\n\tpowerspec 2  supports D0 D3  current D0\n\tMSI supports 1 message\npcib0: slot 28 INTB routed to irq 16\nfound-\u003e\tvendor=0x8086, dev=0x2830, revid=0x02\n\tdomain=0, bus=0, slot=29, func=0\n\tclass=0c-03-00, hdrtype=0x00, mfdev=1\n\tcmdreg=0x0005, statreg=0x0280, cachelnsz=0 (dwords)\n\tlattimer=0x00 (0 ns), mingnt=0x00 (0 ns), maxlat=0x00 (0 ns)\n\tintpin=a, irq=7\n\tmap[20]: type I/O Port, range 32, base 0xd400, size  5, enabled\npcib0: slot 29 INTA routed to irq 23\nfound-\u003e\tvendor=0x8086, dev=0x2831, revid=0x02\n\tdomain=0, bus=0, slot=29, func=1\n\tclass=0c-03-00, hdrtype=0x00, mfdev=0\n\tcmdreg=0x0005, statreg=0x0280, cachelnsz=0 (dwords)\n\tlattimer=0x00 (0 ns), mingnt=0x00 (0 ns), maxlat=0x00 (0 ns)\n\tintpin=b, irq=15\n\tmap[20]: type I/O Port, range 32, base 0xd480, size  5, enabled\npcib0: slot 29 INTB routed to irq 19\nfound-\u003e\tvendor=0x8086, dev=0x2832, revid=0x02\n\tdomain=0, bus=0, slot=29, func=2\n\tclass=0c-03-00, hdrtype=0x00, mfdev=0\n\tcmdreg=0x0005, statreg=0x0280, cachelnsz=0 (dwords)\n\tlattimer=0x00 (0 ns), mingnt=0x00 (0 ns), maxlat=0x00 (0 ns)\n\tintpin=c, irq=5\n\tmap[20]: type I/O Port, range 32, base 0xd800, size  5, enabled\npcib0: slot 29 INTC routed to irq 18\nfound-\u003e\tvendor=0x8086, dev=0x2836, revid=0x02\n\tdomain=0, bus=0, slot=29, func=7\n\tclass=0c-03-20, hdrtype=0x00, mfdev=0\n\tcmdreg=0x0006, statreg=0x0290, cachelnsz=0 (dwords)\n\tlattimer=0x00 (0 ns), mingnt=0x00 (0 ns), maxlat=0x00 (0 ns)\n\tintpin=a, irq=7\n\tpowerspec 2  supports D0 D3  current D0\n\tmap[10]: type Memory, range 32, base 0xff9fb400, size 10, enabled\npcib0: slot 29 INTA routed to irq 23\nfound-\u003e\tvendor=0x8086, dev=0x244e, revid=0xf2\n\tdomain=0, bus=0, slot=30, func=0\n\tclass=06-04-01, hdrtype=0x01, mfdev=0\n\tcmdreg=0x0107, statreg=0x0010, cachelnsz=0 (dwords)\n\tlattimer=0x00 (0 ns), mingnt=0x02 (500 ns), maxlat=0x00 (0 ns)\nfound-\u003e\tvendor=0x8086, dev=0x2810, revid=0x02\n\tdomain=0, bus=0, slot=31, func=0\n\tclass=06-01-00, hdrtype=0x00, mfdev=1\n\tcmdreg=0x0007, statreg=0x0210, cachelnsz=0 (dwords)\n\tlattimer=0x00 (0 ns), mingnt=0x00 (0 ns), maxlat=0x00 (0 ns)\nfound-\u003e\tvendor=0x8086, dev=0x2820, revid=0x02\n\tdomain=0, bus=0, slot=31, func=2\n\tclass=01-01-8f, hdrtype=0x00, mfdev=0\n\tcmdreg=0x0007, statreg=0x02b0, cachelnsz=0 (dwords)\n\tlattimer=0x00 (0 ns), mingnt=0x00 (0 ns), maxlat=0x00 (0 ns)\n\tintpin=b, irq=15\n\tpowerspec 3  supports D0 D3  current D0\n\tmap[10]: type I/O Port, range 32, base 0xe880, size  3, enabled\n\tmap[14]: type I/O Port, range 32, base 0xe800, size  2, enabled\n\tmap[18]: type I/O Port, range 32, base 0xe480, size  3, enabled\n\tmap[1c]: type I/O Port, range 32, base 0xe400, size  2, enabled\n\tmap[20]: type I/O Port, range 32, base 0xe080, size  4, enabled\n\tmap[24]: type I/O Port, range 32, base 0xe000, size  4, enabled\npcib0: slot 31 INTB routed to irq 19\nfound-\u003e\tvendor=0x8086, dev=0x283e, revid=0x02\n\tdomain=0, bus=0, slot=31, func=3\n\tclass=0c-05-00, hdrtype=0x00, mfdev=0\n\tcmdreg=0x0001, statreg=0x0280, cachelnsz=0 (dwords)\n\tlattimer=0x00 (0 ns), mingnt=0x00 (0 ns), maxlat=0x00 (0 ns)\n\tintpin=c, irq=15\n\tmap[10]: type Memory, range 32, base 0, size  8, memory disabled\n\tmap[20]: type I/O Port, range 32, base 0x400, size  5, enabled\npcib0: slot 31 INTC routed to irq 18\nfound-\u003e\tvendor=0x8086, dev=0x2825, revid=0x02\n\tdomain=0, bus=0, slot=31, func=5\n\tclass=01-01-85, hdrtype=0x00, mfdev=0\n\tcmdreg=0x0005, statreg=0x02b0, cachelnsz=0 (dwords)\n\tlattimer=0x00 (0 ns), mingnt=0x00 (0 ns), maxlat=0x00 (0 ns)\n\tintpin=b, irq=15\n\tpowerspec 3  supports D0 D3  current D0\n\tmap[10]: type I/O Port, range 32, base 0xd080, size  3, enabled\n\tmap[14]: type I/O Port, range 32, base 0xd000, size  2, enabled\n\tmap[18]: type I/O Port, range 32, base 0xcc00, size  3, enabled\n\tmap[1c]: type I/O Port, range 32, base 0xc880, size  2, enabled\n\tmap[20]: type I/O Port, range 32, base 0xc800, size  4, enabled\n\tmap[24]: type I/O Port, range 32, base 0xc480, size  4, enabled\npcib0: slot 31 INTB routed to irq 19\npcib1: \u003cPCI-PCI bridge\u003e irq 16 at device 1.0 on pci0\npcib1:   domain            0\npcib1:   secondary bus     1\npcib1:   subordinate bus   1\npcib1:   I/O decode        0x0-0x0\npcib1:   prefetched decode 0xbfd00000-0xbfdfffff\npci1: \u003cPCI bus\u003e on pcib1\npci1: domain=0, physical bus=1\nvgapci0: \u003cVGA-compatible display\u003e port 0xec00-0xec07 mem\n0xffa00000-0xffafffff,0xd0000000-0xdfffffff irq 16 at device 2.0 on\npci0\nagp0: \u003cIntel G965 SVGA controller\u003e on vgapci0\nvgapci0: Reserved 0x10000000 bytes for rid 0x18 type 3 at 0xd0000000\nvgapci0: Reserved 0x100000 bytes for rid 0x10 type 3 at 0xffa00000\nagp0: detected 7676k stolen memory\nagp0: aperture size is 256M\npci0: \u003csimple comms\u003e at device 3.0 (no driver attached)\nuhci0: \u003cUHCI (generic) USB controller\u003e port 0xd880-0xd89f irq 16 at\ndevice 26.0 on pci0\nuhci0: Reserved 0x20 bytes for rid 0x20 type 4 at 0xd880\nioapic0: routing intpin 16 (PCI IRQ 16) to vector 48\nuhci0: [GIANT-LOCKED]\nuhci0: [ITHREAD]\nusb0: \u003cUHCI (generic) USB controller\u003e on uhci0\nusb0: USB revision 1.0\nuhub0: \u003cIntel UHCI root hub, class 9/0, rev 1.00/1.00, addr 1\u003e on usb0\nuhub0: 2 ports with 2 removable, self powered\nuhci1: \u003cUHCI (generic) USB controller\u003e port 0xdc00-0xdc1f irq 17 at\ndevice 26.1 on pci0\nuhci1: Reserved 0x20 bytes for rid 0x20 type 4 at 0xdc00\nioapic0: routing intpin 17 (PCI IRQ 17) to vector 49\nuhci1: [GIANT-LOCKED]\nuhci1: [ITHREAD]\nusb1: \u003cUHCI (generic) USB controller\u003e on uhci1\nusb1: USB revision 1.0\nuhub1: \u003cIntel UHCI root hub, class 9/0, rev 1.00/1.00, addr 1\u003e on usb1\nuhub1: 2 ports with 2 removable, self powered\nehci0: \u003cEHCI (generic) USB 2.0 controller\u003e mem 0xff9fb800-0xff9fbbff\nirq 18 at device 26.7 on pci0\nehci0: Reserved 0x400 bytes for rid 0x10 type 3 at 0xff9fb800\nioapic0: routing intpin 18 (PCI IRQ 18) to vector 50\nehci0: [GIANT-LOCKED]\nehci0: [ITHREAD]\nusb2: waiting for BIOS to give up control\nusb2: EHCI version 1.0\nusb2: companion controllers, 2 ports each: usb0 usb1\nusb2: \u003cEHCI (generic) USB 2.0 controller\u003e on ehci0\nusb2: USB revision 2.0\nuhub2: \u003cIntel EHCI root hub, class 9/0, rev 2.00/1.00, addr 1\u003e on usb2\nuhub2: 4 ports with 4 removable, self powered\npci0: \u003cmultimedia\u003e at device 27.0 (no driver attached)\npcib2: \u003cPCI-PCI bridge\u003e irq 17 at device 28.0 on pci0\npcib2:   domain            0\npcib2:   secondary bus     7\npcib2:   subordinate bus   7\npcib2:   I/O decode        0x0-0x0\npcib2:   prefetched decode 0xbfe00000-0xbfefffff\npci7: \u003cPCI bus\u003e on pcib2\npci7: domain=0, physical bus=7\npcib3: \u003cPCI-PCI bridge\u003e irq 19 at device 28.3 on pci0\npcib3:   domain            0\npcib3:   secondary bus     5\npcib3:   subordinate bus   6\npcib3:   I/O decode        0x9000-0x9fff\npcib3:   memory decode     0xff600000-0xff6fffff\npcib3:   no prefetched decode\npci5: \u003cPCI bus\u003e on pcib3\npci5: domain=0, physical bus=5\nfound-\u003e\tvendor=0x104c, dev=0x8231, revid=0x03\n\tdomain=0, bus=5, slot=0, func=0\n\tclass=06-04-00, hdrtype=0x01, mfdev=0\n\tcmdreg=0x0117, statreg=0x0010, cachelnsz=8 (dwords)\n\tlattimer=0x00 (0 ns), mingnt=0x03 (750 ns), maxlat=0x00 (0 ns)\n\tpowerspec 2  supports D0 D1 D2 D3  current D0\n\tMSI supports 16 messages, 64 bit\npcib4: \u003cMPTable PCI-PCI bridge\u003e at device 0.0 on pci5\npcib4:   domain            0\npcib4:   secondary bus     6\npcib4:   subordinate bus   6\npcib4:   I/O decode        0x9000-0x9fff\npcib4:   memory decode     0xff600000-0xff6fffff\npcib4:   no prefetched decode\npci6: \u003cPCI bus\u003e on pcib4\npci6: domain=0, physical bus=6\nfound-\u003e\tvendor=0x14d2, dev=0xa007, revid=0x00\n\tdomain=0, bus=6, slot=0, func=0\n\tclass=07-00-06, hdrtype=0x00, mfdev=1\n\tcmdreg=0x0003, statreg=0x0290, cachelnsz=0 (dwords)\n\tlattimer=0x00 (0 ns), mingnt=0x00 (0 ns), maxlat=0x00 (0 ns)\n\tintpin=a, irq=15\n\tpowerspec 1  supports D0 D2 D3  current D0\n\tmap[10]: type I/O Port, range 32, base 0x9800, size  5, enabled\npcib4: requested I/O range 0x9800-0x981f: in range\npcib3: requested I/O range 0x9800-0x981f: in range\n\tmap[14]: type Memory, range 32, base 0xff6fd000, size 12, enabled\npcib4: requested memory range 0xff6fd000-0xff6fdfff: good\npcib3: requested memory range 0xff6fd000-0xff6fdfff: good\n\tmap[18]: type I/O Port, range 32, base 0x9480, size  5, enabled\npcib4: requested I/O range 0x9480-0x949f: in range\npcib3: requested I/O range 0x9480-0x949f: in range\n\tmap[1c]: type Memory, range 32, base 0xff6fc000, size 12, enabled\npcib4: requested memory range 0xff6fc000-0xff6fcfff: good\npcib3: requested memory range 0xff6fc000-0xff6fcfff: good\npcib4: slot 0 INTA routed to irq 19\nfound-\u003e\tvendor=0x14d2, dev=0xa008, revid=0x00\n\tdomain=0, bus=6, slot=0, func=1\n\tclass=07-00-06, hdrtype=0x00, mfdev=1\n\tcmdreg=0x0003, statreg=0x0290, cachelnsz=0 (dwords)\n\tlattimer=0x00 (0 ns), mingnt=0x00 (0 ns), maxlat=0x00 (0 ns)\n\tintpin=a, irq=15\n\tpowerspec 1  supports D0 D2 D3  current D0\n\tmap[10]: type I/O Port, range 32, base 0x9c00, size  5, enabled\npcib4: requested I/O range 0x9c00-0x9c1f: in range\npcib3: requested I/O range 0x9c00-0x9c1f: in range\n\tmap[14]: type Memory, range 32, base 0xff6ff000, size 12, enabled\npcib4: requested memory range 0xff6ff000-0xff6fffff: good\npcib3: requested memory range 0xff6ff000-0xff6fffff: good\n\tmap[18]: type I/O Port, range 32, base 0x9880, size  5, enabled\npcib4: requested I/O range 0x9880-0x989f: in range\npcib3: requested I/O range 0x9880-0x989f: in range\n\tmap[1c]: type Memory, range 32, base 0xff6fe000, size 12, enabled\npcib4: requested memory range 0xff6fe000-0xff6fefff: good\npcib3: requested memory range 0xff6fe000-0xff6fefff: good\npcib4: slot 0 INTA routed to irq 19\npci6: \u003csimple comms, UART\u003e at device 0.0 (no driver attached)\npci6: \u003csimple comms, UART\u003e at device 0.1 (no driver attached)\npcib5: \u003cMPTable PCI-PCI bridge\u003e irq 17 at device 28.4 on pci0\npcib5:   domain            0\npcib5:   secondary bus     4\npcib5:   subordinate bus   4\npcib5:   I/O decode        0x8000-0x8fff\npcib5:   memory decode     0xff500000-0xff5fffff\npcib5:   no prefetched decode\npci4: \u003cPCI bus\u003e on pcib5\npci4: domain=0, physical bus=4\nfound-\u003e\tvendor=0x197b, dev=0x2363, revid=0x03\n\tdomain=0, bus=4, slot=0, func=0\n\tclass=01-01-85, hdrtype=0x00, mfdev=0\n\tcmdreg=0x0007, statreg=0x0010, cachelnsz=8 (dwords)\n\tlattimer=0x00 (0 ns), mingnt=0x00 (0 ns), maxlat=0x00 (0 ns)\n\tintpin=a, irq=11\n\tpowerspec 2  supports D0 D3  current D0\n\tmap[10]: type I/O Port, range 32, base 0x8c00, size  3, enabled\npcib5: requested I/O range 0x8c00-0x8c07: in range\n\tmap[14]: type I/O Port, range 32, base 0x8880, size  2, enabled\npcib5: requested I/O range 0x8880-0x8883: in range\n\tmap[18]: type I/O Port, range 32, base 0x8800, size  3, enabled\npcib5: requested I/O range 0x8800-0x8807: in range\n\tmap[1c]: type I/O Port, range 32, base 0x8480, size  2, enabled\npcib5: requested I/O range 0x8480-0x8483: in range\n\tmap[20]: type I/O Port, range 32, base 0x8400, size  4, enabled\npcib5: requested I/O range 0x8400-0x840f: in range\n\tmap[24]: type Memory, range 32, base 0xff5fe000, size 13, enabled\npcib5: requested memory range 0xff5fe000-0xff5fffff: good\npcib5: slot 0 INTA routed to irq 16\natapci0: \u003cJMicron JMB363 SATA300 controller\u003e port\n0x8c00-0x8c07,0x8880-0x8883,0x8800-0x8807,0x8480-0x8483,0x8400-0x840f\nmem 0xff5fe000-0xff5fffff irq 16 at device 0.0 on pci4\natapci0: Reserved 0x10 bytes for rid 0x20 type 4 at 0x8400\natapci0: [MPSAFE]\natapci0: [ITHREAD]\natapci0: Reserved 0x2000 bytes for rid 0x24 type 3 at 0xff5fe000\natapci0: AHCI called from vendor specific driver\natapci0: AHCI Version 01.00 controller with 2 ports detected\nata2: \u003cATA channel 0\u003e on atapci0\nata2: SATA connect status=00000000\nata2: ahci_reset devices=0x0\nata2: [MPSAFE]\nata2: [ITHREAD]\nata3: \u003cATA channel 1\u003e on atapci0\nata3: SATA connect status=00000000\nata3: ahci_reset devices=0x0\nata3: [MPSAFE]\nata3: [ITHREAD]\nata4: \u003cATA channel 2\u003e on atapci0\natapci0: Reserved 0x8 bytes for rid 0x10 type 4 at 0x8c00\natapci0: Reserved 0x4 bytes for rid 0x14 type 4 at 0x8880\nata4: reset tp1 mask=03 ostat0=60 ostat1=70\nata4: stat0=0x20 err=0x20 lsb=0x20 msb=0x20\nata4: stat1=0x30 err=0x30 lsb=0x30 msb=0x30\nata4: reset tp2 stat0=20 stat1=30 devices=0x0\nata4: [MPSAFE]\nata4: [ITHREAD]\npcib6: \u003cPCI-PCI bridge\u003e irq 16 at device 28.5 on pci0\npcib6:   domain            0\npcib6:   secondary bus     2\npcib6:   subordinate bus   3\npcib6:   I/O decode        0x7000-0x7fff\npcib6:   memory decode     0xff400000-0xff4fffff\npcib6:   no prefetched decode\npci2: \u003cPCI bus\u003e on pcib6\npci2: domain=0, physical bus=2\nfound-\u003e\tvendor=0x104c, dev=0x8231, revid=0x03\n\tdomain=0, bus=2, slot=0, func=0\n\tclass=06-04-00, hdrtype=0x01, mfdev=0\n\tcmdreg=0x0117, statreg=0x0010, cachelnsz=8 (dwords)\n\tlattimer=0x00 (0 ns), mingnt=0x03 (750 ns), maxlat=0x00 (0 ns)\n\tpowerspec 2  supports D0 D1 D2 D3  current D0\n\tMSI supports 16 messages, 64 bit\npcib7: \u003cMPTable PCI-PCI bridge\u003e at device 0.0 on pci2\npcib7:   domain            0\npcib7:   secondary bus     3\npcib7:   subordinate bus   3\npcib7:   I/O decode        0x7000-0x7fff\npcib7:   memory decode     0xff400000-0xff4fffff\npcib7:   no prefetched decode\npci3: \u003cPCI bus\u003e on pcib7\npci3: domain=0, physical bus=3\nfound-\u003e\tvendor=0x14d2, dev=0xa007, revid=0x00\n\tdomain=0, bus=3, slot=0, func=0\n\tclass=07-00-06, hdrtype=0x00, mfdev=1\n\tcmdreg=0x0003, statreg=0x0290, cachelnsz=0 (dwords)\n\tlattimer=0x00 (0 ns), mingnt=0x00 (0 ns), maxlat=0x00 (0 ns)\n\tintpin=a, irq=10\n\tpowerspec 1  supports D0 D2 D3  current D0\n\tmap[10]: type I/O Port, range 32, base 0x7800, size  5, enabled\npcib7: requested I/O range 0x7800-0x781f: in range\npcib6: requested I/O range 0x7800-0x781f: in range\n\tmap[14]: type Memory, range 32, base 0xff4fd000, size 12, enabled\npcib7: requested memory range 0xff4fd000-0xff4fdfff: good\npcib6: requested memory range 0xff4fd000-0xff4fdfff: good\n\tmap[18]: type I/O Port, range 32, base 0x7480, size  5, enabled\npcib7: requested I/O range 0x7480-0x749f: in range\npcib6: requested I/O range 0x7480-0x749f: in range\n\tmap[1c]: type Memory, range 32, base 0xff4fc000, size 12, enabled\npcib7: requested memory range 0xff4fc000-0xff4fcfff: good\npcib6: requested memory range 0xff4fc000-0xff4fcfff: good\npcib7: slot 0 INTA routed to irq 17\nfound-\u003e\tvendor=0x14d2, dev=0xa008, revid=0x00\n\tdomain=0, bus=3, slot=0, func=1\n\tclass=07-00-06, hdrtype=0x00, mfdev=1\n\tcmdreg=0x0003, statreg=0x0290, cachelnsz=0 (dwords)\n\tlattimer=0x00 (0 ns), mingnt=0x00 (0 ns), maxlat=0x00 (0 ns)\n\tintpin=a, irq=10\n\tpowerspec 1  supports D0 D2 D3  current D0\n\tmap[10]: type I/O Port, range 32, base 0x7c00, size  5, enabled\npcib7: requested I/O range 0x7c00-0x7c1f: in range\npcib6: requested I/O range 0x7c00-0x7c1f: in range\n\tmap[14]: type Memory, range 32, base 0xff4ff000, size 12, enabled\npcib7: requested memory range 0xff4ff000-0xff4fffff: good\npcib6: requested memory range 0xff4ff000-0xff4fffff: good\n\tmap[18]: type I/O Port, range 32, base 0x7880, size  5, enabled\npcib7: requested I/O range 0x7880-0x789f: in range\npcib6: requested I/O range 0x7880-0x789f: in range\n\tmap[1c]: type Memory, range 32, base 0xff4fe000, size 12, enabled\npcib7: requested memory range 0xff4fe000-0xff4fefff: good\npcib6: requested memory range 0xff4fe000-0xff4fefff: good\npcib7: slot 0 INTA routed to irq 17\npci3: \u003csimple comms, UART\u003e at device 0.0 (no driver attached)\npci3: \u003csimple comms, UART\u003e at device 0.1 (no driver attached)\nuhci2: \u003cUHCI (generic) USB controller\u003e port 0xd400-0xd41f irq 23 at\ndevice 29.0 on pci0\nuhci2: Reserved 0x20 bytes for rid 0x20 type 4 at 0xd400\nioapic0: routing intpin 23 (PCI IRQ 23) to vector 51\nuhci2: [GIANT-LOCKED]\nuhci2: [ITHREAD]\nusb3: \u003cUHCI (generic) USB controller\u003e on uhci2\nusb3: USB revision 1.0\nuhub3: \u003cIntel UHCI root hub, class 9/0, rev 1.00/1.00, addr 1\u003e on usb3\nuhub3: 2 ports with 2 removable, self powered\nuhci3: \u003cUHCI (generic) USB controller\u003e port 0xd480-0xd49f irq 19 at\ndevice 29.1 on pci0\nuhci3: Reserved 0x20 bytes for rid 0x20 type 4 at 0xd480\nioapic0: routing intpin 19 (PCI IRQ 19) to vector 52\nuhci3: [GIANT-LOCKED]\nuhci3: [ITHREAD]\nusb4: \u003cUHCI (generic) USB controller\u003e on uhci3\nusb4: USB revision 1.0\nuhub4: \u003cIntel UHCI root hub, class 9/0, rev 1.00/1.00, addr 1\u003e on usb4\nuhub4: 2 ports with 2 removable, self powered\nuhci4: \u003cUHCI (generic) USB controller\u003e port 0xd800-0xd81f irq 18 at\ndevice 29.2 on pci0\nuhci4: Reserved 0x20 bytes for rid 0x20 type 4 at 0xd800\nuhci4: [GIANT-LOCKED]\nuhci4: [ITHREAD]\nusb5: \u003cUHCI (generic) USB controller\u003e on uhci4\nusb5: USB revision 1.0\nuhub5: \u003cIntel UHCI root hub, class 9/0, rev 1.00/1.00, addr 1\u003e on usb5\nuhub5: 2 ports with 2 removable, self powered\nehci1: \u003cEHCI (generic) USB 2.0 controller\u003e mem 0xff9fb400-0xff9fb7ff\nirq 23 at device 29.7 on pci0\nehci1: Reserved 0x400 bytes for rid 0x10 type 3 at 0xff9fb400\nehci1: [GIANT-LOCKED]\nehci1: [ITHREAD]\nusb6: waiting for BIOS to give up control\nusb6: timed out waiting for BIOS\nusb6: EHCI version 1.0\nusb6: companion controllers, 2 ports each: usb3 usb4 usb5\nusb6: \u003cEHCI (generic) USB 2.0 controller\u003e on ehci1\nusb6: USB revision 2.0\nuhub6: \u003cIntel EHCI root hub, class 9/0, rev 2.00/1.00, addr 1\u003e on usb6\nuhub6: 6 ports with 6 removable, self powered\npcib8: \u003cMPTable PCI-PCI bridge\u003e at device 30.0 on pci0\npcib8:   domain            0\npcib8:   secondary bus     8\npcib8:   subordinate bus   8\npcib8:   I/O decode        0xa000-0xbfff\npcib8:   memory decode     0xff700000-0xff7fffff\npcib8:   no prefetched decode\npcib8:   Subtractively decoded bridge.\npci8: \u003cPCI bus\u003e on pcib8\npci8: domain=0, physical bus=8\nfound-\u003e\tvendor=0x14d2, dev=0x8080, revid=0x00\n\tdomain=0, bus=8, slot=0, func=0\n\tclass=07-00-02, hdrtype=0x00, mfdev=0\n\tcmdreg=0x0001, statreg=0x0200, cachelnsz=0 (dwords)\n\tlattimer=0x00 (0 ns), mingnt=0x00 (0 ns), maxlat=0x00 (0 ns)\n\tintpin=a, irq=14\n\tmap[10]: type I/O Port, range 32, base 0xbc00, size  3, enabled\npcib8: requested I/O range 0xbc00-0xbc07: in range\n\tmap[14]: type I/O Port, range 32, base 0xb880, size  3, enabled\npcib8: requested I/O range 0xb880-0xb887: in range\n\tmap[18]: type I/O Port, range 32, base 0xb800, size  3, enabled\npcib8: requested I/O range 0xb800-0xb807: in range\n\tmap[1c]: type I/O Port, range 32, base 0xb480, size  3, enabled\npcib8: requested I/O range 0xb480-0xb487: in range\n\tmap[20]: type I/O Port, range 32, base 0xb400, size  6, enabled\npcib8: requested I/O range 0xb400-0xb43f: in range\npcib8: slot 0 INTA routed to irq 21\nfound-\u003e\tvendor=0x10b7, dev=0x9200, revid=0x74\n\tdomain=0, bus=8, slot=1, func=0\n\tclass=02-00-00, hdrtype=0x00, mfdev=0\n\tcmdreg=0x0017, statreg=0x0210, cachelnsz=8 (dwords)\n\tlattimer=0x40 (1920 ns), mingnt=0x0a (2500 ns), maxlat=0x0a (2500 ns)\n\tintpin=a, irq=3\n\tpowerspec 2  supports D0 D1 D2 D3  current D0\n\tmap[10]: type I/O Port, range 32, base 0xb080, size  7, enabled\npcib8: requested I/O range 0xb080-0xb0ff: in range\n\tmap[14]: type Memory, range 32, base 0xff7ffc00, size  7, enabled\npcib8: requested memory range 0xff7ffc00-0xff7ffc7f: good\npcib8: slot 1 INTA routed to irq 22\nfound-\u003e\tvendor=0x1106, dev=0x3044, revid=0xc0\n\tdomain=0, bus=8, slot=3, func=0\n\tclass=0c-00-10, hdrtype=0x00, mfdev=0\n\tcmdreg=0x0017, statreg=0x0210, cachelnsz=8 (dwords)\n\tlattimer=0x40 (1920 ns), mingnt=0x00 (0 ns), maxlat=0x20 (8000 ns)\n\tintpin=a, irq=14\n\tpowerspec 2  supports D0 D2 D3  current D0\n\tmap[10]: type Memory, range 32, base 0xff7ff000, size 11, enabled\npcib8: requested memory range 0xff7ff000-0xff7ff7ff: good\n\tmap[14]: type I/O Port, range 32, base 0xb000, size  7, enabled\npcib8: requested I/O range 0xb000-0xb07f: in range\npcib8: slot 3 INTA routed to irq 21\nfound-\u003e\tvendor=0x11ab, dev=0x4320, revid=0x14\n\tdomain=0, bus=8, slot=4, func=0\n\tclass=02-00-00, hdrtype=0x00, mfdev=0\n\tcmdreg=0x0017, statreg=0x02b0, cachelnsz=8 (dwords)\n\tlattimer=0x40 (1920 ns), mingnt=0x17 (5750 ns), maxlat=0x1f (7750 ns)\n\tintpin=a, irq=15\n\tpowerspec 2  supports D0 D1 D2 D3  current D0\n\tmap[10]: type Memory, range 32, base 0xff7f8000, size 14, enabled\npcib8: requested memory range 0xff7f8000-0xff7fbfff: good\n\tmap[14]: type I/O Port, range 32, base 0xa800, size  8, enabled\npcib8: requested I/O range 0xa800-0xa8ff: in range\npcib8: slot 4 INTA routed to irq 19\npuc0: \u003cTitan VScom PCI-800L\u003e port\n0xbc00-0xbc07,0xb880-0xb887,0xb800-0xb807,0xb480-0xb487,0xb400-0xb43f\nirq 21 at device 0.0 on pci8\npuc0: Reserved 0x8 bytes for rid 0x14 type 4 at 0xb880\npuc0: Reserved 0x8 bytes for rid 0x18 type 4 at 0xb800\npuc0: Reserved 0x40 bytes for rid 0x20 type 4 at 0xb400\nioapic0: routing intpin 21 (PCI IRQ 21) to vector 53\npuc0: [FILTER]\nuart0: \u003c16550 or compatible\u003e on puc0\nuart0: [FILTER]\nuart0: fast interrupt\nuart1: \u003c16550 or compatible\u003e on puc0\nuart1: [FILTER]\nuart1: fast interrupt\nuart2: \u003c16550 or compatible\u003e on puc0\nuart2: [FILTER]\nuart2: fast interrupt\nuart3: \u003c16550 or compatible\u003e on puc0\nuart3: [FILTER]\nuart3: fast interrupt\nuart4: \u003c16550 or compatible\u003e on puc0\nuart4: [FILTER]\nuart4: fast interrupt\nuart5: \u003c16550 or compatible\u003e on puc0\nuart5: [FILTER]\nuart5: fast interrupt\nuart6: \u003c16550 or compatible\u003e on puc0\nuart6: [FILTER]\nuart6: fast interrupt\nuart7: \u003c16550 or compatible\u003e on puc0\nuart7: [FILTER]\nuart7: fast interrupt\nxl0: \u003c3Com 3c905C-TX Fast Etherlink XL\u003e port 0xb080-0xb0ff mem\n0xff7ffc00-0xff7ffc7f irq 22 at device 1.0 on pci8\nxl0: Reserved 0x80 bytes for rid 0x14 type 3 at 0xff7ffc00\nxl0: using memory mapped I/O\nxl0: media options word: a\nxl0: found MII/AUTO\nmiibus0: \u003cMII bus\u003e on xl0\nxlphy0: \u003c3c905C 10/100 internal PHY\u003e PHY 24 on miibus0\nxlphy0:  10baseT, 10baseT-FDX, 100baseTX, 100baseTX-FDX, auto\nxl0: bpf attached\nxl0: Ethernet address: 00:01:02:0b:19:c4\nioapic0: routing intpin 22 (PCI IRQ 22) to vector 54\nxl0: [MPSAFE]\nxl0: [ITHREAD]\nfwohci0: \u003cVIA Fire II (VT6306)\u003e port 0xb000-0xb07f mem\n0xff7ff000-0xff7ff7ff irq 21 at device 3.0 on pci8\nfwohci0: Reserved 0x800 bytes for rid 0x10 type 3 at 0xff7ff000\nfwohci0: [MPSAFE]\nfwohci0: [FILTER]\nfwohci0: OHCI version 1.10 (ROM=1)\nfwohci0: No. of Isochronous channels is 4.\nfwohci0: EUI64 00:11:d8:00:01:6f:84:48\nfwohci0: Phy 1394a available S400, 2 ports.\nfwohci0: Link S400, max_rec 2048 bytes.\nfirewire0: \u003cIEEE1394(FireWire) bus\u003e on fwohci0\nsbp0: \u003cSBP-2/SCSI over FireWire\u003e on firewire0\ndcons_crom0: \u003cdcons configuration ROM\u003e on firewire0\ndcons_crom0: bus_addr 0x12fc000\nfwohci0: Initiate bus reset\nfwohci0: BUS reset\nfwohci0: node_id=0xc800ffc0, gen=1, CYCLEMASTER mode\nskc0: \u003cMarvell Gigabit Ethernet\u003e port 0xa800-0xa8ff mem\n0xff7f8000-0xff7fbfff irq 19 at device 4.0 on pci8\nskc0: Reserved 0x4000 bytes for rid 0x10 type 3 at 0xff7f8000\nskc0: interrupt moderation is 100 us\nskc0: Marvell Yukon Lite Gigabit Ethernet rev. (0x9)\nskc0: chip ver  = 0xb1\nskc0: chip rev  = 0x09\nskc0: SK_EPROM0 = 0x10\nskc0: SRAM size = 0x010000\nsk0: \u003cMarvell Semiconductor, Inc. Yukon\u003e on skc0\nsk0: bpf attached\nsk0: Ethernet address: 00:1d:60:48:c2:80\nmiibus1: \u003cMII bus\u003e on sk0\ne1000phy0: \u003cMarvell 88E1011 Gigabit PHY\u003e PHY 0 on miibus1\ne1000phy0:  10baseT, 10baseT-FDX, 100baseTX, 100baseTX-FDX, 1000baseTX-FDX, auto\nskc0: [MPSAFE]\nskc0: [ITHREAD]\nisab0: \u003cPCI-ISA bridge\u003e at device 31.0 on pci0\nisa0: \u003cISA bus\u003e on isab0\natapci1: \u003cIntel ICH8 SATA300 controller\u003e port\n0xe880-0xe887,0xe800-0xe803,0xe480-0xe487,0xe400-0xe403,0xe080-0xe08f,0xe000-0xe00f\nirq 19 at device 31.2 on pci0\natapci1: Reserved 0x10 bytes for rid 0x20 type 4 at 0xe080\natapci1: [MPSAFE]\natapci1: [ITHREAD]\natapci1: Reserved 0x10 bytes for rid 0x24 type 4 at 0xe000\nata5: \u003cATA channel 0\u003e on atapci1\natapci1: Reserved 0x8 bytes for rid 0x10 type 4 at 0xe880\natapci1: Reserved 0x4 bytes for rid 0x14 type 4 at 0xe800\nata5: reset tp1 mask=03 ostat0=50 ostat1=00\nata5: stat0=0x50 err=0x01 lsb=0x00 msb=0x00\nata5: stat1=0x00 err=0x01 lsb=0x00 msb=0x00\nata5: reset tp2 stat0=50 stat1=00 devices=0x1\u003cATA_MASTER\u003e\nata5: [MPSAFE]\nata5: [ITHREAD]\nata6: \u003cATA channel 1\u003e on atapci1\natapci1: Reserved 0x8 bytes for rid 0x18 type 4 at 0xe480\natapci1: Reserved 0x4 bytes for rid 0x1c type 4 at 0xe400\nata6: reset tp1 mask=03 ostat0=00 ostat1=00\nata6: stat0=0x00 err=0x01 lsb=0x14 msb=0xeb\nata6: stat1=0x00 err=0x01 lsb=0x14 msb=0xeb\nata6: reset tp2 stat0=00 stat1=00 devices=0xc\u003cATAPI_SLAVE,ATAPI_MASTER\u003e\nata6: [MPSAFE]\nata6: [ITHREAD]\npci0: \u003cserial bus, SMBus\u003e at device 31.3 (no driver attached)\natapci2: \u003cIntel ICH8 SATA300 controller\u003e port\n0xd080-0xd087,0xd000-0xd003,0xcc00-0xcc07,0xc880-0xc883,0xc800-0xc80f,0xc480-0xc48f\nirq 19 at device 31.5 on pci0\natapci2: Reserved 0x10 bytes for rid 0x20 type 4 at 0xc800\natapci2: [MPSAFE]\natapci2: [ITHREAD]\natapci2: Reserved 0x10 bytes for rid 0x24 type 4 at 0xc480\nata7: \u003cATA channel 0\u003e on atapci2\natapci2: Reserved 0x8 bytes for rid 0x10 type 4 at 0xd080\natapci2: Reserved 0x4 bytes for rid 0x14 type 4 at 0xd000\nata7: reset tp1 mask=03 ostat0=7f ostat1=7f\nata7: stat0=0x7f err=0xff lsb=0xff msb=0xff\nata7: stat0=0x7f err=0xff lsb=0xff msb=0xff\nata7: stat0=0x7f err=0xff lsb=0xff msb=0xff\nata7: stat0=0x7f err=0xff lsb=0xff msb=0xff\nata7: stat0=0x7f err=0xff lsb=0xff msb=0xff\nata7: stat0=0x7f err=0xff lsb=0xff msb=0xff\nata7: stat0=0x7f err=0xff lsb=0xff msb=0xff\nata7: stat0=0x7f err=0xff lsb=0xff msb=0xff\nata7: stat0=0x7f err=0xff lsb=0xff msb=0xff\nata7: stat0=0x7f err=0xff lsb=0xff msb=0xff\nata7: stat0=0x7f err=0xff lsb=0xff msb=0xff\nata7: stat0=0x7f err=0xff lsb=0xff msb=0xff\nata7: stat0=0x7f err=0xff lsb=0xff msb=0xff\nata7: stat0=0x7f err=0xff lsb=0xff msb=0xff\nata7: stat0=0x7f err=0xff lsb=0xff msb=0xff\nata7: stat0=0x7f err=0xff lsb=0xff msb=0xff\nata7: stat0=0x7f err=0xff lsb=0xff msb=0xff\nata7: stat0=0x7f err=0xff lsb=0xff msb=0xff\nata7: stat0=0x7f err=0xff lsb=0xff msb=0xff\nata7: stat0=0x7f err=0xff lsb=0xff msb=0xff\nata7: stat0=0x7f err=0xff lsb=0xff msb=0xff\nata7: stat0=0x7f err=0xff lsb=0xff msb=0xff\nata7: stat1=0x7f err=0xff lsb=0xff msb=0xff\nata7: reset tp2 stat0=ff stat1=ff devices=0x0\nata7: [MPSAFE]\nata7: [ITHREAD]\nata8: \u003cATA channel 1\u003e on atapci2\natapci2: Reserved 0x8 bytes for rid 0x18 type 4 at 0xcc00\natapci2: Reserved 0x4 bytes for rid 0x1c type 4 at 0xc880\nata8: reset tp1 mask=03 ostat0=7f ostat1=7f\nata8: stat0=0x7f err=0xff lsb=0xff msb=0xff\nata8: stat0=0x7f err=0xff lsb=0xff msb=0xff\nata8: stat0=0x7f err=0xff lsb=0xff msb=0xff\nata8: stat0=0x7f err=0xff lsb=0xff msb=0xff\nata8: stat0=0x7f err=0xff lsb=0xff msb=0xff\nata8: stat0=0x7f err=0xff lsb=0xff msb=0xff\nata8: stat0=0x7f err=0xff lsb=0xff msb=0xff\nata8: stat0=0x7f err=0xff lsb=0xff msb=0xff\nata8: stat0=0x7f err=0xff lsb=0xff msb=0xff\nata8: stat0=0x7f err=0xff lsb=0xff msb=0xff\nata8: stat0=0x7f err=0xff lsb=0xff msb=0xff\nata8: stat0=0x7f err=0xff lsb=0xff msb=0xff\nata8: stat0=0x7f err=0xff lsb=0xff msb=0xff\nata8: stat0=0x7f err=0xff lsb=0xff msb=0xff\nata8: stat0=0x7f err=0xff lsb=0xff msb=0xff\nata8: stat0=0x7f err=0xff lsb=0xff msb=0xff\nata8: stat0=0x7f err=0xff lsb=0xff msb=0xff\nata8: stat0=0x7f err=0xff lsb=0xff msb=0xff\nata8: stat0=0x7f err=0xff lsb=0xff msb=0xff\nata8: stat0=0x7f err=0xff lsb=0xff msb=0xff\nata8: stat0=0x7f err=0xff lsb=0xff msb=0xff\nata8: stat0=0x7f err=0xff lsb=0xff msb=0xff\nata8: stat1=0x7f err=0xff lsb=0xff msb=0xff\nata8: reset tp2 stat0=ff stat1=ff devices=0x0\nata8: [MPSAFE]\nata8: [ITHREAD]\npnp_identify: Trying Read_Port at 203\npnp_identify: Trying Read_Port at 243\npnp_identify: Trying Read_Port at 283\npnp_identify: Trying Read_Port at 2c3\npnp_identify: Trying Read_Port at 303\npnp_identify: Trying Read_Port at 343\npnp_identify: Trying Read_Port at 383\npnp_identify: Trying Read_Port at 3c3\nPNP Identify complete\npnpbios: 16 devices, largest 238 bytes\nPNP0c01: adding fixed memory32 range 0-0x9fbff, size=0x9fc00\nPNP0c01: adding fixed memory32 range 0x9fc00-0x9ffff, size=0x400\nPNP0c01: adding fixed memory32 range 0xe4000-0xfffff, size=0x1c000\nPNP0c01: adding fixed memory32 range 0x100000-0x3e78ffff, size=0x3e690000\nPNP0c01: adding fixed memory32 range 0x3e790000-0x3e79dfff, size=0xe000\nPNP0c01: adding fixed memory32 range 0x3e79e000-0x3e7dffff, size=0x42000\nPNP0c01: adding fixed memory32 range 0x3e7e0000-0x3e7fffff, size=0x20000\nPNP0c01: adding fixed memory32 range 0xfee00000-0xfee00fff, size=0x1000\nPNP0c01: adding fixed memory32 range 0xffb00000-0xffffffff, size=0x500000\npnpbios: handle 0 device ID PNP0c01 (010cd041)\nPNP0200: adding dma mask 0x10\nPNP0200: adding io range 0-0xf, size=0x10, align=0x1\nPNP0200: adding io range 0x80-0x90, size=0x11, align=0x1\nPNP0200: adding io range 0x94-0x9f, size=0xc, align=0x1\nPNP0200: adding io range 0xc0-0xde, size=0x1f, align=0x1\npnpbios: handle 2 device ID PNP0200 (0002d041)\nPNP0100: adding irq mask 0x1\nPNP0100: adding io range 0x40-0x43, size=0x4, align=0x1\npnpbios: handle 3 device ID PNP0100 (0001d041)\nPNP0b00: adding irq mask 0x100\nPNP0b00: adding io range 0x70-0x71, size=0x2, align=0x1\npnpbios: handle 4 device ID PNP0b00 (000bd041)\npnpbios: handle 5 device ID PNP0a03 (030ad041)\nPNP0800: adding io range 0x61-0x61, size=0x1, align=0x1\npnpbios: handle 6 device ID PNP0800 (0008d041)\nPNP0c04: adding irq mask 0x2000\nPNP0c04: adding io range 0xf0-0xff, size=0x10, align=0x1\npnpbios: handle 7 device ID PNP0c04 (040cd041)\nPNP0501: adding io range 0x3f8-0x3ff, size=0x8, align=0x8\nPNP0501: adding irq mask 0x10\npnpbios: handle 8 device ID PNP0501 (0105d041)\nPNP0c02: adding io range 0x290-0x297, size=0x8, align=0x8\npnpbios: handle 9 device ID PNP0c02 (020cd041)\nINT0800: adding fixed memory32 range 0xffb00000-0xffffffff, size=0x500000\npnpbios: handle 10 device ID INT0800 (0008d425)\nPNP0c02: adding io range 0x4d0-0x4d1, size=0x2, align=0x1\nPNP0c02: adding io range 0xcf8-0xcff, size=0x8, align=0x1\nPNP0c02: adding io range 0x72-0x75, size=0x4, align=0x1\nPNP0c02: adding io range 0x480-0x4bf, size=0x40, align=0x1\nPNP0c02: adding io range 0x800-0x87f, size=0x80, align=0x1\nPNP0c02: adding io range 0x8f0-0x8ff, size=0x10, align=0x1\nPNP0c02: adding io range 0x2e-0x2e, size=0x1, align=0x1\nPNP0c02: adding io range 0x2f-0x2f, size=0x1, align=0x1\nPNP0c02: adding fixed memory32 range 0xfed1c000-0xfed1ffff, size=0x4000\npnpbios: handle 11 device ID PNP0c02 (020cd041)\npnpbios: handle 12 device ID PNP0c02 (020cd041)\nsc: sc0 already exists; skipping it\nvga: vga0 already exists; skipping it\nisa_probe_children: disabling PnP devices\nisa_probe_children: probing non-PnP devices\npmtimer0 on isa0\norm0: \u003cISA Option ROMs\u003e at iomem\n0xc0000-0xcafff,0xcb000-0xcd7ff,0xcd800-0xcdfff pnpid ORM0000 on isa0\nadv0: not probed (disabled)\naha0: not probed (disabled)\naic0: not probed (disabled)\nata0 at port 0x1f0-0x1f7,0x3f6 irq 14 on isa0\nata0: reset tp1 mask=00 ostat0=ff ostat1=ff\nioapic0: routing intpin 14 (ISA IRQ 14) to vector 55\nata0: [MPSAFE]\nata0: [ITHREAD]\nata1 at port 0x170-0x177,0x376 irq 15 on isa0\nata1: reset tp1 mask=00 ostat0=ff ostat1=ff\nioapic0: routing intpin 15 (ISA IRQ 15) to vector 56\nata1: [MPSAFE]\nata1: [ITHREAD]\natkbdc0: \u003cKeyboard controller (i8042)\u003e at port 0x60,0x64 on isa0\natkbd0: \u003cAT Keyboard\u003e irq 1 on atkbdc0\nkbd0 at atkbd0\nkbd0: atkbd0, generic (0), config:0x0, flags:0x3f0000\nioapic0: routing intpin 1 (ISA IRQ 1) to vector 57\natkbd0: [GIANT-LOCKED]\natkbd0: [ITHREAD]\npsm0: current command byte:0065\npsm0: failed to reset the aux device.\nbt0: not probed (disabled)\ncs0: not probed (disabled)\ned0: not probed (disabled)\nfdc0 failed to probe at port 0x3f0-0x3f5,0x3f7 irq 6 drq 2 on isa0\nfe0: not probed (disabled)\nie0: not probed (disabled)\nle0: not probed (disabled)\nppc0 failed to probe at irq 7 on isa0\nsc0: \u003cSystem console\u003e at flags 0x100 on isa0\nsc0: VGA \u003c16 virtual consoles, flags=0x300\u003e\nsc0: fb0, kbd1, terminal emulator: sc (syscons terminal)\nsio0 failed to probe at port 0x3f8 irq 4 on isa0\nsio1 failed to probe at port 0x2f8 irq 3 on isa0\nsio2: not probed (disabled)\nsio3: not probed (disabled)\nsn0: not probed (disabled)\nvga0: \u003cGeneric ISA VGA\u003e at port 0x3c0-0x3df iomem 0xa0000-0xbffff on isa0\nvt0: not probed (disabled)\nisa_probe_children: probing PnP devices\nunknown: \u003cPNP0c01\u003e can't assign resources (memory)\nunknown: \u003cPNP0c01\u003e at iomem 0-0x9fbff pnpid PNP0c01 on isa0\nunknown: \u003cPNP0800\u003e failed to probe at port 0x61 pnpid PNP0800 on isa0\nuart8: \u003c16550 or compatible\u003e at port 0x3f8-0x3ff irq 4 pnpid PNP0501 on isa0\nioapic0: routing intpin 4 (ISA IRQ 4) to vector 58\nuart8: [FILTER]\nuart8: fast interrupt\nunknown: \u003cINT0800\u003e can't assign resources (memory)\nunknown: \u003cINT0800\u003e pnpid INT0800 on isa0\nukbd0: \u003cLITEON Technology USB Multimedia Keyboard, class 0/0, rev\n1.10/1.01, addr 2\u003e on uhub3\nkbd2 at ukbd0\nkbd2: ukbd0, generic (0), config:0x0, flags:0x3d0000\nDevice configuration finished.\nprocfs registered\nlapic: Divisor 2, Frequency 100313011 hz\nTimecounter \"TSC\" frequency 1605008120 Hz quality -100\nTimecounters tick every 1.000 msec\nlo0: bpf attached\nfirewire0: 1 nodes, maxhop \u003c= 0, cable IRM = 0 (me)\nfirewire0: bus manager 0 (me)\nata5-master: pio=PIO4 wdma=WDMA2 udma=UDMA133 cable=40 wire\nad10: 152627MB \u003cSAMSUNG HD160HJ BF100-12\u003e at ata5-master SATA300\nad10: 312581808 sectors [310101C/16H/63S] 16 sectors/interrupt 1 depth queue\nGEOM: new disk ad10\nad10: Intel check1 failed\nad10: Adaptec check1 failed\nad10: LSI (v3) check1 failed\nad10: LSI (v2) check1 failed\nad10: FreeBSD check1 failed\nata6: reiniting channel ..\nata6: reset tp1 mask=03 ostat0=00 ostat1=00\nata6: stat0=0x00 err=0x01 lsb=0x14 msb=0xeb\nata6: stat1=0x00 err=0x01 lsb=0x14 msb=0xeb\nata6: reset tp2 stat0=00 stat1=00 devices=0xc\u003cATAPI_SLAVE,ATAPI_MASTER\u003e\nata6: reinit done ..\nata6: reiniting channel ..\nata6: reset tp1 mask=03 ostat0=00 ostat1=00\nata6: stat0=0x00 err=0x01 lsb=0x14 msb=0xeb\nata6: stat1=0x00 err=0x01 lsb=0x14 msb=0xeb\nata6: reset tp2 stat0=00 stat1=00 devices=0xc\u003cATAPI_SLAVE,ATAPI_MASTER\u003e\nata6: reinit done ..\nata6-master: pio=PIO4 wdma=WDMA2 udma=UDMA100 cable=40 wire\nacd0: \u003cOptiarc DVD RW AD-7190S/1.01\u003e DVDR drive at ata6 as master\nacd0: read 8269KB/s (2067KB/s) write 8269KB/s (8269KB/s), 2048KB buffer, SATA150\nacd0: Reads: CDR, CDRW, CDDA stream, DVDROM, DVDR, DVDRAM, packet\nacd0: Writes: CDR, CDRW, DVDR, DVDRAM, test write, burnproof\nacd0: Audio: play, 256 volume levels\nacd0: Mechanism: ejectable tray, unlocked\nacd0: Medium: no/blank disc\n(probe0:sbp0:0:0:0): error 22\n(probe0:sbp0:0:0:0): Unretryable Error\n(probe1:sbp0:0:1:0): error 22\n(probe1:sbp0:0:1:0): Unretryable Error\n(probe2:sbp0:0:2:0): error 22\n(probe2:sbp0:0:2:0): Unretryable Error\n(probe3:sbp0:0:3:0): error 22\n(probe3:sbp0:0:3:0): Unretryable Error\n(probe4:sbp0:0:4:0): error 22\n(probe4:sbp0:0:4:0): Unretryable Error\n(probe5:sbp0:0:5:0): error 22\n(probe5:sbp0:0:5:0): Unretryable Error\n(probe6:sbp0:0:6:0): error 22\n(probe6:sbp0:0:6:0): Unretryable Error\nATA PseudoRAID loaded\nSMP: AP CPU #1 Launched!\ncpu1 AP:\n     ID: 0x01000000   VER: 0x00050014 LDR: 0x00000000 DFR: 0xffffffff\n  lint0: 0x00010700 lint1: 0x00000400 TPR: 0x00000000 SVR: 0x000001ff\n  timer: 0x000200ef therm: 0x00010000 err: 0x00010000 pcm: 0x00010000\nioapic0: Assigning ISA IRQ 1 to local APIC 0\nioapic0: Assigning ISA IRQ 4 to local APIC 1\nioapic0: Assigning ISA IRQ 14 to local APIC 0\nioapic0: Assigning ISA IRQ 15 to local APIC 1\nioapic0: Assigning PCI IRQ 16 to local APIC 0\nioapic0: Assigning PCI IRQ 17 to local APIC 1\nioapic0: Assigning PCI IRQ 18 to local APIC 0\nioapic0: Assigning PCI IRQ 19 to local APIC 1\nioapic0: Assigning PCI IRQ 21 to local APIC 0\nioapic0: Assigning PCI IRQ 22 to local APIC 1\nioapic0: Assigning PCI IRQ 23 to local APIC 0\nTrying to mount root from ufs:/dev/ad10s1a\nstart_init: trying /sbin/init\nsk0: link state changed to UP\n\n\nRegards,\nMaxim\n\n2008/5/30 Remko Lodder \u003cremko@freebsd.org\u003e:\n\u003e\n\u003e Maxim Frolov wrote:\n\u003e\n\u003e Please submit a 'boot -v' or verbose boot in the boot options,\n\u003e and a pciconf -vl.\n\u003e\n\u003e Thanks.\n\u003e\n\u003e --\n\u003e\n\u003e /\"\\   Best regards,                      | remko@FreeBSD.org\n\u003e \\ /   Remko Lodder                       | remko@EFnet\n\u003e  X    http://www.evilcoder.org/          |\n\u003e / \\   ASCII Ribbon Campaign              | Against HTML Mail and News"
}