{
 "id": 804074,
 "bug_id": 196571,
 "attachment_id": 0,
 "creation_time": "2015-01-06T19:29:01Z",
 "creator": "emmh@gulli.com",
 "text": "sysctl dev.cpu.0 causes kernel panic: page fault\n\nHow-To-Repeat:\n Grep an IBM ThinkPad T20, select BIOS-Defaults, install 10.1-RELEASE and reboot.\n\nIt's an old Laptop, but 10.0-RELEASE it works fine. \n\n\n###################################################################\n\u003e uname -a\nFreeBSD arthur 10.1-RELEASE FreeBSD 10.1-RELEASE #0 r274401: Tue Nov 11 22:51:51 UTC 2014     root@releng1.nyi.freebsd.org:/usr/obj/usr/src/sys/GENERIC  i386\n\n###################################################################\n\u003e pciconf -l\nhostb0@pci0:0:0:0:\tclass=0x060000 card=0x00000000 chip=0x71908086 rev=0x03 hdr=0x00\npcib1@pci0:0:1:0:\tclass=0x060400 card=0x00000000 chip=0x71918086 rev=0x03 hdr=0x01\ncbb0@pci0:0:2:0:\tclass=0x060700 card=0x01301014 chip=0xac1b104c rev=0x03 hdr=0x02\ncbb1@pci0:0:2:1:\tclass=0x060700 card=0x01301014 chip=0xac1b104c rev=0x03 hdr=0x02\nxl0@pci0:0:3:0:\tclass=0x020000 card=0x635610b7 chip=0x605610b7 rev=0x20 hdr=0x00\nnone0@pci0:0:3:1:\tclass=0x078000 card=0x615910b7 chip=0x100710b7 rev=0x20 hdr=0x00\ncsa0@pci0:0:5:0:\tclass=0x040100 card=0x01531014 chip=0x60031013 rev=0x01 hdr=0x00\nisab0@pci0:0:7:0:\tclass=0x068000 card=0x00000000 chip=0x71108086 rev=0x02 hdr=0x00\natapci0@pci0:0:7:1:\tclass=0x010180 card=0x00000000 chip=0x71118086 rev=0x01 hdr=0x00\nuhci0@pci0:0:7:2:\tclass=0x0c0300 card=0x00000000 chip=0x71128086 rev=0x01 hdr=0x00\nnone1@pci0:0:7:3:\tclass=0x068000 card=0x00000000 chip=0x71138086 rev=0x03 hdr=0x00\nvgapci0@pci0:1:0:0:\tclass=0x030000 card=0x017f1014 chip=0x8c125333 rev=0x11 hdr=0x00\n\n###################################################################\n\u003e dmesg\nCopyright (c) 1992-2014 The FreeBSD Project.\nCopyright (c) 1979, 1980, 1983, 1986, 1988, 1989, 1991, 1992, 1993, 1994\n\tThe Regents of the University of California. All rights reserved.\nFreeBSD is a registered trademark of The FreeBSD Foundation.\nFreeBSD 10.1-RELEASE #0 r274401: Tue Nov 11 22:51:51 UTC 2014\n    root@releng1.nyi.freebsd.org:/usr/obj/usr/src/sys/GENERIC i386\nFreeBSD clang version 3.4.1 (tags/RELEASE_34/dot1-final 208032) 20140512\nVT: running with driver \"vga\".\nCPU: Intel Pentium III (696.99-MHz 686-class CPU)\n  Origin = \"GenuineIntel\"  Id = 0x686  Family = 0x6  Model = 0x8  Stepping = 6\n  Features=0x383f9ff\u003cFPU,VME,DE,PSE,TSC,MSR,PAE,MCE,CX8,SEP,MTRR,PGE,MCA,CMOV,PAT,PSE36,MMX,FXSR,SSE\u003e\nreal memory  = 268435456 (256 MB)\navail memory = 239337472 (228 MB)\nkbd1 at kbdmux0\nrandom: \u003cSoftware, Yarrow\u003e initialized\nmodule_register_init: MOD_LOAD (vesa, 0xc0f8d070, 0) error 19\nacpi0: \u003cPTLTD   RSDT\u003e on motherboard\nacpi0: Power Button (fixed)\nacpi0: reservation of 0, a0000 (3) failed\nacpi0: reservation of 100000, ff00000 (3) failed\ncpu0: \u003cACPI CPU\u003e on acpi0\nattimer0: \u003cAT timer\u003e port 0x40-0x43 irq 0 on acpi0\nTimecounter \"i8254\" frequency 1193182 Hz quality 0\nEvent timer \"i8254\" frequency 1193182 Hz quality 100\natrtc0: \u003cAT realtime clock\u003e port 0x70-0x73 irq 8 on acpi0\nEvent timer \"RTC\" frequency 32768 Hz quality 0\nTimecounter \"ACPI-safe\" frequency 3579545 Hz quality 850\nacpi_timer0: \u003c24-bit timer at 3.579545MHz\u003e port 0x1008-0x100b on acpi0\nacpi_ec0: \u003cEmbedded Controller: GPE 0x9, GLK\u003e port 0x62,0x66 on acpi0\nacpi_lid0: \u003cControl Method Lid Switch\u003e on acpi0\nacpi_button0: \u003cSleep Button\u003e on acpi0\npcib0: \u003cACPI Host-PCI bridge\u003e port 0xcf8-0xcff on acpi0\npci0: \u003cACPI PCI bus\u003e on pcib0\nagp0: \u003cIntel 82443BX (440 BX) host to PCI bridge\u003e on hostb0\npcib1: \u003cACPI PCI-PCI bridge\u003e at device 1.0 on pci0\npci1: \u003cACPI PCI bus\u003e on pcib1\nvgapci0: \u003cVGA-compatible display\u003e mem 0xf0000000-0xf7ffffff irq 11 at device 0.0 on pci1\nvgapci0: Boot video device\ncbb0: \u003cTI1450 PCI-CardBus Bridge\u003e mem 0x50000000-0x50000fff irq 11 at device 2.0 on pci0\ncardbus0: \u003cCardBus bus\u003e on cbb0\npccard0: \u003c16-bit PCCard bus\u003e on cbb0\ncbb1: \u003cTI1450 PCI-CardBus Bridge\u003e mem 0x50100000-0x50100fff irq 11 at device 2.1 on pci0\ncardbus1: \u003cCardBus bus\u003e on cbb1\npccard1: \u003c16-bit PCCard bus\u003e on cbb1\nxl0: \u003c3Com 3c556B Fast Etherlink XL\u003e irq 11 at device 3.0 on pci0\nmiibus0: \u003cMII bus\u003e on xl0\nacphy0: \u003cAC101 10/100 media interface\u003e PHY 0 on miibus0\nacphy0:  none, 10baseT, 10baseT-FDX, 100baseTX, 100baseTX-FDX, auto, auto-flow\nxl0: Ethernet address: 00:00:86:46:2a:e4\npci0: \u003csimple comms\u003e at device 3.1 (no driver attached)\ncsa0: \u003cCS4280/CS4614/CS4622/CS4624/CS4630\u003e mem 0xe8100000-0xe8100fff,0xe8000000-0xe80fffff irq 11 at device 5.0 on pci0\ncsa: card is Thinkpad 600X/A20/T20\ncsa0: [GIANT-LOCKED]\npcm0: \u003cCS461x PCM Audio\u003e on csa0\npcm0: \u003cCirrus Logic CS4297A AC97 Codec\u003e\npcm0: [GIANT-LOCKED]\nisab0: \u003cPCI-ISA bridge\u003e at device 7.0 on pci0\nisa0: \u003cISA bus\u003e on isab0\natapci0: \u003cIntel PIIX4 UDMA33 controller\u003e port 0x1f0-0x1f7,0x3f6,0x170-0x177,0x376,0x1c00-0x1c0f at device 7.1 on pci0\nata0: \u003cATA channel\u003e at channel 0 on atapci0\nata1: \u003cATA channel\u003e at channel 1 on atapci0\nuhci0: \u003cIntel 82371AB/EB (PIIX4) USB controller\u003e port 0x1c20-0x1c3f irq 11 at device 7.2 on pci0\nusbus0 on uhci0\npci0: \u003cbridge\u003e at device 7.3 (no driver attached)\nacpi_tz0: \u003cThermal Zone\u003e on acpi0\natkbdc0: \u003cKeyboard controller (i8042)\u003e port 0x60,0x64 irq 1 on acpi0\natkbd0: \u003cAT Keyboard\u003e irq 1 on atkbdc0\nkbd0 at atkbd0\natkbd0: [GIANT-LOCKED]\npsm0: \u003cPS/2 Mouse\u003e irq 12 on atkbdc0\npsm0: [GIANT-LOCKED]\npsm0: model Generic PS/2 mouse, device ID 0\nfdc0: \u003cfloppy drive controller (FDE)\u003e port 0x3f0-0x3f5,0x3f7 irq 6 drq 2 on acpi0\nbattery0: \u003cACPI Control Method Battery\u003e on acpi0\nacpi_acad0: \u003cAC Adapter\u003e on acpi0\nacpi_ibm0: \u003cIBM ThinkPad ACPI Extras\u003e on acpi0\npmtimer0 on isa0\norm0: \u003cISA Option ROMs\u003e at iomem 0xc0000-0xcbfff,0xcc000-0xcc7ff,0xe0000-0xeffff pnpid ORM0000 on isa0\nppc0: parallel port not found.\nsmist0: \u003cSpeedStep SMI\u003e on cpu0\nrandom: unblocking device.\nusbus0: 12Mbps Full Speed USB v1.0\nTimecounters tick every 1.000 msec\nugen0.1: \u003cIntel\u003e at usbus0\nuhub0: \u003cIntel UHCI root HUB, class 9/0, rev 1.00/1.00, addr 1\u003e on usbus0\nuhub0: 2 ports with 2 removable, self powered\nada0 at ata0 bus 0 scbus0 target 0 lun 0\ncd0 at ata1 bus 0 scbus1 target 0 lun 0\ncd0: \u003cTEAC CD-224E 2.7B\u003e Removable CD-ROM SCSI-0 device \ncd0: 33.300MB/s transfers (UDMA2, ATAPI 12bytes, PIO 65534bytes)\ncd0: Attempt to query device size failed: NOT READY, Medium not present\nada0: \u003cHITACHI DK23DA-20B 00J2A0B6\u003e ATA-5 device\nada0: Serial Number 13YZB2\nada0: 33.300MB/s transfers (UDMA2, PIO 8192bytes)\nada0: 19077MB (39070080 512 byte sectors: 15H 63S/T 16383C)\nada0: Previously was known as ad0\nTimecounter \"TSC\" frequency 696986781 Hz quality 800\nTrying to mount root from ufs:/dev/ada0p2 [rw]...\nWARNING: / was not properly dismounted\nWARNING: /: mount pending error: blocks 0 files 1"
}