{
 "id": 718313,
 "bug_id": 179376,
 "attachment_id": 0,
 "creation_time": "2013-06-11T10:12:39Z",
 "creator": "michal@sviba.cz",
 "text": "no device attached\n\n\nCPU: Intel(R) Core(TM) i5-3570 CPU @ 3.40GHz (3392.37-MHz K8-class CPU)\n   Origin = \"GenuineIntel\"  Id = 0x306a9  Family = 6  Model = 3a \nStepping = 9\nFeatures=0xbfebfbff\u003cFPU,VME,DE,PSE,TSC,MSR,PAE,MCE,CX8,APIC,SEP,MTRR,PGE,MCA,CMOV,PAT,PSE36,CLFLUSH,DTS,ACPI,MMX,FXSR,SSE,SSE2,SS,HTT,TM,PBE\u003e\nFeatures2=0x7fbae3ff\u003cSSE3,PCLMULQDQ,DTES64,MON,DS_CPL,VMX,SMX,EST,TM2,SSSE3,CX16,xTPR,PDCM,PCID,SSE4.1,SSE4.2,x2APIC,POPCNT,TSCDLT,AESNI,XSAVE,OSXSAVE,AVX,F16C,RDRAND\u003e\n   AMD Features=0x28100800\u003cSYSCALL,NX,RDTSCP,LM\u003e\n   AMD Features2=0x1\u003cLAHF\u003e\n   TSC: P-state invariant, performance statistics\nreal memory  = 17179869184 (16384 MB)\navail memory = 16401600512 (15641 MB)\nEvent timer \"LAPIC\" quality 600\nACPI APIC Table: \u003cHPQOEM SLIC-BPC\u003e\nFreeBSD/SMP: Multiprocessor System Detected: 4 CPUs\nFreeBSD/SMP: 1 package(s) x 4 core(s)\n  cpu0 (BSP): APIC ID:  0\n  cpu1 (AP): APIC ID:  2\n  cpu2 (AP): APIC ID:  4\n  cpu3 (AP): APIC ID:  6\nACPI Warning: FADT (revision 5) is longer than ACPI 2.0 version, \ntruncating length 268 to 244 (20110527/tbfadt-320)\nioapic0 \u003cVersion 2.0\u003e irqs 0-23 on motherboard\nkbd1 at kbdmux0\nctl: CAM Target Layer loaded\ncryptosoft0: \u003csoftware crypto\u003e on motherboard\nacpi0: \u003cHPQOEM SLIC-BPC\u003e on motherboard\nacpi0: Power Button (fixed)\nacpi0: reservation of 67, 1 (4) failed\ncpu0: \u003cACPI CPU\u003e on acpi0\ncpu1: \u003cACPI CPU\u003e on acpi0\ncpu2: \u003cACPI CPU\u003e on acpi0\ncpu3: \u003cACPI CPU\u003e on acpi0\nhpet0: \u003cHigh Precision Event Timer\u003e iomem 0xfed00000-0xfed003ff on acpi0\nTimecounter \"HPET\" frequency 14318180 Hz quality 950\nEvent timer \"HPET\" frequency 14318180 Hz quality 550\nEvent timer \"HPET1\" frequency 14318180 Hz quality 440\nEvent timer \"HPET2\" frequency 14318180 Hz quality 440\nEvent timer \"HPET3\" frequency 14318180 Hz quality 440\nEvent timer \"HPET4\" frequency 14318180 Hz quality 440\natrtc0: \u003cAT realtime clock\u003e port 0x70-0x77 irq 8 on acpi0\natrtc0: Warning: Couldn't map I/O.\nEvent timer \"RTC\" frequency 32768 Hz quality 0\nattimer0: \u003cAT timer\u003e port 0x40-0x43,0x50-0x53 irq 0 on acpi0\nTimecounter \"i8254\" frequency 1193182 Hz quality 0\nEvent timer \"i8254\" frequency 1193182 Hz quality 100\nTimecounter \"ACPI-fast\" frequency 3579545 Hz quality 900\nacpi_timer0: \u003c24-bit timer at 3.579545MHz\u003e port 0x408-0x40b on acpi0\npcib0: \u003cACPI Host-PCI bridge\u003e port 0xcf8-0xcff on acpi0\npci0: \u003cACPI PCI bus\u003e on pcib0\nvgapci0: \u003cVGA-compatible display\u003e port 0xf000-0xf03f mem \n0xf7800000-0xf7bfffff,0xe0000000-0xefffffff irq 16 at device 2.0 on pci0\nagp0: \u003cIvyBridge desktop GT1 IG\u003e on vgapci0\nagp0: aperture size is 256M, detected 65532k stolen memory\nxhci0: \u003cIntel Panther Point USB 3.0 controller\u003e mem \n0xf7c20000-0xf7c2ffff irq 16 at device 20.0 on pci0\nxhci0: 32 byte context size.\nusbus0 on xhci0\npci0: \u003csimple comms\u003e at device 22.0 (no driver attached)\npci0: \u003csimple comms, UART\u003e at device 22.3 (no driver attached)\nem0: \u003cIntel(R) PRO/1000 Network Connection 7.3.2\u003e port 0xf080-0xf09f mem \n0xf7c00000-0xf7c1ffff,0xf7c39000-0xf7c39fff irq 20 at device 25.0 on pci0\nem0: Using an MSI interrupt\nem0: Ethernet address: 6c:3b:e5:38:ca:00\nehci0: \u003cIntel Panther Point USB 2.0 controller\u003e mem \n0xf7c38000-0xf7c383ff irq 16 at device 26.0 on pci0\nusbus1: EHCI version 1.0\nusbus1 on ehci0\nhdac0: \u003cIntel Panther Point HDA Controller\u003e mem 0xf7c30000-0xf7c33fff \nirq 22 at device 27.0 on pci0\nehci1: \u003cIntel Panther Point USB 2.0 controller\u003e mem \n0xf7c37000-0xf7c373ff irq 23 at device 29.0 on pci0\nusbus2: EHCI version 1.0\nusbus2 on ehci1\npcib1: \u003cACPI PCI-PCI bridge\u003e at device 30.0 on pci0\npci1: \u003cACPI PCI bus\u003e on pcib1\nisab0: \u003cPCI-ISA bridge\u003e at device 31.0 on pci0\nisa0: \u003cISA bus\u003e on isab0\nahci0: \u003cIntel Panther Point AHCI SATA controller\u003e port \n0xf0d0-0xf0d7,0xf0c0-0xf0c3,0xf0b0-0xf0b7,0xf0a0-0xf0a3,0xf060-0xf07f \nmem 0xf7c36000-0xf7c367ff irq 19 at device 31.2 on pci0\nahci0: AHCI v1.30 with 6 6Gbps ports, Port Multiplier not supported\nahcich0: \u003cAHCI channel\u003e at channel 0 on ahci0\nahcich1: \u003cAHCI channel\u003e at channel 1 on ahci0\npci0: \u003cserial bus, SMBus\u003e at device 31.3 (no driver attached)\nacpi_button0: \u003cPower Button\u003e on acpi0\nacpi_tz0: \u003cThermal Zone\u003e on acpi0\nacpi_tz1: \u003cThermal Zone\u003e on acpi0\natkbdc0: \u003cKeyboard controller (i8042)\u003e port 0x60,0x64 irq 1 on acpi0\natkbd0: \u003cAT Keyboard\u003e irq 1 on atkbdc0\nkbd0 at atkbd0\natkbd0: [GIANT-LOCKED]\ndriver bug: Unable to set devclass (devname: (null))\nuart0: \u003c16550 or compatible\u003e port 0x3f8-0x3ff irq 4 flags 0x10 on acpi0\norm0: \u003cISA Option ROM\u003e at iomem 0xce800-0xcf7ff on isa0\nsc0: \u003cSystem console\u003e at flags 0x100 on isa0\nsc0: VGA \u003c16 virtual consoles, flags=0x300\u003e\nvga0: \u003cGeneric ISA VGA\u003e at port 0x3c0-0x3df iomem 0xa0000-0xbffff on isa0\nppc0: cannot reserve I/O port range\nest0: \u003cEnhanced SpeedStep Frequency Control\u003e on cpu0\np4tcc0: \u003cCPU Frequency Thermal Control\u003e on cpu0\nest1: \u003cEnhanced SpeedStep Frequency Control\u003e on cpu1\np4tcc1: \u003cCPU Frequency Thermal Control\u003e on cpu1\nest2: \u003cEnhanced SpeedStep Frequency Control\u003e on cpu2\np4tcc2: \u003cCPU Frequency Thermal Control\u003e on cpu2\nest3: \u003cEnhanced SpeedStep Frequency Control\u003e on cpu3\np4tcc3: \u003cCPU Frequency Thermal Control\u003e on cpu3\nTimecounters tick every 1.000 msec\n\n\n-- \nMichal Sviba"
}