{
 "id": 414596,
 "bug_id": 117297,
 "attachment_id": 0,
 "creation_time": "2007-10-18T15:10:01Z",
 "creator": "d.komaleev@konliga.ru",
 "text": "There is one FreeBSD server in our company. The server platform is:\nSupermicro SuperServer 6014V-T2B (2x Intel Xeon 2.8, 1Gb RAM, 3WARE\n3W-8006-2LP RAID-Controller).\n\nThe server works as:\n- a gateway between LAN and Internet\n- an Intranet web- and database server (Apache + MySQL + PHP)\n- a firewall (OpenBSD pf)\n- a transparent proxy server (Squid)\n\nA monthly traffic through this server is about 100Gb. There is about 200\ninternet users in our conpany.\n\nHere is a part of my dmesg-listing:\n\nCopyright (c) 1992-2007 The FreeBSD Project.\nCopyright (c) 1979, 1980, 1983, 1986, 1988, 1989, 1991, 1992, 1993, 1994\n\tThe Regents of the University of California. All rights reserved.\nFreeBSD is a registered trademark of The FreeBSD Foundation.\nFreeBSD 6.2-RELEASE-p8 #2: Thu Oct 11 19:51:25 MSD 2007\n    say@gateway.konliga.ru:/usr/obj/usr/src/sys/KERNEL01_NOSMP\nmodule_register: module pci/em already exists!\nModule pci/em failed to register: 17\nACPI APIC Table: \u003cA M I  OEMAPIC \u003e\nTimecounter \"i8254\" frequency 1193182 Hz quality 0\nCPU: Intel(R) Xeon(TM) CPU 2.80GHz (2800.12-MHz 686-class CPU)\n  Origin = \"GenuineIntel\"  Id = 0xf43  Stepping = 3\n  Features=0xbfebfbff\u003cFPU,VME,DE,PSE,TSC,MSR,PAE,MCE,CX8,APIC,SEP,MTRR,PGE,MCA,CMOV,PAT,PSE36,CLFLUSH,DTS,ACPI,MMX,FXSR,SSE,SSE2,SS,HTT,TM,PBE\u003e\n  Features2=0x641d\u003cSSE3,RSVD2,MON,DS_CPL,CNTX-ID,CX16,\u003cb14\u003e\u003e\n  AMD Features=0x20000000\u003cLM\u003e\n  Logical CPUs per core: 2\nreal memory  = 1073479680 (1023 MB)\navail memory = 1041465344 (993 MB)\nioapic0 \u003cVersion 2.0\u003e irqs 0-23 on motherboard\nioapic1 \u003cVersion 2.0\u003e irqs 24-47 on motherboard\nichwd module loaded\nkbd1 at kbdmux0\nath_hal: 0.9.17.2 (AR5210, AR5211, AR5212, RF5111, RF5112, RF2413, RF5413)\nacpi0: \u003cA M I OEMRSDT\u003e on motherboard\nacpi0: Power Button (fixed)\nTimecounter \"ACPI-fast\" frequency 3579545 Hz quality 1000\nacpi_timer0: \u003c24-bit timer at 3.579545MHz\u003e port 0x408-0x40b on acpi0\ncpu0: \u003cACPI CPU\u003e on acpi0\nacpi_throttle0: \u003cACPI CPU Throttling\u003e on cpu0\npcib0: \u003cACPI Host-PCI bridge\u003e port 0xcf8-0xcff on acpi0\npci0: \u003cACPI PCI bus\u003e on pcib0\npcib1: \u003cACPI PCI-PCI bridge\u003e irq 16 at device 2.0 on pci0\npci1: \u003cACPI PCI bus\u003e on pcib1\npcib2: \u003cACPI PCI-PCI bridge\u003e irq 16 at device 3.0 on pci0\npci2: \u003cACPI PCI bus\u003e on pcib2\npcib3: \u003cACPI PCI-PCI bridge\u003e at device 28.0 on pci0\npci3: \u003cACPI PCI bus\u003e on pcib3\ntwe0: \u003c3ware Storage Controller. Driver version 1.50.01.002\u003e port 0xbc00-0xbc0f mem 0xfc9ffc00-0xfc9ffc0f,0xfc000000-0xfc7fffff irq 24 at device 1.0 on pci3\ntwe0: [GIANT-LOCKED]\ntwe0: 2 ports, Firmware FE8S 1.05.00.068, BIOS BE7X 1.08.00.048\nem0: \u003cIntel(R) PRO/1000 Network Connection Version - 6.6.6\u003e port 0xb800-0xb83f mem 0xfc9c0000-0xfc9dffff irq 26 at device 3.0 on pci3\nem0: Ethernet address: 00:30:48:58:4d:2a\nem0: [FAST]\nem1: \u003cIntel(R) PRO/1000 Network Connection Version - 6.6.6\u003e port 0xb400-0xb43f mem 0xfc9a0000-0xfc9bffff irq 27 at device 4.0 on pci3\nem1: Ethernet address: 00:30:48:58:4d:2b\nem1: [FAST]\nuhci0: \u003cUHCI (generic) USB controller\u003e port 0xe800-0xe81f irq 16 at device 29.0 on pci0\nuhci0: [GIANT-LOCKED]\nusb0: \u003cUHCI (generic) USB controller\u003e on uhci0\nusb0: USB revision 1.0\nuhub0: Intel UHCI root hub, class 9/0, rev 1.00/1.00, addr 1\nuhub0: 2 ports with 2 removable, self powered\nuhci1: \u003cUHCI (generic) USB controller\u003e port 0xec00-0xec1f irq 19 at device 29.1 on pci0\nuhci1: [GIANT-LOCKED]\nusb1: \u003cUHCI (generic) USB controller\u003e on uhci1\nusb1: USB revision 1.0\nuhub1: Intel UHCI root hub, class 9/0, rev 1.00/1.00, addr 1\nuhub1: 2 ports with 2 removable, self powered\npci0: \u003cbase peripheral\u003e at device 29.4 (no driver attached)\npci0: \u003cbase peripheral, interrupt controller\u003e at device 29.5 (no driver attached)\nehci0: \u003cIntel 6300ESB USB 2.0 controller\u003e mem 0xfebffc00-0xfebfffff irq 23 at device 29.7 on pci0\nehci0: [GIANT-LOCKED]\nusb2: EHCI version 1.0\nusb2: companion controllers, 2 ports each: usb0 usb1\nusb2: \u003cIntel 6300ESB USB 2.0 controller\u003e on ehci0\nusb2: USB revision 2.0\nuhub2: Intel EHCI root hub, class 9/0, rev 2.00/1.00, addr 1\nuhub2: 4 ports with 4 removable, self powered\npcib4: \u003cACPI PCI-PCI bridge\u003e at device 30.0 on pci0\npci4: \u003cACPI PCI bus\u003e on pcib4\npci4: \u003cdisplay, VGA\u003e at device 5.0 (no driver attached)\nisab0: \u003cPCI-ISA bridge\u003e at device 31.0 on pci0\nisa0: \u003cISA bus\u003e on isab0\natapci0: \u003cIntel 6300ESB UDMA100 controller\u003e port 0x1f0-0x1f7,0x3f6,0x170-0x177,0x376,0xfc00-0xfc0f at device 31.1 on pci0\nata0: \u003cATA channel 0\u003e on atapci0\nata1: \u003cATA channel 1\u003e on atapci0\npci0: \u003cserial bus, SMBus\u003e at device 31.3 (no driver attached)\nacpi_button0: \u003cPower Button\u003e on acpi0\nacpi_button1: \u003cSleep Button\u003e on acpi0\nsio0: configured irq 4 not in bitmap of probed irqs 0\nsio0: port may not be enabled\nsio0: \u003c16550A-compatible COM port\u003e port 0x3f8-0x3ff irq 4 flags 0x10 on acpi0\nsio0: type 16550A\nsio1: configured irq 3 not in bitmap of probed irqs 0\nsio1: port may not be enabled\nsio1: \u003c16550A-compatible COM port\u003e port 0x2f8-0x2ff irq 3 on acpi0\nsio1: type 16550A\nfdc0: \u003cfloppy drive controller (FDE)\u003e port 0x3f0-0x3f5,0x3f7 irq 6 drq 2 on acpi0\nfdc0: [FAST]\nfd0: \u003c1440-KB 3.5\" drive\u003e on fdc0 drive 0\nppc0: \u003cECP parallel printer port\u003e port 0x378-0x37f,0x778-0x77f irq 7 drq 3 on acpi0\nppc0: SMC-like chipset (ECP/EPP/PS2/NIBBLE) in COMPATIBLE mode\nppc0: FIFO with 16/16/9 bytes threshold\nppbus0: \u003cParallel port bus\u003e on ppc0\nplip0: \u003cPLIP network interface\u003e on ppbus0\nlpt0: \u003cPrinter\u003e on ppbus0\nlpt0: Interrupt-driven port\nppi0: \u003cParallel I/O\u003e on ppbus0\natkbdc0: \u003cKeyboard controller (i8042)\u003e port 0x60,0x64 irq 1 on acpi0\natkbd0: \u003cAT Keyboard\u003e irq 1 on atkbdc0\nkbd0 at atkbd0\natkbd0: [GIANT-LOCKED]\npsm0: \u003cPS/2 Mouse\u003e irq 12 on atkbdc0\npsm0: [GIANT-LOCKED]\npsm0: model IntelliMouse, device ID 3\nichwd0: \u003cIntel 6300ESB watchdog timer\u003e on isa0\npmtimer0 on isa0\norm0: \u003cISA Option ROMs\u003e at iomem 0xc0000-0xc7fff,0xc8000-0xc8fff,0xc9800-0xca7ff,0xca800-0xcb7ff on isa0\nsc0: \u003cSystem console\u003e at flags 0x100 on isa0\nsc0: VGA \u003c16 virtual consoles, flags=0x300\u003e\nvga0: \u003cGeneric ISA VGA\u003e at port 0x3c0-0x3df iomem 0xa0000-0xbffff on isa0\nTimecounter \"TSC\" frequency 2800118202 Hz quality 800\nTimecounters tick every 1.000 msec\nacd0: CDROM \u003cCD-224E-N/1.AA\u003e at ata0-master UDMA33\ntwed0: \u003cUnit 0, TwinStor, Normal\u003e on twe0\ntwed0: 152626MB (312579760 sectors)\nTrying to mount root from ufs:/dev/twed0s1a\next0: link state changed to UP\nint0: link state changed to UP\nvlan0: link state changed to UP\n\nThis server hangs up under working load every day without any messages in the log files and on the system console. A keyboard in this moment dosen't work too. I can make only hard reset and after restart coredump files are not appearing.\nHere is my kernel configuration file:\n\ninclude GENERIC\nident KERNEL01_NOSMP\ndevice ichwd\n#options SMP\noptions ALTQ\noptions ALTQ_CBQ\noptions ALTQ_RED\noptions ALTQ_RIO\noptions ALTQ_HFSC\noptions ALTQ_PRIQ\n#options ALTQ_NOPCC\noptions SC_DISABLE_REBOOT\noptions MP_WATCHDOG\noptions SW_WATCHDOG\n\nIf I make and install a kernel with SMP options the system under working load begins hang up every two hours.\n\nThe two days \"Memtest\" gave no result.\nI tried to install the newest Intel ethernet adapter driver, but without any results.\nAs an experiment I tried also to plug a system HDD to another sever platform (SuperServer 6015V-TB), but system hanging didn't stop.\nI think that it is not only hardware problem.\nLinux (Gentoo) and Windows server 2003 on this hardware were working fine.\n\nPlease help me to find a solution and solve a problem."
}