{
 "id": 424107,
 "bug_id": 119303,
 "attachment_id": 0,
 "creation_time": "2008-03-26T21:48:24Z",
 "creator": "ccowart@rescomp.berkeley.edu",
 "text": "I'm having an issue with the same Intel SATA controller being unable to\r\ndetect my harddrive. It works great on 6.2, but I get a mountroot prompt\r\njust as this PR describes on 7.0 RELEASE. \r\n\r\nMy kernel configuration is:\r\n\r\ninclude         GENERIC\r\nident           AUX_DEV\r\noptions         IPSEC\r\noptions         IPSEC_FILTERTUNNEL\r\ndevice          crypto\r\noptions         QUOTA\r\noptions         IPFIREWALL\r\noptions         IPFIREWALL_VERBOSE\r\noptions         IPFIREWALL_VERBOSE_LIMIT=100\r\noptions         IPFIREWALL_FORWARD\r\noptions         DUMMYNET\r\noptions         IPDIVERT\r\noptions         HZ=1000\r\ndevice          carp\r\n\r\nThe 6.2 kernel is the same (except we have IPSEC_ESP and no crypto device\r\nfor the old IPSec implementation).\r\n\r\nPlease let me know if I can provide any information to help troubleshoot\r\nthis. Thanks!\r\n\r\nWorking configuration:\r\n\r\n$ grep -i ata dmesg-6.2 \r\natapci0: \u003cIntel 6300ESB SATA150 controller\u003e port\r\n0x1f0-0x1f7,0x3f6,0x170-0x177,0x376,0x1470-0x147f at device 31.2 on pci0\r\nata0: \u003cATA channel 0\u003e on atapci0\r\nata1: \u003cATA channel 1\u003e on atapci0\r\nacd0: CDROM \u003cLG CD-ROM CRN-8245B/1.16\u003e at ata0-master UDMA33\r\nad2: 76324MB \u003cSeagate ST380013AS 3.25\u003e at ata1-master SATA150\r\n\r\n$ mount\r\n/dev/ad2s1a on / (ufs, local)\r\ndevfs on /dev (devfs, local)\r\n/dev/ad2s1d on /tmp (ufs, local, soft-updates)\r\n/dev/ad2s1f on /usr (ufs, local, soft-updates)\r\n/dev/ad2s1e on /var (ufs, local, soft-updates)\r\nhal:/export/home on /home (nfs)\r\n\r\nVerbose boot for 7.0:\r\n\r\nType '?' for a list of commands, 'help' for more detailed help.\r\nOK set boot_verbose=YES\r\nOK set boot_single=YES\r\nOK boot\r\n/boot/kernel/acpi.ko text=0x520e8 data=0x23a0+0x186c syms=[0x4+0x85c0+0x4+0xb056]\r\nSMAP type=01 base=0000000000000000 len=000000000009b800\r\nSMAP type=02 base=000000000009b800 len=0000000000004800\r\nSMAP type=02 base=00000000000ca000 len=0000000000002000\r\nSMAP type=02 base=00000000000e0000 len=0000000000020000\r\nSMAP type=01 base=0000000000100000 len=000000001fe70000\r\nSMAP type=03 base=000000001ff70000 len=0000000000006000\r\nSMAP type=04 base=000000001ff76000 len=000000000000a000\r\nSMAP type=02 base=000000001ff80000 len=0000000000080000\r\nSMAP type=02 base=00000000fec00000 len=0000000000010000\r\nSMAP type=02 base=00000000fee00000 len=0000000000001000\r\nSMAP type=02 base=00000000ff800000 len=0000000000400000\r\nSMAP type=02 base=00000000fffffc00 len=0000000000000400\r\nCopyright (c) 1992-2008 The FreeBSD Project.\r\nCopyright (c) 1979, 1980, 1983, 1986, 1988, 1989, 1991, 1992, 1993, 1994\r\n        The Regents of the University of California. All rights reserved.\r\nFreeBSD is a registered trademark of The FreeBSD Foundation.\r\nFreeBSD 7.0-RELEASE #6: Mon Mar 24 15:38:25 PDT 2008\r\n    root@dev-aux.rescomp.berkeley.edu:/usr/obj/usr/src/sys/AUX_DEV\r\nPreloaded elf kernel \"/boot/kernel/kernel\" at 0xc0dfc000.\r\nPreloaded elf module \"/boot/kernel/acpi.ko\" at 0xc0dfc1c4.\r\nCalibrating clock(s) ... i8254 clock: 1193512 Hz\r\nCLK_USE_I8254_CALIBRATION not specified - using default frequency\r\nTimecounter \"i8254\" frequency 1193182 Hz quality 0\r\nCalibrating TSC clock ... TSC clock: 2800482055 Hz\r\nCPU: Intel(R) Pentium(R) 4 CPU 2.80GHz (2800.48-MHz 686-class CPU)\r\n  Origin = \"GenuineIntel\"  Id = 0xf34  Stepping = 4\r\n  Features=0xbfebfbff\u003cFPU,VME,DE,PSE,TSC,MSR,PAE,MCE,CX8,APIC,SEP,MTRR,PGE,MCA,CMOV,PAT,PSE36,CLFLUSH,DTS,ACPI,MMX,FXSR,SSE,SSE2,SS,HTT,TM,PBE\u003e\r\n  Features2=0x441d\u003cSSE3,RSVD2,MON,DS_CPL,CNXT-ID,xTPR\u003e\r\n  Logical CPUs per core: 2\r\n\r\nInstruction TLB: 4 KB, 2 MB or 4 MB pages, fully associative, 64 entries\r\nData TLB: 4 KB or 4 MB pages, fully associative, 64 entries\r\n1st-level data cache: 16 KB, 8-way set associative, sectored cache, 64 byte line size\r\nTrace cache: 12K-uops, 8-way set associative\r\n2nd-level cache: 1 MB, 8-way set associative, sectored cache, 64 byte line size\r\nL2 cache: 1024 kbytes, 8-way associative, 64 bytes/line\r\nreal memory  = 536281088 (511 MB)\r\nPhysical memory chunk(s):\r\n0x0000000000001000 - 0x000000000009afff, 630784 bytes (154 pages)\r\n0x0000000000100000 - 0x00000000003fffff, 3145728 bytes (768 pages)\r\n0x0000000001028000 - 0x000000001f62dfff, 509632512 bytes (124422 pages)\r\navail memory = 510939136 (487 MB)\r\nTable 'FACP' at 0x1ff75e1e\r\nTable 'APIC' at 0x1ff75e92\r\nMADT: Found table at 0x1ff75e92\r\nMP Configuration Table version 1.4 found at 0xc009bda0\r\nAPIC: Using the MADT enumerator.\r\nMADT: Found CPU APIC ID 0 ACPI ID 0: enabled\r\nSMP: Added CPU 0 (AP)\r\nMADT: Found CPU APIC ID 1 ACPI ID 1: enabled\r\nSMP: Added CPU 1 (AP)\r\nACPI APIC Table: \u003cPTLTD          APIC  \u003e\r\nFreeBSD/SMP: Multiprocessor System Detected: 2 CPUs\r\n cpu0 (BSP): APIC ID:  0\r\n cpu1 (AP): APIC ID:  1\r\nbios32: Found BIOS32 Service Directory header at 0xc00f6150\r\nbios32: Entry = 0xfd5b6 (c00fd5b6)  Rev = 0  Len = 1\r\npcibios: PCI BIOS entry at 0xfd520+0x21f\r\npnpbios: Found PnP BIOS data at 0xc00f61b0\r\npnpbios: Entry = f0000:aade  Rev = 1.0\r\nOther BIOS signatures found:\r\nAPIC: CPU 0 has ACPI ID 0\r\nAPIC: CPU 1 has ACPI ID 1\r\nACPI: RSDP @ 0x0xf6170/0x0014 (v  0 PTLTD )\r\nACPI: RSDT @ 0x0x1ff7070d/0x0038 (v  1 PTLTD    RSDT   0x06040000  LTP 0x00000000)\r\nACPI: FACP @ 0x0x1ff75e1e/0x0074 (v  1 INTEL  CANTWOOD 0x06040000 PTL  0x00000003)\r\nACPI: DSDT @ 0x0x1ff70745/0x56D9 (v  1  INTEL CANTWOOD 0x06040000 MSFT 0x0100000C)\r\nACPI: FACS @ 0x0x1ff76fc0/0x0040\r\nACPI: APIC @ 0x0x1ff75e92/0x0074 (v  1 PTLTD     APIC   0x06040000  LTP 0x00000000)\r\nACPI: BOOT @ 0x0x1ff75f06/0x0028 (v  1 PTLTD  $SBFTBL$ 0x06040000  LTP 0x00000001)\r\nACPI: ASF! @ 0x0x1ff75f2e/0x009B (v 32 IBM        CETP 0x06040000 PTL  0x00000001)\r\nACPI: SSDT @ 0x0x1ff75fc9/0x0037 (v  1 PTLTD  ACPIHT   0x06040000  LTP 0x00000001)\r\nMADT: Found IO APIC ID 2, Interrupt 0 at 0xfec00000\r\nioapic0: Routing external 8259A's -\u003e intpin 0\r\nMADT: Found IO APIC ID 3, Interrupt 24 at 0xfec10000\r\nMADT: Interrupt override: source 0, irq 2\r\nioapic0: Routing IRQ 0 -\u003e intpin 2\r\nMADT: Interrupt override: source 9, irq 9\r\nioapic0: intpin 9 trigger: level\r\nlapic0: Routing NMI -\u003e LINT1\r\nlapic0: LINT1 trigger: edge\r\nlapic0: LINT1 polarity: high\r\nlapic1: Routing NMI -\u003e LINT1\r\nlapic1: LINT1 trigger: edge\r\nlapic1: LINT1 polarity: high\r\nioapic0 \u003cVersion 2.0\u003e irqs 0-23 on motherboard\r\nioapic1 \u003cVersion 2.0\u003e irqs 24-47 on motherboard\r\ncpu0 BSP:\r\n     ID: 0x00000000   VER: 0x00050014 LDR: 0x00000000 DFR: 0xffffffff\r\n  lint0: 0x00010700 lint1: 0x00000400 TPR: 0x00000000 SVR: 0x000001ff\r\n  timer: 0x000100ef therm: 0x00000200 err: 0x00010000 pcm: 0x00010000\r\nath_rate: version 1.2 \u003cSampleRate bit-rate selection algorithm\u003e\r\nwlan_amrr: \u003cAMRR Transmit Rate Control Algorithm\u003e\r\nwlan: \u003c802.11 Link Layer\u003e\r\nrandom: \u003centropy source, Software, Yarrow\u003e\r\nnfslock: pseudo-device\r\ncrypto: \u003ccrypto core\u003e\r\nkbd: new array size 4\r\nkbd1 at kbdmux0\r\nmem: \u003cmemory\u003e\r\nPentium Pro MTRR support enabled\r\nio: \u003cI/O\u003e\r\nnull: \u003cnull device, zero device\u003e\r\nath_hal: 0.9.20.3 (AR5210, AR5211, AR5212, RF5111, RF5112, RF2413, RF5413)\r\nhptrr: HPT RocketRAID controller driver v1.1 (Mar 24 2008 15:33:39)\r\nnpx0: INT 16 interface\r\ncryptosoft0: \u003csoftware crypto\u003e on motherboard\r\ncrypto: assign cryptosoft0 driver id 0, flags 100663296\r\ncrypto: cryptosoft0 registers alg 1 flags 0 maxoplen 0\r\ncrypto: cryptosoft0 registers alg 2 flags 0 maxoplen 0\r\ncrypto: cryptosoft0 registers alg 3 flags 0 maxoplen 0\r\ncrypto: cryptosoft0 registers alg 4 flags 0 maxoplen 0\r\ncrypto: cryptosoft0 registers alg 5 flags 0 maxoplen 0\r\ncrypto: cryptosoft0 registers alg 16 flags 0 maxoplen 0\r\ncrypto: cryptosoft0 registers alg 6 flags 0 maxoplen 0\r\ncrypto: cryptosoft0 registers alg 7 flags 0 maxoplen 0\r\ncrypto: cryptosoft0 registers alg 18 flags 0 maxoplen 0\r\ncrypto: cryptosoft0 registers alg 19 flags 0 maxoplen 0\r\ncrypto: cryptosoft0 registers alg 20 flags 0 maxoplen 0\r\ncrypto: cryptosoft0 registers alg 8 flags 0 maxoplen 0\r\ncrypto: cryptosoft0 registers alg 15 flags 0 maxoplen 0\r\ncrypto: cryptosoft0 registers alg 9 flags 0 maxoplen 0\r\ncrypto: cryptosoft0 registers alg 10 flags 0 maxoplen 0\r\ncrypto: cryptosoft0 registers alg 13 flags 0 maxoplen 0\r\ncrypto: cryptosoft0 registers alg 14 flags 0 maxoplen 0\r\ncrypto: cryptosoft0 registers alg 11 flags 0 maxoplen 0\r\ncrypto: cryptosoft0 registers alg 21 flags 0 maxoplen 0\r\ncrypto: cryptosoft0 registers alg 17 flags 0 maxoplen 0\r\nacpi0: \u003cPTLTD   RSDT\u003e on motherboard\r\nioapic0: routing intpin 9 (ISA IRQ 9) to vector 48\r\nacpi0: [MPSAFE]\r\nacpi0: [ITHREAD]\r\nacpi0: Power Button (fixed)\r\nacpi0: wakeup code va 0xcd051000 pa 0x1000\r\npci_open(1):    mode 1 addr port (0x0cf8) is 0x8000fa04\r\npci_open(1a):   mode1res=0x80000000 (0x80000000)\r\npci_cfgcheck:   device 0 [class=060000] [hdr=00] is there (id=25788086)\r\npcibios: BIOS version 2.10\r\nAcpiOsDerivePciId: \\_SB_.PCI0.REGS -\u003e bus 0 dev 0 func 0\r\nAcpiOsDerivePciId: \\_SB_.PCI0.LPC0.MMTO -\u003e bus 0 dev 31 func 0\r\nAcpiOsDerivePciId: \\_SB_.PCI0.LPC0.REGS -\u003e bus 0 dev 31 func 0\r\nAcpiOsDerivePciId: \\_SB_.PCI0.LPC0.PIRX -\u003e bus 0 dev 31 func 0\r\nAcpiOsDerivePciId: \\_SB_.PCI0.LPC0.PIRY -\u003e bus 0 dev 31 func 0\r\nACPI timer: 1/2 1/2 1/2 1/2 1/2 1/2 1/2 1/2 1/2 1/2 -\u003e 10\r\nTimecounter \"ACPI-fast\" frequency 3579545 Hz quality 1000\r\nacpi_timer0: \u003c24-bit timer at 3.579545MHz\u003e port 0x1008-0x100b on acpi0\r\npci_link0:        Index  IRQ  Rtd  Ref  IRQs\r\n  Initial Probe       0    3   N     0  3 10 11 14 15\r\n  Validation          0    3   N     0  3 10 11 14 15\r\n  After Disable       0  255   N     0  3 10 11 14 15\r\npci_link1:        Index  IRQ  Rtd  Ref  IRQs\r\n  Initial Probe       0    5   N     0  3 10 11 14 15\r\n  Validation          0  255   N     0  3 10 11 14 15\r\n  After Disable       0  255   N     0  3 10 11 14 15\r\npci_link2:        Index  IRQ  Rtd  Ref  IRQs\r\n  Initial Probe       0    5   N     0  3 10 11 14 15\r\n  Validation          0  255   N     0  3 10 11 14 15\r\n  After Disable       0  255   N     0  3 10 11 14 15\r\npci_link3:        Index  IRQ  Rtd  Ref  IRQs\r\n  Initial Probe       0   11   N     0  3 10 11 14 15\r\n  Validation          0   11   N     0  3 10 11 14 15\r\n  After Disable       0  255   N     0  3 10 11 14 15\r\npci_link4:        Index  IRQ  Rtd  Ref  IRQs\r\n  Initial Probe       0  255   N     0  3 10 11 14 15\r\n  Validation          0  255   N     0  3 10 11 14 15\r\n  After Disable       0  255   N     0  3 10 11 14 15\r\npci_link5:        Index  IRQ  Rtd  Ref  IRQs\r\n  Initial Probe       0  255   N     0  3 10 11 14 15\r\n  Validation          0  255   N     0  3 10 11 14 15\r\n  After Disable       0  255   N     0  3 10 11 14 15\r\npci_link6:        Index  IRQ  Rtd  Ref  IRQs\r\n  Initial Probe       0   11   N     0  3 10 11 14 15\r\n  Validation          0   11   N     0  3 10 11 14 15\r\n  After Disable       0  255   N     0  3 10 11 14 15\r\npci_link7:        Index  IRQ  Rtd  Ref  IRQs\r\n  Initial Probe       0    7   N     0  3 10 11 14 15\r\n  Validation          0  255   N     0  3 10 11 14 15\r\n  After Disable       0  255   N     0  3 10 11 14 15\r\ncpu0: \u003cACPI CPU\u003e on acpi0\r\ncpu0: switching to generic Cx mode\r\np4tcc0: \u003cCPU Frequency Thermal Control\u003e on cpu0\r\ncpu1: \u003cACPI CPU\u003e on acpi0\r\np4tcc1: \u003cCPU Frequency Thermal Control\u003e on cpu1\r\npcib0: \u003cACPI Host-PCI bridge\u003e port 0xcf8-0xcff on acpi0\r\npci0: \u003cACPI PCI bus\u003e on pcib0\r\npci0: domain=0, physical bus=0\r\nfound-\u003e vendor=0x8086, dev=0x2578, revid=0x02\r\n        domain=0, bus=0, slot=0, func=0\r\n        class=06-00-00, hdrtype=0x00, mfdev=0\r\n        cmdreg=0x0106, statreg=0x2090, cachelnsz=0 (dwords)\r\n        lattimer=0x00 (0 ns), mingnt=0x00 (0 ns), maxlat=0x00 (0 ns)\r\n        map[10]: type Prefetchable Memory, range 32, base 0xd2000000, size 25, enabled\r\nfound-\u003e vendor=0x8086, dev=0x257b, revid=0x02\r\n        domain=0, bus=0, slot=3, func=0\r\n        class=06-04-00, hdrtype=0x01, mfdev=0\r\n        cmdreg=0x0107, statreg=0x00a0, cachelnsz=0 (dwords)\r\n        lattimer=0x30 (1440 ns), mingnt=0x06 (1500 ns), maxlat=0x00 (0 ns)\r\nfound-\u003e vendor=0x8086, dev=0x25ae, revid=0x02\r\n        domain=0, bus=0, slot=28, func=0\r\n        class=06-04-00, hdrtype=0x01, mfdev=0\r\n        cmdreg=0x0147, statreg=0x0030, cachelnsz=16 (dwords)\r\n        lattimer=0x30 (1440 ns), mingnt=0x06 (1500 ns), maxlat=0x00 (0 ns)\r\nfound-\u003e vendor=0x8086, dev=0x25a9, revid=0x02\r\n        domain=0, bus=0, slot=29, func=0\r\n        class=0c-03-00, hdrtype=0x00, mfdev=1\r\n        cmdreg=0x0005, statreg=0x0280, cachelnsz=0 (dwords)\r\n        lattimer=0x00 (0 ns), mingnt=0x00 (0 ns), maxlat=0x00 (0 ns)\r\n        intpin=a, irq=3\r\n        map[20]: type I/O Port, range 32, base 0x1400, size  5, enabled\r\npcib0: matched entry for 0.29.INTA\r\npcib0: slot 29 INTA hardwired to IRQ 16\r\nfound-\u003e vendor=0x8086, dev=0x25aa, revid=0x02\r\n        domain=0, bus=0, slot=29, func=1\r\n        class=0c-03-00, hdrtype=0x00, mfdev=0\r\n        cmdreg=0x0005, statreg=0x0280, cachelnsz=0 (dwords)\r\n        lattimer=0x00 (0 ns), mingnt=0x00 (0 ns), maxlat=0x00 (0 ns)\r\n        intpin=b, irq=11\r\n        map[20]: type I/O Port, range 32, base 0x1420, size  5, enabled\r\npcib0: matched entry for 0.29.INTB\r\npcib0: slot 29 INTB hardwired to IRQ 19\r\nfound-\u003e vendor=0x8086, dev=0x25ab, revid=0x02\r\n        domain=0, bus=0, slot=29, func=4\r\n        class=08-80-00, hdrtype=0x00, mfdev=0\r\n        cmdreg=0x0002, statreg=0x0280, cachelnsz=0 (dwords)\r\n        lattimer=0x00 (0 ns), mingnt=0x00 (0 ns), maxlat=0x00 (0 ns)\r\n        map[10]: type Memory, range 32, base 0xd0000000, size  4, enabled\r\nfound-\u003e vendor=0x8086, dev=0x25ac, revid=0x02\r\n        domain=0, bus=0, slot=29, func=5\r\n        class=08-00-20, hdrtype=0x00, mfdev=0\r\n        cmdreg=0x0146, statreg=0x0010, cachelnsz=0 (dwords)\r\n        lattimer=0x00 (0 ns), mingnt=0x00 (0 ns), maxlat=0x00 (0 ns)\r\nfound-\u003e vendor=0x8086, dev=0x25ad, revid=0x02\r\n        domain=0, bus=0, slot=29, func=7\r\n        class=0c-03-20, hdrtype=0x00, mfdev=0\r\n        cmdreg=0x0106, statreg=0x0290, cachelnsz=0 (dwords)\r\n        lattimer=0x00 (0 ns), mingnt=0x00 (0 ns), maxlat=0x00 (0 ns)\r\n        intpin=d, irq=7\r\n        powerspec 2  supports D0 D3  current D0\r\n        map[10]: type Memory, range 32, base 0xd0000400, size 10, enabled\r\npcib0: matched entry for 0.29.INTD\r\npcib0: slot 29 INTD hardwired to IRQ 23\r\nfound-\u003e vendor=0x8086, dev=0x244e, revid=0x0a\r\n        domain=0, bus=0, slot=30, func=0\r\n        class=06-04-00, hdrtype=0x01, mfdev=0\r\n        cmdreg=0x0147, statreg=0x0080, cachelnsz=0 (dwords)\r\n        lattimer=0x00 (0 ns), mingnt=0x0e (3500 ns), maxlat=0x00 (0 ns)\r\nfound-\u003e vendor=0x8086, dev=0x25a1, revid=0x02\r\n        domain=0, bus=0, slot=31, func=0\r\n        class=06-01-00, hdrtype=0x00, mfdev=1\r\n        cmdreg=0x014f, statreg=0x0280, cachelnsz=0 (dwords)\r\n        lattimer=0x00 (0 ns), mingnt=0x00 (0 ns), maxlat=0x00 (0 ns)\r\nfound-\u003e vendor=0x8086, dev=0x25a3, revid=0x02\r\n        domain=0, bus=0, slot=31, func=2\r\n        class=01-01-8a, hdrtype=0x00, mfdev=0\r\n        cmdreg=0x0005, statreg=0x02a8, cachelnsz=0 (dwords)\r\n        lattimer=0x00 (0 ns), mingnt=0x00 (0 ns), maxlat=0x00 (0 ns)\r\n        intpin=a, irq=255\r\n        map[20]: type I/O Port, range 32, base 0x1470, size  4, enabled\r\nfound-\u003e vendor=0x8086, dev=0x25a4, revid=0x02\r\n        domain=0, bus=0, slot=31, func=3\r\n        class=0c-05-00, hdrtype=0x00, mfdev=0\r\n        cmdreg=0x0001, statreg=0x0280, cachelnsz=0 (dwords)\r\n        lattimer=0x00 (0 ns), mingnt=0x00 (0 ns), maxlat=0x00 (0 ns)\r\n        intpin=b, irq=5\r\n        map[20]: type I/O Port, range 32, base 0x1440, size  5, enabled\r\npcib0: matched entry for 0.31.INTB\r\npcib0: slot 31 INTB hardwired to IRQ 17\r\npcib1: \u003cACPI PCI-PCI bridge\u003e at device 3.0 on pci0\r\npcib1:   domain            0\r\npcib1:   secondary bus     2\r\npcib1:   subordinate bus   2\r\npcib1:   I/O decode        0x2000-0x2fff\r\npcib1:   memory decode     0xd0100000-0xd01fffff\r\npcib1:   no prefetched decode\r\npci2: \u003cACPI PCI bus\u003e on pcib1\r\npci2: domain=0, physical bus=2\r\nfound-\u003e vendor=0x8086, dev=0x1075, revid=0x00\r\n        domain=0, bus=2, slot=1, func=0\r\n        class=02-00-00, hdrtype=0x00, mfdev=0\r\n        cmdreg=0x0007, statreg=0x0238, cachelnsz=8 (dwords)\r\n        lattimer=0x00 (0 ns), mingnt=0xff (63750 ns), maxlat=0x00 (0 ns)\r\n        intpin=a, irq=5\r\n        powerspec 2  supports D0 D3  current D0\r\n        map[10]: type Memory, range 32, base 0xd0120000, size 17, enabled\r\npcib1: requested memory range 0xd0120000-0xd013ffff: good\r\n        map[14]: type Memory, range 32, base 0xd0100000, size 17, enabled\r\npcib1: requested memory range 0xd0100000-0xd011ffff: good\r\n        map[18]: type I/O Port, range 32, base 0x2000, size  5, enabled\r\npcib1: requested I/O range 0x2000-0x201f: in range\r\npcib1: matched entry for 2.1.INTA\r\npcib1: slot 1 INTA hardwired to IRQ 18\r\nem0: \u003cIntel(R) PRO/1000 Network Connection Version - 6.7.3\u003e port 0x2000-0x201f mem 0xd0120000-0xd013ffff,0xd0100000-0xd011ffff irq 18 at device 1.0 on pci2\r\nem0: Reserved 0x20000 bytes for rid 0x10 type 3 at 0xd0120000\r\nem0: Reserved 0x20 bytes for rid 0x18 type 4 at 0x2000\r\nem0: bpf attached\r\nem0: Ethernet address: 00:0d:60:83:f0:90\r\nioapic0: routing intpin 18 (PCI IRQ 18) to vector 49\r\nem0: [FILTER]\r\npcib2: \u003cACPI PCI-PCI bridge\u003e at device 28.0 on pci0\r\npcib2:   domain            0\r\npcib2:   secondary bus     3\r\npcib2:   subordinate bus   3\r\npcib2:   I/O decode        0x3000-0x3fff\r\npcib2:   memory decode     0xd0200000-0xd02fffff\r\npcib2:   no prefetched decode\r\npci3: \u003cACPI PCI bus\u003e on pcib2\r\npci3: domain=0, physical bus=3\r\nfound-\u003e vendor=0x1737, dev=0x1032, revid=0x10\r\n        domain=0, bus=3, slot=1, func=0\r\n        class=02-00-00, hdrtype=0x00, mfdev=0\r\n        cmdreg=0x0157, statreg=0x02b0, cachelnsz=8 (dwords)\r\n        lattimer=0x20 (960 ns), mingnt=0x20 (8000 ns), maxlat=0x40 (16000 ns)\r\n        intpin=a, irq=11\r\n        powerspec 2  supports D0 D1 D2 D3  current D0\r\n        map[10]: type I/O Port, range 32, base 0x3000, size  8, enabled\r\npcib2: requested I/O range 0x3000-0x30ff: in range\r\n        map[14]: type Memory, range 32, base 0xd0200000, size  8, enabled\r\npcib2: requested memory range 0xd0200000-0xd02000ff: good\r\npcib2: matched entry for 3.1.INTA\r\npcib2: slot 1 INTA hardwired to IRQ 24\r\nre0: Reserved 0x100 bytes for rid 0x10 type 4 at 0x3000\r\npcib2: re0 requested I/O range 0x3000-0x30ff: in range\r\nre0: \u003cLinksys EG1032 (RTL8169S) Gigabit Ethernet\u003e port 0x3000-0x30ff mem 0xd0200000-0xd02000ff irq 24 at device 1.0 on pci3\r\npcib2: re0 requested I/O range 0x3000-0x30ff: in range\r\nmiibus0: \u003cMII bus\u003e on re0\r\nrgephy0: \u003cRTL8169S/8110S/8211B media interface\u003e PHY 1 on miibus0\r\nrgephy0:  10baseT, 10baseT-FDX, 100baseTX, 100baseTX-FDX, 1000baseT, 1000baseT-FDX, auto\r\nre0: bpf attached\r\nre0: Ethernet address: 00:18:f8:09:d3:a5\r\nioapic1: routing intpin 0 (PCI IRQ 24) to vector 50\r\nre0: [MPSAFE]\r\nre0: [FILTER]\r\nuhci0: \u003cUHCI (generic) USB controller\u003e port 0x1400-0x141f irq 16 at device 29.0 on pci0\r\nuhci0: Reserved 0x20 bytes for rid 0x20 type 4 at 0x1400\r\nioapic0: routing intpin 16 (PCI IRQ 16) to vector 51\r\nuhci0: [GIANT-LOCKED]\r\nuhci0: [ITHREAD]\r\nusb0: \u003cUHCI (generic) USB controller\u003e on uhci0\r\nusb0: USB revision 1.0\r\nuhub0: \u003cIntel UHCI root hub, class 9/0, rev 1.00/1.00, addr 1\u003e on usb0\r\nuhub0: 2 ports with 2 removable, self powered\r\nuhci1: \u003cUHCI (generic) USB controller\u003e port 0x1420-0x143f irq 19 at device 29.1 on pci0\r\nuhci1: Reserved 0x20 bytes for rid 0x20 type 4 at 0x1420\r\nioapic0: routing intpin 19 (PCI IRQ 19) to vector 52\r\nuhci1: [GIANT-LOCKED]\r\nuhci1: [ITHREAD]\r\nusb1: \u003cUHCI (generic) USB controller\u003e on uhci1\r\nusb1: USB revision 1.0\r\nuhub1: \u003cIntel UHCI root hub, class 9/0, rev 1.00/1.00, addr 1\u003e on usb1\r\nuhub1: 2 ports with 2 removable, self powered\r\npci0: \u003cbase peripheral\u003e at device 29.4 (no driver attached)\r\nehci0: \u003cIntel 6300ESB USB 2.0 controller\u003e mem 0xd0000400-0xd00007ff irq 23 at device 29.7 on pci0\r\nehci0: Reserved 0x400 bytes for rid 0x10 type 3 at 0xd0000400\r\nioapic0: routing intpin 23 (PCI IRQ 23) to vector 53\r\nehci0: [GIANT-LOCKED]\r\nehci0: [ITHREAD]\r\nusb2: EHCI version 1.0\r\nusb2: companion controllers, 2 ports each: usb0 usb1\r\nusb2: \u003cIntel 6300ESB USB 2.0 controller\u003e on ehci0\r\nusb2: USB revision 2.0\r\nuhub2: \u003cIntel EHCI root hub, class 9/0, rev 2.00/1.00, addr 1\u003e on usb2\r\nuhub2: 4 ports with 4 removable, self powered\r\npcib3: \u003cACPI PCI-PCI bridge\u003e at device 30.0 on pci0\r\npcib3:   domain            0\r\npcib3:   secondary bus     4\r\npcib3:   subordinate bus   4\r\npcib3:   I/O decode        0x2000-0x2fff\r\npcib3:   memory decode     0xd0300000-0xd03fffff\r\npcib3:   prefetched decode 0xe0000000-0xefffffff\r\npcib3:   Subtractively decoded bridge.\r\npci4: \u003cACPI PCI bus\u003e on pcib3\r\npci4: domain=0, physical bus=4\r\nfound-\u003e vendor=0x1002, dev=0x5159, revid=0x00\r\n        domain=0, bus=4, slot=2, func=0\r\n        class=03-00-00, hdrtype=0x00, mfdev=0\r\n        cmdreg=0x0187, statreg=0x0290, cachelnsz=8 (dwords)\r\n        lattimer=0x42 (1980 ns), mingnt=0x08 (2000 ns), maxlat=0x00 (0 ns)\r\n        intpin=a, irq=3\r\n        powerspec 2  supports D0 D1 D2 D3  current D0\r\n        map[10]: type Prefetchable Memory, range 32, base 0xe0000000, size 28, enabled\r\npcib3: requested memory range 0xe0000000-0xefffffff: good\r\n        map[14]: type I/O Port, range 32, base 0x4000, size  8, enabled\r\npcib3: requested I/O range 0x4000-0x40ff: in range\r\n        map[18]: type Memory, range 32, base 0xd0300000, size 16, enabled\r\npcib3: requested memory range 0xd0300000-0xd030ffff: good\r\npcib3: matched entry for 4.2.INTA\r\npcib3: slot 2 INTA hardwired to IRQ 16\r\nfound-\u003e vendor=0x8086, dev=0x1076, revid=0x00\r\n        domain=0, bus=4, slot=3, func=0\r\n        class=02-00-00, hdrtype=0x00, mfdev=0\r\n        cmdreg=0x0157, statreg=0x0230, cachelnsz=8 (dwords)\r\n        lattimer=0x34 (1560 ns), mingnt=0xff (63750 ns), maxlat=0x00 (0 ns)\r\n        intpin=a, irq=11\r\n        powerspec 2  supports D0 D3  current D0\r\n        map[10]: type Memory, range 32, base 0xd0340000, size 17, enabled\r\npcib3: requested memory range 0xd0340000-0xd035ffff: good\r\n        map[14]: type Memory, range 32, base 0xd0320000, size 17, enabled\r\npcib3: requested memory range 0xd0320000-0xd033ffff: good\r\n        map[18]: type I/O Port, range 32, base 0x4400, size  6, enabled\r\npcib3: requested I/O range 0x4400-0x443f: in range\r\npcib3: matched entry for 4.3.INTA\r\npcib3: slot 3 INTA hardwired to IRQ 22\r\nvgapci0: \u003cVGA-compatible display\u003e port 0x4000-0x40ff mem 0xe0000000-0xefffffff,0xd0300000-0xd030ffff irq 16 at device 2.0 on pci4\r\nem1: \u003cIntel(R) PRO/1000 Network Connection Version - 6.7.3\u003e port 0x4400-0x443f mem 0xd0340000-0xd035ffff,0xd0320000-0xd033ffff irq 22 at device 3.0 on pci4\r\nem1: Reserved 0x20000 bytes for rid 0x10 type 3 at 0xd0340000\r\nem1: Reserved 0x40 bytes for rid 0x18 type 4 at 0x4400\r\nem1: bpf attached\r\nem1: Ethernet address: 00:0d:60:83:f0:91\r\nioapic0: routing intpin 22 (PCI IRQ 22) to vector 54\r\nem1: [FILTER]\r\nisab0: \u003cPCI-ISA bridge\u003e at device 31.0 on pci0\r\nisa0: \u003cISA bus\u003e on isab0\r\natapci0: \u003cIntel 6300ESB SATA150 controller\u003e port 0x1f0-0x1f7,0x3f6,0x170-0x177,0x376,0x1470-0x147f at device 31.2 on pci0\r\natapci0: Reserved 0x10 bytes for rid 0x20 type 4 at 0x1470\r\nata0: \u003cATA channel 0\u003e on atapci0\r\natapci0: Reserved 0x8 bytes for rid 0x10 type 4 at 0x1f0\r\natapci0: Reserved 0x1 bytes for rid 0x14 type 4 at 0x3f6\r\nata0: reset tp1 mask=03 ostat0=51 ostat1=00\r\nata0: stat0=0x00 err=0x01 lsb=0x14 msb=0xeb\r\nata0: stat1=0x00 err=0x04 lsb=0x00 msb=0x00\r\nata0: reset tp2 stat0=00 stat1=00 devices=0x4\u003cATAPI_MASTER\u003e\r\nioapic0: routing intpin 14 (ISA IRQ 14) to vector 55\r\nata0: [MPSAFE]\r\nata0: [ITHREAD]\r\nata1: \u003cATA channel 1\u003e on atapci0\r\natapci0: Reserved 0x8 bytes for rid 0x18 type 4 at 0x170\r\natapci0: Reserved 0x1 bytes for rid 0x1c type 4 at 0x376\r\nata1: reset tp1 mask=03 ostat0=80 ostat1=80\r\nata1: stat0=0x80 err=0xff lsb=0xff msb=0xff\r\nata1: stat0=0x80 err=0xff lsb=0xff msb=0xff\r\nata1: stat0=0x80 err=0xff lsb=0xff msb=0xff\r\nata1: stat0=0x80 err=0xff lsb=0xff msb=0xff\r\nata1: stat0=0x80 err=0xff lsb=0xff msb=0xff\r\nata1: stat0=0x80 err=0xff lsb=0xff msb=0xff\r\nata1: stat0=0x80 err=0xff lsb=0xff msb=0xff\r\nata1: stat0=0x80 err=0xff lsb=0xff msb=0xff\r\nata1: stat0=0x80 err=0xff lsb=0xff msb=0xff\r\nata1: stat0=0x80 err=0xff lsb=0xff msb=0xff\r\nata1: stat0=0x80 err=0xff lsb=0xff msb=0xff\r\nata1: stat0=0x80 err=0xff lsb=0xff msb=0xff\r\nata1: stat0=0x80 err=0xff lsb=0xff msb=0xff\r\nata1: stat0=0x80 err=0xff lsb=0xff msb=0xff\r\nata1: stat0=0x80 err=0xff lsb=0xff msb=0xff\r\nata1: stat0=0x80 err=0xff lsb=0xff msb=0xff\r\nata1: stat0=0x80 err=0xff lsb=0xff msb=0xff\r\nata1: stat0=0x80 err=0xff lsb=0xff msb=0xff\r\nata1: stat0=0x80 err=0xff lsb=0xff msb=0xff\r\nata1: stat0=0x80 err=0xff lsb=0xff msb=0xff\r\nata1: stat0=0x80 err=0xff lsb=0xff msb=0xff\r\nata1: stat0=0x80 err=0xff lsb=0xff msb=0xff\r\nata1: stat0=0x80 err=0xff lsb=0xff msb=0xff\r\nata1: stat0=0x80 err=0xff lsb=0xff msb=0xff\r\nata1: stat0=0x80 err=0xff lsb=0xff msb=0xff\r\nata1: stat0=0x80 err=0xff lsb=0xff msb=0xff\r\nata1: stat0=0x80 err=0xff lsb=0xff msb=0xff\r\nata1: stat0=0x80 err=0xff lsb=0xff msb=0xff\r\nata1: stat0=0x80 err=0xff lsb=0xff msb=0xff\r\nata1: stat0=0x80 err=0xff lsb=0xff msb=0xff\r\nata1: stat0=0x80 err=0xff lsb=0xff msb=0xff\r\nata1: stat0=0x80 err=0xff lsb=0xff msb=0xff\r\nata1: stat0=0x80 err=0xff lsb=0xff msb=0xff\r\nata1: stat0=0x80 err=0xff lsb=0xff msb=0xff\r\nata1: stat0=0x80 err=0xff lsb=0xff msb=0xff\r\nata1: stat0=0x80 err=0xff lsb=0xff msb=0xff\r\nata1: stat0=0x80 err=0xff lsb=0xff msb=0xff\r\nata1: stat0=0x80 err=0xff lsb=0xff msb=0xff\r\nata1: stat0=0x80 err=0xff lsb=0xff msb=0xff\r\nata1: stat0=0x80 err=0xff lsb=0xff msb=0xff\r\nata1: stat0=0x80 err=0xff lsb=0xff msb=0xff\r\nata1: stat0=0x80 err=0xff lsb=0xff msb=0xff\r\nata1: stat0=0x80 err=0xff lsb=0xff msb=0xff\r\nata1: stat0=0x80 err=0xff lsb=0xff msb=0xff\r\nata1: stat0=0x80 err=0xff lsb=0xff msb=0xff\r\nata1: stat0=0x80 err=0xff lsb=0xff msb=0xff\r\nata1: stat0=0x80 err=0xff lsb=0xff msb=0xff\r\nata1: stat0=0x80 err=0xff lsb=0xff msb=0xff\r\nata1: stat0=0x80 err=0xff lsb=0xff msb=0xff\r\nata1: stat0=0x80 err=0xff lsb=0xff msb=0xff\r\nata1: stat0=0x80 err=0xff lsb=0xff msb=0xff\r\nata1: stat0=0x80 err=0xff lsb=0xff msb=0xff\r\nata1: stat0=0x80 err=0xff lsb=0xff msb=0xff\r\nata1: stat0=0x80 err=0xff lsb=0xff msb=0xff\r\nata1: stat0=0x80 err=0xff lsb=0xff msb=0xff\r\nata1: stat0=0x80 err=0xff lsb=0xff msb=0xff\r\nata1: stat0=0x80 err=0xff lsb=0xff msb=0xff\r\nata1: stat0=0x80 err=0xff lsb=0xff msb=0xff\r\nata1: stat0=0x80 err=0xff lsb=0xff msb=0xff\r\nata1: stat0=0x80 err=0xff lsb=0xff msb=0xff\r\nata1: stat0=0x80 err=0xff lsb=0xff msb=0xff\r\nata1: stat0=0x80 err=0xff lsb=0xff msb=0xff\r\nata1: stat0=0x80 err=0xff lsb=0xff msb=0xff\r\nata1: stat0=0x80 err=0xff lsb=0xff msb=0xff\r\nata1: stat0=0x80 err=0xff lsb=0xff msb=0xff\r\nata1: stat0=0x80 err=0xff lsb=0xff msb=0xff\r\nata1: stat0=0x80 err=0xff lsb=0xff msb=0xff\r\nata1: stat0=0x80 err=0xff lsb=0xff msb=0xff\r\nata1: stat0=0x80 err=0xff lsb=0xff msb=0xff\r\nata1: stat0=0x80 err=0xff lsb=0xff msb=0xff\r\nata1: stat0=0x80 err=0xff lsb=0xff msb=0xff\r\nata1: stat0=0x80 err=0xff lsb=0xff msb=0xff\r\nata1: stat0=0x80 err=0xff lsb=0xff msb=0xff\r\nata1: stat0=0x80 err=0xff lsb=0xff msb=0xff\r\nata1: stat0=0x80 err=0xff lsb=0xff msb=0xff\r\nata1: stat0=0x80 err=0xff lsb=0xff msb=0xff\r\nata1: stat0=0x80 err=0xff lsb=0xff msb=0xff\r\nata1: stat0=0x80 err=0xff lsb=0xff msb=0xff\r\nata1: stat0=0x80 err=0xff lsb=0xff msb=0xff\r\nata1: stat0=0x80 err=0xff lsb=0xff msb=0xff\r\nata1: stat0=0x80 err=0xff lsb=0xff msb=0xff\r\nata1: stat0=0x80 err=0xff lsb=0xff msb=0xff\r\nata1: stat0=0x80 err=0xff lsb=0xff msb=0xff\r\nata1: stat0=0x80 err=0xff lsb=0xff msb=0xff\r\nata1: stat0=0x80 err=0xff lsb=0xff msb=0xff\r\nata1: stat0=0x80 err=0xff lsb=0xff msb=0xff\r\nata1: stat0=0x80 err=0xff lsb=0xff msb=0xff\r\nata1: stat0=0x80 err=0xff lsb=0xff msb=0xff\r\nata1: stat0=0x80 err=0xff lsb=0xff msb=0xff\r\nata1: stat0=0x80 err=0xff lsb=0xff msb=0xff\r\nata1: stat0=0x80 err=0xff lsb=0xff msb=0xff\r\nata1: stat0=0x80 err=0xff lsb=0xff msb=0xff\r\nata1: stat0=0x80 err=0xff lsb=0xff msb=0xff\r\nata1: stat0=0x80 err=0xff lsb=0xff msb=0xff\r\nata1: stat0=0x80 err=0xff lsb=0xff msb=0xff\r\nata1: stat0=0x80 err=0xff lsb=0xff msb=0xff\r\nata1: stat0=0x80 err=0xff lsb=0xff msb=0xff\r\nata1: stat0=0x80 err=0xff lsb=0xff msb=0xff\r\nata1: stat0=0x80 err=0xff lsb=0xff msb=0xff\r\nata1: stat0=0x80 err=0xff lsb=0xff msb=0xff\r\nata1: stat0=0x80 err=0xff lsb=0xff msb=0xff\r\nata1: stat0=0x80 err=0xff lsb=0xff msb=0xff\r\nata1: stat0=0x80 err=0xff lsb=0xff msb=0xff\r\nata1: stat0=0x80 err=0xff lsb=0xff msb=0xff\r\nata1: stat0=0x80 err=0xff lsb=0xff msb=0xff\r\nata1: stat0=0x80 err=0xff lsb=0xff msb=0xff\r\nata1: stat0=0x80 err=0xff lsb=0xff msb=0xff\r\nata1: stat0=0x80 err=0xff lsb=0xff msb=0xff\r\nata1: stat0=0x80 err=0xff lsb=0xff msb=0xff\r\nata1: stat0=0x80 err=0xff lsb=0xff msb=0xff\r\nata1: stat0=0x80 err=0xff lsb=0xff msb=0xff\r\nata1: stat0=0x80 err=0xff lsb=0xff msb=0xff\r\nata1: stat0=0x80 err=0xff lsb=0xff msb=0xff\r\nata1: stat0=0x80 err=0xff lsb=0xff msb=0xff\r\nata1: stat0=0x80 err=0xff lsb=0xff msb=0xff\r\nata1: stat0=0x80 err=0xff lsb=0xff msb=0xff\r\nata1: stat0=0x80 err=0xff lsb=0xff msb=0xff\r\nata1: stat0=0x80 err=0xff lsb=0xff msb=0xff\r\nata1: stat0=0x80 err=0xff lsb=0xff msb=0xff\r\nata1: stat0=0x80 err=0xff lsb=0xff msb=0xff\r\nata1: stat0=0x80 err=0xff lsb=0xff msb=0xff\r\nata1: stat0=0x80 err=0xff lsb=0xff msb=0xff\r\nata1: stat0=0x80 err=0xff lsb=0xff msb=0xff\r\nata1: stat0=0x80 err=0xff lsb=0xff msb=0xff\r\nata1: stat0=0x80 err=0xff lsb=0xff msb=0xff\r\nata1: stat0=0x80 err=0xff lsb=0xff msb=0xff\r\nata1: stat0=0x80 err=0xff lsb=0xff msb=0xff\r\nata1: stat0=0x80 err=0xff lsb=0xff msb=0xff\r\nata1: stat0=0x80 err=0xff lsb=0xff msb=0xff\r\nata1: stat0=0x80 err=0xff lsb=0xff msb=0xff\r\nata1: stat0=0x80 err=0xff lsb=0xff msb=0xff\r\nata1: stat0=0x80 err=0xff lsb=0xff msb=0xff\r\nata1: stat0=0x80 err=0xff lsb=0xff msb=0xff\r\nata1: stat0=0x80 err=0xff lsb=0xff msb=0xff\r\nata1: stat0=0x80 err=0xff lsb=0xff msb=0xff\r\nata1: stat0=0x80 err=0xff lsb=0xff msb=0xff\r\nata1: stat0=0x80 err=0xff lsb=0xff msb=0xff\r\nata1: stat0=0x80 err=0xff lsb=0xff msb=0xff\r\nata1: stat0=0x80 err=0xff lsb=0xff msb=0xff\r\nata1: stat0=0x80 err=0xff lsb=0xff msb=0xff\r\nata1: stat0=0x80 err=0xff lsb=0xff msb=0xff\r\nata1: stat0=0x80 err=0xff lsb=0xff msb=0xff\r\nata1: stat0=0x80 err=0xff lsb=0xff msb=0xff\r\nata1: stat0=0x80 err=0xff lsb=0xff msb=0xff\r\nata1: stat0=0x80 err=0xff lsb=0xff msb=0xff\r\nata1: stat0=0x80 err=0xff lsb=0xff msb=0xff\r\nata1: stat0=0x80 err=0xff lsb=0xff msb=0xff\r\nata1: stat0=0x80 err=0xff lsb=0xff msb=0xff\r\nata1: stat0=0x80 err=0xff lsb=0xff msb=0xff\r\nata1: stat0=0x80 err=0xff lsb=0xff msb=0xff\r\nata1: stat0=0x80 err=0xff lsb=0xff msb=0xff\r\nata1: stat0=0x80 err=0xff lsb=0xff msb=0xff\r\nata1: stat0=0x80 err=0xff lsb=0xff msb=0xff\r\nata1: stat0=0x80 err=0xff lsb=0xff msb=0xff\r\nata1: stat0=0x80 err=0xff lsb=0xff msb=0xff\r\nata1: stat0=0x80 err=0xff lsb=0xff msb=0xff\r\nata1: stat0=0x80 err=0xff lsb=0xff msb=0xff\r\nata1: stat0=0x80 err=0xff lsb=0xff msb=0xff\r\nata1: stat0=0x80 err=0xff lsb=0xff msb=0xff\r\nata1: stat0=0x80 err=0xff lsb=0xff msb=0xff\r\nata1: stat0=0x80 err=0xff lsb=0xff msb=0xff\r\nata1: stat0=0x80 err=0xff lsb=0xff msb=0xff\r\nata1: stat0=0x80 err=0xff lsb=0xff msb=0xff\r\nata1: stat0=0x80 err=0xff lsb=0xff msb=0xff\r\nata1: stat0=0x80 err=0xff lsb=0xff msb=0xff\r\nata1: stat0=0x80 err=0xff lsb=0xff msb=0xff\r\nata1: stat0=0x80 err=0xff lsb=0xff msb=0xff\r\nata1: stat0=0x80 err=0xff lsb=0xff msb=0xff\r\nata1: stat0=0x80 err=0xff lsb=0xff msb=0xff\r\nata1: stat0=0x80 err=0xff lsb=0xff msb=0xff\r\nata1: stat0=0x80 err=0xff lsb=0xff msb=0xff\r\nata1: stat0=0x80 err=0xff lsb=0xff msb=0xff\r\nata1: stat0=0x80 err=0xff lsb=0xff msb=0xff\r\nata1: stat0=0x80 err=0xff lsb=0xff msb=0xff\r\nata1: stat0=0x80 err=0xff lsb=0xff msb=0xff\r\nata1: stat0=0x80 err=0xff lsb=0xff msb=0xff\r\nata1: stat0=0x80 err=0xff lsb=0xff msb=0xff\r\nata1: stat0=0x80 err=0xff lsb=0xff msb=0xff\r\nata1: stat0=0x80 err=0xff lsb=0xff msb=0xff\r\nata1: stat0=0x80 err=0xff lsb=0xff msb=0xff\r\nata1: stat0=0x80 err=0xff lsb=0xff msb=0xff\r\nata1: stat0=0x80 err=0xff lsb=0xff msb=0xff\r\nata1: stat0=0x80 err=0xff lsb=0xff msb=0xff\r\nata1: stat0=0x80 err=0xff lsb=0xff msb=0xff\r\nata1: stat0=0x80 err=0xff lsb=0xff msb=0xff\r\nata1: stat0=0x80 err=0xff lsb=0xff msb=0xff\r\nata1: stat0=0x80 err=0xff lsb=0xff msb=0xff\r\nata1: stat0=0x80 err=0xff lsb=0xff msb=0xff\r\nata1: stat0=0x80 err=0xff lsb=0xff msb=0xff\r\nata1: stat0=0x80 err=0xff lsb=0xff msb=0xff\r\nata1: stat0=0x80 err=0xff lsb=0xff msb=0xff\r\nata1: stat0=0x80 err=0xff lsb=0xff msb=0xff\r\nata1: stat0=0x80 err=0xff lsb=0xff msb=0xff\r\nata1: stat0=0x80 err=0xff lsb=0xff msb=0xff\r\nata1: stat0=0x80 err=0xff lsb=0xff msb=0xff\r\nata1: stat0=0x80 err=0xff lsb=0xff msb=0xff\r\nata1: stat0=0x80 err=0xff lsb=0xff msb=0xff\r\nata1: stat0=0x80 err=0xff lsb=0xff msb=0xff\r\nata1: stat0=0x80 err=0xff lsb=0xff msb=0xff\r\nata1: stat0=0x80 err=0xff lsb=0xff msb=0xff\r\nata1: stat0=0x80 err=0xff lsb=0xff msb=0xff\r\nata1: stat0=0x80 err=0xff lsb=0xff msb=0xff\r\nata1: stat0=0x80 err=0xff lsb=0xff msb=0xff\r\nata1: stat0=0x80 err=0xff lsb=0xff msb=0xff\r\nata1: stat0=0x80 err=0xff lsb=0xff msb=0xff\r\nata1: stat0=0x80 err=0xff lsb=0xff msb=0xff\r\nata1: stat0=0x80 err=0xff lsb=0xff msb=0xff\r\nata1: stat0=0x80 err=0xff lsb=0xff msb=0xff\r\nata1: stat0=0x80 err=0xff lsb=0xff msb=0xff\r\nata1: stat0=0x80 err=0xff lsb=0xff msb=0xff\r\nata1: stat0=0x80 err=0xff lsb=0xff msb=0xff\r\nata1: stat0=0x80 err=0xff lsb=0xff msb=0xff\r\nata1: stat0=0x80 err=0xff lsb=0xff msb=0xff\r\nata1: stat0=0x80 err=0xff lsb=0xff msb=0xff\r\nata1: stat0=0x80 err=0xff lsb=0xff msb=0xff\r\nata1: stat0=0x80 err=0xff lsb=0xff msb=0xff\r\nata1: stat0=0x80 err=0xff lsb=0xff msb=0xff\r\nata1: stat0=0x80 err=0xff lsb=0xff msb=0xff\r\nata1: stat0=0x80 err=0xff lsb=0xff msb=0xff\r\nata1: stat0=0x80 err=0xff lsb=0xff msb=0xff\r\nata1: stat0=0x80 err=0xff lsb=0xff msb=0xff\r\nata1: stat0=0x80 err=0xff lsb=0xff msb=0xff\r\nata1: stat0=0x80 err=0xff lsb=0xff msb=0xff\r\nata1: stat0=0x80 err=0xff lsb=0xff msb=0xff\r\nata1: stat0=0x80 err=0xff lsb=0xff msb=0xff\r\nata1: stat0=0x80 err=0xff lsb=0xff msb=0xff\r\nata1: stat0=0x80 err=0xff lsb=0xff msb=0xff\r\nata1: stat0=0x80 err=0xff lsb=0xff msb=0xff\r\nata1: stat0=0x80 err=0xff lsb=0xff msb=0xff\r\nata1: stat0=0x80 err=0xff lsb=0xff msb=0xff\r\nata1: stat0=0x80 err=0xff lsb=0xff msb=0xff\r\nata1: stat0=0x80 err=0xff lsb=0xff msb=0xff\r\nata1: stat0=0x80 err=0xff lsb=0xff msb=0xff\r\nata1: stat0=0x80 err=0xff lsb=0xff msb=0xff\r\nata1: stat0=0x80 err=0xff lsb=0xff msb=0xff\r\nata1: stat0=0x80 err=0xff lsb=0xff msb=0xff\r\nata1: stat0=0x80 err=0xff lsb=0xff msb=0xff\r\nata1: stat0=0x80 err=0xff lsb=0xff msb=0xff\r\nata1: stat0=0x80 err=0xff lsb=0xff msb=0xff\r\nata1: stat0=0x80 err=0xff lsb=0xff msb=0xff\r\nata1: stat0=0x80 err=0xff lsb=0xff msb=0xff\r\nata1: stat0=0x80 err=0xff lsb=0xff msb=0xff\r\nata1: stat0=0x80 err=0xff lsb=0xff msb=0xff\r\nata1: stat0=0x80 err=0xff lsb=0xff msb=0xff\r\nata1: stat0=0x80 err=0xff lsb=0xff msb=0xff\r\nata1: stat0=0x80 err=0xff lsb=0xff msb=0xff\r\nata1: stat0=0x80 err=0xff lsb=0xff msb=0xff\r\nata1: stat0=0x80 err=0xff lsb=0xff msb=0xff\r\nata1: stat0=0x80 err=0xff lsb=0xff msb=0xff\r\nata1: stat0=0x80 err=0xff lsb=0xff msb=0xff\r\nata1: stat0=0x80 err=0xff lsb=0xff msb=0xff\r\nata1: stat0=0x80 err=0xff lsb=0xff msb=0xff\r\nata1: stat0=0x80 err=0xff lsb=0xff msb=0xff\r\nata1: stat0=0x80 err=0xff lsb=0xff msb=0xff\r\nata1: stat0=0x80 err=0xff lsb=0xff msb=0xff\r\nata1: stat0=0x80 err=0xff lsb=0xff msb=0xff\r\nata1: stat0=0x80 err=0xff lsb=0xff msb=0xff\r\nata1: stat0=0x80 err=0xff lsb=0xff msb=0xff\r\nata1: stat0=0x80 err=0xff lsb=0xff msb=0xff\r\nata1: stat0=0x80 err=0xff lsb=0xff msb=0xff\r\nata1: stat0=0x80 err=0xff lsb=0xff msb=0xff\r\nata1: stat0=0x80 err=0xff lsb=0xff msb=0xff\r\nata1: stat0=0x80 err=0xff lsb=0xff msb=0xff\r\nata1: stat0=0x80 err=0xff lsb=0xff msb=0xff\r\nata1: stat0=0x80 err=0xff lsb=0xff msb=0xff\r\nata1: stat0=0x80 err=0xff lsb=0xff msb=0xff\r\nata1: stat0=0x80 err=0xff lsb=0xff msb=0xff\r\nata1: stat0=0x80 err=0xff lsb=0xff msb=0xff\r\nata1: stat0=0x80 err=0xff lsb=0xff msb=0xff\r\nata1: stat0=0x80 err=0xff lsb=0xff msb=0xff\r\nata1: stat0=0x80 err=0xff lsb=0xff msb=0xff\r\nata1: stat0=0x80 err=0xff lsb=0xff msb=0xff\r\nata1: stat0=0x80 err=0xff lsb=0xff msb=0xff\r\nata1: stat0=0x80 err=0xff lsb=0xff msb=0xff\r\nata1: stat0=0x80 err=0xff lsb=0xff msb=0xff\r\nata1: stat0=0x80 err=0xff lsb=0xff msb=0xff\r\nata1: stat0=0x80 err=0xff lsb=0xff msb=0xff\r\nata1: stat0=0x80 err=0xff lsb=0xff msb=0xff\r\nata1: stat0=0x80 err=0xff lsb=0xff msb=0xff\r\nata1: stat0=0x80 err=0xff lsb=0xff msb=0xff\r\nata1: stat0=0x80 err=0xff lsb=0xff msb=0xff\r\nata1: stat0=0x80 err=0xff lsb=0xff msb=0xff\r\nata1: stat0=0x80 err=0xff lsb=0xff msb=0xff\r\nata1: stat0=0x80 err=0xff lsb=0xff msb=0xff\r\nata1: stat0=0x80 err=0xff lsb=0xff msb=0xff\r\nata1: stat0=0x80 err=0xff lsb=0xff msb=0xff\r\nata1: stat0=0x80 err=0xff lsb=0xff msb=0xff\r\nata1: stat0=0x80 err=0xff lsb=0xff msb=0xff\r\nata1: stat0=0x80 err=0xff lsb=0xff msb=0xff\r\nata1: stat0=0x80 err=0xff lsb=0xff msb=0xff\r\nata1: stat0=0x80 err=0xff lsb=0xff msb=0xff\r\nata1: stat0=0x80 err=0xff lsb=0xff msb=0xff\r\nata1: stat0=0x80 err=0xff lsb=0xff msb=0xff\r\nata1: stat0=0x80 err=0xff lsb=0xff msb=0xff\r\nata1: stat0=0x80 err=0xff lsb=0xff msb=0xff\r\nata1: stat0=0x80 err=0xff lsb=0xff msb=0xff\r\nata1: stat0=0x80 err=0xff lsb=0xff msb=0xff\r\nata1: stat0=0x80 err=0xff lsb=0xff msb=0xff\r\nata1: stat0=0x80 err=0xff lsb=0xff msb=0xff\r\nata1: stat0=0x80 err=0xff lsb=0xff msb=0xff\r\nata1: stat0=0x80 err=0xff lsb=0xff msb=0xff\r\nata1: stat0=0x80 err=0xff lsb=0xff msb=0xff\r\nata1: stat0=0x80 err=0xff lsb=0xff msb=0xff\r\nata1: stat0=0x80 err=0xff lsb=0xff msb=0xff\r\nata1: stat0=0x80 err=0xff lsb=0xff msb=0xff\r\nata1: stat0=0x80 err=0xff lsb=0xff msb=0xff\r\nata1: stat0=0x80 err=0xff lsb=0xff msb=0xff\r\nata1: stat0=0x80 err=0xff lsb=0xff msb=0xff\r\nata1: stat0=0x80 err=0xff lsb=0xff msb=0xff\r\nata1: stat0=0x80 err=0xff lsb=0xff msb=0xff\r\nata1: reset tp2 stat0=80 stat1=80 devices=0x0\r\nioapic0: routing intpin 15 (ISA IRQ 15) to vector 56\r\nata1: [MPSAFE]\r\nata1: [ITHREAD]\r\npci0: \u003cserial bus, SMBus\u003e at device 31.3 (no driver attached)\r\nacpi_button0: \u003cPower Button\u003e on acpi0\r\nfdc0: \u003cfloppy drive controller\u003e port 0x3f0-0x3f5,0x3f7 irq 6 drq 2 on acpi0\r\nfdc0: ic_type 90 part_id 80\r\nioapic0: routing intpin 6 (ISA IRQ 6) to vector 57\r\nfdc0: [FILTER]\r\nfd0: \u003c1440-KB 3.5\" drive\u003e on fdc0 drive 0\r\nsio0: irq maps: 0x48a9 0x48b9 0x48a9 0x48a9\r\nsio0: irq maps: 0x48a9 0x48b9 0x48a9 0x48a9\r\nsio0: \u003c16550A-compatible COM port\u003e port 0x3f8-0x3ff irq 4 flags 0x10 on acpi0\r\nsio0: type 16550A, console\r\nioapic0: routing intpin 4 (ISA IRQ 4) to vector 58\r\nsio0: [FILTER]\r\natkbdc0: \u003cKeyboard controller (i8042)\u003e port 0x60,0x64 irq 1 on acpi0\r\natkbd0: \u003cAT Keyboard\u003e irq 1 on atkbdc0\r\nkbd0 at atkbd0\r\nkbd0: atkbd0, generic (0), config:0x0, flags:0x1f0000\r\nioapic0: routing intpin 1 (ISA IRQ 1) to vector 59\r\natkbd0: [GIANT-LOCKED]\r\natkbd0: [ITHREAD]\r\npsm0: unable to allocate IRQ\r\npsmcpnp0: \u003cPS/2 mouse port\u003e irq 12 on acpi0\r\npsm0: current command byte:0047\r\nkbdc: TEST_AUX_PORT status:0000\r\nkbdc: RESET_AUX return code:00fe\r\nkbdc: RESET_AUX return code:00fe\r\nkbdc: RESET_AUX return code:00fe\r\nkbdc: DIAGNOSE status:0055\r\nkbdc: TEST_KBD_PORT status:0000\r\npsm0: failed to reset the aux device.\r\nunknown: status reg test failed ff\r\nunknown: status reg test failed ff\r\nunknown: status reg test failed ff\r\nunknown: status reg test failed ff\r\nunknown: status reg test failed ff\r\nunknown: status reg test failed ff\r\nex_isa_identify()\r\nata: ata0 already exists; skipping it\r\nata: ata1 already exists; skipping it\r\natkbdc: atkbdc0 already exists; skipping it\r\nfdc: fdc0 already exists; skipping it\r\nsio: sio0 already exists; skipping it\r\npnp_identify: Trying Read_Port at 203\r\npnp_identify: Trying Read_Port at 243\r\npnp_identify: Trying Read_Port at 283\r\npnp_identify: Trying Read_Port at 2c3\r\npnp_identify: Trying Read_Port at 303\r\npnp_identify: Trying Read_Port at 343\r\npnp_identify: Trying Read_Port at 383\r\npnp_identify: Trying Read_Port at 3c3\r\nPNP Identify complete\r\nsc: sc0 already exists; skipping it\r\nvga: vga0 already exists; skipping it\r\nisa_probe_children: disabling PnP devices\r\nisa_probe_children: probing non-PnP devices\r\npmtimer0 on isa0\r\norm0: \u003cISA Option ROMs\u003e at iomem 0xc0000-0xc8fff,0xc9000-0xc9fff pnpid ORM0000 on isa0\r\nadv0: not probed (disabled)\r\naha0: not probed (disabled)\r\naic0: not probed (disabled)\r\nbt0: not probed (disabled)\r\ncs0: not probed (disabled)\r\ned0: not probed (disabled)\r\nfe0: not probed (disabled)\r\nie0: not probed (disabled)\r\nlnc0: not probed (disabled)\r\nppc0: parallel port not found.\r\nppc0: \u003cParallel port\u003e failed to probe at irq 7 on isa0\r\nsc0: \u003cSystem console\u003e at flags 0x100 on isa0\r\nsc0: VGA \u003c16 virtual consoles, flags=0x100\u003e\r\nsc0: fb0, kbd1, terminal emulator: sc (syscons terminal)\r\nsio1: configured irq 3 not in bitmap of probed irqs 0\r\nsio1: port may not be enabled\r\nsio1: irq maps: 0x48a9 0x48a9 0x48a9 0x48a9\r\nsio1: probe failed test(s): 0 1 2 4 6 7 9\r\nsio1 failed to probe at port 0x2f8-0x2ff irq 3 on isa0\r\nsio2: not probed (disabled)\r\nsio3: not probed (disabled)\r\nsn0: not probed (disabled)\r\nvga0: \u003cGeneric ISA VGA\u003e at port 0x3c0-0x3df iomem 0xa0000-0xbffff on isa0\r\nvt0: not probed (disabled)\r\nisa_probe_children: probing PnP devices\r\nDevice configuration finished.\r\nprocfs registered\r\nlapic: Divisor 2, Frequency 100017228 hz\r\nTimecounter \"TSC\" frequency 2800482055 Hz quality -100\r\nTimecounters tick every 1.000 msec\r\nLinux ELF exec handler installed\r\nFast IPsec: Initialized Security Association Processing.\r\nipfw2 (+ipv6) initialized, divert enabled, rule-based forwarding enabled, default to deny, logging limited to 100 packets/entry by default\r\nDUMMYNET with IPv6 initialized (040826)\r\nlo0: bpf attached\r\nhptrr: no controller detected.\r\nata0-master: pio=PIO4 wdma=WDMA2 udma=UDMA33 cable=40 wire\r\nacd0: \u003cLG CD-ROM CRN-8245B/1.16\u003e CDROM drive at ata0 as master\r\nacd0: read 4125KB/s (4125KB/s), 128KB buffer, UDMA33\r\nacd0: Reads: CDR, CDRW, CDDA stream, packet\r\nacd0: Writes:\r\nacd0: Audio: play, 255 volume levels\r\nacd0: Mechanism: ejectable tray, unlocked\r\nacd0: Medium: no/blank disc\r\nATA PseudoRAID loaded\r\nSMP: AP CPU #1 Launched!\r\ncpu1 AP:\r\n     ID: 0x01000000   VER: 0x00050014 LDR: 0x00000000 DFR: 0xffffffff\r\n  lint0: 0x00010700 lint1: 0x00000400 TPR: 0x00000000 SVR: 0x000001ff\r\n  timer: 0x000200ef therm: 0x00010000 err: 0x00010000 pcm: 0x00010000\r\nTrying to mount root from ufs:/dev/ad2s1a\r\n\r\nManual root filesystem specification:\r\n  \u003cfstype\u003e:\u003cdevice\u003e  Mount \u003cdevice\u003e using filesystem \u003cfstype\u003e\r\n                       eg. ufs:da0s1a\r\n  ?                  List valid disk boot devices\r\n  \u003cempty line\u003e       Abort manual input\r\n\r\nmountroot\u003e ?\r\n\r\nList of GEOM managed disk devices:\r\n  acd0 fd0\r\n\r\n-- \r\nChris Cowart\r\nNetwork Technical Lead\r\nNetwork \u0026 Infrastructure Services, RSSP-IT\r\nUC Berkeley"
}