{
 "id": 424099,
 "bug_id": 119303,
 "attachment_id": 0,
 "creation_time": "2008-01-03T15:30:02Z",
 "creator": "taosecurity@gmail.com",
 "text": "FreeBSD 7.0-RC1 doesn't detect the hard drive installed in a Dell PowerEdge 750.  FreeBSD 7.0-BETA4 does.  This is dmesg from 7.0-BETA4 which detects the HDD properly.\n\nCopyright (c) 1992-2007 The FreeBSD Project.\nCopyright (c) 1979, 1980, 1983, 1986, 1988, 1989, 1991, 1992, 1993, 1994\n        The Regents of the University of California. All rights reserved.\nFreeBSD is a registered trademark of The FreeBSD Foundation.\nFreeBSD 7.0-BETA4 #0: Sun Dec  2 19:19:04 UTC 2007\n    root@logan.cse.buffalo.edu:/usr/obj/usr/src/sys/GENERIC\nTimecounter \"i8254\" frequency 1193182 Hz quality 0\nCPU: Intel(R) Pentium(R) 4 CPU 3.20GHz (3200.13-MHz 686-class CPU)\n  Origin = \"GenuineIntel\"  Id = 0xf34  Stepping = 4\n  Features=0xbfebfbff\u003cFPU,VME,DE,PSE,TSC,MSR,PAE,MCE,CX8,APIC,SEP,MTRR,PGE,MCA,CMOV,PAT,PSE36,CLFLUSH,DTS,ACPI,MMX,FXSR,SSE,SSE2,SS,HTT,TM,PBE\u003e\n  Features2=0x441d\u003cSSE3,RSVD2,MON,DS_CPL,CNXT-ID,xTPR\u003e\n  Logical CPUs per core: 2\nreal memory  = 1073479680 (1023 MB)\navail memory = 1036886016 (988 MB)\nACPI APIC Table: \u003cDELL   PE750   \u003e\nFreeBSD/SMP: Multiprocessor System Detected: 2 CPUs\n cpu0 (BSP): APIC ID:  0\n cpu1 (AP): APIC ID:  1\nioapic0: Changing APIC ID to 2\nioapic1: Changing APIC ID to 3\nioapic0 \u003cVersion 2.0\u003e irqs 0-23 on motherboard\nioapic1 \u003cVersion 2.0\u003e irqs 24-47 on motherboard\nkbd1 at kbdmux0\nath_hal: 0.9.20.3 (AR5210, AR5211, AR5212, RF5111, RF5112, RF2413, RF5413)\nacpi0: \u003cDELL PE750\u003e on motherboard\nacpi0: [ITHREAD]\nacpi0: Power Button (fixed)\nTimecounter \"ACPI-fast\" frequency 3579545 Hz quality 1000\nacpi_timer0: \u003c24-bit timer at 3.579545MHz\u003e port 0x808-0x80b on acpi0\ncpu0: \u003cACPI CPU\u003e on acpi0\np4tcc0: \u003cCPU Frequency Thermal Control\u003e on cpu0\ncpu1: \u003cACPI CPU\u003e on acpi0\np4tcc1: \u003cCPU Frequency Thermal Control\u003e on cpu1\npcib0: \u003cACPI Host-PCI bridge\u003e port 0xcf8-0xcff on acpi0\npci0: \u003cACPI PCI bus\u003e on pcib0\npcib1: \u003cACPI PCI-PCI bridge\u003e at device 3.0 on pci0\npci1: \u003cACPI PCI bus\u003e on pcib1\nem0: \u003cIntel(R) PRO/1000 Network Connection Version - 6.7.3\u003e port 0xece0-0xecff mem 0xfe3e0000-0xfe3fffff irq 18 at device 1.0 on pci1\nem0: Ethernet address: 00:11:43:cd:4d:04\nem0: [FILTER]\npcib2: \u003cACPI PCI-PCI bridge\u003e at device 28.0 on pci0\npci2: \u003cACPI PCI bus\u003e on pcib2\nem1: \u003cIntel(R) PRO/1000 Network Connection Version - 6.7.3\u003e port 0xdcc0-0xdcff mem 0xfe1e0000-0xfe1fffff,0xfe1c0000-0xfe1dffff irq 24 at device 1.0 on pci2\nem1: Ethernet address: 00:07:e9:19:f0:e1\nem1: [FILTER]\nuhci0: \u003cUHCI (generic) USB controller\u003e port 0xbce0-0xbcff irq 16 at device 29.0 on pci0\nuhci0: [GIANT-LOCKED]\nuhci0: [ITHREAD]\nusb0: \u003cUHCI (generic) USB controller\u003e on uhci0\nusb0: USB revision 1.0\nuhub0: \u003cIntel UHCI root hub, class 9/0, rev 1.00/1.00, addr 1\u003e on usb0\nuhub0: 2 ports with 2 removable, self powered\nuhci1: \u003cUHCI (generic) USB controller\u003e port 0xbcc0-0xbcdf irq 19 at device 29.1 on pci0\nuhci1: [GIANT-LOCKED]\nuhci1: [ITHREAD]\nusb1: \u003cUHCI (generic) USB controller\u003e on uhci1\nusb1: USB revision 1.0\nuhub1: \u003cIntel UHCI root hub, class 9/0, rev 1.00/1.00, addr 1\u003e on usb1\nuhub1: 2 ports with 2 removable, self powered\npci0: \u003cbase peripheral\u003e at device 29.4 (no driver attached)\nehci0: \u003cIntel 6300ESB USB 2.0 controller\u003e mem 0xfe500000-0xfe5003ff irq 23 at device 29.7 on pci0\nehci0: [GIANT-LOCKED]\nehci0: [ITHREAD]\nusb2: EHCI version 1.0\nusb2: companion controllers, 2 ports each: usb0 usb1\nusb2: \u003cIntel 6300ESB USB 2.0 controller\u003e on ehci0\nusb2: USB revision 2.0\nuhub2: \u003cIntel EHCI root hub, class 9/0, rev 2.00/1.00, addr 1\u003e on usb2\nuhub2: 4 ports with 4 removable, self powered\npcib3: \u003cACPI PCI-PCI bridge\u003e at device 30.0 on pci0\npci3: \u003cACPI PCI bus\u003e on pcib3\nem2: \u003cIntel(R) PRO/1000 Network Connection Version - 6.7.3\u003e port 0xccc0-0xccff mem 0xfdee0000-0xfdefffff irq 21 at device 2.0 on pci3\nem2: Ethernet address: 00:11:43:cd:4d:05\nem2: [FILTER]\nem3: \u003cIntel(R) PRO/1000 Network Connection Version - 6.7.3\u003e port 0xcc80-0xccbf mem 0xfdec0000-0xfdedffff,0xfde80000-0xfdebffff irq 22 at device 3.0 on pci3\nem3: Ethernet address: 00:11:25:a5:1c:78\nem3: [FILTER]\nem4: \u003cIntel(R) PRO/1000 Network Connection Version - 6.7.3\u003e port 0xcc40-0xcc7f mem 0xfde60000-0xfde7ffff,0xfde00000-0xfde3ffff irq 21 at device 3.1 on pci3\nem4: Ethernet address: 00:11:25:a5:1c:79\nem4: [FILTER]\nvgapci0: \u003cVGA-compatible display\u003e port 0xc800-0xc8ff mem 0xfc000000-0xfcffffff,0xfde5f000-0xfde5ffff at device 14.0 on pci3\nisab0: \u003cPCI-ISA bridge\u003e at device 31.0 on pci0\nisa0: \u003cISA bus\u003e on isab0\natapci0: \u003cIntel 6300ESB SATA150 controller\u003e port 0x1f0-0x1f7,0x3f6,0x170-0x177,0x376,0xfea0-0xfeaf at device 31.2 on pci0\nata0: \u003cATA channel 0\u003e on atapci0\nata0: [ITHREAD]\nata1: \u003cATA channel 1\u003e on atapci0\nata1: [ITHREAD]\npci0: \u003cserial bus, SMBus\u003e at device 31.3 (no driver attached)\nfdc0: \u003cfloppy drive controller\u003e port 0x3f0-0x3f5,0x3f7 irq 6 drq 2 on acpi0\nfdc0: [FILTER]\nfd0: \u003c1440-KB 3.5\" drive\u003e on fdc0 drive 0\nsio0: \u003c16550A-compatible COM port\u003e port 0x3f8-0x3ff irq 4 flags 0x10 on acpi0\nsio0: type 16550A\nsio0: [FILTER]\npmtimer0 on isa0\norm0: \u003cISA Option ROMs\u003e at iomem 0xc0000-0xc7fff,0xc8000-0xc8fff,0xc9000-0xc9fff,0xca000-0xcb7ff,0xec000-0xeffff pnpid ORM0000 on isa0\natkbdc0: \u003cKeyboard controller (i8042)\u003e at port 0x60,0x64 on isa0\natkbd0: \u003cAT Keyboard\u003e irq 1 on atkbdc0\nkbd0 at atkbd0\natkbd0: [GIANT-LOCKED]\natkbd0: [ITHREAD]\nppc0: parallel port not found.\nsc0: \u003cSystem console\u003e at flags 0x100 on isa0\nsc0: VGA \u003c16 virtual consoles, flags=0x300\u003e\nsio1: configured irq 3 not in bitmap of probed irqs 0\nsio1: port may not be enabled\nvga0: \u003cGeneric ISA VGA\u003e at port 0x3c0-0x3df iomem 0xa0000-0xbffff on isa0\nTimecounters tick every 1.000 msec\nacd0: CDROM \u003cTEAC CD-ROM CD-224E/K.9A\u003e at ata0-master UDMA33\nad2: 38146MB \u003cSeagate ST340014AS 8.05\u003e at ata1-master SATA150\nSMP: AP CPU #1 Launched!\nTrying to mount root from ufs:/dev/ad2s1a\nem0: link state changed to UP\n\nFix: \n\nI suspect changes to ata-chipset.c between 7.0-BETA4 and 7.0-RC1 may be the culprit but I do not have the technical knowledge to be sure.\n\nata-chipset.c\nRevision 1.202.2.5\nSun Dec 9 19:26:56 2007 UTC (3 weeks, 3 days ago) by delphij\n\nChanges since revision 1.202.2.4: +131 -41 lines\n\nSync up ata(4) work by sos@ on -HEAD:\n\n * Add preliminary SATA ATAPI support for sii 3132/3124 chips.\n * Fix speed report on Intel SATA chips in compat mode.\n * Fix broken detect of JMicron 368.\n\nRelated revisions:\n - ata-chipset.c: 1.208, 1.210\n - ata-disk.c.c:  1.205\n\nApproved by:\tre (kensmith), sos\n\nhttp://www.freebsd.org/cgi/cvsweb.cgi/src/sys/dev/ata/?sortby=date;only_with_tag=RELENG_7_0#dirlist\n\nThank you for looking at this!\nHow-To-Repeat: Try to install 7.0-RC1.  It will not detect the HDD.\n\nOriginally submitted to freebsd-current as\n\nhttp://unix.derkeiler.com/Mailing-Lists/FreeBSD/current/2008-01/msg00029.html"
}