{
 "id": 597055,
 "bug_id": 154302,
 "attachment_id": 0,
 "creation_time": "2011-01-26T09:00:23Z",
 "creator": "snabb@epipe.com",
 "text": "I have been trying to get Xen para-virtualized device drivers to\nwork with RELENG_8_2 and -current. It appears that that the netfront\ndriver fails to get the vif mac address which leads to panic shortly\nafterwards. The Xen networking mode is bridged (with default config,\nautomatically allocated mac address). Setting the mac address manually\nin Xen config does not help.\n\nIf I enable the xenbus drivers (XENHVM kernel config on amd64 or\nXEN on i386) I always get the following result:\n\n[..]\nxenpci0: \u003cXen Platform Device\u003e port 0xc000-0xc0ff mem 0xf2000000-0xf2ffffff\nirq 28 at device 3.0 on pci0\nxs_probe: Probe retuns 0\nxenstore0: \u003cXenStore\u003e on xenpci0\n[..]\nxenbusb_front0: \u003cXen Frontend Devices\u003e on xenstore0\nxn0: \u003cVirtual Network Interface\u003e at device/vif/0 on xenbusb_front0\nxn0: Error 2 parsing device/vif/0/mac\nxn0: Fatal error. Transitioning to Closing State\nxbd0: 30720MB \u003cVirtual Block Device\u003e at device/vbd/768 on xenbusb_front0\nxbd0: attaching as ad0\nxbd1: 332MB \u003cVirtual Block Device\u003e at device/vbd/5632 on xenbusb_front0\nxbd1: attaching as ad2\npanic: do something smart\n\nWhen using full HVM mode (emulated realtek) I have no problems with\nXen 4.0.1 nor 3.4.3 (both i386 and amd64 GENERIC kernels work fine).\n\nThere is a mailing list thread by myself about this at:\n\nhttp://lists.freebsd.org/pipermail/freebsd-xen/2011-January/000761.html\n\n...where one other person also confirms this problem at:\n\nhttp://lists.freebsd.org/pipermail/freebsd-xen/2011-January/000775.html\n\nHe also confirms that my patch fixes the problem for him.\n\nBelow is one full boot message log with a kernel backtrace. RELENG_8_2\nkernel amd64 config XENHVM (Xen 4.0.1 HVM mode):\n\nKDB: debugger backends: ddb\nKDB: current backend: ddb\nCopyright (c) 1992-2011 The FreeBSD Project.\nCopyright (c) 1979, 1980, 1983, 1986, 1988, 1989, 1991, 1992, 1993, 1994\n        The Regents of the University of California. All rights reserved.\nFreeBSD is a registered trademark of The FreeBSD Foundation.\nFreeBSD 8.2-RC2 #2: Fri Jan 14 06:05:39 UTC 2011\n    snabb@xxx.epipe.com:/usr/obj/usr/src/sys/XENHVM amd64\nTimecounter \"i8254\" frequency 1193182 Hz quality 0\nCPU: Intel(R) Xeon(R) CPU           X3460  @ 2.80GHz (2800.02-MHz K8-class CPU)\n  Origin = \"GenuineIntel\"  Id = 0x106e5  Family = 6  Model = 1e  Stepping = 5\n  Features=0x1781fbff\u003cFPU,VME,DE,PSE,TSC,MSR,PAE,MCE,CX8,APIC,SEP,MTRR,PGE,MCA,CMOV,PAT,MMX,FXSR,SSE,SSE2,HTT\u003e\n  Features2=0x80982201\u003cSSE3,SSSE3,CX16,SSE4.1,SSE4.2,POPCNT,\u003cb31\u003e\u003e\n  AMD Features=0x28100800\u003cSYSCALL,NX,RDTSCP,LM\u003e\n  AMD Features2=0x1\u003cLAHF\u003e\n  TSC: P-state invariant\nreal memory  = 1073741824 (1024 MB)\navail memory = 1016918016 (969 MB)\nACPI APIC Table: \u003cXen HVM\u003e\nFreeBSD/SMP: Multiprocessor System Detected: 8 CPUs\nFreeBSD/SMP: 1 package(s) x 8 core(s)\n cpu0 (BSP): APIC ID:  0\n cpu1 (AP): APIC ID:  2\n cpu2 (AP): APIC ID:  4\n cpu3 (AP): APIC ID:  6\n cpu4 (AP): APIC ID:  8\n cpu5 (AP): APIC ID: 10\n cpu6 (AP): APIC ID: 12\n cpu7 (AP): APIC ID: 14\nioapic0: Changing APIC ID to 1\nMADT: Forcing active-low polarity and level trigger for SCI\nioapic0 \u003cVersion 1.1\u003e irqs 0-47 on motherboard\nkbd1 at kbdmux0\nacpi0: \u003cXen\u003e on motherboard\nacpi0: [ITHREAD]\nacpi0: Power Button (fixed)\nacpi0: Sleep Button (fixed)\nTimecounter \"ACPI-safe\" frequency 3579545 Hz quality 850\nacpi_timer0: \u003c32-bit timer at 3.579545MHz\u003e port 0x1f48-0x1f4b on acpi0\ncpu0: \u003cACPI CPU\u003e on acpi0\ncpu1: \u003cACPI CPU\u003e on acpi0\ncpu2: \u003cACPI CPU\u003e on acpi0\ncpu3: \u003cACPI CPU\u003e on acpi0\ncpu4: \u003cACPI CPU\u003e on acpi0\ncpu5: \u003cACPI CPU\u003e on acpi0\ncpu6: \u003cACPI CPU\u003e on acpi0\ncpu7: \u003cACPI CPU\u003e on acpi0\npcib0: \u003cACPI Host-PCI bridge\u003e port 0xcf8-0xcff on acpi0\npci0: \u003cACPI PCI bus\u003e on pcib0\nisab0: \u003cPCI-ISA bridge\u003e at device 1.0 on pci0\nisa0: \u003cISA bus\u003e on isab0\natapci0: \u003cIntel PIIX3 WDMA2 controller\u003e port 0x1f0-0x1f7,0x3f6,0x170-0x177,0x376,0xc200-0xc20f at device 1.1 on pci0\nata0: \u003cATA channel 0\u003e on atapci0\nata0: [ITHREAD]\nata1: \u003cATA channel 1\u003e on atapci0\nata1: [ITHREAD]\npci0: \u003cbridge\u003e at device 1.3 (no driver attached)\nvgapci0: \u003cVGA-compatible display\u003e mem 0xf0000000-0xf1ffffff,0xf3000000-0xf3000fff at device 2.0 on pci0\nxenpci0: \u003cXen Platform Device\u003e port 0xc000-0xc0ff mem 0xf2000000-0xf2ffffff irq 28 at device 3.0 on pci0\nxs_probe: Probe retuns 0\nxenstore0: \u003cXenStore\u003e on xenpci0\natrtc0: \u003cAT realtime clock\u003e port 0x70-0x71 irq 8 on acpi0\natkbdc0: \u003cKeyboard controller (i8042)\u003e port 0x60,0x64 irq 1 on acpi0\natkbd0: \u003cAT Keyboard\u003e irq 1 on atkbdc0\nkbd0 at atkbd0\natkbd0: [GIANT-LOCKED]\natkbd0: [ITHREAD]\npsm0: \u003cPS/2 Mouse\u003e irq 12 on atkbdc0\npsm0: [GIANT-LOCKED]\npsm0: [ITHREAD]\npsm0: model IntelliMouse Explorer, device ID 4\nfdc0: \u003cfloppy drive controller\u003e port 0x3f0-0x3f5,0x3f7 irq 6 drq 2 on acpi0\nfdc0: does not respond\ndevice_attach: fdc0 attach returned 6\nuart0: \u003c16550 or compatible\u003e port 0x3f8-0x3ff irq 4 flags 0x10 on acpi0\nuart0: [FILTER]\nuart0: console (9600,n,8,1)\nppc0: \u003cParallel port\u003e port 0x378-0x37f irq 7 on acpi0\nppc0: Generic chipset (NIBBLE-only) in COMPATIBLE mode\nppc0: [ITHREAD]\nppbus0: \u003cParallel port bus\u003e on ppc0\nplip0: \u003cPLIP network interface\u003e on ppbus0\nplip0: [ITHREAD]\nlpt0: \u003cPrinter\u003e on ppbus0\nlpt0: [ITHREAD]\nlpt0: Interrupt-driven port\nppi0: \u003cParallel I/O\u003e on ppbus0\norm0: \u003cISA Option ROM\u003e at iomem 0xc9000-0xc97ff on isa0\nsc0: \u003cSystem console\u003e at flags 0x100 on isa0\nsc0: VGA \u003c16 virtual consoles, flags=0x100\u003e\nvga0: \u003cGeneric ISA VGA\u003e at port 0x3c0-0x3df iomem 0xa0000-0xbffff on isa0\nTimecounters tick every 10.000 msec\nacd0: CDROM \u003cQEMU DVD-ROM/0.10.2\u003e at ata1-master WDMA2 \nxenbusb_front0: \u003cXen Frontend Devices\u003e on xenstore0\nxn0: \u003cVirtual Network Interface\u003e at device/vif/0 on xenbusb_front0\nxn0: Error 2 parsing device/vif/0/mac\nxn0: Fatal error. Transitioning to Closing State\nxbd0: 30720MB \u003cVirtual Block Device\u003e at device/vbd/768 on xenbusb_front0\nxbd0: attaching as ad0\nxbd1: 332MB \u003cVirtual Block Device\u003e at device/vbd/5632 on xenbusb_front0\nxbd1: attaching as ad2\npanic: do something smart\ncpuid = 0\nKDB: stack backtrace:\ndb_trace_self_wrapper() at db_trace_self_wrapper+0x2a\nkdb_backtrace() at kdb_backtrace+0x37\npanic() at panic+0x187\nnetfront_attach() at netfront_attach+0x18c\ndevice_attach() at device_attach+0x69\nxenbusb_probe_children() at xenbusb_probe_children+0xdf\nxenbusb_attach() at xenbusb_attach+0x11c\ndevice_attach() at device_attach+0x69\nbus_generic_attach() at bus_generic_attach+0x1a\nxs_attach_deferred() at xs_attach_deferred+0x21\nrun_interrupt_driven_config_hooks() at run_interrupt_driven_config_hooks+0xab\nboot_run_interrupt_driven_config_hooks() at boot_run_interrupt_driven_config_hooks+0x2c\nmi_startup() at mi_startup+0x77\nbtext() at btext+0x2c\nKDB: enter: panic\n[thread pid 0 tid 100000 ]\nStopped at      kdb_enter+0x3d: movq    $0,0x6c7a90(%rip)\ndb\u003e halt\n\nFix: If the \"mac\" node does not appear in the front-end vif directory,\nlook for it in the backend directory for the same vif.\n\nTwo alternative patches:\nHow-To-Repeat: \nTry to boot i386 XEN kernel or amd64 XENHVM kernel in similar\nenvironment. Obviously this does not happen with every Xen environment\nas there is no prior reports about this."
}