{
 "id": 95295,
 "bug_id": 30310,
 "attachment_id": 0,
 "creation_time": "2004-04-18T18:54:20Z",
 "creator": "jpeg@thilelli.net",
 "text": "Hello,\n\nI can reproduce the problem here:\n\n - FreeBSD 5.2.1-RELEASE-p4 #0: Wed Apr 14 22:06:33 CEST 2004 i386;\n\n - Single processor, Hyperthreading *enable*;\n\n - dmesg:\n   Preloaded elf kernel \"/boot/kernel/kernel\" at 0xc0aa6000.\n   Preloaded elf module \"/boot/kernel/acpi.ko\" at 0xc0aa626c.\n   ACPI APIC Table: \u003cPTLTD          APIC  \u003e\n   Timecounter \"i8254\" frequency 1193182 Hz quality 0\n   CPU: Intel(R) Pentium(R) 4 CPU 3.00GHz (3000.12-MHz 686-class CPU)\n     Origin = \"GenuineIntel\"  Id = 0xf29  Stepping = 9\n     Features=0xbfebfbff\u003cFPU,VME,DE,PSE,TSC,MSR,PAE,MCE,CX8,APIC,SEP,\n      MTRR,PGE,MCA,CMOV,PAT,PSE36,CLFLUSH,DTS,ACPI,MMX,FXSR,SSE,SSE2,SS,\n      HTT,TM,PBE\u003e\n     Hyperthreading: 2 logical CPUs\n   real memory  = 1071579136 (1021 MB)\n   avail memory = 1031471104 (983 MB)\n   FreeBSD/SMP: Multiprocessor System Detected: 2 CPUs\n    cpu0 (BSP): APIC ID:  0\n    cpu1 (AP): APIC ID:  1\n   ioapic0 \u003cVersion 1.1\u003e irqs 0-23 on motherboard\n   Pentium Pro MTRR support enabled\n   npx0: [FAST]\n   npx0: \u003cmath processor\u003e on motherboard\n   npx0: INT 16 interface\n   acpi0: \u003cPTLTD    RSDT  \u003e on motherboard\n   pcibios: BIOS version 2.10\n   Using $PIR table, 6 entries at 0xc00fdf60\n   acpi0: Power Button (fixed)\n   Timecounter \"ACPI-fast\" frequency 3579545 Hz quality 1000\n\n - vmstat/iostat/top all fail to report CPU usage;\n\n - This seems to be an SMP specific problem since I have an other machine\n   with an identical level release, but which a single processor *without*\n   Hyperthreading.\n\nNote: I think this problem may be related to Problem Report bin/60385.\n-- \n-jpeg."
}