{
 "id": 1040676,
 "bug_id": 236256,
 "attachment_id": 0,
 "creation_time": "2019-03-05T14:42:29Z",
 "creator": "moocan2112@yahoo.fr",
 "text": "Dear Developers,\n\nI'm trying to install last FreeBSD 12.0-RELEASE in an old i386 previously supported without trouble by some old FreeBSD Release.\n\nI modified the /boot/loader.conf from the install memstick media due to the fact that this is an appliance without screen and keyboard and only serial console.\n\nModified appended to /boot/loader.conf:\nboot_multicons=\"YES\"\nboot_serial=\"YES\"\ncomconsole_speed=\"19200\"\nconsole=\"comconsole,vidconsole\"\nkern.cam.boot_delay=\"10000\"\n\nI tried to add this line to the /boot/loader.conf as discribed in documentation to disable ACPI APIC \n\nhint.apic.0.disabled=\"1\" \n\nHere are the details of the kernel panic:\n\nCopyright (c) 1992-2018 The FreeBSD Project.                                   /\nCopyright (c) 1979, 1980, 1983, 1986, 1988, 1989, 1991, 1992, 1993, 1994       \\\n        The Regents of the University of California. All rights reserved.\nFreeBSD is a registered trademark of The FreeBSD Foundation.\nFreeBSD 12.0-RELEASE r341666 GENERIC i386\nFreeBSD clang version 6.0.1 (tags/RELEASE_601/final 335540) (based on LLVM 6.0.1)\nVT(vga): resolution 640x480\nCPU: AMD-K6(tm) 3D processor (400.92-MHz 586-class CPU)\n  Origin=\"AuthenticAMD\"  Id=0x58c  Family=0x5  Model=0x8  Stepping=12\n  Features=0x8021bf\u003cFPU,VME,DE,PSE,TSC,MSR,MCE,CX8,PGE,MMX\u003e\n  AMD Features=0x80000800\u003cSYSCALL,3DNow!\u003e\nreal memory  = 268435456 (256 MB)\navail memory = 225329152 (214 MB)\narc4random: no preloaded entropy cache\nTimecounter \"TSC\" frequency 400920213 Hz quality 800\nrandom: entropy device external interface\nkbd1 at kbdmux0\nK6-family MTRR support enabled (2 registers)\n[ath_hal] loaded\nmodule_register_init: MOD_LOAD (vesa, 0x15f8f40, 0) error 19\nvtvga0: \u003cVT VGA driver\u003e on motherboard\ncryptosoft0: \u003csoftware crypto\u003e on motherboard\npcib0 pcibus 0 on motherboard\npir0: \u003cPCI Interrupt Routing Table: 7 Entries\u003e on motherboard\npci0: \u003cPCI bus\u003e on pcib0\nisab0: \u003cPCI-ISA bridge\u003e at device 7.0 on pci0\nisa0: \u003cISA bus\u003e on isab0\natapci0: \u003cIntel PIIX4 UDMA33 controller\u003e port 0x1f0-0x1f7,0x3f6,0x170-0x177,0x376,0xf000-0xf00f at device 7.1 on pci0\nata0: \u003cATA channel\u003e at channel 0 on atapci0\nata1: \u003cATA channel\u003e at channel 1 on atapci0\nuhci0: \u003cIntel 82371AB/EB (PIIX4) USB controller\u003e port 0x6400-0x641f irq 11 at device 7.2 on pci0\nusbus0 on uhci0\npiix0: \u003cPIIX Timecounter\u003e port 0x6200-0x620f at device 7.3 on pci0\nTimecounter \"PIIX\" frequency 3579545 Hz quality 0\nfxp0: \u003cIntel 82558 Pro/100 Ethernet\u003e port 0x6800-0x681f mem 0xe0300000-0xe0300fff,0xe0000000-0xe00fffff irq 10 at device 13.0 on p0\nfxp0: EEPROM checksum mismatch! (0xbbb9 -\u003e 0xffff)\nmiibus0: \u003cMII bus\u003e on fxp0\ninphy0: \u003ci82555 10/100 media interface\u003e PHY 1 on miibus0\ninphy0:  10baseT, 10baseT-FDX, 100baseTX, 100baseTX-FDX, auto, auto-flow\nfxp0: Ethernet address: ff:ff:ff:ff:ff:ff\nfxp1: \u003cIntel 82558 Pro/100 Ethernet\u003e port 0x6c00-0x6c1f mem 0xe0302000-0xe0302fff,0xe0100000-0xe01fffff irq 12 at device 14.0 on p0\nfxp1: EEPROM checksum mismatch! (0xbbb9 -\u003e 0xffff)\nmiibus1: \u003cMII bus\u003e on fxp1\ninphy1: \u003ci82555 10/100 media interface\u003e PHY 1 on miibus1\ninphy1:  10baseT, 10baseT-FDX, 100baseTX, 100baseTX-FDX, auto, auto-flow\nfxp1: Ethernet address: ff:ff:ff:ff:ff:ff\nfxp2: \u003cIntel 82558 Pro/100 Ethernet\u003e port 0x7000-0x701f mem 0xe0301000-0xe0301fff,0xe0200000-0xe02fffff irq 5 at device 15.0 on pc0\nfxp2: EEPROM checksum mismatch! (0xbbb9 -\u003e 0xffff)\nmiibus2: \u003cMII bus\u003e on fxp2\ninphy2: \u003ci82555 10/100 media interface\u003e PHY 1 on miibus2\ninphy2:  10baseT, 10baseT-FDX, 100baseTX, 100baseTX-FDX, auto, auto-flow\nfxp2: Ethernet address: ff:ff:ff:ff:ff:ff\npcib1: \u003cPCI-PCI bridge\u003e at device 16.0 on pci0\npci1: \u003cPCI bus\u003e on pcib1\ndc0: \u003cIntel 21143 10/100BaseTX\u003e port 0xe000-0xe07f mem 0xd8000000-0xd80003ff irq 10 at device 5.0 on pci1\nmiibus3: \u003cMII bus\u003e on dc0\ndcphy0: \u003cIntel 21143 NWAY media interface\u003e PHY 31 on miibus3\ndcphy0:  10baseT, 10baseT-FDX, 100baseTX, 100baseTX-FDX, auto\ndc0: Ethernet address: 00:c0:95:c4:9c:90\ndc1: \u003cIntel 21143 10/100BaseTX\u003e port 0xe400-0xe47f mem 0xd8001000-0xd80013ff irq 12 at device 6.0 on pci1\nmiibus4: \u003cMII bus\u003e on dc1\ndcphy1: \u003cIntel 21143 NWAY media interface\u003e PHY 31 on miibus4\ndcphy1:  10baseT, 10baseT-FDX, 100baseTX, 100baseTX-FDX, auto\ndc1: Ethernet address: 00:c0:95:c4:9c:91\ncpu0 on motherboard\nattimer0: \u003cAT timer\u003e at port 0x40-0x43 irq 0 pnpid PNP0100 on isa0\nTimecounter \"i8254\" frequency 1193182 Hz quality 0\nEvent timer \"i8254\" frequency 1193182 Hz quality 100\natrtc0: \u003cAT realtime clock\u003e at port 0x70-0x71 irq 8 pnpid PNP0b00 on isa0\natrtc0: registered as a time-of-day clock, resolution 1.000000s\nEvent timer \"RTC\" frequency 32768 Hz quality 0\natkbdc0: \u003cKeyboard controller (i8042)\u003e at port 0x60,0x64 irq 1 pnpid PNP0303 on isa0\natkbd0: \u003cAT Keyboard\u003e irq 1 on atkbdc0\nkbd0 at atkbd0\natkbd0: [GIANT-LOCKED]\nunknown: \u003cPNP0c01\u003e can't assign resources (memory)\nunknown: \u003cPNP0a03\u003e can't assign resources (port)\nuart0: \u003c16550 or compatible\u003e at port 0x3f8-0x3ff irq 4 flags 0x10 pnpid PNP0501 on isa0\nuart0: console (19200,n,8,1)\nuart1: \u003c16550 or compatible\u003e at port 0x2f8-0x2ff irq 3 pnpid PNP0501 on isa0\nfdc0: \u003cEnhanced floppy controller\u003e at port 0x3f2-0x3f5,0x3f7 irq 6 drq 2 pnpid PNP0700 on isa0\nppc0: \u003cECP parallel printer port\u003e at port 0x378-0x37f,0x778-0x77a irq 7 drq 3 pnpid PNP0401 on isa0\nppc0: SMC-like chipset (ECP/EPP/PS2/NIBBLE) in COMPATIBLE mode\nppc0: FIFO with 16/16/8 bytes threshold\nppbus0: \u003cParallel port bus\u003e on ppc0\nlpt0: \u003cPrinter\u003e on ppbus0\nlpt0: Interrupt-driven port\nppi0: \u003cParallel I/O\u003e on ppbus0                                                \npsmcpnp0: irq resource info is missing; assuming irq 12                       \npanic: resource_list_release: resource entry is not busy                      \ncpuid = 0                                                                     \ntime = 1\nKDB: stack backtrace:\n#0 0x110854f at kdb_backtrace+0x4f\n#1 0x10bb517 at vpanic+0x147\n#2 0x10bb3cb at panic+0x1b\n#3 0x10f88a1 at resource_list_release+0x1d1\n#4 0x16a4b7c at isa_release_resource+0x3c\n#5 0x10f8cc5 at bus_release_resource+0x65\n#6 0x159f57c at psmcpnp_probe+0x24c\n#7 0x10f6835 at device_probe_child+0x165\n#8 0x10f7597 at device_probe+0x77\n#9 0x10f7622 at device_probe_and_attach+0x12\n#10 0x1044cd2 at isa_probe_children+0x132\n#11 0x16a794a at configure+0x1a\n#12 0x1053507 at mi_startup+0xf7\n#13 0x8f805f at btext+0x5f\nUptime: 1s\nAutomatic reboot in 15 seconds - press a key on the console to abort\n--\u003e Press a key on the console to reboot,\n--\u003e or switch off the system now.\n\nKind Regards"
}