{
 "id": 520348,
 "bug_id": 138948,
 "attachment_id": 0,
 "creation_time": "2009-09-18T21:50:01Z",
 "creator": "taosecurity@gmail.com",
 "text": "FreeBSD 7.2 correctly finds da0: \n\nda0 at twa0 bus 0 target 0 lun 0\nda0: \u003cAMCC 9550SX-4LP DISK 3.04\u003e Fixed Direct Access SCSI-3 device \nda0: 100.000MB/s transfers\nda0: 610308MB (1249910784 512 byte sectors: 255H 63S/T 77803C)\n\nFreeBSD 8.0-BETA3 doesn't see da0 unless I enable \n\nhw.pci.mcfg=0\n\nin /boot/loader.conf.  When I boot using hw.pci.mcfg=0 I see:\n\nda0 at twa0 bus 0 target 0 lun 0\nda0: \u003cAMCC 9550SX-4LP DISK 3.04\u003e Fixed Direct Access SCSI-3 device \nda0: 100.000MB/s transfers\nda0: 610308MB (1249910784 512 byte sectors: 255H 63S/T 77803C)\n\nas expected.\n\ndmesg output from FreeBSD 7.2-RELEASE-p2 #0\n\nCopyright (c) 1992-2009 The FreeBSD Project.\nCopyright (c) 1979, 1980, 1983, 1986, 1988, 1989, 1991, 1992, 1993, 1994\n\tThe Regents of the University of California. All rights reserved.\nFreeBSD is a registered trademark of The FreeBSD Foundation.\nFreeBSD 7.2-RELEASE-p2 #0: Wed Jun 24 00:57:44 UTC 2009\n    root@i386-builder.daemonology.net:/usr/obj/usr/src/sys/GENERIC\nTimecounter \"i8254\" frequency 1193182 Hz quality 0\nCPU: Dual Core AMD Opteron(tm) Processor 275 HE (2210.20-MHz 686-class CPU)\n  Origin = \"AuthenticAMD\"  Id = 0x20f12  Stepping = 2\n  Features=0x178bfbff\u003cFPU,VME,DE,PSE,TSC,MSR,PAE,MCE,CX8,APIC,SEP,MTRR,PGE,MCA,CMOV,PAT,PSE36,CLFLUSH,MMX,FXSR,SSE,SSE2,HTT\u003e\n  Features2=0x1\u003cSSE3\u003e\n  AMD Features=0xe2500800\u003cSYSCALL,NX,MMX+,FFXSR,LM,3DNow!+,3DNow!\u003e\n  AMD Features2=0x3\u003cLAHF,CMP\u003e\n  Cores per package: 2\nreal memory  = 3489595392 (3327 MB)\navail memory = 3410239488 (3252 MB)\nACPI APIC Table: \u003cNvidia AWRDACPI\u003e\nFreeBSD/SMP: Multiprocessor System Detected: 2 CPUs\n cpu0 (BSP): APIC ID:  0\n cpu1 (AP): APIC ID:  1\nioapic0: Changing APIC ID to 4\nioapic0 \u003cVersion 1.1\u003e irqs 0-23 on motherboard\nioapic1 \u003cVersion 1.1\u003e irqs 24-30 on motherboard\nioapic2 \u003cVersion 1.1\u003e irqs 28-34 on motherboard\nkbd1 at kbdmux0\nacpi0: \u003cNvidia AWRDACPI\u003e on motherboard\nacpi0: [ITHREAD]\nacpi0: Power Button (fixed)\nacpi0: reservation of 0, a0000 (3) failed\nacpi0: reservation of 100000, cfef0000 (3) failed\nTimecounter \"ACPI-fast\" frequency 3579545 Hz quality 1000\nacpi_timer0: \u003c24-bit timer at 3.579545MHz\u003e port 0x1008-0x100b on acpi0\nacpi_button0: \u003cPower Button\u003e on acpi0\npcib0: \u003cACPI Host-PCI bridge\u003e port 0xcf8-0xcff on acpi0\npci0: \u003cACPI PCI bus\u003e on pcib0\npci0: \u003cmemory\u003e at device 0.0 (no driver attached)\nisab0: \u003cPCI-ISA bridge\u003e at device 1.0 on pci0\nisa0: \u003cISA bus\u003e on isab0\npci0: \u003cserial bus, SMBus\u003e at device 1.1 (no driver attached)\nohci0: \u003cOHCI (generic) USB controller\u003e mem 0xfe02f000-0xfe02ffff irq 21 at device 2.0 on pci0\nohci0: [GIANT-LOCKED]\nohci0: [ITHREAD]\nusb0: OHCI version 1.0, legacy support\nusb0: SMM does not respond, resetting\nusb0: \u003cOHCI (generic) USB controller\u003e on ohci0\nusb0: USB revision 1.0\nuhub0: \u003cnVidia OHCI root hub, class 9/0, rev 1.00/1.00, addr 1\u003e on usb0\nuhub0: 10 ports with 10 removable, self powered\nehci0: \u003cNVIDIA nForce4 USB 2.0 controller\u003e mem 0xfeb00000-0xfeb000ff irq 22 at device 2.1 on pci0\nehci0: [GIANT-LOCKED]\nehci0: [ITHREAD]\nusb1: waiting for BIOS to give up control\nusb1: timed out waiting for BIOS\nusb1: EHCI version 1.0\nusb1: companion controller, 4 ports each: usb0\nusb1: \u003cNVIDIA nForce4 USB 2.0 controller\u003e on ehci0\nusb1: USB revision 2.0\nuhub1: \u003cnVidia EHCI root hub, class 9/0, rev 2.00/1.00, addr 1\u003e on usb1\nuhub1: 10 ports with 10 removable, self powered\natapci0: \u003cnVidia nForce CK804 UDMA133 controller\u003e port 0x1f0-0x1f7,0x3f6,0x170-0x177,0x376,0xf000-0xf00f at device 6.0 on pci0\nata0: \u003cATA channel 0\u003e on atapci0\nata0: [ITHREAD]\nata1: \u003cATA channel 1\u003e on atapci0\nata1: [ITHREAD]\natapci1: \u003cnVidia nForce CK804 SATA300 controller\u003e port 0x9f0-0x9f7,0xbf0-0xbf3,0x970-0x977,0xb70-0xb73,0xdc00-0xdc0f mem 0xfe02d000-0xfe02dfff irq 23 at device 7.0 on pci0\natapci1: [ITHREAD]\nata2: \u003cATA channel 0\u003e on atapci1\nata2: [ITHREAD]\nata3: \u003cATA channel 1\u003e on atapci1\nata3: [ITHREAD]\natapci2: \u003cnVidia nForce CK804 SATA300 controller\u003e port 0x9e0-0x9e7,0xbe0-0xbe3,0x960-0x967,0xb60-0xb63,0xc800-0xc80f mem 0xfe02c000-0xfe02cfff irq 21 at device 8.0 on pci0\natapci2: [ITHREAD]\nata4: \u003cATA channel 0\u003e on atapci2\nata4: [ITHREAD]\nata5: \u003cATA channel 1\u003e on atapci2\nata5: [ITHREAD]\npcib1: \u003cACPI PCI-PCI bridge\u003e at device 9.0 on pci0\npci1: \u003cACPI PCI bus\u003e on pcib1\nnfe0: \u003cNVIDIA nForce4 CK804 MCP9 Networking Adapter\u003e port 0xc400-0xc407 mem 0xfe02b000-0xfe02bfff irq 22 at device 10.0 on pci0\nmiibus0: \u003cMII bus\u003e on nfe0\ne1000phy0: \u003cMarvell 88E1111 Gigabit PHY\u003e PHY 1 on miibus0\ne1000phy0:  10baseT, 10baseT-FDX, 100baseTX, 100baseTX-FDX, 1000baseTX-FDX, auto\nnfe0: Ethernet address: 00:01:4e:01:5c:36\nnfe0: [FILTER]\npcib2: \u003cACPI PCI-PCI bridge\u003e at device 11.0 on pci0\npci2: \u003cACPI PCI bus\u003e on pcib2\nmskc0: \u003cMarvell Yukon 88E8052 Gigabit Ethernet\u003e port 0xac00-0xacff mem 0xfddfc000-0xfddfffff irq 17 at device 0.0 on pci2\nmsk0: \u003cMarvell Technology Group Ltd. Yukon EC Id 0xb6 Rev 0x02\u003e on mskc0\nmsk0: Ethernet address: 00:01:4e:01:5c:34\nmiibus1: \u003cMII bus\u003e on msk0\ne1000phy1: \u003cMarvell 88E1111 Gigabit PHY\u003e PHY 0 on miibus1\ne1000phy1:  10baseT, 10baseT-FDX, 100baseTX, 100baseTX-FDX, 1000baseTX-FDX, auto\nmskc0: [FILTER]\npcib3: \u003cACPI PCI-PCI bridge\u003e at device 12.0 on pci0\npci3: \u003cACPI PCI bus\u003e on pcib3\npcib4: \u003cACPI PCI-PCI bridge\u003e at device 13.0 on pci0\npci4: \u003cACPI PCI bus\u003e on pcib4\nmskc1: \u003cMarvell Yukon 88E8052 Gigabit Ethernet\u003e port 0x8c00-0x8cff mem 0xfd9fc000-0xfd9fffff irq 19 at device 0.0 on pci4\nmsk1: \u003cMarvell Technology Group Ltd. Yukon EC Id 0xb6 Rev 0x02\u003e on mskc1\nmsk1: Ethernet address: 00:01:4e:01:5c:35\nmiibus2: \u003cMII bus\u003e on msk1\ne1000phy2: \u003cMarvell 88E1111 Gigabit PHY\u003e PHY 0 on miibus2\ne1000phy2:  10baseT, 10baseT-FDX, 100baseTX, 100baseTX-FDX, 1000baseTX-FDX, auto\nmskc1: [FILTER]\npcib5: \u003cACPI PCI-PCI bridge\u003e at device 14.0 on pci0\npci5: \u003cACPI PCI bus\u003e on pcib5\npcib6: \u003cACPI Host-PCI bridge\u003e port 0xcf8-0xcff on acpi0\npci8: \u003cACPI PCI bus\u003e on pcib6\npcib7: \u003cACPI PCI-PCI bridge\u003e at device 10.0 on pci8\npci9: \u003cACPI PCI bus\u003e on pcib7\n3ware device driver for 9000 series storage controllers, version: 3.70.05.001\ntwa0: \u003c3ware 9000 series Storage Controller\u003e port 0x6c00-0x6c3f mem 0xdc000000-0xddffffff,0xdfdff000-0xdfdfffff irq 24 at device 12.0 on pci9\ntwa0: [ITHREAD]\ntwa0: INFO: (0x15: 0x1300): Controller details:: Model 9550SX-4LP, 4 ports, Firmware FE9X 3.04.00.005, BIOS BE9X 3.04.00.002\npcib8: \u003cACPI PCI-PCI bridge\u003e at device 11.0 on pci8\npci10: \u003cACPI PCI bus\u003e on pcib8\nvgapci0: \u003cVGA-compatible display\u003e port 0x5c00-0x5cff mem 0xd0000000-0xd7ffffff,0xdfef0000-0xdfefffff irq 28 at device 1.0 on pci10\nacpi_tz0: \u003cThermal Zone\u003e on acpi0\nsio0: \u003c16550A-compatible COM port\u003e port 0x3f8-0x3ff irq 4 flags 0x10 on acpi0\nsio0: type 16550A\nsio0: [FILTER]\nsio1: \u003c16550A-compatible COM port\u003e port 0x2f8-0x2ff irq 3 on acpi0\nsio1: type 16550A\nsio1: [FILTER]\ncpu0: \u003cACPI CPU\u003e on acpi0\npowernow0: \u003cCool`n'Quiet K8\u003e on cpu0\ndevice_attach: powernow0 attach returned 6\ncpu1: \u003cACPI CPU\u003e on acpi0\npowernow1: \u003cCool`n'Quiet K8\u003e on cpu1\ndevice_attach: powernow1 attach returned 6\npmtimer0 on isa0\norm0: \u003cISA Option ROMs\u003e at iomem 0xc0000-0xcffff,0xd0000-0xd3fff,0xd4000-0xd57ff,0xd6000-0xd77ff pnpid ORM0000 on isa0\natkbdc0: \u003cKeyboard controller (i8042)\u003e at port 0x60,0x64 on isa0\natkbd0: \u003cAT Keyboard\u003e irq 1 on atkbdc0\nkbd0 at atkbd0\natkbd0: [GIANT-LOCKED]\natkbd0: [ITHREAD]\nppc0: parallel port not found.\nsc0: \u003cSystem console\u003e at flags 0x100 on isa0\nsc0: VGA \u003c16 virtual consoles, flags=0x300\u003e\nvga0: \u003cGeneric ISA VGA\u003e at port 0x3c0-0x3df iomem 0xa0000-0xbffff on isa0\nuhub2: \u003cDell Dell USB Keyboard Hub, class 9/0, rev 1.10/2.00, addr 2\u003e on uhub0\nuhub2: 3 ports with 2 removable, bus powered\nukbd0: \u003cDell Dell USB Keyboard, class 0/0, rev 1.10/2.00, addr 3\u003e on uhub2\nkbd2 at ukbd0\nuhid0: \u003cDell Dell USB Keyboard, class 0/0, rev 1.10/2.00, addr 3\u003e on uhub2\nTimecounters tick every 1.000 msec\nacd0: DVDR \u003cOptiarc DVD RW AD-5540A/2.01\u003e at ata0-master UDMA33\nad4: 152627MB \u003cSeagate ST9160823AS 3.AAB\u003e at ata2-master SATA150\nad6: 152627MB \u003cSeagate ST9160823AS 3.AAB\u003e at ata3-master SATA150\nGEOM_LABEL: Label for provider ad4s1d is ufsid/4ab3a2c8f59eb7b3.\nGEOM_LABEL: Label for provider ad4s1e is ufsid/4ab3a2b1c5fa76c5.\nGEOM_LABEL: Label for provider ad6s1a is ufsid/4ab3a2ac3ec1c709.\nGEOM_LABEL: Label for provider ad6s1d is ufsid/4ab3a2c806d3ab75.\nGEOM_LABEL: Label for provider ad6s1e is ufsid/4ab3a2c9ad664670.\nGEOM_LABEL: Label for provider ad6s1f is ufsid/4ab3a2ace3787274.\nGEOM_LABEL: Label for provider ad6s1g is ufsid/4ab3a2c727a68a50.\nGEOM_LABEL: Label for provider ad6s1h is ufsid/4ab3a2ac09735bd8.\nda0 at twa0 bus 0 target 0 lun 0\nda0: \u003cAMCC 9550SX-4LP DISK 3.04\u003e Fixed Direct Access SCSI-3 device \nda0: 100.000MB/s transfers\nda0: 610308MB (1249910784 512 byte sectors: 255H 63S/T 77803C)\nSMP: AP CPU #1 Launched!\nGEOM_LABEL: Label for provider da0s1d is ufsid/4ab3a2c80b867633.\nGEOM_LABEL: Label for provider da0s1e is ufsid/4ab3a2b9b3b0bd13.\nTrying to mount root from ufs:/dev/ad6s1a\nGEOM_LABEL: Label ufsid/4ab3a2ac3ec1c709 removed.\nGEOM_LABEL: Label for provider ad6s1a is ufsid/4ab3a2ac3ec1c709.\nGEOM_LABEL: Label ufsid/4ab3a2ace3787274 removed.\nGEOM_LABEL: Label for provider ad6s1f is ufsid/4ab3a2ace3787274.\nGEOM_LABEL: Label ufsid/4ab3a2b9b3b0bd13 removed.\nGEOM_LABEL: Label for provider da0s1e is ufsid/4ab3a2b9b3b0bd13.\nGEOM_LABEL: Label ufsid/4ab3a2b1c5fa76c5 removed.\nGEOM_LABEL: Label ufsid/4ab3a2ac09735bd8 removed.\nGEOM_LABEL: Label for provider ad6s1h is ufsid/4ab3a2ac09735bd8.\nGEOM_LABEL: Label for provider ad4s1e is ufsid/4ab3a2b1c5fa76c5.\nGEOM_LABEL: Label ufsid/4ab3a2c80b867633 removed.\nGEOM_LABEL: Label ufsid/4ab3a2c8f59eb7b3 removed.\nGEOM_LABEL: Label for provider ad4s1d is ufsid/4ab3a2c8f59eb7b3.\nGEOM_LABEL: Label ufsid/4ab3a2c727a68a50 removed.\nGEOM_LABEL: Label for provider ad6s1g is ufsid/4ab3a2c727a68a50.\nGEOM_LABEL: Label for provider da0s1d is ufsid/4ab3a2c80b867633.\nGEOM_LABEL: Label ufsid/4ab3a2c806d3ab75 removed.\nGEOM_LABEL: Label for provider ad6s1d is ufsid/4ab3a2c806d3ab75.\nGEOM_LABEL: Label ufsid/4ab3a2c9ad664670 removed.\nGEOM_LABEL: Label for provider ad6s1e is ufsid/4ab3a2c9ad664670.\nGEOM_LABEL: Label ufsid/4ab3a2ac3ec1c709 removed.\nGEOM_LABEL: Label ufsid/4ab3a2ace3787274 removed.\nGEOM_LABEL: Label ufsid/4ab3a2ac09735bd8 removed.\nGEOM_LABEL: Label ufsid/4ab3a2b1c5fa76c5 removed.\nGEOM_LABEL: Label ufsid/4ab3a2b9b3b0bd13 removed.\nGEOM_LABEL: Label ufsid/4ab3a2c727a68a50 removed.\nGEOM_LABEL: Label ufsid/4ab3a2c8f59eb7b3 removed.\nGEOM_LABEL: Label ufsid/4ab3a2c80b867633 removed.\nGEOM_LABEL: Label ufsid/4ab3a2c806d3ab75 removed.\nGEOM_LABEL: Label ufsid/4ab3a2c9ad664670 removed.\nnfe0: link state changed to UP\n\ndmesg output from FreeBSD 8.0-BETA4 #0\n\nCopyright (c) 1992-2009 The FreeBSD Project.\nCopyright (c) 1979, 1980, 1983, 1986, 1988, 1989, 1991, 1992, 1993, 1994\n        The Regents of the University of California. All rights reserved.\nFreeBSD is a registered trademark of The FreeBSD Foundation.\nFreeBSD 8.0-BETA4 #0: Sun Sep  6 05:51:03 UTC 2009\n    root@almeida.cse.buffalo.edu:/usr/obj/usr/src/sys/GENERIC\nWARNING: WITNESS option enabled, expect reduced performance.\nTimecounter \"i8254\" frequency 1193182 Hz quality 0\nCPU: Dual Core AMD Opteron(tm) Processor 275 HE (2210.19-MHz 686-class CPU)\n  Origin = \"AuthenticAMD\"  Id = 0x20f12  Stepping = 2\n  Features=0x178bfbff\u003cFPU,VME,DE,PSE,TSC,MSR,PAE,MCE,CX8,APIC,SEP,MTRR,PGE,MCA,CMOV,PAT,PSE36,CLFLUSH,MMX,FXSR,SSE,SSE2,HTT\u003e\n  Features2=0x1\u003cSSE3\u003e\n  AMD Features=0xe2500800\u003cSYSCALL,NX,MMX+,FFXSR,LM,3DNow!+,3DNow!\u003e\n  AMD Features2=0x3\u003cLAHF,CMP\u003e\nreal memory  = 4294967296 (4096 MB)\navail memory = 3405258752 (3247 MB)\nACPI APIC Table: \u003cNvidia AWRDACPI\u003e\nFreeBSD/SMP: Multiprocessor System Detected: 2 CPUs\nFreeBSD/SMP: 1 package(s) x 2 core(s)\n cpu0 (BSP): APIC ID:  0\n cpu1 (AP): APIC ID:  1\nioapic0: Changing APIC ID to 4\nioapic0 \u003cVersion 1.1\u003e irqs 0-23 on motherboard\nioapic1 \u003cVersion 1.1\u003e irqs 24-30 on motherboard\nioapic2 \u003cVersion 1.1\u003e irqs 28-34 on motherboard\nkbd1 at kbdmux0\nacpi0: \u003cNvidia AWRDACPI\u003e on motherboard\nacpi0: [ITHREAD]\nacpi0: Power Button (fixed)\nacpi0: reservation of 0, a0000 (3) failed\nacpi0: reservation of 100000, cfef0000 (3) failed\nTimecounter \"ACPI-fast\" frequency 3579545 Hz quality 1000\nacpi_timer0: \u003c24-bit timer at 3.579545MHz\u003e port 0x1008-0x100b on acpi0\nacpi_button0: \u003cPower Button\u003e on acpi0\npcib0: \u003cACPI Host-PCI bridge\u003e port 0xcf8-0xcff on acpi0\npci0: \u003cACPI PCI bus\u003e on pcib0\npci0: \u003cmemory\u003e at device 0.0 (no driver attached)\nisab0: \u003cPCI-ISA bridge\u003e at device 1.0 on pci0\nisa0: \u003cISA bus\u003e on isab0\npci0: \u003cserial bus, SMBus\u003e at device 1.1 (no driver attached)\nohci0: \u003cOHCI (generic) USB controller\u003e mem 0xfe02f000-0xfe02ffff irq 21 at device 2.0 on pci0\nohci0: [ITHREAD]\nusbus0: \u003cOHCI (generic) USB controller\u003e on ohci0\nehci0: \u003cNVIDIA nForce4 USB 2.0 controller\u003e mem 0xfeb00000-0xfeb000ff irq 22 at device 2.1 on pci0\nehci0: [ITHREAD]\nusbus1: waiting for BIOS to give up control\nusbus1: timed out waiting for BIOS\nusbus1: EHCI version 1.0\nusbus1: \u003cNVIDIA nForce4 USB 2.0 controller\u003e on ehci0\natapci0: \u003cnVidia nForce CK804 UDMA133 controller\u003e port 0x1f0-0x1f7,0x3f6,0x170-0x177,0x376,0xf000-0xf00f at device 6.0 on pci0\nata0: \u003cATA channel 0\u003e on atapci0\nata0: [ITHREAD]\nata1: \u003cATA channel 1\u003e on atapci0\nata1: [ITHREAD]\natapci1: \u003cnVidia nForce CK804 SATA300 controller\u003e port 0x9f0-0x9f7,0xbf0-0xbf3,0x970-0x977,0xb70-0xb73,0xdc00-0xdc0f mem 0xfe02d000-0xfe02dfff irq 23 at device 7.0 on pci0\natapci1: [ITHREAD]\nata2: \u003cATA channel 0\u003e on atapci1\nata2: [ITHREAD]\nata3: \u003cATA channel 1\u003e on atapci1\nata3: [ITHREAD]\natapci2: \u003cnVidia nForce CK804 SATA300 controller\u003e port 0x9e0-0x9e7,0xbe0-0xbe3,0x960-0x967,0xb60-0xb63,0xc800-0xc80f mem 0xfe02c000-0xfe02cfff irq 21 at device 8.0 on pci0\natapci2: [ITHREAD]\nata4: \u003cATA channel 0\u003e on atapci2\nata4: [ITHREAD]\nata5: \u003cATA channel 1\u003e on atapci2\nata5: [ITHREAD]\npcib1: \u003cACPI PCI-PCI bridge\u003e at device 9.0 on pci0\npci1: \u003cACPI PCI bus\u003e on pcib1\nnfe0: \u003cNVIDIA nForce4 CK804 MCP9 Networking Adapter\u003e port 0xc400-0xc407 mem 0xfe02b000-0xfe02bfff irq 22 at device 10.0 on pci0\nmiibus0: \u003cMII bus\u003e on nfe0\ne1000phy0: \u003cMarvell 88E1111 Gigabit PHY\u003e PHY 1 on miibus0\ne1000phy0:  10baseT, 10baseT-FDX, 100baseTX, 100baseTX-FDX, 1000baseT, 1000baseT-FDX, auto\nnfe0: Ethernet address: 00:01:4e:01:5c:36\nnfe0: [FILTER]\npcib2: \u003cACPI PCI-PCI bridge\u003e at device 11.0 on pci0\npci2: \u003cACPI PCI bus\u003e on pcib2\nmskc0: \u003cMarvell Yukon 88E8052 Gigabit Ethernet\u003e port 0xac00-0xacff mem 0xfddfc000-0xfddfffff irq 17 at device 0.0 on pci2\nmsk0: \u003cMarvell Technology Group Ltd. Yukon EC Id 0xb6 Rev 0x02\u003e on mskc0\nmsk0: Ethernet address: 00:01:4e:01:5c:34\nmiibus1: \u003cMII bus\u003e on msk0\ne1000phy1: \u003cMarvell 88E1111 Gigabit PHY\u003e PHY 0 on miibus1\ne1000phy1:  10baseT, 10baseT-FDX, 100baseTX, 100baseTX-FDX, 1000baseT, 1000baseT-FDX, auto\nmskc0: [FILTER]\npcib3: \u003cACPI PCI-PCI bridge\u003e at device 12.0 on pci0\npci3: \u003cACPI PCI bus\u003e on pcib3\npcib4: \u003cACPI PCI-PCI bridge\u003e at device 13.0 on pci0\npci4: \u003cACPI PCI bus\u003e on pcib4\nmskc1: \u003cMarvell Yukon 88E8052 Gigabit Ethernet\u003e port 0x8c00-0x8cff mem 0xfd9fc000-0xfd9fffff irq 19 at device 0.0 on pci4\nmsk1: \u003cMarvell Technology Group Ltd. Yukon EC Id 0xb6 Rev 0x02\u003e on mskc1\nmsk1: Ethernet address: 00:01:4e:01:5c:35\nmiibus2: \u003cMII bus\u003e on msk1\ne1000phy2: \u003cMarvell 88E1111 Gigabit PHY\u003e PHY 0 on miibus2\ne1000phy2:  10baseT, 10baseT-FDX, 100baseTX, 100baseTX-FDX, 1000baseT, 1000baseT-FDX, auto\nmskc1: [FILTER]\npcib5: \u003cACPI PCI-PCI bridge\u003e at device 14.0 on pci0\npci5: \u003cACPI PCI bus\u003e on pcib5\npcib6: \u003cACPI Host-PCI bridge\u003e port 0xcf8-0xcff on acpi0\npci8: \u003cACPI PCI bus\u003e on pcib6\npcib7: \u003cACPI PCI-PCI bridge\u003e at device 10.0 on pci8\npci9: \u003cACPI PCI bus\u003e on pcib7\n3ware device driver for 9000 series storage controllers, version: 3.70.05.001\ntwa0: \u003c3ware 9000 series Storage Controller\u003e port 0x6c00-0x6c3f mem 0xdc000000-0xddffffff,0xdfdff000-0xdfdfffff irq 24 at device 12.0 on pci9\ntwa0: [ITHREAD]\ntwa0: INFO: (0x15: 0x1300): Controller details:: Model 9550SX-4LP, 4 ports, Firmware FE9X 3.04.00.005, BIOS BE9X 3.04.00.002\npcib8: \u003cACPI PCI-PCI bridge\u003e at device 11.0 on pci8\npci10: \u003cACPI PCI bus\u003e on pcib8\nvgapci0: \u003cVGA-compatible display\u003e port 0x5c00-0x5cff mem 0xd0000000-0xd7ffffff,0xdfef0000-0xdfefffff irq 28 at device 1.0 on pci10\nacpi_tz0: \u003cThermal Zone\u003e on acpi0\natrtc0: \u003cAT realtime clock\u003e port 0x70-0x73 irq 8 on acpi0\nuart0: \u003c16550 or compatible\u003e port 0x3f8-0x3ff irq 4 flags 0x10 on acpi0\nuart0: [FILTER]\nuart1: \u003c16550 or compatible\u003e port 0x2f8-0x2ff irq 3 on acpi0\nuart1: [FILTER]\ncpu0: \u003cACPI CPU\u003e on acpi0\npowernow0: \u003cCool`n'Quiet K8\u003e on cpu0\ndevice_attach: powernow0 attach returned 6\ncpu1: \u003cACPI CPU\u003e on acpi0\npowernow1: \u003cCool`n'Quiet K8\u003e on cpu1\ndevice_attach: powernow1 attach returned 6\npmtimer0 on isa0\norm0: \u003cISA Option ROMs\u003e at iomem 0xc0000-0xcffff,0xd0000-0xd3fff,0xd4000-0xd57ff,0xd6000-0xd77ff pnpid ORM0000 on isa0\nsc0: \u003cSystem console\u003e at flags 0x100 on isa0\nsc0: VGA \u003c16 virtual consoles, flags=0x300\u003e\nvga0: \u003cGeneric ISA VGA\u003e at port 0x3c0-0x3df iomem 0xa0000-0xbffff on isa0\natkbdc0: \u003cKeyboard controller (i8042)\u003e at port 0x60,0x64 on isa0\natkbd0: \u003cAT Keyboard\u003e irq 1 on atkbdc0\nkbd0 at atkbd0\natkbd0: [GIANT-LOCKED]\natkbd0: [ITHREAD]\nppc0: parallel port not found.\nTimecounters tick every 1.000 msec\nusbus0: 12Mbps Full Speed USB v1.0\nusbus1: 480Mbps High Speed USB v2.0\nugen0.1: \u003cnVidia\u003e at usbus0\nuhub0: \u003cnVidia OHCI root HUB, class 9/0, rev 1.00/1.00, addr 1\u003e on usbus0\nugen1.1: \u003cnVidia\u003e at usbus1\nuhub1: \u003cnVidia EHCI root HUB, class 9/0, rev 2.00/1.00, addr 1\u003e on usbus1\nacd0: DVDR \u003cOptiarc DVD RW AD-5540A/2.01\u003e at ata0-master UDMA33\nad4: 152627MB \u003cSeagate ST9160823AS 3.AAB\u003e at ata2-master SATA150\nad6: 152627MB \u003cSeagate ST9160823AS 3.AAB\u003e at ata3-master SATA150\nGEOM: ad4s1: geometry does not match label (255h,63s != 16h,63s).\nGEOM: ad6s1: geometry does not match label (255h,63s != 16h,63s).\nuhub0: 10 ports with 10 removable, self powered\nda0 at twa0 bus 0 target 0 lun 0\nda0: \u003cAMCC 9550SX-4LP DISK 3.04\u003e Fixed Direct Access SCSI-3 device \nda0: 100.000MB/s transfers\nda0: 610308MB (1249910784 512 byte sectors: 255H 63S/T 77803C)\nSMP: AP CPU #1 Launched!\nWARNING: WITNESS option enabled, expect reduced performance.\nuhub1: 10 ports with 10 removable, self powered\nRoot mount waiting for: usbus1\nTrying to mount root from ufs:/dev/ad6s1a\nugen0.2: \u003cDell\u003e at usbus0\nuhub2: \u003cDell USB Keyboard Hub\u003e on usbus0\nuhub2: 3 ports with 2 removable, bus powered\nugen0.3: \u003cDell\u003e at usbus0\nukbd0: \u003cDell USB Keyboard\u003e on usbus0\nkbd2 at ukbd0\nuhid0: \u003cDell USB Keyboard\u003e on usbus0\nnfe0: link state changed to UP\npid 777 (sshd) is using legacy pty devices - not logging anymore\n\nFix: \n\nEnable \n\nhw.pci.mcfg=0\n\nin /boot/loader.conf on 8.0-BETA4.\n\nThis appears related to PRs 128686, 132372, and 137942.  \n\nI will test amd64 next to see if I can reproduce the problem and solution.  \n\nThank you!"
}