{
 "id": 436139,
 "bug_id": 121770,
 "attachment_id": 0,
 "creation_time": "2008-03-19T09:09:30Z",
 "creator": "sbizna@tejat.net",
 "text": "On Tue, Mar 18, 2008 at 3:52 PM,  \u003cvwe@freebsd.org\u003e wrote:\n\u003e  Please give us the kernel dump!\nIt made several dumps, but I can't locate them. (I've historically\nbeen a Linux person so I have no idea where they go.) I haven't had a\nrecurrence since going without a DIMM.\n\n\u003e  As you haven't send a dmesg or any other useful information,\nCopyright (c) 1992-2008 The FreeBSD Project.\nCopyright (c) 1979, 1980, 1983, 1986, 1988, 1989, 1991, 1992, 1993, 1994\n\tThe Regents of the University of California. All rights reserved.\nFreeBSD is a registered trademark of The FreeBSD Foundation.\nFreeBSD 7.0-RELEASE #0: Sun Feb 24 19:59:52 UTC 2008\n    root@logan.cse.buffalo.edu:/usr/obj/usr/src/sys/GENERIC\nTimecounter \"i8254\" frequency 1193182 Hz quality 0\nCPU: Intel(R) Pentium(R) 4 CPU 1.60GHz (1595.30-MHz 686-class CPU)\n  Origin = \"GenuineIntel\"  Id = 0xf12  Stepping = 2\n  Features=0x3febfbff\u003cFPU,VME,DE,PSE,TSC,MSR,PAE,MCE,CX8,APIC,SEP,MTRR,PGE,MCA,CMOV,PAT,PSE36,CLFLUSH,DTS,ACPI,MMX,FXSR,SSE,SSE2,SS,HTT,TM\u003e\nreal memory  = 1073741824 (1024 MB)\navail memory = 1036939264 (988 MB)\nACPI APIC Table: \u003cCOMPAQ BROOKDA \u003e\nioapic0: Changing APIC ID to 8\nioapic0 \u003cVersion 2.0\u003e irqs 0-23 on motherboard\nkbd1 at kbdmux0\nath_hal: 0.9.20.3 (AR5210, AR5211, AR5212, RF5111, RF5112, RF2413, RF5413)\nhptrr: HPT RocketRAID controller driver v1.1 (Feb 24 2008 19:59:27)\nacpi0: \u003cCOMPAQ CPQ003E\u003e on motherboard\nacpi0: [ITHREAD]\nacpi0: Power Button (fixed)\nacpi0: reservation of 0, a0000 (3) failed\nacpi0: reservation of 100000, 40000000 (3) failed\nTimecounter \"ACPI-fast\" frequency 3579545 Hz quality 1000\nacpi_timer0: \u003c24-bit timer at 3.579545MHz\u003e port 0xf808-0xf80b on acpi0\ncpu0: \u003cACPI CPU\u003e on acpi0\np4tcc0: \u003cCPU Frequency Thermal Control\u003e on cpu0\npcib0: \u003cACPI Host-PCI bridge\u003e port 0xcf8-0xcff on acpi0\npci0: \u003cACPI PCI bus\u003e on pcib0\nagp0: \u003cIntel 82845 host to AGP bridge\u003e on hostb0\npcib1: \u003cPCI-PCI bridge\u003e at device 1.0 on pci0\npci1: \u003cPCI bus\u003e on pcib1\nvgapci0: \u003cVGA-compatible display\u003e mem\n0xfc000000-0xfcffffff,0xf0000000-0xf7ffffff irq 18 at device 0.0 on\npci1\npcib2: \u003cACPI PCI-PCI bridge\u003e at device 30.0 on pci0\npci2: \u003cACPI PCI bus\u003e on pcib2\nfxp0: \u003cIntel 82801BA/CAM (ICH2/3) Pro/100 Ethernet\u003e port 0x1000-0x103f\nmem 0xfd200000-0xfd200fff irq 20 at device 8.0 on pci2\nmiibus0: \u003cMII bus\u003e on fxp0\ninphy0: \u003ci82562EM 10/100 media interface\u003e PHY 1 on miibus0\ninphy0:  10baseT, 10baseT-FDX, 100baseTX, 100baseTX-FDX, auto\nfxp0: Ethernet address: 00:02:a5:f2:7a:a2\nfxp0: [ITHREAD]\nisab0: \u003cPCI-ISA bridge\u003e at device 31.0 on pci0\nisa0: \u003cISA bus\u003e on isab0\natapci0: \u003cIntel ICH2 UDMA100 controller\u003e port\n0x1f0-0x1f7,0x3f6,0x170-0x177,0x376,0x2480-0x248f at device 31.1 on\npci0\nata0: \u003cATA channel 0\u003e on atapci0\nata0: [ITHREAD]\nata1: \u003cATA channel 1\u003e on atapci0\nata1: [ITHREAD]\nuhci0: \u003cIntel 82801BA/BAM (ICH2) USB controller USB-A\u003e port\n0x2440-0x245f irq 19 at device 31.2 on pci0\nuhci0: [GIANT-LOCKED]\nuhci0: [ITHREAD]\nusb0: \u003cIntel 82801BA/BAM (ICH2) USB controller USB-A\u003e on uhci0\nusb0: USB revision 1.0\nuhub0: \u003cIntel UHCI root hub, class 9/0, rev 1.00/1.00, addr 1\u003e on usb0\nuhub0: 2 ports with 2 removable, self powered\nuhci1: \u003cIntel 82801BA/BAM (ICH2) USB controller USB-B\u003e port\n0x2460-0x247f irq 23 at device 31.4 on pci0\nuhci1: [GIANT-LOCKED]\nuhci1: [ITHREAD]\nusb1: \u003cIntel 82801BA/BAM (ICH2) USB controller USB-B\u003e on uhci1\nusb1: USB revision 1.0\nuhub1: \u003cIntel UHCI root hub, class 9/0, rev 1.00/1.00, addr 1\u003e on usb1\nuhub1: 2 ports with 2 removable, self powered\npci0: \u003cmultimedia, audio\u003e at device 31.5 (no driver attached)\nacpi_button0: \u003cPower Button\u003e on acpi0\natkbdc0: \u003cKeyboard controller (i8042)\u003e port 0x60,0x64 irq 1 on acpi0\natkbd0: \u003cAT Keyboard\u003e irq 1 on atkbdc0\nkbd0 at atkbd0\natkbd0: [GIANT-LOCKED]\natkbd0: [ITHREAD]\nsio0: \u003cStandard PC COM port\u003e port 0x3f8-0x3ff irq 4 flags 0x10 on acpi0\nsio0: type 16550A\nsio0: [FILTER]\nsio1: \u003cStandard PC COM port\u003e port 0x2f8-0x2ff irq 3 on acpi0\nsio1: type 16550A\nsio1: [FILTER]\nfdc0: \u003cfloppy drive controller\u003e port 0x3f0-0x3f5,0x3f7 irq 6 drq 2 on acpi0\nfdc0: [FILTER]\nfd0: \u003c1440-KB 3.5\" drive\u003e on fdc0 drive 0\npmtimer0 on isa0\norm0: \u003cISA Option ROM\u003e at iomem 0xc0000-0xcc7ff pnpid ORM0000 on isa0\nppc0: \u003cParallel port\u003e at port 0x378-0x37f irq 7 on isa0\nppc0: SMC-like chipset (ECP/EPP/PS2/NIBBLE) in COMPATIBLE mode\nppc0: FIFO with 16/16/13 bytes threshold\nppbus0: \u003cParallel port bus\u003e on ppc0\nppbus0: [ITHREAD]\nplip0: \u003cPLIP network interface\u003e on ppbus0\nlpt0: \u003cPrinter\u003e on ppbus0\nlpt0: Interrupt-driven port\nppi0: \u003cParallel I/O\u003e on ppbus0\nppc0: [GIANT-LOCKED]\nppc0: [ITHREAD]\nsc0: \u003cSystem console\u003e at flags 0x100 on isa0\nsc0: VGA \u003c16 virtual consoles, flags=0x300\u003e\nvga0: \u003cGeneric ISA VGA\u003e at port 0x3c0-0x3df iomem 0xa0000-0xbffff on isa0\nTimecounter \"TSC\" frequency 1595300680 Hz quality 800\nTimecounters tick every 1.000 msec\nhptrr: no controller detected.\nad0: 19092MB \u003cWDC WD200EB-11CSF0 04.01B04\u003e at ata0-master UDMA100\nad2: 117246MB \u003cMaxtor 6Y120L0 YAR41BW0\u003e at ata1-master UDMA100\nTrying to mount root from ufs:/dev/ad0s1a\nWARNING: / was not properly dismounted\nWARNING: /tmp was not properly dismounted\nWARNING: /usr was not properly dismounted\n/usr: mount pending error: blocks 5804 files 0\nWARNING: /var was not properly dismounted\n/var: mount pending error: blocks 4 files 1\nWARNING: ZFS is considered to be an experimental feature in FreeBSD.\nZFS filesystem version 6\nZFS storage pool version 6\n\n^-- That is my latest dmesg. (The mount-related messages at the end\nare because of a power failure.)\n\n\u003e  I'm wondering if you're using a Sil3112 or the like?\nI have two IDE devices on two IDE buses on an ICH2.\n\n\u003e  You can't be sure to have working memory just by successfully passing the POST phase. Please check your RAM using something like memtest86, first (assuming you're running x86 hardware as your report is not clear if you're seeing this on sparc or on x86).\nYou're correct. Unfortunately, unless it's on the boot floppies I\ncan't run memtest86. (There is a gaping double-height\n5.25\"-form-factor hole in this computer's case where optical drives\nshould be.)\n\n\u003e  Also please check if the error appearance changes when swapping RAM modules.\nChanging the arrangement of the three DIMMs in the three slots didn't\nchange anything about the problem. However, any arrangement with only\ntwo DIMMs (leaving a slot open) seems to work perfectly.\n-:sigma.SB"
}