{
 "id": 473531,
 "bug_id": 129373,
 "attachment_id": 0,
 "creation_time": "2008-12-02T18:00:01Z",
 "creator": "mel@rachie.is-a-geek.net",
 "text": "Fatal trap 12: page fault while in kernel mode\ncpuid = 0; apic id = 00\nfault virtual address   = 0x188\nfault code              = supervisor read, page not present\ninstruction pointer     = 0x20:0xc07827b4\nstack pointer           = 0x28:0xd3dfec00\nframe pointer           = 0x28:0xd3dfec18\ncode segment            = base 0x0, limit 0xfffff, type 0x1b\n                        = DPL 0, pres 1, def32 1, gran 1\nprocessor eflags        = interrupt enabled, resume, IOPL = 0\ncurrent process         = 17 (swi6: task queue)\ntrap number             = 12\npanic: page fault\ncpuid = 0\nUptime: 11h38m48s\nPhysical memory: 467 MB\nDumping 109 MB: 94 78 62 46 30 14\n\nReading symbols from /boot/kernel/linux.ko...Reading symbols from /boot/kernel/linux.ko.symbols...done.\ndone.\nLoaded symbols for /boot/kernel/linux.ko\nReading symbols from /boot/kernel/snd_via8233.ko...Reading symbols from /boot/kernel/snd_via8233.ko.symbols...done.\ndone.\nLoaded symbols for /boot/kernel/snd_via8233.ko\nReading symbols from /boot/kernel/sound.ko...Reading symbols from /boot/kernel/sound.ko.symbols...done.\ndone.\nLoaded symbols for /boot/kernel/sound.ko\nReading symbols from /boot/kernel/geom_journal.ko...Reading symbols from /boot/kernel/geom_journal.ko.symbols...done.\ndone.\nLoaded symbols for /boot/kernel/geom_journal.ko\nReading symbols from /boot/kernel/acpi.ko...Reading symbols from /boot/kernel/acpi.ko.symbols...done.\ndone.\nLoaded symbols for /boot/kernel/acpi.ko\nReading symbols from /boot/kernel/linprocfs.ko...Reading symbols from /boot/kernel/linprocfs.ko.symbols...done.\ndone.\nLoaded symbols for /boot/kernel/linprocfs.ko\nReading symbols from /boot/kernel/daemon_saver.ko...Reading symbols from /boot/kernel/daemon_saver.ko.symbols...done.\ndone.\nLoaded symbols for /boot/kernel/daemon_saver.ko\n#0  doadump () at pcpu.h:196\n196     pcpu.h: No such file or directory.\n        in pcpu.h\n(kgdb) bt\n#0  doadump () at pcpu.h:196\n#1  0xc078fb87 in boot (howto=260) at /usr/src/sys/kern/kern_shutdown.c:418\n#2  0xc078fe59 in panic (fmt=Variable \"fmt\" is not available.\n) at /usr/src/sys/kern/kern_shutdown.c:574\n#3  0xc0aa1a3c in trap_fatal (frame=0xd3dfebc0, eva=392)\n    at /usr/src/sys/i386/i386/trap.c:939\n#4  0xc0aa1cc0 in trap_pfault (frame=0xd3dfebc0, usermode=0, eva=392)\n    at /usr/src/sys/i386/i386/trap.c:852\n#5  0xc0aa267c in trap (frame=0xd3dfebc0) at /usr/src/sys/i386/i386/trap.c:530\n#6  0xc0a884fb in calltrap () at /usr/src/sys/i386/i386/exception.s:159\n#7  0xc07827b4 in _mtx_lock_sleep (m=0xc443f88c, tid=3267548256, opts=0, \n    file=0x0, line=0) at /usr/src/sys/kern/kern_mutex.c:339\n#8  0xc078ee06 in _sema_post (sema=0xc443f88c, file=0x0, line=0)\n    at /usr/src/sys/kern/kern_sema.c:79\n#9  0xc0513300 in ata_completed (context=0xc443f840, dummy=1)\n    at /usr/src/sys/dev/ata/ata-queue.c:481\n#10 0xc07c2ed5 in taskqueue_run (queue=0xc2d02c00)\n    at /usr/src/sys/kern/subr_taskqueue.c:282\n#11 0xc07c31e3 in taskqueue_swi_run (dummy=0x0)\n    at /usr/src/sys/kern/subr_taskqueue.c:324\n#12 0xc076f97b in ithread_loop (arg=0xc2d01150)\n    at /usr/src/sys/kern/kern_intr.c:1088\n#13 0xc076c4e9 in fork_exit (callout=0xc076f7c0 \u003cithread_loop\u003e, arg=0xc2d01150, \n    frame=0xd3dfed38) at /usr/src/sys/kern/kern_fork.c:804\n#14 0xc0a88570 in fork_trampoline () at /usr/src/sys/i386/i386/exception.s:264\n(kgdb) frame 7\n#7  0xc07827b4 in _mtx_lock_sleep (m=0xc443f88c, tid=3267548256, opts=0, \n    file=0x0, line=0) at /usr/src/sys/kern/kern_mutex.c:339\n339                             owner = (struct thread *)(v \u0026 ~MTX_FLAGMASK);\n(kgdb) print *m\n$1 = {lock_object = {lo_name = 0x0, lo_type = 0x0, lo_flags = 0, \n    lo_witness_data = {lod_list = {stqe_next = 0x0}, lod_witness = 0x0}}, \n  mtx_lock = 0, mtx_recurse = 0}\n(kgdb) frame 9\n#9  0xc0513300 in ata_completed (context=0xc443f840, dummy=1)\n    at /usr/src/sys/dev/ata/ata-queue.c:481\n481             sema_post(\u0026request-\u003edone);\n(kgdb) list\n476     \n477         /* get results back to the initiator for this request */\n478         if (request-\u003ecallback)\n479             (request-\u003ecallback)(request);\n480         else\n481             sema_post(\u0026request-\u003edone);\n482     \n483         /* only call ata_start if channel is present */\n484         if (ch)\n485             ata_start(ch-\u003edev);\n(kgdb) print *request\n$3 = {dev = 0xc2f36680, parent = 0xc2e41800, u = {ata = {command = 202 '\u0026#1578;', \n      feature = 0, count = 128, lba = 4108598}, atapi = {\n      ccb = \"\u0026#1578;\\000\\000\\000\\200\\000\\000\\0006\u0026#65533;\u003e\\000\\000\\000\\000\", sense = {\n        error = 0 '\\0', segment = 0 '\\0', key = 0 '\\0', cmd_info = 0, \n        sense_length = 0 '\\0', cmd_specific_info = 0, asc = 0 '\\0', \n        ascq = 0 '\\0', replaceable_unit_code = 0 '\\0', specific = 0 '\\0', \n        specific1 = 0 '\\0', specific2 = 0 '\\0'}, saved_cmd = 0 '\\0'}}, \n  bytecount = 65536, transfersize = 8192, \n  data = 0xc1422000 \u003cAddress 0xc1422000 out of bounds\u003e, flags = 276, \n  status = 80 'P', error = 0 '\\0', dmastat = 0 '\\0', donecount = 65536, \n  result = 0, callback = 0xc050d570 \u003cad_done\u003e, done = {sema_mtx = {\n      lock_object = {lo_name = 0x0, lo_type = 0x0, lo_flags = 0, \n        lo_witness_data = {lod_list = {stqe_next = 0x0}, lod_witness = 0x0}}, \n      mtx_lock = 0, mtx_recurse = 0}, sema_cv = {cv_description = 0x0, \n      cv_waiters = 0}, sema_waiters = 0, sema_value = 0}, retries = 2, \n  timeout = 5, callout = {c_links = {sle = {sle_next = 0x0}, tqe = {\n        tqe_next = 0x0, tqe_prev = 0xcc4d7d40}}, c_time = 41937334, \n    c_arg = 0xc443f840, c_func = 0xc0513820 \u003cata_timeout\u003e, c_mtx = 0xc2e474f4, \n    c_flags = 16}, task = {ta_link = {stqe_next = 0x0}, ta_pending = 0, \n    ta_priority = 0, ta_func = 0, ta_context = 0x0}, bio = 0xd3dfe7e4, \n  this = 0, composite = 0x0, driver = 0x0, chain = {tqe_next = 0x0, \n    tqe_prev = 0xc2e47528}}\n(kgdb) print request-\u003edone\n$4 = {sema_mtx = {lock_object = {lo_name = 0x0, lo_type = 0x0, lo_flags = 0, \n      lo_witness_data = {lod_list = {stqe_next = 0x0}, lod_witness = 0x0}}, \n    mtx_lock = 0, mtx_recurse = 0}, sema_cv = {cv_description = 0x0, \n    cv_waiters = 0}, sema_waiters = 0, sema_value = 0}\n\ndmesg:\n\nCopyright (c) 1992-2008 The FreeBSD Project.\nCopyright (c) 1979, 1980, 1983, 1986, 1988, 1989, 1991, 1992, 1993, 1994\n        The Regents of the University of California. All rights reserved.\nFreeBSD is a registered trademark of The FreeBSD Foundation.\nFreeBSD 7.1-BETA2 #0: Mon Oct 13 04:23:28 UTC 2008\n    root@logan.cse.buffalo.edu:/usr/obj/usr/src/sys/GENERIC\nTimecounter \"i8254\" frequency 1193182 Hz quality 0\nCPU: VIA Nehemiah (997.17-MHz 686-class CPU)\n  Origin = \"CentaurHauls\"  Id = 0x698  Stepping = 8\n  Features=0x381b03f\u003cFPU,VME,DE,PSE,TSC,MSR,MTRR,PGE,CMOV,PAT,MMX,FXSR,SSE\u003e\n  VIA Padlock Features=0xdd\u003cRNG,AES\u003e\nreal memory  = 503250944 (479 MB)\navail memory = 478425088 (456 MB)\nkbd1 at kbdmux0\nath_hal: 0.9.20.3 (AR5210, AR5211, AR5212, RF5111, RF5112, RF2413, RF5413)\nacpi0: \u003cCLE266 AWRDACPI\u003e on motherboard\nacpi0: [ITHREAD]\nacpi0: Power Button (fixed)\nacpi0: reservation of 0, a0000 (3) failed\nacpi0: reservation of 100000, 1def0000 (3) failed\nTimecounter \"ACPI-fast\" frequency 3579545 Hz quality 1000\nacpi_timer0: \u003c24-bit timer at 3.579545MHz\u003e port 0x4008-0x400b on acpi0\nacpi_button0: \u003cPower Button\u003e on acpi0\npcib0: \u003cACPI Host-PCI bridge\u003e port 0xcf8-0xcff on acpi0\npci_link2: BIOS IRQ 5 for 0.16.INTC is invalid\npci_link2: BIOS IRQ 5 for 0.17.INTC is invalid\npci0: \u003cACPI PCI bus\u003e on pcib0\nagp0: \u003cVIA 862x (CLE266) host to PCI bridge\u003e on hostb0\nagp0: Invalid aperture setting 0x0agp0: Invalid aperture setting 0x0agp0: bad aperture size\nagp0: Invalid aperture setting 0x0agp0: Invalid aperture size (0Mb)\ndevice_attach: agp0 attach returned 12\npcib1: \u003cPCI-PCI bridge\u003e at device 1.0 on pci0\npci1: \u003cPCI bus\u003e on pcib1\nvgapci0: \u003cVGA-compatible display\u003e mem 0xe8000000-0xebffffff,0xec000000-0xecffffff irq 11 at device 0.0 on pci1\nfwohci0: \u003cVIA Fire II (VT6306)\u003e port 0xeb00-0xeb7f mem 0xee000000-0xee0007ff irq 10 at device 10.0 on pci0\nfwohci0: [FILTER]\nfwohci0: OHCI version 1.10 (ROM=1)\nfwohci0: No. of Isochronous channels is 4.\nfwohci0: EUI64 00:30:18:00:00:a0:13:ca\nfwohci0: Phy 1394a available S400, 2 ports.\nfwohci0: Link S400, max_rec 2048 bytes.\nfirewire0: \u003cIEEE1394(FireWire) bus\u003e on fwohci0\nfwe0: \u003cEthernet over FireWire\u003e on firewire0\nif_fwe0: Fake Ethernet address: 02:30:18:a0:13:ca\nfwe0: Ethernet address: 02:30:18:a0:13:ca\nfwip0: \u003cIP over FireWire\u003e on firewire0\nfwip0: Firewire address: 00:30:18:00:00:a0:13:ca @ 0xfffe00000000, S400, maxrec 2048\nsbp0: \u003cSBP-2/SCSI over FireWire\u003e on firewire0\ndcons_crom0: \u003cdcons configuration ROM\u003e on firewire0\ndcons_crom0: bus_addr 0x1240000\nfwohci0: Initiate bus reset\nfwohci0: BUS reset\nfwohci0: node_id=0xc800ffc0, gen=1, CYCLEMASTER mode\nuhci0: \u003cVIA 83C572 USB controller\u003e port 0xec00-0xec1f irq 11 at device 16.0 on pci0\nuhci0: [GIANT-LOCKED]\nuhci0: [ITHREAD]\nusb0: \u003cVIA 83C572 USB controller\u003e on uhci0\nusb0: USB revision 1.0\nuhub0: \u003cVIA UHCI root hub, class 9/0, rev 1.00/1.00, addr 1\u003e on usb0\nuhub0: 2 ports with 2 removable, self powered\nuhci1: \u003cVIA 83C572 USB controller\u003e port 0xe800-0xe81f irq 12 at device 16.1 on pci0\nuhci1: [GIANT-LOCKED]\nuhci1: [ITHREAD]\nusb1: \u003cVIA 83C572 USB controller\u003e on uhci1\nusb1: USB revision 1.0\nuhub1: \u003cVIA UHCI root hub, class 9/0, rev 1.00/1.00, addr 1\u003e on usb1\nuhub1: 2 ports with 2 removable, self powered\nuhci2: \u003cVIA 83C572 USB controller\u003e port 0xe900-0xe91f irq 9 at device 16.2 on pci0\nuhci2: [GIANT-LOCKED]\nuhci2: [ITHREAD]\nusb2: \u003cVIA 83C572 USB controller\u003e on uhci2\nusb2: USB revision 1.0\nuhub2: \u003cVIA UHCI root hub, class 9/0, rev 1.00/1.00, addr 1\u003e on usb2\nuhub2: 2 ports with 2 removable, self powered\nehci0: \u003cVIA VT6202 USB 2.0 controller\u003e mem 0xee001000-0xee0010ff irq 10 at device 16.3 on pci0\nehci0: [GIANT-LOCKED]\nehci0: [ITHREAD]\nusb3: EHCI version 1.0\nusb3: companion controllers, 2 ports each: usb0 usb1 usb2\nusb3: \u003cVIA VT6202 USB 2.0 controller\u003e on ehci0\nusb3: USB revision 2.0\nuhub3: \u003cVIA EHCI root hub, class 9/0, rev 2.00/1.00, addr 1\u003e on usb3\nuhub3: 6 ports with 6 removable, self powered\numass0: \u003cGeneric USB2.0-CRW, class 0/0, rev 2.00/11.22, addr 2\u003e on uhub3\nrum0: \u003cRalink 802.11 bg WLAN, class 0/0, rev 2.00/0.01, addr 3\u003e on uhub3\nrum0: MAC/BBP RT2573 (rev 0x2573a), RF RT2528\nrum0: WARNING: using obsoleted IFF_NEEDSGIANT flag\nrum0: Ethernet address: 00:c0:a8:f1:e9:44\nisab0: \u003cPCI-ISA bridge\u003e at device 17.0 on pci0\nisa0: \u003cISA bus\u003e on isab0\natapci0: \u003cVIA 8235 UDMA133 controller\u003e port 0x1f0-0x1f7,0x3f6,0x170-0x177,0x376,0xea00-0xea0f at device 17.1 on pci0\nata0: \u003cATA channel 0\u003e on atapci0\nata0: [ITHREAD]\nata1: \u003cATA channel 1\u003e on atapci0\nata1: [ITHREAD]\npcm0: \u003cVIA VT8235\u003e port 0xe000-0xe0ff irq 9 at device 17.5 on pci0\npcm0: [ITHREAD]\npcm0: \u003cAvance Logic ALC655 AC97 Codec\u003e\npcm0: \u003cVIA DXS Enabled: DXS 4 / SGD 1 / REC 1\u003e\nvr0: \u003cVIA VT6102 Rhine II 10/100BaseTX\u003e port 0xe400-0xe4ff mem 0xee002000-0xee0020ff irq 11 at device 18.0 on pci0\nvr0: Quirks: 0x0\nvr0: Revision: 0x74\nmiibus0: \u003cMII bus\u003e on vr0\nukphy0: \u003cGeneric IEEE 802.3u media interface\u003e PHY 1 on miibus0\nukphy0:  10baseT, 10baseT-FDX, 100baseTX, 100baseTX-FDX, auto\nvr0: Ethernet address: 00:30:18:ac:13:5c\nvr0: [ITHREAD]\nacpi_tz0: \u003cThermal Zone\u003e on acpi0\nfdc0: \u003cfloppy drive controller\u003e port 0x3f0-0x3f5,0x3f7 irq 6 drq 2 on acpi0\nfdc0: [FILTER]\nsio0: configured irq 4 not in bitmap of probed irqs 0\nsio0: port may not be enabled\nsio0: \u003c16550A-compatible COM port\u003e port 0x3f8-0x3ff irq 4 flags 0x10 on acpi0\nsio0: type 16550A\natpic: Mismatched config for IRQ4: trigger edge, polarity low\nsio0: [FILTER]\nsio1: configured irq 3 not in bitmap of probed irqs 0\nsio1: port may not be enabled\nsio1: \u003c16550A-compatible COM port\u003e port 0x2f8-0x2ff irq 3 on acpi0\nsio1: type 16550A\natpic: Mismatched config for IRQ3: trigger edge, polarity low\nsio1: [FILTER]\natkbdc0: \u003cKeyboard controller (i8042)\u003e port 0x60,0x64 irq 1 on acpi0\natkbd0: \u003cAT Keyboard\u003e irq 1 on atkbdc0\nkbd0 at atkbd0\natkbd0: [GIANT-LOCKED]\natkbd0: [ITHREAD]\ncpu0: \u003cACPI CPU\u003e on acpi0\nacpi_throttle0: \u003cACPI CPU Throttling\u003e on cpu0\npmtimer0 on isa0\nppc0: \u003cParallel port\u003e at port 0x378-0x37f irq 7 on isa0\nppc0: Generic chipset (NIBBLE-only) in COMPATIBLE mode\nppbus0: \u003cParallel port bus\u003e on ppc0\nppbus0: [ITHREAD]\nplip0: \u003cPLIP network interface\u003e on ppbus0\nplip0: WARNING: using obsoleted IFF_NEEDSGIANT flag\nlpt0: \u003cPrinter\u003e on ppbus0\nlpt0: Interrupt-driven port\nppi0: \u003cParallel I/O\u003e on ppbus0\nppc0: [GIANT-LOCKED]\nppc0: [ITHREAD]\nsc0: \u003cSystem console\u003e at flags 0x100 on isa0\nsc0: VGA \u003c16 virtual consoles, flags=0x300\u003e\nvga0: \u003cGeneric ISA VGA\u003e at port 0x3c0-0x3df iomem 0xa0000-0xbffff on isa0\nums0: \u003cLogitech USB RECEIVER, class 0/0, rev 1.10/25.10, addr 2\u003e on uhub1\nums0: 16 buttons and Z dir.\nTimecounter \"TSC\" frequency 997167015 Hz quality 800\nTimecounters tick every 1.000 msec\nfirewire0: 1 nodes, maxhop \u003c= 0, cable IRM = 0 (me)\nfirewire0: bus manager 0 (me)\nad0: 114440MB \u003cWDC WD1200JB-75CRA0 16.06V16\u003e at ata0-master UDMA100\nacd0: DVDR \u003cHL-DT-ST DVD+/-RW GWA4164B/D108\u003e at ata1-master UDMA33\nGEOM_JOURNAL: Journal 2270434254: ad0s1f contains journal.\nGEOM_JOURNAL: Journal 2270434254: ad0s1g contains data.\nGEOM_JOURNAL: Journal ad0s1g consistent.\nGEOM_JOURNAL: BIO_FLUSH not supported by ad0s1f.\nGEOM_JOURNAL: BIO_FLUSH not supported by ad0s1g.\nda0 at umass-sim0 bus 0 target 0 lun 0\nda0: \u003cGeneric- Compact Flash 1.00\u003e Removable Direct Access SCSI-0 device \nda0: 40.000MB/s transfers\nda0: Attempt to query device size failed: NOT READY, Medium not present\nda1 at umass-sim0 bus 0 target 0 lun 1\nda1: \u003cGeneric- SM/xD-Picture 1.00\u003e Removable Direct Access SCSI-0 device \nda1: 40.000MB/s transfers\nda1: Attempt to query device size failed: NOT READY, Medium not present\nda2 at umass-sim0 bus 0 target 0 lun 2\nda2: \u003cGeneric- SD/MMC 1.00\u003e Removable Direct Access SCSI-0 device \nda2: 40.000MB/s transfers\nda2: Attempt to query device size failed: NOT READY, Medium not present\nda3 at umass-sim0 bus 0 target 0 lun 3\nda3: \u003cGeneric- MS/MS-Pro 1.00\u003e Removable Direct Access SCSI-0 device \nda3: 40.000MB/s transfers\nda3: Attempt to query device size failed: NOT READY, Medium not present\n\nHow-To-Repeat: Seems unprovoked. Nothing spectacular was going on, some network IO from net/skype and irc/konversation. No newsyslog compression, no finds, nothing."
}