{
 "id": 771135,
 "bug_id": 191477,
 "attachment_id": 0,
 "creation_time": "2014-06-29T13:12:46Z",
 "creator": "tome@mail.ru",
 "text": "---- dmesg ---\nFatal trap 12: page fault while in kernel mode\ncpuid = 3; apic id = 03\nfault virtual address   = 0x368\nfault code              = supervisor read data, page not present\ninstruction pointer     = 0x20:0xffffffff8049018d\nstack pointer           = 0x28:0xffffff885dbf38a0\nframe pointer           = 0x28:0xffffff885dbf3910\ncode segment            = base 0x0, limit 0xfffff, type 0x1b\n                        = DPL 0, pres 1, long 1, def32 0, gran 1\nprocessor eflags        = interrupt enabled, resume, IOPL = 0\ncurrent process         = 0 (dummynet)\ntrap number             = 12\npanic: page fault\ncpuid = 3\nKDB: stack backtrace:\n#0 0xffffffff804ddc56 at kdb_backtrace+0x66\n#1 0xffffffff804a40de at panic+0x1ce\n#2 0xffffffff806d2e20 at trap_fatal+0x290\n#3 0xffffffff806d3181 at trap_pfault+0x211\n#4 0xffffffff806d3734 at trap+0x344\n#5 0xffffffff806bca73 at calltrap+0x8\n#6 0xffffffff80594aff at ip_input+0x66f\n#7 0xffffffff8056da78 at netisr_dispatch_src+0x218\n#8 0xffffffff8061ee61 at dummynet_send+0x121\n#9 0xffffffff8061f056 at dummynet_task+0x1c6\n#10 0xffffffff804ea7f4 at taskqueue_run_locked+0x74\n#11 0xffffffff804eb7a6 at taskqueue_thread_loop+0x46\n#12 0xffffffff80473aff at fork_exit+0x11f\n#13 0xffffffff806bcf9e at fork_trampoline+0xe\nUptime: 5m45s\nDumping 1458 out of 32686 MB:..2%..11%..21%..31%..41%..51%..61%..71%..81%..92%Copyright (c) 1992-2013 The FreeBSD Project.\nCopyright (c) 1979, 1980, 1983, 1986, 1988, 1989, 1991, 1992, 1993, 1994\n        The Regents of the University of California. All rights reserved.\nFreeBSD is a registered trademark of The FreeBSD Foundation.\nFreeBSD 9.2-RELEASE-p8 #0 r267638: Thu Jun 19 15:20:29 EEST 2014\n    star@SSD-BSD:/usr/obj/usr/src/sys/SSD1 amd64\ngcc version 4.2.1 20070831 patched [FreeBSD]\nCPU: Intel(R) Xeon(R) CPU E3-1240 v3 @ 3.40GHz (3392.22-MHz K8-class CPU)\n  Origin = \"GenuineIntel\"  Id = 0x306c3  Family = 0x6  Model = 0x3c  Stepping = 3\n  Features=0xbfebfbff\u003cFPU,VME,DE,PSE,TSC,MSR,PAE,MCE,CX8,APIC,SEP,MTRR,PGE,MCA,CMOV,PAT,PSE36,CLFLUSH,DTS,ACPI,MMX,FXSR,SSE,SSE2,SS,HTT,TM,PBE\u003e\n  Features2=0x7ffafbff\u003cSSE3,PCLMULQDQ,DTES64,MON,DS_CPL,VMX,SMX,EST,TM2,SSSE3,\u003cb11\u003e,FMA,CX16,xTPR,PDCM,PCID,SSE4.1,SSE4.2,x2APIC,MOVBE,POPCNT,TSCDLT,AESNI,XSAVE,OSXSAVE,AVX,F16C,RDRAND\u003e\n  AMD Features=0x2c100800\u003cSYSCALL,NX,Page1GB,RDTSCP,LM\u003e\n  AMD Features2=0x21\u003cLAHF,ABM\u003e\n  Standard Extended Features=0x2fbb\u003cGSFSBASE,TSCADJ,SMEP,ENHMOVSB,INVPCID\u003e\n  TSC: P-state invariant, performance statistics\nreal memory  = 34359738368 (32768 MB)\navail memory = 33101602816 (31568 MB)\nEvent timer \"LAPIC\" quality 600\nACPI APIC Table: \u003cALASKA A M I\u003e\nFreeBSD/SMP: Multiprocessor System Detected: 8 CPUs\nFreeBSD/SMP: 1 package(s) x 4 core(s) x 2 SMT threads\n cpu0 (BSP): APIC ID:  0\n cpu1 (AP): APIC ID:  1\n cpu2 (AP): APIC ID:  2\n cpu3 (AP): APIC ID:  3\n cpu4 (AP): APIC ID:  4\n cpu5 (AP): APIC ID:  5\n cpu6 (AP): APIC ID:  6\n cpu7 (AP): APIC ID:  7\nACPI Warning: FADT (revision 5) is longer than ACPI 2.0 version, truncating length 268 to 244 (20110527/tbfadt-320)\nioapic0 \u003cVersion 2.0\u003e irqs 0-23 on motherboard\nmodule_register_init: MOD_LOAD (vesa, 0xffffffff806e3a80, 0) error 19\nacpi0: \u003cALASKA A M I\u003e on motherboard\nacpi0: Power Button (fixed)\nacpi0: reservation of 67, 1 (4) failed\ncpu0: \u003cACPI CPU\u003e on acpi0\ncpu1: \u003cACPI CPU\u003e on acpi0\ncpu2: \u003cACPI CPU\u003e on acpi0\ncpu3: \u003cACPI CPU\u003e on acpi0\ncpu4: \u003cACPI CPU\u003e on acpi0\ncpu5: \u003cACPI CPU\u003e on acpi0\ncpu6: \u003cACPI CPU\u003e on acpi0\ncpu7: \u003cACPI CPU\u003e on acpi0\nhpet0: \u003cHigh Precision Event Timer\u003e iomem 0xfed00000-0xfed003ff on acpi0\nTimecounter \"HPET\" frequency 14318180 Hz quality 950\nEvent timer \"HPET\" frequency 14318180 Hz quality 550\natrtc0: \u003cAT realtime clock\u003e port 0x70-0x77 irq 8 on acpi0\natrtc0: Warning: Couldn't map I/O.\nEvent timer \"RTC\" frequency 32768 Hz quality 0\nattimer0: \u003cAT timer\u003e port 0x40-0x43,0x50-0x53 irq 0 on acpi0\nTimecounter \"i8254\" frequency 1193182 Hz quality 0\nEvent timer \"i8254\" frequency 1193182 Hz quality 100\nTimecounter \"ACPI-fast\" frequency 3579545 Hz quality 900\nacpi_timer0: \u003c24-bit timer at 3.579545MHz\u003e port 0x1808-0x180b on acpi0\npcib0: \u003cACPI Host-PCI bridge\u003e port 0xcf8-0xcff on acpi0\npci0: \u003cACPI PCI bus\u003e on pcib0\npcib1: \u003cACPI PCI-PCI bridge\u003e irq 16 at device 1.0 on pci0\npci1: \u003cACPI PCI bus\u003e on pcib1\npcib2: \u003cACPI PCI-PCI bridge\u003e mem 0xf6500000-0xf653ffff irq 16 at device 0.0 on pci1\npci2: \u003cACPI PCI bus\u003e on pcib2\npcib3: \u003cPCI-PCI bridge\u003e irq 16 at device 8.0 on pci2\npci3: \u003cPCI bus\u003e on pcib3\npcib4: \u003cPCI-PCI bridge\u003e irq 17 at device 9.0 on pci2\npci4: \u003cPCI bus\u003e on pcib4\npcib5: \u003cPCI-PCI bridge\u003e irq 16 at device 16.0 on pci2\npci5: \u003cPCI bus\u003e on pcib5\npci0: \u003cserial bus, USB\u003e at device 20.0 (no driver attached)\npci0: \u003csimple comms\u003e at device 22.0 (no driver attached)\npci0: \u003csimple comms\u003e at device 22.1 (no driver attached)\nehci0: \u003cEHCI (generic) USB 2.0 controller\u003e mem 0xf6612000-0xf66123ff irq 16 at device 26.0 on pci0\nusbus0: EHCI version 1.0\nusbus0 on ehci0\npcib6: \u003cACPI PCI-PCI bridge\u003e irq 16 at device 28.0 on pci0\npci6: \u003cACPI PCI bus\u003e on pcib6\npcib7: \u003cACPI PCI-PCI bridge\u003e irq 18 at device 28.2 on pci0\npci7: \u003cACPI PCI bus\u003e on pcib7\npcib8: \u003cACPI PCI-PCI bridge\u003e irq 18 at device 0.0 on pci7\npci8: \u003cACPI PCI bus\u003e on pcib8\nvgapci0: \u003cVGA-compatible display\u003e port 0xe000-0xe07f mem 0xf4000000-0xf5ffffff,0xf6000000-0xf601ffff irq 18 at device 0.0 on pci8\npcib9: \u003cACPI PCI-PCI bridge\u003e irq 19 at device 28.3 on pci0\npci9: \u003cACPI PCI bus\u003e on pcib9\npcib10: \u003cACPI PCI-PCI bridge\u003e irq 19 at device 0.0 on pci9\npci10: \u003cACPI PCI bus\u003e on pcib10\npcib11: \u003cACPI PCI-PCI bridge\u003e irq 16 at device 28.4 on pci0\npci11: \u003cACPI PCI bus\u003e on pcib11\nigb0: \u003cIntel(R) PRO/1000 Network Connection version - 2.3.10\u003e port 0xd000-0xd01f mem 0xf6400000-0xf647ffff,0xf6480000-0xf6483fff irq 16 at device 0.0 on pci11\nigb0: Using MSIX interrupts with 5 vectors\nigb0: Ethernet address: 60:a4:4c:e8:43:d6\nigb0: Bound queue 0 to cpu 0\nigb0: Bound queue 1 to cpu 1\nigb0: Bound queue 2 to cpu 2\nigb0: Bound queue 3 to cpu 3\npcib12: \u003cACPI PCI-PCI bridge\u003e irq 17 at device 28.5 on pci0\npci12: \u003cACPI PCI bus\u003e on pcib12\nigb1: \u003cIntel(R) PRO/1000 Network Connection version - 2.3.10\u003e port 0xc000-0xc01f mem 0xf6300000-0xf637ffff,0xf6380000-0xf6383fff irq 17 at device 0.0 on pci12\nigb1: Using MSIX interrupts with 5 vectors\nigb1: Ethernet address: 60:a4:4c:e8:43:d7\nigb1: Bound queue 0 to cpu 4\nigb1: Bound queue 1 to cpu 5\nigb1: Bound queue 2 to cpu 6\nigb1: Bound queue 3 to cpu 7\npcib13: \u003cACPI PCI-PCI bridge\u003e irq 18 at device 28.6 on pci0\npci13: \u003cACPI PCI bus\u003e on pcib13\nigb2: \u003cIntel(R) PRO/1000 Network Connection version - 2.3.10\u003e port 0xb000-0xb01f mem 0xf6200000-0xf627ffff,0xf6280000-0xf6283fff irq 18 at device 0.0 on pci13\nigb2: Using MSIX interrupts with 5 vectors\nigb2: Ethernet address: 60:a4:4c:e8:43:d9\nigb2: Bound queue 0 to cpu 0\nigb2: Bound queue 1 to cpu 1\nigb2: Bound queue 2 to cpu 2\nigb2: Bound queue 3 to cpu 3\npcib14: \u003cACPI PCI-PCI bridge\u003e irq 19 at device 28.7 on pci0\npci14: \u003cACPI PCI bus\u003e on pcib14\nigb3: \u003cIntel(R) PRO/1000 Network Connection version - 2.3.10\u003e port 0xa000-0xa01f mem 0xf6100000-0xf617ffff,0xf6180000-0xf6183fff irq 19 at device 0.0 on pci14\nigb3: Using MSIX interrupts with 5 vectors\nigb3: Ethernet address: 60:a4:4c:e8:43:d8\nigb3: Bound queue 0 to cpu 4\nigb3: Bound queue 1 to cpu 5\nigb3: Bound queue 2 to cpu 6\nigb3: Bound queue 3 to cpu 7\nehci1: \u003cEHCI (generic) USB 2.0 controller\u003e mem 0xf6611000-0xf66113ff irq 23 at device 29.0 on pci0\nusbus1: EHCI version 1.0\nusbus1 on ehci1\nisab0: \u003cPCI-ISA bridge\u003e at device 31.0 on pci0\nisa0: \u003cISA bus\u003e on isab0\nahci0: \u003cIntel Lynx Point AHCI SATA controller\u003e port 0xf070-0xf077,0xf060-0xf063,0xf050-0xf057,0xf040-0xf043,0xf020-0xf03f mem 0xf6610000-0xf66107ff irq 19 at device 31.2 on pci0\nahci0: AHCI v1.30 with 6 6Gbps ports, Port Multiplier not supported\nahcich0: \u003cAHCI channel\u003e at channel 0 on ahci0\nahcich1: \u003cAHCI channel\u003e at channel 1 on ahci0\nahcich2: \u003cAHCI channel\u003e at channel 2 on ahci0\nahcich3: \u003cAHCI channel\u003e at channel 3 on ahci0\nahcich4: \u003cAHCI channel\u003e at channel 4 on ahci0\nahcich5: \u003cAHCI channel\u003e at channel 5 on ahci0\npci0: \u003cserial bus, SMBus\u003e at device 31.3 (no driver attached)\nacpi_button0: \u003cPower Button\u003e on acpi0\nacpi_tz0: \u003cThermal Zone\u003e on acpi0\nacpi_tz1: \u003cThermal Zone\u003e on acpi0\natkbdc0: \u003cKeyboard controller (i8042)\u003e port 0x60,0x64 irq 1 on acpi0\natkbd0: \u003cAT Keyboard\u003e irq 1 on atkbdc0\nkbd0 at atkbd0\natkbd0: [GIANT-LOCKED]\norm0: \u003cISA Option ROM\u003e at iomem 0xc0000-0xc7fff on isa0\nsc0: \u003cSystem console\u003e at flags 0x100 on isa0\nsc0: CGA \u003c16 virtual consoles, flags=0x300\u003e\nvga0: \u003cGeneric ISA VGA\u003e at port 0x3d0-0x3db iomem 0xb8000-0xbffff on isa0\ncoretemp0: \u003cCPU On-Die Thermal Sensors\u003e on cpu0\nest0: \u003cEnhanced SpeedStep Frequency Control\u003e on cpu0\np4tcc0: \u003cCPU Frequency Thermal Control\u003e on cpu0\ncoretemp1: \u003cCPU On-Die Thermal Sensors\u003e on cpu1\nest1: \u003cEnhanced SpeedStep Frequency Control\u003e on cpu1\np4tcc1: \u003cCPU Frequency Thermal Control\u003e on cpu1\ncoretemp2: \u003cCPU On-Die Thermal Sensors\u003e on cpu2\nest2: \u003cEnhanced SpeedStep Frequency Control\u003e on cpu2\np4tcc2: \u003cCPU Frequency Thermal Control\u003e on cpu2\ncoretemp3: \u003cCPU On-Die Thermal Sensors\u003e on cpu3\nest3: \u003cEnhanced SpeedStep Frequency Control\u003e on cpu3\np4tcc3: \u003cCPU Frequency Thermal Control\u003e on cpu3\ncoretemp4: \u003cCPU On-Die Thermal Sensors\u003e on cpu4\nest4: \u003cEnhanced SpeedStep Frequency Control\u003e on cpu4\np4tcc4: \u003cCPU Frequency Thermal Control\u003e on cpu4\ncoretemp5: \u003cCPU On-Die Thermal Sensors\u003e on cpu5\nest5: \u003cEnhanced SpeedStep Frequency Control\u003e on cpu5\np4tcc5: \u003cCPU Frequency Thermal Control\u003e on cpu5\ncoretemp6: \u003cCPU On-Die Thermal Sensors\u003e on cpu6\nest6: \u003cEnhanced SpeedStep Frequency Control\u003e on cpu6\np4tcc6: \u003cCPU Frequency Thermal Control\u003e on cpu6\ncoretemp7: \u003cCPU On-Die Thermal Sensors\u003e on cpu7\nest7: \u003cEnhanced SpeedStep Frequency Control\u003e on cpu7\np4tcc7: \u003cCPU Frequency Thermal Control\u003e on cpu7\nTimecounters tick every 1.000 msec\nipfw2 initialized, divert enabled, nat enabled, default to accept, logging disabled\nDUMMYNET 0 with IPv6 initialized (100409)\nload_dn_sched dn_sched FIFO loaded\nload_dn_sched dn_sched PRIO loaded\nload_dn_sched dn_sched QFQ loaded\nload_dn_sched dn_sched RR loaded\nload_dn_sched dn_sched WF2Q+ loaded\nusbus0: 480Mbps High Speed USB v2.0\nusbus1: 480Mbps High Speed USB v2.0\nugen0.1: \u003cIntel\u003e at usbus0\nuhub0: \u003cIntel EHCI root HUB, class 9/0, rev 2.00/1.00, addr 1\u003e on usbus0\nugen1.1: \u003cIntel\u003e at usbus1\nuhub1: \u003cIntel EHCI root HUB, class 9/0, rev 2.00/1.00, addr 1\u003e on usbus1\nada0 at ahcich0 bus 0 scbus0 target 0 lun 0\nada0: \u003cSPCC Solid State Disk 560ABBF0\u003e ATA-8 SATA 3.x device\nada0: 600.000MB/s transfers (SATA 3.x, UDMA6, PIO 512bytes)\nada0: Command Queueing enabled\nada0: 57241MB (117231408 512 byte sectors: 16H 63S/T 16383C)\nada0: Previously was known as ad4\nSMP: AP CPU #1 Launched!\nSMP: AP CPU #6 Launched!\nSMP: AP CPU #3 Launched!\nSMP: AP CPU #7 Launched!\nSMP: AP CPU #2 Launched!\nSMP: AP CPU #4 Launched!\nSMP: AP CPU #5 Launched!\nTimecounter \"TSC-low\" frequency 1696109881 Hz quality 1000\nRoot mount waiting for: usbus1 usbus0\nuhub0: 2 ports with 2 removable, self powered\nuhub1: 2 ports with 2 removable, self powered\nRoot mount waiting for: usbus1 usbus0\nugen0.2: \u003cvendor 0x8087\u003e at usbus0\nuhub2: \u003cvendor 0x8087 product 0x8008, class 9/0, rev 2.00/0.04, addr 2\u003e on usbus0\nugen1.2: \u003cvendor 0x8087\u003e at usbus1\nuhub3: \u003cvendor 0x8087 product 0x8000, class 9/0, rev 2.00/0.04, addr 2\u003e on usbus1\nRoot mount waiting for: usbus1 usbus0\nuhub2: 6 ports with 6 removable, self powered\nuhub3: 6 ports with 6 removable, self powered\nTrying to mount root from ufs:/dev/ada0p2 [rw]...\nWARNING: / was not properly dismounted\nigb1: link state changed to UP\nigb0: link state changed to UP\nvlan80: link state changed to UP\nvlan929: link state changed to UP\nigb3: link state changed to UP\nlagg0: link state changed to UP\nigb2: link state changed to UP\nigb0: link state changed to DOWN\nvlan80: link state changed to DOWN\nvlan929: link state changed to DOWN\n---- dmesg ---\n\nstar@NOVPN-1:/\u003c4\u003esys/SSD1# cd /usr/obj/usr/src/sys/SSD1/\n\nstar@NOVPN-1:/\u003c4\u003esys/SSD1# kgdb kernel.debug /var/crash/vmcore.1\nGNU gdb 6.1.1 [FreeBSD]\nCopyright 2004 Free Software Foundation, Inc.\nGDB is free software, covered by the GNU General Public License, and you are\nwelcome to change it and/or distribute copies of it under certain conditions.\nType \"show copying\" to see the conditions.\nThere is absolutely no warranty for GDB.  Type \"show warranty\" for details.\nThis GDB was configured as \"amd64-marcel-freebsd\"...\n\nUnread portion of the kernel message buffer:\n\n\nFatal trap 12: page fault while in kernel mode\ncpuid = 3; apic id = 03\nfault virtual address   = 0x368\nfault code              = supervisor read data, page not present\ninstruction pointer     = 0x20:0xffffffff8049018d\nstack pointer           = 0x28:0xffffff885dbf38a0\nframe pointer           = 0x28:0xffffff885dbf3910\ncode segment            = base 0x0, limit 0xfffff, type 0x1b\n                        = DPL 0, pres 1, long 1, def32 0, gran 1\nprocessor eflags        = interrupt enabled, resume, IOPL = 0\ncurrent process         = 0 (dummynet)\ntrap number             = 12\npanic: page fault\ncpuid = 3\nKDB: stack backtrace:\n#0 0xffffffff804ddc56 at kdb_backtrace+0x66\n#1 0xffffffff804a40de at panic+0x1ce\n#2 0xffffffff806d2e20 at trap_fatal+0x290\n#3 0xffffffff806d3181 at trap_pfault+0x211\n#4 0xffffffff806d3734 at trap+0x344\n#5 0xffffffff806bca73 at calltrap+0x8\n#6 0xffffffff80594aff at ip_input+0x66f\n#7 0xffffffff8056da78 at netisr_dispatch_src+0x218\n#8 0xffffffff8061ee61 at dummynet_send+0x121\n#9 0xffffffff8061f056 at dummynet_task+0x1c6\n#10 0xffffffff804ea7f4 at taskqueue_run_locked+0x74\n#11 0xffffffff804eb7a6 at taskqueue_thread_loop+0x46\n#12 0xffffffff80473aff at fork_exit+0x11f\n#13 0xffffffff806bcf9e at fork_trampoline+0xe\nUptime: 5m45s\nDumping 1458 out of 32686 MB:..2%..11%..21%..31%..41%..51%..61%..71%..81%..92%\n\nReading symbols from /boot/kernel/if_lagg.ko...Reading symbols from /boot/kernel/if_lagg.ko.symbols...done.\ndone.\nLoaded symbols for /boot/kernel/if_lagg.ko\n#0  doadump (textdump=\u003cvalue optimized out\u003e) at pcpu.h:234\n234             __asm(\"movq %%gs:%1,%0\" : \"=r\" (td)\n(kgdb) list *0xffffffff8049018d\n0xffffffff8049018d is in _mtx_lock_sleep (/usr/src/sys/kern/kern_mutex.c:389).\n384                      * owner stops running or the state of the lock changes.\n385                      */\n386                     v = m-\u003emtx_lock;\n387                     if (v != MTX_UNOWNED) {\n388                             owner = (struct thread *)(v \u0026 ~MTX_FLAGMASK);\n389                             if (TD_IS_RUNNING(owner)) {\n390                                     if (LOCK_LOG_TEST(\u0026m-\u003elock_object, 0))\n391                                             CTR3(KTR_LOCK,\n392                                                 \"%s: spinning on %p held by %p\",\n393                                                 __func__, m, owner);\n(kgdb) quit\nstar@NOVPN-1:/\u003c4\u003esys/SSD1#\n\n-krnel - SSD1.conf-\nstar@NOVPN-1:/\u003c4\u003esys/SSD1# cat /usr/src/sys/amd64/conf/SSD1\ncpu             HAMMER\nident           SSD\n\nmakeoptions     DEBUG=-g                # Build kernel with gdb(1) debug symbols\nmakeoptions     WITH_CTF=1              # Run ctfconvert(1) for DTrace support\n\noptions         SCHED_ULE               # ULE scheduler\noptions         PREEMPTION              # Enable kernel thread preemption\noptions         INET                    # InterNETworking\n#options        INET6                   # IPv6 communications protocols\noptions         TCP_OFFLOAD             # TCP offload\noptions         SCTP                    # Stream Control Transmission Protocol\noptions         FFS                     # Berkeley Fast Filesystem\noptions         SOFTUPDATES             # Enable FFS soft updates support\noptions         UFS_ACL                 # Support for access control lists\noptions         UFS_DIRHASH             # Improve performance on big directories\noptions         UFS_GJOURNAL            # Enable gjournal-based UFS journaling\n#options        QUOTA                   # Enable disk quotas for UFS\noptions         MD_ROOT                 # MD is a potential root device\n#options        NFSCL                   # New Network Filesystem Client\n#options        NFSD                    # New Network Filesystem Server\n#options        NFSLOCKD                # Network Lock Manager\n#options        NFS_ROOT                # NFS usable as /, requires NFSCL\n#options        MSDOSFS                 # MSDOS Filesystem\n#options        CD9660                  # ISO 9660 Filesystem\noptions         PROCFS                  # Process filesystem (requires PSEUDOFS)\noptions         PSEUDOFS                # Pseudo-filesystem framework\noptions         GEOM_PART_GPT           # GUID Partition Tables.\noptions         GEOM_RAID               # Soft RAID functionality.\noptions         GEOM_LABEL              # Provides labelization\noptions         COMPAT_FREEBSD32        # Compatible with i386 binaries\n#options        COMPAT_FREEBSD4         # Compatible with FreeBSD4\n#options        COMPAT_FREEBSD5         # Compatible with FreeBSD5\n#options        COMPAT_FREEBSD6         # Compatible with FreeBSD6\n#options        COMPAT_FREEBSD7         # Compatible with FreeBSD7\n#options        SCSI_DELAY=5000         # Delay (in ms) before probing SCSI\noptions         KTRACE                  # ktrace(1) support\noptions         STACK                   # stack(9) support\noptions         SYSVSHM                 # SYSV-style shared memory\noptions         SYSVMSG                 # SYSV-style message queues\noptions         SYSVSEM                 # SYSV-style semaphores\noptions         _KPOSIX_PRIORITY_SCHEDULING # POSIX P1003_1B real-time extensions\noptions         PRINTF_BUFR_SIZE=128    # Prevent printf output being interspersed.\noptions         KBD_INSTALL_CDEV        # install a CDEV entry in /dev\noptions         HWPMC_HOOKS             # Necessary kernel hooks for hwpmc(4)\noptions         AUDIT                   # Security event auditing\noptions         MAC                     # TrustedBSD MAC Framework\noptions         KDTRACE_FRAME           # Ensure frames are compiled in\noptions         KDTRACE_HOOKS           # Kernel DTrace hooks\noptions         INCLUDE_CONFIG_FILE     # Include this file in kernel\noptions         KDB                     # Kernel debugger related code\noptions         KDB_TRACE               # Print a stack trace for a panic\noptions         DDB_CTF                 # kernel ELF linker loads CTF data\n\n# Make an SMP-capable kernel by default\noptions         SMP                     # Symmetric MultiProcessor Kernel\n\n# CPU frequency control\ndevice          cpufreq\n\n# Bus support.\ndevice          acpi\ndevice          pci\n\n# Floppy drives\n#device         fdc\n\n# ATA controllers\ndevice          ahci            # AHCI-compatible SATA controllers\ndevice          ata             # Legacy ATA/SATA controllers\noptions         ATA_CAM         # Handle legacy controllers with CAM\noptions         ATA_STATIC_ID   # Static device numbering\ndevice          mvs             # Marvell 88SX50XX/88SX60XX/88SX70XX/SoC SATA\ndevice          siis            # SiliconImage SiI3124/SiI3132/SiI3531 SATA\n\n# SCSI Controllers\n#device         ahc             # AHA2940 and onboard AIC7xxx devices\n#options        AHC_REG_PRETTY_PRINT    # Print register bitfields in debug\n                                        # output.  Adds ~128k to driver.\n#device         ahd             # AHA39320/29320 and onboard AIC79xx devices\n#options        AHD_REG_PRETTY_PRINT    # Print register bitfields in debug\n                                        # output.  Adds ~215k to driver.\n#device         esp             # AMD Am53C974 (Tekram DC-390(T))\n#device         hptiop          # Highpoint RocketRaid 3xxx series\n#device         isp             # Qlogic family\n##device                ispfw           # Firmware for QLogic HBAs- normally a module\n#device         mpt             # LSI-Logic MPT-Fusion\n#device         mps             # LSI-Logic MPT-Fusion 2\n##device                ncr             # NCR/Symbios Logic\n#device         sym             # NCR/Symbios Logic (newer chipsets + those of `ncr')\n#device         trm             # Tekram DC395U/UW/F DC315U adapters\n\n#device         adv             # Advansys SCSI adapters\n#device         adw             # Advansys wide SCSI adapters\n#device         aic             # Adaptec 15[012]x SCSI adapters, AIC-6[23]60.\n#device         bt              # Buslogic/Mylex MultiMaster SCSI adapters\n#device         isci            # Intel C600 SAS controller\n\n# ATA/SCSI peripherals\ndevice          scbus           # SCSI bus (required for ATA/SCSI)\n#device         ch              # SCSI media changers\ndevice          da              # Direct Access (disks)\n#device         sa              # Sequential Access (tape etc)\n#device         cd              # CD\n#device         pass            # Passthrough device (direct ATA/SCSI access)\n#device         ses             # Enclosure Services (SES and SAF-TE)\n##device                ctl             # CAM Target Layer\n\n# RAID controllers interfaced to the SCSI subsystem\n#device         amr             # AMI MegaRAID\n#device         arcmsr          # Areca SATA II RAID\n#XXX it is not 64-bit clean, -scottl\n##device                asr             # DPT SmartRAID V, VI and Adaptec SCSI RAID\n#device         ciss            # Compaq Smart RAID 5*\n#device         dpt             # DPT Smartcache III, IV - See NOTES for options\n#device         hptmv           # Highpoint RocketRAID 182x\n#device         hptnr           # Highpoint DC7280, R750\n#device         hptrr           # Highpoint RocketRAID 17xx, 22xx, 23xx, 25xx\n#device         hpt27xx         # Highpoint RocketRAID 27xx\n#device         iir             # Intel Integrated RAID\n#device         ips             # IBM (Adaptec) ServeRAID\n#device         mly             # Mylex AcceleRAID/eXtremeRAID\n#device         twa             # 3ware 9000 series PATA/SATA RAID\n#device         tws             # LSI 3ware 9750 SATA+SAS 6Gb/s RAID controller\n\n# RAID controllers\n#device         aac             # Adaptec FSA RAID\n#device         aacp            # SCSI passthrough for aac (requires CAM)\n#device         aacraid         # Adaptec by PMC RAID\n#device         ida             # Compaq Smart RAID\n#device         mfi             # LSI MegaRAID SAS\n#device         mlx             # Mylex DAC960 family\n##XXX pointer/int warnings\n##device                pst             # Promise Supertrak SX6000\n#device         twe             # 3ware ATA RAID\n\n\n# atkbdc0 controls both the keyboard and the PS/2 mouse\ndevice          atkbdc          # AT keyboard controller\ndevice          atkbd           # AT keyboard\n#device         psm             # PS/2 mouse\n\n#device         kbdmux          # keyboard multiplexer\n\ndevice          vga             # VGA video card driver\noptions         VESA            # Add support for VESA BIOS Extensions (VBE)\n\n#device         splash          # Splash screen and screen saver support\n\n# syscons is the default console driver, resembling an SCO console\ndevice          sc\noptions         SC_PIXEL_MODE   # add support for the raster text mode\n\ndevice          agp             # support several AGP chipsets\n\n# PCCARD (PCMCIA) support\n# PCMCIA and cardbus bridge support\n#device         cbb             # cardbus (yenta) bridge\n#device         pccard          # PC Card (16-bit) bus\n#device         cardbus         # CardBus (32-bit) bus\n\n# Serial (COM) ports\n#device         uart            # Generic UART driver\n\n# Parallel port\n#device         ppc\n#device         ppbus           # Parallel port bus (required)\n#device         lpt             # Printer\n#device         plip            # TCP/IP over parallel\n#device         ppi             # Parallel port interface device\n##device                vpo             # Requires scbus and da\n\n#device         puc             # Multi I/O cards and multi-channel UARTs\n\n# PCI Ethernet NICs.\n#device         bxe             # Broadcom BCM57710/BCM57711/BCM57711E 10Gb Ethernet\n#device         de              # DEC/Intel DC21x4x (``Tulip'')\ndevice          em              # Intel PRO/1000 Gigabit Ethernet Family\ndevice          igb             # Intel PRO/1000 PCIE Server Gigabit Family\ndevice          ixgbe           # Intel PRO/10GbE PCIE Ethernet Family\n#device         le              # AMD Am7900 LANCE and Am79C9xx PCnet\n#device         ti              # Alteon Networks Tigon I/II gigabit Ethernet\n#device         txp             # 3Com 3cR990 (``Typhoon'')\n#device         vx              # 3Com 3c590, 3c595 (``Vortex'')\n\n# PCI Ethernet NICs that use the common MII bus controller code.\n# NOTE: Be sure to keep the 'device miibus' line in order to use these NICs!\ndevice          miibus          # MII bus support\n#device         ae              # Attansic/Atheros L2 FastEthernet\n#device         age             # Attansic/Atheros L1 Gigabit Ethernet\n#device         alc             # Atheros AR8131/AR8132 Ethernet\n#device         ale             # Atheros AR8121/AR8113/AR8114 Ethernet\n#device         bce             # Broadcom BCM5706/BCM5708 Gigabit Ethernet\n#device         bfe             # Broadcom BCM440x 10/100 Ethernet\n#device         bge             # Broadcom BCM570xx Gigabit Ethernet\n#device         cas             # Sun Cassini/Cassini+ and NS DP83065 Saturn\n#device         dc              # DEC/Intel 21143 and various workalikes\n#device         et              # Agere ET1310 10/100/Gigabit Ethernet\n#device         fxp             # Intel EtherExpress PRO/100B (82557, 82558)\n#device         gem             # Sun GEM/Sun ERI/Apple GMAC\n#device         hme             # Sun HME (Happy Meal Ethernet)\n#device         jme             # JMicron JMC250 Gigabit/JMC260 Fast Ethernet\n#device         lge             # Level 1 LXT1001 gigabit Ethernet\n#device         msk             # Marvell/SysKonnect Yukon II Gigabit Ethernet\n#device         nfe             # nVidia nForce MCP on-board Ethernet\n#device         nge             # NatSemi DP83820 gigabit Ethernet\n##device                nve             # nVidia nForce MCP on-board Ethernet Networking\n#device         pcn             # AMD Am79C97x PCI 10/100 (precedence over 'le')\ndevice          re              # RealTek 8139C+/8169/8169S/8110S\n#device         rl              # RealTek 8129/8139\n#device         sf              # Adaptec AIC-6915 (``Starfire'')\n#device         sge             # Silicon Integrated Systems SiS190/191\n#device         sis             # Silicon Integrated Systems SiS 900/SiS 7016\n#device         sk              # SysKonnect SK-984x \u0026 SK-982x gigabit Ethernet\n#device         ste             # Sundance ST201 (D-Link DFE-550TX)\n#device         stge            # Sundance/Tamarack TC9021 gigabit Ethernet\n#device         tl              # Texas Instruments ThunderLAN\n#device         tx              # SMC EtherPower II (83c170 ``EPIC'')\n#device         vge             # VIA VT612x gigabit Ethernet\n#device         vr              # VIA Rhine, Rhine II\n#device         wb              # Winbond W89C840F\n#device         xl              # 3Com 3c90x (``Boomerang'', ``Cyclone'')\n\n# Pseudo devices.\ndevice          loop            # Network loopback\ndevice          random          # Entropy device\noptions         PADLOCK_RNG     # VIA Padlock RNG\noptions         RDRAND_RNG      # Intel Bull Mountain RNG\ndevice          ether           # Ethernet support\ndevice          vlan            # 802.1Q VLAN support\ndevice          tun             # Packet tunnel.\ndevice          pty             # BSD-style compatibility pseudo ttys\ndevice          md              # Memory \"disks\"\ndevice          gif             # IPv6 and IPv4 tunneling\ndevice          faith           # IPv6-to-IPv4 relaying (translation)\ndevice          firmware        # firmware assist module\n\n# The `bpf' device enables the Berkeley Packet Filter.\n# Be aware of the administrative consequences of enabling this!\n# Note that 'bpf' is required for DHCP.\ndevice          bpf             # Berkeley packet filter\n\n# USB support\noptions         USB_DEBUG       # enable debug msgs\ndevice          uhci            # UHCI PCI-\u003eUSB interface\n#device         ohci            # OHCI PCI-\u003eUSB interface\ndevice          ehci            # EHCI PCI-\u003eUSB interface (USB 2.0)\n#device         xhci            # XHCI PCI-\u003eUSB interface (USB 3.0)\ndevice          usb             # USB Bus (required)\n##device                udbp            # USB Double Bulk Pipe devices (needs netgraph)\ndevice          uhid            # \"Human Interface Devices\"\ndevice          ukbd            # Keyboard\n#device         ulpt            # Printer\n#device         umass           # Disks/Mass storage - Requires scbus and da\n#device         ums             # Mouse\ndevice          urio            # Diamond Rio 500 MP3 player\n\n# VirtIO support\n#device         virtio          # Generic VirtIO bus (required)\n#device         virtio_pci      # VirtIO PCI Interface\n#device         vtnet           # VirtIO Ethernet device\n#device         virtio_blk      # VirtIO Block device\n#device         virtio_scsi     # VirtIO SCSI device\n#device         virtio_balloon  # VirtIO Memory Balloon device\n\n#\ndevice          coretemp\n\noptions         IPFIREWALL\noptions         IPFIREWALL_NAT\noptions         IPFIREWALL_FORWARD\noptions         IPFIREWALL_VERBOSE              #can write ivents in the log\noptions         IPFIREWALL_VERBOSE_LIMIT=100    # max! num ivents\noptions         IPFIREWALL_DEFAULT_TO_ACCEPT\n\noptions         DUMMYNET\noptions         SC_DISABLE_REBOOT\noptions         SC_HISTORY_SIZE=200\noptions         LIBALIAS\noptions         IPDIVERT        #natd\noptions         HZ=1000         #skolko raz v sec\n\n--end kernkel SSD1.conf--\n\n--boot/loader.conf --\nstar@NOVPN-1:/\u003c4\u003esys/SSD1# cat /boot/loader.conf\nautoboot_delay=1\n#net.isr.bindthreads=1\nnet.isr.maxthreads=8\nnet.isr.numthreads=8\nnet.isr.defaultqlimit=10240\nnet.link.ifqmaxlen=10240\n\nhw.igb.lro=0\nhw.igb.rxd=4096\nhw.igb.txd=4096\nhw.igb.max_interrupt_rate=32000\nhw.igb.rx_process_limit=4096\nhw.igb.num_queues=3\n\nkern.ipc.nmbclusters=400000 #262144\nkern.ipc.maxsockbuf=83886080\nkern.ipc.nmbjumbop=262144\n#kern.ipc.nmbjumbo16=32000\n#kern.ipc.nmbjumbo9=64000\n\nnet.inet.tcp.tcbhashsize=4096\nnet.inet.tcp.syncache.hashsize=1024\nnet.inet.tcp.syncache.bucketlimit=100\nhw.igb.num_queues=4\n\n-- end boot/loader.conf --\n\n-- sysctrl.conf --\nstar@NOVPN-1:/\u003c4\u003esys/SSD1# cat /etc/sysctl.conf\n# Uncomment this to prevent users from seeing information about processes that\n# are being run under another UID.\n#security.bsd.see_other_uids=0\n\nkern.ipc.maxsockbuf=83886080\n#ICMP\nnet.inet.tcp.blackhole=2\nnet.inet.tcp.drop_synfin=1\nnet.inet.tcp.syncookies=1\nnet.inet.udp.blackhole=1\nnet.inet.icmp.drop_redirect=1\nnet.inet.icmp.maskrepl=0\nnet.inet.icmp.icmplim=100\nnet.inet.icmp.bmcastecho=0\n\n#net.isr.dispatch=hybrid\nnet.isr.dispatch=direct\n\nnet.route.netisr_maxqlen=10240\n\ndev.igb.0.rx_processing_limit=4000\ndev.igb.1.rx_processing_limit=4000\ndev.igb.2.rx_processing_limit=4000\ndev.igb.3.rx_processing_limit=4000\n\n\nnet.inet.ip.dummynet.pipe_slot_limit=2048\nnet.inet.ip.dummynet.hash_size=65535\nnet.inet.ip.intr_queue_maxlen=10240\nnet.inet.ip.dummynet.io_fast=0\n\n#kern.ipc.nmbclusters=400000    #old 66560\n#kern.ipc.maxsockbuf=83886080   #old 2097152\n#kern.ipc.maxsockets=204800     # 66560 -\u003e 204800\n\nnet.inet.ip.process_options=0 # pod voprosom\nkern.ipc.somaxconn=32768\n\n#2014-05-12\n#kern.maxfiles=204800\n#kern.maxfilesperproc=200000\n#2014-05-18\nnet.inet.ip.fw.verbose=0        #off trash in messages when we are clear ipfw counters\n#net.link.ether.inet.proxyall=1\n\n-- end sysctl.conf"
}