{
 "id": 399992,
 "bug_id": 114216,
 "attachment_id": 0,
 "creation_time": "2007-07-02T15:10:02Z",
 "creator": "kirk@ba23.org",
 "text": "I get a panic with a 7.0-CURRENT-200706 when using dt/AIO.\n\n\namd# kgdb kernel.debug /var/crash/vmcore.5\n[GDB will not be able to debug user-mode threads: /usr/lib/libthread_db.so: Undefined symbol \"ps_pglobal_lookup\"]\nGNU gdb 6.1.1 [FreeBSD]\nCopyright 2004 Free Software Foundation, Inc.\nGDB is free software, covered by the GNU General Public License, and you are\nwelcome to change it and/or distribute copies of it under certain conditions.\nType \"show copying\" to see the conditions.\nThere is absolutely no warranty for GDB.  Type \"show warranty\" for details.\nThis GDB was configured as \"i386-marcel-freebsd\".\n\nUnread portion of the kernel message buffer:\npanic: lock \"aiomtx\" 0xc473f1f0 already initialized\ncpuid = 0\nUptime: 7m38s\nPhysical memory: 1139 MB\nDumping 51 MB: 36 20 4\n\n#0  doadump () at pcpu.h:172\n172             __asm __volatile(\"movl %%fs:0,%0\" : \"=r\" (td));\n(kgdb) bt\n#0  doadump () at pcpu.h:172\n#1  0xc0730a3e in boot (howto=260) at /usr/src/sys/kern/kern_shutdown.c:409\n#2  0xc0730d43 in panic (fmt=Variable \"fmt\" is not available.\n) at /usr/src/sys/kern/kern_shutdown.c:563\n#3  0xc0756e24 in lock_init (lock=0x0, class=0xc0ab2ae4, name=0xc47046e7 \"aiomtx\", type=0x0, flags=131072)\n    at /usr/src/sys/kern/subr_lock.c:201\n#4  0xc07258c4 in mtx_init (m=0xc473f1f0, name=0xc47046e7 \"aiomtx\", type=0x0, opts=0) at /usr/src/sys/kern/kern_mutex.c:714\n#5  0xc4701f2e in ?? ()\n#6  0xc473f1f0 in ?? ()\n#7  0xc47046e7 in ?? ()\n#8  0x00000000 in ?? ()\n#9  0x00000000 in ?? ()\n#10 0x00000000 in ?? ()\n#11 0x28202800 in ?? ()\n#12 0x00000000 in ?? ()\n#13 0xe6c49c64 in ?? ()\n#14 0xc470237c in ?? ()\n#15 0xc472a4b8 in ?? ()\n#16 0x00000003 in ?? ()\n#17 0x00000004 in ?? ()\n#18 0x00000002 in ?? ()\n#19 0xe6c49c28 in ?? ()\n#20 0xe6c49c1e in ?? ()\n#21 0x0000000a in ?? ()\n#22 0x00009c24 in ?? ()\n#23 0x02570000 in ?? ()\n#24 0x98c0ee98 in ?? ()\n#25 0x000001ca in ?? ()\n#26 0xda7a0000 in ?? ()\n#27 0x00006400 in ?? ()\n#28 0xc472a4b8 in ?? ()\n#29 0x000018d5 in ?? ()\n#30 0x00000000 in ?? ()\n#31 0xc0ab49c0 in th4 ()\n#32 0xc0ab4980 in th3 ()\n#33 0xe6c49c50 in ?? ()\n#34 0xc09819fe in __udivdi3 (a=Unhandled dwarf expression opcode 0x93\n) at /usr/src/sys/libkern/udivdi3.c:47\nPrevious frame inner to this frame (corrupt stack?)\n(kgdb) frame 3\n#3  0xc0756e24 in lock_init (lock=0x0, class=0xc0ab2ae4, name=0xc47046e7 \"aiomtx\", type=0x0, flags=131072)\n    at /usr/src/sys/kern/subr_lock.c:201\n201             KASSERT(!lock_initalized(lock), (\"lock \\\"%s\\\" %p already initialized\",\n(kgdb) print lock\n$1 = (struct lock_object *) 0x0\n\n\nCopyright (c) 1992-2007 The FreeBSD Project.\nCopyright (c) 1979, 1980, 1983, 1986, 1988, 1989, 1991, 1992, 1993, 1994\n    The Regents of the University of California. All rights reserved.\nFreeBSD is a registered trademark of The FreeBSD Foundation.\nFreeBSD 7.0-CURRENT-200706 #0: Sat Jun 30 18:48:33 EDT 2007\n    root@amd.ott.ba23.org:/usr/obj/usr/src/sys/MYKERNEL\nWARNING: WITNESS option enabled, expect reduced performance.\nTimecounter \"i8254\" frequency 1193182 Hz quality 0\nCPU: AMD Athlon(tm) Processor (1210.79-MHz 686-class CPU)\n  Origin = \"AuthenticAMD\"  Id = 0x642  Stepping = 2\n  Features=0x183f9ff\u003cFPU,VME,DE,PSE,TSC,MSR,PAE,MCE,CX8,SEP,MTRR,PGE,MCA,CMOV,PAT,PSE36,MMX,FXSR\u003e\n  AMD Features=0xc0440800\u003cSYSCALL,\u003cb18\u003e,MMX+,3DNow!+,3DNow!\u003e\nreal memory  = 1207877632 (1151 MB)\navail memory = 1168920576 (1114 MB)\nkbd1 at kbdmux0\nath_hal: 0.9.20.3 (AR5210, AR5211, AR5212, RF5111, RF5112, RF2413, RF5413)\nacpi0: \u003cASUS A7V-133\u003e on motherboard\nacpi0: [ITHREAD]\nacpi0: Power Button (fixed)\nacpi0: reservation of 0, a0000 (3) failed\nacpi0: reservation of 100000, 47f00000 (3) failed\nTimecounter \"ACPI-fast\" frequency 3579545 Hz quality 1000\nacpi_timer0: \u003c24-bit timer at 3.579545MHz\u003e port 0xe408-0xe40b on acpi0\ncpu0: \u003cACPI CPU\u003e on acpi0\nacpi_throttle0: \u003cACPI CPU Throttling\u003e on cpu0\nacpi_button0: \u003cPower Button\u003e on acpi0\npcib0: \u003cACPI Host-PCI bridge\u003e port 0xcf8-0xcff on acpi0\npci0: \u003cACPI PCI bus\u003e on pcib0\nagp0: \u003cVIA 82C8363 (Apollo KT133x/KM133) host to PCI bridge\u003e on hostb0\npcib1: \u003cPCI-PCI bridge\u003e at device 1.0 on pci0\npci1: \u003cPCI bus\u003e on pcib1\nvgapci0: \u003cVGA-compatible display\u003e port 0xd800-0xd8ff mem 0xe0000000-0xe3ffffff,0xd6000000-0xd600ffff irq 11 at device 0.0 on pci1\nvgapci1: \u003cVGA-compatible display\u003e mem 0xd8000000-0xdbffffff,0xd5800000-0xd580ffff at device 0.1 on pci1\nisab0: \u003cPCI-ISA bridge\u003e at device 4.0 on pci0\nisa0: \u003cISA bus\u003e on isab0\natapci0: \u003cVIA 82C686B UDMA100 controller\u003e port 0x1f0-0x1f7,0x3f6,0x170-0x177,0x376,0xb800-0xb80f at device 4.1 on pci0\nata0: \u003cATA channel 0\u003e on atapci0\nata0: [ITHREAD]\nata1: \u003cATA channel 1\u003e on atapci0\nata1: [ITHREAD]\nuhci0: \u003cVIA 83C572 USB controller\u003e port 0xb000-0xb01f irq 7 at device 4.3 on pci0\nuhci0: [GIANT-LOCKED]\nuhci0: [ITHREAD]\nusb0: \u003cVIA 83C572 USB controller\u003e on uhci0\nusb0: USB revision 1.0\nuhub0: \u003cVIA UHCI root hub, class 9/0, rev 1.00/1.00, addr 1\u003e on usb0\nuhub0: 2 ports with 2 removable, self powered\npci0: \u003cbridge\u003e at device 4.4 (no driver attached)\npci0: \u003cmultimedia, video\u003e at device 9.0 (no driver attached)\npci0: \u003cmultimedia, audio\u003e at device 10.0 (no driver attached)\npci0: \u003cinput device\u003e at device 10.1 (no driver attached)\nahc0: \u003cAdaptec 2940 Ultra SCSI adapter\u003e port 0x8800-0x88ff mem 0xd5000000-0xd5000fff irq 10 at device 11.0 on pci0\nahc0: [ITHREAD]\naic7880: Ultra Wide Channel A, SCSI Id=7, 16/253 SCBs\nfxp0: \u003cIntel 82559 Pro/100 Ethernet\u003e port 0x8400-0x843f mem 0xd4800000-0xd4800fff,0xd4000000-0xd40fffff irq 11 at device 12.0 on pci0\nmiibus0: \u003cMII bus\u003e on fxp0\ninphy0: \u003ci82555 10/100 media interface\u003e PHY 1 on miibus0\ninphy0:  10baseT, 10baseT-FDX, 100baseTX, 100baseTX-FDX, auto\nfxp0: Ethernet address: 00:04:ac:d3:7e:2f\nfxp0: [ITHREAD]\nahc1: \u003cAdaptec 2944 Ultra SCSI adapter\u003e port 0x8000-0x80ff mem 0xd3800000-0xd3800fff irq 7 at device 13.0 on pci0\nahc1: [ITHREAD]\naic7880: Ultra Wide Channel A, SCSI Id=7, 16/253 SCBs\natapci1: \u003cPromise PDC20265 UDMA100 controller\u003e port 0x7800-0x7807,0x7400-0x7403,0x7000-0x7007,0x6800-0x6803,0x6400-0x643f mem 0xd3000000-0xd301ffff irq 10 at device 17.0 on pci0\natapci1: [ITHREAD]\nata2: \u003cATA channel 0\u003e on atapci1\nata2: [ITHREAD]\nata3: \u003cATA channel 1\u003e on atapci1\nata3: [ITHREAD]\nfdc0: \u003cfloppy drive controller\u003e port 0x3f2-0x3f5,0x3f7 irq 6 drq 2 on acpi0\nfdc0: [FILTER]\nfd0: \u003c1440-KB 3.5\" drive\u003e on fdc0 drive 0\nsio0: \u003c16550A-compatible COM port\u003e port 0x3f8-0x3ff irq 4 flags 0x10 on acpi0\nsio0: type 16550A\nsio0: [FILTER]\nsio1: \u003c16550A-compatible COM port\u003e port 0x2f8-0x2ff irq 3 on acpi0\nsio1: type 16550A\nsio1: [FILTER]\natkbdc0: \u003cKeyboard controller (i8042)\u003e port 0x60,0x64 irq 1 on acpi0\natkbd0: \u003cAT Keyboard\u003e irq 1 on atkbdc0\nkbd0 at atkbd0\natkbd0: [GIANT-LOCKED]\natkbd0: [ITHREAD]\npmtimer0 on isa0\norm0: \u003cISA Option ROMs\u003e at iomem 0xc0000-0xccfff,0xd0000-0xd47ff,0xd8000-0xd87ff pnpid ORM0000 on isa0\nppc0: parallel port not found.\nsc0: \u003cSystem console\u003e at flags 0x100 on isa0\nsc0: VGA \u003c16 virtual consoles, flags=0x300\u003e\nvga0: \u003cGeneric ISA VGA\u003e at port 0x3c0-0x3df iomem 0xa0000-0xbffff on isa0\nTimecounter \"TSC\" frequency 1210794194 Hz quality 800\nTimecounters tick every 1.000 msec\nWaiting 5 seconds for SCSI devices to settle\nad0: 8063MB \u003cMaxtor 90845D4 GAS54112\u003e at ata0-master UDMA33\nacd0: DVDR \u003cPIONEER DVD-RW DVR-110D/1.17\u003e at ata1-master UDMA66\nacd1: DVDROM \u003cMATSHITADVD-ROM SR-8585/1A28\u003e at ata1-slave UDMA33\n(probe0:ahc0:0:0:0): inquiry data fails comparison at DV1 step\n(probe0:ahc0:0:0:0): inquiry data fails comparison at DV1 step\n(probe0:ahc0:0:0:0): inquiry data fails comparison at DV1 step\nda0 at ahc0 bus 0 target 0 lun 0\nda0: \u003cCOMPAQPC WDE9100W 1.01\u003e Fixed Direct Access SCSI-2 device \nda0: 6.600MB/s transfers (16bit)\nda0: Command Queueing Enabled\nda0: 8678MB (17773500 512 byte sectors: 255H 63S/T 1106C)\nTrying to mount root from ufs:/dev/ad0s1a\n\nHow-To-Repeat: This script appears to work okay with 6.0-RELEASE:\n\nnode116# kldload aio\nnode116# logout\n$ uname -a\nFreeBSD node116.on.kr 6.0-RELEASE FreeBSD 6.0-RELEASE #0: Tue Dec 20 21:06:21 ES\nT 2005     root@node116.on.kr:/usr/src/sys/i386/compile/NODE116  i386\n$ /usr/bin/time ./bstg0003.sh\n       26.38 real         7.99 user         0.89 sys\n$ echo $?\n0\n \n\nBut with 7.0-CURRENT-200706, I get a panic instead.  Sometimes, you have\nto run the script more than once:\n\namd# kldload aio\namd# logout\n$ uname -a\nFreeBSD amd.ott.ba23.org 7.0-CURRENT-200706 FreeBSD 7.0-CURRENT-200706 #0: Sat J\nun 30 18:48:33 EDT 2007     root@amd.ott.ba23.org:/usr/obj/usr/src/sys/MYKERNEL\n i386\n$ /usr/bin/time ./bstg0003.sh\n       78.25 real         7.89 user         2.15 sys\n$ /usr/bin/time ./bstg0003.sh\n[... panic ...]\n\n\n\n#!/bin/sh\nDT=${DT:-/usr/local/sbin/dt}\nTMPDIR=${TMPDIR:-/tmp}\nTEMPFILE=${TMPDIR}/bstg0003.$$.$RANDOM\n\n#\n# See aio(4) about kernel POSIX AIO support.\n# I have to run \"kldload aio\" before this test.\n#\n# If dt gives similar error messages, then your kernel does not\n# appear to have AIO support:\n#    dt: Child process NNNN, exiting because of signal 12\n#    Bad system call (core dumped)\n#\n### kldload aio\n\n#\n# IMHO, dt is in the same league as fsx for finding interesting\n# OS bugs.\n#\n# There is a FreeBSD ports for dt:\n# http://www.freebsd.org/cgi/url.cgi?ports/sysutils/dt/pkg-descr\n#\n# Run dt (similar command line args to dd):\n#    64 processes will each create a 6m file\n#    will delete the file when finished\n#    output block size of 16k\n#    avoid printing any runtime stats to stdout\n#    using POSIX AIO with 16 queued IOs per process\n#\nrm -f $TEMPFILE\n$DT of=afile bs=16k limit=6m \\\n    disable=stats enable=aio aios=16 procs=64 \u003e $TEMPFILE 2\u003e\u00261\n\n#\n# I do not check the return code of dt.\n# If any text appears on stdout/stderr, then you need to investigate.\n#\nif test -s $TEMPFILE ; then\n    # oops -- appears to be a FAIL\n    cat $TEMPFILE\n    rm -f $TEMPFILE\n    exit 1\nfi\n\n# done -- appears to be a PASS\nrm -f $TEMPFILE\nexit 0"
}