{
 "id": 1117767,
 "bug_id": 248630,
 "attachment_id": 0,
 "creation_time": "2020-08-12T16:47:56Z",
 "creator": "mike@biesele.com",
 "text": "On an HPE MSA60 fully populated with 12 SATA disks, sesutil map only shows 11 disks.  Possibly related, using 'sesutil locate' using either disk or sesid affects the wrong slot in the shelf by +1.  That is, given disk da1 in physical slot 1 in the shelf, 'sesutil locate da1 on' illuminates the locate LED in slot 2.  sas2ircu reports the shelf contents accurately, however.  \n\nSystem is an HPE ProLiant DL360p Gen8.  HBA is an Avago LSI 2008 flashed with the IT firmware.  \n\nDisks da1-da12 are in the MSA60. \n\nlibrary ~ # camcontrol devlist\n\u003cHP RAID 1(1+0) OK\u003e                at scbus1 target 0 lun 0 (pass0,da0)\n\u003cATA WDC WD2000FYYZ-0 1K02\u003e        at scbus3 target 31 lun 0 (pass1,da1)\n\u003cATA WDC WD2000FYYZ-0 1K02\u003e        at scbus3 target 33 lun 0 (pass3,da3)\n\u003cATA WDC WD2000FYYZ-0 1K02\u003e        at scbus3 target 34 lun 0 (pass4,da4)\n\u003cATA WDC WD2000FYYZ-0 1K02\u003e        at scbus3 target 35 lun 0 (pass5,da5)\n\u003cATA WDC WD2000FYYZ-0 1K02\u003e        at scbus3 target 36 lun 0 (da6,pass6)\n\u003cATA WDC WD2000FYYZ-0 1K02\u003e        at scbus3 target 37 lun 0 (pass7,da7)\n\u003cATA WDC WD2000FYYZ-0 1K02\u003e        at scbus3 target 38 lun 0 (pass8,da8)\n\u003cATA WDC WD2000FYYZ-0 1K02\u003e        at scbus3 target 39 lun 0 (pass9,da9)\n\u003cATA WDC WD2000FYYZ-0 1K02\u003e        at scbus3 target 40 lun 0 (pass10,da10)\n\u003cATA WDC WD2000FYYZ-0 1K02\u003e        at scbus3 target 41 lun 0 (pass11,da11)\n\u003cATA WDC WD2000FYYZ-0 1K02\u003e        at scbus3 target 42 lun 0 (pass12,da12)\n\u003cHP MSA60 2.18\u003e                    at scbus3 target 43 lun 0 (ses0,pass13)\n\u003cIBM-ESXS ST32000444SS BC29\u003e       at scbus3 target 44 lun 0 (da2,pass2)\n\u003chp DVD ROM UJ8C2 DC02\u003e            at scbus4 target 0 lun 0 (cd0,pass14)\n\nlibrary ~ # sesutil map\nses0:\n\tEnclosure Name: HP MSA60 2.18\n\tEnclosure ID: 5001438001571280\n\tElement 0, Type: Array Device Slot\n\t\tStatus: Unsupported (0x00 0x00 0x00 0x00)\n\tElement 1, Type: Array Device Slot\n\t\tStatus: OK (0x01 0x00 0x00 0x00)\n\tElement 2, Type: Array Device Slot\n\t\tStatus: OK (0x01 0x00 0x02 0x00)\n\t\tDevice Names: da1,pass1\n\t\tExtra status:\n\t\t- LED=locate\n\tElement 3, Type: Array Device Slot\n\t\tStatus: OK (0x01 0x00 0x00 0x00)\n\t\tDevice Names: da2,pass2\n\tElement 4, Type: Array Device Slot\n\t\tStatus: OK (0x01 0x00 0x00 0x00)\n\t\tDevice Names: da3,pass3\n\tElement 5, Type: Array Device Slot\n\t\tStatus: OK (0x01 0x00 0x00 0x00)\n\t\tDevice Names: da4,pass4\n\tElement 6, Type: Array Device Slot\n\t\tStatus: OK (0x01 0x00 0x00 0x00)\n\t\tDevice Names: da5,pass5\n\tElement 7, Type: Array Device Slot\n\t\tStatus: OK (0x01 0x00 0x00 0x00)\n\t\tDevice Names: da6,pass6\n\tElement 8, Type: Array Device Slot\n\t\tStatus: OK (0x01 0x00 0x00 0x00)\n\t\tDevice Names: da7,pass7\n\tElement 9, Type: Array Device Slot\n\t\tStatus: OK (0x01 0x00 0x00 0x00)\n\t\tDevice Names: da8,pass8\n\tElement 10, Type: Array Device Slot\n\t\tStatus: OK (0x01 0x00 0x00 0x00)\n\t\tDevice Names: da9,pass9\n\tElement 11, Type: Array Device Slot\n\t\tStatus: OK (0x01 0x00 0x00 0x00)\n\t\tDevice Names: da10,pass10\n\tElement 12, Type: Array Device Slot\n\t\tStatus: OK (0x01 0x00 0x00 0x00)\n\t\tDevice Names: da11,pass11\n\tElement 13, Type: Power Supply\n\t\tStatus: Unsupported (0x00 0x00 0x00 0x00)\n\tElement 14, Type: Power Supply\n\t\tStatus: OK (0x11 0x00 0x00 0x20)\n\t\tExtra status:\n\t\t- Swapped\n\tElement 15, Type: Power Supply\n\t\tStatus: OK (0x11 0x00 0x00 0x20)\n\t\tExtra status:\n\t\t- Swapped\n\tElement 16, Type: Cooling\n\t\tStatus: Unsupported (0x00 0x00 0x00 0x00)\n\t\tExtra status:\n\t\t- Speed: 0 rpm\n\tElement 17, Type: Cooling\n\t\tStatus: OK (0x01 0x01 0xa4 0x21)\n\t\tExtra status:\n\t\t- Speed: 4200 rpm\n\tElement 18, Type: Cooling\n\t\tStatus: OK (0x01 0x01 0x68 0x21)\n\t\tExtra status:\n\t\t- Speed: 3600 rpm\n\tElement 19, Type: Cooling\n\t\tStatus: Unsupported (0x00 0x00 0x00 0x00)\n\t\tExtra status:\n\t\t- Speed: 0 rpm\n\tElement 20, Type: Cooling\n\t\tStatus: OK (0x01 0x01 0x68 0x21)\n\t\tExtra status:\n\t\t- Speed: 3600 rpm\n\tElement 21, Type: Cooling\n\t\tStatus: OK (0x01 0x01 0x68 0x21)\n\t\tExtra status:\n\t\t- Speed: 3600 rpm\n\tElement 22, Type: Temperature Sensors\n\t\tStatus: Unsupported (0x00 0x00 0x00 0x00)\n\t\tExtra status:\n\t\t- Temperature: -reserved-\n\tElement 23, Type: Temperature Sensors\n\t\tStatus: OK (0x01 0x00 0x2f 0x00)\n\t\tExtra status:\n\t\t- Temperature: 27 C\n\tElement 24, Type: Temperature Sensors\n\t\tStatus: OK (0x01 0x00 0x2f 0x00)\n\t\tExtra status:\n\t\t- Temperature: 27 C\n\tElement 25, Type: Temperature Sensors\n\t\tStatus: OK (0x01 0x00 0x2c 0x00)\n\t\tExtra status:\n\t\t- Temperature: 24 C\n\tElement 26, Type: Temperature Sensors\n\t\tStatus: OK (0x01 0x00 0x2c 0x00)\n\t\tExtra status:\n\t\t- Temperature: 24 C\n\tElement 27, Type: Enclosure Services Controller Electronics\n\t\tStatus: Unsupported (0x00 0x00 0x00 0x00)\n\tElement 28, Type: Enclosure Services Controller Electronics\n\t\tStatus: OK (0x01 0x00 0x01 0x00)\n\tElement 29, Type: Enclosure\n\t\tStatus: Unsupported (0x00 0x00 0x00 0x00)\n\tElement 30, Type: Enclosure\n\t\tStatus: OK (0x01 0x00 0x00 0x00)\n\tElement 31, Type: SAS Expander\n\t\tStatus: Unsupported (0x00 0x00 0x00 0x00)\n\tElement 32, Type: SAS Expander\n\t\tStatus: OK (0x01 0x00 0x00 0x00)\n\tElement 33, Type: SAS Connector\n\t\tStatus: Unsupported (0x00 0x00 0x00 0x00)\n\tElement 34, Type: SAS Connector\n\t\tStatus: OK (0x01 0x20 0x01 0x00)\n\tElement 35, Type: SAS Connector\n\t\tStatus: OK (0x01 0x20 0x01 0x00)\n\tElement 36, Type: SAS Connector\n\t\tStatus: OK (0x01 0x20 0x01 0x00)\n\tElement 37, Type: SAS Connector\n\t\tStatus: OK (0x01 0x20 0x01 0x00)\n\tElement 38, Type: SAS Connector\n\t\tStatus: OK (0x01 0x20 0x01 0x00)\n\tElement 39, Type: SAS Connector\n\t\tStatus: OK (0x01 0x20 0x01 0x00)\n\tElement 40, Type: SAS Connector\n\t\tStatus: OK (0x01 0x20 0x01 0x00)\n\tElement 41, Type: SAS Connector\n\t\tStatus: OK (0x01 0x20 0x01 0x00)\n\tElement 42, Type: SAS Connector\n\t\tStatus: OK (0x01 0x20 0x01 0x00)\n\tElement 43, Type: SAS Connector\n\t\tStatus: OK (0x01 0x20 0x01 0x00)\n\tElement 44, Type: SAS Connector\n\t\tStatus: OK (0x01 0x20 0x01 0x00)\n\tElement 45, Type: SAS Connector\n\t\tStatus: OK (0x01 0x20 0x01 0x00)\n\tElement 46, Type: SAS Connector\n\t\tStatus: Unsupported (0x20 0x00 0x00 0x00)\n\t\tExtra status:\n\t\t- Disabled\n\tElement 47, Type: SAS Connector\n\t\tStatus: Unsupported (0x20 0x00 0x00 0x00)\n\t\tExtra status:\n\t\t- Disabled\n\tElement 48, Type: SAS Connector\n\t\tStatus: Unsupported (0x20 0x00 0x00 0x00)\n\t\tExtra status:\n\t\t- Disabled\n\tElement 49, Type: SAS Connector\n\t\tStatus: Unsupported (0x20 0x00 0x00 0x00)\n\t\tExtra status:\n\t\t- Disabled\n\tElement 50, Type: SAS Connector\n\t\tStatus: Unsupported (0x20 0x00 0x00 0x00)\n\t\tExtra status:\n\t\t- Disabled\n\tElement 51, Type: SAS Connector\n\t\tStatus: Unsupported (0x20 0x00 0x00 0x00)\n\t\tExtra status:\n\t\t- Disabled\n\tElement 52, Type: SAS Connector\n\t\tStatus: Unsupported (0x20 0x00 0x00 0x00)\n\t\tExtra status:\n\t\t- Disabled\n\tElement 53, Type: SAS Connector\n\t\tStatus: Unsupported (0x20 0x00 0x00 0x00)\n\t\tExtra status:\n\t\t- Disabled\n\tElement 54, Type: SAS Connector\n\t\tStatus: Unsupported (0x20 0x00 0x00 0x00)\n\t\tExtra status:\n\t\t- Disabled\n\tElement 55, Type: SAS Connector\n\t\tStatus: Unsupported (0x20 0x00 0x00 0x00)\n\t\tExtra status:\n\t\t- Disabled\n\tElement 56, Type: SAS Connector\n\t\tStatus: Unsupported (0x20 0x00 0x00 0x00)\n\t\tExtra status:\n\t\t- Disabled\n\tElement 57, Type: SAS Connector\n\t\tStatus: Unsupported (0x20 0x00 0x00 0x00)\n\t\tExtra status:\n\t\t- Disabled\n\tElement 58, Type: SAS Connector\n\t\tStatus: Unsupported (0x20 0x00 0x00 0x00)\n\t\tExtra status:\n\t\t- Disabled\n\tElement 59, Type: SAS Connector\n\t\tStatus: Unsupported (0x20 0x00 0x00 0x00)\n\t\tExtra status:\n\t\t- Disabled\n\tElement 60, Type: SAS Connector\n\t\tStatus: Unsupported (0x20 0x00 0x00 0x00)\n\t\tExtra status:\n\t\t- Disabled\n\tElement 61, Type: SAS Connector\n\t\tStatus: Unsupported (0x20 0x00 0x00 0x00)\n\t\tExtra status:\n\t\t- Disabled\n\tElement 62, Type: SAS Connector\n\t\tStatus: OK (0x01 0x02 0x00 0x00)\n\tElement 63, Type: SAS Connector\n\t\tStatus: OK (0x01 0x02 0x01 0x00)\n\tElement 64, Type: SAS Connector\n\t\tStatus: OK (0x01 0x02 0x02 0x00)\n\tElement 65, Type: SAS Connector\n\t\tStatus: OK (0x01 0x02 0x03 0x00)\n\tElement 66, Type: SAS Connector\n\t\tStatus: OK (0x01 0x02 0x00 0x00)\n\tElement 67, Type: SAS Connector\n\t\tStatus: OK (0x01 0x02 0x01 0x00)\n\tElement 68, Type: SAS Connector\n\t\tStatus: OK (0x01 0x02 0x02 0x00)\n\tElement 69, Type: SAS Connector\n\t\tStatus: OK (0x01 0x02 0x03 0x00)\n\tElement 70, Type: \u003cType 0x80\u003e\n\t\tStatus: Unsupported (0x00 0x00 0x00 0x00)\n\tElement 71, Type: \u003cType 0x80\u003e\n\t\tStatus: OK (0x01 0x20 0xff 0xff)\n\nlibrary ~ # sas2ircu 1 display\nLSI Corporation SAS2 IR Configuration Utility.\nVersion 20.00.00.00 (2014.09.18)\nCopyright (c) 2008-2014 LSI Corporation. All rights reserved.\n\nRead configuration has been initiated for controller 1\n------------------------------------------------------------------------\nController information\n------------------------------------------------------------------------\n  Controller type                         : SAS2008\n  BIOS version                            : 7.33.00.00\n  Firmware version                        : 20.00.07.00\n  Channel description                     : 1 Serial Attached SCSI\n  Initiator ID                            : 0\n  Maximum physical devices                : 255\n  Concurrent commands supported           : 3432\n  Slot                                    : 2\n  Segment                                 : 0\n  Bus                                     : 7\n  Device                                  : 0\n  Function                                : 0\n  RAID Support                            : No\n------------------------------------------------------------------------\nIR Volume information\n------------------------------------------------------------------------\n------------------------------------------------------------------------\nPhysical device information\n------------------------------------------------------------------------\nInitiator at ID #0\n\nDevice is a Enclosure services device\n  Enclosure #                             : 2\n  Slot #                                  : 0\n  SAS Address                             : 5001438-0-0157-12a5\n  State                                   : Standby (SBY)\n  Manufacturer                            : HP\n  Model Number                            : MSA60\n  Firmware Revision                       : 2.18\n  Serial No                               :\n  GUID                                    : N/A\n  Protocol                                : SAS\n  Device Type                             : Enclosure services device\n\nDevice is a Hard disk\n  Enclosure #                             : 2\n  Slot #                                  : 1\n  SAS Address                             : 5001438-0-0157-1281\n  State                                   : Ready (RDY)\n  Size (in MB)/(in sectors)               : 1907729/3907029167\n  Manufacturer                            : ATA\n  Model Number                            : WDC WD2000FYYZ-0\n  Firmware Revision                       : 1K02\n  Serial No                               : WDWMC1P0054868\n  GUID                                    : N/A\n  Protocol                                : SATA\n  Drive Type                              : SATA_HDD\n\nDevice is a Hard disk\n  Enclosure #                             : 2\n  Slot #                                  : 2\n  SAS Address                             : 5000c50-0-34cd-2731\n  State                                   : Ready (RDY)\n  Size (in MB)/(in sectors)               : 1907729/3907029167\n  Manufacturer                            : IBM-ESXS\n  Model Number                            : ST32000444SS\n  Firmware Revision                       : BC29\n  Serial No                               : 9WM78S1V0428BC29\n  GUID                                    : N/A\n  Protocol                                : SAS\n  Drive Type                              : SAS_HDD\n\nDevice is a Hard disk\n  Enclosure #                             : 2\n  Slot #                                  : 3\n  SAS Address                             : 5001438-0-0157-1283\n  State                                   : Ready (RDY)\n  Size (in MB)/(in sectors)               : 1907729/3907029167\n  Manufacturer                            : ATA\n  Model Number                            : WDC WD2000FYYZ-0\n  Firmware Revision                       : 1K02\n  Serial No                               : WDWMC1P0087547\n  GUID                                    : N/A\n  Protocol                                : SATA\n  Drive Type                              : SATA_HDD\n\nDevice is a Hard disk\n  Enclosure #                             : 2\n  Slot #                                  : 4\n  SAS Address                             : 5001438-0-0157-1284\n  State                                   : Ready (RDY)\n  Size (in MB)/(in sectors)               : 1907729/3907029167\n  Manufacturer                            : ATA\n  Model Number                            : WDC WD2000FYYZ-0\n  Firmware Revision                       : 1K02\n  Serial No                               : WDWMC1P0087107\n  GUID                                    : N/A\n  Protocol                                : SATA\n  Drive Type                              : SATA_HDD\n\nDevice is a Hard disk\n  Enclosure #                             : 2\n  Slot #                                  : 5\n  SAS Address                             : 5001438-0-0157-1285\n  State                                   : Ready (RDY)\n  Size (in MB)/(in sectors)               : 1907729/3907029167\n  Manufacturer                            : ATA\n  Model Number                            : WDC WD2000FYYZ-0\n  Firmware Revision                       : 1K02\n  Serial No                               : WDWMC1P0212052\n  GUID                                    : N/A\n  Protocol                                : SATA\n  Drive Type                              : SATA_HDD\n\nDevice is a Hard disk\n  Enclosure #                             : 2\n  Slot #                                  : 6\n  SAS Address                             : 5001438-0-0157-1286\n  State                                   : Ready (RDY)\n  Size (in MB)/(in sectors)               : 1907729/3907029167\n  Manufacturer                            : ATA\n  Model Number                            : WDC WD2000FYYZ-0\n  Firmware Revision                       : 1K02\n  Serial No                               : WDWMC1P0213822\n  GUID                                    : N/A\n  Protocol                                : SATA\n  Drive Type                              : SATA_HDD\n\nDevice is a Hard disk\n  Enclosure #                             : 2\n  Slot #                                  : 7\n  SAS Address                             : 5001438-0-0157-1287\n  State                                   : Ready (RDY)\n  Size (in MB)/(in sectors)               : 1907729/3907029167\n  Manufacturer                            : ATA\n  Model Number                            : WDC WD2000FYYZ-0\n  Firmware Revision                       : 1K02\n  Serial No                               : WDWMC1P0215894\n  GUID                                    : N/A\n  Protocol                                : SATA\n  Drive Type                              : SATA_HDD\n\nDevice is a Hard disk\n  Enclosure #                             : 2\n  Slot #                                  : 8\n  SAS Address                             : 5001438-0-0157-1288\n  State                                   : Ready (RDY)\n  Size (in MB)/(in sectors)               : 1907729/3907029167\n  Manufacturer                            : ATA\n  Model Number                            : WDC WD2000FYYZ-0\n  Firmware Revision                       : 1K02\n  Serial No                               : WDWMC1P0053015\n  GUID                                    : N/A\n  Protocol                                : SATA\n  Drive Type                              : SATA_HDD\n\nDevice is a Hard disk\n  Enclosure #                             : 2\n  Slot #                                  : 9\n  SAS Address                             : 5001438-0-0157-1289\n  State                                   : Ready (RDY)\n  Size (in MB)/(in sectors)               : 1907729/3907029167\n  Manufacturer                            : ATA\n  Model Number                            : WDC WD2000FYYZ-0\n  Firmware Revision                       : 1K02\n  Serial No                               : WDWMC1P0053035\n  GUID                                    : N/A\n  Protocol                                : SATA\n  Drive Type                              : SATA_HDD\n\nDevice is a Hard disk\n  Enclosure #                             : 2\n  Slot #                                  : 10\n  SAS Address                             : 5001438-0-0157-128a\n  State                                   : Ready (RDY)\n  Size (in MB)/(in sectors)               : 1907729/3907029167\n  Manufacturer                            : ATA\n  Model Number                            : WDC WD2000FYYZ-0\n  Firmware Revision                       : 1K02\n  Serial No                               : WDWMC1P0116027\n  GUID                                    : N/A\n  Protocol                                : SATA\n  Drive Type                              : SATA_HDD\n\nDevice is a Hard disk\n  Enclosure #                             : 2\n  Slot #                                  : 11\n  SAS Address                             : 5001438-0-0157-128b\n  State                                   : Ready (RDY)\n  Size (in MB)/(in sectors)               : 1907729/3907029167\n  Manufacturer                            : ATA\n  Model Number                            : WDC WD2000FYYZ-0\n  Firmware Revision                       : 1K02\n  Serial No                               : WDWMC1P0115889\n  GUID                                    : N/A\n  Protocol                                : SATA\n  Drive Type                              : SATA_HDD\n\nDevice is a Hard disk\n  Enclosure #                             : 2\n  Slot #                                  : 12\n  SAS Address                             : 5001438-0-0157-128c\n  State                                   : Ready (RDY)\n  Size (in MB)/(in sectors)               : 1907729/3907029167\n  Manufacturer                            : ATA\n  Model Number                            : WDC WD2000FYYZ-0\n  Firmware Revision                       : 1K02\n  Serial No                               : WDWMC1P0115969\n  GUID                                    : N/A\n  Protocol                                : SATA\n  Drive Type                              : SATA_HDD\n------------------------------------------------------------------------\nEnclosure information\n------------------------------------------------------------------------\n  Enclosure#                              : 1\n  Logical ID                              : 500605b0:0400cf00\n  Numslots                                : 8\n  StartSlot                               : 0\n  Enclosure#                              : 2\n  Logical ID                              : 50014380:01571280\n  Numslots                                : 13\n  StartSlot                               : 1\n------------------------------------------------------------------------\nSAS2IRCU: Command DISPLAY Completed Successfully.\nSAS2IRCU: Utility Completed Successfully.\n\nlibrary ~ # getencstat -v /dev/ses0\n/dev/ses0: Enclosure Status \u003cOK\u003e\nElement 0x0: Array Device Slot, status: Unsupported (0x00 0x00 0x00 0x00)\nElement 0x1: Array Device Slot, status: OK (0x01 0x00 0x00 0x00)\nElement 0x2: Array Device Slot, status: OK (0x01 0x00 0x02 0x00), dev: 'da1,pass1'\nElement 0x3: Array Device Slot, status: OK (0x01 0x00 0x00 0x00), dev: 'da2,pass2'\nElement 0x4: Array Device Slot, status: OK (0x01 0x00 0x00 0x00), dev: 'da3,pass3'\nElement 0x5: Array Device Slot, status: OK (0x01 0x00 0x00 0x00), dev: 'da4,pass4'\nElement 0x6: Array Device Slot, status: OK (0x01 0x00 0x00 0x00), dev: 'da5,pass5'\nElement 0x7: Array Device Slot, status: OK (0x01 0x00 0x00 0x00), dev: 'da6,pass6'\nElement 0x8: Array Device Slot, status: OK (0x01 0x00 0x00 0x00), dev: 'da7,pass7'\nElement 0x9: Array Device Slot, status: OK (0x01 0x00 0x00 0x00), dev: 'da8,pass8'\nElement 0xa: Array Device Slot, status: OK (0x01 0x00 0x00 0x00), dev: 'da9,pass9'\nElement 0xb: Array Device Slot, status: OK (0x01 0x00 0x00 0x00), dev: 'da10,pass10'\nElement 0xc: Array Device Slot, status: OK (0x01 0x00 0x00 0x00), dev: 'da11,pass11'\nElement 0xd: Power Supply, status: Unsupported (0x00 0x00 0x00 0x00)\nElement 0xe: Power Supply, status: OK, Swapped (0x11 0x00 0x00 0x20)\nElement 0xf: Power Supply, status: OK, Swapped (0x11 0x00 0x00 0x20)\nElement 0x10: Cooling, status: Unsupported (0x00 0x00 0x00 0x00)\nElement 0x11: Cooling, status: OK (0x01 0x01 0x68 0x21)\nElement 0x12: Cooling, status: OK (0x01 0x01 0x68 0x21)\nElement 0x13: Cooling, status: Unsupported (0x00 0x00 0x00 0x00)\nElement 0x14: Cooling, status: OK (0x01 0x01 0x68 0x21)\nElement 0x15: Cooling, status: OK (0x01 0x01 0x68 0x21)\nElement 0x16: Temperature Sensors, status: Unsupported (0x00 0x00 0x00 0x00)\nElement 0x17: Temperature Sensors, status: OK (0x01 0x00 0x2f 0x00)\nElement 0x18: Temperature Sensors, status: OK (0x01 0x00 0x2f 0x00)\nElement 0x19: Temperature Sensors, status: OK (0x01 0x00 0x2c 0x00)\nElement 0x1a: Temperature Sensors, status: OK (0x01 0x00 0x2c 0x00)\nElement 0x1b: Enclosure Services Controller Electronics, status: Unsupported (0x00 0x00 0x00 0x00)\nElement 0x1c: Enclosure Services Controller Electronics, status: OK (0x01 0x00 0x01 0x00)\nElement 0x1d: Enclosure, status: Unsupported (0x00 0x00 0x00 0x00)\nElement 0x1e: Enclosure, status: OK (0x01 0x00 0x00 0x00)\nElement 0x1f: SAS Expander, status: Unsupported (0x00 0x00 0x00 0x00)\nElement 0x20: SAS Expander, status: OK (0x01 0x00 0x00 0x00)\nElement 0x21: SAS Connector, status: Unsupported (0x00 0x00 0x00 0x00)\nElement 0x22: SAS Connector, status: OK (0x01 0x20 0x01 0x00)\nElement 0x23: SAS Connector, status: OK (0x01 0x20 0x01 0x00)\nElement 0x24: SAS Connector, status: OK (0x01 0x20 0x01 0x00)\nElement 0x25: SAS Connector, status: OK (0x01 0x20 0x01 0x00)\nElement 0x26: SAS Connector, status: OK (0x01 0x20 0x01 0x00)\nElement 0x27: SAS Connector, status: OK (0x01 0x20 0x01 0x00)\nElement 0x28: SAS Connector, status: OK (0x01 0x20 0x01 0x00)\nElement 0x29: SAS Connector, status: OK (0x01 0x20 0x01 0x00)\nElement 0x2a: SAS Connector, status: OK (0x01 0x20 0x01 0x00)\nElement 0x2b: SAS Connector, status: OK (0x01 0x20 0x01 0x00)\nElement 0x2c: SAS Connector, status: OK (0x01 0x20 0x01 0x00)\nElement 0x2d: SAS Connector, status: OK (0x01 0x20 0x01 0x00)\nElement 0x2e: SAS Connector, status: Unsupported, Disabled (0x20 0x00 0x00 0x00)\nElement 0x2f: SAS Connector, status: Unsupported, Disabled (0x20 0x00 0x00 0x00)\nElement 0x30: SAS Connector, status: Unsupported, Disabled (0x20 0x00 0x00 0x00)\nElement 0x31: SAS Connector, status: Unsupported, Disabled (0x20 0x00 0x00 0x00)\nElement 0x32: SAS Connector, status: Unsupported, Disabled (0x20 0x00 0x00 0x00)\nElement 0x33: SAS Connector, status: Unsupported, Disabled (0x20 0x00 0x00 0x00)\nElement 0x34: SAS Connector, status: Unsupported, Disabled (0x20 0x00 0x00 0x00)\nElement 0x35: SAS Connector, status: Unsupported, Disabled (0x20 0x00 0x00 0x00)\nElement 0x36: SAS Connector, status: Unsupported, Disabled (0x20 0x00 0x00 0x00)\nElement 0x37: SAS Connector, status: Unsupported, Disabled (0x20 0x00 0x00 0x00)\nElement 0x38: SAS Connector, status: Unsupported, Disabled (0x20 0x00 0x00 0x00)\nElement 0x39: SAS Connector, status: Unsupported, Disabled (0x20 0x00 0x00 0x00)\nElement 0x3a: SAS Connector, status: Unsupported, Disabled (0x20 0x00 0x00 0x00)\nElement 0x3b: SAS Connector, status: Unsupported, Disabled (0x20 0x00 0x00 0x00)\nElement 0x3c: SAS Connector, status: Unsupported, Disabled (0x20 0x00 0x00 0x00)\nElement 0x3d: SAS Connector, status: Unsupported, Disabled (0x20 0x00 0x00 0x00)\nElement 0x3e: SAS Connector, status: OK (0x01 0x02 0x00 0x00)\nElement 0x3f: SAS Connector, status: OK (0x01 0x02 0x01 0x00)\nElement 0x40: SAS Connector, status: OK (0x01 0x02 0x02 0x00)\nElement 0x41: SAS Connector, status: OK (0x01 0x02 0x03 0x00)\nElement 0x42: SAS Connector, status: OK (0x01 0x02 0x00 0x00)\nElement 0x43: SAS Connector, status: OK (0x01 0x02 0x01 0x00)\nElement 0x44: SAS Connector, status: OK (0x01 0x02 0x02 0x00)\nElement 0x45: SAS Connector, status: OK (0x01 0x02 0x03 0x00)\nElement 0x46: \u003cType 0x80\u003e, status: Unsupported (0x00 0x00 0x00 0x00)\nElement 0x47: \u003cType 0x80\u003e, status: OK (0x01 0x20 0xff 0xff)\n\nlibrary ~ # cat /var/run/dmesg.boot\n---\u003c\u003cBOOT\u003e\u003e---\nCopyright (c) 1992-2019 The FreeBSD Project.\nCopyright (c) 1979, 1980, 1983, 1986, 1988, 1989, 1991, 1992, 1993, 1994\n\tThe Regents of the University of California. All rights reserved.\nFreeBSD is a registered trademark of The FreeBSD Foundation.\nFreeBSD 12.1-RELEASE-p2 GENERIC amd64\nFreeBSD clang version 8.0.1 (tags/RELEASE_801/final 366581) (based on LLVM 8.0.1)\nVT(vga): resolution 640x480\nCPU: Intel(R) Xeon(R) CPU E5-2640 0 @ 2.50GHz (2494.05-MHz K8-class CPU)\n  Origin=\"GenuineIntel\"  Id=0x206d7  Family=0x6  Model=0x2d  Stepping=7\n  Features=0xbfebfbff\u003cFPU,VME,DE,PSE,TSC,MSR,PAE,MCE,CX8,APIC,SEP,MTRR,PGE,MCA,CMOV,PAT,PSE36,CLFLUSH,DTS,ACPI,MMX,FXSR,SSE,SSE2,SS,HTT,TM,PBE\u003e\n  Features2=0x1fbee3ff\u003cSSE3,PCLMULQDQ,DTES64,MON,DS_CPL,VMX,SMX,EST,TM2,SSSE3,CX16,xTPR,PDCM,PCID,DCA,SSE4.1,SSE4.2,x2APIC,POPCNT,TSCDLT,AESNI,XSAVE,OSXSAVE,AVX\u003e\n  AMD Features=0x2c100800\u003cSYSCALL,NX,Page1GB,RDTSCP,LM\u003e\n  AMD Features2=0x1\u003cLAHF\u003e\n  XSAVE Features=0x1\u003cXSAVEOPT\u003e\n  VT-x: PAT,HLT,MTF,PAUSE,EPT,UG,VPID\n  TSC: P-state invariant, performance statistics\nreal memory  = 68719476736 (65536 MB)\navail memory = 66833526784 (63737 MB)\nEvent timer \"LAPIC\" quality 600\nACPI APIC Table: \u003cHP     ProLiant\u003e\nFreeBSD/SMP: Multiprocessor System Detected: 12 CPUs\nFreeBSD/SMP: 2 package(s) x 6 core(s)\nrandom: unblocking device.\nFirmware Warning (ACPI): Invalid length for FADT/Pm1aControlBlock: 32, using default 16 (20181213/tbfadt-850)\nFirmware Warning (ACPI): Invalid length for FADT/Pm2ControlBlock: 32, using default 8 (20181213/tbfadt-850)\nioapic1 \u003cVersion 2.0\u003e irqs 24-47 on motherboard\nioapic0 \u003cVersion 2.0\u003e irqs 0-23 on motherboard\nioapic2 \u003cVersion 2.0\u003e irqs 48-71 on motherboard\nLaunching APs: 6 2 8 10 3 11 5 7 4 1 9\nTimecounter \"TSC-low\" frequency 1247023495 Hz quality 1000\nrandom: entropy device external interface\nkbd1 at kbdmux0\n000.000023 [4335] netmap_init               netmap: loaded module\n[ath_hal] loaded\nmodule_register_init: MOD_LOAD (vesa, 0xffffffff8112e0f0, 0) error 19\nnexus0\nvtvga0: \u003cVT VGA driver\u003e on motherboard\ncryptosoft0: \u003csoftware crypto\u003e on motherboard\nacpi0: \u003cHP ProLiant\u003e on motherboard\nacpi0: Power Button (fixed)\ncpu0: \u003cACPI CPU\u003e numa-domain 0 on acpi0\nattimer0: \u003cAT timer\u003e port 0x40-0x43 irq 0 on acpi0\nTimecounter \"i8254\" frequency 1193182 Hz quality 0\nEvent timer \"i8254\" frequency 1193182 Hz quality 100\nhpet0: \u003cHigh Precision Event Timer\u003e iomem 0xfed00000-0xfed003ff on acpi0\nTimecounter \"HPET\" frequency 14318180 Hz quality 950\nEvent timer \"HPET\" frequency 14318180 Hz quality 350\nEvent timer \"HPET1\" frequency 14318180 Hz quality 340\nEvent timer \"HPET2\" frequency 14318180 Hz quality 340\nEvent timer \"HPET3\" frequency 14318180 Hz quality 340\nEvent timer \"HPET4\" frequency 14318180 Hz quality 340\nEvent timer \"HPET5\" frequency 14318180 Hz quality 340\nEvent timer \"HPET6\" frequency 14318180 Hz quality 340\nEvent timer \"HPET7\" frequency 14318180 Hz quality 340\natrtc0: \u003cAT realtime clock\u003e port 0x70-0x71 on acpi0\natrtc0: registered as a time-of-day clock, resolution 1.000000s\nEvent timer \"RTC\" frequency 32768 Hz quality 0\nTimecounter \"ACPI-fast\" frequency 3579545 Hz quality 900\nacpi_timer0: \u003c24-bit timer at 3.579545MHz\u003e port 0x908-0x90b on acpi0\npcib0: \u003cACPI Host-PCI bridge\u003e numa-domain 0 on acpi0\npci0: \u003cACPI PCI bus\u003e numa-domain 0 on pcib0\npcib1: \u003cACPI PCI-PCI bridge\u003e at device 1.0 numa-domain 0 on pci0\npci1: \u003cACPI PCI bus\u003e numa-domain 0 on pcib1\nmps0: \u003cAvago Technologies (LSI) SAS2008\u003e port 0x6000-0x60ff mem 0xf7ef0000-0xf7ef3fff,0xf7e80000-0xf7ebffff irq 26 at device 0.0 numa-domain 0 on pci1\nmps0: Firmware: 20.00.07.00, Driver: 21.02.00.00-fbsd\nmps0: IOCCapabilities: 1285c\u003cScsiTaskFull,DiagTrace,SnapBuf,EEDP,TransRetry,EventReplay,HostDisc\u003e\npcib2: \u003cACPI PCI-PCI bridge\u003e at device 1.1 numa-domain 0 on pci0\npci2: \u003cACPI PCI bus\u003e numa-domain 0 on pcib2\npcib3: \u003cACPI PCI-PCI bridge\u003e at device 2.0 numa-domain 0 on pci0\npci3: \u003cACPI PCI bus\u003e numa-domain 0 on pcib3\nbge0: \u003cHP Ethernet 1Gb 4-port 331FLR Adapter, ASIC rev. 0x5719001\u003e mem 0xf6bf0000-0xf6bfffff,0xf6be0000-0xf6beffff,0xf6bd0000-0xf6bdffff irq 32 at device 0.0 numa-domain 0 on pci3\nbge0: APE FW version: NCSI v1.4.12.0\nbge0: CHIP ID 0x05719001; ASIC REV 0x5719; CHIP REV 0x57190; PCI-E\nmiibus0: \u003cMII bus\u003e numa-domain 0 on bge0\nbrgphy0: \u003cBCM5719C 1000BASE-T media interface\u003e PHY 1 on miibus0\nbrgphy0:  10baseT, 10baseT-FDX, 100baseTX, 100baseTX-FDX, 1000baseT, 1000baseT-master, 1000baseT-FDX, 1000baseT-FDX-master, auto, auto-flow\nbge0: Using defaults for TSO: 65518/35/2048\nbge0: Ethernet address: 2c:44:fd:7b:59:5c\nbge1: \u003cHP Ethernet 1Gb 4-port 331FLR Adapter, ASIC rev. 0x5719001\u003e mem 0xf6bc0000-0xf6bcffff,0xf6bb0000-0xf6bbffff,0xf6ba0000-0xf6baffff irq 36 at device 0.1 numa-domain 0 on pci3\nbge1: APE FW version: NCSI v1.4.12.0\nbge1: CHIP ID 0x05719001; ASIC REV 0x5719; CHIP REV 0x57190; PCI-E\nmiibus1: \u003cMII bus\u003e numa-domain 0 on bge1\nbrgphy1: \u003cBCM5719C 1000BASE-T media interface\u003e PHY 2 on miibus1\nbrgphy1:  10baseT, 10baseT-FDX, 100baseTX, 100baseTX-FDX, 1000baseT, 1000baseT-master, 1000baseT-FDX, 1000baseT-FDX-master, auto, auto-flow\nbge1: Using defaults for TSO: 65518/35/2048\nbge1: Ethernet address: 2c:44:fd:7b:59:5d\nbge2: \u003cHP Ethernet 1Gb 4-port 331FLR Adapter, ASIC rev. 0x5719001\u003e mem 0xf6b90000-0xf6b9ffff,0xf6b80000-0xf6b8ffff,0xf6b70000-0xf6b7ffff irq 32 at device 0.2 numa-domain 0 on pci3\nbge2: APE FW version: NCSI v1.4.12.0\nbge2: CHIP ID 0x05719001; ASIC REV 0x5719; CHIP REV 0x57190; PCI-E\nmiibus2: \u003cMII bus\u003e numa-domain 0 on bge2\nbrgphy2: \u003cBCM5719C 1000BASE-T media interface\u003e PHY 3 on miibus2\nbrgphy2:  10baseT, 10baseT-FDX, 100baseTX, 100baseTX-FDX, 1000baseT, 1000baseT-master, 1000baseT-FDX, 1000baseT-FDX-master, auto, auto-flow\nbge2: Using defaults for TSO: 65518/35/2048\nbge2: Ethernet address: 2c:44:fd:7b:59:5e\nbge3: \u003cHP Ethernet 1Gb 4-port 331FLR Adapter, ASIC rev. 0x5719001\u003e mem 0xf6b60000-0xf6b6ffff,0xf6b50000-0xf6b5ffff,0xf6b40000-0xf6b4ffff irq 36 at device 0.3 numa-domain 0 on pci3\nbge3: APE FW version: NCSI v1.4.12.0\nbge3: CHIP ID 0x05719001; ASIC REV 0x5719; CHIP REV 0x57190; PCI-E\nmiibus3: \u003cMII bus\u003e numa-domain 0 on bge3\nbrgphy3: \u003cBCM5719C 1000BASE-T media interface\u003e PHY 4 on miibus3\nbrgphy3:  10baseT, 10baseT-FDX, 100baseTX, 100baseTX-FDX, 1000baseT, 1000baseT-master, 1000baseT-FDX, 1000baseT-FDX-master, auto, auto-flow\nbge3: Using defaults for TSO: 65518/35/2048\nbge3: Ethernet address: 2c:44:fd:7b:59:5f\npcib4: \u003cACPI PCI-PCI bridge\u003e at device 2.1 numa-domain 0 on pci0\npci4: \u003cACPI PCI bus\u003e numa-domain 0 on pcib4\npcib5: \u003cACPI PCI-PCI bridge\u003e at device 2.2 numa-domain 0 on pci0\npci5: \u003cACPI PCI bus\u003e numa-domain 0 on pcib5\nciss0: \u003cHP Smart Array P420i\u003e port 0x5000-0x50ff mem 0xf7d00000-0xf7dfffff,0xf7cf0000-0xf7cf03ff irq 34 at device 0.0 numa-domain 0 on pci5\nciss0: PERFORMANT Transport\npcib6: \u003cACPI PCI-PCI bridge\u003e at device 2.3 numa-domain 0 on pci0\npci6: \u003cACPI PCI bus\u003e numa-domain 0 on pcib6\npcib7: \u003cACPI PCI-PCI bridge\u003e at device 3.0 numa-domain 0 on pci0\npci7: \u003cACPI PCI bus\u003e numa-domain 0 on pcib7\nmps1: \u003cAvago Technologies (LSI) SAS2008\u003e port 0x7000-0x70ff mem 0xf7ff0000-0xf7ff3fff,0xf7f80000-0xf7fbffff irq 40 at device 0.0 numa-domain 0 on pci7\nmps1: Firmware: 20.00.07.00, Driver: 21.02.00.00-fbsd\nmps1: IOCCapabilities: 1285c\u003cScsiTaskFull,DiagTrace,SnapBuf,EEDP,TransRetry,EventReplay,HostDisc\u003e\npcib8: \u003cACPI PCI-PCI bridge\u003e at device 3.1 numa-domain 0 on pci0\npci8: \u003cACPI PCI bus\u003e numa-domain 0 on pcib8\npcib9: \u003cACPI PCI-PCI bridge\u003e at device 3.2 numa-domain 0 on pci0\npci9: \u003cACPI PCI bus\u003e numa-domain 0 on pcib9\npcib10: \u003cACPI PCI-PCI bridge\u003e at device 3.3 numa-domain 0 on pci0\npci10: \u003cACPI PCI bus\u003e numa-domain 0 on pcib10\npcib11: \u003cACPI PCI-PCI bridge\u003e at device 17.0 numa-domain 0 on pci0\npci11: \u003cACPI PCI bus\u003e numa-domain 0 on pcib11\nehci0: \u003cIntel Patsburg USB 2.0 controller\u003e mem 0xf6c60000-0xf6c603ff irq 21 at device 26.0 numa-domain 0 on pci0\nusbus0: EHCI version 1.0\nusbus0 numa-domain 0 on ehci0\nusbus0: 480Mbps High Speed USB v2.0\npcib12: \u003cACPI PCI-PCI bridge\u003e at device 28.0 numa-domain 0 on pci0\npci12: \u003cACPI PCI bus\u003e numa-domain 0 on pcib12\npcib13: \u003cACPI PCI-PCI bridge\u003e at device 28.7 numa-domain 0 on pci0\npci13: \u003cACPI PCI bus\u003e numa-domain 0 on pcib13\nvgapci0: \u003cVGA-compatible display\u003e mem 0xf5000000-0xf5ffffff,0xf7be0000-0xf7be3fff,0xf7000000-0xf77fffff irq 16 at device 0.1 numa-domain 0 on pci13\nvgapci0: Boot video device\nuhci0: \u003cHP iLO Standard Virtual USB controller\u003e port 0x3c00-0x3c1f irq 16 at device 0.4 numa-domain 0 on pci13\nusbus1 numa-domain 0 on uhci0\nusbus1: 12Mbps Full Speed USB v1.0\nehci1: \u003cIntel Patsburg USB 2.0 controller\u003e mem 0xf6c50000-0xf6c503ff irq 20 at device 29.0 numa-domain 0 on pci0\nusbus2: EHCI version 1.0\nusbus2 numa-domain 0 on ehci1\nusbus2: 480Mbps High Speed USB v2.0\npcib14: \u003cPCI-PCI bridge\u003e at device 30.0 numa-domain 0 on pci0\npci14: \u003cPCI bus\u003e numa-domain 0 on pcib14\nisab0: \u003cPCI-ISA bridge\u003e at device 31.0 numa-domain 0 on pci0\nisa0: \u003cISA bus\u003e numa-domain 0 on isab0\natapci0: \u003cIntel Patsburg SATA600 controller\u003e port 0x4000-0x4007,0x4008-0x400b,0x4010-0x4017,0x4018-0x401b,0x4020-0x402f,0x4030-0x403f irq 17 at device 31.2 numa-domain 0 on pci0\nata2: \u003cATA channel\u003e at channel 0 on atapci0\nata3: \u003cATA channel\u003e at channel 1 on atapci0\npcib15: \u003cACPI Host-PCI bridge\u003e numa-domain 1 on acpi0\npci15: \u003cACPI PCI bus\u003e numa-domain 1 on pcib15\npcib16: \u003cPCI-PCI bridge\u003e at device 0.0 numa-domain 1 on pci15\npci16: \u003cPCI bus\u003e numa-domain 1 on pcib16\npcib17: \u003cACPI PCI-PCI bridge\u003e at device 1.0 numa-domain 1 on pci15\npci17: \u003cACPI PCI bus\u003e numa-domain 1 on pcib17\npcib18: \u003cACPI PCI-PCI bridge\u003e at device 1.1 numa-domain 1 on pci15\npci18: \u003cACPI PCI bus\u003e numa-domain 1 on pcib18\npcib19: \u003cACPI PCI-PCI bridge\u003e at device 2.0 numa-domain 1 on pci15\npci19: \u003cACPI PCI bus\u003e numa-domain 1 on pcib19\npcib20: \u003cACPI PCI-PCI bridge\u003e at device 2.1 numa-domain 1 on pci15\npci20: \u003cACPI PCI bus\u003e numa-domain 1 on pcib20\npcib21: \u003cACPI PCI-PCI bridge\u003e at device 2.2 numa-domain 1 on pci15\npci21: \u003cACPI PCI bus\u003e numa-domain 1 on pcib21\npcib22: \u003cACPI PCI-PCI bridge\u003e at device 2.3 numa-domain 1 on pci15\npci22: \u003cACPI PCI bus\u003e numa-domain 1 on pcib22\npcib23: \u003cACPI PCI-PCI bridge\u003e at device 3.0 numa-domain 1 on pci15\npci23: \u003cACPI PCI bus\u003e numa-domain 1 on pcib23\npcib24: \u003cACPI PCI-PCI bridge\u003e at device 3.1 numa-domain 1 on pci15\npci24: \u003cACPI PCI bus\u003e numa-domain 1 on pcib24\npcib25: \u003cACPI PCI-PCI bridge\u003e at device 3.2 numa-domain 1 on pci15\npci25: \u003cACPI PCI bus\u003e numa-domain 1 on pcib25\npcib26: \u003cACPI PCI-PCI bridge\u003e at device 3.3 numa-domain 1 on pci15\npci26: \u003cACPI PCI bus\u003e numa-domain 1 on pcib26\nacpi_tz0: \u003cThermal Zone\u003e on acpi0\nipmi0: \u003cIPMI System Interface\u003e port 0xca2-0xca3 on acpi0\nipmi0: KCS mode found at io 0xca2 on acpi\nacpi_syscontainer0: \u003cSystem Container\u003e port 0x2e-0x2f on acpi0\natkbdc0: \u003cKeyboard controller (i8042)\u003e port 0x60,0x64 irq 1 on acpi0\natkbd0: \u003cAT Keyboard\u003e irq 1 on atkbdc0\nkbd0 at atkbd0\natkbd0: [GIANT-LOCKED]\nuart0: \u003cNon-standard ns8250 class UART with FIFOs\u003e port 0x3f8-0x3ff irq 4 flags 0x10 on acpi0\norm0: \u003cISA Option ROM\u003e at iomem 0xc0000-0xc7fff pnpid ORM0000 on isa0\nuart1: \u003cNon-standard ns8250 class UART with FIFOs\u003e at port 0x2f8 irq 3 on isa0\nuart1: non-PNP ISA device will be removed from GENERIC in FreeBSD 12.\nest0: \u003cEnhanced SpeedStep Frequency Control\u003e numa-domain 0 on cpu0\nest: CPU supports Enhanced Speedstep, but is not recognized.\nest: cpu_vendor GenuineIntel, msr 238c00001c00\ndevice_attach: est0 attach returned 6\nest: CPU supports Enhanced Speedstep, but is not recognized.\nest: cpu_vendor GenuineIntel, msr 238c00001c00\ndevice_attach: est1 attach returned 6\nest: CPU supports Enhanced Speedstep, but is not recognized.\nest: cpu_vendor GenuineIntel, msr 238c00001c00\ndevice_attach: est2 attach returned 6\nest: CPU supports Enhanced Speedstep, but is not recognized.\nest: cpu_vendor GenuineIntel, msr 238c00001c00\ndevice_attach: est3 attach returned 6\nest: CPU supports Enhanced Speedstep, but is not recognized.\nest: cpu_vendor GenuineIntel, msr 238c00001c00\ndevice_attach: est4 attach returned 6\nest: CPU supports Enhanced Speedstep, but is not recognized.\nest: cpu_vendor GenuineIntel, msr 238c00001c00\ndevice_attach: est5 attach returned 6\nest: CPU supports Enhanced Speedstep, but is not recognized.\nest: cpu_vendor GenuineIntel, msr 238c00001c00\ndevice_attach: est6 attach returned 6\nest: CPU supports Enhanced Speedstep, but is not recognized.\nest: cpu_vendor GenuineIntel, msr 238c00001c00\ndevice_attach: est7 attach returned 6\nest: CPU supports Enhanced Speedstep, but is not recognized.\nest: cpu_vendor GenuineIntel, msr 238c00001c00\ndevice_attach: est8 attach returned 6\nest: CPU supports Enhanced Speedstep, but is not recognized.\nest: cpu_vendor GenuineIntel, msr 238c00001c00\ndevice_attach: est9 attach returned 6\nest: CPU supports Enhanced Speedstep, but is not recognized.\nest: cpu_vendor GenuineIntel, msr 238c00001c00\ndevice_attach: est10 attach returned 6\nest: CPU supports Enhanced Speedstep, but is not recognized.\nest: cpu_vendor GenuineIntel, msr 238c00001c00\ndevice_attach: est11 attach returned 6\nZFS filesystem version: 5\nZFS storage pool version: features support (5000)\nTimecounters tick every 1.000 msec\nugen2.1: \u003cIntel EHCI root HUB\u003e at usbus2\nugen1.1: \u003cHP UHCI root HUB\u003e at usbus1\nugen0.1: \u003cIntel EHCI root HUB\u003e at usbus0\nuhub0: \u003cIntel EHCI root HUB, class 9/0, rev 2.00/1.00, addr 1\u003e on usbus2\nuhub1: \u003cIntel EHCI root HUB, class 9/0, rev 2.00/1.00, addr 1\u003e on usbus0\nuhub2: \u003cHP UHCI root HUB, class 9/0, rev 1.00/1.00, addr 1\u003e on usbus1\nipmi0: IPMI device rev. 2, firmware rev. 2.50, version 2.0, device support mask 0x8f\nipmi0: Number of channels 1\nipmi0: Attached watchdog\nipmi0: Establishing power cycle handler\nuhub2: 2 ports with 2 removable, self powered\nuhub0: 2 ports with 2 removable, self powered\nuhub1: 2 ports with 2 removable, self powered\nugen2.2: \u003cvendor 0x8087 product 0x0024\u003e at usbus2\nuhub3 numa-domain 0 on uhub0\nuhub3: \u003cvendor 0x8087 product 0x0024, class 9/0, rev 2.00/0.00, addr 2\u003e on usbus2\nugen0.2: \u003cvendor 0x8087 product 0x0024\u003e at usbus0\nuhub4 numa-domain 0 on uhub1\nuhub4: \u003cvendor 0x8087 product 0x0024, class 9/0, rev 2.00/0.00, addr 2\u003e on usbus0\nuhub4: 6 ports with 6 removable, self powered\nuhub3: 8 ports with 8 removable, self powered\nugen2.3: \u003cvendor 0x0424 product 0x2660\u003e at usbus2\nuhub5 numa-domain 0 on uhub3\nuhub5: \u003cvendor 0x0424 product 0x2660, class 9/0, rev 2.00/8.01, addr 3\u003e on usbus2\nuhub5: 2 ports with 1 removable, self powered\nses0 at mps1 bus 0 scbus3 target 43 lun 0\nses0: \u003cHP MSA60 2.18\u003e Fixed Enclosure Services SPC-3 SCSI device\nses0: Serial Number SGA817005M\nses0: 300.000MB/s transfers\nses0: SES Device\nda1 at mps1 bus 0 scbus3 target 31 lun 0\nda1: \u003cATA WDC WD2000FYYZ-0 1K02\u003e Fixed Direct Access SPC-4 SCSI device\nda1: Serial Number WD-WMC1P0054868\nda1: 150.000MB/s transfers\nda1: Command Queueing enabled\nda1: 1907729MB (3907029168 512 byte sectors)\nda5 at mps1 bus 0 scbus3 target 35 lun 0\nda5: \u003cATA WDC WD2000FYYZ-0 1K02\u003e Fixed Direct Access SPC-4 SCSI device\nda5: Serial Number WD-WMC1P0212052\nda5: 150.000MB/s transfers\nda5: Command Queueing enabled\nda5: 1907729MB (3907029168 512 byte sectors)\nda4 at mps1 bus 0 scbus3 target 34 lun 0\nda4: \u003cATA WDC WD2000FYYZ-0 1K02\u003e Fixed Direct Access SPC-4 SCSI device\nda4: Serial Number WD-WMC1P0087107\nda4: 150.000MB/s transfers\nda4: Command Queueing enabled\nda4: 1907729MB (3907029168 512 byte sectors)\nda6 at mps1 bus 0 scbus3 target 36 lun 0\nda6: \u003cATA WDC WD2000FYYZ-0 1K02\u003e Fixed Direct Access SPC-4 SCSI device\nda6: Serial Number WD-WMC1P0213822\nda6: 150.000MB/s transfers\nda6: Command Queueing enabled\nda6: 1907729MB (3907029168 512 byte sectors)\nda8 at mps1 bus 0 scbus3 target 38 lun 0\nda8: \u003cATA WDC WD2000FYYZ-0 1K02\u003e Fixed Direct Access SPC-4 SCSI device\nda8: Serial Number WD-WMC1P0053015\nda8: 150.000MB/s transfers\nda8: Command Queueing enabled\nda8: 1907729MB (3907029168 512 byte sectors)\nda9 at mps1 bus 0 scbus3 target 39 lun 0\nda9: \u003cATA WDC WD2000FYYZ-0 1K02\u003e Fixed Direct Access SPC-4 SCSI device\nda9: Serial Number WD-WMC1P0053035\nda9: 150.000MB/s transfers\nda9: Command Queueing enabled\nda9: 1907729MB (3907029168 512 byte sectors)\nda10 at mps1 bus 0 scbus3 target 40 lun 0\nda10: \u003cATA WDC WD2000FYYZ-0 1K02\u003e Fixed Direct Access SPC-4 SCSI device\nda10: Serial Number WD-WMC1P0116027\nda10: 150.000MB/s transfers\nda10: Command Queueing enabled\nda10: 1907729MB (3907029168 512 byte sectors)\nda3 at mps1 bus 0 scbus3 target 33 lun 0\nda3: \u003cATA WDC WD2000FYYZ-0 1K02\u003e Fixed Direct Access SPC-4 SCSI device\nda3: Serial Number WD-WMC1P0087547\nda3: 150.000MB/s transfers\nda3: Command Queueing enabled\nda3: 1907729MB (3907029168 512 byte sectors)\nda11 at mps1 bus 0 scbus3 target 41 lun 0\nda11: \u003cATA WDC WD2000FYYZ-0 1K02\u003e Fixed Direct Access SPC-4 SCSI device\nda11: Serial Number WD-WMC1P0115889\nda11: 150.000MB/s transfers\nda11: Command Queueing enabled\nda11: 1907729MB (3907029168 512 byte sectors)\ncd0 at ata2 bus 0 scbus4 target 0 lun 0\ncd0: \u003chp DVD ROM UJ8C2 DC02\u003e Removable CD-ROM SCSI device\ncd0: Serial Number HP34 021570\ncd0: 150.000MB/s transfers (SATA 1.x, UDMA5, ATAPI 12bytes, PIO 8192bytes)\ncd0: Attempt to query device size failed: NOT READY, Medium not present - tray closed\nda12 at mps1 bus 0 scbus3 target 42 lun 0\nda12: \u003cATA WDC WD2000FYYZ-0 1K02\u003e Fixed Direct Access SPC-4 SCSI device\nda12: Serial Number WD-WMC1P0115969\nda12: 150.000MB/s transfers\nda12: Command Queueing enabled\nda12: 1907729MB (3907029168 512 byte sectors)\nda2 at mps1 bus 0 scbus3 target 32 lun 0\nda2: \u003cATA WDC WD2000FYYZ-0 1K02\u003e Fixed Direct Access SPC-4 SCSI device\nda2: Serial Number WD-WMC1P0212306\nda2: 150.000MB/s transfers\nda2: Command Queueing enabled\nda2: 1907729MB (3907029168 512 byte sectors)\nda7 at mps1 bus 0 scbus3 target 37 lun 0\nda7: \u003cATA WDC WD2000FYYZ-0 1K02\u003e Fixed Direct Access SPC-4 SCSI device\nda7: Serial Number WD-WMC1P0215894\nda7: 150.000MB/s transfers\nda7: Command Queueing enabled\nda7: 1907729MB (3907029168 512 byte sectors)\nda0 at ciss0 bus 0 scbus1 target 0 lun 0\nda0: \u003cHP RAID 1(1+0) OK\u003e Fixed Direct Access SPC-3 SCSI device\nda0: Serial Number 001438027E7FB80\nda0: 135.168MB/s transfers\nda0: Command Queueing enabled\nda0: 858210MB (1757614684 512 byte sectors)\nses0: da1,pass1 in Array Device Slot 2, SAS Slot: 2+ phys at slot 1\nses0:  phy 0: SATA device\nses0:  phy 0: parent 5001438001571280 addr 5001438001571281\nses0:  phy 1: SAS device type 0 phy 0\nses0:  phy 1: parent 0 addr 0\nses0: da2,pass2 in Array Device Slot 3, SAS Slot: 2+ phys at slot 2\nses0:  phy 0: SATA device\nses0:  phy 0: parent 5001438001571280 addr 5001438001571282\nses0:  phy 1: SAS device type 0 phy 0\nses0:  phy 1: parent 0 addr 0\nses0: da3,pass3 in Array Device Slot 4, SAS Slot: 2+ phys at slot 3\nses0:  phy 0: SATA device\nses0:  phy 0: parent 5001438001571280 addr 5001438001571283\nses0:  phy 1: SAS device type 0 phy 0\nses0:  phy 1: parent 0 addr 0\nses0: da4,pass4 in Array Device Slot 5, SAS Slot: 2+ phys at slot 4\nses0:  phy 0: SATA device\nses0:  phy 0: parent 5001438001571280 addr 5001438001571284\nses0:  phy 1: SAS device type 0 phy 0\nses0:  phy 1: parent 0 addr 0\nses0: da5,pass5 in Array Device Slot 6, SAS Slot: 2+ phys at slot 5\nses0:  phy 0: SATA device\nses0:  phy 0: parent 5001438001571280 addr 5001438001571285\nses0:  phy 1: SAS device type 0 phy 0\nses0:  phy 1: parent 0 addr 0\nses0: da6,pass6 in Array Device Slot 7, SAS Slot: 2+ phys at slot 6\nses0:  phy 0: SATA device\nses0:  phy 0: parent 5001438001571280 addr 5001438001571286\nses0:  phy 1: SAS device type 0 phy 0\nses0:  phy 1: parent 0 addr 0\nses0: da7,pass7 in Array Device Slot 8, SAS Slot: 2+ phys at slot 7\nses0:  phy 0: SATA device\nses0:  phy 0: parent 5001438001571280 addr 5001438001571287\nses0:  phy 1: SAS device type 0 phy 0\nses0:  phy 1: parent 0 addr 0\nses0: da8,pass8 in Array Device Slot 9, SAS Slot: 2+ phys at slot 8\nses0:  phy 0: SATA device\nses0:  phy 0: parent 5001438001571280 addr 5001438001571288\nses0:  phy 1: SAS device type 0 phy 0\nses0:  phy 1: parent 0 addr 0\nses0: da9,pass9 in Array Device Slot 10, SAS Slot: 2+ phys at slot 9\nses0:  phy 0: SATA device\nses0:  phy 0: parent 5001438001571280 addr 5001438001571289\nses0:  phy 1: SAS device type 0 phy 0\nses0:  phy 1: parent 0 addr 0\nses0: da10,pass10 in Array Device Slot 11, SAS Slot: 2+ phys at slot 10\nses0:  phy 0: SATA device\nses0:  phy 0: parent 5001438001571280 addr 500143800157128a\nses0:  phy 1: SAS device type 0 phy 0\nses0:  phy 1: parent 0 addr 0\nses0: da11,pass11 in Array Device Slot 12, SAS Slot: 2+ phys at slot 11\nses0:  phy 0: SATA device\nses0:  phy 0: parent 5001438001571280 addr 500143800157128b\nses0:  phy 1: SAS device type 0 phy 0\nses0:  phy 1: parent 0 addr 0\nTrying to mount root from zfs:zroot/ROOT/default []...\nlo0: link state changed to UP\nbge0: link state changed to DOWN\nbge0: link state changed to UP\nioat0: \u003cSNB IOAT Ch0\u003e mem 0xf6cf0000-0xf6cf3fff irq 31 at device 4.0 numa-domain 0 on pci0\nioat0: Capabilities: 2f7\u003cPQ,Extended_APIC_ID,Block_Fill,Move_CRC,DCA,Marker_Skipping,CRC,Page_Break\u003e\nioat1: \u003cSNB IOAT Ch1\u003e mem 0xf6ce0000-0xf6ce3fff irq 39 at device 4.1 numa-domain 0 on pci0\nioat1: Capabilities: 2f7\u003cPQ,Extended_APIC_ID,Block_Fill,Move_CRC,DCA,Marker_Skipping,CRC,Page_Break\u003e\nioat2: \u003cSNB IOAT Ch2\u003e mem 0xf6cd0000-0xf6cd3fff irq 31 at device 4.2 numa-domain 0 on pci0\nioat2: Capabilities: f7\u003cExtended_APIC_ID,Block_Fill,Move_CRC,DCA,Marker_Skipping,CRC,Page_Break\u003e\nioat3: \u003cSNB IOAT Ch3\u003e mem 0xf6cc0000-0xf6cc3fff irq 39 at device 4.3 numa-domain 0 on pci0\nioat3: Capabilities: f7\u003cExtended_APIC_ID,Block_Fill,Move_CRC,DCA,Marker_Skipping,CRC,Page_Break\u003e\nioat4: \u003cSNB IOAT Ch4\u003e mem 0xf6cb0000-0xf6cb3fff irq 31 at device 4.4 numa-domain 0 on pci0\nioat4: Capabilities: f7\u003cExtended_APIC_ID,Block_Fill,Move_CRC,DCA,Marker_Skipping,CRC,Page_Break\u003e\nioat5: \u003cSNB IOAT Ch5\u003e mem 0xf6ca0000-0xf6ca3fff irq 39 at device 4.5 numa-domain 0 on pci0\nioat5: Capabilities: f7\u003cExtended_APIC_ID,Block_Fill,Move_CRC,DCA,Marker_Skipping,CRC,Page_Break\u003e\nioat6: \u003cSNB IOAT Ch6\u003e mem 0xf6c90000-0xf6c93fff irq 31 at device 4.6 numa-domain 0 on pci0\nioat6: Capabilities: f7\u003cExtended_APIC_ID,Block_Fill,Move_CRC,DCA,Marker_Skipping,CRC,Page_Break\u003e\nioat7: \u003cSNB IOAT Ch7\u003e mem 0xf6c80000-0xf6c83fff irq 39 at device 4.7 numa-domain 0 on pci0\nioat7: Capabilities: f7\u003cExtended_APIC_ID,Block_Fill,Move_CRC,DCA,Marker_Skipping,CRC,Page_Break\u003e\nioat8: \u003cSNB IOAT Ch0\u003e mem 0xfbff0000-0xfbff3fff irq 55 at device 4.0 numa-domain 1 on pci15\nioat8: Capabilities: 2f7\u003cPQ,Extended_APIC_ID,Block_Fill,Move_CRC,DCA,Marker_Skipping,CRC,Page_Break\u003e\nioat9: \u003cSNB IOAT Ch1\u003e mem 0xfbfe0000-0xfbfe3fff irq 63 at device 4.1 numa-domain 1 on pci15\nioat9: Capabilities: 2f7\u003cPQ,Extended_APIC_ID,Block_Fill,Move_CRC,DCA,Marker_Skipping,CRC,Page_Break\u003e\nioat10: \u003cSNB IOAT Ch2\u003e mem 0xfbfd0000-0xfbfd3fff irq 55 at device 4.2 numa-domain 1 on pci15\nioat10: Capabilities: f7\u003cExtended_APIC_ID,Block_Fill,Move_CRC,DCA,Marker_Skipping,CRC,Page_Break\u003e\nioat11: \u003cSNB IOAT Ch3\u003e mem 0xfbfc0000-0xfbfc3fff irq 63 at device 4.3 numa-domain 1 on pci15\nioat11: Capabilities: f7\u003cExtended_APIC_ID,Block_Fill,Move_CRC,DCA,Marker_Skipping,CRC,Page_Break\u003e\nioat12: \u003cSNB IOAT Ch4\u003e mem 0xfbfb0000-0xfbfb3fff irq 55 at device 4.4 numa-domain 1 on pci15\nioat12: Capabilities: f7\u003cExtended_APIC_ID,Block_Fill,Move_CRC,DCA,Marker_Skipping,CRC,Page_Break\u003e\nioat13: \u003cSNB IOAT Ch5\u003e mem 0xfbfa0000-0xfbfa3fff irq 63 at device 4.5 numa-domain 1 on pci15\nioat13: Capabilities: f7\u003cExtended_APIC_ID,Block_Fill,Move_CRC,DCA,Marker_Skipping,CRC,Page_Break\u003e\nioat14: \u003cSNB IOAT Ch6\u003e mem 0xfbf90000-0xfbf93fff irq 55 at device 4.6 numa-domain 1 on pci15\nioat14: Capabilities: f7\u003cExtended_APIC_ID,Block_Fill,Move_CRC,DCA,Marker_Skipping,CRC,Page_Break\u003e\nioat15: \u003cSNB IOAT Ch7\u003e mem 0xfbf80000-0xfbf83fff irq 63 at device 4.7 numa-domain 1 on pci15\nioat15: Capabilities: f7\u003cExtended_APIC_ID,Block_Fill,Move_CRC,DCA,Marker_Skipping,CRC,Page_Break\u003e"
}