{
 "id": 406834,
 "bug_id": 115679,
 "attachment_id": 0,
 "creation_time": "2007-08-21T12:20:07Z",
 "creator": "flo@degnet.de",
 "text": "kernel trap 12 with interrupts disabled\n\nFatal trap 12: page fault while in kernel mode\ncpuid = 0; apic id = 06\nfault virtual address\t= 0x104\nfault code\t\t= supervisor read, page not present\ninstruction pointer\t= 0x20:0xc066c731\nstack pointer\t\t= 0x28:0xe7f92c90\nframe pointer\t\t= 0x28:0xe7f92c9c\ncode segment\t\t= base 0x0, limit 0xfffff, type 0x1b\n\t\t\t= DPL 0, pres 1, def32 1, gran 1\nprocessor eflags\t= resume, IOPL = 0\ncurrent process\t\t= 5 (thread taskq)\ntrap number\t\t= 12\npanic: page fault\ncpuid = 0\nUptime: 30m16s\nCannot dump. No dump device defined.\naac0: shutting down controller...done\nAutomatic reboot in 15 seconds - press a key on the console to abort\nRebooting...\ncpu_reset: Stopping other CPUs\n[machine hangup on this line...]\n\nthe server machine dmesg after bootup:\nCopyright (c) 1992-2007 The FreeBSD Project.\nCopyright (c) 1979, 1980, 1983, 1986, 1988, 1989, 1991, 1992, 1993, 1994\n        The Regents of the University of California. All rights reserved.\nFreeBSD is a registered trademark of The FreeBSD Foundation.\nFreeBSD 6.2-RELEASE #0: Fri Jan 12 11:05:30 UTC 2007\n    root@dessler.cse.buffalo.edu:/usr/obj/usr/src/sys/SMP\nTimecounter \"i8254\" frequency 1193182 Hz quality 0\nCPU: Intel(R) Xeon(TM) CPU 3.06GHz (3066.79-MHz 686-class CPU)\n  Origin = \"GenuineIntel\"  Id = 0xf25  Stepping = 5\n  Features=0xbfebfbff\u003cFPU,VME,DE,PSE,TSC,MSR,PAE,MCE,CX8,APIC,SEP,MTRR,PGE,MCA,CMOV,PAT,PSE36,CLFLUSH,DTS,ACPI,MMX,FXSR,SSE,SSE2,SS,HTT,TM,PBE\u003e\n  Features2=0x4400\u003cCNTX-ID,\u003cb14\u003e\u003e\n  Logical CPUs per core: 2\nreal memory  = 4209967104 (4014 MB)\navail memory = 4122443776 (3931 MB)\nACPI APIC Table: \u003cPTLTD          APIC  \u003e\nFreeBSD/SMP: Multiprocessor System Detected: 4 CPUs\n cpu0 (BSP): APIC ID:  6\n cpu1 (AP): APIC ID:  0\n cpu2 (AP): APIC ID:  1\n cpu3 (AP): APIC ID:  7\nioapic0 \u003cVersion 1.1\u003e irqs 0-15 on motherboard\nioapic1 \u003cVersion 1.1\u003e irqs 16-31 on motherboard\nkbd1 at kbdmux0\nath_hal: 0.9.17.2 (AR5210, AR5211, AR5212, RF5111, RF5112, RF2413, RF5413)\nacpi0: \u003cPTLTD   RSDT\u003e on motherboard\nacpi0: Power Button (fixed)\nTimecounter \"ACPI-safe\" frequency 3579545 Hz quality 1000\nacpi_timer0: \u003c32-bit timer at 3.579545MHz\u003e port 0xf008-0xf00b on acpi0\ncpu0: \u003cACPI CPU\u003e on acpi0\ncpu1: \u003cACPI CPU\u003e on acpi0\ncpu2: \u003cACPI CPU\u003e on acpi0\ncpu3: \u003cACPI CPU\u003e on acpi0\nacpi_button0: \u003cPower Button\u003e on acpi0\npcib0: \u003cACPI Host-PCI bridge\u003e on acpi0\npci0: \u003cACPI PCI bus\u003e on pcib0\npci0: \u003cdisplay, VGA\u003e at device 4.0 (no driver attached)\natapci0: \u003cServerWorks CSB6 UDMA100 controller\u003e port 0x1f0-0x1f7,0x3f6,0x170-0x177,0x376,0x1400-0x140f at device 15.1 on pci0\nata0: \u003cATA channel 0\u003e on atapci0\nata1: \u003cATA channel 1\u003e on atapci0\nohci0: \u003cOHCI (generic) USB controller\u003e mem 0xfc021000-0xfc021fff irq 9 at device 15.2 on pci0\nohci0: [GIANT-LOCKED]\nusb0: OHCI version 1.0, legacy support\nusb0: SMM does not respond, resetting\nusb0: \u003cOHCI (generic) USB controller\u003e on ohci0\nusb0: USB revision 1.0\nuhub0: (0x1166) OHCI root hub, class 9/0, rev 1.00/1.00, addr 1\nuhub0: 4 ports with 4 removable, self powered\nisab0: \u003cPCI-ISA bridge\u003e at device 15.3 on pci0\nisa0: \u003cISA bus\u003e on isab0\npcib1: \u003cACPI Host-PCI bridge\u003e on acpi0\npci1: \u003cACPI PCI bus\u003e on pcib1\naac0: \u003cICP ICP9014RO SCSI RAID\u003e mem 0xfc400000-0xfc5fffff,0xfc308000-0xfc308fff irq 28 at device 8.0 on pci1\naac0: New comm. interface enabled\naac0: Adaptec Raid Controller 2.0.0-1\naacp0: \u003cSCSI Passthrough Bus\u003e on aac0\npcib2: \u003cACPI Host-PCI bridge\u003e on acpi0\npci2: \u003cACPI PCI bus\u003e on pcib2\nbge0: \u003cBroadcom BCM5704 A2, ASIC rev. 0x2002\u003e mem 0xfc810000-0xfc81ffff,0xfc800000-0xfc80ffff irq 18 at device 0.0 on pci2\nmiibus0: \u003cMII bus\u003e on bge0\nbrgphy0: \u003cBCM5704 10/100/1000baseTX PHY\u003e on miibus0\nbrgphy0:  10baseT, 10baseT-FDX, 100baseTX, 100baseTX-FDX, 1000baseTX, 1000baseTX-FDX, auto\nbge0: Ethernet address: 00:30:05:46:cd:c8\nbge1: \u003cBroadcom BCM5704 A2, ASIC rev. 0x2002\u003e mem 0xfc830000-0xfc83ffff,0xfc820000-0xfc82ffff irq 19 at device 0.1 on pci2\nmiibus1: \u003cMII bus\u003e on bge1\nbrgphy1: \u003cBCM5704 10/100/1000baseTX PHY\u003e on miibus1\nbrgphy1:  10baseT, 10baseT-FDX, 100baseTX, 100baseTX-FDX, 1000baseTX, 1000baseTX-FDX, auto\nbge1: Ethernet address: 00:30:05:46:cd:c9\npcib3: \u003cACPI Host-PCI bridge\u003e on acpi0\npci3: \u003cACPI PCI bus\u003e on pcib3\nahd0: \u003cAdaptec AIC7902 Ultra320 SCSI adapter\u003e port 0x1c00-0x1cff,0x1800-0x18ff mem 0xfcd00000-0xfcd01fff irq 26 at device 4.0 on pci3\nahd0: [GIANT-LOCKED]\naic7902: Ultra320 Wide Channel A, SCSI Id=7, PCI-X 101-133Mhz, 512 SCBs\nahd1: \u003cAdaptec AIC7902 Ultra320 SCSI adapter\u003e port 0x2400-0x24ff,0x2000-0x20ff mem 0xfcd02000-0xfcd03fff irq 27 at device 4.1 on pci3\nahd1: [GIANT-LOCKED]\naic7902: Ultra320 Wide Channel B, SCSI Id=7, PCI-X 101-133Mhz, 512 SCBs\npcib4: \u003cACPI Host-PCI bridge\u003e on acpi0\npci4: \u003cACPI PCI bus\u003e on pcib4\natkbdc0: \u003cKeyboard controller (i8042)\u003e port 0x60,0x64 irq 1 on acpi0\natkbd0: \u003cAT Keyboard\u003e irq 1 on atkbdc0\nkbd0 at atkbd0\natkbd0: [GIANT-LOCKED]\nfdc0: \u003cfloppy drive controller\u003e port 0x3f0-0x3f5,0x3f7 irq 6 drq 2 on acpi0\nfdc0: [FAST]\nfd0: \u003c1440-KB 3.5\" drive\u003e on fdc0 drive 0\nppc0: \u003cStandard parallel printer port\u003e port 0x378-0x37b irq 7 on acpi0\nppc0: Generic chipset (EPP/NIBBLE) in COMPATIBLE mode\nppbus0: \u003cParallel port bus\u003e on ppc0\nplip0: \u003cPLIP network interface\u003e on ppbus0\nlpt0: \u003cPrinter\u003e on ppbus0\nlpt0: Interrupt-driven port\nppi0: \u003cParallel I/O\u003e on ppbus0\nsio0: \u003c16550A-compatible COM port\u003e port 0x2f8-0x2ff irq 3 flags 0x10 on acpi0\nsio0: type 16550A\nsio1: \u003c16550A-compatible COM port\u003e port 0x3f8-0x3ff irq 4 on acpi0\nsio1: type 16550A\npmtimer0 on isa0\norm0: \u003cISA Option ROMs\u003e at iomem 0xc0000-0xc8fff,0xc9000-0xcdfff on isa0\nsc0: \u003cSystem console\u003e at flags 0x100 on isa0\nsc0: VGA \u003c16 virtual consoles, flags=0x300\u003e\nvga0: \u003cGeneric ISA VGA\u003e at port 0x3c0-0x3df iomem 0xa0000-0xbffff on isa0\nTimecounters tick every 1.000 msec\nacd0: CDROM \u003cSR244W/T02A\u003e at ata1-master UDMA33\nWaiting 5 seconds for SCSI devices to settle\naacd0: \u003cRAID 1 (Mirror)\u003e on aac0\naacd0: 34889MB (71452672 sectors)\nses0 at aacp0 bus 0 target 8 lun 0\nses0: \u003cSDR GEM318 0\u003e Fixed unknown SCSI-2 device\nses0: 3.300MB/s transfers\nses0: SAF-TE Compliant Device\npass0 at aacp0 bus 0 target 0 lun 0\npass0: \u003cFUJITSU MAP3367NC 5207\u003e Fixed unknown SCSI-3 device\npass0: 3.300MB/s transfers\npass1 at aacp0 bus 0 target 2 lun 0\npass1: \u003cFUJITSU MAP3367NC 5207\u003e Fixed unknown SCSI-3 device\npass1: 3.300MB/s transfers\nSMP: AP CPU #2 Launched!\nSMP: AP CPU #3 Launched!\nSMP: AP CPU #1 Launched!\nTrying to mount root from ufs:/dev/aacd0s1a\nWARNING: /home was not properly dismounted\nWARNING: /tmp was not properly dismounted\nWARNING: /usr was not properly dismounted\nWARNING: /var was not properly dismounted"
}