{
 "id": 969457,
 "bug_id": 224841,
 "attachment_id": 0,
 "creation_time": "2018-01-03T21:59:28Z",
 "creator": "gromero@br.ibm.com",
 "text": "Hi, \n\nBoot on POWER8 also got stuck after:\n\n\"Trying to mount root from ufs:/dev/da0s2a [rw]...\"\n\nEnabling rc.d debug option did not show anything more, so probably it got stuck on kernelspace.\n\nReverting commit 9e4c7607a7c39325daea1d92ade15787adad72b2 ('Enhance the CHRP/pSeries platform layer') solves the issue and POWER8 boot works fine.\n\nApplying Breno's draft did not solved the issue.\n\nI'm wondering if mapping between new contiguous cpu ID's and '{pc,cr}_hwref' are correct since previously 'dev' was a very high number: \n\ncpu0: dev=7e72a3a0 (BSP)\ncpu8: dev=7e72ac20\ncpu16: dev=7e72b4a0\ncpu24: dev=7e72bd20\ncpu32: dev=7e72c5a0\ncpu40: dev=7e72ce20\ncpu48: dev=7e72d6a0\ncpu56: dev=7e72df20\n\nand now:\n\ncpu0: dev=0 (BSP)\ncpu1: dev=8\ncpu2: dev=10\ncpu3: dev=18\ncpu4: dev=20\ncpu5: dev=28\ncpu6: dev=30\ncpu7: dev=38\n\nFor the records, here is the full boot log that halts after \"Trying to mount...\":\n\n\u003e\u003e FreeBSD/powerpc Open Firmware boot block\n   Boot path:   /vdevice/v-scsi@2000/disk@8000000000000000\n   Boot loader: /boot/loader\n   Boot volume:   /vdevice/v-scsi@2000/disk@8000000000000000:2\nConsoles: Open Firmware console  \n\nFreeBSD/powerpc64 Open Firmware loader, Revision 0.1\n(Wed Jan  3 14:26:49 -02 2018 root@gromero31)\nMemory: 8388608KB\nBooted from: /vdevice/v-scsi@2000/disk@8000000000000000\n\nLoading /boot/defaults/loader.conf\n/boot/kernel/kernel data=0xf1d038+0x4a6a08 syms=[0x8+0x155a78+0x8+0x154aac]\n/boot/entropy size=0x1000\n\nHit [Enter] to boot immediately, or any other key for command prompt.\nBooting [/boot/kernel/kernel]...               \nKernel entry at 0x102620 ...\nKDB: debugger backends: ddb\nKDB: current backend: ddb\nCopyright (c) 1992-2017 The FreeBSD Project.\nCopyright (c) 1979, 1980, 1983, 1986, 1988, 1989, 1991, 1992, 1993, 1994\n\tThe Regents of the University of California. All rights reserved.\nFreeBSD is a registered trademark of The FreeBSD Foundation.\nFreeBSD 12.0-CURRENT #3 9e4c7607a7c(HEAD): Wed Jan  3 17:21:09 -02 2018\n    root@gromero31:/usr/obj/root/git/freebsd/powerpc.powerpc64/sys/GENERIC64 powerpc\ngcc version 4.2.1 20070831 patched [FreeBSD]\nWARNING: WITNESS option enabled, expect reduced performance.\nVT: init without driver.\ncpu0: IBM POWER8E revision 2.1, 3425.00 MHz\ncpu0: Features dc005180\u003cPPC32,PPC64,ALTIVEC,FPU,MMU,SMT,ARCH205,ARCH206,VSX\u003e\ncpu0: Features2 ca000000\u003cARCH207,HTM,ISEL,VCRYPTO\u003e\nreal memory  = 8552837120 (8156 MB)\navail memory = 8264536064 (7881 MB)\nFreeBSD/SMP: Multiprocessor System Detected: 8 CPUs\nrandom: unblocking device.\nrandom: entropy device external interface\nkbd0 at kbdmux0\nofwbus0: \u003cOpen Firmware Device Tree\u003e on nexus0\nxicp0: \u003cPAPR virtual interrupt controller\u003e on ofwbus0\nrtas0: \u003cRun-Time Abstraction Services\u003e on ofwbus0\nrtas0: registered as a time-of-day clock, resolution 0.002000s\ncpulist0: \u003cOpen Firmware CPU Group\u003e on ofwbus0\npcib0: \u003cRTAS Host-PCI bridge\u003e on ofwbus0\npci0: \u003cPOWER Hypervisor PCI bus\u003e on pcib0\npcib1: \u003cOFW PCI-PCI bridge\u003e mem 0x90100000-0x901000ff irq 4099 at device 1.0 on pci0\npci1: \u003cPOWER Hypervisor PCI bus\u003e on pcib1\npci0: \u003cserial bus, USB\u003e at device 2.0 (no driver attached)\npci0: \u003cold\u003e at device 4.0 (no driver attached)\nvdevice0: \u003cPOWER Hypervisor Virtual Device Root\u003e on ofwbus0\nllan0: \u003cPOWER Hypervisor Virtual Ethernet\u003e irq 16781320 on vdevice0\nllan0: Ethernet address: 00:1f:36:04:00:00\nvscsi0: \u003cPOWER Hypervisor Virtual SCSI Bus\u003e irq 16781319 on vdevice0\nvscsi0: Queue depth 22 commands\nuart0: \u003cPOWER Hypervisor Virtual Serial Port\u003e irq 16781321 on vdevice0\nTimecounter \"timebase\" frequency 512000000 Hz quality 0\nEvent timer \"decrementer\" frequency 512000000 Hz quality 1000\nTimecounters tick every 1.000 msec\nllan0: link state changed to UP\nusb_needs_explore_all: no devclass\ncd0 at vscsi0 bus 0 scbus0 target 0 lun 1\ncd0: \u003cQEMU QEMU CD-ROM 2.5+\u003e Removable CD-ROM SPC-3 SCSI device\ncd0: 150.000MB/s transfers\ncd0: 878MB (449960 2048 byte sectors)\nda0 at vscsi0 bus 0 scbus0 target 0 lun 0\nda0: \u003cQEMU QEMU HARDDISK 2.5+\u003e Fixed Direct Access SPC-3 SCSI device\nda0: 150.000MB/s transfers\nda0: 153600MB (314572800 512 byte sectors)\nSMP: AP CPU #4 launched\nSMP: AP CPU #7 launched\nSMP: AP CPU #1 launched\nSMP: AP CPU #2 launched\nSMP: AP CPU #3 launched\nSMP: AP CPU #6 launched\nSMP: AP CPU #5 launched\nWARNING: WITNESS option enabled, expect reduced performance.\nTrying to mount root from ufs:/dev/da0s2a [rw]..."
}