{
 "id": 730905,
 "bug_id": 182141,
 "attachment_id": 0,
 "creation_time": "2013-09-18T10:39:35Z",
 "creator": "berend@pobox.com",
 "text": "As requested by freebsdhelp: revision updated to is latest (retrieved\r\nusing cvsup): default release=cvs tag=RELENG_9\r\n\r\n/var/run/dmesg.boot:\r\n\r\nfxp0: Ethernet address: 00:90:27:17:93:5d\r\nfwohci0: \u003cTexas Instruments TSB43AB22/A\u003e mem\r\n0xe3344000-0xe33447ff,0xe3340000-0xe3343fff irq 19 at device 3.0 on pci7\r\nfwohci0: OHCI version 1.10 (ROM=0)\r\nfwohci0: No. of Isochronous channels is 4.\r\nfwohci0: EUI64 00:90:27:00:01:df:6e:98\r\nfwohci0: Phy 1394a available S400, 2 ports.\r\nfwohci0: Link S400, max_rec 2048 bytes.\r\nfirewire0: \u003cIEEE1394(FireWire) bus\u003e on fwohci0\r\nfwe0: \u003cEthernet over FireWire\u003e on firewire0\r\nif_fwe0: Fake Ethernet address: 02:90:27:df:6e:98\r\nfwe0: Ethernet address: 02:90:27:df:6e:98\r\nfwip0: \u003cIP over FireWire\u003e on firewire0\r\nfwip0: Firewire address: 00:90:27:00:01:df:6e:98 @ 0xfffe00000000, S400,\r\nmaxrec 2048\r\ndcons_crom0: \u003cdcons configuration ROM\u003e on firewire0\r\ndcons_crom0: bus_addr 0x145c000\r\nfwohci0: Initiate bus reset\r\nfwohci0: fwohci_intr_core: BUS reset\r\nfwohci0: fwohci_intr_core: node_id=0x00000000, SelfID Count=1,\r\nCYCLEMASTER mode\r\nisab0: \u003cPCI-ISA bridge\u003e at device 31.0 on pci0\r\nisa0: \u003cISA bus\u003e on isab0\r\nahci0: \u003cIntel ICH8 AHCI SATA controller\u003e port\r\n0x5408-0x540f,0x5414-0x5417,0x5400-0x5407,0x5410-0x5413,0x5020-0x503f\r\nmem 0xe3525000-0xe35257ff irq 19 at device 31.2 on pci0\r\nahci0: AHCI v1.10 with 4 3Gbps ports, Port Multiplier not supported\r\nahcich0: \u003cAHCI channel\u003e at channel 0 on ahci0\r\nahcich1: \u003cAHCI channel\u003e at channel 1 on ahci0\r\nahcich4: \u003cAHCI channel\u003e at channel 4 on ahci0\r\nahcich5: \u003cAHCI channel\u003e at channel 5 on ahci0\r\npci0: \u003cserial bus, SMBus\u003e at device 31.3 (no driver attached)\r\nppc0: \u003cParallel port\u003e port 0x378-0x37f,0x778-0x77f irq 7 on acpi0\r\nppc0: Generic chipset (ECP/PS2/NIBBLE) in COMPATIBLE mode\r\nppc0: FIFO with 16/16/8 bytes threshold\r\nppbus0: \u003cParallel port bus\u003e on ppc0\r\nplip0: \u003cPLIP network interface\u003e on ppbus0\r\nlpt0: \u003cPrinter\u003e on ppbus0\r\nlpt0: Interrupt-driven port\r\nppi0: \u003cParallel I/O\u003e on ppbus0\r\natkbdc0: \u003cKeyboard controller (i8042)\u003e port 0x60,0x64 irq 1 on acpi0\r\natkbd0: \u003cAT Keyboard\u003e irq 1 on atkbdc0\r\nkbd0 at atkbd0\r\natkbd0: [GIANT-LOCKED]\r\nuart0: \u003c16550 or compatible\u003e port 0x3f8-0x3ff irq 4 flags 0x10 on acpi0\r\npmtimer0 on isa0\r\norm0: \u003cISA Option ROMs\u003e at iomem 0xcf800-0xd07ff,0xd0800-0xd0fff pnpid\r\nORM0000 on isa0\r\nsc0: \u003cSystem console\u003e at flags 0x100 on isa0\r\nsc0: VGA \u003c16 virtual consoles, flags=0x300\u003e\r\nvga0: \u003cGeneric ISA VGA\u003e at port 0x3c0-0x3df iomem 0xa0000-0xbffff on isa0\r\nata0: \u003cATA channel\u003e at port 0x1f0-0x1f7,0x3f6 irq 14 on isa0\r\nata1: \u003cATA channel\u003e at port 0x170-0x177,0x376 irq 15 on isa0\r\nest0: \u003cEnhanced SpeedStep Frequency Control\u003e on cpu0\r\np4tcc0: \u003cCPU Frequency Thermal Control\u003e on cpu0\r\nest1: \u003cEnhanced SpeedStep Frequency Control\u003e on cpu1\r\np4tcc1: \u003cCPU Frequency Thermal Control\u003e on cpu1\r\nfirewire0: 1 nodes, maxhop \u003c= 0 cable IRM irm(0)  (me)\r\nfirewire0: bus manager 0\r\nTimecounters tick every 1.000 msec\r\nhdacc0: \u003cSigmatel STAC9227X HDA CODEC\u003e at cad 2 on hdac0\r\nhdaa0: \u003cSigmatel STAC9227X Audio Function Group\u003e at nid 1 on hdacc0\r\npcm0: \u003cSigmatel STAC9227X (Analog 5.1+HP/2.0)\u003e at nid 13,15,14,10 and 11\r\non hdaa0\r\nusbus0: 12Mbps Full Speed USB v1.0\r\nusbus1: 12Mbps Full Speed USB v1.0\r\nusbus2: 480Mbps High Speed USB v2.0\r\nusbus3: 12Mbps Full Speed USB v1.0\r\nusbus4: 12Mbps Full Speed USB v1.0\r\nusbus5: 12Mbps Full Speed USB v1.0\r\nusbus6: 480Mbps High Speed USB v2.0\r\nugen0.1: \u003cIntel\u003e at usbus0\r\nuhub0: \u003cIntel UHCI root HUB, class 9/0, rev 1.00/1.00, addr 1\u003e on usbus0\r\nugen1.1: \u003cIntel\u003e at usbus1\r\nuhub1: \u003cIntel UHCI root HUB, class 9/0, rev 1.00/1.00, addr 1\u003e on usbus1\r\nugen2.1: \u003cIntel\u003e at usbus2\r\nuhub2: \u003cIntel EHCI root HUB, class 9/0, rev 2.00/1.00, addr 1\u003e on usbus2\r\nugen3.1: \u003cIntel\u003e at usbus3\r\nuhub3: \u003cIntel UHCI root HUB, class 9/0, rev 1.00/1.00, addr 1\u003e on usbus3\r\nugen4.1: \u003cIntel\u003e at usbus4\r\nuhub4: \u003cIntel UHCI root HUB, class 9/0, rev 1.00/1.00, addr 1\u003e on usbus4\r\nugen5.1: \u003cIntel\u003e at usbus5\r\nuhub5: \u003cIntel UHCI root HUB, class 9/0, rev 1.00/1.00, addr 1\u003e on usbus5\r\nugen6.1: \u003cIntel\u003e at usbus6\r\nuhub6: \u003cIntel EHCI root HUB, class 9/0, rev 2.00/1.00, addr 1\u003e on usbus6\r\nuhub0: 2 ports with 2 removable, self powered\r\nuhub1: 2 ports with 2 removable, self powered\r\nuhub3: 2 ports with 2 removable, self powered\r\nuhub4: 2 ports with 2 removable, self powered\r\nuhub5: 2 ports with 2 removable, self powered\r\nuhub2: 4 ports with 4 removable, self powered\r\nuhub6: 6 ports with 6 removable, self powered\r\nugen2.2: \u003cHewlett-Packard\u003e at usbus2\r\nulpt0: \u003cPrinter\u003e on usbus2\r\nulpt0: using bi-directional mode\r\nugen3.2: \u003cvendor 0x0001\u003e at usbus3\r\nuhid0: \u003cvendor 0x0001 product 0x0000, class 0/0, rev 1.00/1.00, addr 2\u003e\r\non usbus3\r\nugen2.3: \u003cSunplus Technology Inc.\u003e at usbus2\r\numass0: \u003cBulk Only Interface\u003e on usbus2\r\numass0:  SCSI over Bulk-Only; quirks = 0x4101\r\numass0:10:0:-1: Attached to scbus10\r\nsa0 at ahc1 bus 0 scbus2 target 6 lun 0\r\nsa0: \u003cSEAGATE DAT    9SP40-000 910B\u003e Removable Sequential Access SCSI-3\r\ndevice\r\nsa0: 40.000MB/s transfers (20.000MHz, offset 8, 16bit)\r\nada0 at ata2 bus 0 scbus0 target 0 lun 0\r\nada0: \u003cST3160815A 3.AAD\u003e ATA-7 device\r\nada0: 100.000MB/s transfers (UDMA5, PIO 8192bytes)\r\nada0: 152627MB (312581808 512 byte sectors: 16H 63S/T 16383C)\r\nada0: Previously was known as ad4\r\ncd0 at ata2 bus 0 scbus0 target 1 lun 0\r\ncd0: \u003cOptiarc DVD RW AD-7170A 1.85\u003e Removable CD-ROM SCSI-0 device\r\ncd0: 33.300MB/s transfers (UDMA2, ATAPI 12bytes, PIO 65534bytes)\r\ncd0: cd present [292819 x 2048 byte records]\r\nda0 at umass-sim0 bus 0 scbus10 target 0 lun 0\r\nda0: \u003cHitachi HTS721010G9SA00 \u003e Fixed Direct Access SCSI-2 device\r\nda0: 40.000MB/s transfers\r\nda0: 95396MB (195371568 512 byte sectors: 255H 63S/T 12161C)\r\nada1 at ahcich0 bus 0 scbus3 target 0 lun 0\r\nada1: \u003cST500DM002-1BD142 KC44\u003e ATA-8 SATA 3.x device\r\nada1: 300.000MB/s transfers (SATA 2.x, UDMA6, PIO 8192bytes)\r\nada1: Command Queueing enabled\r\nada1: 476940MB (976773168 512 byte sectors: 16H 63S/T 16383C)\r\nada1: Previously was known as ad6\r\nSMP: AP CPU #1 Launched!\r\nTimecounter \"TSC-low\" frequency 15609752 Hz quality 1000\r\n(cd0:ata2:0:1:0): READ(10). CDB: 28 0 0 4 77 d2 0 0 1 0\r\n(cd0:ata2:0:1:0): CAM status: SCSI Status Error\r\n(cd0:ata2:0:1:0): SCSI status: Check Condition\r\n(cd0:ata2:0:1:0): SCSI sense: ILLEGAL REQUEST asc:64,0 (Illegal mode for\r\nthis track)\r\n(cd0:ata2:0:1:0): Info: 0x477d2\r\n(cd0:ata2:0:1:0): Error 6, Unretryable error\r\n(cd0:ata2:0:1:0): cddone: got error 0x6 back\r\n(cd0:ata2:0:1:0): READ(10). CDB: 28 0 0 4 77 d2 0 0 1 0\r\n(cd0:ata2:0:1:0): CAM status: SCSI Status Error\r\n(cd0:ata2:0:1:0): SCSI status: Check Condition\r\n(cd0:ata2:0:1:0): SCSI sense: ILLEGAL REQUEST asc:64,0 (Illegal mode for\r\nthis track)\r\n(cd0:ata2:0:1:0): Info: 0x477d2\r\n(cd0:ata2:0:1:0): Error 6, Unretryable error\r\n(cd0:ata2:0:1:0): cddone: got error 0x6 back\r\n(cd0:ata2:0:1:0): READ(10). CDB: 28 0 0 4 77 d2 0 0 1 0\r\n(cd0:ata2:0:1:0): CAM status: SCSI Status Error\r\n(cd0:ata2:0:1:0): SCSI status: Check Condition\r\n(cd0:ata2:0:1:0): SCSI sense: ILLEGAL REQUEST asc:64,0 (Illegal mode for\r\nthis track)\r\n(cd0:ata2:0:1:0): Info: 0x477d2\r\n(cd0:ata2:0:1:0): Error 6, Unretryable error\r\n(cd0:ata2:0:1:0): cddone: got error 0x6 back\r\n(cd0:ata2:0:1:0): READ(10). CDB: 28 0 0 4 77 d2 0 0 1 0\r\n(cd0:ata2:0:1:0): CAM status: SCSI Status Error\r\n(cd0:ata2:0:1:0): SCSI status: Check Condition\r\n(cd0:ata2:0:1:0): SCSI sense: ILLEGAL REQUEST asc:64,0 (Illegal mode for\r\nthis track)\r\n(cd0:ata2:0:1:0): Info: 0x477d2\r\n(cd0:ata2:0:1:0): Error 6, Unretryable error\r\n(cd0:ata2:0:1:0): cddone: got error 0x6 back\r\n(cd0:ata2:0:1:0): READ(10). CDB: 28 0 0 4 77 d2 0 0 1 0\r\n(cd0:ata2:0:1:0): CAM status: SCSI Status Error\r\n(cd0:ata2:0:1:0): SCSI status: Check Condition\r\n(cd0:ata2:0:1:0): SCSI sense: ILLEGAL REQUEST asc:64,0 (Illegal mode for\r\nthis track)\r\n(cd0:ata2:0:1:0): Info: 0x477d2\r\n(cd0:ata2:0:1:0): Error 6, Unretryable error\r\n(cd0:ata2:0:1:0): cddone: got error 0x6 back\r\n(cd0:ata2:0:1:0): READ(10). CDB: 28 0 0 4 77 d2 0 0 1 0\r\n(cd0:ata2:0:1:0): CAM status: SCSI Status Error\r\n(cd0:ata2:0:1:0): SCSI status: Check Condition\r\n(cd0:ata2:0:1:0): SCSI sense: ILLEGAL REQUEST asc:64,0 (Illegal mode for\r\nthis track)\r\n(cd0:ata2:0:1:0): Info: 0x477d2\r\n(cd0:ata2:0:1:0): Error 6, Unretryable error\r\n(cd0:ata2:0:1:0): cddone: got error 0x6 back\r\n(cd0:ata2:0:1:0): READ(10). CDB: 28 0 0 4 77 d2 0 0 1 0\r\n(cd0:ata2:0:1:0): CAM status: SCSI Status Error\r\n(cd0:ata2:0:1:0): SCSI status: Check Condition\r\n(cd0:ata2:0:1:0): SCSI sense: ILLEGAL REQUEST asc:64,0 (Illegal mode for\r\nthis track)\r\n(cd0:ata2:0:1:0): Info: 0x477d2\r\n(cd0:ata2:0:1:0): Error 6, Unretryable error\r\n(cd0:ata2:0:1:0): cddone: got error 0x6 back\r\nTrying to mount root from cd9660:/dev/iso9660/FREEBSD_INSTALL [ro]...\r\nWARNING: / was not properly dismounted\r\nWaiting (max 60 seconds) for system process `vnlru' to stop...done\r\nWaiting (max 60 seconds) for system process `bufdaemon' to stop...done\r\nWaiting (max 60 seconds) for system process `syncer' to stop...\r\nSyncing disks, vnodes remaining...0 done\r\nAll buffers synced.\r\nUptime: 13m53s\r\nusbus0: Controller shutdown\r\nuhub0: at usbus0, port 1, addr 1 (disconnected)\r\nusbus0: Controller shutdown complete\r\nusbus1: Controller shutdown\r\nuhub1: at usbus1, port 1, addr 1 (disconnected)\r\nusbus1: Controller shutdown complete\r\nusbus2: Controller shutdown\r\nuhub2: at usbus2, port 1, addr 1 (disconnected)\r\nugen2.2: \u003cHewlett-Packard\u003e at usbus2 (disconnected)\r\nulpt0: at uhub2, port 3, addr 2 (disconnected)\r\nugen2.3: \u003cSunplus Technology Inc.\u003e at usbus2 (disconnected)\r\numass0: at uhub2, port 4, addr 3 (disconnected)\r\n(da0:umass-sim0:0:0:0): lost device - 0 outstanding, 1 refs\r\n(pass4:(da0:umass-sim0:0:umass-sim0:0:0:0:0): passdevgonecb: devfs entry\r\nis gone\r\n0): removing device entry\r\nusbus2: Controller shutdown complete\r\nusbus3: Controller shutdown\r\nuhub3: at usbus3, port 1, addr 1 (disconnected)\r\nugen3.2: \u003cvendor 0x0001\u003e at usbus3 (disconnected)\r\nuhid0: at uhub3, port 2, addr 2 (disconnected)\r\nusbus3: Controller shutdown complete\r\nusbus4: Controller shutdown\r\nuhub4: at usbus4, port 1, addr 1 (disconnected)\r\nusbus4: Controller shutdown complete\r\nusbus5: Controller shutdown\r\nuhub5: at usbus5, port 1, addr 1 (disconnected)\r\nusbus5: Controller shutdown complete\r\nusbus6: Controller shutdown\r\nuhub6: at usbus6, port 1, addr 1 (disconnected)\r\nusbus6: Controller shutdown complete\r\nRebooting...\r\ncpu_reset: Stopping other CPUs\r\nCopyright (c) 1992-2013 The FreeBSD Project.\r\nCopyright (c) 1979, 1980, 1983, 1986, 1988, 1989, 1991, 1992, 1993, 1994\r\n\tThe Regents of the University of California. All rights reserved.\r\nFreeBSD is a registered trademark of The FreeBSD Foundation.\r\nFreeBSD 9.2-PRERELEASE #26: Wed Sep 18 11:37:44 NZST 2013\r\n    root@bmach.nederware.nl:/usr/obj/usr/src/sys/BMACH i386\r\ngcc version 4.2.1 20070831 patched [FreeBSD]\r\nlink_elf: symbol ata_controlcmd undefined\r\nKLD file atapicam.ko - could not finalize loading\r\nCPU: Intel(R) Core(TM)2 CPU          4400  @ 2.00GHz (1998.04-MHz\r\n686-class CPU)\r\n  Origin = \"GenuineIntel\"  Id = 0x6f2  Family = 0x6  Model = 0xf\r\nStepping = 2\r\n\r\nFeatures=0xbfebfbff\u003cFPU,VME,DE,PSE,TSC,MSR,PAE,MCE,CX8,APIC,SEP,MTRR,PGE,MCA,CMOV,PAT,PSE36,CLFLUSH,DTS,ACPI,MMX,FXSR,SSE,SSE2,SS,HTT,TM,PBE\u003e\r\n  Features2=0xe39d\u003cSSE3,DTES64,MON,DS_CPL,EST,TM2,SSSE3,CX16,xTPR,PDCM\u003e\r\n  AMD Features=0x20100000\u003cNX,LM\u003e\r\n  AMD Features2=0x1\u003cLAHF\u003e\r\n  TSC: P-state invariant, performance statistics\r\nreal memory  = 4294967296 (4096 MB)\r\navail memory = 3399114752 (3241 MB)\r\nEvent timer \"LAPIC\" quality 400\r\nACPI APIC Table: \u003cINTEL  DP965LT \u003e\r\nFreeBSD/SMP: Multiprocessor System Detected: 2 CPUs\r\nFreeBSD/SMP: 1 package(s) x 2 core(s)\r\n cpu0 (BSP): APIC ID:  0\r\n cpu1 (AP): APIC ID:  1\r\nioapic0: Changing APIC ID to 2\r\nioapic0 \u003cVersion 2.0\u003e irqs 0-23 on motherboard\r\nkbd1 at kbdmux0\r\ncryptosoft0: \u003csoftware crypto\u003e on motherboard\r\nacpi0: \u003cINTEL DP965LT\u003e on motherboard\r\nacpi0: Power Button (fixed)\r\ncpu0: \u003cACPI CPU\u003e on acpi0\r\ncpu1: \u003cACPI CPU\u003e on acpi0\r\natrtc0: \u003cAT realtime clock\u003e port 0x70-0x71,0x74-0x77 irq 8 on acpi0\r\nEvent timer \"RTC\" frequency 32768 Hz quality 0\r\nattimer0: \u003cAT timer\u003e port 0x40-0x43,0x50-0x53 irq 0 on acpi0\r\nTimecounter \"i8254\" frequency 1193182 Hz quality 0\r\nEvent timer \"i8254\" frequency 1193182 Hz quality 100\r\nhpet0: \u003cHigh Precision Event Timer\u003e iomem 0xfed00000-0xfed03fff on acpi0\r\nTimecounter \"HPET\" frequency 14318180 Hz quality 950\r\nEvent timer \"HPET\" frequency 14318180 Hz quality 450\r\nEvent timer \"HPET1\" frequency 14318180 Hz quality 440\r\nEvent timer \"HPET2\" frequency 14318180 Hz quality 440\r\nTimecounter \"ACPI-fast\" frequency 3579545 Hz quality 900\r\nacpi_timer0: \u003c24-bit timer at 3.579545MHz\u003e port 0x408-0x40b on acpi0\r\nacpi_button0: \u003cSleep Button\u003e on acpi0\r\npcib0: \u003cACPI Host-PCI bridge\u003e port 0xcf8-0xcff on acpi0\r\npci0: \u003cACPI PCI bus\u003e on pcib0\r\npcib1: \u003cACPI PCI-PCI bridge\u003e at device 1.0 on pci0\r\npci1: \u003cACPI PCI bus\u003e on pcib1\r\nvgapci0: \u003cVGA-compatible display\u003e port 0x4000-0x407f mem\r\n0xe2000000-0xe2ffffff,0xd0000000-0xdfffffff,0xe0000000-0xe1ffffff irq 16\r\nat device 0.0 on pci1\r\npci0: \u003csimple comms\u003e at device 3.0 (no driver attached)\r\nem0: \u003cIntel(R) PRO/1000 Network Connection 7.3.8\u003e port 0x50e0-0x50ff mem\r\n0xe3500000-0xe351ffff,0xe3524000-0xe3524fff irq 20 at device 25.0 on pci0\r\nem0: Using an MSI interrupt\r\nem0: Ethernet address: 00:19:d1:e8:c7:b3\r\nuhci0: \u003cIntel 82801H (ICH8) USB controller USB-D\u003e port 0x50c0-0x50df irq\r\n16 at device 26.0 on pci0\r\nuhci0: LegSup = 0x2f00\r\nusbus0 on uhci0\r\nuhci1: \u003cIntel 82801H (ICH8) USB controller USB-E\u003e port 0x50a0-0x50bf irq\r\n21 at device 26.1 on pci0\r\nuhci1: LegSup = 0x2f00\r\nusbus1 on uhci1\r\nehci0: \u003cIntel 82801H (ICH8) USB 2.0 controller USB2-B\u003e mem\r\n0xe3525c00-0xe3525fff irq 18 at device 26.7 on pci0\r\nusbus2: EHCI version 1.0\r\nusbus2 on ehci0\r\nhdac0: \u003cIntel 82801H HDA Controller\u003e mem 0xe3520000-0xe3523fff irq 22 at\r\ndevice 27.0 on pci0\r\npcib2: \u003cACPI PCI-PCI bridge\u003e at device 28.0 on pci0\r\npci2: \u003cACPI PCI bus\u003e on pcib2\r\npcib3: \u003cACPI PCI-PCI bridge\u003e at device 28.1 on pci0\r\npci3: \u003cACPI PCI bus\u003e on pcib3\r\natapci0: \u003cMarvell 88SE6101 UDMA133 controller\u003e port\r\n0x3018-0x301f,0x3024-0x3027,0x3010-0x3017,0x3020-0x3023,0x3000-0x300f\r\nmem 0xe3400000-0xe34001ff irq 17 at device 0.0 on pci3\r\nata2: \u003cATA channel\u003e at channel 0 on atapci0\r\npcib4: \u003cACPI PCI-PCI bridge\u003e at device 28.2 on pci0\r\npci4: \u003cACPI PCI bus\u003e on pcib4\r\npcib5: \u003cACPI PCI-PCI bridge\u003e at device 28.3 on pci0\r\npci5: \u003cACPI PCI bus\u003e on pcib5\r\npcib6: \u003cACPI PCI-PCI bridge\u003e at device 28.4 on pci0\r\npci6: \u003cACPI PCI bus\u003e on pcib6\r\nuhci2: \u003cIntel 82801H (ICH8) USB controller USB-A\u003e port 0x5080-0x509f irq\r\n23 at device 29.0 on pci0\r\nuhci2: LegSup = 0x2f00\r\nusbus3 on uhci2\r\nuhci3: \u003cIntel 82801H (ICH8) USB controller USB-B\u003e port 0x5060-0x507f irq\r\n19 at device 29.1 on pci0\r\nuhci3: LegSup = 0x2f00\r\nusbus4 on uhci3\r\nuhci4: \u003cIntel 82801H (ICH8) USB controller USB-C\u003e port 0x5040-0x505f irq\r\n18 at device 29.2 on pci0\r\nuhci4: LegSup = 0x2f00\r\nusbus5 on uhci4\r\nehci1: \u003cIntel 82801H (ICH8) USB 2.0 controller USB2-A\u003e mem\r\n0xe3525800-0xe3525bff irq 23 at device 29.7 on pci0\r\nusbus6: EHCI version 1.0\r\nusbus6 on ehci1\r\npcib7: \u003cACPI PCI-PCI bridge\u003e at device 30.0 on pci0\r\npci7: \u003cACPI PCI bus\u003e on pcib7\r\nem1: \u003cIntel(R) PRO/1000 Legacy Network Connection 1.0.6\u003e port\r\n0x2000-0x203f mem 0xe3320000-0xe333ffff,0xe3300000-0xe331ffff irq 21 at\r\ndevice 0.0 on pci7\r\nem1: Ethernet address: 00:1b:21:51:e1:e0\r\npcib8: \u003cPCI-PCI bridge\u003e at device 1.0 on pci7\r\npci8: \u003cPCI bus\u003e on pcib8\r\nahc0: \u003cAdaptec 3940 Ultra SCSI adapter\u003e port 0x1400-0x14ff mem\r\n0xe3201000-0xe3201fff irq 22 at device 4.0 on pci8\r\naic7880: Ultra Wide Channel A, SCSI Id=7, 16/253 SCBs\r\nahc1: \u003cAdaptec 3940 Ultra SCSI adapter\u003e port 0x1000-0x10ff mem\r\n0xe3200000-0xe3200fff irq 21 at device 5.0 on pci8\r\naic7880: Ultra Wide Channel B, SCSI Id=0, 16/253 SCBs\r\nfxp0: \u003cIntel 82558 Pro/100 Ethernet\u003e port 0x2040-0x205f mem\r\n0xe3000000-0xe3000fff,0xe3100000-0xe31fffff irq 18 at device 2.0 on pci7\r\nmiibus0: \u003cMII bus\u003e on fxp0\r\ninphy0: \u003ci82555 10/100 media interface\u003e PHY 1 on miibus0\r\ninphy0:  10baseT, 10baseT-FDX, 100baseTX, 100baseTX-FDX, auto, auto-flow\r\nfxp0: Ethernet address: 00:90:27:17:93:5d\r\npci7: \u003cserial bus, FireWire\u003e at device 3.0 (no driver attached)\r\nisab0: \u003cPCI-ISA bridge\u003e at device 31.0 on pci0\r\nisa0: \u003cISA bus\u003e on isab0\r\nahci0: \u003cIntel ICH8 AHCI SATA controller\u003e port\r\n0x5408-0x540f,0x5414-0x5417,0x5400-0x5407,0x5410-0x5413,0x5020-0x503f\r\nmem 0xe3525000-0xe35257ff irq 19 at device 31.2 on pci0\r\nahci0: AHCI v1.10 with 4 3Gbps ports, Port Multiplier not supported\r\nahcich0: \u003cAHCI channel\u003e at channel 0 on ahci0\r\nahcich1: \u003cAHCI channel\u003e at channel 1 on ahci0\r\nahcich4: \u003cAHCI channel\u003e at channel 4 on ahci0\r\nahcich5: \u003cAHCI channel\u003e at channel 5 on ahci0\r\npci0: \u003cserial bus, SMBus\u003e at device 31.3 (no driver attached)\r\nppc0: \u003cParallel port\u003e port 0x378-0x37f,0x778-0x77f irq 7 on acpi0\r\nppc0: Generic chipset (ECP/PS2/NIBBLE) in COMPATIBLE mode\r\nppc0: FIFO with 16/16/8 bytes threshold\r\nppbus0: \u003cParallel port bus\u003e on ppc0\r\nplip0: \u003cPLIP network interface\u003e on ppbus0\r\nlpt0: \u003cPrinter\u003e on ppbus0\r\nlpt0: Interrupt-driven port\r\nppi0: \u003cParallel I/O\u003e on ppbus0\r\natkbdc0: \u003cKeyboard controller (i8042)\u003e port 0x60,0x64 irq 1 on acpi0\r\natkbd0: \u003cAT Keyboard\u003e irq 1 on atkbdc0\r\nkbd0 at atkbd0\r\natkbd0: [GIANT-LOCKED]\r\nuart0: \u003c16550 or compatible\u003e port 0x3f8-0x3ff irq 4 flags 0x10 on acpi0\r\nichwd0 on isa0\r\npmtimer0 on isa0\r\norm0: \u003cISA Option ROMs\u003e at iomem 0xcf800-0xd07ff,0xd0800-0xd0fff pnpid\r\nORM0000 on isa0\r\nsc0: \u003cSystem console\u003e at flags 0x100 on isa0\r\nsc0: VGA \u003c16 virtual consoles, flags=0x300\u003e\r\nvga0: \u003cGeneric ISA VGA\u003e at port 0x3c0-0x3df iomem 0xa0000-0xbffff on isa0\r\nata0: \u003cATA channel\u003e at port 0x1f0-0x1f7,0x3f6 irq 14 on isa0\r\nata1: \u003cATA channel\u003e at port 0x170-0x177,0x376 irq 15 on isa0\r\ncoretemp0: \u003cCPU On-Die Thermal Sensors\u003e on cpu0\r\nest0: \u003cEnhanced SpeedStep Frequency Control\u003e on cpu0\r\np4tcc0: \u003cCPU Frequency Thermal Control\u003e on cpu0\r\ncoretemp1: \u003cCPU On-Die Thermal Sensors\u003e on cpu1\r\nest1: \u003cEnhanced SpeedStep Frequency Control\u003e on cpu1\r\np4tcc1: \u003cCPU Frequency Thermal Control\u003e on cpu1\r\nTimecounters tick every 1.000 msec\r\nvboxdrv: fAsync=0 offMin=0x1e0 offMax=0x46a\r\nIPsec: Initialized Security Association Processing.\r\nipfw2 (+ipv6) initialized, divert enabled, nat enabled, default to deny,\r\nlogging disabled\r\nDUMMYNET 0 with IPv6 initialized (100409)\r\nload_dn_sched dn_sched FIFO loaded\r\nload_dn_sched dn_sched PRIO loaded\r\nload_dn_sched dn_sched QFQ loaded\r\nload_dn_sched dn_sched RR loaded\r\nload_dn_sched dn_sched WF2Q+ loaded\r\nhdacc0: \u003cSigmatel STAC9227X HDA CODEC\u003e at cad 2 on hdac0\r\nhdaa0: \u003cSigmatel STAC9227X Audio Function Group\u003e at nid 1 on hdacc0\r\npcm0: \u003cSigmatel STAC9227X (Analog 5.1+HP/2.0)\u003e at nid 13,15,14,10 and 11\r\non hdaa0\r\nusbus0: 12Mbps Full Speed USB v1.0\r\nusbus1: 12Mbps Full Speed USB v1.0\r\nusbus2: 480Mbps High Speed USB v2.0\r\nusbus3: 12Mbps Full Speed USB v1.0\r\nusbus4: 12Mbps Full Speed USB v1.0\r\nusbus5: 12Mbps Full Speed USB v1.0\r\nusbus6: 480Mbps High Speed USB v2.0\r\nugen0.1: \u003cIntel\u003e at usbus0\r\nuhub0: \u003cIntel UHCI root HUB, class 9/0, rev 1.00/1.00, addr 1\u003e on usbus0\r\nugen1.1: \u003cIntel\u003e at usbus1\r\nuhub1: \u003cIntel UHCI root HUB, class 9/0, rev 1.00/1.00, addr 1\u003e on usbus1\r\nugen2.1: \u003cIntel\u003e at usbus2\r\nuhub2: \u003cIntel EHCI root HUB, class 9/0, rev 2.00/1.00, addr 1\u003e on usbus2\r\nugen3.1: \u003cIntel\u003e at usbus3\r\nuhub3: \u003cIntel UHCI root HUB, class 9/0, rev 1.00/1.00, addr 1\u003e on usbus3\r\nugen4.1: \u003cIntel\u003e at usbus4\r\nuhub4: \u003cIntel UHCI root HUB, class 9/0, rev 1.00/1.00, addr 1\u003e on usbus4\r\nugen5.1: \u003cIntel\u003e at usbus5\r\nuhub5: \u003cIntel UHCI root HUB, class 9/0, rev 1.00/1.00, addr 1\u003e on usbus5\r\nugen6.1: \u003cIntel\u003e at usbus6\r\nuhub6: \u003cIntel EHCI root HUB, class 9/0, rev 2.00/1.00, addr 1\u003e on usbus6\r\nuhub0: 2 ports with 2 removable, self powered\r\nuhub1: 2 ports with 2 removable, self powered\r\nuhub3: 2 ports with 2 removable, self powered\r\nuhub4: 2 ports with 2 removable, self powered\r\nuhub5: 2 ports with 2 removable, self powered\r\nuhub2: 4 ports with 4 removable, self powered\r\nuhub6: 6 ports with 6 removable, self powered\r\nugen2.2: \u003cHewlett-Packard\u003e at usbus2\r\nulpt0: \u003cPrinter\u003e on usbus2\r\nulpt0: using bi-directional mode\r\nugen3.2: \u003cvendor 0x0001\u003e at usbus3\r\nuhid0: \u003cvendor 0x0001 product 0x0000, class 0/0, rev 1.00/1.00, addr 2\u003e\r\non usbus3\r\nugen2.3: \u003cSunplus Technology Inc.\u003e at usbus2\r\numass0: \u003cBulk Only Interface\u003e on usbus2\r\numass0:  SCSI over Bulk-Only; quirks = 0x4101\r\numass0:9:0:-1: Attached to scbus9\r\nsa0 at ahc1 bus 0 scbus2 target 6 lun 0\r\nsa0: \u003cSEAGATE DAT    9SP40-000 910B\u003e Removable Sequential Access SCSI-3\r\ndevice\r\nsa0: 40.000MB/s transfers (20.000MHz, offset 8, 16bit)\r\nada0 at ata2 bus 0 scbus0 target 0 lun 0\r\nada0: da0 at umass-sim0 bus 0 scbus9 target 0 lun 0\r\n\u003cST3160815A 3.AAD\u003e ATA-7 device\r\nada0: 100.000MB/s transfers (UDMA5, PIO 8192bytes)\r\nada0: 152627MB (312581808 512 byte sectors: 16H 63S/T 16383C)\r\nada0: Previously was known as ad4\r\ncd0 at ata2 bus 0 scbus0 target 1 lun 0\r\ncd0: \u003cOptiarc DVD RW AD-7170A 1.85\u003e Removable CD-ROM SCSI-0 device\r\ncd0: 33.300MB/s transfers (UDMA2, ATAPI 12bytes, PIO 65534bytes)\r\ncd0: cd present [292819 x 2048 byte records]\r\nda0: \u003cHitachi HTS721010G9SA00 \u003e Fixed Direct Access SCSI-2 device\r\nda0: 40.000MB/s transfers\r\nda0: 95396MB (195371568 512 byte sectors: 255H 63S/T 12161C)\r\nda0: quirks=0x2\u003cNO_6_BYTE\u003e\r\nada1 at ahcich0 bus 0 scbus3 target 0 lun 0\r\nada1: \u003cST500DM002-1BD142 KC44\u003e ATA-8 SATA 3.x device\r\nada1: 300.000MB/s transfers (SATA 2.x, UDMA6, PIO 8192bytes)\r\nada1: Command Queueing enabled\r\nada1: 476940MB (976773168 512 byte sectors: 16H 63S/T 16383C)\r\nada1: quirks=0x1\u003c4K\u003e\r\nada1: Previously was known as ad6\r\nSMP: AP CPU #1 Launched!\r\nTimecounter \"TSC\" frequency 1998041860 Hz quality 1000\r\n(cd0:ata2:0:1:0): READ(10). CDB: 28 00 00 04 77 d2 00 00 01 00\r\n(cd0:ata2:0:1:0): CAM status: SCSI Status Error\r\n(cd0:ata2:0:1:0): SCSI status: Check Condition\r\n(cd0:ata2:0:1:0): SCSI sense: ILLEGAL REQUEST asc:64,0 (Illegal mode for\r\nthis track)\r\n(cd0:ata2:0:1:0): Info: 0x477d2\r\n(cd0:ata2:0:1:0): Error 6, Unretryable error\r\n(cd0:ata2:0:1:0): cddone: got error 0x6 back\r\n(cd0:ata2:0:1:0): READ(10). CDB: 28 00 00 04 77 d2 00 00 01 00\r\n(cd0:ata2:0:1:0): CAM status: SCSI Status Error\r\n(cd0:ata2:0:1:0): SCSI status: Check Condition\r\n(cd0:ata2:0:1:0): SCSI sense: ILLEGAL REQUEST asc:64,0 (Illegal mode for\r\nthis track)\r\n(cd0:ata2:0:1:0): Info: 0x477d2\r\n(cd0:ata2:0:1:0): Error 6, Unretryable error\r\n(cd0:ata2:0:1:0): cddone: got error 0x6 back\r\n(cd0:ata2:0:1:0): READ(10). CDB: 28 00 00 04 77 d2 00 00 01 00\r\n(cd0:ata2:0:1:0): CAM status: SCSI Status Error\r\n(cd0:ata2:0:1:0): SCSI status: Check Condition\r\n(cd0:ata2:0:1:0): SCSI sense: ILLEGAL REQUEST asc:64,0 (Illegal mode for\r\nthis track)\r\n(cd0:ata2:0:1:0): Info: 0x477d2\r\n(cd0:ata2:0:1:0): Error 6, Unretryable error\r\n(cd0:ata2:0:1:0): cddone: got error 0x6 back\r\n(cd0:ata2:0:1:0): READ(10). CDB: 28 00 00 04 77 d2 00 00 01 00\r\n(cd0:ata2:0:1:0): CAM status: SCSI Status Error\r\n(cd0:ata2:0:1:0): SCSI status: Check Condition\r\n(cd0:ata2:0:1:0): SCSI sense: ILLEGAL REQUEST asc:64,0 (Illegal mode for\r\nthis track)\r\n(cd0:ata2:0:1:0): Info: 0x477d2\r\n(cd0:ata2:0:1:0): Error 6, Unretryable error\r\n(cd0:ata2:0:1:0): cddone: got error 0x6 back\r\n(cd0:ata2:0:1:0): READ(10). CDB: 28 00 00 04 77 d2 00 00 01 00\r\n(cd0:ata2:0:1:0): CAM status: SCSI Status Error\r\n(cd0:ata2:0:1:0): SCSI status: Check Condition\r\n(cd0:ata2:0:1:0): SCSI sense: ILLEGAL REQUEST asc:64,0 (Illegal mode for\r\nthis track)\r\n(cd0:ata2:0:1:0): Info: 0x477d2\r\n(cd0:ata2:0:1:0): Error 6, Unretryable error\r\n(cd0:ata2:0:1:0): cddone: got error 0x6 back\r\n(cd0:ata2:0:1:0): READ(10). CDB: 28 00 00 04 77 d2 00 00 01 00\r\n(cd0:ata2:0:1:0): CAM status: SCSI Status Error\r\n(cd0:ata2:0:1:0): SCSI status: Check Condition\r\n(cd0:ata2:0:1:0): SCSI sense: ILLEGAL REQUEST asc:64,0 (Illegal mode for\r\nthis track)\r\n(cd0:ata2:0:1:0): Info: 0x477d2\r\n(cd0:ata2:0:1:0): Error 6, Unretryable error\r\n(cd0:ata2:0:1:0): cddone: got error 0x6 back\r\n(cd0:ata2:0:1:0): READ(10). CDB: 28 00 00 04 77 d2 00 00 01 00\r\n(cd0:ata2:0:1:0): CAM status: SCSI Status Error\r\n(cd0:ata2:0:1:0): SCSI status: Check Condition\r\n(cd0:ata2:0:1:0): SCSI sense: ILLEGAL REQUEST asc:64,0 (Illegal mode for\r\nthis track)\r\n(cd0:ata2:0:1:0): Info: 0x477d2\r\n(cd0:ata2:0:1:0): Error 6, Unretryable error\r\n(cd0:ata2:0:1:0): cddone: got error 0x6 back\r\nTrying to mount root from ufs:/dev/ad4s1a [rw,noatime]...\r\nWARNING: /tmp was not properly dismounted\r\nWARNING: /usr was not properly dismounted\r\nWARNING: /usr: mount pending error: blocks 580 files 28\r\nWARNING: /var was not properly dismounted\r\nWARNING: /home was not properly dismounted\r\ntun0: link state changed to UP\r\ntun1: link state changed to UP\r\nWARNING: attempt to domain_add(netgraph) after domainfinalize()\r\n\r\n\r\nFatal trap 12: page fault while in kernel mode\r\ncpuid = 1; apic id = 01\r\nfault virtual address\t= 0x10\r\nfault code\t\t= supervisor read, page not present\r\ninstruction pointer\t= 0x20:0xc05343be\r\nstack pointer\t        = 0x28:0xf0767798\r\nframe pointer\t        = 0x28:0xf0767798\r\ncode segment\t\t= base 0x0, limit 0xfffff, type 0x1b\r\n\t\t\t= DPL 0, pres 1, def32 1, gran 1\r\nprocessor eflags\t= interrupt enabled, resume, IOPL = 0\r\ncurrent process\t\t= 2315 (named)\r\ntrap number\t\t= 12\r\npanic: page fault\r\ncpuid = 1\r\nKDB: stack backtrace:\r\n#0 0xc0b27b58 at kdb_backtrace+0x4b\r\n#1 0xc0af0b19 at panic+0x16f\r\n#2 0xc0f8cb22 at trap_fatal+0x324\r\n#3 0xc0f8cc07 at trap_pfault+0xd9\r\n#4 0xc0f8df69 at trap+0x571\r\n#5 0xc0f77c4c at calltrap+0x6\r\n#6 0xc053f9ab at pf_test_rule+0x1be5\r\n#7 0xc054212a at pf_test+0x84d\r\n#8 0xc0547fa8 at pf_check_out+0x5c\r\n#9 0xc0bb8e64 at pfil_run_hooks+0x74\r\n#10 0xc0c1ca7a at ip_output+0x85d\r\n#11 0xc0c9ded3 at udp_send+0x93c\r\n#12 0xc0b5bb19 at sosend_dgram+0x467\r\n#13 0xc0b57137 at sosend+0x3f\r\n#14 0xc0b5e7a3 at kern_sendit+0x1ca\r\n#15 0xc0b5e9c1 at sendit+0xad\r\n#16 0xc0b5ea4f at sys_sendmsg+0x6b\r\n#17 0xc0f8d3dc at syscall+0x446\r\nUptime: 7m38s\r\nAutomatic reboot in 15 seconds - press a key on the console to abort\r\nRebooting...\r\ncpu_reset: Restarting BSP\r\ncpu_reset_proxy: Stopped CPU 1\r\nCopyright (c) 1992-2013 The FreeBSD Project.\r\nCopyright (c) 1979, 1980, 1983, 1986, 1988, 1989, 1991, 1992, 1993, 1994\r\n\tThe Regents of the University of California. All rights reserved.\r\nFreeBSD is a registered trademark of The FreeBSD Foundation.\r\nFreeBSD 9.2-PRERELEASE #26: Wed Sep 18 11:37:44 NZST 2013\r\n    root@bmach.nederware.nl:/usr/obj/usr/src/sys/BMACH i386\r\ngcc version 4.2.1 20070831 patched [FreeBSD]\r\nlink_elf: symbol ata_controlcmd undefined\r\nKLD file atapicam.ko - could not finalize loading\r\nCPU: Intel(R) Core(TM)2 CPU          4400  @ 2.00GHz (1998.04-MHz\r\n686-class CPU)\r\n  Origin = \"GenuineIntel\"  Id = 0x6f2  Family = 0x6  Model = 0xf\r\nStepping = 2\r\n\r\nFeatures=0xbfebfbff\u003cFPU,VME,DE,PSE,TSC,MSR,PAE,MCE,CX8,APIC,SEP,MTRR,PGE,MCA,CMOV,PAT,PSE36,CLFLUSH,DTS,ACPI,MMX,FXSR,SSE,SSE2,SS,HTT,TM,PBE\u003e\r\n  Features2=0xe39d\u003cSSE3,DTES64,MON,DS_CPL,EST,TM2,SSSE3,CX16,xTPR,PDCM\u003e\r\n  AMD Features=0x20100000\u003cNX,LM\u003e\r\n  AMD Features2=0x1\u003cLAHF\u003e\r\n  TSC: P-state invariant, performance statistics\r\nreal memory  = 4294967296 (4096 MB)\r\navail memory = 3399114752 (3241 MB)\r\nEvent timer \"LAPIC\" quality 400\r\nACPI APIC Table: \u003cINTEL  DP965LT \u003e\r\nFreeBSD/SMP: Multiprocessor System Detected: 2 CPUs\r\nFreeBSD/SMP: 1 package(s) x 2 core(s)\r\n cpu0 (BSP): APIC ID:  0\r\n cpu1 (AP): APIC ID:  1\r\nioapic0: Changing APIC ID to 2\r\nioapic0 \u003cVersion 2.0\u003e irqs 0-23 on motherboard\r\nkbd1 at kbdmux0\r\ncryptosoft0: \u003csoftware crypto\u003e on motherboard\r\nacpi0: \u003cINTEL DP965LT\u003e on motherboard\r\nacpi0: Power Button (fixed)\r\ncpu0: \u003cACPI CPU\u003e on acpi0\r\ncpu1: \u003cACPI CPU\u003e on acpi0\r\natrtc0: \u003cAT realtime clock\u003e port 0x70-0x71,0x74-0x77 irq 8 on acpi0\r\nEvent timer \"RTC\" frequency 32768 Hz quality 0\r\nattimer0: \u003cAT timer\u003e port 0x40-0x43,0x50-0x53 irq 0 on acpi0\r\nTimecounter \"i8254\" frequency 1193182 Hz quality 0\r\nEvent timer \"i8254\" frequency 1193182 Hz quality 100\r\nhpet0: \u003cHigh Precision Event Timer\u003e iomem 0xfed00000-0xfed03fff on acpi0\r\nTimecounter \"HPET\" frequency 14318180 Hz quality 950\r\nEvent timer \"HPET\" frequency 14318180 Hz quality 450\r\nEvent timer \"HPET1\" frequency 14318180 Hz quality 440\r\nEvent timer \"HPET2\" frequency 14318180 Hz quality 440\r\nTimecounter \"ACPI-fast\" frequency 3579545 Hz quality 900\r\nacpi_timer0: \u003c24-bit timer at 3.579545MHz\u003e port 0x408-0x40b on acpi0\r\nacpi_button0: \u003cSleep Button\u003e on acpi0\r\npcib0: \u003cACPI Host-PCI bridge\u003e port 0xcf8-0xcff on acpi0\r\npci0: \u003cACPI PCI bus\u003e on pcib0\r\npcib1: \u003cACPI PCI-PCI bridge\u003e at device 1.0 on pci0\r\npci1: \u003cACPI PCI bus\u003e on pcib1\r\nvgapci0: \u003cVGA-compatible display\u003e port 0x4000-0x407f mem\r\n0xe2000000-0xe2ffffff,0xd0000000-0xdfffffff,0xe0000000-0xe1ffffff irq 16\r\nat device 0.0 on pci1\r\npci0: \u003csimple comms\u003e at device 3.0 (no driver attached)\r\nem0: \u003cIntel(R) PRO/1000 Network Connection 7.3.8\u003e port 0x50e0-0x50ff mem\r\n0xe3500000-0xe351ffff,0xe3524000-0xe3524fff irq 20 at device 25.0 on pci0\r\nem0: Using an MSI interrupt\r\nem0: Ethernet address: 00:19:d1:e8:c7:b3\r\nuhci0: \u003cIntel 82801H (ICH8) USB controller USB-D\u003e port 0x50c0-0x50df irq\r\n16 at device 26.0 on pci0\r\nuhci0: LegSup = 0x2f00\r\nusbus0 on uhci0\r\nuhci1: \u003cIntel 82801H (ICH8) USB controller USB-E\u003e port 0x50a0-0x50bf irq\r\n21 at device 26.1 on pci0\r\nuhci1: LegSup = 0x2f00\r\nusbus1 on uhci1\r\nehci0: \u003cIntel 82801H (ICH8) USB 2.0 controller USB2-B\u003e mem\r\n0xe3525c00-0xe3525fff irq 18 at device 26.7 on pci0\r\nusbus2: EHCI version 1.0\r\nusbus2 on ehci0\r\nhdac0: \u003cIntel 82801H HDA Controller\u003e mem 0xe3520000-0xe3523fff irq 22 at\r\ndevice 27.0 on pci0\r\npcib2: \u003cACPI PCI-PCI bridge\u003e at device 28.0 on pci0\r\npci2: \u003cACPI PCI bus\u003e on pcib2\r\npcib3: \u003cACPI PCI-PCI bridge\u003e at device 28.1 on pci0\r\npci3: \u003cACPI PCI bus\u003e on pcib3\r\natapci0: \u003cMarvell 88SE6101 UDMA133 controller\u003e port\r\n0x3018-0x301f,0x3024-0x3027,0x3010-0x3017,0x3020-0x3023,0x3000-0x300f\r\nmem 0xe3400000-0xe34001ff irq 17 at device 0.0 on pci3\r\nata2: \u003cATA channel\u003e at channel 0 on atapci0\r\npcib4: \u003cACPI PCI-PCI bridge\u003e at device 28.2 on pci0\r\npci4: \u003cACPI PCI bus\u003e on pcib4\r\npcib5: \u003cACPI PCI-PCI bridge\u003e at device 28.3 on pci0\r\npci5: \u003cACPI PCI bus\u003e on pcib5\r\npcib6: \u003cACPI PCI-PCI bridge\u003e at device 28.4 on pci0\r\npci6: \u003cACPI PCI bus\u003e on pcib6\r\nuhci2: \u003cIntel 82801H (ICH8) USB controller USB-A\u003e port 0x5080-0x509f irq\r\n23 at device 29.0 on pci0\r\nuhci2: LegSup = 0x2f00\r\nusbus3 on uhci2\r\nuhci3: \u003cIntel 82801H (ICH8) USB controller USB-B\u003e port 0x5060-0x507f irq\r\n19 at device 29.1 on pci0\r\nuhci3: LegSup = 0x2f00\r\nusbus4 on uhci3\r\nuhci4: \u003cIntel 82801H (ICH8) USB controller USB-C\u003e port 0x5040-0x505f irq\r\n18 at device 29.2 on pci0\r\nuhci4: LegSup = 0x2f00\r\nusbus5 on uhci4\r\nehci1: \u003cIntel 82801H (ICH8) USB 2.0 controller USB2-A\u003e mem\r\n0xe3525800-0xe3525bff irq 23 at device 29.7 on pci0\r\nusbus6: EHCI version 1.0\r\nusbus6 on ehci1\r\npcib7: \u003cACPI PCI-PCI bridge\u003e at device 30.0 on pci0\r\npci7: \u003cACPI PCI bus\u003e on pcib7\r\nem1: \u003cIntel(R) PRO/1000 Legacy Network Connection 1.0.6\u003e port\r\n0x2000-0x203f mem 0xe3320000-0xe333ffff,0xe3300000-0xe331ffff irq 21 at\r\ndevice 0.0 on pci7\r\nem1: Ethernet address: 00:1b:21:51:e1:e0\r\npcib8: \u003cPCI-PCI bridge\u003e at device 1.0 on pci7\r\npci8: \u003cPCI bus\u003e on pcib8\r\nahc0: \u003cAdaptec 3940 Ultra SCSI adapter\u003e port 0x1400-0x14ff mem\r\n0xe3201000-0xe3201fff irq 22 at device 4.0 on pci8\r\naic7880: Ultra Wide Channel A, SCSI Id=7, 16/253 SCBs\r\nahc1: \u003cAdaptec 3940 Ultra SCSI adapter\u003e port 0x1000-0x10ff mem\r\n0xe3200000-0xe3200fff irq 21 at device 5.0 on pci8\r\naic7880: Ultra Wide Channel B, SCSI Id=0, 16/253 SCBs\r\nfxp0: \u003cIntel 82558 Pro/100 Ethernet\u003e port 0x2040-0x205f mem\r\n0xe3000000-0xe3000fff,0xe3100000-0xe31fffff irq 18 at device 2.0 on pci7\r\nmiibus0: \u003cMII bus\u003e on fxp0\r\ninphy0: \u003ci82555 10/100 media interface\u003e PHY 1 on miibus0\r\ninphy0:  10baseT, 10baseT-FDX, 100baseTX, 100baseTX-FDX, auto, auto-flow\r\nfxp0: Ethernet address: 00:90:27:17:93:5d\r\npci7: \u003cserial bus, FireWire\u003e at device 3.0 (no driver attached)\r\nisab0: \u003cPCI-ISA bridge\u003e at device 31.0 on pci0\r\nisa0: \u003cISA bus\u003e on isab0\r\nahci0: \u003cIntel ICH8 AHCI SATA controller\u003e port\r\n0x5408-0x540f,0x5414-0x5417,0x5400-0x5407,0x5410-0x5413,0x5020-0x503f\r\nmem 0xe3525000-0xe35257ff irq 19 at device 31.2 on pci0\r\nahci0: AHCI v1.10 with 4 3Gbps ports, Port Multiplier not supported\r\nahcich0: \u003cAHCI channel\u003e at channel 0 on ahci0\r\nahcich1: \u003cAHCI channel\u003e at channel 1 on ahci0\r\nahcich4: \u003cAHCI channel\u003e at channel 4 on ahci0\r\nahcich5: \u003cAHCI channel\u003e at channel 5 on ahci0\r\npci0: \u003cserial bus, SMBus\u003e at device 31.3 (no driver attached)\r\nppc0: \u003cParallel port\u003e port 0x378-0x37f,0x778-0x77f irq 7 on acpi0\r\nppc0: Generic chipset (ECP/PS2/NIBBLE) in COMPATIBLE mode\r\nppc0: FIFO with 16/16/8 bytes threshold\r\nppbus0: \u003cParallel port bus\u003e on ppc0\r\nplip0: \u003cPLIP network interface\u003e on ppbus0\r\nlpt0: \u003cPrinter\u003e on ppbus0\r\nlpt0: Interrupt-driven port\r\nppi0: \u003cParallel I/O\u003e on ppbus0\r\natkbdc0: \u003cKeyboard controller (i8042)\u003e port 0x60,0x64 irq 1 on acpi0\r\natkbd0: \u003cAT Keyboard\u003e irq 1 on atkbdc0\r\nkbd0 at atkbd0\r\natkbd0: [GIANT-LOCKED]\r\nuart0: \u003c16550 or compatible\u003e port 0x3f8-0x3ff irq 4 flags 0x10 on acpi0\r\nichwd0 on isa0\r\npmtimer0 on isa0\r\norm0: \u003cISA Option ROMs\u003e at iomem 0xcf800-0xd07ff,0xd0800-0xd0fff pnpid\r\nORM0000 on isa0\r\nsc0: \u003cSystem console\u003e at flags 0x100 on isa0\r\nsc0: VGA \u003c16 virtual consoles, flags=0x300\u003e\r\nvga0: \u003cGeneric ISA VGA\u003e at port 0x3c0-0x3df iomem 0xa0000-0xbffff on isa0\r\nata0: \u003cATA channel\u003e at port 0x1f0-0x1f7,0x3f6 irq 14 on isa0\r\nata1: \u003cATA channel\u003e at port 0x170-0x177,0x376 irq 15 on isa0\r\ncoretemp0: \u003cCPU On-Die Thermal Sensors\u003e on cpu0\r\nest0: \u003cEnhanced SpeedStep Frequency Control\u003e on cpu0\r\np4tcc0: \u003cCPU Frequency Thermal Control\u003e on cpu0\r\ncoretemp1: \u003cCPU On-Die Thermal Sensors\u003e on cpu1\r\nest1: \u003cEnhanced SpeedStep Frequency Control\u003e on cpu1\r\np4tcc1: \u003cCPU Frequency Thermal Control\u003e on cpu1\r\nTimecounters tick every 1.000 msec\r\nvboxdrv: fAsync=0 offMin=0x1e0 offMax=0x438\r\nIPsec: Initialized Security Association Processing.\r\nipfw2 (+ipv6) initialized, divert enabled, nat enabled, default to deny,\r\nlogging disabled\r\nDUMMYNET 0 with IPv6 initialized (100409)\r\nload_dn_sched dn_sched FIFO loaded\r\nload_dn_sched dn_sched PRIO loaded\r\nload_dn_sched dn_sched QFQ loaded\r\nload_dn_sched dn_sched RR loaded\r\nload_dn_sched dn_sched WF2Q+ loaded\r\nhdacc0: \u003cSigmatel STAC9227X HDA CODEC\u003e at cad 2 on hdac0\r\nhdaa0: \u003cSigmatel STAC9227X Audio Function Group\u003e at nid 1 on hdacc0\r\npcm0: \u003cSigmatel STAC9227X (Analog 5.1+HP/2.0)\u003e at nid 13,15,14,10 and 11\r\non hdaa0\r\nusbus0: 12Mbps Full Speed USB v1.0\r\nusbus1: 12Mbps Full Speed USB v1.0\r\nusbus2: 480Mbps High Speed USB v2.0\r\nusbus3: 12Mbps Full Speed USB v1.0\r\nusbus4: 12Mbps Full Speed USB v1.0\r\nusbus5: 12Mbps Full Speed USB v1.0\r\nusbus6: 480Mbps High Speed USB v2.0\r\nugen0.1: \u003cIntel\u003e at usbus0\r\nuhub0: \u003cIntel UHCI root HUB, class 9/0, rev 1.00/1.00, addr 1\u003e on usbus0\r\nugen1.1: \u003cIntel\u003e at usbus1\r\nuhub1: \u003cIntel UHCI root HUB, class 9/0, rev 1.00/1.00, addr 1\u003e on usbus1\r\nugen2.1: \u003cIntel\u003e at usbus2\r\nuhub2: \u003cIntel EHCI root HUB, class 9/0, rev 2.00/1.00, addr 1\u003e on usbus2\r\nugen3.1: \u003cIntel\u003e at usbus3\r\nuhub3: \u003cIntel UHCI root HUB, class 9/0, rev 1.00/1.00, addr 1\u003e on usbus3\r\nugen4.1: \u003cIntel\u003e at usbus4\r\nuhub4: \u003cIntel UHCI root HUB, class 9/0, rev 1.00/1.00, addr 1\u003e on usbus4\r\nugen5.1: \u003cIntel\u003e at usbus5\r\nuhub5: \u003cIntel UHCI root HUB, class 9/0, rev 1.00/1.00, addr 1\u003e on usbus5\r\nugen6.1: \u003cIntel\u003e at usbus6\r\nuhub6: \u003cIntel EHCI root HUB, class 9/0, rev 2.00/1.00, addr 1\u003e on usbus6\r\nuhub0: 2 ports with 2 removable, self powered\r\nuhub1: 2 ports with 2 removable, self powered\r\nuhub3: 2 ports with 2 removable, self powered\r\nuhub4: 2 ports with 2 removable, self powered\r\nuhub5: 2 ports with 2 removable, self powered\r\nuhub2: 4 ports with 4 removable, self powered\r\nuhub6: 6 ports with 6 removable, self powered\r\nugen2.2: \u003cHewlett-Packard\u003e at usbus2\r\nulpt0: \u003cPrinter\u003e on usbus2\r\nulpt0: using bi-directional mode\r\nugen3.2: \u003cvendor 0x0001\u003e at usbus3\r\nuhid0: \u003cvendor 0x0001 product 0x0000, class 0/0, rev 1.00/1.00, addr 2\u003e\r\non usbus3\r\nugen2.3: \u003cSunplus Technology Inc.\u003e at usbus2\r\numass0: \u003cBulk Only Interface\u003e on usbus2\r\numass0:  SCSI over Bulk-Only; quirks = 0x4101\r\numass0:9:0:-1: Attached to scbus9\r\nsa0 at ahc1 bus 0 scbus2 target 6 lun 0\r\nsa0: \u003cSEAGATE DAT    9SP40-000 910B\u003e Removable Sequential Access SCSI-3\r\ndevice\r\nsa0: 40.000MB/s transfers (20.000MHz, offset 8, 16bit)\r\nada0 at ata2 bus 0 scbus0 target 0 lun 0\r\nada0: \u003cST3160815A 3.AAD\u003e ATA-7 device\r\nada0: 100.000MB/s transfers (UDMA5, PIO 8192bytes)\r\nada0: 152627MB (312581808 512 byte sectors: 16H 63S/T 16383C)\r\nada0: Previously was known as ad4\r\ncd0 at ata2 bus 0 scbus0 target 1 lun 0\r\ncd0: \u003cOptiarc DVD RW AD-7170A 1.85\u003e Removable CD-ROM SCSI-0 device\r\ncd0: 33.300MB/s transfers (UDMA2, ATAPI 12bytes, PIO 65534bytes)\r\ncd0: cd present [292819 x 2048 byte records]\r\nda0 at umass-sim0 bus 0 scbus9 target 0 lun 0\r\nda0: \u003cHitachi HTS721010G9SA00 \u003e Fixed Direct Access SCSI-2 device\r\nda0: 40.000MB/s transfers\r\nda0: 95396MB (195371568 512 byte sectors: 255H 63S/T 12161C)\r\nda0: quirks=0x2\u003cNO_6_BYTE\u003e\r\nada1 at ahcich0 bus 0 scbus3 target 0 lun 0\r\nada1: \u003cST500DM002-1BD142 KC44\u003e ATA-8 SATA 3.x device\r\nada1: 300.000MB/s transfers (SATA 2.x, UDMA6, PIO 8192bytes)\r\nada1: Command Queueing enabled\r\nada1: 476940MB (976773168 512 byte sectors: 16H 63S/T 16383C)\r\nada1: quirks=0x1\u003c4K\u003e\r\nada1: Previously was known as ad6\r\nSMP: AP CPU #1 Launched!\r\nTimecounter \"TSC\" frequency 1998042600 Hz quality 1000\r\n(cd0:ata2:0:1:0): READ(10). CDB: 28 00 00 04 77 d2 00 00 01 00\r\n(cd0:ata2:0:1:0): CAM status: SCSI Status Error\r\n(cd0:ata2:0:1:0): SCSI status: Check Condition\r\n(cd0:ata2:0:1:0): SCSI sense: ILLEGAL REQUEST asc:64,0 (Illegal mode for\r\nthis track)\r\n(cd0:ata2:0:1:0): Info: 0x477d2\r\n(cd0:ata2:0:1:0): Error 6, Unretryable error\r\n(cd0:ata2:0:1:0): cddone: got error 0x6 back\r\n(cd0:ata2:0:1:0): READ(10). CDB: 28 00 00 04 77 d2 00 00 01 00\r\n(cd0:ata2:0:1:0): CAM status: SCSI Status Error\r\n(cd0:ata2:0:1:0): SCSI status: Check Condition\r\n(cd0:ata2:0:1:0): SCSI sense: ILLEGAL REQUEST asc:64,0 (Illegal mode for\r\nthis track)\r\n(cd0:ata2:0:1:0): Info: 0x477d2\r\n(cd0:ata2:0:1:0): Error 6, Unretryable error\r\n(cd0:ata2:0:1:0): cddone: got error 0x6 back\r\n(cd0:ata2:0:1:0): READ(10). CDB: 28 00 00 04 77 d2 00 00 01 00\r\n(cd0:ata2:0:1:0): CAM status: SCSI Status Error\r\n(cd0:ata2:0:1:0): SCSI status: Check Condition\r\n(cd0:ata2:0:1:0): SCSI sense: ILLEGAL REQUEST asc:64,0 (Illegal mode for\r\nthis track)\r\n(cd0:ata2:0:1:0): Info: 0x477d2\r\n(cd0:ata2:0:1:0): Error 6, Unretryable error\r\n(cd0:ata2:0:1:0): cddone: got error 0x6 back\r\n(cd0:ata2:0:1:0): READ(10). CDB: 28 00 00 04 77 d2 00 00 01 00\r\n(cd0:ata2:0:1:0): CAM status: SCSI Status Error\r\n(cd0:ata2:0:1:0): SCSI status: Check Condition\r\n(cd0:ata2:0:1:0): SCSI sense: ILLEGAL REQUEST asc:64,0 (Illegal mode for\r\nthis track)\r\n(cd0:ata2:0:1:0): Info: 0x477d2\r\n(cd0:ata2:0:1:0): Error 6, Unretryable error\r\n(cd0:ata2:0:1:0): cddone: got error 0x6 back\r\n(cd0:ata2:0:1:0): READ(10). CDB: 28 00 00 04 77 d2 00 00 01 00\r\n(cd0:ata2:0:1:0): CAM status: SCSI Status Error\r\n(cd0:ata2:0:1:0): SCSI status: Check Condition\r\n(cd0:ata2:0:1:0): SCSI sense: ILLEGAL REQUEST asc:64,0 (Illegal mode for\r\nthis track)\r\n(cd0:ata2:0:1:0): Info: 0x477d2\r\n(cd0:ata2:0:1:0): Error 6, Unretryable error\r\n(cd0:ata2:0:1:0): cddone: got error 0x6 back\r\n(cd0:ata2:0:1:0): READ(10). CDB: 28 00 00 04 77 d2 00 00 01 00\r\n(cd0:ata2:0:1:0): CAM status: SCSI Status Error\r\n(cd0:ata2:0:1:0): SCSI status: Check Condition\r\n(cd0:ata2:0:1:0): SCSI sense: ILLEGAL REQUEST asc:64,0 (Illegal mode for\r\nthis track)\r\n(cd0:ata2:0:1:0): Info: 0x477d2\r\n(cd0:ata2:0:1:0): Error 6, Unretryable error\r\n(cd0:ata2:0:1:0): cddone: got error 0x6 back\r\n(cd0:ata2:0:1:0): READ(10). CDB: 28 00 00 04 77 d2 00 00 01 00\r\n(cd0:ata2:0:1:0): CAM status: SCSI Status Error\r\n(cd0:ata2:0:1:0): SCSI status: Check Condition\r\n(cd0:ata2:0:1:0): SCSI sense: ILLEGAL REQUEST asc:64,0 (Illegal mode for\r\nthis track)\r\n(cd0:ata2:0:1:0): Info: 0x477d2\r\n(cd0:ata2:0:1:0): Error 6, Unretryable error\r\n(cd0:ata2:0:1:0): cddone: got error 0x6 back\r\nTrying to mount root from ufs:/dev/ad4s1a [rw,noatime]...\r\nWARNING: / was not properly dismounted\r\nWARNING: /tmp was not properly dismounted\r\nWARNING: /usr was not properly dismounted\r\nWARNING: /usr: mount pending error: blocks 0 files 4\r\nWARNING: /var was not properly dismounted\r\nWARNING: /var: mount pending error: blocks 4 files 1\r\nWARNING: /home was not properly dismounted\r\n"
}