{
 "id": 470839,
 "bug_id": 128833,
 "attachment_id": 0,
 "creation_time": "2008-11-12T23:40:00Z",
 "creator": "freebsd@amc-os.com",
 "text": "Server is based on an Asus A7M766-D motherboard with 2 Athlon MP processors. \nWhen plugged in a 66MHz 64-bit port, the 3Com 3C996 1000-SX PCI-X (bge) network card works incorrectly, while everything is fine in a classic 32-bit port. I tried disabling specific card features, like TX and RX checksums but the result is worse, no traffic goes outside. Problem is that some packets have their content changed, leading to incorrect decoding by applications mostly ending with \"protocol error\".\n\nIn a tcpdump -XX, that's the kind of change that is observable, just in the middle of the packet (here in an SSH initiation), at 0x78 for example :\n\nSERVER OK SEND :\n\n        0x0000:  000a 5e62 3282 0060 97a0 11cd 0800 4500  ..^b2..`......E.\n        0x0010:  0314 8b24 4000 4006 1ea1 c0a8 0606 c0a8  ...$@.@.........\n        0x0020:  06c8 0016 febc 4f32 b113 8da3 9cf9 8018  ......O2........\n        0x0030:  2086 4bf8 0000 0101 080a 2c06 63de 0004  ..K.......,.c...\n        0x0040:  7de2 0000 02dc 0a14 871a a2ba 5a09 5823  }...........Z.X#\n        0x0050:  7431 4bb8 32f0 08a3 0000 007e 6469 6666  t1K.2......~diff\n        0x0060:  6965 2d68 656c 6c6d 616e 2d67 726f 7570  ie-hellman-group\n        0x0070:  2d65 7863 6861 6e67 652d 7368 6132 3536  -exchange-sha256\n        0x0080:  2c64 6966 6669 652d 6865 6c6c 6d61 6e2d  ,diffie-hellman-\n        0x0090:  6772 6f75 702d 6578 6368 616e 6765 2d73  group-exchange-s\n        0x00a0:  6861 312c 6469 6666 6965 2d68 656c 6c6d  ha1,diffie-hellm\n        0x00b0:  616e 2d67 726f 7570 3134 2d73 6861 312c  an-group14-sha1,\n        0x00c0:  6469 6666 6965 2d68 656c 6c6d 616e 2d67  diffie-hellman-g\n        0x00d0:  726f 7570 312d 7368 6131 0000 0007 7373  roup1-sha1....ss\n        0x00e0:  682d 6473 7300 0000 9d61 6573 3132 382d  h-dss....aes128-\n        0x00f0:  6362 632c 3364 6573 2d63 6263 2c62 6c6f  cbc,3des-cbc,blo\n        0x0100:  7766 6973 682d 6362 632c 6361 7374 3132  wfish-cbc,cast12\n        0x0110:  382d 6362 632c 6172 6366 6f75 7231 3238  8-cbc,arcfour128\n\nSERVER NOK RECEIVE :\n\n        0x0000:  000a 5e62 3282 0060 97a0 11cd 0800 4500  ..^b2..`......E.\n        0x0010:  0314 8b24 4000 4006 1ea1 c0a8 0606 c0a8  ...$@.@.........\n        0x0020:  06c8 0016 febc 4f32 b113 8da3 9cf9 8018  ......O2........\n        0x0030:  2086 4bf8 0000 0101 080a 2c06 63de 0004  ..K.......,.c...\n        0x0040:  7de2 0000 02dc 0a14 871a a2ba 5a09 5823  }...........Z.X#\n        0x0050:  7431 4bb8 32f0 08a3 0000 007e 6469 6666  t1K.2......~diff\n        0x0060:  6965 2d68 656c 6c6d 616e 2d67 726f 7570  ie-hellman-group\n        0x0070:  2d65 7863 6861 6e67 2c64 6966 6669 652d  -exchang,diffie-\n        0x0080:  2c64 6966 6669 652d 6865 6c6c 6d61 6e2d  ,diffie-hellman-\n        0x0090:  6772 6f75 702d 6578 6368 616e 6765 2d73  group-exchange-s\n        0x00a0:  6861 312c 6469 6666 6965 2d68 656c 6c6d  ha1,diffie-hellm\n        0x00b0:  616e 2d67 726f 7570 3134 2d73 6861 312c  an-group14-sha1,\n        0x00c0:  6469 6666 6965 2d68 656c 6c6d 616e 2d67  diffie-hellman-g\n        0x00d0:  726f 7570 312d 7368 6131 0000 0007 7373  roup1-sha1....ss\n        0x00e0:  682d 6473 7300 0000 9d61 6573 3132 382d  h-dss....aes128-\n        0x00f0:  6362 632c 3364 6573 7766 6973 682d 6362  cbc,3deswfish-cb\n        0x0100:  7766 6973 682d 6362 632c 6361 7374 3132  wfish-cbc,cast12\n        0x0110:  382d 6362 632c 6172 6366 6f75 7231 3238  8-cbc,arcfour128\n\nThere seems to be some buffer issue on the reception side. The problems appear only on the RX, packets are correctly received (well identical at the tcpdump level anyway) on the destination server.\n\n\nFollows ifconfig, dmesg and pciconf\n\nThanks for your help,\n\nAurélien \n\n--\n\nbge0: flags=8843\u003cUP,BROADCAST,RUNNING,SIMPLEX,MULTICAST\u003e metric 0 mtu 1500\n        options=9b\u003cRXCSUM,TXCSUM,VLAN_MTU,VLAN_HWTAGGING,VLAN_HWCSUM\u003e\n        ether 00:0a:5e:62:32:82\n        inet 192.168.6.200 netmask 0xffffff00 broadcast 192.168.6.255\n        media: Ethernet autoselect (1000baseSX \u003cfull-duplex\u003e)\n        status: active\n\nFreeBSD 7.1-PRERELEASE #2: Tue Nov 11 19:41:15 CET 2008\n    root@vodka.adriana.amc-os.com:/mnt/usr/obj/mnt/usr/src/sys/VODKA-1.0.5\nTimecounter \"i8254\" frequency 1193182 Hz quality 0\nCPU: AMD Athlon(TM) MP 2000+ (1666.74-MHz 686-class CPU)\n  Origin = \"AuthenticAMD\"  Id = 0x662  Stepping = 2\n  Features=0x383fbff\u003cFPU,VME,DE,PSE,TSC,MSR,PAE,MCE,CX8,APIC,SEP,MTRR,PGE,MCA,CMOV,PAT,PSE36,MMX,FXSR,SSE\u003e\n  AMD Features=0xc0480800\u003cSYSCALL,MP,MMX+,3DNow!+,3DNow!\u003e\nreal memory  = 805306368 (768 MB)\navail memory = 778317824 (742 MB)\nMPTable: \u003cASUS     PROD00000000\u003e\nFreeBSD/SMP: Multiprocessor System Detected: 2 CPUs\n cpu0 (BSP): APIC ID:  0\n cpu1 (AP): APIC ID:  1\nioapic0: Assuming intbase of 0\nioapic0 \u003cVersion 1.1\u003e irqs 0-23 on motherboard\nkbd1 at kbdmux0\nsmbios0: \u003cSystem Management BIOS\u003e at iomem 0xf3b60-0xf3b7e on motherboard\nsmbios0: Version: 2.3, BCD Revision: 2.3\ncryptosoft0: \u003csoftware crypto\u003e on motherboard\npcib0: \u003cMPTable Host-PCI bridge\u003e pcibus 0 on motherboard\npci0: \u003cPCI bus\u003e on pcib0\nagp0: \u003cAMD 762 host to AGP bridge\u003e on hostb0\npcib1: \u003cMPTable PCI-PCI bridge\u003e at device 1.0 on pci0\npci1: \u003cPCI bus\u003e on pcib1\nvgapci0: \u003cVGA-compatible display\u003e port 0xd800-0xd8ff mem 0xf4000000-0xf5ffffff,0xf8000000-0xf9ffffff irq 16 at device 5.0 on pci1\nisab0: \u003cPCI-ISA bridge\u003e at device 7.0 on pci0\nisa0: \u003cISA bus\u003e on isab0\natapci0: \u003cAMD 768 UDMA100 controller\u003e port 0x1f0-0x1f7,0x3f6,0x170-0x177,0x376,0xb800-0xb80f at device 7.1 on pci0\nata0: \u003cATA channel 0\u003e on atapci0\nata0: [ITHREAD]\nata1: \u003cATA channel 1\u003e on atapci0\nata1: [ITHREAD]\namdpm0: \u003cAMD 756/766/768/8111 Power Management Controller\u003e port 0xe4e0-0xe4ff at device 7.3 on pci0\nsmbus0: \u003cSystem Management Bus\u003e on amdpm0\nsmb0: \u003cSMBus generic I/O\u003e on smbus0\nbge0: \u003c3Com Gigabit Fiber-SX Server NIC, ASIC rev. 0x105\u003e mem 0xf3800000-0xf380ffff irq 16 at device 8.0 on pci0\nbge0: Ethernet address: 00:0a:5e:62:32:82\nbge0: [ITHREAD]\nre0: \u003cRealTek 8169/8169S/8169SB(L)/8110S/8110SB(L) Gigabit Ethernet\u003e port 0xb400-0xb4ff mem 0xf3000000-0xf30000ff irq 17 at device 9.0 on pci0\nre0: Chip rev. 0x04000000\nre0: MAC rev. 0x00000000\nmiibus0: \u003cMII bus\u003e on re0\nrgephy0: \u003cRTL8169S/8110S/8211B media interface\u003e PHY 1 on miibus0\nrgephy0:  10baseT, 10baseT-FDX, 100baseTX, 100baseTX-FDX, 1000baseT, 1000baseT-FDX, auto\nre0: Ethernet address: 00:18:4d:79:72:65\nre0: [FILTER]\npcib2: \u003cMPTable PCI-PCI bridge\u003e at device 16.0 on pci0\npci2: \u003cPCI bus\u003e on pcib2\natapci1: \u003cSiI SiI 3114 SATA150 controller\u003e port 0xa800-0xa807,0xa400-0xa403,0xa000-0xa007,0x9800-0x9803,0x9400-0x940f mem 0xf2000000-0xf20003ff irq 18 at device 5.0 on pci2\natapci1: [ITHREAD]\nata2: \u003cATA channel 0\u003e on atapci1\nata2: [ITHREAD]\nata3: \u003cATA channel 1\u003e on atapci1\nata3: [ITHREAD]\nata4: \u003cATA channel 2\u003e on atapci1\nata4: [ITHREAD]\nata5: \u003cATA channel 3\u003e on atapci1\nata5: [ITHREAD]\natapci2: \u003cVIA 6421 SATA150 controller\u003e port 0x9000-0x900f,0x8800-0x880f,0x8400-0x840f,0x8000-0x800f,0x7800-0x781f,0x7400-0x74ff irq 17 at device 6.0 on pci2\natapci2: [ITHREAD]\nata6: \u003cATA channel 0\u003e on atapci2\nata6: [ITHREAD]\nata7: \u003cATA channel 1\u003e on atapci2\nata7: [ITHREAD]\nata8: \u003cATA channel 2\u003e on atapci2\nata8: [ITHREAD]\natapci3: \u003cPromise PDC20268 UDMA100 controller\u003e port 0x7000-0x7007,0x6800-0x6803,0x6400-0x6407,0x6000-0x6003,0x5800-0x580f mem 0xf1800000-0xf1803fff irq 19 at device 8.0 on pc                                                                                                                                                                                                              i2\natapci3: [ITHREAD]\nata9: \u003cATA channel 0\u003e on atapci3\nata9: [ITHREAD]\nata10: \u003cATA channel 1\u003e on atapci3\nata10: [ITHREAD]\ncpu0 on motherboard\ncpu1 on motherboard\npmtimer0 on isa0\norm0: \u003cISA Option ROMs\u003e at iomem 0xc0000-0xc7fff,0xc8000-0xcc7ff,0xd0000-0xd27ff pnpid ORM0000 on isa0\natkbdc0: \u003cKeyboard controller (i8042)\u003e at port 0x60,0x64 on isa0\natkbd0: \u003cAT Keyboard\u003e irq 1 on atkbdc0\nkbd0 at atkbd0\natkbd0: [GIANT-LOCKED]\natkbd0: [ITHREAD]\nfdc0: \u003cEnhanced floppy controller\u003e at port 0x3f0-0x3f5,0x3f7 irq 6 drq 2 on isa0\nfdc0: [FILTER]\nfd0: \u003c1440-KB 3.5\" drive\u003e on fdc0 drive 0\nppc0: parallel port not found.\nsc0: \u003cSystem console\u003e at flags 0x100 on isa0\nsc0: VGA \u003c16 virtual consoles, flags=0x300\u003e\nsio0: configured irq 4 not in bitmap of probed irqs 0\nsio0: port may not be enabled\nsio0: configured irq 4 not in bitmap of probed irqs 0\nsio0: port may not be enabled\nsio0 at port 0x3f8-0x3ff irq 4 flags 0x10 on isa0\nsio0: type 16550A\nsio0: [FILTER]\nsio1: configured irq 3 not in bitmap of probed irqs 0\nsio1: port may not be enabled\nvga0: \u003cGeneric ISA VGA\u003e at port 0x3c0-0x3df iomem 0xa0000-0xbffff on isa0\nunknown: \u003cPNP0700\u003e can't assign resources (port)\nunknown: \u003cPNP0c01\u003e can't assign resources (memory)\nunknown: \u003cPNP0303\u003e can't assign resources (port)\nunknown: \u003cPNP0c02\u003e can't assign resources (port)\nTimecounters tick every 1.000 msec\nipfw2 (+ipv6) initialized, divert loadable, nat loadable, rule-based forwarding disabled, default to deny, logging unlimited\nad0: 15488MB \u003cSMI MODEL 20071116\u003e at ata0-master WDMA2\nad0: FAILURE - READ_DMA status=51\u003cREADY,DSC,ERROR\u003e error=10\u003cNID_NOT_FOUND\u003e LBA=31719407\nad0: FAILURE - READ_DMA status=51\u003cREADY,DSC,ERROR\u003e error=10\u003cNID_NOT_FOUND\u003e LBA=31719420\nad0: FAILURE - READ_DMA status=51\u003cREADY,DSC,ERROR\u003e error=10\u003cNID_NOT_FOUND\u003e LBA=31719423\nad4: 305245MB \u003cHitachi HDT725032VLA360 V54OA52A\u003e at ata2-master SATA150\nad8: 238475MB \u003cHitachi HDT725025VLA380 V5DOA7EA\u003e at ata4-master SATA150\nad10: 305245MB \u003cHitachi HDT725032VLA360 V54OA52A\u003e at ata5-master SATA150\nad12: 953869MB \u003cWDC WD10EACS-00D6B0 01.01A01\u003e at ata6-master SATA150\nad14: 476940MB \u003cHitachi HDP725050GLA360 GM4OA52A\u003e at ata7-master SATA150\nad18: 190782MB \u003cHDT722520DLAT80 V44OA70A\u003e at ata9-master UDMA100\nad20: 19077MB \u003cHITACHI DK23DA-20 00J2A0A1\u003e at ata10-master UDMA100\nad0: FAILURE - READ_DMA status=51\u003cREADY,DSC,ERROR\u003e error=10\u003cNID_NOT_FOUND\u003e LBA=31719423\nad0: FAILURE - READ_DMA status=51\u003cREADY,DSC,ERROR\u003e error=10\u003cNID_NOT_FOUND\u003e LBA=31719423\nad0: FAILURE - READ_DMA status=51\u003cREADY,DSC,ERROR\u003e error=10\u003cNID_NOT_FOUND\u003e LBA=31719423\nad0: FAILURE - READ_DMA status=51\u003cREADY,DSC,ERROR\u003e error=10\u003cNID_NOT_FOUND\u003e LBA=31719423\nSMP: AP CPU #1 Launched!\n\n\nhostb0@pci0:0:0:0:      class=0x060000 card=0x00000000 chip=0x700c1022 rev=0x11 hdr=0x00\n    vendor     = 'Advanced Micro Devices (AMD)'\n    device     = 'AMD-762 CPU to PCI Bridge (SMP chipset)'\n    class      = bridge\n    subclass   = HOST-PCI\n    cap 02[a0] = AGP 2x 1x SBA disabled\npcib1@pci0:0:1:0:       class=0x060400 card=0x00000000 chip=0x700d1022 rev=0x00 hdr=0x01\n    vendor     = 'Advanced Micro Devices (AMD)'\n    device     = 'AMD-762 CPU to PCI Bridge (AGP 4x)'\n    class      = bridge\n    subclass   = PCI-PCI\nisab0@pci0:0:7:0:       class=0x060100 card=0x80441043 chip=0x74401022 rev=0x05 hdr=0x00\n    vendor     = 'Advanced Micro Devices (AMD)'\n    device     = 'AMD-768 (Opus) PCI to ISA/LPC Bridge'\n    class      = bridge\n    subclass   = PCI-ISA\natapci0@pci0:0:7:1:     class=0x01018a card=0x74411022 chip=0x74411022 rev=0x04 hdr=0x00\n    vendor     = 'Advanced Micro Devices (AMD)'\n    device     = 'AMD-768 (Opus) EIDE Controller'\n    class      = mass storage\n    subclass   = ATA\namdpm0@pci0:0:7:3:      class=0x068000 card=0x80441043 chip=0x74431022 rev=0x03 hdr=0x00\n    vendor     = 'Advanced Micro Devices (AMD)'\n    device     = 'AMD-768 (Opus) ACPI Controller'\n    class      = bridge\nbge0@pci0:0:8:0:        class=0x020000 card=0x100410b7 chip=0x164514e4 rev=0x15 hdr=0x00\n    vendor     = 'Broadcom Corporation'\n    device     = 'BCM5701 NetXtreme BCM5701 Gigabit Ethernet'\n    class      = network\n    subclass   = ethernet\n    cap 07[40] = PCI-X 64-bit supports 133MHz, 512 burst read, 1 split transaction\n    cap 01[48] = powerspec 2  supports D0 D3  current D0\n    cap 03[50] = VPD\n    cap 05[58] = MSI supports 8 messages, 64 bit\nre0@pci0:0:9:0: class=0x020000 card=0x311a1385 chip=0x816910ec rev=0x10 hdr=0x00\n    vendor     = 'Realtek Semiconductor'\n    device     = 'RTL8110SB Single-Chip Gigabit LOM Ethernet Controller'\n    class      = network\n    subclass   = ethernet\n    cap 01[dc] = powerspec 2  supports D0 D1 D2 D3  current D0\npcib2@pci0:0:16:0:      class=0x060400 card=0x00000000 chip=0x74481022 rev=0x05 hdr=0x01\n    vendor     = 'Advanced Micro Devices (AMD)'\n    device     = 'AMD-768 (Opus) PCI Bridge'\n    class      = bridge\n    subclass   = PCI-PCI\nvgapci0@pci0:1:5:0:     class=0x030000 card=0x0030121a chip=0x0005121a rev=0x01 hdr=0x00\n    vendor     = '3dfx Interactive Inc'\n    device     = 'Voodoo3 All Voodoo3 chips, 3000'\n    class      = display\n    subclass   = VGA\n    cap 02[54] = AGP 2x 1x SBA disabled\n    cap 01[60] = powerspec 1  supports D0 D3  current D0\natapci1@pci0:2:5:0:     class=0x010400 card=0x61141095 chip=0x31141095 rev=0x02 hdr=0x00\n    vendor     = 'Silicon Image Inc (Was: CMD Technology Inc)'\n    device     = 'Sil 3114 SATALink/SATARaid Controller'\n    class      = mass storage\n    subclass   = RAID\n    cap 01[60] = powerspec 2  supports D0 D1 D2 D3  current D0\natapci2@pci0:2:6:0:     class=0x010400 card=0x32491106 chip=0x32491106 rev=0x50 hdr=0x00\n    vendor     = 'VIA Technologies Inc'\n    device     = 'VT6421 VIA VT6421 RAID Controller'\n    class      = mass storage\n    subclass   = RAID\n    cap 01[e0] = powerspec 2  supports D0 D3  current D0\natapci3@pci0:2:8:0:     class=0x018085 card=0x4d68105a chip=0x4d68105a rev=0x02 hdr=0x00\n    vendor     = 'Promise Technology Inc'\n    device     = 'PDC20268 Ultra100 TX2 EIDE Controller'\n    class      = mass storage\n    cap 01[60] = powerspec 1  supports D0 D1 D3  current D0\n\nFix: \n\nPutting the PCI card in a classic 32 bit port fixes the problem. Here are dmesg and pciconf changes :\n\nbge0@pci0:2:8:0:        class=0x020000 card=0x100410b7 chip=0x164514e4 rev=0x15 hdr=0x00\n    vendor     = 'Broadcom Corporation'\n    device     = 'BCM5701 NetXtreme BCM5701 Gigabit Ethernet'\n    class      = network\n    subclass   = ethernet\n    cap 07[40] = PCI-X 64-bit supports 133MHz, 512 burst read, 1 split transaction\n    cap 01[48] = powerspec 2  supports D0 D3  current D0\n    cap 03[50] = VPD\n    cap 05[58] = MSI supports 8 messages, 64 bit\n\nre0: \u003cRealTek 8169/8169S/8169SB(L)/8110S/8110SB(L) Gigabit Ethernet\u003e port 0xb400-0xb4ff mem 0xf3800000-0xf38000ff irq 17 at device 9.0 on pci0\nre0: Chip rev. 0x04000000\nre0: MAC rev. 0x00000000\nmiibus0: \u003cMII bus\u003e on re0\nrgephy0: \u003cRTL8169S/8110S/8211B media interface\u003e PHY 1 on miibus0\nrgephy0:  10baseT, 10baseT-FDX, 100baseTX, 100baseTX-FDX, 1000baseT, 1000baseT-FDX, auto\nre0: Ethernet address: 00:18:4d:79:72:65\nre0: [FILTER]\npcib2: \u003cMPTable PCI-PCI bridge\u003e at device 16.0 on pci0\npci2: \u003cPCI bus\u003e on pcib2\natapci1: \u003cSiI SiI 3114 SATA150 controller\u003e port 0xa800-0xa807,0xa400-0xa403,0xa000-0xa007,0x9800-0x9803,0x9400-0x940f mem 0xf2800000-0xf28003ff irq 18 at device 5.0 on pci2\natapci1: [ITHREAD]\nata2: \u003cATA channel 0\u003e on atapci1\nata2: [ITHREAD]\nata3: \u003cATA channel 1\u003e on atapci1\nata3: [ITHREAD]\nata4: \u003cATA channel 2\u003e on atapci1\nata4: [ITHREAD]\nata5: \u003cATA channel 3\u003e on atapci1\nata5: [ITHREAD]\natapci2: \u003cVIA 6421 SATA150 controller\u003e port 0x9000-0x900f,0x8800-0x880f,0x8400-0x840f,0x8000-0x800f,0x7800-0x781f,0x7400-0x74ff irq 17 at device 6.0 on pci2\natapci2: [ITHREAD]\nata6: \u003cATA channel 0\u003e on atapci2\nata6: [ITHREAD]\nata7: \u003cATA channel 1\u003e on atapci2\nata7: [ITHREAD]\nata8: \u003cATA channel 2\u003e on atapci2\nata8: [ITHREAD]\nbge0: \u003c3Com Gigabit Fiber-SX Server NIC, ASIC rev. 0x105\u003e mem 0xf2000000-0xf200ffff irq 19 at device 8.0 on pci2\nbge0: Ethernet address: 00:0a:5e:62:32:82\nbge0: [ITHREAD]\nHow-To-Repeat: Any kind of protocol with large packets (ICMP seems to look fine for example) but dns, http, ssh communication mostly fails with \"protocol error\", \"packet error\" or so.\n\nOther example with HTTP (Location URL corrupted) :\n\nroot@vodka:~\u003e telnet www.freebsd.org 80\nTrying 69.147.83.33...\nConnected to www.freebsd.org.\nEscape character is '^]'.\nGET / HTTP/1.0\n\nHTTP/1.0 301 Moved Permanently\nConnection: close\nLocttp://wwttp://www.freebsd.org/\nContent-Length: 0\nDate: Wed, 12 Nov 2008 23:33:39 GMT\nServer: httpd/1.4.x LaHonda\n\nConnection closed by foreign host."
}