{
 "id": 1084965,
 "bug_id": 243534,
 "attachment_id": 210979,
 "creation_time": "2020-01-23T06:43:06Z",
 "creator": "kraileth@elderlinux.org",
 "text": "Created attachment 210979\ndmesg.boot contents from 12.1\n\nThere has been a fix proposal for unwind on SPARC64 that is looking for testers (r356552). I'd like to give it a try, but I cannot get any -CURRENT kernel booting on my machine. Both cross-compiled kernels as well as natively-built ones seem to hit the same problem, so it's likely not a GCC9 issue.\n\nI'll attach a dmesg.boot file from a natively-built 12-STABLE system to give people a clue on what hardware the system has. The newest kernel that I tested is a cross-built r356986. I re-read AF3e's chapter on crash dumps, trying to provide something useful, but I guess that the crash happens too early and the system cannot dump anything, yet. So here's the serial output that I get:\n\nHit [Enter] to boot immediately, or any other key for command prompt.\nBooting [/boot/kernel/kernel]...                                   \njumping to kernel entry at 0xc00b8020.  \nGDB: no debug ports present                                                                                                                      \nKDB: debugger backends: ddb   \nKDB: current backend: ddb                                               \nCopyright (c) 1992-2020 The FreeBSD Project.                       \nCopyright (c) 1979, 1980, 1983, 1986, 1988, 1989, 1991, 1992, 1993, 1994\n        The Regents of the University of California. All rights reserved.                        \nFreeBSD is a registered trademark of The FreeBSD Foundation.\nFreeBSD 13.0-CURRENT #0 r356986: Wed Jan 22 16:54:54 CET 2020                                                                                    \n    root@fbsdtest.omc.net:/usr/obj/usr/src/sparc64.sparc64/sys/GENERIC sparc64\ngcc version 9.2.0 (FreeBSD Ports Collection for sparc64)                                                                                         \nWARNING: WITNESS option enabled, expect reduced performance.\nreal memory  = 1073741824 (1024 MB)                                     \navail memory = 1024761856 (977 MB)\ncpu0: Sun Microsystems UltraSparc-IIe Processor (548.00 MHz CPU)\nrandom: unblocking device.\nrandom: entropy device external interface\n[ath_hal] loaded\nWARNING: Device \"kbd\" is Giant locked and may be deleted before FreeBSD 13.0.\nkbd0 at kbdmux0\nWARNING: Device \"openfirm\" is Giant locked and may be deleted before FreeBSD 13.0.\nWARNING: Device \"openprom\" is Giant locked and may be deleted before FreeBSD 13.0.\nnexus0: \u003cOpen Firmware Nexus device\u003e\npcib0: \u003cU2P UPA-PCI bridge\u003e mem 0x1fe00000000-0x1fe0000ffff,0x1fe01000000-0x1fe010000ff irq 2032,2030,2031,2021 on nexus0\npcib0: Sabre, impl 0, version 0, IGN 0x1f, bus A, 66MHz\npcib0: DVMA map: 0x60000000 to 0x63ffffff 8192 entries\npci0: \u003cOFW PCI bus\u003e on pcib0\nisab0: \u003cPCI-ISA bridge\u003e at device 7.0 on pci0\nisa0: \u003cISA bus\u003e on isab0\npci0: \u003cold, non-VGA display device\u003e at device 3.0 (no driver attached)\ndc0: \u003cDavicom DM9102A 10/100BaseTX\u003e port 0x10000-0x100ff mem 0-0xff at device 12.0 on pci0\nmiibus0: \u003cMII bus\u003e on dc0\namphy0: \u003cDM9102 10/100 media interface\u003e PHY 1 on miibus0           \namphy0:  none, 10baseT, 10baseT-FDX, 100baseTX, 100baseTX-FDX, auto\ndc0: Ethernet address: 00:03:ba:4e:55:e6\ndc1: \u003cDavicom DM9102A 10/100BaseTX\u003e port 0x10100-0x101ff mem 0x2000-0x20ff at device 5.0 on pci0\nmiibus1: \u003cMII bus\u003e on dc1\namphy1: \u003cDM9102 10/100 media interface\u003e PHY 1 on miibus1\namphy1:  none, 10baseT, 10baseT-FDX, 100baseTX, 100baseTX-FDX, auto\ndc1: Ethernet address: 00:03:ba:4e:55:e6\nohci0: \u003cAcerLabs M5237 (Aladdin-V) USB controller\u003e mem 0x1000000-0x1000fff at device 10.0 on pci0\nusbus0 on ohci0\natapci0: \u003cAcerLabs M5229 UDMA66 controller\u003e port 0x10200-0x10207,0x10218-0x1021b,0x10210-0x10217,0x10208-0x1020b,0x10220-0x1022f at device 13.0 o\nn pci0                              \natapci0: using PIO transfers above 137GB as workaround for 48bit DMA access bug, expect reduced performance\nata2: \u003cATA channel\u003e at channel 0 on atapci0\nata3: \u003cATA channel\u003e at channel 1 on atapci0\ncryptosoft0: \u003csoftware crypto\u003e on nexus0\nnexus0: \u003csyscons\u003e type unknown (no driver attached)\nrtc0: \u003cReal-Time Clock\u003e at port 0x70-0x71 pnpid PNP0b00 on isa0\nrtc0: registered as a time-of-day clock, resolution 1.000000s\nuart0: console (9600,n,8,1)\u003e at port 0x3f8-0x3ff irq 43 pnpid PNP0501 on isa0\nuart1: \u003c16550 or compatible\u003e at port 0x2e8-0x2ef irq 43 pnpid PNP0501 on isa0\nTimecounter \"tick\" frequency 548000000 Hz quality 1000\nEvent timer \"tick\" frequency 548000000 Hz quality 1000\nTimecounters tick every 1.000 msec\nusbus0: 12Mbps Full Speed USB v1.0\nObsolete code will be removed soon: random(9) is the obsolete Park-Miller LCG from 1988\npanic: invalid count 2\ncpuid = 0\ntime = 1\nKDB: stack backtrace:\n_end() at 0xc1416fb8\nvpanic() at vpanic+0x31c\npanic() at panic+0x20\nsched_switch() at sched_switch+0x8ac\nmi_switch() at mi_switch+0x1dc\ncritical_exit_preempt() at critical_exit_preempt+0x88\nspinlock_exit() at spinlock_exit+0x70\n__mtx_unlock_spin_flags() at __mtx_unlock_spin_flags+0xb0\nsched_add() at sched_add+0x2e8\ngtaskqueue_start_threads() at gtaskqueue_start_threads+0x254\ntaskqgroup_cpu_create() at taskqgroup_cpu_create+0x124\ntaskqgroup_adjust() at taskqgroup_adjust+0x280\ntaskqgroup_adjust_softirq() at taskqgroup_adjust_softirq+0x34\nmi_startup() at mi_startup+0x32c\nbtext() at btext+0x28\nKDB: enter: panic\n[ thread pid 0 tid 100000 ]\nStopped at      kdb_enter+0x80: ta              %xcc, 1\ndb\u003e\n\nI'll gladly provide additional information if required. (BTW for those who care: The binutils fix for SPARC64 was accepted upsteam.)"
}