{
 "id": 1085016,
 "bug_id": 243534,
 "attachment_id": 0,
 "creation_time": "2020-01-23T15:57:16Z",
 "creator": "kraileth@elderlinux.org",
 "text": "(In reply to Ed Maste from comment #1)\n\nThanks for the quick fix! It solved that problem and lead to the machine boot further. With r357045 I'm getting a new panic, though (this time obviously from the VM system):\n\nHit [Enter] to boot immediately, or any other key for command prompt.\nBooting [/boot/kernel/kernel]...                                              \njumping to kernel entry at 0xc00b8020.                                         \nGDB: no debug ports present                                                    \nKDB: debugger backends: ddb                                                    \nKDB: current backend: ddb                                                      \nCopyright (c) 1992-2020 The FreeBSD Project.                            \nCopyright (c) 1979, 1980, 1983, 1986, 1988, 1989, 1991, 1992, 1993, 1994       \n        The Regents of the University of California. All rights reserved.      \nFreeBSD is a registered trademark of The FreeBSD Foundation.                   \nFreeBSD 13.0-CURRENT #0 r357046: Thu Jan 23 15:54:21 CET 2020                  \n    root@fbsdtest.omc.net:/usr/obj/usr/src/sparc64.sparc64/sys/GENERIC sparc64 \ngcc version 9.2.0 (FreeBSD Ports Collection for sparc64)                       \nWARNING: WITNESS option enabled, expect reduced performance.                   \nreal memory  = 1073741824 (1024 MB)                                            \navail memory = 1024761856 (977 MB)                                             \ncpu0: Sun Microsystems UltraSparc-IIe Processor (548.00 MHz CPU)               \nrandom: unblocking device.                                                     \nrandom: entropy device external interface             \n[ath_hal] loaded                                                               \nWARNING: Device \"kbd\" is Giant locked and may be deleted before FreeBSD 13.0.  \nkbd0 at kbdmux0                                                                \nWARNING: Device \"openfirm\" is Giant locked and may be deleted before FreeBSD 13.0.\nWARNING: Device \"openprom\" is Giant locked and may be deleted before FreeBSD 13.0.\nnexus0: \u003cOpen Firmware Nexus device\u003e\npcib0: \u003cU2P UPA-PCI bridge\u003e mem 0x1fe00000000-0x1fe0000ffff,0x1fe01000000-0x1fe010000ff irq 2032,2030,2031,2021 on nexus0\npcib0: Sabre, impl 0, version 0, IGN 0x1f, bus A, 66MHz\npcib0: DVMA map: 0x60000000 to 0x63ffffff 8192 entries\npci0: \u003cOFW PCI bus\u003e on pcib0\nisab0: \u003cPCI-ISA bridge\u003e at device 7.0 on pci0\nisa0: \u003cISA bus\u003e on isab0\npci0: \u003cold, non-VGA display device\u003e at device 3.0 (no driver attached)\ndc0: \u003cDavicom DM9102A 10/100BaseTX\u003e port 0x10000-0x100ff mem 0-0xff at device 12.0 on pci0\nmiibus0: \u003cMII bus\u003e on dc0\namphy0: \u003cDM9102 10/100 media interface\u003e PHY 1 on miibus0\namphy0:  none, 10baseT, 10baseT-FDX, 100baseTX, 100baseTX-FDX, auto\ndc0: Ethernet address: 00:03:ba:4e:55:e6\ndc1: \u003cDavicom DM9102A 10/100BaseTX\u003e port 0x10100-0x101ff mem 0x2000-0x20ff at device 5.0 on pci0\nmiibus1: \u003cMII bus\u003e on dc1\namphy1: \u003cDM9102 10/100 media interface\u003e PHY 1 on miibus1\namphy1:  none, 10baseT, 10baseT-FDX, 100baseTX, 100baseTX-FDX, auto\ndc1: Ethernet address: 00:03:ba:4e:55:e6\nohci0: \u003cAcerLabs M5237 (Aladdin-V) USB controller\u003e mem 0x1000000-0x1000fff at device 10.0 on pci0\nusbus0 on ohci0\natapci0: \u003cAcerLabs M5229 UDMA66 controller\u003e port 0x10200-0x10207,0x10218-0x1021b,0x10210-0x10217,0x10208-0x1020b,0x10220-0x1022f at device 13.0 on pci0\natapci0: using PIO transfers above 137GB as workaround for 48bit DMA access bug, expect reduced performance\nata2: \u003cATA channel\u003e at channel 0 on atapci0\nata3: \u003cATA channel\u003e at channel 1 on atapci0\ncryptosoft0: \u003csoftware crypto\u003e on nexus0\nnexus0: \u003csyscons\u003e type unknown (no driver attached)\nrtc0: \u003cReal-Time Clock\u003e at port 0x70-0x71 pnpid PNP0b00 on isa0\nrtc0: registered as a time-of-day clock, resolution 1.000000s\nuart0: console (9600,n,8,1)\u003e at port 0x3f8-0x3ff irq 43 pnpid PNP0501 on isa0\nuart1: \u003c16550 or compatible\u003e at port 0x2e8-0x2ef irq 43 pnpid PNP0501 on isa0\nTimecounter \"tick\" frequency 548000000 Hz quality 1000\nEvent timer \"tick\" frequency 548000000 Hz quality 1000\nTimecounters tick every 1.000 msec\nusbus0: 12Mbps Full Speed USB v1.0\nObsolete code will be removed soon: random(9) is the obsolete Park-Miller LCG from 1988\nWARNING: WITNESS option enabled, expect reduced performance.\nugen0.1: \u003cAcerLabs OHCI root HUB\u003e at usbus0\nuhub0 on usbus0\nuhub0: \u003cAcerLabs OHCI root HUB, class 9/0, rev 1.00/1.00, addr 1\u003e on usbus0\nTrying to mount root from ufs:/dev/ada1a [rw]...\nRoot mount waiting for: usbus0 CAM\ncd0 at ata3 bus 0 scbus1 target 1 lun 0\ncd0: \u003cTEAC CD-224E P.9A\u003e Removable CD-ROM SCSI device\ncd0: 16.700MB/s transfers (WDMA2, ATAPI 12bytes, PIO 65534bytes)\ncd0: Attempt to query device size failed: NOT READY, Medium not present\nuhub0: 2 ports with 2 removable, self powered\nada0 at ata2 bus 0 scbus0 target 0 lun 0\nada0: \u003cIC35L060AVER07-0 ER6OA46A\u003e ATA-5 device\nada0: Serial Number SZPTZ202544\nada0: 66.700MB/s transfers (UDMA4, PIO 8192bytes)\nada0: 58644MB (120103200 512 byte sectors)\nada1 at ata3 bus 0 scbus1 target 0 lun 0\nada1: \u003cIBM-DTLA-307015 TX2OA60A\u003e ATA-5 device\nada1: Serial Number YFEYFML4312\nada1: 66.700MB/s transfers (UDMA4, PIO 8192bytes)\nada1: 14649MB (30003120 512 byte sectors)\nmountroot: waiting for device /dev/ada1a...\npanic: vm_page_assert_xbusied: page 0xfffff8009f65cb90 not exclusive busy @ /usr/src/sys/vm/vm_page.c:1555\ncpuid = 0\ntime = 1579793596\nKDB: stack backtrace:\n_end() at 0xc92e90f8\nvpanic() at vpanic+0x31c\npanic() at panic+0x20\nvm_page_object_remove() at vm_page_object_remove+0x16c\nvm_page_free_prep() at vm_page_free_prep+0xe4\nvm_page_free_toq() at vm_page_free_toq+0x4\nvm_page_free_zero() at vm_page_free_zero+0x10\npmap_release() at pmap_release+0xcc\nvmspace_free() at vmspace_free+0x9c\nstart_init() at start_init+0x36c\nfork_exit() at fork_exit+0x6c\nfork_trampoline() at fork_trampoline+0x8\nKDB: enter: panic\n[ thread pid 1 tid 100002 ]\nStopped at      kdb_enter+0x80: ta              %xcc, 1\ndb\u003e\n\nAgain, I'll gladly provide additional information as needed."
}