{
 "id": 441728,
 "bug_id": 122926,
 "attachment_id": 0,
 "creation_time": "2008-04-20T08:10:00Z",
 "creator": "stast@bsdportal.ru",
 "text": "Burning DVD with k3b cause kernel panic if kscd was running.\nSystem enviroment:\nkscd from kdemultimedia-3.5.8, k3b from k3b-1.0.4\nOutput of dmesg:\nCopyright (c) 1992-2008 The FreeBSD Project.\nCopyright (c) 1979, 1980, 1983, 1986, 1988, 1989, 1991, 1992, 1993, 1994\n\tThe Regents of the University of California. All rights reserved.\nFreeBSD is a registered trademark of The FreeBSD Foundation.\nFreeBSD 7.0-RELEASE #2: Sat Mar 29 21:51:47 NOVT 2008\n    root@home.stasyan.com:/usr/src/sys/i386/compile/EASTERN70\nmodule_register: module isa/uart already exists!\nModule isa/uart failed to register: 17\nmodule_register: module cardbus/uart already exists!\nModule cardbus/uart failed to register: 17\nmodule_register: module pci/uart already exists!\nModule pci/uart failed to register: 17\nTimecounter \"i8254\" frequency 1193182 Hz quality 0\nCPU: Intel Celeron (692.95-MHz 686-class CPU)\n  Origin = \"GenuineIntel\"  Id = 0x686  Stepping = 6\n  Features=0x383f9ff\u003cFPU,VME,DE,PSE,TSC,MSR,PAE,MCE,CX8,SEP,MTRR,PGE,MCA,CMOV,PAT,PSE36,MMX,FXSR,SSE\u003e\nreal memory  = 536805376 (511 MB)\navail memory = 511381504 (487 MB)\nkbd1 at kbdmux0\nacpi0: \u003cGBT AWRDACPI\u003e on motherboard\nacpi0: [ITHREAD]\nacpi0: Power Button (fixed)\nacpi0: reservation of 0, a0000 (3) failed\nacpi0: reservation of 100000, 1fef0000 (3) failed\nTimecounter \"ACPI-fast\" frequency 3579545 Hz quality 1000\nacpi_timer0: \u003c24-bit timer at 3.579545MHz\u003e port 0x4008-0x400b on acpi0\ncpu0: \u003cACPI CPU\u003e on acpi0\nacpi_throttle0: \u003cACPI CPU Throttling\u003e on cpu0\nacpi_button0: \u003cPower Button\u003e on acpi0\nacpi_button1: \u003cSleep Button\u003e on acpi0\npcib0: \u003cACPI Host-PCI bridge\u003e port 0xcf8-0xcff,0x4000-0x40f7 on acpi0\npci0: \u003cACPI PCI bus\u003e on pcib0\nagp0: \u003cIntel 82815 (i815 GMCH) host to PCI bridge\u003e on hostb0\npcib1: \u003cPCI-PCI bridge\u003e at device 1.0 on pci0\npci1: \u003cPCI bus\u003e on pcib1\nnvidia0: \u003cGeForce4 MX 440\u003e mem 0xd4000000-0xd4ffffff,0xc0000000-0xc7ffffff,0xc8000000-0xc807ffff irq 10 at device 0.0 on pci1\nnvidia0: [GIANT-LOCKED]\nnvidia0: [ITHREAD]\npcib2: \u003cACPI PCI-PCI bridge\u003e at device 30.0 on pci0\npci2: \u003cACPI PCI bus\u003e on pcib2\npcm0: \u003cForte Media FM801 Audio Controller\u003e port 0xc000-0xc07f irq 5 at device 2.0 on pci2\npcm0: \u003cSigmaTel STAC9700/83/84 AC97 Codec\u003e\npcm0: [GIANT-LOCKED]\npcm0: [ITHREAD]\npci2: \u003cinput device\u003e at device 2.1 (no driver attached)\nfxp0: \u003cIntel 82558 Pro/100 Ethernet\u003e port 0xc800-0xc81f mem 0xd8000000-0xd8000fff,0xd7000000-0xd70fffff irq 11 at device 4.0 on pci2\nmiibus0: \u003cMII bus\u003e on fxp0\ninphy0: \u003ci82555 10/100 media interface\u003e PHY 1 on miibus0\ninphy0:  10baseT, 10baseT-FDX, 100baseTX, 100baseTX-FDX, auto\nfxp0: Ethernet address: 00:08:c7:d9:c9:55\nfxp0: [ITHREAD]\nisab0: \u003cPCI-ISA bridge\u003e at device 31.0 on pci0\nisa0: \u003cISA bus\u003e on isab0\natapci0: \u003cIntel ICH2 UDMA100 controller\u003e port 0x1f0-0x1f7,0x3f6,0x170-0x177,0x376,0xf000-0xf00f at device 31.1 on pci0\nata0: \u003cATA channel 0\u003e on atapci0\nata0: [ITHREAD]\nata1: \u003cATA channel 1\u003e on atapci0\nata1: [ITHREAD]\nuhci0: \u003cIntel 82801BA/BAM (ICH2) USB controller USB-A\u003e port 0xd000-0xd01f irq 9 at device 31.2 on pci0\nuhci0: [GIANT-LOCKED]\nuhci0: [ITHREAD]\nusb0: \u003cIntel 82801BA/BAM (ICH2) USB controller USB-A\u003e on uhci0\nusb0: USB revision 1.0\nuhub0: \u003cIntel UHCI root hub, class 9/0, rev 1.00/1.00, addr 1\u003e on usb0\nuhub0: 2 ports with 2 removable, self powered\npci0: \u003cserial bus, SMBus\u003e at device 31.3 (no driver attached)\nuhci1: \u003cIntel 82801BA/BAM (ICH2) USB controller USB-B\u003e port 0xd800-0xd81f irq 9 at device 31.4 on pci0\nuhci1: [GIANT-LOCKED]\nuhci1: [ITHREAD]\nusb1: \u003cIntel 82801BA/BAM (ICH2) USB controller USB-B\u003e on uhci1\nusb1: USB revision 1.0\nuhub1: \u003cIntel UHCI root hub, class 9/0, rev 1.00/1.00, addr 1\u003e on usb1\nuhub1: 2 ports with 2 removable, self powered\nacpi_tz0: \u003cThermal Zone\u003e on acpi0\nsio0: \u003c16550A-compatible COM port\u003e port 0x3f8-0x3ff irq 4 flags 0x10 on acpi0\nsio0: type 16550A\nsio0: [FILTER]\nsio1: \u003c16550A-compatible COM port\u003e port 0x2f8-0x2ff irq 3 on acpi0\nsio1: type 16550A\nsio1: [FILTER]\natkbdc0: \u003cKeyboard controller (i8042)\u003e port 0x60,0x64 irq 1 on acpi0\natkbd0: \u003cAT Keyboard\u003e irq 1 on atkbdc0\nkbd0 at atkbd0\natkbd0: [GIANT-LOCKED]\natkbd0: [ITHREAD]\npmtimer0 on isa0\norm0: \u003cISA Option ROM\u003e at iomem 0xd0000-0xd3fff pnpid ORM0000 on isa0\nsc0: \u003cSystem console\u003e at flags 0x100 on isa0\nsc0: VGA \u003c16 virtual consoles, flags=0x300\u003e\nvga0: \u003cGeneric ISA VGA\u003e at port 0x3c0-0x3df iomem 0xa0000-0xbffff on isa0\nums0: \u003cMicrosoft Microsoft 3-Button Mouse with IntelliEye(TM), class 0/0, rev 1.10/3.00, addr 2\u003e on uhub1\nums0: 3 buttons and Z dir.\nTimecounter \"TSC\" frequency 692950436 Hz quality 800\nTimecounters tick every 1.000 msec\nipfw2 (+ipv6) initialized, divert loadable, rule-based forwarding disabled, default to deny, logging disabled\nad0: 19541MB \u003cMaxtor 2B020H1 WAH21PB0\u003e at ata0-master UDMA100\nad1: 114473MB \u003cSeagate ST3120814A 2AAA\u003e at ata0-slave UDMA100\nacd0: DVDR \u003cNEC DVD RW ND-4550A/1.07\u003e at ata1-master PIO4\nTrying to mount root from ufs:/dev/ad1s1a\ncd0 at ata1 bus 0 target 0 lun 0\ncd0: \u003c_NEC DVD_RW ND-4550A 1.07\u003e Removable CD-ROM SCSI-0 device \ncd0: 16.000MB/s transfers\ncd0: Attempt to query device size failed: NOT READY, Medium not present\nWARNING: attempt to net_add_domain(netgraph) after domainfinalize()\nlink_elf: symbol msleep undefined\nstray irq7\nstray irq7\nstray irq7\nstray irq7\ntoo many stray irq 7's: not logging anymore\n\nHow-To-Repeat: 1) Run kscd\n2) Run k3b and try to burn DVD\n3) Wait for a panic until the burning ends."
}