{
 "id": 379627,
 "bug_id": 109760,
 "attachment_id": 0,
 "creation_time": "2007-03-02T17:40:04Z",
 "creator": "merlyn500@gmail.com",
 "text": "Hi. Problem is following:\nWhen i \"kldunload acpi_video\", my system crash - completely. Second time\nI tried it, I jumped to debugger and see this output:\n\n/* Output: */\n\nFatal trap 12: page fault while in kernel mode\ncpuid=0; apic id=00\nfault virtual address  = 0x10\nfault code             = supervisor read, page not present\ninstruction pointer    = 0x20:0xc0d19a10\nstack pointer          = 0x28:0xd6295b70\nframe pointer          = 0x28:0x6295b88\ncode segment           = base 0x0, limit 0xfffff, type 0x1b\n                       = DPL 0, pres 1, def32 1, gran 1\nprocessor eflags       = interrupt enabled, resume, IOPL=0\ncurrent process        = 983 (kldunload)\n[thread pid 982 tid 100066 ]\nStopped at acpi_video_vo_destroy+0x80: movl 0x10(%eax), %ecx\n\n/* End of output */\n\nI have so 1 hour old current system. (2.3. 2007 18:30). Notebook Prestigio\nNobile 157. My dmesg output is:\n\n/* Dmesg: */\n\nCopyright (c) 1992-2007 The FreeBSD Project.\nCopyright (c) 1979, 1980, 1983, 1986, 1988, 1989, 1991, 1992, 1993, 1994\n\tThe Regents of the University of California. All rights reserved.\nFreeBSD is a registered trademark of The FreeBSD Foundation.\nFreeBSD 7.0-CURRENT #3: Fri Mar  2 17:18:34 UTC 2007\n    root@Vallhala:/usr/obj/usr/src/sys/GENERIC\nWARNING: WITNESS option enabled, expect reduced performance.\nTimecounter \"i8254\" frequency 1193182 Hz quality 0\nCPU: Intel(R) Pentium(R) M processor 1.70GHz (1694.51-MHz 686-class CPU)\n  Origin = \"GenuineIntel\"  Id = 0x6d6  Stepping = 6\n  Features=0xafe9f9bf\u003cFPU,VME,DE,PSE,TSC,MSR,MCE,CX8,SEP,MTRR,PGE,MCA,CMOV,PAT,CLFLUSH,DTS,ACPI,MMX,FXSR,SSE,SSE2,SS,TM,PBE\u003e\n  Features2=0x180\u003cEST,TM2\u003e\nreal memory  = 536281088 (511 MB)\navail memory = 510894080 (487 MB)\nkbd1 at kbdmux0\nath_hal: 0.9.20.3 (AR5210, AR5211, AR5212, RF5111, RF5112, RF2413, RF5413)\nacpi0: \u003cPTLTD Wistron\u003e on motherboard\nacpi0: [ITHREAD]\nacpi0: Power Button (fixed)\nTimecounter \"ACPI-fast\" frequency 3579545 Hz quality 1000\nacpi_timer0: \u003c24-bit timer at 3.579545MHz\u003e port 0x1008-0x100b on acpi0\nacpi_ec0: \u003cEmbedded Controller: GPE 0x1c\u003e port 0x62,0x66 on acpi0\ncpu0: \u003cACPI CPU\u003e on acpi0\nacpi_throttle0: \u003cACPI CPU Throttling\u003e on cpu0\nacpi_acad0: \u003cAC Adapter\u003e on acpi0\nbattery0: \u003cACPI Control Method Battery\u003e on acpi0\nacpi_lid0: \u003cControl Method Lid Switch\u003e on acpi0\nacpi_button0: \u003cSleep Button\u003e on acpi0\npcib0: \u003cACPI Host-PCI bridge\u003e port 0xcf8-0xcff on acpi0\npci_link3: BIOS IRQ 11 for 0.29.INTB is invalid\npci0: \u003cACPI PCI bus\u003e on pcib0\nagp0: \u003cIntel 82855 host to AGP bridge\u003e on hostb0\npcib1: \u003cACPI PCI-PCI bridge\u003e at device 1.0 on pci0\npci1: \u003cACPI PCI bus\u003e on pcib1\nvgapci0: \u003cVGA-compatible display\u003e port 0x3000-0x30ff mem 0xd8000000-0xdfffffff,0xd0100000-0xd010ffff irq 11 at device 0.0 on pci1\nacpi_video0: \u003cACPI video extension\u003e on vgapci0\nuhci0: \u003cIntel 82801DB (ICH4) USB controller USB-A\u003e port 0x1800-0x181f irq 11 at device 29.0 on pci0\nuhci0: [GIANT-LOCKED]\nuhci0: [ITHREAD]\nusb0: \u003cIntel 82801DB (ICH4) USB controller USB-A\u003e on uhci0\nusb0: USB revision 1.0\nuhub0: \u003cIntel UHCI root hub, class 9/0, rev 1.00/1.00, addr 1\u003e on usb0\nuhub0: 2 ports with 2 removable, self powered\nuhci1: \u003cIntel 82801DB (ICH4) USB controller USB-B\u003e port 0x1820-0x183f irq 10 at device 29.1 on pci0\nuhci1: [GIANT-LOCKED]\nuhci1: [ITHREAD]\nusb1: \u003cIntel 82801DB (ICH4) USB controller USB-B\u003e on uhci1\nusb1: USB revision 1.0\nuhub1: \u003cIntel UHCI root hub, class 9/0, rev 1.00/1.00, addr 1\u003e on usb1\nuhub1: 2 ports with 2 removable, self powered\nuhci2: \u003cIntel 82801DB (ICH4) USB controller USB-C\u003e port 0x1840-0x185f irq 11 at device 29.2 on pci0\nuhci2: [GIANT-LOCKED]\nuhci2: [ITHREAD]\nusb2: \u003cIntel 82801DB (ICH4) USB controller USB-C\u003e on uhci2\nusb2: USB revision 1.0\nuhub2: \u003cIntel UHCI root hub, class 9/0, rev 1.00/1.00, addr 1\u003e on usb2\nuhub2: 2 ports with 2 removable, self powered\nehci0: \u003cIntel 82801DB/L/M (ICH4) USB 2.0 controller\u003e mem 0xd0000000-0xd00003ff irq 10 at device 29.7 on pci0\nehci0: [GIANT-LOCKED]\nehci0: [ITHREAD]\nusb3: EHCI version 1.0\nusb3: companion controllers, 2 ports each: usb0 usb1 usb2\nusb3: \u003cIntel 82801DB/L/M (ICH4) USB 2.0 controller\u003e on ehci0\nusb3: USB revision 2.0\nuhub3: \u003cIntel EHCI root hub, class 9/0, rev 2.00/1.00, addr 1\u003e on usb3\nuhub3: 6 ports with 6 removable, self powered\npcib2: \u003cACPI PCI-PCI bridge\u003e at device 30.0 on pci0\npci_link3: BIOS IRQ 11 for 2.5.INTA is invalid\npci2: \u003cACPI PCI bus\u003e on pcib2\nbfe0: \u003cBroadcom BCM4401 Fast Ethernet\u003e mem 0xd0200000-0xd0201fff irq 10 at device 5.0 on pci2\nmiibus0: \u003cMII bus\u003e on bfe0\nbmtphy0: \u003cBCM4401 10/100baseTX PHY\u003e PHY 1 on miibus0\nbmtphy0:  10baseT, 10baseT-FDX, 100baseTX, 100baseTX-FDX, auto\nbfe0: using obsoleted if_watchdog interface\nbfe0: Ethernet address: 00:0a:e4:b6:20:82\nbfe0: [ITHREAD]\niwi0: \u003cIntel(R) PRO/Wireless 2915ABG\u003e mem 0xd0202000-0xd0202fff irq 11 at device 6.0 on pci2\niwi0: using obsoleted if_watchdog interface\niwi0: Ethernet address: 00:0e:35:ef:56:1e\niwi0: [ITHREAD]\ncbb0: \u003cRF5C476 PCI-CardBus Bridge\u003e at device 9.0 on pci2\ncardbus0: \u003cCardBus bus\u003e on cbb0\npccard0: \u003c16-bit PCCard bus\u003e on cbb0\ncbb0: [ITHREAD]\ncbb1: \u003cRF5C476 PCI-CardBus Bridge\u003e irq 10 at device 9.1 on pci2\ncardbus1: \u003cCardBus bus\u003e on cbb1\npccard1: \u003c16-bit PCCard bus\u003e on cbb1\ncbb1: [ITHREAD]\nfwohci0: \u003cRicoh R5C552\u003e mem 0xd0203000-0xd02037ff irq 11 at device 9.2 on pci2\nfwohci0: [ITHREAD]\nfwohci0: OHCI version 1.0 (ROM=0)\nfwohci0: No. of Isochronous channels is 4.\nfwohci0: EUI64 06:e4:0a:00:69:4f:10:03\nfwohci0: Phy 1394a available S400, 2 ports.\nfwohci0: Link S400, max_rec 2048 bytes.\nfirewire0: \u003cIEEE1394(FireWire) bus\u003e on fwohci0\nfwe0: \u003cEthernet over FireWire\u003e on firewire0\nif_fwe0: Fake Ethernet address: 06:e4:0a:4f:10:03\nfwe0: Ethernet address: 06:e4:0a:4f:10:03\nfwe0: if_start running deferred for Giant\nsbp0: \u003cSBP-2/SCSI over FireWire\u003e on firewire0\nfwohci0: Initiate bus reset\nfwohci0: node_id=0xc800ffc0, gen=1, CYCLEMASTER mode\nfirewire0: 1 nodes, maxhop \u003c= 0, cable IRM = 0 (me)\nfirewire0: bus manager 0 (me)\nisab0: \u003cPCI-ISA bridge\u003e at device 31.0 on pci0\nisa0: \u003cISA bus\u003e on isab0\natapci0: \u003cIntel ICH4 UDMA100 controller\u003e port 0x1f0-0x1f7,0x3f6,0x170-0x177,0x376,0x1860-0x186f at device 31.1 on pci0\nata0: \u003cATA channel 0\u003e on atapci0\nata0: [ITHREAD]\nata1: \u003cATA channel 1\u003e on atapci0\nata1: [ITHREAD]\npci0: \u003cserial bus, SMBus\u003e at device 31.3 (no driver attached)\npcm0: \u003cIntel ICH4 (82801DB)\u003e port 0x1c00-0x1cff,0x18c0-0x18ff mem 0xd0000c00-0xd0000dff,0xd0000800-0xd00008ff irq 10 at device 31.5 on pci0\npcm0: [ITHREAD]\npcm0: \u003cCirrus Logic CS4299 AC97 Codec\u003e\npci0: \u003csimple comms, generic modem\u003e at device 31.6 (no driver attached)\nacpi_tz0: \u003cThermal Zone\u003e on acpi0\nacpi_tz1: \u003cThermal Zone\u003e on acpi0\natkbdc0: \u003cKeyboard controller (i8042)\u003e port 0x60,0x64 irq 1 on acpi0\natkbd0: \u003cAT Keyboard\u003e irq 1 on atkbdc0\nkbd0 at atkbd0\natkbd0: [GIANT-LOCKED]\natkbd0: [ITHREAD]\npsm0: \u003cPS/2 Mouse\u003e irq 12 on atkbdc0\npsm0: [GIANT-LOCKED]\npsm0: [ITHREAD]\npsm0: model Generic PS/2 mouse, device ID 0\npmtimer0 on isa0\norm0: \u003cISA Option ROMs\u003e at iomem 0xc0000-0xcffff,0xd0000-0xd0fff,0xd8000-0xdbfff,0xdc000-0xdffff pnpid ORM0000 on isa0\nppc0: parallel port not found.\nsc0: \u003cSystem console\u003e at flags 0x100 on isa0\nsc0: VGA \u003c16 virtual consoles, flags=0x300\u003e\nsio0: configured irq 4 not in bitmap of probed irqs 0\nsio0: port may not be enabled\nsio0: configured irq 4 not in bitmap of probed irqs 0\nsio0: port may not be enabled\nsio0 at port 0x3f8-0x3ff irq 4 flags 0x10 on isa0\nsio0: type 8250 or not responding\nsio0: [FILTER]\nsio1: configured irq 3 not in bitmap of probed irqs 0\nsio1: port may not be enabled\nvga0: \u003cGeneric ISA VGA\u003e at port 0x3c0-0x3df iomem 0xa0000-0xbffff on isa0\nTimecounter \"TSC\" frequency 1694509095 Hz quality 800\nTimecounters tick every 1.000 msec\nad0: 57231MB \u003cHTE726060M9AT00 MH4OA6AA\u003e at ata0-master UDMA100\nGEOM_LABEL: Label for provider ad0s2 is ext2fs//.\nacd0: DVDR \u003cQSI DVD+/-RW SDW-082/LX32\u003e at ata1-master UDMA33\ncd0 at ata1 bus 0 target 0 lun 0\ncd0: \u003cQSI DVD+-RW SDW-082 LX32\u003e Removable CD-ROM SCSI-0 device \ncd0: 33.000MB/s transfers\ncd0: Attempt to query device size failed: NOT READY, Medium not present\n\n/* End of dmesg */\n\nWhen i try kldunload to other module (atapicam, if_iwi, etc.) it don't crash.\n\nI am sorry, if this is \"for s*it\". When do you anything about this problem\nknow, of course i will send you some outputs, logs, etc.\n\nThanks, Milan\n\nHow-To-Repeat: kldunload acpi_video"
}