{
 "id": 510043,
 "bug_id": 136836,
 "attachment_id": 0,
 "creation_time": "2009-07-17T04:30:04Z",
 "creator": "morganw@chemikals.org",
 "text": "Atheros 5212 card attaches, associates to a network and works fine for about\n12 hours. Then the card seems to lose some functions. Restarting the device\nwith \"/etc/rc.d/netif restart\" results in wpa_supplicant negotiating a key,\nbut dhclient is unable to acquire a lease. The dhcp server indicates that it\nis receiving the requests and sending replies, but the client never receives\nthem.\n\nTcpdump of the device does show some broadcast traffic being received, which\nindicates that the card is associated and decrypting traffic. Manually\nassigning an IP address has no effect. Pings, traceroutes with tcp, udp and\nicmp all fail to show up on the network. Bringing the interface up and down\nhas no effect. Removing the kernel module has no effect, with the ath0\ninterface itself lingering, sometimes causing a panic or freeze very shortly\nafter (can't tell from X). Removing the card and re-attaching sometimes restores functionality.\n\nVerbose dmesg:\n\n\nCopyright (c) 1992-2009 The FreeBSD Project.\nCopyright (c) 1979, 1980, 1983, 1986, 1988, 1989, 1991, 1992, 1993, 1994\n\tThe Regents of the University of California. All rights reserved.\nFreeBSD is a registered trademark of The FreeBSD Foundation.\nFreeBSD 8.0-BETA1 #1: Tue Jul 14 21:30:04 CDT 2009\n    root@catalyst:/usr/obj/usr/src/sys/CATALYST\nPreloaded elf kernel \"/boot/kernel/kernel\" at 0xb1183000.\nPreloaded elf module \"/boot/kernel/zfs.ko\" at 0xb1183248.\nPreloaded elf module \"/boot/kernel/opensolaris.ko\" at 0xb11832f0.\nPreloaded elf module \"/boot/kernel/krpc.ko\" at 0xb11833a0.\nPreloaded elf module \"/boot/kernel/if_ath.ko\" at 0xb118344c.\nPreloaded elf module \"/boot/kernel/snd_hda.ko\" at 0xb11834f8.\nPreloaded elf module \"/boot/kernel/sound.ko\" at 0xb11835a4.\nPreloaded elf module \"/boot/kernel/coretemp.ko\" at 0xb1183650.\nPreloaded /boot/zfs/zpool.cache \"/boot/zfs/zpool.cache\" at 0xb1183700.\nPreloaded elf module \"/boot/kernel/acpi_toshiba.ko\" at 0xb1183758.\nPreloaded elf module \"/boot/kernel/acpi.ko\" at 0xb118380c.\nPreloaded elf module \"/boot/kernel/aio.ko\" at 0xb11838b8.\nPreloaded elf module \"/boot/modules/nvidia.ko\" at 0xb1183960.\nPreloaded elf module \"/boot/kernel/linux.ko\" at 0xb1183a0c.\nPreloaded elf module \"/boot/kernel/cpufreq.ko\" at 0xb1183ab8.\nTimecounter \"i8254\" frequency 1193182 Hz quality 0\nCalibrating TSC clock ... TSC clock: 1828760703 Hz\nCPU: Genuine Intel(R) CPU           T2400  @ 1.83GHz (1828.76-MHz 686-class CPU)\n  Origin = \"GenuineIntel\"  Id = 0x6e8  Stepping = 8\n  Features=0xbfe9fbff\u003cFPU,VME,DE,PSE,TSC,MSR,PAE,MCE,CX8,APIC,SEP,MTRR,PGE,MCA,CMOV,PAT,CLFLUSH,DTS,ACPI,MMX,FXSR,SSE,SSE2,SS,HTT,TM,PBE\u003e\n  Features2=0xc1a9\u003cSSE3,MON,VMX,EST,TM2,xTPR,PDCM\u003e\n  AMD Features=0x100000\u003cNX\u003e\n  TSC: P-state invariant\n\nInstruction TLB: 4 KB Pages, 4-way set associative, 128 entries\nData TLB: 4 KB Pages, 4-way set associative, 128 entries\nInstruction TLB: 4 MB pages, fully associative, 2 entries\n2nd-level cache: 2-MB, 8-way set associative, 64-byte line size\n1st-level instruction cache: 32 KB, 8-way set associative, 64 byte line size\nData TLB: 4 MB Pages, 4-way set associative, 8 entries\n1st-level data cache: 32 KB, 8-way set associative, 64 byte line size\nL2 cache: 2048 kbytes, 8-way associative, 64 bytes/line\nreal memory  = 4294967296 (4096 MB)\nPhysical memory chunk(s):\n0x0000000000001000 - 0x000000000009efff, 647168 bytes (158 pages)\n0x0000000000100000 - 0x00000000003fffff, 3145728 bytes (768 pages)\n0x0000000001426000 - 0x00000000cc4aefff, 3406336000 bytes (831625 pages)\navail memory = 3404038144 (3246 MB)\nTable 'FACP' at 0xcff90074\nTable 'SSDT' at 0xcff97c5b\nTable 'BOOT' at 0xcff9004c\nTable 'APIC' at 0xcff98813\nMADT: Found table at 0xcff98813\nAPIC: Using the MADT enumerator.\nMADT: Found CPU APIC ID 0 ACPI ID 0: enabled\nSMP: Added CPU 0 (AP)\nMADT: Found CPU APIC ID 1 ACPI ID 1: enabled\nSMP: Added CPU 1 (AP)\nACPI APIC Table: \u003cTOSHIB A003B   \u003e\nINTR: Adding local APIC 1 as a target\nFreeBSD/SMP: Multiprocessor System Detected: 2 CPUs\nFreeBSD/SMP: 1 package(s) x 2 core(s)\n cpu0 (BSP): APIC ID:  0\n cpu1 (AP): APIC ID:  1\nAPIC: CPU 0 has ACPI ID 0\nAPIC: CPU 1 has ACPI ID 1\nbios32: Found BIOS32 Service Directory header at 0xb00f02c0\nbios32: Entry = 0xfca92 (b00fca92)  Rev = 0  Len = 1\npcibios: PCI BIOS entry at 0xf0000+0xd9b3\npnpbios: Found PnP BIOS data at 0xb00f0a20\npnpbios: Entry = f0000:9833  Rev = 1.0\npnpbios: Event flag at 510\npnpbios: OEM ID b93cf351\nOther BIOS signatures found:\nULE: setup cpu 0\nULE: setup cpu 1\nThis module (opensolaris) contains code covered by the\nCommon Development and Distribution License (CDDL)\nsee http://opensolaris.org/os/licensing/opensolaris_license/\nACPI: RSDP 0xf01e0 00014 (v0 TOSHIB)\nACPI: RSDT 0xcff90000 00044 (v1 TOSHIB A003B    20060821 TASM 04010000)\nACPI: FACP 0xcff90074 00084 (v2 TOSHIB A003B    20060821 TASM 04010000)\nACPI: DSDT 0xcff900f8 07B63 (v2 TOSHIB A003B    20070222 MSFT 0100000E)\nACPI: FACS 0xeee00 00040\nACPI: SSDT 0xcff97c5b 00306 (v2 TOSHIB A003B    20060907 MSFT 0100000E)\nACPI: BOOT 0xcff9004c 00028 (v1 TOSHIB A003B    20060821 TASM 04010000)\nACPI: APIC 0xcff98813 00068 (v1 TOSHIB A003B    20060821 TASM 04010000)\nACPI: MCFG 0xcff9887b 0003C (v1 TOSHIB A003B    20060821 TASM 04010000)\nACPI: HPET 0xcff988b7 00038 (v1 TOSHIB A003B    20060821 TASM 04010000)\nACPI: SLIC 0xcff98921 00176 (v1 TOSHIB A003B    20060821 TASM 04010000)\nACPI: SSDT 0xcff98a97 00076 (v2 TOSHIB A003B    20060912 MSFT 0100000E)\nMADT: Found IO APIC ID 1, Interrupt 0 at 0xfec00000\nioapic0: Changing APIC ID to 1\nioapic0: Routing external 8259A's -\u003e intpin 0\nMADT: Interrupt override: source 0, irq 2\nioapic0: Routing IRQ 0 -\u003e intpin 2\nMADT: Interrupt override: source 9, irq 9\nioapic0: intpin 9 trigger: level\nlapic0: Routing NMI -\u003e LINT1\nlapic0: LINT1 trigger: edge\nlapic0: LINT1 polarity: high\nlapic1: Routing NMI -\u003e LINT1\nlapic1: LINT1 trigger: edge\nlapic1: LINT1 polarity: high\nioapic0 \u003cVersion 2.0\u003e irqs 0-23 on motherboard\ncpu0 BSP:\n     ID: 0x00000000   VER: 0x00050014 LDR: 0x00000000 DFR: 0xffffffff\n  lint0: 0x00010700 lint1: 0x00000400 TPR: 0x00000000 SVR: 0x000001ff\n  timer: 0x000100ef therm: 0x00000200 err: 0x00010000 pcm: 0x00010000\nwlan: \u003c802.11 Link Layer\u003e\nsnd_unit_init() u=0x00ff8000 [512] d=0x00007c00 [32] c=0x000003ff [1024]\nfeeder_register: snd_unit=-1 snd_maxautovchans=16 latency=5 feeder_rate_min=1 feeder_rate_max=2016000 feeder_rate_round=25\nVESA: information block\n56 45 53 41 00 03 00 01 00 01 01 00 00 00 22 00 \n00 01 00 08 72 05 07 01 00 01 1a 01 00 01 2f 01 \n00 01 00 01 01 01 02 01 03 01 04 01 05 01 0e 01 \n0f 01 11 01 12 01 14 01 15 01 17 01 18 01 ff ff \nVESA: 14 mode(s) found\nVESA: v3.0, 131072k memory, flags:0x1, mode table:0xb08fd5a2 (1000022)\nVESA: NVIDIA\nVESA: NVIDIA Corporation G72 Board - ndu10    Chip Rev   \ncrypto: \u003ccrypto core\u003e\nmem: \u003cmemory\u003e\nPentium Pro MTRR support enabled\nnull: \u003cnull device, zero device\u003e\nio: \u003cI/O\u003e\nrandom: \u003centropy source, Software, Yarrow\u003e\nnpx0: INT 16 interface\ncryptosoft0: \u003csoftware crypto\u003e on motherboard\ncrypto: assign cryptosoft0 driver id 0, flags 100663296\ncrypto: cryptosoft0 registers alg 1 flags 0 maxoplen 0\ncrypto: cryptosoft0 registers alg 2 flags 0 maxoplen 0\ncrypto: cryptosoft0 registers alg 3 flags 0 maxoplen 0\ncrypto: cryptosoft0 registers alg 4 flags 0 maxoplen 0\ncrypto: cryptosoft0 registers alg 5 flags 0 maxoplen 0\ncrypto: cryptosoft0 registers alg 16 flags 0 maxoplen 0\ncrypto: cryptosoft0 registers alg 6 flags 0 maxoplen 0\ncrypto: cryptosoft0 registers alg 7 flags 0 maxoplen 0\ncrypto: cryptosoft0 registers alg 18 flags 0 maxoplen 0\ncrypto: cryptosoft0 registers alg 19 flags 0 maxoplen 0\ncrypto: cryptosoft0 registers alg 20 flags 0 maxoplen 0\ncrypto: cryptosoft0 registers alg 8 flags 0 maxoplen 0\ncrypto: cryptosoft0 registers alg 15 flags 0 maxoplen 0\ncrypto: cryptosoft0 registers alg 9 flags 0 maxoplen 0\ncrypto: cryptosoft0 registers alg 10 flags 0 maxoplen 0\ncrypto: cryptosoft0 registers alg 13 flags 0 maxoplen 0\ncrypto: cryptosoft0 registers alg 14 flags 0 maxoplen 0\ncrypto: cryptosoft0 registers alg 11 flags 0 maxoplen 0\ncrypto: cryptosoft0 registers alg 21 flags 0 maxoplen 0\ncrypto: cryptosoft0 registers alg 17 flags 0 maxoplen 0\nacpi0: \u003cTOSHIB A003B\u003e on motherboard\nPCIe: Memory Mapped configuration base @ 0xf0000000\npcibios: BIOS version 2.10\nioapic0: routing intpin 9 (ISA IRQ 9) to lapic 0 vector 48\nacpi0: [MPSAFE]\nacpi0: [ITHREAD]\nACPI Error: Package List length (C) larger than NumElements count (1), truncated\n 20090521 dsobject-590\nacpi0: Power Button (fixed)\nacpi0: wakeup code va 0xb6b4e000 pa 0x1000\nacpi_bus_number: root bus has no _BBN, assuming 0\nAcpiOsDerivePciId: \\\\_SB_.PCI0.FNC0.ICH3 -\u003e bus 0 dev 31 func 0\nacpi_bus_number: root bus has no _BBN, assuming 0\nAcpiOsDerivePciId: \\\\_SB_.PCI0.EXCB.PEXB -\u003e bus 0 dev 28 func 1\nacpi0: reservation of 0, a0000 (3) failed\nacpi0: reservation of 100000, cfe90000 (3) failed\nACPI timer: 1/1 1/1 1/1 1/1 1/1 1/1 1/1 1/1 1/1 1/1 -\u003e 10\nTimecounter \"ACPI-fast\" frequency 3579545 Hz quality 1000\nacpi_timer0: \u003c24-bit timer at 3.579545MHz\u003e port 0xd808-0xd80b on acpi0\npci_link0:        Index  IRQ  Rtd  Ref  IRQs\n  Initial Probe       0   10   N     0  10\n  Validation          0   10   N     0  10\n  After Disable       0  255   N     0  10\npci_link1:        Index  IRQ  Rtd  Ref  IRQs\n  Initial Probe       0   11   N     0  3 4 5 6 7 11\n  Validation          0   11   N     0  3 4 5 6 7 11\n  After Disable       0  255   N     0  3 4 5 6 7 11\npci_link2:        Index  IRQ  Rtd  Ref  IRQs\n  Initial Probe       0   11   N     0  3 4 5 6 7 11\n  Validation          0   11   N     0  3 4 5 6 7 11\n  After Disable       0  255   N     0  3 4 5 6 7 11\npci_link3:        Index  IRQ  Rtd  Ref  IRQs\n  Initial Probe       0   11   N     0  3 4 5 6 7 11\n  Validation          0   11   N     0  3 4 5 6 7 11\n  After Disable       0  255   N     0  3 4 5 6 7 11\npci_link4:        Index  IRQ  Rtd  Ref  IRQs\n  Initial Probe       0   11   N     0  3 4 5 6 7 11\n  Validation          0   11   N     0  3 4 5 6 7 11\n  After Disable       0  255   N     0  3 4 5 6 7 11\npci_link5:        Index  IRQ  Rtd  Ref  IRQs\n  Initial Probe       0   11   N     0  3 4 5 6 7 11\n  Validation          0   11   N     0  3 4 5 6 7 11\n  After Disable       0  255   N     0  3 4 5 6 7 11\npci_link6:        Index  IRQ  Rtd  Ref  IRQs\n  Initial Probe       0   11   N     0  3 4 5 6 7 11\n  Validation          0   11   N     0  3 4 5 6 7 11\n  After Disable       0  255   N     0  3 4 5 6 7 11\npci_link7:        Index  IRQ  Rtd  Ref  IRQs\n  Initial Probe       0   11   N     0  3 4 5 6 7 11\n  Validation          0   11   N     0  3 4 5 6 7 11\n  After Disable       0  255   N     0  3 4 5 6 7 11\nacpi_hpet0: \u003cHigh Precision Event Timer\u003e iomem 0xfed00000-0xfed003ff on acpi0\nacpi_hpet0: vend: 0x8086 rev: 0x1 num: 2 hz: 14318180 opts: legacy_route 64-bit\nTimecounter \"HPET\" frequency 14318180 Hz quality 900\npcib0: \u003cACPI Host-PCI bridge\u003e port 0xcf8-0xcff on acpi0\npci0: \u003cACPI PCI bus\u003e on pcib0\npci0: domain=0, physical bus=0\nfound-\u003e\tvendor=0x8086, dev=0x27a0, revid=0x03\n\tdomain=0, bus=0, slot=0, func=0\n\tclass=06-00-00, hdrtype=0x00, mfdev=0\n\tcmdreg=0x0006, statreg=0x2090, cachelnsz=0 (dwords)\n\tlattimer=0x00 (0 ns), mingnt=0x00 (0 ns), maxlat=0x00 (0 ns)\nfound-\u003e\tvendor=0x8086, dev=0x27a1, revid=0x03\n\tdomain=0, bus=0, slot=1, func=0\n\tclass=06-04-00, hdrtype=0x01, mfdev=0\n\tcmdreg=0x0007, statreg=0x0010, cachelnsz=8 (dwords)\n\tlattimer=0x00 (0 ns), mingnt=0x08 (2000 ns), maxlat=0x00 (0 ns)\n\tintpin=a, irq=10\n\tpowerspec 2  supports D0 D3  current D0\n\tMSI supports 1 message\npcib0: matched entry for 0.1.INTA\npcib0: slot 1 INTA hardwired to IRQ 16\nfound-\u003e\tvendor=0x8086, dev=0x27d8, revid=0x02\n\tdomain=0, bus=0, slot=27, func=0\n\tclass=04-03-00, hdrtype=0x00, mfdev=0\n\tcmdreg=0x0000, statreg=0x0010, cachelnsz=8 (dwords)\n\tlattimer=0x00 (0 ns), mingnt=0x00 (0 ns), maxlat=0x00 (0 ns)\n\tintpin=a, irq=255\n\tpowerspec 2  supports D0 D3  current D0\n\tMSI supports 1 message, 64 bit\n\tmap[10]: type Memory, range 64, base 0, size 14, memory disabled\nfound-\u003e\tvendor=0x8086, dev=0x27d0, revid=0x02\n\tdomain=0, bus=0, slot=28, func=0\n\tclass=06-04-00, hdrtype=0x01, mfdev=1\n\tcmdreg=0x0007, statreg=0x0010, cachelnsz=8 (dwords)\n\tlattimer=0x00 (0 ns), mingnt=0x00 (0 ns), maxlat=0x00 (0 ns)\n\tintpin=a, irq=11\n\tpowerspec 2  supports D0 D3  current D0\n\tMSI supports 1 message\npcib0: matched entry for 0.28.INTA\npcib0: slot 28 INTA hardwired to IRQ 17\nfound-\u003e\tvendor=0x8086, dev=0x27d2, revid=0x02\n\tdomain=0, bus=0, slot=28, func=1\n\tclass=06-04-00, hdrtype=0x01, mfdev=1\n\tcmdreg=0x0007, statreg=0x0010, cachelnsz=8 (dwords)\n\tlattimer=0x00 (0 ns), mingnt=0x00 (0 ns), maxlat=0x00 (0 ns)\n\tintpin=b, irq=10\n\tpowerspec 2  supports D0 D3  current D0\n\tMSI supports 1 message\npcib0: matched entry for 0.28.INTB\npcib0: slot 28 INTB hardwired to IRQ 16\nfound-\u003e\tvendor=0x8086, dev=0x27d4, revid=0x02\n\tdomain=0, bus=0, slot=28, func=2\n\tclass=06-04-00, hdrtype=0x01, mfdev=1\n\tcmdreg=0x0007, statreg=0x0010, cachelnsz=8 (dwords)\n\tlattimer=0x00 (0 ns), mingnt=0x00 (0 ns), maxlat=0x00 (0 ns)\n\tintpin=c, irq=11\n\tpowerspec 2  supports D0 D3  current D0\n\tMSI supports 1 message\npcib0: matched entry for 0.28.INTC\npcib0: slot 28 INTC hardwired to IRQ 18\nfound-\u003e\tvendor=0x8086, dev=0x27c8, revid=0x02\n\tdomain=0, bus=0, slot=29, func=0\n\tclass=0c-03-00, hdrtype=0x00, mfdev=1\n\tcmdreg=0x0000, statreg=0x0280, cachelnsz=0 (dwords)\n\tlattimer=0x00 (0 ns), mingnt=0x00 (0 ns), maxlat=0x00 (0 ns)\n\tintpin=a, irq=255\n\tmap[20]: type I/O Port, range 32, base 0, size  5, port disabled\nfound-\u003e\tvendor=0x8086, dev=0x27c9, revid=0x02\n\tdomain=0, bus=0, slot=29, func=1\n\tclass=0c-03-00, hdrtype=0x00, mfdev=0\n\tcmdreg=0x0000, statreg=0x0280, cachelnsz=0 (dwords)\n\tlattimer=0x00 (0 ns), mingnt=0x00 (0 ns), maxlat=0x00 (0 ns)\n\tintpin=b, irq=255\n\tmap[20]: type I/O Port, range 32, base 0, size  5, port disabled\nfound-\u003e\tvendor=0x8086, dev=0x27ca, revid=0x02\n\tdomain=0, bus=0, slot=29, func=2\n\tclass=0c-03-00, hdrtype=0x00, mfdev=0\n\tcmdreg=0x0000, statreg=0x0280, cachelnsz=0 (dwords)\n\tlattimer=0x00 (0 ns), mingnt=0x00 (0 ns), maxlat=0x00 (0 ns)\n\tintpin=c, irq=255\n\tmap[20]: type I/O Port, range 32, base 0, size  5, port disabled\nfound-\u003e\tvendor=0x8086, dev=0x27cb, revid=0x02\n\tdomain=0, bus=0, slot=29, func=3\n\tclass=0c-03-00, hdrtype=0x00, mfdev=0\n\tcmdreg=0x0000, statreg=0x0280, cachelnsz=0 (dwords)\n\tlattimer=0x00 (0 ns), mingnt=0x00 (0 ns), maxlat=0x00 (0 ns)\n\tintpin=d, irq=255\n\tmap[20]: type I/O Port, range 32, base 0, size  5, port disabled\nfound-\u003e\tvendor=0x8086, dev=0x27cc, revid=0x02\n\tdomain=0, bus=0, slot=29, func=7\n\tclass=0c-03-20, hdrtype=0x00, mfdev=0\n\tcmdreg=0x0000, statreg=0x0290, cachelnsz=0 (dwords)\n\tlattimer=0x00 (0 ns), mingnt=0x00 (0 ns), maxlat=0x00 (0 ns)\n\tintpin=a, irq=255\n\tpowerspec 2  supports D0 D3  current D0\n\tmap[10]: type Memory, range 32, base 0, size 10, memory disabled\nfound-\u003e\tvendor=0x8086, dev=0x2448, revid=0xe2\n\tdomain=0, bus=0, slot=30, func=0\n\tclass=06-04-01, hdrtype=0x01, mfdev=0\n\tcmdreg=0x0007, statreg=0x0010, cachelnsz=0 (dwords)\n\tlattimer=0x00 (0 ns), mingnt=0x00 (0 ns), maxlat=0x00 (0 ns)\nfound-\u003e\tvendor=0x8086, dev=0x27b9, revid=0x02\n\tdomain=0, bus=0, slot=31, func=0\n\tclass=06-01-00, hdrtype=0x00, mfdev=1\n\tcmdreg=0x0007, statreg=0x0210, cachelnsz=0 (dwords)\n\tlattimer=0x00 (0 ns), mingnt=0x00 (0 ns), maxlat=0x00 (0 ns)\nfound-\u003e\tvendor=0x8086, dev=0x27c4, revid=0x02\n\tdomain=0, bus=0, slot=31, func=2\n\tclass=01-01-80, hdrtype=0x00, mfdev=0\n\tcmdreg=0x0005, statreg=0x02b8, cachelnsz=0 (dwords)\n\tlattimer=0x00 (0 ns), mingnt=0x00 (0 ns), maxlat=0x00 (0 ns)\n\tintpin=b, irq=11\n\tpowerspec 2  supports D0 D3  current D0\n\tmap[20]: type I/O Port, range 32, base 0xaf10, size  4, enabled\npcib0: matched entry for 0.31.INTB\npcib0: slot 31 INTB hardwired to IRQ 19\npcib1: \u003cACPI PCI-PCI bridge\u003e irq 16 at device 1.0 on pci0\npcib1:   domain            0\npcib1:   secondary bus     1\npcib1:   subordinate bus   1\npcib1:   I/O decode        0xf000-0xfff\npcib1:   memory decode     0xfc000000-0xfdffffff\npcib1:   prefetched decode 0xe0000000-0xefffffff\npci1: \u003cACPI PCI bus\u003e on pcib1\npci1: domain=0, physical bus=1\nfound-\u003e\tvendor=0x10de, dev=0x01da, revid=0xa1\n\tdomain=0, bus=1, slot=0, func=0\n\tclass=03-00-00, hdrtype=0x00, mfdev=0\n\tcmdreg=0x0007, statreg=0x0010, cachelnsz=8 (dwords)\n\tlattimer=0x00 (0 ns), mingnt=0x00 (0 ns), maxlat=0x00 (0 ns)\n\tintpin=a, irq=10\n\tpowerspec 2  supports D0 D3  current D0\n\tMSI supports 1 message, 64 bit\n\tmap[10]: type Memory, range 32, base 0xfd000000, size 24, enabled\npcib1: requested memory range 0xfd000000-0xfdffffff: good\n\tmap[14]: type Prefetchable Memory, range 64, base 0xe0000000, size 28, enabled\npcib1: requested memory range 0xe0000000-0xefffffff: good\n\tmap[1c]: type Memory, range 64, base 0xfc000000, size 24, enabled\npcib1: requested memory range 0xfc000000-0xfcffffff: good\npcib1: matched entry for 1.0.INTA\npcib1: slot 0 INTA hardwired to IRQ 16\nvgapci0: \u003cVGA-compatible display\u003e mem 0xfd000000-0xfdffffff,0xe0000000-0xefffffff,0xfc000000-0xfcffffff irq 16 at device 0.0 on pci1\nnvidia0: \u003cQuadro NVS 110M\u003e on vgapci0\nvgapci0: child nvidia0 requested pci_enable_busmaster\nvgapci0: child nvidia0 requested pci_enable_io\nvgapci0: Reserved 0x1000000 bytes for rid 0x10 type 3 at 0xfd000000\nvgapci0: Reserved 0x10000000 bytes for rid 0x14 type 3 at 0xe0000000\nvgapci0: Reserved 0x1000000 bytes for rid 0x1c type 3 at 0xfc000000\nioapic0: routing intpin 16 (PCI IRQ 16) to lapic 0 vector 49\nnvidia0: [GIANT-LOCKED]\nnvidia0: [ITHREAD]\nhdac0: \u003cIntel 82801G High Definition Audio Controller\u003e at device 27.0 on pci0\nhdac0: HDA Driver Revision: 20090624_0136\nhdac0: Lazy allocation of 0x4000 bytes rid 0x10 type 3 at 0xd0000000\nhdac0: Reserved 0x4000 bytes for rid 0x10 type 3 at 0xd0000000\nhdac0: attempting to allocate 1 MSI vectors (1 supported)\nmsi: routing MSI IRQ 256 to local APIC 0 vector 50\nhdac0: using IRQ 256 for MSI\nhdac0: [MPSAFE]\nhdac0: [ITHREAD]\npcib2: \u003cACPI PCI-PCI bridge\u003e irq 17 at device 28.0 on pci0\npcib2:   domain            0\npcib2:   secondary bus     2\npcib2:   subordinate bus   2\npcib2:   I/O decode        0xc000-0xcfff\npcib2:   memory decode     0xffd00000-0xffdfffff\npcib2:   no prefetched decode\npci2: \u003cACPI PCI bus\u003e on pcib2\npci2: domain=0, physical bus=2\nfound-\u003e\tvendor=0x8086, dev=0x109a, revid=0x00\n\tdomain=0, bus=2, slot=0, func=0\n\tclass=02-00-00, hdrtype=0x00, mfdev=0\n\tcmdreg=0x0007, statreg=0x0010, cachelnsz=8 (dwords)\n\tlattimer=0x00 (0 ns), mingnt=0x00 (0 ns), maxlat=0x00 (0 ns)\n\tintpin=a, irq=10\n\tpowerspec 2  supports D0 D3  current D0\n\tMSI supports 1 message, 64 bit\n\tmap[10]: type Memory, range 32, base 0xffde0000, size 17, enabled\npcib2: requested memory range 0xffde0000-0xffdfffff: good\n\tmap[18]: type I/O Port, range 32, base 0xcfe0, size  5, enabled\npcib2: requested I/O range 0xcfe0-0xcfff: in range\npcib2: matched entry for 2.0.INTA\npcib2: slot 0 INTA hardwired to IRQ 16\npci2: \u003cnetwork, ethernet\u003e at device 0.0 (no driver attached)\npcib3: \u003cACPI PCI-PCI bridge\u003e irq 16 at device 28.1 on pci0\npcib3:   domain            0\npcib3:   secondary bus     3\npcib3:   subordinate bus   4\npcib3:   I/O decode        0xb000-0xbfff\npcib3:   memory decode     0xfa000000-0xfbffffff\npcib3:   no prefetched decode\npci3: \u003cACPI PCI bus\u003e on pcib3\npci3: domain=0, physical bus=3\npcib4: \u003cACPI PCI-PCI bridge\u003e irq 18 at device 28.2 on pci0\npcib4:   domain            0\npcib4:   secondary bus     5\npcib4:   subordinate bus   5\npcib4:   I/O decode        0xf000-0xfff\npcib4:   memory decode     0xffc00000-0xffcfffff\npcib4:   no prefetched decode\npci5: \u003cACPI PCI bus\u003e on pcib4\npci5: domain=0, physical bus=5\nfound-\u003e\tvendor=0x8086, dev=0x4222, revid=0x02\n\tdomain=0, bus=5, slot=0, func=0\n\tclass=02-80-00, hdrtype=0x00, mfdev=0\n\tcmdreg=0x0006, statreg=0x0010, cachelnsz=8 (dwords)\n\tlattimer=0x00 (0 ns), mingnt=0x00 (0 ns), maxlat=0x00 (0 ns)\n\tintpin=a, irq=11\n\tpowerspec 2  supports D0 D3  current D0\n\tMSI supports 1 message, 64 bit\n\tmap[10]: type Memory, range 32, base 0xffcff000, size 12, enabled\npcib4: requested memory range 0xffcff000-0xffcfffff: good\npcib4: matched entry for 5.0.INTA\npcib4: slot 0 INTA hardwired to IRQ 18\npci5: \u003cnetwork\u003e at device 0.0 (no driver attached)\nuhci0: \u003cUHCI (generic) USB controller\u003e at device 29.0 on pci0\nuhci0: Lazy allocation of 0x20 bytes rid 0x20 type 4 at 0x1000\nuhci0: Reserved 0x20 bytes for rid 0x20 type 4 at 0x1000\npcib0: matched entry for 0.29.INTA\npcib0: slot 29 INTA hardwired to IRQ 23\nioapic0: routing intpin 23 (PCI IRQ 23) to lapic 0 vector 51\nuhci0: [MPSAFE]\nuhci0: [ITHREAD]\nuhci0: LegSup = 0x0f10\nusbus0: \u003cUHCI (generic) USB controller\u003e on uhci0\nuhci1: \u003cUHCI (generic) USB controller\u003e at device 29.1 on pci0\nuhci1: Lazy allocation of 0x20 bytes rid 0x20 type 4 at 0x1020\nuhci1: Reserved 0x20 bytes for rid 0x20 type 4 at 0x1020\npcib0: matched entry for 0.29.INTB\npcib0: slot 29 INTB hardwired to IRQ 19\nioapic0: routing intpin 19 (PCI IRQ 19) to lapic 0 vector 52\nuhci1: [MPSAFE]\nuhci1: [ITHREAD]\nuhci1: LegSup = 0x0f10\nusbus1: \u003cUHCI (generic) USB controller\u003e on uhci1\nuhci2: \u003cUHCI (generic) USB controller\u003e at device 29.2 on pci0\nuhci2: Lazy allocation of 0x20 bytes rid 0x20 type 4 at 0x1040\nuhci2: Reserved 0x20 bytes for rid 0x20 type 4 at 0x1040\npcib0: matched entry for 0.29.INTC\npcib0: slot 29 INTC hardwired to IRQ 18\nioapic0: routing intpin 18 (PCI IRQ 18) to lapic 0 vector 53\nuhci2: [MPSAFE]\nuhci2: [ITHREAD]\nuhci2: LegSup = 0x0f10\nusbus2: \u003cUHCI (generic) USB controller\u003e on uhci2\nuhci3: \u003cUHCI (generic) USB controller\u003e at device 29.3 on pci0\nuhci3: Lazy allocation of 0x20 bytes rid 0x20 type 4 at 0x1060\nuhci3: Reserved 0x20 bytes for rid 0x20 type 4 at 0x1060\npcib0: matched entry for 0.29.INTD\npcib0: slot 29 INTD hardwired to IRQ 16\nuhci3: [MPSAFE]\nuhci3: [ITHREAD]\nuhci3: LegSup = 0x0f10\nusbus3: \u003cUHCI (generic) USB controller\u003e on uhci3\nehci0: \u003cIntel 82801GB/R (ICH7) USB 2.0 controller\u003e at device 29.7 on pci0\nehci0: Lazy allocation of 0x400 bytes rid 0x10 type 3 at 0xd0004000\nehci0: Reserved 0x400 bytes for rid 0x10 type 3 at 0xd0004000\npcib0: matched entry for 0.29.INTA\npcib0: slot 29 INTA hardwired to IRQ 23\nehci0: [MPSAFE]\nehci0: [ITHREAD]\nusbus4: EHCI version 1.0\nusbus4: \u003cIntel 82801GB/R (ICH7) USB 2.0 controller\u003e on ehci0\npcib5: \u003cACPI PCI-PCI bridge\u003e at device 30.0 on pci0\npcib5:   domain            0\npcib5:   secondary bus     6\npcib5:   subordinate bus   7\npcib5:   I/O decode        0xf000-0xfff\npcib5:   no prefetched decode\npcib5:   Subtractively decoded bridge.\npci6: \u003cACPI PCI bus\u003e on pcib5\npci6: domain=0, physical bus=6\nfound-\u003e\tvendor=0x104c, dev=0x8039, revid=0x00\n\tdomain=0, bus=6, slot=11, func=0\n\tclass=06-07-00, hdrtype=0x02, mfdev=1\n\tcmdreg=0x0000, statreg=0x0210, cachelnsz=8 (dwords)\n\tlattimer=0x40 (1920 ns), mingnt=0x40 (16000 ns), maxlat=0x03 (750 ns)\n\tintpin=a, irq=255\n\tpowerspec 2  supports D0 D1 D2 D3  current D0\n\tmap[10]: type Memory, range 32, base 0, size 12, memory disabled\nfound-\u003e\tvendor=0x104c, dev=0x803a, revid=0x00\n\tdomain=0, bus=6, slot=11, func=1\n\tclass=0c-00-10, hdrtype=0x00, mfdev=1\n\tcmdreg=0x0000, statreg=0x0210, cachelnsz=8 (dwords)\n\tlattimer=0x40 (1920 ns), mingnt=0x02 (500 ns), maxlat=0x04 (1000 ns)\n\tintpin=b, irq=255\n\tpowerspec 2  supports D0 D1 D2 D3  current D0\n\tmap[10]: type Memory, range 32, base 0, size 11, memory disabled\n\tmap[14]: type Memory, range 32, base 0, size 14, memory disabled\nfound-\u003e\tvendor=0x104c, dev=0x803c, revid=0x00\n\tdomain=0, bus=6, slot=11, func=3\n\tclass=08-05-01, hdrtype=0x00, mfdev=1\n\tcmdreg=0x0000, statreg=0x0210, cachelnsz=8 (dwords)\n\tlattimer=0x40 (1920 ns), mingnt=0x07 (1750 ns), maxlat=0x04 (1000 ns)\n\tintpin=d, irq=255\n\tpowerspec 2  supports D0 D1 D2 D3  current D0\n\tmap[10]: type Memory, range 32, base 0, size  8, memory disabled\ncbb0: \u003cPCI-CardBus Bridge\u003e at device 11.0 on pci6\npcib5: cbb0 requested memory range 0x0-0xffffffff: good\ncbb0: Lazy allocation of 0x1000 bytes rid 0x10 type 3 at 0xd0005000\ncbb0: Reserved 0x1000 bytes for rid 0x10 type 3 at 0xd0005000\ncardbus0: \u003cCardBus bus\u003e on cbb0\npccard0: \u003c16-bit PCCard bus\u003e on cbb0\npcib5: matched entry for 6.11.INTA\npcib5: slot 11 INTA hardwired to IRQ 21\nioapic0: routing intpin 21 (PCI IRQ 21) to lapic 0 vector 54\ncbb0: [MPSAFE]\ncbb0: [FILTER]\ncbb0: PCI Configuration space:\n  0x00: 0x8039104c 0x02100007 0x06070000 0x00824008 \n  0x10: 0xd0005000 0x020000a0 0x20070706 0xfffff000 \n  0x20: 0x00000000 0xfffff000 0x00000000 0xfffffffc \n  0x30: 0x00000000 0xfffffffc 0x00000000 0x07400115 \n  0x40: 0x00011179 0x00000001 0x00000000 0x00000000 \n  0x50: 0x00000000 0x00000000 0x00000000 0x00000000 \n  0x60: 0x00000000 0x00000000 0x00000000 0x00000000 \n  0x70: 0x00000000 0x00000000 0x00000000 0x00000000 \n  0x80: 0x0800b060 0x02b30019 0x00070000 0x01aa1022 \n  0x90: 0x606404c0 0x00000000 0x00000000 0x00000000 \n  0xa0: 0x7e020001 0x00c00000 0x00000000 0x00000000 \n  0xb0: 0x08000000 0x00000000 0x00000000 0x00000000 \n  0xc0: 0x00000000 0x00000000 0x00000000 0x00000000 \n  0xd0: 0x00000000 0x00000000 0x00000000 0x00000000 \n  0xe0: 0x00000000 0x00000000 0x00000000 0x00000000 \n  0xf0: 0xc2094d2a 0xcb0193f7 0x00000000 0x00000000 \npci6: \u003cserial bus, FireWire\u003e at device 11.1 (no driver attached)\npci6: \u003cbase peripheral, SD host controller\u003e at device 11.3 (no driver attached)\nisab0: \u003cPCI-ISA bridge\u003e at device 31.0 on pci0\nisa0: \u003cISA bus\u003e on isab0\natapci0: \u003cIntel ICH7M SATA150 controller\u003e port 0x1f0-0x1f7,0x3f6,0x170-0x177,0x376,0xaf10-0xaf1f irq 19 at device 31.2 on pci0\natapci0: Reserved 0x10 bytes for rid 0x20 type 4 at 0xaf10\nata0: \u003cATA channel 0\u003e on atapci0\natapci0: Reserved 0x8 bytes for rid 0x10 type 4 at 0x1f0\natapci0: Reserved 0x1 bytes for rid 0x14 type 4 at 0x3f6\nata0: reset tp1 mask=03 ostat0=50 ostat1=00\nata0: stat0=0x50 err=0x01 lsb=0x00 msb=0x00\nata0: stat1=0x00 err=0x01 lsb=0x00 msb=0x00\nata0: reset tp2 stat0=50 stat1=00 devices=0x1\nioapic0: routing intpin 14 (ISA IRQ 14) to lapic 0 vector 55\nata0: [MPSAFE]\nata0: [ITHREAD]\nata1: \u003cATA channel 1\u003e on atapci0\natapci0: Reserved 0x8 bytes for rid 0x18 type 4 at 0x170\natapci0: Reserved 0x1 bytes for rid 0x1c type 4 at 0x376\nata1: reset tp1 mask=03 ostat0=50 ostat1=00\nata1: stat0=0x00 err=0x01 lsb=0x14 msb=0xeb\nata1: stat1=0x00 err=0x00 lsb=0x00 msb=0x00\nata1: reset tp2 stat0=00 stat1=00 devices=0x10000\nioapic0: routing intpin 15 (ISA IRQ 15) to lapic 0 vector 56\nata1: [MPSAFE]\nata1: [ITHREAD]\nacpi_lid0: \u003cControl Method Lid Switch\u003e on acpi0\nbattery0: \u003cACPI Control Method Battery\u003e on acpi0\nbattery1: \u003cACPI Control Method Battery\u003e on acpi0\nacpi_button0: \u003cPower Button\u003e on acpi0\nacpi_acad0: \u003cAC Adapter\u003e on acpi0\nacpi_toshiba0: \u003cToshiba HCI Extras\u003e on acpi0\nacpi_tz0: \u003cThermal Zone\u003e on acpi0\natkbdc0: \u003cKeyboard controller (i8042)\u003e port 0x60,0x64 irq 1 on acpi0\natkbd0: \u003cAT Keyboard\u003e irq 1 on atkbdc0\natkbd: the current kbd controller command byte 0047\natkbd: keyboard ID 0x41ab (2)\nkbd0 at atkbd0\nkbd0: atkbd0, AT 101/102 (2), config:0x0, flags:0x3d0000\nioapic0: routing intpin 1 (ISA IRQ 1) to lapic 0 vector 57\natkbd0: [GIANT-LOCKED]\natkbd0: [ITHREAD]\npsm0: unable to allocate IRQ\npsmcpnp0: \u003cPS/2 mouse port\u003e irq 12 on acpi0\npsm0: current command byte:0047\npsm0: \u003cPS/2 Mouse\u003e irq 12 on atkbdc0\nioapic0: routing intpin 12 (ISA IRQ 12) to lapic 0 vector 58\npsm0: [GIANT-LOCKED]\npsm0: [ITHREAD]\npsm0: model GlidePoint, device ID 0-00, 3 buttons\npsm0: config:00006000, flags:00000008, packet size:3\npsm0: syncmask:c0, syncbits:00\natrtc0: \u003cAT realtime clock\u003e port 0x70-0x71 irq 8 on acpi0\natrtc0: registered as a time-of-day clock (resolution 1000000us)\ncpu0: \u003cACPI CPU\u003e on acpi0\nACPI: SSDT 0xcff982a3 000F3 (v2 TOSHIB A003B    20060907 MSFT 0100000E)\nACPI: SSDT 0xcff9840c 0034E (v2 TOSHIB A003B    20060907 MSFT 0100000E)\ncoretemp0: \u003cCPU On-Die Thermal Sensors\u003e on cpu0\nest0: \u003cEnhanced SpeedStep Frequency Control\u003e on cpu0\ncpu1: \u003cACPI CPU\u003e on acpi0\nACPI: SSDT 0xcff98396 00076 (v2 TOSHIB A003B    20060907 MSFT 0100000E)\nACPI: SSDT 0xcff9875a 00079 (v2 TOSHIB A003B    20060907 MSFT 0100000E)\ncoretemp1: \u003cCPU On-Die Thermal Sensors\u003e on cpu1\nest1: \u003cEnhanced SpeedStep Frequency Control\u003e on cpu1\npnp_identify: Trying Read_Port at 203\npnp_identify: Trying Read_Port at 243\npnp_identify: Trying Read_Port at 283\npnp_identify: Trying Read_Port at 2c3\npnp_identify: Trying Read_Port at 303\npnp_identify: Trying Read_Port at 343\npnp_identify: Trying Read_Port at 383\npnp_identify: Trying Read_Port at 3c3\nPNP Identify complete\nisa_probe_children: disabling PnP devices\natrtc: atrtc0 already exists; skipping it\nisa_probe_children: probing non-PnP devices\norm0: \u003cISA Option ROMs\u003e at iomem 0xc0000-0xcffff,0xe0000-0xeffff pnpid ORM0000 on isa0\nsc0: \u003cSystem console\u003e at flags 0x100 on isa0\nsc0: VGA \u003c16 virtual consoles, flags=0x300\u003e\nsc0: fb0, kbd0, terminal emulator: scteken (teken terminal)\nvga0: \u003cGeneric ISA VGA\u003e at port 0x3c0-0x3df iomem 0xa0000-0xbffff on isa0\nisa_probe_children: probing PnP devices\nDevice configuration finished.\nReducing kern.maxvnodes 214301 -\u003e 100000\nprocfs registered\nWARNING: ZFS is considered to be an experimental feature in FreeBSD.\nlapic: Divisor 2, Frequency 83125499 hz\nTimecounter \"TSC\" frequency 1828760703 Hz quality -100\nTimecounters tick every 1.000 msec\ncrypto: \u003ccrypto device\u003e\nLinux ELF exec handler installed\npflog0: bpf attached\nlo0: bpf attached\nata0: Identifying devices: 00000001\nata0: New devices: 00000001\nusbus0: 12Mbps Full Speed USB v1.0\nusbus1: 12Mbps Full Speed USB v1.0\nusbus2: 12Mbps Full Speed USB v1.0\nusbus3: 12Mbps Full Speed USB v1.0\nusbus4: 480Mbps High Speed USB v2.0\nbattery0: battery initialization start\nbattery0: critically low charge!\nACPI Warning: \\\\_SB_.BAT1._BIF: Return Package type mismatch at index 12 - found Integer, expected String 20090521 nspredef-1058\nbattery0: battery initialization done, tried 1 times\nbattery1: battery initialization start\nacpi_acad0: acline initialization start\nacpi_acad0: On Line\nacpi_acad0: acline initialization done, tried 1 times\nZFS filesystem version 13\nZFS storage pool version 13\nata0-master: pio=PIO4 wdma=WDMA2 udma=UDMA100 cable=40 wire\nad0: 95396MB \u003cTOSHIBA MK1032GSX AS021G\u003e at ata0-master SATA150\nad0: 195371568 sectors [193821C/16H/63S] 16 sectors/interrupt 1 depth queue\nata1: Identifying devices: 00010000\nata1: New devices: 00010000\nugen0.1: \u003cIntel\u003e at usbus0\nuhub0: \u003cIntel UHCI root HUB, class 9/0, rev 1.00/1.00, addr 1\u003e on usbus0\nugen1.1: \u003cIntel\u003e at usbus1\nuhub1: \u003cIntel UHCI root HUB, class 9/0, rev 1.00/1.00, addr 1\u003e on usbus1\nugen2.1: \u003cIntel\u003e at usbus2\nuhub2: \u003cIntel UHCI root HUB, class 9/0, rev 1.00/1.00, addr 1\u003e on usbus2\nugen3.1: \u003cIntel\u003e at usbus3\nuhub3: \u003cIntel UHCI root HUB, class 9/0, rev 1.00/1.00, addr 1\u003e on usbus3\nugen4.1: \u003cIntel\u003e at usbus4\nuhub4: \u003cIntel EHCI root HUB, class 9/0, rev 2.00/1.00, addr 1\u003e on usbus4\nGEOM: new disk ad0\nata1-master: pio=PIO4 wdma=WDMA2 udma=UDMA33 cable=40 wire\nacd0: \u003cMATSHITADVD-RAM UJ-841S/1.20\u003e DVDR drive at ata1 as master\nacd0: read 4134KB/s (4134KB/s) write 4134KB/s (4134KB/s), 2048KB buffer, UDMA33\nacd0: Reads: CDR, CDRW, CDDA stream, DVDROM, DVDR, DVDRAM, packet\nacd0: Writes: CDR, CDRW, DVDR, DVDRAM, test write, burnproof\nacd0: Audio: play, 256 volume levels\nacd0: Mechanism: ejectable tray, unlocked\nacd0: Medium: no/blank disc\nhdac0: Probing codec #0...\nhdac0: HDA Codec #0: Sigmatel STAC9220\nhdac0:  HDA Codec ID: 0x83847690\nhdac0:        Vendor: 0x8384\nhdac0:        Device: 0x7690\nhdac0:      Revision: 0x22\nhdac0:      Stepping: 0x01\nhdac0: PCI Subvendor: 0x00011179\nhdac0: \tFound audio FG nid=1 startnode=2 endnode=21 total=19\nhdac0: Probing codec #1...\nhdac0: HDA Codec #1: Lucent/Agere Systems (Unknown)\nhdac0:  HDA Codec ID: 0x11c13026\nhdac0:        Vendor: 0x11c1\nhdac0:        Device: 0x3026\nhdac0:      Revision: 0x07\nhdac0:      Stepping: 0x00\nhdac0: PCI Subvendor: 0x00011179\nhdac0: \tFound modem FG nid=1 startnode=2 endnode=40 total=38\nhdac0: \nhdac0: Processing audio FG cad=0 nid=1...\nhdac0: GPIO: 0xc0000004 NumGPIO=4 NumGPO=0 NumGPI=0 GPIWake=1 GPIUnsol=1\nhdac0:  nid 8 0x40f000fd as 15 seq 13         Other  None jack  0 loc  0 color Unknown misc 0\nhdac0:  nid 9 0x40f000fe as 15 seq 14         Other  None jack  0 loc  0 color Unknown misc 0\nhdac0:  nid 13 0x40f000fa as 15 seq 10         Other  None jack  0 loc  0 color Unknown misc 0\nhdac0:  nid 14 0x94011110 as  1 seq  0      Line-out Fixed jack  1 loc 20 color   Black misc 1\nhdac0:  nid 15 0x2181112e as  2 seq 14       Line-in  Jack jack  1 loc 33 color   Black misc 1\nhdac0:  nid 16 0x94a11120 as  2 seq  0           Mic Fixed jack  1 loc 20 color   Black misc 1\nhdac0:  nid 17 0x40f000fb as 15 seq 11         Other  None jack  0 loc  0 color Unknown misc 0\nhdac0:  nid 18 0x40f000fc as 15 seq 12         Other  None jack  0 loc  0 color Unknown misc 0\nhdac0: Patched pins configuration:\nhdac0:  nid 8 0x40f000fd as 15 seq 13         Other  None jack  0 loc  0 color Unknown misc 0 [DISABLED]\nhdac0:  nid 9 0x40f000fe as 15 seq 14         Other  None jack  0 loc  0 color Unknown misc 0 [DISABLED]\nhdac0:  nid 13 0x40f000fa as 15 seq 10         Other  None jack  0 loc  0 color Unknown misc 0 [DISABLED]\nhdac0:  nid 14 0x94011110 as  1 seq  0      Line-out Fixed jack  1 loc 20 color   Black misc 1\nhdac0:  nid 15 0x2181112e as  2 seq 14       Line-in  Jack jack  1 loc 33 color   Black misc 1\nhdac0:  nid 16 0x94a11120 as  2 seq  0           Mic Fixed jack  1 loc 20 color   Black misc 1\nhdac0:  nid 17 0x40f000fb as 15 seq 11         Other  None jack  0 loc  0 color Unknown misc 0 [DISABLED]\nhdac0:  nid 18 0x40f000fc as 15 seq 12         Other  None jack  0 loc  0 color Unknown misc 0 [DISABLED]\nhdac0: 2 associations found:\nhdac0: Association 0 (1) out:\nhdac0:  Pin nid=14 seq=0\nhdac0: Association 1 (2) in:\nhdac0:  Pin nid=16 seq=0\nhdac0:  Pin nid=15 seq=14\nhdac0: Tracing association 0 (1)\nhdac0:  Pin 14 traced to DAC 2\nhdac0: Association 0 (1) trace succeeded\nhdac0: Tracing association 1 (2)\nhdac0:  Pin 16 traced to ADC 3\nhdac0:  Pin 15 traced to ADC 3\nhdac0: Association 1 (2) trace succeeded\nhdac0: Tracing input monitor\nhdac0: Tracing beeper\nhdac0: FG config/quirks: forcestereo ivref50 ivref80 ivref100 ivref\nhdac0: \nhdac0: +-------------------+\nhdac0: | DUMPING HDA NODES |\nhdac0: +-------------------+\nhdac0: \nhdac0: Default Parameter\nhdac0: -----------------\nhdac0:      Stream cap: 0x00000001\nhdac0:                  PCM\nhdac0:         PCM cap: 0x000e07e0\nhdac0:                  16 20 24 bits, 44 48 88 96 176 192 KHz\nhdac0:          IN amp: 0x00000000\nhdac0:         OUT amp: 0x80051f1f\nhdac0: \nhdac0:             nid: 2\nhdac0:            Name: audio output\nhdac0:      Widget cap: 0x000d0401\nhdac0:                  PWR STEREO\nhdac0:     Association: 0 (0x00000001)\nhdac0:             OSS: pcm (pcm)\nhdac0:      Stream cap: 0x00000001\nhdac0:                  PCM\nhdac0:         PCM cap: 0x000e07e0\nhdac0:                  16 20 24 bits, 44 48 88 96 176 192 KHz\nhdac0: \nhdac0:             nid: 3\nhdac0:            Name: audio input\nhdac0:      Widget cap: 0x001d0541\nhdac0:                  PWR PROC STEREO\nhdac0:     Association: 1 (0x00004001)\nhdac0:      Stream cap: 0x00000001\nhdac0:                  PCM\nhdac0:         PCM cap: 0x000e07e0\nhdac0:                  16 20 24 bits, 44 48 88 96 176 192 KHz\nhdac0:     connections: 1\nhdac0:           |\nhdac0:           + \u003c- nid=10 [audio selector]\nhdac0: \nhdac0:             nid: 4 [DISABLED]\nhdac0:            Name: audio input\nhdac0:      Widget cap: 0x00140311\nhdac0:                  DIGITAL STEREO\nhdac0:      Stream cap: 0x00000005\nhdac0:                  AC3 PCM\nhdac0:         PCM cap: 0x000e0160\nhdac0:                  16 20 24 bits, 44 48 96 KHz\nhdac0:     connections: 1\nhdac0:           |\nhdac0:           + [DISABLED] \u003c- nid=8 [pin: Other (None)] [DISABLED]\nhdac0: \nhdac0:             nid: 5 [DISABLED]\nhdac0:            Name: audio output\nhdac0:      Widget cap: 0x00040211\nhdac0:                  DIGITAL STEREO\nhdac0:      Stream cap: 0x00000005\nhdac0:                  AC3 PCM\nhdac0:         PCM cap: 0x000e01e0\nhdac0:                  16 20 24 bits, 44 48 88 96 KHz\nhdac0: \nhdac0:             nid: 6 [DISABLED]\nhdac0:            Name: vendor widget\nhdac0:      Widget cap: 0x00f30201\nhdac0:                  DIGITAL STEREO\nhdac0: \nhdac0:             nid: 7\nhdac0:            Name: audio selector\nhdac0:      Widget cap: 0x00300901\nhdac0:                  LRSWAP STEREO\nhdac0:     Association: 0 (0x00000001)\nhdac0:             OSS: pcm\nhdac0:     connections: 3\nhdac0:           |\nhdac0:           + \u003c- nid=2 [audio output] (selected)\nhdac0:           + [DISABLED] \u003c- nid=8 [pin: Other (None)] [DISABLED]\nhdac0:           + [DISABLED] \u003c- nid=10 [audio selector]\nhdac0: \nhdac0:             nid: 8 [DISABLED]\nhdac0:            Name: pin: Other (None)\nhdac0:      Widget cap: 0x00430681\nhdac0:                  PWR DIGITAL UNSOL STEREO\nhdac0:         Pin cap: 0x00010024\nhdac0:                  PDC IN EAPD\nhdac0:      Pin config: 0x40f000fd\nhdac0:     Pin control: 0x00000000\nhdac0:            EAPD: 0x00000002\nhdac0: \nhdac0:             nid: 9 [DISABLED]\nhdac0:            Name: pin: Other (None)\nhdac0:      Widget cap: 0x00400301\nhdac0:                  DIGITAL STEREO\nhdac0:         Pin cap: 0x00000010\nhdac0:                  OUT\nhdac0:      Pin config: 0x40f000fe\nhdac0:     Pin control: 0x00000000\nhdac0:     connections: 2\nhdac0:           |\nhdac0:           + \u003c- nid=5 [audio output] [DISABLED] (selected)\nhdac0:           + \u003c- nid=10 [audio selector]\nhdac0: \nhdac0:             nid: 10\nhdac0:            Name: audio selector\nhdac0:      Widget cap: 0x0030090d\nhdac0:                  LRSWAP STEREO\nhdac0:     Association: 1 (0x00004001)\nhdac0:             OSS: line, monitor\nhdac0:      Output amp: 0x80050f00\nhdac0:                  mute=1 step=15 size=5 offset=0\nhdac0:     connections: 1\nhdac0:           |\nhdac0:           + \u003c- nid=12 [audio selector]\nhdac0: \nhdac0:             nid: 11\nhdac0:            Name: audio selector\nhdac0:      Widget cap: 0x00300105\nhdac0:                  STEREO\nhdac0:     Association: 0 (0x00000001)\nhdac0:             OSS: pcm\nhdac0:      Output amp: 0x80051f1f\nhdac0:                  mute=1 step=31 size=5 offset=31\nhdac0:     connections: 1\nhdac0:           |\nhdac0:           + \u003c- nid=7 [audio selector]\nhdac0: \nhdac0:             nid: 12\nhdac0:            Name: audio selector\nhdac0:      Widget cap: 0x0030010d\nhdac0:                  STEREO\nhdac0:     Association: 1 (0x00004001)\nhdac0:             OSS: line, monitor\nhdac0:      Output amp: 0x00270400\nhdac0:                  mute=0 step=4 size=39 offset=0\nhdac0:     connections: 5\nhdac0:           |\nhdac0:           + \u003c- nid=16 [pin: Mic (Fixed)] (selected)\nhdac0:           + \u003c- nid=15 [pin: Line-in (Black Jack)]\nhdac0:           + [DISABLED] \u003c- nid=14 [pin: Line-out (Fixed)]\nhdac0:           + [DISABLED] \u003c- nid=13 [pin: Other (None)] [DISABLED]\nhdac0:           + [DISABLED] \u003c- nid=18 [pin: Other (None)] [DISABLED]\nhdac0: \nhdac0:             nid: 13 [DISABLED]\nhdac0:            Name: pin: Other (None)\nhdac0:      Widget cap: 0x00400181\nhdac0:                  UNSOL STEREO\nhdac0:         Pin cap: 0x0000003f\nhdac0:                  ISC TRQD PDC HP OUT IN\nhdac0:      Pin config: 0x40f000fa\nhdac0:     Pin control: 0x00000000\nhdac0:     connections: 1\nhdac0:           |\nhdac0:           + \u003c- nid=11 [audio selector]\nhdac0: \nhdac0:             nid: 14\nhdac0:            Name: pin: Line-out (Fixed)\nhdac0:      Widget cap: 0x00400181\nhdac0:                  UNSOL STEREO\nhdac0:     Association: 0 (0x00000001)\nhdac0:         Pin cap: 0x0000003f\nhdac0:                  ISC TRQD PDC HP OUT IN\nhdac0:      Pin config: 0x94011110\nhdac0:     Pin control: 0x00000040 OUT\nhdac0:     connections: 1\nhdac0:           |\nhdac0:           + \u003c- nid=11 [audio selector]\nhdac0: \nhdac0:             nid: 15\nhdac0:            Name: pin: Line-in (Black Jack)\nhdac0:      Widget cap: 0x00400181\nhdac0:                  UNSOL STEREO\nhdac0:     Association: 1 (0x00004000)\nhdac0:             OSS: line (line)\nhdac0:         Pin cap: 0x00000037\nhdac0:                  ISC TRQD PDC OUT IN\nhdac0:      Pin config: 0x2181112e\nhdac0:     Pin control: 0x00000020 IN\nhdac0:     connections: 1\nhdac0:           |\nhdac0:           + [DISABLED] \u003c- nid=11 [audio selector]\nhdac0: \nhdac0:             nid: 16\nhdac0:            Name: pin: Mic (Fixed)\nhdac0:      Widget cap: 0x00400181\nhdac0:                  UNSOL STEREO\nhdac0:     Association: 1 (0x00000001)\nhdac0:             OSS: monitor (monitor)\nhdac0:         Pin cap: 0x00001737\nhdac0:                  ISC TRQD PDC OUT IN VREF[ 50 80 GROUND HIZ ]\nhdac0:      Pin config: 0x94a11120\nhdac0:     Pin control: 0x00000024 IN VREFs\nhdac0:     connections: 1\nhdac0:           |\nhdac0:           + [DISABLED] \u003c- nid=11 [audio selector]\nhdac0: \nhdac0:             nid: 17 [DISABLED]\nhdac0:            Name: pin: Other (None)\nhdac0:      Widget cap: 0x00400104\nhdac0:         Pin cap: 0x00000010\nhdac0:                  OUT\nhdac0:      Pin config: 0x40f000fb\nhdac0:     Pin control: 0x00000000\nhdac0:      Output amp: 0x80051f1f\nhdac0:                  mute=1 step=31 size=5 offset=31\nhdac0:     connections: 1\nhdac0:           |\nhdac0:           + [DISABLED] \u003c- nid=19 [audio mixer] [DISABLED]\nhdac0: \nhdac0:             nid: 18 [DISABLED]\nhdac0:            Name: pin: Other (None)\nhdac0:      Widget cap: 0x00400001\nhdac0:                  STEREO\nhdac0:         Pin cap: 0x00000020\nhdac0:                  IN\nhdac0:      Pin config: 0x40f000fc\nhdac0:     Pin control: 0x00000000\nhdac0: \nhdac0:             nid: 19 [DISABLED]\nhdac0:            Name: audio mixer\nhdac0:      Widget cap: 0x00200100\nhdac0:     connections: 1\nhdac0:           |\nhdac0:           + \u003c- nid=7 [audio selector]\nhdac0: \nhdac0:             nid: 20\nhdac0:            Name: beep widget\nhdac0:      Widget cap: 0x0070000c\nhdac0:     Association: -2 (0x00000000)\nhdac0:             OSS: speaker (speaker)\nhdac0:      Output amp: 0x80170303\nhdac0:                  mute=1 step=3 size=23 offset=3\nhdac0: \nhdac0: Processing modem FG cad=1 nid=1...\nhdac0: \npcm0: \u003cHDA Sigmatel STAC9220 PCM #0 Analog\u003e at cad 0 nid 1 on hdac0\npcm0: +--------------------------------------+\npcm0: | DUMPING PCM Playback/Record Channels |\npcm0: +--------------------------------------+\npcm0: \npcm0: Playback:\npcm0: \npcm0:      Stream cap: 0x00000001\npcm0:                  PCM\npcm0:         PCM cap: 0x000e07e0\npcm0:                  16 20 24 bits, 44 48 88 96 176 192 KHz\npcm0:             DAC: 2\npcm0: \npcm0: Record:\npcm0: \npcm0:      Stream cap: 0x00000001\npcm0:                  PCM\npcm0:         PCM cap: 0x000e07e0\npcm0:                  16 20 24 bits, 44 48 88 96 176 192 KHz\npcm0:             ADC: 3\npcm0: \npcm0: +-------------------------------+\npcm0: | DUMPING Playback/Record Paths |\npcm0: +-------------------------------+\npcm0: \npcm0: Playback:\npcm0: \npcm0:     nid=14 [pin: Line-out (Fixed)]\npcm0:       |\npcm0:       + \u003c- nid=11 [audio selector] [src: pcm]\npcm0:              |\npcm0:              + \u003c- nid=7 [audio selector] [src: pcm]\npcm0:                     |\npcm0:                     + \u003c- nid=2 [audio output] [src: pcm]\npcm0: \npcm0: Record:\npcm0: \npcm0:     nid=3 [audio input]\npcm0:       |\npcm0:       + \u003c- nid=10 [audio selector] [src: line, monitor]\npcm0:              |\npcm0:              + \u003c- nid=12 [audio selector] [src: line, monitor]\npcm0:                     |\npcm0:                     + \u003c- nid=16 [pin: Mic (Fixed)] [src: monitor]\npcm0:                     + \u003c- nid=15 [pin: Line-in (Black Jack)] [src: line]\npcm0: \npcm0: +-------------------------+\npcm0: | DUMPING Volume Controls |\npcm0: +-------------------------+\npcm0: \npcm0: Master Volume (OSS: vol)\npcm0:    |\npcm0:    +- ctl  2 (nid  11 out):    -46/0dB (32 steps) + mute\npcm0: \npcm0: PCM Volume (OSS: pcm)\npcm0:    |\npcm0:    +- ctl  2 (nid  11 out):    -46/0dB (32 steps) + mute\npcm0: \npcm0: Speaker/Beep Volume (OSS: speaker)\npcm0:    |\npcm0:    +- ctl  5 (nid  20 out):    -18/0dB (4 steps) + mute\npcm0: \npcm0: Recording Level (OSS: rec)\npcm0:    |\npcm0:    +- ctl  1 (nid  10 out):    0/22dB (16 steps) + mute\npcm0:    +- ctl  3 (nid  12 out):    0/40dB (5 steps)\npcm0: \npcm0: Mixer \"vol\":\npcm0: Mixer \"pcm\":\npcm0: Mixer \"speaker\":\npcm0: Mixer \"rec\":\npcm0: clone manager: deadline=750ms flags=0x8000001e\npcm0: sndbuf_setmap 15d0000, 4000; 0xf64bd000 -\u003e 15d0000\npcm0: sndbuf_setmap 15e0000, 4000; 0xf64cd000 -\u003e 15e0000\nSMP: AP CPU #1 Launched!\ncpu1 AP:\n     ID: 0x01000000   VER: 0x00050014 LDR: 0x00000000 DFR: 0xffffffff\n  lint0: 0x00010700 lint1: 0x00000400 TPR: 0x00000000 SVR: 0x000001ff\n  timer: 0x000200ef therm: 0x00010200 err: 0x00010000 pcm: 0x00010000\nioapic0: routing intpin 9 (ISA IRQ 9) to lapic 1 vector 48\nioapic0: routing intpin 14 (ISA IRQ 14) to lapic 1 vector 49\nioapic0: routing intpin 16 (PCI IRQ 16) to lapic 1 vector 50\nioapic0: routing intpin 19 (PCI IRQ 19) to lapic 1 vector 51\nioapic0: routing intpin 23 (PCI IRQ 23) to lapic 1 vector 52\npcib5: requested memory range 0x88000000-0xffffffff: good\nunknown: Lazy allocation of 0x10000 bytes rid 0x10 type 3 at 0xd0010000\nunknown: Reserved 0x10000 bytes for rid 0x10 type 3 at 0xd0010000\ncbb0: Opening memory:\ncbb0: Normal: 0xd0010000-0xd001ffff\ncbb0: Opening memory:\npcib5: requested memory range 0xd0010000-0xd001ffff: good\ncbb0: Opening memory:\ncbb0: Normal: 0xd0010000-0xd001ffff\ncbb0: Opening memory:\n\tmap[10]: type Memory, range 32, base 0, size 16, enabled\npcib5: requested memory range 0x88000000-0xffffffff: good\nfound-\u003e\tvendor=0x168c, dev=0x0013, revid=0x01\n\tdomain=0, bus=7, slot=0, func=0\n\tclass=02-00-00, hdrtype=0x00, mfdev=0\n\tcmdreg=0x0002, statreg=0x0290, cachelnsz=0 (dwords)\n\tlattimer=0x00 (0 ns), mingnt=0x0a (2500 ns), maxlat=0x1c (7000 ns)\n\tintpin=a, irq=21\n\tpowerspec 2  supports D0 D3  current D0\nath0: \u003cAtheros 5212\u003e mem 0xd0010000-0xd001ffff irq 21 at device 0.0 on cardbus0\nath0: Reserved 0x10000 bytes for rid 0x10 type 3 at 0xd0010000\ncbb0: Opening memory:\ncbb0: Normal: 0xd0010000-0xd001ffff\nath0: [MPSAFE]\nath0: [ITHREAD]\nath0: 11a rates: 6Mbps 9Mbps 12Mbps 18Mbps 24Mbps 36Mbps 48Mbps 54Mbps\nath0: 11b rates: 1Mbps 2Mbps 5.5Mbps 11Mbps\nath0: 11g rates: 1Mbps 2Mbps 5.5Mbps 11Mbps 6Mbps 9Mbps 12Mbps 18Mbps 24Mbps 36Mbps 48Mbps 54Mbps\nath0: turboA rates: 6Mbps 9Mbps 12Mbps 18Mbps 24Mbps 36Mbps 48Mbps 54Mbps\nath0: turboG rates: 1Mbps 2Mbps 5.5Mbps 11Mbps 6Mbps 9Mbps 12Mbps 18Mbps 24Mbps 36Mbps 48Mbps 54Mbps\nath0: sturboA rates: 6Mbps 9Mbps 12Mbps 18Mbps 24Mbps 36Mbps 48Mbps 54Mbps\nath0: AR5212 mac 5.9 RF5112 phy 4.3\nath0: Use hw queue 1 for WME_AC_BE traffic\nath0: Use hw queue 0 for WME_AC_BK traffic\nath0: Use hw queue 2 for WME_AC_VI traffic\nath0: Use hw queue 3 for WME_AC_VO traffic\nath0: Use hw queue 8 for CAB traffic\nath0: Use hw queue 9 for beacons\nuhub3: 2 ports with 2 removable, self powered\nuhub1: 2 ports with 2 removable, self powered\nuhub0: 2 ports with 2 removable, self powered\nuhub2: 2 ports with 2 removable, self powered\nRoot mount waiting for: usbus4\nacd0: FAILURE - INQUIRY ILLEGAL REQUEST asc=0x24 ascq=0x00 \n(probe0:ata1:0:0:0): error 22\n(probe0:ata1:0:0:0): Unretryable Error\n(probe0:ata1:0:0:0): Down reving Protocol Version from 2 to 0?\n(probe0:ata1:0:0:0): TEST UNIT READY. CDB: 0 0 0 0 0 0 \n(probe0:ata1:0:0:0): CAM Status: SCSI Status Error\n(probe0:ata1:0:0:0): SCSI Status: Check Condition\n(probe0:ata1:0:0:0): NOT READY asc:3a,0\n(probe0:ata1:0:0:0): Medium not present\n(probe0:ata1:0:0:0): (probe0:ata1:0:0:0): TEST UNIT READY. CDB: 0 0 0 0 0 0 \n(probe0:ata1:0:0:0): NOT READY asc:3a,0\n(probe0:ata1:0:0:0): Medium not present\nUnretryable error\n(probe0:ata1:0:0:0): error 6\n(probe0:ata1:0:0:0): Unretryable Error\npass0 at ata1 bus 0 target 0 lun 0\npass0: \u003cMATSHITA DVD-RAM UJ-841S 1.20\u003e Removable CD-ROM SCSI-0 device \npass0: 33.000MB/s transfers\nGEOM: new disk cd0\n(cd0:ata1:0:0:0): error 6\n(cd0:ata1:0:0:0): Unretryable Error\ncd0 at ata1 bus 0 target 0 lun 0\ncd0: \u003cMATSHITA DVD-RAM UJ-841S 1.20\u003e Removable CD-ROM SCSI-0 device \ncd0: 33.000MB/s transfers\ncd0: Attempt to query device size failed: NOT READY, Medium not present\n(cd0:ata1:0:0:0): error 6\n(cd0:ata1:0:0:0): Unretryable Error\n(cd0:ata1:0:0:0): error 6\n(cd0:ata1:0:0:0): Unretryable Error\n(cd0:ata1:0:0:0): error 6\n(cd0:ata1:0:0:0): Unretryable Error\nRoot mount waiting for: usbus4\nRoot mount waiting for: usbus4\nuhub4: 8 ports with 8 removable, self powered\nRoot mount waiting for: usbus4\nTrying to mount root from zfs:tank\nugen0.2: \u003cvendor 0x0461\u003e at usbus0\nugen1.2: \u003cSTMicroelectronics\u003e at usbus1\nums0: \u003cvendor 0x0461 USB Optical Mouse, class 0/0, rev 2.00/2.00, addr 2\u003e on usbus0\nums0: 3 buttons and [XYZ] coordinates ID=0\nct_to_ts([2009-07-16 22:11:47]) = 1247782307.000000000\nstart_init: trying /sbin/init\nwlan0: bpf attached\nwlan0: bpf attached\nwlan0: Ethernet address: 00:12:17:6e:e3:10\nnfslock: pseudo-device\nlink_elf: symbol dev2unit undefined\nwlan0: link state changed to UP\nlinprocfs registered\nlinsysfs registered\nbattery1: battery initialization failed, giving up\n\n\nKERNEL CONFIG:\n\n\nident\t\tCATALYST\nmaxusers\t0\noptions \tMAXMEM=(3328*1024)\n\n#####################################################################\n# CPU OPTIONS\n\ncpu\t\tI686_CPU\t\t# aka Pentium Pro(tm)\noptions \tSMP\t\t\t# Symmetric MultiProcessor Kernel\ndevice\t\tapic\t\t\t# I/O APIC\n\nmakeoptions\tMODULES_OVERRIDE=\"acpi/acpi acpi/acpi_toshiba \\\n\t\tmd ntfs ntfs_iconv linux linprocfs linsysfs zfs \\\n\t\tkrpc firewire/firewire firewire/sbp firewire/fwe \\\n\t\tfirewire/fwip netgraph/netgraph netgraph/bluetooth \\\n\t\tnetgraph/socket mii em firmware sound/sound \\\n\t\tsound/driver/hda ath wpi wpifw opensolaris \\\n\t\tcpufreq coretemp aio\"\n\noptions \tINCLUDE_CONFIG_FILE     # Include this file in kernel\nnooption\tKSE\n\noptions \tKVA_PAGES=320\n\n#####################################################################\n# Scheduler options:\n#\n#options \tSCHED_4BSD\noptions \tSCHED_ULE\noptions \tPREEMPTION\n#options \tMPTABLE_FORCE_HTT\t# Enable HTT CPUs with the MP Table\n#options \tADAPTIVE_GIANT\t\t# Giant mutex is adaptive.\noptions \tSTOP_NMI\t\t# Stop CPUS using NMI instead of IPI\n\n#####################################################################\n# COMPATIBILITY OPTIONS                                             \n\noptions\t\tSYSVMSG\noptions\t\tSYSVSHM\noptions\t\tSYSVSEM\n\n#####################################################################\n# DEBUGGING OPTIONS\n\noptions \tKTRACE\t\t\t#kernel tracing\nspeed\n\n#####################################################################\n# NETWORKING OPTIONS\n\noptions \tINET\t\t\t#Internet communications protocols\noptions \tINET6\t\t\t# IPv6 communications protocols\noptions \tSCTP\t\t\t# Stream Control Transmission Protocol\n\ndevice\t\tether\t\t\t#Generic Ethernet\ndevice\t\tloop\t\t\t#Network loopback device\ndevice\t\tbpf\t\t\t#Berkeley packet filter\ndevice\t\trandom\ndevice\t\tpf\t\t\t#PF OpenBSD packet-filter firewall\ndevice\t\tpflog\t\t\t#logging support interface for PF\n\noptions \tALTQ\noptions \tALTQ_CBQ\t# Class Bases Queueing\noptions \tALTQ_RED\t# Random Early Detection\noptions \tALTQ_RIO\t# RED In/Out\noptions \tALTQ_HFSC\t# Hierarchical Packet Scheduler\noptions \tALTQ_CDNR\t# Traffic conditioner\noptions \tALTQ_PRIQ\t# Priority Queueing\n\noptions \tZERO_COPY_SOCKETS\noptions\t\tACCEPT_FILTER_DATA\noptions\t\tACCEPT_FILTER_HTTP\n\n#####################################################################\n# FILESYSTEM OPTIONS\n\noptions \tFFS\t\t\t#Fast filesystem\n\noptions \tPROCFS\t\t\t#Process filesystem (requires PSEUDOFS)\noptions \tPSEUDOFS\t\t#Pseudo-filesystem framework\noptions \tSOFTUPDATES\noptions\t\tMSDOSFS\noptions \tMSDOSFS_ICONV\noptions\t\tTMPFS\n\noptions \tNFSCLIENT\t\t#Network File System client\noptions \tNFSSERVER\t\t#Network File System server\noptions \tNFSLOCKD\t\t#Network Lock Manager\noptions \tNFSCL\t\t\t#experimental NFS client with NFSv4\noptions \tNFSD\t\t\t#experimental NFS server with NFSv4\n\noptions\t\tCD9660\noptions \tCD9660_ICONV\n\noptions \tUFS_ACL\noptions \tUFS_DIRHASH\n\noptions \tGEOM_LABEL\t\t# Providers labelization.\noptions \tGEOM_VOL\t\t# Volume names from UFS superblock\nnooption \tGEOM_BSD\t\t# BSD disklabel\nnooption \tGEOM_MBR\t\t# GPT partitioning\n#options \tGEOM_PART_BSD\t\t# BSD disklabel\noptions \tGEOM_PART_GPT\t\t# GPT partitioning\n#options \tGEOM_PART_MBR\t\t# MBR partitioning\n\noptions \tLIBICONV\n\n#####################################################################\n# POSIX P1003.1B\n\noptions \t_KPOSIX_PRIORITY_SCHEDULING\n#options\t\tP1003_1B_SEMAPHORES\n\n#####################################################################\n# CLOCK OPTIONS\n\n#options \tHZ=100\n\n#####################################################################\n# SCSI DEVICES\n\ndevice\t\tscbus\t\t#base SCSI code\ndevice\t\tda\t\t#SCSI direct access devices (aka disks)\ndevice\t\tcd\t\t#SCSI CD-ROMs\ndevice\t\tpass\t\t#CAM passthrough driver\n\n#####################################################################\n# MISCELLANEOUS DEVICES AND OPTIONS\n\ndevice\t\tpty\t\t#Pseudo ttys\ndevice\t\tmd\t\t#Memory/malloc disk\n\n#####################################################################\n# crypto subsystem\n\ndevice\t\tcrypto\ndevice\t\tcryptodev\n\n#####################################################################\n# HARDWARE BUS CONFIGURATION\n\ndevice\t\tpci\ndevice\t\tagp\n\n#####################################################################\n# HARDWARE DEVICE CONFIGURATION\n\ndevice\t\tatkbdc\ndevice\t\tatkbd\noptions \tKBD_INSTALL_CDEV\t# install a CDEV entry in /dev\n\ndevice\t\tpsm\noptions \tPSM_HOOKRESUME\t\t#hook the system resume event, useful\noptions \tPSM_RESETAFTERSUSPEND\t#reset the device at the resume event\n\ndevice\t\tvga\noptions \tVESA\n\ndevice\t\tspeaker\t\t#Play IBM BASIC-style noises out your speaker\n\ndevice\t\tsc\noptions \tSC_ALT_MOUSE_IMAGE\t# simplified mouse cursor in text mode\noptions \tSC_PIXEL_MODE\t\t# add support for the raster text mode\noptions\t\tSC_TWOBUTTON_MOUSE\n\ndevice\t\tata\ndevice\t\tatadisk\t\t# ATA disk drives\ndevice\t\tatapicd\t\t# ATAPI CDROM drives\ndevice\t\tatapicam\t# emulate ATAPI devices as SCSI ditto via CAM\n\t\t\t\t# needs CAM to be present (scbus \u0026 pass)\n\n# USB support\ndevice\t\tuhci\t\t# UHCI PCI-\u003eUSB interface\ndevice\t\tohci\t\t# OHCI PCI-\u003eUSB interface\ndevice\t\tehci\t\t# EHCI PCI-\u003eUSB interface (USB 2.0)\ndevice\t\tusb\t\t# USB Bus (required)\ndevice\t\tuhid\t\t# \"Human Interface Devices\"\ndevice\t\tukbd\t\t# Keyboard\ndevice\t\tulpt\t\t# Printer\ndevice\t\tumass\t\t# Disks/Mass storage - Requires scbus and da\ndevice\t\tums\t\t# Mouse\n\ndevice\t\tuart\n\ndevice\t\tcbb\ndevice\t\tpccard\ndevice\t\tcardbus\n\ndevice\t\twlan\ndevice\t\twlan_wep\t# 802.11 WEP support\ndevice\t\twlan_ccmp\t# 802.11 CCMP support\ndevice\t\twlan_tkip\t# 802.11 TKIP support\ndevice\t\twlan_amrr\t# AMRR transmit rate control algorithm\n\nHow-To-Repeat: Boot, let system run overnight. Wait for network functionality to drop."
}