{
 "id": 1155799,
 "bug_id": 254984,
 "attachment_id": 0,
 "creation_time": "2021-04-12T12:40:10Z",
 "creator": "freebsd@sysctl.cz",
 "text": "I booted, I must dd the u-boot image to sdcard\n\nBooting [/boot/kernel/kernel]...               \nUsing DTB provided by EFI at 0x47ef5000.\nKernel entry at 0x54e00200...\nKernel args: (null)\n---\u003c\u003cBOOT\u003e\u003e---\nGDB: debug ports: uart\nGDB: current port: uart\nKDB: debugger backends: ddb gdb\nKDB: current backend: ddb\nCopyright (c) 1992-2021 The FreeBSD Project.\nCopyright (c) 1979, 1980, 1983, 1986, 1988, 1989, 1991, 1992, 1993, 1994\n        The Regents of the University of California. All rights reserved.\nFreeBSD is a registered trademark of The FreeBSD Foundation.\nFreeBSD 14.0-CURRENT #0 main-n245885-15dc713ceb5: Thu Apr  8 08:44:43 UTC 2021\n    root@releng1.nyi.freebsd.org:/usr/obj/usr/src/arm.armv7/sys/GENERIC arm\nFreeBSD clang version 11.0.1 (git@github.com:llvm/llvm-project.git llvmorg-11.0.1-0-g43ff75f2c3fe)\nWARNING: WITNESS option enabled, expect reduced performance.\nVT: init without driver.\nCPU: ARM Cortex-A7 r0p5 (ECO: 0x00000000)\nCPU Features: \n  Multiprocessing, Thumb2, Security, Virtualization, Generic Timer, VMSAv7,\n  PXN, LPAE, Coherent Walk\nOptional instructions: \n  SDIV/UDIV, UMULL, SMULL, SIMD(ext)\nLoUU:2 LoC:3 LoUIS:2 \nCache level 1:\n 32KB/64B 4-way data cache WB Read-Alloc Write-Alloc\n 32KB/32B 2-way instruction cache Read-Alloc\nCache level 2:\n 512KB/64B 8-way unified cache WB Read-Alloc Write-Alloc\nreal memory  = 536240128 (511 MB)\navail memory = 506937344 (483 MB)\nNo PSCI/SMCCC call function found\nFreeBSD/SMP: Multiprocessor System Detected: 4 CPUs\narc4random: WARNING: initial seeding bypassed the cryptographic random device because it was not yet seeded and the knob 'bypass_before_seeding' was enabled.\nrandom: entropy device external interface\nWARNING: Device \"openfirm\" is Giant locked and may be deleted before FreeBSD 14.0.\nWARNING: Device \"kbd\" is Giant locked and may be deleted before FreeBSD 14.0.\nkbd0 at kbdmux0\nofwbus0: \u003cOpen Firmware Device Tree\u003e\nofw_clkbus0: \u003cOFW clocks bus\u003e on ofwbus0\nclk_fixed0: \u003cFixed clock\u003e on ofw_clkbus0\nclk_fixed1: \u003cFixed clock\u003e on ofw_clkbus0\nsimplebus0: \u003cFlattened device tree simple bus\u003e on ofwbus0\nregfix0: \u003cFixed Regulator\u003e on ofwbus0\nregfix1: \u003cFixed Regulator\u003e on ofwbus0\nregfix2: \u003cFixed Regulator\u003e on ofwbus0\nregfix3: \u003cFixed Regulator\u003e on ofwbus0\nrtc0: \u003cAllwinner RTC\u003e mem 0x1f00000-0x1f003ff irq 45,46 on simplebus0\nrtc0: registered as a time-of-day clock, resolution 1.000000s\nccu_h3ng0: \u003cAllwinner H3/H5 Clock Control Unit NG\u003e mem 0x1c20000-0x1c203ff on simplebus0\nccu_sun8i_r0: \u003cAllwinner SUN8I_R Clock Control Unit NG\u003e mem 0x1f01400-0x1f014ff on simplebus0\ngic0: \u003cARM Generic Interrupt Controller\u003e mem 0x1c81000-0x1c81fff,0x1c82000-0x1c83fff,0x1c84000-0x1c85fff,0x1c86000-0x1c87fff irq 42 on simplebus0\ngic0: pn 0x1, arch 0x2, rev 0x1, implementer 0x43b irqs 160\ngpio0: \u003cAllwinner GPIO/Pinmux controller\u003e mem 0x1c20800-0x1c20bff irq 23,24 on simplebus0\ngpiobus0: \u003cOFW GPIO bus\u003e on gpio0\ngpio1: \u003cAllwinner GPIO/Pinmux controller\u003e mem 0x1f02c00-0x1f02fff irq 49 on simplebus0\ngpiobus1: \u003cOFW GPIO bus\u003e on gpio1\ngpioregulator0: \u003cGPIO controlled regulator\u003e on ofwbus0\ngeneric_timer0: \u003cARMv7 Generic Timer\u003e irq 4,5,6,7 on ofwbus0\nTimecounter \"ARM MPCore Timecounter\" frequency 24000000 Hz quality 1000\nEvent timer \"ARM MPCore Eventtimer\" frequency 24000000 Hz quality 1000\naw_syscon0: \u003cAllwinner syscon\u003e mem 0x1c00000-0x1c00fff on simplebus0\naw_sid0: \u003cAllwinner Secure ID Controller\u003e mem 0x1c14000-0x1c143ff on simplebus0\nawusbphy0: \u003cAllwinner USB PHY\u003e mem 0x1c19400-0x1c1942b,0x1c1a800-0x1c1a803,0x1c1b800-0x1c1b803,0x1c1c800-0x1c1c803,0x1c1d800-0x1c1d803 on simplebus0\na31dmac0: \u003cAllwinner DMA controller\u003e mem 0x1c02000-0x1c02fff irq 8 on simplebus0\naw_mmc0: \u003cAllwinner Integrated MMC/SD controller\u003e mem 0x1c0f000-0x1c0ffff irq 10 on simplebus0\naw_mmc1: \u003cAllwinner Integrated MMC/SD controller\u003e mem 0x1c10000-0x1c10fff irq 11 on simplebus0\nmusbotg0: \u003cAllwinner USB DRD\u003e mem 0x1c19000-0x1c193ff irq 14 on simplebus0\nmusbotg0: setting phy mode 3\nusbus0: Dynamic FIFO sizing detected, assuming 16Kbytes of FIFO RAM\nusbus0 on musbotg0\nehci0: \u003cGeneric EHCI Controller\u003e mem 0x1c1a000-0x1c1a0ff irq 15 on simplebus0\nusbus1: EHCI version 1.0\nusbus1 on ehci0\nohci0: \u003cGeneric OHCI Controller\u003e mem 0x1c1a400-0x1c1a4ff irq 16 on simplebus0\nusbus2 on ohci0\nehci1: \u003cGeneric EHCI Controller\u003e mem 0x1c1b000-0x1c1b0ff irq 17 on simplebus0\nusbus3: EHCI version 1.0\nusbus3 on ehci1\nohci1: \u003cGeneric OHCI Controller\u003e mem 0x1c1b400-0x1c1b4ff irq 18 on simplebus0\nusbus4 on ohci1\ngpioc0: \u003cGPIO controller\u003e on gpio0\nawg0: \u003cAllwinner Gigabit Ethernet\u003e mem 0x1c30000-0x1c3ffff irq 27 on simplebus0\nmiibus0: \u003cMII bus\u003e on awg0\nukphy0: \u003cGeneric IEEE 802.3u media interface\u003e PHY 0 on miibus0\nukphy0:  none, 10baseT, 10baseT-FDX, 100baseTX, 100baseTX-FDX, auto, auto-flow\nukphy1: \u003cGeneric IEEE 802.3u media interface\u003e PHY 1 on miibus0\nukphy1:  none, 10baseT, 10baseT-FDX, 100baseTX, 100baseTX-FDX, auto, auto-flow\nawg0: Ethernet address: 02:42:78:42:f3:cf\naw_wdog0: \u003cAllwinner A31 Watchdog\u003e mem 0x1c20ca0-0x1c20cbf irq 30 on simplebus0\nuart0: console (115384,n,8,1)mem 0x1c28000-0x1c283ff irq 35 on simplebus0\ngpioc1: \u003cGPIO controller\u003e on gpio1\naw_thermal0: \u003cAllwinner Thermal Sensor Controller\u003e mem 0x1c25000-0x1c253ff irq 60 on simplebus0\ncpulist0: \u003cOpen Firmware CPU Group\u003e on ofwbus0\ncpu0: \u003cOpen Firmware CPU\u003e on cpulist0\ncpufreq_dt0: \u003cGeneric cpufreq driver\u003e on cpu0\ncpu1: \u003cOpen Firmware CPU\u003e on cpulist0\ncpu2: \u003cOpen Firmware CPU\u003e on cpulist0\ncpu3: \u003cOpen Firmware CPU\u003e on cpulist0\npmu0: \u003cPerformance Monitoring Unit\u003e irq 0,1,2,3 on ofwbus0\ngpioled0: \u003cGPIO LEDs\u003e on ofwbus0\nTimecounters tick every 1.000 msec\nusbus0: 480Mbps High Speed USB v2.0\nusbus1: 480Mbps High Speed USB v2.0\nusbus2: 12Mbps Full Speed USB v1.0\nusbus3: 480Mbps High Speed USB v2.0\nusbus4: 12Mbps Full Speed USB v1.0\nRelease APs\nWARNING: WITNESS option enabled, expect reduced performance.\nTrying to mount root from ufs:/dev/ufs/rootfs [rw]...\nugen3.1: \u003cGeneric EHCI root HUB\u003e at usbus3\nugen1.1: \u003cGeneric EHCI root HUB\u003e at usbus1\nugen0.1: \u003cMentor Graphics OTG Root HUB\u003e at usbus0\nuhub0ugen4.1: \u003cGeneric OHCI root HUB\u003e at usbus4\n on usbus3\nuhub1 on usbus1\nuhub2 on usbus0\nuhub0: \u003cGeneric EHCI root HUB, class 9/0, rev 2.00/1.00, addr 1\u003e on usbus3\nuhub1: \u003cGeneric EHCI root HUB, class 9/0, rev 2.00/1.00, addr 1\u003e on usbus1\nuhub3 on usbus4\nuhub2: \u003cMentor Graphics OTG Root HUB, class 9/0, rev 2.00/1.00, addr 1\u003e on usbus0\nuhub3: \u003cGeneric OHCI root HUB, class 9/0, rev 1.00/1.00, addr 1\u003e on usbus4\nRoot mount waiting for:ugen2.1: \u003cGeneric OHCI root HUB\u003e at usbus2\n usbus0uhub4 usbus1 on usbus2\n usbus2uhub4: \u003cGeneric OHCI root HUB, class 9/0, rev 1.00/1.00, addr 1\u003e on usbus2\n usbus3 usbus4\nuhub3: 1 port with 1 removable, self powered\nuhub4: 1 port with 1 removable, self powered\nuhub2: 1 port with 1 removable, self powered\nmmc0: \u003cMMC/SD bus\u003e on aw_mmc1\nmmc0: No compatible cards found on bus\naw_mmc1: Spurious interrupt - no active request, rint: 0x00000004\n\nmmc1: \u003cMMC/SD bus\u003e on aw_mmc0\nmmcsd0: 8GB \u003cSDHC SL08G 8.0 SN 35AAEDF1 MFG 06/2015 by 3 SD\u003e at mmc1 50.0MHz/4bit/32768-block\nmmc1: Failed to set VCCQ for card at relative address 43690\nuhub0: 1 port with 1 removable, self powered\nuhub1: 1 port with 1 removable, self powered\nmountroot: waiting for device /dev/ufs/rootfs...\nNo suitable dump device was found.\nGrowing root partition to fill device\nrandom: randomdev_wait_until_seeded unblock wait\nrandom: unblocking device.\nGEOM_PART: mmcsd0s2 was automatically resized.\n  Use `gpart commit mmcsd0s2` to save changes or `gpart undo mmcsd0s2` to revert them.\nmmcsd0s2 resized\nmmcsd0s2a resized\ngpart: arg0 'ufs/rootfs': Invalid argument\nsuper-block backups (for fsck_ffs -b #) at:\n 6402432, 7682880, 8963328, 10243776, 11524224, 12804672, 14085120, 15365568\n/etc/rc: WARNING: hostid: unable to figure out a UUID from DMI data, generating a new one\nSetting hostuuid: af878092-f668-11de-86ba-9b9181a4fa0d.\nSetting hostid: 0x522a2dcf.\nStarting file system checks:\n/dev/ufs/rootfs: FILE SYSTEM CLEAN; SKIPPING CHECKS\n/dev/ufs/rootfs: clean, 1365286 free (238 frags, 170631 blocks, 0.0% fragmentation)\nMounting local filesystems:.\nSetting up harvesting: [UMA],[FS_ATIME],SWI,INTERRUPT,NET_NG,[NET_ETHER],NET_TUN,MOUSE,KEYBOARD,ATTACH,CACHED\nFeeding entropy: .\nSetting hostname: generic.\nBuilding /boot/kernel/linker.hints\nELF ldconfig path: /lib /usr/lib /usr/lib/compat\nSoft Float compatibility ldconfig path:\nlo0: link state changed to UP\nawg0: link state changed to DOWN"
}