{
 "id": 734729,
 "bug_id": 183007,
 "attachment_id": 0,
 "creation_time": "2013-10-15T22:40:01Z",
 "creator": "as@cmplx.uk",
 "text": "\nbelow are the outputs of ddb commands:\n\nshow msgbuf\nshow proc\nrun lockinfo\nshow pcpu\nbt\nshow threads\nps\nalltrace\nshow pginfo\n\n\ndb\u003e show msgbuf\nmsgbufp = 0xe0000040fffdffb8\nmagic = 63062, size = 98232, r= 11031, w = 11766, ptr = 0xe0000040fffc8000, cksum= 898967\npanic: deadlkres: possible deadlock detected for 0xe0000000128ecd80, blocked for 900060 ticks\n\ncpuid = 1\nKDB: stack backtrace:\ndb_trace_self(0x9ffc000000158380) at db_trace_self+0x40\ndb_trace_self_wrapper(0x9ffc00000060b900) at db_trace_self_wrapper+0x70\nkdb_backtrace(0x9ffc000000ee1b48, 0x9ffc000000592a40, 0x40c, 0x9ffc0000010b48a0) at kdb_backtrace+0xc0\nvpanic(0x9ffc000000dc54d8, 0xa00000009de3b518) at vpanic+0x260\npanic(0x9ffc000000dc54d8, 0x9ffc000000dc5768, 0xe0000000128ecd80, 0xdbbdc) at panic+0x80\ndeadlkres(0xdbbdc, 0xe0000000128ecd80, 0x9ffc000000dc8140, 0x9ffc000000dc5468) at deadlkres+0x420\nfork_exit(0x9ffc000000e23230, 0x0, 0xa00000009de3b550) at fork_exit+0x120\nenter_userland() at enter_userland\nKDB: enter: panic\nGDB: debug ports: uart\nGDB: current port: uart\nKDB: debugger backends: ddb gdb\nKDB: current backend: ddb\nCopyright (c) 1992-2013 The FreeBSD Project.\nCopyright (c) 1979, 1980, 1983, 1986, 1988, 1989, 1991, 1992, 1993, 1994\n        The Regents of the University of California. All rights reserved.\nFreeBSD is a registered trademark of The FreeBSD Foundation.\nFreeBSD 10.0-CURRENT #7 r255488: Tue Oct 15 10:09:07 BST 2013\n    root@mech-as28.men.bris.ac.uk:/usr/obj/usr/src/sys/ZEEV ia64\ngcc version 4.2.1 20070831 patched [FreeBSD]\nWARNING: WITNESS option enabled, expect reduced performance.\nWARNING: DIAGNOSTIC option enabled, expect reduced performance.\nCPU: Madison II (1600 MHz Itanium 2)\n  Origin = \"GenuineIntel\"  Revision = 2\n  Features = 0x1\u003cLB\u003e\nreal memory  = 10737418240 (10240 MB)\navail memory = 10484695040 (9998 MB)\nFPSWA Revision = 0x10012, Entry = 0xe0000040ffcc4050\nFreeBSD/SMP: Multiprocessor System Detected: 2 CPUs\ncpu0: ACPI Id=0, SAPIC Id=0, SAPIC Eid=0 (BSP)\ncpu1: ACPI Id=1, SAPIC Id=1, SAPIC Eid=0\nrandom: \u003cSoftware, Yarrow\u003e initialized\nEvent timer \"ITC\" frequency 1600000000 Hz quality 1000\nACPI BIOS Warning (bug): 32/64X length mismatch in FADT/Gpe0Block: 32/16 (20130823/tbfadt-603)\nACPI BIOS Warning (bug): 32/64X length mismatch in FADT/Gpe1Block: 32/16 (20130823/tbfadt-603)\nacpi0: \u003cHP\u003e on motherboard\nacpi0: Power Button (fixed)\nacpi0: Sleep Button (fixed)\ncpu0: \u003cACPI CPU\u003e on acpi0\ncpu1: \u003cACPI CPU\u003e on acpi0\nTimecounter \"ACPI-safe\" frequency 3579545 Hz quality 850\nacpi_timer0: \u003c32-bit timer at 3.579545MHz\u003e iomem 0xff5c1004-0xff5c1007 on acpi0\nacpi_tz0: \u003cThermal Zone\u003e on acpi0\npcib0: \u003cACPI Host-PCI bridge\u003e on acpi0\npcib0: could not evaluate _ADR - AE_NOT_FOUND\npci0: \u003cACPI PCI bus\u003e on pcib0\nohci0: \u003cNEC uPD 9210 USB controller\u003e mem 0x80002000-0x80002fff irq 16 at device 1.0 on pci0\nusbus0 on ohci0\nohci1: \u003cNEC uPD 9210 USB controller\u003e mem 0x80001000-0x80001fff irq 17 at device 1.1 on pci0\nusbus1 on ohci1\nehci0: \u003cNEC uPD 720100 USB 2.0 controller\u003e mem 0x80000000-0x800000ff irq 18 at device 1.2 on pci0\nusbus2: EHCI version 0.95\nusbus2 on ehci0\npci0: \u003cmass storage, ATA\u003e at device 2.0 (no driver attached)\npcib1: \u003cACPI Host-PCI bridge\u003e on acpi0\npcib1: could not evaluate _ADR - AE_NOT_FOUND\npci32: \u003cACPI PCI bus\u003e on pcib1\nmpt0: \u003cLSILogic 1030 Ultra4 Adapter\u003e port 0x2100-0x21ff mem 0x903a0000-0x903bffff,0x90380000-0x9039ffff irq 27 at device 1.0 on pci32\nmpt0: MPI Version=1.2.12.0\nmpt1: \u003cLSILogic 1030 Ultra4 Adapter\u003e port 0x2000-0x20ff mem 0x90360000-0x9037ffff,0x90340000-0x9035ffff irq 28 at device 1.1 on pci32\nmpt1: MPI Version=1.2.12.0\nem0: \u003cIntel(R) PRO/1000 Legacy Network Connection 1.0.6\u003e port 0x2240-0x227f mem 0x90320000-0x9033ffff,0x90280000-0x902fffff irq 29 at device 2.0 on pci32\nem0: Ethernet address: 00:13:21:5b:05:1c\nem1: \u003cIntel(R) PRO/1000 Legacy Network Connection 1.0.6\u003e port 0x2200-0x223f mem 0x90300000-0x9031ffff irq 30 at device 2.1 on pci32\nem1: Ethernet address: 00:13:21:5b:05:1d\npcib2: \u003cACPI Host-PCI bridge\u003e on acpi0\npcib2: could not evaluate _ADR - AE_NOT_FOUND\npci64: \u003cACPI PCI bus\u003e on pcib2\npcib3: \u003cACPI Host-PCI bridge\u003e on acpi0\npcib3: could not evaluate _ADR - AE_NOT_FOUND\npci96: \u003cACPI PCI bus\u003e on pcib3\npcib4: \u003cACPI Host-PCI bridge\u003e on acpi0\npcib4: could not evaluate _ADR - AE_NOT_FOUND\npci128: \u003cACPI PCI bus\u003e on pcib4\npcib5: \u003cACPI Host-PCI bridge\u003e on acpi0\npcib5: could not evaluate _ADR - AE_NOT_FOUND\npci192: \u003cACPI PCI bus\u003e on pcib5\nisp0: \u003cQlogic ISP 2422 PCI FC-AL Adapter\u003e port 0xc000-0xc0ff mem 0xe0040000-0xe0040fff irq 71 at device 1.0 on pci192\npcib6: \u003cACPI Host-PCI bridge\u003e on acpi0\npcib6: could not evaluate _ADR - AE_NOT_FOUND\npci224: \u003cACPI PCI bus\u003e on pcib6\nuart0: \u003cHP Auxiliary Diva Serial Port\u003e mem 0xf8051000-0xf805100f irq 82 at device 1.0 on pci224\npuc0: \u003cHP Diva Serial [GSP] Multiport UART - Everest SP2\u003e mem 0xf8050000-0xf8050fff,0xf8020000-0xf803ffff irq 82 at device 1.1 on pci224\nuart1: \u003cNon-standard ns8250 class UART with FIFOs\u003e at port 1 on puc0\nuart1: console (9600,n,8,1)\nuart2: \u003cNon-standard ns8250 class UART with FIFOs\u003e at port 3 on puc0\nvgapci0: \u003cVGA-compatible display\u003e port 0xe000-0xe0ff mem 0xf0000000-0xf7ffffff,0xf8040000-0xf804ffff at device 2.0 on pci224\nuart3: \u003c16550 or compatible\u003e iomem 0xff5e0000-0xff5e0007 irq 34 on acpi0\nuart4: \u003c16550 or compatible\u003e iomem 0xff5e2000-0xff5e2007 irq 35 on acpi0\nuart4: debug port (9600,n,8,1)\nZFS filesystem version: 5\nZFS storage pool version: features support (5000)\nTimecounters tick every 1.000 msec\nusbus0: 12Mbps Full Speed USB v1.0\nIP Filter: v5.1.2 initialized.  Default = block all, Logging = enabled\nusbus1: 12Mbps Full Speed USB v1.0\nusbus2: 480Mbps High Speed USB v2.0\nugen2.1: \u003cNEC\u003e at usbus2\nuhub0: \u003cNEC EHCI root HUB, class 9/0, rev 2.00/1.00, addr 1\u003e on usbus2\nugen1.1: \u003cNEC\u003e at usbus1\nuhub1: \u003cNEC OHCI root HUB, class 9/0, rev 1.00/1.00, addr 1\u003e on usbus1\nugen0.1: \u003cNEC\u003e at usbus0\nuhub2: \u003cNEC OHCI root HUB, class 9/0, rev 1.00/1.00, addr 1\u003e on usbus0\nuhub1: 2 ports with 2 removable, self powered\nuhub2: 3 ports with 3 removable, self powered\nuhub0: 5 ports with 5 removable, self powered\nExpensive timeout(9) function: 0x9ffc000000e1e1e0(0x9ffc000000ee3c00) 0.020669666 s\nExpensive timeout(9) function: 0x9ffc000000e222e0(0xa0000000009ed320) 0.282418016 s\nda0 at mpt0 bus 0 scbus0 target 0 lun 0\nda0: \u003cHP 73.4G ST373454LC HPC2\u003e Fixed Direct Access SCSI-3 device\nda0: 320.000MB/s transfersWARNING: WITNESS option enabled, expect reduced performance.\n (160.000MHz, offset 63WARNING: DIAGNOSTIC option enabled, expect reduced performance.\n, 16bit)\nda0: Command Queueing enabled\nda0: 70007MB (143374738 512 byte sectors: 255H 63S/T 8924C)\nda1 at mpt0 bus 0 scbus0 target 1 lun 0\nda1: \u003cSEAGATE ST318452LC 2213\u003e Fixed Direct Access SCSI-3 device\nda1: 160.000MB/s transfers (80.000MHz, offset 63, 16bit)\nda1: Command Queueing enabled\nda1: 17366MB (35566478 512 byte sectors: 255H 63S/T 2213C)\nda2 at mpt1 bus 0 scbus1 target 2 lun 0\nda2: \u003cSEAGATE ST318452LC 2213\u003e Fixed Direct Access SCSI-3 device\nda2: 160.000MB/s transfers (80.000MHz, offset 63, 16bit)\nda2: Command Queueing enabled\nda2: 17366MB (35566478 512 byte sectors: 255H 63S/T 2213C)\nTrying to mount root from ufs:/dev/da0p2 [rw]...\nWARNING: / was not properly dismounted\nWITNESS: unable to allocate a new witness object\n\u003c118\u003eSetting hostuuid: ee652761-3dcc-11df-9074-0013215b051c.\n\u003c118\u003eSetting hostid: 0x8968724b.\n\u003c118\u003edumpon: /dev/da4p1: No such file or directory\n\u003c118\u003e/etc/rc: WARNING: unable to specify /dev/da4p1 as a dump device\n\u003c118\u003eStarting ddb.\n\u003c118\u003eEntropy harvesting: interrupts ethernet point_to_point kickstart.\n\u003c118\u003eswapon: /dev/da4p1: No such file or directory\n\u003c118\u003eStarting file system checks:\nda3 at isp0 bus 0 scbus2 target 0 lun 1\nda3: \u003cCOMPAQ MSA1000 VOLUME 4.32\u003e Fixed Direct Access SCSI-4 device\nda3: 200.000MB/s transfers WWNN 0x500805f3000ec220 WWPN 0x500805f3000ec221 PortID 0x10000\nda3: Command Queueing enabled\nda3: 69460MB (142255575 512 byte sectors: 255H 63S/T 8855C)\nda4 at isp0 bus 0 scbus2 target 0 lun 2\nda4: \u003cCOMPAQ MSA1000 VOLUME 4.32\u003e Fixed Direct Access SCSI-4 device\nda4: 200.000MB/s transfers WWNN 0x500805f3000ec220 WWPN 0x500805f3000ec221 PortID 0x10000\nda4: Command Queueing enabled\nda4: 69460MB (142255575 512 byte sectors: 255H 63S/T 8855C)\nda5 at isp0 bus 0 scbus2 target 0 lun 3\nda5: \u003cCOMPAQ MSA1000 VOLUME 4.32\u003e Fixed Direct Access SCSI-4 device\nda5: 200.000MB/s transfers WWNN 0x500805f3000ec220 WWPN 0x500805f3000ec221 PortID 0x10000\nda5: Command Queueing enabled\nda5: 69460MB (142255575 512 byte sectors: 255H 63S/T 8855C)\nda6 at isp0 bus 0 scbus2 target 0 lun 5\nda6: \u003cCOMPAQ MSA1000 VOLUME 4.32\u003e Fixed Direct Access SCSI-4 device\nda6: 200.000MB/s transfers WWNN 0x500805f3000ec220 WWPN 0x500805f3000ec221 PortID 0x10000\nda6: Command Queueing enabled\nda6: 140011MB (286744185 512 byte sectors: 255H 63S/T 17849C)\n\u003c118\u003e/dev/da0p2: FREE BLK COUNT(S) WRONG IN SUPERBLK (SALVAGED)\n\u003c118\u003e/dev/da0p2: 582356 files, 3927896 used, 30688528 free (183320 frags, 3813151 blocks, 0.5% fragmentation)\n\u003c118\u003e/dev/da3p1: INCORRECT BLOCK COUNT I=642145 (8 should be 0) (CORRECTED)\n\u003c118\u003e/dev/da3p1: FREE BLK COUNT(S) WRONG IN SUPERBLK (SALVAGED)\n\u003c118\u003e/dev/da3p1: SUMMARY INFORMATION BAD (SALVAGED)\n\u003c118\u003e/dev/da3p1: BLK(S) MISSING IN BIT MAPS (SALVAGED)\n\u003c118\u003e/dev/da3p1: 1967 files, 7223674 used, 9999687 free (263 frags, 1249928 blocks, 0.0% fragmentation)\n\u003c118\u003e/dev/da5p1: 436860 files, 1247548 used, 15975813 free (36405 frags, 1992426 blocks, 0.2% fragmentation)\n\u003c118\u003e/dev/da6p1: 5481 files, 1323234 used, 68104269 free (5773 frags, 8512312 blocks, 0.0% fragmentation)\n\u003c118\u003eMounting local file systems:.\n\u003c118\u003eWriting entropy file:.\n\u003c118\u003eSetting hostname: mech-as28.men.bris.ac.uk.\n\u003c118\u003eEnabling ipfilter.\n\u003c118\u003eStarting Network: lo0 em0 em1.\n\u003c118\u003elo0: flags=8049\u003cUP,LOOPBACK,RUNNING,MULTICAST\u003e metric 0 mtu 16384\n\u003c118\u003e   options=600003\u003cRXCSUM,TXCSUM,RXCSUM_IPV6,TXCSUM_IPV6\u003e\n\u003c118\u003e   inet6 ::1 prefixlen 128\n\u003c118\u003e   inet6 fe80::1%lo0 prefixlen 64 scopeid 0x3\n\u003c118\u003e   inet 127.0.0.1 netmask 0xff000000\n\u003c118\u003e   nd6 options=21\u003cPERFORMNUD,AUTO_LINKLOCAL\u003e\n\u003c118\u003eem0: flags=8843\u003cUP,BROADCAST,RUNNING,SIMPLEX,MULTICAST\u003e metric 0 mtu 1500\n\u003c118\u003e   options=209b\u003cRXCSUM,TXCSUM,VLAN_MTU,VLAN_HWTAGGING,VLAN_HWCSUM,WOL_MAGIC\u003e\n\u003c118\u003e   ether 00:13:21:5b:05:1c\n\u003c118\u003e   inet 137.222.187.28 netmask 0xffffff00 broadcast 137.222.187.255\n\u003c118\u003e   inet6 fe80::213:21ff:fe5b:51c%em0 prefixlen 64 scopeid 0x1\n\u003c118\u003e   nd6 options=29\u003cPERFORMNUD,IFDISABLED,AUTO_LINKLOCAL\u003e\n\u003c118\u003e   media: Ethernet autoselect\n\u003c118\u003e   status: no carrier\n\u003c118\u003eem1: flags=8843\u003cUP,BROADCAST,RUNNING,SIMPLEX,MULTICAST\u003e metric 0 mtu 1500\n\u003c118\u003e   options=209b\u003cRXCSUM,TXCSUM,VLAN_MTU,VLAN_HWTAGGING,VLAN_HWCSUM,WOL_MAGIC\u003e\n\u003c118\u003e   ether 00:13:21:5b:05:1d\n\u003c118\u003e   inet 10.10.10.14 netmask 0xffffff00 broadcast 10.10.10.255\n\u003c118\u003e   inet6 fe80::213:21ff:fe5b:51d%em1 prefixlen 64 scopeid 0x2\n\u003c118\u003e   nd6 options=29\u003cPERFORMNUD,IFDISABLED,AUTO_LINKLOCAL\u003e\n\u003c118\u003e   media: Ethernet autoselect (100baseTX \u003cfull-duplex\u003e)\n\u003c118\u003e   status: active\n\u003c118\u003efilter sync'd\n\u003c118\u003eStarting devd.\n\u003c118\u003eadd net default: gateway 137.222.187.250\n\u003c118\u003eadd net fe80::: gateway ::1\n\u003c118\u003eadd net ff02::: gateway ::1\n\u003c118\u003eadd net ::ffff:0.0.0.0: gateway ::1\n\u003c118\u003eadd net ::0.0.0.0: gateway ::1\n\u003c118\u003eELF ldconfig path: /lib /usr/lib /usr/lib/compat /usr/local/lib\n\u003c118\u003eStarting ipmon.\n\u003c118\u003eCreating and/or trimming log files.\n\u003c118\u003eStarting syslogd.\n\u003c118\u003eNo core dumps found.\n\u003c118\u003eClearing /tmp (X related).\n\u003c118\u003eRecovering vi editor sessions:.\n\u003c118\u003eUpdating motd:.\n\u003c118\u003eMounting late file systems:.\n\u003c118\u003eStarting ntpd.\n\u003c118\u003eStarting bsdstats.\n\u003c118\u003ePosting monthly OS statistics to rpt.bsdstats.org\n\u003c118\u003ePerforming sanity check on sshd configuration.\n\u003c118\u003eStarting sshd.\n\u003c118\u003eStarting cron.\n\u003c118\u003eLocal package initialization:cd: /var/portbuild/: No such file or directory\n\u003c118\u003e.  \n\u003c118\u003eStarting inetd.\n\u003c118\u003eStarting background file system checks in 60 seconds.\n\u003c118\u003e   \n\u003c118\u003eTue Oct 15 16:15:03 BST 2013\n\u003c118\u003eOct 15 16:15:43 mech-as28 su: mexas to root on /dev/pts/0\n\u003c118\u003eOct 15 16:26:25 mech-as28 su: mexas to root on /dev/pts/1\n\u003c118\u003eOct 15 20:42:07 mech-as28 su: mexas to root on /dev/pts/2\n        \ndb\u003e     \n\ndb\u003e show proc\nProcess 0 (kernel) at 0x9ffc000000efeac8:\n state: NORMAL\n uid: 0  gids: 0\n ABI: null\n threads: 13\n100053                   Run     CPU 1                       [deadlkres]\n100050                   D       -        0xe000000011795300 [system_taskq_1]\n100049                   D       -        0xe000000011795300 [system_taskq_0]\n100045                   D       -        0xe0000000111a2500 [em1 taskq]\n100044                   D       -        0xe0000000111a2600 [em0 taskq]\n100023                   D       -        0xe0000000111a5300 [ffs_trim taskq]\n100020                   RunQ                                [thread taskq]\n100017                   D       -        0xe0000000111a5900 [acpi_task_2]\n100016                   D       -        0xe0000000111a5900 [acpi_task_1]\n100015                   D       -        0xe0000000111a5900 [acpi_task_0]\n100014                   D       -        0xe0000000111a5a00 [kqueue taskq]\n100009                   D       -        0xe0000000111a5d00 [firmware taskq]\n100000                   D       swapin   0x9ffc000000efeac8 [swapper]\ndb\u003e \n\ndb\u003e run lockinfo\ndb:0:lockinfo\u003e show locks\ndb:0:locks\u003e  show alllocks\ndb:0:alllocks\u003e  show lockedvnods\nLocked vnodes\n\n0xe0000000120e1ad0: tag devfs, type VDIR\n    usecount 3, writecount 0, refcount 4 mountedhere 0\n    flags (VV_ROOT|VI_ACTIVE)\n    lock type devfs: EXCL by thread 0xe000000015800900 (pid 20716, sh, tid 100129)\n with exclusive waiters pending\n\n0xe0000000120e3860: tag devfs, type VCHR\n    usecount 29, writecount 16, refcount 30 mountedhere 0xe0000000111a7800\n    flags (VV_ETERNALDEV|VI_ACTIVE)\n    lock type devfs: EXCL by thread 0xe0000000157a4d80 (pid 69993, sh, tid 100125)\n with exclusive waiters pending\n        dev null\ndb\u003e \n\ndb\u003e show pcpu\ncpuid        = 1\ndynamic pcpu = 0x400009f8d2680\ncurthread    = 0xe00000001178cd80: pid 0 \"deadlkres\"\ncurpcb       = 0\nfpcurthread  = none\nidlethread   = 0xe000000011182480: tid 100004 \"idle: cpu1\"\nMD: vhpt       = 0xe000000011200000\nMD: lid        = 0x1000000\nMD: clock      = 0x1caaca1b73b6\nMD: clock_mode = 2\nMD: clock_load = 0\nMD: stats      = 0xe000000011158a30\nMD: pmap       = 0x9ffc000000eff500\nspin locks held:\ndb\u003e \n\ndb\u003e bt\nTracing pid 0 tid 100053 td 0xe00000001178cd80\ndb\u003e\n\ndb\u003e show threads\n  100138 (0xe0000000157e5b00) (stack 0xa0000000002ca000)  ***\n  100139 (0xe0000000157e5680) (stack 0xa0000000002d2000)  ***\n  100147 (0xe0000001d2c36000) (stack 0xa000000000302000)  ***\n  100093 (0xe00000001258b680) (stack 0xa00000009df5e000)  ***\n  100120 (0xe00000001574bb00) (stack 0xa00000000023a000)  ***\n  100078 (0xe00000001258a000) (stack 0xa00000009defe000)  ***\n  100112 (0xe00000001574a000) (stack 0xa00000009dff6000)  ***\n  100104 (0xe0000000128ecd80) (stack 0xa00000009dfb6000)  ***\n  100151 (0xe0000001d2c37b00) (stack 0xa000000000322000)  ***\n  100116 (0xe000000015770000) (stack 0xa00000000021a000)  ***\n  100119 (0xe000000015771680) (stack 0xa000000000232000)  ***\n  100107 (0xe000000012919b00) (stack 0xa00000009dfce000)  ***\n  100117 (0xe0000000157a4000) (stack 0xa000000000222000)  ***\n  100126 (0xe0000000157a4900) (stack 0xa00000000026a000)  ***\n  100129 (0xe000000015800900) (stack 0xa000000000282000)  ***\n  100100 (0xe00000001279bb00) (stack 0xa00000009df96000)  ***\n  100125 (0xe0000000157a4d80) (stack 0xa000000000262000)  ***\n  100131 (0xe0000000157e4480) (stack 0xa000000000292000)  ***\n  100118 (0xe000000015771b00) (stack 0xa00000000022a000)  ***\n  100103 (0xe0000000128ed200) (stack 0xa00000009dfae000)  ***\n  100056 (0xe000000012168d80) (stack 0xa00000009de4e000)  ***\n  100070 (0xe0000000124f8900) (stack 0xa00000009debe000)  ***\n  100073 (0xe00000001258a900) (stack 0xa00000009ded6000)  ***\n  100098 (0xe0000000128ec480) (stack 0xa00000009df86000)  ***\n  100096 (0xe000000012918480) (stack 0xa00000009df76000)  ***\n  100099 (0xe0000000128ec000) (stack 0xa00000009df8e000)  ***\n  100091 (0xe00000001258b200) (stack 0xa00000009df4e000)  ***\n  100065 (0xe000000012168480) (stack 0xa00000009de96000)  ***\n  100095 (0xe000000012918900) (stack 0xa00000009df6e000)  ***\n  100081 (0xe00000001279a000) (stack 0xa00000009df16000)  ***\n  100088 (0xe00000001279ad80) (stack 0xa00000009df36000)  ***\n  100068 (0xe0000000124f9200) (stack 0xa00000009deae000)  ***\n  100079 (0xe0000000124f9b00) (stack 0xa00000009df06000)  ***\n  100076 (0xe0000000123fa900) (stack 0xa00000009deee000)  ***\n  100074 (0xe0000000123fb200) (stack 0xa00000009dede000)  ***\n  100066 (0xe000000012168000) (stack 0xa00000009de9e000)  ***\n  100064 (0xe0000000123fb680) (stack 0xa00000009de8e000)  ***\n  100063 (0xe0000000123fbb00) (stack 0xa00000009de86000)  ***\n  100062 (0xe000000012169200) (stack 0xa00000009de7e000)  ***\n  100061 (0xe000000012169680) (stack 0xa00000009de76000)  ***\n  100060 (0xe000000012169b00) (stack 0xa00000009de6e000)  ***\n  100059 (0xe0000000123fa000) (stack 0xa00000009de66000)  ***\n  100058 (0xe0000000123fa480) (stack 0xa00000009de5e000)  ***\n  100057 (0xe000000012168900) (stack 0xa00000009de56000)  ***\n  100054 (0xe00000001178c900) (stack 0xa00000009de3e000)  ***\n  100052 (0xe00000001178d200) (stack 0xa00000009de2c000)  ***\n  100051 (0xe00000001178d680) (stack 0xa00000009de24000)  ***\n  100047 (0xe00000001174db00) (stack 0xa00000009de04000)  ***\n  100043 (0xe00000001174c000) (stack 0xa00000009ddc6000)  ***\n  100041 (0xe00000001174c900) (stack 0xa00000009dd68000)  ***\n  100039 (0xe000000011744480) (stack 0xa00000009dd0a000)  ***\n  100038 (0xe000000011744900) (stack 0xa00000009dd02000)  ***\n  100037 (0xe000000011744d80) (stack 0xa00000009dcfa000)  ***\n  100036 (0xe000000011745200) (stack 0xa00000009dcf2000)  ***\n  100034 (0xe000000011480d80) (stack 0xa0000000e2fe6000)  ***\n  100033 (0xe000000011481200) (stack 0xa0000000e2fde000)  ***\n  100032 (0xe000000011481680) (stack 0xa0000000e2fd6000)  ***\n  100031 (0xe000000011481b00) (stack 0xa0000000e2fce000)  ***\n  100029 (0xe000000011425680) (stack 0xa0000000e2f36000)  ***\n  100028 (0xe000000011425b00) (stack 0xa0000000e2f2e000)  ***\n  100027 (0xe000000011480000) (stack 0xa0000000e2f26000)  ***\n  100026 (0xe000000011480480) (stack 0xa0000000e2f1e000)  ***\n  100024 (0xe000000011424000) (stack 0xa0000000e2e8a000)  ***\n  100013 (0xe0000000111a1680) (stack 0xa0000000a07f6000)  ***\n  100012 (0xe0000000111a1b00) (stack 0xa0000000a07ee000)  ***\n  100011 (0xe0000000111b0000) (stack 0xa0000000a07e6000)  ***\n  100010 (0xe000000011183680) (stack 0xa0000000a07de000)  ***\n  100048 (0xe00000001174d680) (stack 0xa00000009de0c000)  ***\n  100046 (0xe00000001178c000) (stack 0xa00000009ddde000)  ***\n  100042 (0xe00000001174c480) (stack 0xa00000009dd70000)  ***\n  100040 (0xe000000011744000) (stack 0xa00000009dd12000)  ***\n  100035 (0xe000000011480900) (stack 0xa00000009dcea000)  ***\n  100030 (0xe000000011425200) (stack 0xa0000000e2fc6000)  ***\n  100025 (0xe0000000111b1b00) (stack 0xa0000000e2f16000)  ***\n  100022 (0xe000000011424900) (stack 0xa0000000e2e7a000)  ***\n  100021 (0xe000000011424d80) (stack 0xa0000000e2e72000)  ***\n  100019 (0xe0000000111b0900) (stack 0xa0000000e2e62000)  ***\n  100018 (0xe0000000111b0d80) (stack 0xa0000000e2e5a000)  ***\n  100008 (0xe0000000111a0000) (stack 0xa0000000a07ce000)  ***\n  100007 (0xe0000000111a0480) (stack 0xa0000000a07c6000)  ***\n  100006 (0xe0000000111a0900) (stack 0xa0000000a07be000)  ***\n  100005 (0xe000000011182000) (stack 0xa0000000a07b6000)  ***\n  100004 (0xe000000011182480) (stack 0xa0000000a07ae000)  ***\n  100003 (0xe000000011182900) (stack 0xa0000000a07a6000)  ***\n  100002 (0xe000000011182d80) (stack 0xa0000000a079e000)  ***\n  100001 (0xe000000011183200) (stack 0xa0000000a0796000)  ***\n  100053 (0xe00000001178cd80) (stack 0xa00000009de34000)  ***\n  100050 (0xe00000001174cd80) (stack 0xa00000009de1c000)  ***\n  100049 (0xe00000001174d200) (stack 0xa00000009de14000)  ***\n  100045 (0xe000000011745680) (stack 0xa00000009ddd6000)  ***\n  100044 (0xe000000011745b00) (stack 0xa00000009ddce000)  ***\n  100023 (0xe000000011424480) (stack 0xa0000000e2e82000)  ***\n  100020 (0xe0000000111b0480) (stack 0xa0000000e2e6a000)  ***\n  100017 (0xe0000000111b1200) (stack 0xa0000000e2e52000)  ***\n  100016 (0xe0000000111b1680) (stack 0xa0000000e2e4a000)  ***\n  100015 (0xe0000000111a0d80) (stack 0xa0000000e2e42000)  ***\n  100014 (0xe0000000111a1200) (stack 0xa0000000e2e3a000)  ***\n  100009 (0xe000000011183b00) (stack 0xa0000000a07d6000)  ***\n  100000 (0x9ffc000000efef70) (stack 0xe0000040fffc0000)  ***\ndb\u003e\n\n\ndb\u003e ps\n  pid  ppid  pgrp   uid   state   wmesg         wchan        cmd\n37126  1147  1147     0  D+      allproc  0x9ffc000000f0a350 sh\n37125 42826  1147     0  DE+     allproc  0x9ffc000000f0a350 sed\n37124 42826  1147     0  DE+     allproc  0x9ffc000000f0a350 awk\n37123 42826  1147     0  DE+     proctree 0x9ffc000000f0a370 awk\n37115 37110  1147     0  S+J     piperd   0xe0000000129509a0 as\n37111 37110  1147     0  LL+J   *pmap pv  0xe00000001216b8c0 cc1plus\n37110 28849  1147     0  S+J     wait     0xe000000015790940 g++\n36890 36889  1147     0  LL+J   *pmap pv  0xe00000001216b8c0 ld\n36889 11278  1147     0  SW+J    wait     0xe0000000157664a0 c++\n36591 36590  1147     0  LL+J   *pmap pv  0xe00000001216b8c0 cc1plus\n36590 14781  1147     0  SW+J    wait     0xe00000001290d280 xg++\n28849 61132  1147     0  S+J     wait     0xe000000015767720 gmake\n18342 18341 18342  1001  Ds+     allproc  0x9ffc000000f0a350 tcsh\n18341 18317 18317  1001  S       select   0xe000000010c286c0 sshd\n18317   924 18317     0  Ss      select   0xe00000001273f640 sshd\n14781  2824  1147     0  SW+J    wait     0xe00000001572e000 gmake\n11278 59577  1147     0  SW+J    wait     0xe000000012762de0 gmake\n61132 61124  1147     0  SW+J    wait     0xe0000000157ec4a0 gmake\n61124 61123  1147     0  SW+J    wait     0xe000000015791720 gmake\n61123 60934  1147     0  SW+J    wait     0xe0000001d4970000 sh\n60934 60932  1147     0  SW+J    wait     0xe000000011797280 make\n60932 20716  1147     0  SW+     wait     0xe0000001d300cde0 sh\n59577 59537  1147     0  SW+J    wait     0xe0000000124a6940 gmake\n59537 59516  1147     0  SW+J    wait     0xe000000015791280 gmake\n59516 59515  1147     0  SW+J    wait     0xe000000015a1b720 gmake\n59515 59505  1147     0  SW+J    wait     0xe00000001572f280 sh\n59505 59479  1147     0  SW+J    wait     0xe000000015a1b280 make\n59479 59477  1147     0  SW+J    wait     0xe0000000157b9280 make\n59477 69993  1147     0  SW+     wait     0xe00000001572e4a0 sh\n 2824 77085  1147     0  SW+J    wait     0xe000000015766940 gmake\n28012 20716  1147     0  S+      piperd   0xe00000001586a738 tee\n20716  1147  1147     0  D+      devfs    0xe0000000120e38c8 sh\n77085 77056  1147     0  SW+J    wait     0xe0000000157ecde0 gmake\n77056 77055  1147     0  SW+J    wait     0xe000000012762000 gmake\n77055 77043  1147     0  SW+J    wait     0xe0000000127ae940 sh\n77043 77023  1147     0  SW+J    wait     0xe0000000157b8000 make\n77023 77021  1147     0  SW+J    wait     0xe0000000157904a0 make\n77021 62311  1147     0  SW+     wait     0xe0000000123f4940 sh\n70398 69993  1147     0  S+      piperd   0xe000000012863ce0 tee\n69993  1147  1147     0  D+      proctree 0x9ffc000000f0a370 sh\n67686 62311  1147     0  S+      piperd   0xe0000001d4ed1340 tee\n62311  1147  1147     0  D+      devfs    0xe0000000120e1b38 sh\n42826  1147  1147     0  S+      wait     0xe00000001290c940 sh\n 1147  1030  1147     0  S+      piperd   0xe00000001586ae70 sh\n 1122  1121  1122     0  S+      ttyin    0xe00000001254e4a8 sh\n 1121  1047  1121  1001  SW+     wait     0xe00000001289c4a0 su\n 1047  1046  1047  1001  SWs+    pause    0xe0000000127ae548 tcsh\n 1046  1042  1042  1001  S       select   0xe00000001273fd40 sshd\n 1042   924  1042     0  Ss      select   0xe000000010c287c0 sshd\n 1030  1029  1030     0  SW+     wait     0xe00000001289d720 sh\n 1029  1025  1029  1001  SW+     wait     0xe00000001289c940 su\n 1025  1024  1025  1001  SWs+    pause    0xe00000001290c0a8 tcsh\n 1024  1022  1022  1001  S       select   0xe000000010c289c0 sshd\n 1022   924  1022     0  Ss      select   0xe00000001273f7c0 sshd\n  997     1   997     0  Ss+     ttyin    0xe0000000114288a8 getty\n  996     1     1     0  S       ttydcd   0xe000000011428ce8 getty\n  974     1   974     0  Ss      select   0xe000000010c288c0 inetd\n  935     1   935     0  LLs    *pmap pv  0xe00000001216b8c0 cron\n  930     1   930    25  SWs     pause    0xe0000000124a7328 sendmail\n  927     1   927     0  Rs                                  sendmail\n  924     1   924     0  Ss      select   0xe000000010c28e40 sshd\n  864     1   864     0  LLs    *pmap pv  0xe00000001216b8c0 ntpd\n  784     1   784     0  Rs                                  syslogd\n  775     1   775     0  Ss      select   0xe000000010c29040 ipmon\n  653     1   653     0  Ss      select   0xe00000001273fe40 devd\n  138     1   138     0  SWs     pause    0xe0000000111d77c8 adjkerntz\n   23     0     0     0  DL      sdflush  0x9ffc000000ee2d30 [softdepflush]\n   22     0     0     0  RL                                  [vnlru]\n   21     0     0     0  RL                                  [syncer]\n   20     0     0     0  RL                                  [bufdaemon]\n   19     0     0     0  DL      pgzero   0x9ffc000000ee30d4 [pagezero]\n   18     0     0     0  RL      CPU 0                       [vmdaemon]\n   17     0     0     0  LL     *pmap pv  0xe00000001216b8c0 [pagedaemon]\n    9     0     0     0  DL      ccb_scan 0x9ffc000000ee33a0 [xpt_thrd]\n    6     0     0     0  DL      waiting_ 0x9ffc000001104130 [sctp_iterator]\n    5     0     0     0  RL      (threaded)                  [zfskern]\n100052                   RunQ                                [l2arc_feed_thread]\n100051                   RunQ                                [arc_reclaim_thread]\n    4     0     0     0  DL      ispf     0xe000000011768000 [isp0: fc_thrd0]\n    3     0     0     0  DL      idle     0xa000000000a16000 [mpt_recovery1]\n    2     0     0     0  DL      idle     0xa0000000009fe000 [mpt_recovery0]\n   16     0     0     0  DL      (threaded)                  [usb]\n100039                   D       -        0xa0000000009fae18 [usbus2]\n100038                   D       -        0xa0000000009fadc0 [usbus2]\n100037                   D       -        0xa0000000009fad68 [usbus2]\n100036                   D       -        0xa0000000009fad10 [usbus2]\n100034                   D       -        0xa0000000009f1460 [usbus1]\n100033                   D       -        0xa0000000009f1408 [usbus1]\n100032                   D       -        0xa0000000009f13b0 [usbus1]\n100031                   D       -        0xa0000000009f1358 [usbus1]\n100029                   D       -        0xa0000000009ed460 [usbus0]\n100028                   D       -        0xa0000000009ed408 [usbus0]\n100027                   D       -        0xa0000000009ed3b0 [usbus0]\n100026                   D       -        0xa0000000009ed358 [usbus0]\n   15     0     0     0  DL      tzpoll   0x9ffc000000ee0a50 [acpi_thermal]\n   14     0     0     0  RL                                  [rand_harvestq]\n   13     0     0     0  DL      (threaded)                  [geom]\n100012                   D       -        0x9ffc000000ee1270 [g_down]\n100011                   D       -        0x9ffc000000ee1268 [g_up]\n100010                   D       -        0x9ffc000000ee1258 [g_event]\n   12     0     0     0  WL      (threaded)                  [intr]\n100048                   I                                   [swi0: uart uart+++]\n100046                   I                                   [irq71: isp0]\n100042                   I                                   [irq28: mpt1]\n100040                   I                                   [irq27: mpt0]\n100035                   I                                   [irq18: ehci0]\n100030                   I                                   [irq17: ohci1]\n100025                   I                                   [irq16: ohci0]\n100022                   I                                   [swi6: task queue]\n100021                   I                                   [swi6: Giant taskq]\n100019                   I                                   [swi5: fast taskq]\n100018                   I                                   [swi2: cambio]\n100008                   I                                   [swi4: clock]\n100007                   I                                   [swi4: clock]\n100006                   I                                   [swi3: vm]\n100005                   I                                   [swi1: netisr 0]\n   11     0     0     0  RL      (threaded)                  [idle]\n100004                   CanRun                              [idle: cpu1]\n100003                   CanRun                              [idle: cpu0]\n    1     0     1     0  SLs     wait     0xe000000011180de0 [init]\n   10     0     0     0  DL      audit_wo 0x9ffc0000011087c8 [audit]\n    0     0     0     0  RLs     (threaded)                  [kernel]\n100053                   Run     CPU 1                       [deadlkres]\n100050                   D       -        0xe000000011795300 [system_taskq_1]\n100049                   D       -        0xe000000011795300 [system_taskq_0]\n100045                   D       -        0xe0000000111a2500 [em1 taskq]\n100044                   D       -        0xe0000000111a2600 [em0 taskq]\n100023                   D       -        0xe0000000111a5300 [ffs_trim taskq]\n100020                   RunQ                                [thread taskq]\n100017                   D       -        0xe0000000111a5900 [acpi_task_2]\n100016                   D       -        0xe0000000111a5900 [acpi_task_1]\n100015                   D       -        0xe0000000111a5900 [acpi_task_0]\n100014                   D       -        0xe0000000111a5a00 [kqueue taskq]\n100009                   D       -        0xe0000000111a5d00 [firmware taskq]\n100000                   D       swapin   0x9ffc000000efeac8 [swapper]\ndb\u003e \n\ndb\u003e alltrace\n\nTracing command sh pid 37126 tid 100138 td 0xe0000000157e5b00\n\nTracing command sed pid 37125 tid 100139 td 0xe0000000157e5680\n\nTracing command awk pid 37124 tid 100147 td 0xe0000001d2c36000\n\nTracing command awk pid 37123 tid 100093 td 0xe00000001258b680\n\nTracing command as pid 37115 tid 100120 td 0xe00000001574bb00\n\nTracing command cc1plus pid 37111 tid 100078 td 0xe00000001258a000\n\nTracing command g++ pid 37110 tid 100112 td 0xe00000001574a000\n\nTracing command ld pid 36890 tid 100104 td 0xe0000000128ecd80\n\nTracing command c++ pid 36889 tid 100115 td 0xe000000012919200\n\nTracing command cc1plus pid 36591 tid 100151 td 0xe0000001d2c37b00\n        \nTracing command xg++ pid 36590 tid 100101 td 0xe0000000128edb00\n\nTracing command gmake pid 28849 tid 100116 td 0xe000000015770000\n\nTracing command tcsh pid 18342 tid 100119 td 0xe000000015771680\n\nTracing command sshd pid 18341 tid 100107 td 0xe000000012919b00\n\nTracing command sshd pid 18317 tid 100117 td 0xe0000000157a4000\n\nTracing command gmake pid 14781 tid 100111 td 0xe00000001574a480\n\nTracing command gmake pid 11278 tid 100077 td 0xe00000001258a480\n\nTracing command gmake pid 61132 tid 100134 td 0xe000000015801680\n\nTracing command gmake pid 61124 tid 100122 td 0xe000000015770d80\n\nTracing command sh pid 61123 tid 100149 td 0xe0000001d492c480\n        \nTracing command make pid 60934 tid 100067 td 0xe00000001178db00\n\nTracing command sh pid 60932 tid 100141 td 0xe000000015801200\n\nTracing command gmake pid 59577 tid 100071 td 0xe0000000124f8480\n\nTracing command gmake pid 59537 tid 100123 td 0xe0000000157a5680\n\nTracing command gmake pid 59516 tid 100145 td 0xe0000001d2c36480\n\nTracing command sh pid 59515 tid 100105 td 0xe0000000128ec900\n\nTracing command make pid 59505 tid 100135 td 0xe000000015800480\n\nTracing command make pid 59479 tid 100127 td 0xe0000000157a4480\n\nTracing command sh pid 59477 tid 100110 td 0xe00000001574a900\n\nTracing command gmake pid 2824 tid 100109 td 0xe000000012919680\n        \nTracing command tee pid 28012 tid 100126 td 0xe0000000157a4900\n\nTracing command sh pid 20716 tid 100129 td 0xe000000015800900\n\nTracing command gmake pid 77085 tid 100132 td 0xe0000000157e4000\n\nTracing command gmake pid 77056 tid 100080 td 0xe0000000124f9680\n\nTracing command sh pid 77055 tid 100085 td 0xe00000001258ad80\n\nTracing command make pid 77043 tid 100121 td 0xe000000015771200\n\nTracing command make pid 77023 tid 100113 td 0xe000000015770900\n\nTracing command sh pid 77021 tid 100075 td 0xe0000000123fad80\n\nTracing command tee pid 70398 tid 100100 td 0xe00000001279bb00\n\nTracing command sh pid 69993 tid 100125 td 0xe0000000157a4d80\n        \nTracing command tee pid 67686 tid 100131 td 0xe0000000157e4480\n\nTracing command sh pid 62311 tid 100118 td 0xe000000015771b00\n\nTracing command sh pid 42826 tid 100103 td 0xe0000000128ed200\n\nTracing command sh pid 1147 tid 100056 td 0xe000000012168d80\n\nTracing command sh pid 1122 tid 100070 td 0xe0000000124f8900\n\nTracing command su pid 1121 tid 100090 td 0xe00000001258bb00\n\nTracing command tcsh pid 1047 tid 100086 td 0xe00000001279b680\n\nTracing command sshd pid 1046 tid 100073 td 0xe00000001258a900\n\nTracing command sshd pid 1042 tid 100098 td 0xe0000000128ec480\n\nTracing command sh pid 1030 tid 100094 td 0xe000000012918d80\n        \nTracing command su pid 1029 tid 100097 td 0xe000000012918000\n        \nTracing command tcsh pid 1025 tid 100092 td 0xe00000001279a480\n        \nTracing command sshd pid 1024 tid 100096 td 0xe000000012918480\n\nTracing command sshd pid 1022 tid 100099 td 0xe0000000128ec000\n\nTracing command getty pid 997 tid 100091 td 0xe00000001258b200\n\nTracing command getty pid 996 tid 100065 td 0xe000000012168480\n\nTracing command inetd pid 974 tid 100095 td 0xe000000012918900\n\nTracing command cron pid 935 tid 100081 td 0xe00000001279a000\n\nTracing command sendmail pid 930 tid 100069 td 0xe0000000124f8d80\n\nTracing command sendmail pid 927 tid 100088 td 0xe00000001279ad80\n\nTracing command sshd pid 924 tid 100068 td 0xe0000000124f9200\n\nTracing command ntpd pid 864 tid 100079 td 0xe0000000124f9b00\n\nTracing command syslogd pid 784 tid 100076 td 0xe0000000123fa900\n\nTracing command ipmon pid 775 tid 100074 td 0xe0000000123fb200\n\nTracing command devd pid 653 tid 100066 td 0xe000000012168000\n\nTracing command adjkerntz pid 138 tid 100055 td 0xe00000001178c480\n\nTracing command softdepflush pid 23 tid 100064 td 0xe0000000123fb680\n\nTracing command vnlru pid 22 tid 100063 td 0xe0000000123fbb00\n\nTracing command syncer pid 21 tid 100062 td 0xe000000012169200\n\nTracing command bufdaemon pid 20 tid 100061 td 0xe000000012169680\n\nTracing command pagezero pid 19 tid 100060 td 0xe000000012169b00\n\nTracing command vmdaemon pid 18 tid 100059 td 0xe0000000123fa000\n\nTracing command pagedaemon pid 17 tid 100058 td 0xe0000000123fa480\n\nTracing command xpt_thrd pid 9 tid 100057 td 0xe000000012168900\n\nTracing command sctp_iterator pid 6 tid 100054 td 0xe00000001178c900\n\nTracing command zfskern pid 5 tid 100052 td 0xe00000001178d200\n\nTracing command zfskern pid 5 tid 100051 td 0xe00000001178d680\n\nTracing command isp0: fc_thrd0 pid 4 tid 100047 td 0xe00000001174db00\n\nTracing command mpt_recovery1 pid 3 tid 100043 td 0xe00000001174c000\n\nTracing command mpt_recovery0 pid 2 tid 100041 td 0xe00000001174c900\n\nTracing command usb pid 16 tid 100039 td 0xe000000011744480\n\nTracing command usb pid 16 tid 100038 td 0xe000000011744900\n\nTracing command usb pid 16 tid 100037 td 0xe000000011744d80\n\nTracing command usb pid 16 tid 100036 td 0xe000000011745200\n\nTracing command usb pid 16 tid 100034 td 0xe000000011480d80\n\nTracing command usb pid 16 tid 100033 td 0xe000000011481200\n\nTracing command usb pid 16 tid 100032 td 0xe000000011481680\n\nTracing command usb pid 16 tid 100031 td 0xe000000011481b00\n\nTracing command usb pid 16 tid 100029 td 0xe000000011425680\n\nTracing command usb pid 16 tid 100028 td 0xe000000011425b00\n\nTracing command usb pid 16 tid 100027 td 0xe000000011480000\n\nTracing command usb pid 16 tid 100026 td 0xe000000011480480\n\nTracing command acpi_thermal pid 15 tid 100024 td 0xe000000011424000\n\nTracing command rand_harvestq pid 14 tid 100013 td 0xe0000000111a1680\n\nTracing command geom pid 13 tid 100012 td 0xe0000000111a1b00\n\nTracing command geom pid 13 tid 100011 td 0xe0000000111b0000\n\nTracing command geom pid 13 tid 100010 td 0xe000000011183680\n\nTracing command intr pid 12 tid 100048 td 0xe00000001174d680\n\nTracing command intr pid 12 tid 100046 td 0xe00000001178c000\n\nTracing command intr pid 12 tid 100042 td 0xe00000001174c480\n\nTracing command intr pid 12 tid 100040 td 0xe000000011744000\n\nTracing command intr pid 12 tid 100035 td 0xe000000011480900\n\n\nTracing command intr pid 12 tid 100030 td 0xe000000011425200\n\nTracing command intr pid 12 tid 100025 td 0xe0000000111b1b00\n\nTracing command intr pid 12 tid 100022 td 0xe000000011424900\n\nTracing command intr pid 12 tid 100021 td 0xe000000011424d80\n\nTracing command intr pid 12 tid 100019 td 0xe0000000111b0900\n\nTracing command intr pid 12 tid 100018 td 0xe0000000111b0d80\n\nTracing command intr pid 12 tid 100008 td 0xe0000000111a0000\n\nTracing command intr pid 12 tid 100007 td 0xe0000000111a0480\n\nTracing command intr pid 12 tid 100006 td 0xe0000000111a0900\n\nTracing command intr pid 12 tid 100005 td 0xe000000011182000\n\nTracing command idle pid 11 tid 100004 td 0xe000000011182480\n\nTracing command idle pid 11 tid 100003 td 0xe000000011182900\n\nTracing command init pid 1 tid 100002 td 0xe000000011182d80\n\nTracing command audit pid 10 tid 100001 td 0xe000000011183200\n\nTracing command kernel pid 0 tid 100053 td 0xe00000001178cd80\n\nTracing command kernel pid 0 tid 100050 td 0xe00000001174cd80\n\nTracing command kernel pid 0 tid 100049 td 0xe00000001174d200\n\nTracing command kernel pid 0 tid 100045 td 0xe000000011745680\n\nTracing command kernel pid 0 tid 100044 td 0xe000000011745b00\n\nTracing command kernel pid 0 tid 100023 td 0xe000000011424480\n\nTracing command kernel pid 0 tid 100020 td 0xe0000000111b0480\n\nTracing command kernel pid 0 tid 100017 td 0xe0000000111b1200\n\nTracing command kernel pid 0 tid 100016 td 0xe0000000111b1680\n\nTracing command kernel pid 0 tid 100015 td 0xe0000000111a0d80\n\nTracing command kernel pid 0 tid 100014 td 0xe0000000111a1200\n\nTracing command kernel pid 0 tid 100009 td 0xe000000011183b00\n\nTracing command kernel pid 0 tid 100000 td 0x9ffc000000efef70\ndb\u003e  \n\ndb\u003e show pginfo 0xe0000000128ecd80  \npage 0xe0000000128ecd80 obj 0 pidx 0x9ffc000000f27760 phys 0x0 q 0 hold 0 wire 10074176\n  af 0x0 of 0x0 f 0xa000 act 24 busy 1273e880 valid 0x1240 dirty 0x0\ndb\u003e \n\ndb\u003e textdump dump\ndb\u003e call doadump\n= 0x6\ndb\u003e"
}