{
 "id": 465448,
 "bug_id": 127719,
 "attachment_id": 0,
 "creation_time": "2008-09-29T15:10:04Z",
 "creator": "livitin@itprofservice.ru",
 "text": "I have Hewlett Packard Proliant DL \n\nWhen I try to run arp -a command system show me an error:\n[Tyrolit]gw# arp  -i bge0 -a\nMARINA.tyrolit.local (192.168.20.84) at 00:11:11:08:fa:01 on bge0 [ethernet]\nSegmentation fault (core dumped).\n\nI updated whole system as in the /usr/src/UPDATING. The error still appears.\nMy dmesg:\n\n[Tyrolit]gw# dmesg\nCopyright (c) 1992-2008 The FreeBSD Project.\nCopyright (c) 1979, 1980, 1983, 1986, 1988, 1989, 1991, 1992, 1993, 1994\n        The Regents of the University of California. All rights reserved.\nFreeBSD is a registered trademark of The FreeBSD Foundation.\nFreeBSD 7.1-PRERELEASE #0: Mon Sep 29 15:49:41 MSD 2008\n    root@gw.tyrolit.local:/usr/obj/usr/src/sys/krnl2008092200\nTimecounter \"i8254\" frequency 1193182 Hz quality 0\nCPU: Intel(R) Xeon(R) CPU            3065  @ 2.33GHz (2327.52-MHz 686-class CPU)\n  Origin = \"GenuineIntel\"  Id = 0x6fb  Stepping = 11\n  Features=0xbfebfbff\u003cFPU,VME,DE,PSE,TSC,MSR,PAE,MCE,CX8,APIC,SEP,MTRR,PGE,MCA,CMOV,PAT,PSE36,CLFLUSH,DTS,ACPI,MMX,FXSR,SSE,SSE2,SS,HTT,TM,PBE\u003e\n  Features2=0xe3fd\u003cSSE3,RSVD2,MON,DS_CPL,VMX,SMX,EST,TM2,SSSE3,CX16,xTPR,PDCM\u003e\n  AMD Features=0x20000000\u003cLM\u003e\n  AMD Features2=0x1\u003cLAHF\u003e\n  Cores per package: 2\nreal memory  = 1072062464 (1022 MB)\navail memory = 1035403264 (987 MB)\nACPI APIC Table: \u003cHP     ProLiant\u003e\nFreeBSD/SMP: Multiprocessor System Detected: 2 CPUs\n cpu0 (BSP): APIC ID:  0\n cpu1 (AP): APIC ID:  1\nioapic0 \u003cVersion 2.0\u003e irqs 0-23 on motherboard\nkbd1 at kbdmux0\nath_hal: 0.9.20.3 (AR5210, AR5211, AR5212, RF5111, RF5112, RF2413, RF5413)\nacpi0: \u003cHP ProLiant\u003e on motherboard\nacpi0: [ITHREAD]\nacpi0: Power Button (fixed)\nTimecounter \"ACPI-fast\" frequency 3579545 Hz quality 1000\nacpi_timer0: \u003c24-bit timer at 3.579545MHz\u003e port 0x908-0x90b on acpi0\nacpi_hpet0: \u003cHigh Precision Event Timer\u003e iomem 0xfed00000-0xfed003ff on acpi0\nTimecounter \"HPET\" frequency 14318180 Hz quality 900\npcib0: \u003cACPI Host-PCI bridge\u003e on acpi0\npci0: \u003cACPI PCI bus\u003e on pcib0\npcib1: \u003cACPI PCI-PCI bridge\u003e at device 1.0 on pci0\npci21: \u003cACPI PCI bus\u003e on pcib1\npcib2: \u003cACPI PCI-PCI bridge\u003e at device 6.0 on pci0\npci18: \u003cACPI PCI bus\u003e on pcib2\npcib3: \u003cACPI PCI-PCI bridge\u003e at device 28.0 on pci0\npci2: \u003cACPI PCI bus\u003e on pcib3\npcib4: \u003cACPI PCI-PCI bridge\u003e at device 0.0 on pci2\npci3: \u003cACPI PCI bus\u003e on pcib4\nbge0: \u003cHP NC326i Dual Port PCI-E Gigabit Adapter, ASIC rev. 0x9003\u003e mem 0xfdff0000-0xfdffffff,0xfdfe0000-0xfdfeffff irq 16 at device 4.0 on pci3\nmiibus0: \u003cMII bus\u003e on bge0\nbrgphy0: \u003cBCM5714 10/100/1000baseTX PHY\u003e PHY 1 on miibus0\nbrgphy0:  10baseT, 10baseT-FDX, 100baseTX, 100baseTX-FDX, 1000baseT, 1000baseT-FDX, auto\nbge0: Ethernet address: 00:21:5a:50:c6:88\nbge0: [ITHREAD]\nbge1: \u003cHP NC326i Dual Port PCI-E Gigabit Adapter, ASIC rev. 0x9003\u003e mem 0xfdfd0000-0xfdfdffff,0xfdfc0000-0xfdfcffff irq 17 at device 4.1 on pci3\nmiibus1: \u003cMII bus\u003e on bge1\nbrgphy1: \u003cBCM5714 10/100/1000baseTX PHY\u003e PHY 1 on miibus1\nbrgphy1:  10baseT, 10baseT-FDX, 100baseTX, 100baseTX-FDX, 1000baseT, 1000baseT-FDX, auto\nbge1: Ethernet address: 00:21:5a:50:c6:89\nbge1: [ITHREAD]\npcib5: \u003cACPI PCI-PCI bridge\u003e at device 28.2 on pci0\npci4: \u003cACPI PCI bus\u003e on pcib5\npcib6: \u003cACPI PCI-PCI bridge\u003e at device 28.3 on pci0\npci7: \u003cACPI PCI bus\u003e on pcib6\npcib7: \u003cACPI PCI-PCI bridge\u003e at device 28.4 on pci0\npci10: \u003cACPI PCI bus\u003e on pcib7\npcib8: \u003cACPI PCI-PCI bridge\u003e at device 28.5 on pci0\npci13: \u003cACPI PCI bus\u003e on pcib8\nuhci0: \u003cUHCI (generic) USB controller\u003e port 0x1000-0x101f irq 21 at device 29.0 on pci0\nuhci0: [GIANT-LOCKED]\nuhci0: [ITHREAD]\nusb0: \u003cUHCI (generic) USB controller\u003e on uhci0\nusb0: USB revision 1.0\nuhub0: \u003cIntel UHCI root hub, class 9/0, rev 1.00/1.00, addr 1\u003e on usb0\nuhub0: 2 ports with 2 removable, self powered\nuhci1: \u003cUHCI (generic) USB controller\u003e port 0x1020-0x103f irq 21 at device 29.1 on pci0\nuhci1: [GIANT-LOCKED]\nuhci1: [ITHREAD]\nusb1: \u003cUHCI (generic) USB controller\u003e on uhci1\nusb1: USB revision 1.0\nuhub1: \u003cIntel UHCI root hub, class 9/0, rev 1.00/1.00, addr 1\u003e on usb1\nuhub1: 2 ports with 2 removable, self powered\nuhci2: \u003cUHCI (generic) USB controller\u003e port 0x1040-0x105f irq 21 at device 29.2 on pci0\nuhci2: [GIANT-LOCKED]\nuhci2: [ITHREAD]\nusb2: \u003cUHCI (generic) USB controller\u003e on uhci2\nusb2: USB revision 1.0\nuhub2: \u003cIntel UHCI root hub, class 9/0, rev 1.00/1.00, addr 1\u003e on usb2\nuhub2: 2 ports with 2 removable, self powered\nuhci3: \u003cUHCI (generic) USB controller\u003e port 0x1060-0x107f irq 21 at device 29.3 on pci0\nuhci3: [GIANT-LOCKED]\nuhci3: [ITHREAD]\nusb3: \u003cUHCI (generic) USB controller\u003e on uhci3\nusb3: USB revision 1.0\nuhub3: \u003cIntel UHCI root hub, class 9/0, rev 1.00/1.00, addr 1\u003e on usb3\nuhub3: 2 ports with 2 removable, self powered\nehci0: \u003cEHCI (generic) USB 2.0 controller\u003e mem 0xfdcf0000-0xfdcf03ff irq 21 at device 29.7 on pci0\nehci0: [GIANT-LOCKED]\nehci0: [ITHREAD]\nusb4: waiting for BIOS to give up control\nusb4: EHCI version 1.0\nusb4: companion controllers, 2 ports each: usb0 usb1 usb2 usb3\nusb4: \u003cEHCI (generic) USB 2.0 controller\u003e on ehci0\nusb4: USB revision 2.0\nuhub4: \u003cIntel EHCI root hub, class 9/0, rev 2.00/1.00, addr 1\u003e on usb4\nuhub4: 8 ports with 8 removable, self powered\npcib9: \u003cACPI PCI-PCI bridge\u003e at device 30.0 on pci0\npci1: \u003cACPI PCI bus\u003e on pcib9\nvgapci0: \u003cVGA-compatible display\u003e port 0x3000-0x30ff mem 0xd8000000-0xdfffffff,0xfdef0000-0xfdefffff irq 21 at device 2.0 on pci1\npci1: \u003cbase peripheral\u003e at device 4.0 (no driver attached)\npci1: \u003cbase peripheral\u003e at device 4.2 (no driver attached)\nuhci4: \u003cUHCI (generic) USB controller\u003e port 0x3800-0x381f irq 23 at device 4.4 on pci1\nuhci4: [GIANT-LOCKED]\nuhci4: [ITHREAD]\nusb5: \u003cUHCI (generic) USB controller\u003e on uhci4\nusb5: USB revision 1.0\nuhub5: \u003c(0x103c) UHCI root hub, class 9/0, rev 1.00/1.00, addr 1\u003e on usb5\nuhub5: 2 ports with 2 removable, self powered\npci1: \u003cserial bus\u003e at device 4.6 (no driver attached)\nisab0: \u003cPCI-ISA bridge\u003e at device 31.0 on pci0\nisa0: \u003cISA bus\u003e on isab0\natapci0: \u003cIntel ICH9 SATA300 controller\u003e port 0x1080-0x1087,0x1088-0x108b,0x1090-0x1097,0x1098-0x109b,0x10a0-0x10af,0x10b0-0x10bf irq 20 at device 31.2 on pci0\natapci0: [ITHREAD]\nata2: \u003cATA channel 0\u003e on atapci0\nata2: [ITHREAD]\nata3: \u003cATA channel 1\u003e on atapci0\nata3: [ITHREAD]\natapci1: \u003cIntel ICH9 SATA300 controller\u003e port 0x10c0-0x10c7,0x10c8-0x10cb,0x10d0-0x10d7,0x10d8-0x10db,0x10e0-0x10ef,0x10f0-0x10ff irq 20 at device 31.5 on pci0\natapci1: [ITHREAD]\nata4: \u003cATA channel 0\u003e on atapci1\nata4: [ITHREAD]\nata5: \u003cATA channel 1\u003e on atapci1\nata5: [ITHREAD]\nacpi_tz0: \u003cThermal Zone\u003e on acpi0\natkbdc0: \u003cKeyboard controller (i8042)\u003e port 0x60,0x64 irq 1 on acpi0\natkbd0: \u003cAT Keyboard\u003e irq 1 on atkbdc0\nkbd0 at atkbd0\natkbd0: [GIANT-LOCKED]\natkbd0: [ITHREAD]\nsio0: \u003cStandard PC COM port\u003e port 0x3f8-0x3ff irq 4 flags 0x10 on acpi0\nsio0: type 16550A\nsio0: [FILTER]\ncpu0: \u003cACPI CPU\u003e on acpi0\nest0: \u003cEnhanced SpeedStep Frequency Control\u003e on cpu0\nest: CPU supports Enhanced Speedstep, but is not recognized.\nest: cpu_vendor GenuineIntel, msr 72a072a0600072a\ndevice_attach: est0 attach returned 6\np4tcc0: \u003cCPU Frequency Thermal Control\u003e on cpu0\ncpu1: \u003cACPI CPU\u003e on acpi0\nest1: \u003cEnhanced SpeedStep Frequency Control\u003e on cpu1\nest: CPU supports Enhanced Speedstep, but is not recognized.\nest: cpu_vendor GenuineIntel, msr 72a072a0600072a\ndevice_attach: est1 attach returned 6\np4tcc1: \u003cCPU Frequency Thermal Control\u003e on cpu1\npmtimer0 on isa0\norm0: \u003cISA Option ROM\u003e at iomem 0xc0000-0xcafff pnpid ORM0000 on isa0\nata0 at port 0x1f0-0x1f7,0x3f6 irq 14 on isa0\nata0: [ITHREAD]\nata1 at port 0x170-0x177,0x376 irq 15 on isa0\nata1: [ITHREAD]\nppc0: parallel port not found.\nsc0: \u003cSystem console\u003e at flags 0x100 on isa0\nsc0: VGA \u003c16 virtual consoles, flags=0x300\u003e\nsio1 at port 0x2f8-0x2ff irq 3 on isa0\nsio1: type 16550A\nsio1: [FILTER]\nvga0: \u003cGeneric ISA VGA\u003e at port 0x3c0-0x3df iomem 0xa0000-0xbffff on isa0\nukbd0: \u003cHP Virtual Keyboard, class 0/0, rev 1.10/0.02, addr 2\u003e on uhub5\nkbd2 at ukbd0\nums0: \u003cHP Virtual Keyboard, class 0/0, rev 1.10/0.02, addr 2\u003e on uhub5\nums0: 3 buttons.\nuhub6: \u003cHP Virtual Hub, class 9/0, rev 1.10/0.01, addr 3\u003e on uhub5\nuhub6: 7 ports with 7 removable, self powered\nTimecounters tick every 1.000 msec\nipfw2 (+ipv6) initialized, divert enabled, nat loadable, rule-based forwarding disabled, default to deny, logging unlimited\nad4: 238475MB \u003cWDC WD2500YS-70SHB1 20.06C06\u003e at ata2-master SATA150\nad6: 238475MB \u003cGB0250EAFJF HPG1\u003e at ata3-master SATA300\nGEOM_MIRROR: Device mirror/gm0 launched (2/2).\nacd0: DVDR \u003cTEAC DV-W28E-RW/G.B1\u003e at ata4-master UDMA33\nSMP: AP CPU #1 Launched!\nTrying to mount root from ufs:/dev/mirror/gm0s1a\nbge1: link state changed to UP\nbge0: link state changed to UP\npid 924 (sendmail), uid 0: exited on signal 11\npid 1000 (arp), uid 0: exited on signal 11 (core dumped)\npid 1006 (arp), uid 0: exited on signal 11 (core dumped)\n\nmy /etc/fstab\n[Tyrolit]gw# more /etc/fstab\n# Device                        Mountpoint      FStype  Options         Dump    Pass#\n/dev/mirror/gm0s1b              none            swap    sw              0       0\n/dev/mirror/gm0s1a              /               ufs     rw              1       1\n/dev/acd0                       /cdrom          cd9660  ro,noauto       0       0\n\nMy kernel:\n[Tyrolit]gw# more /sys/i386/conf/krnl2008092200\ncpu             I686_CPU\nident           krnl2008092200\n\n# To statically compile in device wiring instead of /boot/device.hints\n#hints          \"GENERIC.hints\"         # Default places to look for devices.\n\nmakeoptions     DEBUG=-g                # Build kernel with gdb(1) debug symbols\n\noptions         SCHED_ULE               # ULE scheduler\noptions         PREEMPTION              # Enable kernel thread preemption\noptions         INET                    # InterNETworking\noptions         INET6                   # IPv6 communications protocols\noptions         SCTP                    # Stream Control Transmission Protocol\noptions         FFS                     # Berkeley Fast Filesystem\noptions         SOFTUPDATES             # Enable FFS soft updates support\noptions         UFS_ACL                 # Support for access control lists\noptions         UFS_DIRHASH             # Improve performance on big directories\noptions         UFS_GJOURNAL            # Enable gjournal-based UFS journaling\noptions         MD_ROOT                 # MD is a potential root device\noptions         NFSCLIENT               # Network Filesystem Client\noptions         NFSSERVER               # Network Filesystem Server\noptions         NFSLOCKD                # Network Lock Manager\noptions         NFS_ROOT                # NFS usable as /, requires NFSCLIENT\noptions         MSDOSFS                 # MSDOS Filesystem\noptions         CD9660                  # ISO 9660 Filesystem\noptions         PROCFS                  # Process filesystem (requires PSEUDOFS)\noptions         PSEUDOFS                # Pseudo-filesystem framework\noptions         GEOM_PART_GPT           # GUID Partition Tables.\noptions         GEOM_LABEL              # Provides labelization\noptions         COMPAT_43TTY            # BSD 4.3 TTY compat [KEEP THIS!]\noptions         COMPAT_FREEBSD4         # Compatible with FreeBSD4\noptions         COMPAT_FREEBSD5         # Compatible with FreeBSD5\noptions         COMPAT_FREEBSD6         # Compatible with FreeBSD6\noptions         SCSI_DELAY=5000         # Delay (in ms) before probing SCSI\noptions         KTRACE                  # ktrace(1) support\noptions         STACK                   # stack(9) support\noptions         SYSVSHM                 # SYSV-style shared memory\noptions         SYSVMSG                 # SYSV-style message queues\noptions         SYSVSEM                 # SYSV-style semaphores\noptions         _KPOSIX_PRIORITY_SCHEDULING # POSIX P1003_1B real-time extensions\noptions         KBD_INSTALL_CDEV        # install a CDEV entry in /dev\noptions         ADAPTIVE_GIANT          # Giant mutex is adaptive.\noptions         STOP_NMI                # Stop CPUS using NMI instead of IPI\noptions         AUDIT                   # Security event auditing\n#options        KDTRACE_HOOKS           # Kernel DTrace hooks\n\n# To make an SMP kernel, the next two lines are needed\noptions         SMP                     # Symmetric MultiProcessor Kernel\ndevice          apic                    # I/O APIC\n\n\noptions         IPFIREWALL\noptions         IPFIREWALL_VERBOSE\noptions         IPDIVERT\noptions         SC_DISABLE_REBOOT\n\n# CPU frequency control\ndevice          cpufreq\n\n# Bus support.\ndevice          eisa\ndevice          pci\n\n# Floppy drives\ndevice          fdc\n\n# ATA and ATAPI devices\ndevice          ata\ndevice          atadisk         # ATA disk drives\ndevice          ataraid         # ATA RAID drives\ndevice          atapicd         # ATAPI CDROM drives\ndevice          atapifd         # ATAPI floppy drives\ndevice          atapist         # ATAPI tape drives\noptions         ATA_STATIC_ID   # Static device numbering\n\n# SCSI Controllers\ndevice          ahb             # EISA AHA1742 family\ndevice          ahc             # AHA2940 and onboard AIC7xxx devices\noptions         AHC_REG_PRETTY_PRINT    # Print register bitfields in debug\n                                        # output.  Adds ~128k to driver.\ndevice          ahd             # AHA39320/29320 and onboard AIC79xx devices\noptions         AHD_REG_PRETTY_PRINT    # Print register bitfields in debug\n                                        # output.  Adds ~215k to driver.\ndevice          amd             # AMD 53C974 (Tekram DC-390(T))\ndevice          hptiop          # Highpoint RocketRaid 3xxx series\ndevice          isp             # Qlogic family\n#device         ispfw           # Firmware for QLogic HBAs- normally a module\ndevice          mpt             # LSI-Logic MPT-Fusion\n#device         ncr             # NCR/Symbios Logic\ndevice          sym             # NCR/Symbios Logic (newer chipsets + those of `ncr')\ndevice          trm             # Tekram DC395U/UW/F DC315U adapters\n\ndevice          adv             # Advansys SCSI adapters\ndevice          adw             # Advansys wide SCSI adapters\ndevice          aha             # Adaptec 154x SCSI adapters\ndevice          aic             # Adaptec 15[012]x SCSI adapters, AIC-6[23]60.\ndevice          bt              # Buslogic/Mylex MultiMaster SCSI adapters\n\ndevice          ncv             # NCR 53C500\ndevice          nsp             # Workbit Ninja SCSI-3\ndevice          stg             # TMC 18C30/18C50\n\n# SCSI peripherals\ndevice          scbus           # SCSI bus (required for SCSI)\ndevice          ch              # SCSI media changers\ndevice          da              # Direct Access (disks)\ndevice          sa              # Sequential Access (tape etc)\ndevice          cd              # CD\ndevice          pass            # Passthrough device (direct SCSI access)\ndevice          ses             # SCSI Environmental Services (and SAF-TE)\n\n# RAID controllers interfaced to the SCSI subsystem\ndevice          amr             # AMI MegaRAID\ndevice          arcmsr          # Areca SATA II RAID\ndevice          asr             # DPT SmartRAID V, VI and Adaptec SCSI RAID\ndevice          ciss            # Compaq Smart RAID 5*\ndevice          dpt             # DPT Smartcache III, IV - See NOTES for options\ndevice          hptmv           # Highpoint RocketRAID 182x\ndevice          hptrr           # Highpoint RocketRAID 17xx, 22xx, 23xx, 25xx\ndevice          iir             # Intel Integrated RAID\ndevice          ips             # IBM (Adaptec) ServeRAID\ndevice          mly             # Mylex AcceleRAID/eXtremeRAID\ndevice          twa             # 3ware 9000 series PATA/SATA RAID\n\n# RAID controllers\ndevice          aac             # Adaptec FSA RAID\ndevice          aacp            # SCSI passthrough for aac (requires CAM)\ndevice          ida             # Compaq Smart RAID\ndevice          mfi             # LSI MegaRAID SAS\ndevice          mlx             # Mylex DAC960 family\ndevice          pst             # Promise Supertrak SX6000\ndevice          twe             # 3ware ATA RAID\n\n# atkbdc0 controls both the keyboard and the PS/2 mouse\ndevice          atkbdc          # AT keyboard controller\ndevice          atkbd           # AT keyboard\ndevice          psm             # PS/2 mouse\n\ndevice          kbdmux          # keyboard multiplexer\n\ndevice          vga             # VGA video card driver\n\ndevice          splash          # Splash screen and screen saver support\n\n# syscons is the default console driver, resembling an SCO console\ndevice          sc\n\ndevice          agp             # support several AGP chipsets\n\n# Power management support (see NOTES for more options)\n#device         apm\n# Add suspend/resume support for the i8254.\ndevice          pmtimer\n\n# PCCARD (PCMCIA) support\n# PCMCIA and cardbus bridge support\ndevice          cbb             # cardbus (yenta) bridge\ndevice          pccard          # PC Card (16-bit) bus\ndevice          cardbus         # CardBus (32-bit) bus\n\n# Serial (COM) ports\ndevice          sio             # 8250, 16[45]50 based serial ports\ndevice          uart            # Generic UART driver\n\n# Parallel port\ndevice          ppc\ndevice          ppbus           # Parallel port bus (required)\ndevice          lpt             # Printer\ndevice          plip            # TCP/IP over parallel\ndevice          ppi             # Parallel port interface device\n#device         vpo             # Requires scbus and da\n\n# If you've got a \"dumb\" serial or parallel PCI card that is\n# supported by the puc(4) glue driver, uncomment the following\n# line to enable it (connects to sio, uart and/or ppc drivers):\n#device         puc\n\n# PCI Ethernet NICs.\ndevice          de              # DEC/Intel DC21x4x (``Tulip'')\ndevice          em              # Intel PRO/1000 Gigabit Ethernet Family\ndevice          igb             # Intel PRO/1000 PCIE Server Gigabit Family\ndevice          ixgb            # Intel PRO/10GbE Ethernet Card\ndevice          le              # AMD Am7900 LANCE and Am79C9xx PCnet\ndevice          txp             # 3Com 3cR990 (``Typhoon'')\ndevice          vx              # 3Com 3c590, 3c595 (``Vortex'')\n\n# PCI Ethernet NICs that use the common MII bus controller code.\n# NOTE: Be sure to keep the 'device miibus' line in order to use these NICs!\ndevice          miibus          # MII bus support\ndevice          age             # Attansic/Atheros L1 Gigabit Ethernet\ndevice          bce             # Broadcom BCM5706/BCM5708 Gigabit Ethernet\ndevice          bfe             # Broadcom BCM440x 10/100 Ethernet\ndevice          bge             # Broadcom BCM570xx Gigabit Ethernet\ndevice          dc              # DEC/Intel 21143 and various workalikes\ndevice          et              # Agere ET1310 10/100/Gigabit Ethernet\ndevice          fxp             # Intel EtherExpress PRO/100B (82557, 82558)\ndevice          jme             # JMicron JMC250 Gigabit/JMC260 Fast Ethernet\ndevice          lge             # Level 1 LXT1001 gigabit Ethernet\ndevice          msk             # Marvell/SysKonnect Yukon II Gigabit Ethernet\ndevice          nfe             # nVidia nForce MCP on-board Ethernet\ndevice          nge             # NatSemi DP83820 gigabit Ethernet\n#device         nve             # nVidia nForce MCP on-board Ethernet Networking\ndevice          pcn             # AMD Am79C97x PCI 10/100 (precedence over 'le')\ndevice          re              # RealTek 8139C+/8169/8169S/8110S\ndevice          rl              # RealTek 8129/8139\ndevice          sf              # Adaptec AIC-6915 (``Starfire'')\ndevice          sis             # Silicon Integrated Systems SiS 900/SiS 7016\ndevice          sk              # SysKonnect SK-984x \u0026 SK-982x gigabit Ethernet\ndevice          ste             # Sundance ST201 (D-Link DFE-550TX)\ndevice          stge            # Sundance/Tamarack TC9021 gigabit Ethernet\ndevice          ti              # Alteon Networks Tigon I/II gigabit Ethernet\ndevice          tl              # Texas Instruments ThunderLAN\ndevice          tx              # SMC EtherPower II (83c170 ``EPIC'')\ndevice          vge             # VIA VT612x gigabit Ethernet\ndevice          vr              # VIA Rhine, Rhine II\ndevice          wb              # Winbond W89C840F\ndevice          xl              # 3Com 3c90x (``Boomerang'', ``Cyclone'')\n\n# ISA Ethernet NICs.  pccard NICs included.\ndevice          cs              # Crystal Semiconductor CS89x0 NIC\n# 'device ed' requires 'device miibus'\ndevice          ed              # NE[12]000, SMC Ultra, 3c503, DS8390 cards\ndevice          ex              # Intel EtherExpress Pro/10 and Pro/10+\ndevice          ep              # Etherlink III based cards\ndevice          fe              # Fujitsu MB8696x based cards\ndevice          ie              # EtherExpress 8/16, 3C507, StarLAN 10 etc.\ndevice          sn              # SMC's 9000 series of Ethernet chips\ndevice          xe              # Xircom pccard Ethernet\n\n# Wireless NIC cards\ndevice          wlan            # 802.11 support\ndevice          wlan_wep        # 802.11 WEP support\ndevice          wlan_ccmp       # 802.11 CCMP support\ndevice          wlan_tkip       # 802.11 TKIP support\ndevice          wlan_amrr       # AMRR transmit rate control algorithm\ndevice          wlan_scan_ap    # 802.11 AP mode scanning\ndevice          wlan_scan_sta   # 802.11 STA mode scanning\ndevice          an              # Aironet 4500/4800 802.11 wireless NICs.\ndevice          ath             # Atheros pci/cardbus NIC's\ndevice          ath_hal         # Atheros HAL (Hardware Access Layer)\ndevice          ath_rate_sample # SampleRate tx rate control for ath\ndevice          awi             # BayStack 660 and others\ndevice          ral             # Ralink Technology RT2500 wireless NICs.\ndevice          wi              # WaveLAN/Intersil/Symbol 802.11 wireless NICs.\n#device         wl              # Older non 802.11 Wavelan wireless NIC.\n\n# Pseudo devices.\ndevice          loop            # Network loopback\ndevice          random          # Entropy device\ndevice          ether           # Ethernet support\ndevice          sl              # Kernel SLIP\ndevice          ppp             # Kernel PPP\ndevice          tun             # Packet tunnel.\ndevice          pty             # Pseudo-ttys (telnet etc)\ndevice          md              # Memory \"disks\"\ndevice          gif             # IPv6 and IPv4 tunneling\ndevice          faith           # IPv6-to-IPv4 relaying (translation)\ndevice          firmware        # firmware assist module\n\n# The `bpf' device enables the Berkeley Packet Filter.\n# Be aware of the administrative consequences of enabling this!\n# Note that 'bpf' is required for DHCP.\ndevice          bpf             # Berkeley packet filter\n\n# USB support\ndevice          uhci            # UHCI PCI-\u003eUSB interface\ndevice          ohci            # OHCI PCI-\u003eUSB interface\ndevice          ehci            # EHCI PCI-\u003eUSB interface (USB 2.0)\ndevice          usb             # USB Bus (required)\n#device         udbp            # USB Double Bulk Pipe devices\ndevice          ugen            # Generic\ndevice          uhid            # \"Human Interface Devices\"\ndevice          ukbd            # Keyboard\ndevice          ulpt            # Printer\ndevice          umass           # Disks/Mass storage - Requires scbus and da\ndevice          ums             # Mouse\ndevice          ural            # Ralink Technology RT2500USB wireless NICs\ndevice          rum             # Ralink Technology RT2501USB wireless NICs\ndevice          urio            # Diamond Rio 500 MP3 player\ndevice          uscanner        # Scanners\n# USB Serial devices\ndevice          ucom            # Generic com ttys\ndevice          uark            # Technologies ARK3116 based serial adapters\ndevice          ubsa            # Belkin F5U103 and compatible serial adapters\ndevice          ubser           # BWCT console serial adapters\ndevice          uftdi           # For FTDI usb serial adapters\ndevice          uipaq           # Some WinCE based devices\ndevice          uplcom          # Prolific PL-2303 serial adapters\ndevice          uslcom          # SI Labs CP2101/CP2102 serial adapters\ndevice          uvisor          # Visor and Palm devices\ndevice          uvscom          # USB serial support for DDI pocket's PHS\n# USB Ethernet, requires miibus\ndevice          aue             # ADMtek USB Ethernet\ndevice          axe             # ASIX Electronics USB Ethernet\ndevice          cdce            # Generic USB over Ethernet\ndevice          cue             # CATC USB Ethernet\ndevice          kue             # Kawasaki LSI USB Ethernet\ndevice          rue             # RealTek RTL8150 USB Ethernet\n\n# FireWire support\ndevice          firewire        # FireWire bus code\ndevice          sbp             # SCSI over FireWire (Requires scbus and da)\ndevice          fwe             # Ethernet over FireWire (non-standard!)\ndevice          fwip            # IP over FireWire (RFC 2734,3146)\ndevice          dcons           # Dumb console driver\ndevice          dcons_crom      # Configuration ROM for dcons\n\n\nI uploaded arp.core file.\n\nFix: Patch attached with submission follows:"
}