{
 "id": 1287579,
 "bug_id": 275655,
 "attachment_id": 0,
 "creation_time": "2023-12-09T13:54:35Z",
 "creator": "freebsd@oldach.net",
 "text": "Since the recent port update to U-BOOT 2023.10, mmc0 is no longer found and my RPi4/8G reverts to Ethernet boot (which fails below due to no link):\n\n----------------------------------------------------------------------\nU-Boot 2023.10 (Dec 09 2023 - 13:58:21 +0100)\n\nDRAM:  948 MiB (effective 7.9 GiB)\nRPI 4 Model B (0xd03114)\nCore:  210 devices, 16 uclasses, devicetree: board\nMMC:   mmc@7e300000: 3, mmc@7e340000: 0\nLoading Environment from FAT... ** Bad device specification mmc 1 **\nIn:    serial,usbkbd\nOut:   serial,vidconsole\nErr:   serial,vidconsole\nNet:   eth0: ethernet@7d580000\nPCIe BRCM: link up, 5.0 Gbps x1 (SSC)\nstarting USB...\nBus xhci_pci: Register 5000420 NbrPorts 5\nStarting the controller\nUSB XHCI 1.00\nscanning bus xhci_pci for devices... 2 USB Device(s) found\n       scanning usb for storage devices... 0 Storage Device(s) found\nHit any key to stop autoboot:  0\nethernet@7d580000 Waiting for PHY auto negotiation to complete......... TIMEOUT !\nbcmgenet: PHY startup failed: -110\nethernet@7d580000 Waiting for PHY auto negotiation to complete......... TIMEOUT !\nbcmgenet: PHY startup failed: -110\nU-Boot\u003e\n----------------------------------------------------------------------\n\nU-Boot 2023.07.02 works fine on the same machine:\n\n----------------------------------------------------------------------\nU-Boot 2023.07.02 (Aug 09 2023 - 18:56:25 +0200)\n\nDRAM:  948 MiB (effective 7.9 GiB)\nRPI 4 Model B (0xd03114)\nCore:  209 devices, 16 uclasses, devicetree: board\nMMC:   mmc@7e300000: 3, mmc@7e340000: 0\nLoading Environment from FAT... ** Bad device specification mmc 1 **\nIn:    serial\nOut:   vidconsole\nErr:   vidconsole\nNet:   eth0: ethernet@7d580000\nPCIe BRCM: link up, 5.0 Gbps x1 (SSC)\nstarting USB...\nBus xhci_pci: Register 5000420 NbrPorts 5\nStarting the controller\nUSB XHCI 1.00\nscanning bus xhci_pci for devices... 2 USB Device(s) found\n       scanning usb for storage devices... 0 Storage Device(s) found\nHit any key to stop autoboot:  0\nswitch to partitions #0, OK\nmmc0 is current device\nScanning mmc 0:1...\nNo EFI system partition\nNo EFI system partition\nFailed to persist EFI variables\nBootOrder not defined\nEFI boot manager: Cannot load any image\nFound EFI removable media binary efi/boot/bootaa64.efi\n1186852 bytes read in 86 ms (13.2 MiB/s)\nBooting /efi\\boot\\bootaa64.efi\nconsole comconsole failed to initialize\nConsoles: EFI console\n    Reading loader env vars from /efi/freebsd/loader.env\nSetting currdev to disk0p1:\nFreeBSD/arm64 EFI loader, Revision 1.1\n----------------------------------------------------------------------"
}