{
 "id": 417793,
 "bug_id": 117973,
 "attachment_id": 0,
 "creation_time": "2007-11-11T12:10:01Z",
 "creator": "ports@grosbein.net",
 "text": "\tWhile printing a very simple one-page file from OpenOffice\n\tto local printer though lpd system panices and I've crashdump.\n\tThis is 100% repeatable. The workaround is to issue a command\n\tbefore printing:\n\n/usr/sbin/lptcontrol -e -d /dev/lpt0.ctl\n\nFix: \n\nUnknown. As I've mentioned, switching to extended mode\n\twith lptcontrol(8) helps to not panic.\n\nEugene Grosbein\nHow-To-Repeat: \tJust print a page, printer starts to print, it prints first line\n\tthen system reboots.\n\n\tHere is kgdb script:\n\nScript started on Sun Nov 11 18:45:50 2007\n[GDB will not be able to debug user-mode threads: /usr/lib/libthread_db.so: Undefined symbol \"ps_pglobal_lookup\"]\nGNU gdb 6.1.1 [FreeBSD]\nCopyright 2004 Free Software Foundation, Inc.\nGDB is free software, covered by the GNU General Public License, and you are\nwelcome to change it and/or distribute copies of it under certain conditions.\nType \"show copying\" to see the conditions.\nThere is absolutely no warranty for GDB.  Type \"show warranty\" for details.\nThis GDB was configured as \"i386-marcel-freebsd\".\n\nUnread portion of the kernel message buffer:\nlpt0: [GIANT-LOCKED]\nlpt0: [ITHREAD]\n\n\nFatal trap 30: reserved (unknown) fault while in kernel lmpotd0e:\n c[pGuIiAdN T=- L1O;C KaEpD]ic id\n =l pt001:\n i[nIsTtHrRuEcAtDi]on\n pointer\t= 0x20:0xc1127d4c\nstack pointer\t        = 0x28:0xe4093c88\nframe pointer\t        = 0x28:0xe4093c88\ncode segment\t\t= base 0x0, limit 0xfffff, type 0x1b\n\t\t\t= DPL 0, pres 1, def32 1, gran 1\nprocessor eflags\t= interrupt enabled, IOPL = 0\ncurrent process\t\t= 10 (idle: cpu1)\ntrap number\t\t= 30\npanic: reserved (unknown) fault\ncpuid = 1\nKDB: stack backtrace:\ndb_trace_self_wrapper(c07c47a4,e4093b64,c057d7b0,c07e51dc,1,...) at 0xc0464d91 = db_trace_self_wrapper+0x26\nkdb_backtrace(c07e51dc,1,c07aff8c,e4093b70,1,...) at 0xc05a3274 = kdb_backtrace+0x29\npanic(c07aff8c,c07e659f,c5519f68,1,1,...) at 0xc057d7b0 = panic+0x10f\ntrap_fatal(c0598b78,6,0,c07c3b0a,1e,...) at 0xc077bcc9 = trap_fatal+0x32e\ntrap(e4093c48) at 0xc077ca05 = trap+0x549\ncalltrap() at 0xc0763cfb = calltrap+0x6\n--- trap 0x1e, eip = 0xc1127d4c, esp = 0xe4093c88, ebp = 0xe4093c88 ---\nacpi_cpu_c1(e4093cc0,e4093ca8,c551a440,1,10,...) at 0xc1127d4c = acpi_cpu_c1+0x5\nacpi_cpu_idle(e4093cf4,c059987f,1,0,c084bc40,...) at 0xc1121778 = acpi_cpu_idle+0x17c\ncpu_idle(1,0,c084bc40,c551a440,202,...) at 0xc076e4b8 = cpu_idle+0x28\nsched_idletd(0,e4093d38,10000020,0,80000020,...) at 0xc059987f = sched_idletd+0x2d5\nfork_exit(c05995aa,0,e4093d38) at 0xc055e6a1 = fork_exit+0x99\nfork_trampoline() at 0xc0763d70 = fork_trampoline+0x8\n--- trap 0, eip = 0, esp = 0xe4093d70, ebp = 0 ---\nUptime: 1m41s\nPhysical memory: 2029 MB\nDumping 146 MB: 131 115 99 83 67 51 35 19 3\n\n#0  doadump () at pcpu.h:195\n195\t\t__asm __volatile(\"movl %%fs:0,%0\" : \"=r\" (td));\n(kgdb) where\n#0  doadump () at pcpu.h:195\n#1  0xc057d4f2 in boot (howto=260)\n    at /usr/local/src/sys/kern/kern_shutdown.c:409\n#2  0xc057d7df in panic (fmt=Variable \"fmt\" is not available.\n) at /usr/local/src/sys/kern/kern_shutdown.c:563\n#3  0xc077bcc9 in trap_fatal (frame=0xe4093c48, eva=0)\n    at /usr/local/src/sys/i386/i386/trap.c:872\n#4  0xc077ca05 in trap (frame=0xe4093c48)\n    at /usr/local/src/sys/i386/i386/trap.c:659\n#5  0xc0763cfb in calltrap () at /usr/local/src/sys/i386/i386/exception.s:139\n#6  0xc1127d4c in ?? ()\n#7  0xe4093cc0 in ?? ()\n#8  0xc076e4b8 in cpu_idle () at /usr/local/src/sys/i386/i386/machdep.c:1156\nPrevious frame inner to this frame (corrupt stack?)\n(kgdb) bt full\n#0  doadump () at pcpu.h:195\nNo locals.\n#1  0xc057d4f2 in boot (howto=260)\n    at /usr/local/src/sys/kern/kern_shutdown.c:409\n\t_giantcnt = Variable \"_giantcnt\" is not available.\n(kgdb) quit\n\nScript done on Sun Nov 11 18:46:07 2007\n\n\n\tHere comes boot log:\n\nCopyright (c) 1992-2007 The FreeBSD Project.\nCopyright (c) 1979, 1980, 1983, 1986, 1988, 1989, 1991, 1992, 1993, 1994\nThe Regents of the University of California. All rights reserved.\nFreeBSD is a registered trademark of The FreeBSD Foundation.\nFreeBSD 7.0-BETA2 #0: Sun Nov 11 18:36:42 KRAT 2007\neu@grosbein.pp.ru:/usr/local/obj/usr/local/src/sys/DADV\nTimecounter \"i8254\" frequency 1193182 Hz quality 0\nCPU: Intel(R) Pentium(R) D CPU 2.80GHz (2805.72-MHz 686-class CPU)\nOrigin = \"GenuineIntel\"  Id = 0xf62  Stepping = 2\nFeatures=0xbfebfbff\u003cFPU,VME,DE,PSE,TSC,MSR,PAE,MCE,CX8,APIC,SEP,MTRR,PGE,MCA,CMOV,PAT,PSE36,CLFLUSH,DTS,ACPI,MMX,FXSR,SSE,SSE2,SS,HTT,TM,PBE\u003e\nFeatures2=0xe43d\u003cSSE3,RSVD2,MON,DS_CPL,VMX,CNXT-ID,CX16,xTPR,PDCM\u003e\nAMD Features=0x20100000\u003cNX,LM\u003e\nAMD Features2=0x1\u003cLAHF\u003e\nCores per package: 2\nreal memory  = 2146050048 (2046 MB)\navail memory = 2085523456 (1988 MB)\nACPI APIC Table: \u003cINTEL  D975XBX \u003e\nFreeBSD/SMP: Multiprocessor System Detected: 2 CPUs\ncpu0 (BSP): APIC ID:  0\ncpu1 (AP): APIC ID:  1\nioapic0: Changing APIC ID to 2\nioapic0 \u003cVersion 2.0\u003e irqs 0-23 on motherboard\nkqemu version 0x00010300\nkqemu: KQEMU installed, max_locked_mem=1039036kB.\nacpi0: \u003cINTEL D975XBX\u003e on motherboard\nacpi0: [ITHREAD]\nacpi0: Power Button (fixed)\nTimecounter \"ACPI-fast\" frequency 3579545 Hz quality 1000\nacpi_timer0: \u003c24-bit timer at 3.579545MHz\u003e port 0x408-0x40b on acpi0\ncpu0: \u003cACPI CPU\u003e on acpi0\ncpu1: \u003cACPI CPU\u003e on acpi0\nacpi_button0: \u003cSleep Button\u003e on acpi0\npcib0: \u003cACPI Host-PCI bridge\u003e port 0xcf8-0xcff on acpi0\npci0: \u003cACPI PCI bus\u003e on pcib0\npcib1: \u003cACPI PCI-PCI bridge\u003e at device 1.0 on pci0\npci1: \u003cACPI PCI bus\u003e on pcib1\nnvidia0: \u003cGeForce 7600 GS\u003e port 0x3000-0x307f mem 0x91000000-0x91ffffff,0x80000000-0x8fffffff,0x90000000-0x90ffffff irq 16 at device 0.0 on pci1\nnvidia0: [GIANT-LOCKED]\nnvidia0: [ITHREAD]\npcm0: \u003cIntel 82801G High Definition Audio Controller\u003e mem 0x92200000-0x92203fff irq 22 at device 27.0 on pci0\npcm0: [ITHREAD]\npcib2: \u003cACPI PCI-PCI bridge\u003e at device 28.0 on pci0\npci2: \u003cACPI PCI bus\u003e on pcib2\npcib3: \u003cACPI PCI-PCI bridge\u003e at device 28.4 on pci0\npci3: \u003cACPI PCI bus\u003e on pcib3\npcib4: \u003cACPI PCI-PCI bridge\u003e at device 28.5 on pci0\npci4: \u003cACPI PCI bus\u003e on pcib4\nem0: \u003cIntel(R) PRO/1000 Network Connection Version - 6.5.3\u003e port 0x2000-0x201f mem 0x92100000-0x9211ffff irq 17 at device 0.0 on pci4\nem0: Ethernet address: 00:16:76:6b:04:d7\nem0: [FILTER]\nuhci0: \u003cUHCI (generic) USB controller\u003e port 0x4080-0x409f irq 23 at device 29.0 on pci0\nuhci0: [GIANT-LOCKED]\nuhci0: [ITHREAD]\nusb0: \u003cUHCI (generic) USB controller\u003e on uhci0\nusb0: USB revision 1.0\nuhub0: \u003cIntel UHCI root hub, class 9/0, rev 1.00/1.00, addr 1\u003e on usb0\nuhub0: 2 ports with 2 removable, self powered\nuhci1: \u003cUHCI (generic) USB controller\u003e port 0x4060-0x407f irq 19 at device 29.1 on pci0\nuhci1: [GIANT-LOCKED]\nuhci1: [ITHREAD]\nusb1: \u003cUHCI (generic) USB controller\u003e on uhci1\nusb1: USB revision 1.0\nuhub1: \u003cIntel UHCI root hub, class 9/0, rev 1.00/1.00, addr 1\u003e on usb1\nuhub1: 2 ports with 2 removable, self powered\nuhci2: \u003cUHCI (generic) USB controller\u003e port 0x4040-0x405f irq 18 at device 29.2 on pci0\nuhci2: [GIANT-LOCKED]\nuhci2: [ITHREAD]\nusb2: \u003cUHCI (generic) USB controller\u003e on uhci2\nusb2: USB revision 1.0\nuhub2: \u003cIntel UHCI root hub, class 9/0, rev 1.00/1.00, addr 1\u003e on usb2\nuhub2: 2 ports with 2 removable, self powered\nuhci3: \u003cUHCI (generic) USB controller\u003e port 0x4020-0x403f irq 16 at device 29.3 on pci0\nuhci3: [GIANT-LOCKED]\nuhci3: [ITHREAD]\nusb3: \u003cUHCI (generic) USB controller\u003e on uhci3\nusb3: USB revision 1.0\nuhub3: \u003cIntel UHCI root hub, class 9/0, rev 1.00/1.00, addr 1\u003e on usb3\nuhub3: 2 ports with 2 removable, self powered\nehci0: \u003cIntel 82801GB/R (ICH7) USB 2.0 controller\u003e mem 0x92204400-0x922047ff irq 23 at device 29.7 on pci0\nehci0: [GIANT-LOCKED]\nehci0: [ITHREAD]\nusb4: EHCI version 1.0\nusb4: companion controllers, 2 ports each: usb0 usb1 usb2 usb3\nusb4: \u003cIntel 82801GB/R (ICH7) USB 2.0 controller\u003e on ehci0\nusb4: USB revision 2.0\nuhub4: \u003cIntel EHCI root hub, class 9/0, rev 2.00/1.00, addr 1\u003e on usb4\nuhub4: 8 ports with 8 removable, self powered\numass0: \u003cvendor 0x3538 USB Mass Storage Device, class 0/0, rev 2.00/1.00, addr 2\u003e on uhub4\npcib5: \u003cACPI PCI-PCI bridge\u003e at device 30.0 on pci0\npci5: \u003cACPI PCI bus\u003e on pcib5\natapci0: \u003cPromise PDC20268 UDMA100 controller\u003e port 0x1018-0x101f,0x1024-0x1027,0x1010-0x1017,0x1020-0x1023,0x1000-0x100f mem 0x92004000-0x92007fff irq 18 at device 2.0 on pci5\natapci0: [ITHREAD]\nata2: \u003cATA channel 0\u003e on atapci0\nata2: [ITHREAD]\nata3: \u003cATA channel 1\u003e on atapci0\nata3: [ITHREAD]\npci5: \u003cserial bus, FireWire\u003e at device 4.0 (no driver attached)\nisab0: \u003cPCI-ISA bridge\u003e at device 31.0 on pci0\nisa0: \u003cISA bus\u003e on isab0\natapci1: \u003cIntel ICH7 UDMA100 controller\u003e port 0x1f0-0x1f7,0x3f6,0x170-0x177,0x376,0x40b0-0x40bf irq 18 at device 31.1 on pci0\nata0: \u003cATA channel 0\u003e on atapci1\nata0: [ITHREAD]\nata1: \u003cATA channel 1\u003e on atapci1\nata1: [ITHREAD]\natapci2: \u003cIntel ICH7 SATA300 controller\u003e port 0x40c8-0x40cf,0x40e4-0x40e7,0x40c0-0x40c7,0x40e0-0x40e3,0x40a0-0x40af mem 0x92204000-0x922043ff irq 19 at device 31.2 on pci0\natapci2: [ITHREAD]\natapci2: AHCI Version 01.10 controller with 4 ports detected\nata4: \u003cATA channel 0\u003e on atapci2\nata4: [ITHREAD]\nata5: \u003cATA channel 1\u003e on atapci2\nata5: [ITHREAD]\nata6: \u003cATA channel 2\u003e on atapci2\nata6: [ITHREAD]\nata7: \u003cATA channel 3\u003e on atapci2\nata7: [ITHREAD]\npci0: \u003cserial bus, SMBus\u003e at device 31.3 (no driver attached)\natkbdc0: \u003cKeyboard controller (i8042)\u003e port 0x60,0x64 irq 1 on acpi0\natkbd0: \u003cAT Keyboard\u003e irq 1 on atkbdc0\nkbd0 at atkbd0\natkbd0: [GIANT-LOCKED]\natkbd0: [ITHREAD]\npsm0: \u003cPS/2 Mouse\u003e irq 12 on atkbdc0\npsm0: [GIANT-LOCKED]\npsm0: [ITHREAD]\npsm0: model IntelliMouse, device ID 3\nsio0: \u003c16550A-compatible COM port\u003e port 0x3f8-0x3ff irq 4 flags 0x10 on acpi0\nsio0: type 16550A\nsio0: [FILTER]\ncryptosoft0: \u003csoftware crypto\u003e on motherboard\norm0: \u003cISA Option ROM\u003e at iomem 0xcf000-0xd17ff pnpid ORM0000 on isa0\nppc0: \u003cParallel port\u003e at port 0x378-0x37f irq 7 on isa0\nppc0: SMC-like chipset (ECP/EPP/PS2/NIBBLE) in COMPATIBLE mode\nppc0: FIFO with 16/16/8 bytes threshold\nppbus0: \u003cParallel port bus\u003e on ppc0\nppbus0: IEEE1284 device found /NIBBLE/ECP\nProbing for PnP devices on ppbus0:\nppbus0: \u003cHEWLETT-PACKARD DESKJET 610C\u003e MLC,PCL,PML\nlpt0: \u003cPrinter\u003e on ppbus0\nlpt0: Interrupt-driven port\nppc0: [GIANT-LOCKED]\nppc0: [ITHREAD]\nsc0: \u003cSystem console\u003e at flags 0x100 on isa0\nsc0: VGA \u003c16 virtual consoles, flags=0x300\u003e\nvga0: \u003cGeneric ISA VGA\u003e at port 0x3c0-0x3df iomem 0xa0000-0xbffff on isa0\nugen0: \u003cAmerican Power Conversion Back-UPS 500 FW: 6.5.I USB FW: c1, class 0/0, rev 1.10/1.00, addr 2\u003e on uhub0\nugen1: \u003cHewlett-Packard HP ScanJet 2200C, class 255/0, rev 1.10/1.00, addr 2\u003e on uhub1\nTimecounters tick every 1.000 msec\nFast IPsec: Initialized Security Association Processing.\nipfw2 initialized, divert enabled, rule-based forwarding enabled, default to deny, logging disabled\nacd0: DVDR \u003cNEC DVD RW ND-3500AG/2.18\u003e at ata0-master UDMA33\nad4: 190782MB \u003cWDC WD2000JB-00REA0 20.00K20\u003e at ata2-master UDMA100\nad8: 238475MB \u003cSeagate ST3250620AS 3.AAK\u003e at ata4-master SATA300\npcm0: \u003cHDA Codec: Sigmatel STAC9221D\u003e\npcm0: \u003cHDA Driver Revision: 20071020_0048\u003e\ncd0 at ata0 bus 0 target 0 lun 0\ncd0: \u003c_NEC DVD_RW ND-3500AG 2.18\u003e Removable CD-ROM SCSI-0 device \ncd0: 33.000MB/s transfers\ncd0: cd present [4141760 x 2048 byte records]\nSMP: AP CPU #1 Launched!\nda0 at umass-sim0 bus 0 target 0 lun 0\nda0: \u003cGeneric USB Flash Disk 0.00\u003e Removable Direct Access SCSI-2 device \nda0: 40.000MB/s transfers\nda0: 984MB (2015232 512 byte sectors: 64H 32S/T 984C)\nTrying to mount root from ufs:/dev/ad4s1a\n\n\n\tHere is kernel config file:\n\nmachine\t\ti386\ncpu\t\tI686_CPU\nident\t\tDADV\n\noptions\t\tINCLUDE_CONFIG_FILE\t# Include this file in kernel\noptions\t\tSMP\ndevice\t\tapic\t\t\t# I/O APIC\noptions \tPREEMPTION\t\t# Enable kernel thread preemption\noptions\t\tADAPTIVE_GIANT\noptions\t\tIPI_PREEMPTION\n\nmakeoptions\tDEBUG=-g\t\t# Build kernel with gdb(1) debug symbols\n\noptions \tSCHED_ULE\t\t# ULE scheduler\n\noptions \tINET\t\t\t# InterNETworking\noptions \tFFS\t\t\t# Berkeley Fast Filesystem\noptions \tSOFTUPDATES\t\t# Enable FFS soft updates support\noptions \tUFS_DIRHASH\t\t# Improve performance on big directories\noptions \tNFSCLIENT\t\t# Network Filesystem Client\noptions \tNFSSERVER\t\t# Network Filesystem Server\noptions \tMSDOSFS\t\t\t# MSDOS Filesystem\noptions\t\tNTFS\noptions \tLIBICONV\noptions \tMSDOSFS_ICONV\noptions \tNTFS_ICONV\n\noptions \tCD9660\t\t\t# ISO 9660 Filesystem\noptions\t\tCD9660_ICONV\noptions \tPROCFS\t\t\t# Process filesystem (requires PSEUDOFS)\noptions \tPSEUDOFS\t\t# Pseudo-filesystem framework\noptions \tCOMPAT_43TTY\t\t# Compatible with BSD 4.3 [KEEP THIS!]\noptions \tCOMPAT_FREEBSD4\t\t# Compatible with FreeBSD4\noptions \tCOMPAT_FREEBSD5\t\t# Compatible with FreeBSD5\noptions \tCOMPAT_FREEBSD6\t\t# Compatible with FreeBSD5\noptions \tSCSI_DELAY=3000\t\t# Delay (in ms) before probing SCSI\noptions \tKTRACE\t\t\t# ktrace(1) support\noptions \tSYSVSHM\t\t\t# SYSV-style shared memory\noptions \tSYSVMSG\t\t\t# SYSV-style message queues\noptions \tSYSVSEM\t\t\t# SYSV-style semaphores\noptions \t_KPOSIX_PRIORITY_SCHEDULING # POSIX P1003_1B real-time extensions\noptions \tKBD_INSTALL_CDEV\t# install a CDEV entry in /dev\n\ndevice\t\tpci\n\n# ATA and ATAPI devices\ndevice\t\tata\ndevice\t\tatadisk\t\t# ATA disk drives\ndevice\t\tatapicd\t\t# ATAPI CDROM drives\noptions \tATA_STATIC_ID\t# Static device numbering\ndevice\t\tatapicam\n\n# SCSI peripherals\ndevice\t\tscbus\t\t# SCSI bus (required for SCSI)\ndevice\t\tda\t\t# Direct Access (disks)\ndevice\t\tcd\t\t# CD\ndevice\t\tpass\t\t# Passthrough device (direct SCSI access)\n\n# atkbdc0 controls both the keyboard and the PS/2 mouse\ndevice\t\tatkbdc\t\t# AT keyboard controller\ndevice\t\tatkbd\t\t# AT keyboard\ndevice\t\tpsm\t\t# PS/2 mouse\n\ndevice\t\tvga\t\t# VGA video card driver\n\n# syscons is the default console driver, resembling an SCO console\ndevice\t\tsc\noptions\t\tSC_HISTORY_SIZE=1000\n\n# Serial (COM) ports\ndevice\t\tsio\t\t# 8250, 16[45]50 based serial ports\n\n# Parallel port\ndevice\t\tppc\ndevice\t\tppbus\t\t# Parallel port bus (required)\ndevice\t\tlpt\t\t# Printer\n\ndevice\t\tem\t\t# Intel PRO/1000 adapter Gigabit Ethernet Card\n\n# Pseudo devices.\ndevice\t\tloop\t\t# Network loopback\ndevice\t\trandom\t\t# Entropy device\ndevice\t\tether\t\t# Ethernet support\ndevice\t\tpty\t\t# Pseudo-ttys (telnet etc)\ndevice\t\tmd\t\t# Memory \"disks\"\ndevice\t\tgif\t\t# IPv6 and IPv4 tunneling\ndevice\t\ttap\t\t\t#Virtual Ethernet driver\ndevice\t\tbpf\t\t# Berkeley packet filter\n\n# USB support\ndevice\t\tuhci\t\t# UHCI PCI-\u003eUSB interface\ndevice\t\tohci\t\t# OHCI PCI-\u003eUSB interface\ndevice\t\tehci\t\t# EHCI PCI-\u003eUSB interface (USB 2.0)\ndevice\t\tusb\t\t# USB Bus (required)\ndevice\t\tugen\t\t# Generic\ndevice\t\tumass\t\t# Disks/Mass storage - Requires scbus and da\ndevice\t\tif_bridge\n\ndevice\t\tcrypto\noptions\t\tIPSEC\noptions\t\tIPSEC_FILTERTUNNEL\noptions\t\tIPFIREWALL\noptions\t\tIPFIREWALL_FORWARD\noptions\t\tIPDIVERT\noptions\t\tDUMMYNET\n\noptions \tNETGRAPH\t\t# netgraph(4) system\noptions \tNETGRAPH_ETHER\noptions \tNETGRAPH_PPPOE\noptions \tNETGRAPH_SOCKET\noptions \tNETGRAPH_BLUETOOTH\t\t# ng_bluetooth(4)\noptions \tNETGRAPH_BLUETOOTH_SOCKET\t# ng_btsocket(4)\noptions \tNETGRAPH_BLUETOOTH_UBT\noptions\t\tNETGRAPH_BLUETOOTH_HCI\noptions\t\tNETGRAPH_BLUETOOTH_L2CAP\n\ndevice\t\tucom\ndevice\t\tumodem\n\noption\t\tVFS_AIO\n\ndevice\t\tsound\ndevice\t\tsnd_hda\n\noptions\t\tCOMPAT_LINUX\noptions\t\tLINPROCFS\n\noptions \tKDB\noptions \tKDB_TRACE\noptions \tKDB_UNATTENDED\noptions \tDDB\noptions \tDDB_NUMSYM\noptions \tGDB\n\noptions\t\tALT_BREAK_TO_DEBUGGER\n\n\n\tAnd now /etc/src.conf:\n\nWITHOUT_ATM=\nWITHOUT_AUDIT=\nWITHOUT_AUTHPF=\nWITHOUT_ZFS=\nWITHOUT_CDDL=\nWITHOUT_FORTRAN=\nWITHOUT_GCOV=\nWITHOUT_HTML=\nWITHOUT_I4B=\nWITHOUT_INET6=\nWITHOUT_IPFILTER=\nWITHOUT_IPX=\nWITHOUT_KERBEROS=\nWITHOUT_PF=\nWITHOUT_PROFILE=\n\n\tAnd relevant part of /etc/make.conf:\n\nMODULES_WITH_WORLD=true\nCPUTYPE?=pentium4\nKERNCONF?=DADV"
}