{
 "id": 1061857,
 "bug_id": 239830,
 "attachment_id": 0,
 "creation_time": "2019-08-13T21:04:03Z",
 "creator": "asomers@FreeBSD.org",
 "text": "On FreeBSD CURRENT, trying to access the mountpoint of a fusefs-lkl mount returns EBADF.  I don't know yet whether this is due to a bug in fusefs-lkl, or a bug in the new fusefs(5) driver.\n\n\u003e uname -a\nFreeBSD arginine-fbsd-head 13.0-CURRENT FreeBSD 13.0-CURRENT #7 r350943M: Mon Aug 12 22:46:56 UTC 2019     somers@arginine-fbsd-head:/usr/obj/usr/home/somers/freebsd/base/head/amd64.amd64/sys/GENERIC  amd64\n\u003e truncate -s 1g /tmp/ext2.img\n\u003e mkfs.ext2 /tmp/ext2.img \nmke2fs 1.45.3 (14-Jul-2019)\nCreating filesystem with 262144 4k blocks and 65536 inodes\nFilesystem UUID: b6ea7c26-79c2-445c-a128-3c7a2fc4c2c2\nSuperblock backups stored on blocks: \n\t32768, 98304, 163840, 229376\n\nAllocating group tables: done                            \nWriting inode tables: done                            \nWriting superblocks and filesystem accounting information: done\n\u003e lklfuse -o type=ext2,debug /tmp/ext2.img /tmp/mnt\nFUSE library version: 2.9.9\nnullpath_ok: 1\nnopath: 1\nutime_omit_ok: 1\n[    0.000000] Linux version 4.16.0 (root@head-amd64-default-job-13) (gcc version 9.1.0 (FreeBSD Ports Collection)) #1 Sat Aug 3 20:01:57 UTC 2019\n[    0.000000] bootmem address range: 0x802601000 - 0x806600000\n[    0.000000] Built 1 zonelists, mobility grouping on.  Total pages: 16159\n[    0.000000] Kernel command line: mem=64M virtio_mmio.device=292@0x1000000:1\n[    0.000000] Dentry cache hash table entries: 8192 (order: 4, 65536 bytes)\n[    0.000000] Inode-cache hash table entries: 4096 (order: 3, 32768 bytes)\n[    0.000000] Memory available: 64440k/65532k RAM\n[    0.000000] SLUB: HWalign=32, Order=0-3, MinObjects=0, CPUs=1, Nodes=1\n[    0.000000] NR_IRQS: 4096\n[    0.000000] lkl: irqs initialized\n[    0.000000] clocksource: lkl: mask: 0xffffffffffffffff max_cycles: 0x1cd42e4dffb, max_idle_ns: 881590591483 ns\n[    0.000008] lkl: time and timers initialized (irq2)\n[    0.000038] pid_max: default: 4096 minimum: 301\n[    0.000077] Mount-cache hash table entries: 512 (order: 0, 4096 bytes)\n[    0.000085] Mountpoint-cache hash table entries: 512 (order: 0, 4096 bytes)\n[    0.006054] console [lkl_console0] enabled\n[    0.006083] clocksource: jiffies: mask: 0xffffffff max_cycles: 0xffffffff, max_idle_ns: 19112604462750000 ns\n[    0.006100] xor: automatically using best checksumming function   8regs     \n[    0.006181] random: get_random_u32 called from bucket_table_alloc+0x8b/0x240 with crng_init=0\n[    0.006233] NET: Registered protocol family 16\n[    0.341124] raid6: int64x1  gen()  9406 MB/s\n[    0.681041] raid6: int64x1  xor()  5210 MB/s\n[    1.021097] raid6: int64x2  gen() 11317 MB/s\n[    1.361247] raid6: int64x2  xor()  6949 MB/s\n[    1.701154] raid6: int64x4  gen()  8793 MB/s\n[    2.041063] raid6: int64x4  xor()  5944 MB/s\n[    2.381000] raid6: int64x8  gen()  8385 MB/s\n[    2.561119] random: fast init done\n[    2.721020] raid6: int64x8  xor()  5898 MB/s\n[    2.721045] raid6: using algorithm int64x2 gen() 11317 MB/s\n[    2.721055] raid6: .... xor() 6949 MB/s, rmw enabled\n[    2.721065] raid6: using intx1 recovery algorithm\n[    2.721212] clocksource: Switched to clocksource lkl\n[    2.721343] NET: Registered protocol family 2\n[    2.721565] tcp_listen_portaddr_hash hash table entries: 256 (order: 0, 4096 bytes)\n[    2.721586] TCP established hash table entries: 512 (order: 0, 4096 bytes)\n[    2.721597] TCP bind hash table entries: 512 (order: 0, 4096 bytes)\n[    2.721608] TCP: Hash tables configured (established 512 bind 512)\n[    2.721649] UDP hash table entries: 128 (order: 0, 4096 bytes)\n[    2.721660] UDP-Lite hash table entries: 128 (order: 0, 4096 bytes)\n[    2.721816] virtio-mmio: Registering device virtio-mmio.0 at 0x1000000-0x1000123, IRQ 1.\n[    2.722891] workingset: timestamp_bits=62 max_order=14 bucket_order=0\n[    2.723841] SGI XFS with ACLs, security attributes, no debug enabled\n[    2.744209] io scheduler noop registered\n[    2.744235] io scheduler deadline registered\n[    2.744298] io scheduler cfq registered (default)\n[    2.744309] io scheduler mq-deadline registered\n[    2.744318] io scheduler kyber registered\n[    2.744338] virtio-mmio virtio-mmio.0: Failed to enable 64-bit or 32-bit DMA.  Trying to continue, but this might not work.\n[    2.746783] virtio_blk virtio0: [vda] 2097152 512-byte logical blocks (1.07 GB/1.00 GiB)\n[    2.747978] NET: Registered protocol family 10\n[    2.749093] Segment Routing with IPv6\n[    2.749144] sit: IPv6, IPv4 and MPLS over IPv4 tunneling driver\n[    2.749526] Btrfs loaded, crc32c=crc32c-generic\n[    2.749651] Warning: unable to open an initial console.\n[    2.749695] This architecture does not have kernel memory protection.\n[    2.751010] EXT4-fs (vda): mounting ext2 file system using the ext4 subsystem\n[    2.753282] EXT4-fs (vda): mounted filesystem without journal. Opts: \nwarning: multithreaded mode not supported\nunique: 1, opcode: INIT (26), nodeid: 0, insize: 56, pid: 1832\nINIT: 7.23\nflags=0x00010033\nmax_readahead=0x00010000\n   INIT: 7.19\n   flags=0x00000011\n   max_readahead=0x00010000\n   max_write=0x00020000\n   max_background=0\n   congestion_threshold=0\n   unique: 1, success, outsize: 40\nunique: 2, opcode: GETATTR (3), nodeid: 1, insize: 40, pid: 1836\nfgetattr[281694020108288] (null)\n   unique: 2, error: -9 (Bad file descriptor), outsize: 16\n\nThe GETATTR operation was triggered by doing \"stat /tmp/mnt\" in another window.  Notice that nodeid is 1.  In the FUSE protocol, nodeid 1 always refers to the mountpoint.  Obviously, EBADF is not a valid error for that operation.\n\nThis bug cannot be reproduced in 11.3-RELEASE-p1."
}