{
 "id": 453900,
 "bug_id": 125407,
 "attachment_id": 0,
 "creation_time": "2008-07-08T17:40:01Z",
 "creator": "francisgendreau@videotron.ca",
 "text": " Instruction TLB: 4 KB Pages, 4-way set associative, 128 entries\n Data TLB: 4 KB Pages, 4-way set associative, 128 entries\n Instruction TLB: 4 MB pages, fully associative, 2 entries\n 2nd-level cache: 1 MB, 8-way set associative, 64 byte line size\n 1st-level instruction cache: 32 KB, 8-way set associative, 64 byte line\n size\n Data TLB: 4 MB Pages, 4-way set associative, 8 entries\n 1st-level data cache: 32 KB, 8-way set associative, 64 byte line size\n real memory  = 527695872 (503 MB)\n Physical memory chunk(s):\n 0x0000000000001000 - 0x000000000009efff, 647168 bytes (158 pages)\n 0x0000000000100000 - 0x00000000003fffff, 3145728 bytes (768 pages)\n 0x0000000001028000 - 0x000000001ee22fff, 501198848 bytes (122363 pages)\n avail memory = 502419456 (479 MB)\n Table 'FACP' at 0x1f740200\n Table 'OEMB' at 0x1f750040\n MADT: No MADT table found\n APIC: Could not find any APICs.\n pnpbios: Found PnP BIOS data at 0xc00f2e00\n pnpbios: Entry = f0000:39da  Rev = 1.0\n Other BIOS signatures found:\n wlan_amrr: \u003cAMRR Transmit Rate Control Algorithm\u003e\n wlan: \u003c802.11 Link Layer\u003e\n firmware: 'ipw_bss' version 130: 209190 bytes loaded at 0xc0d68738\n firmware: 'ipw_ibss' version 130: 201138 bytes loaded at 0xc0d9d73c\n firmware: 'ipw_monitor' version 130: 196458 bytes loaded at 0xc0dd0748\n snd_unit_init() u=0x00ff8000 [512] d=0x00007c00 [32] c=0x000003ff [1024]\n feeder_register: snd_unit=-1 snd_maxautovchans=16 latency=5\n feeder_buffersize=16384 feeder_rate_min=1 feeder_rate_max=2016000\n feeder_rate_round=25\n ath_rate: version 1.2 \u003cSampleRate bit-rate selection algorithm\u003e\n nfslock: pseudo-device\n kbd: new array size 4\n kbd1 at kbdmux0\n io: \u003cI/O\u003e\n mem: \u003cmemory\u003e\n Pentium Pro MTRR support enabled\n null: \u003cnull device, zero device\u003e\n random: \u003centropy source, Software, Yarrow\u003e\n ath_hal: 0.9.20.3 (AR5210, AR5211, AR5212, RF5111, RF5112, RF2413,\n RF5413)\n hptrr: HPT RocketRAID controller driver v1.1 (Feb 24 2008 19:59:27)\n ACPI: RSDP @ 0x0xf4b70/0x0014 (v  0 ACPIAM)\n ACPI: RSDT @ 0x0x1f740000/0x002C (v  1 A M I  OEMRSDT  0x05000314 MSFT\n 0x00000097)\n ACPI: FACP @ 0x0x1f740200/0x0081 (v  2 A M I  OEMFACP  0x05000314 MSFT\n 0x00000097)\n ACPI: DSDT @ 0x0x1f740300/0x7323 (v  1  0ABBD 0ABBD001 0x00000001 MSFT\n 0x0100000D)\n ACPI: FACS @ 0x0x1f750000/0x0040\n ACPI: OEMB @ 0x0x1f750040/0x004D (v  1 A M I  OEMBIOS  0x05000314 MSFT\n 0x00000097)\n npx0: INT 16 interface\n acpi0: \u003cA M I OEMRSDT\u003e on motherboard\n acpi0: [MPSAFE]\n acpi0: [ITHREAD]\n pci_open(1):\tmode 1 addr port (0x0cf8) is 0x8000005c\n pci_open(1a):\tmode1res=0x80000000 (0x80000000)\n pci_cfgcheck:\tdevice 0 [class=060000] [hdr=80] is there (id=35808086)\n pcibios: No call entry point\n AcpiOsDerivePciId: \\\\_SB_.PCI0.P0P1.CBS0.CBSP -\u003e bus 1 dev 5 func 0\n acpi0: Power Button (fixed)\n acpi0: wakeup code va 0xccd3f000 pa 0x1000\n atpic: Programming IRQ9 as level/low\n AcpiOsDerivePciId: \\\\_SB_.PCI0.SBRG.FHR0 -\u003e bus 0 dev 31 func 0\n AcpiOsDerivePciId: \\\\_SB_.PCI0.SBRG.IROR -\u003e bus 0 dev 31 func 0\n acpi0: reservation of 0, a0000 (3) failed\n acpi0: reservation of 100000, 1f700000 (3) failed\n ACPI timer: 1/1 1/1 1/0 1/1 1/1 1/1 1/0 1/1 1/1 1/1 -\u003e 10\n Timecounter \"ACPI-fast\" frequency 3579545 Hz quality 1000\n acpi_timer0: \u003c24-bit timer at 3.579545MHz\u003e port 0xe408-0xe40b on acpi0\n acpi_ec0: \u003cEmbedded Controller: GPE 0x1c\u003e port 0x62,0x66 on acpi0\n pci_link0:        Index  IRQ  Rtd  Ref  IRQs\n   Initial Probe       0   11   N     0  3 4 5 6 7 11 12\n   Validation          0   11   N     0  3 4 5 6 7 11 12\n   After Disable       0  255   N     0  3 4 5 6 7 11 12\n pci_link1:        Index  IRQ  Rtd  Ref  IRQs\n   Initial Probe       0  255   N     0  3 4 5 6 7 11 12\n   Validation          0  255   N     0  3 4 5 6 7 11 12\n   After Disable       0  255   N     0  3 4 5 6 7 11 12\n pci_link2:        Index  IRQ  Rtd  Ref  IRQs\n   Initial Probe       0    4   N     0  4 12\n   Validation          0    4   N     0  4 12\n   After Disable       0  255   N     0  4 12\n pci_link3:        Index  IRQ  Rtd  Ref  IRQs\n   Initial Probe       0    5   N     0  5 6\n   Validation          0    5   N     0  5 6\n   After Disable       0  255   N     0  5 6\n pci_link4:        Index  IRQ  Rtd  Ref  IRQs\n   Initial Probe       0   11   N     0  6 11\n   Validation          0   11   N     0  6 11\n   After Disable       0  255   N     0  6 11\n pci_link5:        Index  IRQ  Rtd  Ref  IRQs\n   Initial Probe       0  255   N     0  3 7\n   Validation          0  255   N     0  3 7\n   After Disable       0  255   N     0  3 7\n pci_link6:        Index  IRQ  Rtd  Ref  IRQs\n   Initial Probe       0  255   N     0  4 7\n   Validation          0  255   N     0  4 7\n   After Disable       0  255   N     0  4 7\n pci_link7:        Index  IRQ  Rtd  Ref  IRQs\n   Initial Probe       0    4   N     0  4 6 12\n   Validation          0    4   N     0  4 6 12\n   After Disable       0  255   N     0  4 6 12\n cpu0: \u003cACPI CPU\u003e on acpi0\n cpu0: switching to generic Cx mode\n est0: \u003cEnhanced SpeedStep Frequency Control\u003e on cpu0\n p4tcc0: \u003cCPU Frequency Thermal Control\u003e on cpu0\n pcib0: \u003cACPI Host-PCI bridge\u003e port 0xcf8-0xcff on acpi0\n ACPI: Found matching pin for 0.2.INTA at func 0: 11\n ACPI: Found matching pin for 0.31.INTA at func 1: 255\n ACPI: Found matching pin for 0.31.INTB at func 5: 255\n ACPI: Found matching pin for 0.31.INTB at func 6: 255\n ACPI: Found matching pin for 0.29.INTA at func 0: 11\n ACPI: Found matching pin for 0.29.INTB at func 1: 5\n ACPI: Found matching pin for 0.29.INTC at func 2: 4\n ACPI: Found matching pin for 0.29.INTD at func 7: 4\n pci0: \u003cACPI PCI bus\u003e on pcib0\n pci0: domain=0, physical bus=0\n found-\u003e\tvendor=0x8086, dev=0x3580, revid=0x02\n \tdomain=0, bus=0, slot=0, func=0\n \tclass=06-00-00, hdrtype=0x00, mfdev=1\n \tcmdreg=0x0106, statreg=0x2090, cachelnsz=0 (dwords)\n \tlattimer=0x00 (0 ns), mingnt=0x00 (0 ns), maxlat=0x00 (0 ns)\n found-\u003e\tvendor=0x8086, dev=0x3584, revid=0x02\n \tdomain=0, bus=0, slot=0, func=1\n \tclass=08-80-00, hdrtype=0x00, mfdev=0\n \tcmdreg=0x0006, statreg=0x0080, cachelnsz=0 (dwords)\n \tlattimer=0x00 (0 ns), mingnt=0x00 (0 ns), maxlat=0x00 (0 ns)\n found-\u003e\tvendor=0x8086, dev=0x3585, revid=0x02\n \tdomain=0, bus=0, slot=0, func=3\n \tclass=08-80-00, hdrtype=0x00, mfdev=1\n \tcmdreg=0x0006, statreg=0x0080, cachelnsz=0 (dwords)\n \tlattimer=0x00 (0 ns), mingnt=0x00 (0 ns), maxlat=0x00 (0 ns)\n found-\u003e\tvendor=0x8086, dev=0x3582, revid=0x02\n \tdomain=0, bus=0, slot=2, func=0\n \tclass=03-00-00, hdrtype=0x00, mfdev=1\n \tcmdreg=0x0007, statreg=0x0090, cachelnsz=0 (dwords)\n \tlattimer=0x00 (0 ns), mingnt=0x00 (0 ns), maxlat=0x00 (0 ns)\n \tintpin=a, irq=11\n \tpowerspec 1  supports D0 D1 D3  current D0\n \tmap[10]: type Prefetchable Memory, range 32, base 0xf0000000, size 27,\n enabled\n \tmap[14]: type Memory, range 32, base 0xffa80000, size 19, enabled\n \tmap[18]: type I/O Port, range 32, base 0xdc00, size  3, enabled\n pcib0: matched entry for 0.2.INTA (src \\\\_SB_.LNKA:0)\n pcib0: slot 2 INTA routed to irq 11 via \\\\_SB_.LNKA\n found-\u003e\tvendor=0x8086, dev=0x3582, revid=0x02\n \tdomain=0, bus=0, slot=2, func=1\n \tclass=03-80-00, hdrtype=0x00, mfdev=1\n \tcmdreg=0x0007, statreg=0x0090, cachelnsz=0 (dwords)\n \tlattimer=0x00 (0 ns), mingnt=0x00 (0 ns), maxlat=0x00 (0 ns)\n \tpowerspec 1  supports D0 D1 D3  current D0\n \tmap[10]: type Prefetchable Memory, range 32, base 0xe8000000, size 27,\n enabled\n \tmap[14]: type Memory, range 32, base 0xff980000, size 19, enabled\n found-\u003e\tvendor=0x8086, dev=0x24c2, revid=0x03\n \tdomain=0, bus=0, slot=29, func=0\n \tclass=0c-03-00, hdrtype=0x00, mfdev=1\n \tcmdreg=0x0005, statreg=0x0280, cachelnsz=0 (dwords)\n \tlattimer=0x00 (0 ns), mingnt=0x00 (0 ns), maxlat=0x00 (0 ns)\n \tintpin=a, irq=11\n \tmap[20]: type I/O Port, range 32, base 0xd480, size  5, enabled\n pcib0: matched entry for 0.29.INTA (src \\\\_SB_.LNKA:0)\n pcib0: slot 29 INTA routed to irq 11 via \\\\_SB_.LNKA\n found-\u003e\tvendor=0x8086, dev=0x24c4, revid=0x03\n \tdomain=0, bus=0, slot=29, func=1\n \tclass=0c-03-00, hdrtype=0x00, mfdev=0\n \tcmdreg=0x0005, statreg=0x0280, cachelnsz=0 (dwords)\n \tlattimer=0x00 (0 ns), mingnt=0x00 (0 ns), maxlat=0x00 (0 ns)\n \tintpin=b, irq=5\n \tmap[20]: type I/O Port, range 32, base 0xd800, size  5, enabled\n pcib0: matched entry for 0.29.INTB (src \\\\_SB_.LNKD:0)\n pcib0: slot 29 INTB routed to irq 5 via \\\\_SB_.LNKD\n found-\u003e\tvendor=0x8086, dev=0x24c7, revid=0x03\n \tdomain=0, bus=0, slot=29, func=2\n \tclass=0c-03-00, hdrtype=0x00, mfdev=0\n \tcmdreg=0x0005, statreg=0x0280, cachelnsz=0 (dwords)\n \tlattimer=0x00 (0 ns), mingnt=0x00 (0 ns), maxlat=0x00 (0 ns)\n \tintpin=c, irq=4\n \tmap[20]: type I/O Port, range 32, base 0xd880, size  5, enabled\n pcib0: matched entry for 0.29.INTC (src \\\\_SB_.LNKC:0)\n pcib0: slot 29 INTC routed to irq 4 via \\\\_SB_.LNKC\n found-\u003e\tvendor=0x8086, dev=0x24cd, revid=0x03\n \tdomain=0, bus=0, slot=29, func=7\n \tclass=0c-03-20, hdrtype=0x00, mfdev=0\n \tcmdreg=0x0106, statreg=0x0290, cachelnsz=0 (dwords)\n \tlattimer=0x00 (0 ns), mingnt=0x00 (0 ns), maxlat=0x00 (0 ns)\n \tintpin=d, irq=4\n \tpowerspec 2  supports D0 D3  current D0\n \tmap[10]: type Memory, range 32, base 0xffa7fc00, size 10, enabled\n pcib0: matched entry for 0.29.INTD (src \\\\_SB_.LNKH:0)\n pcib0: slot 29 INTD routed to irq 4 via \\\\_SB_.LNKH\n found-\u003e\tvendor=0x8086, dev=0x2448, revid=0x83\n \tdomain=0, bus=0, slot=30, func=0\n \tclass=06-04-00, hdrtype=0x01, mfdev=0\n \tcmdreg=0x0107, statreg=0x8080, cachelnsz=0 (dwords)\n \tlattimer=0x00 (0 ns), mingnt=0x06 (1500 ns), maxlat=0x00 (0 ns)\n found-\u003e\tvendor=0x8086, dev=0x24cc, revid=0x03\n \tdomain=0, bus=0, slot=31, func=0\n \tclass=06-01-00, hdrtype=0x00, mfdev=1\n \tcmdreg=0x000f, statreg=0x0280, cachelnsz=0 (dwords)\n \tlattimer=0x00 (0 ns), mingnt=0x00 (0 ns), maxlat=0x00 (0 ns)\n found-\u003e\tvendor=0x8086, dev=0x24ca, revid=0x03\n \tdomain=0, bus=0, slot=31, func=1\n \tclass=01-01-8a, hdrtype=0x00, mfdev=0\n \tcmdreg=0x0005, statreg=0x0280, cachelnsz=0 (dwords)\n \tlattimer=0x00 (0 ns), mingnt=0x00 (0 ns), maxlat=0x00 (0 ns)\n \tintpin=a, irq=255\n \tmap[20]: type I/O Port, range 32, base 0xffa0, size  4, enabled\n \tmap[24]: type Memory, range 32, base 0, size 10, memory disabled\n found-\u003e\tvendor=0x8086, dev=0x24c5, revid=0x03\n \tdomain=0, bus=0, slot=31, func=5\n \tclass=04-01-00, hdrtype=0x00, mfdev=0\n \tcmdreg=0x0005, statreg=0x0290, cachelnsz=0 (dwords)\n \tlattimer=0x00 (0 ns), mingnt=0x00 (0 ns), maxlat=0x00 (0 ns)\n \tintpin=b, irq=255\n \tpowerspec 2  supports D0 D3  current D0\n \tmap[10]: type I/O Port, range 32, base 0xe000, size  8, enabled\n \tmap[14]: type I/O Port, range 32, base 0xe100, size  6, enabled\n \tmap[18]: type Memory, range 32, base 0, size  9, memory disabled\n \tmap[1c]: type Memory, range 32, base 0, size  8, memory disabled\n found-\u003e\tvendor=0x8086, dev=0x24c6, revid=0x03\n \tdomain=0, bus=0, slot=31, func=6\n \tclass=07-03-00, hdrtype=0x00, mfdev=0\n \tcmdreg=0x0005, statreg=0x0290, cachelnsz=0 (dwords)\n \tlattimer=0x00 (0 ns), mingnt=0x00 (0 ns), maxlat=0x00 (0 ns)\n \tintpin=b, irq=255\n \tpowerspec 2  supports D0 D3  current D0\n \tmap[10]: type I/O Port, range 32, base 0xe200, size  8, enabled\n \tmap[14]: type I/O Port, range 32, base 0xe300, size  7, enabled\n pci0: \u003cbase peripheral\u003e at device 0.1 (no driver attached)\n pci0: \u003cbase peripheral\u003e at device 0.3 (no driver attached)\n vgapci0: \u003cVGA-compatible display\u003e port 0xdc00-0xdc07 mem\n 0xf0000000-0xf7ffffff,0xffa80000-0xffafffff irq 11 at device 2.0 on pci0\n agp0: \u003cIntel 8285xM (85xGM GMCH) SVGA controller\u003e on vgapci0\n vgapci0: Reserved 0x8000000 bytes for rid 0x10 type 3 at 0xf0000000\n vgapci0: Reserved 0x80000 bytes for rid 0x14 type 3 at 0xffa80000\n agp0: detected 8060k stolen memory\n agp0: aperture size is 128M\n vgapci1: \u003cVGA-compatible display\u003e mem\n 0xe8000000-0xefffffff,0xff980000-0xff9fffff at device 2.1 on pci0\n uhci0: \u003cIntel 82801DB (ICH4) USB controller USB-A\u003e port 0xd480-0xd49f\n irq 11 at device 29.0 on pci0\n uhci0: Reserved 0x20 bytes for rid 0x20 type 4 at 0xd480\n uhci0: [GIANT-LOCKED]\n uhci0: [ITHREAD]\n usb0: \u003cIntel 82801DB (ICH4) USB controller USB-A\u003e on uhci0\n usb0: USB revision 1.0\n uhub0: \u003cIntel UHCI root hub, class 9/0, rev 1.00/1.00, addr 1\u003e on usb0\n uhub0: 2 ports with 2 removable, self powered\n uhci1: \u003cIntel 82801DB (ICH4) USB controller USB-B\u003e port 0xd800-0xd81f\n irq 5 at device 29.1 on pci0\n uhci1: Reserved 0x20 bytes for rid 0x20 type 4 at 0xd800\n uhci1: [GIANT-LOCKED]\n uhci1: [ITHREAD]\n usb1: \u003cIntel 82801DB (ICH4) USB controller USB-B\u003e on uhci1\n usb1: USB revision 1.0\n uhub1: \u003cIntel UHCI root hub, class 9/0, rev 1.00/1.00, addr 1\u003e on usb1\n uhub1: 2 ports with 2 removable, self powered\n uhci2: \u003cIntel 82801DB (ICH4) USB controller USB-C\u003e port 0xd880-0xd89f\n irq 4 at device 29.2 on pci0\n uhci2: Reserved 0x20 bytes for rid 0x20 type 4 at 0xd880\n uhci2: [GIANT-LOCKED]\n uhci2: [ITHREAD]\n usb2: \u003cIntel 82801DB (ICH4) USB controller USB-C\u003e on uhci2\n usb2: USB revision 1.0\n uhub2: \u003cIntel UHCI root hub, class 9/0, rev 1.00/1.00, addr 1\u003e on usb2\n uhub2: 2 ports with 2 removable, self powered\n ehci0: \u003cIntel 82801DB/L/M (ICH4) USB 2.0 controller\u003e mem\n 0xffa7fc00-0xffa7ffff irq 4 at device 29.7 on pci0\n ehci0: Reserved 0x400 bytes for rid 0x10 type 3 at 0xffa7fc00\n ehci0: [GIANT-LOCKED]\n ehci0: [ITHREAD]\n usb3: EHCI version 1.0\n usb3: companion controllers, 2 ports each: usb0 usb1 usb2\n usb3: \u003cIntel 82801DB/L/M (ICH4) USB 2.0 controller\u003e on ehci0\n usb3: USB revision 2.0\n uhub3: \u003cIntel EHCI root hub, class 9/0, rev 2.00/1.00, addr 1\u003e on usb3\n uhub3: 6 ports with 6 removable, self powered\n pcib1: \u003cACPI PCI-PCI bridge\u003e at device 30.0 on pci0\n pcib1:   domain            0\n pcib1:   secondary bus     1\n pcib1:   subordinate bus   1\n pcib1:   I/O decode        0xc000-0xcfff\n pcib1:   memory decode     0xff700000-0xff7fffff\n pcib1:   prefetched decode 0xdea00000-0xdeafffff\n pcib1:   Subtractively decoded bridge.\n ACPI: Found matching pin for 1.8.INTA at func 0: 11\n ACPI: Found matching pin for 1.5.INTA at func 0: 255\n ACPI: Found matching pin for 1.5.INTB at func 1: 11\n ACPI: Found matching pin for 1.4.INTA at func 0: 4\n pci1: \u003cACPI PCI bus\u003e on pcib1\n pci1: domain=0, physical bus=1\n found-\u003e\tvendor=0x8086, dev=0x1043, revid=0x04\n \tdomain=0, bus=1, slot=4, func=0\n \tclass=02-80-00, hdrtype=0x00, mfdev=0\n \tcmdreg=0x0116, statreg=0x0290, cachelnsz=16 (dwords)\n \tlattimer=0x40 (1920 ns), mingnt=0x02 (500 ns), maxlat=0x22 (8500 ns)\n \tintpin=a, irq=4\n \tpowerspec 2  supports D0 D3  current D0\n \tmap[10]: type Memory, range 32, base 0xff7fd000, size 12, enabled\n pcib1: requested memory range 0xff7fd000-0xff7fdfff: good\n pcib1: matched entry for 1.4.INTA (src \\\\_SB_.LNKC:0)\n pcib1: slot 4 INTA routed to irq 4 via \\\\_SB_.LNKC\n found-\u003e\tvendor=0x1180, dev=0x0475, revid=0xb8\n \tdomain=0, bus=1, slot=5, func=0\n \tclass=06-07-00, hdrtype=0x02, mfdev=1\n \tcmdreg=0x0007, statreg=0x0210, cachelnsz=0 (dwords)\n \tlattimer=0x20 (960 ns), mingnt=0x80 (32000 ns), maxlat=0x07 (1750 ns)\n \tintpin=a, irq=255\n \tpowerspec 2  supports D0 D1 D2 D3  current D0\n \tmap[10]: type Memory, range 32, base 0, size 12, enabled\n found-\u003e\tvendor=0x1180, dev=0x0551, revid=0x00\n \tdomain=0, bus=1, slot=5, func=1\n \tclass=0c-00-10, hdrtype=0x00, mfdev=1\n \tcmdreg=0x0106, statreg=0x0210, cachelnsz=0 (dwords)\n \tlattimer=0x40 (1920 ns), mingnt=0x02 (500 ns), maxlat=0x04 (1000 ns)\n \tintpin=b, irq=11\n \tpowerspec 2  supports D0 D3  current D0\n \tmap[10]: type Memory, range 32, base 0xff7fe800, size 11, enabled\n pcib1: requested memory range 0xff7fe800-0xff7fefff: good\n pcib1: matched entry for 1.5.INTB (src \\\\_SB_.LNKA:0)\n pcib1: slot 5 INTB routed to irq 11 via \\\\_SB_.LNKA\n found-\u003e\tvendor=0x8086, dev=0x103e, revid=0x83\n \tdomain=0, bus=1, slot=8, func=0\n \tclass=02-00-00, hdrtype=0x00, mfdev=0\n \tcmdreg=0x0117, statreg=0x0290, cachelnsz=16 (dwords)\n \tlattimer=0x40 (1920 ns), mingnt=0x08 (2000 ns), maxlat=0x38 (14000 ns)\n \tintpin=a, irq=11\n \tpowerspec 2  supports D0 D1 D2 D3  current D0\n \tmap[10]: type Memory, range 32, base 0xff7ff000, size 12, enabled\n pcib1: requested memory range 0xff7ff000-0xff7fffff: good\n \tmap[14]: type I/O Port, range 32, base 0xcc00, size  6, enabled\n pcib1: requested I/O range 0xcc00-0xcc3f: in range\n pcib1: matched entry for 1.8.INTA (src \\\\_SB_.LNKE:0)\n pcib1: slot 8 INTA routed to irq 11 via \\\\_SB_.LNKE\n ipw0: \u003cIntel(R) PRO/Wireless 2100 MiniPCI\u003e mem 0xff7fd000-0xff7fdfff irq\n 4 at device 4.0 on pci1\n ipw0: Reserved 0x1000 bytes for rid 0x10 type 3 at 0xff7fd000\n ipw0: bpf attached\n ipw0: Ethernet address: 00:04:23:71:77:46\n ipw0: bpf attached\n ipw0: bpf attached\n ipw0: [MPSAFE]\n ipw0: [ITHREAD]\n ipw0: 11b rates: 1Mbps 2Mbps 5.5Mbps 11Mbps\n cbb0: \u003cRF5C475 PCI-CardBus Bridge\u003e at device 5.0 on pci1\n pcib1: cbb0 requested memory range 0xff700000-0xff7fffff: good\n cbb0: Lazy allocation of 0x1000 bytes rid 0x10 type 3 at 0xff700000\n cardbus0: \u003cCardBus bus\u003e on cbb0\n pccard0: \u003c16-bit PCCard bus\u003e on cbb0\n pcib1: matched entry for 1.5.INTA (src \\\\_SB_.LNKB:0)\n pci_link1: Picked IRQ 9 with weight 0\n pcib1: slot 5 INTA routed to irq 9 via \\\\_SB_.LNKB\n cbb0: [MPSAFE]\n cbb0: [ITHREAD]\n cbb0: PCI Configuration space:\n   0x00: 0x04751180 0x02100007 0x060700b8 0x00822000 \n   0x10: 0xff700000 0x020000dc 0x20030201 0xfffff000 \n   0x20: 0x00000000 0xfffff000 0x00000000 0xfffffffc \n   0x30: 0x00000000 0xfffffffc 0x00000000 0x07000109 \n   0x40: 0x17441043 0x00000001 0x00000000 0x00000000 \n   0x50: 0x00000000 0x00000000 0x00000000 0x00000000 \n   0x60: 0x00000000 0x00000000 0x00000000 0x00000000 \n   0x70: 0x00000000 0x00000000 0x00000000 0x00000000 \n   0x80: 0x20a00001 0x00000000 0x04630463 0x00000000 \n   0x90: 0x00000000 0x00000000 0x00000000 0x00000000 \n   0xa0: 0x80000000 0x00000000 0x00000000 0x00000000 \n   0xb0: 0x00000000 0x00000000 0x00000000 0x00000000 \n   0xc0: 0x17441043 0x00000000 0x00000000 0x00000000 \n   0xd0: 0x00000000 0x00000000 0x00000000 0xfe0a0001 \n   0xe0: 0x24c04000 0x00000000 0x00000000 0x00000000 \n   0xf0: 0x00000000 0x00000000 0x00000000 0x00000000 \n fwohci0: \u003cRicoh R5C551\u003e mem 0xff7fe800-0xff7fefff irq 11 at device 5.1\n on pci1\n fwohci0: Reserved 0x800 bytes for rid 0x10 type 3 at 0xff7fe800\n fwohci0: [MPSAFE]\n fwohci0: [FILTER]\n fwohci0: OHCI version 1.0 (ROM=1)\n fwohci0: No. of Isochronous channels is 4.\n fwohci0: EUI64 00:e0:18:00:03:10:02:07\n fwohci0: Phy 1394a available S400, 2 ports.\n fwohci0: Link S400, max_rec 2048 bytes.\n firewire0: \u003cIEEE1394(FireWire) bus\u003e on fwohci0\n fwe0: \u003cEthernet over FireWire\u003e on firewire0\n if_fwe0: Fake Ethernet address: 02:e0:18:10:02:07\n fwe0: bpf attached\n fwe0: Ethernet address: 02:e0:18:10:02:07\n fwip0: \u003cIP over FireWire\u003e on firewire0\n fwip0: bpf attached\n fwip0: Firewire address: 00:e0:18:00:03:10:02:07 @ 0xfffe00000000, S400,\n maxrec 2048\n sbp0: \u003cSBP-2/SCSI over FireWire\u003e on firewire0\n dcons_crom0: \u003cdcons configuration ROM\u003e on firewire0\n dcons_crom0: bus_addr 0x1374000\n fwohci0: Initiate bus reset\n fwohci0: BUS reset\n fwohci0: node_id=0xc800ffc0, gen=1, CYCLEMASTER mode\n fxp0: \u003cIntel 82801DB (ICH4) Pro/100 VM Ethernet\u003e port 0xcc00-0xcc3f mem\n 0xff7ff000-0xff7fffff irq 11 at device 8.0 on pci1\n fxp0: Reserved 0x1000 bytes for rid 0x10 type 3 at 0xff7ff000\n fxp0: using memory space register mapping\n fxp0: PCI IDs: 8086 103e 1043 1745 0083\n fxp0: Dynamic Standby mode is disabled\n fxp0: fxp_miibus_readreg: timed out\n fxp0: fxp_miibus_readreg: timed out\n fxp0: fxp_miibus_readreg: timed out\n fxp0: fxp_miibus_readreg: timed out\n fxp0: fxp_miibus_readreg: timed out\n fxp0: fxp_miibus_readreg: timed out\n fxp0: fxp_miibus_readreg: timed out\n fxp0: fxp_miibus_readreg: timed out\n fxp0: fxp_miibus_readreg: timed out\n fxp0: fxp_miibus_readreg: timed out\n fxp0: fxp_miibus_readreg: timed out\n fxp0: fxp_miibus_readreg: timed out\n fxp0: fxp_miibus_readreg: timed out\n fxp0: fxp_miibus_readreg: timed out\n fxp0: fxp_miibus_readreg: timed out\n fxp0: fxp_miibus_readreg: timed out\n fxp0: fxp_miibus_readreg: timed out\n fxp0: fxp_miibus_readreg: timed out\n fxp0: fxp_miibus_readreg: timed out\n fxp0: fxp_miibus_readreg: timed out\n fxp0: fxp_miibus_readreg: timed out\n fxp0: fxp_miibus_readreg: timed out\n fxp0: fxp_miibus_readreg: timed out\n fxp0: fxp_miibus_readreg: timed out\n fxp0: fxp_miibus_readreg: timed out\n fxp0: fxp_miibus_readreg: timed out\n fxp0: fxp_miibus_readreg: timed out\n fxp0: fxp_miibus_readreg: timed out\n fxp0: fxp_miibus_readreg: timed out\n fxp0: fxp_miibus_readreg: timed out\n fxp0: fxp_miibus_readreg: timed out\n fxp0: fxp_miibus_readreg: timed out\n fxp0: MII without any PHY!\n device_attach: fxp0 attach returned 6\n isab0: \u003cPCI-ISA bridge\u003e at device 31.0 on pci0\n isa0: \u003cISA bus\u003e on isab0\n atapci0: \u003cIntel ICH4 UDMA100 controller\u003e port\n 0x1f0-0x1f7,0x3f6,0x170-0x177,0x376,0xffa0-0xffaf at device 31.1 on pci0\n atapci0: Reserved 0x10 bytes for rid 0x20 type 4 at 0xffa0\n ata0: \u003cATA channel 0\u003e on atapci0\n atapci0: Reserved 0x8 bytes for rid 0x10 type 4 at 0x1f0\n atapci0: Reserved 0x1 bytes for rid 0x14 type 4 at 0x3f6\n ata0: reset tp1 mask=03 ostat0=50 ostat1=00\n ata0: stat0=0x90 err=0x90 lsb=0x90 msb=0x90\n ata0: stat0=0x50 err=0x01 lsb=0x00 msb=0x00\n ata0: stat1=0x00 err=0x01 lsb=0x00 msb=0x00\n ata0: reset tp2 stat0=50 stat1=00 devices=0x1\u003cATA_MASTER\u003e\n ata0: [MPSAFE]\n ata0: [ITHREAD]\n ata1: \u003cATA channel 1\u003e on atapci0\n atapci0: Reserved 0x8 bytes for rid 0x18 type 4 at 0x170\n atapci0: Reserved 0x1 bytes for rid 0x1c type 4 at 0x376\n ata1: reset tp1 mask=03 ostat0=50 ostat1=00\n ata1: stat0=0x10 err=0x01 lsb=0x14 msb=0xeb\n ata1: stat1=0x00 err=0x01 lsb=0x7f msb=0x7f\n ata1: reset tp2 stat0=10 stat1=00 devices=0x4\u003cATAPI_MASTER\u003e\n ata1: [MPSAFE]\n ata1: [ITHREAD]\n pcm0: \u003cIntel ICH4 (82801DB)\u003e port 0xe000-0xe0ff,0xe100-0xe13f at device\n 31.5 on pci0\n pcm0: Lazy allocation of 0x200 bytes rid 0x18 type 3 at 0x80000000\n pcm0: Lazy allocation of 0x100 bytes rid 0x1c type 3 at 0x80000200\n pcib0: matched entry for 0.31.INTB (src \\\\_SB_.LNKB:0)\n pcib0: slot 31 INTB routed to irq 9 via \\\\_SB_.LNKB\n pcm0: [MPSAFE]\n pcm0: [ITHREAD]\n pcm0: \u003cSigmaTel STAC9750/51 AC97 Codec (id = 0x83847650)\u003e\n pcm0: Codec features headphone, 20 bit DAC, 20 bit ADC, 5 bit master\n volume, SigmaTel 3D Enhancement\n pcm0: Primary codec extended features variable rate PCM, reserved 1,\n AMAP, reserved 4\n pcm0: ac97 codec dac ready count: 0\n pcm0: Mixer \"vol\":\n pcm0: Mixer \"pcm\":\n pcm0: Mixer \"speaker\":\n pcm0: Mixer \"line\":\n pcm0: Mixer \"mic\":\n pcm0: Mixer \"cd\":\n pcm0: Mixer \"rec\":\n pcm0: Mixer \"igain\":\n pcm0: Mixer \"ogain\":\n pcm0: Mixer \"line1\":\n pcm0: Mixer \"phin\":\n pcm0: Mixer \"phout\":\n pcm0: Mixer \"video\":\n pcm0: clone manager: deadline=750ms flags=0x8000001e\n pcm0: sndbuf_setmap 1620000, 4000; 0xd4d6f000 -\u003e 1620000\n pcm0: sndbuf_setmap 162c000, 4000; 0xd4d73000 -\u003e 162c000\n pci0: \u003csimple comms, generic modem\u003e at device 31.6 (no driver attached)\n acpi_button0: \u003cSleep Button\u003e on acpi0\n acpi_lid0: \u003cControl Method Lid Switch\u003e on acpi0\n acpi_tz0: \u003cThermal Zone\u003e on acpi0\n acpi_acad0: \u003cAC Adapter\u003e on acpi0\n battery0: \u003cACPI Control Method Battery\u003e on acpi0\n battery1: \u003cACPI Control Method Battery\u003e on acpi0\n atkbdc0: \u003cKeyboard controller (i8042)\u003e port 0x60,0x64 irq 1 on acpi0\n atkbd0: \u003cAT Keyboard\u003e irq 1 on atkbdc0\n atkbd: the current kbd controller command byte 0065\n atkbd: keyboard ID 0x41ab (2)\n kbd0 at atkbd0\n kbd0: atkbd0, AT 101/102 (2), config:0x0, flags:0x3d0000\n atkbd0: [GIANT-LOCKED]\n atkbd0: [ITHREAD]\n psm0: unable to allocate IRQ\n psmcpnp0: \u003cPS/2 mouse port\u003e irq 12 on acpi0\n psm0: current command byte:0065\n psm0: \u003cPS/2 Mouse\u003e irq 12 on atkbdc0\n psm0: [GIANT-LOCKED]\n psm0: [ITHREAD]\n psm0: model Generic PS/2 mouse, device ID 0-00, 2 buttons\n psm0: config:00000000, flags:00000008, packet size:3\n psm0: syncmask:c0, syncbits:00\n sio0: configured irq 3 not in bitmap of probed irqs 0\n sio0: port may not be enabled\n sio0: irq maps: 0 0 0 0\n sio0: configured irq 3 not in bitmap of probed irqs 0\n sio0: port may not be enabled\n sio0: irq maps: 0 0 0 0\n sio0 port 0x2f8-0x2ff irq 3 drq 1 flags 0x10 on acpi0\n sio0: type 16550A\n sio0: [FILTER]\n unknown: status reg test failed ff\n unknown: status reg test failed ff\n unknown: status reg test failed ff\n unknown: status reg test failed ff\n unknown: status reg test failed ff\n unknown: status reg test failed ff\n ex_isa_identify()\n ahc_isa_probe 12: ioport 0xcc00 alloc failed\n ahc_isa_probe 13: ioport 0xdc00 alloc failed\n ahc_isa_probe 14: ioport 0xec00 alloc failed\n ata: ata0 already exists; skipping it\n ata: ata1 already exists; skipping it\n atkbdc: atkbdc0 already exists; skipping it\n sio: sio0 already exists; skipping it\n pnp_identify: Trying Read_Port at 203\n pnp_identify: Trying Read_Port at 243\n pnp_identify: Trying Read_Port at 283\n pnp_identify: Trying Read_Port at 2c3\n pnp_identify: Trying Read_Port at 303\n pnp_identify: Trying Read_Port at 343\n pnp_identify: Trying Read_Port at 383\n pnp_identify: Trying Read_Port at 3c3\n PNP Identify complete\n sc: sc0 already exists; skipping it\n vga: vga0 already exists; skipping it\n isa_probe_children: disabling PnP devices\n isa_probe_children: probing non-PnP devices\n pmtimer0 on isa0\n orm0: \u003cISA Option ROM\u003e at iomem 0xc0000-0xccfff pnpid ORM0000 on isa0\n adv0: not probed (disabled)\n aha0: not probed (disabled)\n aic0: not probed (disabled)\n bt0: not probed (disabled)\n cs0: not probed (disabled)\n ed0: not probed (disabled)\n fdc0 failed to probe at port 0x3f0-0x3f5,0x3f7 irq 6 drq 2 on isa0\n fe0: not probed (disabled)\n ie0: not probed (disabled)\n le0: not probed (disabled)\n ppc0: parallel port found at 0x378\n ppc0: using extended I/O port range\n ppc0: ECP SPP ECP+EPP SPP\n ppc0: \u003cParallel port\u003e at port 0x378-0x37f irq 7 on isa0\n ppc0: SMC-like chipset (ECP/EPP/PS2/NIBBLE) in COMPATIBLE mode\n ppc0: FIFO with 16/16/8 bytes threshold\n ppbus0: \u003cParallel port bus\u003e on ppc0\n ppbus0: [MPSAFE]\n ppbus0: [ITHREAD]\n plip0: \u003cPLIP network interface\u003e on ppbus0\n plip0: bpf attached\n lpt0: \u003cPrinter\u003e on ppbus0\n lpt0: Interrupt-driven port\n ppi0: \u003cParallel I/O\u003e on ppbus0\n ppc0: [GIANT-LOCKED]\n ppc0: [ITHREAD]\n sc0: \u003cSystem console\u003e at flags 0x100 on isa0\n sc0: VGA \u003c16 virtual consoles, flags=0x300\u003e\n sc0: fb0, kbd1, terminal emulator: sc (syscons terminal)\n sio1 failed to probe at port 0x2f8 irq 3 on isa0\n sio2: not probed (disabled)\n sio3: not probed (disabled)\n sn0: not probed (disabled)\n vga0: \u003cGeneric ISA VGA\u003e at port 0x3c0-0x3df iomem 0xa0000-0xbffff on\n isa0\n vt0: not probed (disabled)\n isa_probe_children: probing PnP devices\n Device configuration finished.\n procfs registered\n Timecounter \"TSC\" frequency 600024956 Hz quality 800\n Timecounters tick every 1.000 msec\n lo0: bpf attached\n hptrr: no controller detected.\n firewire0: 1 nodes, maxhop \u003c= 0, cable IRM = 0 (me)\n firewire0: bus manager 0 (me)\n ata0-master: pio=PIO4 wdma=WDMA2 udma=UDMA100 cable=80 wire\n acpi_acad0: acline initialization start\n ad0: setting PIO4 on ICH4 chip\n ad0: setting UDMA100 on ICH4 chip\n battery0: battery initialization start\n battery1: battery initialization start\n system power profile changed to 'economy'\n ad0: 38154MB \u003cSeagate ST94011A 3.04\u003e at ata0-master UDMA100\n ad0: 78140160 sectors [77520C/16H/63S] 16 sectors/interrupt 1 depth\n queue\n GEOM: new disk ad0\n acpi_acad0: Off Line\n acpi_acad0: acline initialization done, tried 1 times\n battery0: battery initialization done, tried 1 times\n ad0: Intel check1 failed\n ad0: Adaptec check1 failed\n ad0: LSI (v3) check1 failed\n ad0: LSI (v2) check1 failed\n ad0: FreeBSD check1 failed\n ata1-master: pio=PIO4 wdma=WDMA2 udma=UDMA33 cable=40 wire\n acd0: setting PIO4 on ICH4 chip\n acd0: setting UDMA33 on ICH4 chip\n acd0: \u003cQSI DVD-ROM SDR-083/MR01\u003e DVDROM drive at ata1 as master\n acd0: read 4125KB/s (4125KB/s), 512KB buffer, UDMA33\n acd0: Reads: CDR, CDRW, CDDA stream, DVDROM, DVDR, packet\n acd0: Writes:\n acd0: Audio: play, 16 volume levels\n acd0: Mechanism: ejectable tray, unlocked\n acd0: Medium: no/blank disc\n pcm0: measured ac97 link rate at 48017 Hz, will use 48000 Hz\n acd0: FAILURE - INQUIRY ILLEGAL REQUEST asc=0x24 ascq=0x00 \n (probe0:ata1:0:0:0): error 22\n (probe0:ata1:0:0:0): Unretryable Error\n (probe0:ata1:0:0:0): Down reving Protocol Version from 2 to 0?\n (probe0:ata1:0:0:0): error 6\n (probe0:ata1:0:0:0): Unretryable Error\n acd0: FAILURE - INQUIRY ILLEGAL REQUEST asc=0x24 ascq=0x00 \n (probe0:ata1:0:0:0): error 22\n (probe0:ata1:0:0:0): Unretryable Error\n (probe6:sbp0:0:5:0): error 22\n (probe6:sbp0:0:5:0): Unretryable Error\n (probe1:sbp0:0:0:0): error 22\n (probe1:sbp0:0:0:0): Unretryable Error\n (probe2:sbp0:0:1:0): error 22\n (probe2:sbp0:0:1:0): Unretryable Error\n (probe3:sbp0:0:2:0): error 22\n (probe3:sbp0:0:2:0): Unretryable Error\n (probe4:sbp0:0:3:0): error 22\n (probe4:sbp0:0:3:0): Unretryable Error\n (probe5:sbp0:0:4:0): error 22\n (probe5:sbp0:0:4:0): Unretryable Error\n (probe7:sbp0:0:6:0): error 22\n (probe7:sbp0:0:6:0): Unretryable Error\n pass0 at ata1 bus 0 target 0 lun 0\n pass0: \u003cQSI DVD-ROM SDR-083 MR01\u003e Removable CD-ROM SCSI-0 device \n pass0: 33.000MB/s transfers\n GEOM: new disk cd0\n ATA PseudoRAID loade(cd0:ata1:0:0:0): error 6\n (cd0:ata1:0:0:0): Unretryable Error\n cd0 at ata1 bus 0 target 0 lun 0\n cd0: \u003cQSI DVD-ROM SDR-083 MR01\u003e Removable CD-ROM SCSI-0 device \n cd0: 33.000MB/s transfers\n cd0: Attempt to query device size failed: NOT READY, Medium not present\n d\n (cd0:ata1:0:0:0): error 6\n (cd0:ata1:0:0:0): Unretryable Error\n (cd0:ata1:0:0:0): error 6\n (cd0:ata1:0:0:0): Unretryable Error\n (cd0:ata1:0:0:0): error 6\n (cd0:ata1:0:0:0): Unretryable Error\n (cd0:ata1:0:0:0): error 6\n (cd0:ata1:0:0:0): Unretryable Error\n Trying to mount root from ufs:/dev/ad0s1a\n start_init: trying /sbin/init\n drm0: \u003cIntel i852GM/i855GM GMCH\u003e on vgapci0\n info: [drm] AGP at 0xf0000000 128MB\n info: [drm] Initialized i915 1.5.0 20060119\n drm1: \u003cIntel i852GM/i855GM GMCH\u003e on vgapci1\n info: [drm] AGP at 0xf0000000 128MB\n info: [drm] Initialized i915 1.5.0 20060119\n drm0: [MPSAFE]\n drm0: [ITHREAD]\n drm0: [MPSAFE]\n drm0: [ITHREAD]\n Waiting (max 60 seconds) for system process `vnlru' to stop...done\n Waiting (max 60 seconds) for system process `bufdaemon' to stop...done\n Waiting (max 60 seconds) for system process `syncer' to stop...\n Syncing disks, vnodes remaining...0 0 0 done\n All buffers synced.\n Copyright (c) 1992-2008 The FreeBSD Project.\n Copyright (c) 1979, 1980, 1983, 1986, 1988, 1989, 1991, 1992, 1993, 1994\n \tThe Regents of the University of California. All rights reserved.\n FreeBSD is a registered trademark of The FreeBSD Foundation.\n FreeBSD 7.0-RELEASE #0: Sun Feb 24 19:59:52 UTC 2008\n     root@logan.cse.buffalo.edu:/usr/obj/usr/src/sys/GENERIC\n Preloaded elf kernel \"/boot/kernel/kernel\" at 0xc0e72000.\n Preloaded elf module \"/boot/kernel/if_ipw.ko\" at 0xc0e7214c.\n Preloaded elf module \"/boot/kernel/snd_ich.ko\" at 0xc0e721f8.\n Preloaded elf module \"/boot/kernel/sound.ko\" at 0xc0e722a4.\n Preloaded elf module \"/boot/kernel/ipw_bss.ko\" at 0xc0e72350.\n Preloaded elf module \"/boot/kernel/ipw_ibss.ko\" at 0xc0e723fc.\n Preloaded elf module \"/boot/kernel/ipw_monitor.ko\" at 0xc0e724ac.\n Preloaded elf module \"/boot/kernel/atapicam.ko\" at 0xc0e7255c.\n Preloaded elf module \"/boot/kernel/acpi.ko\" at 0xc0e7260c.\n Calibrating clock(s) ... i8254 clock: 1193167 Hz\n CLK_USE_I8254_CALIBRATION not specified - using default frequency\n Timecounter \"i8254\" frequency 1193182 Hz quality 0\n Calibrating TSC clock ... TSC clock: 600023372 Hz\n CPU: Intel(R) Pentium(R) M processor 1400MHz (600.02-MHz 686-class CPU)\n   Origin = \"GenuineIntel\"  Id = 0x695  Stepping = 5\n \n Features=0xa7e9fbbf\u003cFPU,VME,DE,PSE,TSC,MSR,MCE,CX8,APIC,SEP,MTRR,PGE,MCA,CMOV,PAT,CLFLUSH,DTS,ACPI,MMX,FXSR,SSE,SSE2,TM,PBE\u003e\n   Features2=0x180\u003cEST,TM2\u003e\n \n Instruction TLB: 4 KB Pages, 4-way set associative, 128 entries\n Data TLB: 4 KB Pages, 4-way set associative, 128 entries\n Instruction TLB: 4 MB pages, fully associative, 2 entries\n 2nd-level cache: 1 MB, 8-way set associative, 64 byte line size\n 1st-level instruction cache: 32 KB, 8-way set associative, 64 byte line\n size\n Data TLB: 4 MB Pages, 4-way set associative, 8 entries\n 1st-level data cache: 32 KB, 8-way set associative, 64 byte line size\n real memory  = 527695872 (503 MB)\n Physical memory chunk(s):\n 0x0000000000001000 - 0x000000000009efff, 647168 bytes (158 pages)\n 0x0000000000100000 - 0x00000000003fffff, 3145728 bytes (768 pages)\n 0x0000000001028000 - 0x000000001ee22fff, 501198848 bytes (122363 pages)\n avail memory = 502419456 (479 MB)\n Table 'FACP' at 0x1f740200\n Table 'OEMB' at 0x1f750040\n MADT: No MADT table found\n APIC: Could not find any APICs.\n pnpbios: Found PnP BIOS data at 0xc00f2e00\n pnpbios: Entry = f0000:39da  Rev = 1.0\n Other BIOS signatures found:\n wlan_amrr: \u003cAMRR Transmit Rate Control Algorithm\u003e\n wlan: \u003c802.11 Link Layer\u003e\n firmware: 'ipw_bss' version 130: 209190 bytes loaded at 0xc0d68738\n firmware: 'ipw_ibss' version 130: 201138 bytes loaded at 0xc0d9d73c\n firmware: 'ipw_monitor' version 130: 196458 bytes loaded at 0xc0dd0748\n snd_unit_init() u=0x00ff8000 [512] d=0x00007c00 [32] c=0x000003ff [1024]\n feeder_register: snd_unit=-1 snd_maxautovchans=16 latency=5\n feeder_buffersize=16384 feeder_rate_min=1 feeder_rate_max=2016000\n feeder_rate_round=25\n ath_rate: version 1.2 \u003cSampleRate bit-rate selection algorithm\u003e\n nfslock: pseudo-device\n kbd: new array size 4\n kbd1 at kbdmux0\n io: \u003cI/O\u003e\n mem: \u003cmemory\u003e\n Pentium Pro MTRR support enabled\n null: \u003cnull device, zero device\u003e\n random: \u003centropy source, Software, Yarrow\u003e\n ath_hal: 0.9.20.3 (AR5210, AR5211, AR5212, RF5111, RF5112, RF2413,\n RF5413)\n hptrr: HPT RocketRAID controller driver v1.1 (Feb 24 2008 19:59:27)\n ACPI: RSDP @ 0x0xf4b70/0x0014 (v  0 ACPIAM)\n ACPI: RSDT @ 0x0x1f740000/0x002C (v  1 A M I  OEMRSDT  0x05000314 MSFT\n 0x00000097)\n ACPI: FACP @ 0x0x1f740200/0x0081 (v  2 A M I  OEMFACP  0x05000314 MSFT\n 0x00000097)\n ACPI: DSDT @ 0x0x1f740300/0x7323 (v  1  0ABBD 0ABBD001 0x00000001 MSFT\n 0x0100000D)\n ACPI: FACS @ 0x0x1f750000/0x0040\n ACPI: OEMB @ 0x0x1f750040/0x004D (v  1 A M I  OEMBIOS  0x05000314 MSFT\n 0x00000097)\n npx0: INT 16 interface\n acpi0: \u003cA M I OEMRSDT\u003e on motherboard\n acpi0: [MPSAFE]\n acpi0: [ITHREAD]\n pci_open(1):\tmode 1 addr port (0x0cf8) is 0x8000005c\n pci_open(1a):\tmode1res=0x80000000 (0x80000000)\n pci_cfgcheck:\tdevice 0 [class=060000] [hdr=80] is there (id=35808086)\n pcibios: No call entry point\n AcpiOsDerivePciId: \\\\_SB_.PCI0.P0P1.CBS0.CBSP -\u003e bus 1 dev 5 func 0\n acpi0: Power Button (fixed)\n acpi0: wakeup code va 0xccd3f000 pa 0x1000\n atpic: Programming IRQ9 as level/low\n AcpiOsDerivePciId: \\\\_SB_.PCI0.SBRG.FHR0 -\u003e bus 0 dev 31 func 0\n AcpiOsDerivePciId: \\\\_SB_.PCI0.SBRG.IROR -\u003e bus 0 dev 31 func 0\n acpi0: reservation of 0, a0000 (3) failed\n acpi0: reservation of 100000, 1f700000 (3) failed\n ACPI timer: 1/0 1/0 1/1 1/1 1/0 1/0 1/1 1/1 1/1 1/0 -\u003e 10\n Timecounter \"ACPI-fast\" frequency 3579545 Hz quality 1000\n acpi_timer0: \u003c24-bit timer at 3.579545MHz\u003e port 0xe408-0xe40b on acpi0\n acpi_ec0: \u003cEmbedded Controller: GPE 0x1c\u003e port 0x62,0x66 on acpi0\n pci_link0:        Index  IRQ  Rtd  Ref  IRQs\n   Initial Probe       0   11   N     0  3 4 5 6 7 11 12\n   Validation          0   11   N     0  3 4 5 6 7 11 12\n   After Disable       0  255   N     0  3 4 5 6 7 11 12\n pci_link1:        Index  IRQ  Rtd  Ref  IRQs\n   Initial Probe       0  255   N     0  3 4 5 6 7 11 12\n   Validation          0  255   N     0  3 4 5 6 7 11 12\n   After Disable       0  255   N     0  3 4 5 6 7 11 12\n pci_link2:        Index  IRQ  Rtd  Ref  IRQs\n   Initial Probe       0    4   N     0  4 12\n   Validation          0    4   N     0  4 12\n   After Disable       0  255   N     0  4 12\n pci_link3:        Index  IRQ  Rtd  Ref  IRQs\n   Initial Probe       0    5   N     0  5 6\n   Validation          0    5   N     0  5 6\n   After Disable       0  255   N     0  5 6\n pci_link4:        Index  IRQ  Rtd  Ref  IRQs\n   Initial Probe       0   11   N     0  6 11\n   Validation          0   11   N     0  6 11\n   After Disable       0  255   N     0  6 11\n pci_link5:        Index  IRQ  Rtd  Ref  IRQs\n   Initial Probe       0  255   N     0  3 7\n   Validation          0  255   N     0  3 7\n   After Disable       0  255   N     0  3 7\n pci_link6:        Index  IRQ  Rtd  Ref  IRQs\n   Initial Probe       0  255   N     0  4 7\n   Validation          0  255   N     0  4 7\n   After Disable       0  255   N     0  4 7\n pci_link7:        Index  IRQ  Rtd  Ref  IRQs\n   Initial Probe       0    4   N     0  4 6 12\n   Validation          0    4   N     0  4 6 12\n   After Disable       0  255   N     0  4 6 12\n cpu0: \u003cACPI CPU\u003e on acpi0\n cpu0: switching to generic Cx mode\n est0: \u003cEnhanced SpeedStep Frequency Control\u003e on cpu0\n p4tcc0: \u003cCPU Frequency Thermal Control\u003e on cpu0\n pcib0: \u003cACPI Host-PCI bridge\u003e port 0xcf8-0xcff on acpi0\n ACPI: Found matching pin for 0.2.INTA at func 0: 11\n ACPI: Found matching pin for 0.31.INTA at func 1: 255\n ACPI: Found matching pin for 0.31.INTB at func 5: 255\n ACPI: Found matching pin for 0.31.INTB at func 6: 255\n ACPI: Found matching pin for 0.29.INTA at func 0: 11\n ACPI: Found matching pin for 0.29.INTB at func 1: 5\n ACPI: Found matching pin for 0.29.INTC at func 2: 4\n ACPI: Found matching pin for 0.29.INTD at func 7: 4\n pci0: \u003cACPI PCI bus\u003e on pcib0\n pci0: domain=0, physical bus=0\n found-\u003e\tvendor=0x8086, dev=0x3580, revid=0x02\n \tdomain=0, bus=0, slot=0, func=0\n \tclass=06-00-00, hdrtype=0x00, mfdev=1\n \tcmdreg=0x0106, statreg=0x2090, cachelnsz=0 (dwords)\n \tlattimer=0x00 (0 ns), mingnt=0x00 (0 ns), maxlat=0x00 (0 ns)\n found-\u003e\tvendor=0x8086, dev=0x3584, revid=0x02\n \tdomain=0, bus=0, slot=0, func=1\n \tclass=08-80-00, hdrtype=0x00, mfdev=0\n \tcmdreg=0x0006, statreg=0x0080, cachelnsz=0 (dwords)\n \tlattimer=0x00 (0 ns), mingnt=0x00 (0 ns), maxlat=0x00 (0 ns)\n found-\u003e\tvendor=0x8086, dev=0x3585, revid=0x02\n \tdomain=0, bus=0, slot=0, func=3\n \tclass=08-80-00, hdrtype=0x00, mfdev=1\n \tcmdreg=0x0006, statreg=0x0080, cachelnsz=0 (dwords)\n \tlattimer=0x00 (0 ns), mingnt=0x00 (0 ns), maxlat=0x00 (0 ns)\n found-\u003e\tvendor=0x8086, dev=0x3582, revid=0x02\n \tdomain=0, bus=0, slot=2, func=0\n \tclass=03-00-00, hdrtype=0x00, mfdev=1\n \tcmdreg=0x0007, statreg=0x0090, cachelnsz=0 (dwords)\n \tlattimer=0x00 (0 ns), mingnt=0x00 (0 ns), maxlat=0x00 (0 ns)\n \tintpin=a, irq=11\n \tpowerspec 1  supports D0 D1 D3  current D0\n \tmap[10]: type Prefetchable Memory, range 32, base 0xf0000000, size 27,\n enabled\n \tmap[14]: type Memory, range 32, base 0xffa80000, size 19, enabled\n \tmap[18]: type I/O Port, range 32, base 0xdc00, size  3, enabled\n pcib0: matched entry for 0.2.INTA (src \\\\_SB_.LNKA:0)\n pcib0: slot 2 INTA routed to irq 11 via \\\\_SB_.LNKA\n found-\u003e\tvendor=0x8086, dev=0x3582, revid=0x02\n \tdomain=0, bus=0, slot=2, func=1\n \tclass=03-80-00, hdrtype=0x00, mfdev=1\n \tcmdreg=0x0007, statreg=0x0090, cachelnsz=0 (dwords)\n \tlattimer=0x00 (0 ns), mingnt=0x00 (0 ns), maxlat=0x00 (0 ns)\n \tpowerspec 1  supports D0 D1 D3  current D0\n \tmap[10]: type Prefetchable Memory, range 32, base 0xe8000000, size 27,\n enabled\n \tmap[14]: type Memory, range 32, base 0xff980000, size 19, enabled\n found-\u003e\tvendor=0x8086, dev=0x24c2, revid=0x03\n \tdomain=0, bus=0, slot=29, func=0\n \tclass=0c-03-00, hdrtype=0x00, mfdev=1\n \tcmdreg=0x0005, statreg=0x0280, cachelnsz=0 (dwords)\n \tlattimer=0x00 (0 ns), mingnt=0x00 (0 ns), maxlat=0x00 (0 ns)\n \tintpin=a, irq=11\n \tmap[20]: type I/O Port, range 32, base 0xd480, size  5, enabled\n pcib0: matched entry for 0.29.INTA (src \\\\_SB_.LNKA:0)\n pcib0: slot 29 INTA routed to irq 11 via \\\\_SB_.LNKA\n found-\u003e\tvendor=0x8086, dev=0x24c4, revid=0x03\n \tdomain=0, bus=0, slot=29, func=1\n \tclass=0c-03-00, hdrtype=0x00, mfdev=0\n \tcmdreg=0x0005, statreg=0x0280, cachelnsz=0 (dwords)\n \tlattimer=0x00 (0 ns), mingnt=0x00 (0 ns), maxlat=0x00 (0 ns)\n \tintpin=b, irq=5\n \tmap[20]: type I/O Port, range 32, base 0xd800, size  5, enabled\n pcib0: matched entry for 0.29.INTB (src \\\\_SB_.LNKD:0)\n pcib0: slot 29 INTB routed to irq 5 via \\\\_SB_.LNKD\n found-\u003e\tvendor=0x8086, dev=0x24c7, revid=0x03\n \tdomain=0, bus=0, slot=29, func=2\n \tclass=0c-03-00, hdrtype=0x00, mfdev=0\n \tcmdreg=0x0005, statreg=0x0280, cachelnsz=0 (dwords)\n \tlattimer=0x00 (0 ns), mingnt=0x00 (0 ns), maxlat=0x00 (0 ns)\n \tintpin=c, irq=4\n \tmap[20]: type I/O Port, range 32, base 0xd880, size  5, enabled\n pcib0: matched entry for 0.29.INTC (src \\\\_SB_.LNKC:0)\n pcib0: slot 29 INTC routed to irq 4 via \\\\_SB_.LNKC\n found-\u003e\tvendor=0x8086, dev=0x24cd, revid=0x03\n \tdomain=0, bus=0, slot=29, func=7\n \tclass=0c-03-20, hdrtype=0x00, mfdev=0\n \tcmdreg=0x0106, statreg=0x0290, cachelnsz=0 (dwords)\n \tlattimer=0x00 (0 ns), mingnt=0x00 (0 ns), maxlat=0x00 (0 ns)\n \tintpin=d, irq=4\n \tpowerspec 2  supports D0 D3  current D0\n \tmap[10]: type Memory, range 32, base 0xffa7fc00, size 10, enabled\n pcib0: matched entry for 0.29.INTD (src \\\\_SB_.LNKH:0)\n pcib0: slot 29 INTD routed to irq 4 via \\\\_SB_.LNKH\n found-\u003e\tvendor=0x8086, dev=0x2448, revid=0x83\n \tdomain=0, bus=0, slot=30, func=0\n \tclass=06-04-00, hdrtype=0x01, mfdev=0\n \tcmdreg=0x0107, statreg=0x8080, cachelnsz=0 (dwords)\n \tlattimer=0x00 (0 ns), mingnt=0x06 (1500 ns), maxlat=0x00 (0 ns)\n found-\u003e\tvendor=0x8086, dev=0x24cc, revid=0x03\n \tdomain=0, bus=0, slot=31, func=0\n \tclass=06-01-00, hdrtype=0x00, mfdev=1\n \tcmdreg=0x000f, statreg=0x0280, cachelnsz=0 (dwords)\n \tlattimer=0x00 (0 ns), mingnt=0x00 (0 ns), maxlat=0x00 (0 ns)\n found-\u003e\tvendor=0x8086, dev=0x24ca, revid=0x03\n \tdomain=0, bus=0, slot=31, func=1\n \tclass=01-01-8a, hdrtype=0x00, mfdev=0\n \tcmdreg=0x0005, statreg=0x0280, cachelnsz=0 (dwords)\n \tlattimer=0x00 (0 ns), mingnt=0x00 (0 ns), maxlat=0x00 (0 ns)\n \tintpin=a, irq=255\n \tmap[20]: type I/O Port, range 32, base 0xffa0, size  4, enabled\n \tmap[24]: type Memory, range 32, base 0, size 10, memory disabled\n found-\u003e\tvendor=0x8086, dev=0x24c5, revid=0x03\n \tdomain=0, bus=0, slot=31, func=5\n \tclass=04-01-00, hdrtype=0x00, mfdev=0\n \tcmdreg=0x0005, statreg=0x0290, cachelnsz=0 (dwords)\n \tlattimer=0x00 (0 ns), mingnt=0x00 (0 ns), maxlat=0x00 (0 ns)\n \tintpin=b, irq=255\n \tpowerspec 2  supports D0 D3  current D0\n \tmap[10]: type I/O Port, range 32, base 0xe000, size  8, enabled\n \tmap[14]: type I/O Port, range 32, base 0xe100, size  6, enabled\n \tmap[18]: type Memory, range 32, base 0, size  9, memory disabled\n \tmap[1c]: type Memory, range 32, base 0, size  8, memory disabled\n found-\u003e\tvendor=0x8086, dev=0x24c6, revid=0x03\n \tdomain=0, bus=0, slot=31, func=6\n \tclass=07-03-00, hdrtype=0x00, mfdev=0\n \tcmdreg=0x0005, statreg=0x0290, cachelnsz=0 (dwords)\n \tlattimer=0x00 (0 ns), mingnt=0x00 (0 ns), maxlat=0x00 (0 ns)\n \tintpin=b, irq=255\n \tpowerspec 2  supports D0 D3  current D0\n \tmap[10]: type I/O Port, range 32, base 0xe200, size  8, enabled\n \tmap[14]: type I/O Port, range 32, base 0xe300, size  7, enabled\n pci0: \u003cbase peripheral\u003e at device 0.1 (no driver attached)\n pci0: \u003cbase peripheral\u003e at device 0.3 (no driver attached)\n vgapci0: \u003cVGA-compatible display\u003e port 0xdc00-0xdc07 mem\n 0xf0000000-0xf7ffffff,0xffa80000-0xffafffff irq 11 at device 2.0 on pci0\n agp0: \u003cIntel 8285xM (85xGM GMCH) SVGA controller\u003e on vgapci0\n vgapci0: Reserved 0x8000000 bytes for rid 0x10 type 3 at 0xf0000000\n vgapci0: Reserved 0x80000 bytes for rid 0x14 type 3 at 0xffa80000\n agp0: detected 8060k stolen memory\n agp0: aperture size is 128M\n vgapci1: \u003cVGA-compatible display\u003e mem\n 0xe8000000-0xefffffff,0xff980000-0xff9fffff at device 2.1 on pci0\n uhci0: \u003cIntel 82801DB (ICH4) USB controller USB-A\u003e port 0xd480-0xd49f\n irq 11 at device 29.0 on pci0\n uhci0: Reserved 0x20 bytes for rid 0x20 type 4 at 0xd480\n uhci0: [GIANT-LOCKED]\n uhci0: [ITHREAD]\n usb0: \u003cIntel 82801DB (ICH4) USB controller USB-A\u003e on uhci0\n usb0: USB revision 1.0\n uhub0: \u003cIntel UHCI root hub, class 9/0, rev 1.00/1.00, addr 1\u003e on usb0\n uhub0: 2 ports with 2 removable, self powered\n uhci1: \u003cIntel 82801DB (ICH4) USB controller USB-B\u003e port 0xd800-0xd81f\n irq 5 at device 29.1 on pci0\n uhci1: Reserved 0x20 bytes for rid 0x20 type 4 at 0xd800\n uhci1: [GIANT-LOCKED]\n uhci1: [ITHREAD]\n usb1: \u003cIntel 82801DB (ICH4) USB controller USB-B\u003e on uhci1\n usb1: USB revision 1.0\n uhub1: \u003cIntel UHCI root hub, class 9/0, rev 1.00/1.00, addr 1\u003e on usb1\n uhub1: 2 ports with 2 removable, self powered\n uhci2: \u003cIntel 82801DB (ICH4) USB controller USB-C\u003e port 0xd880-0xd89f\n irq 4 at device 29.2 on pci0\n uhci2: Reserved 0x20 bytes for rid 0x20 type 4 at 0xd880\n uhci2: [GIANT-LOCKED]\n uhci2: [ITHREAD]\n usb2: \u003cIntel 82801DB (ICH4) USB controller USB-C\u003e on uhci2\n usb2: USB revision 1.0\n uhub2: \u003cIntel UHCI root hub, class 9/0, rev 1.00/1.00, addr 1\u003e on usb2\n uhub2: 2 ports with 2 removable, self powered\n ehci0: \u003cIntel 82801DB/L/M (ICH4) USB 2.0 controller\u003e mem\n 0xffa7fc00-0xffa7ffff irq 4 at device 29.7 on pci0\n ehci0: Reserved 0x400 bytes for rid 0x10 type 3 at 0xffa7fc00\n ehci0: [GIANT-LOCKED]\n ehci0: [ITHREAD]\n usb3: EHCI version 1.0\n usb3: companion controllers, 2 ports each: usb0 usb1 usb2\n usb3: \u003cIntel 82801DB/L/M (ICH4) USB 2.0 controller\u003e on ehci0\n usb3: USB revision 2.0\n uhub3: \u003cIntel EHCI root hub, class 9/0, rev 2.00/1.00, addr 1\u003e on usb3\n uhub3: 6 ports with 6 removable, self powered\n pcib1: \u003cACPI PCI-PCI bridge\u003e at device 30.0 on pci0\n pcib1:   domain            0\n pcib1:   secondary bus     1\n pcib1:   subordinate bus   1\n pcib1:   I/O decode        0xc000-0xcfff\n pcib1:   memory decode     0xff700000-0xff7fffff\n pcib1:   prefetched decode 0xdea00000-0xdeafffff\n pcib1:   Subtractively decoded bridge.\n ACPI: Found matching pin for 1.8.INTA at func 0: 11\n ACPI: Found matching pin for 1.5.INTA at func 0: 255\n ACPI: Found matching pin for 1.5.INTB at func 1: 11\n ACPI: Found matching pin for 1.4.INTA at func 0: 4\n pci1: \u003cACPI PCI bus\u003e on pcib1\n pci1: domain=0, physical bus=1\n found-\u003e\tvendor=0x8086, dev=0x1043, revid=0x04\n \tdomain=0, bus=1, slot=4, func=0\n \tclass=02-80-00, hdrtype=0x00, mfdev=0\n \tcmdreg=0x0116, statreg=0x0290, cachelnsz=16 (dwords)\n \tlattimer=0x40 (1920 ns), mingnt=0x02 (500 ns), maxlat=0x22 (8500 ns)\n \tintpin=a, irq=4\n \tpowerspec 2  supports D0 D3  current D0\n \tmap[10]: type Memory, range 32, base 0xff7fd000, size 12, enabled\n pcib1: requested memory range 0xff7fd000-0xff7fdfff: good\n pcib1: matched entry for 1.4.INTA (src \\\\_SB_.LNKC:0)\n pcib1: slot 4 INTA routed to irq 4 via \\\\_SB_.LNKC\n found-\u003e\tvendor=0x1180, dev=0x0475, revid=0xb8\n \tdomain=0, bus=1, slot=5, func=0\n \tclass=06-07-00, hdrtype=0x02, mfdev=1\n \tcmdreg=0x0007, statreg=0x0210, cachelnsz=0 (dwords)\n \tlattimer=0x20 (960 ns), mingnt=0x80 (32000 ns), maxlat=0x07 (1750 ns)\n \tintpin=a, irq=255\n \tpowerspec 2  supports D0 D1 D2 D3  current D0\n \tmap[10]: type Memory, range 32, base 0, size 12, enabled\n found-\u003e\tvendor=0x1180, dev=0x0551, revid=0x00\n \tdomain=0, bus=1, slot=5, func=1\n \tclass=0c-00-10, hdrtype=0x00, mfdev=1\n \tcmdreg=0x0106, statreg=0x0210, cachelnsz=0 (dwords)\n \tlattimer=0x40 (1920 ns), mingnt=0x02 (500 ns), maxlat=0x04 (1000 ns)\n \tintpin=b, irq=11\n \tpowerspec 2  supports D0 D3  current D0\n \tmap[10]: type Memory, range 32, base 0xff7fe800, size 11, enabled\n pcib1: requested memory range 0xff7fe800-0xff7fefff: good\n pcib1: matched entry for 1.5.INTB (src \\\\_SB_.LNKA:0)\n pcib1: slot 5 INTB routed to irq 11 via \\\\_SB_.LNKA\n found-\u003e\tvendor=0x8086, dev=0x103e, revid=0x83\n \tdomain=0, bus=1, slot=8, func=0\n \tclass=02-00-00, hdrtype=0x00, mfdev=0\n \tcmdreg=0x0117, statreg=0x0290, cachelnsz=16 (dwords)\n \tlattimer=0x40 (1920 ns), mingnt=0x08 (2000 ns), maxlat=0x38 (14000 ns)\n \tintpin=a, irq=11\n \tpowerspec 2  supports D0 D1 D2 D3  current D0\n \tmap[10]: type Memory, range 32, base 0xff7ff000, size 12, enabled\n pcib1: requested memory range 0xff7ff000-0xff7fffff: good\n \tmap[14]: type I/O Port, range 32, base 0xcc00, size  6, enabled\n pcib1: requested I/O range 0xcc00-0xcc3f: in range\n pcib1: matched entry for 1.8.INTA (src \\\\_SB_.LNKE:0)\n pcib1: slot 8 INTA routed to irq 11 via \\\\_SB_.LNKE\n ipw0: \u003cIntel(R) PRO/Wireless 2100 MiniPCI\u003e mem 0xff7fd000-0xff7fdfff irq\n 4 at device 4.0 on pci1\n ipw0: Reserved 0x1000 bytes for rid 0x10 type 3 at 0xff7fd000\n ipw0: bpf attached\n ipw0: Ethernet address: 00:04:23:71:77:46\n ipw0: bpf attached\n ipw0: bpf attached\n ipw0: [MPSAFE]\n ipw0: [ITHREAD]\n ipw0: 11b rates: 1Mbps 2Mbps 5.5Mbps 11Mbps\n cbb0: \u003cRF5C475 PCI-CardBus Bridge\u003e at device 5.0 on pci1\n pcib1: cbb0 requested memory range 0xff700000-0xff7fffff: good\n cbb0: Lazy allocation of 0x1000 bytes rid 0x10 type 3 at 0xff700000\n cardbus0: \u003cCardBus bus\u003e on cbb0\n pccard0: \u003c16-bit PCCard bus\u003e on cbb0\n pcib1: matched entry for 1.5.INTA (src \\\\_SB_.LNKB:0)\n pci_link1: Picked IRQ 9 with weight 0\n pcib1: slot 5 INTA routed to irq 9 via \\\\_SB_.LNKB\n cbb0: [MPSAFE]\n cbb0: [ITHREAD]\n cbb0: PCI Configuration space:\n   0x00: 0x04751180 0x02100007 0x060700b8 0x00822000 \n   0x10: 0xff700000 0x020000dc 0x20030201 0xfffff000 \n   0x20: 0x00000000 0xfffff000 0x00000000 0xfffffffc \n   0x30: 0x00000000 0xfffffffc 0x00000000 0x07000109 \n   0x40: 0x17441043 0x00000001 0x00000000 0x00000000 \n   0x50: 0x00000000 0x00000000 0x00000000 0x00000000 \n   0x60: 0x00000000 0x00000000 0x00000000 0x00000000 \n   0x70: 0x00000000 0x00000000 0x00000000 0x00000000 \n   0x80: 0x20a00001 0x00000000 0x04630463 0x00000000 \n   0x90: 0x00000000 0x00000000 0x00000000 0x00000000 \n   0xa0: 0x80000000 0x00000000 0x00000000 0x00000000 \n   0xb0: 0x00000000 0x00000000 0x00000000 0x00000000 \n   0xc0: 0x17441043 0x00000000 0x00000000 0x00000000 \n   0xd0: 0x00000000 0x00000000 0x00000000 0xfe0a0001 \n   0xe0: 0x24c04000 0x00000000 0x00000000 0x00000000 \n   0xf0: 0x00000000 0x00000000 0x00000000 0x00000000 \n fwohci0: \u003cRicoh R5C551\u003e mem 0xff7fe800-0xff7fefff irq 11 at device 5.1\n on pci1\n fwohci0: Reserved 0x800 bytes for rid 0x10 type 3 at 0xff7fe800\n fwohci0: [MPSAFE]\n fwohci0: [FILTER]\n fwohci0: OHCI version 1.0 (ROM=1)\n fwohci0: No. of Isochronous channels is 4.\n fwohci0: EUI64 00:e0:18:00:03:10:02:07\n fwohci0: Phy 1394a available S400, 2 ports.\n fwohci0: Link S400, max_rec 2048 bytes.\n firewire0: \u003cIEEE1394(FireWire) bus\u003e on fwohci0\n fwe0: \u003cEthernet over FireWire\u003e on firewire0\n if_fwe0: Fake Ethernet address: 02:e0:18:10:02:07\n fwe0: bpf attached\n fwe0: Ethernet address: 02:e0:18:10:02:07\n fwip0: \u003cIP over FireWire\u003e on firewire0\n fwip0: bpf attached\n fwip0: Firewire address: 00:e0:18:00:03:10:02:07 @ 0xfffe00000000, S400,\n maxrec 2048\n sbp0: \u003cSBP-2/SCSI over FireWire\u003e on firewire0\n dcons_crom0: \u003cdcons configuration ROM\u003e on firewire0\n dcons_crom0: bus_addr 0x1374000\n fwohci0: Initiate bus reset\n fwohci0: BUS reset\n fwohci0: node_id=0xc800ffc0, gen=1, CYCLEMASTER mode\n fxp0: \u003cIntel 82801DB (ICH4) Pro/100 VM Ethernet\u003e port 0xcc00-0xcc3f mem\n 0xff7ff000-0xff7fffff irq 11 at device 8.0 on pci1\n fxp0: Reserved 0x1000 bytes for rid 0x10 type 3 at 0xff7ff000\n fxp0: using memory space register mapping\n fxp0: PCI IDs: 8086 103e 1043 1745 0083\n fxp0: Dynamic Standby mode is disabled\n fxp0: fxp_miibus_readreg: timed out\n fxp0: fxp_miibus_readreg: timed out\n fxp0: fxp_miibus_readreg: timed out\n fxp0: fxp_miibus_readreg: timed out\n fxp0: fxp_miibus_readreg: timed out\n fxp0: fxp_miibus_readreg: timed out\n fxp0: fxp_miibus_readreg: timed out\n fxp0: fxp_miibus_readreg: timed out\n fxp0: fxp_miibus_readreg: timed out\n fxp0: fxp_miibus_readreg: timed out\n fxp0: fxp_miibus_readreg: timed out\n fxp0: fxp_miibus_readreg: timed out\n fxp0: fxp_miibus_readreg: timed out\n fxp0: fxp_miibus_readreg: timed out\n fxp0: fxp_miibus_readreg: timed out\n fxp0: fxp_miibus_readreg: timed out\n fxp0: fxp_miibus_readreg: timed out\n fxp0: fxp_miibus_readreg: timed out\n fxp0: fxp_miibus_readreg: timed out\n fxp0: fxp_miibus_readreg: timed out\n fxp0: fxp_miibus_readreg: timed out\n fxp0: fxp_miibus_readreg: timed out\n fxp0: fxp_miibus_readreg: timed out\n fxp0: fxp_miibus_readreg: timed out\n fxp0: fxp_miibus_readreg: timed out\n fxp0: fxp_miibus_readreg: timed out\n fxp0: fxp_miibus_readreg: timed out\n fxp0: fxp_miibus_readreg: timed out\n fxp0: fxp_miibus_readreg: timed out\n fxp0: fxp_miibus_readreg: timed out\n fxp0: fxp_miibus_readreg: timed out\n fxp0: fxp_miibus_readreg: timed out\n fxp0: MII without any PHY!\n device_attach: fxp0 attach returned 6\n isab0: \u003cPCI-ISA bridge\u003e at device 31.0 on pci0\n isa0: \u003cISA bus\u003e on isab0\n atapci0: \u003cIntel ICH4 UDMA100 controller\u003e port\n 0x1f0-0x1f7,0x3f6,0x170-0x177,0x376,0xffa0-0xffaf at device 31.1 on pci0\n atapci0: Reserved 0x10 bytes for rid 0x20 type 4 at 0xffa0\n ata0: \u003cATA channel 0\u003e on atapci0\n atapci0: Reserved 0x8 bytes for rid 0x10 type 4 at 0x1f0\n atapci0: Reserved 0x1 bytes for rid 0x14 type 4 at 0x3f6\n ata0: reset tp1 mask=03 ostat0=50 ostat1=00\n ata0: stat0=0x90 err=0x90 lsb=0x90 msb=0x90\n ata0: stat0=0x50 err=0x01 lsb=0x00 msb=0x00\n ata0: stat1=0x00 err=0x01 lsb=0x00 msb=0x00\n ata0: reset tp2 stat0=50 stat1=00 devices=0x1\u003cATA_MASTER\u003e\n ata0: [MPSAFE]\n ata0: [ITHREAD]\n ata1: \u003cATA channel 1\u003e on atapci0\n atapci0: Reserved 0x8 bytes for rid 0x18 type 4 at 0x170\n atapci0: Reserved 0x1 bytes for rid 0x1c type 4 at 0x376\n ata1: reset tp1 mask=03 ostat0=50 ostat1=00\n ata1: stat0=0x10 err=0x01 lsb=0x14 msb=0xeb\n ata1: stat1=0x00 err=0x01 lsb=0x7f msb=0x7f\n ata1: reset tp2 stat0=10 stat1=00 devices=0x4\u003cATAPI_MASTER\u003e\n ata1: [MPSAFE]\n ata1: [ITHREAD]\n pcm0: \u003cIntel ICH4 (82801DB)\u003e port 0xe000-0xe0ff,0xe100-0xe13f at device\n 31.5 on pci0\n pcm0: Lazy allocation of 0x200 bytes rid 0x18 type 3 at 0x80000000\n pcm0: Lazy allocation of 0x100 bytes rid 0x1c type 3 at 0x80000200\n pcib0: matched entry for 0.31.INTB (src \\\\_SB_.LNKB:0)\n pcib0: slot 31 INTB routed to irq 9 via \\\\_SB_.LNKB\n pcm0: [MPSAFE]\n pcm0: [ITHREAD]\n pcm0: \u003cSigmaTel STAC9750/51 AC97 Codec (id = 0x83847650)\u003e\n pcm0: Codec features headphone, 20 bit DAC, 20 bit ADC, 5 bit master\n volume, SigmaTel 3D Enhancement\n pcm0: Primary codec extended features variable rate PCM, reserved 1,\n AMAP, reserved 4\n pcm0: ac97 codec dac ready count: 0\n pcm0: Mixer \"vol\":\n pcm0: Mixer \"pcm\":\n pcm0: Mixer \"speaker\":\n pcm0: Mixer \"line\":\n pcm0: Mixer \"mic\":\n pcm0: Mixer \"cd\":\n pcm0: Mixer \"rec\":\n pcm0: Mixer \"igain\":\n pcm0: Mixer \"ogain\":\n pcm0: Mixer \"line1\":\n pcm0: Mixer \"phin\":\n pcm0: Mixer \"phout\":\n pcm0: Mixer \"video\":\n pcm0: clone manager: deadline=750ms flags=0x8000001e\n pcm0: sndbuf_setmap 1620000, 4000; 0xd4d6f000 -\u003e 1620000\n pcm0: sndbuf_setmap 162c000, 4000; 0xd4d73000 -\u003e 162c000\n pci0: \u003csimple comms, generic modem\u003e at device 31.6 (no driver attached)\n acpi_button0: \u003cSleep Button\u003e on acpi0\n acpi_lid0: \u003cControl Method Lid Switch\u003e on acpi0\n acpi_tz0: \u003cThermal Zone\u003e on acpi0\n acpi_acad0: \u003cAC Adapter\u003e on acpi0\n battery0: \u003cACPI Control Method Battery\u003e on acpi0\n battery1: \u003cACPI Control Method Battery\u003e on acpi0\n atkbdc0: \u003cKeyboard controller (i8042)\u003e port 0x60,0x64 irq 1 on acpi0\n atkbd0: \u003cAT Keyboard\u003e irq 1 on atkbdc0\n atkbd: the current kbd controller command byte 0065\n atkbd: keyboard ID 0x41ab (2)\n kbd0 at atkbd0\n kbd0: atkbd0, AT 101/102 (2), config:0x0, flags:0x3d0000\n atkbd0: [GIANT-LOCKED]\n atkbd0: [ITHREAD]\n psm0: unable to allocate IRQ\n psmcpnp0: \u003cPS/2 mouse port\u003e irq 12 on acpi0\n psm0: current command byte:0065\n psm0: \u003cPS/2 Mouse\u003e irq 12 on atkbdc0\n psm0: [GIANT-LOCKED]\n psm0: [ITHREAD]\n psm0: model Generic PS/2 mouse, device ID 0-00, 2 buttons\n psm0: config:00000000, flags:00000008, packet size:3\n psm0: syncmask:c0, syncbits:00\n sio0: configured irq 3 not in bitmap of probed irqs 0\n sio0: port may not be enabled\n sio0: irq maps: 0 0 0 0\n sio0: configured irq 3 not in bitmap of probed irqs 0\n sio0: port may not be enabled\n sio0: irq maps: 0 0 0 0\n sio0 port 0x2f8-0x2ff irq 3 drq 1 flags 0x10 on acpi0\n sio0: type 16550A\n sio0: [FILTER]\n unknown: status reg test failed ff\n unknown: status reg test failed ff\n unknown: status reg test failed ff\n unknown: status reg test failed ff\n unknown: status reg test failed ff\n unknown: status reg test failed ff\n ex_isa_identify()\n ahc_isa_probe 12: ioport 0xcc00 alloc failed\n ahc_isa_probe 13: ioport 0xdc00 alloc failed\n ahc_isa_probe 14: ioport 0xec00 alloc failed\n ata: ata0 already exists; skipping it\n ata: ata1 already exists; skipping it\n atkbdc: atkbdc0 already exists; skipping it\n sio: sio0 already exists; skipping it\n pnp_identify: Trying Read_Port at 203\n pnp_identify: Trying Read_Port at 243\n pnp_identify: Trying Read_Port at 283\n pnp_identify: Trying Read_Port at 2c3\n pnp_identify: Trying Read_Port at 303\n pnp_identify: Trying Read_Port at 343\n pnp_identify: Trying Read_Port at 383\n pnp_identify: Trying Read_Port at 3c3\n PNP Identify complete\n sc: sc0 already exists; skipping it\n vga: vga0 already exists; skipping it\n isa_probe_children: disabling PnP devices\n isa_probe_children: probing non-PnP devices\n pmtimer0 on isa0\n orm0: \u003cISA Option ROM\u003e at iomem 0xc0000-0xccfff pnpid ORM0000 on isa0\n adv0: not probed (disabled)\n aha0: not probed (disabled)\n aic0: not probed (disabled)\n bt0: not probed (disabled)\n cs0: not probed (disabled)\n ed0: not probed (disabled)\n fdc0 failed to probe at port 0x3f0-0x3f5,0x3f7 irq 6 drq 2 on isa0\n fe0: not probed (disabled)\n ie0: not probed (disabled)\n le0: not probed (disabled)\n ppc0: parallel port found at 0x378\n ppc0: using extended I/O port range\n ppc0: ECP SPP ECP+EPP SPP\n ppc0: \u003cParallel port\u003e at port 0x378-0x37f irq 7 on isa0\n ppc0: SMC-like chipset (ECP/EPP/PS2/NIBBLE) in COMPATIBLE mode\n ppc0: FIFO with 16/16/8 bytes threshold\n ppbus0: \u003cParallel port bus\u003e on ppc0\n ppbus0: [MPSAFE]\n ppbus0: [ITHREAD]\n plip0: \u003cPLIP network interface\u003e on ppbus0\n plip0: bpf attached\n lpt0: \u003cPrinter\u003e on ppbus0\n lpt0: Interrupt-driven port\n ppi0: \u003cParallel I/O\u003e on ppbus0\n ppc0: [GIANT-LOCKED]\n ppc0: [ITHREAD]\n sc0: \u003cSystem console\u003e at flags 0x100 on isa0\n sc0: VGA \u003c16 virtual consoles, flags=0x300\u003e\n sc0: fb0, kbd1, terminal emulator: sc (syscons terminal)\n sio1 failed to probe at port 0x2f8 irq 3 on isa0\n sio2: not probed (disabled)\n sio3: not probed (disabled)\n sn0: not probed (disabled)\n vga0: \u003cGeneric ISA VGA\u003e at port 0x3c0-0x3df iomem 0xa0000-0xbffff on\n isa0\n vt0: not probed (disabled)\n isa_probe_children: probing PnP devices\n Device configuration finished.\n procfs registered\n Timecounter \"TSC\" frequency 600023372 Hz quality 800\n Timecounters tick every 1.000 msec\n lo0: bpf attachedfirewire0: 1 nodes, maxhop \u003c= 0, cable IRM = 0 (me)\n firewire0: bus manager 0 (me)\n \n hptrr: no controller detected.\n acpi_acad0: acline initialization start\n battery0: battery initialization start\n battery1: battery initialization start\n ata0-master: pio=PIO4 wdma=WDMA2 udma=UDMA100 cable=80 wire\n system power profile changed to 'economy'\n ad0: setting PIO4 on ICH4 chip\n acpi_acad0: Off Line\n acpi_acad0: acline initialization done, tried 1 times\n ad0: setting UDMA100 on ICH4 chip\n ad0: 38154MB \u003cSeagate ST94011A 3.04\u003e at ata0-master UDMA100\n ad0: 78140160 sectors [77520C/16H/63S] 16 sectors/interrupt 1 depth\n queue\n GEOM: new disk ad0\n battery0: battery initialization done, tried 1 times\n ad0: Intel check1 failed\n ad0: Adaptec check1 failed\n ad0: LSI (v3) check1 failed\n ad0: LSI (v2) check1 failed\n ad0: FreeBSD check1 failed\n ata1-master: pio=PIO4 wdma=WDMA2 udma=UDMA33 cable=40 wire\n acd0: setting PIO4 on ICH4 chip\n acd0: setting UDMA33 on ICH4 chip\n acd0: \u003cQSI DVD-ROM SDR-083/MR01\u003e DVDROM drive at ata1 as master\n acd0: read 4125KB/s (4125KB/s), 512KB buffer, UDMA33\n acd0: Reads: CDR, CDRW, CDDA stream, DVDROM, DVDR, packet\n acd0: Writes:\n acd0: Audio: play, 16 volume levels\n acd0: Mechanism: ejectable tray, unlocked\n acd0: Medium: no/blank disc\n pcm0: measured ac97 link rate at 48008 Hz, will use 48000 Hz\n acd0: FAILURE - INQUIRY ILLEGAL REQUEST asc=0x24 ascq=0x00 \n (probe0:ata1:0:0:0): error 22\n (probe0:ata1:0:0:0): Unretryable Error\n (probe0:ata1:0:0:0): Down reving Protocol Version from 2 to 0?\n (probe0:ata1:0:0:0): error 6\n (probe0:ata1:0:0:0): Unretryable Error\n acd0: FAILURE - INQUIRY ILLEGAL REQUEST asc=0x24 ascq=0x00 \n (probe0:ata1:0:0:0): error 22\n (probe0:ata1:0:0:0): Unretryable Error\n (probe1:sbp0:0:0:0): error 22\n (probe1:sbp0:0:0:0): Unretryable Error\n (probe2:sbp0:0:1:0): error 22\n (probe2:sbp0:0:1:0): Unretryable Error\n (probe3:sbp0:0:2:0): error 22\n (probe3:sbp0:0:2:0): Unretryable Error\n (probe4:sbp0:0:3:0): error 22\n (probe4:sbp0:0:3:0): Unretryable Error\n (probe5:sbp0:0:4:0): error 22\n (probe5:sbp0:0:4:0): Unretryable Error\n (probe6:sbp0:0:5:0): error 22\n (probe6:sbp0:0:5:0): Unretryable Error\n (probe7:sbp0:0:6:0): error 22\n (probe7:sbp0:0:6:0): Unretryable Error\n pass0 at ata1 bus 0 target 0 lun 0\n pass0: \u003cQSI DVD-ROM SDR-083 MR01\u003e Removable CD-ROM SCSI-0 device \n pass0: 33.000MB/s transfers\n GEOM: new disk cd0\n ATA PseudoRAID load(cd0:ata1:0:0:0): error 6\n (cd0:ata1:0:0:0): Unretryable Error\n cd0 at ata1 bus 0 target 0 lun 0\n cd0: \u003cQSI DVD-ROM SDR-083 MR01\u003e Removable CD-ROM SCSI-0 device \n cd0: 33.000MB/s transfers\n cd0: Attempt to query device size failed: NOT READY, Medium not present\n ed\n (cd0:ata1:0:0:0): error 6\n (cd0:ata1:0:0:0): Unretryable Error\n (cd0:ata1:0:0:0): error 6\n (cd0:ata1:0:0:0): Unretryable Error\n (cd0:ata1:0:0:0): error 6\n (cd0:ata1:0:0:0): Unretryable Error\n (cd0:ata1:0:0:0): error 6\n (cd0:ata1:0:0:0): Unretryable Error\n Trying to mount root from ufs:/dev/ad0s1a\n start_init: trying /sbin/init\n drm0: \u003cIntel i852GM/i855GM GMCH\u003e on vgapci0\n info: [drm] AGP at 0xf0000000 128MB\n info: [drm] Initialized i915 1.5.0 20060119\n drm1: \u003cIntel i852GM/i855GM GMCH\u003e on vgapci1\n info: [drm] AGP at 0xf0000000 128MB\n info: [drm] Initialized i915 1.5.0 20060119\n drm0: [MPSAFE]\n drm0: [ITHREAD]\n battery1: battery initialization failed, giving up\n umass0: \u003cMyson Century, Inc. USB Mass Storage Device, class 0/0, rev\n 2.00/b0.08, addr 2\u003e on uhub3\n umass0:3:0:-1: Attached to scbus3\n (probe0:umass-sim0:0:0:0): error 22\n (probe0:umass-sim0:0:0:0): Unretryable Error\n pass1 at umass-sim0 bus 0 target 0 lun 0\n pass1: \u003c  \u003e Removable Direct Access SCSI-2 device \n pass1: 40.000MB/s transfers\n GEOM: new disk da0\n da0 at umass-sim0 bus 0 target 0 lun 0\n da0: \u003c  \u003e Removable Direct Access SCSI-2 device \n da0: 40.000MB/s transfers\n da0: 3102MB (6354432 512 byte sectors: 255H 63S/T 395C)\n GEOM_LABEL: Label for provider da0s1a is ufs/usbdrive."
}