{
 "id": 373068,
 "bug_id": 108379,
 "attachment_id": 0,
 "creation_time": "2007-01-26T17:20:17Z",
 "creator": "jlirochon@cyanide-studio.com",
 "text": "After updating from FreeBSD 5.4 to FreeBSD 6.2, the drive attached to\nata3 (VIA 8237A) is no more detected \n\ndmesg from 5.4 :\n################\n\nJan 26 16:02:26  newsyslog[70]: logfile first created\nJan 26 16:02:26  syslogd: kernel boot file is /boot/kernel/kernel\nJan 26 16:02:26  kernel: Copyright (c) 1992-2005 The FreeBSD Project.\nJan 26 16:02:26  kernel: Copyright (c) 1979, 1980, 1983, 1986, 1988, 1989, 1991, 1992, 1993, 1994\nJan 26 16:02:26  kernel: The Regents of the University of California. All rights reserved.\nJan 26 16:02:26  kernel: FreeBSD 5.4-RELEASE #1: Tue Oct 31 14:19:06 CET 2006\nJan 26 16:02:26  kernel: root@stock.ovh.net:/usr/obj/usr/src/sys/GENERIC-OVH\nJan 26 16:02:26  kernel: Timecounter \"i8254\" frequency 1193182 Hz quality 0\nJan 26 16:02:26  kernel: CPU: Intel(R) Core(TM)2 CPU          6300  @ 1.86GHz (1862.02-MHz 686-class CPU)\nJan 26 16:02:26  kernel: Origin = \"GenuineIntel\"  Id = 0x6f6  Stepping = 6\nJan 26 16:02:26  kernel: Features=0xbfebfbff\u003cFPU,VME,DE,PSE,TSC,MSR,PAE,MCE,CX8,APIC,SEP,MTRR,PGE,MCA,CMOV,PAT,PSE36,CLFLUSH,DTS,ACPI,MMX,FXSR,SSE,SSE2,SS,HTT,TM,PBE\u003e\nJan 26 16:02:26  kernel: Hyperthreading: 2 logical CPUs\nJan 26 16:02:26  kernel: real memory  = 1055784960 (1006 MB)\nJan 26 16:02:26  kernel: avail memory = 1023582208 (976 MB)\nJan 26 16:02:26  kernel: npx0: \u003cmath processor\u003e on motherboard\nJan 26 16:02:26  kernel: npx0: INT 16 interface\nJan 26 16:02:26  kernel: acpi0: \u003cAWARD AWRDACPI\u003e on motherboard\nJan 26 16:02:26  kernel: acpi_bus_number: can't get _ADR\nJan 26 16:02:26  last message repeated 35 times\nJan 26 16:02:26  kernel: acpi0: Power Button (fixed)\nJan 26 16:02:26  kernel: Timecounter \"ACPI-fast\" frequency 3579545 Hz quality 1000\nJan 26 16:02:26  kernel: acpi_timer0: \u003c24-bit timer at 3.579545MHz\u003e port 0x408-0x40b on acpi0\nJan 26 16:02:26  kernel: cpu0: \u003cACPI CPU (3 Cx states)\u003e on acpi0\nJan 26 16:02:26  kernel: acpi_button0: \u003cPower Button\u003e on acpi0\nJan 26 16:02:26  kernel: acpi_button1: \u003cSleep Button\u003e on acpi0\nJan 26 16:02:26  kernel: pcib0: \u003cACPI Host-PCI bridge\u003e port 0xcf8-0xcff on acpi0\nJan 26 16:02:26  kernel: pci0: \u003cACPI PCI bus\u003e on pcib0\nJan 26 16:02:26  kernel: pci0: \u003cbase peripheral, interrupt controller\u003e at device 0.5 (no driver attached)\nJan 26 16:02:26  kernel: pcib1: \u003cPCI-PCI bridge\u003e at device 1.0 on pci0\nJan 26 16:02:26  kernel: pci1: \u003cPCI bus\u003e on pcib1\nJan 26 16:02:26  kernel: pci1: \u003cdisplay, VGA\u003e at device 0.0 (no driver attached)\nJan 26 16:02:26  kernel: pcib2: \u003cACPI PCI-PCI bridge\u003e irq 11 at device 3.0 on pci0\nJan 26 16:02:26  kernel: pci3: \u003cACPI PCI bus\u003e on pcib2\nJan 26 16:02:26  kernel: atapci0: \u003cVIA 8237A SATA150 controller\u003e port 0xe800-0xe8ff,0xec00-0xec0f,0xf000-0xf003,0xf400-0xf407,0xf800-0xf803,0xfc00-0xfc07 irq 10 at device 15.0 on pci0\nJan 26 16:02:26  kernel: ata2: channel #0 on atapci0\nJan 26 16:02:26  kernel: ata3: channel #1 on atapci0\nJan 26 16:02:26  kernel: atapci1: \u003cVIA 8237A UDMA133 controller\u003e port 0xe400-0xe40f,0x376,0x170-0x177,0x3f6,0x1f0-0x1f7 at device 15.1 on pci0\nJan 26 16:02:26  kernel: ata0: channel #0 on atapci1\nJan 26 16:02:26  kernel: ata1: channel #1 on atapci1\nJan 26 16:02:26  kernel: isab0: \u003cPCI-ISA bridge\u003e at device 17.0 on pci0\nJan 26 16:02:26  kernel: isa0: \u003cISA bus\u003e on isab0\nJan 26 16:02:26  kernel: vr0: \u003cVIA VT6102 Rhine II 10/100BaseTX\u003e port 0xd000-0xd0ff mem 0xdfffe000-0xdfffe0ff irq 10 at device 18.0 on pci0\nJan 26 16:02:26  kernel: miibus0: \u003cMII bus\u003e on vr0\nJan 26 16:02:26  kernel: rlphy0: \u003cRTL8201L 10/100 media interface\u003e on miibus0\nJan 26 16:02:26  kernel: rlphy0:  10baseT, 10baseT-FDX, 100baseTX, 100baseTX-FDX, auto\nJan 26 16:02:26  kernel: vr0: Ethernet address: 00:17:31:8d:25:52\nJan 26 16:02:26  kernel: pcib3: \u003cACPI PCI-PCI bridge\u003e at device 19.0 on pci0\nJan 26 16:02:26  kernel: pci4: \u003cACPI PCI bus\u003e on pcib3\nJan 26 16:02:26  kernel: acpi_tz0: \u003cThermal Zone\u003e on acpi0\nJan 26 16:02:26  kernel: sio0: \u003c16550A-compatible COM port\u003e port 0x3f8-0x3ff irq 4 flags 0x10 on acpi0\nJan 26 16:02:26  kernel: sio0: type 16550A\nJan 26 16:02:26  kernel: orm0: \u003cISA Option ROM\u003e at iomem 0xd1000-0xd4fff on isa0\nJan 26 16:02:26  kernel: pmtimer0 on isa0\nJan 26 16:02:26  kernel: atkbdc0: \u003cKeyboard controller (i8042)\u003e at port 0x64,0x60 on isa0\nJan 26 16:02:26  kernel: atkbd0: \u003cAT Keyboard\u003e irq 1 on atkbdc0\nJan 26 16:02:26  kernel: kbd0 at atkbd0\nJan 26 16:02:26  kernel: ppc0: parallel port not found.\nJan 26 16:02:26  kernel: sc0: \u003cSystem console\u003e at flags 0x100 on isa0\nJan 26 16:02:26  kernel: sc0: VGA \u003c16 virtual consoles, flags=0x300\u003e\nJan 26 16:02:26  kernel: sio1: configured irq 3 not in bitmap of probed irqs 0\nJan 26 16:02:26  kernel: sio1: port may not be enabled\nJan 26 16:02:26  kernel: vga0: \u003cGeneric ISA VGA\u003e at port 0x3c0-0x3df iomem 0xa0000-0xbffff on isa0\nJan 26 16:02:26  kernel: Timecounter \"TSC\" frequency 1862017451 Hz quality 800\nJan 26 16:02:26  kernel: Timecounters tick every 10.000 msec\nJan 26 16:02:26  kernel: ad4: 78533MB \u003cHitachi HDS721680PLA380/P21OA70A\u003e [159560/16/63] at ata2-master SATA150\nJan 26 16:02:26  kernel: ad6: 78533MB \u003cHDS728080PLA380/PF2OA6EA\u003e [159560/16/63] at ata3-master SATA150\nJan 26 16:02:26  kernel: Mounting root from nfs:\nJan 26 16:02:26  kernel: NFS ROOT: 91.121.11.232:/home/pub/bsd-rescue\nJan 26 16:02:28  root: /etc/rc: WARNING: Setting entropy source to blocking mode.\n\ndmesg from 6.2 :\n################\n\nCopyright (c) 1992-2007 The FreeBSD Project.\nCopyright (c) 1979, 1980, 1983, 1986, 1988, 1989, 1991, 1992, 1993, 1994\n        The Regents of the University of California. All rights reserved.\nFreeBSD is a registered trademark of The FreeBSD Foundation.\nFreeBSD 6.2-RELEASE #0: Fri Jan 26 16:38:04 CET 2007\n    root@ns38269.ovh.net:/usr/obj/usr/src/sys/CUSTOM-SMP\nTimecounter \"i8254\" frequency 1193182 Hz quality 0\nCPU: Intel(R) Core(TM)2 CPU          6300  @ 1.86GHz (1862.01-MHz 686-class CPU)\n  Origin = \"GenuineIntel\"  Id = 0x6f6  Stepping = 6\n  Features=0xbfebfbff\u003cFPU,VME,DE,PSE,TSC,MSR,PAE,MCE,CX8,APIC,SEP,MTRR,PGE,MCA,CMOV,PAT,PSE36,CLFLUSH,DTS,ACPI,MMX,FXSR,SSE,SSE2,SS,HTT,TM,PBE\u003e\n  Features2=0xe3bd\u003cSSE3,RSVD2,MON,DS_CPL,VMX,EST,TM2,\u003cb9\u003e,CX16,\u003cb14\u003e,\u003cb15\u003e\u003e\n  AMD Features=0x20100000\u003cNX,LM\u003e\n  AMD Features2=0x1\u003cLAHF\u003e\n  Cores per package: 2\nreal memory  = 1055784960 (1006 MB)\navail memory = 1019764736 (972 MB)\nkbd1 at kbdmux0\nath_hal: 0.9.17.2 (AR5210, AR5211, AR5212, RF5111, RF5112, RF2413, RF5413)\nacpi0: \u003cAWARD AWRDACPI\u003e on motherboard\nacpi_bus_number: can't get _ADR\nacpi_bus_number: can't get _ADR\nacpi_bus_number: can't get _ADR\nacpi_bus_number: can't get _ADR\nacpi_bus_number: can't get _ADR\nacpi_bus_number: can't get _ADR\nacpi_bus_number: can't get _ADR\nacpi_bus_number: can't get _ADR\nacpi_bus_number: can't get _ADR\nacpi_bus_number: can't get _ADR\nacpi_bus_number: can't get _ADR\nacpi_bus_number: can't get _ADR\nacpi_bus_number: can't get _ADR\nacpi_bus_number: can't get _ADR\nacpi_bus_number: can't get _ADR\nacpi_bus_number: can't get _ADR\nacpi_bus_number: can't get _ADR\nacpi_bus_number: can't get _ADR\nacpi_bus_number: can't get _ADR\nacpi_bus_number: can't get _ADR\nacpi_bus_number: can't get _ADR\nacpi_bus_number: can't get _ADR\nacpi_bus_number: can't get _ADR\nacpi_bus_number: can't get _ADR\nacpi_bus_number: can't get _ADR\nacpi_bus_number: can't get _ADR\nacpi_bus_number: can't get _ADR\nacpi_bus_number: can't get _ADR\nacpi_bus_number: can't get _ADR\nacpi_bus_number: can't get _ADR\nacpi_bus_number: can't get _ADR\nacpi_bus_number: can't get _ADR\nacpi_bus_number: can't get _ADR\nacpi_bus_number: can't get _ADR\nacpi_bus_number: can't get _ADR\nacpi_bus_number: can't get _ADR\nacpi0: Power Button (fixed)\nTimecounter \"ACPI-fast\" frequency 3579545 Hz quality 1000\nacpi_timer0: \u003c24-bit timer at 3.579545MHz\u003e port 0x408-0x40b on acpi0\ncpu0: \u003cACPI CPU\u003e on acpi0\nacpi_perf0: \u003cACPI CPU Frequency Control\u003e on cpu0\nacpi_button0: \u003cPower Button\u003e on acpi0\nacpi_button1: \u003cSleep Button\u003e on acpi0\npcib0: \u003cACPI Host-PCI bridge\u003e port 0xcf8-0xcff on acpi0\npci0: \u003cACPI PCI bus\u003e on pcib0\npci0: \u003cbase peripheral, interrupt controller\u003e at device 0.5 (no driver attached)\npcib1: \u003cPCI-PCI bridge\u003e at device 1.0 on pci0\npci1: \u003cPCI bus\u003e on pcib1\npci1: \u003cdisplay, VGA\u003e at device 0.0 (no driver attached)\npcib2: \u003cACPI PCI-PCI bridge\u003e irq 11 at device 3.0 on pci0\npci3: \u003cACPI PCI bus\u003e on pcib2\natapci0: \u003cVIA 8237A SATA150 controller\u003e port 0xfc00-0xfc07,0xf800-0xf803,0xf400-0xf407,0xf000-0xf003,0xec00-0xec0f,0xe800-0xe8ff irq 11 at device 15.0 on pci0\nata2: \u003cATA channel 0\u003e on atapci0\nata3: \u003cATA channel 1\u003e on atapci0\natapci1: \u003cVIA 8237A UDMA133 controller\u003e port 0x1f0-0x1f7,0x3f6,0x170-0x177,0x376,0xe400-0xe40f at device 15.1 on pci0\nata0: \u003cATA channel 0\u003e on atapci1\nata1: \u003cATA channel 1\u003e on atapci1\nisab0: \u003cPCI-ISA bridge\u003e at device 17.0 on pci0\nisa0: \u003cISA bus\u003e on isab0\nvr0: \u003cVIA VT6102 Rhine II 10/100BaseTX\u003e port 0xd000-0xd0ff mem 0xdfffe000-0xdfffe0ff irq 10 at device 18.0 on pci0\nmiibus0: \u003cMII bus\u003e on vr0\nrlphy0: \u003cRTL8201L 10/100 media interface\u003e on miibus0\nrlphy0:  10baseT, 10baseT-FDX, 100baseTX, 100baseTX-FDX, auto\nvr0: Ethernet address: 00:17:31:8d:25:52\npcib3: \u003cACPI PCI-PCI bridge\u003e at device 19.0 on pci0\npci4: \u003cACPI PCI bus\u003e on pcib3\nacpi_tz0: \u003cThermal Zone\u003e on acpi0\nsio0: \u003c16550A-compatible COM port\u003e port 0x3f8-0x3ff irq 4 flags 0x10 on acpi0\nsio0: type 16550A\npmtimer0 on isa0\norm0: \u003cISA Option ROM\u003e at iomem 0xd1000-0xd4fff on isa0\natkbdc0: \u003cKeyboard controller (i8042)\u003e at port 0x60,0x64 on isa0\natkbd0: \u003cAT Keyboard\u003e irq 1 on atkbdc0\nkbd0 at atkbd0\natkbd0: [GIANT-LOCKED]\nppc0: parallel port not found.\nsc0: \u003cSystem console\u003e at flags 0x100 on isa0\nsc0: VGA \u003c16 virtual consoles, flags=0x300\u003e\nsio1: configured irq 3 not in bitmap of probed irqs 0\nsio1: port may not be enabled\nvga0: \u003cGeneric ISA VGA\u003e at port 0x3c0-0x3df iomem 0xa0000-0xbffff on isa0\nTimecounter \"TSC\" frequency 1862014077 Hz quality 800\nTimecounters tick every 1.000 msec\nad4: 78533MB \u003cHitachi HDS721680PLA380 P21OA70A\u003e at ata2-master SATA150\nTrying to mount root from ufs:/dev/ad4s2a"
}