{
 "id": 396331,
 "bug_id": 113427,
 "attachment_id": 0,
 "creation_time": "2007-06-06T19:20:02Z",
 "creator": "ralf.folkerts@gmx.de",
 "text": "Hi,\n\nfor quite a while my System keeps getting \"fxp0: device timeout\"s when\nI write to a USB Device (either Memory Stick or a CF-Card in a Card\nReader); this always happened when I was using X11 (I run KDE), listened\nto Music (with Amarok) either via a NFS-Share or WebRadio and then tried\nto write Data to a USB Stick. Even in the cases the Write succeeded the\nData on the Stick/CF was corrupted afterwards. When it \"stalls\" the USB\nWrite will not complete.\n\nI thought it might be a Locking Issue and built a new Kernel by copying\nGENERIC and then added\n\noptions WITNESS\noptions WITNESS_SKIPSPIN\n\nhowever, unfortunatly now Locking-Issues where output during the Problem.\n\nI also thought of a Hardware-Issue; however, when booting into Kubuntu\nthis (Listen to WebRadio with Amarok and then copy data to the USB Stick)\nworks fine (yeah, this is no proof it's not a HW-Problem but a least a\nclue that it's not).\n\nTo try I use a dd to copy from /dev/zero to the USB-Device:\n\nJun  6 19:23:24 flounder sudo:     ralf : TTY=ttyp1 ; PWD=/home/ralf ; USER=root\n ; COMMAND=/bin/dd if=/dev/zero of=/dev/da1 bs=16k\nJun  6 19:25:58 flounder kernel: nfs server freenas:/mnt/daten: not responding\nJun  6 19:26:29 flounder kernel: nfs server freenas:/mnt/daten: not responding\nJun  6 19:26:36 flounder kernel: fxp0: device timeout\nJun  6 19:27:00 flounder kernel: nfs server freenas:/mnt/daten: not responding\nJun  6 19:27:08 flounder kernel: fxp0: device timeout\nJun  6 19:27:28 flounder kernel: fxp0: device timeout\nJun  6 19:28:35 flounder shutdown: power-down by ralf:\nJun  6 19:28:41 flounder kernel: umass0: BBB reset failed, TIMEOUT\nJun  6 19:28:41 flounder kernel: fxp0: device timeout\n\n\nMy Hardware: A IBM Thinkpad A30p:\n\n[ralf@flounder ~]$ pciconf -vl\nagp0@pci0:0:0:  class=0x060000 card=0x021d1014 chip=0x35758086 rev=0x02 hdr=0x00\n    vendor     = 'Intel Corporation'\n    device     = '82830[MP] Host-Hub I/F Bridge / SDRAM Controller'\n    class      = bridge\n    subclass   = HOST-PCI\npcib1@pci0:1:0: class=0x060400 card=0x00000000 chip=0x35768086 rev=0x02 hdr=0x01\n    vendor     = 'Intel Corporation'\n    device     = '82830M/MP CPU to AGP Bridge'\n    class      = bridge\n    subclass   = PCI-PCI\nuhci0@pci0:29:0:        class=0x0c0300 card=0x02201014 chip=0x24828086 rev=0x01 hdr=0x00\n    vendor     = 'Intel Corporation'\n    device     = '82801CA/CAM (ICH3-S/ICH3-M) USB Controller'\n    class      = serial bus\n    subclass   = USB\nuhci1@pci0:29:1:        class=0x0c0300 card=0x02201014 chip=0x24848086 rev=0x01 hdr=0x00\n    vendor     = 'Intel Corporation'\n    device     = '82801CA/CAM (ICH3-S/ICH3-M) USB Controller'\n    class      = serial bus\n    subclass   = USB\nuhci2@pci0:29:2:        class=0x0c0300 card=0x02201014 chip=0x24878086 rev=0x01 hdr=0x00\n    vendor     = 'Intel Corporation'\n    device     = '82801CA/CAM (ICH3-S/ICH3-M) USB Controller'\n    class      = serial bus\n    subclass   = USB\npcib2@pci0:30:0:        class=0x060400 card=0x00000000 chip=0x24488086 rev=0x41 hdr=0x01\n    vendor     = 'Intel Corporation'\n    device     = '82801BAM/CAM/DBM (ICH2-M/3-M/4-M) Hub Interface to PCI Bridge'\n    class      = bridge\n    subclass   = PCI-PCI\nisab0@pci0:31:0:        class=0x060100 card=0x00000000 chip=0x248c8086 rev=0x01 hdr=0x00\n    vendor     = 'Intel Corporation'\n    device     = '82801CAM LPC Interface or ISA bridge: see Notes'\n    class      = bridge\n    subclass   = PCI-ISA\natapci0@pci0:31:1:      class=0x01018a card=0x02201014 chip=0x248a8086 rev=0x01 hdr=0x00\n    vendor     = 'Intel Corporation'\n    device     = '82801CAM (ICH3-M) UltraATA/100 EIDE Controller'\n    class      = mass storage\n    subclass   = ATA\nnone0@pci0:31:3:        class=0x0c0500 card=0x02201014 chip=0x24838086 rev=0x01 hdr=0x00\n    vendor     = 'Intel Corporation'\n    device     = '82801CA/CAM (ICH3-S/ICH3-M) SMBus Controller'\n    class      = serial bus\n    subclass   = SMBus\npcm0@pci0:31:5: class=0x040100 card=0x02221014 chip=0x24858086 rev=0x01 hdr=0x00\n    vendor     = 'Intel Corporation'\n    device     = '82801CA/CAM (ICH3-S/ICH3-M) AC'97 Audio Controller'\n    class      = multimedia\n    subclass   = audio\nnone1@pci0:31:6:        class=0x070300 card=0x02231014 chip=0x24868086 rev=0x01 hdr=0x00\n    vendor     = 'Intel Corporation'\n    device     = '82801CA/CAM (ICH3-S/ICH3-M) AC'97 Modem Controller'\n    class      = simple comms\n    subclass   = generic modem\ndrm0@pci1:0:0:  class=0x030000 card=0x02351014 chip=0x4c591002 rev=0x00 hdr=0x00\n    vendor     = 'ATI Technologies Inc'\n    device     = 'Mobility 6 Radeon Mobility M6 LY'\n    class      = display\n    subclass   = VGA\ncbb0@pci2:0:0:  class=0x060700 card=0x01841014 chip=0x04781180 rev=0xa0 hdr=0x02\n    vendor     = 'Ricoh Co Ltd'\n    device     = 'RL5c478 CardBus Controller'\n    class      = bridge\n    subclass   = PCI-CardBus\ncbb1@pci2:0:1:  class=0x060700 card=0x01841014 chip=0x04781180 rev=0xa0 hdr=0x02\n    vendor     = 'Ricoh Co Ltd'\n    device     = 'RL5c478 CardBus Controller'\n    class      = bridge\n    subclass   = PCI-CardBus\nfwohci0@pci2:0:2:       class=0x0c0010 card=0x01cf1014 chip=0x05221180 rev=0x00 hdr=0x00\n    vendor     = 'Ricoh Co Ltd'\n    class      = serial bus\n    subclass   = FireWire\nnone2@pci2:2:0: class=0x028000 card=0x27028086 chip=0x42208086 rev=0x05 hdr=0x00\n    vendor     = 'Intel Corporation'\n    device     = 'PRO/Wireless 2200BG Network Connection'\n    class      = network\nfxp0@pci2:8:0:  class=0x020000 card=0x02091014 chip=0x10318086 rev=0x41 hdr=0x00\n    vendor     = 'Intel Corporation'\n    device     = '82801CAM (ICH3) PRO/100 VE (LOM) Network Connection'\n    class      = network\n    subclass   = ethernet\n\n\nThe dmesg from the above Problem (taken immediately before shutdown; it doesn't contain the umass0-Message)\n[ralf@flounder ~]$ cat dmesg.out\nCopyright (c) 1992-2007 The FreeBSD Project.\nCopyright (c) 1979, 1980, 1983, 1986, 1988, 1989, 1991, 1992, 1993, 1994\n        The Regents of the University of California. All rights reserved.\nFreeBSD is a registered trademark of The FreeBSD Foundation.\nFreeBSD 6.2-STABLE #0: Tue Jun  5 19:53:29 CEST 2007\n    toor@flounder.home.folkerts-net.de:/usr/obj/usr/src/sys/FLOUNDER\nWARNING: WITNESS option enabled, expect reduced performance.\nTimecounter \"i8254\" frequency 1193182 Hz quality 0\nCPU: Intel(R) Pentium(R) III Mobile CPU      1200MHz (1198.99-MHz 686-class CPU)\n  Origin = \"GenuineIntel\"  Id = 0x6b1  Stepping = 1\n  Features=0x383f9ff\u003cFPU,VME,DE,PSE,TSC,MSR,PAE,MCE,CX8,SEP,MTRR,PGE,MCA,CMOV,PAT,PSE36,MMX,FXSR,SSE\u003e\nreal memory  = 670498816 (639 MB)\navail memory = 642613248 (612 MB)\nwlan: mac acl policy registered\nkbd1 at kbdmux0\nath_hal: 0.9.20.3 (AR5210, AR5211, AR5212, RF5111, RF5112, RF2413, RF5413)\nacpi0: \u003cIBM TP-1E\u003e on motherboard\nacpi_ec0: \u003cEmbedded Controller: GPE 0x1c, ECDT\u003e port 0x62,0x66 on acpi0\nacpi0: Power Button (fixed)\nTimecounter \"ACPI-fast\" frequency 3579545 Hz quality 1000\nacpi_timer0: \u003c24-bit timer at 3.579545MHz\u003e port 0x1008-0x100b on acpi0\ncpu0: \u003cACPI CPU\u003e on acpi0\nacpi_perf0: \u003cACPI CPU Frequency Control\u003e on cpu0\nacpi_lid0: \u003cControl Method Lid Switch\u003e on acpi0\nacpi_button0: \u003cSleep Button\u003e on acpi0\npcib0: \u003cACPI Host-PCI bridge\u003e port 0xcf8-0xcff on acpi0\npci0: \u003cACPI PCI bus\u003e on pcib0\nagp0: \u003cIntel 82830 host to AGP bridge\u003e mem 0xd0000000-0xdfffffff at device 0.0 on pci0\npcib1: \u003cACPI PCI-PCI bridge\u003e at device 1.0 on pci0\npci1: \u003cACPI PCI bus\u003e on pcib1\npci1: \u003cdisplay, VGA\u003e at device 0.0 (no driver attached)\nuhci0: \u003cIntel 82801CA/CAM (ICH3) USB controller USB-A\u003e port 0x1800-0x181f irq 3 at device 29.0 on pci0\nuhci0: [GIANT-LOCKED]\nusb0: \u003cIntel 82801CA/CAM (ICH3) USB controller USB-A\u003e on uhci0\nusb0: USB revision 1.0\nuhub0: Intel UHCI root hub, class 9/0, rev 1.00/1.00, addr 1\nuhub0: 2 ports with 2 removable, self powered\nuhci1: \u003cIntel 82801CA/CAM (ICH3) USB controller USB-B\u003e port 0x1820-0x183f irq 7 at device 29.1 on pci0\nuhci1: [GIANT-LOCKED]\nusb1: \u003cIntel 82801CA/CAM (ICH3) USB controller USB-B\u003e on uhci1\nusb1: USB revision 1.0\nuhub1: Intel UHCI root hub, class 9/0, rev 1.00/1.00, addr 1\nuhub1: 2 ports with 2 removable, self powered\nuhci2: \u003cIntel 82801CA/CAM (ICH3) USB controller USB-C\u003e port 0x1840-0x185f irq 5 at device 29.2 on pci0\nuhci2: [GIANT-LOCKED]\nusb2: \u003cIntel 82801CA/CAM (ICH3) USB controller USB-C\u003e on uhci2\nusb2: USB revision 1.0\nuhub2: Intel UHCI root hub, class 9/0, rev 1.00/1.00, addr 1\nuhub2: 2 ports with 2 removable, self powered\npcib2: \u003cACPI PCI-PCI bridge\u003e at device 30.0 on pci0\npci2: \u003cACPI PCI bus\u003e on pcib2\ncbb0: \u003cRF5C478 PCI-CardBus Bridge\u003e mem 0x50000000-0x50000fff irq 3 at device 0.0 on pci2\ncardbus0: \u003cCardBus bus\u003e on cbb0\npccard0: \u003c16-bit PCCard bus\u003e on cbb0\ncbb1: \u003cRF5C478 PCI-CardBus Bridge\u003e mem 0x50100000-0x50100fff irq 5 at device 0.1 on pci2\ncardbus1: \u003cCardBus bus\u003e on cbb1\npccard1: \u003c16-bit PCCard bus\u003e on cbb1\nfwohci0: \u003c1394 Open Host Controller Interface\u003e mem 0xc0202000-0xc02027ff irq 5 at device 0.2 on pci2\nfwohci0: OHCI version 1.0 (ROM=0)\nfwohci0: No. of Isochronous channels is 4.\nfwohci0: EUI64 00:06:1b:02:01:00:39:88\nfwohci0: Phy 1394a available S400, 2 ports.\nfwohci0: Link S400, max_rec 2048 bytes.\nfirewire0: \u003cIEEE1394(FireWire) bus\u003e on fwohci0\nfwe0: \u003cEthernet over FireWire\u003e on firewire0\nif_fwe0: Fake Ethernet address: 02:06:1b:00:39:88\nfwe0: Ethernet address: 02:06:1b:00:39:88\nfwe0: if_start running deferred for Giant\nsbp0: \u003cSBP-2/SCSI over FireWire\u003e on firewire0\nfwohci0: Initiate bus reset\nfwohci0: BUS reset\nfwohci0: node_id=0xc800ffc0, gen=1, CYCLEMASTER mode\nfirewire0: 1 nodes, maxhop \u003c= 0, cable IRM = 0 (me)\nfirewire0: bus manager 0 (me)\npci2: \u003cnetwork\u003e at device 2.0 (no driver attached)\nfxp0: \u003cIntel 82801CAM (ICH3) Pro/100 VE Ethernet\u003e port 0x8000-0x803f mem 0xc0201000-0xc0201fff irq 7 at device 8.0 on pci2\nmiibus0: \u003cMII bus\u003e on fxp0\ninphy0: \u003ci82562ET 10/100 media interface\u003e on miibus0\ninphy0:  10baseT, 10baseT-FDX, 100baseTX, 100baseTX-FDX, auto\nfxp0: Ethernet address: 00:d0:59:b6:5d:4a\nisab0: \u003cPCI-ISA bridge\u003e at device 31.0 on pci0\nisa0: \u003cISA bus\u003e on isab0\natapci0: \u003cIntel ICH3 UDMA100 controller\u003e port 0x1f0-0x1f7,0x3f6,0x170-0x177,0x376,0x1860-0x186f at device 31.1 on pci0\nata0: \u003cATA channel 0\u003e on atapci0\nata1: \u003cATA channel 1\u003e on atapci0\npci0: \u003cserial bus, SMBus\u003e at device 31.3 (no driver attached)\npcm0: \u003cIntel ICH3 (82801CA)\u003e port 0x1c00-0x1cff,0x18c0-0x18ff irq 5 at device 31.5 on pci0\npcm0: \u003cCirrus Logic CS4299 AC97 Codec\u003e\npci0: \u003csimple comms, generic modem\u003e at device 31.6 (no driver attached)\nacpi_tz0: \u003cThermal Zone\u003e on acpi0\natkbdc0: \u003cKeyboard controller (i8042)\u003e port 0x60,0x64 irq 1 on acpi0\natkbd0: \u003cAT Keyboard\u003e irq 1 on atkbdc0\nkbd0 at atkbd0\natkbd0: [GIANT-LOCKED]\npsm0: \u003cPS/2 Mouse\u003e irq 12 on atkbdc0\npsm0: [GIANT-LOCKED]\npsm0: model Generic PS/2 mouse, device ID 0\nfdc0: \u003cfloppy drive controller (FDE)\u003e port 0x3f0-0x3f5,0x3f7 irq 6 drq 2 on acpi0\nfdc0: [FAST]\nsio0: \u003c16550A-compatible COM port\u003e port 0x3f8-0x3ff irq 4 flags 0x10 on acpi0\nsio0: type 16550A\nsio1: configured irq 3 not in bitmap of probed irqs 0\nsio1: port may not be enabled\nbattery0: \u003cACPI Control Method Battery\u003e on acpi0\nacpi_acad0: \u003cAC Adapter\u003e on acpi0\nacpi_ibm0: \u003cIBM ThinkPad ACPI Extras\u003e on acpi0\nsio1: configured irq 3 not in bitmap of probed irqs 0\nsio1: port may not be enabled\npmtimer0 on isa0\norm0: \u003cISA Option ROMs\u003e at iomem 0xc0000-0xcffff,0xdc000-0xdffff,0xe0000-0xeffff on isa0\nppc0: parallel port not found.\nsc0: \u003cSystem console\u003e at flags 0x100 on isa0\nsc0: VGA \u003c16 virtual consoles, flags=0x300\u003e\nsio1: configured irq 3 not in bitmap of probed irqs 0\nsio1: port may not be enabled\nvga0: \u003cGeneric ISA VGA\u003e at port 0x3c0-0x3df iomem 0xa0000-0xbffff on isa0\nTimecounter \"TSC\" frequency 1198985563 Hz quality 800\nTimecounters tick every 1.000 msec\nad0: 38204MB \u003cSAMSUNG MP0402H UC100-14\u003e at ata0-master UDMA100\nacd0: DVDROM \u003cHITACHI DVD-ROM GD-S200/0035\u003e at ata0-slave UDMA33\nad2: 38154MB \u003cFUJITSU MHV2040AH 00000096\u003e at ata1-master UDMA100\nTrying to mount root from ufs:/dev/ad0s1a\ndrm0: \u003cATI Radeon LY RV100 Mobility M6\u003e port 0x3000-0x30ff mem 0xe0000000-0xe7ffffff,0xc0100000-0xc010ffff irq 3 at device 0.0 on pci1\ninfo: [drm] AGP at 0xd0000000 256MB\ninfo: [drm] Initialized radeon 1.25.0 20060524\ninfo: [drm] Setting GART location based on new memory map\ninfo: [drm] writeback test succeeded in 1 usecs\numass0: Generic Mass Storage Device, rev 2.00/1.10, addr 2\nda0 at umass-sim0 bus 0 target 0 lun 0\nda0: \u003cGeneric USB SD Reader 1.00\u003e Removable Direct Access SCSI-0 device\nda0: 1.000MB/s transfers\nda0: Attempt to query device size failed: NOT READY, Medium not present\nda1 at umass-sim0 bus 0 target 0 lun 1\nda1: \u003cGeneric USB CF Reader 1.01\u003e Removable Direct Access SCSI-0 device\nda1: 1.000MB/s transfers\nda1: Attempt to query device size failed: NOT READY, Medium not present\nda2 at umass-sim0 bus 0 target 0 lun 2\nda2: \u003cGeneric USB SM Reader 1.02\u003e Removable Direct Access SCSI-0 device\nda2: 1.000MB/s transfers\nda2: Attempt to query device size failed: NOT READY, Medium not present\nda3 at umass-sim0 bus 0 target 0 lun 3\nda3: \u003cGeneric USB MS Reader 1.03\u003e Removable Direct Access SCSI-0 device\nda3: 1.000MB/s transfers\nda3: Attempt to query device size failed: NOT READY, Medium not present\ninfo: [drm] Setting GART location based on new memory map\ninfo: [drm] writeback test succeeded in 1 usecs\nnfs server freenas:/mnt/daten: not responding\nnfs server freenas:/mnt/daten: not responding\nfxp0: device timeout\nnfs server freenas:/mnt/daten: not responding\nfxp0: device timeout\nfxp0: device timeout\n\nI searched the \"stable\"-ML and also the PRs but didn't find anything that\nsounded similar.\n\nIf I can provide more Info pls. let me know!\n\nSorry and thanks for any advice!\n_ralf_\n\nHow-To-Repeat: - Start X and start listen to Music via WebRadio or NFS-Share (I always\n  tried Amarok (I tried once running this test, which guranteed causes\n  this problem when run as mentioned, from the CL - that time the dd\n  returned normally and Network still worked)\n\n- Then insert USB Stick or USB Card Reader and CF card and write to it;\n  my \"original\" case was the m0n0wall Image; hoever, to reproduce I used\n  dd if=/dev/zero of=/dev/da1 bs=16k."
}