{
 "id": 425167,
 "bug_id": 119530,
 "attachment_id": 0,
 "creation_time": "2008-01-11T10:23:10Z",
 "creator": "sebastien.petit@kewego.com",
 "text": "Hi,\n\nJust a follow up on this problem:\nI've patch some of my servers (with the patch attached to PR) and this \nmorning, the race condition appears:\n\n[spe@proxy2 ~]$ dmesg\nCopyright (c) 1992-2007 The FreeBSD Project.\nCopyright (c) 1979, 1980, 1983, 1986, 1988, 1989, 1991, 1992, 1993, 1994\n        The Regents of the University of California. All rights reserved.\nFreeBSD is a registered trademark of The FreeBSD Foundation.\nFreeBSD 6.3-PRERELEASE #1: Thu Jan 10 12:54:22 CET 2008\n    root@build0.XXXXXXXXX:/usr/src/sys/i386/compile/PE2950-i386\nTimecounter \"i8254\" frequency 1193182 Hz quality 0\nCPU: Intel(R) Xeon(R) CPU            5130  @ 2.00GHz (1997.02-MHz \n686-class CPU)\n  Origin = \"GenuineIntel\"  Id = 0x6f6  Stepping = 6\n  \nFeatures=0xbfebfbff\u003cFPU,VME,DE,PSE,TSC,MSR,PAE,MCE,CX8,APIC,SEP,MTRR,PGE,MCA,CMOV,PAT,PSE36,CLFLUSH,DTS,ACPI,MMX,FXSR,SSE,SSE2,SS,HTT,TM,PBE\u003e\n  Features2=0x4e33d\u003cSSE3,RSVD2,MON,DS_CPL,VMX,TM2,SSSE3,CX16,xTPR,PDCM,DCA\u003e\n  AMD Features=0x20100000\u003cNX,LM\u003e\n  AMD Features2=0x1\u003cLAHF\u003e\n  Cores per package: 2\nreal memory  = 3489300480 (3327 MB)\navail memory = 3414556672 (3256 MB)\nACPI APIC Table: \u003cDELL   PE_SC3  \u003e\nFreeBSD/SMP: Multiprocessor System Detected: 4 CPUs\n cpu0 (BSP): APIC ID:  0\n cpu1 (AP): APIC ID:  1\n cpu2 (AP): APIC ID:  6\n cpu3 (AP): APIC ID:  7\nioapic0: Changing APIC ID to 8\nioapic1: Changing APIC ID to 9\nioapic0 \u003cVersion 2.0\u003e irqs 0-23 on motherboard\nioapic1 \u003cVersion 2.0\u003e irqs 64-87 on motherboard\nkbd1 at kbdmux0\nacpi0: \u003cDELL PE_SC3\u003e on motherboard\nacpi0: Power Button (fixed)\nTimecounter \"ACPI-fast\" frequency 3579545 Hz quality 1000\nacpi_timer0: \u003c24-bit timer at 3.579545MHz\u003e port 0x808-0x80b on acpi0\nacpi_hpet0: \u003cHigh Precision Event Timer\u003e iomem 0xfed00000-0xfed003ff on \nacpi0\nTimecounter \"HPET\" frequency 14318180 Hz quality 900\ncpu0: \u003cACPI CPU\u003e on acpi0\ncpu1: \u003cACPI CPU\u003e on acpi0\ncpu2: \u003cACPI CPU\u003e on acpi0\ncpu3: \u003cACPI CPU\u003e on acpi0\npcib0: \u003cACPI Host-PCI bridge\u003e port 0xcf8-0xcff on acpi0\npci0: \u003cACPI PCI bus\u003e on pcib0\npcib1: \u003cACPI PCI-PCI bridge\u003e at device 2.0 on pci0\npci6: \u003cACPI PCI bus\u003e on pcib1\npcib2: \u003cACPI PCI-PCI bridge\u003e at device 0.0 on pci6\npci7: \u003cACPI PCI bus\u003e on pcib2\npcib3: \u003cACPI PCI-PCI bridge\u003e at device 0.0 on pci7\npci8: \u003cACPI PCI bus\u003e on pcib3\npcib4: \u003cPCI-PCI bridge\u003e at device 0.0 on pci8\npci9: \u003cPCI bus\u003e on pcib4\nbce0: \u003cBroadcom NetXtreme II BCM5708 1000Base-T (B2)\u003e mem \n0xf4000000-0xf5ffffff irq 16 at device 0.0 on pci9\nmiibus0: \u003cMII bus\u003e on bce0\nbrgphy0: \u003cBCM5708C 10/100/1000baseTX PHY\u003e on miibus0\nbrgphy0:  10baseT, 10baseT-FDX, 100baseTX, 100baseTX-FDX, 1000baseT, \n1000baseT-FDX, auto\nbce0: Ethernet address: 00:18:8b:87:be:59\nbce0: ASIC (0x57081020); Rev (B2); Bus (PCI-X, 64-bit, 133MHz); F/W \n(0x02090105); Flags( MFW )\npcib5: \u003cACPI PCI-PCI bridge\u003e at device 1.0 on pci7\npci10: \u003cACPI PCI bus\u003e on pcib5\npcib6: \u003cPCI-PCI bridge\u003e at device 0.3 on pci6\npci11: \u003cPCI bus\u003e on pcib6\npcib7: \u003cACPI PCI-PCI bridge\u003e at device 3.0 on pci0\npci1: \u003cACPI PCI bus\u003e on pcib7\npcib8: \u003cACPI PCI-PCI bridge\u003e at device 0.0 on pci1\npci2: \u003cACPI PCI bus\u003e on pcib8\nmfi0: \u003cDell PERC 5/i\u003e mem 0xd80f0000-0xd80fffff,0xfc4e0000-0xfc4fffff \nirq 78 at device 14.0 on pci2\nmfi0: Megaraid SAS driver Ver 2.00\nmfi0: 5087 (253310051s/0x0020/0) - Shutdown command received from host\nmfi0: 5088 (4278190080s/0x0020/0) - PCI 0x041028 0x0415 0x041028 \n0x041f03: Firmware initialization started (PCI ID 0015/1028/1f03/1028)\nmfi0: 5089 (4278190080s/0x0020/0) - Type 18: Firmware version 1.00.02-0157\nmfi0: 5090 (4278190100s/0x0008/0) - Battery Present\nmfi0: 5091 (4278190128s/0x0004/0) - PD 08(e1/s255) event: Enclosure \n(SES) discovered on PD 08(e1/s255)\nmfi0: 5092 (4278190128s/0x0002/0) - PD 08(e1/s255) event: Inserted: PD \n08(e1/s255)\nmfi0: 5093 (4278190128s/0x0002/0) - Type 29: Inserted: PD 08(e1/s255) \nInfo: enclPd=08, scsiType=d, portMap=00, \nsasAddr=500180b04c8e2500,0000000000000000\nmfi0: 5094 (4278190128s/0x0002/0) - PD 00(e0/s0) event: Inserted: PD \n00(e0/s0)\nmfi0: 5095 (4278190128s/0x0002/0) - Type 29: Inserted: PD 00(e0/s0) \nInfo: enclPd=ffff, scsiType=0, portMap=01, \nsasAddr=5000c50001652599,0000000000000000\nmfi0: 5096 (4278190128s/0x0002/0) - PD 01(e1/s1) event: Inserted: PD \n01(e1/s1)\nmfi0: 5097 (4278190128s/0x0002/0) - Type 29: Inserted: PD 01(e1/s1) \nInfo: enclPd=08, scsiType=0, portMap=02, \nsasAddr=5000c50001652509,0000000000000000\nmfi0: 5098 (4278190128s/0x0002/0) - PD 02(e1/s2) event: Inserted: PD \n02(e1/s2)\nmfi0: 5099 (4278190128s/0x0002/0) - Type 29: Inserted: PD 02(e1/s2) \nInfo: enclPd=08, scsiType=0, portMap=04, \nsasAddr=5000c500016521f9,0000000000000000\nmfi0: 5100 (4278190128s/0x0002/0) - PD 03(e1/s3) event: Inserted: PD \n03(e1/s3)\nmfi0: 5101 (4278190128s/0x0002/0) - Type 29: Inserted: PD 03(e1/s3) \nInfo: enclPd=08, scsiType=0, portMap=08, \nsasAddr=5000c50001652495,0000000000000000\nmfi0: 5102 (4278190128s/0x0002/0) - PD 04(e1/s4) event: Inserted: PD \n04(e1/s4)\nmfi0: 5103 (4278190128s/0x0002/0) - Type 29: Inserted: PD 04(e1/s4) \nInfo: enclPd=08, scsiType=0, portMap=10, \nsasAddr=5000c50001651915,0000000000000000\nmfi0: 5104 (4278190128s/0x0002/0) - PD 05(e1/s5) event: Inserted: PD \n05(e1/s5)\nmfi0: 5105 (4278190128s/0x0002/0) - Type 29: Inserted: PD 05(e1/s5) \nInfo: enclPd=08, scsiType=0, portMap=20, \nsasAddr=5000c50001652afd,0000000000000000\nmfi0: 5106 (253311286s/0x0020/0) - Adapter ticks 253311286 elapsed 49s: \nTime established as 01/10/08 20:14:46; (49 seconds since power on)\npcib9: \u003cPCI-PCI bridge\u003e at device 0.2 on pci1\npci3: \u003cPCI bus\u003e on pcib9\npcib10: \u003cACPI PCI-PCI bridge\u003e at device 4.0 on pci0\npci12: \u003cACPI PCI bus\u003e on pcib10\npcib11: \u003cPCI-PCI bridge\u003e at device 5.0 on pci0\npci13: \u003cPCI bus\u003e on pcib11\npcib12: \u003cACPI PCI-PCI bridge\u003e at device 6.0 on pci0\npci14: \u003cACPI PCI bus\u003e on pcib12\npcib13: \u003cPCI-PCI bridge\u003e at device 7.0 on pci0\npci15: \u003cPCI bus\u003e on pcib13\npcib14: \u003cACPI PCI-PCI bridge\u003e at device 28.0 on pci0\npci4: \u003cACPI PCI bus\u003e on pcib14\npcib15: \u003cPCI-PCI bridge\u003e at device 0.0 on pci4\npci5: \u003cPCI bus\u003e on pcib15\nbce1: \u003cBroadcom NetXtreme II BCM5708 1000Base-T (B2)\u003e mem \n0xf8000000-0xf9ffffff irq 16 at device 0.0 on pci5\nmiibus1: \u003cMII bus\u003e on bce1\nbrgphy1: \u003cBCM5708C 10/100/1000baseTX PHY\u003e on miibus1\nbrgphy1:  10baseT, 10baseT-FDX, 100baseTX, 100baseTX-FDX, 1000baseT, \n1000baseT-FDX, auto\nbce1: Ethernet address: 00:18:8b:87:be:57\nbce1: ASIC (0x57081020); Rev (B2); Bus (PCI-X, 64-bit, 133MHz); F/W \n(0x02090105); Flags( MFW )\nuhci0: \u003cUHCI (generic) USB controller\u003e port 0xdce0-0xdcff irq 21 at \ndevice 29.0 on pci0\nuhci0: [GIANT-LOCKED]\nusb0: \u003cUHCI (generic) USB controller\u003e on uhci0\nusb0: USB revision 1.0\nuhub0: Intel UHCI root hub, class 9/0, rev 1.00/1.00, addr 1\nuhub0: 2 ports with 2 removable, self powered\nuhci1: \u003cUHCI (generic) USB controller\u003e port 0xdcc0-0xdcdf irq 20 at \ndevice 29.1 on pci0\nuhci1: [GIANT-LOCKED]\nusb1: \u003cUHCI (generic) USB controller\u003e on uhci1\nusb1: USB revision 1.0\nuhub1: Intel UHCI root hub, class 9/0, rev 1.00/1.00, addr 1\nuhub1: 2 ports with 2 removable, self powered\nuhci2: \u003cUHCI (generic) USB controller\u003e port 0xdca0-0xdcbf irq 21 at \ndevice 29.2 on pci0\nuhci2: [GIANT-LOCKED]\nusb2: \u003cUHCI (generic) USB controller\u003e on uhci2\nusb2: USB revision 1.0\nuhub2: Intel UHCI root hub, class 9/0, rev 1.00/1.00, addr 1\nuhub2: 2 ports with 2 removable, self powered\nehci0: \u003cEHCI (generic) USB 2.0 controller\u003e mem 0xfc600400-0xfc6007ff irq \n21 at device 29.7 on pci0\nehci0: [GIANT-LOCKED]\nusb3: EHCI version 1.0\nusb3: companion controllers, 2 ports each: usb0 usb1 usb2\nusb3: \u003cEHCI (generic) USB 2.0 controller\u003e on ehci0\nusb3: USB revision 2.0\nuhub3: Intel EHCI root hub, class 9/0, rev 2.00/1.00, addr 1\nuhub3: 6 ports with 6 removable, self powered\nuhub4: vendor 0x413c product 0xa001, class 9/0, rev 2.00/0.00, addr 2\nuhub4: multiple transaction translators\nuhub4: 2 ports with 2 removable, self powered\nukbd0: Dell DRAC5, rev 1.10/0.00, addr 3, iclass 3/1\nkbd2 at ukbd0\nums0: Dell DRAC5, rev 1.10/0.00, addr 3, iclass 3/1\nums0: X report 0x0002 not supported\ndevice_attach: ums0 attach returned 6\numass0: DELL  INC. DRAC5 VIRTUAL  MEDIA, rev 2.00/0.00, addr 4\numass1: DELL  INC. DRAC5 VIRTUAL  MEDIA, rev 2.00/0.00, addr 4\nuhub5: vendor 0x04b4 product 0x6560, class 9/0, rev 2.00/0.0b, addr 5\nuhub5: multiple transaction translators\nuhub5: 4 ports with 4 removable, self powered\npcib16: \u003cACPI PCI-PCI bridge\u003e at device 30.0 on pci0\npci16: \u003cACPI PCI bus\u003e on pcib16\npci16: \u003cdisplay, VGA\u003e at device 13.0 (no driver attached)\nisab0: \u003cPCI-ISA bridge\u003e at device 31.0 on pci0\nisa0: \u003cISA bus\u003e on isab0\natapci0: \u003cIntel 63XXESB2 UDMA100 controller\u003e port \n0x1f0-0x1f7,0x3f6,0x170-0x177,0x376,0xfc00-0xfc0f at device 31.1 on pci0\nata0: \u003cATA channel 0\u003e on atapci0\nata1: \u003cATA channel 1\u003e on atapci0\nfdc0: \u003cfloppy drive controller\u003e port 0x3f0-0x3f5,0x3f7 irq 6 drq 2 on acpi0\nfdc0: does not respond\ndevice_attach: fdc0 attach returned 6\nfdc0: \u003cfloppy drive controller\u003e port 0x3f0-0x3f5,0x3f7 irq 6 drq 2 on acpi0\nfdc0: does not respond\ndevice_attach: fdc0 attach returned 6\norm0: \u003cISA Option ROMs\u003e at iomem \n0xc0000-0xc8fff,0xc9000-0xc9fff,0xca000-0xcb7ff,0xec000-0xeffff on isa0\natkbdc0: \u003cKeyboard controller (i8042)\u003e at port 0x60,0x64 on isa0\natkbd0: \u003cAT Keyboard\u003e irq 1 on atkbdc0\nkbd0 at atkbd0\natkbd0: [GIANT-LOCKED]\nsc0: \u003cSystem console\u003e at flags 0x100 on isa0\nsc0: VGA \u003c16 virtual consoles, flags=0x300\u003e\nvga0: \u003cGeneric ISA VGA\u003e at port 0x3c0-0x3df iomem 0xa0000-0xbffff on isa0\nTimecounters tick every 1.000 msec\nacd0: CDROM \u003cHL-DT-ST GCR-8240N/1.10\u003e at ata0-master UDMA33\nmfi0: 5107 (253311342s/0x0008/0) - Battery temperature is normal\nmfi0: 5108 (253311342s/0x0008/0) - Current capacity of the battery is \nabove threshold\nmfid0: \u003cMFI Logical Disk\u003e on mfi0\nmfid0: 1427840MB (2924216320 sectors) RAID volume '' is optimal\nSMP: AP CPU #1 Launched!\nSMP: AP CPU #2 Launched!\nSMP: AP CPU #3 Launched!\nda0 at umass-sim1 bus 1 target 0 lun 0\nda0: \u003cDell Virtual  Floppy 123\u003e Removable Direct Access SCSI-0 device\nda0: 40.000MB/s transfers\nda0: Attempt to query device size failed: NOT READY, Medium not present\ncd0 at umass-sim0 bus 0 target 0 lun 0\ncd0: \u003cDell Virtual  CDROM 123\u003e Removable CD-ROM SCSI-0 device\ncd0: 40.000MB/s transfers\ncd0: Attempt to query device size failed: NOT READY, Medium not present\nTrying to mount root from ufs:/dev/mfid0s1a\nbce0: link state changed to UP\nwarning: calloutp is already freed, aborting\n\nNo kernel crash with the patch, because we don't transmit the NULL \nstruct calloutp * to callout_reset and just return.\nCan you please check that and confirm my observations ?\n\nThank you,\nRegards,\nSebastien Petit\n-- \nsebastien.petit@kewego.com"
}