{
 "id": 437687,
 "bug_id": 122086,
 "attachment_id": 0,
 "creation_time": "2008-03-25T19:00:02Z",
 "creator": "ld.31@mail.ru",
 "text": "sound driver loaded - but no sound \n\nIn 6.1 sound driver and dsp is working, but in 6.3 - regression :(\n\n\npcm0: ac97 codec invalid or not present (id == ffffffff)\n\n\ndmesg\n---\nMar 24 17:59:50 pas newsyslog[427]: logfile first created\nMar 24 17:59:51 pas syslogd: kernel boot file is /boot/kernel/kernel\nMar 24 17:59:51 pas kernel: Copyright (c) 1992-2008 The FreeBSD Project.\nMar 24 17:59:51 pas kernel: Copyright (c) 1979, 1980, 1983, 1986, 1988, 1989, 1991, 1992, 1993, 1994\nMar 24 17:59:51 pas kernel: The Regents of the University of California. All rights reserved.\nMar 24 17:59:51 pas kernel: FreeBSD is a registered trademark of The FreeBSD Foundation.\nMar 24 17:59:51 pas kernel: FreeBSD 6.3-STABLE #7: Mon Mar 24 19:10:11 EET 2008\nMar 24 17:59:51 pas kernel: devil@lucky.:/usr/obj/usr/src/sys/diskless\nMar 24 17:59:51 pas kernel: module_register: module pci/ichss_pci already exists!\nMar 24 17:59:51 pas kernel: Module pci/ichss_pci failed to register: 17\nMar 24 17:59:51 pas kernel: module_register: module cpu/ichss already exists!\nMar 24 17:59:51 pas kernel: Module cpu/ichss failed to register: 17\nMar 24 17:59:51 pas kernel: module_register: module cpu/est already exists!\nMar 24 17:59:51 pas kernel: Module cpu/est failed to register: 17\nMar 24 17:59:51 pas kernel: module_register: module cpu/p4tcc already exists!\nMar 24 17:59:51 pas kernel: Module cpu/p4tcc failed to register: 17\nMar 24 17:59:51 pas kernel: module_register: module cpu/powernow already exists!\nMar 24 17:59:51 pas kernel: Module cpu/powernow failed to register: 17\nMar 24 17:59:51 pas kernel: module_register: module cpu/smist already exists!\nMar 24 17:59:51 pas kernel: Module cpu/smist failed to register: 17\nMar 24 17:59:51 pas kernel: Timecounter \"i8254\" frequency 1193182 Hz quality 0\nMar 24 17:59:51 pas kernel: CPU: Intel Pentium III (135.18-MHz 686-class CPU)\nMar 24 17:59:51 pas kernel: Origin = \"GenuineIntel\"  Id = 0x681  Stepping = 1\nMar 24 17:59:51 pas kernel: Features=0x387f9ff\u003cFPU,VME,DE,PSE,TSC,MSR,PAE,MCE,CX8,SEP,MTRR,PGE,MCA,CMOV,PAT,PSE36,PN,MMX,FXSR,SSE\u003e\nMar 24 17:59:51 pas kernel: real memory  = 268283904 (255 MB)\nMar 24 17:59:51 pas kernel: avail memory = 252772352 (241 MB)\nMar 24 17:59:51 pas kernel: netsmb_dev: loaded\nMar 24 17:59:51 pas kernel: ichwd module loaded\nMar 24 17:59:51 pas kernel: acpi0: \u003cDELL CPi R  \u003e on motherboard\nMar 24 17:59:51 pas kernel: Timecounter \"ACPI-safe\" frequency 3579545 Hz quality 850\nMar 24 17:59:51 pas kernel: acpi_timer0: \u003c24-bit timer at 3.579545MHz\u003e port 0x808-0x80b on acpi0\nMar 24 17:59:51 pas kernel: cpu0: \u003cACPI CPU\u003e on acpi0\nMar 24 17:59:51 pas kernel: acpi_acad0: \u003cAC Adapter\u003e on acpi0\nMar 24 17:59:51 pas kernel: battery0: \u003cACPI Control Method Battery\u003e on acpi0\nMar 24 17:59:51 pas kernel: battery1: \u003cACPI Control Method Battery\u003e on acpi0\nMar 24 17:59:51 pas kernel: acpi_lid0: \u003cControl Method Lid Switch\u003e on acpi0\nMar 24 17:59:51 pas kernel: acpi_button0: \u003cPower Button\u003e on acpi0\nMar 24 17:59:51 pas kernel: acpi_button1: \u003cSleep Button\u003e on acpi0\nMar 24 17:59:51 pas kernel: pcib0: \u003cACPI Host-PCI bridge\u003e port 0xcf8-0xcff on acpi0\nMar 24 17:59:51 pas kernel: pci0: \u003cACPI PCI bus\u003e on pcib0\nMar 24 17:59:51 pas kernel: agp0: \u003cIntel 82443BX (440 BX) host to PCI bridge\u003e mem 0xf4000000-0xf7ffffff at device 0.0 on pci0\nMar 24 17:59:51 pas kernel: pcib1: \u003cACPI PCI-PCI bridge\u003e at device 1.0 on pci0\nMar 24 17:59:51 pas kernel: pci1: \u003cACPI PCI bus\u003e on pcib1\nMar 24 17:59:51 pas kernel: acpi_video0: \u003cACPI video extension\u003e port 0xec00-0xecff mem 0xfd000000-0xfdffffff,0xfcfff000-0xfcffffff irq 11 at device 0.0 on pci1\nMar 24 17:59:51 pas kernel: cbb0: \u003cTI1225 PCI-CardBus Bridge\u003e at device 3.0 on pci0\nMar 24 17:59:51 pas kernel: cardbus0: \u003cCardBus bus\u003e on cbb0\nMar 24 17:59:51 pas kernel: pccard0: \u003c16-bit PCCard bus\u003e on cbb0\nMar 24 17:59:51 pas kernel: cbb1: \u003cTI1225 PCI-CardBus Bridge\u003e at device 3.1 on pci0\nMar 24 17:59:51 pas kernel: cardbus1: \u003cCardBus bus\u003e on cbb1\nMar 24 17:59:51 pas kernel: pccard1: \u003c16-bit PCCard bus\u003e on cbb1\nMar 24 17:59:51 pas kernel: isab0: \u003cPCI-ISA bridge\u003e at device 7.0 on pci0\nMar 24 17:59:51 pas kernel: isa0: \u003cISA bus\u003e on isab0\nMar 24 17:59:51 pas kernel: atapci0: \u003cIntel PIIX4 UDMA33 controller\u003e port 0x1f0-0x1f7,0x3f6,0x170-0x177,0x376,0x860-0x86f at device 7.1 on pci0\nMar 24 17:59:51 pas kernel: ata0: \u003cATA channel 0\u003e on atapci0\nMar 24 17:59:51 pas kernel: ata1: \u003cATA channel 1\u003e on atapci0\nMar 24 17:59:51 pas kernel: uhci0: \u003cIntel 82371AB/EB (PIIX4) USB controller\u003e port 0xdce0-0xdcff irq 11 at device 7.2 on pci0\nMar 24 17:59:51 pas kernel: uhci0: [GIANT-LOCKED]\nMar 24 17:59:51 pas kernel: usb0: \u003cIntel 82371AB/EB (PIIX4) USB controller\u003e on uhci0\nMar 24 17:59:51 pas kernel: usb0: USB revision 1.0\nMar 24 17:59:51 pas kernel: uhub0: Intel UHCI root hub, class 9/0, rev 1.00/1.00, addr 1\nMar 24 17:59:51 pas kernel: uhub0: 2 ports with 2 removable, self powered\nMar 24 17:59:51 pas kernel: intpm0: \u003cIntel 82371AB Power management controller\u003e port 0x840-0x84f irq 9 at device 7.3 on pci0\nMar 24 17:59:51 pas kernel: intpm0: I/O mapped 840\nMar 24 17:59:51 pas kernel: intpm0: intr IRQ 9 enabled revision 0\nMar 24 17:59:51 pas kernel: intpm0: [GIANT-LOCKED]\nMar 24 17:59:51 pas kernel: intsmb0: \u003cIntel PIIX4 SMBUS Interface\u003e on intpm0\nMar 24 17:59:51 pas kernel: smbus1: \u003cSystem Management Bus\u003e on intsmb0\nMar 24 17:59:51 pas kernel: smb0: \u003cSMBus generic I/O\u003e on smbus1\nMar 24 17:59:51 pas kernel: intpm0: PM I/O mapped 800 \nMar 24 17:59:51 pas kernel: pcm0: \u003cESS Technology Maestro-2E\u003e port 0xd800-0xd8ff irq 5 at device 8.0 on pci0\nMar 24 17:59:51 pas kernel: pcm0: agg_rdcodec() RW_DONE timed out.\nMar 24 17:59:51 pas kernel: pcm0: will perform cold reset.\nMar 24 17:59:51 pas kernel: pcm0: agg_rdcodec() RW_DONE timed out.\nMar 24 17:59:51 pas last message repeated 5 times\nMar 24 17:59:51 pas kernel: pcm0: ac97 codec invalid or not present (id == ffffffff)\nMar 24 17:59:51 pas kernel: pcm0: mixer initialization failed!\nMar 24 17:59:51 pas kernel: device_attach: pcm0 attach returned 6\nMar 24 17:59:51 pas kernel: acpi_tz0: \u003cThermal Zone\u003e on acpi0\nMar 24 17:59:51 pas kernel: atkbdc0: \u003cKeyboard controller (i8042)\u003e port 0x60,0x64 irq 1 on acpi0\nMar 24 17:59:51 pas kernel: atkbd0: \u003cAT Keyboard\u003e irq 1 on atkbdc0\nMar 24 17:59:51 pas kernel: atkbd0: [GIANT-LOCKED]\nMar 24 17:59:51 pas kernel: fdc0: \u003cfloppy drive controller (FDE)\u003e port 0x3f2-0x3f5,0x3f7 irq 6 drq 2 on acpi0\nMar 24 17:59:51 pas kernel: fdc0: [FAST]\nMar 24 17:59:51 pas kernel: sio0: \u003c16550A-compatible COM port\u003e port 0x3f8-0x3ff irq 4 flags 0x10 on acpi0\nMar 24 17:59:51 pas kernel: sio0: type 16550A\nMar 24 17:59:51 pas kernel: sio1 port 0x2f8-0x2ff,0x280-0x287 irq 3 drq 3 on acpi0\nMar 24 17:59:51 pas kernel: sio1: type 16550A\nMar 24 17:59:51 pas kernel: pmtimer0 on isa0\nMar 24 17:59:51 pas kernel: orm0: \u003cISA Option ROMs\u003e at iomem 0xc0000-0xcffff,0xd0000-0xd07ff,0xd0800-0xd0fff,0xd1000-0xd17ff,0xd1800-0xd1fff,0xd2000-0xd27ff,0xd2800-0xd2fff,0xd3000-0xd37ff,0xd3800-0xd3fff on isa0\nMar 24 17:59:51 pas kernel: sc0: \u003cSystem console\u003e at flags 0x100 on isa0\nMar 24 17:59:51 pas kernel: sc0: VGA \u003c16 virtual consoles, flags=0x300\u003e\nMar 24 17:59:51 pas kernel: vga0: \u003cGeneric ISA VGA\u003e at port 0x3c0-0x3df iomem 0xa0000-0xbffff on isa0\nMar 24 17:59:51 pas kernel: Timecounter \"TSC\" frequency 135182871 Hz quality 800\nMar 24 17:59:51 pas kernel: Timecounters tick every 1.000 msec\nMar 24 17:59:51 pas kernel: cardbus1: Resource not specified in CIS: id=14, size=80\nMar 24 17:59:51 pas kernel: cardbus1: Resource not specified in CIS: id=18, size=80\nMar 24 17:59:51 pas kernel: xl0: \u003c3Com 3c575C Fast Etherlink XL\u003e port 0x1000-0x10ff mem 0x88000000-0x8800007f,0x88001000-0x8800107f irq 11 at device 0.0 on cardbus1\nMar 24 17:59:51 pas kernel: miibus0: \u003cMII bus\u003e on xl0\nMar 24 17:59:51 pas kernel: tdkphy0: \u003cTDK 78Q2120 media interface\u003e on miibus0\nMar 24 17:59:51 pas kernel: tdkphy0:  10baseT, 10baseT-FDX, 100baseTX, 100baseTX-FDX, auto\nMar 24 17:59:51 pas kernel: xl0: Ethernet address: 00:01:03:a9:3d:ca\nMar 24 17:59:51 pas kernel: battery0: critically low charge!\nMar 24 17:59:51 pas kernel: acd0: CDROM \u003cSAMSUNG CD-ROM SN-124/q008\u003e at ata1-master PIO4\nMar 24 17:59:51 pas kernel: Sending DHCP Discover packet from interface xl0 (00:01:03:a9:3d:ca)\nMar 24 17:59:51 pas kernel: Received DHCP Offer packet on xl0 from 192.168.1.71 (accepted) (no root path)\nMar 24 17:59:51 pas kernel: Sending DHCP Request packet from interface xl0 (00:01:03:a9:3d:ca)\nMar 24 17:59:51 pas kernel: Received DHCP Ack packet on xl0 from 192.168.1.71 (accepted) (got root path)\nMar 24 17:59:51 pas kernel: xl0 at 192.168.6.71 server 192.168.1.71 boot file pxeboot\nMar 24 17:59:51 pas kernel: subnet mask 255.255.248.0 rootfs 192.168.1.71:/data/misc/diskless hostname pas \nMar 24 17:59:51 pas kernel: Adjusted interface xl0\nMar 24 17:59:51 pas kernel: hwpmc: TSC/1/0x20\u003cREA\u003e P6/2/0x1fe\u003cUSR,SYS,EDG,THR,REA,WRI,INV,QUA\u003e\nMar 24 17:59:51 pas kernel: Trying to mount root from nfs:192.168.1.71:/data/misc/diskless\nMar 24 17:59:51 pas kernel: NFS ROOT: 192.168.1.71:/data/misc/diskless\nMar 24 17:59:51 pas kernel: cpu0: too many short sleeps, backing off to C1\n---"
}