{
 "id": 987148,
 "bug_id": 227472,
 "attachment_id": 0,
 "creation_time": "2018-04-12T15:41:06Z",
 "creator": "sbruno@FreeBSD.org",
 "text": "Using a supermicro system with Hyperthreading enabled (48 cores) generates a panic in nvme(4).  Disabling Hyperthreading (24 cores) boots successfully.\n\n\nBooting...\nKDB: debugger backends: ddb\nKDB: current backend: ddb\nCopyright (c) 1992-2017 The FreeBSD Project.\nCopyright (c) 1979, 1980, 1983, 1986, 1988, 1989, 1991, 1992, 1993, 1994\n        The Regents of the University of California. All rights reserved.\nFreeBSD is a registered trademark of The FreeBSD Foundation.\nFreeBSD 12.0-CURRENT-LLBSD-2017.3.0 #78: Wed Nov  1 04:14:16 UTC 2017\n    root@syssw04.phx3.llnw.net:/usr/obj/usr/src/sys/SIXFOUR amd64\nFreeBSD clang version 5.0.0 (tags/RELEASE_500/final 312559) (based on LLVM 5.0.0svn)\nVT(vga): resolution 640x480\nCPU: Intel(R) Xeon(R) Platinum 8160 CPU @ 2.10GHz (2100.06-MHz K8-class CPU)\n  Origin=\"GenuineIntel\"  Id=0x50654  Family=0x6  Model=0x55  Stepping=4\n  Features=0xbfebfbff\u003cFPU,VME,DE,PSE,TSC,MSR,PAE,MCE,CX8,APIC,SEP,MTRR,PGE,MCA,CMOV,PAT,PSE36,CLFLUSH,DTS,ACPI,MMX,FXSR,SSE,SSE2,SS,HTT,TM,PBE\u003e\n  Features2=0x7ffefbff\u003cSSE3,PCLMULQDQ,DTES64,MON,DS_CPL,VMX,SMX,EST,TM2,SSSE3,SDBG,FMA,CX16,xTPR,PDCM,PCID,DCA,SSE4.1,SSE4.2,x2APIC,MOVBE,POPCNT,TSCDLT,AESNI,XSAVE,OSXSAVE,AVX,F16C,RDRAND\u003e\n  AMD Features=0x2c100800\u003cSYSCALL,NX,Page1GB,RDTSCP,LM\u003e\n  AMD Features2=0x121\u003cLAHF,ABM,Prefetch\u003e\n  Structured Extended Features=0xd39ffffb\u003cFSGSBASE,TSCADJ,BMI1,HLE,AVX2,FDPEXC,SMEP,BMI2,ERMS,INVPCID,RTM,PQM,NFPUSG,MPX,PQE,AVX512F,AVX512DQ,RDSEED,ADX,SMAP,CLFLUSHOPT,CLWB,PROCTRACE,AVX512CD,AVX512BW\u003e\n  Structured Extended Features2=0x8\u003cPKU\u003e\n  XSAVE Features=0xf\u003cXSAVEOPT,XSAVEC,XINUSE,XSAVES\u003e\n  VT-x: PAT,HLT,MTF,PAUSE,EPT,UG,VPID,VID,PostIntr\n  TSC: P-state invariant, performance statistics\nreal memory  = 206152138752 (196602 MB)\navail memory = 198991896576 (189773 MB)\nEvent timer \"LAPIC\" quality 600\nACPI APIC Table: \u003cSUPERM SMCI--MB\u003e\nFreeBSD/SMP: Multiprocessor System Detected: 48 CPUs\nFreeBSD/SMP: 1 package(s) x 24 core(s) x 2 hardware threads\narc4random: no preloaded entropy cache\nioapic0 \u003cVersion 2.0\u003e irqs 0-23 on motherboard\nioapic1 \u003cVersion 2.0\u003e irqs 24-31 on motherboard\nioapic2 \u003cVersion 2.0\u003e irqs 32-39 on motherboard\nioapic3 \u003cVersion 2.0\u003e irqs 40-47 on motherboard\nioapic4 \u003cVersion 2.0\u003e irqs 48-55 on motherboard\nSMP: AP CPU #1 Launched!\nSMP: AP CPU #17 Launched!\nSMP: AP CPU #44 Launched!\nSMP: AP CPU #32 Launched!\nSMP: AP CPU #8 Launched!\nSMP: AP CPU #36 Launched!\nSMP: AP CPU #24 Launched!\nSMP: AP CPU #28 Launched!\nSMP: AP CPU #46 Launched!\nSMP: AP CPU #30 Launched!\nSMP: AP CPU #4 Launched!\nSMP: AP CPU #25 Launched!\nSMP: AP CPU #2 Launched!\nSMP: AP CPU #33 Launched!\nSMP: AP CPU #37 Launched!\nSMP: AP CPU #3 Launched!\nSMP: AP CPU #15 Launched!\nSMP: AP CPU #22 Launched!\nSMP: AP CPU #38 Launched!\nSMP: AP CPU #18 Launched!\nSMP: AP CPU #31 Launched!\nSMP: AP CPU #11 Launched!\nSMP: AP CPU #47 Launched!\nSMP: AP CPU #12 Launched!\nSMP: AP CPU #23 Launched!\nSMP: AP CPU #6 Launched!\nSMP: AP CPU #14 Launched!\nSMP: AP CPU #26 Launched!\nSMP: AP CPU #45 Launched!\nSMP: AP CPU #34 Launched!\nSMP: AP CPU #13 Launched!\nSMP: AP CPU #19 Launched!\nSMP: AP CPU #39 Launched!\nSMP: AP CPU #20 Launched!\nSMP: AP CPU #16 Launched!\nSMP: AP CPU #21 Launched!\nSMP: AP CPU #9 Launched!\nSMP: AP CPU #43 Launched!\nSMP: AP CPU #42 Launched!\nSMP: AP CPU #41 Launched!\nSMP: AP CPU #40 Launched!\nSMP: AP CPU #27 Launched!\nSMP: AP CPU #29 Launched!\nSMP: AP CPU #5 Launched!\nSMP: AP CPU #35 Launched!\nSMP: AP CPU #10 Launched!\nSMP: AP CPU #7 Launched!\nTimecounter \"TSC\" frequency 2100056350 Hz quality 1000\nrandom: entropy device external interface\nnetmap: loaded module\nmodule_register_init: MOD_LOAD (vesa, 0xffffffff80dd36d0, 0) error 19\nrandom: registering fast source Intel Secure Key RNG\nrandom: fast provider: \"Intel Secure Key RNG\"\nkbd1 at kbdmux0\nnexus0\nvtvga0: \u003cVT VGA driver\u003e on motherboard\ncryptosoft0: \u003csoftware crypto\u003e on motherboard\nacpi0: \u003cSUPERM SUPERM\u003e on motherboard\nacpi0: Power Button (fixed)\nACPI Error: Method parse/execution failed \\_SB.PC00.IOTR._CRS, AE_AML_NO_RESOURCE_END_TAG (20170531/psparse-677)\nACPI Error: Method execution failed \\_SB.PC00.IOTR._CRS, AE_AML_NO_RESOURCE_END_TAG (20170531/uteval-219)\ncan't fetch resources for \\_SB_.PC00.IOTR - AE_AML_NO_RESOURCE_END_TAG\ncpu0: \u003cACPI CPU\u003e numa-domain 0 on acpi0\ncpu1: \u003cACPI CPU\u003e numa-domain 0 on acpi0\ncpu2: \u003cACPI CPU\u003e numa-domain 0 on acpi0\ncpu3: \u003cACPI CPU\u003e numa-domain 0 on acpi0\ncpu4: \u003cACPI CPU\u003e numa-domain 0 on acpi0\ncpu5: \u003cACPI CPU\u003e numa-domain 0 on acpi0\ncpu6: \u003cACPI CPU\u003e numa-domain 0 on acpi0\ncpu7: \u003cACPI CPU\u003e numa-domain 0 on acpi0\ncpu8: \u003cACPI CPU\u003e numa-domain 0 on acpi0\ncpu9: \u003cACPI CPU\u003e numa-domain 0 on acpi0\ncpu10: \u003cACPI CPU\u003e numa-domain 0 on acpi0\ncpu11: \u003cACPI CPU\u003e numa-domain 0 on acpi0\ncpu12: \u003cACPI CPU\u003e numa-domain 0 on acpi0\ncpu13: \u003cACPI CPU\u003e numa-domain 0 on acpi0\ncpu14: \u003cACPI CPU\u003e numa-domain 0 on acpi0\ncpu15: \u003cACPI CPU\u003e numa-domain 0 on acpi0\ncpu16: \u003cACPI CPU\u003e numa-domain 0 on acpi0\ncpu17: \u003cACPI CPU\u003e numa-domain 0 on acpi0\ncpu18: \u003cACPI CPU\u003e numa-domain 0 on acpi0\ncpu19: \u003cACPI CPU\u003e numa-domain 0 on acpi0\ncpu20: \u003cACPI CPU\u003e numa-domain 0 on acpi0\ncpu21: \u003cACPI CPU\u003e numa-domain 0 on acpi0\ncpu22: \u003cACPI CPU\u003e numa-domain 0 on acpi0\ncpu23: \u003cACPI CPU\u003e numa-domain 0 on acpi0\ncpu24: \u003cACPI CPU\u003e numa-domain 0 on acpi0\ncpu25: \u003cACPI CPU\u003e numa-domain 0 on acpi0\ncpu26: \u003cACPI CPU\u003e numa-domain 0 on acpi0\ncpu27: \u003cACPI CPU\u003e numa-domain 0 on acpi0\ncpu28: \u003cACPI CPU\u003e numa-domain 0 on acpi0\ncpu29: \u003cACPI CPU\u003e numa-domain 0 on acpi0\ncpu30: \u003cACPI CPU\u003e numa-domain 0 on acpi0\ncpu31: \u003cACPI CPU\u003e numa-domain 0 on acpi0\ncpu32: \u003cACPI CPU\u003e numa-domain 0 on acpi0\ncpu33: \u003cACPI CPU\u003e numa-domain 0 on acpi0\ncpu34: \u003cACPI CPU\u003e numa-domain 0 on acpi0\ncpu35: \u003cACPI CPU\u003e numa-domain 0 on acpi0\ncpu36: \u003cACPI CPU\u003e numa-domain 0 on acpi0\ncpu37: \u003cACPI CPU\u003e numa-domain 0 on acpi0\ncpu38: \u003cACPI CPU\u003e numa-domain 0 on acpi0\ncpu39: \u003cACPI CPU\u003e numa-domain 0 on acpi0\ncpu40: \u003cACPI CPU\u003e numa-domain 0 on acpi0\ncpu41: \u003cACPI CPU\u003e numa-domain 0 on acpi0\ncpu42: \u003cACPI CPU\u003e numa-domain 0 on acpi0\ncpu43: \u003cACPI CPU\u003e numa-domain 0 on acpi0\ncpu44: \u003cACPI CPU\u003e numa-domain 0 on acpi0\ncpu45: \u003cACPI CPU\u003e numa-domain 0 on acpi0\ncpu46: \u003cACPI CPU\u003e numa-domain 0 on acpi0\ncpu47: \u003cACPI CPU\u003e numa-domain 0 on acpi0\natrtc0: \u003cAT realtime clock\u003e port 0x70-0x71,0x74-0x77 irq 8 on acpi0\natrtc0: registered as a time-of-day clock, resolution 1.000000s\nEvent timer \"RTC\" frequency 32768 Hz quality 0\nattimer0: \u003cAT timer\u003e port 0x40-0x43,0x50-0x53 irq 0 on acpi0\nTimecounter \"i8254\" frequency 1193182 Hz quality 0\nEvent timer \"i8254\" frequency 1193182 Hz quality 100\nhpet0: \u003cHigh Precision Event Timer\u003e iomem 0xfed00000-0xfed003ff on acpi0\nTimecounter \"HPET\" frequency 24000000 Hz quality 950\nEvent timer \"HPET\" frequency 24000000 Hz quality 350\nEvent timer \"HPET1\" frequency 24000000 Hz quality 340\nEvent timer \"HPET2\" frequency 24000000 Hz quality 340\nEvent timer \"HPET3\" frequency 24000000 Hz quality 340\nEvent timer \"HPET4\" frequency 24000000 Hz quality 340\nEvent timer \"HPET5\" frequency 24000000 Hz quality 340\nEvent timer \"HPET6\" frequency 24000000 Hz quality 340\nEvent timer \"HPET7\" frequency 24000000 Hz quality 340\nTimecounter \"ACPI-fast\" frequency 3579545 Hz quality 900\nacpi_timer0: \u003c24-bit timer at 3.579545MHz\u003e port 0x508-0x50b on acpi0\nacpi_syscontainer0: \u003cSystem Container\u003e on acpi0\npcib0: \u003cACPI Host-PCI bridge\u003e port 0xcf8-0xcff numa-domain 0 on acpi0\npci0: \u003cACPI PCI bus\u003e numa-domain 0 on pcib0\npci0: \u003cdasp, performance counters\u003e at device 8.1 (no driver attached)\npci0: \u003cunknown\u003e at device 17.0 (no driver attached)\npci0: \u003cunknown\u003e at device 17.1 (no driver attached)\nahci0: \u003cAHCI SATA controller\u003e port 0x3030-0x3037,0x3020-0x3023,0x3000-0x301f mem 0xaa184000-0xaa185fff,0xaa186000-0xaa1860ff,0xaa100000-0xaa17ffff irq 16 at device 17.5 numa-domain 0 on pci0\nahci0: AHCI v1.31 with 3 6Gbps ports, Port Multiplier not supported\nahcich0: \u003cAHCI channel\u003e at channel 0 on ahci0\nahcich1: \u003cAHCI channel\u003e at channel 1 on ahci0\nahcich2: \u003cAHCI channel\u003e at channel 2 on ahci0\nahciem0: \u003cAHCI enclosure management bridge\u003e on ahci0\nxhci0: \u003cXHCI (generic) USB 3.0 controller\u003e mem 0x383ffff00000-0x383ffff0ffff irq 16 at device 20.0 numa-domain 0 on pci0\nxhci0: 32 bytes context size, 64-bit DMA\nusbus0: waiting for BIOS to give up control\nxhci_interrupt: host controller halted\nusbus0 numa-domain 0 on xhci0\nusbus0: 5.0Gbps Super Speed USB v3.0\npci0: \u003csimple comms\u003e at device 22.0 (no driver attached)\npci0: \u003csimple comms\u003e at device 22.1 (no driver attached)\npci0: \u003csimple comms\u003e at device 22.4 (no driver attached)\npcib1: \u003cACPI PCI-PCI bridge\u003e irq 16 at device 28.0 numa-domain 0 on pci0\npci1: \u003cACPI PCI bus\u003e numa-domain 0 on pcib1\npcib2: \u003cACPI PCI-PCI bridge\u003e irq 17 at device 28.5 numa-domain 0 on pci0\npci2: \u003cACPI PCI bus\u003e numa-domain 0 on pcib2\npcib3: \u003cACPI PCI-PCI bridge\u003e irq 17 at device 0.0 numa-domain 0 on pci2\npci3: \u003cACPI PCI bus\u003e numa-domain 0 on pcib3\nvgapci0: \u003cVGA-compatible display\u003e port 0x2000-0x207f mem 0xa9000000-0xa9ffffff,0xaa000000-0xaa01ffff irq 17 at device 0.0 numa-domain 0 on pci3\nvgapci0: Boot video device\nisab0: \u003cPCI-ISA bridge\u003e at device 31.0 numa-domain 0 on pci0\nisa0: \u003cISA bus\u003e numa-domain 0 on isab0\npci0: \u003cmemory\u003e at device 31.2 (no driver attached)\npci0: \u003cserial bus\u003e at device 31.5 (no driver attached)\npcib4: \u003cACPI Host-PCI bridge\u003e numa-domain 0 on acpi0\npci4: \u003cACPI PCI bus\u003e numa-domain 0 on pcib4\npcib5: \u003cACPI PCI-PCI bridge\u003e irq 39 at device 0.0 numa-domain 0 on pci4\npci5: \u003cACPI PCI bus\u003e numa-domain 0 on pcib5\nt6nex0: \u003cChelsio T6225-CR\u003e mem 0xc5300000-0xc537ffff,0xc4000000-0xc4ffffff,0xc5984000-0xc5985fff irq 32 at device 0.4 numa-domain 0 on pci5\ncc0: \u003cport 0\u003e numa-domain 0 on t6nex0\ncc0: Ethernet address: 00:07:43:3f:0b:c0\ncc0: 16 txq, 8 rxq (NIC)\ncc1: \u003cport 1\u003e numa-domain 0 on t6nex0\ncc1: Ethernet address: 00:07:43:3f:0b:c8\ncc1: 16 txq, 8 rxq (NIC)\nt6nex0: PCIe gen3 x8, 2 ports, 18 MSI-X interrupts, 51 eq, 17 iq\npci5: \u003cmass storage, SCSI\u003e at device 0.5 (no driver attached)\npci5: \u003cserial bus, Fibre Channel\u003e at device 0.6 (no driver attached)\npcib6: \u003cACPI PCI-PCI bridge\u003e irq 39 at device 2.0 numa-domain 0 on pci4\npci6: \u003cACPI PCI bus\u003e numa-domain 0 on pcib6\npcib7: \u003cACPI PCI-PCI bridge\u003e mem 0xc5c00000-0xc5c1ffff irq 34 at device 0.0 numa-domain 0 on pci6\npci7: \u003cACPI PCI bus\u003e numa-domain 0 on pcib7\npcib8: \u003cACPI PCI-PCI bridge\u003e irq 34 at device 3.0 numa-domain 0 on pci7\npci8: \u003cACPI PCI bus\u003e numa-domain 0 on pcib8\nixl0: \u003cIntel(R) Ethernet Connection XL710/X722 Driver, Version - 1.7.12-k\u003e mem 0xc2000000-0xc2ffffff,0xc3008000-0xc300ffff irq 36 at device 0.0 numa-domain 0 on pci8\nixl0: Using MSIX interrupts with 9 vectors\nixl0: fw 3.1.49755 api 1.5 nvm 3.1d etid 80000827 oem 1.262.0\nixl0: PF-ID[0]: VFs 32, MSIX 129, VF MSIX 5, QPs 768, MDIO shared\nixl0: Allocating 8 queues for PF LAN VSI; 8 queues active\nixl0: Ethernet address: ac:1f:6b:0a:12:da\nixl0: Link is up, 1 Gbps Full Duplex, FEC: None, Autoneg: True, Flow Control: None\nixl0: link state changed to UP\npci12: \u003cPCI bus\u003e numa-domain 0 on pcib12\nnvme0: \u003cGeneric NVMe Device\u003e mem 0xe0e10000-0xe0e13fff irq 40 at device 0.0 numa-domain 0 on pci12\npcib13: \u003cPCI-PCI bridge\u003e at device 1.0 numa-domain 0 on pci11\npci13: \u003cPCI bus\u003e numa-domain 0 on pcib13\nnvme1: \u003cGeneric NVMe Device\u003e mem 0xe0d10000-0xe0d13fff irq 44 at device 0.0 numa-domain 0 on pci13\npcib14: \u003cPCI-PCI bridge\u003e at device 2.0 numa-domain 0 on pci11\npci14: \u003cPCI bus\u003e numa-domain 0 on pcib14\nnvme2: \u003cGeneric NVMe Device\u003e mem 0xe0c10000-0xe0c13fff irq 45 at device 0.0 numa-domain 0 on pci14\npcib15: \u003cPCI-PCI bridge\u003e at device 3.0 numa-domain 0 on pci11\npci15: \u003cPCI bus\u003e numa-domain 0 on pcib15\nnvme3: \u003cGeneric NVMe Device\u003e mem 0xe0b10000-0xe0b13fff irq 46 at device 0.0 numa-domain 0 on pci15\npcib16: \u003cPCI-PCI bridge\u003e at device 4.0 numa-domain 0 on pci11\npci16: \u003cPCI bus\u003e numa-domain 0 on pcib16\nnvme4: \u003cGeneric NVMe Device\u003e mem 0xe0a10000-0xe0a13fff irq 40 at device 0.0 numa-domain 0 on pci16\npcib17: \u003cPCI-PCI bridge\u003e at device 5.0 numa-domain 0 on pci11\npci17: \u003cPCI bus\u003e numa-domain 0 on pcib17\npcib18: \u003cPCI-PCI bridge\u003e at device 6.0 numa-domain 0 on pci11\npci18: \u003cPCI bus\u003e numa-domain 0 on pcib18\npcib19: \u003cPCI-PCI bridge\u003e at device 7.0 numa-domain 0 on pci11\npci19: \u003cPCI bus\u003e numa-domain 0 on pcib19\npcib20: \u003cACPI Host-PCI bridge\u003e numa-domain 0 on acpi0\npci20: \u003cACPI PCI bus\u003e numa-domain 0 on pcib20\npcib21: \u003cACPI PCI-PCI bridge\u003e irq 55 at device 0.0 numa-domain 0 on pci20\npci21: \u003cACPI PCI bus\u003e numa-domain 0 on pcib21\npcib22: \u003cPCI-PCI bridge\u003e at device 0.0 numa-domain 0 on pci21\npci22: \u003cPCI bus\u003e numa-domain 0 on pcib22\npcib23: \u003cPCI-PCI bridge\u003e at device 0.0 numa-domain 0 on pci22\npci23: \u003cPCI bus\u003e numa-domain 0 on pcib23\nnvme5: \u003cGeneric NVMe Device\u003e mem 0xfbe10000-0xfbe13fff irq 48 at device 0.0 numa-domain 0 on pci23\npcib24: \u003cPCI-PCI bridge\u003e at device 1.0 numa-domain 0 on pci22\npci24: \u003cPCI bus\u003e numa-domain 0 on pcib24\nnvme6: \u003cGeneric NVMe Device\u003e mem 0xfbd10000-0xfbd13fff irq 52 at device 0.0 numa-domain 0 on pci24\npcib25: \u003cPCI-PCI bridge\u003e at device 2.0 numa-domain 0 on pci22\npci25: \u003cPCI bus\u003e numa-domain 0 on pcib25\nnvme7: \u003cGeneric NVMe Device\u003e mem 0xfbc10000-0xfbc13fff irq 53 at device 0.0 numa-domain 0 on pci25\npcib26: \u003cPCI-PCI bridge\u003e at device 3.0 numa-domain 0 on pci22\npci26: \u003cPCI bus\u003e numa-domain 0 on pcib26\nnvme8: \u003cGeneric NVMe Device\u003e mem 0xfbb10000-0xfbb13fff irq 54 at device 0.0 numa-domain 0 on pci26\npcib27: \u003cPCI-PCI bridge\u003e at device 4.0 numa-domain 0 on pci22\npci27: \u003cPCI bus\u003e numa-domain 0 on pcib27\nnvme9: \u003cGeneric NVMe Device\u003e mem 0xfba10000-0xfba13fff irq 48 at device 0.0 numa-domain 0 on pci27\npcib28: \u003cPCI-PCI bridge\u003e at device 5.0 numa-domain 0 on pci22\npci28: \u003cPCI bus\u003e numa-domain 0 on pcib28\npcib29: \u003cPCI-PCI bridge\u003e at device 6.0 numa-domain 0 on pci22\npci29: \u003cPCI bus\u003e numa-domain 0 on pcib29\npcib30: \u003cPCI-PCI bridge\u003e at device 7.0 numa-domain 0 on pci22\npci30: \u003cPCI bus\u003e numa-domain 0 on pcib30\npci20: \u003cdasp, performance counters\u003e at device 14.0 (no driver attached)\npci20: \u003cdasp, performance counters\u003e at device 15.0 (no driver attached)\npci20: \u003cdasp, performance counters\u003e at device 16.0 (no driver attached)\npci20: \u003cdasp, performance counters\u003e at device 18.0 (no driver attached)\npci20: \u003cdasp, performance counters\u003e at device 18.1 (no driver attached)\npci20: \u003cdasp, performance counters\u003e at device 18.4 (no driver attached)\npci20: \u003cdasp, performance counters\u003e at device 18.5 (no driver attached)\nuart0: \u003c16550 or compatible\u003e port 0x3f8-0x3ff irq 4 on acpi0\nuart1: \u003c16550 or compatible\u003e port 0x2f8-0x2ff irq 3 flags 0x10 on acpi0\nuart1: console (115200,n,8,1)\nipmi0: \u003cIPMI System Interface\u003e port 0xca2,0xca3 on acpi0\nipmi0: KCS mode found at io 0xca2 on acpi\norm0: \u003cISA Option ROM\u003e at iomem 0xc0000-0xc7fff on isa0\nppc0: cannot reserve I/O port range\ncoretemp0: \u003cCPU On-Die Thermal Sensors\u003e numa-domain 0 on cpu0\nest0: \u003cEnhanced SpeedStep Frequency Control\u003e numa-domain 0 on cpu0\nest: CPU supports Enhanced Speedstep, but is not recognized.\nest: cpu_vendor GenuineIntel, msr 19e800001500\ndevice_attach: est0 attach returned 6\ncoretemp1: \u003cCPU On-Die Thermal Sensors\u003e numa-domain 0 on cpu1\nest1: \u003cEnhanced SpeedStep Frequency Control\u003e numa-domain 0 on cpu1\nest: CPU supports Enhanced Speedstep, but is not recognized.\nest: cpu_vendor GenuineIntel, msr 19e800001500\ndevice_attach: est1 attach returned 6\ncoretemp2: \u003cCPU On-Die Thermal Sensors\u003e numa-domain 0 on cpu2\nest2: \u003cEnhanced SpeedStep Frequency Control\u003e numa-domain 0 on cpu2\nest: CPU supports Enhanced Speedstep, but is not recognized.\nest: cpu_vendor GenuineIntel, msr 19e800001500\ndevice_attach: est2 attach returned 6\ncoretemp3: \u003cCPU On-Die Thermal Sensors\u003e numa-domain 0 on cpu3\nest3: \u003cEnhanced SpeedStep Frequency Control\u003e numa-domain 0 on cpu3\nest: CPU supports Enhanced Speedstep, but is not recognized.\nest: cpu_vendor GenuineIntel, msr 19e800001500\ndevice_attach: est3 attach returned 6\ncoretemp4: \u003cCPU On-Die Thermal Sensors\u003e numa-domain 0 on cpu4\nest4: \u003cEnhanced SpeedStep Frequency Control\u003e numa-domain 0 on cpu4\nest: CPU supports Enhanced Speedstep, but is not recognized.\nest: cpu_vendor GenuineIntel, msr 19e800001500\ndevice_attach: est4 attach returned 6\ncoretemp5: \u003cCPU On-Die Thermal Sensors\u003e numa-domain 0 on cpu5\nest5: \u003cEnhanced SpeedStep Frequency Control\u003e numa-domain 0 on cpu5\nest: CPU supports Enhanced Speedstep, but is not recognized.\nest: cpu_vendor GenuineIntel, msr 19e800001500\ndevice_attach: est5 attach returned 6\ncoretemp6: \u003cCPU On-Die Thermal Sensors\u003e numa-domain 0 on cpu6\nest6: \u003cEnhanced SpeedStep Frequency Control\u003e numa-domain 0 on cpu6\nest: CPU supports Enhanced Speedstep, but is not recognized.\nest: cpu_vendor GenuineIntel, msr 19e800001500\ndevice_attach: est6 attach returned 6\ncoretemp7: \u003cCPU On-Die Thermal Sensors\u003e numa-domain 0 on cpu7\nest7: \u003cEnhanced SpeedStep Frequency Control\u003e numa-domain 0 on cpu7\nest: CPU supports Enhanced Speedstep, but is not recognized.\nest: cpu_vendor GenuineIntel, msr 19e800001500\ndevice_attach: est7 attach returned 6\ncoretemp8: \u003cCPU On-Die Thermal Sensors\u003e numa-domain 0 on cpu8\nest8: \u003cEnhanced SpeedStep Frequency Control\u003e numa-domain 0 on cpu8\nest: CPU supports Enhanced Speedstep, but is not recognized.\nest: cpu_vendor GenuineIntel, msr 19e800001500\ndevice_attach: est8 attach returned 6\ncoretemp9: \u003cCPU On-Die Thermal Sensors\u003e numa-domain 0 on cpu9\nest9: \u003cEnhanced SpeedStep Frequency Control\u003e numa-domain 0 on cpu9\nest: CPU supports Enhanced Speedstep, but is not recognized.\nest: cpu_vendor GenuineIntel, msr 19e800001500\ndevice_attach: est9 attach returned 6\ncoretemp10: \u003cCPU On-Die Thermal Sensors\u003e numa-domain 0 on cpu10\nest10: \u003cEnhanced SpeedStep Frequency Control\u003e numa-domain 0 on cpu10\nest: CPU supports Enhanced Speedstep, but is not recognized.\nest: cpu_vendor GenuineIntel, msr 19e800001500\ndevice_attach: est10 attach returned 6\ncoretemp11: \u003cCPU On-Die Thermal Sensors\u003e numa-domain 0 on cpu11\nest11: \u003cEnhanced SpeedStep Frequency Control\u003e numa-domain 0 on cpu11\nest: CPU supports Enhanced Speedstep, but is not recognized.\nest: cpu_vendor GenuineIntel, msr 19ef00001500\ndevice_attach: est11 attach returned 6\ncoretemp12: \u003cCPU On-Die Thermal Sensors\u003e numa-domain 0 on cpu12\nest12: \u003cEnhanced SpeedStep Frequency Control\u003e numa-domain 0 on cpu12\nest: CPU supports Enhanced Speedstep, but is not recognized.\nest: cpu_vendor GenuineIntel, msr 19ef00001500\ndevice_attach: est12 attach returned 6\ncoretemp13: \u003cCPU On-Die Thermal Sensors\u003e numa-domain 0 on cpu13\nest13: \u003cEnhanced SpeedStep Frequency Control\u003e numa-domain 0 on cpu13\nest: CPU supports Enhanced Speedstep, but is not recognized.\nest: cpu_vendor GenuineIntel, msr 19e800001500\ndevice_attach: est13 attach returned 6\ncoretemp14: \u003cCPU On-Die Thermal Sensors\u003e numa-domain 0 on cpu14\nest14: \u003cEnhanced SpeedStep Frequency Control\u003e numa-domain 0 on cpu14\nest: CPU supports Enhanced Speedstep, but is not recognized.\nest: cpu_vendor GenuineIntel, msr 19e800001500\ndevice_attach: est14 attach returned 6\ncoretemp15: \u003cCPU On-Die Thermal Sensors\u003e numa-domain 0 on cpu15\nest15: \u003cEnhanced SpeedStep Frequency Control\u003e numa-domain 0 on cpu15\nest: CPU supports Enhanced Speedstep, but is not recognized.\nest: cpu_vendor GenuineIntel, msr 19ef00001500\ndevice_attach: est15 attach returned 6\ncoretemp16: \u003cCPU On-Die Thermal Sensors\u003e numa-domain 0 on cpu16\nest16: \u003cEnhanced SpeedStep Frequency Control\u003e numa-domain 0 on cpu16\nest: CPU supports Enhanced Speedstep, but is not recognized.\nest: cpu_vendor GenuineIntel, msr 19ef00001500\ndevice_attach: est16 attach returned 6\ncoretemp17: \u003cCPU On-Die Thermal Sensors\u003e numa-domain 0 on cpu17\nest17: \u003cEnhanced SpeedStep Frequency Control\u003e numa-domain 0 on cpu17\nest: CPU supports Enhanced Speedstep, but is not recognized.\nest: cpu_vendor GenuineIntel, msr 19ef00001500\ndevice_attach: est17 attach returned 6\ncoretemp18: \u003cCPU On-Die Thermal Sensors\u003e numa-domain 0 on cpu18\nest18: \u003cEnhanced SpeedStep Frequency Control\u003e numa-domain 0 on cpu18\nest: CPU supports Enhanced Speedstep, but is not recognized.\nest: cpu_vendor GenuineIntel, msr 19ef00001500\ndevice_attach: est18 attach returned 6\ncoretemp19: \u003cCPU On-Die Thermal Sensors\u003e numa-domain 0 on cpu19\nest19: \u003cEnhanced SpeedStep Frequency Control\u003e numa-domain 0 on cpu19\nest: CPU supports Enhanced Speedstep, but is not recognized.\nest: cpu_vendor GenuineIntel, msr 19e800001500\ndevice_attach: est19 attach returned 6\ncoretemp20: \u003cCPU On-Die Thermal Sensors\u003e numa-domain 0 on cpu20\nest20: \u003cEnhanced SpeedStep Frequency Control\u003e numa-domain 0 on cpu20\nest: CPU supports Enhanced Speedstep, but is not recognized.\nest: cpu_vendor GenuineIntel, msr 19e800001500\ndevice_attach: est20 attach returned 6\ncoretemp21: \u003cCPU On-Die Thermal Sensors\u003e numa-domain 0 on cpu21\nest21: \u003cEnhanced SpeedStep Frequency Control\u003e numa-domain 0 on cpu21\nest: CPU supports Enhanced Speedstep, but is not recognized.\nest: cpu_vendor GenuineIntel, msr 19e800001500\ndevice_attach: est21 attach returned 6\ncoretemp22: \u003cCPU On-Die Thermal Sensors\u003e numa-domain 0 on cpu22\nest22: \u003cEnhanced SpeedStep Frequency Control\u003e numa-domain 0 on cpu22\nest: CPU supports Enhanced Speedstep, but is not recognized.\nest: cpu_vendor GenuineIntel, msr 19e800001500\ndevice_attach: est22 attach returned 6\ncoretemp23: \u003cCPU On-Die Thermal Sensors\u003e numa-domain 0 on cpu23\nest23: \u003cEnhanced SpeedStep Frequency Control\u003e numa-domain 0 on cpu23\nest: CPU supports Enhanced Speedstep, but is not recognized.\nest: cpu_vendor GenuineIntel, msr 19ef00001500\ndevice_attach: est23 attach returned 6\ncoretemp24: \u003cCPU On-Die Thermal Sensors\u003e numa-domain 0 on cpu24\nest24: \u003cEnhanced SpeedStep Frequency Control\u003e numa-domain 0 on cpu24\nest: CPU supports Enhanced Speedstep, but is not recognized.\nest: cpu_vendor GenuineIntel, msr 19e800001500\ndevice_attach: est24 attach returned 6\ncoretemp25: \u003cCPU On-Die Thermal Sensors\u003e numa-domain 0 on cpu25\nest25: \u003cEnhanced SpeedStep Frequency Control\u003e numa-domain 0 on cpu25\nest: CPU supports Enhanced Speedstep, but is not recognized.\nest: cpu_vendor GenuineIntel, msr 19e800001500\ndevice_attach: est25 attach returned 6\ncoretemp26: \u003cCPU On-Die Thermal Sensors\u003e numa-domain 0 on cpu26\nest26: \u003cEnhanced SpeedStep Frequency Control\u003e numa-domain 0 on cpu26\nest: CPU supports Enhanced Speedstep, but is not recognized.\nest: cpu_vendor GenuineIntel, msr 19ef00001500\ndevice_attach: est26 attach returned 6\ncoretemp27: \u003cCPU On-Die Thermal Sensors\u003e numa-domain 0 on cpu27\nest27: \u003cEnhanced SpeedStep Frequency Control\u003e numa-domain 0 on cpu27\nest: CPU supports Enhanced Speedstep, but is not recognized.\nest: cpu_vendor GenuineIntel, msr 19e800001500\ndevice_attach: est27 attach returned 6\ncoretemp28: \u003cCPU On-Die Thermal Sensors\u003e numa-domain 0 on cpu28\nest28: \u003cEnhanced SpeedStep Frequency Control\u003e numa-domain 0 on cpu28\nest: CPU supports Enhanced Speedstep, but is not recognized.\nest: cpu_vendor GenuineIntel, msr 19e800001500\ndevice_attach: est28 attach returned 6\ncoretemp29: \u003cCPU On-Die Thermal Sensors\u003e numa-domain 0 on cpu29\nest29: \u003cEnhanced SpeedStep Frequency Control\u003e numa-domain 0 on cpu29\nest: CPU supports Enhanced Speedstep, but is not recognized.\nest: cpu_vendor GenuineIntel, msr 19e800001500\ndevice_attach: est29 attach returned 6\ncoretemp30: \u003cCPU On-Die Thermal Sensors\u003e numa-domain 0 on cpu30\nest30: \u003cEnhanced SpeedStep Frequency Control\u003e numa-domain 0 on cpu30\nest: CPU supports Enhanced Speedstep, but is not recognized.\nest: cpu_vendor GenuineIntel, msr 19e800001500\ndevice_attach: est30 attach returned 6\ncoretemp31: \u003cCPU On-Die Thermal Sensors\u003e numa-domain 0 on cpu31\nest31: \u003cEnhanced SpeedStep Frequency Control\u003e numa-domain 0 on cpu31\nest: CPU supports Enhanced Speedstep, but is not recognized.\nest: cpu_vendor GenuineIntel, msr 19e800001500\ndevice_attach: est31 attach returned 6\ncoretemp32: \u003cCPU On-Die Thermal Sensors\u003e numa-domain 0 on cpu32\nest32: \u003cEnhanced SpeedStep Frequency Control\u003e numa-domain 0 on cpu32\nest: CPU supports Enhanced Speedstep, but is not recognized.\nest: cpu_vendor GenuineIntel, msr 19e800001500\ndevice_attach: est32 attach returned 6\ncoretemp33: \u003cCPU On-Die Thermal Sensors\u003e numa-domain 0 on cpu33\nest33: \u003cEnhanced SpeedStep Frequency Control\u003e numa-domain 0 on cpu33\nest: CPU supports Enhanced Speedstep, but is not recognized.\nest: cpu_vendor GenuineIntel, msr 19e800001500\ndevice_attach: est33 attach returned 6\ncoretemp34: \u003cCPU On-Die Thermal Sensors\u003e numa-domain 0 on cpu34\nest34: \u003cEnhanced SpeedStep Frequency Control\u003e numa-domain 0 on cpu34\nest: CPU supports Enhanced Speedstep, but is not recognized.\nest: cpu_vendor GenuineIntel, msr 19e800001500\ndevice_attach: est34 attach returned 6\ncoretemp35: \u003cCPU On-Die Thermal Sensors\u003e numa-domain 0 on cpu35\nest35: \u003cEnhanced SpeedStep Frequency Control\u003e numa-domain 0 on cpu35\nest: CPU supports Enhanced Speedstep, but is not recognized.\nest: cpu_vendor GenuineIntel, msr 19ef00001500\ndevice_attach: est35 attach returned 6\ncoretemp36: \u003cCPU On-Die Thermal Sensors\u003e numa-domain 0 on cpu36\nest36: \u003cEnhanced SpeedStep Frequency Control\u003e numa-domain 0 on cpu36\nest: CPU supports Enhanced Speedstep, but is not recognized.\nest: cpu_vendor GenuineIntel, msr 19e800001500\ndevice_attach: est36 attach returned 6\ncoretemp37: \u003cCPU On-Die Thermal Sensors\u003e numa-domain 0 on cpu37\nest37: \u003cEnhanced SpeedStep Frequency Control\u003e numa-domain 0 on cpu37\nest: CPU supports Enhanced Speedstep, but is not recognized.\nest: cpu_vendor GenuineIntel, msr 19e800001500\ndevice_attach: est37 attach returned 6\ncoretemp38: \u003cCPU On-Die Thermal Sensors\u003e numa-domain 0 on cpu38\nest38: \u003cEnhanced SpeedStep Frequency Control\u003e numa-domain 0 on cpu38\nest: CPU supports Enhanced Speedstep, but is not recognized.\nest: cpu_vendor GenuineIntel, msr 19e800001500\ndevice_attach: est38 attach returned 6\ncoretemp39: \u003cCPU On-Die Thermal Sensors\u003e numa-domain 0 on cpu39\nest39: \u003cEnhanced SpeedStep Frequency Control\u003e numa-domain 0 on cpu39\nest: CPU supports Enhanced Speedstep, but is not recognized.\nest: cpu_vendor GenuineIntel, msr 19e800001500\ndevice_attach: est39 attach returned 6\ncoretemp40: \u003cCPU On-Die Thermal Sensors\u003e numa-domain 0 on cpu40\nest40: \u003cEnhanced SpeedStep Frequency Control\u003e numa-domain 0 on cpu40\nest: CPU supports Enhanced Speedstep, but is not recognized.\nest: cpu_vendor GenuineIntel, msr 19e800001500\ndevice_attach: est40 attach returned 6\ncoretemp41: \u003cCPU On-Die Thermal Sensors\u003e numa-domain 0 on cpu41\nest41: \u003cEnhanced SpeedStep Frequency Control\u003e numa-domain 0 on cpu41\nest: CPU supports Enhanced Speedstep, but is not recognized.\nest: cpu_vendor GenuineIntel, msr 19e800001500\ndevice_attach: est41 attach returned 6\ncoretemp42: \u003cCPU On-Die Thermal Sensors\u003e numa-domain 0 on cpu42\nest42: \u003cEnhanced SpeedStep Frequency Control\u003e numa-domain 0 on cpu42\nest: CPU supports Enhanced Speedstep, but is not recognized.\nest: cpu_vendor GenuineIntel, msr 19e800001500\ndevice_attach: est42 attach returned 6\ncoretemp43: \u003cCPU On-Die Thermal Sensors\u003e numa-domain 0 on cpu43\nest43: \u003cEnhanced SpeedStep Frequency Control\u003e numa-domain 0 on cpu43\nest: CPU supports Enhanced Speedstep, but is not recognized.\nest: cpu_vendor GenuineIntel, msr 19e800001500\ndevice_attach: est43 attach returned 6\ncoretemp44: \u003cCPU On-Die Thermal Sensors\u003e numa-domain 0 on cpu44\nest44: \u003cEnhanced SpeedStep Frequency Control\u003e numa-domain 0 on cpu44\nest: CPU supports Enhanced Speedstep, but is not recognized.\nest: cpu_vendor GenuineIntel, msr 19e800001500\ndevice_attach: est44 attach returned 6\ncoretemp45: \u003cCPU On-Die Thermal Sensors\u003e numa-domain 0 on cpu45\nest45: \u003cEnhanced SpeedStep Frequency Control\u003e numa-domain 0 on cpu45\nest: CPU supports Enhanced Speedstep, but is not recognized.\nest: cpu_vendor GenuineIntel, msr 19e800001500\ndevice_attach: est45 attach returned 6\ncoretemp46: \u003cCPU On-Die Thermal Sensors\u003e numa-domain 0 on cpu46\nest46: \u003cEnhanced SpeedStep Frequency Control\u003e numa-domain 0 on cpu46\nest: CPU supports Enhanced Speedstep, but is not recognized.\nest: cpu_vendor GenuineIntel, msr 19e800001500\ndevice_attach: est46 attach returned 6\ncoretemp47: \u003cCPU On-Die Thermal Sensors\u003e numa-domain 0 on cpu47\nest47: \u003cEnhanced SpeedStep Frequency Control\u003e numa-domain 0 on cpu47\nest: CPU supports Enhanced Speedstep, but is not recognized.\nest: cpu_vendor GenuineIntel, msr 19e800001500\ndevice_attach: est47 attach returned 6\nTimecounters tick every 1.000 msec\narc4random: no preloaded entropy cache\nAttempting to load tcp_bbr\ntcp_bbr is now available\nipfw2 (+ipv6) initialized, divert loadable, nat loadable, default to accept, logging disabled\nugen0.1: \u003c0x8086 XHCI root HUB\u003e at usbus0\nuhub0: \u003c0x8086 XHCI root HUB, class 9/0, rev 3.00/1.00, addr 1\u003e on usbus0\nnvd0: \u003cMTFDHAL1T2MCF-1AN1ZABYY\u003e NVMe namespace\nnvd0: 1144641MB (2344225968 512 byte sectors)\nada0 at ahcich2 bus 0 scbus2 target 0 lun 0\nada0: \u003cMicron M600 MTFDDAV128MBF MU04\u003e ACS-3 ATA SATA 3.x device\nada0: Serial Number 16051323B113\nada0: 600.000MB/s transfers (SATA 3.x, UDMA6, PIO 8192bytes)\nada0: Command Queueing enabled\nada0: 122104MB (250069680 512 byte sectors)\nses0 at ahciem0 bus 0 scbus3 target 0 lun 0\nses0: \u003cAHCI SGPIO Enclosure 1.00 0001\u003e SEMB S-E-S 2.00 device\nses0: SEMB SES Device\nnvd1: \u003cMTFDHAL1T2MCF-1AN1ZABYY\u003e NVMe namespace\nnvd1: 1144641MB (2344225968 512 byte sectors)\nnvd2: \u003cMTFDHAL1T2MCF-1AN1ZABYY\u003e NVMe namespace\nLegacy Option ROM Initialization.                                            B2 \nnvd3: \u003cMTFDHAL1T2MCF-1AN1ZABYY\u003e NVMe namespace\nnvd3: 1144641MB (2344225968 512 byte sectors)\nnvd4: \u003cMTFDHAL1T2MCF-1AN1ZABYY\u003e NVMe namespace\nnvd4: 1144641MB (2344225968 512 byte sectors)\nnvd5: \u003cMTFDHAL1T2MCF-1AN1ZABYY\u003e NVMe namespace\nnvd5: 1144641MB (2344225968 512 byte sectors)\nnvd6: \u003cMTFDHAL1T2MCF-1AN1ZABYY\u003e NVMe namespace\nnvd6: 1144641MB (2344225968 512 byte sectors)\nnvd7: \u003cMTFDHAL1T2MCF-1AN1ZABYY\u003e NVMe namespace\nnvd7: 1144641MB (2344225968 512 byte sectors)\nnvd8: \u003cMTFDHAL1T2MCF-1AN1ZABYY\u003e NVMe namespace\nnvd8: 1144641MB (2344225968 512 byte sectors)\npanic: nexus_setup_intr: NULL irq resource!\ncpuid = 40\ntime = 2\nKDB: stack backtrace:\ndb_trace_self_wrapper() at db_trace_self_wrapper+0x2b/frame 0xffffffff82187e30\nvpanic() at vpanic+0x19c/frame 0xffffffff82187eb0\npanic() at panic+0x43/frame 0xffffffff82187f10\nnexus_setup_intr() at nexus_setup_intr+0xa7/frame 0xffffffff82187f60\npci_setup_intr() at pci_setup_intr+0x27/frame 0xffffffff82188000\npci_setup_intr() at pci_setup_intr+0x27/frame 0xffffffff821880a0\npci_setup_intr() at pci_setup_intr+0x27/frame 0xffffffff82188140\npci_setup_intr() at pci_setup_intr+0x27/frame 0xffffffff821881e0\nbus_setup_intr() at bus_setup_intr+0xa1/frame 0xffffffff82188240\nnvme_qpair_construct() at nvme_qpair_construct+0x95/frame 0xffffffff821882c0\nnvme_ctrlr_start_config_hook() at nvme_ctrlr_start_config_hook+0x1a3/frame 0xffffffff82188310\nrun_interrupt_driven_config_hooks() at run_interrupt_driven_config_hooks+0x110/frame 0xffffffff82188340\nboot_run_interrupt_driven_config_hooks() at boot_run_interrupt_driven_config_hooks+0x22/frame 0xffffffff821883d0\nmi_startup() at mi_startup+0x9c/frame 0xffffffff821883f0\nbtext() at btext+0x2c"
}