{
 "id": 585094,
 "bug_id": 151925,
 "attachment_id": 0,
 "creation_time": "2010-11-03T20:30:10Z",
 "creator": "ohartmann@walstatt.org",
 "text": "FreeBSD 8.1-STABLE working on mainboard ASUS P5Q WS\n\npciconf -lv \nhostb0@pci0:0:0:0:      class=0x060000 card=0x82d31043 chip=0x2e208086 rev=0x02 hdr=0x00\n    vendor     = 'Intel Corporation'\n    class      = bridge\n    subclass   = HOST-PCI\npcib1@pci0:0:1:0:       class=0x060400 card=0x82d31043 chip=0x2e218086 rev=0x02 hdr=0x01\n    vendor     = 'Intel Corporation'\n    class      = bridge\n    subclass   = PCI-PCI\nuhci0@pci0:0:26:0:      class=0x0c0300 card=0x82d41043 chip=0x3a378086 rev=0x00 hdr=0x00\n    vendor     = 'Intel Corporation'\n    device     = 'USB UHCI Controller *4'\n    class      = serial bus\n    subclass   = USB\nuhci1@pci0:0:26:1:      class=0x0c0300 card=0x82d41043 chip=0x3a388086 rev=0x00 hdr=0x00\n    vendor     = 'Intel Corporation'\n    device     = 'USB UHCI Controller *5'\n    class      = serial bus\n    subclass   = USB\nuhci2@pci0:0:26:2:      class=0x0c0300 card=0x82d41043 chip=0x3a398086 rev=0x00 hdr=0x00\n    vendor     = 'Intel Corporation'\n    device     = 'USB UHCI Controller *6'\n    class      = serial bus\n    subclass   = USB\nehci0@pci0:0:26:7:      class=0x0c0320 card=0x82d41043 chip=0x3a3c8086 rev=0x00 hdr=0x00\n    vendor     = 'Intel Corporation'\n    device     = 'USB EHCI Controller *2'\n    class      = serial bus\n    subclass   = USB\nhdac1@pci0:0:27:0:      class=0x040300 card=0x83571043 chip=0x3a3e8086 rev=0x00 hdr=0x00\n    vendor     = 'Intel Corporation'\n    device     = 'Microsoft UAA Bus Driver for High Definition Audio (Microsoft UAA Bus Driver for High Definition Audio)'\n    class      = multimedia\n    subclass   = HDA\npcib2@pci0:0:28:0:      class=0x060400 card=0x82d41043 chip=0x3a408086 rev=0x00 hdr=0x01\n    vendor     = 'Intel Corporation'\n    device     = 'PCI Express Port 1'\n    class      = bridge\n    subclass   = PCI-PCI\npcib5@pci0:0:28:3:      class=0x060400 card=0x82d41043 chip=0x3a468086 rev=0x00 hdr=0x01\n    vendor     = 'Intel Corporation'\n    device     = 'PCI Express Port 4'\n    class      = bridge\n    subclass   = PCI-PCI\npcib6@pci0:0:28:4:      class=0x060400 card=0x82d41043 chip=0x3a488086 rev=0x00 hdr=0x01\n    vendor     = 'Intel Corporation'\n    device     = 'PCI Express Port 5'\n    class      = bridge\n    subclass   = PCI-PCI\nuhci3@pci0:0:29:0:      class=0x0c0300 card=0x82d41043 chip=0x3a348086 rev=0x00 hdr=0x00\n    vendor     = 'Intel Corporation'\n    device     = 'USB UHCI Controller *1'\n    class      = serial bus\n    subclass   = USB\nuhci4@pci0:0:29:1:      class=0x0c0300 card=0x82d41043 chip=0x3a358086 rev=0x00 hdr=0x00\n    vendor     = 'Intel Corporation'\n    device     = 'USB UHCI Controller *2'\n    class      = serial bus\n    subclass   = USB\nuhci5@pci0:0:29:2:      class=0x0c0300 card=0x82d41043 chip=0x3a368086 rev=0x00 hdr=0x00\n    vendor     = 'Intel Corporation'\n    device     = 'USB UHCI Controller *3'\n    class      = serial bus\n    subclass   = USB\nehci1@pci0:0:29:7:      class=0x0c0320 card=0x82d41043 chip=0x3a3a8086 rev=0x00 hdr=0x00\n    vendor     = 'Intel Corporation'\n    device     = 'USB EHCI Controller *1'\n    class      = serial bus\n    subclass   = USB\npcib7@pci0:0:30:0:      class=0x060401 card=0x82d41043 chip=0x244e8086 rev=0x90 hdr=0x01\n    vendor     = 'Intel Corporation'\n    device     = '82801 Family (ICH2/3/4/5/6/7/8/9,63xxESB) Hub Interface to PCI Bridge'\n    class      = bridge\n    subclass   = PCI-PCI\nisab0@pci0:0:31:0:      class=0x060100 card=0x82d41043 chip=0x3a168086 rev=0x00 hdr=0x00\n    vendor     = 'Intel Corporation'\n    device     = 'LPC Interface Controller'\n    class      = bridge\n    subclass   = PCI-ISA\nahci1@pci0:0:31:2:      class=0x010601 card=0x82d41043 chip=0x3a228086 rev=0x00 hdr=0x00\n    vendor     = 'Intel Corporation'\n    device     = '6 port SATA AHCI Controller'\n    class      = mass storage\n    subclass   = SATA\nichsmb0@pci0:0:31:3:    class=0x0c0500 card=0x82d41043 chip=0x3a308086 rev=0x00 hdr=0x00\n    vendor     = 'Intel Corporation'\n    device     = 'SMB controller  (50011458)'\n    class      = serial bus\n    subclass   = SMBus\nvgapci0@pci0:1:0:0:     class=0x030000 card=0x15311462 chip=0x944c1002 rev=0x00 hdr=0x00\n    vendor     = 'ATI Technologies Inc. / Advanced Micro Devices, Inc.'\n    device     = 'ATI Radeon HD 4800 Series (RV770)'\n    class      = display\n    subclass   = VGA\nhdac0@pci0:1:0:1:       class=0x040300 card=0xaa301462 chip=0xaa301002 rev=0x00 hdr=0x00\n    vendor     = 'ATI Technologies Inc. / Advanced Micro Devices, Inc.'\n    class      = multimedia\n    subclass   = HDA\npcib3@pci0:4:0:0:       class=0x060400 card=0x00000000 chip=0x01251033 rev=0x06 hdr=0x01\n    vendor     = 'NEC Electronics Hong Kong'\n    device     = 'uPD720400 PCI Express - PCI/PCI-X Bridge'\n    class      = bridge\n    subclass   = PCI-PCI\npcib4@pci0:4:0:1:       class=0x060400 card=0x00000000 chip=0x01251033 rev=0x06 hdr=0x01\n    vendor     = 'NEC Electronics Hong Kong'\n    device     = 'uPD720400 PCI Express - PCI/PCI-X Bridge'\n    class      = bridge\n    subclass   = PCI-PCI\natapci0@pci0:3:0:0:     class=0x01018f card=0x82961043 chip=0x612111ab rev=0xb1 hdr=0x00\n    vendor     = 'Marvell Semiconductor (Was: Galileo Technology Ltd)'\n    device     = '6121 SATA2 Controller'\n    class      = mass storage\n    subclass   = ATA\nre0@pci0:2:0:0: class=0x020000 card=0x82c61043 chip=0x816810ec rev=0x02 hdr=0x00\n    vendor     = 'Realtek Semiconductor'\n    device     = 'Gigabit Ethernet NIC(NDIS 6.0) (RTL8168/8111/8111c)'\n    class      = network\n    subclass   = ethernet\nfwohci0@pci0:7:4:0:     class=0x0c0010 card=0x82941043 chip=0x581111c1 rev=0x70 hdr=0x00\n    vendor     = 'Lucent/Agere Systems (Was: AT\u0026T MicroElectronics)'\n    device     = '1394A PCI PHY/Link Open Host Ctrlr I/F (FW322)'\n    class      = serial bus\n    subclass   = FireWire\n\n=========\n\ndmesg\nCopyright (c) 1992-2010 The FreeBSD Project.\nCopyright (c) 1979, 1980, 1983, 1986, 1988, 1989, 1991, 1992, 1993, 1994\n        The Regents of the University of California. All rights reserved.\nFreeBSD is a registered trademark of The FreeBSD Foundation.\nFreeBSD 8.1-STABLE #10 r214679: Tue Nov  2 16:44:48 UTC 2010\n    root@thor.org:/usr/obj/usr/src/sys/THOR amd64\nTimecounter \"i8254\" frequency 1193182 Hz quality 0\nCPU: Intel(R) Core(TM)2 Duo CPU     E8400  @ 3.00GHz (3005.67-MHz K8-class CPU)\n  Origin = \"GenuineIntel\"  Id = 0x10676  Family = 6  Model = 17  Stepping = 6\n  Features=0xbfebfbff\u003cFPU,VME,DE,PSE,TSC,MSR,PAE,MCE,CX8,APIC,SEP,MTRR,PGE,MCA,CMOV,PAT,PSE36,CLFLUSH,DTS,ACPI,MMX,FXSR,SSE,SSE2,SS,HTT,TM,PBE\u003e\n  Features2=0x8e3fd\u003cSSE3,DTES64,MON,DS_CPL,VMX,SMX,EST,TM2,SSSE3,CX16,xTPR,PDCM,SSE4.1\u003e\n  AMD Features=0x20100800\u003cSYSCALL,NX,LM\u003e\n  AMD Features2=0x1\u003cLAHF\u003e\n  TSC: P-state invariant\nreal memory  = 4294967296 (4096 MB)\navail memory = 4103532544 (3913 MB)\nACPI APIC Table: \u003cA_M_I_ OEMAPIC \u003e\nFreeBSD/SMP: Multiprocessor System Detected: 2 CPUs\nFreeBSD/SMP: 1 package(s) x 2 core(s)\n cpu0 (BSP): APIC ID:  0\n cpu1 (AP): APIC ID:  1\nioapic0 \u003cVersion 2.0\u003e irqs 0-23 on motherboard\nkbd1 at kbdmux0\ncryptosoft0: \u003csoftware crypto\u003e on motherboard\nacpi0: \u003cA_M_I_ OEMXSDT\u003e on motherboard\nacpi0: [ITHREAD]\nacpi0: Power Button (fixed)\nacpi0: reservation of fed08000, 1000 (3) failed\nacpi0: reservation of fed1c000, 4000 (3) failed\nacpi0: reservation of fed20000, 20000 (3) failed\nacpi0: reservation of fed50000, 40000 (3) failed\nacpi0: reservation of ffc00000, 200000 (3) failed\nacpi0: reservation of fec00000, 1000 (3) failed\nacpi0: reservation of fee00000, 1000 (3) failed\nacpi0: reservation of e0000000, 10000000 (3) failed\nacpi0: reservation of 0, a0000 (3) failed\nacpi0: reservation of 100000, cff00000 (3) failed\nTimecounter \"ACPI-fast\" frequency 3579545 Hz quality 1000\nacpi_timer0: \u003c24-bit timer at 3.579545MHz\u003e port 0x808-0x80b on acpi0\ncpu0: \u003cACPI CPU\u003e on acpi0\ncpu1: \u003cACPI CPU\u003e on acpi0\nacpi_hpet0: \u003cHigh Precision Event Timer\u003e iomem 0xfed00000-0xfed003ff on acpi0\nTimecounter \"HPET\" frequency 14318180 Hz quality 900\npcib0: \u003cACPI Host-PCI bridge\u003e port 0xcf8-0xcff on acpi0\npci0: \u003cACPI PCI bus\u003e on pcib0\npcib1: \u003cACPI PCI-PCI bridge\u003e irq 16 at device 1.0 on pci0\npci1: \u003cACPI PCI bus\u003e on pcib1\nvgapci0: \u003cVGA-compatible display\u003e port 0xc000-0xc0ff mem 0xd0000000-0xdfffffff,0xfe7e0000-0xfe7effff irq 16 at device 0.0 on pci1\ndrm0: \u003cATI Radeon 4800 Series\u003e on vgapci0\ninfo: [drm] MSI enabled 1 message(s)\nvgapci0: child drm0 requested pci_enable_busmaster\ninfo: [drm] Initialized radeon 1.31.0 20080613\nhdac0: \u003cATI RV770 High Definition Audio Controller\u003e mem 0xfe7fc000-0xfe7fffff irq 17 at device 0.1 on pci1\nhdac0: HDA Driver Revision: 20100226_0142\nhdac0: [ITHREAD]\nuhci0: \u003cIntel 82801JI (ICH10) USB controller USB-D\u003e port 0xb800-0xb81f irq 16 at device 26.0 on pci0\nuhci0: [ITHREAD]\nusbus0: \u003cIntel 82801JI (ICH10) USB controller USB-D\u003e on uhci0\nuhci1: \u003cIntel 82801JI (ICH10) USB controller USB-E\u003e port 0xb880-0xb89f irq 21 at device 26.1 on pci0\nuhci1: [ITHREAD]\nusbus1: \u003cIntel 82801JI (ICH10) USB controller USB-E\u003e on uhci1\nuhci2: \u003cIntel 82801JI (ICH10) USB controller USB-F\u003e port 0xbc00-0xbc1f irq 19 at device 26.2 on pci0\nuhci2: [ITHREAD]\nusbus2: \u003cIntel 82801JI (ICH10) USB controller USB-F\u003e on uhci2\nehci0: \u003cIntel 82801JI (ICH10) USB 2.0 controller USB-B\u003e mem 0xfe6ffc00-0xfe6fffff irq 18 at device 26.7 on pci0\nehci0: [ITHREAD]\nusbus3: EHCI version 1.0\nusbus3: \u003cIntel 82801JI (ICH10) USB 2.0 controller USB-B\u003e on ehci0\nhdac1: \u003cIntel 82801JI High Definition Audio Controller\u003e mem 0xfe6f8000-0xfe6fbfff irq 22 at device 27.0 on pci0\nhdac1: HDA Driver Revision: 20100226_0142\nhdac1: [ITHREAD]\npcib2: \u003cACPI PCI-PCI bridge\u003e irq 17 at device 28.0 on pci0\npci4: \u003cACPI PCI bus\u003e on pcib2\npcib3: \u003cACPI PCI-PCI bridge\u003e at device 0.0 on pci4\npci6: \u003cACPI PCI bus\u003e on pcib3\npcib4: \u003cACPI PCI-PCI bridge\u003e mem 0xfeaffc00-0xfeaffc7f irq 16 at device 0.1 on pci4\npci5: \u003cACPI PCI bus\u003e on pcib4\npcib5: \u003cACPI PCI-PCI bridge\u003e irq 16 at device 28.3 on pci0\npci3: \u003cACPI PCI bus\u003e on pcib5\natapci0: \u003cMarvell 88SX6121 UDMA133 controller\u003e port 0xec00-0xec07,0xe880-0xe883,0xe800-0xe807,0xe480-0xe483,0xe400-0xe40f mem 0xfe9ffc00-0xfe9fffff irq 19 at device 0.0 on pci3\natapci0: [ITHREAD]\nahci0: \u003cMarvell 88SX6121 AHCI SATA controller\u003e on atapci0\nahci0: [ITHREAD]\nahci0: AHCI v1.00 with 2 3Gbps ports, Port Multiplier supported\nahcich0: \u003cAHCI channel\u003e at channel 0 on ahci0\nahcich0: [ITHREAD]\nahcich1: \u003cAHCI channel\u003e at channel 1 on ahci0\nahcich1: [ITHREAD]\nata2: \u003cATA channel 0\u003e on atapci0\nata2: [ITHREAD]\npcib6: \u003cACPI PCI-PCI bridge\u003e irq 17 at device 28.4 on pci0\npci2: \u003cACPI PCI bus\u003e on pcib6\nre0: \u003cRealTek 8168/8111 B/C/CP/D/DP/E PCIe Gigabit Ethernet\u003e port 0xd800-0xd8ff mem 0xfe8ff000-0xfe8fffff,0xfdef0000-0xfdefffff irq 16 at device 0.0 on pci2\nre0: Using 1 MSI messages\nre0: Chip rev. 0x3c000000\nre0: MAC rev. 0x00400000\nmiibus0: \u003cMII bus\u003e on re0\nrgephy0: \u003cRTL8169S/8110S/8211B media interface\u003e PHY 1 on miibus0\nrgephy0:  10baseT, 10baseT-FDX, 100baseTX, 100baseTX-FDX, 1000baseT, 1000baseT-FDX, auto\nre0: Ethernet address: 00:XX:XX:XX:XX:XX\nre0: [FILTER]\nuhci3: \u003cIntel 82801JI (ICH10) USB controller USB-A\u003e port 0xb080-0xb09f irq 23 at device 29.0 on pci0\nuhci3: [ITHREAD]\nusbus4: \u003cIntel 82801JI (ICH10) USB controller USB-A\u003e on uhci3\nuhci4: \u003cIntel 82801JI (ICH10) USB controller USB-B\u003e port 0xb400-0xb41f irq 20 at device 29.1 on pci0\nuhci4: [ITHREAD]\nusbus5: \u003cIntel 82801JI (ICH10) USB controller USB-B\u003e on uhci4\nuhci5: \u003cIntel 82801JI (ICH10) USB controller USB-C\u003e port 0xb480-0xb49f irq 18 at device 29.2 on pci0\nuhci5: [ITHREAD]\nusbus6: \u003cIntel 82801JI (ICH10) USB controller USB-C\u003e on uhci5\nehci1: \u003cIntel 82801JI (ICH10) USB 2.0 controller USB-A\u003e mem 0xfe6ff800-0xfe6ffbff irq 23 at device 29.7 on pci0\nehci1: [ITHREAD]\nusbus7: EHCI version 1.0\nusbus7: \u003cIntel 82801JI (ICH10) USB 2.0 controller USB-A\u003e on ehci1\npcib7: \u003cACPI PCI-PCI bridge\u003e at device 30.0 on pci0\npci7: \u003cACPI PCI bus\u003e on pcib7\nfwohci0: \u003cLucent FW322/323\u003e mem 0xfebff000-0xfebfffff irq 19 at device 4.0 on pci7\nfwohci0: [ITHREAD]\nfwohci0: OHCI version 1.0 (ROM=1)\nfwohci0: No. of Isochronous channels is 8.\nfwohci0: EUI64 00:1e:8c:00:01:5b:e8:8a\nfwohci0: Phy 1394a available S400, 2 ports.\nfwohci0: Link S400, max_rec 2048 bytes.\nfirewire0: \u003cIEEE1394(FireWire) bus\u003e on fwohci0\nsbp0: \u003cSBP-2/SCSI over FireWire\u003e on firewire0\ndcons_crom0: \u003cdcons configuration ROM\u003e on firewire0\ndcons_crom0: bus_addr 0x1b44000\nfwohci0: Initiate bus reset\nfwohci0: fwohci_intr_core: BUS reset\nfwohci0: fwohci_intr_core: node_id=0x00000000, SelfID Count=1, CYCLEMASTER mode\nisab0: \u003cPCI-ISA bridge\u003e at device 31.0 on pci0\nisa0: \u003cISA bus\u003e on isab0\nahci1: \u003cIntel ICH10 AHCI SATA controller\u003e port 0xac00-0xac07,0xa880-0xa883,0xa800-0xa807,0xa480-0xa483,0xa400-0xa41f mem 0xfe6fe800-0xfe6fefff irq 19 at device 31.2 on pci0\nahci1: [ITHREAD]\nahci1: AHCI v1.20 with 6 3Gbps ports, Port Multiplier supported\nahcich2: \u003cAHCI channel\u003e at channel 0 on ahci1\nahcich2: [ITHREAD]\nahcich3: \u003cAHCI channel\u003e at channel 1 on ahci1\nahcich3: [ITHREAD]\nahcich4: \u003cAHCI channel\u003e at channel 2 on ahci1\nahcich4: [ITHREAD]\nahcich5: \u003cAHCI channel\u003e at channel 3 on ahci1\nahcich5: [ITHREAD]\nahcich6: \u003cAHCI channel\u003e at channel 4 on ahci1\nahcich6: [ITHREAD]\nahcich7: \u003cAHCI channel\u003e at channel 5 on ahci1\nahcich7: [ITHREAD]\nichsmb0: \u003cIntel 82801JI (ICH10) SMBus controller\u003e port 0x400-0x41f mem 0xfe6ff400-0xfe6ff4ff irq 18 at device 31.3 on pci0\nichsmb0: [ITHREAD]\nsmbus0: \u003cSystem Management Bus\u003e on ichsmb0\nsmb0: \u003cSMBus generic I/O\u003e on smbus0\nacpi_button0: \u003cPower Button\u003e on acpi0\natrtc0: \u003cAT realtime clock\u003e port 0x70-0x71 irq 8 on acpi0\nsc0: \u003cSystem console\u003e at flags 0x100 on isa0\nsc0: VGA \u003c8 virtual consoles, flags=0x300\u003e\nvga0: \u003cGeneric ISA VGA\u003e at port 0x3c0-0x3df iomem 0xa0000-0xbffff on isa0\nfb0 at vga0\natkbdc0: \u003cKeyboard controller (i8042)\u003e at port 0x60,0x64 on isa0\natkbd0: \u003cAT Keyboard\u003e irq 1 on atkbdc0\nkbd0 at atkbd0\natkbd0: [GIANT-LOCKED]\natkbd0: [ITHREAD]\ncoretemp0: \u003cCPU On-Die Thermal Sensors\u003e on cpu0\ncoretemp1: \u003cCPU On-Die Thermal Sensors\u003e on cpu1\nTimecounters tick every 1.000 msec\nIPsec: Initialized Security Association Processing.\nfirewire0: 1 nodes, maxhop \u003c= 0 cable IRM irm(0)  (me) \nfirewire0: bus manager 0 \nhdac0: HDA Codec #0: ATI R6xx HDMI\nusbus0: 12Mbps Full Speed USB v1.0\nusbus1: 12Mbps Full Speed USB v1.0\nusbus2: 12Mbps Full Speed USB v1.0\nusbus3: 480Mbps High Speed USB v2.0\nusbus4: 12Mbps Full Speed USB v1.0\nusbus5: 12Mbps Full Speed USB v1.0\nusbus6: 12Mbps Full Speed USB v1.0\nusbus7: 480Mbps High Speed USB v2.0\npcm0: \u003cHDA ATI R6xx HDMI PCM #0 HDMI\u003e at cad 0 nid 1 on hdac0\nhdac1: HDA Codec #0: Realtek ALC888\npcm1: \u003cHDA Realtek ALC888 PCM #0 Analog\u003e at cad 0 nid 1 on hdac1\npcm2: \u003cHDA Realtek ALC888 PCM #1 Analog\u003e at cad 0 nid 1 on hdac1\npcm3: \u003cHDA Realtek ALC888 PCM #2 Digital\u003e at cad 0 nid 1 on hdac1\npcm4: \u003cHDA Realtek ALC888 PCM #3 Digital\u003e at cad 0 nid 1 on hdac1\nugen0.1: \u003cIntel\u003e at usbus0\nuhub0: \u003cIntel UHCI root HUB, class 9/0, rev 1.00/1.00, addr 1\u003e on usbus0\nugen1.1: \u003cIntel\u003e at usbus1\nuhub1: \u003cIntel UHCI root HUB, class 9/0, rev 1.00/1.00, addr 1\u003e on usbus1\nugen2.1: \u003cIntel\u003e at usbus2\nuhub2: \u003cIntel UHCI root HUB, class 9/0, rev 1.00/1.00, addr 1\u003e on usbus2\nugen3.1: \u003cIntel\u003e at usbus3\nuhub3: \u003cIntel EHCI root HUB, class 9/0, rev 2.00/1.00, addr 1\u003e on usbus3\nugen4.1: \u003cIntel\u003e at usbus4\nuhub4: \u003cIntel UHCI root HUB, class 9/0, rev 1.00/1.00, addr 1\u003e on usbus4\nugen5.1: \u003cIntel\u003e at usbus5\nuhub5: \u003cIntel UHCI root HUB, class 9/0, rev 1.00/1.00, addr 1\u003e on usbus5\nugen6.1: \u003cIntel\u003e at usbus6\nuhub6: \u003cIntel UHCI root HUB, class 9/0, rev 1.00/1.00, addr 1\u003e on usbus6\nugen7.1: \u003cIntel\u003e at usbus7\nuhub7: \u003cIntel EHCI root HUB, class 9/0, rev 2.00/1.00, addr 1\u003e on usbus7\nuhub0: 2 ports with 2 removable, self powered\nuhub1: 2 ports with 2 removable, self powered\nuhub2: 2 ports with 2 removable, self powered\nuhub4: 2 ports with 2 removable, self powered\nuhub5: 2 ports with 2 removable, self powered\nuhub6: 2 ports with 2 removable, self powered\nuhub3: 6 ports with 6 removable, self powered\nuhub7: 6 ports with 6 removable, self powered\nada0 at ahcich2 bus 0 scbus4 target 0 lun 0\nada0: \u003cWDC WD5001AALS-00L3B2 01.03B01\u003e ATA-8 SATA 2.x device\nada0: 300.000MB/s transfers (SATA 2.x, UDMA6, PIO 8192bytes)\nada0: Command Queueing enabled\nada0: 476940MB (976773168 512 byte sectors: 16H 63S/T 16383C)\nada1 at ahcich3 bus 0 scbus5 target 0 lun 0\nada1: \u003cWDC WD1001FALS-00J7B0 05.00K05\u003e ATA-8 SATA 2.x device\nada1: 300.000MB/s transfers (SATA 2.x, UDMA6, PIO 8192bytes)\nada1: Command Queueing enabled\nada1: 953869MB (1953525168 512 byte sectors: 16H 63S/T 16383C)\nada2 at ahcich4 bus 0 scbus6 target 0 lun 0\nada2: \u003cWDC WD1001FALS-00J7B0 05.00K05\u003e ATA-8 SATA 2.x device\nada2: 300.000MB/s transfers (SATA 2.x, UDMA6, PIO 8192bytes)\nada2: Command Queueing enabled\nada2: 953869MB (1953525168 512 byte sectors: 16H 63S/T 16383C)\nada3 at ahcich5 bus 0 scbus7 target 0 lun 0\nada3: \u003cWDC WD20EURS-63Z9B1 80.00A80\u003e ATA-8 SATA 2.x device\nada3: 300.000MB/s transfers (SATA 2.x, UDMA6, PIO 8192bytes)\nada3: Command Queueing enabled\nada3: 1907729MB (3907029168 512 byte sectors: 16H 63S/T 16383C)\nada4 at ahcich6 bus 0 scbus8 target 0 lun 0\nada4: \u003cHDT722525DLA380 V44OA96A\u003e ATA-7 SATA 2.x device\nada4: 300.000MB/s transfers (SATA 2.x, UDMA6, PIO 8192bytes)\nada4: Command Queueing enabled\nada4: 238475MB (488397168 512 byte sectors: 16H 63S/T 16383C)\nSMP: AP CPU #1 Launched!\ncd0 at ahcich7 bus 0 scbus9 target 0 lun 0\ncd0: \u003cHL-DT-ST DVDRAM GH22LS50 TL02\u003e Removable CD-ROM SCSI-0 device \ncd0: 150.000MB/s transfers (SATA 1.x, UDMA5, ATAPI 12bytes, PIO 8192bytes)\ncd0: Attempt to query device size failed: NOT READY, Medium not present - tray closed\nRoot mount waiting for: usbus7\nugen7.2: \u003cvendor 0x0424\u003e at usbus7\nuhub8: \u003cvendor 0x0424 product 0x2504, class 9/0, rev 2.00/0.01, addr 2\u003e on usbus7\nuhub8: 4 ports with 4 removable, self powered\nRoot mount waiting for: usbus7\nugen5.2: \u003cvendor 0x046a\u003e at usbus5\nukbd0: \u003cvendor 0x046a product 0x0023, class 0/0, rev 2.00/2.20, addr 2\u003e on usbus5\nkbd2 at ukbd0\nuhid0: \u003cvendor 0x046a product 0x0023, class 0/0, rev 2.00/2.20, addr 2\u003e on usbus5\nugen7.3: \u003cChicony Electronics Co., Ltd.\u003e at usbus7\nTrying to mount root from ufs:/dev/ada0s1a\nZFS filesystem version 4\nZFS storage pool version 15\nugen6.2: \u003cLogitech\u003e at usbus6\nums0: \u003cLogitech G9x Laser Mouse, class 0/0, rev 2.00/58.00, addr 2\u003e on usbus6\nums0: 16 buttons and [XYZT] coordinates ID=0\nukbd1: \u003cLogitech G9x Laser Mouse, class 0/0, rev 2.00/58.00, addr 2\u003e on usbus6\nkbd3 at ukbd1\nvboxdrv: fAsync=0 offMin=0x2e2 offMax=0xd5c\nmodule_register: module ng_ether already exists!\nModule ng_ether failed to register: 17\npf: started\naltq: started\nre0: link state changed to UP\ninfo: [drm] Setting GART location based on new memory map\ninfo: [drm] Loading RV770/RV790 Microcode\ninfo: [drm] Resetting GPU\ninfo: [drm] writeback test succeeded in 1 usecs\ndrm0: [ITHREAD]"
}